Java HotSpot(TM) 64-Bit Server VM (25.65-b01) for bsd-amd64 JRE (1.8.0_65-b17), built on Oct  6 2015 15:36:46 by "java_re" with gcc 4.2.1 (Based on Apple Inc. build 5658) (LLVM build 2336.11.00)
Memory: 4k page, physical 16777216k(440308k free)

/proc/meminfo:

CommandLine flags: -XX:G1LogLevel=finest -XX:InitialHeapSize=268435456 -XX:MaxHeapSize=4294967296 -XX:+PrintGC -XX:+PrintGCTimeStamps -XX:+UnlockCommercialFeatures -XX:+UnlockExperimentalVMOptions -XX:+UseCompressedClassPointers -XX:+UseCompressedOops -XX:+UseG1GC 
5.052: [GC pause (G1 Evacuation Pause) (young), 0.0069788 secs]
   [Parallel Time: 5.0 ms, GC Workers: 8]
      [GC Worker Start (ms):  5052.3  5052.3  5052.3  5052.3  5052.3  5052.3  5052.4  5052.4
       Min: 5052.3, Avg: 5052.3, Max: 5052.4, Diff: 0.1]
      [Ext Root Scanning (ms):  1.6  0.5  0.6  0.5  0.5  0.8  0.5  0.5
       Min: 0.5, Avg: 0.7, Max: 1.6, Diff: 1.2, Sum: 5.4]
         [Thread Roots (ms):  0.0  0.4  0.5  0.3  0.3  0.8  0.3  0.4
          Min: 0.0, Avg: 0.4, Max: 0.8, Diff: 0.8, Sum: 3.0]
         [StringTable Roots (ms):  0.0  0.4  0.3  0.4  0.4  0.0  0.3  0.3
          Min: 0.0, Avg: 0.2, Max: 0.4, Diff: 0.4, Sum: 2.0]
         [Universe Roots (ms):  0.0  0.0  0.0  0.0  0.0  0.0  0.0  0.0
          Min: 0.0, Avg: 0.0, Max: 0.0, Diff: 0.0, Sum: 0.0]
         [JNI Handles Roots (ms):  0.0  0.0  0.0  0.0  0.0  0.0  0.0  0.0
          Min: 0.0, Avg: 0.0, Max: 0.0, Diff: 0.0, Sum: 0.0]
         [ObjectSynchronizer Roots (ms):  0.0  0.0  0.0  0.0  0.0  0.0  0.0  0.0
          Min: 0.0, Avg: 0.0, Max: 0.0, Diff: 0.0, Sum: 0.0]
         [FlatProfiler Roots (ms):  0.0  0.0  0.0  0.0  0.0  0.0  0.0  0.0
          Min: 0.0, Avg: 0.0, Max: 0.0, Diff: 0.0, Sum: 0.0]
         [Management Roots (ms):  0.0  0.0  0.0  0.0  0.0  0.0  0.0  0.0
          Min: 0.0, Avg: 0.0, Max: 0.0, Diff: 0.0, Sum: 0.0]
         [SystemDictionary Roots (ms):  0.0  0.0  0.0  0.0  0.0  0.0  0.1  0.0
          Min: 0.0, Avg: 0.0, Max: 0.1, Diff: 0.1, Sum: 0.1]
         [CLDG Roots (ms):  1.6  0.0  0.0  0.0  0.0  0.0  0.0  0.0
          Min: 0.0, Avg: 0.2, Max: 1.6, Diff: 1.6, Sum: 1.6]
         [JVMTI Roots (ms):  0.0  0.0  0.0  0.0  0.0  0.0  0.0  0.0
          Min: 0.0, Avg: 0.0, Max: 0.0, Diff: 0.0, Sum: 0.0]
         [CodeCache Roots (ms):  0.0  0.5  0.1  0.2  0.2  0.1  0.3  0.2
          Min: 0.0, Avg: 0.2, Max: 0.5, Diff: 0.5, Sum: 1.4]
         [CM RefProcessor Roots (ms):  0.0  0.0  0.0  0.0  0.0  0.0  0.0  0.0
          Min: 0.0, Avg: 0.0, Max: 0.0, Diff: 0.0, Sum: 0.0]
         [Wait For Strong CLD (ms):  0.0  0.0  0.0  0.0  0.0  0.0  0.0  0.0
          Min: 0.0, Avg: 0.0, Max: 0.0, Diff: 0.0, Sum: 0.0]
         [Weak CLD Roots (ms):  0.0  0.0  0.0  0.0  0.0  0.0  0.0  0.0
          Min: 0.0, Avg: 0.0, Max: 0.0, Diff: 0.0, Sum: 0.0]
         [SATB Filtering (ms):  0.0  0.0  0.0  0.0  0.0  0.0  0.0  0.0
          Min: 0.0, Avg: 0.0, Max: 0.0, Diff: 0.0, Sum: 0.0]
      [Update RS (ms):  0.0  0.0  0.0  0.0  0.0  0.0  0.0  0.0
       Min: 0.0, Avg: 0.0, Max: 0.0, Diff: 0.0, Sum: 0.0]
         [Processed Buffers:  0  0  0  0  0  0  0  0
          Min: 0, Avg: 0.0, Max: 0, Diff: 0, Sum: 0]
      [Scan RS (ms):  0.0  0.0  0.0  0.0  0.0  0.0  0.0  0.0
       Min: 0.0, Avg: 0.0, Max: 0.0, Diff: 0.0, Sum: 0.0]
      [Code Root Scanning (ms):  0.0  0.5  0.1  0.2  0.1  0.1  0.3  0.2
       Min: 0.0, Avg: 0.2, Max: 0.5, Diff: 0.5, Sum: 1.4]
      [Object Copy (ms):  3.2  3.9  4.2  4.2  4.2  3.9  4.1  4.2
       Min: 3.2, Avg: 4.0, Max: 4.2, Diff: 1.0, Sum: 31.8]
      [Termination (ms):  0.1  0.0  0.1  0.1  0.1  0.1  0.1  0.1
       Min: 0.0, Avg: 0.1, Max: 0.1, Diff: 0.1, Sum: 0.6]
         [Termination Attempts:  1  1  23  21  22  22  16  22
          Min: 1, Avg: 16.0, Max: 23, Diff: 22, Sum: 128]
      [GC Worker Other (ms):  0.0  0.0  0.0  0.0  0.0  0.0  0.0  0.0
       Min: 0.0, Avg: 0.0, Max: 0.0, Diff: 0.0, Sum: 0.1]
      [GC Worker Total (ms):  5.0  5.0  4.9  4.9  4.9  4.9  4.9  4.9
       Min: 4.9, Avg: 4.9, Max: 5.0, Diff: 0.1, Sum: 39.4]
      [GC Worker End (ms):  5057.2  5057.2  5057.2  5057.3  5057.3  5057.2  5057.2  5057.3
       Min: 5057.2, Avg: 5057.3, Max: 5057.3, Diff: 0.0]
   [Code Root Fixup: 0.2 ms]
   [Code Root Purge: 0.0 ms]
   [Clear CT: 0.1 ms]
   [Other: 1.5 ms]
      [Choose CSet: 0.0 ms]
      [Ref Proc: 1.2 ms]
      [Ref Enq: 0.0 ms]
      [Redirty Cards: 0.1 ms]
         [Parallel Redirty:  0.0  0.0  0.0  0.0  0.0  0.0  0.0  0.0
          Min: 0.0, Avg: 0.0, Max: 0.0, Diff: 0.0, Sum: 0.0]
         [Redirtied Cards:  2256  1407  0  0  0  0  0  0
          Min: 0, Avg: 457.9, Max: 2256, Diff: 2256, Sum: 3663]
      [Humongous Register: 0.0 ms]
         [Humongous Total: 0]
         [Humongous Candidate: 0]
      [Humongous Reclaim: 0.0 ms]
         [Humongous Reclaimed: 0]
      [Free CSet: 0.1 ms]
         [Young Free CSet: 0.1 ms]
         [Non-Young Free CSet: 0.0 ms]
   [Eden: 24.0M(24.0M)->0.0B(29.0M) Survivors: 0.0B->3072.0K Heap: 24.0M(256.0M)->7041.5K(256.0M)]
 [Times: user=0.04 sys=0.01, real=0.01 secs] 
5.209: [GC pause (G1 Evacuation Pause) (young), 0.0053974 secs]
   [Parallel Time: 4.5 ms, GC Workers: 8]
      [GC Worker Start (ms):  5209.2  5209.2  5209.2  5209.2  5209.2  5209.2  5209.4  5209.5
       Min: 5209.2, Avg: 5209.3, Max: 5209.5, Diff: 0.3]
      [Ext Root Scanning (ms):  1.2  0.2  0.2  0.2  0.2  0.2  0.1  0.0
       Min: 0.0, Avg: 0.3, Max: 1.2, Diff: 1.2, Sum: 2.2]
         [Thread Roots (ms):  0.0  0.1  0.1  0.0  0.1  0.0  0.0  0.0
          Min: 0.0, Avg: 0.0, Max: 0.1, Diff: 0.1, Sum: 0.3]
         [StringTable Roots (ms):  0.0  1.0  0.3  0.3  0.2  0.2  2.0  0.2
          Min: 0.0, Avg: 0.5, Max: 2.0, Diff: 2.0, Sum: 4.2]
         [Universe Roots (ms):  0.0  0.0  0.0  0.0  0.0  0.0  0.0  0.0
          Min: 0.0, Avg: 0.0, Max: 0.0, Diff: 0.0, Sum: 0.0]
         [JNI Handles Roots (ms):  0.0  0.0  0.0  0.0  0.0  0.0  0.0  0.0
          Min: 0.0, Avg: 0.0, Max: 0.0, Diff: 0.0, Sum: 0.0]
         [ObjectSynchronizer Roots (ms):  0.0  0.0  0.0  0.0  0.0  0.0  0.0  0.0
          Min: 0.0, Avg: 0.0, Max: 0.0, Diff: 0.0, Sum: 0.0]
         [FlatProfiler Roots (ms):  0.0  0.0  0.0  0.0  0.0  0.0  0.0  0.0
          Min: 0.0, Avg: 0.0, Max: 0.0, Diff: 0.0, Sum: 0.0]
         [Management Roots (ms):  0.0  0.0  0.0  0.0  0.0  0.0  0.0  0.0
          Min: 0.0, Avg: 0.0, Max: 0.0, Diff: 0.0, Sum: 0.0]
         [SystemDictionary Roots (ms):  0.0  0.0  0.0  0.0  0.0  0.1  0.0  0.0
          Min: 0.0, Avg: 0.0, Max: 0.1, Diff: 0.1, Sum: 0.1]
         [CLDG Roots (ms):  1.2  0.0  0.0  0.0  0.0  0.0  0.0  0.0
          Min: 0.0, Avg: 0.2, Max: 1.2, Diff: 1.2, Sum: 1.2]
         [JVMTI Roots (ms):  0.0  0.0  0.0  0.0  0.0  0.0  0.0  0.0
          Min: 0.0, Avg: 0.0, Max: 0.0, Diff: 0.0, Sum: 0.0]
         [CodeCache Roots (ms):  0.3  0.4  1.1  1.1  1.1  1.8  0.0  2.5
          Min: 0.0, Avg: 1.0, Max: 2.5, Diff: 2.5, Sum: 8.3]
         [CM RefProcessor Roots (ms):  0.0  0.0  0.0  0.0  0.0  0.0  0.0  0.0
          Min: 0.0, Avg: 0.0, Max: 0.0, Diff: 0.0, Sum: 0.0]
         [Wait For Strong CLD (ms):  0.0  0.0  0.0  0.0  0.0  0.0  0.0  0.0
          Min: 0.0, Avg: 0.0, Max: 0.0, Diff: 0.0, Sum: 0.0]
         [Weak CLD Roots (ms):  0.0  0.0  0.0  0.0  0.0  0.0  0.0  0.0
          Min: 0.0, Avg: 0.0, Max: 0.0, Diff: 0.0, Sum: 0.0]
         [SATB Filtering (ms):  0.0  0.0  0.0  0.0  0.0  0.0  0.0  0.0
          Min: 0.0, Avg: 0.0, Max: 0.0, Diff: 0.0, Sum: 0.0]
      [Update RS (ms):  0.0  0.0  0.3  0.5  0.4  0.4  0.0  0.5
       Min: 0.0, Avg: 0.3, Max: 0.5, Diff: 0.5, Sum: 2.1]
         [Processed Buffers:  0  0  9  2  2  1  0  2
          Min: 0, Avg: 2.0, Max: 9, Diff: 9, Sum: 16]
      [Scan RS (ms):  0.3  0.4  0.6  0.6  0.7  0.0  0.0  0.6
       Min: 0.0, Avg: 0.4, Max: 0.7, Diff: 0.7, Sum: 3.4]
      [Code Root Scanning (ms):  0.0  0.0  0.1  0.0  0.0  1.3  0.0  1.4
       Min: 0.0, Avg: 0.4, Max: 1.4, Diff: 1.4, Sum: 2.9]
      [Object Copy (ms):  2.8  3.7  3.1  3.0  3.0  2.3  4.0  1.5
       Min: 1.5, Avg: 2.9, Max: 4.0, Diff: 2.5, Sum: 23.4]
      [Termination (ms):  0.1  0.1  0.0  0.1  0.1  0.1  0.1  0.1
       Min: 0.0, Avg: 0.1, Max: 0.1, Diff: 0.1, Sum: 0.6]
         [Termination Attempts:  1  2  1  6  6  2  1  6
          Min: 1, Avg: 3.1, Max: 6, Diff: 5, Sum: 25]
      [GC Worker Other (ms):  0.0  0.0  0.0  0.0  0.0  0.0  0.0  0.0
       Min: 0.0, Avg: 0.0, Max: 0.0, Diff: 0.0, Sum: 0.1]
      [GC Worker Total (ms):  4.4  4.4  4.4  4.4  4.4  4.3  4.2  4.1
       Min: 4.1, Avg: 4.3, Max: 4.4, Diff: 0.3, Sum: 34.6]
      [GC Worker End (ms):  5213.6  5213.6  5213.6  5213.6  5213.6  5213.6  5213.6  5213.6
       Min: 5213.6, Avg: 5213.6, Max: 5213.6, Diff: 0.0]
   [Code Root Fixup: 0.3 ms]
   [Code Root Purge: 0.0 ms]
   [Clear CT: 0.1 ms]
   [Other: 0.5 ms]
      [Choose CSet: 0.0 ms]
      [Ref Proc: 0.2 ms]
      [Ref Enq: 0.0 ms]
      [Redirty Cards: 0.1 ms]
         [Parallel Redirty:  0.0  0.0  0.0  0.0  0.0  0.0  0.0  0.0
          Min: 0.0, Avg: 0.0, Max: 0.0, Diff: 0.0, Sum: 0.0]
         [Redirtied Cards:  5978  1608  0  0  0  0  0  0
          Min: 0, Avg: 948.2, Max: 5978, Diff: 5978, Sum: 7586]
      [Humongous Register: 0.0 ms]
         [Humongous Total: 0]
         [Humongous Candidate: 0]
      [Humongous Reclaim: 0.0 ms]
         [Humongous Reclaimed: 0]
      [Free CSet: 0.1 ms]
         [Young Free CSet: 0.1 ms]
         [Non-Young Free CSet: 0.0 ms]
   [Eden: 29.0M(29.0M)->0.0B(149.0M) Survivors: 3072.0K->4096.0K Heap: 35.9M(256.0M)->12.7M(256.0M)]
 [Times: user=0.03 sys=0.01, real=0.00 secs] 
5.613: [GC pause (G1 Evacuation Pause) (young), 0.0021277 secs]
   [Parallel Time: 1.3 ms, GC Workers: 8]
      [GC Worker Start (ms):  5613.3  5613.3  5613.3  5613.3  5613.3  5613.4  5613.6  5613.7
       Min: 5613.3, Avg: 5613.4, Max: 5613.7, Diff: 0.4]
      [Ext Root Scanning (ms):  0.3  0.2  0.2  0.2  0.2  0.2  0.0  0.0
       Min: 0.0, Avg: 0.2, Max: 0.3, Diff: 0.3, Sum: 1.3]
         [Thread Roots (ms):  0.0  0.1  0.0  0.1  0.1  0.0  0.0  0.0
          Min: 0.0, Avg: 0.0, Max: 0.1, Diff: 0.1, Sum: 0.3]
         [StringTable Roots (ms):  0.0  0.2  0.1  0.2  0.2  0.2  0.0  0.0
          Min: 0.0, Avg: 0.1, Max: 0.2, Diff: 0.2, Sum: 0.9]
         [Universe Roots (ms):  0.0  0.0  0.0  0.0  0.0  0.0  0.0  0.0
          Min: 0.0, Avg: 0.0, Max: 0.0, Diff: 0.0, Sum: 0.0]
         [JNI Handles Roots (ms):  0.0  0.0  0.0  0.0  0.0  0.0  0.0  0.0
          Min: 0.0, Avg: 0.0, Max: 0.0, Diff: 0.0, Sum: 0.0]
         [ObjectSynchronizer Roots (ms):  0.0  0.0  0.0  0.0  0.0  0.0  0.0  0.0
          Min: 0.0, Avg: 0.0, Max: 0.0, Diff: 0.0, Sum: 0.0]
         [FlatProfiler Roots (ms):  0.0  0.0  0.0  0.0  0.0  0.0  0.0  0.0
          Min: 0.0, Avg: 0.0, Max: 0.0, Diff: 0.0, Sum: 0.0]
         [Management Roots (ms):  0.0  0.0  0.0  0.0  0.0  0.0  0.0  0.0
          Min: 0.0, Avg: 0.0, Max: 0.0, Diff: 0.0, Sum: 0.0]
         [SystemDictionary Roots (ms):  0.0  0.0  0.1  0.0  0.0  0.0  0.0  0.0
          Min: 0.0, Avg: 0.0, Max: 0.1, Diff: 0.1, Sum: 0.1]
         [CLDG Roots (ms):  0.2  0.0  0.0  0.0  0.0  0.0  0.0  0.0
          Min: 0.0, Avg: 0.0, Max: 0.2, Diff: 0.2, Sum: 0.2]
         [JVMTI Roots (ms):  0.0  0.0  0.0  0.0  0.0  0.0  0.0  0.0
          Min: 0.0, Avg: 0.0, Max: 0.0, Diff: 0.0, Sum: 0.0]
         [CodeCache Roots (ms):  0.4  0.6  0.4  0.5  0.4  0.6  0.4  0.3
          Min: 0.3, Avg: 0.4, Max: 0.6, Diff: 0.3, Sum: 3.5]
         [CM RefProcessor Roots (ms):  0.0  0.0  0.0  0.0  0.0  0.0  0.0  0.0
          Min: 0.0, Avg: 0.0, Max: 0.0, Diff: 0.0, Sum: 0.0]
         [Wait For Strong CLD (ms):  0.0  0.0  0.0  0.0  0.0  0.0  0.0  0.0
          Min: 0.0, Avg: 0.0, Max: 0.0, Diff: 0.0, Sum: 0.0]
         [Weak CLD Roots (ms):  0.0  0.0  0.0  0.0  0.0  0.0  0.0  0.0
          Min: 0.0, Avg: 0.0, Max: 0.0, Diff: 0.0, Sum: 0.0]
         [SATB Filtering (ms):  0.0  0.0  0.0  0.0  0.0  0.0  0.0  0.0
          Min: 0.0, Avg: 0.0, Max: 0.0, Diff: 0.0, Sum: 0.0]
      [Update RS (ms):  0.4  0.6  0.3  0.3  0.4  0.3  0.4  0.1
       Min: 0.1, Avg: 0.3, Max: 0.6, Diff: 0.5, Sum: 2.7]
         [Processed Buffers:  2  1  8  1  1  5  1  10
          Min: 1, Avg: 3.6, Max: 10, Diff: 9, Sum: 29]
      [Scan RS (ms):  0.0  0.0  0.1  0.0  0.0  0.1  0.0  0.1
       Min: 0.0, Avg: 0.0, Max: 0.1, Diff: 0.1, Sum: 0.4]
      [Code Root Scanning (ms):  0.0  0.0  0.0  0.1  0.0  0.2  0.0  0.2
       Min: 0.0, Avg: 0.1, Max: 0.2, Diff: 0.2, Sum: 0.5]
      [Object Copy (ms):  0.6  0.4  0.6  0.5  0.6  0.4  0.6  0.5
       Min: 0.4, Avg: 0.5, Max: 0.6, Diff: 0.2, Sum: 4.1]
      [Termination (ms):  0.0  0.0  0.0  0.0  0.0  0.0  0.0  0.0
       Min: 0.0, Avg: 0.0, Max: 0.0, Diff: 0.0, Sum: 0.1]
         [Termination Attempts:  23  33  28  36  32  29  29  30
          Min: 23, Avg: 30.0, Max: 36, Diff: 13, Sum: 240]
      [GC Worker Other (ms):  0.0  0.0  0.0  0.0  0.0  0.0  0.0  0.0
       Min: 0.0, Avg: 0.0, Max: 0.0, Diff: 0.0, Sum: 0.1]
      [GC Worker Total (ms):  1.3  1.2  1.2  1.2  1.2  1.2  1.0  0.8
       Min: 0.8, Avg: 1.2, Max: 1.3, Diff: 0.4, Sum: 9.3]
      [GC Worker End (ms):  5614.6  5614.6  5614.6  5614.6  5614.6  5614.6  5614.6  5614.6
       Min: 5614.6, Avg: 5614.6, Max: 5614.6, Diff: 0.0]
   [Code Root Fixup: 0.1 ms]
   [Code Root Purge: 0.0 ms]
   [Clear CT: 0.1 ms]
   [Other: 0.5 ms]
      [Choose CSet: 0.0 ms]
      [Ref Proc: 0.1 ms]
      [Ref Enq: 0.0 ms]
      [Redirty Cards: 0.2 ms]
         [Parallel Redirty:  0.0  0.0  0.0  0.0  0.0  0.0  0.0  0.0
          Min: 0.0, Avg: 0.0, Max: 0.0, Diff: 0.0, Sum: 0.0]
         [Redirtied Cards:  153  0  0  0  0  0  0  0
          Min: 0, Avg: 19.1, Max: 153, Diff: 153, Sum: 153]
      [Humongous Register: 0.0 ms]
         [Humongous Total: 0]
         [Humongous Candidate: 0]
      [Humongous Reclaim: 0.0 ms]
         [Humongous Reclaimed: 0]
      [Free CSet: 0.1 ms]
         [Young Free CSet: 0.1 ms]
         [Non-Young Free CSet: 0.0 ms]
   [Eden: 149.0M(149.0M)->0.0B(152.0M) Survivors: 4096.0K->1024.0K Heap: 161.7M(256.0M)->9732.4K(256.0M)]
 [Times: user=0.01 sys=0.00, real=0.00 secs] 
5.922: [GC pause (G1 Evacuation Pause) (young), 0.0019019 secs]
   [Parallel Time: 1.3 ms, GC Workers: 8]
      [GC Worker Start (ms):  5922.4  5922.4  5922.4  5922.4  5922.4  5922.4  5923.4  5923.6
       Min: 5922.4, Avg: 5922.7, Max: 5923.6, Diff: 1.2]
      [Ext Root Scanning (ms):  0.3  0.3  0.3  0.2  0.2  0.2  0.0  0.0
       Min: 0.0, Avg: 0.2, Max: 0.3, Diff: 0.3, Sum: 1.5]
         [Thread Roots (ms):  0.0  0.1  0.1  0.1  0.1  0.0  0.0  0.0
          Min: 0.0, Avg: 0.0, Max: 0.1, Diff: 0.1, Sum: 0.4]
         [StringTable Roots (ms):  0.0  0.2  0.1  0.2  0.2  0.2  0.0  0.0
          Min: 0.0, Avg: 0.1, Max: 0.2, Diff: 0.2, Sum: 0.9]
         [Universe Roots (ms):  0.0  0.0  0.0  0.0  0.0  0.0  0.0  0.0
          Min: 0.0, Avg: 0.0, Max: 0.0, Diff: 0.0, Sum: 0.0]
         [JNI Handles Roots (ms):  0.0  0.0  0.0  0.0  0.0  0.0  0.0  0.0
          Min: 0.0, Avg: 0.0, Max: 0.0, Diff: 0.0, Sum: 0.0]
         [ObjectSynchronizer Roots (ms):  0.0  0.0  0.0  0.0  0.0  0.0  0.0  0.0
          Min: 0.0, Avg: 0.0, Max: 0.0, Diff: 0.0, Sum: 0.0]
         [FlatProfiler Roots (ms):  0.0  0.0  0.0  0.0  0.0  0.0  0.0  0.0
          Min: 0.0, Avg: 0.0, Max: 0.0, Diff: 0.0, Sum: 0.0]
         [Management Roots (ms):  0.0  0.0  0.0  0.0  0.0  0.0  0.0  0.0
          Min: 0.0, Avg: 0.0, Max: 0.0, Diff: 0.0, Sum: 0.0]
         [SystemDictionary Roots (ms):  0.0  0.0  0.1  0.0  0.0  0.0  0.0  0.0
          Min: 0.0, Avg: 0.0, Max: 0.1, Diff: 0.1, Sum: 0.1]
         [CLDG Roots (ms):  0.2  0.0  0.0  0.0  0.0  0.0  0.0  0.0
          Min: 0.0, Avg: 0.0, Max: 0.2, Diff: 0.2, Sum: 0.2]
         [JVMTI Roots (ms):  0.0  0.0  0.0  0.0  0.0  0.0  0.0  0.0
          Min: 0.0, Avg: 0.0, Max: 0.0, Diff: 0.0, Sum: 0.0]
         [CodeCache Roots (ms):  0.1  0.5  0.1  0.1  0.1  0.1  0.0  0.0
          Min: 0.0, Avg: 0.1, Max: 0.5, Diff: 0.5, Sum: 0.9]
         [CM RefProcessor Roots (ms):  0.0  0.0  0.0  0.0  0.0  0.0  0.0  0.0
          Min: 0.0, Avg: 0.0, Max: 0.0, Diff: 0.0, Sum: 0.0]
         [Wait For Strong CLD (ms):  0.0  0.0  0.0  0.0  0.0  0.0  0.0  0.0
          Min: 0.0, Avg: 0.0, Max: 0.0, Diff: 0.0, Sum: 0.0]
         [Weak CLD Roots (ms):  0.0  0.0  0.0  0.0  0.0  0.0  0.0  0.0
          Min: 0.0, Avg: 0.0, Max: 0.0, Diff: 0.0, Sum: 0.0]
         [SATB Filtering (ms):  0.0  0.0  0.0  0.0  0.0  0.0  0.0  0.0
          Min: 0.0, Avg: 0.0, Max: 0.0, Diff: 0.0, Sum: 0.0]
      [Update RS (ms):  0.1  0.0  0.1  0.0  0.0  0.1  0.0  0.0
       Min: 0.0, Avg: 0.0, Max: 0.1, Diff: 0.1, Sum: 0.4]
         [Processed Buffers:  1  4  3  2  4  1  0  0
          Min: 0, Avg: 1.9, Max: 4, Diff: 4, Sum: 15]
      [Scan RS (ms):  0.0  0.0  0.0  0.0  0.0  0.0  0.0  0.0
       Min: 0.0, Avg: 0.0, Max: 0.0, Diff: 0.0, Sum: 0.1]
      [Code Root Scanning (ms):  0.0  0.4  0.0  0.0  0.0  0.0  0.0  0.0
       Min: 0.0, Avg: 0.0, Max: 0.4, Diff: 0.4, Sum: 0.4]
      [Object Copy (ms):  0.8  0.4  0.8  0.8  0.8  0.8  0.1  0.0
       Min: 0.0, Avg: 0.5, Max: 0.8, Diff: 0.8, Sum: 4.4]
      [Termination (ms):  0.1  0.1  0.1  0.1  0.1  0.1  0.1  0.0
       Min: 0.0, Avg: 0.1, Max: 0.1, Diff: 0.1, Sum: 0.7]
         [Termination Attempts:  1  1  1  1  1  1  1  1
          Min: 1, Avg: 1.0, Max: 1, Diff: 0, Sum: 8]
      [GC Worker Other (ms):  0.0  0.0  0.0  0.0  0.0  0.0  0.0  0.0
       Min: 0.0, Avg: 0.0, Max: 0.0, Diff: 0.0, Sum: 0.1]
      [GC Worker Total (ms):  1.2  1.3  1.2  1.2  1.2  1.2  0.2  0.0
       Min: 0.0, Avg: 1.0, Max: 1.3, Diff: 1.2, Sum: 7.6]
      [GC Worker End (ms):  5923.6  5923.6  5923.6  5923.6  5923.6  5923.6  5923.6  5923.6
       Min: 5923.6, Avg: 5923.6, Max: 5923.6, Diff: 0.0]
   [Code Root Fixup: 0.1 ms]
   [Code Root Purge: 0.0 ms]
   [Clear CT: 0.1 ms]
   [Other: 0.4 ms]
      [Choose CSet: 0.0 ms]
      [Ref Proc: 0.2 ms]
      [Ref Enq: 0.0 ms]
      [Redirty Cards: 0.1 ms]
         [Parallel Redirty:  0.0  0.0  0.0  0.0  0.0  0.0  0.0  0.0
          Min: 0.0, Avg: 0.0, Max: 0.0, Diff: 0.0, Sum: 0.0]
         [Redirtied Cards:  163  0  0  0  0  0  0  0
          Min: 0, Avg: 20.4, Max: 163, Diff: 163, Sum: 163]
      [Humongous Register: 0.0 ms]
         [Humongous Total: 0]
         [Humongous Candidate: 0]
      [Humongous Reclaim: 0.0 ms]
         [Humongous Reclaimed: 0]
      [Free CSet: 0.1 ms]
         [Young Free CSet: 0.1 ms]
         [Non-Young Free CSet: 0.0 ms]
   [Eden: 152.0M(152.0M)->0.0B(151.0M) Survivors: 1024.0K->2048.0K Heap: 161.5M(256.0M)->10.2M(256.0M)]
 [Times: user=0.01 sys=0.00, real=0.00 secs] 
6.202: [GC pause (G1 Evacuation Pause) (young), 0.0024335 secs]
   [Parallel Time: 1.8 ms, GC Workers: 8]
      [GC Worker Start (ms):  6202.4  6202.4  6202.4  6202.4  6202.4  6204.1  6204.1  6204.1
       Min: 6202.4, Avg: 6203.0, Max: 6204.1, Diff: 1.7]
      [Ext Root Scanning (ms):  0.3  0.3  0.2  0.2  0.2  0.0  0.0  0.0
       Min: 0.0, Avg: 0.2, Max: 0.3, Diff: 0.3, Sum: 1.3]
         [Thread Roots (ms):  0.0  0.1  0.1  0.1  0.1  0.0  0.0  0.0
          Min: 0.0, Avg: 0.0, Max: 0.1, Diff: 0.1, Sum: 0.3]
         [StringTable Roots (ms):  0.1  0.2  0.2  0.2  0.2  0.0  0.0  0.0
          Min: 0.0, Avg: 0.1, Max: 0.2, Diff: 0.2, Sum: 0.8]
         [Universe Roots (ms):  0.0  0.0  0.0  0.0  0.0  0.0  0.0  0.0
          Min: 0.0, Avg: 0.0, Max: 0.0, Diff: 0.0, Sum: 0.0]
         [JNI Handles Roots (ms):  0.0  0.0  0.0  0.0  0.0  0.0  0.0  0.0
          Min: 0.0, Avg: 0.0, Max: 0.0, Diff: 0.0, Sum: 0.0]
         [ObjectSynchronizer Roots (ms):  0.0  0.0  0.0  0.0  0.0  0.0  0.0  0.0
          Min: 0.0, Avg: 0.0, Max: 0.0, Diff: 0.0, Sum: 0.0]
         [FlatProfiler Roots (ms):  0.0  0.0  0.0  0.0  0.0  0.0  0.0  0.0
          Min: 0.0, Avg: 0.0, Max: 0.0, Diff: 0.0, Sum: 0.0]
         [Management Roots (ms):  0.0  0.0  0.0  0.0  0.0  0.0  0.0  0.0
          Min: 0.0, Avg: 0.0, Max: 0.0, Diff: 0.0, Sum: 0.0]
         [SystemDictionary Roots (ms):  0.0  0.1  0.0  0.0  0.0  0.0  0.0  0.0
          Min: 0.0, Avg: 0.0, Max: 0.1, Diff: 0.1, Sum: 0.1]
         [CLDG Roots (ms):  0.2  0.0  0.0  0.0  0.0  0.0  0.0  0.0
          Min: 0.0, Avg: 0.0, Max: 0.2, Diff: 0.2, Sum: 0.2]
         [JVMTI Roots (ms):  0.0  0.0  0.0  0.0  0.0  0.0  0.0  0.0
          Min: 0.0, Avg: 0.0, Max: 0.0, Diff: 0.0, Sum: 0.0]
         [CodeCache Roots (ms):  0.1  0.1  0.5  0.1  0.1  0.0  0.0  0.0
          Min: 0.0, Avg: 0.1, Max: 0.5, Diff: 0.5, Sum: 0.9]
         [CM RefProcessor Roots (ms):  0.0  0.0  0.0  0.0  0.0  0.0  0.0  0.0
          Min: 0.0, Avg: 0.0, Max: 0.0, Diff: 0.0, Sum: 0.0]
         [Wait For Strong CLD (ms):  0.0  0.0  0.0  0.0  0.0  0.0  0.0  0.0
          Min: 0.0, Avg: 0.0, Max: 0.0, Diff: 0.0, Sum: 0.0]
         [Weak CLD Roots (ms):  0.0  0.0  0.0  0.0  0.0  0.0  0.0  0.0
          Min: 0.0, Avg: 0.0, Max: 0.0, Diff: 0.0, Sum: 0.0]
         [SATB Filtering (ms):  0.0  0.0  0.0  0.0  0.0  0.0  0.0  0.0
          Min: 0.0, Avg: 0.0, Max: 0.0, Diff: 0.0, Sum: 0.0]
      [Update RS (ms):  0.1  0.1  0.1  0.1  0.1  0.0  0.0  0.0
       Min: 0.0, Avg: 0.0, Max: 0.1, Diff: 0.1, Sum: 0.4]
         [Processed Buffers:  3  1  1  6  4  0  0  0
          Min: 0, Avg: 1.9, Max: 6, Diff: 6, Sum: 15]
      [Scan RS (ms):  0.0  0.0  0.0  0.0  0.0  0.0  0.0  0.0
       Min: 0.0, Avg: 0.0, Max: 0.0, Diff: 0.0, Sum: 0.1]
      [Code Root Scanning (ms):  0.0  0.0  0.4  0.0  0.0  0.0  0.0  0.0
       Min: 0.0, Avg: 0.1, Max: 0.4, Diff: 0.4, Sum: 0.4]
      [Object Copy (ms):  1.2  1.2  0.8  1.2  1.2  0.0  0.0  0.0
       Min: 0.0, Avg: 0.7, Max: 1.2, Diff: 1.2, Sum: 5.5]
      [Termination (ms):  0.1  0.1  0.1  0.1  0.1  0.0  0.0  0.0
       Min: 0.0, Avg: 0.1, Max: 0.1, Diff: 0.1, Sum: 0.7]
         [Termination Attempts:  1  2  1  1  1  1  1  1
          Min: 1, Avg: 1.1, Max: 2, Diff: 1, Sum: 9]
      [GC Worker Other (ms):  0.0  0.0  0.0  0.0  0.0  0.0  0.0  0.0
       Min: 0.0, Avg: 0.0, Max: 0.0, Diff: 0.0, Sum: 0.1]
      [GC Worker Total (ms):  1.7  1.7  1.7  1.7  1.7  0.0  0.0  0.0
       Min: 0.0, Avg: 1.1, Max: 1.7, Diff: 1.7, Sum: 8.5]
      [GC Worker End (ms):  6204.1  6204.1  6204.1  6204.1  6204.1  6204.1  6204.1  6204.1
       Min: 6204.1, Avg: 6204.1, Max: 6204.1, Diff: 0.0]
   [Code Root Fixup: 0.1 ms]
   [Code Root Purge: 0.0 ms]
   [Clear CT: 0.1 ms]
   [Other: 0.5 ms]
      [Choose CSet: 0.0 ms]
      [Ref Proc: 0.3 ms]
      [Ref Enq: 0.0 ms]
      [Redirty Cards: 0.1 ms]
         [Parallel Redirty:  0.0  0.0  0.0  0.0  0.0  0.0  0.0  0.0
          Min: 0.0, Avg: 0.0, Max: 0.0, Diff: 0.0, Sum: 0.0]
         [Redirtied Cards:  165  0  0  0  0  0  0  0
          Min: 0, Avg: 20.6, Max: 165, Diff: 165, Sum: 165]
      [Humongous Register: 0.0 ms]
         [Humongous Total: 0]
         [Humongous Candidate: 0]
      [Humongous Reclaim: 0.0 ms]
         [Humongous Reclaimed: 0]
      [Free CSet: 0.1 ms]
         [Young Free CSet: 0.1 ms]
         [Non-Young Free CSet: 0.0 ms]
   [Eden: 151.0M(151.0M)->0.0B(151.0M) Survivors: 2048.0K->2048.0K Heap: 161.2M(256.0M)->10.4M(256.0M)]
 [Times: user=0.01 sys=0.00, real=0.00 secs] 
6.473: [GC pause (G1 Evacuation Pause) (young), 0.0023788 secs]
   [Parallel Time: 1.8 ms, GC Workers: 8]
      [GC Worker Start (ms):  6472.6  6472.6  6472.7  6472.7  6472.7  6472.7  6473.9  6473.9
       Min: 6472.6, Avg: 6473.0, Max: 6473.9, Diff: 1.3]
      [Ext Root Scanning (ms):  0.3  0.3  0.3  0.3  0.2  0.2  0.0  0.0
       Min: 0.0, Avg: 0.2, Max: 0.3, Diff: 0.3, Sum: 1.6]
         [Thread Roots (ms):  0.0  0.1  0.1  0.3  0.1  0.0  0.0  0.0
          Min: 0.0, Avg: 0.1, Max: 0.3, Diff: 0.3, Sum: 0.6]
         [StringTable Roots (ms):  0.1  0.2  0.1  0.0  0.2  0.2  0.0  0.0
          Min: 0.0, Avg: 0.1, Max: 0.2, Diff: 0.2, Sum: 0.8]
         [Universe Roots (ms):  0.0  0.0  0.0  0.0  0.0  0.0  0.0  0.0
          Min: 0.0, Avg: 0.0, Max: 0.0, Diff: 0.0, Sum: 0.0]
         [JNI Handles Roots (ms):  0.0  0.0  0.0  0.0  0.0  0.0  0.0  0.0
          Min: 0.0, Avg: 0.0, Max: 0.0, Diff: 0.0, Sum: 0.0]
         [ObjectSynchronizer Roots (ms):  0.0  0.0  0.0  0.0  0.0  0.0  0.0  0.0
          Min: 0.0, Avg: 0.0, Max: 0.0, Diff: 0.0, Sum: 0.0]
         [FlatProfiler Roots (ms):  0.0  0.0  0.0  0.0  0.0  0.0  0.0  0.0
          Min: 0.0, Avg: 0.0, Max: 0.0, Diff: 0.0, Sum: 0.0]
         [Management Roots (ms):  0.0  0.0  0.0  0.0  0.0  0.0  0.0  0.0
          Min: 0.0, Avg: 0.0, Max: 0.0, Diff: 0.0, Sum: 0.0]
         [SystemDictionary Roots (ms):  0.0  0.0  0.1  0.0  0.0  0.0  0.0  0.0
          Min: 0.0, Avg: 0.0, Max: 0.1, Diff: 0.1, Sum: 0.1]
         [CLDG Roots (ms):  0.2  0.0  0.0  0.0  0.0  0.0  0.0  0.0
          Min: 0.0, Avg: 0.0, Max: 0.2, Diff: 0.2, Sum: 0.2]
         [JVMTI Roots (ms):  0.0  0.0  0.0  0.0  0.0  0.0  0.0  0.0
          Min: 0.0, Avg: 0.0, Max: 0.0, Diff: 0.0, Sum: 0.0]
         [CodeCache Roots (ms):  0.1  0.5  0.1  0.1  0.1  0.1  0.0  0.0
          Min: 0.0, Avg: 0.1, Max: 0.5, Diff: 0.5, Sum: 1.0]
         [CM RefProcessor Roots (ms):  0.0  0.0  0.0  0.0  0.0  0.0  0.0  0.0
          Min: 0.0, Avg: 0.0, Max: 0.0, Diff: 0.0, Sum: 0.0]
         [Wait For Strong CLD (ms):  0.0  0.0  0.0  0.0  0.0  0.0  0.0  0.0
          Min: 0.0, Avg: 0.0, Max: 0.0, Diff: 0.0, Sum: 0.0]
         [Weak CLD Roots (ms):  0.0  0.0  0.0  0.0  0.0  0.0  0.0  0.0
          Min: 0.0, Avg: 0.0, Max: 0.0, Diff: 0.0, Sum: 0.0]
         [SATB Filtering (ms):  0.0  0.0  0.0  0.0  0.0  0.0  0.0  0.0
          Min: 0.0, Avg: 0.0, Max: 0.0, Diff: 0.0, Sum: 0.0]
      [Update RS (ms):  0.0  0.1  0.0  0.0  0.1  0.1  0.0  0.0
       Min: 0.0, Avg: 0.0, Max: 0.1, Diff: 0.1, Sum: 0.4]
         [Processed Buffers:  1  1  5  4  1  1  0  0
          Min: 0, Avg: 1.6, Max: 5, Diff: 5, Sum: 13]
      [Scan RS (ms):  0.0  0.0  0.0  0.0  0.0  0.0  0.0  0.0
       Min: 0.0, Avg: 0.0, Max: 0.0, Diff: 0.0, Sum: 0.1]
      [Code Root Scanning (ms):  0.0  0.4  0.0  0.0  0.0  0.0  0.0  0.0
       Min: 0.0, Avg: 0.1, Max: 0.4, Diff: 0.4, Sum: 0.5]
      [Object Copy (ms):  1.3  0.9  1.3  1.2  1.3  1.3  0.4  0.4
       Min: 0.4, Avg: 1.0, Max: 1.3, Diff: 1.0, Sum: 8.1]
      [Termination (ms):  0.1  0.1  0.1  0.1  0.0  0.1  0.1  0.1
       Min: 0.0, Avg: 0.1, Max: 0.1, Diff: 0.1, Sum: 0.6]
         [Termination Attempts:  1  1  1  1  1  1  1  1
          Min: 1, Avg: 1.0, Max: 1, Diff: 0, Sum: 8]
      [GC Worker Other (ms):  0.0  0.0  0.0  0.0  0.0  0.0  0.0  0.0
       Min: 0.0, Avg: 0.0, Max: 0.0, Diff: 0.0, Sum: 0.1]
      [GC Worker Total (ms):  1.7  1.8  1.7  1.7  1.7  1.7  0.5  0.5
       Min: 0.5, Avg: 1.4, Max: 1.8, Diff: 1.3, Sum: 11.3]
      [GC Worker End (ms):  6474.4  6474.4  6474.4  6474.4  6474.4  6474.4  6474.4  6474.4
       Min: 6474.4, Avg: 6474.4, Max: 6474.4, Diff: 0.0]
   [Code Root Fixup: 0.1 ms]
   [Code Root Purge: 0.0 ms]
   [Clear CT: 0.1 ms]
   [Other: 0.4 ms]
      [Choose CSet: 0.0 ms]
      [Ref Proc: 0.2 ms]
      [Ref Enq: 0.0 ms]
      [Redirty Cards: 0.1 ms]
         [Parallel Redirty:  0.0  0.0  0.0  0.0  0.0  0.0  0.0  0.0
          Min: 0.0, Avg: 0.0, Max: 0.0, Diff: 0.0, Sum: 0.0]
         [Redirtied Cards:  170  0  0  0  0  0  0  0
          Min: 0, Avg: 21.2, Max: 170, Diff: 170, Sum: 170]
      [Humongous Register: 0.0 ms]
         [Humongous Total: 0]
         [Humongous Candidate: 0]
      [Humongous Reclaim: 0.0 ms]
         [Humongous Reclaimed: 0]
      [Free CSet: 0.1 ms]
         [Young Free CSet: 0.1 ms]
         [Non-Young Free CSet: 0.0 ms]
   [Eden: 151.0M(151.0M)->0.0B(150.0M) Survivors: 2048.0K->3072.0K Heap: 161.4M(256.0M)->11.1M(256.0M)]
 [Times: user=0.01 sys=0.00, real=0.00 secs] 
6.740: [GC pause (G1 Evacuation Pause) (young), 0.0036187 secs]
   [Parallel Time: 2.8 ms, GC Workers: 8]
      [GC Worker Start (ms):  6740.1  6740.1  6740.1  6740.1  6740.1  6742.6  6742.7  6742.7
       Min: 6740.1, Avg: 6741.1, Max: 6742.7, Diff: 2.7]
      [Ext Root Scanning (ms):  0.3  0.3  1.5  0.3  0.3  0.0  0.0  0.0
       Min: 0.0, Avg: 0.3, Max: 1.5, Diff: 1.5, Sum: 2.7]
         [Thread Roots (ms):  0.0  0.1  1.5  0.1  0.1  0.0  0.0  0.0
          Min: 0.0, Avg: 0.2, Max: 1.5, Diff: 1.5, Sum: 1.7]
         [StringTable Roots (ms):  0.1  0.2  0.0  0.2  0.2  0.0  0.0  0.0
          Min: 0.0, Avg: 0.1, Max: 0.2, Diff: 0.2, Sum: 0.8]
         [Universe Roots (ms):  0.0  0.0  0.0  0.0  0.0  0.0  0.0  0.0
          Min: 0.0, Avg: 0.0, Max: 0.0, Diff: 0.0, Sum: 0.0]
         [JNI Handles Roots (ms):  0.0  0.0  0.0  0.0  0.0  0.0  0.0  0.0
          Min: 0.0, Avg: 0.0, Max: 0.0, Diff: 0.0, Sum: 0.0]
         [ObjectSynchronizer Roots (ms):  0.0  0.0  0.0  0.0  0.0  0.0  0.0  0.0
          Min: 0.0, Avg: 0.0, Max: 0.0, Diff: 0.0, Sum: 0.0]
         [FlatProfiler Roots (ms):  0.0  0.0  0.0  0.0  0.0  0.0  0.0  0.0
          Min: 0.0, Avg: 0.0, Max: 0.0, Diff: 0.0, Sum: 0.0]
         [Management Roots (ms):  0.0  0.0  0.0  0.0  0.0  0.0  0.0  0.0
          Min: 0.0, Avg: 0.0, Max: 0.0, Diff: 0.0, Sum: 0.0]
         [SystemDictionary Roots (ms):  0.0  0.0  0.0  0.1  0.0  0.0  0.0  0.0
          Min: 0.0, Avg: 0.0, Max: 0.1, Diff: 0.1, Sum: 0.1]
         [CLDG Roots (ms):  0.2  0.0  0.0  0.0  0.0  0.0  0.0  0.0
          Min: 0.0, Avg: 0.0, Max: 0.2, Diff: 0.2, Sum: 0.2]
         [JVMTI Roots (ms):  0.0  0.0  0.0  0.0  0.0  0.0  0.0  0.0
          Min: 0.0, Avg: 0.0, Max: 0.0, Diff: 0.0, Sum: 0.0]
         [CodeCache Roots (ms):  0.7  0.1  0.0  0.1  0.1  0.0  0.0  0.0
          Min: 0.0, Avg: 0.1, Max: 0.7, Diff: 0.6, Sum: 1.1]
         [CM RefProcessor Roots (ms):  0.0  0.0  0.0  0.0  0.0  0.0  0.0  0.0
          Min: 0.0, Avg: 0.0, Max: 0.0, Diff: 0.0, Sum: 0.0]
         [Wait For Strong CLD (ms):  0.0  0.0  0.0  0.0  0.0  0.0  0.0  0.0
          Min: 0.0, Avg: 0.0, Max: 0.0, Diff: 0.0, Sum: 0.0]
         [Weak CLD Roots (ms):  0.0  0.0  0.0  0.0  0.0  0.0  0.0  0.0
          Min: 0.0, Avg: 0.0, Max: 0.0, Diff: 0.0, Sum: 0.0]
         [SATB Filtering (ms):  0.0  0.0  0.0  0.0  0.0  0.0  0.0  0.0
          Min: 0.0, Avg: 0.0, Max: 0.0, Diff: 0.0, Sum: 0.0]
      [Update RS (ms):  0.1  0.1  0.0  0.1  0.1  0.0  0.0  0.0
       Min: 0.0, Avg: 0.0, Max: 0.1, Diff: 0.1, Sum: 0.4]
         [Processed Buffers:  5  1  0  8  3  0  0  0
          Min: 0, Avg: 2.1, Max: 8, Diff: 8, Sum: 17]
      [Scan RS (ms):  0.0  0.0  0.0  0.0  0.0  0.0  0.0  0.0
       Min: 0.0, Avg: 0.0, Max: 0.0, Diff: 0.0, Sum: 0.1]
      [Code Root Scanning (ms):  0.5  0.0  0.0  0.0  0.0  0.0  0.0  0.0
       Min: 0.0, Avg: 0.1, Max: 0.5, Diff: 0.5, Sum: 0.5]
      [Object Copy (ms):  1.5  2.1  1.0  2.0  2.0  0.0  0.0  0.0
       Min: 0.0, Avg: 1.1, Max: 2.1, Diff: 2.1, Sum: 8.7]
      [Termination (ms):  0.2  0.2  0.2  0.2  0.2  0.1  0.1  0.0
       Min: 0.0, Avg: 0.1, Max: 0.2, Diff: 0.2, Sum: 1.1]
         [Termination Attempts:  1  1  2  1  1  1  1  1
          Min: 1, Avg: 1.1, Max: 2, Diff: 1, Sum: 9]
      [GC Worker Other (ms):  0.0  0.0  0.0  0.0  0.0  0.0  0.0  0.0
       Min: 0.0, Avg: 0.0, Max: 0.0, Diff: 0.0, Sum: 0.1]
      [GC Worker Total (ms):  2.7  2.7  2.7  2.7  2.6  0.1  0.1  0.0
       Min: 0.0, Avg: 1.7, Max: 2.7, Diff: 2.7, Sum: 13.6]
      [GC Worker End (ms):  6742.8  6742.7  6742.8  6742.8  6742.7  6742.8  6742.8  6742.7
       Min: 6742.7, Avg: 6742.8, Max: 6742.8, Diff: 0.0]
   [Code Root Fixup: 0.1 ms]
   [Code Root Purge: 0.0 ms]
   [Clear CT: 0.2 ms]
   [Other: 0.5 ms]
      [Choose CSet: 0.0 ms]
      [Ref Proc: 0.2 ms]
      [Ref Enq: 0.0 ms]
      [Redirty Cards: 0.2 ms]
         [Parallel Redirty:  0.0  0.0  0.0  0.0  0.0  0.0  0.0  0.0
          Min: 0.0, Avg: 0.0, Max: 0.0, Diff: 0.0, Sum: 0.0]
         [Redirtied Cards:  169  0  0  0  0  0  0  0
          Min: 0, Avg: 21.1, Max: 169, Diff: 169, Sum: 169]
      [Humongous Register: 0.0 ms]
         [Humongous Total: 0]
         [Humongous Candidate: 0]
      [Humongous Reclaim: 0.0 ms]
         [Humongous Reclaimed: 0]
      [Free CSet: 0.1 ms]
         [Young Free CSet: 0.1 ms]
         [Non-Young Free CSet: 0.0 ms]
   [Eden: 150.0M(150.0M)->0.0B(149.0M) Survivors: 3072.0K->4096.0K Heap: 161.1M(256.0M)->12.1M(256.0M)]
 [Times: user=0.02 sys=0.00, real=0.00 secs] 
6.968: [GC pause (G1 Evacuation Pause) (young), 0.0033005 secs]
   [Parallel Time: 2.7 ms, GC Workers: 8]
      [GC Worker Start (ms):  6968.3  6968.3  6968.3  6968.3  6968.3  6968.3  6968.4  6968.4
       Min: 6968.3, Avg: 6968.3, Max: 6968.4, Diff: 0.1]
      [Ext Root Scanning (ms):  0.3  0.3  0.3  0.3  0.3  0.2  0.3  0.2
       Min: 0.2, Avg: 0.3, Max: 0.3, Diff: 0.1, Sum: 2.1]
         [Thread Roots (ms):  0.0  0.1  0.3  0.1  0.2  0.1  0.0  0.0
          Min: 0.0, Avg: 0.1, Max: 0.3, Diff: 0.3, Sum: 0.9]
         [StringTable Roots (ms):  0.1  0.2  0.0  0.2  0.1  0.2  0.1  0.2
          Min: 0.0, Avg: 0.1, Max: 0.2, Diff: 0.2, Sum: 1.0]
         [Universe Roots (ms):  0.0  0.0  0.0  0.0  0.0  0.0  0.0  0.0
          Min: 0.0, Avg: 0.0, Max: 0.0, Diff: 0.0, Sum: 0.0]
         [JNI Handles Roots (ms):  0.0  0.0  0.0  0.0  0.0  0.0  0.0  0.0
          Min: 0.0, Avg: 0.0, Max: 0.0, Diff: 0.0, Sum: 0.0]
         [ObjectSynchronizer Roots (ms):  0.0  0.0  0.0  0.0  0.0  0.0  0.0  0.0
          Min: 0.0, Avg: 0.0, Max: 0.0, Diff: 0.0, Sum: 0.0]
         [FlatProfiler Roots (ms):  0.0  0.0  0.0  0.0  0.0  0.0  0.0  0.0
          Min: 0.0, Avg: 0.0, Max: 0.0, Diff: 0.0, Sum: 0.0]
         [Management Roots (ms):  0.0  0.0  0.0  0.0  0.0  0.0  0.0  0.0
          Min: 0.0, Avg: 0.0, Max: 0.0, Diff: 0.0, Sum: 0.0]
         [SystemDictionary Roots (ms):  0.0  0.0  0.0  0.0  0.0  0.0  0.1  0.0
          Min: 0.0, Avg: 0.0, Max: 0.1, Diff: 0.1, Sum: 0.1]
         [CLDG Roots (ms):  0.2  0.0  0.0  0.0  0.0  0.0  0.0  0.0
          Min: 0.0, Avg: 0.0, Max: 0.2, Diff: 0.2, Sum: 0.2]
         [JVMTI Roots (ms):  0.0  0.0  0.0  0.0  0.0  0.0  0.0  0.0
          Min: 0.0, Avg: 0.0, Max: 0.0, Diff: 0.0, Sum: 0.0]
         [CodeCache Roots (ms):  0.2  0.1  0.1  0.1  0.2  2.0  0.1  2.3
          Min: 0.1, Avg: 0.6, Max: 2.3, Diff: 2.2, Sum: 4.9]
         [CM RefProcessor Roots (ms):  0.0  0.0  0.0  0.0  0.0  0.0  0.0  0.0
          Min: 0.0, Avg: 0.0, Max: 0.0, Diff: 0.0, Sum: 0.0]
         [Wait For Strong CLD (ms):  0.0  0.0  0.0  0.0  0.0  0.0  0.0  0.0
          Min: 0.0, Avg: 0.0, Max: 0.0, Diff: 0.0, Sum: 0.0]
         [Weak CLD Roots (ms):  0.0  0.0  0.0  0.0  0.0  0.0  0.0  0.0
          Min: 0.0, Avg: 0.0, Max: 0.0, Diff: 0.0, Sum: 0.0]
         [SATB Filtering (ms):  0.0  0.0  0.0  0.0  0.0  0.0  0.0  0.0
          Min: 0.0, Avg: 0.0, Max: 0.0, Diff: 0.0, Sum: 0.0]
      [Update RS (ms):  0.2  0.1  0.0  0.1  0.2  1.9  0.0  0.1
       Min: 0.0, Avg: 0.3, Max: 1.9, Diff: 1.9, Sum: 2.5]
         [Processed Buffers:  1  1  3  1  1  0  3  1
          Min: 0, Avg: 1.4, Max: 3, Diff: 3, Sum: 11]
      [Scan RS (ms):  0.0  0.0  0.0  0.0  0.0  0.0  0.0  0.0
       Min: 0.0, Avg: 0.0, Max: 0.0, Diff: 0.0, Sum: 0.1]
      [Code Root Scanning (ms):  0.0  0.0  0.0  0.0  0.0  0.0  0.0  2.2
       Min: 0.0, Avg: 0.3, Max: 2.2, Diff: 2.2, Sum: 2.2]
      [Object Copy (ms):  1.7  1.8  1.8  1.8  1.7  0.0  1.8  0.0
       Min: 0.0, Avg: 1.3, Max: 1.8, Diff: 1.8, Sum: 10.7]
      [Termination (ms):  0.4  0.5  0.4  0.4  0.5  0.3  0.4  0.0
       Min: 0.0, Avg: 0.4, Max: 0.5, Diff: 0.5, Sum: 3.0]
         [Termination Attempts:  1  1  1  1  1  1  1  1
          Min: 1, Avg: 1.0, Max: 1, Diff: 0, Sum: 8]
      [GC Worker Other (ms):  0.0  0.0  0.0  0.0  0.0  0.0  0.0  0.0
       Min: 0.0, Avg: 0.0, Max: 0.0, Diff: 0.0, Sum: 0.1]
      [GC Worker Total (ms):  2.6  2.6  2.6  2.6  2.6  2.6  2.6  2.5
       Min: 2.5, Avg: 2.6, Max: 2.6, Diff: 0.1, Sum: 20.8]
      [GC Worker End (ms):  6970.9  6970.9  6970.9  6970.9  6970.9  6970.9  6970.9  6970.9
       Min: 6970.9, Avg: 6970.9, Max: 6970.9, Diff: 0.0]
   [Code Root Fixup: 0.1 ms]
   [Code Root Purge: 0.0 ms]
   [Clear CT: 0.1 ms]
   [Other: 0.4 ms]
      [Choose CSet: 0.0 ms]
      [Ref Proc: 0.2 ms]
      [Ref Enq: 0.0 ms]
      [Redirty Cards: 0.1 ms]
         [Parallel Redirty:  0.0  0.0  0.0  0.0  0.0  0.0  0.0  0.0
          Min: 0.0, Avg: 0.0, Max: 0.0, Diff: 0.0, Sum: 0.0]
         [Redirtied Cards:  169  0  0  0  0  0  0  0
          Min: 0, Avg: 21.1, Max: 169, Diff: 169, Sum: 169]
      [Humongous Register: 0.0 ms]
         [Humongous Total: 0]
         [Humongous Candidate: 0]
      [Humongous Reclaim: 0.0 ms]
         [Humongous Reclaimed: 0]
      [Free CSet: 0.1 ms]
         [Young Free CSet: 0.1 ms]
         [Non-Young Free CSet: 0.0 ms]
   [Eden: 149.0M(149.0M)->0.0B(148.0M) Survivors: 4096.0K->5120.0K Heap: 161.1M(256.0M)->13.2M(256.0M)]
 [Times: user=0.02 sys=0.01, real=0.00 secs] 
7.175: [GC pause (G1 Evacuation Pause) (young), 0.0026563 secs]
   [Parallel Time: 2.0 ms, GC Workers: 8]
      [GC Worker Start (ms):  7175.0  7175.0  7175.0  7175.0  7175.0  7175.0  7175.0  7175.0
       Min: 7175.0, Avg: 7175.0, Max: 7175.0, Diff: 0.1]
      [Ext Root Scanning (ms):  0.3  0.2  0.2  0.2  0.2  0.2  0.2  0.2
       Min: 0.2, Avg: 0.2, Max: 0.3, Diff: 0.1, Sum: 1.6]
         [Thread Roots (ms):  0.0  0.1  0.1  0.0  0.0  0.1  0.0  0.0
          Min: 0.0, Avg: 0.0, Max: 0.1, Diff: 0.1, Sum: 0.4]
         [StringTable Roots (ms):  0.0  0.1  0.2  0.2  0.2  0.1  0.1  0.2
          Min: 0.0, Avg: 0.1, Max: 0.2, Diff: 0.2, Sum: 1.0]
         [Universe Roots (ms):  0.0  0.0  0.0  0.0  0.0  0.0  0.0  0.0
          Min: 0.0, Avg: 0.0, Max: 0.0, Diff: 0.0, Sum: 0.0]
         [JNI Handles Roots (ms):  0.0  0.0  0.0  0.0  0.0  0.0  0.0  0.0
          Min: 0.0, Avg: 0.0, Max: 0.0, Diff: 0.0, Sum: 0.0]
         [ObjectSynchronizer Roots (ms):  0.0  0.0  0.0  0.0  0.0  0.0  0.0  0.0
          Min: 0.0, Avg: 0.0, Max: 0.0, Diff: 0.0, Sum: 0.0]
         [FlatProfiler Roots (ms):  0.0  0.0  0.0  0.0  0.0  0.0  0.0  0.0
          Min: 0.0, Avg: 0.0, Max: 0.0, Diff: 0.0, Sum: 0.0]
         [Management Roots (ms):  0.0  0.0  0.0  0.0  0.0  0.0  0.0  0.0
          Min: 0.0, Avg: 0.0, Max: 0.0, Diff: 0.0, Sum: 0.0]
         [SystemDictionary Roots (ms):  0.0  0.0  0.0  0.0  0.0  0.0  0.1  0.0
          Min: 0.0, Avg: 0.0, Max: 0.1, Diff: 0.1, Sum: 0.1]
         [CLDG Roots (ms):  0.3  0.0  0.0  0.0  0.0  0.0  0.0  0.0
          Min: 0.0, Avg: 0.0, Max: 0.3, Diff: 0.3, Sum: 0.3]
         [JVMTI Roots (ms):  0.0  0.0  0.0  0.0  0.0  0.0  0.0  0.0
          Min: 0.0, Avg: 0.0, Max: 0.0, Diff: 0.0, Sum: 0.0]
         [CodeCache Roots (ms):  0.1  0.1  0.3  0.1  0.1  0.1  0.3  0.1
          Min: 0.1, Avg: 0.1, Max: 0.3, Diff: 0.2, Sum: 1.1]
         [CM RefProcessor Roots (ms):  0.0  0.0  0.0  0.0  0.0  0.0  0.0  0.0
          Min: 0.0, Avg: 0.0, Max: 0.0, Diff: 0.0, Sum: 0.0]
         [Wait For Strong CLD (ms):  0.0  0.0  0.0  0.0  0.0  0.0  0.0  0.0
          Min: 0.0, Avg: 0.0, Max: 0.0, Diff: 0.0, Sum: 0.0]
         [Weak CLD Roots (ms):  0.0  0.0  0.0  0.0  0.0  0.0  0.0  0.0
          Min: 0.0, Avg: 0.0, Max: 0.0, Diff: 0.0, Sum: 0.0]
         [SATB Filtering (ms):  0.0  0.0  0.0  0.0  0.0  0.0  0.0  0.0
          Min: 0.0, Avg: 0.0, Max: 0.0, Diff: 0.0, Sum: 0.0]
      [Update RS (ms):  0.1  0.0  0.0  0.1  0.0  0.0  0.0  0.1
       Min: 0.0, Avg: 0.1, Max: 0.1, Diff: 0.1, Sum: 0.4]
         [Processed Buffers:  1  4  2  1  1  1  1  1
          Min: 1, Avg: 1.5, Max: 4, Diff: 3, Sum: 12]
      [Scan RS (ms):  0.0  0.0  0.0  0.0  0.0  0.0  0.0  0.0
       Min: 0.0, Avg: 0.0, Max: 0.0, Diff: 0.0, Sum: 0.1]
      [Code Root Scanning (ms):  0.0  0.0  0.2  0.0  0.0  0.1  0.3  0.0
       Min: 0.0, Avg: 0.1, Max: 0.3, Diff: 0.3, Sum: 0.6]
      [Object Copy (ms):  1.6  1.7  1.5  1.6  1.6  1.6  1.4  1.6
       Min: 1.4, Avg: 1.6, Max: 1.7, Diff: 0.3, Sum: 12.6]
      [Termination (ms):  0.0  0.0  0.0  0.0  0.0  0.0  0.0  0.0
       Min: 0.0, Avg: 0.0, Max: 0.0, Diff: 0.0, Sum: 0.1]
         [Termination Attempts:  1  1  1  1  1  1  1  1
          Min: 1, Avg: 1.0, Max: 1, Diff: 0, Sum: 8]
      [GC Worker Other (ms):  0.0  0.0  0.0  0.0  0.0  0.0  0.0  0.0
       Min: 0.0, Avg: 0.0, Max: 0.0, Diff: 0.0, Sum: 0.2]
      [GC Worker Total (ms):  2.0  2.0  2.0  1.9  1.9  1.9  1.9  1.9
       Min: 1.9, Avg: 1.9, Max: 2.0, Diff: 0.1, Sum: 15.5]
      [GC Worker End (ms):  7176.9  7177.0  7176.9  7176.9  7176.9  7176.9  7177.0  7177.0
       Min: 7176.9, Avg: 7176.9, Max: 7177.0, Diff: 0.0]
   [Code Root Fixup: 0.1 ms]
   [Code Root Purge: 0.0 ms]
   [Clear CT: 0.1 ms]
   [Other: 0.4 ms]
      [Choose CSet: 0.0 ms]
      [Ref Proc: 0.2 ms]
      [Ref Enq: 0.0 ms]
      [Redirty Cards: 0.1 ms]
         [Parallel Redirty:  0.0  0.0  0.0  0.0  0.0  0.0  0.0  0.0
          Min: 0.0, Avg: 0.0, Max: 0.0, Diff: 0.0, Sum: 0.0]
         [Redirtied Cards:  169  0  0  0  0  0  0  0
          Min: 0, Avg: 21.1, Max: 169, Diff: 169, Sum: 169]
      [Humongous Register: 0.0 ms]
         [Humongous Total: 0]
         [Humongous Candidate: 0]
      [Humongous Reclaim: 0.0 ms]
         [Humongous Reclaimed: 0]
      [Free CSet: 0.1 ms]
         [Young Free CSet: 0.1 ms]
         [Non-Young Free CSet: 0.0 ms]
   [Eden: 148.0M(148.0M)->0.0B(147.0M) Survivors: 5120.0K->6144.0K Heap: 161.2M(256.0M)->14.3M(256.0M)]
 [Times: user=0.01 sys=0.00, real=0.01 secs] 
7.375: [GC pause (G1 Evacuation Pause) (young), 0.0031538 secs]
   [Parallel Time: 2.5 ms, GC Workers: 8]
      [GC Worker Start (ms):  7375.0  7375.0  7375.0  7375.0  7375.1  7375.1  7375.1  7375.1
       Min: 7375.0, Avg: 7375.0, Max: 7375.1, Diff: 0.1]
      [Ext Root Scanning (ms):  0.3  0.2  0.2  0.4  0.2  0.2  0.2  0.2
       Min: 0.2, Avg: 0.2, Max: 0.4, Diff: 0.2, Sum: 1.9]
         [Thread Roots (ms):  0.0  0.1  0.1  0.4  0.0  0.0  0.0  0.0
          Min: 0.0, Avg: 0.1, Max: 0.4, Diff: 0.4, Sum: 0.7]
         [StringTable Roots (ms):  0.0  0.2  0.1  0.0  0.1  0.2  0.2  0.2
          Min: 0.0, Avg: 0.1, Max: 0.2, Diff: 0.2, Sum: 0.9]
         [Universe Roots (ms):  0.0  0.0  0.0  0.0  0.0  0.0  0.0  0.0
          Min: 0.0, Avg: 0.0, Max: 0.0, Diff: 0.0, Sum: 0.0]
         [JNI Handles Roots (ms):  0.0  0.0  0.0  0.0  0.0  0.0  0.0  0.0
          Min: 0.0, Avg: 0.0, Max: 0.0, Diff: 0.0, Sum: 0.0]
         [ObjectSynchronizer Roots (ms):  0.0  0.0  0.0  0.0  0.0  0.0  0.0  0.0
          Min: 0.0, Avg: 0.0, Max: 0.0, Diff: 0.0, Sum: 0.0]
         [FlatProfiler Roots (ms):  0.0  0.0  0.0  0.0  0.0  0.0  0.0  0.0
          Min: 0.0, Avg: 0.0, Max: 0.0, Diff: 0.0, Sum: 0.0]
         [Management Roots (ms):  0.0  0.0  0.0  0.0  0.0  0.0  0.0  0.0
          Min: 0.0, Avg: 0.0, Max: 0.0, Diff: 0.0, Sum: 0.0]
         [SystemDictionary Roots (ms):  0.0  0.0  0.0  0.0  0.1  0.0  0.0  0.0
          Min: 0.0, Avg: 0.0, Max: 0.1, Diff: 0.1, Sum: 0.1]
         [CLDG Roots (ms):  0.3  0.0  0.0  0.0  0.0  0.0  0.0  0.0
          Min: 0.0, Avg: 0.0, Max: 0.3, Diff: 0.3, Sum: 0.3]
         [JVMTI Roots (ms):  0.0  0.0  0.0  0.0  0.0  0.0  0.0  0.0
          Min: 0.0, Avg: 0.0, Max: 0.0, Diff: 0.0, Sum: 0.0]
         [CodeCache Roots (ms):  2.2  0.1  0.1  0.0  0.2  0.3  0.1  0.1
          Min: 0.0, Avg: 0.4, Max: 2.2, Diff: 2.2, Sum: 3.1]
         [CM RefProcessor Roots (ms):  0.0  0.0  0.0  0.0  0.0  0.0  0.0  0.0
          Min: 0.0, Avg: 0.0, Max: 0.0, Diff: 0.0, Sum: 0.0]
         [Wait For Strong CLD (ms):  0.0  0.0  0.0  0.0  0.0  0.0  0.0  0.0
          Min: 0.0, Avg: 0.0, Max: 0.0, Diff: 0.0, Sum: 0.0]
         [Weak CLD Roots (ms):  0.0  0.0  0.0  0.0  0.0  0.0  0.0  0.0
          Min: 0.0, Avg: 0.0, Max: 0.0, Diff: 0.0, Sum: 0.0]
         [SATB Filtering (ms):  0.0  0.0  0.0  0.0  0.0  0.0  0.0  0.0
          Min: 0.0, Avg: 0.0, Max: 0.0, Diff: 0.0, Sum: 0.0]
      [Update RS (ms):  0.0  0.0  0.1  0.0  0.0  0.0  0.1  0.1
       Min: 0.0, Avg: 0.1, Max: 0.1, Diff: 0.1, Sum: 0.4]
         [Processed Buffers:  1  3  1  0  7  1  1  2
          Min: 0, Avg: 2.0, Max: 7, Diff: 7, Sum: 16]
      [Scan RS (ms):  0.0  0.0  0.0  0.0  0.0  0.0  0.0  0.0
       Min: 0.0, Avg: 0.0, Max: 0.0, Diff: 0.0, Sum: 0.1]
      [Code Root Scanning (ms):  2.1  0.0  0.0  0.0  0.1  0.3  0.0  0.0
       Min: 0.0, Avg: 0.3, Max: 2.1, Diff: 2.1, Sum: 2.5]
      [Object Copy (ms):  0.0  2.0  2.0  1.9  1.9  1.7  2.0  2.0
       Min: 0.0, Avg: 1.7, Max: 2.0, Diff: 2.0, Sum: 13.5]
      [Termination (ms):  0.0  0.2  0.2  0.2  0.2  0.2  0.2  0.2
       Min: 0.0, Avg: 0.1, Max: 0.2, Diff: 0.2, Sum: 1.2]
         [Termination Attempts:  1  1  1  1  1  1  1  1
          Min: 1, Avg: 1.0, Max: 1, Diff: 0, Sum: 8]
      [GC Worker Other (ms):  0.0  0.0  0.0  0.0  0.0  0.0  0.0  0.0
       Min: 0.0, Avg: 0.0, Max: 0.0, Diff: 0.0, Sum: 0.1]
      [GC Worker Total (ms):  2.5  2.5  2.5  2.5  2.5  2.4  2.4  2.4
       Min: 2.4, Avg: 2.5, Max: 2.5, Diff: 0.1, Sum: 19.6]
      [GC Worker End (ms):  7377.5  7377.5  7377.5  7377.5  7377.5  7377.5  7377.5  7377.5
       Min: 7377.5, Avg: 7377.5, Max: 7377.5, Diff: 0.0]
   [Code Root Fixup: 0.1 ms]
   [Code Root Purge: 0.0 ms]
   [Clear CT: 0.1 ms]
   [Other: 0.4 ms]
      [Choose CSet: 0.0 ms]
      [Ref Proc: 0.1 ms]
      [Ref Enq: 0.0 ms]
      [Redirty Cards: 0.1 ms]
         [Parallel Redirty:  0.0  0.0  0.0  0.0  0.0  0.0  0.0  0.0
          Min: 0.0, Avg: 0.0, Max: 0.0, Diff: 0.0, Sum: 0.0]
         [Redirtied Cards:  170  0  0  0  0  0  0  0
          Min: 0, Avg: 21.2, Max: 170, Diff: 170, Sum: 170]
      [Humongous Register: 0.0 ms]
         [Humongous Total: 0]
         [Humongous Candidate: 0]
      [Humongous Reclaim: 0.0 ms]
         [Humongous Reclaimed: 0]
      [Free CSet: 0.1 ms]
         [Young Free CSet: 0.1 ms]
         [Non-Young Free CSet: 0.0 ms]
   [Eden: 147.0M(147.0M)->0.0B(147.0M) Survivors: 6144.0K->6144.0K Heap: 161.3M(256.0M)->14.3M(256.0M)]
 [Times: user=0.02 sys=0.00, real=0.01 secs] 
7.576: [GC pause (G1 Evacuation Pause) (young), 0.0031055 secs]
   [Parallel Time: 2.4 ms, GC Workers: 8]
      [GC Worker Start (ms):  7575.7  7575.7  7575.8  7575.8  7575.8  7575.8  7575.8  7575.8
       Min: 7575.7, Avg: 7575.8, Max: 7575.8, Diff: 0.1]
      [Ext Root Scanning (ms):  0.3  0.3  0.2  0.2  0.2  0.2  0.2  0.2
       Min: 0.2, Avg: 0.2, Max: 0.3, Diff: 0.1, Sum: 1.7]
         [Thread Roots (ms):  0.0  0.1  0.1  0.0  0.1  0.0  0.0  0.0
          Min: 0.0, Avg: 0.0, Max: 0.1, Diff: 0.1, Sum: 0.3]
         [StringTable Roots (ms):  0.0  0.1  0.1  0.2  0.2  0.2  0.1  0.2
          Min: 0.0, Avg: 0.1, Max: 0.2, Diff: 0.2, Sum: 1.1]
         [Universe Roots (ms):  0.0  0.0  0.0  0.0  0.0  0.0  0.0  0.0
          Min: 0.0, Avg: 0.0, Max: 0.0, Diff: 0.0, Sum: 0.0]
         [JNI Handles Roots (ms):  0.0  0.0  0.0  0.0  0.0  0.0  0.0  0.0
          Min: 0.0, Avg: 0.0, Max: 0.0, Diff: 0.0, Sum: 0.0]
         [ObjectSynchronizer Roots (ms):  0.0  0.0  0.0  0.0  0.0  0.0  0.0  0.0
          Min: 0.0, Avg: 0.0, Max: 0.0, Diff: 0.0, Sum: 0.0]
         [FlatProfiler Roots (ms):  0.0  0.0  0.0  0.0  0.0  0.0  0.0  0.0
          Min: 0.0, Avg: 0.0, Max: 0.0, Diff: 0.0, Sum: 0.0]
         [Management Roots (ms):  0.0  0.0  0.0  0.0  0.0  0.0  0.0  0.0
          Min: 0.0, Avg: 0.0, Max: 0.0, Diff: 0.0, Sum: 0.0]
         [SystemDictionary Roots (ms):  0.0  0.1  0.0  0.0  0.0  0.0  0.0  0.0
          Min: 0.0, Avg: 0.0, Max: 0.1, Diff: 0.1, Sum: 0.1]
         [CLDG Roots (ms):  0.3  0.0  0.0  0.0  0.0  0.0  0.0  0.0
          Min: 0.0, Avg: 0.0, Max: 0.3, Diff: 0.3, Sum: 0.3]
         [JVMTI Roots (ms):  0.0  0.0  0.0  0.0  0.0  0.0  0.0  0.0
          Min: 0.0, Avg: 0.0, Max: 0.0, Diff: 0.0, Sum: 0.0]
         [CodeCache Roots (ms):  0.1  0.1  0.1  0.1  0.1  0.3  0.1  0.3
          Min: 0.1, Avg: 0.1, Max: 0.3, Diff: 0.3, Sum: 1.1]
         [CM RefProcessor Roots (ms):  0.0  0.0  0.0  0.0  0.0  0.0  0.0  0.0
          Min: 0.0, Avg: 0.0, Max: 0.0, Diff: 0.0, Sum: 0.0]
         [Wait For Strong CLD (ms):  0.0  0.0  0.0  0.0  0.0  0.0  0.0  0.0
          Min: 0.0, Avg: 0.0, Max: 0.0, Diff: 0.0, Sum: 0.0]
         [Weak CLD Roots (ms):  0.0  0.0  0.0  0.0  0.0  0.0  0.0  0.0
          Min: 0.0, Avg: 0.0, Max: 0.0, Diff: 0.0, Sum: 0.0]
         [SATB Filtering (ms):  0.0  0.0  0.0  0.0  0.0  0.0  0.0  0.0
          Min: 0.0, Avg: 0.0, Max: 0.0, Diff: 0.0, Sum: 0.0]
      [Update RS (ms):  0.0  0.0  0.1  0.0  0.1  0.0  0.1  0.0
       Min: 0.0, Avg: 0.1, Max: 0.1, Diff: 0.1, Sum: 0.4]
         [Processed Buffers:  2  4  1  1  1  4  1  1
          Min: 1, Avg: 1.9, Max: 4, Diff: 3, Sum: 15]
      [Scan RS (ms):  0.0  0.0  0.0  0.0  0.0  0.0  0.0  0.0
       Min: 0.0, Avg: 0.0, Max: 0.0, Diff: 0.0, Sum: 0.1]
      [Code Root Scanning (ms):  0.0  0.0  0.0  0.0  0.0  0.3  0.0  0.3
       Min: 0.0, Avg: 0.1, Max: 0.3, Diff: 0.3, Sum: 0.6]
      [Object Copy (ms):  2.0  2.0  1.9  2.0  1.9  1.7  2.0  1.7
       Min: 1.7, Avg: 1.9, Max: 2.0, Diff: 0.3, Sum: 15.2]
      [Termination (ms):  0.0  0.0  0.0  0.0  0.0  0.0  0.0  0.0
       Min: 0.0, Avg: 0.0, Max: 0.0, Diff: 0.0, Sum: 0.0]
         [Termination Attempts:  1  1  1  1  1  1  1  1
          Min: 1, Avg: 1.0, Max: 1, Diff: 0, Sum: 8]
      [GC Worker Other (ms):  0.1  0.0  0.0  0.1  0.0  0.0  0.0  0.0
       Min: 0.0, Avg: 0.0, Max: 0.1, Diff: 0.0, Sum: 0.2]
      [GC Worker Total (ms):  2.3  2.3  2.3  2.3  2.3  2.2  2.3  2.3
       Min: 2.2, Avg: 2.3, Max: 2.3, Diff: 0.1, Sum: 18.2]
      [GC Worker End (ms):  7578.1  7578.0  7578.0  7578.1  7578.0  7578.0  7578.1  7578.1
       Min: 7578.0, Avg: 7578.0, Max: 7578.1, Diff: 0.0]
   [Code Root Fixup: 0.1 ms]
   [Code Root Purge: 0.0 ms]
   [Clear CT: 0.2 ms]
   [Other: 0.4 ms]
      [Choose CSet: 0.0 ms]
      [Ref Proc: 0.1 ms]
      [Ref Enq: 0.0 ms]
      [Redirty Cards: 0.1 ms]
         [Parallel Redirty:  0.0  0.0  0.0  0.0  0.0  0.0  0.0  0.0
          Min: 0.0, Avg: 0.0, Max: 0.0, Diff: 0.0, Sum: 0.0]
         [Redirtied Cards:  162  8  0  0  0  0  0  0
          Min: 0, Avg: 21.2, Max: 162, Diff: 162, Sum: 170]
      [Humongous Register: 0.0 ms]
         [Humongous Total: 0]
         [Humongous Candidate: 0]
      [Humongous Reclaim: 0.0 ms]
         [Humongous Reclaimed: 0]
      [Free CSet: 0.1 ms]
         [Young Free CSet: 0.1 ms]
         [Non-Young Free CSet: 0.0 ms]
   [Eden: 147.0M(147.0M)->0.0B(144.0M) Survivors: 6144.0K->9216.0K Heap: 161.3M(256.0M)->17.0M(256.0M)]
 [Times: user=0.02 sys=0.00, real=0.01 secs] 
7.777: [GC pause (G1 Evacuation Pause) (young), 0.0032965 secs]
   [Parallel Time: 2.5 ms, GC Workers: 8]
      [GC Worker Start (ms):  7776.7  7776.7  7776.8  7776.8  7776.8  7776.8  7776.8  7776.8
       Min: 7776.7, Avg: 7776.8, Max: 7776.8, Diff: 0.1]
      [Ext Root Scanning (ms):  0.3  0.2  0.2  0.2  0.2  0.2  0.2  0.2
       Min: 0.2, Avg: 0.2, Max: 0.3, Diff: 0.1, Sum: 1.7]
         [Thread Roots (ms):  0.0  0.1  0.1  0.1  0.1  0.1  0.0  0.0
          Min: 0.0, Avg: 0.0, Max: 0.1, Diff: 0.1, Sum: 0.4]
         [StringTable Roots (ms):  0.0  0.2  0.2  0.1  0.2  0.1  0.2  0.2
          Min: 0.0, Avg: 0.1, Max: 0.2, Diff: 0.2, Sum: 1.1]
         [Universe Roots (ms):  0.0  0.0  0.0  0.0  0.0  0.0  0.0  0.0
          Min: 0.0, Avg: 0.0, Max: 0.0, Diff: 0.0, Sum: 0.0]
         [JNI Handles Roots (ms):  0.0  0.0  0.0  0.0  0.0  0.0  0.0  0.0
          Min: 0.0, Avg: 0.0, Max: 0.0, Diff: 0.0, Sum: 0.0]
         [ObjectSynchronizer Roots (ms):  0.0  0.0  0.0  0.0  0.0  0.0  0.0  0.0
          Min: 0.0, Avg: 0.0, Max: 0.0, Diff: 0.0, Sum: 0.0]
         [FlatProfiler Roots (ms):  0.0  0.0  0.0  0.0  0.0  0.0  0.0  0.0
          Min: 0.0, Avg: 0.0, Max: 0.0, Diff: 0.0, Sum: 0.0]
         [Management Roots (ms):  0.0  0.0  0.0  0.0  0.0  0.0  0.0  0.0
          Min: 0.0, Avg: 0.0, Max: 0.0, Diff: 0.0, Sum: 0.0]
         [SystemDictionary Roots (ms):  0.0  0.0  0.0  0.1  0.0  0.0  0.0  0.0
          Min: 0.0, Avg: 0.0, Max: 0.1, Diff: 0.1, Sum: 0.1]
         [CLDG Roots (ms):  0.3  0.0  0.0  0.0  0.0  0.0  0.0  0.0
          Min: 0.0, Avg: 0.0, Max: 0.3, Diff: 0.3, Sum: 0.3]
         [JVMTI Roots (ms):  0.0  0.0  0.0  0.0  0.0  0.0  0.0  0.0
          Min: 0.0, Avg: 0.0, Max: 0.0, Diff: 0.0, Sum: 0.0]
         [CodeCache Roots (ms):  0.3  0.1  0.2  0.1  0.1  0.1  0.2  0.2
          Min: 0.1, Avg: 0.2, Max: 0.3, Diff: 0.2, Sum: 1.2]
         [CM RefProcessor Roots (ms):  0.0  0.0  0.0  0.0  0.0  0.0  0.0  0.0
          Min: 0.0, Avg: 0.0, Max: 0.0, Diff: 0.0, Sum: 0.0]
         [Wait For Strong CLD (ms):  0.0  0.0  0.0  0.0  0.0  0.0  0.0  0.0
          Min: 0.0, Avg: 0.0, Max: 0.0, Diff: 0.0, Sum: 0.0]
         [Weak CLD Roots (ms):  0.0  0.0  0.0  0.0  0.0  0.0  0.0  0.0
          Min: 0.0, Avg: 0.0, Max: 0.0, Diff: 0.0, Sum: 0.0]
         [SATB Filtering (ms):  0.0  0.0  0.0  0.0  0.0  0.0  0.0  0.0
          Min: 0.0, Avg: 0.0, Max: 0.0, Diff: 0.0, Sum: 0.0]
      [Update RS (ms):  0.0  0.0  0.0  0.0  0.1  0.1  0.0  0.1
       Min: 0.0, Avg: 0.1, Max: 0.1, Diff: 0.1, Sum: 0.4]
         [Processed Buffers:  1  5  1  2  1  1  3  2
          Min: 1, Avg: 2.0, Max: 5, Diff: 4, Sum: 16]
      [Scan RS (ms):  0.0  0.0  0.0  0.0  0.0  0.0  0.0  0.0
       Min: 0.0, Avg: 0.0, Max: 0.0, Diff: 0.0, Sum: 0.1]
      [Code Root Scanning (ms):  0.2  0.0  0.1  0.0  0.0  0.0  0.2  0.2
       Min: 0.0, Avg: 0.1, Max: 0.2, Diff: 0.2, Sum: 0.7]
      [Object Copy (ms):  1.9  2.1  2.0  2.1  2.1  2.1  2.0  2.0
       Min: 1.9, Avg: 2.0, Max: 2.1, Diff: 0.2, Sum: 16.2]
      [Termination (ms):  0.0  0.0  0.0  0.0  0.0  0.0  0.0  0.0
       Min: 0.0, Avg: 0.0, Max: 0.0, Diff: 0.0, Sum: 0.0]
         [Termination Attempts:  1  1  1  1  1  1  1  1
          Min: 1, Avg: 1.0, Max: 1, Diff: 0, Sum: 8]
      [GC Worker Other (ms):  0.0  0.1  0.1  0.0  0.0  0.0  0.0  0.0
       Min: 0.0, Avg: 0.0, Max: 0.1, Diff: 0.0, Sum: 0.3]
      [GC Worker Total (ms):  2.4  2.5  2.5  2.4  2.4  2.4  2.4  2.4
       Min: 2.4, Avg: 2.4, Max: 2.5, Diff: 0.1, Sum: 19.4]
      [GC Worker End (ms):  7779.2  7779.2  7779.2  7779.2  7779.2  7779.2  7779.2  7779.2
       Min: 7779.2, Avg: 7779.2, Max: 7779.2, Diff: 0.1]
   [Code Root Fixup: 0.1 ms]
   [Code Root Purge: 0.0 ms]
   [Clear CT: 0.2 ms]
   [Other: 0.4 ms]
      [Choose CSet: 0.0 ms]
      [Ref Proc: 0.1 ms]
      [Ref Enq: 0.0 ms]
      [Redirty Cards: 0.1 ms]
         [Parallel Redirty:  0.0  0.0  0.0  0.0  0.0  0.0  0.0  0.0
          Min: 0.0, Avg: 0.0, Max: 0.0, Diff: 0.0, Sum: 0.0]
         [Redirtied Cards:  171  0  0  0  0  0  0  0
          Min: 0, Avg: 21.4, Max: 171, Diff: 171, Sum: 171]
      [Humongous Register: 0.0 ms]
         [Humongous Total: 0]
         [Humongous Candidate: 0]
      [Humongous Reclaim: 0.0 ms]
         [Humongous Reclaimed: 0]
      [Free CSet: 0.1 ms]
         [Young Free CSet: 0.1 ms]
         [Non-Young Free CSet: 0.0 ms]
   [Eden: 144.0M(144.0M)->0.0B(147.0M) Survivors: 9216.0K->6144.0K Heap: 161.0M(256.0M)->14.5M(256.0M)]
 [Times: user=0.02 sys=0.00, real=0.01 secs] 
7.993: [GC pause (G1 Evacuation Pause) (young), 0.0036581 secs]
   [Parallel Time: 2.9 ms, GC Workers: 8]
      [GC Worker Start (ms):  7993.2  7993.2  7993.3  7993.3  7993.3  7993.3  7993.3  7993.3
       Min: 7993.2, Avg: 7993.3, Max: 7993.3, Diff: 0.1]
      [Ext Root Scanning (ms):  0.3  0.3  0.2  0.2  0.2  0.2  0.2  0.2
       Min: 0.2, Avg: 0.2, Max: 0.3, Diff: 0.1, Sum: 1.8]
         [Thread Roots (ms):  0.0  0.1  0.1  0.1  0.1  0.1  0.1  0.0
          Min: 0.0, Avg: 0.1, Max: 0.1, Diff: 0.1, Sum: 0.5]
         [StringTable Roots (ms):  0.0  0.1  0.2  0.2  0.1  0.1  0.2  0.2
          Min: 0.0, Avg: 0.1, Max: 0.2, Diff: 0.1, Sum: 1.1]
         [Universe Roots (ms):  0.0  0.0  0.0  0.0  0.0  0.0  0.0  0.0
          Min: 0.0, Avg: 0.0, Max: 0.0, Diff: 0.0, Sum: 0.0]
         [JNI Handles Roots (ms):  0.0  0.0  0.0  0.0  0.0  0.0  0.0  0.0
          Min: 0.0, Avg: 0.0, Max: 0.0, Diff: 0.0, Sum: 0.0]
         [ObjectSynchronizer Roots (ms):  0.0  0.0  0.0  0.0  0.0  0.0  0.0  0.0
          Min: 0.0, Avg: 0.0, Max: 0.0, Diff: 0.0, Sum: 0.0]
         [FlatProfiler Roots (ms):  0.0  0.0  0.0  0.0  0.0  0.0  0.0  0.0
          Min: 0.0, Avg: 0.0, Max: 0.0, Diff: 0.0, Sum: 0.0]
         [Management Roots (ms):  0.0  0.0  0.0  0.0  0.0  0.0  0.0  0.0
          Min: 0.0, Avg: 0.0, Max: 0.0, Diff: 0.0, Sum: 0.0]
         [SystemDictionary Roots (ms):  0.0  0.0  0.0  0.0  0.0  0.1  0.0  0.0
          Min: 0.0, Avg: 0.0, Max: 0.1, Diff: 0.1, Sum: 0.1]
         [CLDG Roots (ms):  0.3  0.0  0.0  0.0  0.0  0.0  0.0  0.0
          Min: 0.0, Avg: 0.0, Max: 0.3, Diff: 0.3, Sum: 0.3]
         [JVMTI Roots (ms):  0.0  0.0  0.0  0.0  0.0  0.0  0.0  0.0
          Min: 0.0, Avg: 0.0, Max: 0.0, Diff: 0.0, Sum: 0.0]
         [CodeCache Roots (ms):  0.1  0.1  0.1  0.2  0.1  0.3  0.1  0.3
          Min: 0.1, Avg: 0.1, Max: 0.3, Diff: 0.2, Sum: 1.1]
         [CM RefProcessor Roots (ms):  0.0  0.0  0.0  0.0  0.0  0.0  0.0  0.0
          Min: 0.0, Avg: 0.0, Max: 0.0, Diff: 0.0, Sum: 0.0]
         [Wait For Strong CLD (ms):  0.0  0.0  0.0  0.0  0.0  0.0  0.0  0.0
          Min: 0.0, Avg: 0.0, Max: 0.0, Diff: 0.0, Sum: 0.0]
         [Weak CLD Roots (ms):  0.0  0.0  0.0  0.0  0.0  0.0  0.0  0.0
          Min: 0.0, Avg: 0.0, Max: 0.0, Diff: 0.0, Sum: 0.0]
         [SATB Filtering (ms):  0.0  0.0  0.0  0.0  0.0  0.0  0.0  0.0
          Min: 0.0, Avg: 0.0, Max: 0.0, Diff: 0.0, Sum: 0.0]
      [Update RS (ms):  0.1  0.0  0.1  0.0  0.0  0.0  0.1  0.0
       Min: 0.0, Avg: 0.1, Max: 0.1, Diff: 0.1, Sum: 0.4]
         [Processed Buffers:  1  1  1  1  2  5  1  1
          Min: 1, Avg: 1.6, Max: 5, Diff: 4, Sum: 13]
      [Scan RS (ms):  0.0  0.0  0.0  0.0  0.0  0.0  0.0  0.0
       Min: 0.0, Avg: 0.0, Max: 0.0, Diff: 0.0, Sum: 0.1]
      [Code Root Scanning (ms):  0.0  0.0  0.0  0.2  0.0  0.2  0.0  0.2
       Min: 0.0, Avg: 0.1, Max: 0.2, Diff: 0.2, Sum: 0.6]
      [Object Copy (ms):  2.4  2.5  2.5  2.3  2.5  2.3  2.4  2.3
       Min: 2.3, Avg: 2.4, Max: 2.5, Diff: 0.2, Sum: 19.1]
      [Termination (ms):  0.0  0.0  0.0  0.0  0.0  0.0  0.0  0.0
       Min: 0.0, Avg: 0.0, Max: 0.0, Diff: 0.0, Sum: 0.0]
         [Termination Attempts:  1  1  1  1  1  1  1  1
          Min: 1, Avg: 1.0, Max: 1, Diff: 0, Sum: 8]
      [GC Worker Other (ms):  0.0  0.0  0.0  0.0  0.0  0.0  0.0  0.0
       Min: 0.0, Avg: 0.0, Max: 0.0, Diff: 0.0, Sum: 0.2]
      [GC Worker Total (ms):  2.8  2.8  2.8  2.8  2.8  2.7  2.7  2.8
       Min: 2.7, Avg: 2.8, Max: 2.8, Diff: 0.1, Sum: 22.3]
      [GC Worker End (ms):  7996.1  7996.1  7996.1  7996.0  7996.1  7996.0  7996.0  7996.1
       Min: 7996.0, Avg: 7996.1, Max: 7996.1, Diff: 0.0]
   [Code Root Fixup: 0.2 ms]
   [Code Root Purge: 0.0 ms]
   [Clear CT: 0.1 ms]
   [Other: 0.5 ms]
      [Choose CSet: 0.0 ms]
      [Ref Proc: 0.2 ms]
      [Ref Enq: 0.0 ms]
      [Redirty Cards: 0.1 ms]
         [Parallel Redirty:  0.0  0.0  0.0  0.0  0.0  0.0  0.0  0.0
          Min: 0.0, Avg: 0.0, Max: 0.0, Diff: 0.0, Sum: 0.0]
         [Redirtied Cards:  169  0  0  0  0  0  0  0
          Min: 0, Avg: 21.1, Max: 169, Diff: 169, Sum: 169]
      [Humongous Register: 0.0 ms]
         [Humongous Total: 0]
         [Humongous Candidate: 0]
      [Humongous Reclaim: 0.0 ms]
         [Humongous Reclaimed: 0]
      [Free CSet: 0.1 ms]
         [Young Free CSet: 0.1 ms]
         [Non-Young Free CSet: 0.0 ms]
   [Eden: 147.0M(147.0M)->0.0B(145.0M) Survivors: 6144.0K->8192.0K Heap: 161.5M(256.0M)->16.1M(256.0M)]
 [Times: user=0.03 sys=0.00, real=0.01 secs] 
8.215: [GC pause (G1 Evacuation Pause) (young), 0.0035306 secs]
   [Parallel Time: 2.8 ms, GC Workers: 8]
      [GC Worker Start (ms):  8214.8  8214.8  8214.8  8214.9  8214.9  8214.9  8214.9  8214.9
       Min: 8214.8, Avg: 8214.9, Max: 8214.9, Diff: 0.1]
      [Ext Root Scanning (ms):  0.3  0.2  0.2  0.2  0.2  0.2  0.2  0.2
       Min: 0.2, Avg: 0.2, Max: 0.3, Diff: 0.1, Sum: 1.5]
         [Thread Roots (ms):  0.0  0.1  0.1  0.0  0.0  0.0  0.0  0.0
          Min: 0.0, Avg: 0.0, Max: 0.1, Diff: 0.1, Sum: 0.3]
         [StringTable Roots (ms):  0.0  0.1  0.2  0.2  0.1  0.2  0.2  0.2
          Min: 0.0, Avg: 0.1, Max: 0.2, Diff: 0.2, Sum: 1.1]
         [Universe Roots (ms):  0.0  0.0  0.0  0.0  0.0  0.0  0.0  0.0
          Min: 0.0, Avg: 0.0, Max: 0.0, Diff: 0.0, Sum: 0.0]
         [JNI Handles Roots (ms):  0.0  0.0  0.0  0.0  0.0  0.0  0.0  0.0
          Min: 0.0, Avg: 0.0, Max: 0.0, Diff: 0.0, Sum: 0.0]
         [ObjectSynchronizer Roots (ms):  0.0  0.0  0.0  0.0  0.0  0.0  0.0  0.0
          Min: 0.0, Avg: 0.0, Max: 0.0, Diff: 0.0, Sum: 0.0]
         [FlatProfiler Roots (ms):  0.0  0.0  0.0  0.0  0.0  0.0  0.0  0.0
          Min: 0.0, Avg: 0.0, Max: 0.0, Diff: 0.0, Sum: 0.0]
         [Management Roots (ms):  0.0  0.0  0.0  0.0  0.0  0.0  0.0  0.0
          Min: 0.0, Avg: 0.0, Max: 0.0, Diff: 0.0, Sum: 0.0]
         [SystemDictionary Roots (ms):  0.0  0.0  0.0  0.0  0.1  0.0  0.0  0.0
          Min: 0.0, Avg: 0.0, Max: 0.1, Diff: 0.1, Sum: 0.1]
         [CLDG Roots (ms):  0.3  0.0  0.0  0.0  0.0  0.0  0.0  0.0
          Min: 0.0, Avg: 0.0, Max: 0.3, Diff: 0.3, Sum: 0.3]
         [JVMTI Roots (ms):  0.0  0.0  0.0  0.0  0.0  0.0  0.0  0.0
          Min: 0.0, Avg: 0.0, Max: 0.0, Diff: 0.0, Sum: 0.0]
         [CodeCache Roots (ms):  0.1  0.2  0.3  0.1  0.1  0.3  0.2  0.1
          Min: 0.1, Avg: 0.2, Max: 0.3, Diff: 0.2, Sum: 1.2]
         [CM RefProcessor Roots (ms):  0.0  0.0  0.0  0.0  0.0  0.0  0.0  0.0
          Min: 0.0, Avg: 0.0, Max: 0.0, Diff: 0.0, Sum: 0.0]
         [Wait For Strong CLD (ms):  0.0  0.0  0.0  0.0  0.0  0.0  0.0  0.0
          Min: 0.0, Avg: 0.0, Max: 0.0, Diff: 0.0, Sum: 0.0]
         [Weak CLD Roots (ms):  0.0  0.0  0.0  0.0  0.0  0.0  0.0  0.0
          Min: 0.0, Avg: 0.0, Max: 0.0, Diff: 0.0, Sum: 0.0]
         [SATB Filtering (ms):  0.0  0.0  0.0  0.0  0.0  0.0  0.0  0.0
          Min: 0.0, Avg: 0.0, Max: 0.0, Diff: 0.0, Sum: 0.0]
      [Update RS (ms):  0.0  0.0  0.0  0.1  0.1  0.0  0.1  0.1
       Min: 0.0, Avg: 0.1, Max: 0.1, Diff: 0.1, Sum: 0.5]
         [Processed Buffers:  2  1  1  1  1  4  6  1
          Min: 1, Avg: 2.1, Max: 6, Diff: 5, Sum: 17]
      [Scan RS (ms):  0.0  0.0  0.0  0.0  0.0  0.0  0.0  0.0
       Min: 0.0, Avg: 0.0, Max: 0.0, Diff: 0.0, Sum: 0.1]
      [Code Root Scanning (ms):  0.0  0.1  0.2  0.0  0.0  0.2  0.1  0.0
       Min: 0.0, Avg: 0.1, Max: 0.2, Diff: 0.2, Sum: 0.6]
      [Object Copy (ms):  2.4  2.4  2.2  2.5  2.4  2.2  2.4  2.4
       Min: 2.2, Avg: 2.4, Max: 2.5, Diff: 0.2, Sum: 18.9]
      [Termination (ms):  0.0  0.0  0.0  0.0  0.0  0.0  0.0  0.0
       Min: 0.0, Avg: 0.0, Max: 0.0, Diff: 0.0, Sum: 0.0]
         [Termination Attempts:  1  1  1  1  1  1  1  1
          Min: 1, Avg: 1.0, Max: 1, Diff: 0, Sum: 8]
      [GC Worker Other (ms):  0.1  0.0  0.0  0.0  0.0  0.0  0.1  0.1
       Min: 0.0, Avg: 0.0, Max: 0.1, Diff: 0.0, Sum: 0.2]
      [GC Worker Total (ms):  2.8  2.8  2.8  2.7  2.7  2.7  2.7  2.7
       Min: 2.7, Avg: 2.7, Max: 2.8, Diff: 0.1, Sum: 21.9]
      [GC Worker End (ms):  8217.6  8217.6  8217.6  8217.6  8217.6  8217.6  8217.6  8217.6
       Min: 8217.6, Avg: 8217.6, Max: 8217.6, Diff: 0.0]
   [Code Root Fixup: 0.1 ms]
   [Code Root Purge: 0.0 ms]
   [Clear CT: 0.1 ms]
   [Other: 0.4 ms]
      [Choose CSet: 0.0 ms]
      [Ref Proc: 0.2 ms]
      [Ref Enq: 0.0 ms]
      [Redirty Cards: 0.1 ms]
         [Parallel Redirty:  0.0  0.0  0.0  0.0  0.0  0.0  0.0  0.0
          Min: 0.0, Avg: 0.0, Max: 0.0, Diff: 0.0, Sum: 0.0]
         [Redirtied Cards:  185  0  0  0  0  0  0  0
          Min: 0, Avg: 23.1, Max: 185, Diff: 185, Sum: 185]
      [Humongous Register: 0.0 ms]
         [Humongous Total: 0]
         [Humongous Candidate: 0]
      [Humongous Reclaim: 0.0 ms]
         [Humongous Reclaimed: 0]
      [Free CSet: 0.1 ms]
         [Young Free CSet: 0.1 ms]
         [Non-Young Free CSet: 0.0 ms]
   [Eden: 145.0M(145.0M)->0.0B(144.0M) Survivors: 8192.0K->9216.0K Heap: 161.1M(256.0M)->17.2M(256.0M)]
 [Times: user=0.02 sys=0.00, real=0.01 secs] 
8.428: [GC pause (G1 Evacuation Pause) (young), 0.0041026 secs]
   [Parallel Time: 3.3 ms, GC Workers: 8]
      [GC Worker Start (ms):  8428.1  8428.1  8428.2  8428.2  8428.2  8428.2  8428.2  8428.2
       Min: 8428.1, Avg: 8428.2, Max: 8428.2, Diff: 0.1]
      [Ext Root Scanning (ms):  0.3  0.2  0.2  0.2  0.2  0.2  0.2  0.1
       Min: 0.1, Avg: 0.2, Max: 0.3, Diff: 0.1, Sum: 1.6]
         [Thread Roots (ms):  0.0  0.1  0.1  0.1  0.1  0.0  0.0  0.0
          Min: 0.0, Avg: 0.0, Max: 0.1, Diff: 0.1, Sum: 0.4]
         [StringTable Roots (ms):  0.0  0.2  0.1  0.1  0.1  0.2  0.1  0.2
          Min: 0.0, Avg: 0.1, Max: 0.2, Diff: 0.2, Sum: 1.0]
         [Universe Roots (ms):  0.0  0.0  0.0  0.0  0.0  0.0  0.0  0.0
          Min: 0.0, Avg: 0.0, Max: 0.0, Diff: 0.0, Sum: 0.0]
         [JNI Handles Roots (ms):  0.0  0.0  0.0  0.0  0.0  0.0  0.0  0.0
          Min: 0.0, Avg: 0.0, Max: 0.0, Diff: 0.0, Sum: 0.0]
         [ObjectSynchronizer Roots (ms):  0.0  0.0  0.0  0.0  0.0  0.0  0.0  0.0
          Min: 0.0, Avg: 0.0, Max: 0.0, Diff: 0.0, Sum: 0.0]
         [FlatProfiler Roots (ms):  0.0  0.0  0.0  0.0  0.0  0.0  0.0  0.0
          Min: 0.0, Avg: 0.0, Max: 0.0, Diff: 0.0, Sum: 0.0]
         [Management Roots (ms):  0.0  0.0  0.0  0.0  0.0  0.0  0.0  0.0
          Min: 0.0, Avg: 0.0, Max: 0.0, Diff: 0.0, Sum: 0.0]
         [SystemDictionary Roots (ms):  0.0  0.0  0.0  0.0  0.0  0.0  0.1  0.0
          Min: 0.0, Avg: 0.0, Max: 0.1, Diff: 0.1, Sum: 0.1]
         [CLDG Roots (ms):  0.3  0.0  0.0  0.0  0.0  0.0  0.0  0.0
          Min: 0.0, Avg: 0.0, Max: 0.3, Diff: 0.3, Sum: 0.3]
         [JVMTI Roots (ms):  0.0  0.0  0.0  0.0  0.0  0.0  0.0  0.0
          Min: 0.0, Avg: 0.0, Max: 0.0, Diff: 0.0, Sum: 0.0]
         [CodeCache Roots (ms):  0.1  0.2  0.2  0.1  0.3  0.1  0.1  0.3
          Min: 0.1, Avg: 0.2, Max: 0.3, Diff: 0.2, Sum: 1.3]
         [CM RefProcessor Roots (ms):  0.0  0.0  0.0  0.0  0.0  0.0  0.0  0.0
          Min: 0.0, Avg: 0.0, Max: 0.0, Diff: 0.0, Sum: 0.0]
         [Wait For Strong CLD (ms):  0.0  0.0  0.0  0.0  0.0  0.0  0.0  0.0
          Min: 0.0, Avg: 0.0, Max: 0.0, Diff: 0.0, Sum: 0.0]
         [Weak CLD Roots (ms):  0.0  0.0  0.0  0.0  0.0  0.0  0.0  0.0
          Min: 0.0, Avg: 0.0, Max: 0.0, Diff: 0.0, Sum: 0.0]
         [SATB Filtering (ms):  0.0  0.0  0.0  0.0  0.0  0.0  0.0  0.0
          Min: 0.0, Avg: 0.0, Max: 0.0, Diff: 0.0, Sum: 0.0]
      [Update RS (ms):  0.1  0.0  0.1  0.0  0.0  0.1  0.1  0.0
       Min: 0.0, Avg: 0.1, Max: 0.1, Diff: 0.1, Sum: 0.5]
         [Processed Buffers:  1  4  1  2  1  1  2  5
          Min: 1, Avg: 2.1, Max: 5, Diff: 4, Sum: 17]
      [Scan RS (ms):  0.0  0.0  0.0  0.0  0.0  0.0  0.0  0.0
       Min: 0.0, Avg: 0.0, Max: 0.0, Diff: 0.0, Sum: 0.1]
      [Code Root Scanning (ms):  0.0  0.1  0.2  0.0  0.2  0.0  0.0  0.2
       Min: 0.0, Avg: 0.1, Max: 0.2, Diff: 0.2, Sum: 0.7]
      [Object Copy (ms):  2.8  2.8  2.7  2.9  2.7  2.9  2.9  2.7
       Min: 2.7, Avg: 2.8, Max: 2.9, Diff: 0.2, Sum: 22.3]
      [Termination (ms):  0.0  0.0  0.0  0.0  0.0  0.0  0.0  0.0
       Min: 0.0, Avg: 0.0, Max: 0.0, Diff: 0.0, Sum: 0.0]
         [Termination Attempts:  1  1  1  1  1  1  1  1
          Min: 1, Avg: 1.0, Max: 1, Diff: 0, Sum: 8]
      [GC Worker Other (ms):  0.0  0.0  0.0  0.0  0.1  0.0  0.0  0.1
       Min: 0.0, Avg: 0.0, Max: 0.1, Diff: 0.1, Sum: 0.3]
      [GC Worker Total (ms):  3.2  3.2  3.2  3.2  3.2  3.1  3.1  3.2
       Min: 3.1, Avg: 3.2, Max: 3.2, Diff: 0.1, Sum: 25.4]
      [GC Worker End (ms):  8431.4  8431.4  8431.3  8431.3  8431.4  8431.3  8431.3  8431.4
       Min: 8431.3, Avg: 8431.3, Max: 8431.4, Diff: 0.1]
   [Code Root Fixup: 0.1 ms]
   [Code Root Purge: 0.0 ms]
   [Clear CT: 0.2 ms]
   [Other: 0.5 ms]
      [Choose CSet: 0.0 ms]
      [Ref Proc: 0.2 ms]
      [Ref Enq: 0.0 ms]
      [Redirty Cards: 0.2 ms]
         [Parallel Redirty:  0.0  0.0  0.0  0.0  0.0  0.0  0.0  0.0
          Min: 0.0, Avg: 0.0, Max: 0.0, Diff: 0.0, Sum: 0.0]
         [Redirtied Cards:  183  0  0  0  0  0  0  0
          Min: 0, Avg: 22.9, Max: 183, Diff: 183, Sum: 183]
      [Humongous Register: 0.0 ms]
         [Humongous Total: 0]
         [Humongous Candidate: 0]
      [Humongous Reclaim: 0.0 ms]
         [Humongous Reclaimed: 0]
      [Free CSet: 0.1 ms]
         [Young Free CSet: 0.1 ms]
         [Non-Young Free CSet: 0.0 ms]
   [Eden: 144.0M(144.0M)->0.0B(144.0M) Survivors: 9216.0K->9216.0K Heap: 161.2M(256.0M)->17.4M(256.0M)]
 [Times: user=0.02 sys=0.00, real=0.00 secs] 
8.653: [GC pause (GCLocker Initiated GC) (young), 0.0055587 secs]
   [Parallel Time: 4.9 ms, GC Workers: 8]
      [GC Worker Start (ms):  8653.0  8653.0  8653.1  8653.1  8653.1  8653.1  8653.1  8653.1
       Min: 8653.0, Avg: 8653.1, Max: 8653.1, Diff: 0.1]
      [Ext Root Scanning (ms):  0.3  0.3  0.7  0.3  0.3  0.2  2.0  0.3
       Min: 0.2, Avg: 0.6, Max: 2.0, Diff: 1.8, Sum: 4.4]
         [Thread Roots (ms):  0.0  0.1  0.7  0.1  0.1  0.0  2.0  0.3
          Min: 0.0, Avg: 0.4, Max: 2.0, Diff: 2.0, Sum: 3.3]
         [StringTable Roots (ms):  0.1  0.2  0.0  0.1  0.2  0.2  0.0  0.0
          Min: 0.0, Avg: 0.1, Max: 0.2, Diff: 0.2, Sum: 0.8]
         [Universe Roots (ms):  0.0  0.0  0.0  0.0  0.0  0.0  0.0  0.0
          Min: 0.0, Avg: 0.0, Max: 0.0, Diff: 0.0, Sum: 0.0]
         [JNI Handles Roots (ms):  0.0  0.0  0.0  0.0  0.0  0.0  0.0  0.0
          Min: 0.0, Avg: 0.0, Max: 0.0, Diff: 0.0, Sum: 0.0]
         [ObjectSynchronizer Roots (ms):  0.0  0.0  0.0  0.0  0.0  0.0  0.0  0.0
          Min: 0.0, Avg: 0.0, Max: 0.0, Diff: 0.0, Sum: 0.0]
         [FlatProfiler Roots (ms):  0.0  0.0  0.0  0.0  0.0  0.0  0.0  0.0
          Min: 0.0, Avg: 0.0, Max: 0.0, Diff: 0.0, Sum: 0.0]
         [Management Roots (ms):  0.0  0.0  0.0  0.0  0.0  0.0  0.0  0.0
          Min: 0.0, Avg: 0.0, Max: 0.0, Diff: 0.0, Sum: 0.0]
         [SystemDictionary Roots (ms):  0.0  0.0  0.0  0.1  0.0  0.0  0.0  0.0
          Min: 0.0, Avg: 0.0, Max: 0.1, Diff: 0.1, Sum: 0.1]
         [CLDG Roots (ms):  0.2  0.0  0.0  0.0  0.0  0.0  0.0  0.0
          Min: 0.0, Avg: 0.0, Max: 0.2, Diff: 0.2, Sum: 0.2]
         [JVMTI Roots (ms):  0.0  0.0  0.0  0.0  0.0  0.0  0.0  0.0
          Min: 0.0, Avg: 0.0, Max: 0.0, Diff: 0.0, Sum: 0.0]
         [CodeCache Roots (ms):  4.4  2.0  0.0  0.1  0.3  0.3  0.0  0.1
          Min: 0.0, Avg: 0.9, Max: 4.4, Diff: 4.4, Sum: 7.2]
         [CM RefProcessor Roots (ms):  0.0  0.0  0.0  0.0  0.0  0.0  0.0  0.0
          Min: 0.0, Avg: 0.0, Max: 0.0, Diff: 0.0, Sum: 0.0]
         [Wait For Strong CLD (ms):  0.0  0.0  0.0  0.0  0.0  0.0  0.0  0.0
          Min: 0.0, Avg: 0.0, Max: 0.0, Diff: 0.0, Sum: 0.0]
         [Weak CLD Roots (ms):  0.0  0.0  0.0  0.0  0.0  0.0  0.0  0.0
          Min: 0.0, Avg: 0.0, Max: 0.0, Diff: 0.0, Sum: 0.0]
         [SATB Filtering (ms):  0.0  0.0  0.0  0.0  0.0  0.0  0.0  0.0
          Min: 0.0, Avg: 0.0, Max: 0.0, Diff: 0.0, Sum: 0.0]
      [Update RS (ms):  0.1  0.1  0.0  0.1  0.1  0.1  0.0  0.1
       Min: 0.0, Avg: 0.1, Max: 0.1, Diff: 0.1, Sum: 0.5]
         [Processed Buffers:  3  2  0  6  1  2  0  2
          Min: 0, Avg: 2.0, Max: 6, Diff: 6, Sum: 16]
      [Scan RS (ms):  0.0  0.0  0.0  0.1  0.0  0.0  0.0  0.0
       Min: 0.0, Avg: 0.0, Max: 0.1, Diff: 0.0, Sum: 0.2]
      [Code Root Scanning (ms):  4.3  1.9  0.0  0.0  0.2  0.2  0.0  0.0
       Min: 0.0, Avg: 0.8, Max: 4.3, Diff: 4.3, Sum: 6.5]
      [Object Copy (ms):  0.0  2.4  4.0  4.3  4.1  4.1  2.6  4.2
       Min: 0.0, Avg: 3.2, Max: 4.3, Diff: 4.2, Sum: 25.7]
      [Termination (ms):  0.0  0.1  0.1  0.1  0.1  0.1  0.1  0.1
       Min: 0.0, Avg: 0.1, Max: 0.1, Diff: 0.1, Sum: 0.7]
         [Termination Attempts:  1  2  2  2  1  2  2  2
          Min: 1, Avg: 1.8, Max: 2, Diff: 1, Sum: 14]
      [GC Worker Other (ms):  0.0  0.0  0.0  0.0  0.0  0.0  0.0  0.0
       Min: 0.0, Avg: 0.0, Max: 0.0, Diff: 0.0, Sum: 0.1]
      [GC Worker Total (ms):  4.8  4.8  4.8  4.8  4.8  4.8  4.7  4.7
       Min: 4.7, Avg: 4.8, Max: 4.8, Diff: 0.1, Sum: 38.1]
      [GC Worker End (ms):  8657.8  8657.8  8657.8  8657.8  8657.8  8657.8  8657.8  8657.8
       Min: 8657.8, Avg: 8657.8, Max: 8657.8, Diff: 0.0]
   [Code Root Fixup: 0.1 ms]
   [Code Root Purge: 0.0 ms]
   [Clear CT: 0.1 ms]
   [Other: 0.4 ms]
      [Choose CSet: 0.0 ms]
      [Ref Proc: 0.2 ms]
      [Ref Enq: 0.0 ms]
      [Redirty Cards: 0.1 ms]
         [Parallel Redirty:  0.0  0.0  0.0  0.0  0.0  0.0  0.0  0.0
          Min: 0.0, Avg: 0.0, Max: 0.0, Diff: 0.0, Sum: 0.0]
         [Redirtied Cards:  192  0  0  0  0  0  0  0
          Min: 0, Avg: 24.0, Max: 192, Diff: 192, Sum: 192]
      [Humongous Register: 0.0 ms]
         [Humongous Total: 0]
         [Humongous Candidate: 0]
      [Humongous Reclaim: 0.0 ms]
         [Humongous Reclaimed: 0]
      [Free CSet: 0.1 ms]
         [Young Free CSet: 0.1 ms]
         [Non-Young Free CSet: 0.0 ms]
   [Eden: 145.0M(144.0M)->0.0B(144.0M) Survivors: 9216.0K->9216.0K Heap: 161.4M(256.0M)->17.7M(256.0M)]
 [Times: user=0.03 sys=0.00, real=0.01 secs] 
8.869: [GC pause (G1 Evacuation Pause) (young), 0.0042172 secs]
   [Parallel Time: 3.5 ms, GC Workers: 8]
      [GC Worker Start (ms):  8868.6  8868.6  8868.6  8868.6  8868.7  8868.7  8868.7  8868.7
       Min: 8868.6, Avg: 8868.6, Max: 8868.7, Diff: 0.1]
      [Ext Root Scanning (ms):  0.3  0.2  0.2  0.2  0.2  0.2  0.2  0.2
       Min: 0.2, Avg: 0.2, Max: 0.3, Diff: 0.1, Sum: 1.6]
         [Thread Roots (ms):  0.0  0.1  0.1  0.1  0.0  0.0  0.0  0.0
          Min: 0.0, Avg: 0.0, Max: 0.1, Diff: 0.1, Sum: 0.3]
         [StringTable Roots (ms):  0.0  0.1  0.2  0.1  0.2  0.2  0.2  0.1
          Min: 0.0, Avg: 0.1, Max: 0.2, Diff: 0.2, Sum: 1.0]
         [Universe Roots (ms):  0.0  0.0  0.0  0.0  0.0  0.0  0.0  0.0
          Min: 0.0, Avg: 0.0, Max: 0.0, Diff: 0.0, Sum: 0.0]
         [JNI Handles Roots (ms):  0.0  0.0  0.0  0.0  0.0  0.0  0.0  0.0
          Min: 0.0, Avg: 0.0, Max: 0.0, Diff: 0.0, Sum: 0.0]
         [ObjectSynchronizer Roots (ms):  0.0  0.0  0.0  0.0  0.0  0.0  0.0  0.0
          Min: 0.0, Avg: 0.0, Max: 0.0, Diff: 0.0, Sum: 0.0]
         [FlatProfiler Roots (ms):  0.0  0.0  0.0  0.0  0.0  0.0  0.0  0.0
          Min: 0.0, Avg: 0.0, Max: 0.0, Diff: 0.0, Sum: 0.0]
         [Management Roots (ms):  0.0  0.0  0.0  0.0  0.0  0.0  0.0  0.0
          Min: 0.0, Avg: 0.0, Max: 0.0, Diff: 0.0, Sum: 0.0]
         [SystemDictionary Roots (ms):  0.0  0.0  0.0  0.0  0.0  0.0  0.0  0.1
          Min: 0.0, Avg: 0.0, Max: 0.1, Diff: 0.1, Sum: 0.1]
         [CLDG Roots (ms):  0.3  0.0  0.0  0.0  0.0  0.0  0.0  0.0
          Min: 0.0, Avg: 0.0, Max: 0.3, Diff: 0.3, Sum: 0.3]
         [JVMTI Roots (ms):  0.0  0.0  0.0  0.0  0.0  0.0  0.0  0.0
          Min: 0.0, Avg: 0.0, Max: 0.0, Diff: 0.0, Sum: 0.0]
         [CodeCache Roots (ms):  0.1  0.2  0.3  0.3  0.1  0.1  0.1  0.1
          Min: 0.1, Avg: 0.2, Max: 0.3, Diff: 0.2, Sum: 1.2]
         [CM RefProcessor Roots (ms):  0.0  0.0  0.0  0.0  0.0  0.0  0.0  0.0
          Min: 0.0, Avg: 0.0, Max: 0.0, Diff: 0.0, Sum: 0.0]
         [Wait For Strong CLD (ms):  0.0  0.0  0.0  0.0  0.0  0.0  0.0  0.0
          Min: 0.0, Avg: 0.0, Max: 0.0, Diff: 0.0, Sum: 0.0]
         [Weak CLD Roots (ms):  0.0  0.0  0.0  0.0  0.0  0.0  0.0  0.0
          Min: 0.0, Avg: 0.0, Max: 0.0, Diff: 0.0, Sum: 0.0]
         [SATB Filtering (ms):  0.0  0.0  0.0  0.0  0.0  0.0  0.0  0.0
          Min: 0.0, Avg: 0.0, Max: 0.0, Diff: 0.0, Sum: 0.0]
      [Update RS (ms):  0.1  0.0  0.0  0.0  0.0  0.0  0.1  0.1
       Min: 0.0, Avg: 0.1, Max: 0.1, Diff: 0.1, Sum: 0.4]
         [Processed Buffers:  1  4  1  1  2  1  1  1
          Min: 1, Avg: 1.5, Max: 4, Diff: 3, Sum: 12]
      [Scan RS (ms):  0.0  0.0  0.0  0.0  0.0  0.0  0.0  0.0
       Min: 0.0, Avg: 0.0, Max: 0.0, Diff: 0.0, Sum: 0.1]
      [Code Root Scanning (ms):  0.0  0.1  0.3  0.2  0.0  0.0  0.0  0.0
       Min: 0.0, Avg: 0.1, Max: 0.3, Diff: 0.3, Sum: 0.6]
      [Object Copy (ms):  3.1  3.0  2.9  2.9  3.1  3.1  3.1  3.1
       Min: 2.9, Avg: 3.0, Max: 3.1, Diff: 0.2, Sum: 24.4]
      [Termination (ms):  0.0  0.0  0.0  0.0  0.0  0.0  0.0  0.0
       Min: 0.0, Avg: 0.0, Max: 0.0, Diff: 0.0, Sum: 0.0]
         [Termination Attempts:  1  1  1  1  1  1  1  1
          Min: 1, Avg: 1.0, Max: 1, Diff: 0, Sum: 8]
      [GC Worker Other (ms):  0.1  0.0  0.1  0.0  0.0  0.0  0.0  0.1
       Min: 0.0, Avg: 0.0, Max: 0.1, Diff: 0.1, Sum: 0.3]
      [GC Worker Total (ms):  3.5  3.5  3.5  3.4  3.4  3.4  3.4  3.4
       Min: 3.4, Avg: 3.4, Max: 3.5, Diff: 0.1, Sum: 27.5]
      [GC Worker End (ms):  8872.1  8872.1  8872.1  8872.1  8872.1  8872.1  8872.1  8872.1
       Min: 8872.1, Avg: 8872.1, Max: 8872.1, Diff: 0.1]
   [Code Root Fixup: 0.1 ms]
   [Code Root Purge: 0.0 ms]
   [Clear CT: 0.1 ms]
   [Other: 0.5 ms]
      [Choose CSet: 0.0 ms]
      [Ref Proc: 0.2 ms]
      [Ref Enq: 0.0 ms]
      [Redirty Cards: 0.1 ms]
         [Parallel Redirty:  0.0  0.0  0.0  0.0  0.0  0.0  0.0  0.0
          Min: 0.0, Avg: 0.0, Max: 0.0, Diff: 0.0, Sum: 0.0]
         [Redirtied Cards:  290  0  0  0  0  0  0  0
          Min: 0, Avg: 36.2, Max: 290, Diff: 290, Sum: 290]
      [Humongous Register: 0.0 ms]
         [Humongous Total: 0]
         [Humongous Candidate: 0]
      [Humongous Reclaim: 0.0 ms]
         [Humongous Reclaimed: 0]
      [Free CSet: 0.1 ms]
         [Young Free CSet: 0.1 ms]
         [Non-Young Free CSet: 0.0 ms]
   [Eden: 144.0M(144.0M)->0.0B(144.0M) Survivors: 9216.0K->9216.0K Heap: 161.7M(256.0M)->17.3M(256.0M)]
 [Times: user=0.03 sys=0.00, real=0.00 secs] 
9.078: [GC pause (G1 Evacuation Pause) (young), 0.0044620 secs]
   [Parallel Time: 3.8 ms, GC Workers: 8]
      [GC Worker Start (ms):  9078.3  9078.3  9078.3  9078.3  9078.3  9078.3  9078.3  9078.3
       Min: 9078.3, Avg: 9078.3, Max: 9078.3, Diff: 0.1]
      [Ext Root Scanning (ms):  0.3  0.2  0.2  0.2  0.2  0.2  0.2  0.2
       Min: 0.2, Avg: 0.2, Max: 0.3, Diff: 0.1, Sum: 1.6]
         [Thread Roots (ms):  0.0  0.1  0.1  0.1  0.0  0.1  0.0  0.0
          Min: 0.0, Avg: 0.0, Max: 0.1, Diff: 0.1, Sum: 0.3]
         [StringTable Roots (ms):  0.0  0.2  0.2  0.2  0.2  0.2  0.1  0.1
          Min: 0.0, Avg: 0.1, Max: 0.2, Diff: 0.2, Sum: 1.1]
         [Universe Roots (ms):  0.0  0.0  0.0  0.0  0.0  0.0  0.0  0.0
          Min: 0.0, Avg: 0.0, Max: 0.0, Diff: 0.0, Sum: 0.0]
         [JNI Handles Roots (ms):  0.0  0.0  0.0  0.0  0.0  0.0  0.0  0.0
          Min: 0.0, Avg: 0.0, Max: 0.0, Diff: 0.0, Sum: 0.0]
         [ObjectSynchronizer Roots (ms):  0.0  0.0  0.0  0.0  0.0  0.0  0.0  0.0
          Min: 0.0, Avg: 0.0, Max: 0.0, Diff: 0.0, Sum: 0.0]
         [FlatProfiler Roots (ms):  0.0  0.0  0.0  0.0  0.0  0.0  0.0  0.0
          Min: 0.0, Avg: 0.0, Max: 0.0, Diff: 0.0, Sum: 0.0]
         [Management Roots (ms):  0.0  0.0  0.0  0.0  0.0  0.0  0.0  0.0
          Min: 0.0, Avg: 0.0, Max: 0.0, Diff: 0.0, Sum: 0.0]
         [SystemDictionary Roots (ms):  0.0  0.0  0.0  0.0  0.0  0.0  0.1  0.0
          Min: 0.0, Avg: 0.0, Max: 0.1, Diff: 0.1, Sum: 0.1]
         [CLDG Roots (ms):  0.2  0.0  0.0  0.0  0.0  0.0  0.0  0.0
          Min: 0.0, Avg: 0.0, Max: 0.2, Diff: 0.2, Sum: 0.2]
         [JVMTI Roots (ms):  0.0  0.0  0.0  0.0  0.0  0.0  0.0  0.0
          Min: 0.0, Avg: 0.0, Max: 0.0, Diff: 0.0, Sum: 0.0]
         [CodeCache Roots (ms):  0.1  0.2  0.1  0.1  0.1  0.1  0.1  0.1
          Min: 0.1, Avg: 0.1, Max: 0.2, Diff: 0.1, Sum: 1.1]
         [CM RefProcessor Roots (ms):  0.0  0.0  0.0  0.0  0.0  0.0  0.0  0.0
          Min: 0.0, Avg: 0.0, Max: 0.0, Diff: 0.0, Sum: 0.0]
         [Wait For Strong CLD (ms):  0.0  0.0  0.0  0.0  0.0  0.0  0.0  0.0
          Min: 0.0, Avg: 0.0, Max: 0.0, Diff: 0.0, Sum: 0.0]
         [Weak CLD Roots (ms):  0.0  0.0  0.0  0.0  0.0  0.0  0.0  0.0
          Min: 0.0, Avg: 0.0, Max: 0.0, Diff: 0.0, Sum: 0.0]
         [SATB Filtering (ms):  0.0  0.0  0.0  0.0  0.0  0.0  0.0  0.0
          Min: 0.0, Avg: 0.0, Max: 0.0, Diff: 0.0, Sum: 0.0]
      [Update RS (ms):  0.1  0.0  0.1  0.1  0.1  0.1  0.1  0.1
       Min: 0.0, Avg: 0.1, Max: 0.1, Diff: 0.1, Sum: 0.7]
         [Processed Buffers:  4  1  1  1  1  7  1  1
          Min: 1, Avg: 2.1, Max: 7, Diff: 6, Sum: 17]
      [Scan RS (ms):  0.0  0.0  0.0  0.0  0.0  0.0  0.0  0.0
       Min: 0.0, Avg: 0.0, Max: 0.0, Diff: 0.0, Sum: 0.1]
      [Code Root Scanning (ms):  0.0  0.1  0.1  0.0  0.1  0.0  0.0  0.0
       Min: 0.0, Avg: 0.0, Max: 0.1, Diff: 0.1, Sum: 0.3]
      [Object Copy (ms):  3.3  3.3  3.3  3.3  3.3  3.4  3.3  3.3
       Min: 3.3, Avg: 3.3, Max: 3.4, Diff: 0.1, Sum: 26.6]
      [Termination (ms):  0.0  0.0  0.0  0.0  0.0  0.0  0.0  0.0
       Min: 0.0, Avg: 0.0, Max: 0.0, Diff: 0.0, Sum: 0.0]
         [Termination Attempts:  1  1  1  1  1  1  1  1
          Min: 1, Avg: 1.0, Max: 1, Diff: 0, Sum: 8]
      [GC Worker Other (ms):  0.0  0.1  0.1  0.1  0.0  0.1  0.0  0.0
       Min: 0.0, Avg: 0.0, Max: 0.1, Diff: 0.1, Sum: 0.3]
      [GC Worker Total (ms):  3.7  3.7  3.7  3.7  3.7  3.7  3.7  3.6
       Min: 3.6, Avg: 3.7, Max: 3.7, Diff: 0.1, Sum: 29.6]
      [GC Worker End (ms):  9082.0  9082.0  9082.0  9082.0  9082.0  9082.0  9082.0  9082.0
       Min: 9082.0, Avg: 9082.0, Max: 9082.0, Diff: 0.1]
   [Code Root Fixup: 0.1 ms]
   [Code Root Purge: 0.0 ms]
   [Clear CT: 0.1 ms]
   [Other: 0.4 ms]
      [Choose CSet: 0.0 ms]
      [Ref Proc: 0.2 ms]
      [Ref Enq: 0.0 ms]
      [Redirty Cards: 0.1 ms]
         [Parallel Redirty:  0.0  0.0  0.0  0.0  0.0  0.0  0.0  0.0
          Min: 0.0, Avg: 0.0, Max: 0.0, Diff: 0.0, Sum: 0.0]
         [Redirtied Cards:  243  0  0  0  0  0  0  0
          Min: 0, Avg: 30.4, Max: 243, Diff: 243, Sum: 243]
      [Humongous Register: 0.0 ms]
         [Humongous Total: 0]
         [Humongous Candidate: 0]
      [Humongous Reclaim: 0.0 ms]
         [Humongous Reclaimed: 0]
      [Free CSet: 0.1 ms]
         [Young Free CSet: 0.1 ms]
         [Non-Young Free CSet: 0.0 ms]
   [Eden: 144.0M(144.0M)->0.0B(144.0M) Survivors: 9216.0K->9216.0K Heap: 161.3M(256.0M)->17.7M(256.0M)]
 [Times: user=0.03 sys=0.00, real=0.00 secs] 
9.289: [GC pause (G1 Evacuation Pause) (young), 0.0046069 secs]
   [Parallel Time: 4.0 ms, GC Workers: 8]
      [GC Worker Start (ms):  9289.2  9289.2  9289.2  9289.2  9289.2  9289.2  9289.2  9289.2
       Min: 9289.2, Avg: 9289.2, Max: 9289.2, Diff: 0.1]
      [Ext Root Scanning (ms):  0.3  0.2  0.2  0.3  0.2  0.2  0.2  0.2
       Min: 0.2, Avg: 0.2, Max: 0.3, Diff: 0.1, Sum: 1.8]
         [Thread Roots (ms):  0.0  0.1  0.1  0.3  0.0  0.1  0.0  0.0
          Min: 0.0, Avg: 0.1, Max: 0.3, Diff: 0.2, Sum: 0.5]
         [StringTable Roots (ms):  0.0  0.2  0.2  0.0  0.1  0.2  0.2  0.2
          Min: 0.0, Avg: 0.1, Max: 0.2, Diff: 0.2, Sum: 1.0]
         [Universe Roots (ms):  0.0  0.0  0.0  0.0  0.0  0.0  0.0  0.0
          Min: 0.0, Avg: 0.0, Max: 0.0, Diff: 0.0, Sum: 0.0]
         [JNI Handles Roots (ms):  0.0  0.0  0.0  0.0  0.0  0.0  0.0  0.0
          Min: 0.0, Avg: 0.0, Max: 0.0, Diff: 0.0, Sum: 0.0]
         [ObjectSynchronizer Roots (ms):  0.0  0.0  0.0  0.0  0.0  0.0  0.0  0.0
          Min: 0.0, Avg: 0.0, Max: 0.0, Diff: 0.0, Sum: 0.0]
         [FlatProfiler Roots (ms):  0.0  0.0  0.0  0.0  0.0  0.0  0.0  0.0
          Min: 0.0, Avg: 0.0, Max: 0.0, Diff: 0.0, Sum: 0.0]
         [Management Roots (ms):  0.0  0.0  0.0  0.0  0.0  0.0  0.0  0.0
          Min: 0.0, Avg: 0.0, Max: 0.0, Diff: 0.0, Sum: 0.0]
         [SystemDictionary Roots (ms):  0.0  0.0  0.0  0.0  0.1  0.0  0.0  0.0
          Min: 0.0, Avg: 0.0, Max: 0.1, Diff: 0.1, Sum: 0.1]
         [CLDG Roots (ms):  0.3  0.0  0.0  0.0  0.0  0.0  0.0  0.0
          Min: 0.0, Avg: 0.0, Max: 0.3, Diff: 0.3, Sum: 0.3]
         [JVMTI Roots (ms):  0.0  0.0  0.0  0.0  0.0  0.0  0.0  0.0
          Min: 0.0, Avg: 0.0, Max: 0.0, Diff: 0.0, Sum: 0.0]
         [CodeCache Roots (ms):  0.2  0.1  0.1  0.2  0.1  0.1  0.2  0.1
          Min: 0.1, Avg: 0.1, Max: 0.2, Diff: 0.1, Sum: 1.1]
         [CM RefProcessor Roots (ms):  0.0  0.0  0.0  0.0  0.0  0.0  0.0  0.0
          Min: 0.0, Avg: 0.0, Max: 0.0, Diff: 0.0, Sum: 0.0]
         [Wait For Strong CLD (ms):  0.0  0.0  0.0  0.0  0.0  0.0  0.0  0.0
          Min: 0.0, Avg: 0.0, Max: 0.0, Diff: 0.0, Sum: 0.0]
         [Weak CLD Roots (ms):  0.0  0.0  0.0  0.0  0.0  0.0  0.0  0.0
          Min: 0.0, Avg: 0.0, Max: 0.0, Diff: 0.0, Sum: 0.0]
         [SATB Filtering (ms):  0.0  0.0  0.0  0.0  0.0  0.0  0.0  0.0
          Min: 0.0, Avg: 0.0, Max: 0.0, Diff: 0.0, Sum: 0.0]
      [Update RS (ms):  0.1  0.1  0.1  0.1  0.1  0.1  0.2  0.1
       Min: 0.1, Avg: 0.1, Max: 0.2, Diff: 0.1, Sum: 0.7]
         [Processed Buffers:  1  5  1  17  1  1  1  1
          Min: 1, Avg: 3.5, Max: 17, Diff: 16, Sum: 28]
      [Scan RS (ms):  0.0  0.0  0.0  0.0  0.0  0.0  0.0  0.0
       Min: 0.0, Avg: 0.0, Max: 0.0, Diff: 0.0, Sum: 0.1]
      [Code Root Scanning (ms):  0.1  0.0  0.0  0.1  0.0  0.0  0.0  0.0
       Min: 0.0, Avg: 0.0, Max: 0.1, Diff: 0.1, Sum: 0.2]
      [Object Copy (ms):  3.4  3.6  3.5  3.4  3.5  3.5  3.4  3.5
       Min: 3.4, Avg: 3.4, Max: 3.6, Diff: 0.2, Sum: 27.6]
      [Termination (ms):  0.1  0.0  0.1  0.1  0.1  0.1  0.1  0.1
       Min: 0.0, Avg: 0.1, Max: 0.1, Diff: 0.1, Sum: 0.7]
         [Termination Attempts:  1  1  1  1  1  1  1  1
          Min: 1, Avg: 1.0, Max: 1, Diff: 0, Sum: 8]
      [GC Worker Other (ms):  0.0  0.0  0.0  0.0  0.0  0.0  0.0  0.0
       Min: 0.0, Avg: 0.0, Max: 0.0, Diff: 0.0, Sum: 0.1]
      [GC Worker Total (ms):  3.9  3.9  3.9  3.9  3.9  3.9  3.9  3.9
       Min: 3.9, Avg: 3.9, Max: 3.9, Diff: 0.1, Sum: 31.3]
      [GC Worker End (ms):  9293.1  9293.1  9293.1  9293.1  9293.1  9293.1  9293.1  9293.1
       Min: 9293.1, Avg: 9293.1, Max: 9293.1, Diff: 0.0]
   [Code Root Fixup: 0.0 ms]
   [Code Root Purge: 0.0 ms]
   [Clear CT: 0.1 ms]
   [Other: 0.5 ms]
      [Choose CSet: 0.0 ms]
      [Ref Proc: 0.1 ms]
      [Ref Enq: 0.0 ms]
      [Redirty Cards: 0.1 ms]
         [Parallel Redirty:  0.0  0.0  0.0  0.0  0.0  0.0  0.0  0.0
          Min: 0.0, Avg: 0.0, Max: 0.0, Diff: 0.0, Sum: 0.0]
         [Redirtied Cards:  214  0  0  0  0  0  0  0
          Min: 0, Avg: 26.8, Max: 214, Diff: 214, Sum: 214]
      [Humongous Register: 0.0 ms]
         [Humongous Total: 0]
         [Humongous Candidate: 0]
      [Humongous Reclaim: 0.0 ms]
         [Humongous Reclaimed: 0]
      [Free CSet: 0.1 ms]
         [Young Free CSet: 0.1 ms]
         [Non-Young Free CSet: 0.0 ms]
   [Eden: 144.0M(144.0M)->0.0B(145.0M) Survivors: 9216.0K->8192.0K Heap: 161.7M(256.0M)->17.8M(256.0M)]
 [Times: user=0.03 sys=0.00, real=0.00 secs] 
9.501: [GC pause (G1 Evacuation Pause) (young), 0.0041617 secs]
   [Parallel Time: 3.5 ms, GC Workers: 8]
      [GC Worker Start (ms):  9501.0  9501.0  9501.0  9501.0  9501.0  9501.0  9501.0  9501.0
       Min: 9501.0, Avg: 9501.0, Max: 9501.0, Diff: 0.1]
      [Ext Root Scanning (ms):  0.3  0.2  0.2  0.2  0.2  0.2  0.2  0.2
       Min: 0.2, Avg: 0.2, Max: 0.3, Diff: 0.1, Sum: 1.7]
         [Thread Roots (ms):  0.0  0.1  0.1  0.1  0.0  0.0  0.0  0.0
          Min: 0.0, Avg: 0.0, Max: 0.1, Diff: 0.1, Sum: 0.4]
         [StringTable Roots (ms):  0.0  0.1  0.2  0.2  0.1  0.2  0.2  0.2
          Min: 0.0, Avg: 0.1, Max: 0.2, Diff: 0.2, Sum: 1.1]
         [Universe Roots (ms):  0.0  0.0  0.0  0.0  0.0  0.0  0.0  0.0
          Min: 0.0, Avg: 0.0, Max: 0.0, Diff: 0.0, Sum: 0.0]
         [JNI Handles Roots (ms):  0.0  0.0  0.0  0.0  0.0  0.0  0.0  0.0
          Min: 0.0, Avg: 0.0, Max: 0.0, Diff: 0.0, Sum: 0.0]
         [ObjectSynchronizer Roots (ms):  0.0  0.0  0.0  0.0  0.0  0.0  0.0  0.0
          Min: 0.0, Avg: 0.0, Max: 0.0, Diff: 0.0, Sum: 0.0]
         [FlatProfiler Roots (ms):  0.0  0.0  0.0  0.0  0.0  0.0  0.0  0.0
          Min: 0.0, Avg: 0.0, Max: 0.0, Diff: 0.0, Sum: 0.0]
         [Management Roots (ms):  0.0  0.0  0.0  0.0  0.0  0.0  0.0  0.0
          Min: 0.0, Avg: 0.0, Max: 0.0, Diff: 0.0, Sum: 0.0]
         [SystemDictionary Roots (ms):  0.0  0.0  0.0  0.0  0.1  0.0  0.0  0.0
          Min: 0.0, Avg: 0.0, Max: 0.1, Diff: 0.1, Sum: 0.1]
         [CLDG Roots (ms):  0.2  0.0  0.0  0.0  0.0  0.0  0.0  0.0
          Min: 0.0, Avg: 0.0, Max: 0.2, Diff: 0.2, Sum: 0.2]
         [JVMTI Roots (ms):  0.0  0.0  0.0  0.0  0.0  0.0  0.0  0.0
          Min: 0.0, Avg: 0.0, Max: 0.0, Diff: 0.0, Sum: 0.0]
         [CodeCache Roots (ms):  0.1  0.2  0.1  0.1  0.1  0.1  0.1  0.1
          Min: 0.1, Avg: 0.1, Max: 0.2, Diff: 0.1, Sum: 0.9]
         [CM RefProcessor Roots (ms):  0.0  0.0  0.0  0.0  0.0  0.0  0.0  0.0
          Min: 0.0, Avg: 0.0, Max: 0.0, Diff: 0.0, Sum: 0.0]
         [Wait For Strong CLD (ms):  0.0  0.0  0.0  0.0  0.0  0.0  0.0  0.0
          Min: 0.0, Avg: 0.0, Max: 0.0, Diff: 0.0, Sum: 0.0]
         [Weak CLD Roots (ms):  0.0  0.0  0.0  0.0  0.0  0.0  0.0  0.0
          Min: 0.0, Avg: 0.0, Max: 0.0, Diff: 0.0, Sum: 0.0]
         [SATB Filtering (ms):  0.0  0.0  0.0  0.0  0.0  0.0  0.0  0.0
          Min: 0.0, Avg: 0.0, Max: 0.0, Diff: 0.0, Sum: 0.0]
      [Update RS (ms):  0.0  0.1  0.1  0.1  0.1  0.1  0.0  0.1
       Min: 0.0, Avg: 0.1, Max: 0.1, Diff: 0.1, Sum: 0.6]
         [Processed Buffers:  7  1  1  1  1  1  13  1
          Min: 1, Avg: 3.2, Max: 13, Diff: 12, Sum: 26]
      [Scan RS (ms):  0.0  0.0  0.0  0.0  0.0  0.0  0.0  0.0
       Min: 0.0, Avg: 0.0, Max: 0.0, Diff: 0.0, Sum: 0.1]
      [Code Root Scanning (ms):  0.0  0.1  0.1  0.0  0.0  0.0  0.0  0.0
       Min: 0.0, Avg: 0.0, Max: 0.1, Diff: 0.1, Sum: 0.2]
      [Object Copy (ms):  3.1  3.0  3.0  3.1  3.0  3.1  3.1  3.1
       Min: 3.0, Avg: 3.1, Max: 3.1, Diff: 0.1, Sum: 24.5]
      [Termination (ms):  0.0  0.0  0.0  0.0  0.0  0.0  0.0  0.0
       Min: 0.0, Avg: 0.0, Max: 0.0, Diff: 0.0, Sum: 0.0]
         [Termination Attempts:  1  1  1  1  1  1  1  1
          Min: 1, Avg: 1.0, Max: 1, Diff: 0, Sum: 8]
      [GC Worker Other (ms):  0.0  0.0  0.0  0.0  0.0  0.0  0.0  0.0
       Min: 0.0, Avg: 0.0, Max: 0.0, Diff: 0.0, Sum: 0.2]
      [GC Worker Total (ms):  3.4  3.4  3.4  3.4  3.4  3.4  3.4  3.4
       Min: 3.4, Avg: 3.4, Max: 3.4, Diff: 0.1, Sum: 27.3]
      [GC Worker End (ms):  9504.4  9504.4  9504.4  9504.4  9504.4  9504.4  9504.4  9504.4
       Min: 9504.4, Avg: 9504.4, Max: 9504.4, Diff: 0.0]
   [Code Root Fixup: 0.1 ms]
   [Code Root Purge: 0.0 ms]
   [Clear CT: 0.1 ms]
   [Other: 0.5 ms]
      [Choose CSet: 0.0 ms]
      [Ref Proc: 0.2 ms]
      [Ref Enq: 0.0 ms]
      [Redirty Cards: 0.2 ms]
         [Parallel Redirty:  0.0  0.0  0.0  0.0  0.0  0.0  0.0  0.0
          Min: 0.0, Avg: 0.0, Max: 0.0, Diff: 0.0, Sum: 0.0]
         [Redirtied Cards:  196  0  0  0  0  0  0  0
          Min: 0, Avg: 24.5, Max: 196, Diff: 196, Sum: 196]
      [Humongous Register: 0.0 ms]
         [Humongous Total: 0]
         [Humongous Candidate: 0]
      [Humongous Reclaim: 0.0 ms]
         [Humongous Reclaimed: 0]
      [Free CSet: 0.1 ms]
         [Young Free CSet: 0.1 ms]
         [Non-Young Free CSet: 0.0 ms]
   [Eden: 145.0M(145.0M)->0.0B(145.0M) Survivors: 8192.0K->8192.0K Heap: 162.8M(256.0M)->18.4M(256.0M)]
 [Times: user=0.03 sys=0.00, real=0.00 secs] 
9.712: [GC pause (G1 Evacuation Pause) (young), 0.0041050 secs]
   [Parallel Time: 3.6 ms, GC Workers: 8]
      [GC Worker Start (ms):  9712.0  9712.0  9712.1  9712.1  9712.1  9712.1  9712.1  9712.1
       Min: 9712.0, Avg: 9712.1, Max: 9712.1, Diff: 0.1]
      [Ext Root Scanning (ms):  0.3  0.2  0.2  0.2  0.2  0.2  0.2  0.2
       Min: 0.2, Avg: 0.2, Max: 0.3, Diff: 0.1, Sum: 1.6]
         [Thread Roots (ms):  0.0  0.1  0.1  0.0  0.0  0.0  0.0  0.0
          Min: 0.0, Avg: 0.0, Max: 0.1, Diff: 0.1, Sum: 0.3]
         [StringTable Roots (ms):  0.0  0.1  0.1  0.2  0.2  0.2  0.2  0.1
          Min: 0.0, Avg: 0.1, Max: 0.2, Diff: 0.2, Sum: 1.1]
         [Universe Roots (ms):  0.0  0.0  0.0  0.0  0.0  0.0  0.0  0.0
          Min: 0.0, Avg: 0.0, Max: 0.0, Diff: 0.0, Sum: 0.0]
         [JNI Handles Roots (ms):  0.0  0.0  0.0  0.0  0.0  0.0  0.0  0.0
          Min: 0.0, Avg: 0.0, Max: 0.0, Diff: 0.0, Sum: 0.0]
         [ObjectSynchronizer Roots (ms):  0.0  0.0  0.0  0.0  0.0  0.0  0.0  0.0
          Min: 0.0, Avg: 0.0, Max: 0.0, Diff: 0.0, Sum: 0.0]
         [FlatProfiler Roots (ms):  0.0  0.0  0.0  0.0  0.0  0.0  0.0  0.0
          Min: 0.0, Avg: 0.0, Max: 0.0, Diff: 0.0, Sum: 0.0]
         [Management Roots (ms):  0.0  0.0  0.0  0.0  0.0  0.0  0.0  0.0
          Min: 0.0, Avg: 0.0, Max: 0.0, Diff: 0.0, Sum: 0.0]
         [SystemDictionary Roots (ms):  0.0  0.0  0.1  0.0  0.0  0.0  0.0  0.0
          Min: 0.0, Avg: 0.0, Max: 0.1, Diff: 0.1, Sum: 0.1]
         [CLDG Roots (ms):  0.2  0.0  0.0  0.0  0.0  0.0  0.0  0.0
          Min: 0.0, Avg: 0.0, Max: 0.2, Diff: 0.2, Sum: 0.2]
         [JVMTI Roots (ms):  0.0  0.0  0.0  0.0  0.0  0.0  0.0  0.0
          Min: 0.0, Avg: 0.0, Max: 0.0, Diff: 0.0, Sum: 0.0]
         [CodeCache Roots (ms):  0.1  0.1  0.1  0.1  0.1  0.1  0.1  0.1
          Min: 0.1, Avg: 0.1, Max: 0.1, Diff: 0.1, Sum: 0.9]
         [CM RefProcessor Roots (ms):  0.0  0.0  0.0  0.0  0.0  0.0  0.0  0.0
          Min: 0.0, Avg: 0.0, Max: 0.0, Diff: 0.0, Sum: 0.0]
         [Wait For Strong CLD (ms):  0.0  0.0  0.0  0.0  0.0  0.0  0.0  0.0
          Min: 0.0, Avg: 0.0, Max: 0.0, Diff: 0.0, Sum: 0.0]
         [Weak CLD Roots (ms):  0.0  0.0  0.0  0.0  0.0  0.0  0.0  0.0
          Min: 0.0, Avg: 0.0, Max: 0.0, Diff: 0.0, Sum: 0.0]
         [SATB Filtering (ms):  0.0  0.0  0.0  0.0  0.0  0.0  0.0  0.0
          Min: 0.0, Avg: 0.0, Max: 0.0, Diff: 0.0, Sum: 0.0]
      [Update RS (ms):  0.1  0.1  0.1  0.1  0.1  0.1  0.1  0.1
       Min: 0.1, Avg: 0.1, Max: 0.1, Diff: 0.1, Sum: 0.7]
         [Processed Buffers:  2  10  10  1  1  1  1  1
          Min: 1, Avg: 3.4, Max: 10, Diff: 9, Sum: 27]
      [Scan RS (ms):  0.0  0.0  0.0  0.0  0.0  0.0  0.0  0.0
       Min: 0.0, Avg: 0.0, Max: 0.0, Diff: 0.0, Sum: 0.1]
      [Code Root Scanning (ms):  0.0  0.0  0.0  0.0  0.0  0.0  0.0  0.0
       Min: 0.0, Avg: 0.0, Max: 0.0, Diff: 0.0, Sum: 0.1]
      [Object Copy (ms):  3.1  3.1  3.1  3.1  3.1  3.1  3.1  3.1
       Min: 3.1, Avg: 3.1, Max: 3.1, Diff: 0.0, Sum: 24.9]
      [Termination (ms):  0.0  0.0  0.0  0.0  0.0  0.0  0.0  0.0
       Min: 0.0, Avg: 0.0, Max: 0.0, Diff: 0.0, Sum: 0.0]
         [Termination Attempts:  1  1  1  1  1  1  1  1
          Min: 1, Avg: 1.0, Max: 1, Diff: 0, Sum: 8]
      [GC Worker Other (ms):  0.0  0.1  0.0  0.0  0.0  0.0  0.1  0.0
       Min: 0.0, Avg: 0.0, Max: 0.1, Diff: 0.0, Sum: 0.2]
      [GC Worker Total (ms):  3.5  3.5  3.5  3.4  3.4  3.4  3.5  3.4
       Min: 3.4, Avg: 3.5, Max: 3.5, Diff: 0.1, Sum: 27.6]
      [GC Worker End (ms):  9715.5  9715.5  9715.5  9715.5  9715.5  9715.5  9715.5  9715.5
       Min: 9715.5, Avg: 9715.5, Max: 9715.5, Diff: 0.0]
   [Code Root Fixup: 0.1 ms]
   [Code Root Purge: 0.0 ms]
   [Clear CT: 0.1 ms]
   [Other: 0.4 ms]
      [Choose CSet: 0.0 ms]
      [Ref Proc: 0.1 ms]
      [Ref Enq: 0.0 ms]
      [Redirty Cards: 0.1 ms]
         [Parallel Redirty:  0.0  0.0  0.0  0.0  0.0  0.0  0.0  0.0
          Min: 0.0, Avg: 0.0, Max: 0.0, Diff: 0.0, Sum: 0.0]
         [Redirtied Cards:  200  0  0  0  0  0  0  0
          Min: 0, Avg: 25.0, Max: 200, Diff: 200, Sum: 200]
      [Humongous Register: 0.0 ms]
         [Humongous Total: 0]
         [Humongous Candidate: 0]
      [Humongous Reclaim: 0.0 ms]
         [Humongous Reclaimed: 0]
      [Free CSet: 0.1 ms]
         [Young Free CSet: 0.1 ms]
         [Non-Young Free CSet: 0.0 ms]
   [Eden: 145.0M(145.0M)->0.0B(144.0M) Survivors: 8192.0K->9216.0K Heap: 163.4M(256.0M)->19.5M(256.0M)]
 [Times: user=0.02 sys=0.00, real=0.00 secs] 
9.943: [GC pause (G1 Evacuation Pause) (young), 0.0046059 secs]
   [Parallel Time: 4.1 ms, GC Workers: 8]
      [GC Worker Start (ms):  9943.4  9943.4  9943.5  9943.5  9943.5  9943.5  9943.5  9943.5
       Min: 9943.4, Avg: 9943.5, Max: 9943.5, Diff: 0.1]
      [Ext Root Scanning (ms):  0.3  0.2  0.2  0.2  0.2  0.2  0.2  0.1
       Min: 0.1, Avg: 0.2, Max: 0.3, Diff: 0.1, Sum: 1.5]
         [Thread Roots (ms):  0.0  0.1  0.1  0.1  0.1  0.1  0.0  0.0
          Min: 0.0, Avg: 0.1, Max: 0.1, Diff: 0.1, Sum: 0.4]
         [StringTable Roots (ms):  0.0  0.1  0.2  0.1  0.1  0.1  0.2  1.2
          Min: 0.0, Avg: 0.3, Max: 1.2, Diff: 1.2, Sum: 2.0]
         [Universe Roots (ms):  0.0  0.0  0.0  0.0  0.0  0.0  0.0  0.0
          Min: 0.0, Avg: 0.0, Max: 0.0, Diff: 0.0, Sum: 0.0]
         [JNI Handles Roots (ms):  0.0  0.0  0.0  0.0  0.0  0.0  0.0  0.0
          Min: 0.0, Avg: 0.0, Max: 0.0, Diff: 0.0, Sum: 0.0]
         [ObjectSynchronizer Roots (ms):  0.0  0.0  0.0  0.0  0.0  0.0  0.0  0.0
          Min: 0.0, Avg: 0.0, Max: 0.0, Diff: 0.0, Sum: 0.0]
         [FlatProfiler Roots (ms):  0.0  0.0  0.0  0.0  0.0  0.0  0.0  0.0
          Min: 0.0, Avg: 0.0, Max: 0.0, Diff: 0.0, Sum: 0.0]
         [Management Roots (ms):  0.0  0.0  0.0  0.0  0.0  0.0  0.0  0.0
          Min: 0.0, Avg: 0.0, Max: 0.0, Diff: 0.0, Sum: 0.0]
         [SystemDictionary Roots (ms):  0.0  0.1  0.0  0.0  0.0  0.0  0.0  0.0
          Min: 0.0, Avg: 0.0, Max: 0.1, Diff: 0.1, Sum: 0.1]
         [CLDG Roots (ms):  0.2  0.0  0.0  0.0  0.0  0.0  0.0  0.0
          Min: 0.0, Avg: 0.0, Max: 0.2, Diff: 0.2, Sum: 0.2]
         [JVMTI Roots (ms):  0.0  0.0  0.0  0.0  0.0  0.0  0.0  0.0
          Min: 0.0, Avg: 0.0, Max: 0.0, Diff: 0.0, Sum: 0.0]
         [CodeCache Roots (ms):  0.1  0.1  0.1  0.1  0.1  0.1  0.1  0.0
          Min: 0.0, Avg: 0.1, Max: 0.1, Diff: 0.1, Sum: 0.7]
         [CM RefProcessor Roots (ms):  0.0  0.0  0.0  0.0  0.0  0.0  0.0  0.0
          Min: 0.0, Avg: 0.0, Max: 0.0, Diff: 0.0, Sum: 0.0]
         [Wait For Strong CLD (ms):  0.0  0.0  0.0  0.0  0.0  0.0  0.0  0.0
          Min: 0.0, Avg: 0.0, Max: 0.0, Diff: 0.0, Sum: 0.0]
         [Weak CLD Roots (ms):  0.0  0.0  0.0  0.0  0.0  0.0  0.0  0.0
          Min: 0.0, Avg: 0.0, Max: 0.0, Diff: 0.0, Sum: 0.0]
         [SATB Filtering (ms):  0.0  0.0  0.0  0.0  0.0  0.0  0.0  0.0
          Min: 0.0, Avg: 0.0, Max: 0.0, Diff: 0.0, Sum: 0.0]
      [Update RS (ms):  0.1  0.1  0.1  0.1  0.1  0.1  0.1  0.0
       Min: 0.0, Avg: 0.1, Max: 0.1, Diff: 0.1, Sum: 0.5]
         [Processed Buffers:  2  1  19  3  1  1  1  0
          Min: 0, Avg: 3.5, Max: 19, Diff: 19, Sum: 28]
      [Scan RS (ms):  0.0  0.0  0.0  0.0  0.0  0.0  0.0  0.0
       Min: 0.0, Avg: 0.0, Max: 0.0, Diff: 0.0, Sum: 0.1]
      [Code Root Scanning (ms):  0.0  0.0  0.0  0.0  0.0  0.0  0.0  0.0
       Min: 0.0, Avg: 0.0, Max: 0.0, Diff: 0.0, Sum: 0.1]
      [Object Copy (ms):  3.5  3.5  3.6  3.6  3.5  3.5  3.5  3.7
       Min: 3.5, Avg: 3.6, Max: 3.7, Diff: 0.2, Sum: 28.6]
      [Termination (ms):  0.1  0.1  0.0  0.0  0.1  0.1  0.1  0.1
       Min: 0.0, Avg: 0.1, Max: 0.1, Diff: 0.1, Sum: 0.6]
         [Termination Attempts:  1  1  1  1  1  1  1  1
          Min: 1, Avg: 1.0, Max: 1, Diff: 0, Sum: 8]
      [GC Worker Other (ms):  0.0  0.0  0.0  0.0  0.0  0.0  0.0  0.0
       Min: 0.0, Avg: 0.0, Max: 0.0, Diff: 0.0, Sum: 0.1]
      [GC Worker Total (ms):  4.0  4.0  3.9  3.9  3.9  3.9  3.9  3.9
       Min: 3.9, Avg: 3.9, Max: 4.0, Diff: 0.1, Sum: 31.5]
      [GC Worker End (ms):  9947.4  9947.4  9947.4  9947.4  9947.4  9947.4  9947.4  9947.4
       Min: 9947.4, Avg: 9947.4, Max: 9947.4, Diff: 0.0]
   [Code Root Fixup: 0.0 ms]
   [Code Root Purge: 0.0 ms]
   [Clear CT: 0.1 ms]
   [Other: 0.4 ms]
      [Choose CSet: 0.0 ms]
      [Ref Proc: 0.2 ms]
      [Ref Enq: 0.0 ms]
      [Redirty Cards: 0.1 ms]
         [Parallel Redirty:  0.0  0.0  0.0  0.0  0.0  0.0  0.0  0.0
          Min: 0.0, Avg: 0.0, Max: 0.0, Diff: 0.0, Sum: 0.0]
         [Redirtied Cards:  185  0  0  0  0  0  0  0
          Min: 0, Avg: 23.1, Max: 185, Diff: 185, Sum: 185]
      [Humongous Register: 0.0 ms]
         [Humongous Total: 0]
         [Humongous Candidate: 0]
      [Humongous Reclaim: 0.0 ms]
         [Humongous Reclaimed: 0]
      [Free CSet: 0.1 ms]
         [Young Free CSet: 0.1 ms]
         [Non-Young Free CSet: 0.0 ms]
   [Eden: 144.0M(144.0M)->0.0B(145.0M) Survivors: 9216.0K->8192.0K Heap: 163.5M(256.0M)->19.6M(256.0M)]
 [Times: user=0.03 sys=0.00, real=0.01 secs] 
10.159: [GC pause (G1 Evacuation Pause) (young), 0.0047561 secs]
   [Parallel Time: 4.2 ms, GC Workers: 8]
      [GC Worker Start (ms):  10159.1  10159.1  10159.2  10159.2  10159.2  10159.2  10159.2  10159.2
       Min: 10159.1, Avg: 10159.2, Max: 10159.2, Diff: 0.1]
      [Ext Root Scanning (ms):  0.3  0.2  0.2  0.2  0.2  0.2  0.2  0.2
       Min: 0.2, Avg: 0.2, Max: 0.3, Diff: 0.1, Sum: 1.6]
         [Thread Roots (ms):  0.0  0.1  0.1  0.1  0.0  0.1  0.0  0.0
          Min: 0.0, Avg: 0.0, Max: 0.1, Diff: 0.1, Sum: 0.4]
         [StringTable Roots (ms):  0.0  0.2  0.1  0.2  0.2  0.1  0.1  0.2
          Min: 0.0, Avg: 0.1, Max: 0.2, Diff: 0.1, Sum: 1.0]
         [Universe Roots (ms):  0.0  0.0  0.0  0.0  0.0  0.0  0.0  0.0
          Min: 0.0, Avg: 0.0, Max: 0.0, Diff: 0.0, Sum: 0.0]
         [JNI Handles Roots (ms):  0.0  0.0  0.0  0.0  0.0  0.0  0.0  0.0
          Min: 0.0, Avg: 0.0, Max: 0.0, Diff: 0.0, Sum: 0.0]
         [ObjectSynchronizer Roots (ms):  0.0  0.0  0.0  0.0  0.0  0.0  0.0  0.0
          Min: 0.0, Avg: 0.0, Max: 0.0, Diff: 0.0, Sum: 0.0]
         [FlatProfiler Roots (ms):  0.0  0.0  0.0  0.0  0.0  0.0  0.0  0.0
          Min: 0.0, Avg: 0.0, Max: 0.0, Diff: 0.0, Sum: 0.0]
         [Management Roots (ms):  0.0  0.0  0.0  0.0  0.0  0.0  0.0  0.0
          Min: 0.0, Avg: 0.0, Max: 0.0, Diff: 0.0, Sum: 0.0]
         [SystemDictionary Roots (ms):  0.0  0.0  0.0  0.0  0.0  0.0  0.1  0.0
          Min: 0.0, Avg: 0.0, Max: 0.1, Diff: 0.1, Sum: 0.1]
         [CLDG Roots (ms):  0.2  0.0  0.0  0.0  0.0  0.0  0.0  0.0
          Min: 0.0, Avg: 0.0, Max: 0.2, Diff: 0.2, Sum: 0.2]
         [JVMTI Roots (ms):  0.0  0.0  0.0  0.0  0.0  0.0  0.0  0.0
          Min: 0.0, Avg: 0.0, Max: 0.0, Diff: 0.0, Sum: 0.0]
         [CodeCache Roots (ms):  0.1  0.1  0.1  0.1  0.1  0.1  0.1  0.1
          Min: 0.1, Avg: 0.1, Max: 0.1, Diff: 0.0, Sum: 0.7]
         [CM RefProcessor Roots (ms):  0.0  0.0  0.0  0.0  0.0  0.0  0.0  0.0
          Min: 0.0, Avg: 0.0, Max: 0.0, Diff: 0.0, Sum: 0.0]
         [Wait For Strong CLD (ms):  0.0  0.0  0.0  0.0  0.0  0.0  0.0  0.0
          Min: 0.0, Avg: 0.0, Max: 0.0, Diff: 0.0, Sum: 0.0]
         [Weak CLD Roots (ms):  0.0  0.0  0.0  0.0  0.0  0.0  0.0  0.0
          Min: 0.0, Avg: 0.0, Max: 0.0, Diff: 0.0, Sum: 0.0]
         [SATB Filtering (ms):  0.0  0.0  0.0  0.0  0.0  0.0  0.0  0.0
          Min: 0.0, Avg: 0.0, Max: 0.0, Diff: 0.0, Sum: 0.0]
      [Update RS (ms):  0.1  0.1  0.1  0.1  0.1  0.1  0.0  0.1
       Min: 0.0, Avg: 0.1, Max: 0.1, Diff: 0.1, Sum: 0.5]
         [Processed Buffers:  1  1  7  1  1  1  15  1
          Min: 1, Avg: 3.5, Max: 15, Diff: 14, Sum: 28]
      [Scan RS (ms):  0.0  0.0  0.0  0.0  0.0  0.0  0.0  0.0
       Min: 0.0, Avg: 0.0, Max: 0.0, Diff: 0.0, Sum: 0.1]
      [Code Root Scanning (ms):  0.0  0.0  0.0  0.0  0.0  0.0  0.0  0.0
       Min: 0.0, Avg: 0.0, Max: 0.0, Diff: 0.0, Sum: 0.1]
      [Object Copy (ms):  3.8  3.8  3.8  3.8  3.8  3.8  3.8  3.9
       Min: 3.8, Avg: 3.8, Max: 3.9, Diff: 0.1, Sum: 30.3]
      [Termination (ms):  0.1  0.1  0.1  0.1  0.1  0.1  0.1  0.0
       Min: 0.0, Avg: 0.1, Max: 0.1, Diff: 0.1, Sum: 0.7]
         [Termination Attempts:  1  1  1  1  1  1  1  1
          Min: 1, Avg: 1.0, Max: 1, Diff: 0, Sum: 8]
      [GC Worker Other (ms):  0.0  0.0  0.0  0.0  0.0  0.0  0.0  0.0
       Min: 0.0, Avg: 0.0, Max: 0.0, Diff: 0.0, Sum: 0.1]
      [GC Worker Total (ms):  4.2  4.2  4.2  4.2  4.2  4.2  4.2  4.1
       Min: 4.1, Avg: 4.2, Max: 4.2, Diff: 0.1, Sum: 33.5]
      [GC Worker End (ms):  10163.4  10163.4  10163.4  10163.3  10163.4  10163.4  10163.4  10163.3
       Min: 10163.3, Avg: 10163.4, Max: 10163.4, Diff: 0.0]
   [Code Root Fixup: 0.0 ms]
   [Code Root Purge: 0.0 ms]
   [Clear CT: 0.1 ms]
   [Other: 0.4 ms]
      [Choose CSet: 0.0 ms]
      [Ref Proc: 0.2 ms]
      [Ref Enq: 0.0 ms]
      [Redirty Cards: 0.1 ms]
         [Parallel Redirty:  0.0  0.0  0.0  0.0  0.0  0.0  0.0  0.0
          Min: 0.0, Avg: 0.0, Max: 0.0, Diff: 0.0, Sum: 0.0]
         [Redirtied Cards:  169  16  0  0  0  0  0  0
          Min: 0, Avg: 23.1, Max: 169, Diff: 169, Sum: 185]
      [Humongous Register: 0.0 ms]
         [Humongous Total: 0]
         [Humongous Candidate: 0]
      [Humongous Reclaim: 0.0 ms]
         [Humongous Reclaimed: 0]
      [Free CSet: 0.1 ms]
         [Young Free CSet: 0.1 ms]
         [Non-Young Free CSet: 0.0 ms]
   [Eden: 145.0M(145.0M)->0.0B(145.0M) Survivors: 8192.0K->8192.0K Heap: 164.6M(256.0M)->20.1M(256.0M)]
 [Times: user=0.03 sys=0.00, real=0.00 secs] 
10.372: [GC pause (G1 Evacuation Pause) (young), 0.0042318 secs]
   [Parallel Time: 3.5 ms, GC Workers: 8]
      [GC Worker Start (ms):  10371.9  10371.9  10371.9  10371.9  10371.9  10371.9  10371.9  10371.9
       Min: 10371.9, Avg: 10371.9, Max: 10371.9, Diff: 0.1]
      [Ext Root Scanning (ms):  0.2  0.2  0.2  0.2  0.2  0.2  0.2  0.2
       Min: 0.2, Avg: 0.2, Max: 0.2, Diff: 0.1, Sum: 1.7]
         [Thread Roots (ms):  0.0  0.1  0.1  0.1  0.0  0.0  0.0  0.0
          Min: 0.0, Avg: 0.0, Max: 0.1, Diff: 0.1, Sum: 0.4]
         [StringTable Roots (ms):  0.0  0.1  0.1  0.2  0.2  0.2  0.2  0.2
          Min: 0.0, Avg: 0.1, Max: 0.2, Diff: 0.2, Sum: 1.0]
         [Universe Roots (ms):  0.0  0.0  0.0  0.0  0.0  0.0  0.0  0.0
          Min: 0.0, Avg: 0.0, Max: 0.0, Diff: 0.0, Sum: 0.0]
         [JNI Handles Roots (ms):  0.0  0.0  0.0  0.0  0.0  0.0  0.0  0.0
          Min: 0.0, Avg: 0.0, Max: 0.0, Diff: 0.0, Sum: 0.0]
         [ObjectSynchronizer Roots (ms):  0.0  0.0  0.0  0.0  0.0  0.0  0.0  0.0
          Min: 0.0, Avg: 0.0, Max: 0.0, Diff: 0.0, Sum: 0.0]
         [FlatProfiler Roots (ms):  0.0  0.0  0.0  0.0  0.0  0.0  0.0  0.0
          Min: 0.0, Avg: 0.0, Max: 0.0, Diff: 0.0, Sum: 0.0]
         [Management Roots (ms):  0.0  0.0  0.0  0.0  0.0  0.0  0.0  0.0
          Min: 0.0, Avg: 0.0, Max: 0.0, Diff: 0.0, Sum: 0.0]
         [SystemDictionary Roots (ms):  0.0  0.0  0.1  0.0  0.0  0.0  0.0  0.0
          Min: 0.0, Avg: 0.0, Max: 0.1, Diff: 0.1, Sum: 0.1]
         [CLDG Roots (ms):  0.2  0.0  0.0  0.0  0.0  0.0  0.0  0.0
          Min: 0.0, Avg: 0.0, Max: 0.2, Diff: 0.2, Sum: 0.2]
         [JVMTI Roots (ms):  0.0  0.0  0.0  0.0  0.0  0.0  0.0  0.0
          Min: 0.0, Avg: 0.0, Max: 0.0, Diff: 0.0, Sum: 0.0]
         [CodeCache Roots (ms):  0.1  0.1  0.1  0.1  0.1  0.1  0.1  0.1
          Min: 0.1, Avg: 0.1, Max: 0.1, Diff: 0.0, Sum: 0.7]
         [CM RefProcessor Roots (ms):  0.0  0.0  0.0  0.0  0.0  0.0  0.0  0.0
          Min: 0.0, Avg: 0.0, Max: 0.0, Diff: 0.0, Sum: 0.0]
         [Wait For Strong CLD (ms):  0.0  0.0  0.0  0.0  0.0  0.0  0.0  0.0
          Min: 0.0, Avg: 0.0, Max: 0.0, Diff: 0.0, Sum: 0.0]
         [Weak CLD Roots (ms):  0.0  0.0  0.0  0.0  0.0  0.0  0.0  0.0
          Min: 0.0, Avg: 0.0, Max: 0.0, Diff: 0.0, Sum: 0.0]
         [SATB Filtering (ms):  0.0  0.0  0.0  0.0  0.0  0.0  0.0  0.0
          Min: 0.0, Avg: 0.0, Max: 0.0, Diff: 0.0, Sum: 0.0]
      [Update RS (ms):  0.1  0.1  0.0  0.1  0.1  0.1  0.1  0.0
       Min: 0.0, Avg: 0.1, Max: 0.1, Diff: 0.1, Sum: 0.5]
         [Processed Buffers:  1  2  15  1  1  2  1  2
          Min: 1, Avg: 3.1, Max: 15, Diff: 14, Sum: 25]
      [Scan RS (ms):  0.0  0.0  0.0  0.0  0.0  0.0  0.0  0.0
       Min: 0.0, Avg: 0.0, Max: 0.0, Diff: 0.0, Sum: 0.1]
      [Code Root Scanning (ms):  0.0  0.0  0.0  0.0  0.0  0.0  0.0  0.0
       Min: 0.0, Avg: 0.0, Max: 0.0, Diff: 0.0, Sum: 0.1]
      [Object Copy (ms):  3.1  3.1  3.1  3.1  3.1  3.1  3.1  3.1
       Min: 3.1, Avg: 3.1, Max: 3.1, Diff: 0.0, Sum: 24.9]
      [Termination (ms):  0.0  0.0  0.0  0.0  0.0  0.0  0.0  0.0
       Min: 0.0, Avg: 0.0, Max: 0.0, Diff: 0.0, Sum: 0.0]
         [Termination Attempts:  1  1  1  1  1  1  1  1
          Min: 1, Avg: 1.0, Max: 1, Diff: 0, Sum: 8]
      [GC Worker Other (ms):  0.0  0.0  0.0  0.0  0.0  0.0  0.0  0.0
       Min: 0.0, Avg: 0.0, Max: 0.0, Diff: 0.0, Sum: 0.2]
      [GC Worker Total (ms):  3.5  3.4  3.4  3.4  3.4  3.4  3.4  3.4
       Min: 3.4, Avg: 3.4, Max: 3.5, Diff: 0.1, Sum: 27.5]
      [GC Worker End (ms):  10375.4  10375.3  10375.3  10375.3  10375.3  10375.4  10375.3  10375.4
       Min: 10375.3, Avg: 10375.3, Max: 10375.4, Diff: 0.0]
   [Code Root Fixup: 0.0 ms]
   [Code Root Purge: 0.0 ms]
   [Clear CT: 0.2 ms]
   [Other: 0.5 ms]
      [Choose CSet: 0.0 ms]
      [Ref Proc: 0.2 ms]
      [Ref Enq: 0.0 ms]
      [Redirty Cards: 0.2 ms]
         [Parallel Redirty:  0.0  0.0  0.0  0.0  0.0  0.0  0.0  0.0
          Min: 0.0, Avg: 0.0, Max: 0.0, Diff: 0.0, Sum: 0.0]
         [Redirtied Cards:  173  0  0  0  0  0  0  0
          Min: 0, Avg: 21.6, Max: 173, Diff: 173, Sum: 173]
      [Humongous Register: 0.0 ms]
         [Humongous Total: 0]
         [Humongous Candidate: 0]
      [Humongous Reclaim: 0.0 ms]
         [Humongous Reclaimed: 0]
      [Free CSet: 0.1 ms]
         [Young Free CSet: 0.1 ms]
         [Non-Young Free CSet: 0.0 ms]
   [Eden: 145.0M(145.0M)->0.0B(145.0M) Survivors: 8192.0K->8192.0K Heap: 165.1M(256.0M)->20.6M(256.0M)]
 [Times: user=0.02 sys=0.00, real=0.00 secs] 
10.584: [GC pause (G1 Evacuation Pause) (young), 0.0039491 secs]
   [Parallel Time: 3.4 ms, GC Workers: 8]
      [GC Worker Start (ms):  10584.5  10584.5  10584.5  10584.5  10584.5  10584.5  10584.5  10584.5
       Min: 10584.5, Avg: 10584.5, Max: 10584.5, Diff: 0.1]
      [Ext Root Scanning (ms):  0.2  0.2  0.2  0.2  0.2  0.2  0.2  0.2
       Min: 0.2, Avg: 0.2, Max: 0.2, Diff: 0.1, Sum: 1.6]
         [Thread Roots (ms):  0.0  0.1  0.1  0.1  0.0  0.0  0.0  0.0
          Min: 0.0, Avg: 0.0, Max: 0.1, Diff: 0.1, Sum: 0.3]
         [StringTable Roots (ms):  0.0  0.1  0.2  0.1  0.2  0.2  0.2  0.1
          Min: 0.0, Avg: 0.1, Max: 0.2, Diff: 0.2, Sum: 1.0]
         [Universe Roots (ms):  0.0  0.0  0.0  0.0  0.0  0.0  0.0  0.0
          Min: 0.0, Avg: 0.0, Max: 0.0, Diff: 0.0, Sum: 0.0]
         [JNI Handles Roots (ms):  0.0  0.0  0.0  0.0  0.0  0.0  0.0  0.0
          Min: 0.0, Avg: 0.0, Max: 0.0, Diff: 0.0, Sum: 0.0]
         [ObjectSynchronizer Roots (ms):  0.0  0.0  0.0  0.0  0.0  0.0  0.0  0.0
          Min: 0.0, Avg: 0.0, Max: 0.0, Diff: 0.0, Sum: 0.0]
         [FlatProfiler Roots (ms):  0.0  0.0  0.0  0.0  0.0  0.0  0.0  0.0
          Min: 0.0, Avg: 0.0, Max: 0.0, Diff: 0.0, Sum: 0.0]
         [Management Roots (ms):  0.0  0.0  0.0  0.0  0.0  0.0  0.0  0.0
          Min: 0.0, Avg: 0.0, Max: 0.0, Diff: 0.0, Sum: 0.0]
         [SystemDictionary Roots (ms):  0.0  0.0  0.0  0.0  0.0  0.0  0.0  0.1
          Min: 0.0, Avg: 0.0, Max: 0.1, Diff: 0.1, Sum: 0.1]
         [CLDG Roots (ms):  0.2  0.0  0.0  0.0  0.0  0.0  0.0  0.0
          Min: 0.0, Avg: 0.0, Max: 0.2, Diff: 0.2, Sum: 0.2]
         [JVMTI Roots (ms):  0.0  0.0  0.0  0.0  0.0  0.0  0.0  0.0
          Min: 0.0, Avg: 0.0, Max: 0.0, Diff: 0.0, Sum: 0.0]
         [CodeCache Roots (ms):  0.1  0.1  0.1  0.1  0.1  0.1  0.1  0.1
          Min: 0.1, Avg: 0.1, Max: 0.1, Diff: 0.0, Sum: 0.7]
         [CM RefProcessor Roots (ms):  0.0  0.0  0.0  0.0  0.0  0.0  0.0  0.0
          Min: 0.0, Avg: 0.0, Max: 0.0, Diff: 0.0, Sum: 0.0]
         [Wait For Strong CLD (ms):  0.0  0.0  0.0  0.0  0.0  0.0  0.0  0.0
          Min: 0.0, Avg: 0.0, Max: 0.0, Diff: 0.0, Sum: 0.0]
         [Weak CLD Roots (ms):  0.0  0.0  0.0  0.0  0.0  0.0  0.0  0.0
          Min: 0.0, Avg: 0.0, Max: 0.0, Diff: 0.0, Sum: 0.0]
         [SATB Filtering (ms):  0.0  0.0  0.0  0.0  0.0  0.0  0.0  0.0
          Min: 0.0, Avg: 0.0, Max: 0.0, Diff: 0.0, Sum: 0.0]
      [Update RS (ms):  0.1  0.0  0.1  0.1  0.0  0.1  0.1  0.0
       Min: 0.0, Avg: 0.1, Max: 0.1, Diff: 0.1, Sum: 0.5]
         [Processed Buffers:  3  12  1  6  1  1  2  1
          Min: 1, Avg: 3.4, Max: 12, Diff: 11, Sum: 27]
      [Scan RS (ms):  0.0  0.0  0.0  0.0  0.0  0.0  0.0  0.0
       Min: 0.0, Avg: 0.0, Max: 0.0, Diff: 0.0, Sum: 0.1]
      [Code Root Scanning (ms):  0.0  0.0  0.0  0.0  0.0  0.0  0.0  0.0
       Min: 0.0, Avg: 0.0, Max: 0.0, Diff: 0.0, Sum: 0.0]
      [Object Copy (ms):  3.0  3.0  3.0  3.0  3.0  3.0  3.0  3.0
       Min: 3.0, Avg: 3.0, Max: 3.0, Diff: 0.1, Sum: 23.9]
      [Termination (ms):  0.0  0.0  0.0  0.0  0.0  0.0  0.0  0.0
       Min: 0.0, Avg: 0.0, Max: 0.0, Diff: 0.0, Sum: 0.0]
         [Termination Attempts:  2  2  2  2  1  1  1  2
          Min: 1, Avg: 1.6, Max: 2, Diff: 1, Sum: 13]
      [GC Worker Other (ms):  0.0  0.0  0.0  0.0  0.0  0.0  0.0  0.0
       Min: 0.0, Avg: 0.0, Max: 0.0, Diff: 0.0, Sum: 0.1]
      [GC Worker Total (ms):  3.3  3.3  3.3  3.3  3.3  3.3  3.3  3.3
       Min: 3.3, Avg: 3.3, Max: 3.3, Diff: 0.1, Sum: 26.4]
      [GC Worker End (ms):  10587.8  10587.8  10587.8  10587.8  10587.8  10587.8  10587.8  10587.8
       Min: 10587.8, Avg: 10587.8, Max: 10587.8, Diff: 0.0]
   [Code Root Fixup: 0.0 ms]
   [Code Root Purge: 0.0 ms]
   [Clear CT: 0.1 ms]
   [Other: 0.4 ms]
      [Choose CSet: 0.0 ms]
      [Ref Proc: 0.1 ms]
      [Ref Enq: 0.0 ms]
      [Redirty Cards: 0.1 ms]
         [Parallel Redirty:  0.0  0.0  0.0  0.0  0.0  0.0  0.0  0.0
          Min: 0.0, Avg: 0.0, Max: 0.0, Diff: 0.0, Sum: 0.0]
         [Redirtied Cards:  180  0  0  0  0  0  0  0
          Min: 0, Avg: 22.5, Max: 180, Diff: 180, Sum: 180]
      [Humongous Register: 0.0 ms]
         [Humongous Total: 0]
         [Humongous Candidate: 0]
      [Humongous Reclaim: 0.0 ms]
         [Humongous Reclaimed: 0]
      [Free CSet: 0.1 ms]
         [Young Free CSet: 0.1 ms]
         [Non-Young Free CSet: 0.0 ms]
   [Eden: 145.0M(145.0M)->0.0B(144.0M) Survivors: 8192.0K->9216.0K Heap: 165.6M(256.0M)->21.6M(256.0M)]
 [Times: user=0.03 sys=0.00, real=0.01 secs] 
10.794: [GC pause (G1 Evacuation Pause) (young), 0.0045564 secs]
   [Parallel Time: 3.9 ms, GC Workers: 8]
      [GC Worker Start (ms):  10794.0  10794.0  10794.0  10794.0  10794.0  10794.0  10794.1  10794.1
       Min: 10794.0, Avg: 10794.0, Max: 10794.1, Diff: 0.1]
      [Ext Root Scanning (ms):  0.2  0.2  0.2  0.2  0.2  0.2  0.2  0.2
       Min: 0.2, Avg: 0.2, Max: 0.2, Diff: 0.1, Sum: 1.6]
         [Thread Roots (ms):  0.0  0.1  0.0  0.0  0.0  0.0  0.0  0.0
          Min: 0.0, Avg: 0.0, Max: 0.1, Diff: 0.1, Sum: 0.3]
         [StringTable Roots (ms):  0.0  0.2  0.2  0.2  0.1  0.2  0.1  0.1
          Min: 0.0, Avg: 0.1, Max: 0.2, Diff: 0.2, Sum: 1.0]
         [Universe Roots (ms):  0.0  0.0  0.0  0.0  0.0  0.0  0.0  0.0
          Min: 0.0, Avg: 0.0, Max: 0.0, Diff: 0.0, Sum: 0.0]
         [JNI Handles Roots (ms):  0.0  0.0  0.0  0.0  0.0  0.0  0.0  0.0
          Min: 0.0, Avg: 0.0, Max: 0.0, Diff: 0.0, Sum: 0.0]
         [ObjectSynchronizer Roots (ms):  0.0  0.0  0.0  0.0  0.0  0.0  0.0  0.0
          Min: 0.0, Avg: 0.0, Max: 0.0, Diff: 0.0, Sum: 0.0]
         [FlatProfiler Roots (ms):  0.0  0.0  0.0  0.0  0.0  0.0  0.0  0.0
          Min: 0.0, Avg: 0.0, Max: 0.0, Diff: 0.0, Sum: 0.0]
         [Management Roots (ms):  0.0  0.0  0.0  0.0  0.0  0.0  0.0  0.0
          Min: 0.0, Avg: 0.0, Max: 0.0, Diff: 0.0, Sum: 0.0]
         [SystemDictionary Roots (ms):  0.0  0.0  0.0  0.0  0.1  0.0  0.0  0.0
          Min: 0.0, Avg: 0.0, Max: 0.1, Diff: 0.1, Sum: 0.1]
         [CLDG Roots (ms):  0.2  0.0  0.0  0.0  0.0  0.0  0.0  0.0
          Min: 0.0, Avg: 0.0, Max: 0.2, Diff: 0.2, Sum: 0.2]
         [JVMTI Roots (ms):  0.0  0.0  0.0  0.0  0.0  0.0  0.0  0.0
          Min: 0.0, Avg: 0.0, Max: 0.0, Diff: 0.0, Sum: 0.0]
         [CodeCache Roots (ms):  0.1  0.1  0.1  0.1  0.1  0.1  0.1  0.1
          Min: 0.1, Avg: 0.1, Max: 0.1, Diff: 0.0, Sum: 0.8]
         [CM RefProcessor Roots (ms):  0.0  0.0  0.0  0.0  0.0  0.0  0.0  0.0
          Min: 0.0, Avg: 0.0, Max: 0.0, Diff: 0.0, Sum: 0.0]
         [Wait For Strong CLD (ms):  0.0  0.0  0.0  0.0  0.0  0.0  0.0  0.0
          Min: 0.0, Avg: 0.0, Max: 0.0, Diff: 0.0, Sum: 0.0]
         [Weak CLD Roots (ms):  0.0  0.0  0.0  0.0  0.0  0.0  0.0  0.0
          Min: 0.0, Avg: 0.0, Max: 0.0, Diff: 0.0, Sum: 0.0]
         [SATB Filtering (ms):  0.0  0.0  0.0  0.0  0.0  0.0  0.0  0.0
          Min: 0.0, Avg: 0.0, Max: 0.0, Diff: 0.0, Sum: 0.0]
      [Update RS (ms):  0.1  0.1  0.1  0.1  0.0  0.1  0.1  0.1
       Min: 0.0, Avg: 0.1, Max: 0.1, Diff: 0.0, Sum: 0.6]
         [Processed Buffers:  1  1  1  7  15  1  2  1
          Min: 1, Avg: 3.6, Max: 15, Diff: 14, Sum: 29]
      [Scan RS (ms):  0.0  0.0  0.0  0.0  0.0  0.0  0.0  0.0
       Min: 0.0, Avg: 0.0, Max: 0.0, Diff: 0.0, Sum: 0.1]
      [Code Root Scanning (ms):  0.0  0.0  0.0  0.0  0.0  0.0  0.0  0.0
       Min: 0.0, Avg: 0.0, Max: 0.0, Diff: 0.0, Sum: 0.1]
      [Object Copy (ms):  3.4  3.5  3.6  3.5  3.4  3.5  3.4  3.4
       Min: 3.4, Avg: 3.5, Max: 3.6, Diff: 0.1, Sum: 27.7]
      [Termination (ms):  0.1  0.1  0.0  0.0  0.1  0.1  0.1  0.1
       Min: 0.0, Avg: 0.1, Max: 0.1, Diff: 0.1, Sum: 0.6]
         [Termination Attempts:  1  1  1  1  1  1  1  1
          Min: 1, Avg: 1.0, Max: 1, Diff: 0, Sum: 8]
      [GC Worker Other (ms):  0.0  0.0  0.0  0.0  0.0  0.0  0.0  0.0
       Min: 0.0, Avg: 0.0, Max: 0.0, Diff: 0.0, Sum: 0.1]
      [GC Worker Total (ms):  3.9  3.9  3.8  3.8  3.8  3.8  3.8  3.8
       Min: 3.8, Avg: 3.8, Max: 3.9, Diff: 0.1, Sum: 30.8]
      [GC Worker End (ms):  10797.9  10797.9  10797.9  10797.9  10797.9  10797.9  10797.9  10797.9
       Min: 10797.9, Avg: 10797.9, Max: 10797.9, Diff: 0.0]
   [Code Root Fixup: 0.0 ms]
   [Code Root Purge: 0.0 ms]
   [Clear CT: 0.1 ms]
   [Other: 0.5 ms]
      [Choose CSet: 0.0 ms]
      [Ref Proc: 0.2 ms]
      [Ref Enq: 0.0 ms]
      [Redirty Cards: 0.1 ms]
         [Parallel Redirty:  0.0  0.0  0.0  0.0  0.0  0.0  0.0  0.0
          Min: 0.0, Avg: 0.0, Max: 0.0, Diff: 0.0, Sum: 0.0]
         [Redirtied Cards:  174  0  0  0  0  0  0  0
          Min: 0, Avg: 21.8, Max: 174, Diff: 174, Sum: 174]
      [Humongous Register: 0.0 ms]
         [Humongous Total: 0]
         [Humongous Candidate: 0]
      [Humongous Reclaim: 0.0 ms]
         [Humongous Reclaimed: 0]
      [Free CSet: 0.1 ms]
         [Young Free CSet: 0.1 ms]
         [Non-Young Free CSet: 0.0 ms]
   [Eden: 144.0M(144.0M)->0.0B(145.0M) Survivors: 9216.0K->8192.0K Heap: 165.6M(256.0M)->21.7M(256.0M)]
 [Times: user=0.03 sys=0.01, real=0.01 secs] 
11.007: [GC pause (G1 Evacuation Pause) (young), 0.0041458 secs]
   [Parallel Time: 3.5 ms, GC Workers: 8]
      [GC Worker Start (ms):  11007.0  11007.0  11007.0  11007.0  11007.0  11007.0  11007.1  11007.1
       Min: 11007.0, Avg: 11007.0, Max: 11007.1, Diff: 0.1]
      [Ext Root Scanning (ms):  0.2  0.2  0.2  0.2  0.2  0.2  0.2  0.2
       Min: 0.2, Avg: 0.2, Max: 0.2, Diff: 0.1, Sum: 1.6]
         [Thread Roots (ms):  0.0  0.1  0.1  0.0  0.0  0.0  0.0  0.0
          Min: 0.0, Avg: 0.0, Max: 0.1, Diff: 0.1, Sum: 0.3]
         [StringTable Roots (ms):  0.0  0.1  0.2  0.2  0.2  0.1  0.2  0.1
          Min: 0.0, Avg: 0.1, Max: 0.2, Diff: 0.2, Sum: 1.0]
         [Universe Roots (ms):  0.0  0.0  0.0  0.0  0.0  0.0  0.0  0.0
          Min: 0.0, Avg: 0.0, Max: 0.0, Diff: 0.0, Sum: 0.0]
         [JNI Handles Roots (ms):  0.0  0.0  0.0  0.0  0.0  0.0  0.0  0.0
          Min: 0.0, Avg: 0.0, Max: 0.0, Diff: 0.0, Sum: 0.0]
         [ObjectSynchronizer Roots (ms):  0.0  0.0  0.0  0.0  0.0  0.0  0.0  0.0
          Min: 0.0, Avg: 0.0, Max: 0.0, Diff: 0.0, Sum: 0.0]
         [FlatProfiler Roots (ms):  0.0  0.0  0.0  0.0  0.0  0.0  0.0  0.0
          Min: 0.0, Avg: 0.0, Max: 0.0, Diff: 0.0, Sum: 0.0]
         [Management Roots (ms):  0.0  0.0  0.0  0.0  0.0  0.0  0.0  0.0
          Min: 0.0, Avg: 0.0, Max: 0.0, Diff: 0.0, Sum: 0.0]
         [SystemDictionary Roots (ms):  0.0  0.0  0.0  0.0  0.0  0.1  0.0  0.0
          Min: 0.0, Avg: 0.0, Max: 0.1, Diff: 0.1, Sum: 0.1]
         [CLDG Roots (ms):  0.2  0.0  0.0  0.0  0.0  0.0  0.0  0.0
          Min: 0.0, Avg: 0.0, Max: 0.2, Diff: 0.2, Sum: 0.2]
         [JVMTI Roots (ms):  0.0  0.0  0.0  0.0  0.0  0.0  0.0  0.0
          Min: 0.0, Avg: 0.0, Max: 0.0, Diff: 0.0, Sum: 0.0]
         [CodeCache Roots (ms):  0.1  0.1  0.1  0.1  0.1  0.1  0.1  0.1
          Min: 0.1, Avg: 0.1, Max: 0.1, Diff: 0.0, Sum: 0.6]
         [CM RefProcessor Roots (ms):  0.0  0.0  0.0  0.0  0.0  0.0  0.0  0.0
          Min: 0.0, Avg: 0.0, Max: 0.0, Diff: 0.0, Sum: 0.0]
         [Wait For Strong CLD (ms):  0.0  0.0  0.0  0.0  0.0  0.0  0.0  0.0
          Min: 0.0, Avg: 0.0, Max: 0.0, Diff: 0.0, Sum: 0.0]
         [Weak CLD Roots (ms):  0.0  0.0  0.0  0.0  0.0  0.0  0.0  0.0
          Min: 0.0, Avg: 0.0, Max: 0.0, Diff: 0.0, Sum: 0.0]
         [SATB Filtering (ms):  0.0  0.0  0.0  0.0  0.0  0.0  0.0  0.0
          Min: 0.0, Avg: 0.0, Max: 0.0, Diff: 0.0, Sum: 0.0]
      [Update RS (ms):  0.0  0.1  0.0  0.1  0.0  0.1  0.0  0.1
       Min: 0.0, Avg: 0.1, Max: 0.1, Diff: 0.0, Sum: 0.4]
         [Processed Buffers:  2  1  4  1  15  1  1  1
          Min: 1, Avg: 3.2, Max: 15, Diff: 14, Sum: 26]
      [Scan RS (ms):  0.0  0.0  0.0  0.0  0.0  0.0  0.0  0.0
       Min: 0.0, Avg: 0.0, Max: 0.0, Diff: 0.0, Sum: 0.1]
      [Code Root Scanning (ms):  0.0  0.0  0.0  0.0  0.0  0.0  0.0  0.0
       Min: 0.0, Avg: 0.0, Max: 0.0, Diff: 0.0, Sum: 0.0]
      [Object Copy (ms):  3.1  3.1  3.1  3.1  3.1  3.1  3.2  3.1
       Min: 3.1, Avg: 3.1, Max: 3.2, Diff: 0.0, Sum: 25.1]
      [Termination (ms):  0.0  0.0  0.0  0.0  0.0  0.0  0.0  0.0
       Min: 0.0, Avg: 0.0, Max: 0.0, Diff: 0.0, Sum: 0.0]
         [Termination Attempts:  1  1  1  1  1  1  1  1
          Min: 1, Avg: 1.0, Max: 1, Diff: 0, Sum: 8]
      [GC Worker Other (ms):  0.0  0.0  0.0  0.0  0.0  0.1  0.0  0.1
       Min: 0.0, Avg: 0.0, Max: 0.1, Diff: 0.1, Sum: 0.2]
      [GC Worker Total (ms):  3.5  3.5  3.4  3.5  3.4  3.5  3.4  3.4
       Min: 3.4, Avg: 3.4, Max: 3.5, Diff: 0.1, Sum: 27.6]
      [GC Worker End (ms):  11010.5  11010.5  11010.5  11010.5  11010.5  11010.5  11010.5  11010.5
       Min: 11010.5, Avg: 11010.5, Max: 11010.5, Diff: 0.1]
   [Code Root Fixup: 0.0 ms]
   [Code Root Purge: 0.0 ms]
   [Clear CT: 0.1 ms]
   [Other: 0.4 ms]
      [Choose CSet: 0.0 ms]
      [Ref Proc: 0.1 ms]
      [Ref Enq: 0.0 ms]
      [Redirty Cards: 0.1 ms]
         [Parallel Redirty:  0.0  0.0  0.0  0.0  0.0  0.0  0.0  0.0
          Min: 0.0, Avg: 0.0, Max: 0.0, Diff: 0.0, Sum: 0.0]
         [Redirtied Cards:  186  0  0  0  0  0  0  0
          Min: 0, Avg: 23.2, Max: 186, Diff: 186, Sum: 186]
      [Humongous Register: 0.0 ms]
         [Humongous Total: 0]
         [Humongous Candidate: 0]
      [Humongous Reclaim: 0.0 ms]
         [Humongous Reclaimed: 0]
      [Free CSet: 0.1 ms]
         [Young Free CSet: 0.1 ms]
         [Non-Young Free CSet: 0.0 ms]
   [Eden: 145.0M(145.0M)->0.0B(145.0M) Survivors: 8192.0K->8192.0K Heap: 166.7M(256.0M)->22.1M(256.0M)]
 [Times: user=0.03 sys=0.00, real=0.01 secs] 
11.236: [GC pause (G1 Evacuation Pause) (young), 0.0040132 secs]
   [Parallel Time: 3.4 ms, GC Workers: 8]
      [GC Worker Start (ms):  11235.6  11235.6  11235.6  11235.6  11235.6  11235.6  11235.6  11235.7
       Min: 11235.6, Avg: 11235.6, Max: 11235.7, Diff: 0.1]
      [Ext Root Scanning (ms):  0.2  0.2  0.2  0.2  0.2  0.2  0.2  0.2
       Min: 0.2, Avg: 0.2, Max: 0.2, Diff: 0.1, Sum: 1.6]
         [Thread Roots (ms):  0.0  0.1  0.1  0.0  0.0  0.0  0.0  0.0
          Min: 0.0, Avg: 0.0, Max: 0.1, Diff: 0.1, Sum: 0.3]
         [StringTable Roots (ms):  0.0  0.1  0.2  0.2  0.2  0.1  0.1  0.2
          Min: 0.0, Avg: 0.1, Max: 0.2, Diff: 0.2, Sum: 1.0]
         [Universe Roots (ms):  0.0  0.0  0.0  0.0  0.0  0.0  0.0  0.0
          Min: 0.0, Avg: 0.0, Max: 0.0, Diff: 0.0, Sum: 0.0]
         [JNI Handles Roots (ms):  0.0  0.0  0.0  0.0  0.0  0.0  0.0  0.0
          Min: 0.0, Avg: 0.0, Max: 0.0, Diff: 0.0, Sum: 0.0]
         [ObjectSynchronizer Roots (ms):  0.0  0.0  0.0  0.0  0.0  0.0  0.0  0.0
          Min: 0.0, Avg: 0.0, Max: 0.0, Diff: 0.0, Sum: 0.0]
         [FlatProfiler Roots (ms):  0.0  0.0  0.0  0.0  0.0  0.0  0.0  0.0
          Min: 0.0, Avg: 0.0, Max: 0.0, Diff: 0.0, Sum: 0.0]
         [Management Roots (ms):  0.0  0.0  0.0  0.0  0.0  0.0  0.0  0.0
          Min: 0.0, Avg: 0.0, Max: 0.0, Diff: 0.0, Sum: 0.0]
         [SystemDictionary Roots (ms):  0.0  0.0  0.0  0.0  0.0  0.1  0.0  0.0
          Min: 0.0, Avg: 0.0, Max: 0.1, Diff: 0.1, Sum: 0.1]
         [CLDG Roots (ms):  0.2  0.0  0.0  0.0  0.0  0.0  0.0  0.0
          Min: 0.0, Avg: 0.0, Max: 0.2, Diff: 0.2, Sum: 0.2]
         [JVMTI Roots (ms):  0.0  0.0  0.0  0.0  0.0  0.0  0.0  0.0
          Min: 0.0, Avg: 0.0, Max: 0.0, Diff: 0.0, Sum: 0.0]
         [CodeCache Roots (ms):  0.1  0.1  0.1  0.1  0.1  0.1  0.1  0.1
          Min: 0.1, Avg: 0.1, Max: 0.1, Diff: 0.0, Sum: 0.7]
         [CM RefProcessor Roots (ms):  0.0  0.0  0.0  0.0  0.0  0.0  0.0  0.0
          Min: 0.0, Avg: 0.0, Max: 0.0, Diff: 0.0, Sum: 0.0]
         [Wait For Strong CLD (ms):  0.0  0.0  0.0  0.0  0.0  0.0  0.0  0.0
          Min: 0.0, Avg: 0.0, Max: 0.0, Diff: 0.0, Sum: 0.0]
         [Weak CLD Roots (ms):  0.0  0.0  0.0  0.0  0.0  0.0  0.0  0.0
          Min: 0.0, Avg: 0.0, Max: 0.0, Diff: 0.0, Sum: 0.0]
         [SATB Filtering (ms):  0.0  0.0  0.0  0.0  0.0  0.0  0.0  0.0
          Min: 0.0, Avg: 0.0, Max: 0.0, Diff: 0.0, Sum: 0.0]
      [Update RS (ms):  0.1  0.1  0.1  0.0  0.0  0.1  0.1  0.1
       Min: 0.0, Avg: 0.1, Max: 0.1, Diff: 0.0, Sum: 0.5]
         [Processed Buffers:  2  1  1  13  7  1  1  1
          Min: 1, Avg: 3.4, Max: 13, Diff: 12, Sum: 27]
      [Scan RS (ms):  0.0  0.0  0.0  0.0  0.0  0.0  0.0  0.0
       Min: 0.0, Avg: 0.0, Max: 0.0, Diff: 0.0, Sum: 0.1]
      [Code Root Scanning (ms):  0.0  0.0  0.0  0.0  0.0  0.0  0.0  0.0
       Min: 0.0, Avg: 0.0, Max: 0.0, Diff: 0.0, Sum: 0.0]
      [Object Copy (ms):  3.0  3.0  3.0  3.0  3.0  3.0  3.0  3.0
       Min: 3.0, Avg: 3.0, Max: 3.0, Diff: 0.0, Sum: 24.0]
      [Termination (ms):  0.0  0.0  0.0  0.0  0.0  0.0  0.0  0.0
       Min: 0.0, Avg: 0.0, Max: 0.0, Diff: 0.0, Sum: 0.0]
         [Termination Attempts:  1  1  1  1  1  1  1  1
          Min: 1, Avg: 1.0, Max: 1, Diff: 0, Sum: 8]
      [GC Worker Other (ms):  0.0  0.0  0.0  0.0  0.0  0.0  0.0  0.0
       Min: 0.0, Avg: 0.0, Max: 0.0, Diff: 0.0, Sum: 0.2]
      [GC Worker Total (ms):  3.3  3.3  3.3  3.3  3.3  3.3  3.3  3.3
       Min: 3.3, Avg: 3.3, Max: 3.3, Diff: 0.1, Sum: 26.5]
      [GC Worker End (ms):  11238.9  11238.9  11238.9  11238.9  11238.9  11238.9  11238.9  11238.9
       Min: 11238.9, Avg: 11238.9, Max: 11238.9, Diff: 0.0]
   [Code Root Fixup: 0.0 ms]
   [Code Root Purge: 0.0 ms]
   [Clear CT: 0.1 ms]
   [Other: 0.4 ms]
      [Choose CSet: 0.0 ms]
      [Ref Proc: 0.1 ms]
      [Ref Enq: 0.0 ms]
      [Redirty Cards: 0.1 ms]
         [Parallel Redirty:  0.0  0.0  0.0  0.0  0.0  0.0  0.0  0.0
          Min: 0.0, Avg: 0.0, Max: 0.0, Diff: 0.0, Sum: 0.0]
         [Redirtied Cards:  191  0  0  0  0  0  0  0
          Min: 0, Avg: 23.9, Max: 191, Diff: 191, Sum: 191]
      [Humongous Register: 0.0 ms]
         [Humongous Total: 0]
         [Humongous Candidate: 0]
      [Humongous Reclaim: 0.0 ms]
         [Humongous Reclaimed: 0]
      [Free CSet: 0.1 ms]
         [Young Free CSet: 0.1 ms]
         [Non-Young Free CSet: 0.0 ms]
   [Eden: 145.0M(145.0M)->0.0B(144.0M) Survivors: 8192.0K->9216.0K Heap: 167.1M(256.0M)->23.1M(256.0M)]
 [Times: user=0.03 sys=0.01, real=0.01 secs] 
11.448: [GC pause (G1 Evacuation Pause) (young), 0.0044634 secs]
   [Parallel Time: 3.9 ms, GC Workers: 8]
      [GC Worker Start (ms):  11447.7  11447.7  11447.7  11447.7  11447.7  11447.7  11447.8  11447.8
       Min: 11447.7, Avg: 11447.7, Max: 11447.8, Diff: 0.1]
      [Ext Root Scanning (ms):  0.3  0.2  0.2  0.2  0.3  0.2  0.2  0.2
       Min: 0.2, Avg: 0.2, Max: 0.3, Diff: 0.1, Sum: 1.8]
         [Thread Roots (ms):  0.0  0.1  0.1  0.1  0.3  0.0  0.1  0.0
          Min: 0.0, Avg: 0.1, Max: 0.3, Diff: 0.3, Sum: 0.6]
         [StringTable Roots (ms):  0.0  0.2  0.2  0.1  0.0  0.2  0.1  0.2
          Min: 0.0, Avg: 0.1, Max: 0.2, Diff: 0.2, Sum: 1.0]
         [Universe Roots (ms):  0.0  0.0  0.0  0.0  0.0  0.0  0.0  0.0
          Min: 0.0, Avg: 0.0, Max: 0.0, Diff: 0.0, Sum: 0.0]
         [JNI Handles Roots (ms):  0.0  0.0  0.0  0.0  0.0  0.0  0.0  0.0
          Min: 0.0, Avg: 0.0, Max: 0.0, Diff: 0.0, Sum: 0.0]
         [ObjectSynchronizer Roots (ms):  0.0  0.0  0.0  0.0  0.0  0.0  0.0  0.0
          Min: 0.0, Avg: 0.0, Max: 0.0, Diff: 0.0, Sum: 0.0]
         [FlatProfiler Roots (ms):  0.0  0.0  0.0  0.0  0.0  0.0  0.0  0.0
          Min: 0.0, Avg: 0.0, Max: 0.0, Diff: 0.0, Sum: 0.0]
         [Management Roots (ms):  0.0  0.0  0.0  0.0  0.0  0.0  0.0  0.0
          Min: 0.0, Avg: 0.0, Max: 0.0, Diff: 0.0, Sum: 0.0]
         [SystemDictionary Roots (ms):  0.0  0.0  0.0  0.1  0.0  0.0  0.0  0.0
          Min: 0.0, Avg: 0.0, Max: 0.1, Diff: 0.1, Sum: 0.1]
         [CLDG Roots (ms):  0.2  0.0  0.0  0.0  0.0  0.0  0.0  0.0
          Min: 0.0, Avg: 0.0, Max: 0.2, Diff: 0.2, Sum: 0.2]
         [JVMTI Roots (ms):  0.0  0.0  0.0  0.0  0.0  0.0  0.0  0.0
          Min: 0.0, Avg: 0.0, Max: 0.0, Diff: 0.0, Sum: 0.0]
         [CodeCache Roots (ms):  0.1  0.1  0.1  0.1  0.1  0.0  0.1  0.1
          Min: 0.0, Avg: 0.1, Max: 0.1, Diff: 0.1, Sum: 0.7]
         [CM RefProcessor Roots (ms):  0.0  0.0  0.0  0.0  0.0  0.0  0.0  0.0
          Min: 0.0, Avg: 0.0, Max: 0.0, Diff: 0.0, Sum: 0.0]
         [Wait For Strong CLD (ms):  0.0  0.0  0.0  0.0  0.0  0.0  0.0  0.0
          Min: 0.0, Avg: 0.0, Max: 0.0, Diff: 0.0, Sum: 0.0]
         [Weak CLD Roots (ms):  0.0  0.0  0.0  0.0  0.0  0.0  0.0  0.0
          Min: 0.0, Avg: 0.0, Max: 0.0, Diff: 0.0, Sum: 0.0]
         [SATB Filtering (ms):  0.0  0.0  0.0  0.0  0.0  0.0  0.0  0.0
          Min: 0.0, Avg: 0.0, Max: 0.0, Diff: 0.0, Sum: 0.0]
      [Update RS (ms):  0.1  0.1  0.1  0.1  0.1  0.0  0.1  0.1
       Min: 0.0, Avg: 0.1, Max: 0.1, Diff: 0.1, Sum: 0.5]
         [Processed Buffers:  1  2  14  1  1  0  8  1
          Min: 0, Avg: 3.5, Max: 14, Diff: 14, Sum: 28]
      [Scan RS (ms):  0.0  0.0  0.0  0.0  0.0  0.0  0.0  0.0
       Min: 0.0, Avg: 0.0, Max: 0.0, Diff: 0.0, Sum: 0.1]
      [Code Root Scanning (ms):  0.0  0.0  0.0  0.0  0.0  0.0  0.0  0.0
       Min: 0.0, Avg: 0.0, Max: 0.0, Diff: 0.0, Sum: 0.0]
      [Object Copy (ms):  3.4  3.5  3.5  3.4  3.4  3.6  3.4  3.5
       Min: 3.4, Avg: 3.5, Max: 3.6, Diff: 0.1, Sum: 27.7]
      [Termination (ms):  0.0  0.0  0.0  0.0  0.0  0.0  0.0  0.0
       Min: 0.0, Avg: 0.0, Max: 0.0, Diff: 0.0, Sum: 0.0]
         [Termination Attempts:  1  1  1  1  1  1  1  1
          Min: 1, Avg: 1.0, Max: 1, Diff: 0, Sum: 8]
      [GC Worker Other (ms):  0.0  0.0  0.0  0.0  0.0  0.0  0.0  0.0
       Min: 0.0, Avg: 0.0, Max: 0.0, Diff: 0.0, Sum: 0.2]
      [GC Worker Total (ms):  3.8  3.8  3.8  3.8  3.8  3.8  3.8  3.8
       Min: 3.8, Avg: 3.8, Max: 3.8, Diff: 0.1, Sum: 30.5]
      [GC Worker End (ms):  11451.5  11451.5  11451.5  11451.5  11451.6  11451.6  11451.6  11451.5
       Min: 11451.5, Avg: 11451.5, Max: 11451.6, Diff: 0.0]
   [Code Root Fixup: 0.0 ms]
   [Code Root Purge: 0.0 ms]
   [Clear CT: 0.1 ms]
   [Other: 0.4 ms]
      [Choose CSet: 0.0 ms]
      [Ref Proc: 0.1 ms]
      [Ref Enq: 0.0 ms]
      [Redirty Cards: 0.1 ms]
         [Parallel Redirty:  0.0  0.0  0.0  0.0  0.0  0.0  0.0  0.0
          Min: 0.0, Avg: 0.0, Max: 0.0, Diff: 0.0, Sum: 0.0]
         [Redirtied Cards:  214  0  0  0  0  0  0  0
          Min: 0, Avg: 26.8, Max: 214, Diff: 214, Sum: 214]
      [Humongous Register: 0.0 ms]
         [Humongous Total: 0]
         [Humongous Candidate: 0]
      [Humongous Reclaim: 0.0 ms]
         [Humongous Reclaimed: 0]
      [Free CSet: 0.1 ms]
         [Young Free CSet: 0.1 ms]
         [Non-Young Free CSet: 0.0 ms]
   [Eden: 144.0M(144.0M)->0.0B(145.0M) Survivors: 9216.0K->8192.0K Heap: 167.1M(256.0M)->23.1M(256.0M)]
 [Times: user=0.03 sys=0.00, real=0.00 secs] 
11.685: [GC pause (G1 Evacuation Pause) (young), 0.0041459 secs]
   [Parallel Time: 3.6 ms, GC Workers: 8]
      [GC Worker Start (ms):  11684.6  11684.6  11684.6  11684.6  11684.6  11684.6  11684.7  11684.7
       Min: 11684.6, Avg: 11684.6, Max: 11684.7, Diff: 0.0]
      [Ext Root Scanning (ms):  0.2  0.2  0.2  0.2  0.2  0.2  0.2  0.2
       Min: 0.2, Avg: 0.2, Max: 0.2, Diff: 0.0, Sum: 1.6]
         [Thread Roots (ms):  0.0  0.1  0.1  0.1  0.0  0.0  0.1  0.0
          Min: 0.0, Avg: 0.0, Max: 0.1, Diff: 0.1, Sum: 0.4]
         [StringTable Roots (ms):  0.0  0.2  0.1  0.1  0.2  0.2  0.1  0.1
          Min: 0.0, Avg: 0.1, Max: 0.2, Diff: 0.1, Sum: 1.0]
         [Universe Roots (ms):  0.0  0.0  0.0  0.0  0.0  0.0  0.0  0.0
          Min: 0.0, Avg: 0.0, Max: 0.0, Diff: 0.0, Sum: 0.0]
         [JNI Handles Roots (ms):  0.0  0.0  0.0  0.0  0.0  0.0  0.0  0.0
          Min: 0.0, Avg: 0.0, Max: 0.0, Diff: 0.0, Sum: 0.0]
         [ObjectSynchronizer Roots (ms):  0.0  0.0  0.0  0.0  0.0  0.0  0.0  0.0
          Min: 0.0, Avg: 0.0, Max: 0.0, Diff: 0.0, Sum: 0.0]
         [FlatProfiler Roots (ms):  0.0  0.0  0.0  0.0  0.0  0.0  0.0  0.0
          Min: 0.0, Avg: 0.0, Max: 0.0, Diff: 0.0, Sum: 0.0]
         [Management Roots (ms):  0.0  0.0  0.0  0.0  0.0  0.0  0.0  0.0
          Min: 0.0, Avg: 0.0, Max: 0.0, Diff: 0.0, Sum: 0.0]
         [SystemDictionary Roots (ms):  0.0  0.0  0.0  0.0  0.0  0.0  0.0  0.1
          Min: 0.0, Avg: 0.0, Max: 0.1, Diff: 0.1, Sum: 0.1]
         [CLDG Roots (ms):  0.2  0.0  0.0  0.0  0.0  0.0  0.0  0.0
          Min: 0.0, Avg: 0.0, Max: 0.2, Diff: 0.2, Sum: 0.2]
         [JVMTI Roots (ms):  0.0  0.0  0.0  0.0  0.0  0.0  0.0  0.0
          Min: 0.0, Avg: 0.0, Max: 0.0, Diff: 0.0, Sum: 0.0]
         [CodeCache Roots (ms):  0.1  0.1  0.1  0.1  0.1  0.1  0.1  0.1
          Min: 0.1, Avg: 0.1, Max: 0.1, Diff: 0.0, Sum: 0.9]
         [CM RefProcessor Roots (ms):  0.0  0.0  0.0  0.0  0.0  0.0  0.0  0.0
          Min: 0.0, Avg: 0.0, Max: 0.0, Diff: 0.0, Sum: 0.0]
         [Wait For Strong CLD (ms):  0.0  0.0  0.0  0.0  0.0  0.0  0.0  0.0
          Min: 0.0, Avg: 0.0, Max: 0.0, Diff: 0.0, Sum: 0.0]
         [Weak CLD Roots (ms):  0.0  0.0  0.0  0.0  0.0  0.0  0.0  0.0
          Min: 0.0, Avg: 0.0, Max: 0.0, Diff: 0.0, Sum: 0.0]
         [SATB Filtering (ms):  0.0  0.0  0.0  0.0  0.0  0.0  0.0  0.0
          Min: 0.0, Avg: 0.0, Max: 0.0, Diff: 0.0, Sum: 0.0]
      [Update RS (ms):  0.1  0.1  0.1  0.1  0.1  0.1  0.1  0.1
       Min: 0.1, Avg: 0.1, Max: 0.1, Diff: 0.0, Sum: 0.7]
         [Processed Buffers:  1  16  2  1  2  4  1  1
          Min: 1, Avg: 3.5, Max: 16, Diff: 15, Sum: 28]
      [Scan RS (ms):  0.0  0.0  0.0  0.0  0.0  0.0  0.0  0.0
       Min: 0.0, Avg: 0.0, Max: 0.0, Diff: 0.0, Sum: 0.1]
      [Code Root Scanning (ms):  0.0  0.0  0.0  0.0  0.0  0.0  0.0  0.0
       Min: 0.0, Avg: 0.0, Max: 0.0, Diff: 0.0, Sum: 0.1]
      [Object Copy (ms):  3.1  3.1  3.1  3.1  3.1  3.1  3.1  3.1
       Min: 3.1, Avg: 3.1, Max: 3.1, Diff: 0.0, Sum: 24.9]
      [Termination (ms):  0.0  0.0  0.0  0.0  0.0  0.0  0.0  0.0
       Min: 0.0, Avg: 0.0, Max: 0.0, Diff: 0.0, Sum: 0.0]
         [Termination Attempts:  1  1  1  1  1  1  1  1
          Min: 1, Avg: 1.0, Max: 1, Diff: 0, Sum: 8]
      [GC Worker Other (ms):  0.0  0.1  0.1  0.0  0.0  0.1  0.0  0.0
       Min: 0.0, Avg: 0.0, Max: 0.1, Diff: 0.1, Sum: 0.3]
      [GC Worker Total (ms):  3.5  3.5  3.5  3.4  3.5  3.5  3.4  3.4
       Min: 3.4, Avg: 3.5, Max: 3.5, Diff: 0.1, Sum: 27.7]
      [GC Worker End (ms):  11688.1  11688.1  11688.1  11688.1  11688.1  11688.1  11688.1  11688.1
       Min: 11688.1, Avg: 11688.1, Max: 11688.1, Diff: 0.1]
   [Code Root Fixup: 0.0 ms]
   [Code Root Purge: 0.0 ms]
   [Clear CT: 0.1 ms]
   [Other: 0.4 ms]
      [Choose CSet: 0.0 ms]
      [Ref Proc: 0.2 ms]
      [Ref Enq: 0.0 ms]
      [Redirty Cards: 0.1 ms]
         [Parallel Redirty:  0.0  0.0  0.0  0.0  0.0  0.0  0.0  0.0
          Min: 0.0, Avg: 0.0, Max: 0.0, Diff: 0.0, Sum: 0.0]
         [Redirtied Cards:  171  0  0  0  0  0  0  0
          Min: 0, Avg: 21.4, Max: 171, Diff: 171, Sum: 171]
      [Humongous Register: 0.0 ms]
         [Humongous Total: 0]
         [Humongous Candidate: 0]
      [Humongous Reclaim: 0.0 ms]
         [Humongous Reclaimed: 0]
      [Free CSet: 0.1 ms]
         [Young Free CSet: 0.1 ms]
         [Non-Young Free CSet: 0.0 ms]
   [Eden: 145.0M(145.0M)->0.0B(144.0M) Survivors: 8192.0K->9216.0K Heap: 168.1M(256.0M)->24.2M(256.0M)]
 [Times: user=0.03 sys=0.00, real=0.01 secs] 
11.920: [GC pause (G1 Evacuation Pause) (young), 0.0060941 secs]
   [Parallel Time: 5.2 ms, GC Workers: 8]
      [GC Worker Start (ms):  11919.7  11919.8  11919.8  11919.8  11919.8  11920.2  11924.5  11924.8
       Min: 11919.7, Avg: 11921.0, Max: 11924.8, Diff: 5.0]
      [Ext Root Scanning (ms):  0.3  0.3  0.3  0.3  0.3  0.0  0.0  0.0
       Min: 0.0, Avg: 0.2, Max: 0.3, Diff: 0.3, Sum: 1.3]
         [Thread Roots (ms):  0.0  0.1  0.1  0.1  0.1  0.0  0.0  0.0
          Min: 0.0, Avg: 0.0, Max: 0.1, Diff: 0.1, Sum: 0.4]
         [StringTable Roots (ms):  0.1  0.2  0.2  0.1  0.2  0.0  0.0  0.0
          Min: 0.0, Avg: 0.1, Max: 0.2, Diff: 0.2, Sum: 0.8]
         [Universe Roots (ms):  0.0  0.0  0.0  0.0  0.0  0.0  0.0  0.0
          Min: 0.0, Avg: 0.0, Max: 0.0, Diff: 0.0, Sum: 0.0]
         [JNI Handles Roots (ms):  0.0  0.0  0.0  0.0  0.0  0.0  0.0  0.0
          Min: 0.0, Avg: 0.0, Max: 0.0, Diff: 0.0, Sum: 0.0]
         [ObjectSynchronizer Roots (ms):  0.0  0.0  0.0  0.0  0.0  0.0  0.0  0.0
          Min: 0.0, Avg: 0.0, Max: 0.0, Diff: 0.0, Sum: 0.0]
         [FlatProfiler Roots (ms):  0.0  0.0  0.0  0.0  0.0  0.0  0.0  0.0
          Min: 0.0, Avg: 0.0, Max: 0.0, Diff: 0.0, Sum: 0.0]
         [Management Roots (ms):  0.0  0.0  0.0  0.0  0.0  0.0  0.0  0.0
          Min: 0.0, Avg: 0.0, Max: 0.0, Diff: 0.0, Sum: 0.0]
         [SystemDictionary Roots (ms):  0.0  0.0  0.0  0.1  0.0  0.0  0.0  0.0
          Min: 0.0, Avg: 0.0, Max: 0.1, Diff: 0.1, Sum: 0.1]
         [CLDG Roots (ms):  0.2  0.0  0.0  0.0  0.0  0.0  0.0  0.0
          Min: 0.0, Avg: 0.0, Max: 0.2, Diff: 0.2, Sum: 0.2]
         [JVMTI Roots (ms):  0.0  0.0  0.0  0.0  0.0  0.0  0.0  0.0
          Min: 0.0, Avg: 0.0, Max: 0.0, Diff: 0.0, Sum: 0.0]
         [CodeCache Roots (ms):  0.1  0.1  0.1  4.3  0.1  0.0  0.0  0.0
          Min: 0.0, Avg: 0.6, Max: 4.3, Diff: 4.3, Sum: 4.7]
         [CM RefProcessor Roots (ms):  0.0  0.0  0.0  0.0  0.0  0.0  0.0  0.0
          Min: 0.0, Avg: 0.0, Max: 0.0, Diff: 0.0, Sum: 0.0]
         [Wait For Strong CLD (ms):  0.0  0.0  0.0  0.0  0.0  0.0  0.0  0.0
          Min: 0.0, Avg: 0.0, Max: 0.0, Diff: 0.0, Sum: 0.0]
         [Weak CLD Roots (ms):  0.0  0.0  0.0  0.0  0.0  0.0  0.0  0.0
          Min: 0.0, Avg: 0.0, Max: 0.0, Diff: 0.0, Sum: 0.0]
         [SATB Filtering (ms):  0.0  0.0  0.0  0.0  0.0  0.0  0.0  0.0
          Min: 0.0, Avg: 0.0, Max: 0.0, Diff: 0.0, Sum: 0.0]
      [Update RS (ms):  0.1  0.1  0.1  0.1  0.1  0.0  0.0  0.0
       Min: 0.0, Avg: 0.1, Max: 0.1, Diff: 0.1, Sum: 0.4]
         [Processed Buffers:  11  1  2  7  4  0  0  0
          Min: 0, Avg: 3.1, Max: 11, Diff: 11, Sum: 25]
      [Scan RS (ms):  0.0  0.0  0.0  0.0  0.0  0.0  0.0  0.0
       Min: 0.0, Avg: 0.0, Max: 0.0, Diff: 0.0, Sum: 0.1]
      [Code Root Scanning (ms):  0.0  0.0  0.0  4.1  0.0  0.0  0.0  0.0
       Min: 0.0, Avg: 0.5, Max: 4.1, Diff: 4.1, Sum: 4.2]
      [Object Copy (ms):  4.5  4.5  4.5  0.4  4.5  4.5  0.2  0.0
       Min: 0.0, Avg: 2.9, Max: 4.5, Diff: 4.5, Sum: 23.1]
      [Termination (ms):  0.1  0.1  0.1  0.1  0.1  0.1  0.1  0.0
       Min: 0.0, Avg: 0.1, Max: 0.1, Diff: 0.1, Sum: 0.9]
         [Termination Attempts:  1  1  1  1  1  1  1  1
          Min: 1, Avg: 1.0, Max: 1, Diff: 0, Sum: 8]
      [GC Worker Other (ms):  0.0  0.0  0.0  0.0  0.0  0.0  0.0  0.0
       Min: 0.0, Avg: 0.0, Max: 0.0, Diff: 0.0, Sum: 0.1]
      [GC Worker Total (ms):  5.1  5.1  5.0  5.1  5.0  4.6  0.3  0.0
       Min: 0.0, Avg: 3.8, Max: 5.1, Diff: 5.0, Sum: 30.2]
      [GC Worker End (ms):  11924.8  11924.8  11924.8  11924.8  11924.8  11924.8  11924.8  11924.8
       Min: 11924.8, Avg: 11924.8, Max: 11924.8, Diff: 0.0]
   [Code Root Fixup: 0.1 ms]
   [Code Root Purge: 0.0 ms]
   [Clear CT: 0.2 ms]
   [Other: 0.6 ms]
      [Choose CSet: 0.0 ms]
      [Ref Proc: 0.3 ms]
      [Ref Enq: 0.0 ms]
      [Redirty Cards: 0.2 ms]
         [Parallel Redirty:  0.0  0.0  0.0  0.0  0.0  0.0  0.0  0.0
          Min: 0.0, Avg: 0.0, Max: 0.0, Diff: 0.0, Sum: 0.0]
         [Redirtied Cards:  171  0  0  0  0  0  0  0
          Min: 0, Avg: 21.4, Max: 171, Diff: 171, Sum: 171]
      [Humongous Register: 0.0 ms]
         [Humongous Total: 0]
         [Humongous Candidate: 0]
      [Humongous Reclaim: 0.0 ms]
         [Humongous Reclaimed: 0]
      [Free CSet: 0.1 ms]
         [Young Free CSet: 0.1 ms]
         [Non-Young Free CSet: 0.0 ms]
   [Eden: 144.0M(144.0M)->0.0B(144.0M) Survivors: 9216.0K->9216.0K Heap: 168.2M(256.0M)->24.7M(256.0M)]
 [Times: user=0.04 sys=0.00, real=0.00 secs] 
12.156: [GC pause (G1 Evacuation Pause) (young), 0.0042782 secs]
   [Parallel Time: 3.6 ms, GC Workers: 8]
      [GC Worker Start (ms):  12155.9  12155.9  12155.9  12155.9  12155.9  12156.0  12156.0  12156.0
       Min: 12155.9, Avg: 12155.9, Max: 12156.0, Diff: 0.1]
      [Ext Root Scanning (ms):  0.3  0.2  0.2  0.2  0.2  0.2  0.2  0.2
       Min: 0.2, Avg: 0.2, Max: 0.3, Diff: 0.1, Sum: 1.6]
         [Thread Roots (ms):  0.0  0.1  0.1  0.1  0.0  0.0  0.0  0.0
          Min: 0.0, Avg: 0.0, Max: 0.1, Diff: 0.1, Sum: 0.4]
         [StringTable Roots (ms):  0.0  0.1  0.1  0.2  0.2  0.1  0.2  0.2
          Min: 0.0, Avg: 0.1, Max: 0.2, Diff: 0.1, Sum: 1.0]
         [Universe Roots (ms):  0.0  0.0  0.0  0.0  0.0  0.0  0.0  0.0
          Min: 0.0, Avg: 0.0, Max: 0.0, Diff: 0.0, Sum: 0.0]
         [JNI Handles Roots (ms):  0.0  0.0  0.0  0.0  0.0  0.0  0.0  0.0
          Min: 0.0, Avg: 0.0, Max: 0.0, Diff: 0.0, Sum: 0.0]
         [ObjectSynchronizer Roots (ms):  0.0  0.0  0.0  0.0  0.0  0.0  0.0  0.0
          Min: 0.0, Avg: 0.0, Max: 0.0, Diff: 0.0, Sum: 0.0]
         [FlatProfiler Roots (ms):  0.0  0.0  0.0  0.0  0.0  0.0  0.0  0.0
          Min: 0.0, Avg: 0.0, Max: 0.0, Diff: 0.0, Sum: 0.0]
         [Management Roots (ms):  0.0  0.0  0.0  0.0  0.0  0.0  0.0  0.0
          Min: 0.0, Avg: 0.0, Max: 0.0, Diff: 0.0, Sum: 0.0]
         [SystemDictionary Roots (ms):  0.0  0.0  0.0  0.0  0.0  0.1  0.0  0.0
          Min: 0.0, Avg: 0.0, Max: 0.1, Diff: 0.1, Sum: 0.1]
         [CLDG Roots (ms):  0.2  0.0  0.0  0.0  0.0  0.0  0.0  0.0
          Min: 0.0, Avg: 0.0, Max: 0.2, Diff: 0.2, Sum: 0.2]
         [JVMTI Roots (ms):  0.0  0.0  0.0  0.0  0.0  0.0  0.0  0.0
          Min: 0.0, Avg: 0.0, Max: 0.0, Diff: 0.0, Sum: 0.0]
         [CodeCache Roots (ms):  0.2  0.1  0.1  0.1  0.1  0.1  0.1  0.1
          Min: 0.1, Avg: 0.1, Max: 0.2, Diff: 0.1, Sum: 0.8]
         [CM RefProcessor Roots (ms):  0.0  0.0  0.0  0.0  0.0  0.0  0.0  0.0
          Min: 0.0, Avg: 0.0, Max: 0.0, Diff: 0.0, Sum: 0.0]
         [Wait For Strong CLD (ms):  0.0  0.0  0.0  0.0  0.0  0.0  0.0  0.0
          Min: 0.0, Avg: 0.0, Max: 0.0, Diff: 0.0, Sum: 0.0]
         [Weak CLD Roots (ms):  0.0  0.0  0.0  0.0  0.0  0.0  0.0  0.0
          Min: 0.0, Avg: 0.0, Max: 0.0, Diff: 0.0, Sum: 0.0]
         [SATB Filtering (ms):  0.0  0.0  0.0  0.0  0.0  0.0  0.0  0.0
          Min: 0.0, Avg: 0.0, Max: 0.0, Diff: 0.0, Sum: 0.0]
      [Update RS (ms):  0.2  0.1  0.1  0.1  0.0  0.0  0.1  0.1
       Min: 0.0, Avg: 0.1, Max: 0.2, Diff: 0.1, Sum: 0.6]
         [Processed Buffers:  1  1  1  1  5  6  10  1
          Min: 1, Avg: 3.2, Max: 10, Diff: 9, Sum: 26]
      [Scan RS (ms):  0.0  0.0  0.0  0.0  0.0  0.0  0.0  0.0
       Min: 0.0, Avg: 0.0, Max: 0.0, Diff: 0.0, Sum: 0.1]
      [Code Root Scanning (ms):  0.0  0.0  0.0  0.0  0.0  0.0  0.0  0.0
       Min: 0.0, Avg: 0.0, Max: 0.0, Diff: 0.0, Sum: 0.0]
      [Object Copy (ms):  3.1  3.2  3.2  3.2  3.2  3.2  3.2  3.2
       Min: 3.1, Avg: 3.2, Max: 3.2, Diff: 0.1, Sum: 25.4]
      [Termination (ms):  0.0  0.0  0.0  0.0  0.0  0.0  0.0  0.0
       Min: 0.0, Avg: 0.0, Max: 0.0, Diff: 0.0, Sum: 0.0]
         [Termination Attempts:  1  1  1  1  1  1  1  1
          Min: 1, Avg: 1.0, Max: 1, Diff: 0, Sum: 8]
      [GC Worker Other (ms):  0.0  0.0  0.0  0.0  0.0  0.0  0.0  0.0
       Min: 0.0, Avg: 0.0, Max: 0.0, Diff: 0.0, Sum: 0.2]
      [GC Worker Total (ms):  3.5  3.6  3.5  3.5  3.5  3.5  3.5  3.5
       Min: 3.5, Avg: 3.5, Max: 3.6, Diff: 0.1, Sum: 28.1]
      [GC Worker End (ms):  12159.4  12159.5  12159.4  12159.5  12159.4  12159.5  12159.4  12159.5
       Min: 12159.4, Avg: 12159.5, Max: 12159.5, Diff: 0.0]
   [Code Root Fixup: 0.0 ms]
   [Code Root Purge: 0.0 ms]
   [Clear CT: 0.1 ms]
   [Other: 0.5 ms]
      [Choose CSet: 0.0 ms]
      [Ref Proc: 0.2 ms]
      [Ref Enq: 0.0 ms]
      [Redirty Cards: 0.1 ms]
         [Parallel Redirty:  0.0  0.0  0.0  0.0  0.0  0.0  0.0  0.0
          Min: 0.0, Avg: 0.0, Max: 0.0, Diff: 0.0, Sum: 0.0]
         [Redirtied Cards:  168  0  0  0  0  0  0  0
          Min: 0, Avg: 21.0, Max: 168, Diff: 168, Sum: 168]
      [Humongous Register: 0.0 ms]
         [Humongous Total: 0]
         [Humongous Candidate: 0]
      [Humongous Reclaim: 0.0 ms]
         [Humongous Reclaimed: 0]
      [Free CSet: 0.1 ms]
         [Young Free CSet: 0.1 ms]
         [Non-Young Free CSet: 0.0 ms]
   [Eden: 144.0M(144.0M)->0.0B(144.0M) Survivors: 9216.0K->9216.0K Heap: 168.7M(256.0M)->25.3M(256.0M)]
 [Times: user=0.03 sys=0.00, real=0.01 secs] 
12.367: [GC pause (G1 Evacuation Pause) (young), 0.0040895 secs]
   [Parallel Time: 3.5 ms, GC Workers: 8]
      [GC Worker Start (ms):  12367.3  12367.3  12367.4  12367.4  12367.4  12367.4  12367.4  12367.4
       Min: 12367.3, Avg: 12367.4, Max: 12367.4, Diff: 0.1]
      [Ext Root Scanning (ms):  0.3  0.2  0.2  0.2  0.2  0.2  0.2  0.2
       Min: 0.2, Avg: 0.2, Max: 0.3, Diff: 0.1, Sum: 1.6]
         [Thread Roots (ms):  0.0  0.1  0.1  0.0  0.1  0.0  0.0  0.0
          Min: 0.0, Avg: 0.0, Max: 0.1, Diff: 0.1, Sum: 0.3]
         [StringTable Roots (ms):  0.0  0.1  0.1  0.2  0.1  0.2  0.2  0.2
          Min: 0.0, Avg: 0.1, Max: 0.2, Diff: 0.2, Sum: 1.1]
         [Universe Roots (ms):  0.0  0.0  0.0  0.0  0.0  0.0  0.0  0.0
          Min: 0.0, Avg: 0.0, Max: 0.0, Diff: 0.0, Sum: 0.0]
         [JNI Handles Roots (ms):  0.0  0.0  0.0  0.0  0.0  0.0  0.0  0.0
          Min: 0.0, Avg: 0.0, Max: 0.0, Diff: 0.0, Sum: 0.0]
         [ObjectSynchronizer Roots (ms):  0.0  0.0  0.0  0.0  0.0  0.0  0.0  0.0
          Min: 0.0, Avg: 0.0, Max: 0.0, Diff: 0.0, Sum: 0.0]
         [FlatProfiler Roots (ms):  0.0  0.0  0.0  0.0  0.0  0.0  0.0  0.0
          Min: 0.0, Avg: 0.0, Max: 0.0, Diff: 0.0, Sum: 0.0]
         [Management Roots (ms):  0.0  0.0  0.0  0.0  0.0  0.0  0.0  0.0
          Min: 0.0, Avg: 0.0, Max: 0.0, Diff: 0.0, Sum: 0.0]
         [SystemDictionary Roots (ms):  0.0  0.0  0.1  0.0  0.0  0.0  0.0  0.0
          Min: 0.0, Avg: 0.0, Max: 0.1, Diff: 0.1, Sum: 0.1]
         [CLDG Roots (ms):  0.2  0.0  0.0  0.0  0.0  0.0  0.0  0.0
          Min: 0.0, Avg: 0.0, Max: 0.2, Diff: 0.2, Sum: 0.2]
         [JVMTI Roots (ms):  0.0  0.0  0.0  0.0  0.0  0.0  0.0  0.0
          Min: 0.0, Avg: 0.0, Max: 0.0, Diff: 0.0, Sum: 0.0]
         [CodeCache Roots (ms):  0.1  0.1  0.1  0.1  0.1  0.1  0.1  0.1
          Min: 0.1, Avg: 0.1, Max: 0.1, Diff: 0.1, Sum: 0.7]
         [CM RefProcessor Roots (ms):  0.0  0.0  0.0  0.0  0.0  0.0  0.0  0.0
          Min: 0.0, Avg: 0.0, Max: 0.0, Diff: 0.0, Sum: 0.0]
         [Wait For Strong CLD (ms):  0.0  0.0  0.0  0.0  0.0  0.0  0.0  0.0
          Min: 0.0, Avg: 0.0, Max: 0.0, Diff: 0.0, Sum: 0.0]
         [Weak CLD Roots (ms):  0.0  0.0  0.0  0.0  0.0  0.0  0.0  0.0
          Min: 0.0, Avg: 0.0, Max: 0.0, Diff: 0.0, Sum: 0.0]
         [SATB Filtering (ms):  0.0  0.0  0.0  0.0  0.0  0.0  0.0  0.0
          Min: 0.0, Avg: 0.0, Max: 0.0, Diff: 0.0, Sum: 0.0]
      [Update RS (ms):  0.1  0.0  0.1  0.1  0.1  0.1  0.1  0.1
       Min: 0.0, Avg: 0.1, Max: 0.1, Diff: 0.1, Sum: 0.5]
         [Processed Buffers:  1  7  1  2  1  10  1  5
          Min: 1, Avg: 3.5, Max: 10, Diff: 9, Sum: 28]
      [Scan RS (ms):  0.0  0.0  0.0  0.0  0.0  0.0  0.0  0.0
       Min: 0.0, Avg: 0.0, Max: 0.0, Diff: 0.0, Sum: 0.1]
      [Code Root Scanning (ms):  0.0  0.0  0.0  0.0  0.0  0.0  0.0  0.0
       Min: 0.0, Avg: 0.0, Max: 0.0, Diff: 0.0, Sum: 0.1]
      [Object Copy (ms):  3.0  3.1  3.1  3.1  3.1  3.1  3.1  3.0
       Min: 3.0, Avg: 3.1, Max: 3.1, Diff: 0.1, Sum: 24.5]
      [Termination (ms):  0.0  0.0  0.0  0.0  0.0  0.0  0.0  0.0
       Min: 0.0, Avg: 0.0, Max: 0.0, Diff: 0.0, Sum: 0.0]
         [Termination Attempts:  1  1  1  1  1  1  1  1
          Min: 1, Avg: 1.0, Max: 1, Diff: 0, Sum: 8]
      [GC Worker Other (ms):  0.1  0.1  0.0  0.0  0.0  0.0  0.1  0.0
       Min: 0.0, Avg: 0.0, Max: 0.1, Diff: 0.1, Sum: 0.3]
      [GC Worker Total (ms):  3.5  3.5  3.4  3.4  3.4  3.4  3.4  3.3
       Min: 3.3, Avg: 3.4, Max: 3.5, Diff: 0.1, Sum: 27.2]
      [GC Worker End (ms):  12370.8  12370.8  12370.7  12370.8  12370.8  12370.7  12370.8  12370.7
       Min: 12370.7, Avg: 12370.8, Max: 12370.8, Diff: 0.1]
   [Code Root Fixup: 0.0 ms]
   [Code Root Purge: 0.0 ms]
   [Clear CT: 0.1 ms]
   [Other: 0.4 ms]
      [Choose CSet: 0.0 ms]
      [Ref Proc: 0.1 ms]
      [Ref Enq: 0.0 ms]
      [Redirty Cards: 0.1 ms]
         [Parallel Redirty:  0.0  0.0  0.0  0.0  0.0  0.0  0.0  0.0
          Min: 0.0, Avg: 0.0, Max: 0.0, Diff: 0.0, Sum: 0.0]
         [Redirtied Cards:  178  0  0  0  0  0  0  0
          Min: 0, Avg: 22.2, Max: 178, Diff: 178, Sum: 178]
      [Humongous Register: 0.0 ms]
         [Humongous Total: 0]
         [Humongous Candidate: 0]
      [Humongous Reclaim: 0.0 ms]
         [Humongous Reclaimed: 0]
      [Free CSet: 0.1 ms]
         [Young Free CSet: 0.1 ms]
         [Non-Young Free CSet: 0.0 ms]
   [Eden: 144.0M(144.0M)->0.0B(144.0M) Survivors: 9216.0K->9216.0K Heap: 169.3M(256.0M)->25.8M(256.0M)]
 [Times: user=0.03 sys=0.01, real=0.00 secs] 
12.580: [GC pause (G1 Evacuation Pause) (young), 0.0042125 secs]
   [Parallel Time: 3.5 ms, GC Workers: 8]
      [GC Worker Start (ms):  12580.4  12580.4  12580.4  12580.4  12580.4  12580.4  12580.4  12580.6
       Min: 12580.4, Avg: 12580.4, Max: 12580.6, Diff: 0.2]
      [Ext Root Scanning (ms):  0.3  0.3  0.3  0.2  0.2  0.2  0.2  0.1
       Min: 0.1, Avg: 0.2, Max: 0.3, Diff: 0.2, Sum: 1.8]
         [Thread Roots (ms):  0.0  0.2  0.1  0.1  0.1  0.1  0.0  0.0
          Min: 0.0, Avg: 0.1, Max: 0.2, Diff: 0.2, Sum: 0.5]
         [StringTable Roots (ms):  0.0  0.1  0.2  0.2  0.1  0.2  0.2  0.0
          Min: 0.0, Avg: 0.1, Max: 0.2, Diff: 0.2, Sum: 0.9]
         [Universe Roots (ms):  0.0  0.0  0.0  0.0  0.0  0.0  0.0  0.0
          Min: 0.0, Avg: 0.0, Max: 0.0, Diff: 0.0, Sum: 0.0]
         [JNI Handles Roots (ms):  0.0  0.0  0.0  0.0  0.0  0.0  0.0  0.0
          Min: 0.0, Avg: 0.0, Max: 0.0, Diff: 0.0, Sum: 0.0]
         [ObjectSynchronizer Roots (ms):  0.0  0.0  0.0  0.0  0.0  0.0  0.0  0.0
          Min: 0.0, Avg: 0.0, Max: 0.0, Diff: 0.0, Sum: 0.0]
         [FlatProfiler Roots (ms):  0.0  0.0  0.0  0.0  0.0  0.0  0.0  0.0
          Min: 0.0, Avg: 0.0, Max: 0.0, Diff: 0.0, Sum: 0.0]
         [Management Roots (ms):  0.0  0.0  0.0  0.0  0.0  0.0  0.0  0.0
          Min: 0.0, Avg: 0.0, Max: 0.0, Diff: 0.0, Sum: 0.0]
         [SystemDictionary Roots (ms):  0.0  0.0  0.0  0.0  0.1  0.0  0.0  0.0
          Min: 0.0, Avg: 0.0, Max: 0.1, Diff: 0.1, Sum: 0.1]
         [CLDG Roots (ms):  0.2  0.0  0.0  0.0  0.0  0.0  0.0  0.0
          Min: 0.0, Avg: 0.0, Max: 0.2, Diff: 0.2, Sum: 0.2]
         [JVMTI Roots (ms):  0.0  0.0  0.0  0.0  0.0  0.0  0.0  0.0
          Min: 0.0, Avg: 0.0, Max: 0.0, Diff: 0.0, Sum: 0.0]
         [CodeCache Roots (ms):  0.1  0.1  0.1  0.1  0.1  0.1  0.1  0.1
          Min: 0.1, Avg: 0.1, Max: 0.1, Diff: 0.1, Sum: 0.7]
         [CM RefProcessor Roots (ms):  0.0  0.0  0.0  0.0  0.0  0.0  0.0  0.0
          Min: 0.0, Avg: 0.0, Max: 0.0, Diff: 0.0, Sum: 0.0]
         [Wait For Strong CLD (ms):  0.0  0.0  0.0  0.0  0.0  0.0  0.0  0.0
          Min: 0.0, Avg: 0.0, Max: 0.0, Diff: 0.0, Sum: 0.0]
         [Weak CLD Roots (ms):  0.0  0.0  0.0  0.0  0.0  0.0  0.0  0.0
          Min: 0.0, Avg: 0.0, Max: 0.0, Diff: 0.0, Sum: 0.0]
         [SATB Filtering (ms):  0.0  0.0  0.0  0.0  0.0  0.0  0.0  0.0
          Min: 0.0, Avg: 0.0, Max: 0.0, Diff: 0.0, Sum: 0.0]
      [Update RS (ms):  0.1  0.1  0.1  0.1  0.0  0.1  0.0  0.1
       Min: 0.0, Avg: 0.1, Max: 0.1, Diff: 0.1, Sum: 0.5]
         [Processed Buffers:  7  1  1  1  1  1  12  2
          Min: 1, Avg: 3.2, Max: 12, Diff: 11, Sum: 26]
      [Scan RS (ms):  0.0  0.0  0.0  0.0  0.0  0.0  0.0  0.0
       Min: 0.0, Avg: 0.0, Max: 0.0, Diff: 0.0, Sum: 0.1]
      [Code Root Scanning (ms):  0.0  0.0  0.0  0.0  0.0  0.0  0.0  0.0
       Min: 0.0, Avg: 0.0, Max: 0.0, Diff: 0.0, Sum: 0.1]
      [Object Copy (ms):  3.0  3.1  3.1  3.1  3.1  3.1  3.1  3.0
       Min: 3.0, Avg: 3.1, Max: 3.1, Diff: 0.1, Sum: 24.5]
      [Termination (ms):  0.0  0.0  0.0  0.0  0.0  0.0  0.0  0.0
       Min: 0.0, Avg: 0.0, Max: 0.0, Diff: 0.0, Sum: 0.0]
         [Termination Attempts:  1  1  1  1  1  1  1  1
          Min: 1, Avg: 1.0, Max: 1, Diff: 0, Sum: 8]
      [GC Worker Other (ms):  0.0  0.1  0.0  0.1  0.0  0.0  0.0  0.0
       Min: 0.0, Avg: 0.0, Max: 0.1, Diff: 0.1, Sum: 0.3]
      [GC Worker Total (ms):  3.5  3.5  3.4  3.5  3.4  3.4  3.4  3.2
       Min: 3.2, Avg: 3.4, Max: 3.5, Diff: 0.3, Sum: 27.3]
      [GC Worker End (ms):  12583.9  12583.9  12583.8  12583.9  12583.8  12583.8  12583.8  12583.9
       Min: 12583.8, Avg: 12583.8, Max: 12583.9, Diff: 0.1]
   [Code Root Fixup: 0.0 ms]
   [Code Root Purge: 0.0 ms]
   [Clear CT: 0.1 ms]
   [Other: 0.5 ms]
      [Choose CSet: 0.0 ms]
      [Ref Proc: 0.2 ms]
      [Ref Enq: 0.0 ms]
      [Redirty Cards: 0.1 ms]
         [Parallel Redirty:  0.0  0.0  0.0  0.0  0.0  0.0  0.0  0.0
          Min: 0.0, Avg: 0.0, Max: 0.0, Diff: 0.0, Sum: 0.0]
         [Redirtied Cards:  176  0  0  0  0  0  0  0
          Min: 0, Avg: 22.0, Max: 176, Diff: 176, Sum: 176]
      [Humongous Register: 0.0 ms]
         [Humongous Total: 0]
         [Humongous Candidate: 0]
      [Humongous Reclaim: 0.0 ms]
         [Humongous Reclaimed: 0]
      [Free CSet: 0.1 ms]
         [Young Free CSet: 0.1 ms]
         [Non-Young Free CSet: 0.0 ms]
   [Eden: 144.0M(144.0M)->0.0B(145.0M) Survivors: 9216.0K->8192.0K Heap: 169.8M(256.0M)->25.8M(256.0M)]
 [Times: user=0.03 sys=0.00, real=0.00 secs] 
12.798: [GC pause (G1 Evacuation Pause) (young), 0.0041328 secs]
   [Parallel Time: 3.6 ms, GC Workers: 8]
      [GC Worker Start (ms):  12798.1  12798.1  12798.1  12798.2  12798.2  12798.2  12798.2  12798.2
       Min: 12798.1, Avg: 12798.2, Max: 12798.2, Diff: 0.1]
      [Ext Root Scanning (ms):  0.2  0.2  0.2  0.2  0.2  0.2  0.2  0.2
       Min: 0.2, Avg: 0.2, Max: 0.2, Diff: 0.1, Sum: 1.6]
         [Thread Roots (ms):  0.0  0.1  0.1  0.1  0.0  0.1  0.0  0.0
          Min: 0.0, Avg: 0.0, Max: 0.1, Diff: 0.1, Sum: 0.4]
         [StringTable Roots (ms):  0.0  0.2  0.2  0.1  0.1  0.1  0.1  0.2
          Min: 0.0, Avg: 0.1, Max: 0.2, Diff: 0.2, Sum: 1.0]
         [Universe Roots (ms):  0.0  0.0  0.0  0.0  0.0  0.0  0.0  0.0
          Min: 0.0, Avg: 0.0, Max: 0.0, Diff: 0.0, Sum: 0.0]
         [JNI Handles Roots (ms):  0.0  0.0  0.0  0.0  0.0  0.0  0.0  0.0
          Min: 0.0, Avg: 0.0, Max: 0.0, Diff: 0.0, Sum: 0.0]
         [ObjectSynchronizer Roots (ms):  0.0  0.0  0.0  0.0  0.0  0.0  0.0  0.0
          Min: 0.0, Avg: 0.0, Max: 0.0, Diff: 0.0, Sum: 0.0]
         [FlatProfiler Roots (ms):  0.0  0.0  0.0  0.0  0.0  0.0  0.0  0.0
          Min: 0.0, Avg: 0.0, Max: 0.0, Diff: 0.0, Sum: 0.0]
         [Management Roots (ms):  0.0  0.0  0.0  0.0  0.0  0.0  0.0  0.0
          Min: 0.0, Avg: 0.0, Max: 0.0, Diff: 0.0, Sum: 0.0]
         [SystemDictionary Roots (ms):  0.0  0.0  0.0  0.0  0.1  0.0  0.0  0.0
          Min: 0.0, Avg: 0.0, Max: 0.1, Diff: 0.1, Sum: 0.1]
         [CLDG Roots (ms):  0.2  0.0  0.0  0.0  0.0  0.0  0.0  0.0
          Min: 0.0, Avg: 0.0, Max: 0.2, Diff: 0.2, Sum: 0.2]
         [JVMTI Roots (ms):  0.0  0.0  0.0  0.0  0.0  0.0  0.0  0.0
          Min: 0.0, Avg: 0.0, Max: 0.0, Diff: 0.0, Sum: 0.0]
         [CodeCache Roots (ms):  0.1  0.1  0.1  0.1  0.1  0.1  0.1  0.1
          Min: 0.1, Avg: 0.1, Max: 0.1, Diff: 0.1, Sum: 0.8]
         [CM RefProcessor Roots (ms):  0.0  0.0  0.0  0.0  0.0  0.0  0.0  0.0
          Min: 0.0, Avg: 0.0, Max: 0.0, Diff: 0.0, Sum: 0.0]
         [Wait For Strong CLD (ms):  0.0  0.0  0.0  0.0  0.0  0.0  0.0  0.0
          Min: 0.0, Avg: 0.0, Max: 0.0, Diff: 0.0, Sum: 0.0]
         [Weak CLD Roots (ms):  0.0  0.0  0.0  0.0  0.0  0.0  0.0  0.0
          Min: 0.0, Avg: 0.0, Max: 0.0, Diff: 0.0, Sum: 0.0]
         [SATB Filtering (ms):  0.0  0.0  0.0  0.0  0.0  0.0  0.0  0.0
          Min: 0.0, Avg: 0.0, Max: 0.0, Diff: 0.0, Sum: 0.0]
      [Update RS (ms):  0.1  0.1  0.1  0.1  0.1  0.1  0.0  0.1
       Min: 0.0, Avg: 0.1, Max: 0.1, Diff: 0.1, Sum: 0.6]
         [Processed Buffers:  1  1  7  14  1  1  2  1
          Min: 1, Avg: 3.5, Max: 14, Diff: 13, Sum: 28]
      [Scan RS (ms):  0.0  0.0  0.0  0.0  0.0  0.0  0.0  0.0
       Min: 0.0, Avg: 0.0, Max: 0.0, Diff: 0.0, Sum: 0.1]
      [Code Root Scanning (ms):  0.0  0.0  0.0  0.0  0.0  0.0  0.0  0.0
       Min: 0.0, Avg: 0.0, Max: 0.0, Diff: 0.0, Sum: 0.1]
      [Object Copy (ms):  3.1  3.1  3.2  3.2  3.2  3.2  3.2  3.1
       Min: 3.1, Avg: 3.2, Max: 3.2, Diff: 0.1, Sum: 25.2]
      [Termination (ms):  0.0  0.0  0.0  0.0  0.0  0.0  0.0  0.0
       Min: 0.0, Avg: 0.0, Max: 0.0, Diff: 0.0, Sum: 0.0]
         [Termination Attempts:  1  1  1  1  1  1  1  1
          Min: 1, Avg: 1.0, Max: 1, Diff: 0, Sum: 8]
      [GC Worker Other (ms):  0.0  0.0  0.0  0.1  0.0  0.0  0.0  0.0
       Min: 0.0, Avg: 0.0, Max: 0.1, Diff: 0.0, Sum: 0.2]
      [GC Worker Total (ms):  3.5  3.5  3.5  3.5  3.5  3.5  3.5  3.4
       Min: 3.4, Avg: 3.5, Max: 3.5, Diff: 0.1, Sum: 27.8]
      [GC Worker End (ms):  12801.6  12801.6  12801.6  12801.7  12801.6  12801.6  12801.7  12801.6
       Min: 12801.6, Avg: 12801.6, Max: 12801.7, Diff: 0.0]
   [Code Root Fixup: 0.0 ms]
   [Code Root Purge: 0.0 ms]
   [Clear CT: 0.1 ms]
   [Other: 0.4 ms]
      [Choose CSet: 0.0 ms]
      [Ref Proc: 0.1 ms]
      [Ref Enq: 0.0 ms]
      [Redirty Cards: 0.1 ms]
         [Parallel Redirty:  0.0  0.0  0.0  0.0  0.0  0.0  0.0  0.0
          Min: 0.0, Avg: 0.0, Max: 0.0, Diff: 0.0, Sum: 0.0]
         [Redirtied Cards:  179  0  0  0  0  0  0  0
          Min: 0, Avg: 22.4, Max: 179, Diff: 179, Sum: 179]
      [Humongous Register: 0.0 ms]
         [Humongous Total: 0]
         [Humongous Candidate: 0]
      [Humongous Reclaim: 0.0 ms]
         [Humongous Reclaimed: 0]
      [Free CSet: 0.1 ms]
         [Young Free CSet: 0.1 ms]
         [Non-Young Free CSet: 0.0 ms]
   [Eden: 145.0M(145.0M)->0.0B(144.0M) Survivors: 8192.0K->9216.0K Heap: 170.8M(256.0M)->26.9M(256.0M)]
 [Times: user=0.03 sys=0.00, real=0.00 secs] 
13.013: [GC pause (G1 Evacuation Pause) (young), 0.0042226 secs]
   [Parallel Time: 3.7 ms, GC Workers: 8]
      [GC Worker Start (ms):  13012.7  13012.7  13012.7  13012.8  13012.8  13012.8  13012.8  13012.8
       Min: 13012.7, Avg: 13012.8, Max: 13012.8, Diff: 0.1]
      [Ext Root Scanning (ms):  0.3  0.2  0.2  0.2  0.2  0.2  0.2  0.2
       Min: 0.2, Avg: 0.2, Max: 0.3, Diff: 0.1, Sum: 1.7]
         [Thread Roots (ms):  0.0  0.1  0.1  0.1  0.0  0.0  0.0  0.0
          Min: 0.0, Avg: 0.0, Max: 0.1, Diff: 0.1, Sum: 0.4]
         [StringTable Roots (ms):  0.0  0.1  0.2  0.2  0.2  0.2  0.1  0.1
          Min: 0.0, Avg: 0.1, Max: 0.2, Diff: 0.2, Sum: 1.0]
         [Universe Roots (ms):  0.0  0.0  0.0  0.0  0.0  0.0  0.0  0.0
          Min: 0.0, Avg: 0.0, Max: 0.0, Diff: 0.0, Sum: 0.0]
         [JNI Handles Roots (ms):  0.0  0.0  0.0  0.0  0.0  0.0  0.0  0.0
          Min: 0.0, Avg: 0.0, Max: 0.0, Diff: 0.0, Sum: 0.0]
         [ObjectSynchronizer Roots (ms):  0.0  0.0  0.0  0.0  0.0  0.0  0.0  0.0
          Min: 0.0, Avg: 0.0, Max: 0.0, Diff: 0.0, Sum: 0.0]
         [FlatProfiler Roots (ms):  0.0  0.0  0.0  0.0  0.0  0.0  0.0  0.0
          Min: 0.0, Avg: 0.0, Max: 0.0, Diff: 0.0, Sum: 0.0]
         [Management Roots (ms):  0.0  0.0  0.0  0.0  0.0  0.0  0.0  0.0
          Min: 0.0, Avg: 0.0, Max: 0.0, Diff: 0.0, Sum: 0.0]
         [SystemDictionary Roots (ms):  0.0  0.0  0.0  0.0  0.0  0.0  0.1  0.0
          Min: 0.0, Avg: 0.0, Max: 0.1, Diff: 0.1, Sum: 0.1]
         [CLDG Roots (ms):  0.2  0.0  0.0  0.0  0.0  0.0  0.0  0.0
          Min: 0.0, Avg: 0.0, Max: 0.2, Diff: 0.2, Sum: 0.2]
         [JVMTI Roots (ms):  0.0  0.0  0.0  0.0  0.0  0.0  0.0  0.0
          Min: 0.0, Avg: 0.0, Max: 0.0, Diff: 0.0, Sum: 0.0]
         [CodeCache Roots (ms):  0.1  0.1  0.1  0.1  0.1  0.1  0.1  0.1
          Min: 0.1, Avg: 0.1, Max: 0.1, Diff: 0.0, Sum: 0.8]
         [CM RefProcessor Roots (ms):  0.0  0.0  0.0  0.0  0.0  0.0  0.0  0.0
          Min: 0.0, Avg: 0.0, Max: 0.0, Diff: 0.0, Sum: 0.0]
         [Wait For Strong CLD (ms):  0.0  0.0  0.0  0.0  0.0  0.0  0.0  0.0
          Min: 0.0, Avg: 0.0, Max: 0.0, Diff: 0.0, Sum: 0.0]
         [Weak CLD Roots (ms):  0.0  0.0  0.0  0.0  0.0  0.0  0.0  0.0
          Min: 0.0, Avg: 0.0, Max: 0.0, Diff: 0.0, Sum: 0.0]
         [SATB Filtering (ms):  0.0  0.0  0.0  0.0  0.0  0.0  0.0  0.0
          Min: 0.0, Avg: 0.0, Max: 0.0, Diff: 0.0, Sum: 0.0]
      [Update RS (ms):  0.1  0.1  0.1  0.1  0.1  0.1  0.1  0.1
       Min: 0.1, Avg: 0.1, Max: 0.1, Diff: 0.0, Sum: 0.6]
         [Processed Buffers:  1  1  3  12  2  2  4  4
          Min: 1, Avg: 3.6, Max: 12, Diff: 11, Sum: 29]
      [Scan RS (ms):  0.0  0.0  0.0  0.0  0.0  0.0  0.0  0.0
       Min: 0.0, Avg: 0.0, Max: 0.0, Diff: 0.0, Sum: 0.1]
      [Code Root Scanning (ms):  0.0  0.0  0.0  0.0  0.0  0.0  0.0  0.0
       Min: 0.0, Avg: 0.0, Max: 0.0, Diff: 0.0, Sum: 0.1]
      [Object Copy (ms):  3.2  3.2  3.2  3.2  3.2  3.2  3.2  3.2
       Min: 3.2, Avg: 3.2, Max: 3.2, Diff: 0.0, Sum: 25.7]
      [Termination (ms):  0.0  0.0  0.0  0.0  0.0  0.0  0.0  0.0
       Min: 0.0, Avg: 0.0, Max: 0.0, Diff: 0.0, Sum: 0.0]
         [Termination Attempts:  1  1  1  1  1  1  1  1
          Min: 1, Avg: 1.0, Max: 1, Diff: 0, Sum: 8]
      [GC Worker Other (ms):  0.0  0.0  0.0  0.0  0.0  0.0  0.0  0.0
       Min: 0.0, Avg: 0.0, Max: 0.0, Diff: 0.0, Sum: 0.2]
      [GC Worker Total (ms):  3.6  3.6  3.6  3.5  3.5  3.6  3.5  3.5
       Min: 3.5, Avg: 3.6, Max: 3.6, Diff: 0.1, Sum: 28.4]
      [GC Worker End (ms):  13016.3  13016.3  13016.3  13016.3  13016.3  13016.3  13016.3  13016.3
       Min: 13016.3, Avg: 13016.3, Max: 13016.3, Diff: 0.0]
   [Code Root Fixup: 0.0 ms]
   [Code Root Purge: 0.0 ms]
   [Clear CT: 0.1 ms]
   [Other: 0.4 ms]
      [Choose CSet: 0.0 ms]
      [Ref Proc: 0.1 ms]
      [Ref Enq: 0.0 ms]
      [Redirty Cards: 0.1 ms]
         [Parallel Redirty:  0.0  0.0  0.0  0.0  0.0  0.0  0.0  0.0
          Min: 0.0, Avg: 0.0, Max: 0.0, Diff: 0.0, Sum: 0.0]
         [Redirtied Cards:  178  0  0  0  0  0  0  0
          Min: 0, Avg: 22.2, Max: 178, Diff: 178, Sum: 178]
      [Humongous Register: 0.0 ms]
         [Humongous Total: 0]
         [Humongous Candidate: 0]
      [Humongous Reclaim: 0.0 ms]
         [Humongous Reclaimed: 0]
      [Free CSet: 0.1 ms]
         [Young Free CSet: 0.1 ms]
         [Non-Young Free CSet: 0.0 ms]
   [Eden: 144.0M(144.0M)->0.0B(144.0M) Survivors: 9216.0K->9216.0K Heap: 170.9M(256.0M)->27.4M(256.0M)]
 [Times: user=0.03 sys=0.00, real=0.01 secs] 
13.229: [GC pause (G1 Evacuation Pause) (young), 0.0040318 secs]
   [Parallel Time: 3.5 ms, GC Workers: 8]
      [GC Worker Start (ms):  13228.6  13228.6  13228.6  13228.7  13228.7  13228.7  13228.7  13228.7
       Min: 13228.6, Avg: 13228.7, Max: 13228.7, Diff: 0.1]
      [Ext Root Scanning (ms):  0.3  0.2  0.2  0.2  0.2  0.2  0.2  0.2
       Min: 0.2, Avg: 0.2, Max: 0.3, Diff: 0.1, Sum: 1.7]
         [Thread Roots (ms):  0.0  0.1  0.1  0.1  0.1  0.0  0.0  0.1
          Min: 0.0, Avg: 0.1, Max: 0.1, Diff: 0.1, Sum: 0.4]
         [StringTable Roots (ms):  0.0  0.2  0.1  0.1  0.2  0.2  0.2  0.1
          Min: 0.0, Avg: 0.1, Max: 0.2, Diff: 0.2, Sum: 1.0]
         [Universe Roots (ms):  0.0  0.0  0.0  0.0  0.0  0.0  0.0  0.0
          Min: 0.0, Avg: 0.0, Max: 0.0, Diff: 0.0, Sum: 0.0]
         [JNI Handles Roots (ms):  0.0  0.0  0.0  0.0  0.0  0.0  0.0  0.0
          Min: 0.0, Avg: 0.0, Max: 0.0, Diff: 0.0, Sum: 0.0]
         [ObjectSynchronizer Roots (ms):  0.0  0.0  0.0  0.0  0.0  0.0  0.0  0.0
          Min: 0.0, Avg: 0.0, Max: 0.0, Diff: 0.0, Sum: 0.0]
         [FlatProfiler Roots (ms):  0.0  0.0  0.0  0.0  0.0  0.0  0.0  0.0
          Min: 0.0, Avg: 0.0, Max: 0.0, Diff: 0.0, Sum: 0.0]
         [Management Roots (ms):  0.0  0.0  0.0  0.0  0.0  0.0  0.0  0.0
          Min: 0.0, Avg: 0.0, Max: 0.0, Diff: 0.0, Sum: 0.0]
         [SystemDictionary Roots (ms):  0.0  0.0  0.1  0.0  0.0  0.0  0.0  0.0
          Min: 0.0, Avg: 0.0, Max: 0.1, Diff: 0.1, Sum: 0.1]
         [CLDG Roots (ms):  0.2  0.0  0.0  0.0  0.0  0.0  0.0  0.0
          Min: 0.0, Avg: 0.0, Max: 0.2, Diff: 0.2, Sum: 0.2]
         [JVMTI Roots (ms):  0.0  0.0  0.0  0.0  0.0  0.0  0.0  0.0
          Min: 0.0, Avg: 0.0, Max: 0.0, Diff: 0.0, Sum: 0.0]
         [CodeCache Roots (ms):  0.1  0.1  0.1  0.1  0.1  0.1  0.1  0.1
          Min: 0.1, Avg: 0.1, Max: 0.1, Diff: 0.0, Sum: 0.7]
         [CM RefProcessor Roots (ms):  0.0  0.0  0.0  0.0  0.0  0.0  0.0  0.0
          Min: 0.0, Avg: 0.0, Max: 0.0, Diff: 0.0, Sum: 0.0]
         [Wait For Strong CLD (ms):  0.0  0.0  0.0  0.0  0.0  0.0  0.0  0.0
          Min: 0.0, Avg: 0.0, Max: 0.0, Diff: 0.0, Sum: 0.0]
         [Weak CLD Roots (ms):  0.0  0.0  0.0  0.0  0.0  0.0  0.0  0.0
          Min: 0.0, Avg: 0.0, Max: 0.0, Diff: 0.0, Sum: 0.0]
         [SATB Filtering (ms):  0.0  0.0  0.0  0.0  0.0  0.0  0.0  0.0
          Min: 0.0, Avg: 0.0, Max: 0.0, Diff: 0.0, Sum: 0.0]
      [Update RS (ms):  0.0  0.1  0.1  0.0  0.1  0.1  0.1  0.1
       Min: 0.0, Avg: 0.1, Max: 0.1, Diff: 0.0, Sum: 0.5]
         [Processed Buffers:  5  1  10  8  1  1  1  2
          Min: 1, Avg: 3.6, Max: 10, Diff: 9, Sum: 29]
      [Scan RS (ms):  0.0  0.0  0.0  0.0  0.0  0.0  0.0  0.0
       Min: 0.0, Avg: 0.0, Max: 0.0, Diff: 0.0, Sum: 0.1]
      [Code Root Scanning (ms):  0.0  0.0  0.0  0.0  0.0  0.0  0.0  0.0
       Min: 0.0, Avg: 0.0, Max: 0.0, Diff: 0.0, Sum: 0.1]
      [Object Copy (ms):  3.1  3.1  3.1  3.1  3.1  3.1  3.1  3.1
       Min: 3.1, Avg: 3.1, Max: 3.1, Diff: 0.0, Sum: 24.7]
      [Termination (ms):  0.0  0.0  0.0  0.0  0.0  0.0  0.0  0.0
       Min: 0.0, Avg: 0.0, Max: 0.0, Diff: 0.0, Sum: 0.0]
         [Termination Attempts:  1  1  1  1  1  1  1  1
          Min: 1, Avg: 1.0, Max: 1, Diff: 0, Sum: 8]
      [GC Worker Other (ms):  0.0  0.0  0.0  0.0  0.1  0.1  0.0  0.0
       Min: 0.0, Avg: 0.0, Max: 0.1, Diff: 0.0, Sum: 0.3]
      [GC Worker Total (ms):  3.4  3.4  3.4  3.4  3.4  3.4  3.4  3.4
       Min: 3.4, Avg: 3.4, Max: 3.4, Diff: 0.1, Sum: 27.3]
      [GC Worker End (ms):  13232.1  13232.1  13232.1  13232.1  13232.1  13232.1  13232.1  13232.1
       Min: 13232.1, Avg: 13232.1, Max: 13232.1, Diff: 0.0]
   [Code Root Fixup: 0.1 ms]
   [Code Root Purge: 0.0 ms]
   [Clear CT: 0.1 ms]
   [Other: 0.4 ms]
      [Choose CSet: 0.0 ms]
      [Ref Proc: 0.1 ms]
      [Ref Enq: 0.0 ms]
      [Redirty Cards: 0.1 ms]
         [Parallel Redirty:  0.0  0.0  0.0  0.0  0.0  0.0  0.0  0.0
          Min: 0.0, Avg: 0.0, Max: 0.0, Diff: 0.0, Sum: 0.0]
         [Redirtied Cards:  177  0  0  0  0  0  0  0
          Min: 0, Avg: 22.1, Max: 177, Diff: 177, Sum: 177]
      [Humongous Register: 0.0 ms]
         [Humongous Total: 0]
         [Humongous Candidate: 0]
      [Humongous Reclaim: 0.0 ms]
         [Humongous Reclaimed: 0]
      [Free CSet: 0.1 ms]
         [Young Free CSet: 0.1 ms]
         [Non-Young Free CSet: 0.0 ms]
   [Eden: 144.0M(144.0M)->0.0B(144.0M) Survivors: 9216.0K->9216.0K Heap: 171.4M(256.0M)->27.9M(256.0M)]
 [Times: user=0.03 sys=0.00, real=0.00 secs] 
13.438: [GC pause (G1 Evacuation Pause) (young), 0.0042315 secs]
   [Parallel Time: 3.5 ms, GC Workers: 8]
      [GC Worker Start (ms):  13437.7  13437.7  13437.7  13437.7  13437.7  13437.7  13437.8  13437.8
       Min: 13437.7, Avg: 13437.7, Max: 13437.8, Diff: 0.1]
      [Ext Root Scanning (ms):  0.2  0.2  0.2  0.2  0.2  0.2  0.2  0.2
       Min: 0.2, Avg: 0.2, Max: 0.2, Diff: 0.1, Sum: 1.6]
         [Thread Roots (ms):  0.0  0.1  0.1  0.1  0.0  0.0  0.0  0.1
          Min: 0.0, Avg: 0.0, Max: 0.1, Diff: 0.1, Sum: 0.4]
         [StringTable Roots (ms):  0.0  0.2  0.2  0.1  0.1  0.2  0.2  0.1
          Min: 0.0, Avg: 0.1, Max: 0.2, Diff: 0.2, Sum: 1.0]
         [Universe Roots (ms):  0.0  0.0  0.0  0.0  0.0  0.0  0.0  0.0
          Min: 0.0, Avg: 0.0, Max: 0.0, Diff: 0.0, Sum: 0.0]
         [JNI Handles Roots (ms):  0.0  0.0  0.0  0.0  0.0  0.0  0.0  0.0
          Min: 0.0, Avg: 0.0, Max: 0.0, Diff: 0.0, Sum: 0.0]
         [ObjectSynchronizer Roots (ms):  0.0  0.0  0.0  0.0  0.0  0.0  0.0  0.0
          Min: 0.0, Avg: 0.0, Max: 0.0, Diff: 0.0, Sum: 0.0]
         [FlatProfiler Roots (ms):  0.0  0.0  0.0  0.0  0.0  0.0  0.0  0.0
          Min: 0.0, Avg: 0.0, Max: 0.0, Diff: 0.0, Sum: 0.0]
         [Management Roots (ms):  0.0  0.0  0.0  0.0  0.0  0.0  0.0  0.0
          Min: 0.0, Avg: 0.0, Max: 0.0, Diff: 0.0, Sum: 0.0]
         [SystemDictionary Roots (ms):  0.0  0.0  0.0  0.0  0.1  0.0  0.0  0.0
          Min: 0.0, Avg: 0.0, Max: 0.1, Diff: 0.1, Sum: 0.1]
         [CLDG Roots (ms):  0.2  0.0  0.0  0.0  0.0  0.0  0.0  0.0
          Min: 0.0, Avg: 0.0, Max: 0.2, Diff: 0.2, Sum: 0.2]
         [JVMTI Roots (ms):  0.0  0.0  0.0  0.0  0.0  0.0  0.0  0.0
          Min: 0.0, Avg: 0.0, Max: 0.0, Diff: 0.0, Sum: 0.0]
         [CodeCache Roots (ms):  0.1  0.1  0.1  0.1  0.1  0.1  0.1  0.1
          Min: 0.1, Avg: 0.1, Max: 0.1, Diff: 0.0, Sum: 0.7]
         [CM RefProcessor Roots (ms):  0.0  0.0  0.0  0.0  0.0  0.0  0.0  0.0
          Min: 0.0, Avg: 0.0, Max: 0.0, Diff: 0.0, Sum: 0.0]
         [Wait For Strong CLD (ms):  0.0  0.0  0.0  0.0  0.0  0.0  0.0  0.0
          Min: 0.0, Avg: 0.0, Max: 0.0, Diff: 0.0, Sum: 0.0]
         [Weak CLD Roots (ms):  0.0  0.0  0.0  0.0  0.0  0.0  0.0  0.0
          Min: 0.0, Avg: 0.0, Max: 0.0, Diff: 0.0, Sum: 0.0]
         [SATB Filtering (ms):  0.0  0.0  0.0  0.0  0.0  0.0  0.0  0.0
          Min: 0.0, Avg: 0.0, Max: 0.0, Diff: 0.0, Sum: 0.0]
      [Update RS (ms):  0.1  0.1  0.1  0.1  0.0  0.1  0.1  0.1
       Min: 0.0, Avg: 0.1, Max: 0.1, Diff: 0.1, Sum: 0.5]
         [Processed Buffers:  1  1  15  4  1  1  1  1
          Min: 1, Avg: 3.1, Max: 15, Diff: 14, Sum: 25]
      [Scan RS (ms):  0.0  0.0  0.0  0.0  0.0  0.0  0.0  0.0
       Min: 0.0, Avg: 0.0, Max: 0.0, Diff: 0.0, Sum: 0.1]
      [Code Root Scanning (ms):  0.0  0.0  0.0  0.0  0.0  0.0  0.0  0.0
       Min: 0.0, Avg: 0.0, Max: 0.0, Diff: 0.0, Sum: 0.0]
      [Object Copy (ms):  3.1  3.1  3.1  3.1  3.1  3.1  3.1  3.1
       Min: 3.1, Avg: 3.1, Max: 3.1, Diff: 0.0, Sum: 24.6]
      [Termination (ms):  0.0  0.0  0.0  0.0  0.0  0.0  0.0  0.0
       Min: 0.0, Avg: 0.0, Max: 0.0, Diff: 0.0, Sum: 0.0]
         [Termination Attempts:  1  1  1  1  1  1  1  1
          Min: 1, Avg: 1.0, Max: 1, Diff: 0, Sum: 8]
      [GC Worker Other (ms):  0.0  0.0  0.1  0.0  0.0  0.1  0.0  0.0
       Min: 0.0, Avg: 0.0, Max: 0.1, Diff: 0.1, Sum: 0.3]
      [GC Worker Total (ms):  3.4  3.4  3.5  3.4  3.4  3.4  3.4  3.4
       Min: 3.4, Avg: 3.4, Max: 3.5, Diff: 0.1, Sum: 27.2]
      [GC Worker End (ms):  13441.2  13441.1  13441.2  13441.1  13441.1  13441.2  13441.1  13441.1
       Min: 13441.1, Avg: 13441.1, Max: 13441.2, Diff: 0.1]
   [Code Root Fixup: 0.0 ms]
   [Code Root Purge: 0.0 ms]
   [Clear CT: 0.2 ms]
   [Other: 0.5 ms]
      [Choose CSet: 0.0 ms]
      [Ref Proc: 0.2 ms]
      [Ref Enq: 0.0 ms]
      [Redirty Cards: 0.2 ms]
         [Parallel Redirty:  0.0  0.0  0.0  0.0  0.0  0.0  0.0  0.0
          Min: 0.0, Avg: 0.0, Max: 0.0, Diff: 0.0, Sum: 0.0]
         [Redirtied Cards:  174  0  0  0  0  0  0  0
          Min: 0, Avg: 21.8, Max: 174, Diff: 174, Sum: 174]
      [Humongous Register: 0.0 ms]
         [Humongous Total: 0]
         [Humongous Candidate: 0]
      [Humongous Reclaim: 0.0 ms]
         [Humongous Reclaimed: 0]
      [Free CSet: 0.1 ms]
         [Young Free CSet: 0.1 ms]
         [Non-Young Free CSet: 0.0 ms]
   [Eden: 144.0M(144.0M)->0.0B(145.0M) Survivors: 9216.0K->8192.0K Heap: 171.9M(256.0M)->27.9M(256.0M)]
 [Times: user=0.03 sys=0.00, real=0.00 secs] 
13.649: [GC pause (G1 Evacuation Pause) (young), 0.0041431 secs]
   [Parallel Time: 3.5 ms, GC Workers: 8]
      [GC Worker Start (ms):  13649.4  13649.4  13649.4  13649.4  13649.4  13649.4  13649.4  13649.4
       Min: 13649.4, Avg: 13649.4, Max: 13649.4, Diff: 0.1]
      [Ext Root Scanning (ms):  0.2  0.2  0.2  0.2  0.2  0.2  0.2  0.1
       Min: 0.1, Avg: 0.2, Max: 0.2, Diff: 0.1, Sum: 1.4]
         [Thread Roots (ms):  0.0  0.1  0.1  0.0  0.0  0.0  0.0  0.0
          Min: 0.0, Avg: 0.0, Max: 0.1, Diff: 0.1, Sum: 0.3]
         [StringTable Roots (ms):  0.0  0.1  0.1  0.1  0.1  0.1  0.1  0.2
          Min: 0.0, Avg: 0.1, Max: 0.2, Diff: 0.1, Sum: 1.0]
         [Universe Roots (ms):  0.0  0.0  0.0  0.0  0.0  0.0  0.0  0.0
          Min: 0.0, Avg: 0.0, Max: 0.0, Diff: 0.0, Sum: 0.0]
         [JNI Handles Roots (ms):  0.0  0.0  0.0  0.0  0.0  0.0  0.0  0.0
          Min: 0.0, Avg: 0.0, Max: 0.0, Diff: 0.0, Sum: 0.0]
         [ObjectSynchronizer Roots (ms):  0.0  0.0  0.0  0.0  0.0  0.0  0.0  0.0
          Min: 0.0, Avg: 0.0, Max: 0.0, Diff: 0.0, Sum: 0.0]
         [FlatProfiler Roots (ms):  0.0  0.0  0.0  0.0  0.0  0.0  0.0  0.0
          Min: 0.0, Avg: 0.0, Max: 0.0, Diff: 0.0, Sum: 0.0]
         [Management Roots (ms):  0.0  0.0  0.0  0.0  0.0  0.0  0.0  0.0
          Min: 0.0, Avg: 0.0, Max: 0.0, Diff: 0.0, Sum: 0.0]
         [SystemDictionary Roots (ms):  0.0  0.0  0.0  0.1  0.0  0.0  0.0  0.0
          Min: 0.0, Avg: 0.0, Max: 0.1, Diff: 0.1, Sum: 0.1]
         [CLDG Roots (ms):  0.2  0.0  0.0  0.0  0.0  0.0  0.0  0.0
          Min: 0.0, Avg: 0.0, Max: 0.2, Diff: 0.2, Sum: 0.2]
         [JVMTI Roots (ms):  0.0  0.0  0.0  0.0  0.0  0.0  0.0  0.0
          Min: 0.0, Avg: 0.0, Max: 0.0, Diff: 0.0, Sum: 0.0]
         [CodeCache Roots (ms):  0.1  0.1  0.1  0.1  0.1  0.1  0.1  0.1
          Min: 0.1, Avg: 0.1, Max: 0.1, Diff: 0.0, Sum: 0.7]
         [CM RefProcessor Roots (ms):  0.0  0.0  0.0  0.0  0.0  0.0  0.0  0.0
          Min: 0.0, Avg: 0.0, Max: 0.0, Diff: 0.0, Sum: 0.0]
         [Wait For Strong CLD (ms):  0.0  0.0  0.0  0.0  0.0  0.0  0.0  0.0
          Min: 0.0, Avg: 0.0, Max: 0.0, Diff: 0.0, Sum: 0.0]
         [Weak CLD Roots (ms):  0.0  0.0  0.0  0.0  0.0  0.0  0.0  0.0
          Min: 0.0, Avg: 0.0, Max: 0.0, Diff: 0.0, Sum: 0.0]
         [SATB Filtering (ms):  0.0  0.0  0.0  0.0  0.0  0.0  0.0  0.0
          Min: 0.0, Avg: 0.0, Max: 0.0, Diff: 0.0, Sum: 0.0]
      [Update RS (ms):  0.1  0.0  0.0  0.1  0.1  0.1  0.1  0.1
       Min: 0.0, Avg: 0.1, Max: 0.1, Diff: 0.0, Sum: 0.5]
         [Processed Buffers:  4  1  11  1  1  7  1  1
          Min: 1, Avg: 3.4, Max: 11, Diff: 10, Sum: 27]
      [Scan RS (ms):  0.0  0.0  0.0  0.0  0.0  0.0  0.0  0.0
       Min: 0.0, Avg: 0.0, Max: 0.0, Diff: 0.0, Sum: 0.1]
      [Code Root Scanning (ms):  0.0  0.0  0.0  0.0  0.0  0.0  0.0  0.0
       Min: 0.0, Avg: 0.0, Max: 0.0, Diff: 0.0, Sum: 0.1]
      [Object Copy (ms):  3.1  3.2  3.2  3.2  3.2  3.1  3.2  3.1
       Min: 3.1, Avg: 3.2, Max: 3.2, Diff: 0.0, Sum: 25.2]
      [Termination (ms):  0.0  0.0  0.0  0.0  0.0  0.0  0.0  0.0
       Min: 0.0, Avg: 0.0, Max: 0.0, Diff: 0.0, Sum: 0.0]
         [Termination Attempts:  1  1  1  1  1  1  1  1
          Min: 1, Avg: 1.0, Max: 1, Diff: 0, Sum: 8]
      [GC Worker Other (ms):  0.0  0.1  0.0  0.1  0.0  0.0  0.0  0.0
       Min: 0.0, Avg: 0.0, Max: 0.1, Diff: 0.0, Sum: 0.2]
      [GC Worker Total (ms):  3.5  3.5  3.5  3.5  3.4  3.4  3.4  3.4
       Min: 3.4, Avg: 3.4, Max: 3.5, Diff: 0.1, Sum: 27.6]
      [GC Worker End (ms):  13652.8  13652.9  13652.9  13652.9  13652.9  13652.8  13652.8  13652.8
       Min: 13652.8, Avg: 13652.8, Max: 13652.9, Diff: 0.0]
   [Code Root Fixup: 0.0 ms]
   [Code Root Purge: 0.0 ms]
   [Clear CT: 0.1 ms]
   [Other: 0.4 ms]
      [Choose CSet: 0.0 ms]
      [Ref Proc: 0.2 ms]
      [Ref Enq: 0.0 ms]
      [Redirty Cards: 0.1 ms]
         [Parallel Redirty:  0.0  0.0  0.0  0.0  0.0  0.0  0.0  0.0
          Min: 0.0, Avg: 0.0, Max: 0.0, Diff: 0.0, Sum: 0.0]
         [Redirtied Cards:  177  0  0  0  0  0  0  0
          Min: 0, Avg: 22.1, Max: 177, Diff: 177, Sum: 177]
      [Humongous Register: 0.0 ms]
         [Humongous Total: 0]
         [Humongous Candidate: 0]
      [Humongous Reclaim: 0.0 ms]
         [Humongous Reclaimed: 0]
      [Free CSet: 0.1 ms]
         [Young Free CSet: 0.1 ms]
         [Non-Young Free CSet: 0.0 ms]
   [Eden: 145.0M(145.0M)->0.0B(144.0M) Survivors: 8192.0K->9216.0K Heap: 172.9M(256.0M)->29.0M(256.0M)]
 [Times: user=0.03 sys=0.00, real=0.00 secs] 
13.861: [GC pause (G1 Evacuation Pause) (young), 0.0043686 secs]
   [Parallel Time: 3.7 ms, GC Workers: 8]
      [GC Worker Start (ms):  13861.3  13861.3  13861.3  13861.4  13861.4  13861.4  13861.4  13861.4
       Min: 13861.3, Avg: 13861.4, Max: 13861.4, Diff: 0.1]
      [Ext Root Scanning (ms):  0.3  0.3  0.3  0.2  0.2  0.2  0.2  0.2
       Min: 0.2, Avg: 0.2, Max: 0.3, Diff: 0.1, Sum: 1.8]
         [Thread Roots (ms):  0.0  0.2  0.1  0.0  0.1  0.0  0.0  0.0
          Min: 0.0, Avg: 0.1, Max: 0.2, Diff: 0.2, Sum: 0.5]
         [StringTable Roots (ms):  0.0  0.1  0.1  0.2  0.1  0.2  0.2  0.2
          Min: 0.0, Avg: 0.1, Max: 0.2, Diff: 0.2, Sum: 1.0]
         [Universe Roots (ms):  0.0  0.0  0.0  0.0  0.0  0.0  0.0  0.0
          Min: 0.0, Avg: 0.0, Max: 0.0, Diff: 0.0, Sum: 0.0]
         [JNI Handles Roots (ms):  0.0  0.0  0.0  0.0  0.0  0.0  0.0  0.0
          Min: 0.0, Avg: 0.0, Max: 0.0, Diff: 0.0, Sum: 0.0]
         [ObjectSynchronizer Roots (ms):  0.0  0.0  0.0  0.0  0.0  0.0  0.0  0.0
          Min: 0.0, Avg: 0.0, Max: 0.0, Diff: 0.0, Sum: 0.0]
         [FlatProfiler Roots (ms):  0.0  0.0  0.0  0.0  0.0  0.0  0.0  0.0
          Min: 0.0, Avg: 0.0, Max: 0.0, Diff: 0.0, Sum: 0.0]
         [Management Roots (ms):  0.0  0.0  0.0  0.0  0.0  0.0  0.0  0.0
          Min: 0.0, Avg: 0.0, Max: 0.0, Diff: 0.0, Sum: 0.0]
         [SystemDictionary Roots (ms):  0.0  0.0  0.1  0.0  0.0  0.0  0.0  0.0
          Min: 0.0, Avg: 0.0, Max: 0.1, Diff: 0.1, Sum: 0.1]
         [CLDG Roots (ms):  0.3  0.0  0.0  0.0  0.0  0.0  0.0  0.0
          Min: 0.0, Avg: 0.0, Max: 0.3, Diff: 0.3, Sum: 0.3]
         [JVMTI Roots (ms):  0.0  0.0  0.0  0.0  0.0  0.0  0.0  0.0
          Min: 0.0, Avg: 0.0, Max: 0.0, Diff: 0.0, Sum: 0.0]
         [CodeCache Roots (ms):  0.1  0.1  0.1  0.1  0.1  0.1  0.1  0.1
          Min: 0.1, Avg: 0.1, Max: 0.1, Diff: 0.0, Sum: 0.7]
         [CM RefProcessor Roots (ms):  0.0  0.0  0.0  0.0  0.0  0.0  0.0  0.0
          Min: 0.0, Avg: 0.0, Max: 0.0, Diff: 0.0, Sum: 0.0]
         [Wait For Strong CLD (ms):  0.0  0.0  0.0  0.0  0.0  0.0  0.0  0.0
          Min: 0.0, Avg: 0.0, Max: 0.0, Diff: 0.0, Sum: 0.0]
         [Weak CLD Roots (ms):  0.0  0.0  0.0  0.0  0.0  0.0  0.0  0.0
          Min: 0.0, Avg: 0.0, Max: 0.0, Diff: 0.0, Sum: 0.0]
         [SATB Filtering (ms):  0.0  0.0  0.0  0.0  0.0  0.0  0.0  0.0
          Min: 0.0, Avg: 0.0, Max: 0.0, Diff: 0.0, Sum: 0.0]
      [Update RS (ms):  0.1  0.0  0.1  0.1  0.1  0.1  0.1  0.1
       Min: 0.0, Avg: 0.1, Max: 0.1, Diff: 0.0, Sum: 0.5]
         [Processed Buffers:  1  7  1  1  1  7  9  1
          Min: 1, Avg: 3.5, Max: 9, Diff: 8, Sum: 28]
      [Scan RS (ms):  0.0  0.0  0.0  0.0  0.0  0.0  0.0  0.0
       Min: 0.0, Avg: 0.0, Max: 0.0, Diff: 0.0, Sum: 0.1]
      [Code Root Scanning (ms):  0.0  0.0  0.0  0.0  0.0  0.0  0.0  0.0
       Min: 0.0, Avg: 0.0, Max: 0.0, Diff: 0.0, Sum: 0.0]
      [Object Copy (ms):  3.2  3.2  3.2  3.3  3.2  3.2  3.2  3.2
       Min: 3.2, Avg: 3.2, Max: 3.3, Diff: 0.0, Sum: 25.9]
      [Termination (ms):  0.0  0.0  0.0  0.0  0.0  0.0  0.0  0.0
       Min: 0.0, Avg: 0.0, Max: 0.0, Diff: 0.0, Sum: 0.0]
         [Termination Attempts:  1  1  1  1  1  1  1  1
          Min: 1, Avg: 1.0, Max: 1, Diff: 0, Sum: 8]
      [GC Worker Other (ms):  0.0  0.0  0.0  0.0  0.0  0.0  0.0  0.0
       Min: 0.0, Avg: 0.0, Max: 0.0, Diff: 0.0, Sum: 0.2]
      [GC Worker Total (ms):  3.6  3.6  3.6  3.6  3.5  3.6  3.5  3.5
       Min: 3.5, Avg: 3.6, Max: 3.6, Diff: 0.1, Sum: 28.5]
      [GC Worker End (ms):  13864.9  13864.9  13864.9  13864.9  13864.9  13864.9  13864.9  13864.9
       Min: 13864.9, Avg: 13864.9, Max: 13864.9, Diff: 0.0]
   [Code Root Fixup: 0.1 ms]
   [Code Root Purge: 0.0 ms]
   [Clear CT: 0.1 ms]
   [Other: 0.5 ms]
      [Choose CSet: 0.0 ms]
      [Ref Proc: 0.2 ms]
      [Ref Enq: 0.0 ms]
      [Redirty Cards: 0.1 ms]
         [Parallel Redirty:  0.0  0.0  0.0  0.0  0.0  0.0  0.0  0.0
          Min: 0.0, Avg: 0.0, Max: 0.0, Diff: 0.0, Sum: 0.0]
         [Redirtied Cards:  178  0  0  0  0  0  0  0
          Min: 0, Avg: 22.2, Max: 178, Diff: 178, Sum: 178]
      [Humongous Register: 0.0 ms]
         [Humongous Total: 0]
         [Humongous Candidate: 0]
      [Humongous Reclaim: 0.0 ms]
         [Humongous Reclaimed: 0]
      [Free CSet: 0.1 ms]
         [Young Free CSet: 0.1 ms]
         [Non-Young Free CSet: 0.0 ms]
   [Eden: 144.0M(144.0M)->0.0B(144.0M) Survivors: 9216.0K->9216.0K Heap: 173.0M(256.0M)->29.6M(256.0M)]
 [Times: user=0.03 sys=0.00, real=0.00 secs] 
14.071: [GC pause (G1 Evacuation Pause) (young), 0.0041832 secs]
   [Parallel Time: 3.7 ms, GC Workers: 8]
      [GC Worker Start (ms):  14071.2  14071.2  14071.2  14071.3  14071.3  14071.3  14071.3  14071.3
       Min: 14071.2, Avg: 14071.3, Max: 14071.3, Diff: 0.1]
      [Ext Root Scanning (ms):  0.2  0.2  0.2  0.2  0.2  0.2  0.2  0.2
       Min: 0.2, Avg: 0.2, Max: 0.2, Diff: 0.1, Sum: 1.6]
         [Thread Roots (ms):  0.0  0.1  0.1  0.1  0.1  0.0  0.0  0.0
          Min: 0.0, Avg: 0.0, Max: 0.1, Diff: 0.1, Sum: 0.3]
         [StringTable Roots (ms):  0.0  0.2  0.2  0.2  0.1  0.2  0.1  0.1
          Min: 0.0, Avg: 0.1, Max: 0.2, Diff: 0.2, Sum: 1.0]
         [Universe Roots (ms):  0.0  0.0  0.0  0.0  0.0  0.0  0.0  0.0
          Min: 0.0, Avg: 0.0, Max: 0.0, Diff: 0.0, Sum: 0.0]
         [JNI Handles Roots (ms):  0.0  0.0  0.0  0.0  0.0  0.0  0.0  0.0
          Min: 0.0, Avg: 0.0, Max: 0.0, Diff: 0.0, Sum: 0.0]
         [ObjectSynchronizer Roots (ms):  0.0  0.0  0.0  0.0  0.0  0.0  0.0  0.0
          Min: 0.0, Avg: 0.0, Max: 0.0, Diff: 0.0, Sum: 0.0]
         [FlatProfiler Roots (ms):  0.0  0.0  0.0  0.0  0.0  0.0  0.0  0.0
          Min: 0.0, Avg: 0.0, Max: 0.0, Diff: 0.0, Sum: 0.0]
         [Management Roots (ms):  0.0  0.0  0.0  0.0  0.0  0.0  0.0  0.0
          Min: 0.0, Avg: 0.0, Max: 0.0, Diff: 0.0, Sum: 0.0]
         [SystemDictionary Roots (ms):  0.0  0.0  0.0  0.0  0.0  0.0  0.1  0.0
          Min: 0.0, Avg: 0.0, Max: 0.1, Diff: 0.1, Sum: 0.1]
         [CLDG Roots (ms):  0.2  0.0  0.0  0.0  0.0  0.0  0.0  0.0
          Min: 0.0, Avg: 0.0, Max: 0.2, Diff: 0.2, Sum: 0.2]
         [JVMTI Roots (ms):  0.0  0.0  0.0  0.0  0.0  0.0  0.0  0.0
          Min: 0.0, Avg: 0.0, Max: 0.0, Diff: 0.0, Sum: 0.0]
         [CodeCache Roots (ms):  0.1  0.1  0.1  0.1  0.1  0.1  0.1  0.1
          Min: 0.1, Avg: 0.1, Max: 0.1, Diff: 0.0, Sum: 0.7]
         [CM RefProcessor Roots (ms):  0.0  0.0  0.0  0.0  0.0  0.0  0.0  0.0
          Min: 0.0, Avg: 0.0, Max: 0.0, Diff: 0.0, Sum: 0.0]
         [Wait For Strong CLD (ms):  0.0  0.0  0.0  0.0  0.0  0.0  0.0  0.0
          Min: 0.0, Avg: 0.0, Max: 0.0, Diff: 0.0, Sum: 0.0]
         [Weak CLD Roots (ms):  0.0  0.0  0.0  0.0  0.0  0.0  0.0  0.0
          Min: 0.0, Avg: 0.0, Max: 0.0, Diff: 0.0, Sum: 0.0]
         [SATB Filtering (ms):  0.0  0.0  0.0  0.0  0.0  0.0  0.0  0.0
          Min: 0.0, Avg: 0.0, Max: 0.0, Diff: 0.0, Sum: 0.0]
      [Update RS (ms):  0.1  0.1  0.1  0.1  0.1  0.1  0.0  0.1
       Min: 0.0, Avg: 0.1, Max: 0.1, Diff: 0.0, Sum: 0.5]
         [Processed Buffers:  1  1  1  1  1  1  6  14
          Min: 1, Avg: 3.2, Max: 14, Diff: 13, Sum: 26]
      [Scan RS (ms):  0.0  0.0  0.0  0.0  0.0  0.0  0.0  0.0
       Min: 0.0, Avg: 0.0, Max: 0.0, Diff: 0.0, Sum: 0.1]
      [Code Root Scanning (ms):  0.0  0.0  0.0  0.0  0.0  0.0  0.0  0.0
       Min: 0.0, Avg: 0.0, Max: 0.0, Diff: 0.0, Sum: 0.1]
      [Object Copy (ms):  3.2  3.3  3.3  3.3  3.2  3.3  3.3  3.3
       Min: 3.2, Avg: 3.3, Max: 3.3, Diff: 0.0, Sum: 26.1]
      [Termination (ms):  0.0  0.0  0.0  0.0  0.0  0.0  0.0  0.0
       Min: 0.0, Avg: 0.0, Max: 0.0, Diff: 0.0, Sum: 0.0]
         [Termination Attempts:  3  2  2  2  1  2  2  1
          Min: 1, Avg: 1.9, Max: 3, Diff: 2, Sum: 15]
      [GC Worker Other (ms):  0.0  0.0  0.1  0.0  0.1  0.1  0.0  0.0
       Min: 0.0, Avg: 0.0, Max: 0.1, Diff: 0.1, Sum: 0.3]
      [GC Worker Total (ms):  3.6  3.6  3.6  3.6  3.6  3.6  3.6  3.5
       Min: 3.5, Avg: 3.6, Max: 3.6, Diff: 0.1, Sum: 28.7]
      [GC Worker End (ms):  14074.8  14074.8  14074.9  14074.8  14074.9  14074.9  14074.8  14074.8
       Min: 14074.8, Avg: 14074.8, Max: 14074.9, Diff: 0.1]
   [Code Root Fixup: 0.0 ms]
   [Code Root Purge: 0.0 ms]
   [Clear CT: 0.1 ms]
   [Other: 0.4 ms]
      [Choose CSet: 0.0 ms]
      [Ref Proc: 0.2 ms]
      [Ref Enq: 0.0 ms]
      [Redirty Cards: 0.1 ms]
         [Parallel Redirty:  0.0  0.0  0.0  0.0  0.0  0.0  0.0  0.0
          Min: 0.0, Avg: 0.0, Max: 0.0, Diff: 0.0, Sum: 0.0]
         [Redirtied Cards:  172  0  0  0  0  0  0  0
          Min: 0, Avg: 21.5, Max: 172, Diff: 172, Sum: 172]
      [Humongous Register: 0.0 ms]
         [Humongous Total: 0]
         [Humongous Candidate: 0]
      [Humongous Reclaim: 0.0 ms]
         [Humongous Reclaimed: 0]
      [Free CSet: 0.1 ms]
         [Young Free CSet: 0.1 ms]
         [Non-Young Free CSet: 0.0 ms]
   [Eden: 144.0M(144.0M)->0.0B(145.0M) Survivors: 9216.0K->8192.0K Heap: 173.6M(256.0M)->29.6M(256.0M)]
 [Times: user=0.02 sys=0.00, real=0.00 secs] 
14.283: [GC pause (G1 Evacuation Pause) (young), 0.0042616 secs]
   [Parallel Time: 3.6 ms, GC Workers: 8]
      [GC Worker Start (ms):  14283.1  14283.1  14283.1  14283.1  14283.1  14283.2  14283.2  14283.2
       Min: 14283.1, Avg: 14283.1, Max: 14283.2, Diff: 0.1]
      [Ext Root Scanning (ms):  0.3  0.2  0.2  0.2  0.2  0.2  0.2  0.2
       Min: 0.2, Avg: 0.2, Max: 0.3, Diff: 0.1, Sum: 1.6]
         [Thread Roots (ms):  0.0  0.1  0.1  0.1  0.0  0.1  0.0  0.0
          Min: 0.0, Avg: 0.0, Max: 0.1, Diff: 0.1, Sum: 0.4]
         [StringTable Roots (ms):  0.0  0.2  0.1  0.1  0.2  0.1  0.2  0.2
          Min: 0.0, Avg: 0.1, Max: 0.2, Diff: 0.1, Sum: 1.0]
         [Universe Roots (ms):  0.0  0.0  0.0  0.0  0.0  0.0  0.0  0.0
          Min: 0.0, Avg: 0.0, Max: 0.0, Diff: 0.0, Sum: 0.0]
         [JNI Handles Roots (ms):  0.0  0.0  0.0  0.0  0.0  0.0  0.0  0.0
          Min: 0.0, Avg: 0.0, Max: 0.0, Diff: 0.0, Sum: 0.0]
         [ObjectSynchronizer Roots (ms):  0.0  0.0  0.0  0.0  0.0  0.0  0.0  0.0
          Min: 0.0, Avg: 0.0, Max: 0.0, Diff: 0.0, Sum: 0.0]
         [FlatProfiler Roots (ms):  0.0  0.0  0.0  0.0  0.0  0.0  0.0  0.0
          Min: 0.0, Avg: 0.0, Max: 0.0, Diff: 0.0, Sum: 0.0]
         [Management Roots (ms):  0.0  0.0  0.0  0.0  0.0  0.0  0.0  0.0
          Min: 0.0, Avg: 0.0, Max: 0.0, Diff: 0.0, Sum: 0.0]
         [SystemDictionary Roots (ms):  0.0  0.0  0.1  0.0  0.0  0.0  0.0  0.0
          Min: 0.0, Avg: 0.0, Max: 0.1, Diff: 0.1, Sum: 0.1]
         [CLDG Roots (ms):  0.2  0.0  0.0  0.0  0.0  0.0  0.0  0.0
          Min: 0.0, Avg: 0.0, Max: 0.2, Diff: 0.2, Sum: 0.2]
         [JVMTI Roots (ms):  0.0  0.0  0.0  0.0  0.0  0.0  0.0  0.0
          Min: 0.0, Avg: 0.0, Max: 0.0, Diff: 0.0, Sum: 0.0]
         [CodeCache Roots (ms):  0.1  0.1  0.1  0.1  0.1  0.1  0.1  0.1
          Min: 0.1, Avg: 0.1, Max: 0.1, Diff: 0.0, Sum: 0.7]
         [CM RefProcessor Roots (ms):  0.0  0.0  0.0  0.0  0.0  0.0  0.0  0.0
          Min: 0.0, Avg: 0.0, Max: 0.0, Diff: 0.0, Sum: 0.0]
         [Wait For Strong CLD (ms):  0.0  0.0  0.0  0.0  0.0  0.0  0.0  0.0
          Min: 0.0, Avg: 0.0, Max: 0.0, Diff: 0.0, Sum: 0.0]
         [Weak CLD Roots (ms):  0.0  0.0  0.0  0.0  0.0  0.0  0.0  0.0
          Min: 0.0, Avg: 0.0, Max: 0.0, Diff: 0.0, Sum: 0.0]
         [SATB Filtering (ms):  0.0  0.0  0.0  0.0  0.0  0.0  0.0  0.0
          Min: 0.0, Avg: 0.0, Max: 0.0, Diff: 0.0, Sum: 0.0]
      [Update RS (ms):  0.1  0.1  0.0  0.0  0.1  0.1  0.1  0.1
       Min: 0.0, Avg: 0.1, Max: 0.1, Diff: 0.1, Sum: 0.5]
         [Processed Buffers:  1  1  8  4  1  1  8  2
          Min: 1, Avg: 3.2, Max: 8, Diff: 7, Sum: 26]
      [Scan RS (ms):  0.0  0.0  0.0  0.0  0.0  0.0  0.0  0.0
       Min: 0.0, Avg: 0.0, Max: 0.0, Diff: 0.0, Sum: 0.1]
      [Code Root Scanning (ms):  0.0  0.0  0.0  0.0  0.0  0.0  0.0  0.0
       Min: 0.0, Avg: 0.0, Max: 0.0, Diff: 0.0, Sum: 0.0]
      [Object Copy (ms):  3.1  3.1  3.1  3.1  3.1  3.1  3.1  3.1
       Min: 3.1, Avg: 3.1, Max: 3.1, Diff: 0.0, Sum: 24.9]
      [Termination (ms):  0.0  0.0  0.0  0.0  0.0  0.0  0.0  0.0
       Min: 0.0, Avg: 0.0, Max: 0.0, Diff: 0.0, Sum: 0.0]
         [Termination Attempts:  1  1  1  2  2  2  1  1
          Min: 1, Avg: 1.4, Max: 2, Diff: 1, Sum: 11]
      [GC Worker Other (ms):  0.0  0.0  0.0  0.0  0.0  0.0  0.0  0.0
       Min: 0.0, Avg: 0.0, Max: 0.0, Diff: 0.0, Sum: 0.2]
      [GC Worker Total (ms):  3.5  3.5  3.4  3.5  3.4  3.4  3.4  3.4
       Min: 3.4, Avg: 3.4, Max: 3.5, Diff: 0.1, Sum: 27.4]
      [GC Worker End (ms):  14286.5  14286.6  14286.5  14286.6  14286.6  14286.5  14286.5  14286.6
       Min: 14286.5, Avg: 14286.6, Max: 14286.6, Diff: 0.0]
   [Code Root Fixup: 0.1 ms]
   [Code Root Purge: 0.0 ms]
   [Clear CT: 0.1 ms]
   [Other: 0.5 ms]
      [Choose CSet: 0.0 ms]
      [Ref Proc: 0.2 ms]
      [Ref Enq: 0.0 ms]
      [Redirty Cards: 0.2 ms]
         [Parallel Redirty:  0.0  0.0  0.0  0.0  0.0  0.0  0.0  0.0
          Min: 0.0, Avg: 0.0, Max: 0.0, Diff: 0.0, Sum: 0.0]
         [Redirtied Cards:  169  0  0  0  0  0  0  0
          Min: 0, Avg: 21.1, Max: 169, Diff: 169, Sum: 169]
      [Humongous Register: 0.0 ms]
         [Humongous Total: 0]
         [Humongous Candidate: 0]
      [Humongous Reclaim: 0.0 ms]
         [Humongous Reclaimed: 0]
      [Free CSet: 0.1 ms]
         [Young Free CSet: 0.1 ms]
         [Non-Young Free CSet: 0.0 ms]
   [Eden: 145.0M(145.0M)->0.0B(144.0M) Survivors: 8192.0K->9216.0K Heap: 174.6M(256.0M)->30.7M(256.0M)]
 [Times: user=0.02 sys=0.00, real=0.01 secs] 
14.495: [GC pause (G1 Evacuation Pause) (young), 0.0042591 secs]
   [Parallel Time: 3.6 ms, GC Workers: 8]
      [GC Worker Start (ms):  14495.1  14495.2  14495.2  14495.2  14495.2  14495.2  14495.2  14495.2
       Min: 14495.1, Avg: 14495.2, Max: 14495.2, Diff: 0.1]
      [Ext Root Scanning (ms):  0.3  0.2  0.2  0.2  0.2  0.2  0.2  0.2
       Min: 0.2, Avg: 0.2, Max: 0.3, Diff: 0.1, Sum: 1.6]
         [Thread Roots (ms):  0.0  0.1  0.1  0.0  0.1  0.0  0.0  0.0
          Min: 0.0, Avg: 0.0, Max: 0.1, Diff: 0.1, Sum: 0.4]
         [StringTable Roots (ms):  0.0  0.1  0.2  0.1  0.1  0.2  0.2  0.2
          Min: 0.0, Avg: 0.1, Max: 0.2, Diff: 0.1, Sum: 1.0]
         [Universe Roots (ms):  0.0  0.0  0.0  0.0  0.0  0.0  0.0  0.0
          Min: 0.0, Avg: 0.0, Max: 0.0, Diff: 0.0, Sum: 0.0]
         [JNI Handles Roots (ms):  0.0  0.0  0.0  0.0  0.0  0.0  0.0  0.0
          Min: 0.0, Avg: 0.0, Max: 0.0, Diff: 0.0, Sum: 0.0]
         [ObjectSynchronizer Roots (ms):  0.0  0.0  0.0  0.0  0.0  0.0  0.0  0.0
          Min: 0.0, Avg: 0.0, Max: 0.0, Diff: 0.0, Sum: 0.0]
         [FlatProfiler Roots (ms):  0.0  0.0  0.0  0.0  0.0  0.0  0.0  0.0
          Min: 0.0, Avg: 0.0, Max: 0.0, Diff: 0.0, Sum: 0.0]
         [Management Roots (ms):  0.0  0.0  0.0  0.0  0.0  0.0  0.0  0.0
          Min: 0.0, Avg: 0.0, Max: 0.0, Diff: 0.0, Sum: 0.0]
         [SystemDictionary Roots (ms):  0.0  0.0  0.0  0.1  0.0  0.0  0.0  0.0
          Min: 0.0, Avg: 0.0, Max: 0.1, Diff: 0.1, Sum: 0.1]
         [CLDG Roots (ms):  0.2  0.0  0.0  0.0  0.0  0.0  0.0  0.0
          Min: 0.0, Avg: 0.0, Max: 0.2, Diff: 0.2, Sum: 0.2]
         [JVMTI Roots (ms):  0.0  0.0  0.0  0.0  0.0  0.0  0.0  0.0
          Min: 0.0, Avg: 0.0, Max: 0.0, Diff: 0.0, Sum: 0.0]
         [CodeCache Roots (ms):  0.1  0.1  0.1  0.1  0.1  0.1  0.1  0.1
          Min: 0.1, Avg: 0.1, Max: 0.1, Diff: 0.0, Sum: 0.8]
         [CM RefProcessor Roots (ms):  0.0  0.0  0.0  0.0  0.0  0.0  0.0  0.0
          Min: 0.0, Avg: 0.0, Max: 0.0, Diff: 0.0, Sum: 0.0]
         [Wait For Strong CLD (ms):  0.0  0.0  0.0  0.0  0.0  0.0  0.0  0.0
          Min: 0.0, Avg: 0.0, Max: 0.0, Diff: 0.0, Sum: 0.0]
         [Weak CLD Roots (ms):  0.0  0.0  0.0  0.0  0.0  0.0  0.0  0.0
          Min: 0.0, Avg: 0.0, Max: 0.0, Diff: 0.0, Sum: 0.0]
         [SATB Filtering (ms):  0.0  0.0  0.0  0.0  0.0  0.0  0.0  0.0
          Min: 0.0, Avg: 0.0, Max: 0.0, Diff: 0.0, Sum: 0.0]
      [Update RS (ms):  0.1  0.1  0.1  0.1  0.1  0.1  0.1  0.1
       Min: 0.1, Avg: 0.1, Max: 0.1, Diff: 0.0, Sum: 0.6]
         [Processed Buffers:  1  1  1  1  1  15  7  1
          Min: 1, Avg: 3.5, Max: 15, Diff: 14, Sum: 28]
      [Scan RS (ms):  0.0  0.0  0.0  0.0  0.0  0.0  0.0  0.0
       Min: 0.0, Avg: 0.0, Max: 0.0, Diff: 0.0, Sum: 0.1]
      [Code Root Scanning (ms):  0.0  0.0  0.0  0.0  0.0  0.0  0.0  0.0
       Min: 0.0, Avg: 0.0, Max: 0.0, Diff: 0.0, Sum: 0.0]
      [Object Copy (ms):  3.1  3.1  3.1  3.1  3.1  3.1  3.1  3.1
       Min: 3.1, Avg: 3.1, Max: 3.1, Diff: 0.0, Sum: 24.7]
      [Termination (ms):  0.0  0.0  0.0  0.0  0.0  0.0  0.0  0.0
       Min: 0.0, Avg: 0.0, Max: 0.0, Diff: 0.0, Sum: 0.0]
         [Termination Attempts:  1  1  1  1  1  1  1  1
          Min: 1, Avg: 1.0, Max: 1, Diff: 0, Sum: 8]
      [GC Worker Other (ms):  0.1  0.1  0.0  0.1  0.1  0.0  0.0  0.0
       Min: 0.0, Avg: 0.0, Max: 0.1, Diff: 0.1, Sum: 0.4]
      [GC Worker Total (ms):  3.5  3.5  3.4  3.5  3.4  3.4  3.4  3.4
       Min: 3.4, Avg: 3.4, Max: 3.5, Diff: 0.1, Sum: 27.5]
      [GC Worker End (ms):  14498.7  14498.6  14498.6  14498.6  14498.6  14498.6  14498.6  14498.6
       Min: 14498.6, Avg: 14498.6, Max: 14498.7, Diff: 0.1]
   [Code Root Fixup: 0.1 ms]
   [Code Root Purge: 0.0 ms]
   [Clear CT: 0.1 ms]
   [Other: 0.5 ms]
      [Choose CSet: 0.0 ms]
      [Ref Proc: 0.2 ms]
      [Ref Enq: 0.0 ms]
      [Redirty Cards: 0.1 ms]
         [Parallel Redirty:  0.0  0.0  0.0  0.0  0.0  0.0  0.0  0.0
          Min: 0.0, Avg: 0.0, Max: 0.0, Diff: 0.0, Sum: 0.0]
         [Redirtied Cards:  165  0  0  0  0  0  0  0
          Min: 0, Avg: 20.6, Max: 165, Diff: 165, Sum: 165]
      [Humongous Register: 0.0 ms]
         [Humongous Total: 0]
         [Humongous Candidate: 0]
      [Humongous Reclaim: 0.0 ms]
         [Humongous Reclaimed: 0]
      [Free CSet: 0.1 ms]
         [Young Free CSet: 0.1 ms]
         [Non-Young Free CSet: 0.0 ms]
   [Eden: 144.0M(144.0M)->0.0B(144.0M) Survivors: 9216.0K->9216.0K Heap: 174.7M(256.0M)->31.1M(256.0M)]
 [Times: user=0.02 sys=0.01, real=0.01 secs] 
14.706: [GC pause (G1 Evacuation Pause) (young), 0.0045392 secs]
   [Parallel Time: 3.9 ms, GC Workers: 8]
      [GC Worker Start (ms):  14705.6  14705.6  14705.6  14705.6  14705.6  14705.7  14705.7  14705.7
       Min: 14705.6, Avg: 14705.7, Max: 14705.7, Diff: 0.1]
      [Ext Root Scanning (ms):  0.3  0.2  0.2  0.3  0.2  0.2  0.2  0.1
       Min: 0.1, Avg: 0.2, Max: 0.3, Diff: 0.1, Sum: 1.8]
         [Thread Roots (ms):  0.0  0.1  0.1  0.3  0.1  0.1  0.0  0.0
          Min: 0.0, Avg: 0.1, Max: 0.3, Diff: 0.3, Sum: 0.6]
         [StringTable Roots (ms):  0.0  0.2  0.1  0.0  0.2  0.2  0.2  0.1
          Min: 0.0, Avg: 0.1, Max: 0.2, Diff: 0.2, Sum: 0.9]
         [Universe Roots (ms):  0.0  0.0  0.0  0.0  0.0  0.0  0.0  0.0
          Min: 0.0, Avg: 0.0, Max: 0.0, Diff: 0.0, Sum: 0.0]
         [JNI Handles Roots (ms):  0.0  0.0  0.0  0.0  0.0  0.0  0.0  0.0
          Min: 0.0, Avg: 0.0, Max: 0.0, Diff: 0.0, Sum: 0.0]
         [ObjectSynchronizer Roots (ms):  0.0  0.0  0.0  0.0  0.0  0.0  0.0  0.0
          Min: 0.0, Avg: 0.0, Max: 0.0, Diff: 0.0, Sum: 0.0]
         [FlatProfiler Roots (ms):  0.0  0.0  0.0  0.0  0.0  0.0  0.0  0.0
          Min: 0.0, Avg: 0.0, Max: 0.0, Diff: 0.0, Sum: 0.0]
         [Management Roots (ms):  0.0  0.0  0.0  0.0  0.0  0.0  0.0  0.0
          Min: 0.0, Avg: 0.0, Max: 0.0, Diff: 0.0, Sum: 0.0]
         [SystemDictionary Roots (ms):  0.0  0.0  0.1  0.0  0.0  0.0  0.0  0.0
          Min: 0.0, Avg: 0.0, Max: 0.1, Diff: 0.1, Sum: 0.1]
         [CLDG Roots (ms):  0.2  0.0  0.0  0.0  0.0  0.0  0.0  0.0
          Min: 0.0, Avg: 0.0, Max: 0.2, Diff: 0.2, Sum: 0.2]
         [JVMTI Roots (ms):  0.0  0.0  0.0  0.0  0.0  0.0  0.0  0.0
          Min: 0.0, Avg: 0.0, Max: 0.0, Diff: 0.0, Sum: 0.0]
         [CodeCache Roots (ms):  0.1  0.1  0.0  0.1  0.1  0.1  0.1  0.1
          Min: 0.0, Avg: 0.1, Max: 0.1, Diff: 0.1, Sum: 0.6]
         [CM RefProcessor Roots (ms):  0.0  0.0  0.0  0.0  0.0  0.0  0.0  0.0
          Min: 0.0, Avg: 0.0, Max: 0.0, Diff: 0.0, Sum: 0.0]
         [Wait For Strong CLD (ms):  0.0  0.0  0.0  0.0  0.0  0.0  0.0  0.0
          Min: 0.0, Avg: 0.0, Max: 0.0, Diff: 0.0, Sum: 0.0]
         [Weak CLD Roots (ms):  0.0  0.0  0.0  0.0  0.0  0.0  0.0  0.0
          Min: 0.0, Avg: 0.0, Max: 0.0, Diff: 0.0, Sum: 0.0]
         [SATB Filtering (ms):  0.0  0.0  0.0  0.0  0.0  0.0  0.0  0.0
          Min: 0.0, Avg: 0.0, Max: 0.0, Diff: 0.0, Sum: 0.0]
      [Update RS (ms):  0.1  0.1  0.0  0.1  0.1  0.1  0.1  0.1
       Min: 0.0, Avg: 0.1, Max: 0.1, Diff: 0.1, Sum: 0.5]
         [Processed Buffers:  1  10  0  9  2  2  2  3
          Min: 0, Avg: 3.6, Max: 10, Diff: 10, Sum: 29]
      [Scan RS (ms):  0.0  0.0  0.0  0.0  0.0  0.0  0.0  0.0
       Min: 0.0, Avg: 0.0, Max: 0.0, Diff: 0.0, Sum: 0.1]
      [Code Root Scanning (ms):  0.0  0.0  0.0  0.0  0.0  0.0  0.0  0.0
       Min: 0.0, Avg: 0.0, Max: 0.0, Diff: 0.0, Sum: 0.0]
      [Object Copy (ms):  3.5  3.5  3.5  3.5  3.5  3.5  3.5  3.5
       Min: 3.5, Avg: 3.5, Max: 3.5, Diff: 0.1, Sum: 27.8]
      [Termination (ms):  0.0  0.0  0.0  0.0  0.0  0.0  0.0  0.0
       Min: 0.0, Avg: 0.0, Max: 0.0, Diff: 0.0, Sum: 0.0]
         [Termination Attempts:  1  1  1  1  1  1  1  1
          Min: 1, Avg: 1.0, Max: 1, Diff: 0, Sum: 8]
      [GC Worker Other (ms):  0.0  0.0  0.0  0.0  0.0  0.0  0.0  0.0
       Min: 0.0, Avg: 0.0, Max: 0.0, Diff: 0.0, Sum: 0.2]
      [GC Worker Total (ms):  3.8  3.8  3.8  3.8  3.8  3.8  3.8  3.7
       Min: 3.7, Avg: 3.8, Max: 3.8, Diff: 0.1, Sum: 30.4]
      [GC Worker End (ms):  14709.4  14709.4  14709.5  14709.4  14709.5  14709.4  14709.5  14709.5
       Min: 14709.4, Avg: 14709.5, Max: 14709.5, Diff: 0.0]
   [Code Root Fixup: 0.0 ms]
   [Code Root Purge: 0.0 ms]
   [Clear CT: 0.2 ms]
   [Other: 0.4 ms]
      [Choose CSet: 0.0 ms]
      [Ref Proc: 0.1 ms]
      [Ref Enq: 0.0 ms]
      [Redirty Cards: 0.1 ms]
         [Parallel Redirty:  0.0  0.0  0.0  0.0  0.0  0.0  0.0  0.0
          Min: 0.0, Avg: 0.0, Max: 0.0, Diff: 0.0, Sum: 0.0]
         [Redirtied Cards:  174  0  0  0  0  0  0  0
          Min: 0, Avg: 21.8, Max: 174, Diff: 174, Sum: 174]
      [Humongous Register: 0.0 ms]
         [Humongous Total: 0]
         [Humongous Candidate: 0]
      [Humongous Reclaim: 0.0 ms]
         [Humongous Reclaimed: 0]
      [Free CSet: 0.1 ms]
         [Young Free CSet: 0.1 ms]
         [Non-Young Free CSet: 0.0 ms]
   [Eden: 144.0M(144.0M)->0.0B(145.0M) Survivors: 9216.0K->8192.0K Heap: 175.1M(256.0M)->31.1M(256.0M)]
 [Times: user=0.02 sys=0.00, real=0.01 secs] 
14.939: [GC pause (G1 Evacuation Pause) (young), 0.0045502 secs]
   [Parallel Time: 4.0 ms, GC Workers: 8]
      [GC Worker Start (ms):  14938.9  14938.9  14938.9  14939.0  14939.0  14939.0  14939.0  14939.2
       Min: 14938.9, Avg: 14939.0, Max: 14939.2, Diff: 0.3]
      [Ext Root Scanning (ms):  0.3  0.3  0.2  0.2  0.2  0.2  0.2  0.0
       Min: 0.0, Avg: 0.2, Max: 0.3, Diff: 0.3, Sum: 1.7]
         [Thread Roots (ms):  0.0  0.1  0.1  0.1  0.0  0.0  0.1  0.0
          Min: 0.0, Avg: 0.0, Max: 0.1, Diff: 0.1, Sum: 0.4]
         [StringTable Roots (ms):  0.0  0.1  0.2  0.2  0.2  0.2  0.2  0.0
          Min: 0.0, Avg: 0.1, Max: 0.2, Diff: 0.2, Sum: 1.0]
         [Universe Roots (ms):  0.0  0.0  0.0  0.0  0.0  0.0  0.0  0.0
          Min: 0.0, Avg: 0.0, Max: 0.0, Diff: 0.0, Sum: 0.0]
         [JNI Handles Roots (ms):  0.0  0.0  0.0  0.0  0.0  0.0  0.0  0.0
          Min: 0.0, Avg: 0.0, Max: 0.0, Diff: 0.0, Sum: 0.0]
         [ObjectSynchronizer Roots (ms):  0.0  0.0  0.0  0.0  0.0  0.0  0.0  0.0
          Min: 0.0, Avg: 0.0, Max: 0.0, Diff: 0.0, Sum: 0.0]
         [FlatProfiler Roots (ms):  0.0  0.0  0.0  0.0  0.0  0.0  0.0  0.0
          Min: 0.0, Avg: 0.0, Max: 0.0, Diff: 0.0, Sum: 0.0]
         [Management Roots (ms):  0.0  0.0  0.0  0.0  0.0  0.0  0.0  0.0
          Min: 0.0, Avg: 0.0, Max: 0.0, Diff: 0.0, Sum: 0.0]
         [SystemDictionary Roots (ms):  0.0  0.1  0.0  0.0  0.0  0.0  0.0  0.0
          Min: 0.0, Avg: 0.0, Max: 0.1, Diff: 0.1, Sum: 0.1]
         [CLDG Roots (ms):  0.2  0.0  0.0  0.0  0.0  0.0  0.0  0.0
          Min: 0.0, Avg: 0.0, Max: 0.2, Diff: 0.2, Sum: 0.2]
         [JVMTI Roots (ms):  0.0  0.0  0.0  0.0  0.0  0.0  0.0  0.0
          Min: 0.0, Avg: 0.0, Max: 0.0, Diff: 0.0, Sum: 0.0]
         [CodeCache Roots (ms):  0.1  0.1  0.0  0.1  0.1  0.1  0.1  3.3
          Min: 0.0, Avg: 0.5, Max: 3.3, Diff: 3.3, Sum: 3.9]
         [CM RefProcessor Roots (ms):  0.0  0.0  0.0  0.0  0.0  0.0  0.0  0.0
          Min: 0.0, Avg: 0.0, Max: 0.0, Diff: 0.0, Sum: 0.0]
         [Wait For Strong CLD (ms):  0.0  0.0  0.0  0.0  0.0  0.0  0.0  0.0
          Min: 0.0, Avg: 0.0, Max: 0.0, Diff: 0.0, Sum: 0.0]
         [Weak CLD Roots (ms):  0.0  0.0  0.0  0.0  0.0  0.0  0.0  0.0
          Min: 0.0, Avg: 0.0, Max: 0.0, Diff: 0.0, Sum: 0.0]
         [SATB Filtering (ms):  0.0  0.0  0.0  0.0  0.0  0.0  0.0  0.0
          Min: 0.0, Avg: 0.0, Max: 0.0, Diff: 0.0, Sum: 0.0]
      [Update RS (ms):  0.1  0.1  0.0  0.1  0.1  0.1  0.1  0.1
       Min: 0.0, Avg: 0.1, Max: 0.1, Diff: 0.1, Sum: 0.5]
         [Processed Buffers:  1  1  0  1  1  10  11  1
          Min: 0, Avg: 3.2, Max: 11, Diff: 11, Sum: 26]
      [Scan RS (ms):  0.0  0.0  0.0  0.0  0.0  0.0  0.0  0.0
       Min: 0.0, Avg: 0.0, Max: 0.0, Diff: 0.0, Sum: 0.1]
      [Code Root Scanning (ms):  0.0  0.0  0.0  0.0  0.0  0.0  0.0  3.3
       Min: 0.0, Avg: 0.4, Max: 3.3, Diff: 3.3, Sum: 3.3]
      [Object Copy (ms):  3.6  3.6  3.7  3.6  3.6  3.6  3.6  0.3
       Min: 0.3, Avg: 3.2, Max: 3.7, Diff: 3.4, Sum: 25.6]
      [Termination (ms):  0.0  0.0  0.0  0.0  0.0  0.0  0.0  0.0
       Min: 0.0, Avg: 0.0, Max: 0.0, Diff: 0.0, Sum: 0.0]
         [Termination Attempts:  1  1  1  1  1  1  1  1
          Min: 1, Avg: 1.0, Max: 1, Diff: 0, Sum: 8]
      [GC Worker Other (ms):  0.0  0.0  0.0  0.0  0.0  0.0  0.0  0.0
       Min: 0.0, Avg: 0.0, Max: 0.0, Diff: 0.0, Sum: 0.2]
      [GC Worker Total (ms):  4.0  4.0  4.0  4.0  3.9  4.0  3.9  3.7
       Min: 3.7, Avg: 3.9, Max: 4.0, Diff: 0.3, Sum: 31.4]
      [GC Worker End (ms):  14942.9  14942.9  14942.9  14942.9  14942.9  14942.9  14942.9  14942.9
       Min: 14942.9, Avg: 14942.9, Max: 14942.9, Diff: 0.0]
   [Code Root Fixup: 0.0 ms]
   [Code Root Purge: 0.0 ms]
   [Clear CT: 0.2 ms]
   [Other: 0.3 ms]
      [Choose CSet: 0.0 ms]
      [Ref Proc: 0.1 ms]
      [Ref Enq: 0.0 ms]
      [Redirty Cards: 0.1 ms]
         [Parallel Redirty:  0.0  0.0  0.0  0.0  0.0  0.0  0.0  0.0
          Min: 0.0, Avg: 0.0, Max: 0.0, Diff: 0.0, Sum: 0.0]
         [Redirtied Cards:  176  0  0  0  0  0  0  0
          Min: 0, Avg: 22.0, Max: 176, Diff: 176, Sum: 176]
      [Humongous Register: 0.0 ms]
         [Humongous Total: 0]
         [Humongous Candidate: 0]
      [Humongous Reclaim: 0.0 ms]
         [Humongous Reclaimed: 0]
      [Free CSet: 0.1 ms]
         [Young Free CSet: 0.1 ms]
         [Non-Young Free CSet: 0.0 ms]
   [Eden: 145.0M(145.0M)->0.0B(145.0M) Survivors: 8192.0K->8192.0K Heap: 176.1M(256.0M)->31.1M(256.0M)]
 [Times: user=0.03 sys=0.00, real=0.00 secs] 
15.155: [GC pause (G1 Evacuation Pause) (young), 0.0042747 secs]
   [Parallel Time: 3.5 ms, GC Workers: 8]
      [GC Worker Start (ms):  15155.5  15155.5  15155.5  15155.5  15155.5  15155.5  15155.6  15155.6
       Min: 15155.5, Avg: 15155.5, Max: 15155.6, Diff: 0.1]
      [Ext Root Scanning (ms):  0.2  0.2  0.2  0.2  0.2  0.2  0.2  0.2
       Min: 0.2, Avg: 0.2, Max: 0.2, Diff: 0.1, Sum: 1.6]
         [Thread Roots (ms):  0.0  0.1  0.1  0.1  0.0  0.0  0.0  0.0
          Min: 0.0, Avg: 0.0, Max: 0.1, Diff: 0.1, Sum: 0.3]
         [StringTable Roots (ms):  0.0  0.1  0.2  0.1  0.2  0.2  0.1  0.2
          Min: 0.0, Avg: 0.1, Max: 0.2, Diff: 0.2, Sum: 1.0]
         [Universe Roots (ms):  0.0  0.0  0.0  0.0  0.0  0.0  0.0  0.0
          Min: 0.0, Avg: 0.0, Max: 0.0, Diff: 0.0, Sum: 0.0]
         [JNI Handles Roots (ms):  0.0  0.0  0.0  0.0  0.0  0.0  0.0  0.0
          Min: 0.0, Avg: 0.0, Max: 0.0, Diff: 0.0, Sum: 0.0]
         [ObjectSynchronizer Roots (ms):  0.0  0.0  0.0  0.0  0.0  0.0  0.0  0.0
          Min: 0.0, Avg: 0.0, Max: 0.0, Diff: 0.0, Sum: 0.0]
         [FlatProfiler Roots (ms):  0.0  0.0  0.0  0.0  0.0  0.0  0.0  0.0
          Min: 0.0, Avg: 0.0, Max: 0.0, Diff: 0.0, Sum: 0.0]
         [Management Roots (ms):  0.0  0.0  0.0  0.0  0.0  0.0  0.0  0.0
          Min: 0.0, Avg: 0.0, Max: 0.0, Diff: 0.0, Sum: 0.0]
         [SystemDictionary Roots (ms):  0.0  0.0  0.0  0.0  0.0  0.0  0.1  0.0
          Min: 0.0, Avg: 0.0, Max: 0.1, Diff: 0.1, Sum: 0.1]
         [CLDG Roots (ms):  0.2  0.0  0.0  0.0  0.0  0.0  0.0  0.0
          Min: 0.0, Avg: 0.0, Max: 0.2, Diff: 0.2, Sum: 0.2]
         [JVMTI Roots (ms):  0.0  0.0  0.0  0.0  0.0  0.0  0.0  0.0
          Min: 0.0, Avg: 0.0, Max: 0.0, Diff: 0.0, Sum: 0.0]
         [CodeCache Roots (ms):  0.1  0.1  0.1  0.1  0.1  0.1  0.1  0.1
          Min: 0.1, Avg: 0.1, Max: 0.1, Diff: 0.0, Sum: 0.7]
         [CM RefProcessor Roots (ms):  0.0  0.0  0.0  0.0  0.0  0.0  0.0  0.0
          Min: 0.0, Avg: 0.0, Max: 0.0, Diff: 0.0, Sum: 0.0]
         [Wait For Strong CLD (ms):  0.0  0.0  0.0  0.0  0.0  0.0  0.0  0.0
          Min: 0.0, Avg: 0.0, Max: 0.0, Diff: 0.0, Sum: 0.0]
         [Weak CLD Roots (ms):  0.0  0.0  0.0  0.0  0.0  0.0  0.0  0.0
          Min: 0.0, Avg: 0.0, Max: 0.0, Diff: 0.0, Sum: 0.0]
         [SATB Filtering (ms):  0.0  0.0  0.0  0.0  0.0  0.0  0.0  0.0
          Min: 0.0, Avg: 0.0, Max: 0.0, Diff: 0.0, Sum: 0.0]
      [Update RS (ms):  0.1  0.1  0.0  0.1  0.1  0.1  0.0  0.1
       Min: 0.0, Avg: 0.1, Max: 0.1, Diff: 0.1, Sum: 0.5]
         [Processed Buffers:  1  7  11  1  2  1  2  1
          Min: 1, Avg: 3.2, Max: 11, Diff: 10, Sum: 26]
      [Scan RS (ms):  0.0  0.0  0.0  0.0  0.0  0.0  0.0  0.0
       Min: 0.0, Avg: 0.0, Max: 0.0, Diff: 0.0, Sum: 0.1]
      [Code Root Scanning (ms):  0.0  0.0  0.0  0.0  0.0  0.0  0.0  0.0
       Min: 0.0, Avg: 0.0, Max: 0.0, Diff: 0.0, Sum: 0.0]
      [Object Copy (ms):  3.1  3.1  3.1  3.1  3.1  3.1  3.1  3.1
       Min: 3.1, Avg: 3.1, Max: 3.1, Diff: 0.0, Sum: 24.9]
      [Termination (ms):  0.0  0.0  0.0  0.0  0.0  0.0  0.0  0.0
       Min: 0.0, Avg: 0.0, Max: 0.0, Diff: 0.0, Sum: 0.0]
         [Termination Attempts:  1  1  1  1  1  1  1  1
          Min: 1, Avg: 1.0, Max: 1, Diff: 0, Sum: 8]
      [GC Worker Other (ms):  0.1  0.1  0.0  0.0  0.0  0.0  0.0  0.0
       Min: 0.0, Avg: 0.0, Max: 0.1, Diff: 0.1, Sum: 0.3]
      [GC Worker Total (ms):  3.5  3.5  3.4  3.4  3.4  3.4  3.4  3.4
       Min: 3.4, Avg: 3.4, Max: 3.5, Diff: 0.1, Sum: 27.5]
      [GC Worker End (ms):  15159.0  15159.0  15158.9  15158.9  15159.0  15159.0  15158.9  15158.9
       Min: 15158.9, Avg: 15159.0, Max: 15159.0, Diff: 0.1]
   [Code Root Fixup: 0.0 ms]
   [Code Root Purge: 0.0 ms]
   [Clear CT: 0.2 ms]
   [Other: 0.5 ms]
      [Choose CSet: 0.0 ms]
      [Ref Proc: 0.2 ms]
      [Ref Enq: 0.0 ms]
      [Redirty Cards: 0.2 ms]
         [Parallel Redirty:  0.0  0.0  0.0  0.0  0.0  0.0  0.0  0.0
          Min: 0.0, Avg: 0.0, Max: 0.0, Diff: 0.0, Sum: 0.0]
         [Redirtied Cards:  182  0  0  0  0  0  0  0
          Min: 0, Avg: 22.8, Max: 182, Diff: 182, Sum: 182]
      [Humongous Register: 0.0 ms]
         [Humongous Total: 0]
         [Humongous Candidate: 0]
      [Humongous Reclaim: 0.0 ms]
         [Humongous Reclaimed: 0]
      [Free CSet: 0.1 ms]
         [Young Free CSet: 0.1 ms]
         [Non-Young Free CSet: 0.0 ms]
   [Eden: 145.0M(145.0M)->0.0B(144.0M) Survivors: 8192.0K->9216.0K Heap: 176.1M(256.0M)->32.7M(256.0M)]
 [Times: user=0.03 sys=0.01, real=0.01 secs] 
15.371: [GC pause (G1 Evacuation Pause) (young), 0.0044136 secs]
   [Parallel Time: 3.9 ms, GC Workers: 8]
      [GC Worker Start (ms):  15371.4  15371.4  15371.4  15371.4  15371.4  15371.4  15371.4  15371.5
       Min: 15371.4, Avg: 15371.4, Max: 15371.5, Diff: 0.1]
      [Ext Root Scanning (ms):  0.2  0.2  0.2  0.2  0.2  0.2  0.2  0.2
       Min: 0.2, Avg: 0.2, Max: 0.2, Diff: 0.1, Sum: 1.6]
         [Thread Roots (ms):  0.0  0.1  0.1  0.0  0.1  0.0  0.0  0.0
          Min: 0.0, Avg: 0.0, Max: 0.1, Diff: 0.1, Sum: 0.3]
         [StringTable Roots (ms):  0.0  0.2  0.1  0.2  0.1  0.2  0.2  0.1
          Min: 0.0, Avg: 0.1, Max: 0.2, Diff: 0.2, Sum: 1.0]
         [Universe Roots (ms):  0.0  0.0  0.0  0.0  0.0  0.0  0.0  0.0
          Min: 0.0, Avg: 0.0, Max: 0.0, Diff: 0.0, Sum: 0.0]
         [JNI Handles Roots (ms):  0.0  0.0  0.0  0.0  0.0  0.0  0.0  0.0
          Min: 0.0, Avg: 0.0, Max: 0.0, Diff: 0.0, Sum: 0.0]
         [ObjectSynchronizer Roots (ms):  0.0  0.0  0.0  0.0  0.0  0.0  0.0  0.0
          Min: 0.0, Avg: 0.0, Max: 0.0, Diff: 0.0, Sum: 0.0]
         [FlatProfiler Roots (ms):  0.0  0.0  0.0  0.0  0.0  0.0  0.0  0.0
          Min: 0.0, Avg: 0.0, Max: 0.0, Diff: 0.0, Sum: 0.0]
         [Management Roots (ms):  0.0  0.0  0.0  0.0  0.0  0.0  0.0  0.0
          Min: 0.0, Avg: 0.0, Max: 0.0, Diff: 0.0, Sum: 0.0]
         [SystemDictionary Roots (ms):  0.0  0.0  0.0  0.0  0.0  0.0  0.0  0.1
          Min: 0.0, Avg: 0.0, Max: 0.1, Diff: 0.1, Sum: 0.1]
         [CLDG Roots (ms):  0.2  0.0  0.0  0.0  0.0  0.0  0.0  0.0
          Min: 0.0, Avg: 0.0, Max: 0.2, Diff: 0.2, Sum: 0.2]
         [JVMTI Roots (ms):  0.0  0.0  0.0  0.0  0.0  0.0  0.0  0.0
          Min: 0.0, Avg: 0.0, Max: 0.0, Diff: 0.0, Sum: 0.0]
         [CodeCache Roots (ms):  0.1  0.1  0.1  0.1  0.1  0.1  0.1  0.1
          Min: 0.1, Avg: 0.1, Max: 0.1, Diff: 0.0, Sum: 0.9]
         [CM RefProcessor Roots (ms):  0.0  0.0  0.0  0.0  0.0  0.0  0.0  0.0
          Min: 0.0, Avg: 0.0, Max: 0.0, Diff: 0.0, Sum: 0.0]
         [Wait For Strong CLD (ms):  0.0  0.0  0.0  0.0  0.0  0.0  0.0  0.0
          Min: 0.0, Avg: 0.0, Max: 0.0, Diff: 0.0, Sum: 0.0]
         [Weak CLD Roots (ms):  0.0  0.0  0.0  0.0  0.0  0.0  0.0  0.0
          Min: 0.0, Avg: 0.0, Max: 0.0, Diff: 0.0, Sum: 0.0]
         [SATB Filtering (ms):  0.0  0.0  0.0  0.0  0.0  0.0  0.0  0.0
          Min: 0.0, Avg: 0.0, Max: 0.0, Diff: 0.0, Sum: 0.0]
      [Update RS (ms):  0.1  0.1  0.1  0.1  0.1  0.1  0.1  0.1
       Min: 0.1, Avg: 0.1, Max: 0.1, Diff: 0.1, Sum: 0.7]
         [Processed Buffers:  5  2  1  2  1  1  16  1
          Min: 1, Avg: 3.6, Max: 16, Diff: 15, Sum: 29]
      [Scan RS (ms):  0.0  0.0  0.0  0.0  0.0  0.0  0.0  0.0
       Min: 0.0, Avg: 0.0, Max: 0.0, Diff: 0.0, Sum: 0.1]
      [Code Root Scanning (ms):  0.0  0.0  0.0  0.0  0.0  0.0  0.0  0.0
       Min: 0.0, Avg: 0.0, Max: 0.0, Diff: 0.0, Sum: 0.0]
      [Object Copy (ms):  3.4  3.4  3.4  3.4  3.4  3.4  3.4  3.4
       Min: 3.4, Avg: 3.4, Max: 3.4, Diff: 0.0, Sum: 27.1]
      [Termination (ms):  0.0  0.0  0.0  0.0  0.0  0.0  0.0  0.0
       Min: 0.0, Avg: 0.0, Max: 0.0, Diff: 0.0, Sum: 0.0]
         [Termination Attempts:  1  1  1  1  1  1  1  1
          Min: 1, Avg: 1.0, Max: 1, Diff: 0, Sum: 8]
      [GC Worker Other (ms):  0.0  0.0  0.0  0.0  0.0  0.1  0.1  0.1
       Min: 0.0, Avg: 0.0, Max: 0.1, Diff: 0.1, Sum: 0.4]
      [GC Worker Total (ms):  3.8  3.7  3.7  3.7  3.7  3.7  3.8  3.8
       Min: 3.7, Avg: 3.7, Max: 3.8, Diff: 0.1, Sum: 29.9]
      [GC Worker End (ms):  15375.2  15375.1  15375.1  15375.1  15375.1  15375.2  15375.2  15375.2
       Min: 15375.1, Avg: 15375.2, Max: 15375.2, Diff: 0.1]
   [Code Root Fixup: 0.0 ms]
   [Code Root Purge: 0.0 ms]
   [Clear CT: 0.1 ms]
   [Other: 0.4 ms]
      [Choose CSet: 0.0 ms]
      [Ref Proc: 0.2 ms]
      [Ref Enq: 0.0 ms]
      [Redirty Cards: 0.1 ms]
         [Parallel Redirty:  0.0  0.0  0.0  0.0  0.0  0.0  0.0  0.0
          Min: 0.0, Avg: 0.0, Max: 0.0, Diff: 0.0, Sum: 0.0]
         [Redirtied Cards:  179  0  0  0  0  0  0  0
          Min: 0, Avg: 22.4, Max: 179, Diff: 179, Sum: 179]
      [Humongous Register: 0.0 ms]
         [Humongous Total: 0]
         [Humongous Candidate: 0]
      [Humongous Reclaim: 0.0 ms]
         [Humongous Reclaimed: 0]
      [Free CSet: 0.1 ms]
         [Young Free CSet: 0.1 ms]
         [Non-Young Free CSet: 0.0 ms]
   [Eden: 144.0M(144.0M)->0.0B(144.0M) Survivors: 9216.0K->9216.0K Heap: 176.7M(256.0M)->33.2M(256.0M)]
 [Times: user=0.03 sys=0.00, real=0.00 secs] 
15.584: [GC pause (G1 Evacuation Pause) (young), 0.0041561 secs]
   [Parallel Time: 3.6 ms, GC Workers: 8]
      [GC Worker Start (ms):  15584.1  15584.1  15584.1  15584.1  15584.1  15584.1  15584.1  15584.1
       Min: 15584.1, Avg: 15584.1, Max: 15584.1, Diff: 0.1]
      [Ext Root Scanning (ms):  0.3  0.2  0.2  0.2  0.2  0.2  0.2  0.2
       Min: 0.2, Avg: 0.2, Max: 0.3, Diff: 0.1, Sum: 1.7]
         [Thread Roots (ms):  0.0  0.1  0.1  0.1  0.0  0.1  0.1  0.0
          Min: 0.0, Avg: 0.1, Max: 0.1, Diff: 0.1, Sum: 0.4]
         [StringTable Roots (ms):  0.0  0.1  0.1  0.2  0.2  0.1  0.1  0.2
          Min: 0.0, Avg: 0.1, Max: 0.2, Diff: 0.1, Sum: 1.0]
         [Universe Roots (ms):  0.0  0.0  0.0  0.0  0.0  0.0  0.0  0.0
          Min: 0.0, Avg: 0.0, Max: 0.0, Diff: 0.0, Sum: 0.0]
         [JNI Handles Roots (ms):  0.0  0.0  0.0  0.0  0.0  0.0  0.0  0.0
          Min: 0.0, Avg: 0.0, Max: 0.0, Diff: 0.0, Sum: 0.0]
         [ObjectSynchronizer Roots (ms):  0.0  0.0  0.0  0.0  0.0  0.0  0.0  0.0
          Min: 0.0, Avg: 0.0, Max: 0.0, Diff: 0.0, Sum: 0.0]
         [FlatProfiler Roots (ms):  0.0  0.0  0.0  0.0  0.0  0.0  0.0  0.0
          Min: 0.0, Avg: 0.0, Max: 0.0, Diff: 0.0, Sum: 0.0]
         [Management Roots (ms):  0.0  0.0  0.0  0.0  0.0  0.0  0.0  0.0
          Min: 0.0, Avg: 0.0, Max: 0.0, Diff: 0.0, Sum: 0.0]
         [SystemDictionary Roots (ms):  0.0  0.0  0.1  0.0  0.0  0.0  0.0  0.0
          Min: 0.0, Avg: 0.0, Max: 0.1, Diff: 0.1, Sum: 0.1]
         [CLDG Roots (ms):  0.2  0.0  0.0  0.0  0.0  0.0  0.0  0.0
          Min: 0.0, Avg: 0.0, Max: 0.2, Diff: 0.2, Sum: 0.2]
         [JVMTI Roots (ms):  0.0  0.0  0.0  0.0  0.0  0.0  0.0  0.0
          Min: 0.0, Avg: 0.0, Max: 0.0, Diff: 0.0, Sum: 0.0]
         [CodeCache Roots (ms):  0.1  0.1  0.1  0.1  0.1  0.1  0.1  0.1
          Min: 0.1, Avg: 0.1, Max: 0.1, Diff: 0.1, Sum: 0.7]
         [CM RefProcessor Roots (ms):  0.0  0.0  0.0  0.0  0.0  0.0  0.0  0.0
          Min: 0.0, Avg: 0.0, Max: 0.0, Diff: 0.0, Sum: 0.0]
         [Wait For Strong CLD (ms):  0.0  0.0  0.0  0.0  0.0  0.0  0.0  0.0
          Min: 0.0, Avg: 0.0, Max: 0.0, Diff: 0.0, Sum: 0.0]
         [Weak CLD Roots (ms):  0.0  0.0  0.0  0.0  0.0  0.0  0.0  0.0
          Min: 0.0, Avg: 0.0, Max: 0.0, Diff: 0.0, Sum: 0.0]
         [SATB Filtering (ms):  0.0  0.0  0.0  0.0  0.0  0.0  0.0  0.0
          Min: 0.0, Avg: 0.0, Max: 0.0, Diff: 0.0, Sum: 0.0]
      [Update RS (ms):  0.1  0.1  0.1  0.0  0.0  0.0  0.1  0.1
       Min: 0.0, Avg: 0.1, Max: 0.1, Diff: 0.1, Sum: 0.5]
         [Processed Buffers:  1  1  1  3  4  3  1  15
          Min: 1, Avg: 3.6, Max: 15, Diff: 14, Sum: 29]
      [Scan RS (ms):  0.0  0.0  0.0  0.0  0.0  0.0  0.0  0.0
       Min: 0.0, Avg: 0.0, Max: 0.0, Diff: 0.0, Sum: 0.1]
      [Code Root Scanning (ms):  0.0  0.0  0.0  0.0  0.0  0.0  0.0  0.0
       Min: 0.0, Avg: 0.0, Max: 0.0, Diff: 0.0, Sum: 0.0]
      [Object Copy (ms):  3.1  3.2  3.2  3.2  3.2  3.2  3.2  3.2
       Min: 3.1, Avg: 3.2, Max: 3.2, Diff: 0.1, Sum: 25.5]
      [Termination (ms):  0.0  0.0  0.0  0.0  0.0  0.0  0.0  0.0
       Min: 0.0, Avg: 0.0, Max: 0.0, Diff: 0.0, Sum: 0.0]
         [Termination Attempts:  1  1  1  1  1  1  1  1
          Min: 1, Avg: 1.0, Max: 1, Diff: 0, Sum: 8]
      [GC Worker Other (ms):  0.0  0.1  0.0  0.0  0.1  0.0  0.0  0.0
       Min: 0.0, Avg: 0.0, Max: 0.1, Diff: 0.1, Sum: 0.2]
      [GC Worker Total (ms):  3.6  3.6  3.5  3.5  3.5  3.5  3.5  3.5
       Min: 3.5, Avg: 3.5, Max: 3.6, Diff: 0.1, Sum: 28.1]
      [GC Worker End (ms):  15587.6  15587.7  15587.6  15587.6  15587.7  15587.6  15587.6  15587.6
       Min: 15587.6, Avg: 15587.6, Max: 15587.7, Diff: 0.1]
   [Code Root Fixup: 0.0 ms]
   [Code Root Purge: 0.0 ms]
   [Clear CT: 0.1 ms]
   [Other: 0.4 ms]
      [Choose CSet: 0.0 ms]
      [Ref Proc: 0.1 ms]
      [Ref Enq: 0.0 ms]
      [Redirty Cards: 0.1 ms]
         [Parallel Redirty:  0.0  0.0  0.0  0.0  0.0  0.0  0.0  0.0
          Min: 0.0, Avg: 0.0, Max: 0.0, Diff: 0.0, Sum: 0.0]
         [Redirtied Cards:  132  44  0  0  0  0  0  0
          Min: 0, Avg: 22.0, Max: 132, Diff: 132, Sum: 176]
      [Humongous Register: 0.0 ms]
         [Humongous Total: 0]
         [Humongous Candidate: 0]
      [Humongous Reclaim: 0.0 ms]
         [Humongous Reclaimed: 0]
      [Free CSet: 0.1 ms]
         [Young Free CSet: 0.1 ms]
         [Non-Young Free CSet: 0.0 ms]
   [Eden: 144.0M(144.0M)->0.0B(144.0M) Survivors: 9216.0K->9216.0K Heap: 177.2M(256.0M)->33.8M(256.0M)]
 [Times: user=0.03 sys=0.00, real=0.01 secs] 
15.800: [GC pause (G1 Evacuation Pause) (young), 0.0042948 secs]
   [Parallel Time: 3.7 ms, GC Workers: 8]
      [GC Worker Start (ms):  15799.8  15799.8  15799.9  15799.9  15799.9  15799.9  15799.9  15799.9
       Min: 15799.8, Avg: 15799.9, Max: 15799.9, Diff: 0.1]
      [Ext Root Scanning (ms):  0.2  0.2  0.2  0.2  0.2  0.2  0.2  0.2
       Min: 0.2, Avg: 0.2, Max: 0.2, Diff: 0.1, Sum: 1.6]
         [Thread Roots (ms):  0.0  0.1  0.1  0.0  0.0  0.0  0.0  0.0
          Min: 0.0, Avg: 0.0, Max: 0.1, Diff: 0.1, Sum: 0.3]
         [StringTable Roots (ms):  0.0  0.2  0.1  0.1  0.2  0.2  0.2  0.1
          Min: 0.0, Avg: 0.1, Max: 0.2, Diff: 0.1, Sum: 1.0]
         [Universe Roots (ms):  0.0  0.0  0.0  0.0  0.0  0.0  0.0  0.0
          Min: 0.0, Avg: 0.0, Max: 0.0, Diff: 0.0, Sum: 0.0]
         [JNI Handles Roots (ms):  0.0  0.0  0.0  0.0  0.0  0.0  0.0  0.0
          Min: 0.0, Avg: 0.0, Max: 0.0, Diff: 0.0, Sum: 0.0]
         [ObjectSynchronizer Roots (ms):  0.0  0.0  0.0  0.0  0.0  0.0  0.0  0.0
          Min: 0.0, Avg: 0.0, Max: 0.0, Diff: 0.0, Sum: 0.0]
         [FlatProfiler Roots (ms):  0.0  0.0  0.0  0.0  0.0  0.0  0.0  0.0
          Min: 0.0, Avg: 0.0, Max: 0.0, Diff: 0.0, Sum: 0.0]
         [Management Roots (ms):  0.0  0.0  0.0  0.0  0.0  0.0  0.0  0.0
          Min: 0.0, Avg: 0.0, Max: 0.0, Diff: 0.0, Sum: 0.0]
         [SystemDictionary Roots (ms):  0.0  0.0  0.0  0.1  0.0  0.0  0.0  0.0
          Min: 0.0, Avg: 0.0, Max: 0.1, Diff: 0.1, Sum: 0.1]
         [CLDG Roots (ms):  0.2  0.0  0.0  0.0  0.0  0.0  0.0  0.0
          Min: 0.0, Avg: 0.0, Max: 0.2, Diff: 0.2, Sum: 0.2]
         [JVMTI Roots (ms):  0.0  0.0  0.0  0.0  0.0  0.0  0.0  0.0
          Min: 0.0, Avg: 0.0, Max: 0.0, Diff: 0.0, Sum: 0.0]
         [CodeCache Roots (ms):  0.1  0.1  0.1  0.1  0.1  0.1  0.1  0.1
          Min: 0.1, Avg: 0.1, Max: 0.1, Diff: 0.0, Sum: 0.7]
         [CM RefProcessor Roots (ms):  0.0  0.0  0.0  0.0  0.0  0.0  0.0  0.0
          Min: 0.0, Avg: 0.0, Max: 0.0, Diff: 0.0, Sum: 0.0]
         [Wait For Strong CLD (ms):  0.0  0.0  0.0  0.0  0.0  0.0  0.0  0.0
          Min: 0.0, Avg: 0.0, Max: 0.0, Diff: 0.0, Sum: 0.0]
         [Weak CLD Roots (ms):  0.0  0.0  0.0  0.0  0.0  0.0  0.0  0.0
          Min: 0.0, Avg: 0.0, Max: 0.0, Diff: 0.0, Sum: 0.0]
         [SATB Filtering (ms):  0.0  0.0  0.0  0.0  0.0  0.0  0.0  0.0
          Min: 0.0, Avg: 0.0, Max: 0.0, Diff: 0.0, Sum: 0.0]
      [Update RS (ms):  0.1  0.0  0.0  0.1  0.1  0.0  0.1  0.0
       Min: 0.0, Avg: 0.1, Max: 0.1, Diff: 0.1, Sum: 0.5]
         [Processed Buffers:  1  8  4  1  1  2  1  7
          Min: 1, Avg: 3.1, Max: 8, Diff: 7, Sum: 25]
      [Scan RS (ms):  0.0  0.0  0.0  0.0  0.0  0.0  0.0  0.0
       Min: 0.0, Avg: 0.0, Max: 0.0, Diff: 0.0, Sum: 0.1]
      [Code Root Scanning (ms):  0.0  0.0  0.0  0.0  0.0  0.0  0.0  0.0
       Min: 0.0, Avg: 0.0, Max: 0.0, Diff: 0.0, Sum: 0.0]
      [Object Copy (ms):  3.3  3.3  3.3  3.3  3.3  3.3  3.3  3.3
       Min: 3.3, Avg: 3.3, Max: 3.3, Diff: 0.1, Sum: 26.4]
      [Termination (ms):  0.0  0.0  0.0  0.0  0.0  0.0  0.0  0.0
       Min: 0.0, Avg: 0.0, Max: 0.0, Diff: 0.0, Sum: 0.0]
         [Termination Attempts:  1  1  1  1  1  1  1  1
          Min: 1, Avg: 1.0, Max: 1, Diff: 0, Sum: 8]
      [GC Worker Other (ms):  0.0  0.0  0.0  0.0  0.0  0.1  0.0  0.0
       Min: 0.0, Avg: 0.0, Max: 0.1, Diff: 0.0, Sum: 0.2]
      [GC Worker Total (ms):  3.7  3.6  3.6  3.6  3.6  3.6  3.6  3.6
       Min: 3.6, Avg: 3.6, Max: 3.7, Diff: 0.1, Sum: 28.9]
      [GC Worker End (ms):  15803.5  15803.5  15803.5  15803.5  15803.5  15803.5  15803.5  15803.5
       Min: 15803.5, Avg: 15803.5, Max: 15803.5, Diff: 0.0]
   [Code Root Fixup: 0.1 ms]
   [Code Root Purge: 0.0 ms]
   [Clear CT: 0.1 ms]
   [Other: 0.4 ms]
      [Choose CSet: 0.0 ms]
      [Ref Proc: 0.1 ms]
      [Ref Enq: 0.0 ms]
      [Redirty Cards: 0.1 ms]
         [Parallel Redirty:  0.0  0.0  0.0  0.0  0.0  0.0  0.0  0.0
          Min: 0.0, Avg: 0.0, Max: 0.0, Diff: 0.0, Sum: 0.0]
         [Redirtied Cards:  175  0  0  0  0  0  0  0
          Min: 0, Avg: 21.9, Max: 175, Diff: 175, Sum: 175]
      [Humongous Register: 0.0 ms]
         [Humongous Total: 0]
         [Humongous Candidate: 0]
      [Humongous Reclaim: 0.0 ms]
         [Humongous Reclaimed: 0]
      [Free CSet: 0.1 ms]
         [Young Free CSet: 0.1 ms]
         [Non-Young Free CSet: 0.0 ms]
   [Eden: 144.0M(144.0M)->0.0B(145.0M) Survivors: 9216.0K->8192.0K Heap: 177.8M(256.0M)->33.8M(256.0M)]
 [Times: user=0.03 sys=0.00, real=0.00 secs] 
16.015: [GC pause (G1 Evacuation Pause) (young), 0.0043051 secs]
   [Parallel Time: 3.6 ms, GC Workers: 8]
      [GC Worker Start (ms):  16015.5  16015.5  16015.5  16015.5  16015.5  16015.5  16015.5  16015.5
       Min: 16015.5, Avg: 16015.5, Max: 16015.5, Diff: 0.1]
      [Ext Root Scanning (ms):  0.3  0.2  0.2  0.2  0.2  0.2  0.2  0.2
       Min: 0.2, Avg: 0.2, Max: 0.3, Diff: 0.1, Sum: 1.6]
         [Thread Roots (ms):  0.0  0.1  0.1  0.1  0.0  0.1  0.0  0.0
          Min: 0.0, Avg: 0.0, Max: 0.1, Diff: 0.1, Sum: 0.4]
         [StringTable Roots (ms):  0.0  0.2  0.1  0.1  0.2  0.1  0.2  0.2
          Min: 0.0, Avg: 0.1, Max: 0.2, Diff: 0.2, Sum: 1.1]
         [Universe Roots (ms):  0.0  0.0  0.0  0.0  0.0  0.0  0.0  0.0
          Min: 0.0, Avg: 0.0, Max: 0.0, Diff: 0.0, Sum: 0.0]
         [JNI Handles Roots (ms):  0.0  0.0  0.0  0.0  0.0  0.0  0.0  0.0
          Min: 0.0, Avg: 0.0, Max: 0.0, Diff: 0.0, Sum: 0.0]
         [ObjectSynchronizer Roots (ms):  0.0  0.0  0.0  0.0  0.0  0.0  0.0  0.0
          Min: 0.0, Avg: 0.0, Max: 0.0, Diff: 0.0, Sum: 0.0]
         [FlatProfiler Roots (ms):  0.0  0.0  0.0  0.0  0.0  0.0  0.0  0.0
          Min: 0.0, Avg: 0.0, Max: 0.0, Diff: 0.0, Sum: 0.0]
         [Management Roots (ms):  0.0  0.0  0.0  0.0  0.0  0.0  0.0  0.0
          Min: 0.0, Avg: 0.0, Max: 0.0, Diff: 0.0, Sum: 0.0]
         [SystemDictionary Roots (ms):  0.0  0.0  0.1  0.0  0.0  0.0  0.0  0.0
          Min: 0.0, Avg: 0.0, Max: 0.1, Diff: 0.1, Sum: 0.1]
         [CLDG Roots (ms):  0.2  0.0  0.0  0.0  0.0  0.0  0.0  0.0
          Min: 0.0, Avg: 0.0, Max: 0.2, Diff: 0.2, Sum: 0.2]
         [JVMTI Roots (ms):  0.0  0.0  0.0  0.0  0.0  0.0  0.0  0.0
          Min: 0.0, Avg: 0.0, Max: 0.0, Diff: 0.0, Sum: 0.0]
         [CodeCache Roots (ms):  0.1  0.1  0.1  0.1  0.1  0.1  0.1  0.1
          Min: 0.1, Avg: 0.1, Max: 0.1, Diff: 0.0, Sum: 0.7]
         [CM RefProcessor Roots (ms):  0.0  0.0  0.0  0.0  0.0  0.0  0.0  0.0
          Min: 0.0, Avg: 0.0, Max: 0.0, Diff: 0.0, Sum: 0.0]
         [Wait For Strong CLD (ms):  0.0  0.0  0.0  0.0  0.0  0.0  0.0  0.0
          Min: 0.0, Avg: 0.0, Max: 0.0, Diff: 0.0, Sum: 0.0]
         [Weak CLD Roots (ms):  0.0  0.0  0.0  0.0  0.0  0.0  0.0  0.0
          Min: 0.0, Avg: 0.0, Max: 0.0, Diff: 0.0, Sum: 0.0]
         [SATB Filtering (ms):  0.0  0.0  0.0  0.0  0.0  0.0  0.0  0.0
          Min: 0.0, Avg: 0.0, Max: 0.0, Diff: 0.0, Sum: 0.0]
      [Update RS (ms):  0.1  0.1  0.1  0.1  0.0  0.0  0.1  0.0
       Min: 0.0, Avg: 0.1, Max: 0.1, Diff: 0.1, Sum: 0.5]
         [Processed Buffers:  1  2  1  1  5  14  1  2
          Min: 1, Avg: 3.4, Max: 14, Diff: 13, Sum: 27]
      [Scan RS (ms):  0.0  0.0  0.0  0.0  0.0  0.0  0.0  0.0
       Min: 0.0, Avg: 0.0, Max: 0.0, Diff: 0.0, Sum: 0.1]
      [Code Root Scanning (ms):  0.0  0.0  0.0  0.0  0.0  0.0  0.0  0.0
       Min: 0.0, Avg: 0.0, Max: 0.0, Diff: 0.0, Sum: 0.0]
      [Object Copy (ms):  3.2  3.2  3.2  3.2  3.2  3.2  3.2  3.2
       Min: 3.2, Avg: 3.2, Max: 3.2, Diff: 0.1, Sum: 25.7]
      [Termination (ms):  0.0  0.0  0.0  0.0  0.0  0.0  0.0  0.0
       Min: 0.0, Avg: 0.0, Max: 0.0, Diff: 0.0, Sum: 0.0]
         [Termination Attempts:  1  1  1  1  1  1  1  1
          Min: 1, Avg: 1.0, Max: 1, Diff: 0, Sum: 8]
      [GC Worker Other (ms):  0.0  0.0  0.0  0.0  0.0  0.0  0.0  0.0
       Min: 0.0, Avg: 0.0, Max: 0.0, Diff: 0.0, Sum: 0.2]
      [GC Worker Total (ms):  3.6  3.6  3.5  3.5  3.5  3.5  3.5  3.5
       Min: 3.5, Avg: 3.5, Max: 3.6, Diff: 0.1, Sum: 28.3]
      [GC Worker End (ms):  16019.1  16019.1  16019.0  16019.0  16019.1  16019.0  16019.0  16019.1
       Min: 16019.0, Avg: 16019.0, Max: 16019.1, Diff: 0.0]
   [Code Root Fixup: 0.1 ms]
   [Code Root Purge: 0.0 ms]
   [Clear CT: 0.1 ms]
   [Other: 0.5 ms]
      [Choose CSet: 0.0 ms]
      [Ref Proc: 0.2 ms]
      [Ref Enq: 0.0 ms]
      [Redirty Cards: 0.1 ms]
         [Parallel Redirty:  0.0  0.0  0.0  0.0  0.0  0.0  0.0  0.0
          Min: 0.0, Avg: 0.0, Max: 0.0, Diff: 0.0, Sum: 0.0]
         [Redirtied Cards:  175  0  0  0  0  0  0  0
          Min: 0, Avg: 21.9, Max: 175, Diff: 175, Sum: 175]
      [Humongous Register: 0.0 ms]
         [Humongous Total: 0]
         [Humongous Candidate: 0]
      [Humongous Reclaim: 0.0 ms]
         [Humongous Reclaimed: 0]
      [Free CSet: 0.1 ms]
         [Young Free CSet: 0.1 ms]
         [Non-Young Free CSet: 0.0 ms]
   [Eden: 145.0M(145.0M)->0.0B(144.0M) Survivors: 8192.0K->9216.0K Heap: 178.8M(256.0M)->34.8M(256.0M)]
 [Times: user=0.03 sys=0.01, real=0.01 secs] 
16.229: [GC pause (G1 Evacuation Pause) (young), 0.0042693 secs]
   [Parallel Time: 3.8 ms, GC Workers: 8]
      [GC Worker Start (ms):  16228.7  16228.7  16228.7  16228.7  16228.7  16228.7  16228.7  16228.8
       Min: 16228.7, Avg: 16228.7, Max: 16228.8, Diff: 0.1]
      [Ext Root Scanning (ms):  0.3  0.2  0.2  0.2  0.2  0.2  0.2  0.2
       Min: 0.2, Avg: 0.2, Max: 0.3, Diff: 0.1, Sum: 1.6]
         [Thread Roots (ms):  0.0  0.1  0.1  0.0  0.0  0.1  0.0  0.0
          Min: 0.0, Avg: 0.0, Max: 0.1, Diff: 0.1, Sum: 0.4]
         [StringTable Roots (ms):  0.0  0.2  0.1  0.2  0.2  0.1  0.2  0.1
          Min: 0.0, Avg: 0.1, Max: 0.2, Diff: 0.2, Sum: 1.0]
         [Universe Roots (ms):  0.0  0.0  0.0  0.0  0.0  0.0  0.0  0.0
          Min: 0.0, Avg: 0.0, Max: 0.0, Diff: 0.0, Sum: 0.0]
         [JNI Handles Roots (ms):  0.0  0.0  0.0  0.0  0.0  0.0  0.0  0.0
          Min: 0.0, Avg: 0.0, Max: 0.0, Diff: 0.0, Sum: 0.0]
         [ObjectSynchronizer Roots (ms):  0.0  0.0  0.0  0.0  0.0  0.0  0.0  0.0
          Min: 0.0, Avg: 0.0, Max: 0.0, Diff: 0.0, Sum: 0.0]
         [FlatProfiler Roots (ms):  0.0  0.0  0.0  0.0  0.0  0.0  0.0  0.0
          Min: 0.0, Avg: 0.0, Max: 0.0, Diff: 0.0, Sum: 0.0]
         [Management Roots (ms):  0.0  0.0  0.0  0.0  0.0  0.0  0.0  0.0
          Min: 0.0, Avg: 0.0, Max: 0.0, Diff: 0.0, Sum: 0.0]
         [SystemDictionary Roots (ms):  0.0  0.0  0.1  0.0  0.0  0.0  0.0  0.0
          Min: 0.0, Avg: 0.0, Max: 0.1, Diff: 0.1, Sum: 0.1]
         [CLDG Roots (ms):  0.3  0.0  0.0  0.0  0.0  0.0  0.0  0.0
          Min: 0.0, Avg: 0.0, Max: 0.3, Diff: 0.3, Sum: 0.3]
         [JVMTI Roots (ms):  0.0  0.0  0.0  0.0  0.0  0.0  0.0  0.0
          Min: 0.0, Avg: 0.0, Max: 0.0, Diff: 0.0, Sum: 0.0]
         [CodeCache Roots (ms):  0.1  0.1  0.1  0.1  0.1  0.1  0.1  0.1
          Min: 0.1, Avg: 0.1, Max: 0.1, Diff: 0.1, Sum: 0.7]
         [CM RefProcessor Roots (ms):  0.0  0.0  0.0  0.0  0.0  0.0  0.0  0.0
          Min: 0.0, Avg: 0.0, Max: 0.0, Diff: 0.0, Sum: 0.0]
         [Wait For Strong CLD (ms):  0.0  0.0  0.0  0.0  0.0  0.0  0.0  0.0
          Min: 0.0, Avg: 0.0, Max: 0.0, Diff: 0.0, Sum: 0.0]
         [Weak CLD Roots (ms):  0.0  0.0  0.0  0.0  0.0  0.0  0.0  0.0
          Min: 0.0, Avg: 0.0, Max: 0.0, Diff: 0.0, Sum: 0.0]
         [SATB Filtering (ms):  0.0  0.0  0.0  0.0  0.0  0.0  0.0  0.0
          Min: 0.0, Avg: 0.0, Max: 0.0, Diff: 0.0, Sum: 0.0]
      [Update RS (ms):  0.0  0.1  0.1  0.1  0.0  0.1  0.1  0.1
       Min: 0.0, Avg: 0.1, Max: 0.1, Diff: 0.1, Sum: 0.5]
         [Processed Buffers:  13  5  1  1  4  1  1  2
          Min: 1, Avg: 3.5, Max: 13, Diff: 12, Sum: 28]
      [Scan RS (ms):  0.0  0.0  0.0  0.0  0.0  0.0  0.0  0.0
       Min: 0.0, Avg: 0.0, Max: 0.0, Diff: 0.0, Sum: 0.1]
      [Code Root Scanning (ms):  0.0  0.0  0.0  0.0  0.0  0.0  0.0  0.0
       Min: 0.0, Avg: 0.0, Max: 0.0, Diff: 0.0, Sum: 0.0]
      [Object Copy (ms):  3.3  3.4  3.3  3.3  3.4  3.4  3.3  3.4
       Min: 3.3, Avg: 3.3, Max: 3.4, Diff: 0.1, Sum: 26.8]
      [Termination (ms):  0.0  0.0  0.0  0.0  0.0  0.0  0.0  0.0
       Min: 0.0, Avg: 0.0, Max: 0.0, Diff: 0.0, Sum: 0.0]
         [Termination Attempts:  2  1  1  1  1  1  1  2
          Min: 1, Avg: 1.2, Max: 2, Diff: 1, Sum: 10]
      [GC Worker Other (ms):  0.0  0.0  0.1  0.0  0.1  0.0  0.1  0.0
       Min: 0.0, Avg: 0.0, Max: 0.1, Diff: 0.1, Sum: 0.3]
      [GC Worker Total (ms):  3.7  3.7  3.7  3.6  3.7  3.7  3.7  3.6
       Min: 3.6, Avg: 3.7, Max: 3.7, Diff: 0.1, Sum: 29.4]
      [GC Worker End (ms):  16232.4  16232.4  16232.4  16232.4  16232.4  16232.4  16232.4  16232.4
       Min: 16232.4, Avg: 16232.4, Max: 16232.4, Diff: 0.1]
   [Code Root Fixup: 0.0 ms]
   [Code Root Purge: 0.0 ms]
   [Clear CT: 0.1 ms]
   [Other: 0.4 ms]
      [Choose CSet: 0.0 ms]
      [Ref Proc: 0.1 ms]
      [Ref Enq: 0.0 ms]
      [Redirty Cards: 0.1 ms]
         [Parallel Redirty:  0.0  0.0  0.0  0.0  0.0  0.0  0.0  0.0
          Min: 0.0, Avg: 0.0, Max: 0.0, Diff: 0.0, Sum: 0.0]
         [Redirtied Cards:  244  0  0  0  0  0  0  0
          Min: 0, Avg: 30.5, Max: 244, Diff: 244, Sum: 244]
      [Humongous Register: 0.0 ms]
         [Humongous Total: 0]
         [Humongous Candidate: 0]
      [Humongous Reclaim: 0.0 ms]
         [Humongous Reclaimed: 0]
      [Free CSet: 0.1 ms]
         [Young Free CSet: 0.1 ms]
         [Non-Young Free CSet: 0.0 ms]
   [Eden: 144.0M(144.0M)->0.0B(144.0M) Survivors: 9216.0K->9216.0K Heap: 178.8M(256.0M)->35.4M(256.0M)]
 [Times: user=0.03 sys=0.00, real=0.00 secs] 
16.443: [GC pause (G1 Evacuation Pause) (young), 0.0049669 secs]
   [Parallel Time: 4.4 ms, GC Workers: 8]
      [GC Worker Start (ms):  16443.0  16443.0  16443.0  16443.0  16443.0  16443.1  16443.1  16443.1
       Min: 16443.0, Avg: 16443.0, Max: 16443.1, Diff: 0.1]
      [Ext Root Scanning (ms):  0.2  0.2  0.2  0.2  0.2  0.2  0.2  0.4
       Min: 0.2, Avg: 0.2, Max: 0.4, Diff: 0.2, Sum: 1.9]
         [Thread Roots (ms):  0.0  0.1  0.1  0.1  0.1  0.0  0.1  0.4
          Min: 0.0, Avg: 0.1, Max: 0.4, Diff: 0.4, Sum: 0.8]
         [StringTable Roots (ms):  0.0  0.2  0.2  0.1  0.1  0.2  0.1  0.0
          Min: 0.0, Avg: 0.1, Max: 0.2, Diff: 0.2, Sum: 0.9]
         [Universe Roots (ms):  0.0  0.0  0.0  0.0  0.0  0.0  0.0  0.0
          Min: 0.0, Avg: 0.0, Max: 0.0, Diff: 0.0, Sum: 0.0]
         [JNI Handles Roots (ms):  0.0  0.0  0.0  0.0  0.0  0.0  0.0  0.0
          Min: 0.0, Avg: 0.0, Max: 0.0, Diff: 0.0, Sum: 0.0]
         [ObjectSynchronizer Roots (ms):  0.0  0.0  0.0  0.0  0.0  0.0  0.0  0.0
          Min: 0.0, Avg: 0.0, Max: 0.0, Diff: 0.0, Sum: 0.0]
         [FlatProfiler Roots (ms):  0.0  0.0  0.0  0.0  0.0  0.0  0.0  0.0
          Min: 0.0, Avg: 0.0, Max: 0.0, Diff: 0.0, Sum: 0.0]
         [Management Roots (ms):  0.0  0.0  0.0  0.0  0.0  0.0  0.0  0.0
          Min: 0.0, Avg: 0.0, Max: 0.0, Diff: 0.0, Sum: 0.0]
         [SystemDictionary Roots (ms):  0.0  0.0  0.0  0.1  0.0  0.0  0.0  0.0
          Min: 0.0, Avg: 0.0, Max: 0.1, Diff: 0.1, Sum: 0.1]
         [CLDG Roots (ms):  0.2  0.0  0.0  0.0  0.0  0.0  0.0  0.0
          Min: 0.0, Avg: 0.0, Max: 0.2, Diff: 0.2, Sum: 0.2]
         [JVMTI Roots (ms):  0.0  0.0  0.0  0.0  0.0  0.0  0.0  0.0
          Min: 0.0, Avg: 0.0, Max: 0.0, Diff: 0.0, Sum: 0.0]
         [CodeCache Roots (ms):  0.1  0.1  0.4  0.1  0.1  0.1  0.1  0.0
          Min: 0.0, Avg: 0.1, Max: 0.4, Diff: 0.4, Sum: 0.9]
         [CM RefProcessor Roots (ms):  0.0  0.0  0.0  0.0  0.0  0.0  0.0  0.0
          Min: 0.0, Avg: 0.0, Max: 0.0, Diff: 0.0, Sum: 0.0]
         [Wait For Strong CLD (ms):  0.0  0.0  0.0  0.0  0.0  0.0  0.0  0.0
          Min: 0.0, Avg: 0.0, Max: 0.0, Diff: 0.0, Sum: 0.0]
         [Weak CLD Roots (ms):  0.0  0.0  0.0  0.0  0.0  0.0  0.0  0.0
          Min: 0.0, Avg: 0.0, Max: 0.0, Diff: 0.0, Sum: 0.0]
         [SATB Filtering (ms):  0.0  0.0  0.0  0.0  0.0  0.0  0.0  0.0
          Min: 0.0, Avg: 0.0, Max: 0.0, Diff: 0.0, Sum: 0.0]
      [Update RS (ms):  0.1  0.1  0.4  0.1  0.1  0.1  0.1  0.0
       Min: 0.0, Avg: 0.1, Max: 0.4, Diff: 0.4, Sum: 0.8]
         [Processed Buffers:  1  10  1  1  1  7  5  0
          Min: 0, Avg: 3.2, Max: 10, Diff: 10, Sum: 26]
      [Scan RS (ms):  0.0  0.0  0.0  0.0  0.0  0.0  0.0  0.0
       Min: 0.0, Avg: 0.0, Max: 0.0, Diff: 0.0, Sum: 0.1]
      [Code Root Scanning (ms):  0.0  0.0  0.0  0.0  0.0  0.0  0.0  0.0
       Min: 0.0, Avg: 0.0, Max: 0.0, Diff: 0.0, Sum: 0.0]
      [Object Copy (ms):  3.9  3.9  3.6  4.0  3.9  3.9  3.9  3.8
       Min: 3.6, Avg: 3.9, Max: 4.0, Diff: 0.4, Sum: 31.0]
      [Termination (ms):  0.1  0.1  0.1  0.0  0.1  0.1  0.1  0.1
       Min: 0.0, Avg: 0.1, Max: 0.1, Diff: 0.1, Sum: 0.8]
         [Termination Attempts:  1  1  1  1  1  1  1  1
          Min: 1, Avg: 1.0, Max: 1, Diff: 0, Sum: 8]
      [GC Worker Other (ms):  0.0  0.0  0.0  0.0  0.0  0.0  0.0  0.0
       Min: 0.0, Avg: 0.0, Max: 0.0, Diff: 0.0, Sum: 0.1]
      [GC Worker Total (ms):  4.4  4.3  4.4  4.3  4.3  4.3  4.3  4.3
       Min: 4.3, Avg: 4.3, Max: 4.4, Diff: 0.1, Sum: 34.7]
      [GC Worker End (ms):  16447.4  16447.4  16447.4  16447.4  16447.4  16447.4  16447.4  16447.4
       Min: 16447.4, Avg: 16447.4, Max: 16447.4, Diff: 0.0]
   [Code Root Fixup: 0.0 ms]
   [Code Root Purge: 0.0 ms]
   [Clear CT: 0.1 ms]
   [Other: 0.4 ms]
      [Choose CSet: 0.0 ms]
      [Ref Proc: 0.2 ms]
      [Ref Enq: 0.0 ms]
      [Redirty Cards: 0.1 ms]
         [Parallel Redirty:  0.0  0.0  0.0  0.0  0.0  0.0  0.0  0.0
          Min: 0.0, Avg: 0.0, Max: 0.0, Diff: 0.0, Sum: 0.0]
         [Redirtied Cards:  200  0  0  0  0  0  0  0
          Min: 0, Avg: 25.0, Max: 200, Diff: 200, Sum: 200]
      [Humongous Register: 0.0 ms]
         [Humongous Total: 0]
         [Humongous Candidate: 0]
      [Humongous Reclaim: 0.0 ms]
         [Humongous Reclaimed: 0]
      [Free CSet: 0.1 ms]
         [Young Free CSet: 0.1 ms]
         [Non-Young Free CSet: 0.0 ms]
   [Eden: 144.0M(144.0M)->0.0B(145.0M) Survivors: 9216.0K->8192.0K Heap: 179.4M(256.0M)->35.0M(256.0M)]
 [Times: user=0.03 sys=0.00, real=0.01 secs] 
16.658: [GC pause (G1 Evacuation Pause) (young), 0.0043762 secs]
   [Parallel Time: 3.8 ms, GC Workers: 8]
      [GC Worker Start (ms):  16658.2  16658.2  16658.2  16658.2  16658.2  16658.2  16658.2  16658.2
       Min: 16658.2, Avg: 16658.2, Max: 16658.2, Diff: 0.1]
      [Ext Root Scanning (ms):  0.2  0.2  0.2  0.2  0.2  0.2  0.2  0.2
       Min: 0.2, Avg: 0.2, Max: 0.2, Diff: 0.1, Sum: 1.6]
         [Thread Roots (ms):  0.0  0.1  0.1  0.0  0.1  0.0  0.0  0.0
          Min: 0.0, Avg: 0.0, Max: 0.1, Diff: 0.1, Sum: 0.3]
         [StringTable Roots (ms):  0.0  0.2  0.1  0.2  0.1  0.2  0.2  0.1
          Min: 0.0, Avg: 0.1, Max: 0.2, Diff: 0.1, Sum: 1.1]
         [Universe Roots (ms):  0.0  0.0  0.0  0.0  0.0  0.0  0.0  0.0
          Min: 0.0, Avg: 0.0, Max: 0.0, Diff: 0.0, Sum: 0.0]
         [JNI Handles Roots (ms):  0.0  0.0  0.0  0.0  0.0  0.0  0.0  0.0
          Min: 0.0, Avg: 0.0, Max: 0.0, Diff: 0.0, Sum: 0.0]
         [ObjectSynchronizer Roots (ms):  0.0  0.0  0.0  0.0  0.0  0.0  0.0  0.0
          Min: 0.0, Avg: 0.0, Max: 0.0, Diff: 0.0, Sum: 0.0]
         [FlatProfiler Roots (ms):  0.0  0.0  0.0  0.0  0.0  0.0  0.0  0.0
          Min: 0.0, Avg: 0.0, Max: 0.0, Diff: 0.0, Sum: 0.0]
         [Management Roots (ms):  0.0  0.0  0.0  0.0  0.0  0.0  0.0  0.0
          Min: 0.0, Avg: 0.0, Max: 0.0, Diff: 0.0, Sum: 0.0]
         [SystemDictionary Roots (ms):  0.0  0.0  0.0  0.0  0.0  0.0  0.0  0.1
          Min: 0.0, Avg: 0.0, Max: 0.1, Diff: 0.1, Sum: 0.1]
         [CLDG Roots (ms):  0.2  0.0  0.0  0.0  0.0  0.0  0.0  0.0
          Min: 0.0, Avg: 0.0, Max: 0.2, Diff: 0.2, Sum: 0.2]
         [JVMTI Roots (ms):  0.0  0.0  0.0  0.0  0.0  0.0  0.0  0.0
          Min: 0.0, Avg: 0.0, Max: 0.0, Diff: 0.0, Sum: 0.0]
         [CodeCache Roots (ms):  0.1  0.1  0.1  0.1  0.1  0.1  0.1  0.1
          Min: 0.1, Avg: 0.1, Max: 0.1, Diff: 0.0, Sum: 0.9]
         [CM RefProcessor Roots (ms):  0.0  0.0  0.0  0.0  0.0  0.0  0.0  0.0
          Min: 0.0, Avg: 0.0, Max: 0.0, Diff: 0.0, Sum: 0.0]
         [Wait For Strong CLD (ms):  0.0  0.0  0.0  0.0  0.0  0.0  0.0  0.0
          Min: 0.0, Avg: 0.0, Max: 0.0, Diff: 0.0, Sum: 0.0]
         [Weak CLD Roots (ms):  0.0  0.0  0.0  0.0  0.0  0.0  0.0  0.0
          Min: 0.0, Avg: 0.0, Max: 0.0, Diff: 0.0, Sum: 0.0]
         [SATB Filtering (ms):  0.0  0.0  0.0  0.0  0.0  0.0  0.0  0.0
          Min: 0.0, Avg: 0.0, Max: 0.0, Diff: 0.0, Sum: 0.0]
      [Update RS (ms):  0.1  0.1  0.1  0.1  0.1  0.1  0.1  0.1
       Min: 0.1, Avg: 0.1, Max: 0.1, Diff: 0.0, Sum: 0.7]
         [Processed Buffers:  1  2  1  12  1  1  8  1
          Min: 1, Avg: 3.4, Max: 12, Diff: 11, Sum: 27]
      [Scan RS (ms):  0.0  0.0  0.0  0.0  0.0  0.0  0.0  0.0
       Min: 0.0, Avg: 0.0, Max: 0.0, Diff: 0.0, Sum: 0.1]
      [Code Root Scanning (ms):  0.0  0.0  0.0  0.0  0.0  0.0  0.0  0.0
       Min: 0.0, Avg: 0.0, Max: 0.0, Diff: 0.0, Sum: 0.0]
      [Object Copy (ms):  3.3  3.3  3.3  3.4  3.3  3.3  3.3  3.3
       Min: 3.3, Avg: 3.3, Max: 3.4, Diff: 0.1, Sum: 26.5]
      [Termination (ms):  0.1  0.1  0.1  0.0  0.1  0.1  0.1  0.1
       Min: 0.0, Avg: 0.1, Max: 0.1, Diff: 0.1, Sum: 0.5]
         [Termination Attempts:  1  1  4  1  3  5  3  4
          Min: 1, Avg: 2.8, Max: 5, Diff: 4, Sum: 22]
      [GC Worker Other (ms):  0.0  0.0  0.0  0.0  0.0  0.0  0.0  0.0
       Min: 0.0, Avg: 0.0, Max: 0.0, Diff: 0.0, Sum: 0.1]
      [GC Worker Total (ms):  3.7  3.7  3.7  3.7  3.7  3.7  3.7  3.7
       Min: 3.7, Avg: 3.7, Max: 3.7, Diff: 0.1, Sum: 29.6]
      [GC Worker End (ms):  16661.9  16661.9  16661.9  16661.9  16661.9  16661.9  16661.9  16661.9
       Min: 16661.9, Avg: 16661.9, Max: 16661.9, Diff: 0.0]
   [Code Root Fixup: 0.0 ms]
   [Code Root Purge: 0.0 ms]
   [Clear CT: 0.1 ms]
   [Other: 0.4 ms]
      [Choose CSet: 0.0 ms]
      [Ref Proc: 0.2 ms]
      [Ref Enq: 0.0 ms]
      [Redirty Cards: 0.1 ms]
         [Parallel Redirty:  0.0  0.0  0.0  0.0  0.0  0.0  0.0  0.0
          Min: 0.0, Avg: 0.0, Max: 0.0, Diff: 0.0, Sum: 0.0]
         [Redirtied Cards:  186  0  0  0  0  0  0  0
          Min: 0, Avg: 23.2, Max: 186, Diff: 186, Sum: 186]
      [Humongous Register: 0.0 ms]
         [Humongous Total: 0]
         [Humongous Candidate: 0]
      [Humongous Reclaim: 0.0 ms]
         [Humongous Reclaimed: 0]
      [Free CSet: 0.1 ms]
         [Young Free CSet: 0.1 ms]
         [Non-Young Free CSet: 0.0 ms]
   [Eden: 145.0M(145.0M)->0.0B(144.0M) Survivors: 8192.0K->9216.0K Heap: 180.0M(256.0M)->36.4M(256.0M)]
 [Times: user=0.03 sys=0.00, real=0.00 secs] 
16.874: [GC pause (G1 Evacuation Pause) (young), 0.0041716 secs]
   [Parallel Time: 3.7 ms, GC Workers: 8]
      [GC Worker Start (ms):  16873.6  16873.6  16873.6  16873.6  16873.7  16873.7  16873.7  16873.7
       Min: 16873.6, Avg: 16873.7, Max: 16873.7, Diff: 0.1]
      [Ext Root Scanning (ms):  0.2  0.2  0.2  0.2  0.2  0.2  0.2  0.2
       Min: 0.2, Avg: 0.2, Max: 0.2, Diff: 0.1, Sum: 1.6]
         [Thread Roots (ms):  0.0  0.1  0.1  0.1  0.0  0.0  0.0  0.0
          Min: 0.0, Avg: 0.0, Max: 0.1, Diff: 0.1, Sum: 0.3]
         [StringTable Roots (ms):  0.0  0.1  0.2  0.1  0.2  0.2  0.2  0.1
          Min: 0.0, Avg: 0.1, Max: 0.2, Diff: 0.2, Sum: 1.0]
         [Universe Roots (ms):  0.0  0.0  0.0  0.0  0.0  0.0  0.0  0.0
          Min: 0.0, Avg: 0.0, Max: 0.0, Diff: 0.0, Sum: 0.0]
         [JNI Handles Roots (ms):  0.0  0.0  0.0  0.0  0.0  0.0  0.0  0.0
          Min: 0.0, Avg: 0.0, Max: 0.0, Diff: 0.0, Sum: 0.0]
         [ObjectSynchronizer Roots (ms):  0.0  0.0  0.0  0.0  0.0  0.0  0.0  0.0
          Min: 0.0, Avg: 0.0, Max: 0.0, Diff: 0.0, Sum: 0.0]
         [FlatProfiler Roots (ms):  0.0  0.0  0.0  0.0  0.0  0.0  0.0  0.0
          Min: 0.0, Avg: 0.0, Max: 0.0, Diff: 0.0, Sum: 0.0]
         [Management Roots (ms):  0.0  0.0  0.0  0.0  0.0  0.0  0.0  0.0
          Min: 0.0, Avg: 0.0, Max: 0.0, Diff: 0.0, Sum: 0.0]
         [SystemDictionary Roots (ms):  0.0  0.0  0.0  0.0  0.0  0.0  0.0  0.1
          Min: 0.0, Avg: 0.0, Max: 0.1, Diff: 0.1, Sum: 0.1]
         [CLDG Roots (ms):  0.2  0.0  0.0  0.0  0.0  0.0  0.0  0.0
          Min: 0.0, Avg: 0.0, Max: 0.2, Diff: 0.2, Sum: 0.2]
         [JVMTI Roots (ms):  0.0  0.0  0.0  0.0  0.0  0.0  0.0  0.0
          Min: 0.0, Avg: 0.0, Max: 0.0, Diff: 0.0, Sum: 0.0]
         [CodeCache Roots (ms):  0.1  0.1  0.1  0.1  0.1  0.1  0.1  0.1
          Min: 0.1, Avg: 0.1, Max: 0.1, Diff: 0.1, Sum: 0.8]
         [CM RefProcessor Roots (ms):  0.0  0.0  0.0  0.0  0.0  0.0  0.0  0.0
          Min: 0.0, Avg: 0.0, Max: 0.0, Diff: 0.0, Sum: 0.0]
         [Wait For Strong CLD (ms):  0.0  0.0  0.0  0.0  0.0  0.0  0.0  0.0
          Min: 0.0, Avg: 0.0, Max: 0.0, Diff: 0.0, Sum: 0.0]
         [Weak CLD Roots (ms):  0.0  0.0  0.0  0.0  0.0  0.0  0.0  0.0
          Min: 0.0, Avg: 0.0, Max: 0.0, Diff: 0.0, Sum: 0.0]
         [SATB Filtering (ms):  0.0  0.0  0.0  0.0  0.0  0.0  0.0  0.0
          Min: 0.0, Avg: 0.0, Max: 0.0, Diff: 0.0, Sum: 0.0]
      [Update RS (ms):  0.1  0.1  0.1  0.1  0.1  0.1  0.1  0.1
       Min: 0.1, Avg: 0.1, Max: 0.1, Diff: 0.1, Sum: 0.6]
         [Processed Buffers:  7  11  1  1  1  5  1  1
          Min: 1, Avg: 3.5, Max: 11, Diff: 10, Sum: 28]
      [Scan RS (ms):  0.0  0.0  0.0  0.0  0.0  0.0  0.0  0.0
       Min: 0.0, Avg: 0.0, Max: 0.0, Diff: 0.0, Sum: 0.1]
      [Code Root Scanning (ms):  0.0  0.0  0.0  0.0  0.0  0.0  0.0  0.0
       Min: 0.0, Avg: 0.0, Max: 0.0, Diff: 0.0, Sum: 0.0]
      [Object Copy (ms):  3.2  3.2  3.3  3.2  3.2  3.2  3.2  3.2
       Min: 3.2, Avg: 3.2, Max: 3.3, Diff: 0.1, Sum: 25.8]
      [Termination (ms):  0.0  0.0  0.0  0.0  0.0  0.0  0.0  0.0
       Min: 0.0, Avg: 0.0, Max: 0.0, Diff: 0.0, Sum: 0.0]
         [Termination Attempts:  5  3  1  4  5  3  5  2
          Min: 1, Avg: 3.5, Max: 5, Diff: 4, Sum: 28]
      [GC Worker Other (ms):  0.1  0.0  0.0  0.0  0.0  0.0  0.1  0.0
       Min: 0.0, Avg: 0.0, Max: 0.1, Diff: 0.1, Sum: 0.3]
      [GC Worker Total (ms):  3.6  3.6  3.6  3.5  3.5  3.5  3.6  3.5
       Min: 3.5, Avg: 3.6, Max: 3.6, Diff: 0.1, Sum: 28.5]
      [GC Worker End (ms):  16877.3  16877.2  16877.2  16877.2  16877.2  16877.2  16877.2  16877.2
       Min: 16877.2, Avg: 16877.2, Max: 16877.3, Diff: 0.1]
   [Code Root Fixup: 0.0 ms]
   [Code Root Purge: 0.0 ms]
   [Clear CT: 0.1 ms]
   [Other: 0.3 ms]
      [Choose CSet: 0.0 ms]
      [Ref Proc: 0.1 ms]
      [Ref Enq: 0.0 ms]
      [Redirty Cards: 0.1 ms]
         [Parallel Redirty:  0.0  0.0  0.0  0.0  0.0  0.0  0.0  0.0
          Min: 0.0, Avg: 0.0, Max: 0.0, Diff: 0.0, Sum: 0.0]
         [Redirtied Cards:  185  0  0  0  0  0  0  0
          Min: 0, Avg: 23.1, Max: 185, Diff: 185, Sum: 185]
      [Humongous Register: 0.0 ms]
         [Humongous Total: 0]
         [Humongous Candidate: 0]
      [Humongous Reclaim: 0.0 ms]
         [Humongous Reclaimed: 0]
      [Free CSet: 0.1 ms]
         [Young Free CSet: 0.1 ms]
         [Non-Young Free CSet: 0.0 ms]
   [Eden: 144.0M(144.0M)->0.0B(144.0M) Survivors: 9216.0K->9216.0K Heap: 180.4M(256.0M)->36.9M(256.0M)]
 [Times: user=0.03 sys=0.00, real=0.01 secs] 
17.087: [GC pause (G1 Evacuation Pause) (young), 0.0045664 secs]
   [Parallel Time: 4.0 ms, GC Workers: 8]
      [GC Worker Start (ms):  17086.8  17086.8  17086.8  17086.8  17086.8  17086.8  17086.8  17086.8
       Min: 17086.8, Avg: 17086.8, Max: 17086.8, Diff: 0.1]
      [Ext Root Scanning (ms):  0.3  0.3  0.3  0.2  0.2  0.2  0.2  0.2
       Min: 0.2, Avg: 0.2, Max: 0.3, Diff: 0.1, Sum: 1.8]
         [Thread Roots (ms):  0.0  0.1  0.3  0.1  0.0  0.0  0.1  0.0
          Min: 0.0, Avg: 0.1, Max: 0.3, Diff: 0.3, Sum: 0.6]
         [StringTable Roots (ms):  0.0  0.1  0.0  0.2  0.2  0.2  0.1  0.2
          Min: 0.0, Avg: 0.1, Max: 0.2, Diff: 0.2, Sum: 1.0]
         [Universe Roots (ms):  0.0  0.0  0.0  0.0  0.0  0.0  0.0  0.0
          Min: 0.0, Avg: 0.0, Max: 0.0, Diff: 0.0, Sum: 0.0]
         [JNI Handles Roots (ms):  0.0  0.0  0.0  0.0  0.0  0.0  0.0  0.0
          Min: 0.0, Avg: 0.0, Max: 0.0, Diff: 0.0, Sum: 0.0]
         [ObjectSynchronizer Roots (ms):  0.0  0.0  0.0  0.0  0.0  0.0  0.0  0.0
          Min: 0.0, Avg: 0.0, Max: 0.0, Diff: 0.0, Sum: 0.0]
         [FlatProfiler Roots (ms):  0.0  0.0  0.0  0.0  0.0  0.0  0.0  0.0
          Min: 0.0, Avg: 0.0, Max: 0.0, Diff: 0.0, Sum: 0.0]
         [Management Roots (ms):  0.0  0.0  0.0  0.0  0.0  0.0  0.0  0.0
          Min: 0.0, Avg: 0.0, Max: 0.0, Diff: 0.0, Sum: 0.0]
         [SystemDictionary Roots (ms):  0.0  0.1  0.0  0.0  0.0  0.0  0.0  0.0
          Min: 0.0, Avg: 0.0, Max: 0.1, Diff: 0.1, Sum: 0.1]
         [CLDG Roots (ms):  0.2  0.0  0.0  0.0  0.0  0.0  0.0  0.0
          Min: 0.0, Avg: 0.0, Max: 0.2, Diff: 0.2, Sum: 0.2]
         [JVMTI Roots (ms):  0.0  0.0  0.0  0.0  0.0  0.0  0.0  0.0
          Min: 0.0, Avg: 0.0, Max: 0.0, Diff: 0.0, Sum: 0.0]
         [CodeCache Roots (ms):  0.1  2.2  0.1  0.1  0.1  0.1  0.1  0.1
          Min: 0.1, Avg: 0.4, Max: 2.2, Diff: 2.1, Sum: 3.0]
         [CM RefProcessor Roots (ms):  0.0  0.0  0.0  0.0  0.0  0.0  0.0  0.0
          Min: 0.0, Avg: 0.0, Max: 0.0, Diff: 0.0, Sum: 0.0]
         [Wait For Strong CLD (ms):  0.0  0.0  0.0  0.0  0.0  0.0  0.0  0.0
          Min: 0.0, Avg: 0.0, Max: 0.0, Diff: 0.0, Sum: 0.0]
         [Weak CLD Roots (ms):  0.0  0.0  0.0  0.0  0.0  0.0  0.0  0.0
          Min: 0.0, Avg: 0.0, Max: 0.0, Diff: 0.0, Sum: 0.0]
         [SATB Filtering (ms):  0.0  0.0  0.0  0.0  0.0  0.0  0.0  0.0
          Min: 0.0, Avg: 0.0, Max: 0.0, Diff: 0.0, Sum: 0.0]
      [Update RS (ms):  0.1  2.2  0.1  0.1  0.1  0.1  0.1  0.1
       Min: 0.1, Avg: 0.4, Max: 2.2, Diff: 2.2, Sum: 2.9]
         [Processed Buffers:  1  0  1  14  2  1  1  8
          Min: 0, Avg: 3.5, Max: 14, Diff: 14, Sum: 28]
      [Scan RS (ms):  0.0  0.0  0.0  0.0  0.0  0.0  0.0  0.0
       Min: 0.0, Avg: 0.0, Max: 0.0, Diff: 0.0, Sum: 0.1]
      [Code Root Scanning (ms):  0.0  0.0  0.0  0.0  0.0  0.0  0.0  0.0
       Min: 0.0, Avg: 0.0, Max: 0.0, Diff: 0.0, Sum: 0.0]
      [Object Copy (ms):  3.5  1.4  3.5  3.5  3.5  3.5  3.5  3.5
       Min: 1.4, Avg: 3.3, Max: 3.5, Diff: 2.1, Sum: 26.1]
      [Termination (ms):  0.0  0.0  0.0  0.0  0.0  0.0  0.0  0.0
       Min: 0.0, Avg: 0.0, Max: 0.0, Diff: 0.0, Sum: 0.0]
         [Termination Attempts:  1  2  1  2  1  1  3  1
          Min: 1, Avg: 1.5, Max: 3, Diff: 2, Sum: 12]
      [GC Worker Other (ms):  0.1  0.0  0.0  0.0  0.0  0.1  0.0  0.0
       Min: 0.0, Avg: 0.0, Max: 0.1, Diff: 0.0, Sum: 0.2]
      [GC Worker Total (ms):  4.0  3.9  3.9  3.9  3.9  3.9  3.9  3.9
       Min: 3.9, Avg: 3.9, Max: 4.0, Diff: 0.1, Sum: 31.2]
      [GC Worker End (ms):  17090.7  17090.7  17090.7  17090.7  17090.7  17090.7  17090.7  17090.7
       Min: 17090.7, Avg: 17090.7, Max: 17090.7, Diff: 0.0]
   [Code Root Fixup: 0.0 ms]
   [Code Root Purge: 0.0 ms]
   [Clear CT: 0.1 ms]
   [Other: 0.4 ms]
      [Choose CSet: 0.0 ms]
      [Ref Proc: 0.1 ms]
      [Ref Enq: 0.0 ms]
      [Redirty Cards: 0.1 ms]
         [Parallel Redirty:  0.0  0.0  0.0  0.0  0.0  0.0  0.0  0.0
          Min: 0.0, Avg: 0.0, Max: 0.0, Diff: 0.0, Sum: 0.0]
         [Redirtied Cards:  262  0  0  0  0  0  0  0
          Min: 0, Avg: 32.8, Max: 262, Diff: 262, Sum: 262]
      [Humongous Register: 0.0 ms]
         [Humongous Total: 0]
         [Humongous Candidate: 0]
      [Humongous Reclaim: 0.0 ms]
         [Humongous Reclaimed: 0]
      [Free CSet: 0.1 ms]
         [Young Free CSet: 0.1 ms]
         [Non-Young Free CSet: 0.0 ms]
   [Eden: 144.0M(144.0M)->0.0B(145.0M) Survivors: 9216.0K->8192.0K Heap: 180.9M(256.0M)->37.1M(256.0M)]
 [Times: user=0.03 sys=0.00, real=0.01 secs] 
17.322: [GC pause (G1 Evacuation Pause) (young), 0.0054378 secs]
   [Parallel Time: 4.8 ms, GC Workers: 8]
      [GC Worker Start (ms):  17322.3  17322.3  17322.3  17322.3  17326.9  17327.0  17327.0  17327.0
       Min: 17322.3, Avg: 17324.6, Max: 17327.0, Diff: 4.8]
      [Ext Root Scanning (ms):  0.3  0.3  0.3  0.3  0.0  0.0  0.0  0.0
       Min: 0.0, Avg: 0.2, Max: 0.3, Diff: 0.3, Sum: 1.3]
         [Thread Roots (ms):  0.0  0.1  0.1  0.1  0.0  0.0  0.0  0.0
          Min: 0.0, Avg: 0.0, Max: 0.1, Diff: 0.1, Sum: 0.4]
         [StringTable Roots (ms):  0.2  0.2  0.2  0.2  0.0  0.0  0.0  0.0
          Min: 0.0, Avg: 0.1, Max: 0.2, Diff: 0.2, Sum: 0.7]
         [Universe Roots (ms):  0.0  0.0  0.0  0.0  0.0  0.0  0.0  0.0
          Min: 0.0, Avg: 0.0, Max: 0.0, Diff: 0.0, Sum: 0.0]
         [JNI Handles Roots (ms):  0.0  0.0  0.0  0.0  0.0  0.0  0.0  0.0
          Min: 0.0, Avg: 0.0, Max: 0.0, Diff: 0.0, Sum: 0.0]
         [ObjectSynchronizer Roots (ms):  0.0  0.0  0.0  0.0  0.0  0.0  0.0  0.0
          Min: 0.0, Avg: 0.0, Max: 0.0, Diff: 0.0, Sum: 0.0]
         [FlatProfiler Roots (ms):  0.0  0.0  0.0  0.0  0.0  0.0  0.0  0.0
          Min: 0.0, Avg: 0.0, Max: 0.0, Diff: 0.0, Sum: 0.0]
         [Management Roots (ms):  0.0  0.0  0.0  0.0  0.0  0.0  0.0  0.0
          Min: 0.0, Avg: 0.0, Max: 0.0, Diff: 0.0, Sum: 0.0]
         [SystemDictionary Roots (ms):  0.0  0.0  0.0  0.0  0.0  0.0  0.0  0.0
          Min: 0.0, Avg: 0.0, Max: 0.0, Diff: 0.0, Sum: 0.0]
         [CLDG Roots (ms):  0.2  0.0  0.0  0.0  0.0  0.0  0.0  0.0
          Min: 0.0, Avg: 0.0, Max: 0.2, Diff: 0.2, Sum: 0.2]
         [JVMTI Roots (ms):  0.0  0.0  0.0  0.0  0.0  0.0  0.0  0.0
          Min: 0.0, Avg: 0.0, Max: 0.0, Diff: 0.0, Sum: 0.0]
         [CodeCache Roots (ms):  0.2  0.2  0.2  0.3  0.0  0.0  0.0  0.0
          Min: 0.0, Avg: 0.1, Max: 0.3, Diff: 0.3, Sum: 0.8]
         [CM RefProcessor Roots (ms):  0.0  0.0  0.0  0.0  0.0  0.0  0.0  0.0
          Min: 0.0, Avg: 0.0, Max: 0.0, Diff: 0.0, Sum: 0.0]
         [Wait For Strong CLD (ms):  0.0  0.0  0.0  0.0  0.0  0.0  0.0  0.0
          Min: 0.0, Avg: 0.0, Max: 0.0, Diff: 0.0, Sum: 0.0]
         [Weak CLD Roots (ms):  0.0  0.0  0.0  0.0  0.0  0.0  0.0  0.0
          Min: 0.0, Avg: 0.0, Max: 0.0, Diff: 0.0, Sum: 0.0]
         [SATB Filtering (ms):  0.0  0.0  0.0  0.0  0.0  0.0  0.0  0.0
          Min: 0.0, Avg: 0.0, Max: 0.0, Diff: 0.0, Sum: 0.0]
      [Update RS (ms):  0.1  0.1  0.1  0.3  0.0  0.0  0.0  0.0
       Min: 0.0, Avg: 0.1, Max: 0.3, Diff: 0.3, Sum: 0.7]
         [Processed Buffers:  6  16  2  2  0  0  0  0
          Min: 0, Avg: 3.2, Max: 16, Diff: 16, Sum: 26]
      [Scan RS (ms):  0.0  0.0  0.0  0.0  0.0  0.0  0.0  0.0
       Min: 0.0, Avg: 0.0, Max: 0.0, Diff: 0.0, Sum: 0.1]
      [Code Root Scanning (ms):  0.0  0.0  0.0  0.0  0.0  0.0  0.0  0.0
       Min: 0.0, Avg: 0.0, Max: 0.0, Diff: 0.0, Sum: 0.0]
      [Object Copy (ms):  4.1  4.1  4.1  4.0  0.0  0.0  0.0  0.0
       Min: 0.0, Avg: 2.0, Max: 4.1, Diff: 4.1, Sum: 16.2]
      [Termination (ms):  0.2  0.2  0.2  0.2  0.1  0.1  0.1  0.0
       Min: 0.0, Avg: 0.1, Max: 0.2, Diff: 0.2, Sum: 1.0]
         [Termination Attempts:  1  1  1  1  1  1  1  1
          Min: 1, Avg: 1.0, Max: 1, Diff: 0, Sum: 8]
      [GC Worker Other (ms):  0.0  0.0  0.0  0.0  0.0  0.0  0.0  0.0
       Min: 0.0, Avg: 0.0, Max: 0.0, Diff: 0.0, Sum: 0.1]
      [GC Worker Total (ms):  4.8  4.8  4.8  4.7  0.1  0.1  0.1  0.0
       Min: 0.0, Avg: 2.4, Max: 4.8, Diff: 4.8, Sum: 19.4]
      [GC Worker End (ms):  17327.1  17327.0  17327.0  17327.1  17327.1  17327.1  17327.0  17327.0
       Min: 17327.0, Avg: 17327.1, Max: 17327.1, Diff: 0.0]
   [Code Root Fixup: 0.1 ms]
   [Code Root Purge: 0.0 ms]
   [Clear CT: 0.1 ms]
   [Other: 0.4 ms]
      [Choose CSet: 0.0 ms]
      [Ref Proc: 0.2 ms]
      [Ref Enq: 0.0 ms]
      [Redirty Cards: 0.1 ms]
         [Parallel Redirty:  0.0  0.0  0.0  0.0  0.0  0.0  0.0  0.0
          Min: 0.0, Avg: 0.0, Max: 0.0, Diff: 0.0, Sum: 0.0]
         [Redirtied Cards:  212  0  0  0  0  0  0  0
          Min: 0, Avg: 26.5, Max: 212, Diff: 212, Sum: 212]
      [Humongous Register: 0.0 ms]
         [Humongous Total: 0]
         [Humongous Candidate: 0]
      [Humongous Reclaim: 0.0 ms]
         [Humongous Reclaimed: 0]
      [Free CSet: 0.1 ms]
         [Young Free CSet: 0.1 ms]
         [Non-Young Free CSet: 0.0 ms]
   [Eden: 145.0M(145.0M)->0.0B(145.0M) Survivors: 8192.0K->8192.0K Heap: 182.1M(256.0M)->37.0M(256.0M)]
 [Times: user=0.02 sys=0.00, real=0.01 secs] 
17.554: [GC pause (G1 Evacuation Pause) (young), 0.0044807 secs]
   [Parallel Time: 4.0 ms, GC Workers: 8]
      [GC Worker Start (ms):  17553.8  17553.8  17553.8  17553.8  17553.8  17553.8  17553.8  17553.8
       Min: 17553.8, Avg: 17553.8, Max: 17553.8, Diff: 0.1]
      [Ext Root Scanning (ms):  0.2  0.2  0.2  0.2  0.2  0.2  0.2  0.2
       Min: 0.2, Avg: 0.2, Max: 0.2, Diff: 0.1, Sum: 1.6]
         [Thread Roots (ms):  0.0  0.1  0.1  0.1  0.1  0.0  0.0  0.1
          Min: 0.0, Avg: 0.0, Max: 0.1, Diff: 0.1, Sum: 0.4]
         [StringTable Roots (ms):  0.0  0.2  0.2  0.2  0.1  0.2  0.2  0.1
          Min: 0.0, Avg: 0.1, Max: 0.2, Diff: 0.2, Sum: 1.0]
         [Universe Roots (ms):  0.0  0.0  0.0  0.0  0.0  0.0  0.0  0.0
          Min: 0.0, Avg: 0.0, Max: 0.0, Diff: 0.0, Sum: 0.0]
         [JNI Handles Roots (ms):  0.0  0.0  0.0  0.0  0.0  0.0  0.0  0.0
          Min: 0.0, Avg: 0.0, Max: 0.0, Diff: 0.0, Sum: 0.0]
         [ObjectSynchronizer Roots (ms):  0.0  0.0  0.0  0.0  0.0  0.0  0.0  0.0
          Min: 0.0, Avg: 0.0, Max: 0.0, Diff: 0.0, Sum: 0.0]
         [FlatProfiler Roots (ms):  0.0  0.0  0.0  0.0  0.0  0.0  0.0  0.0
          Min: 0.0, Avg: 0.0, Max: 0.0, Diff: 0.0, Sum: 0.0]
         [Management Roots (ms):  0.0  0.0  0.0  0.0  0.0  0.0  0.0  0.0
          Min: 0.0, Avg: 0.0, Max: 0.0, Diff: 0.0, Sum: 0.0]
         [SystemDictionary Roots (ms):  0.0  0.0  0.0  0.0  0.1  0.0  0.0  0.0
          Min: 0.0, Avg: 0.0, Max: 0.1, Diff: 0.1, Sum: 0.1]
         [CLDG Roots (ms):  0.2  0.0  0.0  0.0  0.0  0.0  0.0  0.0
          Min: 0.0, Avg: 0.0, Max: 0.2, Diff: 0.2, Sum: 0.2]
         [JVMTI Roots (ms):  0.0  0.0  0.0  0.0  0.0  0.0  0.0  0.0
          Min: 0.0, Avg: 0.0, Max: 0.0, Diff: 0.0, Sum: 0.0]
         [CodeCache Roots (ms):  0.2  0.1  0.1  0.2  0.1  0.2  0.1  0.1
          Min: 0.1, Avg: 0.1, Max: 0.2, Diff: 0.1, Sum: 0.9]
         [CM RefProcessor Roots (ms):  0.0  0.0  0.0  0.0  0.0  0.0  0.0  0.0
          Min: 0.0, Avg: 0.0, Max: 0.0, Diff: 0.0, Sum: 0.0]
         [Wait For Strong CLD (ms):  0.0  0.0  0.0  0.0  0.0  0.0  0.0  0.0
          Min: 0.0, Avg: 0.0, Max: 0.0, Diff: 0.0, Sum: 0.0]
         [Weak CLD Roots (ms):  0.0  0.0  0.0  0.0  0.0  0.0  0.0  0.0
          Min: 0.0, Avg: 0.0, Max: 0.0, Diff: 0.0, Sum: 0.0]
         [SATB Filtering (ms):  0.0  0.0  0.0  0.0  0.0  0.0  0.0  0.0
          Min: 0.0, Avg: 0.0, Max: 0.0, Diff: 0.0, Sum: 0.0]
      [Update RS (ms):  0.2  0.0  0.0  0.2  0.1  0.2  0.0  0.1
       Min: 0.0, Avg: 0.1, Max: 0.2, Diff: 0.2, Sum: 0.7]
         [Processed Buffers:  1  5  7  1  2  1  6  1
          Min: 1, Avg: 3.0, Max: 7, Diff: 6, Sum: 24]
      [Scan RS (ms):  0.0  0.0  0.0  0.0  0.0  0.0  0.0  0.0
       Min: 0.0, Avg: 0.0, Max: 0.0, Diff: 0.0, Sum: 0.1]
      [Code Root Scanning (ms):  0.0  0.0  0.0  0.0  0.0  0.0  0.0  0.0
       Min: 0.0, Avg: 0.0, Max: 0.0, Diff: 0.0, Sum: 0.0]
      [Object Copy (ms):  3.4  3.5  3.5  3.4  3.6  3.4  3.5  3.5
       Min: 3.4, Avg: 3.5, Max: 3.6, Diff: 0.2, Sum: 28.0]
      [Termination (ms):  0.1  0.1  0.1  0.1  0.0  0.1  0.1  0.1
       Min: 0.0, Avg: 0.1, Max: 0.1, Diff: 0.1, Sum: 0.5]
         [Termination Attempts:  1  1  1  1  1  1  1  1
          Min: 1, Avg: 1.0, Max: 1, Diff: 0, Sum: 8]
      [GC Worker Other (ms):  0.1  0.0  0.0  0.0  0.0  0.1  0.0  0.1
       Min: 0.0, Avg: 0.0, Max: 0.1, Diff: 0.1, Sum: 0.3]
      [GC Worker Total (ms):  4.0  3.9  3.9  3.9  3.9  3.9  3.9  3.9
       Min: 3.9, Avg: 3.9, Max: 4.0, Diff: 0.1, Sum: 31.3]
      [GC Worker End (ms):  17557.7  17557.7  17557.7  17557.7  17557.7  17557.7  17557.7  17557.7
       Min: 17557.7, Avg: 17557.7, Max: 17557.7, Diff: 0.1]
   [Code Root Fixup: 0.0 ms]
   [Code Root Purge: 0.0 ms]
   [Clear CT: 0.1 ms]
   [Other: 0.4 ms]
      [Choose CSet: 0.0 ms]
      [Ref Proc: 0.1 ms]
      [Ref Enq: 0.0 ms]
      [Redirty Cards: 0.1 ms]
         [Parallel Redirty:  0.0  0.0  0.0  0.0  0.0  0.0  0.0  0.0
          Min: 0.0, Avg: 0.0, Max: 0.0, Diff: 0.0, Sum: 0.0]
         [Redirtied Cards:  216  0  0  0  0  0  0  0
          Min: 0, Avg: 27.0, Max: 216, Diff: 216, Sum: 216]
      [Humongous Register: 0.0 ms]
         [Humongous Total: 0]
         [Humongous Candidate: 0]
      [Humongous Reclaim: 0.0 ms]
         [Humongous Reclaimed: 0]
      [Free CSet: 0.1 ms]
         [Young Free CSet: 0.1 ms]
         [Non-Young Free CSet: 0.0 ms]
   [Eden: 145.0M(145.0M)->0.0B(144.0M) Survivors: 8192.0K->9216.0K Heap: 182.0M(256.0M)->38.5M(256.0M)]
 [Times: user=0.03 sys=0.00, real=0.01 secs] 
17.765: [GC pause (G1 Evacuation Pause) (young), 0.0045488 secs]
   [Parallel Time: 3.9 ms, GC Workers: 8]
      [GC Worker Start (ms):  17765.1  17765.1  17765.1  17765.1  17765.1  17765.1  17765.1  17765.2
       Min: 17765.1, Avg: 17765.1, Max: 17765.2, Diff: 0.1]
      [Ext Root Scanning (ms):  0.3  0.2  0.2  0.2  0.2  0.2  0.2  0.2
       Min: 0.2, Avg: 0.2, Max: 0.3, Diff: 0.1, Sum: 1.7]
         [Thread Roots (ms):  0.0  0.1  0.1  0.1  0.1  0.0  0.0  0.0
          Min: 0.0, Avg: 0.0, Max: 0.1, Diff: 0.1, Sum: 0.3]
         [StringTable Roots (ms):  0.0  0.2  0.2  0.1  0.1  0.2  0.2  0.1
          Min: 0.0, Avg: 0.1, Max: 0.2, Diff: 0.2, Sum: 1.1]
         [Universe Roots (ms):  0.0  0.0  0.0  0.0  0.0  0.0  0.0  0.0
          Min: 0.0, Avg: 0.0, Max: 0.0, Diff: 0.0, Sum: 0.0]
         [JNI Handles Roots (ms):  0.0  0.0  0.0  0.0  0.0  0.0  0.0  0.0
          Min: 0.0, Avg: 0.0, Max: 0.0, Diff: 0.0, Sum: 0.0]
         [ObjectSynchronizer Roots (ms):  0.0  0.0  0.0  0.0  0.0  0.0  0.0  0.0
          Min: 0.0, Avg: 0.0, Max: 0.0, Diff: 0.0, Sum: 0.0]
         [FlatProfiler Roots (ms):  0.0  0.0  0.0  0.0  0.0  0.0  0.0  0.0
          Min: 0.0, Avg: 0.0, Max: 0.0, Diff: 0.0, Sum: 0.0]
         [Management Roots (ms):  0.0  0.0  0.0  0.0  0.0  0.0  0.0  0.0
          Min: 0.0, Avg: 0.0, Max: 0.0, Diff: 0.0, Sum: 0.0]
         [SystemDictionary Roots (ms):  0.0  0.0  0.0  0.0  0.0  0.0  0.0  0.1
          Min: 0.0, Avg: 0.0, Max: 0.1, Diff: 0.1, Sum: 0.1]
         [CLDG Roots (ms):  0.2  0.0  0.0  0.0  0.0  0.0  0.0  0.0
          Min: 0.0, Avg: 0.0, Max: 0.2, Diff: 0.2, Sum: 0.2]
         [JVMTI Roots (ms):  0.0  0.0  0.0  0.0  0.0  0.0  0.0  0.0
          Min: 0.0, Avg: 0.0, Max: 0.0, Diff: 0.0, Sum: 0.0]
         [CodeCache Roots (ms):  0.1  0.1  0.1  0.1  0.1  0.1  0.2  0.1
          Min: 0.1, Avg: 0.1, Max: 0.2, Diff: 0.1, Sum: 1.1]
         [CM RefProcessor Roots (ms):  0.0  0.0  0.0  0.0  0.0  0.0  0.0  0.0
          Min: 0.0, Avg: 0.0, Max: 0.0, Diff: 0.0, Sum: 0.0]
         [Wait For Strong CLD (ms):  0.0  0.0  0.0  0.0  0.0  0.0  0.0  0.0
          Min: 0.0, Avg: 0.0, Max: 0.0, Diff: 0.0, Sum: 0.0]
         [Weak CLD Roots (ms):  0.0  0.0  0.0  0.0  0.0  0.0  0.0  0.0
          Min: 0.0, Avg: 0.0, Max: 0.0, Diff: 0.0, Sum: 0.0]
         [SATB Filtering (ms):  0.0  0.0  0.0  0.0  0.0  0.0  0.0  0.0
          Min: 0.0, Avg: 0.0, Max: 0.0, Diff: 0.0, Sum: 0.0]
      [Update RS (ms):  0.1  0.1  0.1  0.1  0.1  0.1  0.2  0.1
       Min: 0.1, Avg: 0.1, Max: 0.2, Diff: 0.1, Sum: 0.9]
         [Processed Buffers:  1  19  4  1  1  1  1  1
          Min: 1, Avg: 3.6, Max: 19, Diff: 18, Sum: 29]
      [Scan RS (ms):  0.0  0.0  0.0  0.0  0.0  0.0  0.0  0.0
       Min: 0.0, Avg: 0.0, Max: 0.0, Diff: 0.0, Sum: 0.1]
      [Code Root Scanning (ms):  0.0  0.0  0.0  0.0  0.0  0.0  0.0  0.0
       Min: 0.0, Avg: 0.0, Max: 0.0, Diff: 0.0, Sum: 0.0]
      [Object Copy (ms):  3.4  3.4  3.4  3.4  3.4  3.4  3.3  3.4
       Min: 3.3, Avg: 3.4, Max: 3.4, Diff: 0.1, Sum: 27.2]
      [Termination (ms):  0.0  0.0  0.0  0.0  0.0  0.0  0.0  0.0
       Min: 0.0, Avg: 0.0, Max: 0.0, Diff: 0.0, Sum: 0.0]
         [Termination Attempts:  1  1  1  1  1  1  1  1
          Min: 1, Avg: 1.0, Max: 1, Diff: 0, Sum: 8]
      [GC Worker Other (ms):  0.0  0.1  0.0  0.0  0.1  0.0  0.0  0.0
       Min: 0.0, Avg: 0.0, Max: 0.1, Diff: 0.1, Sum: 0.2]
      [GC Worker Total (ms):  3.8  3.8  3.8  3.8  3.8  3.7  3.7  3.7
       Min: 3.7, Avg: 3.8, Max: 3.8, Diff: 0.1, Sum: 30.2]
      [GC Worker End (ms):  17768.9  17768.9  17768.9  17768.9  17768.9  17768.9  17768.9  17768.9
       Min: 17768.9, Avg: 17768.9, Max: 17768.9, Diff: 0.0]
   [Code Root Fixup: 0.0 ms]
   [Code Root Purge: 0.0 ms]
   [Clear CT: 0.2 ms]
   [Other: 0.4 ms]
      [Choose CSet: 0.0 ms]
      [Ref Proc: 0.1 ms]
      [Ref Enq: 0.0 ms]
      [Redirty Cards: 0.1 ms]
         [Parallel Redirty:  0.0  0.0  0.0  0.0  0.0  0.0  0.0  0.0
          Min: 0.0, Avg: 0.0, Max: 0.0, Diff: 0.0, Sum: 0.0]
         [Redirtied Cards:  244  0  0  0  0  0  0  0
          Min: 0, Avg: 30.5, Max: 244, Diff: 244, Sum: 244]
      [Humongous Register: 0.0 ms]
         [Humongous Total: 0]
         [Humongous Candidate: 0]
      [Humongous Reclaim: 0.0 ms]
         [Humongous Reclaimed: 0]
      [Free CSet: 0.1 ms]
         [Young Free CSet: 0.1 ms]
         [Non-Young Free CSet: 0.0 ms]
   [Eden: 144.0M(144.0M)->0.0B(144.0M) Survivors: 9216.0K->9216.0K Heap: 182.5M(256.0M)->39.7M(256.0M)]
 [Times: user=0.03 sys=0.00, real=0.01 secs] 
17.979: [GC pause (GCLocker Initiated GC) (young), 0.0044167 secs]
   [Parallel Time: 3.9 ms, GC Workers: 8]
      [GC Worker Start (ms):  17978.6  17978.6  17978.6  17978.6  17978.6  17978.6  17978.6  17978.6
       Min: 17978.6, Avg: 17978.6, Max: 17978.6, Diff: 0.1]
      [Ext Root Scanning (ms):  0.2  0.2  0.2  0.2  0.2  0.2  0.2  0.2
       Min: 0.2, Avg: 0.2, Max: 0.2, Diff: 0.1, Sum: 1.6]
         [Thread Roots (ms):  0.0  0.1  0.1  0.0  0.1  0.0  0.0  0.0
          Min: 0.0, Avg: 0.1, Max: 0.1, Diff: 0.1, Sum: 0.4]
         [StringTable Roots (ms):  0.0  0.2  0.2  0.2  0.1  0.1  0.2  0.1
          Min: 0.0, Avg: 0.1, Max: 0.2, Diff: 0.2, Sum: 1.0]
         [Universe Roots (ms):  0.0  0.0  0.0  0.0  0.0  0.0  0.0  0.0
          Min: 0.0, Avg: 0.0, Max: 0.0, Diff: 0.0, Sum: 0.0]
         [JNI Handles Roots (ms):  0.0  0.0  0.0  0.0  0.0  0.0  0.0  0.0
          Min: 0.0, Avg: 0.0, Max: 0.0, Diff: 0.0, Sum: 0.0]
         [ObjectSynchronizer Roots (ms):  0.0  0.0  0.0  0.0  0.0  0.0  0.0  0.0
          Min: 0.0, Avg: 0.0, Max: 0.0, Diff: 0.0, Sum: 0.0]
         [FlatProfiler Roots (ms):  0.0  0.0  0.0  0.0  0.0  0.0  0.0  0.0
          Min: 0.0, Avg: 0.0, Max: 0.0, Diff: 0.0, Sum: 0.0]
         [Management Roots (ms):  0.0  0.0  0.0  0.0  0.0  0.0  0.0  0.0
          Min: 0.0, Avg: 0.0, Max: 0.0, Diff: 0.0, Sum: 0.0]
         [SystemDictionary Roots (ms):  0.0  0.0  0.0  0.0  0.0  0.1  0.0  0.0
          Min: 0.0, Avg: 0.0, Max: 0.1, Diff: 0.1, Sum: 0.1]
         [CLDG Roots (ms):  0.2  0.0  0.0  0.0  0.0  0.0  0.0  0.0
          Min: 0.0, Avg: 0.0, Max: 0.2, Diff: 0.2, Sum: 0.2]
         [JVMTI Roots (ms):  0.0  0.0  0.0  0.0  0.0  0.0  0.0  0.0
          Min: 0.0, Avg: 0.0, Max: 0.0, Diff: 0.0, Sum: 0.0]
         [CodeCache Roots (ms):  0.1  0.1  0.1  0.1  0.1  0.1  0.3  0.1
          Min: 0.1, Avg: 0.1, Max: 0.3, Diff: 0.2, Sum: 1.0]
         [CM RefProcessor Roots (ms):  0.0  0.0  0.0  0.0  0.0  0.0  0.0  0.0
          Min: 0.0, Avg: 0.0, Max: 0.0, Diff: 0.0, Sum: 0.0]
         [Wait For Strong CLD (ms):  0.0  0.0  0.0  0.0  0.0  0.0  0.0  0.0
          Min: 0.0, Avg: 0.0, Max: 0.0, Diff: 0.0, Sum: 0.0]
         [Weak CLD Roots (ms):  0.0  0.0  0.0  0.0  0.0  0.0  0.0  0.0
          Min: 0.0, Avg: 0.0, Max: 0.0, Diff: 0.0, Sum: 0.0]
         [SATB Filtering (ms):  0.0  0.0  0.0  0.0  0.0  0.0  0.0  0.0
          Min: 0.0, Avg: 0.0, Max: 0.0, Diff: 0.0, Sum: 0.0]
      [Update RS (ms):  0.1  0.1  0.1  0.1  0.1  0.1  0.3  0.1
       Min: 0.1, Avg: 0.1, Max: 0.3, Diff: 0.2, Sum: 0.9]
         [Processed Buffers:  2  1  16  1  1  5  1  1
          Min: 1, Avg: 3.5, Max: 16, Diff: 15, Sum: 28]
      [Scan RS (ms):  0.0  0.0  0.0  0.0  0.0  0.0  0.0  0.0
       Min: 0.0, Avg: 0.0, Max: 0.0, Diff: 0.0, Sum: 0.1]
      [Code Root Scanning (ms):  0.0  0.0  0.0  0.0  0.0  0.0  0.0  0.0
       Min: 0.0, Avg: 0.0, Max: 0.0, Diff: 0.0, Sum: 0.0]
      [Object Copy (ms):  3.5  3.5  3.5  3.5  3.5  3.5  3.3  3.5
       Min: 3.3, Avg: 3.5, Max: 3.5, Diff: 0.2, Sum: 27.7]
      [Termination (ms):  0.0  0.0  0.0  0.0  0.0  0.0  0.0  0.0
       Min: 0.0, Avg: 0.0, Max: 0.0, Diff: 0.0, Sum: 0.0]
         [Termination Attempts:  4  7  7  1  8  6  5  6
          Min: 1, Avg: 5.5, Max: 8, Diff: 7, Sum: 44]
      [GC Worker Other (ms):  0.0  0.0  0.0  0.1  0.0  0.0  0.0  0.0
       Min: 0.0, Avg: 0.0, Max: 0.1, Diff: 0.0, Sum: 0.2]
      [GC Worker Total (ms):  3.8  3.8  3.8  3.8  3.8  3.8  3.8  3.8
       Min: 3.8, Avg: 3.8, Max: 3.8, Diff: 0.0, Sum: 30.6]
      [GC Worker End (ms):  17982.4  17982.4  17982.4  17982.4  17982.4  17982.4  17982.4  17982.4
       Min: 17982.4, Avg: 17982.4, Max: 17982.4, Diff: 0.0]
   [Code Root Fixup: 0.0 ms]
   [Code Root Purge: 0.0 ms]
   [Clear CT: 0.1 ms]
   [Other: 0.4 ms]
      [Choose CSet: 0.0 ms]
      [Ref Proc: 0.1 ms]
      [Ref Enq: 0.0 ms]
      [Redirty Cards: 0.1 ms]
         [Parallel Redirty:  0.0  0.0  0.0  0.0  0.0  0.0  0.0  0.0
          Min: 0.0, Avg: 0.0, Max: 0.0, Diff: 0.0, Sum: 0.0]
         [Redirtied Cards:  226  0  0  0  0  0  0  0
          Min: 0, Avg: 28.2, Max: 226, Diff: 226, Sum: 226]
      [Humongous Register: 0.0 ms]
         [Humongous Total: 0]
         [Humongous Candidate: 0]
      [Humongous Reclaim: 0.0 ms]
         [Humongous Reclaimed: 0]
      [Free CSet: 0.1 ms]
         [Young Free CSet: 0.1 ms]
         [Non-Young Free CSet: 0.0 ms]
   [Eden: 145.0M(144.0M)->0.0B(144.0M) Survivors: 9216.0K->9216.0K Heap: 183.7M(256.0M)->39.6M(256.0M)]
 [Times: user=0.03 sys=0.00, real=0.00 secs] 
18.192: [GC pause (G1 Evacuation Pause) (young), 0.0044182 secs]
   [Parallel Time: 3.9 ms, GC Workers: 8]
      [GC Worker Start (ms):  18191.6  18191.6  18191.6  18191.6  18191.6  18191.6  18191.6  18191.6
       Min: 18191.6, Avg: 18191.6, Max: 18191.6, Diff: 0.1]
      [Ext Root Scanning (ms):  0.2  0.2  0.2  0.2  0.2  0.2  0.2  0.2
       Min: 0.2, Avg: 0.2, Max: 0.2, Diff: 0.1, Sum: 1.6]
         [Thread Roots (ms):  0.0  0.1  0.1  0.0  0.0  0.0  0.0  0.0
          Min: 0.0, Avg: 0.0, Max: 0.1, Diff: 0.1, Sum: 0.4]
         [StringTable Roots (ms):  0.0  0.1  0.1  0.1  0.1  0.1  0.1  0.1
          Min: 0.0, Avg: 0.1, Max: 0.1, Diff: 0.1, Sum: 1.0]
         [Universe Roots (ms):  0.0  0.0  0.0  0.0  0.0  0.0  0.0  0.0
          Min: 0.0, Avg: 0.0, Max: 0.0, Diff: 0.0, Sum: 0.0]
         [JNI Handles Roots (ms):  0.0  0.0  0.0  0.0  0.0  0.0  0.0  0.0
          Min: 0.0, Avg: 0.0, Max: 0.0, Diff: 0.0, Sum: 0.0]
         [ObjectSynchronizer Roots (ms):  0.0  0.0  0.0  0.0  0.0  0.0  0.0  0.0
          Min: 0.0, Avg: 0.0, Max: 0.0, Diff: 0.0, Sum: 0.0]
         [FlatProfiler Roots (ms):  0.0  0.0  0.0  0.0  0.0  0.0  0.0  0.0
          Min: 0.0, Avg: 0.0, Max: 0.0, Diff: 0.0, Sum: 0.0]
         [Management Roots (ms):  0.0  0.0  0.0  0.0  0.0  0.0  0.0  0.0
          Min: 0.0, Avg: 0.0, Max: 0.0, Diff: 0.0, Sum: 0.0]
         [SystemDictionary Roots (ms):  0.0  0.0  0.0  0.1  0.0  0.0  0.0  0.0
          Min: 0.0, Avg: 0.0, Max: 0.1, Diff: 0.1, Sum: 0.1]
         [CLDG Roots (ms):  0.2  0.0  0.0  0.0  0.0  0.0  0.0  0.0
          Min: 0.0, Avg: 0.0, Max: 0.2, Diff: 0.2, Sum: 0.2]
         [JVMTI Roots (ms):  0.0  0.0  0.0  0.0  0.0  0.0  0.0  0.0
          Min: 0.0, Avg: 0.0, Max: 0.0, Diff: 0.0, Sum: 0.0]
         [CodeCache Roots (ms):  0.1  0.1  0.1  0.1  0.2  0.1  0.1  0.1
          Min: 0.1, Avg: 0.1, Max: 0.2, Diff: 0.1, Sum: 0.9]
         [CM RefProcessor Roots (ms):  0.0  0.0  0.0  0.0  0.0  0.0  0.0  0.0
          Min: 0.0, Avg: 0.0, Max: 0.0, Diff: 0.0, Sum: 0.0]
         [Wait For Strong CLD (ms):  0.0  0.0  0.0  0.0  0.0  0.0  0.0  0.0
          Min: 0.0, Avg: 0.0, Max: 0.0, Diff: 0.0, Sum: 0.0]
         [Weak CLD Roots (ms):  0.0  0.0  0.0  0.0  0.0  0.0  0.0  0.0
          Min: 0.0, Avg: 0.0, Max: 0.0, Diff: 0.0, Sum: 0.0]
         [SATB Filtering (ms):  0.0  0.0  0.0  0.0  0.0  0.0  0.0  0.0
          Min: 0.0, Avg: 0.0, Max: 0.0, Diff: 0.0, Sum: 0.0]
      [Update RS (ms):  0.1  0.1  0.1  0.1  0.2  0.1  0.1  0.1
       Min: 0.1, Avg: 0.1, Max: 0.2, Diff: 0.1, Sum: 0.8]
         [Processed Buffers:  1  17  1  2  1  1  1  1
          Min: 1, Avg: 3.1, Max: 17, Diff: 16, Sum: 25]
      [Scan RS (ms):  0.0  0.0  0.0  0.0  0.0  0.0  0.0  0.0
       Min: 0.0, Avg: 0.0, Max: 0.0, Diff: 0.0, Sum: 0.1]
      [Code Root Scanning (ms):  0.0  0.0  0.0  0.0  0.0  0.0  0.0  0.0
       Min: 0.0, Avg: 0.0, Max: 0.0, Diff: 0.0, Sum: 0.0]
      [Object Copy (ms):  3.4  3.4  3.4  3.4  3.4  3.4  3.5  3.4
       Min: 3.4, Avg: 3.4, Max: 3.5, Diff: 0.1, Sum: 27.5]
      [Termination (ms):  0.0  0.0  0.0  0.0  0.0  0.0  0.0  0.0
       Min: 0.0, Avg: 0.0, Max: 0.0, Diff: 0.0, Sum: 0.0]
         [Termination Attempts:  1  2  2  1  1  1  4  3
          Min: 1, Avg: 1.9, Max: 4, Diff: 3, Sum: 15]
      [GC Worker Other (ms):  0.1  0.0  0.0  0.0  0.0  0.0  0.1  0.1
       Min: 0.0, Avg: 0.0, Max: 0.1, Diff: 0.1, Sum: 0.3]
      [GC Worker Total (ms):  3.8  3.8  3.8  3.8  3.8  3.7  3.8  3.8
       Min: 3.7, Avg: 3.8, Max: 3.8, Diff: 0.1, Sum: 30.2]
      [GC Worker End (ms):  18195.4  18195.4  18195.4  18195.4  18195.4  18195.4  18195.4  18195.4
       Min: 18195.4, Avg: 18195.4, Max: 18195.4, Diff: 0.1]
   [Code Root Fixup: 0.0 ms]
   [Code Root Purge: 0.0 ms]
   [Clear CT: 0.1 ms]
   [Other: 0.4 ms]
      [Choose CSet: 0.0 ms]
      [Ref Proc: 0.2 ms]
      [Ref Enq: 0.0 ms]
      [Redirty Cards: 0.1 ms]
         [Parallel Redirty:  0.0  0.0  0.0  0.0  0.0  0.0  0.0  0.0
          Min: 0.0, Avg: 0.0, Max: 0.0, Diff: 0.0, Sum: 0.0]
         [Redirtied Cards:  233  0  0  0  0  0  0  0
          Min: 0, Avg: 29.1, Max: 233, Diff: 233, Sum: 233]
      [Humongous Register: 0.0 ms]
         [Humongous Total: 0]
         [Humongous Candidate: 0]
      [Humongous Reclaim: 0.0 ms]
         [Humongous Reclaimed: 0]
      [Free CSet: 0.1 ms]
         [Young Free CSet: 0.1 ms]
         [Non-Young Free CSet: 0.0 ms]
   [Eden: 144.0M(144.0M)->0.0B(144.0M) Survivors: 9216.0K->9216.0K Heap: 183.6M(256.0M)->40.7M(256.0M)]
 [Times: user=0.03 sys=0.01, real=0.00 secs] 
18.406: [GC pause (G1 Evacuation Pause) (young), 0.0044492 secs]
   [Parallel Time: 3.8 ms, GC Workers: 8]
      [GC Worker Start (ms):  18405.9  18405.9  18405.9  18405.9  18405.9  18405.9  18405.9  18406.0
       Min: 18405.9, Avg: 18405.9, Max: 18406.0, Diff: 0.1]
      [Ext Root Scanning (ms):  0.2  0.2  0.2  0.2  0.2  0.2  0.2  0.2
       Min: 0.2, Avg: 0.2, Max: 0.2, Diff: 0.1, Sum: 1.6]
         [Thread Roots (ms):  0.0  0.1  0.1  0.1  0.0  0.0  0.0  0.0
          Min: 0.0, Avg: 0.1, Max: 0.1, Diff: 0.1, Sum: 0.4]
         [StringTable Roots (ms):  0.0  0.1  0.1  0.2  0.2  0.1  0.2  0.2
          Min: 0.0, Avg: 0.1, Max: 0.2, Diff: 0.2, Sum: 1.0]
         [Universe Roots (ms):  0.0  0.0  0.0  0.0  0.0  0.0  0.0  0.0
          Min: 0.0, Avg: 0.0, Max: 0.0, Diff: 0.0, Sum: 0.0]
         [JNI Handles Roots (ms):  0.0  0.0  0.0  0.0  0.0  0.0  0.0  0.0
          Min: 0.0, Avg: 0.0, Max: 0.0, Diff: 0.0, Sum: 0.0]
         [ObjectSynchronizer Roots (ms):  0.0  0.0  0.0  0.0  0.0  0.0  0.0  0.0
          Min: 0.0, Avg: 0.0, Max: 0.0, Diff: 0.0, Sum: 0.0]
         [FlatProfiler Roots (ms):  0.0  0.0  0.0  0.0  0.0  0.0  0.0  0.0
          Min: 0.0, Avg: 0.0, Max: 0.0, Diff: 0.0, Sum: 0.0]
         [Management Roots (ms):  0.0  0.0  0.0  0.0  0.0  0.0  0.0  0.0
          Min: 0.0, Avg: 0.0, Max: 0.0, Diff: 0.0, Sum: 0.0]
         [SystemDictionary Roots (ms):  0.0  0.0  0.0  0.0  0.0  0.1  0.0  0.0
          Min: 0.0, Avg: 0.0, Max: 0.1, Diff: 0.1, Sum: 0.1]
         [CLDG Roots (ms):  0.2  0.0  0.0  0.0  0.0  0.0  0.0  0.0
          Min: 0.0, Avg: 0.0, Max: 0.2, Diff: 0.2, Sum: 0.2]
         [JVMTI Roots (ms):  0.0  0.0  0.0  0.0  0.0  0.0  0.0  0.0
          Min: 0.0, Avg: 0.0, Max: 0.0, Diff: 0.0, Sum: 0.0]
         [CodeCache Roots (ms):  0.2  0.1  0.1  0.3  0.1  0.1  0.1  0.1
          Min: 0.1, Avg: 0.1, Max: 0.3, Diff: 0.2, Sum: 1.0]
         [CM RefProcessor Roots (ms):  0.0  0.0  0.0  0.0  0.0  0.0  0.0  0.0
          Min: 0.0, Avg: 0.0, Max: 0.0, Diff: 0.0, Sum: 0.0]
         [Wait For Strong CLD (ms):  0.0  0.0  0.0  0.0  0.0  0.0  0.0  0.0
          Min: 0.0, Avg: 0.0, Max: 0.0, Diff: 0.0, Sum: 0.0]
         [Weak CLD Roots (ms):  0.0  0.0  0.0  0.0  0.0  0.0  0.0  0.0
          Min: 0.0, Avg: 0.0, Max: 0.0, Diff: 0.0, Sum: 0.0]
         [SATB Filtering (ms):  0.0  0.0  0.0  0.0  0.0  0.0  0.0  0.0
          Min: 0.0, Avg: 0.0, Max: 0.0, Diff: 0.0, Sum: 0.0]
      [Update RS (ms):  0.2  0.1  0.0  0.3  0.1  0.1  0.0  0.1
       Min: 0.0, Avg: 0.1, Max: 0.3, Diff: 0.2, Sum: 0.8]
         [Processed Buffers:  1  1  2  1  1  1  5  17
          Min: 1, Avg: 3.6, Max: 17, Diff: 16, Sum: 29]
      [Scan RS (ms):  0.0  0.0  0.0  0.0  0.0  0.0  0.0  0.0
       Min: 0.0, Avg: 0.0, Max: 0.0, Diff: 0.0, Sum: 0.1]
      [Code Root Scanning (ms):  0.0  0.0  0.0  0.0  0.0  0.0  0.0  0.0
       Min: 0.0, Avg: 0.0, Max: 0.0, Diff: 0.0, Sum: 0.0]
      [Object Copy (ms):  3.3  3.4  3.4  3.2  3.4  3.4  3.4  3.4
       Min: 3.2, Avg: 3.4, Max: 3.4, Diff: 0.2, Sum: 26.9]
      [Termination (ms):  0.0  0.0  0.0  0.0  0.0  0.0  0.0  0.0
       Min: 0.0, Avg: 0.0, Max: 0.0, Diff: 0.0, Sum: 0.0]
         [Termination Attempts:  1  6  7  12  4  13  9  13
          Min: 1, Avg: 8.1, Max: 13, Diff: 12, Sum: 65]
      [GC Worker Other (ms):  0.0  0.0  0.0  0.0  0.0  0.0  0.0  0.0
       Min: 0.0, Avg: 0.0, Max: 0.0, Diff: 0.0, Sum: 0.2]
      [GC Worker Total (ms):  3.7  3.8  3.7  3.7  3.7  3.7  3.7  3.7
       Min: 3.7, Avg: 3.7, Max: 3.8, Diff: 0.1, Sum: 29.7]
      [GC Worker End (ms):  18409.6  18409.6  18409.6  18409.7  18409.6  18409.6  18409.6  18409.6
       Min: 18409.6, Avg: 18409.6, Max: 18409.7, Diff: 0.0]
   [Code Root Fixup: 0.0 ms]
   [Code Root Purge: 0.0 ms]
   [Clear CT: 0.1 ms]
   [Other: 0.4 ms]
      [Choose CSet: 0.0 ms]
      [Ref Proc: 0.1 ms]
      [Ref Enq: 0.0 ms]
      [Redirty Cards: 0.2 ms]
         [Parallel Redirty:  0.0  0.0  0.0  0.0  0.0  0.0  0.0  0.0
          Min: 0.0, Avg: 0.0, Max: 0.0, Diff: 0.0, Sum: 0.0]
         [Redirtied Cards:  289  0  0  0  0  0  0  0
          Min: 0, Avg: 36.1, Max: 289, Diff: 289, Sum: 289]
      [Humongous Register: 0.0 ms]
         [Humongous Total: 0]
         [Humongous Candidate: 0]
      [Humongous Reclaim: 0.0 ms]
         [Humongous Reclaimed: 0]
      [Free CSet: 0.1 ms]
         [Young Free CSet: 0.1 ms]
         [Non-Young Free CSet: 0.0 ms]
   [Eden: 144.0M(144.0M)->0.0B(144.0M) Survivors: 9216.0K->9216.0K Heap: 184.7M(256.0M)->41.2M(256.0M)]
 [Times: user=0.03 sys=0.00, real=0.01 secs] 
18.635: [GC pause (G1 Evacuation Pause) (young), 0.0045572 secs]
   [Parallel Time: 4.1 ms, GC Workers: 8]
      [GC Worker Start (ms):  18635.3  18635.3  18635.3  18635.3  18635.3  18635.3  18635.3  18635.5
       Min: 18635.3, Avg: 18635.3, Max: 18635.5, Diff: 0.2]
      [Ext Root Scanning (ms):  0.3  0.2  0.2  0.2  0.2  0.2  0.2  0.1
       Min: 0.1, Avg: 0.2, Max: 0.3, Diff: 0.2, Sum: 1.6]
         [Thread Roots (ms):  0.0  0.1  0.1  0.0  0.1  0.0  0.1  0.0
          Min: 0.0, Avg: 0.0, Max: 0.1, Diff: 0.1, Sum: 0.3]
         [StringTable Roots (ms):  0.0  0.2  0.2  0.1  0.1  0.2  0.1  0.1
          Min: 0.0, Avg: 0.1, Max: 0.2, Diff: 0.2, Sum: 1.0]
         [Universe Roots (ms):  0.0  0.0  0.0  0.0  0.0  0.0  0.0  0.0
          Min: 0.0, Avg: 0.0, Max: 0.0, Diff: 0.0, Sum: 0.0]
         [JNI Handles Roots (ms):  0.0  0.0  0.0  0.0  0.0  0.0  0.0  0.0
          Min: 0.0, Avg: 0.0, Max: 0.0, Diff: 0.0, Sum: 0.0]
         [ObjectSynchronizer Roots (ms):  0.0  0.0  0.0  0.0  0.0  0.0  0.0  0.0
          Min: 0.0, Avg: 0.0, Max: 0.0, Diff: 0.0, Sum: 0.0]
         [FlatProfiler Roots (ms):  0.0  0.0  0.0  0.0  0.0  0.0  0.0  0.0
          Min: 0.0, Avg: 0.0, Max: 0.0, Diff: 0.0, Sum: 0.0]
         [Management Roots (ms):  0.0  0.0  0.0  0.0  0.0  0.0  0.0  0.0
          Min: 0.0, Avg: 0.0, Max: 0.0, Diff: 0.0, Sum: 0.0]
         [SystemDictionary Roots (ms):  0.0  0.0  0.0  0.1  0.0  0.0  0.0  0.0
          Min: 0.0, Avg: 0.0, Max: 0.1, Diff: 0.1, Sum: 0.1]
         [CLDG Roots (ms):  0.2  0.0  0.0  0.0  0.0  0.0  0.0  0.0
          Min: 0.0, Avg: 0.0, Max: 0.2, Diff: 0.2, Sum: 0.2]
         [JVMTI Roots (ms):  0.0  0.0  0.0  0.0  0.0  0.0  0.0  0.0
          Min: 0.0, Avg: 0.0, Max: 0.0, Diff: 0.0, Sum: 0.0]
         [CodeCache Roots (ms):  0.4  0.1  0.1  0.2  0.1  0.1  0.1  0.1
          Min: 0.1, Avg: 0.2, Max: 0.4, Diff: 0.3, Sum: 1.3]
         [CM RefProcessor Roots (ms):  0.0  0.0  0.0  0.0  0.0  0.0  0.0  0.0
          Min: 0.0, Avg: 0.0, Max: 0.0, Diff: 0.0, Sum: 0.0]
         [Wait For Strong CLD (ms):  0.0  0.0  0.0  0.0  0.0  0.0  0.0  0.0
          Min: 0.0, Avg: 0.0, Max: 0.0, Diff: 0.0, Sum: 0.0]
         [Weak CLD Roots (ms):  0.0  0.0  0.0  0.0  0.0  0.0  0.0  0.0
          Min: 0.0, Avg: 0.0, Max: 0.0, Diff: 0.0, Sum: 0.0]
         [SATB Filtering (ms):  0.0  0.0  0.0  0.0  0.0  0.0  0.0  0.0
          Min: 0.0, Avg: 0.0, Max: 0.0, Diff: 0.0, Sum: 0.0]
      [Update RS (ms):  0.4  0.1  0.1  0.2  0.1  0.1  0.1  0.1
       Min: 0.1, Avg: 0.1, Max: 0.4, Diff: 0.3, Sum: 1.1]
         [Processed Buffers:  1  1  3  1  7  14  1  2
          Min: 1, Avg: 3.8, Max: 14, Diff: 13, Sum: 30]
      [Scan RS (ms):  0.0  0.0  0.0  0.0  0.0  0.0  0.0  0.0
       Min: 0.0, Avg: 0.0, Max: 0.0, Diff: 0.0, Sum: 0.1]
      [Code Root Scanning (ms):  0.0  0.0  0.0  0.0  0.0  0.0  0.0  0.0
       Min: 0.0, Avg: 0.0, Max: 0.0, Diff: 0.0, Sum: 0.0]
      [Object Copy (ms):  3.4  3.7  3.6  3.5  3.6  3.6  3.6  3.6
       Min: 3.4, Avg: 3.6, Max: 3.7, Diff: 0.3, Sum: 28.7]
      [Termination (ms):  0.0  0.0  0.0  0.0  0.0  0.0  0.0  0.0
       Min: 0.0, Avg: 0.0, Max: 0.0, Diff: 0.0, Sum: 0.0]
         [Termination Attempts:  4  1  2  3  2  2  3  4
          Min: 1, Avg: 2.6, Max: 4, Diff: 3, Sum: 21]
      [GC Worker Other (ms):  0.0  0.0  0.0  0.0  0.0  0.0  0.0  0.0
       Min: 0.0, Avg: 0.0, Max: 0.0, Diff: 0.0, Sum: 0.2]
      [GC Worker Total (ms):  4.0  4.0  4.0  4.0  4.0  4.0  4.0  3.8
       Min: 3.8, Avg: 4.0, Max: 4.0, Diff: 0.2, Sum: 31.8]
      [GC Worker End (ms):  18639.3  18639.3  18639.3  18639.3  18639.3  18639.3  18639.3  18639.3
       Min: 18639.3, Avg: 18639.3, Max: 18639.3, Diff: 0.0]
   [Code Root Fixup: 0.0 ms]
   [Code Root Purge: 0.0 ms]
   [Clear CT: 0.1 ms]
   [Other: 0.4 ms]
      [Choose CSet: 0.0 ms]
      [Ref Proc: 0.1 ms]
      [Ref Enq: 0.0 ms]
      [Redirty Cards: 0.1 ms]
         [Parallel Redirty:  0.0  0.0  0.0  0.0  0.0  0.0  0.0  0.0
          Min: 0.0, Avg: 0.0, Max: 0.0, Diff: 0.0, Sum: 0.0]
         [Redirtied Cards:  2369  0  0  0  0  0  0  0
          Min: 0, Avg: 296.1, Max: 2369, Diff: 2369, Sum: 2369]
      [Humongous Register: 0.0 ms]
         [Humongous Total: 0]
         [Humongous Candidate: 0]
      [Humongous Reclaim: 0.0 ms]
         [Humongous Reclaimed: 0]
      [Free CSet: 0.1 ms]
         [Young Free CSet: 0.1 ms]
         [Non-Young Free CSet: 0.0 ms]
   [Eden: 144.0M(144.0M)->0.0B(144.0M) Survivors: 9216.0K->9216.0K Heap: 185.2M(256.0M)->42.3M(256.0M)]
 [Times: user=0.03 sys=0.00, real=0.01 secs] 
18.872: [GC pause (G1 Evacuation Pause) (young), 0.0071655 secs]
   [Parallel Time: 6.5 ms, GC Workers: 8]
      [GC Worker Start (ms):  18871.8  18871.8  18871.8  18871.8  18871.8  18871.8  18872.1  18878.2
       Min: 18871.8, Avg: 18872.6, Max: 18878.2, Diff: 6.4]
      [Ext Root Scanning (ms):  0.3  0.3  0.3  0.2  0.2  0.1  0.0  0.0
       Min: 0.0, Avg: 0.2, Max: 0.3, Diff: 0.3, Sum: 1.5]
         [Thread Roots (ms):  0.0  0.1  0.2  0.1  0.1  0.0  0.0  0.0
          Min: 0.0, Avg: 0.1, Max: 0.2, Diff: 0.2, Sum: 0.5]
         [StringTable Roots (ms):  0.1  0.1  0.1  0.2  0.2  0.4  0.0  0.0
          Min: 0.0, Avg: 0.1, Max: 0.4, Diff: 0.4, Sum: 1.1]
         [Universe Roots (ms):  0.0  0.0  0.0  0.0  0.0  0.0  0.0  0.0
          Min: 0.0, Avg: 0.0, Max: 0.0, Diff: 0.0, Sum: 0.0]
         [JNI Handles Roots (ms):  0.0  0.0  0.0  0.0  0.0  0.0  0.0  0.0
          Min: 0.0, Avg: 0.0, Max: 0.0, Diff: 0.0, Sum: 0.0]
         [ObjectSynchronizer Roots (ms):  0.0  0.0  0.0  0.0  0.0  0.0  0.0  0.0
          Min: 0.0, Avg: 0.0, Max: 0.0, Diff: 0.0, Sum: 0.0]
         [FlatProfiler Roots (ms):  0.0  0.0  0.0  0.0  0.0  0.0  0.0  0.0
          Min: 0.0, Avg: 0.0, Max: 0.0, Diff: 0.0, Sum: 0.0]
         [Management Roots (ms):  0.0  0.0  0.0  0.0  0.0  0.0  0.0  0.0
          Min: 0.0, Avg: 0.0, Max: 0.0, Diff: 0.0, Sum: 0.0]
         [SystemDictionary Roots (ms):  0.0  0.1  0.0  0.0  0.0  0.0  0.0  0.0
          Min: 0.0, Avg: 0.0, Max: 0.1, Diff: 0.1, Sum: 0.1]
         [CLDG Roots (ms):  0.2  0.0  0.0  0.0  0.0  0.0  0.0  0.0
          Min: 0.0, Avg: 0.0, Max: 0.2, Diff: 0.2, Sum: 0.2]
         [JVMTI Roots (ms):  0.0  0.0  0.0  0.0  0.0  0.0  0.0  0.0
          Min: 0.0, Avg: 0.0, Max: 0.0, Diff: 0.0, Sum: 0.0]
         [CodeCache Roots (ms):  1.3  1.2  1.4  1.8  1.2  0.9  1.2  0.0
          Min: 0.0, Avg: 1.1, Max: 1.8, Diff: 1.8, Sum: 9.1]
         [CM RefProcessor Roots (ms):  0.0  0.0  0.0  0.0  0.0  0.0  0.0  0.0
          Min: 0.0, Avg: 0.0, Max: 0.0, Diff: 0.0, Sum: 0.0]
         [Wait For Strong CLD (ms):  0.0  0.0  0.0  0.0  0.0  0.0  0.0  0.0
          Min: 0.0, Avg: 0.0, Max: 0.0, Diff: 0.0, Sum: 0.0]
         [Weak CLD Roots (ms):  0.0  0.0  0.0  0.0  0.0  0.0  0.0  0.0
          Min: 0.0, Avg: 0.0, Max: 0.0, Diff: 0.0, Sum: 0.0]
         [SATB Filtering (ms):  0.0  0.0  0.0  0.0  0.0  0.0  0.0  0.0
          Min: 0.0, Avg: 0.0, Max: 0.0, Diff: 0.0, Sum: 0.0]
      [Update RS (ms):  1.3  1.1  1.4  1.8  1.1  0.9  1.2  0.0
       Min: 0.0, Avg: 1.1, Max: 1.8, Diff: 1.8, Sum: 9.0]
         [Processed Buffers:  2  15  2  2  10  4  2  0
          Min: 0, Avg: 4.6, Max: 15, Diff: 15, Sum: 37]
      [Scan RS (ms):  0.0  0.0  0.0  0.0  0.0  0.0  0.0  0.0
       Min: 0.0, Avg: 0.0, Max: 0.0, Diff: 0.0, Sum: 0.1]
      [Code Root Scanning (ms):  0.0  0.0  0.0  0.0  0.0  0.0  0.0  0.0
       Min: 0.0, Avg: 0.0, Max: 0.0, Diff: 0.0, Sum: 0.0]
      [Object Copy (ms):  4.7  4.9  4.7  4.2  4.9  5.2  4.7  0.0
       Min: 0.0, Avg: 4.2, Max: 5.2, Diff: 5.2, Sum: 33.3]
      [Termination (ms):  0.1  0.1  0.0  0.1  0.1  0.1  0.1  0.0
       Min: 0.0, Avg: 0.1, Max: 0.1, Diff: 0.1, Sum: 0.8]
         [Termination Attempts:  3  3  4  1  2  7  3  1
          Min: 1, Avg: 3.0, Max: 7, Diff: 6, Sum: 24]
      [GC Worker Other (ms):  0.0  0.0  0.0  0.0  0.0  0.0  0.0  0.0
       Min: 0.0, Avg: 0.0, Max: 0.0, Diff: 0.0, Sum: 0.1]
      [GC Worker Total (ms):  6.5  6.4  6.4  6.4  6.4  6.4  6.1  0.0
       Min: 0.0, Avg: 5.6, Max: 6.5, Diff: 6.4, Sum: 44.7]
      [GC Worker End (ms):  18878.2  18878.2  18878.2  18878.2  18878.2  18878.2  18878.2  18878.2
       Min: 18878.2, Avg: 18878.2, Max: 18878.2, Diff: 0.0]
   [Code Root Fixup: 0.0 ms]
   [Code Root Purge: 0.0 ms]
   [Clear CT: 0.2 ms]
   [Other: 0.4 ms]
      [Choose CSet: 0.0 ms]
      [Ref Proc: 0.2 ms]
      [Ref Enq: 0.0 ms]
      [Redirty Cards: 0.1 ms]
         [Parallel Redirty:  0.0  0.0  0.0  0.0  0.0  0.0  0.0  0.0
          Min: 0.0, Avg: 0.0, Max: 0.0, Diff: 0.0, Sum: 0.0]
         [Redirtied Cards:  849  0  0  0  0  0  0  0
          Min: 0, Avg: 106.1, Max: 849, Diff: 849, Sum: 849]
      [Humongous Register: 0.0 ms]
         [Humongous Total: 0]
         [Humongous Candidate: 0]
      [Humongous Reclaim: 0.0 ms]
         [Humongous Reclaimed: 0]
      [Free CSet: 0.1 ms]
         [Young Free CSet: 0.1 ms]
         [Non-Young Free CSet: 0.0 ms]
   [Eden: 144.0M(144.0M)->0.0B(146.0M) Survivors: 9216.0K->7168.0K Heap: 186.3M(256.0M)->40.9M(256.0M)]
 [Times: user=0.05 sys=0.01, real=0.01 secs] 
19.117: [GC pause (G1 Evacuation Pause) (young), 0.0054726 secs]
   [Parallel Time: 5.0 ms, GC Workers: 8]
      [GC Worker Start (ms):  19117.3  19117.3  19117.3  19117.3  19117.3  19117.3  19117.3  19117.3
       Min: 19117.3, Avg: 19117.3, Max: 19117.3, Diff: 0.1]
      [Ext Root Scanning (ms):  0.3  0.2  4.9  0.2  0.2  0.2  0.2  0.2
       Min: 0.2, Avg: 0.8, Max: 4.9, Diff: 4.7, Sum: 6.3]
         [Thread Roots (ms):  0.0  0.1  4.9  0.1  0.1  0.0  0.0  0.0
          Min: 0.0, Avg: 0.7, Max: 4.9, Diff: 4.9, Sum: 5.3]
         [StringTable Roots (ms):  0.1  1.7  0.0  0.2  0.1  0.1  0.2  0.1
          Min: 0.0, Avg: 0.3, Max: 1.7, Diff: 1.7, Sum: 2.4]
         [Universe Roots (ms):  0.0  0.0  0.0  0.0  0.0  0.0  0.0  0.0
          Min: 0.0, Avg: 0.0, Max: 0.0, Diff: 0.0, Sum: 0.0]
         [JNI Handles Roots (ms):  0.0  0.0  0.0  0.0  0.0  0.0  0.0  0.0
          Min: 0.0, Avg: 0.0, Max: 0.0, Diff: 0.0, Sum: 0.0]
         [ObjectSynchronizer Roots (ms):  0.0  0.0  0.0  0.0  0.0  0.0  0.0  0.0
          Min: 0.0, Avg: 0.0, Max: 0.0, Diff: 0.0, Sum: 0.0]
         [FlatProfiler Roots (ms):  0.0  0.0  0.0  0.0  0.0  0.0  0.0  0.0
          Min: 0.0, Avg: 0.0, Max: 0.0, Diff: 0.0, Sum: 0.0]
         [Management Roots (ms):  0.0  0.0  0.0  0.0  0.0  0.0  0.0  0.0
          Min: 0.0, Avg: 0.0, Max: 0.0, Diff: 0.0, Sum: 0.0]
         [SystemDictionary Roots (ms):  0.0  0.0  0.0  0.0  0.0  0.1  0.0  0.0
          Min: 0.0, Avg: 0.0, Max: 0.1, Diff: 0.1, Sum: 0.1]
         [CLDG Roots (ms):  0.2  0.0  0.0  0.0  0.0  0.0  0.0  0.0
          Min: 0.0, Avg: 0.0, Max: 0.2, Diff: 0.2, Sum: 0.2]
         [JVMTI Roots (ms):  0.0  0.0  0.0  0.0  0.0  0.0  0.0  0.0
          Min: 0.0, Avg: 0.0, Max: 0.0, Diff: 0.0, Sum: 0.0]
         [CodeCache Roots (ms):  0.6  0.0  0.0  0.6  0.6  0.7  0.6  0.8
          Min: 0.0, Avg: 0.5, Max: 0.8, Diff: 0.8, Sum: 4.0]
         [CM RefProcessor Roots (ms):  0.0  0.0  0.0  0.0  0.0  0.0  0.0  0.0
          Min: 0.0, Avg: 0.0, Max: 0.0, Diff: 0.0, Sum: 0.0]
         [Wait For Strong CLD (ms):  0.0  0.0  0.0  0.0  0.0  0.0  0.0  0.0
          Min: 0.0, Avg: 0.0, Max: 0.0, Diff: 0.0, Sum: 0.0]
         [Weak CLD Roots (ms):  0.0  0.0  0.0  0.0  0.0  0.0  0.0  0.0
          Min: 0.0, Avg: 0.0, Max: 0.0, Diff: 0.0, Sum: 0.0]
         [SATB Filtering (ms):  0.0  0.0  0.0  0.0  0.0  0.0  0.0  0.0
          Min: 0.0, Avg: 0.0, Max: 0.0, Diff: 0.0, Sum: 0.0]
      [Update RS (ms):  0.6  0.0  0.0  0.6  0.6  0.7  0.6  0.8
       Min: 0.0, Avg: 0.5, Max: 0.8, Diff: 0.8, Sum: 3.8]
         [Processed Buffers:  11  0  0  1  5  1  11  1
          Min: 0, Avg: 3.8, Max: 11, Diff: 11, Sum: 30]
      [Scan RS (ms):  0.0  0.0  0.0  0.0  0.0  0.0  0.0  0.0
       Min: 0.0, Avg: 0.0, Max: 0.0, Diff: 0.0, Sum: 0.1]
      [Code Root Scanning (ms):  0.0  0.0  0.0  0.0  0.0  0.0  0.0  0.0
       Min: 0.0, Avg: 0.0, Max: 0.0, Diff: 0.0, Sum: 0.0]
      [Object Copy (ms):  3.9  4.6  0.0  3.9  3.9  3.8  3.9  3.8
       Min: 0.0, Avg: 3.5, Max: 4.6, Diff: 4.6, Sum: 27.9]
      [Termination (ms):  0.1  0.1  0.0  0.1  0.1  0.1  0.1  0.1
       Min: 0.0, Avg: 0.1, Max: 0.1, Diff: 0.1, Sum: 0.8]
         [Termination Attempts:  1  2  1  1  1  1  1  1
          Min: 1, Avg: 1.1, Max: 2, Diff: 1, Sum: 9]
      [GC Worker Other (ms):  0.0  0.0  0.0  0.0  0.0  0.0  0.0  0.0
       Min: 0.0, Avg: 0.0, Max: 0.0, Diff: 0.0, Sum: 0.1]
      [GC Worker Total (ms):  4.9  4.9  4.9  4.9  4.9  4.9  4.9  4.9
       Min: 4.9, Avg: 4.9, Max: 4.9, Diff: 0.1, Sum: 39.1]
      [GC Worker End (ms):  19122.2  19122.2  19122.2  19122.2  19122.2  19122.2  19122.2  19122.2
       Min: 19122.2, Avg: 19122.2, Max: 19122.2, Diff: 0.0]
   [Code Root Fixup: 0.0 ms]
   [Code Root Purge: 0.0 ms]
   [Clear CT: 0.1 ms]
   [Other: 0.4 ms]
      [Choose CSet: 0.0 ms]
      [Ref Proc: 0.2 ms]
      [Ref Enq: 0.0 ms]
      [Redirty Cards: 0.1 ms]
         [Parallel Redirty:  0.0  0.0  0.0  0.0  0.0  0.0  0.0  0.0
          Min: 0.0, Avg: 0.0, Max: 0.0, Diff: 0.0, Sum: 0.0]
         [Redirtied Cards:  754  0  0  0  0  0  0  0
          Min: 0, Avg: 94.2, Max: 754, Diff: 754, Sum: 754]
      [Humongous Register: 0.0 ms]
         [Humongous Total: 0]
         [Humongous Candidate: 0]
      [Humongous Reclaim: 0.0 ms]
         [Humongous Reclaimed: 0]
      [Free CSet: 0.1 ms]
         [Young Free CSet: 0.1 ms]
         [Non-Young Free CSet: 0.0 ms]
   [Eden: 146.0M(146.0M)->0.0B(146.0M) Survivors: 7168.0K->7168.0K Heap: 186.9M(256.0M)->41.9M(256.0M)]
 [Times: user=0.03 sys=0.00, real=0.01 secs] 
19.340: [GC pause (G1 Evacuation Pause) (young), 0.0046443 secs]
   [Parallel Time: 4.1 ms, GC Workers: 8]
      [GC Worker Start (ms):  19339.6  19339.6  19339.6  19339.6  19339.6  19339.7  19339.7  19339.7
       Min: 19339.6, Avg: 19339.6, Max: 19339.7, Diff: 0.1]
      [Ext Root Scanning (ms):  0.2  0.2  0.2  0.2  0.2  0.2  0.2  0.2
       Min: 0.2, Avg: 0.2, Max: 0.2, Diff: 0.1, Sum: 1.5]
         [Thread Roots (ms):  0.0  0.1  0.1  0.0  0.0  0.1  0.0  0.0
          Min: 0.0, Avg: 0.0, Max: 0.1, Diff: 0.1, Sum: 0.3]
         [StringTable Roots (ms):  0.0  0.2  0.2  0.1  0.2  0.1  0.2  0.2
          Min: 0.0, Avg: 0.1, Max: 0.2, Diff: 0.2, Sum: 1.0]
         [Universe Roots (ms):  0.0  0.0  0.0  0.0  0.0  0.0  0.0  0.0
          Min: 0.0, Avg: 0.0, Max: 0.0, Diff: 0.0, Sum: 0.0]
         [JNI Handles Roots (ms):  0.0  0.0  0.0  0.0  0.0  0.0  0.0  0.0
          Min: 0.0, Avg: 0.0, Max: 0.0, Diff: 0.0, Sum: 0.0]
         [ObjectSynchronizer Roots (ms):  0.0  0.0  0.0  0.0  0.0  0.0  0.0  0.0
          Min: 0.0, Avg: 0.0, Max: 0.0, Diff: 0.0, Sum: 0.0]
         [FlatProfiler Roots (ms):  0.0  0.0  0.0  0.0  0.0  0.0  0.0  0.0
          Min: 0.0, Avg: 0.0, Max: 0.0, Diff: 0.0, Sum: 0.0]
         [Management Roots (ms):  0.0  0.0  0.0  0.0  0.0  0.0  0.0  0.0
          Min: 0.0, Avg: 0.0, Max: 0.0, Diff: 0.0, Sum: 0.0]
         [SystemDictionary Roots (ms):  0.0  0.0  0.0  0.1  0.0  0.0  0.0  0.0
          Min: 0.0, Avg: 0.0, Max: 0.1, Diff: 0.1, Sum: 0.1]
         [CLDG Roots (ms):  0.2  0.0  0.0  0.0  0.0  0.0  0.0  0.0
          Min: 0.0, Avg: 0.0, Max: 0.2, Diff: 0.2, Sum: 0.2]
         [JVMTI Roots (ms):  0.0  0.0  0.0  0.0  0.0  0.0  0.0  0.0
          Min: 0.0, Avg: 0.0, Max: 0.0, Diff: 0.0, Sum: 0.0]
         [CodeCache Roots (ms):  0.5  0.4  0.6  0.4  0.5  0.4  0.5  0.5
          Min: 0.4, Avg: 0.5, Max: 0.6, Diff: 0.2, Sum: 3.9]
         [CM RefProcessor Roots (ms):  0.0  0.0  0.0  0.0  0.0  0.0  0.0  0.0
          Min: 0.0, Avg: 0.0, Max: 0.0, Diff: 0.0, Sum: 0.0]
         [Wait For Strong CLD (ms):  0.0  0.0  0.0  0.0  0.0  0.0  0.0  0.0
          Min: 0.0, Avg: 0.0, Max: 0.0, Diff: 0.0, Sum: 0.0]
         [Weak CLD Roots (ms):  0.0  0.0  0.0  0.0  0.0  0.0  0.0  0.0
          Min: 0.0, Avg: 0.0, Max: 0.0, Diff: 0.0, Sum: 0.0]
         [SATB Filtering (ms):  0.0  0.0  0.0  0.0  0.0  0.0  0.0  0.0
          Min: 0.0, Avg: 0.0, Max: 0.0, Diff: 0.0, Sum: 0.0]
      [Update RS (ms):  0.5  0.4  0.6  0.3  0.5  0.4  0.5  0.4
       Min: 0.3, Avg: 0.5, Max: 0.6, Diff: 0.3, Sum: 3.8]
         [Processed Buffers:  1  1  1  25  1  1  1  1
          Min: 1, Avg: 4.0, Max: 25, Diff: 24, Sum: 32]
      [Scan RS (ms):  0.0  0.0  0.0  0.1  0.0  0.0  0.0  0.0
       Min: 0.0, Avg: 0.0, Max: 0.1, Diff: 0.1, Sum: 0.1]
      [Code Root Scanning (ms):  0.0  0.0  0.0  0.0  0.0  0.0  0.0  0.0
       Min: 0.0, Avg: 0.0, Max: 0.0, Diff: 0.0, Sum: 0.0]
      [Object Copy (ms):  3.2  3.3  3.2  3.3  3.3  3.3  3.2  3.3
       Min: 3.2, Avg: 3.3, Max: 3.3, Diff: 0.1, Sum: 26.2]
      [Termination (ms):  0.1  0.1  0.0  0.1  0.1  0.1  0.1  0.1
       Min: 0.0, Avg: 0.1, Max: 0.1, Diff: 0.1, Sum: 0.7]
         [Termination Attempts:  3  2  1  2  1  3  2  4
          Min: 1, Avg: 2.2, Max: 4, Diff: 3, Sum: 18]
      [GC Worker Other (ms):  0.0  0.0  0.0  0.0  0.0  0.0  0.0  0.0
       Min: 0.0, Avg: 0.0, Max: 0.0, Diff: 0.0, Sum: 0.1]
      [GC Worker Total (ms):  4.1  4.1  4.1  4.0  4.0  4.0  4.0  4.0
       Min: 4.0, Avg: 4.1, Max: 4.1, Diff: 0.0, Sum: 32.4]
      [GC Worker End (ms):  19343.7  19343.7  19343.7  19343.7  19343.7  19343.7  19343.7  19343.7
       Min: 19343.7, Avg: 19343.7, Max: 19343.7, Diff: 0.0]
   [Code Root Fixup: 0.0 ms]
   [Code Root Purge: 0.0 ms]
   [Clear CT: 0.1 ms]
   [Other: 0.4 ms]
      [Choose CSet: 0.0 ms]
      [Ref Proc: 0.1 ms]
      [Ref Enq: 0.0 ms]
      [Redirty Cards: 0.1 ms]
         [Parallel Redirty:  0.0  0.0  0.0  0.0  0.0  0.0  0.0  0.0
          Min: 0.0, Avg: 0.0, Max: 0.0, Diff: 0.0, Sum: 0.0]
         [Redirtied Cards:  776  0  0  0  0  0  0  0
          Min: 0, Avg: 97.0, Max: 776, Diff: 776, Sum: 776]
      [Humongous Register: 0.0 ms]
         [Humongous Total: 0]
         [Humongous Candidate: 0]
      [Humongous Reclaim: 0.0 ms]
         [Humongous Reclaimed: 0]
      [Free CSet: 0.1 ms]
         [Young Free CSet: 0.1 ms]
         [Non-Young Free CSet: 0.0 ms]
   [Eden: 146.0M(146.0M)->0.0B(144.0M) Survivors: 7168.0K->9216.0K Heap: 187.9M(256.0M)->43.9M(256.0M)]
 [Times: user=0.03 sys=0.00, real=0.00 secs] 
19.553: [GC pause (G1 Evacuation Pause) (young), 0.0045918 secs]
   [Parallel Time: 3.9 ms, GC Workers: 8]
      [GC Worker Start (ms):  19552.6  19552.6  19552.7  19552.7  19552.7  19552.7  19552.7  19552.7
       Min: 19552.6, Avg: 19552.7, Max: 19552.7, Diff: 0.1]
      [Ext Root Scanning (ms):  0.3  0.2  0.2  0.2  0.2  0.2  0.2  0.2
       Min: 0.2, Avg: 0.2, Max: 0.3, Diff: 0.1, Sum: 1.7]
         [Thread Roots (ms):  0.0  0.1  0.1  0.1  0.0  0.0  0.1  0.0
          Min: 0.0, Avg: 0.1, Max: 0.1, Diff: 0.1, Sum: 0.5]
         [StringTable Roots (ms):  0.0  0.1  0.1  0.2  0.2  0.2  0.1  0.1
          Min: 0.0, Avg: 0.1, Max: 0.2, Diff: 0.1, Sum: 1.0]
         [Universe Roots (ms):  0.0  0.0  0.0  0.0  0.0  0.0  0.0  0.0
          Min: 0.0, Avg: 0.0, Max: 0.0, Diff: 0.0, Sum: 0.0]
         [JNI Handles Roots (ms):  0.0  0.0  0.0  0.0  0.0  0.0  0.0  0.0
          Min: 0.0, Avg: 0.0, Max: 0.0, Diff: 0.0, Sum: 0.0]
         [ObjectSynchronizer Roots (ms):  0.0  0.0  0.0  0.0  0.0  0.0  0.0  0.0
          Min: 0.0, Avg: 0.0, Max: 0.0, Diff: 0.0, Sum: 0.0]
         [FlatProfiler Roots (ms):  0.0  0.0  0.0  0.0  0.0  0.0  0.0  0.0
          Min: 0.0, Avg: 0.0, Max: 0.0, Diff: 0.0, Sum: 0.0]
         [Management Roots (ms):  0.0  0.0  0.0  0.0  0.0  0.0  0.0  0.0
          Min: 0.0, Avg: 0.0, Max: 0.0, Diff: 0.0, Sum: 0.0]
         [SystemDictionary Roots (ms):  0.0  0.0  0.0  0.0  0.0  0.0  0.0  0.1
          Min: 0.0, Avg: 0.0, Max: 0.1, Diff: 0.1, Sum: 0.1]
         [CLDG Roots (ms):  0.2  0.0  0.0  0.0  0.0  0.0  0.0  0.0
          Min: 0.0, Avg: 0.0, Max: 0.2, Diff: 0.2, Sum: 0.2]
         [JVMTI Roots (ms):  0.0  0.0  0.0  0.0  0.0  0.0  0.0  0.0
          Min: 0.0, Avg: 0.0, Max: 0.0, Diff: 0.0, Sum: 0.0]
         [CodeCache Roots (ms):  0.5  0.5  0.5  0.8  0.5  0.5  0.5  0.5
          Min: 0.5, Avg: 0.5, Max: 0.8, Diff: 0.3, Sum: 4.1]
         [CM RefProcessor Roots (ms):  0.0  0.0  0.0  0.0  0.0  0.0  0.0  0.0
          Min: 0.0, Avg: 0.0, Max: 0.0, Diff: 0.0, Sum: 0.0]
         [Wait For Strong CLD (ms):  0.0  0.0  0.0  0.0  0.0  0.0  0.0  0.0
          Min: 0.0, Avg: 0.0, Max: 0.0, Diff: 0.0, Sum: 0.0]
         [Weak CLD Roots (ms):  0.0  0.0  0.0  0.0  0.0  0.0  0.0  0.0
          Min: 0.0, Avg: 0.0, Max: 0.0, Diff: 0.0, Sum: 0.0]
         [SATB Filtering (ms):  0.0  0.0  0.0  0.0  0.0  0.0  0.0  0.0
          Min: 0.0, Avg: 0.0, Max: 0.0, Diff: 0.0, Sum: 0.0]
      [Update RS (ms):  0.5  0.4  0.5  0.8  0.5  0.4  0.5  0.4
       Min: 0.4, Avg: 0.5, Max: 0.8, Diff: 0.3, Sum: 3.9]
         [Processed Buffers:  1  4  1  1  9  5  2  9
          Min: 1, Avg: 4.0, Max: 9, Diff: 8, Sum: 32]
      [Scan RS (ms):  0.0  0.0  0.0  0.0  0.0  0.0  0.0  0.0
       Min: 0.0, Avg: 0.0, Max: 0.0, Diff: 0.0, Sum: 0.1]
      [Code Root Scanning (ms):  0.0  0.0  0.0  0.0  0.0  0.0  0.0  0.0
       Min: 0.0, Avg: 0.0, Max: 0.0, Diff: 0.0, Sum: 0.0]
      [Object Copy (ms):  3.1  3.1  3.1  2.8  3.1  3.1  3.1  3.1
       Min: 2.8, Avg: 3.1, Max: 3.1, Diff: 0.3, Sum: 24.5]
      [Termination (ms):  0.0  0.0  0.0  0.0  0.0  0.0  0.0  0.0
       Min: 0.0, Avg: 0.0, Max: 0.0, Diff: 0.0, Sum: 0.0]
         [Termination Attempts:  1  1  1  1  1  1  1  1
          Min: 1, Avg: 1.0, Max: 1, Diff: 0, Sum: 8]
      [GC Worker Other (ms):  0.1  0.0  0.0  0.1  0.0  0.0  0.0  0.0
       Min: 0.0, Avg: 0.0, Max: 0.1, Diff: 0.1, Sum: 0.3]
      [GC Worker Total (ms):  3.9  3.8  3.8  3.9  3.8  3.8  3.8  3.8
       Min: 3.8, Avg: 3.8, Max: 3.9, Diff: 0.1, Sum: 30.6]
      [GC Worker End (ms):  19556.5  19556.5  19556.5  19556.5  19556.5  19556.5  19556.5  19556.5
       Min: 19556.5, Avg: 19556.5, Max: 19556.5, Diff: 0.1]
   [Code Root Fixup: 0.1 ms]
   [Code Root Purge: 0.0 ms]
   [Clear CT: 0.1 ms]
   [Other: 0.5 ms]
      [Choose CSet: 0.0 ms]
      [Ref Proc: 0.2 ms]
      [Ref Enq: 0.0 ms]
      [Redirty Cards: 0.1 ms]
         [Parallel Redirty:  0.0  0.0  0.0  0.0  0.0  0.0  0.0  0.0
          Min: 0.0, Avg: 0.0, Max: 0.0, Diff: 0.0, Sum: 0.0]
         [Redirtied Cards:  764  0  0  0  0  0  0  0
          Min: 0, Avg: 95.5, Max: 764, Diff: 764, Sum: 764]
      [Humongous Register: 0.0 ms]
         [Humongous Total: 0]
         [Humongous Candidate: 0]
      [Humongous Reclaim: 0.0 ms]
         [Humongous Reclaimed: 0]
      [Free CSet: 0.1 ms]
         [Young Free CSet: 0.1 ms]
         [Non-Young Free CSet: 0.0 ms]
   [Eden: 144.0M(144.0M)->0.0B(144.0M) Survivors: 9216.0K->9216.0K Heap: 187.9M(256.0M)->44.9M(256.0M)]
 [Times: user=0.03 sys=0.00, real=0.01 secs] 
19.764: [GC pause (G1 Evacuation Pause) (young), 0.0050672 secs]
   [Parallel Time: 4.5 ms, GC Workers: 8]
      [GC Worker Start (ms):  19764.5  19764.5  19764.5  19764.6  19764.6  19764.6  19764.6  19764.6
       Min: 19764.5, Avg: 19764.6, Max: 19764.6, Diff: 0.1]
      [Ext Root Scanning (ms):  0.2  0.2  0.2  0.2  0.2  0.2  0.2  0.2
       Min: 0.2, Avg: 0.2, Max: 0.2, Diff: 0.1, Sum: 1.6]
         [Thread Roots (ms):  0.0  0.1  0.1  0.1  0.0  0.0  0.0  0.0
          Min: 0.0, Avg: 0.0, Max: 0.1, Diff: 0.1, Sum: 0.4]
         [StringTable Roots (ms):  0.0  0.1  0.1  0.2  0.2  0.2  0.2  0.1
          Min: 0.0, Avg: 0.1, Max: 0.2, Diff: 0.2, Sum: 1.0]
         [Universe Roots (ms):  0.0  0.0  0.0  0.0  0.0  0.0  0.0  0.0
          Min: 0.0, Avg: 0.0, Max: 0.0, Diff: 0.0, Sum: 0.0]
         [JNI Handles Roots (ms):  0.0  0.0  0.0  0.0  0.0  0.0  0.0  0.0
          Min: 0.0, Avg: 0.0, Max: 0.0, Diff: 0.0, Sum: 0.0]
         [ObjectSynchronizer Roots (ms):  0.0  0.0  0.0  0.0  0.0  0.0  0.0  0.0
          Min: 0.0, Avg: 0.0, Max: 0.0, Diff: 0.0, Sum: 0.0]
         [FlatProfiler Roots (ms):  0.0  0.0  0.0  0.0  0.0  0.0  0.0  0.0
          Min: 0.0, Avg: 0.0, Max: 0.0, Diff: 0.0, Sum: 0.0]
         [Management Roots (ms):  0.0  0.0  0.0  0.0  0.0  0.0  0.0  0.0
          Min: 0.0, Avg: 0.0, Max: 0.0, Diff: 0.0, Sum: 0.0]
         [SystemDictionary Roots (ms):  0.0  0.0  0.1  0.0  0.0  0.0  0.0  0.0
          Min: 0.0, Avg: 0.0, Max: 0.1, Diff: 0.1, Sum: 0.1]
         [CLDG Roots (ms):  0.2  0.0  0.0  0.0  0.0  0.0  0.0  0.0
          Min: 0.0, Avg: 0.0, Max: 0.2, Diff: 0.2, Sum: 0.2]
         [JVMTI Roots (ms):  0.0  0.0  0.0  0.0  0.0  0.0  0.0  0.0
          Min: 0.0, Avg: 0.0, Max: 0.0, Diff: 0.0, Sum: 0.0]
         [CodeCache Roots (ms):  0.5  0.7  0.5  0.5  0.5  0.5  0.0  0.5
          Min: 0.0, Avg: 0.5, Max: 0.7, Diff: 0.7, Sum: 3.8]
         [CM RefProcessor Roots (ms):  0.0  0.0  0.0  0.0  0.0  0.0  0.0  0.0
          Min: 0.0, Avg: 0.0, Max: 0.0, Diff: 0.0, Sum: 0.0]
         [Wait For Strong CLD (ms):  0.0  0.0  0.0  0.0  0.0  0.0  0.0  0.0
          Min: 0.0, Avg: 0.0, Max: 0.0, Diff: 0.0, Sum: 0.0]
         [Weak CLD Roots (ms):  0.0  0.0  0.0  0.0  0.0  0.0  0.0  0.0
          Min: 0.0, Avg: 0.0, Max: 0.0, Diff: 0.0, Sum: 0.0]
         [SATB Filtering (ms):  0.0  0.0  0.0  0.0  0.0  0.0  0.0  0.0
          Min: 0.0, Avg: 0.0, Max: 0.0, Diff: 0.0, Sum: 0.0]
      [Update RS (ms):  0.5  0.7  0.5  0.5  0.5  0.5  0.0  0.5
       Min: 0.0, Avg: 0.5, Max: 0.7, Diff: 0.7, Sum: 3.6]
         [Processed Buffers:  9  2  2  5  6  1  0  3
          Min: 0, Avg: 3.5, Max: 9, Diff: 9, Sum: 28]
      [Scan RS (ms):  0.0  0.0  0.0  0.0  0.0  0.0  0.0  0.0
       Min: 0.0, Avg: 0.0, Max: 0.0, Diff: 0.0, Sum: 0.1]
      [Code Root Scanning (ms):  0.0  0.0  0.0  0.0  0.0  0.0  0.0  0.0
       Min: 0.0, Avg: 0.0, Max: 0.0, Diff: 0.0, Sum: 0.0]
      [Object Copy (ms):  3.6  3.5  3.7  3.7  3.7  3.6  4.2  3.7
       Min: 3.5, Avg: 3.7, Max: 4.2, Diff: 0.7, Sum: 29.6]
      [Termination (ms):  0.0  0.0  0.0  0.0  0.0  0.0  0.0  0.0
       Min: 0.0, Avg: 0.0, Max: 0.0, Diff: 0.0, Sum: 0.0]
         [Termination Attempts:  8  1  11  3  14  9  5  9
          Min: 1, Avg: 7.5, Max: 14, Diff: 13, Sum: 60]
      [GC Worker Other (ms):  0.0  0.0  0.0  0.1  0.0  0.0  0.0  0.1
       Min: 0.0, Avg: 0.0, Max: 0.1, Diff: 0.1, Sum: 0.3]
      [GC Worker Total (ms):  4.4  4.4  4.4  4.4  4.4  4.4  4.4  4.4
       Min: 4.4, Avg: 4.4, Max: 4.4, Diff: 0.1, Sum: 35.3]
      [GC Worker End (ms):  19769.0  19769.0  19769.0  19769.0  19769.0  19769.0  19769.0  19769.0
       Min: 19769.0, Avg: 19769.0, Max: 19769.0, Diff: 0.1]
   [Code Root Fixup: 0.0 ms]
   [Code Root Purge: 0.0 ms]
   [Clear CT: 0.1 ms]
   [Other: 0.4 ms]
      [Choose CSet: 0.0 ms]
      [Ref Proc: 0.1 ms]
      [Ref Enq: 0.0 ms]
      [Redirty Cards: 0.1 ms]
         [Parallel Redirty:  0.0  0.0  0.0  0.0  0.0  0.0  0.0  0.0
          Min: 0.0, Avg: 0.0, Max: 0.0, Diff: 0.0, Sum: 0.0]
         [Redirtied Cards:  771  0  0  0  0  0  0  0
          Min: 0, Avg: 96.4, Max: 771, Diff: 771, Sum: 771]
      [Humongous Register: 0.0 ms]
         [Humongous Total: 0]
         [Humongous Candidate: 0]
      [Humongous Reclaim: 0.0 ms]
         [Humongous Reclaimed: 0]
      [Free CSet: 0.1 ms]
         [Young Free CSet: 0.1 ms]
         [Non-Young Free CSet: 0.0 ms]
   [Eden: 144.0M(144.0M)->0.0B(144.0M) Survivors: 9216.0K->9216.0K Heap: 188.9M(256.0M)->44.9M(256.0M)]
 [Times: user=0.03 sys=0.00, real=0.01 secs] 
20.016: [GC pause (G1 Evacuation Pause) (young), 0.0046158 secs]
   [Parallel Time: 4.1 ms, GC Workers: 8]
      [GC Worker Start (ms):  20015.6  20015.6  20015.6  20015.6  20015.6  20015.6  20015.6  20015.6
       Min: 20015.6, Avg: 20015.6, Max: 20015.6, Diff: 0.1]
      [Ext Root Scanning (ms):  0.3  0.2  0.2  0.3  0.2  0.2  0.2  0.2
       Min: 0.2, Avg: 0.2, Max: 0.3, Diff: 0.1, Sum: 1.8]
         [Thread Roots (ms):  0.0  0.1  0.1  0.2  0.0  0.0  0.1  0.1
          Min: 0.0, Avg: 0.1, Max: 0.2, Diff: 0.2, Sum: 0.6]
         [StringTable Roots (ms):  0.0  0.2  0.2  0.0  0.2  0.1  0.1  0.1
          Min: 0.0, Avg: 0.1, Max: 0.2, Diff: 0.2, Sum: 0.9]
         [Universe Roots (ms):  0.0  0.0  0.0  0.0  0.0  0.0  0.0  0.0
          Min: 0.0, Avg: 0.0, Max: 0.0, Diff: 0.0, Sum: 0.0]
         [JNI Handles Roots (ms):  0.0  0.0  0.0  0.0  0.0  0.0  0.0  0.0
          Min: 0.0, Avg: 0.0, Max: 0.0, Diff: 0.0, Sum: 0.0]
         [ObjectSynchronizer Roots (ms):  0.0  0.0  0.0  0.0  0.0  0.0  0.0  0.0
          Min: 0.0, Avg: 0.0, Max: 0.0, Diff: 0.0, Sum: 0.0]
         [FlatProfiler Roots (ms):  0.0  0.0  0.0  0.0  0.0  0.0  0.0  0.0
          Min: 0.0, Avg: 0.0, Max: 0.0, Diff: 0.0, Sum: 0.0]
         [Management Roots (ms):  0.0  0.0  0.0  0.0  0.0  0.0  0.0  0.0
          Min: 0.0, Avg: 0.0, Max: 0.0, Diff: 0.0, Sum: 0.0]
         [SystemDictionary Roots (ms):  0.0  0.0  0.0  0.0  0.0  0.1  0.0  0.0
          Min: 0.0, Avg: 0.0, Max: 0.1, Diff: 0.1, Sum: 0.1]
         [CLDG Roots (ms):  0.2  0.0  0.0  0.0  0.0  0.0  0.0  0.0
          Min: 0.0, Avg: 0.0, Max: 0.2, Diff: 0.2, Sum: 0.2]
         [JVMTI Roots (ms):  0.0  0.0  0.0  0.0  0.0  0.0  0.0  0.0
          Min: 0.0, Avg: 0.0, Max: 0.0, Diff: 0.0, Sum: 0.0]
         [CodeCache Roots (ms):  0.5  0.4  0.5  0.8  0.5  0.5  0.5  0.5
          Min: 0.4, Avg: 0.5, Max: 0.8, Diff: 0.4, Sum: 4.2]
         [CM RefProcessor Roots (ms):  0.0  0.0  0.0  0.0  0.0  0.0  0.0  0.0
          Min: 0.0, Avg: 0.0, Max: 0.0, Diff: 0.0, Sum: 0.0]
         [Wait For Strong CLD (ms):  0.0  0.0  0.0  0.0  0.0  0.0  0.0  0.0
          Min: 0.0, Avg: 0.0, Max: 0.0, Diff: 0.0, Sum: 0.0]
         [Weak CLD Roots (ms):  0.0  0.0  0.0  0.0  0.0  0.0  0.0  0.0
          Min: 0.0, Avg: 0.0, Max: 0.0, Diff: 0.0, Sum: 0.0]
         [SATB Filtering (ms):  0.0  0.0  0.0  0.0  0.0  0.0  0.0  0.0
          Min: 0.0, Avg: 0.0, Max: 0.0, Diff: 0.0, Sum: 0.0]
      [Update RS (ms):  0.4  0.4  0.5  0.8  0.4  0.5  0.5  0.5
       Min: 0.4, Avg: 0.5, Max: 0.8, Diff: 0.4, Sum: 4.0]
         [Processed Buffers:  12  1  10  1  5  1  1  1
          Min: 1, Avg: 4.0, Max: 12, Diff: 11, Sum: 32]
      [Scan RS (ms):  0.0  0.0  0.0  0.0  0.0  0.0  0.0  0.0
       Min: 0.0, Avg: 0.0, Max: 0.0, Diff: 0.0, Sum: 0.1]
      [Code Root Scanning (ms):  0.0  0.0  0.0  0.0  0.0  0.0  0.0  0.0
       Min: 0.0, Avg: 0.0, Max: 0.0, Diff: 0.0, Sum: 0.0]
      [Object Copy (ms):  3.3  3.4  3.3  3.0  3.3  3.3  3.3  3.3
       Min: 3.0, Avg: 3.3, Max: 3.4, Diff: 0.4, Sum: 26.0]
      [Termination (ms):  0.0  0.0  0.0  0.0  0.0  0.0  0.0  0.0
       Min: 0.0, Avg: 0.0, Max: 0.0, Diff: 0.0, Sum: 0.0]
         [Termination Attempts:  2  1  2  1  1  1  1  1
          Min: 1, Avg: 1.2, Max: 2, Diff: 1, Sum: 10]
      [GC Worker Other (ms):  0.1  0.1  0.0  0.0  0.0  0.0  0.0  0.0
       Min: 0.0, Avg: 0.0, Max: 0.1, Diff: 0.1, Sum: 0.2]
      [GC Worker Total (ms):  4.1  4.1  4.0  4.0  4.0  4.0  4.0  4.0
       Min: 4.0, Avg: 4.0, Max: 4.1, Diff: 0.1, Sum: 32.2]
      [GC Worker End (ms):  20019.7  20019.7  20019.6  20019.6  20019.6  20019.6  20019.6  20019.6
       Min: 20019.6, Avg: 20019.6, Max: 20019.7, Diff: 0.1]
   [Code Root Fixup: 0.0 ms]
   [Code Root Purge: 0.0 ms]
   [Clear CT: 0.1 ms]
   [Other: 0.4 ms]
      [Choose CSet: 0.0 ms]
      [Ref Proc: 0.1 ms]
      [Ref Enq: 0.0 ms]
      [Redirty Cards: 0.1 ms]
         [Parallel Redirty:  0.0  0.0  0.0  0.0  0.0  0.0  0.0  0.0
          Min: 0.0, Avg: 0.0, Max: 0.0, Diff: 0.0, Sum: 0.0]
         [Redirtied Cards:  854  0  0  0  0  0  0  0
          Min: 0, Avg: 106.8, Max: 854, Diff: 854, Sum: 854]
      [Humongous Register: 0.0 ms]
         [Humongous Total: 0]
         [Humongous Candidate: 0]
      [Humongous Reclaim: 0.0 ms]
         [Humongous Reclaimed: 0]
      [Free CSet: 0.1 ms]
         [Young Free CSet: 0.1 ms]
         [Non-Young Free CSet: 0.0 ms]
   [Eden: 144.0M(144.0M)->0.0B(144.0M) Survivors: 9216.0K->9216.0K Heap: 188.9M(256.0M)->46.0M(256.0M)]
 [Times: user=0.03 sys=0.00, real=0.01 secs] 
20.228: [GC pause (G1 Evacuation Pause) (young), 0.0055417 secs]
   [Parallel Time: 4.9 ms, GC Workers: 8]
      [GC Worker Start (ms):  20228.0  20228.0  20228.0  20228.0  20228.0  20228.0  20228.0  20228.0
       Min: 20228.0, Avg: 20228.0, Max: 20228.0, Diff: 0.1]
      [Ext Root Scanning (ms):  0.3  0.2  0.2  0.3  0.2  0.2  0.2  0.2
       Min: 0.2, Avg: 0.2, Max: 0.3, Diff: 0.1, Sum: 1.8]
         [Thread Roots (ms):  0.0  0.1  0.1  0.3  0.1  0.0  0.0  0.0
          Min: 0.0, Avg: 0.1, Max: 0.3, Diff: 0.3, Sum: 0.6]
         [StringTable Roots (ms):  0.0  0.2  0.9  0.0  0.2  0.2  0.1  0.2
          Min: 0.0, Avg: 0.2, Max: 0.9, Diff: 0.9, Sum: 1.8]
         [Universe Roots (ms):  0.0  0.0  0.0  0.0  0.0  0.0  0.0  0.0
          Min: 0.0, Avg: 0.0, Max: 0.0, Diff: 0.0, Sum: 0.0]
         [JNI Handles Roots (ms):  0.0  0.0  0.0  0.0  0.0  0.0  0.0  0.0
          Min: 0.0, Avg: 0.0, Max: 0.0, Diff: 0.0, Sum: 0.0]
         [ObjectSynchronizer Roots (ms):  0.0  0.0  0.0  0.0  0.0  0.0  0.0  0.0
          Min: 0.0, Avg: 0.0, Max: 0.0, Diff: 0.0, Sum: 0.0]
         [FlatProfiler Roots (ms):  0.0  0.0  0.0  0.0  0.0  0.0  0.0  0.0
          Min: 0.0, Avg: 0.0, Max: 0.0, Diff: 0.0, Sum: 0.0]
         [Management Roots (ms):  0.0  0.0  0.0  0.0  0.0  0.0  0.0  0.0
          Min: 0.0, Avg: 0.0, Max: 0.0, Diff: 0.0, Sum: 0.0]
         [SystemDictionary Roots (ms):  0.0  0.0  0.0  0.0  0.0  0.0  0.1  0.0
          Min: 0.0, Avg: 0.0, Max: 0.1, Diff: 0.1, Sum: 0.1]
         [CLDG Roots (ms):  0.2  0.0  0.0  0.0  0.0  0.0  0.0  0.0
          Min: 0.0, Avg: 0.0, Max: 0.2, Diff: 0.2, Sum: 0.2]
         [JVMTI Roots (ms):  0.0  0.0  0.0  0.0  0.0  0.0  0.0  0.0
          Min: 0.0, Avg: 0.0, Max: 0.0, Diff: 0.0, Sum: 0.0]
         [CodeCache Roots (ms):  0.5  0.5  0.0  0.4  0.5  1.0  0.5  0.5
          Min: 0.0, Avg: 0.5, Max: 1.0, Diff: 1.0, Sum: 4.0]
         [CM RefProcessor Roots (ms):  0.0  0.0  0.0  0.0  0.0  0.0  0.0  0.0
          Min: 0.0, Avg: 0.0, Max: 0.0, Diff: 0.0, Sum: 0.0]
         [Wait For Strong CLD (ms):  0.0  0.0  0.0  0.0  0.0  0.0  0.0  0.0
          Min: 0.0, Avg: 0.0, Max: 0.0, Diff: 0.0, Sum: 0.0]
         [Weak CLD Roots (ms):  0.0  0.0  0.0  0.0  0.0  0.0  0.0  0.0
          Min: 0.0, Avg: 0.0, Max: 0.0, Diff: 0.0, Sum: 0.0]
         [SATB Filtering (ms):  0.0  0.0  0.0  0.0  0.0  0.0  0.0  0.0
          Min: 0.0, Avg: 0.0, Max: 0.0, Diff: 0.0, Sum: 0.0]
      [Update RS (ms):  0.5  0.5  0.0  0.4  0.5  1.0  0.5  0.5
       Min: 0.0, Avg: 0.5, Max: 1.0, Diff: 1.0, Sum: 3.8]
         [Processed Buffers:  1  10  0  1  3  2  10  4
          Min: 0, Avg: 3.9, Max: 10, Diff: 10, Sum: 31]
      [Scan RS (ms):  0.0  0.0  0.0  0.0  0.0  0.0  0.0  0.0
       Min: 0.0, Avg: 0.0, Max: 0.0, Diff: 0.0, Sum: 0.1]
      [Code Root Scanning (ms):  0.0  0.0  0.0  0.0  0.0  0.0  0.0  0.0
       Min: 0.0, Avg: 0.0, Max: 0.0, Diff: 0.0, Sum: 0.0]
      [Object Copy (ms):  4.0  4.0  4.5  4.1  4.0  3.5  4.0  4.0
       Min: 3.5, Avg: 4.0, Max: 4.5, Diff: 1.0, Sum: 32.1]
      [Termination (ms):  0.1  0.1  0.1  0.0  0.1  0.1  0.1  0.1
       Min: 0.0, Avg: 0.1, Max: 0.1, Diff: 0.1, Sum: 0.6]
         [Termination Attempts:  4  6  3  1  1  1  2  3
          Min: 1, Avg: 2.6, Max: 6, Diff: 5, Sum: 21]
      [GC Worker Other (ms):  0.0  0.0  0.0  0.0  0.0  0.0  0.0  0.0
       Min: 0.0, Avg: 0.0, Max: 0.0, Diff: 0.0, Sum: 0.1]
      [GC Worker Total (ms):  4.9  4.8  4.8  4.8  4.8  4.8  4.8  4.8
       Min: 4.8, Avg: 4.8, Max: 4.9, Diff: 0.1, Sum: 38.6]
      [GC Worker End (ms):  20232.8  20232.8  20232.8  20232.8  20232.8  20232.8  20232.8  20232.8
       Min: 20232.8, Avg: 20232.8, Max: 20232.8, Diff: 0.0]
   [Code Root Fixup: 0.0 ms]
   [Code Root Purge: 0.0 ms]
   [Clear CT: 0.2 ms]
   [Other: 0.4 ms]
      [Choose CSet: 0.0 ms]
      [Ref Proc: 0.1 ms]
      [Ref Enq: 0.0 ms]
      [Redirty Cards: 0.1 ms]
         [Parallel Redirty:  0.0  0.0  0.0  0.0  0.0  0.0  0.0  0.0
          Min: 0.0, Avg: 0.0, Max: 0.0, Diff: 0.0, Sum: 0.0]
         [Redirtied Cards:  780  0  0  0  0  0  0  0
          Min: 0, Avg: 97.5, Max: 780, Diff: 780, Sum: 780]
      [Humongous Register: 0.0 ms]
         [Humongous Total: 0]
         [Humongous Candidate: 0]
      [Humongous Reclaim: 0.0 ms]
         [Humongous Reclaimed: 0]
      [Free CSet: 0.1 ms]
         [Young Free CSet: 0.1 ms]
         [Non-Young Free CSet: 0.0 ms]
   [Eden: 144.0M(144.0M)->0.0B(145.0M) Survivors: 9216.0K->8192.0K Heap: 190.0M(256.0M)->45.6M(256.0M)]
 [Times: user=0.04 sys=0.00, real=0.00 secs] 
20.441: [GC pause (G1 Evacuation Pause) (young), 0.0063485 secs]
   [Parallel Time: 5.8 ms, GC Workers: 8]
      [GC Worker Start (ms):  20441.3  20441.3  20441.3  20441.3  20441.3  20441.3  20441.3  20441.3
       Min: 20441.3, Avg: 20441.3, Max: 20441.3, Diff: 0.1]
      [Ext Root Scanning (ms):  0.3  1.1  1.1  0.2  0.2  1.1  0.2  0.2
       Min: 0.2, Avg: 0.6, Max: 1.1, Diff: 0.9, Sum: 4.5]
         [Thread Roots (ms):  0.0  1.1  1.1  0.1  0.1  1.1  0.0  0.1
          Min: 0.0, Avg: 0.4, Max: 1.1, Diff: 1.1, Sum: 3.6]
         [StringTable Roots (ms):  0.1  0.0  0.0  0.2  0.1  0.0  0.2  0.2
          Min: 0.0, Avg: 0.1, Max: 0.2, Diff: 0.2, Sum: 0.7]
         [Universe Roots (ms):  0.0  0.0  0.0  0.0  0.0  0.0  0.0  0.0
          Min: 0.0, Avg: 0.0, Max: 0.0, Diff: 0.0, Sum: 0.0]
         [JNI Handles Roots (ms):  0.0  0.0  0.0  0.0  0.0  0.0  0.0  0.0
          Min: 0.0, Avg: 0.0, Max: 0.0, Diff: 0.0, Sum: 0.0]
         [ObjectSynchronizer Roots (ms):  0.0  0.0  0.0  0.0  0.0  0.0  0.0  0.0
          Min: 0.0, Avg: 0.0, Max: 0.0, Diff: 0.0, Sum: 0.0]
         [FlatProfiler Roots (ms):  0.0  0.0  0.0  0.0  0.0  0.0  0.0  0.0
          Min: 0.0, Avg: 0.0, Max: 0.0, Diff: 0.0, Sum: 0.0]
         [Management Roots (ms):  0.0  0.0  0.0  0.0  0.0  0.0  0.0  0.0
          Min: 0.0, Avg: 0.0, Max: 0.0, Diff: 0.0, Sum: 0.0]
         [SystemDictionary Roots (ms):  0.0  0.0  0.0  0.0  0.0  0.0  0.0  0.0
          Min: 0.0, Avg: 0.0, Max: 0.0, Diff: 0.0, Sum: 0.0]
         [CLDG Roots (ms):  0.2  0.0  0.0  0.0  0.0  0.0  0.0  0.0
          Min: 0.0, Avg: 0.0, Max: 0.2, Diff: 0.2, Sum: 0.2]
         [JVMTI Roots (ms):  0.0  0.0  0.0  0.0  0.0  0.0  0.0  0.0
          Min: 0.0, Avg: 0.0, Max: 0.0, Diff: 0.0, Sum: 0.0]
         [CodeCache Roots (ms):  0.6  0.0  0.0  0.6  0.6  0.0  0.6  0.6
          Min: 0.0, Avg: 0.4, Max: 0.6, Diff: 0.6, Sum: 3.0]
         [CM RefProcessor Roots (ms):  0.0  0.0  0.0  0.0  0.0  0.0  0.0  0.0
          Min: 0.0, Avg: 0.0, Max: 0.0, Diff: 0.0, Sum: 0.0]
         [Wait For Strong CLD (ms):  0.0  0.0  0.0  0.0  0.0  0.0  0.0  0.0
          Min: 0.0, Avg: 0.0, Max: 0.0, Diff: 0.0, Sum: 0.0]
         [Weak CLD Roots (ms):  0.0  0.0  0.0  0.0  0.0  0.0  0.0  0.0
          Min: 0.0, Avg: 0.0, Max: 0.0, Diff: 0.0, Sum: 0.0]
         [SATB Filtering (ms):  0.0  0.0  0.0  0.0  0.0  0.0  0.0  0.0
          Min: 0.0, Avg: 0.0, Max: 0.0, Diff: 0.0, Sum: 0.0]
      [Update RS (ms):  0.5  0.0  0.0  0.5  0.6  0.0  0.6  0.6
       Min: 0.0, Avg: 0.4, Max: 0.6, Diff: 0.6, Sum: 2.8]
         [Processed Buffers:  11  0  0  12  2  0  2  2
          Min: 0, Avg: 3.6, Max: 12, Diff: 12, Sum: 29]
      [Scan RS (ms):  0.0  0.0  0.0  0.0  0.0  0.0  0.0  0.0
       Min: 0.0, Avg: 0.0, Max: 0.0, Diff: 0.0, Sum: 0.1]
      [Code Root Scanning (ms):  0.0  0.0  0.0  0.0  0.0  0.0  0.0  0.0
       Min: 0.0, Avg: 0.0, Max: 0.0, Diff: 0.0, Sum: 0.0]
      [Object Copy (ms):  4.8  4.5  4.6  4.8  4.8  4.6  4.8  4.8
       Min: 4.5, Avg: 4.7, Max: 4.8, Diff: 0.3, Sum: 37.8]
      [Termination (ms):  0.0  0.0  0.0  0.0  0.0  0.0  0.0  0.0
       Min: 0.0, Avg: 0.0, Max: 0.0, Diff: 0.0, Sum: 0.1]
         [Termination Attempts:  25  26  13  3  22  28  26  33
          Min: 3, Avg: 22.0, Max: 33, Diff: 30, Sum: 176]
      [GC Worker Other (ms):  0.1  0.0  0.0  0.0  0.0  0.0  0.1  0.0
       Min: 0.0, Avg: 0.0, Max: 0.1, Diff: 0.1, Sum: 0.3]
      [GC Worker Total (ms):  5.8  5.7  5.7  5.7  5.7  5.7  5.7  5.6
       Min: 5.6, Avg: 5.7, Max: 5.8, Diff: 0.1, Sum: 45.6]
      [GC Worker End (ms):  20447.0  20447.0  20447.0  20447.0  20447.0  20447.0  20447.0  20447.0
       Min: 20447.0, Avg: 20447.0, Max: 20447.0, Diff: 0.1]
   [Code Root Fixup: 0.0 ms]
   [Code Root Purge: 0.0 ms]
   [Clear CT: 0.1 ms]
   [Other: 0.4 ms]
      [Choose CSet: 0.0 ms]
      [Ref Proc: 0.1 ms]
      [Ref Enq: 0.0 ms]
      [Redirty Cards: 0.1 ms]
         [Parallel Redirty:  0.0  0.0  0.0  0.0  0.0  0.0  0.0  0.0
          Min: 0.0, Avg: 0.0, Max: 0.0, Diff: 0.0, Sum: 0.0]
         [Redirtied Cards:  802  0  0  0  0  0  0  0
          Min: 0, Avg: 100.2, Max: 802, Diff: 802, Sum: 802]
      [Humongous Register: 0.0 ms]
         [Humongous Total: 0]
         [Humongous Candidate: 0]
      [Humongous Reclaim: 0.0 ms]
         [Humongous Reclaimed: 0]
      [Free CSet: 0.1 ms]
         [Young Free CSet: 0.1 ms]
         [Non-Young Free CSet: 0.0 ms]
   [Eden: 145.0M(145.0M)->0.0B(142.0M) Survivors: 8192.0K->11.0M Heap: 190.6M(256.0M)->48.5M(256.0M)]
 [Times: user=0.04 sys=0.01, real=0.01 secs] 
20.652: [GC pause (G1 Evacuation Pause) (young), 0.0053715 secs]
   [Parallel Time: 4.8 ms, GC Workers: 8]
      [GC Worker Start (ms):  20652.1  20652.1  20652.1  20652.1  20652.1  20652.1  20652.1  20652.1
       Min: 20652.1, Avg: 20652.1, Max: 20652.1, Diff: 0.1]
      [Ext Root Scanning (ms):  0.3  0.2  0.2  0.2  0.2  0.2  0.2  0.2
       Min: 0.2, Avg: 0.2, Max: 0.3, Diff: 0.1, Sum: 1.7]
         [Thread Roots (ms):  0.0  0.1  0.1  0.1  0.0  0.1  0.0  0.0
          Min: 0.0, Avg: 0.1, Max: 0.1, Diff: 0.1, Sum: 0.4]
         [StringTable Roots (ms):  0.0  0.1  0.2  0.1  0.2  0.2  0.2  0.1
          Min: 0.0, Avg: 0.1, Max: 0.2, Diff: 0.1, Sum: 1.0]
         [Universe Roots (ms):  0.0  0.0  0.0  0.0  0.0  0.0  0.0  0.0
          Min: 0.0, Avg: 0.0, Max: 0.0, Diff: 0.0, Sum: 0.0]
         [JNI Handles Roots (ms):  0.0  0.0  0.0  0.0  0.0  0.0  0.0  0.0
          Min: 0.0, Avg: 0.0, Max: 0.0, Diff: 0.0, Sum: 0.0]
         [ObjectSynchronizer Roots (ms):  0.0  0.0  0.0  0.0  0.0  0.0  0.0  0.0
          Min: 0.0, Avg: 0.0, Max: 0.0, Diff: 0.0, Sum: 0.0]
         [FlatProfiler Roots (ms):  0.0  0.0  0.0  0.0  0.0  0.0  0.0  0.0
          Min: 0.0, Avg: 0.0, Max: 0.0, Diff: 0.0, Sum: 0.0]
         [Management Roots (ms):  0.0  0.0  0.0  0.0  0.0  0.0  0.0  0.0
          Min: 0.0, Avg: 0.0, Max: 0.0, Diff: 0.0, Sum: 0.0]
         [SystemDictionary Roots (ms):  0.0  0.0  0.0  0.1  0.0  0.0  0.0  0.0
          Min: 0.0, Avg: 0.0, Max: 0.1, Diff: 0.1, Sum: 0.1]
         [CLDG Roots (ms):  0.2  0.0  0.0  0.0  0.0  0.0  0.0  0.0
          Min: 0.0, Avg: 0.0, Max: 0.2, Diff: 0.2, Sum: 0.2]
         [JVMTI Roots (ms):  0.0  0.0  0.0  0.0  0.0  0.0  0.0  0.0
          Min: 0.0, Avg: 0.0, Max: 0.0, Diff: 0.0, Sum: 0.0]
         [CodeCache Roots (ms):  0.5  0.4  0.5  0.3  0.6  0.5  0.6  0.3
          Min: 0.3, Avg: 0.5, Max: 0.6, Diff: 0.3, Sum: 3.8]
         [CM RefProcessor Roots (ms):  0.0  0.0  0.0  0.0  0.0  0.0  0.0  0.0
          Min: 0.0, Avg: 0.0, Max: 0.0, Diff: 0.0, Sum: 0.0]
         [Wait For Strong CLD (ms):  0.0  0.0  0.0  0.0  0.0  0.0  0.0  0.0
          Min: 0.0, Avg: 0.0, Max: 0.0, Diff: 0.0, Sum: 0.0]
         [Weak CLD Roots (ms):  0.0  0.0  0.0  0.0  0.0  0.0  0.0  0.0
          Min: 0.0, Avg: 0.0, Max: 0.0, Diff: 0.0, Sum: 0.0]
         [SATB Filtering (ms):  0.0  0.0  0.0  0.0  0.0  0.0  0.0  0.0
          Min: 0.0, Avg: 0.0, Max: 0.0, Diff: 0.0, Sum: 0.0]
      [Update RS (ms):  0.5  0.4  0.5  0.3  0.6  0.5  0.6  0.2
       Min: 0.2, Avg: 0.4, Max: 0.6, Diff: 0.4, Sum: 3.6]
         [Processed Buffers:  1  1  1  1  1  1  1  20
          Min: 1, Avg: 3.4, Max: 20, Diff: 19, Sum: 27]
      [Scan RS (ms):  0.0  0.0  0.0  0.0  0.0  0.0  0.0  0.1
       Min: 0.0, Avg: 0.0, Max: 0.1, Diff: 0.1, Sum: 0.1]
      [Code Root Scanning (ms):  0.0  0.0  0.0  0.0  0.0  0.0  0.0  0.0
       Min: 0.0, Avg: 0.0, Max: 0.0, Diff: 0.0, Sum: 0.0]
      [Object Copy (ms):  3.9  4.0  3.8  4.0  3.8  3.8  3.8  4.0
       Min: 3.8, Avg: 3.9, Max: 4.0, Diff: 0.3, Sum: 31.1]
      [Termination (ms):  0.0  0.1  0.1  0.1  0.1  0.1  0.1  0.1
       Min: 0.0, Avg: 0.1, Max: 0.1, Diff: 0.1, Sum: 0.6]
         [Termination Attempts:  1  3  1  4  4  2  1  2
          Min: 1, Avg: 2.2, Max: 4, Diff: 3, Sum: 18]
      [GC Worker Other (ms):  0.0  0.0  0.0  0.0  0.0  0.0  0.0  0.0
       Min: 0.0, Avg: 0.0, Max: 0.0, Diff: 0.0, Sum: 0.1]
      [GC Worker Total (ms):  4.7  4.7  4.7  4.7  4.7  4.6  4.6  4.6
       Min: 4.6, Avg: 4.7, Max: 4.7, Diff: 0.1, Sum: 37.3]
      [GC Worker End (ms):  20656.8  20656.8  20656.8  20656.8  20656.8  20656.8  20656.8  20656.8
       Min: 20656.8, Avg: 20656.8, Max: 20656.8, Diff: 0.0]
   [Code Root Fixup: 0.1 ms]
   [Code Root Purge: 0.0 ms]
   [Clear CT: 0.1 ms]
   [Other: 0.5 ms]
      [Choose CSet: 0.0 ms]
      [Ref Proc: 0.2 ms]
      [Ref Enq: 0.0 ms]
      [Redirty Cards: 0.1 ms]
         [Parallel Redirty:  0.0  0.0  0.0  0.0  0.0  0.0  0.0  0.0
          Min: 0.0, Avg: 0.0, Max: 0.0, Diff: 0.0, Sum: 0.0]
         [Redirtied Cards:  648  117  0  0  0  0  0  0
          Min: 0, Avg: 95.6, Max: 648, Diff: 648, Sum: 765]
      [Humongous Register: 0.0 ms]
         [Humongous Total: 0]
         [Humongous Candidate: 0]
      [Humongous Reclaim: 0.0 ms]
         [Humongous Reclaimed: 0]
      [Free CSet: 0.1 ms]
         [Young Free CSet: 0.1 ms]
         [Non-Young Free CSet: 0.0 ms]
   [Eden: 142.0M(142.0M)->0.0B(143.0M) Survivors: 11.0M->10.0M Heap: 190.5M(256.0M)->48.5M(256.0M)]
 [Times: user=0.04 sys=0.00, real=0.01 secs] 
20.867: [GC pause (G1 Evacuation Pause) (young), 0.0056892 secs]
   [Parallel Time: 5.2 ms, GC Workers: 8]
      [GC Worker Start (ms):  20866.8  20866.8  20866.8  20866.8  20866.8  20866.8  20866.8  20866.8
       Min: 20866.8, Avg: 20866.8, Max: 20866.8, Diff: 0.1]
      [Ext Root Scanning (ms):  0.3  0.2  0.2  0.3  0.2  0.2  0.2  0.2
       Min: 0.2, Avg: 0.2, Max: 0.3, Diff: 0.1, Sum: 1.7]
         [Thread Roots (ms):  0.0  0.1  0.1  0.3  0.0  0.0  0.1  0.1
          Min: 0.0, Avg: 0.1, Max: 0.3, Diff: 0.3, Sum: 0.6]
         [StringTable Roots (ms):  0.0  0.1  0.2  0.0  0.2  0.2  0.1  0.1
          Min: 0.0, Avg: 0.1, Max: 0.2, Diff: 0.2, Sum: 0.9]
         [Universe Roots (ms):  0.0  0.0  0.0  0.0  0.0  0.0  0.0  0.0
          Min: 0.0, Avg: 0.0, Max: 0.0, Diff: 0.0, Sum: 0.0]
         [JNI Handles Roots (ms):  0.0  0.0  0.0  0.0  0.0  0.0  0.0  0.0
          Min: 0.0, Avg: 0.0, Max: 0.0, Diff: 0.0, Sum: 0.0]
         [ObjectSynchronizer Roots (ms):  0.0  0.0  0.0  0.0  0.0  0.0  0.0  0.0
          Min: 0.0, Avg: 0.0, Max: 0.0, Diff: 0.0, Sum: 0.0]
         [FlatProfiler Roots (ms):  0.0  0.0  0.0  0.0  0.0  0.0  0.0  0.0
          Min: 0.0, Avg: 0.0, Max: 0.0, Diff: 0.0, Sum: 0.0]
         [Management Roots (ms):  0.0  0.0  0.0  0.0  0.0  0.0  0.0  0.0
          Min: 0.0, Avg: 0.0, Max: 0.0, Diff: 0.0, Sum: 0.0]
         [SystemDictionary Roots (ms):  0.0  0.1  0.0  0.0  0.0  0.0  0.0  0.0
          Min: 0.0, Avg: 0.0, Max: 0.1, Diff: 0.1, Sum: 0.1]
         [CLDG Roots (ms):  0.2  0.0  0.0  0.0  0.0  0.0  0.0  0.0
          Min: 0.0, Avg: 0.0, Max: 0.2, Diff: 0.2, Sum: 0.2]
         [JVMTI Roots (ms):  0.0  0.0  0.0  0.0  0.0  0.0  0.0  0.0
          Min: 0.0, Avg: 0.0, Max: 0.0, Diff: 0.0, Sum: 0.0]
         [CodeCache Roots (ms):  0.5  0.4  0.4  0.5  0.5  4.8  0.4  0.5
          Min: 0.4, Avg: 1.0, Max: 4.8, Diff: 4.5, Sum: 8.0]
         [CM RefProcessor Roots (ms):  0.0  0.0  0.0  0.0  0.0  0.0  0.0  0.0
          Min: 0.0, Avg: 0.0, Max: 0.0, Diff: 0.0, Sum: 0.0]
         [Wait For Strong CLD (ms):  0.0  0.0  0.0  0.0  0.0  0.0  0.0  0.0
          Min: 0.0, Avg: 0.0, Max: 0.0, Diff: 0.0, Sum: 0.0]
         [Weak CLD Roots (ms):  0.0  0.0  0.0  0.0  0.0  0.0  0.0  0.0
          Min: 0.0, Avg: 0.0, Max: 0.0, Diff: 0.0, Sum: 0.0]
         [SATB Filtering (ms):  0.0  0.0  0.0  0.0  0.0  0.0  0.0  0.0
          Min: 0.0, Avg: 0.0, Max: 0.0, Diff: 0.0, Sum: 0.0]
      [Update RS (ms):  0.5  0.3  0.3  0.5  0.5  4.8  0.3  0.5
       Min: 0.3, Avg: 1.0, Max: 4.8, Diff: 4.5, Sum: 7.8]
         [Processed Buffers:  1  19  4  1  1  0  2  2
          Min: 0, Avg: 3.8, Max: 19, Diff: 19, Sum: 30]
      [Scan RS (ms):  0.0  0.0  0.0  0.0  0.0  0.0  0.0  0.0
       Min: 0.0, Avg: 0.0, Max: 0.0, Diff: 0.0, Sum: 0.1]
      [Code Root Scanning (ms):  0.0  0.0  0.0  0.0  0.0  0.0  0.0  0.0
       Min: 0.0, Avg: 0.0, Max: 0.0, Diff: 0.0, Sum: 0.0]
      [Object Copy (ms):  4.2  4.4  4.4  4.2  4.3  0.0  4.4  4.2
       Min: 0.0, Avg: 3.8, Max: 4.4, Diff: 4.4, Sum: 30.1]
      [Termination (ms):  0.1  0.1  0.1  0.1  0.1  0.0  0.1  0.1
       Min: 0.0, Avg: 0.1, Max: 0.1, Diff: 0.1, Sum: 0.9]
         [Termination Attempts:  1  4  7  2  1  1  3  3
          Min: 1, Avg: 2.8, Max: 7, Diff: 6, Sum: 22]
      [GC Worker Other (ms):  0.0  0.0  0.0  0.0  0.0  0.0  0.0  0.0
       Min: 0.0, Avg: 0.0, Max: 0.0, Diff: 0.0, Sum: 0.1]
      [GC Worker Total (ms):  5.1  5.1  5.1  5.1  5.1  5.1  5.1  5.1
       Min: 5.1, Avg: 5.1, Max: 5.1, Diff: 0.1, Sum: 40.8]
      [GC Worker End (ms):  20871.9  20871.9  20871.9  20871.9  20871.9  20871.9  20871.9  20871.9
       Min: 20871.9, Avg: 20871.9, Max: 20871.9, Diff: 0.0]
   [Code Root Fixup: 0.0 ms]
   [Code Root Purge: 0.0 ms]
   [Clear CT: 0.1 ms]
   [Other: 0.4 ms]
      [Choose CSet: 0.0 ms]
      [Ref Proc: 0.2 ms]
      [Ref Enq: 0.0 ms]
      [Redirty Cards: 0.1 ms]
         [Parallel Redirty:  0.0  0.0  0.0  0.0  0.0  0.0  0.0  0.0
          Min: 0.0, Avg: 0.0, Max: 0.0, Diff: 0.0, Sum: 0.0]
         [Redirtied Cards:  827  0  0  0  0  0  0  0
          Min: 0, Avg: 103.4, Max: 827, Diff: 827, Sum: 827]
      [Humongous Register: 0.0 ms]
         [Humongous Total: 0]
         [Humongous Candidate: 0]
      [Humongous Reclaim: 0.0 ms]
         [Humongous Reclaimed: 0]
      [Free CSet: 0.1 ms]
         [Young Free CSet: 0.1 ms]
         [Non-Young Free CSet: 0.0 ms]
   [Eden: 143.0M(143.0M)->0.0B(143.0M) Survivors: 10.0M->10.0M Heap: 191.5M(256.0M)->49.1M(256.0M)]
 [Times: user=0.03 sys=0.00, real=0.01 secs] 
21.086: [GC pause (G1 Evacuation Pause) (young), 0.0054647 secs]
   [Parallel Time: 4.8 ms, GC Workers: 8]
      [GC Worker Start (ms):  21085.6  21085.6  21085.6  21085.6  21085.6  21085.6  21085.6  21085.6
       Min: 21085.6, Avg: 21085.6, Max: 21085.6, Diff: 0.1]
      [Ext Root Scanning (ms):  0.3  0.2  0.2  0.4  0.2  0.2  0.2  0.2
       Min: 0.2, Avg: 0.2, Max: 0.4, Diff: 0.2, Sum: 1.9]
         [Thread Roots (ms):  0.0  0.1  0.1  0.1  0.0  0.0  0.0  0.0
          Min: 0.0, Avg: 0.0, Max: 0.1, Diff: 0.1, Sum: 0.3]
         [StringTable Roots (ms):  0.0  0.1  0.1  0.3  0.2  0.2  0.2  0.2
          Min: 0.0, Avg: 0.2, Max: 0.3, Diff: 0.3, Sum: 1.2]
         [Universe Roots (ms):  0.0  0.0  0.0  0.0  0.0  0.0  0.0  0.0
          Min: 0.0, Avg: 0.0, Max: 0.0, Diff: 0.0, Sum: 0.0]
         [JNI Handles Roots (ms):  0.0  0.0  0.0  0.0  0.0  0.0  0.0  0.0
          Min: 0.0, Avg: 0.0, Max: 0.0, Diff: 0.0, Sum: 0.0]
         [ObjectSynchronizer Roots (ms):  0.0  0.0  0.0  0.0  0.0  0.0  0.0  0.0
          Min: 0.0, Avg: 0.0, Max: 0.0, Diff: 0.0, Sum: 0.0]
         [FlatProfiler Roots (ms):  0.0  0.0  0.0  0.0  0.0  0.0  0.0  0.0
          Min: 0.0, Avg: 0.0, Max: 0.0, Diff: 0.0, Sum: 0.0]
         [Management Roots (ms):  0.0  0.0  0.0  0.0  0.0  0.0  0.0  0.0
          Min: 0.0, Avg: 0.0, Max: 0.0, Diff: 0.0, Sum: 0.0]
         [SystemDictionary Roots (ms):  0.0  0.0  0.1  0.0  0.0  0.0  0.0  0.0
          Min: 0.0, Avg: 0.0, Max: 0.1, Diff: 0.1, Sum: 0.1]
         [CLDG Roots (ms):  0.2  0.0  0.0  0.0  0.0  0.0  0.0  0.0
          Min: 0.0, Avg: 0.0, Max: 0.2, Diff: 0.2, Sum: 0.3]
         [JVMTI Roots (ms):  0.0  0.0  0.0  0.0  0.0  0.0  0.0  0.0
          Min: 0.0, Avg: 0.0, Max: 0.0, Diff: 0.0, Sum: 0.0]
         [CodeCache Roots (ms):  0.4  0.4  0.6  0.2  0.5  0.5  0.5  0.6
          Min: 0.2, Avg: 0.4, Max: 0.6, Diff: 0.4, Sum: 3.6]
         [CM RefProcessor Roots (ms):  0.0  0.0  0.0  0.0  0.0  0.0  0.0  0.0
          Min: 0.0, Avg: 0.0, Max: 0.0, Diff: 0.0, Sum: 0.0]
         [Wait For Strong CLD (ms):  0.0  0.0  0.0  0.0  0.0  0.0  0.0  0.0
          Min: 0.0, Avg: 0.0, Max: 0.0, Diff: 0.0, Sum: 0.0]
         [Weak CLD Roots (ms):  0.0  0.0  0.0  0.0  0.0  0.0  0.0  0.0
          Min: 0.0, Avg: 0.0, Max: 0.0, Diff: 0.0, Sum: 0.0]
         [SATB Filtering (ms):  0.0  0.0  0.0  0.0  0.0  0.0  0.0  0.0
          Min: 0.0, Avg: 0.0, Max: 0.0, Diff: 0.0, Sum: 0.0]
      [Update RS (ms):  0.3  0.3  0.6  0.1  0.5  0.5  0.5  0.6
       Min: 0.1, Avg: 0.4, Max: 0.6, Diff: 0.5, Sum: 3.4]
         [Processed Buffers:  1  1  1  21  1  1  1  1
          Min: 1, Avg: 3.5, Max: 21, Diff: 20, Sum: 28]
      [Scan RS (ms):  0.0  0.0  0.0  0.1  0.0  0.0  0.0  0.0
       Min: 0.0, Avg: 0.0, Max: 0.1, Diff: 0.1, Sum: 0.1]
      [Code Root Scanning (ms):  0.0  0.0  0.0  0.0  0.0  0.0  0.0  0.0
       Min: 0.0, Avg: 0.0, Max: 0.0, Diff: 0.0, Sum: 0.1]
      [Object Copy (ms):  4.1  4.1  3.8  4.1  4.0  3.9  3.9  3.9
       Min: 3.8, Avg: 4.0, Max: 4.1, Diff: 0.3, Sum: 31.8]
      [Termination (ms):  0.0  0.0  0.0  0.0  0.0  0.0  0.0  0.0
       Min: 0.0, Avg: 0.0, Max: 0.0, Diff: 0.0, Sum: 0.1]
         [Termination Attempts:  62  1  52  55  42  51  61  56
          Min: 1, Avg: 47.5, Max: 62, Diff: 61, Sum: 380]
      [GC Worker Other (ms):  0.1  0.1  0.0  0.1  0.0  0.0  0.0  0.1
       Min: 0.0, Avg: 0.0, Max: 0.1, Diff: 0.1, Sum: 0.4]
      [GC Worker Total (ms):  4.8  4.8  4.7  4.7  4.7  4.7  4.7  4.7
       Min: 4.7, Avg: 4.7, Max: 4.8, Diff: 0.1, Sum: 37.7]
      [GC Worker End (ms):  21090.3  21090.3  21090.3  21090.3  21090.3  21090.3  21090.3  21090.3
       Min: 21090.3, Avg: 21090.3, Max: 21090.3, Diff: 0.1]
   [Code Root Fixup: 0.0 ms]
   [Code Root Purge: 0.0 ms]
   [Clear CT: 0.1 ms]
   [Other: 0.5 ms]
      [Choose CSet: 0.0 ms]
      [Ref Proc: 0.2 ms]
      [Ref Enq: 0.0 ms]
      [Redirty Cards: 0.1 ms]
         [Parallel Redirty:  0.0  0.0  0.0  0.0  0.0  0.0  0.0  0.0
          Min: 0.0, Avg: 0.0, Max: 0.0, Diff: 0.0, Sum: 0.0]
         [Redirtied Cards:  820  0  0  0  0  0  0  0
          Min: 0, Avg: 102.5, Max: 820, Diff: 820, Sum: 820]
      [Humongous Register: 0.0 ms]
         [Humongous Total: 0]
         [Humongous Candidate: 0]
      [Humongous Reclaim: 0.0 ms]
         [Humongous Reclaimed: 0]
      [Free CSet: 0.1 ms]
         [Young Free CSet: 0.1 ms]
         [Non-Young Free CSet: 0.0 ms]
   [Eden: 143.0M(143.0M)->0.0B(144.0M) Survivors: 10.0M->9216.0K Heap: 192.1M(256.0M)->48.7M(256.0M)]
 [Times: user=0.03 sys=0.00, real=0.01 secs] 
21.301: [GC pause (G1 Evacuation Pause) (young), 0.0049563 secs]
   [Parallel Time: 4.4 ms, GC Workers: 8]
      [GC Worker Start (ms):  21300.9  21300.9  21301.0  21301.0  21301.0  21301.0  21301.0  21301.0
       Min: 21300.9, Avg: 21301.0, Max: 21301.0, Diff: 0.1]
      [Ext Root Scanning (ms):  0.2  0.2  0.2  0.2  0.2  0.2  0.2  0.2
       Min: 0.2, Avg: 0.2, Max: 0.2, Diff: 0.1, Sum: 1.6]
         [Thread Roots (ms):  0.0  0.1  0.0  0.0  0.0  0.0  0.0  0.1
          Min: 0.0, Avg: 0.0, Max: 0.1, Diff: 0.1, Sum: 0.3]
         [StringTable Roots (ms):  0.0  0.1  0.1  0.2  0.2  0.2  0.2  0.1
          Min: 0.0, Avg: 0.1, Max: 0.2, Diff: 0.2, Sum: 1.0]
         [Universe Roots (ms):  0.0  0.0  0.0  0.0  0.0  0.0  0.0  0.0
          Min: 0.0, Avg: 0.0, Max: 0.0, Diff: 0.0, Sum: 0.0]
         [JNI Handles Roots (ms):  0.0  0.0  0.0  0.0  0.0  0.0  0.0  0.0
          Min: 0.0, Avg: 0.0, Max: 0.0, Diff: 0.0, Sum: 0.0]
         [ObjectSynchronizer Roots (ms):  0.0  0.0  0.0  0.0  0.0  0.0  0.0  0.0
          Min: 0.0, Avg: 0.0, Max: 0.0, Diff: 0.0, Sum: 0.0]
         [FlatProfiler Roots (ms):  0.0  0.0  0.0  0.0  0.0  0.0  0.0  0.0
          Min: 0.0, Avg: 0.0, Max: 0.0, Diff: 0.0, Sum: 0.0]
         [Management Roots (ms):  0.0  0.0  0.0  0.0  0.0  0.0  0.0  0.0
          Min: 0.0, Avg: 0.0, Max: 0.0, Diff: 0.0, Sum: 0.0]
         [SystemDictionary Roots (ms):  0.0  0.0  0.1  0.0  0.0  0.0  0.0  0.0
          Min: 0.0, Avg: 0.0, Max: 0.1, Diff: 0.1, Sum: 0.1]
         [CLDG Roots (ms):  0.2  0.0  0.0  0.0  0.0  0.0  0.0  0.0
          Min: 0.0, Avg: 0.0, Max: 0.2, Diff: 0.2, Sum: 0.2]
         [JVMTI Roots (ms):  0.0  0.0  0.0  0.0  0.0  0.0  0.0  0.0
          Min: 0.0, Avg: 0.0, Max: 0.0, Diff: 0.0, Sum: 0.0]
         [CodeCache Roots (ms):  0.5  0.3  0.3  0.3  0.4  0.5  0.5  0.7
          Min: 0.3, Avg: 0.4, Max: 0.7, Diff: 0.5, Sum: 3.5]
         [CM RefProcessor Roots (ms):  0.0  0.0  0.0  0.0  0.0  0.0  0.0  0.0
          Min: 0.0, Avg: 0.0, Max: 0.0, Diff: 0.0, Sum: 0.0]
         [Wait For Strong CLD (ms):  0.0  0.0  0.0  0.0  0.0  0.0  0.0  0.0
          Min: 0.0, Avg: 0.0, Max: 0.0, Diff: 0.0, Sum: 0.0]
         [Weak CLD Roots (ms):  0.0  0.0  0.0  0.0  0.0  0.0  0.0  0.0
          Min: 0.0, Avg: 0.0, Max: 0.0, Diff: 0.0, Sum: 0.0]
         [SATB Filtering (ms):  0.0  0.0  0.0  0.0  0.0  0.0  0.0  0.0
          Min: 0.0, Avg: 0.0, Max: 0.0, Diff: 0.0, Sum: 0.0]
      [Update RS (ms):  0.5  0.3  0.2  0.2  0.4  0.5  0.5  0.7
       Min: 0.2, Avg: 0.4, Max: 0.7, Diff: 0.6, Sum: 3.3]
         [Processed Buffers:  1  1  20  1  1  1  1  1
          Min: 1, Avg: 3.4, Max: 20, Diff: 19, Sum: 27]
      [Scan RS (ms):  0.0  0.0  0.1  0.0  0.0  0.0  0.0  0.0
       Min: 0.0, Avg: 0.0, Max: 0.1, Diff: 0.1, Sum: 0.1]
      [Code Root Scanning (ms):  0.0  0.0  0.0  0.0  0.0  0.0  0.0  0.0
       Min: 0.0, Avg: 0.0, Max: 0.0, Diff: 0.0, Sum: 0.0]
      [Object Copy (ms):  3.5  3.8  3.8  3.8  3.7  3.6  3.6  3.3
       Min: 3.3, Avg: 3.6, Max: 3.8, Diff: 0.5, Sum: 28.9]
      [Termination (ms):  0.0  0.0  0.0  0.0  0.0  0.0  0.0  0.0
       Min: 0.0, Avg: 0.0, Max: 0.0, Diff: 0.0, Sum: 0.0]
         [Termination Attempts:  2  1  1  1  1  1  1  1
          Min: 1, Avg: 1.1, Max: 2, Diff: 1, Sum: 9]
      [GC Worker Other (ms):  0.0  0.1  0.0  0.1  0.1  0.0  0.0  0.0
       Min: 0.0, Avg: 0.0, Max: 0.1, Diff: 0.1, Sum: 0.3]
      [GC Worker Total (ms):  4.3  4.3  4.3  4.3  4.3  4.3  4.3  4.3
       Min: 4.3, Avg: 4.3, Max: 4.3, Diff: 0.1, Sum: 34.2]
      [GC Worker End (ms):  21305.2  21305.3  21305.2  21305.3  21305.3  21305.2  21305.2  21305.3
       Min: 21305.2, Avg: 21305.2, Max: 21305.3, Diff: 0.1]
   [Code Root Fixup: 0.0 ms]
   [Code Root Purge: 0.0 ms]
   [Clear CT: 0.1 ms]
   [Other: 0.5 ms]
      [Choose CSet: 0.0 ms]
      [Ref Proc: 0.2 ms]
      [Ref Enq: 0.0 ms]
      [Redirty Cards: 0.1 ms]
         [Parallel Redirty:  0.0  0.0  0.0  0.0  0.0  0.0  0.0  0.0
          Min: 0.0, Avg: 0.0, Max: 0.0, Diff: 0.0, Sum: 0.0]
         [Redirtied Cards:  743  0  0  0  0  0  0  0
          Min: 0, Avg: 92.9, Max: 743, Diff: 743, Sum: 743]
      [Humongous Register: 0.0 ms]
         [Humongous Total: 0]
         [Humongous Candidate: 0]
      [Humongous Reclaim: 0.0 ms]
         [Humongous Reclaimed: 0]
      [Free CSet: 0.1 ms]
         [Young Free CSet: 0.1 ms]
         [Non-Young Free CSet: 0.0 ms]
   [Eden: 144.0M(144.0M)->0.0B(145.0M) Survivors: 9216.0K->8192.0K Heap: 192.7M(256.0M)->48.3M(256.0M)]
 [Times: user=0.04 sys=0.00, real=0.00 secs] 
21.519: [GC pause (GCLocker Initiated GC) (young), 0.0049897 secs]
   [Parallel Time: 4.4 ms, GC Workers: 8]
      [GC Worker Start (ms):  21519.1  21519.1  21519.1  21519.2  21519.2  21519.2  21519.2  21519.2
       Min: 21519.1, Avg: 21519.2, Max: 21519.2, Diff: 0.1]
      [Ext Root Scanning (ms):  0.2  0.2  0.2  0.2  0.2  0.2  0.2  0.2
       Min: 0.2, Avg: 0.2, Max: 0.2, Diff: 0.1, Sum: 1.7]
         [Thread Roots (ms):  0.0  0.1  0.1  0.1  0.1  0.1  0.0  0.0
          Min: 0.0, Avg: 0.0, Max: 0.1, Diff: 0.1, Sum: 0.4]
         [StringTable Roots (ms):  0.0  0.2  0.1  0.2  0.1  0.1  0.2  0.2
          Min: 0.0, Avg: 0.1, Max: 0.2, Diff: 0.2, Sum: 1.0]
         [Universe Roots (ms):  0.0  0.0  0.0  0.0  0.0  0.0  0.0  0.0
          Min: 0.0, Avg: 0.0, Max: 0.0, Diff: 0.0, Sum: 0.0]
         [JNI Handles Roots (ms):  0.0  0.0  0.0  0.0  0.0  0.0  0.0  0.0
          Min: 0.0, Avg: 0.0, Max: 0.0, Diff: 0.0, Sum: 0.0]
         [ObjectSynchronizer Roots (ms):  0.0  0.0  0.0  0.0  0.0  0.0  0.0  0.0
          Min: 0.0, Avg: 0.0, Max: 0.0, Diff: 0.0, Sum: 0.0]
         [FlatProfiler Roots (ms):  0.0  0.0  0.0  0.0  0.0  0.0  0.0  0.0
          Min: 0.0, Avg: 0.0, Max: 0.0, Diff: 0.0, Sum: 0.0]
         [Management Roots (ms):  0.0  0.0  0.0  0.0  0.0  0.0  0.0  0.0
          Min: 0.0, Avg: 0.0, Max: 0.0, Diff: 0.0, Sum: 0.0]
         [SystemDictionary Roots (ms):  0.0  0.0  0.1  0.0  0.0  0.0  0.0  0.0
          Min: 0.0, Avg: 0.0, Max: 0.1, Diff: 0.1, Sum: 0.1]
         [CLDG Roots (ms):  0.2  0.0  0.0  0.0  0.0  0.0  0.0  0.0
          Min: 0.0, Avg: 0.0, Max: 0.2, Diff: 0.2, Sum: 0.2]
         [JVMTI Roots (ms):  0.0  0.0  0.0  0.0  0.0  0.0  0.0  0.0
          Min: 0.0, Avg: 0.0, Max: 0.0, Diff: 0.0, Sum: 0.0]
         [CodeCache Roots (ms):  0.5  0.4  0.3  0.5  0.5  0.3  0.4  0.3
          Min: 0.3, Avg: 0.4, Max: 0.5, Diff: 0.2, Sum: 3.3]
         [CM RefProcessor Roots (ms):  0.0  0.0  0.0  0.0  0.0  0.0  0.0  0.0
          Min: 0.0, Avg: 0.0, Max: 0.0, Diff: 0.0, Sum: 0.0]
         [Wait For Strong CLD (ms):  0.0  0.0  0.0  0.0  0.0  0.0  0.0  0.0
          Min: 0.0, Avg: 0.0, Max: 0.0, Diff: 0.0, Sum: 0.0]
         [Weak CLD Roots (ms):  0.0  0.0  0.0  0.0  0.0  0.0  0.0  0.0
          Min: 0.0, Avg: 0.0, Max: 0.0, Diff: 0.0, Sum: 0.0]
         [SATB Filtering (ms):  0.0  0.0  0.0  0.0  0.0  0.0  0.0  0.0
          Min: 0.0, Avg: 0.0, Max: 0.0, Diff: 0.0, Sum: 0.0]
      [Update RS (ms):  0.5  0.4  0.2  0.5  0.5  0.2  0.4  0.3
       Min: 0.2, Avg: 0.4, Max: 0.5, Diff: 0.3, Sum: 3.1]
         [Processed Buffers:  1  1  8  1  1  8  1  8
          Min: 1, Avg: 3.6, Max: 8, Diff: 7, Sum: 29]
      [Scan RS (ms):  0.0  0.0  0.0  0.0  0.0  0.0  0.0  0.0
       Min: 0.0, Avg: 0.0, Max: 0.0, Diff: 0.0, Sum: 0.1]
      [Code Root Scanning (ms):  0.0  0.0  0.0  0.0  0.0  0.0  0.0  0.0
       Min: 0.0, Avg: 0.0, Max: 0.0, Diff: 0.0, Sum: 0.1]
      [Object Copy (ms):  3.6  3.6  3.7  3.6  3.6  3.8  3.6  3.7
       Min: 3.6, Avg: 3.7, Max: 3.8, Diff: 0.2, Sum: 29.3]
      [Termination (ms):  0.0  0.0  0.0  0.0  0.0  0.0  0.0  0.0
       Min: 0.0, Avg: 0.0, Max: 0.0, Diff: 0.0, Sum: 0.0]
         [Termination Attempts:  2  1  5  3  2  1  2  2
          Min: 1, Avg: 2.2, Max: 5, Diff: 4, Sum: 18]
      [GC Worker Other (ms):  0.0  0.0  0.1  0.0  0.0  0.1  0.0  0.0
       Min: 0.0, Avg: 0.0, Max: 0.1, Diff: 0.0, Sum: 0.2]
      [GC Worker Total (ms):  4.3  4.3  4.3  4.3  4.3  4.3  4.3  4.3
       Min: 4.3, Avg: 4.3, Max: 4.3, Diff: 0.1, Sum: 34.5]
      [GC Worker End (ms):  21523.5  21523.5  21523.5  21523.5  21523.5  21523.5  21523.5  21523.5
       Min: 21523.5, Avg: 21523.5, Max: 21523.5, Diff: 0.0]
   [Code Root Fixup: 0.0 ms]
   [Code Root Purge: 0.0 ms]
   [Clear CT: 0.1 ms]
   [Other: 0.4 ms]
      [Choose CSet: 0.0 ms]
      [Ref Proc: 0.2 ms]
      [Ref Enq: 0.0 ms]
      [Redirty Cards: 0.1 ms]
         [Parallel Redirty:  0.0  0.0  0.0  0.0  0.0  0.0  0.0  0.0
          Min: 0.0, Avg: 0.0, Max: 0.0, Diff: 0.0, Sum: 0.0]
         [Redirtied Cards:  669  0  0  0  0  0  0  0
          Min: 0, Avg: 83.6, Max: 669, Diff: 669, Sum: 669]
      [Humongous Register: 0.0 ms]
         [Humongous Total: 0]
         [Humongous Candidate: 0]
      [Humongous Reclaim: 0.0 ms]
         [Humongous Reclaimed: 0]
      [Free CSet: 0.1 ms]
         [Young Free CSet: 0.1 ms]
         [Non-Young Free CSet: 0.0 ms]
   [Eden: 145.0M(145.0M)->0.0B(144.0M) Survivors: 8192.0K->9216.0K Heap: 193.3M(256.0M)->49.8M(256.0M)]
 [Times: user=0.03 sys=0.00, real=0.00 secs] 
21.731: [GC pause (G1 Evacuation Pause) (young), 0.0048702 secs]
   [Parallel Time: 4.3 ms, GC Workers: 8]
      [GC Worker Start (ms):  21731.1  21731.1  21731.2  21731.2  21731.2  21731.2  21731.2  21731.2
       Min: 21731.1, Avg: 21731.2, Max: 21731.2, Diff: 0.1]
      [Ext Root Scanning (ms):  0.3  0.2  0.2  0.2  0.2  0.2  0.2  0.2
       Min: 0.2, Avg: 0.2, Max: 0.3, Diff: 0.1, Sum: 1.7]
         [Thread Roots (ms):  0.0  0.1  0.1  0.1  0.1  0.1  0.0  0.0
          Min: 0.0, Avg: 0.1, Max: 0.1, Diff: 0.1, Sum: 0.4]
         [StringTable Roots (ms):  0.0  0.2  0.2  0.2  0.1  0.1  0.2  0.2
          Min: 0.0, Avg: 0.1, Max: 0.2, Diff: 0.1, Sum: 1.0]
         [Universe Roots (ms):  0.0  0.0  0.0  0.0  0.0  0.0  0.0  0.0
          Min: 0.0, Avg: 0.0, Max: 0.0, Diff: 0.0, Sum: 0.0]
         [JNI Handles Roots (ms):  0.0  0.0  0.0  0.0  0.0  0.0  0.0  0.0
          Min: 0.0, Avg: 0.0, Max: 0.0, Diff: 0.0, Sum: 0.0]
         [ObjectSynchronizer Roots (ms):  0.0  0.0  0.0  0.0  0.0  0.0  0.0  0.0
          Min: 0.0, Avg: 0.0, Max: 0.0, Diff: 0.0, Sum: 0.0]
         [FlatProfiler Roots (ms):  0.0  0.0  0.0  0.0  0.0  0.0  0.0  0.0
          Min: 0.0, Avg: 0.0, Max: 0.0, Diff: 0.0, Sum: 0.0]
         [Management Roots (ms):  0.0  0.0  0.0  0.0  0.0  0.0  0.0  0.0
          Min: 0.0, Avg: 0.0, Max: 0.0, Diff: 0.0, Sum: 0.0]
         [SystemDictionary Roots (ms):  0.0  0.0  0.0  0.0  0.1  0.0  0.0  0.0
          Min: 0.0, Avg: 0.0, Max: 0.1, Diff: 0.1, Sum: 0.1]
         [CLDG Roots (ms):  0.2  0.0  0.0  0.0  0.0  0.0  0.0  0.0
          Min: 0.0, Avg: 0.0, Max: 0.2, Diff: 0.2, Sum: 0.2]
         [JVMTI Roots (ms):  0.0  0.0  0.0  0.0  0.0  0.0  0.0  0.0
          Min: 0.0, Avg: 0.0, Max: 0.0, Diff: 0.0, Sum: 0.0]
         [CodeCache Roots (ms):  0.3  0.3  0.5  0.4  0.3  0.4  0.3  0.4
          Min: 0.3, Avg: 0.4, Max: 0.5, Diff: 0.2, Sum: 3.0]
         [CM RefProcessor Roots (ms):  0.0  0.0  0.0  0.0  0.0  0.0  0.0  0.0
          Min: 0.0, Avg: 0.0, Max: 0.0, Diff: 0.0, Sum: 0.0]
         [Wait For Strong CLD (ms):  0.0  0.0  0.0  0.0  0.0  0.0  0.0  0.0
          Min: 0.0, Avg: 0.0, Max: 0.0, Diff: 0.0, Sum: 0.0]
         [Weak CLD Roots (ms):  0.0  0.0  0.0  0.0  0.0  0.0  0.0  0.0
          Min: 0.0, Avg: 0.0, Max: 0.0, Diff: 0.0, Sum: 0.0]
         [SATB Filtering (ms):  0.0  0.0  0.0  0.0  0.0  0.0  0.0  0.0
          Min: 0.0, Avg: 0.0, Max: 0.0, Diff: 0.0, Sum: 0.0]
      [Update RS (ms):  0.3  0.2  0.5  0.4  0.2  0.4  0.2  0.4
       Min: 0.2, Avg: 0.3, Max: 0.5, Diff: 0.2, Sum: 2.7]
         [Processed Buffers:  1  3  1  1  1  1  21  1
          Min: 1, Avg: 3.8, Max: 21, Diff: 20, Sum: 30]
      [Scan RS (ms):  0.0  0.0  0.0  0.0  0.0  0.0  0.0  0.0
       Min: 0.0, Avg: 0.0, Max: 0.0, Diff: 0.0, Sum: 0.1]
      [Code Root Scanning (ms):  0.0  0.0  0.0  0.0  0.0  0.0  0.0  0.0
       Min: 0.0, Avg: 0.0, Max: 0.0, Diff: 0.0, Sum: 0.1]
      [Object Copy (ms):  3.6  3.7  3.5  3.6  3.7  3.5  3.7  3.5
       Min: 3.5, Avg: 3.6, Max: 3.7, Diff: 0.2, Sum: 28.8]
      [Termination (ms):  0.0  0.0  0.0  0.0  0.0  0.0  0.0  0.0
       Min: 0.0, Avg: 0.0, Max: 0.0, Diff: 0.0, Sum: 0.0]
         [Termination Attempts:  2  2  1  2  1  2  2  2
          Min: 1, Avg: 1.8, Max: 2, Diff: 1, Sum: 14]
      [GC Worker Other (ms):  0.0  0.0  0.0  0.0  0.0  0.0  0.0  0.0
       Min: 0.0, Avg: 0.0, Max: 0.0, Diff: 0.0, Sum: 0.2]
      [GC Worker Total (ms):  4.2  4.2  4.2  4.2  4.2  4.2  4.2  4.2
       Min: 4.2, Avg: 4.2, Max: 4.2, Diff: 0.1, Sum: 33.7]
      [GC Worker End (ms):  21735.4  21735.4  21735.4  21735.4  21735.4  21735.4  21735.4  21735.4
       Min: 21735.4, Avg: 21735.4, Max: 21735.4, Diff: 0.0]
   [Code Root Fixup: 0.0 ms]
   [Code Root Purge: 0.0 ms]
   [Clear CT: 0.2 ms]
   [Other: 0.4 ms]
      [Choose CSet: 0.0 ms]
      [Ref Proc: 0.1 ms]
      [Ref Enq: 0.0 ms]
      [Redirty Cards: 0.1 ms]
         [Parallel Redirty:  0.0  0.0  0.0  0.0  0.0  0.0  0.0  0.0
          Min: 0.0, Avg: 0.0, Max: 0.0, Diff: 0.0, Sum: 0.0]
         [Redirtied Cards:  632  0  0  0  0  0  0  0
          Min: 0, Avg: 79.0, Max: 632, Diff: 632, Sum: 632]
      [Humongous Register: 0.0 ms]
         [Humongous Total: 0]
         [Humongous Candidate: 0]
      [Humongous Reclaim: 0.0 ms]
         [Humongous Reclaimed: 0]
      [Free CSet: 0.1 ms]
         [Young Free CSet: 0.1 ms]
         [Non-Young Free CSet: 0.0 ms]
   [Eden: 144.0M(144.0M)->0.0B(144.0M) Survivors: 9216.0K->9216.0K Heap: 193.8M(256.0M)->49.8M(256.0M)]
 [Times: user=0.04 sys=0.00, real=0.00 secs] 
21.944: [GC pause (GCLocker Initiated GC) (young), 0.0053089 secs]
   [Parallel Time: 4.6 ms, GC Workers: 8]
      [GC Worker Start (ms):  21943.8  21943.8  21943.8  21943.8  21943.8  21943.9  21943.9  21943.9
       Min: 21943.8, Avg: 21943.8, Max: 21943.9, Diff: 0.1]
      [Ext Root Scanning (ms):  0.3  0.6  0.3  0.2  0.2  0.2  0.2  0.2
       Min: 0.2, Avg: 0.3, Max: 0.6, Diff: 0.4, Sum: 2.1]
         [Thread Roots (ms):  0.0  0.1  0.2  0.0  0.1  0.0  0.0  0.0
          Min: 0.0, Avg: 0.1, Max: 0.2, Diff: 0.2, Sum: 0.5]
         [StringTable Roots (ms):  0.0  0.5  0.1  0.2  0.2  0.1  0.2  0.2
          Min: 0.0, Avg: 0.2, Max: 0.5, Diff: 0.4, Sum: 1.4]
         [Universe Roots (ms):  0.0  0.0  0.0  0.0  0.0  0.0  0.0  0.0
          Min: 0.0, Avg: 0.0, Max: 0.0, Diff: 0.0, Sum: 0.0]
         [JNI Handles Roots (ms):  0.0  0.0  0.0  0.0  0.0  0.0  0.0  0.0
          Min: 0.0, Avg: 0.0, Max: 0.0, Diff: 0.0, Sum: 0.0]
         [ObjectSynchronizer Roots (ms):  0.0  0.0  0.0  0.0  0.0  0.0  0.0  0.0
          Min: 0.0, Avg: 0.0, Max: 0.0, Diff: 0.0, Sum: 0.0]
         [FlatProfiler Roots (ms):  0.0  0.0  0.0  0.0  0.0  0.0  0.0  0.0
          Min: 0.0, Avg: 0.0, Max: 0.0, Diff: 0.0, Sum: 0.0]
         [Management Roots (ms):  0.0  0.0  0.0  0.0  0.0  0.0  0.0  0.0
          Min: 0.0, Avg: 0.0, Max: 0.0, Diff: 0.0, Sum: 0.0]
         [SystemDictionary Roots (ms):  0.0  0.0  0.0  0.0  0.0  0.1  0.0  0.0
          Min: 0.0, Avg: 0.0, Max: 0.1, Diff: 0.1, Sum: 0.1]
         [CLDG Roots (ms):  0.2  0.0  0.0  0.0  0.0  0.0  0.0  0.0
          Min: 0.0, Avg: 0.0, Max: 0.2, Diff: 0.2, Sum: 0.2]
         [JVMTI Roots (ms):  0.0  0.0  0.0  0.0  0.0  0.0  0.0  0.0
          Min: 0.0, Avg: 0.0, Max: 0.0, Diff: 0.0, Sum: 0.0]
         [CodeCache Roots (ms):  0.4  0.1  0.3  0.4  0.4  0.4  0.4  0.4
          Min: 0.1, Avg: 0.3, Max: 0.4, Diff: 0.4, Sum: 2.7]
         [CM RefProcessor Roots (ms):  0.0  0.0  0.0  0.0  0.0  0.0  0.0  0.0
          Min: 0.0, Avg: 0.0, Max: 0.0, Diff: 0.0, Sum: 0.0]
         [Wait For Strong CLD (ms):  0.0  0.0  0.0  0.0  0.0  0.0  0.0  0.0
          Min: 0.0, Avg: 0.0, Max: 0.0, Diff: 0.0, Sum: 0.0]
         [Weak CLD Roots (ms):  0.0  0.0  0.0  0.0  0.0  0.0  0.0  0.0
          Min: 0.0, Avg: 0.0, Max: 0.0, Diff: 0.0, Sum: 0.0]
         [SATB Filtering (ms):  0.0  0.0  0.0  0.0  0.0  0.0  0.0  0.0
          Min: 0.0, Avg: 0.0, Max: 0.0, Diff: 0.0, Sum: 0.0]
      [Update RS (ms):  0.4  0.0  0.3  0.3  0.4  0.4  0.4  0.4
       Min: 0.0, Avg: 0.3, Max: 0.4, Diff: 0.4, Sum: 2.6]
         [Processed Buffers:  2  0  1  24  1  1  1  1
          Min: 0, Avg: 3.9, Max: 24, Diff: 24, Sum: 31]
      [Scan RS (ms):  0.0  0.0  0.0  0.1  0.0  0.0  0.0  0.0
       Min: 0.0, Avg: 0.0, Max: 0.1, Diff: 0.1, Sum: 0.1]
      [Code Root Scanning (ms):  0.0  0.0  0.0  0.0  0.0  0.0  0.0  0.0
       Min: 0.0, Avg: 0.0, Max: 0.0, Diff: 0.0, Sum: 0.0]
      [Object Copy (ms):  3.8  3.8  3.9  3.9  3.8  3.8  3.9  3.8
       Min: 3.8, Avg: 3.8, Max: 3.9, Diff: 0.1, Sum: 30.7]
      [Termination (ms):  0.0  0.0  0.0  0.0  0.0  0.0  0.0  0.0
       Min: 0.0, Avg: 0.0, Max: 0.0, Diff: 0.0, Sum: 0.0]
         [Termination Attempts:  1  10  12  8  7  7  5  7
          Min: 1, Avg: 7.1, Max: 12, Diff: 11, Sum: 57]
      [GC Worker Other (ms):  0.0  0.0  0.1  0.0  0.1  0.1  0.1  0.0
       Min: 0.0, Avg: 0.0, Max: 0.1, Diff: 0.1, Sum: 0.4]
      [GC Worker Total (ms):  4.5  4.5  4.5  4.5  4.5  4.5  4.5  4.4
       Min: 4.4, Avg: 4.5, Max: 4.5, Diff: 0.1, Sum: 35.9]
      [GC Worker End (ms):  21948.3  21948.3  21948.4  21948.3  21948.3  21948.3  21948.3  21948.3
       Min: 21948.3, Avg: 21948.3, Max: 21948.4, Diff: 0.1]
   [Code Root Fixup: 0.1 ms]
   [Code Root Purge: 0.0 ms]
   [Clear CT: 0.1 ms]
   [Other: 0.6 ms]
      [Choose CSet: 0.0 ms]
      [Ref Proc: 0.2 ms]
      [Ref Enq: 0.0 ms]
      [Redirty Cards: 0.2 ms]
         [Parallel Redirty:  0.0  0.0  0.0  0.0  0.0  0.0  0.0  0.0
          Min: 0.0, Avg: 0.0, Max: 0.0, Diff: 0.0, Sum: 0.0]
         [Redirtied Cards:  601  0  0  0  0  0  0  0
          Min: 0, Avg: 75.1, Max: 601, Diff: 601, Sum: 601]
      [Humongous Register: 0.0 ms]
         [Humongous Total: 0]
         [Humongous Candidate: 0]
      [Humongous Reclaim: 0.0 ms]
         [Humongous Reclaimed: 0]
      [Free CSet: 0.1 ms]
         [Young Free CSet: 0.1 ms]
         [Non-Young Free CSet: 0.0 ms]
   [Eden: 144.0M(144.0M)->0.0B(145.0M) Survivors: 9216.0K->8192.0K Heap: 193.8M(256.0M)->49.8M(256.0M)]
 [Times: user=0.03 sys=0.00, real=0.01 secs] 
22.160: [GC pause (G1 Evacuation Pause) (young), 0.0047063 secs]
   [Parallel Time: 4.2 ms, GC Workers: 8]
      [GC Worker Start (ms):  22159.6  22159.7  22159.7  22159.7  22159.7  22159.7  22159.7  22159.7
       Min: 22159.6, Avg: 22159.7, Max: 22159.7, Diff: 0.1]
      [Ext Root Scanning (ms):  0.2  0.2  0.2  0.2  0.2  0.2  0.2  0.2
       Min: 0.2, Avg: 0.2, Max: 0.2, Diff: 0.1, Sum: 1.6]
         [Thread Roots (ms):  0.0  0.1  0.1  0.0  0.1  0.0  0.0  0.0
          Min: 0.0, Avg: 0.0, Max: 0.1, Diff: 0.1, Sum: 0.3]
         [StringTable Roots (ms):  0.0  0.2  0.1  0.2  0.1  0.2  0.1  0.2
          Min: 0.0, Avg: 0.1, Max: 0.2, Diff: 0.2, Sum: 1.0]
         [Universe Roots (ms):  0.0  0.0  0.0  0.0  0.0  0.0  0.0  0.0
          Min: 0.0, Avg: 0.0, Max: 0.0, Diff: 0.0, Sum: 0.0]
         [JNI Handles Roots (ms):  0.0  0.0  0.0  0.0  0.0  0.0  0.0  0.0
          Min: 0.0, Avg: 0.0, Max: 0.0, Diff: 0.0, Sum: 0.0]
         [ObjectSynchronizer Roots (ms):  0.0  0.0  0.0  0.0  0.0  0.0  0.0  0.0
          Min: 0.0, Avg: 0.0, Max: 0.0, Diff: 0.0, Sum: 0.0]
         [FlatProfiler Roots (ms):  0.0  0.0  0.0  0.0  0.0  0.0  0.0  0.0
          Min: 0.0, Avg: 0.0, Max: 0.0, Diff: 0.0, Sum: 0.0]
         [Management Roots (ms):  0.0  0.0  0.0  0.0  0.0  0.0  0.0  0.0
          Min: 0.0, Avg: 0.0, Max: 0.0, Diff: 0.0, Sum: 0.0]
         [SystemDictionary Roots (ms):  0.0  0.0  0.0  0.0  0.0  0.0  0.1  0.0
          Min: 0.0, Avg: 0.0, Max: 0.1, Diff: 0.1, Sum: 0.1]
         [CLDG Roots (ms):  0.2  0.0  0.0  0.0  0.0  0.0  0.0  0.0
          Min: 0.0, Avg: 0.0, Max: 0.2, Diff: 0.2, Sum: 0.2]
         [JVMTI Roots (ms):  0.0  0.0  0.0  0.0  0.0  0.0  0.0  0.0
          Min: 0.0, Avg: 0.0, Max: 0.0, Diff: 0.0, Sum: 0.0]
         [CodeCache Roots (ms):  0.4  0.4  0.4  0.3  0.4  0.3  0.3  0.3
          Min: 0.3, Avg: 0.3, Max: 0.4, Diff: 0.2, Sum: 2.7]
         [CM RefProcessor Roots (ms):  0.0  0.0  0.0  0.0  0.0  0.0  0.0  0.0
          Min: 0.0, Avg: 0.0, Max: 0.0, Diff: 0.0, Sum: 0.0]
         [Wait For Strong CLD (ms):  0.0  0.0  0.0  0.0  0.0  0.0  0.0  0.0
          Min: 0.0, Avg: 0.0, Max: 0.0, Diff: 0.0, Sum: 0.0]
         [Weak CLD Roots (ms):  0.0  0.0  0.0  0.0  0.0  0.0  0.0  0.0
          Min: 0.0, Avg: 0.0, Max: 0.0, Diff: 0.0, Sum: 0.0]
         [SATB Filtering (ms):  0.0  0.0  0.0  0.0  0.0  0.0  0.0  0.0
          Min: 0.0, Avg: 0.0, Max: 0.0, Diff: 0.0, Sum: 0.0]
      [Update RS (ms):  0.4  0.4  0.4  0.2  0.4  0.3  0.2  0.2
       Min: 0.2, Avg: 0.3, Max: 0.4, Diff: 0.2, Sum: 2.5]
         [Processed Buffers:  1  1  1  20  1  1  1  1
          Min: 1, Avg: 3.4, Max: 20, Diff: 19, Sum: 27]
      [Scan RS (ms):  0.0  0.0  0.0  0.1  0.0  0.0  0.0  0.0
       Min: 0.0, Avg: 0.0, Max: 0.1, Diff: 0.1, Sum: 0.1]
      [Code Root Scanning (ms):  0.0  0.0  0.0  0.0  0.0  0.0  0.0  0.0
       Min: 0.0, Avg: 0.0, Max: 0.0, Diff: 0.0, Sum: 0.0]
      [Object Copy (ms):  3.5  3.5  3.5  3.6  3.4  3.6  3.6  3.6
       Min: 3.4, Avg: 3.5, Max: 3.6, Diff: 0.2, Sum: 28.3]
      [Termination (ms):  0.0  0.0  0.0  0.0  0.0  0.0  0.0  0.0
       Min: 0.0, Avg: 0.0, Max: 0.0, Diff: 0.0, Sum: 0.0]
         [Termination Attempts:  1  1  1  1  1  1  1  1
          Min: 1, Avg: 1.0, Max: 1, Diff: 0, Sum: 8]
      [GC Worker Other (ms):  0.0  0.0  0.0  0.1  0.0  0.0  0.1  0.1
       Min: 0.0, Avg: 0.0, Max: 0.1, Diff: 0.1, Sum: 0.3]
      [GC Worker Total (ms):  4.1  4.1  4.1  4.1  4.1  4.1  4.1  4.1
       Min: 4.1, Avg: 4.1, Max: 4.1, Diff: 0.1, Sum: 32.8]
      [GC Worker End (ms):  22163.8  22163.8  22163.8  22163.8  22163.8  22163.8  22163.8  22163.8
       Min: 22163.8, Avg: 22163.8, Max: 22163.8, Diff: 0.1]
   [Code Root Fixup: 0.0 ms]
   [Code Root Purge: 0.0 ms]
   [Clear CT: 0.1 ms]
   [Other: 0.4 ms]
      [Choose CSet: 0.0 ms]
      [Ref Proc: 0.1 ms]
      [Ref Enq: 0.0 ms]
      [Redirty Cards: 0.1 ms]
         [Parallel Redirty:  0.0  0.0  0.0  0.0  0.0  0.0  0.0  0.0
          Min: 0.0, Avg: 0.0, Max: 0.0, Diff: 0.0, Sum: 0.0]
         [Redirtied Cards:  569  0  0  0  0  0  0  0
          Min: 0, Avg: 71.1, Max: 569, Diff: 569, Sum: 569]
      [Humongous Register: 0.0 ms]
         [Humongous Total: 0]
         [Humongous Candidate: 0]
      [Humongous Reclaim: 0.0 ms]
         [Humongous Reclaimed: 0]
      [Free CSet: 0.1 ms]
         [Young Free CSet: 0.1 ms]
         [Non-Young Free CSet: 0.0 ms]
   [Eden: 145.0M(145.0M)->0.0B(144.0M) Survivors: 8192.0K->9216.0K Heap: 194.8M(256.0M)->50.8M(256.0M)]
 [Times: user=0.03 sys=0.01, real=0.00 secs] 
22.372: [GC pause (G1 Evacuation Pause) (young), 0.0048395 secs]
   [Parallel Time: 4.3 ms, GC Workers: 8]
      [GC Worker Start (ms):  22372.1  22372.1  22372.2  22372.2  22372.2  22372.2  22372.2  22372.2
       Min: 22372.1, Avg: 22372.2, Max: 22372.2, Diff: 0.1]
      [Ext Root Scanning (ms):  0.2  0.2  0.2  0.2  0.2  0.2  0.2  0.2
       Min: 0.2, Avg: 0.2, Max: 0.2, Diff: 0.1, Sum: 1.7]
         [Thread Roots (ms):  0.0  0.1  0.1  0.0  0.0  0.0  0.0  0.0
          Min: 0.0, Avg: 0.0, Max: 0.1, Diff: 0.1, Sum: 0.4]
         [StringTable Roots (ms):  0.0  0.1  0.1  0.2  0.1  0.2  0.1  0.2
          Min: 0.0, Avg: 0.1, Max: 0.2, Diff: 0.2, Sum: 1.0]
         [Universe Roots (ms):  0.0  0.0  0.0  0.0  0.0  0.0  0.0  0.0
          Min: 0.0, Avg: 0.0, Max: 0.0, Diff: 0.0, Sum: 0.0]
         [JNI Handles Roots (ms):  0.0  0.0  0.0  0.0  0.0  0.0  0.0  0.0
          Min: 0.0, Avg: 0.0, Max: 0.0, Diff: 0.0, Sum: 0.0]
         [ObjectSynchronizer Roots (ms):  0.0  0.0  0.0  0.0  0.0  0.0  0.0  0.0
          Min: 0.0, Avg: 0.0, Max: 0.0, Diff: 0.0, Sum: 0.0]
         [FlatProfiler Roots (ms):  0.0  0.0  0.0  0.0  0.0  0.0  0.0  0.0
          Min: 0.0, Avg: 0.0, Max: 0.0, Diff: 0.0, Sum: 0.0]
         [Management Roots (ms):  0.0  0.0  0.0  0.0  0.0  0.0  0.0  0.0
          Min: 0.0, Avg: 0.0, Max: 0.0, Diff: 0.0, Sum: 0.0]
         [SystemDictionary Roots (ms):  0.0  0.0  0.0  0.0  0.1  0.0  0.0  0.0
          Min: 0.0, Avg: 0.0, Max: 0.1, Diff: 0.1, Sum: 0.1]
         [CLDG Roots (ms):  0.2  0.0  0.0  0.0  0.0  0.0  0.0  0.0
          Min: 0.0, Avg: 0.0, Max: 0.2, Diff: 0.2, Sum: 0.2]
         [JVMTI Roots (ms):  0.0  0.0  0.0  0.0  0.0  0.0  0.0  0.0
          Min: 0.0, Avg: 0.0, Max: 0.0, Diff: 0.0, Sum: 0.0]
         [CodeCache Roots (ms):  0.4  0.3  0.4  0.3  0.3  0.2  0.4  0.2
          Min: 0.2, Avg: 0.3, Max: 0.4, Diff: 0.2, Sum: 2.5]
         [CM RefProcessor Roots (ms):  0.0  0.0  0.0  0.0  0.0  0.0  0.0  0.0
          Min: 0.0, Avg: 0.0, Max: 0.0, Diff: 0.0, Sum: 0.0]
         [Wait For Strong CLD (ms):  0.0  0.0  0.0  0.0  0.0  0.0  0.0  0.0
          Min: 0.0, Avg: 0.0, Max: 0.0, Diff: 0.0, Sum: 0.0]
         [Weak CLD Roots (ms):  0.0  0.0  0.0  0.0  0.0  0.0  0.0  0.0
          Min: 0.0, Avg: 0.0, Max: 0.0, Diff: 0.0, Sum: 0.0]
         [SATB Filtering (ms):  0.0  0.0  0.0  0.0  0.0  0.0  0.0  0.0
          Min: 0.0, Avg: 0.0, Max: 0.0, Diff: 0.0, Sum: 0.0]
      [Update RS (ms):  0.4  0.2  0.4  0.3  0.2  0.2  0.4  0.2
       Min: 0.2, Avg: 0.3, Max: 0.4, Diff: 0.2, Sum: 2.3]
         [Processed Buffers:  1  1  1  1  1  2  1  22
          Min: 1, Avg: 3.8, Max: 22, Diff: 21, Sum: 30]
      [Scan RS (ms):  0.0  0.0  0.0  0.0  0.0  0.0  0.0  0.1
       Min: 0.0, Avg: 0.0, Max: 0.1, Diff: 0.0, Sum: 0.1]
      [Code Root Scanning (ms):  0.0  0.0  0.0  0.0  0.0  0.0  0.0  0.0
       Min: 0.0, Avg: 0.0, Max: 0.0, Diff: 0.0, Sum: 0.0]
      [Object Copy (ms):  3.5  3.7  3.6  3.7  3.7  3.7  3.6  3.7
       Min: 3.5, Avg: 3.6, Max: 3.7, Diff: 0.2, Sum: 29.1]
      [Termination (ms):  0.0  0.0  0.0  0.0  0.0  0.0  0.0  0.0
       Min: 0.0, Avg: 0.0, Max: 0.0, Diff: 0.0, Sum: 0.0]
         [Termination Attempts:  2  2  1  2  2  1  2  1
          Min: 1, Avg: 1.6, Max: 2, Diff: 1, Sum: 13]
      [GC Worker Other (ms):  0.0  0.0  0.0  0.0  0.0  0.0  0.0  0.0
       Min: 0.0, Avg: 0.0, Max: 0.0, Diff: 0.0, Sum: 0.2]
      [GC Worker Total (ms):  4.2  4.2  4.2  4.2  4.2  4.2  4.1  4.2
       Min: 4.1, Avg: 4.2, Max: 4.2, Diff: 0.1, Sum: 33.5]
      [GC Worker End (ms):  22376.4  22376.4  22376.3  22376.3  22376.3  22376.4  22376.3  22376.4
       Min: 22376.3, Avg: 22376.4, Max: 22376.4, Diff: 0.0]
   [Code Root Fixup: 0.0 ms]
   [Code Root Purge: 0.0 ms]
   [Clear CT: 0.1 ms]
   [Other: 0.4 ms]
      [Choose CSet: 0.0 ms]
      [Ref Proc: 0.2 ms]
      [Ref Enq: 0.0 ms]
      [Redirty Cards: 0.1 ms]
         [Parallel Redirty:  0.0  0.0  0.0  0.0  0.0  0.0  0.0  0.0
          Min: 0.0, Avg: 0.0, Max: 0.0, Diff: 0.0, Sum: 0.0]
         [Redirtied Cards:  170  366  0  0  0  0  0  0
          Min: 0, Avg: 67.0, Max: 366, Diff: 366, Sum: 536]
      [Humongous Register: 0.0 ms]
         [Humongous Total: 0]
         [Humongous Candidate: 0]
      [Humongous Reclaim: 0.0 ms]
         [Humongous Reclaimed: 0]
      [Free CSet: 0.1 ms]
         [Young Free CSet: 0.1 ms]
         [Non-Young Free CSet: 0.0 ms]
   [Eden: 144.0M(144.0M)->0.0B(144.0M) Survivors: 9216.0K->9216.0K Heap: 194.8M(256.0M)->51.4M(256.0M)]
 [Times: user=0.03 sys=0.00, real=0.00 secs] 
22.585: [GC pause (G1 Evacuation Pause) (young), 0.0046832 secs]
   [Parallel Time: 4.2 ms, GC Workers: 8]
      [GC Worker Start (ms):  22585.2  22585.2  22585.2  22585.2  22585.2  22585.2  22585.2  22585.2
       Min: 22585.2, Avg: 22585.2, Max: 22585.2, Diff: 0.1]
      [Ext Root Scanning (ms):  0.3  0.2  0.2  0.2  0.2  0.2  0.2  0.2
       Min: 0.2, Avg: 0.2, Max: 0.3, Diff: 0.1, Sum: 1.7]
         [Thread Roots (ms):  0.0  0.1  0.1  0.1  0.0  0.1  0.0  0.0
          Min: 0.0, Avg: 0.1, Max: 0.1, Diff: 0.1, Sum: 0.4]
         [StringTable Roots (ms):  0.0  0.2  0.1  0.1  0.2  0.2  0.2  0.2
          Min: 0.0, Avg: 0.1, Max: 0.2, Diff: 0.2, Sum: 1.0]
         [Universe Roots (ms):  0.0  0.0  0.0  0.0  0.0  0.0  0.0  0.0
          Min: 0.0, Avg: 0.0, Max: 0.0, Diff: 0.0, Sum: 0.0]
         [JNI Handles Roots (ms):  0.0  0.0  0.0  0.0  0.0  0.0  0.0  0.0
          Min: 0.0, Avg: 0.0, Max: 0.0, Diff: 0.0, Sum: 0.0]
         [ObjectSynchronizer Roots (ms):  0.0  0.0  0.0  0.0  0.0  0.0  0.0  0.0
          Min: 0.0, Avg: 0.0, Max: 0.0, Diff: 0.0, Sum: 0.0]
         [FlatProfiler Roots (ms):  0.0  0.0  0.0  0.0  0.0  0.0  0.0  0.0
          Min: 0.0, Avg: 0.0, Max: 0.0, Diff: 0.0, Sum: 0.0]
         [Management Roots (ms):  0.0  0.0  0.0  0.0  0.0  0.0  0.0  0.0
          Min: 0.0, Avg: 0.0, Max: 0.0, Diff: 0.0, Sum: 0.0]
         [SystemDictionary Roots (ms):  0.0  0.0  0.0  0.1  0.0  0.0  0.0  0.0
          Min: 0.0, Avg: 0.0, Max: 0.1, Diff: 0.1, Sum: 0.1]
         [CLDG Roots (ms):  0.2  0.0  0.0  0.0  0.0  0.0  0.0  0.0
          Min: 0.0, Avg: 0.0, Max: 0.2, Diff: 0.2, Sum: 0.2]
         [JVMTI Roots (ms):  0.0  0.0  0.0  0.0  0.0  0.0  0.0  0.0
          Min: 0.0, Avg: 0.0, Max: 0.0, Diff: 0.0, Sum: 0.0]
         [CodeCache Roots (ms):  0.3  0.2  0.4  0.2  0.3  0.4  0.2  0.3
          Min: 0.2, Avg: 0.3, Max: 0.4, Diff: 0.1, Sum: 2.2]
         [CM RefProcessor Roots (ms):  0.0  0.0  0.0  0.0  0.0  0.0  0.0  0.0
          Min: 0.0, Avg: 0.0, Max: 0.0, Diff: 0.0, Sum: 0.0]
         [Wait For Strong CLD (ms):  0.0  0.0  0.0  0.0  0.0  0.0  0.0  0.0
          Min: 0.0, Avg: 0.0, Max: 0.0, Diff: 0.0, Sum: 0.0]
         [Weak CLD Roots (ms):  0.0  0.0  0.0  0.0  0.0  0.0  0.0  0.0
          Min: 0.0, Avg: 0.0, Max: 0.0, Diff: 0.0, Sum: 0.0]
         [SATB Filtering (ms):  0.0  0.0  0.0  0.0  0.0  0.0  0.0  0.0
          Min: 0.0, Avg: 0.0, Max: 0.0, Diff: 0.0, Sum: 0.0]
      [Update RS (ms):  0.2  0.2  0.3  0.2  0.3  0.4  0.2  0.3
       Min: 0.2, Avg: 0.3, Max: 0.4, Diff: 0.2, Sum: 2.1]
         [Processed Buffers:  1  18  1  1  1  1  5  1
          Min: 1, Avg: 3.6, Max: 18, Diff: 17, Sum: 29]
      [Scan RS (ms):  0.0  0.1  0.0  0.0  0.0  0.0  0.0  0.0
       Min: 0.0, Avg: 0.0, Max: 0.1, Diff: 0.1, Sum: 0.1]
      [Code Root Scanning (ms):  0.0  0.0  0.0  0.0  0.0  0.0  0.0  0.0
       Min: 0.0, Avg: 0.0, Max: 0.0, Diff: 0.0, Sum: 0.0]
      [Object Copy (ms):  3.6  3.6  3.5  3.6  3.5  3.5  3.6  3.6
       Min: 3.5, Avg: 3.5, Max: 3.6, Diff: 0.1, Sum: 28.4]
      [Termination (ms):  0.0  0.0  0.0  0.0  0.0  0.0  0.0  0.0
       Min: 0.0, Avg: 0.0, Max: 0.0, Diff: 0.0, Sum: 0.0]
         [Termination Attempts:  5  7  8  1  4  4  6  6
          Min: 1, Avg: 5.1, Max: 8, Diff: 7, Sum: 41]
      [GC Worker Other (ms):  0.0  0.0  0.1  0.0  0.0  0.1  0.0  0.0
       Min: 0.0, Avg: 0.0, Max: 0.1, Diff: 0.1, Sum: 0.3]
      [GC Worker Total (ms):  4.1  4.1  4.1  4.1  4.1  4.1  4.0  4.0
       Min: 4.0, Avg: 4.1, Max: 4.1, Diff: 0.1, Sum: 32.6]
      [GC Worker End (ms):  22589.3  22589.2  22589.3  22589.3  22589.3  22589.3  22589.2  22589.2
       Min: 22589.2, Avg: 22589.3, Max: 22589.3, Diff: 0.1]
   [Code Root Fixup: 0.0 ms]
   [Code Root Purge: 0.0 ms]
   [Clear CT: 0.1 ms]
   [Other: 0.4 ms]
      [Choose CSet: 0.0 ms]
      [Ref Proc: 0.1 ms]
      [Ref Enq: 0.0 ms]
      [Redirty Cards: 0.1 ms]
         [Parallel Redirty:  0.0  0.0  0.0  0.0  0.0  0.0  0.0  0.0
          Min: 0.0, Avg: 0.0, Max: 0.0, Diff: 0.0, Sum: 0.0]
         [Redirtied Cards:  498  0  0  0  0  0  0  0
          Min: 0, Avg: 62.2, Max: 498, Diff: 498, Sum: 498]
      [Humongous Register: 0.0 ms]
         [Humongous Total: 0]
         [Humongous Candidate: 0]
      [Humongous Reclaim: 0.0 ms]
         [Humongous Reclaimed: 0]
      [Free CSet: 0.1 ms]
         [Young Free CSet: 0.1 ms]
         [Non-Young Free CSet: 0.0 ms]
   [Eden: 144.0M(144.0M)->0.0B(144.0M) Survivors: 9216.0K->9216.0K Heap: 195.4M(256.0M)->51.9M(256.0M)]
 [Times: user=0.03 sys=0.00, real=0.01 secs] 
22.801: [GC pause (G1 Evacuation Pause) (young), 0.0047402 secs]
   [Parallel Time: 4.3 ms, GC Workers: 8]
      [GC Worker Start (ms):  22801.4  22801.4  22801.4  22801.5  22801.5  22801.5  22801.5  22801.5
       Min: 22801.4, Avg: 22801.5, Max: 22801.5, Diff: 0.1]
      [Ext Root Scanning (ms):  0.2  0.2  0.2  0.2  0.2  0.2  0.2  0.2
       Min: 0.2, Avg: 0.2, Max: 0.2, Diff: 0.1, Sum: 1.6]
         [Thread Roots (ms):  0.0  0.1  0.1  0.1  0.1  0.0  0.0  0.0
          Min: 0.0, Avg: 0.0, Max: 0.1, Diff: 0.1, Sum: 0.3]
         [StringTable Roots (ms):  0.0  0.2  0.1  0.1  0.1  0.2  0.2  0.2
          Min: 0.0, Avg: 0.1, Max: 0.2, Diff: 0.1, Sum: 1.0]
         [Universe Roots (ms):  0.0  0.0  0.0  0.0  0.0  0.0  0.0  0.0
          Min: 0.0, Avg: 0.0, Max: 0.0, Diff: 0.0, Sum: 0.0]
         [JNI Handles Roots (ms):  0.0  0.0  0.0  0.0  0.0  0.0  0.0  0.0
          Min: 0.0, Avg: 0.0, Max: 0.0, Diff: 0.0, Sum: 0.0]
         [ObjectSynchronizer Roots (ms):  0.0  0.0  0.0  0.0  0.0  0.0  0.0  0.0
          Min: 0.0, Avg: 0.0, Max: 0.0, Diff: 0.0, Sum: 0.0]
         [FlatProfiler Roots (ms):  0.0  0.0  0.0  0.0  0.0  0.0  0.0  0.0
          Min: 0.0, Avg: 0.0, Max: 0.0, Diff: 0.0, Sum: 0.0]
         [Management Roots (ms):  0.0  0.0  0.0  0.0  0.0  0.0  0.0  0.0
          Min: 0.0, Avg: 0.0, Max: 0.0, Diff: 0.0, Sum: 0.0]
         [SystemDictionary Roots (ms):  0.0  0.0  0.1  0.0  0.0  0.0  0.0  0.0
          Min: 0.0, Avg: 0.0, Max: 0.1, Diff: 0.1, Sum: 0.1]
         [CLDG Roots (ms):  0.2  0.0  0.0  0.0  0.0  0.0  0.0  0.0
          Min: 0.0, Avg: 0.0, Max: 0.2, Diff: 0.2, Sum: 0.2]
         [JVMTI Roots (ms):  0.0  0.0  0.0  0.0  0.0  0.0  0.0  0.0
          Min: 0.0, Avg: 0.0, Max: 0.0, Diff: 0.0, Sum: 0.0]
         [CodeCache Roots (ms):  0.3  0.2  0.3  0.2  0.3  0.2  0.3  0.2
          Min: 0.2, Avg: 0.2, Max: 0.3, Diff: 0.2, Sum: 1.9]
         [CM RefProcessor Roots (ms):  0.0  0.0  0.0  0.0  0.0  0.0  0.0  0.0
          Min: 0.0, Avg: 0.0, Max: 0.0, Diff: 0.0, Sum: 0.0]
         [Wait For Strong CLD (ms):  0.0  0.0  0.0  0.0  0.0  0.0  0.0  0.0
          Min: 0.0, Avg: 0.0, Max: 0.0, Diff: 0.0, Sum: 0.0]
         [Weak CLD Roots (ms):  0.0  0.0  0.0  0.0  0.0  0.0  0.0  0.0
          Min: 0.0, Avg: 0.0, Max: 0.0, Diff: 0.0, Sum: 0.0]
         [SATB Filtering (ms):  0.0  0.0  0.0  0.0  0.0  0.0  0.0  0.0
          Min: 0.0, Avg: 0.0, Max: 0.0, Diff: 0.0, Sum: 0.0]
      [Update RS (ms):  0.3  0.1  0.3  0.1  0.3  0.2  0.3  0.1
       Min: 0.1, Avg: 0.2, Max: 0.3, Diff: 0.2, Sum: 1.7]
         [Processed Buffers:  1  3  1  16  1  1  1  4
          Min: 1, Avg: 3.5, Max: 16, Diff: 15, Sum: 28]
      [Scan RS (ms):  0.0  0.0  0.0  0.0  0.0  0.0  0.0  0.0
       Min: 0.0, Avg: 0.0, Max: 0.0, Diff: 0.0, Sum: 0.1]
      [Code Root Scanning (ms):  0.0  0.0  0.0  0.0  0.0  0.0  0.0  0.0
       Min: 0.0, Avg: 0.0, Max: 0.0, Diff: 0.0, Sum: 0.0]
      [Object Copy (ms):  3.6  3.8  3.7  3.8  3.6  3.7  3.7  3.8
       Min: 3.6, Avg: 3.7, Max: 3.8, Diff: 0.2, Sum: 29.7]
      [Termination (ms):  0.0  0.0  0.0  0.0  0.0  0.0  0.0  0.0
       Min: 0.0, Avg: 0.0, Max: 0.0, Diff: 0.0, Sum: 0.0]
         [Termination Attempts:  6  5  3  8  6  5  4  8
          Min: 3, Avg: 5.6, Max: 8, Diff: 5, Sum: 45]
      [GC Worker Other (ms):  0.0  0.0  0.0  0.1  0.1  0.0  0.0  0.1
       Min: 0.0, Avg: 0.0, Max: 0.1, Diff: 0.1, Sum: 0.3]
      [GC Worker Total (ms):  4.2  4.2  4.2  4.2  4.2  4.1  4.2  4.2
       Min: 4.1, Avg: 4.2, Max: 4.2, Diff: 0.1, Sum: 33.4]
      [GC Worker End (ms):  22805.6  22805.6  22805.6  22805.7  22805.6  22805.6  22805.6  22805.7
       Min: 22805.6, Avg: 22805.6, Max: 22805.7, Diff: 0.1]
   [Code Root Fixup: 0.0 ms]
   [Code Root Purge: 0.0 ms]
   [Clear CT: 0.1 ms]
   [Other: 0.3 ms]
      [Choose CSet: 0.0 ms]
      [Ref Proc: 0.1 ms]
      [Ref Enq: 0.0 ms]
      [Redirty Cards: 0.1 ms]
         [Parallel Redirty:  0.0  0.0  0.0  0.0  0.0  0.0  0.0  0.0
          Min: 0.0, Avg: 0.0, Max: 0.0, Diff: 0.0, Sum: 0.0]
         [Redirtied Cards:  569  0  0  0  0  0  0  0
          Min: 0, Avg: 71.1, Max: 569, Diff: 569, Sum: 569]
      [Humongous Register: 0.0 ms]
         [Humongous Total: 0]
         [Humongous Candidate: 0]
      [Humongous Reclaim: 0.0 ms]
         [Humongous Reclaimed: 0]
      [Free CSet: 0.1 ms]
         [Young Free CSet: 0.1 ms]
         [Non-Young Free CSet: 0.0 ms]
   [Eden: 144.0M(144.0M)->0.0B(144.0M) Survivors: 9216.0K->9216.0K Heap: 195.9M(256.0M)->52.6M(256.0M)]
 [Times: user=0.03 sys=0.01, real=0.00 secs] 
23.012: [GC pause (G1 Evacuation Pause) (young), 0.0059025 secs]
   [Parallel Time: 5.3 ms, GC Workers: 8]
      [GC Worker Start (ms):  23012.3  23012.3  23012.3  23012.4  23012.4  23012.4  23012.4  23012.4
       Min: 23012.3, Avg: 23012.4, Max: 23012.4, Diff: 0.1]
      [Ext Root Scanning (ms):  0.3  0.3  0.3  0.3  0.2  0.2  0.2  0.2
       Min: 0.2, Avg: 0.3, Max: 0.3, Diff: 0.1, Sum: 2.1]
         [Thread Roots (ms):  0.0  0.1  0.1  0.3  0.1  0.0  0.0  0.0
          Min: 0.0, Avg: 0.1, Max: 0.3, Diff: 0.3, Sum: 0.7]
         [StringTable Roots (ms):  0.0  0.1  0.1  0.0  0.2  0.2  0.2  0.2
          Min: 0.0, Avg: 0.1, Max: 0.2, Diff: 0.2, Sum: 1.0]
         [Universe Roots (ms):  0.0  0.0  0.0  0.0  0.0  0.0  0.0  0.0
          Min: 0.0, Avg: 0.0, Max: 0.0, Diff: 0.0, Sum: 0.0]
         [JNI Handles Roots (ms):  0.0  0.0  0.0  0.0  0.0  0.0  0.0  0.0
          Min: 0.0, Avg: 0.0, Max: 0.0, Diff: 0.0, Sum: 0.0]
         [ObjectSynchronizer Roots (ms):  0.0  0.0  0.0  0.0  0.0  0.0  0.0  0.0
          Min: 0.0, Avg: 0.0, Max: 0.0, Diff: 0.0, Sum: 0.0]
         [FlatProfiler Roots (ms):  0.0  0.0  0.0  0.0  0.0  0.0  0.0  0.0
          Min: 0.0, Avg: 0.0, Max: 0.0, Diff: 0.0, Sum: 0.0]
         [Management Roots (ms):  0.0  0.0  0.0  0.0  0.0  0.0  0.0  0.0
          Min: 0.0, Avg: 0.0, Max: 0.0, Diff: 0.0, Sum: 0.0]
         [SystemDictionary Roots (ms):  0.0  0.0  0.1  0.0  0.0  0.0  0.0  0.0
          Min: 0.0, Avg: 0.0, Max: 0.1, Diff: 0.1, Sum: 0.1]
         [CLDG Roots (ms):  0.3  0.0  0.0  0.0  0.0  0.0  0.0  0.0
          Min: 0.0, Avg: 0.0, Max: 0.3, Diff: 0.3, Sum: 0.3]
         [JVMTI Roots (ms):  0.0  0.0  0.0  0.0  0.0  0.0  0.0  0.0
          Min: 0.0, Avg: 0.0, Max: 0.0, Diff: 0.0, Sum: 0.0]
         [CodeCache Roots (ms):  4.8  0.3  0.2  0.2  0.8  0.3  0.3  0.0
          Min: 0.0, Avg: 0.8, Max: 4.8, Diff: 4.8, Sum: 6.8]
         [CM RefProcessor Roots (ms):  0.0  0.0  0.0  0.0  0.0  0.0  0.0  0.0
          Min: 0.0, Avg: 0.0, Max: 0.0, Diff: 0.0, Sum: 0.0]
         [Wait For Strong CLD (ms):  0.0  0.0  0.0  0.0  0.0  0.0  0.0  0.0
          Min: 0.0, Avg: 0.0, Max: 0.0, Diff: 0.0, Sum: 0.0]
         [Weak CLD Roots (ms):  0.0  0.0  0.0  0.0  0.0  0.0  0.0  0.0
          Min: 0.0, Avg: 0.0, Max: 0.0, Diff: 0.0, Sum: 0.0]
         [SATB Filtering (ms):  0.0  0.0  0.0  0.0  0.0  0.0  0.0  0.0
          Min: 0.0, Avg: 0.0, Max: 0.0, Diff: 0.0, Sum: 0.0]
      [Update RS (ms):  4.8  0.2  0.2  0.2  0.8  0.3  0.2  0.0
       Min: 0.0, Avg: 0.8, Max: 4.8, Diff: 4.8, Sum: 6.6]
         [Processed Buffers:  1  2  2  4  1  1  17  0
          Min: 0, Avg: 3.5, Max: 17, Diff: 17, Sum: 28]
      [Scan RS (ms):  0.0  0.0  0.1  0.0  0.0  0.0  0.0  0.0
       Min: 0.0, Avg: 0.0, Max: 0.1, Diff: 0.0, Sum: 0.1]
      [Code Root Scanning (ms):  0.0  0.0  0.0  0.0  0.0  0.0  0.0  0.0
       Min: 0.0, Avg: 0.0, Max: 0.0, Diff: 0.0, Sum: 0.0]
      [Object Copy (ms):  0.1  4.7  4.7  4.6  4.1  4.6  4.6  4.9
       Min: 0.1, Avg: 4.0, Max: 4.9, Diff: 4.8, Sum: 32.2]
      [Termination (ms):  0.1  0.1  0.0  0.2  0.1  0.1  0.1  0.1
       Min: 0.0, Avg: 0.1, Max: 0.2, Diff: 0.1, Sum: 0.9]
         [Termination Attempts:  1  34  33  30  53  48  36  40
          Min: 1, Avg: 34.4, Max: 53, Diff: 52, Sum: 275]
      [GC Worker Other (ms):  0.0  0.0  0.0  0.0  0.0  0.0  0.0  0.0
       Min: 0.0, Avg: 0.0, Max: 0.0, Diff: 0.0, Sum: 0.1]
      [GC Worker Total (ms):  5.3  5.3  5.3  5.3  5.3  5.2  5.2  5.2
       Min: 5.2, Avg: 5.3, Max: 5.3, Diff: 0.1, Sum: 42.1]
      [GC Worker End (ms):  23017.6  23017.6  23017.6  23017.6  23017.6  23017.6  23017.6  23017.6
       Min: 23017.6, Avg: 23017.6, Max: 23017.6, Diff: 0.0]
   [Code Root Fixup: 0.0 ms]
   [Code Root Purge: 0.0 ms]
   [Clear CT: 0.1 ms]
   [Other: 0.4 ms]
      [Choose CSet: 0.0 ms]
      [Ref Proc: 0.2 ms]
      [Ref Enq: 0.0 ms]
      [Redirty Cards: 0.1 ms]
         [Parallel Redirty:  0.0  0.0  0.0  0.0  0.0  0.0  0.0  0.0
          Min: 0.0, Avg: 0.0, Max: 0.0, Diff: 0.0, Sum: 0.0]
         [Redirtied Cards:  466  0  0  0  0  0  0  0
          Min: 0, Avg: 58.2, Max: 466, Diff: 466, Sum: 466]
      [Humongous Register: 0.0 ms]
         [Humongous Total: 0]
         [Humongous Candidate: 0]
      [Humongous Reclaim: 0.0 ms]
         [Humongous Reclaimed: 0]
      [Free CSet: 0.1 ms]
         [Young Free CSet: 0.1 ms]
         [Non-Young Free CSet: 0.0 ms]
   [Eden: 144.0M(144.0M)->0.0B(143.0M) Survivors: 9216.0K->10.0M Heap: 196.6M(256.0M)->54.6M(256.0M)]
 [Times: user=0.04 sys=0.00, real=0.01 secs] 
23.226: [GC pause (G1 Evacuation Pause) (young), 0.0048663 secs]
   [Parallel Time: 4.2 ms, GC Workers: 8]
      [GC Worker Start (ms):  23226.5  23226.5  23226.5  23226.5  23226.5  23226.5  23226.6  23226.6
       Min: 23226.5, Avg: 23226.5, Max: 23226.6, Diff: 0.1]
      [Ext Root Scanning (ms):  0.2  0.2  0.2  0.2  0.2  0.2  0.2  0.2
       Min: 0.2, Avg: 0.2, Max: 0.2, Diff: 0.1, Sum: 1.7]
         [Thread Roots (ms):  0.0  0.1  0.1  0.1  0.0  0.1  0.0  0.0
          Min: 0.0, Avg: 0.0, Max: 0.1, Diff: 0.1, Sum: 0.4]
         [StringTable Roots (ms):  0.0  0.1  0.2  0.1  0.2  0.2  0.2  0.2
          Min: 0.0, Avg: 0.1, Max: 0.2, Diff: 0.2, Sum: 1.0]
         [Universe Roots (ms):  0.0  0.0  0.0  0.0  0.0  0.0  0.0  0.0
          Min: 0.0, Avg: 0.0, Max: 0.0, Diff: 0.0, Sum: 0.0]
         [JNI Handles Roots (ms):  0.0  0.0  0.0  0.0  0.0  0.0  0.0  0.0
          Min: 0.0, Avg: 0.0, Max: 0.0, Diff: 0.0, Sum: 0.0]
         [ObjectSynchronizer Roots (ms):  0.0  0.0  0.0  0.0  0.0  0.0  0.0  0.0
          Min: 0.0, Avg: 0.0, Max: 0.0, Diff: 0.0, Sum: 0.0]
         [FlatProfiler Roots (ms):  0.0  0.0  0.0  0.0  0.0  0.0  0.0  0.0
          Min: 0.0, Avg: 0.0, Max: 0.0, Diff: 0.0, Sum: 0.0]
         [Management Roots (ms):  0.0  0.0  0.0  0.0  0.0  0.0  0.0  0.0
          Min: 0.0, Avg: 0.0, Max: 0.0, Diff: 0.0, Sum: 0.0]
         [SystemDictionary Roots (ms):  0.0  0.1  0.0  0.0  0.0  0.0  0.0  0.0
          Min: 0.0, Avg: 0.0, Max: 0.1, Diff: 0.1, Sum: 0.1]
         [CLDG Roots (ms):  0.2  0.0  0.0  0.0  0.0  0.0  0.0  0.0
          Min: 0.0, Avg: 0.0, Max: 0.2, Diff: 0.2, Sum: 0.2]
         [JVMTI Roots (ms):  0.0  0.0  0.0  0.0  0.0  0.0  0.0  0.0
          Min: 0.0, Avg: 0.0, Max: 0.0, Diff: 0.0, Sum: 0.0]
         [CodeCache Roots (ms):  0.2  0.2  0.2  0.3  0.2  0.2  0.4  0.3
          Min: 0.2, Avg: 0.3, Max: 0.4, Diff: 0.2, Sum: 2.0]
         [CM RefProcessor Roots (ms):  0.0  0.0  0.0  0.0  0.0  0.0  0.0  0.0
          Min: 0.0, Avg: 0.0, Max: 0.0, Diff: 0.0, Sum: 0.0]
         [Wait For Strong CLD (ms):  0.0  0.0  0.0  0.0  0.0  0.0  0.0  0.0
          Min: 0.0, Avg: 0.0, Max: 0.0, Diff: 0.0, Sum: 0.0]
         [Weak CLD Roots (ms):  0.0  0.0  0.0  0.0  0.0  0.0  0.0  0.0
          Min: 0.0, Avg: 0.0, Max: 0.0, Diff: 0.0, Sum: 0.0]
         [SATB Filtering (ms):  0.0  0.0  0.0  0.0  0.0  0.0  0.0  0.0
          Min: 0.0, Avg: 0.0, Max: 0.0, Diff: 0.0, Sum: 0.0]
      [Update RS (ms):  0.2  0.2  0.1  0.3  0.2  0.1  0.4  0.3
       Min: 0.1, Avg: 0.2, Max: 0.4, Diff: 0.3, Sum: 1.8]
         [Processed Buffers:  1  1  4  1  2  20  1  1
          Min: 1, Avg: 3.9, Max: 20, Diff: 19, Sum: 31]
      [Scan RS (ms):  0.0  0.0  0.0  0.0  0.0  0.0  0.0  0.0
       Min: 0.0, Avg: 0.0, Max: 0.0, Diff: 0.0, Sum: 0.1]
      [Code Root Scanning (ms):  0.0  0.0  0.0  0.0  0.0  0.0  0.0  0.0
       Min: 0.0, Avg: 0.0, Max: 0.0, Diff: 0.0, Sum: 0.0]
      [Object Copy (ms):  3.7  3.7  3.7  3.6  3.7  3.7  3.5  3.6
       Min: 3.5, Avg: 3.7, Max: 3.7, Diff: 0.2, Sum: 29.2]
      [Termination (ms):  0.0  0.0  0.0  0.0  0.0  0.0  0.0  0.0
       Min: 0.0, Avg: 0.0, Max: 0.0, Diff: 0.0, Sum: 0.0]
         [Termination Attempts:  2  3  1  2  3  2  2  1
          Min: 1, Avg: 2.0, Max: 3, Diff: 2, Sum: 16]
      [GC Worker Other (ms):  0.0  0.0  0.1  0.0  0.0  0.1  0.0  0.1
       Min: 0.0, Avg: 0.0, Max: 0.1, Diff: 0.1, Sum: 0.3]
      [GC Worker Total (ms):  4.2  4.2  4.2  4.1  4.1  4.2  4.1  4.1
       Min: 4.1, Avg: 4.2, Max: 4.2, Diff: 0.1, Sum: 33.2]
      [GC Worker End (ms):  23230.7  23230.7  23230.7  23230.7  23230.7  23230.7  23230.7  23230.7
       Min: 23230.7, Avg: 23230.7, Max: 23230.7, Diff: 0.1]
   [Code Root Fixup: 0.0 ms]
   [Code Root Purge: 0.0 ms]
   [Clear CT: 0.1 ms]
   [Other: 0.4 ms]
      [Choose CSet: 0.0 ms]
      [Ref Proc: 0.1 ms]
      [Ref Enq: 0.0 ms]
      [Redirty Cards: 0.1 ms]
         [Parallel Redirty:  0.0  0.0  0.0  0.0  0.0  0.0  0.0  0.0
          Min: 0.0, Avg: 0.0, Max: 0.0, Diff: 0.0, Sum: 0.0]
         [Redirtied Cards:  418  0  0  0  0  0  0  0
          Min: 0, Avg: 52.2, Max: 418, Diff: 418, Sum: 418]
      [Humongous Register: 0.0 ms]
         [Humongous Total: 0]
         [Humongous Candidate: 0]
      [Humongous Reclaim: 0.0 ms]
         [Humongous Reclaimed: 0]
      [Free CSet: 0.1 ms]
         [Young Free CSet: 0.1 ms]
         [Non-Young Free CSet: 0.0 ms]
   [Eden: 143.0M(143.0M)->0.0B(144.0M) Survivors: 10.0M->9216.0K Heap: 197.6M(256.0M)->54.1M(256.0M)]
 [Times: user=0.03 sys=0.00, real=0.01 secs] 
23.439: [GC pause (G1 Evacuation Pause) (young), 0.0049879 secs]
   [Parallel Time: 4.3 ms, GC Workers: 8]
      [GC Worker Start (ms):  23439.3  23439.3  23439.3  23439.3  23439.3  23439.4  23439.4  23439.4
       Min: 23439.3, Avg: 23439.3, Max: 23439.4, Diff: 0.1]
      [Ext Root Scanning (ms):  0.3  0.3  0.3  0.2  0.2  0.2  0.2  0.2
       Min: 0.2, Avg: 0.2, Max: 0.3, Diff: 0.1, Sum: 1.9]
         [Thread Roots (ms):  0.0  0.1  0.1  0.1  0.1  0.0  0.0  0.0
          Min: 0.0, Avg: 0.1, Max: 0.1, Diff: 0.1, Sum: 0.4]
         [StringTable Roots (ms):  0.0  0.1  0.2  0.2  0.2  0.2  0.2  0.1
          Min: 0.0, Avg: 0.1, Max: 0.2, Diff: 0.2, Sum: 1.2]
         [Universe Roots (ms):  0.0  0.0  0.0  0.0  0.0  0.0  0.0  0.0
          Min: 0.0, Avg: 0.0, Max: 0.0, Diff: 0.0, Sum: 0.0]
         [JNI Handles Roots (ms):  0.0  0.0  0.0  0.0  0.0  0.0  0.0  0.0
          Min: 0.0, Avg: 0.0, Max: 0.0, Diff: 0.0, Sum: 0.0]
         [ObjectSynchronizer Roots (ms):  0.0  0.0  0.0  0.0  0.0  0.0  0.0  0.0
          Min: 0.0, Avg: 0.0, Max: 0.0, Diff: 0.0, Sum: 0.0]
         [FlatProfiler Roots (ms):  0.0  0.0  0.0  0.0  0.0  0.0  0.0  0.0
          Min: 0.0, Avg: 0.0, Max: 0.0, Diff: 0.0, Sum: 0.0]
         [Management Roots (ms):  0.0  0.0  0.0  0.0  0.0  0.0  0.0  0.0
          Min: 0.0, Avg: 0.0, Max: 0.0, Diff: 0.0, Sum: 0.0]
         [SystemDictionary Roots (ms):  0.0  0.0  0.0  0.0  0.0  0.0  0.0  0.1
          Min: 0.0, Avg: 0.0, Max: 0.1, Diff: 0.1, Sum: 0.1]
         [CLDG Roots (ms):  0.3  0.0  0.0  0.0  0.0  0.0  0.0  0.0
          Min: 0.0, Avg: 0.0, Max: 0.3, Diff: 0.3, Sum: 0.3]
         [JVMTI Roots (ms):  0.0  0.0  0.0  0.0  0.0  0.0  0.0  0.0
          Min: 0.0, Avg: 0.0, Max: 0.0, Diff: 0.0, Sum: 0.0]
         [CodeCache Roots (ms):  0.1  0.1  0.2  0.2  0.3  0.3  0.2  0.4
          Min: 0.1, Avg: 0.2, Max: 0.4, Diff: 0.2, Sum: 1.8]
         [CM RefProcessor Roots (ms):  0.0  0.0  0.0  0.0  0.0  0.0  0.0  0.0
          Min: 0.0, Avg: 0.0, Max: 0.0, Diff: 0.0, Sum: 0.0]
         [Wait For Strong CLD (ms):  0.0  0.0  0.0  0.0  0.0  0.0  0.0  0.0
          Min: 0.0, Avg: 0.0, Max: 0.0, Diff: 0.0, Sum: 0.0]
         [Weak CLD Roots (ms):  0.0  0.0  0.0  0.0  0.0  0.0  0.0  0.0
          Min: 0.0, Avg: 0.0, Max: 0.0, Diff: 0.0, Sum: 0.0]
         [SATB Filtering (ms):  0.0  0.0  0.0  0.0  0.0  0.0  0.0  0.0
          Min: 0.0, Avg: 0.0, Max: 0.0, Diff: 0.0, Sum: 0.0]
      [Update RS (ms):  0.1  0.1  0.2  0.1  0.3  0.3  0.2  0.4
       Min: 0.1, Avg: 0.2, Max: 0.4, Diff: 0.3, Sum: 1.6]
         [Processed Buffers:  5  1  1  19  1  1  1  1
          Min: 1, Avg: 3.8, Max: 19, Diff: 18, Sum: 30]
      [Scan RS (ms):  0.0  0.0  0.0  0.0  0.0  0.0  0.0  0.0
       Min: 0.0, Avg: 0.0, Max: 0.0, Diff: 0.0, Sum: 0.1]
      [Code Root Scanning (ms):  0.0  0.0  0.0  0.0  0.0  0.0  0.0  0.0
       Min: 0.0, Avg: 0.0, Max: 0.0, Diff: 0.0, Sum: 0.0]
      [Object Copy (ms):  3.8  3.8  3.7  3.8  3.7  3.7  3.7  3.5
       Min: 3.5, Avg: 3.7, Max: 3.8, Diff: 0.2, Sum: 29.6]
      [Termination (ms):  0.0  0.0  0.0  0.0  0.0  0.0  0.0  0.0
       Min: 0.0, Avg: 0.0, Max: 0.0, Diff: 0.0, Sum: 0.0]
         [Termination Attempts:  5  4  2  7  7  5  8  11
          Min: 2, Avg: 6.1, Max: 11, Diff: 9, Sum: 49]
      [GC Worker Other (ms):  0.1  0.0  0.1  0.1  0.1  0.0  0.0  0.0
       Min: 0.0, Avg: 0.0, Max: 0.1, Diff: 0.1, Sum: 0.3]
      [GC Worker Total (ms):  4.3  4.2  4.2  4.2  4.2  4.2  4.2  4.1
       Min: 4.1, Avg: 4.2, Max: 4.3, Diff: 0.1, Sum: 33.6]
      [GC Worker End (ms):  23443.5  23443.5  23443.5  23443.6  23443.6  23443.5  23443.5  23443.5
       Min: 23443.5, Avg: 23443.5, Max: 23443.6, Diff: 0.0]
   [Code Root Fixup: 0.0 ms]
   [Code Root Purge: 0.0 ms]
   [Clear CT: 0.2 ms]
   [Other: 0.5 ms]
      [Choose CSet: 0.0 ms]
      [Ref Proc: 0.2 ms]
      [Ref Enq: 0.0 ms]
      [Redirty Cards: 0.1 ms]
         [Parallel Redirty:  0.0  0.0  0.0  0.0  0.0  0.0  0.0  0.0
          Min: 0.0, Avg: 0.0, Max: 0.0, Diff: 0.0, Sum: 0.0]
         [Redirtied Cards:  373  0  0  0  0  0  0  0
          Min: 0, Avg: 46.6, Max: 373, Diff: 373, Sum: 373]
      [Humongous Register: 0.0 ms]
         [Humongous Total: 0]
         [Humongous Candidate: 0]
      [Humongous Reclaim: 0.0 ms]
         [Humongous Reclaimed: 0]
      [Free CSet: 0.1 ms]
         [Young Free CSet: 0.1 ms]
         [Non-Young Free CSet: 0.0 ms]
   [Eden: 144.0M(144.0M)->0.0B(144.0M) Survivors: 9216.0K->9216.0K Heap: 198.1M(256.0M)->54.6M(256.0M)]
 [Times: user=0.03 sys=0.00, real=0.00 secs] 
23.662: [GC pause (G1 Evacuation Pause) (young), 0.0054753 secs]
   [Parallel Time: 4.8 ms, GC Workers: 8]
      [GC Worker Start (ms):  23662.2  23662.3  23662.3  23662.3  23662.3  23662.3  23662.3  23662.6
       Min: 23662.2, Avg: 23662.3, Max: 23662.6, Diff: 0.4]
      [Ext Root Scanning (ms):  0.3  0.3  0.2  0.2  0.2  0.2  0.2  0.0
       Min: 0.0, Avg: 0.2, Max: 0.3, Diff: 0.3, Sum: 1.7]
         [Thread Roots (ms):  0.0  0.1  0.1  0.1  0.1  0.1  0.0  0.0
          Min: 0.0, Avg: 0.0, Max: 0.1, Diff: 0.1, Sum: 0.4]
         [StringTable Roots (ms):  0.0  0.2  0.2  0.2  0.2  0.1  0.1  0.0
          Min: 0.0, Avg: 0.1, Max: 0.2, Diff: 0.2, Sum: 1.0]
         [Universe Roots (ms):  0.0  0.0  0.0  0.0  0.0  0.0  0.0  0.0
          Min: 0.0, Avg: 0.0, Max: 0.0, Diff: 0.0, Sum: 0.0]
         [JNI Handles Roots (ms):  0.0  0.0  0.0  0.0  0.0  0.0  0.0  0.0
          Min: 0.0, Avg: 0.0, Max: 0.0, Diff: 0.0, Sum: 0.0]
         [ObjectSynchronizer Roots (ms):  0.0  0.0  0.0  0.0  0.0  0.0  0.0  0.0
          Min: 0.0, Avg: 0.0, Max: 0.0, Diff: 0.0, Sum: 0.0]
         [FlatProfiler Roots (ms):  0.0  0.0  0.0  0.0  0.0  0.0  0.0  0.0
          Min: 0.0, Avg: 0.0, Max: 0.0, Diff: 0.0, Sum: 0.0]
         [Management Roots (ms):  0.0  0.0  0.0  0.0  0.0  0.0  0.0  0.0
          Min: 0.0, Avg: 0.0, Max: 0.0, Diff: 0.0, Sum: 0.0]
         [SystemDictionary Roots (ms):  0.0  0.0  0.0  0.0  0.0  0.0  0.1  0.0
          Min: 0.0, Avg: 0.0, Max: 0.1, Diff: 0.1, Sum: 0.1]
         [CLDG Roots (ms):  0.3  0.0  0.0  0.0  0.0  0.0  0.0  0.0
          Min: 0.0, Avg: 0.0, Max: 0.3, Diff: 0.3, Sum: 0.3]
         [JVMTI Roots (ms):  0.0  0.0  0.0  0.0  0.0  0.0  0.0  0.0
          Min: 0.0, Avg: 0.0, Max: 0.0, Diff: 0.0, Sum: 0.0]
         [CodeCache Roots (ms):  0.2  0.2  0.2  0.2  0.3  0.3  0.2  0.1
          Min: 0.1, Avg: 0.2, Max: 0.3, Diff: 0.2, Sum: 1.5]
         [CM RefProcessor Roots (ms):  0.0  0.0  0.0  0.0  0.0  0.0  0.0  0.0
          Min: 0.0, Avg: 0.0, Max: 0.0, Diff: 0.0, Sum: 0.0]
         [Wait For Strong CLD (ms):  0.0  0.0  0.0  0.0  0.0  0.0  0.0  0.0
          Min: 0.0, Avg: 0.0, Max: 0.0, Diff: 0.0, Sum: 0.0]
         [Weak CLD Roots (ms):  0.0  0.0  0.0  0.0  0.0  0.0  0.0  0.0
          Min: 0.0, Avg: 0.0, Max: 0.0, Diff: 0.0, Sum: 0.0]
         [SATB Filtering (ms):  0.0  0.0  0.0  0.0  0.0  0.0  0.0  0.0
          Min: 0.0, Avg: 0.0, Max: 0.0, Diff: 0.0, Sum: 0.0]
      [Update RS (ms):  0.2  0.2  0.1  0.1  0.3  0.3  0.1  0.0
       Min: 0.0, Avg: 0.2, Max: 0.3, Diff: 0.3, Sum: 1.3]
         [Processed Buffers:  1  1  7  5  1  1  1  9
          Min: 1, Avg: 3.2, Max: 9, Diff: 8, Sum: 26]
      [Scan RS (ms):  0.0  0.0  0.0  0.0  0.0  0.0  0.0  0.0
       Min: 0.0, Avg: 0.0, Max: 0.0, Diff: 0.0, Sum: 0.1]
      [Code Root Scanning (ms):  0.0  0.0  0.0  0.0  0.0  0.0  0.0  0.0
       Min: 0.0, Avg: 0.0, Max: 0.0, Diff: 0.0, Sum: 0.0]
      [Object Copy (ms):  4.2  4.1  4.2  4.1  4.1  4.0  4.1  4.1
       Min: 4.0, Avg: 4.1, Max: 4.2, Diff: 0.1, Sum: 32.9]
      [Termination (ms):  0.0  0.1  0.1  0.1  0.1  0.1  0.1  0.1
       Min: 0.0, Avg: 0.1, Max: 0.1, Diff: 0.1, Sum: 0.6]
         [Termination Attempts:  6  4  5  6  6  7  4  2
          Min: 2, Avg: 5.0, Max: 7, Diff: 5, Sum: 40]
      [GC Worker Other (ms):  0.0  0.1  0.0  0.0  0.0  0.1  0.0  0.0
       Min: 0.0, Avg: 0.0, Max: 0.1, Diff: 0.0, Sum: 0.3]
      [GC Worker Total (ms):  4.7  4.7  4.7  4.7  4.6  4.6  4.6  4.3
       Min: 4.3, Avg: 4.6, Max: 4.7, Diff: 0.4, Sum: 37.0]
      [GC Worker End (ms):  23667.0  23667.0  23666.9  23667.0  23666.9  23667.0  23666.9  23666.9
       Min: 23666.9, Avg: 23666.9, Max: 23667.0, Diff: 0.0]
   [Code Root Fixup: 0.1 ms]
   [Code Root Purge: 0.0 ms]
   [Clear CT: 0.2 ms]
   [Other: 0.5 ms]
      [Choose CSet: 0.0 ms]
      [Ref Proc: 0.1 ms]
      [Ref Enq: 0.0 ms]
      [Redirty Cards: 0.2 ms]
         [Parallel Redirty:  0.0  0.0  0.0  0.0  0.0  0.0  0.0  0.0
          Min: 0.0, Avg: 0.0, Max: 0.0, Diff: 0.0, Sum: 0.0]
         [Redirtied Cards:  3243  0  0  0  0  0  0  0
          Min: 0, Avg: 405.4, Max: 3243, Diff: 3243, Sum: 3243]
      [Humongous Register: 0.0 ms]
         [Humongous Total: 0]
         [Humongous Candidate: 0]
      [Humongous Reclaim: 0.0 ms]
         [Humongous Reclaimed: 0]
      [Free CSet: 0.1 ms]
         [Young Free CSet: 0.1 ms]
         [Non-Young Free CSet: 0.0 ms]
   [Eden: 144.0M(144.0M)->0.0B(145.0M) Survivors: 9216.0K->8192.0K Heap: 198.6M(256.0M)->55.3M(256.0M)]
 [Times: user=0.04 sys=0.00, real=0.01 secs] 
23.879: [GC pause (G1 Evacuation Pause) (young), 0.0060692 secs]
   [Parallel Time: 5.5 ms, GC Workers: 8]
      [GC Worker Start (ms):  23878.6  23878.6  23878.7  23878.7  23878.7  23878.7  23878.7  23878.7
       Min: 23878.6, Avg: 23878.7, Max: 23878.7, Diff: 0.1]
      [Ext Root Scanning (ms):  0.3  0.3  0.2  0.2  0.2  0.2  0.2  0.2
       Min: 0.2, Avg: 0.2, Max: 0.3, Diff: 0.1, Sum: 1.7]
         [Thread Roots (ms):  0.0  0.1  0.1  0.0  0.0  0.1  0.0  0.0
          Min: 0.0, Avg: 0.0, Max: 0.1, Diff: 0.1, Sum: 0.4]
         [StringTable Roots (ms):  0.0  0.1  0.1  0.2  0.2  0.1  0.2  0.2
          Min: 0.0, Avg: 0.1, Max: 0.2, Diff: 0.2, Sum: 1.0]
         [Universe Roots (ms):  0.0  0.0  0.0  0.0  0.0  0.0  0.0  0.0
          Min: 0.0, Avg: 0.0, Max: 0.0, Diff: 0.0, Sum: 0.0]
         [JNI Handles Roots (ms):  0.0  0.0  0.0  0.0  0.0  0.0  0.0  0.0
          Min: 0.0, Avg: 0.0, Max: 0.0, Diff: 0.0, Sum: 0.0]
         [ObjectSynchronizer Roots (ms):  0.0  0.0  0.0  0.0  0.0  0.0  0.0  0.0
          Min: 0.0, Avg: 0.0, Max: 0.0, Diff: 0.0, Sum: 0.0]
         [FlatProfiler Roots (ms):  0.0  0.0  0.0  0.0  0.0  0.0  0.0  0.0
          Min: 0.0, Avg: 0.0, Max: 0.0, Diff: 0.0, Sum: 0.0]
         [Management Roots (ms):  0.0  0.0  0.0  0.0  0.0  0.0  0.0  0.0
          Min: 0.0, Avg: 0.0, Max: 0.0, Diff: 0.0, Sum: 0.0]
         [SystemDictionary Roots (ms):  0.0  0.1  0.0  0.0  0.0  0.0  0.0  0.0
          Min: 0.0, Avg: 0.0, Max: 0.1, Diff: 0.1, Sum: 0.1]
         [CLDG Roots (ms):  0.2  0.0  0.0  0.0  0.0  0.0  0.0  0.0
          Min: 0.0, Avg: 0.0, Max: 0.2, Diff: 0.2, Sum: 0.2]
         [JVMTI Roots (ms):  0.0  0.0  0.0  0.0  0.0  0.0  0.0  0.0
          Min: 0.0, Avg: 0.0, Max: 0.0, Diff: 0.0, Sum: 0.0]
         [CodeCache Roots (ms):  1.2  1.2  1.7  1.7  1.8  1.5  1.8  1.5
          Min: 1.2, Avg: 1.5, Max: 1.8, Diff: 0.7, Sum: 12.4]
         [CM RefProcessor Roots (ms):  0.0  0.0  0.0  0.0  0.0  0.0  0.0  0.0
          Min: 0.0, Avg: 0.0, Max: 0.0, Diff: 0.0, Sum: 0.0]
         [Wait For Strong CLD (ms):  0.0  0.0  0.0  0.0  0.0  0.0  0.0  0.0
          Min: 0.0, Avg: 0.0, Max: 0.0, Diff: 0.0, Sum: 0.0]
         [Weak CLD Roots (ms):  0.0  0.0  0.0  0.0  0.0  0.0  0.0  0.0
          Min: 0.0, Avg: 0.0, Max: 0.0, Diff: 0.0, Sum: 0.0]
         [SATB Filtering (ms):  0.0  0.0  0.0  0.0  0.0  0.0  0.0  0.0
          Min: 0.0, Avg: 0.0, Max: 0.0, Diff: 0.0, Sum: 0.0]
      [Update RS (ms):  1.2  1.1  1.7  1.7  1.8  1.5  1.8  1.5
       Min: 1.1, Avg: 1.5, Max: 1.8, Diff: 0.7, Sum: 12.2]
         [Processed Buffers:  9  16  2  2  3  2  2  2
          Min: 2, Avg: 4.8, Max: 16, Diff: 14, Sum: 38]
      [Scan RS (ms):  0.0  0.1  0.0  0.0  0.0  0.0  0.0  0.0
       Min: 0.0, Avg: 0.0, Max: 0.1, Diff: 0.0, Sum: 0.1]
      [Code Root Scanning (ms):  0.0  0.0  0.0  0.0  0.0  0.0  0.0  0.0
       Min: 0.0, Avg: 0.0, Max: 0.0, Diff: 0.0, Sum: 0.0]
      [Object Copy (ms):  3.9  3.9  3.5  3.4  3.3  3.6  3.4  3.6
       Min: 3.3, Avg: 3.6, Max: 3.9, Diff: 0.6, Sum: 28.6]
      [Termination (ms):  0.1  0.1  0.0  0.1  0.1  0.1  0.1  0.1
       Min: 0.0, Avg: 0.1, Max: 0.1, Diff: 0.1, Sum: 0.7]
         [Termination Attempts:  7  5  1  4  4  7  6  7
          Min: 1, Avg: 5.1, Max: 7, Diff: 6, Sum: 41]
      [GC Worker Other (ms):  0.0  0.0  0.0  0.0  0.0  0.0  0.0  0.0
       Min: 0.0, Avg: 0.0, Max: 0.0, Diff: 0.0, Sum: 0.1]
      [GC Worker Total (ms):  5.5  5.5  5.4  5.4  5.4  5.4  5.4  5.4
       Min: 5.4, Avg: 5.4, Max: 5.5, Diff: 0.1, Sum: 43.4]
      [GC Worker End (ms):  23884.1  23884.1  23884.1  23884.1  23884.1  23884.1  23884.1  23884.1
       Min: 23884.1, Avg: 23884.1, Max: 23884.1, Diff: 0.0]
   [Code Root Fixup: 0.0 ms]
   [Code Root Purge: 0.0 ms]
   [Clear CT: 0.1 ms]
   [Other: 0.4 ms]
      [Choose CSet: 0.0 ms]
      [Ref Proc: 0.1 ms]
      [Ref Enq: 0.0 ms]
      [Redirty Cards: 0.1 ms]
         [Parallel Redirty:  0.0  0.0  0.0  0.0  0.0  0.0  0.0  0.0
          Min: 0.0, Avg: 0.0, Max: 0.0, Diff: 0.0, Sum: 0.0]
         [Redirtied Cards:  794  0  0  0  0  0  0  0
          Min: 0, Avg: 99.2, Max: 794, Diff: 794, Sum: 794]
      [Humongous Register: 0.0 ms]
         [Humongous Total: 0]
         [Humongous Candidate: 0]
      [Humongous Reclaim: 0.0 ms]
         [Humongous Reclaimed: 0]
      [Free CSet: 0.1 ms]
         [Young Free CSet: 0.1 ms]
         [Non-Young Free CSet: 0.0 ms]
   [Eden: 145.0M(145.0M)->0.0B(144.0M) Survivors: 8192.0K->9216.0K Heap: 200.3M(256.0M)->56.8M(256.0M)]
 [Times: user=0.04 sys=0.00, real=0.00 secs] 
24.092: [GC pause (G1 Evacuation Pause) (young), 0.0046332 secs]
   [Parallel Time: 4.1 ms, GC Workers: 8]
      [GC Worker Start (ms):  24092.0  24092.0  24092.0  24092.0  24092.0  24092.0  24092.0  24092.0
       Min: 24092.0, Avg: 24092.0, Max: 24092.0, Diff: 0.1]
      [Ext Root Scanning (ms):  0.3  0.2  0.2  0.2  0.2  0.2  0.2  0.2
       Min: 0.2, Avg: 0.2, Max: 0.3, Diff: 0.1, Sum: 1.8]
         [Thread Roots (ms):  0.0  0.1  0.1  0.1  0.1  0.1  0.0  0.1
          Min: 0.0, Avg: 0.1, Max: 0.1, Diff: 0.1, Sum: 0.5]
         [StringTable Roots (ms):  0.0  0.2  0.1  0.2  0.2  0.2  0.1  0.1
          Min: 0.0, Avg: 0.1, Max: 0.2, Diff: 0.2, Sum: 1.1]
         [Universe Roots (ms):  0.0  0.0  0.0  0.0  0.0  0.0  0.0  0.0
          Min: 0.0, Avg: 0.0, Max: 0.0, Diff: 0.0, Sum: 0.0]
         [JNI Handles Roots (ms):  0.0  0.0  0.0  0.0  0.0  0.0  0.0  0.0
          Min: 0.0, Avg: 0.0, Max: 0.0, Diff: 0.0, Sum: 0.0]
         [ObjectSynchronizer Roots (ms):  0.0  0.0  0.0  0.0  0.0  0.0  0.0  0.0
          Min: 0.0, Avg: 0.0, Max: 0.0, Diff: 0.0, Sum: 0.0]
         [FlatProfiler Roots (ms):  0.0  0.0  0.0  0.0  0.0  0.0  0.0  0.0
          Min: 0.0, Avg: 0.0, Max: 0.0, Diff: 0.0, Sum: 0.0]
         [Management Roots (ms):  0.0  0.0  0.0  0.0  0.0  0.0  0.0  0.0
          Min: 0.0, Avg: 0.0, Max: 0.0, Diff: 0.0, Sum: 0.0]
         [SystemDictionary Roots (ms):  0.0  0.0  0.0  0.0  0.0  0.0  0.1  0.0
          Min: 0.0, Avg: 0.0, Max: 0.1, Diff: 0.1, Sum: 0.1]
         [CLDG Roots (ms):  0.2  0.0  0.0  0.0  0.0  0.0  0.0  0.0
          Min: 0.0, Avg: 0.0, Max: 0.2, Diff: 0.2, Sum: 0.2]
         [JVMTI Roots (ms):  0.0  0.0  0.0  0.0  0.0  0.0  0.0  0.0
          Min: 0.0, Avg: 0.0, Max: 0.0, Diff: 0.0, Sum: 0.0]
         [CodeCache Roots (ms):  0.5  0.5  0.5  0.5  0.5  0.6  0.5  0.7
          Min: 0.5, Avg: 0.5, Max: 0.7, Diff: 0.2, Sum: 4.4]
         [CM RefProcessor Roots (ms):  0.0  0.0  0.0  0.0  0.0  0.0  0.0  0.0
          Min: 0.0, Avg: 0.0, Max: 0.0, Diff: 0.0, Sum: 0.0]
         [Wait For Strong CLD (ms):  0.0  0.0  0.0  0.0  0.0  0.0  0.0  0.0
          Min: 0.0, Avg: 0.0, Max: 0.0, Diff: 0.0, Sum: 0.0]
         [Weak CLD Roots (ms):  0.0  0.0  0.0  0.0  0.0  0.0  0.0  0.0
          Min: 0.0, Avg: 0.0, Max: 0.0, Diff: 0.0, Sum: 0.0]
         [SATB Filtering (ms):  0.0  0.0  0.0  0.0  0.0  0.0  0.0  0.0
          Min: 0.0, Avg: 0.0, Max: 0.0, Diff: 0.0, Sum: 0.0]
      [Update RS (ms):  0.5  0.5  0.5  0.5  0.5  0.6  0.5  0.7
       Min: 0.5, Avg: 0.5, Max: 0.7, Diff: 0.3, Sum: 4.2]
         [Processed Buffers:  1  2  12  4  10  1  1  1
          Min: 1, Avg: 4.0, Max: 12, Diff: 11, Sum: 32]
      [Scan RS (ms):  0.0  0.0  0.0  0.0  0.0  0.0  0.0  0.0
       Min: 0.0, Avg: 0.0, Max: 0.0, Diff: 0.0, Sum: 0.1]
      [Code Root Scanning (ms):  0.0  0.0  0.0  0.0  0.0  0.0  0.0  0.0
       Min: 0.0, Avg: 0.0, Max: 0.0, Diff: 0.0, Sum: 0.0]
      [Object Copy (ms):  3.2  3.3  3.2  3.3  3.2  3.2  3.2  3.0
       Min: 3.0, Avg: 3.2, Max: 3.3, Diff: 0.3, Sum: 25.6]
      [Termination (ms):  0.0  0.0  0.0  0.0  0.0  0.0  0.0  0.0
       Min: 0.0, Avg: 0.0, Max: 0.0, Diff: 0.0, Sum: 0.0]
         [Termination Attempts:  1  1  1  2  1  2  1  1
          Min: 1, Avg: 1.2, Max: 2, Diff: 1, Sum: 10]
      [GC Worker Other (ms):  0.0  0.0  0.0  0.0  0.0  0.0  0.0  0.0
       Min: 0.0, Avg: 0.0, Max: 0.0, Diff: 0.0, Sum: 0.2]
      [GC Worker Total (ms):  4.0  4.0  4.0  4.0  4.0  4.0  4.0  4.0
       Min: 4.0, Avg: 4.0, Max: 4.0, Diff: 0.1, Sum: 32.0]
      [GC Worker End (ms):  24096.0  24096.0  24096.0  24096.0  24096.0  24096.0  24096.0  24096.0
       Min: 24096.0, Avg: 24096.0, Max: 24096.0, Diff: 0.0]
   [Code Root Fixup: 0.0 ms]
   [Code Root Purge: 0.0 ms]
   [Clear CT: 0.1 ms]
   [Other: 0.4 ms]
      [Choose CSet: 0.0 ms]
      [Ref Proc: 0.1 ms]
      [Ref Enq: 0.0 ms]
      [Redirty Cards: 0.1 ms]
         [Parallel Redirty:  0.0  0.0  0.0  0.0  0.0  0.0  0.0  0.0
          Min: 0.0, Avg: 0.0, Max: 0.0, Diff: 0.0, Sum: 0.0]
         [Redirtied Cards:  696  85  0  0  0  0  0  0
          Min: 0, Avg: 97.6, Max: 696, Diff: 696, Sum: 781]
      [Humongous Register: 0.0 ms]
         [Humongous Total: 0]
         [Humongous Candidate: 0]
      [Humongous Reclaim: 0.0 ms]
         [Humongous Reclaimed: 0]
      [Free CSet: 0.1 ms]
         [Young Free CSet: 0.1 ms]
         [Non-Young Free CSet: 0.0 ms]
   [Eden: 144.0M(144.0M)->0.0B(144.0M) Survivors: 9216.0K->9216.0K Heap: 200.8M(256.0M)->57.3M(256.0M)]
 [Times: user=0.04 sys=0.00, real=0.00 secs] 
24.304: [GC pause (G1 Evacuation Pause) (young), 0.0044453 secs]
   [Parallel Time: 3.8 ms, GC Workers: 8]
      [GC Worker Start (ms):  24303.6  24303.6  24303.6  24303.7  24303.7  24303.7  24303.7  24303.7
       Min: 24303.6, Avg: 24303.7, Max: 24303.7, Diff: 0.1]
      [Ext Root Scanning (ms):  0.3  0.2  0.2  0.2  0.2  0.2  0.2  0.2
       Min: 0.2, Avg: 0.2, Max: 0.3, Diff: 0.1, Sum: 1.6]
         [Thread Roots (ms):  0.0  0.1  0.1  0.0  0.1  0.0  0.0  0.0
          Min: 0.0, Avg: 0.0, Max: 0.1, Diff: 0.1, Sum: 0.4]
         [StringTable Roots (ms):  0.0  0.1  0.2  0.1  0.1  0.2  0.2  0.2
          Min: 0.0, Avg: 0.1, Max: 0.2, Diff: 0.1, Sum: 1.0]
         [Universe Roots (ms):  0.0  0.0  0.0  0.0  0.0  0.0  0.0  0.0
          Min: 0.0, Avg: 0.0, Max: 0.0, Diff: 0.0, Sum: 0.0]
         [JNI Handles Roots (ms):  0.0  0.0  0.0  0.0  0.0  0.0  0.0  0.0
          Min: 0.0, Avg: 0.0, Max: 0.0, Diff: 0.0, Sum: 0.0]
         [ObjectSynchronizer Roots (ms):  0.0  0.0  0.0  0.0  0.0  0.0  0.0  0.0
          Min: 0.0, Avg: 0.0, Max: 0.0, Diff: 0.0, Sum: 0.0]
         [FlatProfiler Roots (ms):  0.0  0.0  0.0  0.0  0.0  0.0  0.0  0.0
          Min: 0.0, Avg: 0.0, Max: 0.0, Diff: 0.0, Sum: 0.0]
         [Management Roots (ms):  0.0  0.0  0.0  0.0  0.0  0.0  0.0  0.0
          Min: 0.0, Avg: 0.0, Max: 0.0, Diff: 0.0, Sum: 0.0]
         [SystemDictionary Roots (ms):  0.0  0.0  0.0  0.1  0.0  0.0  0.0  0.0
          Min: 0.0, Avg: 0.0, Max: 0.1, Diff: 0.1, Sum: 0.1]
         [CLDG Roots (ms):  0.2  0.0  0.0  0.0  0.0  0.0  0.0  0.0
          Min: 0.0, Avg: 0.0, Max: 0.2, Diff: 0.2, Sum: 0.2]
         [JVMTI Roots (ms):  0.0  0.0  0.0  0.0  0.0  0.0  0.0  0.0
          Min: 0.0, Avg: 0.0, Max: 0.0, Diff: 0.0, Sum: 0.0]
         [CodeCache Roots (ms):  0.5  0.5  0.6  0.5  0.5  0.5  0.5  0.5
          Min: 0.5, Avg: 0.5, Max: 0.6, Diff: 0.1, Sum: 4.0]
         [CM RefProcessor Roots (ms):  0.0  0.0  0.0  0.0  0.0  0.0  0.0  0.0
          Min: 0.0, Avg: 0.0, Max: 0.0, Diff: 0.0, Sum: 0.0]
         [Wait For Strong CLD (ms):  0.0  0.0  0.0  0.0  0.0  0.0  0.0  0.0
          Min: 0.0, Avg: 0.0, Max: 0.0, Diff: 0.0, Sum: 0.0]
         [Weak CLD Roots (ms):  0.0  0.0  0.0  0.0  0.0  0.0  0.0  0.0
          Min: 0.0, Avg: 0.0, Max: 0.0, Diff: 0.0, Sum: 0.0]
         [SATB Filtering (ms):  0.0  0.0  0.0  0.0  0.0  0.0  0.0  0.0
          Min: 0.0, Avg: 0.0, Max: 0.0, Diff: 0.0, Sum: 0.0]
      [Update RS (ms):  0.5  0.4  0.6  0.4  0.5  0.4  0.5  0.5
       Min: 0.4, Avg: 0.5, Max: 0.6, Diff: 0.1, Sum: 3.8]
         [Processed Buffers:  1  8  1  9  1  7  2  1
          Min: 1, Avg: 3.8, Max: 9, Diff: 8, Sum: 30]
      [Scan RS (ms):  0.0  0.0  0.0  0.0  0.0  0.0  0.0  0.0
       Min: 0.0, Avg: 0.0, Max: 0.0, Diff: 0.0, Sum: 0.1]
      [Code Root Scanning (ms):  0.0  0.0  0.0  0.0  0.0  0.0  0.0  0.0
       Min: 0.0, Avg: 0.0, Max: 0.0, Diff: 0.0, Sum: 0.1]
      [Object Copy (ms):  3.0  3.0  3.0  3.0  3.0  3.0  3.0  3.0
       Min: 3.0, Avg: 3.0, Max: 3.0, Diff: 0.1, Sum: 24.1]
      [Termination (ms):  0.0  0.0  0.0  0.0  0.0  0.0  0.0  0.0
       Min: 0.0, Avg: 0.0, Max: 0.0, Diff: 0.0, Sum: 0.0]
         [Termination Attempts:  2  4  4  4  3  5  3  4
          Min: 2, Avg: 3.6, Max: 5, Diff: 3, Sum: 29]
      [GC Worker Other (ms):  0.0  0.0  0.0  0.0  0.0  0.0  0.1  0.1
       Min: 0.0, Avg: 0.0, Max: 0.1, Diff: 0.0, Sum: 0.2]
      [GC Worker Total (ms):  3.8  3.8  3.8  3.7  3.7  3.7  3.7  3.7
       Min: 3.7, Avg: 3.7, Max: 3.8, Diff: 0.1, Sum: 29.9]
      [GC Worker End (ms):  24307.4  24307.4  24307.4  24307.4  24307.4  24307.4  24307.4  24307.4
       Min: 24307.4, Avg: 24307.4, Max: 24307.4, Diff: 0.0]
   [Code Root Fixup: 0.0 ms]
   [Code Root Purge: 0.0 ms]
   [Clear CT: 0.2 ms]
   [Other: 0.4 ms]
      [Choose CSet: 0.0 ms]
      [Ref Proc: 0.1 ms]
      [Ref Enq: 0.0 ms]
      [Redirty Cards: 0.1 ms]
         [Parallel Redirty:  0.0  0.0  0.0  0.0  0.0  0.0  0.0  0.0
          Min: 0.0, Avg: 0.0, Max: 0.0, Diff: 0.0, Sum: 0.0]
         [Redirtied Cards:  779  0  0  0  0  0  0  0
          Min: 0, Avg: 97.4, Max: 779, Diff: 779, Sum: 779]
      [Humongous Register: 0.0 ms]
         [Humongous Total: 0]
         [Humongous Candidate: 0]
      [Humongous Reclaim: 0.0 ms]
         [Humongous Reclaimed: 0]
      [Free CSet: 0.1 ms]
         [Young Free CSet: 0.1 ms]
         [Non-Young Free CSet: 0.0 ms]
   [Eden: 144.0M(144.0M)->0.0B(145.0M) Survivors: 9216.0K->8192.0K Heap: 201.3M(256.0M)->57.3M(256.0M)]
 [Times: user=0.03 sys=0.00, real=0.01 secs] 
24.517: [GC pause (G1 Evacuation Pause) (young), 0.0043511 secs]
   [Parallel Time: 3.8 ms, GC Workers: 8]
      [GC Worker Start (ms):  24517.5  24517.5  24517.5  24517.5  24517.5  24517.5  24517.5  24517.5
       Min: 24517.5, Avg: 24517.5, Max: 24517.5, Diff: 0.1]
      [Ext Root Scanning (ms):  0.2  0.2  0.2  0.2  0.2  0.2  0.2  0.2
       Min: 0.2, Avg: 0.2, Max: 0.2, Diff: 0.1, Sum: 1.6]
         [Thread Roots (ms):  0.0  0.1  0.1  0.0  0.0  0.0  0.1  0.0
          Min: 0.0, Avg: 0.0, Max: 0.1, Diff: 0.1, Sum: 0.3]
         [StringTable Roots (ms):  0.0  0.1  0.2  0.2  0.2  0.1  0.1  0.2
          Min: 0.0, Avg: 0.1, Max: 0.2, Diff: 0.2, Sum: 1.0]
         [Universe Roots (ms):  0.0  0.0  0.0  0.0  0.0  0.0  0.0  0.0
          Min: 0.0, Avg: 0.0, Max: 0.0, Diff: 0.0, Sum: 0.0]
         [JNI Handles Roots (ms):  0.0  0.0  0.0  0.0  0.0  0.0  0.0  0.0
          Min: 0.0, Avg: 0.0, Max: 0.0, Diff: 0.0, Sum: 0.0]
         [ObjectSynchronizer Roots (ms):  0.0  0.0  0.0  0.0  0.0  0.0  0.0  0.0
          Min: 0.0, Avg: 0.0, Max: 0.0, Diff: 0.0, Sum: 0.0]
         [FlatProfiler Roots (ms):  0.0  0.0  0.0  0.0  0.0  0.0  0.0  0.0
          Min: 0.0, Avg: 0.0, Max: 0.0, Diff: 0.0, Sum: 0.0]
         [Management Roots (ms):  0.0  0.0  0.0  0.0  0.0  0.0  0.0  0.0
          Min: 0.0, Avg: 0.0, Max: 0.0, Diff: 0.0, Sum: 0.0]
         [SystemDictionary Roots (ms):  0.0  0.0  0.0  0.0  0.0  0.1  0.0  0.0
          Min: 0.0, Avg: 0.0, Max: 0.1, Diff: 0.1, Sum: 0.1]
         [CLDG Roots (ms):  0.2  0.0  0.0  0.0  0.0  0.0  0.0  0.0
          Min: 0.0, Avg: 0.0, Max: 0.2, Diff: 0.2, Sum: 0.2]
         [JVMTI Roots (ms):  0.0  0.0  0.0  0.0  0.0  0.0  0.0  0.0
          Min: 0.0, Avg: 0.0, Max: 0.0, Diff: 0.0, Sum: 0.0]
         [CodeCache Roots (ms):  0.5  0.5  0.5  0.5  0.5  0.5  0.5  0.5
          Min: 0.5, Avg: 0.5, Max: 0.5, Diff: 0.0, Sum: 4.1]
         [CM RefProcessor Roots (ms):  0.0  0.0  0.0  0.0  0.0  0.0  0.0  0.0
          Min: 0.0, Avg: 0.0, Max: 0.0, Diff: 0.0, Sum: 0.0]
         [Wait For Strong CLD (ms):  0.0  0.0  0.0  0.0  0.0  0.0  0.0  0.0
          Min: 0.0, Avg: 0.0, Max: 0.0, Diff: 0.0, Sum: 0.0]
         [Weak CLD Roots (ms):  0.0  0.0  0.0  0.0  0.0  0.0  0.0  0.0
          Min: 0.0, Avg: 0.0, Max: 0.0, Diff: 0.0, Sum: 0.0]
         [SATB Filtering (ms):  0.0  0.0  0.0  0.0  0.0  0.0  0.0  0.0
          Min: 0.0, Avg: 0.0, Max: 0.0, Diff: 0.0, Sum: 0.0]
      [Update RS (ms):  0.5  0.5  0.5  0.5  0.5  0.5  0.5  0.5
       Min: 0.5, Avg: 0.5, Max: 0.5, Diff: 0.1, Sum: 3.9]
         [Processed Buffers:  1  8  1  2  8  6  3  1
          Min: 1, Avg: 3.8, Max: 8, Diff: 7, Sum: 30]
      [Scan RS (ms):  0.0  0.0  0.0  0.0  0.0  0.0  0.0  0.0
       Min: 0.0, Avg: 0.0, Max: 0.0, Diff: 0.0, Sum: 0.2]
      [Code Root Scanning (ms):  0.0  0.0  0.0  0.0  0.0  0.0  0.0  0.0
       Min: 0.0, Avg: 0.0, Max: 0.0, Diff: 0.0, Sum: 0.1]
      [Object Copy (ms):  2.9  3.0  2.9  3.0  3.0  2.9  3.0  3.0
       Min: 2.9, Avg: 3.0, Max: 3.0, Diff: 0.0, Sum: 23.6]
      [Termination (ms):  0.0  0.0  0.0  0.0  0.0  0.0  0.0  0.0
       Min: 0.0, Avg: 0.0, Max: 0.0, Diff: 0.0, Sum: 0.0]
         [Termination Attempts:  1  1  1  1  1  1  1  1
          Min: 1, Avg: 1.0, Max: 1, Diff: 0, Sum: 8]
      [GC Worker Other (ms):  0.0  0.0  0.0  0.1  0.1  0.1  0.0  0.0
       Min: 0.0, Avg: 0.0, Max: 0.1, Diff: 0.1, Sum: 0.3]
      [GC Worker Total (ms):  3.7  3.7  3.7  3.7  3.7  3.7  3.7  3.7
       Min: 3.7, Avg: 3.7, Max: 3.7, Diff: 0.1, Sum: 29.7]
      [GC Worker End (ms):  24521.2  24521.2  24521.2  24521.2  24521.3  24521.3  24521.2  24521.2
       Min: 24521.2, Avg: 24521.2, Max: 24521.3, Diff: 0.1]
   [Code Root Fixup: 0.0 ms]
   [Code Root Purge: 0.0 ms]
   [Clear CT: 0.1 ms]
   [Other: 0.4 ms]
      [Choose CSet: 0.0 ms]
      [Ref Proc: 0.2 ms]
      [Ref Enq: 0.0 ms]
      [Redirty Cards: 0.1 ms]
         [Parallel Redirty:  0.0  0.0  0.0  0.0  0.0  0.0  0.0  0.0
          Min: 0.0, Avg: 0.0, Max: 0.0, Diff: 0.0, Sum: 0.0]
         [Redirtied Cards:  770  0  0  0  0  0  0  0
          Min: 0, Avg: 96.2, Max: 770, Diff: 770, Sum: 770]
      [Humongous Register: 0.0 ms]
         [Humongous Total: 0]
         [Humongous Candidate: 0]
      [Humongous Reclaim: 0.0 ms]
         [Humongous Reclaimed: 0]
      [Free CSet: 0.1 ms]
         [Young Free CSet: 0.1 ms]
         [Non-Young Free CSet: 0.0 ms]
   [Eden: 145.0M(145.0M)->0.0B(144.0M) Survivors: 8192.0K->9216.0K Heap: 202.3M(256.0M)->58.4M(256.0M)]
 [Times: user=0.03 sys=0.00, real=0.01 secs] 
24.730: [GC pause (G1 Evacuation Pause) (young), 0.0045958 secs]
   [Parallel Time: 4.0 ms, GC Workers: 8]
      [GC Worker Start (ms):  24730.3  24730.3  24730.3  24730.3  24730.3  24730.3  24730.3  24730.3
       Min: 24730.3, Avg: 24730.3, Max: 24730.3, Diff: 0.1]
      [Ext Root Scanning (ms):  0.3  0.3  0.5  0.2  0.2  0.2  0.2  0.2
       Min: 0.2, Avg: 0.3, Max: 0.5, Diff: 0.3, Sum: 2.1]
         [Thread Roots (ms):  0.0  0.1  0.0  0.1  0.0  0.1  0.0  0.0
          Min: 0.0, Avg: 0.0, Max: 0.1, Diff: 0.1, Sum: 0.4]
         [StringTable Roots (ms):  0.0  0.2  0.4  0.2  0.1  0.2  0.2  0.2
          Min: 0.0, Avg: 0.2, Max: 0.4, Diff: 0.4, Sum: 1.4]
         [Universe Roots (ms):  0.0  0.0  0.0  0.0  0.0  0.0  0.0  0.0
          Min: 0.0, Avg: 0.0, Max: 0.0, Diff: 0.0, Sum: 0.0]
         [JNI Handles Roots (ms):  0.0  0.0  0.0  0.0  0.0  0.0  0.0  0.0
          Min: 0.0, Avg: 0.0, Max: 0.0, Diff: 0.0, Sum: 0.0]
         [ObjectSynchronizer Roots (ms):  0.0  0.0  0.0  0.0  0.0  0.0  0.0  0.0
          Min: 0.0, Avg: 0.0, Max: 0.0, Diff: 0.0, Sum: 0.0]
         [FlatProfiler Roots (ms):  0.0  0.0  0.0  0.0  0.0  0.0  0.0  0.0
          Min: 0.0, Avg: 0.0, Max: 0.0, Diff: 0.0, Sum: 0.0]
         [Management Roots (ms):  0.0  0.0  0.0  0.0  0.0  0.0  0.0  0.0
          Min: 0.0, Avg: 0.0, Max: 0.0, Diff: 0.0, Sum: 0.0]
         [SystemDictionary Roots (ms):  0.0  0.0  0.0  0.0  0.1  0.0  0.0  0.0
          Min: 0.0, Avg: 0.0, Max: 0.1, Diff: 0.1, Sum: 0.1]
         [CLDG Roots (ms):  0.3  0.0  0.0  0.0  0.0  0.0  0.0  0.0
          Min: 0.0, Avg: 0.0, Max: 0.3, Diff: 0.3, Sum: 0.3]
         [JVMTI Roots (ms):  0.0  0.0  0.0  0.0  0.0  0.0  0.0  0.0
          Min: 0.0, Avg: 0.0, Max: 0.0, Diff: 0.0, Sum: 0.0]
         [CodeCache Roots (ms):  0.5  0.5  0.4  0.5  0.5  0.5  0.5  0.5
          Min: 0.4, Avg: 0.5, Max: 0.5, Diff: 0.1, Sum: 4.0]
         [CM RefProcessor Roots (ms):  0.0  0.0  0.0  0.0  0.0  0.0  0.0  0.0
          Min: 0.0, Avg: 0.0, Max: 0.0, Diff: 0.0, Sum: 0.0]
         [Wait For Strong CLD (ms):  0.0  0.0  0.0  0.0  0.0  0.0  0.0  0.0
          Min: 0.0, Avg: 0.0, Max: 0.0, Diff: 0.0, Sum: 0.0]
         [Weak CLD Roots (ms):  0.0  0.0  0.0  0.0  0.0  0.0  0.0  0.0
          Min: 0.0, Avg: 0.0, Max: 0.0, Diff: 0.0, Sum: 0.0]
         [SATB Filtering (ms):  0.0  0.0  0.0  0.0  0.0  0.0  0.0  0.0
          Min: 0.0, Avg: 0.0, Max: 0.0, Diff: 0.0, Sum: 0.0]
      [Update RS (ms):  0.5  0.5  0.4  0.5  0.5  0.5  0.5  0.5
       Min: 0.4, Avg: 0.5, Max: 0.5, Diff: 0.1, Sum: 3.8]
         [Processed Buffers:  4  3  1  4  1  6  8  5
          Min: 1, Avg: 4.0, Max: 8, Diff: 7, Sum: 32]
      [Scan RS (ms):  0.0  0.0  0.0  0.0  0.0  0.0  0.0  0.0
       Min: 0.0, Avg: 0.0, Max: 0.0, Diff: 0.0, Sum: 0.1]
      [Code Root Scanning (ms):  0.0  0.0  0.0  0.0  0.0  0.0  0.0  0.0
       Min: 0.0, Avg: 0.0, Max: 0.0, Diff: 0.0, Sum: 0.0]
      [Object Copy (ms):  3.0  3.1  3.0  3.1  3.1  3.1  3.1  3.1
       Min: 3.0, Avg: 3.1, Max: 3.1, Diff: 0.1, Sum: 24.5]
      [Termination (ms):  0.0  0.0  0.0  0.0  0.0  0.0  0.0  0.0
       Min: 0.0, Avg: 0.0, Max: 0.0, Diff: 0.0, Sum: 0.0]
         [Termination Attempts:  1  1  1  1  1  1  1  1
          Min: 1, Avg: 1.0, Max: 1, Diff: 0, Sum: 8]
      [GC Worker Other (ms):  0.0  0.0  0.0  0.0  0.0  0.0  0.0  0.0
       Min: 0.0, Avg: 0.0, Max: 0.0, Diff: 0.0, Sum: 0.2]
      [GC Worker Total (ms):  3.9  3.9  3.9  3.9  3.9  3.8  3.8  3.8
       Min: 3.8, Avg: 3.8, Max: 3.9, Diff: 0.1, Sum: 30.8]
      [GC Worker End (ms):  24734.1  24734.1  24734.2  24734.2  24734.2  24734.1  24734.1  24734.2
       Min: 24734.1, Avg: 24734.1, Max: 24734.2, Diff: 0.0]
   [Code Root Fixup: 0.0 ms]
   [Code Root Purge: 0.0 ms]
   [Clear CT: 0.1 ms]
   [Other: 0.4 ms]
      [Choose CSet: 0.0 ms]
      [Ref Proc: 0.1 ms]
      [Ref Enq: 0.0 ms]
      [Redirty Cards: 0.1 ms]
         [Parallel Redirty:  0.0  0.0  0.0  0.0  0.0  0.0  0.0  0.0
          Min: 0.0, Avg: 0.0, Max: 0.0, Diff: 0.0, Sum: 0.0]
         [Redirtied Cards:  798  0  0  0  0  0  0  0
          Min: 0, Avg: 99.8, Max: 798, Diff: 798, Sum: 798]
      [Humongous Register: 0.0 ms]
         [Humongous Total: 0]
         [Humongous Candidate: 0]
      [Humongous Reclaim: 0.0 ms]
         [Humongous Reclaimed: 0]
      [Free CSet: 0.1 ms]
         [Young Free CSet: 0.1 ms]
         [Non-Young Free CSet: 0.0 ms]
   [Eden: 144.0M(144.0M)->0.0B(144.0M) Survivors: 9216.0K->9216.0K Heap: 202.4M(256.0M)->58.9M(256.0M)]
 [Times: user=0.03 sys=0.00, real=0.00 secs] 
24.956: [GC pause (G1 Evacuation Pause) (young), 0.0054306 secs]
   [Parallel Time: 4.9 ms, GC Workers: 8]
      [GC Worker Start (ms):  24956.1  24956.1  24956.1  24956.1  24956.1  24956.1  24956.1  24956.3
       Min: 24956.1, Avg: 24956.1, Max: 24956.3, Diff: 0.2]
      [Ext Root Scanning (ms):  0.4  0.6  0.2  0.2  0.2  0.2  0.2  0.0
       Min: 0.0, Avg: 0.3, Max: 0.6, Diff: 0.6, Sum: 2.1]
         [Thread Roots (ms):  0.0  0.6  0.1  0.1  0.1  0.0  0.0  0.0
          Min: 0.0, Avg: 0.1, Max: 0.6, Diff: 0.6, Sum: 0.9]
         [StringTable Roots (ms):  0.0  0.0  0.2  4.7  0.2  0.2  0.1  0.0
          Min: 0.0, Avg: 0.7, Max: 4.7, Diff: 4.7, Sum: 5.4]
         [Universe Roots (ms):  0.0  0.0  0.0  0.0  0.0  0.0  0.0  0.0
          Min: 0.0, Avg: 0.0, Max: 0.0, Diff: 0.0, Sum: 0.0]
         [JNI Handles Roots (ms):  0.0  0.0  0.0  0.0  0.0  0.0  0.0  0.0
          Min: 0.0, Avg: 0.0, Max: 0.0, Diff: 0.0, Sum: 0.0]
         [ObjectSynchronizer Roots (ms):  0.0  0.0  0.0  0.0  0.0  0.0  0.0  0.0
          Min: 0.0, Avg: 0.0, Max: 0.0, Diff: 0.0, Sum: 0.0]
         [FlatProfiler Roots (ms):  0.0  0.0  0.0  0.0  0.0  0.0  0.0  0.0
          Min: 0.0, Avg: 0.0, Max: 0.0, Diff: 0.0, Sum: 0.0]
         [Management Roots (ms):  0.0  0.0  0.0  0.0  0.0  0.0  0.0  0.0
          Min: 0.0, Avg: 0.0, Max: 0.0, Diff: 0.0, Sum: 0.0]
         [SystemDictionary Roots (ms):  0.0  0.0  0.0  0.0  0.0  0.0  0.1  0.0
          Min: 0.0, Avg: 0.0, Max: 0.1, Diff: 0.1, Sum: 0.1]
         [CLDG Roots (ms):  0.4  0.0  0.0  0.0  0.0  0.0  0.0  0.0
          Min: 0.0, Avg: 0.0, Max: 0.4, Diff: 0.4, Sum: 0.4]
         [JVMTI Roots (ms):  0.0  0.0  0.0  0.0  0.0  0.0  0.0  0.0
          Min: 0.0, Avg: 0.0, Max: 0.0, Diff: 0.0, Sum: 0.0]
         [CodeCache Roots (ms):  0.4  0.3  0.5  0.0  0.5  0.5  0.8  0.5
          Min: 0.0, Avg: 0.4, Max: 0.8, Diff: 0.8, Sum: 3.5]
         [CM RefProcessor Roots (ms):  0.0  0.0  0.0  0.0  0.0  0.0  0.0  0.0
          Min: 0.0, Avg: 0.0, Max: 0.0, Diff: 0.0, Sum: 0.0]
         [Wait For Strong CLD (ms):  0.0  0.0  0.0  0.0  0.0  0.0  0.0  0.0
          Min: 0.0, Avg: 0.0, Max: 0.0, Diff: 0.0, Sum: 0.0]
         [Weak CLD Roots (ms):  0.0  0.0  0.0  0.0  0.0  0.0  0.0  0.0
          Min: 0.0, Avg: 0.0, Max: 0.0, Diff: 0.0, Sum: 0.0]
         [SATB Filtering (ms):  0.0  0.0  0.0  0.0  0.0  0.0  0.0  0.0
          Min: 0.0, Avg: 0.0, Max: 0.0, Diff: 0.0, Sum: 0.0]
      [Update RS (ms):  0.4  0.3  0.5  0.0  0.5  0.5  0.8  0.5
       Min: 0.0, Avg: 0.4, Max: 0.8, Diff: 0.8, Sum: 3.4]
         [Processed Buffers:  2  1  8  0  9  9  2  1
          Min: 0, Avg: 4.0, Max: 9, Diff: 9, Sum: 32]
      [Scan RS (ms):  0.0  0.0  0.0  0.0  0.0  0.0  0.0  0.0
       Min: 0.0, Avg: 0.0, Max: 0.0, Diff: 0.0, Sum: 0.1]
      [Code Root Scanning (ms):  0.0  0.0  0.0  0.0  0.0  0.0  0.0  0.0
       Min: 0.0, Avg: 0.0, Max: 0.0, Diff: 0.0, Sum: 0.0]
      [Object Copy (ms):  4.0  3.8  4.0  4.6  4.0  4.0  3.7  3.9
       Min: 3.7, Avg: 4.0, Max: 4.6, Diff: 1.0, Sum: 32.0]
      [Termination (ms):  0.1  0.2  0.1  0.0  0.1  0.1  0.1  0.1
       Min: 0.0, Avg: 0.1, Max: 0.2, Diff: 0.2, Sum: 1.0]
         [Termination Attempts:  3  7  3  1  2  3  1  2
          Min: 1, Avg: 2.8, Max: 7, Diff: 6, Sum: 22]
      [GC Worker Other (ms):  0.0  0.0  0.0  0.0  0.0  0.0  0.0  0.0
       Min: 0.0, Avg: 0.0, Max: 0.0, Diff: 0.0, Sum: 0.1]
      [GC Worker Total (ms):  4.9  4.9  4.9  4.8  4.8  4.8  4.8  4.6
       Min: 4.6, Avg: 4.8, Max: 4.9, Diff: 0.3, Sum: 38.6]
      [GC Worker End (ms):  24960.9  24961.0  24961.0  24960.9  24960.9  24960.9  24960.9  24960.9
       Min: 24960.9, Avg: 24960.9, Max: 24961.0, Diff: 0.0]
   [Code Root Fixup: 0.0 ms]
   [Code Root Purge: 0.0 ms]
   [Clear CT: 0.1 ms]
   [Other: 0.4 ms]
      [Choose CSet: 0.0 ms]
      [Ref Proc: 0.2 ms]
      [Ref Enq: 0.0 ms]
      [Redirty Cards: 0.1 ms]
         [Parallel Redirty:  0.0  0.0  0.0  0.0  0.0  0.0  0.0  0.0
          Min: 0.0, Avg: 0.0, Max: 0.0, Diff: 0.0, Sum: 0.0]
         [Redirtied Cards:  665  124  0  0  0  0  0  0
          Min: 0, Avg: 98.6, Max: 665, Diff: 665, Sum: 789]
      [Humongous Register: 0.0 ms]
         [Humongous Total: 0]
         [Humongous Candidate: 0]
      [Humongous Reclaim: 0.0 ms]
         [Humongous Reclaimed: 0]
      [Free CSet: 0.1 ms]
         [Young Free CSet: 0.1 ms]
         [Non-Young Free CSet: 0.0 ms]
   [Eden: 144.0M(144.0M)->0.0B(144.0M) Survivors: 9216.0K->9216.0K Heap: 202.9M(256.0M)->59.4M(256.0M)]
 [Times: user=0.03 sys=0.01, real=0.01 secs] 
25.185: [GC pause (G1 Evacuation Pause) (young), 0.0046310 secs]
   [Parallel Time: 4.1 ms, GC Workers: 8]
      [GC Worker Start (ms):  25184.6  25184.6  25184.6  25184.6  25184.6  25184.6  25184.6  25184.6
       Min: 25184.6, Avg: 25184.6, Max: 25184.6, Diff: 0.1]
      [Ext Root Scanning (ms):  0.2  0.2  0.2  0.2  0.2  0.2  0.2  0.2
       Min: 0.2, Avg: 0.2, Max: 0.2, Diff: 0.1, Sum: 1.6]
         [Thread Roots (ms):  0.0  0.1  0.1  0.1  0.0  0.1  0.0  0.1
          Min: 0.0, Avg: 0.0, Max: 0.1, Diff: 0.1, Sum: 0.4]
         [StringTable Roots (ms):  0.0  0.2  0.2  0.2  0.1  0.1  0.2  0.1
          Min: 0.0, Avg: 0.1, Max: 0.2, Diff: 0.2, Sum: 1.1]
         [Universe Roots (ms):  0.0  0.0  0.0  0.0  0.0  0.0  0.0  0.0
          Min: 0.0, Avg: 0.0, Max: 0.0, Diff: 0.0, Sum: 0.0]
         [JNI Handles Roots (ms):  0.0  0.0  0.0  0.0  0.0  0.0  0.0  0.0
          Min: 0.0, Avg: 0.0, Max: 0.0, Diff: 0.0, Sum: 0.0]
         [ObjectSynchronizer Roots (ms):  0.0  0.0  0.0  0.0  0.0  0.0  0.0  0.0
          Min: 0.0, Avg: 0.0, Max: 0.0, Diff: 0.0, Sum: 0.0]
         [FlatProfiler Roots (ms):  0.0  0.0  0.0  0.0  0.0  0.0  0.0  0.0
          Min: 0.0, Avg: 0.0, Max: 0.0, Diff: 0.0, Sum: 0.0]
         [Management Roots (ms):  0.0  0.0  0.0  0.0  0.0  0.0  0.0  0.0
          Min: 0.0, Avg: 0.0, Max: 0.0, Diff: 0.0, Sum: 0.0]
         [SystemDictionary Roots (ms):  0.0  0.0  0.0  0.0  0.1  0.0  0.0  0.0
          Min: 0.0, Avg: 0.0, Max: 0.1, Diff: 0.1, Sum: 0.1]
         [CLDG Roots (ms):  0.2  0.0  0.0  0.0  0.0  0.0  0.0  0.0
          Min: 0.0, Avg: 0.0, Max: 0.2, Diff: 0.2, Sum: 0.2]
         [JVMTI Roots (ms):  0.0  0.0  0.0  0.0  0.0  0.0  0.0  0.0
          Min: 0.0, Avg: 0.0, Max: 0.0, Diff: 0.0, Sum: 0.0]
         [CodeCache Roots (ms):  0.4  0.5  0.6  0.4  0.4  0.5  0.4  0.5
          Min: 0.4, Avg: 0.5, Max: 0.6, Diff: 0.2, Sum: 3.9]
         [CM RefProcessor Roots (ms):  0.0  0.0  0.0  0.0  0.0  0.0  0.0  0.0
          Min: 0.0, Avg: 0.0, Max: 0.0, Diff: 0.0, Sum: 0.0]
         [Wait For Strong CLD (ms):  0.0  0.0  0.0  0.0  0.0  0.0  0.0  0.0
          Min: 0.0, Avg: 0.0, Max: 0.0, Diff: 0.0, Sum: 0.0]
         [Weak CLD Roots (ms):  0.0  0.0  0.0  0.0  0.0  0.0  0.0  0.0
          Min: 0.0, Avg: 0.0, Max: 0.0, Diff: 0.0, Sum: 0.0]
         [SATB Filtering (ms):  0.0  0.0  0.0  0.0  0.0  0.0  0.0  0.0
          Min: 0.0, Avg: 0.0, Max: 0.0, Diff: 0.0, Sum: 0.0]
      [Update RS (ms):  0.4  0.5  0.6  0.4  0.3  0.5  0.4  0.5
       Min: 0.3, Avg: 0.5, Max: 0.6, Diff: 0.3, Sum: 3.7]
         [Processed Buffers:  1  1  1  1  23  1  1  1
          Min: 1, Avg: 3.8, Max: 23, Diff: 22, Sum: 30]
      [Scan RS (ms):  0.0  0.0  0.0  0.0  0.1  0.0  0.0  0.0
       Min: 0.0, Avg: 0.0, Max: 0.1, Diff: 0.1, Sum: 0.1]
      [Code Root Scanning (ms):  0.0  0.0  0.0  0.0  0.0  0.0  0.0  0.0
       Min: 0.0, Avg: 0.0, Max: 0.0, Diff: 0.0, Sum: 0.1]
      [Object Copy (ms):  3.4  3.3  3.2  3.4  3.4  3.3  3.4  3.3
       Min: 3.2, Avg: 3.3, Max: 3.4, Diff: 0.2, Sum: 26.6]
      [Termination (ms):  0.0  0.0  0.0  0.0  0.0  0.0  0.0  0.0
       Min: 0.0, Avg: 0.0, Max: 0.0, Diff: 0.0, Sum: 0.0]
         [Termination Attempts:  1  1  1  1  1  1  1  1
          Min: 1, Avg: 1.0, Max: 1, Diff: 0, Sum: 8]
      [GC Worker Other (ms):  0.0  0.0  0.0  0.0  0.0  0.0  0.1  0.1
       Min: 0.0, Avg: 0.0, Max: 0.1, Diff: 0.1, Sum: 0.2]
      [GC Worker Total (ms):  4.1  4.0  4.0  4.0  4.0  4.0  4.1  4.0
       Min: 4.0, Avg: 4.0, Max: 4.1, Diff: 0.0, Sum: 32.3]
      [GC Worker End (ms):  25188.6  25188.6  25188.6  25188.6  25188.6  25188.6  25188.7  25188.7
       Min: 25188.6, Avg: 25188.6, Max: 25188.7, Diff: 0.1]
   [Code Root Fixup: 0.0 ms]
   [Code Root Purge: 0.0 ms]
   [Clear CT: 0.1 ms]
   [Other: 0.4 ms]
      [Choose CSet: 0.0 ms]
      [Ref Proc: 0.1 ms]
      [Ref Enq: 0.0 ms]
      [Redirty Cards: 0.1 ms]
         [Parallel Redirty:  0.0  0.0  0.0  0.0  0.0  0.0  0.0  0.0
          Min: 0.0, Avg: 0.0, Max: 0.0, Diff: 0.0, Sum: 0.0]
         [Redirtied Cards:  790  0  0  0  0  0  0  0
          Min: 0, Avg: 98.8, Max: 790, Diff: 790, Sum: 790]
      [Humongous Register: 0.0 ms]
         [Humongous Total: 0]
         [Humongous Candidate: 0]
      [Humongous Reclaim: 0.0 ms]
         [Humongous Reclaimed: 0]
      [Free CSet: 0.1 ms]
         [Young Free CSet: 0.1 ms]
         [Non-Young Free CSet: 0.0 ms]
   [Eden: 144.0M(144.0M)->0.0B(144.0M) Survivors: 9216.0K->9216.0K Heap: 203.4M(256.0M)->60.0M(256.0M)]
 [Times: user=0.04 sys=0.00, real=0.01 secs] 
25.410: [GC pause (G1 Evacuation Pause) (young), 0.0043039 secs]
   [Parallel Time: 3.8 ms, GC Workers: 8]
      [GC Worker Start (ms):  25410.1  25410.1  25410.1  25410.1  25410.1  25410.1  25410.1  25410.1
       Min: 25410.1, Avg: 25410.1, Max: 25410.1, Diff: 0.1]
      [Ext Root Scanning (ms):  0.2  0.2  0.2  0.2  0.2  0.2  0.2  0.2
       Min: 0.2, Avg: 0.2, Max: 0.2, Diff: 0.1, Sum: 1.5]
         [Thread Roots (ms):  0.0  0.1  0.0  0.0  0.1  0.0  0.1  0.0
          Min: 0.0, Avg: 0.0, Max: 0.1, Diff: 0.1, Sum: 0.3]
         [StringTable Roots (ms):  0.0  0.2  0.1  0.2  0.1  0.2  0.1  0.2
          Min: 0.0, Avg: 0.1, Max: 0.2, Diff: 0.2, Sum: 1.0]
         [Universe Roots (ms):  0.0  0.0  0.0  0.0  0.0  0.0  0.0  0.0
          Min: 0.0, Avg: 0.0, Max: 0.0, Diff: 0.0, Sum: 0.0]
         [JNI Handles Roots (ms):  0.0  0.0  0.0  0.0  0.0  0.0  0.0  0.0
          Min: 0.0, Avg: 0.0, Max: 0.0, Diff: 0.0, Sum: 0.0]
         [ObjectSynchronizer Roots (ms):  0.0  0.0  0.0  0.0  0.0  0.0  0.0  0.0
          Min: 0.0, Avg: 0.0, Max: 0.0, Diff: 0.0, Sum: 0.0]
         [FlatProfiler Roots (ms):  0.0  0.0  0.0  0.0  0.0  0.0  0.0  0.0
          Min: 0.0, Avg: 0.0, Max: 0.0, Diff: 0.0, Sum: 0.0]
         [Management Roots (ms):  0.0  0.0  0.0  0.0  0.0  0.0  0.0  0.0
          Min: 0.0, Avg: 0.0, Max: 0.0, Diff: 0.0, Sum: 0.0]
         [SystemDictionary Roots (ms):  0.0  0.0  0.1  0.0  0.0  0.0  0.0  0.0
          Min: 0.0, Avg: 0.0, Max: 0.1, Diff: 0.1, Sum: 0.1]
         [CLDG Roots (ms):  0.2  0.0  0.0  0.0  0.0  0.0  0.0  0.0
          Min: 0.0, Avg: 0.0, Max: 0.2, Diff: 0.2, Sum: 0.2]
         [JVMTI Roots (ms):  0.0  0.0  0.0  0.0  0.0  0.0  0.0  0.0
          Min: 0.0, Avg: 0.0, Max: 0.0, Diff: 0.0, Sum: 0.0]
         [CodeCache Roots (ms):  0.5  0.5  0.4  0.5  0.5  0.5  0.5  0.7
          Min: 0.4, Avg: 0.5, Max: 0.7, Diff: 0.3, Sum: 4.0]
         [CM RefProcessor Roots (ms):  0.0  0.0  0.0  0.0  0.0  0.0  0.0  0.0
          Min: 0.0, Avg: 0.0, Max: 0.0, Diff: 0.0, Sum: 0.0]
         [Wait For Strong CLD (ms):  0.0  0.0  0.0  0.0  0.0  0.0  0.0  0.0
          Min: 0.0, Avg: 0.0, Max: 0.0, Diff: 0.0, Sum: 0.0]
         [Weak CLD Roots (ms):  0.0  0.0  0.0  0.0  0.0  0.0  0.0  0.0
          Min: 0.0, Avg: 0.0, Max: 0.0, Diff: 0.0, Sum: 0.0]
         [SATB Filtering (ms):  0.0  0.0  0.0  0.0  0.0  0.0  0.0  0.0
          Min: 0.0, Avg: 0.0, Max: 0.0, Diff: 0.0, Sum: 0.0]
      [Update RS (ms):  0.4  0.5  0.4  0.4  0.4  0.4  0.5  0.7
       Min: 0.4, Avg: 0.5, Max: 0.7, Diff: 0.3, Sum: 3.8]
         [Processed Buffers:  1  1  18  1  2  6  1  1
          Min: 1, Avg: 3.9, Max: 18, Diff: 17, Sum: 31]
      [Scan RS (ms):  0.0  0.0  0.0  0.0  0.0  0.0  0.0  0.0
       Min: 0.0, Avg: 0.0, Max: 0.0, Diff: 0.0, Sum: 0.1]
      [Code Root Scanning (ms):  0.0  0.0  0.0  0.0  0.0  0.0  0.0  0.0
       Min: 0.0, Avg: 0.0, Max: 0.0, Diff: 0.0, Sum: 0.0]
      [Object Copy (ms):  3.0  3.0  3.0  3.0  3.0  3.0  3.0  2.7
       Min: 2.7, Avg: 3.0, Max: 3.0, Diff: 0.3, Sum: 23.8]
      [Termination (ms):  0.0  0.0  0.0  0.0  0.0  0.0  0.0  0.0
       Min: 0.0, Avg: 0.0, Max: 0.0, Diff: 0.0, Sum: 0.0]
         [Termination Attempts:  3  1  1  1  1  1  1  1
          Min: 1, Avg: 1.2, Max: 3, Diff: 2, Sum: 10]
      [GC Worker Other (ms):  0.0  0.0  0.1  0.1  0.0  0.1  0.0  0.1
       Min: 0.0, Avg: 0.0, Max: 0.1, Diff: 0.1, Sum: 0.4]
      [GC Worker Total (ms):  3.7  3.7  3.7  3.7  3.7  3.7  3.7  3.7
       Min: 3.7, Avg: 3.7, Max: 3.7, Diff: 0.0, Sum: 29.7]
      [GC Worker End (ms):  25413.8  25413.8  25413.8  25413.8  25413.8  25413.8  25413.8  25413.8
       Min: 25413.8, Avg: 25413.8, Max: 25413.8, Diff: 0.1]
   [Code Root Fixup: 0.0 ms]
   [Code Root Purge: 0.0 ms]
   [Clear CT: 0.1 ms]
   [Other: 0.4 ms]
      [Choose CSet: 0.0 ms]
      [Ref Proc: 0.1 ms]
      [Ref Enq: 0.0 ms]
      [Redirty Cards: 0.1 ms]
         [Parallel Redirty:  0.0  0.0  0.0  0.0  0.0  0.0  0.0  0.0
          Min: 0.0, Avg: 0.0, Max: 0.0, Diff: 0.0, Sum: 0.0]
         [Redirtied Cards:  778  0  0  0  0  0  0  0
          Min: 0, Avg: 97.2, Max: 778, Diff: 778, Sum: 778]
      [Humongous Register: 0.0 ms]
         [Humongous Total: 0]
         [Humongous Candidate: 0]
      [Humongous Reclaim: 0.0 ms]
         [Humongous Reclaimed: 0]
      [Free CSet: 0.1 ms]
         [Young Free CSet: 0.1 ms]
         [Non-Young Free CSet: 0.0 ms]
   [Eden: 144.0M(144.0M)->0.0B(144.0M) Survivors: 9216.0K->9216.0K Heap: 204.0M(256.0M)->60.5M(256.0M)]
 [Times: user=0.03 sys=0.00, real=0.00 secs] 
25.623: [GC pause (G1 Evacuation Pause) (young), 0.0044164 secs]
   [Parallel Time: 3.9 ms, GC Workers: 8]
      [GC Worker Start (ms):  25622.8  25622.8  25622.9  25622.9  25622.9  25622.9  25622.9  25622.9
       Min: 25622.8, Avg: 25622.9, Max: 25622.9, Diff: 0.0]
      [Ext Root Scanning (ms):  0.2  0.2  0.2  0.2  0.2  0.2  0.2  0.2
       Min: 0.2, Avg: 0.2, Max: 0.2, Diff: 0.1, Sum: 1.5]
         [Thread Roots (ms):  0.0  0.1  0.0  0.0  0.0  0.1  0.0  0.0
          Min: 0.0, Avg: 0.0, Max: 0.1, Diff: 0.1, Sum: 0.3]
         [StringTable Roots (ms):  0.0  0.1  0.2  0.2  0.2  0.1  0.1  0.2
          Min: 0.0, Avg: 0.1, Max: 0.2, Diff: 0.1, Sum: 0.9]
         [Universe Roots (ms):  0.0  0.0  0.0  0.0  0.0  0.0  0.0  0.0
          Min: 0.0, Avg: 0.0, Max: 0.0, Diff: 0.0, Sum: 0.0]
         [JNI Handles Roots (ms):  0.0  0.0  0.0  0.0  0.0  0.0  0.0  0.0
          Min: 0.0, Avg: 0.0, Max: 0.0, Diff: 0.0, Sum: 0.0]
         [ObjectSynchronizer Roots (ms):  0.0  0.0  0.0  0.0  0.0  0.0  0.0  0.0
          Min: 0.0, Avg: 0.0, Max: 0.0, Diff: 0.0, Sum: 0.0]
         [FlatProfiler Roots (ms):  0.0  0.0  0.0  0.0  0.0  0.0  0.0  0.0
          Min: 0.0, Avg: 0.0, Max: 0.0, Diff: 0.0, Sum: 0.0]
         [Management Roots (ms):  0.0  0.0  0.0  0.0  0.0  0.0  0.0  0.0
          Min: 0.0, Avg: 0.0, Max: 0.0, Diff: 0.0, Sum: 0.0]
         [SystemDictionary Roots (ms):  0.0  0.0  0.0  0.0  0.0  0.0  0.1  0.0
          Min: 0.0, Avg: 0.0, Max: 0.1, Diff: 0.1, Sum: 0.1]
         [CLDG Roots (ms):  0.2  0.0  0.0  0.0  0.0  0.0  0.0  0.0
          Min: 0.0, Avg: 0.0, Max: 0.2, Diff: 0.2, Sum: 0.2]
         [JVMTI Roots (ms):  0.0  0.0  0.0  0.0  0.0  0.0  0.0  0.0
          Min: 0.0, Avg: 0.0, Max: 0.0, Diff: 0.0, Sum: 0.0]
         [CodeCache Roots (ms):  0.4  0.4  0.4  0.4  0.4  0.4  0.4  0.4
          Min: 0.4, Avg: 0.4, Max: 0.4, Diff: 0.0, Sum: 3.4]
         [CM RefProcessor Roots (ms):  0.0  0.0  0.0  0.0  0.0  0.0  0.0  0.0
          Min: 0.0, Avg: 0.0, Max: 0.0, Diff: 0.0, Sum: 0.0]
         [Wait For Strong CLD (ms):  0.0  0.0  0.0  0.0  0.0  0.0  0.0  0.0
          Min: 0.0, Avg: 0.0, Max: 0.0, Diff: 0.0, Sum: 0.0]
         [Weak CLD Roots (ms):  0.0  0.0  0.0  0.0  0.0  0.0  0.0  0.0
          Min: 0.0, Avg: 0.0, Max: 0.0, Diff: 0.0, Sum: 0.0]
         [SATB Filtering (ms):  0.0  0.0  0.0  0.0  0.0  0.0  0.0  0.0
          Min: 0.0, Avg: 0.0, Max: 0.0, Diff: 0.0, Sum: 0.0]
      [Update RS (ms):  0.4  0.4  0.4  0.4  0.4  0.4  0.4  0.4
       Min: 0.4, Avg: 0.4, Max: 0.4, Diff: 0.0, Sum: 3.2]
         [Processed Buffers:  1  3  5  1  9  8  4  1
          Min: 1, Avg: 4.0, Max: 9, Diff: 8, Sum: 32]
      [Scan RS (ms):  0.0  0.0  0.0  0.0  0.0  0.0  0.0  0.0
       Min: 0.0, Avg: 0.0, Max: 0.0, Diff: 0.0, Sum: 0.1]
      [Code Root Scanning (ms):  0.0  0.0  0.0  0.0  0.0  0.0  0.0  0.0
       Min: 0.0, Avg: 0.0, Max: 0.0, Diff: 0.0, Sum: 0.1]
      [Object Copy (ms):  3.1  3.1  3.1  3.1  3.1  3.1  3.1  3.1
       Min: 3.1, Avg: 3.1, Max: 3.1, Diff: 0.0, Sum: 24.9]
      [Termination (ms):  0.0  0.0  0.0  0.0  0.0  0.0  0.0  0.0
       Min: 0.0, Avg: 0.0, Max: 0.0, Diff: 0.0, Sum: 0.0]
         [Termination Attempts:  4  4  2  3  5  4  5  6
          Min: 2, Avg: 4.1, Max: 6, Diff: 4, Sum: 33]
      [GC Worker Other (ms):  0.1  0.0  0.1  0.0  0.0  0.0  0.0  0.0
       Min: 0.0, Avg: 0.0, Max: 0.1, Diff: 0.0, Sum: 0.3]
      [GC Worker Total (ms):  3.8  3.8  3.8  3.8  3.8  3.7  3.7  3.7
       Min: 3.7, Avg: 3.8, Max: 3.8, Diff: 0.1, Sum: 30.0]
      [GC Worker End (ms):  25626.6  25626.6  25626.6  25626.6  25626.6  25626.6  25626.6  25626.6
       Min: 25626.6, Avg: 25626.6, Max: 25626.6, Diff: 0.0]
   [Code Root Fixup: 0.0 ms]
   [Code Root Purge: 0.0 ms]
   [Clear CT: 0.1 ms]
   [Other: 0.4 ms]
      [Choose CSet: 0.0 ms]
      [Ref Proc: 0.1 ms]
      [Ref Enq: 0.0 ms]
      [Redirty Cards: 0.1 ms]
         [Parallel Redirty:  0.0  0.0  0.0  0.0  0.0  0.0  0.0  0.0
          Min: 0.0, Avg: 0.0, Max: 0.0, Diff: 0.0, Sum: 0.0]
         [Redirtied Cards:  897  0  0  0  0  0  0  0
          Min: 0, Avg: 112.1, Max: 897, Diff: 897, Sum: 897]
      [Humongous Register: 0.0 ms]
         [Humongous Total: 0]
         [Humongous Candidate: 0]
      [Humongous Reclaim: 0.0 ms]
         [Humongous Reclaimed: 0]
      [Free CSet: 0.1 ms]
         [Young Free CSet: 0.1 ms]
         [Non-Young Free CSet: 0.0 ms]
   [Eden: 144.0M(144.0M)->0.0B(144.0M) Survivors: 9216.0K->9216.0K Heap: 204.5M(256.0M)->61.1M(256.0M)]
 [Times: user=0.03 sys=0.00, real=0.00 secs] 
25.842: [GC pause (G1 Evacuation Pause) (young), 0.0044849 secs]
   [Parallel Time: 3.9 ms, GC Workers: 8]
      [GC Worker Start (ms):  25841.7  25841.7  25841.7  25841.7  25841.8  25841.8  25841.8  25841.8
       Min: 25841.7, Avg: 25841.7, Max: 25841.8, Diff: 0.1]
      [Ext Root Scanning (ms):  0.2  0.2  0.2  0.2  0.2  0.2  0.2  0.2
       Min: 0.2, Avg: 0.2, Max: 0.2, Diff: 0.1, Sum: 1.6]
         [Thread Roots (ms):  0.0  0.1  0.1  0.1  0.0  0.1  0.1  0.0
          Min: 0.0, Avg: 0.0, Max: 0.1, Diff: 0.1, Sum: 0.4]
         [StringTable Roots (ms):  0.0  0.2  0.2  0.1  0.1  0.2  0.1  0.2
          Min: 0.0, Avg: 0.1, Max: 0.2, Diff: 0.2, Sum: 1.0]
         [Universe Roots (ms):  0.0  0.0  0.0  0.0  0.0  0.0  0.0  0.0
          Min: 0.0, Avg: 0.0, Max: 0.0, Diff: 0.0, Sum: 0.0]
         [JNI Handles Roots (ms):  0.0  0.0  0.0  0.0  0.0  0.0  0.0  0.0
          Min: 0.0, Avg: 0.0, Max: 0.0, Diff: 0.0, Sum: 0.0]
         [ObjectSynchronizer Roots (ms):  0.0  0.0  0.0  0.0  0.0  0.0  0.0  0.0
          Min: 0.0, Avg: 0.0, Max: 0.0, Diff: 0.0, Sum: 0.0]
         [FlatProfiler Roots (ms):  0.0  0.0  0.0  0.0  0.0  0.0  0.0  0.0
          Min: 0.0, Avg: 0.0, Max: 0.0, Diff: 0.0, Sum: 0.0]
         [Management Roots (ms):  0.0  0.0  0.0  0.0  0.0  0.0  0.0  0.0
          Min: 0.0, Avg: 0.0, Max: 0.0, Diff: 0.0, Sum: 0.0]
         [SystemDictionary Roots (ms):  0.0  0.0  0.0  0.0  0.1  0.0  0.0  0.0
          Min: 0.0, Avg: 0.0, Max: 0.1, Diff: 0.1, Sum: 0.1]
         [CLDG Roots (ms):  0.2  0.0  0.0  0.0  0.0  0.0  0.0  0.0
          Min: 0.0, Avg: 0.0, Max: 0.2, Diff: 0.2, Sum: 0.2]
         [JVMTI Roots (ms):  0.0  0.0  0.0  0.0  0.0  0.0  0.0  0.0
          Min: 0.0, Avg: 0.0, Max: 0.0, Diff: 0.0, Sum: 0.0]
         [CodeCache Roots (ms):  0.5  0.5  0.5  0.5  0.5  0.5  0.8  0.5
          Min: 0.5, Avg: 0.5, Max: 0.8, Diff: 0.3, Sum: 4.1]
         [CM RefProcessor Roots (ms):  0.0  0.0  0.0  0.0  0.0  0.0  0.0  0.0
          Min: 0.0, Avg: 0.0, Max: 0.0, Diff: 0.0, Sum: 0.0]
         [Wait For Strong CLD (ms):  0.0  0.0  0.0  0.0  0.0  0.0  0.0  0.0
          Min: 0.0, Avg: 0.0, Max: 0.0, Diff: 0.0, Sum: 0.0]
         [Weak CLD Roots (ms):  0.0  0.0  0.0  0.0  0.0  0.0  0.0  0.0
          Min: 0.0, Avg: 0.0, Max: 0.0, Diff: 0.0, Sum: 0.0]
         [SATB Filtering (ms):  0.0  0.0  0.0  0.0  0.0  0.0  0.0  0.0
          Min: 0.0, Avg: 0.0, Max: 0.0, Diff: 0.0, Sum: 0.0]
      [Update RS (ms):  0.5  0.4  0.4  0.4  0.4  0.4  0.8  0.5
       Min: 0.4, Avg: 0.5, Max: 0.8, Diff: 0.4, Sum: 3.9]
         [Processed Buffers:  2  9  1  7  6  6  1  1
          Min: 1, Avg: 4.1, Max: 9, Diff: 8, Sum: 33]
      [Scan RS (ms):  0.0  0.0  0.0  0.0  0.0  0.0  0.0  0.0
       Min: 0.0, Avg: 0.0, Max: 0.0, Diff: 0.0, Sum: 0.1]
      [Code Root Scanning (ms):  0.0  0.0  0.0  0.0  0.0  0.0  0.0  0.0
       Min: 0.0, Avg: 0.0, Max: 0.0, Diff: 0.0, Sum: 0.1]
      [Object Copy (ms):  3.2  3.2  3.2  3.2  3.2  3.2  2.9  3.2
       Min: 2.9, Avg: 3.1, Max: 3.2, Diff: 0.3, Sum: 25.1]
      [Termination (ms):  0.0  0.0  0.0  0.0  0.0  0.0  0.0  0.0
       Min: 0.0, Avg: 0.0, Max: 0.0, Diff: 0.0, Sum: 0.0]
         [Termination Attempts:  1  1  1  1  1  1  1  1
          Min: 1, Avg: 1.0, Max: 1, Diff: 0, Sum: 8]
      [GC Worker Other (ms):  0.0  0.0  0.0  0.0  0.1  0.0  0.0  0.0
       Min: 0.0, Avg: 0.0, Max: 0.1, Diff: 0.0, Sum: 0.2]
      [GC Worker Total (ms):  3.9  3.9  3.9  3.9  3.9  3.9  3.8  3.8
       Min: 3.8, Avg: 3.9, Max: 3.9, Diff: 0.1, Sum: 31.1]
      [GC Worker End (ms):  25845.6  25845.6  25845.6  25845.6  25845.7  25845.6  25845.6  25845.6
       Min: 25845.6, Avg: 25845.6, Max: 25845.7, Diff: 0.0]
   [Code Root Fixup: 0.0 ms]
   [Code Root Purge: 0.0 ms]
   [Clear CT: 0.1 ms]
   [Other: 0.4 ms]
      [Choose CSet: 0.0 ms]
      [Ref Proc: 0.1 ms]
      [Ref Enq: 0.0 ms]
      [Redirty Cards: 0.1 ms]
         [Parallel Redirty:  0.0  0.0  0.0  0.0  0.0  0.0  0.0  0.0
          Min: 0.0, Avg: 0.0, Max: 0.0, Diff: 0.0, Sum: 0.0]
         [Redirtied Cards:  916  0  0  0  0  0  0  0
          Min: 0, Avg: 114.5, Max: 916, Diff: 916, Sum: 916]
      [Humongous Register: 0.0 ms]
         [Humongous Total: 0]
         [Humongous Candidate: 0]
      [Humongous Reclaim: 0.0 ms]
         [Humongous Reclaimed: 0]
      [Free CSet: 0.1 ms]
         [Young Free CSet: 0.1 ms]
         [Non-Young Free CSet: 0.0 ms]
   [Eden: 144.0M(144.0M)->0.0B(144.0M) Survivors: 9216.0K->9216.0K Heap: 205.1M(256.0M)->61.8M(256.0M)]
 [Times: user=0.03 sys=0.00, real=0.00 secs] 
26.057: [GC pause (G1 Evacuation Pause) (young), 0.0043701 secs]
   [Parallel Time: 3.8 ms, GC Workers: 8]
      [GC Worker Start (ms):  26057.4  26057.4  26057.4  26057.4  26057.4  26057.4  26057.5  26057.5
       Min: 26057.4, Avg: 26057.4, Max: 26057.5, Diff: 0.0]
      [Ext Root Scanning (ms):  0.2  0.2  0.2  0.2  0.2  0.2  0.2  0.2
       Min: 0.2, Avg: 0.2, Max: 0.2, Diff: 0.1, Sum: 1.7]
         [Thread Roots (ms):  0.0  0.1  0.1  0.1  0.1  0.0  0.0  0.0
          Min: 0.0, Avg: 0.1, Max: 0.1, Diff: 0.1, Sum: 0.4]
         [StringTable Roots (ms):  0.0  0.2  0.1  0.2  0.2  0.2  0.2  0.1
          Min: 0.0, Avg: 0.1, Max: 0.2, Diff: 0.2, Sum: 1.0]
         [Universe Roots (ms):  0.0  0.0  0.0  0.0  0.0  0.0  0.0  0.0
          Min: 0.0, Avg: 0.0, Max: 0.0, Diff: 0.0, Sum: 0.0]
         [JNI Handles Roots (ms):  0.0  0.0  0.0  0.0  0.0  0.0  0.0  0.0
          Min: 0.0, Avg: 0.0, Max: 0.0, Diff: 0.0, Sum: 0.0]
         [ObjectSynchronizer Roots (ms):  0.0  0.0  0.0  0.0  0.0  0.0  0.0  0.0
          Min: 0.0, Avg: 0.0, Max: 0.0, Diff: 0.0, Sum: 0.0]
         [FlatProfiler Roots (ms):  0.0  0.0  0.0  0.0  0.0  0.0  0.0  0.0
          Min: 0.0, Avg: 0.0, Max: 0.0, Diff: 0.0, Sum: 0.0]
         [Management Roots (ms):  0.0  0.0  0.0  0.0  0.0  0.0  0.0  0.0
          Min: 0.0, Avg: 0.0, Max: 0.0, Diff: 0.0, Sum: 0.0]
         [SystemDictionary Roots (ms):  0.0  0.0  0.0  0.0  0.0  0.0  0.0  0.1
          Min: 0.0, Avg: 0.0, Max: 0.1, Diff: 0.1, Sum: 0.1]
         [CLDG Roots (ms):  0.2  0.0  0.0  0.0  0.0  0.0  0.0  0.0
          Min: 0.0, Avg: 0.0, Max: 0.2, Diff: 0.2, Sum: 0.2]
         [JVMTI Roots (ms):  0.0  0.0  0.0  0.0  0.0  0.0  0.0  0.0
          Min: 0.0, Avg: 0.0, Max: 0.0, Diff: 0.0, Sum: 0.0]
         [CodeCache Roots (ms):  0.5  0.7  0.5  0.5  0.5  0.6  0.7  0.5
          Min: 0.5, Avg: 0.6, Max: 0.7, Diff: 0.3, Sum: 4.5]
         [CM RefProcessor Roots (ms):  0.0  0.0  0.0  0.0  0.0  0.0  0.0  0.0
          Min: 0.0, Avg: 0.0, Max: 0.0, Diff: 0.0, Sum: 0.0]
         [Wait For Strong CLD (ms):  0.0  0.0  0.0  0.0  0.0  0.0  0.0  0.0
          Min: 0.0, Avg: 0.0, Max: 0.0, Diff: 0.0, Sum: 0.0]
         [Weak CLD Roots (ms):  0.0  0.0  0.0  0.0  0.0  0.0  0.0  0.0
          Min: 0.0, Avg: 0.0, Max: 0.0, Diff: 0.0, Sum: 0.0]
         [SATB Filtering (ms):  0.0  0.0  0.0  0.0  0.0  0.0  0.0  0.0
          Min: 0.0, Avg: 0.0, Max: 0.0, Diff: 0.0, Sum: 0.0]
      [Update RS (ms):  0.4  0.7  0.4  0.4  0.5  0.6  0.7  0.5
       Min: 0.4, Avg: 0.5, Max: 0.7, Diff: 0.3, Sum: 4.3]
         [Processed Buffers:  3  1  7  8  1  1  1  7
          Min: 1, Avg: 3.6, Max: 8, Diff: 7, Sum: 29]
      [Scan RS (ms):  0.0  0.0  0.0  0.0  0.0  0.0  0.0  0.0
       Min: 0.0, Avg: 0.0, Max: 0.0, Diff: 0.0, Sum: 0.1]
      [Code Root Scanning (ms):  0.0  0.0  0.0  0.0  0.0  0.0  0.0  0.0
       Min: 0.0, Avg: 0.0, Max: 0.0, Diff: 0.0, Sum: 0.1]
      [Object Copy (ms):  3.0  2.8  3.0  3.0  3.0  2.9  2.8  3.0
       Min: 2.8, Avg: 2.9, Max: 3.0, Diff: 0.3, Sum: 23.5]
      [Termination (ms):  0.0  0.0  0.0  0.0  0.0  0.0  0.0  0.0
       Min: 0.0, Avg: 0.0, Max: 0.0, Diff: 0.0, Sum: 0.0]
         [Termination Attempts:  1  1  1  1  1  1  1  1
          Min: 1, Avg: 1.0, Max: 1, Diff: 0, Sum: 8]
      [GC Worker Other (ms):  0.0  0.0  0.0  0.0  0.0  0.0  0.0  0.0
       Min: 0.0, Avg: 0.0, Max: 0.0, Diff: 0.0, Sum: 0.2]
      [GC Worker Total (ms):  3.7  3.7  3.7  3.7  3.7  3.7  3.7  3.7
       Min: 3.7, Avg: 3.7, Max: 3.7, Diff: 0.1, Sum: 29.7]
      [GC Worker End (ms):  26061.1  26061.2  26061.2  26061.1  26061.2  26061.1  26061.1  26061.1
       Min: 26061.1, Avg: 26061.2, Max: 26061.2, Diff: 0.0]
   [Code Root Fixup: 0.0 ms]
   [Code Root Purge: 0.0 ms]
   [Clear CT: 0.1 ms]
   [Other: 0.4 ms]
      [Choose CSet: 0.0 ms]
      [Ref Proc: 0.1 ms]
      [Ref Enq: 0.0 ms]
      [Redirty Cards: 0.1 ms]
         [Parallel Redirty:  0.0  0.0  0.0  0.0  0.0  0.0  0.0  0.0
          Min: 0.0, Avg: 0.0, Max: 0.0, Diff: 0.0, Sum: 0.0]
         [Redirtied Cards:  803  0  0  0  0  0  0  0
          Min: 0, Avg: 100.4, Max: 803, Diff: 803, Sum: 803]
      [Humongous Register: 0.0 ms]
         [Humongous Total: 0]
         [Humongous Candidate: 0]
      [Humongous Reclaim: 0.0 ms]
         [Humongous Reclaimed: 0]
      [Free CSet: 0.1 ms]
         [Young Free CSet: 0.1 ms]
         [Non-Young Free CSet: 0.0 ms]
   [Eden: 144.0M(144.0M)->0.0B(145.0M) Survivors: 9216.0K->8192.0K Heap: 205.8M(256.0M)->61.8M(256.0M)]
 [Times: user=0.03 sys=0.00, real=0.01 secs] 
26.271: [GC pause (G1 Evacuation Pause) (young), 0.0054821 secs]
   [Parallel Time: 5.0 ms, GC Workers: 8]
      [GC Worker Start (ms):  26270.9  26270.9  26271.0  26271.0  26271.0  26271.0  26271.0  26271.0
       Min: 26270.9, Avg: 26271.0, Max: 26271.0, Diff: 0.1]
      [Ext Root Scanning (ms):  0.3  0.2  0.2  0.2  0.2  0.3  0.2  0.2
       Min: 0.2, Avg: 0.2, Max: 0.3, Diff: 0.1, Sum: 1.9]
         [Thread Roots (ms):  0.0  0.1  0.1  0.1  0.0  0.3  0.0  0.1
          Min: 0.0, Avg: 0.1, Max: 0.3, Diff: 0.3, Sum: 0.6]
         [StringTable Roots (ms):  0.0  0.2  0.2  0.2  0.2  0.0  0.1  0.1
          Min: 0.0, Avg: 0.1, Max: 0.2, Diff: 0.2, Sum: 1.0]
         [Universe Roots (ms):  0.0  0.0  0.0  0.0  0.0  0.0  0.0  0.0
          Min: 0.0, Avg: 0.0, Max: 0.0, Diff: 0.0, Sum: 0.0]
         [JNI Handles Roots (ms):  0.0  0.0  0.0  0.0  0.0  0.0  0.0  0.0
          Min: 0.0, Avg: 0.0, Max: 0.0, Diff: 0.0, Sum: 0.0]
         [ObjectSynchronizer Roots (ms):  0.0  0.0  0.0  0.0  0.0  0.0  0.0  0.0
          Min: 0.0, Avg: 0.0, Max: 0.0, Diff: 0.0, Sum: 0.0]
         [FlatProfiler Roots (ms):  0.0  0.0  0.0  0.0  0.0  0.0  0.0  0.0
          Min: 0.0, Avg: 0.0, Max: 0.0, Diff: 0.0, Sum: 0.0]
         [Management Roots (ms):  0.0  0.0  0.0  0.0  0.0  0.0  0.0  0.0
          Min: 0.0, Avg: 0.0, Max: 0.0, Diff: 0.0, Sum: 0.0]
         [SystemDictionary Roots (ms):  0.0  0.0  0.0  0.0  0.0  0.0  0.1  0.0
          Min: 0.0, Avg: 0.0, Max: 0.1, Diff: 0.1, Sum: 0.1]
         [CLDG Roots (ms):  0.2  0.0  0.0  0.0  0.0  0.0  0.0  0.0
          Min: 0.0, Avg: 0.0, Max: 0.2, Diff: 0.2, Sum: 0.2]
         [JVMTI Roots (ms):  0.0  0.0  0.0  0.0  0.0  0.0  0.0  0.0
          Min: 0.0, Avg: 0.0, Max: 0.0, Diff: 0.0, Sum: 0.0]
         [CodeCache Roots (ms):  0.5  0.9  3.8  0.5  0.5  0.5  0.5  0.5
          Min: 0.5, Avg: 1.0, Max: 3.8, Diff: 3.4, Sum: 7.7]
         [CM RefProcessor Roots (ms):  0.0  0.0  0.0  0.0  0.0  0.0  0.0  0.0
          Min: 0.0, Avg: 0.0, Max: 0.0, Diff: 0.0, Sum: 0.0]
         [Wait For Strong CLD (ms):  0.0  0.0  0.0  0.0  0.0  0.0  0.0  0.0
          Min: 0.0, Avg: 0.0, Max: 0.0, Diff: 0.0, Sum: 0.0]
         [Weak CLD Roots (ms):  0.0  0.0  0.0  0.0  0.0  0.0  0.0  0.0
          Min: 0.0, Avg: 0.0, Max: 0.0, Diff: 0.0, Sum: 0.0]
         [SATB Filtering (ms):  0.0  0.0  0.0  0.0  0.0  0.0  0.0  0.0
          Min: 0.0, Avg: 0.0, Max: 0.0, Diff: 0.0, Sum: 0.0]
      [Update RS (ms):  0.5  0.9  0.5  0.4  0.5  0.5  0.5  0.5
       Min: 0.4, Avg: 0.5, Max: 0.9, Diff: 0.4, Sum: 4.2]
         [Processed Buffers:  1  1  3  11  1  4  8  1
          Min: 1, Avg: 3.8, Max: 11, Diff: 10, Sum: 30]
      [Scan RS (ms):  0.0  0.0  0.0  0.0  0.0  0.0  0.0  0.0
       Min: 0.0, Avg: 0.0, Max: 0.0, Diff: 0.0, Sum: 0.1]
      [Code Root Scanning (ms):  0.0  0.0  3.3  0.0  0.0  0.0  0.0  0.0
       Min: 0.0, Avg: 0.4, Max: 3.3, Diff: 3.3, Sum: 3.4]
      [Object Copy (ms):  4.1  3.7  0.8  4.1  4.1  4.1  4.1  4.1
       Min: 0.8, Avg: 3.6, Max: 4.1, Diff: 3.3, Sum: 29.1]
      [Termination (ms):  0.0  0.0  0.0  0.0  0.0  0.0  0.0  0.0
       Min: 0.0, Avg: 0.0, Max: 0.0, Diff: 0.0, Sum: 0.0]
         [Termination Attempts:  15  10  1  9  13  9  7  14
          Min: 1, Avg: 9.8, Max: 15, Diff: 14, Sum: 78]
      [GC Worker Other (ms):  0.0  0.1  0.0  0.1  0.0  0.0  0.0  0.0
       Min: 0.0, Avg: 0.0, Max: 0.1, Diff: 0.1, Sum: 0.3]
      [GC Worker Total (ms):  4.9  4.9  4.9  4.9  4.8  4.9  4.8  4.8
       Min: 4.8, Avg: 4.9, Max: 4.9, Diff: 0.1, Sum: 38.9]
      [GC Worker End (ms):  26275.8  26275.9  26275.8  26275.9  26275.8  26275.8  26275.8  26275.8
       Min: 26275.8, Avg: 26275.8, Max: 26275.9, Diff: 0.1]
   [Code Root Fixup: 0.0 ms]
   [Code Root Purge: 0.0 ms]
   [Clear CT: 0.1 ms]
   [Other: 0.4 ms]
      [Choose CSet: 0.0 ms]
      [Ref Proc: 0.1 ms]
      [Ref Enq: 0.0 ms]
      [Redirty Cards: 0.1 ms]
         [Parallel Redirty:  0.0  0.0  0.0  0.0  0.0  0.0  0.0  0.0
          Min: 0.0, Avg: 0.0, Max: 0.0, Diff: 0.0, Sum: 0.0]
         [Redirtied Cards:  926  0  0  0  0  0  0  0
          Min: 0, Avg: 115.8, Max: 926, Diff: 926, Sum: 926]
      [Humongous Register: 0.0 ms]
         [Humongous Total: 0]
         [Humongous Candidate: 0]
      [Humongous Reclaim: 0.0 ms]
         [Humongous Reclaimed: 0]
      [Free CSet: 0.1 ms]
         [Young Free CSet: 0.1 ms]
         [Non-Young Free CSet: 0.0 ms]
   [Eden: 145.0M(145.0M)->0.0B(145.0M) Survivors: 8192.0K->8192.0K Heap: 206.8M(256.0M)->62.4M(256.0M)]
 [Times: user=0.04 sys=0.00, real=0.00 secs] 
26.486: [GC pause (G1 Evacuation Pause) (young), 0.0046789 secs]
   [Parallel Time: 4.0 ms, GC Workers: 8]
      [GC Worker Start (ms):  26486.2  26486.2  26486.2  26486.2  26486.2  26486.2  26486.3  26486.3
       Min: 26486.2, Avg: 26486.2, Max: 26486.3, Diff: 0.1]
      [Ext Root Scanning (ms):  0.2  0.2  0.2  0.2  0.2  0.2  0.2  0.2
       Min: 0.2, Avg: 0.2, Max: 0.2, Diff: 0.1, Sum: 1.6]
         [Thread Roots (ms):  0.0  0.1  0.0  0.0  0.1  0.0  0.0  0.0
          Min: 0.0, Avg: 0.0, Max: 0.1, Diff: 0.1, Sum: 0.3]
         [StringTable Roots (ms):  0.0  0.1  0.2  0.2  0.1  0.1  0.2  0.2
          Min: 0.0, Avg: 0.1, Max: 0.2, Diff: 0.2, Sum: 1.0]
         [Universe Roots (ms):  0.0  0.0  0.0  0.0  0.0  0.0  0.0  0.0
          Min: 0.0, Avg: 0.0, Max: 0.0, Diff: 0.0, Sum: 0.0]
         [JNI Handles Roots (ms):  0.0  0.0  0.0  0.0  0.0  0.0  0.0  0.0
          Min: 0.0, Avg: 0.0, Max: 0.0, Diff: 0.0, Sum: 0.0]
         [ObjectSynchronizer Roots (ms):  0.0  0.0  0.0  0.0  0.0  0.0  0.0  0.0
          Min: 0.0, Avg: 0.0, Max: 0.0, Diff: 0.0, Sum: 0.0]
         [FlatProfiler Roots (ms):  0.0  0.0  0.0  0.0  0.0  0.0  0.0  0.0
          Min: 0.0, Avg: 0.0, Max: 0.0, Diff: 0.0, Sum: 0.0]
         [Management Roots (ms):  0.0  0.0  0.0  0.0  0.0  0.0  0.0  0.0
          Min: 0.0, Avg: 0.0, Max: 0.0, Diff: 0.0, Sum: 0.0]
         [SystemDictionary Roots (ms):  0.0  0.0  0.0  0.0  0.0  0.1  0.0  0.0
          Min: 0.0, Avg: 0.0, Max: 0.1, Diff: 0.1, Sum: 0.1]
         [CLDG Roots (ms):  0.2  0.0  0.0  0.0  0.0  0.0  0.0  0.0
          Min: 0.0, Avg: 0.0, Max: 0.2, Diff: 0.2, Sum: 0.2]
         [JVMTI Roots (ms):  0.0  0.0  0.0  0.0  0.0  0.0  0.0  0.0
          Min: 0.0, Avg: 0.0, Max: 0.0, Diff: 0.0, Sum: 0.0]
         [CodeCache Roots (ms):  0.9  0.6  0.5  0.6  0.5  0.5  0.5  0.5
          Min: 0.5, Avg: 0.6, Max: 0.9, Diff: 0.4, Sum: 4.5]
         [CM RefProcessor Roots (ms):  0.0  0.0  0.0  0.0  0.0  0.0  0.0  0.0
          Min: 0.0, Avg: 0.0, Max: 0.0, Diff: 0.0, Sum: 0.0]
         [Wait For Strong CLD (ms):  0.0  0.0  0.0  0.0  0.0  0.0  0.0  0.0
          Min: 0.0, Avg: 0.0, Max: 0.0, Diff: 0.0, Sum: 0.0]
         [Weak CLD Roots (ms):  0.0  0.0  0.0  0.0  0.0  0.0  0.0  0.0
          Min: 0.0, Avg: 0.0, Max: 0.0, Diff: 0.0, Sum: 0.0]
         [SATB Filtering (ms):  0.0  0.0  0.0  0.0  0.0  0.0  0.0  0.0
          Min: 0.0, Avg: 0.0, Max: 0.0, Diff: 0.0, Sum: 0.0]
      [Update RS (ms):  0.9  0.6  0.5  0.6  0.4  0.5  0.4  0.4
       Min: 0.4, Avg: 0.5, Max: 0.9, Diff: 0.5, Sum: 4.3]
         [Processed Buffers:  1  1  1  1  1  1  3  22
          Min: 1, Avg: 3.9, Max: 22, Diff: 21, Sum: 31]
      [Scan RS (ms):  0.0  0.0  0.0  0.0  0.0  0.0  0.0  0.0
       Min: 0.0, Avg: 0.0, Max: 0.0, Diff: 0.0, Sum: 0.1]
      [Code Root Scanning (ms):  0.0  0.0  0.0  0.0  0.0  0.0  0.0  0.0
       Min: 0.0, Avg: 0.0, Max: 0.0, Diff: 0.0, Sum: 0.0]
      [Object Copy (ms):  2.7  3.0  3.2  3.1  3.2  3.1  3.2  3.2
       Min: 2.7, Avg: 3.1, Max: 3.2, Diff: 0.5, Sum: 24.6]
      [Termination (ms):  0.0  0.0  0.0  0.0  0.0  0.0  0.0  0.0
       Min: 0.0, Avg: 0.0, Max: 0.0, Diff: 0.0, Sum: 0.0]
         [Termination Attempts:  1  1  1  1  1  1  1  1
          Min: 1, Avg: 1.0, Max: 1, Diff: 0, Sum: 8]
      [GC Worker Other (ms):  0.0  0.0  0.0  0.0  0.0  0.0  0.0  0.0
       Min: 0.0, Avg: 0.0, Max: 0.0, Diff: 0.0, Sum: 0.2]
      [GC Worker Total (ms):  3.9  3.9  3.9  3.9  3.9  3.9  3.9  3.8
       Min: 3.8, Avg: 3.9, Max: 3.9, Diff: 0.1, Sum: 30.9]
      [GC Worker End (ms):  26490.1  26490.1  26490.1  26490.1  26490.1  26490.1  26490.1  26490.1
       Min: 26490.1, Avg: 26490.1, Max: 26490.1, Diff: 0.0]
   [Code Root Fixup: 0.0 ms]
   [Code Root Purge: 0.0 ms]
   [Clear CT: 0.2 ms]
   [Other: 0.5 ms]
      [Choose CSet: 0.0 ms]
      [Ref Proc: 0.2 ms]
      [Ref Enq: 0.0 ms]
      [Redirty Cards: 0.2 ms]
         [Parallel Redirty:  0.0  0.0  0.0  0.0  0.0  0.0  0.0  0.0
          Min: 0.0, Avg: 0.0, Max: 0.0, Diff: 0.0, Sum: 0.0]
         [Redirtied Cards:  810  0  0  0  0  0  0  0
          Min: 0, Avg: 101.2, Max: 810, Diff: 810, Sum: 810]
      [Humongous Register: 0.0 ms]
         [Humongous Total: 0]
         [Humongous Candidate: 0]
      [Humongous Reclaim: 0.0 ms]
         [Humongous Reclaimed: 0]
      [Free CSet: 0.1 ms]
         [Young Free CSet: 0.1 ms]
         [Non-Young Free CSet: 0.0 ms]
   [Eden: 145.0M(145.0M)->0.0B(145.0M) Survivors: 8192.0K->8192.0K Heap: 207.4M(256.0M)->62.8M(256.0M)]
 [Times: user=0.03 sys=0.00, real=0.01 secs] 
26.700: [GC pause (G1 Evacuation Pause) (young), 0.0044714 secs]
   [Parallel Time: 3.9 ms, GC Workers: 8]
      [GC Worker Start (ms):  26700.2  26700.2  26700.2  26700.2  26700.2  26700.2  26700.2  26700.2
       Min: 26700.2, Avg: 26700.2, Max: 26700.2, Diff: 0.1]
      [Ext Root Scanning (ms):  0.3  0.2  0.2  0.2  0.2  0.2  0.2  0.1
       Min: 0.1, Avg: 0.2, Max: 0.3, Diff: 0.1, Sum: 1.6]
         [Thread Roots (ms):  0.0  0.1  0.0  0.0  0.1  0.0  0.0  0.0
          Min: 0.0, Avg: 0.0, Max: 0.1, Diff: 0.1, Sum: 0.3]
         [StringTable Roots (ms):  0.0  0.1  0.2  0.2  0.1  0.2  0.1  0.2
          Min: 0.0, Avg: 0.1, Max: 0.2, Diff: 0.2, Sum: 1.0]
         [Universe Roots (ms):  0.0  0.0  0.0  0.0  0.0  0.0  0.0  0.0
          Min: 0.0, Avg: 0.0, Max: 0.0, Diff: 0.0, Sum: 0.0]
         [JNI Handles Roots (ms):  0.0  0.0  0.0  0.0  0.0  0.0  0.0  0.0
          Min: 0.0, Avg: 0.0, Max: 0.0, Diff: 0.0, Sum: 0.0]
         [ObjectSynchronizer Roots (ms):  0.0  0.0  0.0  0.0  0.0  0.0  0.0  0.0
          Min: 0.0, Avg: 0.0, Max: 0.0, Diff: 0.0, Sum: 0.0]
         [FlatProfiler Roots (ms):  0.0  0.0  0.0  0.0  0.0  0.0  0.0  0.0
          Min: 0.0, Avg: 0.0, Max: 0.0, Diff: 0.0, Sum: 0.0]
         [Management Roots (ms):  0.0  0.0  0.0  0.0  0.0  0.0  0.0  0.0
          Min: 0.0, Avg: 0.0, Max: 0.0, Diff: 0.0, Sum: 0.0]
         [SystemDictionary Roots (ms):  0.0  0.1  0.0  0.0  0.0  0.0  0.0  0.0
          Min: 0.0, Avg: 0.0, Max: 0.1, Diff: 0.1, Sum: 0.1]
         [CLDG Roots (ms):  0.2  0.0  0.0  0.0  0.0  0.0  0.0  0.0
          Min: 0.0, Avg: 0.0, Max: 0.2, Diff: 0.2, Sum: 0.2]
         [JVMTI Roots (ms):  0.0  0.0  0.0  0.0  0.0  0.0  0.0  0.0
          Min: 0.0, Avg: 0.0, Max: 0.0, Diff: 0.0, Sum: 0.0]
         [CodeCache Roots (ms):  0.5  0.5  0.4  0.4  0.8  0.5  0.5  0.5
          Min: 0.4, Avg: 0.5, Max: 0.8, Diff: 0.4, Sum: 4.1]
         [CM RefProcessor Roots (ms):  0.0  0.0  0.0  0.0  0.0  0.0  0.0  0.0
          Min: 0.0, Avg: 0.0, Max: 0.0, Diff: 0.0, Sum: 0.0]
         [Wait For Strong CLD (ms):  0.0  0.0  0.0  0.0  0.0  0.0  0.0  0.0
          Min: 0.0, Avg: 0.0, Max: 0.0, Diff: 0.0, Sum: 0.0]
         [Weak CLD Roots (ms):  0.0  0.0  0.0  0.0  0.0  0.0  0.0  0.0
          Min: 0.0, Avg: 0.0, Max: 0.0, Diff: 0.0, Sum: 0.0]
         [SATB Filtering (ms):  0.0  0.0  0.0  0.0  0.0  0.0  0.0  0.0
          Min: 0.0, Avg: 0.0, Max: 0.0, Diff: 0.0, Sum: 0.0]
      [Update RS (ms):  0.5  0.4  0.4  0.4  0.8  0.4  0.5  0.5
       Min: 0.4, Avg: 0.5, Max: 0.8, Diff: 0.4, Sum: 3.9]
         [Processed Buffers:  4  8  1  10  1  3  1  1
          Min: 1, Avg: 3.6, Max: 10, Diff: 9, Sum: 29]
      [Scan RS (ms):  0.0  0.0  0.0  0.0  0.0  0.0  0.0  0.0
       Min: 0.0, Avg: 0.0, Max: 0.0, Diff: 0.0, Sum: 0.1]
      [Code Root Scanning (ms):  0.0  0.0  0.0  0.0  0.0  0.0  0.0  0.0
       Min: 0.0, Avg: 0.0, Max: 0.0, Diff: 0.0, Sum: 0.0]
      [Object Copy (ms):  3.1  3.1  3.1  3.1  2.7  3.1  3.1  3.1
       Min: 2.7, Avg: 3.0, Max: 3.1, Diff: 0.4, Sum: 24.4]
      [Termination (ms):  0.0  0.0  0.0  0.0  0.0  0.0  0.0  0.0
       Min: 0.0, Avg: 0.0, Max: 0.0, Diff: 0.0, Sum: 0.0]
         [Termination Attempts:  4  3  3  1  1  4  3  4
          Min: 1, Avg: 2.9, Max: 4, Diff: 3, Sum: 23]
      [GC Worker Other (ms):  0.0  0.0  0.0  0.0  0.1  0.0  0.0  0.0
       Min: 0.0, Avg: 0.0, Max: 0.1, Diff: 0.0, Sum: 0.2]
      [GC Worker Total (ms):  3.8  3.8  3.8  3.8  3.8  3.8  3.7  3.8
       Min: 3.7, Avg: 3.8, Max: 3.8, Diff: 0.1, Sum: 30.2]
      [GC Worker End (ms):  26704.0  26704.0  26704.0  26704.0  26704.0  26704.0  26704.0  26704.0
       Min: 26704.0, Avg: 26704.0, Max: 26704.0, Diff: 0.0]
   [Code Root Fixup: 0.1 ms]
   [Code Root Purge: 0.0 ms]
   [Clear CT: 0.1 ms]
   [Other: 0.4 ms]
      [Choose CSet: 0.0 ms]
      [Ref Proc: 0.2 ms]
      [Ref Enq: 0.0 ms]
      [Redirty Cards: 0.1 ms]
         [Parallel Redirty:  0.0  0.0  0.0  0.0  0.0  0.0  0.0  0.0
          Min: 0.0, Avg: 0.0, Max: 0.0, Diff: 0.0, Sum: 0.0]
         [Redirtied Cards:  955  0  0  0  0  0  0  0
          Min: 0, Avg: 119.4, Max: 955, Diff: 955, Sum: 955]
      [Humongous Register: 0.0 ms]
         [Humongous Total: 0]
         [Humongous Candidate: 0]
      [Humongous Reclaim: 0.0 ms]
         [Humongous Reclaimed: 0]
      [Free CSet: 0.1 ms]
         [Young Free CSet: 0.1 ms]
         [Non-Young Free CSet: 0.0 ms]
   [Eden: 145.0M(145.0M)->0.0B(145.0M) Survivors: 8192.0K->8192.0K Heap: 207.8M(256.0M)->63.5M(256.0M)]
 [Times: user=0.03 sys=0.00, real=0.00 secs] 
26.923: [GC pause (G1 Evacuation Pause) (young), 0.0048075 secs]
   [Parallel Time: 4.2 ms, GC Workers: 8]
      [GC Worker Start (ms):  26922.9  26922.9  26922.9  26922.9  26923.0  26923.0  26923.0  26923.0
       Min: 26922.9, Avg: 26922.9, Max: 26923.0, Diff: 0.1]
      [Ext Root Scanning (ms):  0.2  0.2  0.2  0.2  0.2  0.2  0.2  0.2
       Min: 0.2, Avg: 0.2, Max: 0.2, Diff: 0.1, Sum: 1.7]
         [Thread Roots (ms):  0.0  0.1  0.1  0.1  0.0  0.0  0.0  0.1
          Min: 0.0, Avg: 0.0, Max: 0.1, Diff: 0.1, Sum: 0.4]
         [StringTable Roots (ms):  0.0  0.1  0.2  0.2  0.2  0.2  0.1  0.1
          Min: 0.0, Avg: 0.1, Max: 0.2, Diff: 0.2, Sum: 1.0]
         [Universe Roots (ms):  0.0  0.0  0.0  0.0  0.0  0.0  0.0  0.0
          Min: 0.0, Avg: 0.0, Max: 0.0, Diff: 0.0, Sum: 0.0]
         [JNI Handles Roots (ms):  0.0  0.0  0.0  0.0  0.0  0.0  0.0  0.0
          Min: 0.0, Avg: 0.0, Max: 0.0, Diff: 0.0, Sum: 0.0]
         [ObjectSynchronizer Roots (ms):  0.0  0.0  0.0  0.0  0.0  0.0  0.0  0.0
          Min: 0.0, Avg: 0.0, Max: 0.0, Diff: 0.0, Sum: 0.0]
         [FlatProfiler Roots (ms):  0.0  0.0  0.0  0.0  0.0  0.0  0.0  0.0
          Min: 0.0, Avg: 0.0, Max: 0.0, Diff: 0.0, Sum: 0.0]
         [Management Roots (ms):  0.0  0.0  0.0  0.0  0.0  0.0  0.0  0.0
          Min: 0.0, Avg: 0.0, Max: 0.0, Diff: 0.0, Sum: 0.0]
         [SystemDictionary Roots (ms):  0.0  0.0  0.0  0.0  0.0  0.0  0.1  0.0
          Min: 0.0, Avg: 0.0, Max: 0.1, Diff: 0.1, Sum: 0.1]
         [CLDG Roots (ms):  0.2  0.0  0.0  0.0  0.0  0.0  0.0  0.0
          Min: 0.0, Avg: 0.0, Max: 0.2, Diff: 0.2, Sum: 0.2]
         [JVMTI Roots (ms):  0.0  0.0  0.0  0.0  0.0  0.0  0.0  0.0
          Min: 0.0, Avg: 0.0, Max: 0.0, Diff: 0.0, Sum: 0.0]
         [CodeCache Roots (ms):  0.8  0.5  0.5  0.5  0.5  0.5  0.5  0.5
          Min: 0.5, Avg: 0.6, Max: 0.8, Diff: 0.3, Sum: 4.4]
         [CM RefProcessor Roots (ms):  0.0  0.0  0.0  0.0  0.0  0.0  0.0  0.0
          Min: 0.0, Avg: 0.0, Max: 0.0, Diff: 0.0, Sum: 0.0]
         [Wait For Strong CLD (ms):  0.0  0.0  0.0  0.0  0.0  0.0  0.0  0.0
          Min: 0.0, Avg: 0.0, Max: 0.0, Diff: 0.0, Sum: 0.0]
         [Weak CLD Roots (ms):  0.0  0.0  0.0  0.0  0.0  0.0  0.0  0.0
          Min: 0.0, Avg: 0.0, Max: 0.0, Diff: 0.0, Sum: 0.0]
         [SATB Filtering (ms):  0.0  0.0  0.0  0.0  0.0  0.0  0.0  0.0
          Min: 0.0, Avg: 0.0, Max: 0.0, Diff: 0.0, Sum: 0.0]
      [Update RS (ms):  0.8  0.5  0.5  0.5  0.5  0.5  0.5  0.5
       Min: 0.5, Avg: 0.5, Max: 0.8, Diff: 0.4, Sum: 4.3]
         [Processed Buffers:  1  1  1  4  7  9  4  2
          Min: 1, Avg: 3.6, Max: 9, Diff: 8, Sum: 29]
      [Scan RS (ms):  0.0  0.0  0.0  0.0  0.0  0.0  0.0  0.0
       Min: 0.0, Avg: 0.0, Max: 0.0, Diff: 0.0, Sum: 0.1]
      [Code Root Scanning (ms):  0.0  0.0  0.0  0.0  0.0  0.0  0.0  0.0
       Min: 0.0, Avg: 0.0, Max: 0.0, Diff: 0.0, Sum: 0.0]
      [Object Copy (ms):  3.0  3.3  3.3  3.3  3.3  3.3  3.3  3.3
       Min: 3.0, Avg: 3.3, Max: 3.3, Diff: 0.4, Sum: 26.0]
      [Termination (ms):  0.0  0.0  0.0  0.0  0.0  0.0  0.0  0.0
       Min: 0.0, Avg: 0.0, Max: 0.0, Diff: 0.0, Sum: 0.0]
         [Termination Attempts:  4  4  3  1  8  4  1  5
          Min: 1, Avg: 3.8, Max: 8, Diff: 7, Sum: 30]
      [GC Worker Other (ms):  0.0  0.1  0.0  0.0  0.0  0.0  0.0  0.0
       Min: 0.0, Avg: 0.0, Max: 0.1, Diff: 0.0, Sum: 0.2]
      [GC Worker Total (ms):  4.1  4.1  4.0  4.1  4.0  4.0  4.0  4.0
       Min: 4.0, Avg: 4.0, Max: 4.1, Diff: 0.1, Sum: 32.3]
      [GC Worker End (ms):  26927.0  26927.0  26927.0  26927.0  26927.0  26927.0  26927.0  26927.0
       Min: 26927.0, Avg: 26927.0, Max: 26927.0, Diff: 0.0]
   [Code Root Fixup: 0.1 ms]
   [Code Root Purge: 0.0 ms]
   [Clear CT: 0.1 ms]
   [Other: 0.5 ms]
      [Choose CSet: 0.0 ms]
      [Ref Proc: 0.2 ms]
      [Ref Enq: 0.0 ms]
      [Redirty Cards: 0.2 ms]
         [Parallel Redirty:  0.0  0.0  0.0  0.0  0.0  0.0  0.0  0.0
          Min: 0.0, Avg: 0.0, Max: 0.0, Diff: 0.0, Sum: 0.0]
         [Redirtied Cards:  817  0  0  0  0  0  0  0
          Min: 0, Avg: 102.1, Max: 817, Diff: 817, Sum: 817]
      [Humongous Register: 0.0 ms]
         [Humongous Total: 0]
         [Humongous Candidate: 0]
      [Humongous Reclaim: 0.0 ms]
         [Humongous Reclaimed: 0]
      [Free CSet: 0.1 ms]
         [Young Free CSet: 0.1 ms]
         [Non-Young Free CSet: 0.0 ms]
   [Eden: 145.0M(145.0M)->0.0B(144.0M) Survivors: 8192.0K->9216.0K Heap: 208.5M(256.0M)->64.5M(256.0M)]
 [Times: user=0.03 sys=0.00, real=0.01 secs] 
27.135: [GC pause (G1 Evacuation Pause) (young), 0.0056194 secs]
   [Parallel Time: 5.1 ms, GC Workers: 8]
      [GC Worker Start (ms):  27134.8  27134.8  27134.9  27134.9  27134.9  27134.9  27134.9  27134.9
       Min: 27134.8, Avg: 27134.9, Max: 27134.9, Diff: 0.1]
      [Ext Root Scanning (ms):  0.2  0.2  0.2  0.2  0.2  0.2  0.2  0.2
       Min: 0.2, Avg: 0.2, Max: 0.2, Diff: 0.1, Sum: 1.7]
         [Thread Roots (ms):  0.0  0.1  0.1  0.1  0.0  0.0  0.0  0.0
          Min: 0.0, Avg: 0.1, Max: 0.1, Diff: 0.1, Sum: 0.4]
         [StringTable Roots (ms):  0.0  0.1  0.1  0.1  0.2  0.2  0.2  0.2
          Min: 0.0, Avg: 0.1, Max: 0.2, Diff: 0.2, Sum: 1.0]
         [Universe Roots (ms):  0.0  0.0  0.0  0.0  0.0  0.0  0.0  0.0
          Min: 0.0, Avg: 0.0, Max: 0.0, Diff: 0.0, Sum: 0.0]
         [JNI Handles Roots (ms):  0.0  0.0  0.0  0.0  0.0  0.0  0.0  0.0
          Min: 0.0, Avg: 0.0, Max: 0.0, Diff: 0.0, Sum: 0.0]
         [ObjectSynchronizer Roots (ms):  0.0  0.0  0.0  0.0  0.0  0.0  0.0  0.0
          Min: 0.0, Avg: 0.0, Max: 0.0, Diff: 0.0, Sum: 0.0]
         [FlatProfiler Roots (ms):  0.0  0.0  0.0  0.0  0.0  0.0  0.0  0.0
          Min: 0.0, Avg: 0.0, Max: 0.0, Diff: 0.0, Sum: 0.0]
         [Management Roots (ms):  0.0  0.0  0.0  0.0  0.0  0.0  0.0  0.0
          Min: 0.0, Avg: 0.0, Max: 0.0, Diff: 0.0, Sum: 0.0]
         [SystemDictionary Roots (ms):  0.0  0.1  0.0  0.0  0.0  0.0  0.0  0.0
          Min: 0.0, Avg: 0.0, Max: 0.1, Diff: 0.1, Sum: 0.1]
         [CLDG Roots (ms):  0.2  0.0  0.0  0.0  0.0  0.0  0.0  0.0
          Min: 0.0, Avg: 0.0, Max: 0.2, Diff: 0.2, Sum: 0.2]
         [JVMTI Roots (ms):  0.0  0.0  0.0  0.0  0.0  0.0  0.0  0.0
          Min: 0.0, Avg: 0.0, Max: 0.0, Diff: 0.0, Sum: 0.0]
         [CodeCache Roots (ms):  0.5  0.5  0.7  0.5  0.7  0.5  0.5  0.6
          Min: 0.5, Avg: 0.6, Max: 0.7, Diff: 0.2, Sum: 4.6]
         [CM RefProcessor Roots (ms):  0.0  0.0  0.0  0.0  0.0  0.0  0.0  0.0
          Min: 0.0, Avg: 0.0, Max: 0.0, Diff: 0.0, Sum: 0.0]
         [Wait For Strong CLD (ms):  0.0  0.0  0.0  0.0  0.0  0.0  0.0  0.0
          Min: 0.0, Avg: 0.0, Max: 0.0, Diff: 0.0, Sum: 0.0]
         [Weak CLD Roots (ms):  0.0  0.0  0.0  0.0  0.0  0.0  0.0  0.0
          Min: 0.0, Avg: 0.0, Max: 0.0, Diff: 0.0, Sum: 0.0]
         [SATB Filtering (ms):  0.0  0.0  0.0  0.0  0.0  0.0  0.0  0.0
          Min: 0.0, Avg: 0.0, Max: 0.0, Diff: 0.0, Sum: 0.0]
      [Update RS (ms):  0.5  0.5  0.7  0.5  0.7  0.5  0.5  0.6
       Min: 0.5, Avg: 0.5, Max: 0.7, Diff: 0.2, Sum: 4.4]
         [Processed Buffers:  4  1  1  8  1  1  15  1
          Min: 1, Avg: 4.0, Max: 15, Diff: 14, Sum: 32]
      [Scan RS (ms):  0.0  0.0  0.0  0.0  0.0  0.0  0.0  0.0
       Min: 0.0, Avg: 0.0, Max: 0.0, Diff: 0.0, Sum: 0.1]
      [Code Root Scanning (ms):  0.0  0.0  0.0  0.0  0.0  0.0  0.0  0.0
       Min: 0.0, Avg: 0.0, Max: 0.0, Diff: 0.0, Sum: 0.0]
      [Object Copy (ms):  4.1  4.2  4.0  4.2  4.0  4.2  4.1  4.1
       Min: 4.0, Avg: 4.1, Max: 4.2, Diff: 0.3, Sum: 32.8]
      [Termination (ms):  0.1  0.0  0.1  0.1  0.1  0.1  0.1  0.1
       Min: 0.0, Avg: 0.1, Max: 0.1, Diff: 0.1, Sum: 0.7]
         [Termination Attempts:  6  1  5  5  9  5  6  5
          Min: 1, Avg: 5.2, Max: 9, Diff: 8, Sum: 42]
      [GC Worker Other (ms):  0.0  0.0  0.0  0.0  0.0  0.0  0.0  0.0
       Min: 0.0, Avg: 0.0, Max: 0.0, Diff: 0.0, Sum: 0.1]
      [GC Worker Total (ms):  5.0  5.0  5.0  5.0  5.0  5.0  5.0  4.9
       Min: 4.9, Avg: 5.0, Max: 5.0, Diff: 0.1, Sum: 39.8]
      [GC Worker End (ms):  27139.8  27139.9  27139.8  27139.8  27139.9  27139.8  27139.9  27139.8
       Min: 27139.8, Avg: 27139.8, Max: 27139.9, Diff: 0.0]
   [Code Root Fixup: 0.0 ms]
   [Code Root Purge: 0.0 ms]
   [Clear CT: 0.1 ms]
   [Other: 0.4 ms]
      [Choose CSet: 0.0 ms]
      [Ref Proc: 0.2 ms]
      [Ref Enq: 0.0 ms]
      [Redirty Cards: 0.1 ms]
         [Parallel Redirty:  0.0  0.0  0.0  0.0  0.0  0.0  0.0  0.0
          Min: 0.0, Avg: 0.0, Max: 0.0, Diff: 0.0, Sum: 0.0]
         [Redirtied Cards:  848  0  0  0  0  0  0  0
          Min: 0, Avg: 106.0, Max: 848, Diff: 848, Sum: 848]
      [Humongous Register: 0.0 ms]
         [Humongous Total: 0]
         [Humongous Candidate: 0]
      [Humongous Reclaim: 0.0 ms]
         [Humongous Reclaimed: 0]
      [Free CSet: 0.1 ms]
         [Young Free CSet: 0.1 ms]
         [Non-Young Free CSet: 0.0 ms]
   [Eden: 144.0M(144.0M)->0.0B(145.0M) Survivors: 9216.0K->8192.0K Heap: 208.5M(256.0M)->64.6M(256.0M)]
 [Times: user=0.03 sys=0.00, real=0.01 secs] 
27.350: [GC pause (G1 Evacuation Pause) (young), 0.0047483 secs]
   [Parallel Time: 4.2 ms, GC Workers: 8]
      [GC Worker Start (ms):  27349.8  27349.8  27349.8  27349.8  27349.8  27349.8  27349.8  27349.9
       Min: 27349.8, Avg: 27349.8, Max: 27349.9, Diff: 0.1]
      [Ext Root Scanning (ms):  0.3  0.3  0.2  0.2  0.2  0.2  0.2  0.2
       Min: 0.2, Avg: 0.2, Max: 0.3, Diff: 0.1, Sum: 1.8]
         [Thread Roots (ms):  0.0  0.1  0.1  0.1  0.1  0.2  0.0  0.0
          Min: 0.0, Avg: 0.1, Max: 0.2, Diff: 0.2, Sum: 0.6]
         [StringTable Roots (ms):  0.0  0.2  0.1  0.2  0.1  0.0  0.2  0.2
          Min: 0.0, Avg: 0.1, Max: 0.2, Diff: 0.2, Sum: 0.9]
         [Universe Roots (ms):  0.0  0.0  0.0  0.0  0.0  0.0  0.0  0.0
          Min: 0.0, Avg: 0.0, Max: 0.0, Diff: 0.0, Sum: 0.0]
         [JNI Handles Roots (ms):  0.0  0.0  0.0  0.0  0.0  0.0  0.0  0.0
          Min: 0.0, Avg: 0.0, Max: 0.0, Diff: 0.0, Sum: 0.0]
         [ObjectSynchronizer Roots (ms):  0.0  0.0  0.0  0.0  0.0  0.0  0.0  0.0
          Min: 0.0, Avg: 0.0, Max: 0.0, Diff: 0.0, Sum: 0.0]
         [FlatProfiler Roots (ms):  0.0  0.0  0.0  0.0  0.0  0.0  0.0  0.0
          Min: 0.0, Avg: 0.0, Max: 0.0, Diff: 0.0, Sum: 0.0]
         [Management Roots (ms):  0.0  0.0  0.0  0.0  0.0  0.0  0.0  0.0
          Min: 0.0, Avg: 0.0, Max: 0.0, Diff: 0.0, Sum: 0.0]
         [SystemDictionary Roots (ms):  0.0  0.0  0.1  0.0  0.0  0.0  0.0  0.0
          Min: 0.0, Avg: 0.0, Max: 0.1, Diff: 0.1, Sum: 0.1]
         [CLDG Roots (ms):  0.2  0.0  0.0  0.0  0.0  0.0  0.0  0.0
          Min: 0.0, Avg: 0.0, Max: 0.2, Diff: 0.2, Sum: 0.2]
         [JVMTI Roots (ms):  0.0  0.0  0.0  0.0  0.0  0.0  0.0  0.0
          Min: 0.0, Avg: 0.0, Max: 0.0, Diff: 0.0, Sum: 0.0]
         [CodeCache Roots (ms):  0.5  0.2  0.5  0.5  0.6  0.7  0.5  0.7
          Min: 0.2, Avg: 0.5, Max: 0.7, Diff: 0.5, Sum: 4.2]
         [CM RefProcessor Roots (ms):  0.0  0.0  0.0  0.0  0.0  0.0  0.0  0.0
          Min: 0.0, Avg: 0.0, Max: 0.0, Diff: 0.0, Sum: 0.0]
         [Wait For Strong CLD (ms):  0.0  0.0  0.0  0.0  0.0  0.0  0.0  0.0
          Min: 0.0, Avg: 0.0, Max: 0.0, Diff: 0.0, Sum: 0.0]
         [Weak CLD Roots (ms):  0.0  0.0  0.0  0.0  0.0  0.0  0.0  0.0
          Min: 0.0, Avg: 0.0, Max: 0.0, Diff: 0.0, Sum: 0.0]
         [SATB Filtering (ms):  0.0  0.0  0.0  0.0  0.0  0.0  0.0  0.0
          Min: 0.0, Avg: 0.0, Max: 0.0, Diff: 0.0, Sum: 0.0]
      [Update RS (ms):  0.5  0.1  0.5  0.5  0.6  0.7  0.5  0.7
       Min: 0.1, Avg: 0.5, Max: 0.7, Diff: 0.6, Sum: 4.1]
         [Processed Buffers:  3  12  10  1  1  2  1  1
          Min: 1, Avg: 3.9, Max: 12, Diff: 11, Sum: 31]
      [Scan RS (ms):  0.0  0.0  0.0  0.0  0.0  0.0  0.0  0.0
       Min: 0.0, Avg: 0.0, Max: 0.0, Diff: 0.0, Sum: 0.1]
      [Code Root Scanning (ms):  0.0  0.0  0.0  0.0  0.0  0.0  0.0  0.0
       Min: 0.0, Avg: 0.0, Max: 0.0, Diff: 0.0, Sum: 0.0]
      [Object Copy (ms):  3.3  3.6  3.3  3.3  3.3  3.1  3.3  3.2
       Min: 3.1, Avg: 3.3, Max: 3.6, Diff: 0.6, Sum: 26.4]
      [Termination (ms):  0.0  0.0  0.0  0.0  0.0  0.0  0.0  0.0
       Min: 0.0, Avg: 0.0, Max: 0.0, Diff: 0.0, Sum: 0.0]
         [Termination Attempts:  1  1  1  2  1  2  1  2
          Min: 1, Avg: 1.4, Max: 2, Diff: 1, Sum: 11]
      [GC Worker Other (ms):  0.0  0.0  0.0  0.0  0.0  0.0  0.1  0.0
       Min: 0.0, Avg: 0.0, Max: 0.1, Diff: 0.0, Sum: 0.2]
      [GC Worker Total (ms):  4.1  4.1  4.1  4.1  4.1  4.0  4.1  4.0
       Min: 4.0, Avg: 4.1, Max: 4.1, Diff: 0.1, Sum: 32.6]
      [GC Worker End (ms):  27353.9  27353.9  27353.9  27353.9  27353.9  27353.9  27353.9  27353.9
       Min: 27353.9, Avg: 27353.9, Max: 27353.9, Diff: 0.0]
   [Code Root Fixup: 0.1 ms]
   [Code Root Purge: 0.0 ms]
   [Clear CT: 0.1 ms]
   [Other: 0.4 ms]
      [Choose CSet: 0.0 ms]
      [Ref Proc: 0.2 ms]
      [Ref Enq: 0.0 ms]
      [Redirty Cards: 0.1 ms]
         [Parallel Redirty:  0.0  0.0  0.0  0.0  0.0  0.0  0.0  0.0
          Min: 0.0, Avg: 0.0, Max: 0.0, Diff: 0.0, Sum: 0.0]
         [Redirtied Cards:  735  94  0  0  0  0  0  0
          Min: 0, Avg: 103.6, Max: 735, Diff: 735, Sum: 829]
      [Humongous Register: 0.0 ms]
         [Humongous Total: 0]
         [Humongous Candidate: 0]
      [Humongous Reclaim: 0.0 ms]
         [Humongous Reclaimed: 0]
      [Free CSet: 0.1 ms]
         [Young Free CSet: 0.1 ms]
         [Non-Young Free CSet: 0.0 ms]
   [Eden: 145.0M(145.0M)->0.0B(145.0M) Survivors: 8192.0K->8192.0K Heap: 209.6M(256.0M)->65.2M(256.0M)]
 [Times: user=0.03 sys=0.00, real=0.00 secs] 
27.564: [GC pause (G1 Evacuation Pause) (young), 0.0057948 secs]
   [Parallel Time: 5.0 ms, GC Workers: 8]
      [GC Worker Start (ms):  27564.0  27564.0  27564.0  27564.0  27564.0  27564.0  27564.0  27564.0
       Min: 27564.0, Avg: 27564.0, Max: 27564.0, Diff: 0.1]
      [Ext Root Scanning (ms):  0.2  0.2  0.2  0.2  0.2  0.2  0.2  0.2
       Min: 0.2, Avg: 0.2, Max: 0.2, Diff: 0.1, Sum: 1.6]
         [Thread Roots (ms):  0.0  0.1  0.1  0.0  0.0  0.1  0.0  0.1
          Min: 0.0, Avg: 0.0, Max: 0.1, Diff: 0.1, Sum: 0.3]
         [StringTable Roots (ms):  0.0  0.2  0.2  0.2  0.1  0.1  0.2  0.1
          Min: 0.0, Avg: 0.1, Max: 0.2, Diff: 0.2, Sum: 1.0]
         [Universe Roots (ms):  0.0  0.0  0.0  0.0  0.0  0.0  0.0  0.0
          Min: 0.0, Avg: 0.0, Max: 0.0, Diff: 0.0, Sum: 0.0]
         [JNI Handles Roots (ms):  0.0  0.0  0.0  0.0  0.0  0.0  0.0  0.0
          Min: 0.0, Avg: 0.0, Max: 0.0, Diff: 0.0, Sum: 0.0]
         [ObjectSynchronizer Roots (ms):  0.0  0.0  0.0  0.0  0.0  0.0  0.0  0.0
          Min: 0.0, Avg: 0.0, Max: 0.0, Diff: 0.0, Sum: 0.0]
         [FlatProfiler Roots (ms):  0.0  0.0  0.0  0.0  0.0  0.0  0.0  0.0
          Min: 0.0, Avg: 0.0, Max: 0.0, Diff: 0.0, Sum: 0.0]
         [Management Roots (ms):  0.0  0.0  0.0  0.0  0.0  0.0  0.0  0.0
          Min: 0.0, Avg: 0.0, Max: 0.0, Diff: 0.0, Sum: 0.0]
         [SystemDictionary Roots (ms):  0.0  0.0  0.0  0.0  0.1  0.0  0.0  0.0
          Min: 0.0, Avg: 0.0, Max: 0.1, Diff: 0.1, Sum: 0.1]
         [CLDG Roots (ms):  0.2  0.0  0.0  0.0  0.0  0.0  0.0  0.0
          Min: 0.0, Avg: 0.0, Max: 0.2, Diff: 0.2, Sum: 0.2]
         [JVMTI Roots (ms):  0.0  0.0  0.0  0.0  0.0  0.0  0.0  0.0
          Min: 0.0, Avg: 0.0, Max: 0.0, Diff: 0.0, Sum: 0.0]
         [CodeCache Roots (ms):  0.7  0.1  0.1  0.1  0.1  0.9  0.8  0.7
          Min: 0.1, Avg: 0.4, Max: 0.9, Diff: 0.8, Sum: 3.5]
         [CM RefProcessor Roots (ms):  0.0  0.0  0.0  0.0  0.0  0.0  0.0  0.0
          Min: 0.0, Avg: 0.0, Max: 0.0, Diff: 0.0, Sum: 0.0]
         [Wait For Strong CLD (ms):  0.0  0.0  0.0  0.0  0.0  0.0  0.0  0.0
          Min: 0.0, Avg: 0.0, Max: 0.0, Diff: 0.0, Sum: 0.0]
         [Weak CLD Roots (ms):  0.0  0.0  0.0  0.0  0.0  0.0  0.0  0.0
          Min: 0.0, Avg: 0.0, Max: 0.0, Diff: 0.0, Sum: 0.0]
         [SATB Filtering (ms):  0.0  0.0  0.0  0.0  0.0  0.0  0.0  0.0
          Min: 0.0, Avg: 0.0, Max: 0.0, Diff: 0.0, Sum: 0.0]
      [Update RS (ms):  0.6  0.0  0.1  0.1  0.1  0.9  0.8  0.7
       Min: 0.0, Avg: 0.4, Max: 0.9, Diff: 0.8, Sum: 3.3]
         [Processed Buffers:  2  8  3  7  4  2  2  2
          Min: 2, Avg: 3.8, Max: 8, Diff: 6, Sum: 30]
      [Scan RS (ms):  0.0  0.0  0.0  0.0  0.0  0.0  0.0  0.0
       Min: 0.0, Avg: 0.0, Max: 0.0, Diff: 0.0, Sum: 0.1]
      [Code Root Scanning (ms):  0.0  0.0  0.0  0.0  0.0  0.0  0.0  0.0
       Min: 0.0, Avg: 0.0, Max: 0.0, Diff: 0.0, Sum: 0.0]
      [Object Copy (ms):  4.0  4.6  4.6  4.6  4.5  3.8  3.9  3.9
       Min: 3.8, Avg: 4.2, Max: 4.6, Diff: 0.8, Sum: 33.9]
      [Termination (ms):  0.0  0.0  0.0  0.0  0.0  0.0  0.0  0.0
       Min: 0.0, Avg: 0.0, Max: 0.0, Diff: 0.0, Sum: 0.0]
         [Termination Attempts:  1  1  1  1  1  2  1  1
          Min: 1, Avg: 1.1, Max: 2, Diff: 1, Sum: 9]
      [GC Worker Other (ms):  0.0  0.1  0.0  0.0  0.0  0.0  0.0  0.0
       Min: 0.0, Avg: 0.0, Max: 0.1, Diff: 0.0, Sum: 0.2]
      [GC Worker Total (ms):  4.9  4.9  4.9  4.9  4.9  4.9  4.9  4.9
       Min: 4.9, Avg: 4.9, Max: 4.9, Diff: 0.1, Sum: 39.2]
      [GC Worker End (ms):  27568.9  27568.9  27568.9  27568.9  27568.9  27568.9  27568.9  27568.9
       Min: 27568.9, Avg: 27568.9, Max: 27568.9, Diff: 0.0]
   [Code Root Fixup: 0.0 ms]
   [Code Root Purge: 0.0 ms]
   [Clear CT: 0.2 ms]
   [Other: 0.6 ms]
      [Choose CSet: 0.0 ms]
      [Ref Proc: 0.2 ms]
      [Ref Enq: 0.0 ms]
      [Redirty Cards: 0.2 ms]
         [Parallel Redirty:  0.0  0.0  0.0  0.0  0.0  0.0  0.0  0.0
          Min: 0.0, Avg: 0.0, Max: 0.0, Diff: 0.0, Sum: 0.0]
         [Redirtied Cards:  840  0  0  0  0  0  0  0
          Min: 0, Avg: 105.0, Max: 840, Diff: 840, Sum: 840]
      [Humongous Register: 0.0 ms]
         [Humongous Total: 0]
         [Humongous Candidate: 0]
      [Humongous Reclaim: 0.0 ms]
         [Humongous Reclaimed: 0]
      [Free CSet: 0.1 ms]
         [Young Free CSet: 0.1 ms]
         [Non-Young Free CSet: 0.0 ms]
   [Eden: 145.0M(145.0M)->0.0B(146.0M) Survivors: 8192.0K->7168.0K Heap: 210.2M(256.0M)->64.1M(256.0M)]
 [Times: user=0.04 sys=0.00, real=0.01 secs] 
27.780: [GC pause (G1 Evacuation Pause) (young), 0.0061839 secs]
   [Parallel Time: 5.6 ms, GC Workers: 8]
      [GC Worker Start (ms):  27779.6  27779.6  27779.6  27779.6  27779.6  27779.6  27779.6  27779.6
       Min: 27779.6, Avg: 27779.6, Max: 27779.6, Diff: 0.1]
      [Ext Root Scanning (ms):  0.3  0.3  0.2  0.2  0.2  0.2  0.2  0.2
       Min: 0.2, Avg: 0.2, Max: 0.3, Diff: 0.1, Sum: 1.9]
         [Thread Roots (ms):  0.0  0.3  0.1  0.1  0.0  0.0  0.1  0.1
          Min: 0.0, Avg: 0.1, Max: 0.3, Diff: 0.3, Sum: 0.6]
         [StringTable Roots (ms):  0.0  0.0  0.2  0.2  0.1  0.2  0.2  0.1
          Min: 0.0, Avg: 0.1, Max: 0.2, Diff: 0.2, Sum: 1.0]
         [Universe Roots (ms):  0.0  0.0  0.0  0.0  0.0  0.0  0.0  0.0
          Min: 0.0, Avg: 0.0, Max: 0.0, Diff: 0.0, Sum: 0.0]
         [JNI Handles Roots (ms):  0.0  0.0  0.0  0.0  0.0  0.0  0.0  0.0
          Min: 0.0, Avg: 0.0, Max: 0.0, Diff: 0.0, Sum: 0.0]
         [ObjectSynchronizer Roots (ms):  0.0  0.0  0.0  0.0  0.0  0.0  0.0  0.0
          Min: 0.0, Avg: 0.0, Max: 0.0, Diff: 0.0, Sum: 0.0]
         [FlatProfiler Roots (ms):  0.0  0.0  0.0  0.0  0.0  0.0  0.0  0.0
          Min: 0.0, Avg: 0.0, Max: 0.0, Diff: 0.0, Sum: 0.0]
         [Management Roots (ms):  0.0  0.0  0.0  0.0  0.0  0.0  0.0  0.0
          Min: 0.0, Avg: 0.0, Max: 0.0, Diff: 0.0, Sum: 0.0]
         [SystemDictionary Roots (ms):  0.0  0.0  0.0  0.0  0.1  0.0  0.0  0.0
          Min: 0.0, Avg: 0.0, Max: 0.1, Diff: 0.1, Sum: 0.1]
         [CLDG Roots (ms):  0.2  0.0  0.0  0.0  0.0  0.0  0.0  0.0
          Min: 0.0, Avg: 0.0, Max: 0.2, Diff: 0.2, Sum: 0.2]
         [JVMTI Roots (ms):  0.0  0.0  0.0  0.0  0.0  0.0  0.0  0.0
          Min: 0.0, Avg: 0.0, Max: 0.0, Diff: 0.0, Sum: 0.0]
         [CodeCache Roots (ms):  0.7  0.7  0.6  0.7  0.0  0.7  0.7  0.9
          Min: 0.0, Avg: 0.6, Max: 0.9, Diff: 0.9, Sum: 5.0]
         [CM RefProcessor Roots (ms):  0.0  0.0  0.0  0.0  0.0  0.0  0.0  0.0
          Min: 0.0, Avg: 0.0, Max: 0.0, Diff: 0.0, Sum: 0.0]
         [Wait For Strong CLD (ms):  0.0  0.0  0.0  0.0  0.0  0.0  0.0  0.0
          Min: 0.0, Avg: 0.0, Max: 0.0, Diff: 0.0, Sum: 0.0]
         [Weak CLD Roots (ms):  0.0  0.0  0.0  0.0  0.0  0.0  0.0  0.0
          Min: 0.0, Avg: 0.0, Max: 0.0, Diff: 0.0, Sum: 0.0]
         [SATB Filtering (ms):  0.0  0.0  0.0  0.0  0.0  0.0  0.0  0.0
          Min: 0.0, Avg: 0.0, Max: 0.0, Diff: 0.0, Sum: 0.0]
      [Update RS (ms):  0.6  0.7  0.6  0.7  0.0  0.7  0.6  0.9
       Min: 0.0, Avg: 0.6, Max: 0.9, Diff: 0.9, Sum: 4.8]
         [Processed Buffers:  9  1  7  1  0  1  8  2
          Min: 0, Avg: 3.6, Max: 9, Diff: 9, Sum: 29]
      [Scan RS (ms):  0.0  0.0  0.0  0.0  0.0  0.0  0.0  0.0
       Min: 0.0, Avg: 0.0, Max: 0.0, Diff: 0.0, Sum: 0.1]
      [Code Root Scanning (ms):  0.0  0.0  0.0  0.0  0.0  0.0  0.0  0.0
       Min: 0.0, Avg: 0.0, Max: 0.0, Diff: 0.0, Sum: 0.0]
      [Object Copy (ms):  4.6  4.6  4.7  4.5  5.3  4.5  4.6  4.3
       Min: 4.3, Avg: 4.6, Max: 5.3, Diff: 0.9, Sum: 37.2]
      [Termination (ms):  0.0  0.0  0.0  0.0  0.0  0.0  0.0  0.0
       Min: 0.0, Avg: 0.0, Max: 0.0, Diff: 0.0, Sum: 0.0]
         [Termination Attempts:  4  7  4  5  7  6  5  1
          Min: 1, Avg: 4.9, Max: 7, Diff: 6, Sum: 39]
      [GC Worker Other (ms):  0.0  0.0  0.1  0.1  0.1  0.0  0.0  0.0
       Min: 0.0, Avg: 0.0, Max: 0.1, Diff: 0.1, Sum: 0.3]
      [GC Worker Total (ms):  5.5  5.5  5.6  5.6  5.6  5.5  5.5  5.5
       Min: 5.5, Avg: 5.5, Max: 5.6, Diff: 0.1, Sum: 44.3]
      [GC Worker End (ms):  27785.1  27785.1  27785.1  27785.1  27785.1  27785.1  27785.1  27785.1
       Min: 27785.1, Avg: 27785.1, Max: 27785.1, Diff: 0.1]
   [Code Root Fixup: 0.0 ms]
   [Code Root Purge: 0.0 ms]
   [Clear CT: 0.1 ms]
   [Other: 0.4 ms]
      [Choose CSet: 0.0 ms]
      [Ref Proc: 0.1 ms]
      [Ref Enq: 0.0 ms]
      [Redirty Cards: 0.1 ms]
         [Parallel Redirty:  0.0  0.0  0.0  0.0  0.0  0.0  0.0  0.0
          Min: 0.0, Avg: 0.0, Max: 0.0, Diff: 0.0, Sum: 0.0]
         [Redirtied Cards:  745  84  0  0  0  0  0  0
          Min: 0, Avg: 103.6, Max: 745, Diff: 745, Sum: 829]
      [Humongous Register: 0.0 ms]
         [Humongous Total: 0]
         [Humongous Candidate: 0]
      [Humongous Reclaim: 0.0 ms]
         [Humongous Reclaimed: 0]
      [Free CSet: 0.1 ms]
         [Young Free CSet: 0.1 ms]
         [Non-Young Free CSet: 0.0 ms]
   [Eden: 146.0M(146.0M)->0.0B(145.0M) Survivors: 7168.0K->8192.0K Heap: 210.1M(256.0M)->66.0M(256.0M)]
 [Times: user=0.04 sys=0.00, real=0.00 secs] 
27.994: [GC pause (G1 Evacuation Pause) (young), 0.0054422 secs]
   [Parallel Time: 4.9 ms, GC Workers: 8]
      [GC Worker Start (ms):  27994.4  27994.4  27994.5  27994.5  27994.5  27994.5  27994.5  27994.5
       Min: 27994.4, Avg: 27994.5, Max: 27994.5, Diff: 0.1]
      [Ext Root Scanning (ms):  0.2  0.2  0.2  0.2  0.2  0.2  0.2  0.2
       Min: 0.2, Avg: 0.2, Max: 0.2, Diff: 0.1, Sum: 1.6]
         [Thread Roots (ms):  0.0  0.1  0.1  0.1  0.0  0.1  0.0  0.0
          Min: 0.0, Avg: 0.0, Max: 0.1, Diff: 0.1, Sum: 0.4]
         [StringTable Roots (ms):  0.0  0.2  0.2  0.1  0.2  0.1  0.1  0.2
          Min: 0.0, Avg: 0.1, Max: 0.2, Diff: 0.2, Sum: 1.0]
         [Universe Roots (ms):  0.0  0.0  0.0  0.0  0.0  0.0  0.0  0.0
          Min: 0.0, Avg: 0.0, Max: 0.0, Diff: 0.0, Sum: 0.0]
         [JNI Handles Roots (ms):  0.0  0.0  0.0  0.0  0.0  0.0  0.0  0.0
          Min: 0.0, Avg: 0.0, Max: 0.0, Diff: 0.0, Sum: 0.0]
         [ObjectSynchronizer Roots (ms):  0.0  0.0  0.0  0.0  0.0  0.0  0.0  0.0
          Min: 0.0, Avg: 0.0, Max: 0.0, Diff: 0.0, Sum: 0.0]
         [FlatProfiler Roots (ms):  0.0  0.0  0.0  0.0  0.0  0.0  0.0  0.0
          Min: 0.0, Avg: 0.0, Max: 0.0, Diff: 0.0, Sum: 0.0]
         [Management Roots (ms):  0.0  0.0  0.0  0.0  0.0  0.0  0.0  0.0
          Min: 0.0, Avg: 0.0, Max: 0.0, Diff: 0.0, Sum: 0.0]
         [SystemDictionary Roots (ms):  0.0  0.0  0.0  0.0  0.0  0.0  0.1  0.0
          Min: 0.0, Avg: 0.0, Max: 0.1, Diff: 0.1, Sum: 0.1]
         [CLDG Roots (ms):  0.2  0.0  0.0  0.0  0.0  0.0  0.0  0.0
          Min: 0.0, Avg: 0.0, Max: 0.2, Diff: 0.2, Sum: 0.2]
         [JVMTI Roots (ms):  0.0  0.0  0.0  0.0  0.0  0.0  0.0  0.0
          Min: 0.0, Avg: 0.0, Max: 0.0, Diff: 0.0, Sum: 0.0]
         [CodeCache Roots (ms):  0.5  0.5  0.5  0.6  0.5  0.7  0.5  0.7
          Min: 0.5, Avg: 0.6, Max: 0.7, Diff: 0.2, Sum: 4.6]
         [CM RefProcessor Roots (ms):  0.0  0.0  0.0  0.0  0.0  0.0  0.0  0.0
          Min: 0.0, Avg: 0.0, Max: 0.0, Diff: 0.0, Sum: 0.0]
         [Wait For Strong CLD (ms):  0.0  0.0  0.0  0.0  0.0  0.0  0.0  0.0
          Min: 0.0, Avg: 0.0, Max: 0.0, Diff: 0.0, Sum: 0.0]
         [Weak CLD Roots (ms):  0.0  0.0  0.0  0.0  0.0  0.0  0.0  0.0
          Min: 0.0, Avg: 0.0, Max: 0.0, Diff: 0.0, Sum: 0.0]
         [SATB Filtering (ms):  0.0  0.0  0.0  0.0  0.0  0.0  0.0  0.0
          Min: 0.0, Avg: 0.0, Max: 0.0, Diff: 0.0, Sum: 0.0]
      [Update RS (ms):  0.5  0.5  0.5  0.6  0.4  0.7  0.5  0.7
       Min: 0.4, Avg: 0.6, Max: 0.7, Diff: 0.3, Sum: 4.4]
         [Processed Buffers:  15  1  1  1  4  1  7  1
          Min: 1, Avg: 3.9, Max: 15, Diff: 14, Sum: 31]
      [Scan RS (ms):  0.0  0.0  0.0  0.0  0.0  0.0  0.0  0.0
       Min: 0.0, Avg: 0.0, Max: 0.0, Diff: 0.0, Sum: 0.1]
      [Code Root Scanning (ms):  0.0  0.0  0.0  0.0  0.0  0.0  0.0  0.0
       Min: 0.0, Avg: 0.0, Max: 0.0, Diff: 0.0, Sum: 0.0]
      [Object Copy (ms):  4.0  4.1  4.1  4.0  4.1  3.9  4.1  3.9
       Min: 3.9, Avg: 4.0, Max: 4.1, Diff: 0.2, Sum: 32.1]
      [Termination (ms):  0.0  0.0  0.0  0.0  0.0  0.0  0.0  0.0
       Min: 0.0, Avg: 0.0, Max: 0.0, Diff: 0.0, Sum: 0.0]
         [Termination Attempts:  22  21  1  25  16  28  21  23
          Min: 1, Avg: 19.6, Max: 28, Diff: 27, Sum: 157]
      [GC Worker Other (ms):  0.0  0.0  0.1  0.0  0.0  0.0  0.0  0.1
       Min: 0.0, Avg: 0.0, Max: 0.1, Diff: 0.0, Sum: 0.2]
      [GC Worker Total (ms):  4.9  4.8  4.9  4.8  4.8  4.8  4.8  4.8
       Min: 4.8, Avg: 4.8, Max: 4.9, Diff: 0.1, Sum: 38.6]
      [GC Worker End (ms):  27999.3  27999.3  27999.3  27999.3  27999.3  27999.3  27999.3  27999.3
       Min: 27999.3, Avg: 27999.3, Max: 27999.3, Diff: 0.0]
   [Code Root Fixup: 0.0 ms]
   [Code Root Purge: 0.0 ms]
   [Clear CT: 0.1 ms]
   [Other: 0.4 ms]
      [Choose CSet: 0.0 ms]
      [Ref Proc: 0.1 ms]
      [Ref Enq: 0.0 ms]
      [Redirty Cards: 0.1 ms]
         [Parallel Redirty:  0.0  0.0  0.0  0.0  0.0  0.0  0.0  0.0
          Min: 0.0, Avg: 0.0, Max: 0.0, Diff: 0.0, Sum: 0.0]
         [Redirtied Cards:  822  0  0  0  0  0  0  0
          Min: 0, Avg: 102.8, Max: 822, Diff: 822, Sum: 822]
      [Humongous Register: 0.0 ms]
         [Humongous Total: 0]
         [Humongous Candidate: 0]
      [Humongous Reclaim: 0.0 ms]
         [Humongous Reclaimed: 0]
      [Free CSet: 0.1 ms]
         [Young Free CSet: 0.1 ms]
         [Non-Young Free CSet: 0.0 ms]
   [Eden: 145.0M(145.0M)->0.0B(143.0M) Survivors: 8192.0K->10.0M Heap: 211.0M(256.0M)->68.0M(256.0M)]
 [Times: user=0.03 sys=0.00, real=0.01 secs] 
28.204: [GC pause (G1 Evacuation Pause) (young), 0.0061724 secs]
   [Parallel Time: 5.6 ms, GC Workers: 8]
      [GC Worker Start (ms):  28203.7  28203.7  28203.7  28203.7  28203.7  28203.7  28203.7  28203.7
       Min: 28203.7, Avg: 28203.7, Max: 28203.7, Diff: 0.1]
      [Ext Root Scanning (ms):  0.3  0.3  0.3  0.2  0.2  0.2  0.2  0.2
       Min: 0.2, Avg: 0.2, Max: 0.3, Diff: 0.1, Sum: 1.9]
         [Thread Roots (ms):  0.0  0.1  0.1  0.1  0.1  0.0  0.0  0.0
          Min: 0.0, Avg: 0.0, Max: 0.1, Diff: 0.1, Sum: 0.3]
         [StringTable Roots (ms):  0.0  0.2  0.2  0.2  0.2  0.2  0.1  0.2
          Min: 0.0, Avg: 0.2, Max: 0.2, Diff: 0.2, Sum: 1.3]
         [Universe Roots (ms):  0.0  0.0  0.0  0.0  0.0  0.0  0.0  0.0
          Min: 0.0, Avg: 0.0, Max: 0.0, Diff: 0.0, Sum: 0.0]
         [JNI Handles Roots (ms):  0.0  0.0  0.0  0.0  0.0  0.0  0.0  0.0
          Min: 0.0, Avg: 0.0, Max: 0.0, Diff: 0.0, Sum: 0.0]
         [ObjectSynchronizer Roots (ms):  0.0  0.0  0.0  0.0  0.0  0.0  0.0  0.0
          Min: 0.0, Avg: 0.0, Max: 0.0, Diff: 0.0, Sum: 0.0]
         [FlatProfiler Roots (ms):  0.0  0.0  0.0  0.0  0.0  0.0  0.0  0.0
          Min: 0.0, Avg: 0.0, Max: 0.0, Diff: 0.0, Sum: 0.0]
         [Management Roots (ms):  0.0  0.0  0.0  0.0  0.0  0.0  0.0  0.0
          Min: 0.0, Avg: 0.0, Max: 0.0, Diff: 0.0, Sum: 0.0]
         [SystemDictionary Roots (ms):  0.0  0.0  0.0  0.0  0.0  0.0  0.1  0.0
          Min: 0.0, Avg: 0.0, Max: 0.1, Diff: 0.1, Sum: 0.1]
         [CLDG Roots (ms):  0.3  0.0  0.0  0.0  0.0  0.0  0.0  0.0
          Min: 0.0, Avg: 0.0, Max: 0.3, Diff: 0.3, Sum: 0.3]
         [JVMTI Roots (ms):  0.0  0.0  0.0  0.0  0.0  0.0  0.0  0.0
          Min: 0.0, Avg: 0.0, Max: 0.0, Diff: 0.0, Sum: 0.0]
         [CodeCache Roots (ms):  0.7  0.6  1.0  0.9  1.0  0.9  1.0  0.7
          Min: 0.6, Avg: 0.8, Max: 1.0, Diff: 0.3, Sum: 6.7]
         [CM RefProcessor Roots (ms):  0.0  0.0  0.0  0.0  0.0  0.0  0.0  0.0
          Min: 0.0, Avg: 0.0, Max: 0.0, Diff: 0.0, Sum: 0.0]
         [Wait For Strong CLD (ms):  0.0  0.0  0.0  0.0  0.0  0.0  0.0  0.0
          Min: 0.0, Avg: 0.0, Max: 0.0, Diff: 0.0, Sum: 0.0]
         [Weak CLD Roots (ms):  0.0  0.0  0.0  0.0  0.0  0.0  0.0  0.0
          Min: 0.0, Avg: 0.0, Max: 0.0, Diff: 0.0, Sum: 0.0]
         [SATB Filtering (ms):  0.0  0.0  0.0  0.0  0.0  0.0  0.0  0.0
          Min: 0.0, Avg: 0.0, Max: 0.0, Diff: 0.0, Sum: 0.0]
      [Update RS (ms):  0.5  0.6  1.0  0.9  1.0  0.9  0.9  0.7
       Min: 0.5, Avg: 0.8, Max: 1.0, Diff: 0.5, Sum: 6.5]
         [Processed Buffers:  13  12  1  1  1  1  1  1
          Min: 1, Avg: 3.9, Max: 13, Diff: 12, Sum: 31]
      [Scan RS (ms):  0.1  0.1  0.0  0.0  0.0  0.0  0.0  0.0
       Min: 0.0, Avg: 0.0, Max: 0.1, Diff: 0.1, Sum: 0.2]
      [Code Root Scanning (ms):  0.0  0.0  0.0  0.0  0.0  0.0  0.0  0.0
       Min: 0.0, Avg: 0.0, Max: 0.0, Diff: 0.0, Sum: 0.0]
      [Object Copy (ms):  4.6  4.6  4.3  4.4  4.3  4.4  4.3  4.6
       Min: 4.3, Avg: 4.4, Max: 4.6, Diff: 0.3, Sum: 35.4]
      [Termination (ms):  0.0  0.0  0.0  0.0  0.0  0.0  0.0  0.0
       Min: 0.0, Avg: 0.0, Max: 0.0, Diff: 0.0, Sum: 0.2]
         [Termination Attempts:  36  3  28  26  30  33  25  30
          Min: 3, Avg: 26.4, Max: 36, Diff: 33, Sum: 211]
      [GC Worker Other (ms):  0.0  0.0  0.0  0.0  0.0  0.0  0.0  0.0
       Min: 0.0, Avg: 0.0, Max: 0.0, Diff: 0.0, Sum: 0.2]
      [GC Worker Total (ms):  5.6  5.6  5.6  5.6  5.5  5.5  5.5  5.5
       Min: 5.5, Avg: 5.5, Max: 5.6, Diff: 0.1, Sum: 44.4]
      [GC Worker End (ms):  28209.3  28209.3  28209.3  28209.3  28209.3  28209.3  28209.3  28209.3
       Min: 28209.3, Avg: 28209.3, Max: 28209.3, Diff: 0.0]
   [Code Root Fixup: 0.0 ms]
   [Code Root Purge: 0.0 ms]
   [Clear CT: 0.1 ms]
   [Other: 0.4 ms]
      [Choose CSet: 0.0 ms]
      [Ref Proc: 0.1 ms]
      [Ref Enq: 0.0 ms]
      [Redirty Cards: 0.1 ms]
         [Parallel Redirty:  0.0  0.0  0.0  0.0  0.0  0.0  0.0  0.0
          Min: 0.0, Avg: 0.0, Max: 0.0, Diff: 0.0, Sum: 0.0]
         [Redirtied Cards:  822  0  0  0  0  0  0  0
          Min: 0, Avg: 102.8, Max: 822, Diff: 822, Sum: 822]
      [Humongous Register: 0.0 ms]
         [Humongous Total: 0]
         [Humongous Candidate: 0]
      [Humongous Reclaim: 0.0 ms]
         [Humongous Reclaimed: 0]
      [Free CSet: 0.1 ms]
         [Young Free CSet: 0.1 ms]
         [Non-Young Free CSet: 0.0 ms]
   [Eden: 143.0M(143.0M)->0.0B(142.0M) Survivors: 10.0M->11.0M Heap: 211.0M(256.0M)->70.1M(256.0M)]
 [Times: user=0.05 sys=0.00, real=0.01 secs] 
28.416: [GC pause (G1 Evacuation Pause) (young), 0.0062731 secs]
   [Parallel Time: 5.6 ms, GC Workers: 8]
      [GC Worker Start (ms):  28415.6  28415.6  28415.6  28415.6  28415.6  28415.6  28415.6  28415.7
       Min: 28415.6, Avg: 28415.6, Max: 28415.7, Diff: 0.1]
      [Ext Root Scanning (ms):  0.3  0.3  0.2  0.2  0.3  0.2  0.2  0.2
       Min: 0.2, Avg: 0.2, Max: 0.3, Diff: 0.1, Sum: 1.9]
         [Thread Roots (ms):  0.0  0.1  0.1  0.1  0.3  0.0  0.0  0.0
          Min: 0.0, Avg: 0.1, Max: 0.3, Diff: 0.3, Sum: 0.6]
         [StringTable Roots (ms):  0.0  0.1  0.2  0.1  0.0  0.2  0.2  0.2
          Min: 0.0, Avg: 0.1, Max: 0.2, Diff: 0.2, Sum: 1.0]
         [Universe Roots (ms):  0.0  0.0  0.0  0.0  0.0  0.0  0.0  0.0
          Min: 0.0, Avg: 0.0, Max: 0.0, Diff: 0.0, Sum: 0.0]
         [JNI Handles Roots (ms):  0.0  0.0  0.0  0.0  0.0  0.0  0.0  0.0
          Min: 0.0, Avg: 0.0, Max: 0.0, Diff: 0.0, Sum: 0.0]
         [ObjectSynchronizer Roots (ms):  0.0  0.0  0.0  0.0  0.0  0.0  0.0  0.0
          Min: 0.0, Avg: 0.0, Max: 0.0, Diff: 0.0, Sum: 0.0]
         [FlatProfiler Roots (ms):  0.0  0.0  0.0  0.0  0.0  0.0  0.0  0.0
          Min: 0.0, Avg: 0.0, Max: 0.0, Diff: 0.0, Sum: 0.0]
         [Management Roots (ms):  0.0  0.0  0.0  0.0  0.0  0.0  0.0  0.0
          Min: 0.0, Avg: 0.0, Max: 0.0, Diff: 0.0, Sum: 0.0]
         [SystemDictionary Roots (ms):  0.0  0.1  0.0  0.0  0.0  0.0  0.0  0.0
          Min: 0.0, Avg: 0.0, Max: 0.1, Diff: 0.1, Sum: 0.1]
         [CLDG Roots (ms):  0.2  0.0  0.0  0.0  0.0  0.0  0.0  0.0
          Min: 0.0, Avg: 0.0, Max: 0.2, Diff: 0.2, Sum: 0.2]
         [JVMTI Roots (ms):  0.0  0.0  0.0  0.0  0.0  0.0  0.0  0.0
          Min: 0.0, Avg: 0.0, Max: 0.0, Diff: 0.0, Sum: 0.0]
         [CodeCache Roots (ms):  0.6  0.2  3.0  0.5  0.6  0.5  0.0  0.5
          Min: 0.0, Avg: 0.8, Max: 3.0, Diff: 3.0, Sum: 6.0]
         [CM RefProcessor Roots (ms):  0.0  0.0  0.0  0.0  0.0  0.0  0.0  0.0
          Min: 0.0, Avg: 0.0, Max: 0.0, Diff: 0.0, Sum: 0.0]
         [Wait For Strong CLD (ms):  0.0  0.0  0.0  0.0  0.0  0.0  0.0  0.0
          Min: 0.0, Avg: 0.0, Max: 0.0, Diff: 0.0, Sum: 0.0]
         [Weak CLD Roots (ms):  0.0  0.0  0.0  0.0  0.0  0.0  0.0  0.0
          Min: 0.0, Avg: 0.0, Max: 0.0, Diff: 0.0, Sum: 0.0]
         [SATB Filtering (ms):  0.0  0.0  0.0  0.0  0.0  0.0  0.0  0.0
          Min: 0.0, Avg: 0.0, Max: 0.0, Diff: 0.0, Sum: 0.0]
      [Update RS (ms):  0.6  0.1  3.0  0.5  0.6  0.5  0.0  0.5
       Min: 0.0, Avg: 0.7, Max: 3.0, Diff: 3.0, Sum: 5.8]
         [Processed Buffers:  1  18  2  1  2  1  0  1
          Min: 0, Avg: 3.2, Max: 18, Diff: 18, Sum: 26]
      [Scan RS (ms):  0.0  0.1  0.0  0.0  0.0  0.0  0.0  0.0
       Min: 0.0, Avg: 0.0, Max: 0.1, Diff: 0.1, Sum: 0.2]
      [Code Root Scanning (ms):  0.0  0.0  0.0  0.0  0.0  0.0  0.0  0.0
       Min: 0.0, Avg: 0.0, Max: 0.0, Diff: 0.0, Sum: 0.0]
      [Object Copy (ms):  4.6  4.9  2.2  4.6  4.5  4.7  5.2  4.7
       Min: 2.2, Avg: 4.4, Max: 5.2, Diff: 3.0, Sum: 35.3]
      [Termination (ms):  0.0  0.0  0.0  0.0  0.0  0.0  0.0  0.0
       Min: 0.0, Avg: 0.0, Max: 0.0, Diff: 0.0, Sum: 0.0]
         [Termination Attempts:  6  9  1  8  9  6  8  7
          Min: 1, Avg: 6.8, Max: 9, Diff: 8, Sum: 54]
      [GC Worker Other (ms):  0.0  0.1  0.1  0.1  0.1  0.0  0.0  0.0
       Min: 0.0, Avg: 0.0, Max: 0.1, Diff: 0.1, Sum: 0.3]
      [GC Worker Total (ms):  5.5  5.5  5.5  5.5  5.5  5.4  5.4  5.4
       Min: 5.4, Avg: 5.4, Max: 5.5, Diff: 0.1, Sum: 43.6]
      [GC Worker End (ms):  28421.0  28421.1  28421.1  28421.1  28421.1  28421.1  28421.0  28421.0
       Min: 28421.0, Avg: 28421.1, Max: 28421.1, Diff: 0.1]
   [Code Root Fixup: 0.0 ms]
   [Code Root Purge: 0.0 ms]
   [Clear CT: 0.1 ms]
   [Other: 0.5 ms]
      [Choose CSet: 0.0 ms]
      [Ref Proc: 0.2 ms]
      [Ref Enq: 0.0 ms]
      [Redirty Cards: 0.1 ms]
         [Parallel Redirty:  0.0  0.0  0.0  0.0  0.0  0.0  0.0  0.0
          Min: 0.0, Avg: 0.0, Max: 0.0, Diff: 0.0, Sum: 0.0]
         [Redirtied Cards:  639  154  0  0  0  0  0  0
          Min: 0, Avg: 99.1, Max: 639, Diff: 639, Sum: 793]
      [Humongous Register: 0.0 ms]
         [Humongous Total: 0]
         [Humongous Candidate: 0]
      [Humongous Reclaim: 0.0 ms]
         [Humongous Reclaimed: 0]
      [Free CSet: 0.1 ms]
         [Young Free CSet: 0.1 ms]
         [Non-Young Free CSet: 0.0 ms]
   [Eden: 142.0M(142.0M)->0.0B(140.0M) Survivors: 11.0M->13.0M Heap: 212.1M(256.0M)->72.5M(256.0M)]
 [Times: user=0.04 sys=0.00, real=0.01 secs] 
28.624: [GC pause (G1 Evacuation Pause) (young), 0.0053021 secs]
   [Parallel Time: 4.7 ms, GC Workers: 8]
      [GC Worker Start (ms):  28624.0  28624.0  28624.0  28624.0  28624.0  28624.0  28624.0  28624.0
       Min: 28624.0, Avg: 28624.0, Max: 28624.0, Diff: 0.1]
      [Ext Root Scanning (ms):  0.2  0.2  0.2  0.2  0.2  0.2  0.2  0.2
       Min: 0.2, Avg: 0.2, Max: 0.2, Diff: 0.1, Sum: 1.6]
         [Thread Roots (ms):  0.0  0.1  0.1  0.1  0.0  0.0  0.0  0.0
          Min: 0.0, Avg: 0.0, Max: 0.1, Diff: 0.1, Sum: 0.4]
         [StringTable Roots (ms):  0.0  0.1  0.2  0.1  0.1  0.2  0.2  0.2
          Min: 0.0, Avg: 0.1, Max: 0.2, Diff: 0.2, Sum: 1.0]
         [Universe Roots (ms):  0.0  0.0  0.0  0.0  0.0  0.0  0.0  0.0
          Min: 0.0, Avg: 0.0, Max: 0.0, Diff: 0.0, Sum: 0.0]
         [JNI Handles Roots (ms):  0.0  0.0  0.0  0.0  0.0  0.0  0.0  0.0
          Min: 0.0, Avg: 0.0, Max: 0.0, Diff: 0.0, Sum: 0.0]
         [ObjectSynchronizer Roots (ms):  0.0  0.0  0.0  0.0  0.0  0.0  0.0  0.0
          Min: 0.0, Avg: 0.0, Max: 0.0, Diff: 0.0, Sum: 0.0]
         [FlatProfiler Roots (ms):  0.0  0.0  0.0  0.0  0.0  0.0  0.0  0.0
          Min: 0.0, Avg: 0.0, Max: 0.0, Diff: 0.0, Sum: 0.0]
         [Management Roots (ms):  0.0  0.0  0.0  0.0  0.0  0.0  0.0  0.0
          Min: 0.0, Avg: 0.0, Max: 0.0, Diff: 0.0, Sum: 0.0]
         [SystemDictionary Roots (ms):  0.0  0.0  0.0  0.0  0.1  0.0  0.0  0.0
          Min: 0.0, Avg: 0.0, Max: 0.1, Diff: 0.1, Sum: 0.1]
         [CLDG Roots (ms):  0.2  0.0  0.0  0.0  0.0  0.0  0.0  0.0
          Min: 0.0, Avg: 0.0, Max: 0.2, Diff: 0.2, Sum: 0.2]
         [JVMTI Roots (ms):  0.0  0.0  0.0  0.0  0.0  0.0  0.0  0.0
          Min: 0.0, Avg: 0.0, Max: 0.0, Diff: 0.0, Sum: 0.0]
         [CodeCache Roots (ms):  1.2  1.3  0.6  0.3  0.3  0.4  0.4  0.3
          Min: 0.3, Avg: 0.6, Max: 1.3, Diff: 1.0, Sum: 4.7]
         [CM RefProcessor Roots (ms):  0.0  0.0  0.0  0.0  0.0  0.0  0.0  0.0
          Min: 0.0, Avg: 0.0, Max: 0.0, Diff: 0.0, Sum: 0.0]
         [Wait For Strong CLD (ms):  0.0  0.0  0.0  0.0  0.0  0.0  0.0  0.0
          Min: 0.0, Avg: 0.0, Max: 0.0, Diff: 0.0, Sum: 0.0]
         [Weak CLD Roots (ms):  0.0  0.0  0.0  0.0  0.0  0.0  0.0  0.0
          Min: 0.0, Avg: 0.0, Max: 0.0, Diff: 0.0, Sum: 0.0]
         [SATB Filtering (ms):  0.0  0.0  0.0  0.0  0.0  0.0  0.0  0.0
          Min: 0.0, Avg: 0.0, Max: 0.0, Diff: 0.0, Sum: 0.0]
      [Update RS (ms):  1.2  1.3  0.6  0.2  0.3  0.4  0.3  0.2
       Min: 0.2, Avg: 0.6, Max: 1.3, Diff: 1.1, Sum: 4.6]
         [Processed Buffers:  1  1  1  3  1  1  1  21
          Min: 1, Avg: 3.8, Max: 21, Diff: 20, Sum: 30]
      [Scan RS (ms):  0.0  0.0  0.0  0.1  0.0  0.0  0.0  0.0
       Min: 0.0, Avg: 0.0, Max: 0.1, Diff: 0.1, Sum: 0.1]
      [Code Root Scanning (ms):  0.0  0.0  0.0  0.0  0.0  0.0  0.0  0.0
       Min: 0.0, Avg: 0.0, Max: 0.0, Diff: 0.0, Sum: 0.0]
      [Object Copy (ms):  3.1  3.1  3.8  4.1  4.1  4.0  4.0  4.1
       Min: 3.1, Avg: 3.8, Max: 4.1, Diff: 1.0, Sum: 30.3]
      [Termination (ms):  0.0  0.0  0.0  0.0  0.0  0.0  0.0  0.0
       Min: 0.0, Avg: 0.0, Max: 0.0, Diff: 0.0, Sum: 0.1]
         [Termination Attempts:  14  16  10  5  15  14  13  11
          Min: 5, Avg: 12.2, Max: 16, Diff: 11, Sum: 98]
      [GC Worker Other (ms):  0.1  0.0  0.0  0.0  0.1  0.0  0.0  0.0
       Min: 0.0, Avg: 0.0, Max: 0.1, Diff: 0.1, Sum: 0.3]
      [GC Worker Total (ms):  4.7  4.7  4.6  4.6  4.7  4.6  4.6  4.6
       Min: 4.6, Avg: 4.6, Max: 4.7, Diff: 0.1, Sum: 37.0]
      [GC Worker End (ms):  28628.7  28628.6  28628.6  28628.6  28628.7  28628.6  28628.6  28628.6
       Min: 28628.6, Avg: 28628.6, Max: 28628.7, Diff: 0.1]
   [Code Root Fixup: 0.0 ms]
   [Code Root Purge: 0.0 ms]
   [Clear CT: 0.1 ms]
   [Other: 0.4 ms]
      [Choose CSet: 0.0 ms]
      [Ref Proc: 0.1 ms]
      [Ref Enq: 0.0 ms]
      [Redirty Cards: 0.1 ms]
         [Parallel Redirty:  0.0  0.0  0.0  0.0  0.0  0.0  0.0  0.0
          Min: 0.0, Avg: 0.0, Max: 0.0, Diff: 0.0, Sum: 0.0]
         [Redirtied Cards:  733  0  0  0  0  0  0  0
          Min: 0, Avg: 91.6, Max: 733, Diff: 733, Sum: 733]
      [Humongous Register: 0.0 ms]
         [Humongous Total: 0]
         [Humongous Candidate: 0]
      [Humongous Reclaim: 0.0 ms]
         [Humongous Reclaimed: 0]
      [Free CSet: 0.1 ms]
         [Young Free CSet: 0.1 ms]
         [Non-Young Free CSet: 0.0 ms]
   [Eden: 140.0M(140.0M)->0.0B(141.0M) Survivors: 13.0M->12.0M Heap: 212.5M(256.0M)->71.4M(256.0M)]
 [Times: user=0.04 sys=0.00, real=0.01 secs] 
28.836: [GC pause (G1 Evacuation Pause) (young), 0.0053694 secs]
   [Parallel Time: 4.8 ms, GC Workers: 8]
      [GC Worker Start (ms):  28836.0  28836.0  28836.0  28836.0  28836.0  28836.0  28836.0  28836.0
       Min: 28836.0, Avg: 28836.0, Max: 28836.0, Diff: 0.1]
      [Ext Root Scanning (ms):  0.2  0.2  0.2  0.2  0.2  0.2  0.2  0.2
       Min: 0.2, Avg: 0.2, Max: 0.2, Diff: 0.1, Sum: 1.6]
         [Thread Roots (ms):  0.0  0.1  0.1  0.1  0.1  0.0  0.0  0.0
          Min: 0.0, Avg: 0.0, Max: 0.1, Diff: 0.1, Sum: 0.3]
         [StringTable Roots (ms):  0.0  0.2  0.1  0.1  0.1  0.2  0.1  0.2
          Min: 0.0, Avg: 0.1, Max: 0.2, Diff: 0.2, Sum: 1.0]
         [Universe Roots (ms):  0.0  0.0  0.0  0.0  0.0  0.0  0.0  0.0
          Min: 0.0, Avg: 0.0, Max: 0.0, Diff: 0.0, Sum: 0.0]
         [JNI Handles Roots (ms):  0.0  0.0  0.0  0.0  0.0  0.0  0.0  0.0
          Min: 0.0, Avg: 0.0, Max: 0.0, Diff: 0.0, Sum: 0.0]
         [ObjectSynchronizer Roots (ms):  0.0  0.0  0.0  0.0  0.0  0.0  0.0  0.0
          Min: 0.0, Avg: 0.0, Max: 0.0, Diff: 0.0, Sum: 0.0]
         [FlatProfiler Roots (ms):  0.0  0.0  0.0  0.0  0.0  0.0  0.0  0.0
          Min: 0.0, Avg: 0.0, Max: 0.0, Diff: 0.0, Sum: 0.0]
         [Management Roots (ms):  0.0  0.0  0.0  0.0  0.0  0.0  0.0  0.0
          Min: 0.0, Avg: 0.0, Max: 0.0, Diff: 0.0, Sum: 0.0]
         [SystemDictionary Roots (ms):  0.0  0.0  0.0  0.0  0.0  0.0  0.1  0.0
          Min: 0.0, Avg: 0.0, Max: 0.1, Diff: 0.1, Sum: 0.1]
         [CLDG Roots (ms):  0.2  0.0  0.0  0.0  0.0  0.0  0.0  0.0
          Min: 0.0, Avg: 0.0, Max: 0.2, Diff: 0.2, Sum: 0.2]
         [JVMTI Roots (ms):  0.0  0.0  0.0  0.0  0.0  0.0  0.0  0.0
          Min: 0.0, Avg: 0.0, Max: 0.0, Diff: 0.0, Sum: 0.0]
         [CodeCache Roots (ms):  0.6  0.4  0.3  0.4  0.3  0.6  0.4  0.4
          Min: 0.3, Avg: 0.4, Max: 0.6, Diff: 0.3, Sum: 3.3]
         [CM RefProcessor Roots (ms):  0.0  0.0  0.0  0.0  0.0  0.0  0.0  0.0
          Min: 0.0, Avg: 0.0, Max: 0.0, Diff: 0.0, Sum: 0.0]
         [Wait For Strong CLD (ms):  0.0  0.0  0.0  0.0  0.0  0.0  0.0  0.0
          Min: 0.0, Avg: 0.0, Max: 0.0, Diff: 0.0, Sum: 0.0]
         [Weak CLD Roots (ms):  0.0  0.0  0.0  0.0  0.0  0.0  0.0  0.0
          Min: 0.0, Avg: 0.0, Max: 0.0, Diff: 0.0, Sum: 0.0]
         [SATB Filtering (ms):  0.0  0.0  0.0  0.0  0.0  0.0  0.0  0.0
          Min: 0.0, Avg: 0.0, Max: 0.0, Diff: 0.0, Sum: 0.0]
      [Update RS (ms):  0.6  0.4  0.2  0.4  0.2  0.6  0.4  0.4
       Min: 0.2, Avg: 0.4, Max: 0.6, Diff: 0.4, Sum: 3.2]
         [Processed Buffers:  1  1  24  1  1  1  1  1
          Min: 1, Avg: 3.9, Max: 24, Diff: 23, Sum: 31]
      [Scan RS (ms):  0.0  0.0  0.1  0.0  0.0  0.0  0.0  0.0
       Min: 0.0, Avg: 0.0, Max: 0.1, Diff: 0.1, Sum: 0.1]
      [Code Root Scanning (ms):  0.0  0.0  0.0  0.0  0.0  0.0  0.0  0.0
       Min: 0.0, Avg: 0.0, Max: 0.0, Diff: 0.0, Sum: 0.0]
      [Object Copy (ms):  3.8  4.0  4.1  4.0  4.1  3.8  4.0  4.0
       Min: 3.8, Avg: 4.0, Max: 4.1, Diff: 0.3, Sum: 31.8]
      [Termination (ms):  0.1  0.1  0.1  0.1  0.1  0.1  0.0  0.1
       Min: 0.0, Avg: 0.1, Max: 0.1, Diff: 0.1, Sum: 0.8]
         [Termination Attempts:  13  8  12  10  8  12  7  12
          Min: 7, Avg: 10.2, Max: 13, Diff: 6, Sum: 82]
      [GC Worker Other (ms):  0.0  0.0  0.0  0.0  0.0  0.0  0.0  0.0
       Min: 0.0, Avg: 0.0, Max: 0.0, Diff: 0.0, Sum: 0.2]
      [GC Worker Total (ms):  4.8  4.8  4.7  4.7  4.7  4.7  4.7  4.7
       Min: 4.7, Avg: 4.7, Max: 4.8, Diff: 0.1, Sum: 37.8]
      [GC Worker End (ms):  28840.7  28840.7  28840.7  28840.7  28840.7  28840.7  28840.7  28840.7
       Min: 28840.7, Avg: 28840.7, Max: 28840.7, Diff: 0.0]
   [Code Root Fixup: 0.0 ms]
   [Code Root Purge: 0.0 ms]
   [Clear CT: 0.1 ms]
   [Other: 0.4 ms]
      [Choose CSet: 0.0 ms]
      [Ref Proc: 0.1 ms]
      [Ref Enq: 0.0 ms]
      [Redirty Cards: 0.1 ms]
         [Parallel Redirty:  0.0  0.0  0.0  0.0  0.0  0.0  0.0  0.0
          Min: 0.0, Avg: 0.0, Max: 0.0, Diff: 0.0, Sum: 0.0]
         [Redirtied Cards:  697  0  0  0  0  0  0  0
          Min: 0, Avg: 87.1, Max: 697, Diff: 697, Sum: 697]
      [Humongous Register: 0.0 ms]
         [Humongous Total: 0]
         [Humongous Candidate: 0]
      [Humongous Reclaim: 0.0 ms]
         [Humongous Reclaimed: 0]
      [Free CSet: 0.1 ms]
         [Young Free CSet: 0.1 ms]
         [Non-Young Free CSet: 0.0 ms]
   [Eden: 141.0M(141.0M)->0.0B(142.0M) Survivors: 12.0M->11.0M Heap: 212.4M(256.0M)->71.4M(256.0M)]
 [Times: user=0.04 sys=0.00, real=0.01 secs] 
29.045: [GC pause (G1 Evacuation Pause) (young), 0.0054500 secs]
   [Parallel Time: 4.9 ms, GC Workers: 8]
      [GC Worker Start (ms):  29045.4  29045.4  29045.5  29045.5  29045.5  29045.5  29045.5  29045.5
       Min: 29045.4, Avg: 29045.5, Max: 29045.5, Diff: 0.1]
      [Ext Root Scanning (ms):  0.3  0.3  0.2  0.2  0.2  0.2  0.2  0.2
       Min: 0.2, Avg: 0.2, Max: 0.3, Diff: 0.1, Sum: 1.7]
         [Thread Roots (ms):  0.0  0.1  0.1  0.0  0.1  0.1  0.0  0.0
          Min: 0.0, Avg: 0.1, Max: 0.1, Diff: 0.1, Sum: 0.4]
         [StringTable Roots (ms):  0.0  0.1  0.1  0.2  0.1  0.1  0.2  0.2
          Min: 0.0, Avg: 0.1, Max: 0.2, Diff: 0.2, Sum: 1.0]
         [Universe Roots (ms):  0.0  0.0  0.0  0.0  0.0  0.0  0.0  0.0
          Min: 0.0, Avg: 0.0, Max: 0.0, Diff: 0.0, Sum: 0.0]
         [JNI Handles Roots (ms):  0.0  0.0  0.0  0.0  0.0  0.0  0.0  0.0
          Min: 0.0, Avg: 0.0, Max: 0.0, Diff: 0.0, Sum: 0.0]
         [ObjectSynchronizer Roots (ms):  0.0  0.0  0.0  0.0  0.0  0.0  0.0  0.0
          Min: 0.0, Avg: 0.0, Max: 0.0, Diff: 0.0, Sum: 0.0]
         [FlatProfiler Roots (ms):  0.0  0.0  0.0  0.0  0.0  0.0  0.0  0.0
          Min: 0.0, Avg: 0.0, Max: 0.0, Diff: 0.0, Sum: 0.0]
         [Management Roots (ms):  0.0  0.0  0.0  0.0  0.0  0.0  0.0  0.0
          Min: 0.0, Avg: 0.0, Max: 0.0, Diff: 0.0, Sum: 0.0]
         [SystemDictionary Roots (ms):  0.0  0.1  0.0  0.0  0.0  0.0  0.0  0.0
          Min: 0.0, Avg: 0.0, Max: 0.1, Diff: 0.1, Sum: 0.1]
         [CLDG Roots (ms):  0.2  0.0  0.0  0.0  0.0  0.0  0.0  0.0
          Min: 0.0, Avg: 0.0, Max: 0.2, Diff: 0.2, Sum: 0.2]
         [JVMTI Roots (ms):  0.0  0.0  0.0  0.0  0.0  0.0  0.0  0.0
          Min: 0.0, Avg: 0.0, Max: 0.0, Diff: 0.0, Sum: 0.0]
         [CodeCache Roots (ms):  0.3  0.5  0.4  0.5  0.3  0.2  0.5  0.4
          Min: 0.2, Avg: 0.4, Max: 0.5, Diff: 0.3, Sum: 3.1]
         [CM RefProcessor Roots (ms):  0.0  0.0  0.0  0.0  0.0  0.0  0.0  0.0
          Min: 0.0, Avg: 0.0, Max: 0.0, Diff: 0.0, Sum: 0.0]
         [Wait For Strong CLD (ms):  0.0  0.0  0.0  0.0  0.0  0.0  0.0  0.0
          Min: 0.0, Avg: 0.0, Max: 0.0, Diff: 0.0, Sum: 0.0]
         [Weak CLD Roots (ms):  0.0  0.0  0.0  0.0  0.0  0.0  0.0  0.0
          Min: 0.0, Avg: 0.0, Max: 0.0, Diff: 0.0, Sum: 0.0]
         [SATB Filtering (ms):  0.0  0.0  0.0  0.0  0.0  0.0  0.0  0.0
          Min: 0.0, Avg: 0.0, Max: 0.0, Diff: 0.0, Sum: 0.0]
      [Update RS (ms):  0.2  0.5  0.4  0.5  0.3  0.2  0.5  0.3
       Min: 0.2, Avg: 0.4, Max: 0.5, Diff: 0.3, Sum: 2.9]
         [Processed Buffers:  18  1  1  1  1  4  1  1
          Min: 1, Avg: 3.5, Max: 18, Diff: 17, Sum: 28]
      [Scan RS (ms):  0.1  0.0  0.0  0.0  0.0  0.1  0.0  0.0
       Min: 0.0, Avg: 0.0, Max: 0.1, Diff: 0.1, Sum: 0.1]
      [Code Root Scanning (ms):  0.0  0.0  0.0  0.0  0.0  0.0  0.0  0.0
       Min: 0.0, Avg: 0.0, Max: 0.0, Diff: 0.0, Sum: 0.0]
      [Object Copy (ms):  4.3  4.1  4.2  4.1  4.2  4.3  4.0  4.2
       Min: 4.0, Avg: 4.2, Max: 4.3, Diff: 0.3, Sum: 33.3]
      [Termination (ms):  0.1  0.1  0.0  0.1  0.1  0.1  0.1  0.1
       Min: 0.0, Avg: 0.1, Max: 0.1, Diff: 0.1, Sum: 0.6]
         [Termination Attempts:  6  9  1  3  7  1  11  7
          Min: 1, Avg: 5.6, Max: 11, Diff: 10, Sum: 45]
      [GC Worker Other (ms):  0.0  0.0  0.0  0.0  0.0  0.0  0.0  0.0
       Min: 0.0, Avg: 0.0, Max: 0.0, Diff: 0.0, Sum: 0.1]
      [GC Worker Total (ms):  4.9  4.9  4.8  4.8  4.9  4.8  4.8  4.8
       Min: 4.8, Avg: 4.8, Max: 4.9, Diff: 0.1, Sum: 38.8]
      [GC Worker End (ms):  29050.3  29050.3  29050.3  29050.3  29050.3  29050.3  29050.3  29050.3
       Min: 29050.3, Avg: 29050.3, Max: 29050.3, Diff: 0.0]
   [Code Root Fixup: 0.0 ms]
   [Code Root Purge: 0.0 ms]
   [Clear CT: 0.1 ms]
   [Other: 0.4 ms]
      [Choose CSet: 0.0 ms]
      [Ref Proc: 0.2 ms]
      [Ref Enq: 0.0 ms]
      [Redirty Cards: 0.1 ms]
         [Parallel Redirty:  0.0  0.0  0.0  0.0  0.0  0.0  0.0  0.0
          Min: 0.0, Avg: 0.0, Max: 0.0, Diff: 0.0, Sum: 0.0]
         [Redirtied Cards:  787  0  0  0  0  0  0  0
          Min: 0, Avg: 98.4, Max: 787, Diff: 787, Sum: 787]
      [Humongous Register: 0.0 ms]
         [Humongous Total: 0]
         [Humongous Candidate: 0]
      [Humongous Reclaim: 0.0 ms]
         [Humongous Reclaimed: 0]
      [Free CSet: 0.1 ms]
         [Young Free CSet: 0.1 ms]
         [Non-Young Free CSet: 0.0 ms]
   [Eden: 142.0M(142.0M)->0.0B(143.0M) Survivors: 11.0M->10.0M Heap: 213.4M(256.0M)->70.5M(256.0M)]
 [Times: user=0.04 sys=0.01, real=0.01 secs] 
29.257: [GC pause (G1 Evacuation Pause) (young), 0.0060455 secs]
   [Parallel Time: 5.4 ms, GC Workers: 8]
      [GC Worker Start (ms):  29257.0  29257.0  29257.1  29257.1  29257.1  29257.1  29257.1  29257.1
       Min: 29257.0, Avg: 29257.1, Max: 29257.1, Diff: 0.1]
      [Ext Root Scanning (ms):  0.3  0.2  0.2  0.2  0.2  0.2  0.2  0.2
       Min: 0.2, Avg: 0.2, Max: 0.3, Diff: 0.1, Sum: 1.7]
         [Thread Roots (ms):  0.0  0.1  0.1  0.0  0.0  0.0  0.0  0.1
          Min: 0.0, Avg: 0.0, Max: 0.1, Diff: 0.1, Sum: 0.4]
         [StringTable Roots (ms):  0.0  0.1  0.1  0.2  0.2  0.2  0.2  0.1
          Min: 0.0, Avg: 0.1, Max: 0.2, Diff: 0.2, Sum: 1.0]
         [Universe Roots (ms):  0.0  0.0  0.0  0.0  0.0  0.0  0.0  0.0
          Min: 0.0, Avg: 0.0, Max: 0.0, Diff: 0.0, Sum: 0.0]
         [JNI Handles Roots (ms):  0.0  0.0  0.0  0.0  0.0  0.0  0.0  0.0
          Min: 0.0, Avg: 0.0, Max: 0.0, Diff: 0.0, Sum: 0.0]
         [ObjectSynchronizer Roots (ms):  0.0  0.0  0.0  0.0  0.0  0.0  0.0  0.0
          Min: 0.0, Avg: 0.0, Max: 0.0, Diff: 0.0, Sum: 0.0]
         [FlatProfiler Roots (ms):  0.0  0.0  0.0  0.0  0.0  0.0  0.0  0.0
          Min: 0.0, Avg: 0.0, Max: 0.0, Diff: 0.0, Sum: 0.0]
         [Management Roots (ms):  0.0  0.0  0.0  0.0  0.0  0.0  0.0  0.0
          Min: 0.0, Avg: 0.0, Max: 0.0, Diff: 0.0, Sum: 0.0]
         [SystemDictionary Roots (ms):  0.0  0.1  0.0  0.0  0.0  0.0  0.0  0.0
          Min: 0.0, Avg: 0.0, Max: 0.1, Diff: 0.1, Sum: 0.1]
         [CLDG Roots (ms):  0.2  0.0  0.0  0.0  0.0  0.0  0.0  0.0
          Min: 0.0, Avg: 0.0, Max: 0.2, Diff: 0.2, Sum: 0.2]
         [JVMTI Roots (ms):  0.0  0.0  0.0  0.0  0.0  0.0  0.0  0.0
          Min: 0.0, Avg: 0.0, Max: 0.0, Diff: 0.0, Sum: 0.0]
         [CodeCache Roots (ms):  0.4  0.0  0.6  0.4  0.0  0.0  0.5  0.4
          Min: 0.0, Avg: 0.3, Max: 0.6, Diff: 0.6, Sum: 2.4]
         [CM RefProcessor Roots (ms):  0.0  0.0  0.0  0.0  0.0  0.0  0.0  0.0
          Min: 0.0, Avg: 0.0, Max: 0.0, Diff: 0.0, Sum: 0.0]
         [Wait For Strong CLD (ms):  0.0  0.0  0.0  0.0  0.0  0.0  0.0  0.0
          Min: 0.0, Avg: 0.0, Max: 0.0, Diff: 0.0, Sum: 0.0]
         [Weak CLD Roots (ms):  0.0  0.0  0.0  0.0  0.0  0.0  0.0  0.0
          Min: 0.0, Avg: 0.0, Max: 0.0, Diff: 0.0, Sum: 0.0]
         [SATB Filtering (ms):  0.0  0.0  0.0  0.0  0.0  0.0  0.0  0.0
          Min: 0.0, Avg: 0.0, Max: 0.0, Diff: 0.0, Sum: 0.0]
      [Update RS (ms):  0.4  0.0  0.6  0.4  0.0  0.0  0.5  0.4
       Min: 0.0, Avg: 0.3, Max: 0.6, Diff: 0.6, Sum: 2.3]
         [Processed Buffers:  3  0  2  4  0  0  1  19
          Min: 0, Avg: 3.6, Max: 19, Diff: 19, Sum: 29]
      [Scan RS (ms):  0.0  0.0  0.0  0.0  0.0  0.0  0.0  0.0
       Min: 0.0, Avg: 0.0, Max: 0.0, Diff: 0.0, Sum: 0.1]
      [Code Root Scanning (ms):  0.0  0.0  0.0  0.0  0.0  0.0  0.0  0.0
       Min: 0.0, Avg: 0.0, Max: 0.0, Diff: 0.0, Sum: 0.0]
      [Object Copy (ms):  4.6  5.0  4.5  4.6  5.0  5.0  4.5  4.6
       Min: 4.5, Avg: 4.7, Max: 5.0, Diff: 0.6, Sum: 37.9]
      [Termination (ms):  0.0  0.0  0.0  0.0  0.0  0.0  0.0  0.0
       Min: 0.0, Avg: 0.0, Max: 0.0, Diff: 0.0, Sum: 0.0]
         [Termination Attempts:  12  12  1  19  10  13  8  8
          Min: 1, Avg: 10.4, Max: 19, Diff: 18, Sum: 83]
      [GC Worker Other (ms):  0.0  0.1  0.1  0.0  0.0  0.0  0.0  0.0
       Min: 0.0, Avg: 0.0, Max: 0.1, Diff: 0.1, Sum: 0.2]
      [GC Worker Total (ms):  5.3  5.3  5.3  5.3  5.3  5.2  5.2  5.2
       Min: 5.2, Avg: 5.3, Max: 5.3, Diff: 0.1, Sum: 42.2]
      [GC Worker End (ms):  29262.3  29262.4  29262.4  29262.4  29262.3  29262.3  29262.3  29262.3
       Min: 29262.3, Avg: 29262.4, Max: 29262.4, Diff: 0.1]
   [Code Root Fixup: 0.0 ms]
   [Code Root Purge: 0.0 ms]
   [Clear CT: 0.1 ms]
   [Other: 0.5 ms]
      [Choose CSet: 0.0 ms]
      [Ref Proc: 0.2 ms]
      [Ref Enq: 0.0 ms]
      [Redirty Cards: 0.1 ms]
         [Parallel Redirty:  0.0  0.0  0.0  0.0  0.0  0.0  0.0  0.0
          Min: 0.0, Avg: 0.0, Max: 0.0, Diff: 0.0, Sum: 0.0]
         [Redirtied Cards:  678  0  0  0  0  0  0  0
          Min: 0, Avg: 84.8, Max: 678, Diff: 678, Sum: 678]
      [Humongous Register: 0.0 ms]
         [Humongous Total: 0]
         [Humongous Candidate: 0]
      [Humongous Reclaim: 0.0 ms]
         [Humongous Reclaimed: 0]
      [Free CSet: 0.1 ms]
         [Young Free CSet: 0.1 ms]
         [Non-Young Free CSet: 0.0 ms]
   [Eden: 143.0M(143.0M)->0.0B(141.0M) Survivors: 10.0M->12.0M Heap: 213.5M(256.0M)->73.1M(256.0M)]
 [Times: user=0.04 sys=0.00, real=0.01 secs] 
29.468: [GC pause (G1 Evacuation Pause) (young), 0.0053443 secs]
   [Parallel Time: 4.7 ms, GC Workers: 8]
      [GC Worker Start (ms):  29468.5  29468.5  29468.5  29468.5  29468.5  29468.5  29468.5  29468.5
       Min: 29468.5, Avg: 29468.5, Max: 29468.5, Diff: 0.1]
      [Ext Root Scanning (ms):  0.3  0.2  0.2  0.2  0.2  0.2  0.2  0.2
       Min: 0.2, Avg: 0.2, Max: 0.3, Diff: 0.1, Sum: 1.7]
         [Thread Roots (ms):  0.0  0.1  0.1  0.0  0.0  0.0  0.0  0.0
          Min: 0.0, Avg: 0.1, Max: 0.1, Diff: 0.1, Sum: 0.4]
         [StringTable Roots (ms):  0.0  0.1  0.1  0.2  0.2  0.2  0.1  0.2
          Min: 0.0, Avg: 0.1, Max: 0.2, Diff: 0.2, Sum: 1.0]
         [Universe Roots (ms):  0.0  0.0  0.0  0.0  0.0  0.0  0.0  0.0
          Min: 0.0, Avg: 0.0, Max: 0.0, Diff: 0.0, Sum: 0.0]
         [JNI Handles Roots (ms):  0.0  0.0  0.0  0.0  0.0  0.0  0.0  0.0
          Min: 0.0, Avg: 0.0, Max: 0.0, Diff: 0.0, Sum: 0.0]
         [ObjectSynchronizer Roots (ms):  0.0  0.0  0.0  0.0  0.0  0.0  0.0  0.0
          Min: 0.0, Avg: 0.0, Max: 0.0, Diff: 0.0, Sum: 0.0]
         [FlatProfiler Roots (ms):  0.0  0.0  0.0  0.0  0.0  0.0  0.0  0.0
          Min: 0.0, Avg: 0.0, Max: 0.0, Diff: 0.0, Sum: 0.0]
         [Management Roots (ms):  0.0  0.0  0.0  0.0  0.0  0.0  0.0  0.0
          Min: 0.0, Avg: 0.0, Max: 0.0, Diff: 0.0, Sum: 0.0]
         [SystemDictionary Roots (ms):  0.0  0.0  0.0  0.0  0.0  0.0  0.1  0.0
          Min: 0.0, Avg: 0.0, Max: 0.1, Diff: 0.1, Sum: 0.1]
         [CLDG Roots (ms):  0.2  0.0  0.0  0.0  0.0  0.0  0.0  0.0
          Min: 0.0, Avg: 0.0, Max: 0.2, Diff: 0.2, Sum: 0.2]
         [JVMTI Roots (ms):  0.0  0.0  0.0  0.0  0.0  0.0  0.0  0.0
          Min: 0.0, Avg: 0.0, Max: 0.0, Diff: 0.0, Sum: 0.0]
         [CodeCache Roots (ms):  0.4  0.5  0.5  0.5  0.3  0.3  0.3  0.4
          Min: 0.3, Avg: 0.4, Max: 0.5, Diff: 0.2, Sum: 3.2]
         [CM RefProcessor Roots (ms):  0.0  0.0  0.0  0.0  0.0  0.0  0.0  0.0
          Min: 0.0, Avg: 0.0, Max: 0.0, Diff: 0.0, Sum: 0.0]
         [Wait For Strong CLD (ms):  0.0  0.0  0.0  0.0  0.0  0.0  0.0  0.0
          Min: 0.0, Avg: 0.0, Max: 0.0, Diff: 0.0, Sum: 0.0]
         [Weak CLD Roots (ms):  0.0  0.0  0.0  0.0  0.0  0.0  0.0  0.0
          Min: 0.0, Avg: 0.0, Max: 0.0, Diff: 0.0, Sum: 0.0]
         [SATB Filtering (ms):  0.0  0.0  0.0  0.0  0.0  0.0  0.0  0.0
          Min: 0.0, Avg: 0.0, Max: 0.0, Diff: 0.0, Sum: 0.0]
      [Update RS (ms):  0.4  0.5  0.4  0.5  0.2  0.2  0.3  0.4
       Min: 0.2, Avg: 0.4, Max: 0.5, Diff: 0.3, Sum: 3.0]
         [Processed Buffers:  1  1  1  1  13  7  6  1
          Min: 1, Avg: 3.9, Max: 13, Diff: 12, Sum: 31]
      [Scan RS (ms):  0.0  0.0  0.0  0.0  0.0  0.0  0.0  0.0
       Min: 0.0, Avg: 0.0, Max: 0.0, Diff: 0.0, Sum: 0.1]
      [Code Root Scanning (ms):  0.0  0.0  0.0  0.0  0.0  0.0  0.0  0.0
       Min: 0.0, Avg: 0.0, Max: 0.0, Diff: 0.0, Sum: 0.0]
      [Object Copy (ms):  3.9  3.9  3.9  3.9  4.1  4.1  4.1  4.0
       Min: 3.9, Avg: 4.0, Max: 4.1, Diff: 0.3, Sum: 31.9]
      [Termination (ms):  0.0  0.0  0.0  0.0  0.0  0.0  0.0  0.0
       Min: 0.0, Avg: 0.0, Max: 0.0, Diff: 0.0, Sum: 0.0]
         [Termination Attempts:  3  3  4  3  4  3  2  1
          Min: 1, Avg: 2.9, Max: 4, Diff: 3, Sum: 23]
      [GC Worker Other (ms):  0.0  0.0  0.0  0.0  0.1  0.0  0.0  0.0
       Min: 0.0, Avg: 0.0, Max: 0.1, Diff: 0.0, Sum: 0.2]
      [GC Worker Total (ms):  4.6  4.7  4.6  4.6  4.7  4.6  4.6  4.6
       Min: 4.6, Avg: 4.6, Max: 4.7, Diff: 0.1, Sum: 37.1]
      [GC Worker End (ms):  29473.1  29473.2  29473.1  29473.1  29473.2  29473.1  29473.1  29473.1
       Min: 29473.1, Avg: 29473.1, Max: 29473.2, Diff: 0.0]
   [Code Root Fixup: 0.0 ms]
   [Code Root Purge: 0.0 ms]
   [Clear CT: 0.1 ms]
   [Other: 0.4 ms]
      [Choose CSet: 0.0 ms]
      [Ref Proc: 0.2 ms]
      [Ref Enq: 0.0 ms]
      [Redirty Cards: 0.1 ms]
         [Parallel Redirty:  0.0  0.0  0.0  0.0  0.0  0.0  0.0  0.0
          Min: 0.0, Avg: 0.0, Max: 0.0, Diff: 0.0, Sum: 0.0]
         [Redirtied Cards:  628  0  0  0  0  0  0  0
          Min: 0, Avg: 78.5, Max: 628, Diff: 628, Sum: 628]
      [Humongous Register: 0.0 ms]
         [Humongous Total: 0]
         [Humongous Candidate: 0]
      [Humongous Reclaim: 0.0 ms]
         [Humongous Reclaimed: 0]
      [Free CSet: 0.1 ms]
         [Young Free CSet: 0.1 ms]
         [Non-Young Free CSet: 0.0 ms]
   [Eden: 141.0M(141.0M)->0.0B(142.0M) Survivors: 12.0M->11.0M Heap: 214.1M(256.0M)->73.1M(256.0M)]
 [Times: user=0.04 sys=0.00, real=0.00 secs] 
29.678: [GC pause (G1 Evacuation Pause) (young), 0.0058791 secs]
   [Parallel Time: 5.4 ms, GC Workers: 8]
      [GC Worker Start (ms):  29678.1  29678.1  29678.1  29678.1  29678.1  29678.1  29678.2  29678.2
       Min: 29678.1, Avg: 29678.1, Max: 29678.2, Diff: 0.1]
      [Ext Root Scanning (ms):  0.2  0.2  0.2  0.2  0.2  0.2  0.2  0.2
       Min: 0.2, Avg: 0.2, Max: 0.2, Diff: 0.1, Sum: 1.6]
         [Thread Roots (ms):  0.0  0.1  0.1  0.1  0.1  0.0  0.0  0.0
          Min: 0.0, Avg: 0.0, Max: 0.1, Diff: 0.1, Sum: 0.4]
         [StringTable Roots (ms):  0.0  0.1  0.2  0.1  0.1  0.2  0.1  0.2
          Min: 0.0, Avg: 0.1, Max: 0.2, Diff: 0.1, Sum: 1.0]
         [Universe Roots (ms):  0.0  0.0  0.0  0.0  0.0  0.0  0.0  0.0
          Min: 0.0, Avg: 0.0, Max: 0.0, Diff: 0.0, Sum: 0.0]
         [JNI Handles Roots (ms):  0.0  0.0  0.0  0.0  0.0  0.0  0.0  0.0
          Min: 0.0, Avg: 0.0, Max: 0.0, Diff: 0.0, Sum: 0.0]
         [ObjectSynchronizer Roots (ms):  0.0  0.0  0.0  0.0  0.0  0.0  0.0  0.0
          Min: 0.0, Avg: 0.0, Max: 0.0, Diff: 0.0, Sum: 0.0]
         [FlatProfiler Roots (ms):  0.0  0.0  0.0  0.0  0.0  0.0  0.0  0.0
          Min: 0.0, Avg: 0.0, Max: 0.0, Diff: 0.0, Sum: 0.0]
         [Management Roots (ms):  0.0  0.0  0.0  0.0  0.0  0.0  0.0  0.0
          Min: 0.0, Avg: 0.0, Max: 0.0, Diff: 0.0, Sum: 0.0]
         [SystemDictionary Roots (ms):  0.0  0.1  0.0  0.0  0.0  0.0  0.0  0.0
          Min: 0.0, Avg: 0.0, Max: 0.1, Diff: 0.1, Sum: 0.1]
         [CLDG Roots (ms):  0.2  0.0  0.0  0.0  0.0  0.0  0.0  0.0
          Min: 0.0, Avg: 0.0, Max: 0.2, Diff: 0.2, Sum: 0.2]
         [JVMTI Roots (ms):  0.0  0.0  0.0  0.0  0.0  0.0  0.0  0.0
          Min: 0.0, Avg: 0.0, Max: 0.0, Diff: 0.0, Sum: 0.0]
         [CodeCache Roots (ms):  0.4  0.4  0.0  0.0  0.0  0.5  0.0  0.5
          Min: 0.0, Avg: 0.2, Max: 0.5, Diff: 0.5, Sum: 1.8]
         [CM RefProcessor Roots (ms):  0.0  0.0  0.0  0.0  0.0  0.0  0.0  0.0
          Min: 0.0, Avg: 0.0, Max: 0.0, Diff: 0.0, Sum: 0.0]
         [Wait For Strong CLD (ms):  0.0  0.0  0.0  0.0  0.0  0.0  0.0  0.0
          Min: 0.0, Avg: 0.0, Max: 0.0, Diff: 0.0, Sum: 0.0]
         [Weak CLD Roots (ms):  0.0  0.0  0.0  0.0  0.0  0.0  0.0  0.0
          Min: 0.0, Avg: 0.0, Max: 0.0, Diff: 0.0, Sum: 0.0]
         [SATB Filtering (ms):  0.0  0.0  0.0  0.0  0.0  0.0  0.0  0.0
          Min: 0.0, Avg: 0.0, Max: 0.0, Diff: 0.0, Sum: 0.0]
      [Update RS (ms):  0.4  0.4  0.0  0.0  0.0  0.5  0.0  0.5
       Min: 0.0, Avg: 0.2, Max: 0.5, Diff: 0.5, Sum: 1.7]
         [Processed Buffers:  22  5  0  0  0  2  0  2
          Min: 0, Avg: 3.9, Max: 22, Diff: 22, Sum: 31]
      [Scan RS (ms):  0.0  0.0  0.0  0.0  0.0  0.0  0.0  0.0
       Min: 0.0, Avg: 0.0, Max: 0.0, Diff: 0.0, Sum: 0.1]
      [Code Root Scanning (ms):  0.0  0.0  0.0  0.0  0.0  0.0  0.0  0.0
       Min: 0.0, Avg: 0.0, Max: 0.0, Diff: 0.0, Sum: 0.0]
      [Object Copy (ms):  4.5  4.5  4.9  4.9  5.0  4.5  4.9  4.6
       Min: 4.5, Avg: 4.7, Max: 5.0, Diff: 0.5, Sum: 37.8]
      [Termination (ms):  0.1  0.1  0.1  0.1  0.0  0.1  0.1  0.0
       Min: 0.0, Avg: 0.1, Max: 0.1, Diff: 0.1, Sum: 0.5]
         [Termination Attempts:  14  10  14  12  7  5  5  6
          Min: 5, Avg: 9.1, Max: 14, Diff: 9, Sum: 73]
      [GC Worker Other (ms):  0.0  0.0  0.0  0.0  0.0  0.0  0.0  0.0
       Min: 0.0, Avg: 0.0, Max: 0.0, Diff: 0.0, Sum: 0.1]
      [GC Worker Total (ms):  5.3  5.3  5.3  5.2  5.2  5.2  5.2  5.2
       Min: 5.2, Avg: 5.2, Max: 5.3, Diff: 0.1, Sum: 41.8]
      [GC Worker End (ms):  29683.4  29683.4  29683.4  29683.4  29683.3  29683.4  29683.4  29683.3
       Min: 29683.3, Avg: 29683.4, Max: 29683.4, Diff: 0.0]
   [Code Root Fixup: 0.0 ms]
   [Code Root Purge: 0.0 ms]
   [Clear CT: 0.1 ms]
   [Other: 0.4 ms]
      [Choose CSet: 0.0 ms]
      [Ref Proc: 0.2 ms]
      [Ref Enq: 0.0 ms]
      [Redirty Cards: 0.1 ms]
         [Parallel Redirty:  0.0  0.0  0.0  0.0  0.0  0.0  0.0  0.0
          Min: 0.0, Avg: 0.0, Max: 0.0, Diff: 0.0, Sum: 0.0]
         [Redirtied Cards:  618  0  0  0  0  0  0  0
          Min: 0, Avg: 77.2, Max: 618, Diff: 618, Sum: 618]
      [Humongous Register: 0.0 ms]
         [Humongous Total: 0]
         [Humongous Candidate: 0]
      [Humongous Reclaim: 0.0 ms]
         [Humongous Reclaimed: 0]
      [Free CSet: 0.1 ms]
         [Young Free CSet: 0.1 ms]
         [Non-Young Free CSet: 0.0 ms]
   [Eden: 142.0M(142.0M)->0.0B(141.0M) Survivors: 11.0M->12.0M Heap: 215.1M(256.0M)->74.5M(256.0M)]
 [Times: user=0.04 sys=0.00, real=0.00 secs] 
29.890: [GC pause (G1 Evacuation Pause) (young), 0.0052550 secs]
   [Parallel Time: 4.8 ms, GC Workers: 8]
      [GC Worker Start (ms):  29889.6  29889.7  29889.7  29889.7  29889.7  29889.7  29889.7  29889.7
       Min: 29889.6, Avg: 29889.7, Max: 29889.7, Diff: 0.1]
      [Ext Root Scanning (ms):  0.3  0.2  0.2  0.2  0.2  0.2  0.2  0.2
       Min: 0.2, Avg: 0.2, Max: 0.3, Diff: 0.1, Sum: 1.7]
         [Thread Roots (ms):  0.0  0.1  0.1  0.1  0.0  0.0  0.1  0.0
          Min: 0.0, Avg: 0.1, Max: 0.1, Diff: 0.1, Sum: 0.4]
         [StringTable Roots (ms):  0.0  0.2  0.2  0.1  0.2  0.1  0.1  0.2
          Min: 0.0, Avg: 0.1, Max: 0.2, Diff: 0.2, Sum: 1.0]
         [Universe Roots (ms):  0.0  0.0  0.0  0.0  0.0  0.0  0.0  0.0
          Min: 0.0, Avg: 0.0, Max: 0.0, Diff: 0.0, Sum: 0.0]
         [JNI Handles Roots (ms):  0.0  0.0  0.0  0.0  0.0  0.0  0.0  0.0
          Min: 0.0, Avg: 0.0, Max: 0.0, Diff: 0.0, Sum: 0.0]
         [ObjectSynchronizer Roots (ms):  0.0  0.0  0.0  0.0  0.0  0.0  0.0  0.0
          Min: 0.0, Avg: 0.0, Max: 0.0, Diff: 0.0, Sum: 0.0]
         [FlatProfiler Roots (ms):  0.0  0.0  0.0  0.0  0.0  0.0  0.0  0.0
          Min: 0.0, Avg: 0.0, Max: 0.0, Diff: 0.0, Sum: 0.0]
         [Management Roots (ms):  0.0  0.0  0.0  0.0  0.0  0.0  0.0  0.0
          Min: 0.0, Avg: 0.0, Max: 0.0, Diff: 0.0, Sum: 0.0]
         [SystemDictionary Roots (ms):  0.0  0.0  0.0  0.0  0.0  0.1  0.0  0.0
          Min: 0.0, Avg: 0.0, Max: 0.1, Diff: 0.1, Sum: 0.1]
         [CLDG Roots (ms):  0.2  0.0  0.0  0.0  0.0  0.0  0.0  0.0
          Min: 0.0, Avg: 0.0, Max: 0.2, Diff: 0.2, Sum: 0.2]
         [JVMTI Roots (ms):  0.0  0.0  0.0  0.0  0.0  0.0  0.0  0.0
          Min: 0.0, Avg: 0.0, Max: 0.0, Diff: 0.0, Sum: 0.0]
         [CodeCache Roots (ms):  0.4  0.3  0.4  0.4  0.4  0.3  0.4  0.3
          Min: 0.3, Avg: 0.4, Max: 0.4, Diff: 0.1, Sum: 3.0]
         [CM RefProcessor Roots (ms):  0.0  0.0  0.0  0.0  0.0  0.0  0.0  0.0
          Min: 0.0, Avg: 0.0, Max: 0.0, Diff: 0.0, Sum: 0.0]
         [Wait For Strong CLD (ms):  0.0  0.0  0.0  0.0  0.0  0.0  0.0  0.0
          Min: 0.0, Avg: 0.0, Max: 0.0, Diff: 0.0, Sum: 0.0]
         [Weak CLD Roots (ms):  0.0  0.0  0.0  0.0  0.0  0.0  0.0  0.0
          Min: 0.0, Avg: 0.0, Max: 0.0, Diff: 0.0, Sum: 0.0]
         [SATB Filtering (ms):  0.0  0.0  0.0  0.0  0.0  0.0  0.0  0.0
          Min: 0.0, Avg: 0.0, Max: 0.0, Diff: 0.0, Sum: 0.0]
      [Update RS (ms):  0.4  0.3  0.3  0.4  0.4  0.3  0.4  0.3
       Min: 0.3, Avg: 0.4, Max: 0.4, Diff: 0.1, Sum: 2.8]
         [Processed Buffers:  1  1  7  1  13  1  1  3
          Min: 1, Avg: 3.5, Max: 13, Diff: 12, Sum: 28]
      [Scan RS (ms):  0.0  0.0  0.0  0.0  0.0  0.0  0.0  0.0
       Min: 0.0, Avg: 0.0, Max: 0.0, Diff: 0.0, Sum: 0.1]
      [Code Root Scanning (ms):  0.0  0.0  0.0  0.0  0.0  0.0  0.0  0.0
       Min: 0.0, Avg: 0.0, Max: 0.0, Diff: 0.0, Sum: 0.0]
      [Object Copy (ms):  4.0  4.1  4.1  4.0  4.1  4.1  4.0  4.1
       Min: 4.0, Avg: 4.1, Max: 4.1, Diff: 0.1, Sum: 32.5]
      [Termination (ms):  0.0  0.0  0.0  0.0  0.0  0.0  0.0  0.0
       Min: 0.0, Avg: 0.0, Max: 0.0, Diff: 0.0, Sum: 0.0]
         [Termination Attempts:  9  6  1  9  7  11  5  8
          Min: 1, Avg: 7.0, Max: 11, Diff: 10, Sum: 56]
      [GC Worker Other (ms):  0.0  0.1  0.0  0.0  0.0  0.1  0.0  0.0
       Min: 0.0, Avg: 0.0, Max: 0.1, Diff: 0.1, Sum: 0.2]
      [GC Worker Total (ms):  4.7  4.7  4.7  4.7  4.7  4.7  4.7  4.6
       Min: 4.6, Avg: 4.7, Max: 4.7, Diff: 0.1, Sum: 37.4]
      [GC Worker End (ms):  29894.3  29894.4  29894.3  29894.3  29894.4  29894.4  29894.4  29894.3
       Min: 29894.3, Avg: 29894.4, Max: 29894.4, Diff: 0.1]
   [Code Root Fixup: 0.0 ms]
   [Code Root Purge: 0.0 ms]
   [Clear CT: 0.1 ms]
   [Other: 0.3 ms]
      [Choose CSet: 0.0 ms]
      [Ref Proc: 0.1 ms]
      [Ref Enq: 0.0 ms]
      [Redirty Cards: 0.1 ms]
         [Parallel Redirty:  0.0  0.0  0.0  0.0  0.0  0.0  0.0  0.0
          Min: 0.0, Avg: 0.0, Max: 0.0, Diff: 0.0, Sum: 0.0]
         [Redirtied Cards:  462  98  0  0  0  0  0  0
          Min: 0, Avg: 70.0, Max: 462, Diff: 462, Sum: 560]
      [Humongous Register: 0.0 ms]
         [Humongous Total: 0]
         [Humongous Candidate: 0]
      [Humongous Reclaim: 0.0 ms]
         [Humongous Reclaimed: 0]
      [Free CSet: 0.1 ms]
         [Young Free CSet: 0.1 ms]
         [Non-Young Free CSet: 0.0 ms]
   [Eden: 141.0M(141.0M)->0.0B(142.0M) Survivors: 12.0M->11.0M Heap: 215.5M(256.0M)->73.6M(256.0M)]
 [Times: user=0.04 sys=0.00, real=0.00 secs] 
30.103: [GC pause (G1 Evacuation Pause) (young), 0.0054661 secs]
   [Parallel Time: 4.9 ms, GC Workers: 8]
      [GC Worker Start (ms):  30102.6  30102.6  30102.6  30102.7  30102.7  30102.7  30102.7  30102.8
       Min: 30102.6, Avg: 30102.7, Max: 30102.8, Diff: 0.2]
      [Ext Root Scanning (ms):  0.3  0.3  0.2  0.2  0.2  0.2  0.2  0.1
       Min: 0.1, Avg: 0.2, Max: 0.3, Diff: 0.2, Sum: 1.7]
         [Thread Roots (ms):  0.0  0.1  0.1  0.1  0.0  0.1  0.0  0.0
          Min: 0.0, Avg: 0.0, Max: 0.1, Diff: 0.1, Sum: 0.3]
         [StringTable Roots (ms):  0.0  0.2  0.2  0.2  0.1  0.1  0.2  0.1
          Min: 0.0, Avg: 0.1, Max: 0.2, Diff: 0.2, Sum: 1.1]
         [Universe Roots (ms):  0.0  0.0  0.0  0.0  0.0  0.0  0.0  0.0
          Min: 0.0, Avg: 0.0, Max: 0.0, Diff: 0.0, Sum: 0.0]
         [JNI Handles Roots (ms):  0.0  0.0  0.0  0.0  0.0  0.0  0.0  0.0
          Min: 0.0, Avg: 0.0, Max: 0.0, Diff: 0.0, Sum: 0.0]
         [ObjectSynchronizer Roots (ms):  0.0  0.0  0.0  0.0  0.0  0.0  0.0  0.0
          Min: 0.0, Avg: 0.0, Max: 0.0, Diff: 0.0, Sum: 0.0]
         [FlatProfiler Roots (ms):  0.0  0.0  0.0  0.0  0.0  0.0  0.0  0.0
          Min: 0.0, Avg: 0.0, Max: 0.0, Diff: 0.0, Sum: 0.0]
         [Management Roots (ms):  0.0  0.0  0.0  0.0  0.0  0.0  0.0  0.0
          Min: 0.0, Avg: 0.0, Max: 0.0, Diff: 0.0, Sum: 0.0]
         [SystemDictionary Roots (ms):  0.0  0.0  0.0  0.0  0.1  0.0  0.0  0.0
          Min: 0.0, Avg: 0.0, Max: 0.1, Diff: 0.1, Sum: 0.1]
         [CLDG Roots (ms):  0.2  0.0  0.0  0.0  0.0  0.0  0.0  0.0
          Min: 0.0, Avg: 0.0, Max: 0.2, Diff: 0.2, Sum: 0.2]
         [JVMTI Roots (ms):  0.0  0.0  0.0  0.0  0.0  0.0  0.0  0.0
          Min: 0.0, Avg: 0.0, Max: 0.0, Diff: 0.0, Sum: 0.0]
         [CodeCache Roots (ms):  0.3  0.4  0.4  0.1  0.4  0.4  0.3  0.4
          Min: 0.1, Avg: 0.3, Max: 0.4, Diff: 0.3, Sum: 2.7]
         [CM RefProcessor Roots (ms):  0.0  0.0  0.0  0.0  0.0  0.0  0.0  0.0
          Min: 0.0, Avg: 0.0, Max: 0.0, Diff: 0.0, Sum: 0.0]
         [Wait For Strong CLD (ms):  0.0  0.0  0.0  0.0  0.0  0.0  0.0  0.0
          Min: 0.0, Avg: 0.0, Max: 0.0, Diff: 0.0, Sum: 0.0]
         [Weak CLD Roots (ms):  0.0  0.0  0.0  0.0  0.0  0.0  0.0  0.0
          Min: 0.0, Avg: 0.0, Max: 0.0, Diff: 0.0, Sum: 0.0]
         [SATB Filtering (ms):  0.0  0.0  0.0  0.0  0.0  0.0  0.0  0.0
          Min: 0.0, Avg: 0.0, Max: 0.0, Diff: 0.0, Sum: 0.0]
      [Update RS (ms):  0.2  0.4  0.4  0.1  0.4  0.4  0.3  0.4
       Min: 0.1, Avg: 0.3, Max: 0.4, Diff: 0.3, Sum: 2.6]
         [Processed Buffers:  7  1  1  16  1  2  1  1
          Min: 1, Avg: 3.8, Max: 16, Diff: 15, Sum: 30]
      [Scan RS (ms):  0.0  0.0  0.0  0.1  0.0  0.0  0.0  0.0
       Min: 0.0, Avg: 0.0, Max: 0.1, Diff: 0.1, Sum: 0.1]
      [Code Root Scanning (ms):  0.0  0.0  0.0  0.0  0.0  0.0  0.0  0.0
       Min: 0.0, Avg: 0.0, Max: 0.0, Diff: 0.0, Sum: 0.0]
      [Object Copy (ms):  4.3  4.2  4.2  4.4  4.2  4.1  4.3  4.2
       Min: 4.1, Avg: 4.2, Max: 4.4, Diff: 0.3, Sum: 33.9]
      [Termination (ms):  0.0  0.0  0.0  0.0  0.0  0.0  0.0  0.0
       Min: 0.0, Avg: 0.0, Max: 0.0, Diff: 0.0, Sum: 0.0]
         [Termination Attempts:  19  6  18  19  23  20  24  17
          Min: 6, Avg: 18.2, Max: 24, Diff: 18, Sum: 146]
      [GC Worker Other (ms):  0.0  0.1  0.0  0.1  0.0  0.0  0.0  0.0
       Min: 0.0, Avg: 0.0, Max: 0.1, Diff: 0.0, Sum: 0.2]
      [GC Worker Total (ms):  4.9  4.9  4.9  4.9  4.8  4.8  4.8  4.7
       Min: 4.7, Avg: 4.8, Max: 4.9, Diff: 0.2, Sum: 38.6]
      [GC Worker End (ms):  30107.5  30107.5  30107.5  30107.5  30107.5  30107.5  30107.5  30107.5
       Min: 30107.5, Avg: 30107.5, Max: 30107.5, Diff: 0.0]
   [Code Root Fixup: 0.0 ms]
   [Code Root Purge: 0.0 ms]
   [Clear CT: 0.1 ms]
   [Other: 0.4 ms]
      [Choose CSet: 0.0 ms]
      [Ref Proc: 0.1 ms]
      [Ref Enq: 0.0 ms]
      [Redirty Cards: 0.1 ms]
         [Parallel Redirty:  0.0  0.0  0.0  0.0  0.0  0.0  0.0  0.0
          Min: 0.0, Avg: 0.0, Max: 0.0, Diff: 0.0, Sum: 0.0]
         [Redirtied Cards:  522  0  0  0  0  0  0  0
          Min: 0, Avg: 65.2, Max: 522, Diff: 522, Sum: 522]
      [Humongous Register: 0.0 ms]
         [Humongous Total: 0]
         [Humongous Candidate: 0]
      [Humongous Reclaim: 0.0 ms]
         [Humongous Reclaimed: 0]
      [Free CSet: 0.1 ms]
         [Young Free CSet: 0.1 ms]
         [Non-Young Free CSet: 0.0 ms]
   [Eden: 142.0M(142.0M)->0.0B(140.0M) Survivors: 11.0M->13.0M Heap: 215.6M(256.0M)->76.1M(256.0M)]
 [Times: user=0.04 sys=0.00, real=0.01 secs] 
30.310: [GC pause (G1 Evacuation Pause) (young), 0.0049662 secs]
   [Parallel Time: 4.3 ms, GC Workers: 8]
      [GC Worker Start (ms):  30310.0  30310.0  30310.0  30310.0  30310.0  30310.0  30310.1  30310.1
       Min: 30310.0, Avg: 30310.0, Max: 30310.1, Diff: 0.1]
      [Ext Root Scanning (ms):  0.2  0.2  0.2  0.2  0.2  0.2  0.2  0.2
       Min: 0.2, Avg: 0.2, Max: 0.2, Diff: 0.1, Sum: 1.6]
         [Thread Roots (ms):  0.0  0.1  0.1  0.0  0.0  0.0  0.0  0.0
          Min: 0.0, Avg: 0.0, Max: 0.1, Diff: 0.1, Sum: 0.3]
         [StringTable Roots (ms):  0.0  0.1  0.1  0.2  0.2  0.2  0.2  0.2
          Min: 0.0, Avg: 0.1, Max: 0.2, Diff: 0.2, Sum: 1.0]
         [Universe Roots (ms):  0.0  0.0  0.0  0.0  0.0  0.0  0.0  0.0
          Min: 0.0, Avg: 0.0, Max: 0.0, Diff: 0.0, Sum: 0.0]
         [JNI Handles Roots (ms):  0.0  0.0  0.0  0.0  0.0  0.0  0.0  0.0
          Min: 0.0, Avg: 0.0, Max: 0.0, Diff: 0.0, Sum: 0.0]
         [ObjectSynchronizer Roots (ms):  0.0  0.0  0.0  0.0  0.0  0.0  0.0  0.0
          Min: 0.0, Avg: 0.0, Max: 0.0, Diff: 0.0, Sum: 0.0]
         [FlatProfiler Roots (ms):  0.0  0.0  0.0  0.0  0.0  0.0  0.0  0.0
          Min: 0.0, Avg: 0.0, Max: 0.0, Diff: 0.0, Sum: 0.0]
         [Management Roots (ms):  0.0  0.0  0.0  0.0  0.0  0.0  0.0  0.0
          Min: 0.0, Avg: 0.0, Max: 0.0, Diff: 0.0, Sum: 0.0]
         [SystemDictionary Roots (ms):  0.0  0.0  0.1  0.0  0.0  0.0  0.0  0.0
          Min: 0.0, Avg: 0.0, Max: 0.1, Diff: 0.1, Sum: 0.1]
         [CLDG Roots (ms):  0.2  0.0  0.0  0.0  0.0  0.0  0.0  0.0
          Min: 0.0, Avg: 0.0, Max: 0.2, Diff: 0.2, Sum: 0.2]
         [JVMTI Roots (ms):  0.0  0.0  0.0  0.0  0.0  0.0  0.0  0.0
          Min: 0.0, Avg: 0.0, Max: 0.0, Diff: 0.0, Sum: 0.0]
         [CodeCache Roots (ms):  0.4  0.3  0.2  0.3  0.3  0.4  0.3  0.3
          Min: 0.2, Avg: 0.3, Max: 0.4, Diff: 0.2, Sum: 2.4]
         [CM RefProcessor Roots (ms):  0.0  0.0  0.0  0.0  0.0  0.0  0.0  0.0
          Min: 0.0, Avg: 0.0, Max: 0.0, Diff: 0.0, Sum: 0.0]
         [Wait For Strong CLD (ms):  0.0  0.0  0.0  0.0  0.0  0.0  0.0  0.0
          Min: 0.0, Avg: 0.0, Max: 0.0, Diff: 0.0, Sum: 0.0]
         [Weak CLD Roots (ms):  0.0  0.0  0.0  0.0  0.0  0.0  0.0  0.0
          Min: 0.0, Avg: 0.0, Max: 0.0, Diff: 0.0, Sum: 0.0]
         [SATB Filtering (ms):  0.0  0.0  0.0  0.0  0.0  0.0  0.0  0.0
          Min: 0.0, Avg: 0.0, Max: 0.0, Diff: 0.0, Sum: 0.0]
      [Update RS (ms):  0.4  0.3  0.2  0.2  0.3  0.4  0.3  0.2
       Min: 0.2, Avg: 0.3, Max: 0.4, Diff: 0.2, Sum: 2.3]
         [Processed Buffers:  1  1  16  9  1  1  1  1
          Min: 1, Avg: 3.9, Max: 16, Diff: 15, Sum: 31]
      [Scan RS (ms):  0.0  0.0  0.0  0.0  0.0  0.0  0.0  0.0
       Min: 0.0, Avg: 0.0, Max: 0.0, Diff: 0.0, Sum: 0.1]
      [Code Root Scanning (ms):  0.0  0.0  0.0  0.0  0.0  0.0  0.0  0.0
       Min: 0.0, Avg: 0.0, Max: 0.0, Diff: 0.0, Sum: 0.0]
      [Object Copy (ms):  3.6  3.8  3.8  3.8  3.7  3.7  3.7  3.8
       Min: 3.6, Avg: 3.7, Max: 3.8, Diff: 0.2, Sum: 29.7]
      [Termination (ms):  0.0  0.0  0.0  0.0  0.0  0.0  0.0  0.0
       Min: 0.0, Avg: 0.0, Max: 0.0, Diff: 0.0, Sum: 0.0]
         [Termination Attempts:  4  2  3  4  2  2  2  2
          Min: 2, Avg: 2.6, Max: 4, Diff: 2, Sum: 21]
      [GC Worker Other (ms):  0.0  0.0  0.0  0.0  0.0  0.0  0.0  0.0
       Min: 0.0, Avg: 0.0, Max: 0.0, Diff: 0.0, Sum: 0.2]
      [GC Worker Total (ms):  4.3  4.3  4.3  4.2  4.2  4.2  4.2  4.2
       Min: 4.2, Avg: 4.2, Max: 4.3, Diff: 0.1, Sum: 33.9]
      [GC Worker End (ms):  30314.3  30314.3  30314.3  30314.3  30314.3  30314.3  30314.3  30314.3
       Min: 30314.3, Avg: 30314.3, Max: 30314.3, Diff: 0.0]
   [Code Root Fixup: 0.0 ms]
   [Code Root Purge: 0.0 ms]
   [Clear CT: 0.1 ms]
   [Other: 0.5 ms]
      [Choose CSet: 0.0 ms]
      [Ref Proc: 0.1 ms]
      [Ref Enq: 0.0 ms]
      [Redirty Cards: 0.1 ms]
         [Parallel Redirty:  0.0  0.0  0.0  0.0  0.0  0.0  0.0  0.0
          Min: 0.0, Avg: 0.0, Max: 0.0, Diff: 0.0, Sum: 0.0]
         [Redirtied Cards:  482  0  0  0  0  0  0  0
          Min: 0, Avg: 60.2, Max: 482, Diff: 482, Sum: 482]
      [Humongous Register: 0.0 ms]
         [Humongous Total: 0]
         [Humongous Candidate: 0]
      [Humongous Reclaim: 0.0 ms]
         [Humongous Reclaimed: 0]
      [Free CSet: 0.1 ms]
         [Young Free CSet: 0.1 ms]
         [Non-Young Free CSet: 0.0 ms]
   [Eden: 140.0M(140.0M)->0.0B(143.0M) Survivors: 13.0M->10.0M Heap: 216.1M(256.0M)->73.5M(256.0M)]
 [Times: user=0.04 sys=0.00, real=0.00 secs] 
30.521: [GC pause (G1 Evacuation Pause) (young), 0.0057478 secs]
   [Parallel Time: 5.1 ms, GC Workers: 8]
      [GC Worker Start (ms):  30520.7  30520.7  30520.7  30520.7  30520.7  30520.7  30520.7  30520.7
       Min: 30520.7, Avg: 30520.7, Max: 30520.7, Diff: 0.1]
      [Ext Root Scanning (ms):  0.2  0.2  0.2  0.2  0.2  0.2  0.2  0.2
       Min: 0.2, Avg: 0.2, Max: 0.2, Diff: 0.1, Sum: 1.7]
         [Thread Roots (ms):  0.0  0.1  0.1  0.0  0.0  0.0  0.0  0.1
          Min: 0.0, Avg: 0.0, Max: 0.1, Diff: 0.1, Sum: 0.4]
         [StringTable Roots (ms):  0.0  0.1  0.1  0.2  0.2  0.2  0.2  0.1
          Min: 0.0, Avg: 0.1, Max: 0.2, Diff: 0.2, Sum: 1.0]
         [Universe Roots (ms):  0.0  0.0  0.0  0.0  0.0  0.0  0.0  0.0
          Min: 0.0, Avg: 0.0, Max: 0.0, Diff: 0.0, Sum: 0.0]
         [JNI Handles Roots (ms):  0.0  0.0  0.0  0.0  0.0  0.0  0.0  0.0
          Min: 0.0, Avg: 0.0, Max: 0.0, Diff: 0.0, Sum: 0.0]
         [ObjectSynchronizer Roots (ms):  0.0  0.0  0.0  0.0  0.0  0.0  0.0  0.0
          Min: 0.0, Avg: 0.0, Max: 0.0, Diff: 0.0, Sum: 0.0]
         [FlatProfiler Roots (ms):  0.0  0.0  0.0  0.0  0.0  0.0  0.0  0.0
          Min: 0.0, Avg: 0.0, Max: 0.0, Diff: 0.0, Sum: 0.0]
         [Management Roots (ms):  0.0  0.0  0.0  0.0  0.0  0.0  0.0  0.0
          Min: 0.0, Avg: 0.0, Max: 0.0, Diff: 0.0, Sum: 0.0]
         [SystemDictionary Roots (ms):  0.0  0.1  0.0  0.0  0.0  0.0  0.0  0.0
          Min: 0.0, Avg: 0.0, Max: 0.1, Diff: 0.1, Sum: 0.1]
         [CLDG Roots (ms):  0.2  0.0  0.0  0.0  0.0  0.0  0.0  0.0
          Min: 0.0, Avg: 0.0, Max: 0.2, Diff: 0.2, Sum: 0.2]
         [JVMTI Roots (ms):  0.0  0.0  0.0  0.0  0.0  0.0  0.0  0.0
          Min: 0.0, Avg: 0.0, Max: 0.0, Diff: 0.0, Sum: 0.0]
         [CodeCache Roots (ms):  0.3  0.0  0.4  0.0  0.0  0.4  0.0  0.3
          Min: 0.0, Avg: 0.2, Max: 0.4, Diff: 0.4, Sum: 1.4]
         [CM RefProcessor Roots (ms):  0.0  0.0  0.0  0.0  0.0  0.0  0.0  0.0
          Min: 0.0, Avg: 0.0, Max: 0.0, Diff: 0.0, Sum: 0.0]
         [Wait For Strong CLD (ms):  0.0  0.0  0.0  0.0  0.0  0.0  0.0  0.0
          Min: 0.0, Avg: 0.0, Max: 0.0, Diff: 0.0, Sum: 0.0]
         [Weak CLD Roots (ms):  0.0  0.0  0.0  0.0  0.0  0.0  0.0  0.0
          Min: 0.0, Avg: 0.0, Max: 0.0, Diff: 0.0, Sum: 0.0]
         [SATB Filtering (ms):  0.0  0.0  0.0  0.0  0.0  0.0  0.0  0.0
          Min: 0.0, Avg: 0.0, Max: 0.0, Diff: 0.0, Sum: 0.0]
      [Update RS (ms):  0.3  0.0  0.4  0.0  0.0  0.4  0.0  0.3
       Min: 0.0, Avg: 0.2, Max: 0.4, Diff: 0.4, Sum: 1.3]
         [Processed Buffers:  11  0  3  0  0  2  0  14
          Min: 0, Avg: 3.8, Max: 14, Diff: 14, Sum: 30]
      [Scan RS (ms):  0.0  0.0  0.0  0.0  0.0  0.0  0.0  0.0
       Min: 0.0, Avg: 0.0, Max: 0.0, Diff: 0.0, Sum: 0.1]
      [Code Root Scanning (ms):  0.0  0.0  0.0  0.0  0.0  0.0  0.0  0.0
       Min: 0.0, Avg: 0.0, Max: 0.0, Diff: 0.0, Sum: 0.0]
      [Object Copy (ms):  4.5  4.8  4.4  4.8  4.8  4.4  4.8  4.5
       Min: 4.4, Avg: 4.6, Max: 4.8, Diff: 0.4, Sum: 37.0]
      [Termination (ms):  0.0  0.0  0.0  0.0  0.0  0.0  0.0  0.0
       Min: 0.0, Avg: 0.0, Max: 0.0, Diff: 0.0, Sum: 0.0]
         [Termination Attempts:  5  5  8  4  7  2  8  5
          Min: 2, Avg: 5.5, Max: 8, Diff: 6, Sum: 44]
      [GC Worker Other (ms):  0.0  0.0  0.0  0.0  0.0  0.0  0.0  0.0
       Min: 0.0, Avg: 0.0, Max: 0.0, Diff: 0.0, Sum: 0.2]
      [GC Worker Total (ms):  5.0  5.0  5.1  5.1  5.0  5.0  5.0  5.0
       Min: 5.0, Avg: 5.0, Max: 5.1, Diff: 0.1, Sum: 40.3]
      [GC Worker End (ms):  30525.7  30525.7  30525.8  30525.8  30525.7  30525.7  30525.8  30525.8
       Min: 30525.7, Avg: 30525.7, Max: 30525.8, Diff: 0.0]
   [Code Root Fixup: 0.0 ms]
   [Code Root Purge: 0.0 ms]
   [Clear CT: 0.2 ms]
   [Other: 0.4 ms]
      [Choose CSet: 0.0 ms]
      [Ref Proc: 0.1 ms]
      [Ref Enq: 0.0 ms]
      [Redirty Cards: 0.1 ms]
         [Parallel Redirty:  0.0  0.0  0.0  0.0  0.0  0.0  0.0  0.0
          Min: 0.0, Avg: 0.0, Max: 0.0, Diff: 0.0, Sum: 0.0]
         [Redirtied Cards:  473  0  0  0  0  0  0  0
          Min: 0, Avg: 59.1, Max: 473, Diff: 473, Sum: 473]
      [Humongous Register: 0.0 ms]
         [Humongous Total: 0]
         [Humongous Candidate: 0]
      [Humongous Reclaim: 0.0 ms]
         [Humongous Reclaimed: 0]
      [Free CSet: 0.1 ms]
         [Young Free CSet: 0.1 ms]
         [Non-Young Free CSet: 0.0 ms]
   [Eden: 143.0M(143.0M)->0.0B(139.0M) Survivors: 10.0M->13.0M Heap: 216.5M(256.0M)->77.0M(256.0M)]
 [Times: user=0.04 sys=0.00, real=0.00 secs] 
30.726: [GC pause (G1 Evacuation Pause) (young), 0.0050970 secs]
   [Parallel Time: 4.4 ms, GC Workers: 8]
      [GC Worker Start (ms):  30726.3  30726.3  30726.4  30726.4  30726.4  30726.4  30726.4  30726.4
       Min: 30726.3, Avg: 30726.4, Max: 30726.4, Diff: 0.1]
      [Ext Root Scanning (ms):  0.2  0.2  0.2  0.2  0.2  0.2  0.2  0.2
       Min: 0.2, Avg: 0.2, Max: 0.2, Diff: 0.1, Sum: 1.6]
         [Thread Roots (ms):  0.0  0.1  0.0  0.0  0.0  0.1  0.0  0.1
          Min: 0.0, Avg: 0.0, Max: 0.1, Diff: 0.1, Sum: 0.3]
         [StringTable Roots (ms):  0.0  0.2  0.1  0.2  0.2  0.1  0.2  0.1
          Min: 0.0, Avg: 0.1, Max: 0.2, Diff: 0.2, Sum: 1.0]
         [Universe Roots (ms):  0.0  0.0  0.0  0.0  0.0  0.0  0.0  0.0
          Min: 0.0, Avg: 0.0, Max: 0.0, Diff: 0.0, Sum: 0.0]
         [JNI Handles Roots (ms):  0.0  0.0  0.0  0.0  0.0  0.0  0.0  0.0
          Min: 0.0, Avg: 0.0, Max: 0.0, Diff: 0.0, Sum: 0.0]
         [ObjectSynchronizer Roots (ms):  0.0  0.0  0.0  0.0  0.0  0.0  0.0  0.0
          Min: 0.0, Avg: 0.0, Max: 0.0, Diff: 0.0, Sum: 0.0]
         [FlatProfiler Roots (ms):  0.0  0.0  0.0  0.0  0.0  0.0  0.0  0.0
          Min: 0.0, Avg: 0.0, Max: 0.0, Diff: 0.0, Sum: 0.0]
         [Management Roots (ms):  0.0  0.0  0.0  0.0  0.0  0.0  0.0  0.0
          Min: 0.0, Avg: 0.0, Max: 0.0, Diff: 0.0, Sum: 0.0]
         [SystemDictionary Roots (ms):  0.0  0.0  0.1  0.0  0.0  0.0  0.0  0.0
          Min: 0.0, Avg: 0.0, Max: 0.1, Diff: 0.1, Sum: 0.1]
         [CLDG Roots (ms):  0.2  0.0  0.0  0.0  0.0  0.0  0.0  0.0
          Min: 0.0, Avg: 0.0, Max: 0.2, Diff: 0.2, Sum: 0.2]
         [JVMTI Roots (ms):  0.0  0.0  0.0  0.0  0.0  0.0  0.0  0.0
          Min: 0.0, Avg: 0.0, Max: 0.0, Diff: 0.0, Sum: 0.0]
         [CodeCache Roots (ms):  0.3  0.2  0.2  0.2  0.3  0.4  0.4  0.3
          Min: 0.2, Avg: 0.3, Max: 0.4, Diff: 0.2, Sum: 2.2]
         [CM RefProcessor Roots (ms):  0.0  0.0  0.0  0.0  0.0  0.0  0.0  0.0
          Min: 0.0, Avg: 0.0, Max: 0.0, Diff: 0.0, Sum: 0.0]
         [Wait For Strong CLD (ms):  0.0  0.0  0.0  0.0  0.0  0.0  0.0  0.0
          Min: 0.0, Avg: 0.0, Max: 0.0, Diff: 0.0, Sum: 0.0]
         [Weak CLD Roots (ms):  0.0  0.0  0.0  0.0  0.0  0.0  0.0  0.0
          Min: 0.0, Avg: 0.0, Max: 0.0, Diff: 0.0, Sum: 0.0]
         [SATB Filtering (ms):  0.0  0.0  0.0  0.0  0.0  0.0  0.0  0.0
          Min: 0.0, Avg: 0.0, Max: 0.0, Diff: 0.0, Sum: 0.0]
      [Update RS (ms):  0.2  0.2  0.2  0.2  0.3  0.4  0.4  0.2
       Min: 0.2, Avg: 0.3, Max: 0.4, Diff: 0.3, Sum: 2.1]
         [Processed Buffers:  1  1  1  11  1  1  1  12
          Min: 1, Avg: 3.6, Max: 12, Diff: 11, Sum: 29]
      [Scan RS (ms):  0.0  0.0  0.0  0.0  0.0  0.0  0.0  0.0
       Min: 0.0, Avg: 0.0, Max: 0.0, Diff: 0.0, Sum: 0.1]
      [Code Root Scanning (ms):  0.0  0.0  0.0  0.0  0.0  0.0  0.0  0.0
       Min: 0.0, Avg: 0.0, Max: 0.0, Diff: 0.0, Sum: 0.0]
      [Object Copy (ms):  3.8  3.9  3.8  3.9  3.8  3.7  3.7  3.8
       Min: 3.7, Avg: 3.8, Max: 3.9, Diff: 0.2, Sum: 30.4]
      [Termination (ms):  0.0  0.0  0.0  0.0  0.0  0.0  0.0  0.0
       Min: 0.0, Avg: 0.0, Max: 0.0, Diff: 0.0, Sum: 0.0]
         [Termination Attempts:  9  12  6  5  4  8  4  5
          Min: 4, Avg: 6.6, Max: 12, Diff: 8, Sum: 53]
      [GC Worker Other (ms):  0.0  0.1  0.0  0.0  0.0  0.1  0.0  0.1
       Min: 0.0, Avg: 0.0, Max: 0.1, Diff: 0.0, Sum: 0.3]
      [GC Worker Total (ms):  4.3  4.4  4.3  4.3  4.3  4.3  4.3  4.3
       Min: 4.3, Avg: 4.3, Max: 4.4, Diff: 0.1, Sum: 34.5]
      [GC Worker End (ms):  30730.7  30730.7  30730.7  30730.7  30730.7  30730.7  30730.7  30730.7
       Min: 30730.7, Avg: 30730.7, Max: 30730.7, Diff: 0.0]
   [Code Root Fixup: 0.0 ms]
   [Code Root Purge: 0.0 ms]
   [Clear CT: 0.2 ms]
   [Other: 0.5 ms]
      [Choose CSet: 0.0 ms]
      [Ref Proc: 0.2 ms]
      [Ref Enq: 0.0 ms]
      [Redirty Cards: 0.1 ms]
         [Parallel Redirty:  0.0  0.0  0.0  0.0  0.0  0.0  0.0  0.0
          Min: 0.0, Avg: 0.0, Max: 0.0, Diff: 0.0, Sum: 0.0]
         [Redirtied Cards:  431  0  0  0  0  0  0  0
          Min: 0, Avg: 53.9, Max: 431, Diff: 431, Sum: 431]
      [Humongous Register: 0.0 ms]
         [Humongous Total: 0]
         [Humongous Candidate: 0]
      [Humongous Reclaim: 0.0 ms]
         [Humongous Reclaimed: 0]
      [Free CSet: 0.1 ms]
         [Young Free CSet: 0.1 ms]
         [Non-Young Free CSet: 0.0 ms]
   [Eden: 139.0M(139.0M)->0.0B(142.0M) Survivors: 13.0M->11.0M Heap: 216.0M(256.0M)->75.5M(256.0M)]
 [Times: user=0.04 sys=0.00, real=0.01 secs] 
30.939: [GC pause (G1 Evacuation Pause) (young), 0.0053553 secs]
   [Parallel Time: 4.6 ms, GC Workers: 8]
      [GC Worker Start (ms):  30938.6  30938.6  30938.6  30938.6  30938.6  30938.7  30938.7  30938.7
       Min: 30938.6, Avg: 30938.6, Max: 30938.7, Diff: 0.1]
      [Ext Root Scanning (ms):  0.2  0.2  0.2  0.2  0.2  0.2  0.2  0.2
       Min: 0.2, Avg: 0.2, Max: 0.2, Diff: 0.1, Sum: 1.6]
         [Thread Roots (ms):  0.0  0.1  0.0  0.1  0.1  0.0  0.0  0.0
          Min: 0.0, Avg: 0.0, Max: 0.1, Diff: 0.1, Sum: 0.4]
         [StringTable Roots (ms):  0.0  0.1  0.2  0.1  0.1  0.2  0.1  0.2
          Min: 0.0, Avg: 0.1, Max: 0.2, Diff: 0.2, Sum: 1.0]
         [Universe Roots (ms):  0.0  0.0  0.0  0.0  0.0  0.0  0.0  0.0
          Min: 0.0, Avg: 0.0, Max: 0.0, Diff: 0.0, Sum: 0.0]
         [JNI Handles Roots (ms):  0.0  0.0  0.0  0.0  0.0  0.0  0.0  0.0
          Min: 0.0, Avg: 0.0, Max: 0.0, Diff: 0.0, Sum: 0.0]
         [ObjectSynchronizer Roots (ms):  0.0  0.0  0.0  0.0  0.0  0.0  0.0  0.0
          Min: 0.0, Avg: 0.0, Max: 0.0, Diff: 0.0, Sum: 0.0]
         [FlatProfiler Roots (ms):  0.0  0.0  0.0  0.0  0.0  0.0  0.0  0.0
          Min: 0.0, Avg: 0.0, Max: 0.0, Diff: 0.0, Sum: 0.0]
         [Management Roots (ms):  0.0  0.0  0.0  0.0  0.0  0.0  0.0  0.0
          Min: 0.0, Avg: 0.0, Max: 0.0, Diff: 0.0, Sum: 0.0]
         [SystemDictionary Roots (ms):  0.0  0.0  0.0  0.0  0.0  0.0  0.1  0.0
          Min: 0.0, Avg: 0.0, Max: 0.1, Diff: 0.1, Sum: 0.1]
         [CLDG Roots (ms):  0.2  0.0  0.0  0.0  0.0  0.0  0.0  0.0
          Min: 0.0, Avg: 0.0, Max: 0.2, Diff: 0.2, Sum: 0.2]
         [JVMTI Roots (ms):  0.0  0.0  0.0  0.0  0.0  0.0  0.0  0.0
          Min: 0.0, Avg: 0.0, Max: 0.0, Diff: 0.0, Sum: 0.0]
         [CodeCache Roots (ms):  0.3  0.4  0.2  0.2  0.2  0.2  0.2  0.2
          Min: 0.2, Avg: 0.2, Max: 0.4, Diff: 0.2, Sum: 1.9]
         [CM RefProcessor Roots (ms):  0.0  0.0  0.0  0.0  0.0  0.0  0.0  0.0
          Min: 0.0, Avg: 0.0, Max: 0.0, Diff: 0.0, Sum: 0.0]
         [Wait For Strong CLD (ms):  0.0  0.0  0.0  0.0  0.0  0.0  0.0  0.0
          Min: 0.0, Avg: 0.0, Max: 0.0, Diff: 0.0, Sum: 0.0]
         [Weak CLD Roots (ms):  0.0  0.0  0.0  0.0  0.0  0.0  0.0  0.0
          Min: 0.0, Avg: 0.0, Max: 0.0, Diff: 0.0, Sum: 0.0]
         [SATB Filtering (ms):  0.0  0.0  0.0  0.0  0.0  0.0  0.0  0.0
          Min: 0.0, Avg: 0.0, Max: 0.0, Diff: 0.0, Sum: 0.0]
      [Update RS (ms):  0.3  0.3  0.1  0.2  0.2  0.2  0.2  0.2
       Min: 0.1, Avg: 0.2, Max: 0.3, Diff: 0.2, Sum: 1.7]
         [Processed Buffers:  1  1  13  1  3  1  1  10
          Min: 1, Avg: 3.9, Max: 13, Diff: 12, Sum: 31]
      [Scan RS (ms):  0.0  0.0  0.0  0.0  0.0  0.0  0.0  0.0
       Min: 0.0, Avg: 0.0, Max: 0.0, Diff: 0.0, Sum: 0.1]
      [Code Root Scanning (ms):  0.0  0.0  0.0  0.0  0.0  0.0  0.0  0.0
       Min: 0.0, Avg: 0.0, Max: 0.0, Diff: 0.0, Sum: 0.0]
      [Object Copy (ms):  4.0  3.9  4.1  4.1  4.1  4.1  4.0  4.1
       Min: 3.9, Avg: 4.0, Max: 4.1, Diff: 0.2, Sum: 32.4]
      [Termination (ms):  0.0  0.0  0.0  0.0  0.0  0.0  0.0  0.0
       Min: 0.0, Avg: 0.0, Max: 0.0, Diff: 0.0, Sum: 0.0]
         [Termination Attempts:  13  12  16  19  12  19  21  1
          Min: 1, Avg: 14.1, Max: 21, Diff: 20, Sum: 113]
      [GC Worker Other (ms):  0.0  0.0  0.0  0.0  0.0  0.0  0.0  0.0
       Min: 0.0, Avg: 0.0, Max: 0.0, Diff: 0.0, Sum: 0.2]
      [GC Worker Total (ms):  4.6  4.5  4.5  4.5  4.5  4.5  4.5  4.5
       Min: 4.5, Avg: 4.5, Max: 4.6, Diff: 0.1, Sum: 36.1]
      [GC Worker End (ms):  30943.2  30943.2  30943.2  30943.2  30943.1  30943.1  30943.1  30943.1
       Min: 30943.1, Avg: 30943.2, Max: 30943.2, Diff: 0.0]
   [Code Root Fixup: 0.1 ms]
   [Code Root Purge: 0.0 ms]
   [Clear CT: 0.2 ms]
   [Other: 0.5 ms]
      [Choose CSet: 0.0 ms]
      [Ref Proc: 0.2 ms]
      [Ref Enq: 0.0 ms]
      [Redirty Cards: 0.1 ms]
         [Parallel Redirty:  0.0  0.0  0.0  0.0  0.0  0.0  0.0  0.0
          Min: 0.0, Avg: 0.0, Max: 0.0, Diff: 0.0, Sum: 0.0]
         [Redirtied Cards:  384  0  0  0  0  0  0  0
          Min: 0, Avg: 48.0, Max: 384, Diff: 384, Sum: 384]
      [Humongous Register: 0.0 ms]
         [Humongous Total: 0]
         [Humongous Candidate: 0]
      [Humongous Reclaim: 0.0 ms]
         [Humongous Reclaimed: 0]
      [Free CSet: 0.1 ms]
         [Young Free CSet: 0.1 ms]
         [Non-Young Free CSet: 0.0 ms]
   [Eden: 142.0M(142.0M)->0.0B(142.0M) Survivors: 11.0M->11.0M Heap: 217.5M(256.0M)->76.5M(256.0M)]
 [Times: user=0.03 sys=0.00, real=0.00 secs] 
31.158: [GC pause (GCLocker Initiated GC) (young), 0.0049747 secs]
   [Parallel Time: 4.5 ms, GC Workers: 8]
      [GC Worker Start (ms):  31157.6  31157.6  31157.7  31157.7  31157.7  31157.7  31157.7  31157.7
       Min: 31157.6, Avg: 31157.7, Max: 31157.7, Diff: 0.1]
      [Ext Root Scanning (ms):  0.2  0.2  0.2  0.2  0.2  0.2  0.2  0.2
       Min: 0.2, Avg: 0.2, Max: 0.2, Diff: 0.1, Sum: 1.6]
         [Thread Roots (ms):  0.0  0.1  0.2  0.1  0.0  0.1  0.0  0.0
          Min: 0.0, Avg: 0.1, Max: 0.2, Diff: 0.2, Sum: 0.5]
         [StringTable Roots (ms):  0.0  0.1  0.1  0.2  0.1  0.1  0.2  0.2
          Min: 0.0, Avg: 0.1, Max: 0.2, Diff: 0.1, Sum: 0.9]
         [Universe Roots (ms):  0.0  0.0  0.0  0.0  0.0  0.0  0.0  0.0
          Min: 0.0, Avg: 0.0, Max: 0.0, Diff: 0.0, Sum: 0.0]
         [JNI Handles Roots (ms):  0.0  0.0  0.0  0.0  0.0  0.0  0.0  0.0
          Min: 0.0, Avg: 0.0, Max: 0.0, Diff: 0.0, Sum: 0.0]
         [ObjectSynchronizer Roots (ms):  0.0  0.0  0.0  0.0  0.0  0.0  0.0  0.0
          Min: 0.0, Avg: 0.0, Max: 0.0, Diff: 0.0, Sum: 0.0]
         [FlatProfiler Roots (ms):  0.0  0.0  0.0  0.0  0.0  0.0  0.0  0.0
          Min: 0.0, Avg: 0.0, Max: 0.0, Diff: 0.0, Sum: 0.0]
         [Management Roots (ms):  0.0  0.0  0.0  0.0  0.0  0.0  0.0  0.0
          Min: 0.0, Avg: 0.0, Max: 0.0, Diff: 0.0, Sum: 0.0]
         [SystemDictionary Roots (ms):  0.0  0.0  0.0  0.0  0.1  0.0  0.0  0.0
          Min: 0.0, Avg: 0.0, Max: 0.1, Diff: 0.1, Sum: 0.1]
         [CLDG Roots (ms):  0.2  0.0  0.0  0.0  0.0  0.0  0.0  0.0
          Min: 0.0, Avg: 0.0, Max: 0.2, Diff: 0.2, Sum: 0.2]
         [JVMTI Roots (ms):  0.0  0.0  0.0  0.0  0.0  0.0  0.0  0.0
          Min: 0.0, Avg: 0.0, Max: 0.0, Diff: 0.0, Sum: 0.0]
         [CodeCache Roots (ms):  0.2  0.1  0.2  0.2  0.2  0.2  0.3  0.2
          Min: 0.1, Avg: 0.2, Max: 0.3, Diff: 0.1, Sum: 1.6]
         [CM RefProcessor Roots (ms):  0.0  0.0  0.0  0.0  0.0  0.0  0.0  0.0
          Min: 0.0, Avg: 0.0, Max: 0.0, Diff: 0.0, Sum: 0.0]
         [Wait For Strong CLD (ms):  0.0  0.0  0.0  0.0  0.0  0.0  0.0  0.0
          Min: 0.0, Avg: 0.0, Max: 0.0, Diff: 0.0, Sum: 0.0]
         [Weak CLD Roots (ms):  0.0  0.0  0.0  0.0  0.0  0.0  0.0  0.0
          Min: 0.0, Avg: 0.0, Max: 0.0, Diff: 0.0, Sum: 0.0]
         [SATB Filtering (ms):  0.0  0.0  0.0  0.0  0.0  0.0  0.0  0.0
          Min: 0.0, Avg: 0.0, Max: 0.0, Diff: 0.0, Sum: 0.0]
      [Update RS (ms):  0.2  0.1  0.2  0.1  0.2  0.2  0.3  0.2
       Min: 0.1, Avg: 0.2, Max: 0.3, Diff: 0.2, Sum: 1.5]
         [Processed Buffers:  1  22  1  1  1  1  1  2
          Min: 1, Avg: 3.8, Max: 22, Diff: 21, Sum: 30]
      [Scan RS (ms):  0.0  0.1  0.0  0.0  0.0  0.0  0.0  0.0
       Min: 0.0, Avg: 0.0, Max: 0.1, Diff: 0.1, Sum: 0.1]
      [Code Root Scanning (ms):  0.0  0.0  0.0  0.0  0.0  0.0  0.0  0.0
       Min: 0.0, Avg: 0.0, Max: 0.0, Diff: 0.0, Sum: 0.0]
      [Object Copy (ms):  3.9  4.0  4.0  4.0  3.9  4.0  3.9  3.9
       Min: 3.9, Avg: 3.9, Max: 4.0, Diff: 0.1, Sum: 31.4]
      [Termination (ms):  0.0  0.0  0.0  0.0  0.0  0.0  0.0  0.0
       Min: 0.0, Avg: 0.0, Max: 0.0, Diff: 0.0, Sum: 0.0]
         [Termination Attempts:  17  13  13  14  14  11  9  4
          Min: 4, Avg: 11.9, Max: 17, Diff: 13, Sum: 95]
      [GC Worker Other (ms):  0.0  0.0  0.0  0.0  0.0  0.0  0.0  0.0
       Min: 0.0, Avg: 0.0, Max: 0.0, Diff: 0.0, Sum: 0.2]
      [GC Worker Total (ms):  4.4  4.4  4.4  4.4  4.4  4.3  4.3  4.3
       Min: 4.3, Avg: 4.4, Max: 4.4, Diff: 0.1, Sum: 34.8]
      [GC Worker End (ms):  31162.0  31162.0  31162.0  31162.0  31162.0  31162.0  31162.0  31162.0
       Min: 31162.0, Avg: 31162.0, Max: 31162.0, Diff: 0.0]
   [Code Root Fixup: 0.0 ms]
   [Code Root Purge: 0.0 ms]
   [Clear CT: 0.1 ms]
   [Other: 0.4 ms]
      [Choose CSet: 0.0 ms]
      [Ref Proc: 0.2 ms]
      [Ref Enq: 0.0 ms]
      [Redirty Cards: 0.1 ms]
         [Parallel Redirty:  0.0  0.0  0.0  0.0  0.0  0.0  0.0  0.0
          Min: 0.0, Avg: 0.0, Max: 0.0, Diff: 0.0, Sum: 0.0]
         [Redirtied Cards:  1795  0  0  0  0  0  0  0
          Min: 0, Avg: 224.4, Max: 1795, Diff: 1795, Sum: 1795]
      [Humongous Register: 0.0 ms]
         [Humongous Total: 0]
         [Humongous Candidate: 0]
      [Humongous Reclaim: 0.0 ms]
         [Humongous Reclaimed: 0]
      [Free CSet: 0.1 ms]
         [Young Free CSet: 0.1 ms]
         [Non-Young Free CSet: 0.0 ms]
   [Eden: 142.0M(142.0M)->0.0B(143.0M) Survivors: 11.0M->10.0M Heap: 218.5M(256.0M)->76.9M(256.0M)]
 [Times: user=0.04 sys=0.00, real=0.01 secs] 
31.368: [GC pause (G1 Evacuation Pause) (young), 0.0064789 secs]
   [Parallel Time: 5.9 ms, GC Workers: 8]
      [GC Worker Start (ms):  31368.0  31368.0  31368.0  31368.0  31368.0  31368.0  31368.0  31368.0
       Min: 31368.0, Avg: 31368.0, Max: 31368.0, Diff: 0.1]
      [Ext Root Scanning (ms):  0.3  0.3  0.3  0.3  0.3  0.3  0.3  0.2
       Min: 0.2, Avg: 0.3, Max: 0.3, Diff: 0.1, Sum: 2.3]
         [Thread Roots (ms):  0.0  0.3  0.3  0.1  0.3  0.3  0.1  0.1
          Min: 0.0, Avg: 0.2, Max: 0.3, Diff: 0.3, Sum: 1.4]
         [StringTable Roots (ms):  0.1  0.0  0.0  0.2  0.0  0.0  0.2  0.2
          Min: 0.0, Avg: 0.1, Max: 0.2, Diff: 0.2, Sum: 0.6]
         [Universe Roots (ms):  0.0  0.0  0.0  0.0  0.0  0.0  0.0  0.0
          Min: 0.0, Avg: 0.0, Max: 0.0, Diff: 0.0, Sum: 0.0]
         [JNI Handles Roots (ms):  0.0  0.0  0.0  0.0  0.0  0.0  0.0  0.0
          Min: 0.0, Avg: 0.0, Max: 0.0, Diff: 0.0, Sum: 0.0]
         [ObjectSynchronizer Roots (ms):  0.0  0.0  0.0  0.0  0.0  0.0  0.0  0.0
          Min: 0.0, Avg: 0.0, Max: 0.0, Diff: 0.0, Sum: 0.0]
         [FlatProfiler Roots (ms):  0.0  0.0  0.0  0.0  0.0  0.0  0.0  0.0
          Min: 0.0, Avg: 0.0, Max: 0.0, Diff: 0.0, Sum: 0.0]
         [Management Roots (ms):  0.0  0.0  0.0  0.0  0.0  0.0  0.0  0.0
          Min: 0.0, Avg: 0.0, Max: 0.0, Diff: 0.0, Sum: 0.0]
         [SystemDictionary Roots (ms):  0.0  0.0  0.0  0.0  0.0  0.0  0.0  0.0
          Min: 0.0, Avg: 0.0, Max: 0.0, Diff: 0.0, Sum: 0.0]
         [CLDG Roots (ms):  0.2  0.0  0.0  0.0  0.0  0.0  0.0  0.0
          Min: 0.0, Avg: 0.0, Max: 0.2, Diff: 0.2, Sum: 0.2]
         [JVMTI Roots (ms):  0.0  0.0  0.0  0.0  0.0  0.0  0.0  0.0
          Min: 0.0, Avg: 0.0, Max: 0.0, Diff: 0.0, Sum: 0.0]
         [CodeCache Roots (ms):  1.1  0.7  0.9  0.7  0.9  0.7  0.9  0.9
          Min: 0.7, Avg: 0.9, Max: 1.1, Diff: 0.4, Sum: 6.9]
         [CM RefProcessor Roots (ms):  0.0  0.0  0.0  0.0  0.0  0.0  0.0  0.0
          Min: 0.0, Avg: 0.0, Max: 0.0, Diff: 0.0, Sum: 0.0]
         [Wait For Strong CLD (ms):  0.0  0.0  0.0  0.0  0.0  0.0  0.0  0.0
          Min: 0.0, Avg: 0.0, Max: 0.0, Diff: 0.0, Sum: 0.0]
         [Weak CLD Roots (ms):  0.0  0.0  0.0  0.0  0.0  0.0  0.0  0.0
          Min: 0.0, Avg: 0.0, Max: 0.0, Diff: 0.0, Sum: 0.0]
         [SATB Filtering (ms):  0.0  0.0  0.0  0.0  0.0  0.0  0.0  0.0
          Min: 0.0, Avg: 0.0, Max: 0.0, Diff: 0.0, Sum: 0.0]
      [Update RS (ms):  1.1  0.7  0.9  0.7  0.9  0.7  0.9  0.9
       Min: 0.7, Avg: 0.8, Max: 1.1, Diff: 0.4, Sum: 6.8]
         [Processed Buffers:  1  2  3  1  1  23  1  1
          Min: 1, Avg: 4.1, Max: 23, Diff: 22, Sum: 33]
      [Scan RS (ms):  0.0  0.0  0.0  0.0  0.0  0.0  0.0  0.0
       Min: 0.0, Avg: 0.0, Max: 0.0, Diff: 0.0, Sum: 0.1]
      [Code Root Scanning (ms):  0.0  0.0  0.0  0.0  0.0  0.0  0.0  0.0
       Min: 0.0, Avg: 0.0, Max: 0.0, Diff: 0.0, Sum: 0.0]
      [Object Copy (ms):  4.3  4.7  4.5  4.7  4.5  4.7  4.6  4.5
       Min: 4.3, Avg: 4.6, Max: 4.7, Diff: 0.4, Sum: 36.5]
      [Termination (ms):  0.1  0.1  0.1  0.1  0.1  0.1  0.0  0.1
       Min: 0.0, Avg: 0.1, Max: 0.1, Diff: 0.1, Sum: 0.7]
         [Termination Attempts:  12  9  15  10  12  1  1  12
          Min: 1, Avg: 9.0, Max: 15, Diff: 14, Sum: 72]
      [GC Worker Other (ms):  0.0  0.0  0.0  0.0  0.0  0.0  0.0  0.0
       Min: 0.0, Avg: 0.0, Max: 0.0, Diff: 0.0, Sum: 0.1]
      [GC Worker Total (ms):  5.9  5.8  5.8  5.8  5.8  5.8  5.8  5.8
       Min: 5.8, Avg: 5.8, Max: 5.9, Diff: 0.1, Sum: 46.5]
      [GC Worker End (ms):  31373.8  31373.8  31373.8  31373.8  31373.8  31373.8  31373.8  31373.8
       Min: 31373.8, Avg: 31373.8, Max: 31373.8, Diff: 0.0]
   [Code Root Fixup: 0.0 ms]
   [Code Root Purge: 0.0 ms]
   [Clear CT: 0.1 ms]
   [Other: 0.4 ms]
      [Choose CSet: 0.0 ms]
      [Ref Proc: 0.2 ms]
      [Ref Enq: 0.0 ms]
      [Redirty Cards: 0.1 ms]
         [Parallel Redirty:  0.0  0.0  0.0  0.0  0.0  0.0  0.0  0.0
          Min: 0.0, Avg: 0.0, Max: 0.0, Diff: 0.0, Sum: 0.0]
         [Redirtied Cards:  2886  279  0  0  0  0  0  0
          Min: 0, Avg: 395.6, Max: 2886, Diff: 2886, Sum: 3165]
      [Humongous Register: 0.0 ms]
         [Humongous Total: 0]
         [Humongous Candidate: 0]
      [Humongous Reclaim: 0.0 ms]
         [Humongous Reclaimed: 0]
      [Free CSet: 0.1 ms]
         [Young Free CSet: 0.1 ms]
         [Non-Young Free CSet: 0.0 ms]
   [Eden: 143.0M(143.0M)->0.0B(144.0M) Survivors: 10.0M->8192.0K Heap: 219.9M(256.0M)->77.1M(256.0M)]
 [Times: user=0.04 sys=0.00, real=0.00 secs] 
31.585: [GC pause (G1 Evacuation Pause) (young), 0.0060197 secs]
   [Parallel Time: 5.4 ms, GC Workers: 8]
      [GC Worker Start (ms):  31585.0  31585.0  31585.0  31585.0  31585.0  31585.0  31585.0  31585.0
       Min: 31585.0, Avg: 31585.0, Max: 31585.0, Diff: 0.1]
      [Ext Root Scanning (ms):  0.3  0.2  0.2  0.2  0.2  0.2  0.2  0.2
       Min: 0.2, Avg: 0.2, Max: 0.3, Diff: 0.1, Sum: 1.7]
         [Thread Roots (ms):  0.0  0.1  0.1  0.1  0.0  0.1  0.0  0.0
          Min: 0.0, Avg: 0.0, Max: 0.1, Diff: 0.1, Sum: 0.4]
         [StringTable Roots (ms):  0.0  0.2  0.1  0.2  0.2  0.1  0.2  0.2
          Min: 0.0, Avg: 0.1, Max: 0.2, Diff: 0.2, Sum: 1.1]
         [Universe Roots (ms):  0.0  0.0  0.0  0.0  0.0  0.0  0.0  0.0
          Min: 0.0, Avg: 0.0, Max: 0.0, Diff: 0.0, Sum: 0.0]
         [JNI Handles Roots (ms):  0.0  0.0  0.0  0.0  0.0  0.0  0.0  0.0
          Min: 0.0, Avg: 0.0, Max: 0.0, Diff: 0.0, Sum: 0.0]
         [ObjectSynchronizer Roots (ms):  0.0  0.0  0.0  0.0  0.0  0.0  0.0  0.0
          Min: 0.0, Avg: 0.0, Max: 0.0, Diff: 0.0, Sum: 0.0]
         [FlatProfiler Roots (ms):  0.0  0.0  0.0  0.0  0.0  0.0  0.0  0.0
          Min: 0.0, Avg: 0.0, Max: 0.0, Diff: 0.0, Sum: 0.0]
         [Management Roots (ms):  0.0  0.0  0.0  0.0  0.0  0.0  0.0  0.0
          Min: 0.0, Avg: 0.0, Max: 0.0, Diff: 0.0, Sum: 0.0]
         [SystemDictionary Roots (ms):  0.0  0.0  0.1  0.0  0.0  0.0  0.0  0.0
          Min: 0.0, Avg: 0.0, Max: 0.1, Diff: 0.1, Sum: 0.1]
         [CLDG Roots (ms):  0.2  0.0  0.0  0.0  0.0  0.0  0.0  0.0
          Min: 0.0, Avg: 0.0, Max: 0.2, Diff: 0.2, Sum: 0.2]
         [JVMTI Roots (ms):  0.0  0.0  0.0  0.0  0.0  0.0  0.0  0.0
          Min: 0.0, Avg: 0.0, Max: 0.0, Diff: 0.0, Sum: 0.0]
         [CodeCache Roots (ms):  1.9  1.4  2.1  1.5  1.4  1.5  1.4  1.4
          Min: 1.4, Avg: 1.6, Max: 2.1, Diff: 0.7, Sum: 12.5]
         [CM RefProcessor Roots (ms):  0.0  0.0  0.0  0.0  0.0  0.0  0.0  0.0
          Min: 0.0, Avg: 0.0, Max: 0.0, Diff: 0.0, Sum: 0.0]
         [Wait For Strong CLD (ms):  0.0  0.0  0.0  0.0  0.0  0.0  0.0  0.0
          Min: 0.0, Avg: 0.0, Max: 0.0, Diff: 0.0, Sum: 0.0]
         [Weak CLD Roots (ms):  0.0  0.0  0.0  0.0  0.0  0.0  0.0  0.0
          Min: 0.0, Avg: 0.0, Max: 0.0, Diff: 0.0, Sum: 0.0]
         [SATB Filtering (ms):  0.0  0.0  0.0  0.0  0.0  0.0  0.0  0.0
          Min: 0.0, Avg: 0.0, Max: 0.0, Diff: 0.0, Sum: 0.0]
      [Update RS (ms):  1.8  1.4  2.1  1.5  1.4  1.5  1.4  1.4
       Min: 1.4, Avg: 1.6, Max: 2.1, Diff: 0.7, Sum: 12.4]
         [Processed Buffers:  2  2  3  2  19  2  9  2
          Min: 2, Avg: 5.1, Max: 19, Diff: 17, Sum: 41]
      [Scan RS (ms):  0.0  0.0  0.0  0.0  0.0  0.0  0.0  0.0
       Min: 0.0, Avg: 0.0, Max: 0.0, Diff: 0.0, Sum: 0.1]
      [Code Root Scanning (ms):  0.0  0.0  0.0  0.0  0.0  0.0  0.0  0.0
       Min: 0.0, Avg: 0.0, Max: 0.0, Diff: 0.0, Sum: 0.0]
      [Object Copy (ms):  3.3  3.7  3.0  3.7  3.7  3.6  3.7  3.7
       Min: 3.0, Avg: 3.6, Max: 3.7, Diff: 0.7, Sum: 28.4]
      [Termination (ms):  0.0  0.0  0.0  0.0  0.0  0.0  0.0  0.0
       Min: 0.0, Avg: 0.0, Max: 0.0, Diff: 0.0, Sum: 0.0]
         [Termination Attempts:  4  2  1  3  4  5  5  4
          Min: 1, Avg: 3.5, Max: 5, Diff: 4, Sum: 28]
      [GC Worker Other (ms):  0.0  0.0  0.0  0.0  0.0  0.0  0.0  0.0
       Min: 0.0, Avg: 0.0, Max: 0.0, Diff: 0.0, Sum: 0.2]
      [GC Worker Total (ms):  5.4  5.4  5.4  5.3  5.4  5.4  5.3  5.3
       Min: 5.3, Avg: 5.4, Max: 5.4, Diff: 0.1, Sum: 42.8]
      [GC Worker End (ms):  31590.4  31590.4  31590.4  31590.3  31590.4  31590.4  31590.4  31590.3
       Min: 31590.3, Avg: 31590.4, Max: 31590.4, Diff: 0.0]
   [Code Root Fixup: 0.0 ms]
   [Code Root Purge: 0.0 ms]
   [Clear CT: 0.1 ms]
   [Other: 0.4 ms]
      [Choose CSet: 0.0 ms]
      [Ref Proc: 0.1 ms]
      [Ref Enq: 0.0 ms]
      [Redirty Cards: 0.1 ms]
         [Parallel Redirty:  0.0  0.0  0.0  0.0  0.0  0.0  0.0  0.0
          Min: 0.0, Avg: 0.0, Max: 0.0, Diff: 0.0, Sum: 0.0]
         [Redirtied Cards:  788  0  0  0  0  0  0  0
          Min: 0, Avg: 98.5, Max: 788, Diff: 788, Sum: 788]
      [Humongous Register: 0.0 ms]
         [Humongous Total: 0]
         [Humongous Candidate: 0]
      [Humongous Reclaim: 0.0 ms]
         [Humongous Reclaimed: 0]
      [Free CSet: 0.1 ms]
         [Young Free CSet: 0.1 ms]
         [Non-Young Free CSet: 0.0 ms]
   [Eden: 144.0M(144.0M)->0.0B(142.0M) Survivors: 8192.0K->9216.0K Heap: 221.1M(256.0M)->78.7M(256.0M)]
 [Times: user=0.04 sys=0.00, real=0.01 secs] 
31.797: [GC pause (G1 Evacuation Pause) (young), 0.0052487 secs]
   [Parallel Time: 4.7 ms, GC Workers: 8]
      [GC Worker Start (ms):  31797.3  31797.3  31797.3  31797.3  31797.4  31797.4  31797.4  31797.4
       Min: 31797.3, Avg: 31797.4, Max: 31797.4, Diff: 0.1]
      [Ext Root Scanning (ms):  0.3  0.2  0.2  0.2  0.2  0.2  0.2  0.2
       Min: 0.2, Avg: 0.2, Max: 0.3, Diff: 0.1, Sum: 1.7]
         [Thread Roots (ms):  0.0  0.1  0.1  0.1  0.1  0.1  0.0  0.0
          Min: 0.0, Avg: 0.1, Max: 0.1, Diff: 0.1, Sum: 0.4]
         [StringTable Roots (ms):  0.1  0.1  0.2  0.1  0.2  0.1  0.1  0.2
          Min: 0.1, Avg: 0.1, Max: 0.2, Diff: 0.1, Sum: 1.0]
         [Universe Roots (ms):  0.0  0.0  0.0  0.0  0.0  0.0  0.0  0.0
          Min: 0.0, Avg: 0.0, Max: 0.0, Diff: 0.0, Sum: 0.0]
         [JNI Handles Roots (ms):  0.0  0.0  0.0  0.0  0.0  0.0  0.0  0.0
          Min: 0.0, Avg: 0.0, Max: 0.0, Diff: 0.0, Sum: 0.0]
         [ObjectSynchronizer Roots (ms):  0.0  0.0  0.0  0.0  0.0  0.0  0.0  0.0
          Min: 0.0, Avg: 0.0, Max: 0.0, Diff: 0.0, Sum: 0.0]
         [FlatProfiler Roots (ms):  0.0  0.0  0.0  0.0  0.0  0.0  0.0  0.0
          Min: 0.0, Avg: 0.0, Max: 0.0, Diff: 0.0, Sum: 0.0]
         [Management Roots (ms):  0.0  0.0  0.0  0.0  0.0  0.0  0.0  0.0
          Min: 0.0, Avg: 0.0, Max: 0.0, Diff: 0.0, Sum: 0.0]
         [SystemDictionary Roots (ms):  0.0  0.0  0.0  0.0  0.0  0.0  0.1  0.0
          Min: 0.0, Avg: 0.0, Max: 0.1, Diff: 0.1, Sum: 0.1]
         [CLDG Roots (ms):  0.2  0.0  0.0  0.0  0.0  0.0  0.0  0.0
          Min: 0.0, Avg: 0.0, Max: 0.2, Diff: 0.2, Sum: 0.2]
         [JVMTI Roots (ms):  0.0  0.0  0.0  0.0  0.0  0.0  0.0  0.0
          Min: 0.0, Avg: 0.0, Max: 0.0, Diff: 0.0, Sum: 0.0]
         [CodeCache Roots (ms):  0.5  0.5  0.6  0.5  0.5  0.5  0.5  0.5
          Min: 0.5, Avg: 0.5, Max: 0.6, Diff: 0.1, Sum: 4.0]
         [CM RefProcessor Roots (ms):  0.0  0.0  0.0  0.0  0.0  0.0  0.0  0.0
          Min: 0.0, Avg: 0.0, Max: 0.0, Diff: 0.0, Sum: 0.0]
         [Wait For Strong CLD (ms):  0.0  0.0  0.0  0.0  0.0  0.0  0.0  0.0
          Min: 0.0, Avg: 0.0, Max: 0.0, Diff: 0.0, Sum: 0.0]
         [Weak CLD Roots (ms):  0.0  0.0  0.0  0.0  0.0  0.0  0.0  0.0
          Min: 0.0, Avg: 0.0, Max: 0.0, Diff: 0.0, Sum: 0.0]
         [SATB Filtering (ms):  0.0  0.0  0.0  0.0  0.0  0.0  0.0  0.0
          Min: 0.0, Avg: 0.0, Max: 0.0, Diff: 0.0, Sum: 0.0]
      [Update RS (ms):  0.5  0.4  0.6  0.5  0.4  0.5  0.5  0.5
       Min: 0.4, Avg: 0.5, Max: 0.6, Diff: 0.1, Sum: 3.8]
         [Processed Buffers:  1  15  1  1  4  8  1  1
          Min: 1, Avg: 4.0, Max: 15, Diff: 14, Sum: 32]
      [Scan RS (ms):  0.0  0.0  0.0  0.0  0.0  0.0  0.0  0.0
       Min: 0.0, Avg: 0.0, Max: 0.0, Diff: 0.0, Sum: 0.1]
      [Code Root Scanning (ms):  0.0  0.0  0.0  0.0  0.0  0.0  0.0  0.0
       Min: 0.0, Avg: 0.0, Max: 0.0, Diff: 0.0, Sum: 0.0]
      [Object Copy (ms):  3.8  3.8  3.7  3.8  3.8  3.8  3.8  3.9
       Min: 3.7, Avg: 3.8, Max: 3.9, Diff: 0.1, Sum: 30.5]
      [Termination (ms):  0.0  0.0  0.0  0.0  0.0  0.0  0.0  0.0
       Min: 0.0, Avg: 0.0, Max: 0.0, Diff: 0.0, Sum: 0.0]
         [Termination Attempts:  4  1  1  1  1  1  1  2
          Min: 1, Avg: 1.5, Max: 4, Diff: 3, Sum: 12]
      [GC Worker Other (ms):  0.1  0.0  0.0  0.0  0.0  0.1  0.1  0.0
       Min: 0.0, Avg: 0.0, Max: 0.1, Diff: 0.0, Sum: 0.3]
      [GC Worker Total (ms):  4.6  4.6  4.5  4.5  4.6  4.6  4.5  4.5
       Min: 4.5, Avg: 4.6, Max: 4.6, Diff: 0.1, Sum: 36.5]
      [GC Worker End (ms):  31801.9  31801.9  31801.9  31801.9  31801.9  31801.9  31801.9  31801.9
       Min: 31801.9, Avg: 31801.9, Max: 31801.9, Diff: 0.0]
   [Code Root Fixup: 0.0 ms]
   [Code Root Purge: 0.0 ms]
   [Clear CT: 0.1 ms]
   [Other: 0.4 ms]
      [Choose CSet: 0.0 ms]
      [Ref Proc: 0.2 ms]
      [Ref Enq: 0.0 ms]
      [Redirty Cards: 0.1 ms]
         [Parallel Redirty:  0.0  0.0  0.0  0.0  0.0  0.0  0.0  0.0
          Min: 0.0, Avg: 0.0, Max: 0.0, Diff: 0.0, Sum: 0.0]
         [Redirtied Cards:  801  0  0  0  0  0  0  0
          Min: 0, Avg: 100.1, Max: 801, Diff: 801, Sum: 801]
      [Humongous Register: 0.0 ms]
         [Humongous Total: 0]
         [Humongous Candidate: 0]
      [Humongous Reclaim: 0.0 ms]
         [Humongous Reclaimed: 0]
      [Free CSet: 0.1 ms]
         [Young Free CSet: 0.1 ms]
         [Non-Young Free CSet: 0.0 ms]
   [Eden: 142.0M(142.0M)->0.0B(143.0M) Survivors: 9216.0K->8192.0K Heap: 220.7M(256.0M)->78.2M(256.0M)]
 [Times: user=0.04 sys=0.00, real=0.01 secs] 
32.007: [GC pause (G1 Evacuation Pause) (young), 0.0050057 secs]
   [Parallel Time: 4.4 ms, GC Workers: 8]
      [GC Worker Start (ms):  32007.2  32007.2  32007.2  32007.3  32007.3  32007.3  32007.3  32007.3
       Min: 32007.2, Avg: 32007.3, Max: 32007.3, Diff: 0.1]
      [Ext Root Scanning (ms):  0.2  0.2  0.2  0.2  0.2  0.2  0.2  0.2
       Min: 0.2, Avg: 0.2, Max: 0.2, Diff: 0.1, Sum: 1.6]
         [Thread Roots (ms):  0.0  0.1  0.1  0.0  0.0  0.0  0.0  0.1
          Min: 0.0, Avg: 0.0, Max: 0.1, Diff: 0.1, Sum: 0.3]
         [StringTable Roots (ms):  0.0  0.2  0.2  0.1  0.2  0.1  0.2  0.1
          Min: 0.0, Avg: 0.1, Max: 0.2, Diff: 0.2, Sum: 1.0]
         [Universe Roots (ms):  0.0  0.0  0.0  0.0  0.0  0.0  0.0  0.0
          Min: 0.0, Avg: 0.0, Max: 0.0, Diff: 0.0, Sum: 0.0]
         [JNI Handles Roots (ms):  0.0  0.0  0.0  0.0  0.0  0.0  0.0  0.0
          Min: 0.0, Avg: 0.0, Max: 0.0, Diff: 0.0, Sum: 0.0]
         [ObjectSynchronizer Roots (ms):  0.0  0.0  0.0  0.0  0.0  0.0  0.0  0.0
          Min: 0.0, Avg: 0.0, Max: 0.0, Diff: 0.0, Sum: 0.0]
         [FlatProfiler Roots (ms):  0.0  0.0  0.0  0.0  0.0  0.0  0.0  0.0
          Min: 0.0, Avg: 0.0, Max: 0.0, Diff: 0.0, Sum: 0.0]
         [Management Roots (ms):  0.0  0.0  0.0  0.0  0.0  0.0  0.0  0.0
          Min: 0.0, Avg: 0.0, Max: 0.0, Diff: 0.0, Sum: 0.0]
         [SystemDictionary Roots (ms):  0.0  0.0  0.0  0.1  0.0  0.0  0.0  0.0
          Min: 0.0, Avg: 0.0, Max: 0.1, Diff: 0.1, Sum: 0.1]
         [CLDG Roots (ms):  0.2  0.0  0.0  0.0  0.0  0.0  0.0  0.0
          Min: 0.0, Avg: 0.0, Max: 0.2, Diff: 0.2, Sum: 0.2]
         [JVMTI Roots (ms):  0.0  0.0  0.0  0.0  0.0  0.0  0.0  0.0
          Min: 0.0, Avg: 0.0, Max: 0.0, Diff: 0.0, Sum: 0.0]
         [CodeCache Roots (ms):  0.5  0.5  0.5  0.5  0.5  0.6  0.6  0.5
          Min: 0.5, Avg: 0.5, Max: 0.6, Diff: 0.1, Sum: 4.2]
         [CM RefProcessor Roots (ms):  0.0  0.0  0.0  0.0  0.0  0.0  0.0  0.0
          Min: 0.0, Avg: 0.0, Max: 0.0, Diff: 0.0, Sum: 0.0]
         [Wait For Strong CLD (ms):  0.0  0.0  0.0  0.0  0.0  0.0  0.0  0.0
          Min: 0.0, Avg: 0.0, Max: 0.0, Diff: 0.0, Sum: 0.0]
         [Weak CLD Roots (ms):  0.0  0.0  0.0  0.0  0.0  0.0  0.0  0.0
          Min: 0.0, Avg: 0.0, Max: 0.0, Diff: 0.0, Sum: 0.0]
         [SATB Filtering (ms):  0.0  0.0  0.0  0.0  0.0  0.0  0.0  0.0
          Min: 0.0, Avg: 0.0, Max: 0.0, Diff: 0.0, Sum: 0.0]
      [Update RS (ms):  0.4  0.5  0.5  0.5  0.4  0.6  0.6  0.5
       Min: 0.4, Avg: 0.5, Max: 0.6, Diff: 0.2, Sum: 4.0]
         [Processed Buffers:  18  1  1  1  6  1  1  1
          Min: 1, Avg: 3.8, Max: 18, Diff: 17, Sum: 30]
      [Scan RS (ms):  0.1  0.0  0.0  0.0  0.0  0.0  0.0  0.0
       Min: 0.0, Avg: 0.0, Max: 0.1, Diff: 0.1, Sum: 0.1]
      [Code Root Scanning (ms):  0.0  0.0  0.0  0.0  0.0  0.0  0.0  0.0
       Min: 0.0, Avg: 0.0, Max: 0.0, Diff: 0.0, Sum: 0.0]
      [Object Copy (ms):  3.6  3.6  3.7  3.6  3.6  3.5  3.5  3.6
       Min: 3.5, Avg: 3.6, Max: 3.7, Diff: 0.2, Sum: 28.7]
      [Termination (ms):  0.1  0.1  0.0  0.1  0.1  0.1  0.1  0.1
       Min: 0.0, Avg: 0.1, Max: 0.1, Diff: 0.1, Sum: 0.6]
         [Termination Attempts:  1  1  1  1  1  1  1  1
          Min: 1, Avg: 1.0, Max: 1, Diff: 0, Sum: 8]
      [GC Worker Other (ms):  0.0  0.0  0.0  0.0  0.0  0.0  0.0  0.0
       Min: 0.0, Avg: 0.0, Max: 0.0, Diff: 0.0, Sum: 0.1]
      [GC Worker Total (ms):  4.4  4.4  4.4  4.4  4.4  4.4  4.4  4.4
       Min: 4.4, Avg: 4.4, Max: 4.4, Diff: 0.1, Sum: 35.1]
      [GC Worker End (ms):  32011.6  32011.6  32011.6  32011.6  32011.6  32011.6  32011.6  32011.6
       Min: 32011.6, Avg: 32011.6, Max: 32011.6, Diff: 0.0]
   [Code Root Fixup: 0.0 ms]
   [Code Root Purge: 0.0 ms]
   [Clear CT: 0.1 ms]
   [Other: 0.4 ms]
      [Choose CSet: 0.0 ms]
      [Ref Proc: 0.2 ms]
      [Ref Enq: 0.0 ms]
      [Redirty Cards: 0.1 ms]
         [Parallel Redirty:  0.0  0.0  0.0  0.0  0.0  0.0  0.0  0.0
          Min: 0.0, Avg: 0.0, Max: 0.0, Diff: 0.0, Sum: 0.0]
         [Redirtied Cards:  787  0  0  0  0  0  0  0
          Min: 0, Avg: 98.4, Max: 787, Diff: 787, Sum: 787]
      [Humongous Register: 0.0 ms]
         [Humongous Total: 0]
         [Humongous Candidate: 0]
      [Humongous Reclaim: 0.0 ms]
         [Humongous Reclaimed: 0]
      [Free CSet: 0.1 ms]
         [Young Free CSet: 0.1 ms]
         [Non-Young Free CSet: 0.0 ms]
   [Eden: 143.0M(143.0M)->0.0B(143.0M) Survivors: 8192.0K->8192.0K Heap: 221.2M(256.0M)->78.7M(256.0M)]
 [Times: user=0.03 sys=0.00, real=0.01 secs] 
32.225: [GC pause (G1 Evacuation Pause) (young), 0.0053943 secs]
   [Parallel Time: 4.8 ms, GC Workers: 8]
      [GC Worker Start (ms):  32225.2  32225.2  32225.2  32225.3  32225.3  32225.3  32225.3  32225.3
       Min: 32225.2, Avg: 32225.3, Max: 32225.3, Diff: 0.1]
      [Ext Root Scanning (ms):  0.2  0.2  0.2  0.2  0.2  0.2  0.2  0.2
       Min: 0.2, Avg: 0.2, Max: 0.2, Diff: 0.1, Sum: 1.6]
         [Thread Roots (ms):  0.0  0.1  0.1  0.0  0.0  0.0  0.0  0.0
          Min: 0.0, Avg: 0.0, Max: 0.1, Diff: 0.1, Sum: 0.3]
         [StringTable Roots (ms):  0.0  0.1  0.1  0.2  0.2  0.2  0.2  0.1
          Min: 0.0, Avg: 0.1, Max: 0.2, Diff: 0.1, Sum: 1.0]
         [Universe Roots (ms):  0.0  0.0  0.0  0.0  0.0  0.0  0.0  0.0
          Min: 0.0, Avg: 0.0, Max: 0.0, Diff: 0.0, Sum: 0.0]
         [JNI Handles Roots (ms):  0.0  0.0  0.0  0.0  0.0  0.0  0.0  0.0
          Min: 0.0, Avg: 0.0, Max: 0.0, Diff: 0.0, Sum: 0.0]
         [ObjectSynchronizer Roots (ms):  0.0  0.0  0.0  0.0  0.0  0.0  0.0  0.0
          Min: 0.0, Avg: 0.0, Max: 0.0, Diff: 0.0, Sum: 0.0]
         [FlatProfiler Roots (ms):  0.0  0.0  0.0  0.0  0.0  0.0  0.0  0.0
          Min: 0.0, Avg: 0.0, Max: 0.0, Diff: 0.0, Sum: 0.0]
         [Management Roots (ms):  0.0  0.0  0.0  0.0  0.0  0.0  0.0  0.0
          Min: 0.0, Avg: 0.0, Max: 0.0, Diff: 0.0, Sum: 0.0]
         [SystemDictionary Roots (ms):  0.0  0.0  0.1  0.0  0.0  0.0  0.0  0.0
          Min: 0.0, Avg: 0.0, Max: 0.1, Diff: 0.1, Sum: 0.1]
         [CLDG Roots (ms):  0.2  0.0  0.0  0.0  0.0  0.0  0.0  0.0
          Min: 0.0, Avg: 0.0, Max: 0.2, Diff: 0.2, Sum: 0.2]
         [JVMTI Roots (ms):  0.0  0.0  0.0  0.0  0.0  0.0  0.0  0.0
          Min: 0.0, Avg: 0.0, Max: 0.0, Diff: 0.0, Sum: 0.0]
         [CodeCache Roots (ms):  0.7  0.6  0.0  0.0  0.6  0.0  0.6  0.6
          Min: 0.0, Avg: 0.4, Max: 0.7, Diff: 0.6, Sum: 3.0]
         [CM RefProcessor Roots (ms):  0.0  0.0  0.0  0.0  0.0  0.0  0.0  0.0
          Min: 0.0, Avg: 0.0, Max: 0.0, Diff: 0.0, Sum: 0.0]
         [Wait For Strong CLD (ms):  0.0  0.0  0.0  0.0  0.0  0.0  0.0  0.0
          Min: 0.0, Avg: 0.0, Max: 0.0, Diff: 0.0, Sum: 0.0]
         [Weak CLD Roots (ms):  0.0  0.0  0.0  0.0  0.0  0.0  0.0  0.0
          Min: 0.0, Avg: 0.0, Max: 0.0, Diff: 0.0, Sum: 0.0]
         [SATB Filtering (ms):  0.0  0.0  0.0  0.0  0.0  0.0  0.0  0.0
          Min: 0.0, Avg: 0.0, Max: 0.0, Diff: 0.0, Sum: 0.0]
      [Update RS (ms):  0.6  0.5  0.0  0.0  0.6  0.0  0.6  0.5
       Min: 0.0, Avg: 0.4, Max: 0.6, Diff: 0.6, Sum: 2.9]
         [Processed Buffers:  2  2  0  0  2  0  20  4
          Min: 0, Avg: 3.8, Max: 20, Diff: 20, Sum: 30]
      [Scan RS (ms):  0.0  0.0  0.0  0.0  0.0  0.0  0.0  0.0
       Min: 0.0, Avg: 0.0, Max: 0.0, Diff: 0.0, Sum: 0.1]
      [Code Root Scanning (ms):  0.0  0.0  0.0  0.0  0.0  0.0  0.0  0.0
       Min: 0.0, Avg: 0.0, Max: 0.0, Diff: 0.0, Sum: 0.0]
      [Object Copy (ms):  3.8  3.9  4.4  4.5  3.9  4.5  3.9  3.9
       Min: 3.8, Avg: 4.1, Max: 4.5, Diff: 0.7, Sum: 32.7]
      [Termination (ms):  0.0  0.0  0.0  0.0  0.0  0.0  0.0  0.0
       Min: 0.0, Avg: 0.0, Max: 0.0, Diff: 0.0, Sum: 0.0]
         [Termination Attempts:  1  2  1  1  1  1  1  1
          Min: 1, Avg: 1.1, Max: 2, Diff: 1, Sum: 9]
      [GC Worker Other (ms):  0.1  0.0  0.0  0.0  0.0  0.0  0.0  0.1
       Min: 0.0, Avg: 0.0, Max: 0.1, Diff: 0.0, Sum: 0.2]
      [GC Worker Total (ms):  4.7  4.7  4.7  4.7  4.7  4.7  4.6  4.7
       Min: 4.6, Avg: 4.7, Max: 4.7, Diff: 0.1, Sum: 37.5]
      [GC Worker End (ms):  32230.0  32230.0  32229.9  32229.9  32229.9  32229.9  32229.9  32230.0
       Min: 32229.9, Avg: 32229.9, Max: 32230.0, Diff: 0.0]
   [Code Root Fixup: 0.1 ms]
   [Code Root Purge: 0.0 ms]
   [Clear CT: 0.1 ms]
   [Other: 0.4 ms]
      [Choose CSet: 0.0 ms]
      [Ref Proc: 0.1 ms]
      [Ref Enq: 0.0 ms]
      [Redirty Cards: 0.1 ms]
         [Parallel Redirty:  0.0  0.0  0.0  0.0  0.0  0.0  0.0  0.0
          Min: 0.0, Avg: 0.0, Max: 0.0, Diff: 0.0, Sum: 0.0]
         [Redirtied Cards:  835  0  0  0  0  0  0  0
          Min: 0, Avg: 104.4, Max: 835, Diff: 835, Sum: 835]
      [Humongous Register: 0.0 ms]
         [Humongous Total: 0]
         [Humongous Candidate: 0]
      [Humongous Reclaim: 0.0 ms]
         [Humongous Reclaimed: 0]
      [Free CSet: 0.1 ms]
         [Young Free CSet: 0.1 ms]
         [Non-Young Free CSet: 0.0 ms]
   [Eden: 143.0M(143.0M)->0.0B(142.0M) Survivors: 8192.0K->8192.0K Heap: 221.7M(256.0M)->78.7M(256.0M)]
 [Times: user=0.03 sys=0.00, real=0.01 secs] 
32.443: [GC pause (G1 Evacuation Pause) (young), 0.0046659 secs]
   [Parallel Time: 4.2 ms, GC Workers: 8]
      [GC Worker Start (ms):  32442.8  32442.9  32442.9  32442.9  32442.9  32442.9  32442.9  32442.9
       Min: 32442.8, Avg: 32442.9, Max: 32442.9, Diff: 0.1]
      [Ext Root Scanning (ms):  0.2  0.2  0.2  0.2  0.2  0.2  0.2  0.2
       Min: 0.2, Avg: 0.2, Max: 0.2, Diff: 0.1, Sum: 1.6]
         [Thread Roots (ms):  0.0  0.1  0.1  0.0  0.1  0.0  0.0  0.0
          Min: 0.0, Avg: 0.0, Max: 0.1, Diff: 0.1, Sum: 0.3]
         [StringTable Roots (ms):  0.0  0.1  0.1  0.2  0.1  0.1  0.2  0.2
          Min: 0.0, Avg: 0.1, Max: 0.2, Diff: 0.2, Sum: 1.0]
         [Universe Roots (ms):  0.0  0.0  0.0  0.0  0.0  0.0  0.0  0.0
          Min: 0.0, Avg: 0.0, Max: 0.0, Diff: 0.0, Sum: 0.0]
         [JNI Handles Roots (ms):  0.0  0.0  0.0  0.0  0.0  0.0  0.0  0.0
          Min: 0.0, Avg: 0.0, Max: 0.0, Diff: 0.0, Sum: 0.0]
         [ObjectSynchronizer Roots (ms):  0.0  0.0  0.0  0.0  0.0  0.0  0.0  0.0
          Min: 0.0, Avg: 0.0, Max: 0.0, Diff: 0.0, Sum: 0.0]
         [FlatProfiler Roots (ms):  0.0  0.0  0.0  0.0  0.0  0.0  0.0  0.0
          Min: 0.0, Avg: 0.0, Max: 0.0, Diff: 0.0, Sum: 0.0]
         [Management Roots (ms):  0.0  0.0  0.0  0.0  0.0  0.0  0.0  0.0
          Min: 0.0, Avg: 0.0, Max: 0.0, Diff: 0.0, Sum: 0.0]
         [SystemDictionary Roots (ms):  0.0  0.0  0.0  0.0  0.0  0.1  0.0  0.0
          Min: 0.0, Avg: 0.0, Max: 0.1, Diff: 0.1, Sum: 0.1]
         [CLDG Roots (ms):  0.2  0.0  0.0  0.0  0.0  0.0  0.0  0.0
          Min: 0.0, Avg: 0.0, Max: 0.2, Diff: 0.2, Sum: 0.2]
         [JVMTI Roots (ms):  0.0  0.0  0.0  0.0  0.0  0.0  0.0  0.0
          Min: 0.0, Avg: 0.0, Max: 0.0, Diff: 0.0, Sum: 0.0]
         [CodeCache Roots (ms):  0.5  0.5  0.5  0.5  0.5  0.7  0.7  0.5
          Min: 0.5, Avg: 0.6, Max: 0.7, Diff: 0.2, Sum: 4.6]
         [CM RefProcessor Roots (ms):  0.0  0.0  0.0  0.0  0.0  0.0  0.0  0.0
          Min: 0.0, Avg: 0.0, Max: 0.0, Diff: 0.0, Sum: 0.0]
         [Wait For Strong CLD (ms):  0.0  0.0  0.0  0.0  0.0  0.0  0.0  0.0
          Min: 0.0, Avg: 0.0, Max: 0.0, Diff: 0.0, Sum: 0.0]
         [Weak CLD Roots (ms):  0.0  0.0  0.0  0.0  0.0  0.0  0.0  0.0
          Min: 0.0, Avg: 0.0, Max: 0.0, Diff: 0.0, Sum: 0.0]
         [SATB Filtering (ms):  0.0  0.0  0.0  0.0  0.0  0.0  0.0  0.0
          Min: 0.0, Avg: 0.0, Max: 0.0, Diff: 0.0, Sum: 0.0]
      [Update RS (ms):  0.5  0.5  0.5  0.5  0.5  0.7  0.7  0.5
       Min: 0.5, Avg: 0.6, Max: 0.7, Diff: 0.2, Sum: 4.5]
         [Processed Buffers:  9  5  3  1  4  1  1  8
          Min: 1, Avg: 4.0, Max: 9, Diff: 8, Sum: 32]
      [Scan RS (ms):  0.0  0.0  0.0  0.0  0.0  0.0  0.0  0.0
       Min: 0.0, Avg: 0.0, Max: 0.0, Diff: 0.0, Sum: 0.1]
      [Code Root Scanning (ms):  0.0  0.0  0.0  0.0  0.0  0.0  0.0  0.0
       Min: 0.0, Avg: 0.0, Max: 0.0, Diff: 0.0, Sum: 0.0]
      [Object Copy (ms):  3.3  3.3  3.3  3.3  3.3  3.1  3.1  3.3
       Min: 3.1, Avg: 3.2, Max: 3.3, Diff: 0.2, Sum: 25.9]
      [Termination (ms):  0.0  0.0  0.0  0.0  0.0  0.0  0.0  0.0
       Min: 0.0, Avg: 0.0, Max: 0.0, Diff: 0.0, Sum: 0.0]
         [Termination Attempts:  1  1  1  1  1  1  1  1
          Min: 1, Avg: 1.0, Max: 1, Diff: 0, Sum: 8]
      [GC Worker Other (ms):  0.0  0.0  0.0  0.0  0.0  0.0  0.0  0.1
       Min: 0.0, Avg: 0.0, Max: 0.1, Diff: 0.0, Sum: 0.2]
      [GC Worker Total (ms):  4.1  4.1  4.0  4.0  4.0  4.0  4.0  4.0
       Min: 4.0, Avg: 4.0, Max: 4.1, Diff: 0.1, Sum: 32.3]
      [GC Worker End (ms):  32446.9  32446.9  32446.9  32446.9  32446.9  32446.9  32446.9  32447.0
       Min: 32446.9, Avg: 32446.9, Max: 32447.0, Diff: 0.0]
   [Code Root Fixup: 0.0 ms]
   [Code Root Purge: 0.0 ms]
   [Clear CT: 0.1 ms]
   [Other: 0.4 ms]
      [Choose CSet: 0.0 ms]
      [Ref Proc: 0.1 ms]
      [Ref Enq: 0.0 ms]
      [Redirty Cards: 0.1 ms]
         [Parallel Redirty:  0.0  0.0  0.0  0.0  0.0  0.0  0.0  0.0
          Min: 0.0, Avg: 0.0, Max: 0.0, Diff: 0.0, Sum: 0.0]
         [Redirtied Cards:  790  0  0  0  0  0  0  0
          Min: 0, Avg: 98.8, Max: 790, Diff: 790, Sum: 790]
      [Humongous Register: 0.0 ms]
         [Humongous Total: 0]
         [Humongous Candidate: 0]
      [Humongous Reclaim: 0.0 ms]
         [Humongous Reclaimed: 0]
      [Free CSet: 0.1 ms]
         [Young Free CSet: 0.1 ms]
         [Non-Young Free CSet: 0.0 ms]
   [Eden: 142.0M(142.0M)->0.0B(140.0M) Survivors: 8192.0K->9216.0K Heap: 220.7M(256.0M)->80.7M(256.0M)]
 [Times: user=0.03 sys=0.00, real=0.00 secs] 
32.714: [GC pause (G1 Evacuation Pause) (young), 0.0056870 secs]
   [Parallel Time: 5.2 ms, GC Workers: 8]
      [GC Worker Start (ms):  32713.8  32713.8  32713.8  32713.8  32713.8  32713.9  32713.9  32713.9
       Min: 32713.8, Avg: 32713.8, Max: 32713.9, Diff: 0.1]
      [Ext Root Scanning (ms):  0.3  0.2  0.2  0.2  0.2  0.2  0.2  0.2
       Min: 0.2, Avg: 0.2, Max: 0.3, Diff: 0.1, Sum: 1.9]
         [Thread Roots (ms):  0.0  0.1  0.1  0.1  0.1  0.1  0.2  0.1
          Min: 0.0, Avg: 0.1, Max: 0.2, Diff: 0.2, Sum: 0.7]
         [StringTable Roots (ms):  0.0  0.2  0.2  0.2  0.1  0.1  0.0  0.1
          Min: 0.0, Avg: 0.1, Max: 0.2, Diff: 0.2, Sum: 0.9]
         [Universe Roots (ms):  0.0  0.0  0.0  0.0  0.0  0.0  0.0  0.0
          Min: 0.0, Avg: 0.0, Max: 0.0, Diff: 0.0, Sum: 0.0]
         [JNI Handles Roots (ms):  0.0  0.0  0.0  0.0  0.0  0.0  0.0  0.0
          Min: 0.0, Avg: 0.0, Max: 0.0, Diff: 0.0, Sum: 0.0]
         [ObjectSynchronizer Roots (ms):  0.0  0.0  0.0  0.0  0.0  0.0  0.0  0.0
          Min: 0.0, Avg: 0.0, Max: 0.0, Diff: 0.0, Sum: 0.0]
         [FlatProfiler Roots (ms):  0.0  0.0  0.0  0.0  0.0  0.0  0.0  0.0
          Min: 0.0, Avg: 0.0, Max: 0.0, Diff: 0.0, Sum: 0.0]
         [Management Roots (ms):  0.0  0.0  0.0  0.0  0.0  0.0  0.0  0.0
          Min: 0.0, Avg: 0.0, Max: 0.0, Diff: 0.0, Sum: 0.0]
         [SystemDictionary Roots (ms):  0.0  0.0  0.0  0.0  0.1  0.0  0.0  0.0
          Min: 0.0, Avg: 0.0, Max: 0.1, Diff: 0.1, Sum: 0.1]
         [CLDG Roots (ms):  0.3  0.0  0.0  0.0  0.0  0.0  0.0  0.0
          Min: 0.0, Avg: 0.0, Max: 0.3, Diff: 0.3, Sum: 0.3]
         [JVMTI Roots (ms):  0.0  0.0  0.0  0.0  0.0  0.0  0.0  0.0
          Min: 0.0, Avg: 0.0, Max: 0.0, Diff: 0.0, Sum: 0.0]
         [CodeCache Roots (ms):  0.6  0.0  0.5  0.6  0.5  0.6  0.8  0.6
          Min: 0.0, Avg: 0.5, Max: 0.8, Diff: 0.8, Sum: 4.1]
         [CM RefProcessor Roots (ms):  0.0  0.0  0.0  0.0  0.0  0.0  0.0  0.0
          Min: 0.0, Avg: 0.0, Max: 0.0, Diff: 0.0, Sum: 0.0]
         [Wait For Strong CLD (ms):  0.0  0.0  0.0  0.0  0.0  0.0  0.0  0.0
          Min: 0.0, Avg: 0.0, Max: 0.0, Diff: 0.0, Sum: 0.0]
         [Weak CLD Roots (ms):  0.0  0.0  0.0  0.0  0.0  0.0  0.0  0.0
          Min: 0.0, Avg: 0.0, Max: 0.0, Diff: 0.0, Sum: 0.0]
         [SATB Filtering (ms):  0.0  0.0  0.0  0.0  0.0  0.0  0.0  0.0
          Min: 0.0, Avg: 0.0, Max: 0.0, Diff: 0.0, Sum: 0.0]
      [Update RS (ms):  0.6  0.0  0.5  0.6  0.5  0.5  0.8  0.5
       Min: 0.0, Avg: 0.5, Max: 0.8, Diff: 0.8, Sum: 4.0]
         [Processed Buffers:  1  0  10  7  2  9  2  1
          Min: 0, Avg: 4.0, Max: 10, Diff: 10, Sum: 32]
      [Scan RS (ms):  0.0  0.0  0.0  0.0  0.0  0.0  0.0  0.0
       Min: 0.0, Avg: 0.0, Max: 0.0, Diff: 0.0, Sum: 0.1]
      [Code Root Scanning (ms):  0.0  0.0  0.0  0.0  0.0  0.0  0.0  0.0
       Min: 0.0, Avg: 0.0, Max: 0.0, Diff: 0.0, Sum: 0.0]
      [Object Copy (ms):  4.3  4.9  4.3  4.3  4.3  4.3  4.0  4.3
       Min: 4.0, Avg: 4.3, Max: 4.9, Diff: 0.8, Sum: 34.7]
      [Termination (ms):  0.0  0.0  0.0  0.0  0.0  0.0  0.0  0.0
       Min: 0.0, Avg: 0.0, Max: 0.0, Diff: 0.0, Sum: 0.0]
         [Termination Attempts:  7  9  13  4  8  10  1  9
          Min: 1, Avg: 7.6, Max: 13, Diff: 12, Sum: 61]
      [GC Worker Other (ms):  0.0  0.0  0.0  0.0  0.0  0.0  0.0  0.0
       Min: 0.0, Avg: 0.0, Max: 0.0, Diff: 0.0, Sum: 0.2]
      [GC Worker Total (ms):  5.2  5.1  5.1  5.1  5.1  5.1  5.1  5.1
       Min: 5.1, Avg: 5.1, Max: 5.2, Diff: 0.1, Sum: 40.9]
      [GC Worker End (ms):  32719.0  32718.9  32719.0  32718.9  32718.9  32718.9  32719.0  32719.0
       Min: 32718.9, Avg: 32719.0, Max: 32719.0, Diff: 0.0]
   [Code Root Fixup: 0.0 ms]
   [Code Root Purge: 0.0 ms]
   [Clear CT: 0.1 ms]
   [Other: 0.4 ms]
      [Choose CSet: 0.0 ms]
      [Ref Proc: 0.1 ms]
      [Ref Enq: 0.0 ms]
      [Redirty Cards: 0.1 ms]
         [Parallel Redirty:  0.0  0.0  0.0  0.0  0.0  0.0  0.0  0.0
          Min: 0.0, Avg: 0.0, Max: 0.0, Diff: 0.0, Sum: 0.0]
         [Redirtied Cards:  800  0  0  0  0  0  0  0
          Min: 0, Avg: 100.0, Max: 800, Diff: 800, Sum: 800]
      [Humongous Register: 0.0 ms]
         [Humongous Total: 0]
         [Humongous Candidate: 0]
      [Humongous Reclaim: 0.0 ms]
         [Humongous Reclaimed: 0]
      [Free CSet: 0.1 ms]
         [Young Free CSet: 0.1 ms]
         [Non-Young Free CSet: 0.0 ms]
   [Eden: 140.0M(140.0M)->0.0B(139.0M) Survivors: 9216.0K->9216.0K Heap: 220.7M(256.0M)->80.8M(256.0M)]
 [Times: user=0.04 sys=0.00, real=0.01 secs] 
34.346: [GC pause (G1 Evacuation Pause) (young), 0.0056742 secs]
   [Parallel Time: 4.9 ms, GC Workers: 8]
      [GC Worker Start (ms):  34346.2  34346.2  34346.3  34346.3  34346.3  34346.3  34346.3  34346.5
       Min: 34346.2, Avg: 34346.3, Max: 34346.5, Diff: 0.3]
      [Ext Root Scanning (ms):  0.6  0.3  0.3  0.2  0.2  0.2  0.2  0.0
       Min: 0.0, Avg: 0.2, Max: 0.6, Diff: 0.5, Sum: 2.0]
         [Thread Roots (ms):  0.0  0.3  0.1  0.0  0.0  0.0  0.0  0.0
          Min: 0.0, Avg: 0.0, Max: 0.3, Diff: 0.3, Sum: 0.4]
         [StringTable Roots (ms):  0.0  0.0  0.2  0.1  0.3  0.2  0.2  0.0
          Min: 0.0, Avg: 0.1, Max: 0.3, Diff: 0.3, Sum: 1.1]
         [Universe Roots (ms):  0.0  0.0  0.0  0.0  0.0  0.0  0.0  0.0
          Min: 0.0, Avg: 0.0, Max: 0.0, Diff: 0.0, Sum: 0.0]
         [JNI Handles Roots (ms):  0.0  0.0  0.0  0.0  0.0  0.0  0.0  0.0
          Min: 0.0, Avg: 0.0, Max: 0.0, Diff: 0.0, Sum: 0.0]
         [ObjectSynchronizer Roots (ms):  0.0  0.0  0.0  0.0  0.0  0.0  0.0  0.0
          Min: 0.0, Avg: 0.0, Max: 0.0, Diff: 0.0, Sum: 0.0]
         [FlatProfiler Roots (ms):  0.0  0.0  0.0  0.0  0.0  0.0  0.0  0.0
          Min: 0.0, Avg: 0.0, Max: 0.0, Diff: 0.0, Sum: 0.0]
         [Management Roots (ms):  0.0  0.0  0.0  0.0  0.0  0.0  0.0  0.0
          Min: 0.0, Avg: 0.0, Max: 0.0, Diff: 0.0, Sum: 0.0]
         [SystemDictionary Roots (ms):  0.0  0.0  0.0  0.1  0.0  0.0  0.0  0.0
          Min: 0.0, Avg: 0.0, Max: 0.1, Diff: 0.1, Sum: 0.1]
         [CLDG Roots (ms):  0.6  0.0  0.0  0.0  0.0  0.0  0.0  0.0
          Min: 0.0, Avg: 0.1, Max: 0.6, Diff: 0.6, Sum: 0.6]
         [JVMTI Roots (ms):  0.0  0.0  0.0  0.0  0.0  0.0  0.0  0.0
          Min: 0.0, Avg: 0.0, Max: 0.0, Diff: 0.0, Sum: 0.0]
         [CodeCache Roots (ms):  0.4  0.6  0.6  0.6  0.6  0.8  0.6  0.8
          Min: 0.4, Avg: 0.6, Max: 0.8, Diff: 0.4, Sum: 5.0]
         [CM RefProcessor Roots (ms):  0.0  0.0  0.0  0.0  0.0  0.0  0.0  0.0
          Min: 0.0, Avg: 0.0, Max: 0.0, Diff: 0.0, Sum: 0.0]
         [Wait For Strong CLD (ms):  0.0  0.0  0.0  0.0  0.0  0.0  0.0  0.0
          Min: 0.0, Avg: 0.0, Max: 0.0, Diff: 0.0, Sum: 0.0]
         [Weak CLD Roots (ms):  0.0  0.0  0.0  0.0  0.0  0.0  0.0  0.0
          Min: 0.0, Avg: 0.0, Max: 0.0, Diff: 0.0, Sum: 0.0]
         [SATB Filtering (ms):  0.0  0.0  0.0  0.0  0.0  0.0  0.0  0.0
          Min: 0.0, Avg: 0.0, Max: 0.0, Diff: 0.0, Sum: 0.0]
      [Update RS (ms):  0.4  0.5  0.5  0.5  0.6  0.8  0.6  0.8
       Min: 0.4, Avg: 0.6, Max: 0.8, Diff: 0.4, Sum: 4.7]
         [Processed Buffers:  1  9  4  3  1  17  1  2
          Min: 1, Avg: 4.8, Max: 17, Diff: 16, Sum: 38]
      [Scan RS (ms):  0.0  0.0  0.0  0.0  0.0  0.0  0.0  0.0
       Min: 0.0, Avg: 0.0, Max: 0.0, Diff: 0.0, Sum: 0.1]
      [Code Root Scanning (ms):  0.0  0.0  0.0  0.0  0.0  0.0  0.1  0.0
       Min: 0.0, Avg: 0.0, Max: 0.1, Diff: 0.1, Sum: 0.2]
      [Object Copy (ms):  3.7  3.8  3.8  3.8  3.8  3.6  3.8  3.7
       Min: 3.6, Avg: 3.7, Max: 3.8, Diff: 0.3, Sum: 30.0]
      [Termination (ms):  0.1  0.1  0.1  0.1  0.1  0.1  0.1  0.0
       Min: 0.0, Avg: 0.1, Max: 0.1, Diff: 0.1, Sum: 0.8]
         [Termination Attempts:  1  1  1  1  1  1  1  1
          Min: 1, Avg: 1.0, Max: 1, Diff: 0, Sum: 8]
      [GC Worker Other (ms):  0.0  0.0  0.0  0.0  0.0  0.0  0.0  0.0
       Min: 0.0, Avg: 0.0, Max: 0.0, Diff: 0.0, Sum: 0.1]
      [GC Worker Total (ms):  4.8  4.8  4.8  4.8  4.7  4.7  4.7  4.5
       Min: 4.5, Avg: 4.7, Max: 4.8, Diff: 0.3, Sum: 37.9]
      [GC Worker End (ms):  34351.1  34351.1  34351.1  34351.1  34351.1  34351.0  34351.1  34351.0
       Min: 34351.0, Avg: 34351.0, Max: 34351.1, Diff: 0.0]
   [Code Root Fixup: 0.1 ms]
   [Code Root Purge: 0.0 ms]
   [Clear CT: 0.1 ms]
   [Other: 0.6 ms]
      [Choose CSet: 0.0 ms]
      [Ref Proc: 0.3 ms]
      [Ref Enq: 0.0 ms]
      [Redirty Cards: 0.1 ms]
         [Parallel Redirty:  0.0  0.0  0.0  0.0  0.0  0.0  0.0  0.0
          Min: 0.0, Avg: 0.0, Max: 0.0, Diff: 0.0, Sum: 0.0]
         [Redirtied Cards:  1079  0  0  0  0  0  0  0
          Min: 0, Avg: 134.9, Max: 1079, Diff: 1079, Sum: 1079]
      [Humongous Register: 0.0 ms]
         [Humongous Total: 0]
         [Humongous Candidate: 0]
      [Humongous Reclaim: 0.0 ms]
         [Humongous Reclaimed: 0]
      [Free CSet: 0.1 ms]
         [Young Free CSet: 0.1 ms]
         [Non-Young Free CSet: 0.0 ms]
   [Eden: 139.0M(139.0M)->0.0B(137.0M) Survivors: 9216.0K->10.0M Heap: 219.8M(256.0M)->82.2M(256.0M)]
 [Times: user=0.03 sys=0.00, real=0.01 secs] 
34.490: [GC pause (Metadata GC Threshold) (young) (initial-mark), 0.0065517 secs]
   [Parallel Time: 5.6 ms, GC Workers: 8]
      [GC Worker Start (ms):  34490.2  34490.2  34490.2  34490.3  34490.3  34490.3  34490.3  34490.6
       Min: 34490.2, Avg: 34490.3, Max: 34490.6, Diff: 0.4]
      [Ext Root Scanning (ms):  0.8  0.9  0.8  0.7  0.8  0.7  0.7  0.4
       Min: 0.4, Avg: 0.7, Max: 0.9, Diff: 0.5, Sum: 5.8]
         [Thread Roots (ms):  0.0  0.5  0.1  0.0  0.1  0.0  0.0  0.0
          Min: 0.0, Avg: 0.1, Max: 0.5, Diff: 0.5, Sum: 0.8]
         [StringTable Roots (ms):  0.0  0.0  0.4  0.4  0.3  0.2  0.4  0.0
          Min: 0.0, Avg: 0.2, Max: 0.4, Diff: 0.4, Sum: 1.7]
         [Universe Roots (ms):  0.0  0.0  0.0  0.0  0.0  0.0  0.0  0.0
          Min: 0.0, Avg: 0.0, Max: 0.0, Diff: 0.0, Sum: 0.0]
         [JNI Handles Roots (ms):  0.0  0.0  0.0  0.0  0.0  0.0  0.0  0.0
          Min: 0.0, Avg: 0.0, Max: 0.0, Diff: 0.0, Sum: 0.0]
         [ObjectSynchronizer Roots (ms):  0.0  0.0  0.0  0.0  0.0  0.0  0.0  0.0
          Min: 0.0, Avg: 0.0, Max: 0.0, Diff: 0.0, Sum: 0.0]
         [FlatProfiler Roots (ms):  0.0  0.0  0.0  0.0  0.0  0.0  0.0  0.0
          Min: 0.0, Avg: 0.0, Max: 0.0, Diff: 0.0, Sum: 0.0]
         [Management Roots (ms):  0.0  0.0  0.0  0.0  0.0  0.0  0.0  0.0
          Min: 0.0, Avg: 0.0, Max: 0.0, Diff: 0.0, Sum: 0.0]
         [SystemDictionary Roots (ms):  0.0  0.0  0.0  0.0  0.0  0.2  0.0  0.0
          Min: 0.0, Avg: 0.0, Max: 0.2, Diff: 0.2, Sum: 0.2]
         [CLDG Roots (ms):  0.8  0.0  0.0  0.0  0.0  0.0  0.0  0.0
          Min: 0.0, Avg: 0.1, Max: 0.8, Diff: 0.8, Sum: 0.8]
         [JVMTI Roots (ms):  0.0  0.0  0.0  0.0  0.0  0.0  0.0  0.0
          Min: 0.0, Avg: 0.0, Max: 0.0, Diff: 0.0, Sum: 0.0]
         [CodeCache Roots (ms):  0.6  0.5  0.5  0.5  0.5  0.5  0.5  0.6
          Min: 0.5, Avg: 0.5, Max: 0.6, Diff: 0.1, Sum: 4.4]
         [CM RefProcessor Roots (ms):  0.0  0.0  0.0  0.0  0.0  0.0  0.0  0.0
          Min: 0.0, Avg: 0.0, Max: 0.0, Diff: 0.0, Sum: 0.0]
         [Wait For Strong CLD (ms):  0.0  0.4  0.4  0.4  0.4  0.4  0.4  0.3
          Min: 0.0, Avg: 0.3, Max: 0.4, Diff: 0.4, Sum: 2.7]
         [Weak CLD Roots (ms):  0.0  0.0  0.0  0.0  0.0  0.0  0.0  0.0
          Min: 0.0, Avg: 0.0, Max: 0.0, Diff: 0.0, Sum: 0.0]
         [SATB Filtering (ms):  0.0  0.0  0.0  0.0  0.0  0.0  0.0  0.0
          Min: 0.0, Avg: 0.0, Max: 0.0, Diff: 0.0, Sum: 0.0]
      [Update RS (ms):  0.5  0.5  0.5  0.4  0.4  0.5  0.5  0.5
       Min: 0.4, Avg: 0.5, Max: 0.5, Diff: 0.1, Sum: 3.7]
         [Processed Buffers:  1  1  1  4  1  1  2  3
          Min: 1, Avg: 1.8, Max: 4, Diff: 3, Sum: 14]
      [Scan RS (ms):  0.0  0.0  0.0  0.0  0.0  0.0  0.0  0.0
       Min: 0.0, Avg: 0.0, Max: 0.0, Diff: 0.0, Sum: 0.0]
      [Code Root Scanning (ms):  0.1  0.0  0.1  0.1  0.1  0.1  0.0  0.1
       Min: 0.0, Avg: 0.1, Max: 0.1, Diff: 0.1, Sum: 0.6]
      [Object Copy (ms):  4.1  4.1  4.1  4.3  4.1  4.1  4.2  4.0
       Min: 4.0, Avg: 4.1, Max: 4.3, Diff: 0.3, Sum: 33.0]
      [Termination (ms):  0.1  0.1  0.1  0.0  0.1  0.1  0.1  0.1
       Min: 0.0, Avg: 0.1, Max: 0.1, Diff: 0.1, Sum: 0.7]
         [Termination Attempts:  1  1  1  1  1  1  1  1
          Min: 1, Avg: 1.0, Max: 1, Diff: 0, Sum: 8]
      [GC Worker Other (ms):  0.0  0.0  0.0  0.0  0.0  0.0  0.0  0.0
       Min: 0.0, Avg: 0.0, Max: 0.0, Diff: 0.0, Sum: 0.1]
      [GC Worker Total (ms):  5.6  5.6  5.5  5.5  5.5  5.5  5.5  5.1
       Min: 5.1, Avg: 5.5, Max: 5.6, Diff: 0.5, Sum: 43.9]
      [GC Worker End (ms):  34495.8  34495.8  34495.8  34495.8  34495.8  34495.8  34495.8  34495.8
       Min: 34495.8, Avg: 34495.8, Max: 34495.8, Diff: 0.0]
   [Code Root Fixup: 0.1 ms]
   [Code Root Purge: 0.1 ms]
   [Clear CT: 0.1 ms]
   [Other: 0.6 ms]
      [Choose CSet: 0.0 ms]
      [Ref Proc: 0.3 ms]
      [Ref Enq: 0.0 ms]
      [Redirty Cards: 0.1 ms]
         [Parallel Redirty:  0.0  0.0  0.0  0.0  0.0  0.0  0.0  0.0
          Min: 0.0, Avg: 0.0, Max: 0.0, Diff: 0.0, Sum: 0.0]
         [Redirtied Cards:  967  110  0  0  0  0  0  0
          Min: 0, Avg: 134.6, Max: 967, Diff: 967, Sum: 1077]
      [Humongous Register: 0.0 ms]
         [Humongous Total: 0]
         [Humongous Candidate: 0]
      [Humongous Reclaim: 0.0 ms]
         [Humongous Reclaimed: 0]
      [Free CSet: 0.0 ms]
         [Young Free CSet: 0.0 ms]
         [Non-Young Free CSet: 0.0 ms]
   [Eden: 8192.0K(137.0M)->0.0B(136.0M) Survivors: 10.0M->10.0M Heap: 90.1M(256.0M)->82.7M(256.0M)]
 [Times: user=0.04 sys=0.00, real=0.00 secs] 
34.497: [GC concurrent-root-region-scan-start]
34.504: [GC concurrent-root-region-scan-end, 0.0061473 secs]
34.504: [GC concurrent-mark-start]
34.563: [GC concurrent-mark-end, 0.0594853 secs]
34.563: [GC remark 34.564: [Finalize Marking, 0.0004574 secs] 34.564: [GC ref-proc, 0.0004055 secs] 34.565: [Unloading 34.565: [System Dictionary Unloading, 0.0002019 secs] 34.565: [Parallel Unloading, 0.0024424 secs] 34.568: [Deallocate Metadata, 0.0002837 secs], 0.0038935 secs], 0.0059585 secs]
 [Times: user=0.02 sys=0.00, real=0.01 secs] 
34.570: [GC cleanup 87M->86M(256M), 0.0007347 secs]
 [Times: user=0.00 sys=0.00, real=0.00 secs] 
34.571: [GC concurrent-cleanup-start]
34.571: [GC concurrent-cleanup-end, 0.0000065 secs]
38.530: [GC pause (G1 Evacuation Pause) (young) (initial-mark), 0.0539887 secs]
   [Parallel Time: 50.6 ms, GC Workers: 8]
      [GC Worker Start (ms):  38529.8  38529.8  38529.8  38529.9  38529.9  38529.9  38529.9  38530.2
       Min: 38529.8, Avg: 38529.9, Max: 38530.2, Diff: 0.3]
      [Ext Root Scanning (ms):  1.4  0.8  0.8  0.8  0.8  0.7  0.7  0.5
       Min: 0.5, Avg: 0.8, Max: 1.4, Diff: 0.8, Sum: 6.5]
         [Thread Roots (ms):  0.0  0.0  0.0  0.8  0.0  0.0  0.0  0.0
          Min: 0.0, Avg: 0.1, Max: 0.8, Diff: 0.8, Sum: 0.9]
         [StringTable Roots (ms):  0.0  0.3  0.2  0.0  0.3  0.3  0.3  0.0
          Min: 0.0, Avg: 0.1, Max: 0.3, Diff: 0.3, Sum: 1.2]
         [Universe Roots (ms):  0.0  0.0  0.0  0.0  0.0  0.0  0.0  0.0
          Min: 0.0, Avg: 0.0, Max: 0.0, Diff: 0.0, Sum: 0.0]
         [JNI Handles Roots (ms):  0.0  0.0  0.0  0.0  0.0  0.0  0.0  0.0
          Min: 0.0, Avg: 0.0, Max: 0.0, Diff: 0.0, Sum: 0.0]
         [ObjectSynchronizer Roots (ms):  0.0  0.0  0.0  0.0  0.0  0.0  0.0  0.0
          Min: 0.0, Avg: 0.0, Max: 0.0, Diff: 0.0, Sum: 0.0]
         [FlatProfiler Roots (ms):  0.0  0.0  0.0  0.0  0.0  0.0  0.0  0.0
          Min: 0.0, Avg: 0.0, Max: 0.0, Diff: 0.0, Sum: 0.0]
         [Management Roots (ms):  0.0  0.0  0.0  0.0  0.0  0.0  0.0  0.0
          Min: 0.0, Avg: 0.0, Max: 0.0, Diff: 0.0, Sum: 0.0]
         [SystemDictionary Roots (ms):  0.0  0.0  0.1  0.0  0.0  0.0  0.0  0.0
          Min: 0.0, Avg: 0.0, Max: 0.1, Diff: 0.1, Sum: 0.1]
         [CLDG Roots (ms):  0.6  0.0  0.0  0.0  0.0  0.0  0.0  0.0
          Min: 0.0, Avg: 0.1, Max: 0.6, Diff: 0.6, Sum: 0.6]
         [JVMTI Roots (ms):  0.0  0.0  0.0  0.0  0.0  0.0  0.0  0.0
          Min: 0.0, Avg: 0.0, Max: 0.0, Diff: 0.0, Sum: 0.0]
         [CodeCache Roots (ms):  0.2  0.6  0.6  0.8  0.5  0.7  0.7  2.3
          Min: 0.2, Avg: 0.8, Max: 2.3, Diff: 2.1, Sum: 6.3]
         [CM RefProcessor Roots (ms):  0.0  0.0  0.0  0.0  0.0  0.0  0.0  0.0
          Min: 0.0, Avg: 0.0, Max: 0.0, Diff: 0.0, Sum: 0.0]
         [Wait For Strong CLD (ms):  0.8  0.6  0.5  0.0  0.6  0.5  0.5  0.5
          Min: 0.0, Avg: 0.5, Max: 0.8, Diff: 0.8, Sum: 4.0]
         [Weak CLD Roots (ms):  0.0  0.0  0.0  0.0  0.0  0.0  0.0  0.0
          Min: 0.0, Avg: 0.0, Max: 0.0, Diff: 0.0, Sum: 0.0]
         [SATB Filtering (ms):  0.0  0.0  0.0  0.0  0.0  0.0  0.0  0.0
          Min: 0.0, Avg: 0.0, Max: 0.0, Diff: 0.0, Sum: 0.0]
      [Update RS (ms):  0.0  0.4  0.4  0.8  0.4  0.5  0.4  0.5
       Min: 0.0, Avg: 0.4, Max: 0.8, Diff: 0.8, Sum: 3.5]
         [Processed Buffers:  0  1  4  2  2  2  2  3
          Min: 0, Avg: 2.0, Max: 4, Diff: 4, Sum: 16]
      [Scan RS (ms):  0.0  0.0  0.0  0.0  0.0  0.0  0.0  0.0
       Min: 0.0, Avg: 0.0, Max: 0.0, Diff: 0.0, Sum: 0.1]
      [Code Root Scanning (ms):  0.2  0.1  0.1  0.0  0.1  0.1  0.2  1.9
       Min: 0.0, Avg: 0.3, Max: 1.9, Diff: 1.9, Sum: 2.7]
      [Object Copy (ms):  48.9  49.2  49.0  48.8  49.1  49.0  48.9  47.3
       Min: 47.3, Avg: 48.8, Max: 49.2, Diff: 1.9, Sum: 390.3]
      [Termination (ms):  0.1  0.0  0.2  0.1  0.2  0.2  0.2  0.0
       Min: 0.0, Avg: 0.1, Max: 0.2, Diff: 0.2, Sum: 0.9]
         [Termination Attempts:  4  1  3  5  1  2  1  2
          Min: 1, Avg: 2.4, Max: 5, Diff: 4, Sum: 19]
      [GC Worker Other (ms):  0.0  0.0  0.0  0.0  0.0  0.0  0.0  0.0
       Min: 0.0, Avg: 0.0, Max: 0.0, Diff: 0.0, Sum: 0.1]
      [GC Worker Total (ms):  50.6  50.6  50.6  50.5  50.5  50.5  50.5  50.2
       Min: 50.2, Avg: 50.5, Max: 50.6, Diff: 0.3, Sum: 404.0]
      [GC Worker End (ms):  38580.4  38580.4  38580.4  38580.4  38580.4  38580.4  38580.4  38580.4
       Min: 38580.4, Avg: 38580.4, Max: 38580.4, Diff: 0.0]
   [Code Root Fixup: 0.3 ms]
   [Code Root Purge: 0.1 ms]
   [Clear CT: 0.1 ms]
   [Other: 2.9 ms]
      [Choose CSet: 0.0 ms]
      [Ref Proc: 2.4 ms]
      [Ref Enq: 0.0 ms]
      [Redirty Cards: 0.1 ms]
         [Parallel Redirty:  0.0  0.0  0.0  0.0  0.0  0.0  0.0  0.0
          Min: 0.0, Avg: 0.0, Max: 0.0, Diff: 0.0, Sum: 0.1]
         [Redirtied Cards:  3072  1518  1954  701  256  0  0  0
          Min: 0, Avg: 937.6, Max: 3072, Diff: 3072, Sum: 7501]
      [Humongous Register: 0.0 ms]
         [Humongous Total: 1]
         [Humongous Candidate: 1]
      [Humongous Reclaim: 0.0 ms]
         [Humongous Reclaimed: 0]
      [Free CSet: 0.2 ms]
         [Young Free CSet: 0.2 ms]
         [Non-Young Free CSet: 0.0 ms]
   [Eden: 136.0M(136.0M)->0.0B(97.0M) Survivors: 10.0M->19.0M Heap: 221.0M(256.0M)->136.6M(284.0M)]
 [Times: user=0.25 sys=0.04, real=0.05 secs] 
38.584: [GC concurrent-root-region-scan-start]
38.601: [GC concurrent-root-region-scan-end, 0.0168033 secs]
38.601: [GC concurrent-mark-start]
38.709: [GC concurrent-mark-end, 0.1073299 secs]
38.709: [GC remark 38.709: [Finalize Marking, 0.0002530 secs] 38.709: [GC ref-proc, 0.0000818 secs] 38.709: [Unloading 38.709: [System Dictionary Unloading, 0.0000213 secs] 38.709: [Parallel Unloading, 0.0026455 secs] 38.712: [Deallocate Metadata, 0.0000216 secs], 0.0027900 secs], 0.0035103 secs]
 [Times: user=0.03 sys=0.00, real=0.00 secs] 
38.712: [GC cleanup 138M->138M(284M), 0.0004472 secs]
 [Times: user=0.00 sys=0.00, real=0.00 secs] 
47.148: [GC pause (G1 Evacuation Pause) (young), 0.0151879 secs]
   [Parallel Time: 14.2 ms, GC Workers: 8]
      [GC Worker Start (ms):  47148.2  47148.2  47148.2  47148.2  47148.2  47148.2  47148.3  47148.3
       Min: 47148.2, Avg: 47148.2, Max: 47148.3, Diff: 0.1]
      [Ext Root Scanning (ms):  0.8  0.3  0.2  0.2  0.2  0.2  0.2  0.1
       Min: 0.1, Avg: 0.3, Max: 0.8, Diff: 0.7, Sum: 2.1]
         [Thread Roots (ms):  0.0  0.0  0.2  0.0  0.0  0.0  0.0  0.0
          Min: 0.0, Avg: 0.0, Max: 0.2, Diff: 0.1, Sum: 0.2]
         [StringTable Roots (ms):  0.0  0.1  0.1  0.2  0.2  0.2  0.2  0.2
          Min: 0.0, Avg: 0.1, Max: 0.2, Diff: 0.2, Sum: 1.2]
         [Universe Roots (ms):  0.0  0.0  0.0  0.0  0.0  0.0  0.0  0.0
          Min: 0.0, Avg: 0.0, Max: 0.0, Diff: 0.0, Sum: 0.0]
         [JNI Handles Roots (ms):  0.0  0.0  0.0  0.0  0.0  0.0  0.0  0.0
          Min: 0.0, Avg: 0.0, Max: 0.0, Diff: 0.0, Sum: 0.0]
         [ObjectSynchronizer Roots (ms):  0.0  0.0  0.0  0.0  0.0  0.0  0.0  0.0
          Min: 0.0, Avg: 0.0, Max: 0.0, Diff: 0.0, Sum: 0.0]
         [FlatProfiler Roots (ms):  0.0  0.0  0.0  0.0  0.0  0.0  0.0  0.0
          Min: 0.0, Avg: 0.0, Max: 0.0, Diff: 0.0, Sum: 0.0]
         [Management Roots (ms):  0.0  0.0  0.0  0.0  0.0  0.0  0.0  0.0
          Min: 0.0, Avg: 0.0, Max: 0.0, Diff: 0.0, Sum: 0.0]
         [SystemDictionary Roots (ms):  0.0  0.1  0.0  0.0  0.0  0.0  0.0  0.0
          Min: 0.0, Avg: 0.0, Max: 0.1, Diff: 0.1, Sum: 0.1]
         [CLDG Roots (ms):  0.8  0.0  0.0  0.0  0.0  0.0  0.0  0.0
          Min: 0.0, Avg: 0.1, Max: 0.8, Diff: 0.8, Sum: 0.8]
         [JVMTI Roots (ms):  0.0  0.0  0.0  0.0  0.0  0.0  0.0  0.0
          Min: 0.0, Avg: 0.0, Max: 0.0, Diff: 0.0, Sum: 0.0]
         [CodeCache Roots (ms):  3.6  4.1  4.1  3.9  4.1  4.1  3.9  4.1
          Min: 3.6, Avg: 4.0, Max: 4.1, Diff: 0.5, Sum: 31.8]
         [CM RefProcessor Roots (ms):  0.0  0.0  0.0  0.0  0.0  0.0  0.0  0.0
          Min: 0.0, Avg: 0.0, Max: 0.0, Diff: 0.0, Sum: 0.0]
         [Wait For Strong CLD (ms):  0.0  0.0  0.0  0.0  0.0  0.0  0.0  0.0
          Min: 0.0, Avg: 0.0, Max: 0.0, Diff: 0.0, Sum: 0.0]
         [Weak CLD Roots (ms):  0.0  0.0  0.0  0.0  0.0  0.0  0.0  0.0
          Min: 0.0, Avg: 0.0, Max: 0.0, Diff: 0.0, Sum: 0.0]
         [SATB Filtering (ms):  0.0  0.0  0.0  0.0  0.0  0.0  0.0  0.0
          Min: 0.0, Avg: 0.0, Max: 0.0, Diff: 0.0, Sum: 0.0]
      [Update RS (ms):  3.6  3.7  4.1  3.9  3.8  3.7  3.9  3.7
       Min: 3.6, Avg: 3.8, Max: 4.1, Diff: 0.5, Sum: 30.5]
         [Processed Buffers:  3  4  4  4  4  9  5  6
          Min: 3, Avg: 4.9, Max: 9, Diff: 6, Sum: 39]
      [Scan RS (ms):  0.0  0.0  0.0  0.0  0.0  0.0  0.0  0.0
       Min: 0.0, Avg: 0.0, Max: 0.0, Diff: 0.0, Sum: 0.1]
      [Code Root Scanning (ms):  0.0  0.3  0.0  0.0  0.3  0.3  0.0  0.3
       Min: 0.0, Avg: 0.2, Max: 0.3, Diff: 0.3, Sum: 1.2]
      [Object Copy (ms):  9.7  9.8  9.7  9.9  9.8  9.8  10.0  9.8
       Min: 9.7, Avg: 9.8, Max: 10.0, Diff: 0.3, Sum: 78.5]
      [Termination (ms):  0.0  0.0  0.0  0.0  0.0  0.0  0.0  0.0
       Min: 0.0, Avg: 0.0, Max: 0.0, Diff: 0.0, Sum: 0.0]
         [Termination Attempts:  2  2  1  2  1  1  1  1
          Min: 1, Avg: 1.4, Max: 2, Diff: 1, Sum: 11]
      [GC Worker Other (ms):  0.0  0.0  0.1  0.0  0.1  0.0  0.0  0.0
       Min: 0.0, Avg: 0.0, Max: 0.1, Diff: 0.0, Sum: 0.3]
      [GC Worker Total (ms):  14.1  14.1  14.1  14.1  14.1  14.0  14.1  14.0
       Min: 14.0, Avg: 14.1, Max: 14.1, Diff: 0.1, Sum: 112.7]
      [GC Worker End (ms):  47162.3  47162.3  47162.3  47162.3  47162.3  47162.3  47162.3  47162.3
       Min: 47162.3, Avg: 47162.3, Max: 47162.3, Diff: 0.0]
   [Code Root Fixup: 0.2 ms]
   [Code Root Purge: 0.0 ms]
   [Clear CT: 0.1 ms]
   [Other: 0.6 ms]
      [Choose CSet: 0.0 ms]
      [Ref Proc: 0.3 ms]
      [Ref Enq: 0.0 ms]
      [Redirty Cards: 0.2 ms]
         [Parallel Redirty:  0.1  0.0  0.0  0.0  0.0  0.0  0.0  0.0
          Min: 0.0, Avg: 0.0, Max: 0.1, Diff: 0.1, Sum: 0.1]
         [Redirtied Cards:  7629  2366  576  0  0  0  0  0
          Min: 0, Avg: 1321.4, Max: 7629, Diff: 7629, Sum: 10571]
      [Humongous Register: 0.0 ms]
         [Humongous Total: 10]
         [Humongous Candidate: 10]
      [Humongous Reclaim: 0.0 ms]
         [Humongous Reclaimed: 0]
      [Free CSet: 0.1 ms]
         [Young Free CSet: 0.1 ms]
         [Non-Young Free CSet: 0.0 ms]
   [Eden: 97.0M(97.0M)->0.0B(9216.0K) Survivors: 19.0M->5120.0K Heap: 263.4M(284.0M)->173.5M(297.0M)]
 [Times: user=0.10 sys=0.00, real=0.02 secs] 
48.169: [GC pause (G1 Evacuation Pause) (mixed), 0.0127591 secs]
   [Parallel Time: 11.9 ms, GC Workers: 8]
      [GC Worker Start (ms):  48168.6  48168.6  48168.7  48168.7  48168.7  48168.7  48168.7  48168.7
       Min: 48168.6, Avg: 48168.7, Max: 48168.7, Diff: 0.1]
      [Ext Root Scanning (ms):  0.4  0.2  0.2  0.2  0.2  0.2  0.2  0.2
       Min: 0.2, Avg: 0.2, Max: 0.4, Diff: 0.2, Sum: 1.8]
         [Thread Roots (ms):  0.0  0.1  0.1  0.0  0.0  0.0  0.0  0.0
          Min: 0.0, Avg: 0.0, Max: 0.1, Diff: 0.1, Sum: 0.2]
         [StringTable Roots (ms):  0.0  0.2  0.1  0.2  0.1  0.2  0.2  0.2
          Min: 0.0, Avg: 0.2, Max: 0.2, Diff: 0.2, Sum: 1.2]
         [Universe Roots (ms):  0.0  0.0  0.0  0.0  0.0  0.0  0.0  0.0
          Min: 0.0, Avg: 0.0, Max: 0.0, Diff: 0.0, Sum: 0.0]
         [JNI Handles Roots (ms):  0.0  0.0  0.0  0.0  0.0  0.0  0.0  0.0
          Min: 0.0, Avg: 0.0, Max: 0.0, Diff: 0.0, Sum: 0.0]
         [ObjectSynchronizer Roots (ms):  0.0  0.0  0.0  0.0  0.0  0.0  0.0  0.0
          Min: 0.0, Avg: 0.0, Max: 0.0, Diff: 0.0, Sum: 0.0]
         [FlatProfiler Roots (ms):  0.0  0.0  0.0  0.0  0.0  0.0  0.0  0.0
          Min: 0.0, Avg: 0.0, Max: 0.0, Diff: 0.0, Sum: 0.0]
         [Management Roots (ms):  0.0  0.0  0.0  0.0  0.0  0.0  0.0  0.0
          Min: 0.0, Avg: 0.0, Max: 0.0, Diff: 0.0, Sum: 0.0]
         [SystemDictionary Roots (ms):  0.0  0.0  0.0  0.0  0.1  0.0  0.0  0.0
          Min: 0.0, Avg: 0.0, Max: 0.1, Diff: 0.1, Sum: 0.1]
         [CLDG Roots (ms):  0.4  0.0  0.0  0.0  0.0  0.0  0.0  0.0
          Min: 0.0, Avg: 0.1, Max: 0.4, Diff: 0.4, Sum: 0.4]
         [JVMTI Roots (ms):  0.0  0.0  0.0  0.0  0.0  0.0  0.0  0.0
          Min: 0.0, Avg: 0.0, Max: 0.0, Diff: 0.0, Sum: 0.0]
         [CodeCache Roots (ms):  5.5  5.6  5.7  5.9  5.6  5.8  6.0  5.6
          Min: 5.5, Avg: 5.7, Max: 6.0, Diff: 0.5, Sum: 45.8]
         [CM RefProcessor Roots (ms):  0.0  0.0  0.0  0.0  0.0  0.0  0.0  0.0
          Min: 0.0, Avg: 0.0, Max: 0.0, Diff: 0.0, Sum: 0.0]
         [Wait For Strong CLD (ms):  0.0  0.0  0.0  0.0  0.0  0.0  0.0  0.0
          Min: 0.0, Avg: 0.0, Max: 0.0, Diff: 0.0, Sum: 0.0]
         [Weak CLD Roots (ms):  0.0  0.0  0.0  0.0  0.0  0.0  0.0  0.0
          Min: 0.0, Avg: 0.0, Max: 0.0, Diff: 0.0, Sum: 0.0]
         [SATB Filtering (ms):  0.0  0.0  0.0  0.0  0.0  0.0  0.0  0.0
          Min: 0.0, Avg: 0.0, Max: 0.0, Diff: 0.0, Sum: 0.0]
      [Update RS (ms):  4.6  5.1  4.8  4.7  5.4  4.7  5.1  4.9
       Min: 4.6, Avg: 4.9, Max: 5.4, Diff: 0.8, Sum: 39.3]
         [Processed Buffers:  4  6  6  6  6  10  6  6
          Min: 4, Avg: 6.2, Max: 10, Diff: 6, Sum: 50]
      [Scan RS (ms):  0.9  0.5  0.8  0.9  0.2  1.1  0.9  0.7
       Min: 0.2, Avg: 0.7, Max: 1.1, Diff: 0.9, Sum: 5.9]
      [Code Root Scanning (ms):  0.0  0.0  0.1  0.4  0.0  0.1  0.1  0.0
       Min: 0.0, Avg: 0.1, Max: 0.4, Diff: 0.4, Sum: 0.6]
      [Object Copy (ms):  5.9  5.9  5.8  5.6  5.9  5.7  5.5  5.9
       Min: 5.5, Avg: 5.8, Max: 5.9, Diff: 0.4, Sum: 46.3]
      [Termination (ms):  0.0  0.0  0.0  0.0  0.0  0.0  0.0  0.0
       Min: 0.0, Avg: 0.0, Max: 0.0, Diff: 0.0, Sum: 0.0]
         [Termination Attempts:  1  2  1  1  1  1  1  2
          Min: 1, Avg: 1.2, Max: 2, Diff: 1, Sum: 10]
      [GC Worker Other (ms):  0.0  0.0  0.0  0.0  0.0  0.0  0.0  0.0
       Min: 0.0, Avg: 0.0, Max: 0.0, Diff: 0.0, Sum: 0.1]
      [GC Worker Total (ms):  11.9  11.8  11.8  11.7  11.7  11.7  11.7  11.7
       Min: 11.7, Avg: 11.8, Max: 11.9, Diff: 0.1, Sum: 94.1]
      [GC Worker End (ms):  48180.5  48180.5  48180.5  48180.5  48180.5  48180.5  48180.5  48180.5
       Min: 48180.5, Avg: 48180.5, Max: 48180.5, Diff: 0.0]
   [Code Root Fixup: 0.2 ms]
   [Code Root Purge: 0.0 ms]
   [Clear CT: 0.1 ms]
   [Other: 0.5 ms]
      [Choose CSet: 0.0 ms]
      [Ref Proc: 0.2 ms]
      [Ref Enq: 0.0 ms]
      [Redirty Cards: 0.1 ms]
         [Parallel Redirty:  0.0  0.0  0.0  0.0  0.0  0.0  0.0  0.0
          Min: 0.0, Avg: 0.0, Max: 0.0, Diff: 0.0, Sum: 0.0]
         [Redirtied Cards:  5018  564  0  0  0  0  0  0
          Min: 0, Avg: 697.8, Max: 5018, Diff: 5018, Sum: 5582]
      [Humongous Register: 0.0 ms]
         [Humongous Total: 11]
         [Humongous Candidate: 11]
      [Humongous Reclaim: 0.0 ms]
         [Humongous Reclaimed: 0]
      [Free CSet: 0.1 ms]
         [Young Free CSet: 0.0 ms]
         [Non-Young Free CSet: 0.1 ms]
   [Eden: 9216.0K(9216.0K)->0.0B(82.0M) Survivors: 5120.0K->2048.0K Heap: 185.8M(297.0M)->165.3M(297.0M)]
 [Times: user=0.09 sys=0.01, real=0.01 secs] 
48.860: [GC pause (G1 Humongous Allocation) (young) (initial-mark), 0.0061058 secs]
   [Parallel Time: 5.5 ms, GC Workers: 8]
      [GC Worker Start (ms):  48860.3  48860.3  48860.4  48860.4  48860.4  48860.4  48860.4  48860.7
       Min: 48860.3, Avg: 48860.4, Max: 48860.7, Diff: 0.4]
      [Ext Root Scanning (ms):  1.0  0.5  0.6  0.5  0.5  0.4  0.4  0.2
       Min: 0.2, Avg: 0.5, Max: 1.0, Diff: 0.8, Sum: 4.2]
         [Thread Roots (ms):  0.0  0.1  0.0  0.5  0.0  0.0  0.0  0.0
          Min: 0.0, Avg: 0.1, Max: 0.5, Diff: 0.5, Sum: 0.6]
         [StringTable Roots (ms):  0.0  0.3  0.1  0.0  0.3  0.3  0.3  0.0
          Min: 0.0, Avg: 0.2, Max: 0.3, Diff: 0.3, Sum: 1.2]
         [Universe Roots (ms):  0.0  0.0  0.0  0.0  0.0  0.0  0.0  0.0
          Min: 0.0, Avg: 0.0, Max: 0.0, Diff: 0.0, Sum: 0.0]
         [JNI Handles Roots (ms):  0.0  0.0  0.0  0.0  0.0  0.0  0.0  0.0
          Min: 0.0, Avg: 0.0, Max: 0.0, Diff: 0.0, Sum: 0.0]
         [ObjectSynchronizer Roots (ms):  0.0  0.0  0.0  0.0  0.0  0.0  0.0  0.0
          Min: 0.0, Avg: 0.0, Max: 0.0, Diff: 0.0, Sum: 0.0]
         [FlatProfiler Roots (ms):  0.0  0.0  0.0  0.0  0.0  0.0  0.0  0.0
          Min: 0.0, Avg: 0.0, Max: 0.0, Diff: 0.0, Sum: 0.0]
         [Management Roots (ms):  0.0  0.0  0.0  0.0  0.0  0.0  0.0  0.0
          Min: 0.0, Avg: 0.0, Max: 0.0, Diff: 0.0, Sum: 0.0]
         [SystemDictionary Roots (ms):  0.0  0.0  0.1  0.0  0.0  0.0  0.0  0.0
          Min: 0.0, Avg: 0.0, Max: 0.1, Diff: 0.1, Sum: 0.1]
         [CLDG Roots (ms):  0.5  0.0  0.0  0.0  0.0  0.0  0.0  0.0
          Min: 0.0, Avg: 0.1, Max: 0.5, Diff: 0.5, Sum: 0.5]
         [JVMTI Roots (ms):  0.0  0.0  0.0  0.0  0.0  0.0  0.0  0.0
          Min: 0.0, Avg: 0.0, Max: 0.0, Diff: 0.0, Sum: 0.0]
         [CodeCache Roots (ms):  4.0  4.2  4.1  4.2  4.8  4.2  4.2  4.5
          Min: 4.0, Avg: 4.3, Max: 4.8, Diff: 0.8, Sum: 34.3]
         [CM RefProcessor Roots (ms):  0.0  0.0  0.0  0.0  0.0  0.0  0.0  0.0
          Min: 0.0, Avg: 0.0, Max: 0.0, Diff: 0.0, Sum: 0.0]
         [Wait For Strong CLD (ms):  0.5  0.2  0.3  0.0  0.2  0.2  0.2  0.2
          Min: 0.0, Avg: 0.2, Max: 0.5, Diff: 0.5, Sum: 1.9]
         [Weak CLD Roots (ms):  0.0  0.0  0.0  0.0  0.0  0.0  0.0  0.0
          Min: 0.0, Avg: 0.0, Max: 0.0, Diff: 0.0, Sum: 0.0]
         [SATB Filtering (ms):  0.0  0.0  0.0  0.0  0.0  0.0  0.0  0.0
          Min: 0.0, Avg: 0.0, Max: 0.0, Diff: 0.0, Sum: 0.0]
      [Update RS (ms):  4.0  4.2  4.1  4.2  4.8  4.2  4.2  4.5
       Min: 4.0, Avg: 4.3, Max: 4.8, Diff: 0.8, Sum: 34.2]
         [Processed Buffers:  5  3  7  4  1  4  7  3
          Min: 1, Avg: 4.2, Max: 7, Diff: 6, Sum: 34]
      [Scan RS (ms):  0.0  0.0  0.0  0.0  0.0  0.0  0.0  0.0
       Min: 0.0, Avg: 0.0, Max: 0.0, Diff: 0.0, Sum: 0.0]
      [Code Root Scanning (ms):  0.0  0.0  0.0  0.0  0.0  0.0  0.0  0.0
       Min: 0.0, Avg: 0.0, Max: 0.0, Diff: 0.0, Sum: 0.0]
      [Object Copy (ms):  0.0  0.1  0.1  0.0  0.1  0.1  0.1  0.0
       Min: 0.0, Avg: 0.1, Max: 0.1, Diff: 0.1, Sum: 0.5]
      [Termination (ms):  0.5  0.7  0.7  0.7  0.0  0.7  0.7  0.3
       Min: 0.0, Avg: 0.5, Max: 0.7, Diff: 0.7, Sum: 4.2]
         [Termination Attempts:  2  8  2  2  1  3  8  1
          Min: 1, Avg: 3.4, Max: 8, Diff: 7, Sum: 27]
      [GC Worker Other (ms):  0.0  0.0  0.0  0.0  0.0  0.0  0.0  0.0
       Min: 0.0, Avg: 0.0, Max: 0.0, Diff: 0.0, Sum: 0.1]
      [GC Worker Total (ms):  5.5  5.5  5.5  5.4  5.4  5.4  5.4  5.1
       Min: 5.1, Avg: 5.4, Max: 5.5, Diff: 0.4, Sum: 43.2]
      [GC Worker End (ms):  48865.8  48865.8  48865.8  48865.8  48865.8  48865.8  48865.8  48865.8
       Min: 48865.8, Avg: 48865.8, Max: 48865.8, Diff: 0.0]
   [Code Root Fixup: 0.0 ms]
   [Code Root Purge: 0.0 ms]
   [Clear CT: 0.1 ms]
   [Other: 0.4 ms]
      [Choose CSet: 0.0 ms]
      [Ref Proc: 0.2 ms]
      [Ref Enq: 0.0 ms]
      [Redirty Cards: 0.1 ms]
         [Parallel Redirty:  0.0  0.0  0.0  0.0  0.0  0.0  0.0  0.0
          Min: 0.0, Avg: 0.0, Max: 0.0, Diff: 0.0, Sum: 0.0]
         [Redirtied Cards:  68  0  0  0  0  0  0  0
          Min: 0, Avg: 8.5, Max: 68, Diff: 68, Sum: 68]
      [Humongous Register: 0.0 ms]
         [Humongous Total: 11]
         [Humongous Candidate: 11]
      [Humongous Reclaim: 0.0 ms]
         [Humongous Reclaimed: 0]
      [Free CSet: 0.0 ms]
         [Young Free CSet: 0.0 ms]
         [Non-Young Free CSet: 0.0 ms]
   [Eden: 15.0M(82.0M)->0.0B(85.0M) Survivors: 2048.0K->1024.0K Heap: 179.5M(297.0M)->164.3M(297.0M)]
 [Times: user=0.03 sys=0.00, real=0.00 secs] 
48.867: [GC concurrent-root-region-scan-start]
48.867: [GC concurrent-root-region-scan-end, 0.0004886 secs]
48.867: [GC concurrent-mark-start]
48.989: [GC concurrent-mark-end, 0.1222662 secs]
48.989: [GC remark 48.989: [Finalize Marking, 0.0001793 secs] 48.990: [GC ref-proc, 0.0001518 secs] 48.990: [Unloading 48.990: [System Dictionary Unloading, 0.0000178 secs] 48.990: [Parallel Unloading, 0.0027018 secs] 48.993: [Deallocate Metadata, 0.0000073 secs], 0.0027788 secs], 0.0035451 secs]
 [Times: user=0.02 sys=0.00, real=0.00 secs] 
48.993: [GC cleanup 180M->179M(297M), 0.0007374 secs]
 [Times: user=0.00 sys=0.00, real=0.00 secs] 
48.994: [GC concurrent-cleanup-start]
48.994: [GC concurrent-cleanup-end, 0.0000084 secs]
55.285: [GC pause (G1 Evacuation Pause) (young), 0.0012469 secs]
   [Parallel Time: 0.7 ms, GC Workers: 8]
      [GC Worker Start (ms):  55284.9  55284.9  55285.0  55285.0  55285.0  55285.0  55285.0  55285.2
       Min: 55284.9, Avg: 55285.0, Max: 55285.2, Diff: 0.3]
      [Ext Root Scanning (ms):  0.3  0.2  0.2  0.2  0.2  0.2  0.2  0.0
       Min: 0.0, Avg: 0.2, Max: 0.3, Diff: 0.3, Sum: 1.5]
         [Thread Roots (ms):  0.0  0.0  0.1  0.0  0.0  0.0  0.0  0.0
          Min: 0.0, Avg: 0.0, Max: 0.1, Diff: 0.1, Sum: 0.2]
         [StringTable Roots (ms):  0.0  0.1  0.1  0.2  0.1  0.2  0.2  0.0
          Min: 0.0, Avg: 0.1, Max: 0.2, Diff: 0.2, Sum: 1.0]
         [Universe Roots (ms):  0.0  0.0  0.0  0.0  0.0  0.0  0.0  0.0
          Min: 0.0, Avg: 0.0, Max: 0.0, Diff: 0.0, Sum: 0.0]
         [JNI Handles Roots (ms):  0.0  0.1  0.0  0.0  0.0  0.0  0.0  0.0
          Min: 0.0, Avg: 0.0, Max: 0.1, Diff: 0.1, Sum: 0.1]
         [ObjectSynchronizer Roots (ms):  0.0  0.0  0.0  0.0  0.0  0.0  0.0  0.0
          Min: 0.0, Avg: 0.0, Max: 0.0, Diff: 0.0, Sum: 0.0]
         [FlatProfiler Roots (ms):  0.0  0.0  0.0  0.0  0.0  0.0  0.0  0.0
          Min: 0.0, Avg: 0.0, Max: 0.0, Diff: 0.0, Sum: 0.0]
         [Management Roots (ms):  0.0  0.0  0.0  0.0  0.0  0.0  0.0  0.0
          Min: 0.0, Avg: 0.0, Max: 0.0, Diff: 0.0, Sum: 0.0]
         [SystemDictionary Roots (ms):  0.0  0.0  0.0  0.0  0.1  0.0  0.0  0.0
          Min: 0.0, Avg: 0.0, Max: 0.1, Diff: 0.1, Sum: 0.1]
         [CLDG Roots (ms):  0.3  0.0  0.0  0.0  0.0  0.0  0.0  0.0
          Min: 0.0, Avg: 0.0, Max: 0.3, Diff: 0.3, Sum: 0.3]
         [JVMTI Roots (ms):  0.0  0.0  0.0  0.0  0.0  0.0  0.0  0.0
          Min: 0.0, Avg: 0.0, Max: 0.0, Diff: 0.0, Sum: 0.0]
         [CodeCache Roots (ms):  0.0  0.1  0.1  0.3  0.1  0.1  0.4  0.1
          Min: 0.0, Avg: 0.1, Max: 0.4, Diff: 0.4, Sum: 1.1]
         [CM RefProcessor Roots (ms):  0.0  0.0  0.0  0.0  0.0  0.0  0.0  0.0
          Min: 0.0, Avg: 0.0, Max: 0.0, Diff: 0.0, Sum: 0.0]
         [Wait For Strong CLD (ms):  0.0  0.0  0.0  0.0  0.0  0.0  0.0  0.0
          Min: 0.0, Avg: 0.0, Max: 0.0, Diff: 0.0, Sum: 0.0]
         [Weak CLD Roots (ms):  0.0  0.0  0.0  0.0  0.0  0.0  0.0  0.0
          Min: 0.0, Avg: 0.0, Max: 0.0, Diff: 0.0, Sum: 0.0]
         [SATB Filtering (ms):  0.0  0.0  0.0  0.0  0.0  0.0  0.0  0.0
          Min: 0.0, Avg: 0.0, Max: 0.0, Diff: 0.0, Sum: 0.0]
      [Update RS (ms):  0.0  0.1  0.1  0.3  0.1  0.1  0.4  0.0
       Min: 0.0, Avg: 0.1, Max: 0.4, Diff: 0.4, Sum: 1.0]
         [Processed Buffers:  0  3  2  2  2  1  0  3
          Min: 0, Avg: 1.6, Max: 3, Diff: 3, Sum: 13]
      [Scan RS (ms):  0.0  0.0  0.0  0.0  0.0  0.0  0.0  0.0
       Min: 0.0, Avg: 0.0, Max: 0.0, Diff: 0.0, Sum: 0.1]
      [Code Root Scanning (ms):  0.0  0.0  0.0  0.0  0.0  0.0  0.0  0.0
       Min: 0.0, Avg: 0.0, Max: 0.0, Diff: 0.0, Sum: 0.0]
      [Object Copy (ms):  0.1  0.2  0.1  0.0  0.1  0.1  0.0  0.1
       Min: 0.0, Avg: 0.1, Max: 0.2, Diff: 0.2, Sum: 0.7]
      [Termination (ms):  0.2  0.2  0.2  0.1  0.2  0.2  0.0  0.2
       Min: 0.0, Avg: 0.2, Max: 0.2, Diff: 0.2, Sum: 1.4]
         [Termination Attempts:  8  10  9  1  9  10  1  11
          Min: 1, Avg: 7.4, Max: 11, Diff: 10, Sum: 59]
      [GC Worker Other (ms):  0.0  0.0  0.0  0.0  0.0  0.0  0.0  0.0
       Min: 0.0, Avg: 0.0, Max: 0.0, Diff: 0.0, Sum: 0.1]
      [GC Worker Total (ms):  0.7  0.7  0.6  0.6  0.6  0.6  0.6  0.4
       Min: 0.4, Avg: 0.6, Max: 0.7, Diff: 0.3, Sum: 4.8]
      [GC Worker End (ms):  55285.6  55285.6  55285.6  55285.6  55285.6  55285.6  55285.6  55285.6
       Min: 55285.6, Avg: 55285.6, Max: 55285.6, Diff: 0.0]
   [Code Root Fixup: 0.0 ms]
   [Code Root Purge: 0.0 ms]
   [Clear CT: 0.1 ms]
   [Other: 0.4 ms]
      [Choose CSet: 0.0 ms]
      [Ref Proc: 0.2 ms]
      [Ref Enq: 0.0 ms]
      [Redirty Cards: 0.1 ms]
         [Parallel Redirty:  0.0  0.0  0.0  0.0  0.0  0.0  0.0  0.0
          Min: 0.0, Avg: 0.0, Max: 0.0, Diff: 0.0, Sum: 0.0]
         [Redirtied Cards:  125  0  0  0  0  0  0  0
          Min: 0, Avg: 15.6, Max: 125, Diff: 125, Sum: 125]
      [Humongous Register: 0.0 ms]
         [Humongous Total: 17]
         [Humongous Candidate: 17]
      [Humongous Reclaim: 0.0 ms]
         [Humongous Reclaimed: 0]
      [Free CSet: 0.0 ms]
         [Young Free CSet: 0.0 ms]
         [Non-Young Free CSet: 0.0 ms]
   [Eden: 85.0M(85.0M)->0.0B(14.0M) Survivors: 1024.0K->1024.0K Heap: 268.1M(301.0M)->182.4M(301.0M)]
 [Times: user=0.01 sys=0.00, real=0.00 secs] 
55.381: [GC pause (G1 Evacuation Pause) (mixed), 0.0054189 secs]
   [Parallel Time: 4.7 ms, GC Workers: 8]
      [GC Worker Start (ms):  55380.9  55380.9  55380.9  55380.9  55380.9  55381.0  55381.0  55381.0
       Min: 55380.9, Avg: 55380.9, Max: 55381.0, Diff: 0.2]
      [Ext Root Scanning (ms):  0.4  0.3  0.2  0.2  0.2  0.2  0.2  0.1
       Min: 0.1, Avg: 0.2, Max: 0.4, Diff: 0.3, Sum: 1.8]
         [Thread Roots (ms):  0.0  0.2  0.0  0.0  0.0  0.0  0.0  0.0
          Min: 0.0, Avg: 0.0, Max: 0.2, Diff: 0.2, Sum: 0.2]
         [StringTable Roots (ms):  0.0  0.1  0.2  0.2  0.0  0.2  0.2  0.1
          Min: 0.0, Avg: 0.1, Max: 0.2, Diff: 0.2, Sum: 1.1]
         [Universe Roots (ms):  0.0  0.0  0.0  0.0  0.0  0.0  0.0  0.0
          Min: 0.0, Avg: 0.0, Max: 0.0, Diff: 0.0, Sum: 0.0]
         [JNI Handles Roots (ms):  0.0  0.0  0.1  0.0  0.0  0.0  0.0  0.0
          Min: 0.0, Avg: 0.0, Max: 0.1, Diff: 0.1, Sum: 0.1]
         [ObjectSynchronizer Roots (ms):  0.0  0.0  0.0  0.0  0.0  0.0  0.0  0.0
          Min: 0.0, Avg: 0.0, Max: 0.0, Diff: 0.0, Sum: 0.0]
         [FlatProfiler Roots (ms):  0.0  0.0  0.0  0.0  0.0  0.0  0.0  0.0
          Min: 0.0, Avg: 0.0, Max: 0.0, Diff: 0.0, Sum: 0.0]
         [Management Roots (ms):  0.0  0.0  0.0  0.0  0.0  0.0  0.0  0.0
          Min: 0.0, Avg: 0.0, Max: 0.0, Diff: 0.0, Sum: 0.0]
         [SystemDictionary Roots (ms):  0.0  0.0  0.0  0.0  0.2  0.0  0.0  0.0
          Min: 0.0, Avg: 0.0, Max: 0.2, Diff: 0.2, Sum: 0.2]
         [CLDG Roots (ms):  0.4  0.0  0.0  0.0  0.0  0.0  0.0  0.0
          Min: 0.0, Avg: 0.1, Max: 0.4, Diff: 0.4, Sum: 0.4]
         [JVMTI Roots (ms):  0.0  0.0  0.0  0.0  0.0  0.0  0.0  0.0
          Min: 0.0, Avg: 0.0, Max: 0.0, Diff: 0.0, Sum: 0.0]
         [CodeCache Roots (ms):  0.8  0.9  1.0  1.0  1.1  0.9  1.0  0.9
          Min: 0.8, Avg: 0.9, Max: 1.1, Diff: 0.3, Sum: 7.4]
         [CM RefProcessor Roots (ms):  0.0  0.0  0.0  0.0  0.0  0.0  0.0  0.0
          Min: 0.0, Avg: 0.0, Max: 0.0, Diff: 0.0, Sum: 0.0]
         [Wait For Strong CLD (ms):  0.0  0.0  0.0  0.0  0.0  0.0  0.0  0.0
          Min: 0.0, Avg: 0.0, Max: 0.0, Diff: 0.0, Sum: 0.0]
         [Weak CLD Roots (ms):  0.0  0.0  0.0  0.0  0.0  0.0  0.0  0.0
          Min: 0.0, Avg: 0.0, Max: 0.0, Diff: 0.0, Sum: 0.0]
         [SATB Filtering (ms):  0.0  0.0  0.0  0.0  0.0  0.0  0.0  0.0
          Min: 0.0, Avg: 0.0, Max: 0.0, Diff: 0.0, Sum: 0.0]
      [Update RS (ms):  0.0  0.0  0.1  0.1  0.1  0.1  0.1  0.1
       Min: 0.0, Avg: 0.1, Max: 0.1, Diff: 0.1, Sum: 0.5]
         [Processed Buffers:  0  2  1  1  1  2  1  4
          Min: 0, Avg: 1.5, Max: 4, Diff: 4, Sum: 12]
      [Scan RS (ms):  0.8  0.8  0.9  0.9  1.0  0.8  0.9  0.8
       Min: 0.8, Avg: 0.9, Max: 1.0, Diff: 0.2, Sum: 6.8]
      [Code Root Scanning (ms):  0.0  0.0  0.0  0.0  0.0  0.0  0.0  0.0
       Min: 0.0, Avg: 0.0, Max: 0.0, Diff: 0.0, Sum: 0.1]
      [Object Copy (ms):  3.4  3.5  3.4  3.4  3.2  3.4  3.4  3.4
       Min: 3.2, Avg: 3.4, Max: 3.5, Diff: 0.2, Sum: 27.1]
      [Termination (ms):  0.0  0.0  0.0  0.0  0.0  0.0  0.0  0.0
       Min: 0.0, Avg: 0.0, Max: 0.0, Diff: 0.0, Sum: 0.0]
         [Termination Attempts:  1  1  1  1  1  1  1  1
          Min: 1, Avg: 1.0, Max: 1, Diff: 0, Sum: 8]
      [GC Worker Other (ms):  0.0  0.0  0.0  0.0  0.0  0.0  0.0  0.0
       Min: 0.0, Avg: 0.0, Max: 0.0, Diff: 0.0, Sum: 0.1]
      [GC Worker Total (ms):  4.6  4.6  4.6  4.6  4.5  4.5  4.5  4.5
       Min: 4.5, Avg: 4.6, Max: 4.6, Diff: 0.2, Sum: 36.4]
      [GC Worker End (ms):  55385.5  55385.5  55385.5  55385.5  55385.5  55385.5  55385.5  55385.5
       Min: 55385.5, Avg: 55385.5, Max: 55385.5, Diff: 0.0]
   [Code Root Fixup: 0.1 ms]
   [Code Root Purge: 0.0 ms]
   [Clear CT: 0.1 ms]
   [Other: 0.6 ms]
      [Choose CSet: 0.0 ms]
      [Ref Proc: 0.2 ms]
      [Ref Enq: 0.0 ms]
      [Redirty Cards: 0.1 ms]
         [Parallel Redirty:  0.0  0.0  0.0  0.0  0.0  0.0  0.0  0.0
          Min: 0.0, Avg: 0.0, Max: 0.0, Diff: 0.0, Sum: 0.0]
         [Redirtied Cards:  3086  450  0  0  0  0  0  0
          Min: 0, Avg: 442.0, Max: 3086, Diff: 3086, Sum: 3536]
      [Humongous Register: 0.0 ms]
         [Humongous Total: 17]
         [Humongous Candidate: 17]
      [Humongous Reclaim: 0.0 ms]
         [Humongous Reclaimed: 0]
      [Free CSet: 0.1 ms]
         [Young Free CSet: 0.0 ms]
         [Non-Young Free CSet: 0.1 ms]
   [Eden: 14.0M(14.0M)->0.0B(73.0M) Survivors: 1024.0K->1024.0K Heap: 196.4M(301.0M)->176.4M(301.0M)]
 [Times: user=0.04 sys=0.00, real=0.00 secs] 
57.506: [GC pause (G1 Humongous Allocation) (young) (initial-mark), 0.0036555 secs]
   [Parallel Time: 3.0 ms, GC Workers: 8]
      [GC Worker Start (ms):  57505.9  57505.9  57505.9  57506.0  57506.0  57506.0  57506.0  57506.0
       Min: 57505.9, Avg: 57506.0, Max: 57506.0, Diff: 0.1]
      [Ext Root Scanning (ms):  0.5  0.5  0.6  0.4  0.5  0.5  0.5  0.5
       Min: 0.4, Avg: 0.5, Max: 0.6, Diff: 0.2, Sum: 4.0]
         [Thread Roots (ms):  0.0  0.1  0.4  0.1  0.0  0.0  0.0  0.0
          Min: 0.0, Avg: 0.1, Max: 0.4, Diff: 0.4, Sum: 0.6]
         [StringTable Roots (ms):  0.0  0.3  0.0  0.1  0.1  0.3  0.2  0.2
          Min: 0.0, Avg: 0.2, Max: 0.3, Diff: 0.3, Sum: 1.3]
         [Universe Roots (ms):  0.0  0.0  0.0  0.0  0.0  0.0  0.0  0.0
          Min: 0.0, Avg: 0.0, Max: 0.0, Diff: 0.0, Sum: 0.0]
         [JNI Handles Roots (ms):  0.0  0.0  0.0  0.0  0.0  0.0  0.0  0.0
          Min: 0.0, Avg: 0.0, Max: 0.0, Diff: 0.0, Sum: 0.0]
         [ObjectSynchronizer Roots (ms):  0.0  0.0  0.0  0.0  0.0  0.0  0.0  0.0
          Min: 0.0, Avg: 0.0, Max: 0.0, Diff: 0.0, Sum: 0.0]
         [FlatProfiler Roots (ms):  0.0  0.0  0.0  0.0  0.0  0.0  0.0  0.0
          Min: 0.0, Avg: 0.0, Max: 0.0, Diff: 0.0, Sum: 0.0]
         [Management Roots (ms):  0.0  0.0  0.0  0.0  0.0  0.0  0.0  0.0
          Min: 0.0, Avg: 0.0, Max: 0.0, Diff: 0.0, Sum: 0.0]
         [SystemDictionary Roots (ms):  0.0  0.0  0.0  0.0  0.1  0.0  0.0  0.0
          Min: 0.0, Avg: 0.0, Max: 0.1, Diff: 0.1, Sum: 0.1]
         [CLDG Roots (ms):  0.5  0.0  0.0  0.0  0.0  0.0  0.0  0.0
          Min: 0.0, Avg: 0.1, Max: 0.5, Diff: 0.5, Sum: 0.5]
         [JVMTI Roots (ms):  0.0  0.0  0.0  0.0  0.0  0.0  0.0  0.0
          Min: 0.0, Avg: 0.0, Max: 0.0, Diff: 0.0, Sum: 0.0]
         [CodeCache Roots (ms):  2.2  2.3  1.8  2.2  2.2  2.0  1.8  1.8
          Min: 1.8, Avg: 2.0, Max: 2.3, Diff: 0.6, Sum: 16.2]
         [CM RefProcessor Roots (ms):  0.0  0.0  0.0  0.0  0.0  0.0  0.0  0.0
          Min: 0.0, Avg: 0.0, Max: 0.0, Diff: 0.0, Sum: 0.0]
         [Wait For Strong CLD (ms):  0.0  0.2  0.2  0.2  0.3  0.2  0.3  0.3
          Min: 0.0, Avg: 0.2, Max: 0.3, Diff: 0.3, Sum: 1.7]
         [Weak CLD Roots (ms):  0.0  0.0  0.0  0.0  0.0  0.0  0.0  0.0
          Min: 0.0, Avg: 0.0, Max: 0.0, Diff: 0.0, Sum: 0.0]
         [SATB Filtering (ms):  0.0  0.0  0.0  0.0  0.0  0.0  0.0  0.0
          Min: 0.0, Avg: 0.0, Max: 0.0, Diff: 0.0, Sum: 0.0]
      [Update RS (ms):  2.2  2.3  1.7  2.2  2.2  2.0  1.7  1.8
       Min: 1.7, Avg: 2.0, Max: 2.3, Diff: 0.7, Sum: 16.1]
         [Processed Buffers:  2  2  5  2  3  2  3  4
          Min: 2, Avg: 2.9, Max: 5, Diff: 3, Sum: 23]
      [Scan RS (ms):  0.0  0.0  0.0  0.0  0.0  0.0  0.0  0.0
       Min: 0.0, Avg: 0.0, Max: 0.0, Diff: 0.0, Sum: 0.0]
      [Code Root Scanning (ms):  0.0  0.0  0.1  0.0  0.0  0.0  0.0  0.0
       Min: 0.0, Avg: 0.0, Max: 0.1, Diff: 0.1, Sum: 0.1]
      [Object Copy (ms):  0.0  0.1  0.2  0.2  0.0  0.1  0.2  0.1
       Min: 0.0, Avg: 0.1, Max: 0.2, Diff: 0.2, Sum: 0.9]
      [Termination (ms):  0.2  0.0  0.4  0.1  0.1  0.2  0.4  0.4
       Min: 0.0, Avg: 0.2, Max: 0.4, Diff: 0.4, Sum: 1.8]
         [Termination Attempts:  13  1  31  9  1  28  25  22
          Min: 1, Avg: 16.2, Max: 31, Diff: 30, Sum: 130]
      [GC Worker Other (ms):  0.0  0.0  0.0  0.0  0.0  0.0  0.0  0.0
       Min: 0.0, Avg: 0.0, Max: 0.0, Diff: 0.0, Sum: 0.1]
      [GC Worker Total (ms):  3.0  2.9  2.9  2.9  2.9  2.8  2.9  2.8
       Min: 2.8, Avg: 2.9, Max: 3.0, Diff: 0.2, Sum: 23.0]
      [GC Worker End (ms):  57508.9  57508.8  57508.8  57508.8  57508.8  57508.8  57508.9  57508.8
       Min: 57508.8, Avg: 57508.8, Max: 57508.9, Diff: 0.0]
   [Code Root Fixup: 0.0 ms]
   [Code Root Purge: 0.0 ms]
   [Clear CT: 0.1 ms]
   [Other: 0.4 ms]
      [Choose CSet: 0.0 ms]
      [Ref Proc: 0.2 ms]
      [Ref Enq: 0.0 ms]
      [Redirty Cards: 0.1 ms]
         [Parallel Redirty:  0.0  0.0  0.0  0.0  0.0  0.0  0.0  0.0
          Min: 0.0, Avg: 0.0, Max: 0.0, Diff: 0.0, Sum: 0.0]
         [Redirtied Cards:  135  0  0  0  0  0  0  0
          Min: 0, Avg: 16.9, Max: 135, Diff: 135, Sum: 135]
      [Humongous Register: 0.0 ms]
         [Humongous Total: 17]
         [Humongous Candidate: 17]
      [Humongous Reclaim: 0.0 ms]
         [Humongous Reclaimed: 0]
      [Free CSet: 0.0 ms]
         [Young Free CSet: 0.0 ms]
         [Non-Young Free CSet: 0.0 ms]
   [Eden: 15.0M(73.0M)->0.0B(75.0M) Survivors: 1024.0K->1024.0K Heap: 191.4M(301.0M)->176.4M(301.0M)]
 [Times: user=0.02 sys=0.00, real=0.01 secs] 
57.510: [GC concurrent-root-region-scan-start]
57.510: [GC concurrent-root-region-scan-end, 0.0006262 secs]
57.510: [GC concurrent-mark-start]
57.629: [GC concurrent-mark-end, 0.1181704 secs]
57.629: [GC remark 57.629: [Finalize Marking, 0.0001759 secs] 57.629: [GC ref-proc, 0.0001526 secs] 57.629: [Unloading 57.629: [System Dictionary Unloading, 0.0000177 secs] 57.629: [Parallel Unloading, 0.0025226 secs] 57.632: [Deallocate Metadata, 0.0000074 secs], 0.0025918 secs], 0.0034273 secs]
 [Times: user=0.03 sys=0.01, real=0.01 secs] 
57.632: [GC cleanup 190M->190M(301M), 0.0005231 secs]
 [Times: user=0.00 sys=0.00, real=0.00 secs] 
74.219: [GC pause (G1 Evacuation Pause) (young), 0.0017291 secs]
   [Parallel Time: 0.9 ms, GC Workers: 8]
      [GC Worker Start (ms):  74218.8  74218.8  74218.9  74218.9  74218.9  74218.9  74218.9  74218.9
       Min: 74218.8, Avg: 74218.9, Max: 74218.9, Diff: 0.1]
      [Ext Root Scanning (ms):  0.4  0.2  0.2  0.2  0.2  0.2  0.2  0.2
       Min: 0.2, Avg: 0.2, Max: 0.4, Diff: 0.2, Sum: 1.7]
         [Thread Roots (ms):  0.0  0.1  0.1  0.1  0.0  0.0  0.0  0.0
          Min: 0.0, Avg: 0.0, Max: 0.1, Diff: 0.1, Sum: 0.4]
         [StringTable Roots (ms):  0.0  0.1  0.2  0.1  0.2  0.1  0.2  0.2
          Min: 0.0, Avg: 0.1, Max: 0.2, Diff: 0.2, Sum: 1.0]
         [Universe Roots (ms):  0.0  0.0  0.0  0.0  0.0  0.0  0.0  0.0
          Min: 0.0, Avg: 0.0, Max: 0.0, Diff: 0.0, Sum: 0.0]
         [JNI Handles Roots (ms):  0.0  0.0  0.0  0.0  0.0  0.0  0.0  0.0
          Min: 0.0, Avg: 0.0, Max: 0.0, Diff: 0.0, Sum: 0.0]
         [ObjectSynchronizer Roots (ms):  0.0  0.0  0.0  0.0  0.0  0.0  0.0  0.0
          Min: 0.0, Avg: 0.0, Max: 0.0, Diff: 0.0, Sum: 0.0]
         [FlatProfiler Roots (ms):  0.0  0.0  0.0  0.0  0.0  0.0  0.0  0.0
          Min: 0.0, Avg: 0.0, Max: 0.0, Diff: 0.0, Sum: 0.0]
         [Management Roots (ms):  0.0  0.0  0.0  0.0  0.0  0.0  0.0  0.0
          Min: 0.0, Avg: 0.0, Max: 0.0, Diff: 0.0, Sum: 0.0]
         [SystemDictionary Roots (ms):  0.0  0.0  0.0  0.0  0.0  0.1  0.0  0.0
          Min: 0.0, Avg: 0.0, Max: 0.1, Diff: 0.1, Sum: 0.1]
         [CLDG Roots (ms):  0.4  0.0  0.0  0.0  0.0  0.0  0.0  0.0
          Min: 0.0, Avg: 0.0, Max: 0.4, Diff: 0.4, Sum: 0.4]
         [JVMTI Roots (ms):  0.0  0.0  0.0  0.0  0.0  0.0  0.0  0.0
          Min: 0.0, Avg: 0.0, Max: 0.0, Diff: 0.0, Sum: 0.0]
         [CodeCache Roots (ms):  0.1  0.0  0.1  0.1  0.5  0.1  0.2  0.1
          Min: 0.0, Avg: 0.2, Max: 0.5, Diff: 0.5, Sum: 1.2]
         [CM RefProcessor Roots (ms):  0.0  0.0  0.0  0.0  0.0  0.0  0.0  0.0
          Min: 0.0, Avg: 0.0, Max: 0.0, Diff: 0.0, Sum: 0.0]
         [Wait For Strong CLD (ms):  0.0  0.0  0.0  0.0  0.0  0.0  0.0  0.0
          Min: 0.0, Avg: 0.0, Max: 0.0, Diff: 0.0, Sum: 0.0]
         [Weak CLD Roots (ms):  0.0  0.0  0.0  0.0  0.0  0.0  0.0  0.0
          Min: 0.0, Avg: 0.0, Max: 0.0, Diff: 0.0, Sum: 0.0]
         [SATB Filtering (ms):  0.0  0.0  0.0  0.0  0.0  0.0  0.0  0.0
          Min: 0.0, Avg: 0.0, Max: 0.0, Diff: 0.0, Sum: 0.0]
      [Update RS (ms):  0.0  0.0  0.1  0.1  0.5  0.1  0.1  0.1
       Min: 0.0, Avg: 0.1, Max: 0.5, Diff: 0.5, Sum: 1.1]
         [Processed Buffers:  3  0  1  2  4  1  3  1
          Min: 0, Avg: 1.9, Max: 4, Diff: 4, Sum: 15]
      [Scan RS (ms):  0.0  0.0  0.0  0.0  0.0  0.0  0.0  0.0
       Min: 0.0, Avg: 0.0, Max: 0.0, Diff: 0.0, Sum: 0.1]
      [Code Root Scanning (ms):  0.0  0.0  0.0  0.0  0.0  0.0  0.1  0.0
       Min: 0.0, Avg: 0.0, Max: 0.1, Diff: 0.1, Sum: 0.1]
      [Object Copy (ms):  0.1  0.4  0.1  0.1  0.0  0.1  0.1  0.2
       Min: 0.0, Avg: 0.2, Max: 0.4, Diff: 0.4, Sum: 1.2]
      [Termination (ms):  0.3  0.3  0.3  0.3  0.0  0.3  0.3  0.3
       Min: 0.0, Avg: 0.3, Max: 0.3, Diff: 0.3, Sum: 2.1]
         [Termination Attempts:  31  47  23  31  1  32  45  29
          Min: 1, Avg: 29.9, Max: 47, Diff: 46, Sum: 239]
      [GC Worker Other (ms):  0.0  0.0  0.0  0.0  0.0  0.0  0.0  0.0
       Min: 0.0, Avg: 0.0, Max: 0.0, Diff: 0.0, Sum: 0.1]
      [GC Worker Total (ms):  0.9  0.8  0.8  0.8  0.8  0.8  0.8  0.8
       Min: 0.8, Avg: 0.8, Max: 0.9, Diff: 0.1, Sum: 6.4]
      [GC Worker End (ms):  74219.7  74219.7  74219.7  74219.7  74219.7  74219.7  74219.7  74219.7
       Min: 74219.7, Avg: 74219.7, Max: 74219.7, Diff: 0.0]
   [Code Root Fixup: 0.1 ms]
   [Code Root Purge: 0.0 ms]
   [Clear CT: 0.2 ms]
   [Other: 0.5 ms]
      [Choose CSet: 0.0 ms]
      [Ref Proc: 0.2 ms]
      [Ref Enq: 0.0 ms]
      [Redirty Cards: 0.2 ms]
         [Parallel Redirty:  0.0  0.0  0.0  0.0  0.0  0.0  0.0  0.0
          Min: 0.0, Avg: 0.0, Max: 0.0, Diff: 0.0, Sum: 0.0]
         [Redirtied Cards:  276  0  0  0  0  0  0  0
          Min: 0, Avg: 34.5, Max: 276, Diff: 276, Sum: 276]
      [Humongous Register: 0.0 ms]
         [Humongous Total: 24]
         [Humongous Candidate: 24]
      [Humongous Reclaim: 0.0 ms]
         [Humongous Reclaimed: 0]
      [Free CSet: 0.1 ms]
         [Young Free CSet: 0.1 ms]
         [Non-Young Free CSet: 0.0 ms]
   [Eden: 75.0M(75.0M)->0.0B(57.0M) Survivors: 1024.0K->1024.0K Heap: 274.6M(309.0M)->199.7M(309.0M)]
 [Times: user=0.01 sys=0.00, real=0.01 secs] 
76.897: [GC pause (G1 Humongous Allocation) (young) (initial-mark), 0.0017112 secs]
   [Parallel Time: 1.2 ms, GC Workers: 8]
      [GC Worker Start (ms):  76897.2  76897.2  76897.2  76897.3  76897.3  76897.7  76897.7  76897.7
       Min: 76897.2, Avg: 76897.4, Max: 76897.7, Diff: 0.5]
      [Ext Root Scanning (ms):  0.6  0.8  0.5  0.4  0.6  0.4  0.4  0.6
       Min: 0.4, Avg: 0.5, Max: 0.8, Diff: 0.4, Sum: 4.3]
         [Thread Roots (ms):  0.0  0.1  0.0  0.2  0.3  0.0  0.0  0.0
          Min: 0.0, Avg: 0.1, Max: 0.3, Diff: 0.3, Sum: 0.6]
         [StringTable Roots (ms):  0.0  0.3  0.4  0.3  0.1  0.0  0.0  0.0
          Min: 0.0, Avg: 0.1, Max: 0.4, Diff: 0.4, Sum: 0.9]
         [Universe Roots (ms):  0.0  0.0  0.0  0.0  0.0  0.0  0.0  0.0
          Min: 0.0, Avg: 0.0, Max: 0.0, Diff: 0.0, Sum: 0.0]
         [JNI Handles Roots (ms):  0.0  0.0  0.0  0.0  0.0  0.0  0.0  0.0
          Min: 0.0, Avg: 0.0, Max: 0.0, Diff: 0.0, Sum: 0.0]
         [ObjectSynchronizer Roots (ms):  0.0  0.0  0.0  0.0  0.0  0.0  0.0  0.0
          Min: 0.0, Avg: 0.0, Max: 0.0, Diff: 0.0, Sum: 0.0]
         [FlatProfiler Roots (ms):  0.0  0.0  0.0  0.0  0.0  0.0  0.0  0.0
          Min: 0.0, Avg: 0.0, Max: 0.0, Diff: 0.0, Sum: 0.0]
         [Management Roots (ms):  0.0  0.0  0.0  0.0  0.0  0.0  0.0  0.0
          Min: 0.0, Avg: 0.0, Max: 0.0, Diff: 0.0, Sum: 0.0]
         [SystemDictionary Roots (ms):  0.0  0.1  0.0  0.0  0.0  0.0  0.0  0.0
          Min: 0.0, Avg: 0.0, Max: 0.1, Diff: 0.1, Sum: 0.1]
         [CLDG Roots (ms):  0.6  0.0  0.0  0.0  0.0  0.0  0.0  0.0
          Min: 0.0, Avg: 0.1, Max: 0.6, Diff: 0.6, Sum: 0.6]
         [JVMTI Roots (ms):  0.0  0.0  0.0  0.0  0.0  0.0  0.0  0.0
          Min: 0.0, Avg: 0.0, Max: 0.0, Diff: 0.0, Sum: 0.0]
         [CodeCache Roots (ms):  0.3  0.0  0.3  0.2  0.2  0.1  0.0  0.0
          Min: 0.0, Avg: 0.1, Max: 0.3, Diff: 0.3, Sum: 1.2]
         [CM RefProcessor Roots (ms):  0.0  0.0  0.0  0.0  0.0  0.0  0.0  0.0
          Min: 0.0, Avg: 0.0, Max: 0.0, Diff: 0.0, Sum: 0.0]
         [Wait For Strong CLD (ms):  0.0  0.4  0.2  0.2  0.2  0.3  0.4  0.6
          Min: 0.0, Avg: 0.3, Max: 0.6, Diff: 0.6, Sum: 2.2]
         [Weak CLD Roots (ms):  0.0  0.0  0.0  0.0  0.0  0.0  0.0  0.0
          Min: 0.0, Avg: 0.0, Max: 0.0, Diff: 0.0, Sum: 0.0]
         [SATB Filtering (ms):  0.0  0.0  0.0  0.0  0.0  0.0  0.0  0.0
          Min: 0.0, Avg: 0.0, Max: 0.0, Diff: 0.0, Sum: 0.0]
      [Update RS (ms):  0.2  0.0  0.3  0.2  0.2  0.1  0.0  0.0
       Min: 0.0, Avg: 0.1, Max: 0.3, Diff: 0.3, Sum: 1.0]
         [Processed Buffers:  2  4  2  2  2  1  0  0
          Min: 0, Avg: 1.6, Max: 4, Diff: 4, Sum: 13]
      [Scan RS (ms):  0.0  0.0  0.0  0.0  0.0  0.0  0.0  0.0
       Min: 0.0, Avg: 0.0, Max: 0.0, Diff: 0.0, Sum: 0.0]
      [Code Root Scanning (ms):  0.1  0.0  0.0  0.0  0.0  0.0  0.0  0.0
       Min: 0.0, Avg: 0.0, Max: 0.1, Diff: 0.1, Sum: 0.1]
      [Object Copy (ms):  0.0  0.2  0.2  0.4  0.1  0.1  0.1  0.0
       Min: 0.0, Avg: 0.1, Max: 0.4, Diff: 0.4, Sum: 1.1]
      [Termination (ms):  0.1  0.1  0.1  0.1  0.1  0.1  0.1  0.0
       Min: 0.0, Avg: 0.1, Max: 0.1, Diff: 0.1, Sum: 0.8]
         [Termination Attempts:  1  1  1  1  1  1  1  1
          Min: 1, Avg: 1.0, Max: 1, Diff: 0, Sum: 8]
      [GC Worker Other (ms):  0.0  0.0  0.0  0.0  0.0  0.0  0.0  0.0
       Min: 0.0, Avg: 0.0, Max: 0.0, Diff: 0.0, Sum: 0.1]
      [GC Worker Total (ms):  1.1  1.1  1.1  1.1  1.1  0.7  0.6  0.6
       Min: 0.6, Avg: 0.9, Max: 1.1, Diff: 0.5, Sum: 7.4]
      [GC Worker End (ms):  76898.3  76898.3  76898.3  76898.3  76898.3  76898.3  76898.3  76898.3
       Min: 76898.3, Avg: 76898.3, Max: 76898.3, Diff: 0.0]
   [Code Root Fixup: 0.0 ms]
   [Code Root Purge: 0.0 ms]
   [Clear CT: 0.1 ms]
   [Other: 0.4 ms]
      [Choose CSet: 0.0 ms]
      [Ref Proc: 0.2 ms]
      [Ref Enq: 0.0 ms]
      [Redirty Cards: 0.1 ms]
         [Parallel Redirty:  0.0  0.0  0.0  0.0  0.0  0.0  0.0  0.0
          Min: 0.0, Avg: 0.0, Max: 0.0, Diff: 0.0, Sum: 0.0]
         [Redirtied Cards:  271  0  0  0  0  0  0  0
          Min: 0, Avg: 33.9, Max: 271, Diff: 271, Sum: 271]
      [Humongous Register: 0.0 ms]
         [Humongous Total: 24]
         [Humongous Candidate: 24]
      [Humongous Reclaim: 0.0 ms]
         [Humongous Reclaimed: 0]
      [Free CSet: 0.0 ms]
         [Young Free CSet: 0.0 ms]
         [Non-Young Free CSet: 0.0 ms]
   [Eden: 12.0M(57.0M)->0.0B(57.0M) Survivors: 1024.0K->1024.0K Heap: 211.2M(309.0M)->199.7M(309.0M)]
 [Times: user=0.01 sys=0.00, real=0.00 secs] 
76.899: [GC concurrent-root-region-scan-start]
76.900: [GC concurrent-root-region-scan-end, 0.0005544 secs]
76.900: [GC concurrent-mark-start]
77.018: [GC concurrent-mark-end, 0.1186867 secs]
77.018: [GC remark 77.018: [Finalize Marking, 0.0001793 secs] 77.019: [GC ref-proc, 0.0001494 secs] 77.019: [Unloading 77.019: [System Dictionary Unloading, 0.0000188 secs] 77.019: [Parallel Unloading, 0.0033054 secs] 77.022: [Deallocate Metadata, 0.0000088 secs], 0.0033910 secs], 0.0042348 secs]
 [Times: user=0.02 sys=0.00, real=0.01 secs] 
77.023: [GC cleanup 213M->213M(309M), 0.0005932 secs]
 [Times: user=0.00 sys=0.00, real=0.00 secs] 
