[38.822s][debug][gc,phases         ] GC(717)     GC Worker Total (ms):     Min:  0.2, Avg:  0.2, Max:  0.3, Diff:  0.1, Sum:  1.9, Workers: 8
[38.822s][info ][gc,phases         ] GC(717)   Post Evacuate Collection Set: 0.5ms
[38.822s][debug][gc,phases         ] GC(717)     Code Roots Fixup: 0.0ms
[38.822s][debug][gc,phases         ] GC(717)     Clear Card Table: 0.2ms
[38.822s][debug][gc,phases         ] GC(717)     Reference Processing: 0.0ms
[38.822s][debug][gc,phases,ref     ] GC(717)       Reconsider SoftReferences: 0.0ms
[38.822s][debug][gc,phases,ref     ] GC(717)         SoftRef (ms):             skipped
[38.822s][debug][gc,phases,ref     ] GC(717)       Notify Soft/WeakReferences: 0.0ms
[38.822s][debug][gc,phases,ref     ] GC(717)         SoftRef (ms):             skipped
[38.822s][debug][gc,phases,ref     ] GC(717)         WeakRef (ms):             skipped
[38.822s][debug][gc,phases,ref     ] GC(717)         FinalRef (ms):            skipped
[38.822s][debug][gc,phases,ref     ] GC(717)         Total (ms):               skipped
[38.822s][debug][gc,phases,ref     ] GC(717)       Notify and keep alive finalizable: 0.0ms
[38.822s][debug][gc,phases,ref     ] GC(717)         FinalRef (ms):            skipped
[38.822s][debug][gc,phases,ref     ] GC(717)       Notify PhantomReferences: 0.0ms
[38.822s][debug][gc,phases,ref     ] GC(717)         PhantomRef (ms):          skipped
[38.822s][debug][gc,phases,ref     ] GC(717)       SoftReference:
[38.822s][debug][gc,phases,ref     ] GC(717)         Discovered: 0
[38.822s][debug][gc,phases,ref     ] GC(717)         Cleared: 0
[38.822s][debug][gc,phases,ref     ] GC(717)       WeakReference:
[38.822s][debug][gc,phases,ref     ] GC(717)         Discovered: 0
[38.822s][debug][gc,phases,ref     ] GC(717)         Cleared: 0
[38.822s][debug][gc,phases,ref     ] GC(717)       FinalReference:
[38.822s][debug][gc,phases,ref     ] GC(717)         Discovered: 0
[38.822s][debug][gc,phases,ref     ] GC(717)         Cleared: 0
[38.822s][debug][gc,phases,ref     ] GC(717)       PhantomReference:
[38.822s][debug][gc,phases,ref     ] GC(717)         Discovered: 0
[38.822s][debug][gc,phases,ref     ] GC(717)         Cleared: 0
[38.822s][debug][gc,phases         ] GC(717)     Weak Processing: 0.0ms
[38.822s][debug][gc,phases         ] GC(717)       JVMTI weak processing: 0.0ms
[38.822s][debug][gc,phases         ] GC(717)         Dead: 0
[38.822s][debug][gc,phases         ] GC(717)         Total: 0
[38.822s][debug][gc,phases         ] GC(717)       JFR weak processing: 0.0ms
[38.822s][debug][gc,phases         ] GC(717)         Dead: 0
[38.822s][debug][gc,phases         ] GC(717)         Total: 0
[38.822s][debug][gc,phases         ] GC(717)       JNI weak                  Min:  0.0, Avg:  0.0, Max:  0.0, Diff:  0.0, Sum:  0.0, Workers: 5
[38.822s][debug][gc,phases         ] GC(717)         Dead                      Min: 0, Avg:  0.0, Max: 0, Diff: 0, Sum: 0, Workers: 5
[38.822s][debug][gc,phases         ] GC(717)         Total                     Min: 0, Avg: 13.4, Max: 64, Diff: 64, Sum: 67, Workers: 5
[38.822s][debug][gc,phases         ] GC(717)       VM weak                   Min:  0.0, Avg:  0.0, Max:  0.0, Diff:  0.0, Sum:  0.0, Workers: 5
[38.822s][debug][gc,phases         ] GC(717)         Dead                      Min: 0, Avg:  0.0, Max: 0, Diff: 0, Sum: 0, Workers: 5
[38.822s][debug][gc,phases         ] GC(717)         Total                     Min: 0, Avg: 45.2, Max: 64, Diff: 64, Sum: 226, Workers: 5
[38.822s][debug][gc,phases         ] GC(717)       StringTable weak          Min:  0.0, Avg:  0.0, Max:  0.0, Diff:  0.0, Sum:  0.1, Workers: 5
[38.822s][debug][gc,phases         ] GC(717)         Dead                      Min: 0, Avg:  0.0, Max: 0, Diff: 0, Sum: 0, Workers: 5
[38.822s][debug][gc,phases         ] GC(717)         Total                     Min: 0, Avg: 682.8, Max: 919, Diff: 919, Sum: 3414, Workers: 5
[38.822s][debug][gc,phases         ] GC(717)       ResolvedMethodTable weak  Min:  0.0, Avg:  0.0, Max:  0.0, Diff:  0.0, Sum:  0.0, Workers: 5
[38.822s][debug][gc,phases         ] GC(717)         Dead                      Min: 0, Avg:  0.0, Max: 0, Diff: 0, Sum: 0, Workers: 5
[38.822s][debug][gc,phases         ] GC(717)         Total                     Min: 0, Avg: 120.2, Max: 192, Diff: 192, Sum: 601, Workers: 5
[38.822s][debug][gc,phases         ] GC(717)     Merge Per-Thread State: 0.0ms
[38.822s][debug][gc,phases         ] GC(717)       Copied Bytes              Min: 144, Avg: 250315.0, Max: 800096, Diff: 799952, Sum: 2002520, Workers: 8
[38.822s][debug][gc,phases         ] GC(717)       LAB Waste                 Min: 0, Avg:  0.0, Max: 0, Diff: 0, Sum: 0, Workers: 8
[38.822s][debug][gc,phases         ] GC(717)       LAB Undo Waste            Min: 0, Avg:  0.0, Max: 0, Diff: 0, Sum: 0, Workers: 8
[38.822s][debug][gc,phases         ] GC(717)     Code Roots Purge: 0.0ms
[38.822s][debug][gc,phases         ] GC(717)     Redirty Cards: 0.0ms
[38.822s][debug][gc,phases         ] GC(717)     DerivedPointerTable Update: 0.0ms
[38.822s][debug][gc,phases         ] GC(717)     Free Collection Set: 0.2ms
[38.822s][debug][gc,phases         ] GC(717)     Rebuild Free List: 0.1ms
[38.822s][debug][gc,phases         ] GC(717)     Humongous Reclaim: 0.0ms
[38.822s][debug][gc,phases         ] GC(717)     Start New Collection Set: 0.0ms
[38.822s][debug][gc,phases         ] GC(717)     Resize TLABs: 0.0ms
[38.822s][debug][gc,phases         ] GC(717)     Expand Heap After Collection: 0.0ms
[38.822s][info ][gc,phases         ] GC(717)   Other: 0.3ms
[38.822s][info ][gc,heap           ] GC(717) Eden regions: 865->0(867)
[38.822s][info ][gc,heap           ] GC(717) Survivor regions: 5->3(109)
[38.822s][info ][gc,heap           ] GC(717) Old regions: 17->17
[38.822s][info ][gc,heap           ] GC(717) Archive regions: 2->2
[38.822s][info ][gc,heap           ] GC(717) Humongous regions: 0->0
[38.822s][info ][gc,metaspace      ] GC(717) Metaspace: 10130K(10624K)->10130K(10624K) NonClass: 8932K(9216K)->8932K(9216K) Class: 1198K(1408K)->1198K(1408K)
[38.822s][debug][gc,heap           ] GC(717) Heap after GC invocations=718 (full 1): garbage-first heap   total 1484800K, used 20190K [0x0000000700000000, 0x0000000800000000)
[38.822s][debug][gc,heap           ] GC(717)   region size 1024K, 3 young (3072K), 3 survivors (3072K)
[38.822s][debug][gc,heap           ] GC(717)  Metaspace       used 10130K, capacity 10468K, committed 10624K, reserved 1058816K
[38.823s][debug][gc,heap           ] GC(717)   class space    used 1198K, capacity 1344K, committed 1408K, reserved 1048576K
[38.823s][info ][gc                ] GC(717) Pause Young (Normal) (G1 Evacuation Pause) 886M->19M(1450M) 9.709ms
[38.823s][info ][gc,cpu            ] GC(717) User=0.00s Sys=0.00s Real=0.00s
[38.823s][info ][safepoint         ] Safepoint "G1CollectForAllocation", Time since last: 41306433 ns, Reaching safepoint: 197774 ns, At safepoint: 9905097 ns, Total: 10102871 ns
[38.866s][debug][gc,heap           ] GC(718) Heap before GC invocations=718 (full 1): garbage-first heap   total 1484800K, used 906974K [0x0000000700000000, 0x0000000800000000)
[38.866s][debug][gc,heap           ] GC(718)   region size 1024K, 870 young (890880K), 3 survivors (3072K)
[38.866s][debug][gc,heap           ] GC(718)  Metaspace       used 10130K, capacity 10468K, committed 10624K, reserved 1058816K
[38.866s][debug][gc,heap           ] GC(718)   class space    used 1198K, capacity 1344K, committed 1408K, reserved 1048576K
[38.866s][info ][gc,start          ] GC(718) Pause Young (Normal) (G1 Evacuation Pause)
[38.866s][info ][gc,task           ] GC(718) Using 8 workers of 8 for evacuation
[38.866s][debug][gc,tlab           ] GC(718) TLAB totals: thrds: 8  refills: 13 max: 3 slow allocs: 1726 max 250 waste: 35.6% gc: 1211112B max: 233776B slow: 57608B max: 15952B fast: 0B max: 0B
[38.866s][debug][gc,age            ] GC(718) Desired survivor size 57147392 bytes, new threshold 15 (max threshold 15)
[38.866s][debug][gc,alloc,region   ] GC(718) Mutator Allocation stats, regions: 867, wasted size: 203M (23.4%)
[38.866s][debug][gc,ergo           ] GC(718) Running G1 Merge Heap Roots using 8 workers for 870 regions
[38.866s][debug][gc,remset         ] GC(718) Visited cards 256 Total dirty 2048 (12.50%) Total old 3602432 (0.01%)
[38.867s][debug][gc,ergo           ] GC(718) Running G1 Clear Card Table Task using 2 workers for 2 units of work for 871 regions.
[38.867s][debug][gc,ref            ] GC(718) Skipped phase1 of Reference Processing due to unavailable references
[38.867s][debug][gc,ref            ] GC(718) Skipped phase2 of Reference Processing due to unavailable references
[38.867s][debug][gc,ref            ] GC(718) Skipped phase3 of Reference Processing due to unavailable references
[38.867s][debug][gc,ref            ] GC(718) Skipped phase4 of Reference Processing due to unavailable references
[38.867s][debug][gc,ergo           ] GC(718) Running G1 Free Collection Set using 8 workers for collection set length 870 (1450)
[38.867s][debug][gc,ergo           ] GC(718) Running G1 Rebuild Free List Task using 8 workers for rebuilding free list of 0 (4096) regions
[38.867s][trace][gc,age            ] GC(718) Age table with threshold 15 (max threshold 15)
[38.867s][trace][gc,age            ] GC(718) - age   1:    3602584 bytes,    3602584 total
[38.867s][debug][gc,plab           ] GC(718) Young PLAB allocation: allocated: 16512B, wasted: 0B, unused: 14064B, used: 2448B, undo waste: 0B, 
[38.867s][debug][gc,plab           ] GC(718) Young other allocation: region end waste: 979728B, regions filled: 5, direct allocated: 3600136B, failure used: 0B, failure wasted: 0B
[38.867s][debug][gc,plab           ] GC(718) Young sizing: calculated: 0B, actual: 2064B
[38.867s][debug][gc,plab           ] GC(718) Old PLAB allocation: allocated: 0B, wasted: 0B, unused: 0B, used: 0B, undo waste: 0B, 
[38.867s][debug][gc,plab           ] GC(718) Old other allocation: region end waste: 0B, regions filled: 1, direct allocated: 0B, failure used: 0B, failure wasted: 0B
[38.867s][debug][gc,plab           ] GC(718) Old sizing: calculated: 0B, actual: 2064B
[38.867s][debug][gc,ihop           ] GC(718) Basic information (value update), threshold: 684195840B (45.00), target occupancy: 1520435200B, current occupancy: 22768280B, recent allocation size: 0B, recent allocation duration: 51.86ms, recent old gen allocation rate: 0.00B/s, recent marking phase length: 29.21ms
[38.867s][debug][gc,ihop           ] GC(718) Adaptive IHOP information (value update), threshold: 684195840B (47.37), internal target occupancy: 1444413440B, occupancy: 22768280B, additional buffer size: 912261120B, predicted old gen allocation rate: 0.26B/s, predicted marking phase length: 58.41ms, prediction active: false
[38.867s][debug][gc,ergo,refine    ] GC(718) Concurrent refinement times: Logged Cards Scan time goal: 20.00ms Logged Cards Scan time: 0.00ms HCC time: 0.00ms
[38.867s][debug][gc,ergo,refine    ] GC(718) Updated Refinement Zones: green: 2048, yellow: 6144, red: 10240
[38.867s][info ][gc,phases         ] GC(718)   Pre Evacuate Collection Set: 0.1ms
[38.867s][debug][gc,phases         ] GC(718)     Prepare TLABs: 0.0ms
[38.867s][debug][gc,phases         ] GC(718)     Choose Collection Set: 0.0ms
[38.867s][debug][gc,phases         ] GC(718)     Region Register: 0.1ms
[38.868s][debug][gc,phases         ] GC(718)     Prepare Heap Roots: 0.0ms
[38.868s][info ][gc,phases         ] GC(718)   Merge Heap Roots: 0.2ms
[38.868s][debug][gc,phases         ] GC(718)     Prepare Merge Heap Roots: 0.0ms
[38.868s][debug][gc,phases         ] GC(718)     Eager Reclaim (ms):       skipped
[38.868s][debug][gc,phases         ] GC(718)     Remembered Sets (ms):     Min:  0.0, Avg:  0.0, Max:  0.0, Diff:  0.0, Sum:  0.3, Workers: 8
[38.868s][debug][gc,phases         ] GC(718)       Merged Sparse:            Min: 0, Avg:  0.0, Max: 0, Diff: 0, Sum: 0, Workers: 8
[38.868s][debug][gc,phases         ] GC(718)       Merged Fine:              Min: 0, Avg:  0.0, Max: 0, Diff: 0, Sum: 0, Workers: 8
[38.868s][debug][gc,phases         ] GC(718)       Merged Coarse:            Min: 0, Avg:  0.0, Max: 0, Diff: 0, Sum: 0, Workers: 8
[38.868s][debug][gc,phases         ] GC(718)       Dirty Cards:              Min: 0, Avg:  0.0, Max: 0, Diff: 0, Sum: 0, Workers: 8
[38.868s][debug][gc,phases         ] GC(718)     Hot Card Cache (ms):      Min:  0.0, Avg:  0.0, Max:  0.0, Diff:  0.0, Sum:  0.0, Workers: 8
[38.868s][debug][gc,phases         ] GC(718)       Dirty Cards:              Min: 0, Avg:  0.0, Max: 0, Diff: 0, Sum: 0, Workers: 8
[38.868s][debug][gc,phases         ] GC(718)       Skipped Cards:            Min: 0, Avg:  0.0, Max: 0, Diff: 0, Sum: 0, Workers: 8
[38.868s][debug][gc,phases         ] GC(718)     Log Buffers (ms):         Min:  0.0, Avg:  0.0, Max:  0.0, Diff:  0.0, Sum:  0.0, Workers: 8
[38.868s][debug][gc,phases         ] GC(718)       Dirty Cards:              Min: 0, Avg:  0.1, Max: 1, Diff: 1, Sum: 1, Workers: 8
[38.868s][debug][gc,phases         ] GC(718)       Skipped Cards:            Min: 0, Avg:  0.0, Max: 0, Diff: 0, Sum: 0, Workers: 8
[38.868s][info ][gc,phases         ] GC(718)   Evacuate Collection Set: 0.5ms
[38.868s][debug][gc,phases         ] GC(718)     Ext Root Scanning (ms):   Min:  0.2, Avg:  0.3, Max:  0.3, Diff:  0.1, Sum:  2.3, Workers: 8
[38.868s][debug][gc,phases         ] GC(718)     Scan Heap Roots (ms):     Min:  0.0, Avg:  0.0, Max:  0.0, Diff:  0.0, Sum:  0.0, Workers: 8
[38.868s][debug][gc,phases         ] GC(718)       Scanned Cards:            Min: 0, Avg:  0.1, Max: 1, Diff: 1, Sum: 1, Workers: 8
[38.868s][debug][gc,phases         ] GC(718)       Scanned Blocks:           Min: 0, Avg:  0.1, Max: 1, Diff: 1, Sum: 1, Workers: 8
[38.868s][debug][gc,phases         ] GC(718)       Claimed Chunks:           Min: 0, Avg:  0.1, Max: 1, Diff: 1, Sum: 1, Workers: 8
[38.868s][debug][gc,phases         ] GC(718)     Code Root Scan (ms):      Min:  0.0, Avg:  0.0, Max:  0.0, Diff:  0.0, Sum:  0.2, Workers: 8
[38.868s][debug][gc,phases         ] GC(718)     Object Copy (ms):         Min:  0.0, Avg:  0.0, Max:  0.0, Diff:  0.0, Sum:  0.0, Workers: 8
[38.868s][debug][gc,phases         ] GC(718)     Termination (ms):         Min:  0.0, Avg:  0.1, Max:  0.1, Diff:  0.0, Sum:  0.5, Workers: 8
[38.868s][debug][gc,phases         ] GC(718)       Termination Attempts:     Min: 1, Avg:  1.0, Max: 1, Diff: 0, Sum: 8, Workers: 8
[38.868s][debug][gc,phases         ] GC(718)     GC Worker Other (ms):     Min:  0.0, Avg:  0.1, Max:  0.1, Diff:  0.0, Sum:  0.5, Workers: 8
[38.868s][debug][gc,phases         ] GC(718)     GC Worker Total (ms):     Min:  0.4, Avg:  0.4, Max:  0.4, Diff:  0.0, Sum:  3.4, Workers: 8
[38.868s][info ][gc,phases         ] GC(718)   Post Evacuate Collection Set: 0.6ms
[38.868s][debug][gc,phases         ] GC(718)     Code Roots Fixup: 0.0ms
[38.868s][debug][gc,phases         ] GC(718)     Clear Card Table: 0.2ms
[38.868s][debug][gc,phases         ] GC(718)     Reference Processing: 0.0ms
[38.868s][debug][gc,phases,ref     ] GC(718)       Reconsider SoftReferences: 0.0ms
[38.868s][debug][gc,phases,ref     ] GC(718)         SoftRef (ms):             skipped
[38.868s][debug][gc,phases,ref     ] GC(718)       Notify Soft/WeakReferences: 0.0ms
[38.868s][debug][gc,phases,ref     ] GC(718)         SoftRef (ms):             skipped
[38.868s][debug][gc,phases,ref     ] GC(718)         WeakRef (ms):             skipped
[38.868s][debug][gc,phases,ref     ] GC(718)         FinalRef (ms):            skipped
[38.868s][debug][gc,phases,ref     ] GC(718)         Total (ms):               skipped
[38.868s][debug][gc,phases,ref     ] GC(718)       Notify and keep alive finalizable: 0.0ms
[38.868s][debug][gc,phases,ref     ] GC(718)         FinalRef (ms):            skipped
[38.868s][debug][gc,phases,ref     ] GC(718)       Notify PhantomReferences: 0.0ms
[38.868s][debug][gc,phases,ref     ] GC(718)         PhantomRef (ms):          skipped
[38.868s][debug][gc,phases,ref     ] GC(718)       SoftReference:
[38.868s][debug][gc,phases,ref     ] GC(718)         Discovered: 0
[38.868s][debug][gc,phases,ref     ] GC(718)         Cleared: 0
[38.868s][debug][gc,phases,ref     ] GC(718)       WeakReference:
[38.868s][debug][gc,phases,ref     ] GC(718)         Discovered: 0
[38.868s][debug][gc,phases,ref     ] GC(718)         Cleared: 0
[38.868s][debug][gc,phases,ref     ] GC(718)       FinalReference:
[38.868s][debug][gc,phases,ref     ] GC(718)         Discovered: 0
[38.868s][debug][gc,phases,ref     ] GC(718)         Cleared: 0
[38.868s][debug][gc,phases,ref     ] GC(718)       PhantomReference:
[38.868s][debug][gc,phases,ref     ] GC(718)         Discovered: 0
[38.868s][debug][gc,phases,ref     ] GC(718)         Cleared: 0
[38.868s][debug][gc,phases         ] GC(718)     Weak Processing: 0.1ms
[38.868s][debug][gc,phases         ] GC(718)       JVMTI weak processing: 0.0ms
[38.868s][debug][gc,phases         ] GC(718)         Dead: 0
[38.868s][debug][gc,phases         ] GC(718)         Total: 0
[38.868s][debug][gc,phases         ] GC(718)       JFR weak processing: 0.0ms
[38.868s][debug][gc,phases         ] GC(718)         Dead: 0
[38.868s][debug][gc,phases         ] GC(718)         Total: 0
[38.868s][debug][gc,phases         ] GC(718)       JNI weak                  Min:  0.0, Avg:  0.0, Max:  0.0, Diff:  0.0, Sum:  0.0, Workers: 5
[38.868s][debug][gc,phases         ] GC(718)         Dead                      Min: 0, Avg:  0.0, Max: 0, Diff: 0, Sum: 0, Workers: 5
[38.868s][debug][gc,phases         ] GC(718)         Total                     Min: 0, Avg: 13.4, Max: 64, Diff: 64, Sum: 67, Workers: 5
[38.868s][debug][gc,phases         ] GC(718)       VM weak                   Min:  0.0, Avg:  0.0, Max:  0.0, Diff:  0.0, Sum:  0.0, Workers: 5
[38.868s][debug][gc,phases         ] GC(718)         Dead                      Min: 0, Avg:  0.0, Max: 0, Diff: 0, Sum: 0, Workers: 5
[38.868s][debug][gc,phases         ] GC(718)         Total                     Min: 0, Avg: 45.2, Max: 128, Diff: 128, Sum: 226, Workers: 5
[38.868s][debug][gc,phases         ] GC(718)       StringTable weak          Min:  0.0, Avg:  0.0, Max:  0.0, Diff:  0.0, Sum:  0.1, Workers: 5
[38.868s][debug][gc,phases         ] GC(718)         Dead                      Min: 0, Avg:  0.0, Max: 0, Diff: 0, Sum: 0, Workers: 5
[38.868s][debug][gc,phases         ] GC(718)         Total                     Min: 0, Avg: 682.8, Max: 1727, Diff: 1727, Sum: 3414, Workers: 5
[38.868s][debug][gc,phases         ] GC(718)       ResolvedMethodTable weak  Min:  0.0, Avg:  0.0, Max:  0.0, Diff:  0.0, Sum:  0.0, Workers: 5
[38.868s][debug][gc,phases         ] GC(718)         Dead                      Min: 0, Avg:  0.0, Max: 0, Diff: 0, Sum: 0, Workers: 5
[38.868s][debug][gc,phases         ] GC(718)         Total                     Min: 0, Avg: 120.2, Max: 192, Diff: 192, Sum: 601, Workers: 5
[38.868s][debug][gc,phases         ] GC(718)     Merge Per-Thread State: 0.0ms
[38.868s][debug][gc,phases         ] GC(718)       Copied Bytes              Min: 400088, Avg: 450323.0, Max: 800096, Diff: 400008, Sum: 3602584, Workers: 8
[38.868s][debug][gc,phases         ] GC(718)       LAB Waste                 Min: 0, Avg:  0.0, Max: 0, Diff: 0, Sum: 0, Workers: 8
[38.868s][debug][gc,phases         ] GC(718)       LAB Undo Waste            Min: 0, Avg:  0.0, Max: 0, Diff: 0, Sum: 0, Workers: 8
[38.868s][debug][gc,phases         ] GC(718)     Code Roots Purge: 0.0ms
[38.868s][debug][gc,phases         ] GC(718)     Redirty Cards: 0.0ms
[38.868s][debug][gc,phases         ] GC(718)     DerivedPointerTable Update: 0.0ms
[38.868s][debug][gc,phases         ] GC(718)     Free Collection Set: 0.2ms
[38.868s][debug][gc,phases         ] GC(718)     Rebuild Free List: 0.1ms
[38.868s][debug][gc,phases         ] GC(718)     Humongous Reclaim: 0.0ms
[38.868s][debug][gc,phases         ] GC(718)     Start New Collection Set: 0.0ms
[38.868s][debug][gc,phases         ] GC(718)     Resize TLABs: 0.0ms
[38.868s][debug][gc,phases         ] GC(718)     Expand Heap After Collection: 0.0ms
[38.868s][info ][gc,phases         ] GC(718)   Other: 0.3ms
[38.868s][info ][gc,heap           ] GC(718) Eden regions: 867->0(865)
[38.868s][info ][gc,heap           ] GC(718) Survivor regions: 3->5(109)
[38.868s][info ][gc,heap           ] GC(718) Old regions: 17->17
[38.868s][info ][gc,heap           ] GC(718) Archive regions: 2->2
[38.868s][info ][gc,heap           ] GC(718) Humongous regions: 0->0
[38.868s][info ][gc,metaspace      ] GC(718) Metaspace: 10130K(10624K)->10130K(10624K) NonClass: 8932K(9216K)->8932K(9216K) Class: 1198K(1408K)->1198K(1408K)
[38.868s][debug][gc,heap           ] GC(718) Heap after GC invocations=719 (full 1): garbage-first heap   total 1484800K, used 22234K [0x0000000700000000, 0x0000000800000000)
[38.868s][debug][gc,heap           ] GC(718)   region size 1024K, 5 young (5120K), 5 survivors (5120K)
[38.868s][debug][gc,heap           ] GC(718)  Metaspace       used 10130K, capacity 10468K, committed 10624K, reserved 1058816K
[38.868s][debug][gc,heap           ] GC(718)   class space    used 1198K, capacity 1344K, committed 1408K, reserved 1048576K
[38.868s][info ][gc                ] GC(718) Pause Young (Normal) (G1 Evacuation Pause) 886M->21M(1450M) 2.313ms
[38.868s][info ][gc,cpu            ] GC(718) User=0.00s Sys=0.00s Real=0.00s
[38.868s][info ][safepoint         ] Safepoint "G1CollectForAllocation", Time since last: 42894899 ns, Reaching safepoint: 240567 ns, At safepoint: 2506861 ns, Total: 2747428 ns
[38.911s][debug][gc,heap           ] GC(719) Heap before GC invocations=719 (full 1): garbage-first heap   total 1484800K, used 906970K [0x0000000700000000, 0x0000000800000000)
[38.911s][debug][gc,heap           ] GC(719)   region size 1024K, 870 young (890880K), 5 survivors (5120K)
[38.911s][debug][gc,heap           ] GC(719)  Metaspace       used 10130K, capacity 10468K, committed 10624K, reserved 1058816K
[38.911s][debug][gc,heap           ] GC(719)   class space    used 1198K, capacity 1344K, committed 1408K, reserved 1048576K
[38.911s][info ][gc,start          ] GC(719) Pause Young (Normal) (G1 Evacuation Pause)
[38.911s][info ][gc,task           ] GC(719) Using 8 workers of 8 for evacuation
[38.911s][debug][gc,tlab           ] GC(719) TLAB totals: thrds: 8  refills: 13 max: 2 slow allocs: 1725 max 249 waste: 22.6% gc: 949464B max: 222000B slow: 68624B max: 13912B fast: 0B max: 0B
[38.911s][debug][gc,age            ] GC(719) Desired survivor size 57147392 bytes, new threshold 15 (max threshold 15)
[38.911s][debug][gc,alloc,region   ] GC(719) Mutator Allocation stats, regions: 865, wasted size: 202M (23.4%)
[38.911s][debug][gc,ergo           ] GC(719) Running G1 Merge Heap Roots using 8 workers for 870 regions
[38.911s][debug][gc,remset         ] GC(719) Visited cards 512 Total dirty 4096 (12.50%) Total old 3602432 (0.01%)
[38.912s][debug][gc,ergo           ] GC(719) Running G1 Clear Card Table Task using 2 workers for 2 units of work for 872 regions.
[38.912s][debug][gc,ref            ] GC(719) Skipped phase1 of Reference Processing due to unavailable references
[38.912s][debug][gc,ref            ] GC(719) Skipped phase2 of Reference Processing due to unavailable references
[38.912s][debug][gc,ref            ] GC(719) Skipped phase3 of Reference Processing due to unavailable references
[38.912s][debug][gc,ref            ] GC(719) Skipped phase4 of Reference Processing due to unavailable references
[38.912s][debug][gc,ergo           ] GC(719) Running G1 Free Collection Set using 8 workers for collection set length 870 (1450)
[38.912s][debug][gc,ergo           ] GC(719) Running G1 Rebuild Free List Task using 8 workers for rebuilding free list of 0 (4096) regions
[38.912s][trace][gc,age            ] GC(719) Age table with threshold 15 (max threshold 15)
[38.913s][trace][gc,age            ] GC(719) - age   1:    2802544 bytes,    2802544 total
[38.913s][debug][gc,plab           ] GC(719) Young PLAB allocation: allocated: 16512B, wasted: 0B, unused: 14064B, used: 2448B, undo waste: 0B, 
[38.913s][debug][gc,plab           ] GC(719) Young other allocation: region end waste: 733256B, regions filled: 4, direct allocated: 2800096B, failure used: 0B, failure wasted: 0B
[38.913s][debug][gc,plab           ] GC(719) Young sizing: calculated: 0B, actual: 2064B
[38.913s][debug][gc,plab           ] GC(719) Old PLAB allocation: allocated: 0B, wasted: 0B, unused: 0B, used: 0B, undo waste: 0B, 
[38.913s][debug][gc,plab           ] GC(719) Old other allocation: region end waste: 0B, regions filled: 1, direct allocated: 0B, failure used: 0B, failure wasted: 0B
[38.913s][debug][gc,plab           ] GC(719) Old sizing: calculated: 0B, actual: 2064B
[38.913s][debug][gc,ihop           ] GC(719) Basic information (value update), threshold: 684195840B (45.00), target occupancy: 1520435200B, current occupancy: 21721768B, recent allocation size: 0B, recent allocation duration: 43.73ms, recent old gen allocation rate: 0.00B/s, recent marking phase length: 29.21ms
[38.913s][debug][gc,ihop           ] GC(719) Adaptive IHOP information (value update), threshold: 684195840B (47.37), internal target occupancy: 1444413440B, occupancy: 21721768B, additional buffer size: 912261120B, predicted old gen allocation rate: 0.25B/s, predicted marking phase length: 58.41ms, prediction active: false
[38.913s][debug][gc,ergo,refine    ] GC(719) Concurrent refinement times: Logged Cards Scan time goal: 20.00ms Logged Cards Scan time: 0.01ms HCC time: 0.00ms
[38.913s][debug][gc,ergo,refine    ] GC(719) Updated Refinement Zones: green: 2048, yellow: 6144, red: 10240
[38.913s][info ][gc,phases         ] GC(719)   Pre Evacuate Collection Set: 0.1ms
[38.913s][debug][gc,phases         ] GC(719)     Prepare TLABs: 0.0ms
[38.913s][debug][gc,phases         ] GC(719)     Choose Collection Set: 0.0ms
[38.913s][debug][gc,phases         ] GC(719)     Region Register: 0.1ms
[38.913s][debug][gc,phases         ] GC(719)     Prepare Heap Roots: 0.0ms
[38.913s][info ][gc,phases         ] GC(719)   Merge Heap Roots: 0.2ms
[38.913s][debug][gc,phases         ] GC(719)     Prepare Merge Heap Roots: 0.0ms
[38.913s][debug][gc,phases         ] GC(719)     Eager Reclaim (ms):       skipped
[38.913s][debug][gc,phases         ] GC(719)     Remembered Sets (ms):     Min:  0.0, Avg:  0.0, Max:  0.0, Diff:  0.0, Sum:  0.2, Workers: 8
[38.913s][debug][gc,phases         ] GC(719)       Merged Sparse:            Min: 0, Avg:  0.0, Max: 0, Diff: 0, Sum: 0, Workers: 8
[38.913s][debug][gc,phases         ] GC(719)       Merged Fine:              Min: 0, Avg:  0.0, Max: 0, Diff: 0, Sum: 0, Workers: 8
[38.913s][debug][gc,phases         ] GC(719)       Merged Coarse:            Min: 0, Avg:  0.0, Max: 0, Diff: 0, Sum: 0, Workers: 8
[38.913s][debug][gc,phases         ] GC(719)       Dirty Cards:              Min: 0, Avg:  0.0, Max: 0, Diff: 0, Sum: 0, Workers: 8
[38.913s][debug][gc,phases         ] GC(719)     Hot Card Cache (ms):      Min:  0.0, Avg:  0.0, Max:  0.0, Diff:  0.0, Sum:  0.0, Workers: 8
[38.913s][debug][gc,phases         ] GC(719)       Dirty Cards:              Min: 0, Avg:  0.0, Max: 0, Diff: 0, Sum: 0, Workers: 8
[38.913s][debug][gc,phases         ] GC(719)       Skipped Cards:            Min: 0, Avg:  0.0, Max: 0, Diff: 0, Sum: 0, Workers: 8
[38.913s][debug][gc,phases         ] GC(719)     Log Buffers (ms):         Min:  0.0, Avg:  0.0, Max:  0.0, Diff:  0.0, Sum:  0.0, Workers: 8
[38.913s][debug][gc,phases         ] GC(719)       Dirty Cards:              Min: 0, Avg:  0.2, Max: 2, Diff: 2, Sum: 2, Workers: 8
[38.913s][debug][gc,phases         ] GC(719)       Skipped Cards:            Min: 0, Avg:  0.0, Max: 0, Diff: 0, Sum: 0, Workers: 8
[38.913s][info ][gc,phases         ] GC(719)   Evacuate Collection Set: 0.3ms
[38.913s][debug][gc,phases         ] GC(719)     Ext Root Scanning (ms):   Min:  0.0, Avg:  0.2, Max:  0.3, Diff:  0.2, Sum:  1.3, Workers: 8
[38.913s][debug][gc,phases         ] GC(719)     Scan Heap Roots (ms):     Min:  0.0, Avg:  0.0, Max:  0.0, Diff:  0.0, Sum:  0.0, Workers: 8
[38.913s][debug][gc,phases         ] GC(719)       Scanned Cards:            Min: 0, Avg:  0.2, Max: 1, Diff: 1, Sum: 2, Workers: 8
[38.913s][debug][gc,phases         ] GC(719)       Scanned Blocks:           Min: 0, Avg:  0.2, Max: 1, Diff: 1, Sum: 2, Workers: 8
[38.913s][debug][gc,phases         ] GC(719)       Claimed Chunks:           Min: 0, Avg:  0.2, Max: 1, Diff: 1, Sum: 2, Workers: 8
[38.913s][debug][gc,phases         ] GC(719)     Code Root Scan (ms):      Min:  0.0, Avg:  0.0, Max:  0.1, Diff:  0.1, Sum:  0.2, Workers: 8
[38.913s][debug][gc,phases         ] GC(719)     Object Copy (ms):         Min:  0.0, Avg:  0.0, Max:  0.0, Diff:  0.0, Sum:  0.0, Workers: 8
[38.913s][debug][gc,phases         ] GC(719)     Termination (ms):         Min:  0.0, Avg:  0.1, Max:  0.1, Diff:  0.1, Sum:  0.7, Workers: 8
[38.913s][debug][gc,phases         ] GC(719)       Termination Attempts:     Min: 1, Avg:  1.2, Max: 3, Diff: 2, Sum: 10, Workers: 8
[38.913s][debug][gc,phases         ] GC(719)     GC Worker Other (ms):     Min:  0.0, Avg:  0.0, Max:  0.1, Diff:  0.1, Sum:  0.3, Workers: 8
[38.913s][debug][gc,phases         ] GC(719)     GC Worker Total (ms):     Min:  0.3, Avg:  0.3, Max:  0.3, Diff:  0.0, Sum:  2.6, Workers: 8
[38.913s][info ][gc,phases         ] GC(719)   Post Evacuate Collection Set: 0.6ms
[38.913s][debug][gc,phases         ] GC(719)     Code Roots Fixup: 0.0ms
[38.913s][debug][gc,phases         ] GC(719)     Clear Card Table: 0.2ms
[38.913s][debug][gc,phases         ] GC(719)     Reference Processing: 0.0ms
[38.913s][debug][gc,phases,ref     ] GC(719)       Reconsider SoftReferences: 0.0ms
[38.913s][debug][gc,phases,ref     ] GC(719)         SoftRef (ms):             skipped
[38.913s][debug][gc,phases,ref     ] GC(719)       Notify Soft/WeakReferences: 0.0ms
[38.913s][debug][gc,phases,ref     ] GC(719)         SoftRef (ms):             skipped
[38.913s][debug][gc,phases,ref     ] GC(719)         WeakRef (ms):             skipped
[38.913s][debug][gc,phases,ref     ] GC(719)         FinalRef (ms):            skipped
[38.913s][debug][gc,phases,ref     ] GC(719)         Total (ms):               skipped
[38.913s][debug][gc,phases,ref     ] GC(719)       Notify and keep alive finalizable: 0.0ms
[38.913s][debug][gc,phases,ref     ] GC(719)         FinalRef (ms):            skipped
[38.913s][debug][gc,phases,ref     ] GC(719)       Notify PhantomReferences: 0.0ms
[38.913s][debug][gc,phases,ref     ] GC(719)         PhantomRef (ms):          skipped
[38.913s][debug][gc,phases,ref     ] GC(719)       SoftReference:
[38.913s][debug][gc,phases,ref     ] GC(719)         Discovered: 0
[38.913s][debug][gc,phases,ref     ] GC(719)         Cleared: 0
[38.913s][debug][gc,phases,ref     ] GC(719)       WeakReference:
[38.913s][debug][gc,phases,ref     ] GC(719)         Discovered: 0
[38.913s][debug][gc,phases,ref     ] GC(719)         Cleared: 0
[38.913s][debug][gc,phases,ref     ] GC(719)       FinalReference:
[38.913s][debug][gc,phases,ref     ] GC(719)         Discovered: 0
[38.913s][debug][gc,phases,ref     ] GC(719)         Cleared: 0
[38.913s][debug][gc,phases,ref     ] GC(719)       PhantomReference:
[38.913s][debug][gc,phases,ref     ] GC(719)         Discovered: 0
[38.913s][debug][gc,phases,ref     ] GC(719)         Cleared: 0
[38.913s][debug][gc,phases         ] GC(719)     Weak Processing: 0.0ms
[38.913s][debug][gc,phases         ] GC(719)       JVMTI weak processing: 0.0ms
[38.913s][debug][gc,phases         ] GC(719)         Dead: 0
[38.913s][debug][gc,phases         ] GC(719)         Total: 0
[38.913s][debug][gc,phases         ] GC(719)       JFR weak processing: 0.0ms
[38.913s][debug][gc,phases         ] GC(719)         Dead: 0
[38.913s][debug][gc,phases         ] GC(719)         Total: 0
[38.913s][debug][gc,phases         ] GC(719)       JNI weak                  Min:  0.0, Avg:  0.0, Max:  0.0, Diff:  0.0, Sum:  0.0, Workers: 5
[38.913s][debug][gc,phases         ] GC(719)         Dead                      Min: 0, Avg:  0.0, Max: 0, Diff: 0, Sum: 0, Workers: 5
[38.913s][debug][gc,phases         ] GC(719)         Total                     Min: 0, Avg: 13.4, Max: 64, Diff: 64, Sum: 67, Workers: 5
[38.913s][debug][gc,phases         ] GC(719)       VM weak                   Min:  0.0, Avg:  0.0, Max:  0.0, Diff:  0.0, Sum:  0.0, Workers: 5
[38.913s][debug][gc,phases         ] GC(719)         Dead                      Min: 0, Avg:  0.0, Max: 0, Diff: 0, Sum: 0, Workers: 5
[38.913s][debug][gc,phases         ] GC(719)         Total                     Min: 0, Avg: 45.2, Max: 64, Diff: 64, Sum: 226, Workers: 5
[38.913s][debug][gc,phases         ] GC(719)       StringTable weak          Min:  0.0, Avg:  0.0, Max:  0.0, Diff:  0.0, Sum:  0.1, Workers: 5
[38.913s][debug][gc,phases         ] GC(719)         Dead                      Min: 0, Avg:  0.0, Max: 0, Diff: 0, Sum: 0, Workers: 5
[38.913s][debug][gc,phases         ] GC(719)         Total                     Min: 23, Avg: 682.8, Max: 1023, Diff: 1000, Sum: 3414, Workers: 5
[38.913s][debug][gc,phases         ] GC(719)       ResolvedMethodTable weak  Min:  0.0, Avg:  0.0, Max:  0.0, Diff:  0.0, Sum:  0.0, Workers: 5
[38.913s][debug][gc,phases         ] GC(719)         Dead                      Min: 0, Avg:  0.0, Max: 0, Diff: 0, Sum: 0, Workers: 5
[38.913s][debug][gc,phases         ] GC(719)         Total                     Min: 25, Avg: 120.2, Max: 192, Diff: 167, Sum: 601, Workers: 5
[38.913s][debug][gc,phases         ] GC(719)     Merge Per-Thread State: 0.0ms
[38.913s][debug][gc,phases         ] GC(719)       Copied Bytes              Min: 80, Avg: 350318.0, Max: 800320, Diff: 800240, Sum: 2802544, Workers: 8
[38.913s][debug][gc,phases         ] GC(719)       LAB Waste                 Min: 0, Avg:  0.0, Max: 0, Diff: 0, Sum: 0, Workers: 8
[38.913s][debug][gc,phases         ] GC(719)       LAB Undo Waste            Min: 0, Avg:  0.0, Max: 0, Diff: 0, Sum: 0, Workers: 8
[38.913s][debug][gc,phases         ] GC(719)     Code Roots Purge: 0.0ms
[38.913s][debug][gc,phases         ] GC(719)     Redirty Cards: 0.0ms
[38.913s][debug][gc,phases         ] GC(719)     DerivedPointerTable Update: 0.0ms
[38.913s][debug][gc,phases         ] GC(719)     Free Collection Set: 0.2ms
[38.913s][debug][gc,phases         ] GC(719)     Rebuild Free List: 0.1ms
[38.913s][debug][gc,phases         ] GC(719)     Humongous Reclaim: 0.0ms
[38.913s][debug][gc,phases         ] GC(719)     Start New Collection Set: 0.0ms
[38.913s][debug][gc,phases         ] GC(719)     Resize TLABs: 0.0ms
[38.913s][debug][gc,phases         ] GC(719)     Expand Heap After Collection: 0.0ms
[38.913s][info ][gc,phases         ] GC(719)   Other: 0.4ms
[38.913s][info ][gc,heap           ] GC(719) Eden regions: 865->0(866)
[38.913s][info ][gc,heap           ] GC(719) Survivor regions: 5->4(109)
[38.913s][info ][gc,heap           ] GC(719) Old regions: 17->17
[38.913s][info ][gc,heap           ] GC(719) Archive regions: 2->2
[38.913s][info ][gc,heap           ] GC(719) Humongous regions: 0->0
[38.913s][info ][gc,metaspace      ] GC(719) Metaspace: 10130K(10624K)->10130K(10624K) NonClass: 8932K(9216K)->8932K(9216K) Class: 1198K(1408K)->1198K(1408K)
[38.913s][debug][gc,heap           ] GC(719) Heap after GC invocations=720 (full 1): garbage-first heap   total 1484800K, used 21212K [0x0000000700000000, 0x0000000800000000)
[38.913s][debug][gc,heap           ] GC(719)   region size 1024K, 4 young (4096K), 4 survivors (4096K)
[38.913s][debug][gc,heap           ] GC(719)  Metaspace       used 10130K, capacity 10468K, committed 10624K, reserved 1058816K
[38.913s][debug][gc,heap           ] GC(719)   class space    used 1198K, capacity 1344K, committed 1408K, reserved 1048576K
[38.913s][info ][gc                ] GC(719) Pause Young (Normal) (G1 Evacuation Pause) 886M->20M(1450M) 2.258ms
[38.913s][info ][gc,cpu            ] GC(719) User=0.01s Sys=0.00s Real=0.01s
[38.913s][info ][safepoint         ] Safepoint "G1CollectForAllocation", Time since last: 42513751 ns, Reaching safepoint: 208218 ns, At safepoint: 2500513 ns, Total: 2708731 ns
[38.957s][debug][gc,heap           ] GC(720) Heap before GC invocations=720 (full 1): garbage-first heap   total 1484800K, used 906972K [0x0000000700000000, 0x0000000800000000)
[38.957s][debug][gc,heap           ] GC(720)   region size 1024K, 870 young (890880K), 4 survivors (4096K)
[38.957s][debug][gc,heap           ] GC(720)  Metaspace       used 10130K, capacity 10468K, committed 10624K, reserved 1058816K
[38.957s][debug][gc,heap           ] GC(720)   class space    used 1198K, capacity 1344K, committed 1408K, reserved 1048576K
[38.957s][info ][gc,start          ] GC(720) Pause Young (Normal) (G1 Evacuation Pause)
[38.957s][info ][gc,task           ] GC(720) Using 8 workers of 8 for evacuation
[38.957s][debug][gc,tlab           ] GC(720) TLAB totals: thrds: 8  refills: 10 max: 2 slow allocs: 1727 max 236 waste: 43.3% gc: 1115808B max: 229600B slow: 26888B max: 13448B fast: 0B max: 0B
[38.957s][debug][gc,age            ] GC(720) Desired survivor size 57147392 bytes, new threshold 15 (max threshold 15)
[38.958s][debug][gc,alloc,region   ] GC(720) Mutator Allocation stats, regions: 866, wasted size: 202M (23.4%)
[38.958s][debug][gc,ergo           ] GC(720) Running G1 Merge Heap Roots using 8 workers for 870 regions
[38.958s][debug][gc,remset         ] GC(720) Visited cards 256 Total dirty 2048 (12.50%) Total old 3602432 (0.01%)
[38.958s][debug][gc,ergo           ] GC(720) Running G1 Clear Card Table Task using 2 workers for 2 units of work for 871 regions.
[38.958s][debug][gc,ref            ] GC(720) Skipped phase1 of Reference Processing due to unavailable references
[38.958s][debug][gc,ref            ] GC(720) Skipped phase2 of Reference Processing due to unavailable references
[38.958s][debug][gc,ref            ] GC(720) Skipped phase3 of Reference Processing due to unavailable references
[38.958s][debug][gc,ref            ] GC(720) Skipped phase4 of Reference Processing due to unavailable references
[38.958s][debug][gc,ergo           ] GC(720) Running G1 Free Collection Set using 8 workers for collection set length 870 (1450)
[38.959s][debug][gc,ergo           ] GC(720) Running G1 Rebuild Free List Task using 8 workers for rebuilding free list of 0 (4096) regions
[38.959s][trace][gc,age            ] GC(720) Age table with threshold 15 (max threshold 15)
[38.959s][trace][gc,age            ] GC(720) - age   1:    2002520 bytes,    2002520 total
[38.959s][debug][gc,plab           ] GC(720) Young PLAB allocation: allocated: 16512B, wasted: 0B, unused: 14064B, used: 2448B, undo waste: 0B, 
[38.959s][debug][gc,plab           ] GC(720) Young other allocation: region end waste: 484704B, regions filled: 3, direct allocated: 2000072B, failure used: 0B, failure wasted: 0B
[38.959s][debug][gc,plab           ] GC(720) Young sizing: calculated: 0B, actual: 2064B
[38.959s][debug][gc,plab           ] GC(720) Old PLAB allocation: allocated: 0B, wasted: 0B, unused: 0B, used: 0B, undo waste: 0B, 
[38.959s][debug][gc,plab           ] GC(720) Old other allocation: region end waste: 0B, regions filled: 1, direct allocated: 0B, failure used: 0B, failure wasted: 0B
[38.959s][debug][gc,plab           ] GC(720) Old sizing: calculated: 0B, actual: 2064B
[38.959s][debug][gc,ihop           ] GC(720) Basic information (value update), threshold: 684195840B (45.00), target occupancy: 1520435200B, current occupancy: 20673192B, recent allocation size: 0B, recent allocation duration: 44.91ms, recent old gen allocation rate: 0.00B/s, recent marking phase length: 29.21ms
[38.959s][debug][gc,ihop           ] GC(720) Adaptive IHOP information (value update), threshold: 684195840B (47.37), internal target occupancy: 1444413440B, occupancy: 20673192B, additional buffer size: 912261120B, predicted old gen allocation rate: 0.24B/s, predicted marking phase length: 58.41ms, prediction active: false
[38.959s][debug][gc,ergo,refine    ] GC(720) Concurrent refinement times: Logged Cards Scan time goal: 20.00ms Logged Cards Scan time: 0.00ms HCC time: 0.00ms
[38.959s][debug][gc,ergo,refine    ] GC(720) Updated Refinement Zones: green: 2048, yellow: 6144, red: 10240
[38.959s][info ][gc,phases         ] GC(720)   Pre Evacuate Collection Set: 0.1ms
[38.959s][debug][gc,phases         ] GC(720)     Prepare TLABs: 0.0ms
[38.959s][debug][gc,phases         ] GC(720)     Choose Collection Set: 0.0ms
[38.959s][debug][gc,phases         ] GC(720)     Region Register: 0.1ms
[38.959s][debug][gc,phases         ] GC(720)     Prepare Heap Roots: 0.0ms
[38.959s][info ][gc,phases         ] GC(720)   Merge Heap Roots: 0.1ms
[38.959s][debug][gc,phases         ] GC(720)     Prepare Merge Heap Roots: 0.0ms
[38.959s][debug][gc,phases         ] GC(720)     Eager Reclaim (ms):       skipped
[38.959s][debug][gc,phases         ] GC(720)     Remembered Sets (ms):     Min:  0.0, Avg:  0.0, Max:  0.0, Diff:  0.0, Sum:  0.3, Workers: 8
[38.959s][debug][gc,phases         ] GC(720)       Merged Sparse:            Min: 0, Avg:  0.0, Max: 0, Diff: 0, Sum: 0, Workers: 8
[38.959s][debug][gc,phases         ] GC(720)       Merged Fine:              Min: 0, Avg:  0.0, Max: 0, Diff: 0, Sum: 0, Workers: 8
[38.959s][debug][gc,phases         ] GC(720)       Merged Coarse:            Min: 0, Avg:  0.0, Max: 0, Diff: 0, Sum: 0, Workers: 8
[38.959s][debug][gc,phases         ] GC(720)       Dirty Cards:              Min: 0, Avg:  0.0, Max: 0, Diff: 0, Sum: 0, Workers: 8
[38.959s][debug][gc,phases         ] GC(720)     Hot Card Cache (ms):      Min:  0.0, Avg:  0.0, Max:  0.0, Diff:  0.0, Sum:  0.0, Workers: 8
[38.959s][debug][gc,phases         ] GC(720)       Dirty Cards:              Min: 0, Avg:  0.0, Max: 0, Diff: 0, Sum: 0, Workers: 8
[38.959s][debug][gc,phases         ] GC(720)       Skipped Cards:            Min: 0, Avg:  0.0, Max: 0, Diff: 0, Sum: 0, Workers: 8
[38.959s][debug][gc,phases         ] GC(720)     Log Buffers (ms):         Min:  0.0, Avg:  0.0, Max:  0.0, Diff:  0.0, Sum:  0.0, Workers: 8
[38.959s][debug][gc,phases         ] GC(720)       Dirty Cards:              Min: 0, Avg:  0.1, Max: 1, Diff: 1, Sum: 1, Workers: 8
[38.959s][debug][gc,phases         ] GC(720)       Skipped Cards:            Min: 0, Avg:  0.0, Max: 0, Diff: 0, Sum: 0, Workers: 8
[38.959s][info ][gc,phases         ] GC(720)   Evacuate Collection Set: 0.3ms
[38.959s][debug][gc,phases         ] GC(720)     Ext Root Scanning (ms):   Min:  0.0, Avg:  0.1, Max:  0.2, Diff:  0.2, Sum:  0.9, Workers: 8
[38.959s][debug][gc,phases         ] GC(720)     Scan Heap Roots (ms):     Min:  0.0, Avg:  0.0, Max:  0.0, Diff:  0.0, Sum:  0.0, Workers: 8
[38.959s][debug][gc,phases         ] GC(720)       Scanned Cards:            Min: 0, Avg:  0.1, Max: 1, Diff: 1, Sum: 1, Workers: 8
[38.959s][debug][gc,phases         ] GC(720)       Scanned Blocks:           Min: 0, Avg:  0.1, Max: 1, Diff: 1, Sum: 1, Workers: 8
[38.959s][debug][gc,phases         ] GC(720)       Claimed Chunks:           Min: 0, Avg:  0.1, Max: 1, Diff: 1, Sum: 1, Workers: 8
[38.959s][debug][gc,phases         ] GC(720)     Code Root Scan (ms):      Min:  0.0, Avg:  0.0, Max:  0.1, Diff:  0.1, Sum:  0.2, Workers: 8
[38.959s][debug][gc,phases         ] GC(720)     Object Copy (ms):         Min:  0.0, Avg:  0.0, Max:  0.0, Diff:  0.0, Sum:  0.0, Workers: 8
[38.959s][debug][gc,phases         ] GC(720)     Termination (ms):         Min:  0.0, Avg:  0.1, Max:  0.1, Diff:  0.1, Sum:  0.5, Workers: 8
[38.959s][debug][gc,phases         ] GC(720)       Termination Attempts:     Min: 1, Avg:  1.0, Max: 1, Diff: 0, Sum: 8, Workers: 8
[38.959s][debug][gc,phases         ] GC(720)     GC Worker Other (ms):     Min:  0.0, Avg:  0.0, Max:  0.1, Diff:  0.1, Sum:  0.4, Workers: 8
[38.959s][debug][gc,phases         ] GC(720)     GC Worker Total (ms):     Min:  0.2, Avg:  0.2, Max:  0.3, Diff:  0.0, Sum:  1.9, Workers: 8
[38.959s][info ][gc,phases         ] GC(720)   Post Evacuate Collection Set: 0.6ms
[38.959s][debug][gc,phases         ] GC(720)     Code Roots Fixup: 0.0ms
[38.959s][debug][gc,phases         ] GC(720)     Clear Card Table: 0.2ms
[38.959s][debug][gc,phases         ] GC(720)     Reference Processing: 0.0ms
[38.959s][debug][gc,phases,ref     ] GC(720)       Reconsider SoftReferences: 0.0ms
[38.959s][debug][gc,phases,ref     ] GC(720)         SoftRef (ms):             skipped
[38.959s][debug][gc,phases,ref     ] GC(720)       Notify Soft/WeakReferences: 0.0ms
[38.959s][debug][gc,phases,ref     ] GC(720)         SoftRef (ms):             skipped
[38.959s][debug][gc,phases,ref     ] GC(720)         WeakRef (ms):             skipped
[38.959s][debug][gc,phases,ref     ] GC(720)         FinalRef (ms):            skipped
[38.959s][debug][gc,phases,ref     ] GC(720)         Total (ms):               skipped
[38.959s][debug][gc,phases,ref     ] GC(720)       Notify and keep alive finalizable: 0.0ms
[38.960s][debug][gc,phases,ref     ] GC(720)         FinalRef (ms):            skipped
[38.960s][debug][gc,phases,ref     ] GC(720)       Notify PhantomReferences: 0.0ms
[38.960s][debug][gc,phases,ref     ] GC(720)         PhantomRef (ms):          skipped
[38.960s][debug][gc,phases,ref     ] GC(720)       SoftReference:
[38.960s][debug][gc,phases,ref     ] GC(720)         Discovered: 0
[38.960s][debug][gc,phases,ref     ] GC(720)         Cleared: 0
[38.960s][debug][gc,phases,ref     ] GC(720)       WeakReference:
[38.960s][debug][gc,phases,ref     ] GC(720)         Discovered: 0
[38.960s][debug][gc,phases,ref     ] GC(720)         Cleared: 0
[38.960s][debug][gc,phases,ref     ] GC(720)       FinalReference:
[38.960s][debug][gc,phases,ref     ] GC(720)         Discovered: 0
[38.960s][debug][gc,phases,ref     ] GC(720)         Cleared: 0
[38.960s][debug][gc,phases,ref     ] GC(720)       PhantomReference:
[38.960s][debug][gc,phases,ref     ] GC(720)         Discovered: 0
[38.960s][debug][gc,phases,ref     ] GC(720)         Cleared: 0
[38.960s][debug][gc,phases         ] GC(720)     Weak Processing: 0.0ms
[38.960s][debug][gc,phases         ] GC(720)       JVMTI weak processing: 0.0ms
[38.960s][debug][gc,phases         ] GC(720)         Dead: 0
[38.960s][debug][gc,phases         ] GC(720)         Total: 0
[38.960s][debug][gc,phases         ] GC(720)       JFR weak processing: 0.0ms
[38.960s][debug][gc,phases         ] GC(720)         Dead: 0
[38.960s][debug][gc,phases         ] GC(720)         Total: 0
[38.960s][debug][gc,phases         ] GC(720)       JNI weak                  Min:  0.0, Avg:  0.0, Max:  0.0, Diff:  0.0, Sum:  0.0, Workers: 5
[38.960s][debug][gc,phases         ] GC(720)         Dead                      Min: 0, Avg:  0.0, Max: 0, Diff: 0, Sum: 0, Workers: 5
[38.960s][debug][gc,phases         ] GC(720)         Total                     Min: 0, Avg: 13.4, Max: 64, Diff: 64, Sum: 67, Workers: 5
[38.960s][debug][gc,phases         ] GC(720)       VM weak                   Min:  0.0, Avg:  0.0, Max:  0.0, Diff:  0.0, Sum:  0.0, Workers: 5
[38.960s][debug][gc,phases         ] GC(720)         Dead                      Min: 0, Avg:  0.0, Max: 0, Diff: 0, Sum: 0, Workers: 5
[38.960s][debug][gc,phases         ] GC(720)         Total                     Min: 0, Avg: 45.2, Max: 64, Diff: 64, Sum: 226, Workers: 5
[38.960s][debug][gc,phases         ] GC(720)       StringTable weak          Min:  0.0, Avg:  0.0, Max:  0.0, Diff:  0.0, Sum:  0.1, Workers: 5
[38.960s][debug][gc,phases         ] GC(720)         Dead                      Min: 0, Avg:  0.0, Max: 0, Diff: 0, Sum: 0, Workers: 5
[38.960s][debug][gc,phases         ] GC(720)         Total                     Min: 639, Avg: 682.8, Max: 768, Diff: 129, Sum: 3414, Workers: 5
[38.960s][debug][gc,phases         ] GC(720)       ResolvedMethodTable weak  Min:  0.0, Avg:  0.0, Max:  0.0, Diff:  0.0, Sum:  0.0, Workers: 5
[38.960s][debug][gc,phases         ] GC(720)         Dead                      Min: 0, Avg:  0.0, Max: 0, Diff: 0, Sum: 0, Workers: 5
[38.960s][debug][gc,phases         ] GC(720)         Total                     Min: 25, Avg: 120.2, Max: 192, Diff: 167, Sum: 601, Workers: 5
[38.960s][debug][gc,phases         ] GC(720)     Merge Per-Thread State: 0.0ms
[38.960s][debug][gc,phases         ] GC(720)       Copied Bytes              Min: 72, Avg: 250315.0, Max: 800320, Diff: 800248, Sum: 2002520, Workers: 8
[38.960s][debug][gc,phases         ] GC(720)       LAB Waste                 Min: 0, Avg:  0.0, Max: 0, Diff: 0, Sum: 0, Workers: 8
[38.960s][debug][gc,phases         ] GC(720)       LAB Undo Waste            Min: 0, Avg:  0.0, Max: 0, Diff: 0, Sum: 0, Workers: 8
[38.960s][debug][gc,phases         ] GC(720)     Code Roots Purge: 0.0ms
[38.960s][debug][gc,phases         ] GC(720)     Redirty Cards: 0.1ms
[38.960s][debug][gc,phases         ] GC(720)     DerivedPointerTable Update: 0.0ms
[38.960s][debug][gc,phases         ] GC(720)     Free Collection Set: 0.2ms
[38.960s][debug][gc,phases         ] GC(720)     Rebuild Free List: 0.0ms
[38.960s][debug][gc,phases         ] GC(720)     Humongous Reclaim: 0.0ms
[38.960s][debug][gc,phases         ] GC(720)     Start New Collection Set: 0.0ms
[38.960s][debug][gc,phases         ] GC(720)     Resize TLABs: 0.0ms
[38.960s][debug][gc,phases         ] GC(720)     Expand Heap After Collection: 0.0ms
[38.960s][info ][gc,phases         ] GC(720)   Other: 0.5ms
[38.960s][info ][gc,heap           ] GC(720) Eden regions: 866->0(867)
[38.960s][info ][gc,heap           ] GC(720) Survivor regions: 4->3(109)
[38.960s][info ][gc,heap           ] GC(720) Old regions: 17->17
[38.960s][info ][gc,heap           ] GC(720) Archive regions: 2->2
[38.960s][info ][gc,heap           ] GC(720) Humongous regions: 0->0
[38.960s][info ][gc,metaspace      ] GC(720) Metaspace: 10130K(10624K)->10130K(10624K) NonClass: 8932K(9216K)->8932K(9216K) Class: 1198K(1408K)->1198K(1408K)
[38.960s][debug][gc,heap           ] GC(720) Heap after GC invocations=721 (full 1): garbage-first heap   total 1484800K, used 20188K [0x0000000700000000, 0x0000000800000000)
[38.960s][debug][gc,heap           ] GC(720)   region size 1024K, 3 young (3072K), 3 survivors (3072K)
[38.960s][debug][gc,heap           ] GC(720)  Metaspace       used 10130K, capacity 10468K, committed 10624K, reserved 1058816K
[38.960s][debug][gc,heap           ] GC(720)   class space    used 1198K, capacity 1344K, committed 1408K, reserved 1048576K
[38.960s][info ][gc                ] GC(720) Pause Young (Normal) (G1 Evacuation Pause) 886M->19M(1450M) 2.751ms
[38.960s][info ][gc,cpu            ] GC(720) User=0.00s Sys=0.00s Real=0.00s
[38.960s][info ][safepoint         ] Safepoint "G1CollectForAllocation", Time since last: 43619667 ns, Reaching safepoint: 160196 ns, At safepoint: 2971701 ns, Total: 3131897 ns
[39.008s][debug][gc,heap           ] GC(721) Heap before GC invocations=721 (full 1): garbage-first heap   total 1484800K, used 906972K [0x0000000700000000, 0x0000000800000000)
[39.008s][debug][gc,heap           ] GC(721)   region size 1024K, 870 young (890880K), 3 survivors (3072K)
[39.008s][debug][gc,heap           ] GC(721)  Metaspace       used 10130K, capacity 10468K, committed 10624K, reserved 1058816K
[39.008s][debug][gc,heap           ] GC(721)   class space    used 1198K, capacity 1344K, committed 1408K, reserved 1048576K
[39.008s][info ][gc,start          ] GC(721) Pause Young (Normal) (G1 Evacuation Pause)
[39.008s][info ][gc,task           ] GC(721) Using 8 workers of 8 for evacuation
[39.008s][debug][gc,tlab           ] GC(721) TLAB totals: thrds: 8  refills: 13 max: 2 slow allocs: 1725 max 283 waste: 29.8% gc: 1086808B max: 230464B slow: 58080B max: 14304B fast: 0B max: 0B
[39.008s][debug][gc,age            ] GC(721) Desired survivor size 57147392 bytes, new threshold 15 (max threshold 15)
[39.008s][debug][gc,alloc,region   ] GC(721) Mutator Allocation stats, regions: 867, wasted size: 203M (23.4%)
[39.008s][debug][gc,ergo           ] GC(721) Running G1 Merge Heap Roots using 8 workers for 870 regions
[39.008s][debug][gc,remset         ] GC(721) Visited cards 512 Total dirty 4096 (12.50%) Total old 3602432 (0.01%)
[39.009s][debug][gc,ergo           ] GC(721) Running G1 Clear Card Table Task using 2 workers for 2 units of work for 872 regions.
[39.009s][debug][gc,ref            ] GC(721) Skipped phase1 of Reference Processing due to unavailable references
[39.009s][debug][gc,ref            ] GC(721) Skipped phase2 of Reference Processing due to unavailable references
[39.009s][debug][gc,ref            ] GC(721) Skipped phase3 of Reference Processing due to unavailable references
[39.009s][debug][gc,ref            ] GC(721) Skipped phase4 of Reference Processing due to unavailable references
[39.009s][debug][gc,ergo           ] GC(721) Running G1 Free Collection Set using 8 workers for collection set length 870 (1450)
[39.009s][debug][gc,ergo           ] GC(721) Running G1 Rebuild Free List Task using 8 workers for rebuilding free list of 0 (4096) regions
[39.009s][trace][gc,age            ] GC(721) Age table with threshold 15 (max threshold 15)
[39.009s][trace][gc,age            ] GC(721) - age   1:    3602576 bytes,    3602576 total
[39.010s][debug][gc,plab           ] GC(721) Young PLAB allocation: allocated: 16512B, wasted: 0B, unused: 14064B, used: 2448B, undo waste: 0B, 
[39.010s][debug][gc,plab           ] GC(721) Young other allocation: region end waste: 979736B, regions filled: 5, direct allocated: 3600128B, failure used: 0B, failure wasted: 0B
[39.010s][debug][gc,plab           ] GC(721) Young sizing: calculated: 0B, actual: 2064B
[39.010s][debug][gc,plab           ] GC(721) Old PLAB allocation: allocated: 0B, wasted: 0B, unused: 0B, used: 0B, undo waste: 0B, 
[39.010s][debug][gc,plab           ] GC(721) Old other allocation: region end waste: 0B, regions filled: 1, direct allocated: 0B, failure used: 0B, failure wasted: 0B
[39.010s][debug][gc,plab           ] GC(721) Old sizing: calculated: 0B, actual: 2064B
[39.010s][debug][gc,ihop           ] GC(721) Basic information (value update), threshold: 684195840B (45.00), target occupancy: 1520435200B, current occupancy: 22768280B, recent allocation size: 0B, recent allocation duration: 49.10ms, recent old gen allocation rate: 0.00B/s, recent marking phase length: 29.21ms
[39.010s][debug][gc,ihop           ] GC(721) Adaptive IHOP information (value update), threshold: 684195840B (47.37), internal target occupancy: 1444413440B, occupancy: 22768280B, additional buffer size: 912261120B, predicted old gen allocation rate: 0.24B/s, predicted marking phase length: 58.41ms, prediction active: false
[39.010s][debug][gc,ergo,refine    ] GC(721) Concurrent refinement times: Logged Cards Scan time goal: 20.00ms Logged Cards Scan time: 0.00ms HCC time: 0.00ms
[39.010s][debug][gc,ergo,refine    ] GC(721) Updated Refinement Zones: green: 2048, yellow: 6144, red: 10240
[39.010s][info ][gc,phases         ] GC(721)   Pre Evacuate Collection Set: 0.2ms
[39.010s][debug][gc,phases         ] GC(721)     Prepare TLABs: 0.0ms
[39.010s][debug][gc,phases         ] GC(721)     Choose Collection Set: 0.0ms
[39.010s][debug][gc,phases         ] GC(721)     Region Register: 0.1ms
[39.010s][debug][gc,phases         ] GC(721)     Prepare Heap Roots: 0.0ms
[39.010s][info ][gc,phases         ] GC(721)   Merge Heap Roots: 0.2ms
[39.010s][debug][gc,phases         ] GC(721)     Prepare Merge Heap Roots: 0.0ms
[39.010s][debug][gc,phases         ] GC(721)     Eager Reclaim (ms):       skipped
[39.010s][debug][gc,phases         ] GC(721)     Remembered Sets (ms):     Min:  0.0, Avg:  0.0, Max:  0.1, Diff:  0.0, Sum:  0.4, Workers: 8
[39.010s][debug][gc,phases         ] GC(721)       Merged Sparse:            Min: 0, Avg:  0.0, Max: 0, Diff: 0, Sum: 0, Workers: 8
[39.010s][debug][gc,phases         ] GC(721)       Merged Fine:              Min: 0, Avg:  0.0, Max: 0, Diff: 0, Sum: 0, Workers: 8
[39.010s][debug][gc,phases         ] GC(721)       Merged Coarse:            Min: 0, Avg:  0.0, Max: 0, Diff: 0, Sum: 0, Workers: 8
[39.010s][debug][gc,phases         ] GC(721)       Dirty Cards:              Min: 0, Avg:  0.0, Max: 0, Diff: 0, Sum: 0, Workers: 8
[39.010s][debug][gc,phases         ] GC(721)     Hot Card Cache (ms):      Min:  0.0, Avg:  0.0, Max:  0.0, Diff:  0.0, Sum:  0.0, Workers: 8
[39.010s][debug][gc,phases         ] GC(721)       Dirty Cards:              Min: 0, Avg:  0.0, Max: 0, Diff: 0, Sum: 0, Workers: 8
[39.010s][debug][gc,phases         ] GC(721)       Skipped Cards:            Min: 0, Avg:  0.0, Max: 0, Diff: 0, Sum: 0, Workers: 8
[39.010s][debug][gc,phases         ] GC(721)     Log Buffers (ms):         Min:  0.0, Avg:  0.0, Max:  0.0, Diff:  0.0, Sum:  0.0, Workers: 8
[39.010s][debug][gc,phases         ] GC(721)       Dirty Cards:              Min: 0, Avg:  0.2, Max: 1, Diff: 1, Sum: 2, Workers: 8
[39.010s][debug][gc,phases         ] GC(721)       Skipped Cards:            Min: 0, Avg:  0.0, Max: 0, Diff: 0, Sum: 0, Workers: 8
[39.010s][info ][gc,phases         ] GC(721)   Evacuate Collection Set: 0.4ms
[39.010s][debug][gc,phases         ] GC(721)     Ext Root Scanning (ms):   Min:  0.2, Avg:  0.3, Max:  0.3, Diff:  0.2, Sum:  2.0, Workers: 8
[39.010s][debug][gc,phases         ] GC(721)     Scan Heap Roots (ms):     Min:  0.0, Avg:  0.0, Max:  0.0, Diff:  0.0, Sum:  0.0, Workers: 8
[39.010s][debug][gc,phases         ] GC(721)       Scanned Cards:            Min: 0, Avg:  0.2, Max: 2, Diff: 2, Sum: 2, Workers: 8
[39.010s][debug][gc,phases         ] GC(721)       Scanned Blocks:           Min: 0, Avg:  0.2, Max: 2, Diff: 2, Sum: 2, Workers: 8
[39.010s][debug][gc,phases         ] GC(721)       Claimed Chunks:           Min: 0, Avg:  0.2, Max: 2, Diff: 2, Sum: 2, Workers: 8
[39.010s][debug][gc,phases         ] GC(721)     Code Root Scan (ms):      Min:  0.0, Avg:  0.0, Max:  0.0, Diff:  0.0, Sum:  0.2, Workers: 8
[39.010s][debug][gc,phases         ] GC(721)     Object Copy (ms):         Min:  0.0, Avg:  0.0, Max:  0.0, Diff:  0.0, Sum:  0.0, Workers: 8
[39.010s][debug][gc,phases         ] GC(721)     Termination (ms):         Min:  0.0, Avg:  0.1, Max:  0.1, Diff:  0.1, Sum:  0.5, Workers: 8
[39.010s][debug][gc,phases         ] GC(721)       Termination Attempts:     Min: 1, Avg:  1.1, Max: 2, Diff: 1, Sum: 9, Workers: 8
[39.010s][debug][gc,phases         ] GC(721)     GC Worker Other (ms):     Min:  0.0, Avg:  0.0, Max:  0.1, Diff:  0.1, Sum:  0.4, Workers: 8
[39.010s][debug][gc,phases         ] GC(721)     GC Worker Total (ms):     Min:  0.4, Avg:  0.4, Max:  0.4, Diff:  0.0, Sum:  3.1, Workers: 8
[39.010s][info ][gc,phases         ] GC(721)   Post Evacuate Collection Set: 0.7ms
[39.010s][debug][gc,phases         ] GC(721)     Code Roots Fixup: 0.0ms
[39.010s][debug][gc,phases         ] GC(721)     Clear Card Table: 0.3ms
[39.010s][debug][gc,phases         ] GC(721)     Reference Processing: 0.0ms
[39.010s][debug][gc,phases,ref     ] GC(721)       Reconsider SoftReferences: 0.0ms
[39.010s][debug][gc,phases,ref     ] GC(721)         SoftRef (ms):             skipped
[39.010s][debug][gc,phases,ref     ] GC(721)       Notify Soft/WeakReferences: 0.0ms
[39.010s][debug][gc,phases,ref     ] GC(721)         SoftRef (ms):             skipped
[39.010s][debug][gc,phases,ref     ] GC(721)         WeakRef (ms):             skipped
[39.010s][debug][gc,phases,ref     ] GC(721)         FinalRef (ms):            skipped
[39.010s][debug][gc,phases,ref     ] GC(721)         Total (ms):               skipped
[39.010s][debug][gc,phases,ref     ] GC(721)       Notify and keep alive finalizable: 0.0ms
[39.010s][debug][gc,phases,ref     ] GC(721)         FinalRef (ms):            skipped
[39.010s][debug][gc,phases,ref     ] GC(721)       Notify PhantomReferences: 0.0ms
[39.010s][debug][gc,phases,ref     ] GC(721)         PhantomRef (ms):          skipped
[39.010s][debug][gc,phases,ref     ] GC(721)       SoftReference:
[39.010s][debug][gc,phases,ref     ] GC(721)         Discovered: 0
[39.010s][debug][gc,phases,ref     ] GC(721)         Cleared: 0
[39.010s][debug][gc,phases,ref     ] GC(721)       WeakReference:
[39.010s][debug][gc,phases,ref     ] GC(721)         Discovered: 0
[39.010s][debug][gc,phases,ref     ] GC(721)         Cleared: 0
[39.010s][debug][gc,phases,ref     ] GC(721)       FinalReference:
[39.010s][debug][gc,phases,ref     ] GC(721)         Discovered: 0
[39.010s][debug][gc,phases,ref     ] GC(721)         Cleared: 0
[39.010s][debug][gc,phases,ref     ] GC(721)       PhantomReference:
[39.010s][debug][gc,phases,ref     ] GC(721)         Discovered: 0
[39.010s][debug][gc,phases,ref     ] GC(721)         Cleared: 0
[39.010s][debug][gc,phases         ] GC(721)     Weak Processing: 0.0ms
[39.010s][debug][gc,phases         ] GC(721)       JVMTI weak processing: 0.0ms
[39.010s][debug][gc,phases         ] GC(721)         Dead: 0
[39.010s][debug][gc,phases         ] GC(721)         Total: 0
[39.010s][debug][gc,phases         ] GC(721)       JFR weak processing: 0.0ms
[39.010s][debug][gc,phases         ] GC(721)         Dead: 0
[39.010s][debug][gc,phases         ] GC(721)         Total: 0
[39.010s][debug][gc,phases         ] GC(721)       JNI weak                  Min:  0.0, Avg:  0.0, Max:  0.0, Diff:  0.0, Sum:  0.0, Workers: 5
[39.010s][debug][gc,phases         ] GC(721)         Dead                      Min: 0, Avg:  0.0, Max: 0, Diff: 0, Sum: 0, Workers: 5
[39.010s][debug][gc,phases         ] GC(721)         Total                     Min: 0, Avg: 13.4, Max: 64, Diff: 64, Sum: 67, Workers: 5
[39.010s][debug][gc,phases         ] GC(721)       VM weak                   Min:  0.0, Avg:  0.0, Max:  0.0, Diff:  0.0, Sum:  0.0, Workers: 5
[39.010s][debug][gc,phases         ] GC(721)         Dead                      Min: 0, Avg:  0.0, Max: 0, Diff: 0, Sum: 0, Workers: 5
[39.010s][debug][gc,phases         ] GC(721)         Total                     Min: 0, Avg: 45.2, Max: 64, Diff: 64, Sum: 226, Workers: 5
[39.010s][debug][gc,phases         ] GC(721)       StringTable weak          Min:  0.0, Avg:  0.0, Max:  0.0, Diff:  0.0, Sum:  0.1, Workers: 5
[39.010s][debug][gc,phases         ] GC(721)         Dead                      Min: 0, Avg:  0.0, Max: 0, Diff: 0, Sum: 0, Workers: 5
[39.010s][debug][gc,phases         ] GC(721)         Total                     Min: 599, Avg: 682.8, Max: 768, Diff: 169, Sum: 3414, Workers: 5
[39.010s][debug][gc,phases         ] GC(721)       ResolvedMethodTable weak  Min:  0.0, Avg:  0.0, Max:  0.0, Diff:  0.0, Sum:  0.0, Workers: 5
[39.010s][debug][gc,phases         ] GC(721)         Dead                      Min: 0, Avg:  0.0, Max: 0, Diff: 0, Sum: 0, Workers: 5
[39.010s][debug][gc,phases         ] GC(721)         Total                     Min: 64, Avg: 120.2, Max: 192, Diff: 128, Sum: 601, Workers: 5
[39.010s][debug][gc,phases         ] GC(721)     Merge Per-Thread State: 0.0ms
[39.010s][debug][gc,phases         ] GC(721)       Copied Bytes              Min: 392, Avg: 450322.0, Max: 800096, Diff: 799704, Sum: 3602576, Workers: 8
[39.010s][debug][gc,phases         ] GC(721)       LAB Waste                 Min: 0, Avg:  0.0, Max: 0, Diff: 0, Sum: 0, Workers: 8
[39.010s][debug][gc,phases         ] GC(721)       LAB Undo Waste            Min: 0, Avg:  0.0, Max: 0, Diff: 0, Sum: 0, Workers: 8
[39.010s][debug][gc,phases         ] GC(721)     Code Roots Purge: 0.0ms
[39.010s][debug][gc,phases         ] GC(721)     Redirty Cards: 0.0ms
[39.010s][debug][gc,phases         ] GC(721)     DerivedPointerTable Update: 0.0ms
[39.010s][debug][gc,phases         ] GC(721)     Free Collection Set: 0.2ms
[39.010s][debug][gc,phases         ] GC(721)     Rebuild Free List: 0.1ms
[39.010s][debug][gc,phases         ] GC(721)     Humongous Reclaim: 0.0ms
[39.010s][debug][gc,phases         ] GC(721)     Start New Collection Set: 0.0ms
[39.010s][debug][gc,phases         ] GC(721)     Resize TLABs: 0.0ms
[39.010s][debug][gc,phases         ] GC(721)     Expand Heap After Collection: 0.0ms
[39.010s][info ][gc,phases         ] GC(721)   Other: 0.4ms
[39.010s][info ][gc,heap           ] GC(721) Eden regions: 867->0(865)
[39.010s][info ][gc,heap           ] GC(721) Survivor regions: 3->5(109)
[39.010s][info ][gc,heap           ] GC(721) Old regions: 17->17
[39.010s][info ][gc,heap           ] GC(721) Archive regions: 2->2
[39.010s][info ][gc,heap           ] GC(721) Humongous regions: 0->0
[39.010s][info ][gc,metaspace      ] GC(721) Metaspace: 10130K(10624K)->10130K(10624K) NonClass: 8932K(9216K)->8932K(9216K) Class: 1198K(1408K)->1198K(1408K)
[39.010s][debug][gc,heap           ] GC(721) Heap after GC invocations=722 (full 1): garbage-first heap   total 1484800K, used 22234K [0x0000000700000000, 0x0000000800000000)
[39.010s][debug][gc,heap           ] GC(721)   region size 1024K, 5 young (5120K), 5 survivors (5120K)
[39.010s][debug][gc,heap           ] GC(721)  Metaspace       used 10130K, capacity 10468K, committed 10624K, reserved 1058816K
[39.010s][debug][gc,heap           ] GC(721)   class space    used 1198K, capacity 1344K, committed 1408K, reserved 1048576K
[39.010s][info ][gc                ] GC(721) Pause Young (Normal) (G1 Evacuation Pause) 886M->21M(1450M) 2.554ms
[39.010s][info ][gc,cpu            ] GC(721) User=0.01s Sys=0.00s Real=0.00s
[39.011s][info ][safepoint         ] Safepoint "G1CollectForAllocation", Time since last: 47334367 ns, Reaching safepoint: 189566 ns, At safepoint: 2848957 ns, Total: 3038523 ns
[39.055s][debug][gc,heap           ] GC(722) Heap before GC invocations=722 (full 1): garbage-first heap   total 1484800K, used 906970K [0x0000000700000000, 0x0000000800000000)
[39.055s][debug][gc,heap           ] GC(722)   region size 1024K, 870 young (890880K), 5 survivors (5120K)
[39.055s][debug][gc,heap           ] GC(722)  Metaspace       used 10130K, capacity 10468K, committed 10624K, reserved 1058816K
[39.055s][debug][gc,heap           ] GC(722)   class space    used 1198K, capacity 1344K, committed 1408K, reserved 1048576K
[39.055s][info ][gc,start          ] GC(722) Pause Young (Normal) (G1 Evacuation Pause)
[39.055s][info ][gc,task           ] GC(722) Using 8 workers of 8 for evacuation
[39.055s][debug][gc,tlab           ] GC(722) TLAB totals: thrds: 8  refills: 18 max: 3 slow allocs: 1720 max 265 waste: 24.5% gc: 1294960B max: 243888B slow: 101240B max: 15488B fast: 0B max: 0B
[39.055s][debug][gc,age            ] GC(722) Desired survivor size 57147392 bytes, new threshold 15 (max threshold 15)
[39.055s][debug][gc,alloc,region   ] GC(722) Mutator Allocation stats, regions: 865, wasted size: 202M (23.4%)
[39.055s][debug][gc,ergo           ] GC(722) Running G1 Merge Heap Roots using 8 workers for 870 regions
[39.055s][debug][gc,remset         ] GC(722) Visited cards 256 Total dirty 2048 (12.50%) Total old 3602432 (0.01%)
[39.055s][debug][gc,ergo           ] GC(722) Running G1 Clear Card Table Task using 2 workers for 2 units of work for 871 regions.
[39.056s][debug][gc,ref            ] GC(722) Skipped phase1 of Reference Processing due to unavailable references
[39.056s][debug][gc,ref            ] GC(722) Skipped phase2 of Reference Processing due to unavailable references
[39.056s][debug][gc,ref            ] GC(722) Skipped phase3 of Reference Processing due to unavailable references
[39.056s][debug][gc,ref            ] GC(722) Skipped phase4 of Reference Processing due to unavailable references
[39.056s][debug][gc,ergo           ] GC(722) Running G1 Free Collection Set using 8 workers for collection set length 870 (1450)
[39.056s][debug][gc,ergo           ] GC(722) Running G1 Rebuild Free List Task using 8 workers for rebuilding free list of 0 (4096) regions
[39.056s][trace][gc,age            ] GC(722) Age table with threshold 15 (max threshold 15)
[39.056s][trace][gc,age            ] GC(722) - age   1:    2002528 bytes,    2002528 total
[39.056s][debug][gc,plab           ] GC(722) Young PLAB allocation: allocated: 16512B, wasted: 0B, unused: 14064B, used: 2448B, undo waste: 0B, 
[39.056s][debug][gc,plab           ] GC(722) Young other allocation: region end waste: 480576B, regions filled: 3, direct allocated: 2000080B, failure used: 0B, failure wasted: 0B
[39.056s][debug][gc,plab           ] GC(722) Young sizing: calculated: 0B, actual: 2064B
[39.056s][debug][gc,plab           ] GC(722) Old PLAB allocation: allocated: 0B, wasted: 0B, unused: 0B, used: 0B, undo waste: 0B, 
[39.056s][debug][gc,plab           ] GC(722) Old other allocation: region end waste: 0B, regions filled: 1, direct allocated: 0B, failure used: 0B, failure wasted: 0B
[39.056s][debug][gc,plab           ] GC(722) Old sizing: calculated: 0B, actual: 2064B
[39.056s][debug][gc,ihop           ] GC(722) Basic information (value update), threshold: 684195840B (45.00), target occupancy: 1520435200B, current occupancy: 20669072B, recent allocation size: 0B, recent allocation duration: 45.15ms, recent old gen allocation rate: 0.00B/s, recent marking phase length: 29.21ms
[39.056s][debug][gc,ihop           ] GC(722) Adaptive IHOP information (value update), threshold: 684195840B (47.37), internal target occupancy: 1444413440B, occupancy: 20669072B, additional buffer size: 912261120B, predicted old gen allocation rate: 0.23B/s, predicted marking phase length: 58.41ms, prediction active: false
[39.056s][debug][gc,ergo,refine    ] GC(722) Concurrent refinement times: Logged Cards Scan time goal: 20.00ms Logged Cards Scan time: 0.00ms HCC time: 0.00ms
[39.056s][debug][gc,ergo,refine    ] GC(722) Updated Refinement Zones: green: 2048, yellow: 6144, red: 10240
[39.056s][info ][gc,phases         ] GC(722)   Pre Evacuate Collection Set: 0.1ms
[39.056s][debug][gc,phases         ] GC(722)     Prepare TLABs: 0.0ms
[39.056s][debug][gc,phases         ] GC(722)     Choose Collection Set: 0.0ms
[39.056s][debug][gc,phases         ] GC(722)     Region Register: 0.1ms
[39.056s][debug][gc,phases         ] GC(722)     Prepare Heap Roots: 0.0ms
[39.056s][info ][gc,phases         ] GC(722)   Merge Heap Roots: 0.2ms
[39.056s][debug][gc,phases         ] GC(722)     Prepare Merge Heap Roots: 0.0ms
[39.056s][debug][gc,phases         ] GC(722)     Eager Reclaim (ms):       skipped
[39.056s][debug][gc,phases         ] GC(722)     Remembered Sets (ms):     Min:  0.0, Avg:  0.0, Max:  0.1, Diff:  0.0, Sum:  0.3, Workers: 8
[39.056s][debug][gc,phases         ] GC(722)       Merged Sparse:            Min: 0, Avg:  0.0, Max: 0, Diff: 0, Sum: 0, Workers: 8
[39.056s][debug][gc,phases         ] GC(722)       Merged Fine:              Min: 0, Avg:  0.0, Max: 0, Diff: 0, Sum: 0, Workers: 8
[39.056s][debug][gc,phases         ] GC(722)       Merged Coarse:            Min: 0, Avg:  0.0, Max: 0, Diff: 0, Sum: 0, Workers: 8
[39.056s][debug][gc,phases         ] GC(722)       Dirty Cards:              Min: 0, Avg:  0.0, Max: 0, Diff: 0, Sum: 0, Workers: 8
[39.056s][debug][gc,phases         ] GC(722)     Hot Card Cache (ms):      Min:  0.0, Avg:  0.0, Max:  0.0, Diff:  0.0, Sum:  0.0, Workers: 8
[39.056s][debug][gc,phases         ] GC(722)       Dirty Cards:              Min: 0, Avg:  0.0, Max: 0, Diff: 0, Sum: 0, Workers: 8
[39.056s][debug][gc,phases         ] GC(722)       Skipped Cards:            Min: 0, Avg:  0.0, Max: 0, Diff: 0, Sum: 0, Workers: 8
[39.056s][debug][gc,phases         ] GC(722)     Log Buffers (ms):         Min:  0.0, Avg:  0.0, Max:  0.0, Diff:  0.0, Sum:  0.0, Workers: 8
[39.056s][debug][gc,phases         ] GC(722)       Dirty Cards:              Min: 0, Avg:  0.1, Max: 1, Diff: 1, Sum: 1, Workers: 8
[39.056s][debug][gc,phases         ] GC(722)       Skipped Cards:            Min: 0, Avg:  0.0, Max: 0, Diff: 0, Sum: 0, Workers: 8
[39.056s][info ][gc,phases         ] GC(722)   Evacuate Collection Set: 0.3ms
[39.056s][debug][gc,phases         ] GC(722)     Ext Root Scanning (ms):   Min:  0.0, Avg:  0.1, Max:  0.2, Diff:  0.1, Sum:  0.9, Workers: 8
[39.056s][debug][gc,phases         ] GC(722)     Scan Heap Roots (ms):     Min:  0.0, Avg:  0.0, Max:  0.0, Diff:  0.0, Sum:  0.0, Workers: 8
[39.056s][debug][gc,phases         ] GC(722)       Scanned Cards:            Min: 0, Avg:  0.1, Max: 1, Diff: 1, Sum: 1, Workers: 8
[39.056s][debug][gc,phases         ] GC(722)       Scanned Blocks:           Min: 0, Avg:  0.1, Max: 1, Diff: 1, Sum: 1, Workers: 8
[39.056s][debug][gc,phases         ] GC(722)       Claimed Chunks:           Min: 0, Avg:  0.1, Max: 1, Diff: 1, Sum: 1, Workers: 8
[39.056s][debug][gc,phases         ] GC(722)     Code Root Scan (ms):      Min:  0.0, Avg:  0.0, Max:  0.1, Diff:  0.1, Sum:  0.2, Workers: 8
[39.056s][debug][gc,phases         ] GC(722)     Object Copy (ms):         Min:  0.0, Avg:  0.0, Max:  0.0, Diff:  0.0, Sum:  0.0, Workers: 8
[39.056s][debug][gc,phases         ] GC(722)     Termination (ms):         Min:  0.1, Avg:  0.1, Max:  0.1, Diff:  0.0, Sum:  0.6, Workers: 8
[39.056s][debug][gc,phases         ] GC(722)       Termination Attempts:     Min: 1, Avg:  1.0, Max: 1, Diff: 0, Sum: 8, Workers: 8
[39.056s][debug][gc,phases         ] GC(722)     GC Worker Other (ms):     Min:  0.0, Avg:  0.1, Max:  0.1, Diff:  0.1, Sum:  0.4, Workers: 8
[39.056s][debug][gc,phases         ] GC(722)     GC Worker Total (ms):     Min:  0.2, Avg:  0.3, Max:  0.3, Diff:  0.1, Sum:  2.1, Workers: 8
[39.056s][info ][gc,phases         ] GC(722)   Post Evacuate Collection Set: 0.6ms
[39.056s][debug][gc,phases         ] GC(722)     Code Roots Fixup: 0.0ms
[39.056s][debug][gc,phases         ] GC(722)     Clear Card Table: 0.2ms
[39.056s][debug][gc,phases         ] GC(722)     Reference Processing: 0.0ms
[39.056s][debug][gc,phases,ref     ] GC(722)       Reconsider SoftReferences: 0.0ms
[39.056s][debug][gc,phases,ref     ] GC(722)         SoftRef (ms):             skipped
[39.056s][debug][gc,phases,ref     ] GC(722)       Notify Soft/WeakReferences: 0.0ms
[39.056s][debug][gc,phases,ref     ] GC(722)         SoftRef (ms):             skipped
[39.056s][debug][gc,phases,ref     ] GC(722)         WeakRef (ms):             skipped
[39.056s][debug][gc,phases,ref     ] GC(722)         FinalRef (ms):            skipped
[39.056s][debug][gc,phases,ref     ] GC(722)         Total (ms):               skipped
[39.056s][debug][gc,phases,ref     ] GC(722)       Notify and keep alive finalizable: 0.0ms
[39.056s][debug][gc,phases,ref     ] GC(722)         FinalRef (ms):            skipped
[39.056s][debug][gc,phases,ref     ] GC(722)       Notify PhantomReferences: 0.0ms
[39.056s][debug][gc,phases,ref     ] GC(722)         PhantomRef (ms):          skipped
[39.056s][debug][gc,phases,ref     ] GC(722)       SoftReference:
[39.056s][debug][gc,phases,ref     ] GC(722)         Discovered: 0
[39.056s][debug][gc,phases,ref     ] GC(722)         Cleared: 0
[39.056s][debug][gc,phases,ref     ] GC(722)       WeakReference:
[39.056s][debug][gc,phases,ref     ] GC(722)         Discovered: 0
[39.056s][debug][gc,phases,ref     ] GC(722)         Cleared: 0
[39.056s][debug][gc,phases,ref     ] GC(722)       FinalReference:
[39.056s][debug][gc,phases,ref     ] GC(722)         Discovered: 0
[39.057s][debug][gc,phases,ref     ] GC(722)         Cleared: 0
[39.057s][debug][gc,phases,ref     ] GC(722)       PhantomReference:
[39.057s][debug][gc,phases,ref     ] GC(722)         Discovered: 0
[39.057s][debug][gc,phases,ref     ] GC(722)         Cleared: 0
[39.057s][debug][gc,phases         ] GC(722)     Weak Processing: 0.0ms
[39.057s][debug][gc,phases         ] GC(722)       JVMTI weak processing: 0.0ms
[39.057s][debug][gc,phases         ] GC(722)         Dead: 0
[39.057s][debug][gc,phases         ] GC(722)         Total: 0
[39.057s][debug][gc,phases         ] GC(722)       JFR weak processing: 0.0ms
[39.057s][debug][gc,phases         ] GC(722)         Dead: 0
[39.057s][debug][gc,phases         ] GC(722)         Total: 0
[39.057s][debug][gc,phases         ] GC(722)       JNI weak                  Min:  0.0, Avg:  0.0, Max:  0.0, Diff:  0.0, Sum:  0.0, Workers: 5
[39.057s][debug][gc,phases         ] GC(722)         Dead                      Min: 0, Avg:  0.0, Max: 0, Diff: 0, Sum: 0, Workers: 5
[39.057s][debug][gc,phases         ] GC(722)         Total                     Min: 0, Avg: 13.4, Max: 64, Diff: 64, Sum: 67, Workers: 5
[39.057s][debug][gc,phases         ] GC(722)       VM weak                   Min:  0.0, Avg:  0.0, Max:  0.0, Diff:  0.0, Sum:  0.0, Workers: 5
[39.057s][debug][gc,phases         ] GC(722)         Dead                      Min: 0, Avg:  0.0, Max: 0, Diff: 0, Sum: 0, Workers: 5
[39.057s][debug][gc,phases         ] GC(722)         Total                     Min: 0, Avg: 45.2, Max: 98, Diff: 98, Sum: 226, Workers: 5
[39.057s][debug][gc,phases         ] GC(722)       StringTable weak          Min:  0.0, Avg:  0.0, Max:  0.0, Diff:  0.0, Sum:  0.1, Workers: 5
[39.057s][debug][gc,phases         ] GC(722)         Dead                      Min: 0, Avg:  0.0, Max: 0, Diff: 0, Sum: 0, Workers: 5
[39.057s][debug][gc,phases         ] GC(722)         Total                     Min: 0, Avg: 682.8, Max: 919, Diff: 919, Sum: 3414, Workers: 5
[39.057s][debug][gc,phases         ] GC(722)       ResolvedMethodTable weak  Min:  0.0, Avg:  0.0, Max:  0.0, Diff:  0.0, Sum:  0.0, Workers: 5
[39.057s][debug][gc,phases         ] GC(722)         Dead                      Min: 0, Avg:  0.0, Max: 0, Diff: 0, Sum: 0, Workers: 5
[39.057s][debug][gc,phases         ] GC(722)         Total                     Min: 25, Avg: 120.2, Max: 192, Diff: 167, Sum: 601, Workers: 5
[39.057s][debug][gc,phases         ] GC(722)     Merge Per-Thread State: 0.0ms
[39.057s][debug][gc,phases         ] GC(722)       Copied Bytes              Min: 72, Avg: 250316.0, Max: 400952, Diff: 400880, Sum: 2002528, Workers: 8
[39.057s][debug][gc,phases         ] GC(722)       LAB Waste                 Min: 0, Avg:  0.0, Max: 0, Diff: 0, Sum: 0, Workers: 8
[39.057s][debug][gc,phases         ] GC(722)       LAB Undo Waste            Min: 0, Avg:  0.0, Max: 0, Diff: 0, Sum: 0, Workers: 8
[39.057s][debug][gc,phases         ] GC(722)     Code Roots Purge: 0.0ms
[39.057s][debug][gc,phases         ] GC(722)     Redirty Cards: 0.0ms
[39.057s][debug][gc,phases         ] GC(722)     DerivedPointerTable Update: 0.0ms
[39.057s][debug][gc,phases         ] GC(722)     Free Collection Set: 0.2ms
[39.057s][debug][gc,phases         ] GC(722)     Rebuild Free List: 0.0ms
[39.057s][debug][gc,phases         ] GC(722)     Humongous Reclaim: 0.0ms
[39.057s][debug][gc,phases         ] GC(722)     Start New Collection Set: 0.0ms
[39.057s][debug][gc,phases         ] GC(722)     Resize TLABs: 0.0ms
[39.057s][debug][gc,phases         ] GC(722)     Expand Heap After Collection: 0.0ms
[39.057s][info ][gc,phases         ] GC(722)   Other: 0.4ms
[39.057s][info ][gc,heap           ] GC(722) Eden regions: 865->0(867)
[39.057s][info ][gc,heap           ] GC(722) Survivor regions: 5->3(109)
[39.057s][info ][gc,heap           ] GC(722) Old regions: 17->17
[39.057s][info ][gc,heap           ] GC(722) Archive regions: 2->2
[39.057s][info ][gc,heap           ] GC(722) Humongous regions: 0->0
[39.057s][info ][gc,metaspace      ] GC(722) Metaspace: 10130K(10624K)->10130K(10624K) NonClass: 8932K(9216K)->8932K(9216K) Class: 1198K(1408K)->1198K(1408K)
[39.057s][debug][gc,heap           ] GC(722) Heap after GC invocations=723 (full 1): garbage-first heap   total 1484800K, used 20184K [0x0000000700000000, 0x0000000800000000)
[39.057s][debug][gc,heap           ] GC(722)   region size 1024K, 3 young (3072K), 3 survivors (3072K)
[39.057s][debug][gc,heap           ] GC(722)  Metaspace       used 10130K, capacity 10468K, committed 10624K, reserved 1058816K
[39.057s][debug][gc,heap           ] GC(722)   class space    used 1198K, capacity 1344K, committed 1408K, reserved 1048576K
[39.057s][info ][gc                ] GC(722) Pause Young (Normal) (G1 Evacuation Pause) 886M->19M(1450M) 2.401ms
[39.057s][info ][gc,cpu            ] GC(722) User=0.01s Sys=0.00s Real=0.00s
[39.057s][info ][safepoint         ] Safepoint "G1CollectForAllocation", Time since last: 43745919 ns, Reaching safepoint: 186809 ns, At safepoint: 2634627 ns, Total: 2821436 ns
[39.102s][debug][gc,heap           ] GC(723) Heap before GC invocations=723 (full 1): garbage-first heap   total 1484800K, used 906968K [0x0000000700000000, 0x0000000800000000)
[39.102s][debug][gc,heap           ] GC(723)   region size 1024K, 870 young (890880K), 3 survivors (3072K)
[39.102s][debug][gc,heap           ] GC(723)  Metaspace       used 10130K, capacity 10468K, committed 10624K, reserved 1058816K
[39.102s][debug][gc,heap           ] GC(723)   class space    used 1198K, capacity 1344K, committed 1408K, reserved 1048576K
[39.102s][info ][gc,start          ] GC(723) Pause Young (Normal) (G1 Evacuation Pause)
[39.102s][info ][gc,task           ] GC(723) Using 8 workers of 8 for evacuation
[39.102s][debug][gc,tlab           ] GC(723) TLAB totals: thrds: 8  refills: 12 max: 2 slow allocs: 1728 max 244 waste: 20.4% gc: 837440B max: 133536B slow: 56040B max: 14304B fast: 0B max: 0B
[39.102s][debug][gc,age            ] GC(723) Desired survivor size 57147392 bytes, new threshold 15 (max threshold 15)
[39.102s][debug][gc,alloc,region   ] GC(723) Mutator Allocation stats, regions: 867, wasted size: 203M (23.5%)
[39.102s][debug][gc,ergo           ] GC(723) Running G1 Merge Heap Roots using 8 workers for 870 regions
[39.102s][debug][gc,remset         ] GC(723) Visited cards 256 Total dirty 2048 (12.50%) Total old 3602432 (0.01%)
[39.103s][debug][gc,ergo           ] GC(723) Running G1 Clear Card Table Task using 2 workers for 2 units of work for 871 regions.
[39.103s][debug][gc,ref            ] GC(723) Skipped phase1 of Reference Processing due to unavailable references
[39.103s][debug][gc,ref            ] GC(723) Skipped phase2 of Reference Processing due to unavailable references
[39.103s][debug][gc,ref            ] GC(723) Skipped phase3 of Reference Processing due to unavailable references
[39.103s][debug][gc,ref            ] GC(723) Skipped phase4 of Reference Processing due to unavailable references
[39.103s][debug][gc,ergo           ] GC(723) Running G1 Free Collection Set using 8 workers for collection set length 870 (1450)
[39.103s][debug][gc,ergo           ] GC(723) Running G1 Rebuild Free List Task using 8 workers for rebuilding free list of 0 (4096) regions
[39.103s][trace][gc,age            ] GC(723) Age table with threshold 15 (max threshold 15)
[39.103s][trace][gc,age            ] GC(723) - age   1:    3602584 bytes,    3602584 total
[39.103s][debug][gc,plab           ] GC(723) Young PLAB allocation: allocated: 14448B, wasted: 0B, unused: 12000B, used: 2448B, undo waste: 0B, 
[39.103s][debug][gc,plab           ] GC(723) Young other allocation: region end waste: 981800B, regions filled: 5, direct allocated: 3600136B, failure used: 0B, failure wasted: 0B
[39.103s][debug][gc,plab           ] GC(723) Young sizing: calculated: 0B, actual: 2064B
[39.104s][debug][gc,plab           ] GC(723) Old PLAB allocation: allocated: 0B, wasted: 0B, unused: 0B, used: 0B, undo waste: 0B, 
[39.104s][debug][gc,plab           ] GC(723) Old other allocation: region end waste: 0B, regions filled: 1, direct allocated: 0B, failure used: 0B, failure wasted: 0B
[39.104s][debug][gc,plab           ] GC(723) Old sizing: calculated: 0B, actual: 2064B
[39.104s][debug][gc,ihop           ] GC(723) Basic information (value update), threshold: 684195840B (45.00), target occupancy: 1520435200B, current occupancy: 22768288B, recent allocation size: 0B, recent allocation duration: 45.96ms, recent old gen allocation rate: 0.00B/s, recent marking phase length: 29.21ms
[39.104s][debug][gc,ihop           ] GC(723) Adaptive IHOP information (value update), threshold: 684195840B (47.37), internal target occupancy: 1444413440B, occupancy: 22768288B, additional buffer size: 912261120B, predicted old gen allocation rate: 0.23B/s, predicted marking phase length: 58.41ms, prediction active: false
[39.104s][debug][gc,ergo,refine    ] GC(723) Concurrent refinement times: Logged Cards Scan time goal: 20.00ms Logged Cards Scan time: 0.00ms HCC time: 0.00ms
[39.104s][debug][gc,ergo,refine    ] GC(723) Updated Refinement Zones: green: 2048, yellow: 6144, red: 10240
[39.104s][info ][gc,phases         ] GC(723)   Pre Evacuate Collection Set: 0.2ms
[39.104s][debug][gc,phases         ] GC(723)     Prepare TLABs: 0.0ms
[39.104s][debug][gc,phases         ] GC(723)     Choose Collection Set: 0.0ms
[39.104s][debug][gc,phases         ] GC(723)     Region Register: 0.1ms
[39.104s][debug][gc,phases         ] GC(723)     Prepare Heap Roots: 0.0ms
[39.104s][info ][gc,phases         ] GC(723)   Merge Heap Roots: 0.2ms
[39.104s][debug][gc,phases         ] GC(723)     Prepare Merge Heap Roots: 0.0ms
[39.104s][debug][gc,phases         ] GC(723)     Eager Reclaim (ms):       skipped
[39.104s][debug][gc,phases         ] GC(723)     Remembered Sets (ms):     Min:  0.0, Avg:  0.0, Max:  0.1, Diff:  0.1, Sum:  0.4, Workers: 8
[39.104s][debug][gc,phases         ] GC(723)       Merged Sparse:            Min: 0, Avg:  0.0, Max: 0, Diff: 0, Sum: 0, Workers: 8
[39.104s][debug][gc,phases         ] GC(723)       Merged Fine:              Min: 0, Avg:  0.0, Max: 0, Diff: 0, Sum: 0, Workers: 8
[39.104s][debug][gc,phases         ] GC(723)       Merged Coarse:            Min: 0, Avg:  0.0, Max: 0, Diff: 0, Sum: 0, Workers: 8
[39.104s][debug][gc,phases         ] GC(723)       Dirty Cards:              Min: 0, Avg:  0.0, Max: 0, Diff: 0, Sum: 0, Workers: 8
[39.104s][debug][gc,phases         ] GC(723)     Hot Card Cache (ms):      Min:  0.0, Avg:  0.0, Max:  0.0, Diff:  0.0, Sum:  0.0, Workers: 8
[39.104s][debug][gc,phases         ] GC(723)       Dirty Cards:              Min: 0, Avg:  0.0, Max: 0, Diff: 0, Sum: 0, Workers: 8
[39.104s][debug][gc,phases         ] GC(723)       Skipped Cards:            Min: 0, Avg:  0.0, Max: 0, Diff: 0, Sum: 0, Workers: 8
[39.104s][debug][gc,phases         ] GC(723)     Log Buffers (ms):         Min:  0.0, Avg:  0.0, Max:  0.0, Diff:  0.0, Sum:  0.0, Workers: 8
[39.104s][debug][gc,phases         ] GC(723)       Dirty Cards:              Min: 0, Avg:  0.1, Max: 1, Diff: 1, Sum: 1, Workers: 8
[39.104s][debug][gc,phases         ] GC(723)       Skipped Cards:            Min: 0, Avg:  0.0, Max: 0, Diff: 0, Sum: 0, Workers: 8
[39.104s][info ][gc,phases         ] GC(723)   Evacuate Collection Set: 0.5ms
[39.104s][debug][gc,phases         ] GC(723)     Ext Root Scanning (ms):   Min:  0.0, Avg:  0.3, Max:  0.3, Diff:  0.3, Sum:  2.1, Workers: 8
[39.104s][debug][gc,phases         ] GC(723)     Scan Heap Roots (ms):     Min:  0.0, Avg:  0.0, Max:  0.0, Diff:  0.0, Sum:  0.0, Workers: 8
[39.104s][debug][gc,phases         ] GC(723)       Scanned Cards:            Min: 0, Avg:  0.1, Max: 1, Diff: 1, Sum: 1, Workers: 8
[39.104s][debug][gc,phases         ] GC(723)       Scanned Blocks:           Min: 0, Avg:  0.1, Max: 1, Diff: 1, Sum: 1, Workers: 8
[39.104s][debug][gc,phases         ] GC(723)       Claimed Chunks:           Min: 0, Avg:  0.1, Max: 1, Diff: 1, Sum: 1, Workers: 8
[39.104s][debug][gc,phases         ] GC(723)     Code Root Scan (ms):      Min:  0.0, Avg:  0.0, Max:  0.0, Diff:  0.0, Sum:  0.2, Workers: 8
[39.104s][debug][gc,phases         ] GC(723)     Object Copy (ms):         Min:  0.0, Avg:  0.0, Max:  0.0, Diff:  0.0, Sum:  0.0, Workers: 8
[39.104s][debug][gc,phases         ] GC(723)     Termination (ms):         Min:  0.1, Avg:  0.1, Max:  0.1, Diff:  0.0, Sum:  0.5, Workers: 8
[39.104s][debug][gc,phases         ] GC(723)       Termination Attempts:     Min: 1, Avg:  1.0, Max: 1, Diff: 0, Sum: 8, Workers: 8
[39.104s][debug][gc,phases         ] GC(723)     GC Worker Other (ms):     Min:  0.0, Avg:  0.0, Max:  0.1, Diff:  0.0, Sum:  0.4, Workers: 8
[39.104s][debug][gc,phases         ] GC(723)     GC Worker Total (ms):     Min:  0.1, Avg:  0.4, Max:  0.5, Diff:  0.3, Sum:  3.2, Workers: 8
[39.104s][info ][gc,phases         ] GC(723)   Post Evacuate Collection Set: 0.6ms
[39.104s][debug][gc,phases         ] GC(723)     Code Roots Fixup: 0.0ms
[39.104s][debug][gc,phases         ] GC(723)     Clear Card Table: 0.2ms
[39.104s][debug][gc,phases         ] GC(723)     Reference Processing: 0.1ms
[39.104s][debug][gc,phases,ref     ] GC(723)       Reconsider SoftReferences: 0.0ms
[39.104s][debug][gc,phases,ref     ] GC(723)         SoftRef (ms):             skipped
[39.104s][debug][gc,phases,ref     ] GC(723)       Notify Soft/WeakReferences: 0.0ms
[39.104s][debug][gc,phases,ref     ] GC(723)         SoftRef (ms):             skipped
[39.104s][debug][gc,phases,ref     ] GC(723)         WeakRef (ms):             skipped
[39.104s][debug][gc,phases,ref     ] GC(723)         FinalRef (ms):            skipped
[39.104s][debug][gc,phases,ref     ] GC(723)         Total (ms):               skipped
[39.104s][debug][gc,phases,ref     ] GC(723)       Notify and keep alive finalizable: 0.0ms
[39.104s][debug][gc,phases,ref     ] GC(723)         FinalRef (ms):            skipped
[39.104s][debug][gc,phases,ref     ] GC(723)       Notify PhantomReferences: 0.0ms
[39.104s][debug][gc,phases,ref     ] GC(723)         PhantomRef (ms):          skipped
[39.104s][debug][gc,phases,ref     ] GC(723)       SoftReference:
[39.104s][debug][gc,phases,ref     ] GC(723)         Discovered: 0
[39.104s][debug][gc,phases,ref     ] GC(723)         Cleared: 0
[39.104s][debug][gc,phases,ref     ] GC(723)       WeakReference:
[39.104s][debug][gc,phases,ref     ] GC(723)         Discovered: 0
[39.104s][debug][gc,phases,ref     ] GC(723)         Cleared: 0
[39.104s][debug][gc,phases,ref     ] GC(723)       FinalReference:
[39.104s][debug][gc,phases,ref     ] GC(723)         Discovered: 0
[39.104s][debug][gc,phases,ref     ] GC(723)         Cleared: 0
[39.104s][debug][gc,phases,ref     ] GC(723)       PhantomReference:
[39.104s][debug][gc,phases,ref     ] GC(723)         Discovered: 0
[39.104s][debug][gc,phases,ref     ] GC(723)         Cleared: 0
[39.104s][debug][gc,phases         ] GC(723)     Weak Processing: 0.0ms
[39.104s][debug][gc,phases         ] GC(723)       JVMTI weak processing: 0.0ms
[39.104s][debug][gc,phases         ] GC(723)         Dead: 0
[39.104s][debug][gc,phases         ] GC(723)         Total: 0
[39.104s][debug][gc,phases         ] GC(723)       JFR weak processing: 0.0ms
[39.104s][debug][gc,phases         ] GC(723)         Dead: 0
[39.104s][debug][gc,phases         ] GC(723)         Total: 0
[39.104s][debug][gc,phases         ] GC(723)       JNI weak                  Min:  0.0, Avg:  0.0, Max:  0.0, Diff:  0.0, Sum:  0.0, Workers: 5
[39.104s][debug][gc,phases         ] GC(723)         Dead                      Min: 0, Avg:  0.0, Max: 0, Diff: 0, Sum: 0, Workers: 5
[39.104s][debug][gc,phases         ] GC(723)         Total                     Min: 0, Avg: 13.4, Max: 64, Diff: 64, Sum: 67, Workers: 5
[39.104s][debug][gc,phases         ] GC(723)       VM weak                   Min:  0.0, Avg:  0.0, Max:  0.0, Diff:  0.0, Sum:  0.0, Workers: 5
[39.104s][debug][gc,phases         ] GC(723)         Dead                      Min: 0, Avg:  0.0, Max: 0, Diff: 0, Sum: 0, Workers: 5
[39.104s][debug][gc,phases         ] GC(723)         Total                     Min: 0, Avg: 45.2, Max: 98, Diff: 98, Sum: 226, Workers: 5
[39.104s][debug][gc,phases         ] GC(723)       StringTable weak          Min:  0.0, Avg:  0.0, Max:  0.0, Diff:  0.0, Sum:  0.1, Workers: 5
[39.104s][debug][gc,phases         ] GC(723)         Dead                      Min: 0, Avg:  0.0, Max: 0, Diff: 0, Sum: 0, Workers: 5
[39.104s][debug][gc,phases         ] GC(723)         Total                     Min: 0, Avg: 682.8, Max: 896, Diff: 896, Sum: 3414, Workers: 5
[39.104s][debug][gc,phases         ] GC(723)       ResolvedMethodTable weak  Min:  0.0, Avg:  0.0, Max:  0.0, Diff:  0.0, Sum:  0.0, Workers: 5
[39.104s][debug][gc,phases         ] GC(723)         Dead                      Min: 0, Avg:  0.0, Max: 0, Diff: 0, Sum: 0, Workers: 5
[39.104s][debug][gc,phases         ] GC(723)         Total                     Min: 0, Avg: 120.2, Max: 192, Diff: 192, Sum: 601, Workers: 5
[39.104s][debug][gc,phases         ] GC(723)     Merge Per-Thread State: 0.0ms
[39.104s][debug][gc,phases         ] GC(723)       Copied Bytes              Min: 0, Avg: 450323.0, Max: 800456, Diff: 800456, Sum: 3602584, Workers: 8
[39.104s][debug][gc,phases         ] GC(723)       LAB Waste                 Min: 0, Avg:  0.0, Max: 0, Diff: 0, Sum: 0, Workers: 8
[39.104s][debug][gc,phases         ] GC(723)       LAB Undo Waste            Min: 0, Avg:  0.0, Max: 0, Diff: 0, Sum: 0, Workers: 8
[39.104s][debug][gc,phases         ] GC(723)     Code Roots Purge: 0.0ms
[39.104s][debug][gc,phases         ] GC(723)     Redirty Cards: 0.0ms
[39.104s][debug][gc,phases         ] GC(723)     DerivedPointerTable Update: 0.0ms
[39.104s][debug][gc,phases         ] GC(723)     Free Collection Set: 0.2ms
[39.104s][debug][gc,phases         ] GC(723)     Rebuild Free List: 0.1ms
[39.104s][debug][gc,phases         ] GC(723)     Humongous Reclaim: 0.0ms
[39.104s][debug][gc,phases         ] GC(723)     Start New Collection Set: 0.0ms
[39.104s][debug][gc,phases         ] GC(723)     Resize TLABs: 0.0ms
[39.104s][debug][gc,phases         ] GC(723)     Expand Heap After Collection: 0.0ms
[39.104s][info ][gc,phases         ] GC(723)   Other: 0.3ms
[39.104s][info ][gc,heap           ] GC(723) Eden regions: 867->0(865)
[39.104s][info ][gc,heap           ] GC(723) Survivor regions: 3->5(109)
[39.104s][info ][gc,heap           ] GC(723) Old regions: 17->17
[39.104s][info ][gc,heap           ] GC(723) Archive regions: 2->2
[39.104s][info ][gc,heap           ] GC(723) Humongous regions: 0->0
[39.104s][info ][gc,metaspace      ] GC(723) Metaspace: 10130K(10624K)->10130K(10624K) NonClass: 8932K(9216K)->8932K(9216K) Class: 1198K(1408K)->1198K(1408K)
[39.104s][debug][gc,heap           ] GC(723) Heap after GC invocations=724 (full 1): garbage-first heap   total 1484800K, used 22234K [0x0000000700000000, 0x0000000800000000)
[39.104s][debug][gc,heap           ] GC(723)   region size 1024K, 5 young (5120K), 5 survivors (5120K)
[39.104s][debug][gc,heap           ] GC(723)  Metaspace       used 10130K, capacity 10468K, committed 10624K, reserved 1058816K
[39.104s][debug][gc,heap           ] GC(723)   class space    used 1198K, capacity 1344K, committed 1408K, reserved 1048576K
[39.104s][info ][gc                ] GC(723) Pause Young (Normal) (G1 Evacuation Pause) 886M->21M(1450M) 2.464ms
[39.104s][info ][gc,cpu            ] GC(723) User=0.00s Sys=0.00s Real=0.01s
[39.104s][info ][safepoint         ] Safepoint "G1CollectForAllocation", Time since last: 44462625 ns, Reaching safepoint: 160637 ns, At safepoint: 2659323 ns, Total: 2819960 ns
[39.151s][debug][gc,heap           ] GC(724) Heap before GC invocations=724 (full 1): garbage-first heap   total 1484800K, used 906970K [0x0000000700000000, 0x0000000800000000)
[39.151s][debug][gc,heap           ] GC(724)   region size 1024K, 870 young (890880K), 5 survivors (5120K)
[39.151s][debug][gc,heap           ] GC(724)  Metaspace       used 10130K, capacity 10468K, committed 10624K, reserved 1058816K
[39.151s][debug][gc,heap           ] GC(724)   class space    used 1198K, capacity 1344K, committed 1408K, reserved 1048576K
[39.151s][info ][gc,start          ] GC(724) Pause Young (Normal) (G1 Evacuation Pause)
[39.151s][info ][gc,task           ] GC(724) Using 8 workers of 8 for evacuation
[39.151s][debug][gc,tlab           ] GC(724) TLAB totals: thrds: 8  refills: 12 max: 2 slow allocs: 1721 max 253 waste: 27.5% gc: 977632B max: 230000B slow: 42920B max: 13920B fast: 0B max: 0B
[39.151s][debug][gc,age            ] GC(724) Desired survivor size 57147392 bytes, new threshold 15 (max threshold 15)
[39.151s][debug][gc,alloc,region   ] GC(724) Mutator Allocation stats, regions: 865, wasted size: 202M (23.4%)
[39.152s][debug][gc,ergo           ] GC(724) Running G1 Merge Heap Roots using 8 workers for 870 regions
[39.152s][debug][gc,remset         ] GC(724) Visited cards 512 Total dirty 4096 (12.50%) Total old 3602432 (0.01%)
[39.152s][debug][gc,ergo           ] GC(724) Running G1 Clear Card Table Task using 2 workers for 2 units of work for 872 regions.
[39.152s][debug][gc,ref            ] GC(724) Skipped phase1 of Reference Processing due to unavailable references
[39.152s][debug][gc,ref            ] GC(724) Skipped phase2 of Reference Processing due to unavailable references
[39.152s][debug][gc,ref            ] GC(724) Skipped phase3 of Reference Processing due to unavailable references
[39.152s][debug][gc,ref            ] GC(724) Skipped phase4 of Reference Processing due to unavailable references
[39.152s][debug][gc,ergo           ] GC(724) Running G1 Free Collection Set using 8 workers for collection set length 870 (1450)
[39.153s][debug][gc,ergo           ] GC(724) Running G1 Rebuild Free List Task using 8 workers for rebuilding free list of 0 (4096) regions
[39.153s][trace][gc,age            ] GC(724) Age table with threshold 15 (max threshold 15)
[39.153s][trace][gc,age            ] GC(724) - age   1:    3602568 bytes,    3602568 total
[39.153s][debug][gc,plab           ] GC(724) Young PLAB allocation: allocated: 16512B, wasted: 0B, unused: 14064B, used: 2448B, undo waste: 0B, 
[39.153s][debug][gc,plab           ] GC(724) Young other allocation: region end waste: 981808B, regions filled: 5, direct allocated: 3600120B, failure used: 0B, failure wasted: 0B
[39.153s][debug][gc,plab           ] GC(724) Young sizing: calculated: 0B, actual: 2064B
[39.153s][debug][gc,plab           ] GC(724) Old PLAB allocation: allocated: 0B, wasted: 0B, unused: 0B, used: 0B, undo waste: 0B, 
[39.153s][debug][gc,plab           ] GC(724) Old other allocation: region end waste: 0B, regions filled: 1, direct allocated: 0B, failure used: 0B, failure wasted: 0B
[39.153s][debug][gc,plab           ] GC(724) Old sizing: calculated: 0B, actual: 2064B
[39.153s][debug][gc,ihop           ] GC(724) Basic information (value update), threshold: 684195840B (45.00), target occupancy: 1520435200B, current occupancy: 22770344B, recent allocation size: 0B, recent allocation duration: 47.82ms, recent old gen allocation rate: 0.00B/s, recent marking phase length: 29.21ms
[39.153s][debug][gc,ihop           ] GC(724) Adaptive IHOP information (value update), threshold: 684195840B (47.37), internal target occupancy: 1444413440B, occupancy: 22770344B, additional buffer size: 912261120B, predicted old gen allocation rate: 0.22B/s, predicted marking phase length: 58.41ms, prediction active: false
[39.153s][debug][gc,ergo,refine    ] GC(724) Concurrent refinement times: Logged Cards Scan time goal: 20.00ms Logged Cards Scan time: 0.01ms HCC time: 0.00ms
[39.153s][debug][gc,ergo,refine    ] GC(724) Updated Refinement Zones: green: 2048, yellow: 6144, red: 10240
[39.153s][info ][gc,phases         ] GC(724)   Pre Evacuate Collection Set: 0.1ms
[39.153s][debug][gc,phases         ] GC(724)     Prepare TLABs: 0.0ms
[39.153s][debug][gc,phases         ] GC(724)     Choose Collection Set: 0.0ms
[39.153s][debug][gc,phases         ] GC(724)     Region Register: 0.1ms
[39.153s][debug][gc,phases         ] GC(724)     Prepare Heap Roots: 0.0ms
[39.153s][info ][gc,phases         ] GC(724)   Merge Heap Roots: 0.1ms
[39.153s][debug][gc,phases         ] GC(724)     Prepare Merge Heap Roots: 0.0ms
[39.153s][debug][gc,phases         ] GC(724)     Eager Reclaim (ms):       skipped
[39.153s][debug][gc,phases         ] GC(724)     Remembered Sets (ms):     Min:  0.0, Avg:  0.1, Max:  0.1, Diff:  0.0, Sum:  0.4, Workers: 8
[39.153s][debug][gc,phases         ] GC(724)       Merged Sparse:            Min: 0, Avg:  0.0, Max: 0, Diff: 0, Sum: 0, Workers: 8
[39.153s][debug][gc,phases         ] GC(724)       Merged Fine:              Min: 0, Avg:  0.0, Max: 0, Diff: 0, Sum: 0, Workers: 8
[39.153s][debug][gc,phases         ] GC(724)       Merged Coarse:            Min: 0, Avg:  0.0, Max: 0, Diff: 0, Sum: 0, Workers: 8
[39.153s][debug][gc,phases         ] GC(724)       Dirty Cards:              Min: 0, Avg:  0.0, Max: 0, Diff: 0, Sum: 0, Workers: 8
[39.153s][debug][gc,phases         ] GC(724)     Hot Card Cache (ms):      Min:  0.0, Avg:  0.0, Max:  0.0, Diff:  0.0, Sum:  0.0, Workers: 8
[39.153s][debug][gc,phases         ] GC(724)       Dirty Cards:              Min: 0, Avg:  0.0, Max: 0, Diff: 0, Sum: 0, Workers: 8
[39.153s][debug][gc,phases         ] GC(724)       Skipped Cards:            Min: 0, Avg:  0.0, Max: 0, Diff: 0, Sum: 0, Workers: 8
[39.153s][debug][gc,phases         ] GC(724)     Log Buffers (ms):         Min:  0.0, Avg:  0.0, Max:  0.0, Diff:  0.0, Sum:  0.0, Workers: 8
[39.153s][debug][gc,phases         ] GC(724)       Dirty Cards:              Min: 0, Avg:  0.2, Max: 1, Diff: 1, Sum: 2, Workers: 8
[39.153s][debug][gc,phases         ] GC(724)       Skipped Cards:            Min: 0, Avg:  0.0, Max: 0, Diff: 0, Sum: 0, Workers: 8
[39.153s][info ][gc,phases         ] GC(724)   Evacuate Collection Set: 0.4ms
[39.153s][debug][gc,phases         ] GC(724)     Ext Root Scanning (ms):   Min:  0.1, Avg:  0.2, Max:  0.4, Diff:  0.3, Sum:  1.9, Workers: 8
[39.153s][debug][gc,phases         ] GC(724)     Scan Heap Roots (ms):     Min:  0.0, Avg:  0.0, Max:  0.0, Diff:  0.0, Sum:  0.0, Workers: 8
[39.153s][debug][gc,phases         ] GC(724)       Scanned Cards:            Min: 0, Avg:  0.2, Max: 2, Diff: 2, Sum: 2, Workers: 8
[39.153s][debug][gc,phases         ] GC(724)       Scanned Blocks:           Min: 0, Avg:  0.2, Max: 2, Diff: 2, Sum: 2, Workers: 8
[39.153s][debug][gc,phases         ] GC(724)       Claimed Chunks:           Min: 0, Avg:  0.2, Max: 2, Diff: 2, Sum: 2, Workers: 8
[39.153s][debug][gc,phases         ] GC(724)     Code Root Scan (ms):      Min:  0.0, Avg:  0.0, Max:  0.1, Diff:  0.1, Sum:  0.2, Workers: 8
[39.153s][debug][gc,phases         ] GC(724)     Object Copy (ms):         Min:  0.0, Avg:  0.0, Max:  0.0, Diff:  0.0, Sum:  0.0, Workers: 8
[39.153s][debug][gc,phases         ] GC(724)     Termination (ms):         Min:  0.0, Avg:  0.1, Max:  0.1, Diff:  0.1, Sum:  0.5, Workers: 8
[39.153s][debug][gc,phases         ] GC(724)       Termination Attempts:     Min: 1, Avg:  1.0, Max: 1, Diff: 0, Sum: 8, Workers: 8
[39.153s][debug][gc,phases         ] GC(724)     GC Worker Other (ms):     Min:  0.0, Avg:  0.0, Max:  0.1, Diff:  0.1, Sum:  0.4, Workers: 8
[39.153s][debug][gc,phases         ] GC(724)     GC Worker Total (ms):     Min:  0.4, Avg:  0.4, Max:  0.4, Diff:  0.0, Sum:  3.0, Workers: 8
[39.153s][info ][gc,phases         ] GC(724)   Post Evacuate Collection Set: 0.6ms
[39.153s][debug][gc,phases         ] GC(724)     Code Roots Fixup: 0.0ms
[39.153s][debug][gc,phases         ] GC(724)     Clear Card Table: 0.2ms
[39.153s][debug][gc,phases         ] GC(724)     Reference Processing: 0.0ms
[39.153s][debug][gc,phases,ref     ] GC(724)       Reconsider SoftReferences: 0.0ms
[39.153s][debug][gc,phases,ref     ] GC(724)         SoftRef (ms):             skipped
[39.153s][debug][gc,phases,ref     ] GC(724)       Notify Soft/WeakReferences: 0.0ms
[39.153s][debug][gc,phases,ref     ] GC(724)         SoftRef (ms):             skipped
[39.153s][debug][gc,phases,ref     ] GC(724)         WeakRef (ms):             skipped
[39.153s][debug][gc,phases,ref     ] GC(724)         FinalRef (ms):            skipped
[39.153s][debug][gc,phases,ref     ] GC(724)         Total (ms):               skipped
[39.153s][debug][gc,phases,ref     ] GC(724)       Notify and keep alive finalizable: 0.0ms
[39.153s][debug][gc,phases,ref     ] GC(724)         FinalRef (ms):            skipped
[39.153s][debug][gc,phases,ref     ] GC(724)       Notify PhantomReferences: 0.0ms
[39.153s][debug][gc,phases,ref     ] GC(724)         PhantomRef (ms):          skipped
[39.153s][debug][gc,phases,ref     ] GC(724)       SoftReference:
[39.153s][debug][gc,phases,ref     ] GC(724)         Discovered: 0
[39.153s][debug][gc,phases,ref     ] GC(724)         Cleared: 0
[39.153s][debug][gc,phases,ref     ] GC(724)       WeakReference:
[39.153s][debug][gc,phases,ref     ] GC(724)         Discovered: 0
[39.153s][debug][gc,phases,ref     ] GC(724)         Cleared: 0
[39.153s][debug][gc,phases,ref     ] GC(724)       FinalReference:
[39.153s][debug][gc,phases,ref     ] GC(724)         Discovered: 0
[39.153s][debug][gc,phases,ref     ] GC(724)         Cleared: 0
[39.153s][debug][gc,phases,ref     ] GC(724)       PhantomReference:
[39.153s][debug][gc,phases,ref     ] GC(724)         Discovered: 0
[39.153s][debug][gc,phases,ref     ] GC(724)         Cleared: 0
[39.153s][debug][gc,phases         ] GC(724)     Weak Processing: 0.1ms
[39.153s][debug][gc,phases         ] GC(724)       JVMTI weak processing: 0.0ms
[39.153s][debug][gc,phases         ] GC(724)         Dead: 0
[39.153s][debug][gc,phases         ] GC(724)         Total: 0
[39.153s][debug][gc,phases         ] GC(724)       JFR weak processing: 0.0ms
[39.153s][debug][gc,phases         ] GC(724)         Dead: 0
[39.153s][debug][gc,phases         ] GC(724)         Total: 0
[39.153s][debug][gc,phases         ] GC(724)       JNI weak                  Min:  0.0, Avg:  0.0, Max:  0.0, Diff:  0.0, Sum:  0.0, Workers: 5
[39.153s][debug][gc,phases         ] GC(724)         Dead                      Min: 0, Avg:  0.0, Max: 0, Diff: 0, Sum: 0, Workers: 5
[39.153s][debug][gc,phases         ] GC(724)         Total                     Min: 0, Avg: 13.4, Max: 64, Diff: 64, Sum: 67, Workers: 5
[39.153s][debug][gc,phases         ] GC(724)       VM weak                   Min:  0.0, Avg:  0.0, Max:  0.0, Diff:  0.0, Sum:  0.0, Workers: 5
[39.153s][debug][gc,phases         ] GC(724)         Dead                      Min: 0, Avg:  0.0, Max: 0, Diff: 0, Sum: 0, Workers: 5
[39.153s][debug][gc,phases         ] GC(724)         Total                     Min: 0, Avg: 45.2, Max: 98, Diff: 98, Sum: 226, Workers: 5
[39.153s][debug][gc,phases         ] GC(724)       StringTable weak          Min:  0.0, Avg:  0.0, Max:  0.0, Diff:  0.0, Sum:  0.1, Workers: 5
[39.153s][debug][gc,phases         ] GC(724)         Dead                      Min: 0, Avg:  0.0, Max: 0, Diff: 0, Sum: 0, Workers: 5
[39.153s][debug][gc,phases         ] GC(724)         Total                     Min: 0, Avg: 682.8, Max: 919, Diff: 919, Sum: 3414, Workers: 5
[39.153s][debug][gc,phases         ] GC(724)       ResolvedMethodTable weak  Min:  0.0, Avg:  0.0, Max:  0.0, Diff:  0.0, Sum:  0.0, Workers: 5
[39.153s][debug][gc,phases         ] GC(724)         Dead                      Min: 0, Avg:  0.0, Max: 0, Diff: 0, Sum: 0, Workers: 5
[39.153s][debug][gc,phases         ] GC(724)         Total                     Min: 0, Avg: 120.2, Max: 192, Diff: 192, Sum: 601, Workers: 5
[39.153s][debug][gc,phases         ] GC(724)     Merge Per-Thread State: 0.0ms
[39.153s][debug][gc,phases         ] GC(724)       Copied Bytes              Min: 440, Avg: 450321.0, Max: 800320, Diff: 799880, Sum: 3602568, Workers: 8
[39.153s][debug][gc,phases         ] GC(724)       LAB Waste                 Min: 0, Avg:  0.0, Max: 0, Diff: 0, Sum: 0, Workers: 8
[39.153s][debug][gc,phases         ] GC(724)       LAB Undo Waste            Min: 0, Avg:  0.0, Max: 0, Diff: 0, Sum: 0, Workers: 8
[39.153s][debug][gc,phases         ] GC(724)     Code Roots Purge: 0.0ms
[39.154s][debug][gc,phases         ] GC(724)     Redirty Cards: 0.0ms
[39.154s][debug][gc,phases         ] GC(724)     DerivedPointerTable Update: 0.0ms
[39.154s][debug][gc,phases         ] GC(724)     Free Collection Set: 0.2ms
[39.154s][debug][gc,phases         ] GC(724)     Rebuild Free List: 0.1ms
[39.154s][debug][gc,phases         ] GC(724)     Humongous Reclaim: 0.0ms
[39.154s][debug][gc,phases         ] GC(724)     Start New Collection Set: 0.0ms
[39.154s][debug][gc,phases         ] GC(724)     Resize TLABs: 0.0ms
[39.154s][debug][gc,phases         ] GC(724)     Expand Heap After Collection: 0.0ms
[39.154s][info ][gc,phases         ] GC(724)   Other: 0.4ms
[39.154s][info ][gc,heap           ] GC(724) Eden regions: 865->0(865)
[39.154s][info ][gc,heap           ] GC(724) Survivor regions: 5->5(109)
[39.154s][info ][gc,heap           ] GC(724) Old regions: 17->17
[39.154s][info ][gc,heap           ] GC(724) Archive regions: 2->2
[39.154s][info ][gc,heap           ] GC(724) Humongous regions: 0->0
[39.154s][info ][gc,metaspace      ] GC(724) Metaspace: 10130K(10624K)->10130K(10624K) NonClass: 8932K(9216K)->8932K(9216K) Class: 1198K(1408K)->1198K(1408K)
[39.154s][debug][gc,heap           ] GC(724) Heap after GC invocations=725 (full 1): garbage-first heap   total 1484800K, used 22236K [0x0000000700000000, 0x0000000800000000)
[39.154s][debug][gc,heap           ] GC(724)   region size 1024K, 5 young (5120K), 5 survivors (5120K)
[39.154s][debug][gc,heap           ] GC(724)  Metaspace       used 10130K, capacity 10468K, committed 10624K, reserved 1058816K
[39.154s][debug][gc,heap           ] GC(724)   class space    used 1198K, capacity 1344K, committed 1408K, reserved 1048576K
[39.154s][info ][gc                ] GC(724) Pause Young (Normal) (G1 Evacuation Pause) 886M->21M(1450M) 2.336ms
[39.154s][info ][gc,cpu            ] GC(724) User=0.01s Sys=0.01s Real=0.01s
[39.154s][info ][safepoint         ] Safepoint "G1CollectForAllocation", Time since last: 46596966 ns, Reaching safepoint: 146166 ns, At safepoint: 2674953 ns, Total: 2821119 ns
[39.199s][debug][gc,heap           ] GC(725) Heap before GC invocations=725 (full 1): garbage-first heap   total 1484800K, used 906972K [0x0000000700000000, 0x0000000800000000)
[39.199s][debug][gc,heap           ] GC(725)   region size 1024K, 870 young (890880K), 5 survivors (5120K)
[39.199s][debug][gc,heap           ] GC(725)  Metaspace       used 10130K, capacity 10468K, committed 10624K, reserved 1058816K
[39.199s][debug][gc,heap           ] GC(725)   class space    used 1198K, capacity 1344K, committed 1408K, reserved 1048576K
[39.199s][info ][gc,start          ] GC(725) Pause Young (Normal) (G1 Evacuation Pause)
[39.199s][info ][gc,task           ] GC(725) Using 8 workers of 8 for evacuation
[39.199s][debug][gc,tlab           ] GC(725) TLAB totals: thrds: 8  refills: 16 max: 3 slow allocs: 1725 max 287 waste: 20.4% gc: 838280B max: 184088B slow: 60376B max: 15096B fast: 0B max: 0B
[39.199s][debug][gc,age            ] GC(725) Desired survivor size 57147392 bytes, new threshold 15 (max threshold 15)
[39.199s][debug][gc,alloc,region   ] GC(725) Mutator Allocation stats, regions: 865, wasted size: 202M (23.5%)
[39.199s][debug][gc,ergo           ] GC(725) Running G1 Merge Heap Roots using 8 workers for 870 regions
[39.199s][debug][gc,remset         ] GC(725) Visited cards 256 Total dirty 2048 (12.50%) Total old 3602432 (0.01%)
[39.200s][debug][gc,ergo           ] GC(725) Running G1 Clear Card Table Task using 2 workers for 2 units of work for 871 regions.
[39.200s][debug][gc,ref            ] GC(725) Skipped phase1 of Reference Processing due to unavailable references
[39.200s][debug][gc,ref            ] GC(725) Skipped phase2 of Reference Processing due to unavailable references
[39.200s][debug][gc,ref            ] GC(725) Skipped phase3 of Reference Processing due to unavailable references
[39.200s][debug][gc,ref            ] GC(725) Skipped phase4 of Reference Processing due to unavailable references
[39.200s][debug][gc,ergo           ] GC(725) Running G1 Free Collection Set using 8 workers for collection set length 870 (1450)
[39.200s][debug][gc,ergo           ] GC(725) Running G1 Rebuild Free List Task using 8 workers for rebuilding free list of 0 (4096) regions
[39.200s][trace][gc,age            ] GC(725) Age table with threshold 15 (max threshold 15)
[39.200s][trace][gc,age            ] GC(725) - age   1:    2002432 bytes,    2002432 total
[39.200s][debug][gc,plab           ] GC(725) Young PLAB allocation: allocated: 16512B, wasted: 0B, unused: 14144B, used: 2368B, undo waste: 0B, 
[39.200s][debug][gc,plab           ] GC(725) Young other allocation: region end waste: 484712B, regions filled: 3, direct allocated: 2000064B, failure used: 0B, failure wasted: 0B
[39.200s][debug][gc,plab           ] GC(725) Young sizing: calculated: 0B, actual: 2064B
[39.200s][debug][gc,plab           ] GC(725) Old PLAB allocation: allocated: 0B, wasted: 0B, unused: 0B, used: 0B, undo waste: 0B, 
[39.200s][debug][gc,plab           ] GC(725) Old other allocation: region end waste: 0B, regions filled: 1, direct allocated: 0B, failure used: 0B, failure wasted: 0B
[39.200s][debug][gc,plab           ] GC(725) Old sizing: calculated: 0B, actual: 2064B
[39.200s][debug][gc,ihop           ] GC(725) Basic information (value update), threshold: 684195840B (45.00), target occupancy: 1520435200B, current occupancy: 20673192B, recent allocation size: 0B, recent allocation duration: 46.09ms, recent old gen allocation rate: 0.00B/s, recent marking phase length: 29.21ms
[39.200s][debug][gc,ihop           ] GC(725) Adaptive IHOP information (value update), threshold: 684195840B (47.37), internal target occupancy: 1444413440B, occupancy: 20673192B, additional buffer size: 912261120B, predicted old gen allocation rate: 0.21B/s, predicted marking phase length: 58.41ms, prediction active: false
[39.200s][debug][gc,ergo,refine    ] GC(725) Concurrent refinement times: Logged Cards Scan time goal: 20.00ms Logged Cards Scan time: 0.00ms HCC time: 0.00ms
[39.200s][debug][gc,ergo,refine    ] GC(725) Updated Refinement Zones: green: 2048, yellow: 6144, red: 10240
[39.200s][info ][gc,phases         ] GC(725)   Pre Evacuate Collection Set: 0.1ms
[39.200s][debug][gc,phases         ] GC(725)     Prepare TLABs: 0.0ms
[39.200s][debug][gc,phases         ] GC(725)     Choose Collection Set: 0.0ms
[39.200s][debug][gc,phases         ] GC(725)     Region Register: 0.1ms
[39.200s][debug][gc,phases         ] GC(725)     Prepare Heap Roots: 0.0ms
[39.200s][info ][gc,phases         ] GC(725)   Merge Heap Roots: 0.2ms
[39.200s][debug][gc,phases         ] GC(725)     Prepare Merge Heap Roots: 0.0ms
[39.200s][debug][gc,phases         ] GC(725)     Eager Reclaim (ms):       skipped
[39.201s][debug][gc,phases         ] GC(725)     Remembered Sets (ms):     Min:  0.0, Avg:  0.0, Max:  0.1, Diff:  0.0, Sum:  0.3, Workers: 8
[39.201s][debug][gc,phases         ] GC(725)       Merged Sparse:            Min: 0, Avg:  0.0, Max: 0, Diff: 0, Sum: 0, Workers: 8
[39.201s][debug][gc,phases         ] GC(725)       Merged Fine:              Min: 0, Avg:  0.0, Max: 0, Diff: 0, Sum: 0, Workers: 8
[39.201s][debug][gc,phases         ] GC(725)       Merged Coarse:            Min: 0, Avg:  0.0, Max: 0, Diff: 0, Sum: 0, Workers: 8
[39.201s][debug][gc,phases         ] GC(725)       Dirty Cards:              Min: 0, Avg:  0.0, Max: 0, Diff: 0, Sum: 0, Workers: 8
[39.201s][debug][gc,phases         ] GC(725)     Hot Card Cache (ms):      Min:  0.0, Avg:  0.0, Max:  0.0, Diff:  0.0, Sum:  0.0, Workers: 8
[39.201s][debug][gc,phases         ] GC(725)       Dirty Cards:              Min: 0, Avg:  0.0, Max: 0, Diff: 0, Sum: 0, Workers: 8
[39.201s][debug][gc,phases         ] GC(725)       Skipped Cards:            Min: 0, Avg:  0.0, Max: 0, Diff: 0, Sum: 0, Workers: 8
[39.201s][debug][gc,phases         ] GC(725)     Log Buffers (ms):         Min:  0.0, Avg:  0.0, Max:  0.0, Diff:  0.0, Sum:  0.0, Workers: 8
[39.201s][debug][gc,phases         ] GC(725)       Dirty Cards:              Min: 0, Avg:  0.1, Max: 1, Diff: 1, Sum: 1, Workers: 8
[39.201s][debug][gc,phases         ] GC(725)       Skipped Cards:            Min: 0, Avg:  0.0, Max: 0, Diff: 0, Sum: 0, Workers: 8
[39.201s][info ][gc,phases         ] GC(725)   Evacuate Collection Set: 0.3ms
[39.201s][debug][gc,phases         ] GC(725)     Ext Root Scanning (ms):   Min:  0.0, Avg:  0.1, Max:  0.2, Diff:  0.2, Sum:  0.7, Workers: 8
[39.201s][debug][gc,phases         ] GC(725)     Scan Heap Roots (ms):     Min:  0.0, Avg:  0.0, Max:  0.0, Diff:  0.0, Sum:  0.0, Workers: 8
[39.201s][debug][gc,phases         ] GC(725)       Scanned Cards:            Min: 0, Avg:  0.1, Max: 1, Diff: 1, Sum: 1, Workers: 8
[39.201s][debug][gc,phases         ] GC(725)       Scanned Blocks:           Min: 0, Avg:  0.1, Max: 1, Diff: 1, Sum: 1, Workers: 8
[39.201s][debug][gc,phases         ] GC(725)       Claimed Chunks:           Min: 0, Avg:  0.1, Max: 1, Diff: 1, Sum: 1, Workers: 8
[39.201s][debug][gc,phases         ] GC(725)     Code Root Scan (ms):      Min:  0.0, Avg:  0.0, Max:  0.0, Diff:  0.0, Sum:  0.2, Workers: 8
[39.201s][debug][gc,phases         ] GC(725)     Object Copy (ms):         Min:  0.0, Avg:  0.0, Max:  0.0, Diff:  0.0, Sum:  0.0, Workers: 8
[39.201s][debug][gc,phases         ] GC(725)     Termination (ms):         Min:  0.0, Avg:  0.1, Max:  0.2, Diff:  0.1, Sum:  1.1, Workers: 8
[39.201s][debug][gc,phases         ] GC(725)       Termination Attempts:     Min: 1, Avg:  1.1, Max: 2, Diff: 1, Sum: 9, Workers: 8
[39.201s][debug][gc,phases         ] GC(725)     GC Worker Other (ms):     Min:  0.0, Avg:  0.0, Max:  0.1, Diff:  0.0, Sum:  0.3, Workers: 8
[39.201s][debug][gc,phases         ] GC(725)     GC Worker Total (ms):     Min:  0.3, Avg:  0.3, Max:  0.3, Diff:  0.0, Sum:  2.3, Workers: 8
[39.201s][info ][gc,phases         ] GC(725)   Post Evacuate Collection Set: 0.7ms
[39.201s][debug][gc,phases         ] GC(725)     Code Roots Fixup: 0.0ms
[39.201s][debug][gc,phases         ] GC(725)     Clear Card Table: 0.2ms
[39.201s][debug][gc,phases         ] GC(725)     Reference Processing: 0.0ms
[39.201s][debug][gc,phases,ref     ] GC(725)       Reconsider SoftReferences: 0.0ms
[39.201s][debug][gc,phases,ref     ] GC(725)         SoftRef (ms):             skipped
[39.201s][debug][gc,phases,ref     ] GC(725)       Notify Soft/WeakReferences: 0.0ms
[39.201s][debug][gc,phases,ref     ] GC(725)         SoftRef (ms):             skipped
[39.201s][debug][gc,phases,ref     ] GC(725)         WeakRef (ms):             skipped
[39.201s][debug][gc,phases,ref     ] GC(725)         FinalRef (ms):            skipped
[39.201s][debug][gc,phases,ref     ] GC(725)         Total (ms):               skipped
[39.201s][debug][gc,phases,ref     ] GC(725)       Notify and keep alive finalizable: 0.0ms
[39.201s][debug][gc,phases,ref     ] GC(725)         FinalRef (ms):            skipped
[39.201s][debug][gc,phases,ref     ] GC(725)       Notify PhantomReferences: 0.0ms
[39.201s][debug][gc,phases,ref     ] GC(725)         PhantomRef (ms):          skipped
[39.201s][debug][gc,phases,ref     ] GC(725)       SoftReference:
[39.201s][debug][gc,phases,ref     ] GC(725)         Discovered: 0
[39.201s][debug][gc,phases,ref     ] GC(725)         Cleared: 0
[39.201s][debug][gc,phases,ref     ] GC(725)       WeakReference:
[39.201s][debug][gc,phases,ref     ] GC(725)         Discovered: 0
[39.201s][debug][gc,phases,ref     ] GC(725)         Cleared: 0
[39.201s][debug][gc,phases,ref     ] GC(725)       FinalReference:
[39.201s][debug][gc,phases,ref     ] GC(725)         Discovered: 0
[39.201s][debug][gc,phases,ref     ] GC(725)         Cleared: 0
[39.201s][debug][gc,phases,ref     ] GC(725)       PhantomReference:
[39.201s][debug][gc,phases,ref     ] GC(725)         Discovered: 0
[39.201s][debug][gc,phases,ref     ] GC(725)         Cleared: 0
[39.201s][debug][gc,phases         ] GC(725)     Weak Processing: 0.0ms
[39.201s][debug][gc,phases         ] GC(725)       JVMTI weak processing: 0.0ms
[39.201s][debug][gc,phases         ] GC(725)         Dead: 0
[39.201s][debug][gc,phases         ] GC(725)         Total: 0
[39.201s][debug][gc,phases         ] GC(725)       JFR weak processing: 0.0ms
[39.201s][debug][gc,phases         ] GC(725)         Dead: 0
[39.201s][debug][gc,phases         ] GC(725)         Total: 0
[39.201s][debug][gc,phases         ] GC(725)       JNI weak                  Min:  0.0, Avg:  0.0, Max:  0.0, Diff:  0.0, Sum:  0.0, Workers: 5
[39.201s][debug][gc,phases         ] GC(725)         Dead                      Min: 0, Avg:  0.0, Max: 0, Diff: 0, Sum: 0, Workers: 5
[39.201s][debug][gc,phases         ] GC(725)         Total                     Min: 0, Avg: 13.4, Max: 64, Diff: 64, Sum: 67, Workers: 5
[39.201s][debug][gc,phases         ] GC(725)       VM weak                   Min:  0.0, Avg:  0.0, Max:  0.0, Diff:  0.0, Sum:  0.0, Workers: 5
[39.201s][debug][gc,phases         ] GC(725)         Dead                      Min: 0, Avg:  0.0, Max: 0, Diff: 0, Sum: 0, Workers: 5
[39.201s][debug][gc,phases         ] GC(725)         Total                     Min: 0, Avg: 45.2, Max: 98, Diff: 98, Sum: 226, Workers: 5
[39.201s][debug][gc,phases         ] GC(725)       StringTable weak          Min:  0.0, Avg:  0.0, Max:  0.0, Diff:  0.0, Sum:  0.0, Workers: 5
[39.201s][debug][gc,phases         ] GC(725)         Dead                      Min: 0, Avg:  0.0, Max: 0, Diff: 0, Sum: 0, Workers: 5
[39.201s][debug][gc,phases         ] GC(725)         Total                     Min: 0, Avg: 682.8, Max: 1408, Diff: 1408, Sum: 3414, Workers: 5
[39.201s][debug][gc,phases         ] GC(725)       ResolvedMethodTable weak  Min:  0.0, Avg:  0.0, Max:  0.0, Diff:  0.0, Sum:  0.0, Workers: 5
[39.201s][debug][gc,phases         ] GC(725)         Dead                      Min: 0, Avg:  0.0, Max: 0, Diff: 0, Sum: 0, Workers: 5
[39.201s][debug][gc,phases         ] GC(725)         Total                     Min: 0, Avg: 120.2, Max: 256, Diff: 256, Sum: 601, Workers: 5
[39.201s][debug][gc,phases         ] GC(725)     Merge Per-Thread State: 0.1ms
[39.201s][debug][gc,phases         ] GC(725)       Copied Bytes              Min: 72, Avg: 250304.0, Max: 800256, Diff: 800184, Sum: 2002432, Workers: 8
[39.201s][debug][gc,phases         ] GC(725)       LAB Waste                 Min: 0, Avg:  0.0, Max: 0, Diff: 0, Sum: 0, Workers: 8
[39.201s][debug][gc,phases         ] GC(725)       LAB Undo Waste            Min: 0, Avg:  0.0, Max: 0, Diff: 0, Sum: 0, Workers: 8
[39.201s][debug][gc,phases         ] GC(725)     Code Roots Purge: 0.0ms
[39.201s][debug][gc,phases         ] GC(725)     Redirty Cards: 0.0ms
[39.201s][debug][gc,phases         ] GC(725)     DerivedPointerTable Update: 0.0ms
[39.201s][debug][gc,phases         ] GC(725)     Free Collection Set: 0.3ms
[39.201s][debug][gc,phases         ] GC(725)     Rebuild Free List: 0.1ms
[39.201s][debug][gc,phases         ] GC(725)     Humongous Reclaim: 0.0ms
[39.201s][debug][gc,phases         ] GC(725)     Start New Collection Set: 0.0ms
[39.201s][debug][gc,phases         ] GC(725)     Resize TLABs: 0.0ms
[39.201s][debug][gc,phases         ] GC(725)     Expand Heap After Collection: 0.0ms
[39.201s][info ][gc,phases         ] GC(725)   Other: 0.3ms
[39.201s][info ][gc,heap           ] GC(725) Eden regions: 865->0(867)
[39.201s][info ][gc,heap           ] GC(725) Survivor regions: 5->3(109)
[39.201s][info ][gc,heap           ] GC(725) Old regions: 17->17
[39.201s][info ][gc,heap           ] GC(725) Archive regions: 2->2
[39.201s][info ][gc,heap           ] GC(725) Humongous regions: 0->0
[39.201s][info ][gc,metaspace      ] GC(725) Metaspace: 10130K(10624K)->10130K(10624K) NonClass: 8932K(9216K)->8932K(9216K) Class: 1198K(1408K)->1198K(1408K)
[39.201s][debug][gc,heap           ] GC(725) Heap after GC invocations=726 (full 1): garbage-first heap   total 1484800K, used 20188K [0x0000000700000000, 0x0000000800000000)
[39.202s][debug][gc,heap           ] GC(725)   region size 1024K, 3 young (3072K), 3 survivors (3072K)
[39.202s][debug][gc,heap           ] GC(725)  Metaspace       used 10130K, capacity 10468K, committed 10624K, reserved 1058816K
[39.202s][debug][gc,heap           ] GC(725)   class space    used 1198K, capacity 1344K, committed 1408K, reserved 1048576K
[39.202s][info ][gc                ] GC(725) Pause Young (Normal) (G1 Evacuation Pause) 886M->19M(1450M) 2.693ms
[39.202s][info ][gc,cpu            ] GC(725) User=0.01s Sys=0.00s Real=0.00s
[39.202s][info ][safepoint         ] Safepoint "G1CollectForAllocation", Time since last: 44720751 ns, Reaching safepoint: 153879 ns, At safepoint: 2893313 ns, Total: 3047192 ns
[39.251s][debug][gc,heap           ] GC(726) Heap before GC invocations=726 (full 1): garbage-first heap   total 1484800K, used 906972K [0x0000000700000000, 0x0000000800000000)
[39.251s][debug][gc,heap           ] GC(726)   region size 1024K, 870 young (890880K), 3 survivors (3072K)
[39.251s][debug][gc,heap           ] GC(726)  Metaspace       used 10130K, capacity 10468K, committed 10624K, reserved 1058816K
[39.251s][debug][gc,heap           ] GC(726)   class space    used 1198K, capacity 1344K, committed 1408K, reserved 1048576K
[39.251s][info ][gc,start          ] GC(726) Pause Young (Normal) (G1 Evacuation Pause)
[39.251s][info ][gc,task           ] GC(726) Using 8 workers of 8 for evacuation
[39.251s][debug][gc,tlab           ] GC(726) TLAB totals: thrds: 8  refills: 9 max: 2 slow allocs: 1728 max 276 waste: 37.5% gc: 882080B max: 211504B slow: 13440B max: 13440B fast: 0B max: 0B
[39.251s][debug][gc,age            ] GC(726) Desired survivor size 57147392 bytes, new threshold 15 (max threshold 15)
[39.251s][debug][gc,alloc,region   ] GC(726) Mutator Allocation stats, regions: 867, wasted size: 203M (23.5%)
[39.251s][debug][gc,ergo           ] GC(726) Running G1 Merge Heap Roots using 8 workers for 870 regions
[39.252s][debug][gc,remset         ] GC(726) Visited cards 512 Total dirty 4096 (12.50%) Total old 3602432 (0.01%)
[39.252s][debug][gc,ergo           ] GC(726) Running G1 Clear Card Table Task using 2 workers for 2 units of work for 872 regions.
[39.252s][debug][gc,ref            ] GC(726) Skipped phase1 of Reference Processing due to unavailable references
[39.252s][debug][gc,ref            ] GC(726) Skipped phase2 of Reference Processing due to unavailable references
[39.252s][debug][gc,ref            ] GC(726) Skipped phase3 of Reference Processing due to unavailable references
[39.252s][debug][gc,ref            ] GC(726) Skipped phase4 of Reference Processing due to unavailable references
[39.253s][debug][gc,ergo           ] GC(726) Running G1 Free Collection Set using 8 workers for collection set length 870 (1450)
[39.253s][debug][gc,ergo           ] GC(726) Running G1 Rebuild Free List Task using 8 workers for rebuilding free list of 0 (4096) regions
[39.253s][trace][gc,age            ] GC(726) Age table with threshold 15 (max threshold 15)
[39.253s][trace][gc,age            ] GC(726) - age   1:    4402592 bytes,    4402592 total
[39.253s][debug][gc,plab           ] GC(726) Young PLAB allocation: allocated: 16512B, wasted: 0B, unused: 14064B, used: 2448B, undo waste: 0B, 
[39.253s][debug][gc,plab           ] GC(726) Young other allocation: region end waste: 1232424B, regions filled: 6, direct allocated: 4400144B, failure used: 0B, failure wasted: 0B
[39.253s][debug][gc,plab           ] GC(726) Young sizing: calculated: 0B, actual: 2064B
[39.253s][debug][gc,plab           ] GC(726) Old PLAB allocation: allocated: 0B, wasted: 0B, unused: 0B, used: 0B, undo waste: 0B, 
[39.253s][debug][gc,plab           ] GC(726) Old other allocation: region end waste: 0B, regions filled: 1, direct allocated: 0B, failure used: 0B, failure wasted: 0B
[39.253s][debug][gc,plab           ] GC(726) Old sizing: calculated: 0B, actual: 2064B
[39.253s][debug][gc,ihop           ] GC(726) Basic information (value update), threshold: 684195840B (45.00), target occupancy: 1520435200B, current occupancy: 23820984B, recent allocation size: 0B, recent allocation duration: 50.82ms, recent old gen allocation rate: 0.00B/s, recent marking phase length: 29.21ms
[39.253s][debug][gc,ihop           ] GC(726) Adaptive IHOP information (value update), threshold: 684195840B (47.37), internal target occupancy: 1444413440B, occupancy: 23820984B, additional buffer size: 912261120B, predicted old gen allocation rate: 0.21B/s, predicted marking phase length: 58.41ms, prediction active: false
[39.253s][debug][gc,ergo,refine    ] GC(726) Concurrent refinement times: Logged Cards Scan time goal: 20.00ms Logged Cards Scan time: 0.00ms HCC time: 0.00ms
[39.253s][debug][gc,ergo,refine    ] GC(726) Updated Refinement Zones: green: 2048, yellow: 6144, red: 10240
[39.253s][info ][gc,phases         ] GC(726)   Pre Evacuate Collection Set: 0.1ms
[39.253s][debug][gc,phases         ] GC(726)     Prepare TLABs: 0.0ms
[39.253s][debug][gc,phases         ] GC(726)     Choose Collection Set: 0.0ms
[39.253s][debug][gc,phases         ] GC(726)     Region Register: 0.1ms
[39.253s][debug][gc,phases         ] GC(726)     Prepare Heap Roots: 0.0ms
[39.253s][info ][gc,phases         ] GC(726)   Merge Heap Roots: 0.2ms
[39.253s][debug][gc,phases         ] GC(726)     Prepare Merge Heap Roots: 0.0ms
[39.253s][debug][gc,phases         ] GC(726)     Eager Reclaim (ms):       skipped
[39.253s][debug][gc,phases         ] GC(726)     Remembered Sets (ms):     Min:  0.0, Avg:  0.0, Max:  0.1, Diff:  0.0, Sum:  0.3, Workers: 8
[39.253s][debug][gc,phases         ] GC(726)       Merged Sparse:            Min: 0, Avg:  0.0, Max: 0, Diff: 0, Sum: 0, Workers: 8
[39.253s][debug][gc,phases         ] GC(726)       Merged Fine:              Min: 0, Avg:  0.0, Max: 0, Diff: 0, Sum: 0, Workers: 8
[39.253s][debug][gc,phases         ] GC(726)       Merged Coarse:            Min: 0, Avg:  0.0, Max: 0, Diff: 0, Sum: 0, Workers: 8
[39.253s][debug][gc,phases         ] GC(726)       Dirty Cards:              Min: 0, Avg:  0.0, Max: 0, Diff: 0, Sum: 0, Workers: 8
[39.253s][debug][gc,phases         ] GC(726)     Hot Card Cache (ms):      Min:  0.0, Avg:  0.0, Max:  0.0, Diff:  0.0, Sum:  0.0, Workers: 8
[39.253s][debug][gc,phases         ] GC(726)       Dirty Cards:              Min: 0, Avg:  0.0, Max: 0, Diff: 0, Sum: 0, Workers: 8
[39.253s][debug][gc,phases         ] GC(726)       Skipped Cards:            Min: 0, Avg:  0.0, Max: 0, Diff: 0, Sum: 0, Workers: 8
[39.253s][debug][gc,phases         ] GC(726)     Log Buffers (ms):         Min:  0.0, Avg:  0.0, Max:  0.0, Diff:  0.0, Sum:  0.0, Workers: 8
[39.253s][debug][gc,phases         ] GC(726)       Dirty Cards:              Min: 0, Avg:  0.2, Max: 1, Diff: 1, Sum: 2, Workers: 8
[39.253s][debug][gc,phases         ] GC(726)       Skipped Cards:            Min: 0, Avg:  0.0, Max: 0, Diff: 0, Sum: 0, Workers: 8
[39.253s][info ][gc,phases         ] GC(726)   Evacuate Collection Set: 0.6ms
[39.253s][debug][gc,phases         ] GC(726)     Ext Root Scanning (ms):   Min:  0.0, Avg:  0.3, Max:  0.5, Diff:  0.5, Sum:  2.2, Workers: 8
[39.253s][debug][gc,phases         ] GC(726)     Scan Heap Roots (ms):     Min:  0.0, Avg:  0.0, Max:  0.0, Diff:  0.0, Sum:  0.0, Workers: 8
[39.253s][debug][gc,phases         ] GC(726)       Scanned Cards:            Min: 0, Avg:  0.2, Max: 1, Diff: 1, Sum: 2, Workers: 8
[39.253s][debug][gc,phases         ] GC(726)       Scanned Blocks:           Min: 0, Avg:  0.2, Max: 1, Diff: 1, Sum: 2, Workers: 8
[39.253s][debug][gc,phases         ] GC(726)       Claimed Chunks:           Min: 0, Avg:  0.2, Max: 1, Diff: 1, Sum: 2, Workers: 8
[39.253s][debug][gc,phases         ] GC(726)     Code Root Scan (ms):      Min:  0.0, Avg:  0.0, Max:  0.1, Diff:  0.1, Sum:  0.2, Workers: 8
[39.253s][debug][gc,phases         ] GC(726)     Object Copy (ms):         Min:  0.0, Avg:  0.0, Max:  0.0, Diff:  0.0, Sum:  0.0, Workers: 8
[39.253s][debug][gc,phases         ] GC(726)     Termination (ms):         Min:  0.0, Avg:  0.1, Max:  0.2, Diff:  0.2, Sum:  1.1, Workers: 8
[39.253s][debug][gc,phases         ] GC(726)       Termination Attempts:     Min: 1, Avg:  1.2, Max: 2, Diff: 1, Sum: 10, Workers: 8
[39.253s][debug][gc,phases         ] GC(726)     GC Worker Other (ms):     Min:  0.0, Avg:  0.1, Max:  0.1, Diff:  0.1, Sum:  0.4, Workers: 8
[39.253s][debug][gc,phases         ] GC(726)     GC Worker Total (ms):     Min:  0.4, Avg:  0.5, Max:  0.5, Diff:  0.2, Sum:  4.0, Workers: 8
[39.253s][info ][gc,phases         ] GC(726)   Post Evacuate Collection Set: 0.7ms
[39.253s][debug][gc,phases         ] GC(726)     Code Roots Fixup: 0.0ms
[39.253s][debug][gc,phases         ] GC(726)     Clear Card Table: 0.2ms
[39.253s][debug][gc,phases         ] GC(726)     Reference Processing: 0.0ms
[39.253s][debug][gc,phases,ref     ] GC(726)       Reconsider SoftReferences: 0.0ms
[39.253s][debug][gc,phases,ref     ] GC(726)         SoftRef (ms):             skipped
[39.253s][debug][gc,phases,ref     ] GC(726)       Notify Soft/WeakReferences: 0.0ms
[39.253s][debug][gc,phases,ref     ] GC(726)         SoftRef (ms):             skipped
[39.253s][debug][gc,phases,ref     ] GC(726)         WeakRef (ms):             skipped
[39.253s][debug][gc,phases,ref     ] GC(726)         FinalRef (ms):            skipped
[39.253s][debug][gc,phases,ref     ] GC(726)         Total (ms):               skipped
[39.253s][debug][gc,phases,ref     ] GC(726)       Notify and keep alive finalizable: 0.0ms
[39.253s][debug][gc,phases,ref     ] GC(726)         FinalRef (ms):            skipped
[39.253s][debug][gc,phases,ref     ] GC(726)       Notify PhantomReferences: 0.0ms
[39.253s][debug][gc,phases,ref     ] GC(726)         PhantomRef (ms):          skipped
[39.253s][debug][gc,phases,ref     ] GC(726)       SoftReference:
[39.253s][debug][gc,phases,ref     ] GC(726)         Discovered: 0
[39.253s][debug][gc,phases,ref     ] GC(726)         Cleared: 0
[39.253s][debug][gc,phases,ref     ] GC(726)       WeakReference:
[39.253s][debug][gc,phases,ref     ] GC(726)         Discovered: 0
[39.254s][debug][gc,phases,ref     ] GC(726)         Cleared: 0
[39.254s][debug][gc,phases,ref     ] GC(726)       FinalReference:
[39.254s][debug][gc,phases,ref     ] GC(726)         Discovered: 0
[39.254s][debug][gc,phases,ref     ] GC(726)         Cleared: 0
[39.254s][debug][gc,phases,ref     ] GC(726)       PhantomReference:
[39.254s][debug][gc,phases,ref     ] GC(726)         Discovered: 0
[39.254s][debug][gc,phases,ref     ] GC(726)         Cleared: 0
[39.254s][debug][gc,phases         ] GC(726)     Weak Processing: 0.1ms
[39.254s][debug][gc,phases         ] GC(726)       JVMTI weak processing: 0.0ms
[39.254s][debug][gc,phases         ] GC(726)         Dead: 0
[39.254s][debug][gc,phases         ] GC(726)         Total: 0
[39.254s][debug][gc,phases         ] GC(726)       JFR weak processing: 0.0ms
[39.254s][debug][gc,phases         ] GC(726)         Dead: 0
[39.254s][debug][gc,phases         ] GC(726)         Total: 0
[39.254s][debug][gc,phases         ] GC(726)       JNI weak                  Min:  0.0, Avg:  0.0, Max:  0.0, Diff:  0.0, Sum:  0.0, Workers: 5
[39.254s][debug][gc,phases         ] GC(726)         Dead                      Min: 0, Avg:  0.0, Max: 0, Diff: 0, Sum: 0, Workers: 5
[39.254s][debug][gc,phases         ] GC(726)         Total                     Min: 0, Avg: 13.4, Max: 64, Diff: 64, Sum: 67, Workers: 5
[39.254s][debug][gc,phases         ] GC(726)       VM weak                   Min:  0.0, Avg:  0.0, Max:  0.0, Diff:  0.0, Sum:  0.0, Workers: 5
[39.254s][debug][gc,phases         ] GC(726)         Dead                      Min: 0, Avg:  0.0, Max: 0, Diff: 0, Sum: 0, Workers: 5
[39.254s][debug][gc,phases         ] GC(726)         Total                     Min: 0, Avg: 45.2, Max: 98, Diff: 98, Sum: 226, Workers: 5
[39.254s][debug][gc,phases         ] GC(726)       StringTable weak          Min:  0.0, Avg:  0.0, Max:  0.0, Diff:  0.0, Sum:  0.1, Workers: 5
[39.254s][debug][gc,phases         ] GC(726)         Dead                      Min: 0, Avg:  0.0, Max: 0, Diff: 0, Sum: 0, Workers: 5
[39.254s][debug][gc,phases         ] GC(726)         Total                     Min: 0, Avg: 682.8, Max: 896, Diff: 896, Sum: 3414, Workers: 5
[39.254s][debug][gc,phases         ] GC(726)       ResolvedMethodTable weak  Min:  0.0, Avg:  0.0, Max:  0.0, Diff:  0.0, Sum:  0.0, Workers: 5
[39.254s][debug][gc,phases         ] GC(726)         Dead                      Min: 0, Avg:  0.0, Max: 0, Diff: 0, Sum: 0, Workers: 5
[39.254s][debug][gc,phases         ] GC(726)         Total                     Min: 0, Avg: 120.2, Max: 192, Diff: 192, Sum: 601, Workers: 5
[39.254s][debug][gc,phases         ] GC(726)     Merge Per-Thread State: 0.0ms
[39.254s][debug][gc,phases         ] GC(726)       Copied Bytes              Min: 640, Avg: 550324.0, Max: 800840, Diff: 800200, Sum: 4402592, Workers: 8
[39.254s][debug][gc,phases         ] GC(726)       LAB Waste                 Min: 0, Avg:  0.0, Max: 0, Diff: 0, Sum: 0, Workers: 8
[39.254s][debug][gc,phases         ] GC(726)       LAB Undo Waste            Min: 0, Avg:  0.0, Max: 0, Diff: 0, Sum: 0, Workers: 8
[39.254s][debug][gc,phases         ] GC(726)     Code Roots Purge: 0.0ms
[39.254s][debug][gc,phases         ] GC(726)     Redirty Cards: 0.0ms
[39.254s][debug][gc,phases         ] GC(726)     DerivedPointerTable Update: 0.0ms
[39.254s][debug][gc,phases         ] GC(726)     Free Collection Set: 0.2ms
[39.254s][debug][gc,phases         ] GC(726)     Rebuild Free List: 0.1ms
[39.254s][debug][gc,phases         ] GC(726)     Humongous Reclaim: 0.0ms
[39.254s][debug][gc,phases         ] GC(726)     Start New Collection Set: 0.0ms
[39.254s][debug][gc,phases         ] GC(726)     Resize TLABs: 0.0ms
[39.254s][debug][gc,phases         ] GC(726)     Expand Heap After Collection: 0.0ms
[39.254s][info ][gc,phases         ] GC(726)   Other: 0.5ms
[39.254s][info ][gc,heap           ] GC(726) Eden regions: 867->0(864)
[39.254s][info ][gc,heap           ] GC(726) Survivor regions: 3->6(109)
[39.254s][info ][gc,heap           ] GC(726) Old regions: 17->17
[39.254s][info ][gc,heap           ] GC(726) Archive regions: 2->2
[39.254s][info ][gc,heap           ] GC(726) Humongous regions: 0->0
[39.254s][info ][gc,metaspace      ] GC(726) Metaspace: 10130K(10624K)->10130K(10624K) NonClass: 8932K(9216K)->8932K(9216K) Class: 1198K(1408K)->1198K(1408K)
[39.254s][debug][gc,heap           ] GC(726) Heap after GC invocations=727 (full 1): garbage-first heap   total 1484800K, used 23262K [0x0000000700000000, 0x0000000800000000)
[39.254s][debug][gc,heap           ] GC(726)   region size 1024K, 6 young (6144K), 6 survivors (6144K)
[39.254s][debug][gc,heap           ] GC(726)  Metaspace       used 10130K, capacity 10468K, committed 10624K, reserved 1058816K
[39.254s][debug][gc,heap           ] GC(726)   class space    used 1198K, capacity 1344K, committed 1408K, reserved 1048576K
[39.254s][info ][gc                ] GC(726) Pause Young (Normal) (G1 Evacuation Pause) 886M->22M(1450M) 2.832ms
[39.254s][info ][gc,cpu            ] GC(726) User=0.01s Sys=0.00s Real=0.01s
[39.254s][info ][safepoint         ] Safepoint "G1CollectForAllocation", Time since last: 49116354 ns, Reaching safepoint: 189686 ns, At safepoint: 3111051 ns, Total: 3300737 ns
[39.297s][debug][gc,heap           ] GC(727) Heap before GC invocations=727 (full 1): garbage-first heap   total 1484800K, used 906974K [0x0000000700000000, 0x0000000800000000)
[39.298s][debug][gc,heap           ] GC(727)   region size 1024K, 870 young (890880K), 6 survivors (6144K)
[39.298s][debug][gc,heap           ] GC(727)  Metaspace       used 10130K, capacity 10468K, committed 10624K, reserved 1058816K
[39.298s][debug][gc,heap           ] GC(727)   class space    used 1198K, capacity 1344K, committed 1408K, reserved 1048576K
[39.298s][info ][gc,start          ] GC(727) Pause Young (Normal) (G1 Evacuation Pause)
[39.298s][info ][gc,task           ] GC(727) Using 8 workers of 8 for evacuation
[39.298s][debug][gc,tlab           ] GC(727) TLAB totals: thrds: 8  refills: 17 max: 3 slow allocs: 1719 max 237 waste: 22.7% gc: 1058608B max: 214024B slow: 86968B max: 15488B fast: 0B max: 0B
[39.298s][debug][gc,age            ] GC(727) Desired survivor size 57147392 bytes, new threshold 15 (max threshold 15)
[39.298s][debug][gc,alloc,region   ] GC(727) Mutator Allocation stats, regions: 864, wasted size: 202M (23.4%)
[39.298s][debug][gc,ergo           ] GC(727) Running G1 Merge Heap Roots using 8 workers for 870 regions
[39.298s][debug][gc,remset         ] GC(727) Visited cards 256 Total dirty 2048 (12.50%) Total old 3602432 (0.01%)
[39.298s][debug][gc,ergo           ] GC(727) Running G1 Clear Card Table Task using 2 workers for 2 units of work for 871 regions.
[39.299s][debug][gc,ref            ] GC(727) Skipped phase1 of Reference Processing due to unavailable references
[39.299s][debug][gc,ref            ] GC(727) Skipped phase2 of Reference Processing due to unavailable references
[39.299s][debug][gc,ref            ] GC(727) Skipped phase3 of Reference Processing due to unavailable references
[39.299s][debug][gc,ref            ] GC(727) Skipped phase4 of Reference Processing due to unavailable references
[39.299s][debug][gc,ergo           ] GC(727) Running G1 Free Collection Set using 8 workers for collection set length 870 (1450)
[39.299s][debug][gc,ergo           ] GC(727) Running G1 Rebuild Free List Task using 8 workers for rebuilding free list of 0 (4096) regions
[39.299s][trace][gc,age            ] GC(727) Age table with threshold 15 (max threshold 15)
[39.299s][trace][gc,age            ] GC(727) - age   1:    2802560 bytes,    2802560 total
[39.299s][debug][gc,plab           ] GC(727) Young PLAB allocation: allocated: 16512B, wasted: 0B, unused: 14064B, used: 2448B, undo waste: 0B, 
[39.299s][debug][gc,plab           ] GC(727) Young other allocation: region end waste: 729120B, regions filled: 4, direct allocated: 2800112B, failure used: 0B, failure wasted: 0B
[39.299s][debug][gc,plab           ] GC(727) Young sizing: calculated: 0B, actual: 2064B
[39.299s][debug][gc,plab           ] GC(727) Old PLAB allocation: allocated: 0B, wasted: 0B, unused: 0B, used: 0B, undo waste: 0B, 
[39.299s][debug][gc,plab           ] GC(727) Old other allocation: region end waste: 0B, regions filled: 1, direct allocated: 0B, failure used: 0B, failure wasted: 0B
[39.299s][debug][gc,plab           ] GC(727) Old sizing: calculated: 0B, actual: 2064B
[39.299s][debug][gc,ihop           ] GC(727) Basic information (value update), threshold: 684195840B (45.00), target occupancy: 1520435200B, current occupancy: 21717648B, recent allocation size: 0B, recent allocation duration: 44.71ms, recent old gen allocation rate: 0.00B/s, recent marking phase length: 29.21ms
[39.299s][debug][gc,ihop           ] GC(727) Adaptive IHOP information (value update), threshold: 684195840B (47.37), internal target occupancy: 1444413440B, occupancy: 21717648B, additional buffer size: 912261120B, predicted old gen allocation rate: 0.20B/s, predicted marking phase length: 58.41ms, prediction active: false
[39.299s][debug][gc,ergo,refine    ] GC(727) Concurrent refinement times: Logged Cards Scan time goal: 20.00ms Logged Cards Scan time: 0.00ms HCC time: 0.00ms
[39.299s][debug][gc,ergo,refine    ] GC(727) Updated Refinement Zones: green: 2048, yellow: 6144, red: 10240
[39.299s][info ][gc,phases         ] GC(727)   Pre Evacuate Collection Set: 0.1ms
[39.299s][debug][gc,phases         ] GC(727)     Prepare TLABs: 0.0ms
[39.299s][debug][gc,phases         ] GC(727)     Choose Collection Set: 0.0ms
[39.299s][debug][gc,phases         ] GC(727)     Region Register: 0.1ms
[39.299s][debug][gc,phases         ] GC(727)     Prepare Heap Roots: 0.0ms
[39.299s][info ][gc,phases         ] GC(727)   Merge Heap Roots: 0.2ms
[39.299s][debug][gc,phases         ] GC(727)     Prepare Merge Heap Roots: 0.0ms
[39.299s][debug][gc,phases         ] GC(727)     Eager Reclaim (ms):       skipped
[39.299s][debug][gc,phases         ] GC(727)     Remembered Sets (ms):     Min:  0.0, Avg:  0.0, Max:  0.1, Diff:  0.0, Sum:  0.4, Workers: 8
[39.299s][debug][gc,phases         ] GC(727)       Merged Sparse:            Min: 0, Avg:  0.0, Max: 0, Diff: 0, Sum: 0, Workers: 8
[39.299s][debug][gc,phases         ] GC(727)       Merged Fine:              Min: 0, Avg:  0.0, Max: 0, Diff: 0, Sum: 0, Workers: 8
[39.299s][debug][gc,phases         ] GC(727)       Merged Coarse:            Min: 0, Avg:  0.0, Max: 0, Diff: 0, Sum: 0, Workers: 8
[39.299s][debug][gc,phases         ] GC(727)       Dirty Cards:              Min: 0, Avg:  0.0, Max: 0, Diff: 0, Sum: 0, Workers: 8
[39.299s][debug][gc,phases         ] GC(727)     Hot Card Cache (ms):      Min:  0.0, Avg:  0.0, Max:  0.0, Diff:  0.0, Sum:  0.0, Workers: 8
[39.299s][debug][gc,phases         ] GC(727)       Dirty Cards:              Min: 0, Avg:  0.0, Max: 0, Diff: 0, Sum: 0, Workers: 8
[39.299s][debug][gc,phases         ] GC(727)       Skipped Cards:            Min: 0, Avg:  0.0, Max: 0, Diff: 0, Sum: 0, Workers: 8
[39.299s][debug][gc,phases         ] GC(727)     Log Buffers (ms):         Min:  0.0, Avg:  0.0, Max:  0.0, Diff:  0.0, Sum:  0.0, Workers: 8
[39.299s][debug][gc,phases         ] GC(727)       Dirty Cards:              Min: 0, Avg:  0.1, Max: 1, Diff: 1, Sum: 1, Workers: 8
[39.299s][debug][gc,phases         ] GC(727)       Skipped Cards:            Min: 0, Avg:  0.0, Max: 0, Diff: 0, Sum: 0, Workers: 8
[39.299s][info ][gc,phases         ] GC(727)   Evacuate Collection Set: 0.4ms
[39.299s][debug][gc,phases         ] GC(727)     Ext Root Scanning (ms):   Min:  0.2, Avg:  0.2, Max:  0.3, Diff:  0.1, Sum:  1.8, Workers: 8
[39.299s][debug][gc,phases         ] GC(727)     Scan Heap Roots (ms):     Min:  0.0, Avg:  0.0, Max:  0.0, Diff:  0.0, Sum:  0.0, Workers: 8
[39.299s][debug][gc,phases         ] GC(727)       Scanned Cards:            Min: 0, Avg:  0.1, Max: 1, Diff: 1, Sum: 1, Workers: 8
[39.299s][debug][gc,phases         ] GC(727)       Scanned Blocks:           Min: 0, Avg:  0.1, Max: 1, Diff: 1, Sum: 1, Workers: 8
[39.299s][debug][gc,phases         ] GC(727)       Claimed Chunks:           Min: 0, Avg:  0.1, Max: 1, Diff: 1, Sum: 1, Workers: 8
[39.299s][debug][gc,phases         ] GC(727)     Code Root Scan (ms):      Min:  0.0, Avg:  0.0, Max:  0.0, Diff:  0.0, Sum:  0.2, Workers: 8
[39.299s][debug][gc,phases         ] GC(727)     Object Copy (ms):         Min:  0.0, Avg:  0.0, Max:  0.0, Diff:  0.0, Sum:  0.0, Workers: 8
[39.299s][debug][gc,phases         ] GC(727)     Termination (ms):         Min:  0.1, Avg:  0.1, Max:  0.1, Diff:  0.0, Sum:  0.5, Workers: 8
[39.299s][debug][gc,phases         ] GC(727)       Termination Attempts:     Min: 1, Avg:  1.0, Max: 1, Diff: 0, Sum: 8, Workers: 8
[39.299s][debug][gc,phases         ] GC(727)     GC Worker Other (ms):     Min:  0.0, Avg:  0.0, Max:  0.1, Diff:  0.0, Sum:  0.4, Workers: 8
[39.299s][debug][gc,phases         ] GC(727)     GC Worker Total (ms):     Min:  0.3, Avg:  0.4, Max:  0.4, Diff:  0.0, Sum:  2.9, Workers: 8
[39.299s][info ][gc,phases         ] GC(727)   Post Evacuate Collection Set: 0.6ms
[39.299s][debug][gc,phases         ] GC(727)     Code Roots Fixup: 0.0ms
[39.299s][debug][gc,phases         ] GC(727)     Clear Card Table: 0.2ms
[39.299s][debug][gc,phases         ] GC(727)     Reference Processing: 0.0ms
[39.299s][debug][gc,phases,ref     ] GC(727)       Reconsider SoftReferences: 0.0ms
[39.299s][debug][gc,phases,ref     ] GC(727)         SoftRef (ms):             skipped
[39.299s][debug][gc,phases,ref     ] GC(727)       Notify Soft/WeakReferences: 0.0ms
[39.299s][debug][gc,phases,ref     ] GC(727)         SoftRef (ms):             skipped
[39.299s][debug][gc,phases,ref     ] GC(727)         WeakRef (ms):             skipped
[39.299s][debug][gc,phases,ref     ] GC(727)         FinalRef (ms):            skipped
[39.299s][debug][gc,phases,ref     ] GC(727)         Total (ms):               skipped
[39.299s][debug][gc,phases,ref     ] GC(727)       Notify and keep alive finalizable: 0.0ms
[39.299s][debug][gc,phases,ref     ] GC(727)         FinalRef (ms):            skipped
[39.299s][debug][gc,phases,ref     ] GC(727)       Notify PhantomReferences: 0.0ms
[39.299s][debug][gc,phases,ref     ] GC(727)         PhantomRef (ms):          skipped
[39.299s][debug][gc,phases,ref     ] GC(727)       SoftReference:
[39.299s][debug][gc,phases,ref     ] GC(727)         Discovered: 0
[39.299s][debug][gc,phases,ref     ] GC(727)         Cleared: 0
[39.299s][debug][gc,phases,ref     ] GC(727)       WeakReference:
[39.299s][debug][gc,phases,ref     ] GC(727)         Discovered: 0
[39.299s][debug][gc,phases,ref     ] GC(727)         Cleared: 0
[39.299s][debug][gc,phases,ref     ] GC(727)       FinalReference:
[39.299s][debug][gc,phases,ref     ] GC(727)         Discovered: 0
[39.299s][debug][gc,phases,ref     ] GC(727)         Cleared: 0
[39.299s][debug][gc,phases,ref     ] GC(727)       PhantomReference:
[39.299s][debug][gc,phases,ref     ] GC(727)         Discovered: 0
[39.300s][debug][gc,phases,ref     ] GC(727)         Cleared: 0
[39.300s][debug][gc,phases         ] GC(727)     Weak Processing: 0.1ms
[39.300s][debug][gc,phases         ] GC(727)       JVMTI weak processing: 0.0ms
[39.300s][debug][gc,phases         ] GC(727)         Dead: 0
[39.300s][debug][gc,phases         ] GC(727)         Total: 0
[39.300s][debug][gc,phases         ] GC(727)       JFR weak processing: 0.0ms
[39.300s][debug][gc,phases         ] GC(727)         Dead: 0
[39.300s][debug][gc,phases         ] GC(727)         Total: 0
[39.300s][debug][gc,phases         ] GC(727)       JNI weak                  Min:  0.0, Avg:  0.0, Max:  0.0, Diff:  0.0, Sum:  0.0, Workers: 5
[39.300s][debug][gc,phases         ] GC(727)         Dead                      Min: 0, Avg:  0.0, Max: 0, Diff: 0, Sum: 0, Workers: 5
[39.300s][debug][gc,phases         ] GC(727)         Total                     Min: 0, Avg: 13.4, Max: 64, Diff: 64, Sum: 67, Workers: 5
[39.300s][debug][gc,phases         ] GC(727)       VM weak                   Min:  0.0, Avg:  0.0, Max:  0.0, Diff:  0.0, Sum:  0.0, Workers: 5
[39.300s][debug][gc,phases         ] GC(727)         Dead                      Min: 0, Avg:  0.0, Max: 0, Diff: 0, Sum: 0, Workers: 5
[39.300s][debug][gc,phases         ] GC(727)         Total                     Min: 0, Avg: 45.2, Max: 128, Diff: 128, Sum: 226, Workers: 5
[39.300s][debug][gc,phases         ] GC(727)       StringTable weak          Min:  0.0, Avg:  0.0, Max:  0.1, Diff:  0.1, Sum:  0.1, Workers: 5
[39.300s][debug][gc,phases         ] GC(727)         Dead                      Min: 0, Avg:  0.0, Max: 0, Diff: 0, Sum: 0, Workers: 5
[39.300s][debug][gc,phases         ] GC(727)         Total                     Min: 0, Avg: 682.8, Max: 1727, Diff: 1727, Sum: 3414, Workers: 5
[39.300s][debug][gc,phases         ] GC(727)       ResolvedMethodTable weak  Min:  0.0, Avg:  0.0, Max:  0.0, Diff:  0.0, Sum:  0.0, Workers: 5
[39.300s][debug][gc,phases         ] GC(727)         Dead                      Min: 0, Avg:  0.0, Max: 0, Diff: 0, Sum: 0, Workers: 5
[39.300s][debug][gc,phases         ] GC(727)         Total                     Min: 0, Avg: 120.2, Max: 256, Diff: 256, Sum: 601, Workers: 5
[39.300s][debug][gc,phases         ] GC(727)     Merge Per-Thread State: 0.0ms
[39.300s][debug][gc,phases         ] GC(727)       Copied Bytes              Min: 440, Avg: 350320.0, Max: 400456, Diff: 400016, Sum: 2802560, Workers: 8
[39.300s][debug][gc,phases         ] GC(727)       LAB Waste                 Min: 0, Avg:  0.0, Max: 0, Diff: 0, Sum: 0, Workers: 8
[39.300s][debug][gc,phases         ] GC(727)       LAB Undo Waste            Min: 0, Avg:  0.0, Max: 0, Diff: 0, Sum: 0, Workers: 8
[39.300s][debug][gc,phases         ] GC(727)     Code Roots Purge: 0.0ms
[39.300s][debug][gc,phases         ] GC(727)     Redirty Cards: 0.0ms
[39.300s][debug][gc,phases         ] GC(727)     DerivedPointerTable Update: 0.0ms
[39.300s][debug][gc,phases         ] GC(727)     Free Collection Set: 0.2ms
[39.300s][debug][gc,phases         ] GC(727)     Rebuild Free List: 0.1ms
[39.300s][debug][gc,phases         ] GC(727)     Humongous Reclaim: 0.0ms
[39.300s][debug][gc,phases         ] GC(727)     Start New Collection Set: 0.0ms
[39.300s][debug][gc,phases         ] GC(727)     Resize TLABs: 0.0ms
[39.300s][debug][gc,phases         ] GC(727)     Expand Heap After Collection: 0.0ms
[39.300s][info ][gc,phases         ] GC(727)   Other: 0.3ms
[39.300s][info ][gc,heap           ] GC(727) Eden regions: 864->0(866)
[39.300s][info ][gc,heap           ] GC(727) Survivor regions: 6->4(109)
[39.300s][info ][gc,heap           ] GC(727) Old regions: 17->17
[39.300s][info ][gc,heap           ] GC(727) Archive regions: 2->2
[39.300s][info ][gc,heap           ] GC(727) Humongous regions: 0->0
[39.300s][info ][gc,metaspace      ] GC(727) Metaspace: 10130K(10624K)->10130K(10624K) NonClass: 8932K(9216K)->8932K(9216K) Class: 1198K(1408K)->1198K(1408K)
[39.300s][debug][gc,heap           ] GC(727) Heap after GC invocations=728 (full 1): garbage-first heap   total 1484800K, used 21208K [0x0000000700000000, 0x0000000800000000)
[39.300s][debug][gc,heap           ] GC(727)   region size 1024K, 4 young (4096K), 4 survivors (4096K)
[39.300s][debug][gc,heap           ] GC(727)  Metaspace       used 10130K, capacity 10468K, committed 10624K, reserved 1058816K
[39.300s][debug][gc,heap           ] GC(727)   class space    used 1198K, capacity 1344K, committed 1408K, reserved 1048576K
[39.300s][info ][gc                ] GC(727) Pause Young (Normal) (G1 Evacuation Pause) 886M->20M(1450M) 2.238ms
[39.300s][info ][gc,cpu            ] GC(727) User=0.00s Sys=0.00s Real=0.00s
[39.300s][info ][safepoint         ] Safepoint "G1CollectForAllocation", Time since last: 43274882 ns, Reaching safepoint: 128230 ns, At safepoint: 2409250 ns, Total: 2537480 ns
[39.342s][debug][gc,heap           ] GC(728) Heap before GC invocations=728 (full 1): garbage-first heap   total 1484800K, used 906968K [0x0000000700000000, 0x0000000800000000)
[39.342s][debug][gc,heap           ] GC(728)   region size 1024K, 870 young (890880K), 4 survivors (4096K)
[39.342s][debug][gc,heap           ] GC(728)  Metaspace       used 10130K, capacity 10468K, committed 10624K, reserved 1058816K
[39.342s][debug][gc,heap           ] GC(728)   class space    used 1198K, capacity 1344K, committed 1408K, reserved 1048576K
[39.342s][info ][gc,start          ] GC(728) Pause Young (Normal) (G1 Evacuation Pause)
[39.342s][info ][gc,task           ] GC(728) Using 8 workers of 8 for evacuation
[39.342s][debug][gc,tlab           ] GC(728) TLAB totals: thrds: 8  refills: 17 max: 3 slow allocs: 1724 max 240 waste: 24.5% gc: 1166448B max: 229600B slow: 99368B max: 15096B fast: 0B max: 0B
[39.342s][debug][gc,age            ] GC(728) Desired survivor size 57147392 bytes, new threshold 15 (max threshold 15)
[39.342s][debug][gc,alloc,region   ] GC(728) Mutator Allocation stats, regions: 866, wasted size: 202M (23.4%)
[39.343s][debug][gc,ergo           ] GC(728) Running G1 Merge Heap Roots using 8 workers for 870 regions
[39.343s][debug][gc,remset         ] GC(728) Visited cards 512 Total dirty 4096 (12.50%) Total old 3602432 (0.01%)
[39.343s][debug][gc,ergo           ] GC(728) Running G1 Clear Card Table Task using 2 workers for 2 units of work for 872 regions.
[39.343s][debug][gc,ref            ] GC(728) Skipped phase1 of Reference Processing due to unavailable references
[39.343s][debug][gc,ref            ] GC(728) Skipped phase2 of Reference Processing due to unavailable references
[39.343s][debug][gc,ref            ] GC(728) Skipped phase3 of Reference Processing due to unavailable references
[39.343s][debug][gc,ref            ] GC(728) Skipped phase4 of Reference Processing due to unavailable references
[39.344s][debug][gc,ergo           ] GC(728) Running G1 Free Collection Set using 8 workers for collection set length 870 (1450)
[39.344s][debug][gc,ergo           ] GC(728) Running G1 Rebuild Free List Task using 8 workers for rebuilding free list of 0 (4096) regions
[39.344s][trace][gc,age            ] GC(728) Age table with threshold 15 (max threshold 15)
[39.344s][trace][gc,age            ] GC(728) - age   1:    2802536 bytes,    2802536 total
[39.344s][debug][gc,plab           ] GC(728) Young PLAB allocation: allocated: 16512B, wasted: 0B, unused: 14064B, used: 2448B, undo waste: 0B, 
[39.344s][debug][gc,plab           ] GC(728) Young other allocation: region end waste: 735328B, regions filled: 4, direct allocated: 2800088B, failure used: 0B, failure wasted: 0B
[39.344s][debug][gc,plab           ] GC(728) Young sizing: calculated: 0B, actual: 2064B
[39.344s][debug][gc,plab           ] GC(728) Old PLAB allocation: allocated: 0B, wasted: 0B, unused: 0B, used: 0B, undo waste: 0B, 
[39.344s][debug][gc,plab           ] GC(728) Old other allocation: region end waste: 0B, regions filled: 1, direct allocated: 0B, failure used: 0B, failure wasted: 0B
[39.344s][debug][gc,plab           ] GC(728) Old sizing: calculated: 0B, actual: 2064B
[39.344s][debug][gc,ihop           ] GC(728) Basic information (value update), threshold: 684195840B (45.00), target occupancy: 1520435200B, current occupancy: 21723832B, recent allocation size: 0B, recent allocation duration: 43.41ms, recent old gen allocation rate: 0.00B/s, recent marking phase length: 29.21ms
[39.344s][debug][gc,ihop           ] GC(728) Adaptive IHOP information (value update), threshold: 684195840B (47.37), internal target occupancy: 1444413440B, occupancy: 21723832B, additional buffer size: 912261120B, predicted old gen allocation rate: 0.20B/s, predicted marking phase length: 58.41ms, prediction active: false
[39.344s][debug][gc,ergo,refine    ] GC(728) Concurrent refinement times: Logged Cards Scan time goal: 20.00ms Logged Cards Scan time: 0.00ms HCC time: 0.00ms
[39.344s][debug][gc,ergo,refine    ] GC(728) Updated Refinement Zones: green: 2048, yellow: 6144, red: 10240
[39.344s][info ][gc,phases         ] GC(728)   Pre Evacuate Collection Set: 0.1ms
[39.344s][debug][gc,phases         ] GC(728)     Prepare TLABs: 0.0ms
[39.344s][debug][gc,phases         ] GC(728)     Choose Collection Set: 0.0ms
[39.344s][debug][gc,phases         ] GC(728)     Region Register: 0.1ms
[39.344s][debug][gc,phases         ] GC(728)     Prepare Heap Roots: 0.0ms
[39.344s][info ][gc,phases         ] GC(728)   Merge Heap Roots: 0.1ms
[39.344s][debug][gc,phases         ] GC(728)     Prepare Merge Heap Roots: 0.0ms
[39.344s][debug][gc,phases         ] GC(728)     Eager Reclaim (ms):       skipped
[39.344s][debug][gc,phases         ] GC(728)     Remembered Sets (ms):     Min:  0.0, Avg:  0.0, Max:  0.0, Diff:  0.0, Sum:  0.2, Workers: 8
[39.344s][debug][gc,phases         ] GC(728)       Merged Sparse:            Min: 0, Avg:  0.0, Max: 0, Diff: 0, Sum: 0, Workers: 8
[39.344s][debug][gc,phases         ] GC(728)       Merged Fine:              Min: 0, Avg:  0.0, Max: 0, Diff: 0, Sum: 0, Workers: 8
[39.344s][debug][gc,phases         ] GC(728)       Merged Coarse:            Min: 0, Avg:  0.0, Max: 0, Diff: 0, Sum: 0, Workers: 8
[39.344s][debug][gc,phases         ] GC(728)       Dirty Cards:              Min: 0, Avg:  0.0, Max: 0, Diff: 0, Sum: 0, Workers: 8
[39.344s][debug][gc,phases         ] GC(728)     Hot Card Cache (ms):      Min:  0.0, Avg:  0.0, Max:  0.0, Diff:  0.0, Sum:  0.0, Workers: 8
[39.344s][debug][gc,phases         ] GC(728)       Dirty Cards:              Min: 0, Avg:  0.0, Max: 0, Diff: 0, Sum: 0, Workers: 8
[39.344s][debug][gc,phases         ] GC(728)       Skipped Cards:            Min: 0, Avg:  0.0, Max: 0, Diff: 0, Sum: 0, Workers: 8
[39.344s][debug][gc,phases         ] GC(728)     Log Buffers (ms):         Min:  0.0, Avg:  0.0, Max:  0.0, Diff:  0.0, Sum:  0.0, Workers: 8
[39.344s][debug][gc,phases         ] GC(728)       Dirty Cards:              Min: 0, Avg:  0.2, Max: 1, Diff: 1, Sum: 2, Workers: 8
[39.344s][debug][gc,phases         ] GC(728)       Skipped Cards:            Min: 0, Avg:  0.0, Max: 0, Diff: 0, Sum: 0, Workers: 8
[39.344s][info ][gc,phases         ] GC(728)   Evacuate Collection Set: 0.4ms
[39.344s][debug][gc,phases         ] GC(728)     Ext Root Scanning (ms):   Min:  0.0, Avg:  0.1, Max:  0.2, Diff:  0.2, Sum:  1.1, Workers: 8
[39.344s][debug][gc,phases         ] GC(728)     Scan Heap Roots (ms):     Min:  0.0, Avg:  0.0, Max:  0.0, Diff:  0.0, Sum:  0.0, Workers: 8
[39.344s][debug][gc,phases         ] GC(728)       Scanned Cards:            Min: 0, Avg:  0.2, Max: 1, Diff: 1, Sum: 2, Workers: 8
[39.344s][debug][gc,phases         ] GC(728)       Scanned Blocks:           Min: 0, Avg:  0.2, Max: 1, Diff: 1, Sum: 2, Workers: 8
[39.344s][debug][gc,phases         ] GC(728)       Claimed Chunks:           Min: 0, Avg:  0.2, Max: 1, Diff: 1, Sum: 2, Workers: 8
[39.344s][debug][gc,phases         ] GC(728)     Code Root Scan (ms):      Min:  0.0, Avg:  0.0, Max:  0.0, Diff:  0.0, Sum:  0.1, Workers: 8
[39.344s][debug][gc,phases         ] GC(728)     Object Copy (ms):         Min:  0.0, Avg:  0.0, Max:  0.0, Diff:  0.0, Sum:  0.0, Workers: 8
[39.344s][debug][gc,phases         ] GC(728)     Termination (ms):         Min:  0.0, Avg:  0.1, Max:  0.2, Diff:  0.1, Sum:  0.9, Workers: 8
[39.344s][debug][gc,phases         ] GC(728)       Termination Attempts:     Min: 1, Avg:  1.8, Max: 3, Diff: 2, Sum: 14, Workers: 8
[39.344s][debug][gc,phases         ] GC(728)     GC Worker Other (ms):     Min:  0.0, Avg:  0.0, Max:  0.1, Diff:  0.1, Sum:  0.3, Workers: 8
[39.344s][debug][gc,phases         ] GC(728)     GC Worker Total (ms):     Min:  0.3, Avg:  0.3, Max:  0.3, Diff:  0.1, Sum:  2.5, Workers: 8
[39.344s][info ][gc,phases         ] GC(728)   Post Evacuate Collection Set: 0.6ms
[39.344s][debug][gc,phases         ] GC(728)     Code Roots Fixup: 0.0ms
[39.344s][debug][gc,phases         ] GC(728)     Clear Card Table: 0.2ms
[39.344s][debug][gc,phases         ] GC(728)     Reference Processing: 0.0ms
[39.344s][debug][gc,phases,ref     ] GC(728)       Reconsider SoftReferences: 0.0ms
[39.344s][debug][gc,phases,ref     ] GC(728)         SoftRef (ms):             skipped
[39.344s][debug][gc,phases,ref     ] GC(728)       Notify Soft/WeakReferences: 0.0ms
[39.344s][debug][gc,phases,ref     ] GC(728)         SoftRef (ms):             skipped
[39.344s][debug][gc,phases,ref     ] GC(728)         WeakRef (ms):             skipped
[39.344s][debug][gc,phases,ref     ] GC(728)         FinalRef (ms):            skipped
[39.344s][debug][gc,phases,ref     ] GC(728)         Total (ms):               skipped
[39.344s][debug][gc,phases,ref     ] GC(728)       Notify and keep alive finalizable: 0.0ms
[39.344s][debug][gc,phases,ref     ] GC(728)         FinalRef (ms):            skipped
[39.344s][debug][gc,phases,ref     ] GC(728)       Notify PhantomReferences: 0.0ms
[39.344s][debug][gc,phases,ref     ] GC(728)         PhantomRef (ms):          skipped
[39.344s][debug][gc,phases,ref     ] GC(728)       SoftReference:
[39.344s][debug][gc,phases,ref     ] GC(728)         Discovered: 0
[39.344s][debug][gc,phases,ref     ] GC(728)         Cleared: 0
[39.344s][debug][gc,phases,ref     ] GC(728)       WeakReference:
[39.344s][debug][gc,phases,ref     ] GC(728)         Discovered: 0
[39.344s][debug][gc,phases,ref     ] GC(728)         Cleared: 0
[39.344s][debug][gc,phases,ref     ] GC(728)       FinalReference:
[39.344s][debug][gc,phases,ref     ] GC(728)         Discovered: 0
[39.344s][debug][gc,phases,ref     ] GC(728)         Cleared: 0
[39.344s][debug][gc,phases,ref     ] GC(728)       PhantomReference:
[39.344s][debug][gc,phases,ref     ] GC(728)         Discovered: 0
[39.344s][debug][gc,phases,ref     ] GC(728)         Cleared: 0
[39.344s][debug][gc,phases         ] GC(728)     Weak Processing: 0.1ms
[39.344s][debug][gc,phases         ] GC(728)       JVMTI weak processing: 0.0ms
[39.344s][debug][gc,phases         ] GC(728)         Dead: 0
[39.344s][debug][gc,phases         ] GC(728)         Total: 0
[39.344s][debug][gc,phases         ] GC(728)       JFR weak processing: 0.0ms
[39.344s][debug][gc,phases         ] GC(728)         Dead: 0
[39.344s][debug][gc,phases         ] GC(728)         Total: 0
[39.344s][debug][gc,phases         ] GC(728)       JNI weak                  Min:  0.0, Avg:  0.0, Max:  0.0, Diff:  0.0, Sum:  0.0, Workers: 5
[39.344s][debug][gc,phases         ] GC(728)         Dead                      Min: 0, Avg:  0.0, Max: 0, Diff: 0, Sum: 0, Workers: 5
[39.344s][debug][gc,phases         ] GC(728)         Total                     Min: 0, Avg: 13.4, Max: 64, Diff: 64, Sum: 67, Workers: 5
[39.344s][debug][gc,phases         ] GC(728)       VM weak                   Min:  0.0, Avg:  0.0, Max:  0.0, Diff:  0.0, Sum:  0.0, Workers: 5
[39.344s][debug][gc,phases         ] GC(728)         Dead                      Min: 0, Avg:  0.0, Max: 0, Diff: 0, Sum: 0, Workers: 5
[39.344s][debug][gc,phases         ] GC(728)         Total                     Min: 0, Avg: 45.2, Max: 128, Diff: 128, Sum: 226, Workers: 5
[39.344s][debug][gc,phases         ] GC(728)       StringTable weak          Min:  0.0, Avg:  0.0, Max:  0.0, Diff:  0.0, Sum:  0.1, Workers: 5
[39.344s][debug][gc,phases         ] GC(728)         Dead                      Min: 0, Avg:  0.0, Max: 0, Diff: 0, Sum: 0, Workers: 5
[39.344s][debug][gc,phases         ] GC(728)         Total                     Min: 0, Avg: 682.8, Max: 1727, Diff: 1727, Sum: 3414, Workers: 5
[39.344s][debug][gc,phases         ] GC(728)       ResolvedMethodTable weak  Min:  0.0, Avg:  0.0, Max:  0.0, Diff:  0.0, Sum:  0.0, Workers: 5
[39.344s][debug][gc,phases         ] GC(728)         Dead                      Min: 0, Avg:  0.0, Max: 0, Diff: 0, Sum: 0, Workers: 5
[39.344s][debug][gc,phases         ] GC(728)         Total                     Min: 0, Avg: 120.2, Max: 320, Diff: 320, Sum: 601, Workers: 5
[39.344s][debug][gc,phases         ] GC(728)     Merge Per-Thread State: 0.0ms
[39.344s][debug][gc,phases         ] GC(728)       Copied Bytes              Min: 72, Avg: 350317.0, Max: 800256, Diff: 800184, Sum: 2802536, Workers: 8
[39.344s][debug][gc,phases         ] GC(728)       LAB Waste                 Min: 0, Avg:  0.0, Max: 0, Diff: 0, Sum: 0, Workers: 8
[39.344s][debug][gc,phases         ] GC(728)       LAB Undo Waste            Min: 0, Avg:  0.0, Max: 0, Diff: 0, Sum: 0, Workers: 8
[39.344s][debug][gc,phases         ] GC(728)     Code Roots Purge: 0.0ms
[39.344s][debug][gc,phases         ] GC(728)     Redirty Cards: 0.0ms
[39.344s][debug][gc,phases         ] GC(728)     DerivedPointerTable Update: 0.0ms
[39.344s][debug][gc,phases         ] GC(728)     Free Collection Set: 0.2ms
[39.344s][debug][gc,phases         ] GC(728)     Rebuild Free List: 0.1ms
[39.345s][debug][gc,phases         ] GC(728)     Humongous Reclaim: 0.0ms
[39.345s][debug][gc,phases         ] GC(728)     Start New Collection Set: 0.0ms
[39.345s][debug][gc,phases         ] GC(728)     Resize TLABs: 0.0ms
[39.345s][debug][gc,phases         ] GC(728)     Expand Heap After Collection: 0.0ms
[39.345s][info ][gc,phases         ] GC(728)   Other: 0.3ms
[39.345s][info ][gc,heap           ] GC(728) Eden regions: 866->0(866)
[39.345s][info ][gc,heap           ] GC(728) Survivor regions: 4->4(109)
[39.345s][info ][gc,heap           ] GC(728) Old regions: 17->17
[39.345s][info ][gc,heap           ] GC(728) Archive regions: 2->2
[39.345s][info ][gc,heap           ] GC(728) Humongous regions: 0->0
[39.345s][info ][gc,metaspace      ] GC(728) Metaspace: 10130K(10624K)->10130K(10624K) NonClass: 8932K(9216K)->8932K(9216K) Class: 1198K(1408K)->1198K(1408K)
[39.345s][debug][gc,heap           ] GC(728) Heap after GC invocations=729 (full 1): garbage-first heap   total 1484800K, used 21214K [0x0000000700000000, 0x0000000800000000)
[39.345s][debug][gc,heap           ] GC(728)   region size 1024K, 4 young (4096K), 4 survivors (4096K)
[39.345s][debug][gc,heap           ] GC(728)  Metaspace       used 10130K, capacity 10468K, committed 10624K, reserved 1058816K
[39.345s][debug][gc,heap           ] GC(728)   class space    used 1198K, capacity 1344K, committed 1408K, reserved 1048576K
[39.345s][info ][gc                ] GC(728) Pause Young (Normal) (G1 Evacuation Pause) 886M->20M(1450M) 2.174ms
[39.345s][info ][gc,cpu            ] GC(728) User=0.01s Sys=0.00s Real=0.01s
[39.345s][info ][safepoint         ] Safepoint "G1CollectForAllocation", Time since last: 42321205 ns, Reaching safepoint: 139515 ns, At safepoint: 2344444 ns, Total: 2483959 ns
[39.388s][debug][gc,heap           ] GC(729) Heap before GC invocations=729 (full 1): garbage-first heap   total 1484800K, used 906974K [0x0000000700000000, 0x0000000800000000)
[39.388s][debug][gc,heap           ] GC(729)   region size 1024K, 870 young (890880K), 4 survivors (4096K)
[39.388s][debug][gc,heap           ] GC(729)  Metaspace       used 10130K, capacity 10468K, committed 10624K, reserved 1058816K
[39.388s][debug][gc,heap           ] GC(729)   class space    used 1198K, capacity 1344K, committed 1408K, reserved 1048576K
[39.388s][info ][gc,start          ] GC(729) Pause Young (Normal) (G1 Evacuation Pause)
[39.388s][info ][gc,task           ] GC(729) Using 8 workers of 8 for evacuation
[39.388s][debug][gc,tlab           ] GC(729) TLAB totals: thrds: 8  refills: 12 max: 3 slow allocs: 1724 max 238 waste: 40.1% gc: 1227488B max: 233384B slow: 42376B max: 15488B fast: 0B max: 0B
[39.388s][debug][gc,age            ] GC(729) Desired survivor size 57147392 bytes, new threshold 15 (max threshold 15)
[39.388s][debug][gc,alloc,region   ] GC(729) Mutator Allocation stats, regions: 866, wasted size: 202M (23.4%)
[39.388s][debug][gc,ergo           ] GC(729) Running G1 Merge Heap Roots using 8 workers for 870 regions
[39.388s][debug][gc,remset         ] GC(729) Visited cards 256 Total dirty 2048 (12.50%) Total old 3602432 (0.01%)
[39.389s][debug][gc,ergo           ] GC(729) Running G1 Clear Card Table Task using 2 workers for 2 units of work for 871 regions.
[39.389s][debug][gc,ref            ] GC(729) Skipped phase1 of Reference Processing due to unavailable references
[39.389s][debug][gc,ref            ] GC(729) Skipped phase2 of Reference Processing due to unavailable references
[39.389s][debug][gc,ref            ] GC(729) Skipped phase3 of Reference Processing due to unavailable references
[39.389s][debug][gc,ref            ] GC(729) Skipped phase4 of Reference Processing due to unavailable references
[39.389s][debug][gc,ergo           ] GC(729) Running G1 Free Collection Set using 8 workers for collection set length 870 (1450)
[39.389s][debug][gc,ergo           ] GC(729) Running G1 Rebuild Free List Task using 8 workers for rebuilding free list of 0 (4096) regions
[39.389s][trace][gc,age            ] GC(729) Age table with threshold 15 (max threshold 15)
[39.389s][trace][gc,age            ] GC(729) - age   1:    2802552 bytes,    2802552 total
[39.389s][debug][gc,plab           ] GC(729) Young PLAB allocation: allocated: 16512B, wasted: 0B, unused: 14064B, used: 2448B, undo waste: 0B, 
[39.389s][debug][gc,plab           ] GC(729) Young other allocation: region end waste: 729120B, regions filled: 4, direct allocated: 2800104B, failure used: 0B, failure wasted: 0B
[39.389s][debug][gc,plab           ] GC(729) Young sizing: calculated: 0B, actual: 2064B
[39.389s][debug][gc,plab           ] GC(729) Old PLAB allocation: allocated: 0B, wasted: 0B, unused: 0B, used: 0B, undo waste: 0B, 
[39.389s][debug][gc,plab           ] GC(729) Old other allocation: region end waste: 0B, regions filled: 1, direct allocated: 0B, failure used: 0B, failure wasted: 0B
[39.389s][debug][gc,plab           ] GC(729) Old sizing: calculated: 0B, actual: 2064B
[39.389s][debug][gc,ihop           ] GC(729) Basic information (value update), threshold: 684195840B (45.00), target occupancy: 1520435200B, current occupancy: 21717640B, recent allocation size: 0B, recent allocation duration: 44.10ms, recent old gen allocation rate: 0.00B/s, recent marking phase length: 29.21ms
[39.389s][debug][gc,ihop           ] GC(729) Adaptive IHOP information (value update), threshold: 684195840B (47.37), internal target occupancy: 1444413440B, occupancy: 21717640B, additional buffer size: 912261120B, predicted old gen allocation rate: 0.19B/s, predicted marking phase length: 58.41ms, prediction active: false
[39.389s][debug][gc,ergo,refine    ] GC(729) Concurrent refinement times: Logged Cards Scan time goal: 20.00ms Logged Cards Scan time: 0.00ms HCC time: 0.00ms
[39.389s][debug][gc,ergo,refine    ] GC(729) Updated Refinement Zones: green: 2048, yellow: 6144, red: 10240
[39.389s][info ][gc,phases         ] GC(729)   Pre Evacuate Collection Set: 0.1ms
[39.389s][debug][gc,phases         ] GC(729)     Prepare TLABs: 0.0ms
[39.389s][debug][gc,phases         ] GC(729)     Choose Collection Set: 0.0ms
[39.389s][debug][gc,phases         ] GC(729)     Region Register: 0.1ms
[39.389s][debug][gc,phases         ] GC(729)     Prepare Heap Roots: 0.0ms
[39.389s][info ][gc,phases         ] GC(729)   Merge Heap Roots: 0.1ms
[39.389s][debug][gc,phases         ] GC(729)     Prepare Merge Heap Roots: 0.0ms
[39.389s][debug][gc,phases         ] GC(729)     Eager Reclaim (ms):       skipped
[39.389s][debug][gc,phases         ] GC(729)     Remembered Sets (ms):     Min:  0.0, Avg:  0.0, Max:  0.0, Diff:  0.0, Sum:  0.2, Workers: 8
[39.389s][debug][gc,phases         ] GC(729)       Merged Sparse:            Min: 0, Avg:  0.0, Max: 0, Diff: 0, Sum: 0, Workers: 8
[39.389s][debug][gc,phases         ] GC(729)       Merged Fine:              Min: 0, Avg:  0.0, Max: 0, Diff: 0, Sum: 0, Workers: 8
[39.389s][debug][gc,phases         ] GC(729)       Merged Coarse:            Min: 0, Avg:  0.0, Max: 0, Diff: 0, Sum: 0, Workers: 8
[39.389s][debug][gc,phases         ] GC(729)       Dirty Cards:              Min: 0, Avg:  0.0, Max: 0, Diff: 0, Sum: 0, Workers: 8
[39.389s][debug][gc,phases         ] GC(729)     Hot Card Cache (ms):      Min:  0.0, Avg:  0.0, Max:  0.0, Diff:  0.0, Sum:  0.0, Workers: 8
[39.389s][debug][gc,phases         ] GC(729)       Dirty Cards:              Min: 0, Avg:  0.0, Max: 0, Diff: 0, Sum: 0, Workers: 8
[39.389s][debug][gc,phases         ] GC(729)       Skipped Cards:            Min: 0, Avg:  0.0, Max: 0, Diff: 0, Sum: 0, Workers: 8
[39.389s][debug][gc,phases         ] GC(729)     Log Buffers (ms):         Min:  0.0, Avg:  0.0, Max:  0.0, Diff:  0.0, Sum:  0.0, Workers: 8
[39.389s][debug][gc,phases         ] GC(729)       Dirty Cards:              Min: 0, Avg:  0.1, Max: 1, Diff: 1, Sum: 1, Workers: 8
[39.390s][debug][gc,phases         ] GC(729)       Skipped Cards:            Min: 0, Avg:  0.0, Max: 0, Diff: 0, Sum: 0, Workers: 8
[39.390s][info ][gc,phases         ] GC(729)   Evacuate Collection Set: 0.3ms
[39.390s][debug][gc,phases         ] GC(729)     Ext Root Scanning (ms):   Min:  0.0, Avg:  0.2, Max:  0.3, Diff:  0.3, Sum:  1.4, Workers: 8
[39.390s][debug][gc,phases         ] GC(729)     Scan Heap Roots (ms):     Min:  0.0, Avg:  0.0, Max:  0.0, Diff:  0.0, Sum:  0.0, Workers: 8
[39.390s][debug][gc,phases         ] GC(729)       Scanned Cards:            Min: 0, Avg:  0.1, Max: 1, Diff: 1, Sum: 1, Workers: 8
[39.390s][debug][gc,phases         ] GC(729)       Scanned Blocks:           Min: 0, Avg:  0.1, Max: 1, Diff: 1, Sum: 1, Workers: 8
[39.390s][debug][gc,phases         ] GC(729)       Claimed Chunks:           Min: 0, Avg:  0.1, Max: 1, Diff: 1, Sum: 1, Workers: 8
[39.390s][debug][gc,phases         ] GC(729)     Code Root Scan (ms):      Min:  0.0, Avg:  0.0, Max:  0.1, Diff:  0.1, Sum:  0.1, Workers: 8
[39.390s][debug][gc,phases         ] GC(729)     Object Copy (ms):         Min:  0.0, Avg:  0.0, Max:  0.0, Diff:  0.0, Sum:  0.0, Workers: 8
[39.390s][debug][gc,phases         ] GC(729)     Termination (ms):         Min:  0.0, Avg:  0.1, Max:  0.1, Diff:  0.1, Sum:  0.5, Workers: 8
[39.390s][debug][gc,phases         ] GC(729)       Termination Attempts:     Min: 1, Avg:  1.2, Max: 2, Diff: 1, Sum: 10, Workers: 8
[39.390s][debug][gc,phases         ] GC(729)     GC Worker Other (ms):     Min:  0.0, Avg:  0.0, Max:  0.1, Diff:  0.0, Sum:  0.3, Workers: 8
[39.390s][debug][gc,phases         ] GC(729)     GC Worker Total (ms):     Min:  0.3, Avg:  0.3, Max:  0.3, Diff:  0.1, Sum:  2.4, Workers: 8
[39.390s][info ][gc,phases         ] GC(729)   Post Evacuate Collection Set: 0.6ms
[39.390s][debug][gc,phases         ] GC(729)     Code Roots Fixup: 0.0ms
[39.390s][debug][gc,phases         ] GC(729)     Clear Card Table: 0.2ms
[39.390s][debug][gc,phases         ] GC(729)     Reference Processing: 0.0ms
[39.390s][debug][gc,phases,ref     ] GC(729)       Reconsider SoftReferences: 0.0ms
[39.390s][debug][gc,phases,ref     ] GC(729)         SoftRef (ms):             skipped
[39.390s][debug][gc,phases,ref     ] GC(729)       Notify Soft/WeakReferences: 0.0ms
[39.390s][debug][gc,phases,ref     ] GC(729)         SoftRef (ms):             skipped
[39.390s][debug][gc,phases,ref     ] GC(729)         WeakRef (ms):             skipped
[39.390s][debug][gc,phases,ref     ] GC(729)         FinalRef (ms):            skipped
[39.390s][debug][gc,phases,ref     ] GC(729)         Total (ms):               skipped
[39.390s][debug][gc,phases,ref     ] GC(729)       Notify and keep alive finalizable: 0.0ms
[39.390s][debug][gc,phases,ref     ] GC(729)         FinalRef (ms):            skipped
[39.390s][debug][gc,phases,ref     ] GC(729)       Notify PhantomReferences: 0.0ms
[39.390s][debug][gc,phases,ref     ] GC(729)         PhantomRef (ms):          skipped
[39.390s][debug][gc,phases,ref     ] GC(729)       SoftReference:
[39.390s][debug][gc,phases,ref     ] GC(729)         Discovered: 0
[39.390s][debug][gc,phases,ref     ] GC(729)         Cleared: 0
[39.390s][debug][gc,phases,ref     ] GC(729)       WeakReference:
[39.390s][debug][gc,phases,ref     ] GC(729)         Discovered: 0
[39.390s][debug][gc,phases,ref     ] GC(729)         Cleared: 0
[39.390s][debug][gc,phases,ref     ] GC(729)       FinalReference:
[39.390s][debug][gc,phases,ref     ] GC(729)         Discovered: 0
[39.390s][debug][gc,phases,ref     ] GC(729)         Cleared: 0
[39.390s][debug][gc,phases,ref     ] GC(729)       PhantomReference:
[39.390s][debug][gc,phases,ref     ] GC(729)         Discovered: 0
[39.390s][debug][gc,phases,ref     ] GC(729)         Cleared: 0
[39.390s][debug][gc,phases         ] GC(729)     Weak Processing: 0.1ms
[39.390s][debug][gc,phases         ] GC(729)       JVMTI weak processing: 0.0ms
[39.390s][debug][gc,phases         ] GC(729)         Dead: 0
[39.390s][debug][gc,phases         ] GC(729)         Total: 0
[39.390s][debug][gc,phases         ] GC(729)       JFR weak processing: 0.0ms
[39.390s][debug][gc,phases         ] GC(729)         Dead: 0
[39.390s][debug][gc,phases         ] GC(729)         Total: 0
[39.390s][debug][gc,phases         ] GC(729)       JNI weak                  Min:  0.0, Avg:  0.0, Max:  0.0, Diff:  0.0, Sum:  0.0, Workers: 5
[39.390s][debug][gc,phases         ] GC(729)         Dead                      Min: 0, Avg:  0.0, Max: 0, Diff: 0, Sum: 0, Workers: 5
[39.390s][debug][gc,phases         ] GC(729)         Total                     Min: 0, Avg: 13.4, Max: 67, Diff: 67, Sum: 67, Workers: 5
[39.390s][debug][gc,phases         ] GC(729)       VM weak                   Min:  0.0, Avg:  0.0, Max:  0.0, Diff:  0.0, Sum:  0.0, Workers: 5
[39.390s][debug][gc,phases         ] GC(729)         Dead                      Min: 0, Avg:  0.0, Max: 0, Diff: 0, Sum: 0, Workers: 5
[39.390s][debug][gc,phases         ] GC(729)         Total                     Min: 0, Avg: 45.2, Max: 226, Diff: 226, Sum: 226, Workers: 5
[39.390s][debug][gc,phases         ] GC(729)       StringTable weak          Min:  0.0, Avg:  0.0, Max:  0.0, Diff:  0.0, Sum:  0.0, Workers: 5
[39.390s][debug][gc,phases         ] GC(729)         Dead                      Min: 0, Avg:  0.0, Max: 0, Diff: 0, Sum: 0, Workers: 5
[39.390s][debug][gc,phases         ] GC(729)         Total                     Min: 128, Avg: 682.8, Max: 2751, Diff: 2623, Sum: 3414, Workers: 5
[39.390s][debug][gc,phases         ] GC(729)       ResolvedMethodTable weak  Min:  0.0, Avg:  0.0, Max:  0.0, Diff:  0.0, Sum:  0.0, Workers: 5
[39.390s][debug][gc,phases         ] GC(729)         Dead                      Min: 0, Avg:  0.0, Max: 0, Diff: 0, Sum: 0, Workers: 5
[39.390s][debug][gc,phases         ] GC(729)         Total                     Min: 64, Avg: 120.2, Max: 192, Diff: 128, Sum: 601, Workers: 5
[39.390s][debug][gc,phases         ] GC(729)     Merge Per-Thread State: 0.0ms
[39.390s][debug][gc,phases         ] GC(729)       Copied Bytes              Min: 448, Avg: 350319.0, Max: 800168, Diff: 799720, Sum: 2802552, Workers: 8
[39.390s][debug][gc,phases         ] GC(729)       LAB Waste                 Min: 0, Avg:  0.0, Max: 0, Diff: 0, Sum: 0, Workers: 8
[39.390s][debug][gc,phases         ] GC(729)       LAB Undo Waste            Min: 0, Avg:  0.0, Max: 0, Diff: 0, Sum: 0, Workers: 8
[39.390s][debug][gc,phases         ] GC(729)     Code Roots Purge: 0.0ms
[39.390s][debug][gc,phases         ] GC(729)     Redirty Cards: 0.0ms
[39.390s][debug][gc,phases         ] GC(729)     DerivedPointerTable Update: 0.0ms
[39.390s][debug][gc,phases         ] GC(729)     Free Collection Set: 0.2ms
[39.390s][debug][gc,phases         ] GC(729)     Rebuild Free List: 0.1ms
[39.390s][debug][gc,phases         ] GC(729)     Humongous Reclaim: 0.0ms
[39.390s][debug][gc,phases         ] GC(729)     Start New Collection Set: 0.0ms
[39.390s][debug][gc,phases         ] GC(729)     Resize TLABs: 0.0ms
[39.390s][debug][gc,phases         ] GC(729)     Expand Heap After Collection: 0.0ms
[39.390s][info ][gc,phases         ] GC(729)   Other: 0.3ms
[39.390s][info ][gc,heap           ] GC(729) Eden regions: 866->0(866)
[39.390s][info ][gc,heap           ] GC(729) Survivor regions: 4->4(109)
[39.390s][info ][gc,heap           ] GC(729) Old regions: 17->17
[39.390s][info ][gc,heap           ] GC(729) Archive regions: 2->2
[39.390s][info ][gc,heap           ] GC(729) Humongous regions: 0->0
[39.390s][info ][gc,metaspace      ] GC(729) Metaspace: 10130K(10624K)->10130K(10624K) NonClass: 8932K(9216K)->8932K(9216K) Class: 1198K(1408K)->1198K(1408K)
[39.390s][debug][gc,heap           ] GC(729) Heap after GC invocations=730 (full 1): garbage-first heap   total 1484800K, used 21208K [0x0000000700000000, 0x0000000800000000)
[39.390s][debug][gc,heap           ] GC(729)   region size 1024K, 4 young (4096K), 4 survivors (4096K)
[39.390s][debug][gc,heap           ] GC(729)  Metaspace       used 10130K, capacity 10468K, committed 10624K, reserved 1058816K
[39.390s][debug][gc,heap           ] GC(729)   class space    used 1198K, capacity 1344K, committed 1408K, reserved 1048576K
[39.390s][info ][gc                ] GC(729) Pause Young (Normal) (G1 Evacuation Pause) 886M->20M(1450M) 2.105ms
[39.390s][info ][gc,cpu            ] GC(729) User=0.00s Sys=0.00s Real=0.00s
[39.390s][info ][safepoint         ] Safepoint "G1CollectForAllocation", Time since last: 42996910 ns, Reaching safepoint: 170380 ns, At safepoint: 2288729 ns, Total: 2459109 ns
[39.433s][debug][gc,heap           ] GC(730) Heap before GC invocations=730 (full 1): garbage-first heap   total 1484800K, used 906968K [0x0000000700000000, 0x0000000800000000)
[39.433s][debug][gc,heap           ] GC(730)   region size 1024K, 870 young (890880K), 4 survivors (4096K)
[39.433s][debug][gc,heap           ] GC(730)  Metaspace       used 10130K, capacity 10468K, committed 10624K, reserved 1058816K
[39.433s][debug][gc,heap           ] GC(730)   class space    used 1198K, capacity 1344K, committed 1408K, reserved 1048576K
[39.433s][info ][gc,start          ] GC(730) Pause Young (Normal) (G1 Evacuation Pause)
[39.433s][info ][gc,task           ] GC(730) Using 8 workers of 8 for evacuation
[39.433s][debug][gc,tlab           ] GC(730) TLAB totals: thrds: 8  refills: 15 max: 2 slow allocs: 1723 max 232 waste: 19.6% gc: 1044096B max: 216096B slow: 97304B max: 14304B fast: 0B max: 0B
[39.433s][debug][gc,age            ] GC(730) Desired survivor size 57147392 bytes, new threshold 15 (max threshold 15)
[39.433s][debug][gc,alloc,region   ] GC(730) Mutator Allocation stats, regions: 866, wasted size: 202M (23.4%)
[39.433s][debug][gc,ergo           ] GC(730) Running G1 Merge Heap Roots using 8 workers for 870 regions
[39.433s][debug][gc,remset         ] GC(730) Visited cards 512 Total dirty 4096 (12.50%) Total old 3602432 (0.01%)
[39.433s][debug][gc,ergo           ] GC(730) Running G1 Clear Card Table Task using 2 workers for 2 units of work for 872 regions.
[39.434s][debug][gc,ref            ] GC(730) Skipped phase1 of Reference Processing due to unavailable references
[39.434s][debug][gc,ref            ] GC(730) Skipped phase2 of Reference Processing due to unavailable references
[39.434s][debug][gc,ref            ] GC(730) Skipped phase3 of Reference Processing due to unavailable references
[39.434s][debug][gc,ref            ] GC(730) Skipped phase4 of Reference Processing due to unavailable references
[39.434s][debug][gc,ergo           ] GC(730) Running G1 Free Collection Set using 8 workers for collection set length 870 (1450)
[39.434s][debug][gc,ergo           ] GC(730) Running G1 Rebuild Free List Task using 8 workers for rebuilding free list of 0 (4096) regions
[39.434s][trace][gc,age            ] GC(730) Age table with threshold 15 (max threshold 15)
[39.434s][trace][gc,age            ] GC(730) - age   1:    2802712 bytes,    2802712 total
[39.434s][debug][gc,plab           ] GC(730) Young PLAB allocation: allocated: 16512B, wasted: 0B, unused: 13904B, used: 2608B, undo waste: 0B, 
[39.434s][debug][gc,plab           ] GC(730) Young other allocation: region end waste: 731184B, regions filled: 4, direct allocated: 2800104B, failure used: 0B, failure wasted: 0B
[39.434s][debug][gc,plab           ] GC(730) Young sizing: calculated: 0B, actual: 2064B
[39.434s][debug][gc,plab           ] GC(730) Old PLAB allocation: allocated: 0B, wasted: 0B, unused: 0B, used: 0B, undo waste: 0B, 
[39.434s][debug][gc,plab           ] GC(730) Old other allocation: region end waste: 0B, regions filled: 1, direct allocated: 0B, failure used: 0B, failure wasted: 0B
[39.434s][debug][gc,plab           ] GC(730) Old sizing: calculated: 0B, actual: 2064B
[39.434s][debug][gc,ihop           ] GC(730) Basic information (value update), threshold: 684195840B (45.00), target occupancy: 1520435200B, current occupancy: 21719704B, recent allocation size: 0B, recent allocation duration: 43.39ms, recent old gen allocation rate: 0.00B/s, recent marking phase length: 29.21ms
[39.434s][debug][gc,ihop           ] GC(730) Adaptive IHOP information (value update), threshold: 684195840B (47.37), internal target occupancy: 1444413440B, occupancy: 21719704B, additional buffer size: 912261120B, predicted old gen allocation rate: 0.19B/s, predicted marking phase length: 58.41ms, prediction active: false
[39.434s][debug][gc,ergo,refine    ] GC(730) Concurrent refinement times: Logged Cards Scan time goal: 20.00ms Logged Cards Scan time: 0.00ms HCC time: 0.00ms
[39.434s][debug][gc,ergo,refine    ] GC(730) Updated Refinement Zones: green: 2048, yellow: 6144, red: 10240
[39.434s][info ][gc,phases         ] GC(730)   Pre Evacuate Collection Set: 0.1ms
[39.434s][debug][gc,phases         ] GC(730)     Prepare TLABs: 0.0ms
[39.434s][debug][gc,phases         ] GC(730)     Choose Collection Set: 0.0ms
[39.434s][debug][gc,phases         ] GC(730)     Region Register: 0.1ms
[39.434s][debug][gc,phases         ] GC(730)     Prepare Heap Roots: 0.0ms
[39.434s][info ][gc,phases         ] GC(730)   Merge Heap Roots: 0.1ms
[39.434s][debug][gc,phases         ] GC(730)     Prepare Merge Heap Roots: 0.0ms
[39.434s][debug][gc,phases         ] GC(730)     Eager Reclaim (ms):       skipped
[39.434s][debug][gc,phases         ] GC(730)     Remembered Sets (ms):     Min:  0.0, Avg:  0.0, Max:  0.1, Diff:  0.0, Sum:  0.3, Workers: 8
[39.434s][debug][gc,phases         ] GC(730)       Merged Sparse:            Min: 0, Avg:  0.0, Max: 0, Diff: 0, Sum: 0, Workers: 8
[39.434s][debug][gc,phases         ] GC(730)       Merged Fine:              Min: 0, Avg:  0.0, Max: 0, Diff: 0, Sum: 0, Workers: 8
[39.434s][debug][gc,phases         ] GC(730)       Merged Coarse:            Min: 0, Avg:  0.0, Max: 0, Diff: 0, Sum: 0, Workers: 8
[39.434s][debug][gc,phases         ] GC(730)       Dirty Cards:              Min: 0, Avg:  0.0, Max: 0, Diff: 0, Sum: 0, Workers: 8
[39.434s][debug][gc,phases         ] GC(730)     Hot Card Cache (ms):      Min:  0.0, Avg:  0.0, Max:  0.0, Diff:  0.0, Sum:  0.0, Workers: 8
[39.434s][debug][gc,phases         ] GC(730)       Dirty Cards:              Min: 0, Avg:  0.0, Max: 0, Diff: 0, Sum: 0, Workers: 8
[39.434s][debug][gc,phases         ] GC(730)       Skipped Cards:            Min: 0, Avg:  0.0, Max: 0, Diff: 0, Sum: 0, Workers: 8
[39.434s][debug][gc,phases         ] GC(730)     Log Buffers (ms):         Min:  0.0, Avg:  0.0, Max:  0.0, Diff:  0.0, Sum:  0.0, Workers: 8
[39.434s][debug][gc,phases         ] GC(730)       Dirty Cards:              Min: 0, Avg:  0.2, Max: 2, Diff: 2, Sum: 2, Workers: 8
[39.434s][debug][gc,phases         ] GC(730)       Skipped Cards:            Min: 0, Avg:  0.0, Max: 0, Diff: 0, Sum: 0, Workers: 8
[39.434s][info ][gc,phases         ] GC(730)   Evacuate Collection Set: 0.3ms
[39.434s][debug][gc,phases         ] GC(730)     Ext Root Scanning (ms):   Min:  0.1, Avg:  0.2, Max:  0.3, Diff:  0.2, Sum:  1.5, Workers: 8
[39.434s][debug][gc,phases         ] GC(730)     Scan Heap Roots (ms):     Min:  0.0, Avg:  0.0, Max:  0.0, Diff:  0.0, Sum:  0.0, Workers: 8
[39.434s][debug][gc,phases         ] GC(730)       Scanned Cards:            Min: 0, Avg:  0.2, Max: 2, Diff: 2, Sum: 2, Workers: 8
[39.434s][debug][gc,phases         ] GC(730)       Scanned Blocks:           Min: 0, Avg:  0.2, Max: 2, Diff: 2, Sum: 2, Workers: 8
[39.434s][debug][gc,phases         ] GC(730)       Claimed Chunks:           Min: 0, Avg:  0.2, Max: 2, Diff: 2, Sum: 2, Workers: 8
[39.434s][debug][gc,phases         ] GC(730)     Code Root Scan (ms):      Min:  0.0, Avg:  0.0, Max:  0.1, Diff:  0.1, Sum:  0.2, Workers: 8
[39.434s][debug][gc,phases         ] GC(730)     Object Copy (ms):         Min:  0.0, Avg:  0.0, Max:  0.0, Diff:  0.0, Sum:  0.0, Workers: 8
[39.434s][debug][gc,phases         ] GC(730)     Termination (ms):         Min:  0.0, Avg:  0.0, Max:  0.1, Diff:  0.0, Sum:  0.4, Workers: 8
[39.434s][debug][gc,phases         ] GC(730)       Termination Attempts:     Min: 1, Avg:  1.0, Max: 1, Diff: 0, Sum: 8, Workers: 8
[39.434s][debug][gc,phases         ] GC(730)     GC Worker Other (ms):     Min:  0.0, Avg:  0.0, Max:  0.1, Diff:  0.1, Sum:  0.3, Workers: 8
[39.434s][debug][gc,phases         ] GC(730)     GC Worker Total (ms):     Min:  0.3, Avg:  0.3, Max:  0.3, Diff:  0.0, Sum:  2.4, Workers: 8
[39.434s][info ][gc,phases         ] GC(730)   Post Evacuate Collection Set: 0.6ms
[39.434s][debug][gc,phases         ] GC(730)     Code Roots Fixup: 0.0ms
[39.434s][debug][gc,phases         ] GC(730)     Clear Card Table: 0.2ms
[39.434s][debug][gc,phases         ] GC(730)     Reference Processing: 0.1ms
[39.434s][debug][gc,phases,ref     ] GC(730)       Reconsider SoftReferences: 0.0ms
[39.434s][debug][gc,phases,ref     ] GC(730)         SoftRef (ms):             skipped
[39.434s][debug][gc,phases,ref     ] GC(730)       Notify Soft/WeakReferences: 0.0ms
[39.434s][debug][gc,phases,ref     ] GC(730)         SoftRef (ms):             skipped
[39.434s][debug][gc,phases,ref     ] GC(730)         WeakRef (ms):             skipped
[39.434s][debug][gc,phases,ref     ] GC(730)         FinalRef (ms):            skipped
[39.434s][debug][gc,phases,ref     ] GC(730)         Total (ms):               skipped
[39.434s][debug][gc,phases,ref     ] GC(730)       Notify and keep alive finalizable: 0.0ms
[39.434s][debug][gc,phases,ref     ] GC(730)         FinalRef (ms):            skipped
[39.434s][debug][gc,phases,ref     ] GC(730)       Notify PhantomReferences: 0.0ms
[39.434s][debug][gc,phases,ref     ] GC(730)         PhantomRef (ms):          skipped
[39.434s][debug][gc,phases,ref     ] GC(730)       SoftReference:
[39.434s][debug][gc,phases,ref     ] GC(730)         Discovered: 0
[39.434s][debug][gc,phases,ref     ] GC(730)         Cleared: 0
[39.434s][debug][gc,phases,ref     ] GC(730)       WeakReference:
[39.434s][debug][gc,phases,ref     ] GC(730)         Discovered: 0
[39.434s][debug][gc,phases,ref     ] GC(730)         Cleared: 0
[39.434s][debug][gc,phases,ref     ] GC(730)       FinalReference:
[39.434s][debug][gc,phases,ref     ] GC(730)         Discovered: 0
[39.434s][debug][gc,phases,ref     ] GC(730)         Cleared: 0
[39.434s][debug][gc,phases,ref     ] GC(730)       PhantomReference:
[39.434s][debug][gc,phases,ref     ] GC(730)         Discovered: 0
[39.434s][debug][gc,phases,ref     ] GC(730)         Cleared: 0
[39.435s][debug][gc,phases         ] GC(730)     Weak Processing: 0.0ms
[39.435s][debug][gc,phases         ] GC(730)       JVMTI weak processing: 0.0ms
[39.435s][debug][gc,phases         ] GC(730)         Dead: 0
[39.435s][debug][gc,phases         ] GC(730)         Total: 0
[39.435s][debug][gc,phases         ] GC(730)       JFR weak processing: 0.0ms
[39.435s][debug][gc,phases         ] GC(730)         Dead: 0
[39.435s][debug][gc,phases         ] GC(730)         Total: 0
[39.435s][debug][gc,phases         ] GC(730)       JNI weak                  Min:  0.0, Avg:  0.0, Max:  0.0, Diff:  0.0, Sum:  0.0, Workers: 5
[39.435s][debug][gc,phases         ] GC(730)         Dead                      Min: 0, Avg:  0.0, Max: 0, Diff: 0, Sum: 0, Workers: 5
[39.435s][debug][gc,phases         ] GC(730)         Total                     Min: 0, Avg: 13.4, Max: 64, Diff: 64, Sum: 67, Workers: 5
[39.435s][debug][gc,phases         ] GC(730)       VM weak                   Min:  0.0, Avg:  0.0, Max:  0.0, Diff:  0.0, Sum:  0.0, Workers: 5
[39.435s][debug][gc,phases         ] GC(730)         Dead                      Min: 0, Avg:  0.0, Max: 0, Diff: 0, Sum: 0, Workers: 5
[39.435s][debug][gc,phases         ] GC(730)         Total                     Min: 0, Avg: 45.2, Max: 98, Diff: 98, Sum: 226, Workers: 5
[39.435s][debug][gc,phases         ] GC(730)       StringTable weak          Min:  0.0, Avg:  0.0, Max:  0.0, Diff:  0.0, Sum:  0.1, Workers: 5
[39.435s][debug][gc,phases         ] GC(730)         Dead                      Min: 0, Avg:  0.0, Max: 0, Diff: 0, Sum: 0, Workers: 5
[39.435s][debug][gc,phases         ] GC(730)         Total                     Min: 0, Avg: 682.8, Max: 1152, Diff: 1152, Sum: 3414, Workers: 5
[39.435s][debug][gc,phases         ] GC(730)       ResolvedMethodTable weak  Min:  0.0, Avg:  0.0, Max:  0.0, Diff:  0.0, Sum:  0.0, Workers: 5
[39.435s][debug][gc,phases         ] GC(730)         Dead                      Min: 0, Avg:  0.0, Max: 0, Diff: 0, Sum: 0, Workers: 5
[39.435s][debug][gc,phases         ] GC(730)         Total                     Min: 0, Avg: 120.2, Max: 217, Diff: 217, Sum: 601, Workers: 5
[39.435s][debug][gc,phases         ] GC(730)     Merge Per-Thread State: 0.0ms
[39.435s][debug][gc,phases         ] GC(730)       Copied Bytes              Min: 424, Avg: 350339.0, Max: 800096, Diff: 799672, Sum: 2802712, Workers: 8
[39.435s][debug][gc,phases         ] GC(730)       LAB Waste                 Min: 0, Avg:  0.0, Max: 0, Diff: 0, Sum: 0, Workers: 8
[39.435s][debug][gc,phases         ] GC(730)       LAB Undo Waste            Min: 0, Avg:  0.0, Max: 0, Diff: 0, Sum: 0, Workers: 8
[39.435s][debug][gc,phases         ] GC(730)     Code Roots Purge: 0.0ms
[39.435s][debug][gc,phases         ] GC(730)     Redirty Cards: 0.0ms
[39.435s][debug][gc,phases         ] GC(730)     DerivedPointerTable Update: 0.0ms
[39.435s][debug][gc,phases         ] GC(730)     Free Collection Set: 0.2ms
[39.435s][debug][gc,phases         ] GC(730)     Rebuild Free List: 0.1ms
[39.435s][debug][gc,phases         ] GC(730)     Humongous Reclaim: 0.0ms
[39.435s][debug][gc,phases         ] GC(730)     Start New Collection Set: 0.0ms
[39.435s][debug][gc,phases         ] GC(730)     Resize TLABs: 0.0ms
[39.435s][debug][gc,phases         ] GC(730)     Expand Heap After Collection: 0.0ms
[39.435s][info ][gc,phases         ] GC(730)   Other: 0.3ms
[39.435s][info ][gc,heap           ] GC(730) Eden regions: 866->0(866)
[39.435s][info ][gc,heap           ] GC(730) Survivor regions: 4->4(109)
[39.435s][info ][gc,heap           ] GC(730) Old regions: 17->17
[39.435s][info ][gc,heap           ] GC(730) Archive regions: 2->2
[39.435s][info ][gc,heap           ] GC(730) Humongous regions: 0->0
[39.435s][info ][gc,metaspace      ] GC(730) Metaspace: 10130K(10624K)->10130K(10624K) NonClass: 8932K(9216K)->8932K(9216K) Class: 1198K(1408K)->1198K(1408K)
[39.435s][debug][gc,heap           ] GC(730) Heap after GC invocations=731 (full 1): garbage-first heap   total 1484800K, used 21210K [0x0000000700000000, 0x0000000800000000)
[39.435s][debug][gc,heap           ] GC(730)   region size 1024K, 4 young (4096K), 4 survivors (4096K)
[39.435s][debug][gc,heap           ] GC(730)  Metaspace       used 10130K, capacity 10468K, committed 10624K, reserved 1058816K
[39.435s][debug][gc,heap           ] GC(730)   class space    used 1198K, capacity 1344K, committed 1408K, reserved 1048576K
[39.435s][info ][gc                ] GC(730) Pause Young (Normal) (G1 Evacuation Pause) 886M->20M(1450M) 2.115ms
[39.435s][info ][gc,cpu            ] GC(730) User=0.00s Sys=0.00s Real=0.00s
[39.435s][info ][safepoint         ] Safepoint "G1CollectForAllocation", Time since last: 42270302 ns, Reaching safepoint: 162105 ns, At safepoint: 2298935 ns, Total: 2461040 ns
[39.478s][debug][gc,heap           ] GC(731) Heap before GC invocations=731 (full 1): garbage-first heap   total 1484800K, used 906970K [0x0000000700000000, 0x0000000800000000)
[39.478s][debug][gc,heap           ] GC(731)   region size 1024K, 870 young (890880K), 4 survivors (4096K)
[39.478s][debug][gc,heap           ] GC(731)  Metaspace       used 10130K, capacity 10468K, committed 10624K, reserved 1058816K
[39.478s][debug][gc,heap           ] GC(731)   class space    used 1198K, capacity 1344K, committed 1408K, reserved 1048576K
[39.478s][info ][gc,start          ] GC(731) Pause Young (Normal) (G1 Evacuation Pause)
[39.478s][info ][gc,task           ] GC(731) Using 8 workers of 8 for evacuation
[39.478s][debug][gc,tlab           ] GC(731) TLAB totals: thrds: 8  refills: 14 max: 3 slow allocs: 1723 max 234 waste: 29.1% gc: 1198336B max: 226192B slow: 70440B max: 15096B fast: 0B max: 0B
[39.478s][debug][gc,age            ] GC(731) Desired survivor size 57147392 bytes, new threshold 15 (max threshold 15)
[39.478s][debug][gc,alloc,region   ] GC(731) Mutator Allocation stats, regions: 866, wasted size: 202M (23.4%)
[39.478s][debug][gc,ergo           ] GC(731) Running G1 Merge Heap Roots using 8 workers for 870 regions
[39.478s][debug][gc,remset         ] GC(731) Visited cards 256 Total dirty 2048 (12.50%) Total old 3602432 (0.01%)
[39.479s][debug][gc,ergo           ] GC(731) Running G1 Clear Card Table Task using 2 workers for 2 units of work for 871 regions.
[39.479s][debug][gc,ref            ] GC(731) Skipped phase1 of Reference Processing due to unavailable references
[39.479s][debug][gc,ref            ] GC(731) Skipped phase2 of Reference Processing due to unavailable references
[39.479s][debug][gc,ref            ] GC(731) Skipped phase3 of Reference Processing due to unavailable references
[39.479s][debug][gc,ref            ] GC(731) Skipped phase4 of Reference Processing due to unavailable references
[39.479s][debug][gc,ergo           ] GC(731) Running G1 Free Collection Set using 8 workers for collection set length 870 (1450)
[39.479s][debug][gc,ergo           ] GC(731) Running G1 Rebuild Free List Task using 8 workers for rebuilding free list of 0 (4096) regions
[39.479s][trace][gc,age            ] GC(731) Age table with threshold 15 (max threshold 15)
[39.479s][trace][gc,age            ] GC(731) - age   1:    2002528 bytes,    2002528 total
[39.479s][debug][gc,plab           ] GC(731) Young PLAB allocation: allocated: 16512B, wasted: 0B, unused: 14064B, used: 2448B, undo waste: 0B, 
[39.479s][debug][gc,plab           ] GC(731) Young other allocation: region end waste: 484704B, regions filled: 3, direct allocated: 2000080B, failure used: 0B, failure wasted: 0B
[39.479s][debug][gc,plab           ] GC(731) Young sizing: calculated: 0B, actual: 2064B
[39.479s][debug][gc,plab           ] GC(731) Old PLAB allocation: allocated: 0B, wasted: 0B, unused: 0B, used: 0B, undo waste: 0B, 
[39.479s][debug][gc,plab           ] GC(731) Old other allocation: region end waste: 0B, regions filled: 1, direct allocated: 0B, failure used: 0B, failure wasted: 0B
[39.479s][debug][gc,plab           ] GC(731) Old sizing: calculated: 0B, actual: 2064B
[39.479s][debug][gc,ihop           ] GC(731) Basic information (value update), threshold: 684195840B (45.00), target occupancy: 1520435200B, current occupancy: 20673200B, recent allocation size: 0B, recent allocation duration: 44.00ms, recent old gen allocation rate: 0.00B/s, recent marking phase length: 29.21ms
[39.479s][debug][gc,ihop           ] GC(731) Adaptive IHOP information (value update), threshold: 684195840B (47.37), internal target occupancy: 1444413440B, occupancy: 20673200B, additional buffer size: 912261120B, predicted old gen allocation rate: 0.18B/s, predicted marking phase length: 58.41ms, prediction active: false
[39.479s][debug][gc,ergo,refine    ] GC(731) Concurrent refinement times: Logged Cards Scan time goal: 20.00ms Logged Cards Scan time: 0.00ms HCC time: 0.00ms
[39.479s][debug][gc,ergo,refine    ] GC(731) Updated Refinement Zones: green: 2048, yellow: 6144, red: 10240
[39.479s][info ][gc,phases         ] GC(731)   Pre Evacuate Collection Set: 0.1ms
[39.479s][debug][gc,phases         ] GC(731)     Prepare TLABs: 0.0ms
[39.479s][debug][gc,phases         ] GC(731)     Choose Collection Set: 0.0ms
[39.479s][debug][gc,phases         ] GC(731)     Region Register: 0.1ms
[39.479s][debug][gc,phases         ] GC(731)     Prepare Heap Roots: 0.0ms
[39.479s][info ][gc,phases         ] GC(731)   Merge Heap Roots: 0.1ms
[39.479s][debug][gc,phases         ] GC(731)     Prepare Merge Heap Roots: 0.0ms
[39.479s][debug][gc,phases         ] GC(731)     Eager Reclaim (ms):       skipped
[39.479s][debug][gc,phases         ] GC(731)     Remembered Sets (ms):     Min:  0.0, Avg:  0.0, Max:  0.1, Diff:  0.0, Sum:  0.3, Workers: 8
[39.479s][debug][gc,phases         ] GC(731)       Merged Sparse:            Min: 0, Avg:  0.0, Max: 0, Diff: 0, Sum: 0, Workers: 8
[39.479s][debug][gc,phases         ] GC(731)       Merged Fine:              Min: 0, Avg:  0.0, Max: 0, Diff: 0, Sum: 0, Workers: 8
[39.479s][debug][gc,phases         ] GC(731)       Merged Coarse:            Min: 0, Avg:  0.0, Max: 0, Diff: 0, Sum: 0, Workers: 8
[39.479s][debug][gc,phases         ] GC(731)       Dirty Cards:              Min: 0, Avg:  0.0, Max: 0, Diff: 0, Sum: 0, Workers: 8
[39.479s][debug][gc,phases         ] GC(731)     Hot Card Cache (ms):      Min:  0.0, Avg:  0.0, Max:  0.0, Diff:  0.0, Sum:  0.0, Workers: 8
[39.479s][debug][gc,phases         ] GC(731)       Dirty Cards:              Min: 0, Avg:  0.0, Max: 0, Diff: 0, Sum: 0, Workers: 8
[39.479s][debug][gc,phases         ] GC(731)       Skipped Cards:            Min: 0, Avg:  0.0, Max: 0, Diff: 0, Sum: 0, Workers: 8
[39.479s][debug][gc,phases         ] GC(731)     Log Buffers (ms):         Min:  0.0, Avg:  0.0, Max:  0.0, Diff:  0.0, Sum:  0.0, Workers: 8
[39.479s][debug][gc,phases         ] GC(731)       Dirty Cards:              Min: 0, Avg:  0.1, Max: 1, Diff: 1, Sum: 1, Workers: 8
[39.479s][debug][gc,phases         ] GC(731)       Skipped Cards:            Min: 0, Avg:  0.0, Max: 0, Diff: 0, Sum: 0, Workers: 8
[39.479s][info ][gc,phases         ] GC(731)   Evacuate Collection Set: 0.3ms
[39.479s][debug][gc,phases         ] GC(731)     Ext Root Scanning (ms):   Min:  0.0, Avg:  0.1, Max:  0.2, Diff:  0.2, Sum:  1.0, Workers: 8
[39.479s][debug][gc,phases         ] GC(731)     Scan Heap Roots (ms):     Min:  0.0, Avg:  0.0, Max:  0.0, Diff:  0.0, Sum:  0.0, Workers: 8
[39.479s][debug][gc,phases         ] GC(731)       Scanned Cards:            Min: 0, Avg:  0.1, Max: 1, Diff: 1, Sum: 1, Workers: 8
[39.480s][debug][gc,phases         ] GC(731)       Scanned Blocks:           Min: 0, Avg:  0.1, Max: 1, Diff: 1, Sum: 1, Workers: 8
[39.480s][debug][gc,phases         ] GC(731)       Claimed Chunks:           Min: 0, Avg:  0.1, Max: 1, Diff: 1, Sum: 1, Workers: 8
[39.480s][debug][gc,phases         ] GC(731)     Code Root Scan (ms):      Min:  0.0, Avg:  0.0, Max:  0.1, Diff:  0.1, Sum:  0.2, Workers: 8
[39.480s][debug][gc,phases         ] GC(731)     Object Copy (ms):         Min:  0.0, Avg:  0.0, Max:  0.0, Diff:  0.0, Sum:  0.0, Workers: 8
[39.480s][debug][gc,phases         ] GC(731)     Termination (ms):         Min:  0.0, Avg:  0.1, Max:  0.1, Diff:  0.0, Sum:  0.5, Workers: 8
[39.480s][debug][gc,phases         ] GC(731)       Termination Attempts:     Min: 1, Avg:  1.1, Max: 2, Diff: 1, Sum: 9, Workers: 8
[39.480s][debug][gc,phases         ] GC(731)     GC Worker Other (ms):     Min:  0.0, Avg:  0.0, Max:  0.1, Diff:  0.0, Sum:  0.3, Workers: 8
[39.480s][debug][gc,phases         ] GC(731)     GC Worker Total (ms):     Min:  0.2, Avg:  0.2, Max:  0.3, Diff:  0.1, Sum:  1.9, Workers: 8
[39.480s][info ][gc,phases         ] GC(731)   Post Evacuate Collection Set: 0.5ms
[39.480s][debug][gc,phases         ] GC(731)     Code Roots Fixup: 0.0ms
[39.480s][debug][gc,phases         ] GC(731)     Clear Card Table: 0.2ms
[39.480s][debug][gc,phases         ] GC(731)     Reference Processing: 0.0ms
[39.480s][debug][gc,phases,ref     ] GC(731)       Reconsider SoftReferences: 0.0ms
[39.480s][debug][gc,phases,ref     ] GC(731)         SoftRef (ms):             skipped
[39.480s][debug][gc,phases,ref     ] GC(731)       Notify Soft/WeakReferences: 0.0ms
[39.480s][debug][gc,phases,ref     ] GC(731)         SoftRef (ms):             skipped
[39.480s][debug][gc,phases,ref     ] GC(731)         WeakRef (ms):             skipped
[39.480s][debug][gc,phases,ref     ] GC(731)         FinalRef (ms):            skipped
[39.480s][debug][gc,phases,ref     ] GC(731)         Total (ms):               skipped
[39.480s][debug][gc,phases,ref     ] GC(731)       Notify and keep alive finalizable: 0.0ms
[39.480s][debug][gc,phases,ref     ] GC(731)         FinalRef (ms):            skipped
[39.480s][debug][gc,phases,ref     ] GC(731)       Notify PhantomReferences: 0.0ms
[39.480s][debug][gc,phases,ref     ] GC(731)         PhantomRef (ms):          skipped
[39.480s][debug][gc,phases,ref     ] GC(731)       SoftReference:
[39.480s][debug][gc,phases,ref     ] GC(731)         Discovered: 0
[39.480s][debug][gc,phases,ref     ] GC(731)         Cleared: 0
[39.480s][debug][gc,phases,ref     ] GC(731)       WeakReference:
[39.480s][debug][gc,phases,ref     ] GC(731)         Discovered: 0
[39.480s][debug][gc,phases,ref     ] GC(731)         Cleared: 0
[39.480s][debug][gc,phases,ref     ] GC(731)       FinalReference:
[39.480s][debug][gc,phases,ref     ] GC(731)         Discovered: 0
[39.480s][debug][gc,phases,ref     ] GC(731)         Cleared: 0
[39.480s][debug][gc,phases,ref     ] GC(731)       PhantomReference:
[39.480s][debug][gc,phases,ref     ] GC(731)         Discovered: 0
[39.480s][debug][gc,phases,ref     ] GC(731)         Cleared: 0
[39.480s][debug][gc,phases         ] GC(731)     Weak Processing: 0.0ms
[39.480s][debug][gc,phases         ] GC(731)       JVMTI weak processing: 0.0ms
[39.480s][debug][gc,phases         ] GC(731)         Dead: 0
[39.480s][debug][gc,phases         ] GC(731)         Total: 0
[39.480s][debug][gc,phases         ] GC(731)       JFR weak processing: 0.0ms
[39.480s][debug][gc,phases         ] GC(731)         Dead: 0
[39.480s][debug][gc,phases         ] GC(731)         Total: 0
[39.480s][debug][gc,phases         ] GC(731)       JNI weak                  Min:  0.0, Avg:  0.0, Max:  0.0, Diff:  0.0, Sum:  0.0, Workers: 5
[39.480s][debug][gc,phases         ] GC(731)         Dead                      Min: 0, Avg:  0.0, Max: 0, Diff: 0, Sum: 0, Workers: 5
[39.480s][debug][gc,phases         ] GC(731)         Total                     Min: 0, Avg: 13.4, Max: 64, Diff: 64, Sum: 67, Workers: 5
[39.480s][debug][gc,phases         ] GC(731)       VM weak                   Min:  0.0, Avg:  0.0, Max:  0.0, Diff:  0.0, Sum:  0.0, Workers: 5
[39.480s][debug][gc,phases         ] GC(731)         Dead                      Min: 0, Avg:  0.0, Max: 0, Diff: 0, Sum: 0, Workers: 5
[39.480s][debug][gc,phases         ] GC(731)         Total                     Min: 0, Avg: 45.2, Max: 64, Diff: 64, Sum: 226, Workers: 5
[39.480s][debug][gc,phases         ] GC(731)       StringTable weak          Min:  0.0, Avg:  0.0, Max:  0.0, Diff:  0.0, Sum:  0.1, Workers: 5
[39.480s][debug][gc,phases         ] GC(731)         Dead                      Min: 0, Avg:  0.0, Max: 0, Diff: 0, Sum: 0, Workers: 5
[39.480s][debug][gc,phases         ] GC(731)         Total                     Min: 0, Avg: 682.8, Max: 896, Diff: 896, Sum: 3414, Workers: 5
[39.480s][debug][gc,phases         ] GC(731)       ResolvedMethodTable weak  Min:  0.0, Avg:  0.0, Max:  0.0, Diff:  0.0, Sum:  0.0, Workers: 5
[39.480s][debug][gc,phases         ] GC(731)         Dead                      Min: 0, Avg:  0.0, Max: 0, Diff: 0, Sum: 0, Workers: 5
[39.480s][debug][gc,phases         ] GC(731)         Total                     Min: 0, Avg: 120.2, Max: 192, Diff: 192, Sum: 601, Workers: 5
[39.480s][debug][gc,phases         ] GC(731)     Merge Per-Thread State: 0.0ms
[39.480s][debug][gc,phases         ] GC(731)       Copied Bytes              Min: 72, Avg: 250316.0, Max: 400608, Diff: 400536, Sum: 2002528, Workers: 8
[39.480s][debug][gc,phases         ] GC(731)       LAB Waste                 Min: 0, Avg:  0.0, Max: 0, Diff: 0, Sum: 0, Workers: 8
[39.480s][debug][gc,phases         ] GC(731)       LAB Undo Waste            Min: 0, Avg:  0.0, Max: 0, Diff: 0, Sum: 0, Workers: 8
[39.480s][debug][gc,phases         ] GC(731)     Code Roots Purge: 0.0ms
[39.480s][debug][gc,phases         ] GC(731)     Redirty Cards: 0.0ms
[39.480s][debug][gc,phases         ] GC(731)     DerivedPointerTable Update: 0.0ms
[39.480s][debug][gc,phases         ] GC(731)     Free Collection Set: 0.2ms
[39.480s][debug][gc,phases         ] GC(731)     Rebuild Free List: 0.1ms
[39.480s][debug][gc,phases         ] GC(731)     Humongous Reclaim: 0.0ms
[39.480s][debug][gc,phases         ] GC(731)     Start New Collection Set: 0.0ms
[39.480s][debug][gc,phases         ] GC(731)     Resize TLABs: 0.0ms
[39.480s][debug][gc,phases         ] GC(731)     Expand Heap After Collection: 0.0ms
[39.480s][info ][gc,phases         ] GC(731)   Other: 0.3ms
[39.480s][info ][gc,heap           ] GC(731) Eden regions: 866->0(867)
[39.480s][info ][gc,heap           ] GC(731) Survivor regions: 4->3(109)
[39.480s][info ][gc,heap           ] GC(731) Old regions: 17->17
[39.480s][info ][gc,heap           ] GC(731) Archive regions: 2->2
[39.480s][info ][gc,heap           ] GC(731) Humongous regions: 0->0
[39.480s][info ][gc,metaspace      ] GC(731) Metaspace: 10130K(10624K)->10130K(10624K) NonClass: 8932K(9216K)->8932K(9216K) Class: 1198K(1408K)->1198K(1408K)
[39.480s][debug][gc,heap           ] GC(731) Heap after GC invocations=732 (full 1): garbage-first heap   total 1484800K, used 20188K [0x0000000700000000, 0x0000000800000000)
[39.480s][debug][gc,heap           ] GC(731)   region size 1024K, 3 young (3072K), 3 survivors (3072K)
[39.480s][debug][gc,heap           ] GC(731)  Metaspace       used 10130K, capacity 10468K, committed 10624K, reserved 1058816K
[39.480s][debug][gc,heap           ] GC(731)   class space    used 1198K, capacity 1344K, committed 1408K, reserved 1048576K
[39.480s][info ][gc                ] GC(731) Pause Young (Normal) (G1 Evacuation Pause) 886M->19M(1450M) 1.980ms
[39.480s][info ][gc,cpu            ] GC(731) User=0.00s Sys=0.00s Real=0.00s
[39.480s][info ][safepoint         ] Safepoint "G1CollectForAllocation", Time since last: 42951967 ns, Reaching safepoint: 136807 ns, At safepoint: 2137615 ns, Total: 2274422 ns
[39.526s][debug][gc,heap           ] GC(732) Heap before GC invocations=732 (full 1): garbage-first heap   total 1484800K, used 906972K [0x0000000700000000, 0x0000000800000000)
[39.526s][debug][gc,heap           ] GC(732)   region size 1024K, 870 young (890880K), 3 survivors (3072K)
[39.526s][debug][gc,heap           ] GC(732)  Metaspace       used 10130K, capacity 10468K, committed 10624K, reserved 1058816K
[39.526s][debug][gc,heap           ] GC(732)   class space    used 1198K, capacity 1344K, committed 1408K, reserved 1048576K
[39.526s][info ][gc,start          ] GC(732) Pause Young (Normal) (G1 Evacuation Pause)
[39.526s][info ][gc,task           ] GC(732) Using 8 workers of 8 for evacuation
[39.526s][debug][gc,tlab           ] GC(732) TLAB totals: thrds: 8  refills: 14 max: 2 slow allocs: 1725 max 247 waste: 22.7% gc: 1057248B max: 226192B slow: 83864B max: 14304B fast: 0B max: 0B
[39.526s][debug][gc,age            ] GC(732) Desired survivor size 57147392 bytes, new threshold 15 (max threshold 15)
[39.526s][debug][gc,alloc,region   ] GC(732) Mutator Allocation stats, regions: 867, wasted size: 203M (23.4%)
[39.527s][debug][gc,ergo           ] GC(732) Running G1 Merge Heap Roots using 8 workers for 870 regions
[39.527s][debug][gc,remset         ] GC(732) Visited cards 512 Total dirty 4096 (12.50%) Total old 3602432 (0.01%)
[39.527s][debug][gc,ergo           ] GC(732) Running G1 Clear Card Table Task using 2 workers for 2 units of work for 872 regions.
[39.527s][debug][gc,ref            ] GC(732) Skipped phase1 of Reference Processing due to unavailable references
[39.527s][debug][gc,ref            ] GC(732) Skipped phase2 of Reference Processing due to unavailable references
[39.527s][debug][gc,ref            ] GC(732) Skipped phase3 of Reference Processing due to unavailable references
[39.527s][debug][gc,ref            ] GC(732) Skipped phase4 of Reference Processing due to unavailable references
[39.527s][debug][gc,ergo           ] GC(732) Running G1 Free Collection Set using 8 workers for collection set length 870 (1450)
[39.528s][debug][gc,ergo           ] GC(732) Running G1 Rebuild Free List Task using 8 workers for rebuilding free list of 0 (4096) regions
[39.528s][trace][gc,age            ] GC(732) Age table with threshold 15 (max threshold 15)
[39.528s][trace][gc,age            ] GC(732) - age   1:    2002528 bytes,    2002528 total
[39.528s][debug][gc,plab           ] GC(732) Young PLAB allocation: allocated: 16512B, wasted: 0B, unused: 14064B, used: 2448B, undo waste: 0B, 
[39.528s][debug][gc,plab           ] GC(732) Young other allocation: region end waste: 480576B, regions filled: 3, direct allocated: 2000080B, failure used: 0B, failure wasted: 0B
[39.528s][debug][gc,plab           ] GC(732) Young sizing: calculated: 0B, actual: 2064B
[39.528s][debug][gc,plab           ] GC(732) Old PLAB allocation: allocated: 0B, wasted: 0B, unused: 0B, used: 0B, undo waste: 0B, 
[39.528s][debug][gc,plab           ] GC(732) Old other allocation: region end waste: 0B, regions filled: 1, direct allocated: 0B, failure used: 0B, failure wasted: 0B
[39.528s][debug][gc,plab           ] GC(732) Old sizing: calculated: 0B, actual: 2064B
[39.528s][debug][gc,ihop           ] GC(732) Basic information (value update), threshold: 684195840B (45.00), target occupancy: 1520435200B, current occupancy: 20669072B, recent allocation size: 0B, recent allocation duration: 47.08ms, recent old gen allocation rate: 0.00B/s, recent marking phase length: 29.21ms
[39.528s][debug][gc,ihop           ] GC(732) Adaptive IHOP information (value update), threshold: 684195840B (47.37), internal target occupancy: 1444413440B, occupancy: 20669072B, additional buffer size: 912261120B, predicted old gen allocation rate: 0.18B/s, predicted marking phase length: 58.41ms, prediction active: false
[39.528s][debug][gc,ergo,refine    ] GC(732) Concurrent refinement times: Logged Cards Scan time goal: 20.00ms Logged Cards Scan time: 0.01ms HCC time: 0.00ms
[39.528s][debug][gc,ergo,refine    ] GC(732) Updated Refinement Zones: green: 2048, yellow: 6144, red: 10240
[39.528s][info ][gc,phases         ] GC(732)   Pre Evacuate Collection Set: 0.1ms
[39.528s][debug][gc,phases         ] GC(732)     Prepare TLABs: 0.0ms
[39.528s][debug][gc,phases         ] GC(732)     Choose Collection Set: 0.0ms
[39.528s][debug][gc,phases         ] GC(732)     Region Register: 0.1ms
[39.528s][debug][gc,phases         ] GC(732)     Prepare Heap Roots: 0.0ms
[39.528s][info ][gc,phases         ] GC(732)   Merge Heap Roots: 0.2ms
[39.528s][debug][gc,phases         ] GC(732)     Prepare Merge Heap Roots: 0.0ms
[39.528s][debug][gc,phases         ] GC(732)     Eager Reclaim (ms):       skipped
[39.528s][debug][gc,phases         ] GC(732)     Remembered Sets (ms):     Min:  0.0, Avg:  0.0, Max:  0.1, Diff:  0.0, Sum:  0.3, Workers: 8
[39.528s][debug][gc,phases         ] GC(732)       Merged Sparse:            Min: 0, Avg:  0.0, Max: 0, Diff: 0, Sum: 0, Workers: 8
[39.528s][debug][gc,phases         ] GC(732)       Merged Fine:              Min: 0, Avg:  0.0, Max: 0, Diff: 0, Sum: 0, Workers: 8
[39.528s][debug][gc,phases         ] GC(732)       Merged Coarse:            Min: 0, Avg:  0.0, Max: 0, Diff: 0, Sum: 0, Workers: 8
[39.528s][debug][gc,phases         ] GC(732)       Dirty Cards:              Min: 0, Avg:  0.0, Max: 0, Diff: 0, Sum: 0, Workers: 8
[39.528s][debug][gc,phases         ] GC(732)     Hot Card Cache (ms):      Min:  0.0, Avg:  0.0, Max:  0.0, Diff:  0.0, Sum:  0.0, Workers: 8
[39.528s][debug][gc,phases         ] GC(732)       Dirty Cards:              Min: 0, Avg:  0.0, Max: 0, Diff: 0, Sum: 0, Workers: 8
[39.528s][debug][gc,phases         ] GC(732)       Skipped Cards:            Min: 0, Avg:  0.0, Max: 0, Diff: 0, Sum: 0, Workers: 8
[39.528s][debug][gc,phases         ] GC(732)     Log Buffers (ms):         Min:  0.0, Avg:  0.0, Max:  0.0, Diff:  0.0, Sum:  0.0, Workers: 8
[39.528s][debug][gc,phases         ] GC(732)       Dirty Cards:              Min: 0, Avg:  0.2, Max: 2, Diff: 2, Sum: 2, Workers: 8
[39.528s][debug][gc,phases         ] GC(732)       Skipped Cards:            Min: 0, Avg:  0.0, Max: 0, Diff: 0, Sum: 0, Workers: 8
[39.528s][info ][gc,phases         ] GC(732)   Evacuate Collection Set: 0.3ms
[39.528s][debug][gc,phases         ] GC(732)     Ext Root Scanning (ms):   Min:  0.0, Avg:  0.1, Max:  0.2, Diff:  0.1, Sum:  1.1, Workers: 8
[39.528s][debug][gc,phases         ] GC(732)     Scan Heap Roots (ms):     Min:  0.0, Avg:  0.0, Max:  0.0, Diff:  0.0, Sum:  0.0, Workers: 8
[39.528s][debug][gc,phases         ] GC(732)       Scanned Cards:            Min: 0, Avg:  0.2, Max: 1, Diff: 1, Sum: 2, Workers: 8
[39.528s][debug][gc,phases         ] GC(732)       Scanned Blocks:           Min: 0, Avg:  0.2, Max: 1, Diff: 1, Sum: 2, Workers: 8
[39.528s][debug][gc,phases         ] GC(732)       Claimed Chunks:           Min: 0, Avg:  0.2, Max: 1, Diff: 1, Sum: 2, Workers: 8
[39.528s][debug][gc,phases         ] GC(732)     Code Root Scan (ms):      Min:  0.0, Avg:  0.0, Max:  0.1, Diff:  0.1, Sum:  0.2, Workers: 8
[39.528s][debug][gc,phases         ] GC(732)     Object Copy (ms):         Min:  0.0, Avg:  0.0, Max:  0.0, Diff:  0.0, Sum:  0.0, Workers: 8
[39.528s][debug][gc,phases         ] GC(732)     Termination (ms):         Min:  0.0, Avg:  0.1, Max:  0.1, Diff:  0.0, Sum:  0.4, Workers: 8
[39.528s][debug][gc,phases         ] GC(732)       Termination Attempts:     Min: 1, Avg:  1.0, Max: 1, Diff: 0, Sum: 8, Workers: 8
[39.528s][debug][gc,phases         ] GC(732)     GC Worker Other (ms):     Min:  0.0, Avg:  0.0, Max:  0.1, Diff:  0.1, Sum:  0.3, Workers: 8
[39.528s][debug][gc,phases         ] GC(732)     GC Worker Total (ms):     Min:  0.2, Avg:  0.3, Max:  0.3, Diff:  0.0, Sum:  2.1, Workers: 8
[39.528s][info ][gc,phases         ] GC(732)   Post Evacuate Collection Set: 0.6ms
[39.528s][debug][gc,phases         ] GC(732)     Code Roots Fixup: 0.0ms
[39.528s][debug][gc,phases         ] GC(732)     Clear Card Table: 0.2ms
[39.528s][debug][gc,phases         ] GC(732)     Reference Processing: 0.0ms
[39.528s][debug][gc,phases,ref     ] GC(732)       Reconsider SoftReferences: 0.0ms
[39.528s][debug][gc,phases,ref     ] GC(732)         SoftRef (ms):             skipped
[39.528s][debug][gc,phases,ref     ] GC(732)       Notify Soft/WeakReferences: 0.0ms
[39.528s][debug][gc,phases,ref     ] GC(732)         SoftRef (ms):             skipped
[39.528s][debug][gc,phases,ref     ] GC(732)         WeakRef (ms):             skipped
[39.528s][debug][gc,phases,ref     ] GC(732)         FinalRef (ms):            skipped
[39.528s][debug][gc,phases,ref     ] GC(732)         Total (ms):               skipped
[39.528s][debug][gc,phases,ref     ] GC(732)       Notify and keep alive finalizable: 0.0ms
[39.528s][debug][gc,phases,ref     ] GC(732)         FinalRef (ms):            skipped
[39.528s][debug][gc,phases,ref     ] GC(732)       Notify PhantomReferences: 0.0ms
[39.528s][debug][gc,phases,ref     ] GC(732)         PhantomRef (ms):          skipped
[39.528s][debug][gc,phases,ref     ] GC(732)       SoftReference:
[39.528s][debug][gc,phases,ref     ] GC(732)         Discovered: 0
[39.528s][debug][gc,phases,ref     ] GC(732)         Cleared: 0
[39.528s][debug][gc,phases,ref     ] GC(732)       WeakReference:
[39.528s][debug][gc,phases,ref     ] GC(732)         Discovered: 0
[39.528s][debug][gc,phases,ref     ] GC(732)         Cleared: 0
[39.528s][debug][gc,phases,ref     ] GC(732)       FinalReference:
[39.528s][debug][gc,phases,ref     ] GC(732)         Discovered: 0
[39.528s][debug][gc,phases,ref     ] GC(732)         Cleared: 0
[39.528s][debug][gc,phases,ref     ] GC(732)       PhantomReference:
[39.528s][debug][gc,phases,ref     ] GC(732)         Discovered: 0
[39.528s][debug][gc,phases,ref     ] GC(732)         Cleared: 0
[39.528s][debug][gc,phases         ] GC(732)     Weak Processing: 0.1ms
[39.528s][debug][gc,phases         ] GC(732)       JVMTI weak processing: 0.0ms
[39.528s][debug][gc,phases         ] GC(732)         Dead: 0
[39.528s][debug][gc,phases         ] GC(732)         Total: 0
[39.528s][debug][gc,phases         ] GC(732)       JFR weak processing: 0.0ms
[39.528s][debug][gc,phases         ] GC(732)         Dead: 0
[39.528s][debug][gc,phases         ] GC(732)         Total: 0
[39.528s][debug][gc,phases         ] GC(732)       JNI weak                  Min:  0.0, Avg:  0.0, Max:  0.0, Diff:  0.0, Sum:  0.0, Workers: 5
[39.528s][debug][gc,phases         ] GC(732)         Dead                      Min: 0, Avg:  0.0, Max: 0, Diff: 0, Sum: 0, Workers: 5
[39.528s][debug][gc,phases         ] GC(732)         Total                     Min: 0, Avg: 13.4, Max: 64, Diff: 64, Sum: 67, Workers: 5
[39.528s][debug][gc,phases         ] GC(732)       VM weak                   Min:  0.0, Avg:  0.0, Max:  0.0, Diff:  0.0, Sum:  0.0, Workers: 5
[39.528s][debug][gc,phases         ] GC(732)         Dead                      Min: 0, Avg:  0.0, Max: 0, Diff: 0, Sum: 0, Workers: 5
[39.528s][debug][gc,phases         ] GC(732)         Total                     Min: 0, Avg: 45.2, Max: 128, Diff: 128, Sum: 226, Workers: 5
[39.528s][debug][gc,phases         ] GC(732)       StringTable weak          Min:  0.0, Avg:  0.0, Max:  0.0, Diff:  0.0, Sum:  0.1, Workers: 5
[39.528s][debug][gc,phases         ] GC(732)         Dead                      Min: 0, Avg:  0.0, Max: 0, Diff: 0, Sum: 0, Workers: 5
[39.528s][debug][gc,phases         ] GC(732)         Total                     Min: 0, Avg: 682.8, Max: 1664, Diff: 1664, Sum: 3414, Workers: 5
[39.528s][debug][gc,phases         ] GC(732)       ResolvedMethodTable weak  Min:  0.0, Avg:  0.0, Max:  0.0, Diff:  0.0, Sum:  0.0, Workers: 5
[39.528s][debug][gc,phases         ] GC(732)         Dead                      Min: 0, Avg:  0.0, Max: 0, Diff: 0, Sum: 0, Workers: 5
[39.528s][debug][gc,phases         ] GC(732)         Total                     Min: 0, Avg: 120.2, Max: 217, Diff: 217, Sum: 601, Workers: 5
[39.528s][debug][gc,phases         ] GC(732)     Merge Per-Thread State: 0.0ms
[39.528s][debug][gc,phases         ] GC(732)       Copied Bytes              Min: 392, Avg: 250316.0, Max: 400392, Diff: 400000, Sum: 2002528, Workers: 8
[39.528s][debug][gc,phases         ] GC(732)       LAB Waste                 Min: 0, Avg:  0.0, Max: 0, Diff: 0, Sum: 0, Workers: 8
[39.528s][debug][gc,phases         ] GC(732)       LAB Undo Waste            Min: 0, Avg:  0.0, Max: 0, Diff: 0, Sum: 0, Workers: 8
[39.528s][debug][gc,phases         ] GC(732)     Code Roots Purge: 0.0ms
[39.528s][debug][gc,phases         ] GC(732)     Redirty Cards: 0.0ms
[39.528s][debug][gc,phases         ] GC(732)     DerivedPointerTable Update: 0.0ms
[39.528s][debug][gc,phases         ] GC(732)     Free Collection Set: 0.2ms
[39.528s][debug][gc,phases         ] GC(732)     Rebuild Free List: 0.1ms
[39.528s][debug][gc,phases         ] GC(732)     Humongous Reclaim: 0.0ms
[39.528s][debug][gc,phases         ] GC(732)     Start New Collection Set: 0.0ms
[39.528s][debug][gc,phases         ] GC(732)     Resize TLABs: 0.0ms
[39.528s][debug][gc,phases         ] GC(732)     Expand Heap After Collection: 0.0ms
[39.528s][info ][gc,phases         ] GC(732)   Other: 0.3ms
[39.528s][info ][gc,heap           ] GC(732) Eden regions: 867->0(867)
[39.528s][info ][gc,heap           ] GC(732) Survivor regions: 3->3(109)
[39.528s][info ][gc,heap           ] GC(732) Old regions: 17->17
[39.528s][info ][gc,heap           ] GC(732) Archive regions: 2->2
[39.528s][info ][gc,heap           ] GC(732) Humongous regions: 0->0
[39.528s][info ][gc,metaspace      ] GC(732) Metaspace: 10130K(10624K)->10130K(10624K) NonClass: 8932K(9216K)->8932K(9216K) Class: 1198K(1408K)->1198K(1408K)
[39.528s][debug][gc,heap           ] GC(732) Heap after GC invocations=733 (full 1): garbage-first heap   total 1484800K, used 20184K [0x0000000700000000, 0x0000000800000000)
[39.528s][debug][gc,heap           ] GC(732)   region size 1024K, 3 young (3072K), 3 survivors (3072K)
[39.528s][debug][gc,heap           ] GC(732)  Metaspace       used 10130K, capacity 10468K, committed 10624K, reserved 1058816K
[39.528s][debug][gc,heap           ] GC(732)   class space    used 1198K, capacity 1344K, committed 1408K, reserved 1048576K
[39.528s][info ][gc                ] GC(732) Pause Young (Normal) (G1 Evacuation Pause) 886M->19M(1450M) 2.155ms
[39.529s][info ][gc,cpu            ] GC(732) User=0.00s Sys=0.00s Real=0.00s
[39.529s][info ][safepoint         ] Safepoint "G1CollectForAllocation", Time since last: 45984040 ns, Reaching safepoint: 162993 ns, At safepoint: 2332347 ns, Total: 2495340 ns
[39.571s][debug][gc,heap           ] GC(733) Heap before GC invocations=733 (full 1): garbage-first heap   total 1484800K, used 906968K [0x0000000700000000, 0x0000000800000000)
[39.571s][debug][gc,heap           ] GC(733)   region size 1024K, 870 young (890880K), 3 survivors (3072K)
[39.571s][debug][gc,heap           ] GC(733)  Metaspace       used 10130K, capacity 10468K, committed 10624K, reserved 1058816K
[39.571s][debug][gc,heap           ] GC(733)   class space    used 1198K, capacity 1344K, committed 1408K, reserved 1048576K
[39.571s][info ][gc,start          ] GC(733) Pause Young (Normal) (G1 Evacuation Pause)
[39.571s][info ][gc,task           ] GC(733) Using 8 workers of 8 for evacuation
[39.571s][debug][gc,tlab           ] GC(733) TLAB totals: thrds: 8  refills: 15 max: 3 slow allocs: 1728 max 234 waste: 24.6% gc: 1069552B max: 225808B slow: 72400B max: 15096B fast: 0B max: 0B
[39.571s][debug][gc,age            ] GC(733) Desired survivor size 57147392 bytes, new threshold 15 (max threshold 15)
[39.571s][debug][gc,alloc,region   ] GC(733) Mutator Allocation stats, regions: 867, wasted size: 203M (23.4%)
[39.572s][debug][gc,ergo           ] GC(733) Running G1 Merge Heap Roots using 8 workers for 870 regions
[39.572s][debug][gc,remset         ] GC(733) Visited cards 256 Total dirty 2048 (12.50%) Total old 3602432 (0.01%)
[39.572s][debug][gc,ergo           ] GC(733) Running G1 Clear Card Table Task using 2 workers for 2 units of work for 871 regions.
[39.572s][debug][gc,ref            ] GC(733) Skipped phase1 of Reference Processing due to unavailable references
[39.572s][debug][gc,ref            ] GC(733) Skipped phase2 of Reference Processing due to unavailable references
[39.572s][debug][gc,ref            ] GC(733) Skipped phase3 of Reference Processing due to unavailable references
[39.572s][debug][gc,ref            ] GC(733) Skipped phase4 of Reference Processing due to unavailable references
[39.572s][debug][gc,ergo           ] GC(733) Running G1 Free Collection Set using 8 workers for collection set length 870 (1450)
[39.573s][debug][gc,ergo           ] GC(733) Running G1 Rebuild Free List Task using 8 workers for rebuilding free list of 0 (4096) regions
[39.573s][trace][gc,age            ] GC(733) Age table with threshold 15 (max threshold 15)
[39.573s][trace][gc,age            ] GC(733) - age   1:    2002440 bytes,    2002440 total
[39.573s][debug][gc,plab           ] GC(733) Young PLAB allocation: allocated: 16512B, wasted: 0B, unused: 14144B, used: 2368B, undo waste: 0B, 
[39.573s][debug][gc,plab           ] GC(733) Young other allocation: region end waste: 482640B, regions filled: 3, direct allocated: 2000072B, failure used: 0B, failure wasted: 0B
[39.573s][debug][gc,plab           ] GC(733) Young sizing: calculated: 0B, actual: 2064B
[39.573s][debug][gc,plab           ] GC(733) Old PLAB allocation: allocated: 0B, wasted: 0B, unused: 0B, used: 0B, undo waste: 0B, 
[39.573s][debug][gc,plab           ] GC(733) Old other allocation: region end waste: 0B, regions filled: 1, direct allocated: 0B, failure used: 0B, failure wasted: 0B
[39.573s][debug][gc,plab           ] GC(733) Old sizing: calculated: 0B, actual: 2064B
[39.573s][debug][gc,ihop           ] GC(733) Basic information (value update), threshold: 684195840B (45.00), target occupancy: 1520435200B, current occupancy: 20671128B, recent allocation size: 0B, recent allocation duration: 43.78ms, recent old gen allocation rate: 0.00B/s, recent marking phase length: 29.21ms
[39.573s][debug][gc,ihop           ] GC(733) Adaptive IHOP information (value update), threshold: 684195840B (47.37), internal target occupancy: 1444413440B, occupancy: 20671128B, additional buffer size: 912261120B, predicted old gen allocation rate: 0.17B/s, predicted marking phase length: 58.41ms, prediction active: false
[39.573s][debug][gc,ergo,refine    ] GC(733) Concurrent refinement times: Logged Cards Scan time goal: 20.00ms Logged Cards Scan time: 0.00ms HCC time: 0.00ms
[39.573s][debug][gc,ergo,refine    ] GC(733) Updated Refinement Zones: green: 2048, yellow: 6144, red: 10240
[39.573s][info ][gc,phases         ] GC(733)   Pre Evacuate Collection Set: 0.1ms
[39.573s][debug][gc,phases         ] GC(733)     Prepare TLABs: 0.0ms
[39.573s][debug][gc,phases         ] GC(733)     Choose Collection Set: 0.0ms
[39.573s][debug][gc,phases         ] GC(733)     Region Register: 0.1ms
[39.573s][debug][gc,phases         ] GC(733)     Prepare Heap Roots: 0.0ms
[39.573s][info ][gc,phases         ] GC(733)   Merge Heap Roots: 0.1ms
[39.573s][debug][gc,phases         ] GC(733)     Prepare Merge Heap Roots: 0.0ms
[39.573s][debug][gc,phases         ] GC(733)     Eager Reclaim (ms):       skipped
[39.573s][debug][gc,phases         ] GC(733)     Remembered Sets (ms):     Min:  0.0, Avg:  0.0, Max:  0.0, Diff:  0.0, Sum:  0.2, Workers: 8
[39.573s][debug][gc,phases         ] GC(733)       Merged Sparse:            Min: 0, Avg:  0.0, Max: 0, Diff: 0, Sum: 0, Workers: 8
[39.573s][debug][gc,phases         ] GC(733)       Merged Fine:              Min: 0, Avg:  0.0, Max: 0, Diff: 0, Sum: 0, Workers: 8
[39.573s][debug][gc,phases         ] GC(733)       Merged Coarse:            Min: 0, Avg:  0.0, Max: 0, Diff: 0, Sum: 0, Workers: 8
[39.573s][debug][gc,phases         ] GC(733)       Dirty Cards:              Min: 0, Avg:  0.0, Max: 0, Diff: 0, Sum: 0, Workers: 8
[39.573s][debug][gc,phases         ] GC(733)     Hot Card Cache (ms):      Min:  0.0, Avg:  0.0, Max:  0.0, Diff:  0.0, Sum:  0.0, Workers: 8
[39.573s][debug][gc,phases         ] GC(733)       Dirty Cards:              Min: 0, Avg:  0.0, Max: 0, Diff: 0, Sum: 0, Workers: 8
[39.573s][debug][gc,phases         ] GC(733)       Skipped Cards:            Min: 0, Avg:  0.0, Max: 0, Diff: 0, Sum: 0, Workers: 8
[39.573s][debug][gc,phases         ] GC(733)     Log Buffers (ms):         Min:  0.0, Avg:  0.0, Max:  0.0, Diff:  0.0, Sum:  0.0, Workers: 8
[39.573s][debug][gc,phases         ] GC(733)       Dirty Cards:              Min: 0, Avg:  0.1, Max: 1, Diff: 1, Sum: 1, Workers: 8
[39.573s][debug][gc,phases         ] GC(733)       Skipped Cards:            Min: 0, Avg:  0.0, Max: 0, Diff: 0, Sum: 0, Workers: 8
[39.573s][info ][gc,phases         ] GC(733)   Evacuate Collection Set: 0.3ms
[39.573s][debug][gc,phases         ] GC(733)     Ext Root Scanning (ms):   Min:  0.0, Avg:  0.1, Max:  0.2, Diff:  0.2, Sum:  0.8, Workers: 8
[39.573s][debug][gc,phases         ] GC(733)     Scan Heap Roots (ms):     Min:  0.0, Avg:  0.0, Max:  0.0, Diff:  0.0, Sum:  0.0, Workers: 8
[39.573s][debug][gc,phases         ] GC(733)       Scanned Cards:            Min: 0, Avg:  0.1, Max: 1, Diff: 1, Sum: 1, Workers: 8
[39.573s][debug][gc,phases         ] GC(733)       Scanned Blocks:           Min: 0, Avg:  0.1, Max: 1, Diff: 1, Sum: 1, Workers: 8
[39.573s][debug][gc,phases         ] GC(733)       Claimed Chunks:           Min: 0, Avg:  0.1, Max: 1, Diff: 1, Sum: 1, Workers: 8
[39.573s][debug][gc,phases         ] GC(733)     Code Root Scan (ms):      Min:  0.0, Avg:  0.0, Max:  0.0, Diff:  0.0, Sum:  0.1, Workers: 8
[39.573s][debug][gc,phases         ] GC(733)     Object Copy (ms):         Min:  0.0, Avg:  0.0, Max:  0.0, Diff:  0.0, Sum:  0.0, Workers: 8
[39.573s][debug][gc,phases         ] GC(733)     Termination (ms):         Min:  0.0, Avg:  0.1, Max:  0.1, Diff:  0.1, Sum:  0.5, Workers: 8
[39.573s][debug][gc,phases         ] GC(733)       Termination Attempts:     Min: 1, Avg:  1.2, Max: 2, Diff: 1, Sum: 10, Workers: 8
[39.573s][debug][gc,phases         ] GC(733)     GC Worker Other (ms):     Min:  0.0, Avg:  0.0, Max:  0.1, Diff:  0.1, Sum:  0.3, Workers: 8
[39.573s][debug][gc,phases         ] GC(733)     GC Worker Total (ms):     Min:  0.2, Avg:  0.2, Max:  0.3, Diff:  0.1, Sum:  1.8, Workers: 8
[39.573s][info ][gc,phases         ] GC(733)   Post Evacuate Collection Set: 0.7ms
[39.573s][debug][gc,phases         ] GC(733)     Code Roots Fixup: 0.0ms
[39.573s][debug][gc,phases         ] GC(733)     Clear Card Table: 0.2ms
[39.573s][debug][gc,phases         ] GC(733)     Reference Processing: 0.0ms
[39.573s][debug][gc,phases,ref     ] GC(733)       Reconsider SoftReferences: 0.0ms
[39.573s][debug][gc,phases,ref     ] GC(733)         SoftRef (ms):             skipped
[39.573s][debug][gc,phases,ref     ] GC(733)       Notify Soft/WeakReferences: 0.0ms
[39.573s][debug][gc,phases,ref     ] GC(733)         SoftRef (ms):             skipped
[39.573s][debug][gc,phases,ref     ] GC(733)         WeakRef (ms):             skipped
[39.573s][debug][gc,phases,ref     ] GC(733)         FinalRef (ms):            skipped
[39.573s][debug][gc,phases,ref     ] GC(733)         Total (ms):               skipped
[39.573s][debug][gc,phases,ref     ] GC(733)       Notify and keep alive finalizable: 0.0ms
[39.573s][debug][gc,phases,ref     ] GC(733)         FinalRef (ms):            skipped
[39.573s][debug][gc,phases,ref     ] GC(733)       Notify PhantomReferences: 0.0ms
[39.573s][debug][gc,phases,ref     ] GC(733)         PhantomRef (ms):          skipped
[39.573s][debug][gc,phases,ref     ] GC(733)       SoftReference:
[39.573s][debug][gc,phases,ref     ] GC(733)         Discovered: 0
[39.573s][debug][gc,phases,ref     ] GC(733)         Cleared: 0
[39.573s][debug][gc,phases,ref     ] GC(733)       WeakReference:
[39.573s][debug][gc,phases,ref     ] GC(733)         Discovered: 0
[39.573s][debug][gc,phases,ref     ] GC(733)         Cleared: 0
[39.573s][debug][gc,phases,ref     ] GC(733)       FinalReference:
[39.573s][debug][gc,phases,ref     ] GC(733)         Discovered: 0
[39.573s][debug][gc,phases,ref     ] GC(733)         Cleared: 0
[39.573s][debug][gc,phases,ref     ] GC(733)       PhantomReference:
[39.573s][debug][gc,phases,ref     ] GC(733)         Discovered: 0
[39.573s][debug][gc,phases,ref     ] GC(733)         Cleared: 0
[39.573s][debug][gc,phases         ] GC(733)     Weak Processing: 0.1ms
[39.573s][debug][gc,phases         ] GC(733)       JVMTI weak processing: 0.0ms
[39.573s][debug][gc,phases         ] GC(733)         Dead: 0
[39.573s][debug][gc,phases         ] GC(733)         Total: 0
[39.573s][debug][gc,phases         ] GC(733)       JFR weak processing: 0.0ms
[39.573s][debug][gc,phases         ] GC(733)         Dead: 0
[39.573s][debug][gc,phases         ] GC(733)         Total: 0
[39.573s][debug][gc,phases         ] GC(733)       JNI weak                  Min:  0.0, Avg:  0.0, Max:  0.0, Diff:  0.0, Sum:  0.0, Workers: 5
[39.573s][debug][gc,phases         ] GC(733)         Dead                      Min: 0, Avg:  0.0, Max: 0, Diff: 0, Sum: 0, Workers: 5
[39.573s][debug][gc,phases         ] GC(733)         Total                     Min: 0, Avg: 13.4, Max: 64, Diff: 64, Sum: 67, Workers: 5
[39.573s][debug][gc,phases         ] GC(733)       VM weak                   Min:  0.0, Avg:  0.0, Max:  0.0, Diff:  0.0, Sum:  0.0, Workers: 5
[39.573s][debug][gc,phases         ] GC(733)         Dead                      Min: 0, Avg:  0.0, Max: 0, Diff: 0, Sum: 0, Workers: 5
[39.573s][debug][gc,phases         ] GC(733)         Total                     Min: 0, Avg: 45.2, Max: 128, Diff: 128, Sum: 226, Workers: 5
[39.573s][debug][gc,phases         ] GC(733)       StringTable weak          Min:  0.0, Avg:  0.0, Max:  0.0, Diff:  0.0, Sum:  0.1, Workers: 5
[39.573s][debug][gc,phases         ] GC(733)         Dead                      Min: 0, Avg:  0.0, Max: 0, Diff: 0, Sum: 0, Workers: 5
[39.573s][debug][gc,phases         ] GC(733)         Total                     Min: 0, Avg: 682.8, Max: 1664, Diff: 1664, Sum: 3414, Workers: 5
[39.573s][debug][gc,phases         ] GC(733)       ResolvedMethodTable weak  Min:  0.0, Avg:  0.0, Max:  0.0, Diff:  0.0, Sum:  0.0, Workers: 5
[39.573s][debug][gc,phases         ] GC(733)         Dead                      Min: 0, Avg:  0.0, Max: 0, Diff: 0, Sum: 0, Workers: 5
[39.573s][debug][gc,phases         ] GC(733)         Total                     Min: 0, Avg: 120.2, Max: 217, Diff: 217, Sum: 601, Workers: 5
[39.573s][debug][gc,phases         ] GC(733)     Merge Per-Thread State: 0.0ms
[39.573s][debug][gc,phases         ] GC(733)       Copied Bytes              Min: 112, Avg: 250305.0, Max: 800096, Diff: 799984, Sum: 2002440, Workers: 8
[39.573s][debug][gc,phases         ] GC(733)       LAB Waste                 Min: 0, Avg:  0.0, Max: 0, Diff: 0, Sum: 0, Workers: 8
[39.573s][debug][gc,phases         ] GC(733)       LAB Undo Waste            Min: 0, Avg:  0.0, Max: 0, Diff: 0, Sum: 0, Workers: 8
[39.573s][debug][gc,phases         ] GC(733)     Code Roots Purge: 0.0ms
[39.573s][debug][gc,phases         ] GC(733)     Redirty Cards: 0.0ms
[39.573s][debug][gc,phases         ] GC(733)     DerivedPointerTable Update: 0.0ms
[39.573s][debug][gc,phases         ] GC(733)     Free Collection Set: 0.2ms
[39.573s][debug][gc,phases         ] GC(733)     Rebuild Free List: 0.1ms
[39.573s][debug][gc,phases         ] GC(733)     Humongous Reclaim: 0.0ms
[39.573s][debug][gc,phases         ] GC(733)     Start New Collection Set: 0.0ms
[39.573s][debug][gc,phases         ] GC(733)     Resize TLABs: 0.0ms
[39.573s][debug][gc,phases         ] GC(733)     Expand Heap After Collection: 0.0ms
[39.573s][info ][gc,phases         ] GC(733)   Other: 0.3ms
[39.573s][info ][gc,heap           ] GC(733) Eden regions: 867->0(867)
[39.573s][info ][gc,heap           ] GC(733) Survivor regions: 3->3(109)
[39.573s][info ][gc,heap           ] GC(733) Old regions: 17->17
[39.573s][info ][gc,heap           ] GC(733) Archive regions: 2->2
[39.574s][info ][gc,heap           ] GC(733) Humongous regions: 0->0
[39.574s][info ][gc,metaspace      ] GC(733) Metaspace: 10130K(10624K)->10130K(10624K) NonClass: 8932K(9216K)->8932K(9216K) Class: 1198K(1408K)->1198K(1408K)
[39.574s][debug][gc,heap           ] GC(733) Heap after GC invocations=734 (full 1): garbage-first heap   total 1484800K, used 20186K [0x0000000700000000, 0x0000000800000000)
[39.574s][debug][gc,heap           ] GC(733)   region size 1024K, 3 young (3072K), 3 survivors (3072K)
[39.574s][debug][gc,heap           ] GC(733)  Metaspace       used 10130K, capacity 10468K, committed 10624K, reserved 1058816K
[39.574s][debug][gc,heap           ] GC(733)   class space    used 1198K, capacity 1344K, committed 1408K, reserved 1048576K
[39.574s][info ][gc                ] GC(733) Pause Young (Normal) (G1 Evacuation Pause) 886M->19M(1450M) 2.097ms
[39.574s][info ][gc,cpu            ] GC(733) User=0.01s Sys=0.00s Real=0.01s
[39.574s][info ][safepoint         ] Safepoint "G1CollectForAllocation", Time since last: 42657428 ns, Reaching safepoint: 130240 ns, At safepoint: 2267848 ns, Total: 2398088 ns
[39.617s][debug][gc,heap           ] GC(734) Heap before GC invocations=734 (full 1): garbage-first heap   total 1484800K, used 906970K [0x0000000700000000, 0x0000000800000000)
[39.617s][debug][gc,heap           ] GC(734)   region size 1024K, 870 young (890880K), 3 survivors (3072K)
[39.617s][debug][gc,heap           ] GC(734)  Metaspace       used 10130K, capacity 10468K, committed 10624K, reserved 1058816K
[39.617s][debug][gc,heap           ] GC(734)   class space    used 1198K, capacity 1344K, committed 1408K, reserved 1048576K
[39.617s][info ][gc,start          ] GC(734) Pause Young (Normal) (G1 Evacuation Pause)
[39.617s][info ][gc,task           ] GC(734) Using 8 workers of 8 for evacuation
[39.617s][debug][gc,tlab           ] GC(734) TLAB totals: thrds: 8  refills: 11 max: 2 slow allocs: 1727 max 246 waste: 33.3% gc: 1101576B max: 226208B slow: 41264B max: 13912B fast: 0B max: 0B
[39.617s][debug][gc,age            ] GC(734) Desired survivor size 57147392 bytes, new threshold 15 (max threshold 15)
[39.617s][debug][gc,alloc,region   ] GC(734) Mutator Allocation stats, regions: 867, wasted size: 203M (23.4%)
[39.617s][debug][gc,ergo           ] GC(734) Running G1 Merge Heap Roots using 8 workers for 870 regions
[39.617s][debug][gc,remset         ] GC(734) Visited cards 256 Total dirty 2048 (12.50%) Total old 3602432 (0.01%)
[39.618s][debug][gc,ergo           ] GC(734) Running G1 Clear Card Table Task using 2 workers for 2 units of work for 871 regions.
[39.618s][debug][gc,ref            ] GC(734) Skipped phase1 of Reference Processing due to unavailable references
[39.618s][debug][gc,ref            ] GC(734) Skipped phase2 of Reference Processing due to unavailable references
[39.618s][debug][gc,ref            ] GC(734) Skipped phase3 of Reference Processing due to unavailable references
[39.618s][debug][gc,ref            ] GC(734) Skipped phase4 of Reference Processing due to unavailable references
[39.618s][debug][gc,ergo           ] GC(734) Running G1 Free Collection Set using 8 workers for collection set length 870 (1450)
[39.618s][debug][gc,ergo           ] GC(734) Running G1 Rebuild Free List Task using 8 workers for rebuilding free list of 0 (4096) regions
[39.618s][trace][gc,age            ] GC(734) Age table with threshold 15 (max threshold 15)
[39.618s][trace][gc,age            ] GC(734) - age   1:    3602576 bytes,    3602576 total
[39.618s][debug][gc,plab           ] GC(734) Young PLAB allocation: allocated: 16512B, wasted: 0B, unused: 14064B, used: 2448B, undo waste: 0B, 
[39.618s][debug][gc,plab           ] GC(734) Young other allocation: region end waste: 981800B, regions filled: 5, direct allocated: 3600128B, failure used: 0B, failure wasted: 0B
[39.618s][debug][gc,plab           ] GC(734) Young sizing: calculated: 0B, actual: 2064B
[39.618s][debug][gc,plab           ] GC(734) Old PLAB allocation: allocated: 0B, wasted: 0B, unused: 0B, used: 0B, undo waste: 0B, 
[39.618s][debug][gc,plab           ] GC(734) Old other allocation: region end waste: 0B, regions filled: 1, direct allocated: 0B, failure used: 0B, failure wasted: 0B
[39.618s][debug][gc,plab           ] GC(734) Old sizing: calculated: 0B, actual: 2064B
[39.618s][debug][gc,ihop           ] GC(734) Basic information (value update), threshold: 684195840B (45.00), target occupancy: 1520435200B, current occupancy: 22770344B, recent allocation size: 0B, recent allocation duration: 44.07ms, recent old gen allocation rate: 0.00B/s, recent marking phase length: 29.21ms
[39.618s][debug][gc,ihop           ] GC(734) Adaptive IHOP information (value update), threshold: 684195840B (47.37), internal target occupancy: 1444413440B, occupancy: 22770344B, additional buffer size: 912261120B, predicted old gen allocation rate: 0.17B/s, predicted marking phase length: 58.41ms, prediction active: false
[39.618s][debug][gc,ergo,refine    ] GC(734) Concurrent refinement times: Logged Cards Scan time goal: 20.00ms Logged Cards Scan time: 0.00ms HCC time: 0.00ms
[39.618s][debug][gc,ergo,refine    ] GC(734) Updated Refinement Zones: green: 2048, yellow: 6144, red: 10240
[39.618s][info ][gc,phases         ] GC(734)   Pre Evacuate Collection Set: 0.1ms
[39.618s][debug][gc,phases         ] GC(734)     Prepare TLABs: 0.0ms
[39.618s][debug][gc,phases         ] GC(734)     Choose Collection Set: 0.0ms
[39.618s][debug][gc,phases         ] GC(734)     Region Register: 0.1ms
[39.618s][debug][gc,phases         ] GC(734)     Prepare Heap Roots: 0.0ms
[39.618s][info ][gc,phases         ] GC(734)   Merge Heap Roots: 0.1ms
[39.618s][debug][gc,phases         ] GC(734)     Prepare Merge Heap Roots: 0.0ms
[39.618s][debug][gc,phases         ] GC(734)     Eager Reclaim (ms):       skipped
[39.618s][debug][gc,phases         ] GC(734)     Remembered Sets (ms):     Min:  0.0, Avg:  0.0, Max:  0.0, Diff:  0.0, Sum:  0.2, Workers: 8
[39.618s][debug][gc,phases         ] GC(734)       Merged Sparse:            Min: 0, Avg:  0.0, Max: 0, Diff: 0, Sum: 0, Workers: 8
[39.619s][debug][gc,phases         ] GC(734)       Merged Fine:              Min: 0, Avg:  0.0, Max: 0, Diff: 0, Sum: 0, Workers: 8
[39.619s][debug][gc,phases         ] GC(734)       Merged Coarse:            Min: 0, Avg:  0.0, Max: 0, Diff: 0, Sum: 0, Workers: 8
[39.619s][debug][gc,phases         ] GC(734)       Dirty Cards:              Min: 0, Avg:  0.0, Max: 0, Diff: 0, Sum: 0, Workers: 8
[39.619s][debug][gc,phases         ] GC(734)     Hot Card Cache (ms):      Min:  0.0, Avg:  0.0, Max:  0.0, Diff:  0.0, Sum:  0.0, Workers: 8
[39.619s][debug][gc,phases         ] GC(734)       Dirty Cards:              Min: 0, Avg:  0.0, Max: 0, Diff: 0, Sum: 0, Workers: 8
[39.619s][debug][gc,phases         ] GC(734)       Skipped Cards:            Min: 0, Avg:  0.0, Max: 0, Diff: 0, Sum: 0, Workers: 8
[39.619s][debug][gc,phases         ] GC(734)     Log Buffers (ms):         Min:  0.0, Avg:  0.0, Max:  0.0, Diff:  0.0, Sum:  0.0, Workers: 8
[39.619s][debug][gc,phases         ] GC(734)       Dirty Cards:              Min: 0, Avg:  0.1, Max: 1, Diff: 1, Sum: 1, Workers: 8
[39.619s][debug][gc,phases         ] GC(734)       Skipped Cards:            Min: 0, Avg:  0.0, Max: 0, Diff: 0, Sum: 0, Workers: 8
[39.619s][info ][gc,phases         ] GC(734)   Evacuate Collection Set: 0.5ms
[39.619s][debug][gc,phases         ] GC(734)     Ext Root Scanning (ms):   Min:  0.2, Avg:  0.2, Max:  0.3, Diff:  0.2, Sum:  1.9, Workers: 8
[39.619s][debug][gc,phases         ] GC(734)     Scan Heap Roots (ms):     Min:  0.0, Avg:  0.0, Max:  0.0, Diff:  0.0, Sum:  0.0, Workers: 8
[39.619s][debug][gc,phases         ] GC(734)       Scanned Cards:            Min: 0, Avg:  0.1, Max: 1, Diff: 1, Sum: 1, Workers: 8
[39.619s][debug][gc,phases         ] GC(734)       Scanned Blocks:           Min: 0, Avg:  0.1, Max: 1, Diff: 1, Sum: 1, Workers: 8
[39.619s][debug][gc,phases         ] GC(734)       Claimed Chunks:           Min: 0, Avg:  0.1, Max: 1, Diff: 1, Sum: 1, Workers: 8
[39.619s][debug][gc,phases         ] GC(734)     Code Root Scan (ms):      Min:  0.0, Avg:  0.0, Max:  0.1, Diff:  0.1, Sum:  0.2, Workers: 8
[39.619s][debug][gc,phases         ] GC(734)     Object Copy (ms):         Min:  0.0, Avg:  0.0, Max:  0.0, Diff:  0.0, Sum:  0.1, Workers: 8
[39.619s][debug][gc,phases         ] GC(734)     Termination (ms):         Min:  0.0, Avg:  0.1, Max:  0.1, Diff:  0.1, Sum:  0.9, Workers: 8
[39.619s][debug][gc,phases         ] GC(734)       Termination Attempts:     Min: 1, Avg:  1.1, Max: 2, Diff: 1, Sum: 9, Workers: 8
[39.619s][debug][gc,phases         ] GC(734)     GC Worker Other (ms):     Min:  0.0, Avg:  0.0, Max:  0.1, Diff:  0.0, Sum:  0.3, Workers: 8
[39.619s][debug][gc,phases         ] GC(734)     GC Worker Total (ms):     Min:  0.4, Avg:  0.4, Max:  0.4, Diff:  0.1, Sum:  3.3, Workers: 8
[39.619s][info ][gc,phases         ] GC(734)   Post Evacuate Collection Set: 0.6ms
[39.619s][debug][gc,phases         ] GC(734)     Code Roots Fixup: 0.0ms
[39.619s][debug][gc,phases         ] GC(734)     Clear Card Table: 0.2ms
[39.619s][debug][gc,phases         ] GC(734)     Reference Processing: 0.0ms
[39.619s][debug][gc,phases,ref     ] GC(734)       Reconsider SoftReferences: 0.0ms
[39.619s][debug][gc,phases,ref     ] GC(734)         SoftRef (ms):             skipped
[39.619s][debug][gc,phases,ref     ] GC(734)       Notify Soft/WeakReferences: 0.0ms
[39.619s][debug][gc,phases,ref     ] GC(734)         SoftRef (ms):             skipped
[39.619s][debug][gc,phases,ref     ] GC(734)         WeakRef (ms):             skipped
[39.619s][debug][gc,phases,ref     ] GC(734)         FinalRef (ms):            skipped
[39.619s][debug][gc,phases,ref     ] GC(734)         Total (ms):               skipped
[39.619s][debug][gc,phases,ref     ] GC(734)       Notify and keep alive finalizable: 0.0ms
[39.619s][debug][gc,phases,ref     ] GC(734)         FinalRef (ms):            skipped
[39.619s][debug][gc,phases,ref     ] GC(734)       Notify PhantomReferences: 0.0ms
[39.619s][debug][gc,phases,ref     ] GC(734)         PhantomRef (ms):          skipped
[39.619s][debug][gc,phases,ref     ] GC(734)       SoftReference:
[39.619s][debug][gc,phases,ref     ] GC(734)         Discovered: 0
[39.619s][debug][gc,phases,ref     ] GC(734)         Cleared: 0
[39.619s][debug][gc,phases,ref     ] GC(734)       WeakReference:
[39.619s][debug][gc,phases,ref     ] GC(734)         Discovered: 0
[39.619s][debug][gc,phases,ref     ] GC(734)         Cleared: 0
[39.619s][debug][gc,phases,ref     ] GC(734)       FinalReference:
[39.619s][debug][gc,phases,ref     ] GC(734)         Discovered: 0
[39.619s][debug][gc,phases,ref     ] GC(734)         Cleared: 0
[39.619s][debug][gc,phases,ref     ] GC(734)       PhantomReference:
[39.619s][debug][gc,phases,ref     ] GC(734)         Discovered: 0
[39.619s][debug][gc,phases,ref     ] GC(734)         Cleared: 0
[39.619s][debug][gc,phases         ] GC(734)     Weak Processing: 0.1ms
[39.619s][debug][gc,phases         ] GC(734)       JVMTI weak processing: 0.0ms
[39.619s][debug][gc,phases         ] GC(734)         Dead: 0
[39.619s][debug][gc,phases         ] GC(734)         Total: 0
[39.619s][debug][gc,phases         ] GC(734)       JFR weak processing: 0.0ms
[39.619s][debug][gc,phases         ] GC(734)         Dead: 0
[39.619s][debug][gc,phases         ] GC(734)         Total: 0
[39.619s][debug][gc,phases         ] GC(734)       JNI weak                  Min:  0.0, Avg:  0.0, Max:  0.0, Diff:  0.0, Sum:  0.0, Workers: 5
[39.619s][debug][gc,phases         ] GC(734)         Dead                      Min: 0, Avg:  0.0, Max: 0, Diff: 0, Sum: 0, Workers: 5
[39.619s][debug][gc,phases         ] GC(734)         Total                     Min: 0, Avg: 13.4, Max: 67, Diff: 67, Sum: 67, Workers: 5
[39.619s][debug][gc,phases         ] GC(734)       VM weak                   Min:  0.0, Avg:  0.0, Max:  0.0, Diff:  0.0, Sum:  0.0, Workers: 5
[39.619s][debug][gc,phases         ] GC(734)         Dead                      Min: 0, Avg:  0.0, Max: 0, Diff: 0, Sum: 0, Workers: 5
[39.619s][debug][gc,phases         ] GC(734)         Total                     Min: 0, Avg: 45.2, Max: 226, Diff: 226, Sum: 226, Workers: 5
[39.619s][debug][gc,phases         ] GC(734)       StringTable weak          Min:  0.0, Avg:  0.0, Max:  0.0, Diff:  0.0, Sum:  0.0, Workers: 5
[39.619s][debug][gc,phases         ] GC(734)         Dead                      Min: 0, Avg:  0.0, Max: 0, Diff: 0, Sum: 0, Workers: 5
[39.619s][debug][gc,phases         ] GC(734)         Total                     Min: 0, Avg: 682.8, Max: 1600, Diff: 1600, Sum: 3414, Workers: 5
[39.619s][debug][gc,phases         ] GC(734)       ResolvedMethodTable weak  Min:  0.0, Avg:  0.0, Max:  0.0, Diff:  0.0, Sum:  0.0, Workers: 5
[39.619s][debug][gc,phases         ] GC(734)         Dead                      Min: 0, Avg:  0.0, Max: 0, Diff: 0, Sum: 0, Workers: 5
[39.619s][debug][gc,phases         ] GC(734)         Total                     Min: 0, Avg: 120.2, Max: 217, Diff: 217, Sum: 601, Workers: 5
[39.619s][debug][gc,phases         ] GC(734)     Merge Per-Thread State: 0.0ms
[39.619s][debug][gc,phases         ] GC(734)       Copied Bytes              Min: 584, Avg: 450322.0, Max: 800096, Diff: 799512, Sum: 3602576, Workers: 8
[39.619s][debug][gc,phases         ] GC(734)       LAB Waste                 Min: 0, Avg:  0.0, Max: 0, Diff: 0, Sum: 0, Workers: 8
[39.619s][debug][gc,phases         ] GC(734)       LAB Undo Waste            Min: 0, Avg:  0.0, Max: 0, Diff: 0, Sum: 0, Workers: 8
[39.619s][debug][gc,phases         ] GC(734)     Code Roots Purge: 0.0ms
[39.619s][debug][gc,phases         ] GC(734)     Redirty Cards: 0.0ms
[39.619s][debug][gc,phases         ] GC(734)     DerivedPointerTable Update: 0.0ms
[39.619s][debug][gc,phases         ] GC(734)     Free Collection Set: 0.2ms
[39.619s][debug][gc,phases         ] GC(734)     Rebuild Free List: 0.1ms
[39.619s][debug][gc,phases         ] GC(734)     Humongous Reclaim: 0.0ms
[39.619s][debug][gc,phases         ] GC(734)     Start New Collection Set: 0.0ms
[39.619s][debug][gc,phases         ] GC(734)     Resize TLABs: 0.0ms
[39.619s][debug][gc,phases         ] GC(734)     Expand Heap After Collection: 0.0ms
[39.619s][info ][gc,phases         ] GC(734)   Other: 0.3ms
[39.619s][info ][gc,heap           ] GC(734) Eden regions: 867->0(865)
[39.619s][info ][gc,heap           ] GC(734) Survivor regions: 3->5(109)
[39.619s][info ][gc,heap           ] GC(734) Old regions: 17->17
[39.619s][info ][gc,heap           ] GC(734) Archive regions: 2->2
[39.619s][info ][gc,heap           ] GC(734) Humongous regions: 0->0
[39.619s][info ][gc,metaspace      ] GC(734) Metaspace: 10130K(10624K)->10130K(10624K) NonClass: 8932K(9216K)->8932K(9216K) Class: 1198K(1408K)->1198K(1408K)
[39.619s][debug][gc,heap           ] GC(734) Heap after GC invocations=735 (full 1): garbage-first heap   total 1484800K, used 22236K [0x0000000700000000, 0x0000000800000000)
[39.619s][debug][gc,heap           ] GC(734)   region size 1024K, 5 young (5120K), 5 survivors (5120K)
[39.619s][debug][gc,heap           ] GC(734)  Metaspace       used 10130K, capacity 10468K, committed 10624K, reserved 1058816K
[39.619s][debug][gc,heap           ] GC(734)   class space    used 1198K, capacity 1344K, committed 1408K, reserved 1048576K
[39.619s][info ][gc                ] GC(734) Pause Young (Normal) (G1 Evacuation Pause) 886M->21M(1450M) 2.220ms
[39.619s][info ][gc,cpu            ] GC(734) User=0.00s Sys=0.01s Real=0.00s
[39.619s][info ][safepoint         ] Safepoint "G1CollectForAllocation", Time since last: 43010067 ns, Reaching safepoint: 143692 ns, At safepoint: 2434865 ns, Total: 2578557 ns
[39.661s][debug][gc,heap           ] GC(735) Heap before GC invocations=735 (full 1): garbage-first heap   total 1484800K, used 906972K [0x0000000700000000, 0x0000000800000000)
[39.661s][debug][gc,heap           ] GC(735)   region size 1024K, 870 young (890880K), 5 survivors (5120K)
[39.661s][debug][gc,heap           ] GC(735)  Metaspace       used 10130K, capacity 10468K, committed 10624K, reserved 1058816K
[39.661s][debug][gc,heap           ] GC(735)   class space    used 1198K, capacity 1344K, committed 1408K, reserved 1048576K
[39.661s][info ][gc,start          ] GC(735) Pause Young (Normal) (G1 Evacuation Pause)
[39.661s][info ][gc,task           ] GC(735) Using 8 workers of 8 for evacuation
[39.661s][debug][gc,tlab           ] GC(735) TLAB totals: thrds: 8  refills: 11 max: 2 slow allocs: 1726 max 232 waste: 28.1% gc: 866456B max: 121744B slow: 28616B max: 13912B fast: 0B max: 0B
[39.661s][debug][gc,age            ] GC(735) Desired survivor size 57147392 bytes, new threshold 15 (max threshold 15)
[39.661s][debug][gc,alloc,region   ] GC(735) Mutator Allocation stats, regions: 865, wasted size: 202M (23.5%)
[39.662s][debug][gc,ergo           ] GC(735) Running G1 Merge Heap Roots using 8 workers for 870 regions
[39.662s][debug][gc,remset         ] GC(735) Visited cards 512 Total dirty 4096 (12.50%) Total old 3602432 (0.01%)
[39.662s][debug][gc,ergo           ] GC(735) Running G1 Clear Card Table Task using 2 workers for 2 units of work for 872 regions.
[39.662s][debug][gc,ref            ] GC(735) Skipped phase1 of Reference Processing due to unavailable references
[39.662s][debug][gc,ref            ] GC(735) Skipped phase2 of Reference Processing due to unavailable references
[39.662s][debug][gc,ref            ] GC(735) Skipped phase3 of Reference Processing due to unavailable references
[39.662s][debug][gc,ref            ] GC(735) Skipped phase4 of Reference Processing due to unavailable references
[39.662s][debug][gc,ergo           ] GC(735) Running G1 Free Collection Set using 8 workers for collection set length 870 (1450)
[39.663s][debug][gc,ergo           ] GC(735) Running G1 Rebuild Free List Task using 8 workers for rebuilding free list of 0 (4096) regions
[39.663s][trace][gc,age            ] GC(735) Age table with threshold 15 (max threshold 15)
[39.663s][trace][gc,age            ] GC(735) - age   1:    3602584 bytes,    3602584 total
[39.663s][debug][gc,plab           ] GC(735) Young PLAB allocation: allocated: 16512B, wasted: 0B, unused: 14064B, used: 2448B, undo waste: 0B, 
[39.663s][debug][gc,plab           ] GC(735) Young other allocation: region end waste: 979728B, regions filled: 5, direct allocated: 3600136B, failure used: 0B, failure wasted: 0B
[39.663s][debug][gc,plab           ] GC(735) Young sizing: calculated: 0B, actual: 2064B
[39.663s][debug][gc,plab           ] GC(735) Old PLAB allocation: allocated: 0B, wasted: 0B, unused: 0B, used: 0B, undo waste: 0B, 
[39.663s][debug][gc,plab           ] GC(735) Old other allocation: region end waste: 0B, regions filled: 1, direct allocated: 0B, failure used: 0B, failure wasted: 0B
[39.663s][debug][gc,plab           ] GC(735) Old sizing: calculated: 0B, actual: 2064B
[39.663s][debug][gc,ihop           ] GC(735) Basic information (value update), threshold: 684195840B (45.00), target occupancy: 1520435200B, current occupancy: 22768280B, recent allocation size: 0B, recent allocation duration: 43.00ms, recent old gen allocation rate: 0.00B/s, recent marking phase length: 29.21ms
[39.663s][debug][gc,ihop           ] GC(735) Adaptive IHOP information (value update), threshold: 684195840B (47.37), internal target occupancy: 1444413440B, occupancy: 22768280B, additional buffer size: 912261120B, predicted old gen allocation rate: 0.17B/s, predicted marking phase length: 58.41ms, prediction active: false
[39.663s][debug][gc,ergo,refine    ] GC(735) Concurrent refinement times: Logged Cards Scan time goal: 20.00ms Logged Cards Scan time: 0.00ms HCC time: 0.00ms
[39.663s][debug][gc,ergo,refine    ] GC(735) Updated Refinement Zones: green: 2048, yellow: 6144, red: 10240
[39.663s][info ][gc,phases         ] GC(735)   Pre Evacuate Collection Set: 0.1ms
[39.663s][debug][gc,phases         ] GC(735)     Prepare TLABs: 0.0ms
[39.663s][debug][gc,phases         ] GC(735)     Choose Collection Set: 0.0ms
[39.663s][debug][gc,phases         ] GC(735)     Region Register: 0.1ms
[39.663s][debug][gc,phases         ] GC(735)     Prepare Heap Roots: 0.0ms
[39.663s][info ][gc,phases         ] GC(735)   Merge Heap Roots: 0.1ms
[39.663s][debug][gc,phases         ] GC(735)     Prepare Merge Heap Roots: 0.0ms
[39.663s][debug][gc,phases         ] GC(735)     Eager Reclaim (ms):       skipped
[39.663s][debug][gc,phases         ] GC(735)     Remembered Sets (ms):     Min:  0.0, Avg:  0.0, Max:  0.0, Diff:  0.0, Sum:  0.3, Workers: 8
[39.663s][debug][gc,phases         ] GC(735)       Merged Sparse:            Min: 0, Avg:  0.0, Max: 0, Diff: 0, Sum: 0, Workers: 8
[39.663s][debug][gc,phases         ] GC(735)       Merged Fine:              Min: 0, Avg:  0.0, Max: 0, Diff: 0, Sum: 0, Workers: 8
[39.663s][debug][gc,phases         ] GC(735)       Merged Coarse:            Min: 0, Avg:  0.0, Max: 0, Diff: 0, Sum: 0, Workers: 8
[39.663s][debug][gc,phases         ] GC(735)       Dirty Cards:              Min: 0, Avg:  0.0, Max: 0, Diff: 0, Sum: 0, Workers: 8
[39.663s][debug][gc,phases         ] GC(735)     Hot Card Cache (ms):      Min:  0.0, Avg:  0.0, Max:  0.0, Diff:  0.0, Sum:  0.0, Workers: 8
[39.663s][debug][gc,phases         ] GC(735)       Dirty Cards:              Min: 0, Avg:  0.0, Max: 0, Diff: 0, Sum: 0, Workers: 8
[39.663s][debug][gc,phases         ] GC(735)       Skipped Cards:            Min: 0, Avg:  0.0, Max: 0, Diff: 0, Sum: 0, Workers: 8
[39.663s][debug][gc,phases         ] GC(735)     Log Buffers (ms):         Min:  0.0, Avg:  0.0, Max:  0.0, Diff:  0.0, Sum:  0.0, Workers: 8
[39.663s][debug][gc,phases         ] GC(735)       Dirty Cards:              Min: 0, Avg:  0.2, Max: 1, Diff: 1, Sum: 2, Workers: 8
[39.663s][debug][gc,phases         ] GC(735)       Skipped Cards:            Min: 0, Avg:  0.0, Max: 0, Diff: 0, Sum: 0, Workers: 8
[39.663s][info ][gc,phases         ] GC(735)   Evacuate Collection Set: 0.5ms
[39.663s][debug][gc,phases         ] GC(735)     Ext Root Scanning (ms):   Min:  0.3, Avg:  0.3, Max:  0.3, Diff:  0.1, Sum:  2.4, Workers: 8
[39.663s][debug][gc,phases         ] GC(735)     Scan Heap Roots (ms):     Min:  0.0, Avg:  0.0, Max:  0.0, Diff:  0.0, Sum:  0.0, Workers: 8
[39.663s][debug][gc,phases         ] GC(735)       Scanned Cards:            Min: 0, Avg:  0.2, Max: 1, Diff: 1, Sum: 2, Workers: 8
[39.663s][debug][gc,phases         ] GC(735)       Scanned Blocks:           Min: 0, Avg:  0.2, Max: 1, Diff: 1, Sum: 2, Workers: 8
[39.663s][debug][gc,phases         ] GC(735)       Claimed Chunks:           Min: 0, Avg:  0.2, Max: 1, Diff: 1, Sum: 2, Workers: 8
[39.663s][debug][gc,phases         ] GC(735)     Code Root Scan (ms):      Min:  0.0, Avg:  0.0, Max:  0.0, Diff:  0.0, Sum:  0.2, Workers: 8
[39.663s][debug][gc,phases         ] GC(735)     Object Copy (ms):         Min:  0.0, Avg:  0.0, Max:  0.0, Diff:  0.0, Sum:  0.0, Workers: 8
[39.663s][debug][gc,phases         ] GC(735)     Termination (ms):         Min:  0.0, Avg:  0.1, Max:  0.1, Diff:  0.0, Sum:  0.4, Workers: 8
[39.663s][debug][gc,phases         ] GC(735)       Termination Attempts:     Min: 1, Avg:  1.0, Max: 1, Diff: 0, Sum: 8, Workers: 8
[39.663s][debug][gc,phases         ] GC(735)     GC Worker Other (ms):     Min:  0.0, Avg:  0.0, Max:  0.1, Diff:  0.0, Sum:  0.4, Workers: 8
[39.663s][debug][gc,phases         ] GC(735)     GC Worker Total (ms):     Min:  0.4, Avg:  0.4, Max:  0.4, Diff:  0.0, Sum:  3.4, Workers: 8
[39.663s][info ][gc,phases         ] GC(735)   Post Evacuate Collection Set: 0.5ms
[39.663s][debug][gc,phases         ] GC(735)     Code Roots Fixup: 0.0ms
[39.663s][debug][gc,phases         ] GC(735)     Clear Card Table: 0.2ms
[39.663s][debug][gc,phases         ] GC(735)     Reference Processing: 0.0ms
[39.663s][debug][gc,phases,ref     ] GC(735)       Reconsider SoftReferences: 0.0ms
[39.663s][debug][gc,phases,ref     ] GC(735)         SoftRef (ms):             skipped
[39.663s][debug][gc,phases,ref     ] GC(735)       Notify Soft/WeakReferences: 0.0ms
[39.663s][debug][gc,phases,ref     ] GC(735)         SoftRef (ms):             skipped
[39.663s][debug][gc,phases,ref     ] GC(735)         WeakRef (ms):             skipped
[39.663s][debug][gc,phases,ref     ] GC(735)         FinalRef (ms):            skipped
[39.663s][debug][gc,phases,ref     ] GC(735)         Total (ms):               skipped
[39.663s][debug][gc,phases,ref     ] GC(735)       Notify and keep alive finalizable: 0.0ms
[39.663s][debug][gc,phases,ref     ] GC(735)         FinalRef (ms):            skipped
[39.663s][debug][gc,phases,ref     ] GC(735)       Notify PhantomReferences: 0.0ms
[39.663s][debug][gc,phases,ref     ] GC(735)         PhantomRef (ms):          skipped
[39.663s][debug][gc,phases,ref     ] GC(735)       SoftReference:
[39.663s][debug][gc,phases,ref     ] GC(735)         Discovered: 0
[39.663s][debug][gc,phases,ref     ] GC(735)         Cleared: 0
[39.663s][debug][gc,phases,ref     ] GC(735)       WeakReference:
[39.663s][debug][gc,phases,ref     ] GC(735)         Discovered: 0
[39.663s][debug][gc,phases,ref     ] GC(735)         Cleared: 0
[39.663s][debug][gc,phases,ref     ] GC(735)       FinalReference:
[39.663s][debug][gc,phases,ref     ] GC(735)         Discovered: 0
[39.663s][debug][gc,phases,ref     ] GC(735)         Cleared: 0
[39.663s][debug][gc,phases,ref     ] GC(735)       PhantomReference:
[39.663s][debug][gc,phases,ref     ] GC(735)         Discovered: 0
[39.663s][debug][gc,phases,ref     ] GC(735)         Cleared: 0
[39.663s][debug][gc,phases         ] GC(735)     Weak Processing: 0.0ms
[39.663s][debug][gc,phases         ] GC(735)       JVMTI weak processing: 0.0ms
[39.663s][debug][gc,phases         ] GC(735)         Dead: 0
[39.663s][debug][gc,phases         ] GC(735)         Total: 0
[39.663s][debug][gc,phases         ] GC(735)       JFR weak processing: 0.0ms
[39.663s][debug][gc,phases         ] GC(735)         Dead: 0
[39.663s][debug][gc,phases         ] GC(735)         Total: 0
[39.663s][debug][gc,phases         ] GC(735)       JNI weak                  Min:  0.0, Avg:  0.0, Max:  0.0, Diff:  0.0, Sum:  0.0, Workers: 5
[39.663s][debug][gc,phases         ] GC(735)         Dead                      Min: 0, Avg:  0.0, Max: 0, Diff: 0, Sum: 0, Workers: 5
[39.663s][debug][gc,phases         ] GC(735)         Total                     Min: 0, Avg: 13.4, Max: 64, Diff: 64, Sum: 67, Workers: 5
[39.663s][debug][gc,phases         ] GC(735)       VM weak                   Min:  0.0, Avg:  0.0, Max:  0.0, Diff:  0.0, Sum:  0.0, Workers: 5
[39.663s][debug][gc,phases         ] GC(735)         Dead                      Min: 0, Avg:  0.0, Max: 0, Diff: 0, Sum: 0, Workers: 5
[39.663s][debug][gc,phases         ] GC(735)         Total                     Min: 0, Avg: 45.2, Max: 64, Diff: 64, Sum: 226, Workers: 5
[39.663s][debug][gc,phases         ] GC(735)       StringTable weak          Min:  0.0, Avg:  0.0, Max:  0.0, Diff:  0.0, Sum:  0.1, Workers: 5
[39.663s][debug][gc,phases         ] GC(735)         Dead                      Min: 0, Avg:  0.0, Max: 0, Diff: 0, Sum: 0, Workers: 5
[39.663s][debug][gc,phases         ] GC(735)         Total                     Min: 0, Avg: 682.8, Max: 895, Diff: 895, Sum: 3414, Workers: 5
[39.663s][debug][gc,phases         ] GC(735)       ResolvedMethodTable weak  Min:  0.0, Avg:  0.0, Max:  0.0, Diff:  0.0, Sum:  0.0, Workers: 5
[39.663s][debug][gc,phases         ] GC(735)         Dead                      Min: 0, Avg:  0.0, Max: 0, Diff: 0, Sum: 0, Workers: 5
[39.663s][debug][gc,phases         ] GC(735)         Total                     Min: 0, Avg: 120.2, Max: 192, Diff: 192, Sum: 601, Workers: 5
[39.663s][debug][gc,phases         ] GC(735)     Merge Per-Thread State: 0.0ms
[39.663s][debug][gc,phases         ] GC(735)       Copied Bytes              Min: 400088, Avg: 450323.0, Max: 800096, Diff: 400008, Sum: 3602584, Workers: 8
[39.663s][debug][gc,phases         ] GC(735)       LAB Waste                 Min: 0, Avg:  0.0, Max: 0, Diff: 0, Sum: 0, Workers: 8
[39.663s][debug][gc,phases         ] GC(735)       LAB Undo Waste            Min: 0, Avg:  0.0, Max: 0, Diff: 0, Sum: 0, Workers: 8
[39.663s][debug][gc,phases         ] GC(735)     Code Roots Purge: 0.0ms
[39.663s][debug][gc,phases         ] GC(735)     Redirty Cards: 0.0ms
[39.663s][debug][gc,phases         ] GC(735)     DerivedPointerTable Update: 0.0ms
[39.663s][debug][gc,phases         ] GC(735)     Free Collection Set: 0.2ms
[39.663s][debug][gc,phases         ] GC(735)     Rebuild Free List: 0.1ms
[39.663s][debug][gc,phases         ] GC(735)     Humongous Reclaim: 0.0ms
[39.663s][debug][gc,phases         ] GC(735)     Start New Collection Set: 0.0ms
[39.663s][debug][gc,phases         ] GC(735)     Resize TLABs: 0.0ms
[39.663s][debug][gc,phases         ] GC(735)     Expand Heap After Collection: 0.0ms
[39.663s][info ][gc,phases         ] GC(735)   Other: 0.3ms
[39.663s][info ][gc,heap           ] GC(735) Eden regions: 865->0(865)
[39.663s][info ][gc,heap           ] GC(735) Survivor regions: 5->5(109)
[39.663s][info ][gc,heap           ] GC(735) Old regions: 17->17
[39.663s][info ][gc,heap           ] GC(735) Archive regions: 2->2
[39.663s][info ][gc,heap           ] GC(735) Humongous regions: 0->0
[39.663s][info ][gc,metaspace      ] GC(735) Metaspace: 10130K(10624K)->10130K(10624K) NonClass: 8932K(9216K)->8932K(9216K) Class: 1198K(1408K)->1198K(1408K)
[39.663s][debug][gc,heap           ] GC(735) Heap after GC invocations=736 (full 1): garbage-first heap   total 1484800K, used 22234K [0x0000000700000000, 0x0000000800000000)
[39.663s][debug][gc,heap           ] GC(735)   region size 1024K, 5 young (5120K), 5 survivors (5120K)
[39.663s][debug][gc,heap           ] GC(735)  Metaspace       used 10130K, capacity 10468K, committed 10624K, reserved 1058816K
[39.663s][debug][gc,heap           ] GC(735)   class space    used 1198K, capacity 1344K, committed 1408K, reserved 1048576K
[39.663s][info ][gc                ] GC(735) Pause Young (Normal) (G1 Evacuation Pause) 886M->21M(1450M) 2.145ms
[39.664s][info ][gc,cpu            ] GC(735) User=0.01s Sys=0.00s Real=0.01s
[39.664s][info ][safepoint         ] Safepoint "G1CollectForAllocation", Time since last: 41791306 ns, Reaching safepoint: 225430 ns, At safepoint: 2501204 ns, Total: 2726634 ns
[39.707s][debug][gc,heap           ] GC(736) Heap before GC invocations=736 (full 1): garbage-first heap   total 1484800K, used 906970K [0x0000000700000000, 0x0000000800000000)
[39.707s][debug][gc,heap           ] GC(736)   region size 1024K, 870 young (890880K), 5 survivors (5120K)
[39.707s][debug][gc,heap           ] GC(736)  Metaspace       used 10130K, capacity 10468K, committed 10624K, reserved 1058816K
[39.707s][debug][gc,heap           ] GC(736)   class space    used 1198K, capacity 1344K, committed 1408K, reserved 1048576K
[39.707s][info ][gc,start          ] GC(736) Pause Young (Normal) (G1 Evacuation Pause)
[39.707s][info ][gc,task           ] GC(736) Using 8 workers of 8 for evacuation
[39.707s][debug][gc,tlab           ] GC(736) TLAB totals: thrds: 8  refills: 15 max: 3 slow allocs: 1720 max 248 waste: 24.7% gc: 1077136B max: 206848B slow: 70984B max: 15096B fast: 0B max: 0B
[39.707s][debug][gc,age            ] GC(736) Desired survivor size 57147392 bytes, new threshold 15 (max threshold 15)
[39.707s][debug][gc,alloc,region   ] GC(736) Mutator Allocation stats, regions: 865, wasted size: 202M (23.4%)
[39.707s][debug][gc,ergo           ] GC(736) Running G1 Merge Heap Roots using 8 workers for 870 regions
[39.707s][debug][gc,remset         ] GC(736) Visited cards 256 Total dirty 2048 (12.50%) Total old 3602432 (0.01%)
[39.707s][debug][gc,ergo           ] GC(736) Running G1 Clear Card Table Task using 2 workers for 2 units of work for 871 regions.
[39.708s][debug][gc,ref            ] GC(736) Skipped phase1 of Reference Processing due to unavailable references
[39.708s][debug][gc,ref            ] GC(736) Skipped phase2 of Reference Processing due to unavailable references
[39.708s][debug][gc,ref            ] GC(736) Skipped phase3 of Reference Processing due to unavailable references
[39.708s][debug][gc,ref            ] GC(736) Skipped phase4 of Reference Processing due to unavailable references
[39.708s][debug][gc,ergo           ] GC(736) Running G1 Free Collection Set using 8 workers for collection set length 870 (1450)
[39.708s][debug][gc,ergo           ] GC(736) Running G1 Rebuild Free List Task using 8 workers for rebuilding free list of 0 (4096) regions
[39.708s][trace][gc,age            ] GC(736) Age table with threshold 15 (max threshold 15)
[39.708s][trace][gc,age            ] GC(736) - age   1:    3602568 bytes,    3602568 total
[39.708s][debug][gc,plab           ] GC(736) Young PLAB allocation: allocated: 16512B, wasted: 0B, unused: 14064B, used: 2448B, undo waste: 0B, 
[39.708s][debug][gc,plab           ] GC(736) Young other allocation: region end waste: 981808B, regions filled: 5, direct allocated: 3600120B, failure used: 0B, failure wasted: 0B
[39.708s][debug][gc,plab           ] GC(736) Young sizing: calculated: 0B, actual: 2064B
[39.708s][debug][gc,plab           ] GC(736) Old PLAB allocation: allocated: 0B, wasted: 0B, unused: 0B, used: 0B, undo waste: 0B, 
[39.708s][debug][gc,plab           ] GC(736) Old other allocation: region end waste: 0B, regions filled: 1, direct allocated: 0B, failure used: 0B, failure wasted: 0B
[39.708s][debug][gc,plab           ] GC(736) Old sizing: calculated: 0B, actual: 2064B
[39.708s][debug][gc,ihop           ] GC(736) Basic information (value update), threshold: 684195840B (45.00), target occupancy: 1520435200B, current occupancy: 22770344B, recent allocation size: 0B, recent allocation duration: 43.86ms, recent old gen allocation rate: 0.00B/s, recent marking phase length: 29.21ms
[39.708s][debug][gc,ihop           ] GC(736) Adaptive IHOP information (value update), threshold: 684195840B (47.37), internal target occupancy: 1444413440B, occupancy: 22770344B, additional buffer size: 912261120B, predicted old gen allocation rate: 0.16B/s, predicted marking phase length: 58.41ms, prediction active: false
[39.708s][debug][gc,ergo,refine    ] GC(736) Concurrent refinement times: Logged Cards Scan time goal: 20.00ms Logged Cards Scan time: 0.00ms HCC time: 0.00ms
[39.708s][debug][gc,ergo,refine    ] GC(736) Updated Refinement Zones: green: 2048, yellow: 6144, red: 10240
[39.708s][info ][gc,phases         ] GC(736)   Pre Evacuate Collection Set: 0.1ms
[39.708s][debug][gc,phases         ] GC(736)     Prepare TLABs: 0.0ms
[39.708s][debug][gc,phases         ] GC(736)     Choose Collection Set: 0.0ms
[39.708s][debug][gc,phases         ] GC(736)     Region Register: 0.1ms
[39.708s][debug][gc,phases         ] GC(736)     Prepare Heap Roots: 0.0ms
[39.708s][info ][gc,phases         ] GC(736)   Merge Heap Roots: 0.1ms
[39.708s][debug][gc,phases         ] GC(736)     Prepare Merge Heap Roots: 0.0ms
[39.708s][debug][gc,phases         ] GC(736)     Eager Reclaim (ms):       skipped
[39.708s][debug][gc,phases         ] GC(736)     Remembered Sets (ms):     Min:  0.0, Avg:  0.0, Max:  0.0, Diff:  0.0, Sum:  0.2, Workers: 8
[39.708s][debug][gc,phases         ] GC(736)       Merged Sparse:            Min: 0, Avg:  0.0, Max: 0, Diff: 0, Sum: 0, Workers: 8
[39.708s][debug][gc,phases         ] GC(736)       Merged Fine:              Min: 0, Avg:  0.0, Max: 0, Diff: 0, Sum: 0, Workers: 8
[39.708s][debug][gc,phases         ] GC(736)       Merged Coarse:            Min: 0, Avg:  0.0, Max: 0, Diff: 0, Sum: 0, Workers: 8
[39.708s][debug][gc,phases         ] GC(736)       Dirty Cards:              Min: 0, Avg:  0.0, Max: 0, Diff: 0, Sum: 0, Workers: 8
[39.708s][debug][gc,phases         ] GC(736)     Hot Card Cache (ms):      Min:  0.0, Avg:  0.0, Max:  0.0, Diff:  0.0, Sum:  0.0, Workers: 8
[39.708s][debug][gc,phases         ] GC(736)       Dirty Cards:              Min: 0, Avg:  0.0, Max: 0, Diff: 0, Sum: 0, Workers: 8
[39.708s][debug][gc,phases         ] GC(736)       Skipped Cards:            Min: 0, Avg:  0.0, Max: 0, Diff: 0, Sum: 0, Workers: 8
[39.708s][debug][gc,phases         ] GC(736)     Log Buffers (ms):         Min:  0.0, Avg:  0.0, Max:  0.0, Diff:  0.0, Sum:  0.0, Workers: 8
[39.708s][debug][gc,phases         ] GC(736)       Dirty Cards:              Min: 0, Avg:  0.1, Max: 1, Diff: 1, Sum: 1, Workers: 8
[39.708s][debug][gc,phases         ] GC(736)       Skipped Cards:            Min: 0, Avg:  0.0, Max: 0, Diff: 0, Sum: 0, Workers: 8
[39.708s][info ][gc,phases         ] GC(736)   Evacuate Collection Set: 0.4ms
[39.708s][debug][gc,phases         ] GC(736)     Ext Root Scanning (ms):   Min:  0.1, Avg:  0.2, Max:  0.3, Diff:  0.3, Sum:  1.8, Workers: 8
[39.708s][debug][gc,phases         ] GC(736)     Scan Heap Roots (ms):     Min:  0.0, Avg:  0.0, Max:  0.0, Diff:  0.0, Sum:  0.0, Workers: 8
[39.708s][debug][gc,phases         ] GC(736)       Scanned Cards:            Min: 0, Avg:  0.1, Max: 1, Diff: 1, Sum: 1, Workers: 8
[39.708s][debug][gc,phases         ] GC(736)       Scanned Blocks:           Min: 0, Avg:  0.1, Max: 1, Diff: 1, Sum: 1, Workers: 8
[39.708s][debug][gc,phases         ] GC(736)       Claimed Chunks:           Min: 0, Avg:  0.1, Max: 1, Diff: 1, Sum: 1, Workers: 8
[39.708s][debug][gc,phases         ] GC(736)     Code Root Scan (ms):      Min:  0.0, Avg:  0.0, Max:  0.1, Diff:  0.1, Sum:  0.1, Workers: 8
[39.708s][debug][gc,phases         ] GC(736)     Object Copy (ms):         Min:  0.0, Avg:  0.0, Max:  0.0, Diff:  0.0, Sum:  0.0, Workers: 8
[39.708s][debug][gc,phases         ] GC(736)     Termination (ms):         Min:  0.0, Avg:  0.1, Max:  0.1, Diff:  0.1, Sum:  0.5, Workers: 8
[39.708s][debug][gc,phases         ] GC(736)       Termination Attempts:     Min: 1, Avg:  1.1, Max: 2, Diff: 1, Sum: 9, Workers: 8
[39.708s][debug][gc,phases         ] GC(736)     GC Worker Other (ms):     Min:  0.0, Avg:  0.0, Max:  0.1, Diff:  0.1, Sum:  0.3, Workers: 8
[39.708s][debug][gc,phases         ] GC(736)     GC Worker Total (ms):     Min:  0.3, Avg:  0.4, Max:  0.4, Diff:  0.1, Sum:  2.8, Workers: 8
[39.708s][info ][gc,phases         ] GC(736)   Post Evacuate Collection Set: 0.6ms
[39.708s][debug][gc,phases         ] GC(736)     Code Roots Fixup: 0.0ms
[39.708s][debug][gc,phases         ] GC(736)     Clear Card Table: 0.2ms
[39.708s][debug][gc,phases         ] GC(736)     Reference Processing: 0.0ms
[39.708s][debug][gc,phases,ref     ] GC(736)       Reconsider SoftReferences: 0.0ms
[39.708s][debug][gc,phases,ref     ] GC(736)         SoftRef (ms):             skipped
[39.708s][debug][gc,phases,ref     ] GC(736)       Notify Soft/WeakReferences: 0.0ms
[39.708s][debug][gc,phases,ref     ] GC(736)         SoftRef (ms):             skipped
[39.708s][debug][gc,phases,ref     ] GC(736)         WeakRef (ms):             skipped
[39.708s][debug][gc,phases,ref     ] GC(736)         FinalRef (ms):            skipped
[39.708s][debug][gc,phases,ref     ] GC(736)         Total (ms):               skipped
[39.708s][debug][gc,phases,ref     ] GC(736)       Notify and keep alive finalizable: 0.0ms
[39.708s][debug][gc,phases,ref     ] GC(736)         FinalRef (ms):            skipped
[39.708s][debug][gc,phases,ref     ] GC(736)       Notify PhantomReferences: 0.0ms
[39.708s][debug][gc,phases,ref     ] GC(736)         PhantomRef (ms):          skipped
[39.708s][debug][gc,phases,ref     ] GC(736)       SoftReference:
[39.708s][debug][gc,phases,ref     ] GC(736)         Discovered: 0
[39.708s][debug][gc,phases,ref     ] GC(736)         Cleared: 0
[39.708s][debug][gc,phases,ref     ] GC(736)       WeakReference:
[39.708s][debug][gc,phases,ref     ] GC(736)         Discovered: 0
[39.708s][debug][gc,phases,ref     ] GC(736)         Cleared: 0
[39.708s][debug][gc,phases,ref     ] GC(736)       FinalReference:
[39.708s][debug][gc,phases,ref     ] GC(736)         Discovered: 0
[39.708s][debug][gc,phases,ref     ] GC(736)         Cleared: 0
[39.708s][debug][gc,phases,ref     ] GC(736)       PhantomReference:
[39.708s][debug][gc,phases,ref     ] GC(736)         Discovered: 0
[39.708s][debug][gc,phases,ref     ] GC(736)         Cleared: 0
[39.708s][debug][gc,phases         ] GC(736)     Weak Processing: 0.1ms
[39.708s][debug][gc,phases         ] GC(736)       JVMTI weak processing: 0.0ms
[39.708s][debug][gc,phases         ] GC(736)         Dead: 0
[39.708s][debug][gc,phases         ] GC(736)         Total: 0
[39.708s][debug][gc,phases         ] GC(736)       JFR weak processing: 0.0ms
[39.708s][debug][gc,phases         ] GC(736)         Dead: 0
[39.708s][debug][gc,phases         ] GC(736)         Total: 0
[39.709s][debug][gc,phases         ] GC(736)       JNI weak                  Min:  0.0, Avg:  0.0, Max:  0.0, Diff:  0.0, Sum:  0.0, Workers: 5
[39.709s][debug][gc,phases         ] GC(736)         Dead                      Min: 0, Avg:  0.0, Max: 0, Diff: 0, Sum: 0, Workers: 5
[39.709s][debug][gc,phases         ] GC(736)         Total                     Min: 0, Avg: 13.4, Max: 64, Diff: 64, Sum: 67, Workers: 5
[39.709s][debug][gc,phases         ] GC(736)       VM weak                   Min:  0.0, Avg:  0.0, Max:  0.0, Diff:  0.0, Sum:  0.0, Workers: 5
[39.709s][debug][gc,phases         ] GC(736)         Dead                      Min: 0, Avg:  0.0, Max: 0, Diff: 0, Sum: 0, Workers: 5
[39.709s][debug][gc,phases         ] GC(736)         Total                     Min: 0, Avg: 45.2, Max: 128, Diff: 128, Sum: 226, Workers: 5
[39.709s][debug][gc,phases         ] GC(736)       StringTable weak          Min:  0.0, Avg:  0.0, Max:  0.0, Diff:  0.0, Sum:  0.1, Workers: 5
[39.709s][debug][gc,phases         ] GC(736)         Dead                      Min: 0, Avg:  0.0, Max: 0, Diff: 0, Sum: 0, Workers: 5
[39.709s][debug][gc,phases         ] GC(736)         Total                     Min: 0, Avg: 682.8, Max: 1727, Diff: 1727, Sum: 3414, Workers: 5
[39.709s][debug][gc,phases         ] GC(736)       ResolvedMethodTable weak  Min:  0.0, Avg:  0.0, Max:  0.0, Diff:  0.0, Sum:  0.0, Workers: 5
[39.709s][debug][gc,phases         ] GC(736)         Dead                      Min: 0, Avg:  0.0, Max: 0, Diff: 0, Sum: 0, Workers: 5
[39.709s][debug][gc,phases         ] GC(736)         Total                     Min: 0, Avg: 120.2, Max: 320, Diff: 320, Sum: 601, Workers: 5
[39.709s][debug][gc,phases         ] GC(736)     Merge Per-Thread State: 0.0ms
[39.709s][debug][gc,phases         ] GC(736)       Copied Bytes              Min: 680, Avg: 450321.0, Max: 800544, Diff: 799864, Sum: 3602568, Workers: 8
[39.709s][debug][gc,phases         ] GC(736)       LAB Waste                 Min: 0, Avg:  0.0, Max: 0, Diff: 0, Sum: 0, Workers: 8
[39.709s][debug][gc,phases         ] GC(736)       LAB Undo Waste            Min: 0, Avg:  0.0, Max: 0, Diff: 0, Sum: 0, Workers: 8
[39.709s][debug][gc,phases         ] GC(736)     Code Roots Purge: 0.0ms
[39.709s][debug][gc,phases         ] GC(736)     Redirty Cards: 0.0ms
[39.709s][debug][gc,phases         ] GC(736)     DerivedPointerTable Update: 0.0ms
[39.709s][debug][gc,phases         ] GC(736)     Free Collection Set: 0.2ms
[39.709s][debug][gc,phases         ] GC(736)     Rebuild Free List: 0.0ms
[39.709s][debug][gc,phases         ] GC(736)     Humongous Reclaim: 0.0ms
[39.709s][debug][gc,phases         ] GC(736)     Start New Collection Set: 0.0ms
[39.709s][debug][gc,phases         ] GC(736)     Resize TLABs: 0.0ms
[39.709s][debug][gc,phases         ] GC(736)     Expand Heap After Collection: 0.0ms
[39.709s][info ][gc,phases         ] GC(736)   Other: 0.3ms
[39.709s][info ][gc,heap           ] GC(736) Eden regions: 865->0(865)
[39.709s][info ][gc,heap           ] GC(736) Survivor regions: 5->5(109)
[39.709s][info ][gc,heap           ] GC(736) Old regions: 17->17
[39.709s][info ][gc,heap           ] GC(736) Archive regions: 2->2
[39.709s][info ][gc,heap           ] GC(736) Humongous regions: 0->0
[39.709s][info ][gc,metaspace      ] GC(736) Metaspace: 10130K(10624K)->10130K(10624K) NonClass: 8932K(9216K)->8932K(9216K) Class: 1198K(1408K)->1198K(1408K)
[39.709s][debug][gc,heap           ] GC(736) Heap after GC invocations=737 (full 1): garbage-first heap   total 1484800K, used 22236K [0x0000000700000000, 0x0000000800000000)
[39.709s][debug][gc,heap           ] GC(736)   region size 1024K, 5 young (5120K), 5 survivors (5120K)
[39.709s][debug][gc,heap           ] GC(736)  Metaspace       used 10130K, capacity 10468K, committed 10624K, reserved 1058816K
[39.709s][debug][gc,heap           ] GC(736)   class space    used 1198K, capacity 1344K, committed 1408K, reserved 1048576K
[39.709s][info ][gc                ] GC(736) Pause Young (Normal) (G1 Evacuation Pause) 886M->21M(1450M) 2.148ms
[39.709s][info ][gc,cpu            ] GC(736) User=0.01s Sys=0.00s Real=0.00s
[39.709s][info ][safepoint         ] Safepoint "G1CollectForAllocation", Time since last: 42607181 ns, Reaching safepoint: 166363 ns, At safepoint: 2315930 ns, Total: 2482293 ns
[39.753s][debug][gc,heap           ] GC(737) Heap before GC invocations=737 (full 1): garbage-first heap   total 1484800K, used 906972K [0x0000000700000000, 0x0000000800000000)
[39.753s][debug][gc,heap           ] GC(737)   region size 1024K, 870 young (890880K), 5 survivors (5120K)
[39.753s][debug][gc,heap           ] GC(737)  Metaspace       used 10130K, capacity 10468K, committed 10624K, reserved 1058816K
[39.753s][debug][gc,heap           ] GC(737)   class space    used 1198K, capacity 1344K, committed 1408K, reserved 1048576K
[39.753s][info ][gc,start          ] GC(737) Pause Young (Normal) (G1 Evacuation Pause)
[39.753s][info ][gc,task           ] GC(737) Using 8 workers of 8 for evacuation
[39.753s][debug][gc,tlab           ] GC(737) TLAB totals: thrds: 8  refills: 14 max: 2 slow allocs: 1724 max 243 waste: 31.0% gc: 1306736B max: 226672B slow: 83312B max: 14304B fast: 0B max: 0B
[39.753s][debug][gc,age            ] GC(737) Desired survivor size 57147392 bytes, new threshold 15 (max threshold 15)
[39.753s][debug][gc,alloc,region   ] GC(737) Mutator Allocation stats, regions: 865, wasted size: 202M (23.4%)
[39.753s][debug][gc,ergo           ] GC(737) Running G1 Merge Heap Roots using 8 workers for 870 regions
[39.753s][debug][gc,remset         ] GC(737) Visited cards 512 Total dirty 4096 (12.50%) Total old 3602432 (0.01%)
[39.754s][debug][gc,ergo           ] GC(737) Running G1 Clear Card Table Task using 2 workers for 2 units of work for 872 regions.
[39.754s][debug][gc,ref            ] GC(737) Skipped phase1 of Reference Processing due to unavailable references
[39.754s][debug][gc,ref            ] GC(737) Skipped phase2 of Reference Processing due to unavailable references
[39.754s][debug][gc,ref            ] GC(737) Skipped phase3 of Reference Processing due to unavailable references
[39.754s][debug][gc,ref            ] GC(737) Skipped phase4 of Reference Processing due to unavailable references
[39.754s][debug][gc,ergo           ] GC(737) Running G1 Free Collection Set using 8 workers for collection set length 870 (1450)
[39.754s][debug][gc,ergo           ] GC(737) Running G1 Rebuild Free List Task using 8 workers for rebuilding free list of 0 (4096) regions
[39.754s][trace][gc,age            ] GC(737) Age table with threshold 15 (max threshold 15)
[39.754s][trace][gc,age            ] GC(737) - age   1:    2002528 bytes,    2002528 total
[39.754s][debug][gc,plab           ] GC(737) Young PLAB allocation: allocated: 16512B, wasted: 0B, unused: 14064B, used: 2448B, undo waste: 0B, 
[39.754s][debug][gc,plab           ] GC(737) Young other allocation: region end waste: 480576B, regions filled: 3, direct allocated: 2000080B, failure used: 0B, failure wasted: 0B
[39.754s][debug][gc,plab           ] GC(737) Young sizing: calculated: 0B, actual: 2064B
[39.754s][debug][gc,plab           ] GC(737) Old PLAB allocation: allocated: 0B, wasted: 0B, unused: 0B, used: 0B, undo waste: 0B, 
[39.754s][debug][gc,plab           ] GC(737) Old other allocation: region end waste: 0B, regions filled: 1, direct allocated: 0B, failure used: 0B, failure wasted: 0B
[39.754s][debug][gc,plab           ] GC(737) Old sizing: calculated: 0B, actual: 2064B
[39.754s][debug][gc,ihop           ] GC(737) Basic information (value update), threshold: 684195840B (45.00), target occupancy: 1520435200B, current occupancy: 20669072B, recent allocation size: 0B, recent allocation duration: 44.80ms, recent old gen allocation rate: 0.00B/s, recent marking phase length: 29.21ms
[39.754s][debug][gc,ihop           ] GC(737) Adaptive IHOP information (value update), threshold: 684195840B (47.37), internal target occupancy: 1444413440B, occupancy: 20669072B, additional buffer size: 912261120B, predicted old gen allocation rate: 0.16B/s, predicted marking phase length: 58.41ms, prediction active: false
[39.754s][debug][gc,ergo,refine    ] GC(737) Concurrent refinement times: Logged Cards Scan time goal: 20.00ms Logged Cards Scan time: 0.00ms HCC time: 0.00ms
[39.754s][debug][gc,ergo,refine    ] GC(737) Updated Refinement Zones: green: 2048, yellow: 6144, red: 10240
[39.754s][info ][gc,phases         ] GC(737)   Pre Evacuate Collection Set: 0.1ms
[39.754s][debug][gc,phases         ] GC(737)     Prepare TLABs: 0.0ms
[39.754s][debug][gc,phases         ] GC(737)     Choose Collection Set: 0.0ms
[39.754s][debug][gc,phases         ] GC(737)     Region Register: 0.1ms
[39.754s][debug][gc,phases         ] GC(737)     Prepare Heap Roots: 0.0ms
[39.754s][info ][gc,phases         ] GC(737)   Merge Heap Roots: 0.1ms
[39.754s][debug][gc,phases         ] GC(737)     Prepare Merge Heap Roots: 0.0ms
[39.754s][debug][gc,phases         ] GC(737)     Eager Reclaim (ms):       skipped
[39.754s][debug][gc,phases         ] GC(737)     Remembered Sets (ms):     Min:  0.0, Avg:  0.0, Max:  0.1, Diff:  0.0, Sum:  0.3, Workers: 8
[39.754s][debug][gc,phases         ] GC(737)       Merged Sparse:            Min: 0, Avg:  0.0, Max: 0, Diff: 0, Sum: 0, Workers: 8
[39.754s][debug][gc,phases         ] GC(737)       Merged Fine:              Min: 0, Avg:  0.0, Max: 0, Diff: 0, Sum: 0, Workers: 8
[39.754s][debug][gc,phases         ] GC(737)       Merged Coarse:            Min: 0, Avg:  0.0, Max: 0, Diff: 0, Sum: 0, Workers: 8
[39.754s][debug][gc,phases         ] GC(737)       Dirty Cards:              Min: 0, Avg:  0.0, Max: 0, Diff: 0, Sum: 0, Workers: 8
[39.754s][debug][gc,phases         ] GC(737)     Hot Card Cache (ms):      Min:  0.0, Avg:  0.0, Max:  0.0, Diff:  0.0, Sum:  0.0, Workers: 8
[39.754s][debug][gc,phases         ] GC(737)       Dirty Cards:              Min: 0, Avg:  0.0, Max: 0, Diff: 0, Sum: 0, Workers: 8
[39.754s][debug][gc,phases         ] GC(737)       Skipped Cards:            Min: 0, Avg:  0.0, Max: 0, Diff: 0, Sum: 0, Workers: 8
[39.754s][debug][gc,phases         ] GC(737)     Log Buffers (ms):         Min:  0.0, Avg:  0.0, Max:  0.0, Diff:  0.0, Sum:  0.0, Workers: 8
[39.754s][debug][gc,phases         ] GC(737)       Dirty Cards:              Min: 0, Avg:  0.2, Max: 1, Diff: 1, Sum: 2, Workers: 8
[39.754s][debug][gc,phases         ] GC(737)       Skipped Cards:            Min: 0, Avg:  0.0, Max: 0, Diff: 0, Sum: 0, Workers: 8
[39.754s][info ][gc,phases         ] GC(737)   Evacuate Collection Set: 0.3ms
[39.754s][debug][gc,phases         ] GC(737)     Ext Root Scanning (ms):   Min:  0.0, Avg:  0.1, Max:  0.2, Diff:  0.1, Sum:  1.0, Workers: 8
[39.754s][debug][gc,phases         ] GC(737)     Scan Heap Roots (ms):     Min:  0.0, Avg:  0.0, Max:  0.0, Diff:  0.0, Sum:  0.0, Workers: 8
[39.754s][debug][gc,phases         ] GC(737)       Scanned Cards:            Min: 0, Avg:  0.2, Max: 1, Diff: 1, Sum: 2, Workers: 8
[39.754s][debug][gc,phases         ] GC(737)       Scanned Blocks:           Min: 0, Avg:  0.2, Max: 1, Diff: 1, Sum: 2, Workers: 8
[39.754s][debug][gc,phases         ] GC(737)       Claimed Chunks:           Min: 0, Avg:  0.2, Max: 1, Diff: 1, Sum: 2, Workers: 8
[39.754s][debug][gc,phases         ] GC(737)     Code Root Scan (ms):      Min:  0.0, Avg:  0.0, Max:  0.0, Diff:  0.0, Sum:  0.2, Workers: 8
[39.754s][debug][gc,phases         ] GC(737)     Object Copy (ms):         Min:  0.0, Avg:  0.0, Max:  0.0, Diff:  0.0, Sum:  0.0, Workers: 8
[39.754s][debug][gc,phases         ] GC(737)     Termination (ms):         Min:  0.0, Avg:  0.1, Max:  0.1, Diff:  0.1, Sum:  0.5, Workers: 8
[39.754s][debug][gc,phases         ] GC(737)       Termination Attempts:     Min: 1, Avg:  1.1, Max: 2, Diff: 1, Sum: 9, Workers: 8
[39.754s][debug][gc,phases         ] GC(737)     GC Worker Other (ms):     Min:  0.0, Avg:  0.0, Max:  0.1, Diff:  0.1, Sum:  0.4, Workers: 8
[39.754s][debug][gc,phases         ] GC(737)     GC Worker Total (ms):     Min:  0.2, Avg:  0.3, Max:  0.3, Diff:  0.1, Sum:  2.1, Workers: 8
[39.754s][info ][gc,phases         ] GC(737)   Post Evacuate Collection Set: 0.6ms
[39.755s][debug][gc,phases         ] GC(737)     Code Roots Fixup: 0.0ms
[39.755s][debug][gc,phases         ] GC(737)     Clear Card Table: 0.2ms
[39.755s][debug][gc,phases         ] GC(737)     Reference Processing: 0.1ms
[39.755s][debug][gc,phases,ref     ] GC(737)       Reconsider SoftReferences: 0.0ms
[39.755s][debug][gc,phases,ref     ] GC(737)         SoftRef (ms):             skipped
[39.755s][debug][gc,phases,ref     ] GC(737)       Notify Soft/WeakReferences: 0.0ms
[39.755s][debug][gc,phases,ref     ] GC(737)         SoftRef (ms):             skipped
[39.755s][debug][gc,phases,ref     ] GC(737)         WeakRef (ms):             skipped
[39.755s][debug][gc,phases,ref     ] GC(737)         FinalRef (ms):            skipped
[39.755s][debug][gc,phases,ref     ] GC(737)         Total (ms):               skipped
[39.755s][debug][gc,phases,ref     ] GC(737)       Notify and keep alive finalizable: 0.0ms
[39.755s][debug][gc,phases,ref     ] GC(737)         FinalRef (ms):            skipped
[39.755s][debug][gc,phases,ref     ] GC(737)       Notify PhantomReferences: 0.0ms
[39.755s][debug][gc,phases,ref     ] GC(737)         PhantomRef (ms):          skipped
[39.755s][debug][gc,phases,ref     ] GC(737)       SoftReference:
[39.755s][debug][gc,phases,ref     ] GC(737)         Discovered: 0
[39.755s][debug][gc,phases,ref     ] GC(737)         Cleared: 0
[39.755s][debug][gc,phases,ref     ] GC(737)       WeakReference:
[39.755s][debug][gc,phases,ref     ] GC(737)         Discovered: 0
[39.755s][debug][gc,phases,ref     ] GC(737)         Cleared: 0
[39.755s][debug][gc,phases,ref     ] GC(737)       FinalReference:
[39.755s][debug][gc,phases,ref     ] GC(737)         Discovered: 0
[39.755s][debug][gc,phases,ref     ] GC(737)         Cleared: 0
[39.755s][debug][gc,phases,ref     ] GC(737)       PhantomReference:
[39.755s][debug][gc,phases,ref     ] GC(737)         Discovered: 0
[39.755s][debug][gc,phases,ref     ] GC(737)         Cleared: 0
[39.755s][debug][gc,phases         ] GC(737)     Weak Processing: 0.1ms
[39.755s][debug][gc,phases         ] GC(737)       JVMTI weak processing: 0.0ms
[39.755s][debug][gc,phases         ] GC(737)         Dead: 0
[39.755s][debug][gc,phases         ] GC(737)         Total: 0
[39.755s][debug][gc,phases         ] GC(737)       JFR weak processing: 0.0ms
[39.755s][debug][gc,phases         ] GC(737)         Dead: 0
[39.755s][debug][gc,phases         ] GC(737)         Total: 0
[39.755s][debug][gc,phases         ] GC(737)       JNI weak                  Min:  0.0, Avg:  0.0, Max:  0.0, Diff:  0.0, Sum:  0.0, Workers: 5
[39.755s][debug][gc,phases         ] GC(737)         Dead                      Min: 0, Avg:  0.0, Max: 0, Diff: 0, Sum: 0, Workers: 5
[39.755s][debug][gc,phases         ] GC(737)         Total                     Min: 0, Avg: 13.4, Max: 67, Diff: 67, Sum: 67, Workers: 5
[39.755s][debug][gc,phases         ] GC(737)       VM weak                   Min:  0.0, Avg:  0.0, Max:  0.0, Diff:  0.0, Sum:  0.0, Workers: 5
[39.755s][debug][gc,phases         ] GC(737)         Dead                      Min: 0, Avg:  0.0, Max: 0, Diff: 0, Sum: 0, Workers: 5
[39.755s][debug][gc,phases         ] GC(737)         Total                     Min: 0, Avg: 45.2, Max: 226, Diff: 226, Sum: 226, Workers: 5
[39.755s][debug][gc,phases         ] GC(737)       StringTable weak          Min:  0.0, Avg:  0.0, Max:  0.0, Diff:  0.0, Sum:  0.0, Workers: 5
[39.755s][debug][gc,phases         ] GC(737)         Dead                      Min: 0, Avg:  0.0, Max: 0, Diff: 0, Sum: 0, Workers: 5
[39.755s][debug][gc,phases         ] GC(737)         Total                     Min: 0, Avg: 682.8, Max: 2879, Diff: 2879, Sum: 3414, Workers: 5
[39.755s][debug][gc,phases         ] GC(737)       ResolvedMethodTable weak  Min:  0.0, Avg:  0.0, Max:  0.0, Diff:  0.0, Sum:  0.0, Workers: 5
[39.755s][debug][gc,phases         ] GC(737)         Dead                      Min: 0, Avg:  0.0, Max: 0, Diff: 0, Sum: 0, Workers: 5
[39.755s][debug][gc,phases         ] GC(737)         Total                     Min: 0, Avg: 120.2, Max: 256, Diff: 256, Sum: 601, Workers: 5
[39.755s][debug][gc,phases         ] GC(737)     Merge Per-Thread State: 0.0ms
[39.755s][debug][gc,phases         ] GC(737)       Copied Bytes              Min: 72, Avg: 250316.0, Max: 400536, Diff: 400464, Sum: 2002528, Workers: 8
[39.755s][debug][gc,phases         ] GC(737)       LAB Waste                 Min: 0, Avg:  0.0, Max: 0, Diff: 0, Sum: 0, Workers: 8
[39.755s][debug][gc,phases         ] GC(737)       LAB Undo Waste            Min: 0, Avg:  0.0, Max: 0, Diff: 0, Sum: 0, Workers: 8
[39.755s][debug][gc,phases         ] GC(737)     Code Roots Purge: 0.0ms
[39.755s][debug][gc,phases         ] GC(737)     Redirty Cards: 0.0ms
[39.755s][debug][gc,phases         ] GC(737)     DerivedPointerTable Update: 0.0ms
[39.755s][debug][gc,phases         ] GC(737)     Free Collection Set: 0.2ms
[39.755s][debug][gc,phases         ] GC(737)     Rebuild Free List: 0.1ms
[39.755s][debug][gc,phases         ] GC(737)     Humongous Reclaim: 0.0ms
[39.755s][debug][gc,phases         ] GC(737)     Start New Collection Set: 0.0ms
[39.755s][debug][gc,phases         ] GC(737)     Resize TLABs: 0.0ms
[39.755s][debug][gc,phases         ] GC(737)     Expand Heap After Collection: 0.0ms
[39.755s][info ][gc,phases         ] GC(737)   Other: 0.4ms
[39.755s][info ][gc,heap           ] GC(737) Eden regions: 865->0(867)
[39.755s][info ][gc,heap           ] GC(737) Survivor regions: 5->3(109)
[39.755s][info ][gc,heap           ] GC(737) Old regions: 17->17
[39.755s][info ][gc,heap           ] GC(737) Archive regions: 2->2
[39.755s][info ][gc,heap           ] GC(737) Humongous regions: 0->0
[39.755s][info ][gc,metaspace      ] GC(737) Metaspace: 10130K(10624K)->10130K(10624K) NonClass: 8932K(9216K)->8932K(9216K) Class: 1198K(1408K)->1198K(1408K)
[39.755s][debug][gc,heap           ] GC(737) Heap after GC invocations=738 (full 1): garbage-first heap   total 1484800K, used 20184K [0x0000000700000000, 0x0000000800000000)
[39.755s][debug][gc,heap           ] GC(737)   region size 1024K, 3 young (3072K), 3 survivors (3072K)
[39.755s][debug][gc,heap           ] GC(737)  Metaspace       used 10130K, capacity 10468K, committed 10624K, reserved 1058816K
[39.755s][debug][gc,heap           ] GC(737)   class space    used 1198K, capacity 1344K, committed 1408K, reserved 1048576K
[39.755s][info ][gc                ] GC(737) Pause Young (Normal) (G1 Evacuation Pause) 886M->19M(1450M) 2.221ms
[39.755s][info ][gc,cpu            ] GC(737) User=0.00s Sys=0.00s Real=0.00s
[39.755s][info ][safepoint         ] Safepoint "G1CollectForAllocation", Time since last: 43662147 ns, Reaching safepoint: 141982 ns, At safepoint: 2424433 ns, Total: 2566415 ns
[39.798s][debug][gc,heap           ] GC(738) Heap before GC invocations=738 (full 1): garbage-first heap   total 1484800K, used 906968K [0x0000000700000000, 0x0000000800000000)
[39.798s][debug][gc,heap           ] GC(738)   region size 1024K, 870 young (890880K), 3 survivors (3072K)
[39.798s][debug][gc,heap           ] GC(738)  Metaspace       used 10130K, capacity 10468K, committed 10624K, reserved 1058816K
[39.798s][debug][gc,heap           ] GC(738)   class space    used 1198K, capacity 1344K, committed 1408K, reserved 1048576K
[39.798s][info ][gc,start          ] GC(738) Pause Young (Normal) (G1 Evacuation Pause)
[39.798s][info ][gc,task           ] GC(738) Using 8 workers of 8 for evacuation
[39.798s][debug][gc,tlab           ] GC(738) TLAB totals: thrds: 8  refills: 11 max: 2 slow allocs: 1726 max 244 waste: 35.0% gc: 989480B max: 209360B slow: 29864B max: 14304B fast: 0B max: 0B
[39.798s][debug][gc,age            ] GC(738) Desired survivor size 57147392 bytes, new threshold 15 (max threshold 15)
[39.798s][debug][gc,alloc,region   ] GC(738) Mutator Allocation stats, regions: 867, wasted size: 203M (23.4%)
[39.798s][debug][gc,ergo           ] GC(738) Running G1 Merge Heap Roots using 8 workers for 870 regions
[39.799s][debug][gc,remset         ] GC(738) Visited cards 256 Total dirty 2048 (12.50%) Total old 3602432 (0.01%)
[39.799s][debug][gc,ergo           ] GC(738) Running G1 Clear Card Table Task using 2 workers for 2 units of work for 871 regions.
[39.799s][debug][gc,ref            ] GC(738) Skipped phase1 of Reference Processing due to unavailable references
[39.799s][debug][gc,ref            ] GC(738) Skipped phase2 of Reference Processing due to unavailable references
[39.799s][debug][gc,ref            ] GC(738) Skipped phase3 of Reference Processing due to unavailable references
[39.799s][debug][gc,ref            ] GC(738) Skipped phase4 of Reference Processing due to unavailable references
[39.799s][debug][gc,ergo           ] GC(738) Running G1 Free Collection Set using 8 workers for collection set length 870 (1450)
[39.800s][debug][gc,ergo           ] GC(738) Running G1 Rebuild Free List Task using 8 workers for rebuilding free list of 0 (4096) regions
[39.800s][trace][gc,age            ] GC(738) Age table with threshold 15 (max threshold 15)
[39.800s][trace][gc,age            ] GC(738) - age   1:    3602568 bytes,    3602568 total
[39.800s][debug][gc,plab           ] GC(738) Young PLAB allocation: allocated: 16512B, wasted: 0B, unused: 14064B, used: 2448B, undo waste: 0B, 
[39.800s][debug][gc,plab           ] GC(738) Young other allocation: region end waste: 983872B, regions filled: 5, direct allocated: 3600120B, failure used: 0B, failure wasted: 0B
[39.800s][debug][gc,plab           ] GC(738) Young sizing: calculated: 0B, actual: 2064B
[39.800s][debug][gc,plab           ] GC(738) Old PLAB allocation: allocated: 0B, wasted: 0B, unused: 0B, used: 0B, undo waste: 0B, 
[39.800s][debug][gc,plab           ] GC(738) Old other allocation: region end waste: 0B, regions filled: 1, direct allocated: 0B, failure used: 0B, failure wasted: 0B
[39.800s][debug][gc,plab           ] GC(738) Old sizing: calculated: 0B, actual: 2064B
[39.800s][debug][gc,ihop           ] GC(738) Basic information (value update), threshold: 684195840B (45.00), target occupancy: 1520435200B, current occupancy: 22772408B, recent allocation size: 0B, recent allocation duration: 44.07ms, recent old gen allocation rate: 0.00B/s, recent marking phase length: 29.21ms
[39.800s][debug][gc,ihop           ] GC(738) Adaptive IHOP information (value update), threshold: 684195840B (47.37), internal target occupancy: 1444413440B, occupancy: 22772408B, additional buffer size: 912261120B, predicted old gen allocation rate: 0.15B/s, predicted marking phase length: 58.41ms, prediction active: false
[39.800s][debug][gc,ergo,refine    ] GC(738) Concurrent refinement times: Logged Cards Scan time goal: 20.00ms Logged Cards Scan time: 0.00ms HCC time: 0.00ms
[39.800s][debug][gc,ergo,refine    ] GC(738) Updated Refinement Zones: green: 2048, yellow: 6144, red: 10240
[39.800s][info ][gc,phases         ] GC(738)   Pre Evacuate Collection Set: 0.1ms
[39.800s][debug][gc,phases         ] GC(738)     Prepare TLABs: 0.0ms
[39.800s][debug][gc,phases         ] GC(738)     Choose Collection Set: 0.0ms
[39.800s][debug][gc,phases         ] GC(738)     Region Register: 0.1ms
[39.800s][debug][gc,phases         ] GC(738)     Prepare Heap Roots: 0.0ms
[39.800s][info ][gc,phases         ] GC(738)   Merge Heap Roots: 0.2ms
[39.800s][debug][gc,phases         ] GC(738)     Prepare Merge Heap Roots: 0.0ms
[39.800s][debug][gc,phases         ] GC(738)     Eager Reclaim (ms):       skipped
[39.800s][debug][gc,phases         ] GC(738)     Remembered Sets (ms):     Min:  0.0, Avg:  0.0, Max:  0.0, Diff:  0.0, Sum:  0.2, Workers: 8
[39.800s][debug][gc,phases         ] GC(738)       Merged Sparse:            Min: 0, Avg:  0.0, Max: 0, Diff: 0, Sum: 0, Workers: 8
[39.800s][debug][gc,phases         ] GC(738)       Merged Fine:              Min: 0, Avg:  0.0, Max: 0, Diff: 0, Sum: 0, Workers: 8
[39.800s][debug][gc,phases         ] GC(738)       Merged Coarse:            Min: 0, Avg:  0.0, Max: 0, Diff: 0, Sum: 0, Workers: 8
[39.800s][debug][gc,phases         ] GC(738)       Dirty Cards:              Min: 0, Avg:  0.0, Max: 0, Diff: 0, Sum: 0, Workers: 8
[39.800s][debug][gc,phases         ] GC(738)     Hot Card Cache (ms):      Min:  0.0, Avg:  0.0, Max:  0.0, Diff:  0.0, Sum:  0.0, Workers: 8
[39.800s][debug][gc,phases         ] GC(738)       Dirty Cards:              Min: 0, Avg:  0.0, Max: 0, Diff: 0, Sum: 0, Workers: 8
[39.800s][debug][gc,phases         ] GC(738)       Skipped Cards:            Min: 0, Avg:  0.0, Max: 0, Diff: 0, Sum: 0, Workers: 8
[39.800s][debug][gc,phases         ] GC(738)     Log Buffers (ms):         Min:  0.0, Avg:  0.0, Max:  0.0, Diff:  0.0, Sum:  0.0, Workers: 8
[39.800s][debug][gc,phases         ] GC(738)       Dirty Cards:              Min: 0, Avg:  0.1, Max: 1, Diff: 1, Sum: 1, Workers: 8
[39.800s][debug][gc,phases         ] GC(738)       Skipped Cards:            Min: 0, Avg:  0.0, Max: 0, Diff: 0, Sum: 0, Workers: 8
[39.800s][info ][gc,phases         ] GC(738)   Evacuate Collection Set: 0.4ms
[39.800s][debug][gc,phases         ] GC(738)     Ext Root Scanning (ms):   Min:  0.1, Avg:  0.2, Max:  0.3, Diff:  0.3, Sum:  1.8, Workers: 8
[39.800s][debug][gc,phases         ] GC(738)     Scan Heap Roots (ms):     Min:  0.0, Avg:  0.0, Max:  0.0, Diff:  0.0, Sum:  0.0, Workers: 8
[39.800s][debug][gc,phases         ] GC(738)       Scanned Cards:            Min: 0, Avg:  0.1, Max: 1, Diff: 1, Sum: 1, Workers: 8
[39.800s][debug][gc,phases         ] GC(738)       Scanned Blocks:           Min: 0, Avg:  0.1, Max: 1, Diff: 1, Sum: 1, Workers: 8
[39.800s][debug][gc,phases         ] GC(738)       Claimed Chunks:           Min: 0, Avg:  0.1, Max: 1, Diff: 1, Sum: 1, Workers: 8
[39.800s][debug][gc,phases         ] GC(738)     Code Root Scan (ms):      Min:  0.0, Avg:  0.0, Max:  0.1, Diff:  0.1, Sum:  0.2, Workers: 8
[39.800s][debug][gc,phases         ] GC(738)     Object Copy (ms):         Min:  0.0, Avg:  0.0, Max:  0.0, Diff:  0.0, Sum:  0.0, Workers: 8
[39.800s][debug][gc,phases         ] GC(738)     Termination (ms):         Min:  0.0, Avg:  0.1, Max:  0.1, Diff:  0.1, Sum:  0.8, Workers: 8
[39.800s][debug][gc,phases         ] GC(738)       Termination Attempts:     Min: 1, Avg:  1.6, Max: 3, Diff: 2, Sum: 13, Workers: 8
[39.800s][debug][gc,phases         ] GC(738)     GC Worker Other (ms):     Min:  0.0, Avg:  0.0, Max:  0.1, Diff:  0.1, Sum:  0.3, Workers: 8
[39.800s][debug][gc,phases         ] GC(738)     GC Worker Total (ms):     Min:  0.4, Avg:  0.4, Max:  0.4, Diff:  0.0, Sum:  3.1, Workers: 8
[39.800s][info ][gc,phases         ] GC(738)   Post Evacuate Collection Set: 0.6ms
[39.800s][debug][gc,phases         ] GC(738)     Code Roots Fixup: 0.0ms
[39.800s][debug][gc,phases         ] GC(738)     Clear Card Table: 0.2ms
[39.800s][debug][gc,phases         ] GC(738)     Reference Processing: 0.0ms
[39.800s][debug][gc,phases,ref     ] GC(738)       Reconsider SoftReferences: 0.0ms
[39.800s][debug][gc,phases,ref     ] GC(738)         SoftRef (ms):             skipped
[39.800s][debug][gc,phases,ref     ] GC(738)       Notify Soft/WeakReferences: 0.0ms
[39.800s][debug][gc,phases,ref     ] GC(738)         SoftRef (ms):             skipped
[39.800s][debug][gc,phases,ref     ] GC(738)         WeakRef (ms):             skipped
[39.800s][debug][gc,phases,ref     ] GC(738)         FinalRef (ms):            skipped
[39.800s][debug][gc,phases,ref     ] GC(738)         Total (ms):               skipped
[39.800s][debug][gc,phases,ref     ] GC(738)       Notify and keep alive finalizable: 0.0ms
[39.800s][debug][gc,phases,ref     ] GC(738)         FinalRef (ms):            skipped
[39.800s][debug][gc,phases,ref     ] GC(738)       Notify PhantomReferences: 0.0ms
[39.800s][debug][gc,phases,ref     ] GC(738)         PhantomRef (ms):          skipped
[39.800s][debug][gc,phases,ref     ] GC(738)       SoftReference:
[39.800s][debug][gc,phases,ref     ] GC(738)         Discovered: 0
[39.800s][debug][gc,phases,ref     ] GC(738)         Cleared: 0
[39.800s][debug][gc,phases,ref     ] GC(738)       WeakReference:
[39.800s][debug][gc,phases,ref     ] GC(738)         Discovered: 0
[39.800s][debug][gc,phases,ref     ] GC(738)         Cleared: 0
[39.800s][debug][gc,phases,ref     ] GC(738)       FinalReference:
[39.800s][debug][gc,phases,ref     ] GC(738)         Discovered: 0
[39.800s][debug][gc,phases,ref     ] GC(738)         Cleared: 0
[39.800s][debug][gc,phases,ref     ] GC(738)       PhantomReference:
[39.800s][debug][gc,phases,ref     ] GC(738)         Discovered: 0
[39.800s][debug][gc,phases,ref     ] GC(738)         Cleared: 0
[39.800s][debug][gc,phases         ] GC(738)     Weak Processing: 0.1ms
[39.800s][debug][gc,phases         ] GC(738)       JVMTI weak processing: 0.0ms
[39.800s][debug][gc,phases         ] GC(738)         Dead: 0
[39.800s][debug][gc,phases         ] GC(738)         Total: 0
[39.800s][debug][gc,phases         ] GC(738)       JFR weak processing: 0.0ms
[39.800s][debug][gc,phases         ] GC(738)         Dead: 0
[39.800s][debug][gc,phases         ] GC(738)         Total: 0
[39.800s][debug][gc,phases         ] GC(738)       JNI weak                  Min:  0.0, Avg:  0.0, Max:  0.0, Diff:  0.0, Sum:  0.0, Workers: 5
[39.800s][debug][gc,phases         ] GC(738)         Dead                      Min: 0, Avg:  0.0, Max: 0, Diff: 0, Sum: 0, Workers: 5
[39.800s][debug][gc,phases         ] GC(738)         Total                     Min: 0, Avg: 13.4, Max: 64, Diff: 64, Sum: 67, Workers: 5
[39.800s][debug][gc,phases         ] GC(738)       VM weak                   Min:  0.0, Avg:  0.0, Max:  0.0, Diff:  0.0, Sum:  0.0, Workers: 5
[39.800s][debug][gc,phases         ] GC(738)         Dead                      Min: 0, Avg:  0.0, Max: 0, Diff: 0, Sum: 0, Workers: 5
[39.800s][debug][gc,phases         ] GC(738)         Total                     Min: 0, Avg: 45.2, Max: 128, Diff: 128, Sum: 226, Workers: 5
[39.800s][debug][gc,phases         ] GC(738)       StringTable weak          Min:  0.0, Avg:  0.0, Max:  0.0, Diff:  0.0, Sum:  0.1, Workers: 5
[39.800s][debug][gc,phases         ] GC(738)         Dead                      Min: 0, Avg:  0.0, Max: 0, Diff: 0, Sum: 0, Workers: 5
[39.800s][debug][gc,phases         ] GC(738)         Total                     Min: 0, Avg: 682.8, Max: 1727, Diff: 1727, Sum: 3414, Workers: 5
[39.800s][debug][gc,phases         ] GC(738)       ResolvedMethodTable weak  Min:  0.0, Avg:  0.0, Max:  0.0, Diff:  0.0, Sum:  0.0, Workers: 5
[39.800s][debug][gc,phases         ] GC(738)         Dead                      Min: 0, Avg:  0.0, Max: 0, Diff: 0, Sum: 0, Workers: 5
[39.800s][debug][gc,phases         ] GC(738)         Total                     Min: 0, Avg: 120.2, Max: 320, Diff: 320, Sum: 601, Workers: 5
[39.800s][debug][gc,phases         ] GC(738)     Merge Per-Thread State: 0.0ms
[39.800s][debug][gc,phases         ] GC(738)       Copied Bytes              Min: 536, Avg: 450321.0, Max: 800096, Diff: 799560, Sum: 3602568, Workers: 8
[39.800s][debug][gc,phases         ] GC(738)       LAB Waste                 Min: 0, Avg:  0.0, Max: 0, Diff: 0, Sum: 0, Workers: 8
[39.800s][debug][gc,phases         ] GC(738)       LAB Undo Waste            Min: 0, Avg:  0.0, Max: 0, Diff: 0, Sum: 0, Workers: 8
[39.800s][debug][gc,phases         ] GC(738)     Code Roots Purge: 0.0ms
[39.800s][debug][gc,phases         ] GC(738)     Redirty Cards: 0.0ms
[39.800s][debug][gc,phases         ] GC(738)     DerivedPointerTable Update: 0.0ms
[39.800s][debug][gc,phases         ] GC(738)     Free Collection Set: 0.2ms
[39.800s][debug][gc,phases         ] GC(738)     Rebuild Free List: 0.1ms
[39.800s][debug][gc,phases         ] GC(738)     Humongous Reclaim: 0.0ms
[39.800s][debug][gc,phases         ] GC(738)     Start New Collection Set: 0.0ms
[39.800s][debug][gc,phases         ] GC(738)     Resize TLABs: 0.0ms
[39.800s][debug][gc,phases         ] GC(738)     Expand Heap After Collection: 0.0ms
[39.800s][info ][gc,phases         ] GC(738)   Other: 0.3ms
[39.800s][info ][gc,heap           ] GC(738) Eden regions: 867->0(865)
[39.800s][info ][gc,heap           ] GC(738) Survivor regions: 3->5(109)
[39.800s][info ][gc,heap           ] GC(738) Old regions: 17->17
[39.800s][info ][gc,heap           ] GC(738) Archive regions: 2->2
[39.800s][info ][gc,heap           ] GC(738) Humongous regions: 0->0
[39.800s][info ][gc,metaspace      ] GC(738) Metaspace: 10130K(10624K)->10130K(10624K) NonClass: 8932K(9216K)->8932K(9216K) Class: 1198K(1408K)->1198K(1408K)
[39.801s][debug][gc,heap           ] GC(738) Heap after GC invocations=739 (full 1): garbage-first heap   total 1484800K, used 22238K [0x0000000700000000, 0x0000000800000000)
[39.801s][debug][gc,heap           ] GC(738)   region size 1024K, 5 young (5120K), 5 survivors (5120K)
[39.801s][debug][gc,heap           ] GC(738)  Metaspace       used 10130K, capacity 10468K, committed 10624K, reserved 1058816K
[39.801s][debug][gc,heap           ] GC(738)   class space    used 1198K, capacity 1344K, committed 1408K, reserved 1048576K
[39.801s][info ][gc                ] GC(738) Pause Young (Normal) (G1 Evacuation Pause) 886M->21M(1450M) 2.294ms
[39.801s][info ][gc,cpu            ] GC(738) User=0.00s Sys=0.00s Real=0.00s
[39.801s][info ][safepoint         ] Safepoint "G1CollectForAllocation", Time since last: 42954415 ns, Reaching safepoint: 148246 ns, At safepoint: 2459184 ns, Total: 2607430 ns
[39.843s][debug][gc,heap           ] GC(739) Heap before GC invocations=739 (full 1): garbage-first heap   total 1484800K, used 906974K [0x0000000700000000, 0x0000000800000000)
[39.843s][debug][gc,heap           ] GC(739)   region size 1024K, 870 young (890880K), 5 survivors (5120K)
[39.843s][debug][gc,heap           ] GC(739)  Metaspace       used 10130K, capacity 10468K, committed 10624K, reserved 1058816K
[39.843s][debug][gc,heap           ] GC(739)   class space    used 1198K, capacity 1344K, committed 1408K, reserved 1048576K
[39.843s][info ][gc,start          ] GC(739) Pause Young (Normal) (G1 Evacuation Pause)
[39.843s][info ][gc,task           ] GC(739) Using 8 workers of 8 for evacuation
[39.843s][debug][gc,tlab           ] GC(739) TLAB totals: thrds: 8  refills: 15 max: 3 slow allocs: 1725 max 226 waste: 29.0% gc: 1194520B max: 228736B slow: 72320B max: 15096B fast: 0B max: 0B
[39.843s][debug][gc,age            ] GC(739) Desired survivor size 57147392 bytes, new threshold 15 (max threshold 15)
[39.843s][debug][gc,alloc,region   ] GC(739) Mutator Allocation stats, regions: 865, wasted size: 202M (23.4%)
[39.843s][debug][gc,ergo           ] GC(739) Running G1 Merge Heap Roots using 8 workers for 870 regions
[39.843s][debug][gc,remset         ] GC(739) Visited cards 512 Total dirty 4096 (12.50%) Total old 3602432 (0.01%)
[39.843s][debug][gc,ergo           ] GC(739) Running G1 Clear Card Table Task using 2 workers for 2 units of work for 872 regions.
[39.843s][debug][gc,ref            ] GC(739) Skipped phase1 of Reference Processing due to unavailable references
[39.843s][debug][gc,ref            ] GC(739) Skipped phase2 of Reference Processing due to unavailable references
[39.843s][debug][gc,ref            ] GC(739) Skipped phase3 of Reference Processing due to unavailable references
[39.844s][debug][gc,ref            ] GC(739) Skipped phase4 of Reference Processing due to unavailable references
[39.844s][debug][gc,ergo           ] GC(739) Running G1 Free Collection Set using 8 workers for collection set length 870 (1450)
[39.844s][debug][gc,ergo           ] GC(739) Running G1 Rebuild Free List Task using 8 workers for rebuilding free list of 0 (4096) regions
[39.844s][trace][gc,age            ] GC(739) Age table with threshold 15 (max threshold 15)
[39.844s][trace][gc,age            ] GC(739) - age   1:    1202376 bytes,    1202376 total
[39.844s][debug][gc,plab           ] GC(739) Young PLAB allocation: allocated: 16512B, wasted: 0B, unused: 14176B, used: 2336B, undo waste: 0B, 
[39.844s][debug][gc,plab           ] GC(739) Young other allocation: region end waste: 238224B, regions filled: 2, direct allocated: 1200040B, failure used: 0B, failure wasted: 0B
[39.844s][debug][gc,plab           ] GC(739) Young sizing: calculated: 0B, actual: 2064B
[39.844s][debug][gc,plab           ] GC(739) Old PLAB allocation: allocated: 0B, wasted: 0B, unused: 0B, used: 0B, undo waste: 0B, 
[39.844s][debug][gc,plab           ] GC(739) Old other allocation: region end waste: 0B, regions filled: 1, direct allocated: 0B, failure used: 0B, failure wasted: 0B
[39.844s][debug][gc,plab           ] GC(739) Old sizing: calculated: 0B, actual: 2064B
[39.844s][debug][gc,ihop           ] GC(739) Basic information (value update), threshold: 684195840B (45.00), target occupancy: 1520435200B, current occupancy: 19626680B, recent allocation size: 0B, recent allocation duration: 42.95ms, recent old gen allocation rate: 0.00B/s, recent marking phase length: 29.21ms
[39.844s][debug][gc,ihop           ] GC(739) Adaptive IHOP information (value update), threshold: 684195840B (47.37), internal target occupancy: 1444413440B, occupancy: 19626680B, additional buffer size: 912261120B, predicted old gen allocation rate: 0.15B/s, predicted marking phase length: 58.41ms, prediction active: false
[39.844s][debug][gc,ergo,refine    ] GC(739) Concurrent refinement times: Logged Cards Scan time goal: 20.00ms Logged Cards Scan time: 0.00ms HCC time: 0.00ms
[39.844s][debug][gc,ergo,refine    ] GC(739) Updated Refinement Zones: green: 2048, yellow: 6144, red: 10240
[39.844s][info ][gc,phases         ] GC(739)   Pre Evacuate Collection Set: 0.1ms
[39.844s][debug][gc,phases         ] GC(739)     Prepare TLABs: 0.0ms
[39.844s][debug][gc,phases         ] GC(739)     Choose Collection Set: 0.0ms
[39.844s][debug][gc,phases         ] GC(739)     Region Register: 0.1ms
[39.844s][debug][gc,phases         ] GC(739)     Prepare Heap Roots: 0.0ms
[39.844s][info ][gc,phases         ] GC(739)   Merge Heap Roots: 0.1ms
[39.844s][debug][gc,phases         ] GC(739)     Prepare Merge Heap Roots: 0.0ms
[39.844s][debug][gc,phases         ] GC(739)     Eager Reclaim (ms):       skipped
[39.844s][debug][gc,phases         ] GC(739)     Remembered Sets (ms):     Min:  0.0, Avg:  0.0, Max:  0.1, Diff:  0.0, Sum:  0.3, Workers: 8
[39.844s][debug][gc,phases         ] GC(739)       Merged Sparse:            Min: 0, Avg:  0.0, Max: 0, Diff: 0, Sum: 0, Workers: 8
[39.844s][debug][gc,phases         ] GC(739)       Merged Fine:              Min: 0, Avg:  0.0, Max: 0, Diff: 0, Sum: 0, Workers: 8
[39.844s][debug][gc,phases         ] GC(739)       Merged Coarse:            Min: 0, Avg:  0.0, Max: 0, Diff: 0, Sum: 0, Workers: 8
[39.844s][debug][gc,phases         ] GC(739)       Dirty Cards:              Min: 0, Avg:  0.0, Max: 0, Diff: 0, Sum: 0, Workers: 8
[39.844s][debug][gc,phases         ] GC(739)     Hot Card Cache (ms):      Min:  0.0, Avg:  0.0, Max:  0.0, Diff:  0.0, Sum:  0.0, Workers: 8
[39.844s][debug][gc,phases         ] GC(739)       Dirty Cards:              Min: 0, Avg:  0.0, Max: 0, Diff: 0, Sum: 0, Workers: 8
[39.844s][debug][gc,phases         ] GC(739)       Skipped Cards:            Min: 0, Avg:  0.0, Max: 0, Diff: 0, Sum: 0, Workers: 8
[39.844s][debug][gc,phases         ] GC(739)     Log Buffers (ms):         Min:  0.0, Avg:  0.0, Max:  0.0, Diff:  0.0, Sum:  0.0, Workers: 8
[39.844s][debug][gc,phases         ] GC(739)       Dirty Cards:              Min: 0, Avg:  0.2, Max: 1, Diff: 1, Sum: 2, Workers: 8
[39.844s][debug][gc,phases         ] GC(739)       Skipped Cards:            Min: 0, Avg:  0.0, Max: 0, Diff: 0, Sum: 0, Workers: 8
[39.844s][info ][gc,phases         ] GC(739)   Evacuate Collection Set: 0.2ms
[39.844s][debug][gc,phases         ] GC(739)     Ext Root Scanning (ms):   Min:  0.0, Avg:  0.1, Max:  0.1, Diff:  0.1, Sum:  0.4, Workers: 8
[39.844s][debug][gc,phases         ] GC(739)     Scan Heap Roots (ms):     Min:  0.0, Avg:  0.0, Max:  0.0, Diff:  0.0, Sum:  0.0, Workers: 8
[39.844s][debug][gc,phases         ] GC(739)       Scanned Cards:            Min: 0, Avg:  0.2, Max: 1, Diff: 1, Sum: 2, Workers: 8
[39.844s][debug][gc,phases         ] GC(739)       Scanned Blocks:           Min: 0, Avg:  0.2, Max: 1, Diff: 1, Sum: 2, Workers: 8
[39.844s][debug][gc,phases         ] GC(739)       Claimed Chunks:           Min: 0, Avg:  0.2, Max: 1, Diff: 1, Sum: 2, Workers: 8
[39.844s][debug][gc,phases         ] GC(739)     Code Root Scan (ms):      Min:  0.0, Avg:  0.0, Max:  0.0, Diff:  0.0, Sum:  0.2, Workers: 8
[39.844s][debug][gc,phases         ] GC(739)     Object Copy (ms):         Min:  0.0, Avg:  0.0, Max:  0.0, Diff:  0.0, Sum:  0.0, Workers: 8
[39.844s][debug][gc,phases         ] GC(739)     Termination (ms):         Min:  0.0, Avg:  0.1, Max:  0.1, Diff:  0.0, Sum:  0.5, Workers: 8
[39.844s][debug][gc,phases         ] GC(739)       Termination Attempts:     Min: 1, Avg:  1.0, Max: 1, Diff: 0, Sum: 8, Workers: 8
[39.844s][debug][gc,phases         ] GC(739)     GC Worker Other (ms):     Min:  0.0, Avg:  0.0, Max:  0.1, Diff:  0.0, Sum:  0.4, Workers: 8
[39.844s][debug][gc,phases         ] GC(739)     GC Worker Total (ms):     Min:  0.2, Avg:  0.2, Max:  0.2, Diff:  0.1, Sum:  1.5, Workers: 8
[39.844s][info ][gc,phases         ] GC(739)   Post Evacuate Collection Set: 0.5ms
[39.844s][debug][gc,phases         ] GC(739)     Code Roots Fixup: 0.0ms
[39.844s][debug][gc,phases         ] GC(739)     Clear Card Table: 0.2ms
[39.844s][debug][gc,phases         ] GC(739)     Reference Processing: 0.0ms
[39.844s][debug][gc,phases,ref     ] GC(739)       Reconsider SoftReferences: 0.0ms
[39.844s][debug][gc,phases,ref     ] GC(739)         SoftRef (ms):             skipped
[39.844s][debug][gc,phases,ref     ] GC(739)       Notify Soft/WeakReferences: 0.0ms
[39.844s][debug][gc,phases,ref     ] GC(739)         SoftRef (ms):             skipped
[39.844s][debug][gc,phases,ref     ] GC(739)         WeakRef (ms):             skipped
[39.844s][debug][gc,phases,ref     ] GC(739)         FinalRef (ms):            skipped
[39.844s][debug][gc,phases,ref     ] GC(739)         Total (ms):               skipped
[39.844s][debug][gc,phases,ref     ] GC(739)       Notify and keep alive finalizable: 0.0ms
[39.844s][debug][gc,phases,ref     ] GC(739)         FinalRef (ms):            skipped
[39.844s][debug][gc,phases,ref     ] GC(739)       Notify PhantomReferences: 0.0ms
[39.844s][debug][gc,phases,ref     ] GC(739)         PhantomRef (ms):          skipped
[39.844s][debug][gc,phases,ref     ] GC(739)       SoftReference:
[39.844s][debug][gc,phases,ref     ] GC(739)         Discovered: 0
[39.844s][debug][gc,phases,ref     ] GC(739)         Cleared: 0
[39.844s][debug][gc,phases,ref     ] GC(739)       WeakReference:
[39.844s][debug][gc,phases,ref     ] GC(739)         Discovered: 0
[39.844s][debug][gc,phases,ref     ] GC(739)         Cleared: 0
[39.844s][debug][gc,phases,ref     ] GC(739)       FinalReference:
[39.844s][debug][gc,phases,ref     ] GC(739)         Discovered: 0
[39.844s][debug][gc,phases,ref     ] GC(739)         Cleared: 0
[39.844s][debug][gc,phases,ref     ] GC(739)       PhantomReference:
[39.844s][debug][gc,phases,ref     ] GC(739)         Discovered: 0
[39.844s][debug][gc,phases,ref     ] GC(739)         Cleared: 0
[39.844s][debug][gc,phases         ] GC(739)     Weak Processing: 0.1ms
[39.844s][debug][gc,phases         ] GC(739)       JVMTI weak processing: 0.0ms
[39.844s][debug][gc,phases         ] GC(739)         Dead: 0
[39.844s][debug][gc,phases         ] GC(739)         Total: 0
[39.844s][debug][gc,phases         ] GC(739)       JFR weak processing: 0.0ms
[39.844s][debug][gc,phases         ] GC(739)         Dead: 0
[39.844s][debug][gc,phases         ] GC(739)         Total: 0
[39.844s][debug][gc,phases         ] GC(739)       JNI weak                  Min:  0.0, Avg:  0.0, Max:  0.0, Diff:  0.0, Sum:  0.0, Workers: 5
[39.844s][debug][gc,phases         ] GC(739)         Dead                      Min: 0, Avg:  0.0, Max: 0, Diff: 0, Sum: 0, Workers: 5
[39.844s][debug][gc,phases         ] GC(739)         Total                     Min: 0, Avg: 13.4, Max: 64, Diff: 64, Sum: 67, Workers: 5
[39.844s][debug][gc,phases         ] GC(739)       VM weak                   Min:  0.0, Avg:  0.0, Max:  0.0, Diff:  0.0, Sum:  0.0, Workers: 5
[39.844s][debug][gc,phases         ] GC(739)         Dead                      Min: 0, Avg:  0.0, Max: 0, Diff: 0, Sum: 0, Workers: 5
[39.844s][debug][gc,phases         ] GC(739)         Total                     Min: 0, Avg: 45.2, Max: 128, Diff: 128, Sum: 226, Workers: 5
[39.844s][debug][gc,phases         ] GC(739)       StringTable weak          Min:  0.0, Avg:  0.0, Max:  0.0, Diff:  0.0, Sum:  0.1, Workers: 5
[39.844s][debug][gc,phases         ] GC(739)         Dead                      Min: 0, Avg:  0.0, Max: 0, Diff: 0, Sum: 0, Workers: 5
[39.844s][debug][gc,phases         ] GC(739)         Total                     Min: 0, Avg: 682.8, Max: 1727, Diff: 1727, Sum: 3414, Workers: 5
[39.844s][debug][gc,phases         ] GC(739)       ResolvedMethodTable weak  Min:  0.0, Avg:  0.0, Max:  0.0, Diff:  0.0, Sum:  0.0, Workers: 5
[39.844s][debug][gc,phases         ] GC(739)         Dead                      Min: 0, Avg:  0.0, Max: 0, Diff: 0, Sum: 0, Workers: 5
[39.844s][debug][gc,phases         ] GC(739)         Total                     Min: 0, Avg: 120.2, Max: 281, Diff: 281, Sum: 601, Workers: 5
[39.844s][debug][gc,phases         ] GC(739)     Merge Per-Thread State: 0.0ms
[39.844s][debug][gc,phases         ] GC(739)       Copied Bytes              Min: 72, Avg: 150297.0, Max: 800320, Diff: 800248, Sum: 1202376, Workers: 8
[39.844s][debug][gc,phases         ] GC(739)       LAB Waste                 Min: 0, Avg:  0.0, Max: 0, Diff: 0, Sum: 0, Workers: 8
[39.844s][debug][gc,phases         ] GC(739)       LAB Undo Waste            Min: 0, Avg:  0.0, Max: 0, Diff: 0, Sum: 0, Workers: 8
[39.844s][debug][gc,phases         ] GC(739)     Code Roots Purge: 0.0ms
[39.844s][debug][gc,phases         ] GC(739)     Redirty Cards: 0.0ms
[39.844s][debug][gc,phases         ] GC(739)     DerivedPointerTable Update: 0.0ms
[39.844s][debug][gc,phases         ] GC(739)     Free Collection Set: 0.2ms
[39.844s][debug][gc,phases         ] GC(739)     Rebuild Free List: 0.1ms
[39.844s][debug][gc,phases         ] GC(739)     Humongous Reclaim: 0.0ms
[39.844s][debug][gc,phases         ] GC(739)     Start New Collection Set: 0.0ms
[39.844s][debug][gc,phases         ] GC(739)     Resize TLABs: 0.0ms
[39.844s][debug][gc,phases         ] GC(739)     Expand Heap After Collection: 0.0ms
[39.844s][info ][gc,phases         ] GC(739)   Other: 0.3ms
[39.844s][info ][gc,heap           ] GC(739) Eden regions: 865->0(868)
[39.844s][info ][gc,heap           ] GC(739) Survivor regions: 5->2(109)
[39.844s][info ][gc,heap           ] GC(739) Old regions: 17->17
[39.844s][info ][gc,heap           ] GC(739) Archive regions: 2->2
[39.845s][info ][gc,heap           ] GC(739) Humongous regions: 0->0
[39.845s][info ][gc,metaspace      ] GC(739) Metaspace: 10130K(10624K)->10130K(10624K) NonClass: 8932K(9216K)->8932K(9216K) Class: 1198K(1408K)->1198K(1408K)
[39.845s][debug][gc,heap           ] GC(739) Heap after GC invocations=740 (full 1): garbage-first heap   total 1484800K, used 19166K [0x0000000700000000, 0x0000000800000000)
[39.845s][debug][gc,heap           ] GC(739)   region size 1024K, 2 young (2048K), 2 survivors (2048K)
[39.845s][debug][gc,heap           ] GC(739)  Metaspace       used 10130K, capacity 10468K, committed 10624K, reserved 1058816K
[39.845s][debug][gc,heap           ] GC(739)   class space    used 1198K, capacity 1344K, committed 1408K, reserved 1048576K
[39.845s][info ][gc                ] GC(739) Pause Young (Normal) (G1 Evacuation Pause) 886M->18M(1450M) 1.845ms
[39.845s][info ][gc,cpu            ] GC(739) User=0.00s Sys=0.00s Real=0.00s
[39.845s][info ][safepoint         ] Safepoint "G1CollectForAllocation", Time since last: 41892963 ns, Reaching safepoint: 109821 ns, At safepoint: 2003341 ns, Total: 2113162 ns
[39.887s][debug][gc,heap           ] GC(740) Heap before GC invocations=740 (full 1): garbage-first heap   total 1484800K, used 906974K [0x0000000700000000, 0x0000000800000000)
[39.887s][debug][gc,heap           ] GC(740)   region size 1024K, 870 young (890880K), 2 survivors (2048K)
[39.887s][debug][gc,heap           ] GC(740)  Metaspace       used 10130K, capacity 10468K, committed 10624K, reserved 1058816K
[39.887s][debug][gc,heap           ] GC(740)   class space    used 1198K, capacity 1344K, committed 1408K, reserved 1048576K
[39.887s][info ][gc,start          ] GC(740) Pause Young (Normal) (G1 Evacuation Pause)
[39.887s][info ][gc,task           ] GC(740) Using 8 workers of 8 for evacuation
[39.887s][debug][gc,tlab           ] GC(740) TLAB totals: thrds: 8  refills: 13 max: 2 slow allocs: 1724 max 256 waste: 34.1% gc: 1321456B max: 229600B slow: 70048B max: 14304B fast: 0B max: 0B
[39.887s][debug][gc,age            ] GC(740) Desired survivor size 57147392 bytes, new threshold 15 (max threshold 15)
[39.887s][debug][gc,alloc,region   ] GC(740) Mutator Allocation stats, regions: 868, wasted size: 203M (23.4%)
[39.888s][debug][gc,ergo           ] GC(740) Running G1 Merge Heap Roots using 8 workers for 870 regions
[39.888s][debug][gc,remset         ] GC(740) Visited cards 256 Total dirty 2048 (12.50%) Total old 3602432 (0.01%)
[39.888s][debug][gc,ergo           ] GC(740) Running G1 Clear Card Table Task using 2 workers for 2 units of work for 871 regions.
[39.888s][debug][gc,ref            ] GC(740) Skipped phase1 of Reference Processing due to unavailable references
[39.888s][debug][gc,ref            ] GC(740) Skipped phase2 of Reference Processing due to unavailable references
[39.888s][debug][gc,ref            ] GC(740) Skipped phase3 of Reference Processing due to unavailable references
[39.888s][debug][gc,ref            ] GC(740) Skipped phase4 of Reference Processing due to unavailable references
[39.888s][debug][gc,ergo           ] GC(740) Running G1 Free Collection Set using 8 workers for collection set length 870 (1450)
[39.889s][debug][gc,ergo           ] GC(740) Running G1 Rebuild Free List Task using 8 workers for rebuilding free list of 0 (4096) regions
[39.889s][trace][gc,age            ] GC(740) Age table with threshold 15 (max threshold 15)
[39.889s][trace][gc,age            ] GC(740) - age   1:    3602568 bytes,    3602568 total
[39.889s][debug][gc,plab           ] GC(740) Young PLAB allocation: allocated: 16512B, wasted: 0B, unused: 14064B, used: 2448B, undo waste: 0B, 
[39.889s][debug][gc,plab           ] GC(740) Young other allocation: region end waste: 981808B, regions filled: 5, direct allocated: 3600120B, failure used: 0B, failure wasted: 0B
[39.889s][debug][gc,plab           ] GC(740) Young sizing: calculated: 0B, actual: 2064B
[39.889s][debug][gc,plab           ] GC(740) Old PLAB allocation: allocated: 0B, wasted: 0B, unused: 0B, used: 0B, undo waste: 0B, 
[39.889s][debug][gc,plab           ] GC(740) Old other allocation: region end waste: 0B, regions filled: 1, direct allocated: 0B, failure used: 0B, failure wasted: 0B
[39.889s][debug][gc,plab           ] GC(740) Old sizing: calculated: 0B, actual: 2064B
[39.889s][debug][gc,ihop           ] GC(740) Basic information (value update), threshold: 684195840B (45.00), target occupancy: 1520435200B, current occupancy: 22770344B, recent allocation size: 0B, recent allocation duration: 43.54ms, recent old gen allocation rate: 0.00B/s, recent marking phase length: 29.21ms
[39.889s][debug][gc,ihop           ] GC(740) Adaptive IHOP information (value update), threshold: 684195840B (47.37), internal target occupancy: 1444413440B, occupancy: 22770344B, additional buffer size: 912261120B, predicted old gen allocation rate: 0.15B/s, predicted marking phase length: 58.41ms, prediction active: false
[39.889s][debug][gc,ergo,refine    ] GC(740) Concurrent refinement times: Logged Cards Scan time goal: 20.00ms Logged Cards Scan time: 0.00ms HCC time: 0.00ms
[39.889s][debug][gc,ergo,refine    ] GC(740) Updated Refinement Zones: green: 2048, yellow: 6144, red: 10240
[39.889s][info ][gc,phases         ] GC(740)   Pre Evacuate Collection Set: 0.1ms
[39.889s][debug][gc,phases         ] GC(740)     Prepare TLABs: 0.0ms
[39.889s][debug][gc,phases         ] GC(740)     Choose Collection Set: 0.0ms
[39.889s][debug][gc,phases         ] GC(740)     Region Register: 0.1ms
[39.889s][debug][gc,phases         ] GC(740)     Prepare Heap Roots: 0.0ms
[39.889s][info ][gc,phases         ] GC(740)   Merge Heap Roots: 0.1ms
[39.889s][debug][gc,phases         ] GC(740)     Prepare Merge Heap Roots: 0.0ms
[39.889s][debug][gc,phases         ] GC(740)     Eager Reclaim (ms):       skipped
[39.889s][debug][gc,phases         ] GC(740)     Remembered Sets (ms):     Min:  0.0, Avg:  0.0, Max:  0.0, Diff:  0.0, Sum:  0.3, Workers: 8
[39.889s][debug][gc,phases         ] GC(740)       Merged Sparse:            Min: 0, Avg:  0.0, Max: 0, Diff: 0, Sum: 0, Workers: 8
[39.889s][debug][gc,phases         ] GC(740)       Merged Fine:              Min: 0, Avg:  0.0, Max: 0, Diff: 0, Sum: 0, Workers: 8
[39.889s][debug][gc,phases         ] GC(740)       Merged Coarse:            Min: 0, Avg:  0.0, Max: 0, Diff: 0, Sum: 0, Workers: 8
[39.889s][debug][gc,phases         ] GC(740)       Dirty Cards:              Min: 0, Avg:  0.0, Max: 0, Diff: 0, Sum: 0, Workers: 8
[39.889s][debug][gc,phases         ] GC(740)     Hot Card Cache (ms):      Min:  0.0, Avg:  0.0, Max:  0.0, Diff:  0.0, Sum:  0.0, Workers: 8
[39.889s][debug][gc,phases         ] GC(740)       Dirty Cards:              Min: 0, Avg:  0.0, Max: 0, Diff: 0, Sum: 0, Workers: 8
[39.889s][debug][gc,phases         ] GC(740)       Skipped Cards:            Min: 0, Avg:  0.0, Max: 0, Diff: 0, Sum: 0, Workers: 8
[39.889s][debug][gc,phases         ] GC(740)     Log Buffers (ms):         Min:  0.0, Avg:  0.0, Max:  0.0, Diff:  0.0, Sum:  0.0, Workers: 8
[39.889s][debug][gc,phases         ] GC(740)       Dirty Cards:              Min: 0, Avg:  0.1, Max: 1, Diff: 1, Sum: 1, Workers: 8
[39.889s][debug][gc,phases         ] GC(740)       Skipped Cards:            Min: 0, Avg:  0.0, Max: 0, Diff: 0, Sum: 0, Workers: 8
[39.889s][info ][gc,phases         ] GC(740)   Evacuate Collection Set: 0.4ms
[39.889s][debug][gc,phases         ] GC(740)     Ext Root Scanning (ms):   Min:  0.1, Avg:  0.2, Max:  0.3, Diff:  0.3, Sum:  1.8, Workers: 8
[39.889s][debug][gc,phases         ] GC(740)     Scan Heap Roots (ms):     Min:  0.0, Avg:  0.0, Max:  0.0, Diff:  0.0, Sum:  0.0, Workers: 8
[39.889s][debug][gc,phases         ] GC(740)       Scanned Cards:            Min: 0, Avg:  0.1, Max: 1, Diff: 1, Sum: 1, Workers: 8
[39.889s][debug][gc,phases         ] GC(740)       Scanned Blocks:           Min: 0, Avg:  0.1, Max: 1, Diff: 1, Sum: 1, Workers: 8
[39.889s][debug][gc,phases         ] GC(740)       Claimed Chunks:           Min: 0, Avg:  0.1, Max: 1, Diff: 1, Sum: 1, Workers: 8
[39.889s][debug][gc,phases         ] GC(740)     Code Root Scan (ms):      Min:  0.0, Avg:  0.0, Max:  0.1, Diff:  0.1, Sum:  0.2, Workers: 8
[39.889s][debug][gc,phases         ] GC(740)     Object Copy (ms):         Min:  0.0, Avg:  0.0, Max:  0.0, Diff:  0.0, Sum:  0.0, Workers: 8
[39.889s][debug][gc,phases         ] GC(740)     Termination (ms):         Min:  0.0, Avg:  0.1, Max:  0.1, Diff:  0.1, Sum:  0.7, Workers: 8
[39.889s][debug][gc,phases         ] GC(740)       Termination Attempts:     Min: 1, Avg:  1.4, Max: 2, Diff: 1, Sum: 11, Workers: 8
[39.889s][debug][gc,phases         ] GC(740)     GC Worker Other (ms):     Min:  0.0, Avg:  0.0, Max:  0.1, Diff:  0.1, Sum:  0.3, Workers: 8
[39.889s][debug][gc,phases         ] GC(740)     GC Worker Total (ms):     Min:  0.4, Avg:  0.4, Max:  0.4, Diff:  0.1, Sum:  3.0, Workers: 8
[39.889s][info ][gc,phases         ] GC(740)   Post Evacuate Collection Set: 0.5ms
[39.889s][debug][gc,phases         ] GC(740)     Code Roots Fixup: 0.0ms
[39.889s][debug][gc,phases         ] GC(740)     Clear Card Table: 0.2ms
[39.889s][debug][gc,phases         ] GC(740)     Reference Processing: 0.0ms
[39.889s][debug][gc,phases,ref     ] GC(740)       Reconsider SoftReferences: 0.0ms
[39.889s][debug][gc,phases,ref     ] GC(740)         SoftRef (ms):             skipped
[39.889s][debug][gc,phases,ref     ] GC(740)       Notify Soft/WeakReferences: 0.0ms
[39.889s][debug][gc,phases,ref     ] GC(740)         SoftRef (ms):             skipped
[39.889s][debug][gc,phases,ref     ] GC(740)         WeakRef (ms):             skipped
[39.889s][debug][gc,phases,ref     ] GC(740)         FinalRef (ms):            skipped
[39.889s][debug][gc,phases,ref     ] GC(740)         Total (ms):               skipped
[39.889s][debug][gc,phases,ref     ] GC(740)       Notify and keep alive finalizable: 0.0ms
[39.889s][debug][gc,phases,ref     ] GC(740)         FinalRef (ms):            skipped
[39.889s][debug][gc,phases,ref     ] GC(740)       Notify PhantomReferences: 0.0ms
[39.889s][debug][gc,phases,ref     ] GC(740)         PhantomRef (ms):          skipped
[39.889s][debug][gc,phases,ref     ] GC(740)       SoftReference:
[39.889s][debug][gc,phases,ref     ] GC(740)         Discovered: 0
[39.889s][debug][gc,phases,ref     ] GC(740)         Cleared: 0
[39.889s][debug][gc,phases,ref     ] GC(740)       WeakReference:
[39.889s][debug][gc,phases,ref     ] GC(740)         Discovered: 0
[39.889s][debug][gc,phases,ref     ] GC(740)         Cleared: 0
[39.889s][debug][gc,phases,ref     ] GC(740)       FinalReference:
[39.889s][debug][gc,phases,ref     ] GC(740)         Discovered: 0
[39.889s][debug][gc,phases,ref     ] GC(740)         Cleared: 0
[39.889s][debug][gc,phases,ref     ] GC(740)       PhantomReference:
[39.889s][debug][gc,phases,ref     ] GC(740)         Discovered: 0
[39.889s][debug][gc,phases,ref     ] GC(740)         Cleared: 0
[39.889s][debug][gc,phases         ] GC(740)     Weak Processing: 0.0ms
[39.889s][debug][gc,phases         ] GC(740)       JVMTI weak processing: 0.0ms
[39.889s][debug][gc,phases         ] GC(740)         Dead: 0
[39.889s][debug][gc,phases         ] GC(740)         Total: 0
[39.889s][debug][gc,phases         ] GC(740)       JFR weak processing: 0.0ms
[39.889s][debug][gc,phases         ] GC(740)         Dead: 0
[39.889s][debug][gc,phases         ] GC(740)         Total: 0
[39.889s][debug][gc,phases         ] GC(740)       JNI weak                  Min:  0.0, Avg:  0.0, Max:  0.0, Diff:  0.0, Sum:  0.0, Workers: 5
[39.889s][debug][gc,phases         ] GC(740)         Dead                      Min: 0, Avg:  0.0, Max: 0, Diff: 0, Sum: 0, Workers: 5
[39.889s][debug][gc,phases         ] GC(740)         Total                     Min: 0, Avg: 13.4, Max: 67, Diff: 67, Sum: 67, Workers: 5
[39.889s][debug][gc,phases         ] GC(740)       VM weak                   Min:  0.0, Avg:  0.0, Max:  0.0, Diff:  0.0, Sum:  0.0, Workers: 5
[39.889s][debug][gc,phases         ] GC(740)         Dead                      Min: 0, Avg:  0.0, Max: 0, Diff: 0, Sum: 0, Workers: 5
[39.889s][debug][gc,phases         ] GC(740)         Total                     Min: 0, Avg: 45.2, Max: 226, Diff: 226, Sum: 226, Workers: 5
[39.889s][debug][gc,phases         ] GC(740)       StringTable weak          Min:  0.0, Avg:  0.0, Max:  0.0, Diff:  0.0, Sum:  0.0, Workers: 5
[39.889s][debug][gc,phases         ] GC(740)         Dead                      Min: 0, Avg:  0.0, Max: 0, Diff: 0, Sum: 0, Workers: 5
[39.889s][debug][gc,phases         ] GC(740)         Total                     Min: 0, Avg: 682.8, Max: 1494, Diff: 1494, Sum: 3414, Workers: 5
[39.889s][debug][gc,phases         ] GC(740)       ResolvedMethodTable weak  Min:  0.0, Avg:  0.0, Max:  0.0, Diff:  0.0, Sum:  0.0, Workers: 5
[39.889s][debug][gc,phases         ] GC(740)         Dead                      Min: 0, Avg:  0.0, Max: 0, Diff: 0, Sum: 0, Workers: 5
[39.889s][debug][gc,phases         ] GC(740)         Total                     Min: 0, Avg: 120.2, Max: 217, Diff: 217, Sum: 601, Workers: 5
[39.889s][debug][gc,phases         ] GC(740)     Merge Per-Thread State: 0.0ms
[39.889s][debug][gc,phases         ] GC(740)       Copied Bytes              Min: 296, Avg: 450321.0, Max: 800688, Diff: 800392, Sum: 3602568, Workers: 8
[39.889s][debug][gc,phases         ] GC(740)       LAB Waste                 Min: 0, Avg:  0.0, Max: 0, Diff: 0, Sum: 0, Workers: 8
[39.889s][debug][gc,phases         ] GC(740)       LAB Undo Waste            Min: 0, Avg:  0.0, Max: 0, Diff: 0, Sum: 0, Workers: 8
[39.889s][debug][gc,phases         ] GC(740)     Code Roots Purge: 0.0ms
[39.889s][debug][gc,phases         ] GC(740)     Redirty Cards: 0.0ms
[39.889s][debug][gc,phases         ] GC(740)     DerivedPointerTable Update: 0.0ms
[39.889s][debug][gc,phases         ] GC(740)     Free Collection Set: 0.2ms
[39.889s][debug][gc,phases         ] GC(740)     Rebuild Free List: 0.1ms
[39.889s][debug][gc,phases         ] GC(740)     Humongous Reclaim: 0.0ms
[39.889s][debug][gc,phases         ] GC(740)     Start New Collection Set: 0.0ms
[39.889s][debug][gc,phases         ] GC(740)     Resize TLABs: 0.0ms
[39.889s][debug][gc,phases         ] GC(740)     Expand Heap After Collection: 0.0ms
[39.889s][info ][gc,phases         ] GC(740)   Other: 0.3ms
[39.889s][info ][gc,heap           ] GC(740) Eden regions: 868->0(865)
[39.889s][info ][gc,heap           ] GC(740) Survivor regions: 2->5(109)
[39.889s][info ][gc,heap           ] GC(740) Old regions: 17->17
[39.889s][info ][gc,heap           ] GC(740) Archive regions: 2->2
[39.889s][info ][gc,heap           ] GC(740) Humongous regions: 0->0
[39.889s][info ][gc,metaspace      ] GC(740) Metaspace: 10130K(10624K)->10130K(10624K) NonClass: 8932K(9216K)->8932K(9216K) Class: 1198K(1408K)->1198K(1408K)
[39.889s][debug][gc,heap           ] GC(740) Heap after GC invocations=741 (full 1): garbage-first heap   total 1484800K, used 22236K [0x0000000700000000, 0x0000000800000000)
[39.889s][debug][gc,heap           ] GC(740)   region size 1024K, 5 young (5120K), 5 survivors (5120K)
[39.889s][debug][gc,heap           ] GC(740)  Metaspace       used 10130K, capacity 10468K, committed 10624K, reserved 1058816K
[39.889s][debug][gc,heap           ] GC(740)   class space    used 1198K, capacity 1344K, committed 1408K, reserved 1048576K
[39.889s][info ][gc                ] GC(740) Pause Young (Normal) (G1 Evacuation Pause) 886M->21M(1450M) 2.021ms
[39.889s][info ][gc,cpu            ] GC(740) User=0.00s Sys=0.00s Real=0.00s
[39.890s][info ][safepoint         ] Safepoint "G1CollectForAllocation", Time since last: 42524586 ns, Reaching safepoint: 162980 ns, At safepoint: 2190961 ns, Total: 2353941 ns
[39.932s][debug][gc,heap           ] GC(741) Heap before GC invocations=741 (full 1): garbage-first heap   total 1484800K, used 906972K [0x0000000700000000, 0x0000000800000000)
[39.932s][debug][gc,heap           ] GC(741)   region size 1024K, 870 young (890880K), 5 survivors (5120K)
[39.932s][debug][gc,heap           ] GC(741)  Metaspace       used 10130K, capacity 10468K, committed 10624K, reserved 1058816K
[39.932s][debug][gc,heap           ] GC(741)   class space    used 1198K, capacity 1344K, committed 1408K, reserved 1048576K
[39.932s][info ][gc,start          ] GC(741) Pause Young (Normal) (G1 Evacuation Pause)
[39.932s][info ][gc,task           ] GC(741) Using 8 workers of 8 for evacuation
[39.932s][debug][gc,tlab           ] GC(741) TLAB totals: thrds: 8  refills: 14 max: 2 slow allocs: 1721 max 230 waste: 19.2% gc: 935544B max: 212760B slow: 83320B max: 14304B fast: 0B max: 0B
[39.932s][debug][gc,age            ] GC(741) Desired survivor size 57147392 bytes, new threshold 15 (max threshold 15)
[39.932s][debug][gc,alloc,region   ] GC(741) Mutator Allocation stats, regions: 865, wasted size: 202M (23.4%)
[39.933s][debug][gc,ergo           ] GC(741) Running G1 Merge Heap Roots using 8 workers for 870 regions
[39.933s][debug][gc,remset         ] GC(741) Visited cards 512 Total dirty 4096 (12.50%) Total old 3602432 (0.01%)
[39.933s][debug][gc,ergo           ] GC(741) Running G1 Clear Card Table Task using 2 workers for 2 units of work for 872 regions.
[39.933s][debug][gc,ref            ] GC(741) Skipped phase1 of Reference Processing due to unavailable references
[39.933s][debug][gc,ref            ] GC(741) Skipped phase2 of Reference Processing due to unavailable references
[39.933s][debug][gc,ref            ] GC(741) Skipped phase3 of Reference Processing due to unavailable references
[39.933s][debug][gc,ref            ] GC(741) Skipped phase4 of Reference Processing due to unavailable references
[39.933s][debug][gc,ergo           ] GC(741) Running G1 Free Collection Set using 8 workers for collection set length 870 (1450)
[39.933s][debug][gc,ergo           ] GC(741) Running G1 Rebuild Free List Task using 8 workers for rebuilding free list of 0 (4096) regions
[39.934s][trace][gc,age            ] GC(741) Age table with threshold 15 (max threshold 15)
[39.934s][trace][gc,age            ] GC(741) - age   1:    2802552 bytes,    2802552 total
[39.934s][debug][gc,plab           ] GC(741) Young PLAB allocation: allocated: 16512B, wasted: 0B, unused: 14064B, used: 2448B, undo waste: 0B, 
[39.934s][debug][gc,plab           ] GC(741) Young other allocation: region end waste: 731184B, regions filled: 4, direct allocated: 2800104B, failure used: 0B, failure wasted: 0B
[39.934s][debug][gc,plab           ] GC(741) Young sizing: calculated: 0B, actual: 2064B
[39.934s][debug][gc,plab           ] GC(741) Old PLAB allocation: allocated: 0B, wasted: 0B, unused: 0B, used: 0B, undo waste: 0B, 
[39.934s][debug][gc,plab           ] GC(741) Old other allocation: region end waste: 0B, regions filled: 1, direct allocated: 0B, failure used: 0B, failure wasted: 0B
[39.934s][debug][gc,plab           ] GC(741) Old sizing: calculated: 0B, actual: 2064B
[39.934s][debug][gc,ihop           ] GC(741) Basic information (value update), threshold: 684195840B (45.00), target occupancy: 1520435200B, current occupancy: 21719704B, recent allocation size: 0B, recent allocation duration: 43.54ms, recent old gen allocation rate: 0.00B/s, recent marking phase length: 29.21ms
[39.934s][debug][gc,ihop           ] GC(741) Adaptive IHOP information (value update), threshold: 684195840B (47.37), internal target occupancy: 1444413440B, occupancy: 21719704B, additional buffer size: 912261120B, predicted old gen allocation rate: 0.14B/s, predicted marking phase length: 58.41ms, prediction active: false
[39.934s][debug][gc,ergo,refine    ] GC(741) Concurrent refinement times: Logged Cards Scan time goal: 20.00ms Logged Cards Scan time: 0.00ms HCC time: 0.00ms
[39.934s][debug][gc,ergo,refine    ] GC(741) Updated Refinement Zones: green: 2048, yellow: 6144, red: 10240
[39.934s][info ][gc,phases         ] GC(741)   Pre Evacuate Collection Set: 0.1ms
[39.934s][debug][gc,phases         ] GC(741)     Prepare TLABs: 0.0ms
[39.934s][debug][gc,phases         ] GC(741)     Choose Collection Set: 0.0ms
[39.934s][debug][gc,phases         ] GC(741)     Region Register: 0.1ms
[39.934s][debug][gc,phases         ] GC(741)     Prepare Heap Roots: 0.0ms
[39.934s][info ][gc,phases         ] GC(741)   Merge Heap Roots: 0.1ms
[39.934s][debug][gc,phases         ] GC(741)     Prepare Merge Heap Roots: 0.0ms
[39.934s][debug][gc,phases         ] GC(741)     Eager Reclaim (ms):       skipped
[39.934s][debug][gc,phases         ] GC(741)     Remembered Sets (ms):     Min:  0.0, Avg:  0.0, Max:  0.1, Diff:  0.0, Sum:  0.3, Workers: 8
[39.934s][debug][gc,phases         ] GC(741)       Merged Sparse:            Min: 0, Avg:  0.0, Max: 0, Diff: 0, Sum: 0, Workers: 8
[39.934s][debug][gc,phases         ] GC(741)       Merged Fine:              Min: 0, Avg:  0.0, Max: 0, Diff: 0, Sum: 0, Workers: 8
[39.934s][debug][gc,phases         ] GC(741)       Merged Coarse:            Min: 0, Avg:  0.0, Max: 0, Diff: 0, Sum: 0, Workers: 8
[39.934s][debug][gc,phases         ] GC(741)       Dirty Cards:              Min: 0, Avg:  0.0, Max: 0, Diff: 0, Sum: 0, Workers: 8
[39.934s][debug][gc,phases         ] GC(741)     Hot Card Cache (ms):      Min:  0.0, Avg:  0.0, Max:  0.0, Diff:  0.0, Sum:  0.0, Workers: 8
[39.934s][debug][gc,phases         ] GC(741)       Dirty Cards:              Min: 0, Avg:  0.0, Max: 0, Diff: 0, Sum: 0, Workers: 8
[39.934s][debug][gc,phases         ] GC(741)       Skipped Cards:            Min: 0, Avg:  0.0, Max: 0, Diff: 0, Sum: 0, Workers: 8
[39.934s][debug][gc,phases         ] GC(741)     Log Buffers (ms):         Min:  0.0, Avg:  0.0, Max:  0.0, Diff:  0.0, Sum:  0.0, Workers: 8
[39.934s][debug][gc,phases         ] GC(741)       Dirty Cards:              Min: 0, Avg:  0.2, Max: 1, Diff: 1, Sum: 2, Workers: 8
[39.934s][debug][gc,phases         ] GC(741)       Skipped Cards:            Min: 0, Avg:  0.0, Max: 0, Diff: 0, Sum: 0, Workers: 8
[39.934s][info ][gc,phases         ] GC(741)   Evacuate Collection Set: 0.3ms
[39.934s][debug][gc,phases         ] GC(741)     Ext Root Scanning (ms):   Min:  0.0, Avg:  0.2, Max:  0.2, Diff:  0.2, Sum:  1.4, Workers: 8
[39.934s][debug][gc,phases         ] GC(741)     Scan Heap Roots (ms):     Min:  0.0, Avg:  0.0, Max:  0.0, Diff:  0.0, Sum:  0.0, Workers: 8
[39.934s][debug][gc,phases         ] GC(741)       Scanned Cards:            Min: 0, Avg:  0.2, Max: 2, Diff: 2, Sum: 2, Workers: 8
[39.934s][debug][gc,phases         ] GC(741)       Scanned Blocks:           Min: 0, Avg:  0.2, Max: 2, Diff: 2, Sum: 2, Workers: 8
[39.934s][debug][gc,phases         ] GC(741)       Claimed Chunks:           Min: 0, Avg:  0.2, Max: 2, Diff: 2, Sum: 2, Workers: 8
[39.934s][debug][gc,phases         ] GC(741)     Code Root Scan (ms):      Min:  0.0, Avg:  0.0, Max:  0.1, Diff:  0.1, Sum:  0.1, Workers: 8
[39.934s][debug][gc,phases         ] GC(741)     Object Copy (ms):         Min:  0.0, Avg:  0.0, Max:  0.0, Diff:  0.0, Sum:  0.0, Workers: 8
[39.934s][debug][gc,phases         ] GC(741)     Termination (ms):         Min:  0.0, Avg:  0.1, Max:  0.1, Diff:  0.1, Sum:  0.4, Workers: 8
[39.934s][debug][gc,phases         ] GC(741)       Termination Attempts:     Min: 1, Avg:  1.0, Max: 1, Diff: 0, Sum: 8, Workers: 8
[39.934s][debug][gc,phases         ] GC(741)     GC Worker Other (ms):     Min:  0.0, Avg:  0.0, Max:  0.1, Diff:  0.0, Sum:  0.2, Workers: 8
[39.934s][debug][gc,phases         ] GC(741)     GC Worker Total (ms):     Min:  0.3, Avg:  0.3, Max:  0.3, Diff:  0.1, Sum:  2.3, Workers: 8
[39.934s][info ][gc,phases         ] GC(741)   Post Evacuate Collection Set: 0.6ms
[39.934s][debug][gc,phases         ] GC(741)     Code Roots Fixup: 0.0ms
[39.934s][debug][gc,phases         ] GC(741)     Clear Card Table: 0.2ms
[39.934s][debug][gc,phases         ] GC(741)     Reference Processing: 0.0ms
[39.934s][debug][gc,phases,ref     ] GC(741)       Reconsider SoftReferences: 0.0ms
[39.934s][debug][gc,phases,ref     ] GC(741)         SoftRef (ms):             skipped
[39.934s][debug][gc,phases,ref     ] GC(741)       Notify Soft/WeakReferences: 0.0ms
[39.934s][debug][gc,phases,ref     ] GC(741)         SoftRef (ms):             skipped
[39.934s][debug][gc,phases,ref     ] GC(741)         WeakRef (ms):             skipped
[39.934s][debug][gc,phases,ref     ] GC(741)         FinalRef (ms):            skipped
[39.934s][debug][gc,phases,ref     ] GC(741)         Total (ms):               skipped
[39.934s][debug][gc,phases,ref     ] GC(741)       Notify and keep alive finalizable: 0.0ms
[39.934s][debug][gc,phases,ref     ] GC(741)         FinalRef (ms):            skipped
[39.934s][debug][gc,phases,ref     ] GC(741)       Notify PhantomReferences: 0.0ms
[39.934s][debug][gc,phases,ref     ] GC(741)         PhantomRef (ms):          skipped
[39.934s][debug][gc,phases,ref     ] GC(741)       SoftReference:
[39.934s][debug][gc,phases,ref     ] GC(741)         Discovered: 0
[39.934s][debug][gc,phases,ref     ] GC(741)         Cleared: 0
[39.934s][debug][gc,phases,ref     ] GC(741)       WeakReference:
[39.934s][debug][gc,phases,ref     ] GC(741)         Discovered: 0
[39.934s][debug][gc,phases,ref     ] GC(741)         Cleared: 0
[39.934s][debug][gc,phases,ref     ] GC(741)       FinalReference:
[39.934s][debug][gc,phases,ref     ] GC(741)         Discovered: 0
[39.934s][debug][gc,phases,ref     ] GC(741)         Cleared: 0
[39.934s][debug][gc,phases,ref     ] GC(741)       PhantomReference:
[39.934s][debug][gc,phases,ref     ] GC(741)         Discovered: 0
[39.934s][debug][gc,phases,ref     ] GC(741)         Cleared: 0
[39.934s][debug][gc,phases         ] GC(741)     Weak Processing: 0.1ms
[39.934s][debug][gc,phases         ] GC(741)       JVMTI weak processing: 0.0ms
[39.934s][debug][gc,phases         ] GC(741)         Dead: 0
[39.934s][debug][gc,phases         ] GC(741)         Total: 0
[39.934s][debug][gc,phases         ] GC(741)       JFR weak processing: 0.0ms
[39.934s][debug][gc,phases         ] GC(741)         Dead: 0
[39.934s][debug][gc,phases         ] GC(741)         Total: 0
[39.934s][debug][gc,phases         ] GC(741)       JNI weak                  Min:  0.0, Avg:  0.0, Max:  0.0, Diff:  0.0, Sum:  0.0, Workers: 5
[39.934s][debug][gc,phases         ] GC(741)         Dead                      Min: 0, Avg:  0.0, Max: 0, Diff: 0, Sum: 0, Workers: 5
[39.934s][debug][gc,phases         ] GC(741)         Total                     Min: 0, Avg: 13.4, Max: 67, Diff: 67, Sum: 67, Workers: 5
[39.934s][debug][gc,phases         ] GC(741)       VM weak                   Min:  0.0, Avg:  0.0, Max:  0.0, Diff:  0.0, Sum:  0.0, Workers: 5
[39.934s][debug][gc,phases         ] GC(741)         Dead                      Min: 0, Avg:  0.0, Max: 0, Diff: 0, Sum: 0, Workers: 5
[39.934s][debug][gc,phases         ] GC(741)         Total                     Min: 0, Avg: 45.2, Max: 226, Diff: 226, Sum: 226, Workers: 5
[39.934s][debug][gc,phases         ] GC(741)       StringTable weak          Min:  0.0, Avg:  0.0, Max:  0.0, Diff:  0.0, Sum:  0.0, Workers: 5
[39.934s][debug][gc,phases         ] GC(741)         Dead                      Min: 0, Avg:  0.0, Max: 0, Diff: 0, Sum: 0, Workers: 5
[39.934s][debug][gc,phases         ] GC(741)         Total                     Min: 0, Avg: 682.8, Max: 2647, Diff: 2647, Sum: 3414, Workers: 5
[39.934s][debug][gc,phases         ] GC(741)       ResolvedMethodTable weak  Min:  0.0, Avg:  0.0, Max:  0.0, Diff:  0.0, Sum:  0.0, Workers: 5
[39.934s][debug][gc,phases         ] GC(741)         Dead                      Min: 0, Avg:  0.0, Max: 0, Diff: 0, Sum: 0, Workers: 5
[39.934s][debug][gc,phases         ] GC(741)         Total                     Min: 0, Avg: 120.2, Max: 217, Diff: 217, Sum: 601, Workers: 5
[39.934s][debug][gc,phases         ] GC(741)     Merge Per-Thread State: 0.0ms
[39.934s][debug][gc,phases         ] GC(741)       Copied Bytes              Min: 728, Avg: 350319.0, Max: 800320, Diff: 799592, Sum: 2802552, Workers: 8
[39.934s][debug][gc,phases         ] GC(741)       LAB Waste                 Min: 0, Avg:  0.0, Max: 0, Diff: 0, Sum: 0, Workers: 8
[39.934s][debug][gc,phases         ] GC(741)       LAB Undo Waste            Min: 0, Avg:  0.0, Max: 0, Diff: 0, Sum: 0, Workers: 8
[39.934s][debug][gc,phases         ] GC(741)     Code Roots Purge: 0.0ms
[39.934s][debug][gc,phases         ] GC(741)     Redirty Cards: 0.0ms
[39.934s][debug][gc,phases         ] GC(741)     DerivedPointerTable Update: 0.0ms
[39.934s][debug][gc,phases         ] GC(741)     Free Collection Set: 0.2ms
[39.934s][debug][gc,phases         ] GC(741)     Rebuild Free List: 0.1ms
[39.934s][debug][gc,phases         ] GC(741)     Humongous Reclaim: 0.0ms
[39.934s][debug][gc,phases         ] GC(741)     Start New Collection Set: 0.0ms
[39.934s][debug][gc,phases         ] GC(741)     Resize TLABs: 0.0ms
[39.934s][debug][gc,phases         ] GC(741)     Expand Heap After Collection: 0.0ms
[39.934s][info ][gc,phases         ] GC(741)   Other: 0.3ms
[39.934s][info ][gc,heap           ] GC(741) Eden regions: 865->0(866)
[39.934s][info ][gc,heap           ] GC(741) Survivor regions: 5->4(109)
[39.934s][info ][gc,heap           ] GC(741) Old regions: 17->17
[39.934s][info ][gc,heap           ] GC(741) Archive regions: 2->2
[39.934s][info ][gc,heap           ] GC(741) Humongous regions: 0->0
[39.934s][info ][gc,metaspace      ] GC(741) Metaspace: 10130K(10624K)->10130K(10624K) NonClass: 8932K(9216K)->8932K(9216K) Class: 1198K(1408K)->1198K(1408K)
[39.934s][debug][gc,heap           ] GC(741) Heap after GC invocations=742 (full 1): garbage-first heap   total 1484800K, used 21210K [0x0000000700000000, 0x0000000800000000)
[39.934s][debug][gc,heap           ] GC(741)   region size 1024K, 4 young (4096K), 4 survivors (4096K)
[39.934s][debug][gc,heap           ] GC(741)  Metaspace       used 10130K, capacity 10468K, committed 10624K, reserved 1058816K
[39.934s][debug][gc,heap           ] GC(741)   class space    used 1198K, capacity 1344K, committed 1408K, reserved 1048576K
[39.934s][info ][gc                ] GC(741) Pause Young (Normal) (G1 Evacuation Pause) 886M->20M(1450M) 2.003ms
[39.934s][info ][gc,cpu            ] GC(741) User=0.00s Sys=0.00s Real=0.01s
[39.934s][info ][safepoint         ] Safepoint "G1CollectForAllocation", Time since last: 42482068 ns, Reaching safepoint: 193166 ns, At safepoint: 2277365 ns, Total: 2470531 ns
[39.977s][debug][gc,heap           ] GC(742) Heap before GC invocations=742 (full 1): garbage-first heap   total 1484800K, used 906970K [0x0000000700000000, 0x0000000800000000)
[39.977s][debug][gc,heap           ] GC(742)   region size 1024K, 870 young (890880K), 4 survivors (4096K)
[39.977s][debug][gc,heap           ] GC(742)  Metaspace       used 10130K, capacity 10468K, committed 10624K, reserved 1058816K
[39.977s][debug][gc,heap           ] GC(742)   class space    used 1198K, capacity 1344K, committed 1408K, reserved 1048576K
[39.977s][info ][gc,start          ] GC(742) Pause Young (Normal) (G1 Evacuation Pause)
[39.977s][info ][gc,task           ] GC(742) Using 8 workers of 8 for evacuation
[39.977s][debug][gc,tlab           ] GC(742) TLAB totals: thrds: 8  refills: 16 max: 3 slow allocs: 1726 max 272 waste: 22.6% gc: 932240B max: 246032B slow: 87864B max: 15088B fast: 0B max: 0B
[39.977s][debug][gc,age            ] GC(742) Desired survivor size 57147392 bytes, new threshold 15 (max threshold 15)
[39.977s][debug][gc,alloc,region   ] GC(742) Mutator Allocation stats, regions: 866, wasted size: 203M (23.4%)
[39.977s][debug][gc,ergo           ] GC(742) Running G1 Merge Heap Roots using 8 workers for 870 regions
[39.977s][debug][gc,remset         ] GC(742) Visited cards 256 Total dirty 2048 (12.50%) Total old 3602432 (0.01%)
[39.977s][debug][gc,ergo           ] GC(742) Running G1 Clear Card Table Task using 2 workers for 2 units of work for 871 regions.
[39.978s][debug][gc,ref            ] GC(742) Skipped phase1 of Reference Processing due to unavailable references
[39.978s][debug][gc,ref            ] GC(742) Skipped phase2 of Reference Processing due to unavailable references
[39.978s][debug][gc,ref            ] GC(742) Skipped phase3 of Reference Processing due to unavailable references
[39.978s][debug][gc,ref            ] GC(742) Skipped phase4 of Reference Processing due to unavailable references
[39.978s][debug][gc,ergo           ] GC(742) Running G1 Free Collection Set using 8 workers for collection set length 870 (1450)
[39.978s][debug][gc,ergo           ] GC(742) Running G1 Rebuild Free List Task using 8 workers for rebuilding free list of 0 (4096) regions
[39.978s][trace][gc,age            ] GC(742) Age table with threshold 15 (max threshold 15)
[39.978s][trace][gc,age            ] GC(742) - age   1:    2002528 bytes,    2002528 total
[39.978s][debug][gc,plab           ] GC(742) Young PLAB allocation: allocated: 16512B, wasted: 0B, unused: 14064B, used: 2448B, undo waste: 0B, 
[39.978s][debug][gc,plab           ] GC(742) Young other allocation: region end waste: 480576B, regions filled: 3, direct allocated: 2000080B, failure used: 0B, failure wasted: 0B
[39.978s][debug][gc,plab           ] GC(742) Young sizing: calculated: 0B, actual: 2064B
[39.978s][debug][gc,plab           ] GC(742) Old PLAB allocation: allocated: 0B, wasted: 0B, unused: 0B, used: 0B, undo waste: 0B, 
[39.978s][debug][gc,plab           ] GC(742) Old other allocation: region end waste: 0B, regions filled: 1, direct allocated: 0B, failure used: 0B, failure wasted: 0B
[39.978s][debug][gc,plab           ] GC(742) Old sizing: calculated: 0B, actual: 2064B
[39.978s][debug][gc,ihop           ] GC(742) Basic information (value update), threshold: 684195840B (45.00), target occupancy: 1520435200B, current occupancy: 20669072B, recent allocation size: 0B, recent allocation duration: 43.24ms, recent old gen allocation rate: 0.00B/s, recent marking phase length: 29.21ms
[39.978s][debug][gc,ihop           ] GC(742) Adaptive IHOP information (value update), threshold: 684195840B (47.37), internal target occupancy: 1444413440B, occupancy: 20669072B, additional buffer size: 912261120B, predicted old gen allocation rate: 0.14B/s, predicted marking phase length: 58.41ms, prediction active: false
[39.978s][debug][gc,ergo,refine    ] GC(742) Concurrent refinement times: Logged Cards Scan time goal: 20.00ms Logged Cards Scan time: 0.00ms HCC time: 0.00ms
[39.978s][debug][gc,ergo,refine    ] GC(742) Updated Refinement Zones: green: 2048, yellow: 6144, red: 10240
[39.978s][info ][gc,phases         ] GC(742)   Pre Evacuate Collection Set: 0.1ms
[39.978s][debug][gc,phases         ] GC(742)     Prepare TLABs: 0.0ms
[39.978s][debug][gc,phases         ] GC(742)     Choose Collection Set: 0.0ms
[39.978s][debug][gc,phases         ] GC(742)     Region Register: 0.1ms
[39.978s][debug][gc,phases         ] GC(742)     Prepare Heap Roots: 0.0ms
[39.978s][info ][gc,phases         ] GC(742)   Merge Heap Roots: 0.1ms
[39.978s][debug][gc,phases         ] GC(742)     Prepare Merge Heap Roots: 0.0ms
[39.978s][debug][gc,phases         ] GC(742)     Eager Reclaim (ms):       skipped
[39.978s][debug][gc,phases         ] GC(742)     Remembered Sets (ms):     Min:  0.0, Avg:  0.0, Max:  0.1, Diff:  0.0, Sum:  0.3, Workers: 8
[39.978s][debug][gc,phases         ] GC(742)       Merged Sparse:            Min: 0, Avg:  0.0, Max: 0, Diff: 0, Sum: 0, Workers: 8
[39.978s][debug][gc,phases         ] GC(742)       Merged Fine:              Min: 0, Avg:  0.0, Max: 0, Diff: 0, Sum: 0, Workers: 8
[39.978s][debug][gc,phases         ] GC(742)       Merged Coarse:            Min: 0, Avg:  0.0, Max: 0, Diff: 0, Sum: 0, Workers: 8
[39.978s][debug][gc,phases         ] GC(742)       Dirty Cards:              Min: 0, Avg:  0.0, Max: 0, Diff: 0, Sum: 0, Workers: 8
[39.978s][debug][gc,phases         ] GC(742)     Hot Card Cache (ms):      Min:  0.0, Avg:  0.0, Max:  0.0, Diff:  0.0, Sum:  0.0, Workers: 8
[39.978s][debug][gc,phases         ] GC(742)       Dirty Cards:              Min: 0, Avg:  0.0, Max: 0, Diff: 0, Sum: 0, Workers: 8
[39.978s][debug][gc,phases         ] GC(742)       Skipped Cards:            Min: 0, Avg:  0.0, Max: 0, Diff: 0, Sum: 0, Workers: 8
[39.978s][debug][gc,phases         ] GC(742)     Log Buffers (ms):         Min:  0.0, Avg:  0.0, Max:  0.0, Diff:  0.0, Sum:  0.0, Workers: 8
[39.978s][debug][gc,phases         ] GC(742)       Dirty Cards:              Min: 0, Avg:  0.1, Max: 1, Diff: 1, Sum: 1, Workers: 8
[39.978s][debug][gc,phases         ] GC(742)       Skipped Cards:            Min: 0, Avg:  0.0, Max: 0, Diff: 0, Sum: 0, Workers: 8
[39.978s][info ][gc,phases         ] GC(742)   Evacuate Collection Set: 0.3ms
[39.978s][debug][gc,phases         ] GC(742)     Ext Root Scanning (ms):   Min:  0.0, Avg:  0.1, Max:  0.2, Diff:  0.1, Sum:  1.0, Workers: 8
[39.978s][debug][gc,phases         ] GC(742)     Scan Heap Roots (ms):     Min:  0.0, Avg:  0.0, Max:  0.0, Diff:  0.0, Sum:  0.0, Workers: 8
[39.978s][debug][gc,phases         ] GC(742)       Scanned Cards:            Min: 0, Avg:  0.1, Max: 1, Diff: 1, Sum: 1, Workers: 8
[39.978s][debug][gc,phases         ] GC(742)       Scanned Blocks:           Min: 0, Avg:  0.1, Max: 1, Diff: 1, Sum: 1, Workers: 8
[39.978s][debug][gc,phases         ] GC(742)       Claimed Chunks:           Min: 0, Avg:  0.1, Max: 1, Diff: 1, Sum: 1, Workers: 8
[39.978s][debug][gc,phases         ] GC(742)     Code Root Scan (ms):      Min:  0.0, Avg:  0.0, Max:  0.1, Diff:  0.1, Sum:  0.2, Workers: 8
[39.978s][debug][gc,phases         ] GC(742)     Object Copy (ms):         Min:  0.0, Avg:  0.0, Max:  0.0, Diff:  0.0, Sum:  0.0, Workers: 8
[39.978s][debug][gc,phases         ] GC(742)     Termination (ms):         Min:  0.0, Avg:  0.1, Max:  0.1, Diff:  0.0, Sum:  0.4, Workers: 8
[39.978s][debug][gc,phases         ] GC(742)       Termination Attempts:     Min: 1, Avg:  1.0, Max: 1, Diff: 0, Sum: 8, Workers: 8
[39.978s][debug][gc,phases         ] GC(742)     GC Worker Other (ms):     Min:  0.0, Avg:  0.0, Max:  0.1, Diff:  0.0, Sum:  0.3, Workers: 8
[39.978s][debug][gc,phases         ] GC(742)     GC Worker Total (ms):     Min:  0.2, Avg:  0.2, Max:  0.3, Diff:  0.1, Sum:  1.9, Workers: 8
[39.978s][info ][gc,phases         ] GC(742)   Post Evacuate Collection Set: 0.7ms
[39.978s][debug][gc,phases         ] GC(742)     Code Roots Fixup: 0.0ms
[39.979s][debug][gc,phases         ] GC(742)     Clear Card Table: 0.2ms
[39.979s][debug][gc,phases         ] GC(742)     Reference Processing: 0.0ms
[39.979s][debug][gc,phases,ref     ] GC(742)       Reconsider SoftReferences: 0.0ms
[39.979s][debug][gc,phases,ref     ] GC(742)         SoftRef (ms):             skipped
[39.979s][debug][gc,phases,ref     ] GC(742)       Notify Soft/WeakReferences: 0.0ms
[39.979s][debug][gc,phases,ref     ] GC(742)         SoftRef (ms):             skipped
[39.979s][debug][gc,phases,ref     ] GC(742)         WeakRef (ms):             skipped
[39.979s][debug][gc,phases,ref     ] GC(742)         FinalRef (ms):            skipped
[39.979s][debug][gc,phases,ref     ] GC(742)         Total (ms):               skipped
[39.979s][debug][gc,phases,ref     ] GC(742)       Notify and keep alive finalizable: 0.0ms
[39.979s][debug][gc,phases,ref     ] GC(742)         FinalRef (ms):            skipped
[39.979s][debug][gc,phases,ref     ] GC(742)       Notify PhantomReferences: 0.0ms
[39.979s][debug][gc,phases,ref     ] GC(742)         PhantomRef (ms):          skipped
[39.979s][debug][gc,phases,ref     ] GC(742)       SoftReference:
[39.979s][debug][gc,phases,ref     ] GC(742)         Discovered: 0
[39.979s][debug][gc,phases,ref     ] GC(742)         Cleared: 0
[39.979s][debug][gc,phases,ref     ] GC(742)       WeakReference:
[39.979s][debug][gc,phases,ref     ] GC(742)         Discovered: 0
[39.979s][debug][gc,phases,ref     ] GC(742)         Cleared: 0
[39.979s][debug][gc,phases,ref     ] GC(742)       FinalReference:
[39.979s][debug][gc,phases,ref     ] GC(742)         Discovered: 0
[39.979s][debug][gc,phases,ref     ] GC(742)         Cleared: 0
[39.979s][debug][gc,phases,ref     ] GC(742)       PhantomReference:
[39.979s][debug][gc,phases,ref     ] GC(742)         Discovered: 0
[39.979s][debug][gc,phases,ref     ] GC(742)         Cleared: 0
[39.979s][debug][gc,phases         ] GC(742)     Weak Processing: 0.1ms
[39.979s][debug][gc,phases         ] GC(742)       JVMTI weak processing: 0.0ms
[39.979s][debug][gc,phases         ] GC(742)         Dead: 0
[39.979s][debug][gc,phases         ] GC(742)         Total: 0
[39.979s][debug][gc,phases         ] GC(742)       JFR weak processing: 0.0ms
[39.979s][debug][gc,phases         ] GC(742)         Dead: 0
[39.979s][debug][gc,phases         ] GC(742)         Total: 0
[39.979s][debug][gc,phases         ] GC(742)       JNI weak                  Min:  0.0, Avg:  0.0, Max:  0.0, Diff:  0.0, Sum:  0.0, Workers: 5
[39.979s][debug][gc,phases         ] GC(742)         Dead                      Min: 0, Avg:  0.0, Max: 0, Diff: 0, Sum: 0, Workers: 5
[39.979s][debug][gc,phases         ] GC(742)         Total                     Min: 0, Avg: 13.4, Max: 64, Diff: 64, Sum: 67, Workers: 5
[39.979s][debug][gc,phases         ] GC(742)       VM weak                   Min:  0.0, Avg:  0.0, Max:  0.0, Diff:  0.0, Sum:  0.0, Workers: 5
[39.979s][debug][gc,phases         ] GC(742)         Dead                      Min: 0, Avg:  0.0, Max: 0, Diff: 0, Sum: 0, Workers: 5
[39.979s][debug][gc,phases         ] GC(742)         Total                     Min: 0, Avg: 45.2, Max: 128, Diff: 128, Sum: 226, Workers: 5
[39.979s][debug][gc,phases         ] GC(742)       StringTable weak          Min:  0.0, Avg:  0.0, Max:  0.0, Diff:  0.0, Sum:  0.1, Workers: 5
[39.979s][debug][gc,phases         ] GC(742)         Dead                      Min: 0, Avg:  0.0, Max: 0, Diff: 0, Sum: 0, Workers: 5
[39.979s][debug][gc,phases         ] GC(742)         Total                     Min: 0, Avg: 682.8, Max: 1727, Diff: 1727, Sum: 3414, Workers: 5
[39.979s][debug][gc,phases         ] GC(742)       ResolvedMethodTable weak  Min:  0.0, Avg:  0.0, Max:  0.0, Diff:  0.0, Sum:  0.0, Workers: 5
[39.979s][debug][gc,phases         ] GC(742)         Dead                      Min: 0, Avg:  0.0, Max: 0, Diff: 0, Sum: 0, Workers: 5
[39.979s][debug][gc,phases         ] GC(742)         Total                     Min: 0, Avg: 120.2, Max: 320, Diff: 320, Sum: 601, Workers: 5
[39.979s][debug][gc,phases         ] GC(742)     Merge Per-Thread State: 0.0ms
[39.979s][debug][gc,phases         ] GC(742)       Copied Bytes              Min: 96, Avg: 250316.0, Max: 400616, Diff: 400520, Sum: 2002528, Workers: 8
[39.979s][debug][gc,phases         ] GC(742)       LAB Waste                 Min: 0, Avg:  0.0, Max: 0, Diff: 0, Sum: 0, Workers: 8
[39.979s][debug][gc,phases         ] GC(742)       LAB Undo Waste            Min: 0, Avg:  0.0, Max: 0, Diff: 0, Sum: 0, Workers: 8
[39.979s][debug][gc,phases         ] GC(742)     Code Roots Purge: 0.0ms
[39.979s][debug][gc,phases         ] GC(742)     Redirty Cards: 0.0ms
[39.979s][debug][gc,phases         ] GC(742)     DerivedPointerTable Update: 0.0ms
[39.979s][debug][gc,phases         ] GC(742)     Free Collection Set: 0.2ms
[39.979s][debug][gc,phases         ] GC(742)     Rebuild Free List: 0.1ms
[39.979s][debug][gc,phases         ] GC(742)     Humongous Reclaim: 0.0ms
[39.979s][debug][gc,phases         ] GC(742)     Start New Collection Set: 0.0ms
[39.979s][debug][gc,phases         ] GC(742)     Resize TLABs: 0.0ms
[39.979s][debug][gc,phases         ] GC(742)     Expand Heap After Collection: 0.0ms
[39.979s][info ][gc,phases         ] GC(742)   Other: 0.3ms
[39.979s][info ][gc,heap           ] GC(742) Eden regions: 866->0(867)
[39.979s][info ][gc,heap           ] GC(742) Survivor regions: 4->3(109)
[39.979s][info ][gc,heap           ] GC(742) Old regions: 17->17
[39.979s][info ][gc,heap           ] GC(742) Archive regions: 2->2
[39.979s][info ][gc,heap           ] GC(742) Humongous regions: 0->0
[39.979s][info ][gc,metaspace      ] GC(742) Metaspace: 10130K(10624K)->10130K(10624K) NonClass: 8932K(9216K)->8932K(9216K) Class: 1198K(1408K)->1198K(1408K)
[39.979s][debug][gc,heap           ] GC(742) Heap after GC invocations=743 (full 1): garbage-first heap   total 1484800K, used 20184K [0x0000000700000000, 0x0000000800000000)
[39.979s][debug][gc,heap           ] GC(742)   region size 1024K, 3 young (3072K), 3 survivors (3072K)
[39.979s][debug][gc,heap           ] GC(742)  Metaspace       used 10130K, capacity 10468K, committed 10624K, reserved 1058816K
[39.979s][debug][gc,heap           ] GC(742)   class space    used 1198K, capacity 1344K, committed 1408K, reserved 1048576K
[39.979s][info ][gc                ] GC(742) Pause Young (Normal) (G1 Evacuation Pause) 886M->19M(1450M) 2.112ms
[39.979s][info ][gc,cpu            ] GC(742) User=0.00s Sys=0.00s Real=0.00s
[39.979s][info ][safepoint         ] Safepoint "G1CollectForAllocation", Time since last: 42129561 ns, Reaching safepoint: 131825 ns, At safepoint: 2283924 ns, Total: 2415749 ns
[40.025s][debug][gc,heap           ] GC(743) Heap before GC invocations=743 (full 1): garbage-first heap   total 1484800K, used 906968K [0x0000000700000000, 0x0000000800000000)
[40.025s][debug][gc,heap           ] GC(743)   region size 1024K, 870 young (890880K), 3 survivors (3072K)
[40.025s][debug][gc,heap           ] GC(743)  Metaspace       used 10130K, capacity 10468K, committed 10624K, reserved 1058816K
[40.025s][debug][gc,heap           ] GC(743)   class space    used 1198K, capacity 1344K, committed 1408K, reserved 1048576K
[40.025s][info ][gc,start          ] GC(743) Pause Young (Normal) (G1 Evacuation Pause)
[40.025s][info ][gc,task           ] GC(743) Using 8 workers of 8 for evacuation
[40.025s][debug][gc,tlab           ] GC(743) TLAB totals: thrds: 8  refills: 11 max: 2 slow allocs: 1725 max 253 waste: 27.4% gc: 977232B max: 226208B slow: 41656B max: 14304B fast: 0B max: 0B
[40.025s][debug][gc,age            ] GC(743) Desired survivor size 57147392 bytes, new threshold 15 (max threshold 15)
[40.025s][debug][gc,alloc,region   ] GC(743) Mutator Allocation stats, regions: 867, wasted size: 203M (23.4%)
[40.025s][debug][gc,ergo           ] GC(743) Running G1 Merge Heap Roots using 8 workers for 870 regions
[40.025s][debug][gc,remset         ] GC(743) Visited cards 256 Total dirty 2048 (12.50%) Total old 3602432 (0.01%)
[40.026s][debug][gc,ergo           ] GC(743) Running G1 Clear Card Table Task using 2 workers for 2 units of work for 871 regions.
[40.026s][debug][gc,ref            ] GC(743) Skipped phase1 of Reference Processing due to unavailable references
[40.026s][debug][gc,ref            ] GC(743) Skipped phase2 of Reference Processing due to unavailable references
[40.026s][debug][gc,ref            ] GC(743) Skipped phase3 of Reference Processing due to unavailable references
[40.026s][debug][gc,ref            ] GC(743) Skipped phase4 of Reference Processing due to unavailable references
[40.026s][debug][gc,ergo           ] GC(743) Running G1 Free Collection Set using 8 workers for collection set length 870 (1450)
[40.026s][debug][gc,ergo           ] GC(743) Running G1 Rebuild Free List Task using 8 workers for rebuilding free list of 0 (4096) regions
[40.026s][trace][gc,age            ] GC(743) Age table with threshold 15 (max threshold 15)
[40.026s][trace][gc,age            ] GC(743) - age   1:    2802552 bytes,    2802552 total
[40.026s][debug][gc,plab           ] GC(743) Young PLAB allocation: allocated: 16512B, wasted: 0B, unused: 14064B, used: 2448B, undo waste: 0B, 
[40.026s][debug][gc,plab           ] GC(743) Young other allocation: region end waste: 731184B, regions filled: 4, direct allocated: 2800104B, failure used: 0B, failure wasted: 0B
[40.026s][debug][gc,plab           ] GC(743) Young sizing: calculated: 0B, actual: 2064B
[40.026s][debug][gc,plab           ] GC(743) Old PLAB allocation: allocated: 0B, wasted: 0B, unused: 0B, used: 0B, undo waste: 0B, 
[40.026s][debug][gc,plab           ] GC(743) Old other allocation: region end waste: 0B, regions filled: 1, direct allocated: 0B, failure used: 0B, failure wasted: 0B
[40.026s][debug][gc,plab           ] GC(743) Old sizing: calculated: 0B, actual: 2064B
[40.026s][debug][gc,ihop           ] GC(743) Basic information (value update), threshold: 684195840B (45.00), target occupancy: 1520435200B, current occupancy: 21719704B, recent allocation size: 0B, recent allocation duration: 46.75ms, recent old gen allocation rate: 0.00B/s, recent marking phase length: 29.21ms
[40.026s][debug][gc,ihop           ] GC(743) Adaptive IHOP information (value update), threshold: 684195840B (47.37), internal target occupancy: 1444413440B, occupancy: 21719704B, additional buffer size: 912261120B, predicted old gen allocation rate: 0.13B/s, predicted marking phase length: 58.41ms, prediction active: false
[40.026s][debug][gc,ergo,refine    ] GC(743) Concurrent refinement times: Logged Cards Scan time goal: 20.00ms Logged Cards Scan time: 0.00ms HCC time: 0.00ms
[40.026s][debug][gc,ergo,refine    ] GC(743) Updated Refinement Zones: green: 2048, yellow: 6144, red: 10240
[40.026s][info ][gc,phases         ] GC(743)   Pre Evacuate Collection Set: 0.1ms
[40.026s][debug][gc,phases         ] GC(743)     Prepare TLABs: 0.0ms
[40.026s][debug][gc,phases         ] GC(743)     Choose Collection Set: 0.0ms
[40.026s][debug][gc,phases         ] GC(743)     Region Register: 0.1ms
[40.026s][debug][gc,phases         ] GC(743)     Prepare Heap Roots: 0.0ms
[40.026s][info ][gc,phases         ] GC(743)   Merge Heap Roots: 0.2ms
[40.026s][debug][gc,phases         ] GC(743)     Prepare Merge Heap Roots: 0.0ms
[40.026s][debug][gc,phases         ] GC(743)     Eager Reclaim (ms):       skipped
[40.026s][debug][gc,phases         ] GC(743)     Remembered Sets (ms):     Min:  0.0, Avg:  0.0, Max:  0.1, Diff:  0.0, Sum:  0.3, Workers: 8
[40.026s][debug][gc,phases         ] GC(743)       Merged Sparse:            Min: 0, Avg:  0.0, Max: 0, Diff: 0, Sum: 0, Workers: 8
[40.027s][debug][gc,phases         ] GC(743)       Merged Fine:              Min: 0, Avg:  0.0, Max: 0, Diff: 0, Sum: 0, Workers: 8
[40.027s][debug][gc,phases         ] GC(743)       Merged Coarse:            Min: 0, Avg:  0.0, Max: 0, Diff: 0, Sum: 0, Workers: 8
[40.027s][debug][gc,phases         ] GC(743)       Dirty Cards:              Min: 0, Avg:  0.0, Max: 0, Diff: 0, Sum: 0, Workers: 8
[40.027s][debug][gc,phases         ] GC(743)     Hot Card Cache (ms):      Min:  0.0, Avg:  0.0, Max:  0.0, Diff:  0.0, Sum:  0.0, Workers: 8
[40.027s][debug][gc,phases         ] GC(743)       Dirty Cards:              Min: 0, Avg:  0.0, Max: 0, Diff: 0, Sum: 0, Workers: 8
[40.027s][debug][gc,phases         ] GC(743)       Skipped Cards:            Min: 0, Avg:  0.0, Max: 0, Diff: 0, Sum: 0, Workers: 8
[40.027s][debug][gc,phases         ] GC(743)     Log Buffers (ms):         Min:  0.0, Avg:  0.0, Max:  0.0, Diff:  0.0, Sum:  0.0, Workers: 8
[40.027s][debug][gc,phases         ] GC(743)       Dirty Cards:              Min: 0, Avg:  0.1, Max: 1, Diff: 1, Sum: 1, Workers: 8
[40.027s][debug][gc,phases         ] GC(743)       Skipped Cards:            Min: 0, Avg:  0.0, Max: 0, Diff: 0, Sum: 0, Workers: 8
[40.027s][info ][gc,phases         ] GC(743)   Evacuate Collection Set: 0.3ms
[40.027s][debug][gc,phases         ] GC(743)     Ext Root Scanning (ms):   Min:  0.0, Avg:  0.2, Max:  0.3, Diff:  0.2, Sum:  1.5, Workers: 8
[40.027s][debug][gc,phases         ] GC(743)     Scan Heap Roots (ms):     Min:  0.0, Avg:  0.0, Max:  0.0, Diff:  0.0, Sum:  0.0, Workers: 8
[40.027s][debug][gc,phases         ] GC(743)       Scanned Cards:            Min: 0, Avg:  0.1, Max: 1, Diff: 1, Sum: 1, Workers: 8
[40.027s][debug][gc,phases         ] GC(743)       Scanned Blocks:           Min: 0, Avg:  0.1, Max: 1, Diff: 1, Sum: 1, Workers: 8
[40.027s][debug][gc,phases         ] GC(743)       Claimed Chunks:           Min: 0, Avg:  0.1, Max: 1, Diff: 1, Sum: 1, Workers: 8
[40.027s][debug][gc,phases         ] GC(743)     Code Root Scan (ms):      Min:  0.0, Avg:  0.0, Max:  0.1, Diff:  0.1, Sum:  0.2, Workers: 8
[40.027s][debug][gc,phases         ] GC(743)     Object Copy (ms):         Min:  0.0, Avg:  0.0, Max:  0.0, Diff:  0.0, Sum:  0.0, Workers: 8
[40.027s][debug][gc,phases         ] GC(743)     Termination (ms):         Min:  0.0, Avg:  0.1, Max:  0.1, Diff:  0.1, Sum:  0.6, Workers: 8
[40.027s][debug][gc,phases         ] GC(743)       Termination Attempts:     Min: 1, Avg:  1.0, Max: 1, Diff: 0, Sum: 8, Workers: 8
[40.027s][debug][gc,phases         ] GC(743)     GC Worker Other (ms):     Min:  0.0, Avg:  0.0, Max:  0.1, Diff:  0.0, Sum:  0.2, Workers: 8
[40.027s][debug][gc,phases         ] GC(743)     GC Worker Total (ms):     Min:  0.3, Avg:  0.3, Max:  0.3, Diff:  0.0, Sum:  2.6, Workers: 8
[40.027s][info ][gc,phases         ] GC(743)   Post Evacuate Collection Set: 0.6ms
[40.027s][debug][gc,phases         ] GC(743)     Code Roots Fixup: 0.0ms
[40.027s][debug][gc,phases         ] GC(743)     Clear Card Table: 0.2ms
[40.027s][debug][gc,phases         ] GC(743)     Reference Processing: 0.0ms
[40.027s][debug][gc,phases,ref     ] GC(743)       Reconsider SoftReferences: 0.0ms
[40.027s][debug][gc,phases,ref     ] GC(743)         SoftRef (ms):             skipped
[40.027s][debug][gc,phases,ref     ] GC(743)       Notify Soft/WeakReferences: 0.0ms
[40.027s][debug][gc,phases,ref     ] GC(743)         SoftRef (ms):             skipped
[40.027s][debug][gc,phases,ref     ] GC(743)         WeakRef (ms):             skipped
[40.027s][debug][gc,phases,ref     ] GC(743)         FinalRef (ms):            skipped
[40.027s][debug][gc,phases,ref     ] GC(743)         Total (ms):               skipped
[40.027s][debug][gc,phases,ref     ] GC(743)       Notify and keep alive finalizable: 0.0ms
[40.027s][debug][gc,phases,ref     ] GC(743)         FinalRef (ms):            skipped
[40.027s][debug][gc,phases,ref     ] GC(743)       Notify PhantomReferences: 0.0ms
[40.027s][debug][gc,phases,ref     ] GC(743)         PhantomRef (ms):          skipped
[40.027s][debug][gc,phases,ref     ] GC(743)       SoftReference:
[40.027s][debug][gc,phases,ref     ] GC(743)         Discovered: 0
[40.027s][debug][gc,phases,ref     ] GC(743)         Cleared: 0
[40.027s][debug][gc,phases,ref     ] GC(743)       WeakReference:
[40.027s][debug][gc,phases,ref     ] GC(743)         Discovered: 0
[40.027s][debug][gc,phases,ref     ] GC(743)         Cleared: 0
[40.027s][debug][gc,phases,ref     ] GC(743)       FinalReference:
[40.027s][debug][gc,phases,ref     ] GC(743)         Discovered: 0
[40.027s][debug][gc,phases,ref     ] GC(743)         Cleared: 0
[40.027s][debug][gc,phases,ref     ] GC(743)       PhantomReference:
[40.027s][debug][gc,phases,ref     ] GC(743)         Discovered: 0
[40.027s][debug][gc,phases,ref     ] GC(743)         Cleared: 0
[40.027s][debug][gc,phases         ] GC(743)     Weak Processing: 0.1ms
[40.027s][debug][gc,phases         ] GC(743)       JVMTI weak processing: 0.0ms
[40.027s][debug][gc,phases         ] GC(743)         Dead: 0
[40.027s][debug][gc,phases         ] GC(743)         Total: 0
[40.027s][debug][gc,phases         ] GC(743)       JFR weak processing: 0.0ms
[40.027s][debug][gc,phases         ] GC(743)         Dead: 0
[40.027s][debug][gc,phases         ] GC(743)         Total: 0
[40.027s][debug][gc,phases         ] GC(743)       JNI weak                  Min:  0.0, Avg:  0.0, Max:  0.0, Diff:  0.0, Sum:  0.0, Workers: 5
[40.027s][debug][gc,phases         ] GC(743)         Dead                      Min: 0, Avg:  0.0, Max: 0, Diff: 0, Sum: 0, Workers: 5
[40.027s][debug][gc,phases         ] GC(743)         Total                     Min: 0, Avg: 13.4, Max: 67, Diff: 67, Sum: 67, Workers: 5
[40.027s][debug][gc,phases         ] GC(743)       VM weak                   Min:  0.0, Avg:  0.0, Max:  0.0, Diff:  0.0, Sum:  0.0, Workers: 5
[40.027s][debug][gc,phases         ] GC(743)         Dead                      Min: 0, Avg:  0.0, Max: 0, Diff: 0, Sum: 0, Workers: 5
[40.027s][debug][gc,phases         ] GC(743)         Total                     Min: 0, Avg: 45.2, Max: 226, Diff: 226, Sum: 226, Workers: 5
[40.027s][debug][gc,phases         ] GC(743)       StringTable weak          Min:  0.0, Avg:  0.0, Max:  0.0, Diff:  0.0, Sum:  0.1, Workers: 5
[40.027s][debug][gc,phases         ] GC(743)         Dead                      Min: 0, Avg:  0.0, Max: 0, Diff: 0, Sum: 0, Workers: 5
[40.027s][debug][gc,phases         ] GC(743)         Total                     Min: 0, Avg: 682.8, Max: 2263, Diff: 2263, Sum: 3414, Workers: 5
[40.027s][debug][gc,phases         ] GC(743)       ResolvedMethodTable weak  Min:  0.0, Avg:  0.0, Max:  0.0, Diff:  0.0, Sum:  0.0, Workers: 5
[40.027s][debug][gc,phases         ] GC(743)         Dead                      Min: 0, Avg:  0.0, Max: 0, Diff: 0, Sum: 0, Workers: 5
[40.027s][debug][gc,phases         ] GC(743)         Total                     Min: 0, Avg: 120.2, Max: 217, Diff: 217, Sum: 601, Workers: 5
[40.027s][debug][gc,phases         ] GC(743)     Merge Per-Thread State: 0.0ms
[40.027s][debug][gc,phases         ] GC(743)       Copied Bytes              Min: 760, Avg: 350319.0, Max: 800320, Diff: 799560, Sum: 2802552, Workers: 8
[40.027s][debug][gc,phases         ] GC(743)       LAB Waste                 Min: 0, Avg:  0.0, Max: 0, Diff: 0, Sum: 0, Workers: 8
[40.027s][debug][gc,phases         ] GC(743)       LAB Undo Waste            Min: 0, Avg:  0.0, Max: 0, Diff: 0, Sum: 0, Workers: 8
[40.027s][debug][gc,phases         ] GC(743)     Code Roots Purge: 0.0ms
[40.027s][debug][gc,phases         ] GC(743)     Redirty Cards: 0.0ms
[40.027s][debug][gc,phases         ] GC(743)     DerivedPointerTable Update: 0.0ms
[40.027s][debug][gc,phases         ] GC(743)     Free Collection Set: 0.2ms
[40.027s][debug][gc,phases         ] GC(743)     Rebuild Free List: 0.1ms
[40.027s][debug][gc,phases         ] GC(743)     Humongous Reclaim: 0.0ms
[40.027s][debug][gc,phases         ] GC(743)     Start New Collection Set: 0.0ms
[40.027s][debug][gc,phases         ] GC(743)     Resize TLABs: 0.0ms
[40.027s][debug][gc,phases         ] GC(743)     Expand Heap After Collection: 0.0ms
[40.027s][info ][gc,phases         ] GC(743)   Other: 0.3ms
[40.027s][info ][gc,heap           ] GC(743) Eden regions: 867->0(866)
[40.027s][info ][gc,heap           ] GC(743) Survivor regions: 3->4(109)
[40.027s][info ][gc,heap           ] GC(743) Old regions: 17->17
[40.027s][info ][gc,heap           ] GC(743) Archive regions: 2->2
[40.027s][info ][gc,heap           ] GC(743) Humongous regions: 0->0
[40.027s][info ][gc,metaspace      ] GC(743) Metaspace: 10130K(10624K)->10130K(10624K) NonClass: 8932K(9216K)->8932K(9216K) Class: 1198K(1408K)->1198K(1408K)
[40.027s][debug][gc,heap           ] GC(743) Heap after GC invocations=744 (full 1): garbage-first heap   total 1484800K, used 21210K [0x0000000700000000, 0x0000000800000000)
[40.027s][debug][gc,heap           ] GC(743)   region size 1024K, 4 young (4096K), 4 survivors (4096K)
[40.027s][debug][gc,heap           ] GC(743)  Metaspace       used 10130K, capacity 10468K, committed 10624K, reserved 1058816K
[40.027s][debug][gc,heap           ] GC(743)   class space    used 1198K, capacity 1344K, committed 1408K, reserved 1048576K
[40.027s][info ][gc                ] GC(743) Pause Young (Normal) (G1 Evacuation Pause) 886M->20M(1450M) 2.183ms
[40.027s][info ][gc,cpu            ] GC(743) User=0.00s Sys=0.00s Real=0.00s
[40.027s][info ][safepoint         ] Safepoint "G1CollectForAllocation", Time since last: 45719593 ns, Reaching safepoint: 145609 ns, At safepoint: 2352723 ns, Total: 2498332 ns
[40.070s][debug][gc,heap           ] GC(744) Heap before GC invocations=744 (full 1): garbage-first heap   total 1484800K, used 906970K [0x0000000700000000, 0x0000000800000000)
[40.070s][debug][gc,heap           ] GC(744)   region size 1024K, 870 young (890880K), 4 survivors (4096K)
[40.070s][debug][gc,heap           ] GC(744)  Metaspace       used 10130K, capacity 10468K, committed 10624K, reserved 1058816K
[40.070s][debug][gc,heap           ] GC(744)   class space    used 1198K, capacity 1344K, committed 1408K, reserved 1048576K
[40.070s][info ][gc,start          ] GC(744) Pause Young (Normal) (G1 Evacuation Pause)
[40.070s][info ][gc,task           ] GC(744) Using 8 workers of 8 for evacuation
[40.070s][debug][gc,tlab           ] GC(744) TLAB totals: thrds: 8  refills: 16 max: 3 slow allocs: 1725 max 235 waste: 32.1% gc: 1210304B max: 236320B slow: 61704B max: 15096B fast: 0B max: 0B
[40.070s][debug][gc,age            ] GC(744) Desired survivor size 57147392 bytes, new threshold 15 (max threshold 15)
[40.070s][debug][gc,alloc,region   ] GC(744) Mutator Allocation stats, regions: 866, wasted size: 202M (23.4%)
[40.070s][debug][gc,ergo           ] GC(744) Running G1 Merge Heap Roots using 8 workers for 870 regions
[40.071s][debug][gc,remset         ] GC(744) Visited cards 512 Total dirty 4096 (12.50%) Total old 3602432 (0.01%)
[40.071s][debug][gc,ergo           ] GC(744) Running G1 Clear Card Table Task using 2 workers for 2 units of work for 872 regions.
[40.071s][debug][gc,ref            ] GC(744) Skipped phase1 of Reference Processing due to unavailable references
[40.071s][debug][gc,ref            ] GC(744) Skipped phase2 of Reference Processing due to unavailable references
[40.071s][debug][gc,ref            ] GC(744) Skipped phase3 of Reference Processing due to unavailable references
[40.071s][debug][gc,ref            ] GC(744) Skipped phase4 of Reference Processing due to unavailable references
[40.071s][debug][gc,ergo           ] GC(744) Running G1 Free Collection Set using 8 workers for collection set length 870 (1450)
[40.071s][debug][gc,ergo           ] GC(744) Running G1 Rebuild Free List Task using 8 workers for rebuilding free list of 0 (4096) regions
[40.071s][trace][gc,age            ] GC(744) Age table with threshold 15 (max threshold 15)
[40.072s][trace][gc,age            ] GC(744) - age   1:    2802552 bytes,    2802552 total
[40.072s][debug][gc,plab           ] GC(744) Young PLAB allocation: allocated: 16512B, wasted: 0B, unused: 14064B, used: 2448B, undo waste: 0B, 
[40.072s][debug][gc,plab           ] GC(744) Young other allocation: region end waste: 731184B, regions filled: 4, direct allocated: 2800104B, failure used: 0B, failure wasted: 0B
[40.072s][debug][gc,plab           ] GC(744) Young sizing: calculated: 0B, actual: 2064B
[40.072s][debug][gc,plab           ] GC(744) Old PLAB allocation: allocated: 0B, wasted: 0B, unused: 0B, used: 0B, undo waste: 0B, 
[40.072s][debug][gc,plab           ] GC(744) Old other allocation: region end waste: 0B, regions filled: 1, direct allocated: 0B, failure used: 0B, failure wasted: 0B
[40.072s][debug][gc,plab           ] GC(744) Old sizing: calculated: 0B, actual: 2064B
[40.072s][debug][gc,ihop           ] GC(744) Basic information (value update), threshold: 684195840B (45.00), target occupancy: 1520435200B, current occupancy: 21719704B, recent allocation size: 0B, recent allocation duration: 43.84ms, recent old gen allocation rate: 0.00B/s, recent marking phase length: 29.21ms
[40.072s][debug][gc,ihop           ] GC(744) Adaptive IHOP information (value update), threshold: 684195840B (47.37), internal target occupancy: 1444413440B, occupancy: 21719704B, additional buffer size: 912261120B, predicted old gen allocation rate: 0.13B/s, predicted marking phase length: 58.41ms, prediction active: false
[40.072s][debug][gc,ergo,refine    ] GC(744) Concurrent refinement times: Logged Cards Scan time goal: 20.00ms Logged Cards Scan time: 0.01ms HCC time: 0.00ms
[40.072s][debug][gc,ergo,refine    ] GC(744) Updated Refinement Zones: green: 2048, yellow: 6144, red: 10240
[40.072s][info ][gc,phases         ] GC(744)   Pre Evacuate Collection Set: 0.1ms
[40.072s][debug][gc,phases         ] GC(744)     Prepare TLABs: 0.0ms
[40.072s][debug][gc,phases         ] GC(744)     Choose Collection Set: 0.0ms
[40.072s][debug][gc,phases         ] GC(744)     Region Register: 0.1ms
[40.072s][debug][gc,phases         ] GC(744)     Prepare Heap Roots: 0.0ms
[40.072s][info ][gc,phases         ] GC(744)   Merge Heap Roots: 0.1ms
[40.072s][debug][gc,phases         ] GC(744)     Prepare Merge Heap Roots: 0.0ms
[40.072s][debug][gc,phases         ] GC(744)     Eager Reclaim (ms):       skipped
[40.072s][debug][gc,phases         ] GC(744)     Remembered Sets (ms):     Min:  0.0, Avg:  0.0, Max:  0.1, Diff:  0.0, Sum:  0.2, Workers: 8
[40.072s][debug][gc,phases         ] GC(744)       Merged Sparse:            Min: 0, Avg:  0.0, Max: 0, Diff: 0, Sum: 0, Workers: 8
[40.072s][debug][gc,phases         ] GC(744)       Merged Fine:              Min: 0, Avg:  0.0, Max: 0, Diff: 0, Sum: 0, Workers: 8
[40.072s][debug][gc,phases         ] GC(744)       Merged Coarse:            Min: 0, Avg:  0.0, Max: 0, Diff: 0, Sum: 0, Workers: 8
[40.072s][debug][gc,phases         ] GC(744)       Dirty Cards:              Min: 0, Avg:  0.0, Max: 0, Diff: 0, Sum: 0, Workers: 8
[40.072s][debug][gc,phases         ] GC(744)     Hot Card Cache (ms):      Min:  0.0, Avg:  0.0, Max:  0.0, Diff:  0.0, Sum:  0.0, Workers: 8
[40.072s][debug][gc,phases         ] GC(744)       Dirty Cards:              Min: 0, Avg:  0.0, Max: 0, Diff: 0, Sum: 0, Workers: 8
[40.072s][debug][gc,phases         ] GC(744)       Skipped Cards:            Min: 0, Avg:  0.0, Max: 0, Diff: 0, Sum: 0, Workers: 8
[40.072s][debug][gc,phases         ] GC(744)     Log Buffers (ms):         Min:  0.0, Avg:  0.0, Max:  0.0, Diff:  0.0, Sum:  0.0, Workers: 8
[40.072s][debug][gc,phases         ] GC(744)       Dirty Cards:              Min: 0, Avg:  0.2, Max: 2, Diff: 2, Sum: 2, Workers: 8
[40.072s][debug][gc,phases         ] GC(744)       Skipped Cards:            Min: 0, Avg:  0.0, Max: 0, Diff: 0, Sum: 0, Workers: 8
[40.072s][info ][gc,phases         ] GC(744)   Evacuate Collection Set: 0.4ms
[40.072s][debug][gc,phases         ] GC(744)     Ext Root Scanning (ms):   Min:  0.1, Avg:  0.2, Max:  0.2, Diff:  0.2, Sum:  1.6, Workers: 8
[40.072s][debug][gc,phases         ] GC(744)     Scan Heap Roots (ms):     Min:  0.0, Avg:  0.0, Max:  0.0, Diff:  0.0, Sum:  0.0, Workers: 8
[40.072s][debug][gc,phases         ] GC(744)       Scanned Cards:            Min: 0, Avg:  0.2, Max: 2, Diff: 2, Sum: 2, Workers: 8
[40.072s][debug][gc,phases         ] GC(744)       Scanned Blocks:           Min: 0, Avg:  0.2, Max: 2, Diff: 2, Sum: 2, Workers: 8
[40.072s][debug][gc,phases         ] GC(744)       Claimed Chunks:           Min: 0, Avg:  0.2, Max: 2, Diff: 2, Sum: 2, Workers: 8
[40.072s][debug][gc,phases         ] GC(744)     Code Root Scan (ms):      Min:  0.0, Avg:  0.0, Max:  0.1, Diff:  0.1, Sum:  0.2, Workers: 8
[40.072s][debug][gc,phases         ] GC(744)     Object Copy (ms):         Min:  0.0, Avg:  0.0, Max:  0.0, Diff:  0.0, Sum:  0.0, Workers: 8
[40.072s][debug][gc,phases         ] GC(744)     Termination (ms):         Min:  0.0, Avg:  0.1, Max:  0.1, Diff:  0.0, Sum:  0.4, Workers: 8
[40.072s][debug][gc,phases         ] GC(744)       Termination Attempts:     Min: 1, Avg:  1.0, Max: 1, Diff: 0, Sum: 8, Workers: 8
[40.072s][debug][gc,phases         ] GC(744)     GC Worker Other (ms):     Min:  0.0, Avg:  0.0, Max:  0.1, Diff:  0.1, Sum:  0.4, Workers: 8
[40.072s][debug][gc,phases         ] GC(744)     GC Worker Total (ms):     Min:  0.3, Avg:  0.3, Max:  0.4, Diff:  0.1, Sum:  2.6, Workers: 8
[40.072s][info ][gc,phases         ] GC(744)   Post Evacuate Collection Set: 0.6ms
[40.072s][debug][gc,phases         ] GC(744)     Code Roots Fixup: 0.0ms
[40.072s][debug][gc,phases         ] GC(744)     Clear Card Table: 0.2ms
[40.072s][debug][gc,phases         ] GC(744)     Reference Processing: 0.0ms
[40.072s][debug][gc,phases,ref     ] GC(744)       Reconsider SoftReferences: 0.0ms
[40.072s][debug][gc,phases,ref     ] GC(744)         SoftRef (ms):             skipped
[40.072s][debug][gc,phases,ref     ] GC(744)       Notify Soft/WeakReferences: 0.0ms
[40.072s][debug][gc,phases,ref     ] GC(744)         SoftRef (ms):             skipped
[40.072s][debug][gc,phases,ref     ] GC(744)         WeakRef (ms):             skipped
[40.072s][debug][gc,phases,ref     ] GC(744)         FinalRef (ms):            skipped
[40.072s][debug][gc,phases,ref     ] GC(744)         Total (ms):               skipped
[40.072s][debug][gc,phases,ref     ] GC(744)       Notify and keep alive finalizable: 0.0ms
[40.072s][debug][gc,phases,ref     ] GC(744)         FinalRef (ms):            skipped
[40.072s][debug][gc,phases,ref     ] GC(744)       Notify PhantomReferences: 0.0ms
[40.072s][debug][gc,phases,ref     ] GC(744)         PhantomRef (ms):          skipped
[40.072s][debug][gc,phases,ref     ] GC(744)       SoftReference:
[40.072s][debug][gc,phases,ref     ] GC(744)         Discovered: 0
[40.072s][debug][gc,phases,ref     ] GC(744)         Cleared: 0
[40.072s][debug][gc,phases,ref     ] GC(744)       WeakReference:
[40.072s][debug][gc,phases,ref     ] GC(744)         Discovered: 0
[40.072s][debug][gc,phases,ref     ] GC(744)         Cleared: 0
[40.072s][debug][gc,phases,ref     ] GC(744)       FinalReference:
[40.072s][debug][gc,phases,ref     ] GC(744)         Discovered: 0
[40.072s][debug][gc,phases,ref     ] GC(744)         Cleared: 0
[40.072s][debug][gc,phases,ref     ] GC(744)       PhantomReference:
[40.072s][debug][gc,phases,ref     ] GC(744)         Discovered: 0
[40.072s][debug][gc,phases,ref     ] GC(744)         Cleared: 0
[40.072s][debug][gc,phases         ] GC(744)     Weak Processing: 0.1ms
[40.072s][debug][gc,phases         ] GC(744)       JVMTI weak processing: 0.0ms
[40.072s][debug][gc,phases         ] GC(744)         Dead: 0
[40.072s][debug][gc,phases         ] GC(744)         Total: 0
[40.072s][debug][gc,phases         ] GC(744)       JFR weak processing: 0.0ms
[40.072s][debug][gc,phases         ] GC(744)         Dead: 0
[40.072s][debug][gc,phases         ] GC(744)         Total: 0
[40.072s][debug][gc,phases         ] GC(744)       JNI weak                  Min:  0.0, Avg:  0.0, Max:  0.0, Diff:  0.0, Sum:  0.0, Workers: 5
[40.072s][debug][gc,phases         ] GC(744)         Dead                      Min: 0, Avg:  0.0, Max: 0, Diff: 0, Sum: 0, Workers: 5
[40.072s][debug][gc,phases         ] GC(744)         Total                     Min: 0, Avg: 13.4, Max: 64, Diff: 64, Sum: 67, Workers: 5
[40.072s][debug][gc,phases         ] GC(744)       VM weak                   Min:  0.0, Avg:  0.0, Max:  0.0, Diff:  0.0, Sum:  0.0, Workers: 5
[40.072s][debug][gc,phases         ] GC(744)         Dead                      Min: 0, Avg:  0.0, Max: 0, Diff: 0, Sum: 0, Workers: 5
[40.072s][debug][gc,phases         ] GC(744)         Total                     Min: 0, Avg: 45.2, Max: 128, Diff: 128, Sum: 226, Workers: 5
[40.072s][debug][gc,phases         ] GC(744)       StringTable weak          Min:  0.0, Avg:  0.0, Max:  0.0, Diff:  0.0, Sum:  0.1, Workers: 5
[40.072s][debug][gc,phases         ] GC(744)         Dead                      Min: 0, Avg:  0.0, Max: 0, Diff: 0, Sum: 0, Workers: 5
[40.072s][debug][gc,phases         ] GC(744)         Total                     Min: 0, Avg: 682.8, Max: 1727, Diff: 1727, Sum: 3414, Workers: 5
[40.072s][debug][gc,phases         ] GC(744)       ResolvedMethodTable weak  Min:  0.0, Avg:  0.0, Max:  0.0, Diff:  0.0, Sum:  0.0, Workers: 5
[40.072s][debug][gc,phases         ] GC(744)         Dead                      Min: 0, Avg:  0.0, Max: 0, Diff: 0, Sum: 0, Workers: 5
[40.072s][debug][gc,phases         ] GC(744)         Total                     Min: 0, Avg: 120.2, Max: 256, Diff: 256, Sum: 601, Workers: 5
[40.072s][debug][gc,phases         ] GC(744)     Merge Per-Thread State: 0.0ms
[40.072s][debug][gc,phases         ] GC(744)       Copied Bytes              Min: 760, Avg: 350319.0, Max: 800096, Diff: 799336, Sum: 2802552, Workers: 8
[40.072s][debug][gc,phases         ] GC(744)       LAB Waste                 Min: 0, Avg:  0.0, Max: 0, Diff: 0, Sum: 0, Workers: 8
[40.072s][debug][gc,phases         ] GC(744)       LAB Undo Waste            Min: 0, Avg:  0.0, Max: 0, Diff: 0, Sum: 0, Workers: 8
[40.072s][debug][gc,phases         ] GC(744)     Code Roots Purge: 0.0ms
[40.072s][debug][gc,phases         ] GC(744)     Redirty Cards: 0.0ms
[40.072s][debug][gc,phases         ] GC(744)     DerivedPointerTable Update: 0.0ms
[40.072s][debug][gc,phases         ] GC(744)     Free Collection Set: 0.2ms
[40.072s][debug][gc,phases         ] GC(744)     Rebuild Free List: 0.1ms
[40.072s][debug][gc,phases         ] GC(744)     Humongous Reclaim: 0.0ms
[40.072s][debug][gc,phases         ] GC(744)     Start New Collection Set: 0.0ms
[40.072s][debug][gc,phases         ] GC(744)     Resize TLABs: 0.0ms
[40.072s][debug][gc,phases         ] GC(744)     Expand Heap After Collection: 0.0ms
[40.072s][info ][gc,phases         ] GC(744)   Other: 0.3ms
[40.072s][info ][gc,heap           ] GC(744) Eden regions: 866->0(866)
[40.072s][info ][gc,heap           ] GC(744) Survivor regions: 4->4(109)
[40.072s][info ][gc,heap           ] GC(744) Old regions: 17->17
[40.072s][info ][gc,heap           ] GC(744) Archive regions: 2->2
[40.072s][info ][gc,heap           ] GC(744) Humongous regions: 0->0
[40.072s][info ][gc,metaspace      ] GC(744) Metaspace: 10130K(10624K)->10130K(10624K) NonClass: 8932K(9216K)->8932K(9216K) Class: 1198K(1408K)->1198K(1408K)
[40.072s][debug][gc,heap           ] GC(744) Heap after GC invocations=745 (full 1): garbage-first heap   total 1484800K, used 21210K [0x0000000700000000, 0x0000000800000000)
[40.072s][debug][gc,heap           ] GC(744)   region size 1024K, 4 young (4096K), 4 survivors (4096K)
[40.072s][debug][gc,heap           ] GC(744)  Metaspace       used 10130K, capacity 10468K, committed 10624K, reserved 1058816K
[40.072s][debug][gc,heap           ] GC(744)   class space    used 1198K, capacity 1344K, committed 1408K, reserved 1048576K
[40.072s][info ][gc                ] GC(744) Pause Young (Normal) (G1 Evacuation Pause) 886M->20M(1450M) 2.055ms
[40.072s][info ][gc,cpu            ] GC(744) User=0.01s Sys=0.00s Real=0.00s
[40.072s][info ][safepoint         ] Safepoint "G1CollectForAllocation", Time since last: 42716103 ns, Reaching safepoint: 174021 ns, At safepoint: 2210423 ns, Total: 2384444 ns
[40.116s][debug][gc,heap           ] GC(745) Heap before GC invocations=745 (full 1): garbage-first heap   total 1484800K, used 906970K [0x0000000700000000, 0x0000000800000000)
[40.116s][debug][gc,heap           ] GC(745)   region size 1024K, 870 young (890880K), 4 survivors (4096K)
[40.116s][debug][gc,heap           ] GC(745)  Metaspace       used 10130K, capacity 10468K, committed 10624K, reserved 1058816K
[40.116s][debug][gc,heap           ] GC(745)   class space    used 1198K, capacity 1344K, committed 1408K, reserved 1048576K
[40.116s][info ][gc,start          ] GC(745) Pause Young (Normal) (G1 Evacuation Pause)
[40.116s][info ][gc,task           ] GC(745) Using 8 workers of 8 for evacuation
[40.116s][debug][gc,tlab           ] GC(745) TLAB totals: thrds: 8  refills: 14 max: 3 slow allocs: 1722 max 234 waste: 24.7% gc: 1074528B max: 227472B slow: 70280B max: 15096B fast: 0B max: 0B
[40.116s][debug][gc,age            ] GC(745) Desired survivor size 57147392 bytes, new threshold 15 (max threshold 15)
[40.116s][debug][gc,alloc,region   ] GC(745) Mutator Allocation stats, regions: 866, wasted size: 202M (23.4%)
[40.116s][debug][gc,ergo           ] GC(745) Running G1 Merge Heap Roots using 8 workers for 870 regions
[40.116s][debug][gc,remset         ] GC(745) Visited cards 256 Total dirty 2048 (12.50%) Total old 3602432 (0.01%)
[40.116s][debug][gc,ergo           ] GC(745) Running G1 Clear Card Table Task using 2 workers for 2 units of work for 871 regions.
[40.117s][debug][gc,ref            ] GC(745) Skipped phase1 of Reference Processing due to unavailable references
[40.117s][debug][gc,ref            ] GC(745) Skipped phase2 of Reference Processing due to unavailable references
[40.117s][debug][gc,ref            ] GC(745) Skipped phase3 of Reference Processing due to unavailable references
[40.117s][debug][gc,ref            ] GC(745) Skipped phase4 of Reference Processing due to unavailable references
[40.117s][debug][gc,ergo           ] GC(745) Running G1 Free Collection Set using 8 workers for collection set length 870 (1450)
[40.117s][debug][gc,ergo           ] GC(745) Running G1 Rebuild Free List Task using 8 workers for rebuilding free list of 0 (4096) regions
[40.117s][trace][gc,age            ] GC(745) Age table with threshold 15 (max threshold 15)
[40.117s][trace][gc,age            ] GC(745) - age   1:    2802544 bytes,    2802544 total
[40.117s][debug][gc,plab           ] GC(745) Young PLAB allocation: allocated: 14448B, wasted: 0B, unused: 12000B, used: 2448B, undo waste: 0B, 
[40.117s][debug][gc,plab           ] GC(745) Young other allocation: region end waste: 735320B, regions filled: 4, direct allocated: 2800096B, failure used: 0B, failure wasted: 0B
[40.117s][debug][gc,plab           ] GC(745) Young sizing: calculated: 0B, actual: 2064B
[40.117s][debug][gc,plab           ] GC(745) Old PLAB allocation: allocated: 0B, wasted: 0B, unused: 0B, used: 0B, undo waste: 0B, 
[40.117s][debug][gc,plab           ] GC(745) Old other allocation: region end waste: 0B, regions filled: 1, direct allocated: 0B, failure used: 0B, failure wasted: 0B
[40.117s][debug][gc,plab           ] GC(745) Old sizing: calculated: 0B, actual: 2064B
[40.117s][debug][gc,ihop           ] GC(745) Basic information (value update), threshold: 684195840B (45.00), target occupancy: 1520435200B, current occupancy: 21721768B, recent allocation size: 0B, recent allocation duration: 44.29ms, recent old gen allocation rate: 0.00B/s, recent marking phase length: 29.21ms
[40.117s][debug][gc,ihop           ] GC(745) Adaptive IHOP information (value update), threshold: 684195840B (47.37), internal target occupancy: 1444413440B, occupancy: 21721768B, additional buffer size: 912261120B, predicted old gen allocation rate: 0.13B/s, predicted marking phase length: 58.41ms, prediction active: false
[40.117s][debug][gc,ergo,refine    ] GC(745) Concurrent refinement times: Logged Cards Scan time goal: 20.00ms Logged Cards Scan time: 0.00ms HCC time: 0.00ms
[40.117s][debug][gc,ergo,refine    ] GC(745) Updated Refinement Zones: green: 2048, yellow: 6144, red: 10240
[40.117s][info ][gc,phases         ] GC(745)   Pre Evacuate Collection Set: 0.1ms
[40.117s][debug][gc,phases         ] GC(745)     Prepare TLABs: 0.0ms
[40.117s][debug][gc,phases         ] GC(745)     Choose Collection Set: 0.0ms
[40.117s][debug][gc,phases         ] GC(745)     Region Register: 0.1ms
[40.117s][debug][gc,phases         ] GC(745)     Prepare Heap Roots: 0.0ms
[40.117s][info ][gc,phases         ] GC(745)   Merge Heap Roots: 0.1ms
[40.117s][debug][gc,phases         ] GC(745)     Prepare Merge Heap Roots: 0.0ms
[40.117s][debug][gc,phases         ] GC(745)     Eager Reclaim (ms):       skipped
[40.117s][debug][gc,phases         ] GC(745)     Remembered Sets (ms):     Min:  0.0, Avg:  0.0, Max:  0.0, Diff:  0.0, Sum:  0.3, Workers: 8
[40.117s][debug][gc,phases         ] GC(745)       Merged Sparse:            Min: 0, Avg:  0.0, Max: 0, Diff: 0, Sum: 0, Workers: 8
[40.117s][debug][gc,phases         ] GC(745)       Merged Fine:              Min: 0, Avg:  0.0, Max: 0, Diff: 0, Sum: 0, Workers: 8
[40.117s][debug][gc,phases         ] GC(745)       Merged Coarse:            Min: 0, Avg:  0.0, Max: 0, Diff: 0, Sum: 0, Workers: 8
[40.117s][debug][gc,phases         ] GC(745)       Dirty Cards:              Min: 0, Avg:  0.0, Max: 0, Diff: 0, Sum: 0, Workers: 8
[40.117s][debug][gc,phases         ] GC(745)     Hot Card Cache (ms):      Min:  0.0, Avg:  0.0, Max:  0.0, Diff:  0.0, Sum:  0.0, Workers: 8
[40.117s][debug][gc,phases         ] GC(745)       Dirty Cards:              Min: 0, Avg:  0.0, Max: 0, Diff: 0, Sum: 0, Workers: 8
[40.117s][debug][gc,phases         ] GC(745)       Skipped Cards:            Min: 0, Avg:  0.0, Max: 0, Diff: 0, Sum: 0, Workers: 8
[40.117s][debug][gc,phases         ] GC(745)     Log Buffers (ms):         Min:  0.0, Avg:  0.0, Max:  0.0, Diff:  0.0, Sum:  0.0, Workers: 8
[40.117s][debug][gc,phases         ] GC(745)       Dirty Cards:              Min: 0, Avg:  0.1, Max: 1, Diff: 1, Sum: 1, Workers: 8
[40.117s][debug][gc,phases         ] GC(745)       Skipped Cards:            Min: 0, Avg:  0.0, Max: 0, Diff: 0, Sum: 0, Workers: 8
[40.117s][info ][gc,phases         ] GC(745)   Evacuate Collection Set: 0.3ms
[40.117s][debug][gc,phases         ] GC(745)     Ext Root Scanning (ms):   Min:  0.0, Avg:  0.2, Max:  0.3, Diff:  0.3, Sum:  1.3, Workers: 8
[40.117s][debug][gc,phases         ] GC(745)     Scan Heap Roots (ms):     Min:  0.0, Avg:  0.0, Max:  0.0, Diff:  0.0, Sum:  0.0, Workers: 8
[40.117s][debug][gc,phases         ] GC(745)       Scanned Cards:            Min: 0, Avg:  0.1, Max: 1, Diff: 1, Sum: 1, Workers: 8
[40.117s][debug][gc,phases         ] GC(745)       Scanned Blocks:           Min: 0, Avg:  0.1, Max: 1, Diff: 1, Sum: 1, Workers: 8
[40.117s][debug][gc,phases         ] GC(745)       Claimed Chunks:           Min: 0, Avg:  0.1, Max: 1, Diff: 1, Sum: 1, Workers: 8
[40.117s][debug][gc,phases         ] GC(745)     Code Root Scan (ms):      Min:  0.0, Avg:  0.0, Max:  0.0, Diff:  0.0, Sum:  0.2, Workers: 8
[40.117s][debug][gc,phases         ] GC(745)     Object Copy (ms):         Min:  0.0, Avg:  0.0, Max:  0.0, Diff:  0.0, Sum:  0.0, Workers: 8
[40.117s][debug][gc,phases         ] GC(745)     Termination (ms):         Min:  0.0, Avg:  0.1, Max:  0.1, Diff:  0.1, Sum:  0.5, Workers: 8
[40.117s][debug][gc,phases         ] GC(745)       Termination Attempts:     Min: 1, Avg:  1.1, Max: 2, Diff: 1, Sum: 9, Workers: 8
[40.117s][debug][gc,phases         ] GC(745)     GC Worker Other (ms):     Min:  0.0, Avg:  0.1, Max:  0.2, Diff:  0.2, Sum:  0.5, Workers: 8
[40.117s][debug][gc,phases         ] GC(745)     GC Worker Total (ms):     Min:  0.3, Avg:  0.3, Max:  0.3, Diff:  0.0, Sum:  2.5, Workers: 8
[40.117s][info ][gc,phases         ] GC(745)   Post Evacuate Collection Set: 0.6ms
[40.117s][debug][gc,phases         ] GC(745)     Code Roots Fixup: 0.0ms
[40.117s][debug][gc,phases         ] GC(745)     Clear Card Table: 0.2ms
[40.117s][debug][gc,phases         ] GC(745)     Reference Processing: 0.0ms
[40.117s][debug][gc,phases,ref     ] GC(745)       Reconsider SoftReferences: 0.0ms
[40.117s][debug][gc,phases,ref     ] GC(745)         SoftRef (ms):             skipped
[40.117s][debug][gc,phases,ref     ] GC(745)       Notify Soft/WeakReferences: 0.0ms
[40.117s][debug][gc,phases,ref     ] GC(745)         SoftRef (ms):             skipped
[40.117s][debug][gc,phases,ref     ] GC(745)         WeakRef (ms):             skipped
[40.117s][debug][gc,phases,ref     ] GC(745)         FinalRef (ms):            skipped
[40.117s][debug][gc,phases,ref     ] GC(745)         Total (ms):               skipped
[40.117s][debug][gc,phases,ref     ] GC(745)       Notify and keep alive finalizable: 0.0ms
[40.117s][debug][gc,phases,ref     ] GC(745)         FinalRef (ms):            skipped
[40.117s][debug][gc,phases,ref     ] GC(745)       Notify PhantomReferences: 0.0ms
[40.118s][debug][gc,phases,ref     ] GC(745)         PhantomRef (ms):          skipped
[40.118s][debug][gc,phases,ref     ] GC(745)       SoftReference:
[40.118s][debug][gc,phases,ref     ] GC(745)         Discovered: 0
[40.118s][debug][gc,phases,ref     ] GC(745)         Cleared: 0
[40.118s][debug][gc,phases,ref     ] GC(745)       WeakReference:
[40.118s][debug][gc,phases,ref     ] GC(745)         Discovered: 0
[40.118s][debug][gc,phases,ref     ] GC(745)         Cleared: 0
[40.118s][debug][gc,phases,ref     ] GC(745)       FinalReference:
[40.118s][debug][gc,phases,ref     ] GC(745)         Discovered: 0
[40.118s][debug][gc,phases,ref     ] GC(745)         Cleared: 0
[40.118s][debug][gc,phases,ref     ] GC(745)       PhantomReference:
[40.118s][debug][gc,phases,ref     ] GC(745)         Discovered: 0
[40.118s][debug][gc,phases,ref     ] GC(745)         Cleared: 0
[40.118s][debug][gc,phases         ] GC(745)     Weak Processing: 0.1ms
[40.118s][debug][gc,phases         ] GC(745)       JVMTI weak processing: 0.0ms
[40.118s][debug][gc,phases         ] GC(745)         Dead: 0
[40.118s][debug][gc,phases         ] GC(745)         Total: 0
[40.118s][debug][gc,phases         ] GC(745)       JFR weak processing: 0.0ms
[40.118s][debug][gc,phases         ] GC(745)         Dead: 0
[40.118s][debug][gc,phases         ] GC(745)         Total: 0
[40.118s][debug][gc,phases         ] GC(745)       JNI weak                  Min:  0.0, Avg:  0.0, Max:  0.0, Diff:  0.0, Sum:  0.0, Workers: 5
[40.118s][debug][gc,phases         ] GC(745)         Dead                      Min: 0, Avg:  0.0, Max: 0, Diff: 0, Sum: 0, Workers: 5
[40.118s][debug][gc,phases         ] GC(745)         Total                     Min: 0, Avg: 13.4, Max: 64, Diff: 64, Sum: 67, Workers: 5
[40.118s][debug][gc,phases         ] GC(745)       VM weak                   Min:  0.0, Avg:  0.0, Max:  0.0, Diff:  0.0, Sum:  0.0, Workers: 5
[40.118s][debug][gc,phases         ] GC(745)         Dead                      Min: 0, Avg:  0.0, Max: 0, Diff: 0, Sum: 0, Workers: 5
[40.118s][debug][gc,phases         ] GC(745)         Total                     Min: 0, Avg: 45.2, Max: 128, Diff: 128, Sum: 226, Workers: 5
[40.118s][debug][gc,phases         ] GC(745)       StringTable weak          Min:  0.0, Avg:  0.0, Max:  0.0, Diff:  0.0, Sum:  0.1, Workers: 5
[40.118s][debug][gc,phases         ] GC(745)         Dead                      Min: 0, Avg:  0.0, Max: 0, Diff: 0, Sum: 0, Workers: 5
[40.118s][debug][gc,phases         ] GC(745)         Total                     Min: 0, Avg: 682.8, Max: 1727, Diff: 1727, Sum: 3414, Workers: 5
[40.118s][debug][gc,phases         ] GC(745)       ResolvedMethodTable weak  Min:  0.0, Avg:  0.0, Max:  0.0, Diff:  0.0, Sum:  0.0, Workers: 5
[40.118s][debug][gc,phases         ] GC(745)         Dead                      Min: 0, Avg:  0.0, Max: 0, Diff: 0, Sum: 0, Workers: 5
[40.118s][debug][gc,phases         ] GC(745)         Total                     Min: 0, Avg: 120.2, Max: 217, Diff: 217, Sum: 601, Workers: 5
[40.118s][debug][gc,phases         ] GC(745)     Merge Per-Thread State: 0.0ms
[40.118s][debug][gc,phases         ] GC(745)       Copied Bytes              Min: 0, Avg: 350318.0, Max: 800320, Diff: 800320, Sum: 2802544, Workers: 8
[40.118s][debug][gc,phases         ] GC(745)       LAB Waste                 Min: 0, Avg:  0.0, Max: 0, Diff: 0, Sum: 0, Workers: 8
[40.118s][debug][gc,phases         ] GC(745)       LAB Undo Waste            Min: 0, Avg:  0.0, Max: 0, Diff: 0, Sum: 0, Workers: 8
[40.118s][debug][gc,phases         ] GC(745)     Code Roots Purge: 0.0ms
[40.118s][debug][gc,phases         ] GC(745)     Redirty Cards: 0.0ms
[40.118s][debug][gc,phases         ] GC(745)     DerivedPointerTable Update: 0.0ms
[40.118s][debug][gc,phases         ] GC(745)     Free Collection Set: 0.2ms
[40.118s][debug][gc,phases         ] GC(745)     Rebuild Free List: 0.1ms
[40.118s][debug][gc,phases         ] GC(745)     Humongous Reclaim: 0.0ms
[40.118s][debug][gc,phases         ] GC(745)     Start New Collection Set: 0.0ms
[40.118s][debug][gc,phases         ] GC(745)     Resize TLABs: 0.0ms
[40.118s][debug][gc,phases         ] GC(745)     Expand Heap After Collection: 0.0ms
[40.118s][info ][gc,phases         ] GC(745)   Other: 0.4ms
[40.118s][info ][gc,heap           ] GC(745) Eden regions: 866->0(866)
[40.118s][info ][gc,heap           ] GC(745) Survivor regions: 4->4(109)
[40.118s][info ][gc,heap           ] GC(745) Old regions: 17->17
[40.118s][info ][gc,heap           ] GC(745) Archive regions: 2->2
[40.118s][info ][gc,heap           ] GC(745) Humongous regions: 0->0
[40.118s][info ][gc,metaspace      ] GC(745) Metaspace: 10130K(10624K)->10130K(10624K) NonClass: 8932K(9216K)->8932K(9216K) Class: 1198K(1408K)->1198K(1408K)
[40.118s][debug][gc,heap           ] GC(745) Heap after GC invocations=746 (full 1): garbage-first heap   total 1484800K, used 21212K [0x0000000700000000, 0x0000000800000000)
[40.118s][debug][gc,heap           ] GC(745)   region size 1024K, 4 young (4096K), 4 survivors (4096K)
[40.118s][debug][gc,heap           ] GC(745)  Metaspace       used 10130K, capacity 10468K, committed 10624K, reserved 1058816K
[40.118s][debug][gc,heap           ] GC(745)   class space    used 1198K, capacity 1344K, committed 1408K, reserved 1048576K
[40.118s][info ][gc                ] GC(745) Pause Young (Normal) (G1 Evacuation Pause) 886M->20M(1450M) 2.095ms
[40.118s][info ][gc,cpu            ] GC(745) User=0.01s Sys=0.00s Real=0.00s
[40.118s][info ][safepoint         ] Safepoint "G1CollectForAllocation", Time since last: 43088342 ns, Reaching safepoint: 203304 ns, At safepoint: 2324754 ns, Total: 2528058 ns
[40.162s][debug][gc,heap           ] GC(746) Heap before GC invocations=746 (full 1): garbage-first heap   total 1484800K, used 906972K [0x0000000700000000, 0x0000000800000000)
[40.162s][debug][gc,heap           ] GC(746)   region size 1024K, 870 young (890880K), 4 survivors (4096K)
[40.162s][debug][gc,heap           ] GC(746)  Metaspace       used 10130K, capacity 10468K, committed 10624K, reserved 1058816K
[40.162s][debug][gc,heap           ] GC(746)   class space    used 1198K, capacity 1344K, committed 1408K, reserved 1048576K
[40.162s][info ][gc,start          ] GC(746) Pause Young (Normal) (G1 Evacuation Pause)
[40.162s][info ][gc,task           ] GC(746) Using 8 workers of 8 for evacuation
[40.162s][debug][gc,tlab           ] GC(746) TLAB totals: thrds: 8  refills: 14 max: 2 slow allocs: 1725 max 243 waste: 36.0% gc: 1430232B max: 232128B slow: 84176B max: 14304B fast: 0B max: 0B
[40.162s][debug][gc,age            ] GC(746) Desired survivor size 57147392 bytes, new threshold 15 (max threshold 15)
[40.162s][debug][gc,alloc,region   ] GC(746) Mutator Allocation stats, regions: 866, wasted size: 202M (23.4%)
[40.162s][debug][gc,ergo           ] GC(746) Running G1 Merge Heap Roots using 8 workers for 870 regions
[40.162s][debug][gc,remset         ] GC(746) Visited cards 512 Total dirty 4096 (12.50%) Total old 3602432 (0.01%)
[40.162s][debug][gc,ergo           ] GC(746) Running G1 Clear Card Table Task using 2 workers for 2 units of work for 872 regions.
[40.163s][debug][gc,ref            ] GC(746) Skipped phase1 of Reference Processing due to unavailable references
[40.163s][debug][gc,ref            ] GC(746) Skipped phase2 of Reference Processing due to unavailable references
[40.163s][debug][gc,ref            ] GC(746) Skipped phase3 of Reference Processing due to unavailable references
[40.163s][debug][gc,ref            ] GC(746) Skipped phase4 of Reference Processing due to unavailable references
[40.163s][debug][gc,ergo           ] GC(746) Running G1 Free Collection Set using 8 workers for collection set length 870 (1450)
[40.163s][debug][gc,ergo           ] GC(746) Running G1 Rebuild Free List Task using 8 workers for rebuilding free list of 0 (4096) regions
[40.163s][trace][gc,age            ] GC(746) Age table with threshold 15 (max threshold 15)
[40.163s][trace][gc,age            ] GC(746) - age   1:    2802544 bytes,    2802544 total
[40.163s][debug][gc,plab           ] GC(746) Young PLAB allocation: allocated: 14448B, wasted: 0B, unused: 12000B, used: 2448B, undo waste: 0B, 
[40.163s][debug][gc,plab           ] GC(746) Young other allocation: region end waste: 733256B, regions filled: 4, direct allocated: 2800096B, failure used: 0B, failure wasted: 0B
[40.163s][debug][gc,plab           ] GC(746) Young sizing: calculated: 0B, actual: 2064B
[40.163s][debug][gc,plab           ] GC(746) Old PLAB allocation: allocated: 0B, wasted: 0B, unused: 0B, used: 0B, undo waste: 0B, 
[40.163s][debug][gc,plab           ] GC(746) Old other allocation: region end waste: 0B, regions filled: 1, direct allocated: 0B, failure used: 0B, failure wasted: 0B
[40.163s][debug][gc,plab           ] GC(746) Old sizing: calculated: 0B, actual: 2064B
[40.163s][debug][gc,ihop           ] GC(746) Basic information (value update), threshold: 684195840B (45.00), target occupancy: 1520435200B, current occupancy: 21719704B, recent allocation size: 0B, recent allocation duration: 44.58ms, recent old gen allocation rate: 0.00B/s, recent marking phase length: 29.21ms
[40.163s][debug][gc,ihop           ] GC(746) Adaptive IHOP information (value update), threshold: 684195840B (47.37), internal target occupancy: 1444413440B, occupancy: 21719704B, additional buffer size: 912261120B, predicted old gen allocation rate: 0.12B/s, predicted marking phase length: 58.41ms, prediction active: false
[40.163s][debug][gc,ergo,refine    ] GC(746) Concurrent refinement times: Logged Cards Scan time goal: 20.00ms Logged Cards Scan time: 0.00ms HCC time: 0.00ms
[40.163s][debug][gc,ergo,refine    ] GC(746) Updated Refinement Zones: green: 2048, yellow: 6144, red: 10240
[40.163s][info ][gc,phases         ] GC(746)   Pre Evacuate Collection Set: 0.1ms
[40.163s][debug][gc,phases         ] GC(746)     Prepare TLABs: 0.0ms
[40.163s][debug][gc,phases         ] GC(746)     Choose Collection Set: 0.0ms
[40.163s][debug][gc,phases         ] GC(746)     Region Register: 0.1ms
[40.163s][debug][gc,phases         ] GC(746)     Prepare Heap Roots: 0.0ms
[40.163s][info ][gc,phases         ] GC(746)   Merge Heap Roots: 0.1ms
[40.163s][debug][gc,phases         ] GC(746)     Prepare Merge Heap Roots: 0.0ms
[40.163s][debug][gc,phases         ] GC(746)     Eager Reclaim (ms):       skipped
[40.163s][debug][gc,phases         ] GC(746)     Remembered Sets (ms):     Min:  0.0, Avg:  0.0, Max:  0.0, Diff:  0.0, Sum:  0.3, Workers: 8
[40.163s][debug][gc,phases         ] GC(746)       Merged Sparse:            Min: 0, Avg:  0.0, Max: 0, Diff: 0, Sum: 0, Workers: 8
[40.163s][debug][gc,phases         ] GC(746)       Merged Fine:              Min: 0, Avg:  0.0, Max: 0, Diff: 0, Sum: 0, Workers: 8
[40.163s][debug][gc,phases         ] GC(746)       Merged Coarse:            Min: 0, Avg:  0.0, Max: 0, Diff: 0, Sum: 0, Workers: 8
[40.163s][debug][gc,phases         ] GC(746)       Dirty Cards:              Min: 0, Avg:  0.0, Max: 0, Diff: 0, Sum: 0, Workers: 8
[40.163s][debug][gc,phases         ] GC(746)     Hot Card Cache (ms):      Min:  0.0, Avg:  0.0, Max:  0.0, Diff:  0.0, Sum:  0.0, Workers: 8
[40.163s][debug][gc,phases         ] GC(746)       Dirty Cards:              Min: 0, Avg:  0.0, Max: 0, Diff: 0, Sum: 0, Workers: 8
[40.163s][debug][gc,phases         ] GC(746)       Skipped Cards:            Min: 0, Avg:  0.0, Max: 0, Diff: 0, Sum: 0, Workers: 8
[40.163s][debug][gc,phases         ] GC(746)     Log Buffers (ms):         Min:  0.0, Avg:  0.0, Max:  0.0, Diff:  0.0, Sum:  0.0, Workers: 8
[40.163s][debug][gc,phases         ] GC(746)       Dirty Cards:              Min: 0, Avg:  0.2, Max: 1, Diff: 1, Sum: 2, Workers: 8
[40.163s][debug][gc,phases         ] GC(746)       Skipped Cards:            Min: 0, Avg:  0.0, Max: 0, Diff: 0, Sum: 0, Workers: 8
[40.163s][info ][gc,phases         ] GC(746)   Evacuate Collection Set: 0.3ms
[40.163s][debug][gc,phases         ] GC(746)     Ext Root Scanning (ms):   Min:  0.0, Avg:  0.2, Max:  0.3, Diff:  0.2, Sum:  1.4, Workers: 8
[40.163s][debug][gc,phases         ] GC(746)     Scan Heap Roots (ms):     Min:  0.0, Avg:  0.0, Max:  0.0, Diff:  0.0, Sum:  0.0, Workers: 8
[40.163s][debug][gc,phases         ] GC(746)       Scanned Cards:            Min: 0, Avg:  0.2, Max: 1, Diff: 1, Sum: 2, Workers: 8
[40.163s][debug][gc,phases         ] GC(746)       Scanned Blocks:           Min: 0, Avg:  0.2, Max: 1, Diff: 1, Sum: 2, Workers: 8
[40.164s][debug][gc,phases         ] GC(746)       Claimed Chunks:           Min: 0, Avg:  0.2, Max: 1, Diff: 1, Sum: 2, Workers: 8
[40.164s][debug][gc,phases         ] GC(746)     Code Root Scan (ms):      Min:  0.0, Avg:  0.0, Max:  0.1, Diff:  0.1, Sum:  0.2, Workers: 8
[40.164s][debug][gc,phases         ] GC(746)     Object Copy (ms):         Min:  0.0, Avg:  0.0, Max:  0.0, Diff:  0.0, Sum:  0.0, Workers: 8
[40.164s][debug][gc,phases         ] GC(746)     Termination (ms):         Min:  0.0, Avg:  0.1, Max:  0.1, Diff:  0.1, Sum:  0.6, Workers: 8
[40.164s][debug][gc,phases         ] GC(746)       Termination Attempts:     Min: 1, Avg:  1.8, Max: 3, Diff: 2, Sum: 14, Workers: 8
[40.164s][debug][gc,phases         ] GC(746)     GC Worker Other (ms):     Min:  0.0, Avg:  0.0, Max:  0.1, Diff:  0.1, Sum:  0.3, Workers: 8
[40.164s][debug][gc,phases         ] GC(746)     GC Worker Total (ms):     Min:  0.3, Avg:  0.3, Max:  0.3, Diff:  0.0, Sum:  2.5, Workers: 8
[40.164s][info ][gc,phases         ] GC(746)   Post Evacuate Collection Set: 0.7ms
[40.164s][debug][gc,phases         ] GC(746)     Code Roots Fixup: 0.0ms
[40.164s][debug][gc,phases         ] GC(746)     Clear Card Table: 0.2ms
[40.164s][debug][gc,phases         ] GC(746)     Reference Processing: 0.0ms
[40.164s][debug][gc,phases,ref     ] GC(746)       Reconsider SoftReferences: 0.0ms
[40.164s][debug][gc,phases,ref     ] GC(746)         SoftRef (ms):             skipped
[40.170s][debug][gc,phases,ref     ] GC(746)       Notify Soft/WeakReferences: 0.0ms
[40.170s][debug][gc,phases,ref     ] GC(746)         SoftRef (ms):             skipped
[40.170s][debug][gc,phases,ref     ] GC(746)         WeakRef (ms):             skipped
[40.170s][debug][gc,phases,ref     ] GC(746)         FinalRef (ms):            skipped
[40.170s][debug][gc,phases,ref     ] GC(746)         Total (ms):               skipped
[40.170s][debug][gc,phases,ref     ] GC(746)       Notify and keep alive finalizable: 0.0ms
[40.170s][debug][gc,phases,ref     ] GC(746)         FinalRef (ms):            skipped
[40.170s][debug][gc,phases,ref     ] GC(746)       Notify PhantomReferences: 0.0ms
[40.170s][debug][gc,phases,ref     ] GC(746)         PhantomRef (ms):          skipped
[40.170s][debug][gc,phases,ref     ] GC(746)       SoftReference:
[40.170s][debug][gc,phases,ref     ] GC(746)         Discovered: 0
[40.170s][debug][gc,phases,ref     ] GC(746)         Cleared: 0
[40.170s][debug][gc,phases,ref     ] GC(746)       WeakReference:
[40.170s][debug][gc,phases,ref     ] GC(746)         Discovered: 0
[40.170s][debug][gc,phases,ref     ] GC(746)         Cleared: 0
[40.170s][debug][gc,phases,ref     ] GC(746)       FinalReference:
[40.170s][debug][gc,phases,ref     ] GC(746)         Discovered: 0
[40.170s][debug][gc,phases,ref     ] GC(746)         Cleared: 0
[40.170s][debug][gc,phases,ref     ] GC(746)       PhantomReference:
[40.170s][debug][gc,phases,ref     ] GC(746)         Discovered: 0
[40.170s][debug][gc,phases,ref     ] GC(746)         Cleared: 0
[40.170s][debug][gc,phases         ] GC(746)     Weak Processing: 0.0ms
[40.170s][debug][gc,phases         ] GC(746)       JVMTI weak processing: 0.0ms
[40.170s][debug][gc,phases         ] GC(746)         Dead: 0
[40.170s][debug][gc,phases         ] GC(746)         Total: 0
[40.170s][debug][gc,phases         ] GC(746)       JFR weak processing: 0.0ms
[40.170s][debug][gc,phases         ] GC(746)         Dead: 0
[40.170s][debug][gc,phases         ] GC(746)         Total: 0
[40.170s][debug][gc,phases         ] GC(746)       JNI weak                  Min:  0.0, Avg:  0.0, Max:  0.0, Diff:  0.0, Sum:  0.0, Workers: 5
[40.170s][debug][gc,phases         ] GC(746)         Dead                      Min: 0, Avg:  0.0, Max: 0, Diff: 0, Sum: 0, Workers: 5
[40.170s][debug][gc,phases         ] GC(746)         Total                     Min: 0, Avg: 13.4, Max: 67, Diff: 67, Sum: 67, Workers: 5
[40.170s][debug][gc,phases         ] GC(746)       VM weak                   Min:  0.0, Avg:  0.0, Max:  0.0, Diff:  0.0, Sum:  0.0, Workers: 5
[40.170s][debug][gc,phases         ] GC(746)         Dead                      Min: 0, Avg:  0.0, Max: 0, Diff: 0, Sum: 0, Workers: 5
[40.170s][debug][gc,phases         ] GC(746)         Total                     Min: 0, Avg: 45.2, Max: 64, Diff: 64, Sum: 226, Workers: 5
[40.170s][debug][gc,phases         ] GC(746)       StringTable weak          Min:  0.0, Avg:  0.0, Max:  0.0, Diff:  0.0, Sum:  0.1, Workers: 5
[40.170s][debug][gc,phases         ] GC(746)         Dead                      Min: 0, Avg:  0.0, Max: 0, Diff: 0, Sum: 0, Workers: 5
[40.170s][debug][gc,phases         ] GC(746)         Total                     Min: 639, Avg: 682.8, Max: 727, Diff: 88, Sum: 3414, Workers: 5
[40.170s][debug][gc,phases         ] GC(746)       ResolvedMethodTable weak  Min:  0.0, Avg:  0.0, Max:  0.0, Diff:  0.0, Sum:  0.0, Workers: 5
[40.170s][debug][gc,phases         ] GC(746)         Dead                      Min: 0, Avg:  0.0, Max: 0, Diff: 0, Sum: 0, Workers: 5
[40.170s][debug][gc,phases         ] GC(746)         Total                     Min: 25, Avg: 120.2, Max: 192, Diff: 167, Sum: 601, Workers: 5
[40.170s][debug][gc,phases         ] GC(746)     Merge Per-Thread State: 0.1ms
[40.170s][debug][gc,phases         ] GC(746)       Copied Bytes              Min: 0, Avg: 350318.0, Max: 800168, Diff: 800168, Sum: 2802544, Workers: 8
[40.170s][debug][gc,phases         ] GC(746)       LAB Waste                 Min: 0, Avg:  0.0, Max: 0, Diff: 0, Sum: 0, Workers: 8
[40.170s][debug][gc,phases         ] GC(746)       LAB Undo Waste            Min: 0, Avg:  0.0, Max: 0, Diff: 0, Sum: 0, Workers: 8
[40.170s][debug][gc,phases         ] GC(746)     Code Roots Purge: 0.0ms
[40.170s][debug][gc,phases         ] GC(746)     Redirty Cards: 0.0ms
[40.170s][debug][gc,phases         ] GC(746)     DerivedPointerTable Update: 0.0ms
[40.170s][debug][gc,phases         ] GC(746)     Free Collection Set: 0.2ms
[40.170s][debug][gc,phases         ] GC(746)     Rebuild Free List: 0.1ms
[40.171s][debug][gc,phases         ] GC(746)     Humongous Reclaim: 0.0ms
[40.171s][debug][gc,phases         ] GC(746)     Start New Collection Set: 0.0ms
[40.171s][debug][gc,phases         ] GC(746)     Resize TLABs: 0.0ms
[40.171s][debug][gc,phases         ] GC(746)     Expand Heap After Collection: 0.0ms
[40.171s][info ][gc,phases         ] GC(746)   Other: 0.5ms
[40.171s][info ][gc,heap           ] GC(746) Eden regions: 866->0(866)
[40.171s][info ][gc,heap           ] GC(746) Survivor regions: 4->4(109)
[40.171s][info ][gc,heap           ] GC(746) Old regions: 17->17
[40.171s][info ][gc,heap           ] GC(746) Archive regions: 2->2
[40.171s][info ][gc,heap           ] GC(746) Humongous regions: 0->0
[40.171s][info ][gc,metaspace      ] GC(746) Metaspace: 10130K(10624K)->10130K(10624K) NonClass: 8932K(9216K)->8932K(9216K) Class: 1198K(1408K)->1198K(1408K)
[40.171s][debug][gc,heap           ] GC(746) Heap after GC invocations=747 (full 1): garbage-first heap   total 1484800K, used 21210K [0x0000000700000000, 0x0000000800000000)
[40.171s][debug][gc,heap           ] GC(746)   region size 1024K, 4 young (4096K), 4 survivors (4096K)
[40.171s][debug][gc,heap           ] GC(746)  Metaspace       used 10130K, capacity 10468K, committed 10624K, reserved 1058816K
[40.171s][debug][gc,heap           ] GC(746)   class space    used 1198K, capacity 1344K, committed 1408K, reserved 1048576K
[40.171s][info ][gc                ] GC(746) Pause Young (Normal) (G1 Evacuation Pause) 886M->20M(1450M) 9.012ms
[40.171s][info ][gc,cpu            ] GC(746) User=0.00s Sys=0.00s Real=0.01s
[40.171s][info ][safepoint         ] Safepoint "G1CollectForAllocation", Time since last: 43408317 ns, Reaching safepoint: 183424 ns, At safepoint: 9258908 ns, Total: 9442332 ns
[40.214s][debug][gc,heap           ] GC(747) Heap before GC invocations=747 (full 1): garbage-first heap   total 1484800K, used 906970K [0x0000000700000000, 0x0000000800000000)
[40.215s][debug][gc,heap           ] GC(747)   region size 1024K, 870 young (890880K), 4 survivors (4096K)
[40.215s][debug][gc,heap           ] GC(747)  Metaspace       used 10130K, capacity 10468K, committed 10624K, reserved 1058816K
[40.215s][debug][gc,heap           ] GC(747)   class space    used 1198K, capacity 1344K, committed 1408K, reserved 1048576K
[40.215s][info ][gc,start          ] GC(747) Pause Young (Normal) (G1 Evacuation Pause)
[40.215s][info ][gc,task           ] GC(747) Using 8 workers of 8 for evacuation
[40.215s][debug][gc,tlab           ] GC(747) TLAB totals: thrds: 8  refills: 11 max: 2 slow allocs: 1726 max 236 waste: 27.4% gc: 977272B max: 225792B slow: 41656B max: 14304B fast: 0B max: 0B
[40.215s][debug][gc,age            ] GC(747) Desired survivor size 57147392 bytes, new threshold 15 (max threshold 15)
[40.215s][debug][gc,alloc,region   ] GC(747) Mutator Allocation stats, regions: 866, wasted size: 203M (23.4%)
[40.215s][debug][gc,ergo           ] GC(747) Running G1 Merge Heap Roots using 8 workers for 870 regions
[40.215s][debug][gc,remset         ] GC(747) Visited cards 256 Total dirty 2048 (12.50%) Total old 3602432 (0.01%)
[40.215s][debug][gc,ergo           ] GC(747) Running G1 Clear Card Table Task using 2 workers for 2 units of work for 871 regions.
[40.216s][debug][gc,ref            ] GC(747) Skipped phase1 of Reference Processing due to unavailable references
[40.216s][debug][gc,ref            ] GC(747) Skipped phase2 of Reference Processing due to unavailable references
[40.216s][debug][gc,ref            ] GC(747) Skipped phase3 of Reference Processing due to unavailable references
[40.216s][debug][gc,ref            ] GC(747) Skipped phase4 of Reference Processing due to unavailable references
[40.216s][debug][gc,ergo           ] GC(747) Running G1 Free Collection Set using 8 workers for collection set length 870 (1450)
[40.216s][debug][gc,ergo           ] GC(747) Running G1 Rebuild Free List Task using 8 workers for rebuilding free list of 0 (4096) regions
[40.216s][trace][gc,age            ] GC(747) Age table with threshold 15 (max threshold 15)
[40.216s][trace][gc,age            ] GC(747) - age   1:    3602576 bytes,    3602576 total
[40.216s][debug][gc,plab           ] GC(747) Young PLAB allocation: allocated: 16512B, wasted: 0B, unused: 14064B, used: 2448B, undo waste: 0B, 
[40.216s][debug][gc,plab           ] GC(747) Young other allocation: region end waste: 981800B, regions filled: 5, direct allocated: 3600128B, failure used: 0B, failure wasted: 0B
[40.216s][debug][gc,plab           ] GC(747) Young sizing: calculated: 0B, actual: 2064B
[40.216s][debug][gc,plab           ] GC(747) Old PLAB allocation: allocated: 0B, wasted: 0B, unused: 0B, used: 0B, undo waste: 0B, 
[40.216s][debug][gc,plab           ] GC(747) Old other allocation: region end waste: 0B, regions filled: 1, direct allocated: 0B, failure used: 0B, failure wasted: 0B
[40.216s][debug][gc,plab           ] GC(747) Old sizing: calculated: 0B, actual: 2064B
[40.216s][debug][gc,ihop           ] GC(747) Basic information (value update), threshold: 684195840B (45.00), target occupancy: 1520435200B, current occupancy: 22770344B, recent allocation size: 0B, recent allocation duration: 51.40ms, recent old gen allocation rate: 0.00B/s, recent marking phase length: 29.21ms
[40.216s][debug][gc,ihop           ] GC(747) Adaptive IHOP information (value update), threshold: 684195840B (47.37), internal target occupancy: 1444413440B, occupancy: 22770344B, additional buffer size: 912261120B, predicted old gen allocation rate: 0.12B/s, predicted marking phase length: 58.41ms, prediction active: false
[40.216s][debug][gc,ergo,refine    ] GC(747) Concurrent refinement times: Logged Cards Scan time goal: 20.00ms Logged Cards Scan time: 0.00ms HCC time: 0.00ms
[40.216s][debug][gc,ergo,refine    ] GC(747) Updated Refinement Zones: green: 2048, yellow: 6144, red: 10240
[40.216s][info ][gc,phases         ] GC(747)   Pre Evacuate Collection Set: 0.1ms
[40.216s][debug][gc,phases         ] GC(747)     Prepare TLABs: 0.0ms
[40.216s][debug][gc,phases         ] GC(747)     Choose Collection Set: 0.0ms
[40.216s][debug][gc,phases         ] GC(747)     Region Register: 0.1ms
[40.216s][debug][gc,phases         ] GC(747)     Prepare Heap Roots: 0.0ms
[40.216s][info ][gc,phases         ] GC(747)   Merge Heap Roots: 0.2ms
[40.216s][debug][gc,phases         ] GC(747)     Prepare Merge Heap Roots: 0.0ms
[40.216s][debug][gc,phases         ] GC(747)     Eager Reclaim (ms):       skipped
[40.216s][debug][gc,phases         ] GC(747)     Remembered Sets (ms):     Min:  0.0, Avg:  0.0, Max:  0.1, Diff:  0.0, Sum:  0.4, Workers: 8
[40.216s][debug][gc,phases         ] GC(747)       Merged Sparse:            Min: 0, Avg:  0.0, Max: 0, Diff: 0, Sum: 0, Workers: 8
[40.216s][debug][gc,phases         ] GC(747)       Merged Fine:              Min: 0, Avg:  0.0, Max: 0, Diff: 0, Sum: 0, Workers: 8
[40.216s][debug][gc,phases         ] GC(747)       Merged Coarse:            Min: 0, Avg:  0.0, Max: 0, Diff: 0, Sum: 0, Workers: 8
[40.216s][debug][gc,phases         ] GC(747)       Dirty Cards:              Min: 0, Avg:  0.0, Max: 0, Diff: 0, Sum: 0, Workers: 8
[40.216s][debug][gc,phases         ] GC(747)     Hot Card Cache (ms):      Min:  0.0, Avg:  0.0, Max:  0.0, Diff:  0.0, Sum:  0.0, Workers: 8
[40.216s][debug][gc,phases         ] GC(747)       Dirty Cards:              Min: 0, Avg:  0.0, Max: 0, Diff: 0, Sum: 0, Workers: 8
[40.216s][debug][gc,phases         ] GC(747)       Skipped Cards:            Min: 0, Avg:  0.0, Max: 0, Diff: 0, Sum: 0, Workers: 8
[40.216s][debug][gc,phases         ] GC(747)     Log Buffers (ms):         Min:  0.0, Avg:  0.0, Max:  0.0, Diff:  0.0, Sum:  0.0, Workers: 8
[40.216s][debug][gc,phases         ] GC(747)       Dirty Cards:              Min: 0, Avg:  0.1, Max: 1, Diff: 1, Sum: 1, Workers: 8
[40.216s][debug][gc,phases         ] GC(747)       Skipped Cards:            Min: 0, Avg:  0.0, Max: 0, Diff: 0, Sum: 0, Workers: 8
[40.216s][info ][gc,phases         ] GC(747)   Evacuate Collection Set: 0.5ms
[40.216s][debug][gc,phases         ] GC(747)     Ext Root Scanning (ms):   Min:  0.2, Avg:  0.3, Max:  0.3, Diff:  0.1, Sum:  2.2, Workers: 8
[40.216s][debug][gc,phases         ] GC(747)     Scan Heap Roots (ms):     Min:  0.0, Avg:  0.0, Max:  0.0, Diff:  0.0, Sum:  0.0, Workers: 8
[40.216s][debug][gc,phases         ] GC(747)       Scanned Cards:            Min: 0, Avg:  0.1, Max: 1, Diff: 1, Sum: 1, Workers: 8
[40.216s][debug][gc,phases         ] GC(747)       Scanned Blocks:           Min: 0, Avg:  0.1, Max: 1, Diff: 1, Sum: 1, Workers: 8
[40.216s][debug][gc,phases         ] GC(747)       Claimed Chunks:           Min: 0, Avg:  0.1, Max: 1, Diff: 1, Sum: 1, Workers: 8
[40.216s][debug][gc,phases         ] GC(747)     Code Root Scan (ms):      Min:  0.0, Avg:  0.0, Max:  0.1, Diff:  0.1, Sum:  0.2, Workers: 8
[40.216s][debug][gc,phases         ] GC(747)     Object Copy (ms):         Min:  0.0, Avg:  0.0, Max:  0.0, Diff:  0.0, Sum:  0.0, Workers: 8
[40.217s][debug][gc,phases         ] GC(747)     Termination (ms):         Min:  0.1, Avg:  0.1, Max:  0.1, Diff:  0.0, Sum:  0.7, Workers: 8
[40.217s][debug][gc,phases         ] GC(747)       Termination Attempts:     Min: 1, Avg:  1.0, Max: 1, Diff: 0, Sum: 8, Workers: 8
[40.217s][debug][gc,phases         ] GC(747)     GC Worker Other (ms):     Min:  0.0, Avg:  0.0, Max:  0.1, Diff:  0.1, Sum:  0.4, Workers: 8
[40.217s][debug][gc,phases         ] GC(747)     GC Worker Total (ms):     Min:  0.4, Avg:  0.4, Max:  0.4, Diff:  0.0, Sum:  3.5, Workers: 8
[40.217s][info ][gc,phases         ] GC(747)   Post Evacuate Collection Set: 0.6ms
[40.217s][debug][gc,phases         ] GC(747)     Code Roots Fixup: 0.0ms
[40.217s][debug][gc,phases         ] GC(747)     Clear Card Table: 0.2ms
[40.217s][debug][gc,phases         ] GC(747)     Reference Processing: 0.0ms
[40.217s][debug][gc,phases,ref     ] GC(747)       Reconsider SoftReferences: 0.0ms
[40.217s][debug][gc,phases,ref     ] GC(747)         SoftRef (ms):             skipped
[40.217s][debug][gc,phases,ref     ] GC(747)       Notify Soft/WeakReferences: 0.0ms
[40.217s][debug][gc,phases,ref     ] GC(747)         SoftRef (ms):             skipped
[40.217s][debug][gc,phases,ref     ] GC(747)         WeakRef (ms):             skipped
[40.217s][debug][gc,phases,ref     ] GC(747)         FinalRef (ms):            skipped
[40.217s][debug][gc,phases,ref     ] GC(747)         Total (ms):               skipped
[40.217s][debug][gc,phases,ref     ] GC(747)       Notify and keep alive finalizable: 0.0ms
[40.217s][debug][gc,phases,ref     ] GC(747)         FinalRef (ms):            skipped
[40.217s][debug][gc,phases,ref     ] GC(747)       Notify PhantomReferences: 0.0ms
[40.217s][debug][gc,phases,ref     ] GC(747)         PhantomRef (ms):          skipped
[40.217s][debug][gc,phases,ref     ] GC(747)       SoftReference:
[40.217s][debug][gc,phases,ref     ] GC(747)         Discovered: 0
[40.217s][debug][gc,phases,ref     ] GC(747)         Cleared: 0
[40.217s][debug][gc,phases,ref     ] GC(747)       WeakReference:
[40.217s][debug][gc,phases,ref     ] GC(747)         Discovered: 0
[40.217s][debug][gc,phases,ref     ] GC(747)         Cleared: 0
[40.217s][debug][gc,phases,ref     ] GC(747)       FinalReference:
[40.217s][debug][gc,phases,ref     ] GC(747)         Discovered: 0
[40.217s][debug][gc,phases,ref     ] GC(747)         Cleared: 0
[40.217s][debug][gc,phases,ref     ] GC(747)       PhantomReference:
[40.217s][debug][gc,phases,ref     ] GC(747)         Discovered: 0
[40.217s][debug][gc,phases,ref     ] GC(747)         Cleared: 0
[40.217s][debug][gc,phases         ] GC(747)     Weak Processing: 0.1ms
[40.217s][debug][gc,phases         ] GC(747)       JVMTI weak processing: 0.0ms
[40.217s][debug][gc,phases         ] GC(747)         Dead: 0
[40.217s][debug][gc,phases         ] GC(747)         Total: 0
[40.217s][debug][gc,phases         ] GC(747)       JFR weak processing: 0.0ms
[40.217s][debug][gc,phases         ] GC(747)         Dead: 0
[40.217s][debug][gc,phases         ] GC(747)         Total: 0
[40.217s][debug][gc,phases         ] GC(747)       JNI weak                  Min:  0.0, Avg:  0.0, Max:  0.0, Diff:  0.0, Sum:  0.0, Workers: 5
[40.217s][debug][gc,phases         ] GC(747)         Dead                      Min: 0, Avg:  0.0, Max: 0, Diff: 0, Sum: 0, Workers: 5
[40.217s][debug][gc,phases         ] GC(747)         Total                     Min: 0, Avg: 13.4, Max: 67, Diff: 67, Sum: 67, Workers: 5
[40.217s][debug][gc,phases         ] GC(747)       VM weak                   Min:  0.0, Avg:  0.0, Max:  0.0, Diff:  0.0, Sum:  0.0, Workers: 5
[40.217s][debug][gc,phases         ] GC(747)         Dead                      Min: 0, Avg:  0.0, Max: 0, Diff: 0, Sum: 0, Workers: 5
[40.217s][debug][gc,phases         ] GC(747)         Total                     Min: 0, Avg: 45.2, Max: 128, Diff: 128, Sum: 226, Workers: 5
[40.217s][debug][gc,phases         ] GC(747)       StringTable weak          Min:  0.0, Avg:  0.0, Max:  0.0, Diff:  0.0, Sum:  0.1, Workers: 5
[40.217s][debug][gc,phases         ] GC(747)         Dead                      Min: 0, Avg:  0.0, Max: 0, Diff: 0, Sum: 0, Workers: 5
[40.217s][debug][gc,phases         ] GC(747)         Total                     Min: 0, Avg: 682.8, Max: 896, Diff: 896, Sum: 3414, Workers: 5
[40.217s][debug][gc,phases         ] GC(747)       ResolvedMethodTable weak  Min:  0.0, Avg:  0.0, Max:  0.0, Diff:  0.0, Sum:  0.0, Workers: 5
[40.217s][debug][gc,phases         ] GC(747)         Dead                      Min: 0, Avg:  0.0, Max: 0, Diff: 0, Sum: 0, Workers: 5
[40.217s][debug][gc,phases         ] GC(747)         Total                     Min: 0, Avg: 120.2, Max: 192, Diff: 192, Sum: 601, Workers: 5
[40.217s][debug][gc,phases         ] GC(747)     Merge Per-Thread State: 0.0ms
[40.217s][debug][gc,phases         ] GC(747)       Copied Bytes              Min: 72, Avg: 450322.0, Max: 800096, Diff: 800024, Sum: 3602576, Workers: 8
[40.217s][debug][gc,phases         ] GC(747)       LAB Waste                 Min: 0, Avg:  0.0, Max: 0, Diff: 0, Sum: 0, Workers: 8
[40.217s][debug][gc,phases         ] GC(747)       LAB Undo Waste            Min: 0, Avg:  0.0, Max: 0, Diff: 0, Sum: 0, Workers: 8
[40.217s][debug][gc,phases         ] GC(747)     Code Roots Purge: 0.0ms
[40.217s][debug][gc,phases         ] GC(747)     Redirty Cards: 0.0ms
[40.217s][debug][gc,phases         ] GC(747)     DerivedPointerTable Update: 0.0ms
[40.217s][debug][gc,phases         ] GC(747)     Free Collection Set: 0.2ms
[40.217s][debug][gc,phases         ] GC(747)     Rebuild Free List: 0.1ms
[40.217s][debug][gc,phases         ] GC(747)     Humongous Reclaim: 0.0ms
[40.217s][debug][gc,phases         ] GC(747)     Start New Collection Set: 0.0ms
[40.217s][debug][gc,phases         ] GC(747)     Resize TLABs: 0.0ms
[40.217s][debug][gc,phases         ] GC(747)     Expand Heap After Collection: 0.0ms
[40.217s][info ][gc,phases         ] GC(747)   Other: 0.4ms
[40.217s][info ][gc,heap           ] GC(747) Eden regions: 866->0(865)
[40.217s][info ][gc,heap           ] GC(747) Survivor regions: 4->5(109)
[40.217s][info ][gc,heap           ] GC(747) Old regions: 17->17
[40.217s][info ][gc,heap           ] GC(747) Archive regions: 2->2
[40.217s][info ][gc,heap           ] GC(747) Humongous regions: 0->0
[40.217s][info ][gc,metaspace      ] GC(747) Metaspace: 10130K(10624K)->10130K(10624K) NonClass: 8932K(9216K)->8932K(9216K) Class: 1198K(1408K)->1198K(1408K)
[40.217s][debug][gc,heap           ] GC(747) Heap after GC invocations=748 (full 1): garbage-first heap   total 1484800K, used 22236K [0x0000000700000000, 0x0000000800000000)
[40.217s][debug][gc,heap           ] GC(747)   region size 1024K, 5 young (5120K), 5 survivors (5120K)
[40.217s][debug][gc,heap           ] GC(747)  Metaspace       used 10130K, capacity 10468K, committed 10624K, reserved 1058816K
[40.217s][debug][gc,heap           ] GC(747)   class space    used 1198K, capacity 1344K, committed 1408K, reserved 1048576K
[40.217s][info ][gc                ] GC(747) Pause Young (Normal) (G1 Evacuation Pause) 886M->21M(1450M) 2.654ms
[40.217s][info ][gc,cpu            ] GC(747) User=0.01s Sys=0.00s Real=0.00s
[40.217s][info ][safepoint         ] Safepoint "G1CollectForAllocation", Time since last: 43444185 ns, Reaching safepoint: 212501 ns, At safepoint: 2892232 ns, Total: 3104733 ns
[40.260s][debug][gc,heap           ] GC(748) Heap before GC invocations=748 (full 1): garbage-first heap   total 1484800K, used 906972K [0x0000000700000000, 0x0000000800000000)
[40.260s][debug][gc,heap           ] GC(748)   region size 1024K, 870 young (890880K), 5 survivors (5120K)
[40.260s][debug][gc,heap           ] GC(748)  Metaspace       used 10130K, capacity 10468K, committed 10624K, reserved 1058816K
[40.260s][debug][gc,heap           ] GC(748)   class space    used 1198K, capacity 1344K, committed 1408K, reserved 1048576K
[40.260s][info ][gc,start          ] GC(748) Pause Young (Normal) (G1 Evacuation Pause)
[40.260s][info ][gc,task           ] GC(748) Using 8 workers of 8 for evacuation
[40.260s][debug][gc,tlab           ] GC(748) TLAB totals: thrds: 8  refills: 15 max: 3 slow allocs: 1723 max 235 waste: 34.1% gc: 1321496B max: 243488B slow: 71872B max: 15488B fast: 0B max: 0B
[40.260s][debug][gc,age            ] GC(748) Desired survivor size 57147392 bytes, new threshold 15 (max threshold 15)
[40.260s][debug][gc,alloc,region   ] GC(748) Mutator Allocation stats, regions: 865, wasted size: 202M (23.4%)
[40.260s][debug][gc,ergo           ] GC(748) Running G1 Merge Heap Roots using 8 workers for 870 regions
[40.260s][debug][gc,remset         ] GC(748) Visited cards 512 Total dirty 4096 (12.50%) Total old 3602432 (0.01%)
[40.260s][debug][gc,ergo           ] GC(748) Running G1 Clear Card Table Task using 2 workers for 2 units of work for 872 regions.
[40.261s][debug][gc,ref            ] GC(748) Skipped phase1 of Reference Processing due to unavailable references
[40.261s][debug][gc,ref            ] GC(748) Skipped phase2 of Reference Processing due to unavailable references
[40.261s][debug][gc,ref            ] GC(748) Skipped phase3 of Reference Processing due to unavailable references
[40.261s][debug][gc,ref            ] GC(748) Skipped phase4 of Reference Processing due to unavailable references
[40.261s][debug][gc,ergo           ] GC(748) Running G1 Free Collection Set using 8 workers for collection set length 870 (1450)
[40.261s][debug][gc,ergo           ] GC(748) Running G1 Rebuild Free List Task using 8 workers for rebuilding free list of 0 (4096) regions
[40.261s][trace][gc,age            ] GC(748) Age table with threshold 15 (max threshold 15)
[40.261s][trace][gc,age            ] GC(748) - age   1:    2802544 bytes,    2802544 total
[40.261s][debug][gc,plab           ] GC(748) Young PLAB allocation: allocated: 16512B, wasted: 0B, unused: 14064B, used: 2448B, undo waste: 0B, 
[40.261s][debug][gc,plab           ] GC(748) Young other allocation: region end waste: 733256B, regions filled: 4, direct allocated: 2800096B, failure used: 0B, failure wasted: 0B
[40.261s][debug][gc,plab           ] GC(748) Young sizing: calculated: 0B, actual: 2064B
[40.261s][debug][gc,plab           ] GC(748) Old PLAB allocation: allocated: 0B, wasted: 0B, unused: 0B, used: 0B, undo waste: 0B, 
[40.261s][debug][gc,plab           ] GC(748) Old other allocation: region end waste: 0B, regions filled: 1, direct allocated: 0B, failure used: 0B, failure wasted: 0B
[40.261s][debug][gc,plab           ] GC(748) Old sizing: calculated: 0B, actual: 2064B
[40.261s][debug][gc,ihop           ] GC(748) Basic information (value update), threshold: 684195840B (45.00), target occupancy: 1520435200B, current occupancy: 21721768B, recent allocation size: 0B, recent allocation duration: 43.56ms, recent old gen allocation rate: 0.00B/s, recent marking phase length: 29.21ms
[40.261s][debug][gc,ihop           ] GC(748) Adaptive IHOP information (value update), threshold: 684195840B (47.37), internal target occupancy: 1444413440B, occupancy: 21721768B, additional buffer size: 912261120B, predicted old gen allocation rate: 0.12B/s, predicted marking phase length: 58.41ms, prediction active: false
[40.261s][debug][gc,ergo,refine    ] GC(748) Concurrent refinement times: Logged Cards Scan time goal: 20.00ms Logged Cards Scan time: 0.00ms HCC time: 0.00ms
[40.261s][debug][gc,ergo,refine    ] GC(748) Updated Refinement Zones: green: 2048, yellow: 6144, red: 10240
[40.261s][info ][gc,phases         ] GC(748)   Pre Evacuate Collection Set: 0.1ms
[40.261s][debug][gc,phases         ] GC(748)     Prepare TLABs: 0.0ms
[40.261s][debug][gc,phases         ] GC(748)     Choose Collection Set: 0.0ms
[40.261s][debug][gc,phases         ] GC(748)     Region Register: 0.1ms
[40.261s][debug][gc,phases         ] GC(748)     Prepare Heap Roots: 0.0ms
[40.261s][info ][gc,phases         ] GC(748)   Merge Heap Roots: 0.2ms
[40.261s][debug][gc,phases         ] GC(748)     Prepare Merge Heap Roots: 0.0ms
[40.261s][debug][gc,phases         ] GC(748)     Eager Reclaim (ms):       skipped
[40.261s][debug][gc,phases         ] GC(748)     Remembered Sets (ms):     Min:  0.0, Avg:  0.1, Max:  0.1, Diff:  0.0, Sum:  0.5, Workers: 8
[40.261s][debug][gc,phases         ] GC(748)       Merged Sparse:            Min: 0, Avg:  0.0, Max: 0, Diff: 0, Sum: 0, Workers: 8
[40.261s][debug][gc,phases         ] GC(748)       Merged Fine:              Min: 0, Avg:  0.0, Max: 0, Diff: 0, Sum: 0, Workers: 8
[40.261s][debug][gc,phases         ] GC(748)       Merged Coarse:            Min: 0, Avg:  0.0, Max: 0, Diff: 0, Sum: 0, Workers: 8
[40.261s][debug][gc,phases         ] GC(748)       Dirty Cards:              Min: 0, Avg:  0.0, Max: 0, Diff: 0, Sum: 0, Workers: 8
[40.261s][debug][gc,phases         ] GC(748)     Hot Card Cache (ms):      Min:  0.0, Avg:  0.0, Max:  0.0, Diff:  0.0, Sum:  0.0, Workers: 8
[40.261s][debug][gc,phases         ] GC(748)       Dirty Cards:              Min: 0, Avg:  0.0, Max: 0, Diff: 0, Sum: 0, Workers: 8
[40.261s][debug][gc,phases         ] GC(748)       Skipped Cards:            Min: 0, Avg:  0.0, Max: 0, Diff: 0, Sum: 0, Workers: 8
[40.261s][debug][gc,phases         ] GC(748)     Log Buffers (ms):         Min:  0.0, Avg:  0.0, Max:  0.0, Diff:  0.0, Sum:  0.0, Workers: 8
[40.261s][debug][gc,phases         ] GC(748)       Dirty Cards:              Min: 0, Avg:  0.2, Max: 1, Diff: 1, Sum: 2, Workers: 8
[40.261s][debug][gc,phases         ] GC(748)       Skipped Cards:            Min: 0, Avg:  0.0, Max: 0, Diff: 0, Sum: 0, Workers: 8
[40.261s][info ][gc,phases         ] GC(748)   Evacuate Collection Set: 0.3ms
[40.261s][debug][gc,phases         ] GC(748)     Ext Root Scanning (ms):   Min:  0.0, Avg:  0.1, Max:  0.3, Diff:  0.2, Sum:  1.2, Workers: 8
[40.261s][debug][gc,phases         ] GC(748)     Scan Heap Roots (ms):     Min:  0.0, Avg:  0.0, Max:  0.0, Diff:  0.0, Sum:  0.0, Workers: 8
[40.261s][debug][gc,phases         ] GC(748)       Scanned Cards:            Min: 0, Avg:  0.2, Max: 1, Diff: 1, Sum: 2, Workers: 8
[40.261s][debug][gc,phases         ] GC(748)       Scanned Blocks:           Min: 0, Avg:  0.2, Max: 1, Diff: 1, Sum: 2, Workers: 8
[40.261s][debug][gc,phases         ] GC(748)       Claimed Chunks:           Min: 0, Avg:  0.2, Max: 1, Diff: 1, Sum: 2, Workers: 8
[40.261s][debug][gc,phases         ] GC(748)     Code Root Scan (ms):      Min:  0.0, Avg:  0.0, Max:  0.1, Diff:  0.1, Sum:  0.2, Workers: 8
[40.261s][debug][gc,phases         ] GC(748)     Object Copy (ms):         Min:  0.0, Avg:  0.0, Max:  0.0, Diff:  0.0, Sum:  0.0, Workers: 8
[40.261s][debug][gc,phases         ] GC(748)     Termination (ms):         Min:  0.0, Avg:  0.1, Max:  0.1, Diff:  0.1, Sum:  0.7, Workers: 8
[40.261s][debug][gc,phases         ] GC(748)       Termination Attempts:     Min: 1, Avg:  1.0, Max: 1, Diff: 0, Sum: 8, Workers: 8
[40.261s][debug][gc,phases         ] GC(748)     GC Worker Other (ms):     Min:  0.0, Avg:  0.0, Max:  0.1, Diff:  0.0, Sum:  0.3, Workers: 8
[40.261s][debug][gc,phases         ] GC(748)     GC Worker Total (ms):     Min:  0.3, Avg:  0.3, Max:  0.3, Diff:  0.1, Sum:  2.3, Workers: 8
[40.261s][info ][gc,phases         ] GC(748)   Post Evacuate Collection Set: 0.6ms
[40.261s][debug][gc,phases         ] GC(748)     Code Roots Fixup: 0.0ms
[40.261s][debug][gc,phases         ] GC(748)     Clear Card Table: 0.2ms
[40.261s][debug][gc,phases         ] GC(748)     Reference Processing: 0.0ms
[40.261s][debug][gc,phases,ref     ] GC(748)       Reconsider SoftReferences: 0.0ms
[40.261s][debug][gc,phases,ref     ] GC(748)         SoftRef (ms):             skipped
[40.261s][debug][gc,phases,ref     ] GC(748)       Notify Soft/WeakReferences: 0.0ms
[40.261s][debug][gc,phases,ref     ] GC(748)         SoftRef (ms):             skipped
[40.261s][debug][gc,phases,ref     ] GC(748)         WeakRef (ms):             skipped
[40.261s][debug][gc,phases,ref     ] GC(748)         FinalRef (ms):            skipped
[40.261s][debug][gc,phases,ref     ] GC(748)         Total (ms):               skipped
[40.261s][debug][gc,phases,ref     ] GC(748)       Notify and keep alive finalizable: 0.0ms
[40.261s][debug][gc,phases,ref     ] GC(748)         FinalRef (ms):            skipped
[40.261s][debug][gc,phases,ref     ] GC(748)       Notify PhantomReferences: 0.0ms
[40.261s][debug][gc,phases,ref     ] GC(748)         PhantomRef (ms):          skipped
[40.261s][debug][gc,phases,ref     ] GC(748)       SoftReference:
[40.261s][debug][gc,phases,ref     ] GC(748)         Discovered: 0
[40.261s][debug][gc,phases,ref     ] GC(748)         Cleared: 0
[40.261s][debug][gc,phases,ref     ] GC(748)       WeakReference:
[40.261s][debug][gc,phases,ref     ] GC(748)         Discovered: 0
[40.261s][debug][gc,phases,ref     ] GC(748)         Cleared: 0
[40.261s][debug][gc,phases,ref     ] GC(748)       FinalReference:
[40.261s][debug][gc,phases,ref     ] GC(748)         Discovered: 0
[40.262s][debug][gc,phases,ref     ] GC(748)         Cleared: 0
[40.262s][debug][gc,phases,ref     ] GC(748)       PhantomReference:
[40.262s][debug][gc,phases,ref     ] GC(748)         Discovered: 0
[40.262s][debug][gc,phases,ref     ] GC(748)         Cleared: 0
[40.262s][debug][gc,phases         ] GC(748)     Weak Processing: 0.1ms
[40.262s][debug][gc,phases         ] GC(748)       JVMTI weak processing: 0.0ms
[40.262s][debug][gc,phases         ] GC(748)         Dead: 0
[40.262s][debug][gc,phases         ] GC(748)         Total: 0
[40.262s][debug][gc,phases         ] GC(748)       JFR weak processing: 0.0ms
[40.262s][debug][gc,phases         ] GC(748)         Dead: 0
[40.262s][debug][gc,phases         ] GC(748)         Total: 0
[40.262s][debug][gc,phases         ] GC(748)       JNI weak                  Min:  0.0, Avg:  0.0, Max:  0.0, Diff:  0.0, Sum:  0.0, Workers: 5
[40.262s][debug][gc,phases         ] GC(748)         Dead                      Min: 0, Avg:  0.0, Max: 0, Diff: 0, Sum: 0, Workers: 5
[40.262s][debug][gc,phases         ] GC(748)         Total                     Min: 0, Avg: 13.4, Max: 64, Diff: 64, Sum: 67, Workers: 5
[40.262s][debug][gc,phases         ] GC(748)       VM weak                   Min:  0.0, Avg:  0.0, Max:  0.0, Diff:  0.0, Sum:  0.0, Workers: 5
[40.262s][debug][gc,phases         ] GC(748)         Dead                      Min: 0, Avg:  0.0, Max: 0, Diff: 0, Sum: 0, Workers: 5
[40.262s][debug][gc,phases         ] GC(748)         Total                     Min: 0, Avg: 45.2, Max: 98, Diff: 98, Sum: 226, Workers: 5
[40.262s][debug][gc,phases         ] GC(748)       StringTable weak          Min:  0.0, Avg:  0.0, Max:  0.0, Diff:  0.0, Sum:  0.1, Workers: 5
[40.262s][debug][gc,phases         ] GC(748)         Dead                      Min: 0, Avg:  0.0, Max: 0, Diff: 0, Sum: 0, Workers: 5
[40.262s][debug][gc,phases         ] GC(748)         Total                     Min: 0, Avg: 682.8, Max: 1023, Diff: 1023, Sum: 3414, Workers: 5
[40.262s][debug][gc,phases         ] GC(748)       ResolvedMethodTable weak  Min:  0.0, Avg:  0.0, Max:  0.0, Diff:  0.0, Sum:  0.0, Workers: 5
[40.262s][debug][gc,phases         ] GC(748)         Dead                      Min: 0, Avg:  0.0, Max: 0, Diff: 0, Sum: 0, Workers: 5
[40.262s][debug][gc,phases         ] GC(748)         Total                     Min: 0, Avg: 120.2, Max: 192, Diff: 192, Sum: 601, Workers: 5
[40.262s][debug][gc,phases         ] GC(748)     Merge Per-Thread State: 0.0ms
[40.262s][debug][gc,phases         ] GC(748)       Copied Bytes              Min: 216, Avg: 350318.0, Max: 800544, Diff: 800328, Sum: 2802544, Workers: 8
[40.262s][debug][gc,phases         ] GC(748)       LAB Waste                 Min: 0, Avg:  0.0, Max: 0, Diff: 0, Sum: 0, Workers: 8
[40.262s][debug][gc,phases         ] GC(748)       LAB Undo Waste            Min: 0, Avg:  0.0, Max: 0, Diff: 0, Sum: 0, Workers: 8
[40.262s][debug][gc,phases         ] GC(748)     Code Roots Purge: 0.0ms
[40.262s][debug][gc,phases         ] GC(748)     Redirty Cards: 0.0ms
[40.262s][debug][gc,phases         ] GC(748)     DerivedPointerTable Update: 0.0ms
[40.262s][debug][gc,phases         ] GC(748)     Free Collection Set: 0.2ms
[40.262s][debug][gc,phases         ] GC(748)     Rebuild Free List: 0.0ms
[40.262s][debug][gc,phases         ] GC(748)     Humongous Reclaim: 0.0ms
[40.262s][debug][gc,phases         ] GC(748)     Start New Collection Set: 0.0ms
[40.262s][debug][gc,phases         ] GC(748)     Resize TLABs: 0.0ms
[40.262s][debug][gc,phases         ] GC(748)     Expand Heap After Collection: 0.0ms
[40.262s][info ][gc,phases         ] GC(748)   Other: 0.3ms
[40.262s][info ][gc,heap           ] GC(748) Eden regions: 865->0(866)
[40.262s][info ][gc,heap           ] GC(748) Survivor regions: 5->4(109)
[40.262s][info ][gc,heap           ] GC(748) Old regions: 17->17
[40.262s][info ][gc,heap           ] GC(748) Archive regions: 2->2
[40.262s][info ][gc,heap           ] GC(748) Humongous regions: 0->0
[40.262s][info ][gc,metaspace      ] GC(748) Metaspace: 10130K(10624K)->10130K(10624K) NonClass: 8932K(9216K)->8932K(9216K) Class: 1198K(1408K)->1198K(1408K)
[40.262s][debug][gc,heap           ] GC(748) Heap after GC invocations=749 (full 1): garbage-first heap   total 1484800K, used 21212K [0x0000000700000000, 0x0000000800000000)
[40.262s][debug][gc,heap           ] GC(748)   region size 1024K, 4 young (4096K), 4 survivors (4096K)
[40.262s][debug][gc,heap           ] GC(748)  Metaspace       used 10130K, capacity 10468K, committed 10624K, reserved 1058816K
[40.262s][debug][gc,heap           ] GC(748)   class space    used 1198K, capacity 1344K, committed 1408K, reserved 1048576K
[40.262s][info ][gc                ] GC(748) Pause Young (Normal) (G1 Evacuation Pause) 886M->20M(1450M) 2.158ms
[40.262s][info ][gc,cpu            ] GC(748) User=0.01s Sys=0.00s Real=0.00s
[40.262s][info ][safepoint         ] Safepoint "G1CollectForAllocation", Time since last: 42084991 ns, Reaching safepoint: 133342 ns, At safepoint: 2374773 ns, Total: 2508115 ns
[40.305s][debug][gc,heap           ] GC(749) Heap before GC invocations=749 (full 1): garbage-first heap   total 1484800K, used 906972K [0x0000000700000000, 0x0000000800000000)
[40.305s][debug][gc,heap           ] GC(749)   region size 1024K, 870 young (890880K), 4 survivors (4096K)
[40.305s][debug][gc,heap           ] GC(749)  Metaspace       used 10130K, capacity 10468K, committed 10624K, reserved 1058816K
[40.305s][debug][gc,heap           ] GC(749)   class space    used 1198K, capacity 1344K, committed 1408K, reserved 1048576K
[40.305s][info ][gc,start          ] GC(749) Pause Young (Normal) (G1 Evacuation Pause)
[40.305s][info ][gc,task           ] GC(749) Using 8 workers of 8 for evacuation
[40.305s][debug][gc,tlab           ] GC(749) TLAB totals: thrds: 8  refills: 14 max: 3 slow allocs: 1720 max 241 waste: 29.1% gc: 1199400B max: 232528B slow: 69800B max: 15096B fast: 0B max: 0B
[40.305s][debug][gc,age            ] GC(749) Desired survivor size 57147392 bytes, new threshold 15 (max threshold 15)
[40.305s][debug][gc,alloc,region   ] GC(749) Mutator Allocation stats, regions: 866, wasted size: 202M (23.4%)
[40.305s][debug][gc,ergo           ] GC(749) Running G1 Merge Heap Roots using 8 workers for 870 regions
[40.305s][debug][gc,remset         ] GC(749) Visited cards 256 Total dirty 2048 (12.50%) Total old 3602432 (0.01%)
[40.305s][debug][gc,ergo           ] GC(749) Running G1 Clear Card Table Task using 2 workers for 2 units of work for 871 regions.
[40.306s][debug][gc,ref            ] GC(749) Skipped phase1 of Reference Processing due to unavailable references
[40.306s][debug][gc,ref            ] GC(749) Skipped phase2 of Reference Processing due to unavailable references
[40.306s][debug][gc,ref            ] GC(749) Skipped phase3 of Reference Processing due to unavailable references
[40.306s][debug][gc,ref            ] GC(749) Skipped phase4 of Reference Processing due to unavailable references
[40.306s][debug][gc,ergo           ] GC(749) Running G1 Free Collection Set using 8 workers for collection set length 870 (1450)
[40.306s][debug][gc,ergo           ] GC(749) Running G1 Rebuild Free List Task using 8 workers for rebuilding free list of 0 (4096) regions
[40.306s][trace][gc,age            ] GC(749) Age table with threshold 15 (max threshold 15)
[40.306s][trace][gc,age            ] GC(749) - age   1:    3602488 bytes,    3602488 total
[40.306s][debug][gc,plab           ] GC(749) Young PLAB allocation: allocated: 16512B, wasted: 0B, unused: 14144B, used: 2368B, undo waste: 0B, 
[40.306s][debug][gc,plab           ] GC(749) Young other allocation: region end waste: 983872B, regions filled: 5, direct allocated: 3600120B, failure used: 0B, failure wasted: 0B
[40.306s][debug][gc,plab           ] GC(749) Young sizing: calculated: 0B, actual: 2064B
[40.306s][debug][gc,plab           ] GC(749) Old PLAB allocation: allocated: 0B, wasted: 0B, unused: 0B, used: 0B, undo waste: 0B, 
[40.306s][debug][gc,plab           ] GC(749) Old other allocation: region end waste: 0B, regions filled: 1, direct allocated: 0B, failure used: 0B, failure wasted: 0B
[40.306s][debug][gc,plab           ] GC(749) Old sizing: calculated: 0B, actual: 2064B
[40.306s][debug][gc,ihop           ] GC(749) Basic information (value update), threshold: 684195840B (45.00), target occupancy: 1520435200B, current occupancy: 22772408B, recent allocation size: 0B, recent allocation duration: 43.60ms, recent old gen allocation rate: 0.00B/s, recent marking phase length: 29.21ms
[40.306s][debug][gc,ihop           ] GC(749) Adaptive IHOP information (value update), threshold: 684195840B (47.37), internal target occupancy: 1444413440B, occupancy: 22772408B, additional buffer size: 912261120B, predicted old gen allocation rate: 0.12B/s, predicted marking phase length: 58.41ms, prediction active: false
[40.306s][debug][gc,ergo,refine    ] GC(749) Concurrent refinement times: Logged Cards Scan time goal: 20.00ms Logged Cards Scan time: 0.00ms HCC time: 0.00ms
[40.306s][debug][gc,ergo,refine    ] GC(749) Updated Refinement Zones: green: 2048, yellow: 6144, red: 10240
[40.306s][info ][gc,phases         ] GC(749)   Pre Evacuate Collection Set: 0.1ms
[40.306s][debug][gc,phases         ] GC(749)     Prepare TLABs: 0.0ms
[40.306s][debug][gc,phases         ] GC(749)     Choose Collection Set: 0.0ms
[40.306s][debug][gc,phases         ] GC(749)     Region Register: 0.1ms
[40.306s][debug][gc,phases         ] GC(749)     Prepare Heap Roots: 0.0ms
[40.306s][info ][gc,phases         ] GC(749)   Merge Heap Roots: 0.1ms
[40.306s][debug][gc,phases         ] GC(749)     Prepare Merge Heap Roots: 0.0ms
[40.306s][debug][gc,phases         ] GC(749)     Eager Reclaim (ms):       skipped
[40.306s][debug][gc,phases         ] GC(749)     Remembered Sets (ms):     Min:  0.0, Avg:  0.0, Max:  0.0, Diff:  0.0, Sum:  0.2, Workers: 8
[40.306s][debug][gc,phases         ] GC(749)       Merged Sparse:            Min: 0, Avg:  0.0, Max: 0, Diff: 0, Sum: 0, Workers: 8
[40.306s][debug][gc,phases         ] GC(749)       Merged Fine:              Min: 0, Avg:  0.0, Max: 0, Diff: 0, Sum: 0, Workers: 8
[40.306s][debug][gc,phases         ] GC(749)       Merged Coarse:            Min: 0, Avg:  0.0, Max: 0, Diff: 0, Sum: 0, Workers: 8
[40.306s][debug][gc,phases         ] GC(749)       Dirty Cards:              Min: 0, Avg:  0.0, Max: 0, Diff: 0, Sum: 0, Workers: 8
[40.306s][debug][gc,phases         ] GC(749)     Hot Card Cache (ms):      Min:  0.0, Avg:  0.0, Max:  0.0, Diff:  0.0, Sum:  0.0, Workers: 8
[40.306s][debug][gc,phases         ] GC(749)       Dirty Cards:              Min: 0, Avg:  0.0, Max: 0, Diff: 0, Sum: 0, Workers: 8
[40.306s][debug][gc,phases         ] GC(749)       Skipped Cards:            Min: 0, Avg:  0.0, Max: 0, Diff: 0, Sum: 0, Workers: 8
[40.306s][debug][gc,phases         ] GC(749)     Log Buffers (ms):         Min:  0.0, Avg:  0.0, Max:  0.0, Diff:  0.0, Sum:  0.0, Workers: 8
[40.306s][debug][gc,phases         ] GC(749)       Dirty Cards:              Min: 0, Avg:  0.1, Max: 1, Diff: 1, Sum: 1, Workers: 8
[40.306s][debug][gc,phases         ] GC(749)       Skipped Cards:            Min: 0, Avg:  0.0, Max: 0, Diff: 0, Sum: 0, Workers: 8
[40.306s][info ][gc,phases         ] GC(749)   Evacuate Collection Set: 0.4ms
[40.306s][debug][gc,phases         ] GC(749)     Ext Root Scanning (ms):   Min:  0.0, Avg:  0.2, Max:  0.3, Diff:  0.3, Sum:  1.9, Workers: 8
[40.306s][debug][gc,phases         ] GC(749)     Scan Heap Roots (ms):     Min:  0.0, Avg:  0.0, Max:  0.0, Diff:  0.0, Sum:  0.0, Workers: 8
[40.306s][debug][gc,phases         ] GC(749)       Scanned Cards:            Min: 0, Avg:  0.1, Max: 1, Diff: 1, Sum: 1, Workers: 8
[40.306s][debug][gc,phases         ] GC(749)       Scanned Blocks:           Min: 0, Avg:  0.1, Max: 1, Diff: 1, Sum: 1, Workers: 8
[40.306s][debug][gc,phases         ] GC(749)       Claimed Chunks:           Min: 0, Avg:  0.1, Max: 1, Diff: 1, Sum: 1, Workers: 8
[40.306s][debug][gc,phases         ] GC(749)     Code Root Scan (ms):      Min:  0.0, Avg:  0.0, Max:  0.1, Diff:  0.1, Sum:  0.1, Workers: 8
[40.306s][debug][gc,phases         ] GC(749)     Object Copy (ms):         Min:  0.0, Avg:  0.0, Max:  0.0, Diff:  0.0, Sum:  0.0, Workers: 8
[40.306s][debug][gc,phases         ] GC(749)     Termination (ms):         Min:  0.0, Avg:  0.1, Max:  0.2, Diff:  0.1, Sum:  0.7, Workers: 8
[40.306s][debug][gc,phases         ] GC(749)       Termination Attempts:     Min: 1, Avg:  1.2, Max: 3, Diff: 2, Sum: 10, Workers: 8
[40.306s][debug][gc,phases         ] GC(749)     GC Worker Other (ms):     Min:  0.0, Avg:  0.0, Max:  0.1, Diff:  0.0, Sum:  0.2, Workers: 8
[40.306s][debug][gc,phases         ] GC(749)     GC Worker Total (ms):     Min:  0.3, Avg:  0.4, Max:  0.4, Diff:  0.1, Sum:  3.0, Workers: 8
[40.306s][info ][gc,phases         ] GC(749)   Post Evacuate Collection Set: 0.6ms
[40.306s][debug][gc,phases         ] GC(749)     Code Roots Fixup: 0.0ms
[40.306s][debug][gc,phases         ] GC(749)     Clear Card Table: 0.2ms
[40.306s][debug][gc,phases         ] GC(749)     Reference Processing: 0.0ms
[40.306s][debug][gc,phases,ref     ] GC(749)       Reconsider SoftReferences: 0.0ms
[40.306s][debug][gc,phases,ref     ] GC(749)         SoftRef (ms):             skipped
[40.306s][debug][gc,phases,ref     ] GC(749)       Notify Soft/WeakReferences: 0.0ms
[40.306s][debug][gc,phases,ref     ] GC(749)         SoftRef (ms):             skipped
[40.306s][debug][gc,phases,ref     ] GC(749)         WeakRef (ms):             skipped
[40.306s][debug][gc,phases,ref     ] GC(749)         FinalRef (ms):            skipped
[40.306s][debug][gc,phases,ref     ] GC(749)         Total (ms):               skipped
[40.306s][debug][gc,phases,ref     ] GC(749)       Notify and keep alive finalizable: 0.0ms
[40.306s][debug][gc,phases,ref     ] GC(749)         FinalRef (ms):            skipped
[40.306s][debug][gc,phases,ref     ] GC(749)       Notify PhantomReferences: 0.0ms
[40.306s][debug][gc,phases,ref     ] GC(749)         PhantomRef (ms):          skipped
[40.306s][debug][gc,phases,ref     ] GC(749)       SoftReference:
[40.306s][debug][gc,phases,ref     ] GC(749)         Discovered: 0
[40.306s][debug][gc,phases,ref     ] GC(749)         Cleared: 0
[40.306s][debug][gc,phases,ref     ] GC(749)       WeakReference:
[40.306s][debug][gc,phases,ref     ] GC(749)         Discovered: 0
[40.306s][debug][gc,phases,ref     ] GC(749)         Cleared: 0
[40.306s][debug][gc,phases,ref     ] GC(749)       FinalReference:
[40.306s][debug][gc,phases,ref     ] GC(749)         Discovered: 0
[40.306s][debug][gc,phases,ref     ] GC(749)         Cleared: 0
[40.306s][debug][gc,phases,ref     ] GC(749)       PhantomReference:
[40.306s][debug][gc,phases,ref     ] GC(749)         Discovered: 0
[40.306s][debug][gc,phases,ref     ] GC(749)         Cleared: 0
[40.306s][debug][gc,phases         ] GC(749)     Weak Processing: 0.0ms
[40.306s][debug][gc,phases         ] GC(749)       JVMTI weak processing: 0.0ms
[40.306s][debug][gc,phases         ] GC(749)         Dead: 0
[40.306s][debug][gc,phases         ] GC(749)         Total: 0
[40.306s][debug][gc,phases         ] GC(749)       JFR weak processing: 0.0ms
[40.306s][debug][gc,phases         ] GC(749)         Dead: 0
[40.307s][debug][gc,phases         ] GC(749)         Total: 0
[40.307s][debug][gc,phases         ] GC(749)       JNI weak                  Min:  0.0, Avg:  0.0, Max:  0.0, Diff:  0.0, Sum:  0.0, Workers: 5
[40.307s][debug][gc,phases         ] GC(749)         Dead                      Min: 0, Avg:  0.0, Max: 0, Diff: 0, Sum: 0, Workers: 5
[40.307s][debug][gc,phases         ] GC(749)         Total                     Min: 0, Avg: 13.4, Max: 67, Diff: 67, Sum: 67, Workers: 5
[40.307s][debug][gc,phases         ] GC(749)       VM weak                   Min:  0.0, Avg:  0.0, Max:  0.0, Diff:  0.0, Sum:  0.0, Workers: 5
[40.307s][debug][gc,phases         ] GC(749)         Dead                      Min: 0, Avg:  0.0, Max: 0, Diff: 0, Sum: 0, Workers: 5
[40.307s][debug][gc,phases         ] GC(749)         Total                     Min: 0, Avg: 45.2, Max: 98, Diff: 98, Sum: 226, Workers: 5
[40.307s][debug][gc,phases         ] GC(749)       StringTable weak          Min:  0.0, Avg:  0.0, Max:  0.0, Diff:  0.0, Sum:  0.0, Workers: 5
[40.307s][debug][gc,phases         ] GC(749)         Dead                      Min: 0, Avg:  0.0, Max: 0, Diff: 0, Sum: 0, Workers: 5
[40.307s][debug][gc,phases         ] GC(749)         Total                     Min: 0, Avg: 682.8, Max: 1408, Diff: 1408, Sum: 3414, Workers: 5
[40.307s][debug][gc,phases         ] GC(749)       ResolvedMethodTable weak  Min:  0.0, Avg:  0.0, Max:  0.0, Diff:  0.0, Sum:  0.0, Workers: 5
[40.307s][debug][gc,phases         ] GC(749)         Dead                      Min: 0, Avg:  0.0, Max: 0, Diff: 0, Sum: 0, Workers: 5
[40.307s][debug][gc,phases         ] GC(749)         Total                     Min: 0, Avg: 120.2, Max: 256, Diff: 256, Sum: 601, Workers: 5
[40.307s][debug][gc,phases         ] GC(749)     Merge Per-Thread State: 0.0ms
[40.307s][debug][gc,phases         ] GC(749)       Copied Bytes              Min: 400, Avg: 450311.0, Max: 800320, Diff: 799920, Sum: 3602488, Workers: 8
[40.307s][debug][gc,phases         ] GC(749)       LAB Waste                 Min: 0, Avg:  0.0, Max: 0, Diff: 0, Sum: 0, Workers: 8
[40.307s][debug][gc,phases         ] GC(749)       LAB Undo Waste            Min: 0, Avg:  0.0, Max: 0, Diff: 0, Sum: 0, Workers: 8
[40.307s][debug][gc,phases         ] GC(749)     Code Roots Purge: 0.0ms
[40.307s][debug][gc,phases         ] GC(749)     Redirty Cards: 0.0ms
[40.307s][debug][gc,phases         ] GC(749)     DerivedPointerTable Update: 0.0ms
[40.307s][debug][gc,phases         ] GC(749)     Free Collection Set: 0.2ms
[40.307s][debug][gc,phases         ] GC(749)     Rebuild Free List: 0.1ms
[40.307s][debug][gc,phases         ] GC(749)     Humongous Reclaim: 0.0ms
[40.307s][debug][gc,phases         ] GC(749)     Start New Collection Set: 0.0ms
[40.307s][debug][gc,phases         ] GC(749)     Resize TLABs: 0.0ms
[40.307s][debug][gc,phases         ] GC(749)     Expand Heap After Collection: 0.0ms
[40.307s][info ][gc,phases         ] GC(749)   Other: 0.3ms
[40.307s][info ][gc,heap           ] GC(749) Eden regions: 866->0(865)
[40.307s][info ][gc,heap           ] GC(749) Survivor regions: 4->5(109)
[40.307s][info ][gc,heap           ] GC(749) Old regions: 17->17
[40.307s][info ][gc,heap           ] GC(749) Archive regions: 2->2
[40.307s][info ][gc,heap           ] GC(749) Humongous regions: 0->0
[40.307s][info ][gc,metaspace      ] GC(749) Metaspace: 10130K(10624K)->10130K(10624K) NonClass: 8932K(9216K)->8932K(9216K) Class: 1198K(1408K)->1198K(1408K)
[40.307s][debug][gc,heap           ] GC(749) Heap after GC invocations=750 (full 1): garbage-first heap   total 1484800K, used 22238K [0x0000000700000000, 0x0000000800000000)
[40.307s][debug][gc,heap           ] GC(749)   region size 1024K, 5 young (5120K), 5 survivors (5120K)
[40.307s][debug][gc,heap           ] GC(749)  Metaspace       used 10130K, capacity 10468K, committed 10624K, reserved 1058816K
[40.307s][debug][gc,heap           ] GC(749)   class space    used 1198K, capacity 1344K, committed 1408K, reserved 1048576K
[40.307s][info ][gc                ] GC(749) Pause Young (Normal) (G1 Evacuation Pause) 886M->21M(1450M) 2.104ms
[40.307s][info ][gc,cpu            ] GC(749) User=0.01s Sys=0.01s Real=0.00s
[40.307s][info ][safepoint         ] Safepoint "G1CollectForAllocation", Time since last: 42433068 ns, Reaching safepoint: 183365 ns, At safepoint: 2416545 ns, Total: 2599910 ns
[40.348s][debug][gc,heap           ] GC(750) Heap before GC invocations=750 (full 1): garbage-first heap   total 1484800K, used 906974K [0x0000000700000000, 0x0000000800000000)
[40.348s][debug][gc,heap           ] GC(750)   region size 1024K, 870 young (890880K), 5 survivors (5120K)
[40.348s][debug][gc,heap           ] GC(750)  Metaspace       used 10130K, capacity 10468K, committed 10624K, reserved 1058816K
[40.348s][debug][gc,heap           ] GC(750)   class space    used 1198K, capacity 1344K, committed 1408K, reserved 1048576K
[40.348s][info ][gc,start          ] GC(750) Pause Young (Normal) (G1 Evacuation Pause)
[40.348s][info ][gc,task           ] GC(750) Using 8 workers of 8 for evacuation
[40.348s][debug][gc,tlab           ] GC(750) TLAB totals: thrds: 8  refills: 18 max: 3 slow allocs: 1721 max 283 waste: 34.7% gc: 1555296B max: 240968B slow: 88952B max: 15696B fast: 0B max: 0B
[40.348s][debug][gc,age            ] GC(750) Desired survivor size 57147392 bytes, new threshold 15 (max threshold 15)
[40.348s][debug][gc,alloc,region   ] GC(750) Mutator Allocation stats, regions: 865, wasted size: 202M (23.4%)
[40.348s][debug][gc,ergo           ] GC(750) Running G1 Merge Heap Roots using 8 workers for 870 regions
[40.348s][debug][gc,remset         ] GC(750) Visited cards 512 Total dirty 4096 (12.50%) Total old 3602432 (0.01%)
[40.348s][debug][gc,ergo           ] GC(750) Running G1 Clear Card Table Task using 2 workers for 2 units of work for 872 regions.
[40.349s][debug][gc,ref            ] GC(750) Skipped phase1 of Reference Processing due to unavailable references
[40.349s][debug][gc,ref            ] GC(750) Skipped phase2 of Reference Processing due to unavailable references
[40.349s][debug][gc,ref            ] GC(750) Skipped phase3 of Reference Processing due to unavailable references
[40.349s][debug][gc,ref            ] GC(750) Skipped phase4 of Reference Processing due to unavailable references
[40.349s][debug][gc,ergo           ] GC(750) Running G1 Free Collection Set using 8 workers for collection set length 870 (1450)
[40.349s][debug][gc,ergo           ] GC(750) Running G1 Rebuild Free List Task using 8 workers for rebuilding free list of 0 (4096) regions
[40.349s][trace][gc,age            ] GC(750) Age table with threshold 15 (max threshold 15)
[40.349s][trace][gc,age            ] GC(750) - age   1:    2002520 bytes,    2002520 total
[40.349s][debug][gc,plab           ] GC(750) Young PLAB allocation: allocated: 16512B, wasted: 0B, unused: 14064B, used: 2448B, undo waste: 0B, 
[40.349s][debug][gc,plab           ] GC(750) Young other allocation: region end waste: 482640B, regions filled: 3, direct allocated: 2000072B, failure used: 0B, failure wasted: 0B
[40.349s][debug][gc,plab           ] GC(750) Young sizing: calculated: 0B, actual: 2064B
[40.349s][debug][gc,plab           ] GC(750) Old PLAB allocation: allocated: 0B, wasted: 0B, unused: 0B, used: 0B, undo waste: 0B, 
[40.349s][debug][gc,plab           ] GC(750) Old other allocation: region end waste: 0B, regions filled: 1, direct allocated: 0B, failure used: 0B, failure wasted: 0B
[40.349s][debug][gc,plab           ] GC(750) Old sizing: calculated: 0B, actual: 2064B
[40.349s][debug][gc,ihop           ] GC(750) Basic information (value update), threshold: 684195840B (45.00), target occupancy: 1520435200B, current occupancy: 20671128B, recent allocation size: 0B, recent allocation duration: 41.84ms, recent old gen allocation rate: 0.00B/s, recent marking phase length: 29.21ms
[40.349s][debug][gc,ihop           ] GC(750) Adaptive IHOP information (value update), threshold: 684195840B (47.37), internal target occupancy: 1444413440B, occupancy: 20671128B, additional buffer size: 912261120B, predicted old gen allocation rate: 0.11B/s, predicted marking phase length: 58.41ms, prediction active: false
[40.349s][debug][gc,ergo,refine    ] GC(750) Concurrent refinement times: Logged Cards Scan time goal: 20.00ms Logged Cards Scan time: 0.00ms HCC time: 0.00ms
[40.349s][debug][gc,ergo,refine    ] GC(750) Updated Refinement Zones: green: 2048, yellow: 6144, red: 10240
[40.349s][info ][gc,phases         ] GC(750)   Pre Evacuate Collection Set: 0.1ms
[40.349s][debug][gc,phases         ] GC(750)     Prepare TLABs: 0.0ms
[40.349s][debug][gc,phases         ] GC(750)     Choose Collection Set: 0.0ms
[40.349s][debug][gc,phases         ] GC(750)     Region Register: 0.1ms
[40.349s][debug][gc,phases         ] GC(750)     Prepare Heap Roots: 0.0ms
[40.349s][info ][gc,phases         ] GC(750)   Merge Heap Roots: 0.1ms
[40.349s][debug][gc,phases         ] GC(750)     Prepare Merge Heap Roots: 0.0ms
[40.349s][debug][gc,phases         ] GC(750)     Eager Reclaim (ms):       skipped
[40.349s][debug][gc,phases         ] GC(750)     Remembered Sets (ms):     Min:  0.0, Avg:  0.0, Max:  0.0, Diff:  0.0, Sum:  0.2, Workers: 8
[40.349s][debug][gc,phases         ] GC(750)       Merged Sparse:            Min: 0, Avg:  0.0, Max: 0, Diff: 0, Sum: 0, Workers: 8
[40.349s][debug][gc,phases         ] GC(750)       Merged Fine:              Min: 0, Avg:  0.0, Max: 0, Diff: 0, Sum: 0, Workers: 8
[40.349s][debug][gc,phases         ] GC(750)       Merged Coarse:            Min: 0, Avg:  0.0, Max: 0, Diff: 0, Sum: 0, Workers: 8
[40.349s][debug][gc,phases         ] GC(750)       Dirty Cards:              Min: 0, Avg:  0.0, Max: 0, Diff: 0, Sum: 0, Workers: 8
[40.349s][debug][gc,phases         ] GC(750)     Hot Card Cache (ms):      Min:  0.0, Avg:  0.0, Max:  0.0, Diff:  0.0, Sum:  0.0, Workers: 8
[40.349s][debug][gc,phases         ] GC(750)       Dirty Cards:              Min: 0, Avg:  0.0, Max: 0, Diff: 0, Sum: 0, Workers: 8
[40.349s][debug][gc,phases         ] GC(750)       Skipped Cards:            Min: 0, Avg:  0.0, Max: 0, Diff: 0, Sum: 0, Workers: 8
[40.349s][debug][gc,phases         ] GC(750)     Log Buffers (ms):         Min:  0.0, Avg:  0.0, Max:  0.0, Diff:  0.0, Sum:  0.0, Workers: 8
[40.349s][debug][gc,phases         ] GC(750)       Dirty Cards:              Min: 0, Avg:  0.2, Max: 2, Diff: 2, Sum: 2, Workers: 8
[40.349s][debug][gc,phases         ] GC(750)       Skipped Cards:            Min: 0, Avg:  0.0, Max: 0, Diff: 0, Sum: 0, Workers: 8
[40.349s][info ][gc,phases         ] GC(750)   Evacuate Collection Set: 0.3ms
[40.349s][debug][gc,phases         ] GC(750)     Ext Root Scanning (ms):   Min:  0.0, Avg:  0.1, Max:  0.2, Diff:  0.2, Sum:  0.8, Workers: 8
[40.349s][debug][gc,phases         ] GC(750)     Scan Heap Roots (ms):     Min:  0.0, Avg:  0.0, Max:  0.0, Diff:  0.0, Sum:  0.0, Workers: 8
[40.349s][debug][gc,phases         ] GC(750)       Scanned Cards:            Min: 0, Avg:  0.2, Max: 1, Diff: 1, Sum: 2, Workers: 8
[40.349s][debug][gc,phases         ] GC(750)       Scanned Blocks:           Min: 0, Avg:  0.2, Max: 1, Diff: 1, Sum: 2, Workers: 8
[40.349s][debug][gc,phases         ] GC(750)       Claimed Chunks:           Min: 0, Avg:  0.2, Max: 1, Diff: 1, Sum: 2, Workers: 8
[40.349s][debug][gc,phases         ] GC(750)     Code Root Scan (ms):      Min:  0.0, Avg:  0.0, Max:  0.0, Diff:  0.0, Sum:  0.1, Workers: 8
[40.349s][debug][gc,phases         ] GC(750)     Object Copy (ms):         Min:  0.0, Avg:  0.0, Max:  0.0, Diff:  0.0, Sum:  0.0, Workers: 8
[40.349s][debug][gc,phases         ] GC(750)     Termination (ms):         Min:  0.0, Avg:  0.1, Max:  0.1, Diff:  0.1, Sum:  0.5, Workers: 8
[40.349s][debug][gc,phases         ] GC(750)       Termination Attempts:     Min: 1, Avg:  1.5, Max: 3, Diff: 2, Sum: 12, Workers: 8
[40.349s][debug][gc,phases         ] GC(750)     GC Worker Other (ms):     Min:  0.0, Avg:  0.0, Max:  0.1, Diff:  0.0, Sum:  0.3, Workers: 8
[40.349s][debug][gc,phases         ] GC(750)     GC Worker Total (ms):     Min:  0.2, Avg:  0.2, Max:  0.2, Diff:  0.0, Sum:  1.8, Workers: 8
[40.349s][info ][gc,phases         ] GC(750)   Post Evacuate Collection Set: 0.5ms
[40.349s][debug][gc,phases         ] GC(750)     Code Roots Fixup: 0.0ms
[40.349s][debug][gc,phases         ] GC(750)     Clear Card Table: 0.2ms
[40.349s][debug][gc,phases         ] GC(750)     Reference Processing: 0.0ms
[40.349s][debug][gc,phases,ref     ] GC(750)       Reconsider SoftReferences: 0.0ms
[40.349s][debug][gc,phases,ref     ] GC(750)         SoftRef (ms):             skipped
[40.349s][debug][gc,phases,ref     ] GC(750)       Notify Soft/WeakReferences: 0.0ms
[40.349s][debug][gc,phases,ref     ] GC(750)         SoftRef (ms):             skipped
[40.349s][debug][gc,phases,ref     ] GC(750)         WeakRef (ms):             skipped
[40.349s][debug][gc,phases,ref     ] GC(750)         FinalRef (ms):            skipped
[40.349s][debug][gc,phases,ref     ] GC(750)         Total (ms):               skipped
[40.349s][debug][gc,phases,ref     ] GC(750)       Notify and keep alive finalizable: 0.0ms
[40.349s][debug][gc,phases,ref     ] GC(750)         FinalRef (ms):            skipped
[40.349s][debug][gc,phases,ref     ] GC(750)       Notify PhantomReferences: 0.0ms
[40.349s][debug][gc,phases,ref     ] GC(750)         PhantomRef (ms):          skipped
[40.349s][debug][gc,phases,ref     ] GC(750)       SoftReference:
[40.349s][debug][gc,phases,ref     ] GC(750)         Discovered: 0
[40.349s][debug][gc,phases,ref     ] GC(750)         Cleared: 0
[40.349s][debug][gc,phases,ref     ] GC(750)       WeakReference:
[40.349s][debug][gc,phases,ref     ] GC(750)         Discovered: 0
[40.349s][debug][gc,phases,ref     ] GC(750)         Cleared: 0
[40.349s][debug][gc,phases,ref     ] GC(750)       FinalReference:
[40.349s][debug][gc,phases,ref     ] GC(750)         Discovered: 0
[40.349s][debug][gc,phases,ref     ] GC(750)         Cleared: 0
[40.349s][debug][gc,phases,ref     ] GC(750)       PhantomReference:
[40.349s][debug][gc,phases,ref     ] GC(750)         Discovered: 0
[40.349s][debug][gc,phases,ref     ] GC(750)         Cleared: 0
[40.349s][debug][gc,phases         ] GC(750)     Weak Processing: 0.0ms
[40.349s][debug][gc,phases         ] GC(750)       JVMTI weak processing: 0.0ms
[40.349s][debug][gc,phases         ] GC(750)         Dead: 0
[40.349s][debug][gc,phases         ] GC(750)         Total: 0
[40.349s][debug][gc,phases         ] GC(750)       JFR weak processing: 0.0ms
[40.349s][debug][gc,phases         ] GC(750)         Dead: 0
[40.349s][debug][gc,phases         ] GC(750)         Total: 0
[40.349s][debug][gc,phases         ] GC(750)       JNI weak                  Min:  0.0, Avg:  0.0, Max:  0.0, Diff:  0.0, Sum:  0.0, Workers: 5
[40.349s][debug][gc,phases         ] GC(750)         Dead                      Min: 0, Avg:  0.0, Max: 0, Diff: 0, Sum: 0, Workers: 5
[40.349s][debug][gc,phases         ] GC(750)         Total                     Min: 0, Avg: 13.4, Max: 64, Diff: 64, Sum: 67, Workers: 5
[40.349s][debug][gc,phases         ] GC(750)       VM weak                   Min:  0.0, Avg:  0.0, Max:  0.0, Diff:  0.0, Sum:  0.0, Workers: 5
[40.349s][debug][gc,phases         ] GC(750)         Dead                      Min: 0, Avg:  0.0, Max: 0, Diff: 0, Sum: 0, Workers: 5
[40.349s][debug][gc,phases         ] GC(750)         Total                     Min: 0, Avg: 45.2, Max: 128, Diff: 128, Sum: 226, Workers: 5
[40.349s][debug][gc,phases         ] GC(750)       StringTable weak          Min:  0.0, Avg:  0.0, Max:  0.0, Diff:  0.0, Sum:  0.1, Workers: 5
[40.349s][debug][gc,phases         ] GC(750)         Dead                      Min: 0, Avg:  0.0, Max: 0, Diff: 0, Sum: 0, Workers: 5
[40.350s][debug][gc,phases         ] GC(750)         Total                     Min: 0, Avg: 682.8, Max: 919, Diff: 919, Sum: 3414, Workers: 5
[40.350s][debug][gc,phases         ] GC(750)       ResolvedMethodTable weak  Min:  0.0, Avg:  0.0, Max:  0.0, Diff:  0.0, Sum:  0.0, Workers: 5
[40.350s][debug][gc,phases         ] GC(750)         Dead                      Min: 0, Avg:  0.0, Max: 0, Diff: 0, Sum: 0, Workers: 5
[40.350s][debug][gc,phases         ] GC(750)         Total                     Min: 0, Avg: 120.2, Max: 192, Diff: 192, Sum: 601, Workers: 5
[40.350s][debug][gc,phases         ] GC(750)     Merge Per-Thread State: 0.0ms
[40.350s][debug][gc,phases         ] GC(750)       Copied Bytes              Min: 72, Avg: 250315.0, Max: 800096, Diff: 800024, Sum: 2002520, Workers: 8
[40.350s][debug][gc,phases         ] GC(750)       LAB Waste                 Min: 0, Avg:  0.0, Max: 0, Diff: 0, Sum: 0, Workers: 8
[40.350s][debug][gc,phases         ] GC(750)       LAB Undo Waste            Min: 0, Avg:  0.0, Max: 0, Diff: 0, Sum: 0, Workers: 8
[40.350s][debug][gc,phases         ] GC(750)     Code Roots Purge: 0.0ms
[40.350s][debug][gc,phases         ] GC(750)     Redirty Cards: 0.0ms
[40.350s][debug][gc,phases         ] GC(750)     DerivedPointerTable Update: 0.0ms
[40.350s][debug][gc,phases         ] GC(750)     Free Collection Set: 0.2ms
[40.350s][debug][gc,phases         ] GC(750)     Rebuild Free List: 0.1ms
[40.350s][debug][gc,phases         ] GC(750)     Humongous Reclaim: 0.0ms
[40.350s][debug][gc,phases         ] GC(750)     Start New Collection Set: 0.0ms
[40.350s][debug][gc,phases         ] GC(750)     Resize TLABs: 0.0ms
[40.350s][debug][gc,phases         ] GC(750)     Expand Heap After Collection: 0.0ms
[40.350s][info ][gc,phases         ] GC(750)   Other: 0.3ms
[40.350s][info ][gc,heap           ] GC(750) Eden regions: 865->0(867)
[40.350s][info ][gc,heap           ] GC(750) Survivor regions: 5->3(109)
[40.350s][info ][gc,heap           ] GC(750) Old regions: 17->17
[40.350s][info ][gc,heap           ] GC(750) Archive regions: 2->2
[40.350s][info ][gc,heap           ] GC(750) Humongous regions: 0->0
[40.350s][info ][gc,metaspace      ] GC(750) Metaspace: 10130K(10624K)->10130K(10624K) NonClass: 8932K(9216K)->8932K(9216K) Class: 1198K(1408K)->1198K(1408K)
[40.350s][debug][gc,heap           ] GC(750) Heap after GC invocations=751 (full 1): garbage-first heap   total 1484800K, used 20186K [0x0000000700000000, 0x0000000800000000)
[40.350s][debug][gc,heap           ] GC(750)   region size 1024K, 3 young (3072K), 3 survivors (3072K)
[40.350s][debug][gc,heap           ] GC(750)  Metaspace       used 10130K, capacity 10468K, committed 10624K, reserved 1058816K
[40.350s][debug][gc,heap           ] GC(750)   class space    used 1198K, capacity 1344K, committed 1408K, reserved 1048576K
[40.350s][info ][gc                ] GC(750) Pause Young (Normal) (G1 Evacuation Pause) 886M->19M(1450M) 1.825ms
[40.350s][info ][gc,cpu            ] GC(750) User=0.00s Sys=0.00s Real=0.00s
[40.350s][info ][safepoint         ] Safepoint "G1CollectForAllocation", Time since last: 40669573 ns, Reaching safepoint: 133839 ns, At safepoint: 1990662 ns, Total: 2124501 ns
[40.392s][debug][gc,heap           ] GC(751) Heap before GC invocations=751 (full 1): garbage-first heap   total 1484800K, used 906970K [0x0000000700000000, 0x0000000800000000)
[40.393s][debug][gc,heap           ] GC(751)   region size 1024K, 870 young (890880K), 3 survivors (3072K)
[40.393s][debug][gc,heap           ] GC(751)  Metaspace       used 10130K, capacity 10468K, committed 10624K, reserved 1058816K
[40.393s][debug][gc,heap           ] GC(751)   class space    used 1198K, capacity 1344K, committed 1408K, reserved 1048576K
[40.393s][info ][gc,start          ] GC(751) Pause Young (Normal) (G1 Evacuation Pause)
[40.393s][info ][gc,task           ] GC(751) Using 8 workers of 8 for evacuation
[40.393s][debug][gc,tlab           ] GC(751) TLAB totals: thrds: 8  refills: 12 max: 2 slow allocs: 1729 max 247 waste: 24.7% gc: 960824B max: 227064B slow: 56040B max: 14304B fast: 0B max: 0B
[40.393s][debug][gc,age            ] GC(751) Desired survivor size 57147392 bytes, new threshold 15 (max threshold 15)
[40.393s][debug][gc,alloc,region   ] GC(751) Mutator Allocation stats, regions: 867, wasted size: 203M (23.4%)
[40.393s][debug][gc,ergo           ] GC(751) Running G1 Merge Heap Roots using 8 workers for 870 regions
[40.393s][debug][gc,remset         ] GC(751) Visited cards 256 Total dirty 2048 (12.50%) Total old 3602432 (0.01%)
[40.393s][debug][gc,ergo           ] GC(751) Running G1 Clear Card Table Task using 2 workers for 2 units of work for 871 regions.
[40.394s][debug][gc,ref            ] GC(751) Skipped phase1 of Reference Processing due to unavailable references
[40.394s][debug][gc,ref            ] GC(751) Skipped phase2 of Reference Processing due to unavailable references
[40.394s][debug][gc,ref            ] GC(751) Skipped phase3 of Reference Processing due to unavailable references
[40.394s][debug][gc,ref            ] GC(751) Skipped phase4 of Reference Processing due to unavailable references
[40.394s][debug][gc,ergo           ] GC(751) Running G1 Free Collection Set using 8 workers for collection set length 870 (1450)
[40.394s][debug][gc,ergo           ] GC(751) Running G1 Rebuild Free List Task using 8 workers for rebuilding free list of 0 (4096) regions
[40.394s][trace][gc,age            ] GC(751) Age table with threshold 15 (max threshold 15)
[40.394s][trace][gc,age            ] GC(751) - age   1:    2802544 bytes,    2802544 total
[40.394s][debug][gc,plab           ] GC(751) Young PLAB allocation: allocated: 16512B, wasted: 0B, unused: 14064B, used: 2448B, undo waste: 0B, 
[40.394s][debug][gc,plab           ] GC(751) Young other allocation: region end waste: 733256B, regions filled: 4, direct allocated: 2800096B, failure used: 0B, failure wasted: 0B
[40.394s][debug][gc,plab           ] GC(751) Young sizing: calculated: 0B, actual: 2064B
[40.394s][debug][gc,plab           ] GC(751) Old PLAB allocation: allocated: 0B, wasted: 0B, unused: 0B, used: 0B, undo waste: 0B, 
[40.394s][debug][gc,plab           ] GC(751) Old other allocation: region end waste: 0B, regions filled: 1, direct allocated: 0B, failure used: 0B, failure wasted: 0B
[40.394s][debug][gc,plab           ] GC(751) Old sizing: calculated: 0B, actual: 2064B
[40.394s][debug][gc,ihop           ] GC(751) Basic information (value update), threshold: 684195840B (45.00), target occupancy: 1520435200B, current occupancy: 21721768B, recent allocation size: 0B, recent allocation duration: 43.58ms, recent old gen allocation rate: 0.00B/s, recent marking phase length: 29.21ms
[40.394s][debug][gc,ihop           ] GC(751) Adaptive IHOP information (value update), threshold: 684195840B (47.37), internal target occupancy: 1444413440B, occupancy: 21721768B, additional buffer size: 912261120B, predicted old gen allocation rate: 0.11B/s, predicted marking phase length: 58.41ms, prediction active: false
[40.394s][debug][gc,ergo,refine    ] GC(751) Concurrent refinement times: Logged Cards Scan time goal: 20.00ms Logged Cards Scan time: 0.00ms HCC time: 0.00ms
[40.394s][debug][gc,ergo,refine    ] GC(751) Updated Refinement Zones: green: 2048, yellow: 6144, red: 10240
[40.394s][info ][gc,phases         ] GC(751)   Pre Evacuate Collection Set: 0.1ms
[40.394s][debug][gc,phases         ] GC(751)     Prepare TLABs: 0.0ms
[40.394s][debug][gc,phases         ] GC(751)     Choose Collection Set: 0.0ms
[40.394s][debug][gc,phases         ] GC(751)     Region Register: 0.1ms
[40.394s][debug][gc,phases         ] GC(751)     Prepare Heap Roots: 0.0ms
[40.394s][info ][gc,phases         ] GC(751)   Merge Heap Roots: 0.2ms
[40.394s][debug][gc,phases         ] GC(751)     Prepare Merge Heap Roots: 0.0ms
[40.394s][debug][gc,phases         ] GC(751)     Eager Reclaim (ms):       skipped
[40.394s][debug][gc,phases         ] GC(751)     Remembered Sets (ms):     Min:  0.0, Avg:  0.0, Max:  0.0, Diff:  0.0, Sum:  0.3, Workers: 8
[40.394s][debug][gc,phases         ] GC(751)       Merged Sparse:            Min: 0, Avg:  0.0, Max: 0, Diff: 0, Sum: 0, Workers: 8
[40.394s][debug][gc,phases         ] GC(751)       Merged Fine:              Min: 0, Avg:  0.0, Max: 0, Diff: 0, Sum: 0, Workers: 8
[40.394s][debug][gc,phases         ] GC(751)       Merged Coarse:            Min: 0, Avg:  0.0, Max: 0, Diff: 0, Sum: 0, Workers: 8
[40.394s][debug][gc,phases         ] GC(751)       Dirty Cards:              Min: 0, Avg:  0.0, Max: 0, Diff: 0, Sum: 0, Workers: 8
[40.394s][debug][gc,phases         ] GC(751)     Hot Card Cache (ms):      Min:  0.0, Avg:  0.0, Max:  0.0, Diff:  0.0, Sum:  0.0, Workers: 8
[40.394s][debug][gc,phases         ] GC(751)       Dirty Cards:              Min: 0, Avg:  0.0, Max: 0, Diff: 0, Sum: 0, Workers: 8
[40.394s][debug][gc,phases         ] GC(751)       Skipped Cards:            Min: 0, Avg:  0.0, Max: 0, Diff: 0, Sum: 0, Workers: 8
[40.394s][debug][gc,phases         ] GC(751)     Log Buffers (ms):         Min:  0.0, Avg:  0.0, Max:  0.0, Diff:  0.0, Sum:  0.0, Workers: 8
[40.394s][debug][gc,phases         ] GC(751)       Dirty Cards:              Min: 0, Avg:  0.1, Max: 1, Diff: 1, Sum: 1, Workers: 8
[40.394s][debug][gc,phases         ] GC(751)       Skipped Cards:            Min: 0, Avg:  0.0, Max: 0, Diff: 0, Sum: 0, Workers: 8
[40.394s][info ][gc,phases         ] GC(751)   Evacuate Collection Set: 0.4ms
[40.394s][debug][gc,phases         ] GC(751)     Ext Root Scanning (ms):   Min:  0.0, Avg:  0.2, Max:  0.3, Diff:  0.3, Sum:  1.4, Workers: 8
[40.394s][debug][gc,phases         ] GC(751)     Scan Heap Roots (ms):     Min:  0.0, Avg:  0.0, Max:  0.0, Diff:  0.0, Sum:  0.0, Workers: 8
[40.394s][debug][gc,phases         ] GC(751)       Scanned Cards:            Min: 0, Avg:  0.1, Max: 1, Diff: 1, Sum: 1, Workers: 8
[40.394s][debug][gc,phases         ] GC(751)       Scanned Blocks:           Min: 0, Avg:  0.1, Max: 1, Diff: 1, Sum: 1, Workers: 8
[40.394s][debug][gc,phases         ] GC(751)       Claimed Chunks:           Min: 0, Avg:  0.1, Max: 1, Diff: 1, Sum: 1, Workers: 8
[40.394s][debug][gc,phases         ] GC(751)     Code Root Scan (ms):      Min:  0.0, Avg:  0.0, Max:  0.1, Diff:  0.1, Sum:  0.1, Workers: 8
[40.394s][debug][gc,phases         ] GC(751)     Object Copy (ms):         Min:  0.0, Avg:  0.0, Max:  0.0, Diff:  0.0, Sum:  0.0, Workers: 8
[40.394s][debug][gc,phases         ] GC(751)     Termination (ms):         Min:  0.0, Avg:  0.1, Max:  0.1, Diff:  0.1, Sum:  0.7, Workers: 8
[40.394s][debug][gc,phases         ] GC(751)       Termination Attempts:     Min: 1, Avg:  1.9, Max: 4, Diff: 3, Sum: 15, Workers: 8
[40.394s][debug][gc,phases         ] GC(751)     GC Worker Other (ms):     Min:  0.0, Avg:  0.0, Max:  0.1, Diff:  0.1, Sum:  0.3, Workers: 8
[40.394s][debug][gc,phases         ] GC(751)     GC Worker Total (ms):     Min:  0.3, Avg:  0.3, Max:  0.4, Diff:  0.1, Sum:  2.6, Workers: 8
[40.394s][info ][gc,phases         ] GC(751)   Post Evacuate Collection Set: 0.6ms
[40.394s][debug][gc,phases         ] GC(751)     Code Roots Fixup: 0.0ms
[40.394s][debug][gc,phases         ] GC(751)     Clear Card Table: 0.2ms
[40.394s][debug][gc,phases         ] GC(751)     Reference Processing: 0.0ms
[40.394s][debug][gc,phases,ref     ] GC(751)       Reconsider SoftReferences: 0.0ms
[40.394s][debug][gc,phases,ref     ] GC(751)         SoftRef (ms):             skipped
[40.394s][debug][gc,phases,ref     ] GC(751)       Notify Soft/WeakReferences: 0.0ms
[40.394s][debug][gc,phases,ref     ] GC(751)         SoftRef (ms):             skipped
[40.394s][debug][gc,phases,ref     ] GC(751)         WeakRef (ms):             skipped
[40.394s][debug][gc,phases,ref     ] GC(751)         FinalRef (ms):            skipped
[40.394s][debug][gc,phases,ref     ] GC(751)         Total (ms):               skipped
[40.394s][debug][gc,phases,ref     ] GC(751)       Notify and keep alive finalizable: 0.0ms
[40.394s][debug][gc,phases,ref     ] GC(751)         FinalRef (ms):            skipped
[40.394s][debug][gc,phases,ref     ] GC(751)       Notify PhantomReferences: 0.0ms
[40.394s][debug][gc,phases,ref     ] GC(751)         PhantomRef (ms):          skipped
[40.394s][debug][gc,phases,ref     ] GC(751)       SoftReference:
[40.394s][debug][gc,phases,ref     ] GC(751)         Discovered: 0
[40.394s][debug][gc,phases,ref     ] GC(751)         Cleared: 0
[40.394s][debug][gc,phases,ref     ] GC(751)       WeakReference:
[40.394s][debug][gc,phases,ref     ] GC(751)         Discovered: 0
[40.394s][debug][gc,phases,ref     ] GC(751)         Cleared: 0
[40.394s][debug][gc,phases,ref     ] GC(751)       FinalReference:
[40.394s][debug][gc,phases,ref     ] GC(751)         Discovered: 0
[40.394s][debug][gc,phases,ref     ] GC(751)         Cleared: 0
[40.394s][debug][gc,phases,ref     ] GC(751)       PhantomReference:
[40.394s][debug][gc,phases,ref     ] GC(751)         Discovered: 0
[40.394s][debug][gc,phases,ref     ] GC(751)         Cleared: 0
[40.394s][debug][gc,phases         ] GC(751)     Weak Processing: 0.1ms
[40.394s][debug][gc,phases         ] GC(751)       JVMTI weak processing: 0.0ms
[40.394s][debug][gc,phases         ] GC(751)         Dead: 0
[40.394s][debug][gc,phases         ] GC(751)         Total: 0
[40.394s][debug][gc,phases         ] GC(751)       JFR weak processing: 0.0ms
[40.394s][debug][gc,phases         ] GC(751)         Dead: 0
[40.394s][debug][gc,phases         ] GC(751)         Total: 0
[40.394s][debug][gc,phases         ] GC(751)       JNI weak                  Min:  0.0, Avg:  0.0, Max:  0.0, Diff:  0.0, Sum:  0.0, Workers: 5
[40.394s][debug][gc,phases         ] GC(751)         Dead                      Min: 0, Avg:  0.0, Max: 0, Diff: 0, Sum: 0, Workers: 5
[40.394s][debug][gc,phases         ] GC(751)         Total                     Min: 0, Avg: 13.4, Max: 64, Diff: 64, Sum: 67, Workers: 5
[40.394s][debug][gc,phases         ] GC(751)       VM weak                   Min:  0.0, Avg:  0.0, Max:  0.0, Diff:  0.0, Sum:  0.0, Workers: 5
[40.394s][debug][gc,phases         ] GC(751)         Dead                      Min: 0, Avg:  0.0, Max: 0, Diff: 0, Sum: 0, Workers: 5
[40.394s][debug][gc,phases         ] GC(751)         Total                     Min: 0, Avg: 45.2, Max: 128, Diff: 128, Sum: 226, Workers: 5
[40.394s][debug][gc,phases         ] GC(751)       StringTable weak          Min:  0.0, Avg:  0.0, Max:  0.0, Diff:  0.0, Sum:  0.1, Workers: 5
[40.394s][debug][gc,phases         ] GC(751)         Dead                      Min: 0, Avg:  0.0, Max: 0, Diff: 0, Sum: 0, Workers: 5
[40.394s][debug][gc,phases         ] GC(751)         Total                     Min: 0, Avg: 682.8, Max: 1727, Diff: 1727, Sum: 3414, Workers: 5
[40.394s][debug][gc,phases         ] GC(751)       ResolvedMethodTable weak  Min:  0.0, Avg:  0.0, Max:  0.0, Diff:  0.0, Sum:  0.0, Workers: 5
[40.394s][debug][gc,phases         ] GC(751)         Dead                      Min: 0, Avg:  0.0, Max: 0, Diff: 0, Sum: 0, Workers: 5
[40.394s][debug][gc,phases         ] GC(751)         Total                     Min: 0, Avg: 120.2, Max: 320, Diff: 320, Sum: 601, Workers: 5
[40.395s][debug][gc,phases         ] GC(751)     Merge Per-Thread State: 0.0ms
[40.395s][debug][gc,phases         ] GC(751)       Copied Bytes              Min: 472, Avg: 350318.0, Max: 800096, Diff: 799624, Sum: 2802544, Workers: 8
[40.395s][debug][gc,phases         ] GC(751)       LAB Waste                 Min: 0, Avg:  0.0, Max: 0, Diff: 0, Sum: 0, Workers: 8
[40.395s][debug][gc,phases         ] GC(751)       LAB Undo Waste            Min: 0, Avg:  0.0, Max: 0, Diff: 0, Sum: 0, Workers: 8
[40.395s][debug][gc,phases         ] GC(751)     Code Roots Purge: 0.0ms
[40.395s][debug][gc,phases         ] GC(751)     Redirty Cards: 0.0ms
[40.395s][debug][gc,phases         ] GC(751)     DerivedPointerTable Update: 0.0ms
[40.395s][debug][gc,phases         ] GC(751)     Free Collection Set: 0.2ms
[40.395s][debug][gc,phases         ] GC(751)     Rebuild Free List: 0.1ms
[40.395s][debug][gc,phases         ] GC(751)     Humongous Reclaim: 0.0ms
[40.395s][debug][gc,phases         ] GC(751)     Start New Collection Set: 0.0ms
[40.395s][debug][gc,phases         ] GC(751)     Resize TLABs: 0.0ms
[40.395s][debug][gc,phases         ] GC(751)     Expand Heap After Collection: 0.0ms
[40.395s][info ][gc,phases         ] GC(751)   Other: 0.3ms
[40.395s][info ][gc,heap           ] GC(751) Eden regions: 867->0(866)
[40.395s][info ][gc,heap           ] GC(751) Survivor regions: 3->4(109)
[40.395s][info ][gc,heap           ] GC(751) Old regions: 17->17
[40.395s][info ][gc,heap           ] GC(751) Archive regions: 2->2
[40.395s][info ][gc,heap           ] GC(751) Humongous regions: 0->0
[40.395s][info ][gc,metaspace      ] GC(751) Metaspace: 10130K(10624K)->10130K(10624K) NonClass: 8932K(9216K)->8932K(9216K) Class: 1198K(1408K)->1198K(1408K)
[40.395s][debug][gc,heap           ] GC(751) Heap after GC invocations=752 (full 1): garbage-first heap   total 1484800K, used 21212K [0x0000000700000000, 0x0000000800000000)
[40.395s][debug][gc,heap           ] GC(751)   region size 1024K, 4 young (4096K), 4 survivors (4096K)
[40.395s][debug][gc,heap           ] GC(751)  Metaspace       used 10130K, capacity 10468K, committed 10624K, reserved 1058816K
[40.395s][debug][gc,heap           ] GC(751)   class space    used 1198K, capacity 1344K, committed 1408K, reserved 1048576K
[40.395s][info ][gc                ] GC(751) Pause Young (Normal) (G1 Evacuation Pause) 886M->20M(1450M) 2.089ms
[40.395s][info ][gc,cpu            ] GC(751) User=0.00s Sys=0.00s Real=0.01s
[40.395s][info ][safepoint         ] Safepoint "G1CollectForAllocation", Time since last: 42538837 ns, Reaching safepoint: 178752 ns, At safepoint: 2268473 ns, Total: 2447225 ns
[40.439s][debug][gc,heap           ] GC(752) Heap before GC invocations=752 (full 1): garbage-first heap   total 1484800K, used 906972K [0x0000000700000000, 0x0000000800000000)
[40.439s][debug][gc,heap           ] GC(752)   region size 1024K, 870 young (890880K), 4 survivors (4096K)
[40.439s][debug][gc,heap           ] GC(752)  Metaspace       used 10130K, capacity 10468K, committed 10624K, reserved 1058816K
[40.439s][debug][gc,heap           ] GC(752)   class space    used 1198K, capacity 1344K, committed 1408K, reserved 1048576K
[40.439s][info ][gc,start          ] GC(752) Pause Young (Normal) (G1 Evacuation Pause)
[40.439s][info ][gc,task           ] GC(752) Using 8 workers of 8 for evacuation
[40.439s][debug][gc,tlab           ] GC(752) TLAB totals: thrds: 8  refills: 12 max: 3 slow allocs: 1725 max 230 waste: 27.5% gc: 978912B max: 219488B slow: 41984B max: 15096B fast: 0B max: 0B
[40.439s][debug][gc,age            ] GC(752) Desired survivor size 57147392 bytes, new threshold 15 (max threshold 15)
[40.439s][debug][gc,alloc,region   ] GC(752) Mutator Allocation stats, regions: 866, wasted size: 203M (23.4%)
[40.439s][debug][gc,ergo           ] GC(752) Running G1 Merge Heap Roots using 8 workers for 870 regions
[40.439s][debug][gc,remset         ] GC(752) Visited cards 256 Total dirty 2048 (12.50%) Total old 3602432 (0.01%)
[40.440s][debug][gc,ergo           ] GC(752) Running G1 Clear Card Table Task using 2 workers for 2 units of work for 871 regions.
[40.440s][debug][gc,ref            ] GC(752) Skipped phase1 of Reference Processing due to unavailable references
[40.440s][debug][gc,ref            ] GC(752) Skipped phase2 of Reference Processing due to unavailable references
[40.440s][debug][gc,ref            ] GC(752) Skipped phase3 of Reference Processing due to unavailable references
[40.440s][debug][gc,ref            ] GC(752) Skipped phase4 of Reference Processing due to unavailable references
[40.440s][debug][gc,ergo           ] GC(752) Running G1 Free Collection Set using 8 workers for collection set length 870 (1450)
[40.440s][debug][gc,ergo           ] GC(752) Running G1 Rebuild Free List Task using 8 workers for rebuilding free list of 0 (4096) regions
[40.441s][trace][gc,age            ] GC(752) Age table with threshold 15 (max threshold 15)
[40.441s][trace][gc,age            ] GC(752) - age   1:    2802560 bytes,    2802560 total
[40.441s][debug][gc,plab           ] GC(752) Young PLAB allocation: allocated: 16512B, wasted: 0B, unused: 14064B, used: 2448B, undo waste: 0B, 
[40.441s][debug][gc,plab           ] GC(752) Young other allocation: region end waste: 729120B, regions filled: 4, direct allocated: 2800112B, failure used: 0B, failure wasted: 0B
[40.441s][debug][gc,plab           ] GC(752) Young sizing: calculated: 0B, actual: 2064B
[40.441s][debug][gc,plab           ] GC(752) Old PLAB allocation: allocated: 0B, wasted: 0B, unused: 0B, used: 0B, undo waste: 0B, 
[40.441s][debug][gc,plab           ] GC(752) Old other allocation: region end waste: 0B, regions filled: 1, direct allocated: 0B, failure used: 0B, failure wasted: 0B
[40.441s][debug][gc,plab           ] GC(752) Old sizing: calculated: 0B, actual: 2064B
[40.441s][debug][gc,ihop           ] GC(752) Basic information (value update), threshold: 684195840B (45.00), target occupancy: 1520435200B, current occupancy: 21717648B, recent allocation size: 0B, recent allocation duration: 45.17ms, recent old gen allocation rate: 0.00B/s, recent marking phase length: 29.21ms
[40.441s][debug][gc,ihop           ] GC(752) Adaptive IHOP information (value update), threshold: 684195840B (47.37), internal target occupancy: 1444413440B, occupancy: 21717648B, additional buffer size: 912261120B, predicted old gen allocation rate: 0.11B/s, predicted marking phase length: 58.41ms, prediction active: false
[40.441s][debug][gc,ergo,refine    ] GC(752) Concurrent refinement times: Logged Cards Scan time goal: 20.00ms Logged Cards Scan time: 0.00ms HCC time: 0.00ms
[40.441s][debug][gc,ergo,refine    ] GC(752) Updated Refinement Zones: green: 2048, yellow: 6144, red: 10240
[40.441s][info ][gc,phases         ] GC(752)   Pre Evacuate Collection Set: 0.1ms
[40.441s][debug][gc,phases         ] GC(752)     Prepare TLABs: 0.0ms
[40.441s][debug][gc,phases         ] GC(752)     Choose Collection Set: 0.0ms
[40.441s][debug][gc,phases         ] GC(752)     Region Register: 0.1ms
[40.441s][debug][gc,phases         ] GC(752)     Prepare Heap Roots: 0.0ms
[40.441s][info ][gc,phases         ] GC(752)   Merge Heap Roots: 0.1ms
[40.441s][debug][gc,phases         ] GC(752)     Prepare Merge Heap Roots: 0.0ms
[40.441s][debug][gc,phases         ] GC(752)     Eager Reclaim (ms):       skipped
[40.441s][debug][gc,phases         ] GC(752)     Remembered Sets (ms):     Min:  0.0, Avg:  0.0, Max:  0.0, Diff:  0.0, Sum:  0.3, Workers: 8
[40.441s][debug][gc,phases         ] GC(752)       Merged Sparse:            Min: 0, Avg:  0.0, Max: 0, Diff: 0, Sum: 0, Workers: 8
[40.441s][debug][gc,phases         ] GC(752)       Merged Fine:              Min: 0, Avg:  0.0, Max: 0, Diff: 0, Sum: 0, Workers: 8
[40.441s][debug][gc,phases         ] GC(752)       Merged Coarse:            Min: 0, Avg:  0.0, Max: 0, Diff: 0, Sum: 0, Workers: 8
[40.441s][debug][gc,phases         ] GC(752)       Dirty Cards:              Min: 0, Avg:  0.0, Max: 0, Diff: 0, Sum: 0, Workers: 8
[40.441s][debug][gc,phases         ] GC(752)     Hot Card Cache (ms):      Min:  0.0, Avg:  0.0, Max:  0.0, Diff:  0.0, Sum:  0.0, Workers: 8
[40.441s][debug][gc,phases         ] GC(752)       Dirty Cards:              Min: 0, Avg:  0.0, Max: 0, Diff: 0, Sum: 0, Workers: 8
[40.441s][debug][gc,phases         ] GC(752)       Skipped Cards:            Min: 0, Avg:  0.0, Max: 0, Diff: 0, Sum: 0, Workers: 8
[40.441s][debug][gc,phases         ] GC(752)     Log Buffers (ms):         Min:  0.0, Avg:  0.0, Max:  0.0, Diff:  0.0, Sum:  0.0, Workers: 8
[40.441s][debug][gc,phases         ] GC(752)       Dirty Cards:              Min: 0, Avg:  0.1, Max: 1, Diff: 1, Sum: 1, Workers: 8
[40.441s][debug][gc,phases         ] GC(752)       Skipped Cards:            Min: 0, Avg:  0.0, Max: 0, Diff: 0, Sum: 0, Workers: 8
[40.441s][info ][gc,phases         ] GC(752)   Evacuate Collection Set: 0.4ms
[40.441s][debug][gc,phases         ] GC(752)     Ext Root Scanning (ms):   Min:  0.1, Avg:  0.2, Max:  0.4, Diff:  0.2, Sum:  1.7, Workers: 8
[40.441s][debug][gc,phases         ] GC(752)     Scan Heap Roots (ms):     Min:  0.0, Avg:  0.0, Max:  0.0, Diff:  0.0, Sum:  0.0, Workers: 8
[40.441s][debug][gc,phases         ] GC(752)       Scanned Cards:            Min: 0, Avg:  0.1, Max: 1, Diff: 1, Sum: 1, Workers: 8
[40.441s][debug][gc,phases         ] GC(752)       Scanned Blocks:           Min: 0, Avg:  0.1, Max: 1, Diff: 1, Sum: 1, Workers: 8
[40.441s][debug][gc,phases         ] GC(752)       Claimed Chunks:           Min: 0, Avg:  0.1, Max: 1, Diff: 1, Sum: 1, Workers: 8
[40.441s][debug][gc,phases         ] GC(752)     Code Root Scan (ms):      Min:  0.0, Avg:  0.0, Max:  0.0, Diff:  0.0, Sum:  0.2, Workers: 8
[40.441s][debug][gc,phases         ] GC(752)     Object Copy (ms):         Min:  0.0, Avg:  0.0, Max:  0.0, Diff:  0.0, Sum:  0.0, Workers: 8
[40.441s][debug][gc,phases         ] GC(752)     Termination (ms):         Min:  0.0, Avg:  0.1, Max:  0.1, Diff:  0.1, Sum:  0.9, Workers: 8
[40.441s][debug][gc,phases         ] GC(752)       Termination Attempts:     Min: 1, Avg:  1.2, Max: 3, Diff: 2, Sum: 10, Workers: 8
[40.441s][debug][gc,phases         ] GC(752)     GC Worker Other (ms):     Min:  0.0, Avg:  0.1, Max:  0.1, Diff:  0.1, Sum:  0.4, Workers: 8
[40.441s][debug][gc,phases         ] GC(752)     GC Worker Total (ms):     Min:  0.4, Avg:  0.4, Max:  0.4, Diff:  0.0, Sum:  3.3, Workers: 8
[40.441s][info ][gc,phases         ] GC(752)   Post Evacuate Collection Set: 0.6ms
[40.441s][debug][gc,phases         ] GC(752)     Code Roots Fixup: 0.0ms
[40.441s][debug][gc,phases         ] GC(752)     Clear Card Table: 0.2ms
[40.441s][debug][gc,phases         ] GC(752)     Reference Processing: 0.0ms
[40.441s][debug][gc,phases,ref     ] GC(752)       Reconsider SoftReferences: 0.0ms
[40.441s][debug][gc,phases,ref     ] GC(752)         SoftRef (ms):             skipped
[40.441s][debug][gc,phases,ref     ] GC(752)       Notify Soft/WeakReferences: 0.0ms
[40.441s][debug][gc,phases,ref     ] GC(752)         SoftRef (ms):             skipped
[40.441s][debug][gc,phases,ref     ] GC(752)         WeakRef (ms):             skipped
[40.441s][debug][gc,phases,ref     ] GC(752)         FinalRef (ms):            skipped
[40.441s][debug][gc,phases,ref     ] GC(752)         Total (ms):               skipped
[40.441s][debug][gc,phases,ref     ] GC(752)       Notify and keep alive finalizable: 0.0ms
[40.441s][debug][gc,phases,ref     ] GC(752)         FinalRef (ms):            skipped
[40.441s][debug][gc,phases,ref     ] GC(752)       Notify PhantomReferences: 0.0ms
[40.441s][debug][gc,phases,ref     ] GC(752)         PhantomRef (ms):          skipped
[40.441s][debug][gc,phases,ref     ] GC(752)       SoftReference:
[40.441s][debug][gc,phases,ref     ] GC(752)         Discovered: 0
[40.441s][debug][gc,phases,ref     ] GC(752)         Cleared: 0
[40.441s][debug][gc,phases,ref     ] GC(752)       WeakReference:
[40.441s][debug][gc,phases,ref     ] GC(752)         Discovered: 0
[40.441s][debug][gc,phases,ref     ] GC(752)         Cleared: 0
[40.441s][debug][gc,phases,ref     ] GC(752)       FinalReference:
[40.441s][debug][gc,phases,ref     ] GC(752)         Discovered: 0
[40.441s][debug][gc,phases,ref     ] GC(752)         Cleared: 0
[40.441s][debug][gc,phases,ref     ] GC(752)       PhantomReference:
[40.441s][debug][gc,phases,ref     ] GC(752)         Discovered: 0
[40.441s][debug][gc,phases,ref     ] GC(752)         Cleared: 0
[40.441s][debug][gc,phases         ] GC(752)     Weak Processing: 0.0ms
[40.441s][debug][gc,phases         ] GC(752)       JVMTI weak processing: 0.0ms
[40.441s][debug][gc,phases         ] GC(752)         Dead: 0
[40.441s][debug][gc,phases         ] GC(752)         Total: 0
[40.441s][debug][gc,phases         ] GC(752)       JFR weak processing: 0.0ms
[40.441s][debug][gc,phases         ] GC(752)         Dead: 0
[40.441s][debug][gc,phases         ] GC(752)         Total: 0
[40.441s][debug][gc,phases         ] GC(752)       JNI weak                  Min:  0.0, Avg:  0.0, Max:  0.0, Diff:  0.0, Sum:  0.0, Workers: 5
[40.441s][debug][gc,phases         ] GC(752)         Dead                      Min: 0, Avg:  0.0, Max: 0, Diff: 0, Sum: 0, Workers: 5
[40.441s][debug][gc,phases         ] GC(752)         Total                     Min: 0, Avg: 13.4, Max: 67, Diff: 67, Sum: 67, Workers: 5
[40.441s][debug][gc,phases         ] GC(752)       VM weak                   Min:  0.0, Avg:  0.0, Max:  0.0, Diff:  0.0, Sum:  0.0, Workers: 5
[40.441s][debug][gc,phases         ] GC(752)         Dead                      Min: 0, Avg:  0.0, Max: 0, Diff: 0, Sum: 0, Workers: 5
[40.441s][debug][gc,phases         ] GC(752)         Total                     Min: 0, Avg: 45.2, Max: 98, Diff: 98, Sum: 226, Workers: 5
[40.441s][debug][gc,phases         ] GC(752)       StringTable weak          Min:  0.0, Avg:  0.0, Max:  0.0, Diff:  0.0, Sum:  0.1, Workers: 5
[40.441s][debug][gc,phases         ] GC(752)         Dead                      Min: 0, Avg:  0.0, Max: 0, Diff: 0, Sum: 0, Workers: 5
[40.441s][debug][gc,phases         ] GC(752)         Total                     Min: 0, Avg: 682.8, Max: 1151, Diff: 1151, Sum: 3414, Workers: 5
[40.441s][debug][gc,phases         ] GC(752)       ResolvedMethodTable weak  Min:  0.0, Avg:  0.0, Max:  0.0, Diff:  0.0, Sum:  0.0, Workers: 5
[40.441s][debug][gc,phases         ] GC(752)         Dead                      Min: 0, Avg:  0.0, Max: 0, Diff: 0, Sum: 0, Workers: 5
[40.441s][debug][gc,phases         ] GC(752)         Total                     Min: 0, Avg: 120.2, Max: 192, Diff: 192, Sum: 601, Workers: 5
[40.441s][debug][gc,phases         ] GC(752)     Merge Per-Thread State: 0.0ms
[40.441s][debug][gc,phases         ] GC(752)       Copied Bytes              Min: 592, Avg: 350320.0, Max: 401288, Diff: 400696, Sum: 2802560, Workers: 8
[40.441s][debug][gc,phases         ] GC(752)       LAB Waste                 Min: 0, Avg:  0.0, Max: 0, Diff: 0, Sum: 0, Workers: 8
[40.441s][debug][gc,phases         ] GC(752)       LAB Undo Waste            Min: 0, Avg:  0.0, Max: 0, Diff: 0, Sum: 0, Workers: 8
[40.441s][debug][gc,phases         ] GC(752)     Code Roots Purge: 0.0ms
[40.441s][debug][gc,phases         ] GC(752)     Redirty Cards: 0.0ms
[40.441s][debug][gc,phases         ] GC(752)     DerivedPointerTable Update: 0.0ms
[40.441s][debug][gc,phases         ] GC(752)     Free Collection Set: 0.2ms
[40.441s][debug][gc,phases         ] GC(752)     Rebuild Free List: 0.1ms
[40.441s][debug][gc,phases         ] GC(752)     Humongous Reclaim: 0.0ms
[40.441s][debug][gc,phases         ] GC(752)     Start New Collection Set: 0.0ms
[40.441s][debug][gc,phases         ] GC(752)     Resize TLABs: 0.0ms
[40.441s][debug][gc,phases         ] GC(752)     Expand Heap After Collection: 0.0ms
[40.441s][info ][gc,phases         ] GC(752)   Other: 0.4ms
[40.441s][info ][gc,heap           ] GC(752) Eden regions: 866->0(866)
[40.441s][info ][gc,heap           ] GC(752) Survivor regions: 4->4(109)
[40.441s][info ][gc,heap           ] GC(752) Old regions: 17->17
[40.441s][info ][gc,heap           ] GC(752) Archive regions: 2->2
[40.441s][info ][gc,heap           ] GC(752) Humongous regions: 0->0
[40.441s][info ][gc,metaspace      ] GC(752) Metaspace: 10130K(10624K)->10130K(10624K) NonClass: 8932K(9216K)->8932K(9216K) Class: 1198K(1408K)->1198K(1408K)
[40.441s][debug][gc,heap           ] GC(752) Heap after GC invocations=753 (full 1): garbage-first heap   total 1484800K, used 21208K [0x0000000700000000, 0x0000000800000000)
[40.441s][debug][gc,heap           ] GC(752)   region size 1024K, 4 young (4096K), 4 survivors (4096K)
[40.441s][debug][gc,heap           ] GC(752)  Metaspace       used 10130K, capacity 10468K, committed 10624K, reserved 1058816K
[40.441s][debug][gc,heap           ] GC(752)   class space    used 1198K, capacity 1344K, committed 1408K, reserved 1048576K
[40.441s][info ][gc                ] GC(752) Pause Young (Normal) (G1 Evacuation Pause) 886M->20M(1450M) 2.272ms
[40.441s][info ][gc,cpu            ] GC(752) User=0.01s Sys=0.00s Real=0.00s
[40.441s][info ][safepoint         ] Safepoint "G1CollectForAllocation", Time since last: 44009831 ns, Reaching safepoint: 180021 ns, At safepoint: 2505841 ns, Total: 2685862 ns
[40.486s][debug][gc,heap           ] GC(753) Heap before GC invocations=753 (full 1): garbage-first heap   total 1484800K, used 906968K [0x0000000700000000, 0x0000000800000000)
[40.486s][debug][gc,heap           ] GC(753)   region size 1024K, 870 young (890880K), 4 survivors (4096K)
[40.486s][debug][gc,heap           ] GC(753)  Metaspace       used 10130K, capacity 10468K, committed 10624K, reserved 1058816K
[40.486s][debug][gc,heap           ] GC(753)   class space    used 1198K, capacity 1344K, committed 1408K, reserved 1048576K
[40.486s][info ][gc,start          ] GC(753) Pause Young (Normal) (G1 Evacuation Pause)
[40.486s][info ][gc,task           ] GC(753) Using 8 workers of 8 for evacuation
[40.486s][debug][gc,tlab           ] GC(753) TLAB totals: thrds: 8  refills: 14 max: 3 slow allocs: 1726 max 235 waste: 35.6% gc: 1208216B max: 225808B slow: 58488B max: 15096B fast: 0B max: 0B
[40.486s][debug][gc,age            ] GC(753) Desired survivor size 57147392 bytes, new threshold 15 (max threshold 15)
[40.486s][debug][gc,alloc,region   ] GC(753) Mutator Allocation stats, regions: 866, wasted size: 202M (23.4%)
[40.487s][debug][gc,ergo           ] GC(753) Running G1 Merge Heap Roots using 8 workers for 870 regions
[40.487s][debug][gc,remset         ] GC(753) Visited cards 512 Total dirty 4096 (12.50%) Total old 3602432 (0.01%)
[40.487s][debug][gc,ergo           ] GC(753) Running G1 Clear Card Table Task using 2 workers for 2 units of work for 872 regions.
[40.487s][debug][gc,ref            ] GC(753) Skipped phase1 of Reference Processing due to unavailable references
[40.487s][debug][gc,ref            ] GC(753) Skipped phase2 of Reference Processing due to unavailable references
[40.487s][debug][gc,ref            ] GC(753) Skipped phase3 of Reference Processing due to unavailable references
[40.487s][debug][gc,ref            ] GC(753) Skipped phase4 of Reference Processing due to unavailable references
[40.488s][debug][gc,ergo           ] GC(753) Running G1 Free Collection Set using 8 workers for collection set length 870 (1450)
[40.488s][debug][gc,ergo           ] GC(753) Running G1 Rebuild Free List Task using 8 workers for rebuilding free list of 0 (4096) regions
[40.488s][trace][gc,age            ] GC(753) Age table with threshold 15 (max threshold 15)
[40.488s][trace][gc,age            ] GC(753) - age   1:    3602568 bytes,    3602568 total
[40.488s][debug][gc,plab           ] GC(753) Young PLAB allocation: allocated: 12384B, wasted: 0B, unused: 9936B, used: 2448B, undo waste: 0B, 
[40.488s][debug][gc,plab           ] GC(753) Young other allocation: region end waste: 988000B, regions filled: 5, direct allocated: 3600120B, failure used: 0B, failure wasted: 0B
[40.488s][debug][gc,plab           ] GC(753) Young sizing: calculated: 0B, actual: 2064B
[40.488s][debug][gc,plab           ] GC(753) Old PLAB allocation: allocated: 0B, wasted: 0B, unused: 0B, used: 0B, undo waste: 0B, 
[40.488s][debug][gc,plab           ] GC(753) Old other allocation: region end waste: 0B, regions filled: 1, direct allocated: 0B, failure used: 0B, failure wasted: 0B
[40.488s][debug][gc,plab           ] GC(753) Old sizing: calculated: 0B, actual: 2064B
[40.488s][debug][gc,ihop           ] GC(753) Basic information (value update), threshold: 684195840B (45.00), target occupancy: 1520435200B, current occupancy: 22772408B, recent allocation size: 0B, recent allocation duration: 45.79ms, recent old gen allocation rate: 0.00B/s, recent marking phase length: 29.21ms
[40.488s][debug][gc,ihop           ] GC(753) Adaptive IHOP information (value update), threshold: 684195840B (47.37), internal target occupancy: 1444413440B, occupancy: 22772408B, additional buffer size: 912261120B, predicted old gen allocation rate: 0.10B/s, predicted marking phase length: 58.41ms, prediction active: false
[40.488s][debug][gc,ergo,refine    ] GC(753) Concurrent refinement times: Logged Cards Scan time goal: 20.00ms Logged Cards Scan time: 0.00ms HCC time: 0.00ms
[40.488s][debug][gc,ergo,refine    ] GC(753) Updated Refinement Zones: green: 2048, yellow: 6144, red: 10240
[40.488s][info ][gc,phases         ] GC(753)   Pre Evacuate Collection Set: 0.1ms
[40.488s][debug][gc,phases         ] GC(753)     Prepare TLABs: 0.0ms
[40.488s][debug][gc,phases         ] GC(753)     Choose Collection Set: 0.0ms
[40.488s][debug][gc,phases         ] GC(753)     Region Register: 0.1ms
[40.488s][debug][gc,phases         ] GC(753)     Prepare Heap Roots: 0.0ms
[40.488s][info ][gc,phases         ] GC(753)   Merge Heap Roots: 0.1ms
[40.488s][debug][gc,phases         ] GC(753)     Prepare Merge Heap Roots: 0.0ms
[40.488s][debug][gc,phases         ] GC(753)     Eager Reclaim (ms):       skipped
[40.488s][debug][gc,phases         ] GC(753)     Remembered Sets (ms):     Min:  0.0, Avg:  0.0, Max:  0.1, Diff:  0.0, Sum:  0.3, Workers: 8
[40.488s][debug][gc,phases         ] GC(753)       Merged Sparse:            Min: 0, Avg:  0.0, Max: 0, Diff: 0, Sum: 0, Workers: 8
[40.488s][debug][gc,phases         ] GC(753)       Merged Fine:              Min: 0, Avg:  0.0, Max: 0, Diff: 0, Sum: 0, Workers: 8
[40.488s][debug][gc,phases         ] GC(753)       Merged Coarse:            Min: 0, Avg:  0.0, Max: 0, Diff: 0, Sum: 0, Workers: 8
[40.488s][debug][gc,phases         ] GC(753)       Dirty Cards:              Min: 0, Avg:  0.0, Max: 0, Diff: 0, Sum: 0, Workers: 8
[40.488s][debug][gc,phases         ] GC(753)     Hot Card Cache (ms):      Min:  0.0, Avg:  0.0, Max:  0.0, Diff:  0.0, Sum:  0.0, Workers: 8
[40.488s][debug][gc,phases         ] GC(753)       Dirty Cards:              Min: 0, Avg:  0.0, Max: 0, Diff: 0, Sum: 0, Workers: 8
[40.488s][debug][gc,phases         ] GC(753)       Skipped Cards:            Min: 0, Avg:  0.0, Max: 0, Diff: 0, Sum: 0, Workers: 8
[40.488s][debug][gc,phases         ] GC(753)     Log Buffers (ms):         Min:  0.0, Avg:  0.0, Max:  0.0, Diff:  0.0, Sum:  0.0, Workers: 8
[40.488s][debug][gc,phases         ] GC(753)       Dirty Cards:              Min: 0, Avg:  0.2, Max: 2, Diff: 2, Sum: 2, Workers: 8
[40.488s][debug][gc,phases         ] GC(753)       Skipped Cards:            Min: 0, Avg:  0.0, Max: 0, Diff: 0, Sum: 0, Workers: 8
[40.488s][info ][gc,phases         ] GC(753)   Evacuate Collection Set: 0.5ms
[40.488s][debug][gc,phases         ] GC(753)     Ext Root Scanning (ms):   Min:  0.0, Avg:  0.3, Max:  0.4, Diff:  0.4, Sum:  2.1, Workers: 8
[40.488s][debug][gc,phases         ] GC(753)     Scan Heap Roots (ms):     Min:  0.0, Avg:  0.0, Max:  0.0, Diff:  0.0, Sum:  0.0, Workers: 8
[40.488s][debug][gc,phases         ] GC(753)       Scanned Cards:            Min: 0, Avg:  0.2, Max: 2, Diff: 2, Sum: 2, Workers: 8
[40.488s][debug][gc,phases         ] GC(753)       Scanned Blocks:           Min: 0, Avg:  0.2, Max: 2, Diff: 2, Sum: 2, Workers: 8
[40.488s][debug][gc,phases         ] GC(753)       Claimed Chunks:           Min: 0, Avg:  0.2, Max: 2, Diff: 2, Sum: 2, Workers: 8
[40.488s][debug][gc,phases         ] GC(753)     Code Root Scan (ms):      Min:  0.0, Avg:  0.0, Max:  0.0, Diff:  0.0, Sum:  0.2, Workers: 8
[40.488s][debug][gc,phases         ] GC(753)     Object Copy (ms):         Min:  0.0, Avg:  0.0, Max:  0.0, Diff:  0.0, Sum:  0.0, Workers: 8
[40.488s][debug][gc,phases         ] GC(753)     Termination (ms):         Min:  0.0, Avg:  0.1, Max:  0.1, Diff:  0.1, Sum:  0.5, Workers: 8
[40.488s][debug][gc,phases         ] GC(753)       Termination Attempts:     Min: 1, Avg:  1.0, Max: 1, Diff: 0, Sum: 8, Workers: 8
[40.488s][debug][gc,phases         ] GC(753)     GC Worker Other (ms):     Min:  0.0, Avg:  0.1, Max:  0.1, Diff:  0.1, Sum:  0.4, Workers: 8
[40.488s][debug][gc,phases         ] GC(753)     GC Worker Total (ms):     Min:  0.1, Avg:  0.4, Max:  0.5, Diff:  0.4, Sum:  3.3, Workers: 8
[40.488s][info ][gc,phases         ] GC(753)   Post Evacuate Collection Set: 0.7ms
[40.488s][debug][gc,phases         ] GC(753)     Code Roots Fixup: 0.0ms
[40.488s][debug][gc,phases         ] GC(753)     Clear Card Table: 0.2ms
[40.488s][debug][gc,phases         ] GC(753)     Reference Processing: 0.0ms
[40.488s][debug][gc,phases,ref     ] GC(753)       Reconsider SoftReferences: 0.0ms
[40.488s][debug][gc,phases,ref     ] GC(753)         SoftRef (ms):             skipped
[40.488s][debug][gc,phases,ref     ] GC(753)       Notify Soft/WeakReferences: 0.0ms
[40.488s][debug][gc,phases,ref     ] GC(753)         SoftRef (ms):             skipped
[40.488s][debug][gc,phases,ref     ] GC(753)         WeakRef (ms):             skipped
[40.488s][debug][gc,phases,ref     ] GC(753)         FinalRef (ms):            skipped
[40.488s][debug][gc,phases,ref     ] GC(753)         Total (ms):               skipped
[40.488s][debug][gc,phases,ref     ] GC(753)       Notify and keep alive finalizable: 0.0ms
[40.489s][debug][gc,phases,ref     ] GC(753)         FinalRef (ms):            skipped
[40.489s][debug][gc,phases,ref     ] GC(753)       Notify PhantomReferences: 0.0ms
[40.489s][debug][gc,phases,ref     ] GC(753)         PhantomRef (ms):          skipped
[40.489s][debug][gc,phases,ref     ] GC(753)       SoftReference:
[40.489s][debug][gc,phases,ref     ] GC(753)         Discovered: 0
[40.489s][debug][gc,phases,ref     ] GC(753)         Cleared: 0
[40.489s][debug][gc,phases,ref     ] GC(753)       WeakReference:
[40.489s][debug][gc,phases,ref     ] GC(753)         Discovered: 0
[40.489s][debug][gc,phases,ref     ] GC(753)         Cleared: 0
[40.489s][debug][gc,phases,ref     ] GC(753)       FinalReference:
[40.489s][debug][gc,phases,ref     ] GC(753)         Discovered: 0
[40.489s][debug][gc,phases,ref     ] GC(753)         Cleared: 0
[40.489s][debug][gc,phases,ref     ] GC(753)       PhantomReference:
[40.489s][debug][gc,phases,ref     ] GC(753)         Discovered: 0
[40.489s][debug][gc,phases,ref     ] GC(753)         Cleared: 0
[40.489s][debug][gc,phases         ] GC(753)     Weak Processing: 0.0ms
[40.489s][debug][gc,phases         ] GC(753)       JVMTI weak processing: 0.0ms
[40.489s][debug][gc,phases         ] GC(753)         Dead: 0
[40.489s][debug][gc,phases         ] GC(753)         Total: 0
[40.489s][debug][gc,phases         ] GC(753)       JFR weak processing: 0.0ms
[40.489s][debug][gc,phases         ] GC(753)         Dead: 0
[40.489s][debug][gc,phases         ] GC(753)         Total: 0
[40.489s][debug][gc,phases         ] GC(753)       JNI weak                  Min:  0.0, Avg:  0.0, Max:  0.0, Diff:  0.0, Sum:  0.0, Workers: 5
[40.489s][debug][gc,phases         ] GC(753)         Dead                      Min: 0, Avg:  0.0, Max: 0, Diff: 0, Sum: 0, Workers: 5
[40.489s][debug][gc,phases         ] GC(753)         Total                     Min: 0, Avg: 13.4, Max: 64, Diff: 64, Sum: 67, Workers: 5
[40.489s][debug][gc,phases         ] GC(753)       VM weak                   Min:  0.0, Avg:  0.0, Max:  0.0, Diff:  0.0, Sum:  0.0, Workers: 5
[40.489s][debug][gc,phases         ] GC(753)         Dead                      Min: 0, Avg:  0.0, Max: 0, Diff: 0, Sum: 0, Workers: 5
[40.489s][debug][gc,phases         ] GC(753)         Total                     Min: 0, Avg: 45.2, Max: 98, Diff: 98, Sum: 226, Workers: 5
[40.489s][debug][gc,phases         ] GC(753)       StringTable weak          Min:  0.0, Avg:  0.0, Max:  0.0, Diff:  0.0, Sum:  0.1, Workers: 5
[40.489s][debug][gc,phases         ] GC(753)         Dead                      Min: 0, Avg:  0.0, Max: 0, Diff: 0, Sum: 0, Workers: 5
[40.489s][debug][gc,phases         ] GC(753)         Total                     Min: 0, Avg: 682.8, Max: 896, Diff: 896, Sum: 3414, Workers: 5
[40.489s][debug][gc,phases         ] GC(753)       ResolvedMethodTable weak  Min:  0.0, Avg:  0.0, Max:  0.0, Diff:  0.0, Sum:  0.0, Workers: 5
[40.489s][debug][gc,phases         ] GC(753)         Dead                      Min: 0, Avg:  0.0, Max: 0, Diff: 0, Sum: 0, Workers: 5
[40.489s][debug][gc,phases         ] GC(753)         Total                     Min: 0, Avg: 120.2, Max: 192, Diff: 192, Sum: 601, Workers: 5
[40.489s][debug][gc,phases         ] GC(753)     Merge Per-Thread State: 0.0ms
[40.489s][debug][gc,phases         ] GC(753)       Copied Bytes              Min: 0, Avg: 450321.0, Max: 800544, Diff: 800544, Sum: 3602568, Workers: 8
[40.489s][debug][gc,phases         ] GC(753)       LAB Waste                 Min: 0, Avg:  0.0, Max: 0, Diff: 0, Sum: 0, Workers: 8
[40.489s][debug][gc,phases         ] GC(753)       LAB Undo Waste            Min: 0, Avg:  0.0, Max: 0, Diff: 0, Sum: 0, Workers: 8
[40.489s][debug][gc,phases         ] GC(753)     Code Roots Purge: 0.0ms
[40.489s][debug][gc,phases         ] GC(753)     Redirty Cards: 0.0ms
[40.489s][debug][gc,phases         ] GC(753)     DerivedPointerTable Update: 0.0ms
[40.489s][debug][gc,phases         ] GC(753)     Free Collection Set: 0.3ms
[40.489s][debug][gc,phases         ] GC(753)     Rebuild Free List: 0.1ms
[40.489s][debug][gc,phases         ] GC(753)     Humongous Reclaim: 0.0ms
[40.489s][debug][gc,phases         ] GC(753)     Start New Collection Set: 0.0ms
[40.489s][debug][gc,phases         ] GC(753)     Resize TLABs: 0.0ms
[40.489s][debug][gc,phases         ] GC(753)     Expand Heap After Collection: 0.0ms
[40.489s][info ][gc,phases         ] GC(753)   Other: 0.4ms
[40.489s][info ][gc,heap           ] GC(753) Eden regions: 866->0(865)
[40.489s][info ][gc,heap           ] GC(753) Survivor regions: 4->5(109)
[40.489s][info ][gc,heap           ] GC(753) Old regions: 17->17
[40.489s][info ][gc,heap           ] GC(753) Archive regions: 2->2
[40.489s][info ][gc,heap           ] GC(753) Humongous regions: 0->0
[40.489s][info ][gc,metaspace      ] GC(753) Metaspace: 10130K(10624K)->10130K(10624K) NonClass: 8932K(9216K)->8932K(9216K) Class: 1198K(1408K)->1198K(1408K)
[40.489s][debug][gc,heap           ] GC(753) Heap after GC invocations=754 (full 1): garbage-first heap   total 1484800K, used 22238K [0x0000000700000000, 0x0000000800000000)
[40.489s][debug][gc,heap           ] GC(753)   region size 1024K, 5 young (5120K), 5 survivors (5120K)
[40.489s][debug][gc,heap           ] GC(753)  Metaspace       used 10130K, capacity 10468K, committed 10624K, reserved 1058816K
[40.489s][debug][gc,heap           ] GC(753)   class space    used 1198K, capacity 1344K, committed 1408K, reserved 1048576K
[40.489s][info ][gc                ] GC(753) Pause Young (Normal) (G1 Evacuation Pause) 886M->21M(1450M) 2.786ms
[40.489s][info ][gc,cpu            ] GC(753) User=0.01s Sys=0.01s Real=0.00s
[40.489s][info ][safepoint         ] Safepoint "G1CollectForAllocation", Time since last: 44635313 ns, Reaching safepoint: 153461 ns, At safepoint: 2966641 ns, Total: 3120102 ns
[40.534s][debug][gc,heap           ] GC(754) Heap before GC invocations=754 (full 1): garbage-first heap   total 1484800K, used 906974K [0x0000000700000000, 0x0000000800000000)
[40.534s][debug][gc,heap           ] GC(754)   region size 1024K, 870 young (890880K), 5 survivors (5120K)
[40.534s][debug][gc,heap           ] GC(754)  Metaspace       used 10130K, capacity 10468K, committed 10624K, reserved 1058816K
[40.534s][debug][gc,heap           ] GC(754)   class space    used 1198K, capacity 1344K, committed 1408K, reserved 1048576K
[40.535s][info ][gc,start          ] GC(754) Pause Young (Normal) (G1 Evacuation Pause)
[40.535s][info ][gc,task           ] GC(754) Using 8 workers of 8 for evacuation
[40.535s][debug][gc,tlab           ] GC(754) TLAB totals: thrds: 8  refills: 11 max: 2 slow allocs: 1724 max 256 waste: 40.1% gc: 1226648B max: 240976B slow: 41184B max: 14304B fast: 0B max: 0B
[40.535s][debug][gc,age            ] GC(754) Desired survivor size 57147392 bytes, new threshold 15 (max threshold 15)
[40.535s][debug][gc,alloc,region   ] GC(754) Mutator Allocation stats, regions: 865, wasted size: 202M (23.4%)
[40.535s][debug][gc,ergo           ] GC(754) Running G1 Merge Heap Roots using 8 workers for 870 regions
[40.535s][debug][gc,remset         ] GC(754) Visited cards 256 Total dirty 2048 (12.50%) Total old 3602432 (0.01%)
[40.535s][debug][gc,ergo           ] GC(754) Running G1 Clear Card Table Task using 2 workers for 2 units of work for 871 regions.
[40.535s][debug][gc,ref            ] GC(754) Skipped phase1 of Reference Processing due to unavailable references
[40.535s][debug][gc,ref            ] GC(754) Skipped phase2 of Reference Processing due to unavailable references
[40.535s][debug][gc,ref            ] GC(754) Skipped phase3 of Reference Processing due to unavailable references
[40.535s][debug][gc,ref            ] GC(754) Skipped phase4 of Reference Processing due to unavailable references
[40.536s][debug][gc,ergo           ] GC(754) Running G1 Free Collection Set using 8 workers for collection set length 870 (1450)
[40.536s][debug][gc,ergo           ] GC(754) Running G1 Rebuild Free List Task using 8 workers for rebuilding free list of 0 (4096) regions
[40.536s][trace][gc,age            ] GC(754) Age table with threshold 15 (max threshold 15)
[40.536s][trace][gc,age            ] GC(754) - age   1:    2802552 bytes,    2802552 total
[40.536s][debug][gc,plab           ] GC(754) Young PLAB allocation: allocated: 16512B, wasted: 0B, unused: 14064B, used: 2448B, undo waste: 0B, 
[40.536s][debug][gc,plab           ] GC(754) Young other allocation: region end waste: 731184B, regions filled: 4, direct allocated: 2800104B, failure used: 0B, failure wasted: 0B
[40.536s][debug][gc,plab           ] GC(754) Young sizing: calculated: 0B, actual: 2064B
[40.536s][debug][gc,plab           ] GC(754) Old PLAB allocation: allocated: 0B, wasted: 0B, unused: 0B, used: 0B, undo waste: 0B, 
[40.536s][debug][gc,plab           ] GC(754) Old other allocation: region end waste: 0B, regions filled: 1, direct allocated: 0B, failure used: 0B, failure wasted: 0B
[40.536s][debug][gc,plab           ] GC(754) Old sizing: calculated: 0B, actual: 2064B
[40.536s][debug][gc,ihop           ] GC(754) Basic information (value update), threshold: 684195840B (45.00), target occupancy: 1520435200B, current occupancy: 21719704B, recent allocation size: 0B, recent allocation duration: 46.46ms, recent old gen allocation rate: 0.00B/s, recent marking phase length: 29.21ms
[40.536s][debug][gc,ihop           ] GC(754) Adaptive IHOP information (value update), threshold: 684195840B (47.37), internal target occupancy: 1444413440B, occupancy: 21719704B, additional buffer size: 912261120B, predicted old gen allocation rate: 0.10B/s, predicted marking phase length: 58.41ms, prediction active: false
[40.536s][debug][gc,ergo,refine    ] GC(754) Concurrent refinement times: Logged Cards Scan time goal: 20.00ms Logged Cards Scan time: 0.00ms HCC time: 0.00ms
[40.536s][debug][gc,ergo,refine    ] GC(754) Updated Refinement Zones: green: 2048, yellow: 6144, red: 10240
[40.536s][info ][gc,phases         ] GC(754)   Pre Evacuate Collection Set: 0.1ms
[40.536s][debug][gc,phases         ] GC(754)     Prepare TLABs: 0.0ms
[40.536s][debug][gc,phases         ] GC(754)     Choose Collection Set: 0.0ms
[40.536s][debug][gc,phases         ] GC(754)     Region Register: 0.1ms
[40.536s][debug][gc,phases         ] GC(754)     Prepare Heap Roots: 0.0ms
[40.536s][info ][gc,phases         ] GC(754)   Merge Heap Roots: 0.2ms
[40.536s][debug][gc,phases         ] GC(754)     Prepare Merge Heap Roots: 0.0ms
[40.536s][debug][gc,phases         ] GC(754)     Eager Reclaim (ms):       skipped
[40.536s][debug][gc,phases         ] GC(754)     Remembered Sets (ms):     Min:  0.0, Avg:  0.0, Max:  0.0, Diff:  0.0, Sum:  0.3, Workers: 8
[40.536s][debug][gc,phases         ] GC(754)       Merged Sparse:            Min: 0, Avg:  0.0, Max: 0, Diff: 0, Sum: 0, Workers: 8
[40.536s][debug][gc,phases         ] GC(754)       Merged Fine:              Min: 0, Avg:  0.0, Max: 0, Diff: 0, Sum: 0, Workers: 8
[40.536s][debug][gc,phases         ] GC(754)       Merged Coarse:            Min: 0, Avg:  0.0, Max: 0, Diff: 0, Sum: 0, Workers: 8
[40.536s][debug][gc,phases         ] GC(754)       Dirty Cards:              Min: 0, Avg:  0.0, Max: 0, Diff: 0, Sum: 0, Workers: 8
[40.536s][debug][gc,phases         ] GC(754)     Hot Card Cache (ms):      Min:  0.0, Avg:  0.0, Max:  0.0, Diff:  0.0, Sum:  0.0, Workers: 8
[40.536s][debug][gc,phases         ] GC(754)       Dirty Cards:              Min: 0, Avg:  0.0, Max: 0, Diff: 0, Sum: 0, Workers: 8
[40.536s][debug][gc,phases         ] GC(754)       Skipped Cards:            Min: 0, Avg:  0.0, Max: 0, Diff: 0, Sum: 0, Workers: 8
[40.536s][debug][gc,phases         ] GC(754)     Log Buffers (ms):         Min:  0.0, Avg:  0.0, Max:  0.0, Diff:  0.0, Sum:  0.0, Workers: 8
[40.536s][debug][gc,phases         ] GC(754)       Dirty Cards:              Min: 0, Avg:  0.1, Max: 1, Diff: 1, Sum: 1, Workers: 8
[40.536s][debug][gc,phases         ] GC(754)       Skipped Cards:            Min: 0, Avg:  0.0, Max: 0, Diff: 0, Sum: 0, Workers: 8
[40.536s][info ][gc,phases         ] GC(754)   Evacuate Collection Set: 0.3ms
[40.536s][debug][gc,phases         ] GC(754)     Ext Root Scanning (ms):   Min:  0.1, Avg:  0.2, Max:  0.2, Diff:  0.2, Sum:  1.4, Workers: 8
[40.536s][debug][gc,phases         ] GC(754)     Scan Heap Roots (ms):     Min:  0.0, Avg:  0.0, Max:  0.0, Diff:  0.0, Sum:  0.0, Workers: 8
[40.536s][debug][gc,phases         ] GC(754)       Scanned Cards:            Min: 0, Avg:  0.1, Max: 1, Diff: 1, Sum: 1, Workers: 8
[40.536s][debug][gc,phases         ] GC(754)       Scanned Blocks:           Min: 0, Avg:  0.1, Max: 1, Diff: 1, Sum: 1, Workers: 8
[40.536s][debug][gc,phases         ] GC(754)       Claimed Chunks:           Min: 0, Avg:  0.1, Max: 1, Diff: 1, Sum: 1, Workers: 8
[40.536s][debug][gc,phases         ] GC(754)     Code Root Scan (ms):      Min:  0.0, Avg:  0.0, Max:  0.1, Diff:  0.1, Sum:  0.2, Workers: 8
[40.536s][debug][gc,phases         ] GC(754)     Object Copy (ms):         Min:  0.0, Avg:  0.0, Max:  0.0, Diff:  0.0, Sum:  0.0, Workers: 8
[40.536s][debug][gc,phases         ] GC(754)     Termination (ms):         Min:  0.0, Avg:  0.0, Max:  0.1, Diff:  0.0, Sum:  0.4, Workers: 8
[40.536s][debug][gc,phases         ] GC(754)       Termination Attempts:     Min: 1, Avg:  1.1, Max: 2, Diff: 1, Sum: 9, Workers: 8
[40.536s][debug][gc,phases         ] GC(754)     GC Worker Other (ms):     Min:  0.0, Avg:  0.0, Max:  0.1, Diff:  0.1, Sum:  0.4, Workers: 8
[40.536s][debug][gc,phases         ] GC(754)     GC Worker Total (ms):     Min:  0.3, Avg:  0.3, Max:  0.3, Diff:  0.0, Sum:  2.3, Workers: 8
[40.536s][info ][gc,phases         ] GC(754)   Post Evacuate Collection Set: 0.6ms
[40.536s][debug][gc,phases         ] GC(754)     Code Roots Fixup: 0.0ms
[40.536s][debug][gc,phases         ] GC(754)     Clear Card Table: 0.2ms
[40.536s][debug][gc,phases         ] GC(754)     Reference Processing: 0.0ms
[40.536s][debug][gc,phases,ref     ] GC(754)       Reconsider SoftReferences: 0.0ms
[40.536s][debug][gc,phases,ref     ] GC(754)         SoftRef (ms):             skipped
[40.536s][debug][gc,phases,ref     ] GC(754)       Notify Soft/WeakReferences: 0.0ms
[40.536s][debug][gc,phases,ref     ] GC(754)         SoftRef (ms):             skipped
[40.536s][debug][gc,phases,ref     ] GC(754)         WeakRef (ms):             skipped
[40.536s][debug][gc,phases,ref     ] GC(754)         FinalRef (ms):            skipped
[40.536s][debug][gc,phases,ref     ] GC(754)         Total (ms):               skipped
[40.536s][debug][gc,phases,ref     ] GC(754)       Notify and keep alive finalizable: 0.0ms
[40.536s][debug][gc,phases,ref     ] GC(754)         FinalRef (ms):            skipped
[40.536s][debug][gc,phases,ref     ] GC(754)       Notify PhantomReferences: 0.0ms
[40.536s][debug][gc,phases,ref     ] GC(754)         PhantomRef (ms):          skipped
[40.536s][debug][gc,phases,ref     ] GC(754)       SoftReference:
[40.536s][debug][gc,phases,ref     ] GC(754)         Discovered: 0
[40.536s][debug][gc,phases,ref     ] GC(754)         Cleared: 0
[40.536s][debug][gc,phases,ref     ] GC(754)       WeakReference:
[40.536s][debug][gc,phases,ref     ] GC(754)         Discovered: 0
[40.536s][debug][gc,phases,ref     ] GC(754)         Cleared: 0
[40.536s][debug][gc,phases,ref     ] GC(754)       FinalReference:
[40.536s][debug][gc,phases,ref     ] GC(754)         Discovered: 0
[40.536s][debug][gc,phases,ref     ] GC(754)         Cleared: 0
[40.536s][debug][gc,phases,ref     ] GC(754)       PhantomReference:
[40.536s][debug][gc,phases,ref     ] GC(754)         Discovered: 0
[40.536s][debug][gc,phases,ref     ] GC(754)         Cleared: 0
[40.536s][debug][gc,phases         ] GC(754)     Weak Processing: 0.1ms
[40.536s][debug][gc,phases         ] GC(754)       JVMTI weak processing: 0.0ms
[40.536s][debug][gc,phases         ] GC(754)         Dead: 0
[40.536s][debug][gc,phases         ] GC(754)         Total: 0
[40.536s][debug][gc,phases         ] GC(754)       JFR weak processing: 0.0ms
[40.536s][debug][gc,phases         ] GC(754)         Dead: 0
[40.536s][debug][gc,phases         ] GC(754)         Total: 0
[40.536s][debug][gc,phases         ] GC(754)       JNI weak                  Min:  0.0, Avg:  0.0, Max:  0.0, Diff:  0.0, Sum:  0.0, Workers: 5
[40.536s][debug][gc,phases         ] GC(754)         Dead                      Min: 0, Avg:  0.0, Max: 0, Diff: 0, Sum: 0, Workers: 5
[40.536s][debug][gc,phases         ] GC(754)         Total                     Min: 0, Avg: 13.4, Max: 64, Diff: 64, Sum: 67, Workers: 5
[40.536s][debug][gc,phases         ] GC(754)       VM weak                   Min:  0.0, Avg:  0.0, Max:  0.0, Diff:  0.0, Sum:  0.0, Workers: 5
[40.536s][debug][gc,phases         ] GC(754)         Dead                      Min: 0, Avg:  0.0, Max: 0, Diff: 0, Sum: 0, Workers: 5
[40.536s][debug][gc,phases         ] GC(754)         Total                     Min: 0, Avg: 45.2, Max: 128, Diff: 128, Sum: 226, Workers: 5
[40.536s][debug][gc,phases         ] GC(754)       StringTable weak          Min:  0.0, Avg:  0.0, Max:  0.0, Diff:  0.0, Sum:  0.1, Workers: 5
[40.536s][debug][gc,phases         ] GC(754)         Dead                      Min: 0, Avg:  0.0, Max: 0, Diff: 0, Sum: 0, Workers: 5
[40.536s][debug][gc,phases         ] GC(754)         Total                     Min: 0, Avg: 682.8, Max: 1727, Diff: 1727, Sum: 3414, Workers: 5
[40.536s][debug][gc,phases         ] GC(754)       ResolvedMethodTable weak  Min:  0.0, Avg:  0.0, Max:  0.0, Diff:  0.0, Sum:  0.0, Workers: 5
[40.536s][debug][gc,phases         ] GC(754)         Dead                      Min: 0, Avg:  0.0, Max: 0, Diff: 0, Sum: 0, Workers: 5
[40.536s][debug][gc,phases         ] GC(754)         Total                     Min: 0, Avg: 120.2, Max: 320, Diff: 320, Sum: 601, Workers: 5
[40.536s][debug][gc,phases         ] GC(754)     Merge Per-Thread State: 0.0ms
[40.536s][debug][gc,phases         ] GC(754)       Copied Bytes              Min: 376, Avg: 350319.0, Max: 800096, Diff: 799720, Sum: 2802552, Workers: 8
[40.536s][debug][gc,phases         ] GC(754)       LAB Waste                 Min: 0, Avg:  0.0, Max: 0, Diff: 0, Sum: 0, Workers: 8
[40.537s][debug][gc,phases         ] GC(754)       LAB Undo Waste            Min: 0, Avg:  0.0, Max: 0, Diff: 0, Sum: 0, Workers: 8
[40.537s][debug][gc,phases         ] GC(754)     Code Roots Purge: 0.0ms
[40.537s][debug][gc,phases         ] GC(754)     Redirty Cards: 0.0ms
[40.537s][debug][gc,phases         ] GC(754)     DerivedPointerTable Update: 0.0ms
[40.537s][debug][gc,phases         ] GC(754)     Free Collection Set: 0.2ms
[40.537s][debug][gc,phases         ] GC(754)     Rebuild Free List: 0.1ms
[40.537s][debug][gc,phases         ] GC(754)     Humongous Reclaim: 0.0ms
[40.537s][debug][gc,phases         ] GC(754)     Start New Collection Set: 0.0ms
[40.537s][debug][gc,phases         ] GC(754)     Resize TLABs: 0.0ms
[40.537s][debug][gc,phases         ] GC(754)     Expand Heap After Collection: 0.0ms
[40.537s][info ][gc,phases         ] GC(754)   Other: 0.3ms
[40.537s][info ][gc,heap           ] GC(754) Eden regions: 865->0(866)
[40.537s][info ][gc,heap           ] GC(754) Survivor regions: 5->4(109)
[40.537s][info ][gc,heap           ] GC(754) Old regions: 17->17
[40.537s][info ][gc,heap           ] GC(754) Archive regions: 2->2
[40.537s][info ][gc,heap           ] GC(754) Humongous regions: 0->0
[40.537s][info ][gc,metaspace      ] GC(754) Metaspace: 10130K(10624K)->10130K(10624K) NonClass: 8932K(9216K)->8932K(9216K) Class: 1198K(1408K)->1198K(1408K)
[40.537s][debug][gc,heap           ] GC(754) Heap after GC invocations=755 (full 1): garbage-first heap   total 1484800K, used 21210K [0x0000000700000000, 0x0000000800000000)
[40.537s][debug][gc,heap           ] GC(754)   region size 1024K, 4 young (4096K), 4 survivors (4096K)
[40.537s][debug][gc,heap           ] GC(754)  Metaspace       used 10130K, capacity 10468K, committed 10624K, reserved 1058816K
[40.537s][debug][gc,heap           ] GC(754)   class space    used 1198K, capacity 1344K, committed 1408K, reserved 1048576K
[40.537s][info ][gc                ] GC(754) Pause Young (Normal) (G1 Evacuation Pause) 886M->20M(1450M) 2.147ms
[40.537s][info ][gc,cpu            ] GC(754) User=0.01s Sys=0.00s Real=0.00s
[40.537s][info ][safepoint         ] Safepoint "G1CollectForAllocation", Time since last: 45078880 ns, Reaching safepoint: 139168 ns, At safepoint: 2364700 ns, Total: 2503868 ns
[40.579s][debug][gc,heap           ] GC(755) Heap before GC invocations=755 (full 1): garbage-first heap   total 1484800K, used 906970K [0x0000000700000000, 0x0000000800000000)
[40.579s][debug][gc,heap           ] GC(755)   region size 1024K, 870 young (890880K), 4 survivors (4096K)
[40.579s][debug][gc,heap           ] GC(755)  Metaspace       used 10130K, capacity 10468K, committed 10624K, reserved 1058816K
[40.579s][debug][gc,heap           ] GC(755)   class space    used 1198K, capacity 1344K, committed 1408K, reserved 1048576K
[40.579s][info ][gc,start          ] GC(755) Pause Young (Normal) (G1 Evacuation Pause)
[40.579s][info ][gc,task           ] GC(755) Using 8 workers of 8 for evacuation
[40.579s][debug][gc,tlab           ] GC(755) TLAB totals: thrds: 8  refills: 15 max: 3 slow allocs: 1725 max 270 waste: 29.1% gc: 1196752B max: 219888B slow: 73176B max: 15096B fast: 0B max: 0B
[40.579s][debug][gc,age            ] GC(755) Desired survivor size 57147392 bytes, new threshold 15 (max threshold 15)
[40.579s][debug][gc,alloc,region   ] GC(755) Mutator Allocation stats, regions: 866, wasted size: 202M (23.4%)
[40.579s][debug][gc,ergo           ] GC(755) Running G1 Merge Heap Roots using 8 workers for 870 regions
[40.579s][debug][gc,remset         ] GC(755) Visited cards 512 Total dirty 4096 (12.50%) Total old 3602432 (0.01%)
[40.580s][debug][gc,ergo           ] GC(755) Running G1 Clear Card Table Task using 2 workers for 2 units of work for 872 regions.
[40.580s][debug][gc,ref            ] GC(755) Skipped phase1 of Reference Processing due to unavailable references
[40.580s][debug][gc,ref            ] GC(755) Skipped phase2 of Reference Processing due to unavailable references
[40.580s][debug][gc,ref            ] GC(755) Skipped phase3 of Reference Processing due to unavailable references
[40.580s][debug][gc,ref            ] GC(755) Skipped phase4 of Reference Processing due to unavailable references
[40.580s][debug][gc,ergo           ] GC(755) Running G1 Free Collection Set using 8 workers for collection set length 870 (1450)
[40.580s][debug][gc,ergo           ] GC(755) Running G1 Rebuild Free List Task using 8 workers for rebuilding free list of 0 (4096) regions
[40.580s][trace][gc,age            ] GC(755) Age table with threshold 15 (max threshold 15)
[40.580s][trace][gc,age            ] GC(755) - age   1:    2802544 bytes,    2802544 total
[40.580s][debug][gc,plab           ] GC(755) Young PLAB allocation: allocated: 16512B, wasted: 0B, unused: 14064B, used: 2448B, undo waste: 0B, 
[40.580s][debug][gc,plab           ] GC(755) Young other allocation: region end waste: 733256B, regions filled: 4, direct allocated: 2800096B, failure used: 0B, failure wasted: 0B
[40.580s][debug][gc,plab           ] GC(755) Young sizing: calculated: 0B, actual: 2064B
[40.580s][debug][gc,plab           ] GC(755) Old PLAB allocation: allocated: 0B, wasted: 0B, unused: 0B, used: 0B, undo waste: 0B, 
[40.580s][debug][gc,plab           ] GC(755) Old other allocation: region end waste: 0B, regions filled: 1, direct allocated: 0B, failure used: 0B, failure wasted: 0B
[40.580s][debug][gc,plab           ] GC(755) Old sizing: calculated: 0B, actual: 2064B
[40.580s][debug][gc,ihop           ] GC(755) Basic information (value update), threshold: 684195840B (45.00), target occupancy: 1520435200B, current occupancy: 21721768B, recent allocation size: 0B, recent allocation duration: 43.13ms, recent old gen allocation rate: 0.00B/s, recent marking phase length: 29.21ms
[40.580s][debug][gc,ihop           ] GC(755) Adaptive IHOP information (value update), threshold: 684195840B (47.37), internal target occupancy: 1444413440B, occupancy: 21721768B, additional buffer size: 912261120B, predicted old gen allocation rate: 0.10B/s, predicted marking phase length: 58.41ms, prediction active: false
[40.580s][debug][gc,ergo,refine    ] GC(755) Concurrent refinement times: Logged Cards Scan time goal: 20.00ms Logged Cards Scan time: 0.00ms HCC time: 0.00ms
[40.580s][debug][gc,ergo,refine    ] GC(755) Updated Refinement Zones: green: 2048, yellow: 6144, red: 10240
[40.580s][info ][gc,phases         ] GC(755)   Pre Evacuate Collection Set: 0.1ms
[40.580s][debug][gc,phases         ] GC(755)     Prepare TLABs: 0.0ms
[40.580s][debug][gc,phases         ] GC(755)     Choose Collection Set: 0.0ms
[40.580s][debug][gc,phases         ] GC(755)     Region Register: 0.1ms
[40.580s][debug][gc,phases         ] GC(755)     Prepare Heap Roots: 0.0ms
[40.580s][info ][gc,phases         ] GC(755)   Merge Heap Roots: 0.1ms
[40.580s][debug][gc,phases         ] GC(755)     Prepare Merge Heap Roots: 0.0ms
[40.580s][debug][gc,phases         ] GC(755)     Eager Reclaim (ms):       skipped
[40.580s][debug][gc,phases         ] GC(755)     Remembered Sets (ms):     Min:  0.0, Avg:  0.0, Max:  0.1, Diff:  0.0, Sum:  0.3, Workers: 8
[40.580s][debug][gc,phases         ] GC(755)       Merged Sparse:            Min: 0, Avg:  0.0, Max: 0, Diff: 0, Sum: 0, Workers: 8
[40.580s][debug][gc,phases         ] GC(755)       Merged Fine:              Min: 0, Avg:  0.0, Max: 0, Diff: 0, Sum: 0, Workers: 8
[40.580s][debug][gc,phases         ] GC(755)       Merged Coarse:            Min: 0, Avg:  0.0, Max: 0, Diff: 0, Sum: 0, Workers: 8
[40.580s][debug][gc,phases         ] GC(755)       Dirty Cards:              Min: 0, Avg:  0.0, Max: 0, Diff: 0, Sum: 0, Workers: 8
[40.580s][debug][gc,phases         ] GC(755)     Hot Card Cache (ms):      Min:  0.0, Avg:  0.0, Max:  0.0, Diff:  0.0, Sum:  0.0, Workers: 8
[40.580s][debug][gc,phases         ] GC(755)       Dirty Cards:              Min: 0, Avg:  0.0, Max: 0, Diff: 0, Sum: 0, Workers: 8
[40.580s][debug][gc,phases         ] GC(755)       Skipped Cards:            Min: 0, Avg:  0.0, Max: 0, Diff: 0, Sum: 0, Workers: 8
[40.580s][debug][gc,phases         ] GC(755)     Log Buffers (ms):         Min:  0.0, Avg:  0.0, Max:  0.0, Diff:  0.0, Sum:  0.0, Workers: 8
[40.580s][debug][gc,phases         ] GC(755)       Dirty Cards:              Min: 0, Avg:  0.2, Max: 1, Diff: 1, Sum: 2, Workers: 8
[40.580s][debug][gc,phases         ] GC(755)       Skipped Cards:            Min: 0, Avg:  0.0, Max: 0, Diff: 0, Sum: 0, Workers: 8
[40.580s][info ][gc,phases         ] GC(755)   Evacuate Collection Set: 0.3ms
[40.581s][debug][gc,phases         ] GC(755)     Ext Root Scanning (ms):   Min:  0.0, Avg:  0.2, Max:  0.3, Diff:  0.3, Sum:  1.2, Workers: 8
[40.581s][debug][gc,phases         ] GC(755)     Scan Heap Roots (ms):     Min:  0.0, Avg:  0.0, Max:  0.0, Diff:  0.0, Sum:  0.0, Workers: 8
[40.581s][debug][gc,phases         ] GC(755)       Scanned Cards:            Min: 0, Avg:  0.2, Max: 1, Diff: 1, Sum: 2, Workers: 8
[40.581s][debug][gc,phases         ] GC(755)       Scanned Blocks:           Min: 0, Avg:  0.2, Max: 1, Diff: 1, Sum: 2, Workers: 8
[40.581s][debug][gc,phases         ] GC(755)       Claimed Chunks:           Min: 0, Avg:  0.2, Max: 1, Diff: 1, Sum: 2, Workers: 8
[40.581s][debug][gc,phases         ] GC(755)     Code Root Scan (ms):      Min:  0.0, Avg:  0.0, Max:  0.1, Diff:  0.1, Sum:  0.2, Workers: 8
[40.581s][debug][gc,phases         ] GC(755)     Object Copy (ms):         Min:  0.0, Avg:  0.0, Max:  0.0, Diff:  0.0, Sum:  0.0, Workers: 8
[40.581s][debug][gc,phases         ] GC(755)     Termination (ms):         Min:  0.0, Avg:  0.1, Max:  0.1, Diff:  0.1, Sum:  0.6, Workers: 8
[40.581s][debug][gc,phases         ] GC(755)       Termination Attempts:     Min: 1, Avg:  1.2, Max: 2, Diff: 1, Sum: 10, Workers: 8
[40.581s][debug][gc,phases         ] GC(755)     GC Worker Other (ms):     Min:  0.0, Avg:  0.0, Max:  0.1, Diff:  0.1, Sum:  0.3, Workers: 8
[40.581s][debug][gc,phases         ] GC(755)     GC Worker Total (ms):     Min:  0.3, Avg:  0.3, Max:  0.3, Diff:  0.0, Sum:  2.4, Workers: 8
[40.581s][info ][gc,phases         ] GC(755)   Post Evacuate Collection Set: 0.6ms
[40.581s][debug][gc,phases         ] GC(755)     Code Roots Fixup: 0.0ms
[40.581s][debug][gc,phases         ] GC(755)     Clear Card Table: 0.2ms
[40.581s][debug][gc,phases         ] GC(755)     Reference Processing: 0.0ms
[40.581s][debug][gc,phases,ref     ] GC(755)       Reconsider SoftReferences: 0.0ms
[40.581s][debug][gc,phases,ref     ] GC(755)         SoftRef (ms):             skipped
[40.581s][debug][gc,phases,ref     ] GC(755)       Notify Soft/WeakReferences: 0.0ms
[40.581s][debug][gc,phases,ref     ] GC(755)         SoftRef (ms):             skipped
[40.581s][debug][gc,phases,ref     ] GC(755)         WeakRef (ms):             skipped
[40.581s][debug][gc,phases,ref     ] GC(755)         FinalRef (ms):            skipped
[40.581s][debug][gc,phases,ref     ] GC(755)         Total (ms):               skipped
[40.581s][debug][gc,phases,ref     ] GC(755)       Notify and keep alive finalizable: 0.0ms
[40.581s][debug][gc,phases,ref     ] GC(755)         FinalRef (ms):            skipped
[40.581s][debug][gc,phases,ref     ] GC(755)       Notify PhantomReferences: 0.0ms
[40.581s][debug][gc,phases,ref     ] GC(755)         PhantomRef (ms):          skipped
[40.581s][debug][gc,phases,ref     ] GC(755)       SoftReference:
[40.581s][debug][gc,phases,ref     ] GC(755)         Discovered: 0
[40.581s][debug][gc,phases,ref     ] GC(755)         Cleared: 0
[40.581s][debug][gc,phases,ref     ] GC(755)       WeakReference:
[40.581s][debug][gc,phases,ref     ] GC(755)         Discovered: 0
[40.581s][debug][gc,phases,ref     ] GC(755)         Cleared: 0
[40.581s][debug][gc,phases,ref     ] GC(755)       FinalReference:
[40.581s][debug][gc,phases,ref     ] GC(755)         Discovered: 0
[40.581s][debug][gc,phases,ref     ] GC(755)         Cleared: 0
[40.581s][debug][gc,phases,ref     ] GC(755)       PhantomReference:
[40.581s][debug][gc,phases,ref     ] GC(755)         Discovered: 0
[40.581s][debug][gc,phases,ref     ] GC(755)         Cleared: 0
[40.581s][debug][gc,phases         ] GC(755)     Weak Processing: 0.1ms
[40.581s][debug][gc,phases         ] GC(755)       JVMTI weak processing: 0.0ms
[40.581s][debug][gc,phases         ] GC(755)         Dead: 0
[40.581s][debug][gc,phases         ] GC(755)         Total: 0
[40.581s][debug][gc,phases         ] GC(755)       JFR weak processing: 0.0ms
[40.581s][debug][gc,phases         ] GC(755)         Dead: 0
[40.581s][debug][gc,phases         ] GC(755)         Total: 0
[40.581s][debug][gc,phases         ] GC(755)       JNI weak                  Min:  0.0, Avg:  0.0, Max:  0.0, Diff:  0.0, Sum:  0.0, Workers: 5
[40.581s][debug][gc,phases         ] GC(755)         Dead                      Min: 0, Avg:  0.0, Max: 0, Diff: 0, Sum: 0, Workers: 5
[40.581s][debug][gc,phases         ] GC(755)         Total                     Min: 0, Avg: 13.4, Max: 64, Diff: 64, Sum: 67, Workers: 5
[40.581s][debug][gc,phases         ] GC(755)       VM weak                   Min:  0.0, Avg:  0.0, Max:  0.0, Diff:  0.0, Sum:  0.0, Workers: 5
[40.581s][debug][gc,phases         ] GC(755)         Dead                      Min: 0, Avg:  0.0, Max: 0, Diff: 0, Sum: 0, Workers: 5
[40.581s][debug][gc,phases         ] GC(755)         Total                     Min: 0, Avg: 45.2, Max: 128, Diff: 128, Sum: 226, Workers: 5
[40.581s][debug][gc,phases         ] GC(755)       StringTable weak          Min:  0.0, Avg:  0.0, Max:  0.0, Diff:  0.0, Sum:  0.1, Workers: 5
[40.581s][debug][gc,phases         ] GC(755)         Dead                      Min: 0, Avg:  0.0, Max: 0, Diff: 0, Sum: 0, Workers: 5
[40.581s][debug][gc,phases         ] GC(755)         Total                     Min: 0, Avg: 682.8, Max: 1727, Diff: 1727, Sum: 3414, Workers: 5
[40.581s][debug][gc,phases         ] GC(755)       ResolvedMethodTable weak  Min:  0.0, Avg:  0.0, Max:  0.0, Diff:  0.0, Sum:  0.0, Workers: 5
[40.581s][debug][gc,phases         ] GC(755)         Dead                      Min: 0, Avg:  0.0, Max: 0, Diff: 0, Sum: 0, Workers: 5
[40.581s][debug][gc,phases         ] GC(755)         Total                     Min: 0, Avg: 120.2, Max: 192, Diff: 192, Sum: 601, Workers: 5
[40.581s][debug][gc,phases         ] GC(755)     Merge Per-Thread State: 0.0ms
[40.581s][debug][gc,phases         ] GC(755)       Copied Bytes              Min: 152, Avg: 350318.0, Max: 800096, Diff: 799944, Sum: 2802544, Workers: 8
[40.581s][debug][gc,phases         ] GC(755)       LAB Waste                 Min: 0, Avg:  0.0, Max: 0, Diff: 0, Sum: 0, Workers: 8
[40.581s][debug][gc,phases         ] GC(755)       LAB Undo Waste            Min: 0, Avg:  0.0, Max: 0, Diff: 0, Sum: 0, Workers: 8
[40.581s][debug][gc,phases         ] GC(755)     Code Roots Purge: 0.0ms
[40.581s][debug][gc,phases         ] GC(755)     Redirty Cards: 0.0ms
[40.581s][debug][gc,phases         ] GC(755)     DerivedPointerTable Update: 0.0ms
[40.581s][debug][gc,phases         ] GC(755)     Free Collection Set: 0.2ms
[40.581s][debug][gc,phases         ] GC(755)     Rebuild Free List: 0.1ms
[40.581s][debug][gc,phases         ] GC(755)     Humongous Reclaim: 0.0ms
[40.581s][debug][gc,phases         ] GC(755)     Start New Collection Set: 0.0ms
[40.581s][debug][gc,phases         ] GC(755)     Resize TLABs: 0.0ms
[40.581s][debug][gc,phases         ] GC(755)     Expand Heap After Collection: 0.0ms
[40.581s][info ][gc,phases         ] GC(755)   Other: 0.3ms
[40.581s][info ][gc,heap           ] GC(755) Eden regions: 866->0(866)
[40.581s][info ][gc,heap           ] GC(755) Survivor regions: 4->4(109)
[40.581s][info ][gc,heap           ] GC(755) Old regions: 17->17
[40.581s][info ][gc,heap           ] GC(755) Archive regions: 2->2
[40.581s][info ][gc,heap           ] GC(755) Humongous regions: 0->0
[40.581s][info ][gc,metaspace      ] GC(755) Metaspace: 10130K(10624K)->10130K(10624K) NonClass: 8932K(9216K)->8932K(9216K) Class: 1198K(1408K)->1198K(1408K)
[40.581s][debug][gc,heap           ] GC(755) Heap after GC invocations=756 (full 1): garbage-first heap   total 1484800K, used 21212K [0x0000000700000000, 0x0000000800000000)
[40.581s][debug][gc,heap           ] GC(755)   region size 1024K, 4 young (4096K), 4 survivors (4096K)
[40.581s][debug][gc,heap           ] GC(755)  Metaspace       used 10130K, capacity 10468K, committed 10624K, reserved 1058816K
[40.581s][debug][gc,heap           ] GC(755)   class space    used 1198K, capacity 1344K, committed 1408K, reserved 1048576K
[40.581s][info ][gc                ] GC(755) Pause Young (Normal) (G1 Evacuation Pause) 886M->20M(1450M) 2.029ms
[40.581s][info ][gc,cpu            ] GC(755) User=0.00s Sys=0.00s Real=0.00s
[40.581s][info ][safepoint         ] Safepoint "G1CollectForAllocation", Time since last: 41919589 ns, Reaching safepoint: 206255 ns, At safepoint: 2198592 ns, Total: 2404847 ns
[40.623s][debug][gc,heap           ] GC(756) Heap before GC invocations=756 (full 1): garbage-first heap   total 1484800K, used 906972K [0x0000000700000000, 0x0000000800000000)
[40.623s][debug][gc,heap           ] GC(756)   region size 1024K, 870 young (890880K), 4 survivors (4096K)
[40.623s][debug][gc,heap           ] GC(756)  Metaspace       used 10130K, capacity 10468K, committed 10624K, reserved 1058816K
[40.623s][debug][gc,heap           ] GC(756)   class space    used 1198K, capacity 1344K, committed 1408K, reserved 1048576K
[40.623s][info ][gc,start          ] GC(756) Pause Young (Normal) (G1 Evacuation Pause)
[40.623s][info ][gc,task           ] GC(756) Using 8 workers of 8 for evacuation
[40.623s][debug][gc,tlab           ] GC(756) TLAB totals: thrds: 8  refills: 12 max: 3 slow allocs: 1726 max 257 waste: 27.5% gc: 977272B max: 223280B slow: 43312B max: 15488B fast: 0B max: 0B
[40.623s][debug][gc,age            ] GC(756) Desired survivor size 57147392 bytes, new threshold 15 (max threshold 15)
[40.623s][debug][gc,alloc,region   ] GC(756) Mutator Allocation stats, regions: 866, wasted size: 203M (23.4%)
[40.623s][debug][gc,ergo           ] GC(756) Running G1 Merge Heap Roots using 8 workers for 870 regions
[40.623s][debug][gc,remset         ] GC(756) Visited cards 256 Total dirty 2048 (12.50%) Total old 3602432 (0.01%)
[40.624s][debug][gc,ergo           ] GC(756) Running G1 Clear Card Table Task using 2 workers for 2 units of work for 871 regions.
[40.624s][debug][gc,ref            ] GC(756) Skipped phase1 of Reference Processing due to unavailable references
[40.624s][debug][gc,ref            ] GC(756) Skipped phase2 of Reference Processing due to unavailable references
[40.624s][debug][gc,ref            ] GC(756) Skipped phase3 of Reference Processing due to unavailable references
[40.624s][debug][gc,ref            ] GC(756) Skipped phase4 of Reference Processing due to unavailable references
[40.624s][debug][gc,ergo           ] GC(756) Running G1 Free Collection Set using 8 workers for collection set length 870 (1450)
[40.624s][debug][gc,ergo           ] GC(756) Running G1 Rebuild Free List Task using 8 workers for rebuilding free list of 0 (4096) regions
[40.624s][trace][gc,age            ] GC(756) Age table with threshold 15 (max threshold 15)
[40.624s][trace][gc,age            ] GC(756) - age   1:    3602576 bytes,    3602576 total
[40.624s][debug][gc,plab           ] GC(756) Young PLAB allocation: allocated: 16512B, wasted: 0B, unused: 14064B, used: 2448B, undo waste: 0B, 
[40.624s][debug][gc,plab           ] GC(756) Young other allocation: region end waste: 981800B, regions filled: 5, direct allocated: 3600128B, failure used: 0B, failure wasted: 0B
[40.624s][debug][gc,plab           ] GC(756) Young sizing: calculated: 0B, actual: 2064B
[40.624s][debug][gc,plab           ] GC(756) Old PLAB allocation: allocated: 0B, wasted: 0B, unused: 0B, used: 0B, undo waste: 0B, 
[40.624s][debug][gc,plab           ] GC(756) Old other allocation: region end waste: 0B, regions filled: 1, direct allocated: 0B, failure used: 0B, failure wasted: 0B
[40.624s][debug][gc,plab           ] GC(756) Old sizing: calculated: 0B, actual: 2064B
[40.624s][debug][gc,ihop           ] GC(756) Basic information (value update), threshold: 684195840B (45.00), target occupancy: 1520435200B, current occupancy: 22770344B, recent allocation size: 0B, recent allocation duration: 42.42ms, recent old gen allocation rate: 0.00B/s, recent marking phase length: 29.21ms
[40.624s][debug][gc,ihop           ] GC(756) Adaptive IHOP information (value update), threshold: 684195840B (47.37), internal target occupancy: 1444413440B, occupancy: 22770344B, additional buffer size: 912261120B, predicted old gen allocation rate: 0.10B/s, predicted marking phase length: 58.41ms, prediction active: false
[40.624s][debug][gc,ergo,refine    ] GC(756) Concurrent refinement times: Logged Cards Scan time goal: 20.00ms Logged Cards Scan time: 0.00ms HCC time: 0.00ms
[40.624s][debug][gc,ergo,refine    ] GC(756) Updated Refinement Zones: green: 2048, yellow: 6144, red: 10240
[40.624s][info ][gc,phases         ] GC(756)   Pre Evacuate Collection Set: 0.1ms
[40.624s][debug][gc,phases         ] GC(756)     Prepare TLABs: 0.0ms
[40.624s][debug][gc,phases         ] GC(756)     Choose Collection Set: 0.0ms
[40.624s][debug][gc,phases         ] GC(756)     Region Register: 0.1ms
[40.624s][debug][gc,phases         ] GC(756)     Prepare Heap Roots: 0.0ms
[40.624s][info ][gc,phases         ] GC(756)   Merge Heap Roots: 0.1ms
[40.624s][debug][gc,phases         ] GC(756)     Prepare Merge Heap Roots: 0.0ms
[40.624s][debug][gc,phases         ] GC(756)     Eager Reclaim (ms):       skipped
[40.624s][debug][gc,phases         ] GC(756)     Remembered Sets (ms):     Min:  0.0, Avg:  0.0, Max:  0.1, Diff:  0.0, Sum:  0.3, Workers: 8
[40.624s][debug][gc,phases         ] GC(756)       Merged Sparse:            Min: 0, Avg:  0.0, Max: 0, Diff: 0, Sum: 0, Workers: 8
[40.624s][debug][gc,phases         ] GC(756)       Merged Fine:              Min: 0, Avg:  0.0, Max: 0, Diff: 0, Sum: 0, Workers: 8
[40.624s][debug][gc,phases         ] GC(756)       Merged Coarse:            Min: 0, Avg:  0.0, Max: 0, Diff: 0, Sum: 0, Workers: 8
[40.624s][debug][gc,phases         ] GC(756)       Dirty Cards:              Min: 0, Avg:  0.0, Max: 0, Diff: 0, Sum: 0, Workers: 8
[40.624s][debug][gc,phases         ] GC(756)     Hot Card Cache (ms):      Min:  0.0, Avg:  0.0, Max:  0.0, Diff:  0.0, Sum:  0.0, Workers: 8
[40.624s][debug][gc,phases         ] GC(756)       Dirty Cards:              Min: 0, Avg:  0.0, Max: 0, Diff: 0, Sum: 0, Workers: 8
[40.624s][debug][gc,phases         ] GC(756)       Skipped Cards:            Min: 0, Avg:  0.0, Max: 0, Diff: 0, Sum: 0, Workers: 8
[40.624s][debug][gc,phases         ] GC(756)     Log Buffers (ms):         Min:  0.0, Avg:  0.0, Max:  0.0, Diff:  0.0, Sum:  0.0, Workers: 8
[40.624s][debug][gc,phases         ] GC(756)       Dirty Cards:              Min: 0, Avg:  0.1, Max: 1, Diff: 1, Sum: 1, Workers: 8
[40.624s][debug][gc,phases         ] GC(756)       Skipped Cards:            Min: 0, Avg:  0.0, Max: 0, Diff: 0, Sum: 0, Workers: 8
[40.624s][info ][gc,phases         ] GC(756)   Evacuate Collection Set: 0.4ms
[40.624s][debug][gc,phases         ] GC(756)     Ext Root Scanning (ms):   Min:  0.2, Avg:  0.3, Max:  0.4, Diff:  0.2, Sum:  2.1, Workers: 8
[40.624s][debug][gc,phases         ] GC(756)     Scan Heap Roots (ms):     Min:  0.0, Avg:  0.0, Max:  0.0, Diff:  0.0, Sum:  0.0, Workers: 8
[40.624s][debug][gc,phases         ] GC(756)       Scanned Cards:            Min: 0, Avg:  0.1, Max: 1, Diff: 1, Sum: 1, Workers: 8
[40.624s][debug][gc,phases         ] GC(756)       Scanned Blocks:           Min: 0, Avg:  0.1, Max: 1, Diff: 1, Sum: 1, Workers: 8
[40.624s][debug][gc,phases         ] GC(756)       Claimed Chunks:           Min: 0, Avg:  0.1, Max: 1, Diff: 1, Sum: 1, Workers: 8
[40.624s][debug][gc,phases         ] GC(756)     Code Root Scan (ms):      Min:  0.0, Avg:  0.0, Max:  0.0, Diff:  0.0, Sum:  0.2, Workers: 8
[40.624s][debug][gc,phases         ] GC(756)     Object Copy (ms):         Min:  0.0, Avg:  0.0, Max:  0.0, Diff:  0.0, Sum:  0.0, Workers: 8
[40.624s][debug][gc,phases         ] GC(756)     Termination (ms):         Min:  0.0, Avg:  0.1, Max:  0.1, Diff:  0.0, Sum:  0.5, Workers: 8
[40.624s][debug][gc,phases         ] GC(756)       Termination Attempts:     Min: 1, Avg:  1.0, Max: 1, Diff: 0, Sum: 8, Workers: 8
[40.624s][debug][gc,phases         ] GC(756)     GC Worker Other (ms):     Min:  0.0, Avg:  0.0, Max:  0.1, Diff:  0.0, Sum:  0.3, Workers: 8
[40.624s][debug][gc,phases         ] GC(756)     GC Worker Total (ms):     Min:  0.4, Avg:  0.4, Max:  0.4, Diff:  0.1, Sum:  3.2, Workers: 8
[40.624s][info ][gc,phases         ] GC(756)   Post Evacuate Collection Set: 0.6ms
[40.624s][debug][gc,phases         ] GC(756)     Code Roots Fixup: 0.0ms
[40.624s][debug][gc,phases         ] GC(756)     Clear Card Table: 0.2ms
[40.624s][debug][gc,phases         ] GC(756)     Reference Processing: 0.0ms
[40.624s][debug][gc,phases,ref     ] GC(756)       Reconsider SoftReferences: 0.0ms
[40.624s][debug][gc,phases,ref     ] GC(756)         SoftRef (ms):             skipped
[40.624s][debug][gc,phases,ref     ] GC(756)       Notify Soft/WeakReferences: 0.0ms
[40.624s][debug][gc,phases,ref     ] GC(756)         SoftRef (ms):             skipped
[40.624s][debug][gc,phases,ref     ] GC(756)         WeakRef (ms):             skipped
[40.624s][debug][gc,phases,ref     ] GC(756)         FinalRef (ms):            skipped
[40.624s][debug][gc,phases,ref     ] GC(756)         Total (ms):               skipped
[40.624s][debug][gc,phases,ref     ] GC(756)       Notify and keep alive finalizable: 0.0ms
[40.624s][debug][gc,phases,ref     ] GC(756)         FinalRef (ms):            skipped
[40.624s][debug][gc,phases,ref     ] GC(756)       Notify PhantomReferences: 0.0ms
[40.624s][debug][gc,phases,ref     ] GC(756)         PhantomRef (ms):          skipped
[40.624s][debug][gc,phases,ref     ] GC(756)       SoftReference:
[40.625s][debug][gc,phases,ref     ] GC(756)         Discovered: 0
[40.625s][debug][gc,phases,ref     ] GC(756)         Cleared: 0
[40.625s][debug][gc,phases,ref     ] GC(756)       WeakReference:
[40.625s][debug][gc,phases,ref     ] GC(756)         Discovered: 0
[40.625s][debug][gc,phases,ref     ] GC(756)         Cleared: 0
[40.625s][debug][gc,phases,ref     ] GC(756)       FinalReference:
[40.625s][debug][gc,phases,ref     ] GC(756)         Discovered: 0
[40.625s][debug][gc,phases,ref     ] GC(756)         Cleared: 0
[40.625s][debug][gc,phases,ref     ] GC(756)       PhantomReference:
[40.625s][debug][gc,phases,ref     ] GC(756)         Discovered: 0
[40.625s][debug][gc,phases,ref     ] GC(756)         Cleared: 0
[40.625s][debug][gc,phases         ] GC(756)     Weak Processing: 0.1ms
[40.625s][debug][gc,phases         ] GC(756)       JVMTI weak processing: 0.0ms
[40.625s][debug][gc,phases         ] GC(756)         Dead: 0
[40.625s][debug][gc,phases         ] GC(756)         Total: 0
[40.625s][debug][gc,phases         ] GC(756)       JFR weak processing: 0.0ms
[40.625s][debug][gc,phases         ] GC(756)         Dead: 0
[40.625s][debug][gc,phases         ] GC(756)         Total: 0
[40.625s][debug][gc,phases         ] GC(756)       JNI weak                  Min:  0.0, Avg:  0.0, Max:  0.0, Diff:  0.0, Sum:  0.0, Workers: 5
[40.625s][debug][gc,phases         ] GC(756)         Dead                      Min: 0, Avg:  0.0, Max: 0, Diff: 0, Sum: 0, Workers: 5
[40.625s][debug][gc,phases         ] GC(756)         Total                     Min: 0, Avg: 13.4, Max: 67, Diff: 67, Sum: 67, Workers: 5
[40.625s][debug][gc,phases         ] GC(756)       VM weak                   Min:  0.0, Avg:  0.0, Max:  0.0, Diff:  0.0, Sum:  0.0, Workers: 5
[40.625s][debug][gc,phases         ] GC(756)         Dead                      Min: 0, Avg:  0.0, Max: 0, Diff: 0, Sum: 0, Workers: 5
[40.625s][debug][gc,phases         ] GC(756)         Total                     Min: 0, Avg: 45.2, Max: 226, Diff: 226, Sum: 226, Workers: 5
[40.625s][debug][gc,phases         ] GC(756)       StringTable weak          Min:  0.0, Avg:  0.0, Max:  0.0, Diff:  0.0, Sum:  0.0, Workers: 5
[40.625s][debug][gc,phases         ] GC(756)         Dead                      Min: 0, Avg:  0.0, Max: 0, Diff: 0, Sum: 0, Workers: 5
[40.625s][debug][gc,phases         ] GC(756)         Total                     Min: 0, Avg: 682.8, Max: 2303, Diff: 2303, Sum: 3414, Workers: 5
[40.625s][debug][gc,phases         ] GC(756)       ResolvedMethodTable weak  Min:  0.0, Avg:  0.0, Max:  0.0, Diff:  0.0, Sum:  0.0, Workers: 5
[40.625s][debug][gc,phases         ] GC(756)         Dead                      Min: 0, Avg:  0.0, Max: 0, Diff: 0, Sum: 0, Workers: 5
[40.625s][debug][gc,phases         ] GC(756)         Total                     Min: 0, Avg: 120.2, Max: 217, Diff: 217, Sum: 601, Workers: 5
[40.625s][debug][gc,phases         ] GC(756)     Merge Per-Thread State: 0.0ms
[40.625s][debug][gc,phases         ] GC(756)       Copied Bytes              Min: 72, Avg: 450322.0, Max: 800320, Diff: 800248, Sum: 3602576, Workers: 8
[40.625s][debug][gc,phases         ] GC(756)       LAB Waste                 Min: 0, Avg:  0.0, Max: 0, Diff: 0, Sum: 0, Workers: 8
[40.625s][debug][gc,phases         ] GC(756)       LAB Undo Waste            Min: 0, Avg:  0.0, Max: 0, Diff: 0, Sum: 0, Workers: 8
[40.625s][debug][gc,phases         ] GC(756)     Code Roots Purge: 0.0ms
[40.625s][debug][gc,phases         ] GC(756)     Redirty Cards: 0.0ms
[40.625s][debug][gc,phases         ] GC(756)     DerivedPointerTable Update: 0.0ms
[40.625s][debug][gc,phases         ] GC(756)     Free Collection Set: 0.2ms
[40.625s][debug][gc,phases         ] GC(756)     Rebuild Free List: 0.1ms
[40.625s][debug][gc,phases         ] GC(756)     Humongous Reclaim: 0.0ms
[40.625s][debug][gc,phases         ] GC(756)     Start New Collection Set: 0.0ms
[40.625s][debug][gc,phases         ] GC(756)     Resize TLABs: 0.0ms
[40.625s][debug][gc,phases         ] GC(756)     Expand Heap After Collection: 0.0ms
[40.625s][info ][gc,phases         ] GC(756)   Other: 0.3ms
[40.625s][info ][gc,heap           ] GC(756) Eden regions: 866->0(865)
[40.625s][info ][gc,heap           ] GC(756) Survivor regions: 4->5(109)
[40.625s][info ][gc,heap           ] GC(756) Old regions: 17->17
[40.625s][info ][gc,heap           ] GC(756) Archive regions: 2->2
[40.625s][info ][gc,heap           ] GC(756) Humongous regions: 0->0
[40.625s][info ][gc,metaspace      ] GC(756) Metaspace: 10130K(10624K)->10130K(10624K) NonClass: 8932K(9216K)->8932K(9216K) Class: 1198K(1408K)->1198K(1408K)
[40.625s][debug][gc,heap           ] GC(756) Heap after GC invocations=757 (full 1): garbage-first heap   total 1484800K, used 22236K [0x0000000700000000, 0x0000000800000000)
[40.625s][debug][gc,heap           ] GC(756)   region size 1024K, 5 young (5120K), 5 survivors (5120K)
[40.625s][debug][gc,heap           ] GC(756)  Metaspace       used 10130K, capacity 10468K, committed 10624K, reserved 1058816K
[40.625s][debug][gc,heap           ] GC(756)   class space    used 1198K, capacity 1344K, committed 1408K, reserved 1048576K
[40.625s][info ][gc                ] GC(756) Pause Young (Normal) (G1 Evacuation Pause) 886M->21M(1450M) 2.116ms
[40.625s][info ][gc,cpu            ] GC(756) User=0.01s Sys=0.00s Real=0.00s
[40.625s][info ][safepoint         ] Safepoint "G1CollectForAllocation", Time since last: 41368244 ns, Reaching safepoint: 120133 ns, At safepoint: 2347785 ns, Total: 2467918 ns
[40.667s][debug][gc,heap           ] GC(757) Heap before GC invocations=757 (full 1): garbage-first heap   total 1484800K, used 906972K [0x0000000700000000, 0x0000000800000000)
[40.667s][debug][gc,heap           ] GC(757)   region size 1024K, 870 young (890880K), 5 survivors (5120K)
[40.667s][debug][gc,heap           ] GC(757)  Metaspace       used 10130K, capacity 10468K, committed 10624K, reserved 1058816K
[40.667s][debug][gc,heap           ] GC(757)   class space    used 1198K, capacity 1344K, committed 1408K, reserved 1048576K
[40.667s][info ][gc,start          ] GC(757) Pause Young (Normal) (G1 Evacuation Pause)
[40.667s][info ][gc,task           ] GC(757) Using 8 workers of 8 for evacuation
[40.667s][debug][gc,tlab           ] GC(757) TLAB totals: thrds: 8  refills: 12 max: 2 slow allocs: 1723 max 243 waste: 29.8% gc: 1088000B max: 217824B slow: 55104B max: 14304B fast: 0B max: 0B
[40.667s][debug][gc,age            ] GC(757) Desired survivor size 57147392 bytes, new threshold 15 (max threshold 15)
[40.667s][debug][gc,alloc,region   ] GC(757) Mutator Allocation stats, regions: 865, wasted size: 202M (23.4%)
[40.667s][debug][gc,ergo           ] GC(757) Running G1 Merge Heap Roots using 8 workers for 870 regions
[40.667s][debug][gc,remset         ] GC(757) Visited cards 512 Total dirty 4096 (12.50%) Total old 3602432 (0.01%)
[40.667s][debug][gc,ergo           ] GC(757) Running G1 Clear Card Table Task using 2 workers for 2 units of work for 872 regions.
[40.668s][debug][gc,ref            ] GC(757) Skipped phase1 of Reference Processing due to unavailable references
[40.668s][debug][gc,ref            ] GC(757) Skipped phase2 of Reference Processing due to unavailable references
[40.668s][debug][gc,ref            ] GC(757) Skipped phase3 of Reference Processing due to unavailable references
[40.668s][debug][gc,ref            ] GC(757) Skipped phase4 of Reference Processing due to unavailable references
[40.668s][debug][gc,ergo           ] GC(757) Running G1 Free Collection Set using 8 workers for collection set length 870 (1450)
[40.668s][debug][gc,ergo           ] GC(757) Running G1 Rebuild Free List Task using 8 workers for rebuilding free list of 0 (4096) regions
[40.668s][trace][gc,age            ] GC(757) Age table with threshold 15 (max threshold 15)
[40.668s][trace][gc,age            ] GC(757) - age   1:    2002520 bytes,    2002520 total
[40.668s][debug][gc,plab           ] GC(757) Young PLAB allocation: allocated: 16512B, wasted: 0B, unused: 14064B, used: 2448B, undo waste: 0B, 
[40.668s][debug][gc,plab           ] GC(757) Young other allocation: region end waste: 482640B, regions filled: 3, direct allocated: 2000072B, failure used: 0B, failure wasted: 0B
[40.668s][debug][gc,plab           ] GC(757) Young sizing: calculated: 0B, actual: 2064B
[40.668s][debug][gc,plab           ] GC(757) Old PLAB allocation: allocated: 0B, wasted: 0B, unused: 0B, used: 0B, undo waste: 0B, 
[40.668s][debug][gc,plab           ] GC(757) Old other allocation: region end waste: 0B, regions filled: 1, direct allocated: 0B, failure used: 0B, failure wasted: 0B
[40.668s][debug][gc,plab           ] GC(757) Old sizing: calculated: 0B, actual: 2064B
[40.668s][debug][gc,ihop           ] GC(757) Basic information (value update), threshold: 684195840B (45.00), target occupancy: 1520435200B, current occupancy: 20671128B, recent allocation size: 0B, recent allocation duration: 42.60ms, recent old gen allocation rate: 0.00B/s, recent marking phase length: 29.21ms
[40.668s][debug][gc,ihop           ] GC(757) Adaptive IHOP information (value update), threshold: 684195840B (47.37), internal target occupancy: 1444413440B, occupancy: 20671128B, additional buffer size: 912261120B, predicted old gen allocation rate: 0.09B/s, predicted marking phase length: 58.41ms, prediction active: false
[40.668s][debug][gc,ergo,refine    ] GC(757) Concurrent refinement times: Logged Cards Scan time goal: 20.00ms Logged Cards Scan time: 0.00ms HCC time: 0.00ms
[40.668s][debug][gc,ergo,refine    ] GC(757) Updated Refinement Zones: green: 2048, yellow: 6144, red: 10240
[40.668s][info ][gc,phases         ] GC(757)   Pre Evacuate Collection Set: 0.1ms
[40.668s][debug][gc,phases         ] GC(757)     Prepare TLABs: 0.0ms
[40.668s][debug][gc,phases         ] GC(757)     Choose Collection Set: 0.0ms
[40.668s][debug][gc,phases         ] GC(757)     Region Register: 0.1ms
[40.668s][debug][gc,phases         ] GC(757)     Prepare Heap Roots: 0.0ms
[40.668s][info ][gc,phases         ] GC(757)   Merge Heap Roots: 0.1ms
[40.668s][debug][gc,phases         ] GC(757)     Prepare Merge Heap Roots: 0.0ms
[40.668s][debug][gc,phases         ] GC(757)     Eager Reclaim (ms):       skipped
[40.668s][debug][gc,phases         ] GC(757)     Remembered Sets (ms):     Min:  0.0, Avg:  0.0, Max:  0.1, Diff:  0.0, Sum:  0.3, Workers: 8
[40.668s][debug][gc,phases         ] GC(757)       Merged Sparse:            Min: 0, Avg:  0.0, Max: 0, Diff: 0, Sum: 0, Workers: 8
[40.668s][debug][gc,phases         ] GC(757)       Merged Fine:              Min: 0, Avg:  0.0, Max: 0, Diff: 0, Sum: 0, Workers: 8
[40.668s][debug][gc,phases         ] GC(757)       Merged Coarse:            Min: 0, Avg:  0.0, Max: 0, Diff: 0, Sum: 0, Workers: 8
[40.668s][debug][gc,phases         ] GC(757)       Dirty Cards:              Min: 0, Avg:  0.0, Max: 0, Diff: 0, Sum: 0, Workers: 8
[40.668s][debug][gc,phases         ] GC(757)     Hot Card Cache (ms):      Min:  0.0, Avg:  0.0, Max:  0.0, Diff:  0.0, Sum:  0.0, Workers: 8
[40.668s][debug][gc,phases         ] GC(757)       Dirty Cards:              Min: 0, Avg:  0.0, Max: 0, Diff: 0, Sum: 0, Workers: 8
[40.668s][debug][gc,phases         ] GC(757)       Skipped Cards:            Min: 0, Avg:  0.0, Max: 0, Diff: 0, Sum: 0, Workers: 8
[40.668s][debug][gc,phases         ] GC(757)     Log Buffers (ms):         Min:  0.0, Avg:  0.0, Max:  0.0, Diff:  0.0, Sum:  0.0, Workers: 8
[40.668s][debug][gc,phases         ] GC(757)       Dirty Cards:              Min: 0, Avg:  0.2, Max: 2, Diff: 2, Sum: 2, Workers: 8
[40.668s][debug][gc,phases         ] GC(757)       Skipped Cards:            Min: 0, Avg:  0.0, Max: 0, Diff: 0, Sum: 0, Workers: 8
[40.668s][info ][gc,phases         ] GC(757)   Evacuate Collection Set: 0.3ms
[40.668s][debug][gc,phases         ] GC(757)     Ext Root Scanning (ms):   Min:  0.0, Avg:  0.1, Max:  0.2, Diff:  0.2, Sum:  0.9, Workers: 8
[40.668s][debug][gc,phases         ] GC(757)     Scan Heap Roots (ms):     Min:  0.0, Avg:  0.0, Max:  0.0, Diff:  0.0, Sum:  0.0, Workers: 8
[40.668s][debug][gc,phases         ] GC(757)       Scanned Cards:            Min: 0, Avg:  0.2, Max: 1, Diff: 1, Sum: 2, Workers: 8
[40.668s][debug][gc,phases         ] GC(757)       Scanned Blocks:           Min: 0, Avg:  0.2, Max: 1, Diff: 1, Sum: 2, Workers: 8
[40.668s][debug][gc,phases         ] GC(757)       Claimed Chunks:           Min: 0, Avg:  0.2, Max: 1, Diff: 1, Sum: 2, Workers: 8
[40.668s][debug][gc,phases         ] GC(757)     Code Root Scan (ms):      Min:  0.0, Avg:  0.0, Max:  0.0, Diff:  0.0, Sum:  0.2, Workers: 8
[40.668s][debug][gc,phases         ] GC(757)     Object Copy (ms):         Min:  0.0, Avg:  0.0, Max:  0.0, Diff:  0.0, Sum:  0.0, Workers: 8
[40.668s][debug][gc,phases         ] GC(757)     Termination (ms):         Min:  0.0, Avg:  0.0, Max:  0.1, Diff:  0.0, Sum:  0.3, Workers: 8
[40.668s][debug][gc,phases         ] GC(757)       Termination Attempts:     Min: 1, Avg:  1.0, Max: 1, Diff: 0, Sum: 8, Workers: 8
[40.668s][debug][gc,phases         ] GC(757)     GC Worker Other (ms):     Min:  0.0, Avg:  0.0, Max:  0.1, Diff:  0.0, Sum:  0.3, Workers: 8
[40.668s][debug][gc,phases         ] GC(757)     GC Worker Total (ms):     Min:  0.2, Avg:  0.2, Max:  0.3, Diff:  0.1, Sum:  1.7, Workers: 8
[40.668s][info ][gc,phases         ] GC(757)   Post Evacuate Collection Set: 0.6ms
[40.668s][debug][gc,phases         ] GC(757)     Code Roots Fixup: 0.0ms
[40.668s][debug][gc,phases         ] GC(757)     Clear Card Table: 0.2ms
[40.668s][debug][gc,phases         ] GC(757)     Reference Processing: 0.0ms
[40.668s][debug][gc,phases,ref     ] GC(757)       Reconsider SoftReferences: 0.0ms
[40.668s][debug][gc,phases,ref     ] GC(757)         SoftRef (ms):             skipped
[40.668s][debug][gc,phases,ref     ] GC(757)       Notify Soft/WeakReferences: 0.0ms
[40.668s][debug][gc,phases,ref     ] GC(757)         SoftRef (ms):             skipped
[40.668s][debug][gc,phases,ref     ] GC(757)         WeakRef (ms):             skipped
[40.668s][debug][gc,phases,ref     ] GC(757)         FinalRef (ms):            skipped
[40.668s][debug][gc,phases,ref     ] GC(757)         Total (ms):               skipped
[40.668s][debug][gc,phases,ref     ] GC(757)       Notify and keep alive finalizable: 0.0ms
[40.668s][debug][gc,phases,ref     ] GC(757)         FinalRef (ms):            skipped
[40.668s][debug][gc,phases,ref     ] GC(757)       Notify PhantomReferences: 0.0ms
[40.668s][debug][gc,phases,ref     ] GC(757)         PhantomRef (ms):          skipped
[40.668s][debug][gc,phases,ref     ] GC(757)       SoftReference:
[40.668s][debug][gc,phases,ref     ] GC(757)         Discovered: 0
[40.668s][debug][gc,phases,ref     ] GC(757)         Cleared: 0
[40.668s][debug][gc,phases,ref     ] GC(757)       WeakReference:
[40.668s][debug][gc,phases,ref     ] GC(757)         Discovered: 0
[40.668s][debug][gc,phases,ref     ] GC(757)         Cleared: 0
[40.668s][debug][gc,phases,ref     ] GC(757)       FinalReference:
[40.668s][debug][gc,phases,ref     ] GC(757)         Discovered: 0
[40.668s][debug][gc,phases,ref     ] GC(757)         Cleared: 0
[40.668s][debug][gc,phases,ref     ] GC(757)       PhantomReference:
[40.668s][debug][gc,phases,ref     ] GC(757)         Discovered: 0
[40.668s][debug][gc,phases,ref     ] GC(757)         Cleared: 0
[40.668s][debug][gc,phases         ] GC(757)     Weak Processing: 0.0ms
[40.668s][debug][gc,phases         ] GC(757)       JVMTI weak processing: 0.0ms
[40.668s][debug][gc,phases         ] GC(757)         Dead: 0
[40.668s][debug][gc,phases         ] GC(757)         Total: 0
[40.668s][debug][gc,phases         ] GC(757)       JFR weak processing: 0.0ms
[40.668s][debug][gc,phases         ] GC(757)         Dead: 0
[40.668s][debug][gc,phases         ] GC(757)         Total: 0
[40.668s][debug][gc,phases         ] GC(757)       JNI weak                  Min:  0.0, Avg:  0.0, Max:  0.0, Diff:  0.0, Sum:  0.0, Workers: 5
[40.668s][debug][gc,phases         ] GC(757)         Dead                      Min: 0, Avg:  0.0, Max: 0, Diff: 0, Sum: 0, Workers: 5
[40.668s][debug][gc,phases         ] GC(757)         Total                     Min: 0, Avg: 13.4, Max: 64, Diff: 64, Sum: 67, Workers: 5
[40.668s][debug][gc,phases         ] GC(757)       VM weak                   Min:  0.0, Avg:  0.0, Max:  0.0, Diff:  0.0, Sum:  0.0, Workers: 5
[40.669s][debug][gc,phases         ] GC(757)         Dead                      Min: 0, Avg:  0.0, Max: 0, Diff: 0, Sum: 0, Workers: 5
[40.669s][debug][gc,phases         ] GC(757)         Total                     Min: 0, Avg: 45.2, Max: 64, Diff: 64, Sum: 226, Workers: 5
[40.669s][debug][gc,phases         ] GC(757)       StringTable weak          Min:  0.0, Avg:  0.0, Max:  0.0, Diff:  0.0, Sum:  0.1, Workers: 5
[40.669s][debug][gc,phases         ] GC(757)         Dead                      Min: 0, Avg:  0.0, Max: 0, Diff: 0, Sum: 0, Workers: 5
[40.669s][debug][gc,phases         ] GC(757)         Total                     Min: 599, Avg: 682.8, Max: 768, Diff: 169, Sum: 3414, Workers: 5
[40.669s][debug][gc,phases         ] GC(757)       ResolvedMethodTable weak  Min:  0.0, Avg:  0.0, Max:  0.0, Diff:  0.0, Sum:  0.0, Workers: 5
[40.669s][debug][gc,phases         ] GC(757)         Dead                      Min: 0, Avg:  0.0, Max: 0, Diff: 0, Sum: 0, Workers: 5
[40.669s][debug][gc,phases         ] GC(757)         Total                     Min: 25, Avg: 120.2, Max: 192, Diff: 167, Sum: 601, Workers: 5
[40.669s][debug][gc,phases         ] GC(757)     Merge Per-Thread State: 0.0ms
[40.669s][debug][gc,phases         ] GC(757)       Copied Bytes              Min: 72, Avg: 250315.0, Max: 800096, Diff: 800024, Sum: 2002520, Workers: 8
[40.669s][debug][gc,phases         ] GC(757)       LAB Waste                 Min: 0, Avg:  0.0, Max: 0, Diff: 0, Sum: 0, Workers: 8
[40.669s][debug][gc,phases         ] GC(757)       LAB Undo Waste            Min: 0, Avg:  0.0, Max: 0, Diff: 0, Sum: 0, Workers: 8
[40.669s][debug][gc,phases         ] GC(757)     Code Roots Purge: 0.0ms
[40.669s][debug][gc,phases         ] GC(757)     Redirty Cards: 0.0ms
[40.669s][debug][gc,phases         ] GC(757)     DerivedPointerTable Update: 0.0ms
[40.669s][debug][gc,phases         ] GC(757)     Free Collection Set: 0.2ms
[40.669s][debug][gc,phases         ] GC(757)     Rebuild Free List: 0.0ms
[40.669s][debug][gc,phases         ] GC(757)     Humongous Reclaim: 0.0ms
[40.669s][debug][gc,phases         ] GC(757)     Start New Collection Set: 0.0ms
[40.669s][debug][gc,phases         ] GC(757)     Resize TLABs: 0.0ms
[40.669s][debug][gc,phases         ] GC(757)     Expand Heap After Collection: 0.0ms
[40.669s][info ][gc,phases         ] GC(757)   Other: 0.3ms
[40.669s][info ][gc,heap           ] GC(757) Eden regions: 865->0(867)
[40.669s][info ][gc,heap           ] GC(757) Survivor regions: 5->3(109)
[40.669s][info ][gc,heap           ] GC(757) Old regions: 17->17
[40.669s][info ][gc,heap           ] GC(757) Archive regions: 2->2
[40.669s][info ][gc,heap           ] GC(757) Humongous regions: 0->0
[40.669s][info ][gc,metaspace      ] GC(757) Metaspace: 10130K(10624K)->10130K(10624K) NonClass: 8932K(9216K)->8932K(9216K) Class: 1198K(1408K)->1198K(1408K)
[40.669s][debug][gc,heap           ] GC(757) Heap after GC invocations=758 (full 1): garbage-first heap   total 1484800K, used 20186K [0x0000000700000000, 0x0000000800000000)
[40.669s][debug][gc,heap           ] GC(757)   region size 1024K, 3 young (3072K), 3 survivors (3072K)
[40.669s][debug][gc,heap           ] GC(757)  Metaspace       used 10130K, capacity 10468K, committed 10624K, reserved 1058816K
[40.669s][debug][gc,heap           ] GC(757)   class space    used 1198K, capacity 1344K, committed 1408K, reserved 1048576K
[40.669s][info ][gc                ] GC(757) Pause Young (Normal) (G1 Evacuation Pause) 886M->19M(1450M) 1.968ms
[40.669s][info ][gc,cpu            ] GC(757) User=0.00s Sys=0.00s Real=0.00s
[40.669s][info ][safepoint         ] Safepoint "G1CollectForAllocation", Time since last: 41590236 ns, Reaching safepoint: 122418 ns, At safepoint: 2190927 ns, Total: 2313345 ns
[40.712s][debug][gc,heap           ] GC(758) Heap before GC invocations=758 (full 1): garbage-first heap   total 1484800K, used 906970K [0x0000000700000000, 0x0000000800000000)
[40.712s][debug][gc,heap           ] GC(758)   region size 1024K, 870 young (890880K), 3 survivors (3072K)
[40.712s][debug][gc,heap           ] GC(758)  Metaspace       used 10130K, capacity 10468K, committed 10624K, reserved 1058816K
[40.712s][debug][gc,heap           ] GC(758)   class space    used 1198K, capacity 1344K, committed 1408K, reserved 1048576K
[40.713s][info ][gc,start          ] GC(758) Pause Young (Normal) (G1 Evacuation Pause)
[40.713s][info ][gc,task           ] GC(758) Using 8 workers of 8 for evacuation
[40.713s][debug][gc,tlab           ] GC(758) TLAB totals: thrds: 8  refills: 13 max: 3 slow allocs: 1728 max 234 waste: 40.1% gc: 1225416B max: 224544B slow: 44496B max: 15096B fast: 0B max: 0B
[40.713s][debug][gc,age            ] GC(758) Desired survivor size 57147392 bytes, new threshold 15 (max threshold 15)
[40.713s][debug][gc,alloc,region   ] GC(758) Mutator Allocation stats, regions: 867, wasted size: 203M (23.4%)
[40.713s][debug][gc,ergo           ] GC(758) Running G1 Merge Heap Roots using 8 workers for 870 regions
[40.713s][debug][gc,remset         ] GC(758) Visited cards 256 Total dirty 2048 (12.50%) Total old 3602432 (0.01%)
[40.713s][debug][gc,ergo           ] GC(758) Running G1 Clear Card Table Task using 2 workers for 2 units of work for 871 regions.
[40.713s][debug][gc,ref            ] GC(758) Skipped phase1 of Reference Processing due to unavailable references
[40.713s][debug][gc,ref            ] GC(758) Skipped phase2 of Reference Processing due to unavailable references
[40.713s][debug][gc,ref            ] GC(758) Skipped phase3 of Reference Processing due to unavailable references
[40.714s][debug][gc,ref            ] GC(758) Skipped phase4 of Reference Processing due to unavailable references
[40.714s][debug][gc,ergo           ] GC(758) Running G1 Free Collection Set using 8 workers for collection set length 870 (1450)
[40.714s][debug][gc,ergo           ] GC(758) Running G1 Rebuild Free List Task using 8 workers for rebuilding free list of 0 (4096) regions
[40.714s][trace][gc,age            ] GC(758) Age table with threshold 15 (max threshold 15)
[40.714s][trace][gc,age            ] GC(758) - age   1:    2802560 bytes,    2802560 total
[40.714s][debug][gc,plab           ] GC(758) Young PLAB allocation: allocated: 16512B, wasted: 0B, unused: 14064B, used: 2448B, undo waste: 0B, 
[40.714s][debug][gc,plab           ] GC(758) Young other allocation: region end waste: 729120B, regions filled: 4, direct allocated: 2800112B, failure used: 0B, failure wasted: 0B
[40.714s][debug][gc,plab           ] GC(758) Young sizing: calculated: 0B, actual: 2064B
[40.714s][debug][gc,plab           ] GC(758) Old PLAB allocation: allocated: 0B, wasted: 0B, unused: 0B, used: 0B, undo waste: 0B, 
[40.714s][debug][gc,plab           ] GC(758) Old other allocation: region end waste: 0B, regions filled: 1, direct allocated: 0B, failure used: 0B, failure wasted: 0B
[40.714s][debug][gc,plab           ] GC(758) Old sizing: calculated: 0B, actual: 2064B
[40.714s][debug][gc,ihop           ] GC(758) Basic information (value update), threshold: 684195840B (45.00), target occupancy: 1520435200B, current occupancy: 21717648B, recent allocation size: 0B, recent allocation duration: 44.52ms, recent old gen allocation rate: 0.00B/s, recent marking phase length: 29.21ms
[40.714s][debug][gc,ihop           ] GC(758) Adaptive IHOP information (value update), threshold: 684195840B (47.37), internal target occupancy: 1444413440B, occupancy: 21717648B, additional buffer size: 912261120B, predicted old gen allocation rate: 0.09B/s, predicted marking phase length: 58.41ms, prediction active: false
[40.714s][debug][gc,ergo,refine    ] GC(758) Concurrent refinement times: Logged Cards Scan time goal: 20.00ms Logged Cards Scan time: 0.00ms HCC time: 0.00ms
[40.714s][debug][gc,ergo,refine    ] GC(758) Updated Refinement Zones: green: 2048, yellow: 6144, red: 10240
[40.714s][info ][gc,phases         ] GC(758)   Pre Evacuate Collection Set: 0.1ms
[40.714s][debug][gc,phases         ] GC(758)     Prepare TLABs: 0.0ms
[40.714s][debug][gc,phases         ] GC(758)     Choose Collection Set: 0.0ms
[40.714s][debug][gc,phases         ] GC(758)     Region Register: 0.1ms
[40.714s][debug][gc,phases         ] GC(758)     Prepare Heap Roots: 0.0ms
[40.714s][info ][gc,phases         ] GC(758)   Merge Heap Roots: 0.1ms
[40.714s][debug][gc,phases         ] GC(758)     Prepare Merge Heap Roots: 0.0ms
[40.714s][debug][gc,phases         ] GC(758)     Eager Reclaim (ms):       skipped
[40.714s][debug][gc,phases         ] GC(758)     Remembered Sets (ms):     Min:  0.0, Avg:  0.0, Max:  0.1, Diff:  0.0, Sum:  0.3, Workers: 8
[40.714s][debug][gc,phases         ] GC(758)       Merged Sparse:            Min: 0, Avg:  0.0, Max: 0, Diff: 0, Sum: 0, Workers: 8
[40.714s][debug][gc,phases         ] GC(758)       Merged Fine:              Min: 0, Avg:  0.0, Max: 0, Diff: 0, Sum: 0, Workers: 8
[40.714s][debug][gc,phases         ] GC(758)       Merged Coarse:            Min: 0, Avg:  0.0, Max: 0, Diff: 0, Sum: 0, Workers: 8
[40.714s][debug][gc,phases         ] GC(758)       Dirty Cards:              Min: 0, Avg:  0.0, Max: 0, Diff: 0, Sum: 0, Workers: 8
[40.714s][debug][gc,phases         ] GC(758)     Hot Card Cache (ms):      Min:  0.0, Avg:  0.0, Max:  0.0, Diff:  0.0, Sum:  0.0, Workers: 8
[40.714s][debug][gc,phases         ] GC(758)       Dirty Cards:              Min: 0, Avg:  0.0, Max: 0, Diff: 0, Sum: 0, Workers: 8
[40.714s][debug][gc,phases         ] GC(758)       Skipped Cards:            Min: 0, Avg:  0.0, Max: 0, Diff: 0, Sum: 0, Workers: 8
[40.714s][debug][gc,phases         ] GC(758)     Log Buffers (ms):         Min:  0.0, Avg:  0.0, Max:  0.0, Diff:  0.0, Sum:  0.0, Workers: 8
[40.714s][debug][gc,phases         ] GC(758)       Dirty Cards:              Min: 0, Avg:  0.1, Max: 1, Diff: 1, Sum: 1, Workers: 8
[40.714s][debug][gc,phases         ] GC(758)       Skipped Cards:            Min: 0, Avg:  0.0, Max: 0, Diff: 0, Sum: 0, Workers: 8
[40.714s][info ][gc,phases         ] GC(758)   Evacuate Collection Set: 0.4ms
[40.714s][debug][gc,phases         ] GC(758)     Ext Root Scanning (ms):   Min:  0.2, Avg:  0.2, Max:  0.3, Diff:  0.1, Sum:  1.8, Workers: 8
[40.714s][debug][gc,phases         ] GC(758)     Scan Heap Roots (ms):     Min:  0.0, Avg:  0.0, Max:  0.0, Diff:  0.0, Sum:  0.0, Workers: 8
[40.714s][debug][gc,phases         ] GC(758)       Scanned Cards:            Min: 0, Avg:  0.1, Max: 1, Diff: 1, Sum: 1, Workers: 8
[40.714s][debug][gc,phases         ] GC(758)       Scanned Blocks:           Min: 0, Avg:  0.1, Max: 1, Diff: 1, Sum: 1, Workers: 8
[40.714s][debug][gc,phases         ] GC(758)       Claimed Chunks:           Min: 0, Avg:  0.1, Max: 1, Diff: 1, Sum: 1, Workers: 8
[40.714s][debug][gc,phases         ] GC(758)     Code Root Scan (ms):      Min:  0.0, Avg:  0.0, Max:  0.0, Diff:  0.0, Sum:  0.2, Workers: 8
[40.714s][debug][gc,phases         ] GC(758)     Object Copy (ms):         Min:  0.0, Avg:  0.0, Max:  0.0, Diff:  0.0, Sum:  0.0, Workers: 8
[40.714s][debug][gc,phases         ] GC(758)     Termination (ms):         Min:  0.1, Avg:  0.1, Max:  0.1, Diff:  0.0, Sum:  0.6, Workers: 8
[40.714s][debug][gc,phases         ] GC(758)       Termination Attempts:     Min: 1, Avg:  1.0, Max: 1, Diff: 0, Sum: 8, Workers: 8
[40.714s][debug][gc,phases         ] GC(758)     GC Worker Other (ms):     Min:  0.0, Avg:  0.0, Max:  0.1, Diff:  0.0, Sum:  0.4, Workers: 8
[40.714s][debug][gc,phases         ] GC(758)     GC Worker Total (ms):     Min:  0.3, Avg:  0.4, Max:  0.4, Diff:  0.1, Sum:  3.0, Workers: 8
[40.714s][info ][gc,phases         ] GC(758)   Post Evacuate Collection Set: 0.5ms
[40.714s][debug][gc,phases         ] GC(758)     Code Roots Fixup: 0.0ms
[40.714s][debug][gc,phases         ] GC(758)     Clear Card Table: 0.2ms
[40.714s][debug][gc,phases         ] GC(758)     Reference Processing: 0.0ms
[40.714s][debug][gc,phases,ref     ] GC(758)       Reconsider SoftReferences: 0.0ms
[40.714s][debug][gc,phases,ref     ] GC(758)         SoftRef (ms):             skipped
[40.714s][debug][gc,phases,ref     ] GC(758)       Notify Soft/WeakReferences: 0.0ms
[40.714s][debug][gc,phases,ref     ] GC(758)         SoftRef (ms):             skipped
[40.715s][debug][gc,phases,ref     ] GC(758)         WeakRef (ms):             skipped
[40.715s][debug][gc,phases,ref     ] GC(758)         FinalRef (ms):            skipped
[40.715s][debug][gc,phases,ref     ] GC(758)         Total (ms):               skipped
[40.715s][debug][gc,phases,ref     ] GC(758)       Notify and keep alive finalizable: 0.0ms
[40.715s][debug][gc,phases,ref     ] GC(758)         FinalRef (ms):            skipped
[40.715s][debug][gc,phases,ref     ] GC(758)       Notify PhantomReferences: 0.0ms
[40.715s][debug][gc,phases,ref     ] GC(758)         PhantomRef (ms):          skipped
[40.715s][debug][gc,phases,ref     ] GC(758)       SoftReference:
[40.715s][debug][gc,phases,ref     ] GC(758)         Discovered: 0
[40.715s][debug][gc,phases,ref     ] GC(758)         Cleared: 0
[40.715s][debug][gc,phases,ref     ] GC(758)       WeakReference:
[40.715s][debug][gc,phases,ref     ] GC(758)         Discovered: 0
[40.715s][debug][gc,phases,ref     ] GC(758)         Cleared: 0
[40.715s][debug][gc,phases,ref     ] GC(758)       FinalReference:
[40.715s][debug][gc,phases,ref     ] GC(758)         Discovered: 0
[40.715s][debug][gc,phases,ref     ] GC(758)         Cleared: 0
[40.715s][debug][gc,phases,ref     ] GC(758)       PhantomReference:
[40.715s][debug][gc,phases,ref     ] GC(758)         Discovered: 0
[40.715s][debug][gc,phases,ref     ] GC(758)         Cleared: 0
[40.715s][debug][gc,phases         ] GC(758)     Weak Processing: 0.0ms
[40.715s][debug][gc,phases         ] GC(758)       JVMTI weak processing: 0.0ms
[40.715s][debug][gc,phases         ] GC(758)         Dead: 0
[40.715s][debug][gc,phases         ] GC(758)         Total: 0
[40.715s][debug][gc,phases         ] GC(758)       JFR weak processing: 0.0ms
[40.715s][debug][gc,phases         ] GC(758)         Dead: 0
[40.715s][debug][gc,phases         ] GC(758)         Total: 0
[40.715s][debug][gc,phases         ] GC(758)       JNI weak                  Min:  0.0, Avg:  0.0, Max:  0.0, Diff:  0.0, Sum:  0.0, Workers: 5
[40.715s][debug][gc,phases         ] GC(758)         Dead                      Min: 0, Avg:  0.0, Max: 0, Diff: 0, Sum: 0, Workers: 5
[40.715s][debug][gc,phases         ] GC(758)         Total                     Min: 0, Avg: 13.4, Max: 64, Diff: 64, Sum: 67, Workers: 5
[40.715s][debug][gc,phases         ] GC(758)       VM weak                   Min:  0.0, Avg:  0.0, Max:  0.0, Diff:  0.0, Sum:  0.0, Workers: 5
[40.715s][debug][gc,phases         ] GC(758)         Dead                      Min: 0, Avg:  0.0, Max: 0, Diff: 0, Sum: 0, Workers: 5
[40.715s][debug][gc,phases         ] GC(758)         Total                     Min: 0, Avg: 45.2, Max: 98, Diff: 98, Sum: 226, Workers: 5
[40.715s][debug][gc,phases         ] GC(758)       StringTable weak          Min:  0.0, Avg:  0.0, Max:  0.0, Diff:  0.0, Sum:  0.0, Workers: 5
[40.715s][debug][gc,phases         ] GC(758)         Dead                      Min: 0, Avg:  0.0, Max: 0, Diff: 0, Sum: 0, Workers: 5
[40.715s][debug][gc,phases         ] GC(758)         Total                     Min: 640, Avg: 682.8, Max: 727, Diff: 87, Sum: 3414, Workers: 5
[40.715s][debug][gc,phases         ] GC(758)       ResolvedMethodTable weak  Min:  0.0, Avg:  0.0, Max:  0.0, Diff:  0.0, Sum:  0.0, Workers: 5
[40.715s][debug][gc,phases         ] GC(758)         Dead                      Min: 0, Avg:  0.0, Max: 0, Diff: 0, Sum: 0, Workers: 5
[40.715s][debug][gc,phases         ] GC(758)         Total                     Min: 64, Avg: 120.2, Max: 192, Diff: 128, Sum: 601, Workers: 5
[40.715s][debug][gc,phases         ] GC(758)     Merge Per-Thread State: 0.0ms
[40.715s][debug][gc,phases         ] GC(758)       Copied Bytes              Min: 376, Avg: 350320.0, Max: 400936, Diff: 400560, Sum: 2802560, Workers: 8
[40.715s][debug][gc,phases         ] GC(758)       LAB Waste                 Min: 0, Avg:  0.0, Max: 0, Diff: 0, Sum: 0, Workers: 8
[40.715s][debug][gc,phases         ] GC(758)       LAB Undo Waste            Min: 0, Avg:  0.0, Max: 0, Diff: 0, Sum: 0, Workers: 8
[40.715s][debug][gc,phases         ] GC(758)     Code Roots Purge: 0.0ms
[40.715s][debug][gc,phases         ] GC(758)     Redirty Cards: 0.0ms
[40.715s][debug][gc,phases         ] GC(758)     DerivedPointerTable Update: 0.0ms
[40.715s][debug][gc,phases         ] GC(758)     Free Collection Set: 0.2ms
[40.715s][debug][gc,phases         ] GC(758)     Rebuild Free List: 0.1ms
[40.715s][debug][gc,phases         ] GC(758)     Humongous Reclaim: 0.0ms
[40.715s][debug][gc,phases         ] GC(758)     Start New Collection Set: 0.0ms
[40.715s][debug][gc,phases         ] GC(758)     Resize TLABs: 0.0ms
[40.715s][debug][gc,phases         ] GC(758)     Expand Heap After Collection: 0.0ms
[40.715s][info ][gc,phases         ] GC(758)   Other: 0.5ms
[40.715s][info ][gc,heap           ] GC(758) Eden regions: 867->0(866)
[40.715s][info ][gc,heap           ] GC(758) Survivor regions: 3->4(109)
[40.715s][info ][gc,heap           ] GC(758) Old regions: 17->17
[40.715s][info ][gc,heap           ] GC(758) Archive regions: 2->2
[40.715s][info ][gc,heap           ] GC(758) Humongous regions: 0->0
[40.715s][info ][gc,metaspace      ] GC(758) Metaspace: 10130K(10624K)->10130K(10624K) NonClass: 8932K(9216K)->8932K(9216K) Class: 1198K(1408K)->1198K(1408K)
[40.715s][debug][gc,heap           ] GC(758) Heap after GC invocations=759 (full 1): garbage-first heap   total 1484800K, used 21208K [0x0000000700000000, 0x0000000800000000)
[40.715s][debug][gc,heap           ] GC(758)   region size 1024K, 4 young (4096K), 4 survivors (4096K)
[40.715s][debug][gc,heap           ] GC(758)  Metaspace       used 10130K, capacity 10468K, committed 10624K, reserved 1058816K
[40.715s][debug][gc,heap           ] GC(758)   class space    used 1198K, capacity 1344K, committed 1408K, reserved 1048576K
[40.715s][info ][gc                ] GC(758) Pause Young (Normal) (G1 Evacuation Pause) 886M->20M(1450M) 2.697ms
[40.715s][info ][gc,cpu            ] GC(758) User=0.01s Sys=0.00s Real=0.01s
[40.715s][info ][safepoint         ] Safepoint "G1CollectForAllocation", Time since last: 43314580 ns, Reaching safepoint: 216597 ns, At safepoint: 2963162 ns, Total: 3179759 ns
[40.760s][debug][gc,heap           ] GC(759) Heap before GC invocations=759 (full 1): garbage-first heap   total 1484800K, used 906968K [0x0000000700000000, 0x0000000800000000)
[40.760s][debug][gc,heap           ] GC(759)   region size 1024K, 870 young (890880K), 4 survivors (4096K)
[40.760s][debug][gc,heap           ] GC(759)  Metaspace       used 10130K, capacity 10468K, committed 10624K, reserved 1058816K
[40.760s][debug][gc,heap           ] GC(759)   class space    used 1198K, capacity 1344K, committed 1408K, reserved 1048576K
[40.760s][info ][gc,start          ] GC(759) Pause Young (Normal) (G1 Evacuation Pause)
[40.760s][info ][gc,task           ] GC(759) Using 8 workers of 8 for evacuation
[40.760s][debug][gc,tlab           ] GC(759) TLAB totals: thrds: 8  refills: 14 max: 3 slow allocs: 1722 max 235 waste: 22.7% gc: 1071616B max: 227936B slow: 71616B max: 15576B fast: 0B max: 0B
[40.760s][debug][gc,age            ] GC(759) Desired survivor size 57147392 bytes, new threshold 15 (max threshold 15)
[40.760s][debug][gc,alloc,region   ] GC(759) Mutator Allocation stats, regions: 866, wasted size: 202M (23.4%)
[40.760s][debug][gc,ergo           ] GC(759) Running G1 Merge Heap Roots using 8 workers for 870 regions
[40.761s][debug][gc,remset         ] GC(759) Visited cards 512 Total dirty 4096 (12.50%) Total old 3602432 (0.01%)
[40.761s][debug][gc,ergo           ] GC(759) Running G1 Clear Card Table Task using 2 workers for 2 units of work for 872 regions.
[40.761s][debug][gc,ref            ] GC(759) Skipped phase1 of Reference Processing due to unavailable references
[40.761s][debug][gc,ref            ] GC(759) Skipped phase2 of Reference Processing due to unavailable references
[40.761s][debug][gc,ref            ] GC(759) Skipped phase3 of Reference Processing due to unavailable references
[40.761s][debug][gc,ref            ] GC(759) Skipped phase4 of Reference Processing due to unavailable references
[40.761s][debug][gc,ergo           ] GC(759) Running G1 Free Collection Set using 8 workers for collection set length 870 (1450)
[40.762s][debug][gc,ergo           ] GC(759) Running G1 Rebuild Free List Task using 8 workers for rebuilding free list of 0 (4096) regions
[40.762s][trace][gc,age            ] GC(759) Age table with threshold 15 (max threshold 15)
[40.762s][trace][gc,age            ] GC(759) - age   1:    3602568 bytes,    3602568 total
[40.762s][debug][gc,plab           ] GC(759) Young PLAB allocation: allocated: 16512B, wasted: 0B, unused: 14064B, used: 2448B, undo waste: 0B, 
[40.762s][debug][gc,plab           ] GC(759) Young other allocation: region end waste: 983872B, regions filled: 5, direct allocated: 3600120B, failure used: 0B, failure wasted: 0B
[40.762s][debug][gc,plab           ] GC(759) Young sizing: calculated: 0B, actual: 2064B
[40.762s][debug][gc,plab           ] GC(759) Old PLAB allocation: allocated: 0B, wasted: 0B, unused: 0B, used: 0B, undo waste: 0B, 
[40.762s][debug][gc,plab           ] GC(759) Old other allocation: region end waste: 0B, regions filled: 1, direct allocated: 0B, failure used: 0B, failure wasted: 0B
[40.762s][debug][gc,plab           ] GC(759) Old sizing: calculated: 0B, actual: 2064B
[40.762s][debug][gc,ihop           ] GC(759) Basic information (value update), threshold: 684195840B (45.00), target occupancy: 1520435200B, current occupancy: 22772408B, recent allocation size: 0B, recent allocation duration: 46.31ms, recent old gen allocation rate: 0.00B/s, recent marking phase length: 29.21ms
[40.762s][debug][gc,ihop           ] GC(759) Adaptive IHOP information (value update), threshold: 684195840B (47.37), internal target occupancy: 1444413440B, occupancy: 22772408B, additional buffer size: 912261120B, predicted old gen allocation rate: 0.09B/s, predicted marking phase length: 58.41ms, prediction active: false
[40.762s][debug][gc,ergo,refine    ] GC(759) Concurrent refinement times: Logged Cards Scan time goal: 20.00ms Logged Cards Scan time: 0.01ms HCC time: 0.00ms
[40.762s][debug][gc,ergo,refine    ] GC(759) Updated Refinement Zones: green: 2048, yellow: 6144, red: 10240
[40.762s][info ][gc,phases         ] GC(759)   Pre Evacuate Collection Set: 0.1ms
[40.762s][debug][gc,phases         ] GC(759)     Prepare TLABs: 0.0ms
[40.762s][debug][gc,phases         ] GC(759)     Choose Collection Set: 0.0ms
[40.762s][debug][gc,phases         ] GC(759)     Region Register: 0.1ms
[40.762s][debug][gc,phases         ] GC(759)     Prepare Heap Roots: 0.0ms
[40.762s][info ][gc,phases         ] GC(759)   Merge Heap Roots: 0.1ms
[40.762s][debug][gc,phases         ] GC(759)     Prepare Merge Heap Roots: 0.0ms
[40.762s][debug][gc,phases         ] GC(759)     Eager Reclaim (ms):       skipped
[40.762s][debug][gc,phases         ] GC(759)     Remembered Sets (ms):     Min:  0.0, Avg:  0.0, Max:  0.1, Diff:  0.0, Sum:  0.3, Workers: 8
[40.762s][debug][gc,phases         ] GC(759)       Merged Sparse:            Min: 0, Avg:  0.0, Max: 0, Diff: 0, Sum: 0, Workers: 8
[40.762s][debug][gc,phases         ] GC(759)       Merged Fine:              Min: 0, Avg:  0.0, Max: 0, Diff: 0, Sum: 0, Workers: 8
[40.762s][debug][gc,phases         ] GC(759)       Merged Coarse:            Min: 0, Avg:  0.0, Max: 0, Diff: 0, Sum: 0, Workers: 8
[40.762s][debug][gc,phases         ] GC(759)       Dirty Cards:              Min: 0, Avg:  0.0, Max: 0, Diff: 0, Sum: 0, Workers: 8
[40.762s][debug][gc,phases         ] GC(759)     Hot Card Cache (ms):      Min:  0.0, Avg:  0.0, Max:  0.0, Diff:  0.0, Sum:  0.0, Workers: 8
[40.762s][debug][gc,phases         ] GC(759)       Dirty Cards:              Min: 0, Avg:  0.0, Max: 0, Diff: 0, Sum: 0, Workers: 8
[40.762s][debug][gc,phases         ] GC(759)       Skipped Cards:            Min: 0, Avg:  0.0, Max: 0, Diff: 0, Sum: 0, Workers: 8
[40.762s][debug][gc,phases         ] GC(759)     Log Buffers (ms):         Min:  0.0, Avg:  0.0, Max:  0.0, Diff:  0.0, Sum:  0.0, Workers: 8
[40.762s][debug][gc,phases         ] GC(759)       Dirty Cards:              Min: 0, Avg:  0.2, Max: 2, Diff: 2, Sum: 2, Workers: 8
[40.762s][debug][gc,phases         ] GC(759)       Skipped Cards:            Min: 0, Avg:  0.0, Max: 0, Diff: 0, Sum: 0, Workers: 8
[40.762s][info ][gc,phases         ] GC(759)   Evacuate Collection Set: 0.4ms
[40.762s][debug][gc,phases         ] GC(759)     Ext Root Scanning (ms):   Min:  0.1, Avg:  0.2, Max:  0.3, Diff:  0.2, Sum:  1.9, Workers: 8
[40.762s][debug][gc,phases         ] GC(759)     Scan Heap Roots (ms):     Min:  0.0, Avg:  0.0, Max:  0.0, Diff:  0.0, Sum:  0.0, Workers: 8
[40.762s][debug][gc,phases         ] GC(759)       Scanned Cards:            Min: 0, Avg:  0.2, Max: 2, Diff: 2, Sum: 2, Workers: 8
[40.762s][debug][gc,phases         ] GC(759)       Scanned Blocks:           Min: 0, Avg:  0.2, Max: 2, Diff: 2, Sum: 2, Workers: 8
[40.762s][debug][gc,phases         ] GC(759)       Claimed Chunks:           Min: 0, Avg:  0.2, Max: 2, Diff: 2, Sum: 2, Workers: 8
[40.762s][debug][gc,phases         ] GC(759)     Code Root Scan (ms):      Min:  0.0, Avg:  0.0, Max:  0.1, Diff:  0.1, Sum:  0.2, Workers: 8
[40.762s][debug][gc,phases         ] GC(759)     Object Copy (ms):         Min:  0.0, Avg:  0.0, Max:  0.0, Diff:  0.0, Sum:  0.0, Workers: 8
[40.762s][debug][gc,phases         ] GC(759)     Termination (ms):         Min:  0.0, Avg:  0.1, Max:  0.1, Diff:  0.1, Sum:  0.6, Workers: 8
[40.762s][debug][gc,phases         ] GC(759)       Termination Attempts:     Min: 1, Avg:  1.1, Max: 2, Diff: 1, Sum: 9, Workers: 8
[40.762s][debug][gc,phases         ] GC(759)     GC Worker Other (ms):     Min:  0.0, Avg:  0.0, Max:  0.1, Diff:  0.1, Sum:  0.3, Workers: 8
[40.762s][debug][gc,phases         ] GC(759)     GC Worker Total (ms):     Min:  0.4, Avg:  0.4, Max:  0.4, Diff:  0.0, Sum:  3.1, Workers: 8
[40.762s][info ][gc,phases         ] GC(759)   Post Evacuate Collection Set: 0.6ms
[40.762s][debug][gc,phases         ] GC(759)     Code Roots Fixup: 0.0ms
[40.762s][debug][gc,phases         ] GC(759)     Clear Card Table: 0.2ms
[40.762s][debug][gc,phases         ] GC(759)     Reference Processing: 0.0ms
[40.762s][debug][gc,phases,ref     ] GC(759)       Reconsider SoftReferences: 0.0ms
[40.762s][debug][gc,phases,ref     ] GC(759)         SoftRef (ms):             skipped
[40.762s][debug][gc,phases,ref     ] GC(759)       Notify Soft/WeakReferences: 0.0ms
[40.762s][debug][gc,phases,ref     ] GC(759)         SoftRef (ms):             skipped
[40.762s][debug][gc,phases,ref     ] GC(759)         WeakRef (ms):             skipped
[40.762s][debug][gc,phases,ref     ] GC(759)         FinalRef (ms):            skipped
[40.762s][debug][gc,phases,ref     ] GC(759)         Total (ms):               skipped
[40.762s][debug][gc,phases,ref     ] GC(759)       Notify and keep alive finalizable: 0.0ms
[40.762s][debug][gc,phases,ref     ] GC(759)         FinalRef (ms):            skipped
[40.762s][debug][gc,phases,ref     ] GC(759)       Notify PhantomReferences: 0.0ms
[40.762s][debug][gc,phases,ref     ] GC(759)         PhantomRef (ms):          skipped
[40.762s][debug][gc,phases,ref     ] GC(759)       SoftReference:
[40.762s][debug][gc,phases,ref     ] GC(759)         Discovered: 0
[40.762s][debug][gc,phases,ref     ] GC(759)         Cleared: 0
[40.762s][debug][gc,phases,ref     ] GC(759)       WeakReference:
[40.762s][debug][gc,phases,ref     ] GC(759)         Discovered: 0
[40.762s][debug][gc,phases,ref     ] GC(759)         Cleared: 0
[40.762s][debug][gc,phases,ref     ] GC(759)       FinalReference:
[40.762s][debug][gc,phases,ref     ] GC(759)         Discovered: 0
[40.762s][debug][gc,phases,ref     ] GC(759)         Cleared: 0
[40.762s][debug][gc,phases,ref     ] GC(759)       PhantomReference:
[40.762s][debug][gc,phases,ref     ] GC(759)         Discovered: 0
[40.762s][debug][gc,phases,ref     ] GC(759)         Cleared: 0
[40.762s][debug][gc,phases         ] GC(759)     Weak Processing: 0.0ms
[40.762s][debug][gc,phases         ] GC(759)       JVMTI weak processing: 0.0ms
[40.762s][debug][gc,phases         ] GC(759)         Dead: 0
[40.762s][debug][gc,phases         ] GC(759)         Total: 0
[40.762s][debug][gc,phases         ] GC(759)       JFR weak processing: 0.0ms
[40.762s][debug][gc,phases         ] GC(759)         Dead: 0
[40.762s][debug][gc,phases         ] GC(759)         Total: 0
[40.762s][debug][gc,phases         ] GC(759)       JNI weak                  Min:  0.0, Avg:  0.0, Max:  0.0, Diff:  0.0, Sum:  0.0, Workers: 5
[40.762s][debug][gc,phases         ] GC(759)         Dead                      Min: 0, Avg:  0.0, Max: 0, Diff: 0, Sum: 0, Workers: 5
[40.762s][debug][gc,phases         ] GC(759)         Total                     Min: 0, Avg: 13.4, Max: 64, Diff: 64, Sum: 67, Workers: 5
[40.762s][debug][gc,phases         ] GC(759)       VM weak                   Min:  0.0, Avg:  0.0, Max:  0.0, Diff:  0.0, Sum:  0.0, Workers: 5
[40.762s][debug][gc,phases         ] GC(759)         Dead                      Min: 0, Avg:  0.0, Max: 0, Diff: 0, Sum: 0, Workers: 5
[40.762s][debug][gc,phases         ] GC(759)         Total                     Min: 0, Avg: 45.2, Max: 64, Diff: 64, Sum: 226, Workers: 5
[40.762s][debug][gc,phases         ] GC(759)       StringTable weak          Min:  0.0, Avg:  0.0, Max:  0.0, Diff:  0.0, Sum:  0.1, Workers: 5
[40.762s][debug][gc,phases         ] GC(759)         Dead                      Min: 0, Avg:  0.0, Max: 0, Diff: 0, Sum: 0, Workers: 5
[40.762s][debug][gc,phases         ] GC(759)         Total                     Min: 576, Avg: 682.8, Max: 768, Diff: 192, Sum: 3414, Workers: 5
[40.762s][debug][gc,phases         ] GC(759)       ResolvedMethodTable weak  Min:  0.0, Avg:  0.0, Max:  0.0, Diff:  0.0, Sum:  0.0, Workers: 5
[40.763s][debug][gc,phases         ] GC(759)         Dead                      Min: 0, Avg:  0.0, Max: 0, Diff: 0, Sum: 0, Workers: 5
[40.763s][debug][gc,phases         ] GC(759)         Total                     Min: 25, Avg: 120.2, Max: 192, Diff: 167, Sum: 601, Workers: 5
[40.763s][debug][gc,phases         ] GC(759)     Merge Per-Thread State: 0.0ms
[40.763s][debug][gc,phases         ] GC(759)       Copied Bytes              Min: 520, Avg: 450321.0, Max: 800320, Diff: 799800, Sum: 3602568, Workers: 8
[40.763s][debug][gc,phases         ] GC(759)       LAB Waste                 Min: 0, Avg:  0.0, Max: 0, Diff: 0, Sum: 0, Workers: 8
[40.763s][debug][gc,phases         ] GC(759)       LAB Undo Waste            Min: 0, Avg:  0.0, Max: 0, Diff: 0, Sum: 0, Workers: 8
[40.763s][debug][gc,phases         ] GC(759)     Code Roots Purge: 0.0ms
[40.763s][debug][gc,phases         ] GC(759)     Redirty Cards: 0.0ms
[40.763s][debug][gc,phases         ] GC(759)     DerivedPointerTable Update: 0.0ms
[40.763s][debug][gc,phases         ] GC(759)     Free Collection Set: 0.2ms
[40.763s][debug][gc,phases         ] GC(759)     Rebuild Free List: 0.1ms
[40.763s][debug][gc,phases         ] GC(759)     Humongous Reclaim: 0.0ms
[40.763s][debug][gc,phases         ] GC(759)     Start New Collection Set: 0.0ms
[40.763s][debug][gc,phases         ] GC(759)     Resize TLABs: 0.0ms
[40.763s][debug][gc,phases         ] GC(759)     Expand Heap After Collection: 0.0ms
[40.763s][info ][gc,phases         ] GC(759)   Other: 0.3ms
[40.763s][info ][gc,heap           ] GC(759) Eden regions: 866->0(865)
[40.763s][info ][gc,heap           ] GC(759) Survivor regions: 4->5(109)
[40.763s][info ][gc,heap           ] GC(759) Old regions: 17->17
[40.763s][info ][gc,heap           ] GC(759) Archive regions: 2->2
[40.763s][info ][gc,heap           ] GC(759) Humongous regions: 0->0
[40.763s][info ][gc,metaspace      ] GC(759) Metaspace: 10130K(10624K)->10130K(10624K) NonClass: 8932K(9216K)->8932K(9216K) Class: 1198K(1408K)->1198K(1408K)
[40.763s][debug][gc,heap           ] GC(759) Heap after GC invocations=760 (full 1): garbage-first heap   total 1484800K, used 22238K [0x0000000700000000, 0x0000000800000000)
[40.763s][debug][gc,heap           ] GC(759)   region size 1024K, 5 young (5120K), 5 survivors (5120K)
[40.763s][debug][gc,heap           ] GC(759)  Metaspace       used 10130K, capacity 10468K, committed 10624K, reserved 1058816K
[40.763s][debug][gc,heap           ] GC(759)   class space    used 1198K, capacity 1344K, committed 1408K, reserved 1048576K
[40.763s][info ][gc                ] GC(759) Pause Young (Normal) (G1 Evacuation Pause) 886M->21M(1450M) 2.578ms
[40.763s][info ][gc,cpu            ] GC(759) User=0.00s Sys=0.00s Real=0.01s
[40.763s][info ][safepoint         ] Safepoint "G1CollectForAllocation", Time since last: 44644069 ns, Reaching safepoint: 155521 ns, At safepoint: 2933935 ns, Total: 3089456 ns
[40.806s][debug][gc,heap           ] GC(760) Heap before GC invocations=760 (full 1): garbage-first heap   total 1484800K, used 906974K [0x0000000700000000, 0x0000000800000000)
[40.806s][debug][gc,heap           ] GC(760)   region size 1024K, 870 young (890880K), 5 survivors (5120K)
[40.806s][debug][gc,heap           ] GC(760)  Metaspace       used 10130K, capacity 10468K, committed 10624K, reserved 1058816K
[40.806s][debug][gc,heap           ] GC(760)   class space    used 1198K, capacity 1344K, committed 1408K, reserved 1048576K
[40.806s][info ][gc,start          ] GC(760) Pause Young (Normal) (G1 Evacuation Pause)
[40.806s][info ][gc,task           ] GC(760) Using 8 workers of 8 for evacuation
[40.806s][debug][gc,tlab           ] GC(760) TLAB totals: thrds: 8  refills: 13 max: 3 slow allocs: 1724 max 251 waste: 22.6% gc: 963824B max: 224144B slow: 57144B max: 15488B fast: 0B max: 0B
[40.806s][debug][gc,age            ] GC(760) Desired survivor size 57147392 bytes, new threshold 15 (max threshold 15)
[40.807s][debug][gc,alloc,region   ] GC(760) Mutator Allocation stats, regions: 865, wasted size: 202M (23.4%)
[40.807s][debug][gc,ergo           ] GC(760) Running G1 Merge Heap Roots using 8 workers for 870 regions
[40.807s][debug][gc,remset         ] GC(760) Visited cards 256 Total dirty 2048 (12.50%) Total old 3602432 (0.01%)
[40.807s][debug][gc,ergo           ] GC(760) Running G1 Clear Card Table Task using 2 workers for 2 units of work for 871 regions.
[40.807s][debug][gc,ref            ] GC(760) Skipped phase1 of Reference Processing due to unavailable references
[40.807s][debug][gc,ref            ] GC(760) Skipped phase2 of Reference Processing due to unavailable references
[40.807s][debug][gc,ref            ] GC(760) Skipped phase3 of Reference Processing due to unavailable references
[40.807s][debug][gc,ref            ] GC(760) Skipped phase4 of Reference Processing due to unavailable references
[40.808s][debug][gc,ergo           ] GC(760) Running G1 Free Collection Set using 8 workers for collection set length 870 (1450)
[40.808s][debug][gc,ergo           ] GC(760) Running G1 Rebuild Free List Task using 8 workers for rebuilding free list of 0 (4096) regions
[40.808s][trace][gc,age            ] GC(760) Age table with threshold 15 (max threshold 15)
[40.808s][trace][gc,age            ] GC(760) - age   1:    3602560 bytes,    3602560 total
[40.808s][debug][gc,plab           ] GC(760) Young PLAB allocation: allocated: 14448B, wasted: 0B, unused: 12000B, used: 2448B, undo waste: 0B, 
[40.808s][debug][gc,plab           ] GC(760) Young other allocation: region end waste: 988008B, regions filled: 5, direct allocated: 3600112B, failure used: 0B, failure wasted: 0B
[40.808s][debug][gc,plab           ] GC(760) Young sizing: calculated: 0B, actual: 2064B
[40.808s][debug][gc,plab           ] GC(760) Old PLAB allocation: allocated: 0B, wasted: 0B, unused: 0B, used: 0B, undo waste: 0B, 
[40.808s][debug][gc,plab           ] GC(760) Old other allocation: region end waste: 0B, regions filled: 1, direct allocated: 0B, failure used: 0B, failure wasted: 0B
[40.808s][debug][gc,plab           ] GC(760) Old sizing: calculated: 0B, actual: 2064B
[40.808s][debug][gc,ihop           ] GC(760) Basic information (value update), threshold: 684195840B (45.00), target occupancy: 1520435200B, current occupancy: 22774472B, recent allocation size: 0B, recent allocation duration: 44.82ms, recent old gen allocation rate: 0.00B/s, recent marking phase length: 29.21ms
[40.808s][debug][gc,ihop           ] GC(760) Adaptive IHOP information (value update), threshold: 684195840B (47.37), internal target occupancy: 1444413440B, occupancy: 22774472B, additional buffer size: 912261120B, predicted old gen allocation rate: 0.09B/s, predicted marking phase length: 58.41ms, prediction active: false
[40.808s][debug][gc,ergo,refine    ] GC(760) Concurrent refinement times: Logged Cards Scan time goal: 20.00ms Logged Cards Scan time: 0.00ms HCC time: 0.00ms
[40.808s][debug][gc,ergo,refine    ] GC(760) Updated Refinement Zones: green: 2048, yellow: 6144, red: 10240
[40.808s][info ][gc,phases         ] GC(760)   Pre Evacuate Collection Set: 0.1ms
[40.808s][debug][gc,phases         ] GC(760)     Prepare TLABs: 0.0ms
[40.808s][debug][gc,phases         ] GC(760)     Choose Collection Set: 0.0ms
[40.808s][debug][gc,phases         ] GC(760)     Region Register: 0.1ms
[40.808s][debug][gc,phases         ] GC(760)     Prepare Heap Roots: 0.0ms
[40.808s][info ][gc,phases         ] GC(760)   Merge Heap Roots: 0.1ms
[40.808s][debug][gc,phases         ] GC(760)     Prepare Merge Heap Roots: 0.0ms
[40.808s][debug][gc,phases         ] GC(760)     Eager Reclaim (ms):       skipped
[40.808s][debug][gc,phases         ] GC(760)     Remembered Sets (ms):     Min:  0.0, Avg:  0.0, Max:  0.0, Diff:  0.0, Sum:  0.2, Workers: 8
[40.808s][debug][gc,phases         ] GC(760)       Merged Sparse:            Min: 0, Avg:  0.0, Max: 0, Diff: 0, Sum: 0, Workers: 8
[40.808s][debug][gc,phases         ] GC(760)       Merged Fine:              Min: 0, Avg:  0.0, Max: 0, Diff: 0, Sum: 0, Workers: 8
[40.808s][debug][gc,phases         ] GC(760)       Merged Coarse:            Min: 0, Avg:  0.0, Max: 0, Diff: 0, Sum: 0, Workers: 8
[40.808s][debug][gc,phases         ] GC(760)       Dirty Cards:              Min: 0, Avg:  0.0, Max: 0, Diff: 0, Sum: 0, Workers: 8
[40.808s][debug][gc,phases         ] GC(760)     Hot Card Cache (ms):      Min:  0.0, Avg:  0.0, Max:  0.0, Diff:  0.0, Sum:  0.0, Workers: 8
[40.808s][debug][gc,phases         ] GC(760)       Dirty Cards:              Min: 0, Avg:  0.0, Max: 0, Diff: 0, Sum: 0, Workers: 8
[40.808s][debug][gc,phases         ] GC(760)       Skipped Cards:            Min: 0, Avg:  0.0, Max: 0, Diff: 0, Sum: 0, Workers: 8
[40.808s][debug][gc,phases         ] GC(760)     Log Buffers (ms):         Min:  0.0, Avg:  0.0, Max:  0.0, Diff:  0.0, Sum:  0.0, Workers: 8
[40.808s][debug][gc,phases         ] GC(760)       Dirty Cards:              Min: 0, Avg:  0.1, Max: 1, Diff: 1, Sum: 1, Workers: 8
[40.808s][debug][gc,phases         ] GC(760)       Skipped Cards:            Min: 0, Avg:  0.0, Max: 0, Diff: 0, Sum: 0, Workers: 8
[40.808s][info ][gc,phases         ] GC(760)   Evacuate Collection Set: 0.4ms
[40.808s][debug][gc,phases         ] GC(760)     Ext Root Scanning (ms):   Min:  0.0, Avg:  0.2, Max:  0.3, Diff:  0.3, Sum:  1.7, Workers: 8
[40.808s][debug][gc,phases         ] GC(760)     Scan Heap Roots (ms):     Min:  0.0, Avg:  0.0, Max:  0.0, Diff:  0.0, Sum:  0.0, Workers: 8
[40.808s][debug][gc,phases         ] GC(760)       Scanned Cards:            Min: 0, Avg:  0.1, Max: 1, Diff: 1, Sum: 1, Workers: 8
[40.808s][debug][gc,phases         ] GC(760)       Scanned Blocks:           Min: 0, Avg:  0.1, Max: 1, Diff: 1, Sum: 1, Workers: 8
[40.808s][debug][gc,phases         ] GC(760)       Claimed Chunks:           Min: 0, Avg:  0.1, Max: 1, Diff: 1, Sum: 1, Workers: 8
[40.808s][debug][gc,phases         ] GC(760)     Code Root Scan (ms):      Min:  0.0, Avg:  0.0, Max:  0.1, Diff:  0.1, Sum:  0.2, Workers: 8
[40.808s][debug][gc,phases         ] GC(760)     Object Copy (ms):         Min:  0.0, Avg:  0.0, Max:  0.0, Diff:  0.0, Sum:  0.0, Workers: 8
[40.808s][debug][gc,phases         ] GC(760)     Termination (ms):         Min:  0.0, Avg:  0.1, Max:  0.1, Diff:  0.0, Sum:  0.5, Workers: 8
[40.808s][debug][gc,phases         ] GC(760)       Termination Attempts:     Min: 1, Avg:  1.0, Max: 1, Diff: 0, Sum: 8, Workers: 8
[40.808s][debug][gc,phases         ] GC(760)     GC Worker Other (ms):     Min:  0.0, Avg:  0.0, Max:  0.1, Diff:  0.1, Sum:  0.4, Workers: 8
[40.808s][debug][gc,phases         ] GC(760)     GC Worker Total (ms):     Min:  0.1, Avg:  0.3, Max:  0.4, Diff:  0.3, Sum:  2.8, Workers: 8
[40.808s][info ][gc,phases         ] GC(760)   Post Evacuate Collection Set: 0.6ms
[40.808s][debug][gc,phases         ] GC(760)     Code Roots Fixup: 0.0ms
[40.808s][debug][gc,phases         ] GC(760)     Clear Card Table: 0.2ms
[40.808s][debug][gc,phases         ] GC(760)     Reference Processing: 0.0ms
[40.808s][debug][gc,phases,ref     ] GC(760)       Reconsider SoftReferences: 0.0ms
[40.808s][debug][gc,phases,ref     ] GC(760)         SoftRef (ms):             skipped
[40.808s][debug][gc,phases,ref     ] GC(760)       Notify Soft/WeakReferences: 0.0ms
[40.808s][debug][gc,phases,ref     ] GC(760)         SoftRef (ms):             skipped
[40.808s][debug][gc,phases,ref     ] GC(760)         WeakRef (ms):             skipped
[40.808s][debug][gc,phases,ref     ] GC(760)         FinalRef (ms):            skipped
[40.808s][debug][gc,phases,ref     ] GC(760)         Total (ms):               skipped
[40.808s][debug][gc,phases,ref     ] GC(760)       Notify and keep alive finalizable: 0.0ms
[40.808s][debug][gc,phases,ref     ] GC(760)         FinalRef (ms):            skipped
[40.808s][debug][gc,phases,ref     ] GC(760)       Notify PhantomReferences: 0.0ms
[40.808s][debug][gc,phases,ref     ] GC(760)         PhantomRef (ms):          skipped
[40.808s][debug][gc,phases,ref     ] GC(760)       SoftReference:
[40.808s][debug][gc,phases,ref     ] GC(760)         Discovered: 0
[40.808s][debug][gc,phases,ref     ] GC(760)         Cleared: 0
[40.808s][debug][gc,phases,ref     ] GC(760)       WeakReference:
[40.808s][debug][gc,phases,ref     ] GC(760)         Discovered: 0
[40.808s][debug][gc,phases,ref     ] GC(760)         Cleared: 0
[40.808s][debug][gc,phases,ref     ] GC(760)       FinalReference:
[40.808s][debug][gc,phases,ref     ] GC(760)         Discovered: 0
[40.808s][debug][gc,phases,ref     ] GC(760)         Cleared: 0
[40.808s][debug][gc,phases,ref     ] GC(760)       PhantomReference:
[40.808s][debug][gc,phases,ref     ] GC(760)         Discovered: 0
[40.808s][debug][gc,phases,ref     ] GC(760)         Cleared: 0
[40.808s][debug][gc,phases         ] GC(760)     Weak Processing: 0.0ms
[40.808s][debug][gc,phases         ] GC(760)       JVMTI weak processing: 0.0ms
[40.808s][debug][gc,phases         ] GC(760)         Dead: 0
[40.808s][debug][gc,phases         ] GC(760)         Total: 0
[40.808s][debug][gc,phases         ] GC(760)       JFR weak processing: 0.0ms
[40.808s][debug][gc,phases         ] GC(760)         Dead: 0
[40.808s][debug][gc,phases         ] GC(760)         Total: 0
[40.808s][debug][gc,phases         ] GC(760)       JNI weak                  Min:  0.0, Avg:  0.0, Max:  0.0, Diff:  0.0, Sum:  0.0, Workers: 5
[40.808s][debug][gc,phases         ] GC(760)         Dead                      Min: 0, Avg:  0.0, Max: 0, Diff: 0, Sum: 0, Workers: 5
[40.808s][debug][gc,phases         ] GC(760)         Total                     Min: 0, Avg: 13.4, Max: 64, Diff: 64, Sum: 67, Workers: 5
[40.808s][debug][gc,phases         ] GC(760)       VM weak                   Min:  0.0, Avg:  0.0, Max:  0.0, Diff:  0.0, Sum:  0.0, Workers: 5
[40.808s][debug][gc,phases         ] GC(760)         Dead                      Min: 0, Avg:  0.0, Max: 0, Diff: 0, Sum: 0, Workers: 5
[40.808s][debug][gc,phases         ] GC(760)         Total                     Min: 0, Avg: 45.2, Max: 64, Diff: 64, Sum: 226, Workers: 5
[40.808s][debug][gc,phases         ] GC(760)       StringTable weak          Min:  0.0, Avg:  0.0, Max:  0.0, Diff:  0.0, Sum:  0.1, Workers: 5
[40.808s][debug][gc,phases         ] GC(760)         Dead                      Min: 0, Avg:  0.0, Max: 0, Diff: 0, Sum: 0, Workers: 5
[40.808s][debug][gc,phases         ] GC(760)         Total                     Min: 639, Avg: 682.8, Max: 768, Diff: 129, Sum: 3414, Workers: 5
[40.808s][debug][gc,phases         ] GC(760)       ResolvedMethodTable weak  Min:  0.0, Avg:  0.0, Max:  0.0, Diff:  0.0, Sum:  0.0, Workers: 5
[40.808s][debug][gc,phases         ] GC(760)         Dead                      Min: 0, Avg:  0.0, Max: 0, Diff: 0, Sum: 0, Workers: 5
[40.808s][debug][gc,phases         ] GC(760)         Total                     Min: 64, Avg: 120.2, Max: 192, Diff: 128, Sum: 601, Workers: 5
[40.808s][debug][gc,phases         ] GC(760)     Merge Per-Thread State: 0.0ms
[40.808s][debug][gc,phases         ] GC(760)       Copied Bytes              Min: 0, Avg: 450320.0, Max: 800320, Diff: 800320, Sum: 3602560, Workers: 8
[40.808s][debug][gc,phases         ] GC(760)       LAB Waste                 Min: 0, Avg:  0.0, Max: 0, Diff: 0, Sum: 0, Workers: 8
[40.808s][debug][gc,phases         ] GC(760)       LAB Undo Waste            Min: 0, Avg:  0.0, Max: 0, Diff: 0, Sum: 0, Workers: 8
[40.808s][debug][gc,phases         ] GC(760)     Code Roots Purge: 0.0ms
[40.808s][debug][gc,phases         ] GC(760)     Redirty Cards: 0.0ms
[40.808s][debug][gc,phases         ] GC(760)     DerivedPointerTable Update: 0.0ms
[40.808s][debug][gc,phases         ] GC(760)     Free Collection Set: 0.2ms
[40.808s][debug][gc,phases         ] GC(760)     Rebuild Free List: 0.0ms
[40.808s][debug][gc,phases         ] GC(760)     Humongous Reclaim: 0.0ms
[40.808s][debug][gc,phases         ] GC(760)     Start New Collection Set: 0.0ms
[40.808s][debug][gc,phases         ] GC(760)     Resize TLABs: 0.0ms
[40.808s][debug][gc,phases         ] GC(760)     Expand Heap After Collection: 0.0ms
[40.808s][info ][gc,phases         ] GC(760)   Other: 0.3ms
[40.808s][info ][gc,heap           ] GC(760) Eden regions: 865->0(865)
[40.808s][info ][gc,heap           ] GC(760) Survivor regions: 5->5(109)
[40.808s][info ][gc,heap           ] GC(760) Old regions: 17->17
[40.808s][info ][gc,heap           ] GC(760) Archive regions: 2->2
[40.808s][info ][gc,heap           ] GC(760) Humongous regions: 0->0
[40.808s][info ][gc,metaspace      ] GC(760) Metaspace: 10130K(10624K)->10130K(10624K) NonClass: 8932K(9216K)->8932K(9216K) Class: 1198K(1408K)->1198K(1408K)
[40.808s][debug][gc,heap           ] GC(760) Heap after GC invocations=761 (full 1): garbage-first heap   total 1484800K, used 22240K [0x0000000700000000, 0x0000000800000000)
[40.809s][debug][gc,heap           ] GC(760)   region size 1024K, 5 young (5120K), 5 survivors (5120K)
[40.809s][debug][gc,heap           ] GC(760)  Metaspace       used 10130K, capacity 10468K, committed 10624K, reserved 1058816K
[40.809s][debug][gc,heap           ] GC(760)   class space    used 1198K, capacity 1344K, committed 1408K, reserved 1048576K
[40.809s][info ][gc                ] GC(760) Pause Young (Normal) (G1 Evacuation Pause) 886M->21M(1450M) 2.082ms
[40.809s][info ][gc,cpu            ] GC(760) User=0.00s Sys=0.00s Real=0.00s
[40.809s][info ][safepoint         ] Safepoint "G1CollectForAllocation", Time since last: 43093885 ns, Reaching safepoint: 194286 ns, At safepoint: 2424211 ns, Total: 2618497 ns
[40.851s][debug][gc,heap           ] GC(761) Heap before GC invocations=761 (full 1): garbage-first heap   total 1484800K, used 906976K [0x0000000700000000, 0x0000000800000000)
[40.851s][debug][gc,heap           ] GC(761)   region size 1024K, 870 young (890880K), 5 survivors (5120K)
[40.851s][debug][gc,heap           ] GC(761)  Metaspace       used 10130K, capacity 10468K, committed 10624K, reserved 1058816K
[40.851s][debug][gc,heap           ] GC(761)   class space    used 1198K, capacity 1344K, committed 1408K, reserved 1048576K
[40.851s][info ][gc,start          ] GC(761) Pause Young (Normal) (G1 Evacuation Pause)
[40.851s][info ][gc,task           ] GC(761) Using 8 workers of 8 for evacuation
[40.851s][debug][gc,tlab           ] GC(761) TLAB totals: thrds: 8  refills: 15 max: 3 slow allocs: 1723 max 230 waste: 27.0% gc: 1086832B max: 234240B slow: 59512B max: 15488B fast: 0B max: 0B
[40.851s][debug][gc,age            ] GC(761) Desired survivor size 57147392 bytes, new threshold 15 (max threshold 15)
[40.851s][debug][gc,alloc,region   ] GC(761) Mutator Allocation stats, regions: 865, wasted size: 202M (23.4%)
[40.852s][debug][gc,ergo           ] GC(761) Running G1 Merge Heap Roots using 8 workers for 870 regions
[40.852s][debug][gc,remset         ] GC(761) Visited cards 256 Total dirty 2048 (12.50%) Total old 3602432 (0.01%)
[40.852s][debug][gc,ergo           ] GC(761) Running G1 Clear Card Table Task using 2 workers for 2 units of work for 871 regions.
[40.852s][debug][gc,ref            ] GC(761) Skipped phase1 of Reference Processing due to unavailable references
[40.852s][debug][gc,ref            ] GC(761) Skipped phase2 of Reference Processing due to unavailable references
[40.852s][debug][gc,ref            ] GC(761) Skipped phase3 of Reference Processing due to unavailable references
[40.852s][debug][gc,ref            ] GC(761) Skipped phase4 of Reference Processing due to unavailable references
[40.852s][debug][gc,ergo           ] GC(761) Running G1 Free Collection Set using 8 workers for collection set length 870 (1450)
[40.853s][debug][gc,ergo           ] GC(761) Running G1 Rebuild Free List Task using 8 workers for rebuilding free list of 0 (4096) regions
[40.853s][trace][gc,age            ] GC(761) Age table with threshold 15 (max threshold 15)
[40.853s][trace][gc,age            ] GC(761) - age   1:    2002512 bytes,    2002512 total
[40.853s][debug][gc,plab           ] GC(761) Young PLAB allocation: allocated: 16512B, wasted: 0B, unused: 14064B, used: 2448B, undo waste: 0B, 
[40.853s][debug][gc,plab           ] GC(761) Young other allocation: region end waste: 486776B, regions filled: 3, direct allocated: 2000064B, failure used: 0B, failure wasted: 0B
[40.853s][debug][gc,plab           ] GC(761) Young sizing: calculated: 0B, actual: 2064B
[40.853s][debug][gc,plab           ] GC(761) Old PLAB allocation: allocated: 0B, wasted: 0B, unused: 0B, used: 0B, undo waste: 0B, 
[40.853s][debug][gc,plab           ] GC(761) Old other allocation: region end waste: 0B, regions filled: 1, direct allocated: 0B, failure used: 0B, failure wasted: 0B
[40.853s][debug][gc,plab           ] GC(761) Old sizing: calculated: 0B, actual: 2064B
[40.853s][debug][gc,ihop           ] GC(761) Basic information (value update), threshold: 684195840B (45.00), target occupancy: 1520435200B, current occupancy: 20675256B, recent allocation size: 0B, recent allocation duration: 43.64ms, recent old gen allocation rate: 0.00B/s, recent marking phase length: 29.21ms
[40.853s][debug][gc,ihop           ] GC(761) Adaptive IHOP information (value update), threshold: 684195840B (47.37), internal target occupancy: 1444413440B, occupancy: 20675256B, additional buffer size: 912261120B, predicted old gen allocation rate: 0.08B/s, predicted marking phase length: 58.41ms, prediction active: false
[40.853s][debug][gc,ergo,refine    ] GC(761) Concurrent refinement times: Logged Cards Scan time goal: 20.00ms Logged Cards Scan time: 0.00ms HCC time: 0.00ms
[40.853s][debug][gc,ergo,refine    ] GC(761) Updated Refinement Zones: green: 2048, yellow: 6144, red: 10240
[40.853s][info ][gc,phases         ] GC(761)   Pre Evacuate Collection Set: 0.1ms
[40.853s][debug][gc,phases         ] GC(761)     Prepare TLABs: 0.0ms
[40.853s][debug][gc,phases         ] GC(761)     Choose Collection Set: 0.0ms
[40.853s][debug][gc,phases         ] GC(761)     Region Register: 0.1ms
[40.853s][debug][gc,phases         ] GC(761)     Prepare Heap Roots: 0.0ms
[40.853s][info ][gc,phases         ] GC(761)   Merge Heap Roots: 0.2ms
[40.853s][debug][gc,phases         ] GC(761)     Prepare Merge Heap Roots: 0.0ms
[40.853s][debug][gc,phases         ] GC(761)     Eager Reclaim (ms):       skipped
[40.853s][debug][gc,phases         ] GC(761)     Remembered Sets (ms):     Min:  0.0, Avg:  0.0, Max:  0.0, Diff:  0.0, Sum:  0.3, Workers: 8
[40.853s][debug][gc,phases         ] GC(761)       Merged Sparse:            Min: 0, Avg:  0.0, Max: 0, Diff: 0, Sum: 0, Workers: 8
[40.853s][debug][gc,phases         ] GC(761)       Merged Fine:              Min: 0, Avg:  0.0, Max: 0, Diff: 0, Sum: 0, Workers: 8
[40.853s][debug][gc,phases         ] GC(761)       Merged Coarse:            Min: 0, Avg:  0.0, Max: 0, Diff: 0, Sum: 0, Workers: 8
[40.853s][debug][gc,phases         ] GC(761)       Dirty Cards:              Min: 0, Avg:  0.0, Max: 0, Diff: 0, Sum: 0, Workers: 8
[40.853s][debug][gc,phases         ] GC(761)     Hot Card Cache (ms):      Min:  0.0, Avg:  0.0, Max:  0.0, Diff:  0.0, Sum:  0.0, Workers: 8
[40.853s][debug][gc,phases         ] GC(761)       Dirty Cards:              Min: 0, Avg:  0.0, Max: 0, Diff: 0, Sum: 0, Workers: 8
[40.853s][debug][gc,phases         ] GC(761)       Skipped Cards:            Min: 0, Avg:  0.0, Max: 0, Diff: 0, Sum: 0, Workers: 8
[40.853s][debug][gc,phases         ] GC(761)     Log Buffers (ms):         Min:  0.0, Avg:  0.0, Max:  0.0, Diff:  0.0, Sum:  0.0, Workers: 8
[40.853s][debug][gc,phases         ] GC(761)       Dirty Cards:              Min: 0, Avg:  0.1, Max: 1, Diff: 1, Sum: 1, Workers: 8
[40.853s][debug][gc,phases         ] GC(761)       Skipped Cards:            Min: 0, Avg:  0.0, Max: 0, Diff: 0, Sum: 0, Workers: 8
[40.853s][info ][gc,phases         ] GC(761)   Evacuate Collection Set: 0.2ms
[40.853s][debug][gc,phases         ] GC(761)     Ext Root Scanning (ms):   Min:  0.0, Avg:  0.1, Max:  0.2, Diff:  0.2, Sum:  0.7, Workers: 8
[40.853s][debug][gc,phases         ] GC(761)     Scan Heap Roots (ms):     Min:  0.0, Avg:  0.0, Max:  0.0, Diff:  0.0, Sum:  0.0, Workers: 8
[40.853s][debug][gc,phases         ] GC(761)       Scanned Cards:            Min: 0, Avg:  0.1, Max: 1, Diff: 1, Sum: 1, Workers: 8
[40.853s][debug][gc,phases         ] GC(761)       Scanned Blocks:           Min: 0, Avg:  0.1, Max: 1, Diff: 1, Sum: 1, Workers: 8
[40.853s][debug][gc,phases         ] GC(761)       Claimed Chunks:           Min: 0, Avg:  0.1, Max: 1, Diff: 1, Sum: 1, Workers: 8
[40.853s][debug][gc,phases         ] GC(761)     Code Root Scan (ms):      Min:  0.0, Avg:  0.0, Max:  0.0, Diff:  0.0, Sum:  0.2, Workers: 8
[40.853s][debug][gc,phases         ] GC(761)     Object Copy (ms):         Min:  0.0, Avg:  0.0, Max:  0.0, Diff:  0.0, Sum:  0.0, Workers: 8
[40.853s][debug][gc,phases         ] GC(761)     Termination (ms):         Min:  0.0, Avg:  0.1, Max:  0.1, Diff:  0.1, Sum:  0.5, Workers: 8
[40.853s][debug][gc,phases         ] GC(761)       Termination Attempts:     Min: 1, Avg:  1.0, Max: 1, Diff: 0, Sum: 8, Workers: 8
[40.853s][debug][gc,phases         ] GC(761)     GC Worker Other (ms):     Min:  0.0, Avg:  0.0, Max:  0.1, Diff:  0.1, Sum:  0.4, Workers: 8
[40.853s][debug][gc,phases         ] GC(761)     GC Worker Total (ms):     Min:  0.2, Avg:  0.2, Max:  0.2, Diff:  0.0, Sum:  1.8, Workers: 8
[40.853s][info ][gc,phases         ] GC(761)   Post Evacuate Collection Set: 0.5ms
[40.853s][debug][gc,phases         ] GC(761)     Code Roots Fixup: 0.0ms
[40.853s][debug][gc,phases         ] GC(761)     Clear Card Table: 0.2ms
[40.853s][debug][gc,phases         ] GC(761)     Reference Processing: 0.0ms
[40.853s][debug][gc,phases,ref     ] GC(761)       Reconsider SoftReferences: 0.0ms
[40.853s][debug][gc,phases,ref     ] GC(761)         SoftRef (ms):             skipped
[40.853s][debug][gc,phases,ref     ] GC(761)       Notify Soft/WeakReferences: 0.0ms
[40.853s][debug][gc,phases,ref     ] GC(761)         SoftRef (ms):             skipped
[40.853s][debug][gc,phases,ref     ] GC(761)         WeakRef (ms):             skipped
[40.853s][debug][gc,phases,ref     ] GC(761)         FinalRef (ms):            skipped
[40.853s][debug][gc,phases,ref     ] GC(761)         Total (ms):               skipped
[40.853s][debug][gc,phases,ref     ] GC(761)       Notify and keep alive finalizable: 0.0ms
[40.853s][debug][gc,phases,ref     ] GC(761)         FinalRef (ms):            skipped
[40.853s][debug][gc,phases,ref     ] GC(761)       Notify PhantomReferences: 0.0ms
[40.853s][debug][gc,phases,ref     ] GC(761)         PhantomRef (ms):          skipped
[40.853s][debug][gc,phases,ref     ] GC(761)       SoftReference:
[40.853s][debug][gc,phases,ref     ] GC(761)         Discovered: 0
[40.853s][debug][gc,phases,ref     ] GC(761)         Cleared: 0
[40.853s][debug][gc,phases,ref     ] GC(761)       WeakReference:
[40.853s][debug][gc,phases,ref     ] GC(761)         Discovered: 0
[40.853s][debug][gc,phases,ref     ] GC(761)         Cleared: 0
[40.853s][debug][gc,phases,ref     ] GC(761)       FinalReference:
[40.853s][debug][gc,phases,ref     ] GC(761)         Discovered: 0
[40.853s][debug][gc,phases,ref     ] GC(761)         Cleared: 0
[40.853s][debug][gc,phases,ref     ] GC(761)       PhantomReference:
[40.853s][debug][gc,phases,ref     ] GC(761)         Discovered: 0
[40.853s][debug][gc,phases,ref     ] GC(761)         Cleared: 0
[40.853s][debug][gc,phases         ] GC(761)     Weak Processing: 0.0ms
[40.853s][debug][gc,phases         ] GC(761)       JVMTI weak processing: 0.0ms
[40.853s][debug][gc,phases         ] GC(761)         Dead: 0
[40.853s][debug][gc,phases         ] GC(761)         Total: 0
[40.853s][debug][gc,phases         ] GC(761)       JFR weak processing: 0.0ms
[40.853s][debug][gc,phases         ] GC(761)         Dead: 0
[40.853s][debug][gc,phases         ] GC(761)         Total: 0
[40.853s][debug][gc,phases         ] GC(761)       JNI weak                  Min:  0.0, Avg:  0.0, Max:  0.0, Diff:  0.0, Sum:  0.0, Workers: 5
[40.853s][debug][gc,phases         ] GC(761)         Dead                      Min: 0, Avg:  0.0, Max: 0, Diff: 0, Sum: 0, Workers: 5
[40.853s][debug][gc,phases         ] GC(761)         Total                     Min: 0, Avg: 13.4, Max: 64, Diff: 64, Sum: 67, Workers: 5
[40.853s][debug][gc,phases         ] GC(761)       VM weak                   Min:  0.0, Avg:  0.0, Max:  0.0, Diff:  0.0, Sum:  0.0, Workers: 5
[40.853s][debug][gc,phases         ] GC(761)         Dead                      Min: 0, Avg:  0.0, Max: 0, Diff: 0, Sum: 0, Workers: 5
[40.853s][debug][gc,phases         ] GC(761)         Total                     Min: 0, Avg: 45.2, Max: 64, Diff: 64, Sum: 226, Workers: 5
[40.853s][debug][gc,phases         ] GC(761)       StringTable weak          Min:  0.0, Avg:  0.0, Max:  0.0, Diff:  0.0, Sum:  0.1, Workers: 5
[40.853s][debug][gc,phases         ] GC(761)         Dead                      Min: 0, Avg:  0.0, Max: 0, Diff: 0, Sum: 0, Workers: 5
[40.853s][debug][gc,phases         ] GC(761)         Total                     Min: 639, Avg: 682.8, Max: 768, Diff: 129, Sum: 3414, Workers: 5
[40.853s][debug][gc,phases         ] GC(761)       ResolvedMethodTable weak  Min:  0.0, Avg:  0.0, Max:  0.0, Diff:  0.0, Sum:  0.0, Workers: 5
[40.853s][debug][gc,phases         ] GC(761)         Dead                      Min: 0, Avg:  0.0, Max: 0, Diff: 0, Sum: 0, Workers: 5
[40.853s][debug][gc,phases         ] GC(761)         Total                     Min: 64, Avg: 120.2, Max: 192, Diff: 128, Sum: 601, Workers: 5
[40.853s][debug][gc,phases         ] GC(761)     Merge Per-Thread State: 0.0ms
[40.853s][debug][gc,phases         ] GC(761)       Copied Bytes              Min: 64, Avg: 250314.0, Max: 800544, Diff: 800480, Sum: 2002512, Workers: 8
[40.853s][debug][gc,phases         ] GC(761)       LAB Waste                 Min: 0, Avg:  0.0, Max: 0, Diff: 0, Sum: 0, Workers: 8
[40.853s][debug][gc,phases         ] GC(761)       LAB Undo Waste            Min: 0, Avg:  0.0, Max: 0, Diff: 0, Sum: 0, Workers: 8
[40.853s][debug][gc,phases         ] GC(761)     Code Roots Purge: 0.0ms
[40.853s][debug][gc,phases         ] GC(761)     Redirty Cards: 0.0ms
[40.853s][debug][gc,phases         ] GC(761)     DerivedPointerTable Update: 0.0ms
[40.853s][debug][gc,phases         ] GC(761)     Free Collection Set: 0.2ms
[40.853s][debug][gc,phases         ] GC(761)     Rebuild Free List: 0.0ms
[40.853s][debug][gc,phases         ] GC(761)     Humongous Reclaim: 0.0ms
[40.853s][debug][gc,phases         ] GC(761)     Start New Collection Set: 0.0ms
[40.853s][debug][gc,phases         ] GC(761)     Resize TLABs: 0.0ms
[40.853s][debug][gc,phases         ] GC(761)     Expand Heap After Collection: 0.0ms
[40.853s][info ][gc,phases         ] GC(761)   Other: 0.3ms
[40.853s][info ][gc,heap           ] GC(761) Eden regions: 865->0(867)
[40.853s][info ][gc,heap           ] GC(761) Survivor regions: 5->3(109)
[40.853s][info ][gc,heap           ] GC(761) Old regions: 17->17
[40.853s][info ][gc,heap           ] GC(761) Archive regions: 2->2
[40.853s][info ][gc,heap           ] GC(761) Humongous regions: 0->0
[40.853s][info ][gc,metaspace      ] GC(761) Metaspace: 10130K(10624K)->10130K(10624K) NonClass: 8932K(9216K)->8932K(9216K) Class: 1198K(1408K)->1198K(1408K)
[40.853s][debug][gc,heap           ] GC(761) Heap after GC invocations=762 (full 1): garbage-first heap   total 1484800K, used 20190K [0x0000000700000000, 0x0000000800000000)
[40.853s][debug][gc,heap           ] GC(761)   region size 1024K, 3 young (3072K), 3 survivors (3072K)
[40.853s][debug][gc,heap           ] GC(761)  Metaspace       used 10130K, capacity 10468K, committed 10624K, reserved 1058816K
[40.853s][debug][gc,heap           ] GC(761)   class space    used 1198K, capacity 1344K, committed 1408K, reserved 1048576K
[40.853s][info ][gc                ] GC(761) Pause Young (Normal) (G1 Evacuation Pause) 886M->19M(1450M) 1.920ms
[40.853s][info ][gc,cpu            ] GC(761) User=0.00s Sys=0.00s Real=0.01s
[40.853s][info ][safepoint         ] Safepoint "G1CollectForAllocation", Time since last: 42409271 ns, Reaching safepoint: 146515 ns, At safepoint: 2075229 ns, Total: 2221744 ns
[40.897s][debug][gc,heap           ] GC(762) Heap before GC invocations=762 (full 1): garbage-first heap   total 1484800K, used 906974K [0x0000000700000000, 0x0000000800000000)
[40.897s][debug][gc,heap           ] GC(762)   region size 1024K, 870 young (890880K), 3 survivors (3072K)
[40.897s][debug][gc,heap           ] GC(762)  Metaspace       used 10130K, capacity 10468K, committed 10624K, reserved 1058816K
[40.897s][debug][gc,heap           ] GC(762)   class space    used 1198K, capacity 1344K, committed 1408K, reserved 1048576K
[40.897s][info ][gc,start          ] GC(762) Pause Young (Normal) (G1 Evacuation Pause)
[40.897s][info ][gc,task           ] GC(762) Using 8 workers of 8 for evacuation
[40.897s][debug][gc,tlab           ] GC(762) TLAB totals: thrds: 8  refills: 12 max: 2 slow allocs: 1726 max 229 waste: 40.1% gc: 1225368B max: 226664B slow: 43304B max: 14304B fast: 0B max: 0B
[40.897s][debug][gc,age            ] GC(762) Desired survivor size 57147392 bytes, new threshold 15 (max threshold 15)
[40.897s][debug][gc,alloc,region   ] GC(762) Mutator Allocation stats, regions: 867, wasted size: 203M (23.4%)
[40.897s][debug][gc,ergo           ] GC(762) Running G1 Merge Heap Roots using 8 workers for 870 regions
[40.897s][debug][gc,remset         ] GC(762) Visited cards 512 Total dirty 4096 (12.50%) Total old 3602432 (0.01%)
[40.897s][debug][gc,ergo           ] GC(762) Running G1 Clear Card Table Task using 2 workers for 2 units of work for 872 regions.
[40.898s][debug][gc,ref            ] GC(762) Skipped phase1 of Reference Processing due to unavailable references
[40.898s][debug][gc,ref            ] GC(762) Skipped phase2 of Reference Processing due to unavailable references
[40.898s][debug][gc,ref            ] GC(762) Skipped phase3 of Reference Processing due to unavailable references
[40.898s][debug][gc,ref            ] GC(762) Skipped phase4 of Reference Processing due to unavailable references
[40.898s][debug][gc,ergo           ] GC(762) Running G1 Free Collection Set using 8 workers for collection set length 870 (1450)
[40.898s][debug][gc,ergo           ] GC(762) Running G1 Rebuild Free List Task using 8 workers for rebuilding free list of 0 (4096) regions
[40.898s][trace][gc,age            ] GC(762) Age table with threshold 15 (max threshold 15)
[40.898s][trace][gc,age            ] GC(762) - age   1:    2802552 bytes,    2802552 total
[40.898s][debug][gc,plab           ] GC(762) Young PLAB allocation: allocated: 16512B, wasted: 0B, unused: 14064B, used: 2448B, undo waste: 0B, 
[40.898s][debug][gc,plab           ] GC(762) Young other allocation: region end waste: 731184B, regions filled: 4, direct allocated: 2800104B, failure used: 0B, failure wasted: 0B
[40.898s][debug][gc,plab           ] GC(762) Young sizing: calculated: 0B, actual: 2064B
[40.898s][debug][gc,plab           ] GC(762) Old PLAB allocation: allocated: 0B, wasted: 0B, unused: 0B, used: 0B, undo waste: 0B, 
[40.898s][debug][gc,plab           ] GC(762) Old other allocation: region end waste: 0B, regions filled: 1, direct allocated: 0B, failure used: 0B, failure wasted: 0B
[40.898s][debug][gc,plab           ] GC(762) Old sizing: calculated: 0B, actual: 2064B
[40.898s][debug][gc,ihop           ] GC(762) Basic information (value update), threshold: 684195840B (45.00), target occupancy: 1520435200B, current occupancy: 21719704B, recent allocation size: 0B, recent allocation duration: 44.03ms, recent old gen allocation rate: 0.00B/s, recent marking phase length: 29.21ms
[40.898s][debug][gc,ihop           ] GC(762) Adaptive IHOP information (value update), threshold: 684195840B (47.37), internal target occupancy: 1444413440B, occupancy: 21719704B, additional buffer size: 912261120B, predicted old gen allocation rate: 0.08B/s, predicted marking phase length: 58.41ms, prediction active: false
[40.898s][debug][gc,ergo,refine    ] GC(762) Concurrent refinement times: Logged Cards Scan time goal: 20.00ms Logged Cards Scan time: 0.01ms HCC time: 0.00ms
[40.898s][debug][gc,ergo,refine    ] GC(762) Updated Refinement Zones: green: 2048, yellow: 6144, red: 10240
[40.898s][info ][gc,phases         ] GC(762)   Pre Evacuate Collection Set: 0.1ms
[40.898s][debug][gc,phases         ] GC(762)     Prepare TLABs: 0.0ms
[40.898s][debug][gc,phases         ] GC(762)     Choose Collection Set: 0.0ms
[40.898s][debug][gc,phases         ] GC(762)     Region Register: 0.1ms
[40.898s][debug][gc,phases         ] GC(762)     Prepare Heap Roots: 0.0ms
[40.898s][info ][gc,phases         ] GC(762)   Merge Heap Roots: 0.1ms
[40.898s][debug][gc,phases         ] GC(762)     Prepare Merge Heap Roots: 0.0ms
[40.898s][debug][gc,phases         ] GC(762)     Eager Reclaim (ms):       skipped
[40.898s][debug][gc,phases         ] GC(762)     Remembered Sets (ms):     Min:  0.0, Avg:  0.0, Max:  0.0, Diff:  0.0, Sum:  0.2, Workers: 8
[40.898s][debug][gc,phases         ] GC(762)       Merged Sparse:            Min: 0, Avg:  0.0, Max: 0, Diff: 0, Sum: 0, Workers: 8
[40.898s][debug][gc,phases         ] GC(762)       Merged Fine:              Min: 0, Avg:  0.0, Max: 0, Diff: 0, Sum: 0, Workers: 8
[40.898s][debug][gc,phases         ] GC(762)       Merged Coarse:            Min: 0, Avg:  0.0, Max: 0, Diff: 0, Sum: 0, Workers: 8
[40.898s][debug][gc,phases         ] GC(762)       Dirty Cards:              Min: 0, Avg:  0.0, Max: 0, Diff: 0, Sum: 0, Workers: 8
[40.898s][debug][gc,phases         ] GC(762)     Hot Card Cache (ms):      Min:  0.0, Avg:  0.0, Max:  0.0, Diff:  0.0, Sum:  0.0, Workers: 8
[40.898s][debug][gc,phases         ] GC(762)       Dirty Cards:              Min: 0, Avg:  0.0, Max: 0, Diff: 0, Sum: 0, Workers: 8
[40.898s][debug][gc,phases         ] GC(762)       Skipped Cards:            Min: 0, Avg:  0.0, Max: 0, Diff: 0, Sum: 0, Workers: 8
[40.898s][debug][gc,phases         ] GC(762)     Log Buffers (ms):         Min:  0.0, Avg:  0.0, Max:  0.0, Diff:  0.0, Sum:  0.0, Workers: 8
[40.898s][debug][gc,phases         ] GC(762)       Dirty Cards:              Min: 0, Avg:  0.2, Max: 1, Diff: 1, Sum: 2, Workers: 8
[40.898s][debug][gc,phases         ] GC(762)       Skipped Cards:            Min: 0, Avg:  0.0, Max: 0, Diff: 0, Sum: 0, Workers: 8
[40.898s][info ][gc,phases         ] GC(762)   Evacuate Collection Set: 0.4ms
[40.898s][debug][gc,phases         ] GC(762)     Ext Root Scanning (ms):   Min:  0.1, Avg:  0.2, Max:  0.3, Diff:  0.2, Sum:  1.5, Workers: 8
[40.898s][debug][gc,phases         ] GC(762)     Scan Heap Roots (ms):     Min:  0.0, Avg:  0.0, Max:  0.0, Diff:  0.0, Sum:  0.0, Workers: 8
[40.898s][debug][gc,phases         ] GC(762)       Scanned Cards:            Min: 0, Avg:  0.2, Max: 2, Diff: 2, Sum: 2, Workers: 8
[40.898s][debug][gc,phases         ] GC(762)       Scanned Blocks:           Min: 0, Avg:  0.2, Max: 2, Diff: 2, Sum: 2, Workers: 8
[40.898s][debug][gc,phases         ] GC(762)       Claimed Chunks:           Min: 0, Avg:  0.2, Max: 2, Diff: 2, Sum: 2, Workers: 8
[40.898s][debug][gc,phases         ] GC(762)     Code Root Scan (ms):      Min:  0.0, Avg:  0.0, Max:  0.1, Diff:  0.1, Sum:  0.2, Workers: 8
[40.898s][debug][gc,phases         ] GC(762)     Object Copy (ms):         Min:  0.0, Avg:  0.0, Max:  0.0, Diff:  0.0, Sum:  0.0, Workers: 8
[40.898s][debug][gc,phases         ] GC(762)     Termination (ms):         Min:  0.0, Avg:  0.1, Max:  0.1, Diff:  0.1, Sum:  0.5, Workers: 8
[40.898s][debug][gc,phases         ] GC(762)       Termination Attempts:     Min: 1, Avg:  1.0, Max: 1, Diff: 0, Sum: 8, Workers: 8
[40.898s][debug][gc,phases         ] GC(762)     GC Worker Other (ms):     Min:  0.0, Avg:  0.0, Max:  0.1, Diff:  0.1, Sum:  0.3, Workers: 8
[40.898s][debug][gc,phases         ] GC(762)     GC Worker Total (ms):     Min:  0.3, Avg:  0.3, Max:  0.4, Diff:  0.1, Sum:  2.5, Workers: 8
[40.898s][info ][gc,phases         ] GC(762)   Post Evacuate Collection Set: 0.6ms
[40.898s][debug][gc,phases         ] GC(762)     Code Roots Fixup: 0.0ms
[40.898s][debug][gc,phases         ] GC(762)     Clear Card Table: 0.2ms
[40.898s][debug][gc,phases         ] GC(762)     Reference Processing: 0.0ms
[40.898s][debug][gc,phases,ref     ] GC(762)       Reconsider SoftReferences: 0.0ms
[40.898s][debug][gc,phases,ref     ] GC(762)         SoftRef (ms):             skipped
[40.898s][debug][gc,phases,ref     ] GC(762)       Notify Soft/WeakReferences: 0.0ms
[40.898s][debug][gc,phases,ref     ] GC(762)         SoftRef (ms):             skipped
[40.898s][debug][gc,phases,ref     ] GC(762)         WeakRef (ms):             skipped
[40.898s][debug][gc,phases,ref     ] GC(762)         FinalRef (ms):            skipped
[40.898s][debug][gc,phases,ref     ] GC(762)         Total (ms):               skipped
[40.898s][debug][gc,phases,ref     ] GC(762)       Notify and keep alive finalizable: 0.0ms
[40.898s][debug][gc,phases,ref     ] GC(762)         FinalRef (ms):            skipped
[40.898s][debug][gc,phases,ref     ] GC(762)       Notify PhantomReferences: 0.0ms
[40.898s][debug][gc,phases,ref     ] GC(762)         PhantomRef (ms):          skipped
[40.898s][debug][gc,phases,ref     ] GC(762)       SoftReference:
[40.898s][debug][gc,phases,ref     ] GC(762)         Discovered: 0
[40.898s][debug][gc,phases,ref     ] GC(762)         Cleared: 0
[40.898s][debug][gc,phases,ref     ] GC(762)       WeakReference:
[40.898s][debug][gc,phases,ref     ] GC(762)         Discovered: 0
[40.898s][debug][gc,phases,ref     ] GC(762)         Cleared: 0
[40.898s][debug][gc,phases,ref     ] GC(762)       FinalReference:
[40.898s][debug][gc,phases,ref     ] GC(762)         Discovered: 0
[40.898s][debug][gc,phases,ref     ] GC(762)         Cleared: 0
[40.898s][debug][gc,phases,ref     ] GC(762)       PhantomReference:
[40.898s][debug][gc,phases,ref     ] GC(762)         Discovered: 0
[40.898s][debug][gc,phases,ref     ] GC(762)         Cleared: 0
[40.898s][debug][gc,phases         ] GC(762)     Weak Processing: 0.1ms
[40.898s][debug][gc,phases         ] GC(762)       JVMTI weak processing: 0.0ms
[40.898s][debug][gc,phases         ] GC(762)         Dead: 0
[40.899s][debug][gc,phases         ] GC(762)         Total: 0
[40.899s][debug][gc,phases         ] GC(762)       JFR weak processing: 0.0ms
[40.899s][debug][gc,phases         ] GC(762)         Dead: 0
[40.899s][debug][gc,phases         ] GC(762)         Total: 0
[40.899s][debug][gc,phases         ] GC(762)       JNI weak                  Min:  0.0, Avg:  0.0, Max:  0.0, Diff:  0.0, Sum:  0.0, Workers: 5
[40.899s][debug][gc,phases         ] GC(762)         Dead                      Min: 0, Avg:  0.0, Max: 0, Diff: 0, Sum: 0, Workers: 5
[40.899s][debug][gc,phases         ] GC(762)         Total                     Min: 0, Avg: 13.4, Max: 64, Diff: 64, Sum: 67, Workers: 5
[40.899s][debug][gc,phases         ] GC(762)       VM weak                   Min:  0.0, Avg:  0.0, Max:  0.0, Diff:  0.0, Sum:  0.0, Workers: 5
[40.899s][debug][gc,phases         ] GC(762)         Dead                      Min: 0, Avg:  0.0, Max: 0, Diff: 0, Sum: 0, Workers: 5
[40.899s][debug][gc,phases         ] GC(762)         Total                     Min: 0, Avg: 45.2, Max: 128, Diff: 128, Sum: 226, Workers: 5
[40.899s][debug][gc,phases         ] GC(762)       StringTable weak          Min:  0.0, Avg:  0.0, Max:  0.0, Diff:  0.0, Sum:  0.0, Workers: 5
[40.899s][debug][gc,phases         ] GC(762)         Dead                      Min: 0, Avg:  0.0, Max: 0, Diff: 0, Sum: 0, Workers: 5
[40.899s][debug][gc,phases         ] GC(762)         Total                     Min: 0, Avg: 682.8, Max: 1727, Diff: 1727, Sum: 3414, Workers: 5
[40.899s][debug][gc,phases         ] GC(762)       ResolvedMethodTable weak  Min:  0.0, Avg:  0.0, Max:  0.0, Diff:  0.0, Sum:  0.0, Workers: 5
[40.899s][debug][gc,phases         ] GC(762)         Dead                      Min: 0, Avg:  0.0, Max: 0, Diff: 0, Sum: 0, Workers: 5
[40.899s][debug][gc,phases         ] GC(762)         Total                     Min: 0, Avg: 120.2, Max: 320, Diff: 320, Sum: 601, Workers: 5
[40.899s][debug][gc,phases         ] GC(762)     Merge Per-Thread State: 0.0ms
[40.899s][debug][gc,phases         ] GC(762)       Copied Bytes              Min: 296, Avg: 350319.0, Max: 800256, Diff: 799960, Sum: 2802552, Workers: 8
[40.899s][debug][gc,phases         ] GC(762)       LAB Waste                 Min: 0, Avg:  0.0, Max: 0, Diff: 0, Sum: 0, Workers: 8
[40.899s][debug][gc,phases         ] GC(762)       LAB Undo Waste            Min: 0, Avg:  0.0, Max: 0, Diff: 0, Sum: 0, Workers: 8
[40.899s][debug][gc,phases         ] GC(762)     Code Roots Purge: 0.0ms
[40.899s][debug][gc,phases         ] GC(762)     Redirty Cards: 0.0ms
[40.899s][debug][gc,phases         ] GC(762)     DerivedPointerTable Update: 0.0ms
[40.899s][debug][gc,phases         ] GC(762)     Free Collection Set: 0.2ms
[40.899s][debug][gc,phases         ] GC(762)     Rebuild Free List: 0.1ms
[40.899s][debug][gc,phases         ] GC(762)     Humongous Reclaim: 0.0ms
[40.899s][debug][gc,phases         ] GC(762)     Start New Collection Set: 0.0ms
[40.899s][debug][gc,phases         ] GC(762)     Resize TLABs: 0.0ms
[40.899s][debug][gc,phases         ] GC(762)     Expand Heap After Collection: 0.0ms
[40.899s][info ][gc,phases         ] GC(762)   Other: 0.3ms
[40.899s][info ][gc,heap           ] GC(762) Eden regions: 867->0(866)
[40.899s][info ][gc,heap           ] GC(762) Survivor regions: 3->4(109)
[40.899s][info ][gc,heap           ] GC(762) Old regions: 17->17
[40.899s][info ][gc,heap           ] GC(762) Archive regions: 2->2
[40.899s][info ][gc,heap           ] GC(762) Humongous regions: 0->0
[40.899s][info ][gc,metaspace      ] GC(762) Metaspace: 10130K(10624K)->10130K(10624K) NonClass: 8932K(9216K)->8932K(9216K) Class: 1198K(1408K)->1198K(1408K)
[40.899s][debug][gc,heap           ] GC(762) Heap after GC invocations=763 (full 1): garbage-first heap   total 1484800K, used 21210K [0x0000000700000000, 0x0000000800000000)
[40.899s][debug][gc,heap           ] GC(762)   region size 1024K, 4 young (4096K), 4 survivors (4096K)
[40.899s][debug][gc,heap           ] GC(762)  Metaspace       used 10130K, capacity 10468K, committed 10624K, reserved 1058816K
[40.899s][debug][gc,heap           ] GC(762)   class space    used 1198K, capacity 1344K, committed 1408K, reserved 1048576K
[40.899s][info ][gc                ] GC(762) Pause Young (Normal) (G1 Evacuation Pause) 886M->20M(1450M) 2.105ms
[40.899s][info ][gc,cpu            ] GC(762) User=0.01s Sys=0.00s Real=0.00s
[40.899s][info ][safepoint         ] Safepoint "G1CollectForAllocation", Time since last: 42970637 ns, Reaching safepoint: 182748 ns, At safepoint: 2279597 ns, Total: 2462345 ns
[40.942s][debug][gc,heap           ] GC(763) Heap before GC invocations=763 (full 1): garbage-first heap   total 1484800K, used 906970K [0x0000000700000000, 0x0000000800000000)
[40.942s][debug][gc,heap           ] GC(763)   region size 1024K, 870 young (890880K), 4 survivors (4096K)
[40.942s][debug][gc,heap           ] GC(763)  Metaspace       used 10130K, capacity 10468K, committed 10624K, reserved 1058816K
[40.942s][debug][gc,heap           ] GC(763)   class space    used 1198K, capacity 1344K, committed 1408K, reserved 1048576K
[40.942s][info ][gc,start          ] GC(763) Pause Young (Normal) (G1 Evacuation Pause)
[40.942s][info ][gc,task           ] GC(763) Using 8 workers of 8 for evacuation
[40.942s][debug][gc,tlab           ] GC(763) TLAB totals: thrds: 8  refills: 10 max: 2 slow allocs: 1730 max 239 waste: 34.9% gc: 989432B max: 206832B slow: 28216B max: 14304B fast: 0B max: 0B
[40.942s][debug][gc,age            ] GC(763) Desired survivor size 57147392 bytes, new threshold 15 (max threshold 15)
[40.942s][debug][gc,alloc,region   ] GC(763) Mutator Allocation stats, regions: 866, wasted size: 203M (23.4%)
[40.942s][debug][gc,ergo           ] GC(763) Running G1 Merge Heap Roots using 8 workers for 870 regions
[40.942s][debug][gc,remset         ] GC(763) Visited cards 256 Total dirty 2048 (12.50%) Total old 3602432 (0.01%)
[40.942s][debug][gc,ergo           ] GC(763) Running G1 Clear Card Table Task using 2 workers for 2 units of work for 871 regions.
[40.942s][debug][gc,ref            ] GC(763) Skipped phase1 of Reference Processing due to unavailable references
[40.942s][debug][gc,ref            ] GC(763) Skipped phase2 of Reference Processing due to unavailable references
[40.943s][debug][gc,ref            ] GC(763) Skipped phase3 of Reference Processing due to unavailable references
[40.943s][debug][gc,ref            ] GC(763) Skipped phase4 of Reference Processing due to unavailable references
[40.943s][debug][gc,ergo           ] GC(763) Running G1 Free Collection Set using 8 workers for collection set length 870 (1450)
[40.943s][debug][gc,ergo           ] GC(763) Running G1 Rebuild Free List Task using 8 workers for rebuilding free list of 0 (4096) regions
[40.943s][trace][gc,age            ] GC(763) Age table with threshold 15 (max threshold 15)
[40.943s][trace][gc,age            ] GC(763) - age   1:    2802544 bytes,    2802544 total
[40.943s][debug][gc,plab           ] GC(763) Young PLAB allocation: allocated: 16512B, wasted: 0B, unused: 14064B, used: 2448B, undo waste: 0B, 
[40.943s][debug][gc,plab           ] GC(763) Young other allocation: region end waste: 733256B, regions filled: 4, direct allocated: 2800096B, failure used: 0B, failure wasted: 0B
[40.943s][debug][gc,plab           ] GC(763) Young sizing: calculated: 0B, actual: 2064B
[40.943s][debug][gc,plab           ] GC(763) Old PLAB allocation: allocated: 0B, wasted: 0B, unused: 0B, used: 0B, undo waste: 0B, 
[40.943s][debug][gc,plab           ] GC(763) Old other allocation: region end waste: 0B, regions filled: 1, direct allocated: 0B, failure used: 0B, failure wasted: 0B
[40.943s][debug][gc,plab           ] GC(763) Old sizing: calculated: 0B, actual: 2064B
[40.943s][debug][gc,ihop           ] GC(763) Basic information (value update), threshold: 684195840B (45.00), target occupancy: 1520435200B, current occupancy: 21721768B, recent allocation size: 0B, recent allocation duration: 43.54ms, recent old gen allocation rate: 0.00B/s, recent marking phase length: 29.21ms
[40.943s][debug][gc,ihop           ] GC(763) Adaptive IHOP information (value update), threshold: 684195840B (47.37), internal target occupancy: 1444413440B, occupancy: 21721768B, additional buffer size: 912261120B, predicted old gen allocation rate: 0.08B/s, predicted marking phase length: 58.41ms, prediction active: false
[40.943s][debug][gc,ergo,refine    ] GC(763) Concurrent refinement times: Logged Cards Scan time goal: 20.00ms Logged Cards Scan time: 0.00ms HCC time: 0.00ms
[40.943s][debug][gc,ergo,refine    ] GC(763) Updated Refinement Zones: green: 2048, yellow: 6144, red: 10240
[40.943s][info ][gc,phases         ] GC(763)   Pre Evacuate Collection Set: 0.1ms
[40.943s][debug][gc,phases         ] GC(763)     Prepare TLABs: 0.0ms
[40.943s][debug][gc,phases         ] GC(763)     Choose Collection Set: 0.0ms
[40.943s][debug][gc,phases         ] GC(763)     Region Register: 0.1ms
[40.943s][debug][gc,phases         ] GC(763)     Prepare Heap Roots: 0.0ms
[40.943s][info ][gc,phases         ] GC(763)   Merge Heap Roots: 0.1ms
[40.943s][debug][gc,phases         ] GC(763)     Prepare Merge Heap Roots: 0.0ms
[40.943s][debug][gc,phases         ] GC(763)     Eager Reclaim (ms):       skipped
[40.943s][debug][gc,phases         ] GC(763)     Remembered Sets (ms):     Min:  0.0, Avg:  0.0, Max:  0.0, Diff:  0.0, Sum:  0.3, Workers: 8
[40.943s][debug][gc,phases         ] GC(763)       Merged Sparse:            Min: 0, Avg:  0.0, Max: 0, Diff: 0, Sum: 0, Workers: 8
[40.943s][debug][gc,phases         ] GC(763)       Merged Fine:              Min: 0, Avg:  0.0, Max: 0, Diff: 0, Sum: 0, Workers: 8
[40.943s][debug][gc,phases         ] GC(763)       Merged Coarse:            Min: 0, Avg:  0.0, Max: 0, Diff: 0, Sum: 0, Workers: 8
[40.943s][debug][gc,phases         ] GC(763)       Dirty Cards:              Min: 0, Avg:  0.0, Max: 0, Diff: 0, Sum: 0, Workers: 8
[40.943s][debug][gc,phases         ] GC(763)     Hot Card Cache (ms):      Min:  0.0, Avg:  0.0, Max:  0.0, Diff:  0.0, Sum:  0.0, Workers: 8
[40.943s][debug][gc,phases         ] GC(763)       Dirty Cards:              Min: 0, Avg:  0.0, Max: 0, Diff: 0, Sum: 0, Workers: 8
[40.943s][debug][gc,phases         ] GC(763)       Skipped Cards:            Min: 0, Avg:  0.0, Max: 0, Diff: 0, Sum: 0, Workers: 8
[40.943s][debug][gc,phases         ] GC(763)     Log Buffers (ms):         Min:  0.0, Avg:  0.0, Max:  0.0, Diff:  0.0, Sum:  0.0, Workers: 8
[40.943s][debug][gc,phases         ] GC(763)       Dirty Cards:              Min: 0, Avg:  0.1, Max: 1, Diff: 1, Sum: 1, Workers: 8
[40.943s][debug][gc,phases         ] GC(763)       Skipped Cards:            Min: 0, Avg:  0.0, Max: 0, Diff: 0, Sum: 0, Workers: 8
[40.943s][info ][gc,phases         ] GC(763)   Evacuate Collection Set: 0.3ms
[40.943s][debug][gc,phases         ] GC(763)     Ext Root Scanning (ms):   Min:  0.1, Avg:  0.2, Max:  0.2, Diff:  0.2, Sum:  1.3, Workers: 8
[40.943s][debug][gc,phases         ] GC(763)     Scan Heap Roots (ms):     Min:  0.0, Avg:  0.0, Max:  0.0, Diff:  0.0, Sum:  0.0, Workers: 8
[40.943s][debug][gc,phases         ] GC(763)       Scanned Cards:            Min: 0, Avg:  0.1, Max: 1, Diff: 1, Sum: 1, Workers: 8
[40.943s][debug][gc,phases         ] GC(763)       Scanned Blocks:           Min: 0, Avg:  0.1, Max: 1, Diff: 1, Sum: 1, Workers: 8
[40.943s][debug][gc,phases         ] GC(763)       Claimed Chunks:           Min: 0, Avg:  0.1, Max: 1, Diff: 1, Sum: 1, Workers: 8
[40.943s][debug][gc,phases         ] GC(763)     Code Root Scan (ms):      Min:  0.0, Avg:  0.0, Max:  0.1, Diff:  0.1, Sum:  0.2, Workers: 8
[40.943s][debug][gc,phases         ] GC(763)     Object Copy (ms):         Min:  0.0, Avg:  0.0, Max:  0.0, Diff:  0.0, Sum:  0.0, Workers: 8
[40.943s][debug][gc,phases         ] GC(763)     Termination (ms):         Min:  0.0, Avg:  0.1, Max:  0.1, Diff:  0.1, Sum:  0.6, Workers: 8
[40.943s][debug][gc,phases         ] GC(763)       Termination Attempts:     Min: 1, Avg:  1.2, Max: 2, Diff: 1, Sum: 10, Workers: 8
[40.943s][debug][gc,phases         ] GC(763)     GC Worker Other (ms):     Min:  0.0, Avg:  0.0, Max:  0.1, Diff:  0.1, Sum:  0.3, Workers: 8
[40.943s][debug][gc,phases         ] GC(763)     GC Worker Total (ms):     Min:  0.3, Avg:  0.3, Max:  0.3, Diff:  0.1, Sum:  2.4, Workers: 8
[40.943s][info ][gc,phases         ] GC(763)   Post Evacuate Collection Set: 0.7ms
[40.943s][debug][gc,phases         ] GC(763)     Code Roots Fixup: 0.0ms
[40.943s][debug][gc,phases         ] GC(763)     Clear Card Table: 0.2ms
[40.943s][debug][gc,phases         ] GC(763)     Reference Processing: 0.0ms
[40.943s][debug][gc,phases,ref     ] GC(763)       Reconsider SoftReferences: 0.0ms
[40.943s][debug][gc,phases,ref     ] GC(763)         SoftRef (ms):             skipped
[40.943s][debug][gc,phases,ref     ] GC(763)       Notify Soft/WeakReferences: 0.0ms
[40.943s][debug][gc,phases,ref     ] GC(763)         SoftRef (ms):             skipped
[40.943s][debug][gc,phases,ref     ] GC(763)         WeakRef (ms):             skipped
[40.943s][debug][gc,phases,ref     ] GC(763)         FinalRef (ms):            skipped
[40.943s][debug][gc,phases,ref     ] GC(763)         Total (ms):               skipped
[40.943s][debug][gc,phases,ref     ] GC(763)       Notify and keep alive finalizable: 0.0ms
[40.943s][debug][gc,phases,ref     ] GC(763)         FinalRef (ms):            skipped
[40.943s][debug][gc,phases,ref     ] GC(763)       Notify PhantomReferences: 0.0ms
[40.943s][debug][gc,phases,ref     ] GC(763)         PhantomRef (ms):          skipped
[40.943s][debug][gc,phases,ref     ] GC(763)       SoftReference:
[40.943s][debug][gc,phases,ref     ] GC(763)         Discovered: 0
[40.943s][debug][gc,phases,ref     ] GC(763)         Cleared: 0
[40.943s][debug][gc,phases,ref     ] GC(763)       WeakReference:
[40.943s][debug][gc,phases,ref     ] GC(763)         Discovered: 0
[40.943s][debug][gc,phases,ref     ] GC(763)         Cleared: 0
[40.943s][debug][gc,phases,ref     ] GC(763)       FinalReference:
[40.943s][debug][gc,phases,ref     ] GC(763)         Discovered: 0
[40.943s][debug][gc,phases,ref     ] GC(763)         Cleared: 0
[40.943s][debug][gc,phases,ref     ] GC(763)       PhantomReference:
[40.943s][debug][gc,phases,ref     ] GC(763)         Discovered: 0
[40.943s][debug][gc,phases,ref     ] GC(763)         Cleared: 0
[40.943s][debug][gc,phases         ] GC(763)     Weak Processing: 0.0ms
[40.943s][debug][gc,phases         ] GC(763)       JVMTI weak processing: 0.0ms
[40.943s][debug][gc,phases         ] GC(763)         Dead: 0
[40.943s][debug][gc,phases         ] GC(763)         Total: 0
[40.943s][debug][gc,phases         ] GC(763)       JFR weak processing: 0.0ms
[40.943s][debug][gc,phases         ] GC(763)         Dead: 0
[40.943s][debug][gc,phases         ] GC(763)         Total: 0
[40.943s][debug][gc,phases         ] GC(763)       JNI weak                  Min:  0.0, Avg:  0.0, Max:  0.0, Diff:  0.0, Sum:  0.0, Workers: 5
[40.943s][debug][gc,phases         ] GC(763)         Dead                      Min: 0, Avg:  0.0, Max: 0, Diff: 0, Sum: 0, Workers: 5
[40.943s][debug][gc,phases         ] GC(763)         Total                     Min: 0, Avg: 13.4, Max: 64, Diff: 64, Sum: 67, Workers: 5
[40.943s][debug][gc,phases         ] GC(763)       VM weak                   Min:  0.0, Avg:  0.0, Max:  0.0, Diff:  0.0, Sum:  0.0, Workers: 5
[40.944s][debug][gc,phases         ] GC(763)         Dead                      Min: 0, Avg:  0.0, Max: 0, Diff: 0, Sum: 0, Workers: 5
[40.944s][debug][gc,phases         ] GC(763)         Total                     Min: 0, Avg: 45.2, Max: 128, Diff: 128, Sum: 226, Workers: 5
[40.944s][debug][gc,phases         ] GC(763)       StringTable weak          Min:  0.0, Avg:  0.0, Max:  0.0, Diff:  0.0, Sum:  0.1, Workers: 5
[40.944s][debug][gc,phases         ] GC(763)         Dead                      Min: 0, Avg:  0.0, Max: 0, Diff: 0, Sum: 0, Workers: 5
[40.944s][debug][gc,phases         ] GC(763)         Total                     Min: 0, Avg: 682.8, Max: 1151, Diff: 1151, Sum: 3414, Workers: 5
[40.944s][debug][gc,phases         ] GC(763)       ResolvedMethodTable weak  Min:  0.0, Avg:  0.0, Max:  0.0, Diff:  0.0, Sum:  0.0, Workers: 5
[40.944s][debug][gc,phases         ] GC(763)         Dead                      Min: 0, Avg:  0.0, Max: 0, Diff: 0, Sum: 0, Workers: 5
[40.944s][debug][gc,phases         ] GC(763)         Total                     Min: 0, Avg: 120.2, Max: 192, Diff: 192, Sum: 601, Workers: 5
[40.944s][debug][gc,phases         ] GC(763)     Merge Per-Thread State: 0.0ms
[40.944s][debug][gc,phases         ] GC(763)       Copied Bytes              Min: 376, Avg: 350318.0, Max: 800096, Diff: 799720, Sum: 2802544, Workers: 8
[40.944s][debug][gc,phases         ] GC(763)       LAB Waste                 Min: 0, Avg:  0.0, Max: 0, Diff: 0, Sum: 0, Workers: 8
[40.944s][debug][gc,phases         ] GC(763)       LAB Undo Waste            Min: 0, Avg:  0.0, Max: 0, Diff: 0, Sum: 0, Workers: 8
[40.944s][debug][gc,phases         ] GC(763)     Code Roots Purge: 0.0ms
[40.944s][debug][gc,phases         ] GC(763)     Redirty Cards: 0.0ms
[40.944s][debug][gc,phases         ] GC(763)     DerivedPointerTable Update: 0.0ms
[40.944s][debug][gc,phases         ] GC(763)     Free Collection Set: 0.3ms
[40.944s][debug][gc,phases         ] GC(763)     Rebuild Free List: 0.1ms
[40.944s][debug][gc,phases         ] GC(763)     Humongous Reclaim: 0.0ms
[40.944s][debug][gc,phases         ] GC(763)     Start New Collection Set: 0.0ms
[40.944s][debug][gc,phases         ] GC(763)     Resize TLABs: 0.0ms
[40.944s][debug][gc,phases         ] GC(763)     Expand Heap After Collection: 0.0ms
[40.944s][info ][gc,phases         ] GC(763)   Other: 0.3ms
[40.944s][info ][gc,heap           ] GC(763) Eden regions: 866->0(866)
[40.944s][info ][gc,heap           ] GC(763) Survivor regions: 4->4(109)
[40.944s][info ][gc,heap           ] GC(763) Old regions: 17->17
[40.944s][info ][gc,heap           ] GC(763) Archive regions: 2->2
[40.944s][info ][gc,heap           ] GC(763) Humongous regions: 0->0
[40.944s][info ][gc,metaspace      ] GC(763) Metaspace: 10130K(10624K)->10130K(10624K) NonClass: 8932K(9216K)->8932K(9216K) Class: 1198K(1408K)->1198K(1408K)
[40.944s][debug][gc,heap           ] GC(763) Heap after GC invocations=764 (full 1): garbage-first heap   total 1484800K, used 21212K [0x0000000700000000, 0x0000000800000000)
[40.944s][debug][gc,heap           ] GC(763)   region size 1024K, 4 young (4096K), 4 survivors (4096K)
[40.944s][debug][gc,heap           ] GC(763)  Metaspace       used 10130K, capacity 10468K, committed 10624K, reserved 1058816K
[40.944s][debug][gc,heap           ] GC(763)   class space    used 1198K, capacity 1344K, committed 1408K, reserved 1048576K
[40.944s][info ][gc                ] GC(763) Pause Young (Normal) (G1 Evacuation Pause) 886M->20M(1450M) 2.115ms
[40.944s][info ][gc,cpu            ] GC(763) User=0.01s Sys=0.00s Real=0.01s
[40.944s][info ][safepoint         ] Safepoint "G1CollectForAllocation", Time since last: 42527534 ns, Reaching safepoint: 132678 ns, At safepoint: 2280150 ns, Total: 2412828 ns
[40.987s][debug][gc,heap           ] GC(764) Heap before GC invocations=764 (full 1): garbage-first heap   total 1484800K, used 906972K [0x0000000700000000, 0x0000000800000000)
[40.987s][debug][gc,heap           ] GC(764)   region size 1024K, 870 young (890880K), 4 survivors (4096K)
[40.987s][debug][gc,heap           ] GC(764)  Metaspace       used 10130K, capacity 10468K, committed 10624K, reserved 1058816K
[40.987s][debug][gc,heap           ] GC(764)   class space    used 1198K, capacity 1344K, committed 1408K, reserved 1048576K
[40.987s][info ][gc,start          ] GC(764) Pause Young (Normal) (G1 Evacuation Pause)
[40.987s][info ][gc,task           ] GC(764) Using 8 workers of 8 for evacuation
[40.987s][debug][gc,tlab           ] GC(764) TLAB totals: thrds: 8  refills: 11 max: 2 slow allocs: 1725 max 246 waste: 27.4% gc: 978056B max: 219472B slow: 40800B max: 13912B fast: 0B max: 0B
[40.987s][debug][gc,age            ] GC(764) Desired survivor size 57147392 bytes, new threshold 15 (max threshold 15)
[40.987s][debug][gc,alloc,region   ] GC(764) Mutator Allocation stats, regions: 866, wasted size: 203M (23.4%)
[40.988s][debug][gc,ergo           ] GC(764) Running G1 Merge Heap Roots using 8 workers for 870 regions
[40.988s][debug][gc,remset         ] GC(764) Visited cards 512 Total dirty 4096 (12.50%) Total old 3602432 (0.01%)
[40.988s][debug][gc,ergo           ] GC(764) Running G1 Clear Card Table Task using 2 workers for 2 units of work for 872 regions.
[40.989s][debug][gc,ref            ] GC(764) Skipped phase1 of Reference Processing due to unavailable references
[40.989s][debug][gc,ref            ] GC(764) Skipped phase2 of Reference Processing due to unavailable references
[40.989s][debug][gc,ref            ] GC(764) Skipped phase3 of Reference Processing due to unavailable references
[40.989s][debug][gc,ref            ] GC(764) Skipped phase4 of Reference Processing due to unavailable references
[40.989s][debug][gc,ergo           ] GC(764) Running G1 Free Collection Set using 8 workers for collection set length 870 (1450)
[40.989s][debug][gc,ergo           ] GC(764) Running G1 Rebuild Free List Task using 8 workers for rebuilding free list of 0 (4096) regions
[40.989s][trace][gc,age            ] GC(764) Age table with threshold 15 (max threshold 15)
[40.989s][trace][gc,age            ] GC(764) - age   1:    2002464 bytes,    2002464 total
[40.989s][debug][gc,plab           ] GC(764) Young PLAB allocation: allocated: 16512B, wasted: 0B, unused: 14128B, used: 2384B, undo waste: 0B, 
[40.989s][debug][gc,plab           ] GC(764) Young other allocation: region end waste: 486768B, regions filled: 3, direct allocated: 2000080B, failure used: 0B, failure wasted: 0B
[40.989s][debug][gc,plab           ] GC(764) Young sizing: calculated: 0B, actual: 2064B
[40.989s][debug][gc,plab           ] GC(764) Old PLAB allocation: allocated: 0B, wasted: 0B, unused: 0B, used: 0B, undo waste: 0B, 
[40.989s][debug][gc,plab           ] GC(764) Old other allocation: region end waste: 0B, regions filled: 1, direct allocated: 0B, failure used: 0B, failure wasted: 0B
[40.989s][debug][gc,plab           ] GC(764) Old sizing: calculated: 0B, actual: 2064B
[40.989s][debug][gc,ihop           ] GC(764) Basic information (value update), threshold: 684195840B (45.00), target occupancy: 1520435200B, current occupancy: 20675264B, recent allocation size: 0B, recent allocation duration: 44.42ms, recent old gen allocation rate: 0.00B/s, recent marking phase length: 29.21ms
[40.989s][debug][gc,ihop           ] GC(764) Adaptive IHOP information (value update), threshold: 684195840B (47.37), internal target occupancy: 1444413440B, occupancy: 20675264B, additional buffer size: 912261120B, predicted old gen allocation rate: 0.08B/s, predicted marking phase length: 58.41ms, prediction active: false
[40.989s][debug][gc,ergo,refine    ] GC(764) Concurrent refinement times: Logged Cards Scan time goal: 20.00ms Logged Cards Scan time: 0.00ms HCC time: 0.00ms
[40.989s][debug][gc,ergo,refine    ] GC(764) Updated Refinement Zones: green: 2048, yellow: 6144, red: 10240
[40.989s][info ][gc,phases         ] GC(764)   Pre Evacuate Collection Set: 0.1ms
[40.989s][debug][gc,phases         ] GC(764)     Prepare TLABs: 0.0ms
[40.989s][debug][gc,phases         ] GC(764)     Choose Collection Set: 0.0ms
[40.989s][debug][gc,phases         ] GC(764)     Region Register: 0.1ms
[40.989s][debug][gc,phases         ] GC(764)     Prepare Heap Roots: 0.0ms
[40.989s][info ][gc,phases         ] GC(764)   Merge Heap Roots: 0.2ms
[40.989s][debug][gc,phases         ] GC(764)     Prepare Merge Heap Roots: 0.0ms
[40.989s][debug][gc,phases         ] GC(764)     Eager Reclaim (ms):       skipped
[40.989s][debug][gc,phases         ] GC(764)     Remembered Sets (ms):     Min:  0.0, Avg:  0.0, Max:  0.1, Diff:  0.1, Sum:  0.4, Workers: 8
[40.989s][debug][gc,phases         ] GC(764)       Merged Sparse:            Min: 0, Avg:  0.0, Max: 0, Diff: 0, Sum: 0, Workers: 8
[40.989s][debug][gc,phases         ] GC(764)       Merged Fine:              Min: 0, Avg:  0.0, Max: 0, Diff: 0, Sum: 0, Workers: 8
[40.989s][debug][gc,phases         ] GC(764)       Merged Coarse:            Min: 0, Avg:  0.0, Max: 0, Diff: 0, Sum: 0, Workers: 8
[40.989s][debug][gc,phases         ] GC(764)       Dirty Cards:              Min: 0, Avg:  0.0, Max: 0, Diff: 0, Sum: 0, Workers: 8
[40.989s][debug][gc,phases         ] GC(764)     Hot Card Cache (ms):      Min:  0.0, Avg:  0.0, Max:  0.0, Diff:  0.0, Sum:  0.0, Workers: 8
[40.989s][debug][gc,phases         ] GC(764)       Dirty Cards:              Min: 0, Avg:  0.0, Max: 0, Diff: 0, Sum: 0, Workers: 8
[40.989s][debug][gc,phases         ] GC(764)       Skipped Cards:            Min: 0, Avg:  0.0, Max: 0, Diff: 0, Sum: 0, Workers: 8
[40.989s][debug][gc,phases         ] GC(764)     Log Buffers (ms):         Min:  0.0, Avg:  0.0, Max:  0.0, Diff:  0.0, Sum:  0.0, Workers: 8
[40.989s][debug][gc,phases         ] GC(764)       Dirty Cards:              Min: 0, Avg:  0.2, Max: 1, Diff: 1, Sum: 2, Workers: 8
[40.989s][debug][gc,phases         ] GC(764)       Skipped Cards:            Min: 0, Avg:  0.0, Max: 0, Diff: 0, Sum: 0, Workers: 8
[40.989s][info ][gc,phases         ] GC(764)   Evacuate Collection Set: 0.5ms
[40.989s][debug][gc,phases         ] GC(764)     Ext Root Scanning (ms):   Min:  0.0, Avg:  0.2, Max:  0.4, Diff:  0.3, Sum:  1.5, Workers: 8
[40.989s][debug][gc,phases         ] GC(764)     Scan Heap Roots (ms):     Min:  0.0, Avg:  0.0, Max:  0.0, Diff:  0.0, Sum:  0.0, Workers: 8
[40.989s][debug][gc,phases         ] GC(764)       Scanned Cards:            Min: 0, Avg:  0.2, Max: 1, Diff: 1, Sum: 2, Workers: 8
[40.989s][debug][gc,phases         ] GC(764)       Scanned Blocks:           Min: 0, Avg:  0.2, Max: 1, Diff: 1, Sum: 2, Workers: 8
[40.989s][debug][gc,phases         ] GC(764)       Claimed Chunks:           Min: 0, Avg:  0.2, Max: 1, Diff: 1, Sum: 2, Workers: 8
[40.989s][debug][gc,phases         ] GC(764)     Code Root Scan (ms):      Min:  0.0, Avg:  0.0, Max:  0.0, Diff:  0.0, Sum:  0.1, Workers: 8
[40.989s][debug][gc,phases         ] GC(764)     Object Copy (ms):         Min:  0.0, Avg:  0.0, Max:  0.0, Diff:  0.0, Sum:  0.0, Workers: 8
[40.989s][debug][gc,phases         ] GC(764)     Termination (ms):         Min:  0.1, Avg:  0.1, Max:  0.1, Diff:  0.1, Sum:  0.7, Workers: 8
[40.989s][debug][gc,phases         ] GC(764)       Termination Attempts:     Min: 1, Avg:  1.0, Max: 1, Diff: 0, Sum: 8, Workers: 8
[40.990s][debug][gc,phases         ] GC(764)     GC Worker Other (ms):     Min:  0.0, Avg:  0.0, Max:  0.1, Diff:  0.0, Sum:  0.4, Workers: 8
[40.990s][debug][gc,phases         ] GC(764)     GC Worker Total (ms):     Min:  0.1, Avg:  0.3, Max:  0.4, Diff:  0.3, Sum:  2.7, Workers: 8
[40.990s][info ][gc,phases         ] GC(764)   Post Evacuate Collection Set: 0.7ms
[40.990s][debug][gc,phases         ] GC(764)     Code Roots Fixup: 0.0ms
[40.990s][debug][gc,phases         ] GC(764)     Clear Card Table: 0.2ms
[40.990s][debug][gc,phases         ] GC(764)     Reference Processing: 0.0ms
[40.990s][debug][gc,phases,ref     ] GC(764)       Reconsider SoftReferences: 0.0ms
[40.990s][debug][gc,phases,ref     ] GC(764)         SoftRef (ms):             skipped
[40.990s][debug][gc,phases,ref     ] GC(764)       Notify Soft/WeakReferences: 0.0ms
[40.990s][debug][gc,phases,ref     ] GC(764)         SoftRef (ms):             skipped
[40.990s][debug][gc,phases,ref     ] GC(764)         WeakRef (ms):             skipped
[40.990s][debug][gc,phases,ref     ] GC(764)         FinalRef (ms):            skipped
[40.990s][debug][gc,phases,ref     ] GC(764)         Total (ms):               skipped
[40.990s][debug][gc,phases,ref     ] GC(764)       Notify and keep alive finalizable: 0.0ms
[40.990s][debug][gc,phases,ref     ] GC(764)         FinalRef (ms):            skipped
[40.990s][debug][gc,phases,ref     ] GC(764)       Notify PhantomReferences: 0.0ms
[40.990s][debug][gc,phases,ref     ] GC(764)         PhantomRef (ms):          skipped
[40.990s][debug][gc,phases,ref     ] GC(764)       SoftReference:
[40.990s][debug][gc,phases,ref     ] GC(764)         Discovered: 0
[40.990s][debug][gc,phases,ref     ] GC(764)         Cleared: 0
[40.990s][debug][gc,phases,ref     ] GC(764)       WeakReference:
[40.990s][debug][gc,phases,ref     ] GC(764)         Discovered: 0
[40.990s][debug][gc,phases,ref     ] GC(764)         Cleared: 0
[40.990s][debug][gc,phases,ref     ] GC(764)       FinalReference:
[40.990s][debug][gc,phases,ref     ] GC(764)         Discovered: 0
[40.990s][debug][gc,phases,ref     ] GC(764)         Cleared: 0
[40.990s][debug][gc,phases,ref     ] GC(764)       PhantomReference:
[40.990s][debug][gc,phases,ref     ] GC(764)         Discovered: 0
[40.990s][debug][gc,phases,ref     ] GC(764)         Cleared: 0
[40.990s][debug][gc,phases         ] GC(764)     Weak Processing: 0.0ms
[40.990s][debug][gc,phases         ] GC(764)       JVMTI weak processing: 0.0ms
[40.990s][debug][gc,phases         ] GC(764)         Dead: 0
[40.990s][debug][gc,phases         ] GC(764)         Total: 0
[40.990s][debug][gc,phases         ] GC(764)       JFR weak processing: 0.0ms
[40.990s][debug][gc,phases         ] GC(764)         Dead: 0
[40.990s][debug][gc,phases         ] GC(764)         Total: 0
[40.990s][debug][gc,phases         ] GC(764)       JNI weak                  Min:  0.0, Avg:  0.0, Max:  0.0, Diff:  0.0, Sum:  0.0, Workers: 5
[40.990s][debug][gc,phases         ] GC(764)         Dead                      Min: 0, Avg:  0.0, Max: 0, Diff: 0, Sum: 0, Workers: 5
[40.990s][debug][gc,phases         ] GC(764)         Total                     Min: 0, Avg: 13.4, Max: 64, Diff: 64, Sum: 67, Workers: 5
[40.990s][debug][gc,phases         ] GC(764)       VM weak                   Min:  0.0, Avg:  0.0, Max:  0.0, Diff:  0.0, Sum:  0.0, Workers: 5
[40.990s][debug][gc,phases         ] GC(764)         Dead                      Min: 0, Avg:  0.0, Max: 0, Diff: 0, Sum: 0, Workers: 5
[40.990s][debug][gc,phases         ] GC(764)         Total                     Min: 0, Avg: 45.2, Max: 98, Diff: 98, Sum: 226, Workers: 5
[40.990s][debug][gc,phases         ] GC(764)       StringTable weak          Min:  0.0, Avg:  0.0, Max:  0.0, Diff:  0.0, Sum:  0.1, Workers: 5
[40.990s][debug][gc,phases         ] GC(764)         Dead                      Min: 0, Avg:  0.0, Max: 0, Diff: 0, Sum: 0, Workers: 5
[40.990s][debug][gc,phases         ] GC(764)         Total                     Min: 0, Avg: 682.8, Max: 896, Diff: 896, Sum: 3414, Workers: 5
[40.990s][debug][gc,phases         ] GC(764)       ResolvedMethodTable weak  Min:  0.0, Avg:  0.0, Max:  0.0, Diff:  0.0, Sum:  0.0, Workers: 5
[40.990s][debug][gc,phases         ] GC(764)         Dead                      Min: 0, Avg:  0.0, Max: 0, Diff: 0, Sum: 0, Workers: 5
[40.990s][debug][gc,phases         ] GC(764)         Total                     Min: 0, Avg: 120.2, Max: 192, Diff: 192, Sum: 601, Workers: 5
[40.990s][debug][gc,phases         ] GC(764)     Merge Per-Thread State: 0.0ms
[40.990s][debug][gc,phases         ] GC(764)       Copied Bytes              Min: 16, Avg: 250308.0, Max: 800176, Diff: 800160, Sum: 2002464, Workers: 8
[40.990s][debug][gc,phases         ] GC(764)       LAB Waste                 Min: 0, Avg:  0.0, Max: 0, Diff: 0, Sum: 0, Workers: 8
[40.990s][debug][gc,phases         ] GC(764)       LAB Undo Waste            Min: 0, Avg:  0.0, Max: 0, Diff: 0, Sum: 0, Workers: 8
[40.990s][debug][gc,phases         ] GC(764)     Code Roots Purge: 0.0ms
[40.990s][debug][gc,phases         ] GC(764)     Redirty Cards: 0.0ms
[40.990s][debug][gc,phases         ] GC(764)     DerivedPointerTable Update: 0.0ms
[40.990s][debug][gc,phases         ] GC(764)     Free Collection Set: 0.2ms
[40.990s][debug][gc,phases         ] GC(764)     Rebuild Free List: 0.1ms
[40.990s][debug][gc,phases         ] GC(764)     Humongous Reclaim: 0.0ms
[40.990s][debug][gc,phases         ] GC(764)     Start New Collection Set: 0.0ms
[40.990s][debug][gc,phases         ] GC(764)     Resize TLABs: 0.0ms
[40.990s][debug][gc,phases         ] GC(764)     Expand Heap After Collection: 0.0ms
[40.990s][info ][gc,phases         ] GC(764)   Other: 0.5ms
[40.990s][info ][gc,heap           ] GC(764) Eden regions: 866->0(867)
[40.990s][info ][gc,heap           ] GC(764) Survivor regions: 4->3(109)
[40.990s][info ][gc,heap           ] GC(764) Old regions: 17->17
[40.990s][info ][gc,heap           ] GC(764) Archive regions: 2->2
[40.990s][info ][gc,heap           ] GC(764) Humongous regions: 0->0
[40.990s][info ][gc,metaspace      ] GC(764) Metaspace: 10130K(10624K)->10130K(10624K) NonClass: 8932K(9216K)->8932K(9216K) Class: 1198K(1408K)->1198K(1408K)
[40.990s][debug][gc,heap           ] GC(764) Heap after GC invocations=765 (full 1): garbage-first heap   total 1484800K, used 20190K [0x0000000700000000, 0x0000000800000000)
[40.990s][debug][gc,heap           ] GC(764)   region size 1024K, 3 young (3072K), 3 survivors (3072K)
[40.990s][debug][gc,heap           ] GC(764)  Metaspace       used 10130K, capacity 10468K, committed 10624K, reserved 1058816K
[40.990s][debug][gc,heap           ] GC(764)   class space    used 1198K, capacity 1344K, committed 1408K, reserved 1048576K
[40.990s][info ][gc                ] GC(764) Pause Young (Normal) (G1 Evacuation Pause) 886M->19M(1450M) 2.577ms
[40.990s][info ][gc,cpu            ] GC(764) User=0.01s Sys=0.00s Real=0.00s
[40.990s][info ][safepoint         ] Safepoint "G1CollectForAllocation", Time since last: 43369020 ns, Reaching safepoint: 181344 ns, At safepoint: 2752753 ns, Total: 2934097 ns
[41.036s][debug][gc,heap           ] GC(765) Heap before GC invocations=765 (full 1): garbage-first heap   total 1484800K, used 906974K [0x0000000700000000, 0x0000000800000000)
[41.036s][debug][gc,heap           ] GC(765)   region size 1024K, 870 young (890880K), 3 survivors (3072K)
[41.036s][debug][gc,heap           ] GC(765)  Metaspace       used 10130K, capacity 10468K, committed 10624K, reserved 1058816K
[41.036s][debug][gc,heap           ] GC(765)   class space    used 1198K, capacity 1344K, committed 1408K, reserved 1048576K
[41.036s][info ][gc,start          ] GC(765) Pause Young (Normal) (G1 Evacuation Pause)
[41.036s][info ][gc,task           ] GC(765) Using 8 workers of 8 for evacuation
[41.036s][debug][gc,tlab           ] GC(765) TLAB totals: thrds: 8  refills: 17 max: 3 slow allocs: 1727 max 258 waste: 17.3% gc: 822336B max: 120480B slow: 75160B max: 15952B fast: 0B max: 0B
[41.036s][debug][gc,age            ] GC(765) Desired survivor size 57147392 bytes, new threshold 15 (max threshold 15)
[41.036s][debug][gc,alloc,region   ] GC(765) Mutator Allocation stats, regions: 867, wasted size: 203M (23.5%)
[41.036s][debug][gc,ergo           ] GC(765) Running G1 Merge Heap Roots using 8 workers for 870 regions
[41.036s][debug][gc,remset         ] GC(765) Visited cards 256 Total dirty 2048 (12.50%) Total old 3602432 (0.01%)
[41.036s][debug][gc,ergo           ] GC(765) Running G1 Clear Card Table Task using 2 workers for 2 units of work for 871 regions.
[41.037s][debug][gc,ref            ] GC(765) Skipped phase1 of Reference Processing due to unavailable references
[41.037s][debug][gc,ref            ] GC(765) Skipped phase2 of Reference Processing due to unavailable references
[41.037s][debug][gc,ref            ] GC(765) Skipped phase3 of Reference Processing due to unavailable references
[41.037s][debug][gc,ref            ] GC(765) Skipped phase4 of Reference Processing due to unavailable references
[41.037s][debug][gc,ergo           ] GC(765) Running G1 Free Collection Set using 8 workers for collection set length 870 (1450)
[41.037s][debug][gc,ergo           ] GC(765) Running G1 Rebuild Free List Task using 8 workers for rebuilding free list of 0 (4096) regions
[41.037s][trace][gc,age            ] GC(765) Age table with threshold 15 (max threshold 15)
[41.037s][trace][gc,age            ] GC(765) - age   1:    2802560 bytes,    2802560 total
[41.037s][debug][gc,plab           ] GC(765) Young PLAB allocation: allocated: 16512B, wasted: 0B, unused: 14064B, used: 2448B, undo waste: 0B, 
[41.037s][debug][gc,plab           ] GC(765) Young other allocation: region end waste: 729120B, regions filled: 4, direct allocated: 2800112B, failure used: 0B, failure wasted: 0B
[41.037s][debug][gc,plab           ] GC(765) Young sizing: calculated: 0B, actual: 2064B
[41.037s][debug][gc,plab           ] GC(765) Old PLAB allocation: allocated: 0B, wasted: 0B, unused: 0B, used: 0B, undo waste: 0B, 
[41.037s][debug][gc,plab           ] GC(765) Old other allocation: region end waste: 0B, regions filled: 1, direct allocated: 0B, failure used: 0B, failure wasted: 0B
[41.037s][debug][gc,plab           ] GC(765) Old sizing: calculated: 0B, actual: 2064B
[41.037s][debug][gc,ihop           ] GC(765) Basic information (value update), threshold: 684195840B (45.00), target occupancy: 1520435200B, current occupancy: 21717648B, recent allocation size: 0B, recent allocation duration: 46.57ms, recent old gen allocation rate: 0.00B/s, recent marking phase length: 29.21ms
[41.037s][debug][gc,ihop           ] GC(765) Adaptive IHOP information (value update), threshold: 684195840B (47.37), internal target occupancy: 1444413440B, occupancy: 21717648B, additional buffer size: 912261120B, predicted old gen allocation rate: 0.08B/s, predicted marking phase length: 58.41ms, prediction active: false
[41.037s][debug][gc,ergo,refine    ] GC(765) Concurrent refinement times: Logged Cards Scan time goal: 20.00ms Logged Cards Scan time: 0.00ms HCC time: 0.00ms
[41.037s][debug][gc,ergo,refine    ] GC(765) Updated Refinement Zones: green: 2048, yellow: 6144, red: 10240
[41.037s][info ][gc,phases         ] GC(765)   Pre Evacuate Collection Set: 0.1ms
[41.037s][debug][gc,phases         ] GC(765)     Prepare TLABs: 0.0ms
[41.037s][debug][gc,phases         ] GC(765)     Choose Collection Set: 0.0ms
[41.037s][debug][gc,phases         ] GC(765)     Region Register: 0.1ms
[41.037s][debug][gc,phases         ] GC(765)     Prepare Heap Roots: 0.0ms
[41.037s][info ][gc,phases         ] GC(765)   Merge Heap Roots: 0.1ms
[41.037s][debug][gc,phases         ] GC(765)     Prepare Merge Heap Roots: 0.0ms
[41.037s][debug][gc,phases         ] GC(765)     Eager Reclaim (ms):       skipped
[41.037s][debug][gc,phases         ] GC(765)     Remembered Sets (ms):     Min:  0.0, Avg:  0.0, Max:  0.1, Diff:  0.0, Sum:  0.3, Workers: 8
[41.037s][debug][gc,phases         ] GC(765)       Merged Sparse:            Min: 0, Avg:  0.0, Max: 0, Diff: 0, Sum: 0, Workers: 8
[41.037s][debug][gc,phases         ] GC(765)       Merged Fine:              Min: 0, Avg:  0.0, Max: 0, Diff: 0, Sum: 0, Workers: 8
[41.037s][debug][gc,phases         ] GC(765)       Merged Coarse:            Min: 0, Avg:  0.0, Max: 0, Diff: 0, Sum: 0, Workers: 8
[41.037s][debug][gc,phases         ] GC(765)       Dirty Cards:              Min: 0, Avg:  0.0, Max: 0, Diff: 0, Sum: 0, Workers: 8
[41.037s][debug][gc,phases         ] GC(765)     Hot Card Cache (ms):      Min:  0.0, Avg:  0.0, Max:  0.0, Diff:  0.0, Sum:  0.0, Workers: 8
[41.037s][debug][gc,phases         ] GC(765)       Dirty Cards:              Min: 0, Avg:  0.0, Max: 0, Diff: 0, Sum: 0, Workers: 8
[41.037s][debug][gc,phases         ] GC(765)       Skipped Cards:            Min: 0, Avg:  0.0, Max: 0, Diff: 0, Sum: 0, Workers: 8
[41.037s][debug][gc,phases         ] GC(765)     Log Buffers (ms):         Min:  0.0, Avg:  0.0, Max:  0.0, Diff:  0.0, Sum:  0.0, Workers: 8
[41.037s][debug][gc,phases         ] GC(765)       Dirty Cards:              Min: 0, Avg:  0.1, Max: 1, Diff: 1, Sum: 1, Workers: 8
[41.037s][debug][gc,phases         ] GC(765)       Skipped Cards:            Min: 0, Avg:  0.0, Max: 0, Diff: 0, Sum: 0, Workers: 8
[41.037s][info ][gc,phases         ] GC(765)   Evacuate Collection Set: 0.4ms
[41.037s][debug][gc,phases         ] GC(765)     Ext Root Scanning (ms):   Min:  0.1, Avg:  0.2, Max:  0.2, Diff:  0.1, Sum:  1.6, Workers: 8
[41.037s][debug][gc,phases         ] GC(765)     Scan Heap Roots (ms):     Min:  0.0, Avg:  0.0, Max:  0.0, Diff:  0.0, Sum:  0.0, Workers: 8
[41.037s][debug][gc,phases         ] GC(765)       Scanned Cards:            Min: 0, Avg:  0.1, Max: 1, Diff: 1, Sum: 1, Workers: 8
[41.037s][debug][gc,phases         ] GC(765)       Scanned Blocks:           Min: 0, Avg:  0.1, Max: 1, Diff: 1, Sum: 1, Workers: 8
[41.037s][debug][gc,phases         ] GC(765)       Claimed Chunks:           Min: 0, Avg:  0.1, Max: 1, Diff: 1, Sum: 1, Workers: 8
[41.037s][debug][gc,phases         ] GC(765)     Code Root Scan (ms):      Min:  0.0, Avg:  0.0, Max:  0.1, Diff:  0.0, Sum:  0.2, Workers: 8
[41.037s][debug][gc,phases         ] GC(765)     Object Copy (ms):         Min:  0.0, Avg:  0.0, Max:  0.0, Diff:  0.0, Sum:  0.0, Workers: 8
[41.037s][debug][gc,phases         ] GC(765)     Termination (ms):         Min:  0.0, Avg:  0.1, Max:  0.1, Diff:  0.0, Sum:  0.4, Workers: 8
[41.037s][debug][gc,phases         ] GC(765)       Termination Attempts:     Min: 1, Avg:  1.0, Max: 1, Diff: 0, Sum: 8, Workers: 8
[41.037s][debug][gc,phases         ] GC(765)     GC Worker Other (ms):     Min:  0.0, Avg:  0.0, Max:  0.1, Diff:  0.0, Sum:  0.3, Workers: 8
[41.037s][debug][gc,phases         ] GC(765)     GC Worker Total (ms):     Min:  0.3, Avg:  0.3, Max:  0.3, Diff:  0.1, Sum:  2.5, Workers: 8
[41.037s][info ][gc,phases         ] GC(765)   Post Evacuate Collection Set: 0.6ms
[41.037s][debug][gc,phases         ] GC(765)     Code Roots Fixup: 0.0ms
[41.037s][debug][gc,phases         ] GC(765)     Clear Card Table: 0.2ms
[41.037s][debug][gc,phases         ] GC(765)     Reference Processing: 0.0ms
[41.037s][debug][gc,phases,ref     ] GC(765)       Reconsider SoftReferences: 0.0ms
[41.037s][debug][gc,phases,ref     ] GC(765)         SoftRef (ms):             skipped
[41.037s][debug][gc,phases,ref     ] GC(765)       Notify Soft/WeakReferences: 0.0ms
[41.037s][debug][gc,phases,ref     ] GC(765)         SoftRef (ms):             skipped
[41.037s][debug][gc,phases,ref     ] GC(765)         WeakRef (ms):             skipped
[41.037s][debug][gc,phases,ref     ] GC(765)         FinalRef (ms):            skipped
[41.037s][debug][gc,phases,ref     ] GC(765)         Total (ms):               skipped
[41.037s][debug][gc,phases,ref     ] GC(765)       Notify and keep alive finalizable: 0.0ms
[41.037s][debug][gc,phases,ref     ] GC(765)         FinalRef (ms):            skipped
[41.037s][debug][gc,phases,ref     ] GC(765)       Notify PhantomReferences: 0.0ms
[41.037s][debug][gc,phases,ref     ] GC(765)         PhantomRef (ms):          skipped
[41.037s][debug][gc,phases,ref     ] GC(765)       SoftReference:
[41.037s][debug][gc,phases,ref     ] GC(765)         Discovered: 0
[41.037s][debug][gc,phases,ref     ] GC(765)         Cleared: 0
[41.037s][debug][gc,phases,ref     ] GC(765)       WeakReference:
[41.037s][debug][gc,phases,ref     ] GC(765)         Discovered: 0
[41.037s][debug][gc,phases,ref     ] GC(765)         Cleared: 0
[41.037s][debug][gc,phases,ref     ] GC(765)       FinalReference:
[41.037s][debug][gc,phases,ref     ] GC(765)         Discovered: 0
[41.037s][debug][gc,phases,ref     ] GC(765)         Cleared: 0
[41.037s][debug][gc,phases,ref     ] GC(765)       PhantomReference:
[41.037s][debug][gc,phases,ref     ] GC(765)         Discovered: 0
[41.038s][debug][gc,phases,ref     ] GC(765)         Cleared: 0
[41.038s][debug][gc,phases         ] GC(765)     Weak Processing: 0.1ms
[41.038s][debug][gc,phases         ] GC(765)       JVMTI weak processing: 0.0ms
[41.038s][debug][gc,phases         ] GC(765)         Dead: 0
[41.038s][debug][gc,phases         ] GC(765)         Total: 0
[41.038s][debug][gc,phases         ] GC(765)       JFR weak processing: 0.0ms
[41.038s][debug][gc,phases         ] GC(765)         Dead: 0
[41.038s][debug][gc,phases         ] GC(765)         Total: 0
[41.038s][debug][gc,phases         ] GC(765)       JNI weak                  Min:  0.0, Avg:  0.0, Max:  0.0, Diff:  0.0, Sum:  0.0, Workers: 5
[41.038s][debug][gc,phases         ] GC(765)         Dead                      Min: 0, Avg:  0.0, Max: 0, Diff: 0, Sum: 0, Workers: 5
[41.038s][debug][gc,phases         ] GC(765)         Total                     Min: 0, Avg: 13.4, Max: 64, Diff: 64, Sum: 67, Workers: 5
[41.038s][debug][gc,phases         ] GC(765)       VM weak                   Min:  0.0, Avg:  0.0, Max:  0.0, Diff:  0.0, Sum:  0.0, Workers: 5
[41.038s][debug][gc,phases         ] GC(765)         Dead                      Min: 0, Avg:  0.0, Max: 0, Diff: 0, Sum: 0, Workers: 5
[41.038s][debug][gc,phases         ] GC(765)         Total                     Min: 0, Avg: 45.2, Max: 128, Diff: 128, Sum: 226, Workers: 5
[41.038s][debug][gc,phases         ] GC(765)       StringTable weak          Min:  0.0, Avg:  0.0, Max:  0.0, Diff:  0.0, Sum:  0.1, Workers: 5
[41.038s][debug][gc,phases         ] GC(765)         Dead                      Min: 0, Avg:  0.0, Max: 0, Diff: 0, Sum: 0, Workers: 5
[41.038s][debug][gc,phases         ] GC(765)         Total                     Min: 0, Avg: 682.8, Max: 1727, Diff: 1727, Sum: 3414, Workers: 5
[41.038s][debug][gc,phases         ] GC(765)       ResolvedMethodTable weak  Min:  0.0, Avg:  0.0, Max:  0.0, Diff:  0.0, Sum:  0.0, Workers: 5
[41.038s][debug][gc,phases         ] GC(765)         Dead                      Min: 0, Avg:  0.0, Max: 0, Diff: 0, Sum: 0, Workers: 5
[41.038s][debug][gc,phases         ] GC(765)         Total                     Min: 0, Avg: 120.2, Max: 192, Diff: 192, Sum: 601, Workers: 5
[41.038s][debug][gc,phases         ] GC(765)     Merge Per-Thread State: 0.0ms
[41.038s][debug][gc,phases         ] GC(765)       Copied Bytes              Min: 504, Avg: 350320.0, Max: 400968, Diff: 400464, Sum: 2802560, Workers: 8
[41.038s][debug][gc,phases         ] GC(765)       LAB Waste                 Min: 0, Avg:  0.0, Max: 0, Diff: 0, Sum: 0, Workers: 8
[41.038s][debug][gc,phases         ] GC(765)       LAB Undo Waste            Min: 0, Avg:  0.0, Max: 0, Diff: 0, Sum: 0, Workers: 8
[41.038s][debug][gc,phases         ] GC(765)     Code Roots Purge: 0.0ms
[41.038s][debug][gc,phases         ] GC(765)     Redirty Cards: 0.0ms
[41.038s][debug][gc,phases         ] GC(765)     DerivedPointerTable Update: 0.0ms
[41.038s][debug][gc,phases         ] GC(765)     Free Collection Set: 0.2ms
[41.038s][debug][gc,phases         ] GC(765)     Rebuild Free List: 0.1ms
[41.038s][debug][gc,phases         ] GC(765)     Humongous Reclaim: 0.0ms
[41.038s][debug][gc,phases         ] GC(765)     Start New Collection Set: 0.0ms
[41.038s][debug][gc,phases         ] GC(765)     Resize TLABs: 0.0ms
[41.038s][debug][gc,phases         ] GC(765)     Expand Heap After Collection: 0.0ms
[41.038s][info ][gc,phases         ] GC(765)   Other: 0.3ms
[41.038s][info ][gc,heap           ] GC(765) Eden regions: 867->0(866)
[41.038s][info ][gc,heap           ] GC(765) Survivor regions: 3->4(109)
[41.038s][info ][gc,heap           ] GC(765) Old regions: 17->17
[41.038s][info ][gc,heap           ] GC(765) Archive regions: 2->2
[41.038s][info ][gc,heap           ] GC(765) Humongous regions: 0->0
[41.038s][info ][gc,metaspace      ] GC(765) Metaspace: 10130K(10624K)->10130K(10624K) NonClass: 8932K(9216K)->8932K(9216K) Class: 1198K(1408K)->1198K(1408K)
[41.038s][debug][gc,heap           ] GC(765) Heap after GC invocations=766 (full 1): garbage-first heap   total 1484800K, used 21208K [0x0000000700000000, 0x0000000800000000)
[41.038s][debug][gc,heap           ] GC(765)   region size 1024K, 4 young (4096K), 4 survivors (4096K)
[41.038s][debug][gc,heap           ] GC(765)  Metaspace       used 10130K, capacity 10468K, committed 10624K, reserved 1058816K
[41.038s][debug][gc,heap           ] GC(765)   class space    used 1198K, capacity 1344K, committed 1408K, reserved 1048576K
[41.038s][info ][gc                ] GC(765) Pause Young (Normal) (G1 Evacuation Pause) 886M->20M(1450M) 2.110ms
[41.038s][info ][gc,cpu            ] GC(765) User=0.01s Sys=0.00s Real=0.00s
[41.038s][info ][safepoint         ] Safepoint "G1CollectForAllocation", Time since last: 45312487 ns, Reaching safepoint: 198444 ns, At safepoint: 2289586 ns, Total: 2488030 ns
[41.086s][debug][gc,heap           ] GC(766) Heap before GC invocations=766 (full 1): garbage-first heap   total 1484800K, used 906968K [0x0000000700000000, 0x0000000800000000)
[41.086s][debug][gc,heap           ] GC(766)   region size 1024K, 870 young (890880K), 4 survivors (4096K)
[41.086s][debug][gc,heap           ] GC(766)  Metaspace       used 10130K, capacity 10468K, committed 10624K, reserved 1058816K
[41.086s][debug][gc,heap           ] GC(766)   class space    used 1198K, capacity 1344K, committed 1408K, reserved 1048576K
[41.086s][info ][gc,start          ] GC(766) Pause Young (Normal) (G1 Evacuation Pause)
[41.086s][info ][gc,task           ] GC(766) Using 8 workers of 8 for evacuation
[41.086s][debug][gc,tlab           ] GC(766) TLAB totals: thrds: 8  refills: 12 max: 3 slow allocs: 1726 max 299 waste: 22.4% gc: 852536B max: 230456B slow: 43312B max: 15096B fast: 0B max: 0B
[41.086s][debug][gc,age            ] GC(766) Desired survivor size 57147392 bytes, new threshold 15 (max threshold 15)
[41.086s][debug][gc,alloc,region   ] GC(766) Mutator Allocation stats, regions: 866, wasted size: 203M (23.5%)
[41.086s][debug][gc,ergo           ] GC(766) Running G1 Merge Heap Roots using 8 workers for 870 regions
[41.086s][debug][gc,remset         ] GC(766) Visited cards 512 Total dirty 4096 (12.50%) Total old 3602432 (0.01%)
[41.087s][debug][gc,ergo           ] GC(766) Running G1 Clear Card Table Task using 2 workers for 2 units of work for 872 regions.
[41.087s][debug][gc,ref            ] GC(766) Skipped phase1 of Reference Processing due to unavailable references
[41.087s][debug][gc,ref            ] GC(766) Skipped phase2 of Reference Processing due to unavailable references
[41.087s][debug][gc,ref            ] GC(766) Skipped phase3 of Reference Processing due to unavailable references
[41.087s][debug][gc,ref            ] GC(766) Skipped phase4 of Reference Processing due to unavailable references
[41.087s][debug][gc,ergo           ] GC(766) Running G1 Free Collection Set using 8 workers for collection set length 870 (1450)
[41.087s][debug][gc,ergo           ] GC(766) Running G1 Rebuild Free List Task using 8 workers for rebuilding free list of 0 (4096) regions
[41.087s][trace][gc,age            ] GC(766) Age table with threshold 15 (max threshold 15)
[41.087s][trace][gc,age            ] GC(766) - age   1:    2802544 bytes,    2802544 total
[41.087s][debug][gc,plab           ] GC(766) Young PLAB allocation: allocated: 16512B, wasted: 0B, unused: 14064B, used: 2448B, undo waste: 0B, 
[41.087s][debug][gc,plab           ] GC(766) Young other allocation: region end waste: 733256B, regions filled: 4, direct allocated: 2800096B, failure used: 0B, failure wasted: 0B
[41.087s][debug][gc,plab           ] GC(766) Young sizing: calculated: 0B, actual: 2064B
[41.087s][debug][gc,plab           ] GC(766) Old PLAB allocation: allocated: 0B, wasted: 0B, unused: 0B, used: 0B, undo waste: 0B, 
[41.087s][debug][gc,plab           ] GC(766) Old other allocation: region end waste: 0B, regions filled: 1, direct allocated: 0B, failure used: 0B, failure wasted: 0B
[41.087s][debug][gc,plab           ] GC(766) Old sizing: calculated: 0B, actual: 2064B
[41.087s][debug][gc,ihop           ] GC(766) Basic information (value update), threshold: 684195840B (45.00), target occupancy: 1520435200B, current occupancy: 21721768B, recent allocation size: 0B, recent allocation duration: 48.89ms, recent old gen allocation rate: 0.00B/s, recent marking phase length: 29.21ms
[41.087s][debug][gc,ihop           ] GC(766) Adaptive IHOP information (value update), threshold: 684195840B (47.37), internal target occupancy: 1444413440B, occupancy: 21721768B, additional buffer size: 912261120B, predicted old gen allocation rate: 0.07B/s, predicted marking phase length: 58.41ms, prediction active: false
[41.087s][debug][gc,ergo,refine    ] GC(766) Concurrent refinement times: Logged Cards Scan time goal: 20.00ms Logged Cards Scan time: 0.00ms HCC time: 0.00ms
[41.087s][debug][gc,ergo,refine    ] GC(766) Updated Refinement Zones: green: 2048, yellow: 6144, red: 10240
[41.087s][info ][gc,phases         ] GC(766)   Pre Evacuate Collection Set: 0.1ms
[41.087s][debug][gc,phases         ] GC(766)     Prepare TLABs: 0.0ms
[41.087s][debug][gc,phases         ] GC(766)     Choose Collection Set: 0.0ms
[41.087s][debug][gc,phases         ] GC(766)     Region Register: 0.1ms
[41.087s][debug][gc,phases         ] GC(766)     Prepare Heap Roots: 0.0ms
[41.087s][info ][gc,phases         ] GC(766)   Merge Heap Roots: 0.2ms
[41.088s][debug][gc,phases         ] GC(766)     Prepare Merge Heap Roots: 0.0ms
[41.088s][debug][gc,phases         ] GC(766)     Eager Reclaim (ms):       skipped
[41.088s][debug][gc,phases         ] GC(766)     Remembered Sets (ms):     Min:  0.0, Avg:  0.0, Max:  0.1, Diff:  0.1, Sum:  0.4, Workers: 8
[41.088s][debug][gc,phases         ] GC(766)       Merged Sparse:            Min: 0, Avg:  0.0, Max: 0, Diff: 0, Sum: 0, Workers: 8
[41.088s][debug][gc,phases         ] GC(766)       Merged Fine:              Min: 0, Avg:  0.0, Max: 0, Diff: 0, Sum: 0, Workers: 8
[41.088s][debug][gc,phases         ] GC(766)       Merged Coarse:            Min: 0, Avg:  0.0, Max: 0, Diff: 0, Sum: 0, Workers: 8
[41.088s][debug][gc,phases         ] GC(766)       Dirty Cards:              Min: 0, Avg:  0.0, Max: 0, Diff: 0, Sum: 0, Workers: 8
[41.088s][debug][gc,phases         ] GC(766)     Hot Card Cache (ms):      Min:  0.0, Avg:  0.0, Max:  0.0, Diff:  0.0, Sum:  0.0, Workers: 8
[41.088s][debug][gc,phases         ] GC(766)       Dirty Cards:              Min: 0, Avg:  0.0, Max: 0, Diff: 0, Sum: 0, Workers: 8
[41.088s][debug][gc,phases         ] GC(766)       Skipped Cards:            Min: 0, Avg:  0.0, Max: 0, Diff: 0, Sum: 0, Workers: 8
[41.088s][debug][gc,phases         ] GC(766)     Log Buffers (ms):         Min:  0.0, Avg:  0.0, Max:  0.0, Diff:  0.0, Sum:  0.0, Workers: 8
[41.088s][debug][gc,phases         ] GC(766)       Dirty Cards:              Min: 0, Avg:  0.2, Max: 2, Diff: 2, Sum: 2, Workers: 8
[41.088s][debug][gc,phases         ] GC(766)       Skipped Cards:            Min: 0, Avg:  0.0, Max: 0, Diff: 0, Sum: 0, Workers: 8
[41.088s][info ][gc,phases         ] GC(766)   Evacuate Collection Set: 0.3ms
[41.088s][debug][gc,phases         ] GC(766)     Ext Root Scanning (ms):   Min:  0.0, Avg:  0.2, Max:  0.3, Diff:  0.2, Sum:  1.3, Workers: 8
[41.088s][debug][gc,phases         ] GC(766)     Scan Heap Roots (ms):     Min:  0.0, Avg:  0.0, Max:  0.0, Diff:  0.0, Sum:  0.0, Workers: 8
[41.088s][debug][gc,phases         ] GC(766)       Scanned Cards:            Min: 0, Avg:  0.2, Max: 1, Diff: 1, Sum: 2, Workers: 8
[41.088s][debug][gc,phases         ] GC(766)       Scanned Blocks:           Min: 0, Avg:  0.2, Max: 1, Diff: 1, Sum: 2, Workers: 8
[41.088s][debug][gc,phases         ] GC(766)       Claimed Chunks:           Min: 0, Avg:  0.2, Max: 1, Diff: 1, Sum: 2, Workers: 8
[41.088s][debug][gc,phases         ] GC(766)     Code Root Scan (ms):      Min:  0.0, Avg:  0.0, Max:  0.1, Diff:  0.1, Sum:  0.2, Workers: 8
[41.088s][debug][gc,phases         ] GC(766)     Object Copy (ms):         Min:  0.0, Avg:  0.0, Max:  0.0, Diff:  0.0, Sum:  0.0, Workers: 8
[41.088s][debug][gc,phases         ] GC(766)     Termination (ms):         Min:  0.0, Avg:  0.1, Max:  0.1, Diff:  0.1, Sum:  0.7, Workers: 8
[41.088s][debug][gc,phases         ] GC(766)       Termination Attempts:     Min: 1, Avg:  1.1, Max: 2, Diff: 1, Sum: 9, Workers: 8
[41.088s][debug][gc,phases         ] GC(766)     GC Worker Other (ms):     Min:  0.0, Avg:  0.0, Max:  0.1, Diff:  0.0, Sum:  0.3, Workers: 8
[41.088s][debug][gc,phases         ] GC(766)     GC Worker Total (ms):     Min:  0.3, Avg:  0.3, Max:  0.3, Diff:  0.0, Sum:  2.5, Workers: 8
[41.088s][info ][gc,phases         ] GC(766)   Post Evacuate Collection Set: 0.6ms
[41.088s][debug][gc,phases         ] GC(766)     Code Roots Fixup: 0.0ms
[41.088s][debug][gc,phases         ] GC(766)     Clear Card Table: 0.2ms
[41.088s][debug][gc,phases         ] GC(766)     Reference Processing: 0.0ms
[41.088s][debug][gc,phases,ref     ] GC(766)       Reconsider SoftReferences: 0.0ms
[41.088s][debug][gc,phases,ref     ] GC(766)         SoftRef (ms):             skipped
[41.088s][debug][gc,phases,ref     ] GC(766)       Notify Soft/WeakReferences: 0.0ms
[41.088s][debug][gc,phases,ref     ] GC(766)         SoftRef (ms):             skipped
[41.088s][debug][gc,phases,ref     ] GC(766)         WeakRef (ms):             skipped
[41.088s][debug][gc,phases,ref     ] GC(766)         FinalRef (ms):            skipped
[41.088s][debug][gc,phases,ref     ] GC(766)         Total (ms):               skipped
[41.088s][debug][gc,phases,ref     ] GC(766)       Notify and keep alive finalizable: 0.0ms
[41.088s][debug][gc,phases,ref     ] GC(766)         FinalRef (ms):            skipped
[41.088s][debug][gc,phases,ref     ] GC(766)       Notify PhantomReferences: 0.0ms
[41.088s][debug][gc,phases,ref     ] GC(766)         PhantomRef (ms):          skipped
[41.088s][debug][gc,phases,ref     ] GC(766)       SoftReference:
[41.088s][debug][gc,phases,ref     ] GC(766)         Discovered: 0
[41.088s][debug][gc,phases,ref     ] GC(766)         Cleared: 0
[41.088s][debug][gc,phases,ref     ] GC(766)       WeakReference:
[41.088s][debug][gc,phases,ref     ] GC(766)         Discovered: 0
[41.088s][debug][gc,phases,ref     ] GC(766)         Cleared: 0
[41.088s][debug][gc,phases,ref     ] GC(766)       FinalReference:
[41.088s][debug][gc,phases,ref     ] GC(766)         Discovered: 0
[41.088s][debug][gc,phases,ref     ] GC(766)         Cleared: 0
[41.088s][debug][gc,phases,ref     ] GC(766)       PhantomReference:
[41.088s][debug][gc,phases,ref     ] GC(766)         Discovered: 0
[41.088s][debug][gc,phases,ref     ] GC(766)         Cleared: 0
[41.088s][debug][gc,phases         ] GC(766)     Weak Processing: 0.0ms
[41.088s][debug][gc,phases         ] GC(766)       JVMTI weak processing: 0.0ms
[41.088s][debug][gc,phases         ] GC(766)         Dead: 0
[41.088s][debug][gc,phases         ] GC(766)         Total: 0
[41.088s][debug][gc,phases         ] GC(766)       JFR weak processing: 0.0ms
[41.088s][debug][gc,phases         ] GC(766)         Dead: 0
[41.088s][debug][gc,phases         ] GC(766)         Total: 0
[41.088s][debug][gc,phases         ] GC(766)       JNI weak                  Min:  0.0, Avg:  0.0, Max:  0.0, Diff:  0.0, Sum:  0.0, Workers: 5
[41.088s][debug][gc,phases         ] GC(766)         Dead                      Min: 0, Avg:  0.0, Max: 0, Diff: 0, Sum: 0, Workers: 5
[41.088s][debug][gc,phases         ] GC(766)         Total                     Min: 0, Avg: 13.4, Max: 64, Diff: 64, Sum: 67, Workers: 5
[41.088s][debug][gc,phases         ] GC(766)       VM weak                   Min:  0.0, Avg:  0.0, Max:  0.0, Diff:  0.0, Sum:  0.0, Workers: 5
[41.088s][debug][gc,phases         ] GC(766)         Dead                      Min: 0, Avg:  0.0, Max: 0, Diff: 0, Sum: 0, Workers: 5
[41.088s][debug][gc,phases         ] GC(766)         Total                     Min: 0, Avg: 45.2, Max: 128, Diff: 128, Sum: 226, Workers: 5
[41.088s][debug][gc,phases         ] GC(766)       StringTable weak          Min:  0.0, Avg:  0.0, Max:  0.0, Diff:  0.0, Sum:  0.1, Workers: 5
[41.088s][debug][gc,phases         ] GC(766)         Dead                      Min: 0, Avg:  0.0, Max: 0, Diff: 0, Sum: 0, Workers: 5
[41.088s][debug][gc,phases         ] GC(766)         Total                     Min: 448, Avg: 682.8, Max: 855, Diff: 407, Sum: 3414, Workers: 5
[41.088s][debug][gc,phases         ] GC(766)       ResolvedMethodTable weak  Min:  0.0, Avg:  0.0, Max:  0.0, Diff:  0.0, Sum:  0.0, Workers: 5
[41.088s][debug][gc,phases         ] GC(766)         Dead                      Min: 0, Avg:  0.0, Max: 0, Diff: 0, Sum: 0, Workers: 5
[41.088s][debug][gc,phases         ] GC(766)         Total                     Min: 64, Avg: 120.2, Max: 192, Diff: 128, Sum: 601, Workers: 5
[41.088s][debug][gc,phases         ] GC(766)     Merge Per-Thread State: 0.0ms
[41.088s][debug][gc,phases         ] GC(766)       Copied Bytes              Min: 520, Avg: 350318.0, Max: 800320, Diff: 799800, Sum: 2802544, Workers: 8
[41.088s][debug][gc,phases         ] GC(766)       LAB Waste                 Min: 0, Avg:  0.0, Max: 0, Diff: 0, Sum: 0, Workers: 8
[41.088s][debug][gc,phases         ] GC(766)       LAB Undo Waste            Min: 0, Avg:  0.0, Max: 0, Diff: 0, Sum: 0, Workers: 8
[41.088s][debug][gc,phases         ] GC(766)     Code Roots Purge: 0.0ms
[41.088s][debug][gc,phases         ] GC(766)     Redirty Cards: 0.0ms
[41.088s][debug][gc,phases         ] GC(766)     DerivedPointerTable Update: 0.0ms
[41.088s][debug][gc,phases         ] GC(766)     Free Collection Set: 0.2ms
[41.088s][debug][gc,phases         ] GC(766)     Rebuild Free List: 0.1ms
[41.088s][debug][gc,phases         ] GC(766)     Humongous Reclaim: 0.0ms
[41.088s][debug][gc,phases         ] GC(766)     Start New Collection Set: 0.0ms
[41.088s][debug][gc,phases         ] GC(766)     Resize TLABs: 0.0ms
[41.088s][debug][gc,phases         ] GC(766)     Expand Heap After Collection: 0.0ms
[41.088s][info ][gc,phases         ] GC(766)   Other: 0.3ms
[41.088s][info ][gc,heap           ] GC(766) Eden regions: 866->0(866)
[41.088s][info ][gc,heap           ] GC(766) Survivor regions: 4->4(109)
[41.088s][info ][gc,heap           ] GC(766) Old regions: 17->17
[41.088s][info ][gc,heap           ] GC(766) Archive regions: 2->2
[41.088s][info ][gc,heap           ] GC(766) Humongous regions: 0->0
[41.088s][info ][gc,metaspace      ] GC(766) Metaspace: 10130K(10624K)->10130K(10624K) NonClass: 8932K(9216K)->8932K(9216K) Class: 1198K(1408K)->1198K(1408K)
[41.088s][debug][gc,heap           ] GC(766) Heap after GC invocations=767 (full 1): garbage-first heap   total 1484800K, used 21212K [0x0000000700000000, 0x0000000800000000)
[41.088s][debug][gc,heap           ] GC(766)   region size 1024K, 4 young (4096K), 4 survivors (4096K)
[41.088s][debug][gc,heap           ] GC(766)  Metaspace       used 10130K, capacity 10468K, committed 10624K, reserved 1058816K
[41.088s][debug][gc,heap           ] GC(766)   class space    used 1198K, capacity 1344K, committed 1408K, reserved 1048576K
[41.088s][info ][gc                ] GC(766) Pause Young (Normal) (G1 Evacuation Pause) 886M->20M(1450M) 2.151ms
[41.088s][info ][gc,cpu            ] GC(766) User=0.00s Sys=0.00s Real=0.00s
[41.088s][info ][safepoint         ] Safepoint "G1CollectForAllocation", Time since last: 47842102 ns, Reaching safepoint: 144231 ns, At safepoint: 2322112 ns, Total: 2466343 ns
[41.132s][debug][gc,heap           ] GC(767) Heap before GC invocations=767 (full 1): garbage-first heap   total 1484800K, used 906972K [0x0000000700000000, 0x0000000800000000)
[41.132s][debug][gc,heap           ] GC(767)   region size 1024K, 870 young (890880K), 4 survivors (4096K)
[41.132s][debug][gc,heap           ] GC(767)  Metaspace       used 10130K, capacity 10468K, committed 10624K, reserved 1058816K
[41.132s][debug][gc,heap           ] GC(767)   class space    used 1198K, capacity 1344K, committed 1408K, reserved 1048576K
[41.132s][info ][gc,start          ] GC(767) Pause Young (Normal) (G1 Evacuation Pause)
[41.132s][info ][gc,task           ] GC(767) Using 8 workers of 8 for evacuation
[41.132s][debug][gc,tlab           ] GC(767) TLAB totals: thrds: 8  refills: 13 max: 3 slow allocs: 1722 max 234 waste: 29.8% gc: 1088880B max: 226664B slow: 55896B max: 15488B fast: 0B max: 0B
[41.132s][debug][gc,age            ] GC(767) Desired survivor size 57147392 bytes, new threshold 15 (max threshold 15)
[41.132s][debug][gc,alloc,region   ] GC(767) Mutator Allocation stats, regions: 866, wasted size: 202M (23.4%)
[41.132s][debug][gc,ergo           ] GC(767) Running G1 Merge Heap Roots using 8 workers for 870 regions
[41.132s][debug][gc,remset         ] GC(767) Visited cards 256 Total dirty 2048 (12.50%) Total old 3602432 (0.01%)
[41.133s][debug][gc,ergo           ] GC(767) Running G1 Clear Card Table Task using 2 workers for 2 units of work for 871 regions.
[41.133s][debug][gc,ref            ] GC(767) Skipped phase1 of Reference Processing due to unavailable references
[41.133s][debug][gc,ref            ] GC(767) Skipped phase2 of Reference Processing due to unavailable references
[41.133s][debug][gc,ref            ] GC(767) Skipped phase3 of Reference Processing due to unavailable references
[41.133s][debug][gc,ref            ] GC(767) Skipped phase4 of Reference Processing due to unavailable references
[41.133s][debug][gc,ergo           ] GC(767) Running G1 Free Collection Set using 8 workers for collection set length 870 (1450)
[41.133s][debug][gc,ergo           ] GC(767) Running G1 Rebuild Free List Task using 8 workers for rebuilding free list of 0 (4096) regions
[41.134s][trace][gc,age            ] GC(767) Age table with threshold 15 (max threshold 15)
[41.134s][trace][gc,age            ] GC(767) - age   1:    4402480 bytes,    4402480 total
[41.134s][debug][gc,plab           ] GC(767) Young PLAB allocation: allocated: 16512B, wasted: 0B, unused: 14176B, used: 2336B, undo waste: 0B, 
[41.134s][debug][gc,plab           ] GC(767) Young other allocation: region end waste: 1234488B, regions filled: 6, direct allocated: 4400144B, failure used: 0B, failure wasted: 0B
[41.134s][debug][gc,plab           ] GC(767) Young sizing: calculated: 0B, actual: 2064B
[41.134s][debug][gc,plab           ] GC(767) Old PLAB allocation: allocated: 0B, wasted: 0B, unused: 0B, used: 0B, undo waste: 0B, 
[41.134s][debug][gc,plab           ] GC(767) Old other allocation: region end waste: 0B, regions filled: 1, direct allocated: 0B, failure used: 0B, failure wasted: 0B
[41.134s][debug][gc,plab           ] GC(767) Old sizing: calculated: 0B, actual: 2064B
[41.134s][debug][gc,ihop           ] GC(767) Basic information (value update), threshold: 684195840B (45.00), target occupancy: 1520435200B, current occupancy: 23823048B, recent allocation size: 0B, recent allocation duration: 44.64ms, recent old gen allocation rate: 0.00B/s, recent marking phase length: 29.21ms
[41.134s][debug][gc,ihop           ] GC(767) Adaptive IHOP information (value update), threshold: 684195840B (47.37), internal target occupancy: 1444413440B, occupancy: 23823048B, additional buffer size: 912261120B, predicted old gen allocation rate: 0.07B/s, predicted marking phase length: 58.41ms, prediction active: false
[41.134s][debug][gc,ergo,refine    ] GC(767) Concurrent refinement times: Logged Cards Scan time goal: 20.00ms Logged Cards Scan time: 0.00ms HCC time: 0.00ms
[41.134s][debug][gc,ergo,refine    ] GC(767) Updated Refinement Zones: green: 2048, yellow: 6144, red: 10240
[41.134s][info ][gc,phases         ] GC(767)   Pre Evacuate Collection Set: 0.1ms
[41.134s][debug][gc,phases         ] GC(767)     Prepare TLABs: 0.0ms
[41.134s][debug][gc,phases         ] GC(767)     Choose Collection Set: 0.0ms
[41.134s][debug][gc,phases         ] GC(767)     Region Register: 0.1ms
[41.134s][debug][gc,phases         ] GC(767)     Prepare Heap Roots: 0.0ms
[41.134s][info ][gc,phases         ] GC(767)   Merge Heap Roots: 0.1ms
[41.134s][debug][gc,phases         ] GC(767)     Prepare Merge Heap Roots: 0.0ms
[41.134s][debug][gc,phases         ] GC(767)     Eager Reclaim (ms):       skipped
[41.134s][debug][gc,phases         ] GC(767)     Remembered Sets (ms):     Min:  0.0, Avg:  0.0, Max:  0.0, Diff:  0.0, Sum:  0.2, Workers: 8
[41.134s][debug][gc,phases         ] GC(767)       Merged Sparse:            Min: 0, Avg:  0.0, Max: 0, Diff: 0, Sum: 0, Workers: 8
[41.134s][debug][gc,phases         ] GC(767)       Merged Fine:              Min: 0, Avg:  0.0, Max: 0, Diff: 0, Sum: 0, Workers: 8
[41.134s][debug][gc,phases         ] GC(767)       Merged Coarse:            Min: 0, Avg:  0.0, Max: 0, Diff: 0, Sum: 0, Workers: 8
[41.134s][debug][gc,phases         ] GC(767)       Dirty Cards:              Min: 0, Avg:  0.0, Max: 0, Diff: 0, Sum: 0, Workers: 8
[41.134s][debug][gc,phases         ] GC(767)     Hot Card Cache (ms):      Min:  0.0, Avg:  0.0, Max:  0.0, Diff:  0.0, Sum:  0.0, Workers: 8
[41.134s][debug][gc,phases         ] GC(767)       Dirty Cards:              Min: 0, Avg:  0.0, Max: 0, Diff: 0, Sum: 0, Workers: 8
[41.134s][debug][gc,phases         ] GC(767)       Skipped Cards:            Min: 0, Avg:  0.0, Max: 0, Diff: 0, Sum: 0, Workers: 8
[41.134s][debug][gc,phases         ] GC(767)     Log Buffers (ms):         Min:  0.0, Avg:  0.0, Max:  0.0, Diff:  0.0, Sum:  0.0, Workers: 8
[41.134s][debug][gc,phases         ] GC(767)       Dirty Cards:              Min: 0, Avg:  0.1, Max: 1, Diff: 1, Sum: 1, Workers: 8
[41.134s][debug][gc,phases         ] GC(767)       Skipped Cards:            Min: 0, Avg:  0.0, Max: 0, Diff: 0, Sum: 0, Workers: 8
[41.134s][info ][gc,phases         ] GC(767)   Evacuate Collection Set: 0.5ms
[41.134s][debug][gc,phases         ] GC(767)     Ext Root Scanning (ms):   Min:  0.1, Avg:  0.3, Max:  0.5, Diff:  0.3, Sum:  2.6, Workers: 8
[41.134s][debug][gc,phases         ] GC(767)     Scan Heap Roots (ms):     Min:  0.0, Avg:  0.0, Max:  0.0, Diff:  0.0, Sum:  0.0, Workers: 8
[41.134s][debug][gc,phases         ] GC(767)       Scanned Cards:            Min: 0, Avg:  0.1, Max: 1, Diff: 1, Sum: 1, Workers: 8
[41.134s][debug][gc,phases         ] GC(767)       Scanned Blocks:           Min: 0, Avg:  0.1, Max: 1, Diff: 1, Sum: 1, Workers: 8
[41.134s][debug][gc,phases         ] GC(767)       Claimed Chunks:           Min: 0, Avg:  0.1, Max: 1, Diff: 1, Sum: 1, Workers: 8
[41.134s][debug][gc,phases         ] GC(767)     Code Root Scan (ms):      Min:  0.0, Avg:  0.0, Max:  0.1, Diff:  0.1, Sum:  0.2, Workers: 8
[41.134s][debug][gc,phases         ] GC(767)     Object Copy (ms):         Min:  0.0, Avg:  0.0, Max:  0.0, Diff:  0.0, Sum:  0.0, Workers: 8
[41.134s][debug][gc,phases         ] GC(767)     Termination (ms):         Min:  0.0, Avg:  0.1, Max:  0.1, Diff:  0.1, Sum:  0.5, Workers: 8
[41.134s][debug][gc,phases         ] GC(767)       Termination Attempts:     Min: 1, Avg:  1.1, Max: 2, Diff: 1, Sum: 9, Workers: 8
[41.134s][debug][gc,phases         ] GC(767)     GC Worker Other (ms):     Min:  0.0, Avg:  0.0, Max:  0.1, Diff:  0.1, Sum:  0.3, Workers: 8
[41.134s][debug][gc,phases         ] GC(767)     GC Worker Total (ms):     Min:  0.4, Avg:  0.5, Max:  0.5, Diff:  0.0, Sum:  3.7, Workers: 8
[41.134s][info ][gc,phases         ] GC(767)   Post Evacuate Collection Set: 0.6ms
[41.134s][debug][gc,phases         ] GC(767)     Code Roots Fixup: 0.0ms
[41.134s][debug][gc,phases         ] GC(767)     Clear Card Table: 0.2ms
[41.134s][debug][gc,phases         ] GC(767)     Reference Processing: 0.0ms
[41.134s][debug][gc,phases,ref     ] GC(767)       Reconsider SoftReferences: 0.0ms
[41.134s][debug][gc,phases,ref     ] GC(767)         SoftRef (ms):             skipped
[41.134s][debug][gc,phases,ref     ] GC(767)       Notify Soft/WeakReferences: 0.0ms
[41.134s][debug][gc,phases,ref     ] GC(767)         SoftRef (ms):             skipped
[41.134s][debug][gc,phases,ref     ] GC(767)         WeakRef (ms):             skipped
[41.134s][debug][gc,phases,ref     ] GC(767)         FinalRef (ms):            skipped
[41.134s][debug][gc,phases,ref     ] GC(767)         Total (ms):               skipped
[41.134s][debug][gc,phases,ref     ] GC(767)       Notify and keep alive finalizable: 0.0ms
[41.134s][debug][gc,phases,ref     ] GC(767)         FinalRef (ms):            skipped
[41.134s][debug][gc,phases,ref     ] GC(767)       Notify PhantomReferences: 0.0ms
[41.134s][debug][gc,phases,ref     ] GC(767)         PhantomRef (ms):          skipped
[41.134s][debug][gc,phases,ref     ] GC(767)       SoftReference:
[41.134s][debug][gc,phases,ref     ] GC(767)         Discovered: 0
[41.134s][debug][gc,phases,ref     ] GC(767)         Cleared: 0
[41.134s][debug][gc,phases,ref     ] GC(767)       WeakReference:
[41.134s][debug][gc,phases,ref     ] GC(767)         Discovered: 0
[41.134s][debug][gc,phases,ref     ] GC(767)         Cleared: 0
[41.134s][debug][gc,phases,ref     ] GC(767)       FinalReference:
[41.134s][debug][gc,phases,ref     ] GC(767)         Discovered: 0
[41.134s][debug][gc,phases,ref     ] GC(767)         Cleared: 0
[41.134s][debug][gc,phases,ref     ] GC(767)       PhantomReference:
[41.134s][debug][gc,phases,ref     ] GC(767)         Discovered: 0
[41.134s][debug][gc,phases,ref     ] GC(767)         Cleared: 0
[41.134s][debug][gc,phases         ] GC(767)     Weak Processing: 0.1ms
[41.134s][debug][gc,phases         ] GC(767)       JVMTI weak processing: 0.0ms
[41.134s][debug][gc,phases         ] GC(767)         Dead: 0
[41.134s][debug][gc,phases         ] GC(767)         Total: 0
[41.134s][debug][gc,phases         ] GC(767)       JFR weak processing: 0.0ms
[41.134s][debug][gc,phases         ] GC(767)         Dead: 0
[41.134s][debug][gc,phases         ] GC(767)         Total: 0
[41.134s][debug][gc,phases         ] GC(767)       JNI weak                  Min:  0.0, Avg:  0.0, Max:  0.0, Diff:  0.0, Sum:  0.0, Workers: 5
[41.134s][debug][gc,phases         ] GC(767)         Dead                      Min: 0, Avg:  0.0, Max: 0, Diff: 0, Sum: 0, Workers: 5
[41.134s][debug][gc,phases         ] GC(767)         Total                     Min: 0, Avg: 13.4, Max: 64, Diff: 64, Sum: 67, Workers: 5
[41.134s][debug][gc,phases         ] GC(767)       VM weak                   Min:  0.0, Avg:  0.0, Max:  0.0, Diff:  0.0, Sum:  0.0, Workers: 5
[41.134s][debug][gc,phases         ] GC(767)         Dead                      Min: 0, Avg:  0.0, Max: 0, Diff: 0, Sum: 0, Workers: 5
[41.134s][debug][gc,phases         ] GC(767)         Total                     Min: 0, Avg: 45.2, Max: 128, Diff: 128, Sum: 226, Workers: 5
[41.134s][debug][gc,phases         ] GC(767)       StringTable weak          Min:  0.0, Avg:  0.0, Max:  0.0, Diff:  0.0, Sum:  0.1, Workers: 5
[41.134s][debug][gc,phases         ] GC(767)         Dead                      Min: 0, Avg:  0.0, Max: 0, Diff: 0, Sum: 0, Workers: 5
[41.134s][debug][gc,phases         ] GC(767)         Total                     Min: 0, Avg: 682.8, Max: 1727, Diff: 1727, Sum: 3414, Workers: 5
[41.134s][debug][gc,phases         ] GC(767)       ResolvedMethodTable weak  Min:  0.0, Avg:  0.0, Max:  0.0, Diff:  0.0, Sum:  0.0, Workers: 5
[41.134s][debug][gc,phases         ] GC(767)         Dead                      Min: 0, Avg:  0.0, Max: 0, Diff: 0, Sum: 0, Workers: 5
[41.134s][debug][gc,phases         ] GC(767)         Total                     Min: 0, Avg: 120.2, Max: 281, Diff: 281, Sum: 601, Workers: 5
[41.134s][debug][gc,phases         ] GC(767)     Merge Per-Thread State: 0.0ms
[41.134s][debug][gc,phases         ] GC(767)       Copied Bytes              Min: 760, Avg: 550310.0, Max: 800320, Diff: 799560, Sum: 4402480, Workers: 8
[41.134s][debug][gc,phases         ] GC(767)       LAB Waste                 Min: 0, Avg:  0.0, Max: 0, Diff: 0, Sum: 0, Workers: 8
[41.134s][debug][gc,phases         ] GC(767)       LAB Undo Waste            Min: 0, Avg:  0.0, Max: 0, Diff: 0, Sum: 0, Workers: 8
[41.134s][debug][gc,phases         ] GC(767)     Code Roots Purge: 0.0ms
[41.134s][debug][gc,phases         ] GC(767)     Redirty Cards: 0.0ms
[41.134s][debug][gc,phases         ] GC(767)     DerivedPointerTable Update: 0.0ms
[41.134s][debug][gc,phases         ] GC(767)     Free Collection Set: 0.2ms
[41.134s][debug][gc,phases         ] GC(767)     Rebuild Free List: 0.1ms
[41.134s][debug][gc,phases         ] GC(767)     Humongous Reclaim: 0.0ms
[41.134s][debug][gc,phases         ] GC(767)     Start New Collection Set: 0.0ms
[41.134s][debug][gc,phases         ] GC(767)     Resize TLABs: 0.0ms
[41.134s][debug][gc,phases         ] GC(767)     Expand Heap After Collection: 0.0ms
[41.134s][info ][gc,phases         ] GC(767)   Other: 0.3ms
[41.134s][info ][gc,heap           ] GC(767) Eden regions: 866->0(864)
[41.134s][info ][gc,heap           ] GC(767) Survivor regions: 4->6(109)
[41.134s][info ][gc,heap           ] GC(767) Old regions: 17->17
[41.134s][info ][gc,heap           ] GC(767) Archive regions: 2->2
[41.134s][info ][gc,heap           ] GC(767) Humongous regions: 0->0
[41.134s][info ][gc,metaspace      ] GC(767) Metaspace: 10130K(10624K)->10130K(10624K) NonClass: 8932K(9216K)->8932K(9216K) Class: 1198K(1408K)->1198K(1408K)
[41.134s][debug][gc,heap           ] GC(767) Heap after GC invocations=768 (full 1): garbage-first heap   total 1484800K, used 23264K [0x0000000700000000, 0x0000000800000000)
[41.134s][debug][gc,heap           ] GC(767)   region size 1024K, 6 young (6144K), 6 survivors (6144K)
[41.134s][debug][gc,heap           ] GC(767)  Metaspace       used 10130K, capacity 10468K, committed 10624K, reserved 1058816K
[41.134s][debug][gc,heap           ] GC(767)   class space    used 1198K, capacity 1344K, committed 1408K, reserved 1048576K
[41.134s][info ][gc                ] GC(767) Pause Young (Normal) (G1 Evacuation Pause) 886M->22M(1450M) 2.232ms
[41.134s][info ][gc,cpu            ] GC(767) User=0.01s Sys=0.00s Real=0.01s
[41.134s][info ][safepoint         ] Safepoint "G1CollectForAllocation", Time since last: 43540601 ns, Reaching safepoint: 200921 ns, At safepoint: 2428479 ns, Total: 2629400 ns
[41.180s][debug][gc,heap           ] GC(768) Heap before GC invocations=768 (full 1): garbage-first heap   total 1484800K, used 906976K [0x0000000700000000, 0x0000000800000000)
[41.180s][debug][gc,heap           ] GC(768)   region size 1024K, 870 young (890880K), 6 survivors (6144K)
[41.180s][debug][gc,heap           ] GC(768)  Metaspace       used 10130K, capacity 10468K, committed 10624K, reserved 1058816K
[41.180s][debug][gc,heap           ] GC(768)   class space    used 1198K, capacity 1344K, committed 1408K, reserved 1048576K
[41.180s][info ][gc,start          ] GC(768) Pause Young (Normal) (G1 Evacuation Pause)
[41.180s][info ][gc,task           ] GC(768) Using 8 workers of 8 for evacuation
[41.180s][debug][gc,tlab           ] GC(768) TLAB totals: thrds: 8  refills: 20 max: 4 slow allocs: 1714 max 238 waste: 17.3% gc: 1044312B max: 219480B slow: 103888B max: 16744B fast: 0B max: 0B
[41.180s][debug][gc,age            ] GC(768) Desired survivor size 57147392 bytes, new threshold 15 (max threshold 15)
[41.180s][debug][gc,alloc,region   ] GC(768) Mutator Allocation stats, regions: 864, wasted size: 202M (23.4%)
[41.180s][debug][gc,ergo           ] GC(768) Running G1 Merge Heap Roots using 8 workers for 870 regions
[41.180s][debug][gc,remset         ] GC(768) Visited cards 512 Total dirty 4096 (12.50%) Total old 3602432 (0.01%)
[41.181s][debug][gc,ergo           ] GC(768) Running G1 Clear Card Table Task using 2 workers for 2 units of work for 872 regions.
[41.181s][debug][gc,ref            ] GC(768) Skipped phase1 of Reference Processing due to unavailable references
[41.181s][debug][gc,ref            ] GC(768) Skipped phase2 of Reference Processing due to unavailable references
[41.181s][debug][gc,ref            ] GC(768) Skipped phase3 of Reference Processing due to unavailable references
[41.181s][debug][gc,ref            ] GC(768) Skipped phase4 of Reference Processing due to unavailable references
[41.181s][debug][gc,ergo           ] GC(768) Running G1 Free Collection Set using 8 workers for collection set length 870 (1450)
[41.181s][debug][gc,ergo           ] GC(768) Running G1 Rebuild Free List Task using 8 workers for rebuilding free list of 0 (4096) regions
[41.181s][trace][gc,age            ] GC(768) Age table with threshold 15 (max threshold 15)
[41.182s][trace][gc,age            ] GC(768) - age   1:    3602576 bytes,    3602576 total
[41.182s][debug][gc,plab           ] GC(768) Young PLAB allocation: allocated: 16512B, wasted: 0B, unused: 14064B, used: 2448B, undo waste: 0B, 
[41.182s][debug][gc,plab           ] GC(768) Young other allocation: region end waste: 981800B, regions filled: 5, direct allocated: 3600128B, failure used: 0B, failure wasted: 0B
[41.182s][debug][gc,plab           ] GC(768) Young sizing: calculated: 0B, actual: 2064B
[41.182s][debug][gc,plab           ] GC(768) Old PLAB allocation: allocated: 0B, wasted: 0B, unused: 0B, used: 0B, undo waste: 0B, 
[41.182s][debug][gc,plab           ] GC(768) Old other allocation: region end waste: 0B, regions filled: 1, direct allocated: 0B, failure used: 0B, failure wasted: 0B
[41.182s][debug][gc,plab           ] GC(768) Old sizing: calculated: 0B, actual: 2064B
[41.182s][debug][gc,ihop           ] GC(768) Basic information (value update), threshold: 684195840B (45.00), target occupancy: 1520435200B, current occupancy: 22770344B, recent allocation size: 0B, recent allocation duration: 46.53ms, recent old gen allocation rate: 0.00B/s, recent marking phase length: 29.21ms
[41.182s][debug][gc,ihop           ] GC(768) Adaptive IHOP information (value update), threshold: 684195840B (47.37), internal target occupancy: 1444413440B, occupancy: 22770344B, additional buffer size: 912261120B, predicted old gen allocation rate: 0.07B/s, predicted marking phase length: 58.41ms, prediction active: false
[41.182s][debug][gc,ergo,refine    ] GC(768) Concurrent refinement times: Logged Cards Scan time goal: 20.00ms Logged Cards Scan time: 0.01ms HCC time: 0.00ms
[41.182s][debug][gc,ergo,refine    ] GC(768) Updated Refinement Zones: green: 2048, yellow: 6144, red: 10240
[41.182s][info ][gc,phases         ] GC(768)   Pre Evacuate Collection Set: 0.1ms
[41.182s][debug][gc,phases         ] GC(768)     Prepare TLABs: 0.0ms
[41.182s][debug][gc,phases         ] GC(768)     Choose Collection Set: 0.0ms
[41.182s][debug][gc,phases         ] GC(768)     Region Register: 0.1ms
[41.182s][debug][gc,phases         ] GC(768)     Prepare Heap Roots: 0.0ms
[41.182s][info ][gc,phases         ] GC(768)   Merge Heap Roots: 0.1ms
[41.182s][debug][gc,phases         ] GC(768)     Prepare Merge Heap Roots: 0.0ms
[41.182s][debug][gc,phases         ] GC(768)     Eager Reclaim (ms):       skipped
[41.182s][debug][gc,phases         ] GC(768)     Remembered Sets (ms):     Min:  0.0, Avg:  0.0, Max:  0.0, Diff:  0.0, Sum:  0.2, Workers: 8
[41.182s][debug][gc,phases         ] GC(768)       Merged Sparse:            Min: 0, Avg:  0.0, Max: 0, Diff: 0, Sum: 0, Workers: 8
[41.182s][debug][gc,phases         ] GC(768)       Merged Fine:              Min: 0, Avg:  0.0, Max: 0, Diff: 0, Sum: 0, Workers: 8
[41.182s][debug][gc,phases         ] GC(768)       Merged Coarse:            Min: 0, Avg:  0.0, Max: 0, Diff: 0, Sum: 0, Workers: 8
[41.182s][debug][gc,phases         ] GC(768)       Dirty Cards:              Min: 0, Avg:  0.0, Max: 0, Diff: 0, Sum: 0, Workers: 8
[41.182s][debug][gc,phases         ] GC(768)     Hot Card Cache (ms):      Min:  0.0, Avg:  0.0, Max:  0.0, Diff:  0.0, Sum:  0.0, Workers: 8
[41.182s][debug][gc,phases         ] GC(768)       Dirty Cards:              Min: 0, Avg:  0.0, Max: 0, Diff: 0, Sum: 0, Workers: 8
[41.182s][debug][gc,phases         ] GC(768)       Skipped Cards:            Min: 0, Avg:  0.0, Max: 0, Diff: 0, Sum: 0, Workers: 8
[41.182s][debug][gc,phases         ] GC(768)     Log Buffers (ms):         Min:  0.0, Avg:  0.0, Max:  0.0, Diff:  0.0, Sum:  0.0, Workers: 8
[41.182s][debug][gc,phases         ] GC(768)       Dirty Cards:              Min: 0, Avg:  0.2, Max: 1, Diff: 1, Sum: 2, Workers: 8
[41.182s][debug][gc,phases         ] GC(768)       Skipped Cards:            Min: 0, Avg:  0.0, Max: 0, Diff: 0, Sum: 0, Workers: 8
[41.182s][info ][gc,phases         ] GC(768)   Evacuate Collection Set: 0.4ms
[41.182s][debug][gc,phases         ] GC(768)     Ext Root Scanning (ms):   Min:  0.1, Avg:  0.2, Max:  0.3, Diff:  0.2, Sum:  2.0, Workers: 8
[41.182s][debug][gc,phases         ] GC(768)     Scan Heap Roots (ms):     Min:  0.0, Avg:  0.0, Max:  0.0, Diff:  0.0, Sum:  0.0, Workers: 8
[41.182s][debug][gc,phases         ] GC(768)       Scanned Cards:            Min: 0, Avg:  0.2, Max: 2, Diff: 2, Sum: 2, Workers: 8
[41.182s][debug][gc,phases         ] GC(768)       Scanned Blocks:           Min: 0, Avg:  0.2, Max: 2, Diff: 2, Sum: 2, Workers: 8
[41.182s][debug][gc,phases         ] GC(768)       Claimed Chunks:           Min: 0, Avg:  0.2, Max: 2, Diff: 2, Sum: 2, Workers: 8
[41.182s][debug][gc,phases         ] GC(768)     Code Root Scan (ms):      Min:  0.0, Avg:  0.0, Max:  0.0, Diff:  0.0, Sum:  0.2, Workers: 8
[41.182s][debug][gc,phases         ] GC(768)     Object Copy (ms):         Min:  0.0, Avg:  0.0, Max:  0.0, Diff:  0.0, Sum:  0.0, Workers: 8
[41.182s][debug][gc,phases         ] GC(768)     Termination (ms):         Min:  0.0, Avg:  0.1, Max:  0.1, Diff:  0.1, Sum:  0.5, Workers: 8
[41.182s][debug][gc,phases         ] GC(768)       Termination Attempts:     Min: 1, Avg:  1.0, Max: 1, Diff: 0, Sum: 8, Workers: 8
[41.182s][debug][gc,phases         ] GC(768)     GC Worker Other (ms):     Min:  0.0, Avg:  0.0, Max:  0.1, Diff:  0.0, Sum:  0.4, Workers: 8
[41.182s][debug][gc,phases         ] GC(768)     GC Worker Total (ms):     Min:  0.4, Avg:  0.4, Max:  0.4, Diff:  0.0, Sum:  3.0, Workers: 8
[41.182s][info ][gc,phases         ] GC(768)   Post Evacuate Collection Set: 0.6ms
[41.182s][debug][gc,phases         ] GC(768)     Code Roots Fixup: 0.0ms
[41.182s][debug][gc,phases         ] GC(768)     Clear Card Table: 0.2ms
[41.182s][debug][gc,phases         ] GC(768)     Reference Processing: 0.0ms
[41.182s][debug][gc,phases,ref     ] GC(768)       Reconsider SoftReferences: 0.0ms
[41.182s][debug][gc,phases,ref     ] GC(768)         SoftRef (ms):             skipped
[41.182s][debug][gc,phases,ref     ] GC(768)       Notify Soft/WeakReferences: 0.0ms
[41.182s][debug][gc,phases,ref     ] GC(768)         SoftRef (ms):             skipped
[41.182s][debug][gc,phases,ref     ] GC(768)         WeakRef (ms):             skipped
[41.182s][debug][gc,phases,ref     ] GC(768)         FinalRef (ms):            skipped
[41.182s][debug][gc,phases,ref     ] GC(768)         Total (ms):               skipped
[41.182s][debug][gc,phases,ref     ] GC(768)       Notify and keep alive finalizable: 0.0ms
[41.182s][debug][gc,phases,ref     ] GC(768)         FinalRef (ms):            skipped
[41.182s][debug][gc,phases,ref     ] GC(768)       Notify PhantomReferences: 0.0ms
[41.182s][debug][gc,phases,ref     ] GC(768)         PhantomRef (ms):          skipped
[41.182s][debug][gc,phases,ref     ] GC(768)       SoftReference:
[41.182s][debug][gc,phases,ref     ] GC(768)         Discovered: 0
[41.182s][debug][gc,phases,ref     ] GC(768)         Cleared: 0
[41.182s][debug][gc,phases,ref     ] GC(768)       WeakReference:
[41.182s][debug][gc,phases,ref     ] GC(768)         Discovered: 0
[41.182s][debug][gc,phases,ref     ] GC(768)         Cleared: 0
[41.182s][debug][gc,phases,ref     ] GC(768)       FinalReference:
[41.182s][debug][gc,phases,ref     ] GC(768)         Discovered: 0
[41.182s][debug][gc,phases,ref     ] GC(768)         Cleared: 0
[41.182s][debug][gc,phases,ref     ] GC(768)       PhantomReference:
[41.182s][debug][gc,phases,ref     ] GC(768)         Discovered: 0
[41.182s][debug][gc,phases,ref     ] GC(768)         Cleared: 0
[41.182s][debug][gc,phases         ] GC(768)     Weak Processing: 0.0ms
[41.182s][debug][gc,phases         ] GC(768)       JVMTI weak processing: 0.0ms
[41.182s][debug][gc,phases         ] GC(768)         Dead: 0
[41.182s][debug][gc,phases         ] GC(768)         Total: 0
[41.182s][debug][gc,phases         ] GC(768)       JFR weak processing: 0.0ms
[41.182s][debug][gc,phases         ] GC(768)         Dead: 0
[41.182s][debug][gc,phases         ] GC(768)         Total: 0
[41.182s][debug][gc,phases         ] GC(768)       JNI weak                  Min:  0.0, Avg:  0.0, Max:  0.0, Diff:  0.0, Sum:  0.0, Workers: 5
[41.182s][debug][gc,phases         ] GC(768)         Dead                      Min: 0, Avg:  0.0, Max: 0, Diff: 0, Sum: 0, Workers: 5
[41.182s][debug][gc,phases         ] GC(768)         Total                     Min: 0, Avg: 13.4, Max: 64, Diff: 64, Sum: 67, Workers: 5
[41.182s][debug][gc,phases         ] GC(768)       VM weak                   Min:  0.0, Avg:  0.0, Max:  0.0, Diff:  0.0, Sum:  0.0, Workers: 5
[41.182s][debug][gc,phases         ] GC(768)         Dead                      Min: 0, Avg:  0.0, Max: 0, Diff: 0, Sum: 0, Workers: 5
[41.182s][debug][gc,phases         ] GC(768)         Total                     Min: 0, Avg: 45.2, Max: 64, Diff: 64, Sum: 226, Workers: 5
[41.182s][debug][gc,phases         ] GC(768)       StringTable weak          Min:  0.0, Avg:  0.0, Max:  0.0, Diff:  0.0, Sum:  0.1, Workers: 5
[41.182s][debug][gc,phases         ] GC(768)         Dead                      Min: 0, Avg:  0.0, Max: 0, Diff: 0, Sum: 0, Workers: 5
[41.182s][debug][gc,phases         ] GC(768)         Total                     Min: 0, Avg: 682.8, Max: 895, Diff: 895, Sum: 3414, Workers: 5
[41.182s][debug][gc,phases         ] GC(768)       ResolvedMethodTable weak  Min:  0.0, Avg:  0.0, Max:  0.0, Diff:  0.0, Sum:  0.0, Workers: 5
[41.182s][debug][gc,phases         ] GC(768)         Dead                      Min: 0, Avg:  0.0, Max: 0, Diff: 0, Sum: 0, Workers: 5
[41.182s][debug][gc,phases         ] GC(768)         Total                     Min: 0, Avg: 120.2, Max: 192, Diff: 192, Sum: 601, Workers: 5
[41.182s][debug][gc,phases         ] GC(768)     Merge Per-Thread State: 0.0ms
[41.182s][debug][gc,phases         ] GC(768)       Copied Bytes              Min: 664, Avg: 450322.0, Max: 800544, Diff: 799880, Sum: 3602576, Workers: 8
[41.182s][debug][gc,phases         ] GC(768)       LAB Waste                 Min: 0, Avg:  0.0, Max: 0, Diff: 0, Sum: 0, Workers: 8
[41.182s][debug][gc,phases         ] GC(768)       LAB Undo Waste            Min: 0, Avg:  0.0, Max: 0, Diff: 0, Sum: 0, Workers: 8
[41.182s][debug][gc,phases         ] GC(768)     Code Roots Purge: 0.0ms
[41.182s][debug][gc,phases         ] GC(768)     Redirty Cards: 0.0ms
[41.182s][debug][gc,phases         ] GC(768)     DerivedPointerTable Update: 0.0ms
[41.182s][debug][gc,phases         ] GC(768)     Free Collection Set: 0.2ms
[41.182s][debug][gc,phases         ] GC(768)     Rebuild Free List: 0.1ms
[41.182s][debug][gc,phases         ] GC(768)     Humongous Reclaim: 0.0ms
[41.182s][debug][gc,phases         ] GC(768)     Start New Collection Set: 0.0ms
[41.182s][debug][gc,phases         ] GC(768)     Resize TLABs: 0.0ms
[41.182s][debug][gc,phases         ] GC(768)     Expand Heap After Collection: 0.0ms
[41.182s][info ][gc,phases         ] GC(768)   Other: 0.3ms
[41.182s][info ][gc,heap           ] GC(768) Eden regions: 864->0(865)
[41.182s][info ][gc,heap           ] GC(768) Survivor regions: 6->5(109)
[41.182s][info ][gc,heap           ] GC(768) Old regions: 17->17
[41.182s][info ][gc,heap           ] GC(768) Archive regions: 2->2
[41.182s][info ][gc,heap           ] GC(768) Humongous regions: 0->0
[41.182s][info ][gc,metaspace      ] GC(768) Metaspace: 10130K(10624K)->10130K(10624K) NonClass: 8932K(9216K)->8932K(9216K) Class: 1198K(1408K)->1198K(1408K)
[41.182s][debug][gc,heap           ] GC(768) Heap after GC invocations=769 (full 1): garbage-first heap   total 1484800K, used 22236K [0x0000000700000000, 0x0000000800000000)
[41.182s][debug][gc,heap           ] GC(768)   region size 1024K, 5 young (5120K), 5 survivors (5120K)
[41.182s][debug][gc,heap           ] GC(768)  Metaspace       used 10130K, capacity 10468K, committed 10624K, reserved 1058816K
[41.182s][debug][gc,heap           ] GC(768)   class space    used 1198K, capacity 1344K, committed 1408K, reserved 1048576K
[41.182s][info ][gc                ] GC(768) Pause Young (Normal) (G1 Evacuation Pause) 886M->21M(1450M) 2.195ms
[41.182s][info ][gc,cpu            ] GC(768) User=0.01s Sys=0.00s Real=0.00s
[41.182s][info ][safepoint         ] Safepoint "G1CollectForAllocation", Time since last: 45471798 ns, Reaching safepoint: 149262 ns, At safepoint: 2423397 ns, Total: 2572659 ns
[41.225s][debug][gc,heap           ] GC(769) Heap before GC invocations=769 (full 1): garbage-first heap   total 1484800K, used 906972K [0x0000000700000000, 0x0000000800000000)
[41.225s][debug][gc,heap           ] GC(769)   region size 1024K, 870 young (890880K), 5 survivors (5120K)
[41.225s][debug][gc,heap           ] GC(769)  Metaspace       used 10130K, capacity 10468K, committed 10624K, reserved 1058816K
[41.225s][debug][gc,heap           ] GC(769)   class space    used 1198K, capacity 1344K, committed 1408K, reserved 1048576K
[41.225s][info ][gc,start          ] GC(769) Pause Young (Normal) (G1 Evacuation Pause)
[41.225s][info ][gc,task           ] GC(769) Using 8 workers of 8 for evacuation
[41.225s][debug][gc,tlab           ] GC(769) TLAB totals: thrds: 8  refills: 17 max: 3 slow allocs: 1720 max 233 waste: 22.8% gc: 1170568B max: 223272B slow: 99216B max: 15488B fast: 0B max: 0B
[41.225s][debug][gc,age            ] GC(769) Desired survivor size 57147392 bytes, new threshold 15 (max threshold 15)
[41.225s][debug][gc,alloc,region   ] GC(769) Mutator Allocation stats, regions: 865, wasted size: 202M (23.4%)
[41.225s][debug][gc,ergo           ] GC(769) Running G1 Merge Heap Roots using 8 workers for 870 regions
[41.225s][debug][gc,remset         ] GC(769) Visited cards 256 Total dirty 2048 (12.50%) Total old 3602432 (0.01%)
[41.226s][debug][gc,ergo           ] GC(769) Running G1 Clear Card Table Task using 2 workers for 2 units of work for 871 regions.
[41.226s][debug][gc,ref            ] GC(769) Skipped phase1 of Reference Processing due to unavailable references
[41.226s][debug][gc,ref            ] GC(769) Skipped phase2 of Reference Processing due to unavailable references
[41.226s][debug][gc,ref            ] GC(769) Skipped phase3 of Reference Processing due to unavailable references
[41.226s][debug][gc,ref            ] GC(769) Skipped phase4 of Reference Processing due to unavailable references
[41.226s][debug][gc,ergo           ] GC(769) Running G1 Free Collection Set using 8 workers for collection set length 870 (1450)
[41.226s][debug][gc,ergo           ] GC(769) Running G1 Rebuild Free List Task using 8 workers for rebuilding free list of 0 (4096) regions
[41.226s][trace][gc,age            ] GC(769) Age table with threshold 15 (max threshold 15)
[41.226s][trace][gc,age            ] GC(769) - age   1:    3602536 bytes,    3602536 total
[41.226s][debug][gc,plab           ] GC(769) Young PLAB allocation: allocated: 16512B, wasted: 0B, unused: 14104B, used: 2408B, undo waste: 0B, 
[41.226s][debug][gc,plab           ] GC(769) Young other allocation: region end waste: 981800B, regions filled: 5, direct allocated: 3600128B, failure used: 0B, failure wasted: 0B
[41.226s][debug][gc,plab           ] GC(769) Young sizing: calculated: 0B, actual: 2064B
[41.226s][debug][gc,plab           ] GC(769) Old PLAB allocation: allocated: 0B, wasted: 0B, unused: 0B, used: 0B, undo waste: 0B, 
[41.226s][debug][gc,plab           ] GC(769) Old other allocation: region end waste: 0B, regions filled: 1, direct allocated: 0B, failure used: 0B, failure wasted: 0B
[41.226s][debug][gc,plab           ] GC(769) Old sizing: calculated: 0B, actual: 2064B
[41.226s][debug][gc,ihop           ] GC(769) Basic information (value update), threshold: 684195840B (45.00), target occupancy: 1520435200B, current occupancy: 22770344B, recent allocation size: 0B, recent allocation duration: 43.19ms, recent old gen allocation rate: 0.00B/s, recent marking phase length: 29.21ms
[41.226s][debug][gc,ihop           ] GC(769) Adaptive IHOP information (value update), threshold: 684195840B (47.37), internal target occupancy: 1444413440B, occupancy: 22770344B, additional buffer size: 912261120B, predicted old gen allocation rate: 0.07B/s, predicted marking phase length: 58.41ms, prediction active: false
[41.226s][debug][gc,ergo,refine    ] GC(769) Concurrent refinement times: Logged Cards Scan time goal: 20.00ms Logged Cards Scan time: 0.00ms HCC time: 0.00ms
[41.226s][debug][gc,ergo,refine    ] GC(769) Updated Refinement Zones: green: 2048, yellow: 6144, red: 10240
[41.226s][info ][gc,phases         ] GC(769)   Pre Evacuate Collection Set: 0.1ms
[41.226s][debug][gc,phases         ] GC(769)     Prepare TLABs: 0.0ms
[41.226s][debug][gc,phases         ] GC(769)     Choose Collection Set: 0.0ms
[41.226s][debug][gc,phases         ] GC(769)     Region Register: 0.1ms
[41.226s][debug][gc,phases         ] GC(769)     Prepare Heap Roots: 0.0ms
[41.226s][info ][gc,phases         ] GC(769)   Merge Heap Roots: 0.1ms
[41.226s][debug][gc,phases         ] GC(769)     Prepare Merge Heap Roots: 0.0ms
[41.226s][debug][gc,phases         ] GC(769)     Eager Reclaim (ms):       skipped
[41.226s][debug][gc,phases         ] GC(769)     Remembered Sets (ms):     Min:  0.0, Avg:  0.0, Max:  0.0, Diff:  0.0, Sum:  0.2, Workers: 8
[41.226s][debug][gc,phases         ] GC(769)       Merged Sparse:            Min: 0, Avg:  0.0, Max: 0, Diff: 0, Sum: 0, Workers: 8
[41.226s][debug][gc,phases         ] GC(769)       Merged Fine:              Min: 0, Avg:  0.0, Max: 0, Diff: 0, Sum: 0, Workers: 8
[41.226s][debug][gc,phases         ] GC(769)       Merged Coarse:            Min: 0, Avg:  0.0, Max: 0, Diff: 0, Sum: 0, Workers: 8
[41.226s][debug][gc,phases         ] GC(769)       Dirty Cards:              Min: 0, Avg:  0.0, Max: 0, Diff: 0, Sum: 0, Workers: 8
[41.226s][debug][gc,phases         ] GC(769)     Hot Card Cache (ms):      Min:  0.0, Avg:  0.0, Max:  0.0, Diff:  0.0, Sum:  0.0, Workers: 8
[41.226s][debug][gc,phases         ] GC(769)       Dirty Cards:              Min: 0, Avg:  0.0, Max: 0, Diff: 0, Sum: 0, Workers: 8
[41.226s][debug][gc,phases         ] GC(769)       Skipped Cards:            Min: 0, Avg:  0.0, Max: 0, Diff: 0, Sum: 0, Workers: 8
[41.226s][debug][gc,phases         ] GC(769)     Log Buffers (ms):         Min:  0.0, Avg:  0.0, Max:  0.0, Diff:  0.0, Sum:  0.0, Workers: 8
[41.226s][debug][gc,phases         ] GC(769)       Dirty Cards:              Min: 0, Avg:  0.1, Max: 1, Diff: 1, Sum: 1, Workers: 8
[41.226s][debug][gc,phases         ] GC(769)       Skipped Cards:            Min: 0, Avg:  0.0, Max: 0, Diff: 0, Sum: 0, Workers: 8
[41.226s][info ][gc,phases         ] GC(769)   Evacuate Collection Set: 0.4ms
[41.226s][debug][gc,phases         ] GC(769)     Ext Root Scanning (ms):   Min:  0.2, Avg:  0.2, Max:  0.3, Diff:  0.2, Sum:  1.9, Workers: 8
[41.226s][debug][gc,phases         ] GC(769)     Scan Heap Roots (ms):     Min:  0.0, Avg:  0.0, Max:  0.0, Diff:  0.0, Sum:  0.0, Workers: 8
[41.226s][debug][gc,phases         ] GC(769)       Scanned Cards:            Min: 0, Avg:  0.1, Max: 1, Diff: 1, Sum: 1, Workers: 8
[41.226s][debug][gc,phases         ] GC(769)       Scanned Blocks:           Min: 0, Avg:  0.1, Max: 1, Diff: 1, Sum: 1, Workers: 8
[41.226s][debug][gc,phases         ] GC(769)       Claimed Chunks:           Min: 0, Avg:  0.1, Max: 1, Diff: 1, Sum: 1, Workers: 8
[41.226s][debug][gc,phases         ] GC(769)     Code Root Scan (ms):      Min:  0.0, Avg:  0.0, Max:  0.1, Diff:  0.1, Sum:  0.2, Workers: 8
[41.226s][debug][gc,phases         ] GC(769)     Object Copy (ms):         Min:  0.0, Avg:  0.0, Max:  0.0, Diff:  0.0, Sum:  0.0, Workers: 8
[41.226s][debug][gc,phases         ] GC(769)     Termination (ms):         Min:  0.0, Avg:  0.1, Max:  0.1, Diff:  0.0, Sum:  0.6, Workers: 8
[41.226s][debug][gc,phases         ] GC(769)       Termination Attempts:     Min: 1, Avg:  1.1, Max: 2, Diff: 1, Sum: 9, Workers: 8
[41.226s][debug][gc,phases         ] GC(769)     GC Worker Other (ms):     Min:  0.0, Avg:  0.0, Max:  0.1, Diff:  0.0, Sum:  0.4, Workers: 8
[41.226s][debug][gc,phases         ] GC(769)     GC Worker Total (ms):     Min:  0.4, Avg:  0.4, Max:  0.4, Diff:  0.0, Sum:  3.1, Workers: 8
[41.226s][info ][gc,phases         ] GC(769)   Post Evacuate Collection Set: 0.6ms
[41.226s][debug][gc,phases         ] GC(769)     Code Roots Fixup: 0.0ms
[41.226s][debug][gc,phases         ] GC(769)     Clear Card Table: 0.2ms
[41.226s][debug][gc,phases         ] GC(769)     Reference Processing: 0.0ms
[41.226s][debug][gc,phases,ref     ] GC(769)       Reconsider SoftReferences: 0.0ms
[41.226s][debug][gc,phases,ref     ] GC(769)         SoftRef (ms):             skipped
[41.226s][debug][gc,phases,ref     ] GC(769)       Notify Soft/WeakReferences: 0.0ms
[41.226s][debug][gc,phases,ref     ] GC(769)         SoftRef (ms):             skipped
[41.226s][debug][gc,phases,ref     ] GC(769)         WeakRef (ms):             skipped
[41.226s][debug][gc,phases,ref     ] GC(769)         FinalRef (ms):            skipped
[41.226s][debug][gc,phases,ref     ] GC(769)         Total (ms):               skipped
[41.226s][debug][gc,phases,ref     ] GC(769)       Notify and keep alive finalizable: 0.0ms
[41.227s][debug][gc,phases,ref     ] GC(769)         FinalRef (ms):            skipped
[41.227s][debug][gc,phases,ref     ] GC(769)       Notify PhantomReferences: 0.0ms
[41.227s][debug][gc,phases,ref     ] GC(769)         PhantomRef (ms):          skipped
[41.227s][debug][gc,phases,ref     ] GC(769)       SoftReference:
[41.227s][debug][gc,phases,ref     ] GC(769)         Discovered: 0
[41.227s][debug][gc,phases,ref     ] GC(769)         Cleared: 0
[41.227s][debug][gc,phases,ref     ] GC(769)       WeakReference:
[41.227s][debug][gc,phases,ref     ] GC(769)         Discovered: 0
[41.227s][debug][gc,phases,ref     ] GC(769)         Cleared: 0
[41.227s][debug][gc,phases,ref     ] GC(769)       FinalReference:
[41.227s][debug][gc,phases,ref     ] GC(769)         Discovered: 0
[41.227s][debug][gc,phases,ref     ] GC(769)         Cleared: 0
[41.227s][debug][gc,phases,ref     ] GC(769)       PhantomReference:
[41.227s][debug][gc,phases,ref     ] GC(769)         Discovered: 0
[41.227s][debug][gc,phases,ref     ] GC(769)         Cleared: 0
[41.227s][debug][gc,phases         ] GC(769)     Weak Processing: 0.1ms
[41.227s][debug][gc,phases         ] GC(769)       JVMTI weak processing: 0.0ms
[41.227s][debug][gc,phases         ] GC(769)         Dead: 0
[41.227s][debug][gc,phases         ] GC(769)         Total: 0
[41.227s][debug][gc,phases         ] GC(769)       JFR weak processing: 0.0ms
[41.227s][debug][gc,phases         ] GC(769)         Dead: 0
[41.227s][debug][gc,phases         ] GC(769)         Total: 0
[41.227s][debug][gc,phases         ] GC(769)       JNI weak                  Min:  0.0, Avg:  0.0, Max:  0.0, Diff:  0.0, Sum:  0.0, Workers: 5
[41.227s][debug][gc,phases         ] GC(769)         Dead                      Min: 0, Avg:  0.0, Max: 0, Diff: 0, Sum: 0, Workers: 5
[41.227s][debug][gc,phases         ] GC(769)         Total                     Min: 0, Avg: 13.4, Max: 64, Diff: 64, Sum: 67, Workers: 5
[41.227s][debug][gc,phases         ] GC(769)       VM weak                   Min:  0.0, Avg:  0.0, Max:  0.0, Diff:  0.0, Sum:  0.0, Workers: 5
[41.227s][debug][gc,phases         ] GC(769)         Dead                      Min: 0, Avg:  0.0, Max: 0, Diff: 0, Sum: 0, Workers: 5
[41.227s][debug][gc,phases         ] GC(769)         Total                     Min: 0, Avg: 45.2, Max: 128, Diff: 128, Sum: 226, Workers: 5
[41.227s][debug][gc,phases         ] GC(769)       StringTable weak          Min:  0.0, Avg:  0.0, Max:  0.0, Diff:  0.0, Sum:  0.1, Workers: 5
[41.227s][debug][gc,phases         ] GC(769)         Dead                      Min: 0, Avg:  0.0, Max: 0, Diff: 0, Sum: 0, Workers: 5
[41.227s][debug][gc,phases         ] GC(769)         Total                     Min: 0, Avg: 682.8, Max: 1727, Diff: 1727, Sum: 3414, Workers: 5
[41.227s][debug][gc,phases         ] GC(769)       ResolvedMethodTable weak  Min:  0.0, Avg:  0.0, Max:  0.0, Diff:  0.0, Sum:  0.0, Workers: 5
[41.227s][debug][gc,phases         ] GC(769)         Dead                      Min: 0, Avg:  0.0, Max: 0, Diff: 0, Sum: 0, Workers: 5
[41.227s][debug][gc,phases         ] GC(769)         Total                     Min: 0, Avg: 120.2, Max: 320, Diff: 320, Sum: 601, Workers: 5
[41.227s][debug][gc,phases         ] GC(769)     Merge Per-Thread State: 0.0ms
[41.227s][debug][gc,phases         ] GC(769)       Copied Bytes              Min: 560, Avg: 450317.0, Max: 800096, Diff: 799536, Sum: 3602536, Workers: 8
[41.227s][debug][gc,phases         ] GC(769)       LAB Waste                 Min: 0, Avg:  0.0, Max: 0, Diff: 0, Sum: 0, Workers: 8
[41.227s][debug][gc,phases         ] GC(769)       LAB Undo Waste            Min: 0, Avg:  0.0, Max: 0, Diff: 0, Sum: 0, Workers: 8
[41.227s][debug][gc,phases         ] GC(769)     Code Roots Purge: 0.0ms
[41.227s][debug][gc,phases         ] GC(769)     Redirty Cards: 0.0ms
[41.227s][debug][gc,phases         ] GC(769)     DerivedPointerTable Update: 0.0ms
[41.227s][debug][gc,phases         ] GC(769)     Free Collection Set: 0.2ms
[41.227s][debug][gc,phases         ] GC(769)     Rebuild Free List: 0.1ms
[41.227s][debug][gc,phases         ] GC(769)     Humongous Reclaim: 0.0ms
[41.227s][debug][gc,phases         ] GC(769)     Start New Collection Set: 0.0ms
[41.227s][debug][gc,phases         ] GC(769)     Resize TLABs: 0.0ms
[41.227s][debug][gc,phases         ] GC(769)     Expand Heap After Collection: 0.0ms
[41.227s][info ][gc,phases         ] GC(769)   Other: 0.3ms
[41.227s][info ][gc,heap           ] GC(769) Eden regions: 865->0(865)
[41.227s][info ][gc,heap           ] GC(769) Survivor regions: 5->5(109)
[41.227s][info ][gc,heap           ] GC(769) Old regions: 17->17
[41.227s][info ][gc,heap           ] GC(769) Archive regions: 2->2
[41.227s][info ][gc,heap           ] GC(769) Humongous regions: 0->0
[41.227s][info ][gc,metaspace      ] GC(769) Metaspace: 10130K(10624K)->10130K(10624K) NonClass: 8932K(9216K)->8932K(9216K) Class: 1198K(1408K)->1198K(1408K)
[41.227s][debug][gc,heap           ] GC(769) Heap after GC invocations=770 (full 1): garbage-first heap   total 1484800K, used 22236K [0x0000000700000000, 0x0000000800000000)
[41.227s][debug][gc,heap           ] GC(769)   region size 1024K, 5 young (5120K), 5 survivors (5120K)
[41.227s][debug][gc,heap           ] GC(769)  Metaspace       used 10130K, capacity 10468K, committed 10624K, reserved 1058816K
[41.227s][debug][gc,heap           ] GC(769)   class space    used 1198K, capacity 1344K, committed 1408K, reserved 1048576K
[41.227s][info ][gc                ] GC(769) Pause Young (Normal) (G1 Evacuation Pause) 886M->21M(1450M) 2.152ms
[41.227s][info ][gc,cpu            ] GC(769) User=0.00s Sys=0.00s Real=0.00s
[41.227s][info ][safepoint         ] Safepoint "G1CollectForAllocation", Time since last: 42055771 ns, Reaching safepoint: 157537 ns, At safepoint: 2359112 ns, Total: 2516649 ns
[41.270s][debug][gc,heap           ] GC(770) Heap before GC invocations=770 (full 1): garbage-first heap   total 1484800K, used 906972K [0x0000000700000000, 0x0000000800000000)
[41.270s][debug][gc,heap           ] GC(770)   region size 1024K, 870 young (890880K), 5 survivors (5120K)
[41.270s][debug][gc,heap           ] GC(770)  Metaspace       used 10130K, capacity 10468K, committed 10624K, reserved 1058816K
[41.270s][debug][gc,heap           ] GC(770)   class space    used 1198K, capacity 1344K, committed 1408K, reserved 1048576K
[41.270s][info ][gc,start          ] GC(770) Pause Young (Normal) (G1 Evacuation Pause)
[41.270s][info ][gc,task           ] GC(770) Using 8 workers of 8 for evacuation
[41.270s][debug][gc,tlab           ] GC(770) TLAB totals: thrds: 8  refills: 14 max: 3 slow allocs: 1725 max 227 waste: 24.7% gc: 959576B max: 221608B slow: 58240B max: 15488B fast: 0B max: 0B
[41.270s][debug][gc,age            ] GC(770) Desired survivor size 57147392 bytes, new threshold 15 (max threshold 15)
[41.270s][debug][gc,alloc,region   ] GC(770) Mutator Allocation stats, regions: 865, wasted size: 202M (23.4%)
[41.270s][debug][gc,ergo           ] GC(770) Running G1 Merge Heap Roots using 8 workers for 870 regions
[41.271s][debug][gc,remset         ] GC(770) Visited cards 512 Total dirty 4096 (12.50%) Total old 3602432 (0.01%)
[41.271s][debug][gc,ergo           ] GC(770) Running G1 Clear Card Table Task using 2 workers for 2 units of work for 872 regions.
[41.271s][debug][gc,ref            ] GC(770) Skipped phase1 of Reference Processing due to unavailable references
[41.271s][debug][gc,ref            ] GC(770) Skipped phase2 of Reference Processing due to unavailable references
[41.271s][debug][gc,ref            ] GC(770) Skipped phase3 of Reference Processing due to unavailable references
[41.271s][debug][gc,ref            ] GC(770) Skipped phase4 of Reference Processing due to unavailable references
[41.271s][debug][gc,ergo           ] GC(770) Running G1 Free Collection Set using 8 workers for collection set length 870 (1450)
[41.272s][debug][gc,ergo           ] GC(770) Running G1 Rebuild Free List Task using 8 workers for rebuilding free list of 0 (4096) regions
[41.272s][trace][gc,age            ] GC(770) Age table with threshold 15 (max threshold 15)
[41.272s][trace][gc,age            ] GC(770) - age   1:    2802552 bytes,    2802552 total
[41.272s][debug][gc,plab           ] GC(770) Young PLAB allocation: allocated: 16512B, wasted: 0B, unused: 14064B, used: 2448B, undo waste: 0B, 
[41.272s][debug][gc,plab           ] GC(770) Young other allocation: region end waste: 731184B, regions filled: 4, direct allocated: 2800104B, failure used: 0B, failure wasted: 0B
[41.272s][debug][gc,plab           ] GC(770) Young sizing: calculated: 0B, actual: 2064B
[41.272s][debug][gc,plab           ] GC(770) Old PLAB allocation: allocated: 0B, wasted: 0B, unused: 0B, used: 0B, undo waste: 0B, 
[41.272s][debug][gc,plab           ] GC(770) Old other allocation: region end waste: 0B, regions filled: 1, direct allocated: 0B, failure used: 0B, failure wasted: 0B
[41.272s][debug][gc,plab           ] GC(770) Old sizing: calculated: 0B, actual: 2064B
[41.272s][debug][gc,ihop           ] GC(770) Basic information (value update), threshold: 684195840B (45.00), target occupancy: 1520435200B, current occupancy: 21719704B, recent allocation size: 0B, recent allocation duration: 44.05ms, recent old gen allocation rate: 0.00B/s, recent marking phase length: 29.21ms
[41.272s][debug][gc,ihop           ] GC(770) Adaptive IHOP information (value update), threshold: 684195840B (47.37), internal target occupancy: 1444413440B, occupancy: 21719704B, additional buffer size: 912261120B, predicted old gen allocation rate: 0.07B/s, predicted marking phase length: 58.41ms, prediction active: false
[41.272s][debug][gc,ergo,refine    ] GC(770) Concurrent refinement times: Logged Cards Scan time goal: 20.00ms Logged Cards Scan time: 0.00ms HCC time: 0.00ms
[41.272s][debug][gc,ergo,refine    ] GC(770) Updated Refinement Zones: green: 2048, yellow: 6144, red: 10240
[41.272s][info ][gc,phases         ] GC(770)   Pre Evacuate Collection Set: 0.2ms
[41.272s][debug][gc,phases         ] GC(770)     Prepare TLABs: 0.0ms
[41.272s][debug][gc,phases         ] GC(770)     Choose Collection Set: 0.0ms
[41.272s][debug][gc,phases         ] GC(770)     Region Register: 0.1ms
[41.272s][debug][gc,phases         ] GC(770)     Prepare Heap Roots: 0.0ms
[41.272s][info ][gc,phases         ] GC(770)   Merge Heap Roots: 0.1ms
[41.272s][debug][gc,phases         ] GC(770)     Prepare Merge Heap Roots: 0.0ms
[41.272s][debug][gc,phases         ] GC(770)     Eager Reclaim (ms):       skipped
[41.272s][debug][gc,phases         ] GC(770)     Remembered Sets (ms):     Min:  0.0, Avg:  0.0, Max:  0.0, Diff:  0.0, Sum:  0.2, Workers: 8
[41.272s][debug][gc,phases         ] GC(770)       Merged Sparse:            Min: 0, Avg:  0.0, Max: 0, Diff: 0, Sum: 0, Workers: 8
[41.272s][debug][gc,phases         ] GC(770)       Merged Fine:              Min: 0, Avg:  0.0, Max: 0, Diff: 0, Sum: 0, Workers: 8
[41.272s][debug][gc,phases         ] GC(770)       Merged Coarse:            Min: 0, Avg:  0.0, Max: 0, Diff: 0, Sum: 0, Workers: 8
[41.272s][debug][gc,phases         ] GC(770)       Dirty Cards:              Min: 0, Avg:  0.0, Max: 0, Diff: 0, Sum: 0, Workers: 8
[41.272s][debug][gc,phases         ] GC(770)     Hot Card Cache (ms):      Min:  0.0, Avg:  0.0, Max:  0.0, Diff:  0.0, Sum:  0.0, Workers: 8
[41.272s][debug][gc,phases         ] GC(770)       Dirty Cards:              Min: 0, Avg:  0.0, Max: 0, Diff: 0, Sum: 0, Workers: 8
[41.272s][debug][gc,phases         ] GC(770)       Skipped Cards:            Min: 0, Avg:  0.0, Max: 0, Diff: 0, Sum: 0, Workers: 8
[41.272s][debug][gc,phases         ] GC(770)     Log Buffers (ms):         Min:  0.0, Avg:  0.0, Max:  0.0, Diff:  0.0, Sum:  0.0, Workers: 8
[41.272s][debug][gc,phases         ] GC(770)       Dirty Cards:              Min: 0, Avg:  0.2, Max: 2, Diff: 2, Sum: 2, Workers: 8
[41.272s][debug][gc,phases         ] GC(770)       Skipped Cards:            Min: 0, Avg:  0.0, Max: 0, Diff: 0, Sum: 0, Workers: 8
[41.272s][info ][gc,phases         ] GC(770)   Evacuate Collection Set: 0.3ms
[41.272s][debug][gc,phases         ] GC(770)     Ext Root Scanning (ms):   Min:  0.1, Avg:  0.2, Max:  0.3, Diff:  0.2, Sum:  1.2, Workers: 8
[41.272s][debug][gc,phases         ] GC(770)     Scan Heap Roots (ms):     Min:  0.0, Avg:  0.0, Max:  0.0, Diff:  0.0, Sum:  0.0, Workers: 8
[41.272s][debug][gc,phases         ] GC(770)       Scanned Cards:            Min: 0, Avg:  0.2, Max: 1, Diff: 1, Sum: 2, Workers: 8
[41.272s][debug][gc,phases         ] GC(770)       Scanned Blocks:           Min: 0, Avg:  0.2, Max: 1, Diff: 1, Sum: 2, Workers: 8
[41.272s][debug][gc,phases         ] GC(770)       Claimed Chunks:           Min: 0, Avg:  0.2, Max: 1, Diff: 1, Sum: 2, Workers: 8
[41.272s][debug][gc,phases         ] GC(770)     Code Root Scan (ms):      Min:  0.0, Avg:  0.0, Max:  0.0, Diff:  0.0, Sum:  0.1, Workers: 8
[41.272s][debug][gc,phases         ] GC(770)     Object Copy (ms):         Min:  0.0, Avg:  0.0, Max:  0.0, Diff:  0.0, Sum:  0.0, Workers: 8
[41.272s][debug][gc,phases         ] GC(770)     Termination (ms):         Min:  0.0, Avg:  0.1, Max:  0.1, Diff:  0.1, Sum:  0.5, Workers: 8
[41.272s][debug][gc,phases         ] GC(770)       Termination Attempts:     Min: 1, Avg:  1.2, Max: 3, Diff: 2, Sum: 10, Workers: 8
[41.272s][debug][gc,phases         ] GC(770)     GC Worker Other (ms):     Min:  0.0, Avg:  0.0, Max:  0.1, Diff:  0.0, Sum:  0.3, Workers: 8
[41.272s][debug][gc,phases         ] GC(770)     GC Worker Total (ms):     Min:  0.3, Avg:  0.3, Max:  0.3, Diff:  0.0, Sum:  2.3, Workers: 8
[41.272s][info ][gc,phases         ] GC(770)   Post Evacuate Collection Set: 0.6ms
[41.272s][debug][gc,phases         ] GC(770)     Code Roots Fixup: 0.0ms
[41.272s][debug][gc,phases         ] GC(770)     Clear Card Table: 0.2ms
[41.272s][debug][gc,phases         ] GC(770)     Reference Processing: 0.0ms
[41.272s][debug][gc,phases,ref     ] GC(770)       Reconsider SoftReferences: 0.0ms
[41.272s][debug][gc,phases,ref     ] GC(770)         SoftRef (ms):             skipped
[41.272s][debug][gc,phases,ref     ] GC(770)       Notify Soft/WeakReferences: 0.0ms
[41.272s][debug][gc,phases,ref     ] GC(770)         SoftRef (ms):             skipped
[41.272s][debug][gc,phases,ref     ] GC(770)         WeakRef (ms):             skipped
[41.272s][debug][gc,phases,ref     ] GC(770)         FinalRef (ms):            skipped
[41.272s][debug][gc,phases,ref     ] GC(770)         Total (ms):               skipped
[41.272s][debug][gc,phases,ref     ] GC(770)       Notify and keep alive finalizable: 0.0ms
[41.272s][debug][gc,phases,ref     ] GC(770)         FinalRef (ms):            skipped
[41.272s][debug][gc,phases,ref     ] GC(770)       Notify PhantomReferences: 0.0ms
[41.272s][debug][gc,phases,ref     ] GC(770)         PhantomRef (ms):          skipped
[41.272s][debug][gc,phases,ref     ] GC(770)       SoftReference:
[41.272s][debug][gc,phases,ref     ] GC(770)         Discovered: 0
[41.272s][debug][gc,phases,ref     ] GC(770)         Cleared: 0
[41.272s][debug][gc,phases,ref     ] GC(770)       WeakReference:
[41.272s][debug][gc,phases,ref     ] GC(770)         Discovered: 0
[41.272s][debug][gc,phases,ref     ] GC(770)         Cleared: 0
[41.272s][debug][gc,phases,ref     ] GC(770)       FinalReference:
[41.272s][debug][gc,phases,ref     ] GC(770)         Discovered: 0
[41.272s][debug][gc,phases,ref     ] GC(770)         Cleared: 0
[41.272s][debug][gc,phases,ref     ] GC(770)       PhantomReference:
[41.272s][debug][gc,phases,ref     ] GC(770)         Discovered: 0
[41.272s][debug][gc,phases,ref     ] GC(770)         Cleared: 0
[41.272s][debug][gc,phases         ] GC(770)     Weak Processing: 0.1ms
[41.272s][debug][gc,phases         ] GC(770)       JVMTI weak processing: 0.0ms
[41.272s][debug][gc,phases         ] GC(770)         Dead: 0
[41.272s][debug][gc,phases         ] GC(770)         Total: 0
[41.272s][debug][gc,phases         ] GC(770)       JFR weak processing: 0.0ms
[41.272s][debug][gc,phases         ] GC(770)         Dead: 0
[41.272s][debug][gc,phases         ] GC(770)         Total: 0
[41.272s][debug][gc,phases         ] GC(770)       JNI weak                  Min:  0.0, Avg:  0.0, Max:  0.0, Diff:  0.0, Sum:  0.0, Workers: 5
[41.272s][debug][gc,phases         ] GC(770)         Dead                      Min: 0, Avg:  0.0, Max: 0, Diff: 0, Sum: 0, Workers: 5
[41.272s][debug][gc,phases         ] GC(770)         Total                     Min: 0, Avg: 13.4, Max: 64, Diff: 64, Sum: 67, Workers: 5
[41.272s][debug][gc,phases         ] GC(770)       VM weak                   Min:  0.0, Avg:  0.0, Max:  0.0, Diff:  0.0, Sum:  0.0, Workers: 5
[41.272s][debug][gc,phases         ] GC(770)         Dead                      Min: 0, Avg:  0.0, Max: 0, Diff: 0, Sum: 0, Workers: 5
[41.272s][debug][gc,phases         ] GC(770)         Total                     Min: 0, Avg: 45.2, Max: 128, Diff: 128, Sum: 226, Workers: 5
[41.272s][debug][gc,phases         ] GC(770)       StringTable weak          Min:  0.0, Avg:  0.0, Max:  0.0, Diff:  0.0, Sum:  0.1, Workers: 5
[41.272s][debug][gc,phases         ] GC(770)         Dead                      Min: 0, Avg:  0.0, Max: 0, Diff: 0, Sum: 0, Workers: 5
[41.272s][debug][gc,phases         ] GC(770)         Total                     Min: 0, Avg: 682.8, Max: 1727, Diff: 1727, Sum: 3414, Workers: 5
[41.272s][debug][gc,phases         ] GC(770)       ResolvedMethodTable weak  Min:  0.0, Avg:  0.0, Max:  0.0, Diff:  0.0, Sum:  0.0, Workers: 5
[41.272s][debug][gc,phases         ] GC(770)         Dead                      Min: 0, Avg:  0.0, Max: 0, Diff: 0, Sum: 0, Workers: 5
[41.272s][debug][gc,phases         ] GC(770)         Total                     Min: 0, Avg: 120.2, Max: 192, Diff: 192, Sum: 601, Workers: 5
[41.272s][debug][gc,phases         ] GC(770)     Merge Per-Thread State: 0.0ms
[41.272s][debug][gc,phases         ] GC(770)       Copied Bytes              Min: 72, Avg: 350319.0, Max: 800096, Diff: 800024, Sum: 2802552, Workers: 8
[41.272s][debug][gc,phases         ] GC(770)       LAB Waste                 Min: 0, Avg:  0.0, Max: 0, Diff: 0, Sum: 0, Workers: 8
[41.272s][debug][gc,phases         ] GC(770)       LAB Undo Waste            Min: 0, Avg:  0.0, Max: 0, Diff: 0, Sum: 0, Workers: 8
[41.272s][debug][gc,phases         ] GC(770)     Code Roots Purge: 0.0ms
[41.272s][debug][gc,phases         ] GC(770)     Redirty Cards: 0.0ms
[41.272s][debug][gc,phases         ] GC(770)     DerivedPointerTable Update: 0.0ms
[41.272s][debug][gc,phases         ] GC(770)     Free Collection Set: 0.2ms
[41.272s][debug][gc,phases         ] GC(770)     Rebuild Free List: 0.1ms
[41.272s][debug][gc,phases         ] GC(770)     Humongous Reclaim: 0.0ms
[41.272s][debug][gc,phases         ] GC(770)     Start New Collection Set: 0.0ms
[41.272s][debug][gc,phases         ] GC(770)     Resize TLABs: 0.0ms
[41.272s][debug][gc,phases         ] GC(770)     Expand Heap After Collection: 0.0ms
[41.272s][info ][gc,phases         ] GC(770)   Other: 0.3ms
[41.272s][info ][gc,heap           ] GC(770) Eden regions: 865->0(866)
[41.272s][info ][gc,heap           ] GC(770) Survivor regions: 5->4(109)
[41.272s][info ][gc,heap           ] GC(770) Old regions: 17->17
[41.272s][info ][gc,heap           ] GC(770) Archive regions: 2->2
[41.272s][info ][gc,heap           ] GC(770) Humongous regions: 0->0
[41.272s][info ][gc,metaspace      ] GC(770) Metaspace: 10130K(10624K)->10130K(10624K) NonClass: 8932K(9216K)->8932K(9216K) Class: 1198K(1408K)->1198K(1408K)
[41.272s][debug][gc,heap           ] GC(770) Heap after GC invocations=771 (full 1): garbage-first heap   total 1484800K, used 21210K [0x0000000700000000, 0x0000000800000000)
[41.272s][debug][gc,heap           ] GC(770)   region size 1024K, 4 young (4096K), 4 survivors (4096K)
[41.272s][debug][gc,heap           ] GC(770)  Metaspace       used 10130K, capacity 10468K, committed 10624K, reserved 1058816K
[41.272s][debug][gc,heap           ] GC(770)   class space    used 1198K, capacity 1344K, committed 1408K, reserved 1048576K
[41.272s][info ][gc                ] GC(770) Pause Young (Normal) (G1 Evacuation Pause) 886M->20M(1450M) 2.194ms
[41.272s][info ][gc,cpu            ] GC(770) User=0.00s Sys=0.01s Real=0.00s
[41.272s][info ][safepoint         ] Safepoint "G1CollectForAllocation", Time since last: 42966294 ns, Reaching safepoint: 148438 ns, At safepoint: 2361753 ns, Total: 2510191 ns
[41.314s][debug][gc,heap           ] GC(771) Heap before GC invocations=771 (full 1): garbage-first heap   total 1484800K, used 906970K [0x0000000700000000, 0x0000000800000000)
[41.315s][debug][gc,heap           ] GC(771)   region size 1024K, 870 young (890880K), 4 survivors (4096K)
[41.315s][debug][gc,heap           ] GC(771)  Metaspace       used 10130K, capacity 10468K, committed 10624K, reserved 1058816K
[41.315s][debug][gc,heap           ] GC(771)   class space    used 1198K, capacity 1344K, committed 1408K, reserved 1048576K
[41.315s][info ][gc,start          ] GC(771) Pause Young (Normal) (G1 Evacuation Pause)
[41.315s][info ][gc,task           ] GC(771) Using 8 workers of 8 for evacuation
[41.315s][debug][gc,tlab           ] GC(771) TLAB totals: thrds: 8  refills: 11 max: 2 slow allocs: 1727 max 229 waste: 35.0% gc: 991968B max: 226200B slow: 29000B max: 13912B fast: 0B max: 0B
[41.315s][debug][gc,age            ] GC(771) Desired survivor size 57147392 bytes, new threshold 15 (max threshold 15)
[41.315s][debug][gc,alloc,region   ] GC(771) Mutator Allocation stats, regions: 866, wasted size: 203M (23.4%)
[41.315s][debug][gc,ergo           ] GC(771) Running G1 Merge Heap Roots using 8 workers for 870 regions
[41.315s][debug][gc,remset         ] GC(771) Visited cards 256 Total dirty 2048 (12.50%) Total old 3602432 (0.01%)
[41.315s][debug][gc,ergo           ] GC(771) Running G1 Clear Card Table Task using 2 workers for 2 units of work for 871 regions.
[41.316s][debug][gc,ref            ] GC(771) Skipped phase1 of Reference Processing due to unavailable references
[41.316s][debug][gc,ref            ] GC(771) Skipped phase2 of Reference Processing due to unavailable references
[41.316s][debug][gc,ref            ] GC(771) Skipped phase3 of Reference Processing due to unavailable references
[41.316s][debug][gc,ref            ] GC(771) Skipped phase4 of Reference Processing due to unavailable references
[41.316s][debug][gc,ergo           ] GC(771) Running G1 Free Collection Set using 8 workers for collection set length 870 (1450)
[41.316s][debug][gc,ergo           ] GC(771) Running G1 Rebuild Free List Task using 8 workers for rebuilding free list of 0 (4096) regions
[41.316s][trace][gc,age            ] GC(771) Age table with threshold 15 (max threshold 15)
[41.316s][trace][gc,age            ] GC(771) - age   1:    3602584 bytes,    3602584 total
[41.316s][debug][gc,plab           ] GC(771) Young PLAB allocation: allocated: 16512B, wasted: 0B, unused: 14064B, used: 2448B, undo waste: 0B, 
[41.316s][debug][gc,plab           ] GC(771) Young other allocation: region end waste: 977664B, regions filled: 5, direct allocated: 3600136B, failure used: 0B, failure wasted: 0B
[41.316s][debug][gc,plab           ] GC(771) Young sizing: calculated: 0B, actual: 2064B
[41.316s][debug][gc,plab           ] GC(771) Old PLAB allocation: allocated: 0B, wasted: 0B, unused: 0B, used: 0B, undo waste: 0B, 
[41.316s][debug][gc,plab           ] GC(771) Old other allocation: region end waste: 0B, regions filled: 1, direct allocated: 0B, failure used: 0B, failure wasted: 0B
[41.316s][debug][gc,plab           ] GC(771) Old sizing: calculated: 0B, actual: 2064B
[41.316s][debug][gc,ihop           ] GC(771) Basic information (value update), threshold: 684195840B (45.00), target occupancy: 1520435200B, current occupancy: 22766216B, recent allocation size: 0B, recent allocation duration: 42.99ms, recent old gen allocation rate: 0.00B/s, recent marking phase length: 29.21ms
[41.316s][debug][gc,ihop           ] GC(771) Adaptive IHOP information (value update), threshold: 684195840B (47.37), internal target occupancy: 1444413440B, occupancy: 22766216B, additional buffer size: 912261120B, predicted old gen allocation rate: 0.07B/s, predicted marking phase length: 58.41ms, prediction active: false
[41.316s][debug][gc,ergo,refine    ] GC(771) Concurrent refinement times: Logged Cards Scan time goal: 20.00ms Logged Cards Scan time: 0.00ms HCC time: 0.00ms
[41.316s][debug][gc,ergo,refine    ] GC(771) Updated Refinement Zones: green: 2048, yellow: 6144, red: 10240
[41.316s][info ][gc,phases         ] GC(771)   Pre Evacuate Collection Set: 0.1ms
[41.316s][debug][gc,phases         ] GC(771)     Prepare TLABs: 0.0ms
[41.316s][debug][gc,phases         ] GC(771)     Choose Collection Set: 0.0ms
[41.316s][debug][gc,phases         ] GC(771)     Region Register: 0.1ms
[41.316s][debug][gc,phases         ] GC(771)     Prepare Heap Roots: 0.0ms
[41.316s][info ][gc,phases         ] GC(771)   Merge Heap Roots: 0.1ms
[41.316s][debug][gc,phases         ] GC(771)     Prepare Merge Heap Roots: 0.0ms
[41.316s][debug][gc,phases         ] GC(771)     Eager Reclaim (ms):       skipped
[41.316s][debug][gc,phases         ] GC(771)     Remembered Sets (ms):     Min:  0.0, Avg:  0.0, Max:  0.0, Diff:  0.0, Sum:  0.3, Workers: 8
[41.316s][debug][gc,phases         ] GC(771)       Merged Sparse:            Min: 0, Avg:  0.0, Max: 0, Diff: 0, Sum: 0, Workers: 8
[41.316s][debug][gc,phases         ] GC(771)       Merged Fine:              Min: 0, Avg:  0.0, Max: 0, Diff: 0, Sum: 0, Workers: 8
[41.316s][debug][gc,phases         ] GC(771)       Merged Coarse:            Min: 0, Avg:  0.0, Max: 0, Diff: 0, Sum: 0, Workers: 8
[41.316s][debug][gc,phases         ] GC(771)       Dirty Cards:              Min: 0, Avg:  0.0, Max: 0, Diff: 0, Sum: 0, Workers: 8
[41.316s][debug][gc,phases         ] GC(771)     Hot Card Cache (ms):      Min:  0.0, Avg:  0.0, Max:  0.0, Diff:  0.0, Sum:  0.0, Workers: 8
[41.316s][debug][gc,phases         ] GC(771)       Dirty Cards:              Min: 0, Avg:  0.0, Max: 0, Diff: 0, Sum: 0, Workers: 8
[41.317s][debug][gc,phases         ] GC(771)       Skipped Cards:            Min: 0, Avg:  0.0, Max: 0, Diff: 0, Sum: 0, Workers: 8
[41.317s][debug][gc,phases         ] GC(771)     Log Buffers (ms):         Min:  0.0, Avg:  0.0, Max:  0.0, Diff:  0.0, Sum:  0.0, Workers: 8
[41.317s][debug][gc,phases         ] GC(771)       Dirty Cards:              Min: 0, Avg:  0.1, Max: 1, Diff: 1, Sum: 1, Workers: 8
[41.317s][debug][gc,phases         ] GC(771)       Skipped Cards:            Min: 0, Avg:  0.0, Max: 0, Diff: 0, Sum: 0, Workers: 8
[41.317s][info ][gc,phases         ] GC(771)   Evacuate Collection Set: 0.5ms
[41.317s][debug][gc,phases         ] GC(771)     Ext Root Scanning (ms):   Min:  0.2, Avg:  0.3, Max:  0.3, Diff:  0.1, Sum:  2.2, Workers: 8
[41.317s][debug][gc,phases         ] GC(771)     Scan Heap Roots (ms):     Min:  0.0, Avg:  0.0, Max:  0.0, Diff:  0.0, Sum:  0.0, Workers: 8
[41.317s][debug][gc,phases         ] GC(771)       Scanned Cards:            Min: 0, Avg:  0.1, Max: 1, Diff: 1, Sum: 1, Workers: 8
[41.317s][debug][gc,phases         ] GC(771)       Scanned Blocks:           Min: 0, Avg:  0.1, Max: 1, Diff: 1, Sum: 1, Workers: 8
[41.317s][debug][gc,phases         ] GC(771)       Claimed Chunks:           Min: 0, Avg:  0.1, Max: 1, Diff: 1, Sum: 1, Workers: 8
[41.317s][debug][gc,phases         ] GC(771)     Code Root Scan (ms):      Min:  0.0, Avg:  0.0, Max:  0.0, Diff:  0.0, Sum:  0.2, Workers: 8
[41.317s][debug][gc,phases         ] GC(771)     Object Copy (ms):         Min:  0.0, Avg:  0.0, Max:  0.0, Diff:  0.0, Sum:  0.0, Workers: 8
[41.317s][debug][gc,phases         ] GC(771)     Termination (ms):         Min:  0.1, Avg:  0.1, Max:  0.1, Diff:  0.0, Sum:  0.6, Workers: 8
[41.317s][debug][gc,phases         ] GC(771)       Termination Attempts:     Min: 1, Avg:  1.0, Max: 1, Diff: 0, Sum: 8, Workers: 8
[41.317s][debug][gc,phases         ] GC(771)     GC Worker Other (ms):     Min:  0.0, Avg:  0.0, Max:  0.1, Diff:  0.0, Sum:  0.4, Workers: 8
[41.317s][debug][gc,phases         ] GC(771)     GC Worker Total (ms):     Min:  0.4, Avg:  0.4, Max:  0.4, Diff:  0.0, Sum:  3.5, Workers: 8
[41.317s][info ][gc,phases         ] GC(771)   Post Evacuate Collection Set: 0.8ms
[41.317s][debug][gc,phases         ] GC(771)     Code Roots Fixup: 0.0ms
[41.317s][debug][gc,phases         ] GC(771)     Clear Card Table: 0.3ms
[41.317s][debug][gc,phases         ] GC(771)     Reference Processing: 0.1ms
[41.317s][debug][gc,phases,ref     ] GC(771)       Reconsider SoftReferences: 0.0ms
[41.317s][debug][gc,phases,ref     ] GC(771)         SoftRef (ms):             skipped
[41.317s][debug][gc,phases,ref     ] GC(771)       Notify Soft/WeakReferences: 0.0ms
[41.317s][debug][gc,phases,ref     ] GC(771)         SoftRef (ms):             skipped
[41.317s][debug][gc,phases,ref     ] GC(771)         WeakRef (ms):             skipped
[41.317s][debug][gc,phases,ref     ] GC(771)         FinalRef (ms):            skipped
[41.317s][debug][gc,phases,ref     ] GC(771)         Total (ms):               skipped
[41.317s][debug][gc,phases,ref     ] GC(771)       Notify and keep alive finalizable: 0.0ms
[41.317s][debug][gc,phases,ref     ] GC(771)         FinalRef (ms):            skipped
[41.317s][debug][gc,phases,ref     ] GC(771)       Notify PhantomReferences: 0.0ms
[41.317s][debug][gc,phases,ref     ] GC(771)         PhantomRef (ms):          skipped
[41.317s][debug][gc,phases,ref     ] GC(771)       SoftReference:
[41.317s][debug][gc,phases,ref     ] GC(771)         Discovered: 0
[41.317s][debug][gc,phases,ref     ] GC(771)         Cleared: 0
[41.317s][debug][gc,phases,ref     ] GC(771)       WeakReference:
[41.317s][debug][gc,phases,ref     ] GC(771)         Discovered: 0
[41.317s][debug][gc,phases,ref     ] GC(771)         Cleared: 0
[41.317s][debug][gc,phases,ref     ] GC(771)       FinalReference:
[41.317s][debug][gc,phases,ref     ] GC(771)         Discovered: 0
[41.317s][debug][gc,phases,ref     ] GC(771)         Cleared: 0
[41.317s][debug][gc,phases,ref     ] GC(771)       PhantomReference:
[41.317s][debug][gc,phases,ref     ] GC(771)         Discovered: 0
[41.317s][debug][gc,phases,ref     ] GC(771)         Cleared: 0
[41.317s][debug][gc,phases         ] GC(771)     Weak Processing: 0.1ms
[41.317s][debug][gc,phases         ] GC(771)       JVMTI weak processing: 0.0ms
[41.317s][debug][gc,phases         ] GC(771)         Dead: 0
[41.317s][debug][gc,phases         ] GC(771)         Total: 0
[41.317s][debug][gc,phases         ] GC(771)       JFR weak processing: 0.0ms
[41.317s][debug][gc,phases         ] GC(771)         Dead: 0
[41.317s][debug][gc,phases         ] GC(771)         Total: 0
[41.317s][debug][gc,phases         ] GC(771)       JNI weak                  Min:  0.0, Avg:  0.0, Max:  0.0, Diff:  0.0, Sum:  0.0, Workers: 5
[41.317s][debug][gc,phases         ] GC(771)         Dead                      Min: 0, Avg:  0.0, Max: 0, Diff: 0, Sum: 0, Workers: 5
[41.317s][debug][gc,phases         ] GC(771)         Total                     Min: 0, Avg: 13.4, Max: 64, Diff: 64, Sum: 67, Workers: 5
[41.317s][debug][gc,phases         ] GC(771)       VM weak                   Min:  0.0, Avg:  0.0, Max:  0.0, Diff:  0.0, Sum:  0.0, Workers: 5
[41.317s][debug][gc,phases         ] GC(771)         Dead                      Min: 0, Avg:  0.0, Max: 0, Diff: 0, Sum: 0, Workers: 5
[41.317s][debug][gc,phases         ] GC(771)         Total                     Min: 0, Avg: 45.2, Max: 64, Diff: 64, Sum: 226, Workers: 5
[41.317s][debug][gc,phases         ] GC(771)       StringTable weak          Min:  0.0, Avg:  0.0, Max:  0.0, Diff:  0.0, Sum:  0.1, Workers: 5
[41.317s][debug][gc,phases         ] GC(771)         Dead                      Min: 0, Avg:  0.0, Max: 0, Diff: 0, Sum: 0, Workers: 5
[41.317s][debug][gc,phases         ] GC(771)         Total                     Min: 535, Avg: 682.8, Max: 959, Diff: 424, Sum: 3414, Workers: 5
[41.317s][debug][gc,phases         ] GC(771)       ResolvedMethodTable weak  Min:  0.0, Avg:  0.0, Max:  0.0, Diff:  0.0, Sum:  0.1, Workers: 5
[41.317s][debug][gc,phases         ] GC(771)         Dead                      Min: 0, Avg:  0.0, Max: 0, Diff: 0, Sum: 0, Workers: 5
[41.317s][debug][gc,phases         ] GC(771)         Total                     Min: 25, Avg: 120.2, Max: 192, Diff: 167, Sum: 601, Workers: 5
[41.317s][debug][gc,phases         ] GC(771)     Merge Per-Thread State: 0.0ms
[41.317s][debug][gc,phases         ] GC(771)       Copied Bytes              Min: 400088, Avg: 450323.0, Max: 800096, Diff: 400008, Sum: 3602584, Workers: 8
[41.317s][debug][gc,phases         ] GC(771)       LAB Waste                 Min: 0, Avg:  0.0, Max: 0, Diff: 0, Sum: 0, Workers: 8
[41.317s][debug][gc,phases         ] GC(771)       LAB Undo Waste            Min: 0, Avg:  0.0, Max: 0, Diff: 0, Sum: 0, Workers: 8
[41.317s][debug][gc,phases         ] GC(771)     Code Roots Purge: 0.0ms
[41.317s][debug][gc,phases         ] GC(771)     Redirty Cards: 0.0ms
[41.317s][debug][gc,phases         ] GC(771)     DerivedPointerTable Update: 0.0ms
[41.317s][debug][gc,phases         ] GC(771)     Free Collection Set: 0.2ms
[41.317s][debug][gc,phases         ] GC(771)     Rebuild Free List: 0.1ms
[41.317s][debug][gc,phases         ] GC(771)     Humongous Reclaim: 0.0ms
[41.317s][debug][gc,phases         ] GC(771)     Start New Collection Set: 0.0ms
[41.317s][debug][gc,phases         ] GC(771)     Resize TLABs: 0.0ms
[41.317s][debug][gc,phases         ] GC(771)     Expand Heap After Collection: 0.0ms
[41.317s][info ][gc,phases         ] GC(771)   Other: 0.5ms
[41.317s][info ][gc,heap           ] GC(771) Eden regions: 866->0(865)
[41.317s][info ][gc,heap           ] GC(771) Survivor regions: 4->5(109)
[41.317s][info ][gc,heap           ] GC(771) Old regions: 17->17
[41.317s][info ][gc,heap           ] GC(771) Archive regions: 2->2
[41.317s][info ][gc,heap           ] GC(771) Humongous regions: 0->0
[41.317s][info ][gc,metaspace      ] GC(771) Metaspace: 10130K(10624K)->10130K(10624K) NonClass: 8932K(9216K)->8932K(9216K) Class: 1198K(1408K)->1198K(1408K)
[41.317s][debug][gc,heap           ] GC(771) Heap after GC invocations=772 (full 1): garbage-first heap   total 1484800K, used 22232K [0x0000000700000000, 0x0000000800000000)
[41.317s][debug][gc,heap           ] GC(771)   region size 1024K, 5 young (5120K), 5 survivors (5120K)
[41.317s][debug][gc,heap           ] GC(771)  Metaspace       used 10130K, capacity 10468K, committed 10624K, reserved 1058816K
[41.317s][debug][gc,heap           ] GC(771)   class space    used 1198K, capacity 1344K, committed 1408K, reserved 1048576K
[41.317s][info ][gc                ] GC(771) Pause Young (Normal) (G1 Evacuation Pause) 886M->21M(1450M) 2.482ms
[41.317s][info ][gc,cpu            ] GC(771) User=0.01s Sys=0.00s Real=0.00s
[41.317s][info ][safepoint         ] Safepoint "G1CollectForAllocation", Time since last: 41809524 ns, Reaching safepoint: 170396 ns, At safepoint: 2721373 ns, Total: 2891769 ns
[41.359s][debug][gc,heap           ] GC(772) Heap before GC invocations=772 (full 1): garbage-first heap   total 1484800K, used 906968K [0x0000000700000000, 0x0000000800000000)
[41.359s][debug][gc,heap           ] GC(772)   region size 1024K, 870 young (890880K), 5 survivors (5120K)
[41.359s][debug][gc,heap           ] GC(772)  Metaspace       used 10130K, capacity 10468K, committed 10624K, reserved 1058816K
[41.359s][debug][gc,heap           ] GC(772)   class space    used 1198K, capacity 1344K, committed 1408K, reserved 1048576K
[41.359s][info ][gc,start          ] GC(772) Pause Young (Normal) (G1 Evacuation Pause)
[41.359s][info ][gc,task           ] GC(772) Using 8 workers of 8 for evacuation
[41.360s][debug][gc,tlab           ] GC(772) TLAB totals: thrds: 8  refills: 12 max: 2 slow allocs: 1723 max 226 waste: 42.4% gc: 1336456B max: 228736B slow: 55184B max: 13912B fast: 0B max: 0B
[41.360s][debug][gc,age            ] GC(772) Desired survivor size 57147392 bytes, new threshold 15 (max threshold 15)
[41.360s][debug][gc,alloc,region   ] GC(772) Mutator Allocation stats, regions: 865, wasted size: 202M (23.4%)
[41.360s][debug][gc,ergo           ] GC(772) Running G1 Merge Heap Roots using 8 workers for 870 regions
[41.360s][debug][gc,remset         ] GC(772) Visited cards 256 Total dirty 2048 (12.50%) Total old 3602432 (0.01%)
[41.360s][debug][gc,ergo           ] GC(772) Running G1 Clear Card Table Task using 2 workers for 2 units of work for 871 regions.
[41.360s][debug][gc,ref            ] GC(772) Skipped phase1 of Reference Processing due to unavailable references
[41.361s][debug][gc,ref            ] GC(772) Skipped phase2 of Reference Processing due to unavailable references
[41.361s][debug][gc,ref            ] GC(772) Skipped phase3 of Reference Processing due to unavailable references
[41.361s][debug][gc,ref            ] GC(772) Skipped phase4 of Reference Processing due to unavailable references
[41.361s][debug][gc,ergo           ] GC(772) Running G1 Free Collection Set using 8 workers for collection set length 870 (1450)
[41.361s][debug][gc,ergo           ] GC(772) Running G1 Rebuild Free List Task using 8 workers for rebuilding free list of 0 (4096) regions
[41.361s][trace][gc,age            ] GC(772) Age table with threshold 15 (max threshold 15)
[41.361s][trace][gc,age            ] GC(772) - age   1:    2002528 bytes,    2002528 total
[41.361s][debug][gc,plab           ] GC(772) Young PLAB allocation: allocated: 16512B, wasted: 0B, unused: 14064B, used: 2448B, undo waste: 0B, 
[41.361s][debug][gc,plab           ] GC(772) Young other allocation: region end waste: 480576B, regions filled: 3, direct allocated: 2000080B, failure used: 0B, failure wasted: 0B
[41.361s][debug][gc,plab           ] GC(772) Young sizing: calculated: 0B, actual: 2064B
[41.361s][debug][gc,plab           ] GC(772) Old PLAB allocation: allocated: 0B, wasted: 0B, unused: 0B, used: 0B, undo waste: 0B, 
[41.361s][debug][gc,plab           ] GC(772) Old other allocation: region end waste: 0B, regions filled: 1, direct allocated: 0B, failure used: 0B, failure wasted: 0B
[41.361s][debug][gc,plab           ] GC(772) Old sizing: calculated: 0B, actual: 2064B
[41.361s][debug][gc,ihop           ] GC(772) Basic information (value update), threshold: 684195840B (45.00), target occupancy: 1520435200B, current occupancy: 20669072B, recent allocation size: 0B, recent allocation duration: 43.17ms, recent old gen allocation rate: 0.00B/s, recent marking phase length: 29.21ms
[41.361s][debug][gc,ihop           ] GC(772) Adaptive IHOP information (value update), threshold: 684195840B (47.37), internal target occupancy: 1444413440B, occupancy: 20669072B, additional buffer size: 912261120B, predicted old gen allocation rate: 0.06B/s, predicted marking phase length: 58.41ms, prediction active: false
[41.361s][debug][gc,ergo,refine    ] GC(772) Concurrent refinement times: Logged Cards Scan time goal: 20.00ms Logged Cards Scan time: 0.00ms HCC time: 0.00ms
[41.361s][debug][gc,ergo,refine    ] GC(772) Updated Refinement Zones: green: 2048, yellow: 6144, red: 10240
[41.361s][info ][gc,phases         ] GC(772)   Pre Evacuate Collection Set: 0.1ms
[41.361s][debug][gc,phases         ] GC(772)     Prepare TLABs: 0.0ms
[41.361s][debug][gc,phases         ] GC(772)     Choose Collection Set: 0.0ms
[41.361s][debug][gc,phases         ] GC(772)     Region Register: 0.1ms
[41.361s][debug][gc,phases         ] GC(772)     Prepare Heap Roots: 0.0ms
[41.361s][info ][gc,phases         ] GC(772)   Merge Heap Roots: 0.1ms
[41.361s][debug][gc,phases         ] GC(772)     Prepare Merge Heap Roots: 0.0ms
[41.361s][debug][gc,phases         ] GC(772)     Eager Reclaim (ms):       skipped
[41.361s][debug][gc,phases         ] GC(772)     Remembered Sets (ms):     Min:  0.0, Avg:  0.0, Max:  0.0, Diff:  0.0, Sum:  0.3, Workers: 8
[41.361s][debug][gc,phases         ] GC(772)       Merged Sparse:            Min: 0, Avg:  0.0, Max: 0, Diff: 0, Sum: 0, Workers: 8
[41.361s][debug][gc,phases         ] GC(772)       Merged Fine:              Min: 0, Avg:  0.0, Max: 0, Diff: 0, Sum: 0, Workers: 8
[41.361s][debug][gc,phases         ] GC(772)       Merged Coarse:            Min: 0, Avg:  0.0, Max: 0, Diff: 0, Sum: 0, Workers: 8
[41.361s][debug][gc,phases         ] GC(772)       Dirty Cards:              Min: 0, Avg:  0.0, Max: 0, Diff: 0, Sum: 0, Workers: 8
[41.361s][debug][gc,phases         ] GC(772)     Hot Card Cache (ms):      Min:  0.0, Avg:  0.0, Max:  0.0, Diff:  0.0, Sum:  0.0, Workers: 8
[41.361s][debug][gc,phases         ] GC(772)       Dirty Cards:              Min: 0, Avg:  0.0, Max: 0, Diff: 0, Sum: 0, Workers: 8
[41.361s][debug][gc,phases         ] GC(772)       Skipped Cards:            Min: 0, Avg:  0.0, Max: 0, Diff: 0, Sum: 0, Workers: 8
[41.361s][debug][gc,phases         ] GC(772)     Log Buffers (ms):         Min:  0.0, Avg:  0.0, Max:  0.0, Diff:  0.0, Sum:  0.0, Workers: 8
[41.361s][debug][gc,phases         ] GC(772)       Dirty Cards:              Min: 0, Avg:  0.1, Max: 1, Diff: 1, Sum: 1, Workers: 8
[41.361s][debug][gc,phases         ] GC(772)       Skipped Cards:            Min: 0, Avg:  0.0, Max: 0, Diff: 0, Sum: 0, Workers: 8
[41.361s][info ][gc,phases         ] GC(772)   Evacuate Collection Set: 0.3ms
[41.361s][debug][gc,phases         ] GC(772)     Ext Root Scanning (ms):   Min:  0.0, Avg:  0.1, Max:  0.3, Diff:  0.2, Sum:  1.0, Workers: 8
[41.361s][debug][gc,phases         ] GC(772)     Scan Heap Roots (ms):     Min:  0.0, Avg:  0.0, Max:  0.0, Diff:  0.0, Sum:  0.0, Workers: 8
[41.361s][debug][gc,phases         ] GC(772)       Scanned Cards:            Min: 0, Avg:  0.1, Max: 1, Diff: 1, Sum: 1, Workers: 8
[41.361s][debug][gc,phases         ] GC(772)       Scanned Blocks:           Min: 0, Avg:  0.1, Max: 1, Diff: 1, Sum: 1, Workers: 8
[41.361s][debug][gc,phases         ] GC(772)       Claimed Chunks:           Min: 0, Avg:  0.1, Max: 1, Diff: 1, Sum: 1, Workers: 8
[41.361s][debug][gc,phases         ] GC(772)     Code Root Scan (ms):      Min:  0.0, Avg:  0.0, Max:  0.0, Diff:  0.0, Sum:  0.2, Workers: 8
[41.361s][debug][gc,phases         ] GC(772)     Object Copy (ms):         Min:  0.0, Avg:  0.0, Max:  0.0, Diff:  0.0, Sum:  0.0, Workers: 8
[41.361s][debug][gc,phases         ] GC(772)     Termination (ms):         Min:  0.0, Avg:  0.1, Max:  0.1, Diff:  0.1, Sum:  0.9, Workers: 8
[41.361s][debug][gc,phases         ] GC(772)       Termination Attempts:     Min: 1, Avg:  1.0, Max: 1, Diff: 0, Sum: 8, Workers: 8
[41.361s][debug][gc,phases         ] GC(772)     GC Worker Other (ms):     Min:  0.0, Avg:  0.0, Max:  0.1, Diff:  0.1, Sum:  0.4, Workers: 8
[41.361s][debug][gc,phases         ] GC(772)     GC Worker Total (ms):     Min:  0.3, Avg:  0.3, Max:  0.3, Diff:  0.0, Sum:  2.5, Workers: 8
[41.361s][info ][gc,phases         ] GC(772)   Post Evacuate Collection Set: 0.7ms
[41.361s][debug][gc,phases         ] GC(772)     Code Roots Fixup: 0.0ms
[41.362s][debug][gc,phases         ] GC(772)     Clear Card Table: 0.2ms
[41.362s][debug][gc,phases         ] GC(772)     Reference Processing: 0.0ms
[41.362s][debug][gc,phases,ref     ] GC(772)       Reconsider SoftReferences: 0.0ms
[41.362s][debug][gc,phases,ref     ] GC(772)         SoftRef (ms):             skipped
[41.362s][debug][gc,phases,ref     ] GC(772)       Notify Soft/WeakReferences: 0.0ms
[41.362s][debug][gc,phases,ref     ] GC(772)         SoftRef (ms):             skipped
[41.362s][debug][gc,phases,ref     ] GC(772)         WeakRef (ms):             skipped
[41.362s][debug][gc,phases,ref     ] GC(772)         FinalRef (ms):            skipped
[41.362s][debug][gc,phases,ref     ] GC(772)         Total (ms):               skipped
[41.362s][debug][gc,phases,ref     ] GC(772)       Notify and keep alive finalizable: 0.0ms
[41.362s][debug][gc,phases,ref     ] GC(772)         FinalRef (ms):            skipped
[41.362s][debug][gc,phases,ref     ] GC(772)       Notify PhantomReferences: 0.0ms
[41.362s][debug][gc,phases,ref     ] GC(772)         PhantomRef (ms):          skipped
[41.362s][debug][gc,phases,ref     ] GC(772)       SoftReference:
[41.362s][debug][gc,phases,ref     ] GC(772)         Discovered: 0
[41.362s][debug][gc,phases,ref     ] GC(772)         Cleared: 0
[41.362s][debug][gc,phases,ref     ] GC(772)       WeakReference:
[41.362s][debug][gc,phases,ref     ] GC(772)         Discovered: 0
[41.362s][debug][gc,phases,ref     ] GC(772)         Cleared: 0
[41.362s][debug][gc,phases,ref     ] GC(772)       FinalReference:
[41.362s][debug][gc,phases,ref     ] GC(772)         Discovered: 0
[41.362s][debug][gc,phases,ref     ] GC(772)         Cleared: 0
[41.362s][debug][gc,phases,ref     ] GC(772)       PhantomReference:
[41.362s][debug][gc,phases,ref     ] GC(772)         Discovered: 0
[41.362s][debug][gc,phases,ref     ] GC(772)         Cleared: 0
[41.362s][debug][gc,phases         ] GC(772)     Weak Processing: 0.0ms
[41.362s][debug][gc,phases         ] GC(772)       JVMTI weak processing: 0.0ms
[41.362s][debug][gc,phases         ] GC(772)         Dead: 0
[41.362s][debug][gc,phases         ] GC(772)         Total: 0
[41.362s][debug][gc,phases         ] GC(772)       JFR weak processing: 0.0ms
[41.362s][debug][gc,phases         ] GC(772)         Dead: 0
[41.362s][debug][gc,phases         ] GC(772)         Total: 0
[41.362s][debug][gc,phases         ] GC(772)       JNI weak                  Min:  0.0, Avg:  0.0, Max:  0.0, Diff:  0.0, Sum:  0.0, Workers: 5
[41.362s][debug][gc,phases         ] GC(772)         Dead                      Min: 0, Avg:  0.0, Max: 0, Diff: 0, Sum: 0, Workers: 5
[41.362s][debug][gc,phases         ] GC(772)         Total                     Min: 0, Avg: 13.4, Max: 64, Diff: 64, Sum: 67, Workers: 5
[41.362s][debug][gc,phases         ] GC(772)       VM weak                   Min:  0.0, Avg:  0.0, Max:  0.0, Diff:  0.0, Sum:  0.0, Workers: 5
[41.362s][debug][gc,phases         ] GC(772)         Dead                      Min: 0, Avg:  0.0, Max: 0, Diff: 0, Sum: 0, Workers: 5
[41.362s][debug][gc,phases         ] GC(772)         Total                     Min: 0, Avg: 45.2, Max: 64, Diff: 64, Sum: 226, Workers: 5
[41.362s][debug][gc,phases         ] GC(772)       StringTable weak          Min:  0.0, Avg:  0.0, Max:  0.0, Diff:  0.0, Sum:  0.1, Workers: 5
[41.362s][debug][gc,phases         ] GC(772)         Dead                      Min: 0, Avg:  0.0, Max: 0, Diff: 0, Sum: 0, Workers: 5
[41.362s][debug][gc,phases         ] GC(772)         Total                     Min: 639, Avg: 682.8, Max: 768, Diff: 129, Sum: 3414, Workers: 5
[41.362s][debug][gc,phases         ] GC(772)       ResolvedMethodTable weak  Min:  0.0, Avg:  0.0, Max:  0.0, Diff:  0.0, Sum:  0.0, Workers: 5
[41.362s][debug][gc,phases         ] GC(772)         Dead                      Min: 0, Avg:  0.0, Max: 0, Diff: 0, Sum: 0, Workers: 5
[41.362s][debug][gc,phases         ] GC(772)         Total                     Min: 64, Avg: 120.2, Max: 192, Diff: 128, Sum: 601, Workers: 5
[41.362s][debug][gc,phases         ] GC(772)     Merge Per-Thread State: 0.1ms
[41.362s][debug][gc,phases         ] GC(772)       Copied Bytes              Min: 72, Avg: 250316.0, Max: 400760, Diff: 400688, Sum: 2002528, Workers: 8
[41.362s][debug][gc,phases         ] GC(772)       LAB Waste                 Min: 0, Avg:  0.0, Max: 0, Diff: 0, Sum: 0, Workers: 8
[41.362s][debug][gc,phases         ] GC(772)       LAB Undo Waste            Min: 0, Avg:  0.0, Max: 0, Diff: 0, Sum: 0, Workers: 8
[41.362s][debug][gc,phases         ] GC(772)     Code Roots Purge: 0.0ms
[41.362s][debug][gc,phases         ] GC(772)     Redirty Cards: 0.0ms
[41.362s][debug][gc,phases         ] GC(772)     DerivedPointerTable Update: 0.0ms
[41.362s][debug][gc,phases         ] GC(772)     Free Collection Set: 0.2ms
[41.362s][debug][gc,phases         ] GC(772)     Rebuild Free List: 0.1ms
[41.362s][debug][gc,phases         ] GC(772)     Humongous Reclaim: 0.0ms
[41.362s][debug][gc,phases         ] GC(772)     Start New Collection Set: 0.0ms
[41.362s][debug][gc,phases         ] GC(772)     Resize TLABs: 0.0ms
[41.362s][debug][gc,phases         ] GC(772)     Expand Heap After Collection: 0.0ms
[41.362s][info ][gc,phases         ] GC(772)   Other: 0.5ms
[41.362s][info ][gc,heap           ] GC(772) Eden regions: 865->0(867)
[41.362s][info ][gc,heap           ] GC(772) Survivor regions: 5->3(109)
[41.362s][info ][gc,heap           ] GC(772) Old regions: 17->17
[41.362s][info ][gc,heap           ] GC(772) Archive regions: 2->2
[41.362s][info ][gc,heap           ] GC(772) Humongous regions: 0->0
[41.362s][info ][gc,metaspace      ] GC(772) Metaspace: 10130K(10624K)->10130K(10624K) NonClass: 8932K(9216K)->8932K(9216K) Class: 1198K(1408K)->1198K(1408K)
[41.362s][debug][gc,heap           ] GC(772) Heap after GC invocations=773 (full 1): garbage-first heap   total 1484800K, used 20184K [0x0000000700000000, 0x0000000800000000)
[41.362s][debug][gc,heap           ] GC(772)   region size 1024K, 3 young (3072K), 3 survivors (3072K)
[41.362s][debug][gc,heap           ] GC(772)  Metaspace       used 10130K, capacity 10468K, committed 10624K, reserved 1058816K
[41.362s][debug][gc,heap           ] GC(772)   class space    used 1198K, capacity 1344K, committed 1408K, reserved 1048576K
[41.362s][info ][gc                ] GC(772) Pause Young (Normal) (G1 Evacuation Pause) 886M->19M(1450M) 2.658ms
[41.362s][info ][gc,cpu            ] GC(772) User=0.00s Sys=0.01s Real=0.00s
[41.362s][info ][safepoint         ] Safepoint "G1CollectForAllocation", Time since last: 41934239 ns, Reaching safepoint: 222439 ns, At safepoint: 2983216 ns, Total: 3205655 ns
[41.405s][debug][gc,heap           ] GC(773) Heap before GC invocations=773 (full 1): garbage-first heap   total 1484800K, used 906968K [0x0000000700000000, 0x0000000800000000)
[41.405s][debug][gc,heap           ] GC(773)   region size 1024K, 870 young (890880K), 3 survivors (3072K)
[41.405s][debug][gc,heap           ] GC(773)  Metaspace       used 10130K, capacity 10468K, committed 10624K, reserved 1058816K
[41.405s][debug][gc,heap           ] GC(773)   class space    used 1198K, capacity 1344K, committed 1408K, reserved 1048576K
[41.405s][info ][gc,start          ] GC(773) Pause Young (Normal) (G1 Evacuation Pause)
[41.405s][info ][gc,task           ] GC(773) Using 8 workers of 8 for evacuation
[41.406s][debug][gc,tlab           ] GC(773) TLAB totals: thrds: 8  refills: 18 max: 3 slow allocs: 1721 max 236 waste: 24.6% gc: 1169448B max: 224144B slow: 101792B max: 15096B fast: 0B max: 0B
[41.406s][debug][gc,age            ] GC(773) Desired survivor size 57147392 bytes, new threshold 15 (max threshold 15)
[41.406s][debug][gc,alloc,region   ] GC(773) Mutator Allocation stats, regions: 867, wasted size: 203M (23.4%)
[41.406s][debug][gc,ergo           ] GC(773) Running G1 Merge Heap Roots using 8 workers for 870 regions
[41.406s][debug][gc,remset         ] GC(773) Visited cards 512 Total dirty 4096 (12.50%) Total old 3602432 (0.01%)
[41.406s][debug][gc,ergo           ] GC(773) Running G1 Clear Card Table Task using 2 workers for 2 units of work for 872 regions.
[41.407s][debug][gc,ref            ] GC(773) Skipped phase1 of Reference Processing due to unavailable references
[41.407s][debug][gc,ref            ] GC(773) Skipped phase2 of Reference Processing due to unavailable references
[41.407s][debug][gc,ref            ] GC(773) Skipped phase3 of Reference Processing due to unavailable references
[41.407s][debug][gc,ref            ] GC(773) Skipped phase4 of Reference Processing due to unavailable references
[41.407s][debug][gc,ergo           ] GC(773) Running G1 Free Collection Set using 8 workers for collection set length 870 (1450)
[41.407s][debug][gc,ergo           ] GC(773) Running G1 Rebuild Free List Task using 8 workers for rebuilding free list of 0 (4096) regions
[41.407s][trace][gc,age            ] GC(773) Age table with threshold 15 (max threshold 15)
[41.407s][trace][gc,age            ] GC(773) - age   1:    4402592 bytes,    4402592 total
[41.407s][debug][gc,plab           ] GC(773) Young PLAB allocation: allocated: 16512B, wasted: 0B, unused: 14064B, used: 2448B, undo waste: 0B, 
[41.407s][debug][gc,plab           ] GC(773) Young other allocation: region end waste: 1234488B, regions filled: 6, direct allocated: 4400144B, failure used: 0B, failure wasted: 0B
[41.407s][debug][gc,plab           ] GC(773) Young sizing: calculated: 0B, actual: 2064B
[41.407s][debug][gc,plab           ] GC(773) Old PLAB allocation: allocated: 0B, wasted: 0B, unused: 0B, used: 0B, undo waste: 0B, 
[41.407s][debug][gc,plab           ] GC(773) Old other allocation: region end waste: 0B, regions filled: 1, direct allocated: 0B, failure used: 0B, failure wasted: 0B
[41.407s][debug][gc,plab           ] GC(773) Old sizing: calculated: 0B, actual: 2064B
[41.407s][debug][gc,ihop           ] GC(773) Basic information (value update), threshold: 684195840B (45.00), target occupancy: 1520435200B, current occupancy: 23823048B, recent allocation size: 0B, recent allocation duration: 44.45ms, recent old gen allocation rate: 0.00B/s, recent marking phase length: 29.21ms
[41.407s][debug][gc,ihop           ] GC(773) Adaptive IHOP information (value update), threshold: 684195840B (47.37), internal target occupancy: 1444413440B, occupancy: 23823048B, additional buffer size: 912261120B, predicted old gen allocation rate: 0.06B/s, predicted marking phase length: 58.41ms, prediction active: false
[41.407s][debug][gc,ergo,refine    ] GC(773) Concurrent refinement times: Logged Cards Scan time goal: 20.00ms Logged Cards Scan time: 0.00ms HCC time: 0.00ms
[41.407s][debug][gc,ergo,refine    ] GC(773) Updated Refinement Zones: green: 2048, yellow: 6144, red: 10240
[41.407s][info ][gc,phases         ] GC(773)   Pre Evacuate Collection Set: 0.1ms
[41.407s][debug][gc,phases         ] GC(773)     Prepare TLABs: 0.0ms
[41.407s][debug][gc,phases         ] GC(773)     Choose Collection Set: 0.0ms
[41.407s][debug][gc,phases         ] GC(773)     Region Register: 0.1ms
[41.407s][debug][gc,phases         ] GC(773)     Prepare Heap Roots: 0.0ms
[41.407s][info ][gc,phases         ] GC(773)   Merge Heap Roots: 0.1ms
[41.407s][debug][gc,phases         ] GC(773)     Prepare Merge Heap Roots: 0.0ms
[41.407s][debug][gc,phases         ] GC(773)     Eager Reclaim (ms):       skipped
[41.407s][debug][gc,phases         ] GC(773)     Remembered Sets (ms):     Min:  0.0, Avg:  0.0, Max:  0.0, Diff:  0.0, Sum:  0.3, Workers: 8
[41.408s][debug][gc,phases         ] GC(773)       Merged Sparse:            Min: 0, Avg:  0.0, Max: 0, Diff: 0, Sum: 0, Workers: 8
[41.408s][debug][gc,phases         ] GC(773)       Merged Fine:              Min: 0, Avg:  0.0, Max: 0, Diff: 0, Sum: 0, Workers: 8
[41.408s][debug][gc,phases         ] GC(773)       Merged Coarse:            Min: 0, Avg:  0.0, Max: 0, Diff: 0, Sum: 0, Workers: 8
[41.408s][debug][gc,phases         ] GC(773)       Dirty Cards:              Min: 0, Avg:  0.0, Max: 0, Diff: 0, Sum: 0, Workers: 8
[41.408s][debug][gc,phases         ] GC(773)     Hot Card Cache (ms):      Min:  0.0, Avg:  0.0, Max:  0.0, Diff:  0.0, Sum:  0.0, Workers: 8
[41.408s][debug][gc,phases         ] GC(773)       Dirty Cards:              Min: 0, Avg:  0.0, Max: 0, Diff: 0, Sum: 0, Workers: 8
[41.408s][debug][gc,phases         ] GC(773)       Skipped Cards:            Min: 0, Avg:  0.0, Max: 0, Diff: 0, Sum: 0, Workers: 8
[41.408s][debug][gc,phases         ] GC(773)     Log Buffers (ms):         Min:  0.0, Avg:  0.0, Max:  0.0, Diff:  0.0, Sum:  0.0, Workers: 8
[41.408s][debug][gc,phases         ] GC(773)       Dirty Cards:              Min: 0, Avg:  0.2, Max: 1, Diff: 1, Sum: 2, Workers: 8
[41.408s][debug][gc,phases         ] GC(773)       Skipped Cards:            Min: 0, Avg:  0.0, Max: 0, Diff: 0, Sum: 0, Workers: 8
[41.408s][info ][gc,phases         ] GC(773)   Evacuate Collection Set: 0.5ms
[41.408s][debug][gc,phases         ] GC(773)     Ext Root Scanning (ms):   Min:  0.2, Avg:  0.3, Max:  0.4, Diff:  0.2, Sum:  2.5, Workers: 8
[41.408s][debug][gc,phases         ] GC(773)     Scan Heap Roots (ms):     Min:  0.0, Avg:  0.0, Max:  0.0, Diff:  0.0, Sum:  0.0, Workers: 8
[41.408s][debug][gc,phases         ] GC(773)       Scanned Cards:            Min: 0, Avg:  0.2, Max: 2, Diff: 2, Sum: 2, Workers: 8
[41.408s][debug][gc,phases         ] GC(773)       Scanned Blocks:           Min: 0, Avg:  0.2, Max: 2, Diff: 2, Sum: 2, Workers: 8
[41.408s][debug][gc,phases         ] GC(773)       Claimed Chunks:           Min: 0, Avg:  0.2, Max: 2, Diff: 2, Sum: 2, Workers: 8
[41.408s][debug][gc,phases         ] GC(773)     Code Root Scan (ms):      Min:  0.0, Avg:  0.0, Max:  0.1, Diff:  0.1, Sum:  0.2, Workers: 8
[41.408s][debug][gc,phases         ] GC(773)     Object Copy (ms):         Min:  0.0, Avg:  0.0, Max:  0.0, Diff:  0.0, Sum:  0.0, Workers: 8
[41.408s][debug][gc,phases         ] GC(773)     Termination (ms):         Min:  0.0, Avg:  0.1, Max:  0.1, Diff:  0.0, Sum:  0.5, Workers: 8
[41.408s][debug][gc,phases         ] GC(773)       Termination Attempts:     Min: 1, Avg:  1.0, Max: 1, Diff: 0, Sum: 8, Workers: 8
[41.408s][debug][gc,phases         ] GC(773)     GC Worker Other (ms):     Min:  0.0, Avg:  0.1, Max:  0.1, Diff:  0.1, Sum:  0.4, Workers: 8
[41.408s][debug][gc,phases         ] GC(773)     GC Worker Total (ms):     Min:  0.5, Avg:  0.5, Max:  0.5, Diff:  0.0, Sum:  3.8, Workers: 8
[41.408s][info ][gc,phases         ] GC(773)   Post Evacuate Collection Set: 0.7ms
[41.408s][debug][gc,phases         ] GC(773)     Code Roots Fixup: 0.0ms
[41.408s][debug][gc,phases         ] GC(773)     Clear Card Table: 0.3ms
[41.408s][debug][gc,phases         ] GC(773)     Reference Processing: 0.1ms
[41.408s][debug][gc,phases,ref     ] GC(773)       Reconsider SoftReferences: 0.0ms
[41.408s][debug][gc,phases,ref     ] GC(773)         SoftRef (ms):             skipped
[41.408s][debug][gc,phases,ref     ] GC(773)       Notify Soft/WeakReferences: 0.0ms
[41.408s][debug][gc,phases,ref     ] GC(773)         SoftRef (ms):             skipped
[41.408s][debug][gc,phases,ref     ] GC(773)         WeakRef (ms):             skipped
[41.408s][debug][gc,phases,ref     ] GC(773)         FinalRef (ms):            skipped
[41.408s][debug][gc,phases,ref     ] GC(773)         Total (ms):               skipped
[41.408s][debug][gc,phases,ref     ] GC(773)       Notify and keep alive finalizable: 0.0ms
[41.408s][debug][gc,phases,ref     ] GC(773)         FinalRef (ms):            skipped
[41.408s][debug][gc,phases,ref     ] GC(773)       Notify PhantomReferences: 0.0ms
[41.408s][debug][gc,phases,ref     ] GC(773)         PhantomRef (ms):          skipped
[41.408s][debug][gc,phases,ref     ] GC(773)       SoftReference:
[41.408s][debug][gc,phases,ref     ] GC(773)         Discovered: 0
[41.408s][debug][gc,phases,ref     ] GC(773)         Cleared: 0
[41.408s][debug][gc,phases,ref     ] GC(773)       WeakReference:
[41.408s][debug][gc,phases,ref     ] GC(773)         Discovered: 0
[41.408s][debug][gc,phases,ref     ] GC(773)         Cleared: 0
[41.408s][debug][gc,phases,ref     ] GC(773)       FinalReference:
[41.408s][debug][gc,phases,ref     ] GC(773)         Discovered: 0
[41.408s][debug][gc,phases,ref     ] GC(773)         Cleared: 0
[41.408s][debug][gc,phases,ref     ] GC(773)       PhantomReference:
[41.408s][debug][gc,phases,ref     ] GC(773)         Discovered: 0
[41.408s][debug][gc,phases,ref     ] GC(773)         Cleared: 0
[41.408s][debug][gc,phases         ] GC(773)     Weak Processing: 0.0ms
[41.408s][debug][gc,phases         ] GC(773)       JVMTI weak processing: 0.0ms
[41.408s][debug][gc,phases         ] GC(773)         Dead: 0
[41.408s][debug][gc,phases         ] GC(773)         Total: 0
[41.408s][debug][gc,phases         ] GC(773)       JFR weak processing: 0.0ms
[41.408s][debug][gc,phases         ] GC(773)         Dead: 0
[41.408s][debug][gc,phases         ] GC(773)         Total: 0
[41.408s][debug][gc,phases         ] GC(773)       JNI weak                  Min:  0.0, Avg:  0.0, Max:  0.0, Diff:  0.0, Sum:  0.0, Workers: 5
[41.408s][debug][gc,phases         ] GC(773)         Dead                      Min: 0, Avg:  0.0, Max: 0, Diff: 0, Sum: 0, Workers: 5
[41.408s][debug][gc,phases         ] GC(773)         Total                     Min: 0, Avg: 13.4, Max: 64, Diff: 64, Sum: 67, Workers: 5
[41.408s][debug][gc,phases         ] GC(773)       VM weak                   Min:  0.0, Avg:  0.0, Max:  0.0, Diff:  0.0, Sum:  0.0, Workers: 5
[41.408s][debug][gc,phases         ] GC(773)         Dead                      Min: 0, Avg:  0.0, Max: 0, Diff: 0, Sum: 0, Workers: 5
[41.408s][debug][gc,phases         ] GC(773)         Total                     Min: 0, Avg: 45.2, Max: 64, Diff: 64, Sum: 226, Workers: 5
[41.409s][debug][gc,phases         ] GC(773)       StringTable weak          Min:  0.0, Avg:  0.0, Max:  0.0, Diff:  0.0, Sum:  0.1, Workers: 5
[41.409s][debug][gc,phases         ] GC(773)         Dead                      Min: 0, Avg:  0.0, Max: 0, Diff: 0, Sum: 0, Workers: 5
[41.409s][debug][gc,phases         ] GC(773)         Total                     Min: 640, Avg: 682.8, Max: 768, Diff: 128, Sum: 3414, Workers: 5
[41.409s][debug][gc,phases         ] GC(773)       ResolvedMethodTable weak  Min:  0.0, Avg:  0.0, Max:  0.0, Diff:  0.0, Sum:  0.0, Workers: 5
[41.409s][debug][gc,phases         ] GC(773)         Dead                      Min: 0, Avg:  0.0, Max: 0, Diff: 0, Sum: 0, Workers: 5
[41.409s][debug][gc,phases         ] GC(773)         Total                     Min: 64, Avg: 120.2, Max: 192, Diff: 128, Sum: 601, Workers: 5
[41.409s][debug][gc,phases         ] GC(773)     Merge Per-Thread State: 0.0ms
[41.409s][debug][gc,phases         ] GC(773)       Copied Bytes              Min: 456, Avg: 550324.0, Max: 800464, Diff: 800008, Sum: 4402592, Workers: 8
[41.409s][debug][gc,phases         ] GC(773)       LAB Waste                 Min: 0, Avg:  0.0, Max: 0, Diff: 0, Sum: 0, Workers: 8
[41.409s][debug][gc,phases         ] GC(773)       LAB Undo Waste            Min: 0, Avg:  0.0, Max: 0, Diff: 0, Sum: 0, Workers: 8
[41.409s][debug][gc,phases         ] GC(773)     Code Roots Purge: 0.0ms
[41.409s][debug][gc,phases         ] GC(773)     Redirty Cards: 0.0ms
[41.409s][debug][gc,phases         ] GC(773)     DerivedPointerTable Update: 0.0ms
[41.409s][debug][gc,phases         ] GC(773)     Free Collection Set: 0.2ms
[41.409s][debug][gc,phases         ] GC(773)     Rebuild Free List: 0.1ms
[41.409s][debug][gc,phases         ] GC(773)     Humongous Reclaim: 0.0ms
[41.409s][debug][gc,phases         ] GC(773)     Start New Collection Set: 0.0ms
[41.409s][debug][gc,phases         ] GC(773)     Resize TLABs: 0.0ms
[41.409s][debug][gc,phases         ] GC(773)     Expand Heap After Collection: 0.0ms
[41.409s][info ][gc,phases         ] GC(773)   Other: 0.6ms
[41.409s][info ][gc,heap           ] GC(773) Eden regions: 867->0(864)
[41.409s][info ][gc,heap           ] GC(773) Survivor regions: 3->6(109)
[41.409s][info ][gc,heap           ] GC(773) Old regions: 17->17
[41.409s][info ][gc,heap           ] GC(773) Archive regions: 2->2
[41.409s][info ][gc,heap           ] GC(773) Humongous regions: 0->0
[41.409s][info ][gc,metaspace      ] GC(773) Metaspace: 10130K(10624K)->10130K(10624K) NonClass: 8932K(9216K)->8932K(9216K) Class: 1198K(1408K)->1198K(1408K)
[41.409s][debug][gc,heap           ] GC(773) Heap after GC invocations=774 (full 1): garbage-first heap   total 1484800K, used 23264K [0x0000000700000000, 0x0000000800000000)
[41.409s][debug][gc,heap           ] GC(773)   region size 1024K, 6 young (6144K), 6 survivors (6144K)
[41.409s][debug][gc,heap           ] GC(773)  Metaspace       used 10130K, capacity 10468K, committed 10624K, reserved 1058816K
[41.409s][debug][gc,heap           ] GC(773)   class space    used 1198K, capacity 1344K, committed 1408K, reserved 1048576K
[41.409s][info ][gc                ] GC(773) Pause Young (Normal) (G1 Evacuation Pause) 886M->22M(1450M) 3.547ms
[41.409s][info ][gc,cpu            ] GC(773) User=0.00s Sys=0.00s Real=0.00s
[41.410s][info ][safepoint         ] Safepoint "G1CollectForAllocation", Time since last: 42847471 ns, Reaching safepoint: 224149 ns, At safepoint: 4147054 ns, Total: 4371203 ns
[41.453s][debug][gc,heap           ] GC(774) Heap before GC invocations=774 (full 1): garbage-first heap   total 1484800K, used 906976K [0x0000000700000000, 0x0000000800000000)
[41.453s][debug][gc,heap           ] GC(774)   region size 1024K, 870 young (890880K), 6 survivors (6144K)
[41.453s][debug][gc,heap           ] GC(774)  Metaspace       used 10130K, capacity 10468K, committed 10624K, reserved 1058816K
[41.453s][debug][gc,heap           ] GC(774)   class space    used 1198K, capacity 1344K, committed 1408K, reserved 1048576K
[41.453s][info ][gc,start          ] GC(774) Pause Young (Normal) (G1 Evacuation Pause)
[41.453s][info ][gc,task           ] GC(774) Using 8 workers of 8 for evacuation
[41.453s][debug][gc,tlab           ] GC(774) TLAB totals: thrds: 8  refills: 22 max: 4 slow allocs: 1712 max 234 waste: 18.9% gc: 1161880B max: 230864B slow: 119104B max: 17136B fast: 0B max: 0B
[41.453s][debug][gc,age            ] GC(774) Desired survivor size 57147392 bytes, new threshold 15 (max threshold 15)
[41.453s][debug][gc,alloc,region   ] GC(774) Mutator Allocation stats, regions: 864, wasted size: 202M (23.4%)
[41.453s][debug][gc,ergo           ] GC(774) Running G1 Merge Heap Roots using 8 workers for 870 regions
[41.453s][debug][gc,remset         ] GC(774) Visited cards 256 Total dirty 2048 (12.50%) Total old 3602432 (0.01%)
[41.454s][debug][gc,ergo           ] GC(774) Running G1 Clear Card Table Task using 2 workers for 2 units of work for 871 regions.
[41.454s][debug][gc,ref            ] GC(774) Skipped phase1 of Reference Processing due to unavailable references
[41.454s][debug][gc,ref            ] GC(774) Skipped phase2 of Reference Processing due to unavailable references
[41.454s][debug][gc,ref            ] GC(774) Skipped phase3 of Reference Processing due to unavailable references
[41.454s][debug][gc,ref            ] GC(774) Skipped phase4 of Reference Processing due to unavailable references
[41.454s][debug][gc,ergo           ] GC(774) Running G1 Free Collection Set using 8 workers for collection set length 870 (1450)
[41.454s][debug][gc,ergo           ] GC(774) Running G1 Rebuild Free List Task using 8 workers for rebuilding free list of 0 (4096) regions
[41.455s][trace][gc,age            ] GC(774) Age table with threshold 15 (max threshold 15)
[41.455s][trace][gc,age            ] GC(774) - age   1:    3602576 bytes,    3602576 total
[41.455s][debug][gc,plab           ] GC(774) Young PLAB allocation: allocated: 16512B, wasted: 0B, unused: 14064B, used: 2448B, undo waste: 0B, 
[41.455s][debug][gc,plab           ] GC(774) Young other allocation: region end waste: 981800B, regions filled: 5, direct allocated: 3600128B, failure used: 0B, failure wasted: 0B
[41.455s][debug][gc,plab           ] GC(774) Young sizing: calculated: 0B, actual: 2064B
[41.455s][debug][gc,plab           ] GC(774) Old PLAB allocation: allocated: 0B, wasted: 0B, unused: 0B, used: 0B, undo waste: 0B, 
[41.455s][debug][gc,plab           ] GC(774) Old other allocation: region end waste: 0B, regions filled: 1, direct allocated: 0B, failure used: 0B, failure wasted: 0B
[41.455s][debug][gc,plab           ] GC(774) Old sizing: calculated: 0B, actual: 2064B
[41.455s][debug][gc,ihop           ] GC(774) Basic information (value update), threshold: 684195840B (45.00), target occupancy: 1520435200B, current occupancy: 22770344B, recent allocation size: 0B, recent allocation duration: 45.68ms, recent old gen allocation rate: 0.00B/s, recent marking phase length: 29.21ms
[41.455s][debug][gc,ihop           ] GC(774) Adaptive IHOP information (value update), threshold: 684195840B (47.37), internal target occupancy: 1444413440B, occupancy: 22770344B, additional buffer size: 912261120B, predicted old gen allocation rate: 0.06B/s, predicted marking phase length: 58.41ms, prediction active: false
[41.455s][debug][gc,ergo,refine    ] GC(774) Concurrent refinement times: Logged Cards Scan time goal: 20.00ms Logged Cards Scan time: 0.00ms HCC time: 0.00ms
[41.455s][debug][gc,ergo,refine    ] GC(774) Updated Refinement Zones: green: 2048, yellow: 6144, red: 10240
[41.455s][info ][gc,phases         ] GC(774)   Pre Evacuate Collection Set: 0.1ms
[41.455s][debug][gc,phases         ] GC(774)     Prepare TLABs: 0.0ms
[41.455s][debug][gc,phases         ] GC(774)     Choose Collection Set: 0.0ms
[41.455s][debug][gc,phases         ] GC(774)     Region Register: 0.1ms
[41.455s][debug][gc,phases         ] GC(774)     Prepare Heap Roots: 0.0ms
[41.455s][info ][gc,phases         ] GC(774)   Merge Heap Roots: 0.1ms
[41.455s][debug][gc,phases         ] GC(774)     Prepare Merge Heap Roots: 0.0ms
[41.455s][debug][gc,phases         ] GC(774)     Eager Reclaim (ms):       skipped
[41.455s][debug][gc,phases         ] GC(774)     Remembered Sets (ms):     Min:  0.0, Avg:  0.0, Max:  0.0, Diff:  0.0, Sum:  0.3, Workers: 8
[41.455s][debug][gc,phases         ] GC(774)       Merged Sparse:            Min: 0, Avg:  0.0, Max: 0, Diff: 0, Sum: 0, Workers: 8
[41.455s][debug][gc,phases         ] GC(774)       Merged Fine:              Min: 0, Avg:  0.0, Max: 0, Diff: 0, Sum: 0, Workers: 8
[41.455s][debug][gc,phases         ] GC(774)       Merged Coarse:            Min: 0, Avg:  0.0, Max: 0, Diff: 0, Sum: 0, Workers: 8
[41.455s][debug][gc,phases         ] GC(774)       Dirty Cards:              Min: 0, Avg:  0.0, Max: 0, Diff: 0, Sum: 0, Workers: 8
[41.455s][debug][gc,phases         ] GC(774)     Hot Card Cache (ms):      Min:  0.0, Avg:  0.0, Max:  0.0, Diff:  0.0, Sum:  0.0, Workers: 8
[41.455s][debug][gc,phases         ] GC(774)       Dirty Cards:              Min: 0, Avg:  0.0, Max: 0, Diff: 0, Sum: 0, Workers: 8
[41.455s][debug][gc,phases         ] GC(774)       Skipped Cards:            Min: 0, Avg:  0.0, Max: 0, Diff: 0, Sum: 0, Workers: 8
[41.455s][debug][gc,phases         ] GC(774)     Log Buffers (ms):         Min:  0.0, Avg:  0.0, Max:  0.0, Diff:  0.0, Sum:  0.0, Workers: 8
[41.455s][debug][gc,phases         ] GC(774)       Dirty Cards:              Min: 0, Avg:  0.1, Max: 1, Diff: 1, Sum: 1, Workers: 8
[41.455s][debug][gc,phases         ] GC(774)       Skipped Cards:            Min: 0, Avg:  0.0, Max: 0, Diff: 0, Sum: 0, Workers: 8
[41.455s][info ][gc,phases         ] GC(774)   Evacuate Collection Set: 0.5ms
[41.455s][debug][gc,phases         ] GC(774)     Ext Root Scanning (ms):   Min:  0.2, Avg:  0.3, Max:  0.4, Diff:  0.2, Sum:  2.2, Workers: 8
[41.455s][debug][gc,phases         ] GC(774)     Scan Heap Roots (ms):     Min:  0.0, Avg:  0.0, Max:  0.0, Diff:  0.0, Sum:  0.0, Workers: 8
[41.455s][debug][gc,phases         ] GC(774)       Scanned Cards:            Min: 0, Avg:  0.1, Max: 1, Diff: 1, Sum: 1, Workers: 8
[41.455s][debug][gc,phases         ] GC(774)       Scanned Blocks:           Min: 0, Avg:  0.1, Max: 1, Diff: 1, Sum: 1, Workers: 8
[41.455s][debug][gc,phases         ] GC(774)       Claimed Chunks:           Min: 0, Avg:  0.1, Max: 1, Diff: 1, Sum: 1, Workers: 8
[41.455s][debug][gc,phases         ] GC(774)     Code Root Scan (ms):      Min:  0.0, Avg:  0.0, Max:  0.0, Diff:  0.0, Sum:  0.2, Workers: 8
[41.455s][debug][gc,phases         ] GC(774)     Object Copy (ms):         Min:  0.0, Avg:  0.0, Max:  0.0, Diff:  0.0, Sum:  0.0, Workers: 8
[41.455s][debug][gc,phases         ] GC(774)     Termination (ms):         Min:  0.0, Avg:  0.1, Max:  0.1, Diff:  0.1, Sum:  0.6, Workers: 8
[41.455s][debug][gc,phases         ] GC(774)       Termination Attempts:     Min: 1, Avg:  1.0, Max: 1, Diff: 0, Sum: 8, Workers: 8
[41.455s][debug][gc,phases         ] GC(774)     GC Worker Other (ms):     Min:  0.0, Avg:  0.1, Max:  0.1, Diff:  0.1, Sum:  0.5, Workers: 8
[41.455s][debug][gc,phases         ] GC(774)     GC Worker Total (ms):     Min:  0.4, Avg:  0.4, Max:  0.4, Diff:  0.0, Sum:  3.5, Workers: 8
[41.455s][info ][gc,phases         ] GC(774)   Post Evacuate Collection Set: 0.7ms
[41.455s][debug][gc,phases         ] GC(774)     Code Roots Fixup: 0.0ms
[41.455s][debug][gc,phases         ] GC(774)     Clear Card Table: 0.2ms
[41.455s][debug][gc,phases         ] GC(774)     Reference Processing: 0.1ms
[41.455s][debug][gc,phases,ref     ] GC(774)       Reconsider SoftReferences: 0.0ms
[41.455s][debug][gc,phases,ref     ] GC(774)         SoftRef (ms):             skipped
[41.455s][debug][gc,phases,ref     ] GC(774)       Notify Soft/WeakReferences: 0.0ms
[41.455s][debug][gc,phases,ref     ] GC(774)         SoftRef (ms):             skipped
[41.455s][debug][gc,phases,ref     ] GC(774)         WeakRef (ms):             skipped
[41.455s][debug][gc,phases,ref     ] GC(774)         FinalRef (ms):            skipped
[41.455s][debug][gc,phases,ref     ] GC(774)         Total (ms):               skipped
[41.455s][debug][gc,phases,ref     ] GC(774)       Notify and keep alive finalizable: 0.0ms
[41.455s][debug][gc,phases,ref     ] GC(774)         FinalRef (ms):            skipped
[41.455s][debug][gc,phases,ref     ] GC(774)       Notify PhantomReferences: 0.0ms
[41.455s][debug][gc,phases,ref     ] GC(774)         PhantomRef (ms):          skipped
[41.455s][debug][gc,phases,ref     ] GC(774)       SoftReference:
[41.455s][debug][gc,phases,ref     ] GC(774)         Discovered: 0
[41.455s][debug][gc,phases,ref     ] GC(774)         Cleared: 0
[41.455s][debug][gc,phases,ref     ] GC(774)       WeakReference:
[41.455s][debug][gc,phases,ref     ] GC(774)         Discovered: 0
[41.455s][debug][gc,phases,ref     ] GC(774)         Cleared: 0
[41.455s][debug][gc,phases,ref     ] GC(774)       FinalReference:
[41.455s][debug][gc,phases,ref     ] GC(774)         Discovered: 0
[41.455s][debug][gc,phases,ref     ] GC(774)         Cleared: 0
[41.455s][debug][gc,phases,ref     ] GC(774)       PhantomReference:
[41.455s][debug][gc,phases,ref     ] GC(774)         Discovered: 0
[41.455s][debug][gc,phases,ref     ] GC(774)         Cleared: 0
[41.455s][debug][gc,phases         ] GC(774)     Weak Processing: 0.0ms
[41.455s][debug][gc,phases         ] GC(774)       JVMTI weak processing: 0.0ms
[41.455s][debug][gc,phases         ] GC(774)         Dead: 0
[41.455s][debug][gc,phases         ] GC(774)         Total: 0
[41.455s][debug][gc,phases         ] GC(774)       JFR weak processing: 0.0ms
[41.455s][debug][gc,phases         ] GC(774)         Dead: 0
[41.455s][debug][gc,phases         ] GC(774)         Total: 0
[41.455s][debug][gc,phases         ] GC(774)       JNI weak                  Min:  0.0, Avg:  0.0, Max:  0.0, Diff:  0.0, Sum:  0.0, Workers: 5
[41.455s][debug][gc,phases         ] GC(774)         Dead                      Min: 0, Avg:  0.0, Max: 0, Diff: 0, Sum: 0, Workers: 5
[41.455s][debug][gc,phases         ] GC(774)         Total                     Min: 0, Avg: 13.4, Max: 64, Diff: 64, Sum: 67, Workers: 5
[41.455s][debug][gc,phases         ] GC(774)       VM weak                   Min:  0.0, Avg:  0.0, Max:  0.0, Diff:  0.0, Sum:  0.0, Workers: 5
[41.455s][debug][gc,phases         ] GC(774)         Dead                      Min: 0, Avg:  0.0, Max: 0, Diff: 0, Sum: 0, Workers: 5
[41.455s][debug][gc,phases         ] GC(774)         Total                     Min: 0, Avg: 45.2, Max: 64, Diff: 64, Sum: 226, Workers: 5
[41.456s][debug][gc,phases         ] GC(774)       StringTable weak          Min:  0.0, Avg:  0.0, Max:  0.0, Diff:  0.0, Sum:  0.1, Workers: 5
[41.456s][debug][gc,phases         ] GC(774)         Dead                      Min: 0, Avg:  0.0, Max: 0, Diff: 0, Sum: 0, Workers: 5
[41.456s][debug][gc,phases         ] GC(774)         Total                     Min: 0, Avg: 682.8, Max: 896, Diff: 896, Sum: 3414, Workers: 5
[41.456s][debug][gc,phases         ] GC(774)       ResolvedMethodTable weak  Min:  0.0, Avg:  0.0, Max:  0.0, Diff:  0.0, Sum:  0.0, Workers: 5
[41.456s][debug][gc,phases         ] GC(774)         Dead                      Min: 0, Avg:  0.0, Max: 0, Diff: 0, Sum: 0, Workers: 5
[41.456s][debug][gc,phases         ] GC(774)         Total                     Min: 0, Avg: 120.2, Max: 192, Diff: 192, Sum: 601, Workers: 5
[41.456s][debug][gc,phases         ] GC(774)     Merge Per-Thread State: 0.0ms
[41.456s][debug][gc,phases         ] GC(774)       Copied Bytes              Min: 472, Avg: 450322.0, Max: 800096, Diff: 799624, Sum: 3602576, Workers: 8
[41.456s][debug][gc,phases         ] GC(774)       LAB Waste                 Min: 0, Avg:  0.0, Max: 0, Diff: 0, Sum: 0, Workers: 8
[41.456s][debug][gc,phases         ] GC(774)       LAB Undo Waste            Min: 0, Avg:  0.0, Max: 0, Diff: 0, Sum: 0, Workers: 8
[41.456s][debug][gc,phases         ] GC(774)     Code Roots Purge: 0.0ms
[41.456s][debug][gc,phases         ] GC(774)     Redirty Cards: 0.0ms
[41.456s][debug][gc,phases         ] GC(774)     DerivedPointerTable Update: 0.0ms
[41.456s][debug][gc,phases         ] GC(774)     Free Collection Set: 0.2ms
[41.456s][debug][gc,phases         ] GC(774)     Rebuild Free List: 0.1ms
[41.456s][debug][gc,phases         ] GC(774)     Humongous Reclaim: 0.0ms
[41.456s][debug][gc,phases         ] GC(774)     Start New Collection Set: 0.0ms
[41.456s][debug][gc,phases         ] GC(774)     Resize TLABs: 0.0ms
[41.456s][debug][gc,phases         ] GC(774)     Expand Heap After Collection: 0.0ms
[41.456s][info ][gc,phases         ] GC(774)   Other: 0.6ms
[41.456s][info ][gc,heap           ] GC(774) Eden regions: 864->0(865)
[41.456s][info ][gc,heap           ] GC(774) Survivor regions: 6->5(109)
[41.456s][info ][gc,heap           ] GC(774) Old regions: 17->17
[41.456s][info ][gc,heap           ] GC(774) Archive regions: 2->2
[41.456s][info ][gc,heap           ] GC(774) Humongous regions: 0->0
[41.456s][info ][gc,metaspace      ] GC(774) Metaspace: 10130K(10624K)->10130K(10624K) NonClass: 8932K(9216K)->8932K(9216K) Class: 1198K(1408K)->1198K(1408K)
[41.456s][debug][gc,heap           ] GC(774) Heap after GC invocations=775 (full 1): garbage-first heap   total 1484800K, used 22236K [0x0000000700000000, 0x0000000800000000)
[41.456s][debug][gc,heap           ] GC(774)   region size 1024K, 5 young (5120K), 5 survivors (5120K)
[41.456s][debug][gc,heap           ] GC(774)  Metaspace       used 10130K, capacity 10468K, committed 10624K, reserved 1058816K
[41.456s][debug][gc,heap           ] GC(774)   class space    used 1198K, capacity 1344K, committed 1408K, reserved 1048576K
[41.456s][info ][gc                ] GC(774) Pause Young (Normal) (G1 Evacuation Pause) 886M->21M(1450M) 2.993ms
[41.456s][info ][gc,cpu            ] GC(774) User=0.01s Sys=0.01s Real=0.00s
[41.456s][info ][safepoint         ] Safepoint "G1CollectForAllocation", Time since last: 42994455 ns, Reaching safepoint: 177719 ns, At safepoint: 3424780 ns, Total: 3602499 ns
[41.501s][debug][gc,heap           ] GC(775) Heap before GC invocations=775 (full 1): garbage-first heap   total 1484800K, used 906972K [0x0000000700000000, 0x0000000800000000)
[41.502s][debug][gc,heap           ] GC(775)   region size 1024K, 870 young (890880K), 5 survivors (5120K)
[41.502s][debug][gc,heap           ] GC(775)  Metaspace       used 10130K, capacity 10468K, committed 10624K, reserved 1058816K
[41.502s][debug][gc,heap           ] GC(775)   class space    used 1198K, capacity 1344K, committed 1408K, reserved 1048576K
[41.502s][info ][gc,start          ] GC(775) Pause Young (Normal) (G1 Evacuation Pause)
[41.502s][info ][gc,task           ] GC(775) Using 8 workers of 8 for evacuation
[41.502s][debug][gc,tlab           ] GC(775) TLAB totals: thrds: 8  refills: 15 max: 3 slow allocs: 1720 max 243 waste: 26.7% gc: 1198032B max: 242640B slow: 71928B max: 14704B fast: 0B max: 0B
[41.502s][debug][gc,age            ] GC(775) Desired survivor size 57147392 bytes, new threshold 15 (max threshold 15)
[41.502s][debug][gc,alloc,region   ] GC(775) Mutator Allocation stats, regions: 865, wasted size: 202M (23.4%)
[41.502s][debug][gc,ergo           ] GC(775) Running G1 Merge Heap Roots using 8 workers for 870 regions
[41.502s][debug][gc,remset         ] GC(775) Visited cards 512 Total dirty 4096 (12.50%) Total old 3602432 (0.01%)
[41.503s][debug][gc,ergo           ] GC(775) Running G1 Clear Card Table Task using 2 workers for 2 units of work for 872 regions.
[41.503s][debug][gc,ref            ] GC(775) Skipped phase1 of Reference Processing due to unavailable references
[41.503s][debug][gc,ref            ] GC(775) Skipped phase2 of Reference Processing due to unavailable references
[41.503s][debug][gc,ref            ] GC(775) Skipped phase3 of Reference Processing due to unavailable references
[41.503s][debug][gc,ref            ] GC(775) Skipped phase4 of Reference Processing due to unavailable references
[41.503s][debug][gc,ergo           ] GC(775) Running G1 Free Collection Set using 8 workers for collection set length 870 (1450)
[41.503s][debug][gc,ergo           ] GC(775) Running G1 Rebuild Free List Task using 8 workers for rebuilding free list of 0 (4096) regions
[41.503s][trace][gc,age            ] GC(775) Age table with threshold 15 (max threshold 15)
[41.503s][trace][gc,age            ] GC(775) - age   1:    3602568 bytes,    3602568 total
[41.503s][debug][gc,plab           ] GC(775) Young PLAB allocation: allocated: 16512B, wasted: 0B, unused: 14064B, used: 2448B, undo waste: 0B, 
[41.503s][debug][gc,plab           ] GC(775) Young other allocation: region end waste: 979744B, regions filled: 5, direct allocated: 3600120B, failure used: 0B, failure wasted: 0B
[41.503s][debug][gc,plab           ] GC(775) Young sizing: calculated: 0B, actual: 2064B
[41.503s][debug][gc,plab           ] GC(775) Old PLAB allocation: allocated: 0B, wasted: 0B, unused: 0B, used: 0B, undo waste: 0B, 
[41.504s][debug][gc,plab           ] GC(775) Old other allocation: region end waste: 0B, regions filled: 1, direct allocated: 0B, failure used: 0B, failure wasted: 0B
[41.504s][debug][gc,plab           ] GC(775) Old sizing: calculated: 0B, actual: 2064B
[41.504s][debug][gc,ihop           ] GC(775) Basic information (value update), threshold: 684195840B (45.00), target occupancy: 1520435200B, current occupancy: 22768280B, recent allocation size: 0B, recent allocation duration: 47.05ms, recent old gen allocation rate: 0.00B/s, recent marking phase length: 29.21ms
[41.504s][debug][gc,ihop           ] GC(775) Adaptive IHOP information (value update), threshold: 684195840B (47.37), internal target occupancy: 1444413440B, occupancy: 22768280B, additional buffer size: 912261120B, predicted old gen allocation rate: 0.06B/s, predicted marking phase length: 58.41ms, prediction active: false
[41.504s][debug][gc,ergo,refine    ] GC(775) Concurrent refinement times: Logged Cards Scan time goal: 20.00ms Logged Cards Scan time: 0.00ms HCC time: 0.00ms
[41.504s][debug][gc,ergo,refine    ] GC(775) Updated Refinement Zones: green: 2048, yellow: 6144, red: 10240
[41.504s][info ][gc,phases         ] GC(775)   Pre Evacuate Collection Set: 0.1ms
[41.504s][debug][gc,phases         ] GC(775)     Prepare TLABs: 0.0ms
[41.504s][debug][gc,phases         ] GC(775)     Choose Collection Set: 0.0ms
[41.504s][debug][gc,phases         ] GC(775)     Region Register: 0.1ms
[41.504s][debug][gc,phases         ] GC(775)     Prepare Heap Roots: 0.0ms
[41.504s][info ][gc,phases         ] GC(775)   Merge Heap Roots: 0.2ms
[41.504s][debug][gc,phases         ] GC(775)     Prepare Merge Heap Roots: 0.0ms
[41.504s][debug][gc,phases         ] GC(775)     Eager Reclaim (ms):       skipped
[41.504s][debug][gc,phases         ] GC(775)     Remembered Sets (ms):     Min:  0.0, Avg:  0.0, Max:  0.1, Diff:  0.0, Sum:  0.3, Workers: 8
[41.504s][debug][gc,phases         ] GC(775)       Merged Sparse:            Min: 0, Avg:  0.0, Max: 0, Diff: 0, Sum: 0, Workers: 8
[41.504s][debug][gc,phases         ] GC(775)       Merged Fine:              Min: 0, Avg:  0.0, Max: 0, Diff: 0, Sum: 0, Workers: 8
[41.504s][debug][gc,phases         ] GC(775)       Merged Coarse:            Min: 0, Avg:  0.0, Max: 0, Diff: 0, Sum: 0, Workers: 8
[41.504s][debug][gc,phases         ] GC(775)       Dirty Cards:              Min: 0, Avg:  0.0, Max: 0, Diff: 0, Sum: 0, Workers: 8
[41.504s][debug][gc,phases         ] GC(775)     Hot Card Cache (ms):      Min:  0.0, Avg:  0.0, Max:  0.0, Diff:  0.0, Sum:  0.0, Workers: 8
[41.504s][debug][gc,phases         ] GC(775)       Dirty Cards:              Min: 0, Avg:  0.0, Max: 0, Diff: 0, Sum: 0, Workers: 8
[41.504s][debug][gc,phases         ] GC(775)       Skipped Cards:            Min: 0, Avg:  0.0, Max: 0, Diff: 0, Sum: 0, Workers: 8
[41.504s][debug][gc,phases         ] GC(775)     Log Buffers (ms):         Min:  0.0, Avg:  0.0, Max:  0.0, Diff:  0.0, Sum:  0.0, Workers: 8
[41.504s][debug][gc,phases         ] GC(775)       Dirty Cards:              Min: 0, Avg:  0.2, Max: 2, Diff: 2, Sum: 2, Workers: 8
[41.504s][debug][gc,phases         ] GC(775)       Skipped Cards:            Min: 0, Avg:  0.0, Max: 0, Diff: 0, Sum: 0, Workers: 8
[41.504s][info ][gc,phases         ] GC(775)   Evacuate Collection Set: 0.5ms
[41.504s][debug][gc,phases         ] GC(775)     Ext Root Scanning (ms):   Min:  0.1, Avg:  0.2, Max:  0.4, Diff:  0.3, Sum:  1.8, Workers: 8
[41.504s][debug][gc,phases         ] GC(775)     Scan Heap Roots (ms):     Min:  0.0, Avg:  0.0, Max:  0.0, Diff:  0.0, Sum:  0.0, Workers: 8
[41.504s][debug][gc,phases         ] GC(775)       Scanned Cards:            Min: 0, Avg:  0.2, Max: 2, Diff: 2, Sum: 2, Workers: 8
[41.504s][debug][gc,phases         ] GC(775)       Scanned Blocks:           Min: 0, Avg:  0.2, Max: 2, Diff: 2, Sum: 2, Workers: 8
[41.504s][debug][gc,phases         ] GC(775)       Claimed Chunks:           Min: 0, Avg:  0.2, Max: 2, Diff: 2, Sum: 2, Workers: 8
[41.504s][debug][gc,phases         ] GC(775)     Code Root Scan (ms):      Min:  0.0, Avg:  0.0, Max:  0.1, Diff:  0.1, Sum:  0.2, Workers: 8
[41.504s][debug][gc,phases         ] GC(775)     Object Copy (ms):         Min:  0.0, Avg:  0.0, Max:  0.0, Diff:  0.0, Sum:  0.0, Workers: 8
[41.504s][debug][gc,phases         ] GC(775)     Termination (ms):         Min:  0.0, Avg:  0.2, Max:  0.2, Diff:  0.2, Sum:  1.2, Workers: 8
[41.504s][debug][gc,phases         ] GC(775)       Termination Attempts:     Min: 1, Avg:  1.1, Max: 2, Diff: 1, Sum: 9, Workers: 8
[41.504s][debug][gc,phases         ] GC(775)     GC Worker Other (ms):     Min:  0.0, Avg:  0.1, Max:  0.1, Diff:  0.1, Sum:  0.4, Workers: 8
[41.504s][debug][gc,phases         ] GC(775)     GC Worker Total (ms):     Min:  0.5, Avg:  0.5, Max:  0.5, Diff:  0.0, Sum:  3.7, Workers: 8
[41.504s][info ][gc,phases         ] GC(775)   Post Evacuate Collection Set: 0.8ms
[41.504s][debug][gc,phases         ] GC(775)     Code Roots Fixup: 0.0ms
[41.504s][debug][gc,phases         ] GC(775)     Clear Card Table: 0.3ms
[41.504s][debug][gc,phases         ] GC(775)     Reference Processing: 0.1ms
[41.504s][debug][gc,phases,ref     ] GC(775)       Reconsider SoftReferences: 0.0ms
[41.504s][debug][gc,phases,ref     ] GC(775)         SoftRef (ms):             skipped
[41.504s][debug][gc,phases,ref     ] GC(775)       Notify Soft/WeakReferences: 0.0ms
[41.504s][debug][gc,phases,ref     ] GC(775)         SoftRef (ms):             skipped
[41.504s][debug][gc,phases,ref     ] GC(775)         WeakRef (ms):             skipped
[41.504s][debug][gc,phases,ref     ] GC(775)         FinalRef (ms):            skipped
[41.504s][debug][gc,phases,ref     ] GC(775)         Total (ms):               skipped
[41.504s][debug][gc,phases,ref     ] GC(775)       Notify and keep alive finalizable: 0.0ms
[41.504s][debug][gc,phases,ref     ] GC(775)         FinalRef (ms):            skipped
[41.504s][debug][gc,phases,ref     ] GC(775)       Notify PhantomReferences: 0.0ms
[41.504s][debug][gc,phases,ref     ] GC(775)         PhantomRef (ms):          skipped
[41.504s][debug][gc,phases,ref     ] GC(775)       SoftReference:
[41.504s][debug][gc,phases,ref     ] GC(775)         Discovered: 0
[41.504s][debug][gc,phases,ref     ] GC(775)         Cleared: 0
[41.504s][debug][gc,phases,ref     ] GC(775)       WeakReference:
[41.504s][debug][gc,phases,ref     ] GC(775)         Discovered: 0
[41.504s][debug][gc,phases,ref     ] GC(775)         Cleared: 0
[41.504s][debug][gc,phases,ref     ] GC(775)       FinalReference:
[41.504s][debug][gc,phases,ref     ] GC(775)         Discovered: 0
[41.504s][debug][gc,phases,ref     ] GC(775)         Cleared: 0
[41.504s][debug][gc,phases,ref     ] GC(775)       PhantomReference:
[41.504s][debug][gc,phases,ref     ] GC(775)         Discovered: 0
[41.504s][debug][gc,phases,ref     ] GC(775)         Cleared: 0
[41.504s][debug][gc,phases         ] GC(775)     Weak Processing: 0.0ms
[41.504s][debug][gc,phases         ] GC(775)       JVMTI weak processing: 0.0ms
[41.504s][debug][gc,phases         ] GC(775)         Dead: 0
[41.504s][debug][gc,phases         ] GC(775)         Total: 0
[41.504s][debug][gc,phases         ] GC(775)       JFR weak processing: 0.0ms
[41.504s][debug][gc,phases         ] GC(775)         Dead: 0
[41.504s][debug][gc,phases         ] GC(775)         Total: 0
[41.504s][debug][gc,phases         ] GC(775)       JNI weak                  Min:  0.0, Avg:  0.0, Max:  0.0, Diff:  0.0, Sum:  0.0, Workers: 5
[41.504s][debug][gc,phases         ] GC(775)         Dead                      Min: 0, Avg:  0.0, Max: 0, Diff: 0, Sum: 0, Workers: 5
[41.504s][debug][gc,phases         ] GC(775)         Total                     Min: 0, Avg: 13.4, Max: 67, Diff: 67, Sum: 67, Workers: 5
[41.504s][debug][gc,phases         ] GC(775)       VM weak                   Min:  0.0, Avg:  0.0, Max:  0.0, Diff:  0.0, Sum:  0.0, Workers: 5
[41.504s][debug][gc,phases         ] GC(775)         Dead                      Min: 0, Avg:  0.0, Max: 0, Diff: 0, Sum: 0, Workers: 5
[41.504s][debug][gc,phases         ] GC(775)         Total                     Min: 0, Avg: 45.2, Max: 98, Diff: 98, Sum: 226, Workers: 5
[41.504s][debug][gc,phases         ] GC(775)       StringTable weak          Min:  0.0, Avg:  0.0, Max:  0.0, Diff:  0.0, Sum:  0.1, Workers: 5
[41.504s][debug][gc,phases         ] GC(775)         Dead                      Min: 0, Avg:  0.0, Max: 0, Diff: 0, Sum: 0, Workers: 5
[41.504s][debug][gc,phases         ] GC(775)         Total                     Min: 128, Avg: 682.8, Max: 919, Diff: 791, Sum: 3414, Workers: 5
[41.504s][debug][gc,phases         ] GC(775)       ResolvedMethodTable weak  Min:  0.0, Avg:  0.0, Max:  0.0, Diff:  0.0, Sum:  0.0, Workers: 5
[41.504s][debug][gc,phases         ] GC(775)         Dead                      Min: 0, Avg:  0.0, Max: 0, Diff: 0, Sum: 0, Workers: 5
[41.504s][debug][gc,phases         ] GC(775)         Total                     Min: 64, Avg: 120.2, Max: 192, Diff: 128, Sum: 601, Workers: 5
[41.505s][debug][gc,phases         ] GC(775)     Merge Per-Thread State: 0.1ms
[41.505s][debug][gc,phases         ] GC(775)       Copied Bytes              Min: 312, Avg: 450321.0, Max: 800096, Diff: 799784, Sum: 3602568, Workers: 8
[41.505s][debug][gc,phases         ] GC(775)       LAB Waste                 Min: 0, Avg:  0.0, Max: 0, Diff: 0, Sum: 0, Workers: 8
[41.505s][debug][gc,phases         ] GC(775)       LAB Undo Waste            Min: 0, Avg:  0.0, Max: 0, Diff: 0, Sum: 0, Workers: 8
[41.505s][debug][gc,phases         ] GC(775)     Code Roots Purge: 0.0ms
[41.505s][debug][gc,phases         ] GC(775)     Redirty Cards: 0.0ms
[41.505s][debug][gc,phases         ] GC(775)     DerivedPointerTable Update: 0.0ms
[41.505s][debug][gc,phases         ] GC(775)     Free Collection Set: 0.2ms
[41.505s][debug][gc,phases         ] GC(775)     Rebuild Free List: 0.1ms
[41.505s][debug][gc,phases         ] GC(775)     Humongous Reclaim: 0.0ms
[41.505s][debug][gc,phases         ] GC(775)     Start New Collection Set: 0.0ms
[41.505s][debug][gc,phases         ] GC(775)     Resize TLABs: 0.0ms
[41.505s][debug][gc,phases         ] GC(775)     Expand Heap After Collection: 0.0ms
[41.505s][info ][gc,phases         ] GC(775)   Other: 0.5ms
[41.505s][info ][gc,heap           ] GC(775) Eden regions: 865->0(865)
[41.505s][info ][gc,heap           ] GC(775) Survivor regions: 5->5(109)
[41.505s][info ][gc,heap           ] GC(775) Old regions: 17->17
[41.505s][info ][gc,heap           ] GC(775) Archive regions: 2->2
[41.505s][info ][gc,heap           ] GC(775) Humongous regions: 0->0
[41.505s][info ][gc,metaspace      ] GC(775) Metaspace: 10130K(10624K)->10130K(10624K) NonClass: 8932K(9216K)->8932K(9216K) Class: 1198K(1408K)->1198K(1408K)
[41.505s][debug][gc,heap           ] GC(775) Heap after GC invocations=776 (full 1): garbage-first heap   total 1484800K, used 22234K [0x0000000700000000, 0x0000000800000000)
[41.505s][debug][gc,heap           ] GC(775)   region size 1024K, 5 young (5120K), 5 survivors (5120K)
[41.505s][debug][gc,heap           ] GC(775)  Metaspace       used 10130K, capacity 10468K, committed 10624K, reserved 1058816K
[41.505s][debug][gc,heap           ] GC(775)   class space    used 1198K, capacity 1344K, committed 1408K, reserved 1048576K
[41.505s][info ][gc                ] GC(775) Pause Young (Normal) (G1 Evacuation Pause) 886M->21M(1450M) 3.252ms
[41.505s][info ][gc,cpu            ] GC(775) User=0.01s Sys=0.00s Real=0.01s
[41.505s][info ][safepoint         ] Safepoint "G1CollectForAllocation", Time since last: 45141344 ns, Reaching safepoint: 166042 ns, At safepoint: 3609190 ns, Total: 3775232 ns
[41.550s][debug][gc,heap           ] GC(776) Heap before GC invocations=776 (full 1): garbage-first heap   total 1484800K, used 906970K [0x0000000700000000, 0x0000000800000000)
[41.550s][debug][gc,heap           ] GC(776)   region size 1024K, 870 young (890880K), 5 survivors (5120K)
[41.550s][debug][gc,heap           ] GC(776)  Metaspace       used 10130K, capacity 10468K, committed 10624K, reserved 1058816K
[41.550s][debug][gc,heap           ] GC(776)   class space    used 1198K, capacity 1344K, committed 1408K, reserved 1048576K
[41.550s][info ][gc,start          ] GC(776) Pause Young (Normal) (G1 Evacuation Pause)
[41.550s][info ][gc,task           ] GC(776) Using 8 workers of 8 for evacuation
[41.550s][debug][gc,tlab           ] GC(776) TLAB totals: thrds: 8  refills: 17 max: 3 slow allocs: 1719 max 233 waste: 19.6% gc: 1060352B max: 230856B slow: 86952B max: 15576B fast: 0B max: 0B
[41.550s][debug][gc,age            ] GC(776) Desired survivor size 57147392 bytes, new threshold 15 (max threshold 15)
[41.550s][debug][gc,alloc,region   ] GC(776) Mutator Allocation stats, regions: 865, wasted size: 202M (23.4%)
[41.550s][debug][gc,ergo           ] GC(776) Running G1 Merge Heap Roots using 8 workers for 870 regions
[41.550s][debug][gc,remset         ] GC(776) Visited cards 256 Total dirty 2048 (12.50%) Total old 3602432 (0.01%)
[41.551s][debug][gc,ergo           ] GC(776) Running G1 Clear Card Table Task using 2 workers for 2 units of work for 871 regions.
[41.551s][debug][gc,ref            ] GC(776) Skipped phase1 of Reference Processing due to unavailable references
[41.551s][debug][gc,ref            ] GC(776) Skipped phase2 of Reference Processing due to unavailable references
[41.551s][debug][gc,ref            ] GC(776) Skipped phase3 of Reference Processing due to unavailable references
[41.551s][debug][gc,ref            ] GC(776) Skipped phase4 of Reference Processing due to unavailable references
[41.551s][debug][gc,ergo           ] GC(776) Running G1 Free Collection Set using 8 workers for collection set length 870 (1450)
[41.551s][debug][gc,ergo           ] GC(776) Running G1 Rebuild Free List Task using 8 workers for rebuilding free list of 0 (4096) regions
[41.551s][trace][gc,age            ] GC(776) Age table with threshold 15 (max threshold 15)
[41.551s][trace][gc,age            ] GC(776) - age   1:    3602688 bytes,    3602688 total
[41.551s][debug][gc,plab           ] GC(776) Young PLAB allocation: allocated: 16512B, wasted: 0B, unused: 13952B, used: 2560B, undo waste: 0B, 
[41.551s][debug][gc,plab           ] GC(776) Young other allocation: region end waste: 981800B, regions filled: 5, direct allocated: 3600128B, failure used: 0B, failure wasted: 0B
[41.551s][debug][gc,plab           ] GC(776) Young sizing: calculated: 0B, actual: 2064B
[41.551s][debug][gc,plab           ] GC(776) Old PLAB allocation: allocated: 0B, wasted: 0B, unused: 0B, used: 0B, undo waste: 0B, 
[41.551s][debug][gc,plab           ] GC(776) Old other allocation: region end waste: 0B, regions filled: 1, direct allocated: 0B, failure used: 0B, failure wasted: 0B
[41.551s][debug][gc,plab           ] GC(776) Old sizing: calculated: 0B, actual: 2064B
[41.551s][debug][gc,ihop           ] GC(776) Basic information (value update), threshold: 684195840B (45.00), target occupancy: 1520435200B, current occupancy: 22770344B, recent allocation size: 0B, recent allocation duration: 46.21ms, recent old gen allocation rate: 0.00B/s, recent marking phase length: 29.21ms
[41.551s][debug][gc,ihop           ] GC(776) Adaptive IHOP information (value update), threshold: 684195840B (47.37), internal target occupancy: 1444413440B, occupancy: 22770344B, additional buffer size: 912261120B, predicted old gen allocation rate: 0.06B/s, predicted marking phase length: 58.41ms, prediction active: false
[41.551s][debug][gc,ergo,refine    ] GC(776) Concurrent refinement times: Logged Cards Scan time goal: 20.00ms Logged Cards Scan time: 0.00ms HCC time: 0.00ms
[41.551s][debug][gc,ergo,refine    ] GC(776) Updated Refinement Zones: green: 2048, yellow: 6144, red: 10240
[41.552s][info ][gc,phases         ] GC(776)   Pre Evacuate Collection Set: 0.1ms
[41.552s][debug][gc,phases         ] GC(776)     Prepare TLABs: 0.0ms
[41.552s][debug][gc,phases         ] GC(776)     Choose Collection Set: 0.0ms
[41.552s][debug][gc,phases         ] GC(776)     Region Register: 0.1ms
[41.552s][debug][gc,phases         ] GC(776)     Prepare Heap Roots: 0.0ms
[41.552s][info ][gc,phases         ] GC(776)   Merge Heap Roots: 0.2ms
[41.552s][debug][gc,phases         ] GC(776)     Prepare Merge Heap Roots: 0.0ms
[41.552s][debug][gc,phases         ] GC(776)     Eager Reclaim (ms):       skipped
[41.552s][debug][gc,phases         ] GC(776)     Remembered Sets (ms):     Min:  0.0, Avg:  0.0, Max:  0.1, Diff:  0.1, Sum:  0.3, Workers: 8
[41.552s][debug][gc,phases         ] GC(776)       Merged Sparse:            Min: 0, Avg:  0.0, Max: 0, Diff: 0, Sum: 0, Workers: 8
[41.552s][debug][gc,phases         ] GC(776)       Merged Fine:              Min: 0, Avg:  0.0, Max: 0, Diff: 0, Sum: 0, Workers: 8
[41.552s][debug][gc,phases         ] GC(776)       Merged Coarse:            Min: 0, Avg:  0.0, Max: 0, Diff: 0, Sum: 0, Workers: 8
[41.552s][debug][gc,phases         ] GC(776)       Dirty Cards:              Min: 0, Avg:  0.0, Max: 0, Diff: 0, Sum: 0, Workers: 8
[41.552s][debug][gc,phases         ] GC(776)     Hot Card Cache (ms):      Min:  0.0, Avg:  0.0, Max:  0.0, Diff:  0.0, Sum:  0.0, Workers: 8
[41.552s][debug][gc,phases         ] GC(776)       Dirty Cards:              Min: 0, Avg:  0.0, Max: 0, Diff: 0, Sum: 0, Workers: 8
[41.552s][debug][gc,phases         ] GC(776)       Skipped Cards:            Min: 0, Avg:  0.0, Max: 0, Diff: 0, Sum: 0, Workers: 8
[41.552s][debug][gc,phases         ] GC(776)     Log Buffers (ms):         Min:  0.0, Avg:  0.0, Max:  0.0, Diff:  0.0, Sum:  0.0, Workers: 8
[41.552s][debug][gc,phases         ] GC(776)       Dirty Cards:              Min: 0, Avg:  0.1, Max: 1, Diff: 1, Sum: 1, Workers: 8
[41.552s][debug][gc,phases         ] GC(776)       Skipped Cards:            Min: 0, Avg:  0.0, Max: 0, Diff: 0, Sum: 0, Workers: 8
[41.552s][info ][gc,phases         ] GC(776)   Evacuate Collection Set: 0.4ms
[41.552s][debug][gc,phases         ] GC(776)     Ext Root Scanning (ms):   Min:  0.2, Avg:  0.3, Max:  0.4, Diff:  0.2, Sum:  2.2, Workers: 8
[41.552s][debug][gc,phases         ] GC(776)     Scan Heap Roots (ms):     Min:  0.0, Avg:  0.0, Max:  0.0, Diff:  0.0, Sum:  0.0, Workers: 8
[41.552s][debug][gc,phases         ] GC(776)       Scanned Cards:            Min: 0, Avg:  0.1, Max: 1, Diff: 1, Sum: 1, Workers: 8
[41.552s][debug][gc,phases         ] GC(776)       Scanned Blocks:           Min: 0, Avg:  0.1, Max: 1, Diff: 1, Sum: 1, Workers: 8
[41.552s][debug][gc,phases         ] GC(776)       Claimed Chunks:           Min: 0, Avg:  0.1, Max: 1, Diff: 1, Sum: 1, Workers: 8
[41.552s][debug][gc,phases         ] GC(776)     Code Root Scan (ms):      Min:  0.0, Avg:  0.0, Max:  0.1, Diff:  0.1, Sum:  0.1, Workers: 8
[41.552s][debug][gc,phases         ] GC(776)     Object Copy (ms):         Min:  0.0, Avg:  0.0, Max:  0.0, Diff:  0.0, Sum:  0.0, Workers: 8
[41.552s][debug][gc,phases         ] GC(776)     Termination (ms):         Min:  0.0, Avg:  0.1, Max:  0.1, Diff:  0.1, Sum:  0.5, Workers: 8
[41.552s][debug][gc,phases         ] GC(776)       Termination Attempts:     Min: 1, Avg:  1.4, Max: 2, Diff: 1, Sum: 11, Workers: 8
[41.552s][debug][gc,phases         ] GC(776)     GC Worker Other (ms):     Min:  0.0, Avg:  0.0, Max:  0.1, Diff:  0.0, Sum:  0.4, Workers: 8
[41.552s][debug][gc,phases         ] GC(776)     GC Worker Total (ms):     Min:  0.4, Avg:  0.4, Max:  0.4, Diff:  0.0, Sum:  3.2, Workers: 8
[41.552s][info ][gc,phases         ] GC(776)   Post Evacuate Collection Set: 0.8ms
[41.552s][debug][gc,phases         ] GC(776)     Code Roots Fixup: 0.0ms
[41.552s][debug][gc,phases         ] GC(776)     Clear Card Table: 0.3ms
[41.552s][debug][gc,phases         ] GC(776)     Reference Processing: 0.1ms
[41.552s][debug][gc,phases,ref     ] GC(776)       Reconsider SoftReferences: 0.0ms
[41.552s][debug][gc,phases,ref     ] GC(776)         SoftRef (ms):             skipped
[41.552s][debug][gc,phases,ref     ] GC(776)       Notify Soft/WeakReferences: 0.0ms
[41.552s][debug][gc,phases,ref     ] GC(776)         SoftRef (ms):             skipped
[41.552s][debug][gc,phases,ref     ] GC(776)         WeakRef (ms):             skipped
[41.552s][debug][gc,phases,ref     ] GC(776)         FinalRef (ms):            skipped
[41.552s][debug][gc,phases,ref     ] GC(776)         Total (ms):               skipped
[41.552s][debug][gc,phases,ref     ] GC(776)       Notify and keep alive finalizable: 0.0ms
[41.552s][debug][gc,phases,ref     ] GC(776)         FinalRef (ms):            skipped
[41.552s][debug][gc,phases,ref     ] GC(776)       Notify PhantomReferences: 0.0ms
[41.552s][debug][gc,phases,ref     ] GC(776)         PhantomRef (ms):          skipped
[41.552s][debug][gc,phases,ref     ] GC(776)       SoftReference:
[41.552s][debug][gc,phases,ref     ] GC(776)         Discovered: 0
[41.552s][debug][gc,phases,ref     ] GC(776)         Cleared: 0
[41.552s][debug][gc,phases,ref     ] GC(776)       WeakReference:
[41.552s][debug][gc,phases,ref     ] GC(776)         Discovered: 0
[41.552s][debug][gc,phases,ref     ] GC(776)         Cleared: 0
[41.552s][debug][gc,phases,ref     ] GC(776)       FinalReference:
[41.552s][debug][gc,phases,ref     ] GC(776)         Discovered: 0
[41.552s][debug][gc,phases,ref     ] GC(776)         Cleared: 0
[41.552s][debug][gc,phases,ref     ] GC(776)       PhantomReference:
[41.552s][debug][gc,phases,ref     ] GC(776)         Discovered: 0
[41.552s][debug][gc,phases,ref     ] GC(776)         Cleared: 0
[41.552s][debug][gc,phases         ] GC(776)     Weak Processing: 0.1ms
[41.552s][debug][gc,phases         ] GC(776)       JVMTI weak processing: 0.0ms
[41.552s][debug][gc,phases         ] GC(776)         Dead: 0
[41.552s][debug][gc,phases         ] GC(776)         Total: 0
[41.552s][debug][gc,phases         ] GC(776)       JFR weak processing: 0.0ms
[41.552s][debug][gc,phases         ] GC(776)         Dead: 0
[41.552s][debug][gc,phases         ] GC(776)         Total: 0
[41.552s][debug][gc,phases         ] GC(776)       JNI weak                  Min:  0.0, Avg:  0.0, Max:  0.0, Diff:  0.0, Sum:  0.0, Workers: 5
[41.552s][debug][gc,phases         ] GC(776)         Dead                      Min: 0, Avg:  0.0, Max: 0, Diff: 0, Sum: 0, Workers: 5
[41.552s][debug][gc,phases         ] GC(776)         Total                     Min: 0, Avg: 13.4, Max: 67, Diff: 67, Sum: 67, Workers: 5
[41.552s][debug][gc,phases         ] GC(776)       VM weak                   Min:  0.0, Avg:  0.0, Max:  0.0, Diff:  0.0, Sum:  0.0, Workers: 5
[41.552s][debug][gc,phases         ] GC(776)         Dead                      Min: 0, Avg:  0.0, Max: 0, Diff: 0, Sum: 0, Workers: 5
[41.552s][debug][gc,phases         ] GC(776)         Total                     Min: 0, Avg: 45.2, Max: 128, Diff: 128, Sum: 226, Workers: 5
[41.552s][debug][gc,phases         ] GC(776)       StringTable weak          Min:  0.0, Avg:  0.0, Max:  0.0, Diff:  0.0, Sum:  0.1, Workers: 5
[41.552s][debug][gc,phases         ] GC(776)         Dead                      Min: 0, Avg:  0.0, Max: 0, Diff: 0, Sum: 0, Workers: 5
[41.552s][debug][gc,phases         ] GC(776)         Total                     Min: 599, Avg: 682.8, Max: 767, Diff: 168, Sum: 3414, Workers: 5
[41.552s][debug][gc,phases         ] GC(776)       ResolvedMethodTable weak  Min:  0.0, Avg:  0.0, Max:  0.0, Diff:  0.0, Sum:  0.0, Workers: 5
[41.552s][debug][gc,phases         ] GC(776)         Dead                      Min: 0, Avg:  0.0, Max: 0, Diff: 0, Sum: 0, Workers: 5
[41.552s][debug][gc,phases         ] GC(776)         Total                     Min: 25, Avg: 120.2, Max: 192, Diff: 167, Sum: 601, Workers: 5
[41.552s][debug][gc,phases         ] GC(776)     Merge Per-Thread State: 0.0ms
[41.552s][debug][gc,phases         ] GC(776)       Copied Bytes              Min: 832, Avg: 450336.0, Max: 800160, Diff: 799328, Sum: 3602688, Workers: 8
[41.552s][debug][gc,phases         ] GC(776)       LAB Waste                 Min: 0, Avg:  0.0, Max: 0, Diff: 0, Sum: 0, Workers: 8
[41.552s][debug][gc,phases         ] GC(776)       LAB Undo Waste            Min: 0, Avg:  0.0, Max: 0, Diff: 0, Sum: 0, Workers: 8
[41.552s][debug][gc,phases         ] GC(776)     Code Roots Purge: 0.0ms
[41.552s][debug][gc,phases         ] GC(776)     Redirty Cards: 0.0ms
[41.553s][debug][gc,phases         ] GC(776)     DerivedPointerTable Update: 0.0ms
[41.553s][debug][gc,phases         ] GC(776)     Free Collection Set: 0.2ms
[41.553s][debug][gc,phases         ] GC(776)     Rebuild Free List: 0.1ms
[41.553s][debug][gc,phases         ] GC(776)     Humongous Reclaim: 0.0ms
[41.553s][debug][gc,phases         ] GC(776)     Start New Collection Set: 0.0ms
[41.553s][debug][gc,phases         ] GC(776)     Resize TLABs: 0.0ms
[41.553s][debug][gc,phases         ] GC(776)     Expand Heap After Collection: 0.0ms
[41.553s][info ][gc,phases         ] GC(776)   Other: 0.4ms
[41.553s][info ][gc,heap           ] GC(776) Eden regions: 865->0(865)
[41.553s][info ][gc,heap           ] GC(776) Survivor regions: 5->5(109)
[41.553s][info ][gc,heap           ] GC(776) Old regions: 17->17
[41.553s][info ][gc,heap           ] GC(776) Archive regions: 2->2
[41.553s][info ][gc,heap           ] GC(776) Humongous regions: 0->0
[41.553s][info ][gc,metaspace      ] GC(776) Metaspace: 10130K(10624K)->10130K(10624K) NonClass: 8932K(9216K)->8932K(9216K) Class: 1198K(1408K)->1198K(1408K)
[41.553s][debug][gc,heap           ] GC(776) Heap after GC invocations=777 (full 1): garbage-first heap   total 1484800K, used 22236K [0x0000000700000000, 0x0000000800000000)
[41.553s][debug][gc,heap           ] GC(776)   region size 1024K, 5 young (5120K), 5 survivors (5120K)
[41.553s][debug][gc,heap           ] GC(776)  Metaspace       used 10130K, capacity 10468K, committed 10624K, reserved 1058816K
[41.553s][debug][gc,heap           ] GC(776)   class space    used 1198K, capacity 1344K, committed 1408K, reserved 1048576K
[41.553s][info ][gc                ] GC(776) Pause Young (Normal) (G1 Evacuation Pause) 886M->21M(1450M) 2.970ms
[41.553s][info ][gc,cpu            ] GC(776) User=0.01s Sys=0.00s Real=0.01s
[41.553s][info ][safepoint         ] Safepoint "G1CollectForAllocation", Time since last: 44372579 ns, Reaching safepoint: 207512 ns, At safepoint: 3211963 ns, Total: 3419475 ns
[41.597s][debug][gc,heap           ] GC(777) Heap before GC invocations=777 (full 1): garbage-first heap   total 1484800K, used 906972K [0x0000000700000000, 0x0000000800000000)
[41.597s][debug][gc,heap           ] GC(777)   region size 1024K, 870 young (890880K), 5 survivors (5120K)
[41.597s][debug][gc,heap           ] GC(777)  Metaspace       used 10130K, capacity 10468K, committed 10624K, reserved 1058816K
[41.597s][debug][gc,heap           ] GC(777)   class space    used 1198K, capacity 1344K, committed 1408K, reserved 1048576K
[41.597s][info ][gc,start          ] GC(777) Pause Young (Normal) (G1 Evacuation Pause)
[41.597s][info ][gc,task           ] GC(777) Using 8 workers of 8 for evacuation
[41.597s][debug][gc,tlab           ] GC(777) TLAB totals: thrds: 8  refills: 16 max: 3 slow allocs: 1722 max 235 waste: 20.8% gc: 951096B max: 221136B slow: 73040B max: 15096B fast: 0B max: 0B
[41.597s][debug][gc,age            ] GC(777) Desired survivor size 57147392 bytes, new threshold 15 (max threshold 15)
[41.597s][debug][gc,alloc,region   ] GC(777) Mutator Allocation stats, regions: 865, wasted size: 202M (23.4%)
[41.597s][debug][gc,ergo           ] GC(777) Running G1 Merge Heap Roots using 8 workers for 870 regions
[41.597s][debug][gc,remset         ] GC(777) Visited cards 512 Total dirty 4096 (12.50%) Total old 3602432 (0.01%)
[41.598s][debug][gc,ergo           ] GC(777) Running G1 Clear Card Table Task using 2 workers for 2 units of work for 872 regions.
[41.598s][debug][gc,ref            ] GC(777) Skipped phase1 of Reference Processing due to unavailable references
[41.598s][debug][gc,ref            ] GC(777) Skipped phase2 of Reference Processing due to unavailable references
[41.598s][debug][gc,ref            ] GC(777) Skipped phase3 of Reference Processing due to unavailable references
[41.598s][debug][gc,ref            ] GC(777) Skipped phase4 of Reference Processing due to unavailable references
[41.598s][debug][gc,ergo           ] GC(777) Running G1 Free Collection Set using 8 workers for collection set length 870 (1450)
[41.598s][debug][gc,ergo           ] GC(777) Running G1 Rebuild Free List Task using 8 workers for rebuilding free list of 0 (4096) regions
[41.598s][trace][gc,age            ] GC(777) Age table with threshold 15 (max threshold 15)
[41.598s][trace][gc,age            ] GC(777) - age   1:    2002520 bytes,    2002520 total
[41.598s][debug][gc,plab           ] GC(777) Young PLAB allocation: allocated: 16512B, wasted: 0B, unused: 14064B, used: 2448B, undo waste: 0B, 
[41.598s][debug][gc,plab           ] GC(777) Young other allocation: region end waste: 482640B, regions filled: 3, direct allocated: 2000072B, failure used: 0B, failure wasted: 0B
[41.598s][debug][gc,plab           ] GC(777) Young sizing: calculated: 0B, actual: 2064B
[41.598s][debug][gc,plab           ] GC(777) Old PLAB allocation: allocated: 0B, wasted: 0B, unused: 0B, used: 0B, undo waste: 0B, 
[41.598s][debug][gc,plab           ] GC(777) Old other allocation: region end waste: 0B, regions filled: 1, direct allocated: 0B, failure used: 0B, failure wasted: 0B
[41.598s][debug][gc,plab           ] GC(777) Old sizing: calculated: 0B, actual: 2064B
[41.598s][debug][gc,ihop           ] GC(777) Basic information (value update), threshold: 684195840B (45.00), target occupancy: 1520435200B, current occupancy: 20671128B, recent allocation size: 0B, recent allocation duration: 45.69ms, recent old gen allocation rate: 0.00B/s, recent marking phase length: 29.21ms
[41.598s][debug][gc,ihop           ] GC(777) Adaptive IHOP information (value update), threshold: 684195840B (47.37), internal target occupancy: 1444413440B, occupancy: 20671128B, additional buffer size: 912261120B, predicted old gen allocation rate: 0.06B/s, predicted marking phase length: 58.41ms, prediction active: false
[41.598s][debug][gc,ergo,refine    ] GC(777) Concurrent refinement times: Logged Cards Scan time goal: 20.00ms Logged Cards Scan time: 0.00ms HCC time: 0.00ms
[41.598s][debug][gc,ergo,refine    ] GC(777) Updated Refinement Zones: green: 2048, yellow: 6144, red: 10240
[41.598s][info ][gc,phases         ] GC(777)   Pre Evacuate Collection Set: 0.1ms
[41.598s][debug][gc,phases         ] GC(777)     Prepare TLABs: 0.0ms
[41.598s][debug][gc,phases         ] GC(777)     Choose Collection Set: 0.0ms
[41.598s][debug][gc,phases         ] GC(777)     Region Register: 0.1ms
[41.598s][debug][gc,phases         ] GC(777)     Prepare Heap Roots: 0.0ms
[41.598s][info ][gc,phases         ] GC(777)   Merge Heap Roots: 0.1ms
[41.598s][debug][gc,phases         ] GC(777)     Prepare Merge Heap Roots: 0.0ms
[41.598s][debug][gc,phases         ] GC(777)     Eager Reclaim (ms):       skipped
[41.598s][debug][gc,phases         ] GC(777)     Remembered Sets (ms):     Min:  0.0, Avg:  0.0, Max:  0.1, Diff:  0.0, Sum:  0.3, Workers: 8
[41.598s][debug][gc,phases         ] GC(777)       Merged Sparse:            Min: 0, Avg:  0.0, Max: 0, Diff: 0, Sum: 0, Workers: 8
[41.598s][debug][gc,phases         ] GC(777)       Merged Fine:              Min: 0, Avg:  0.0, Max: 0, Diff: 0, Sum: 0, Workers: 8
[41.598s][debug][gc,phases         ] GC(777)       Merged Coarse:            Min: 0, Avg:  0.0, Max: 0, Diff: 0, Sum: 0, Workers: 8
[41.599s][debug][gc,phases         ] GC(777)       Dirty Cards:              Min: 0, Avg:  0.0, Max: 0, Diff: 0, Sum: 0, Workers: 8
[41.599s][debug][gc,phases         ] GC(777)     Hot Card Cache (ms):      Min:  0.0, Avg:  0.0, Max:  0.0, Diff:  0.0, Sum:  0.0, Workers: 8
[41.599s][debug][gc,phases         ] GC(777)       Dirty Cards:              Min: 0, Avg:  0.0, Max: 0, Diff: 0, Sum: 0, Workers: 8
[41.599s][debug][gc,phases         ] GC(777)       Skipped Cards:            Min: 0, Avg:  0.0, Max: 0, Diff: 0, Sum: 0, Workers: 8
[41.599s][debug][gc,phases         ] GC(777)     Log Buffers (ms):         Min:  0.0, Avg:  0.0, Max:  0.0, Diff:  0.0, Sum:  0.0, Workers: 8
[41.599s][debug][gc,phases         ] GC(777)       Dirty Cards:              Min: 0, Avg:  0.2, Max: 1, Diff: 1, Sum: 2, Workers: 8
[41.599s][debug][gc,phases         ] GC(777)       Skipped Cards:            Min: 0, Avg:  0.0, Max: 0, Diff: 0, Sum: 0, Workers: 8
[41.599s][info ][gc,phases         ] GC(777)   Evacuate Collection Set: 0.3ms
[41.599s][debug][gc,phases         ] GC(777)     Ext Root Scanning (ms):   Min:  0.0, Avg:  0.1, Max:  0.2, Diff:  0.2, Sum:  0.8, Workers: 8
[41.599s][debug][gc,phases         ] GC(777)     Scan Heap Roots (ms):     Min:  0.0, Avg:  0.0, Max:  0.0, Diff:  0.0, Sum:  0.0, Workers: 8
[41.599s][debug][gc,phases         ] GC(777)       Scanned Cards:            Min: 0, Avg:  0.2, Max: 1, Diff: 1, Sum: 2, Workers: 8
[41.599s][debug][gc,phases         ] GC(777)       Scanned Blocks:           Min: 0, Avg:  0.2, Max: 1, Diff: 1, Sum: 2, Workers: 8
[41.599s][debug][gc,phases         ] GC(777)       Claimed Chunks:           Min: 0, Avg:  0.2, Max: 1, Diff: 1, Sum: 2, Workers: 8
[41.599s][debug][gc,phases         ] GC(777)     Code Root Scan (ms):      Min:  0.0, Avg:  0.0, Max:  0.1, Diff:  0.1, Sum:  0.2, Workers: 8
[41.599s][debug][gc,phases         ] GC(777)     Object Copy (ms):         Min:  0.0, Avg:  0.0, Max:  0.0, Diff:  0.0, Sum:  0.0, Workers: 8
[41.599s][debug][gc,phases         ] GC(777)     Termination (ms):         Min:  0.0, Avg:  0.1, Max:  0.1, Diff:  0.1, Sum:  0.7, Workers: 8
[41.599s][debug][gc,phases         ] GC(777)       Termination Attempts:     Min: 1, Avg:  1.1, Max: 2, Diff: 1, Sum: 9, Workers: 8
[41.599s][debug][gc,phases         ] GC(777)     GC Worker Other (ms):     Min:  0.0, Avg:  0.0, Max:  0.1, Diff:  0.1, Sum:  0.4, Workers: 8
[41.599s][debug][gc,phases         ] GC(777)     GC Worker Total (ms):     Min:  0.2, Avg:  0.3, Max:  0.3, Diff:  0.0, Sum:  2.1, Workers: 8
[41.599s][info ][gc,phases         ] GC(777)   Post Evacuate Collection Set: 0.6ms
[41.599s][debug][gc,phases         ] GC(777)     Code Roots Fixup: 0.0ms
[41.599s][debug][gc,phases         ] GC(777)     Clear Card Table: 0.2ms
[41.599s][debug][gc,phases         ] GC(777)     Reference Processing: 0.0ms
[41.599s][debug][gc,phases,ref     ] GC(777)       Reconsider SoftReferences: 0.0ms
[41.599s][debug][gc,phases,ref     ] GC(777)         SoftRef (ms):             skipped
[41.599s][debug][gc,phases,ref     ] GC(777)       Notify Soft/WeakReferences: 0.0ms
[41.599s][debug][gc,phases,ref     ] GC(777)         SoftRef (ms):             skipped
[41.599s][debug][gc,phases,ref     ] GC(777)         WeakRef (ms):             skipped
[41.599s][debug][gc,phases,ref     ] GC(777)         FinalRef (ms):            skipped
[41.599s][debug][gc,phases,ref     ] GC(777)         Total (ms):               skipped
[41.599s][debug][gc,phases,ref     ] GC(777)       Notify and keep alive finalizable: 0.0ms
[41.599s][debug][gc,phases,ref     ] GC(777)         FinalRef (ms):            skipped
[41.599s][debug][gc,phases,ref     ] GC(777)       Notify PhantomReferences: 0.0ms
[41.599s][debug][gc,phases,ref     ] GC(777)         PhantomRef (ms):          skipped
[41.599s][debug][gc,phases,ref     ] GC(777)       SoftReference:
[41.599s][debug][gc,phases,ref     ] GC(777)         Discovered: 0
[41.599s][debug][gc,phases,ref     ] GC(777)         Cleared: 0
[41.599s][debug][gc,phases,ref     ] GC(777)       WeakReference:
[41.599s][debug][gc,phases,ref     ] GC(777)         Discovered: 0
[41.599s][debug][gc,phases,ref     ] GC(777)         Cleared: 0
[41.599s][debug][gc,phases,ref     ] GC(777)       FinalReference:
[41.599s][debug][gc,phases,ref     ] GC(777)         Discovered: 0
[41.599s][debug][gc,phases,ref     ] GC(777)         Cleared: 0
[41.599s][debug][gc,phases,ref     ] GC(777)       PhantomReference:
[41.599s][debug][gc,phases,ref     ] GC(777)         Discovered: 0
[41.599s][debug][gc,phases,ref     ] GC(777)         Cleared: 0
[41.599s][debug][gc,phases         ] GC(777)     Weak Processing: 0.1ms
[41.599s][debug][gc,phases         ] GC(777)       JVMTI weak processing: 0.0ms
[41.599s][debug][gc,phases         ] GC(777)         Dead: 0
[41.599s][debug][gc,phases         ] GC(777)         Total: 0
[41.599s][debug][gc,phases         ] GC(777)       JFR weak processing: 0.0ms
[41.599s][debug][gc,phases         ] GC(777)         Dead: 0
[41.599s][debug][gc,phases         ] GC(777)         Total: 0
[41.599s][debug][gc,phases         ] GC(777)       JNI weak                  Min:  0.0, Avg:  0.0, Max:  0.0, Diff:  0.0, Sum:  0.0, Workers: 5
[41.599s][debug][gc,phases         ] GC(777)         Dead                      Min: 0, Avg:  0.0, Max: 0, Diff: 0, Sum: 0, Workers: 5
[41.599s][debug][gc,phases         ] GC(777)         Total                     Min: 0, Avg: 13.4, Max: 64, Diff: 64, Sum: 67, Workers: 5
[41.599s][debug][gc,phases         ] GC(777)       VM weak                   Min:  0.0, Avg:  0.0, Max:  0.0, Diff:  0.0, Sum:  0.0, Workers: 5
[41.599s][debug][gc,phases         ] GC(777)         Dead                      Min: 0, Avg:  0.0, Max: 0, Diff: 0, Sum: 0, Workers: 5
[41.599s][debug][gc,phases         ] GC(777)         Total                     Min: 0, Avg: 45.2, Max: 128, Diff: 128, Sum: 226, Workers: 5
[41.599s][debug][gc,phases         ] GC(777)       StringTable weak          Min:  0.0, Avg:  0.0, Max:  0.0, Diff:  0.0, Sum:  0.1, Workers: 5
[41.599s][debug][gc,phases         ] GC(777)         Dead                      Min: 0, Avg:  0.0, Max: 0, Diff: 0, Sum: 0, Workers: 5
[41.599s][debug][gc,phases         ] GC(777)         Total                     Min: 0, Avg: 682.8, Max: 1727, Diff: 1727, Sum: 3414, Workers: 5
[41.599s][debug][gc,phases         ] GC(777)       ResolvedMethodTable weak  Min:  0.0, Avg:  0.0, Max:  0.0, Diff:  0.0, Sum:  0.0, Workers: 5
[41.599s][debug][gc,phases         ] GC(777)         Dead                      Min: 0, Avg:  0.0, Max: 0, Diff: 0, Sum: 0, Workers: 5
[41.599s][debug][gc,phases         ] GC(777)         Total                     Min: 0, Avg: 120.2, Max: 192, Diff: 192, Sum: 601, Workers: 5
[41.599s][debug][gc,phases         ] GC(777)     Merge Per-Thread State: 0.0ms
[41.599s][debug][gc,phases         ] GC(777)       Copied Bytes              Min: 72, Avg: 250315.0, Max: 800096, Diff: 800024, Sum: 2002520, Workers: 8
[41.599s][debug][gc,phases         ] GC(777)       LAB Waste                 Min: 0, Avg:  0.0, Max: 0, Diff: 0, Sum: 0, Workers: 8
[41.599s][debug][gc,phases         ] GC(777)       LAB Undo Waste            Min: 0, Avg:  0.0, Max: 0, Diff: 0, Sum: 0, Workers: 8
[41.599s][debug][gc,phases         ] GC(777)     Code Roots Purge: 0.0ms
[41.599s][debug][gc,phases         ] GC(777)     Redirty Cards: 0.0ms
[41.599s][debug][gc,phases         ] GC(777)     DerivedPointerTable Update: 0.0ms
[41.599s][debug][gc,phases         ] GC(777)     Free Collection Set: 0.2ms
[41.599s][debug][gc,phases         ] GC(777)     Rebuild Free List: 0.1ms
[41.599s][debug][gc,phases         ] GC(777)     Humongous Reclaim: 0.0ms
[41.599s][debug][gc,phases         ] GC(777)     Start New Collection Set: 0.0ms
[41.599s][debug][gc,phases         ] GC(777)     Resize TLABs: 0.0ms
[41.599s][debug][gc,phases         ] GC(777)     Expand Heap After Collection: 0.0ms
[41.599s][info ][gc,phases         ] GC(777)   Other: 0.3ms
[41.599s][info ][gc,heap           ] GC(777) Eden regions: 865->0(867)
[41.599s][info ][gc,heap           ] GC(777) Survivor regions: 5->3(109)
[41.599s][info ][gc,heap           ] GC(777) Old regions: 17->17
[41.599s][info ][gc,heap           ] GC(777) Archive regions: 2->2
[41.599s][info ][gc,heap           ] GC(777) Humongous regions: 0->0
[41.599s][info ][gc,metaspace      ] GC(777) Metaspace: 10130K(10624K)->10130K(10624K) NonClass: 8932K(9216K)->8932K(9216K) Class: 1198K(1408K)->1198K(1408K)
[41.599s][debug][gc,heap           ] GC(777) Heap after GC invocations=778 (full 1): garbage-first heap   total 1484800K, used 20186K [0x0000000700000000, 0x0000000800000000)
[41.599s][debug][gc,heap           ] GC(777)   region size 1024K, 3 young (3072K), 3 survivors (3072K)
[41.599s][debug][gc,heap           ] GC(777)  Metaspace       used 10130K, capacity 10468K, committed 10624K, reserved 1058816K
[41.599s][debug][gc,heap           ] GC(777)   class space    used 1198K, capacity 1344K, committed 1408K, reserved 1048576K
[41.599s][info ][gc                ] GC(777) Pause Young (Normal) (G1 Evacuation Pause) 886M->19M(1450M) 1.996ms
[41.599s][info ][gc,cpu            ] GC(777) User=0.01s Sys=0.00s Real=0.00s
[41.599s][info ][safepoint         ] Safepoint "G1CollectForAllocation", Time since last: 44007210 ns, Reaching safepoint: 166726 ns, At safepoint: 2169035 ns, Total: 2335761 ns
[41.649s][debug][gc,heap           ] GC(778) Heap before GC invocations=778 (full 1): garbage-first heap   total 1484800K, used 906970K [0x0000000700000000, 0x0000000800000000)
[41.649s][debug][gc,heap           ] GC(778)   region size 1024K, 870 young (890880K), 3 survivors (3072K)
[41.649s][debug][gc,heap           ] GC(778)  Metaspace       used 10130K, capacity 10468K, committed 10624K, reserved 1058816K
[41.649s][debug][gc,heap           ] GC(778)   class space    used 1198K, capacity 1344K, committed 1408K, reserved 1048576K
[41.649s][info ][gc,start          ] GC(778) Pause Young (Normal) (G1 Evacuation Pause)
[41.649s][info ][gc,task           ] GC(778) Using 8 workers of 8 for evacuation
[41.649s][debug][gc,tlab           ] GC(778) TLAB totals: thrds: 8  refills: 12 max: 2 slow allocs: 1727 max 304 waste: 35.6% gc: 1210648B max: 229200B slow: 55576B max: 14304B fast: 0B max: 0B
[41.649s][debug][gc,age            ] GC(778) Desired survivor size 57147392 bytes, new threshold 15 (max threshold 15)
[41.649s][debug][gc,alloc,region   ] GC(778) Mutator Allocation stats, regions: 867, wasted size: 203M (23.4%)
[41.649s][debug][gc,ergo           ] GC(778) Running G1 Merge Heap Roots using 8 workers for 870 regions
[41.649s][debug][gc,remset         ] GC(778) Visited cards 256 Total dirty 2048 (12.50%) Total old 3602432 (0.01%)
[41.650s][debug][gc,ergo           ] GC(778) Running G1 Clear Card Table Task using 2 workers for 2 units of work for 871 regions.
[41.650s][debug][gc,ref            ] GC(778) Skipped phase1 of Reference Processing due to unavailable references
[41.650s][debug][gc,ref            ] GC(778) Skipped phase2 of Reference Processing due to unavailable references
[41.650s][debug][gc,ref            ] GC(778) Skipped phase3 of Reference Processing due to unavailable references
[41.650s][debug][gc,ref            ] GC(778) Skipped phase4 of Reference Processing due to unavailable references
[41.650s][debug][gc,ergo           ] GC(778) Running G1 Free Collection Set using 8 workers for collection set length 870 (1450)
[41.650s][debug][gc,ergo           ] GC(778) Running G1 Rebuild Free List Task using 8 workers for rebuilding free list of 0 (4096) regions
[41.650s][trace][gc,age            ] GC(778) Age table with threshold 15 (max threshold 15)
[41.650s][trace][gc,age            ] GC(778) - age   1:    2802560 bytes,    2802560 total
[41.650s][debug][gc,plab           ] GC(778) Young PLAB allocation: allocated: 16512B, wasted: 0B, unused: 14064B, used: 2448B, undo waste: 0B, 
[41.650s][debug][gc,plab           ] GC(778) Young other allocation: region end waste: 729120B, regions filled: 4, direct allocated: 2800112B, failure used: 0B, failure wasted: 0B
[41.650s][debug][gc,plab           ] GC(778) Young sizing: calculated: 0B, actual: 2064B
[41.650s][debug][gc,plab           ] GC(778) Old PLAB allocation: allocated: 0B, wasted: 0B, unused: 0B, used: 0B, undo waste: 0B, 
[41.650s][debug][gc,plab           ] GC(778) Old other allocation: region end waste: 0B, regions filled: 1, direct allocated: 0B, failure used: 0B, failure wasted: 0B
[41.650s][debug][gc,plab           ] GC(778) Old sizing: calculated: 0B, actual: 2064B
[41.650s][debug][gc,ihop           ] GC(778) Basic information (value update), threshold: 684195840B (45.00), target occupancy: 1520435200B, current occupancy: 21717648B, recent allocation size: 0B, recent allocation duration: 50.38ms, recent old gen allocation rate: 0.00B/s, recent marking phase length: 29.21ms
[41.650s][debug][gc,ihop           ] GC(778) Adaptive IHOP information (value update), threshold: 684195840B (47.37), internal target occupancy: 1444413440B, occupancy: 21717648B, additional buffer size: 912261120B, predicted old gen allocation rate: 0.05B/s, predicted marking phase length: 58.41ms, prediction active: false
[41.650s][debug][gc,ergo,refine    ] GC(778) Concurrent refinement times: Logged Cards Scan time goal: 20.00ms Logged Cards Scan time: 0.00ms HCC time: 0.00ms
[41.650s][debug][gc,ergo,refine    ] GC(778) Updated Refinement Zones: green: 2048, yellow: 6144, red: 10240
[41.650s][info ][gc,phases         ] GC(778)   Pre Evacuate Collection Set: 0.1ms
[41.650s][debug][gc,phases         ] GC(778)     Prepare TLABs: 0.0ms
[41.650s][debug][gc,phases         ] GC(778)     Choose Collection Set: 0.0ms
[41.650s][debug][gc,phases         ] GC(778)     Region Register: 0.1ms
[41.650s][debug][gc,phases         ] GC(778)     Prepare Heap Roots: 0.0ms
[41.650s][info ][gc,phases         ] GC(778)   Merge Heap Roots: 0.1ms
[41.650s][debug][gc,phases         ] GC(778)     Prepare Merge Heap Roots: 0.0ms
[41.650s][debug][gc,phases         ] GC(778)     Eager Reclaim (ms):       skipped
[41.650s][debug][gc,phases         ] GC(778)     Remembered Sets (ms):     Min:  0.0, Avg:  0.0, Max:  0.0, Diff:  0.0, Sum:  0.2, Workers: 8
[41.650s][debug][gc,phases         ] GC(778)       Merged Sparse:            Min: 0, Avg:  0.0, Max: 0, Diff: 0, Sum: 0, Workers: 8
[41.650s][debug][gc,phases         ] GC(778)       Merged Fine:              Min: 0, Avg:  0.0, Max: 0, Diff: 0, Sum: 0, Workers: 8
[41.650s][debug][gc,phases         ] GC(778)       Merged Coarse:            Min: 0, Avg:  0.0, Max: 0, Diff: 0, Sum: 0, Workers: 8
[41.651s][debug][gc,phases         ] GC(778)       Dirty Cards:              Min: 0, Avg:  0.0, Max: 0, Diff: 0, Sum: 0, Workers: 8
[41.651s][debug][gc,phases         ] GC(778)     Hot Card Cache (ms):      Min:  0.0, Avg:  0.0, Max:  0.0, Diff:  0.0, Sum:  0.0, Workers: 8
[41.651s][debug][gc,phases         ] GC(778)       Dirty Cards:              Min: 0, Avg:  0.0, Max: 0, Diff: 0, Sum: 0, Workers: 8
[41.651s][debug][gc,phases         ] GC(778)       Skipped Cards:            Min: 0, Avg:  0.0, Max: 0, Diff: 0, Sum: 0, Workers: 8
[41.651s][debug][gc,phases         ] GC(778)     Log Buffers (ms):         Min:  0.0, Avg:  0.0, Max:  0.0, Diff:  0.0, Sum:  0.0, Workers: 8
[41.651s][debug][gc,phases         ] GC(778)       Dirty Cards:              Min: 0, Avg:  0.1, Max: 1, Diff: 1, Sum: 1, Workers: 8
[41.651s][debug][gc,phases         ] GC(778)       Skipped Cards:            Min: 0, Avg:  0.0, Max: 0, Diff: 0, Sum: 0, Workers: 8
[41.651s][info ][gc,phases         ] GC(778)   Evacuate Collection Set: 0.4ms
[41.651s][debug][gc,phases         ] GC(778)     Ext Root Scanning (ms):   Min:  0.2, Avg:  0.2, Max:  0.3, Diff:  0.1, Sum:  1.6, Workers: 8
[41.651s][debug][gc,phases         ] GC(778)     Scan Heap Roots (ms):     Min:  0.0, Avg:  0.0, Max:  0.0, Diff:  0.0, Sum:  0.0, Workers: 8
[41.651s][debug][gc,phases         ] GC(778)       Scanned Cards:            Min: 0, Avg:  0.1, Max: 1, Diff: 1, Sum: 1, Workers: 8
[41.651s][debug][gc,phases         ] GC(778)       Scanned Blocks:           Min: 0, Avg:  0.1, Max: 1, Diff: 1, Sum: 1, Workers: 8
[41.651s][debug][gc,phases         ] GC(778)       Claimed Chunks:           Min: 0, Avg:  0.1, Max: 1, Diff: 1, Sum: 1, Workers: 8
[41.651s][debug][gc,phases         ] GC(778)     Code Root Scan (ms):      Min:  0.0, Avg:  0.0, Max:  0.0, Diff:  0.0, Sum:  0.2, Workers: 8
[41.651s][debug][gc,phases         ] GC(778)     Object Copy (ms):         Min:  0.0, Avg:  0.0, Max:  0.0, Diff:  0.0, Sum:  0.0, Workers: 8
[41.651s][debug][gc,phases         ] GC(778)     Termination (ms):         Min:  0.1, Avg:  0.1, Max:  0.1, Diff:  0.0, Sum:  0.9, Workers: 8
[41.651s][debug][gc,phases         ] GC(778)       Termination Attempts:     Min: 1, Avg:  1.0, Max: 1, Diff: 0, Sum: 8, Workers: 8
[41.651s][debug][gc,phases         ] GC(778)     GC Worker Other (ms):     Min:  0.0, Avg:  0.0, Max:  0.1, Diff:  0.0, Sum:  0.4, Workers: 8
[41.651s][debug][gc,phases         ] GC(778)     GC Worker Total (ms):     Min:  0.4, Avg:  0.4, Max:  0.4, Diff:  0.1, Sum:  3.1, Workers: 8
[41.651s][info ][gc,phases         ] GC(778)   Post Evacuate Collection Set: 0.6ms
[41.651s][debug][gc,phases         ] GC(778)     Code Roots Fixup: 0.0ms
[41.651s][debug][gc,phases         ] GC(778)     Clear Card Table: 0.2ms
[41.651s][debug][gc,phases         ] GC(778)     Reference Processing: 0.0ms
[41.651s][debug][gc,phases,ref     ] GC(778)       Reconsider SoftReferences: 0.0ms
[41.651s][debug][gc,phases,ref     ] GC(778)         SoftRef (ms):             skipped
[41.651s][debug][gc,phases,ref     ] GC(778)       Notify Soft/WeakReferences: 0.0ms
[41.651s][debug][gc,phases,ref     ] GC(778)         SoftRef (ms):             skipped
[41.651s][debug][gc,phases,ref     ] GC(778)         WeakRef (ms):             skipped
[41.651s][debug][gc,phases,ref     ] GC(778)         FinalRef (ms):            skipped
[41.651s][debug][gc,phases,ref     ] GC(778)         Total (ms):               skipped
[41.651s][debug][gc,phases,ref     ] GC(778)       Notify and keep alive finalizable: 0.0ms
[41.651s][debug][gc,phases,ref     ] GC(778)         FinalRef (ms):            skipped
[41.651s][debug][gc,phases,ref     ] GC(778)       Notify PhantomReferences: 0.0ms
[41.651s][debug][gc,phases,ref     ] GC(778)         PhantomRef (ms):          skipped
[41.651s][debug][gc,phases,ref     ] GC(778)       SoftReference:
[41.651s][debug][gc,phases,ref     ] GC(778)         Discovered: 0
[41.651s][debug][gc,phases,ref     ] GC(778)         Cleared: 0
[41.651s][debug][gc,phases,ref     ] GC(778)       WeakReference:
[41.651s][debug][gc,phases,ref     ] GC(778)         Discovered: 0
[41.651s][debug][gc,phases,ref     ] GC(778)         Cleared: 0
[41.651s][debug][gc,phases,ref     ] GC(778)       FinalReference:
[41.651s][debug][gc,phases,ref     ] GC(778)         Discovered: 0
[41.651s][debug][gc,phases,ref     ] GC(778)         Cleared: 0
[41.651s][debug][gc,phases,ref     ] GC(778)       PhantomReference:
[41.651s][debug][gc,phases,ref     ] GC(778)         Discovered: 0
[41.651s][debug][gc,phases,ref     ] GC(778)         Cleared: 0
[41.651s][debug][gc,phases         ] GC(778)     Weak Processing: 0.1ms
[41.651s][debug][gc,phases         ] GC(778)       JVMTI weak processing: 0.0ms
[41.651s][debug][gc,phases         ] GC(778)         Dead: 0
[41.651s][debug][gc,phases         ] GC(778)         Total: 0
[41.651s][debug][gc,phases         ] GC(778)       JFR weak processing: 0.0ms
[41.651s][debug][gc,phases         ] GC(778)         Dead: 0
[41.651s][debug][gc,phases         ] GC(778)         Total: 0
[41.651s][debug][gc,phases         ] GC(778)       JNI weak                  Min:  0.0, Avg:  0.0, Max:  0.0, Diff:  0.0, Sum:  0.0, Workers: 5
[41.651s][debug][gc,phases         ] GC(778)         Dead                      Min: 0, Avg:  0.0, Max: 0, Diff: 0, Sum: 0, Workers: 5
[41.651s][debug][gc,phases         ] GC(778)         Total                     Min: 0, Avg: 13.4, Max: 67, Diff: 67, Sum: 67, Workers: 5
[41.651s][debug][gc,phases         ] GC(778)       VM weak                   Min:  0.0, Avg:  0.0, Max:  0.0, Diff:  0.0, Sum:  0.0, Workers: 5
[41.651s][debug][gc,phases         ] GC(778)         Dead                      Min: 0, Avg:  0.0, Max: 0, Diff: 0, Sum: 0, Workers: 5
[41.651s][debug][gc,phases         ] GC(778)         Total                     Min: 0, Avg: 45.2, Max: 128, Diff: 128, Sum: 226, Workers: 5
[41.651s][debug][gc,phases         ] GC(778)       StringTable weak          Min:  0.0, Avg:  0.0, Max:  0.0, Diff:  0.0, Sum:  0.1, Workers: 5
[41.651s][debug][gc,phases         ] GC(778)         Dead                      Min: 0, Avg:  0.0, Max: 0, Diff: 0, Sum: 0, Workers: 5
[41.651s][debug][gc,phases         ] GC(778)         Total                     Min: 0, Avg: 682.8, Max: 1727, Diff: 1727, Sum: 3414, Workers: 5
[41.651s][debug][gc,phases         ] GC(778)       ResolvedMethodTable weak  Min:  0.0, Avg:  0.0, Max:  0.0, Diff:  0.0, Sum:  0.0, Workers: 5
[41.651s][debug][gc,phases         ] GC(778)         Dead                      Min: 0, Avg:  0.0, Max: 0, Diff: 0, Sum: 0, Workers: 5
[41.651s][debug][gc,phases         ] GC(778)         Total                     Min: 0, Avg: 120.2, Max: 256, Diff: 256, Sum: 601, Workers: 5
[41.651s][debug][gc,phases         ] GC(778)     Merge Per-Thread State: 0.0ms
[41.651s][debug][gc,phases         ] GC(778)       Copied Bytes              Min: 272, Avg: 350320.0, Max: 400944, Diff: 400672, Sum: 2802560, Workers: 8
[41.651s][debug][gc,phases         ] GC(778)       LAB Waste                 Min: 0, Avg:  0.0, Max: 0, Diff: 0, Sum: 0, Workers: 8
[41.651s][debug][gc,phases         ] GC(778)       LAB Undo Waste            Min: 0, Avg:  0.0, Max: 0, Diff: 0, Sum: 0, Workers: 8
[41.651s][debug][gc,phases         ] GC(778)     Code Roots Purge: 0.0ms
[41.651s][debug][gc,phases         ] GC(778)     Redirty Cards: 0.0ms
[41.651s][debug][gc,phases         ] GC(778)     DerivedPointerTable Update: 0.0ms
[41.651s][debug][gc,phases         ] GC(778)     Free Collection Set: 0.2ms
[41.651s][debug][gc,phases         ] GC(778)     Rebuild Free List: 0.1ms
[41.651s][debug][gc,phases         ] GC(778)     Humongous Reclaim: 0.0ms
[41.651s][debug][gc,phases         ] GC(778)     Start New Collection Set: 0.0ms
[41.651s][debug][gc,phases         ] GC(778)     Resize TLABs: 0.0ms
[41.651s][debug][gc,phases         ] GC(778)     Expand Heap After Collection: 0.0ms
[41.651s][info ][gc,phases         ] GC(778)   Other: 0.4ms
[41.651s][info ][gc,heap           ] GC(778) Eden regions: 867->0(866)
[41.651s][info ][gc,heap           ] GC(778) Survivor regions: 3->4(109)
[41.651s][info ][gc,heap           ] GC(778) Old regions: 17->17
[41.651s][info ][gc,heap           ] GC(778) Archive regions: 2->2
[41.651s][info ][gc,heap           ] GC(778) Humongous regions: 0->0
[41.651s][info ][gc,metaspace      ] GC(778) Metaspace: 10130K(10624K)->10130K(10624K) NonClass: 8932K(9216K)->8932K(9216K) Class: 1198K(1408K)->1198K(1408K)
[41.651s][debug][gc,heap           ] GC(778) Heap after GC invocations=779 (full 1): garbage-first heap   total 1484800K, used 21208K [0x0000000700000000, 0x0000000800000000)
[41.651s][debug][gc,heap           ] GC(778)   region size 1024K, 4 young (4096K), 4 survivors (4096K)
[41.651s][debug][gc,heap           ] GC(778)  Metaspace       used 10130K, capacity 10468K, committed 10624K, reserved 1058816K
[41.652s][debug][gc,heap           ] GC(778)   class space    used 1198K, capacity 1344K, committed 1408K, reserved 1048576K
[41.652s][info ][gc                ] GC(778) Pause Young (Normal) (G1 Evacuation Pause) 886M->20M(1450M) 2.809ms
[41.652s][info ][gc,cpu            ] GC(778) User=0.01s Sys=0.00s Real=0.00s
[41.652s][info ][safepoint         ] Safepoint "G1CollectForAllocation", Time since last: 49309069 ns, Reaching safepoint: 151277 ns, At safepoint: 3361359 ns, Total: 3512636 ns
[41.695s][debug][gc,heap           ] GC(779) Heap before GC invocations=779 (full 1): garbage-first heap   total 1484800K, used 906968K [0x0000000700000000, 0x0000000800000000)
[41.695s][debug][gc,heap           ] GC(779)   region size 1024K, 870 young (890880K), 4 survivors (4096K)
[41.695s][debug][gc,heap           ] GC(779)  Metaspace       used 10130K, capacity 10468K, committed 10624K, reserved 1058816K
[41.695s][debug][gc,heap           ] GC(779)   class space    used 1198K, capacity 1344K, committed 1408K, reserved 1048576K
[41.695s][info ][gc,start          ] GC(779) Pause Young (Normal) (G1 Evacuation Pause)
[41.695s][info ][gc,task           ] GC(779) Using 8 workers of 8 for evacuation
[41.695s][debug][gc,tlab           ] GC(779) TLAB totals: thrds: 8  refills: 16 max: 3 slow allocs: 1721 max 233 waste: 29.1% gc: 1198032B max: 233792B slow: 73576B max: 15096B fast: 0B max: 0B
[41.695s][debug][gc,age            ] GC(779) Desired survivor size 57147392 bytes, new threshold 15 (max threshold 15)
[41.695s][debug][gc,alloc,region   ] GC(779) Mutator Allocation stats, regions: 866, wasted size: 202M (23.4%)
[41.696s][debug][gc,ergo           ] GC(779) Running G1 Merge Heap Roots using 8 workers for 870 regions
[41.696s][debug][gc,remset         ] GC(779) Visited cards 512 Total dirty 4096 (12.50%) Total old 3602432 (0.01%)
[41.696s][debug][gc,ergo           ] GC(779) Running G1 Clear Card Table Task using 2 workers for 2 units of work for 872 regions.
[41.696s][debug][gc,ref            ] GC(779) Skipped phase1 of Reference Processing due to unavailable references
[41.696s][debug][gc,ref            ] GC(779) Skipped phase2 of Reference Processing due to unavailable references
[41.696s][debug][gc,ref            ] GC(779) Skipped phase3 of Reference Processing due to unavailable references
[41.696s][debug][gc,ref            ] GC(779) Skipped phase4 of Reference Processing due to unavailable references
[41.696s][debug][gc,ergo           ] GC(779) Running G1 Free Collection Set using 8 workers for collection set length 870 (1450)
[41.697s][debug][gc,ergo           ] GC(779) Running G1 Rebuild Free List Task using 8 workers for rebuilding free list of 0 (4096) regions
[41.697s][trace][gc,age            ] GC(779) Age table with threshold 15 (max threshold 15)
[41.697s][trace][gc,age            ] GC(779) - age   1:    3602496 bytes,    3602496 total
[41.697s][debug][gc,plab           ] GC(779) Young PLAB allocation: allocated: 16512B, wasted: 0B, unused: 14144B, used: 2368B, undo waste: 0B, 
[41.697s][debug][gc,plab           ] GC(779) Young other allocation: region end waste: 981800B, regions filled: 5, direct allocated: 3600128B, failure used: 0B, failure wasted: 0B
[41.697s][debug][gc,plab           ] GC(779) Young sizing: calculated: 0B, actual: 2064B
[41.697s][debug][gc,plab           ] GC(779) Old PLAB allocation: allocated: 0B, wasted: 0B, unused: 0B, used: 0B, undo waste: 0B, 
[41.697s][debug][gc,plab           ] GC(779) Old other allocation: region end waste: 0B, regions filled: 1, direct allocated: 0B, failure used: 0B, failure wasted: 0B
[41.697s][debug][gc,plab           ] GC(779) Old sizing: calculated: 0B, actual: 2064B
[41.697s][debug][gc,ihop           ] GC(779) Basic information (value update), threshold: 684195840B (45.00), target occupancy: 1520435200B, current occupancy: 22770344B, recent allocation size: 0B, recent allocation duration: 45.05ms, recent old gen allocation rate: 0.00B/s, recent marking phase length: 29.21ms
[41.697s][debug][gc,ihop           ] GC(779) Adaptive IHOP information (value update), threshold: 684195840B (47.37), internal target occupancy: 1444413440B, occupancy: 22770344B, additional buffer size: 912261120B, predicted old gen allocation rate: 0.05B/s, predicted marking phase length: 58.41ms, prediction active: false
[41.697s][debug][gc,ergo,refine    ] GC(779) Concurrent refinement times: Logged Cards Scan time goal: 20.00ms Logged Cards Scan time: 0.00ms HCC time: 0.00ms
[41.697s][debug][gc,ergo,refine    ] GC(779) Updated Refinement Zones: green: 2048, yellow: 6144, red: 10240
[41.697s][info ][gc,phases         ] GC(779)   Pre Evacuate Collection Set: 0.1ms
[41.697s][debug][gc,phases         ] GC(779)     Prepare TLABs: 0.0ms
[41.697s][debug][gc,phases         ] GC(779)     Choose Collection Set: 0.0ms
[41.697s][debug][gc,phases         ] GC(779)     Region Register: 0.1ms
[41.697s][debug][gc,phases         ] GC(779)     Prepare Heap Roots: 0.0ms
[41.697s][info ][gc,phases         ] GC(779)   Merge Heap Roots: 0.1ms
[41.697s][debug][gc,phases         ] GC(779)     Prepare Merge Heap Roots: 0.0ms
[41.697s][debug][gc,phases         ] GC(779)     Eager Reclaim (ms):       skipped
[41.697s][debug][gc,phases         ] GC(779)     Remembered Sets (ms):     Min:  0.0, Avg:  0.0, Max:  0.0, Diff:  0.0, Sum:  0.2, Workers: 8
[41.697s][debug][gc,phases         ] GC(779)       Merged Sparse:            Min: 0, Avg:  0.0, Max: 0, Diff: 0, Sum: 0, Workers: 8
[41.697s][debug][gc,phases         ] GC(779)       Merged Fine:              Min: 0, Avg:  0.0, Max: 0, Diff: 0, Sum: 0, Workers: 8
[41.697s][debug][gc,phases         ] GC(779)       Merged Coarse:            Min: 0, Avg:  0.0, Max: 0, Diff: 0, Sum: 0, Workers: 8
[41.697s][debug][gc,phases         ] GC(779)       Dirty Cards:              Min: 0, Avg:  0.0, Max: 0, Diff: 0, Sum: 0, Workers: 8
[41.697s][debug][gc,phases         ] GC(779)     Hot Card Cache (ms):      Min:  0.0, Avg:  0.0, Max:  0.0, Diff:  0.0, Sum:  0.0, Workers: 8
[41.697s][debug][gc,phases         ] GC(779)       Dirty Cards:              Min: 0, Avg:  0.0, Max: 0, Diff: 0, Sum: 0, Workers: 8
[41.697s][debug][gc,phases         ] GC(779)       Skipped Cards:            Min: 0, Avg:  0.0, Max: 0, Diff: 0, Sum: 0, Workers: 8
[41.697s][debug][gc,phases         ] GC(779)     Log Buffers (ms):         Min:  0.0, Avg:  0.0, Max:  0.0, Diff:  0.0, Sum:  0.0, Workers: 8
[41.697s][debug][gc,phases         ] GC(779)       Dirty Cards:              Min: 0, Avg:  0.2, Max: 2, Diff: 2, Sum: 2, Workers: 8
[41.697s][debug][gc,phases         ] GC(779)       Skipped Cards:            Min: 0, Avg:  0.0, Max: 0, Diff: 0, Sum: 0, Workers: 8
[41.697s][info ][gc,phases         ] GC(779)   Evacuate Collection Set: 0.5ms
[41.697s][debug][gc,phases         ] GC(779)     Ext Root Scanning (ms):   Min:  0.2, Avg:  0.2, Max:  0.3, Diff:  0.2, Sum:  1.9, Workers: 8
[41.697s][debug][gc,phases         ] GC(779)     Scan Heap Roots (ms):     Min:  0.0, Avg:  0.0, Max:  0.0, Diff:  0.0, Sum:  0.0, Workers: 8
[41.697s][debug][gc,phases         ] GC(779)       Scanned Cards:            Min: 0, Avg:  0.2, Max: 2, Diff: 2, Sum: 2, Workers: 8
[41.697s][debug][gc,phases         ] GC(779)       Scanned Blocks:           Min: 0, Avg:  0.2, Max: 2, Diff: 2, Sum: 2, Workers: 8
[41.697s][debug][gc,phases         ] GC(779)       Claimed Chunks:           Min: 0, Avg:  0.2, Max: 2, Diff: 2, Sum: 2, Workers: 8
[41.697s][debug][gc,phases         ] GC(779)     Code Root Scan (ms):      Min:  0.0, Avg:  0.0, Max:  0.0, Diff:  0.0, Sum:  0.2, Workers: 8
[41.697s][debug][gc,phases         ] GC(779)     Object Copy (ms):         Min:  0.0, Avg:  0.0, Max:  0.0, Diff:  0.0, Sum:  0.0, Workers: 8
[41.697s][debug][gc,phases         ] GC(779)     Termination (ms):         Min:  0.1, Avg:  0.1, Max:  0.1, Diff:  0.0, Sum:  0.6, Workers: 8
[41.697s][debug][gc,phases         ] GC(779)       Termination Attempts:     Min: 1, Avg:  1.0, Max: 1, Diff: 0, Sum: 8, Workers: 8
[41.697s][debug][gc,phases         ] GC(779)     GC Worker Other (ms):     Min:  0.0, Avg:  0.0, Max:  0.1, Diff:  0.1, Sum:  0.4, Workers: 8
[41.697s][debug][gc,phases         ] GC(779)     GC Worker Total (ms):     Min:  0.4, Avg:  0.4, Max:  0.4, Diff:  0.1, Sum:  3.1, Workers: 8
[41.697s][info ][gc,phases         ] GC(779)   Post Evacuate Collection Set: 0.6ms
[41.697s][debug][gc,phases         ] GC(779)     Code Roots Fixup: 0.0ms
[41.697s][debug][gc,phases         ] GC(779)     Clear Card Table: 0.2ms
[41.697s][debug][gc,phases         ] GC(779)     Reference Processing: 0.0ms
[41.697s][debug][gc,phases,ref     ] GC(779)       Reconsider SoftReferences: 0.0ms
[41.697s][debug][gc,phases,ref     ] GC(779)         SoftRef (ms):             skipped
[41.697s][debug][gc,phases,ref     ] GC(779)       Notify Soft/WeakReferences: 0.0ms
[41.697s][debug][gc,phases,ref     ] GC(779)         SoftRef (ms):             skipped
[41.697s][debug][gc,phases,ref     ] GC(779)         WeakRef (ms):             skipped
[41.697s][debug][gc,phases,ref     ] GC(779)         FinalRef (ms):            skipped
[41.697s][debug][gc,phases,ref     ] GC(779)         Total (ms):               skipped
[41.697s][debug][gc,phases,ref     ] GC(779)       Notify and keep alive finalizable: 0.0ms
[41.697s][debug][gc,phases,ref     ] GC(779)         FinalRef (ms):            skipped
[41.697s][debug][gc,phases,ref     ] GC(779)       Notify PhantomReferences: 0.0ms
[41.697s][debug][gc,phases,ref     ] GC(779)         PhantomRef (ms):          skipped
[41.697s][debug][gc,phases,ref     ] GC(779)       SoftReference:
[41.697s][debug][gc,phases,ref     ] GC(779)         Discovered: 0
[41.697s][debug][gc,phases,ref     ] GC(779)         Cleared: 0
[41.697s][debug][gc,phases,ref     ] GC(779)       WeakReference:
[41.697s][debug][gc,phases,ref     ] GC(779)         Discovered: 0
[41.697s][debug][gc,phases,ref     ] GC(779)         Cleared: 0
[41.697s][debug][gc,phases,ref     ] GC(779)       FinalReference:
[41.697s][debug][gc,phases,ref     ] GC(779)         Discovered: 0
[41.697s][debug][gc,phases,ref     ] GC(779)         Cleared: 0
[41.697s][debug][gc,phases,ref     ] GC(779)       PhantomReference:
[41.697s][debug][gc,phases,ref     ] GC(779)         Discovered: 0
[41.697s][debug][gc,phases,ref     ] GC(779)         Cleared: 0
[41.697s][debug][gc,phases         ] GC(779)     Weak Processing: 0.1ms
[41.697s][debug][gc,phases         ] GC(779)       JVMTI weak processing: 0.0ms
[41.697s][debug][gc,phases         ] GC(779)         Dead: 0
[41.697s][debug][gc,phases         ] GC(779)         Total: 0
[41.697s][debug][gc,phases         ] GC(779)       JFR weak processing: 0.0ms
[41.697s][debug][gc,phases         ] GC(779)         Dead: 0
[41.697s][debug][gc,phases         ] GC(779)         Total: 0
[41.697s][debug][gc,phases         ] GC(779)       JNI weak                  Min:  0.0, Avg:  0.0, Max:  0.0, Diff:  0.0, Sum:  0.0, Workers: 5
[41.697s][debug][gc,phases         ] GC(779)         Dead                      Min: 0, Avg:  0.0, Max: 0, Diff: 0, Sum: 0, Workers: 5
[41.697s][debug][gc,phases         ] GC(779)         Total                     Min: 0, Avg: 13.4, Max: 67, Diff: 67, Sum: 67, Workers: 5
[41.697s][debug][gc,phases         ] GC(779)       VM weak                   Min:  0.0, Avg:  0.0, Max:  0.0, Diff:  0.0, Sum:  0.0, Workers: 5
[41.697s][debug][gc,phases         ] GC(779)         Dead                      Min: 0, Avg:  0.0, Max: 0, Diff: 0, Sum: 0, Workers: 5
[41.697s][debug][gc,phases         ] GC(779)         Total                     Min: 0, Avg: 45.2, Max: 226, Diff: 226, Sum: 226, Workers: 5
[41.697s][debug][gc,phases         ] GC(779)       StringTable weak          Min:  0.0, Avg:  0.0, Max:  0.0, Diff:  0.0, Sum:  0.0, Workers: 5
[41.697s][debug][gc,phases         ] GC(779)         Dead                      Min: 0, Avg:  0.0, Max: 0, Diff: 0, Sum: 0, Workers: 5
[41.697s][debug][gc,phases         ] GC(779)         Total                     Min: 0, Avg: 682.8, Max: 2944, Diff: 2944, Sum: 3414, Workers: 5
[41.697s][debug][gc,phases         ] GC(779)       ResolvedMethodTable weak  Min:  0.0, Avg:  0.0, Max:  0.0, Diff:  0.0, Sum:  0.0, Workers: 5
[41.697s][debug][gc,phases         ] GC(779)         Dead                      Min: 0, Avg:  0.0, Max: 0, Diff: 0, Sum: 0, Workers: 5
[41.697s][debug][gc,phases         ] GC(779)         Total                     Min: 0, Avg: 120.2, Max: 192, Diff: 192, Sum: 601, Workers: 5
[41.697s][debug][gc,phases         ] GC(779)     Merge Per-Thread State: 0.0ms
[41.697s][debug][gc,phases         ] GC(779)       Copied Bytes              Min: 360, Avg: 450312.0, Max: 800096, Diff: 799736, Sum: 3602496, Workers: 8
[41.697s][debug][gc,phases         ] GC(779)       LAB Waste                 Min: 0, Avg:  0.0, Max: 0, Diff: 0, Sum: 0, Workers: 8
[41.697s][debug][gc,phases         ] GC(779)       LAB Undo Waste            Min: 0, Avg:  0.0, Max: 0, Diff: 0, Sum: 0, Workers: 8
[41.697s][debug][gc,phases         ] GC(779)     Code Roots Purge: 0.0ms
[41.697s][debug][gc,phases         ] GC(779)     Redirty Cards: 0.0ms
[41.697s][debug][gc,phases         ] GC(779)     DerivedPointerTable Update: 0.0ms
[41.697s][debug][gc,phases         ] GC(779)     Free Collection Set: 0.2ms
[41.697s][debug][gc,phases         ] GC(779)     Rebuild Free List: 0.1ms
[41.697s][debug][gc,phases         ] GC(779)     Humongous Reclaim: 0.0ms
[41.697s][debug][gc,phases         ] GC(779)     Start New Collection Set: 0.0ms
[41.697s][debug][gc,phases         ] GC(779)     Resize TLABs: 0.0ms
[41.697s][debug][gc,phases         ] GC(779)     Expand Heap After Collection: 0.0ms
[41.697s][info ][gc,phases         ] GC(779)   Other: 0.3ms
[41.697s][info ][gc,heap           ] GC(779) Eden regions: 866->0(865)
[41.697s][info ][gc,heap           ] GC(779) Survivor regions: 4->5(109)
[41.697s][info ][gc,heap           ] GC(779) Old regions: 17->17
[41.698s][info ][gc,heap           ] GC(779) Archive regions: 2->2
[41.698s][info ][gc,heap           ] GC(779) Humongous regions: 0->0
[41.698s][info ][gc,metaspace      ] GC(779) Metaspace: 10130K(10624K)->10130K(10624K) NonClass: 8932K(9216K)->8932K(9216K) Class: 1198K(1408K)->1198K(1408K)
[41.698s][debug][gc,heap           ] GC(779) Heap after GC invocations=780 (full 1): garbage-first heap   total 1484800K, used 22236K [0x0000000700000000, 0x0000000800000000)
[41.698s][debug][gc,heap           ] GC(779)   region size 1024K, 5 young (5120K), 5 survivors (5120K)
[41.698s][debug][gc,heap           ] GC(779)  Metaspace       used 10130K, capacity 10468K, committed 10624K, reserved 1058816K
[41.698s][debug][gc,heap           ] GC(779)   class space    used 1198K, capacity 1344K, committed 1408K, reserved 1048576K
[41.698s][info ][gc                ] GC(779) Pause Young (Normal) (G1 Evacuation Pause) 886M->21M(1450M) 2.245ms
[41.698s][info ][gc,cpu            ] GC(779) User=0.01s Sys=0.00s Real=0.00s
[41.698s][info ][safepoint         ] Safepoint "G1CollectForAllocation", Time since last: 43047541 ns, Reaching safepoint: 186254 ns, At safepoint: 2441957 ns, Total: 2628211 ns
[41.744s][debug][gc,heap           ] GC(780) Heap before GC invocations=780 (full 1): garbage-first heap   total 1484800K, used 906972K [0x0000000700000000, 0x0000000800000000)
[41.744s][debug][gc,heap           ] GC(780)   region size 1024K, 870 young (890880K), 5 survivors (5120K)
[41.744s][debug][gc,heap           ] GC(780)  Metaspace       used 10130K, capacity 10468K, committed 10624K, reserved 1058816K
[41.744s][debug][gc,heap           ] GC(780)   class space    used 1198K, capacity 1344K, committed 1408K, reserved 1048576K
[41.744s][info ][gc,start          ] GC(780) Pause Young (Normal) (G1 Evacuation Pause)
[41.744s][info ][gc,task           ] GC(780) Using 8 workers of 8 for evacuation
[41.744s][debug][gc,tlab           ] GC(780) TLAB totals: thrds: 8  refills: 16 max: 3 slow allocs: 1719 max 260 waste: 28.5% gc: 1307224B max: 232992B slow: 84984B max: 15096B fast: 0B max: 0B
[41.744s][debug][gc,age            ] GC(780) Desired survivor size 57147392 bytes, new threshold 15 (max threshold 15)
[41.744s][debug][gc,alloc,region   ] GC(780) Mutator Allocation stats, regions: 865, wasted size: 202M (23.4%)
[41.744s][debug][gc,ergo           ] GC(780) Running G1 Merge Heap Roots using 8 workers for 870 regions
[41.744s][debug][gc,remset         ] GC(780) Visited cards 256 Total dirty 2048 (12.50%) Total old 3602432 (0.01%)
[41.744s][debug][gc,ergo           ] GC(780) Running G1 Clear Card Table Task using 2 workers for 2 units of work for 871 regions.
[41.745s][debug][gc,ref            ] GC(780) Skipped phase1 of Reference Processing due to unavailable references
[41.745s][debug][gc,ref            ] GC(780) Skipped phase2 of Reference Processing due to unavailable references
[41.745s][debug][gc,ref            ] GC(780) Skipped phase3 of Reference Processing due to unavailable references
[41.745s][debug][gc,ref            ] GC(780) Skipped phase4 of Reference Processing due to unavailable references
[41.745s][debug][gc,ergo           ] GC(780) Running G1 Free Collection Set using 8 workers for collection set length 870 (1450)
[41.745s][debug][gc,ergo           ] GC(780) Running G1 Rebuild Free List Task using 8 workers for rebuilding free list of 0 (4096) regions
[41.745s][trace][gc,age            ] GC(780) Age table with threshold 15 (max threshold 15)
[41.745s][trace][gc,age            ] GC(780) - age   1:    3602584 bytes,    3602584 total
[41.745s][debug][gc,plab           ] GC(780) Young PLAB allocation: allocated: 16512B, wasted: 0B, unused: 14064B, used: 2448B, undo waste: 0B, 
[41.745s][debug][gc,plab           ] GC(780) Young other allocation: region end waste: 979728B, regions filled: 5, direct allocated: 3600136B, failure used: 0B, failure wasted: 0B
[41.745s][debug][gc,plab           ] GC(780) Young sizing: calculated: 0B, actual: 2064B
[41.745s][debug][gc,plab           ] GC(780) Old PLAB allocation: allocated: 0B, wasted: 0B, unused: 0B, used: 0B, undo waste: 0B, 
[41.745s][debug][gc,plab           ] GC(780) Old other allocation: region end waste: 0B, regions filled: 1, direct allocated: 0B, failure used: 0B, failure wasted: 0B
[41.745s][debug][gc,plab           ] GC(780) Old sizing: calculated: 0B, actual: 2064B
[41.745s][debug][gc,ihop           ] GC(780) Basic information (value update), threshold: 684195840B (45.00), target occupancy: 1520435200B, current occupancy: 22768280B, recent allocation size: 0B, recent allocation duration: 46.82ms, recent old gen allocation rate: 0.00B/s, recent marking phase length: 29.21ms
[41.745s][debug][gc,ihop           ] GC(780) Adaptive IHOP information (value update), threshold: 684195840B (47.37), internal target occupancy: 1444413440B, occupancy: 22768280B, additional buffer size: 912261120B, predicted old gen allocation rate: 0.05B/s, predicted marking phase length: 58.41ms, prediction active: false
[41.745s][debug][gc,ergo,refine    ] GC(780) Concurrent refinement times: Logged Cards Scan time goal: 20.00ms Logged Cards Scan time: 0.00ms HCC time: 0.00ms
[41.745s][debug][gc,ergo,refine    ] GC(780) Updated Refinement Zones: green: 2048, yellow: 6144, red: 10240
[41.745s][info ][gc,phases         ] GC(780)   Pre Evacuate Collection Set: 0.1ms
[41.745s][debug][gc,phases         ] GC(780)     Prepare TLABs: 0.0ms
[41.745s][debug][gc,phases         ] GC(780)     Choose Collection Set: 0.0ms
[41.745s][debug][gc,phases         ] GC(780)     Region Register: 0.1ms
[41.745s][debug][gc,phases         ] GC(780)     Prepare Heap Roots: 0.0ms
[41.745s][info ][gc,phases         ] GC(780)   Merge Heap Roots: 0.1ms
[41.745s][debug][gc,phases         ] GC(780)     Prepare Merge Heap Roots: 0.0ms
[41.745s][debug][gc,phases         ] GC(780)     Eager Reclaim (ms):       skipped
[41.745s][debug][gc,phases         ] GC(780)     Remembered Sets (ms):     Min:  0.0, Avg:  0.0, Max:  0.0, Diff:  0.0, Sum:  0.1, Workers: 8
[41.745s][debug][gc,phases         ] GC(780)       Merged Sparse:            Min: 0, Avg:  0.0, Max: 0, Diff: 0, Sum: 0, Workers: 8
[41.745s][debug][gc,phases         ] GC(780)       Merged Fine:              Min: 0, Avg:  0.0, Max: 0, Diff: 0, Sum: 0, Workers: 8
[41.745s][debug][gc,phases         ] GC(780)       Merged Coarse:            Min: 0, Avg:  0.0, Max: 0, Diff: 0, Sum: 0, Workers: 8
[41.745s][debug][gc,phases         ] GC(780)       Dirty Cards:              Min: 0, Avg:  0.0, Max: 0, Diff: 0, Sum: 0, Workers: 8
[41.745s][debug][gc,phases         ] GC(780)     Hot Card Cache (ms):      Min:  0.0, Avg:  0.0, Max:  0.0, Diff:  0.0, Sum:  0.0, Workers: 8
[41.745s][debug][gc,phases         ] GC(780)       Dirty Cards:              Min: 0, Avg:  0.0, Max: 0, Diff: 0, Sum: 0, Workers: 8
[41.745s][debug][gc,phases         ] GC(780)       Skipped Cards:            Min: 0, Avg:  0.0, Max: 0, Diff: 0, Sum: 0, Workers: 8
[41.745s][debug][gc,phases         ] GC(780)     Log Buffers (ms):         Min:  0.0, Avg:  0.0, Max:  0.0, Diff:  0.0, Sum:  0.0, Workers: 8
[41.745s][debug][gc,phases         ] GC(780)       Dirty Cards:              Min: 0, Avg:  0.1, Max: 1, Diff: 1, Sum: 1, Workers: 8
[41.745s][debug][gc,phases         ] GC(780)       Skipped Cards:            Min: 0, Avg:  0.0, Max: 0, Diff: 0, Sum: 0, Workers: 8
[41.745s][info ][gc,phases         ] GC(780)   Evacuate Collection Set: 0.5ms
[41.745s][debug][gc,phases         ] GC(780)     Ext Root Scanning (ms):   Min:  0.2, Avg:  0.2, Max:  0.3, Diff:  0.1, Sum:  1.9, Workers: 8
[41.745s][debug][gc,phases         ] GC(780)     Scan Heap Roots (ms):     Min:  0.0, Avg:  0.0, Max:  0.0, Diff:  0.0, Sum:  0.0, Workers: 8
[41.745s][debug][gc,phases         ] GC(780)       Scanned Cards:            Min: 0, Avg:  0.1, Max: 1, Diff: 1, Sum: 1, Workers: 8
[41.745s][debug][gc,phases         ] GC(780)       Scanned Blocks:           Min: 0, Avg:  0.1, Max: 1, Diff: 1, Sum: 1, Workers: 8
[41.745s][debug][gc,phases         ] GC(780)       Claimed Chunks:           Min: 0, Avg:  0.1, Max: 1, Diff: 1, Sum: 1, Workers: 8
[41.745s][debug][gc,phases         ] GC(780)     Code Root Scan (ms):      Min:  0.0, Avg:  0.0, Max:  0.0, Diff:  0.0, Sum:  0.2, Workers: 8
[41.745s][debug][gc,phases         ] GC(780)     Object Copy (ms):         Min:  0.0, Avg:  0.0, Max:  0.0, Diff:  0.0, Sum:  0.0, Workers: 8
[41.745s][debug][gc,phases         ] GC(780)     Termination (ms):         Min:  0.1, Avg:  0.1, Max:  0.1, Diff:  0.0, Sum:  0.6, Workers: 8
[41.745s][debug][gc,phases         ] GC(780)       Termination Attempts:     Min: 1, Avg:  1.0, Max: 1, Diff: 0, Sum: 8, Workers: 8
[41.745s][debug][gc,phases         ] GC(780)     GC Worker Other (ms):     Min:  0.0, Avg:  0.0, Max:  0.1, Diff:  0.0, Sum:  0.4, Workers: 8
[41.745s][debug][gc,phases         ] GC(780)     GC Worker Total (ms):     Min:  0.4, Avg:  0.4, Max:  0.4, Diff:  0.1, Sum:  3.2, Workers: 8
[41.745s][info ][gc,phases         ] GC(780)   Post Evacuate Collection Set: 0.6ms
[41.745s][debug][gc,phases         ] GC(780)     Code Roots Fixup: 0.0ms
[41.745s][debug][gc,phases         ] GC(780)     Clear Card Table: 0.2ms
[41.745s][debug][gc,phases         ] GC(780)     Reference Processing: 0.0ms
[41.745s][debug][gc,phases,ref     ] GC(780)       Reconsider SoftReferences: 0.0ms
[41.745s][debug][gc,phases,ref     ] GC(780)         SoftRef (ms):             skipped
[41.745s][debug][gc,phases,ref     ] GC(780)       Notify Soft/WeakReferences: 0.0ms
[41.745s][debug][gc,phases,ref     ] GC(780)         SoftRef (ms):             skipped
[41.745s][debug][gc,phases,ref     ] GC(780)         WeakRef (ms):             skipped
[41.745s][debug][gc,phases,ref     ] GC(780)         FinalRef (ms):            skipped
[41.746s][debug][gc,phases,ref     ] GC(780)         Total (ms):               skipped
[41.746s][debug][gc,phases,ref     ] GC(780)       Notify and keep alive finalizable: 0.0ms
[41.746s][debug][gc,phases,ref     ] GC(780)         FinalRef (ms):            skipped
[41.746s][debug][gc,phases,ref     ] GC(780)       Notify PhantomReferences: 0.0ms
[41.746s][debug][gc,phases,ref     ] GC(780)         PhantomRef (ms):          skipped
[41.746s][debug][gc,phases,ref     ] GC(780)       SoftReference:
[41.746s][debug][gc,phases,ref     ] GC(780)         Discovered: 0
[41.746s][debug][gc,phases,ref     ] GC(780)         Cleared: 0
[41.746s][debug][gc,phases,ref     ] GC(780)       WeakReference:
[41.746s][debug][gc,phases,ref     ] GC(780)         Discovered: 0
[41.746s][debug][gc,phases,ref     ] GC(780)         Cleared: 0
[41.746s][debug][gc,phases,ref     ] GC(780)       FinalReference:
[41.746s][debug][gc,phases,ref     ] GC(780)         Discovered: 0
[41.746s][debug][gc,phases,ref     ] GC(780)         Cleared: 0
[41.746s][debug][gc,phases,ref     ] GC(780)       PhantomReference:
[41.746s][debug][gc,phases,ref     ] GC(780)         Discovered: 0
[41.746s][debug][gc,phases,ref     ] GC(780)         Cleared: 0
[41.746s][debug][gc,phases         ] GC(780)     Weak Processing: 0.1ms
[41.746s][debug][gc,phases         ] GC(780)       JVMTI weak processing: 0.0ms
[41.746s][debug][gc,phases         ] GC(780)         Dead: 0
[41.746s][debug][gc,phases         ] GC(780)         Total: 0
[41.746s][debug][gc,phases         ] GC(780)       JFR weak processing: 0.0ms
[41.746s][debug][gc,phases         ] GC(780)         Dead: 0
[41.746s][debug][gc,phases         ] GC(780)         Total: 0
[41.746s][debug][gc,phases         ] GC(780)       JNI weak                  Min:  0.0, Avg:  0.0, Max:  0.0, Diff:  0.0, Sum:  0.0, Workers: 5
[41.746s][debug][gc,phases         ] GC(780)         Dead                      Min: 0, Avg:  0.0, Max: 0, Diff: 0, Sum: 0, Workers: 5
[41.746s][debug][gc,phases         ] GC(780)         Total                     Min: 0, Avg: 13.4, Max: 67, Diff: 67, Sum: 67, Workers: 5
[41.746s][debug][gc,phases         ] GC(780)       VM weak                   Min:  0.0, Avg:  0.0, Max:  0.0, Diff:  0.0, Sum:  0.0, Workers: 5
[41.746s][debug][gc,phases         ] GC(780)         Dead                      Min: 0, Avg:  0.0, Max: 0, Diff: 0, Sum: 0, Workers: 5
[41.746s][debug][gc,phases         ] GC(780)         Total                     Min: 0, Avg: 45.2, Max: 226, Diff: 226, Sum: 226, Workers: 5
[41.746s][debug][gc,phases         ] GC(780)       StringTable weak          Min:  0.0, Avg:  0.0, Max:  0.0, Diff:  0.0, Sum:  0.0, Workers: 5
[41.746s][debug][gc,phases         ] GC(780)         Dead                      Min: 0, Avg:  0.0, Max: 0, Diff: 0, Sum: 0, Workers: 5
[41.746s][debug][gc,phases         ] GC(780)         Total                     Min: 0, Avg: 682.8, Max: 2775, Diff: 2775, Sum: 3414, Workers: 5
[41.746s][debug][gc,phases         ] GC(780)       ResolvedMethodTable weak  Min:  0.0, Avg:  0.0, Max:  0.0, Diff:  0.0, Sum:  0.0, Workers: 5
[41.746s][debug][gc,phases         ] GC(780)         Dead                      Min: 0, Avg:  0.0, Max: 0, Diff: 0, Sum: 0, Workers: 5
[41.746s][debug][gc,phases         ] GC(780)         Total                     Min: 0, Avg: 120.2, Max: 217, Diff: 217, Sum: 601, Workers: 5
[41.746s][debug][gc,phases         ] GC(780)     Merge Per-Thread State: 0.0ms
[41.746s][debug][gc,phases         ] GC(780)       Copied Bytes              Min: 400088, Avg: 450323.0, Max: 800096, Diff: 400008, Sum: 3602584, Workers: 8
[41.746s][debug][gc,phases         ] GC(780)       LAB Waste                 Min: 0, Avg:  0.0, Max: 0, Diff: 0, Sum: 0, Workers: 8
[41.746s][debug][gc,phases         ] GC(780)       LAB Undo Waste            Min: 0, Avg:  0.0, Max: 0, Diff: 0, Sum: 0, Workers: 8
[41.746s][debug][gc,phases         ] GC(780)     Code Roots Purge: 0.0ms
[41.746s][debug][gc,phases         ] GC(780)     Redirty Cards: 0.0ms
[41.746s][debug][gc,phases         ] GC(780)     DerivedPointerTable Update: 0.0ms
[41.746s][debug][gc,phases         ] GC(780)     Free Collection Set: 0.2ms
[41.746s][debug][gc,phases         ] GC(780)     Rebuild Free List: 0.1ms
[41.746s][debug][gc,phases         ] GC(780)     Humongous Reclaim: 0.0ms
[41.746s][debug][gc,phases         ] GC(780)     Start New Collection Set: 0.0ms
[41.746s][debug][gc,phases         ] GC(780)     Resize TLABs: 0.0ms
[41.746s][debug][gc,phases         ] GC(780)     Expand Heap After Collection: 0.0ms
[41.746s][info ][gc,phases         ] GC(780)   Other: 0.3ms
[41.746s][info ][gc,heap           ] GC(780) Eden regions: 865->0(865)
[41.746s][info ][gc,heap           ] GC(780) Survivor regions: 5->5(109)
[41.746s][info ][gc,heap           ] GC(780) Old regions: 17->17
[41.746s][info ][gc,heap           ] GC(780) Archive regions: 2->2
[41.746s][info ][gc,heap           ] GC(780) Humongous regions: 0->0
[41.746s][info ][gc,metaspace      ] GC(780) Metaspace: 10130K(10624K)->10130K(10624K) NonClass: 8932K(9216K)->8932K(9216K) Class: 1198K(1408K)->1198K(1408K)
[41.746s][debug][gc,heap           ] GC(780) Heap after GC invocations=781 (full 1): garbage-first heap   total 1484800K, used 22234K [0x0000000700000000, 0x0000000800000000)
[41.746s][debug][gc,heap           ] GC(780)   region size 1024K, 5 young (5120K), 5 survivors (5120K)
[41.746s][debug][gc,heap           ] GC(780)  Metaspace       used 10130K, capacity 10468K, committed 10624K, reserved 1058816K
[41.746s][debug][gc,heap           ] GC(780)   class space    used 1198K, capacity 1344K, committed 1408K, reserved 1048576K
[41.746s][info ][gc                ] GC(780) Pause Young (Normal) (G1 Evacuation Pause) 886M->21M(1450M) 2.295ms
[41.746s][info ][gc,cpu            ] GC(780) User=0.01s Sys=0.00s Real=0.00s
[41.746s][info ][safepoint         ] Safepoint "G1CollectForAllocation", Time since last: 45666943 ns, Reaching safepoint: 188131 ns, At safepoint: 2464410 ns, Total: 2652541 ns
[41.789s][debug][gc,heap           ] GC(781) Heap before GC invocations=781 (full 1): garbage-first heap   total 1484800K, used 906970K [0x0000000700000000, 0x0000000800000000)
[41.789s][debug][gc,heap           ] GC(781)   region size 1024K, 870 young (890880K), 5 survivors (5120K)
[41.789s][debug][gc,heap           ] GC(781)  Metaspace       used 10130K, capacity 10468K, committed 10624K, reserved 1058816K
[41.789s][debug][gc,heap           ] GC(781)   class space    used 1198K, capacity 1344K, committed 1408K, reserved 1048576K
[41.789s][info ][gc,start          ] GC(781) Pause Young (Normal) (G1 Evacuation Pause)
[41.789s][info ][gc,task           ] GC(781) Using 8 workers of 8 for evacuation
[41.789s][debug][gc,tlab           ] GC(781) TLAB totals: thrds: 8  refills: 16 max: 3 slow allocs: 1721 max 233 waste: 21.0% gc: 1044728B max: 229600B slow: 98104B max: 15488B fast: 0B max: 0B
[41.789s][debug][gc,age            ] GC(781) Desired survivor size 57147392 bytes, new threshold 15 (max threshold 15)
[41.789s][debug][gc,alloc,region   ] GC(781) Mutator Allocation stats, regions: 865, wasted size: 202M (23.4%)
[41.789s][debug][gc,ergo           ] GC(781) Running G1 Merge Heap Roots using 8 workers for 870 regions
[41.789s][debug][gc,remset         ] GC(781) Visited cards 512 Total dirty 4096 (12.50%) Total old 3602432 (0.01%)
[41.790s][debug][gc,ergo           ] GC(781) Running G1 Clear Card Table Task using 2 workers for 2 units of work for 872 regions.
[41.790s][debug][gc,ref            ] GC(781) Skipped phase1 of Reference Processing due to unavailable references
[41.790s][debug][gc,ref            ] GC(781) Skipped phase2 of Reference Processing due to unavailable references
[41.790s][debug][gc,ref            ] GC(781) Skipped phase3 of Reference Processing due to unavailable references
[41.790s][debug][gc,ref            ] GC(781) Skipped phase4 of Reference Processing due to unavailable references
[41.790s][debug][gc,ergo           ] GC(781) Running G1 Free Collection Set using 8 workers for collection set length 870 (1450)
[41.790s][debug][gc,ergo           ] GC(781) Running G1 Rebuild Free List Task using 8 workers for rebuilding free list of 0 (4096) regions
[41.791s][trace][gc,age            ] GC(781) Age table with threshold 15 (max threshold 15)
[41.791s][trace][gc,age            ] GC(781) - age   1:    3602568 bytes,    3602568 total
[41.791s][debug][gc,plab           ] GC(781) Young PLAB allocation: allocated: 16512B, wasted: 0B, unused: 14064B, used: 2448B, undo waste: 0B, 
[41.791s][debug][gc,plab           ] GC(781) Young other allocation: region end waste: 983872B, regions filled: 5, direct allocated: 3600120B, failure used: 0B, failure wasted: 0B
[41.791s][debug][gc,plab           ] GC(781) Young sizing: calculated: 0B, actual: 2064B
[41.791s][debug][gc,plab           ] GC(781) Old PLAB allocation: allocated: 0B, wasted: 0B, unused: 0B, used: 0B, undo waste: 0B, 
[41.791s][debug][gc,plab           ] GC(781) Old other allocation: region end waste: 0B, regions filled: 1, direct allocated: 0B, failure used: 0B, failure wasted: 0B
[41.791s][debug][gc,plab           ] GC(781) Old sizing: calculated: 0B, actual: 2064B
[41.791s][debug][gc,ihop           ] GC(781) Basic information (value update), threshold: 684195840B (45.00), target occupancy: 1520435200B, current occupancy: 22772408B, recent allocation size: 0B, recent allocation duration: 43.96ms, recent old gen allocation rate: 0.00B/s, recent marking phase length: 29.21ms
[41.791s][debug][gc,ihop           ] GC(781) Adaptive IHOP information (value update), threshold: 684195840B (47.37), internal target occupancy: 1444413440B, occupancy: 22772408B, additional buffer size: 912261120B, predicted old gen allocation rate: 0.05B/s, predicted marking phase length: 58.41ms, prediction active: false
[41.791s][debug][gc,ergo,refine    ] GC(781) Concurrent refinement times: Logged Cards Scan time goal: 20.00ms Logged Cards Scan time: 0.00ms HCC time: 0.00ms
[41.791s][debug][gc,ergo,refine    ] GC(781) Updated Refinement Zones: green: 2048, yellow: 6144, red: 10240
[41.791s][info ][gc,phases         ] GC(781)   Pre Evacuate Collection Set: 0.1ms
[41.791s][debug][gc,phases         ] GC(781)     Prepare TLABs: 0.0ms
[41.791s][debug][gc,phases         ] GC(781)     Choose Collection Set: 0.0ms
[41.791s][debug][gc,phases         ] GC(781)     Region Register: 0.1ms
[41.791s][debug][gc,phases         ] GC(781)     Prepare Heap Roots: 0.0ms
[41.791s][info ][gc,phases         ] GC(781)   Merge Heap Roots: 0.1ms
[41.791s][debug][gc,phases         ] GC(781)     Prepare Merge Heap Roots: 0.0ms
[41.791s][debug][gc,phases         ] GC(781)     Eager Reclaim (ms):       skipped
[41.791s][debug][gc,phases         ] GC(781)     Remembered Sets (ms):     Min:  0.0, Avg:  0.0, Max:  0.0, Diff:  0.0, Sum:  0.1, Workers: 8
[41.791s][debug][gc,phases         ] GC(781)       Merged Sparse:            Min: 0, Avg:  0.0, Max: 0, Diff: 0, Sum: 0, Workers: 8
[41.791s][debug][gc,phases         ] GC(781)       Merged Fine:              Min: 0, Avg:  0.0, Max: 0, Diff: 0, Sum: 0, Workers: 8
[41.791s][debug][gc,phases         ] GC(781)       Merged Coarse:            Min: 0, Avg:  0.0, Max: 0, Diff: 0, Sum: 0, Workers: 8
[41.791s][debug][gc,phases         ] GC(781)       Dirty Cards:              Min: 0, Avg:  0.0, Max: 0, Diff: 0, Sum: 0, Workers: 8
[41.791s][debug][gc,phases         ] GC(781)     Hot Card Cache (ms):      Min:  0.0, Avg:  0.0, Max:  0.0, Diff:  0.0, Sum:  0.0, Workers: 8
[41.791s][debug][gc,phases         ] GC(781)       Dirty Cards:              Min: 0, Avg:  0.0, Max: 0, Diff: 0, Sum: 0, Workers: 8
[41.791s][debug][gc,phases         ] GC(781)       Skipped Cards:            Min: 0, Avg:  0.0, Max: 0, Diff: 0, Sum: 0, Workers: 8
[41.791s][debug][gc,phases         ] GC(781)     Log Buffers (ms):         Min:  0.0, Avg:  0.0, Max:  0.0, Diff:  0.0, Sum:  0.0, Workers: 8
[41.791s][debug][gc,phases         ] GC(781)       Dirty Cards:              Min: 0, Avg:  0.2, Max: 1, Diff: 1, Sum: 2, Workers: 8
[41.791s][debug][gc,phases         ] GC(781)       Skipped Cards:            Min: 0, Avg:  0.0, Max: 0, Diff: 0, Sum: 0, Workers: 8
[41.791s][info ][gc,phases         ] GC(781)   Evacuate Collection Set: 0.4ms
[41.791s][debug][gc,phases         ] GC(781)     Ext Root Scanning (ms):   Min:  0.1, Avg:  0.2, Max:  0.3, Diff:  0.3, Sum:  1.8, Workers: 8
[41.791s][debug][gc,phases         ] GC(781)     Scan Heap Roots (ms):     Min:  0.0, Avg:  0.0, Max:  0.0, Diff:  0.0, Sum:  0.0, Workers: 8
[41.791s][debug][gc,phases         ] GC(781)       Scanned Cards:            Min: 0, Avg:  0.2, Max: 2, Diff: 2, Sum: 2, Workers: 8
[41.791s][debug][gc,phases         ] GC(781)       Scanned Blocks:           Min: 0, Avg:  0.2, Max: 2, Diff: 2, Sum: 2, Workers: 8
[41.791s][debug][gc,phases         ] GC(781)       Claimed Chunks:           Min: 0, Avg:  0.2, Max: 2, Diff: 2, Sum: 2, Workers: 8
[41.791s][debug][gc,phases         ] GC(781)     Code Root Scan (ms):      Min:  0.0, Avg:  0.0, Max:  0.1, Diff:  0.1, Sum:  0.2, Workers: 8
[41.791s][debug][gc,phases         ] GC(781)     Object Copy (ms):         Min:  0.0, Avg:  0.0, Max:  0.0, Diff:  0.0, Sum:  0.0, Workers: 8
[41.791s][debug][gc,phases         ] GC(781)     Termination (ms):         Min:  0.0, Avg:  0.1, Max:  0.1, Diff:  0.1, Sum:  0.7, Workers: 8
[41.791s][debug][gc,phases         ] GC(781)       Termination Attempts:     Min: 1, Avg:  1.2, Max: 2, Diff: 1, Sum: 10, Workers: 8
[41.791s][debug][gc,phases         ] GC(781)     GC Worker Other (ms):     Min:  0.0, Avg:  0.0, Max:  0.1, Diff:  0.1, Sum:  0.3, Workers: 8
[41.791s][debug][gc,phases         ] GC(781)     GC Worker Total (ms):     Min:  0.4, Avg:  0.4, Max:  0.4, Diff:  0.0, Sum:  3.1, Workers: 8
[41.791s][info ][gc,phases         ] GC(781)   Post Evacuate Collection Set: 0.6ms
[41.791s][debug][gc,phases         ] GC(781)     Code Roots Fixup: 0.0ms
[41.791s][debug][gc,phases         ] GC(781)     Clear Card Table: 0.2ms
[41.791s][debug][gc,phases         ] GC(781)     Reference Processing: 0.0ms
[41.791s][debug][gc,phases,ref     ] GC(781)       Reconsider SoftReferences: 0.0ms
[41.791s][debug][gc,phases,ref     ] GC(781)         SoftRef (ms):             skipped
[41.791s][debug][gc,phases,ref     ] GC(781)       Notify Soft/WeakReferences: 0.0ms
[41.791s][debug][gc,phases,ref     ] GC(781)         SoftRef (ms):             skipped
[41.791s][debug][gc,phases,ref     ] GC(781)         WeakRef (ms):             skipped
[41.791s][debug][gc,phases,ref     ] GC(781)         FinalRef (ms):            skipped
[41.791s][debug][gc,phases,ref     ] GC(781)         Total (ms):               skipped
[41.791s][debug][gc,phases,ref     ] GC(781)       Notify and keep alive finalizable: 0.0ms
[41.791s][debug][gc,phases,ref     ] GC(781)         FinalRef (ms):            skipped
[41.791s][debug][gc,phases,ref     ] GC(781)       Notify PhantomReferences: 0.0ms
[41.791s][debug][gc,phases,ref     ] GC(781)         PhantomRef (ms):          skipped
[41.791s][debug][gc,phases,ref     ] GC(781)       SoftReference:
[41.791s][debug][gc,phases,ref     ] GC(781)         Discovered: 0
[41.791s][debug][gc,phases,ref     ] GC(781)         Cleared: 0
[41.791s][debug][gc,phases,ref     ] GC(781)       WeakReference:
[41.791s][debug][gc,phases,ref     ] GC(781)         Discovered: 0
[41.791s][debug][gc,phases,ref     ] GC(781)         Cleared: 0
[41.791s][debug][gc,phases,ref     ] GC(781)       FinalReference:
[41.791s][debug][gc,phases,ref     ] GC(781)         Discovered: 0
[41.791s][debug][gc,phases,ref     ] GC(781)         Cleared: 0
[41.791s][debug][gc,phases,ref     ] GC(781)       PhantomReference:
[41.791s][debug][gc,phases,ref     ] GC(781)         Discovered: 0
[41.791s][debug][gc,phases,ref     ] GC(781)         Cleared: 0
[41.791s][debug][gc,phases         ] GC(781)     Weak Processing: 0.1ms
[41.791s][debug][gc,phases         ] GC(781)       JVMTI weak processing: 0.0ms
[41.791s][debug][gc,phases         ] GC(781)         Dead: 0
[41.791s][debug][gc,phases         ] GC(781)         Total: 0
[41.791s][debug][gc,phases         ] GC(781)       JFR weak processing: 0.0ms
[41.791s][debug][gc,phases         ] GC(781)         Dead: 0
[41.791s][debug][gc,phases         ] GC(781)         Total: 0
[41.791s][debug][gc,phases         ] GC(781)       JNI weak                  Min:  0.0, Avg:  0.0, Max:  0.0, Diff:  0.0, Sum:  0.0, Workers: 5
[41.791s][debug][gc,phases         ] GC(781)         Dead                      Min: 0, Avg:  0.0, Max: 0, Diff: 0, Sum: 0, Workers: 5
[41.791s][debug][gc,phases         ] GC(781)         Total                     Min: 0, Avg: 13.4, Max: 67, Diff: 67, Sum: 67, Workers: 5
[41.791s][debug][gc,phases         ] GC(781)       VM weak                   Min:  0.0, Avg:  0.0, Max:  0.0, Diff:  0.0, Sum:  0.0, Workers: 5
[41.791s][debug][gc,phases         ] GC(781)         Dead                      Min: 0, Avg:  0.0, Max: 0, Diff: 0, Sum: 0, Workers: 5
[41.791s][debug][gc,phases         ] GC(781)         Total                     Min: 0, Avg: 45.2, Max: 226, Diff: 226, Sum: 226, Workers: 5
[41.791s][debug][gc,phases         ] GC(781)       StringTable weak          Min:  0.0, Avg:  0.0, Max:  0.0, Diff:  0.0, Sum:  0.0, Workers: 5
[41.791s][debug][gc,phases         ] GC(781)         Dead                      Min: 0, Avg:  0.0, Max: 0, Diff: 0, Sum: 0, Workers: 5
[41.791s][debug][gc,phases         ] GC(781)         Total                     Min: 0, Avg: 682.8, Max: 3008, Diff: 3008, Sum: 3414, Workers: 5
[41.791s][debug][gc,phases         ] GC(781)       ResolvedMethodTable weak  Min:  0.0, Avg:  0.0, Max:  0.0, Diff:  0.0, Sum:  0.0, Workers: 5
[41.791s][debug][gc,phases         ] GC(781)         Dead                      Min: 0, Avg:  0.0, Max: 0, Diff: 0, Sum: 0, Workers: 5
[41.791s][debug][gc,phases         ] GC(781)         Total                     Min: 0, Avg: 120.2, Max: 217, Diff: 217, Sum: 601, Workers: 5
[41.791s][debug][gc,phases         ] GC(781)     Merge Per-Thread State: 0.0ms
[41.791s][debug][gc,phases         ] GC(781)       Copied Bytes              Min: 536, Avg: 450321.0, Max: 800544, Diff: 800008, Sum: 3602568, Workers: 8
[41.791s][debug][gc,phases         ] GC(781)       LAB Waste                 Min: 0, Avg:  0.0, Max: 0, Diff: 0, Sum: 0, Workers: 8
[41.791s][debug][gc,phases         ] GC(781)       LAB Undo Waste            Min: 0, Avg:  0.0, Max: 0, Diff: 0, Sum: 0, Workers: 8
[41.791s][debug][gc,phases         ] GC(781)     Code Roots Purge: 0.0ms
[41.791s][debug][gc,phases         ] GC(781)     Redirty Cards: 0.0ms
[41.791s][debug][gc,phases         ] GC(781)     DerivedPointerTable Update: 0.0ms
[41.791s][debug][gc,phases         ] GC(781)     Free Collection Set: 0.2ms
[41.791s][debug][gc,phases         ] GC(781)     Rebuild Free List: 0.1ms
[41.791s][debug][gc,phases         ] GC(781)     Humongous Reclaim: 0.0ms
[41.791s][debug][gc,phases         ] GC(781)     Start New Collection Set: 0.0ms
[41.791s][debug][gc,phases         ] GC(781)     Resize TLABs: 0.0ms
[41.791s][debug][gc,phases         ] GC(781)     Expand Heap After Collection: 0.0ms
[41.791s][info ][gc,phases         ] GC(781)   Other: 0.3ms
[41.791s][info ][gc,heap           ] GC(781) Eden regions: 865->0(865)
[41.791s][info ][gc,heap           ] GC(781) Survivor regions: 5->5(109)
[41.791s][info ][gc,heap           ] GC(781) Old regions: 17->17
[41.791s][info ][gc,heap           ] GC(781) Archive regions: 2->2
[41.791s][info ][gc,heap           ] GC(781) Humongous regions: 0->0
[41.791s][info ][gc,metaspace      ] GC(781) Metaspace: 10130K(10624K)->10130K(10624K) NonClass: 8932K(9216K)->8932K(9216K) Class: 1198K(1408K)->1198K(1408K)
[41.791s][debug][gc,heap           ] GC(781) Heap after GC invocations=782 (full 1): garbage-first heap   total 1484800K, used 22238K [0x0000000700000000, 0x0000000800000000)
[41.791s][debug][gc,heap           ] GC(781)   region size 1024K, 5 young (5120K), 5 survivors (5120K)
[41.791s][debug][gc,heap           ] GC(781)  Metaspace       used 10130K, capacity 10468K, committed 10624K, reserved 1058816K
[41.791s][debug][gc,heap           ] GC(781)   class space    used 1198K, capacity 1344K, committed 1408K, reserved 1048576K
[41.791s][info ][gc                ] GC(781) Pause Young (Normal) (G1 Evacuation Pause) 886M->21M(1450M) 2.229ms
[41.791s][info ][gc,cpu            ] GC(781) User=0.01s Sys=0.00s Real=0.00s
[41.791s][info ][safepoint         ] Safepoint "G1CollectForAllocation", Time since last: 42866166 ns, Reaching safepoint: 149110 ns, At safepoint: 2422856 ns, Total: 2571966 ns
[41.835s][debug][gc,heap           ] GC(782) Heap before GC invocations=782 (full 1): garbage-first heap   total 1484800K, used 906974K [0x0000000700000000, 0x0000000800000000)
[41.835s][debug][gc,heap           ] GC(782)   region size 1024K, 870 young (890880K), 5 survivors (5120K)
[41.835s][debug][gc,heap           ] GC(782)  Metaspace       used 10130K, capacity 10468K, committed 10624K, reserved 1058816K
[41.835s][debug][gc,heap           ] GC(782)   class space    used 1198K, capacity 1344K, committed 1408K, reserved 1048576K
[41.835s][info ][gc,start          ] GC(782) Pause Young (Normal) (G1 Evacuation Pause)
[41.835s][info ][gc,task           ] GC(782) Using 8 workers of 8 for evacuation
[41.835s][debug][gc,tlab           ] GC(782) TLAB totals: thrds: 8  refills: 12 max: 2 slow allocs: 1723 max 258 waste: 35.1% gc: 993384B max: 237184B slow: 29720B max: 13448B fast: 0B max: 0B
[41.835s][debug][gc,age            ] GC(782) Desired survivor size 57147392 bytes, new threshold 15 (max threshold 15)
[41.835s][debug][gc,alloc,region   ] GC(782) Mutator Allocation stats, regions: 865, wasted size: 202M (23.4%)
[41.835s][debug][gc,ergo           ] GC(782) Running G1 Merge Heap Roots using 8 workers for 870 regions
[41.835s][debug][gc,remset         ] GC(782) Visited cards 256 Total dirty 2048 (12.50%) Total old 3602432 (0.01%)
[41.836s][debug][gc,ergo           ] GC(782) Running G1 Clear Card Table Task using 2 workers for 2 units of work for 871 regions.
[41.836s][debug][gc,ref            ] GC(782) Skipped phase1 of Reference Processing due to unavailable references
[41.836s][debug][gc,ref            ] GC(782) Skipped phase2 of Reference Processing due to unavailable references
[41.836s][debug][gc,ref            ] GC(782) Skipped phase3 of Reference Processing due to unavailable references
[41.836s][debug][gc,ref            ] GC(782) Skipped phase4 of Reference Processing due to unavailable references
[41.836s][debug][gc,ergo           ] GC(782) Running G1 Free Collection Set using 8 workers for collection set length 870 (1450)
[41.836s][debug][gc,ergo           ] GC(782) Running G1 Rebuild Free List Task using 8 workers for rebuilding free list of 0 (4096) regions
[41.837s][trace][gc,age            ] GC(782) Age table with threshold 15 (max threshold 15)
[41.837s][trace][gc,age            ] GC(782) - age   1:    5202616 bytes,    5202616 total
[41.837s][debug][gc,plab           ] GC(782) Young PLAB allocation: allocated: 16512B, wasted: 0B, unused: 14064B, used: 2448B, undo waste: 0B, 
[41.837s][debug][gc,plab           ] GC(782) Young other allocation: region end waste: 1485104B, regions filled: 7, direct allocated: 5200168B, failure used: 0B, failure wasted: 0B
[41.837s][debug][gc,plab           ] GC(782) Young sizing: calculated: 0B, actual: 2064B
[41.837s][debug][gc,plab           ] GC(782) Old PLAB allocation: allocated: 0B, wasted: 0B, unused: 0B, used: 0B, undo waste: 0B, 
[41.837s][debug][gc,plab           ] GC(782) Old other allocation: region end waste: 0B, regions filled: 1, direct allocated: 0B, failure used: 0B, failure wasted: 0B
[41.837s][debug][gc,plab           ] GC(782) Old sizing: calculated: 0B, actual: 2064B
[41.837s][debug][gc,ihop           ] GC(782) Basic information (value update), threshold: 684195840B (45.00), target occupancy: 1520435200B, current occupancy: 24873688B, recent allocation size: 0B, recent allocation duration: 44.40ms, recent old gen allocation rate: 0.00B/s, recent marking phase length: 29.21ms
[41.837s][debug][gc,ihop           ] GC(782) Adaptive IHOP information (value update), threshold: 684195840B (47.37), internal target occupancy: 1444413440B, occupancy: 24873688B, additional buffer size: 912261120B, predicted old gen allocation rate: 0.05B/s, predicted marking phase length: 58.41ms, prediction active: false
[41.837s][debug][gc,ergo,refine    ] GC(782) Concurrent refinement times: Logged Cards Scan time goal: 20.00ms Logged Cards Scan time: 0.00ms HCC time: 0.00ms
[41.837s][debug][gc,ergo,refine    ] GC(782) Updated Refinement Zones: green: 2048, yellow: 6144, red: 10240
[41.837s][info ][gc,phases         ] GC(782)   Pre Evacuate Collection Set: 0.1ms
[41.837s][debug][gc,phases         ] GC(782)     Prepare TLABs: 0.0ms
[41.837s][debug][gc,phases         ] GC(782)     Choose Collection Set: 0.0ms
[41.837s][debug][gc,phases         ] GC(782)     Region Register: 0.1ms
[41.837s][debug][gc,phases         ] GC(782)     Prepare Heap Roots: 0.0ms
[41.837s][info ][gc,phases         ] GC(782)   Merge Heap Roots: 0.2ms
[41.837s][debug][gc,phases         ] GC(782)     Prepare Merge Heap Roots: 0.0ms
[41.837s][debug][gc,phases         ] GC(782)     Eager Reclaim (ms):       skipped
[41.837s][debug][gc,phases         ] GC(782)     Remembered Sets (ms):     Min:  0.0, Avg:  0.0, Max:  0.1, Diff:  0.0, Sum:  0.3, Workers: 8
[41.837s][debug][gc,phases         ] GC(782)       Merged Sparse:            Min: 0, Avg:  0.0, Max: 0, Diff: 0, Sum: 0, Workers: 8
[41.837s][debug][gc,phases         ] GC(782)       Merged Fine:              Min: 0, Avg:  0.0, Max: 0, Diff: 0, Sum: 0, Workers: 8
[41.837s][debug][gc,phases         ] GC(782)       Merged Coarse:            Min: 0, Avg:  0.0, Max: 0, Diff: 0, Sum: 0, Workers: 8
[41.837s][debug][gc,phases         ] GC(782)       Dirty Cards:              Min: 0, Avg:  0.0, Max: 0, Diff: 0, Sum: 0, Workers: 8
[41.837s][debug][gc,phases         ] GC(782)     Hot Card Cache (ms):      Min:  0.0, Avg:  0.0, Max:  0.0, Diff:  0.0, Sum:  0.0, Workers: 8
[41.837s][debug][gc,phases         ] GC(782)       Dirty Cards:              Min: 0, Avg:  0.0, Max: 0, Diff: 0, Sum: 0, Workers: 8
[41.837s][debug][gc,phases         ] GC(782)       Skipped Cards:            Min: 0, Avg:  0.0, Max: 0, Diff: 0, Sum: 0, Workers: 8
[41.837s][debug][gc,phases         ] GC(782)     Log Buffers (ms):         Min:  0.0, Avg:  0.0, Max:  0.0, Diff:  0.0, Sum:  0.0, Workers: 8
[41.837s][debug][gc,phases         ] GC(782)       Dirty Cards:              Min: 0, Avg:  0.1, Max: 1, Diff: 1, Sum: 1, Workers: 8
[41.837s][debug][gc,phases         ] GC(782)       Skipped Cards:            Min: 0, Avg:  0.0, Max: 0, Diff: 0, Sum: 0, Workers: 8
[41.837s][info ][gc,phases         ] GC(782)   Evacuate Collection Set: 0.6ms
[41.837s][debug][gc,phases         ] GC(782)     Ext Root Scanning (ms):   Min:  0.3, Avg:  0.4, Max:  0.5, Diff:  0.2, Sum:  3.2, Workers: 8
[41.837s][debug][gc,phases         ] GC(782)     Scan Heap Roots (ms):     Min:  0.0, Avg:  0.0, Max:  0.0, Diff:  0.0, Sum:  0.0, Workers: 8
[41.837s][debug][gc,phases         ] GC(782)       Scanned Cards:            Min: 0, Avg:  0.1, Max: 1, Diff: 1, Sum: 1, Workers: 8
[41.837s][debug][gc,phases         ] GC(782)       Scanned Blocks:           Min: 0, Avg:  0.1, Max: 1, Diff: 1, Sum: 1, Workers: 8
[41.837s][debug][gc,phases         ] GC(782)       Claimed Chunks:           Min: 0, Avg:  0.1, Max: 1, Diff: 1, Sum: 1, Workers: 8
[41.837s][debug][gc,phases         ] GC(782)     Code Root Scan (ms):      Min:  0.0, Avg:  0.0, Max:  0.1, Diff:  0.1, Sum:  0.2, Workers: 8
[41.837s][debug][gc,phases         ] GC(782)     Object Copy (ms):         Min:  0.0, Avg:  0.0, Max:  0.0, Diff:  0.0, Sum:  0.0, Workers: 8
[41.837s][debug][gc,phases         ] GC(782)     Termination (ms):         Min:  0.0, Avg:  0.0, Max:  0.1, Diff:  0.1, Sum:  0.4, Workers: 8
[41.837s][debug][gc,phases         ] GC(782)       Termination Attempts:     Min: 1, Avg:  1.0, Max: 1, Diff: 0, Sum: 8, Workers: 8
[41.837s][debug][gc,phases         ] GC(782)     GC Worker Other (ms):     Min:  0.0, Avg:  0.1, Max:  0.1, Diff:  0.1, Sum:  0.4, Workers: 8
[41.837s][debug][gc,phases         ] GC(782)     GC Worker Total (ms):     Min:  0.5, Avg:  0.5, Max:  0.6, Diff:  0.1, Sum:  4.2, Workers: 8
[41.837s][info ][gc,phases         ] GC(782)   Post Evacuate Collection Set: 0.6ms
[41.837s][debug][gc,phases         ] GC(782)     Code Roots Fixup: 0.0ms
[41.837s][debug][gc,phases         ] GC(782)     Clear Card Table: 0.2ms
[41.837s][debug][gc,phases         ] GC(782)     Reference Processing: 0.0ms
[41.837s][debug][gc,phases,ref     ] GC(782)       Reconsider SoftReferences: 0.0ms
[41.837s][debug][gc,phases,ref     ] GC(782)         SoftRef (ms):             skipped
[41.837s][debug][gc,phases,ref     ] GC(782)       Notify Soft/WeakReferences: 0.0ms
[41.837s][debug][gc,phases,ref     ] GC(782)         SoftRef (ms):             skipped
[41.837s][debug][gc,phases,ref     ] GC(782)         WeakRef (ms):             skipped
[41.837s][debug][gc,phases,ref     ] GC(782)         FinalRef (ms):            skipped
[41.837s][debug][gc,phases,ref     ] GC(782)         Total (ms):               skipped
[41.837s][debug][gc,phases,ref     ] GC(782)       Notify and keep alive finalizable: 0.0ms
[41.837s][debug][gc,phases,ref     ] GC(782)         FinalRef (ms):            skipped
[41.837s][debug][gc,phases,ref     ] GC(782)       Notify PhantomReferences: 0.0ms
[41.837s][debug][gc,phases,ref     ] GC(782)         PhantomRef (ms):          skipped
[41.837s][debug][gc,phases,ref     ] GC(782)       SoftReference:
[41.837s][debug][gc,phases,ref     ] GC(782)         Discovered: 0
[41.837s][debug][gc,phases,ref     ] GC(782)         Cleared: 0
[41.837s][debug][gc,phases,ref     ] GC(782)       WeakReference:
[41.837s][debug][gc,phases,ref     ] GC(782)         Discovered: 0
[41.837s][debug][gc,phases,ref     ] GC(782)         Cleared: 0
[41.837s][debug][gc,phases,ref     ] GC(782)       FinalReference:
[41.837s][debug][gc,phases,ref     ] GC(782)         Discovered: 0
[41.837s][debug][gc,phases,ref     ] GC(782)         Cleared: 0
[41.837s][debug][gc,phases,ref     ] GC(782)       PhantomReference:
[41.837s][debug][gc,phases,ref     ] GC(782)         Discovered: 0
[41.837s][debug][gc,phases,ref     ] GC(782)         Cleared: 0
[41.837s][debug][gc,phases         ] GC(782)     Weak Processing: 0.1ms
[41.837s][debug][gc,phases         ] GC(782)       JVMTI weak processing: 0.0ms
[41.837s][debug][gc,phases         ] GC(782)         Dead: 0
[41.837s][debug][gc,phases         ] GC(782)         Total: 0
[41.837s][debug][gc,phases         ] GC(782)       JFR weak processing: 0.0ms
[41.837s][debug][gc,phases         ] GC(782)         Dead: 0
[41.837s][debug][gc,phases         ] GC(782)         Total: 0
[41.837s][debug][gc,phases         ] GC(782)       JNI weak                  Min:  0.0, Avg:  0.0, Max:  0.0, Diff:  0.0, Sum:  0.0, Workers: 5
[41.837s][debug][gc,phases         ] GC(782)         Dead                      Min: 0, Avg:  0.0, Max: 0, Diff: 0, Sum: 0, Workers: 5
[41.837s][debug][gc,phases         ] GC(782)         Total                     Min: 0, Avg: 13.4, Max: 67, Diff: 67, Sum: 67, Workers: 5
[41.837s][debug][gc,phases         ] GC(782)       VM weak                   Min:  0.0, Avg:  0.0, Max:  0.0, Diff:  0.0, Sum:  0.0, Workers: 5
[41.837s][debug][gc,phases         ] GC(782)         Dead                      Min: 0, Avg:  0.0, Max: 0, Diff: 0, Sum: 0, Workers: 5
[41.837s][debug][gc,phases         ] GC(782)         Total                     Min: 0, Avg: 45.2, Max: 128, Diff: 128, Sum: 226, Workers: 5
[41.837s][debug][gc,phases         ] GC(782)       StringTable weak          Min:  0.0, Avg:  0.0, Max:  0.0, Diff:  0.0, Sum:  0.1, Workers: 5
[41.837s][debug][gc,phases         ] GC(782)         Dead                      Min: 0, Avg:  0.0, Max: 0, Diff: 0, Sum: 0, Workers: 5
[41.837s][debug][gc,phases         ] GC(782)         Total                     Min: 0, Avg: 682.8, Max: 1727, Diff: 1727, Sum: 3414, Workers: 5
[41.837s][debug][gc,phases         ] GC(782)       ResolvedMethodTable weak  Min:  0.0, Avg:  0.0, Max:  0.0, Diff:  0.0, Sum:  0.0, Workers: 5
[41.837s][debug][gc,phases         ] GC(782)         Dead                      Min: 0, Avg:  0.0, Max: 0, Diff: 0, Sum: 0, Workers: 5
[41.837s][debug][gc,phases         ] GC(782)         Total                     Min: 0, Avg: 120.2, Max: 320, Diff: 320, Sum: 601, Workers: 5
[41.837s][debug][gc,phases         ] GC(782)     Merge Per-Thread State: 0.0ms
[41.837s][debug][gc,phases         ] GC(782)       Copied Bytes              Min: 400168, Avg: 650327.0, Max: 800608, Diff: 400440, Sum: 5202616, Workers: 8
[41.837s][debug][gc,phases         ] GC(782)       LAB Waste                 Min: 0, Avg:  0.0, Max: 0, Diff: 0, Sum: 0, Workers: 8
[41.837s][debug][gc,phases         ] GC(782)       LAB Undo Waste            Min: 0, Avg:  0.0, Max: 0, Diff: 0, Sum: 0, Workers: 8
[41.837s][debug][gc,phases         ] GC(782)     Code Roots Purge: 0.0ms
[41.837s][debug][gc,phases         ] GC(782)     Redirty Cards: 0.0ms
[41.837s][debug][gc,phases         ] GC(782)     DerivedPointerTable Update: 0.0ms
[41.837s][debug][gc,phases         ] GC(782)     Free Collection Set: 0.2ms
[41.837s][debug][gc,phases         ] GC(782)     Rebuild Free List: 0.1ms
[41.837s][debug][gc,phases         ] GC(782)     Humongous Reclaim: 0.0ms
[41.837s][debug][gc,phases         ] GC(782)     Start New Collection Set: 0.0ms
[41.837s][debug][gc,phases         ] GC(782)     Resize TLABs: 0.0ms
[41.837s][debug][gc,phases         ] GC(782)     Expand Heap After Collection: 0.0ms
[41.837s][info ][gc,phases         ] GC(782)   Other: 0.4ms
[41.837s][info ][gc,heap           ] GC(782) Eden regions: 865->0(863)
[41.837s][info ][gc,heap           ] GC(782) Survivor regions: 5->7(109)
[41.837s][info ][gc,heap           ] GC(782) Old regions: 17->17
[41.837s][info ][gc,heap           ] GC(782) Archive regions: 2->2
[41.837s][info ][gc,heap           ] GC(782) Humongous regions: 0->0
[41.837s][info ][gc,metaspace      ] GC(782) Metaspace: 10130K(10624K)->10130K(10624K) NonClass: 8932K(9216K)->8932K(9216K) Class: 1198K(1408K)->1198K(1408K)
[41.837s][debug][gc,heap           ] GC(782) Heap after GC invocations=783 (full 1): garbage-first heap   total 1484800K, used 24290K [0x0000000700000000, 0x0000000800000000)
[41.837s][debug][gc,heap           ] GC(782)   region size 1024K, 7 young (7168K), 7 survivors (7168K)
[41.837s][debug][gc,heap           ] GC(782)  Metaspace       used 10130K, capacity 10468K, committed 10624K, reserved 1058816K
[41.837s][debug][gc,heap           ] GC(782)   class space    used 1198K, capacity 1344K, committed 1408K, reserved 1048576K
[41.837s][info ][gc                ] GC(782) Pause Young (Normal) (G1 Evacuation Pause) 886M->23M(1450M) 2.419ms
[41.837s][info ][gc,cpu            ] GC(782) User=0.00s Sys=0.00s Real=0.00s
[41.838s][info ][safepoint         ] Safepoint "G1CollectForAllocation", Time since last: 43304947 ns, Reaching safepoint: 137709 ns, At safepoint: 2657000 ns, Total: 2794709 ns
[41.883s][debug][gc,heap           ] GC(783) Heap before GC invocations=783 (full 1): garbage-first heap   total 1484800K, used 906978K [0x0000000700000000, 0x0000000800000000)
[41.883s][debug][gc,heap           ] GC(783)   region size 1024K, 870 young (890880K), 7 survivors (7168K)
[41.883s][debug][gc,heap           ] GC(783)  Metaspace       used 10130K, capacity 10468K, committed 10624K, reserved 1058816K
[41.883s][debug][gc,heap           ] GC(783)   class space    used 1198K, capacity 1344K, committed 1408K, reserved 1048576K
[41.883s][info ][gc,start          ] GC(783) Pause Young (Normal) (G1 Evacuation Pause)
[41.883s][info ][gc,task           ] GC(783) Using 8 workers of 8 for evacuation
[41.883s][debug][gc,tlab           ] GC(783) TLAB totals: thrds: 8  refills: 17 max: 4 slow allocs: 1719 max 246 waste: 37.9% gc: 1339216B max: 246032B slow: 60632B max: 16280B fast: 0B max: 0B
[41.883s][debug][gc,age            ] GC(783) Desired survivor size 57147392 bytes, new threshold 15 (max threshold 15)
[41.883s][debug][gc,alloc,region   ] GC(783) Mutator Allocation stats, regions: 863, wasted size: 201M (23.4%)
[41.883s][debug][gc,ergo           ] GC(783) Running G1 Merge Heap Roots using 8 workers for 870 regions
[41.883s][debug][gc,remset         ] GC(783) Visited cards 512 Total dirty 4096 (12.50%) Total old 3602432 (0.01%)
[41.884s][debug][gc,ergo           ] GC(783) Running G1 Clear Card Table Task using 2 workers for 2 units of work for 872 regions.
[41.884s][debug][gc,ref            ] GC(783) Skipped phase1 of Reference Processing due to unavailable references
[41.884s][debug][gc,ref            ] GC(783) Skipped phase2 of Reference Processing due to unavailable references
[41.884s][debug][gc,ref            ] GC(783) Skipped phase3 of Reference Processing due to unavailable references
[41.884s][debug][gc,ref            ] GC(783) Skipped phase4 of Reference Processing due to unavailable references
[41.884s][debug][gc,ergo           ] GC(783) Running G1 Free Collection Set using 8 workers for collection set length 870 (1450)
[41.884s][debug][gc,ergo           ] GC(783) Running G1 Rebuild Free List Task using 8 workers for rebuilding free list of 0 (4096) regions
[41.884s][trace][gc,age            ] GC(783) Age table with threshold 15 (max threshold 15)
[41.884s][trace][gc,age            ] GC(783) - age   1:    2002520 bytes,    2002520 total
[41.884s][debug][gc,plab           ] GC(783) Young PLAB allocation: allocated: 16512B, wasted: 0B, unused: 14064B, used: 2448B, undo waste: 0B, 
[41.884s][debug][gc,plab           ] GC(783) Young other allocation: region end waste: 482640B, regions filled: 3, direct allocated: 2000072B, failure used: 0B, failure wasted: 0B
[41.884s][debug][gc,plab           ] GC(783) Young sizing: calculated: 0B, actual: 2064B
[41.884s][debug][gc,plab           ] GC(783) Old PLAB allocation: allocated: 0B, wasted: 0B, unused: 0B, used: 0B, undo waste: 0B, 
[41.884s][debug][gc,plab           ] GC(783) Old other allocation: region end waste: 0B, regions filled: 1, direct allocated: 0B, failure used: 0B, failure wasted: 0B
[41.884s][debug][gc,plab           ] GC(783) Old sizing: calculated: 0B, actual: 2064B
[41.884s][debug][gc,ihop           ] GC(783) Basic information (value update), threshold: 684195840B (45.00), target occupancy: 1520435200B, current occupancy: 20671128B, recent allocation size: 0B, recent allocation duration: 46.45ms, recent old gen allocation rate: 0.00B/s, recent marking phase length: 29.21ms
[41.884s][debug][gc,ihop           ] GC(783) Adaptive IHOP information (value update), threshold: 684195840B (47.37), internal target occupancy: 1444413440B, occupancy: 20671128B, additional buffer size: 912261120B, predicted old gen allocation rate: 0.05B/s, predicted marking phase length: 58.41ms, prediction active: false
[41.885s][debug][gc,ergo,refine    ] GC(783) Concurrent refinement times: Logged Cards Scan time goal: 20.00ms Logged Cards Scan time: 0.00ms HCC time: 0.00ms
[41.885s][debug][gc,ergo,refine    ] GC(783) Updated Refinement Zones: green: 2048, yellow: 6144, red: 10240
[41.885s][info ][gc,phases         ] GC(783)   Pre Evacuate Collection Set: 0.1ms
[41.885s][debug][gc,phases         ] GC(783)     Prepare TLABs: 0.0ms
[41.885s][debug][gc,phases         ] GC(783)     Choose Collection Set: 0.0ms
[41.885s][debug][gc,phases         ] GC(783)     Region Register: 0.1ms
[41.885s][debug][gc,phases         ] GC(783)     Prepare Heap Roots: 0.0ms
[41.885s][info ][gc,phases         ] GC(783)   Merge Heap Roots: 0.1ms
[41.885s][debug][gc,phases         ] GC(783)     Prepare Merge Heap Roots: 0.0ms
[41.885s][debug][gc,phases         ] GC(783)     Eager Reclaim (ms):       skipped
[41.885s][debug][gc,phases         ] GC(783)     Remembered Sets (ms):     Min:  0.0, Avg:  0.0, Max:  0.0, Diff:  0.0, Sum:  0.3, Workers: 8
[41.885s][debug][gc,phases         ] GC(783)       Merged Sparse:            Min: 0, Avg:  0.0, Max: 0, Diff: 0, Sum: 0, Workers: 8
[41.885s][debug][gc,phases         ] GC(783)       Merged Fine:              Min: 0, Avg:  0.0, Max: 0, Diff: 0, Sum: 0, Workers: 8
[41.885s][debug][gc,phases         ] GC(783)       Merged Coarse:            Min: 0, Avg:  0.0, Max: 0, Diff: 0, Sum: 0, Workers: 8
[41.885s][debug][gc,phases         ] GC(783)       Dirty Cards:              Min: 0, Avg:  0.0, Max: 0, Diff: 0, Sum: 0, Workers: 8
[41.885s][debug][gc,phases         ] GC(783)     Hot Card Cache (ms):      Min:  0.0, Avg:  0.0, Max:  0.0, Diff:  0.0, Sum:  0.0, Workers: 8
[41.885s][debug][gc,phases         ] GC(783)       Dirty Cards:              Min: 0, Avg:  0.0, Max: 0, Diff: 0, Sum: 0, Workers: 8
[41.885s][debug][gc,phases         ] GC(783)       Skipped Cards:            Min: 0, Avg:  0.0, Max: 0, Diff: 0, Sum: 0, Workers: 8
[41.885s][debug][gc,phases         ] GC(783)     Log Buffers (ms):         Min:  0.0, Avg:  0.0, Max:  0.0, Diff:  0.0, Sum:  0.0, Workers: 8
[41.885s][debug][gc,phases         ] GC(783)       Dirty Cards:              Min: 0, Avg:  0.2, Max: 2, Diff: 2, Sum: 2, Workers: 8
[41.885s][debug][gc,phases         ] GC(783)       Skipped Cards:            Min: 0, Avg:  0.0, Max: 0, Diff: 0, Sum: 0, Workers: 8
[41.885s][info ][gc,phases         ] GC(783)   Evacuate Collection Set: 0.3ms
[41.885s][debug][gc,phases         ] GC(783)     Ext Root Scanning (ms):   Min:  0.0, Avg:  0.1, Max:  0.2, Diff:  0.2, Sum:  0.8, Workers: 8
[41.885s][debug][gc,phases         ] GC(783)     Scan Heap Roots (ms):     Min:  0.0, Avg:  0.0, Max:  0.0, Diff:  0.0, Sum:  0.0, Workers: 8
[41.885s][debug][gc,phases         ] GC(783)       Scanned Cards:            Min: 0, Avg:  0.2, Max: 1, Diff: 1, Sum: 2, Workers: 8
[41.885s][debug][gc,phases         ] GC(783)       Scanned Blocks:           Min: 0, Avg:  0.2, Max: 1, Diff: 1, Sum: 2, Workers: 8
[41.885s][debug][gc,phases         ] GC(783)       Claimed Chunks:           Min: 0, Avg:  0.2, Max: 1, Diff: 1, Sum: 2, Workers: 8
[41.885s][debug][gc,phases         ] GC(783)     Code Root Scan (ms):      Min:  0.0, Avg:  0.0, Max:  0.1, Diff:  0.1, Sum:  0.2, Workers: 8
[41.885s][debug][gc,phases         ] GC(783)     Object Copy (ms):         Min:  0.0, Avg:  0.0, Max:  0.0, Diff:  0.0, Sum:  0.0, Workers: 8
[41.885s][debug][gc,phases         ] GC(783)     Termination (ms):         Min:  0.0, Avg:  0.1, Max:  0.1, Diff:  0.1, Sum:  0.8, Workers: 8
[41.885s][debug][gc,phases         ] GC(783)       Termination Attempts:     Min: 1, Avg:  1.1, Max: 2, Diff: 1, Sum: 9, Workers: 8
[41.885s][debug][gc,phases         ] GC(783)     GC Worker Other (ms):     Min:  0.0, Avg:  0.0, Max:  0.1, Diff:  0.1, Sum:  0.4, Workers: 8
[41.885s][debug][gc,phases         ] GC(783)     GC Worker Total (ms):     Min:  0.3, Avg:  0.3, Max:  0.3, Diff:  0.0, Sum:  2.2, Workers: 8
[41.885s][info ][gc,phases         ] GC(783)   Post Evacuate Collection Set: 0.6ms
[41.885s][debug][gc,phases         ] GC(783)     Code Roots Fixup: 0.0ms
[41.885s][debug][gc,phases         ] GC(783)     Clear Card Table: 0.2ms
[41.885s][debug][gc,phases         ] GC(783)     Reference Processing: 0.0ms
[41.885s][debug][gc,phases,ref     ] GC(783)       Reconsider SoftReferences: 0.0ms
[41.885s][debug][gc,phases,ref     ] GC(783)         SoftRef (ms):             skipped
[41.885s][debug][gc,phases,ref     ] GC(783)       Notify Soft/WeakReferences: 0.0ms
[41.885s][debug][gc,phases,ref     ] GC(783)         SoftRef (ms):             skipped
[41.885s][debug][gc,phases,ref     ] GC(783)         WeakRef (ms):             skipped
[41.885s][debug][gc,phases,ref     ] GC(783)         FinalRef (ms):            skipped
[41.885s][debug][gc,phases,ref     ] GC(783)         Total (ms):               skipped
[41.885s][debug][gc,phases,ref     ] GC(783)       Notify and keep alive finalizable: 0.0ms
[41.885s][debug][gc,phases,ref     ] GC(783)         FinalRef (ms):            skipped
[41.885s][debug][gc,phases,ref     ] GC(783)       Notify PhantomReferences: 0.0ms
[41.885s][debug][gc,phases,ref     ] GC(783)         PhantomRef (ms):          skipped
[41.885s][debug][gc,phases,ref     ] GC(783)       SoftReference:
[41.885s][debug][gc,phases,ref     ] GC(783)         Discovered: 0
[41.885s][debug][gc,phases,ref     ] GC(783)         Cleared: 0
[41.885s][debug][gc,phases,ref     ] GC(783)       WeakReference:
[41.885s][debug][gc,phases,ref     ] GC(783)         Discovered: 0
[41.885s][debug][gc,phases,ref     ] GC(783)         Cleared: 0
[41.885s][debug][gc,phases,ref     ] GC(783)       FinalReference:
[41.885s][debug][gc,phases,ref     ] GC(783)         Discovered: 0
[41.885s][debug][gc,phases,ref     ] GC(783)         Cleared: 0
[41.885s][debug][gc,phases,ref     ] GC(783)       PhantomReference:
[41.885s][debug][gc,phases,ref     ] GC(783)         Discovered: 0
[41.885s][debug][gc,phases,ref     ] GC(783)         Cleared: 0
[41.885s][debug][gc,phases         ] GC(783)     Weak Processing: 0.1ms
[41.885s][debug][gc,phases         ] GC(783)       JVMTI weak processing: 0.0ms
[41.885s][debug][gc,phases         ] GC(783)         Dead: 0
[41.885s][debug][gc,phases         ] GC(783)         Total: 0
[41.885s][debug][gc,phases         ] GC(783)       JFR weak processing: 0.0ms
[41.885s][debug][gc,phases         ] GC(783)         Dead: 0
[41.885s][debug][gc,phases         ] GC(783)         Total: 0
[41.885s][debug][gc,phases         ] GC(783)       JNI weak                  Min:  0.0, Avg:  0.0, Max:  0.0, Diff:  0.0, Sum:  0.0, Workers: 5
[41.885s][debug][gc,phases         ] GC(783)         Dead                      Min: 0, Avg:  0.0, Max: 0, Diff: 0, Sum: 0, Workers: 5
[41.885s][debug][gc,phases         ] GC(783)         Total                     Min: 0, Avg: 13.4, Max: 64, Diff: 64, Sum: 67, Workers: 5
[41.885s][debug][gc,phases         ] GC(783)       VM weak                   Min:  0.0, Avg:  0.0, Max:  0.0, Diff:  0.0, Sum:  0.0, Workers: 5
[41.885s][debug][gc,phases         ] GC(783)         Dead                      Min: 0, Avg:  0.0, Max: 0, Diff: 0, Sum: 0, Workers: 5
[41.885s][debug][gc,phases         ] GC(783)         Total                     Min: 0, Avg: 45.2, Max: 128, Diff: 128, Sum: 226, Workers: 5
[41.885s][debug][gc,phases         ] GC(783)       StringTable weak          Min:  0.0, Avg:  0.0, Max:  0.0, Diff:  0.0, Sum:  0.1, Workers: 5
[41.885s][debug][gc,phases         ] GC(783)         Dead                      Min: 0, Avg:  0.0, Max: 0, Diff: 0, Sum: 0, Workers: 5
[41.885s][debug][gc,phases         ] GC(783)         Total                     Min: 0, Avg: 682.8, Max: 1559, Diff: 1559, Sum: 3414, Workers: 5
[41.885s][debug][gc,phases         ] GC(783)       ResolvedMethodTable weak  Min:  0.0, Avg:  0.0, Max:  0.0, Diff:  0.0, Sum:  0.0, Workers: 5
[41.885s][debug][gc,phases         ] GC(783)         Dead                      Min: 0, Avg:  0.0, Max: 0, Diff: 0, Sum: 0, Workers: 5
[41.885s][debug][gc,phases         ] GC(783)         Total                     Min: 0, Avg: 120.2, Max: 192, Diff: 192, Sum: 601, Workers: 5
[41.885s][debug][gc,phases         ] GC(783)     Merge Per-Thread State: 0.0ms
[41.885s][debug][gc,phases         ] GC(783)       Copied Bytes              Min: 72, Avg: 250315.0, Max: 800096, Diff: 800024, Sum: 2002520, Workers: 8
[41.885s][debug][gc,phases         ] GC(783)       LAB Waste                 Min: 0, Avg:  0.0, Max: 0, Diff: 0, Sum: 0, Workers: 8
[41.885s][debug][gc,phases         ] GC(783)       LAB Undo Waste            Min: 0, Avg:  0.0, Max: 0, Diff: 0, Sum: 0, Workers: 8
[41.885s][debug][gc,phases         ] GC(783)     Code Roots Purge: 0.0ms
[41.885s][debug][gc,phases         ] GC(783)     Redirty Cards: 0.0ms
[41.885s][debug][gc,phases         ] GC(783)     DerivedPointerTable Update: 0.0ms
[41.885s][debug][gc,phases         ] GC(783)     Free Collection Set: 0.2ms
[41.885s][debug][gc,phases         ] GC(783)     Rebuild Free List: 0.1ms
[41.885s][debug][gc,phases         ] GC(783)     Humongous Reclaim: 0.0ms
[41.885s][debug][gc,phases         ] GC(783)     Start New Collection Set: 0.0ms
[41.885s][debug][gc,phases         ] GC(783)     Resize TLABs: 0.0ms
[41.885s][debug][gc,phases         ] GC(783)     Expand Heap After Collection: 0.0ms
[41.885s][info ][gc,phases         ] GC(783)   Other: 0.4ms
[41.885s][info ][gc,heap           ] GC(783) Eden regions: 863->0(867)
[41.885s][info ][gc,heap           ] GC(783) Survivor regions: 7->3(109)
[41.885s][info ][gc,heap           ] GC(783) Old regions: 17->17
[41.885s][info ][gc,heap           ] GC(783) Archive regions: 2->2
[41.885s][info ][gc,heap           ] GC(783) Humongous regions: 0->0
[41.885s][info ][gc,metaspace      ] GC(783) Metaspace: 10130K(10624K)->10130K(10624K) NonClass: 8932K(9216K)->8932K(9216K) Class: 1198K(1408K)->1198K(1408K)
[41.885s][debug][gc,heap           ] GC(783) Heap after GC invocations=784 (full 1): garbage-first heap   total 1484800K, used 20186K [0x0000000700000000, 0x0000000800000000)
[41.885s][debug][gc,heap           ] GC(783)   region size 1024K, 3 young (3072K), 3 survivors (3072K)
[41.885s][debug][gc,heap           ] GC(783)  Metaspace       used 10130K, capacity 10468K, committed 10624K, reserved 1058816K
[41.885s][debug][gc,heap           ] GC(783)   class space    used 1198K, capacity 1344K, committed 1408K, reserved 1048576K
[41.885s][info ][gc                ] GC(783) Pause Young (Normal) (G1 Evacuation Pause) 886M->19M(1450M) 2.201ms
[41.885s][info ][gc,cpu            ] GC(783) User=0.00s Sys=0.00s Real=0.00s
[41.885s][info ][safepoint         ] Safepoint "G1CollectForAllocation", Time since last: 45232778 ns, Reaching safepoint: 182115 ns, At safepoint: 2399171 ns, Total: 2581286 ns
[41.930s][debug][gc,heap           ] GC(784) Heap before GC invocations=784 (full 1): garbage-first heap   total 1484800K, used 906970K [0x0000000700000000, 0x0000000800000000)
[41.930s][debug][gc,heap           ] GC(784)   region size 1024K, 870 young (890880K), 3 survivors (3072K)
[41.930s][debug][gc,heap           ] GC(784)  Metaspace       used 10130K, capacity 10468K, committed 10624K, reserved 1058816K
[41.930s][debug][gc,heap           ] GC(784)   class space    used 1198K, capacity 1344K, committed 1408K, reserved 1048576K
[41.930s][info ][gc,start          ] GC(784) Pause Young (Normal) (G1 Evacuation Pause)
[41.930s][info ][gc,task           ] GC(784) Using 8 workers of 8 for evacuation
[41.930s][debug][gc,tlab           ] GC(784) TLAB totals: thrds: 8  refills: 12 max: 3 slow allocs: 1729 max 230 waste: 27.4% gc: 975600B max: 225392B slow: 43704B max: 15488B fast: 0B max: 0B
[41.930s][debug][gc,age            ] GC(784) Desired survivor size 57147392 bytes, new threshold 15 (max threshold 15)
[41.930s][debug][gc,alloc,region   ] GC(784) Mutator Allocation stats, regions: 867, wasted size: 203M (23.4%)
[41.930s][debug][gc,ergo           ] GC(784) Running G1 Merge Heap Roots using 8 workers for 870 regions
[41.930s][debug][gc,remset         ] GC(784) Visited cards 256 Total dirty 2048 (12.50%) Total old 3602432 (0.01%)
[41.931s][debug][gc,ergo           ] GC(784) Running G1 Clear Card Table Task using 2 workers for 2 units of work for 871 regions.
[41.931s][debug][gc,ref            ] GC(784) Skipped phase1 of Reference Processing due to unavailable references
[41.931s][debug][gc,ref            ] GC(784) Skipped phase2 of Reference Processing due to unavailable references
[41.931s][debug][gc,ref            ] GC(784) Skipped phase3 of Reference Processing due to unavailable references
[41.931s][debug][gc,ref            ] GC(784) Skipped phase4 of Reference Processing due to unavailable references
[41.931s][debug][gc,ergo           ] GC(784) Running G1 Free Collection Set using 8 workers for collection set length 870 (1450)
[41.931s][debug][gc,ergo           ] GC(784) Running G1 Rebuild Free List Task using 8 workers for rebuilding free list of 0 (4096) regions
[41.932s][trace][gc,age            ] GC(784) Age table with threshold 15 (max threshold 15)
[41.932s][trace][gc,age            ] GC(784) - age   1:    2802560 bytes,    2802560 total
[41.932s][debug][gc,plab           ] GC(784) Young PLAB allocation: allocated: 12384B, wasted: 0B, unused: 9936B, used: 2448B, undo waste: 0B, 
[41.932s][debug][gc,plab           ] GC(784) Young other allocation: region end waste: 733248B, regions filled: 4, direct allocated: 2800112B, failure used: 0B, failure wasted: 0B
[41.932s][debug][gc,plab           ] GC(784) Young sizing: calculated: 0B, actual: 2064B
[41.932s][debug][gc,plab           ] GC(784) Old PLAB allocation: allocated: 0B, wasted: 0B, unused: 0B, used: 0B, undo waste: 0B, 
[41.932s][debug][gc,plab           ] GC(784) Old other allocation: region end waste: 0B, regions filled: 1, direct allocated: 0B, failure used: 0B, failure wasted: 0B
[41.932s][debug][gc,plab           ] GC(784) Old sizing: calculated: 0B, actual: 2064B
[41.932s][debug][gc,ihop           ] GC(784) Basic information (value update), threshold: 684195840B (45.00), target occupancy: 1520435200B, current occupancy: 21717648B, recent allocation size: 0B, recent allocation duration: 45.61ms, recent old gen allocation rate: 0.00B/s, recent marking phase length: 29.21ms
[41.932s][debug][gc,ihop           ] GC(784) Adaptive IHOP information (value update), threshold: 684195840B (47.37), internal target occupancy: 1444413440B, occupancy: 21717648B, additional buffer size: 912261120B, predicted old gen allocation rate: 0.05B/s, predicted marking phase length: 58.41ms, prediction active: false
[41.932s][debug][gc,ergo,refine    ] GC(784) Concurrent refinement times: Logged Cards Scan time goal: 20.00ms Logged Cards Scan time: 0.00ms HCC time: 0.00ms
[41.932s][debug][gc,ergo,refine    ] GC(784) Updated Refinement Zones: green: 2048, yellow: 6144, red: 10240
[41.932s][info ][gc,phases         ] GC(784)   Pre Evacuate Collection Set: 0.1ms
[41.932s][debug][gc,phases         ] GC(784)     Prepare TLABs: 0.0ms
[41.932s][debug][gc,phases         ] GC(784)     Choose Collection Set: 0.0ms
[41.932s][debug][gc,phases         ] GC(784)     Region Register: 0.1ms
[41.932s][debug][gc,phases         ] GC(784)     Prepare Heap Roots: 0.0ms
[41.932s][info ][gc,phases         ] GC(784)   Merge Heap Roots: 0.2ms
[41.932s][debug][gc,phases         ] GC(784)     Prepare Merge Heap Roots: 0.0ms
[41.932s][debug][gc,phases         ] GC(784)     Eager Reclaim (ms):       skipped
[41.932s][debug][gc,phases         ] GC(784)     Remembered Sets (ms):     Min:  0.0, Avg:  0.0, Max:  0.1, Diff:  0.0, Sum:  0.3, Workers: 8
[41.932s][debug][gc,phases         ] GC(784)       Merged Sparse:            Min: 0, Avg:  0.0, Max: 0, Diff: 0, Sum: 0, Workers: 8
[41.932s][debug][gc,phases         ] GC(784)       Merged Fine:              Min: 0, Avg:  0.0, Max: 0, Diff: 0, Sum: 0, Workers: 8
[41.932s][debug][gc,phases         ] GC(784)       Merged Coarse:            Min: 0, Avg:  0.0, Max: 0, Diff: 0, Sum: 0, Workers: 8
[41.932s][debug][gc,phases         ] GC(784)       Dirty Cards:              Min: 0, Avg:  0.0, Max: 0, Diff: 0, Sum: 0, Workers: 8
[41.932s][debug][gc,phases         ] GC(784)     Hot Card Cache (ms):      Min:  0.0, Avg:  0.0, Max:  0.0, Diff:  0.0, Sum:  0.0, Workers: 8
[41.932s][debug][gc,phases         ] GC(784)       Dirty Cards:              Min: 0, Avg:  0.0, Max: 0, Diff: 0, Sum: 0, Workers: 8
[41.932s][debug][gc,phases         ] GC(784)       Skipped Cards:            Min: 0, Avg:  0.0, Max: 0, Diff: 0, Sum: 0, Workers: 8
[41.932s][debug][gc,phases         ] GC(784)     Log Buffers (ms):         Min:  0.0, Avg:  0.0, Max:  0.0, Diff:  0.0, Sum:  0.0, Workers: 8
[41.932s][debug][gc,phases         ] GC(784)       Dirty Cards:              Min: 0, Avg:  0.1, Max: 1, Diff: 1, Sum: 1, Workers: 8
[41.932s][debug][gc,phases         ] GC(784)       Skipped Cards:            Min: 0, Avg:  0.0, Max: 0, Diff: 0, Sum: 0, Workers: 8
[41.932s][info ][gc,phases         ] GC(784)   Evacuate Collection Set: 0.4ms
[41.932s][debug][gc,phases         ] GC(784)     Ext Root Scanning (ms):   Min:  0.0, Avg:  0.2, Max:  0.3, Diff:  0.3, Sum:  1.4, Workers: 8
[41.932s][debug][gc,phases         ] GC(784)     Scan Heap Roots (ms):     Min:  0.0, Avg:  0.0, Max:  0.0, Diff:  0.0, Sum:  0.0, Workers: 8
[41.932s][debug][gc,phases         ] GC(784)       Scanned Cards:            Min: 0, Avg:  0.1, Max: 1, Diff: 1, Sum: 1, Workers: 8
[41.932s][debug][gc,phases         ] GC(784)       Scanned Blocks:           Min: 0, Avg:  0.1, Max: 1, Diff: 1, Sum: 1, Workers: 8
[41.932s][debug][gc,phases         ] GC(784)       Claimed Chunks:           Min: 0, Avg:  0.1, Max: 1, Diff: 1, Sum: 1, Workers: 8
[41.932s][debug][gc,phases         ] GC(784)     Code Root Scan (ms):      Min:  0.0, Avg:  0.0, Max:  0.0, Diff:  0.0, Sum:  0.1, Workers: 8
[41.932s][debug][gc,phases         ] GC(784)     Object Copy (ms):         Min:  0.0, Avg:  0.0, Max:  0.0, Diff:  0.0, Sum:  0.0, Workers: 8
[41.932s][debug][gc,phases         ] GC(784)     Termination (ms):         Min:  0.0, Avg:  0.1, Max:  0.1, Diff:  0.1, Sum:  0.4, Workers: 8
[41.932s][debug][gc,phases         ] GC(784)       Termination Attempts:     Min: 1, Avg:  1.0, Max: 1, Diff: 0, Sum: 8, Workers: 8
[41.932s][debug][gc,phases         ] GC(784)     GC Worker Other (ms):     Min:  0.0, Avg:  0.0, Max:  0.1, Diff:  0.0, Sum:  0.3, Workers: 8
[41.932s][debug][gc,phases         ] GC(784)     GC Worker Total (ms):     Min:  0.0, Avg:  0.3, Max:  0.4, Diff:  0.3, Sum:  2.3, Workers: 8
[41.932s][info ][gc,phases         ] GC(784)   Post Evacuate Collection Set: 0.6ms
[41.932s][debug][gc,phases         ] GC(784)     Code Roots Fixup: 0.0ms
[41.932s][debug][gc,phases         ] GC(784)     Clear Card Table: 0.2ms
[41.932s][debug][gc,phases         ] GC(784)     Reference Processing: 0.0ms
[41.932s][debug][gc,phases,ref     ] GC(784)       Reconsider SoftReferences: 0.0ms
[41.932s][debug][gc,phases,ref     ] GC(784)         SoftRef (ms):             skipped
[41.932s][debug][gc,phases,ref     ] GC(784)       Notify Soft/WeakReferences: 0.0ms
[41.932s][debug][gc,phases,ref     ] GC(784)         SoftRef (ms):             skipped
[41.932s][debug][gc,phases,ref     ] GC(784)         WeakRef (ms):             skipped
[41.932s][debug][gc,phases,ref     ] GC(784)         FinalRef (ms):            skipped
[41.932s][debug][gc,phases,ref     ] GC(784)         Total (ms):               skipped
[41.932s][debug][gc,phases,ref     ] GC(784)       Notify and keep alive finalizable: 0.0ms
[41.932s][debug][gc,phases,ref     ] GC(784)         FinalRef (ms):            skipped
[41.932s][debug][gc,phases,ref     ] GC(784)       Notify PhantomReferences: 0.0ms
[41.932s][debug][gc,phases,ref     ] GC(784)         PhantomRef (ms):          skipped
[41.932s][debug][gc,phases,ref     ] GC(784)       SoftReference:
[41.932s][debug][gc,phases,ref     ] GC(784)         Discovered: 0
[41.932s][debug][gc,phases,ref     ] GC(784)         Cleared: 0
[41.932s][debug][gc,phases,ref     ] GC(784)       WeakReference:
[41.932s][debug][gc,phases,ref     ] GC(784)         Discovered: 0
[41.932s][debug][gc,phases,ref     ] GC(784)         Cleared: 0
[41.932s][debug][gc,phases,ref     ] GC(784)       FinalReference:
[41.932s][debug][gc,phases,ref     ] GC(784)         Discovered: 0
[41.932s][debug][gc,phases,ref     ] GC(784)         Cleared: 0
[41.932s][debug][gc,phases,ref     ] GC(784)       PhantomReference:
[41.932s][debug][gc,phases,ref     ] GC(784)         Discovered: 0
[41.932s][debug][gc,phases,ref     ] GC(784)         Cleared: 0
[41.932s][debug][gc,phases         ] GC(784)     Weak Processing: 0.0ms
[41.932s][debug][gc,phases         ] GC(784)       JVMTI weak processing: 0.0ms
[41.932s][debug][gc,phases         ] GC(784)         Dead: 0
[41.932s][debug][gc,phases         ] GC(784)         Total: 0
[41.932s][debug][gc,phases         ] GC(784)       JFR weak processing: 0.0ms
[41.932s][debug][gc,phases         ] GC(784)         Dead: 0
[41.932s][debug][gc,phases         ] GC(784)         Total: 0
[41.932s][debug][gc,phases         ] GC(784)       JNI weak                  Min:  0.0, Avg:  0.0, Max:  0.0, Diff:  0.0, Sum:  0.0, Workers: 5
[41.932s][debug][gc,phases         ] GC(784)         Dead                      Min: 0, Avg:  0.0, Max: 0, Diff: 0, Sum: 0, Workers: 5
[41.932s][debug][gc,phases         ] GC(784)         Total                     Min: 0, Avg: 13.4, Max: 64, Diff: 64, Sum: 67, Workers: 5
[41.932s][debug][gc,phases         ] GC(784)       VM weak                   Min:  0.0, Avg:  0.0, Max:  0.0, Diff:  0.0, Sum:  0.0, Workers: 5
[41.932s][debug][gc,phases         ] GC(784)         Dead                      Min: 0, Avg:  0.0, Max: 0, Diff: 0, Sum: 0, Workers: 5
[41.932s][debug][gc,phases         ] GC(784)         Total                     Min: 0, Avg: 45.2, Max: 128, Diff: 128, Sum: 226, Workers: 5
[41.932s][debug][gc,phases         ] GC(784)       StringTable weak          Min:  0.0, Avg:  0.0, Max:  0.0, Diff:  0.0, Sum:  0.1, Workers: 5
[41.932s][debug][gc,phases         ] GC(784)         Dead                      Min: 0, Avg:  0.0, Max: 0, Diff: 0, Sum: 0, Workers: 5
[41.932s][debug][gc,phases         ] GC(784)         Total                     Min: 0, Avg: 682.8, Max: 896, Diff: 896, Sum: 3414, Workers: 5
[41.932s][debug][gc,phases         ] GC(784)       ResolvedMethodTable weak  Min:  0.0, Avg:  0.0, Max:  0.0, Diff:  0.0, Sum:  0.0, Workers: 5
[41.932s][debug][gc,phases         ] GC(784)         Dead                      Min: 0, Avg:  0.0, Max: 0, Diff: 0, Sum: 0, Workers: 5
[41.932s][debug][gc,phases         ] GC(784)         Total                     Min: 0, Avg: 120.2, Max: 192, Diff: 192, Sum: 601, Workers: 5
[41.932s][debug][gc,phases         ] GC(784)     Merge Per-Thread State: 0.0ms
[41.932s][debug][gc,phases         ] GC(784)       Copied Bytes              Min: 0, Avg: 350320.0, Max: 800176, Diff: 800176, Sum: 2802560, Workers: 8
[41.932s][debug][gc,phases         ] GC(784)       LAB Waste                 Min: 0, Avg:  0.0, Max: 0, Diff: 0, Sum: 0, Workers: 8
[41.932s][debug][gc,phases         ] GC(784)       LAB Undo Waste            Min: 0, Avg:  0.0, Max: 0, Diff: 0, Sum: 0, Workers: 8
[41.932s][debug][gc,phases         ] GC(784)     Code Roots Purge: 0.0ms
[41.932s][debug][gc,phases         ] GC(784)     Redirty Cards: 0.0ms
[41.932s][debug][gc,phases         ] GC(784)     DerivedPointerTable Update: 0.0ms
[41.932s][debug][gc,phases         ] GC(784)     Free Collection Set: 0.2ms
[41.932s][debug][gc,phases         ] GC(784)     Rebuild Free List: 0.1ms
[41.932s][debug][gc,phases         ] GC(784)     Humongous Reclaim: 0.0ms
[41.932s][debug][gc,phases         ] GC(784)     Start New Collection Set: 0.0ms
[41.932s][debug][gc,phases         ] GC(784)     Resize TLABs: 0.0ms
[41.932s][debug][gc,phases         ] GC(784)     Expand Heap After Collection: 0.0ms
[41.932s][info ][gc,phases         ] GC(784)   Other: 0.3ms
[41.932s][info ][gc,heap           ] GC(784) Eden regions: 867->0(866)
[41.932s][info ][gc,heap           ] GC(784) Survivor regions: 3->4(109)
[41.932s][info ][gc,heap           ] GC(784) Old regions: 17->17
[41.932s][info ][gc,heap           ] GC(784) Archive regions: 2->2
[41.932s][info ][gc,heap           ] GC(784) Humongous regions: 0->0
[41.932s][info ][gc,metaspace      ] GC(784) Metaspace: 10130K(10624K)->10130K(10624K) NonClass: 8932K(9216K)->8932K(9216K) Class: 1198K(1408K)->1198K(1408K)
[41.932s][debug][gc,heap           ] GC(784) Heap after GC invocations=785 (full 1): garbage-first heap   total 1484800K, used 21208K [0x0000000700000000, 0x0000000800000000)
[41.932s][debug][gc,heap           ] GC(784)   region size 1024K, 4 young (4096K), 4 survivors (4096K)
[41.932s][debug][gc,heap           ] GC(784)  Metaspace       used 10130K, capacity 10468K, committed 10624K, reserved 1058816K
[41.932s][debug][gc,heap           ] GC(784)   class space    used 1198K, capacity 1344K, committed 1408K, reserved 1048576K
[41.932s][info ][gc                ] GC(784) Pause Young (Normal) (G1 Evacuation Pause) 886M->20M(1450M) 2.262ms
[41.932s][info ][gc,cpu            ] GC(784) User=0.01s Sys=0.00s Real=0.00s
[41.932s][info ][safepoint         ] Safepoint "G1CollectForAllocation", Time since last: 44482585 ns, Reaching safepoint: 141310 ns, At safepoint: 2438407 ns, Total: 2579717 ns
[41.977s][debug][gc,heap           ] GC(785) Heap before GC invocations=785 (full 1): garbage-first heap   total 1484800K, used 906968K [0x0000000700000000, 0x0000000800000000)
[41.977s][debug][gc,heap           ] GC(785)   region size 1024K, 870 young (890880K), 4 survivors (4096K)
[41.977s][debug][gc,heap           ] GC(785)  Metaspace       used 10130K, capacity 10468K, committed 10624K, reserved 1058816K
[41.977s][debug][gc,heap           ] GC(785)   class space    used 1198K, capacity 1344K, committed 1408K, reserved 1048576K
[41.977s][info ][gc,start          ] GC(785) Pause Young (Normal) (G1 Evacuation Pause)
[41.977s][info ][gc,task           ] GC(785) Using 8 workers of 8 for evacuation
[41.977s][debug][gc,tlab           ] GC(785) TLAB totals: thrds: 8  refills: 14 max: 3 slow allocs: 1723 max 261 waste: 34.1% gc: 1323160B max: 237576B slow: 70200B max: 15096B fast: 0B max: 0B
[41.978s][debug][gc,age            ] GC(785) Desired survivor size 57147392 bytes, new threshold 15 (max threshold 15)
[41.978s][debug][gc,alloc,region   ] GC(785) Mutator Allocation stats, regions: 866, wasted size: 202M (23.4%)
[41.978s][debug][gc,ergo           ] GC(785) Running G1 Merge Heap Roots using 8 workers for 870 regions
[41.978s][debug][gc,remset         ] GC(785) Visited cards 512 Total dirty 4096 (12.50%) Total old 3602432 (0.01%)
[41.978s][debug][gc,ergo           ] GC(785) Running G1 Clear Card Table Task using 2 workers for 2 units of work for 872 regions.
[41.978s][debug][gc,ref            ] GC(785) Skipped phase1 of Reference Processing due to unavailable references
[41.978s][debug][gc,ref            ] GC(785) Skipped phase2 of Reference Processing due to unavailable references
[41.978s][debug][gc,ref            ] GC(785) Skipped phase3 of Reference Processing due to unavailable references
[41.978s][debug][gc,ref            ] GC(785) Skipped phase4 of Reference Processing due to unavailable references
[41.979s][debug][gc,ergo           ] GC(785) Running G1 Free Collection Set using 8 workers for collection set length 870 (1450)
[41.979s][debug][gc,ergo           ] GC(785) Running G1 Rebuild Free List Task using 8 workers for rebuilding free list of 0 (4096) regions
[41.979s][trace][gc,age            ] GC(785) Age table with threshold 15 (max threshold 15)
[41.979s][trace][gc,age            ] GC(785) - age   1:    2802552 bytes,    2802552 total
[41.979s][debug][gc,plab           ] GC(785) Young PLAB allocation: allocated: 16512B, wasted: 0B, unused: 14064B, used: 2448B, undo waste: 0B, 
[41.979s][debug][gc,plab           ] GC(785) Young other allocation: region end waste: 731184B, regions filled: 4, direct allocated: 2800104B, failure used: 0B, failure wasted: 0B
[41.979s][debug][gc,plab           ] GC(785) Young sizing: calculated: 0B, actual: 2064B
[41.979s][debug][gc,plab           ] GC(785) Old PLAB allocation: allocated: 0B, wasted: 0B, unused: 0B, used: 0B, undo waste: 0B, 
[41.979s][debug][gc,plab           ] GC(785) Old other allocation: region end waste: 0B, regions filled: 1, direct allocated: 0B, failure used: 0B, failure wasted: 0B
[41.979s][debug][gc,plab           ] GC(785) Old sizing: calculated: 0B, actual: 2064B
[41.979s][debug][gc,ihop           ] GC(785) Basic information (value update), threshold: 684195840B (45.00), target occupancy: 1520435200B, current occupancy: 21719704B, recent allocation size: 0B, recent allocation duration: 45.93ms, recent old gen allocation rate: 0.00B/s, recent marking phase length: 29.21ms
[41.979s][debug][gc,ihop           ] GC(785) Adaptive IHOP information (value update), threshold: 684195840B (47.37), internal target occupancy: 1444413440B, occupancy: 21719704B, additional buffer size: 912261120B, predicted old gen allocation rate: 0.05B/s, predicted marking phase length: 58.41ms, prediction active: false
[41.979s][debug][gc,ergo,refine    ] GC(785) Concurrent refinement times: Logged Cards Scan time goal: 20.00ms Logged Cards Scan time: 0.00ms HCC time: 0.00ms
[41.979s][debug][gc,ergo,refine    ] GC(785) Updated Refinement Zones: green: 2048, yellow: 6144, red: 10240
[41.979s][info ][gc,phases         ] GC(785)   Pre Evacuate Collection Set: 0.1ms
[41.979s][debug][gc,phases         ] GC(785)     Prepare TLABs: 0.0ms
[41.979s][debug][gc,phases         ] GC(785)     Choose Collection Set: 0.0ms
[41.979s][debug][gc,phases         ] GC(785)     Region Register: 0.1ms
[41.979s][debug][gc,phases         ] GC(785)     Prepare Heap Roots: 0.0ms
[41.979s][info ][gc,phases         ] GC(785)   Merge Heap Roots: 0.2ms
[41.979s][debug][gc,phases         ] GC(785)     Prepare Merge Heap Roots: 0.0ms
[41.979s][debug][gc,phases         ] GC(785)     Eager Reclaim (ms):       skipped
[41.979s][debug][gc,phases         ] GC(785)     Remembered Sets (ms):     Min:  0.0, Avg:  0.0, Max:  0.0, Diff:  0.0, Sum:  0.2, Workers: 8
[41.979s][debug][gc,phases         ] GC(785)       Merged Sparse:            Min: 0, Avg:  0.0, Max: 0, Diff: 0, Sum: 0, Workers: 8
[41.979s][debug][gc,phases         ] GC(785)       Merged Fine:              Min: 0, Avg:  0.0, Max: 0, Diff: 0, Sum: 0, Workers: 8
[41.979s][debug][gc,phases         ] GC(785)       Merged Coarse:            Min: 0, Avg:  0.0, Max: 0, Diff: 0, Sum: 0, Workers: 8
[41.979s][debug][gc,phases         ] GC(785)       Dirty Cards:              Min: 0, Avg:  0.0, Max: 0, Diff: 0, Sum: 0, Workers: 8
[41.979s][debug][gc,phases         ] GC(785)     Hot Card Cache (ms):      Min:  0.0, Avg:  0.0, Max:  0.0, Diff:  0.0, Sum:  0.0, Workers: 8
[41.979s][debug][gc,phases         ] GC(785)       Dirty Cards:              Min: 0, Avg:  0.0, Max: 0, Diff: 0, Sum: 0, Workers: 8
[41.979s][debug][gc,phases         ] GC(785)       Skipped Cards:            Min: 0, Avg:  0.0, Max: 0, Diff: 0, Sum: 0, Workers: 8
[41.979s][debug][gc,phases         ] GC(785)     Log Buffers (ms):         Min:  0.0, Avg:  0.0, Max:  0.0, Diff:  0.0, Sum:  0.0, Workers: 8
[41.979s][debug][gc,phases         ] GC(785)       Dirty Cards:              Min: 0, Avg:  0.2, Max: 1, Diff: 1, Sum: 2, Workers: 8
[41.979s][debug][gc,phases         ] GC(785)       Skipped Cards:            Min: 0, Avg:  0.0, Max: 0, Diff: 0, Sum: 0, Workers: 8
[41.979s][info ][gc,phases         ] GC(785)   Evacuate Collection Set: 0.3ms
[41.979s][debug][gc,phases         ] GC(785)     Ext Root Scanning (ms):   Min:  0.1, Avg:  0.2, Max:  0.2, Diff:  0.2, Sum:  1.4, Workers: 8
[41.979s][debug][gc,phases         ] GC(785)     Scan Heap Roots (ms):     Min:  0.0, Avg:  0.0, Max:  0.0, Diff:  0.0, Sum:  0.0, Workers: 8
[41.979s][debug][gc,phases         ] GC(785)       Scanned Cards:            Min: 0, Avg:  0.2, Max: 2, Diff: 2, Sum: 2, Workers: 8
[41.979s][debug][gc,phases         ] GC(785)       Scanned Blocks:           Min: 0, Avg:  0.2, Max: 2, Diff: 2, Sum: 2, Workers: 8
[41.979s][debug][gc,phases         ] GC(785)       Claimed Chunks:           Min: 0, Avg:  0.2, Max: 2, Diff: 2, Sum: 2, Workers: 8
[41.979s][debug][gc,phases         ] GC(785)     Code Root Scan (ms):      Min:  0.0, Avg:  0.0, Max:  0.1, Diff:  0.1, Sum:  0.1, Workers: 8
[41.979s][debug][gc,phases         ] GC(785)     Object Copy (ms):         Min:  0.0, Avg:  0.0, Max:  0.0, Diff:  0.0, Sum:  0.0, Workers: 8
[41.979s][debug][gc,phases         ] GC(785)     Termination (ms):         Min:  0.0, Avg:  0.1, Max:  0.1, Diff:  0.1, Sum:  0.5, Workers: 8
[41.979s][debug][gc,phases         ] GC(785)       Termination Attempts:     Min: 1, Avg:  1.1, Max: 2, Diff: 1, Sum: 9, Workers: 8
[41.979s][debug][gc,phases         ] GC(785)     GC Worker Other (ms):     Min:  0.0, Avg:  0.0, Max:  0.1, Diff:  0.0, Sum:  0.3, Workers: 8
[41.979s][debug][gc,phases         ] GC(785)     GC Worker Total (ms):     Min:  0.3, Avg:  0.3, Max:  0.3, Diff:  0.1, Sum:  2.4, Workers: 8
[41.979s][info ][gc,phases         ] GC(785)   Post Evacuate Collection Set: 0.6ms
[41.979s][debug][gc,phases         ] GC(785)     Code Roots Fixup: 0.0ms
[41.979s][debug][gc,phases         ] GC(785)     Clear Card Table: 0.2ms
[41.979s][debug][gc,phases         ] GC(785)     Reference Processing: 0.0ms
[41.979s][debug][gc,phases,ref     ] GC(785)       Reconsider SoftReferences: 0.0ms
[41.979s][debug][gc,phases,ref     ] GC(785)         SoftRef (ms):             skipped
[41.979s][debug][gc,phases,ref     ] GC(785)       Notify Soft/WeakReferences: 0.0ms
[41.979s][debug][gc,phases,ref     ] GC(785)         SoftRef (ms):             skipped
[41.979s][debug][gc,phases,ref     ] GC(785)         WeakRef (ms):             skipped
[41.979s][debug][gc,phases,ref     ] GC(785)         FinalRef (ms):            skipped
[41.979s][debug][gc,phases,ref     ] GC(785)         Total (ms):               skipped
[41.979s][debug][gc,phases,ref     ] GC(785)       Notify and keep alive finalizable: 0.0ms
[41.979s][debug][gc,phases,ref     ] GC(785)         FinalRef (ms):            skipped
[41.979s][debug][gc,phases,ref     ] GC(785)       Notify PhantomReferences: 0.0ms
[41.979s][debug][gc,phases,ref     ] GC(785)         PhantomRef (ms):          skipped
[41.979s][debug][gc,phases,ref     ] GC(785)       SoftReference:
[41.979s][debug][gc,phases,ref     ] GC(785)         Discovered: 0
[41.979s][debug][gc,phases,ref     ] GC(785)         Cleared: 0
[41.979s][debug][gc,phases,ref     ] GC(785)       WeakReference:
[41.979s][debug][gc,phases,ref     ] GC(785)         Discovered: 0
[41.979s][debug][gc,phases,ref     ] GC(785)         Cleared: 0
[41.979s][debug][gc,phases,ref     ] GC(785)       FinalReference:
[41.979s][debug][gc,phases,ref     ] GC(785)         Discovered: 0
[41.979s][debug][gc,phases,ref     ] GC(785)         Cleared: 0
[41.979s][debug][gc,phases,ref     ] GC(785)       PhantomReference:
[41.979s][debug][gc,phases,ref     ] GC(785)         Discovered: 0
[41.979s][debug][gc,phases,ref     ] GC(785)         Cleared: 0
[41.979s][debug][gc,phases         ] GC(785)     Weak Processing: 0.1ms
[41.979s][debug][gc,phases         ] GC(785)       JVMTI weak processing: 0.0ms
[41.979s][debug][gc,phases         ] GC(785)         Dead: 0
[41.979s][debug][gc,phases         ] GC(785)         Total: 0
[41.979s][debug][gc,phases         ] GC(785)       JFR weak processing: 0.0ms
[41.979s][debug][gc,phases         ] GC(785)         Dead: 0
[41.979s][debug][gc,phases         ] GC(785)         Total: 0
[41.979s][debug][gc,phases         ] GC(785)       JNI weak                  Min:  0.0, Avg:  0.0, Max:  0.0, Diff:  0.0, Sum:  0.0, Workers: 5
[41.979s][debug][gc,phases         ] GC(785)         Dead                      Min: 0, Avg:  0.0, Max: 0, Diff: 0, Sum: 0, Workers: 5
[41.979s][debug][gc,phases         ] GC(785)         Total                     Min: 0, Avg: 13.4, Max: 67, Diff: 67, Sum: 67, Workers: 5
[41.979s][debug][gc,phases         ] GC(785)       VM weak                   Min:  0.0, Avg:  0.0, Max:  0.0, Diff:  0.0, Sum:  0.0, Workers: 5
[41.979s][debug][gc,phases         ] GC(785)         Dead                      Min: 0, Avg:  0.0, Max: 0, Diff: 0, Sum: 0, Workers: 5
[41.979s][debug][gc,phases         ] GC(785)         Total                     Min: 0, Avg: 45.2, Max: 226, Diff: 226, Sum: 226, Workers: 5
[41.979s][debug][gc,phases         ] GC(785)       StringTable weak          Min:  0.0, Avg:  0.0, Max:  0.0, Diff:  0.0, Sum:  0.0, Workers: 5
[41.979s][debug][gc,phases         ] GC(785)         Dead                      Min: 0, Avg:  0.0, Max: 0, Diff: 0, Sum: 0, Workers: 5
[41.979s][debug][gc,phases         ] GC(785)         Total                     Min: 0, Avg: 682.8, Max: 2647, Diff: 2647, Sum: 3414, Workers: 5
[41.979s][debug][gc,phases         ] GC(785)       ResolvedMethodTable weak  Min:  0.0, Avg:  0.0, Max:  0.0, Diff:  0.0, Sum:  0.0, Workers: 5
[41.979s][debug][gc,phases         ] GC(785)         Dead                      Min: 0, Avg:  0.0, Max: 0, Diff: 0, Sum: 0, Workers: 5
[41.979s][debug][gc,phases         ] GC(785)         Total                     Min: 0, Avg: 120.2, Max: 217, Diff: 217, Sum: 601, Workers: 5
[41.979s][debug][gc,phases         ] GC(785)     Merge Per-Thread State: 0.0ms
[41.980s][debug][gc,phases         ] GC(785)       Copied Bytes              Min: 520, Avg: 350319.0, Max: 800096, Diff: 799576, Sum: 2802552, Workers: 8
[41.980s][debug][gc,phases         ] GC(785)       LAB Waste                 Min: 0, Avg:  0.0, Max: 0, Diff: 0, Sum: 0, Workers: 8
[41.980s][debug][gc,phases         ] GC(785)       LAB Undo Waste            Min: 0, Avg:  0.0, Max: 0, Diff: 0, Sum: 0, Workers: 8
[41.980s][debug][gc,phases         ] GC(785)     Code Roots Purge: 0.0ms
[41.980s][debug][gc,phases         ] GC(785)     Redirty Cards: 0.0ms
[41.980s][debug][gc,phases         ] GC(785)     DerivedPointerTable Update: 0.0ms
[41.980s][debug][gc,phases         ] GC(785)     Free Collection Set: 0.2ms
[41.980s][debug][gc,phases         ] GC(785)     Rebuild Free List: 0.1ms
[41.980s][debug][gc,phases         ] GC(785)     Humongous Reclaim: 0.0ms
[41.980s][debug][gc,phases         ] GC(785)     Start New Collection Set: 0.0ms
[41.980s][debug][gc,phases         ] GC(785)     Resize TLABs: 0.0ms
[41.980s][debug][gc,phases         ] GC(785)     Expand Heap After Collection: 0.0ms
[41.980s][info ][gc,phases         ] GC(785)   Other: 0.3ms
[41.980s][info ][gc,heap           ] GC(785) Eden regions: 866->0(866)
[41.980s][info ][gc,heap           ] GC(785) Survivor regions: 4->4(109)
[41.980s][info ][gc,heap           ] GC(785) Old regions: 17->17
[41.980s][info ][gc,heap           ] GC(785) Archive regions: 2->2
[41.980s][info ][gc,heap           ] GC(785) Humongous regions: 0->0
[41.980s][info ][gc,metaspace      ] GC(785) Metaspace: 10130K(10624K)->10130K(10624K) NonClass: 8932K(9216K)->8932K(9216K) Class: 1198K(1408K)->1198K(1408K)
[41.980s][debug][gc,heap           ] GC(785) Heap after GC invocations=786 (full 1): garbage-first heap   total 1484800K, used 21210K [0x0000000700000000, 0x0000000800000000)
[41.980s][debug][gc,heap           ] GC(785)   region size 1024K, 4 young (4096K), 4 survivors (4096K)
[41.980s][debug][gc,heap           ] GC(785)  Metaspace       used 10130K, capacity 10468K, committed 10624K, reserved 1058816K
[41.980s][debug][gc,heap           ] GC(785)   class space    used 1198K, capacity 1344K, committed 1408K, reserved 1048576K
[41.980s][info ][gc                ] GC(785) Pause Young (Normal) (G1 Evacuation Pause) 886M->20M(1450M) 2.194ms
[41.980s][info ][gc,cpu            ] GC(785) User=0.01s Sys=0.00s Real=0.00s
[41.980s][info ][safepoint         ] Safepoint "G1CollectForAllocation", Time since last: 44821220 ns, Reaching safepoint: 139480 ns, At safepoint: 2378904 ns, Total: 2518384 ns
[42.031s][debug][gc,heap           ] GC(786) Heap before GC invocations=786 (full 1): garbage-first heap   total 1484800K, used 906970K [0x0000000700000000, 0x0000000800000000)
[42.031s][debug][gc,heap           ] GC(786)   region size 1024K, 870 young (890880K), 4 survivors (4096K)
[42.031s][debug][gc,heap           ] GC(786)  Metaspace       used 10130K, capacity 10468K, committed 10624K, reserved 1058816K
[42.031s][debug][gc,heap           ] GC(786)   class space    used 1198K, capacity 1344K, committed 1408K, reserved 1048576K
[42.031s][info ][gc,start          ] GC(786) Pause Young (Normal) (G1 Evacuation Pause)
[42.031s][info ][gc,task           ] GC(786) Using 8 workers of 8 for evacuation
[42.031s][debug][gc,tlab           ] GC(786) TLAB totals: thrds: 8  refills: 11 max: 2 slow allocs: 1725 max 246 waste: 24.9% gc: 852920B max: 214824B slow: 42128B max: 14304B fast: 0B max: 0B
[42.031s][debug][gc,age            ] GC(786) Desired survivor size 57147392 bytes, new threshold 15 (max threshold 15)
[42.031s][debug][gc,alloc,region   ] GC(786) Mutator Allocation stats, regions: 866, wasted size: 203M (23.5%)
[42.031s][debug][gc,ergo           ] GC(786) Running G1 Merge Heap Roots using 8 workers for 870 regions
[42.031s][debug][gc,remset         ] GC(786) Visited cards 256 Total dirty 2048 (12.50%) Total old 3602432 (0.01%)
[42.031s][debug][gc,ergo           ] GC(786) Running G1 Clear Card Table Task using 2 workers for 2 units of work for 871 regions.
[42.032s][debug][gc,ref            ] GC(786) Skipped phase1 of Reference Processing due to unavailable references
[42.032s][debug][gc,ref            ] GC(786) Skipped phase2 of Reference Processing due to unavailable references
[42.032s][debug][gc,ref            ] GC(786) Skipped phase3 of Reference Processing due to unavailable references
[42.032s][debug][gc,ref            ] GC(786) Skipped phase4 of Reference Processing due to unavailable references
[42.032s][debug][gc,ergo           ] GC(786) Running G1 Free Collection Set using 8 workers for collection set length 870 (1450)
[42.032s][debug][gc,ergo           ] GC(786) Running G1 Rebuild Free List Task using 8 workers for rebuilding free list of 0 (4096) regions
[42.032s][trace][gc,age            ] GC(786) Age table with threshold 15 (max threshold 15)
[42.032s][trace][gc,age            ] GC(786) - age   1:    3602584 bytes,    3602584 total
[42.032s][debug][gc,plab           ] GC(786) Young PLAB allocation: allocated: 16512B, wasted: 0B, unused: 14064B, used: 2448B, undo waste: 0B, 
[42.032s][debug][gc,plab           ] GC(786) Young other allocation: region end waste: 979728B, regions filled: 5, direct allocated: 3600136B, failure used: 0B, failure wasted: 0B
[42.032s][debug][gc,plab           ] GC(786) Young sizing: calculated: 0B, actual: 2064B
[42.032s][debug][gc,plab           ] GC(786) Old PLAB allocation: allocated: 0B, wasted: 0B, unused: 0B, used: 0B, undo waste: 0B, 
[42.032s][debug][gc,plab           ] GC(786) Old other allocation: region end waste: 0B, regions filled: 1, direct allocated: 0B, failure used: 0B, failure wasted: 0B
[42.032s][debug][gc,plab           ] GC(786) Old sizing: calculated: 0B, actual: 2064B
[42.032s][debug][gc,ihop           ] GC(786) Basic information (value update), threshold: 684195840B (45.00), target occupancy: 1520435200B, current occupancy: 22768280B, recent allocation size: 0B, recent allocation duration: 51.71ms, recent old gen allocation rate: 0.00B/s, recent marking phase length: 29.21ms
[42.032s][debug][gc,ihop           ] GC(786) Adaptive IHOP information (value update), threshold: 684195840B (47.37), internal target occupancy: 1444413440B, occupancy: 22768280B, additional buffer size: 912261120B, predicted old gen allocation rate: 0.04B/s, predicted marking phase length: 58.41ms, prediction active: false
[42.032s][debug][gc,ergo,refine    ] GC(786) Concurrent refinement times: Logged Cards Scan time goal: 20.00ms Logged Cards Scan time: 0.00ms HCC time: 0.00ms
[42.032s][debug][gc,ergo,refine    ] GC(786) Updated Refinement Zones: green: 2048, yellow: 6144, red: 10240
[42.032s][info ][gc,phases         ] GC(786)   Pre Evacuate Collection Set: 0.1ms
[42.032s][debug][gc,phases         ] GC(786)     Prepare TLABs: 0.0ms
[42.032s][debug][gc,phases         ] GC(786)     Choose Collection Set: 0.0ms
[42.032s][debug][gc,phases         ] GC(786)     Region Register: 0.1ms
[42.032s][debug][gc,phases         ] GC(786)     Prepare Heap Roots: 0.0ms
[42.032s][info ][gc,phases         ] GC(786)   Merge Heap Roots: 0.1ms
[42.032s][debug][gc,phases         ] GC(786)     Prepare Merge Heap Roots: 0.0ms
[42.032s][debug][gc,phases         ] GC(786)     Eager Reclaim (ms):       skipped
[42.032s][debug][gc,phases         ] GC(786)     Remembered Sets (ms):     Min:  0.0, Avg:  0.0, Max:  0.1, Diff:  0.0, Sum:  0.3, Workers: 8
[42.032s][debug][gc,phases         ] GC(786)       Merged Sparse:            Min: 0, Avg:  0.0, Max: 0, Diff: 0, Sum: 0, Workers: 8
[42.032s][debug][gc,phases         ] GC(786)       Merged Fine:              Min: 0, Avg:  0.0, Max: 0, Diff: 0, Sum: 0, Workers: 8
[42.032s][debug][gc,phases         ] GC(786)       Merged Coarse:            Min: 0, Avg:  0.0, Max: 0, Diff: 0, Sum: 0, Workers: 8
[42.032s][debug][gc,phases         ] GC(786)       Dirty Cards:              Min: 0, Avg:  0.0, Max: 0, Diff: 0, Sum: 0, Workers: 8
[42.032s][debug][gc,phases         ] GC(786)     Hot Card Cache (ms):      Min:  0.0, Avg:  0.0, Max:  0.0, Diff:  0.0, Sum:  0.0, Workers: 8
[42.032s][debug][gc,phases         ] GC(786)       Dirty Cards:              Min: 0, Avg:  0.0, Max: 0, Diff: 0, Sum: 0, Workers: 8
[42.032s][debug][gc,phases         ] GC(786)       Skipped Cards:            Min: 0, Avg:  0.0, Max: 0, Diff: 0, Sum: 0, Workers: 8
[42.032s][debug][gc,phases         ] GC(786)     Log Buffers (ms):         Min:  0.0, Avg:  0.0, Max:  0.0, Diff:  0.0, Sum:  0.0, Workers: 8
[42.032s][debug][gc,phases         ] GC(786)       Dirty Cards:              Min: 0, Avg:  0.1, Max: 1, Diff: 1, Sum: 1, Workers: 8
[42.032s][debug][gc,phases         ] GC(786)       Skipped Cards:            Min: 0, Avg:  0.0, Max: 0, Diff: 0, Sum: 0, Workers: 8
[42.032s][info ][gc,phases         ] GC(786)   Evacuate Collection Set: 0.5ms
[42.032s][debug][gc,phases         ] GC(786)     Ext Root Scanning (ms):   Min:  0.2, Avg:  0.3, Max:  0.3, Diff:  0.1, Sum:  2.2, Workers: 8
[42.032s][debug][gc,phases         ] GC(786)     Scan Heap Roots (ms):     Min:  0.0, Avg:  0.0, Max:  0.0, Diff:  0.0, Sum:  0.0, Workers: 8
[42.032s][debug][gc,phases         ] GC(786)       Scanned Cards:            Min: 0, Avg:  0.1, Max: 1, Diff: 1, Sum: 1, Workers: 8
[42.032s][debug][gc,phases         ] GC(786)       Scanned Blocks:           Min: 0, Avg:  0.1, Max: 1, Diff: 1, Sum: 1, Workers: 8
[42.032s][debug][gc,phases         ] GC(786)       Claimed Chunks:           Min: 0, Avg:  0.1, Max: 1, Diff: 1, Sum: 1, Workers: 8
[42.032s][debug][gc,phases         ] GC(786)     Code Root Scan (ms):      Min:  0.0, Avg:  0.0, Max:  0.0, Diff:  0.0, Sum:  0.2, Workers: 8
[42.032s][debug][gc,phases         ] GC(786)     Object Copy (ms):         Min:  0.0, Avg:  0.0, Max:  0.0, Diff:  0.0, Sum:  0.0, Workers: 8
[42.032s][debug][gc,phases         ] GC(786)     Termination (ms):         Min:  0.1, Avg:  0.1, Max:  0.1, Diff:  0.0, Sum:  0.5, Workers: 8
[42.032s][debug][gc,phases         ] GC(786)       Termination Attempts:     Min: 1, Avg:  1.0, Max: 1, Diff: 0, Sum: 8, Workers: 8
[42.032s][debug][gc,phases         ] GC(786)     GC Worker Other (ms):     Min:  0.0, Avg:  0.1, Max:  0.1, Diff:  0.0, Sum:  0.5, Workers: 8
[42.032s][debug][gc,phases         ] GC(786)     GC Worker Total (ms):     Min:  0.4, Avg:  0.4, Max:  0.5, Diff:  0.0, Sum:  3.5, Workers: 8
[42.032s][info ][gc,phases         ] GC(786)   Post Evacuate Collection Set: 0.6ms
[42.033s][debug][gc,phases         ] GC(786)     Code Roots Fixup: 0.0ms
[42.033s][debug][gc,phases         ] GC(786)     Clear Card Table: 0.2ms
[42.033s][debug][gc,phases         ] GC(786)     Reference Processing: 0.0ms
[42.033s][debug][gc,phases,ref     ] GC(786)       Reconsider SoftReferences: 0.0ms
[42.033s][debug][gc,phases,ref     ] GC(786)         SoftRef (ms):             skipped
[42.033s][debug][gc,phases,ref     ] GC(786)       Notify Soft/WeakReferences: 0.0ms
[42.033s][debug][gc,phases,ref     ] GC(786)         SoftRef (ms):             skipped
[42.033s][debug][gc,phases,ref     ] GC(786)         WeakRef (ms):             skipped
[42.033s][debug][gc,phases,ref     ] GC(786)         FinalRef (ms):            skipped
[42.033s][debug][gc,phases,ref     ] GC(786)         Total (ms):               skipped
[42.033s][debug][gc,phases,ref     ] GC(786)       Notify and keep alive finalizable: 0.0ms
[42.033s][debug][gc,phases,ref     ] GC(786)         FinalRef (ms):            skipped
[42.033s][debug][gc,phases,ref     ] GC(786)       Notify PhantomReferences: 0.0ms
[42.033s][debug][gc,phases,ref     ] GC(786)         PhantomRef (ms):          skipped
[42.033s][debug][gc,phases,ref     ] GC(786)       SoftReference:
[42.033s][debug][gc,phases,ref     ] GC(786)         Discovered: 0
[42.033s][debug][gc,phases,ref     ] GC(786)         Cleared: 0
[42.033s][debug][gc,phases,ref     ] GC(786)       WeakReference:
[42.033s][debug][gc,phases,ref     ] GC(786)         Discovered: 0
[42.033s][debug][gc,phases,ref     ] GC(786)         Cleared: 0
[42.033s][debug][gc,phases,ref     ] GC(786)       FinalReference:
[42.033s][debug][gc,phases,ref     ] GC(786)         Discovered: 0
[42.033s][debug][gc,phases,ref     ] GC(786)         Cleared: 0
[42.033s][debug][gc,phases,ref     ] GC(786)       PhantomReference:
[42.033s][debug][gc,phases,ref     ] GC(786)         Discovered: 0
[42.033s][debug][gc,phases,ref     ] GC(786)         Cleared: 0
[42.033s][debug][gc,phases         ] GC(786)     Weak Processing: 0.1ms
[42.033s][debug][gc,phases         ] GC(786)       JVMTI weak processing: 0.0ms
[42.033s][debug][gc,phases         ] GC(786)         Dead: 0
[42.033s][debug][gc,phases         ] GC(786)         Total: 0
[42.033s][debug][gc,phases         ] GC(786)       JFR weak processing: 0.0ms
[42.033s][debug][gc,phases         ] GC(786)         Dead: 0
[42.033s][debug][gc,phases         ] GC(786)         Total: 0
[42.033s][debug][gc,phases         ] GC(786)       JNI weak                  Min:  0.0, Avg:  0.0, Max:  0.0, Diff:  0.0, Sum:  0.0, Workers: 5
[42.033s][debug][gc,phases         ] GC(786)         Dead                      Min: 0, Avg:  0.0, Max: 0, Diff: 0, Sum: 0, Workers: 5
[42.033s][debug][gc,phases         ] GC(786)         Total                     Min: 0, Avg: 13.4, Max: 64, Diff: 64, Sum: 67, Workers: 5
[42.033s][debug][gc,phases         ] GC(786)       VM weak                   Min:  0.0, Avg:  0.0, Max:  0.0, Diff:  0.0, Sum:  0.0, Workers: 5
[42.033s][debug][gc,phases         ] GC(786)         Dead                      Min: 0, Avg:  0.0, Max: 0, Diff: 0, Sum: 0, Workers: 5
[42.033s][debug][gc,phases         ] GC(786)         Total                     Min: 0, Avg: 45.2, Max: 98, Diff: 98, Sum: 226, Workers: 5
[42.033s][debug][gc,phases         ] GC(786)       StringTable weak          Min:  0.0, Avg:  0.0, Max:  0.0, Diff:  0.0, Sum:  0.1, Workers: 5
[42.033s][debug][gc,phases         ] GC(786)         Dead                      Min: 0, Avg:  0.0, Max: 0, Diff: 0, Sum: 0, Workers: 5
[42.033s][debug][gc,phases         ] GC(786)         Total                     Min: 0, Avg: 682.8, Max: 1175, Diff: 1175, Sum: 3414, Workers: 5
[42.033s][debug][gc,phases         ] GC(786)       ResolvedMethodTable weak  Min:  0.0, Avg:  0.0, Max:  0.0, Diff:  0.0, Sum:  0.0, Workers: 5
[42.033s][debug][gc,phases         ] GC(786)         Dead                      Min: 0, Avg:  0.0, Max: 0, Diff: 0, Sum: 0, Workers: 5
[42.033s][debug][gc,phases         ] GC(786)         Total                     Min: 64, Avg: 120.2, Max: 192, Diff: 128, Sum: 601, Workers: 5
[42.033s][debug][gc,phases         ] GC(786)     Merge Per-Thread State: 0.0ms
[42.033s][debug][gc,phases         ] GC(786)       Copied Bytes              Min: 400088, Avg: 450323.0, Max: 800096, Diff: 400008, Sum: 3602584, Workers: 8
[42.033s][debug][gc,phases         ] GC(786)       LAB Waste                 Min: 0, Avg:  0.0, Max: 0, Diff: 0, Sum: 0, Workers: 8
[42.033s][debug][gc,phases         ] GC(786)       LAB Undo Waste            Min: 0, Avg:  0.0, Max: 0, Diff: 0, Sum: 0, Workers: 8
[42.033s][debug][gc,phases         ] GC(786)     Code Roots Purge: 0.0ms
[42.033s][debug][gc,phases         ] GC(786)     Redirty Cards: 0.0ms
[42.033s][debug][gc,phases         ] GC(786)     DerivedPointerTable Update: 0.0ms
[42.033s][debug][gc,phases         ] GC(786)     Free Collection Set: 0.2ms
[42.033s][debug][gc,phases         ] GC(786)     Rebuild Free List: 0.1ms
[42.033s][debug][gc,phases         ] GC(786)     Humongous Reclaim: 0.0ms
[42.033s][debug][gc,phases         ] GC(786)     Start New Collection Set: 0.0ms
[42.033s][debug][gc,phases         ] GC(786)     Resize TLABs: 0.0ms
[42.033s][debug][gc,phases         ] GC(786)     Expand Heap After Collection: 0.0ms
[42.033s][info ][gc,phases         ] GC(786)   Other: 0.4ms
[42.033s][info ][gc,heap           ] GC(786) Eden regions: 866->0(865)
[42.033s][info ][gc,heap           ] GC(786) Survivor regions: 4->5(109)
[42.033s][info ][gc,heap           ] GC(786) Old regions: 17->17
[42.033s][info ][gc,heap           ] GC(786) Archive regions: 2->2
[42.033s][info ][gc,heap           ] GC(786) Humongous regions: 0->0
[42.033s][info ][gc,metaspace      ] GC(786) Metaspace: 10130K(10624K)->10130K(10624K) NonClass: 8932K(9216K)->8932K(9216K) Class: 1198K(1408K)->1198K(1408K)
[42.033s][debug][gc,heap           ] GC(786) Heap after GC invocations=787 (full 1): garbage-first heap   total 1484800K, used 22234K [0x0000000700000000, 0x0000000800000000)
[42.033s][debug][gc,heap           ] GC(786)   region size 1024K, 5 young (5120K), 5 survivors (5120K)
[42.033s][debug][gc,heap           ] GC(786)  Metaspace       used 10130K, capacity 10468K, committed 10624K, reserved 1058816K
[42.033s][debug][gc,heap           ] GC(786)   class space    used 1198K, capacity 1344K, committed 1408K, reserved 1048576K
[42.033s][info ][gc                ] GC(786) Pause Young (Normal) (G1 Evacuation Pause) 886M->21M(1450M) 2.445ms
[42.033s][info ][gc,cpu            ] GC(786) User=0.01s Sys=0.00s Real=0.01s
[42.033s][info ][safepoint         ] Safepoint "G1CollectForAllocation", Time since last: 50586958 ns, Reaching safepoint: 168980 ns, At safepoint: 2620631 ns, Total: 2789611 ns
[42.078s][debug][gc,heap           ] GC(787) Heap before GC invocations=787 (full 1): garbage-first heap   total 1484800K, used 906970K [0x0000000700000000, 0x0000000800000000)
[42.078s][debug][gc,heap           ] GC(787)   region size 1024K, 870 young (890880K), 5 survivors (5120K)
[42.078s][debug][gc,heap           ] GC(787)  Metaspace       used 10130K, capacity 10468K, committed 10624K, reserved 1058816K
[42.078s][debug][gc,heap           ] GC(787)   class space    used 1198K, capacity 1344K, committed 1408K, reserved 1048576K
[42.078s][info ][gc,start          ] GC(787) Pause Young (Normal) (G1 Evacuation Pause)
[42.078s][info ][gc,task           ] GC(787) Using 8 workers of 8 for evacuation
[42.078s][debug][gc,tlab           ] GC(787) TLAB totals: thrds: 8  refills: 15 max: 2 slow allocs: 1723 max 242 waste: 27.0% gc: 1071560B max: 234656B slow: 72408B max: 13928B fast: 0B max: 0B
[42.078s][debug][gc,age            ] GC(787) Desired survivor size 57147392 bytes, new threshold 15 (max threshold 15)
[42.078s][debug][gc,alloc,region   ] GC(787) Mutator Allocation stats, regions: 865, wasted size: 202M (23.4%)
[42.078s][debug][gc,ergo           ] GC(787) Running G1 Merge Heap Roots using 8 workers for 870 regions
[42.078s][debug][gc,remset         ] GC(787) Visited cards 512 Total dirty 4096 (12.50%) Total old 3602432 (0.01%)
[42.078s][debug][gc,ergo           ] GC(787) Running G1 Clear Card Table Task using 2 workers for 2 units of work for 872 regions.
[42.079s][debug][gc,ref            ] GC(787) Skipped phase1 of Reference Processing due to unavailable references
[42.079s][debug][gc,ref            ] GC(787) Skipped phase2 of Reference Processing due to unavailable references
[42.079s][debug][gc,ref            ] GC(787) Skipped phase3 of Reference Processing due to unavailable references
[42.079s][debug][gc,ref            ] GC(787) Skipped phase4 of Reference Processing due to unavailable references
[42.079s][debug][gc,ergo           ] GC(787) Running G1 Free Collection Set using 8 workers for collection set length 870 (1450)
[42.079s][debug][gc,ergo           ] GC(787) Running G1 Rebuild Free List Task using 8 workers for rebuilding free list of 0 (4096) regions
[42.079s][trace][gc,age            ] GC(787) Age table with threshold 15 (max threshold 15)
[42.079s][trace][gc,age            ] GC(787) - age   1:    2002520 bytes,    2002520 total
[42.079s][debug][gc,plab           ] GC(787) Young PLAB allocation: allocated: 16512B, wasted: 0B, unused: 14064B, used: 2448B, undo waste: 0B, 
[42.079s][debug][gc,plab           ] GC(787) Young other allocation: region end waste: 482640B, regions filled: 3, direct allocated: 2000072B, failure used: 0B, failure wasted: 0B
[42.079s][debug][gc,plab           ] GC(787) Young sizing: calculated: 0B, actual: 2064B
[42.079s][debug][gc,plab           ] GC(787) Old PLAB allocation: allocated: 0B, wasted: 0B, unused: 0B, used: 0B, undo waste: 0B, 
[42.079s][debug][gc,plab           ] GC(787) Old other allocation: region end waste: 0B, regions filled: 1, direct allocated: 0B, failure used: 0B, failure wasted: 0B
[42.079s][debug][gc,plab           ] GC(787) Old sizing: calculated: 0B, actual: 2064B
[42.079s][debug][gc,ihop           ] GC(787) Basic information (value update), threshold: 684195840B (45.00), target occupancy: 1520435200B, current occupancy: 20671128B, recent allocation size: 0B, recent allocation duration: 45.55ms, recent old gen allocation rate: 0.00B/s, recent marking phase length: 29.21ms
[42.079s][debug][gc,ihop           ] GC(787) Adaptive IHOP information (value update), threshold: 684195840B (47.37), internal target occupancy: 1444413440B, occupancy: 20671128B, additional buffer size: 912261120B, predicted old gen allocation rate: 0.04B/s, predicted marking phase length: 58.41ms, prediction active: false
[42.079s][debug][gc,ergo,refine    ] GC(787) Concurrent refinement times: Logged Cards Scan time goal: 20.00ms Logged Cards Scan time: 0.00ms HCC time: 0.00ms
[42.079s][debug][gc,ergo,refine    ] GC(787) Updated Refinement Zones: green: 2048, yellow: 6144, red: 10240
[42.079s][info ][gc,phases         ] GC(787)   Pre Evacuate Collection Set: 0.1ms
[42.079s][debug][gc,phases         ] GC(787)     Prepare TLABs: 0.0ms
[42.079s][debug][gc,phases         ] GC(787)     Choose Collection Set: 0.0ms
[42.079s][debug][gc,phases         ] GC(787)     Region Register: 0.1ms
[42.079s][debug][gc,phases         ] GC(787)     Prepare Heap Roots: 0.0ms
[42.079s][info ][gc,phases         ] GC(787)   Merge Heap Roots: 0.1ms
[42.079s][debug][gc,phases         ] GC(787)     Prepare Merge Heap Roots: 0.0ms
[42.079s][debug][gc,phases         ] GC(787)     Eager Reclaim (ms):       skipped
[42.079s][debug][gc,phases         ] GC(787)     Remembered Sets (ms):     Min:  0.0, Avg:  0.0, Max:  0.0, Diff:  0.0, Sum:  0.3, Workers: 8
[42.079s][debug][gc,phases         ] GC(787)       Merged Sparse:            Min: 0, Avg:  0.0, Max: 0, Diff: 0, Sum: 0, Workers: 8
[42.079s][debug][gc,phases         ] GC(787)       Merged Fine:              Min: 0, Avg:  0.0, Max: 0, Diff: 0, Sum: 0, Workers: 8
[42.079s][debug][gc,phases         ] GC(787)       Merged Coarse:            Min: 0, Avg:  0.0, Max: 0, Diff: 0, Sum: 0, Workers: 8
[42.079s][debug][gc,phases         ] GC(787)       Dirty Cards:              Min: 0, Avg:  0.0, Max: 0, Diff: 0, Sum: 0, Workers: 8
[42.079s][debug][gc,phases         ] GC(787)     Hot Card Cache (ms):      Min:  0.0, Avg:  0.0, Max:  0.0, Diff:  0.0, Sum:  0.0, Workers: 8
[42.079s][debug][gc,phases         ] GC(787)       Dirty Cards:              Min: 0, Avg:  0.0, Max: 0, Diff: 0, Sum: 0, Workers: 8
[42.079s][debug][gc,phases         ] GC(787)       Skipped Cards:            Min: 0, Avg:  0.0, Max: 0, Diff: 0, Sum: 0, Workers: 8
[42.079s][debug][gc,phases         ] GC(787)     Log Buffers (ms):         Min:  0.0, Avg:  0.0, Max:  0.0, Diff:  0.0, Sum:  0.0, Workers: 8
[42.079s][debug][gc,phases         ] GC(787)       Dirty Cards:              Min: 0, Avg:  0.2, Max: 2, Diff: 2, Sum: 2, Workers: 8
[42.079s][debug][gc,phases         ] GC(787)       Skipped Cards:            Min: 0, Avg:  0.0, Max: 0, Diff: 0, Sum: 0, Workers: 8
[42.079s][info ][gc,phases         ] GC(787)   Evacuate Collection Set: 0.3ms
[42.079s][debug][gc,phases         ] GC(787)     Ext Root Scanning (ms):   Min:  0.0, Avg:  0.1, Max:  0.2, Diff:  0.2, Sum:  0.9, Workers: 8
[42.079s][debug][gc,phases         ] GC(787)     Scan Heap Roots (ms):     Min:  0.0, Avg:  0.0, Max:  0.0, Diff:  0.0, Sum:  0.0, Workers: 8
[42.079s][debug][gc,phases         ] GC(787)       Scanned Cards:            Min: 0, Avg:  0.2, Max: 1, Diff: 1, Sum: 2, Workers: 8
[42.079s][debug][gc,phases         ] GC(787)       Scanned Blocks:           Min: 0, Avg:  0.2, Max: 1, Diff: 1, Sum: 2, Workers: 8
[42.079s][debug][gc,phases         ] GC(787)       Claimed Chunks:           Min: 0, Avg:  0.2, Max: 1, Diff: 1, Sum: 2, Workers: 8
[42.079s][debug][gc,phases         ] GC(787)     Code Root Scan (ms):      Min:  0.0, Avg:  0.0, Max:  0.0, Diff:  0.0, Sum:  0.2, Workers: 8
[42.079s][debug][gc,phases         ] GC(787)     Object Copy (ms):         Min:  0.0, Avg:  0.0, Max:  0.0, Diff:  0.0, Sum:  0.0, Workers: 8
[42.079s][debug][gc,phases         ] GC(787)     Termination (ms):         Min:  0.0, Avg:  0.1, Max:  0.1, Diff:  0.1, Sum:  0.5, Workers: 8
[42.079s][debug][gc,phases         ] GC(787)       Termination Attempts:     Min: 1, Avg:  1.4, Max: 2, Diff: 1, Sum: 11, Workers: 8
[42.079s][debug][gc,phases         ] GC(787)     GC Worker Other (ms):     Min:  0.0, Avg:  0.0, Max:  0.1, Diff:  0.1, Sum:  0.3, Workers: 8
[42.079s][debug][gc,phases         ] GC(787)     GC Worker Total (ms):     Min:  0.2, Avg:  0.2, Max:  0.3, Diff:  0.0, Sum:  2.0, Workers: 8
[42.079s][info ][gc,phases         ] GC(787)   Post Evacuate Collection Set: 0.6ms
[42.079s][debug][gc,phases         ] GC(787)     Code Roots Fixup: 0.0ms
[42.079s][debug][gc,phases         ] GC(787)     Clear Card Table: 0.2ms
[42.079s][debug][gc,phases         ] GC(787)     Reference Processing: 0.0ms
[42.079s][debug][gc,phases,ref     ] GC(787)       Reconsider SoftReferences: 0.0ms
[42.079s][debug][gc,phases,ref     ] GC(787)         SoftRef (ms):             skipped
[42.079s][debug][gc,phases,ref     ] GC(787)       Notify Soft/WeakReferences: 0.0ms
[42.079s][debug][gc,phases,ref     ] GC(787)         SoftRef (ms):             skipped
[42.079s][debug][gc,phases,ref     ] GC(787)         WeakRef (ms):             skipped
[42.079s][debug][gc,phases,ref     ] GC(787)         FinalRef (ms):            skipped
[42.079s][debug][gc,phases,ref     ] GC(787)         Total (ms):               skipped
[42.079s][debug][gc,phases,ref     ] GC(787)       Notify and keep alive finalizable: 0.0ms
[42.079s][debug][gc,phases,ref     ] GC(787)         FinalRef (ms):            skipped
[42.079s][debug][gc,phases,ref     ] GC(787)       Notify PhantomReferences: 0.0ms
[42.079s][debug][gc,phases,ref     ] GC(787)         PhantomRef (ms):          skipped
[42.079s][debug][gc,phases,ref     ] GC(787)       SoftReference:
[42.079s][debug][gc,phases,ref     ] GC(787)         Discovered: 0
[42.079s][debug][gc,phases,ref     ] GC(787)         Cleared: 0
[42.079s][debug][gc,phases,ref     ] GC(787)       WeakReference:
[42.079s][debug][gc,phases,ref     ] GC(787)         Discovered: 0
[42.079s][debug][gc,phases,ref     ] GC(787)         Cleared: 0
[42.079s][debug][gc,phases,ref     ] GC(787)       FinalReference:
[42.079s][debug][gc,phases,ref     ] GC(787)         Discovered: 0
[42.079s][debug][gc,phases,ref     ] GC(787)         Cleared: 0
[42.079s][debug][gc,phases,ref     ] GC(787)       PhantomReference:
[42.079s][debug][gc,phases,ref     ] GC(787)         Discovered: 0
[42.079s][debug][gc,phases,ref     ] GC(787)         Cleared: 0
[42.079s][debug][gc,phases         ] GC(787)     Weak Processing: 0.1ms
[42.080s][debug][gc,phases         ] GC(787)       JVMTI weak processing: 0.0ms
[42.080s][debug][gc,phases         ] GC(787)         Dead: 0
[42.080s][debug][gc,phases         ] GC(787)         Total: 0
[42.080s][debug][gc,phases         ] GC(787)       JFR weak processing: 0.0ms
[42.080s][debug][gc,phases         ] GC(787)         Dead: 0
[42.080s][debug][gc,phases         ] GC(787)         Total: 0
[42.080s][debug][gc,phases         ] GC(787)       JNI weak                  Min:  0.0, Avg:  0.0, Max:  0.0, Diff:  0.0, Sum:  0.0, Workers: 5
[42.080s][debug][gc,phases         ] GC(787)         Dead                      Min: 0, Avg:  0.0, Max: 0, Diff: 0, Sum: 0, Workers: 5
[42.080s][debug][gc,phases         ] GC(787)         Total                     Min: 0, Avg: 13.4, Max: 67, Diff: 67, Sum: 67, Workers: 5
[42.080s][debug][gc,phases         ] GC(787)       VM weak                   Min:  0.0, Avg:  0.0, Max:  0.0, Diff:  0.0, Sum:  0.0, Workers: 5
[42.080s][debug][gc,phases         ] GC(787)         Dead                      Min: 0, Avg:  0.0, Max: 0, Diff: 0, Sum: 0, Workers: 5
[42.080s][debug][gc,phases         ] GC(787)         Total                     Min: 0, Avg: 45.2, Max: 128, Diff: 128, Sum: 226, Workers: 5
[42.080s][debug][gc,phases         ] GC(787)       StringTable weak          Min:  0.0, Avg:  0.0, Max:  0.0, Diff:  0.0, Sum:  0.1, Workers: 5
[42.080s][debug][gc,phases         ] GC(787)         Dead                      Min: 0, Avg:  0.0, Max: 0, Diff: 0, Sum: 0, Workers: 5
[42.080s][debug][gc,phases         ] GC(787)         Total                     Min: 0, Avg: 682.8, Max: 983, Diff: 983, Sum: 3414, Workers: 5
[42.080s][debug][gc,phases         ] GC(787)       ResolvedMethodTable weak  Min:  0.0, Avg:  0.0, Max:  0.0, Diff:  0.0, Sum:  0.0, Workers: 5
[42.080s][debug][gc,phases         ] GC(787)         Dead                      Min: 0, Avg:  0.0, Max: 0, Diff: 0, Sum: 0, Workers: 5
[42.080s][debug][gc,phases         ] GC(787)         Total                     Min: 0, Avg: 120.2, Max: 192, Diff: 192, Sum: 601, Workers: 5
[42.080s][debug][gc,phases         ] GC(787)     Merge Per-Thread State: 0.0ms
[42.080s][debug][gc,phases         ] GC(787)       Copied Bytes              Min: 72, Avg: 250315.0, Max: 800096, Diff: 800024, Sum: 2002520, Workers: 8
[42.080s][debug][gc,phases         ] GC(787)       LAB Waste                 Min: 0, Avg:  0.0, Max: 0, Diff: 0, Sum: 0, Workers: 8
[42.080s][debug][gc,phases         ] GC(787)       LAB Undo Waste            Min: 0, Avg:  0.0, Max: 0, Diff: 0, Sum: 0, Workers: 8
[42.080s][debug][gc,phases         ] GC(787)     Code Roots Purge: 0.0ms
[42.080s][debug][gc,phases         ] GC(787)     Redirty Cards: 0.0ms
[42.080s][debug][gc,phases         ] GC(787)     DerivedPointerTable Update: 0.0ms
[42.080s][debug][gc,phases         ] GC(787)     Free Collection Set: 0.2ms
[42.080s][debug][gc,phases         ] GC(787)     Rebuild Free List: 0.1ms
[42.080s][debug][gc,phases         ] GC(787)     Humongous Reclaim: 0.0ms
[42.080s][debug][gc,phases         ] GC(787)     Start New Collection Set: 0.0ms
[42.080s][debug][gc,phases         ] GC(787)     Resize TLABs: 0.0ms
[42.080s][debug][gc,phases         ] GC(787)     Expand Heap After Collection: 0.0ms
[42.080s][info ][gc,phases         ] GC(787)   Other: 0.3ms
[42.080s][info ][gc,heap           ] GC(787) Eden regions: 865->0(867)
[42.080s][info ][gc,heap           ] GC(787) Survivor regions: 5->3(109)
[42.080s][info ][gc,heap           ] GC(787) Old regions: 17->17
[42.080s][info ][gc,heap           ] GC(787) Archive regions: 2->2
[42.080s][info ][gc,heap           ] GC(787) Humongous regions: 0->0
[42.080s][info ][gc,metaspace      ] GC(787) Metaspace: 10130K(10624K)->10130K(10624K) NonClass: 8932K(9216K)->8932K(9216K) Class: 1198K(1408K)->1198K(1408K)
[42.080s][debug][gc,heap           ] GC(787) Heap after GC invocations=788 (full 1): garbage-first heap   total 1484800K, used 20186K [0x0000000700000000, 0x0000000800000000)
[42.080s][debug][gc,heap           ] GC(787)   region size 1024K, 3 young (3072K), 3 survivors (3072K)
[42.080s][debug][gc,heap           ] GC(787)  Metaspace       used 10130K, capacity 10468K, committed 10624K, reserved 1058816K
[42.080s][debug][gc,heap           ] GC(787)   class space    used 1198K, capacity 1344K, committed 1408K, reserved 1048576K
[42.080s][info ][gc                ] GC(787) Pause Young (Normal) (G1 Evacuation Pause) 886M->19M(1450M) 2.108ms
[42.080s][info ][gc,cpu            ] GC(787) User=0.00s Sys=0.00s Real=0.00s
[42.080s][info ][safepoint         ] Safepoint "G1CollectForAllocation", Time since last: 44317136 ns, Reaching safepoint: 161668 ns, At safepoint: 2317670 ns, Total: 2479338 ns
[42.105s][debug][gc,refine         ] Stopping 0
[42.105s][info ][gc,heap,exit      ] Heap
[42.105s][info ][gc,heap,exit      ]  garbage-first heap   total 1484800K, used 522970K [0x0000000700000000, 0x0000000800000000)
[42.105s][info ][gc,heap,exit      ]   region size 1024K, 496 young (507904K), 3 survivors (3072K)
[42.105s][info ][gc,heap,exit      ]  Metaspace       used 10135K, capacity 10468K, committed 10624K, reserved 1058816K
[42.105s][info ][gc,heap,exit      ]   class space    used 1198K, capacity 1344K, committed 1408K, reserved 1048576K
