[170.266s][debug][gc,phases         ] GC(3544)     Merge Per-Thread State: 0.0ms
[170.266s][debug][gc,phases         ] GC(3544)       Copied Bytes              Min: 400088, Avg: 400322.0, Max: 400600, Diff: 512, Sum: 3202576, Workers: 8
[170.266s][debug][gc,phases         ] GC(3544)       LAB Waste                 Min: 0, Avg:  0.0, Max: 0, Diff: 0, Sum: 0, Workers: 8
[170.266s][debug][gc,phases         ] GC(3544)       LAB Undo Waste            Min: 0, Avg:  0.0, Max: 0, Diff: 0, Sum: 0, Workers: 8
[170.266s][debug][gc,phases         ] GC(3544)     Code Roots Purge: 0.0ms
[170.266s][debug][gc,phases         ] GC(3544)     Redirty Cards: 0.0ms
[170.266s][debug][gc,phases         ] GC(3544)     DerivedPointerTable Update: 0.0ms
[170.266s][debug][gc,phases         ] GC(3544)     Free Collection Set: 0.2ms
[170.266s][debug][gc,phases         ] GC(3544)     Rebuild Free List: 0.1ms
[170.266s][debug][gc,phases         ] GC(3544)     Humongous Reclaim: 0.0ms
[170.266s][debug][gc,phases         ] GC(3544)     Start New Collection Set: 0.0ms
[170.266s][debug][gc,phases         ] GC(3544)     Resize TLABs: 0.0ms
[170.266s][debug][gc,phases         ] GC(3544)     Expand Heap After Collection: 0.0ms
[170.266s][info ][gc,phases         ] GC(3544)   Other: 0.3ms
[170.266s][info ][gc,heap           ] GC(3544) Eden regions: 870->0(869)
[170.266s][info ][gc,heap           ] GC(3544) Survivor regions: 3->4(110)
[170.266s][info ][gc,heap           ] GC(3544) Old regions: 17->17
[170.266s][info ][gc,heap           ] GC(3544) Archive regions: 2->2
[170.266s][info ][gc,heap           ] GC(3544) Humongous regions: 0->0
[170.266s][info ][gc,metaspace      ] GC(3544) Metaspace: 10069K(10624K)->10069K(10624K) NonClass: 8921K(9216K)->8921K(9216K) Class: 1148K(1408K)->1148K(1408K)
[170.266s][debug][gc,heap           ] GC(3544) Heap after GC invocations=3545 (full 1): garbage-first heap   total 1490944K, used 21304K [0x0000000700000000, 0x0000000800000000)
[170.266s][debug][gc,heap           ] GC(3544)   region size 1024K, 4 young (4096K), 4 survivors (4096K)
[170.267s][debug][gc,heap           ] GC(3544)  Metaspace       used 10069K, capacity 10368K, committed 10624K, reserved 1058816K
[170.267s][debug][gc,heap           ] GC(3544)   class space    used 1148K, capacity 1266K, committed 1408K, reserved 1048576K
[170.267s][info ][gc                ] GC(3544) Pause Young (Normal) (G1 Evacuation Pause) 889M->20M(1456M) 8.869ms
[170.267s][info ][gc,cpu            ] GC(3544) User=0.01s Sys=0.00s Real=0.00s
[170.267s][info ][safepoint         ] Safepoint "G1CollectForAllocation", Time since last: 43192825 ns, Reaching safepoint: 176936 ns, At safepoint: 9088416 ns, Total: 9265352 ns
[170.317s][debug][gc,heap           ] GC(3545) Heap before GC invocations=3545 (full 1): garbage-first heap   total 1490944K, used 910136K [0x0000000700000000, 0x0000000800000000)
[170.318s][debug][gc,heap           ] GC(3545)   region size 1024K, 873 young (893952K), 4 survivors (4096K)
[170.318s][debug][gc,heap           ] GC(3545)  Metaspace       used 10069K, capacity 10368K, committed 10624K, reserved 1058816K
[170.318s][debug][gc,heap           ] GC(3545)   class space    used 1148K, capacity 1266K, committed 1408K, reserved 1048576K
[170.318s][info ][gc,start          ] GC(3545) Pause Young (Normal) (G1 Evacuation Pause)
[170.318s][info ][gc,task           ] GC(3545) Using 8 workers of 8 for evacuation
[170.318s][debug][gc,tlab           ] GC(3545) TLAB totals: thrds: 8  refills: 15 max: 3 slow allocs: 1727 max 244 waste: 29.0% gc: 1195088B max: 237584B slow: 71536B max: 15096B fast: 0B max: 0B
[170.318s][debug][gc,age            ] GC(3545) Desired survivor size 57671680 bytes, new threshold 15 (max threshold 15)
[170.318s][debug][gc,alloc,region   ] GC(3545) Mutator Allocation stats, regions: 869, wasted size: 203M (23.4%)
[170.318s][debug][gc,ergo           ] GC(3545) Running G1 Merge Heap Roots using 8 workers for 873 regions
[170.318s][debug][gc,remset         ] GC(3545) Visited cards 256 Total dirty 2048 (12.50%) Total old 3614720 (0.01%)
[170.319s][debug][gc,ergo           ] GC(3545) Running G1 Clear Card Table Task using 2 workers for 2 units of work for 874 regions.
[170.319s][debug][gc,ref            ] GC(3545) Skipped phase1 of Reference Processing due to unavailable references
[170.319s][debug][gc,ref            ] GC(3545) Skipped phase2 of Reference Processing due to unavailable references
[170.319s][debug][gc,ref            ] GC(3545) Skipped phase3 of Reference Processing due to unavailable references
[170.319s][debug][gc,ref            ] GC(3545) Skipped phase4 of Reference Processing due to unavailable references
[170.319s][debug][gc,ergo           ] GC(3545) Running G1 Free Collection Set using 8 workers for collection set length 873 (1456)
[170.319s][debug][gc,ergo           ] GC(3545) Running G1 Rebuild Free List Task using 8 workers for rebuilding free list of 0 (4096) regions
[170.319s][trace][gc,age            ] GC(3545) Age table with threshold 15 (max threshold 15)
[170.319s][trace][gc,age            ] GC(3545) - age   1:    4802608 bytes,    4802608 total
[170.319s][debug][gc,plab           ] GC(3545) Young PLAB allocation: allocated: 12384B, wasted: 0B, unused: 9936B, used: 2448B, undo waste: 0B, 
[170.319s][debug][gc,plab           ] GC(3545) Young other allocation: region end waste: 1234488B, regions filled: 6, direct allocated: 4800160B, failure used: 0B, failure wasted: 0B
[170.319s][debug][gc,plab           ] GC(3545) Young sizing: calculated: 0B, actual: 2064B
[170.320s][debug][gc,plab           ] GC(3545) Old PLAB allocation: allocated: 0B, wasted: 0B, unused: 0B, used: 0B, undo waste: 0B, 
[170.320s][debug][gc,plab           ] GC(3545) Old other allocation: region end waste: 0B, regions filled: 1, direct allocated: 0B, failure used: 0B, failure wasted: 0B
[170.320s][debug][gc,plab           ] GC(3545) Old sizing: calculated: 0B, actual: 2064B
[170.320s][debug][gc,ihop           ] GC(3545) Basic information (value update), threshold: 687026995B (45.00), target occupancy: 1526726656B, current occupancy: 23916856B, recent allocation size: 0B, recent allocation duration: 58.46ms, recent old gen allocation rate: 0.00B/s, recent marking phase length: 29.01ms
[170.320s][debug][gc,ihop           ] GC(3545) Adaptive IHOP information (value update), threshold: 687026995B (47.37), internal target occupancy: 1450390323B, occupancy: 23916856B, additional buffer size: 915406848B, predicted old gen allocation rate: 20760.54B/s, predicted marking phase length: 58.01ms, prediction active: false
[170.320s][debug][gc,ergo,refine    ] GC(3545) Concurrent refinement times: Logged Cards Scan time goal: 20.00ms Logged Cards Scan time: 0.00ms HCC time: 0.00ms
[170.320s][debug][gc,ergo,refine    ] GC(3545) Updated Refinement Zones: green: 2048, yellow: 6144, red: 10240
[170.320s][info ][gc,phases         ] GC(3545)   Pre Evacuate Collection Set: 0.2ms
[170.320s][debug][gc,phases         ] GC(3545)     Prepare TLABs: 0.0ms
[170.320s][debug][gc,phases         ] GC(3545)     Choose Collection Set: 0.0ms
[170.320s][debug][gc,phases         ] GC(3545)     Region Register: 0.1ms
[170.320s][debug][gc,phases         ] GC(3545)     Prepare Heap Roots: 0.0ms
[170.320s][info ][gc,phases         ] GC(3545)   Merge Heap Roots: 0.2ms
[170.320s][debug][gc,phases         ] GC(3545)     Prepare Merge Heap Roots: 0.0ms
[170.320s][debug][gc,phases         ] GC(3545)     Eager Reclaim (ms):       skipped
[170.320s][debug][gc,phases         ] GC(3545)     Remembered Sets (ms):     Min:  0.0, Avg:  0.0, Max:  0.1, Diff:  0.0, Sum:  0.3, Workers: 8
[170.320s][debug][gc,phases         ] GC(3545)       Merged Sparse:            Min: 0, Avg:  0.0, Max: 0, Diff: 0, Sum: 0, Workers: 8
[170.320s][debug][gc,phases         ] GC(3545)       Merged Fine:              Min: 0, Avg:  0.0, Max: 0, Diff: 0, Sum: 0, Workers: 8
[170.320s][debug][gc,phases         ] GC(3545)       Merged Coarse:            Min: 0, Avg:  0.0, Max: 0, Diff: 0, Sum: 0, Workers: 8
[170.320s][debug][gc,phases         ] GC(3545)       Dirty Cards:              Min: 0, Avg:  0.0, Max: 0, Diff: 0, Sum: 0, Workers: 8
[170.320s][debug][gc,phases         ] GC(3545)     Hot Card Cache (ms):      Min:  0.0, Avg:  0.0, Max:  0.0, Diff:  0.0, Sum:  0.0, Workers: 8
[170.320s][debug][gc,phases         ] GC(3545)       Dirty Cards:              Min: 0, Avg:  0.0, Max: 0, Diff: 0, Sum: 0, Workers: 8
[170.320s][debug][gc,phases         ] GC(3545)       Skipped Cards:            Min: 0, Avg:  0.0, Max: 0, Diff: 0, Sum: 0, Workers: 8
[170.320s][debug][gc,phases         ] GC(3545)     Log Buffers (ms):         Min:  0.0, Avg:  0.0, Max:  0.0, Diff:  0.0, Sum:  0.0, Workers: 8
[170.320s][debug][gc,phases         ] GC(3545)       Dirty Cards:              Min: 0, Avg:  0.1, Max: 1, Diff: 1, Sum: 1, Workers: 8
[170.320s][debug][gc,phases         ] GC(3545)       Skipped Cards:            Min: 0, Avg:  0.0, Max: 0, Diff: 0, Sum: 0, Workers: 8
[170.320s][info ][gc,phases         ] GC(3545)   Evacuate Collection Set: 0.7ms
[170.320s][debug][gc,phases         ] GC(3545)     Ext Root Scanning (ms):   Min:  0.0, Avg:  0.3, Max:  0.5, Diff:  0.5, Sum:  2.3, Workers: 8
[170.320s][debug][gc,phases         ] GC(3545)     Scan Heap Roots (ms):     Min:  0.0, Avg:  0.0, Max:  0.0, Diff:  0.0, Sum:  0.0, Workers: 8
[170.320s][debug][gc,phases         ] GC(3545)       Scanned Cards:            Min: 0, Avg:  0.1, Max: 1, Diff: 1, Sum: 1, Workers: 8
[170.320s][debug][gc,phases         ] GC(3545)       Scanned Blocks:           Min: 0, Avg:  0.1, Max: 1, Diff: 1, Sum: 1, Workers: 8
[170.320s][debug][gc,phases         ] GC(3545)       Claimed Chunks:           Min: 0, Avg:  0.1, Max: 1, Diff: 1, Sum: 1, Workers: 8
[170.320s][debug][gc,phases         ] GC(3545)     Code Root Scan (ms):      Min:  0.0, Avg:  0.0, Max:  0.0, Diff:  0.0, Sum:  0.2, Workers: 8
[170.320s][debug][gc,phases         ] GC(3545)     Object Copy (ms):         Min:  0.0, Avg:  0.0, Max:  0.0, Diff:  0.0, Sum:  0.0, Workers: 8
[170.320s][debug][gc,phases         ] GC(3545)     Termination (ms):         Min:  0.0, Avg:  0.1, Max:  0.1, Diff:  0.1, Sum:  0.6, Workers: 8
[170.320s][debug][gc,phases         ] GC(3545)       Termination Attempts:     Min: 1, Avg:  1.0, Max: 1, Diff: 0, Sum: 8, Workers: 8
[170.320s][debug][gc,phases         ] GC(3545)     GC Worker Other (ms):     Min:  0.0, Avg:  0.1, Max:  0.1, Diff:  0.1, Sum:  0.5, Workers: 8
[170.320s][debug][gc,phases         ] GC(3545)     GC Worker Total (ms):     Min:  0.0, Avg:  0.4, Max:  0.6, Diff:  0.6, Sum:  3.5, Workers: 8
[170.320s][info ][gc,phases         ] GC(3545)   Post Evacuate Collection Set: 0.7ms
[170.320s][debug][gc,phases         ] GC(3545)     Code Roots Fixup: 0.0ms
[170.320s][debug][gc,phases         ] GC(3545)     Clear Card Table: 0.2ms
[170.320s][debug][gc,phases         ] GC(3545)     Reference Processing: 0.0ms
[170.320s][debug][gc,phases,ref     ] GC(3545)       Reconsider SoftReferences: 0.0ms
[170.320s][debug][gc,phases,ref     ] GC(3545)         SoftRef (ms):             skipped
[170.320s][debug][gc,phases,ref     ] GC(3545)       Notify Soft/WeakReferences: 0.0ms
[170.320s][debug][gc,phases,ref     ] GC(3545)         SoftRef (ms):             skipped
[170.320s][debug][gc,phases,ref     ] GC(3545)         WeakRef (ms):             skipped
[170.320s][debug][gc,phases,ref     ] GC(3545)         FinalRef (ms):            skipped
[170.320s][debug][gc,phases,ref     ] GC(3545)         Total (ms):               skipped
[170.320s][debug][gc,phases,ref     ] GC(3545)       Notify and keep alive finalizable: 0.0ms
[170.320s][debug][gc,phases,ref     ] GC(3545)         FinalRef (ms):            skipped
[170.320s][debug][gc,phases,ref     ] GC(3545)       Notify PhantomReferences: 0.0ms
[170.320s][debug][gc,phases,ref     ] GC(3545)         PhantomRef (ms):          skipped
[170.320s][debug][gc,phases,ref     ] GC(3545)       SoftReference:
[170.320s][debug][gc,phases,ref     ] GC(3545)         Discovered: 0
[170.320s][debug][gc,phases,ref     ] GC(3545)         Cleared: 0
[170.320s][debug][gc,phases,ref     ] GC(3545)       WeakReference:
[170.320s][debug][gc,phases,ref     ] GC(3545)         Discovered: 0
[170.320s][debug][gc,phases,ref     ] GC(3545)         Cleared: 0
[170.320s][debug][gc,phases,ref     ] GC(3545)       FinalReference:
[170.320s][debug][gc,phases,ref     ] GC(3545)         Discovered: 0
[170.320s][debug][gc,phases,ref     ] GC(3545)         Cleared: 0
[170.320s][debug][gc,phases,ref     ] GC(3545)       PhantomReference:
[170.320s][debug][gc,phases,ref     ] GC(3545)         Discovered: 0
[170.320s][debug][gc,phases,ref     ] GC(3545)         Cleared: 0
[170.320s][debug][gc,phases         ] GC(3545)     Weak Processing: 0.1ms
[170.320s][debug][gc,phases         ] GC(3545)       JVMTI weak processing: 0.0ms
[170.320s][debug][gc,phases         ] GC(3545)         Dead: 0
[170.320s][debug][gc,phases         ] GC(3545)         Total: 0
[170.320s][debug][gc,phases         ] GC(3545)       JFR weak processing: 0.0ms
[170.320s][debug][gc,phases         ] GC(3545)         Dead: 0
[170.320s][debug][gc,phases         ] GC(3545)         Total: 0
[170.320s][debug][gc,phases         ] GC(3545)       JNI weak                  Min:  0.0, Avg:  0.0, Max:  0.0, Diff:  0.0, Sum:  0.0, Workers: 5
[170.320s][debug][gc,phases         ] GC(3545)         Dead                      Min: 0, Avg:  0.0, Max: 0, Diff: 0, Sum: 0, Workers: 5
[170.320s][debug][gc,phases         ] GC(3545)         Total                     Min: 0, Avg: 25.6, Max: 64, Diff: 64, Sum: 128, Workers: 5
[170.320s][debug][gc,phases         ] GC(3545)       VM weak                   Min:  0.0, Avg:  0.0, Max:  0.0, Diff:  0.0, Sum:  0.0, Workers: 5
[170.320s][debug][gc,phases         ] GC(3545)         Dead                      Min: 0, Avg:  0.0, Max: 0, Diff: 0, Sum: 0, Workers: 5
[170.320s][debug][gc,phases         ] GC(3545)         Total                     Min: 0, Avg: 42.4, Max: 128, Diff: 128, Sum: 212, Workers: 5
[170.321s][debug][gc,phases         ] GC(3545)       StringTable weak          Min:  0.0, Avg:  0.0, Max:  0.0, Diff:  0.0, Sum:  0.1, Workers: 5
[170.321s][debug][gc,phases         ] GC(3545)         Dead                      Min: 0, Avg:  0.0, Max: 0, Diff: 0, Sum: 0, Workers: 5
[170.321s][debug][gc,phases         ] GC(3545)         Total                     Min: 0, Avg: 686.2, Max: 1536, Diff: 1536, Sum: 3431, Workers: 5
[170.321s][debug][gc,phases         ] GC(3545)       ResolvedMethodTable weak  Min:  0.0, Avg:  0.0, Max:  0.0, Diff:  0.0, Sum:  0.0, Workers: 5
[170.321s][debug][gc,phases         ] GC(3545)         Dead                      Min: 0, Avg:  0.0, Max: 0, Diff: 0, Sum: 0, Workers: 5
[170.321s][debug][gc,phases         ] GC(3545)         Total                     Min: 0, Avg: 114.6, Max: 189, Diff: 189, Sum: 573, Workers: 5
[170.321s][debug][gc,phases         ] GC(3545)     Merge Per-Thread State: 0.0ms
[170.321s][debug][gc,phases         ] GC(3545)       Copied Bytes              Min: 0, Avg: 600326.0, Max: 1200184, Diff: 1200184, Sum: 4802608, Workers: 8
[170.321s][debug][gc,phases         ] GC(3545)       LAB Waste                 Min: 0, Avg:  0.0, Max: 0, Diff: 0, Sum: 0, Workers: 8
[170.321s][debug][gc,phases         ] GC(3545)       LAB Undo Waste            Min: 0, Avg:  0.0, Max: 0, Diff: 0, Sum: 0, Workers: 8
[170.321s][debug][gc,phases         ] GC(3545)     Code Roots Purge: 0.0ms
[170.321s][debug][gc,phases         ] GC(3545)     Redirty Cards: 0.0ms
[170.321s][debug][gc,phases         ] GC(3545)     DerivedPointerTable Update: 0.0ms
[170.321s][debug][gc,phases         ] GC(3545)     Free Collection Set: 0.2ms
[170.321s][debug][gc,phases         ] GC(3545)     Rebuild Free List: 0.1ms
[170.321s][debug][gc,phases         ] GC(3545)     Humongous Reclaim: 0.0ms
[170.321s][debug][gc,phases         ] GC(3545)     Start New Collection Set: 0.0ms
[170.321s][debug][gc,phases         ] GC(3545)     Resize TLABs: 0.0ms
[170.321s][debug][gc,phases         ] GC(3545)     Expand Heap After Collection: 0.0ms
[170.321s][info ][gc,phases         ] GC(3545)   Other: 0.5ms
[170.321s][info ][gc,heap           ] GC(3545) Eden regions: 869->0(867)
[170.321s][info ][gc,heap           ] GC(3545) Survivor regions: 4->6(110)
[170.321s][info ][gc,heap           ] GC(3545) Old regions: 17->17
[170.321s][info ][gc,heap           ] GC(3545) Archive regions: 2->2
[170.321s][info ][gc,heap           ] GC(3545) Humongous regions: 0->0
[170.321s][info ][gc,metaspace      ] GC(3545) Metaspace: 10069K(10624K)->10069K(10624K) NonClass: 8921K(9216K)->8921K(9216K) Class: 1148K(1408K)->1148K(1408K)
[170.321s][debug][gc,heap           ] GC(3545) Heap after GC invocations=3546 (full 1): garbage-first heap   total 1490944K, used 23356K [0x0000000700000000, 0x0000000800000000)
[170.321s][debug][gc,heap           ] GC(3545)   region size 1024K, 6 young (6144K), 6 survivors (6144K)
[170.321s][debug][gc,heap           ] GC(3545)  Metaspace       used 10069K, capacity 10368K, committed 10624K, reserved 1058816K
[170.321s][debug][gc,heap           ] GC(3545)   class space    used 1148K, capacity 1266K, committed 1408K, reserved 1048576K
[170.321s][info ][gc                ] GC(3545) Pause Young (Normal) (G1 Evacuation Pause) 889M->22M(1456M) 3.376ms
[170.321s][info ][gc,cpu            ] GC(3545) User=0.01s Sys=0.00s Real=0.00s
[170.321s][info ][safepoint         ] Safepoint "G1CollectForAllocation", Time since last: 50595712 ns, Reaching safepoint: 195477 ns, At safepoint: 3785740 ns, Total: 3981217 ns
[170.367s][debug][gc,heap           ] GC(3546) Heap before GC invocations=3546 (full 1): garbage-first heap   total 1490944K, used 910140K [0x0000000700000000, 0x0000000800000000)
[170.367s][debug][gc,heap           ] GC(3546)   region size 1024K, 873 young (893952K), 6 survivors (6144K)
[170.367s][debug][gc,heap           ] GC(3546)  Metaspace       used 10069K, capacity 10368K, committed 10624K, reserved 1058816K
[170.367s][debug][gc,heap           ] GC(3546)   class space    used 1148K, capacity 1266K, committed 1408K, reserved 1048576K
[170.367s][info ][gc,start          ] GC(3546) Pause Young (Normal) (G1 Evacuation Pause)
[170.367s][info ][gc,task           ] GC(3546) Using 8 workers of 8 for evacuation
[170.367s][debug][gc,tlab           ] GC(3546) TLAB totals: thrds: 8  refills: 18 max: 3 slow allocs: 1725 max 255 waste: 14.0% gc: 805872B max: 196736B slow: 88208B max: 15488B fast: 0B max: 0B
[170.367s][debug][gc,age            ] GC(3546) Desired survivor size 57671680 bytes, new threshold 15 (max threshold 15)
[170.367s][debug][gc,alloc,region   ] GC(3546) Mutator Allocation stats, regions: 867, wasted size: 203M (23.5%)
[170.368s][debug][gc,ergo           ] GC(3546) Running G1 Merge Heap Roots using 8 workers for 873 regions
[170.368s][debug][gc,remset         ] GC(3546) Visited cards 512 Total dirty 4096 (12.50%) Total old 3614720 (0.01%)
[170.368s][debug][gc,ergo           ] GC(3546) Running G1 Clear Card Table Task using 2 workers for 2 units of work for 875 regions.
[170.369s][debug][gc,ref            ] GC(3546) Skipped phase1 of Reference Processing due to unavailable references
[170.369s][debug][gc,ref            ] GC(3546) Skipped phase2 of Reference Processing due to unavailable references
[170.369s][debug][gc,ref            ] GC(3546) Skipped phase3 of Reference Processing due to unavailable references
[170.369s][debug][gc,ref            ] GC(3546) Skipped phase4 of Reference Processing due to unavailable references
[170.369s][debug][gc,ergo           ] GC(3546) Running G1 Free Collection Set using 8 workers for collection set length 873 (1456)
[170.369s][debug][gc,ergo           ] GC(3546) Running G1 Rebuild Free List Task using 8 workers for rebuilding free list of 0 (4096) regions
[170.369s][trace][gc,age            ] GC(3546) Age table with threshold 15 (max threshold 15)
[170.369s][trace][gc,age            ] GC(3546) - age   1:    3202568 bytes,    3202568 total
[170.369s][debug][gc,plab           ] GC(3546) Young PLAB allocation: allocated: 14448B, wasted: 0B, unused: 12000B, used: 2448B, undo waste: 0B, 
[170.369s][debug][gc,plab           ] GC(3546) Young other allocation: region end waste: 733248B, regions filled: 4, direct allocated: 3200120B, failure used: 0B, failure wasted: 0B
[170.369s][debug][gc,plab           ] GC(3546) Young sizing: calculated: 0B, actual: 2064B
[170.369s][debug][gc,plab           ] GC(3546) Old PLAB allocation: allocated: 0B, wasted: 0B, unused: 0B, used: 0B, undo waste: 0B, 
[170.369s][debug][gc,plab           ] GC(3546) Old other allocation: region end waste: 0B, regions filled: 1, direct allocated: 0B, failure used: 0B, failure wasted: 0B
[170.369s][debug][gc,plab           ] GC(3546) Old sizing: calculated: 0B, actual: 2064B
[170.369s][debug][gc,ihop           ] GC(3546) Basic information (value update), threshold: 687026995B (45.00), target occupancy: 1526726656B, current occupancy: 21817640B, recent allocation size: 0B, recent allocation duration: 47.88ms, recent old gen allocation rate: 0.00B/s, recent marking phase length: 29.01ms
[170.369s][debug][gc,ihop           ] GC(3546) Adaptive IHOP information (value update), threshold: 687026995B (47.37), internal target occupancy: 1450390323B, occupancy: 21817640B, additional buffer size: 915406848B, predicted old gen allocation rate: 20143.93B/s, predicted marking phase length: 58.01ms, prediction active: false
[170.369s][debug][gc,ergo,refine    ] GC(3546) Concurrent refinement times: Logged Cards Scan time goal: 20.00ms Logged Cards Scan time: 0.00ms HCC time: 0.00ms
[170.369s][debug][gc,ergo,refine    ] GC(3546) Updated Refinement Zones: green: 2048, yellow: 6144, red: 10240
[170.369s][info ][gc,phases         ] GC(3546)   Pre Evacuate Collection Set: 0.1ms
[170.369s][debug][gc,phases         ] GC(3546)     Prepare TLABs: 0.0ms
[170.369s][debug][gc,phases         ] GC(3546)     Choose Collection Set: 0.0ms
[170.369s][debug][gc,phases         ] GC(3546)     Region Register: 0.1ms
[170.369s][debug][gc,phases         ] GC(3546)     Prepare Heap Roots: 0.0ms
[170.369s][info ][gc,phases         ] GC(3546)   Merge Heap Roots: 0.1ms
[170.369s][debug][gc,phases         ] GC(3546)     Prepare Merge Heap Roots: 0.0ms
[170.369s][debug][gc,phases         ] GC(3546)     Eager Reclaim (ms):       skipped
[170.369s][debug][gc,phases         ] GC(3546)     Remembered Sets (ms):     Min:  0.0, Avg:  0.0, Max:  0.1, Diff:  0.0, Sum:  0.3, Workers: 8
[170.369s][debug][gc,phases         ] GC(3546)       Merged Sparse:            Min: 0, Avg:  0.0, Max: 0, Diff: 0, Sum: 0, Workers: 8
[170.369s][debug][gc,phases         ] GC(3546)       Merged Fine:              Min: 0, Avg:  0.0, Max: 0, Diff: 0, Sum: 0, Workers: 8
[170.369s][debug][gc,phases         ] GC(3546)       Merged Coarse:            Min: 0, Avg:  0.0, Max: 0, Diff: 0, Sum: 0, Workers: 8
[170.369s][debug][gc,phases         ] GC(3546)       Dirty Cards:              Min: 0, Avg:  0.0, Max: 0, Diff: 0, Sum: 0, Workers: 8
[170.369s][debug][gc,phases         ] GC(3546)     Hot Card Cache (ms):      Min:  0.0, Avg:  0.0, Max:  0.0, Diff:  0.0, Sum:  0.0, Workers: 8
[170.369s][debug][gc,phases         ] GC(3546)       Dirty Cards:              Min: 0, Avg:  0.0, Max: 0, Diff: 0, Sum: 0, Workers: 8
[170.369s][debug][gc,phases         ] GC(3546)       Skipped Cards:            Min: 0, Avg:  0.0, Max: 0, Diff: 0, Sum: 0, Workers: 8
[170.369s][debug][gc,phases         ] GC(3546)     Log Buffers (ms):         Min:  0.0, Avg:  0.0, Max:  0.0, Diff:  0.0, Sum:  0.0, Workers: 8
[170.369s][debug][gc,phases         ] GC(3546)       Dirty Cards:              Min: 0, Avg:  0.2, Max: 2, Diff: 2, Sum: 2, Workers: 8
[170.369s][debug][gc,phases         ] GC(3546)       Skipped Cards:            Min: 0, Avg:  0.0, Max: 0, Diff: 0, Sum: 0, Workers: 8
[170.369s][info ][gc,phases         ] GC(3546)   Evacuate Collection Set: 0.5ms
[170.369s][debug][gc,phases         ] GC(3546)     Ext Root Scanning (ms):   Min:  0.2, Avg:  0.3, Max:  0.4, Diff:  0.2, Sum:  2.3, Workers: 8
[170.369s][debug][gc,phases         ] GC(3546)     Scan Heap Roots (ms):     Min:  0.0, Avg:  0.0, Max:  0.0, Diff:  0.0, Sum:  0.0, Workers: 8
[170.369s][debug][gc,phases         ] GC(3546)       Scanned Cards:            Min: 0, Avg:  0.2, Max: 1, Diff: 1, Sum: 2, Workers: 8
[170.369s][debug][gc,phases         ] GC(3546)       Scanned Blocks:           Min: 0, Avg:  0.2, Max: 1, Diff: 1, Sum: 2, Workers: 8
[170.369s][debug][gc,phases         ] GC(3546)       Claimed Chunks:           Min: 0, Avg:  0.2, Max: 1, Diff: 1, Sum: 2, Workers: 8
[170.369s][debug][gc,phases         ] GC(3546)     Code Root Scan (ms):      Min:  0.0, Avg:  0.0, Max:  0.0, Diff:  0.0, Sum:  0.2, Workers: 8
[170.369s][debug][gc,phases         ] GC(3546)     Object Copy (ms):         Min:  0.0, Avg:  0.0, Max:  0.0, Diff:  0.0, Sum:  0.0, Workers: 8
[170.369s][debug][gc,phases         ] GC(3546)     Termination (ms):         Min:  0.0, Avg:  0.1, Max:  0.1, Diff:  0.0, Sum:  0.5, Workers: 8
[170.369s][debug][gc,phases         ] GC(3546)       Termination Attempts:     Min: 1, Avg:  1.0, Max: 1, Diff: 0, Sum: 8, Workers: 8
[170.369s][debug][gc,phases         ] GC(3546)     GC Worker Other (ms):     Min:  0.0, Avg:  0.1, Max:  0.1, Diff:  0.1, Sum:  0.5, Workers: 8
[170.369s][debug][gc,phases         ] GC(3546)     GC Worker Total (ms):     Min:  0.4, Avg:  0.4, Max:  0.5, Diff:  0.1, Sum:  3.5, Workers: 8
[170.369s][info ][gc,phases         ] GC(3546)   Post Evacuate Collection Set: 0.8ms
[170.369s][debug][gc,phases         ] GC(3546)     Code Roots Fixup: 0.0ms
[170.369s][debug][gc,phases         ] GC(3546)     Clear Card Table: 0.3ms
[170.369s][debug][gc,phases         ] GC(3546)     Reference Processing: 0.0ms
[170.369s][debug][gc,phases,ref     ] GC(3546)       Reconsider SoftReferences: 0.0ms
[170.369s][debug][gc,phases,ref     ] GC(3546)         SoftRef (ms):             skipped
[170.369s][debug][gc,phases,ref     ] GC(3546)       Notify Soft/WeakReferences: 0.0ms
[170.369s][debug][gc,phases,ref     ] GC(3546)         SoftRef (ms):             skipped
[170.369s][debug][gc,phases,ref     ] GC(3546)         WeakRef (ms):             skipped
[170.369s][debug][gc,phases,ref     ] GC(3546)         FinalRef (ms):            skipped
[170.369s][debug][gc,phases,ref     ] GC(3546)         Total (ms):               skipped
[170.370s][debug][gc,phases,ref     ] GC(3546)       Notify and keep alive finalizable: 0.0ms
[170.370s][debug][gc,phases,ref     ] GC(3546)         FinalRef (ms):            skipped
[170.370s][debug][gc,phases,ref     ] GC(3546)       Notify PhantomReferences: 0.0ms
[170.370s][debug][gc,phases,ref     ] GC(3546)         PhantomRef (ms):          skipped
[170.370s][debug][gc,phases,ref     ] GC(3546)       SoftReference:
[170.370s][debug][gc,phases,ref     ] GC(3546)         Discovered: 0
[170.370s][debug][gc,phases,ref     ] GC(3546)         Cleared: 0
[170.370s][debug][gc,phases,ref     ] GC(3546)       WeakReference:
[170.370s][debug][gc,phases,ref     ] GC(3546)         Discovered: 0
[170.370s][debug][gc,phases,ref     ] GC(3546)         Cleared: 0
[170.370s][debug][gc,phases,ref     ] GC(3546)       FinalReference:
[170.370s][debug][gc,phases,ref     ] GC(3546)         Discovered: 0
[170.370s][debug][gc,phases,ref     ] GC(3546)         Cleared: 0
[170.370s][debug][gc,phases,ref     ] GC(3546)       PhantomReference:
[170.370s][debug][gc,phases,ref     ] GC(3546)         Discovered: 0
[170.370s][debug][gc,phases,ref     ] GC(3546)         Cleared: 0
[170.370s][debug][gc,phases         ] GC(3546)     Weak Processing: 0.0ms
[170.370s][debug][gc,phases         ] GC(3546)       JVMTI weak processing: 0.0ms
[170.370s][debug][gc,phases         ] GC(3546)         Dead: 0
[170.370s][debug][gc,phases         ] GC(3546)         Total: 0
[170.370s][debug][gc,phases         ] GC(3546)       JFR weak processing: 0.0ms
[170.370s][debug][gc,phases         ] GC(3546)         Dead: 0
[170.370s][debug][gc,phases         ] GC(3546)         Total: 0
[170.370s][debug][gc,phases         ] GC(3546)       JNI weak                  Min:  0.0, Avg:  0.0, Max:  0.0, Diff:  0.0, Sum:  0.0, Workers: 5
[170.370s][debug][gc,phases         ] GC(3546)         Dead                      Min: 0, Avg:  0.0, Max: 0, Diff: 0, Sum: 0, Workers: 5
[170.370s][debug][gc,phases         ] GC(3546)         Total                     Min: 0, Avg: 25.6, Max: 128, Diff: 128, Sum: 128, Workers: 5
[170.370s][debug][gc,phases         ] GC(3546)       VM weak                   Min:  0.0, Avg:  0.0, Max:  0.0, Diff:  0.0, Sum:  0.0, Workers: 5
[170.370s][debug][gc,phases         ] GC(3546)         Dead                      Min: 0, Avg:  0.0, Max: 0, Diff: 0, Sum: 0, Workers: 5
[170.370s][debug][gc,phases         ] GC(3546)         Total                     Min: 0, Avg: 42.4, Max: 84, Diff: 84, Sum: 212, Workers: 5
[170.370s][debug][gc,phases         ] GC(3546)       StringTable weak          Min:  0.0, Avg:  0.0, Max:  0.0, Diff:  0.0, Sum:  0.1, Workers: 5
[170.370s][debug][gc,phases         ] GC(3546)         Dead                      Min: 0, Avg:  0.0, Max: 0, Diff: 0, Sum: 0, Workers: 5
[170.370s][debug][gc,phases         ] GC(3546)         Total                     Min: 576, Avg: 686.2, Max: 832, Diff: 256, Sum: 3431, Workers: 5
[170.370s][debug][gc,phases         ] GC(3546)       ResolvedMethodTable weak  Min:  0.0, Avg:  0.0, Max:  0.0, Diff:  0.0, Sum:  0.0, Workers: 5
[170.370s][debug][gc,phases         ] GC(3546)         Dead                      Min: 0, Avg:  0.0, Max: 0, Diff: 0, Sum: 0, Workers: 5
[170.370s][debug][gc,phases         ] GC(3546)         Total                     Min: 0, Avg: 114.6, Max: 189, Diff: 189, Sum: 573, Workers: 5
[170.370s][debug][gc,phases         ] GC(3546)     Merge Per-Thread State: 0.0ms
[170.370s][debug][gc,phases         ] GC(3546)       Copied Bytes              Min: 0, Avg: 400321.0, Max: 800096, Diff: 800096, Sum: 3202568, Workers: 8
[170.370s][debug][gc,phases         ] GC(3546)       LAB Waste                 Min: 0, Avg:  0.0, Max: 0, Diff: 0, Sum: 0, Workers: 8
[170.370s][debug][gc,phases         ] GC(3546)       LAB Undo Waste            Min: 0, Avg:  0.0, Max: 0, Diff: 0, Sum: 0, Workers: 8
[170.370s][debug][gc,phases         ] GC(3546)     Code Roots Purge: 0.0ms
[170.370s][debug][gc,phases         ] GC(3546)     Redirty Cards: 0.1ms
[170.370s][debug][gc,phases         ] GC(3546)     DerivedPointerTable Update: 0.0ms
[170.370s][debug][gc,phases         ] GC(3546)     Free Collection Set: 0.2ms
[170.370s][debug][gc,phases         ] GC(3546)     Rebuild Free List: 0.1ms
[170.370s][debug][gc,phases         ] GC(3546)     Humongous Reclaim: 0.0ms
[170.370s][debug][gc,phases         ] GC(3546)     Start New Collection Set: 0.0ms
[170.370s][debug][gc,phases         ] GC(3546)     Resize TLABs: 0.0ms
[170.370s][debug][gc,phases         ] GC(3546)     Expand Heap After Collection: 0.0ms
[170.370s][info ][gc,phases         ] GC(3546)   Other: 0.4ms
[170.370s][info ][gc,heap           ] GC(3546) Eden regions: 867->0(869)
[170.370s][info ][gc,heap           ] GC(3546) Survivor regions: 6->4(110)
[170.370s][info ][gc,heap           ] GC(3546) Old regions: 17->17
[170.370s][info ][gc,heap           ] GC(3546) Archive regions: 2->2
[170.370s][info ][gc,heap           ] GC(3546) Humongous regions: 0->0
[170.370s][info ][gc,metaspace      ] GC(3546) Metaspace: 10069K(10624K)->10069K(10624K) NonClass: 8921K(9216K)->8921K(9216K) Class: 1148K(1408K)->1148K(1408K)
[170.370s][debug][gc,heap           ] GC(3546) Heap after GC invocations=3547 (full 1): garbage-first heap   total 1490944K, used 21306K [0x0000000700000000, 0x0000000800000000)
[170.370s][debug][gc,heap           ] GC(3546)   region size 1024K, 4 young (4096K), 4 survivors (4096K)
[170.370s][debug][gc,heap           ] GC(3546)  Metaspace       used 10069K, capacity 10368K, committed 10624K, reserved 1058816K
[170.370s][debug][gc,heap           ] GC(3546)   class space    used 1148K, capacity 1266K, committed 1408K, reserved 1048576K
[170.370s][info ][gc                ] GC(3546) Pause Young (Normal) (G1 Evacuation Pause) 889M->20M(1456M) 2.567ms
[170.370s][info ][gc,cpu            ] GC(3546) User=0.00s Sys=0.01s Real=0.00s
[170.370s][info ][safepoint         ] Safepoint "G1CollectForAllocation", Time since last: 45903782 ns, Reaching safepoint: 126992 ns, At safepoint: 2745807 ns, Total: 2872799 ns
[170.416s][debug][gc,heap           ] GC(3547) Heap before GC invocations=3547 (full 1): garbage-first heap   total 1490944K, used 910138K [0x0000000700000000, 0x0000000800000000)
[170.416s][debug][gc,heap           ] GC(3547)   region size 1024K, 873 young (893952K), 4 survivors (4096K)
[170.416s][debug][gc,heap           ] GC(3547)  Metaspace       used 10069K, capacity 10368K, committed 10624K, reserved 1058816K
[170.416s][debug][gc,heap           ] GC(3547)   class space    used 1148K, capacity 1266K, committed 1408K, reserved 1048576K
[170.416s][info ][gc,start          ] GC(3547) Pause Young (Normal) (G1 Evacuation Pause)
[170.416s][info ][gc,task           ] GC(3547) Using 8 workers of 8 for evacuation
[170.416s][debug][gc,tlab           ] GC(3547) TLAB totals: thrds: 8  refills: 12 max: 2 slow allocs: 1728 max 241 waste: 29.7% gc: 1085536B max: 229600B slow: 55096B max: 14304B fast: 0B max: 0B
[170.416s][debug][gc,age            ] GC(3547) Desired survivor size 57671680 bytes, new threshold 15 (max threshold 15)
[170.416s][debug][gc,alloc,region   ] GC(3547) Mutator Allocation stats, regions: 869, wasted size: 203M (23.4%)
[170.416s][debug][gc,ergo           ] GC(3547) Running G1 Merge Heap Roots using 8 workers for 873 regions
[170.416s][debug][gc,remset         ] GC(3547) Visited cards 256 Total dirty 2048 (12.50%) Total old 3614720 (0.01%)
[170.417s][debug][gc,ergo           ] GC(3547) Running G1 Clear Card Table Task using 2 workers for 2 units of work for 874 regions.
[170.418s][debug][gc,ref            ] GC(3547) Skipped phase1 of Reference Processing due to unavailable references
[170.418s][debug][gc,ref            ] GC(3547) Skipped phase2 of Reference Processing due to unavailable references
[170.418s][debug][gc,ref            ] GC(3547) Skipped phase3 of Reference Processing due to unavailable references
[170.418s][debug][gc,ref            ] GC(3547) Skipped phase4 of Reference Processing due to unavailable references
[170.418s][debug][gc,ergo           ] GC(3547) Running G1 Free Collection Set using 8 workers for collection set length 873 (1456)
[170.418s][debug][gc,ergo           ] GC(3547) Running G1 Rebuild Free List Task using 8 workers for rebuilding free list of 0 (4096) regions
[170.418s][trace][gc,age            ] GC(3547) Age table with threshold 15 (max threshold 15)
[170.418s][trace][gc,age            ] GC(3547) - age   1:    4002592 bytes,    4002592 total
[170.418s][debug][gc,plab           ] GC(3547) Young PLAB allocation: allocated: 8256B, wasted: 0B, unused: 5808B, used: 2448B, undo waste: 0B, 
[170.418s][debug][gc,plab           ] GC(3547) Young other allocation: region end waste: 987992B, regions filled: 5, direct allocated: 4000144B, failure used: 0B, failure wasted: 0B
[170.418s][debug][gc,plab           ] GC(3547) Young sizing: calculated: 0B, actual: 2064B
[170.418s][debug][gc,plab           ] GC(3547) Old PLAB allocation: allocated: 0B, wasted: 0B, unused: 0B, used: 0B, undo waste: 0B, 
[170.418s][debug][gc,plab           ] GC(3547) Old other allocation: region end waste: 0B, regions filled: 1, direct allocated: 0B, failure used: 0B, failure wasted: 0B
[170.418s][debug][gc,plab           ] GC(3547) Old sizing: calculated: 0B, actual: 2064B
[170.418s][debug][gc,ihop           ] GC(3547) Basic information (value update), threshold: 687026995B (45.00), target occupancy: 1526726656B, current occupancy: 22866216B, recent allocation size: 0B, recent allocation duration: 46.86ms, recent old gen allocation rate: 0.00B/s, recent marking phase length: 29.01ms
[170.418s][debug][gc,ihop           ] GC(3547) Adaptive IHOP information (value update), threshold: 687026995B (47.37), internal target occupancy: 1450390323B, occupancy: 22866216B, additional buffer size: 915406848B, predicted old gen allocation rate: 19547.35B/s, predicted marking phase length: 58.01ms, prediction active: false
[170.418s][debug][gc,ergo,refine    ] GC(3547) Concurrent refinement times: Logged Cards Scan time goal: 20.00ms Logged Cards Scan time: 0.00ms HCC time: 0.00ms
[170.418s][debug][gc,ergo,refine    ] GC(3547) Updated Refinement Zones: green: 2048, yellow: 6144, red: 10240
[170.418s][info ][gc,phases         ] GC(3547)   Pre Evacuate Collection Set: 0.2ms
[170.418s][debug][gc,phases         ] GC(3547)     Prepare TLABs: 0.0ms
[170.418s][debug][gc,phases         ] GC(3547)     Choose Collection Set: 0.0ms
[170.418s][debug][gc,phases         ] GC(3547)     Region Register: 0.2ms
[170.418s][debug][gc,phases         ] GC(3547)     Prepare Heap Roots: 0.0ms
[170.418s][info ][gc,phases         ] GC(3547)   Merge Heap Roots: 0.2ms
[170.418s][debug][gc,phases         ] GC(3547)     Prepare Merge Heap Roots: 0.0ms
[170.418s][debug][gc,phases         ] GC(3547)     Eager Reclaim (ms):       skipped
[170.418s][debug][gc,phases         ] GC(3547)     Remembered Sets (ms):     Min:  0.0, Avg:  0.0, Max:  0.1, Diff:  0.1, Sum:  0.2, Workers: 8
[170.418s][debug][gc,phases         ] GC(3547)       Merged Sparse:            Min: 0, Avg:  0.0, Max: 0, Diff: 0, Sum: 0, Workers: 8
[170.418s][debug][gc,phases         ] GC(3547)       Merged Fine:              Min: 0, Avg:  0.0, Max: 0, Diff: 0, Sum: 0, Workers: 8
[170.418s][debug][gc,phases         ] GC(3547)       Merged Coarse:            Min: 0, Avg:  0.0, Max: 0, Diff: 0, Sum: 0, Workers: 8
[170.418s][debug][gc,phases         ] GC(3547)       Dirty Cards:              Min: 0, Avg:  0.0, Max: 0, Diff: 0, Sum: 0, Workers: 8
[170.418s][debug][gc,phases         ] GC(3547)     Hot Card Cache (ms):      Min:  0.0, Avg:  0.0, Max:  0.0, Diff:  0.0, Sum:  0.0, Workers: 8
[170.418s][debug][gc,phases         ] GC(3547)       Dirty Cards:              Min: 0, Avg:  0.0, Max: 0, Diff: 0, Sum: 0, Workers: 8
[170.418s][debug][gc,phases         ] GC(3547)       Skipped Cards:            Min: 0, Avg:  0.0, Max: 0, Diff: 0, Sum: 0, Workers: 8
[170.418s][debug][gc,phases         ] GC(3547)     Log Buffers (ms):         Min:  0.0, Avg:  0.0, Max:  0.0, Diff:  0.0, Sum:  0.0, Workers: 8
[170.418s][debug][gc,phases         ] GC(3547)       Dirty Cards:              Min: 0, Avg:  0.1, Max: 1, Diff: 1, Sum: 1, Workers: 8
[170.418s][debug][gc,phases         ] GC(3547)       Skipped Cards:            Min: 0, Avg:  0.0, Max: 0, Diff: 0, Sum: 0, Workers: 8
[170.418s][info ][gc,phases         ] GC(3547)   Evacuate Collection Set: 0.8ms
[170.418s][debug][gc,phases         ] GC(3547)     Ext Root Scanning (ms):   Min:  0.0, Avg:  0.2, Max:  0.5, Diff:  0.5, Sum:  1.6, Workers: 8
[170.418s][debug][gc,phases         ] GC(3547)     Scan Heap Roots (ms):     Min:  0.0, Avg:  0.0, Max:  0.0, Diff:  0.0, Sum:  0.0, Workers: 8
[170.418s][debug][gc,phases         ] GC(3547)       Scanned Cards:            Min: 0, Avg:  0.1, Max: 1, Diff: 1, Sum: 1, Workers: 8
[170.418s][debug][gc,phases         ] GC(3547)       Scanned Blocks:           Min: 0, Avg:  0.1, Max: 1, Diff: 1, Sum: 1, Workers: 8
[170.418s][debug][gc,phases         ] GC(3547)       Claimed Chunks:           Min: 0, Avg:  0.1, Max: 1, Diff: 1, Sum: 1, Workers: 8
[170.418s][debug][gc,phases         ] GC(3547)     Code Root Scan (ms):      Min:  0.0, Avg:  0.0, Max:  0.0, Diff:  0.0, Sum:  0.2, Workers: 8
[170.418s][debug][gc,phases         ] GC(3547)     Object Copy (ms):         Min:  0.0, Avg:  0.0, Max:  0.0, Diff:  0.0, Sum:  0.0, Workers: 8
[170.418s][debug][gc,phases         ] GC(3547)     Termination (ms):         Min:  0.0, Avg:  0.1, Max:  0.1, Diff:  0.1, Sum:  0.7, Workers: 8
[170.418s][debug][gc,phases         ] GC(3547)       Termination Attempts:     Min: 1, Avg:  1.0, Max: 1, Diff: 0, Sum: 8, Workers: 8
[170.418s][debug][gc,phases         ] GC(3547)     GC Worker Other (ms):     Min:  0.0, Avg:  0.1, Max:  0.1, Diff:  0.1, Sum:  0.5, Workers: 8
[170.418s][debug][gc,phases         ] GC(3547)     GC Worker Total (ms):     Min:  0.1, Avg:  0.4, Max:  0.7, Diff:  0.6, Sum:  3.0, Workers: 8
[170.418s][info ][gc,phases         ] GC(3547)   Post Evacuate Collection Set: 0.7ms
[170.418s][debug][gc,phases         ] GC(3547)     Code Roots Fixup: 0.0ms
[170.418s][debug][gc,phases         ] GC(3547)     Clear Card Table: 0.3ms
[170.418s][debug][gc,phases         ] GC(3547)     Reference Processing: 0.0ms
[170.418s][debug][gc,phases,ref     ] GC(3547)       Reconsider SoftReferences: 0.0ms
[170.418s][debug][gc,phases,ref     ] GC(3547)         SoftRef (ms):             skipped
[170.418s][debug][gc,phases,ref     ] GC(3547)       Notify Soft/WeakReferences: 0.0ms
[170.418s][debug][gc,phases,ref     ] GC(3547)         SoftRef (ms):             skipped
[170.418s][debug][gc,phases,ref     ] GC(3547)         WeakRef (ms):             skipped
[170.418s][debug][gc,phases,ref     ] GC(3547)         FinalRef (ms):            skipped
[170.418s][debug][gc,phases,ref     ] GC(3547)         Total (ms):               skipped
[170.418s][debug][gc,phases,ref     ] GC(3547)       Notify and keep alive finalizable: 0.0ms
[170.418s][debug][gc,phases,ref     ] GC(3547)         FinalRef (ms):            skipped
[170.419s][debug][gc,phases,ref     ] GC(3547)       Notify PhantomReferences: 0.0ms
[170.419s][debug][gc,phases,ref     ] GC(3547)         PhantomRef (ms):          skipped
[170.419s][debug][gc,phases,ref     ] GC(3547)       SoftReference:
[170.419s][debug][gc,phases,ref     ] GC(3547)         Discovered: 0
[170.419s][debug][gc,phases,ref     ] GC(3547)         Cleared: 0
[170.419s][debug][gc,phases,ref     ] GC(3547)       WeakReference:
[170.419s][debug][gc,phases,ref     ] GC(3547)         Discovered: 0
[170.419s][debug][gc,phases,ref     ] GC(3547)         Cleared: 0
[170.419s][debug][gc,phases,ref     ] GC(3547)       FinalReference:
[170.419s][debug][gc,phases,ref     ] GC(3547)         Discovered: 0
[170.419s][debug][gc,phases,ref     ] GC(3547)         Cleared: 0
[170.419s][debug][gc,phases,ref     ] GC(3547)       PhantomReference:
[170.419s][debug][gc,phases,ref     ] GC(3547)         Discovered: 0
[170.419s][debug][gc,phases,ref     ] GC(3547)         Cleared: 0
[170.419s][debug][gc,phases         ] GC(3547)     Weak Processing: 0.1ms
[170.419s][debug][gc,phases         ] GC(3547)       JVMTI weak processing: 0.0ms
[170.419s][debug][gc,phases         ] GC(3547)         Dead: 0
[170.419s][debug][gc,phases         ] GC(3547)         Total: 0
[170.419s][debug][gc,phases         ] GC(3547)       JFR weak processing: 0.0ms
[170.419s][debug][gc,phases         ] GC(3547)         Dead: 0
[170.419s][debug][gc,phases         ] GC(3547)         Total: 0
[170.419s][debug][gc,phases         ] GC(3547)       JNI weak                  Min:  0.0, Avg:  0.0, Max:  0.0, Diff:  0.0, Sum:  0.0, Workers: 5
[170.419s][debug][gc,phases         ] GC(3547)         Dead                      Min: 0, Avg:  0.0, Max: 0, Diff: 0, Sum: 0, Workers: 5
[170.419s][debug][gc,phases         ] GC(3547)         Total                     Min: 0, Avg: 25.6, Max: 64, Diff: 64, Sum: 128, Workers: 5
[170.419s][debug][gc,phases         ] GC(3547)       VM weak                   Min:  0.0, Avg:  0.0, Max:  0.0, Diff:  0.0, Sum:  0.0, Workers: 5
[170.419s][debug][gc,phases         ] GC(3547)         Dead                      Min: 0, Avg:  0.0, Max: 0, Diff: 0, Sum: 0, Workers: 5
[170.419s][debug][gc,phases         ] GC(3547)         Total                     Min: 0, Avg: 42.4, Max: 64, Diff: 64, Sum: 212, Workers: 5
[170.419s][debug][gc,phases         ] GC(3547)       StringTable weak          Min:  0.0, Avg:  0.0, Max:  0.0, Diff:  0.0, Sum:  0.1, Workers: 5
[170.419s][debug][gc,phases         ] GC(3547)         Dead                      Min: 0, Avg:  0.0, Max: 0, Diff: 0, Sum: 0, Workers: 5
[170.419s][debug][gc,phases         ] GC(3547)         Total                     Min: 0, Avg: 686.2, Max: 896, Diff: 896, Sum: 3431, Workers: 5
[170.419s][debug][gc,phases         ] GC(3547)       ResolvedMethodTable weak  Min:  0.0, Avg:  0.0, Max:  0.0, Diff:  0.0, Sum:  0.0, Workers: 5
[170.419s][debug][gc,phases         ] GC(3547)         Dead                      Min: 0, Avg:  0.0, Max: 0, Diff: 0, Sum: 0, Workers: 5
[170.419s][debug][gc,phases         ] GC(3547)         Total                     Min: 0, Avg: 114.6, Max: 189, Diff: 189, Sum: 573, Workers: 5
[170.419s][debug][gc,phases         ] GC(3547)     Merge Per-Thread State: 0.0ms
[170.419s][debug][gc,phases         ] GC(3547)       Copied Bytes              Min: 0, Avg: 500324.0, Max: 1601296, Diff: 1601296, Sum: 4002592, Workers: 8
[170.419s][debug][gc,phases         ] GC(3547)       LAB Waste                 Min: 0, Avg:  0.0, Max: 0, Diff: 0, Sum: 0, Workers: 8
[170.419s][debug][gc,phases         ] GC(3547)       LAB Undo Waste            Min: 0, Avg:  0.0, Max: 0, Diff: 0, Sum: 0, Workers: 8
[170.419s][debug][gc,phases         ] GC(3547)     Code Roots Purge: 0.0ms
[170.419s][debug][gc,phases         ] GC(3547)     Redirty Cards: 0.0ms
[170.419s][debug][gc,phases         ] GC(3547)     DerivedPointerTable Update: 0.0ms
[170.419s][debug][gc,phases         ] GC(3547)     Free Collection Set: 0.2ms
[170.419s][debug][gc,phases         ] GC(3547)     Rebuild Free List: 0.1ms
[170.419s][debug][gc,phases         ] GC(3547)     Humongous Reclaim: 0.0ms
[170.419s][debug][gc,phases         ] GC(3547)     Start New Collection Set: 0.0ms
[170.419s][debug][gc,phases         ] GC(3547)     Resize TLABs: 0.0ms
[170.419s][debug][gc,phases         ] GC(3547)     Expand Heap After Collection: 0.0ms
[170.419s][info ][gc,phases         ] GC(3547)   Other: 0.5ms
[170.419s][info ][gc,heap           ] GC(3547) Eden regions: 869->0(868)
[170.419s][info ][gc,heap           ] GC(3547) Survivor regions: 4->5(110)
[170.419s][info ][gc,heap           ] GC(3547) Old regions: 17->17
[170.419s][info ][gc,heap           ] GC(3547) Archive regions: 2->2
[170.419s][info ][gc,heap           ] GC(3547) Humongous regions: 0->0
[170.419s][info ][gc,metaspace      ] GC(3547) Metaspace: 10069K(10624K)->10069K(10624K) NonClass: 8921K(9216K)->8921K(9216K) Class: 1148K(1408K)->1148K(1408K)
[170.419s][debug][gc,heap           ] GC(3547) Heap after GC invocations=3548 (full 1): garbage-first heap   total 1490944K, used 22330K [0x0000000700000000, 0x0000000800000000)
[170.419s][debug][gc,heap           ] GC(3547)   region size 1024K, 5 young (5120K), 5 survivors (5120K)
[170.419s][debug][gc,heap           ] GC(3547)  Metaspace       used 10069K, capacity 10368K, committed 10624K, reserved 1058816K
[170.419s][debug][gc,heap           ] GC(3547)   class space    used 1148K, capacity 1266K, committed 1408K, reserved 1048576K
[170.419s][info ][gc                ] GC(3547) Pause Young (Normal) (G1 Evacuation Pause) 889M->21M(1456M) 2.999ms
[170.419s][info ][gc,cpu            ] GC(3547) User=0.01s Sys=0.00s Real=0.01s
[170.419s][info ][safepoint         ] Safepoint "G1CollectForAllocation", Time since last: 45465356 ns, Reaching safepoint: 229221 ns, At safepoint: 3345011 ns, Total: 3574232 ns
[170.472s][debug][gc,heap           ] GC(3548) Heap before GC invocations=3548 (full 1): garbage-first heap   total 1490944K, used 910138K [0x0000000700000000, 0x0000000800000000)
[170.472s][debug][gc,heap           ] GC(3548)   region size 1024K, 873 young (893952K), 5 survivors (5120K)
[170.472s][debug][gc,heap           ] GC(3548)  Metaspace       used 10069K, capacity 10368K, committed 10624K, reserved 1058816K
[170.472s][debug][gc,heap           ] GC(3548)   class space    used 1148K, capacity 1266K, committed 1408K, reserved 1048576K
[170.472s][info ][gc,start          ] GC(3548) Pause Young (Normal) (G1 Evacuation Pause)
[170.472s][info ][gc,task           ] GC(3548) Using 8 workers of 8 for evacuation
[170.472s][debug][gc,tlab           ] GC(3548) TLAB totals: thrds: 8  refills: 19 max: 4 slow allocs: 1726 max 233 waste: 24.8% gc: 959112B max: 212304B slow: 65424B max: 16744B fast: 0B max: 0B
[170.472s][debug][gc,age            ] GC(3548) Desired survivor size 57671680 bytes, new threshold 15 (max threshold 15)
[170.472s][debug][gc,alloc,region   ] GC(3548) Mutator Allocation stats, regions: 868, wasted size: 203M (23.4%)
[170.473s][debug][gc,ergo           ] GC(3548) Running G1 Merge Heap Roots using 8 workers for 873 regions
[170.473s][debug][gc,remset         ] GC(3548) Visited cards 512 Total dirty 4096 (12.50%) Total old 3614720 (0.01%)
[170.473s][debug][gc,ergo           ] GC(3548) Running G1 Clear Card Table Task using 2 workers for 2 units of work for 875 regions.
[170.473s][debug][gc,ref            ] GC(3548) Skipped phase1 of Reference Processing due to unavailable references
[170.473s][debug][gc,ref            ] GC(3548) Skipped phase2 of Reference Processing due to unavailable references
[170.473s][debug][gc,ref            ] GC(3548) Skipped phase3 of Reference Processing due to unavailable references
[170.473s][debug][gc,ref            ] GC(3548) Skipped phase4 of Reference Processing due to unavailable references
[170.474s][debug][gc,ergo           ] GC(3548) Running G1 Free Collection Set using 8 workers for collection set length 873 (1456)
[170.474s][debug][gc,ergo           ] GC(3548) Running G1 Rebuild Free List Task using 8 workers for rebuilding free list of 0 (4096) regions
[170.474s][trace][gc,age            ] GC(3548) Age table with threshold 15 (max threshold 15)
[170.474s][trace][gc,age            ] GC(3548) - age   1:    3202568 bytes,    3202568 total
[170.474s][debug][gc,plab           ] GC(3548) Young PLAB allocation: allocated: 16512B, wasted: 0B, unused: 14064B, used: 2448B, undo waste: 0B, 
[170.474s][debug][gc,plab           ] GC(3548) Young other allocation: region end waste: 731184B, regions filled: 4, direct allocated: 3200120B, failure used: 0B, failure wasted: 0B
[170.474s][debug][gc,plab           ] GC(3548) Young sizing: calculated: 0B, actual: 2064B
[170.474s][debug][gc,plab           ] GC(3548) Old PLAB allocation: allocated: 0B, wasted: 0B, unused: 0B, used: 0B, undo waste: 0B, 
[170.474s][debug][gc,plab           ] GC(3548) Old other allocation: region end waste: 0B, regions filled: 1, direct allocated: 0B, failure used: 0B, failure wasted: 0B
[170.474s][debug][gc,plab           ] GC(3548) Old sizing: calculated: 0B, actual: 2064B
[170.474s][debug][gc,ihop           ] GC(3548) Basic information (value update), threshold: 687026995B (45.00), target occupancy: 1526726656B, current occupancy: 21817640B, recent allocation size: 0B, recent allocation duration: 54.27ms, recent old gen allocation rate: 0.00B/s, recent marking phase length: 29.01ms
[170.474s][debug][gc,ihop           ] GC(3548) Adaptive IHOP information (value update), threshold: 687026995B (47.37), internal target occupancy: 1450390323B, occupancy: 21817640B, additional buffer size: 915406848B, predicted old gen allocation rate: 18970.08B/s, predicted marking phase length: 58.01ms, prediction active: false
[170.474s][debug][gc,ergo,refine    ] GC(3548) Concurrent refinement times: Logged Cards Scan time goal: 20.00ms Logged Cards Scan time: 0.00ms HCC time: 0.00ms
[170.474s][debug][gc,ergo,refine    ] GC(3548) Updated Refinement Zones: green: 2048, yellow: 6144, red: 10240
[170.474s][info ][gc,phases         ] GC(3548)   Pre Evacuate Collection Set: 0.2ms
[170.474s][debug][gc,phases         ] GC(3548)     Prepare TLABs: 0.0ms
[170.474s][debug][gc,phases         ] GC(3548)     Choose Collection Set: 0.0ms
[170.474s][debug][gc,phases         ] GC(3548)     Region Register: 0.1ms
[170.474s][debug][gc,phases         ] GC(3548)     Prepare Heap Roots: 0.0ms
[170.474s][info ][gc,phases         ] GC(3548)   Merge Heap Roots: 0.2ms
[170.474s][debug][gc,phases         ] GC(3548)     Prepare Merge Heap Roots: 0.0ms
[170.474s][debug][gc,phases         ] GC(3548)     Eager Reclaim (ms):       skipped
[170.474s][debug][gc,phases         ] GC(3548)     Remembered Sets (ms):     Min:  0.0, Avg:  0.1, Max:  0.1, Diff:  0.1, Sum:  0.4, Workers: 8
[170.474s][debug][gc,phases         ] GC(3548)       Merged Sparse:            Min: 0, Avg:  0.0, Max: 0, Diff: 0, Sum: 0, Workers: 8
[170.474s][debug][gc,phases         ] GC(3548)       Merged Fine:              Min: 0, Avg:  0.0, Max: 0, Diff: 0, Sum: 0, Workers: 8
[170.474s][debug][gc,phases         ] GC(3548)       Merged Coarse:            Min: 0, Avg:  0.0, Max: 0, Diff: 0, Sum: 0, Workers: 8
[170.474s][debug][gc,phases         ] GC(3548)       Dirty Cards:              Min: 0, Avg:  0.0, Max: 0, Diff: 0, Sum: 0, Workers: 8
[170.474s][debug][gc,phases         ] GC(3548)     Hot Card Cache (ms):      Min:  0.0, Avg:  0.0, Max:  0.0, Diff:  0.0, Sum:  0.0, Workers: 8
[170.474s][debug][gc,phases         ] GC(3548)       Dirty Cards:              Min: 0, Avg:  0.0, Max: 0, Diff: 0, Sum: 0, Workers: 8
[170.474s][debug][gc,phases         ] GC(3548)       Skipped Cards:            Min: 0, Avg:  0.0, Max: 0, Diff: 0, Sum: 0, Workers: 8
[170.474s][debug][gc,phases         ] GC(3548)     Log Buffers (ms):         Min:  0.0, Avg:  0.0, Max:  0.0, Diff:  0.0, Sum:  0.0, Workers: 8
[170.474s][debug][gc,phases         ] GC(3548)       Dirty Cards:              Min: 0, Avg:  0.2, Max: 1, Diff: 1, Sum: 2, Workers: 8
[170.474s][debug][gc,phases         ] GC(3548)       Skipped Cards:            Min: 0, Avg:  0.0, Max: 0, Diff: 0, Sum: 0, Workers: 8
[170.474s][info ][gc,phases         ] GC(3548)   Evacuate Collection Set: 0.4ms
[170.474s][debug][gc,phases         ] GC(3548)     Ext Root Scanning (ms):   Min:  0.1, Avg:  0.2, Max:  0.3, Diff:  0.2, Sum:  1.7, Workers: 8
[170.474s][debug][gc,phases         ] GC(3548)     Scan Heap Roots (ms):     Min:  0.0, Avg:  0.0, Max:  0.0, Diff:  0.0, Sum:  0.0, Workers: 8
[170.474s][debug][gc,phases         ] GC(3548)       Scanned Cards:            Min: 0, Avg:  0.2, Max: 1, Diff: 1, Sum: 2, Workers: 8
[170.474s][debug][gc,phases         ] GC(3548)       Scanned Blocks:           Min: 0, Avg:  0.2, Max: 1, Diff: 1, Sum: 2, Workers: 8
[170.474s][debug][gc,phases         ] GC(3548)       Claimed Chunks:           Min: 0, Avg:  0.2, Max: 1, Diff: 1, Sum: 2, Workers: 8
[170.474s][debug][gc,phases         ] GC(3548)     Code Root Scan (ms):      Min:  0.0, Avg:  0.0, Max:  0.0, Diff:  0.0, Sum:  0.2, Workers: 8
[170.474s][debug][gc,phases         ] GC(3548)     Object Copy (ms):         Min:  0.0, Avg:  0.0, Max:  0.0, Diff:  0.0, Sum:  0.0, Workers: 8
[170.474s][debug][gc,phases         ] GC(3548)     Termination (ms):         Min:  0.1, Avg:  0.1, Max:  0.1, Diff:  0.0, Sum:  0.7, Workers: 8
[170.474s][debug][gc,phases         ] GC(3548)       Termination Attempts:     Min: 1, Avg:  1.0, Max: 1, Diff: 0, Sum: 8, Workers: 8
[170.474s][debug][gc,phases         ] GC(3548)     GC Worker Other (ms):     Min:  0.0, Avg:  0.1, Max:  0.1, Diff:  0.1, Sum:  0.5, Workers: 8
[170.474s][debug][gc,phases         ] GC(3548)     GC Worker Total (ms):     Min:  0.3, Avg:  0.4, Max:  0.4, Diff:  0.1, Sum:  3.2, Workers: 8
[170.474s][info ][gc,phases         ] GC(3548)   Post Evacuate Collection Set: 0.6ms
[170.474s][debug][gc,phases         ] GC(3548)     Code Roots Fixup: 0.0ms
[170.474s][debug][gc,phases         ] GC(3548)     Clear Card Table: 0.2ms
[170.474s][debug][gc,phases         ] GC(3548)     Reference Processing: 0.1ms
[170.474s][debug][gc,phases,ref     ] GC(3548)       Reconsider SoftReferences: 0.0ms
[170.474s][debug][gc,phases,ref     ] GC(3548)         SoftRef (ms):             skipped
[170.474s][debug][gc,phases,ref     ] GC(3548)       Notify Soft/WeakReferences: 0.0ms
[170.474s][debug][gc,phases,ref     ] GC(3548)         SoftRef (ms):             skipped
[170.474s][debug][gc,phases,ref     ] GC(3548)         WeakRef (ms):             skipped
[170.474s][debug][gc,phases,ref     ] GC(3548)         FinalRef (ms):            skipped
[170.474s][debug][gc,phases,ref     ] GC(3548)         Total (ms):               skipped
[170.474s][debug][gc,phases,ref     ] GC(3548)       Notify and keep alive finalizable: 0.0ms
[170.474s][debug][gc,phases,ref     ] GC(3548)         FinalRef (ms):            skipped
[170.474s][debug][gc,phases,ref     ] GC(3548)       Notify PhantomReferences: 0.0ms
[170.474s][debug][gc,phases,ref     ] GC(3548)         PhantomRef (ms):          skipped
[170.474s][debug][gc,phases,ref     ] GC(3548)       SoftReference:
[170.474s][debug][gc,phases,ref     ] GC(3548)         Discovered: 0
[170.474s][debug][gc,phases,ref     ] GC(3548)         Cleared: 0
[170.474s][debug][gc,phases,ref     ] GC(3548)       WeakReference:
[170.474s][debug][gc,phases,ref     ] GC(3548)         Discovered: 0
[170.474s][debug][gc,phases,ref     ] GC(3548)         Cleared: 0
[170.474s][debug][gc,phases,ref     ] GC(3548)       FinalReference:
[170.474s][debug][gc,phases,ref     ] GC(3548)         Discovered: 0
[170.474s][debug][gc,phases,ref     ] GC(3548)         Cleared: 0
[170.474s][debug][gc,phases,ref     ] GC(3548)       PhantomReference:
[170.474s][debug][gc,phases,ref     ] GC(3548)         Discovered: 0
[170.474s][debug][gc,phases,ref     ] GC(3548)         Cleared: 0
[170.474s][debug][gc,phases         ] GC(3548)     Weak Processing: 0.0ms
[170.474s][debug][gc,phases         ] GC(3548)       JVMTI weak processing: 0.0ms
[170.474s][debug][gc,phases         ] GC(3548)         Dead: 0
[170.474s][debug][gc,phases         ] GC(3548)         Total: 0
[170.474s][debug][gc,phases         ] GC(3548)       JFR weak processing: 0.0ms
[170.474s][debug][gc,phases         ] GC(3548)         Dead: 0
[170.474s][debug][gc,phases         ] GC(3548)         Total: 0
[170.474s][debug][gc,phases         ] GC(3548)       JNI weak                  Min:  0.0, Avg:  0.0, Max:  0.0, Diff:  0.0, Sum:  0.0, Workers: 5
[170.474s][debug][gc,phases         ] GC(3548)         Dead                      Min: 0, Avg:  0.0, Max: 0, Diff: 0, Sum: 0, Workers: 5
[170.474s][debug][gc,phases         ] GC(3548)         Total                     Min: 0, Avg: 25.6, Max: 64, Diff: 64, Sum: 128, Workers: 5
[170.475s][debug][gc,phases         ] GC(3548)       VM weak                   Min:  0.0, Avg:  0.0, Max:  0.0, Diff:  0.0, Sum:  0.0, Workers: 5
[170.475s][debug][gc,phases         ] GC(3548)         Dead                      Min: 0, Avg:  0.0, Max: 0, Diff: 0, Sum: 0, Workers: 5
[170.475s][debug][gc,phases         ] GC(3548)         Total                     Min: 0, Avg: 42.4, Max: 84, Diff: 84, Sum: 212, Workers: 5
[170.475s][debug][gc,phases         ] GC(3548)       StringTable weak          Min:  0.0, Avg:  0.0, Max:  0.0, Diff:  0.0, Sum:  0.1, Workers: 5
[170.475s][debug][gc,phases         ] GC(3548)         Dead                      Min: 0, Avg:  0.0, Max: 0, Diff: 0, Sum: 0, Workers: 5
[170.475s][debug][gc,phases         ] GC(3548)         Total                     Min: 0, Avg: 686.2, Max: 1344, Diff: 1344, Sum: 3431, Workers: 5
[170.475s][debug][gc,phases         ] GC(3548)       ResolvedMethodTable weak  Min:  0.0, Avg:  0.0, Max:  0.0, Diff:  0.0, Sum:  0.0, Workers: 5
[170.475s][debug][gc,phases         ] GC(3548)         Dead                      Min: 0, Avg:  0.0, Max: 0, Diff: 0, Sum: 0, Workers: 5
[170.475s][debug][gc,phases         ] GC(3548)         Total                     Min: 0, Avg: 114.6, Max: 192, Diff: 192, Sum: 573, Workers: 5
[170.475s][debug][gc,phases         ] GC(3548)     Merge Per-Thread State: 0.0ms
[170.475s][debug][gc,phases         ] GC(3548)       Copied Bytes              Min: 288, Avg: 400321.0, Max: 800096, Diff: 799808, Sum: 3202568, Workers: 8
[170.475s][debug][gc,phases         ] GC(3548)       LAB Waste                 Min: 0, Avg:  0.0, Max: 0, Diff: 0, Sum: 0, Workers: 8
[170.475s][debug][gc,phases         ] GC(3548)       LAB Undo Waste            Min: 0, Avg:  0.0, Max: 0, Diff: 0, Sum: 0, Workers: 8
[170.475s][debug][gc,phases         ] GC(3548)     Code Roots Purge: 0.0ms
[170.475s][debug][gc,phases         ] GC(3548)     Redirty Cards: 0.0ms
[170.475s][debug][gc,phases         ] GC(3548)     DerivedPointerTable Update: 0.0ms
[170.475s][debug][gc,phases         ] GC(3548)     Free Collection Set: 0.2ms
[170.475s][debug][gc,phases         ] GC(3548)     Rebuild Free List: 0.1ms
[170.475s][debug][gc,phases         ] GC(3548)     Humongous Reclaim: 0.0ms
[170.475s][debug][gc,phases         ] GC(3548)     Start New Collection Set: 0.0ms
[170.475s][debug][gc,phases         ] GC(3548)     Resize TLABs: 0.0ms
[170.475s][debug][gc,phases         ] GC(3548)     Expand Heap After Collection: 0.0ms
[170.475s][info ][gc,phases         ] GC(3548)   Other: 0.4ms
[170.475s][info ][gc,heap           ] GC(3548) Eden regions: 868->0(869)
[170.475s][info ][gc,heap           ] GC(3548) Survivor regions: 5->4(110)
[170.475s][info ][gc,heap           ] GC(3548) Old regions: 17->17
[170.475s][info ][gc,heap           ] GC(3548) Archive regions: 2->2
[170.475s][info ][gc,heap           ] GC(3548) Humongous regions: 0->0
[170.475s][info ][gc,metaspace      ] GC(3548) Metaspace: 10069K(10624K)->10069K(10624K) NonClass: 8921K(9216K)->8921K(9216K) Class: 1148K(1408K)->1148K(1408K)
[170.475s][debug][gc,heap           ] GC(3548) Heap after GC invocations=3549 (full 1): garbage-first heap   total 1490944K, used 21306K [0x0000000700000000, 0x0000000800000000)
[170.475s][debug][gc,heap           ] GC(3548)   region size 1024K, 4 young (4096K), 4 survivors (4096K)
[170.475s][debug][gc,heap           ] GC(3548)  Metaspace       used 10069K, capacity 10368K, committed 10624K, reserved 1058816K
[170.475s][debug][gc,heap           ] GC(3548)   class space    used 1148K, capacity 1266K, committed 1408K, reserved 1048576K
[170.475s][info ][gc                ] GC(3548) Pause Young (Normal) (G1 Evacuation Pause) 889M->20M(1456M) 2.459ms
[170.475s][info ][gc,cpu            ] GC(3548) User=0.01s Sys=0.00s Real=0.00s
[170.475s][info ][safepoint         ] Safepoint "G1CollectForAllocation", Time since last: 52972791 ns, Reaching safepoint: 171000 ns, At safepoint: 2660377 ns, Total: 2831377 ns
[170.521s][debug][gc,heap           ] GC(3549) Heap before GC invocations=3549 (full 1): garbage-first heap   total 1490944K, used 910138K [0x0000000700000000, 0x0000000800000000)
[170.521s][debug][gc,heap           ] GC(3549)   region size 1024K, 873 young (893952K), 4 survivors (4096K)
[170.521s][debug][gc,heap           ] GC(3549)  Metaspace       used 10069K, capacity 10368K, committed 10624K, reserved 1058816K
[170.521s][debug][gc,heap           ] GC(3549)   class space    used 1148K, capacity 1266K, committed 1408K, reserved 1048576K
[170.521s][info ][gc,start          ] GC(3549) Pause Young (Normal) (G1 Evacuation Pause)
[170.521s][info ][gc,task           ] GC(3549) Using 8 workers of 8 for evacuation
[170.521s][debug][gc,tlab           ] GC(3549) TLAB totals: thrds: 8  refills: 14 max: 2 slow allocs: 1728 max 239 waste: 35.9% gc: 1428680B max: 233792B slow: 82928B max: 14304B fast: 0B max: 0B
[170.521s][debug][gc,age            ] GC(3549) Desired survivor size 57671680 bytes, new threshold 15 (max threshold 15)
[170.521s][debug][gc,alloc,region   ] GC(3549) Mutator Allocation stats, regions: 869, wasted size: 203M (23.4%)
[170.522s][debug][gc,ergo           ] GC(3549) Running G1 Merge Heap Roots using 8 workers for 873 regions
[170.522s][debug][gc,remset         ] GC(3549) Visited cards 256 Total dirty 2048 (12.50%) Total old 3614720 (0.01%)
[170.522s][debug][gc,ergo           ] GC(3549) Running G1 Clear Card Table Task using 2 workers for 2 units of work for 874 regions.
[170.522s][debug][gc,ref            ] GC(3549) Skipped phase1 of Reference Processing due to unavailable references
[170.522s][debug][gc,ref            ] GC(3549) Skipped phase2 of Reference Processing due to unavailable references
[170.522s][debug][gc,ref            ] GC(3549) Skipped phase3 of Reference Processing due to unavailable references
[170.522s][debug][gc,ref            ] GC(3549) Skipped phase4 of Reference Processing due to unavailable references
[170.522s][debug][gc,ergo           ] GC(3549) Running G1 Free Collection Set using 8 workers for collection set length 873 (1456)
[170.523s][debug][gc,ergo           ] GC(3549) Running G1 Rebuild Free List Task using 8 workers for rebuilding free list of 0 (4096) regions
[170.523s][trace][gc,age            ] GC(3549) Age table with threshold 15 (max threshold 15)
[170.523s][trace][gc,age            ] GC(3549) - age   1:    2402504 bytes,    2402504 total
[170.523s][debug][gc,plab           ] GC(3549) Young PLAB allocation: allocated: 16512B, wasted: 0B, unused: 14104B, used: 2408B, undo waste: 0B, 
[170.523s][debug][gc,plab           ] GC(3549) Young other allocation: region end waste: 484704B, regions filled: 3, direct allocated: 2400096B, failure used: 0B, failure wasted: 0B
[170.523s][debug][gc,plab           ] GC(3549) Young sizing: calculated: 0B, actual: 2064B
[170.523s][debug][gc,plab           ] GC(3549) Old PLAB allocation: allocated: 0B, wasted: 0B, unused: 0B, used: 0B, undo waste: 0B, 
[170.523s][debug][gc,plab           ] GC(3549) Old other allocation: region end waste: 0B, regions filled: 1, direct allocated: 0B, failure used: 0B, failure wasted: 0B
[170.523s][debug][gc,plab           ] GC(3549) Old sizing: calculated: 0B, actual: 2064B
[170.523s][debug][gc,ihop           ] GC(3549) Basic information (value update), threshold: 687026995B (45.00), target occupancy: 1526726656B, current occupancy: 20771136B, recent allocation size: 0B, recent allocation duration: 47.52ms, recent old gen allocation rate: 0.00B/s, recent marking phase length: 29.01ms
[170.523s][debug][gc,ihop           ] GC(3549) Adaptive IHOP information (value update), threshold: 687026995B (47.37), internal target occupancy: 1450390323B, occupancy: 20771136B, additional buffer size: 915406848B, predicted old gen allocation rate: 18411.44B/s, predicted marking phase length: 58.01ms, prediction active: false
[170.523s][debug][gc,ergo,refine    ] GC(3549) Concurrent refinement times: Logged Cards Scan time goal: 20.00ms Logged Cards Scan time: 0.00ms HCC time: 0.00ms
[170.523s][debug][gc,ergo,refine    ] GC(3549) Updated Refinement Zones: green: 2048, yellow: 6144, red: 10240
[170.523s][info ][gc,phases         ] GC(3549)   Pre Evacuate Collection Set: 0.1ms
[170.523s][debug][gc,phases         ] GC(3549)     Prepare TLABs: 0.0ms
[170.523s][debug][gc,phases         ] GC(3549)     Choose Collection Set: 0.0ms
[170.523s][debug][gc,phases         ] GC(3549)     Region Register: 0.1ms
[170.523s][debug][gc,phases         ] GC(3549)     Prepare Heap Roots: 0.0ms
[170.523s][info ][gc,phases         ] GC(3549)   Merge Heap Roots: 0.2ms
[170.523s][debug][gc,phases         ] GC(3549)     Prepare Merge Heap Roots: 0.0ms
[170.523s][debug][gc,phases         ] GC(3549)     Eager Reclaim (ms):       skipped
[170.523s][debug][gc,phases         ] GC(3549)     Remembered Sets (ms):     Min:  0.0, Avg:  0.0, Max:  0.1, Diff:  0.0, Sum:  0.4, Workers: 8
[170.523s][debug][gc,phases         ] GC(3549)       Merged Sparse:            Min: 0, Avg:  0.0, Max: 0, Diff: 0, Sum: 0, Workers: 8
[170.523s][debug][gc,phases         ] GC(3549)       Merged Fine:              Min: 0, Avg:  0.0, Max: 0, Diff: 0, Sum: 0, Workers: 8
[170.523s][debug][gc,phases         ] GC(3549)       Merged Coarse:            Min: 0, Avg:  0.0, Max: 0, Diff: 0, Sum: 0, Workers: 8
[170.523s][debug][gc,phases         ] GC(3549)       Dirty Cards:              Min: 0, Avg:  0.0, Max: 0, Diff: 0, Sum: 0, Workers: 8
[170.523s][debug][gc,phases         ] GC(3549)     Hot Card Cache (ms):      Min:  0.0, Avg:  0.0, Max:  0.0, Diff:  0.0, Sum:  0.0, Workers: 8
[170.523s][debug][gc,phases         ] GC(3549)       Dirty Cards:              Min: 0, Avg:  0.0, Max: 0, Diff: 0, Sum: 0, Workers: 8
[170.523s][debug][gc,phases         ] GC(3549)       Skipped Cards:            Min: 0, Avg:  0.0, Max: 0, Diff: 0, Sum: 0, Workers: 8
[170.523s][debug][gc,phases         ] GC(3549)     Log Buffers (ms):         Min:  0.0, Avg:  0.0, Max:  0.0, Diff:  0.0, Sum:  0.0, Workers: 8
[170.523s][debug][gc,phases         ] GC(3549)       Dirty Cards:              Min: 0, Avg:  0.1, Max: 1, Diff: 1, Sum: 1, Workers: 8
[170.523s][debug][gc,phases         ] GC(3549)       Skipped Cards:            Min: 0, Avg:  0.0, Max: 0, Diff: 0, Sum: 0, Workers: 8
[170.523s][info ][gc,phases         ] GC(3549)   Evacuate Collection Set: 0.4ms
[170.523s][debug][gc,phases         ] GC(3549)     Ext Root Scanning (ms):   Min:  0.1, Avg:  0.2, Max:  0.2, Diff:  0.1, Sum:  1.4, Workers: 8
[170.523s][debug][gc,phases         ] GC(3549)     Scan Heap Roots (ms):     Min:  0.0, Avg:  0.0, Max:  0.0, Diff:  0.0, Sum:  0.0, Workers: 8
[170.523s][debug][gc,phases         ] GC(3549)       Scanned Cards:            Min: 0, Avg:  0.1, Max: 1, Diff: 1, Sum: 1, Workers: 8
[170.523s][debug][gc,phases         ] GC(3549)       Scanned Blocks:           Min: 0, Avg:  0.1, Max: 1, Diff: 1, Sum: 1, Workers: 8
[170.523s][debug][gc,phases         ] GC(3549)       Claimed Chunks:           Min: 0, Avg:  0.1, Max: 1, Diff: 1, Sum: 1, Workers: 8
[170.523s][debug][gc,phases         ] GC(3549)     Code Root Scan (ms):      Min:  0.0, Avg:  0.0, Max:  0.0, Diff:  0.0, Sum:  0.2, Workers: 8
[170.523s][debug][gc,phases         ] GC(3549)     Object Copy (ms):         Min:  0.0, Avg:  0.0, Max:  0.0, Diff:  0.0, Sum:  0.0, Workers: 8
[170.523s][debug][gc,phases         ] GC(3549)     Termination (ms):         Min:  0.1, Avg:  0.1, Max:  0.1, Diff:  0.0, Sum:  0.5, Workers: 8
[170.523s][debug][gc,phases         ] GC(3549)       Termination Attempts:     Min: 1, Avg:  1.0, Max: 1, Diff: 0, Sum: 8, Workers: 8
[170.523s][debug][gc,phases         ] GC(3549)     GC Worker Other (ms):     Min:  0.0, Avg:  0.1, Max:  0.1, Diff:  0.1, Sum:  0.5, Workers: 8
[170.523s][debug][gc,phases         ] GC(3549)     GC Worker Total (ms):     Min:  0.3, Avg:  0.3, Max:  0.4, Diff:  0.0, Sum:  2.6, Workers: 8
[170.523s][info ][gc,phases         ] GC(3549)   Post Evacuate Collection Set: 0.6ms
[170.523s][debug][gc,phases         ] GC(3549)     Code Roots Fixup: 0.0ms
[170.523s][debug][gc,phases         ] GC(3549)     Clear Card Table: 0.2ms
[170.523s][debug][gc,phases         ] GC(3549)     Reference Processing: 0.0ms
[170.523s][debug][gc,phases,ref     ] GC(3549)       Reconsider SoftReferences: 0.0ms
[170.523s][debug][gc,phases,ref     ] GC(3549)         SoftRef (ms):             skipped
[170.523s][debug][gc,phases,ref     ] GC(3549)       Notify Soft/WeakReferences: 0.0ms
[170.523s][debug][gc,phases,ref     ] GC(3549)         SoftRef (ms):             skipped
[170.523s][debug][gc,phases,ref     ] GC(3549)         WeakRef (ms):             skipped
[170.523s][debug][gc,phases,ref     ] GC(3549)         FinalRef (ms):            skipped
[170.523s][debug][gc,phases,ref     ] GC(3549)         Total (ms):               skipped
[170.523s][debug][gc,phases,ref     ] GC(3549)       Notify and keep alive finalizable: 0.0ms
[170.523s][debug][gc,phases,ref     ] GC(3549)         FinalRef (ms):            skipped
[170.523s][debug][gc,phases,ref     ] GC(3549)       Notify PhantomReferences: 0.0ms
[170.523s][debug][gc,phases,ref     ] GC(3549)         PhantomRef (ms):          skipped
[170.523s][debug][gc,phases,ref     ] GC(3549)       SoftReference:
[170.523s][debug][gc,phases,ref     ] GC(3549)         Discovered: 0
[170.523s][debug][gc,phases,ref     ] GC(3549)         Cleared: 0
[170.523s][debug][gc,phases,ref     ] GC(3549)       WeakReference:
[170.523s][debug][gc,phases,ref     ] GC(3549)         Discovered: 0
[170.523s][debug][gc,phases,ref     ] GC(3549)         Cleared: 0
[170.523s][debug][gc,phases,ref     ] GC(3549)       FinalReference:
[170.523s][debug][gc,phases,ref     ] GC(3549)         Discovered: 0
[170.523s][debug][gc,phases,ref     ] GC(3549)         Cleared: 0
[170.523s][debug][gc,phases,ref     ] GC(3549)       PhantomReference:
[170.523s][debug][gc,phases,ref     ] GC(3549)         Discovered: 0
[170.523s][debug][gc,phases,ref     ] GC(3549)         Cleared: 0
[170.523s][debug][gc,phases         ] GC(3549)     Weak Processing: 0.1ms
[170.523s][debug][gc,phases         ] GC(3549)       JVMTI weak processing: 0.0ms
[170.523s][debug][gc,phases         ] GC(3549)         Dead: 0
[170.523s][debug][gc,phases         ] GC(3549)         Total: 0
[170.523s][debug][gc,phases         ] GC(3549)       JFR weak processing: 0.0ms
[170.523s][debug][gc,phases         ] GC(3549)         Dead: 0
[170.523s][debug][gc,phases         ] GC(3549)         Total: 0
[170.523s][debug][gc,phases         ] GC(3549)       JNI weak                  Min:  0.0, Avg:  0.0, Max:  0.0, Diff:  0.0, Sum:  0.0, Workers: 5
[170.523s][debug][gc,phases         ] GC(3549)         Dead                      Min: 0, Avg:  0.0, Max: 0, Diff: 0, Sum: 0, Workers: 5
[170.523s][debug][gc,phases         ] GC(3549)         Total                     Min: 0, Avg: 25.6, Max: 64, Diff: 64, Sum: 128, Workers: 5
[170.523s][debug][gc,phases         ] GC(3549)       VM weak                   Min:  0.0, Avg:  0.0, Max:  0.0, Diff:  0.0, Sum:  0.0, Workers: 5
[170.523s][debug][gc,phases         ] GC(3549)         Dead                      Min: 0, Avg:  0.0, Max: 0, Diff: 0, Sum: 0, Workers: 5
[170.523s][debug][gc,phases         ] GC(3549)         Total                     Min: 0, Avg: 42.4, Max: 128, Diff: 128, Sum: 212, Workers: 5
[170.523s][debug][gc,phases         ] GC(3549)       StringTable weak          Min:  0.0, Avg:  0.0, Max:  0.0, Diff:  0.0, Sum:  0.1, Workers: 5
[170.523s][debug][gc,phases         ] GC(3549)         Dead                      Min: 0, Avg:  0.0, Max: 0, Diff: 0, Sum: 0, Workers: 5
[170.523s][debug][gc,phases         ] GC(3549)         Total                     Min: 0, Avg: 686.2, Max: 1728, Diff: 1728, Sum: 3431, Workers: 5
[170.523s][debug][gc,phases         ] GC(3549)       ResolvedMethodTable weak  Min:  0.0, Avg:  0.0, Max:  0.0, Diff:  0.0, Sum:  0.0, Workers: 5
[170.523s][debug][gc,phases         ] GC(3549)         Dead                      Min: 0, Avg:  0.0, Max: 0, Diff: 0, Sum: 0, Workers: 5
[170.523s][debug][gc,phases         ] GC(3549)         Total                     Min: 0, Avg: 114.6, Max: 189, Diff: 189, Sum: 573, Workers: 5
[170.523s][debug][gc,phases         ] GC(3549)     Merge Per-Thread State: 0.0ms
[170.523s][debug][gc,phases         ] GC(3549)       Copied Bytes              Min: 176, Avg: 300313.0, Max: 400760, Diff: 400584, Sum: 2402504, Workers: 8
[170.523s][debug][gc,phases         ] GC(3549)       LAB Waste                 Min: 0, Avg:  0.0, Max: 0, Diff: 0, Sum: 0, Workers: 8
[170.523s][debug][gc,phases         ] GC(3549)       LAB Undo Waste            Min: 0, Avg:  0.0, Max: 0, Diff: 0, Sum: 0, Workers: 8
[170.523s][debug][gc,phases         ] GC(3549)     Code Roots Purge: 0.0ms
[170.523s][debug][gc,phases         ] GC(3549)     Redirty Cards: 0.0ms
[170.523s][debug][gc,phases         ] GC(3549)     DerivedPointerTable Update: 0.0ms
[170.523s][debug][gc,phases         ] GC(3549)     Free Collection Set: 0.2ms
[170.523s][debug][gc,phases         ] GC(3549)     Rebuild Free List: 0.1ms
[170.523s][debug][gc,phases         ] GC(3549)     Humongous Reclaim: 0.0ms
[170.523s][debug][gc,phases         ] GC(3549)     Start New Collection Set: 0.0ms
[170.523s][debug][gc,phases         ] GC(3549)     Resize TLABs: 0.0ms
[170.523s][debug][gc,phases         ] GC(3549)     Expand Heap After Collection: 0.0ms
[170.524s][info ][gc,phases         ] GC(3549)   Other: 0.3ms
[170.524s][info ][gc,heap           ] GC(3549) Eden regions: 869->0(870)
[170.524s][info ][gc,heap           ] GC(3549) Survivor regions: 4->3(110)
[170.524s][info ][gc,heap           ] GC(3549) Old regions: 17->17
[170.524s][info ][gc,heap           ] GC(3549) Archive regions: 2->2
[170.524s][info ][gc,heap           ] GC(3549) Humongous regions: 0->0
[170.524s][info ][gc,metaspace      ] GC(3549) Metaspace: 10069K(10624K)->10069K(10624K) NonClass: 8921K(9216K)->8921K(9216K) Class: 1148K(1408K)->1148K(1408K)
[170.524s][debug][gc,heap           ] GC(3549) Heap after GC invocations=3550 (full 1): garbage-first heap   total 1490944K, used 20284K [0x0000000700000000, 0x0000000800000000)
[170.524s][debug][gc,heap           ] GC(3549)   region size 1024K, 3 young (3072K), 3 survivors (3072K)
[170.524s][debug][gc,heap           ] GC(3549)  Metaspace       used 10069K, capacity 10368K, committed 10624K, reserved 1058816K
[170.524s][debug][gc,heap           ] GC(3549)   class space    used 1148K, capacity 1266K, committed 1408K, reserved 1048576K
[170.524s][info ][gc                ] GC(3549) Pause Young (Normal) (G1 Evacuation Pause) 889M->19M(1456M) 2.200ms
[170.524s][info ][gc,cpu            ] GC(3549) User=0.01s Sys=0.00s Real=0.00s
[170.524s][info ][safepoint         ] Safepoint "G1CollectForAllocation", Time since last: 46262277 ns, Reaching safepoint: 161395 ns, At safepoint: 2376707 ns, Total: 2538102 ns
[170.568s][debug][gc,heap           ] GC(3550) Heap before GC invocations=3550 (full 1): garbage-first heap   total 1490944K, used 910140K [0x0000000700000000, 0x0000000800000000)
[170.568s][debug][gc,heap           ] GC(3550)   region size 1024K, 873 young (893952K), 3 survivors (3072K)
[170.568s][debug][gc,heap           ] GC(3550)  Metaspace       used 10069K, capacity 10368K, committed 10624K, reserved 1058816K
[170.568s][debug][gc,heap           ] GC(3550)   class space    used 1148K, capacity 1266K, committed 1408K, reserved 1048576K
[170.568s][info ][gc,start          ] GC(3550) Pause Young (Normal) (G1 Evacuation Pause)
[170.568s][info ][gc,task           ] GC(3550) Using 8 workers of 8 for evacuation
[170.568s][debug][gc,tlab           ] GC(3550) TLAB totals: thrds: 8  refills: 15 max: 2 slow allocs: 1730 max 236 waste: 19.1% gc: 930488B max: 209360B slow: 84784B max: 14304B fast: 0B max: 0B
[170.568s][debug][gc,age            ] GC(3550) Desired survivor size 57671680 bytes, new threshold 15 (max threshold 15)
[170.568s][debug][gc,alloc,region   ] GC(3550) Mutator Allocation stats, regions: 870, wasted size: 203M (23.4%)
[170.568s][debug][gc,ergo           ] GC(3550) Running G1 Merge Heap Roots using 8 workers for 873 regions
[170.568s][debug][gc,remset         ] GC(3550) Visited cards 256 Total dirty 2048 (12.50%) Total old 3614720 (0.01%)
[170.569s][debug][gc,ergo           ] GC(3550) Running G1 Clear Card Table Task using 2 workers for 2 units of work for 874 regions.
[170.569s][debug][gc,ref            ] GC(3550) Skipped phase1 of Reference Processing due to unavailable references
[170.569s][debug][gc,ref            ] GC(3550) Skipped phase2 of Reference Processing due to unavailable references
[170.569s][debug][gc,ref            ] GC(3550) Skipped phase3 of Reference Processing due to unavailable references
[170.569s][debug][gc,ref            ] GC(3550) Skipped phase4 of Reference Processing due to unavailable references
[170.569s][debug][gc,ergo           ] GC(3550) Running G1 Free Collection Set using 8 workers for collection set length 873 (1456)
[170.569s][debug][gc,ergo           ] GC(3550) Running G1 Rebuild Free List Task using 8 workers for rebuilding free list of 0 (4096) regions
[170.569s][trace][gc,age            ] GC(3550) Age table with threshold 15 (max threshold 15)
[170.569s][trace][gc,age            ] GC(3550) - age   1:    3202560 bytes,    3202560 total
[170.570s][debug][gc,plab           ] GC(3550) Young PLAB allocation: allocated: 16512B, wasted: 0B, unused: 14064B, used: 2448B, undo waste: 0B, 
[170.570s][debug][gc,plab           ] GC(3550) Young other allocation: region end waste: 733248B, regions filled: 4, direct allocated: 3200112B, failure used: 0B, failure wasted: 0B
[170.570s][debug][gc,plab           ] GC(3550) Young sizing: calculated: 0B, actual: 2064B
[170.570s][debug][gc,plab           ] GC(3550) Old PLAB allocation: allocated: 0B, wasted: 0B, unused: 0B, used: 0B, undo waste: 0B, 
[170.570s][debug][gc,plab           ] GC(3550) Old other allocation: region end waste: 0B, regions filled: 1, direct allocated: 0B, failure used: 0B, failure wasted: 0B
[170.570s][debug][gc,plab           ] GC(3550) Old sizing: calculated: 0B, actual: 2064B
[170.570s][debug][gc,ihop           ] GC(3550) Basic information (value update), threshold: 687026995B (45.00), target occupancy: 1526726656B, current occupancy: 21819696B, recent allocation size: 0B, recent allocation duration: 45.22ms, recent old gen allocation rate: 0.00B/s, recent marking phase length: 29.01ms
[170.570s][debug][gc,ihop           ] GC(3550) Adaptive IHOP information (value update), threshold: 687026995B (47.37), internal target occupancy: 1450390323B, occupancy: 21819696B, additional buffer size: 915406848B, predicted old gen allocation rate: 17870.76B/s, predicted marking phase length: 58.01ms, prediction active: false
[170.570s][debug][gc,ergo,refine    ] GC(3550) Concurrent refinement times: Logged Cards Scan time goal: 20.00ms Logged Cards Scan time: 0.00ms HCC time: 0.00ms
[170.570s][debug][gc,ergo,refine    ] GC(3550) Updated Refinement Zones: green: 2048, yellow: 6144, red: 10240
[170.570s][info ][gc,phases         ] GC(3550)   Pre Evacuate Collection Set: 0.1ms
[170.570s][debug][gc,phases         ] GC(3550)     Prepare TLABs: 0.0ms
[170.570s][debug][gc,phases         ] GC(3550)     Choose Collection Set: 0.0ms
[170.570s][debug][gc,phases         ] GC(3550)     Region Register: 0.1ms
[170.570s][debug][gc,phases         ] GC(3550)     Prepare Heap Roots: 0.0ms
[170.570s][info ][gc,phases         ] GC(3550)   Merge Heap Roots: 0.1ms
[170.570s][debug][gc,phases         ] GC(3550)     Prepare Merge Heap Roots: 0.0ms
[170.570s][debug][gc,phases         ] GC(3550)     Eager Reclaim (ms):       skipped
[170.570s][debug][gc,phases         ] GC(3550)     Remembered Sets (ms):     Min:  0.0, Avg:  0.0, Max:  0.1, Diff:  0.0, Sum:  0.3, Workers: 8
[170.570s][debug][gc,phases         ] GC(3550)       Merged Sparse:            Min: 0, Avg:  0.0, Max: 0, Diff: 0, Sum: 0, Workers: 8
[170.570s][debug][gc,phases         ] GC(3550)       Merged Fine:              Min: 0, Avg:  0.0, Max: 0, Diff: 0, Sum: 0, Workers: 8
[170.570s][debug][gc,phases         ] GC(3550)       Merged Coarse:            Min: 0, Avg:  0.0, Max: 0, Diff: 0, Sum: 0, Workers: 8
[170.570s][debug][gc,phases         ] GC(3550)       Dirty Cards:              Min: 0, Avg:  0.0, Max: 0, Diff: 0, Sum: 0, Workers: 8
[170.570s][debug][gc,phases         ] GC(3550)     Hot Card Cache (ms):      Min:  0.0, Avg:  0.0, Max:  0.0, Diff:  0.0, Sum:  0.0, Workers: 8
[170.570s][debug][gc,phases         ] GC(3550)       Dirty Cards:              Min: 0, Avg:  0.0, Max: 0, Diff: 0, Sum: 0, Workers: 8
[170.570s][debug][gc,phases         ] GC(3550)       Skipped Cards:            Min: 0, Avg:  0.0, Max: 0, Diff: 0, Sum: 0, Workers: 8
[170.570s][debug][gc,phases         ] GC(3550)     Log Buffers (ms):         Min:  0.0, Avg:  0.0, Max:  0.0, Diff:  0.0, Sum:  0.0, Workers: 8
[170.570s][debug][gc,phases         ] GC(3550)       Dirty Cards:              Min: 0, Avg:  0.1, Max: 1, Diff: 1, Sum: 1, Workers: 8
[170.570s][debug][gc,phases         ] GC(3550)       Skipped Cards:            Min: 0, Avg:  0.0, Max: 0, Diff: 0, Sum: 0, Workers: 8
[170.570s][info ][gc,phases         ] GC(3550)   Evacuate Collection Set: 0.4ms
[170.570s][debug][gc,phases         ] GC(3550)     Ext Root Scanning (ms):   Min:  0.2, Avg:  0.3, Max:  0.3, Diff:  0.2, Sum:  2.0, Workers: 8
[170.570s][debug][gc,phases         ] GC(3550)     Scan Heap Roots (ms):     Min:  0.0, Avg:  0.0, Max:  0.0, Diff:  0.0, Sum:  0.0, Workers: 8
[170.570s][debug][gc,phases         ] GC(3550)       Scanned Cards:            Min: 0, Avg:  0.1, Max: 1, Diff: 1, Sum: 1, Workers: 8
[170.570s][debug][gc,phases         ] GC(3550)       Scanned Blocks:           Min: 0, Avg:  0.1, Max: 1, Diff: 1, Sum: 1, Workers: 8
[170.570s][debug][gc,phases         ] GC(3550)       Claimed Chunks:           Min: 0, Avg:  0.1, Max: 1, Diff: 1, Sum: 1, Workers: 8
[170.570s][debug][gc,phases         ] GC(3550)     Code Root Scan (ms):      Min:  0.0, Avg:  0.0, Max:  0.0, Diff:  0.0, Sum:  0.2, Workers: 8
[170.570s][debug][gc,phases         ] GC(3550)     Object Copy (ms):         Min:  0.0, Avg:  0.0, Max:  0.0, Diff:  0.0, Sum:  0.0, Workers: 8
[170.570s][debug][gc,phases         ] GC(3550)     Termination (ms):         Min:  0.0, Avg:  0.1, Max:  0.1, Diff:  0.0, Sum:  0.5, Workers: 8
[170.570s][debug][gc,phases         ] GC(3550)       Termination Attempts:     Min: 1, Avg:  1.0, Max: 1, Diff: 0, Sum: 8, Workers: 8
[170.570s][debug][gc,phases         ] GC(3550)     GC Worker Other (ms):     Min:  0.0, Avg:  0.0, Max:  0.1, Diff:  0.1, Sum:  0.4, Workers: 8
[170.570s][debug][gc,phases         ] GC(3550)     GC Worker Total (ms):     Min:  0.4, Avg:  0.4, Max:  0.4, Diff:  0.1, Sum:  3.2, Workers: 8
[170.570s][info ][gc,phases         ] GC(3550)   Post Evacuate Collection Set: 0.6ms
[170.570s][debug][gc,phases         ] GC(3550)     Code Roots Fixup: 0.0ms
[170.570s][debug][gc,phases         ] GC(3550)     Clear Card Table: 0.2ms
[170.570s][debug][gc,phases         ] GC(3550)     Reference Processing: 0.0ms
[170.570s][debug][gc,phases,ref     ] GC(3550)       Reconsider SoftReferences: 0.0ms
[170.570s][debug][gc,phases,ref     ] GC(3550)         SoftRef (ms):             skipped
[170.570s][debug][gc,phases,ref     ] GC(3550)       Notify Soft/WeakReferences: 0.0ms
[170.570s][debug][gc,phases,ref     ] GC(3550)         SoftRef (ms):             skipped
[170.570s][debug][gc,phases,ref     ] GC(3550)         WeakRef (ms):             skipped
[170.570s][debug][gc,phases,ref     ] GC(3550)         FinalRef (ms):            skipped
[170.570s][debug][gc,phases,ref     ] GC(3550)         Total (ms):               skipped
[170.570s][debug][gc,phases,ref     ] GC(3550)       Notify and keep alive finalizable: 0.0ms
[170.570s][debug][gc,phases,ref     ] GC(3550)         FinalRef (ms):            skipped
[170.570s][debug][gc,phases,ref     ] GC(3550)       Notify PhantomReferences: 0.0ms
[170.570s][debug][gc,phases,ref     ] GC(3550)         PhantomRef (ms):          skipped
[170.570s][debug][gc,phases,ref     ] GC(3550)       SoftReference:
[170.570s][debug][gc,phases,ref     ] GC(3550)         Discovered: 0
[170.570s][debug][gc,phases,ref     ] GC(3550)         Cleared: 0
[170.570s][debug][gc,phases,ref     ] GC(3550)       WeakReference:
[170.570s][debug][gc,phases,ref     ] GC(3550)         Discovered: 0
[170.570s][debug][gc,phases,ref     ] GC(3550)         Cleared: 0
[170.570s][debug][gc,phases,ref     ] GC(3550)       FinalReference:
[170.570s][debug][gc,phases,ref     ] GC(3550)         Discovered: 0
[170.570s][debug][gc,phases,ref     ] GC(3550)         Cleared: 0
[170.570s][debug][gc,phases,ref     ] GC(3550)       PhantomReference:
[170.570s][debug][gc,phases,ref     ] GC(3550)         Discovered: 0
[170.570s][debug][gc,phases,ref     ] GC(3550)         Cleared: 0
[170.570s][debug][gc,phases         ] GC(3550)     Weak Processing: 0.1ms
[170.570s][debug][gc,phases         ] GC(3550)       JVMTI weak processing: 0.0ms
[170.570s][debug][gc,phases         ] GC(3550)         Dead: 0
[170.570s][debug][gc,phases         ] GC(3550)         Total: 0
[170.570s][debug][gc,phases         ] GC(3550)       JFR weak processing: 0.0ms
[170.570s][debug][gc,phases         ] GC(3550)         Dead: 0
[170.570s][debug][gc,phases         ] GC(3550)         Total: 0
[170.570s][debug][gc,phases         ] GC(3550)       JNI weak                  Min:  0.0, Avg:  0.0, Max:  0.0, Diff:  0.0, Sum:  0.0, Workers: 5
[170.570s][debug][gc,phases         ] GC(3550)         Dead                      Min: 0, Avg:  0.0, Max: 0, Diff: 0, Sum: 0, Workers: 5
[170.570s][debug][gc,phases         ] GC(3550)         Total                     Min: 0, Avg: 25.6, Max: 64, Diff: 64, Sum: 128, Workers: 5
[170.570s][debug][gc,phases         ] GC(3550)       VM weak                   Min:  0.0, Avg:  0.0, Max:  0.0, Diff:  0.0, Sum:  0.0, Workers: 5
[170.570s][debug][gc,phases         ] GC(3550)         Dead                      Min: 0, Avg:  0.0, Max: 0, Diff: 0, Sum: 0, Workers: 5
[170.570s][debug][gc,phases         ] GC(3550)         Total                     Min: 0, Avg: 42.4, Max: 128, Diff: 128, Sum: 212, Workers: 5
[170.570s][debug][gc,phases         ] GC(3550)       StringTable weak          Min:  0.0, Avg:  0.0, Max:  0.0, Diff:  0.0, Sum:  0.1, Workers: 5
[170.570s][debug][gc,phases         ] GC(3550)         Dead                      Min: 0, Avg:  0.0, Max: 0, Diff: 0, Sum: 0, Workers: 5
[170.570s][debug][gc,phases         ] GC(3550)         Total                     Min: 0, Avg: 686.2, Max: 1152, Diff: 1152, Sum: 3431, Workers: 5
[170.570s][debug][gc,phases         ] GC(3550)       ResolvedMethodTable weak  Min:  0.0, Avg:  0.0, Max:  0.0, Diff:  0.0, Sum:  0.0, Workers: 5
[170.570s][debug][gc,phases         ] GC(3550)         Dead                      Min: 0, Avg:  0.0, Max: 0, Diff: 0, Sum: 0, Workers: 5
[170.570s][debug][gc,phases         ] GC(3550)         Total                     Min: 64, Avg: 114.6, Max: 189, Diff: 125, Sum: 573, Workers: 5
[170.570s][debug][gc,phases         ] GC(3550)     Merge Per-Thread State: 0.0ms
[170.570s][debug][gc,phases         ] GC(3550)       Copied Bytes              Min: 72, Avg: 400320.0, Max: 800096, Diff: 800024, Sum: 3202560, Workers: 8
[170.570s][debug][gc,phases         ] GC(3550)       LAB Waste                 Min: 0, Avg:  0.0, Max: 0, Diff: 0, Sum: 0, Workers: 8
[170.570s][debug][gc,phases         ] GC(3550)       LAB Undo Waste            Min: 0, Avg:  0.0, Max: 0, Diff: 0, Sum: 0, Workers: 8
[170.570s][debug][gc,phases         ] GC(3550)     Code Roots Purge: 0.0ms
[170.570s][debug][gc,phases         ] GC(3550)     Redirty Cards: 0.0ms
[170.570s][debug][gc,phases         ] GC(3550)     DerivedPointerTable Update: 0.0ms
[170.570s][debug][gc,phases         ] GC(3550)     Free Collection Set: 0.2ms
[170.570s][debug][gc,phases         ] GC(3550)     Rebuild Free List: 0.1ms
[170.570s][debug][gc,phases         ] GC(3550)     Humongous Reclaim: 0.0ms
[170.570s][debug][gc,phases         ] GC(3550)     Start New Collection Set: 0.0ms
[170.570s][debug][gc,phases         ] GC(3550)     Resize TLABs: 0.0ms
[170.570s][debug][gc,phases         ] GC(3550)     Expand Heap After Collection: 0.0ms
[170.570s][info ][gc,phases         ] GC(3550)   Other: 0.4ms
[170.570s][info ][gc,heap           ] GC(3550) Eden regions: 870->0(869)
[170.570s][info ][gc,heap           ] GC(3550) Survivor regions: 3->4(110)
[170.570s][info ][gc,heap           ] GC(3550) Old regions: 17->17
[170.570s][info ][gc,heap           ] GC(3550) Archive regions: 2->2
[170.570s][info ][gc,heap           ] GC(3550) Humongous regions: 0->0
[170.570s][info ][gc,metaspace      ] GC(3550) Metaspace: 10069K(10624K)->10069K(10624K) NonClass: 8921K(9216K)->8921K(9216K) Class: 1148K(1408K)->1148K(1408K)
[170.570s][debug][gc,heap           ] GC(3550) Heap after GC invocations=3551 (full 1): garbage-first heap   total 1490944K, used 21308K [0x0000000700000000, 0x0000000800000000)
[170.570s][debug][gc,heap           ] GC(3550)   region size 1024K, 4 young (4096K), 4 survivors (4096K)
[170.570s][debug][gc,heap           ] GC(3550)  Metaspace       used 10069K, capacity 10368K, committed 10624K, reserved 1058816K
[170.570s][debug][gc,heap           ] GC(3550)   class space    used 1148K, capacity 1266K, committed 1408K, reserved 1048576K
[170.570s][info ][gc                ] GC(3550) Pause Young (Normal) (G1 Evacuation Pause) 889M->20M(1456M) 2.358ms
[170.570s][info ][gc,cpu            ] GC(3550) User=0.01s Sys=0.00s Real=0.00s
[170.570s][info ][safepoint         ] Safepoint "G1CollectForAllocation", Time since last: 43949935 ns, Reaching safepoint: 241323 ns, At safepoint: 2568799 ns, Total: 2810122 ns
[170.618s][debug][gc,heap           ] GC(3551) Heap before GC invocations=3551 (full 1): garbage-first heap   total 1490944K, used 910140K [0x0000000700000000, 0x0000000800000000)
[170.619s][debug][gc,heap           ] GC(3551)   region size 1024K, 873 young (893952K), 4 survivors (4096K)
[170.619s][debug][gc,heap           ] GC(3551)  Metaspace       used 10069K, capacity 10368K, committed 10624K, reserved 1058816K
[170.619s][debug][gc,heap           ] GC(3551)   class space    used 1148K, capacity 1266K, committed 1408K, reserved 1048576K
[170.619s][info ][gc,start          ] GC(3551) Pause Young (Normal) (G1 Evacuation Pause)
[170.619s][info ][gc,task           ] GC(3551) Using 8 workers of 8 for evacuation
[170.619s][debug][gc,tlab           ] GC(3551) TLAB totals: thrds: 8  refills: 14 max: 2 slow allocs: 1731 max 251 waste: 26.5% gc: 1178728B max: 232128B slow: 83320B max: 14304B fast: 0B max: 0B
[170.619s][debug][gc,age            ] GC(3551) Desired survivor size 57671680 bytes, new threshold 15 (max threshold 15)
[170.619s][debug][gc,alloc,region   ] GC(3551) Mutator Allocation stats, regions: 869, wasted size: 203M (23.4%)
[170.619s][debug][gc,ergo           ] GC(3551) Running G1 Merge Heap Roots using 8 workers for 873 regions
[170.619s][debug][gc,remset         ] GC(3551) Visited cards 512 Total dirty 4096 (12.50%) Total old 3614720 (0.01%)
[170.620s][debug][gc,ergo           ] GC(3551) Running G1 Clear Card Table Task using 2 workers for 2 units of work for 875 regions.
[170.620s][debug][gc,ref            ] GC(3551) Skipped phase1 of Reference Processing due to unavailable references
[170.620s][debug][gc,ref            ] GC(3551) Skipped phase2 of Reference Processing due to unavailable references
[170.620s][debug][gc,ref            ] GC(3551) Skipped phase3 of Reference Processing due to unavailable references
[170.620s][debug][gc,ref            ] GC(3551) Skipped phase4 of Reference Processing due to unavailable references
[170.620s][debug][gc,ergo           ] GC(3551) Running G1 Free Collection Set using 8 workers for collection set length 873 (1456)
[170.620s][debug][gc,ergo           ] GC(3551) Running G1 Rebuild Free List Task using 8 workers for rebuilding free list of 0 (4096) regions
[170.620s][trace][gc,age            ] GC(3551) Age table with threshold 15 (max threshold 15)
[170.620s][trace][gc,age            ] GC(3551) - age   1:    3202568 bytes,    3202568 total
[170.620s][debug][gc,plab           ] GC(3551) Young PLAB allocation: allocated: 16512B, wasted: 0B, unused: 14064B, used: 2448B, undo waste: 0B, 
[170.620s][debug][gc,plab           ] GC(3551) Young other allocation: region end waste: 731184B, regions filled: 4, direct allocated: 3200120B, failure used: 0B, failure wasted: 0B
[170.620s][debug][gc,plab           ] GC(3551) Young sizing: calculated: 0B, actual: 2064B
[170.620s][debug][gc,plab           ] GC(3551) Old PLAB allocation: allocated: 0B, wasted: 0B, unused: 0B, used: 0B, undo waste: 0B, 
[170.620s][debug][gc,plab           ] GC(3551) Old other allocation: region end waste: 0B, regions filled: 1, direct allocated: 0B, failure used: 0B, failure wasted: 0B
[170.620s][debug][gc,plab           ] GC(3551) Old sizing: calculated: 0B, actual: 2064B
[170.620s][debug][gc,ihop           ] GC(3551) Basic information (value update), threshold: 687026995B (45.00), target occupancy: 1526726656B, current occupancy: 21817640B, recent allocation size: 0B, recent allocation duration: 49.05ms, recent old gen allocation rate: 0.00B/s, recent marking phase length: 29.01ms
[170.620s][debug][gc,ihop           ] GC(3551) Adaptive IHOP information (value update), threshold: 687026995B (47.37), internal target occupancy: 1450390323B, occupancy: 21817640B, additional buffer size: 915406848B, predicted old gen allocation rate: 17347.40B/s, predicted marking phase length: 58.01ms, prediction active: false
[170.620s][debug][gc,ergo,refine    ] GC(3551) Concurrent refinement times: Logged Cards Scan time goal: 20.00ms Logged Cards Scan time: 0.00ms HCC time: 0.00ms
[170.620s][debug][gc,ergo,refine    ] GC(3551) Updated Refinement Zones: green: 2048, yellow: 6144, red: 10240
[170.620s][info ][gc,phases         ] GC(3551)   Pre Evacuate Collection Set: 0.2ms
[170.620s][debug][gc,phases         ] GC(3551)     Prepare TLABs: 0.0ms
[170.620s][debug][gc,phases         ] GC(3551)     Choose Collection Set: 0.0ms
[170.620s][debug][gc,phases         ] GC(3551)     Region Register: 0.1ms
[170.620s][debug][gc,phases         ] GC(3551)     Prepare Heap Roots: 0.0ms
[170.620s][info ][gc,phases         ] GC(3551)   Merge Heap Roots: 0.2ms
[170.620s][debug][gc,phases         ] GC(3551)     Prepare Merge Heap Roots: 0.0ms
[170.620s][debug][gc,phases         ] GC(3551)     Eager Reclaim (ms):       skipped
[170.620s][debug][gc,phases         ] GC(3551)     Remembered Sets (ms):     Min:  0.0, Avg:  0.0, Max:  0.1, Diff:  0.0, Sum:  0.4, Workers: 8
[170.620s][debug][gc,phases         ] GC(3551)       Merged Sparse:            Min: 0, Avg:  0.0, Max: 0, Diff: 0, Sum: 0, Workers: 8
[170.620s][debug][gc,phases         ] GC(3551)       Merged Fine:              Min: 0, Avg:  0.0, Max: 0, Diff: 0, Sum: 0, Workers: 8
[170.620s][debug][gc,phases         ] GC(3551)       Merged Coarse:            Min: 0, Avg:  0.0, Max: 0, Diff: 0, Sum: 0, Workers: 8
[170.620s][debug][gc,phases         ] GC(3551)       Dirty Cards:              Min: 0, Avg:  0.0, Max: 0, Diff: 0, Sum: 0, Workers: 8
[170.620s][debug][gc,phases         ] GC(3551)     Hot Card Cache (ms):      Min:  0.0, Avg:  0.0, Max:  0.0, Diff:  0.0, Sum:  0.0, Workers: 8
[170.620s][debug][gc,phases         ] GC(3551)       Dirty Cards:              Min: 0, Avg:  0.0, Max: 0, Diff: 0, Sum: 0, Workers: 8
[170.620s][debug][gc,phases         ] GC(3551)       Skipped Cards:            Min: 0, Avg:  0.0, Max: 0, Diff: 0, Sum: 0, Workers: 8
[170.620s][debug][gc,phases         ] GC(3551)     Log Buffers (ms):         Min:  0.0, Avg:  0.0, Max:  0.0, Diff:  0.0, Sum:  0.0, Workers: 8
[170.620s][debug][gc,phases         ] GC(3551)       Dirty Cards:              Min: 0, Avg:  0.2, Max: 2, Diff: 2, Sum: 2, Workers: 8
[170.620s][debug][gc,phases         ] GC(3551)       Skipped Cards:            Min: 0, Avg:  0.0, Max: 0, Diff: 0, Sum: 0, Workers: 8
[170.620s][info ][gc,phases         ] GC(3551)   Evacuate Collection Set: 0.5ms
[170.620s][debug][gc,phases         ] GC(3551)     Ext Root Scanning (ms):   Min:  0.2, Avg:  0.2, Max:  0.3, Diff:  0.1, Sum:  1.8, Workers: 8
[170.620s][debug][gc,phases         ] GC(3551)     Scan Heap Roots (ms):     Min:  0.0, Avg:  0.0, Max:  0.0, Diff:  0.0, Sum:  0.0, Workers: 8
[170.620s][debug][gc,phases         ] GC(3551)       Scanned Cards:            Min: 0, Avg:  0.2, Max: 2, Diff: 2, Sum: 2, Workers: 8
[170.620s][debug][gc,phases         ] GC(3551)       Scanned Blocks:           Min: 0, Avg:  0.2, Max: 2, Diff: 2, Sum: 2, Workers: 8
[170.620s][debug][gc,phases         ] GC(3551)       Claimed Chunks:           Min: 0, Avg:  0.2, Max: 2, Diff: 2, Sum: 2, Workers: 8
[170.621s][debug][gc,phases         ] GC(3551)     Code Root Scan (ms):      Min:  0.0, Avg:  0.0, Max:  0.0, Diff:  0.0, Sum:  0.2, Workers: 8
[170.621s][debug][gc,phases         ] GC(3551)     Object Copy (ms):         Min:  0.0, Avg:  0.0, Max:  0.0, Diff:  0.0, Sum:  0.0, Workers: 8
[170.621s][debug][gc,phases         ] GC(3551)     Termination (ms):         Min:  0.0, Avg:  0.1, Max:  0.1, Diff:  0.1, Sum:  0.6, Workers: 8
[170.621s][debug][gc,phases         ] GC(3551)       Termination Attempts:     Min: 1, Avg:  1.0, Max: 1, Diff: 0, Sum: 8, Workers: 8
[170.621s][debug][gc,phases         ] GC(3551)     GC Worker Other (ms):     Min:  0.0, Avg:  0.1, Max:  0.1, Diff:  0.1, Sum:  0.5, Workers: 8
[170.621s][debug][gc,phases         ] GC(3551)     GC Worker Total (ms):     Min:  0.4, Avg:  0.4, Max:  0.4, Diff:  0.1, Sum:  3.1, Workers: 8
[170.621s][info ][gc,phases         ] GC(3551)   Post Evacuate Collection Set: 0.7ms
[170.621s][debug][gc,phases         ] GC(3551)     Code Roots Fixup: 0.0ms
[170.621s][debug][gc,phases         ] GC(3551)     Clear Card Table: 0.2ms
[170.621s][debug][gc,phases         ] GC(3551)     Reference Processing: 0.0ms
[170.621s][debug][gc,phases,ref     ] GC(3551)       Reconsider SoftReferences: 0.0ms
[170.621s][debug][gc,phases,ref     ] GC(3551)         SoftRef (ms):             skipped
[170.621s][debug][gc,phases,ref     ] GC(3551)       Notify Soft/WeakReferences: 0.0ms
[170.621s][debug][gc,phases,ref     ] GC(3551)         SoftRef (ms):             skipped
[170.621s][debug][gc,phases,ref     ] GC(3551)         WeakRef (ms):             skipped
[170.621s][debug][gc,phases,ref     ] GC(3551)         FinalRef (ms):            skipped
[170.621s][debug][gc,phases,ref     ] GC(3551)         Total (ms):               skipped
[170.621s][debug][gc,phases,ref     ] GC(3551)       Notify and keep alive finalizable: 0.0ms
[170.621s][debug][gc,phases,ref     ] GC(3551)         FinalRef (ms):            skipped
[170.621s][debug][gc,phases,ref     ] GC(3551)       Notify PhantomReferences: 0.0ms
[170.621s][debug][gc,phases,ref     ] GC(3551)         PhantomRef (ms):          skipped
[170.621s][debug][gc,phases,ref     ] GC(3551)       SoftReference:
[170.621s][debug][gc,phases,ref     ] GC(3551)         Discovered: 0
[170.621s][debug][gc,phases,ref     ] GC(3551)         Cleared: 0
[170.621s][debug][gc,phases,ref     ] GC(3551)       WeakReference:
[170.621s][debug][gc,phases,ref     ] GC(3551)         Discovered: 0
[170.621s][debug][gc,phases,ref     ] GC(3551)         Cleared: 0
[170.621s][debug][gc,phases,ref     ] GC(3551)       FinalReference:
[170.621s][debug][gc,phases,ref     ] GC(3551)         Discovered: 0
[170.621s][debug][gc,phases,ref     ] GC(3551)         Cleared: 0
[170.621s][debug][gc,phases,ref     ] GC(3551)       PhantomReference:
[170.621s][debug][gc,phases,ref     ] GC(3551)         Discovered: 0
[170.621s][debug][gc,phases,ref     ] GC(3551)         Cleared: 0
[170.621s][debug][gc,phases         ] GC(3551)     Weak Processing: 0.1ms
[170.621s][debug][gc,phases         ] GC(3551)       JVMTI weak processing: 0.0ms
[170.621s][debug][gc,phases         ] GC(3551)         Dead: 0
[170.621s][debug][gc,phases         ] GC(3551)         Total: 0
[170.621s][debug][gc,phases         ] GC(3551)       JFR weak processing: 0.0ms
[170.621s][debug][gc,phases         ] GC(3551)         Dead: 0
[170.621s][debug][gc,phases         ] GC(3551)         Total: 0
[170.621s][debug][gc,phases         ] GC(3551)       JNI weak                  Min:  0.0, Avg:  0.0, Max:  0.0, Diff:  0.0, Sum:  0.0, Workers: 5
[170.621s][debug][gc,phases         ] GC(3551)         Dead                      Min: 0, Avg:  0.0, Max: 0, Diff: 0, Sum: 0, Workers: 5
[170.621s][debug][gc,phases         ] GC(3551)         Total                     Min: 0, Avg: 25.6, Max: 64, Diff: 64, Sum: 128, Workers: 5
[170.621s][debug][gc,phases         ] GC(3551)       VM weak                   Min:  0.0, Avg:  0.0, Max:  0.0, Diff:  0.0, Sum:  0.0, Workers: 5
[170.621s][debug][gc,phases         ] GC(3551)         Dead                      Min: 0, Avg:  0.0, Max: 0, Diff: 0, Sum: 0, Workers: 5
[170.621s][debug][gc,phases         ] GC(3551)         Total                     Min: 0, Avg: 42.4, Max: 128, Diff: 128, Sum: 212, Workers: 5
[170.621s][debug][gc,phases         ] GC(3551)       StringTable weak          Min:  0.0, Avg:  0.0, Max:  0.0, Diff:  0.0, Sum:  0.1, Workers: 5
[170.621s][debug][gc,phases         ] GC(3551)         Dead                      Min: 0, Avg:  0.0, Max: 0, Diff: 0, Sum: 0, Workers: 5
[170.621s][debug][gc,phases         ] GC(3551)         Total                     Min: 0, Avg: 686.2, Max: 1600, Diff: 1600, Sum: 3431, Workers: 5
[170.621s][debug][gc,phases         ] GC(3551)       ResolvedMethodTable weak  Min:  0.0, Avg:  0.0, Max:  0.0, Diff:  0.0, Sum:  0.0, Workers: 5
[170.621s][debug][gc,phases         ] GC(3551)         Dead                      Min: 0, Avg:  0.0, Max: 0, Diff: 0, Sum: 0, Workers: 5
[170.621s][debug][gc,phases         ] GC(3551)         Total                     Min: 0, Avg: 114.6, Max: 189, Diff: 189, Sum: 573, Workers: 5
[170.621s][debug][gc,phases         ] GC(3551)     Merge Per-Thread State: 0.0ms
[170.621s][debug][gc,phases         ] GC(3551)       Copied Bytes              Min: 888, Avg: 400321.0, Max: 800096, Diff: 799208, Sum: 3202568, Workers: 8
[170.621s][debug][gc,phases         ] GC(3551)       LAB Waste                 Min: 0, Avg:  0.0, Max: 0, Diff: 0, Sum: 0, Workers: 8
[170.621s][debug][gc,phases         ] GC(3551)       LAB Undo Waste            Min: 0, Avg:  0.0, Max: 0, Diff: 0, Sum: 0, Workers: 8
[170.621s][debug][gc,phases         ] GC(3551)     Code Roots Purge: 0.0ms
[170.621s][debug][gc,phases         ] GC(3551)     Redirty Cards: 0.0ms
[170.621s][debug][gc,phases         ] GC(3551)     DerivedPointerTable Update: 0.0ms
[170.621s][debug][gc,phases         ] GC(3551)     Free Collection Set: 0.3ms
[170.621s][debug][gc,phases         ] GC(3551)     Rebuild Free List: 0.1ms
[170.621s][debug][gc,phases         ] GC(3551)     Humongous Reclaim: 0.0ms
[170.621s][debug][gc,phases         ] GC(3551)     Start New Collection Set: 0.0ms
[170.621s][debug][gc,phases         ] GC(3551)     Resize TLABs: 0.0ms
[170.621s][debug][gc,phases         ] GC(3551)     Expand Heap After Collection: 0.0ms
[170.621s][info ][gc,phases         ] GC(3551)   Other: 0.3ms
[170.621s][info ][gc,heap           ] GC(3551) Eden regions: 869->0(869)
[170.621s][info ][gc,heap           ] GC(3551) Survivor regions: 4->4(110)
[170.621s][info ][gc,heap           ] GC(3551) Old regions: 17->17
[170.621s][info ][gc,heap           ] GC(3551) Archive regions: 2->2
[170.621s][info ][gc,heap           ] GC(3551) Humongous regions: 0->0
[170.621s][info ][gc,metaspace      ] GC(3551) Metaspace: 10069K(10624K)->10069K(10624K) NonClass: 8921K(9216K)->8921K(9216K) Class: 1148K(1408K)->1148K(1408K)
[170.621s][debug][gc,heap           ] GC(3551) Heap after GC invocations=3552 (full 1): garbage-first heap   total 1490944K, used 21306K [0x0000000700000000, 0x0000000800000000)
[170.621s][debug][gc,heap           ] GC(3551)   region size 1024K, 4 young (4096K), 4 survivors (4096K)
[170.621s][debug][gc,heap           ] GC(3551)  Metaspace       used 10069K, capacity 10368K, committed 10624K, reserved 1058816K
[170.621s][debug][gc,heap           ] GC(3551)   class space    used 1148K, capacity 1266K, committed 1408K, reserved 1048576K
[170.621s][info ][gc                ] GC(3551) Pause Young (Normal) (G1 Evacuation Pause) 889M->20M(1456M) 2.522ms
[170.621s][info ][gc,cpu            ] GC(3551) User=0.01s Sys=0.00s Real=0.00s
[170.621s][info ][safepoint         ] Safepoint "G1CollectForAllocation", Time since last: 47907241 ns, Reaching safepoint: 138075 ns, At safepoint: 2701564 ns, Total: 2839639 ns
[170.666s][debug][gc,heap           ] GC(3552) Heap before GC invocations=3552 (full 1): garbage-first heap   total 1490944K, used 910138K [0x0000000700000000, 0x0000000800000000)
[170.666s][debug][gc,heap           ] GC(3552)   region size 1024K, 873 young (893952K), 4 survivors (4096K)
[170.666s][debug][gc,heap           ] GC(3552)  Metaspace       used 10069K, capacity 10368K, committed 10624K, reserved 1058816K
[170.666s][debug][gc,heap           ] GC(3552)   class space    used 1148K, capacity 1266K, committed 1408K, reserved 1048576K
[170.666s][info ][gc,start          ] GC(3552) Pause Young (Normal) (G1 Evacuation Pause)
[170.666s][info ][gc,task           ] GC(3552) Using 8 workers of 8 for evacuation
[170.666s][debug][gc,tlab           ] GC(3552) TLAB totals: thrds: 8  refills: 12 max: 2 slow allocs: 1732 max 236 waste: 29.7% gc: 1083480B max: 222008B slow: 55568B max: 14304B fast: 0B max: 0B
[170.666s][debug][gc,age            ] GC(3552) Desired survivor size 57671680 bytes, new threshold 15 (max threshold 15)
[170.666s][debug][gc,alloc,region   ] GC(3552) Mutator Allocation stats, regions: 869, wasted size: 203M (23.4%)
[170.666s][debug][gc,ergo           ] GC(3552) Running G1 Merge Heap Roots using 8 workers for 873 regions
[170.667s][debug][gc,remset         ] GC(3552) Visited cards 256 Total dirty 2048 (12.50%) Total old 3614720 (0.01%)
[170.667s][debug][gc,ergo           ] GC(3552) Running G1 Clear Card Table Task using 2 workers for 2 units of work for 874 regions.
[170.667s][debug][gc,ref            ] GC(3552) Skipped phase1 of Reference Processing due to unavailable references
[170.667s][debug][gc,ref            ] GC(3552) Skipped phase2 of Reference Processing due to unavailable references
[170.667s][debug][gc,ref            ] GC(3552) Skipped phase3 of Reference Processing due to unavailable references
[170.667s][debug][gc,ref            ] GC(3552) Skipped phase4 of Reference Processing due to unavailable references
[170.667s][debug][gc,ergo           ] GC(3552) Running G1 Free Collection Set using 8 workers for collection set length 873 (1456)
[170.668s][debug][gc,ergo           ] GC(3552) Running G1 Rebuild Free List Task using 8 workers for rebuilding free list of 0 (4096) regions
[170.668s][trace][gc,age            ] GC(3552) Age table with threshold 15 (max threshold 15)
[170.668s][trace][gc,age            ] GC(3552) - age   1:    4002584 bytes,    4002584 total
[170.668s][debug][gc,plab           ] GC(3552) Young PLAB allocation: allocated: 16512B, wasted: 0B, unused: 14064B, used: 2448B, undo waste: 0B, 
[170.668s][debug][gc,plab           ] GC(3552) Young other allocation: region end waste: 979736B, regions filled: 5, direct allocated: 4000136B, failure used: 0B, failure wasted: 0B
[170.668s][debug][gc,plab           ] GC(3552) Young sizing: calculated: 0B, actual: 2064B
[170.668s][debug][gc,plab           ] GC(3552) Old PLAB allocation: allocated: 0B, wasted: 0B, unused: 0B, used: 0B, undo waste: 0B, 
[170.668s][debug][gc,plab           ] GC(3552) Old other allocation: region end waste: 0B, regions filled: 1, direct allocated: 0B, failure used: 0B, failure wasted: 0B
[170.668s][debug][gc,plab           ] GC(3552) Old sizing: calculated: 0B, actual: 2064B
[170.668s][debug][gc,ihop           ] GC(3552) Basic information (value update), threshold: 687026995B (45.00), target occupancy: 1526726656B, current occupancy: 22866208B, recent allocation size: 0B, recent allocation duration: 45.78ms, recent old gen allocation rate: 0.00B/s, recent marking phase length: 29.01ms
[170.668s][debug][gc,ihop           ] GC(3552) Adaptive IHOP information (value update), threshold: 687026995B (47.37), internal target occupancy: 1450390323B, occupancy: 22866208B, additional buffer size: 915406848B, predicted old gen allocation rate: 16840.75B/s, predicted marking phase length: 58.01ms, prediction active: false
[170.668s][debug][gc,ergo,refine    ] GC(3552) Concurrent refinement times: Logged Cards Scan time goal: 20.00ms Logged Cards Scan time: 0.00ms HCC time: 0.00ms
[170.668s][debug][gc,ergo,refine    ] GC(3552) Updated Refinement Zones: green: 2048, yellow: 6144, red: 10240
[170.668s][info ][gc,phases         ] GC(3552)   Pre Evacuate Collection Set: 0.1ms
[170.668s][debug][gc,phases         ] GC(3552)     Prepare TLABs: 0.0ms
[170.668s][debug][gc,phases         ] GC(3552)     Choose Collection Set: 0.0ms
[170.668s][debug][gc,phases         ] GC(3552)     Region Register: 0.1ms
[170.668s][debug][gc,phases         ] GC(3552)     Prepare Heap Roots: 0.0ms
[170.668s][info ][gc,phases         ] GC(3552)   Merge Heap Roots: 0.4ms
[170.668s][debug][gc,phases         ] GC(3552)     Prepare Merge Heap Roots: 0.0ms
[170.668s][debug][gc,phases         ] GC(3552)     Eager Reclaim (ms):       skipped
[170.668s][debug][gc,phases         ] GC(3552)     Remembered Sets (ms):     Min:  0.0, Avg:  0.0, Max:  0.0, Diff:  0.0, Sum:  0.2, Workers: 8
[170.668s][debug][gc,phases         ] GC(3552)       Merged Sparse:            Min: 0, Avg:  0.0, Max: 0, Diff: 0, Sum: 0, Workers: 8
[170.668s][debug][gc,phases         ] GC(3552)       Merged Fine:              Min: 0, Avg:  0.0, Max: 0, Diff: 0, Sum: 0, Workers: 8
[170.668s][debug][gc,phases         ] GC(3552)       Merged Coarse:            Min: 0, Avg:  0.0, Max: 0, Diff: 0, Sum: 0, Workers: 8
[170.668s][debug][gc,phases         ] GC(3552)       Dirty Cards:              Min: 0, Avg:  0.0, Max: 0, Diff: 0, Sum: 0, Workers: 8
[170.668s][debug][gc,phases         ] GC(3552)     Hot Card Cache (ms):      Min:  0.0, Avg:  0.0, Max:  0.0, Diff:  0.0, Sum:  0.0, Workers: 8
[170.668s][debug][gc,phases         ] GC(3552)       Dirty Cards:              Min: 0, Avg:  0.0, Max: 0, Diff: 0, Sum: 0, Workers: 8
[170.668s][debug][gc,phases         ] GC(3552)       Skipped Cards:            Min: 0, Avg:  0.0, Max: 0, Diff: 0, Sum: 0, Workers: 8
[170.668s][debug][gc,phases         ] GC(3552)     Log Buffers (ms):         Min:  0.0, Avg:  0.0, Max:  0.0, Diff:  0.0, Sum:  0.0, Workers: 8
[170.668s][debug][gc,phases         ] GC(3552)       Dirty Cards:              Min: 0, Avg:  0.1, Max: 1, Diff: 1, Sum: 1, Workers: 8
[170.668s][debug][gc,phases         ] GC(3552)       Skipped Cards:            Min: 0, Avg:  0.0, Max: 0, Diff: 0, Sum: 0, Workers: 8
[170.668s][info ][gc,phases         ] GC(3552)   Evacuate Collection Set: 0.5ms
[170.668s][debug][gc,phases         ] GC(3552)     Ext Root Scanning (ms):   Min:  0.2, Avg:  0.3, Max:  0.4, Diff:  0.2, Sum:  2.3, Workers: 8
[170.668s][debug][gc,phases         ] GC(3552)     Scan Heap Roots (ms):     Min:  0.0, Avg:  0.0, Max:  0.0, Diff:  0.0, Sum:  0.0, Workers: 8
[170.668s][debug][gc,phases         ] GC(3552)       Scanned Cards:            Min: 0, Avg:  0.1, Max: 1, Diff: 1, Sum: 1, Workers: 8
[170.668s][debug][gc,phases         ] GC(3552)       Scanned Blocks:           Min: 0, Avg:  0.1, Max: 1, Diff: 1, Sum: 1, Workers: 8
[170.668s][debug][gc,phases         ] GC(3552)       Claimed Chunks:           Min: 0, Avg:  0.1, Max: 1, Diff: 1, Sum: 1, Workers: 8
[170.668s][debug][gc,phases         ] GC(3552)     Code Root Scan (ms):      Min:  0.0, Avg:  0.0, Max:  0.1, Diff:  0.1, Sum:  0.1, Workers: 8
[170.668s][debug][gc,phases         ] GC(3552)     Object Copy (ms):         Min:  0.0, Avg:  0.0, Max:  0.0, Diff:  0.0, Sum:  0.0, Workers: 8
[170.668s][debug][gc,phases         ] GC(3552)     Termination (ms):         Min:  0.0, Avg:  0.1, Max:  0.1, Diff:  0.1, Sum:  0.7, Workers: 8
[170.668s][debug][gc,phases         ] GC(3552)       Termination Attempts:     Min: 1, Avg:  1.1, Max: 2, Diff: 1, Sum: 9, Workers: 8
[170.668s][debug][gc,phases         ] GC(3552)     GC Worker Other (ms):     Min:  0.0, Avg:  0.0, Max:  0.1, Diff:  0.0, Sum:  0.3, Workers: 8
[170.668s][debug][gc,phases         ] GC(3552)     GC Worker Total (ms):     Min:  0.4, Avg:  0.4, Max:  0.5, Diff:  0.1, Sum:  3.5, Workers: 8
[170.668s][info ][gc,phases         ] GC(3552)   Post Evacuate Collection Set: 0.7ms
[170.668s][debug][gc,phases         ] GC(3552)     Code Roots Fixup: 0.0ms
[170.668s][debug][gc,phases         ] GC(3552)     Clear Card Table: 0.2ms
[170.668s][debug][gc,phases         ] GC(3552)     Reference Processing: 0.0ms
[170.668s][debug][gc,phases,ref     ] GC(3552)       Reconsider SoftReferences: 0.0ms
[170.668s][debug][gc,phases,ref     ] GC(3552)         SoftRef (ms):             skipped
[170.668s][debug][gc,phases,ref     ] GC(3552)       Notify Soft/WeakReferences: 0.0ms
[170.668s][debug][gc,phases,ref     ] GC(3552)         SoftRef (ms):             skipped
[170.668s][debug][gc,phases,ref     ] GC(3552)         WeakRef (ms):             skipped
[170.668s][debug][gc,phases,ref     ] GC(3552)         FinalRef (ms):            skipped
[170.668s][debug][gc,phases,ref     ] GC(3552)         Total (ms):               skipped
[170.668s][debug][gc,phases,ref     ] GC(3552)       Notify and keep alive finalizable: 0.0ms
[170.668s][debug][gc,phases,ref     ] GC(3552)         FinalRef (ms):            skipped
[170.668s][debug][gc,phases,ref     ] GC(3552)       Notify PhantomReferences: 0.0ms
[170.668s][debug][gc,phases,ref     ] GC(3552)         PhantomRef (ms):          skipped
[170.668s][debug][gc,phases,ref     ] GC(3552)       SoftReference:
[170.668s][debug][gc,phases,ref     ] GC(3552)         Discovered: 0
[170.668s][debug][gc,phases,ref     ] GC(3552)         Cleared: 0
[170.668s][debug][gc,phases,ref     ] GC(3552)       WeakReference:
[170.668s][debug][gc,phases,ref     ] GC(3552)         Discovered: 0
[170.668s][debug][gc,phases,ref     ] GC(3552)         Cleared: 0
[170.668s][debug][gc,phases,ref     ] GC(3552)       FinalReference:
[170.668s][debug][gc,phases,ref     ] GC(3552)         Discovered: 0
[170.668s][debug][gc,phases,ref     ] GC(3552)         Cleared: 0
[170.668s][debug][gc,phases,ref     ] GC(3552)       PhantomReference:
[170.668s][debug][gc,phases,ref     ] GC(3552)         Discovered: 0
[170.668s][debug][gc,phases,ref     ] GC(3552)         Cleared: 0
[170.668s][debug][gc,phases         ] GC(3552)     Weak Processing: 0.1ms
[170.668s][debug][gc,phases         ] GC(3552)       JVMTI weak processing: 0.0ms
[170.668s][debug][gc,phases         ] GC(3552)         Dead: 0
[170.668s][debug][gc,phases         ] GC(3552)         Total: 0
[170.668s][debug][gc,phases         ] GC(3552)       JFR weak processing: 0.0ms
[170.668s][debug][gc,phases         ] GC(3552)         Dead: 0
[170.668s][debug][gc,phases         ] GC(3552)         Total: 0
[170.668s][debug][gc,phases         ] GC(3552)       JNI weak                  Min:  0.0, Avg:  0.0, Max:  0.0, Diff:  0.0, Sum:  0.0, Workers: 5
[170.668s][debug][gc,phases         ] GC(3552)         Dead                      Min: 0, Avg:  0.0, Max: 0, Diff: 0, Sum: 0, Workers: 5
[170.668s][debug][gc,phases         ] GC(3552)         Total                     Min: 0, Avg: 25.6, Max: 128, Diff: 128, Sum: 128, Workers: 5
[170.668s][debug][gc,phases         ] GC(3552)       VM weak                   Min:  0.0, Avg:  0.0, Max:  0.0, Diff:  0.0, Sum:  0.0, Workers: 5
[170.668s][debug][gc,phases         ] GC(3552)         Dead                      Min: 0, Avg:  0.0, Max: 0, Diff: 0, Sum: 0, Workers: 5
[170.668s][debug][gc,phases         ] GC(3552)         Total                     Min: 0, Avg: 42.4, Max: 212, Diff: 212, Sum: 212, Workers: 5
[170.668s][debug][gc,phases         ] GC(3552)       StringTable weak          Min:  0.0, Avg:  0.0, Max:  0.0, Diff:  0.0, Sum:  0.1, Workers: 5
[170.668s][debug][gc,phases         ] GC(3552)         Dead                      Min: 0, Avg:  0.0, Max: 0, Diff: 0, Sum: 0, Workers: 5
[170.668s][debug][gc,phases         ] GC(3552)         Total                     Min: 0, Avg: 686.2, Max: 2176, Diff: 2176, Sum: 3431, Workers: 5
[170.668s][debug][gc,phases         ] GC(3552)       ResolvedMethodTable weak  Min:  0.0, Avg:  0.0, Max:  0.0, Diff:  0.0, Sum:  0.0, Workers: 5
[170.668s][debug][gc,phases         ] GC(3552)         Dead                      Min: 0, Avg:  0.0, Max: 0, Diff: 0, Sum: 0, Workers: 5
[170.668s][debug][gc,phases         ] GC(3552)         Total                     Min: 0, Avg: 114.6, Max: 256, Diff: 256, Sum: 573, Workers: 5
[170.668s][debug][gc,phases         ] GC(3552)     Merge Per-Thread State: 0.0ms
[170.668s][debug][gc,phases         ] GC(3552)       Copied Bytes              Min: 824, Avg: 500323.0, Max: 800096, Diff: 799272, Sum: 4002584, Workers: 8
[170.668s][debug][gc,phases         ] GC(3552)       LAB Waste                 Min: 0, Avg:  0.0, Max: 0, Diff: 0, Sum: 0, Workers: 8
[170.668s][debug][gc,phases         ] GC(3552)       LAB Undo Waste            Min: 0, Avg:  0.0, Max: 0, Diff: 0, Sum: 0, Workers: 8
[170.668s][debug][gc,phases         ] GC(3552)     Code Roots Purge: 0.0ms
[170.668s][debug][gc,phases         ] GC(3552)     Redirty Cards: 0.0ms
[170.669s][debug][gc,phases         ] GC(3552)     DerivedPointerTable Update: 0.0ms
[170.669s][debug][gc,phases         ] GC(3552)     Free Collection Set: 0.2ms
[170.669s][debug][gc,phases         ] GC(3552)     Rebuild Free List: 0.1ms
[170.669s][debug][gc,phases         ] GC(3552)     Humongous Reclaim: 0.0ms
[170.669s][debug][gc,phases         ] GC(3552)     Start New Collection Set: 0.0ms
[170.669s][debug][gc,phases         ] GC(3552)     Resize TLABs: 0.0ms
[170.669s][debug][gc,phases         ] GC(3552)     Expand Heap After Collection: 0.0ms
[170.669s][info ][gc,phases         ] GC(3552)   Other: 0.3ms
[170.669s][info ][gc,heap           ] GC(3552) Eden regions: 869->0(868)
[170.669s][info ][gc,heap           ] GC(3552) Survivor regions: 4->5(110)
[170.669s][info ][gc,heap           ] GC(3552) Old regions: 17->17
[170.669s][info ][gc,heap           ] GC(3552) Archive regions: 2->2
[170.669s][info ][gc,heap           ] GC(3552) Humongous regions: 0->0
[170.669s][info ][gc,metaspace      ] GC(3552) Metaspace: 10069K(10624K)->10069K(10624K) NonClass: 8921K(9216K)->8921K(9216K) Class: 1148K(1408K)->1148K(1408K)
[170.669s][debug][gc,heap           ] GC(3552) Heap after GC invocations=3553 (full 1): garbage-first heap   total 1490944K, used 22330K [0x0000000700000000, 0x0000000800000000)
[170.669s][debug][gc,heap           ] GC(3552)   region size 1024K, 5 young (5120K), 5 survivors (5120K)
[170.669s][debug][gc,heap           ] GC(3552)  Metaspace       used 10069K, capacity 10368K, committed 10624K, reserved 1058816K
[170.669s][debug][gc,heap           ] GC(3552)   class space    used 1148K, capacity 1266K, committed 1408K, reserved 1048576K
[170.669s][info ][gc                ] GC(3552) Pause Young (Normal) (G1 Evacuation Pause) 889M->21M(1456M) 2.646ms
[170.669s][info ][gc,cpu            ] GC(3552) User=0.00s Sys=0.00s Real=0.01s
[170.669s][info ][safepoint         ] Safepoint "G1CollectForAllocation", Time since last: 44556893 ns, Reaching safepoint: 157332 ns, At safepoint: 2820477 ns, Total: 2977809 ns
[170.719s][debug][gc,heap           ] GC(3553) Heap before GC invocations=3553 (full 1): garbage-first heap   total 1490944K, used 910138K [0x0000000700000000, 0x0000000800000000)
[170.719s][debug][gc,heap           ] GC(3553)   region size 1024K, 873 young (893952K), 5 survivors (5120K)
[170.719s][debug][gc,heap           ] GC(3553)  Metaspace       used 10069K, capacity 10368K, committed 10624K, reserved 1058816K
[170.719s][debug][gc,heap           ] GC(3553)   class space    used 1148K, capacity 1266K, committed 1408K, reserved 1048576K
[170.719s][info ][gc,start          ] GC(3553) Pause Young (Normal) (G1 Evacuation Pause)
[170.719s][info ][gc,task           ] GC(3553) Using 8 workers of 8 for evacuation
[170.719s][debug][gc,tlab           ] GC(3553) TLAB totals: thrds: 8  refills: 14 max: 3 slow allocs: 1726 max 294 waste: 24.7% gc: 960712B max: 221408B slow: 57464B max: 15488B fast: 0B max: 0B
[170.719s][debug][gc,age            ] GC(3553) Desired survivor size 57671680 bytes, new threshold 15 (max threshold 15)
[170.719s][debug][gc,alloc,region   ] GC(3553) Mutator Allocation stats, regions: 868, wasted size: 203M (23.4%)
[170.719s][debug][gc,ergo           ] GC(3553) Running G1 Merge Heap Roots using 8 workers for 873 regions
[170.719s][debug][gc,remset         ] GC(3553) Visited cards 512 Total dirty 4096 (12.50%) Total old 3614720 (0.01%)
[170.719s][debug][gc,ergo           ] GC(3553) Running G1 Clear Card Table Task using 2 workers for 2 units of work for 875 regions.
[170.720s][debug][gc,ref            ] GC(3553) Skipped phase1 of Reference Processing due to unavailable references
[170.720s][debug][gc,ref            ] GC(3553) Skipped phase2 of Reference Processing due to unavailable references
[170.720s][debug][gc,ref            ] GC(3553) Skipped phase3 of Reference Processing due to unavailable references
[170.720s][debug][gc,ref            ] GC(3553) Skipped phase4 of Reference Processing due to unavailable references
[170.720s][debug][gc,ergo           ] GC(3553) Running G1 Free Collection Set using 8 workers for collection set length 873 (1456)
[170.720s][debug][gc,ergo           ] GC(3553) Running G1 Rebuild Free List Task using 8 workers for rebuilding free list of 0 (4096) regions
[170.720s][trace][gc,age            ] GC(3553) Age table with threshold 15 (max threshold 15)
[170.720s][trace][gc,age            ] GC(3553) - age   1:    2402344 bytes,    2402344 total
[170.720s][debug][gc,plab           ] GC(3553) Young PLAB allocation: allocated: 16512B, wasted: 0B, unused: 14256B, used: 2256B, undo waste: 0B, 
[170.720s][debug][gc,plab           ] GC(3553) Young other allocation: region end waste: 482640B, regions filled: 3, direct allocated: 2400088B, failure used: 0B, failure wasted: 0B
[170.720s][debug][gc,plab           ] GC(3553) Young sizing: calculated: 0B, actual: 2064B
[170.720s][debug][gc,plab           ] GC(3553) Old PLAB allocation: allocated: 0B, wasted: 0B, unused: 0B, used: 0B, undo waste: 0B, 
[170.720s][debug][gc,plab           ] GC(3553) Old other allocation: region end waste: 0B, regions filled: 1, direct allocated: 0B, failure used: 0B, failure wasted: 0B
[170.720s][debug][gc,plab           ] GC(3553) Old sizing: calculated: 0B, actual: 2064B
[170.720s][debug][gc,ihop           ] GC(3553) Basic information (value update), threshold: 687026995B (45.00), target occupancy: 1526726656B, current occupancy: 20769064B, recent allocation size: 0B, recent allocation duration: 50.88ms, recent old gen allocation rate: 0.00B/s, recent marking phase length: 29.01ms
[170.720s][debug][gc,ihop           ] GC(3553) Adaptive IHOP information (value update), threshold: 687026995B (47.37), internal target occupancy: 1450390323B, occupancy: 20769064B, additional buffer size: 915406848B, predicted old gen allocation rate: 16350.22B/s, predicted marking phase length: 58.01ms, prediction active: false
[170.720s][debug][gc,ergo,refine    ] GC(3553) Concurrent refinement times: Logged Cards Scan time goal: 20.00ms Logged Cards Scan time: 0.00ms HCC time: 0.00ms
[170.720s][debug][gc,ergo,refine    ] GC(3553) Updated Refinement Zones: green: 2048, yellow: 6144, red: 10240
[170.720s][info ][gc,phases         ] GC(3553)   Pre Evacuate Collection Set: 0.1ms
[170.720s][debug][gc,phases         ] GC(3553)     Prepare TLABs: 0.0ms
[170.720s][debug][gc,phases         ] GC(3553)     Choose Collection Set: 0.0ms
[170.720s][debug][gc,phases         ] GC(3553)     Region Register: 0.1ms
[170.720s][debug][gc,phases         ] GC(3553)     Prepare Heap Roots: 0.0ms
[170.720s][info ][gc,phases         ] GC(3553)   Merge Heap Roots: 0.1ms
[170.720s][debug][gc,phases         ] GC(3553)     Prepare Merge Heap Roots: 0.0ms
[170.720s][debug][gc,phases         ] GC(3553)     Eager Reclaim (ms):       skipped
[170.720s][debug][gc,phases         ] GC(3553)     Remembered Sets (ms):     Min:  0.0, Avg:  0.0, Max:  0.1, Diff:  0.0, Sum:  0.3, Workers: 8
[170.720s][debug][gc,phases         ] GC(3553)       Merged Sparse:            Min: 0, Avg:  0.0, Max: 0, Diff: 0, Sum: 0, Workers: 8
[170.720s][debug][gc,phases         ] GC(3553)       Merged Fine:              Min: 0, Avg:  0.0, Max: 0, Diff: 0, Sum: 0, Workers: 8
[170.720s][debug][gc,phases         ] GC(3553)       Merged Coarse:            Min: 0, Avg:  0.0, Max: 0, Diff: 0, Sum: 0, Workers: 8
[170.720s][debug][gc,phases         ] GC(3553)       Dirty Cards:              Min: 0, Avg:  0.0, Max: 0, Diff: 0, Sum: 0, Workers: 8
[170.720s][debug][gc,phases         ] GC(3553)     Hot Card Cache (ms):      Min:  0.0, Avg:  0.0, Max:  0.0, Diff:  0.0, Sum:  0.0, Workers: 8
[170.720s][debug][gc,phases         ] GC(3553)       Dirty Cards:              Min: 0, Avg:  0.0, Max: 0, Diff: 0, Sum: 0, Workers: 8
[170.720s][debug][gc,phases         ] GC(3553)       Skipped Cards:            Min: 0, Avg:  0.0, Max: 0, Diff: 0, Sum: 0, Workers: 8
[170.720s][debug][gc,phases         ] GC(3553)     Log Buffers (ms):         Min:  0.0, Avg:  0.0, Max:  0.0, Diff:  0.0, Sum:  0.0, Workers: 8
[170.720s][debug][gc,phases         ] GC(3553)       Dirty Cards:              Min: 0, Avg:  0.2, Max: 1, Diff: 1, Sum: 2, Workers: 8
[170.720s][debug][gc,phases         ] GC(3553)       Skipped Cards:            Min: 0, Avg:  0.0, Max: 0, Diff: 0, Sum: 0, Workers: 8
[170.720s][info ][gc,phases         ] GC(3553)   Evacuate Collection Set: 0.3ms
[170.720s][debug][gc,phases         ] GC(3553)     Ext Root Scanning (ms):   Min:  0.1, Avg:  0.2, Max:  0.2, Diff:  0.1, Sum:  1.2, Workers: 8
[170.720s][debug][gc,phases         ] GC(3553)     Scan Heap Roots (ms):     Min:  0.0, Avg:  0.0, Max:  0.0, Diff:  0.0, Sum:  0.0, Workers: 8
[170.720s][debug][gc,phases         ] GC(3553)       Scanned Cards:            Min: 0, Avg:  0.2, Max: 1, Diff: 1, Sum: 2, Workers: 8
[170.720s][debug][gc,phases         ] GC(3553)       Scanned Blocks:           Min: 0, Avg:  0.2, Max: 1, Diff: 1, Sum: 2, Workers: 8
[170.720s][debug][gc,phases         ] GC(3553)       Claimed Chunks:           Min: 0, Avg:  0.2, Max: 1, Diff: 1, Sum: 2, Workers: 8
[170.720s][debug][gc,phases         ] GC(3553)     Code Root Scan (ms):      Min:  0.0, Avg:  0.0, Max:  0.1, Diff:  0.1, Sum:  0.2, Workers: 8
[170.720s][debug][gc,phases         ] GC(3553)     Object Copy (ms):         Min:  0.0, Avg:  0.0, Max:  0.0, Diff:  0.0, Sum:  0.0, Workers: 8
[170.720s][debug][gc,phases         ] GC(3553)     Termination (ms):         Min:  0.0, Avg:  0.1, Max:  0.1, Diff:  0.1, Sum:  0.4, Workers: 8
[170.720s][debug][gc,phases         ] GC(3553)       Termination Attempts:     Min: 1, Avg:  1.0, Max: 1, Diff: 0, Sum: 8, Workers: 8
[170.720s][debug][gc,phases         ] GC(3553)     GC Worker Other (ms):     Min:  0.0, Avg:  0.0, Max:  0.1, Diff:  0.1, Sum:  0.4, Workers: 8
[170.720s][debug][gc,phases         ] GC(3553)     GC Worker Total (ms):     Min:  0.3, Avg:  0.3, Max:  0.3, Diff:  0.1, Sum:  2.2, Workers: 8
[170.720s][info ][gc,phases         ] GC(3553)   Post Evacuate Collection Set: 0.6ms
[170.720s][debug][gc,phases         ] GC(3553)     Code Roots Fixup: 0.0ms
[170.720s][debug][gc,phases         ] GC(3553)     Clear Card Table: 0.2ms
[170.720s][debug][gc,phases         ] GC(3553)     Reference Processing: 0.0ms
[170.720s][debug][gc,phases,ref     ] GC(3553)       Reconsider SoftReferences: 0.0ms
[170.720s][debug][gc,phases,ref     ] GC(3553)         SoftRef (ms):             skipped
[170.720s][debug][gc,phases,ref     ] GC(3553)       Notify Soft/WeakReferences: 0.0ms
[170.720s][debug][gc,phases,ref     ] GC(3553)         SoftRef (ms):             skipped
[170.720s][debug][gc,phases,ref     ] GC(3553)         WeakRef (ms):             skipped
[170.720s][debug][gc,phases,ref     ] GC(3553)         FinalRef (ms):            skipped
[170.720s][debug][gc,phases,ref     ] GC(3553)         Total (ms):               skipped
[170.721s][debug][gc,phases,ref     ] GC(3553)       Notify and keep alive finalizable: 0.0ms
[170.721s][debug][gc,phases,ref     ] GC(3553)         FinalRef (ms):            skipped
[170.721s][debug][gc,phases,ref     ] GC(3553)       Notify PhantomReferences: 0.0ms
[170.721s][debug][gc,phases,ref     ] GC(3553)         PhantomRef (ms):          skipped
[170.721s][debug][gc,phases,ref     ] GC(3553)       SoftReference:
[170.721s][debug][gc,phases,ref     ] GC(3553)         Discovered: 0
[170.721s][debug][gc,phases,ref     ] GC(3553)         Cleared: 0
[170.721s][debug][gc,phases,ref     ] GC(3553)       WeakReference:
[170.721s][debug][gc,phases,ref     ] GC(3553)         Discovered: 0
[170.721s][debug][gc,phases,ref     ] GC(3553)         Cleared: 0
[170.721s][debug][gc,phases,ref     ] GC(3553)       FinalReference:
[170.721s][debug][gc,phases,ref     ] GC(3553)         Discovered: 0
[170.721s][debug][gc,phases,ref     ] GC(3553)         Cleared: 0
[170.721s][debug][gc,phases,ref     ] GC(3553)       PhantomReference:
[170.721s][debug][gc,phases,ref     ] GC(3553)         Discovered: 0
[170.721s][debug][gc,phases,ref     ] GC(3553)         Cleared: 0
[170.721s][debug][gc,phases         ] GC(3553)     Weak Processing: 0.0ms
[170.721s][debug][gc,phases         ] GC(3553)       JVMTI weak processing: 0.0ms
[170.721s][debug][gc,phases         ] GC(3553)         Dead: 0
[170.721s][debug][gc,phases         ] GC(3553)         Total: 0
[170.721s][debug][gc,phases         ] GC(3553)       JFR weak processing: 0.0ms
[170.721s][debug][gc,phases         ] GC(3553)         Dead: 0
[170.721s][debug][gc,phases         ] GC(3553)         Total: 0
[170.721s][debug][gc,phases         ] GC(3553)       JNI weak                  Min:  0.0, Avg:  0.0, Max:  0.0, Diff:  0.0, Sum:  0.0, Workers: 5
[170.721s][debug][gc,phases         ] GC(3553)         Dead                      Min: 0, Avg:  0.0, Max: 0, Diff: 0, Sum: 0, Workers: 5
[170.721s][debug][gc,phases         ] GC(3553)         Total                     Min: 0, Avg: 25.6, Max: 128, Diff: 128, Sum: 128, Workers: 5
[170.721s][debug][gc,phases         ] GC(3553)       VM weak                   Min:  0.0, Avg:  0.0, Max:  0.0, Diff:  0.0, Sum:  0.0, Workers: 5
[170.721s][debug][gc,phases         ] GC(3553)         Dead                      Min: 0, Avg:  0.0, Max: 0, Diff: 0, Sum: 0, Workers: 5
[170.721s][debug][gc,phases         ] GC(3553)         Total                     Min: 0, Avg: 42.4, Max: 128, Diff: 128, Sum: 212, Workers: 5
[170.721s][debug][gc,phases         ] GC(3553)       StringTable weak          Min:  0.0, Avg:  0.0, Max:  0.0, Diff:  0.0, Sum:  0.1, Workers: 5
[170.721s][debug][gc,phases         ] GC(3553)         Dead                      Min: 0, Avg:  0.0, Max: 0, Diff: 0, Sum: 0, Workers: 5
[170.721s][debug][gc,phases         ] GC(3553)         Total                     Min: 0, Avg: 686.2, Max: 1408, Diff: 1408, Sum: 3431, Workers: 5
[170.721s][debug][gc,phases         ] GC(3553)       ResolvedMethodTable weak  Min:  0.0, Avg:  0.0, Max:  0.0, Diff:  0.0, Sum:  0.0, Workers: 5
[170.721s][debug][gc,phases         ] GC(3553)         Dead                      Min: 0, Avg:  0.0, Max: 0, Diff: 0, Sum: 0, Workers: 5
[170.721s][debug][gc,phases         ] GC(3553)         Total                     Min: 0, Avg: 114.6, Max: 189, Diff: 189, Sum: 573, Workers: 5
[170.721s][debug][gc,phases         ] GC(3553)     Merge Per-Thread State: 0.0ms
[170.721s][debug][gc,phases         ] GC(3553)       Copied Bytes              Min: 56, Avg: 300293.0, Max: 800096, Diff: 800040, Sum: 2402344, Workers: 8
[170.721s][debug][gc,phases         ] GC(3553)       LAB Waste                 Min: 0, Avg:  0.0, Max: 0, Diff: 0, Sum: 0, Workers: 8
[170.721s][debug][gc,phases         ] GC(3553)       LAB Undo Waste            Min: 0, Avg:  0.0, Max: 0, Diff: 0, Sum: 0, Workers: 8
[170.721s][debug][gc,phases         ] GC(3553)     Code Roots Purge: 0.0ms
[170.721s][debug][gc,phases         ] GC(3553)     Redirty Cards: 0.0ms
[170.721s][debug][gc,phases         ] GC(3553)     DerivedPointerTable Update: 0.0ms
[170.721s][debug][gc,phases         ] GC(3553)     Free Collection Set: 0.2ms
[170.721s][debug][gc,phases         ] GC(3553)     Rebuild Free List: 0.1ms
[170.721s][debug][gc,phases         ] GC(3553)     Humongous Reclaim: 0.0ms
[170.721s][debug][gc,phases         ] GC(3553)     Start New Collection Set: 0.0ms
[170.721s][debug][gc,phases         ] GC(3553)     Resize TLABs: 0.0ms
[170.721s][debug][gc,phases         ] GC(3553)     Expand Heap After Collection: 0.0ms
[170.721s][info ][gc,phases         ] GC(3553)   Other: 0.4ms
[170.721s][info ][gc,heap           ] GC(3553) Eden regions: 868->0(870)
[170.721s][info ][gc,heap           ] GC(3553) Survivor regions: 5->3(110)
[170.721s][info ][gc,heap           ] GC(3553) Old regions: 17->17
[170.721s][info ][gc,heap           ] GC(3553) Archive regions: 2->2
[170.721s][info ][gc,heap           ] GC(3553) Humongous regions: 0->0
[170.721s][info ][gc,metaspace      ] GC(3553) Metaspace: 10069K(10624K)->10069K(10624K) NonClass: 8921K(9216K)->8921K(9216K) Class: 1148K(1408K)->1148K(1408K)
[170.721s][debug][gc,heap           ] GC(3553) Heap after GC invocations=3554 (full 1): garbage-first heap   total 1490944K, used 20282K [0x0000000700000000, 0x0000000800000000)
[170.721s][debug][gc,heap           ] GC(3553)   region size 1024K, 3 young (3072K), 3 survivors (3072K)
[170.721s][debug][gc,heap           ] GC(3553)  Metaspace       used 10069K, capacity 10368K, committed 10624K, reserved 1058816K
[170.721s][debug][gc,heap           ] GC(3553)   class space    used 1148K, capacity 1266K, committed 1408K, reserved 1048576K
[170.721s][info ][gc                ] GC(3553) Pause Young (Normal) (G1 Evacuation Pause) 889M->19M(1456M) 2.281ms
[170.721s][info ][gc,cpu            ] GC(3553) User=0.00s Sys=0.00s Real=0.00s
[170.721s][info ][safepoint         ] Safepoint "G1CollectForAllocation", Time since last: 49688355 ns, Reaching safepoint: 167486 ns, At safepoint: 2460538 ns, Total: 2628024 ns
[170.764s][debug][gc,heap           ] GC(3554) Heap before GC invocations=3554 (full 1): garbage-first heap   total 1490944K, used 910138K [0x0000000700000000, 0x0000000800000000)
[170.764s][debug][gc,heap           ] GC(3554)   region size 1024K, 873 young (893952K), 3 survivors (3072K)
[170.764s][debug][gc,heap           ] GC(3554)  Metaspace       used 10069K, capacity 10368K, committed 10624K, reserved 1058816K
[170.764s][debug][gc,heap           ] GC(3554)   class space    used 1148K, capacity 1266K, committed 1408K, reserved 1048576K
[170.764s][info ][gc,start          ] GC(3554) Pause Young (Normal) (G1 Evacuation Pause)
[170.764s][info ][gc,task           ] GC(3554) Using 8 workers of 8 for evacuation
[170.764s][debug][gc,tlab           ] GC(3554) TLAB totals: thrds: 8  refills: 16 max: 3 slow allocs: 1732 max 229 waste: 31.9% gc: 1205208B max: 225800B slow: 61832B max: 15488B fast: 0B max: 0B
[170.764s][debug][gc,age            ] GC(3554) Desired survivor size 57671680 bytes, new threshold 15 (max threshold 15)
[170.764s][debug][gc,alloc,region   ] GC(3554) Mutator Allocation stats, regions: 870, wasted size: 203M (23.4%)
[170.765s][debug][gc,ergo           ] GC(3554) Running G1 Merge Heap Roots using 8 workers for 873 regions
[170.765s][debug][gc,remset         ] GC(3554) Visited cards 256 Total dirty 2048 (12.50%) Total old 3614720 (0.01%)
[170.765s][debug][gc,ergo           ] GC(3554) Running G1 Clear Card Table Task using 2 workers for 2 units of work for 874 regions.
[170.765s][debug][gc,ref            ] GC(3554) Skipped phase1 of Reference Processing due to unavailable references
[170.765s][debug][gc,ref            ] GC(3554) Skipped phase2 of Reference Processing due to unavailable references
[170.765s][debug][gc,ref            ] GC(3554) Skipped phase3 of Reference Processing due to unavailable references
[170.765s][debug][gc,ref            ] GC(3554) Skipped phase4 of Reference Processing due to unavailable references
[170.765s][debug][gc,ergo           ] GC(3554) Running G1 Free Collection Set using 8 workers for collection set length 873 (1456)
[170.766s][debug][gc,ergo           ] GC(3554) Running G1 Rebuild Free List Task using 8 workers for rebuilding free list of 0 (4096) regions
[170.766s][trace][gc,age            ] GC(3554) Age table with threshold 15 (max threshold 15)
[170.766s][trace][gc,age            ] GC(3554) - age   1:    3202472 bytes,    3202472 total
[170.766s][debug][gc,plab           ] GC(3554) Young PLAB allocation: allocated: 16512B, wasted: 0B, unused: 14144B, used: 2368B, undo waste: 0B, 
[170.766s][debug][gc,plab           ] GC(3554) Young other allocation: region end waste: 735320B, regions filled: 4, direct allocated: 3200104B, failure used: 0B, failure wasted: 0B
[170.766s][debug][gc,plab           ] GC(3554) Young sizing: calculated: 0B, actual: 2064B
[170.766s][debug][gc,plab           ] GC(3554) Old PLAB allocation: allocated: 0B, wasted: 0B, unused: 0B, used: 0B, undo waste: 0B, 
[170.766s][debug][gc,plab           ] GC(3554) Old other allocation: region end waste: 0B, regions filled: 1, direct allocated: 0B, failure used: 0B, failure wasted: 0B
[170.766s][debug][gc,plab           ] GC(3554) Old sizing: calculated: 0B, actual: 2064B
[170.766s][debug][gc,ihop           ] GC(3554) Basic information (value update), threshold: 687026995B (45.00), target occupancy: 1526726656B, current occupancy: 21821760B, recent allocation size: 0B, recent allocation duration: 44.27ms, recent old gen allocation rate: 0.00B/s, recent marking phase length: 29.01ms
[170.766s][debug][gc,ihop           ] GC(3554) Adaptive IHOP information (value update), threshold: 687026995B (47.37), internal target occupancy: 1450390323B, occupancy: 21821760B, additional buffer size: 915406848B, predicted old gen allocation rate: 15875.24B/s, predicted marking phase length: 58.01ms, prediction active: false
[170.766s][debug][gc,ergo,refine    ] GC(3554) Concurrent refinement times: Logged Cards Scan time goal: 20.00ms Logged Cards Scan time: 0.00ms HCC time: 0.00ms
[170.766s][debug][gc,ergo,refine    ] GC(3554) Updated Refinement Zones: green: 2048, yellow: 6144, red: 10240
[170.766s][info ][gc,phases         ] GC(3554)   Pre Evacuate Collection Set: 0.1ms
[170.766s][debug][gc,phases         ] GC(3554)     Prepare TLABs: 0.0ms
[170.766s][debug][gc,phases         ] GC(3554)     Choose Collection Set: 0.0ms
[170.766s][debug][gc,phases         ] GC(3554)     Region Register: 0.1ms
[170.766s][debug][gc,phases         ] GC(3554)     Prepare Heap Roots: 0.0ms
[170.766s][info ][gc,phases         ] GC(3554)   Merge Heap Roots: 0.1ms
[170.766s][debug][gc,phases         ] GC(3554)     Prepare Merge Heap Roots: 0.0ms
[170.766s][debug][gc,phases         ] GC(3554)     Eager Reclaim (ms):       skipped
[170.766s][debug][gc,phases         ] GC(3554)     Remembered Sets (ms):     Min:  0.0, Avg:  0.0, Max:  0.0, Diff:  0.0, Sum:  0.2, Workers: 8
[170.766s][debug][gc,phases         ] GC(3554)       Merged Sparse:            Min: 0, Avg:  0.0, Max: 0, Diff: 0, Sum: 0, Workers: 8
[170.766s][debug][gc,phases         ] GC(3554)       Merged Fine:              Min: 0, Avg:  0.0, Max: 0, Diff: 0, Sum: 0, Workers: 8
[170.766s][debug][gc,phases         ] GC(3554)       Merged Coarse:            Min: 0, Avg:  0.0, Max: 0, Diff: 0, Sum: 0, Workers: 8
[170.766s][debug][gc,phases         ] GC(3554)       Dirty Cards:              Min: 0, Avg:  0.0, Max: 0, Diff: 0, Sum: 0, Workers: 8
[170.766s][debug][gc,phases         ] GC(3554)     Hot Card Cache (ms):      Min:  0.0, Avg:  0.0, Max:  0.0, Diff:  0.0, Sum:  0.0, Workers: 8
[170.766s][debug][gc,phases         ] GC(3554)       Dirty Cards:              Min: 0, Avg:  0.0, Max: 0, Diff: 0, Sum: 0, Workers: 8
[170.766s][debug][gc,phases         ] GC(3554)       Skipped Cards:            Min: 0, Avg:  0.0, Max: 0, Diff: 0, Sum: 0, Workers: 8
[170.766s][debug][gc,phases         ] GC(3554)     Log Buffers (ms):         Min:  0.0, Avg:  0.0, Max:  0.0, Diff:  0.0, Sum:  0.0, Workers: 8
[170.766s][debug][gc,phases         ] GC(3554)       Dirty Cards:              Min: 0, Avg:  0.1, Max: 1, Diff: 1, Sum: 1, Workers: 8
[170.766s][debug][gc,phases         ] GC(3554)       Skipped Cards:            Min: 0, Avg:  0.0, Max: 0, Diff: 0, Sum: 0, Workers: 8
[170.766s][info ][gc,phases         ] GC(3554)   Evacuate Collection Set: 0.4ms
[170.766s][debug][gc,phases         ] GC(3554)     Ext Root Scanning (ms):   Min:  0.1, Avg:  0.2, Max:  0.3, Diff:  0.2, Sum:  1.4, Workers: 8
[170.766s][debug][gc,phases         ] GC(3554)     Scan Heap Roots (ms):     Min:  0.0, Avg:  0.0, Max:  0.0, Diff:  0.0, Sum:  0.0, Workers: 8
[170.766s][debug][gc,phases         ] GC(3554)       Scanned Cards:            Min: 0, Avg:  0.1, Max: 1, Diff: 1, Sum: 1, Workers: 8
[170.766s][debug][gc,phases         ] GC(3554)       Scanned Blocks:           Min: 0, Avg:  0.1, Max: 1, Diff: 1, Sum: 1, Workers: 8
[170.766s][debug][gc,phases         ] GC(3554)       Claimed Chunks:           Min: 0, Avg:  0.1, Max: 1, Diff: 1, Sum: 1, Workers: 8
[170.766s][debug][gc,phases         ] GC(3554)     Code Root Scan (ms):      Min:  0.0, Avg:  0.0, Max:  0.1, Diff:  0.1, Sum:  0.2, Workers: 8
[170.766s][debug][gc,phases         ] GC(3554)     Object Copy (ms):         Min:  0.0, Avg:  0.0, Max:  0.0, Diff:  0.0, Sum:  0.0, Workers: 8
[170.766s][debug][gc,phases         ] GC(3554)     Termination (ms):         Min:  0.0, Avg:  0.1, Max:  0.1, Diff:  0.1, Sum:  0.7, Workers: 8
[170.766s][debug][gc,phases         ] GC(3554)       Termination Attempts:     Min: 1, Avg:  1.4, Max: 2, Diff: 1, Sum: 11, Workers: 8
[170.766s][debug][gc,phases         ] GC(3554)     GC Worker Other (ms):     Min:  0.0, Avg:  0.0, Max:  0.1, Diff:  0.1, Sum:  0.3, Workers: 8
[170.766s][debug][gc,phases         ] GC(3554)     GC Worker Total (ms):     Min:  0.3, Avg:  0.3, Max:  0.4, Diff:  0.0, Sum:  2.7, Workers: 8
[170.766s][info ][gc,phases         ] GC(3554)   Post Evacuate Collection Set: 0.6ms
[170.766s][debug][gc,phases         ] GC(3554)     Code Roots Fixup: 0.0ms
[170.766s][debug][gc,phases         ] GC(3554)     Clear Card Table: 0.2ms
[170.766s][debug][gc,phases         ] GC(3554)     Reference Processing: 0.0ms
[170.766s][debug][gc,phases,ref     ] GC(3554)       Reconsider SoftReferences: 0.0ms
[170.766s][debug][gc,phases,ref     ] GC(3554)         SoftRef (ms):             skipped
[170.766s][debug][gc,phases,ref     ] GC(3554)       Notify Soft/WeakReferences: 0.0ms
[170.766s][debug][gc,phases,ref     ] GC(3554)         SoftRef (ms):             skipped
[170.766s][debug][gc,phases,ref     ] GC(3554)         WeakRef (ms):             skipped
[170.766s][debug][gc,phases,ref     ] GC(3554)         FinalRef (ms):            skipped
[170.766s][debug][gc,phases,ref     ] GC(3554)         Total (ms):               skipped
[170.766s][debug][gc,phases,ref     ] GC(3554)       Notify and keep alive finalizable: 0.0ms
[170.766s][debug][gc,phases,ref     ] GC(3554)         FinalRef (ms):            skipped
[170.766s][debug][gc,phases,ref     ] GC(3554)       Notify PhantomReferences: 0.0ms
[170.766s][debug][gc,phases,ref     ] GC(3554)         PhantomRef (ms):          skipped
[170.766s][debug][gc,phases,ref     ] GC(3554)       SoftReference:
[170.766s][debug][gc,phases,ref     ] GC(3554)         Discovered: 0
[170.766s][debug][gc,phases,ref     ] GC(3554)         Cleared: 0
[170.766s][debug][gc,phases,ref     ] GC(3554)       WeakReference:
[170.766s][debug][gc,phases,ref     ] GC(3554)         Discovered: 0
[170.766s][debug][gc,phases,ref     ] GC(3554)         Cleared: 0
[170.766s][debug][gc,phases,ref     ] GC(3554)       FinalReference:
[170.766s][debug][gc,phases,ref     ] GC(3554)         Discovered: 0
[170.766s][debug][gc,phases,ref     ] GC(3554)         Cleared: 0
[170.766s][debug][gc,phases,ref     ] GC(3554)       PhantomReference:
[170.766s][debug][gc,phases,ref     ] GC(3554)         Discovered: 0
[170.766s][debug][gc,phases,ref     ] GC(3554)         Cleared: 0
[170.766s][debug][gc,phases         ] GC(3554)     Weak Processing: 0.1ms
[170.766s][debug][gc,phases         ] GC(3554)       JVMTI weak processing: 0.0ms
[170.766s][debug][gc,phases         ] GC(3554)         Dead: 0
[170.766s][debug][gc,phases         ] GC(3554)         Total: 0
[170.766s][debug][gc,phases         ] GC(3554)       JFR weak processing: 0.0ms
[170.766s][debug][gc,phases         ] GC(3554)         Dead: 0
[170.766s][debug][gc,phases         ] GC(3554)         Total: 0
[170.766s][debug][gc,phases         ] GC(3554)       JNI weak                  Min:  0.0, Avg:  0.0, Max:  0.0, Diff:  0.0, Sum:  0.0, Workers: 5
[170.766s][debug][gc,phases         ] GC(3554)         Dead                      Min: 0, Avg:  0.0, Max: 0, Diff: 0, Sum: 0, Workers: 5
[170.766s][debug][gc,phases         ] GC(3554)         Total                     Min: 0, Avg: 25.6, Max: 128, Diff: 128, Sum: 128, Workers: 5
[170.766s][debug][gc,phases         ] GC(3554)       VM weak                   Min:  0.0, Avg:  0.0, Max:  0.0, Diff:  0.0, Sum:  0.0, Workers: 5
[170.766s][debug][gc,phases         ] GC(3554)         Dead                      Min: 0, Avg:  0.0, Max: 0, Diff: 0, Sum: 0, Workers: 5
[170.766s][debug][gc,phases         ] GC(3554)         Total                     Min: 0, Avg: 42.4, Max: 212, Diff: 212, Sum: 212, Workers: 5
[170.766s][debug][gc,phases         ] GC(3554)       StringTable weak          Min:  0.0, Avg:  0.0, Max:  0.0, Diff:  0.0, Sum:  0.0, Workers: 5
[170.766s][debug][gc,phases         ] GC(3554)         Dead                      Min: 0, Avg:  0.0, Max: 0, Diff: 0, Sum: 0, Workers: 5
[170.766s][debug][gc,phases         ] GC(3554)         Total                     Min: 0, Avg: 686.2, Max: 3431, Diff: 3431, Sum: 3431, Workers: 5
[170.766s][debug][gc,phases         ] GC(3554)       ResolvedMethodTable weak  Min:  0.0, Avg:  0.0, Max:  0.0, Diff:  0.0, Sum:  0.0, Workers: 5
[170.766s][debug][gc,phases         ] GC(3554)         Dead                      Min: 0, Avg:  0.0, Max: 0, Diff: 0, Sum: 0, Workers: 5
[170.766s][debug][gc,phases         ] GC(3554)         Total                     Min: 61, Avg: 114.6, Max: 192, Diff: 131, Sum: 573, Workers: 5
[170.766s][debug][gc,phases         ] GC(3554)     Merge Per-Thread State: 0.0ms
[170.766s][debug][gc,phases         ] GC(3554)       Copied Bytes              Min: 72, Avg: 400309.0, Max: 800544, Diff: 800472, Sum: 3202472, Workers: 8
[170.766s][debug][gc,phases         ] GC(3554)       LAB Waste                 Min: 0, Avg:  0.0, Max: 0, Diff: 0, Sum: 0, Workers: 8
[170.766s][debug][gc,phases         ] GC(3554)       LAB Undo Waste            Min: 0, Avg:  0.0, Max: 0, Diff: 0, Sum: 0, Workers: 8
[170.766s][debug][gc,phases         ] GC(3554)     Code Roots Purge: 0.0ms
[170.766s][debug][gc,phases         ] GC(3554)     Redirty Cards: 0.0ms
[170.766s][debug][gc,phases         ] GC(3554)     DerivedPointerTable Update: 0.0ms
[170.766s][debug][gc,phases         ] GC(3554)     Free Collection Set: 0.2ms
[170.766s][debug][gc,phases         ] GC(3554)     Rebuild Free List: 0.1ms
[170.766s][debug][gc,phases         ] GC(3554)     Humongous Reclaim: 0.0ms
[170.766s][debug][gc,phases         ] GC(3554)     Start New Collection Set: 0.0ms
[170.766s][debug][gc,phases         ] GC(3554)     Resize TLABs: 0.0ms
[170.766s][debug][gc,phases         ] GC(3554)     Expand Heap After Collection: 0.0ms
[170.766s][info ][gc,phases         ] GC(3554)   Other: 0.3ms
[170.767s][info ][gc,heap           ] GC(3554) Eden regions: 870->0(869)
[170.767s][info ][gc,heap           ] GC(3554) Survivor regions: 3->4(110)
[170.767s][info ][gc,heap           ] GC(3554) Old regions: 17->17
[170.767s][info ][gc,heap           ] GC(3554) Archive regions: 2->2
[170.767s][info ][gc,heap           ] GC(3554) Humongous regions: 0->0
[170.767s][info ][gc,metaspace      ] GC(3554) Metaspace: 10069K(10624K)->10069K(10624K) NonClass: 8921K(9216K)->8921K(9216K) Class: 1148K(1408K)->1148K(1408K)
[170.767s][debug][gc,heap           ] GC(3554) Heap after GC invocations=3555 (full 1): garbage-first heap   total 1490944K, used 21310K [0x0000000700000000, 0x0000000800000000)
[170.767s][debug][gc,heap           ] GC(3554)   region size 1024K, 4 young (4096K), 4 survivors (4096K)
[170.767s][debug][gc,heap           ] GC(3554)  Metaspace       used 10069K, capacity 10368K, committed 10624K, reserved 1058816K
[170.767s][debug][gc,heap           ] GC(3554)   class space    used 1148K, capacity 1266K, committed 1408K, reserved 1048576K
[170.767s][info ][gc                ] GC(3554) Pause Young (Normal) (G1 Evacuation Pause) 889M->20M(1456M) 2.225ms
[170.767s][info ][gc,cpu            ] GC(3554) User=0.01s Sys=0.00s Real=0.00s
[170.767s][info ][safepoint         ] Safepoint "G1CollectForAllocation", Time since last: 43095250 ns, Reaching safepoint: 137062 ns, At safepoint: 2413681 ns, Total: 2550743 ns
[170.811s][debug][gc,heap           ] GC(3555) Heap before GC invocations=3555 (full 1): garbage-first heap   total 1490944K, used 910142K [0x0000000700000000, 0x0000000800000000)
[170.811s][debug][gc,heap           ] GC(3555)   region size 1024K, 873 young (893952K), 4 survivors (4096K)
[170.811s][debug][gc,heap           ] GC(3555)  Metaspace       used 10069K, capacity 10368K, committed 10624K, reserved 1058816K
[170.811s][debug][gc,heap           ] GC(3555)   class space    used 1148K, capacity 1266K, committed 1408K, reserved 1048576K
[170.811s][info ][gc,start          ] GC(3555) Pause Young (Normal) (G1 Evacuation Pause)
[170.811s][info ][gc,task           ] GC(3555) Using 8 workers of 8 for evacuation
[170.811s][debug][gc,tlab           ] GC(3555) TLAB totals: thrds: 8  refills: 14 max: 3 slow allocs: 1731 max 245 waste: 24.7% gc: 957912B max: 216560B slow: 58416B max: 15488B fast: 0B max: 0B
[170.811s][debug][gc,age            ] GC(3555) Desired survivor size 57671680 bytes, new threshold 15 (max threshold 15)
[170.811s][debug][gc,alloc,region   ] GC(3555) Mutator Allocation stats, regions: 869, wasted size: 203M (23.4%)
[170.811s][debug][gc,ergo           ] GC(3555) Running G1 Merge Heap Roots using 8 workers for 873 regions
[170.811s][debug][gc,remset         ] GC(3555) Visited cards 512 Total dirty 4096 (12.50%) Total old 3614720 (0.01%)
[170.812s][debug][gc,ergo           ] GC(3555) Running G1 Clear Card Table Task using 2 workers for 2 units of work for 875 regions.
[170.812s][debug][gc,ref            ] GC(3555) Skipped phase1 of Reference Processing due to unavailable references
[170.812s][debug][gc,ref            ] GC(3555) Skipped phase2 of Reference Processing due to unavailable references
[170.812s][debug][gc,ref            ] GC(3555) Skipped phase3 of Reference Processing due to unavailable references
[170.812s][debug][gc,ref            ] GC(3555) Skipped phase4 of Reference Processing due to unavailable references
[170.812s][debug][gc,ergo           ] GC(3555) Running G1 Free Collection Set using 8 workers for collection set length 873 (1456)
[170.812s][debug][gc,ergo           ] GC(3555) Running G1 Rebuild Free List Task using 8 workers for rebuilding free list of 0 (4096) regions
[170.812s][trace][gc,age            ] GC(3555) Age table with threshold 15 (max threshold 15)
[170.812s][trace][gc,age            ] GC(3555) - age   1:    3202552 bytes,    3202552 total
[170.812s][debug][gc,plab           ] GC(3555) Young PLAB allocation: allocated: 16512B, wasted: 0B, unused: 14064B, used: 2448B, undo waste: 0B, 
[170.812s][debug][gc,plab           ] GC(3555) Young other allocation: region end waste: 735320B, regions filled: 4, direct allocated: 3200104B, failure used: 0B, failure wasted: 0B
[170.812s][debug][gc,plab           ] GC(3555) Young sizing: calculated: 0B, actual: 2064B
[170.812s][debug][gc,plab           ] GC(3555) Old PLAB allocation: allocated: 0B, wasted: 0B, unused: 0B, used: 0B, undo waste: 0B, 
[170.812s][debug][gc,plab           ] GC(3555) Old other allocation: region end waste: 0B, regions filled: 1, direct allocated: 0B, failure used: 0B, failure wasted: 0B
[170.812s][debug][gc,plab           ] GC(3555) Old sizing: calculated: 0B, actual: 2064B
[170.812s][debug][gc,ihop           ] GC(3555) Basic information (value update), threshold: 687026995B (45.00), target occupancy: 1526726656B, current occupancy: 21821760B, recent allocation size: 0B, recent allocation duration: 44.95ms, recent old gen allocation rate: 0.00B/s, recent marking phase length: 29.01ms
[170.812s][debug][gc,ihop           ] GC(3555) Adaptive IHOP information (value update), threshold: 687026995B (47.37), internal target occupancy: 1450390323B, occupancy: 21821760B, additional buffer size: 915406848B, predicted old gen allocation rate: 15415.27B/s, predicted marking phase length: 58.01ms, prediction active: false
[170.812s][debug][gc,ergo,refine    ] GC(3555) Concurrent refinement times: Logged Cards Scan time goal: 20.00ms Logged Cards Scan time: 0.00ms HCC time: 0.00ms
[170.812s][debug][gc,ergo,refine    ] GC(3555) Updated Refinement Zones: green: 2048, yellow: 6144, red: 10240
[170.812s][info ][gc,phases         ] GC(3555)   Pre Evacuate Collection Set: 0.1ms
[170.812s][debug][gc,phases         ] GC(3555)     Prepare TLABs: 0.0ms
[170.812s][debug][gc,phases         ] GC(3555)     Choose Collection Set: 0.0ms
[170.812s][debug][gc,phases         ] GC(3555)     Region Register: 0.1ms
[170.812s][debug][gc,phases         ] GC(3555)     Prepare Heap Roots: 0.0ms
[170.812s][info ][gc,phases         ] GC(3555)   Merge Heap Roots: 0.1ms
[170.812s][debug][gc,phases         ] GC(3555)     Prepare Merge Heap Roots: 0.0ms
[170.812s][debug][gc,phases         ] GC(3555)     Eager Reclaim (ms):       skipped
[170.812s][debug][gc,phases         ] GC(3555)     Remembered Sets (ms):     Min:  0.0, Avg:  0.0, Max:  0.0, Diff:  0.0, Sum:  0.3, Workers: 8
[170.812s][debug][gc,phases         ] GC(3555)       Merged Sparse:            Min: 0, Avg:  0.0, Max: 0, Diff: 0, Sum: 0, Workers: 8
[170.812s][debug][gc,phases         ] GC(3555)       Merged Fine:              Min: 0, Avg:  0.0, Max: 0, Diff: 0, Sum: 0, Workers: 8
[170.812s][debug][gc,phases         ] GC(3555)       Merged Coarse:            Min: 0, Avg:  0.0, Max: 0, Diff: 0, Sum: 0, Workers: 8
[170.812s][debug][gc,phases         ] GC(3555)       Dirty Cards:              Min: 0, Avg:  0.0, Max: 0, Diff: 0, Sum: 0, Workers: 8
[170.812s][debug][gc,phases         ] GC(3555)     Hot Card Cache (ms):      Min:  0.0, Avg:  0.0, Max:  0.0, Diff:  0.0, Sum:  0.0, Workers: 8
[170.812s][debug][gc,phases         ] GC(3555)       Dirty Cards:              Min: 0, Avg:  0.0, Max: 0, Diff: 0, Sum: 0, Workers: 8
[170.812s][debug][gc,phases         ] GC(3555)       Skipped Cards:            Min: 0, Avg:  0.0, Max: 0, Diff: 0, Sum: 0, Workers: 8
[170.812s][debug][gc,phases         ] GC(3555)     Log Buffers (ms):         Min:  0.0, Avg:  0.0, Max:  0.0, Diff:  0.0, Sum:  0.0, Workers: 8
[170.812s][debug][gc,phases         ] GC(3555)       Dirty Cards:              Min: 0, Avg:  0.2, Max: 1, Diff: 1, Sum: 2, Workers: 8
[170.812s][debug][gc,phases         ] GC(3555)       Skipped Cards:            Min: 0, Avg:  0.0, Max: 0, Diff: 0, Sum: 0, Workers: 8
[170.812s][info ][gc,phases         ] GC(3555)   Evacuate Collection Set: 0.4ms
[170.812s][debug][gc,phases         ] GC(3555)     Ext Root Scanning (ms):   Min:  0.0, Avg:  0.2, Max:  0.3, Diff:  0.2, Sum:  1.4, Workers: 8
[170.812s][debug][gc,phases         ] GC(3555)     Scan Heap Roots (ms):     Min:  0.0, Avg:  0.0, Max:  0.0, Diff:  0.0, Sum:  0.0, Workers: 8
[170.812s][debug][gc,phases         ] GC(3555)       Scanned Cards:            Min: 0, Avg:  0.2, Max: 1, Diff: 1, Sum: 2, Workers: 8
[170.812s][debug][gc,phases         ] GC(3555)       Scanned Blocks:           Min: 0, Avg:  0.2, Max: 1, Diff: 1, Sum: 2, Workers: 8
[170.812s][debug][gc,phases         ] GC(3555)       Claimed Chunks:           Min: 0, Avg:  0.2, Max: 1, Diff: 1, Sum: 2, Workers: 8
[170.812s][debug][gc,phases         ] GC(3555)     Code Root Scan (ms):      Min:  0.0, Avg:  0.0, Max:  0.1, Diff:  0.1, Sum:  0.1, Workers: 8
[170.812s][debug][gc,phases         ] GC(3555)     Object Copy (ms):         Min:  0.0, Avg:  0.0, Max:  0.0, Diff:  0.0, Sum:  0.0, Workers: 8
[170.812s][debug][gc,phases         ] GC(3555)     Termination (ms):         Min:  0.0, Avg:  0.1, Max:  0.2, Diff:  0.1, Sum:  0.9, Workers: 8
[170.812s][debug][gc,phases         ] GC(3555)       Termination Attempts:     Min: 1, Avg:  1.4, Max: 3, Diff: 2, Sum: 11, Workers: 8
[170.812s][debug][gc,phases         ] GC(3555)     GC Worker Other (ms):     Min:  0.0, Avg:  0.0, Max:  0.1, Diff:  0.1, Sum:  0.3, Workers: 8
[170.812s][debug][gc,phases         ] GC(3555)     GC Worker Total (ms):     Min:  0.3, Avg:  0.3, Max:  0.4, Diff:  0.1, Sum:  2.8, Workers: 8
[170.813s][info ][gc,phases         ] GC(3555)   Post Evacuate Collection Set: 0.6ms
[170.813s][debug][gc,phases         ] GC(3555)     Code Roots Fixup: 0.0ms
[170.813s][debug][gc,phases         ] GC(3555)     Clear Card Table: 0.2ms
[170.813s][debug][gc,phases         ] GC(3555)     Reference Processing: 0.0ms
[170.813s][debug][gc,phases,ref     ] GC(3555)       Reconsider SoftReferences: 0.0ms
[170.813s][debug][gc,phases,ref     ] GC(3555)         SoftRef (ms):             skipped
[170.813s][debug][gc,phases,ref     ] GC(3555)       Notify Soft/WeakReferences: 0.0ms
[170.813s][debug][gc,phases,ref     ] GC(3555)         SoftRef (ms):             skipped
[170.813s][debug][gc,phases,ref     ] GC(3555)         WeakRef (ms):             skipped
[170.813s][debug][gc,phases,ref     ] GC(3555)         FinalRef (ms):            skipped
[170.813s][debug][gc,phases,ref     ] GC(3555)         Total (ms):               skipped
[170.813s][debug][gc,phases,ref     ] GC(3555)       Notify and keep alive finalizable: 0.0ms
[170.813s][debug][gc,phases,ref     ] GC(3555)         FinalRef (ms):            skipped
[170.813s][debug][gc,phases,ref     ] GC(3555)       Notify PhantomReferences: 0.0ms
[170.813s][debug][gc,phases,ref     ] GC(3555)         PhantomRef (ms):          skipped
[170.813s][debug][gc,phases,ref     ] GC(3555)       SoftReference:
[170.813s][debug][gc,phases,ref     ] GC(3555)         Discovered: 0
[170.813s][debug][gc,phases,ref     ] GC(3555)         Cleared: 0
[170.813s][debug][gc,phases,ref     ] GC(3555)       WeakReference:
[170.813s][debug][gc,phases,ref     ] GC(3555)         Discovered: 0
[170.813s][debug][gc,phases,ref     ] GC(3555)         Cleared: 0
[170.813s][debug][gc,phases,ref     ] GC(3555)       FinalReference:
[170.813s][debug][gc,phases,ref     ] GC(3555)         Discovered: 0
[170.813s][debug][gc,phases,ref     ] GC(3555)         Cleared: 0
[170.813s][debug][gc,phases,ref     ] GC(3555)       PhantomReference:
[170.813s][debug][gc,phases,ref     ] GC(3555)         Discovered: 0
[170.813s][debug][gc,phases,ref     ] GC(3555)         Cleared: 0
[170.813s][debug][gc,phases         ] GC(3555)     Weak Processing: 0.1ms
[170.813s][debug][gc,phases         ] GC(3555)       JVMTI weak processing: 0.0ms
[170.813s][debug][gc,phases         ] GC(3555)         Dead: 0
[170.813s][debug][gc,phases         ] GC(3555)         Total: 0
[170.813s][debug][gc,phases         ] GC(3555)       JFR weak processing: 0.0ms
[170.813s][debug][gc,phases         ] GC(3555)         Dead: 0
[170.813s][debug][gc,phases         ] GC(3555)         Total: 0
[170.813s][debug][gc,phases         ] GC(3555)       JNI weak                  Min:  0.0, Avg:  0.0, Max:  0.0, Diff:  0.0, Sum:  0.0, Workers: 5
[170.813s][debug][gc,phases         ] GC(3555)         Dead                      Min: 0, Avg:  0.0, Max: 0, Diff: 0, Sum: 0, Workers: 5
[170.813s][debug][gc,phases         ] GC(3555)         Total                     Min: 0, Avg: 25.6, Max: 128, Diff: 128, Sum: 128, Workers: 5
[170.813s][debug][gc,phases         ] GC(3555)       VM weak                   Min:  0.0, Avg:  0.0, Max:  0.0, Diff:  0.0, Sum:  0.0, Workers: 5
[170.813s][debug][gc,phases         ] GC(3555)         Dead                      Min: 0, Avg:  0.0, Max: 0, Diff: 0, Sum: 0, Workers: 5
[170.813s][debug][gc,phases         ] GC(3555)         Total                     Min: 0, Avg: 42.4, Max: 212, Diff: 212, Sum: 212, Workers: 5
[170.813s][debug][gc,phases         ] GC(3555)       StringTable weak          Min:  0.0, Avg:  0.0, Max:  0.0, Diff:  0.0, Sum:  0.1, Workers: 5
[170.813s][debug][gc,phases         ] GC(3555)         Dead                      Min: 0, Avg:  0.0, Max: 0, Diff: 0, Sum: 0, Workers: 5
[170.813s][debug][gc,phases         ] GC(3555)         Total                     Min: 0, Avg: 686.2, Max: 1703, Diff: 1703, Sum: 3431, Workers: 5
[170.813s][debug][gc,phases         ] GC(3555)       ResolvedMethodTable weak  Min:  0.0, Avg:  0.0, Max:  0.0, Diff:  0.0, Sum:  0.0, Workers: 5
[170.813s][debug][gc,phases         ] GC(3555)         Dead                      Min: 0, Avg:  0.0, Max: 0, Diff: 0, Sum: 0, Workers: 5
[170.813s][debug][gc,phases         ] GC(3555)         Total                     Min: 0, Avg: 114.6, Max: 256, Diff: 256, Sum: 573, Workers: 5
[170.813s][debug][gc,phases         ] GC(3555)     Merge Per-Thread State: 0.0ms
[170.813s][debug][gc,phases         ] GC(3555)       Copied Bytes              Min: 392, Avg: 400319.0, Max: 800096, Diff: 799704, Sum: 3202552, Workers: 8
[170.813s][debug][gc,phases         ] GC(3555)       LAB Waste                 Min: 0, Avg:  0.0, Max: 0, Diff: 0, Sum: 0, Workers: 8
[170.813s][debug][gc,phases         ] GC(3555)       LAB Undo Waste            Min: 0, Avg:  0.0, Max: 0, Diff: 0, Sum: 0, Workers: 8
[170.813s][debug][gc,phases         ] GC(3555)     Code Roots Purge: 0.0ms
[170.813s][debug][gc,phases         ] GC(3555)     Redirty Cards: 0.0ms
[170.813s][debug][gc,phases         ] GC(3555)     DerivedPointerTable Update: 0.0ms
[170.813s][debug][gc,phases         ] GC(3555)     Free Collection Set: 0.2ms
[170.813s][debug][gc,phases         ] GC(3555)     Rebuild Free List: 0.1ms
[170.813s][debug][gc,phases         ] GC(3555)     Humongous Reclaim: 0.0ms
[170.813s][debug][gc,phases         ] GC(3555)     Start New Collection Set: 0.0ms
[170.813s][debug][gc,phases         ] GC(3555)     Resize TLABs: 0.0ms
[170.813s][debug][gc,phases         ] GC(3555)     Expand Heap After Collection: 0.0ms
[170.813s][info ][gc,phases         ] GC(3555)   Other: 0.4ms
[170.813s][info ][gc,heap           ] GC(3555) Eden regions: 869->0(869)
[170.813s][info ][gc,heap           ] GC(3555) Survivor regions: 4->4(110)
[170.813s][info ][gc,heap           ] GC(3555) Old regions: 17->17
[170.813s][info ][gc,heap           ] GC(3555) Archive regions: 2->2
[170.813s][info ][gc,heap           ] GC(3555) Humongous regions: 0->0
[170.813s][info ][gc,metaspace      ] GC(3555) Metaspace: 10069K(10624K)->10069K(10624K) NonClass: 8921K(9216K)->8921K(9216K) Class: 1148K(1408K)->1148K(1408K)
[170.813s][debug][gc,heap           ] GC(3555) Heap after GC invocations=3556 (full 1): garbage-first heap   total 1490944K, used 21310K [0x0000000700000000, 0x0000000800000000)
[170.813s][debug][gc,heap           ] GC(3555)   region size 1024K, 4 young (4096K), 4 survivors (4096K)
[170.813s][debug][gc,heap           ] GC(3555)  Metaspace       used 10069K, capacity 10368K, committed 10624K, reserved 1058816K
[170.813s][debug][gc,heap           ] GC(3555)   class space    used 1148K, capacity 1266K, committed 1408K, reserved 1048576K
[170.813s][info ][gc                ] GC(3555) Pause Young (Normal) (G1 Evacuation Pause) 889M->20M(1456M) 2.237ms
[170.813s][info ][gc,cpu            ] GC(3555) User=0.01s Sys=0.00s Real=0.00s
[170.813s][info ][safepoint         ] Safepoint "G1CollectForAllocation", Time since last: 43770755 ns, Reaching safepoint: 201706 ns, At safepoint: 2408283 ns, Total: 2609989 ns
[170.857s][debug][gc,heap           ] GC(3556) Heap before GC invocations=3556 (full 1): garbage-first heap   total 1490944K, used 910142K [0x0000000700000000, 0x0000000800000000)
[170.857s][debug][gc,heap           ] GC(3556)   region size 1024K, 873 young (893952K), 4 survivors (4096K)
[170.857s][debug][gc,heap           ] GC(3556)  Metaspace       used 10069K, capacity 10368K, committed 10624K, reserved 1058816K
[170.857s][debug][gc,heap           ] GC(3556)   class space    used 1148K, capacity 1266K, committed 1408K, reserved 1048576K
[170.857s][info ][gc,start          ] GC(3556) Pause Young (Normal) (G1 Evacuation Pause)
[170.857s][info ][gc,task           ] GC(3556) Using 8 workers of 8 for evacuation
[170.857s][debug][gc,tlab           ] GC(3556) TLAB totals: thrds: 8  refills: 15 max: 3 slow allocs: 1729 max 239 waste: 35.9% gc: 1425528B max: 232984B slow: 85840B max: 15488B fast: 0B max: 0B
[170.857s][debug][gc,age            ] GC(3556) Desired survivor size 57671680 bytes, new threshold 15 (max threshold 15)
[170.857s][debug][gc,alloc,region   ] GC(3556) Mutator Allocation stats, regions: 869, wasted size: 203M (23.4%)
[170.857s][debug][gc,ergo           ] GC(3556) Running G1 Merge Heap Roots using 8 workers for 873 regions
[170.857s][debug][gc,remset         ] GC(3556) Visited cards 256 Total dirty 2048 (12.50%) Total old 3614720 (0.01%)
[170.858s][debug][gc,ergo           ] GC(3556) Running G1 Clear Card Table Task using 2 workers for 2 units of work for 874 regions.
[170.858s][debug][gc,ref            ] GC(3556) Skipped phase1 of Reference Processing due to unavailable references
[170.858s][debug][gc,ref            ] GC(3556) Skipped phase2 of Reference Processing due to unavailable references
[170.858s][debug][gc,ref            ] GC(3556) Skipped phase3 of Reference Processing due to unavailable references
[170.858s][debug][gc,ref            ] GC(3556) Skipped phase4 of Reference Processing due to unavailable references
[170.858s][debug][gc,ergo           ] GC(3556) Running G1 Free Collection Set using 8 workers for collection set length 873 (1456)
[170.858s][debug][gc,ergo           ] GC(3556) Running G1 Rebuild Free List Task using 8 workers for rebuilding free list of 0 (4096) regions
[170.858s][trace][gc,age            ] GC(3556) Age table with threshold 15 (max threshold 15)
[170.858s][trace][gc,age            ] GC(3556) - age   1:    3202568 bytes,    3202568 total
[170.858s][debug][gc,plab           ] GC(3556) Young PLAB allocation: allocated: 16512B, wasted: 0B, unused: 14064B, used: 2448B, undo waste: 0B, 
[170.858s][debug][gc,plab           ] GC(3556) Young other allocation: region end waste: 731184B, regions filled: 4, direct allocated: 3200120B, failure used: 0B, failure wasted: 0B
[170.858s][debug][gc,plab           ] GC(3556) Young sizing: calculated: 0B, actual: 2064B
[170.858s][debug][gc,plab           ] GC(3556) Old PLAB allocation: allocated: 0B, wasted: 0B, unused: 0B, used: 0B, undo waste: 0B, 
[170.858s][debug][gc,plab           ] GC(3556) Old other allocation: region end waste: 0B, regions filled: 1, direct allocated: 0B, failure used: 0B, failure wasted: 0B
[170.858s][debug][gc,plab           ] GC(3556) Old sizing: calculated: 0B, actual: 2064B
[170.858s][debug][gc,ihop           ] GC(3556) Basic information (value update), threshold: 687026995B (45.00), target occupancy: 1526726656B, current occupancy: 21817640B, recent allocation size: 0B, recent allocation duration: 44.57ms, recent old gen allocation rate: 0.00B/s, recent marking phase length: 29.01ms
[170.858s][debug][gc,ihop           ] GC(3556) Adaptive IHOP information (value update), threshold: 687026995B (47.37), internal target occupancy: 1450390323B, occupancy: 21817640B, additional buffer size: 915406848B, predicted old gen allocation rate: 14969.78B/s, predicted marking phase length: 58.01ms, prediction active: false
[170.858s][debug][gc,ergo,refine    ] GC(3556) Concurrent refinement times: Logged Cards Scan time goal: 20.00ms Logged Cards Scan time: 0.00ms HCC time: 0.00ms
[170.858s][debug][gc,ergo,refine    ] GC(3556) Updated Refinement Zones: green: 2048, yellow: 6144, red: 10240
[170.858s][info ][gc,phases         ] GC(3556)   Pre Evacuate Collection Set: 0.1ms
[170.858s][debug][gc,phases         ] GC(3556)     Prepare TLABs: 0.0ms
[170.858s][debug][gc,phases         ] GC(3556)     Choose Collection Set: 0.0ms
[170.858s][debug][gc,phases         ] GC(3556)     Region Register: 0.1ms
[170.858s][debug][gc,phases         ] GC(3556)     Prepare Heap Roots: 0.0ms
[170.858s][info ][gc,phases         ] GC(3556)   Merge Heap Roots: 0.2ms
[170.858s][debug][gc,phases         ] GC(3556)     Prepare Merge Heap Roots: 0.0ms
[170.858s][debug][gc,phases         ] GC(3556)     Eager Reclaim (ms):       skipped
[170.858s][debug][gc,phases         ] GC(3556)     Remembered Sets (ms):     Min:  0.0, Avg:  0.0, Max:  0.0, Diff:  0.0, Sum:  0.3, Workers: 8
[170.858s][debug][gc,phases         ] GC(3556)       Merged Sparse:            Min: 0, Avg:  0.0, Max: 0, Diff: 0, Sum: 0, Workers: 8
[170.858s][debug][gc,phases         ] GC(3556)       Merged Fine:              Min: 0, Avg:  0.0, Max: 0, Diff: 0, Sum: 0, Workers: 8
[170.858s][debug][gc,phases         ] GC(3556)       Merged Coarse:            Min: 0, Avg:  0.0, Max: 0, Diff: 0, Sum: 0, Workers: 8
[170.858s][debug][gc,phases         ] GC(3556)       Dirty Cards:              Min: 0, Avg:  0.0, Max: 0, Diff: 0, Sum: 0, Workers: 8
[170.858s][debug][gc,phases         ] GC(3556)     Hot Card Cache (ms):      Min:  0.0, Avg:  0.0, Max:  0.0, Diff:  0.0, Sum:  0.0, Workers: 8
[170.858s][debug][gc,phases         ] GC(3556)       Dirty Cards:              Min: 0, Avg:  0.0, Max: 0, Diff: 0, Sum: 0, Workers: 8
[170.858s][debug][gc,phases         ] GC(3556)       Skipped Cards:            Min: 0, Avg:  0.0, Max: 0, Diff: 0, Sum: 0, Workers: 8
[170.858s][debug][gc,phases         ] GC(3556)     Log Buffers (ms):         Min:  0.0, Avg:  0.0, Max:  0.0, Diff:  0.0, Sum:  0.0, Workers: 8
[170.859s][debug][gc,phases         ] GC(3556)       Dirty Cards:              Min: 0, Avg:  0.1, Max: 1, Diff: 1, Sum: 1, Workers: 8
[170.859s][debug][gc,phases         ] GC(3556)       Skipped Cards:            Min: 0, Avg:  0.0, Max: 0, Diff: 0, Sum: 0, Workers: 8
[170.859s][info ][gc,phases         ] GC(3556)   Evacuate Collection Set: 0.4ms
[170.859s][debug][gc,phases         ] GC(3556)     Ext Root Scanning (ms):   Min:  0.2, Avg:  0.2, Max:  0.3, Diff:  0.1, Sum:  1.7, Workers: 8
[170.859s][debug][gc,phases         ] GC(3556)     Scan Heap Roots (ms):     Min:  0.0, Avg:  0.0, Max:  0.0, Diff:  0.0, Sum:  0.0, Workers: 8
[170.859s][debug][gc,phases         ] GC(3556)       Scanned Cards:            Min: 0, Avg:  0.1, Max: 1, Diff: 1, Sum: 1, Workers: 8
[170.859s][debug][gc,phases         ] GC(3556)       Scanned Blocks:           Min: 0, Avg:  0.1, Max: 1, Diff: 1, Sum: 1, Workers: 8
[170.859s][debug][gc,phases         ] GC(3556)       Claimed Chunks:           Min: 0, Avg:  0.1, Max: 1, Diff: 1, Sum: 1, Workers: 8
[170.859s][debug][gc,phases         ] GC(3556)     Code Root Scan (ms):      Min:  0.0, Avg:  0.0, Max:  0.1, Diff:  0.1, Sum:  0.2, Workers: 8
[170.859s][debug][gc,phases         ] GC(3556)     Object Copy (ms):         Min:  0.0, Avg:  0.0, Max:  0.0, Diff:  0.0, Sum:  0.0, Workers: 8
[170.859s][debug][gc,phases         ] GC(3556)     Termination (ms):         Min:  0.0, Avg:  0.1, Max:  0.1, Diff:  0.0, Sum:  0.5, Workers: 8
[170.859s][debug][gc,phases         ] GC(3556)       Termination Attempts:     Min: 1, Avg:  1.0, Max: 1, Diff: 0, Sum: 8, Workers: 8
[170.859s][debug][gc,phases         ] GC(3556)     GC Worker Other (ms):     Min:  0.0, Avg:  0.0, Max:  0.1, Diff:  0.0, Sum:  0.3, Workers: 8
[170.859s][debug][gc,phases         ] GC(3556)     GC Worker Total (ms):     Min:  0.3, Avg:  0.4, Max:  0.4, Diff:  0.1, Sum:  2.9, Workers: 8
[170.859s][info ][gc,phases         ] GC(3556)   Post Evacuate Collection Set: 0.7ms
[170.859s][debug][gc,phases         ] GC(3556)     Code Roots Fixup: 0.0ms
[170.859s][debug][gc,phases         ] GC(3556)     Clear Card Table: 0.2ms
[170.859s][debug][gc,phases         ] GC(3556)     Reference Processing: 0.0ms
[170.859s][debug][gc,phases,ref     ] GC(3556)       Reconsider SoftReferences: 0.0ms
[170.859s][debug][gc,phases,ref     ] GC(3556)         SoftRef (ms):             skipped
[170.859s][debug][gc,phases,ref     ] GC(3556)       Notify Soft/WeakReferences: 0.0ms
[170.859s][debug][gc,phases,ref     ] GC(3556)         SoftRef (ms):             skipped
[170.859s][debug][gc,phases,ref     ] GC(3556)         WeakRef (ms):             skipped
[170.859s][debug][gc,phases,ref     ] GC(3556)         FinalRef (ms):            skipped
[170.859s][debug][gc,phases,ref     ] GC(3556)         Total (ms):               skipped
[170.859s][debug][gc,phases,ref     ] GC(3556)       Notify and keep alive finalizable: 0.0ms
[170.859s][debug][gc,phases,ref     ] GC(3556)         FinalRef (ms):            skipped
[170.859s][debug][gc,phases,ref     ] GC(3556)       Notify PhantomReferences: 0.0ms
[170.859s][debug][gc,phases,ref     ] GC(3556)         PhantomRef (ms):          skipped
[170.859s][debug][gc,phases,ref     ] GC(3556)       SoftReference:
[170.859s][debug][gc,phases,ref     ] GC(3556)         Discovered: 0
[170.859s][debug][gc,phases,ref     ] GC(3556)         Cleared: 0
[170.859s][debug][gc,phases,ref     ] GC(3556)       WeakReference:
[170.859s][debug][gc,phases,ref     ] GC(3556)         Discovered: 0
[170.859s][debug][gc,phases,ref     ] GC(3556)         Cleared: 0
[170.859s][debug][gc,phases,ref     ] GC(3556)       FinalReference:
[170.859s][debug][gc,phases,ref     ] GC(3556)         Discovered: 0
[170.859s][debug][gc,phases,ref     ] GC(3556)         Cleared: 0
[170.859s][debug][gc,phases,ref     ] GC(3556)       PhantomReference:
[170.859s][debug][gc,phases,ref     ] GC(3556)         Discovered: 0
[170.859s][debug][gc,phases,ref     ] GC(3556)         Cleared: 0
[170.859s][debug][gc,phases         ] GC(3556)     Weak Processing: 0.1ms
[170.859s][debug][gc,phases         ] GC(3556)       JVMTI weak processing: 0.0ms
[170.859s][debug][gc,phases         ] GC(3556)         Dead: 0
[170.859s][debug][gc,phases         ] GC(3556)         Total: 0
[170.859s][debug][gc,phases         ] GC(3556)       JFR weak processing: 0.0ms
[170.859s][debug][gc,phases         ] GC(3556)         Dead: 0
[170.859s][debug][gc,phases         ] GC(3556)         Total: 0
[170.859s][debug][gc,phases         ] GC(3556)       JNI weak                  Min:  0.0, Avg:  0.0, Max:  0.0, Diff:  0.0, Sum:  0.0, Workers: 5
[170.859s][debug][gc,phases         ] GC(3556)         Dead                      Min: 0, Avg:  0.0, Max: 0, Diff: 0, Sum: 0, Workers: 5
[170.859s][debug][gc,phases         ] GC(3556)         Total                     Min: 0, Avg: 25.6, Max: 64, Diff: 64, Sum: 128, Workers: 5
[170.859s][debug][gc,phases         ] GC(3556)       VM weak                   Min:  0.0, Avg:  0.0, Max:  0.0, Diff:  0.0, Sum:  0.0, Workers: 5
[170.859s][debug][gc,phases         ] GC(3556)         Dead                      Min: 0, Avg:  0.0, Max: 0, Diff: 0, Sum: 0, Workers: 5
[170.859s][debug][gc,phases         ] GC(3556)         Total                     Min: 0, Avg: 42.4, Max: 84, Diff: 84, Sum: 212, Workers: 5
[170.859s][debug][gc,phases         ] GC(3556)       StringTable weak          Min:  0.0, Avg:  0.0, Max:  0.0, Diff:  0.0, Sum:  0.1, Workers: 5
[170.859s][debug][gc,phases         ] GC(3556)         Dead                      Min: 0, Avg:  0.0, Max: 0, Diff: 0, Sum: 0, Workers: 5
[170.859s][debug][gc,phases         ] GC(3556)         Total                     Min: 0, Avg: 686.2, Max: 1511, Diff: 1511, Sum: 3431, Workers: 5
[170.859s][debug][gc,phases         ] GC(3556)       ResolvedMethodTable weak  Min:  0.0, Avg:  0.0, Max:  0.0, Diff:  0.0, Sum:  0.0, Workers: 5
[170.859s][debug][gc,phases         ] GC(3556)         Dead                      Min: 0, Avg:  0.0, Max: 0, Diff: 0, Sum: 0, Workers: 5
[170.859s][debug][gc,phases         ] GC(3556)         Total                     Min: 0, Avg: 114.6, Max: 317, Diff: 317, Sum: 573, Workers: 5
[170.859s][debug][gc,phases         ] GC(3556)     Merge Per-Thread State: 0.0ms
[170.859s][debug][gc,phases         ] GC(3556)       Copied Bytes              Min: 664, Avg: 400321.0, Max: 800256, Diff: 799592, Sum: 3202568, Workers: 8
[170.859s][debug][gc,phases         ] GC(3556)       LAB Waste                 Min: 0, Avg:  0.0, Max: 0, Diff: 0, Sum: 0, Workers: 8
[170.859s][debug][gc,phases         ] GC(3556)       LAB Undo Waste            Min: 0, Avg:  0.0, Max: 0, Diff: 0, Sum: 0, Workers: 8
[170.859s][debug][gc,phases         ] GC(3556)     Code Roots Purge: 0.0ms
[170.859s][debug][gc,phases         ] GC(3556)     Redirty Cards: 0.0ms
[170.859s][debug][gc,phases         ] GC(3556)     DerivedPointerTable Update: 0.0ms
[170.859s][debug][gc,phases         ] GC(3556)     Free Collection Set: 0.2ms
[170.859s][debug][gc,phases         ] GC(3556)     Rebuild Free List: 0.1ms
[170.859s][debug][gc,phases         ] GC(3556)     Humongous Reclaim: 0.0ms
[170.859s][debug][gc,phases         ] GC(3556)     Start New Collection Set: 0.0ms
[170.859s][debug][gc,phases         ] GC(3556)     Resize TLABs: 0.0ms
[170.859s][debug][gc,phases         ] GC(3556)     Expand Heap After Collection: 0.0ms
[170.859s][info ][gc,phases         ] GC(3556)   Other: 0.3ms
[170.859s][info ][gc,heap           ] GC(3556) Eden regions: 869->0(869)
[170.859s][info ][gc,heap           ] GC(3556) Survivor regions: 4->4(110)
[170.859s][info ][gc,heap           ] GC(3556) Old regions: 17->17
[170.859s][info ][gc,heap           ] GC(3556) Archive regions: 2->2
[170.859s][info ][gc,heap           ] GC(3556) Humongous regions: 0->0
[170.859s][info ][gc,metaspace      ] GC(3556) Metaspace: 10069K(10624K)->10069K(10624K) NonClass: 8921K(9216K)->8921K(9216K) Class: 1148K(1408K)->1148K(1408K)
[170.859s][debug][gc,heap           ] GC(3556) Heap after GC invocations=3557 (full 1): garbage-first heap   total 1490944K, used 21306K [0x0000000700000000, 0x0000000800000000)
[170.859s][debug][gc,heap           ] GC(3556)   region size 1024K, 4 young (4096K), 4 survivors (4096K)
[170.859s][debug][gc,heap           ] GC(3556)  Metaspace       used 10069K, capacity 10368K, committed 10624K, reserved 1058816K
[170.859s][debug][gc,heap           ] GC(3556)   class space    used 1148K, capacity 1266K, committed 1408K, reserved 1048576K
[170.859s][info ][gc                ] GC(3556) Pause Young (Normal) (G1 Evacuation Pause) 889M->20M(1456M) 2.319ms
[170.859s][info ][gc,cpu            ] GC(3556) User=0.00s Sys=0.00s Real=0.01s
[170.859s][info ][safepoint         ] Safepoint "G1CollectForAllocation", Time since last: 43422334 ns, Reaching safepoint: 193202 ns, At safepoint: 2493209 ns, Total: 2686411 ns
[170.902s][debug][gc,heap           ] GC(3557) Heap before GC invocations=3557 (full 1): garbage-first heap   total 1490944K, used 910138K [0x0000000700000000, 0x0000000800000000)
[170.902s][debug][gc,heap           ] GC(3557)   region size 1024K, 873 young (893952K), 4 survivors (4096K)
[170.902s][debug][gc,heap           ] GC(3557)  Metaspace       used 10069K, capacity 10368K, committed 10624K, reserved 1058816K
[170.902s][debug][gc,heap           ] GC(3557)   class space    used 1148K, capacity 1266K, committed 1408K, reserved 1048576K
[170.902s][info ][gc,start          ] GC(3557) Pause Young (Normal) (G1 Evacuation Pause)
[170.902s][info ][gc,task           ] GC(3557) Using 8 workers of 8 for evacuation
[170.902s][debug][gc,tlab           ] GC(3557) TLAB totals: thrds: 8  refills: 14 max: 2 slow allocs: 1728 max 226 waste: 26.5% gc: 1179472B max: 229600B slow: 83792B max: 14304B fast: 0B max: 0B
[170.902s][debug][gc,age            ] GC(3557) Desired survivor size 57671680 bytes, new threshold 15 (max threshold 15)
[170.902s][debug][gc,alloc,region   ] GC(3557) Mutator Allocation stats, regions: 869, wasted size: 203M (23.4%)
[170.902s][debug][gc,ergo           ] GC(3557) Running G1 Merge Heap Roots using 8 workers for 873 regions
[170.902s][debug][gc,remset         ] GC(3557) Visited cards 512 Total dirty 4096 (12.50%) Total old 3614720 (0.01%)
[170.903s][debug][gc,ergo           ] GC(3557) Running G1 Clear Card Table Task using 2 workers for 2 units of work for 875 regions.
[170.903s][debug][gc,ref            ] GC(3557) Skipped phase1 of Reference Processing due to unavailable references
[170.903s][debug][gc,ref            ] GC(3557) Skipped phase2 of Reference Processing due to unavailable references
[170.903s][debug][gc,ref            ] GC(3557) Skipped phase3 of Reference Processing due to unavailable references
[170.903s][debug][gc,ref            ] GC(3557) Skipped phase4 of Reference Processing due to unavailable references
[170.903s][debug][gc,ergo           ] GC(3557) Running G1 Free Collection Set using 8 workers for collection set length 873 (1456)
[170.903s][debug][gc,ergo           ] GC(3557) Running G1 Rebuild Free List Task using 8 workers for rebuilding free list of 0 (4096) regions
[170.903s][trace][gc,age            ] GC(3557) Age table with threshold 15 (max threshold 15)
[170.904s][trace][gc,age            ] GC(3557) - age   1:    3202560 bytes,    3202560 total
[170.904s][debug][gc,plab           ] GC(3557) Young PLAB allocation: allocated: 16512B, wasted: 0B, unused: 14064B, used: 2448B, undo waste: 0B, 
[170.904s][debug][gc,plab           ] GC(3557) Young other allocation: region end waste: 733248B, regions filled: 4, direct allocated: 3200112B, failure used: 0B, failure wasted: 0B
[170.904s][debug][gc,plab           ] GC(3557) Young sizing: calculated: 0B, actual: 2064B
[170.904s][debug][gc,plab           ] GC(3557) Old PLAB allocation: allocated: 0B, wasted: 0B, unused: 0B, used: 0B, undo waste: 0B, 
[170.904s][debug][gc,plab           ] GC(3557) Old other allocation: region end waste: 0B, regions filled: 1, direct allocated: 0B, failure used: 0B, failure wasted: 0B
[170.904s][debug][gc,plab           ] GC(3557) Old sizing: calculated: 0B, actual: 2064B
[170.904s][debug][gc,ihop           ] GC(3557) Basic information (value update), threshold: 687026995B (45.00), target occupancy: 1526726656B, current occupancy: 21819696B, recent allocation size: 0B, recent allocation duration: 43.82ms, recent old gen allocation rate: 0.00B/s, recent marking phase length: 29.01ms
[170.904s][debug][gc,ihop           ] GC(3557) Adaptive IHOP information (value update), threshold: 687026995B (47.37), internal target occupancy: 1450390323B, occupancy: 21819696B, additional buffer size: 915406848B, predicted old gen allocation rate: 14538.27B/s, predicted marking phase length: 58.01ms, prediction active: false
[170.904s][debug][gc,ergo,refine    ] GC(3557) Concurrent refinement times: Logged Cards Scan time goal: 20.00ms Logged Cards Scan time: 0.00ms HCC time: 0.00ms
[170.904s][debug][gc,ergo,refine    ] GC(3557) Updated Refinement Zones: green: 2048, yellow: 6144, red: 10240
[170.904s][info ][gc,phases         ] GC(3557)   Pre Evacuate Collection Set: 0.1ms
[170.904s][debug][gc,phases         ] GC(3557)     Prepare TLABs: 0.0ms
[170.904s][debug][gc,phases         ] GC(3557)     Choose Collection Set: 0.0ms
[170.904s][debug][gc,phases         ] GC(3557)     Region Register: 0.1ms
[170.904s][debug][gc,phases         ] GC(3557)     Prepare Heap Roots: 0.0ms
[170.904s][info ][gc,phases         ] GC(3557)   Merge Heap Roots: 0.2ms
[170.904s][debug][gc,phases         ] GC(3557)     Prepare Merge Heap Roots: 0.0ms
[170.904s][debug][gc,phases         ] GC(3557)     Eager Reclaim (ms):       skipped
[170.904s][debug][gc,phases         ] GC(3557)     Remembered Sets (ms):     Min:  0.0, Avg:  0.0, Max:  0.1, Diff:  0.0, Sum:  0.3, Workers: 8
[170.904s][debug][gc,phases         ] GC(3557)       Merged Sparse:            Min: 0, Avg:  0.0, Max: 0, Diff: 0, Sum: 0, Workers: 8
[170.904s][debug][gc,phases         ] GC(3557)       Merged Fine:              Min: 0, Avg:  0.0, Max: 0, Diff: 0, Sum: 0, Workers: 8
[170.904s][debug][gc,phases         ] GC(3557)       Merged Coarse:            Min: 0, Avg:  0.0, Max: 0, Diff: 0, Sum: 0, Workers: 8
[170.904s][debug][gc,phases         ] GC(3557)       Dirty Cards:              Min: 0, Avg:  0.0, Max: 0, Diff: 0, Sum: 0, Workers: 8
[170.904s][debug][gc,phases         ] GC(3557)     Hot Card Cache (ms):      Min:  0.0, Avg:  0.0, Max:  0.0, Diff:  0.0, Sum:  0.0, Workers: 8
[170.904s][debug][gc,phases         ] GC(3557)       Dirty Cards:              Min: 0, Avg:  0.0, Max: 0, Diff: 0, Sum: 0, Workers: 8
[170.904s][debug][gc,phases         ] GC(3557)       Skipped Cards:            Min: 0, Avg:  0.0, Max: 0, Diff: 0, Sum: 0, Workers: 8
[170.904s][debug][gc,phases         ] GC(3557)     Log Buffers (ms):         Min:  0.0, Avg:  0.0, Max:  0.0, Diff:  0.0, Sum:  0.0, Workers: 8
[170.904s][debug][gc,phases         ] GC(3557)       Dirty Cards:              Min: 0, Avg:  0.2, Max: 1, Diff: 1, Sum: 2, Workers: 8
[170.904s][debug][gc,phases         ] GC(3557)       Skipped Cards:            Min: 0, Avg:  0.0, Max: 0, Diff: 0, Sum: 0, Workers: 8
[170.904s][info ][gc,phases         ] GC(3557)   Evacuate Collection Set: 0.4ms
[170.904s][debug][gc,phases         ] GC(3557)     Ext Root Scanning (ms):   Min:  0.1, Avg:  0.2, Max:  0.3, Diff:  0.3, Sum:  1.7, Workers: 8
[170.904s][debug][gc,phases         ] GC(3557)     Scan Heap Roots (ms):     Min:  0.0, Avg:  0.0, Max:  0.0, Diff:  0.0, Sum:  0.0, Workers: 8
[170.904s][debug][gc,phases         ] GC(3557)       Scanned Cards:            Min: 0, Avg:  0.2, Max: 2, Diff: 2, Sum: 2, Workers: 8
[170.904s][debug][gc,phases         ] GC(3557)       Scanned Blocks:           Min: 0, Avg:  0.2, Max: 2, Diff: 2, Sum: 2, Workers: 8
[170.904s][debug][gc,phases         ] GC(3557)       Claimed Chunks:           Min: 0, Avg:  0.2, Max: 2, Diff: 2, Sum: 2, Workers: 8
[170.904s][debug][gc,phases         ] GC(3557)     Code Root Scan (ms):      Min:  0.0, Avg:  0.0, Max:  0.1, Diff:  0.1, Sum:  0.1, Workers: 8
[170.904s][debug][gc,phases         ] GC(3557)     Object Copy (ms):         Min:  0.0, Avg:  0.0, Max:  0.0, Diff:  0.0, Sum:  0.0, Workers: 8
[170.904s][debug][gc,phases         ] GC(3557)     Termination (ms):         Min:  0.0, Avg:  0.1, Max:  0.1, Diff:  0.1, Sum:  0.5, Workers: 8
[170.904s][debug][gc,phases         ] GC(3557)       Termination Attempts:     Min: 1, Avg:  1.2, Max: 2, Diff: 1, Sum: 10, Workers: 8
[170.904s][debug][gc,phases         ] GC(3557)     GC Worker Other (ms):     Min:  0.0, Avg:  0.0, Max:  0.1, Diff:  0.1, Sum:  0.3, Workers: 8
[170.904s][debug][gc,phases         ] GC(3557)     GC Worker Total (ms):     Min:  0.3, Avg:  0.3, Max:  0.4, Diff:  0.1, Sum:  2.8, Workers: 8
[170.904s][info ][gc,phases         ] GC(3557)   Post Evacuate Collection Set: 0.6ms
[170.904s][debug][gc,phases         ] GC(3557)     Code Roots Fixup: 0.0ms
[170.904s][debug][gc,phases         ] GC(3557)     Clear Card Table: 0.2ms
[170.904s][debug][gc,phases         ] GC(3557)     Reference Processing: 0.0ms
[170.904s][debug][gc,phases,ref     ] GC(3557)       Reconsider SoftReferences: 0.0ms
[170.904s][debug][gc,phases,ref     ] GC(3557)         SoftRef (ms):             skipped
[170.904s][debug][gc,phases,ref     ] GC(3557)       Notify Soft/WeakReferences: 0.0ms
[170.904s][debug][gc,phases,ref     ] GC(3557)         SoftRef (ms):             skipped
[170.904s][debug][gc,phases,ref     ] GC(3557)         WeakRef (ms):             skipped
[170.904s][debug][gc,phases,ref     ] GC(3557)         FinalRef (ms):            skipped
[170.904s][debug][gc,phases,ref     ] GC(3557)         Total (ms):               skipped
[170.904s][debug][gc,phases,ref     ] GC(3557)       Notify and keep alive finalizable: 0.0ms
[170.904s][debug][gc,phases,ref     ] GC(3557)         FinalRef (ms):            skipped
[170.904s][debug][gc,phases,ref     ] GC(3557)       Notify PhantomReferences: 0.0ms
[170.904s][debug][gc,phases,ref     ] GC(3557)         PhantomRef (ms):          skipped
[170.904s][debug][gc,phases,ref     ] GC(3557)       SoftReference:
[170.904s][debug][gc,phases,ref     ] GC(3557)         Discovered: 0
[170.904s][debug][gc,phases,ref     ] GC(3557)         Cleared: 0
[170.904s][debug][gc,phases,ref     ] GC(3557)       WeakReference:
[170.904s][debug][gc,phases,ref     ] GC(3557)         Discovered: 0
[170.904s][debug][gc,phases,ref     ] GC(3557)         Cleared: 0
[170.904s][debug][gc,phases,ref     ] GC(3557)       FinalReference:
[170.904s][debug][gc,phases,ref     ] GC(3557)         Discovered: 0
[170.904s][debug][gc,phases,ref     ] GC(3557)         Cleared: 0
[170.904s][debug][gc,phases,ref     ] GC(3557)       PhantomReference:
[170.904s][debug][gc,phases,ref     ] GC(3557)         Discovered: 0
[170.904s][debug][gc,phases,ref     ] GC(3557)         Cleared: 0
[170.904s][debug][gc,phases         ] GC(3557)     Weak Processing: 0.1ms
[170.904s][debug][gc,phases         ] GC(3557)       JVMTI weak processing: 0.0ms
[170.904s][debug][gc,phases         ] GC(3557)         Dead: 0
[170.904s][debug][gc,phases         ] GC(3557)         Total: 0
[170.904s][debug][gc,phases         ] GC(3557)       JFR weak processing: 0.0ms
[170.904s][debug][gc,phases         ] GC(3557)         Dead: 0
[170.904s][debug][gc,phases         ] GC(3557)         Total: 0
[170.904s][debug][gc,phases         ] GC(3557)       JNI weak                  Min:  0.0, Avg:  0.0, Max:  0.0, Diff:  0.0, Sum:  0.0, Workers: 5
[170.904s][debug][gc,phases         ] GC(3557)         Dead                      Min: 0, Avg:  0.0, Max: 0, Diff: 0, Sum: 0, Workers: 5
[170.904s][debug][gc,phases         ] GC(3557)         Total                     Min: 0, Avg: 25.6, Max: 128, Diff: 128, Sum: 128, Workers: 5
[170.904s][debug][gc,phases         ] GC(3557)       VM weak                   Min:  0.0, Avg:  0.0, Max:  0.0, Diff:  0.0, Sum:  0.0, Workers: 5
[170.904s][debug][gc,phases         ] GC(3557)         Dead                      Min: 0, Avg:  0.0, Max: 0, Diff: 0, Sum: 0, Workers: 5
[170.904s][debug][gc,phases         ] GC(3557)         Total                     Min: 0, Avg: 42.4, Max: 128, Diff: 128, Sum: 212, Workers: 5
[170.904s][debug][gc,phases         ] GC(3557)       StringTable weak          Min:  0.0, Avg:  0.0, Max:  0.0, Diff:  0.0, Sum:  0.1, Workers: 5
[170.904s][debug][gc,phases         ] GC(3557)         Dead                      Min: 0, Avg:  0.0, Max: 0, Diff: 0, Sum: 0, Workers: 5
[170.904s][debug][gc,phases         ] GC(3557)         Total                     Min: 0, Avg: 686.2, Max: 1344, Diff: 1344, Sum: 3431, Workers: 5
[170.904s][debug][gc,phases         ] GC(3557)       ResolvedMethodTable weak  Min:  0.0, Avg:  0.0, Max:  0.0, Diff:  0.0, Sum:  0.0, Workers: 5
[170.904s][debug][gc,phases         ] GC(3557)         Dead                      Min: 0, Avg:  0.0, Max: 0, Diff: 0, Sum: 0, Workers: 5
[170.904s][debug][gc,phases         ] GC(3557)         Total                     Min: 0, Avg: 114.6, Max: 192, Diff: 192, Sum: 573, Workers: 5
[170.904s][debug][gc,phases         ] GC(3557)     Merge Per-Thread State: 0.0ms
[170.904s][debug][gc,phases         ] GC(3557)       Copied Bytes              Min: 456, Avg: 400320.0, Max: 800256, Diff: 799800, Sum: 3202560, Workers: 8
[170.904s][debug][gc,phases         ] GC(3557)       LAB Waste                 Min: 0, Avg:  0.0, Max: 0, Diff: 0, Sum: 0, Workers: 8
[170.904s][debug][gc,phases         ] GC(3557)       LAB Undo Waste            Min: 0, Avg:  0.0, Max: 0, Diff: 0, Sum: 0, Workers: 8
[170.904s][debug][gc,phases         ] GC(3557)     Code Roots Purge: 0.0ms
[170.904s][debug][gc,phases         ] GC(3557)     Redirty Cards: 0.0ms
[170.904s][debug][gc,phases         ] GC(3557)     DerivedPointerTable Update: 0.0ms
[170.904s][debug][gc,phases         ] GC(3557)     Free Collection Set: 0.2ms
[170.904s][debug][gc,phases         ] GC(3557)     Rebuild Free List: 0.1ms
[170.904s][debug][gc,phases         ] GC(3557)     Humongous Reclaim: 0.0ms
[170.904s][debug][gc,phases         ] GC(3557)     Start New Collection Set: 0.0ms
[170.904s][debug][gc,phases         ] GC(3557)     Resize TLABs: 0.0ms
[170.904s][debug][gc,phases         ] GC(3557)     Expand Heap After Collection: 0.0ms
[170.904s][info ][gc,phases         ] GC(3557)   Other: 0.3ms
[170.904s][info ][gc,heap           ] GC(3557) Eden regions: 869->0(869)
[170.904s][info ][gc,heap           ] GC(3557) Survivor regions: 4->4(110)
[170.904s][info ][gc,heap           ] GC(3557) Old regions: 17->17
[170.904s][info ][gc,heap           ] GC(3557) Archive regions: 2->2
[170.904s][info ][gc,heap           ] GC(3557) Humongous regions: 0->0
[170.904s][info ][gc,metaspace      ] GC(3557) Metaspace: 10069K(10624K)->10069K(10624K) NonClass: 8921K(9216K)->8921K(9216K) Class: 1148K(1408K)->1148K(1408K)
[170.904s][debug][gc,heap           ] GC(3557) Heap after GC invocations=3558 (full 1): garbage-first heap   total 1490944K, used 21308K [0x0000000700000000, 0x0000000800000000)
[170.904s][debug][gc,heap           ] GC(3557)   region size 1024K, 4 young (4096K), 4 survivors (4096K)
[170.904s][debug][gc,heap           ] GC(3557)  Metaspace       used 10069K, capacity 10368K, committed 10624K, reserved 1058816K
[170.904s][debug][gc,heap           ] GC(3557)   class space    used 1148K, capacity 1266K, committed 1408K, reserved 1048576K
[170.904s][info ][gc                ] GC(3557) Pause Young (Normal) (G1 Evacuation Pause) 889M->20M(1456M) 2.196ms
[170.904s][info ][gc,cpu            ] GC(3557) User=0.01s Sys=0.00s Real=0.00s
[170.904s][info ][safepoint         ] Safepoint "G1CollectForAllocation", Time since last: 42668782 ns, Reaching safepoint: 179084 ns, At safepoint: 2373151 ns, Total: 2552235 ns
[170.948s][debug][gc,heap           ] GC(3558) Heap before GC invocations=3558 (full 1): garbage-first heap   total 1490944K, used 910140K [0x0000000700000000, 0x0000000800000000)
[170.950s][debug][gc,heap           ] GC(3558)   region size 1024K, 873 young (893952K), 4 survivors (4096K)
[170.950s][debug][gc,heap           ] GC(3558)  Metaspace       used 10069K, capacity 10368K, committed 10624K, reserved 1058816K
[170.950s][debug][gc,heap           ] GC(3558)   class space    used 1148K, capacity 1266K, committed 1408K, reserved 1048576K
[170.950s][info ][gc,start          ] GC(3558) Pause Young (Normal) (G1 Evacuation Pause)
[170.950s][info ][gc,task           ] GC(3558) Using 8 workers of 8 for evacuation
[170.950s][debug][gc,tlab           ] GC(3558) TLAB totals: thrds: 8  refills: 15 max: 3 slow allocs: 1729 max 263 waste: 26.5% gc: 1179584B max: 234656B slow: 84184B max: 15096B fast: 0B max: 0B
[170.950s][debug][gc,age            ] GC(3558) Desired survivor size 57671680 bytes, new threshold 15 (max threshold 15)
[170.950s][debug][gc,alloc,region   ] GC(3558) Mutator Allocation stats, regions: 869, wasted size: 203M (23.4%)
[170.951s][debug][gc,ergo           ] GC(3558) Running G1 Merge Heap Roots using 8 workers for 873 regions
[170.951s][debug][gc,remset         ] GC(3558) Visited cards 256 Total dirty 2048 (12.50%) Total old 3614720 (0.01%)
[170.951s][debug][gc,ergo           ] GC(3558) Running G1 Clear Card Table Task using 2 workers for 2 units of work for 874 regions.
[170.952s][debug][gc,ref            ] GC(3558) Skipped phase1 of Reference Processing due to unavailable references
[170.952s][debug][gc,ref            ] GC(3558) Skipped phase2 of Reference Processing due to unavailable references
[170.952s][debug][gc,ref            ] GC(3558) Skipped phase3 of Reference Processing due to unavailable references
[170.952s][debug][gc,ref            ] GC(3558) Skipped phase4 of Reference Processing due to unavailable references
[170.952s][debug][gc,ergo           ] GC(3558) Running G1 Free Collection Set using 8 workers for collection set length 873 (1456)
[170.952s][debug][gc,ergo           ] GC(3558) Running G1 Rebuild Free List Task using 8 workers for rebuilding free list of 0 (4096) regions
[170.952s][trace][gc,age            ] GC(3558) Age table with threshold 15 (max threshold 15)
[170.952s][trace][gc,age            ] GC(3558) - age   1:    4802600 bytes,    4802600 total
[170.952s][debug][gc,plab           ] GC(3558) Young PLAB allocation: allocated: 14448B, wasted: 0B, unused: 12000B, used: 2448B, undo waste: 0B, 
[170.952s][debug][gc,plab           ] GC(3558) Young other allocation: region end waste: 1236552B, regions filled: 6, direct allocated: 4800152B, failure used: 0B, failure wasted: 0B
[170.952s][debug][gc,plab           ] GC(3558) Young sizing: calculated: 0B, actual: 2064B
[170.952s][debug][gc,plab           ] GC(3558) Old PLAB allocation: allocated: 0B, wasted: 0B, unused: 0B, used: 0B, undo waste: 0B, 
[170.952s][debug][gc,plab           ] GC(3558) Old other allocation: region end waste: 0B, regions filled: 1, direct allocated: 0B, failure used: 0B, failure wasted: 0B
[170.952s][debug][gc,plab           ] GC(3558) Old sizing: calculated: 0B, actual: 2064B
[170.952s][debug][gc,ihop           ] GC(3558) Basic information (value update), threshold: 687026995B (45.00), target occupancy: 1526726656B, current occupancy: 23920976B, recent allocation size: 0B, recent allocation duration: 46.79ms, recent old gen allocation rate: 0.00B/s, recent marking phase length: 29.01ms
[170.952s][debug][gc,ihop           ] GC(3558) Adaptive IHOP information (value update), threshold: 687026995B (47.37), internal target occupancy: 1450390323B, occupancy: 23920976B, additional buffer size: 915406848B, predicted old gen allocation rate: 14120.26B/s, predicted marking phase length: 58.01ms, prediction active: false
[170.952s][debug][gc,ergo,refine    ] GC(3558) Concurrent refinement times: Logged Cards Scan time goal: 20.00ms Logged Cards Scan time: 0.00ms HCC time: 0.00ms
[170.952s][debug][gc,ergo,refine    ] GC(3558) Updated Refinement Zones: green: 2048, yellow: 6144, red: 10240
[170.952s][info ][gc,phases         ] GC(3558)   Pre Evacuate Collection Set: 0.1ms
[170.952s][debug][gc,phases         ] GC(3558)     Prepare TLABs: 0.0ms
[170.952s][debug][gc,phases         ] GC(3558)     Choose Collection Set: 0.0ms
[170.952s][debug][gc,phases         ] GC(3558)     Region Register: 0.1ms
[170.952s][debug][gc,phases         ] GC(3558)     Prepare Heap Roots: 0.0ms
[170.952s][info ][gc,phases         ] GC(3558)   Merge Heap Roots: 0.2ms
[170.952s][debug][gc,phases         ] GC(3558)     Prepare Merge Heap Roots: 0.0ms
[170.952s][debug][gc,phases         ] GC(3558)     Eager Reclaim (ms):       skipped
[170.952s][debug][gc,phases         ] GC(3558)     Remembered Sets (ms):     Min:  0.0, Avg:  0.0, Max:  0.1, Diff:  0.0, Sum:  0.4, Workers: 8
[170.952s][debug][gc,phases         ] GC(3558)       Merged Sparse:            Min: 0, Avg:  0.0, Max: 0, Diff: 0, Sum: 0, Workers: 8
[170.952s][debug][gc,phases         ] GC(3558)       Merged Fine:              Min: 0, Avg:  0.0, Max: 0, Diff: 0, Sum: 0, Workers: 8
[170.952s][debug][gc,phases         ] GC(3558)       Merged Coarse:            Min: 0, Avg:  0.0, Max: 0, Diff: 0, Sum: 0, Workers: 8
[170.952s][debug][gc,phases         ] GC(3558)       Dirty Cards:              Min: 0, Avg:  0.0, Max: 0, Diff: 0, Sum: 0, Workers: 8
[170.952s][debug][gc,phases         ] GC(3558)     Hot Card Cache (ms):      Min:  0.0, Avg:  0.0, Max:  0.0, Diff:  0.0, Sum:  0.0, Workers: 8
[170.952s][debug][gc,phases         ] GC(3558)       Dirty Cards:              Min: 0, Avg:  0.0, Max: 0, Diff: 0, Sum: 0, Workers: 8
[170.952s][debug][gc,phases         ] GC(3558)       Skipped Cards:            Min: 0, Avg:  0.0, Max: 0, Diff: 0, Sum: 0, Workers: 8
[170.952s][debug][gc,phases         ] GC(3558)     Log Buffers (ms):         Min:  0.0, Avg:  0.0, Max:  0.0, Diff:  0.0, Sum:  0.0, Workers: 8
[170.952s][debug][gc,phases         ] GC(3558)       Dirty Cards:              Min: 0, Avg:  0.1, Max: 1, Diff: 1, Sum: 1, Workers: 8
[170.952s][debug][gc,phases         ] GC(3558)       Skipped Cards:            Min: 0, Avg:  0.0, Max: 0, Diff: 0, Sum: 0, Workers: 8
[170.952s][info ][gc,phases         ] GC(3558)   Evacuate Collection Set: 0.5ms
[170.952s][debug][gc,phases         ] GC(3558)     Ext Root Scanning (ms):   Min:  0.0, Avg:  0.3, Max:  0.4, Diff:  0.4, Sum:  2.5, Workers: 8
[170.952s][debug][gc,phases         ] GC(3558)     Scan Heap Roots (ms):     Min:  0.0, Avg:  0.0, Max:  0.0, Diff:  0.0, Sum:  0.0, Workers: 8
[170.952s][debug][gc,phases         ] GC(3558)       Scanned Cards:            Min: 0, Avg:  0.1, Max: 1, Diff: 1, Sum: 1, Workers: 8
[170.952s][debug][gc,phases         ] GC(3558)       Scanned Blocks:           Min: 0, Avg:  0.1, Max: 1, Diff: 1, Sum: 1, Workers: 8
[170.952s][debug][gc,phases         ] GC(3558)       Claimed Chunks:           Min: 0, Avg:  0.1, Max: 1, Diff: 1, Sum: 1, Workers: 8
[170.952s][debug][gc,phases         ] GC(3558)     Code Root Scan (ms):      Min:  0.0, Avg:  0.0, Max:  0.1, Diff:  0.1, Sum:  0.2, Workers: 8
[170.952s][debug][gc,phases         ] GC(3558)     Object Copy (ms):         Min:  0.0, Avg:  0.0, Max:  0.0, Diff:  0.0, Sum:  0.0, Workers: 8
[170.952s][debug][gc,phases         ] GC(3558)     Termination (ms):         Min:  0.0, Avg:  0.1, Max:  0.1, Diff:  0.1, Sum:  0.5, Workers: 8
[170.952s][debug][gc,phases         ] GC(3558)       Termination Attempts:     Min: 1, Avg:  1.0, Max: 1, Diff: 0, Sum: 8, Workers: 8
[170.952s][debug][gc,phases         ] GC(3558)     GC Worker Other (ms):     Min:  0.0, Avg:  0.0, Max:  0.1, Diff:  0.1, Sum:  0.4, Workers: 8
[170.952s][debug][gc,phases         ] GC(3558)     GC Worker Total (ms):     Min:  0.1, Avg:  0.4, Max:  0.5, Diff:  0.5, Sum:  3.6, Workers: 8
[170.952s][info ][gc,phases         ] GC(3558)   Post Evacuate Collection Set: 0.7ms
[170.952s][debug][gc,phases         ] GC(3558)     Code Roots Fixup: 0.0ms
[170.952s][debug][gc,phases         ] GC(3558)     Clear Card Table: 0.2ms
[170.952s][debug][gc,phases         ] GC(3558)     Reference Processing: 0.0ms
[170.952s][debug][gc,phases,ref     ] GC(3558)       Reconsider SoftReferences: 0.0ms
[170.952s][debug][gc,phases,ref     ] GC(3558)         SoftRef (ms):             skipped
[170.952s][debug][gc,phases,ref     ] GC(3558)       Notify Soft/WeakReferences: 0.0ms
[170.952s][debug][gc,phases,ref     ] GC(3558)         SoftRef (ms):             skipped
[170.952s][debug][gc,phases,ref     ] GC(3558)         WeakRef (ms):             skipped
[170.952s][debug][gc,phases,ref     ] GC(3558)         FinalRef (ms):            skipped
[170.952s][debug][gc,phases,ref     ] GC(3558)         Total (ms):               skipped
[170.952s][debug][gc,phases,ref     ] GC(3558)       Notify and keep alive finalizable: 0.0ms
[170.952s][debug][gc,phases,ref     ] GC(3558)         FinalRef (ms):            skipped
[170.952s][debug][gc,phases,ref     ] GC(3558)       Notify PhantomReferences: 0.0ms
[170.952s][debug][gc,phases,ref     ] GC(3558)         PhantomRef (ms):          skipped
[170.952s][debug][gc,phases,ref     ] GC(3558)       SoftReference:
[170.952s][debug][gc,phases,ref     ] GC(3558)         Discovered: 0
[170.952s][debug][gc,phases,ref     ] GC(3558)         Cleared: 0
[170.952s][debug][gc,phases,ref     ] GC(3558)       WeakReference:
[170.952s][debug][gc,phases,ref     ] GC(3558)         Discovered: 0
[170.953s][debug][gc,phases,ref     ] GC(3558)         Cleared: 0
[170.953s][debug][gc,phases,ref     ] GC(3558)       FinalReference:
[170.953s][debug][gc,phases,ref     ] GC(3558)         Discovered: 0
[170.953s][debug][gc,phases,ref     ] GC(3558)         Cleared: 0
[170.953s][debug][gc,phases,ref     ] GC(3558)       PhantomReference:
[170.953s][debug][gc,phases,ref     ] GC(3558)         Discovered: 0
[170.953s][debug][gc,phases,ref     ] GC(3558)         Cleared: 0
[170.953s][debug][gc,phases         ] GC(3558)     Weak Processing: 0.1ms
[170.953s][debug][gc,phases         ] GC(3558)       JVMTI weak processing: 0.0ms
[170.953s][debug][gc,phases         ] GC(3558)         Dead: 0
[170.953s][debug][gc,phases         ] GC(3558)         Total: 0
[170.953s][debug][gc,phases         ] GC(3558)       JFR weak processing: 0.0ms
[170.953s][debug][gc,phases         ] GC(3558)         Dead: 0
[170.953s][debug][gc,phases         ] GC(3558)         Total: 0
[170.953s][debug][gc,phases         ] GC(3558)       JNI weak                  Min:  0.0, Avg:  0.0, Max:  0.0, Diff:  0.0, Sum:  0.0, Workers: 5
[170.953s][debug][gc,phases         ] GC(3558)         Dead                      Min: 0, Avg:  0.0, Max: 0, Diff: 0, Sum: 0, Workers: 5
[170.953s][debug][gc,phases         ] GC(3558)         Total                     Min: 0, Avg: 25.6, Max: 64, Diff: 64, Sum: 128, Workers: 5
[170.953s][debug][gc,phases         ] GC(3558)       VM weak                   Min:  0.0, Avg:  0.0, Max:  0.0, Diff:  0.0, Sum:  0.0, Workers: 5
[170.953s][debug][gc,phases         ] GC(3558)         Dead                      Min: 0, Avg:  0.0, Max: 0, Diff: 0, Sum: 0, Workers: 5
[170.953s][debug][gc,phases         ] GC(3558)         Total                     Min: 0, Avg: 42.4, Max: 64, Diff: 64, Sum: 212, Workers: 5
[170.953s][debug][gc,phases         ] GC(3558)       StringTable weak          Min:  0.0, Avg:  0.0, Max:  0.0, Diff:  0.0, Sum:  0.1, Workers: 5
[170.953s][debug][gc,phases         ] GC(3558)         Dead                      Min: 0, Avg:  0.0, Max: 0, Diff: 0, Sum: 0, Workers: 5
[170.953s][debug][gc,phases         ] GC(3558)         Total                     Min: 640, Avg: 686.2, Max: 704, Diff: 64, Sum: 3431, Workers: 5
[170.953s][debug][gc,phases         ] GC(3558)       ResolvedMethodTable weak  Min:  0.0, Avg:  0.0, Max:  0.0, Diff:  0.0, Sum:  0.0, Workers: 5
[170.953s][debug][gc,phases         ] GC(3558)         Dead                      Min: 0, Avg:  0.0, Max: 0, Diff: 0, Sum: 0, Workers: 5
[170.953s][debug][gc,phases         ] GC(3558)         Total                     Min: 64, Avg: 114.6, Max: 128, Diff: 64, Sum: 573, Workers: 5
[170.953s][debug][gc,phases         ] GC(3558)     Merge Per-Thread State: 0.0ms
[170.953s][debug][gc,phases         ] GC(3558)       Copied Bytes              Min: 0, Avg: 600325.0, Max: 800688, Diff: 800688, Sum: 4802600, Workers: 8
[170.953s][debug][gc,phases         ] GC(3558)       LAB Waste                 Min: 0, Avg:  0.0, Max: 0, Diff: 0, Sum: 0, Workers: 8
[170.953s][debug][gc,phases         ] GC(3558)       LAB Undo Waste            Min: 0, Avg:  0.0, Max: 0, Diff: 0, Sum: 0, Workers: 8
[170.953s][debug][gc,phases         ] GC(3558)     Code Roots Purge: 0.0ms
[170.953s][debug][gc,phases         ] GC(3558)     Redirty Cards: 0.0ms
[170.953s][debug][gc,phases         ] GC(3558)     DerivedPointerTable Update: 0.0ms
[170.953s][debug][gc,phases         ] GC(3558)     Free Collection Set: 0.2ms
[170.953s][debug][gc,phases         ] GC(3558)     Rebuild Free List: 0.1ms
[170.953s][debug][gc,phases         ] GC(3558)     Humongous Reclaim: 0.0ms
[170.953s][debug][gc,phases         ] GC(3558)     Start New Collection Set: 0.0ms
[170.953s][debug][gc,phases         ] GC(3558)     Resize TLABs: 0.0ms
[170.953s][debug][gc,phases         ] GC(3558)     Expand Heap After Collection: 0.0ms
[170.953s][info ][gc,phases         ] GC(3558)   Other: 2.3ms
[170.953s][info ][gc,heap           ] GC(3558) Eden regions: 869->0(867)
[170.953s][info ][gc,heap           ] GC(3558) Survivor regions: 4->6(110)
[170.953s][info ][gc,heap           ] GC(3558) Old regions: 17->17
[170.953s][info ][gc,heap           ] GC(3558) Archive regions: 2->2
[170.953s][info ][gc,heap           ] GC(3558) Humongous regions: 0->0
[170.953s][info ][gc,metaspace      ] GC(3558) Metaspace: 10069K(10624K)->10069K(10624K) NonClass: 8921K(9216K)->8921K(9216K) Class: 1148K(1408K)->1148K(1408K)
[170.953s][debug][gc,heap           ] GC(3558) Heap after GC invocations=3559 (full 1): garbage-first heap   total 1490944K, used 23360K [0x0000000700000000, 0x0000000800000000)
[170.953s][debug][gc,heap           ] GC(3558)   region size 1024K, 6 young (6144K), 6 survivors (6144K)
[170.953s][debug][gc,heap           ] GC(3558)  Metaspace       used 10069K, capacity 10368K, committed 10624K, reserved 1058816K
[170.953s][debug][gc,heap           ] GC(3558)   class space    used 1148K, capacity 1266K, committed 1408K, reserved 1048576K
[170.953s][info ][gc                ] GC(3558) Pause Young (Normal) (G1 Evacuation Pause) 889M->22M(1456M) 2.561ms
[170.953s][info ][gc,cpu            ] GC(3558) User=0.01s Sys=0.00s Real=0.00s
[170.953s][info ][safepoint         ] Safepoint "G1CollectForAllocation", Time since last: 43688963 ns, Reaching safepoint: 197627 ns, At safepoint: 4897935 ns, Total: 5095562 ns
[170.997s][debug][gc,heap           ] GC(3559) Heap before GC invocations=3559 (full 1): garbage-first heap   total 1490944K, used 910144K [0x0000000700000000, 0x0000000800000000)
[170.997s][debug][gc,heap           ] GC(3559)   region size 1024K, 873 young (893952K), 6 survivors (6144K)
[170.997s][debug][gc,heap           ] GC(3559)  Metaspace       used 10069K, capacity 10368K, committed 10624K, reserved 1058816K
[170.997s][debug][gc,heap           ] GC(3559)   class space    used 1148K, capacity 1266K, committed 1408K, reserved 1048576K
[170.997s][info ][gc,start          ] GC(3559) Pause Young (Normal) (G1 Evacuation Pause)
[170.997s][info ][gc,task           ] GC(3559) Using 8 workers of 8 for evacuation
[170.997s][debug][gc,tlab           ] GC(3559) TLAB totals: thrds: 8  refills: 15 max: 3 slow allocs: 1727 max 277 waste: 33.3% gc: 1099112B max: 232128B slow: 46784B max: 15488B fast: 0B max: 0B
[170.997s][debug][gc,age            ] GC(3559) Desired survivor size 57671680 bytes, new threshold 15 (max threshold 15)
[170.997s][debug][gc,alloc,region   ] GC(3559) Mutator Allocation stats, regions: 867, wasted size: 203M (23.4%)
[170.997s][debug][gc,ergo           ] GC(3559) Running G1 Merge Heap Roots using 8 workers for 873 regions
[170.997s][debug][gc,remset         ] GC(3559) Visited cards 512 Total dirty 4096 (12.50%) Total old 3614720 (0.01%)
[170.998s][debug][gc,ergo           ] GC(3559) Running G1 Clear Card Table Task using 2 workers for 2 units of work for 875 regions.
[170.998s][debug][gc,ref            ] GC(3559) Skipped phase1 of Reference Processing due to unavailable references
[170.998s][debug][gc,ref            ] GC(3559) Skipped phase2 of Reference Processing due to unavailable references
[170.998s][debug][gc,ref            ] GC(3559) Skipped phase3 of Reference Processing due to unavailable references
[170.998s][debug][gc,ref            ] GC(3559) Skipped phase4 of Reference Processing due to unavailable references
[170.998s][debug][gc,ergo           ] GC(3559) Running G1 Free Collection Set using 8 workers for collection set length 873 (1456)
[170.998s][debug][gc,ergo           ] GC(3559) Running G1 Rebuild Free List Task using 8 workers for rebuilding free list of 0 (4096) regions
[170.999s][trace][gc,age            ] GC(3559) Age table with threshold 15 (max threshold 15)
[170.999s][trace][gc,age            ] GC(3559) - age   1:    3202560 bytes,    3202560 total
[170.999s][debug][gc,plab           ] GC(3559) Young PLAB allocation: allocated: 14448B, wasted: 0B, unused: 12000B, used: 2448B, undo waste: 0B, 
[170.999s][debug][gc,plab           ] GC(3559) Young other allocation: region end waste: 735312B, regions filled: 4, direct allocated: 3200112B, failure used: 0B, failure wasted: 0B
[170.999s][debug][gc,plab           ] GC(3559) Young sizing: calculated: 0B, actual: 2064B
[170.999s][debug][gc,plab           ] GC(3559) Old PLAB allocation: allocated: 0B, wasted: 0B, unused: 0B, used: 0B, undo waste: 0B, 
[170.999s][debug][gc,plab           ] GC(3559) Old other allocation: region end waste: 0B, regions filled: 1, direct allocated: 0B, failure used: 0B, failure wasted: 0B
[170.999s][debug][gc,plab           ] GC(3559) Old sizing: calculated: 0B, actual: 2064B
[170.999s][debug][gc,ihop           ] GC(3559) Basic information (value update), threshold: 687026995B (45.00), target occupancy: 1526726656B, current occupancy: 21819696B, recent allocation size: 0B, recent allocation duration: 45.01ms, recent old gen allocation rate: 0.00B/s, recent marking phase length: 29.01ms
[170.999s][debug][gc,ihop           ] GC(3559) Adaptive IHOP information (value update), threshold: 687026995B (47.37), internal target occupancy: 1450390323B, occupancy: 21819696B, additional buffer size: 915406848B, predicted old gen allocation rate: 13715.28B/s, predicted marking phase length: 58.01ms, prediction active: false
[170.999s][debug][gc,ergo,refine    ] GC(3559) Concurrent refinement times: Logged Cards Scan time goal: 20.00ms Logged Cards Scan time: 0.00ms HCC time: 0.00ms
[170.999s][debug][gc,ergo,refine    ] GC(3559) Updated Refinement Zones: green: 2048, yellow: 6144, red: 10240
[170.999s][info ][gc,phases         ] GC(3559)   Pre Evacuate Collection Set: 0.2ms
[170.999s][debug][gc,phases         ] GC(3559)     Prepare TLABs: 0.0ms
[170.999s][debug][gc,phases         ] GC(3559)     Choose Collection Set: 0.0ms
[170.999s][debug][gc,phases         ] GC(3559)     Region Register: 0.1ms
[170.999s][debug][gc,phases         ] GC(3559)     Prepare Heap Roots: 0.0ms
[170.999s][info ][gc,phases         ] GC(3559)   Merge Heap Roots: 0.2ms
[170.999s][debug][gc,phases         ] GC(3559)     Prepare Merge Heap Roots: 0.0ms
[170.999s][debug][gc,phases         ] GC(3559)     Eager Reclaim (ms):       skipped
[170.999s][debug][gc,phases         ] GC(3559)     Remembered Sets (ms):     Min:  0.0, Avg:  0.0, Max:  0.1, Diff:  0.0, Sum:  0.4, Workers: 8
[170.999s][debug][gc,phases         ] GC(3559)       Merged Sparse:            Min: 0, Avg:  0.0, Max: 0, Diff: 0, Sum: 0, Workers: 8
[170.999s][debug][gc,phases         ] GC(3559)       Merged Fine:              Min: 0, Avg:  0.0, Max: 0, Diff: 0, Sum: 0, Workers: 8
[170.999s][debug][gc,phases         ] GC(3559)       Merged Coarse:            Min: 0, Avg:  0.0, Max: 0, Diff: 0, Sum: 0, Workers: 8
[170.999s][debug][gc,phases         ] GC(3559)       Dirty Cards:              Min: 0, Avg:  0.0, Max: 0, Diff: 0, Sum: 0, Workers: 8
[170.999s][debug][gc,phases         ] GC(3559)     Hot Card Cache (ms):      Min:  0.0, Avg:  0.0, Max:  0.0, Diff:  0.0, Sum:  0.0, Workers: 8
[170.999s][debug][gc,phases         ] GC(3559)       Dirty Cards:              Min: 0, Avg:  0.0, Max: 0, Diff: 0, Sum: 0, Workers: 8
[170.999s][debug][gc,phases         ] GC(3559)       Skipped Cards:            Min: 0, Avg:  0.0, Max: 0, Diff: 0, Sum: 0, Workers: 8
[170.999s][debug][gc,phases         ] GC(3559)     Log Buffers (ms):         Min:  0.0, Avg:  0.0, Max:  0.0, Diff:  0.0, Sum:  0.0, Workers: 8
[170.999s][debug][gc,phases         ] GC(3559)       Dirty Cards:              Min: 0, Avg:  0.2, Max: 2, Diff: 2, Sum: 2, Workers: 8
[170.999s][debug][gc,phases         ] GC(3559)       Skipped Cards:            Min: 0, Avg:  0.0, Max: 0, Diff: 0, Sum: 0, Workers: 8
[170.999s][info ][gc,phases         ] GC(3559)   Evacuate Collection Set: 0.4ms
[170.999s][debug][gc,phases         ] GC(3559)     Ext Root Scanning (ms):   Min:  0.0, Avg:  0.2, Max:  0.3, Diff:  0.3, Sum:  1.5, Workers: 8
[170.999s][debug][gc,phases         ] GC(3559)     Scan Heap Roots (ms):     Min:  0.0, Avg:  0.0, Max:  0.0, Diff:  0.0, Sum:  0.0, Workers: 8
[170.999s][debug][gc,phases         ] GC(3559)       Scanned Cards:            Min: 0, Avg:  0.2, Max: 1, Diff: 1, Sum: 2, Workers: 8
[170.999s][debug][gc,phases         ] GC(3559)       Scanned Blocks:           Min: 0, Avg:  0.2, Max: 1, Diff: 1, Sum: 2, Workers: 8
[170.999s][debug][gc,phases         ] GC(3559)       Claimed Chunks:           Min: 0, Avg:  0.2, Max: 1, Diff: 1, Sum: 2, Workers: 8
[170.999s][debug][gc,phases         ] GC(3559)     Code Root Scan (ms):      Min:  0.0, Avg:  0.0, Max:  0.1, Diff:  0.1, Sum:  0.2, Workers: 8
[170.999s][debug][gc,phases         ] GC(3559)     Object Copy (ms):         Min:  0.0, Avg:  0.0, Max:  0.0, Diff:  0.0, Sum:  0.0, Workers: 8
[170.999s][debug][gc,phases         ] GC(3559)     Termination (ms):         Min:  0.0, Avg:  0.1, Max:  0.1, Diff:  0.0, Sum:  0.4, Workers: 8
[170.999s][debug][gc,phases         ] GC(3559)       Termination Attempts:     Min: 1, Avg:  1.0, Max: 1, Diff: 0, Sum: 8, Workers: 8
[170.999s][debug][gc,phases         ] GC(3559)     GC Worker Other (ms):     Min:  0.0, Avg:  0.0, Max:  0.1, Diff:  0.1, Sum:  0.4, Workers: 8
[170.999s][debug][gc,phases         ] GC(3559)     GC Worker Total (ms):     Min:  0.0, Avg:  0.3, Max:  0.4, Diff:  0.3, Sum:  2.6, Workers: 8
[170.999s][info ][gc,phases         ] GC(3559)   Post Evacuate Collection Set: 0.7ms
[170.999s][debug][gc,phases         ] GC(3559)     Code Roots Fixup: 0.0ms
[170.999s][debug][gc,phases         ] GC(3559)     Clear Card Table: 0.2ms
[170.999s][debug][gc,phases         ] GC(3559)     Reference Processing: 0.1ms
[170.999s][debug][gc,phases,ref     ] GC(3559)       Reconsider SoftReferences: 0.0ms
[170.999s][debug][gc,phases,ref     ] GC(3559)         SoftRef (ms):             skipped
[170.999s][debug][gc,phases,ref     ] GC(3559)       Notify Soft/WeakReferences: 0.0ms
[170.999s][debug][gc,phases,ref     ] GC(3559)         SoftRef (ms):             skipped
[170.999s][debug][gc,phases,ref     ] GC(3559)         WeakRef (ms):             skipped
[170.999s][debug][gc,phases,ref     ] GC(3559)         FinalRef (ms):            skipped
[170.999s][debug][gc,phases,ref     ] GC(3559)         Total (ms):               skipped
[170.999s][debug][gc,phases,ref     ] GC(3559)       Notify and keep alive finalizable: 0.0ms
[170.999s][debug][gc,phases,ref     ] GC(3559)         FinalRef (ms):            skipped
[170.999s][debug][gc,phases,ref     ] GC(3559)       Notify PhantomReferences: 0.0ms
[170.999s][debug][gc,phases,ref     ] GC(3559)         PhantomRef (ms):          skipped
[170.999s][debug][gc,phases,ref     ] GC(3559)       SoftReference:
[170.999s][debug][gc,phases,ref     ] GC(3559)         Discovered: 0
[170.999s][debug][gc,phases,ref     ] GC(3559)         Cleared: 0
[170.999s][debug][gc,phases,ref     ] GC(3559)       WeakReference:
[170.999s][debug][gc,phases,ref     ] GC(3559)         Discovered: 0
[170.999s][debug][gc,phases,ref     ] GC(3559)         Cleared: 0
[170.999s][debug][gc,phases,ref     ] GC(3559)       FinalReference:
[170.999s][debug][gc,phases,ref     ] GC(3559)         Discovered: 0
[170.999s][debug][gc,phases,ref     ] GC(3559)         Cleared: 0
[170.999s][debug][gc,phases,ref     ] GC(3559)       PhantomReference:
[170.999s][debug][gc,phases,ref     ] GC(3559)         Discovered: 0
[170.999s][debug][gc,phases,ref     ] GC(3559)         Cleared: 0
[170.999s][debug][gc,phases         ] GC(3559)     Weak Processing: 0.1ms
[170.999s][debug][gc,phases         ] GC(3559)       JVMTI weak processing: 0.0ms
[170.999s][debug][gc,phases         ] GC(3559)         Dead: 0
[170.999s][debug][gc,phases         ] GC(3559)         Total: 0
[170.999s][debug][gc,phases         ] GC(3559)       JFR weak processing: 0.0ms
[170.999s][debug][gc,phases         ] GC(3559)         Dead: 0
[170.999s][debug][gc,phases         ] GC(3559)         Total: 0
[170.999s][debug][gc,phases         ] GC(3559)       JNI weak                  Min:  0.0, Avg:  0.0, Max:  0.0, Diff:  0.0, Sum:  0.0, Workers: 5
[170.999s][debug][gc,phases         ] GC(3559)         Dead                      Min: 0, Avg:  0.0, Max: 0, Diff: 0, Sum: 0, Workers: 5
[170.999s][debug][gc,phases         ] GC(3559)         Total                     Min: 0, Avg: 25.6, Max: 64, Diff: 64, Sum: 128, Workers: 5
[170.999s][debug][gc,phases         ] GC(3559)       VM weak                   Min:  0.0, Avg:  0.0, Max:  0.0, Diff:  0.0, Sum:  0.0, Workers: 5
[170.999s][debug][gc,phases         ] GC(3559)         Dead                      Min: 0, Avg:  0.0, Max: 0, Diff: 0, Sum: 0, Workers: 5
[170.999s][debug][gc,phases         ] GC(3559)         Total                     Min: 0, Avg: 42.4, Max: 84, Diff: 84, Sum: 212, Workers: 5
[170.999s][debug][gc,phases         ] GC(3559)       StringTable weak          Min:  0.0, Avg:  0.0, Max:  0.0, Diff:  0.0, Sum:  0.1, Workers: 5
[170.999s][debug][gc,phases         ] GC(3559)         Dead                      Min: 0, Avg:  0.0, Max: 0, Diff: 0, Sum: 0, Workers: 5
[170.999s][debug][gc,phases         ] GC(3559)         Total                     Min: 0, Avg: 686.2, Max: 960, Diff: 960, Sum: 3431, Workers: 5
[170.999s][debug][gc,phases         ] GC(3559)       ResolvedMethodTable weak  Min:  0.0, Avg:  0.0, Max:  0.0, Diff:  0.0, Sum:  0.0, Workers: 5
[170.999s][debug][gc,phases         ] GC(3559)         Dead                      Min: 0, Avg:  0.0, Max: 0, Diff: 0, Sum: 0, Workers: 5
[170.999s][debug][gc,phases         ] GC(3559)         Total                     Min: 0, Avg: 114.6, Max: 189, Diff: 189, Sum: 573, Workers: 5
[170.999s][debug][gc,phases         ] GC(3559)     Merge Per-Thread State: 0.0ms
[170.999s][debug][gc,phases         ] GC(3559)       Copied Bytes              Min: 0, Avg: 400320.0, Max: 800160, Diff: 800160, Sum: 3202560, Workers: 8
[170.999s][debug][gc,phases         ] GC(3559)       LAB Waste                 Min: 0, Avg:  0.0, Max: 0, Diff: 0, Sum: 0, Workers: 8
[170.999s][debug][gc,phases         ] GC(3559)       LAB Undo Waste            Min: 0, Avg:  0.0, Max: 0, Diff: 0, Sum: 0, Workers: 8
[170.999s][debug][gc,phases         ] GC(3559)     Code Roots Purge: 0.0ms
[170.999s][debug][gc,phases         ] GC(3559)     Redirty Cards: 0.0ms
[170.999s][debug][gc,phases         ] GC(3559)     DerivedPointerTable Update: 0.0ms
[170.999s][debug][gc,phases         ] GC(3559)     Free Collection Set: 0.2ms
[170.999s][debug][gc,phases         ] GC(3559)     Rebuild Free List: 0.1ms
[170.999s][debug][gc,phases         ] GC(3559)     Humongous Reclaim: 0.0ms
[170.999s][debug][gc,phases         ] GC(3559)     Start New Collection Set: 0.0ms
[170.999s][debug][gc,phases         ] GC(3559)     Resize TLABs: 0.0ms
[170.999s][debug][gc,phases         ] GC(3559)     Expand Heap After Collection: 0.0ms
[170.999s][info ][gc,phases         ] GC(3559)   Other: 0.3ms
[170.999s][info ][gc,heap           ] GC(3559) Eden regions: 867->0(869)
[170.999s][info ][gc,heap           ] GC(3559) Survivor regions: 6->4(110)
[170.999s][info ][gc,heap           ] GC(3559) Old regions: 17->17
[170.999s][info ][gc,heap           ] GC(3559) Archive regions: 2->2
[170.999s][info ][gc,heap           ] GC(3559) Humongous regions: 0->0
[170.999s][info ][gc,metaspace      ] GC(3559) Metaspace: 10069K(10624K)->10069K(10624K) NonClass: 8921K(9216K)->8921K(9216K) Class: 1148K(1408K)->1148K(1408K)
[170.999s][debug][gc,heap           ] GC(3559) Heap after GC invocations=3560 (full 1): garbage-first heap   total 1490944K, used 21308K [0x0000000700000000, 0x0000000800000000)
[170.999s][debug][gc,heap           ] GC(3559)   region size 1024K, 4 young (4096K), 4 survivors (4096K)
[170.999s][debug][gc,heap           ] GC(3559)  Metaspace       used 10069K, capacity 10368K, committed 10624K, reserved 1058816K
[170.999s][debug][gc,heap           ] GC(3559)   class space    used 1148K, capacity 1266K, committed 1408K, reserved 1048576K
[170.999s][info ][gc                ] GC(3559) Pause Young (Normal) (G1 Evacuation Pause) 889M->20M(1456M) 2.440ms
[171.000s][info ][gc,cpu            ] GC(3559) User=0.01s Sys=0.00s Real=0.00s
[171.000s][info ][safepoint         ] Safepoint "G1CollectForAllocation", Time since last: 43571564 ns, Reaching safepoint: 201933 ns, At safepoint: 2810933 ns, Total: 3012866 ns
[171.045s][debug][gc,heap           ] GC(3560) Heap before GC invocations=3560 (full 1): garbage-first heap   total 1490944K, used 910140K [0x0000000700000000, 0x0000000800000000)
[171.045s][debug][gc,heap           ] GC(3560)   region size 1024K, 873 young (893952K), 4 survivors (4096K)
[171.045s][debug][gc,heap           ] GC(3560)  Metaspace       used 10069K, capacity 10368K, committed 10624K, reserved 1058816K
[171.045s][debug][gc,heap           ] GC(3560)   class space    used 1148K, capacity 1266K, committed 1408K, reserved 1048576K
[171.045s][info ][gc,start          ] GC(3560) Pause Young (Normal) (G1 Evacuation Pause)
[171.045s][info ][gc,task           ] GC(3560) Using 8 workers of 8 for evacuation
[171.046s][debug][gc,tlab           ] GC(3560) TLAB totals: thrds: 8  refills: 17 max: 3 slow allocs: 1726 max 248 waste: 26.3% gc: 1304264B max: 246016B slow: 87816B max: 15488B fast: 0B max: 0B
[171.046s][debug][gc,age            ] GC(3560) Desired survivor size 57671680 bytes, new threshold 15 (max threshold 15)
[171.046s][debug][gc,alloc,region   ] GC(3560) Mutator Allocation stats, regions: 869, wasted size: 203M (23.4%)
[171.046s][debug][gc,ergo           ] GC(3560) Running G1 Merge Heap Roots using 8 workers for 873 regions
[171.046s][debug][gc,remset         ] GC(3560) Visited cards 256 Total dirty 2048 (12.50%) Total old 3614720 (0.01%)
[171.046s][debug][gc,ergo           ] GC(3560) Running G1 Clear Card Table Task using 2 workers for 2 units of work for 874 regions.
[171.047s][debug][gc,ref            ] GC(3560) Skipped phase1 of Reference Processing due to unavailable references
[171.047s][debug][gc,ref            ] GC(3560) Skipped phase2 of Reference Processing due to unavailable references
[171.047s][debug][gc,ref            ] GC(3560) Skipped phase3 of Reference Processing due to unavailable references
[171.047s][debug][gc,ref            ] GC(3560) Skipped phase4 of Reference Processing due to unavailable references
[171.047s][debug][gc,ergo           ] GC(3560) Running G1 Free Collection Set using 8 workers for collection set length 873 (1456)
[171.047s][debug][gc,ergo           ] GC(3560) Running G1 Rebuild Free List Task using 8 workers for rebuilding free list of 0 (4096) regions
[171.047s][trace][gc,age            ] GC(3560) Age table with threshold 15 (max threshold 15)
[171.047s][trace][gc,age            ] GC(3560) - age   1:    4002576 bytes,    4002576 total
[171.047s][debug][gc,plab           ] GC(3560) Young PLAB allocation: allocated: 16512B, wasted: 0B, unused: 14064B, used: 2448B, undo waste: 0B, 
[171.047s][debug][gc,plab           ] GC(3560) Young other allocation: region end waste: 983872B, regions filled: 5, direct allocated: 4000128B, failure used: 0B, failure wasted: 0B
[171.047s][debug][gc,plab           ] GC(3560) Young sizing: calculated: 0B, actual: 2064B
[171.047s][debug][gc,plab           ] GC(3560) Old PLAB allocation: allocated: 0B, wasted: 0B, unused: 0B, used: 0B, undo waste: 0B, 
[171.047s][debug][gc,plab           ] GC(3560) Old other allocation: region end waste: 0B, regions filled: 1, direct allocated: 0B, failure used: 0B, failure wasted: 0B
[171.047s][debug][gc,plab           ] GC(3560) Old sizing: calculated: 0B, actual: 2064B
[171.047s][debug][gc,ihop           ] GC(3560) Basic information (value update), threshold: 687026995B (45.00), target occupancy: 1526726656B, current occupancy: 22870336B, recent allocation size: 0B, recent allocation duration: 46.91ms, recent old gen allocation rate: 0.00B/s, recent marking phase length: 29.01ms
[171.047s][debug][gc,ihop           ] GC(3560) Adaptive IHOP information (value update), threshold: 687026995B (47.37), internal target occupancy: 1450390323B, occupancy: 22870336B, additional buffer size: 915406848B, predicted old gen allocation rate: 13322.88B/s, predicted marking phase length: 58.01ms, prediction active: false
[171.047s][debug][gc,ergo,refine    ] GC(3560) Concurrent refinement times: Logged Cards Scan time goal: 20.00ms Logged Cards Scan time: 0.00ms HCC time: 0.00ms
[171.047s][debug][gc,ergo,refine    ] GC(3560) Updated Refinement Zones: green: 2048, yellow: 6144, red: 10240
[171.047s][info ][gc,phases         ] GC(3560)   Pre Evacuate Collection Set: 0.1ms
[171.047s][debug][gc,phases         ] GC(3560)     Prepare TLABs: 0.0ms
[171.047s][debug][gc,phases         ] GC(3560)     Choose Collection Set: 0.0ms
[171.047s][debug][gc,phases         ] GC(3560)     Region Register: 0.1ms
[171.047s][debug][gc,phases         ] GC(3560)     Prepare Heap Roots: 0.0ms
[171.047s][info ][gc,phases         ] GC(3560)   Merge Heap Roots: 0.2ms
[171.047s][debug][gc,phases         ] GC(3560)     Prepare Merge Heap Roots: 0.0ms
[171.047s][debug][gc,phases         ] GC(3560)     Eager Reclaim (ms):       skipped
[171.047s][debug][gc,phases         ] GC(3560)     Remembered Sets (ms):     Min:  0.0, Avg:  0.1, Max:  0.1, Diff:  0.1, Sum:  0.5, Workers: 8
[171.047s][debug][gc,phases         ] GC(3560)       Merged Sparse:            Min: 0, Avg:  0.0, Max: 0, Diff: 0, Sum: 0, Workers: 8
[171.047s][debug][gc,phases         ] GC(3560)       Merged Fine:              Min: 0, Avg:  0.0, Max: 0, Diff: 0, Sum: 0, Workers: 8
[171.047s][debug][gc,phases         ] GC(3560)       Merged Coarse:            Min: 0, Avg:  0.0, Max: 0, Diff: 0, Sum: 0, Workers: 8
[171.047s][debug][gc,phases         ] GC(3560)       Dirty Cards:              Min: 0, Avg:  0.0, Max: 0, Diff: 0, Sum: 0, Workers: 8
[171.047s][debug][gc,phases         ] GC(3560)     Hot Card Cache (ms):      Min:  0.0, Avg:  0.0, Max:  0.0, Diff:  0.0, Sum:  0.0, Workers: 8
[171.047s][debug][gc,phases         ] GC(3560)       Dirty Cards:              Min: 0, Avg:  0.0, Max: 0, Diff: 0, Sum: 0, Workers: 8
[171.047s][debug][gc,phases         ] GC(3560)       Skipped Cards:            Min: 0, Avg:  0.0, Max: 0, Diff: 0, Sum: 0, Workers: 8
[171.047s][debug][gc,phases         ] GC(3560)     Log Buffers (ms):         Min:  0.0, Avg:  0.0, Max:  0.0, Diff:  0.0, Sum:  0.0, Workers: 8
[171.047s][debug][gc,phases         ] GC(3560)       Dirty Cards:              Min: 0, Avg:  0.1, Max: 1, Diff: 1, Sum: 1, Workers: 8
[171.047s][debug][gc,phases         ] GC(3560)       Skipped Cards:            Min: 0, Avg:  0.0, Max: 0, Diff: 0, Sum: 0, Workers: 8
[171.047s][info ][gc,phases         ] GC(3560)   Evacuate Collection Set: 0.5ms
[171.047s][debug][gc,phases         ] GC(3560)     Ext Root Scanning (ms):   Min:  0.0, Avg:  0.2, Max:  0.4, Diff:  0.4, Sum:  2.0, Workers: 8
[171.047s][debug][gc,phases         ] GC(3560)     Scan Heap Roots (ms):     Min:  0.0, Avg:  0.0, Max:  0.0, Diff:  0.0, Sum:  0.0, Workers: 8
[171.047s][debug][gc,phases         ] GC(3560)       Scanned Cards:            Min: 0, Avg:  0.1, Max: 1, Diff: 1, Sum: 1, Workers: 8
[171.047s][debug][gc,phases         ] GC(3560)       Scanned Blocks:           Min: 0, Avg:  0.1, Max: 1, Diff: 1, Sum: 1, Workers: 8
[171.047s][debug][gc,phases         ] GC(3560)       Claimed Chunks:           Min: 0, Avg:  0.1, Max: 1, Diff: 1, Sum: 1, Workers: 8
[171.047s][debug][gc,phases         ] GC(3560)     Code Root Scan (ms):      Min:  0.0, Avg:  0.0, Max:  0.1, Diff:  0.1, Sum:  0.2, Workers: 8
[171.047s][debug][gc,phases         ] GC(3560)     Object Copy (ms):         Min:  0.0, Avg:  0.0, Max:  0.0, Diff:  0.0, Sum:  0.0, Workers: 8
[171.048s][debug][gc,phases         ] GC(3560)     Termination (ms):         Min:  0.0, Avg:  0.1, Max:  0.1, Diff:  0.1, Sum:  0.6, Workers: 8
[171.048s][debug][gc,phases         ] GC(3560)       Termination Attempts:     Min: 1, Avg:  1.0, Max: 1, Diff: 0, Sum: 8, Workers: 8
[171.048s][debug][gc,phases         ] GC(3560)     GC Worker Other (ms):     Min:  0.0, Avg:  0.0, Max:  0.1, Diff:  0.1, Sum:  0.3, Workers: 8
[171.048s][debug][gc,phases         ] GC(3560)     GC Worker Total (ms):     Min:  0.1, Avg:  0.4, Max:  0.5, Diff:  0.4, Sum:  3.2, Workers: 8
[171.048s][info ][gc,phases         ] GC(3560)   Post Evacuate Collection Set: 0.7ms
[171.048s][debug][gc,phases         ] GC(3560)     Code Roots Fixup: 0.0ms
[171.048s][debug][gc,phases         ] GC(3560)     Clear Card Table: 0.2ms
[171.048s][debug][gc,phases         ] GC(3560)     Reference Processing: 0.0ms
[171.048s][debug][gc,phases,ref     ] GC(3560)       Reconsider SoftReferences: 0.0ms
[171.048s][debug][gc,phases,ref     ] GC(3560)         SoftRef (ms):             skipped
[171.048s][debug][gc,phases,ref     ] GC(3560)       Notify Soft/WeakReferences: 0.0ms
[171.048s][debug][gc,phases,ref     ] GC(3560)         SoftRef (ms):             skipped
[171.048s][debug][gc,phases,ref     ] GC(3560)         WeakRef (ms):             skipped
[171.048s][debug][gc,phases,ref     ] GC(3560)         FinalRef (ms):            skipped
[171.048s][debug][gc,phases,ref     ] GC(3560)         Total (ms):               skipped
[171.048s][debug][gc,phases,ref     ] GC(3560)       Notify and keep alive finalizable: 0.0ms
[171.048s][debug][gc,phases,ref     ] GC(3560)         FinalRef (ms):            skipped
[171.048s][debug][gc,phases,ref     ] GC(3560)       Notify PhantomReferences: 0.0ms
[171.048s][debug][gc,phases,ref     ] GC(3560)         PhantomRef (ms):          skipped
[171.048s][debug][gc,phases,ref     ] GC(3560)       SoftReference:
[171.048s][debug][gc,phases,ref     ] GC(3560)         Discovered: 0
[171.048s][debug][gc,phases,ref     ] GC(3560)         Cleared: 0
[171.048s][debug][gc,phases,ref     ] GC(3560)       WeakReference:
[171.048s][debug][gc,phases,ref     ] GC(3560)         Discovered: 0
[171.048s][debug][gc,phases,ref     ] GC(3560)         Cleared: 0
[171.048s][debug][gc,phases,ref     ] GC(3560)       FinalReference:
[171.048s][debug][gc,phases,ref     ] GC(3560)         Discovered: 0
[171.048s][debug][gc,phases,ref     ] GC(3560)         Cleared: 0
[171.048s][debug][gc,phases,ref     ] GC(3560)       PhantomReference:
[171.048s][debug][gc,phases,ref     ] GC(3560)         Discovered: 0
[171.048s][debug][gc,phases,ref     ] GC(3560)         Cleared: 0
[171.048s][debug][gc,phases         ] GC(3560)     Weak Processing: 0.0ms
[171.048s][debug][gc,phases         ] GC(3560)       JVMTI weak processing: 0.0ms
[171.048s][debug][gc,phases         ] GC(3560)         Dead: 0
[171.048s][debug][gc,phases         ] GC(3560)         Total: 0
[171.048s][debug][gc,phases         ] GC(3560)       JFR weak processing: 0.0ms
[171.048s][debug][gc,phases         ] GC(3560)         Dead: 0
[171.048s][debug][gc,phases         ] GC(3560)         Total: 0
[171.048s][debug][gc,phases         ] GC(3560)       JNI weak                  Min:  0.0, Avg:  0.0, Max:  0.0, Diff:  0.0, Sum:  0.0, Workers: 5
[171.048s][debug][gc,phases         ] GC(3560)         Dead                      Min: 0, Avg:  0.0, Max: 0, Diff: 0, Sum: 0, Workers: 5
[171.048s][debug][gc,phases         ] GC(3560)         Total                     Min: 0, Avg: 25.6, Max: 64, Diff: 64, Sum: 128, Workers: 5
[171.048s][debug][gc,phases         ] GC(3560)       VM weak                   Min:  0.0, Avg:  0.0, Max:  0.0, Diff:  0.0, Sum:  0.0, Workers: 5
[171.048s][debug][gc,phases         ] GC(3560)         Dead                      Min: 0, Avg:  0.0, Max: 0, Diff: 0, Sum: 0, Workers: 5
[171.048s][debug][gc,phases         ] GC(3560)         Total                     Min: 0, Avg: 42.4, Max: 64, Diff: 64, Sum: 212, Workers: 5
[171.048s][debug][gc,phases         ] GC(3560)       StringTable weak          Min:  0.0, Avg:  0.0, Max:  0.0, Diff:  0.0, Sum:  0.1, Workers: 5
[171.048s][debug][gc,phases         ] GC(3560)         Dead                      Min: 0, Avg:  0.0, Max: 0, Diff: 0, Sum: 0, Workers: 5
[171.048s][debug][gc,phases         ] GC(3560)         Total                     Min: 0, Avg: 686.2, Max: 896, Diff: 896, Sum: 3431, Workers: 5
[171.048s][debug][gc,phases         ] GC(3560)       ResolvedMethodTable weak  Min:  0.0, Avg:  0.0, Max:  0.0, Diff:  0.0, Sum:  0.0, Workers: 5
[171.048s][debug][gc,phases         ] GC(3560)         Dead                      Min: 0, Avg:  0.0, Max: 0, Diff: 0, Sum: 0, Workers: 5
[171.048s][debug][gc,phases         ] GC(3560)         Total                     Min: 0, Avg: 114.6, Max: 189, Diff: 189, Sum: 573, Workers: 5
[171.048s][debug][gc,phases         ] GC(3560)     Merge Per-Thread State: 0.0ms
[171.048s][debug][gc,phases         ] GC(3560)       Copied Bytes              Min: 224, Avg: 500322.0, Max: 800168, Diff: 799944, Sum: 4002576, Workers: 8
[171.048s][debug][gc,phases         ] GC(3560)       LAB Waste                 Min: 0, Avg:  0.0, Max: 0, Diff: 0, Sum: 0, Workers: 8
[171.048s][debug][gc,phases         ] GC(3560)       LAB Undo Waste            Min: 0, Avg:  0.0, Max: 0, Diff: 0, Sum: 0, Workers: 8
[171.048s][debug][gc,phases         ] GC(3560)     Code Roots Purge: 0.0ms
[171.048s][debug][gc,phases         ] GC(3560)     Redirty Cards: 0.0ms
[171.048s][debug][gc,phases         ] GC(3560)     DerivedPointerTable Update: 0.0ms
[171.048s][debug][gc,phases         ] GC(3560)     Free Collection Set: 0.2ms
[171.048s][debug][gc,phases         ] GC(3560)     Rebuild Free List: 0.1ms
[171.048s][debug][gc,phases         ] GC(3560)     Humongous Reclaim: 0.0ms
[171.048s][debug][gc,phases         ] GC(3560)     Start New Collection Set: 0.0ms
[171.048s][debug][gc,phases         ] GC(3560)     Resize TLABs: 0.0ms
[171.048s][debug][gc,phases         ] GC(3560)     Expand Heap After Collection: 0.0ms
[171.048s][info ][gc,phases         ] GC(3560)   Other: 0.4ms
[171.048s][info ][gc,heap           ] GC(3560) Eden regions: 869->0(868)
[171.048s][info ][gc,heap           ] GC(3560) Survivor regions: 4->5(110)
[171.048s][info ][gc,heap           ] GC(3560) Old regions: 17->17
[171.048s][info ][gc,heap           ] GC(3560) Archive regions: 2->2
[171.048s][info ][gc,heap           ] GC(3560) Humongous regions: 0->0
[171.048s][info ][gc,metaspace      ] GC(3560) Metaspace: 10069K(10624K)->10069K(10624K) NonClass: 8921K(9216K)->8921K(9216K) Class: 1148K(1408K)->1148K(1408K)
[171.048s][debug][gc,heap           ] GC(3560) Heap after GC invocations=3561 (full 1): garbage-first heap   total 1490944K, used 22334K [0x0000000700000000, 0x0000000800000000)
[171.048s][debug][gc,heap           ] GC(3560)   region size 1024K, 5 young (5120K), 5 survivors (5120K)
[171.048s][debug][gc,heap           ] GC(3560)  Metaspace       used 10069K, capacity 10368K, committed 10624K, reserved 1058816K
[171.048s][debug][gc,heap           ] GC(3560)   class space    used 1148K, capacity 1266K, committed 1408K, reserved 1048576K
[171.048s][info ][gc                ] GC(3560) Pause Young (Normal) (G1 Evacuation Pause) 889M->21M(1456M) 2.599ms
[171.048s][info ][gc,cpu            ] GC(3560) User=0.00s Sys=0.00s Real=0.01s
[171.048s][info ][safepoint         ] Safepoint "G1CollectForAllocation", Time since last: 45481484 ns, Reaching safepoint: 147971 ns, At safepoint: 2775415 ns, Total: 2923386 ns
[171.093s][debug][gc,heap           ] GC(3561) Heap before GC invocations=3561 (full 1): garbage-first heap   total 1490944K, used 910142K [0x0000000700000000, 0x0000000800000000)
[171.093s][debug][gc,heap           ] GC(3561)   region size 1024K, 873 young (893952K), 5 survivors (5120K)
[171.093s][debug][gc,heap           ] GC(3561)  Metaspace       used 10069K, capacity 10368K, committed 10624K, reserved 1058816K
[171.093s][debug][gc,heap           ] GC(3561)   class space    used 1148K, capacity 1266K, committed 1408K, reserved 1048576K
[171.093s][info ][gc,start          ] GC(3561) Pause Young (Normal) (G1 Evacuation Pause)
[171.093s][info ][gc,task           ] GC(3561) Using 8 workers of 8 for evacuation
[171.093s][debug][gc,tlab           ] GC(3561) TLAB totals: thrds: 8  refills: 16 max: 3 slow allocs: 1729 max 282 waste: 41.5% gc: 1548512B max: 236320B slow: 85840B max: 15096B fast: 0B max: 0B
[171.093s][debug][gc,age            ] GC(3561) Desired survivor size 57671680 bytes, new threshold 15 (max threshold 15)
[171.093s][debug][gc,alloc,region   ] GC(3561) Mutator Allocation stats, regions: 868, wasted size: 202M (23.4%)
[171.094s][debug][gc,ergo           ] GC(3561) Running G1 Merge Heap Roots using 8 workers for 873 regions
[171.094s][debug][gc,remset         ] GC(3561) Visited cards 512 Total dirty 4096 (12.50%) Total old 3614720 (0.01%)
[171.094s][debug][gc,ergo           ] GC(3561) Running G1 Clear Card Table Task using 2 workers for 2 units of work for 875 regions.
[171.094s][debug][gc,ref            ] GC(3561) Skipped phase1 of Reference Processing due to unavailable references
[171.094s][debug][gc,ref            ] GC(3561) Skipped phase2 of Reference Processing due to unavailable references
[171.094s][debug][gc,ref            ] GC(3561) Skipped phase3 of Reference Processing due to unavailable references
[171.094s][debug][gc,ref            ] GC(3561) Skipped phase4 of Reference Processing due to unavailable references
[171.095s][debug][gc,ergo           ] GC(3561) Running G1 Free Collection Set using 8 workers for collection set length 873 (1456)
[171.095s][debug][gc,ergo           ] GC(3561) Running G1 Rebuild Free List Task using 8 workers for rebuilding free list of 0 (4096) regions
[171.095s][trace][gc,age            ] GC(3561) Age table with threshold 15 (max threshold 15)
[171.095s][trace][gc,age            ] GC(3561) - age   1:    1602512 bytes,    1602512 total
[171.095s][debug][gc,plab           ] GC(3561) Young PLAB allocation: allocated: 16512B, wasted: 0B, unused: 14064B, used: 2448B, undo waste: 0B, 
[171.095s][debug][gc,plab           ] GC(3561) Young other allocation: region end waste: 234096B, regions filled: 2, direct allocated: 1600064B, failure used: 0B, failure wasted: 0B
[171.095s][debug][gc,plab           ] GC(3561) Young sizing: calculated: 0B, actual: 2064B
[171.095s][debug][gc,plab           ] GC(3561) Old PLAB allocation: allocated: 0B, wasted: 0B, unused: 0B, used: 0B, undo waste: 0B, 
[171.095s][debug][gc,plab           ] GC(3561) Old other allocation: region end waste: 0B, regions filled: 1, direct allocated: 0B, failure used: 0B, failure wasted: 0B
[171.095s][debug][gc,plab           ] GC(3561) Old sizing: calculated: 0B, actual: 2064B
[171.095s][debug][gc,ihop           ] GC(3561) Basic information (value update), threshold: 687026995B (45.00), target occupancy: 1526726656B, current occupancy: 19720496B, recent allocation size: 0B, recent allocation duration: 46.24ms, recent old gen allocation rate: 0.00B/s, recent marking phase length: 29.01ms
[171.095s][debug][gc,ihop           ] GC(3561) Adaptive IHOP information (value update), threshold: 687026995B (47.37), internal target occupancy: 1450390323B, occupancy: 19720496B, additional buffer size: 915406848B, predicted old gen allocation rate: 12942.62B/s, predicted marking phase length: 58.01ms, prediction active: false
[171.095s][debug][gc,ergo,refine    ] GC(3561) Concurrent refinement times: Logged Cards Scan time goal: 20.00ms Logged Cards Scan time: 0.00ms HCC time: 0.00ms
[171.095s][debug][gc,ergo,refine    ] GC(3561) Updated Refinement Zones: green: 2048, yellow: 6144, red: 10240
[171.095s][info ][gc,phases         ] GC(3561)   Pre Evacuate Collection Set: 0.1ms
[171.095s][debug][gc,phases         ] GC(3561)     Prepare TLABs: 0.0ms
[171.095s][debug][gc,phases         ] GC(3561)     Choose Collection Set: 0.0ms
[171.095s][debug][gc,phases         ] GC(3561)     Region Register: 0.1ms
[171.095s][debug][gc,phases         ] GC(3561)     Prepare Heap Roots: 0.0ms
[171.095s][info ][gc,phases         ] GC(3561)   Merge Heap Roots: 0.1ms
[171.095s][debug][gc,phases         ] GC(3561)     Prepare Merge Heap Roots: 0.0ms
[171.095s][debug][gc,phases         ] GC(3561)     Eager Reclaim (ms):       skipped
[171.095s][debug][gc,phases         ] GC(3561)     Remembered Sets (ms):     Min:  0.0, Avg:  0.0, Max:  0.1, Diff:  0.0, Sum:  0.4, Workers: 8
[171.095s][debug][gc,phases         ] GC(3561)       Merged Sparse:            Min: 0, Avg:  0.0, Max: 0, Diff: 0, Sum: 0, Workers: 8
[171.095s][debug][gc,phases         ] GC(3561)       Merged Fine:              Min: 0, Avg:  0.0, Max: 0, Diff: 0, Sum: 0, Workers: 8
[171.095s][debug][gc,phases         ] GC(3561)       Merged Coarse:            Min: 0, Avg:  0.0, Max: 0, Diff: 0, Sum: 0, Workers: 8
[171.095s][debug][gc,phases         ] GC(3561)       Dirty Cards:              Min: 0, Avg:  0.0, Max: 0, Diff: 0, Sum: 0, Workers: 8
[171.095s][debug][gc,phases         ] GC(3561)     Hot Card Cache (ms):      Min:  0.0, Avg:  0.0, Max:  0.0, Diff:  0.0, Sum:  0.0, Workers: 8
[171.095s][debug][gc,phases         ] GC(3561)       Dirty Cards:              Min: 0, Avg:  0.0, Max: 0, Diff: 0, Sum: 0, Workers: 8
[171.095s][debug][gc,phases         ] GC(3561)       Skipped Cards:            Min: 0, Avg:  0.0, Max: 0, Diff: 0, Sum: 0, Workers: 8
[171.095s][debug][gc,phases         ] GC(3561)     Log Buffers (ms):         Min:  0.0, Avg:  0.0, Max:  0.0, Diff:  0.0, Sum:  0.0, Workers: 8
[171.095s][debug][gc,phases         ] GC(3561)       Dirty Cards:              Min: 0, Avg:  0.2, Max: 2, Diff: 2, Sum: 2, Workers: 8
[171.095s][debug][gc,phases         ] GC(3561)       Skipped Cards:            Min: 0, Avg:  0.0, Max: 0, Diff: 0, Sum: 0, Workers: 8
[171.095s][info ][gc,phases         ] GC(3561)   Evacuate Collection Set: 0.3ms
[171.095s][debug][gc,phases         ] GC(3561)     Ext Root Scanning (ms):   Min:  0.0, Avg:  0.1, Max:  0.2, Diff:  0.2, Sum:  1.0, Workers: 8
[171.095s][debug][gc,phases         ] GC(3561)     Scan Heap Roots (ms):     Min:  0.0, Avg:  0.0, Max:  0.0, Diff:  0.0, Sum:  0.0, Workers: 8
[171.095s][debug][gc,phases         ] GC(3561)       Scanned Cards:            Min: 0, Avg:  0.2, Max: 1, Diff: 1, Sum: 2, Workers: 8
[171.095s][debug][gc,phases         ] GC(3561)       Scanned Blocks:           Min: 0, Avg:  0.2, Max: 1, Diff: 1, Sum: 2, Workers: 8
[171.095s][debug][gc,phases         ] GC(3561)       Claimed Chunks:           Min: 0, Avg:  0.2, Max: 1, Diff: 1, Sum: 2, Workers: 8
[171.095s][debug][gc,phases         ] GC(3561)     Code Root Scan (ms):      Min:  0.0, Avg:  0.0, Max:  0.1, Diff:  0.1, Sum:  0.2, Workers: 8
[171.095s][debug][gc,phases         ] GC(3561)     Object Copy (ms):         Min:  0.0, Avg:  0.0, Max:  0.0, Diff:  0.0, Sum:  0.0, Workers: 8
[171.095s][debug][gc,phases         ] GC(3561)     Termination (ms):         Min:  0.0, Avg:  0.1, Max:  0.1, Diff:  0.1, Sum:  0.4, Workers: 8
[171.095s][debug][gc,phases         ] GC(3561)       Termination Attempts:     Min: 1, Avg:  1.0, Max: 1, Diff: 0, Sum: 8, Workers: 8
[171.095s][debug][gc,phases         ] GC(3561)     GC Worker Other (ms):     Min:  0.0, Avg:  0.1, Max:  0.1, Diff:  0.1, Sum:  0.5, Workers: 8
[171.095s][debug][gc,phases         ] GC(3561)     GC Worker Total (ms):     Min:  0.2, Avg:  0.3, Max:  0.3, Diff:  0.1, Sum:  2.2, Workers: 8
[171.095s][info ][gc,phases         ] GC(3561)   Post Evacuate Collection Set: 0.7ms
[171.095s][debug][gc,phases         ] GC(3561)     Code Roots Fixup: 0.0ms
[171.095s][debug][gc,phases         ] GC(3561)     Clear Card Table: 0.2ms
[171.095s][debug][gc,phases         ] GC(3561)     Reference Processing: 0.0ms
[171.095s][debug][gc,phases,ref     ] GC(3561)       Reconsider SoftReferences: 0.0ms
[171.095s][debug][gc,phases,ref     ] GC(3561)         SoftRef (ms):             skipped
[171.095s][debug][gc,phases,ref     ] GC(3561)       Notify Soft/WeakReferences: 0.0ms
[171.095s][debug][gc,phases,ref     ] GC(3561)         SoftRef (ms):             skipped
[171.095s][debug][gc,phases,ref     ] GC(3561)         WeakRef (ms):             skipped
[171.095s][debug][gc,phases,ref     ] GC(3561)         FinalRef (ms):            skipped
[171.095s][debug][gc,phases,ref     ] GC(3561)         Total (ms):               skipped
[171.095s][debug][gc,phases,ref     ] GC(3561)       Notify and keep alive finalizable: 0.0ms
[171.095s][debug][gc,phases,ref     ] GC(3561)         FinalRef (ms):            skipped
[171.095s][debug][gc,phases,ref     ] GC(3561)       Notify PhantomReferences: 0.0ms
[171.095s][debug][gc,phases,ref     ] GC(3561)         PhantomRef (ms):          skipped
[171.095s][debug][gc,phases,ref     ] GC(3561)       SoftReference:
[171.095s][debug][gc,phases,ref     ] GC(3561)         Discovered: 0
[171.095s][debug][gc,phases,ref     ] GC(3561)         Cleared: 0
[171.095s][debug][gc,phases,ref     ] GC(3561)       WeakReference:
[171.095s][debug][gc,phases,ref     ] GC(3561)         Discovered: 0
[171.095s][debug][gc,phases,ref     ] GC(3561)         Cleared: 0
[171.095s][debug][gc,phases,ref     ] GC(3561)       FinalReference:
[171.095s][debug][gc,phases,ref     ] GC(3561)         Discovered: 0
[171.095s][debug][gc,phases,ref     ] GC(3561)         Cleared: 0
[171.095s][debug][gc,phases,ref     ] GC(3561)       PhantomReference:
[171.095s][debug][gc,phases,ref     ] GC(3561)         Discovered: 0
[171.095s][debug][gc,phases,ref     ] GC(3561)         Cleared: 0
[171.096s][debug][gc,phases         ] GC(3561)     Weak Processing: 0.1ms
[171.096s][debug][gc,phases         ] GC(3561)       JVMTI weak processing: 0.0ms
[171.096s][debug][gc,phases         ] GC(3561)         Dead: 0
[171.096s][debug][gc,phases         ] GC(3561)         Total: 0
[171.096s][debug][gc,phases         ] GC(3561)       JFR weak processing: 0.0ms
[171.096s][debug][gc,phases         ] GC(3561)         Dead: 0
[171.096s][debug][gc,phases         ] GC(3561)         Total: 0
[171.096s][debug][gc,phases         ] GC(3561)       JNI weak                  Min:  0.0, Avg:  0.0, Max:  0.0, Diff:  0.0, Sum:  0.0, Workers: 5
[171.096s][debug][gc,phases         ] GC(3561)         Dead                      Min: 0, Avg:  0.0, Max: 0, Diff: 0, Sum: 0, Workers: 5
[171.096s][debug][gc,phases         ] GC(3561)         Total                     Min: 0, Avg: 25.6, Max: 64, Diff: 64, Sum: 128, Workers: 5
[171.096s][debug][gc,phases         ] GC(3561)       VM weak                   Min:  0.0, Avg:  0.0, Max:  0.0, Diff:  0.0, Sum:  0.0, Workers: 5
[171.096s][debug][gc,phases         ] GC(3561)         Dead                      Min: 0, Avg:  0.0, Max: 0, Diff: 0, Sum: 0, Workers: 5
[171.096s][debug][gc,phases         ] GC(3561)         Total                     Min: 0, Avg: 42.4, Max: 128, Diff: 128, Sum: 212, Workers: 5
[171.096s][debug][gc,phases         ] GC(3561)       StringTable weak          Min:  0.0, Avg:  0.0, Max:  0.0, Diff:  0.0, Sum:  0.1, Workers: 5
[171.096s][debug][gc,phases         ] GC(3561)         Dead                      Min: 0, Avg:  0.0, Max: 0, Diff: 0, Sum: 0, Workers: 5
[171.096s][debug][gc,phases         ] GC(3561)         Total                     Min: 0, Avg: 686.2, Max: 1728, Diff: 1728, Sum: 3431, Workers: 5
[171.096s][debug][gc,phases         ] GC(3561)       ResolvedMethodTable weak  Min:  0.0, Avg:  0.0, Max:  0.0, Diff:  0.0, Sum:  0.0, Workers: 5
[171.096s][debug][gc,phases         ] GC(3561)         Dead                      Min: 0, Avg:  0.0, Max: 0, Diff: 0, Sum: 0, Workers: 5
[171.096s][debug][gc,phases         ] GC(3561)         Total                     Min: 0, Avg: 114.6, Max: 256, Diff: 256, Sum: 573, Workers: 5
[171.096s][debug][gc,phases         ] GC(3561)     Merge Per-Thread State: 0.0ms
[171.096s][debug][gc,phases         ] GC(3561)       Copied Bytes              Min: 72, Avg: 200314.0, Max: 400472, Diff: 400400, Sum: 1602512, Workers: 8
[171.096s][debug][gc,phases         ] GC(3561)       LAB Waste                 Min: 0, Avg:  0.0, Max: 0, Diff: 0, Sum: 0, Workers: 8
[171.096s][debug][gc,phases         ] GC(3561)       LAB Undo Waste            Min: 0, Avg:  0.0, Max: 0, Diff: 0, Sum: 0, Workers: 8
[171.096s][debug][gc,phases         ] GC(3561)     Code Roots Purge: 0.0ms
[171.096s][debug][gc,phases         ] GC(3561)     Redirty Cards: 0.0ms
[171.096s][debug][gc,phases         ] GC(3561)     DerivedPointerTable Update: 0.0ms
[171.096s][debug][gc,phases         ] GC(3561)     Free Collection Set: 0.2ms
[171.096s][debug][gc,phases         ] GC(3561)     Rebuild Free List: 0.1ms
[171.096s][debug][gc,phases         ] GC(3561)     Humongous Reclaim: 0.0ms
[171.096s][debug][gc,phases         ] GC(3561)     Start New Collection Set: 0.0ms
[171.096s][debug][gc,phases         ] GC(3561)     Resize TLABs: 0.0ms
[171.096s][debug][gc,phases         ] GC(3561)     Expand Heap After Collection: 0.0ms
[171.096s][info ][gc,phases         ] GC(3561)   Other: 0.4ms
[171.096s][info ][gc,heap           ] GC(3561) Eden regions: 868->0(871)
[171.096s][info ][gc,heap           ] GC(3561) Survivor regions: 5->2(110)
[171.096s][info ][gc,heap           ] GC(3561) Old regions: 17->17
[171.096s][info ][gc,heap           ] GC(3561) Archive regions: 2->2
[171.096s][info ][gc,heap           ] GC(3561) Humongous regions: 0->0
[171.096s][info ][gc,metaspace      ] GC(3561) Metaspace: 10069K(10624K)->10069K(10624K) NonClass: 8921K(9216K)->8921K(9216K) Class: 1148K(1408K)->1148K(1408K)
[171.096s][debug][gc,heap           ] GC(3561) Heap after GC invocations=3562 (full 1): garbage-first heap   total 1490944K, used 19258K [0x0000000700000000, 0x0000000800000000)
[171.096s][debug][gc,heap           ] GC(3561)   region size 1024K, 2 young (2048K), 2 survivors (2048K)
[171.096s][debug][gc,heap           ] GC(3561)  Metaspace       used 10069K, capacity 10368K, committed 10624K, reserved 1058816K
[171.096s][debug][gc,heap           ] GC(3561)   class space    used 1148K, capacity 1266K, committed 1408K, reserved 1048576K
[171.096s][info ][gc                ] GC(3561) Pause Young (Normal) (G1 Evacuation Pause) 889M->18M(1456M) 2.459ms
[171.096s][info ][gc,cpu            ] GC(3561) User=0.00s Sys=0.00s Real=0.00s
[171.096s][info ][safepoint         ] Safepoint "G1CollectForAllocation", Time since last: 44964128 ns, Reaching safepoint: 171015 ns, At safepoint: 2669171 ns, Total: 2840186 ns
[171.140s][debug][gc,heap           ] GC(3562) Heap before GC invocations=3562 (full 1): garbage-first heap   total 1490944K, used 910138K [0x0000000700000000, 0x0000000800000000)
[171.140s][debug][gc,heap           ] GC(3562)   region size 1024K, 873 young (893952K), 2 survivors (2048K)
[171.140s][debug][gc,heap           ] GC(3562)  Metaspace       used 10069K, capacity 10368K, committed 10624K, reserved 1058816K
[171.140s][debug][gc,heap           ] GC(3562)   class space    used 1148K, capacity 1266K, committed 1408K, reserved 1048576K
[171.140s][info ][gc,start          ] GC(3562) Pause Young (Normal) (G1 Evacuation Pause)
[171.140s][info ][gc,task           ] GC(3562) Using 8 workers of 8 for evacuation
[171.140s][debug][gc,tlab           ] GC(3562) TLAB totals: thrds: 8  refills: 11 max: 2 slow allocs: 1735 max 257 waste: 27.3% gc: 971328B max: 211896B slow: 42128B max: 14304B fast: 0B max: 0B
[171.140s][debug][gc,age            ] GC(3562) Desired survivor size 57671680 bytes, new threshold 15 (max threshold 15)
[171.140s][debug][gc,alloc,region   ] GC(3562) Mutator Allocation stats, regions: 871, wasted size: 204M (23.4%)
[171.140s][debug][gc,ergo           ] GC(3562) Running G1 Merge Heap Roots using 8 workers for 873 regions
[171.140s][debug][gc,remset         ] GC(3562) Visited cards 256 Total dirty 2048 (12.50%) Total old 3614720 (0.01%)
[171.141s][debug][gc,ergo           ] GC(3562) Running G1 Clear Card Table Task using 2 workers for 2 units of work for 874 regions.
[171.141s][debug][gc,ref            ] GC(3562) Skipped phase1 of Reference Processing due to unavailable references
[171.141s][debug][gc,ref            ] GC(3562) Skipped phase2 of Reference Processing due to unavailable references
[171.141s][debug][gc,ref            ] GC(3562) Skipped phase3 of Reference Processing due to unavailable references
[171.141s][debug][gc,ref            ] GC(3562) Skipped phase4 of Reference Processing due to unavailable references
[171.141s][debug][gc,ergo           ] GC(3562) Running G1 Free Collection Set using 8 workers for collection set length 873 (1456)
[171.141s][debug][gc,ergo           ] GC(3562) Running G1 Rebuild Free List Task using 8 workers for rebuilding free list of 0 (4096) regions
[171.141s][trace][gc,age            ] GC(3562) Age table with threshold 15 (max threshold 15)
[171.141s][trace][gc,age            ] GC(3562) - age   1:    3202568 bytes,    3202568 total
[171.141s][debug][gc,plab           ] GC(3562) Young PLAB allocation: allocated: 14448B, wasted: 0B, unused: 12000B, used: 2448B, undo waste: 0B, 
[171.141s][debug][gc,plab           ] GC(3562) Young other allocation: region end waste: 733248B, regions filled: 4, direct allocated: 3200120B, failure used: 0B, failure wasted: 0B
[171.142s][debug][gc,plab           ] GC(3562) Young sizing: calculated: 0B, actual: 2064B
[171.142s][debug][gc,plab           ] GC(3562) Old PLAB allocation: allocated: 0B, wasted: 0B, unused: 0B, used: 0B, undo waste: 0B, 
[171.142s][debug][gc,plab           ] GC(3562) Old other allocation: region end waste: 0B, regions filled: 1, direct allocated: 0B, failure used: 0B, failure wasted: 0B
[171.142s][debug][gc,plab           ] GC(3562) Old sizing: calculated: 0B, actual: 2064B
[171.142s][debug][gc,ihop           ] GC(3562) Basic information (value update), threshold: 687026995B (45.00), target occupancy: 1526726656B, current occupancy: 21817640B, recent allocation size: 0B, recent allocation duration: 44.95ms, recent old gen allocation rate: 0.00B/s, recent marking phase length: 29.01ms
[171.142s][debug][gc,ihop           ] GC(3562) Adaptive IHOP information (value update), threshold: 687026995B (47.37), internal target occupancy: 1450390323B, occupancy: 21817640B, additional buffer size: 915406848B, predicted old gen allocation rate: 12574.11B/s, predicted marking phase length: 58.01ms, prediction active: false
[171.142s][debug][gc,ergo,refine    ] GC(3562) Concurrent refinement times: Logged Cards Scan time goal: 20.00ms Logged Cards Scan time: 0.00ms HCC time: 0.00ms
[171.142s][debug][gc,ergo,refine    ] GC(3562) Updated Refinement Zones: green: 2048, yellow: 6144, red: 10240
[171.142s][info ][gc,phases         ] GC(3562)   Pre Evacuate Collection Set: 0.1ms
[171.142s][debug][gc,phases         ] GC(3562)     Prepare TLABs: 0.0ms
[171.142s][debug][gc,phases         ] GC(3562)     Choose Collection Set: 0.0ms
[171.142s][debug][gc,phases         ] GC(3562)     Region Register: 0.1ms
[171.142s][debug][gc,phases         ] GC(3562)     Prepare Heap Roots: 0.0ms
[171.142s][info ][gc,phases         ] GC(3562)   Merge Heap Roots: 0.1ms
[171.142s][debug][gc,phases         ] GC(3562)     Prepare Merge Heap Roots: 0.0ms
[171.142s][debug][gc,phases         ] GC(3562)     Eager Reclaim (ms):       skipped
[171.142s][debug][gc,phases         ] GC(3562)     Remembered Sets (ms):     Min:  0.0, Avg:  0.0, Max:  0.1, Diff:  0.0, Sum:  0.3, Workers: 8
[171.142s][debug][gc,phases         ] GC(3562)       Merged Sparse:            Min: 0, Avg:  0.0, Max: 0, Diff: 0, Sum: 0, Workers: 8
[171.142s][debug][gc,phases         ] GC(3562)       Merged Fine:              Min: 0, Avg:  0.0, Max: 0, Diff: 0, Sum: 0, Workers: 8
[171.142s][debug][gc,phases         ] GC(3562)       Merged Coarse:            Min: 0, Avg:  0.0, Max: 0, Diff: 0, Sum: 0, Workers: 8
[171.142s][debug][gc,phases         ] GC(3562)       Dirty Cards:              Min: 0, Avg:  0.0, Max: 0, Diff: 0, Sum: 0, Workers: 8
[171.142s][debug][gc,phases         ] GC(3562)     Hot Card Cache (ms):      Min:  0.0, Avg:  0.0, Max:  0.0, Diff:  0.0, Sum:  0.0, Workers: 8
[171.142s][debug][gc,phases         ] GC(3562)       Dirty Cards:              Min: 0, Avg:  0.0, Max: 0, Diff: 0, Sum: 0, Workers: 8
[171.142s][debug][gc,phases         ] GC(3562)       Skipped Cards:            Min: 0, Avg:  0.0, Max: 0, Diff: 0, Sum: 0, Workers: 8
[171.142s][debug][gc,phases         ] GC(3562)     Log Buffers (ms):         Min:  0.0, Avg:  0.0, Max:  0.0, Diff:  0.0, Sum:  0.0, Workers: 8
[171.142s][debug][gc,phases         ] GC(3562)       Dirty Cards:              Min: 0, Avg:  0.1, Max: 1, Diff: 1, Sum: 1, Workers: 8
[171.142s][debug][gc,phases         ] GC(3562)       Skipped Cards:            Min: 0, Avg:  0.0, Max: 0, Diff: 0, Sum: 0, Workers: 8
[171.142s][info ][gc,phases         ] GC(3562)   Evacuate Collection Set: 0.5ms
[171.142s][debug][gc,phases         ] GC(3562)     Ext Root Scanning (ms):   Min:  0.0, Avg:  0.2, Max:  0.3, Diff:  0.3, Sum:  1.7, Workers: 8
[171.142s][debug][gc,phases         ] GC(3562)     Scan Heap Roots (ms):     Min:  0.0, Avg:  0.0, Max:  0.0, Diff:  0.0, Sum:  0.0, Workers: 8
[171.142s][debug][gc,phases         ] GC(3562)       Scanned Cards:            Min: 0, Avg:  0.1, Max: 1, Diff: 1, Sum: 1, Workers: 8
[171.142s][debug][gc,phases         ] GC(3562)       Scanned Blocks:           Min: 0, Avg:  0.1, Max: 1, Diff: 1, Sum: 1, Workers: 8
[171.142s][debug][gc,phases         ] GC(3562)       Claimed Chunks:           Min: 0, Avg:  0.1, Max: 1, Diff: 1, Sum: 1, Workers: 8
[171.142s][debug][gc,phases         ] GC(3562)     Code Root Scan (ms):      Min:  0.0, Avg:  0.0, Max:  0.0, Diff:  0.0, Sum:  0.2, Workers: 8
[171.142s][debug][gc,phases         ] GC(3562)     Object Copy (ms):         Min:  0.0, Avg:  0.0, Max:  0.0, Diff:  0.0, Sum:  0.0, Workers: 8
[171.142s][debug][gc,phases         ] GC(3562)     Termination (ms):         Min:  0.0, Avg:  0.1, Max:  0.1, Diff:  0.1, Sum:  0.5, Workers: 8
[171.142s][debug][gc,phases         ] GC(3562)       Termination Attempts:     Min: 1, Avg:  1.0, Max: 1, Diff: 0, Sum: 8, Workers: 8
[171.142s][debug][gc,phases         ] GC(3562)     GC Worker Other (ms):     Min:  0.0, Avg:  0.1, Max:  0.1, Diff:  0.0, Sum:  0.4, Workers: 8
[171.142s][debug][gc,phases         ] GC(3562)     GC Worker Total (ms):     Min:  0.0, Avg:  0.4, Max:  0.4, Diff:  0.4, Sum:  2.9, Workers: 8
[171.142s][info ][gc,phases         ] GC(3562)   Post Evacuate Collection Set: 0.8ms
[171.142s][debug][gc,phases         ] GC(3562)     Code Roots Fixup: 0.0ms
[171.142s][debug][gc,phases         ] GC(3562)     Clear Card Table: 0.2ms
[171.142s][debug][gc,phases         ] GC(3562)     Reference Processing: 0.1ms
[171.142s][debug][gc,phases,ref     ] GC(3562)       Reconsider SoftReferences: 0.0ms
[171.142s][debug][gc,phases,ref     ] GC(3562)         SoftRef (ms):             skipped
[171.142s][debug][gc,phases,ref     ] GC(3562)       Notify Soft/WeakReferences: 0.0ms
[171.142s][debug][gc,phases,ref     ] GC(3562)         SoftRef (ms):             skipped
[171.142s][debug][gc,phases,ref     ] GC(3562)         WeakRef (ms):             skipped
[171.142s][debug][gc,phases,ref     ] GC(3562)         FinalRef (ms):            skipped
[171.142s][debug][gc,phases,ref     ] GC(3562)         Total (ms):               skipped
[171.142s][debug][gc,phases,ref     ] GC(3562)       Notify and keep alive finalizable: 0.0ms
[171.142s][debug][gc,phases,ref     ] GC(3562)         FinalRef (ms):            skipped
[171.142s][debug][gc,phases,ref     ] GC(3562)       Notify PhantomReferences: 0.0ms
[171.142s][debug][gc,phases,ref     ] GC(3562)         PhantomRef (ms):          skipped
[171.142s][debug][gc,phases,ref     ] GC(3562)       SoftReference:
[171.142s][debug][gc,phases,ref     ] GC(3562)         Discovered: 0
[171.142s][debug][gc,phases,ref     ] GC(3562)         Cleared: 0
[171.142s][debug][gc,phases,ref     ] GC(3562)       WeakReference:
[171.142s][debug][gc,phases,ref     ] GC(3562)         Discovered: 0
[171.142s][debug][gc,phases,ref     ] GC(3562)         Cleared: 0
[171.142s][debug][gc,phases,ref     ] GC(3562)       FinalReference:
[171.142s][debug][gc,phases,ref     ] GC(3562)         Discovered: 0
[171.142s][debug][gc,phases,ref     ] GC(3562)         Cleared: 0
[171.142s][debug][gc,phases,ref     ] GC(3562)       PhantomReference:
[171.142s][debug][gc,phases,ref     ] GC(3562)         Discovered: 0
[171.142s][debug][gc,phases,ref     ] GC(3562)         Cleared: 0
[171.142s][debug][gc,phases         ] GC(3562)     Weak Processing: 0.1ms
[171.142s][debug][gc,phases         ] GC(3562)       JVMTI weak processing: 0.0ms
[171.142s][debug][gc,phases         ] GC(3562)         Dead: 0
[171.142s][debug][gc,phases         ] GC(3562)         Total: 0
[171.142s][debug][gc,phases         ] GC(3562)       JFR weak processing: 0.0ms
[171.142s][debug][gc,phases         ] GC(3562)         Dead: 0
[171.142s][debug][gc,phases         ] GC(3562)         Total: 0
[171.142s][debug][gc,phases         ] GC(3562)       JNI weak                  Min:  0.0, Avg:  0.0, Max:  0.0, Diff:  0.0, Sum:  0.0, Workers: 5
[171.142s][debug][gc,phases         ] GC(3562)         Dead                      Min: 0, Avg:  0.0, Max: 0, Diff: 0, Sum: 0, Workers: 5
[171.142s][debug][gc,phases         ] GC(3562)         Total                     Min: 0, Avg: 25.6, Max: 64, Diff: 64, Sum: 128, Workers: 5
[171.142s][debug][gc,phases         ] GC(3562)       VM weak                   Min:  0.0, Avg:  0.0, Max:  0.0, Diff:  0.0, Sum:  0.0, Workers: 5
[171.142s][debug][gc,phases         ] GC(3562)         Dead                      Min: 0, Avg:  0.0, Max: 0, Diff: 0, Sum: 0, Workers: 5
[171.142s][debug][gc,phases         ] GC(3562)         Total                     Min: 0, Avg: 42.4, Max: 128, Diff: 128, Sum: 212, Workers: 5
[171.142s][debug][gc,phases         ] GC(3562)       StringTable weak          Min:  0.0, Avg:  0.0, Max:  0.0, Diff:  0.0, Sum:  0.1, Workers: 5
[171.142s][debug][gc,phases         ] GC(3562)         Dead                      Min: 0, Avg:  0.0, Max: 0, Diff: 0, Sum: 0, Workers: 5
[171.142s][debug][gc,phases         ] GC(3562)         Total                     Min: 0, Avg: 686.2, Max: 1536, Diff: 1536, Sum: 3431, Workers: 5
[171.142s][debug][gc,phases         ] GC(3562)       ResolvedMethodTable weak  Min:  0.0, Avg:  0.0, Max:  0.0, Diff:  0.0, Sum:  0.0, Workers: 5
[171.142s][debug][gc,phases         ] GC(3562)         Dead                      Min: 0, Avg:  0.0, Max: 0, Diff: 0, Sum: 0, Workers: 5
[171.142s][debug][gc,phases         ] GC(3562)         Total                     Min: 0, Avg: 114.6, Max: 189, Diff: 189, Sum: 573, Workers: 5
[171.142s][debug][gc,phases         ] GC(3562)     Merge Per-Thread State: 0.0ms
[171.142s][debug][gc,phases         ] GC(3562)       Copied Bytes              Min: 0, Avg: 400321.0, Max: 800096, Diff: 800096, Sum: 3202568, Workers: 8
[171.142s][debug][gc,phases         ] GC(3562)       LAB Waste                 Min: 0, Avg:  0.0, Max: 0, Diff: 0, Sum: 0, Workers: 8
[171.142s][debug][gc,phases         ] GC(3562)       LAB Undo Waste            Min: 0, Avg:  0.0, Max: 0, Diff: 0, Sum: 0, Workers: 8
[171.142s][debug][gc,phases         ] GC(3562)     Code Roots Purge: 0.0ms
[171.142s][debug][gc,phases         ] GC(3562)     Redirty Cards: 0.0ms
[171.142s][debug][gc,phases         ] GC(3562)     DerivedPointerTable Update: 0.0ms
[171.142s][debug][gc,phases         ] GC(3562)     Free Collection Set: 0.2ms
[171.142s][debug][gc,phases         ] GC(3562)     Rebuild Free List: 0.1ms
[171.142s][debug][gc,phases         ] GC(3562)     Humongous Reclaim: 0.0ms
[171.142s][debug][gc,phases         ] GC(3562)     Start New Collection Set: 0.0ms
[171.142s][debug][gc,phases         ] GC(3562)     Resize TLABs: 0.0ms
[171.142s][debug][gc,phases         ] GC(3562)     Expand Heap After Collection: 0.0ms
[171.142s][info ][gc,phases         ] GC(3562)   Other: 0.4ms
[171.142s][info ][gc,heap           ] GC(3562) Eden regions: 871->0(869)
[171.142s][info ][gc,heap           ] GC(3562) Survivor regions: 2->4(110)
[171.142s][info ][gc,heap           ] GC(3562) Old regions: 17->17
[171.142s][info ][gc,heap           ] GC(3562) Archive regions: 2->2
[171.142s][info ][gc,heap           ] GC(3562) Humongous regions: 0->0
[171.142s][info ][gc,metaspace      ] GC(3562) Metaspace: 10069K(10624K)->10069K(10624K) NonClass: 8921K(9216K)->8921K(9216K) Class: 1148K(1408K)->1148K(1408K)
[171.142s][debug][gc,heap           ] GC(3562) Heap after GC invocations=3563 (full 1): garbage-first heap   total 1490944K, used 21306K [0x0000000700000000, 0x0000000800000000)
[171.142s][debug][gc,heap           ] GC(3562)   region size 1024K, 4 young (4096K), 4 survivors (4096K)
[171.142s][debug][gc,heap           ] GC(3562)  Metaspace       used 10069K, capacity 10368K, committed 10624K, reserved 1058816K
[171.142s][debug][gc,heap           ] GC(3562)   class space    used 1148K, capacity 1266K, committed 1408K, reserved 1048576K
[171.142s][info ][gc                ] GC(3562) Pause Young (Normal) (G1 Evacuation Pause) 889M->20M(1456M) 2.527ms
[171.142s][info ][gc,cpu            ] GC(3562) User=0.00s Sys=0.01s Real=0.00s
[171.143s][info ][safepoint         ] Safepoint "G1CollectForAllocation", Time since last: 43586383 ns, Reaching safepoint: 206390 ns, At safepoint: 2774189 ns, Total: 2980579 ns
[171.191s][debug][gc,heap           ] GC(3563) Heap before GC invocations=3563 (full 1): garbage-first heap   total 1490944K, used 910138K [0x0000000700000000, 0x0000000800000000)
[171.191s][debug][gc,heap           ] GC(3563)   region size 1024K, 873 young (893952K), 4 survivors (4096K)
[171.191s][debug][gc,heap           ] GC(3563)  Metaspace       used 10069K, capacity 10368K, committed 10624K, reserved 1058816K
[171.191s][debug][gc,heap           ] GC(3563)   class space    used 1148K, capacity 1266K, committed 1408K, reserved 1048576K
[171.191s][info ][gc,start          ] GC(3563) Pause Young (Normal) (G1 Evacuation Pause)
[171.191s][info ][gc,task           ] GC(3563) Using 8 workers of 8 for evacuation
[171.191s][debug][gc,tlab           ] GC(3563) TLAB totals: thrds: 8  refills: 16 max: 2 slow allocs: 1726 max 255 waste: 28.4% gc: 1276680B max: 246888B slow: 111560B max: 14304B fast: 0B max: 0B
[171.191s][debug][gc,age            ] GC(3563) Desired survivor size 57671680 bytes, new threshold 15 (max threshold 15)
[171.191s][debug][gc,alloc,region   ] GC(3563) Mutator Allocation stats, regions: 869, wasted size: 203M (23.4%)
[171.192s][debug][gc,ergo           ] GC(3563) Running G1 Merge Heap Roots using 8 workers for 873 regions
[171.192s][debug][gc,remset         ] GC(3563) Visited cards 512 Total dirty 4096 (12.50%) Total old 3614720 (0.01%)
[171.192s][debug][gc,ergo           ] GC(3563) Running G1 Clear Card Table Task using 2 workers for 2 units of work for 875 regions.
[171.193s][debug][gc,ref            ] GC(3563) Skipped phase1 of Reference Processing due to unavailable references
[171.193s][debug][gc,ref            ] GC(3563) Skipped phase2 of Reference Processing due to unavailable references
[171.193s][debug][gc,ref            ] GC(3563) Skipped phase3 of Reference Processing due to unavailable references
[171.193s][debug][gc,ref            ] GC(3563) Skipped phase4 of Reference Processing due to unavailable references
[171.193s][debug][gc,ergo           ] GC(3563) Running G1 Free Collection Set using 8 workers for collection set length 873 (1456)
[171.193s][debug][gc,ergo           ] GC(3563) Running G1 Rebuild Free List Task using 8 workers for rebuilding free list of 0 (4096) regions
[171.193s][trace][gc,age            ] GC(3563) Age table with threshold 15 (max threshold 15)
[171.193s][trace][gc,age            ] GC(3563) - age   1:    4002744 bytes,    4002744 total
[171.193s][debug][gc,plab           ] GC(3563) Young PLAB allocation: allocated: 12384B, wasted: 0B, unused: 9776B, used: 2608B, undo waste: 0B, 
[171.193s][debug][gc,plab           ] GC(3563) Young other allocation: region end waste: 985936B, regions filled: 5, direct allocated: 4000136B, failure used: 0B, failure wasted: 0B
[171.193s][debug][gc,plab           ] GC(3563) Young sizing: calculated: 0B, actual: 2064B
[171.193s][debug][gc,plab           ] GC(3563) Old PLAB allocation: allocated: 0B, wasted: 0B, unused: 0B, used: 0B, undo waste: 0B, 
[171.193s][debug][gc,plab           ] GC(3563) Old other allocation: region end waste: 0B, regions filled: 1, direct allocated: 0B, failure used: 0B, failure wasted: 0B
[171.193s][debug][gc,plab           ] GC(3563) Old sizing: calculated: 0B, actual: 2064B
[171.193s][debug][gc,ihop           ] GC(3563) Basic information (value update), threshold: 687026995B (45.00), target occupancy: 1526726656B, current occupancy: 22868280B, recent allocation size: 0B, recent allocation duration: 49.84ms, recent old gen allocation rate: 0.00B/s, recent marking phase length: 29.01ms
[171.193s][debug][gc,ihop           ] GC(3563) Adaptive IHOP information (value update), threshold: 687026995B (47.37), internal target occupancy: 1450390323B, occupancy: 22868280B, additional buffer size: 915406848B, predicted old gen allocation rate: 12216.92B/s, predicted marking phase length: 58.01ms, prediction active: false
[171.193s][debug][gc,ergo,refine    ] GC(3563) Concurrent refinement times: Logged Cards Scan time goal: 20.00ms Logged Cards Scan time: 0.00ms HCC time: 0.00ms
[171.193s][debug][gc,ergo,refine    ] GC(3563) Updated Refinement Zones: green: 2048, yellow: 6144, red: 10240
[171.193s][info ][gc,phases         ] GC(3563)   Pre Evacuate Collection Set: 0.1ms
[171.193s][debug][gc,phases         ] GC(3563)     Prepare TLABs: 0.0ms
[171.193s][debug][gc,phases         ] GC(3563)     Choose Collection Set: 0.0ms
[171.193s][debug][gc,phases         ] GC(3563)     Region Register: 0.1ms
[171.193s][debug][gc,phases         ] GC(3563)     Prepare Heap Roots: 0.0ms
[171.193s][info ][gc,phases         ] GC(3563)   Merge Heap Roots: 0.2ms
[171.193s][debug][gc,phases         ] GC(3563)     Prepare Merge Heap Roots: 0.0ms
[171.193s][debug][gc,phases         ] GC(3563)     Eager Reclaim (ms):       skipped
[171.193s][debug][gc,phases         ] GC(3563)     Remembered Sets (ms):     Min:  0.0, Avg:  0.1, Max:  0.1, Diff:  0.1, Sum:  0.4, Workers: 8
[171.193s][debug][gc,phases         ] GC(3563)       Merged Sparse:            Min: 0, Avg:  0.0, Max: 0, Diff: 0, Sum: 0, Workers: 8
[171.193s][debug][gc,phases         ] GC(3563)       Merged Fine:              Min: 0, Avg:  0.0, Max: 0, Diff: 0, Sum: 0, Workers: 8
[171.193s][debug][gc,phases         ] GC(3563)       Merged Coarse:            Min: 0, Avg:  0.0, Max: 0, Diff: 0, Sum: 0, Workers: 8
[171.193s][debug][gc,phases         ] GC(3563)       Dirty Cards:              Min: 0, Avg:  0.0, Max: 0, Diff: 0, Sum: 0, Workers: 8
[171.193s][debug][gc,phases         ] GC(3563)     Hot Card Cache (ms):      Min:  0.0, Avg:  0.0, Max:  0.0, Diff:  0.0, Sum:  0.0, Workers: 8
[171.193s][debug][gc,phases         ] GC(3563)       Dirty Cards:              Min: 0, Avg:  0.0, Max: 0, Diff: 0, Sum: 0, Workers: 8
[171.193s][debug][gc,phases         ] GC(3563)       Skipped Cards:            Min: 0, Avg:  0.0, Max: 0, Diff: 0, Sum: 0, Workers: 8
[171.194s][debug][gc,phases         ] GC(3563)     Log Buffers (ms):         Min:  0.0, Avg:  0.0, Max:  0.0, Diff:  0.0, Sum:  0.0, Workers: 8
[171.194s][debug][gc,phases         ] GC(3563)       Dirty Cards:              Min: 0, Avg:  0.2, Max: 1, Diff: 1, Sum: 2, Workers: 8
[171.194s][debug][gc,phases         ] GC(3563)       Skipped Cards:            Min: 0, Avg:  0.0, Max: 0, Diff: 0, Sum: 0, Workers: 8
[171.194s][info ][gc,phases         ] GC(3563)   Evacuate Collection Set: 0.6ms
[171.194s][debug][gc,phases         ] GC(3563)     Ext Root Scanning (ms):   Min:  0.0, Avg:  0.3, Max:  0.4, Diff:  0.4, Sum:  2.2, Workers: 8
[171.194s][debug][gc,phases         ] GC(3563)     Scan Heap Roots (ms):     Min:  0.0, Avg:  0.0, Max:  0.0, Diff:  0.0, Sum:  0.0, Workers: 8
[171.194s][debug][gc,phases         ] GC(3563)       Scanned Cards:            Min: 0, Avg:  0.2, Max: 1, Diff: 1, Sum: 2, Workers: 8
[171.194s][debug][gc,phases         ] GC(3563)       Scanned Blocks:           Min: 0, Avg:  0.2, Max: 1, Diff: 1, Sum: 2, Workers: 8
[171.194s][debug][gc,phases         ] GC(3563)       Claimed Chunks:           Min: 0, Avg:  0.2, Max: 1, Diff: 1, Sum: 2, Workers: 8
[171.194s][debug][gc,phases         ] GC(3563)     Code Root Scan (ms):      Min:  0.0, Avg:  0.0, Max:  0.0, Diff:  0.0, Sum:  0.2, Workers: 8
[171.194s][debug][gc,phases         ] GC(3563)     Object Copy (ms):         Min:  0.0, Avg:  0.0, Max:  0.0, Diff:  0.0, Sum:  0.0, Workers: 8
[171.194s][debug][gc,phases         ] GC(3563)     Termination (ms):         Min:  0.0, Avg:  0.1, Max:  0.1, Diff:  0.1, Sum:  0.4, Workers: 8
[171.194s][debug][gc,phases         ] GC(3563)       Termination Attempts:     Min: 1, Avg:  1.0, Max: 1, Diff: 0, Sum: 8, Workers: 8
[171.194s][debug][gc,phases         ] GC(3563)     GC Worker Other (ms):     Min:  0.0, Avg:  0.1, Max:  0.1, Diff:  0.1, Sum:  0.4, Workers: 8
[171.194s][debug][gc,phases         ] GC(3563)     GC Worker Total (ms):     Min:  0.0, Avg:  0.4, Max:  0.5, Diff:  0.5, Sum:  3.2, Workers: 8
[171.194s][info ][gc,phases         ] GC(3563)   Post Evacuate Collection Set: 0.7ms
[171.194s][debug][gc,phases         ] GC(3563)     Code Roots Fixup: 0.0ms
[171.194s][debug][gc,phases         ] GC(3563)     Clear Card Table: 0.2ms
[171.194s][debug][gc,phases         ] GC(3563)     Reference Processing: 0.0ms
[171.194s][debug][gc,phases,ref     ] GC(3563)       Reconsider SoftReferences: 0.0ms
[171.194s][debug][gc,phases,ref     ] GC(3563)         SoftRef (ms):             skipped
[171.194s][debug][gc,phases,ref     ] GC(3563)       Notify Soft/WeakReferences: 0.0ms
[171.194s][debug][gc,phases,ref     ] GC(3563)         SoftRef (ms):             skipped
[171.194s][debug][gc,phases,ref     ] GC(3563)         WeakRef (ms):             skipped
[171.194s][debug][gc,phases,ref     ] GC(3563)         FinalRef (ms):            skipped
[171.194s][debug][gc,phases,ref     ] GC(3563)         Total (ms):               skipped
[171.194s][debug][gc,phases,ref     ] GC(3563)       Notify and keep alive finalizable: 0.0ms
[171.194s][debug][gc,phases,ref     ] GC(3563)         FinalRef (ms):            skipped
[171.194s][debug][gc,phases,ref     ] GC(3563)       Notify PhantomReferences: 0.0ms
[171.194s][debug][gc,phases,ref     ] GC(3563)         PhantomRef (ms):          skipped
[171.194s][debug][gc,phases,ref     ] GC(3563)       SoftReference:
[171.194s][debug][gc,phases,ref     ] GC(3563)         Discovered: 0
[171.194s][debug][gc,phases,ref     ] GC(3563)         Cleared: 0
[171.194s][debug][gc,phases,ref     ] GC(3563)       WeakReference:
[171.194s][debug][gc,phases,ref     ] GC(3563)         Discovered: 0
[171.194s][debug][gc,phases,ref     ] GC(3563)         Cleared: 0
[171.194s][debug][gc,phases,ref     ] GC(3563)       FinalReference:
[171.194s][debug][gc,phases,ref     ] GC(3563)         Discovered: 0
[171.194s][debug][gc,phases,ref     ] GC(3563)         Cleared: 0
[171.194s][debug][gc,phases,ref     ] GC(3563)       PhantomReference:
[171.194s][debug][gc,phases,ref     ] GC(3563)         Discovered: 0
[171.194s][debug][gc,phases,ref     ] GC(3563)         Cleared: 0
[171.194s][debug][gc,phases         ] GC(3563)     Weak Processing: 0.1ms
[171.194s][debug][gc,phases         ] GC(3563)       JVMTI weak processing: 0.0ms
[171.194s][debug][gc,phases         ] GC(3563)         Dead: 0
[171.194s][debug][gc,phases         ] GC(3563)         Total: 0
[171.194s][debug][gc,phases         ] GC(3563)       JFR weak processing: 0.0ms
[171.194s][debug][gc,phases         ] GC(3563)         Dead: 0
[171.194s][debug][gc,phases         ] GC(3563)         Total: 0
[171.194s][debug][gc,phases         ] GC(3563)       JNI weak                  Min:  0.0, Avg:  0.0, Max:  0.0, Diff:  0.0, Sum:  0.0, Workers: 5
[171.194s][debug][gc,phases         ] GC(3563)         Dead                      Min: 0, Avg:  0.0, Max: 0, Diff: 0, Sum: 0, Workers: 5
[171.194s][debug][gc,phases         ] GC(3563)         Total                     Min: 0, Avg: 25.6, Max: 64, Diff: 64, Sum: 128, Workers: 5
[171.194s][debug][gc,phases         ] GC(3563)       VM weak                   Min:  0.0, Avg:  0.0, Max:  0.0, Diff:  0.0, Sum:  0.0, Workers: 5
[171.194s][debug][gc,phases         ] GC(3563)         Dead                      Min: 0, Avg:  0.0, Max: 0, Diff: 0, Sum: 0, Workers: 5
[171.194s][debug][gc,phases         ] GC(3563)         Total                     Min: 0, Avg: 42.4, Max: 128, Diff: 128, Sum: 212, Workers: 5
[171.194s][debug][gc,phases         ] GC(3563)       StringTable weak          Min:  0.0, Avg:  0.0, Max:  0.0, Diff:  0.0, Sum:  0.1, Workers: 5
[171.194s][debug][gc,phases         ] GC(3563)         Dead                      Min: 0, Avg:  0.0, Max: 0, Diff: 0, Sum: 0, Workers: 5
[171.194s][debug][gc,phases         ] GC(3563)         Total                     Min: 0, Avg: 686.2, Max: 1152, Diff: 1152, Sum: 3431, Workers: 5
[171.194s][debug][gc,phases         ] GC(3563)       ResolvedMethodTable weak  Min:  0.0, Avg:  0.0, Max:  0.0, Diff:  0.0, Sum:  0.0, Workers: 5
[171.194s][debug][gc,phases         ] GC(3563)         Dead                      Min: 0, Avg:  0.0, Max: 0, Diff: 0, Sum: 0, Workers: 5
[171.194s][debug][gc,phases         ] GC(3563)         Total                     Min: 64, Avg: 114.6, Max: 128, Diff: 64, Sum: 573, Workers: 5
[171.194s][debug][gc,phases         ] GC(3563)     Merge Per-Thread State: 0.0ms
[171.194s][debug][gc,phases         ] GC(3563)       Copied Bytes              Min: 0, Avg: 500343.0, Max: 800896, Diff: 800896, Sum: 4002744, Workers: 8
[171.194s][debug][gc,phases         ] GC(3563)       LAB Waste                 Min: 0, Avg:  0.0, Max: 0, Diff: 0, Sum: 0, Workers: 8
[171.194s][debug][gc,phases         ] GC(3563)       LAB Undo Waste            Min: 0, Avg:  0.0, Max: 0, Diff: 0, Sum: 0, Workers: 8
[171.194s][debug][gc,phases         ] GC(3563)     Code Roots Purge: 0.0ms
[171.194s][debug][gc,phases         ] GC(3563)     Redirty Cards: 0.0ms
[171.194s][debug][gc,phases         ] GC(3563)     DerivedPointerTable Update: 0.0ms
[171.194s][debug][gc,phases         ] GC(3563)     Free Collection Set: 0.2ms
[171.194s][debug][gc,phases         ] GC(3563)     Rebuild Free List: 0.1ms
[171.194s][debug][gc,phases         ] GC(3563)     Humongous Reclaim: 0.0ms
[171.194s][debug][gc,phases         ] GC(3563)     Start New Collection Set: 0.0ms
[171.194s][debug][gc,phases         ] GC(3563)     Resize TLABs: 0.0ms
[171.194s][debug][gc,phases         ] GC(3563)     Expand Heap After Collection: 0.0ms
[171.194s][info ][gc,phases         ] GC(3563)   Other: 0.5ms
[171.194s][info ][gc,heap           ] GC(3563) Eden regions: 869->0(868)
[171.194s][info ][gc,heap           ] GC(3563) Survivor regions: 4->5(110)
[171.194s][info ][gc,heap           ] GC(3563) Old regions: 17->17
[171.194s][info ][gc,heap           ] GC(3563) Archive regions: 2->2
[171.194s][info ][gc,heap           ] GC(3563) Humongous regions: 0->0
[171.194s][info ][gc,metaspace      ] GC(3563) Metaspace: 10069K(10624K)->10069K(10624K) NonClass: 8921K(9216K)->8921K(9216K) Class: 1148K(1408K)->1148K(1408K)
[171.194s][debug][gc,heap           ] GC(3563) Heap after GC invocations=3564 (full 1): garbage-first heap   total 1490944K, used 22332K [0x0000000700000000, 0x0000000800000000)
[171.194s][debug][gc,heap           ] GC(3563)   region size 1024K, 5 young (5120K), 5 survivors (5120K)
[171.194s][debug][gc,heap           ] GC(3563)  Metaspace       used 10069K, capacity 10368K, committed 10624K, reserved 1058816K
[171.194s][debug][gc,heap           ] GC(3563)   class space    used 1148K, capacity 1266K, committed 1408K, reserved 1048576K
[171.194s][info ][gc                ] GC(3563) Pause Young (Normal) (G1 Evacuation Pause) 889M->21M(1456M) 3.121ms
[171.194s][info ][gc,cpu            ] GC(3563) User=0.01s Sys=0.00s Real=0.00s
[171.195s][info ][safepoint         ] Safepoint "G1CollectForAllocation", Time since last: 48439755 ns, Reaching safepoint: 234002 ns, At safepoint: 3372002 ns, Total: 3606004 ns
[171.242s][debug][gc,heap           ] GC(3564) Heap before GC invocations=3564 (full 1): garbage-first heap   total 1490944K, used 910140K [0x0000000700000000, 0x0000000800000000)
[171.246s][debug][gc,heap           ] GC(3564)   region size 1024K, 873 young (893952K), 5 survivors (5120K)
[171.246s][debug][gc,heap           ] GC(3564)  Metaspace       used 10069K, capacity 10368K, committed 10624K, reserved 1058816K
[171.246s][debug][gc,heap           ] GC(3564)   class space    used 1148K, capacity 1266K, committed 1408K, reserved 1048576K
[171.246s][info ][gc,start          ] GC(3564) Pause Young (Normal) (G1 Evacuation Pause)
[171.246s][info ][gc,task           ] GC(3564) Using 8 workers of 8 for evacuation
[171.246s][debug][gc,tlab           ] GC(3564) TLAB totals: thrds: 8  refills: 15 max: 2 slow allocs: 1729 max 253 waste: 24.5% gc: 1177456B max: 234656B slow: 84744B max: 14304B fast: 0B max: 0B
[171.246s][debug][gc,age            ] GC(3564) Desired survivor size 57671680 bytes, new threshold 15 (max threshold 15)
[171.246s][debug][gc,alloc,region   ] GC(3564) Mutator Allocation stats, regions: 868, wasted size: 203M (23.4%)
[171.246s][debug][gc,ergo           ] GC(3564) Running G1 Merge Heap Roots using 8 workers for 873 regions
[171.247s][debug][gc,remset         ] GC(3564) Visited cards 256 Total dirty 2048 (12.50%) Total old 3614720 (0.01%)
[171.247s][debug][gc,ergo           ] GC(3564) Running G1 Clear Card Table Task using 2 workers for 2 units of work for 874 regions.
[171.247s][debug][gc,ref            ] GC(3564) Skipped phase1 of Reference Processing due to unavailable references
[171.247s][debug][gc,ref            ] GC(3564) Skipped phase2 of Reference Processing due to unavailable references
[171.247s][debug][gc,ref            ] GC(3564) Skipped phase3 of Reference Processing due to unavailable references
[171.247s][debug][gc,ref            ] GC(3564) Skipped phase4 of Reference Processing due to unavailable references
[171.248s][debug][gc,ergo           ] GC(3564) Running G1 Free Collection Set using 8 workers for collection set length 873 (1456)
[171.248s][debug][gc,ergo           ] GC(3564) Running G1 Rebuild Free List Task using 8 workers for rebuilding free list of 0 (4096) regions
[171.248s][trace][gc,age            ] GC(3564) Age table with threshold 15 (max threshold 15)
[171.248s][trace][gc,age            ] GC(3564) - age   1:    3202560 bytes,    3202560 total
[171.248s][debug][gc,plab           ] GC(3564) Young PLAB allocation: allocated: 16512B, wasted: 0B, unused: 14064B, used: 2448B, undo waste: 0B, 
[171.248s][debug][gc,plab           ] GC(3564) Young other allocation: region end waste: 731192B, regions filled: 4, direct allocated: 3200112B, failure used: 0B, failure wasted: 0B
[171.248s][debug][gc,plab           ] GC(3564) Young sizing: calculated: 0B, actual: 2064B
[171.248s][debug][gc,plab           ] GC(3564) Old PLAB allocation: allocated: 0B, wasted: 0B, unused: 0B, used: 0B, undo waste: 0B, 
[171.248s][debug][gc,plab           ] GC(3564) Old other allocation: region end waste: 0B, regions filled: 1, direct allocated: 0B, failure used: 0B, failure wasted: 0B
[171.248s][debug][gc,plab           ] GC(3564) Old sizing: calculated: 0B, actual: 2064B
[171.248s][debug][gc,ihop           ] GC(3564) Basic information (value update), threshold: 687026995B (45.00), target occupancy: 1526726656B, current occupancy: 21817640B, recent allocation size: 0B, recent allocation duration: 52.96ms, recent old gen allocation rate: 0.00B/s, recent marking phase length: 29.01ms
[171.248s][debug][gc,ihop           ] GC(3564) Adaptive IHOP information (value update), threshold: 687026995B (47.37), internal target occupancy: 1450390323B, occupancy: 21817640B, additional buffer size: 915406848B, predicted old gen allocation rate: 11870.69B/s, predicted marking phase length: 58.01ms, prediction active: false
[171.248s][debug][gc,ergo,refine    ] GC(3564) Concurrent refinement times: Logged Cards Scan time goal: 20.00ms Logged Cards Scan time: 0.01ms HCC time: 0.00ms
[171.248s][debug][gc,ergo,refine    ] GC(3564) Updated Refinement Zones: green: 2048, yellow: 6144, red: 10240
[171.248s][info ][gc,phases         ] GC(3564)   Pre Evacuate Collection Set: 0.2ms
[171.248s][debug][gc,phases         ] GC(3564)     Prepare TLABs: 0.0ms
[171.248s][debug][gc,phases         ] GC(3564)     Choose Collection Set: 0.0ms
[171.248s][debug][gc,phases         ] GC(3564)     Region Register: 0.2ms
[171.248s][debug][gc,phases         ] GC(3564)     Prepare Heap Roots: 0.0ms
[171.248s][info ][gc,phases         ] GC(3564)   Merge Heap Roots: 0.2ms
[171.248s][debug][gc,phases         ] GC(3564)     Prepare Merge Heap Roots: 0.0ms
[171.248s][debug][gc,phases         ] GC(3564)     Eager Reclaim (ms):       skipped
[171.248s][debug][gc,phases         ] GC(3564)     Remembered Sets (ms):     Min:  0.0, Avg:  0.0, Max:  0.1, Diff:  0.0, Sum:  0.3, Workers: 8
[171.248s][debug][gc,phases         ] GC(3564)       Merged Sparse:            Min: 0, Avg:  0.0, Max: 0, Diff: 0, Sum: 0, Workers: 8
[171.248s][debug][gc,phases         ] GC(3564)       Merged Fine:              Min: 0, Avg:  0.0, Max: 0, Diff: 0, Sum: 0, Workers: 8
[171.248s][debug][gc,phases         ] GC(3564)       Merged Coarse:            Min: 0, Avg:  0.0, Max: 0, Diff: 0, Sum: 0, Workers: 8
[171.248s][debug][gc,phases         ] GC(3564)       Dirty Cards:              Min: 0, Avg:  0.0, Max: 0, Diff: 0, Sum: 0, Workers: 8
[171.248s][debug][gc,phases         ] GC(3564)     Hot Card Cache (ms):      Min:  0.0, Avg:  0.0, Max:  0.0, Diff:  0.0, Sum:  0.0, Workers: 8
[171.248s][debug][gc,phases         ] GC(3564)       Dirty Cards:              Min: 0, Avg:  0.0, Max: 0, Diff: 0, Sum: 0, Workers: 8
[171.248s][debug][gc,phases         ] GC(3564)       Skipped Cards:            Min: 0, Avg:  0.0, Max: 0, Diff: 0, Sum: 0, Workers: 8
[171.248s][debug][gc,phases         ] GC(3564)     Log Buffers (ms):         Min:  0.0, Avg:  0.0, Max:  0.0, Diff:  0.0, Sum:  0.0, Workers: 8
[171.248s][debug][gc,phases         ] GC(3564)       Dirty Cards:              Min: 0, Avg:  0.1, Max: 1, Diff: 1, Sum: 1, Workers: 8
[171.248s][debug][gc,phases         ] GC(3564)       Skipped Cards:            Min: 0, Avg:  0.0, Max: 0, Diff: 0, Sum: 0, Workers: 8
[171.248s][info ][gc,phases         ] GC(3564)   Evacuate Collection Set: 0.5ms
[171.248s][debug][gc,phases         ] GC(3564)     Ext Root Scanning (ms):   Min:  0.1, Avg:  0.2, Max:  0.3, Diff:  0.2, Sum:  1.9, Workers: 8
[171.248s][debug][gc,phases         ] GC(3564)     Scan Heap Roots (ms):     Min:  0.0, Avg:  0.0, Max:  0.0, Diff:  0.0, Sum:  0.0, Workers: 8
[171.248s][debug][gc,phases         ] GC(3564)       Scanned Cards:            Min: 0, Avg:  0.1, Max: 1, Diff: 1, Sum: 1, Workers: 8
[171.248s][debug][gc,phases         ] GC(3564)       Scanned Blocks:           Min: 0, Avg:  0.1, Max: 1, Diff: 1, Sum: 1, Workers: 8
[171.248s][debug][gc,phases         ] GC(3564)       Claimed Chunks:           Min: 0, Avg:  0.1, Max: 1, Diff: 1, Sum: 1, Workers: 8
[171.248s][debug][gc,phases         ] GC(3564)     Code Root Scan (ms):      Min:  0.0, Avg:  0.0, Max:  0.1, Diff:  0.1, Sum:  0.2, Workers: 8
[171.248s][debug][gc,phases         ] GC(3564)     Object Copy (ms):         Min:  0.0, Avg:  0.0, Max:  0.0, Diff:  0.0, Sum:  0.0, Workers: 8
[171.248s][debug][gc,phases         ] GC(3564)     Termination (ms):         Min:  0.1, Avg:  0.1, Max:  0.1, Diff:  0.0, Sum:  0.6, Workers: 8
[171.248s][debug][gc,phases         ] GC(3564)       Termination Attempts:     Min: 1, Avg:  1.0, Max: 1, Diff: 0, Sum: 8, Workers: 8
[171.248s][debug][gc,phases         ] GC(3564)     GC Worker Other (ms):     Min:  0.0, Avg:  0.1, Max:  0.1, Diff:  0.1, Sum:  0.6, Workers: 8
[171.248s][debug][gc,phases         ] GC(3564)     GC Worker Total (ms):     Min:  0.4, Avg:  0.4, Max:  0.5, Diff:  0.0, Sum:  3.4, Workers: 8
[171.248s][info ][gc,phases         ] GC(3564)   Post Evacuate Collection Set: 0.7ms
[171.248s][debug][gc,phases         ] GC(3564)     Code Roots Fixup: 0.0ms
[171.248s][debug][gc,phases         ] GC(3564)     Clear Card Table: 0.2ms
[171.248s][debug][gc,phases         ] GC(3564)     Reference Processing: 0.0ms
[171.248s][debug][gc,phases,ref     ] GC(3564)       Reconsider SoftReferences: 0.0ms
[171.248s][debug][gc,phases,ref     ] GC(3564)         SoftRef (ms):             skipped
[171.248s][debug][gc,phases,ref     ] GC(3564)       Notify Soft/WeakReferences: 0.0ms
[171.248s][debug][gc,phases,ref     ] GC(3564)         SoftRef (ms):             skipped
[171.248s][debug][gc,phases,ref     ] GC(3564)         WeakRef (ms):             skipped
[171.248s][debug][gc,phases,ref     ] GC(3564)         FinalRef (ms):            skipped
[171.248s][debug][gc,phases,ref     ] GC(3564)         Total (ms):               skipped
[171.248s][debug][gc,phases,ref     ] GC(3564)       Notify and keep alive finalizable: 0.0ms
[171.248s][debug][gc,phases,ref     ] GC(3564)         FinalRef (ms):            skipped
[171.248s][debug][gc,phases,ref     ] GC(3564)       Notify PhantomReferences: 0.0ms
[171.248s][debug][gc,phases,ref     ] GC(3564)         PhantomRef (ms):          skipped
[171.248s][debug][gc,phases,ref     ] GC(3564)       SoftReference:
[171.248s][debug][gc,phases,ref     ] GC(3564)         Discovered: 0
[171.248s][debug][gc,phases,ref     ] GC(3564)         Cleared: 0
[171.248s][debug][gc,phases,ref     ] GC(3564)       WeakReference:
[171.248s][debug][gc,phases,ref     ] GC(3564)         Discovered: 0
[171.248s][debug][gc,phases,ref     ] GC(3564)         Cleared: 0
[171.248s][debug][gc,phases,ref     ] GC(3564)       FinalReference:
[171.248s][debug][gc,phases,ref     ] GC(3564)         Discovered: 0
[171.248s][debug][gc,phases,ref     ] GC(3564)         Cleared: 0
[171.248s][debug][gc,phases,ref     ] GC(3564)       PhantomReference:
[171.248s][debug][gc,phases,ref     ] GC(3564)         Discovered: 0
[171.248s][debug][gc,phases,ref     ] GC(3564)         Cleared: 0
[171.248s][debug][gc,phases         ] GC(3564)     Weak Processing: 0.1ms
[171.248s][debug][gc,phases         ] GC(3564)       JVMTI weak processing: 0.0ms
[171.248s][debug][gc,phases         ] GC(3564)         Dead: 0
[171.248s][debug][gc,phases         ] GC(3564)         Total: 0
[171.248s][debug][gc,phases         ] GC(3564)       JFR weak processing: 0.0ms
[171.248s][debug][gc,phases         ] GC(3564)         Dead: 0
[171.248s][debug][gc,phases         ] GC(3564)         Total: 0
[171.248s][debug][gc,phases         ] GC(3564)       JNI weak                  Min:  0.0, Avg:  0.0, Max:  0.0, Diff:  0.0, Sum:  0.0, Workers: 5
[171.248s][debug][gc,phases         ] GC(3564)         Dead                      Min: 0, Avg:  0.0, Max: 0, Diff: 0, Sum: 0, Workers: 5
[171.249s][debug][gc,phases         ] GC(3564)         Total                     Min: 0, Avg: 25.6, Max: 64, Diff: 64, Sum: 128, Workers: 5
[171.249s][debug][gc,phases         ] GC(3564)       VM weak                   Min:  0.0, Avg:  0.0, Max:  0.0, Diff:  0.0, Sum:  0.0, Workers: 5
[171.249s][debug][gc,phases         ] GC(3564)         Dead                      Min: 0, Avg:  0.0, Max: 0, Diff: 0, Sum: 0, Workers: 5
[171.249s][debug][gc,phases         ] GC(3564)         Total                     Min: 0, Avg: 42.4, Max: 128, Diff: 128, Sum: 212, Workers: 5
[171.249s][debug][gc,phases         ] GC(3564)       StringTable weak          Min:  0.0, Avg:  0.0, Max:  0.0, Diff:  0.0, Sum:  0.1, Workers: 5
[171.249s][debug][gc,phases         ] GC(3564)         Dead                      Min: 0, Avg:  0.0, Max: 0, Diff: 0, Sum: 0, Workers: 5
[171.249s][debug][gc,phases         ] GC(3564)         Total                     Min: 0, Avg: 686.2, Max: 1536, Diff: 1536, Sum: 3431, Workers: 5
[171.249s][debug][gc,phases         ] GC(3564)       ResolvedMethodTable weak  Min:  0.0, Avg:  0.0, Max:  0.0, Diff:  0.0, Sum:  0.0, Workers: 5
[171.249s][debug][gc,phases         ] GC(3564)         Dead                      Min: 0, Avg:  0.0, Max: 0, Diff: 0, Sum: 0, Workers: 5
[171.249s][debug][gc,phases         ] GC(3564)         Total                     Min: 0, Avg: 114.6, Max: 192, Diff: 192, Sum: 573, Workers: 5
[171.249s][debug][gc,phases         ] GC(3564)     Merge Per-Thread State: 0.0ms
[171.249s][debug][gc,phases         ] GC(3564)       Copied Bytes              Min: 136, Avg: 400320.0, Max: 800096, Diff: 799960, Sum: 3202560, Workers: 8
[171.249s][debug][gc,phases         ] GC(3564)       LAB Waste                 Min: 0, Avg:  0.0, Max: 0, Diff: 0, Sum: 0, Workers: 8
[171.249s][debug][gc,phases         ] GC(3564)       LAB Undo Waste            Min: 0, Avg:  0.0, Max: 0, Diff: 0, Sum: 0, Workers: 8
[171.249s][debug][gc,phases         ] GC(3564)     Code Roots Purge: 0.0ms
[171.249s][debug][gc,phases         ] GC(3564)     Redirty Cards: 0.0ms
[171.249s][debug][gc,phases         ] GC(3564)     DerivedPointerTable Update: 0.0ms
[171.249s][debug][gc,phases         ] GC(3564)     Free Collection Set: 0.2ms
[171.249s][debug][gc,phases         ] GC(3564)     Rebuild Free List: 0.1ms
[171.249s][debug][gc,phases         ] GC(3564)     Humongous Reclaim: 0.0ms
[171.249s][debug][gc,phases         ] GC(3564)     Start New Collection Set: 0.0ms
[171.249s][debug][gc,phases         ] GC(3564)     Resize TLABs: 0.0ms
[171.249s][debug][gc,phases         ] GC(3564)     Expand Heap After Collection: 0.0ms
[171.249s][info ][gc,phases         ] GC(3564)   Other: 4.6ms
[171.249s][info ][gc,heap           ] GC(3564) Eden regions: 868->0(869)
[171.249s][info ][gc,heap           ] GC(3564) Survivor regions: 5->4(110)
[171.249s][info ][gc,heap           ] GC(3564) Old regions: 17->17
[171.249s][info ][gc,heap           ] GC(3564) Archive regions: 2->2
[171.249s][info ][gc,heap           ] GC(3564) Humongous regions: 0->0
[171.249s][info ][gc,metaspace      ] GC(3564) Metaspace: 10069K(10624K)->10069K(10624K) NonClass: 8921K(9216K)->8921K(9216K) Class: 1148K(1408K)->1148K(1408K)
[171.249s][debug][gc,heap           ] GC(3564) Heap after GC invocations=3565 (full 1): garbage-first heap   total 1490944K, used 21306K [0x0000000700000000, 0x0000000800000000)
[171.249s][debug][gc,heap           ] GC(3564)   region size 1024K, 4 young (4096K), 4 survivors (4096K)
[171.249s][debug][gc,heap           ] GC(3564)  Metaspace       used 10069K, capacity 10368K, committed 10624K, reserved 1058816K
[171.249s][debug][gc,heap           ] GC(3564)   class space    used 1148K, capacity 1266K, committed 1408K, reserved 1048576K
[171.249s][info ][gc                ] GC(3564) Pause Young (Normal) (G1 Evacuation Pause) 889M->20M(1456M) 2.682ms
[171.249s][info ][gc,cpu            ] GC(3564) User=0.00s Sys=0.00s Real=0.01s
[171.249s][info ][safepoint         ] Safepoint "G1CollectForAllocation", Time since last: 47029955 ns, Reaching safepoint: 172394 ns, At safepoint: 7092285 ns, Total: 7264679 ns
[171.292s][debug][gc,heap           ] GC(3565) Heap before GC invocations=3565 (full 1): garbage-first heap   total 1490944K, used 910138K [0x0000000700000000, 0x0000000800000000)
[171.292s][debug][gc,heap           ] GC(3565)   region size 1024K, 873 young (893952K), 4 survivors (4096K)
[171.292s][debug][gc,heap           ] GC(3565)  Metaspace       used 10069K, capacity 10368K, committed 10624K, reserved 1058816K
[171.292s][debug][gc,heap           ] GC(3565)   class space    used 1148K, capacity 1266K, committed 1408K, reserved 1048576K
[171.292s][info ][gc,start          ] GC(3565) Pause Young (Normal) (G1 Evacuation Pause)
[171.292s][info ][gc,task           ] GC(3565) Using 8 workers of 8 for evacuation
[171.292s][debug][gc,tlab           ] GC(3565) TLAB totals: thrds: 8  refills: 13 max: 3 slow allocs: 1729 max 245 waste: 35.5% gc: 1207720B max: 232992B slow: 56760B max: 15488B fast: 0B max: 0B
[171.292s][debug][gc,age            ] GC(3565) Desired survivor size 57671680 bytes, new threshold 15 (max threshold 15)
[171.292s][debug][gc,alloc,region   ] GC(3565) Mutator Allocation stats, regions: 869, wasted size: 203M (23.4%)
[171.292s][debug][gc,ergo           ] GC(3565) Running G1 Merge Heap Roots using 8 workers for 873 regions
[171.292s][debug][gc,remset         ] GC(3565) Visited cards 512 Total dirty 4096 (12.50%) Total old 3614720 (0.01%)
[171.293s][debug][gc,ergo           ] GC(3565) Running G1 Clear Card Table Task using 2 workers for 2 units of work for 875 regions.
[171.293s][debug][gc,ref            ] GC(3565) Skipped phase1 of Reference Processing due to unavailable references
[171.293s][debug][gc,ref            ] GC(3565) Skipped phase2 of Reference Processing due to unavailable references
[171.293s][debug][gc,ref            ] GC(3565) Skipped phase3 of Reference Processing due to unavailable references
[171.293s][debug][gc,ref            ] GC(3565) Skipped phase4 of Reference Processing due to unavailable references
[171.293s][debug][gc,ergo           ] GC(3565) Running G1 Free Collection Set using 8 workers for collection set length 873 (1456)
[171.293s][debug][gc,ergo           ] GC(3565) Running G1 Rebuild Free List Task using 8 workers for rebuilding free list of 0 (4096) regions
[171.294s][trace][gc,age            ] GC(3565) Age table with threshold 15 (max threshold 15)
[171.294s][trace][gc,age            ] GC(3565) - age   1:    4002592 bytes,    4002592 total
[171.294s][debug][gc,plab           ] GC(3565) Young PLAB allocation: allocated: 16512B, wasted: 0B, unused: 14064B, used: 2448B, undo waste: 0B, 
[171.294s][debug][gc,plab           ] GC(3565) Young other allocation: region end waste: 981792B, regions filled: 5, direct allocated: 4000144B, failure used: 0B, failure wasted: 0B
[171.294s][debug][gc,plab           ] GC(3565) Young sizing: calculated: 0B, actual: 2064B
[171.294s][debug][gc,plab           ] GC(3565) Old PLAB allocation: allocated: 0B, wasted: 0B, unused: 0B, used: 0B, undo waste: 0B, 
[171.294s][debug][gc,plab           ] GC(3565) Old other allocation: region end waste: 0B, regions filled: 1, direct allocated: 0B, failure used: 0B, failure wasted: 0B
[171.294s][debug][gc,plab           ] GC(3565) Old sizing: calculated: 0B, actual: 2064B
[171.294s][debug][gc,ihop           ] GC(3565) Basic information (value update), threshold: 687026995B (45.00), target occupancy: 1526726656B, current occupancy: 22868272B, recent allocation size: 0B, recent allocation duration: 44.03ms, recent old gen allocation rate: 0.00B/s, recent marking phase length: 29.01ms
[171.294s][debug][gc,ihop           ] GC(3565) Adaptive IHOP information (value update), threshold: 687026995B (47.37), internal target occupancy: 1450390323B, occupancy: 22868272B, additional buffer size: 915406848B, predicted old gen allocation rate: 11535.03B/s, predicted marking phase length: 58.01ms, prediction active: false
[171.294s][debug][gc,ergo,refine    ] GC(3565) Concurrent refinement times: Logged Cards Scan time goal: 20.00ms Logged Cards Scan time: 0.00ms HCC time: 0.00ms
[171.294s][debug][gc,ergo,refine    ] GC(3565) Updated Refinement Zones: green: 2048, yellow: 6144, red: 10240
[171.294s][info ][gc,phases         ] GC(3565)   Pre Evacuate Collection Set: 0.1ms
[171.294s][debug][gc,phases         ] GC(3565)     Prepare TLABs: 0.0ms
[171.294s][debug][gc,phases         ] GC(3565)     Choose Collection Set: 0.0ms
[171.294s][debug][gc,phases         ] GC(3565)     Region Register: 0.1ms
[171.294s][debug][gc,phases         ] GC(3565)     Prepare Heap Roots: 0.0ms
[171.294s][info ][gc,phases         ] GC(3565)   Merge Heap Roots: 0.2ms
[171.294s][debug][gc,phases         ] GC(3565)     Prepare Merge Heap Roots: 0.0ms
[171.294s][debug][gc,phases         ] GC(3565)     Eager Reclaim (ms):       skipped
[171.294s][debug][gc,phases         ] GC(3565)     Remembered Sets (ms):     Min:  0.0, Avg:  0.0, Max:  0.1, Diff:  0.0, Sum:  0.3, Workers: 8
[171.294s][debug][gc,phases         ] GC(3565)       Merged Sparse:            Min: 0, Avg:  0.0, Max: 0, Diff: 0, Sum: 0, Workers: 8
[171.294s][debug][gc,phases         ] GC(3565)       Merged Fine:              Min: 0, Avg:  0.0, Max: 0, Diff: 0, Sum: 0, Workers: 8
[171.294s][debug][gc,phases         ] GC(3565)       Merged Coarse:            Min: 0, Avg:  0.0, Max: 0, Diff: 0, Sum: 0, Workers: 8
[171.294s][debug][gc,phases         ] GC(3565)       Dirty Cards:              Min: 0, Avg:  0.0, Max: 0, Diff: 0, Sum: 0, Workers: 8
[171.294s][debug][gc,phases         ] GC(3565)     Hot Card Cache (ms):      Min:  0.0, Avg:  0.0, Max:  0.0, Diff:  0.0, Sum:  0.0, Workers: 8
[171.294s][debug][gc,phases         ] GC(3565)       Dirty Cards:              Min: 0, Avg:  0.0, Max: 0, Diff: 0, Sum: 0, Workers: 8
[171.294s][debug][gc,phases         ] GC(3565)       Skipped Cards:            Min: 0, Avg:  0.0, Max: 0, Diff: 0, Sum: 0, Workers: 8
[171.294s][debug][gc,phases         ] GC(3565)     Log Buffers (ms):         Min:  0.0, Avg:  0.0, Max:  0.0, Diff:  0.0, Sum:  0.0, Workers: 8
[171.294s][debug][gc,phases         ] GC(3565)       Dirty Cards:              Min: 0, Avg:  0.2, Max: 2, Diff: 2, Sum: 2, Workers: 8
[171.294s][debug][gc,phases         ] GC(3565)       Skipped Cards:            Min: 0, Avg:  0.0, Max: 0, Diff: 0, Sum: 0, Workers: 8
[171.294s][info ][gc,phases         ] GC(3565)   Evacuate Collection Set: 0.5ms
[171.294s][debug][gc,phases         ] GC(3565)     Ext Root Scanning (ms):   Min:  0.3, Avg:  0.3, Max:  0.4, Diff:  0.1, Sum:  2.4, Workers: 8
[171.294s][debug][gc,phases         ] GC(3565)     Scan Heap Roots (ms):     Min:  0.0, Avg:  0.0, Max:  0.0, Diff:  0.0, Sum:  0.0, Workers: 8
[171.294s][debug][gc,phases         ] GC(3565)       Scanned Cards:            Min: 0, Avg:  0.2, Max: 1, Diff: 1, Sum: 2, Workers: 8
[171.294s][debug][gc,phases         ] GC(3565)       Scanned Blocks:           Min: 0, Avg:  0.2, Max: 1, Diff: 1, Sum: 2, Workers: 8
[171.294s][debug][gc,phases         ] GC(3565)       Claimed Chunks:           Min: 0, Avg:  0.2, Max: 1, Diff: 1, Sum: 2, Workers: 8
[171.294s][debug][gc,phases         ] GC(3565)     Code Root Scan (ms):      Min:  0.0, Avg:  0.0, Max:  0.0, Diff:  0.0, Sum:  0.2, Workers: 8
[171.294s][debug][gc,phases         ] GC(3565)     Object Copy (ms):         Min:  0.0, Avg:  0.0, Max:  0.0, Diff:  0.0, Sum:  0.0, Workers: 8
[171.294s][debug][gc,phases         ] GC(3565)     Termination (ms):         Min:  0.1, Avg:  0.1, Max:  0.1, Diff:  0.0, Sum:  0.5, Workers: 8
[171.294s][debug][gc,phases         ] GC(3565)       Termination Attempts:     Min: 1, Avg:  1.0, Max: 1, Diff: 0, Sum: 8, Workers: 8
[171.294s][debug][gc,phases         ] GC(3565)     GC Worker Other (ms):     Min:  0.0, Avg:  0.1, Max:  0.1, Diff:  0.1, Sum:  0.5, Workers: 8
[171.294s][debug][gc,phases         ] GC(3565)     GC Worker Total (ms):     Min:  0.4, Avg:  0.5, Max:  0.5, Diff:  0.0, Sum:  3.7, Workers: 8
[171.294s][info ][gc,phases         ] GC(3565)   Post Evacuate Collection Set: 0.6ms
[171.294s][debug][gc,phases         ] GC(3565)     Code Roots Fixup: 0.0ms
[171.294s][debug][gc,phases         ] GC(3565)     Clear Card Table: 0.2ms
[171.294s][debug][gc,phases         ] GC(3565)     Reference Processing: 0.0ms
[171.294s][debug][gc,phases,ref     ] GC(3565)       Reconsider SoftReferences: 0.0ms
[171.294s][debug][gc,phases,ref     ] GC(3565)         SoftRef (ms):             skipped
[171.294s][debug][gc,phases,ref     ] GC(3565)       Notify Soft/WeakReferences: 0.0ms
[171.294s][debug][gc,phases,ref     ] GC(3565)         SoftRef (ms):             skipped
[171.294s][debug][gc,phases,ref     ] GC(3565)         WeakRef (ms):             skipped
[171.294s][debug][gc,phases,ref     ] GC(3565)         FinalRef (ms):            skipped
[171.294s][debug][gc,phases,ref     ] GC(3565)         Total (ms):               skipped
[171.294s][debug][gc,phases,ref     ] GC(3565)       Notify and keep alive finalizable: 0.0ms
[171.294s][debug][gc,phases,ref     ] GC(3565)         FinalRef (ms):            skipped
[171.294s][debug][gc,phases,ref     ] GC(3565)       Notify PhantomReferences: 0.0ms
[171.294s][debug][gc,phases,ref     ] GC(3565)         PhantomRef (ms):          skipped
[171.294s][debug][gc,phases,ref     ] GC(3565)       SoftReference:
[171.294s][debug][gc,phases,ref     ] GC(3565)         Discovered: 0
[171.294s][debug][gc,phases,ref     ] GC(3565)         Cleared: 0
[171.294s][debug][gc,phases,ref     ] GC(3565)       WeakReference:
[171.294s][debug][gc,phases,ref     ] GC(3565)         Discovered: 0
[171.294s][debug][gc,phases,ref     ] GC(3565)         Cleared: 0
[171.294s][debug][gc,phases,ref     ] GC(3565)       FinalReference:
[171.294s][debug][gc,phases,ref     ] GC(3565)         Discovered: 0
[171.294s][debug][gc,phases,ref     ] GC(3565)         Cleared: 0
[171.294s][debug][gc,phases,ref     ] GC(3565)       PhantomReference:
[171.294s][debug][gc,phases,ref     ] GC(3565)         Discovered: 0
[171.294s][debug][gc,phases,ref     ] GC(3565)         Cleared: 0
[171.294s][debug][gc,phases         ] GC(3565)     Weak Processing: 0.1ms
[171.294s][debug][gc,phases         ] GC(3565)       JVMTI weak processing: 0.0ms
[171.294s][debug][gc,phases         ] GC(3565)         Dead: 0
[171.294s][debug][gc,phases         ] GC(3565)         Total: 0
[171.294s][debug][gc,phases         ] GC(3565)       JFR weak processing: 0.0ms
[171.294s][debug][gc,phases         ] GC(3565)         Dead: 0
[171.294s][debug][gc,phases         ] GC(3565)         Total: 0
[171.294s][debug][gc,phases         ] GC(3565)       JNI weak                  Min:  0.0, Avg:  0.0, Max:  0.0, Diff:  0.0, Sum:  0.0, Workers: 5
[171.294s][debug][gc,phases         ] GC(3565)         Dead                      Min: 0, Avg:  0.0, Max: 0, Diff: 0, Sum: 0, Workers: 5
[171.294s][debug][gc,phases         ] GC(3565)         Total                     Min: 0, Avg: 25.6, Max: 64, Diff: 64, Sum: 128, Workers: 5
[171.294s][debug][gc,phases         ] GC(3565)       VM weak                   Min:  0.0, Avg:  0.0, Max:  0.0, Diff:  0.0, Sum:  0.0, Workers: 5
[171.294s][debug][gc,phases         ] GC(3565)         Dead                      Min: 0, Avg:  0.0, Max: 0, Diff: 0, Sum: 0, Workers: 5
[171.294s][debug][gc,phases         ] GC(3565)         Total                     Min: 0, Avg: 42.4, Max: 84, Diff: 84, Sum: 212, Workers: 5
[171.294s][debug][gc,phases         ] GC(3565)       StringTable weak          Min:  0.0, Avg:  0.0, Max:  0.0, Diff:  0.0, Sum:  0.1, Workers: 5
[171.294s][debug][gc,phases         ] GC(3565)         Dead                      Min: 0, Avg:  0.0, Max: 0, Diff: 0, Sum: 0, Workers: 5
[171.294s][debug][gc,phases         ] GC(3565)         Total                     Min: 0, Avg: 686.2, Max: 1408, Diff: 1408, Sum: 3431, Workers: 5
[171.294s][debug][gc,phases         ] GC(3565)       ResolvedMethodTable weak  Min:  0.0, Avg:  0.0, Max:  0.0, Diff:  0.0, Sum:  0.0, Workers: 5
[171.294s][debug][gc,phases         ] GC(3565)         Dead                      Min: 0, Avg:  0.0, Max: 0, Diff: 0, Sum: 0, Workers: 5
[171.294s][debug][gc,phases         ] GC(3565)         Total                     Min: 0, Avg: 114.6, Max: 192, Diff: 192, Sum: 573, Workers: 5
[171.294s][debug][gc,phases         ] GC(3565)     Merge Per-Thread State: 0.0ms
[171.294s][debug][gc,phases         ] GC(3565)       Copied Bytes              Min: 400088, Avg: 500324.0, Max: 800096, Diff: 400008, Sum: 4002592, Workers: 8
[171.294s][debug][gc,phases         ] GC(3565)       LAB Waste                 Min: 0, Avg:  0.0, Max: 0, Diff: 0, Sum: 0, Workers: 8
[171.294s][debug][gc,phases         ] GC(3565)       LAB Undo Waste            Min: 0, Avg:  0.0, Max: 0, Diff: 0, Sum: 0, Workers: 8
[171.294s][debug][gc,phases         ] GC(3565)     Code Roots Purge: 0.0ms
[171.294s][debug][gc,phases         ] GC(3565)     Redirty Cards: 0.0ms
[171.294s][debug][gc,phases         ] GC(3565)     DerivedPointerTable Update: 0.0ms
[171.294s][debug][gc,phases         ] GC(3565)     Free Collection Set: 0.2ms
[171.294s][debug][gc,phases         ] GC(3565)     Rebuild Free List: 0.1ms
[171.294s][debug][gc,phases         ] GC(3565)     Humongous Reclaim: 0.0ms
[171.294s][debug][gc,phases         ] GC(3565)     Start New Collection Set: 0.0ms
[171.294s][debug][gc,phases         ] GC(3565)     Resize TLABs: 0.0ms
[171.294s][debug][gc,phases         ] GC(3565)     Expand Heap After Collection: 0.0ms
[171.294s][info ][gc,phases         ] GC(3565)   Other: 0.3ms
[171.294s][info ][gc,heap           ] GC(3565) Eden regions: 869->0(868)
[171.294s][info ][gc,heap           ] GC(3565) Survivor regions: 4->5(110)
[171.294s][info ][gc,heap           ] GC(3565) Old regions: 17->17
[171.294s][info ][gc,heap           ] GC(3565) Archive regions: 2->2
[171.294s][info ][gc,heap           ] GC(3565) Humongous regions: 0->0
[171.294s][info ][gc,metaspace      ] GC(3565) Metaspace: 10069K(10624K)->10069K(10624K) NonClass: 8921K(9216K)->8921K(9216K) Class: 1148K(1408K)->1148K(1408K)
[171.294s][debug][gc,heap           ] GC(3565) Heap after GC invocations=3566 (full 1): garbage-first heap   total 1490944K, used 22332K [0x0000000700000000, 0x0000000800000000)
[171.294s][debug][gc,heap           ] GC(3565)   region size 1024K, 5 young (5120K), 5 survivors (5120K)
[171.294s][debug][gc,heap           ] GC(3565)  Metaspace       used 10069K, capacity 10368K, committed 10624K, reserved 1058816K
[171.294s][debug][gc,heap           ] GC(3565)   class space    used 1148K, capacity 1266K, committed 1408K, reserved 1048576K
[171.294s][info ][gc                ] GC(3565) Pause Young (Normal) (G1 Evacuation Pause) 889M->21M(1456M) 2.432ms
[171.294s][info ][gc,cpu            ] GC(3565) User=0.00s Sys=0.00s Real=0.00s
[171.294s][info ][safepoint         ] Safepoint "G1CollectForAllocation", Time since last: 42733246 ns, Reaching safepoint: 200707 ns, At safepoint: 2640618 ns, Total: 2841325 ns
[171.338s][debug][gc,heap           ] GC(3566) Heap before GC invocations=3566 (full 1): garbage-first heap   total 1490944K, used 910140K [0x0000000700000000, 0x0000000800000000)
[171.338s][debug][gc,heap           ] GC(3566)   region size 1024K, 873 young (893952K), 5 survivors (5120K)
[171.338s][debug][gc,heap           ] GC(3566)  Metaspace       used 10069K, capacity 10368K, committed 10624K, reserved 1058816K
[171.338s][debug][gc,heap           ] GC(3566)   class space    used 1148K, capacity 1266K, committed 1408K, reserved 1048576K
[171.338s][info ][gc,start          ] GC(3566) Pause Young (Normal) (G1 Evacuation Pause)
[171.338s][info ][gc,task           ] GC(3566) Using 8 workers of 8 for evacuation
[171.338s][debug][gc,tlab           ] GC(3566) TLAB totals: thrds: 8  refills: 18 max: 3 slow allocs: 1727 max 240 waste: 24.6% gc: 1182928B max: 225808B slow: 88128B max: 15488B fast: 0B max: 0B
[171.338s][debug][gc,age            ] GC(3566) Desired survivor size 57671680 bytes, new threshold 15 (max threshold 15)
[171.338s][debug][gc,alloc,region   ] GC(3566) Mutator Allocation stats, regions: 868, wasted size: 203M (23.4%)
[171.338s][debug][gc,ergo           ] GC(3566) Running G1 Merge Heap Roots using 8 workers for 873 regions
[171.338s][debug][gc,remset         ] GC(3566) Visited cards 256 Total dirty 2048 (12.50%) Total old 3614720 (0.01%)
[171.339s][debug][gc,ergo           ] GC(3566) Running G1 Clear Card Table Task using 2 workers for 2 units of work for 874 regions.
[171.339s][debug][gc,ref            ] GC(3566) Skipped phase1 of Reference Processing due to unavailable references
[171.339s][debug][gc,ref            ] GC(3566) Skipped phase2 of Reference Processing due to unavailable references
[171.339s][debug][gc,ref            ] GC(3566) Skipped phase3 of Reference Processing due to unavailable references
[171.339s][debug][gc,ref            ] GC(3566) Skipped phase4 of Reference Processing due to unavailable references
[171.339s][debug][gc,ergo           ] GC(3566) Running G1 Free Collection Set using 8 workers for collection set length 873 (1456)
[171.339s][debug][gc,ergo           ] GC(3566) Running G1 Rebuild Free List Task using 8 workers for rebuilding free list of 0 (4096) regions
[171.339s][trace][gc,age            ] GC(3566) Age table with threshold 15 (max threshold 15)
[171.339s][trace][gc,age            ] GC(3566) - age   1:    3202568 bytes,    3202568 total
[171.339s][debug][gc,plab           ] GC(3566) Young PLAB allocation: allocated: 16512B, wasted: 0B, unused: 14064B, used: 2448B, undo waste: 0B, 
[171.339s][debug][gc,plab           ] GC(3566) Young other allocation: region end waste: 731184B, regions filled: 4, direct allocated: 3200120B, failure used: 0B, failure wasted: 0B
[171.339s][debug][gc,plab           ] GC(3566) Young sizing: calculated: 0B, actual: 2064B
[171.339s][debug][gc,plab           ] GC(3566) Old PLAB allocation: allocated: 0B, wasted: 0B, unused: 0B, used: 0B, undo waste: 0B, 
[171.339s][debug][gc,plab           ] GC(3566) Old other allocation: region end waste: 0B, regions filled: 1, direct allocated: 0B, failure used: 0B, failure wasted: 0B
[171.339s][debug][gc,plab           ] GC(3566) Old sizing: calculated: 0B, actual: 2064B
[171.339s][debug][gc,ihop           ] GC(3566) Basic information (value update), threshold: 687026995B (45.00), target occupancy: 1526726656B, current occupancy: 21817640B, recent allocation size: 0B, recent allocation duration: 44.31ms, recent old gen allocation rate: 0.00B/s, recent marking phase length: 29.01ms
[171.339s][debug][gc,ihop           ] GC(3566) Adaptive IHOP information (value update), threshold: 687026995B (47.37), internal target occupancy: 1450390323B, occupancy: 21817640B, additional buffer size: 915406848B, predicted old gen allocation rate: 11209.60B/s, predicted marking phase length: 58.01ms, prediction active: false
[171.339s][debug][gc,ergo,refine    ] GC(3566) Concurrent refinement times: Logged Cards Scan time goal: 20.00ms Logged Cards Scan time: 0.00ms HCC time: 0.00ms
[171.340s][debug][gc,ergo,refine    ] GC(3566) Updated Refinement Zones: green: 2048, yellow: 6144, red: 10240
[171.340s][info ][gc,phases         ] GC(3566)   Pre Evacuate Collection Set: 0.1ms
[171.340s][debug][gc,phases         ] GC(3566)     Prepare TLABs: 0.0ms
[171.340s][debug][gc,phases         ] GC(3566)     Choose Collection Set: 0.0ms
[171.340s][debug][gc,phases         ] GC(3566)     Region Register: 0.1ms
[171.340s][debug][gc,phases         ] GC(3566)     Prepare Heap Roots: 0.0ms
[171.340s][info ][gc,phases         ] GC(3566)   Merge Heap Roots: 0.1ms
[171.340s][debug][gc,phases         ] GC(3566)     Prepare Merge Heap Roots: 0.0ms
[171.340s][debug][gc,phases         ] GC(3566)     Eager Reclaim (ms):       skipped
[171.340s][debug][gc,phases         ] GC(3566)     Remembered Sets (ms):     Min:  0.0, Avg:  0.0, Max:  0.1, Diff:  0.0, Sum:  0.3, Workers: 8
[171.340s][debug][gc,phases         ] GC(3566)       Merged Sparse:            Min: 0, Avg:  0.0, Max: 0, Diff: 0, Sum: 0, Workers: 8
[171.340s][debug][gc,phases         ] GC(3566)       Merged Fine:              Min: 0, Avg:  0.0, Max: 0, Diff: 0, Sum: 0, Workers: 8
[171.340s][debug][gc,phases         ] GC(3566)       Merged Coarse:            Min: 0, Avg:  0.0, Max: 0, Diff: 0, Sum: 0, Workers: 8
[171.340s][debug][gc,phases         ] GC(3566)       Dirty Cards:              Min: 0, Avg:  0.0, Max: 0, Diff: 0, Sum: 0, Workers: 8
[171.340s][debug][gc,phases         ] GC(3566)     Hot Card Cache (ms):      Min:  0.0, Avg:  0.0, Max:  0.0, Diff:  0.0, Sum:  0.0, Workers: 8
[171.340s][debug][gc,phases         ] GC(3566)       Dirty Cards:              Min: 0, Avg:  0.0, Max: 0, Diff: 0, Sum: 0, Workers: 8
[171.340s][debug][gc,phases         ] GC(3566)       Skipped Cards:            Min: 0, Avg:  0.0, Max: 0, Diff: 0, Sum: 0, Workers: 8
[171.340s][debug][gc,phases         ] GC(3566)     Log Buffers (ms):         Min:  0.0, Avg:  0.0, Max:  0.0, Diff:  0.0, Sum:  0.0, Workers: 8
[171.340s][debug][gc,phases         ] GC(3566)       Dirty Cards:              Min: 0, Avg:  0.1, Max: 1, Diff: 1, Sum: 1, Workers: 8
[171.340s][debug][gc,phases         ] GC(3566)       Skipped Cards:            Min: 0, Avg:  0.0, Max: 0, Diff: 0, Sum: 0, Workers: 8
[171.340s][info ][gc,phases         ] GC(3566)   Evacuate Collection Set: 0.5ms
[171.340s][debug][gc,phases         ] GC(3566)     Ext Root Scanning (ms):   Min:  0.2, Avg:  0.2, Max:  0.3, Diff:  0.1, Sum:  1.8, Workers: 8
[171.340s][debug][gc,phases         ] GC(3566)     Scan Heap Roots (ms):     Min:  0.0, Avg:  0.0, Max:  0.0, Diff:  0.0, Sum:  0.0, Workers: 8
[171.340s][debug][gc,phases         ] GC(3566)       Scanned Cards:            Min: 0, Avg:  0.1, Max: 1, Diff: 1, Sum: 1, Workers: 8
[171.340s][debug][gc,phases         ] GC(3566)       Scanned Blocks:           Min: 0, Avg:  0.1, Max: 1, Diff: 1, Sum: 1, Workers: 8
[171.340s][debug][gc,phases         ] GC(3566)       Claimed Chunks:           Min: 0, Avg:  0.1, Max: 1, Diff: 1, Sum: 1, Workers: 8
[171.340s][debug][gc,phases         ] GC(3566)     Code Root Scan (ms):      Min:  0.0, Avg:  0.0, Max:  0.0, Diff:  0.0, Sum:  0.1, Workers: 8
[171.340s][debug][gc,phases         ] GC(3566)     Object Copy (ms):         Min:  0.0, Avg:  0.0, Max:  0.0, Diff:  0.0, Sum:  0.0, Workers: 8
[171.340s][debug][gc,phases         ] GC(3566)     Termination (ms):         Min:  0.1, Avg:  0.1, Max:  0.1, Diff:  0.0, Sum:  0.8, Workers: 8
[171.340s][debug][gc,phases         ] GC(3566)       Termination Attempts:     Min: 1, Avg:  1.0, Max: 1, Diff: 0, Sum: 8, Workers: 8
[171.340s][debug][gc,phases         ] GC(3566)     GC Worker Other (ms):     Min:  0.0, Avg:  0.0, Max:  0.1, Diff:  0.0, Sum:  0.3, Workers: 8
[171.340s][debug][gc,phases         ] GC(3566)     GC Worker Total (ms):     Min:  0.4, Avg:  0.4, Max:  0.4, Diff:  0.0, Sum:  3.2, Workers: 8
[171.340s][info ][gc,phases         ] GC(3566)   Post Evacuate Collection Set: 0.7ms
[171.340s][debug][gc,phases         ] GC(3566)     Code Roots Fixup: 0.0ms
[171.340s][debug][gc,phases         ] GC(3566)     Clear Card Table: 0.2ms
[171.340s][debug][gc,phases         ] GC(3566)     Reference Processing: 0.0ms
[171.340s][debug][gc,phases,ref     ] GC(3566)       Reconsider SoftReferences: 0.0ms
[171.340s][debug][gc,phases,ref     ] GC(3566)         SoftRef (ms):             skipped
[171.340s][debug][gc,phases,ref     ] GC(3566)       Notify Soft/WeakReferences: 0.0ms
[171.340s][debug][gc,phases,ref     ] GC(3566)         SoftRef (ms):             skipped
[171.340s][debug][gc,phases,ref     ] GC(3566)         WeakRef (ms):             skipped
[171.340s][debug][gc,phases,ref     ] GC(3566)         FinalRef (ms):            skipped
[171.340s][debug][gc,phases,ref     ] GC(3566)         Total (ms):               skipped
[171.340s][debug][gc,phases,ref     ] GC(3566)       Notify and keep alive finalizable: 0.0ms
[171.340s][debug][gc,phases,ref     ] GC(3566)         FinalRef (ms):            skipped
[171.340s][debug][gc,phases,ref     ] GC(3566)       Notify PhantomReferences: 0.0ms
[171.340s][debug][gc,phases,ref     ] GC(3566)         PhantomRef (ms):          skipped
[171.340s][debug][gc,phases,ref     ] GC(3566)       SoftReference:
[171.340s][debug][gc,phases,ref     ] GC(3566)         Discovered: 0
[171.340s][debug][gc,phases,ref     ] GC(3566)         Cleared: 0
[171.340s][debug][gc,phases,ref     ] GC(3566)       WeakReference:
[171.340s][debug][gc,phases,ref     ] GC(3566)         Discovered: 0
[171.340s][debug][gc,phases,ref     ] GC(3566)         Cleared: 0
[171.340s][debug][gc,phases,ref     ] GC(3566)       FinalReference:
[171.340s][debug][gc,phases,ref     ] GC(3566)         Discovered: 0
[171.340s][debug][gc,phases,ref     ] GC(3566)         Cleared: 0
[171.340s][debug][gc,phases,ref     ] GC(3566)       PhantomReference:
[171.340s][debug][gc,phases,ref     ] GC(3566)         Discovered: 0
[171.340s][debug][gc,phases,ref     ] GC(3566)         Cleared: 0
[171.340s][debug][gc,phases         ] GC(3566)     Weak Processing: 0.1ms
[171.340s][debug][gc,phases         ] GC(3566)       JVMTI weak processing: 0.0ms
[171.340s][debug][gc,phases         ] GC(3566)         Dead: 0
[171.340s][debug][gc,phases         ] GC(3566)         Total: 0
[171.340s][debug][gc,phases         ] GC(3566)       JFR weak processing: 0.0ms
[171.340s][debug][gc,phases         ] GC(3566)         Dead: 0
[171.340s][debug][gc,phases         ] GC(3566)         Total: 0
[171.340s][debug][gc,phases         ] GC(3566)       JNI weak                  Min:  0.0, Avg:  0.0, Max:  0.0, Diff:  0.0, Sum:  0.0, Workers: 5
[171.340s][debug][gc,phases         ] GC(3566)         Dead                      Min: 0, Avg:  0.0, Max: 0, Diff: 0, Sum: 0, Workers: 5
[171.340s][debug][gc,phases         ] GC(3566)         Total                     Min: 0, Avg: 25.6, Max: 128, Diff: 128, Sum: 128, Workers: 5
[171.340s][debug][gc,phases         ] GC(3566)       VM weak                   Min:  0.0, Avg:  0.0, Max:  0.0, Diff:  0.0, Sum:  0.0, Workers: 5
[171.340s][debug][gc,phases         ] GC(3566)         Dead                      Min: 0, Avg:  0.0, Max: 0, Diff: 0, Sum: 0, Workers: 5
[171.340s][debug][gc,phases         ] GC(3566)         Total                     Min: 0, Avg: 42.4, Max: 212, Diff: 212, Sum: 212, Workers: 5
[171.340s][debug][gc,phases         ] GC(3566)       StringTable weak          Min:  0.0, Avg:  0.0, Max:  0.0, Diff:  0.0, Sum:  0.0, Workers: 5
[171.340s][debug][gc,phases         ] GC(3566)         Dead                      Min: 0, Avg:  0.0, Max: 0, Diff: 0, Sum: 0, Workers: 5
[171.340s][debug][gc,phases         ] GC(3566)         Total                     Min: 0, Avg: 686.2, Max: 3008, Diff: 3008, Sum: 3431, Workers: 5
[171.340s][debug][gc,phases         ] GC(3566)       ResolvedMethodTable weak  Min:  0.0, Avg:  0.0, Max:  0.0, Diff:  0.0, Sum:  0.0, Workers: 5
[171.340s][debug][gc,phases         ] GC(3566)         Dead                      Min: 0, Avg:  0.0, Max: 0, Diff: 0, Sum: 0, Workers: 5
[171.340s][debug][gc,phases         ] GC(3566)         Total                     Min: 0, Avg: 114.6, Max: 189, Diff: 189, Sum: 573, Workers: 5
[171.340s][debug][gc,phases         ] GC(3566)     Merge Per-Thread State: 0.0ms
[171.340s][debug][gc,phases         ] GC(3566)       Copied Bytes              Min: 232, Avg: 400321.0, Max: 800096, Diff: 799864, Sum: 3202568, Workers: 8
[171.340s][debug][gc,phases         ] GC(3566)       LAB Waste                 Min: 0, Avg:  0.0, Max: 0, Diff: 0, Sum: 0, Workers: 8
[171.340s][debug][gc,phases         ] GC(3566)       LAB Undo Waste            Min: 0, Avg:  0.0, Max: 0, Diff: 0, Sum: 0, Workers: 8
[171.340s][debug][gc,phases         ] GC(3566)     Code Roots Purge: 0.0ms
[171.340s][debug][gc,phases         ] GC(3566)     Redirty Cards: 0.0ms
[171.340s][debug][gc,phases         ] GC(3566)     DerivedPointerTable Update: 0.0ms
[171.340s][debug][gc,phases         ] GC(3566)     Free Collection Set: 0.2ms
[171.340s][debug][gc,phases         ] GC(3566)     Rebuild Free List: 0.1ms
[171.340s][debug][gc,phases         ] GC(3566)     Humongous Reclaim: 0.0ms
[171.340s][debug][gc,phases         ] GC(3566)     Start New Collection Set: 0.0ms
[171.340s][debug][gc,phases         ] GC(3566)     Resize TLABs: 0.0ms
[171.340s][debug][gc,phases         ] GC(3566)     Expand Heap After Collection: 0.0ms
[171.340s][info ][gc,phases         ] GC(3566)   Other: 0.3ms
[171.340s][info ][gc,heap           ] GC(3566) Eden regions: 868->0(869)
[171.340s][info ][gc,heap           ] GC(3566) Survivor regions: 5->4(110)
[171.340s][info ][gc,heap           ] GC(3566) Old regions: 17->17
[171.340s][info ][gc,heap           ] GC(3566) Archive regions: 2->2
[171.340s][info ][gc,heap           ] GC(3566) Humongous regions: 0->0
[171.340s][info ][gc,metaspace      ] GC(3566) Metaspace: 10069K(10624K)->10069K(10624K) NonClass: 8921K(9216K)->8921K(9216K) Class: 1148K(1408K)->1148K(1408K)
[171.340s][debug][gc,heap           ] GC(3566) Heap after GC invocations=3567 (full 1): garbage-first heap   total 1490944K, used 21306K [0x0000000700000000, 0x0000000800000000)
[171.340s][debug][gc,heap           ] GC(3566)   region size 1024K, 4 young (4096K), 4 survivors (4096K)
[171.340s][debug][gc,heap           ] GC(3566)  Metaspace       used 10069K, capacity 10368K, committed 10624K, reserved 1058816K
[171.340s][debug][gc,heap           ] GC(3566)   class space    used 1148K, capacity 1266K, committed 1408K, reserved 1048576K
[171.340s][info ][gc                ] GC(3566) Pause Young (Normal) (G1 Evacuation Pause) 889M->20M(1456M) 2.325ms
[171.340s][info ][gc,cpu            ] GC(3566) User=0.01s Sys=0.01s Real=0.00s
[171.340s][info ][safepoint         ] Safepoint "G1CollectForAllocation", Time since last: 43123480 ns, Reaching safepoint: 198761 ns, At safepoint: 2495564 ns, Total: 2694325 ns
[171.383s][debug][gc,heap           ] GC(3567) Heap before GC invocations=3567 (full 1): garbage-first heap   total 1490944K, used 910138K [0x0000000700000000, 0x0000000800000000)
[171.383s][debug][gc,heap           ] GC(3567)   region size 1024K, 873 young (893952K), 4 survivors (4096K)
[171.383s][debug][gc,heap           ] GC(3567)  Metaspace       used 10069K, capacity 10368K, committed 10624K, reserved 1058816K
[171.383s][debug][gc,heap           ] GC(3567)   class space    used 1148K, capacity 1266K, committed 1408K, reserved 1048576K
[171.383s][info ][gc,start          ] GC(3567) Pause Young (Normal) (G1 Evacuation Pause)
[171.383s][info ][gc,task           ] GC(3567) Using 8 workers of 8 for evacuation
[171.383s][debug][gc,tlab           ] GC(3567) TLAB totals: thrds: 8  refills: 11 max: 2 slow allocs: 1734 max 239 waste: 34.9% gc: 986952B max: 214432B slow: 28928B max: 14304B fast: 0B max: 0B
[171.383s][debug][gc,age            ] GC(3567) Desired survivor size 57671680 bytes, new threshold 15 (max threshold 15)
[171.383s][debug][gc,alloc,region   ] GC(3567) Mutator Allocation stats, regions: 869, wasted size: 203M (23.4%)
[171.384s][debug][gc,ergo           ] GC(3567) Running G1 Merge Heap Roots using 8 workers for 873 regions
[171.384s][debug][gc,remset         ] GC(3567) Visited cards 256 Total dirty 2048 (12.50%) Total old 3614720 (0.01%)
[171.384s][debug][gc,ergo           ] GC(3567) Running G1 Clear Card Table Task using 2 workers for 2 units of work for 874 regions.
[171.384s][debug][gc,ref            ] GC(3567) Skipped phase1 of Reference Processing due to unavailable references
[171.384s][debug][gc,ref            ] GC(3567) Skipped phase2 of Reference Processing due to unavailable references
[171.384s][debug][gc,ref            ] GC(3567) Skipped phase3 of Reference Processing due to unavailable references
[171.384s][debug][gc,ref            ] GC(3567) Skipped phase4 of Reference Processing due to unavailable references
[171.384s][debug][gc,ergo           ] GC(3567) Running G1 Free Collection Set using 8 workers for collection set length 873 (1456)
[171.385s][debug][gc,ergo           ] GC(3567) Running G1 Rebuild Free List Task using 8 workers for rebuilding free list of 0 (4096) regions
[171.385s][trace][gc,age            ] GC(3567) Age table with threshold 15 (max threshold 15)
[171.385s][trace][gc,age            ] GC(3567) - age   1:    2402528 bytes,    2402528 total
[171.385s][debug][gc,plab           ] GC(3567) Young PLAB allocation: allocated: 16512B, wasted: 0B, unused: 14064B, used: 2448B, undo waste: 0B, 
[171.385s][debug][gc,plab           ] GC(3567) Young other allocation: region end waste: 484704B, regions filled: 3, direct allocated: 2400080B, failure used: 0B, failure wasted: 0B
[171.385s][debug][gc,plab           ] GC(3567) Young sizing: calculated: 0B, actual: 2064B
[171.385s][debug][gc,plab           ] GC(3567) Old PLAB allocation: allocated: 0B, wasted: 0B, unused: 0B, used: 0B, undo waste: 0B, 
[171.385s][debug][gc,plab           ] GC(3567) Old other allocation: region end waste: 0B, regions filled: 1, direct allocated: 0B, failure used: 0B, failure wasted: 0B
[171.385s][debug][gc,plab           ] GC(3567) Old sizing: calculated: 0B, actual: 2064B
[171.385s][debug][gc,ihop           ] GC(3567) Basic information (value update), threshold: 687026995B (45.00), target occupancy: 1526726656B, current occupancy: 20771120B, recent allocation size: 0B, recent allocation duration: 43.88ms, recent old gen allocation rate: 0.00B/s, recent marking phase length: 29.01ms
[171.385s][debug][gc,ihop           ] GC(3567) Adaptive IHOP information (value update), threshold: 687026995B (47.37), internal target occupancy: 1450390323B, occupancy: 20771120B, additional buffer size: 915406848B, predicted old gen allocation rate: 10894.06B/s, predicted marking phase length: 58.01ms, prediction active: false
[171.385s][debug][gc,ergo,refine    ] GC(3567) Concurrent refinement times: Logged Cards Scan time goal: 20.00ms Logged Cards Scan time: 0.00ms HCC time: 0.00ms
[171.385s][debug][gc,ergo,refine    ] GC(3567) Updated Refinement Zones: green: 2048, yellow: 6144, red: 10240
[171.385s][info ][gc,phases         ] GC(3567)   Pre Evacuate Collection Set: 0.1ms
[171.385s][debug][gc,phases         ] GC(3567)     Prepare TLABs: 0.0ms
[171.385s][debug][gc,phases         ] GC(3567)     Choose Collection Set: 0.0ms
[171.385s][debug][gc,phases         ] GC(3567)     Region Register: 0.1ms
[171.385s][debug][gc,phases         ] GC(3567)     Prepare Heap Roots: 0.0ms
[171.385s][info ][gc,phases         ] GC(3567)   Merge Heap Roots: 0.1ms
[171.385s][debug][gc,phases         ] GC(3567)     Prepare Merge Heap Roots: 0.0ms
[171.385s][debug][gc,phases         ] GC(3567)     Eager Reclaim (ms):       skipped
[171.385s][debug][gc,phases         ] GC(3567)     Remembered Sets (ms):     Min:  0.0, Avg:  0.0, Max:  0.0, Diff:  0.0, Sum:  0.2, Workers: 8
[171.385s][debug][gc,phases         ] GC(3567)       Merged Sparse:            Min: 0, Avg:  0.0, Max: 0, Diff: 0, Sum: 0, Workers: 8
[171.385s][debug][gc,phases         ] GC(3567)       Merged Fine:              Min: 0, Avg:  0.0, Max: 0, Diff: 0, Sum: 0, Workers: 8
[171.385s][debug][gc,phases         ] GC(3567)       Merged Coarse:            Min: 0, Avg:  0.0, Max: 0, Diff: 0, Sum: 0, Workers: 8
[171.385s][debug][gc,phases         ] GC(3567)       Dirty Cards:              Min: 0, Avg:  0.0, Max: 0, Diff: 0, Sum: 0, Workers: 8
[171.385s][debug][gc,phases         ] GC(3567)     Hot Card Cache (ms):      Min:  0.0, Avg:  0.0, Max:  0.0, Diff:  0.0, Sum:  0.0, Workers: 8
[171.385s][debug][gc,phases         ] GC(3567)       Dirty Cards:              Min: 0, Avg:  0.0, Max: 0, Diff: 0, Sum: 0, Workers: 8
[171.385s][debug][gc,phases         ] GC(3567)       Skipped Cards:            Min: 0, Avg:  0.0, Max: 0, Diff: 0, Sum: 0, Workers: 8
[171.385s][debug][gc,phases         ] GC(3567)     Log Buffers (ms):         Min:  0.0, Avg:  0.0, Max:  0.0, Diff:  0.0, Sum:  0.0, Workers: 8
[171.385s][debug][gc,phases         ] GC(3567)       Dirty Cards:              Min: 0, Avg:  0.1, Max: 1, Diff: 1, Sum: 1, Workers: 8
[171.385s][debug][gc,phases         ] GC(3567)       Skipped Cards:            Min: 0, Avg:  0.0, Max: 0, Diff: 0, Sum: 0, Workers: 8
[171.385s][info ][gc,phases         ] GC(3567)   Evacuate Collection Set: 0.3ms
[171.385s][debug][gc,phases         ] GC(3567)     Ext Root Scanning (ms):   Min:  0.0, Avg:  0.1, Max:  0.2, Diff:  0.2, Sum:  0.8, Workers: 8
[171.385s][debug][gc,phases         ] GC(3567)     Scan Heap Roots (ms):     Min:  0.0, Avg:  0.0, Max:  0.0, Diff:  0.0, Sum:  0.0, Workers: 8
[171.385s][debug][gc,phases         ] GC(3567)       Scanned Cards:            Min: 0, Avg:  0.1, Max: 1, Diff: 1, Sum: 1, Workers: 8
[171.385s][debug][gc,phases         ] GC(3567)       Scanned Blocks:           Min: 0, Avg:  0.1, Max: 1, Diff: 1, Sum: 1, Workers: 8
[171.385s][debug][gc,phases         ] GC(3567)       Claimed Chunks:           Min: 0, Avg:  0.1, Max: 1, Diff: 1, Sum: 1, Workers: 8
[171.385s][debug][gc,phases         ] GC(3567)     Code Root Scan (ms):      Min:  0.0, Avg:  0.0, Max:  0.0, Diff:  0.0, Sum:  0.1, Workers: 8
[171.385s][debug][gc,phases         ] GC(3567)     Object Copy (ms):         Min:  0.0, Avg:  0.0, Max:  0.0, Diff:  0.0, Sum:  0.0, Workers: 8
[171.385s][debug][gc,phases         ] GC(3567)     Termination (ms):         Min:  0.0, Avg:  0.1, Max:  0.1, Diff:  0.1, Sum:  0.6, Workers: 8
[171.385s][debug][gc,phases         ] GC(3567)       Termination Attempts:     Min: 1, Avg:  1.5, Max: 3, Diff: 2, Sum: 12, Workers: 8
[171.385s][debug][gc,phases         ] GC(3567)     GC Worker Other (ms):     Min:  0.0, Avg:  0.0, Max:  0.1, Diff:  0.1, Sum:  0.3, Workers: 8
[171.385s][debug][gc,phases         ] GC(3567)     GC Worker Total (ms):     Min:  0.2, Avg:  0.2, Max:  0.3, Diff:  0.1, Sum:  1.9, Workers: 8
[171.385s][info ][gc,phases         ] GC(3567)   Post Evacuate Collection Set: 0.6ms
[171.385s][debug][gc,phases         ] GC(3567)     Code Roots Fixup: 0.0ms
[171.385s][debug][gc,phases         ] GC(3567)     Clear Card Table: 0.2ms
[171.385s][debug][gc,phases         ] GC(3567)     Reference Processing: 0.0ms
[171.385s][debug][gc,phases,ref     ] GC(3567)       Reconsider SoftReferences: 0.0ms
[171.385s][debug][gc,phases,ref     ] GC(3567)         SoftRef (ms):             skipped
[171.385s][debug][gc,phases,ref     ] GC(3567)       Notify Soft/WeakReferences: 0.0ms
[171.385s][debug][gc,phases,ref     ] GC(3567)         SoftRef (ms):             skipped
[171.385s][debug][gc,phases,ref     ] GC(3567)         WeakRef (ms):             skipped
[171.385s][debug][gc,phases,ref     ] GC(3567)         FinalRef (ms):            skipped
[171.385s][debug][gc,phases,ref     ] GC(3567)         Total (ms):               skipped
[171.385s][debug][gc,phases,ref     ] GC(3567)       Notify and keep alive finalizable: 0.0ms
[171.385s][debug][gc,phases,ref     ] GC(3567)         FinalRef (ms):            skipped
[171.385s][debug][gc,phases,ref     ] GC(3567)       Notify PhantomReferences: 0.0ms
[171.385s][debug][gc,phases,ref     ] GC(3567)         PhantomRef (ms):          skipped
[171.385s][debug][gc,phases,ref     ] GC(3567)       SoftReference:
[171.385s][debug][gc,phases,ref     ] GC(3567)         Discovered: 0
[171.385s][debug][gc,phases,ref     ] GC(3567)         Cleared: 0
[171.385s][debug][gc,phases,ref     ] GC(3567)       WeakReference:
[171.385s][debug][gc,phases,ref     ] GC(3567)         Discovered: 0
[171.385s][debug][gc,phases,ref     ] GC(3567)         Cleared: 0
[171.385s][debug][gc,phases,ref     ] GC(3567)       FinalReference:
[171.385s][debug][gc,phases,ref     ] GC(3567)         Discovered: 0
[171.385s][debug][gc,phases,ref     ] GC(3567)         Cleared: 0
[171.385s][debug][gc,phases,ref     ] GC(3567)       PhantomReference:
[171.385s][debug][gc,phases,ref     ] GC(3567)         Discovered: 0
[171.385s][debug][gc,phases,ref     ] GC(3567)         Cleared: 0
[171.385s][debug][gc,phases         ] GC(3567)     Weak Processing: 0.1ms
[171.385s][debug][gc,phases         ] GC(3567)       JVMTI weak processing: 0.0ms
[171.385s][debug][gc,phases         ] GC(3567)         Dead: 0
[171.385s][debug][gc,phases         ] GC(3567)         Total: 0
[171.385s][debug][gc,phases         ] GC(3567)       JFR weak processing: 0.0ms
[171.385s][debug][gc,phases         ] GC(3567)         Dead: 0
[171.385s][debug][gc,phases         ] GC(3567)         Total: 0
[171.385s][debug][gc,phases         ] GC(3567)       JNI weak                  Min:  0.0, Avg:  0.0, Max:  0.0, Diff:  0.0, Sum:  0.0, Workers: 5
[171.385s][debug][gc,phases         ] GC(3567)         Dead                      Min: 0, Avg:  0.0, Max: 0, Diff: 0, Sum: 0, Workers: 5
[171.385s][debug][gc,phases         ] GC(3567)         Total                     Min: 0, Avg: 25.6, Max: 64, Diff: 64, Sum: 128, Workers: 5
[171.385s][debug][gc,phases         ] GC(3567)       VM weak                   Min:  0.0, Avg:  0.0, Max:  0.0, Diff:  0.0, Sum:  0.0, Workers: 5
[171.385s][debug][gc,phases         ] GC(3567)         Dead                      Min: 0, Avg:  0.0, Max: 0, Diff: 0, Sum: 0, Workers: 5
[171.385s][debug][gc,phases         ] GC(3567)         Total                     Min: 0, Avg: 42.4, Max: 128, Diff: 128, Sum: 212, Workers: 5
[171.385s][debug][gc,phases         ] GC(3567)       StringTable weak          Min:  0.0, Avg:  0.0, Max:  0.0, Diff:  0.0, Sum:  0.1, Workers: 5
[171.385s][debug][gc,phases         ] GC(3567)         Dead                      Min: 0, Avg:  0.0, Max: 0, Diff: 0, Sum: 0, Workers: 5
[171.385s][debug][gc,phases         ] GC(3567)         Total                     Min: 0, Avg: 686.2, Max: 1728, Diff: 1728, Sum: 3431, Workers: 5
[171.385s][debug][gc,phases         ] GC(3567)       ResolvedMethodTable weak  Min:  0.0, Avg:  0.0, Max:  0.0, Diff:  0.0, Sum:  0.0, Workers: 5
[171.385s][debug][gc,phases         ] GC(3567)         Dead                      Min: 0, Avg:  0.0, Max: 0, Diff: 0, Sum: 0, Workers: 5
[171.385s][debug][gc,phases         ] GC(3567)         Total                     Min: 0, Avg: 114.6, Max: 192, Diff: 192, Sum: 573, Workers: 5
[171.385s][debug][gc,phases         ] GC(3567)     Merge Per-Thread State: 0.0ms
[171.385s][debug][gc,phases         ] GC(3567)       Copied Bytes              Min: 72, Avg: 300316.0, Max: 800096, Diff: 800024, Sum: 2402528, Workers: 8
[171.385s][debug][gc,phases         ] GC(3567)       LAB Waste                 Min: 0, Avg:  0.0, Max: 0, Diff: 0, Sum: 0, Workers: 8
[171.385s][debug][gc,phases         ] GC(3567)       LAB Undo Waste            Min: 0, Avg:  0.0, Max: 0, Diff: 0, Sum: 0, Workers: 8
[171.385s][debug][gc,phases         ] GC(3567)     Code Roots Purge: 0.0ms
[171.385s][debug][gc,phases         ] GC(3567)     Redirty Cards: 0.0ms
[171.385s][debug][gc,phases         ] GC(3567)     DerivedPointerTable Update: 0.0ms
[171.385s][debug][gc,phases         ] GC(3567)     Free Collection Set: 0.2ms
[171.385s][debug][gc,phases         ] GC(3567)     Rebuild Free List: 0.1ms
[171.385s][debug][gc,phases         ] GC(3567)     Humongous Reclaim: 0.0ms
[171.385s][debug][gc,phases         ] GC(3567)     Start New Collection Set: 0.0ms
[171.385s][debug][gc,phases         ] GC(3567)     Resize TLABs: 0.0ms
[171.385s][debug][gc,phases         ] GC(3567)     Expand Heap After Collection: 0.0ms
[171.385s][info ][gc,phases         ] GC(3567)   Other: 0.3ms
[171.385s][info ][gc,heap           ] GC(3567) Eden regions: 869->0(870)
[171.385s][info ][gc,heap           ] GC(3567) Survivor regions: 4->3(110)
[171.385s][info ][gc,heap           ] GC(3567) Old regions: 17->17
[171.385s][info ][gc,heap           ] GC(3567) Archive regions: 2->2
[171.385s][info ][gc,heap           ] GC(3567) Humongous regions: 0->0
[171.385s][info ][gc,metaspace      ] GC(3567) Metaspace: 10069K(10624K)->10069K(10624K) NonClass: 8921K(9216K)->8921K(9216K) Class: 1148K(1408K)->1148K(1408K)
[171.385s][debug][gc,heap           ] GC(3567) Heap after GC invocations=3568 (full 1): garbage-first heap   total 1490944K, used 20284K [0x0000000700000000, 0x0000000800000000)
[171.385s][debug][gc,heap           ] GC(3567)   region size 1024K, 3 young (3072K), 3 survivors (3072K)
[171.385s][debug][gc,heap           ] GC(3567)  Metaspace       used 10069K, capacity 10368K, committed 10624K, reserved 1058816K
[171.385s][debug][gc,heap           ] GC(3567)   class space    used 1148K, capacity 1266K, committed 1408K, reserved 1048576K
[171.385s][info ][gc                ] GC(3567) Pause Young (Normal) (G1 Evacuation Pause) 889M->19M(1456M) 2.040ms
[171.385s][info ][gc,cpu            ] GC(3567) User=0.00s Sys=0.00s Real=0.00s
[171.385s][info ][safepoint         ] Safepoint "G1CollectForAllocation", Time since last: 42790696 ns, Reaching safepoint: 174988 ns, At safepoint: 2208380 ns, Total: 2383368 ns
[171.430s][debug][gc,heap           ] GC(3568) Heap before GC invocations=3568 (full 1): garbage-first heap   total 1490944K, used 910140K [0x0000000700000000, 0x0000000800000000)
[171.430s][debug][gc,heap           ] GC(3568)   region size 1024K, 873 young (893952K), 3 survivors (3072K)
[171.430s][debug][gc,heap           ] GC(3568)  Metaspace       used 10069K, capacity 10368K, committed 10624K, reserved 1058816K
[171.430s][debug][gc,heap           ] GC(3568)   class space    used 1148K, capacity 1266K, committed 1408K, reserved 1048576K
[171.430s][info ][gc,start          ] GC(3568) Pause Young (Normal) (G1 Evacuation Pause)
[171.430s][info ][gc,task           ] GC(3568) Using 8 workers of 8 for evacuation
[171.430s][debug][gc,tlab           ] GC(3568) TLAB totals: thrds: 8  refills: 13 max: 2 slow allocs: 1735 max 231 waste: 24.6% gc: 956656B max: 218624B slow: 57608B max: 14304B fast: 0B max: 0B
[171.430s][debug][gc,age            ] GC(3568) Desired survivor size 57671680 bytes, new threshold 15 (max threshold 15)
[171.430s][debug][gc,alloc,region   ] GC(3568) Mutator Allocation stats, regions: 870, wasted size: 203M (23.4%)
[171.430s][debug][gc,ergo           ] GC(3568) Running G1 Merge Heap Roots using 8 workers for 873 regions
[171.430s][debug][gc,remset         ] GC(3568) Visited cards 512 Total dirty 4096 (12.50%) Total old 3614720 (0.01%)
[171.430s][debug][gc,ergo           ] GC(3568) Running G1 Clear Card Table Task using 2 workers for 2 units of work for 875 regions.
[171.431s][debug][gc,ref            ] GC(3568) Skipped phase1 of Reference Processing due to unavailable references
[171.431s][debug][gc,ref            ] GC(3568) Skipped phase2 of Reference Processing due to unavailable references
[171.431s][debug][gc,ref            ] GC(3568) Skipped phase3 of Reference Processing due to unavailable references
[171.431s][debug][gc,ref            ] GC(3568) Skipped phase4 of Reference Processing due to unavailable references
[171.431s][debug][gc,ergo           ] GC(3568) Running G1 Free Collection Set using 8 workers for collection set length 873 (1456)
[171.431s][debug][gc,ergo           ] GC(3568) Running G1 Rebuild Free List Task using 8 workers for rebuilding free list of 0 (4096) regions
[171.431s][trace][gc,age            ] GC(3568) Age table with threshold 15 (max threshold 15)
[171.431s][trace][gc,age            ] GC(3568) - age   1:    2402456 bytes,    2402456 total
[171.431s][debug][gc,plab           ] GC(3568) Young PLAB allocation: allocated: 16512B, wasted: 0B, unused: 14144B, used: 2368B, undo waste: 0B, 
[171.431s][debug][gc,plab           ] GC(3568) Young other allocation: region end waste: 482640B, regions filled: 3, direct allocated: 2400088B, failure used: 0B, failure wasted: 0B
[171.431s][debug][gc,plab           ] GC(3568) Young sizing: calculated: 0B, actual: 2064B
[171.431s][debug][gc,plab           ] GC(3568) Old PLAB allocation: allocated: 0B, wasted: 0B, unused: 0B, used: 0B, undo waste: 0B, 
[171.431s][debug][gc,plab           ] GC(3568) Old other allocation: region end waste: 0B, regions filled: 1, direct allocated: 0B, failure used: 0B, failure wasted: 0B
[171.431s][debug][gc,plab           ] GC(3568) Old sizing: calculated: 0B, actual: 2064B
[171.431s][debug][gc,ihop           ] GC(3568) Basic information (value update), threshold: 687026995B (45.00), target occupancy: 1526726656B, current occupancy: 20769064B, recent allocation size: 0B, recent allocation duration: 44.96ms, recent old gen allocation rate: 0.00B/s, recent marking phase length: 29.01ms
[171.431s][debug][gc,ihop           ] GC(3568) Adaptive IHOP information (value update), threshold: 687026995B (47.37), internal target occupancy: 1450390323B, occupancy: 20769064B, additional buffer size: 915406848B, predicted old gen allocation rate: 10588.06B/s, predicted marking phase length: 58.01ms, prediction active: false
[171.431s][debug][gc,ergo,refine    ] GC(3568) Concurrent refinement times: Logged Cards Scan time goal: 20.00ms Logged Cards Scan time: 0.00ms HCC time: 0.00ms
[171.431s][debug][gc,ergo,refine    ] GC(3568) Updated Refinement Zones: green: 2048, yellow: 6144, red: 10240
[171.431s][info ][gc,phases         ] GC(3568)   Pre Evacuate Collection Set: 0.1ms
[171.431s][debug][gc,phases         ] GC(3568)     Prepare TLABs: 0.0ms
[171.431s][debug][gc,phases         ] GC(3568)     Choose Collection Set: 0.0ms
[171.431s][debug][gc,phases         ] GC(3568)     Region Register: 0.1ms
[171.431s][debug][gc,phases         ] GC(3568)     Prepare Heap Roots: 0.0ms
[171.431s][info ][gc,phases         ] GC(3568)   Merge Heap Roots: 0.1ms
[171.431s][debug][gc,phases         ] GC(3568)     Prepare Merge Heap Roots: 0.0ms
[171.431s][debug][gc,phases         ] GC(3568)     Eager Reclaim (ms):       skipped
[171.431s][debug][gc,phases         ] GC(3568)     Remembered Sets (ms):     Min:  0.0, Avg:  0.0, Max:  0.1, Diff:  0.0, Sum:  0.4, Workers: 8
[171.431s][debug][gc,phases         ] GC(3568)       Merged Sparse:            Min: 0, Avg:  0.0, Max: 0, Diff: 0, Sum: 0, Workers: 8
[171.431s][debug][gc,phases         ] GC(3568)       Merged Fine:              Min: 0, Avg:  0.0, Max: 0, Diff: 0, Sum: 0, Workers: 8
[171.431s][debug][gc,phases         ] GC(3568)       Merged Coarse:            Min: 0, Avg:  0.0, Max: 0, Diff: 0, Sum: 0, Workers: 8
[171.431s][debug][gc,phases         ] GC(3568)       Dirty Cards:              Min: 0, Avg:  0.0, Max: 0, Diff: 0, Sum: 0, Workers: 8
[171.431s][debug][gc,phases         ] GC(3568)     Hot Card Cache (ms):      Min:  0.0, Avg:  0.0, Max:  0.0, Diff:  0.0, Sum:  0.0, Workers: 8
[171.431s][debug][gc,phases         ] GC(3568)       Dirty Cards:              Min: 0, Avg:  0.0, Max: 0, Diff: 0, Sum: 0, Workers: 8
[171.431s][debug][gc,phases         ] GC(3568)       Skipped Cards:            Min: 0, Avg:  0.0, Max: 0, Diff: 0, Sum: 0, Workers: 8
[171.431s][debug][gc,phases         ] GC(3568)     Log Buffers (ms):         Min:  0.0, Avg:  0.0, Max:  0.0, Diff:  0.0, Sum:  0.0, Workers: 8
[171.431s][debug][gc,phases         ] GC(3568)       Dirty Cards:              Min: 0, Avg:  0.2, Max: 1, Diff: 1, Sum: 2, Workers: 8
[171.431s][debug][gc,phases         ] GC(3568)       Skipped Cards:            Min: 0, Avg:  0.0, Max: 0, Diff: 0, Sum: 0, Workers: 8
[171.431s][info ][gc,phases         ] GC(3568)   Evacuate Collection Set: 0.3ms
[171.431s][debug][gc,phases         ] GC(3568)     Ext Root Scanning (ms):   Min:  0.1, Avg:  0.1, Max:  0.2, Diff:  0.1, Sum:  1.1, Workers: 8
[171.431s][debug][gc,phases         ] GC(3568)     Scan Heap Roots (ms):     Min:  0.0, Avg:  0.0, Max:  0.0, Diff:  0.0, Sum:  0.0, Workers: 8
[171.431s][debug][gc,phases         ] GC(3568)       Scanned Cards:            Min: 0, Avg:  0.2, Max: 1, Diff: 1, Sum: 2, Workers: 8
[171.431s][debug][gc,phases         ] GC(3568)       Scanned Blocks:           Min: 0, Avg:  0.2, Max: 1, Diff: 1, Sum: 2, Workers: 8
[171.431s][debug][gc,phases         ] GC(3568)       Claimed Chunks:           Min: 0, Avg:  0.2, Max: 1, Diff: 1, Sum: 2, Workers: 8
[171.431s][debug][gc,phases         ] GC(3568)     Code Root Scan (ms):      Min:  0.0, Avg:  0.0, Max:  0.1, Diff:  0.1, Sum:  0.2, Workers: 8
[171.431s][debug][gc,phases         ] GC(3568)     Object Copy (ms):         Min:  0.0, Avg:  0.0, Max:  0.0, Diff:  0.0, Sum:  0.0, Workers: 8
[171.431s][debug][gc,phases         ] GC(3568)     Termination (ms):         Min:  0.1, Avg:  0.1, Max:  0.1, Diff:  0.1, Sum:  0.7, Workers: 8
[171.431s][debug][gc,phases         ] GC(3568)       Termination Attempts:     Min: 1, Avg:  1.0, Max: 1, Diff: 0, Sum: 8, Workers: 8
[171.431s][debug][gc,phases         ] GC(3568)     GC Worker Other (ms):     Min:  0.0, Avg:  0.0, Max:  0.1, Diff:  0.1, Sum:  0.4, Workers: 8
[171.431s][debug][gc,phases         ] GC(3568)     GC Worker Total (ms):     Min:  0.3, Avg:  0.3, Max:  0.3, Diff:  0.1, Sum:  2.3, Workers: 8
[171.431s][info ][gc,phases         ] GC(3568)   Post Evacuate Collection Set: 0.6ms
[171.431s][debug][gc,phases         ] GC(3568)     Code Roots Fixup: 0.0ms
[171.431s][debug][gc,phases         ] GC(3568)     Clear Card Table: 0.2ms
[171.431s][debug][gc,phases         ] GC(3568)     Reference Processing: 0.0ms
[171.431s][debug][gc,phases,ref     ] GC(3568)       Reconsider SoftReferences: 0.0ms
[171.431s][debug][gc,phases,ref     ] GC(3568)         SoftRef (ms):             skipped
[171.431s][debug][gc,phases,ref     ] GC(3568)       Notify Soft/WeakReferences: 0.0ms
[171.431s][debug][gc,phases,ref     ] GC(3568)         SoftRef (ms):             skipped
[171.431s][debug][gc,phases,ref     ] GC(3568)         WeakRef (ms):             skipped
[171.431s][debug][gc,phases,ref     ] GC(3568)         FinalRef (ms):            skipped
[171.431s][debug][gc,phases,ref     ] GC(3568)         Total (ms):               skipped
[171.431s][debug][gc,phases,ref     ] GC(3568)       Notify and keep alive finalizable: 0.0ms
[171.431s][debug][gc,phases,ref     ] GC(3568)         FinalRef (ms):            skipped
[171.431s][debug][gc,phases,ref     ] GC(3568)       Notify PhantomReferences: 0.0ms
[171.431s][debug][gc,phases,ref     ] GC(3568)         PhantomRef (ms):          skipped
[171.431s][debug][gc,phases,ref     ] GC(3568)       SoftReference:
[171.431s][debug][gc,phases,ref     ] GC(3568)         Discovered: 0
[171.431s][debug][gc,phases,ref     ] GC(3568)         Cleared: 0
[171.431s][debug][gc,phases,ref     ] GC(3568)       WeakReference:
[171.431s][debug][gc,phases,ref     ] GC(3568)         Discovered: 0
[171.431s][debug][gc,phases,ref     ] GC(3568)         Cleared: 0
[171.431s][debug][gc,phases,ref     ] GC(3568)       FinalReference:
[171.431s][debug][gc,phases,ref     ] GC(3568)         Discovered: 0
[171.431s][debug][gc,phases,ref     ] GC(3568)         Cleared: 0
[171.431s][debug][gc,phases,ref     ] GC(3568)       PhantomReference:
[171.431s][debug][gc,phases,ref     ] GC(3568)         Discovered: 0
[171.431s][debug][gc,phases,ref     ] GC(3568)         Cleared: 0
[171.431s][debug][gc,phases         ] GC(3568)     Weak Processing: 0.1ms
[171.431s][debug][gc,phases         ] GC(3568)       JVMTI weak processing: 0.0ms
[171.431s][debug][gc,phases         ] GC(3568)         Dead: 0
[171.431s][debug][gc,phases         ] GC(3568)         Total: 0
[171.431s][debug][gc,phases         ] GC(3568)       JFR weak processing: 0.0ms
[171.431s][debug][gc,phases         ] GC(3568)         Dead: 0
[171.431s][debug][gc,phases         ] GC(3568)         Total: 0
[171.431s][debug][gc,phases         ] GC(3568)       JNI weak                  Min:  0.0, Avg:  0.0, Max:  0.0, Diff:  0.0, Sum:  0.0, Workers: 5
[171.431s][debug][gc,phases         ] GC(3568)         Dead                      Min: 0, Avg:  0.0, Max: 0, Diff: 0, Sum: 0, Workers: 5
[171.431s][debug][gc,phases         ] GC(3568)         Total                     Min: 0, Avg: 25.6, Max: 64, Diff: 64, Sum: 128, Workers: 5
[171.431s][debug][gc,phases         ] GC(3568)       VM weak                   Min:  0.0, Avg:  0.0, Max:  0.0, Diff:  0.0, Sum:  0.0, Workers: 5
[171.431s][debug][gc,phases         ] GC(3568)         Dead                      Min: 0, Avg:  0.0, Max: 0, Diff: 0, Sum: 0, Workers: 5
[171.432s][debug][gc,phases         ] GC(3568)         Total                     Min: 0, Avg: 42.4, Max: 128, Diff: 128, Sum: 212, Workers: 5
[171.432s][debug][gc,phases         ] GC(3568)       StringTable weak          Min:  0.0, Avg:  0.0, Max:  0.0, Diff:  0.0, Sum:  0.1, Workers: 5
[171.432s][debug][gc,phases         ] GC(3568)         Dead                      Min: 0, Avg:  0.0, Max: 0, Diff: 0, Sum: 0, Workers: 5
[171.432s][debug][gc,phases         ] GC(3568)         Total                     Min: 0, Avg: 686.2, Max: 1728, Diff: 1728, Sum: 3431, Workers: 5
[171.432s][debug][gc,phases         ] GC(3568)       ResolvedMethodTable weak  Min:  0.0, Avg:  0.0, Max:  0.0, Diff:  0.0, Sum:  0.0, Workers: 5
[171.432s][debug][gc,phases         ] GC(3568)         Dead                      Min: 0, Avg:  0.0, Max: 0, Diff: 0, Sum: 0, Workers: 5
[171.432s][debug][gc,phases         ] GC(3568)         Total                     Min: 0, Avg: 114.6, Max: 317, Diff: 317, Sum: 573, Workers: 5
[171.432s][debug][gc,phases         ] GC(3568)     Merge Per-Thread State: 0.0ms
[171.432s][debug][gc,phases         ] GC(3568)       Copied Bytes              Min: 72, Avg: 300307.0, Max: 800096, Diff: 800024, Sum: 2402456, Workers: 8
[171.432s][debug][gc,phases         ] GC(3568)       LAB Waste                 Min: 0, Avg:  0.0, Max: 0, Diff: 0, Sum: 0, Workers: 8
[171.432s][debug][gc,phases         ] GC(3568)       LAB Undo Waste            Min: 0, Avg:  0.0, Max: 0, Diff: 0, Sum: 0, Workers: 8
[171.432s][debug][gc,phases         ] GC(3568)     Code Roots Purge: 0.0ms
[171.432s][debug][gc,phases         ] GC(3568)     Redirty Cards: 0.0ms
[171.432s][debug][gc,phases         ] GC(3568)     DerivedPointerTable Update: 0.0ms
[171.432s][debug][gc,phases         ] GC(3568)     Free Collection Set: 0.2ms
[171.432s][debug][gc,phases         ] GC(3568)     Rebuild Free List: 0.1ms
[171.432s][debug][gc,phases         ] GC(3568)     Humongous Reclaim: 0.0ms
[171.432s][debug][gc,phases         ] GC(3568)     Start New Collection Set: 0.0ms
[171.432s][debug][gc,phases         ] GC(3568)     Resize TLABs: 0.0ms
[171.432s][debug][gc,phases         ] GC(3568)     Expand Heap After Collection: 0.0ms
[171.432s][info ][gc,phases         ] GC(3568)   Other: 0.3ms
[171.432s][info ][gc,heap           ] GC(3568) Eden regions: 870->0(870)
[171.432s][info ][gc,heap           ] GC(3568) Survivor regions: 3->3(110)
[171.432s][info ][gc,heap           ] GC(3568) Old regions: 17->17
[171.432s][info ][gc,heap           ] GC(3568) Archive regions: 2->2
[171.432s][info ][gc,heap           ] GC(3568) Humongous regions: 0->0
[171.432s][info ][gc,metaspace      ] GC(3568) Metaspace: 10069K(10624K)->10069K(10624K) NonClass: 8921K(9216K)->8921K(9216K) Class: 1148K(1408K)->1148K(1408K)
[171.432s][debug][gc,heap           ] GC(3568) Heap after GC invocations=3569 (full 1): garbage-first heap   total 1490944K, used 20282K [0x0000000700000000, 0x0000000800000000)
[171.432s][debug][gc,heap           ] GC(3568)   region size 1024K, 3 young (3072K), 3 survivors (3072K)
[171.432s][debug][gc,heap           ] GC(3568)  Metaspace       used 10069K, capacity 10368K, committed 10624K, reserved 1058816K
[171.432s][debug][gc,heap           ] GC(3568)   class space    used 1148K, capacity 1266K, committed 1408K, reserved 1048576K
[171.432s][info ][gc                ] GC(3568) Pause Young (Normal) (G1 Evacuation Pause) 889M->19M(1456M) 2.114ms
[171.432s][info ][gc,cpu            ] GC(3568) User=0.01s Sys=0.00s Real=0.00s
[171.432s][info ][safepoint         ] Safepoint "G1CollectForAllocation", Time since last: 43954421 ns, Reaching safepoint: 120959 ns, At safepoint: 2277313 ns, Total: 2398272 ns
[171.476s][debug][gc,heap           ] GC(3569) Heap before GC invocations=3569 (full 1): garbage-first heap   total 1490944K, used 910138K [0x0000000700000000, 0x0000000800000000)
[171.476s][debug][gc,heap           ] GC(3569)   region size 1024K, 873 young (893952K), 3 survivors (3072K)
[171.476s][debug][gc,heap           ] GC(3569)  Metaspace       used 10069K, capacity 10368K, committed 10624K, reserved 1058816K
[171.476s][debug][gc,heap           ] GC(3569)   class space    used 1148K, capacity 1266K, committed 1408K, reserved 1048576K
[171.476s][info ][gc,start          ] GC(3569) Pause Young (Normal) (G1 Evacuation Pause)
[171.476s][info ][gc,task           ] GC(3569) Using 8 workers of 8 for evacuation
[171.476s][debug][gc,tlab           ] GC(3569) TLAB totals: thrds: 8  refills: 12 max: 3 slow allocs: 1729 max 246 waste: 27.4% gc: 974624B max: 233776B slow: 42912B max: 15088B fast: 0B max: 0B
[171.476s][debug][gc,age            ] GC(3569) Desired survivor size 57671680 bytes, new threshold 15 (max threshold 15)
[171.476s][debug][gc,alloc,region   ] GC(3569) Mutator Allocation stats, regions: 870, wasted size: 203M (23.4%)
[171.476s][debug][gc,ergo           ] GC(3569) Running G1 Merge Heap Roots using 8 workers for 873 regions
[171.476s][debug][gc,remset         ] GC(3569) Visited cards 256 Total dirty 2048 (12.50%) Total old 3614720 (0.01%)
[171.477s][debug][gc,ergo           ] GC(3569) Running G1 Clear Card Table Task using 2 workers for 2 units of work for 874 regions.
[171.477s][debug][gc,ref            ] GC(3569) Skipped phase1 of Reference Processing due to unavailable references
[171.477s][debug][gc,ref            ] GC(3569) Skipped phase2 of Reference Processing due to unavailable references
[171.477s][debug][gc,ref            ] GC(3569) Skipped phase3 of Reference Processing due to unavailable references
[171.477s][debug][gc,ref            ] GC(3569) Skipped phase4 of Reference Processing due to unavailable references
[171.477s][debug][gc,ergo           ] GC(3569) Running G1 Free Collection Set using 8 workers for collection set length 873 (1456)
[171.477s][debug][gc,ergo           ] GC(3569) Running G1 Rebuild Free List Task using 8 workers for rebuilding free list of 0 (4096) regions
[171.477s][trace][gc,age            ] GC(3569) Age table with threshold 15 (max threshold 15)
[171.477s][trace][gc,age            ] GC(3569) - age   1:    3202568 bytes,    3202568 total
[171.477s][debug][gc,plab           ] GC(3569) Young PLAB allocation: allocated: 16512B, wasted: 0B, unused: 14064B, used: 2448B, undo waste: 0B, 
[171.477s][debug][gc,plab           ] GC(3569) Young other allocation: region end waste: 731184B, regions filled: 4, direct allocated: 3200120B, failure used: 0B, failure wasted: 0B
[171.477s][debug][gc,plab           ] GC(3569) Young sizing: calculated: 0B, actual: 2064B
[171.477s][debug][gc,plab           ] GC(3569) Old PLAB allocation: allocated: 0B, wasted: 0B, unused: 0B, used: 0B, undo waste: 0B, 
[171.477s][debug][gc,plab           ] GC(3569) Old other allocation: region end waste: 0B, regions filled: 1, direct allocated: 0B, failure used: 0B, failure wasted: 0B
[171.477s][debug][gc,plab           ] GC(3569) Old sizing: calculated: 0B, actual: 2064B
[171.477s][debug][gc,ihop           ] GC(3569) Basic information (value update), threshold: 687026995B (45.00), target occupancy: 1526726656B, current occupancy: 21817640B, recent allocation size: 0B, recent allocation duration: 44.83ms, recent old gen allocation rate: 0.00B/s, recent marking phase length: 29.01ms
[171.477s][debug][gc,ihop           ] GC(3569) Adaptive IHOP information (value update), threshold: 687026995B (47.37), internal target occupancy: 1450390323B, occupancy: 21817640B, additional buffer size: 915406848B, predicted old gen allocation rate: 10291.29B/s, predicted marking phase length: 58.01ms, prediction active: false
[171.477s][debug][gc,ergo,refine    ] GC(3569) Concurrent refinement times: Logged Cards Scan time goal: 20.00ms Logged Cards Scan time: 0.00ms HCC time: 0.00ms
[171.477s][debug][gc,ergo,refine    ] GC(3569) Updated Refinement Zones: green: 2048, yellow: 6144, red: 10240
[171.477s][info ][gc,phases         ] GC(3569)   Pre Evacuate Collection Set: 0.1ms
[171.477s][debug][gc,phases         ] GC(3569)     Prepare TLABs: 0.0ms
[171.477s][debug][gc,phases         ] GC(3569)     Choose Collection Set: 0.0ms
[171.477s][debug][gc,phases         ] GC(3569)     Region Register: 0.1ms
[171.477s][debug][gc,phases         ] GC(3569)     Prepare Heap Roots: 0.0ms
[171.477s][info ][gc,phases         ] GC(3569)   Merge Heap Roots: 0.1ms
[171.477s][debug][gc,phases         ] GC(3569)     Prepare Merge Heap Roots: 0.0ms
[171.477s][debug][gc,phases         ] GC(3569)     Eager Reclaim (ms):       skipped
[171.477s][debug][gc,phases         ] GC(3569)     Remembered Sets (ms):     Min:  0.0, Avg:  0.0, Max:  0.0, Diff:  0.0, Sum:  0.2, Workers: 8
[171.477s][debug][gc,phases         ] GC(3569)       Merged Sparse:            Min: 0, Avg:  0.0, Max: 0, Diff: 0, Sum: 0, Workers: 8
[171.477s][debug][gc,phases         ] GC(3569)       Merged Fine:              Min: 0, Avg:  0.0, Max: 0, Diff: 0, Sum: 0, Workers: 8
[171.477s][debug][gc,phases         ] GC(3569)       Merged Coarse:            Min: 0, Avg:  0.0, Max: 0, Diff: 0, Sum: 0, Workers: 8
[171.477s][debug][gc,phases         ] GC(3569)       Dirty Cards:              Min: 0, Avg:  0.0, Max: 0, Diff: 0, Sum: 0, Workers: 8
[171.477s][debug][gc,phases         ] GC(3569)     Hot Card Cache (ms):      Min:  0.0, Avg:  0.0, Max:  0.0, Diff:  0.0, Sum:  0.0, Workers: 8
[171.477s][debug][gc,phases         ] GC(3569)       Dirty Cards:              Min: 0, Avg:  0.0, Max: 0, Diff: 0, Sum: 0, Workers: 8
[171.477s][debug][gc,phases         ] GC(3569)       Skipped Cards:            Min: 0, Avg:  0.0, Max: 0, Diff: 0, Sum: 0, Workers: 8
[171.477s][debug][gc,phases         ] GC(3569)     Log Buffers (ms):         Min:  0.0, Avg:  0.0, Max:  0.0, Diff:  0.0, Sum:  0.0, Workers: 8
[171.477s][debug][gc,phases         ] GC(3569)       Dirty Cards:              Min: 0, Avg:  0.1, Max: 1, Diff: 1, Sum: 1, Workers: 8
[171.477s][debug][gc,phases         ] GC(3569)       Skipped Cards:            Min: 0, Avg:  0.0, Max: 0, Diff: 0, Sum: 0, Workers: 8
[171.477s][info ][gc,phases         ] GC(3569)   Evacuate Collection Set: 0.4ms
[171.477s][debug][gc,phases         ] GC(3569)     Ext Root Scanning (ms):   Min:  0.2, Avg:  0.2, Max:  0.3, Diff:  0.2, Sum:  1.9, Workers: 8
[171.477s][debug][gc,phases         ] GC(3569)     Scan Heap Roots (ms):     Min:  0.0, Avg:  0.0, Max:  0.0, Diff:  0.0, Sum:  0.0, Workers: 8
[171.477s][debug][gc,phases         ] GC(3569)       Scanned Cards:            Min: 0, Avg:  0.1, Max: 1, Diff: 1, Sum: 1, Workers: 8
[171.477s][debug][gc,phases         ] GC(3569)       Scanned Blocks:           Min: 0, Avg:  0.1, Max: 1, Diff: 1, Sum: 1, Workers: 8
[171.477s][debug][gc,phases         ] GC(3569)       Claimed Chunks:           Min: 0, Avg:  0.1, Max: 1, Diff: 1, Sum: 1, Workers: 8
[171.477s][debug][gc,phases         ] GC(3569)     Code Root Scan (ms):      Min:  0.0, Avg:  0.0, Max:  0.1, Diff:  0.1, Sum:  0.1, Workers: 8
[171.477s][debug][gc,phases         ] GC(3569)     Object Copy (ms):         Min:  0.0, Avg:  0.0, Max:  0.0, Diff:  0.0, Sum:  0.0, Workers: 8
[171.477s][debug][gc,phases         ] GC(3569)     Termination (ms):         Min:  0.0, Avg:  0.1, Max:  0.1, Diff:  0.1, Sum:  0.6, Workers: 8
[171.477s][debug][gc,phases         ] GC(3569)       Termination Attempts:     Min: 1, Avg:  1.0, Max: 1, Diff: 0, Sum: 8, Workers: 8
[171.477s][debug][gc,phases         ] GC(3569)     GC Worker Other (ms):     Min:  0.0, Avg:  0.0, Max:  0.1, Diff:  0.0, Sum:  0.3, Workers: 8
[171.477s][debug][gc,phases         ] GC(3569)     GC Worker Total (ms):     Min:  0.3, Avg:  0.4, Max:  0.4, Diff:  0.1, Sum:  2.9, Workers: 8
[171.477s][info ][gc,phases         ] GC(3569)   Post Evacuate Collection Set: 0.6ms
[171.477s][debug][gc,phases         ] GC(3569)     Code Roots Fixup: 0.0ms
[171.477s][debug][gc,phases         ] GC(3569)     Clear Card Table: 0.2ms
[171.478s][debug][gc,phases         ] GC(3569)     Reference Processing: 0.0ms
[171.478s][debug][gc,phases,ref     ] GC(3569)       Reconsider SoftReferences: 0.0ms
[171.478s][debug][gc,phases,ref     ] GC(3569)         SoftRef (ms):             skipped
[171.478s][debug][gc,phases,ref     ] GC(3569)       Notify Soft/WeakReferences: 0.0ms
[171.478s][debug][gc,phases,ref     ] GC(3569)         SoftRef (ms):             skipped
[171.478s][debug][gc,phases,ref     ] GC(3569)         WeakRef (ms):             skipped
[171.478s][debug][gc,phases,ref     ] GC(3569)         FinalRef (ms):            skipped
[171.478s][debug][gc,phases,ref     ] GC(3569)         Total (ms):               skipped
[171.478s][debug][gc,phases,ref     ] GC(3569)       Notify and keep alive finalizable: 0.0ms
[171.478s][debug][gc,phases,ref     ] GC(3569)         FinalRef (ms):            skipped
[171.478s][debug][gc,phases,ref     ] GC(3569)       Notify PhantomReferences: 0.0ms
[171.478s][debug][gc,phases,ref     ] GC(3569)         PhantomRef (ms):          skipped
[171.478s][debug][gc,phases,ref     ] GC(3569)       SoftReference:
[171.478s][debug][gc,phases,ref     ] GC(3569)         Discovered: 0
[171.478s][debug][gc,phases,ref     ] GC(3569)         Cleared: 0
[171.478s][debug][gc,phases,ref     ] GC(3569)       WeakReference:
[171.478s][debug][gc,phases,ref     ] GC(3569)         Discovered: 0
[171.478s][debug][gc,phases,ref     ] GC(3569)         Cleared: 0
[171.478s][debug][gc,phases,ref     ] GC(3569)       FinalReference:
[171.478s][debug][gc,phases,ref     ] GC(3569)         Discovered: 0
[171.478s][debug][gc,phases,ref     ] GC(3569)         Cleared: 0
[171.478s][debug][gc,phases,ref     ] GC(3569)       PhantomReference:
[171.478s][debug][gc,phases,ref     ] GC(3569)         Discovered: 0
[171.478s][debug][gc,phases,ref     ] GC(3569)         Cleared: 0
[171.478s][debug][gc,phases         ] GC(3569)     Weak Processing: 0.1ms
[171.478s][debug][gc,phases         ] GC(3569)       JVMTI weak processing: 0.0ms
[171.478s][debug][gc,phases         ] GC(3569)         Dead: 0
[171.478s][debug][gc,phases         ] GC(3569)         Total: 0
[171.478s][debug][gc,phases         ] GC(3569)       JFR weak processing: 0.0ms
[171.478s][debug][gc,phases         ] GC(3569)         Dead: 0
[171.478s][debug][gc,phases         ] GC(3569)         Total: 0
[171.478s][debug][gc,phases         ] GC(3569)       JNI weak                  Min:  0.0, Avg:  0.0, Max:  0.0, Diff:  0.0, Sum:  0.0, Workers: 5
[171.478s][debug][gc,phases         ] GC(3569)         Dead                      Min: 0, Avg:  0.0, Max: 0, Diff: 0, Sum: 0, Workers: 5
[171.478s][debug][gc,phases         ] GC(3569)         Total                     Min: 0, Avg: 25.6, Max: 128, Diff: 128, Sum: 128, Workers: 5
[171.478s][debug][gc,phases         ] GC(3569)       VM weak                   Min:  0.0, Avg:  0.0, Max:  0.0, Diff:  0.0, Sum:  0.0, Workers: 5
[171.478s][debug][gc,phases         ] GC(3569)         Dead                      Min: 0, Avg:  0.0, Max: 0, Diff: 0, Sum: 0, Workers: 5
[171.478s][debug][gc,phases         ] GC(3569)         Total                     Min: 0, Avg: 42.4, Max: 212, Diff: 212, Sum: 212, Workers: 5
[171.478s][debug][gc,phases         ] GC(3569)       StringTable weak          Min:  0.0, Avg:  0.0, Max:  0.0, Diff:  0.0, Sum:  0.0, Workers: 5
[171.478s][debug][gc,phases         ] GC(3569)         Dead                      Min: 0, Avg:  0.0, Max: 0, Diff: 0, Sum: 0, Workers: 5
[171.478s][debug][gc,phases         ] GC(3569)         Total                     Min: 0, Avg: 686.2, Max: 2791, Diff: 2791, Sum: 3431, Workers: 5
[171.478s][debug][gc,phases         ] GC(3569)       ResolvedMethodTable weak  Min:  0.0, Avg:  0.0, Max:  0.0, Diff:  0.0, Sum:  0.0, Workers: 5
[171.478s][debug][gc,phases         ] GC(3569)         Dead                      Min: 0, Avg:  0.0, Max: 0, Diff: 0, Sum: 0, Workers: 5
[171.478s][debug][gc,phases         ] GC(3569)         Total                     Min: 0, Avg: 114.6, Max: 192, Diff: 192, Sum: 573, Workers: 5
[171.478s][debug][gc,phases         ] GC(3569)     Merge Per-Thread State: 0.0ms
[171.478s][debug][gc,phases         ] GC(3569)       Copied Bytes              Min: 728, Avg: 400321.0, Max: 800320, Diff: 799592, Sum: 3202568, Workers: 8
[171.478s][debug][gc,phases         ] GC(3569)       LAB Waste                 Min: 0, Avg:  0.0, Max: 0, Diff: 0, Sum: 0, Workers: 8
[171.478s][debug][gc,phases         ] GC(3569)       LAB Undo Waste            Min: 0, Avg:  0.0, Max: 0, Diff: 0, Sum: 0, Workers: 8
[171.478s][debug][gc,phases         ] GC(3569)     Code Roots Purge: 0.0ms
[171.478s][debug][gc,phases         ] GC(3569)     Redirty Cards: 0.0ms
[171.478s][debug][gc,phases         ] GC(3569)     DerivedPointerTable Update: 0.0ms
[171.478s][debug][gc,phases         ] GC(3569)     Free Collection Set: 0.2ms
[171.478s][debug][gc,phases         ] GC(3569)     Rebuild Free List: 0.1ms
[171.478s][debug][gc,phases         ] GC(3569)     Humongous Reclaim: 0.0ms
[171.478s][debug][gc,phases         ] GC(3569)     Start New Collection Set: 0.0ms
[171.478s][debug][gc,phases         ] GC(3569)     Resize TLABs: 0.0ms
[171.478s][debug][gc,phases         ] GC(3569)     Expand Heap After Collection: 0.0ms
[171.478s][info ][gc,phases         ] GC(3569)   Other: 0.3ms
[171.478s][info ][gc,heap           ] GC(3569) Eden regions: 870->0(869)
[171.478s][info ][gc,heap           ] GC(3569) Survivor regions: 3->4(110)
[171.478s][info ][gc,heap           ] GC(3569) Old regions: 17->17
[171.478s][info ][gc,heap           ] GC(3569) Archive regions: 2->2
[171.478s][info ][gc,heap           ] GC(3569) Humongous regions: 0->0
[171.478s][info ][gc,metaspace      ] GC(3569) Metaspace: 10069K(10624K)->10069K(10624K) NonClass: 8921K(9216K)->8921K(9216K) Class: 1148K(1408K)->1148K(1408K)
[171.478s][debug][gc,heap           ] GC(3569) Heap after GC invocations=3570 (full 1): garbage-first heap   total 1490944K, used 21306K [0x0000000700000000, 0x0000000800000000)
[171.478s][debug][gc,heap           ] GC(3569)   region size 1024K, 4 young (4096K), 4 survivors (4096K)
[171.478s][debug][gc,heap           ] GC(3569)  Metaspace       used 10069K, capacity 10368K, committed 10624K, reserved 1058816K
[171.478s][debug][gc,heap           ] GC(3569)   class space    used 1148K, capacity 1266K, committed 1408K, reserved 1048576K
[171.478s][info ][gc                ] GC(3569) Pause Young (Normal) (G1 Evacuation Pause) 889M->20M(1456M) 2.130ms
[171.478s][info ][gc,cpu            ] GC(3569) User=0.00s Sys=0.00s Real=0.01s
[171.478s][info ][safepoint         ] Safepoint "G1CollectForAllocation", Time since last: 43707673 ns, Reaching safepoint: 182796 ns, At safepoint: 2325122 ns, Total: 2507918 ns
[171.521s][debug][gc,heap           ] GC(3570) Heap before GC invocations=3570 (full 1): garbage-first heap   total 1490944K, used 910138K [0x0000000700000000, 0x0000000800000000)
[171.521s][debug][gc,heap           ] GC(3570)   region size 1024K, 873 young (893952K), 4 survivors (4096K)
[171.521s][debug][gc,heap           ] GC(3570)  Metaspace       used 10069K, capacity 10368K, committed 10624K, reserved 1058816K
[171.521s][debug][gc,heap           ] GC(3570)   class space    used 1148K, capacity 1266K, committed 1408K, reserved 1048576K
[171.521s][info ][gc,start          ] GC(3570) Pause Young (Normal) (G1 Evacuation Pause)
[171.521s][info ][gc,task           ] GC(3570) Using 8 workers of 8 for evacuation
[171.521s][debug][gc,tlab           ] GC(3570) TLAB totals: thrds: 8  refills: 16 max: 3 slow allocs: 1731 max 226 waste: 26.2% gc: 1288616B max: 228328B slow: 98496B max: 15096B fast: 0B max: 0B
[171.521s][debug][gc,age            ] GC(3570) Desired survivor size 57671680 bytes, new threshold 15 (max threshold 15)
[171.521s][debug][gc,alloc,region   ] GC(3570) Mutator Allocation stats, regions: 869, wasted size: 203M (23.4%)
[171.522s][debug][gc,ergo           ] GC(3570) Running G1 Merge Heap Roots using 8 workers for 873 regions
[171.522s][debug][gc,remset         ] GC(3570) Visited cards 512 Total dirty 4096 (12.50%) Total old 3614720 (0.01%)
[171.522s][debug][gc,ergo           ] GC(3570) Running G1 Clear Card Table Task using 2 workers for 2 units of work for 875 regions.
[171.522s][debug][gc,ref            ] GC(3570) Skipped phase1 of Reference Processing due to unavailable references
[171.522s][debug][gc,ref            ] GC(3570) Skipped phase2 of Reference Processing due to unavailable references
[171.522s][debug][gc,ref            ] GC(3570) Skipped phase3 of Reference Processing due to unavailable references
[171.522s][debug][gc,ref            ] GC(3570) Skipped phase4 of Reference Processing due to unavailable references
[171.522s][debug][gc,ergo           ] GC(3570) Running G1 Free Collection Set using 8 workers for collection set length 873 (1456)
[171.523s][debug][gc,ergo           ] GC(3570) Running G1 Rebuild Free List Task using 8 workers for rebuilding free list of 0 (4096) regions
[171.523s][trace][gc,age            ] GC(3570) Age table with threshold 15 (max threshold 15)
[171.523s][trace][gc,age            ] GC(3570) - age   1:    2402536 bytes,    2402536 total
[171.523s][debug][gc,plab           ] GC(3570) Young PLAB allocation: allocated: 16512B, wasted: 0B, unused: 14064B, used: 2448B, undo waste: 0B, 
[171.523s][debug][gc,plab           ] GC(3570) Young other allocation: region end waste: 482640B, regions filled: 3, direct allocated: 2400088B, failure used: 0B, failure wasted: 0B
[171.523s][debug][gc,plab           ] GC(3570) Young sizing: calculated: 0B, actual: 2064B
[171.523s][debug][gc,plab           ] GC(3570) Old PLAB allocation: allocated: 0B, wasted: 0B, unused: 0B, used: 0B, undo waste: 0B, 
[171.523s][debug][gc,plab           ] GC(3570) Old other allocation: region end waste: 0B, regions filled: 1, direct allocated: 0B, failure used: 0B, failure wasted: 0B
[171.523s][debug][gc,plab           ] GC(3570) Old sizing: calculated: 0B, actual: 2064B
[171.523s][debug][gc,ihop           ] GC(3570) Basic information (value update), threshold: 687026995B (45.00), target occupancy: 1526726656B, current occupancy: 20769064B, recent allocation size: 0B, recent allocation duration: 44.15ms, recent old gen allocation rate: 0.00B/s, recent marking phase length: 29.01ms
[171.523s][debug][gc,ihop           ] GC(3570) Adaptive IHOP information (value update), threshold: 687026995B (47.37), internal target occupancy: 1450390323B, occupancy: 20769064B, additional buffer size: 915406848B, predicted old gen allocation rate: 10003.45B/s, predicted marking phase length: 58.01ms, prediction active: false
[171.523s][debug][gc,ergo,refine    ] GC(3570) Concurrent refinement times: Logged Cards Scan time goal: 20.00ms Logged Cards Scan time: 0.00ms HCC time: 0.00ms
[171.523s][debug][gc,ergo,refine    ] GC(3570) Updated Refinement Zones: green: 2048, yellow: 6144, red: 10240
[171.523s][info ][gc,phases         ] GC(3570)   Pre Evacuate Collection Set: 0.1ms
[171.523s][debug][gc,phases         ] GC(3570)     Prepare TLABs: 0.0ms
[171.523s][debug][gc,phases         ] GC(3570)     Choose Collection Set: 0.0ms
[171.523s][debug][gc,phases         ] GC(3570)     Region Register: 0.1ms
[171.523s][debug][gc,phases         ] GC(3570)     Prepare Heap Roots: 0.0ms
[171.523s][info ][gc,phases         ] GC(3570)   Merge Heap Roots: 0.1ms
[171.523s][debug][gc,phases         ] GC(3570)     Prepare Merge Heap Roots: 0.0ms
[171.523s][debug][gc,phases         ] GC(3570)     Eager Reclaim (ms):       skipped
[171.523s][debug][gc,phases         ] GC(3570)     Remembered Sets (ms):     Min:  0.0, Avg:  0.0, Max:  0.1, Diff:  0.0, Sum:  0.3, Workers: 8
[171.523s][debug][gc,phases         ] GC(3570)       Merged Sparse:            Min: 0, Avg:  0.0, Max: 0, Diff: 0, Sum: 0, Workers: 8
[171.523s][debug][gc,phases         ] GC(3570)       Merged Fine:              Min: 0, Avg:  0.0, Max: 0, Diff: 0, Sum: 0, Workers: 8
[171.523s][debug][gc,phases         ] GC(3570)       Merged Coarse:            Min: 0, Avg:  0.0, Max: 0, Diff: 0, Sum: 0, Workers: 8
[171.523s][debug][gc,phases         ] GC(3570)       Dirty Cards:              Min: 0, Avg:  0.0, Max: 0, Diff: 0, Sum: 0, Workers: 8
[171.523s][debug][gc,phases         ] GC(3570)     Hot Card Cache (ms):      Min:  0.0, Avg:  0.0, Max:  0.0, Diff:  0.0, Sum:  0.0, Workers: 8
[171.523s][debug][gc,phases         ] GC(3570)       Dirty Cards:              Min: 0, Avg:  0.0, Max: 0, Diff: 0, Sum: 0, Workers: 8
[171.523s][debug][gc,phases         ] GC(3570)       Skipped Cards:            Min: 0, Avg:  0.0, Max: 0, Diff: 0, Sum: 0, Workers: 8
[171.523s][debug][gc,phases         ] GC(3570)     Log Buffers (ms):         Min:  0.0, Avg:  0.0, Max:  0.0, Diff:  0.0, Sum:  0.0, Workers: 8
[171.523s][debug][gc,phases         ] GC(3570)       Dirty Cards:              Min: 0, Avg:  0.2, Max: 2, Diff: 2, Sum: 2, Workers: 8
[171.523s][debug][gc,phases         ] GC(3570)       Skipped Cards:            Min: 0, Avg:  0.0, Max: 0, Diff: 0, Sum: 0, Workers: 8
[171.523s][info ][gc,phases         ] GC(3570)   Evacuate Collection Set: 0.3ms
[171.523s][debug][gc,phases         ] GC(3570)     Ext Root Scanning (ms):   Min:  0.1, Avg:  0.1, Max:  0.3, Diff:  0.2, Sum:  1.1, Workers: 8
[171.523s][debug][gc,phases         ] GC(3570)     Scan Heap Roots (ms):     Min:  0.0, Avg:  0.0, Max:  0.0, Diff:  0.0, Sum:  0.0, Workers: 8
[171.523s][debug][gc,phases         ] GC(3570)       Scanned Cards:            Min: 0, Avg:  0.2, Max: 1, Diff: 1, Sum: 2, Workers: 8
[171.523s][debug][gc,phases         ] GC(3570)       Scanned Blocks:           Min: 0, Avg:  0.2, Max: 1, Diff: 1, Sum: 2, Workers: 8
[171.523s][debug][gc,phases         ] GC(3570)       Claimed Chunks:           Min: 0, Avg:  0.2, Max: 1, Diff: 1, Sum: 2, Workers: 8
[171.523s][debug][gc,phases         ] GC(3570)     Code Root Scan (ms):      Min:  0.0, Avg:  0.0, Max:  0.0, Diff:  0.0, Sum:  0.1, Workers: 8
[171.523s][debug][gc,phases         ] GC(3570)     Object Copy (ms):         Min:  0.0, Avg:  0.0, Max:  0.0, Diff:  0.0, Sum:  0.0, Workers: 8
[171.523s][debug][gc,phases         ] GC(3570)     Termination (ms):         Min:  0.0, Avg:  0.1, Max:  0.1, Diff:  0.0, Sum:  0.4, Workers: 8
[171.523s][debug][gc,phases         ] GC(3570)       Termination Attempts:     Min: 1, Avg:  1.1, Max: 2, Diff: 1, Sum: 9, Workers: 8
[171.523s][debug][gc,phases         ] GC(3570)     GC Worker Other (ms):     Min:  0.0, Avg:  0.0, Max:  0.1, Diff:  0.1, Sum:  0.3, Workers: 8
[171.523s][debug][gc,phases         ] GC(3570)     GC Worker Total (ms):     Min:  0.2, Avg:  0.3, Max:  0.3, Diff:  0.0, Sum:  2.1, Workers: 8
[171.523s][info ][gc,phases         ] GC(3570)   Post Evacuate Collection Set: 0.6ms
[171.523s][debug][gc,phases         ] GC(3570)     Code Roots Fixup: 0.0ms
[171.523s][debug][gc,phases         ] GC(3570)     Clear Card Table: 0.2ms
[171.523s][debug][gc,phases         ] GC(3570)     Reference Processing: 0.0ms
[171.523s][debug][gc,phases,ref     ] GC(3570)       Reconsider SoftReferences: 0.0ms
[171.523s][debug][gc,phases,ref     ] GC(3570)         SoftRef (ms):             skipped
[171.523s][debug][gc,phases,ref     ] GC(3570)       Notify Soft/WeakReferences: 0.0ms
[171.523s][debug][gc,phases,ref     ] GC(3570)         SoftRef (ms):             skipped
[171.523s][debug][gc,phases,ref     ] GC(3570)         WeakRef (ms):             skipped
[171.523s][debug][gc,phases,ref     ] GC(3570)         FinalRef (ms):            skipped
[171.523s][debug][gc,phases,ref     ] GC(3570)         Total (ms):               skipped
[171.523s][debug][gc,phases,ref     ] GC(3570)       Notify and keep alive finalizable: 0.0ms
[171.523s][debug][gc,phases,ref     ] GC(3570)         FinalRef (ms):            skipped
[171.523s][debug][gc,phases,ref     ] GC(3570)       Notify PhantomReferences: 0.0ms
[171.523s][debug][gc,phases,ref     ] GC(3570)         PhantomRef (ms):          skipped
[171.523s][debug][gc,phases,ref     ] GC(3570)       SoftReference:
[171.523s][debug][gc,phases,ref     ] GC(3570)         Discovered: 0
[171.523s][debug][gc,phases,ref     ] GC(3570)         Cleared: 0
[171.523s][debug][gc,phases,ref     ] GC(3570)       WeakReference:
[171.523s][debug][gc,phases,ref     ] GC(3570)         Discovered: 0
[171.523s][debug][gc,phases,ref     ] GC(3570)         Cleared: 0
[171.523s][debug][gc,phases,ref     ] GC(3570)       FinalReference:
[171.523s][debug][gc,phases,ref     ] GC(3570)         Discovered: 0
[171.523s][debug][gc,phases,ref     ] GC(3570)         Cleared: 0
[171.523s][debug][gc,phases,ref     ] GC(3570)       PhantomReference:
[171.523s][debug][gc,phases,ref     ] GC(3570)         Discovered: 0
[171.523s][debug][gc,phases,ref     ] GC(3570)         Cleared: 0
[171.523s][debug][gc,phases         ] GC(3570)     Weak Processing: 0.1ms
[171.523s][debug][gc,phases         ] GC(3570)       JVMTI weak processing: 0.0ms
[171.523s][debug][gc,phases         ] GC(3570)         Dead: 0
[171.523s][debug][gc,phases         ] GC(3570)         Total: 0
[171.523s][debug][gc,phases         ] GC(3570)       JFR weak processing: 0.0ms
[171.523s][debug][gc,phases         ] GC(3570)         Dead: 0
[171.523s][debug][gc,phases         ] GC(3570)         Total: 0
[171.523s][debug][gc,phases         ] GC(3570)       JNI weak                  Min:  0.0, Avg:  0.0, Max:  0.0, Diff:  0.0, Sum:  0.0, Workers: 5
[171.523s][debug][gc,phases         ] GC(3570)         Dead                      Min: 0, Avg:  0.0, Max: 0, Diff: 0, Sum: 0, Workers: 5
[171.523s][debug][gc,phases         ] GC(3570)         Total                     Min: 0, Avg: 25.6, Max: 64, Diff: 64, Sum: 128, Workers: 5
[171.523s][debug][gc,phases         ] GC(3570)       VM weak                   Min:  0.0, Avg:  0.0, Max:  0.0, Diff:  0.0, Sum:  0.0, Workers: 5
[171.523s][debug][gc,phases         ] GC(3570)         Dead                      Min: 0, Avg:  0.0, Max: 0, Diff: 0, Sum: 0, Workers: 5
[171.523s][debug][gc,phases         ] GC(3570)         Total                     Min: 0, Avg: 42.4, Max: 128, Diff: 128, Sum: 212, Workers: 5
[171.523s][debug][gc,phases         ] GC(3570)       StringTable weak          Min:  0.0, Avg:  0.0, Max:  0.0, Diff:  0.0, Sum:  0.1, Workers: 5
[171.523s][debug][gc,phases         ] GC(3570)         Dead                      Min: 0, Avg:  0.0, Max: 0, Diff: 0, Sum: 0, Workers: 5
[171.523s][debug][gc,phases         ] GC(3570)         Total                     Min: 0, Avg: 686.2, Max: 1728, Diff: 1728, Sum: 3431, Workers: 5
[171.523s][debug][gc,phases         ] GC(3570)       ResolvedMethodTable weak  Min:  0.0, Avg:  0.0, Max:  0.0, Diff:  0.0, Sum:  0.0, Workers: 5
[171.523s][debug][gc,phases         ] GC(3570)         Dead                      Min: 0, Avg:  0.0, Max: 0, Diff: 0, Sum: 0, Workers: 5
[171.523s][debug][gc,phases         ] GC(3570)         Total                     Min: 0, Avg: 114.6, Max: 317, Diff: 317, Sum: 573, Workers: 5
[171.523s][debug][gc,phases         ] GC(3570)     Merge Per-Thread State: 0.0ms
[171.523s][debug][gc,phases         ] GC(3570)       Copied Bytes              Min: 296, Avg: 300317.0, Max: 800096, Diff: 799800, Sum: 2402536, Workers: 8
[171.523s][debug][gc,phases         ] GC(3570)       LAB Waste                 Min: 0, Avg:  0.0, Max: 0, Diff: 0, Sum: 0, Workers: 8
[171.523s][debug][gc,phases         ] GC(3570)       LAB Undo Waste            Min: 0, Avg:  0.0, Max: 0, Diff: 0, Sum: 0, Workers: 8
[171.523s][debug][gc,phases         ] GC(3570)     Code Roots Purge: 0.0ms
[171.523s][debug][gc,phases         ] GC(3570)     Redirty Cards: 0.0ms
[171.523s][debug][gc,phases         ] GC(3570)     DerivedPointerTable Update: 0.0ms
[171.523s][debug][gc,phases         ] GC(3570)     Free Collection Set: 0.2ms
[171.523s][debug][gc,phases         ] GC(3570)     Rebuild Free List: 0.1ms
[171.523s][debug][gc,phases         ] GC(3570)     Humongous Reclaim: 0.0ms
[171.523s][debug][gc,phases         ] GC(3570)     Start New Collection Set: 0.0ms
[171.523s][debug][gc,phases         ] GC(3570)     Resize TLABs: 0.0ms
[171.523s][debug][gc,phases         ] GC(3570)     Expand Heap After Collection: 0.0ms
[171.523s][info ][gc,phases         ] GC(3570)   Other: 0.3ms
[171.523s][info ][gc,heap           ] GC(3570) Eden regions: 869->0(870)
[171.523s][info ][gc,heap           ] GC(3570) Survivor regions: 4->3(110)
[171.523s][info ][gc,heap           ] GC(3570) Old regions: 17->17
[171.523s][info ][gc,heap           ] GC(3570) Archive regions: 2->2
[171.523s][info ][gc,heap           ] GC(3570) Humongous regions: 0->0
[171.523s][info ][gc,metaspace      ] GC(3570) Metaspace: 10069K(10624K)->10069K(10624K) NonClass: 8921K(9216K)->8921K(9216K) Class: 1148K(1408K)->1148K(1408K)
[171.523s][debug][gc,heap           ] GC(3570) Heap after GC invocations=3571 (full 1): garbage-first heap   total 1490944K, used 20282K [0x0000000700000000, 0x0000000800000000)
[171.523s][debug][gc,heap           ] GC(3570)   region size 1024K, 3 young (3072K), 3 survivors (3072K)
[171.523s][debug][gc,heap           ] GC(3570)  Metaspace       used 10069K, capacity 10368K, committed 10624K, reserved 1058816K
[171.523s][debug][gc,heap           ] GC(3570)   class space    used 1148K, capacity 1266K, committed 1408K, reserved 1048576K
[171.523s][info ][gc                ] GC(3570) Pause Young (Normal) (G1 Evacuation Pause) 889M->19M(1456M) 2.078ms
[171.523s][info ][gc,cpu            ] GC(3570) User=0.00s Sys=0.00s Real=0.00s
[171.523s][info ][safepoint         ] Safepoint "G1CollectForAllocation", Time since last: 43049020 ns, Reaching safepoint: 178178 ns, At safepoint: 2249713 ns, Total: 2427891 ns
[171.568s][debug][gc,heap           ] GC(3571) Heap before GC invocations=3571 (full 1): garbage-first heap   total 1490944K, used 910138K [0x0000000700000000, 0x0000000800000000)
[171.568s][debug][gc,heap           ] GC(3571)   region size 1024K, 873 young (893952K), 3 survivors (3072K)
[171.568s][debug][gc,heap           ] GC(3571)  Metaspace       used 10069K, capacity 10368K, committed 10624K, reserved 1058816K
[171.568s][debug][gc,heap           ] GC(3571)   class space    used 1148K, capacity 1266K, committed 1408K, reserved 1048576K
[171.568s][info ][gc,start          ] GC(3571) Pause Young (Normal) (G1 Evacuation Pause)
[171.568s][info ][gc,task           ] GC(3571) Using 8 workers of 8 for evacuation
[171.568s][debug][gc,tlab           ] GC(3571) TLAB totals: thrds: 8  refills: 10 max: 2 slow allocs: 1733 max 240 waste: 28.0% gc: 863504B max: 133536B slow: 27744B max: 14304B fast: 0B max: 0B
[171.568s][debug][gc,age            ] GC(3571) Desired survivor size 57671680 bytes, new threshold 15 (max threshold 15)
[171.568s][debug][gc,alloc,region   ] GC(3571) Mutator Allocation stats, regions: 870, wasted size: 204M (23.5%)
[171.569s][debug][gc,ergo           ] GC(3571) Running G1 Merge Heap Roots using 8 workers for 873 regions
[171.569s][debug][gc,remset         ] GC(3571) Visited cards 256 Total dirty 2048 (12.50%) Total old 3614720 (0.01%)
[171.569s][debug][gc,ergo           ] GC(3571) Running G1 Clear Card Table Task using 2 workers for 2 units of work for 874 regions.
[171.569s][debug][gc,ref            ] GC(3571) Skipped phase1 of Reference Processing due to unavailable references
[171.569s][debug][gc,ref            ] GC(3571) Skipped phase2 of Reference Processing due to unavailable references
[171.569s][debug][gc,ref            ] GC(3571) Skipped phase3 of Reference Processing due to unavailable references
[171.569s][debug][gc,ref            ] GC(3571) Skipped phase4 of Reference Processing due to unavailable references
[171.569s][debug][gc,ergo           ] GC(3571) Running G1 Free Collection Set using 8 workers for collection set length 873 (1456)
[171.570s][debug][gc,ergo           ] GC(3571) Running G1 Rebuild Free List Task using 8 workers for rebuilding free list of 0 (4096) regions
[171.570s][trace][gc,age            ] GC(3571) Age table with threshold 15 (max threshold 15)
[171.570s][trace][gc,age            ] GC(3571) - age   1:    4002592 bytes,    4002592 total
[171.570s][debug][gc,plab           ] GC(3571) Young PLAB allocation: allocated: 16512B, wasted: 0B, unused: 14064B, used: 2448B, undo waste: 0B, 
[171.570s][debug][gc,plab           ] GC(3571) Young other allocation: region end waste: 981792B, regions filled: 5, direct allocated: 4000144B, failure used: 0B, failure wasted: 0B
[171.570s][debug][gc,plab           ] GC(3571) Young sizing: calculated: 0B, actual: 2064B
[171.570s][debug][gc,plab           ] GC(3571) Old PLAB allocation: allocated: 0B, wasted: 0B, unused: 0B, used: 0B, undo waste: 0B, 
[171.570s][debug][gc,plab           ] GC(3571) Old other allocation: region end waste: 0B, regions filled: 1, direct allocated: 0B, failure used: 0B, failure wasted: 0B
[171.570s][debug][gc,plab           ] GC(3571) Old sizing: calculated: 0B, actual: 2064B
[171.570s][debug][gc,ihop           ] GC(3571) Basic information (value update), threshold: 687026995B (45.00), target occupancy: 1526726656B, current occupancy: 22868272B, recent allocation size: 0B, recent allocation duration: 45.59ms, recent old gen allocation rate: 0.00B/s, recent marking phase length: 29.01ms
[171.570s][debug][gc,ihop           ] GC(3571) Adaptive IHOP information (value update), threshold: 687026995B (47.37), internal target occupancy: 1450390323B, occupancy: 22868272B, additional buffer size: 915406848B, predicted old gen allocation rate: 9724.25B/s, predicted marking phase length: 58.01ms, prediction active: false
[171.570s][debug][gc,ergo,refine    ] GC(3571) Concurrent refinement times: Logged Cards Scan time goal: 20.00ms Logged Cards Scan time: 0.00ms HCC time: 0.00ms
[171.570s][debug][gc,ergo,refine    ] GC(3571) Updated Refinement Zones: green: 2048, yellow: 6144, red: 10240
[171.570s][info ][gc,phases         ] GC(3571)   Pre Evacuate Collection Set: 0.1ms
[171.570s][debug][gc,phases         ] GC(3571)     Prepare TLABs: 0.0ms
[171.570s][debug][gc,phases         ] GC(3571)     Choose Collection Set: 0.0ms
[171.570s][debug][gc,phases         ] GC(3571)     Region Register: 0.1ms
[171.570s][debug][gc,phases         ] GC(3571)     Prepare Heap Roots: 0.0ms
[171.570s][info ][gc,phases         ] GC(3571)   Merge Heap Roots: 0.2ms
[171.570s][debug][gc,phases         ] GC(3571)     Prepare Merge Heap Roots: 0.0ms
[171.570s][debug][gc,phases         ] GC(3571)     Eager Reclaim (ms):       skipped
[171.570s][debug][gc,phases         ] GC(3571)     Remembered Sets (ms):     Min:  0.0, Avg:  0.0, Max:  0.1, Diff:  0.0, Sum:  0.4, Workers: 8
[171.570s][debug][gc,phases         ] GC(3571)       Merged Sparse:            Min: 0, Avg:  0.0, Max: 0, Diff: 0, Sum: 0, Workers: 8
[171.570s][debug][gc,phases         ] GC(3571)       Merged Fine:              Min: 0, Avg:  0.0, Max: 0, Diff: 0, Sum: 0, Workers: 8
[171.570s][debug][gc,phases         ] GC(3571)       Merged Coarse:            Min: 0, Avg:  0.0, Max: 0, Diff: 0, Sum: 0, Workers: 8
[171.570s][debug][gc,phases         ] GC(3571)       Dirty Cards:              Min: 0, Avg:  0.0, Max: 0, Diff: 0, Sum: 0, Workers: 8
[171.570s][debug][gc,phases         ] GC(3571)     Hot Card Cache (ms):      Min:  0.0, Avg:  0.0, Max:  0.0, Diff:  0.0, Sum:  0.0, Workers: 8
[171.570s][debug][gc,phases         ] GC(3571)       Dirty Cards:              Min: 0, Avg:  0.0, Max: 0, Diff: 0, Sum: 0, Workers: 8
[171.570s][debug][gc,phases         ] GC(3571)       Skipped Cards:            Min: 0, Avg:  0.0, Max: 0, Diff: 0, Sum: 0, Workers: 8
[171.570s][debug][gc,phases         ] GC(3571)     Log Buffers (ms):         Min:  0.0, Avg:  0.0, Max:  0.0, Diff:  0.0, Sum:  0.0, Workers: 8
[171.570s][debug][gc,phases         ] GC(3571)       Dirty Cards:              Min: 0, Avg:  0.1, Max: 1, Diff: 1, Sum: 1, Workers: 8
[171.570s][debug][gc,phases         ] GC(3571)       Skipped Cards:            Min: 0, Avg:  0.0, Max: 0, Diff: 0, Sum: 0, Workers: 8
[171.570s][info ][gc,phases         ] GC(3571)   Evacuate Collection Set: 0.4ms
[171.570s][debug][gc,phases         ] GC(3571)     Ext Root Scanning (ms):   Min:  0.3, Avg:  0.3, Max:  0.4, Diff:  0.1, Sum:  2.4, Workers: 8
[171.570s][debug][gc,phases         ] GC(3571)     Scan Heap Roots (ms):     Min:  0.0, Avg:  0.0, Max:  0.0, Diff:  0.0, Sum:  0.0, Workers: 8
[171.570s][debug][gc,phases         ] GC(3571)       Scanned Cards:            Min: 0, Avg:  0.1, Max: 1, Diff: 1, Sum: 1, Workers: 8
[171.570s][debug][gc,phases         ] GC(3571)       Scanned Blocks:           Min: 0, Avg:  0.1, Max: 1, Diff: 1, Sum: 1, Workers: 8
[171.570s][debug][gc,phases         ] GC(3571)       Claimed Chunks:           Min: 0, Avg:  0.1, Max: 1, Diff: 1, Sum: 1, Workers: 8
[171.570s][debug][gc,phases         ] GC(3571)     Code Root Scan (ms):      Min:  0.0, Avg:  0.0, Max:  0.0, Diff:  0.0, Sum:  0.2, Workers: 8
[171.570s][debug][gc,phases         ] GC(3571)     Object Copy (ms):         Min:  0.0, Avg:  0.0, Max:  0.0, Diff:  0.0, Sum:  0.0, Workers: 8
[171.570s][debug][gc,phases         ] GC(3571)     Termination (ms):         Min:  0.0, Avg:  0.0, Max:  0.1, Diff:  0.0, Sum:  0.4, Workers: 8
[171.570s][debug][gc,phases         ] GC(3571)       Termination Attempts:     Min: 1, Avg:  1.0, Max: 1, Diff: 0, Sum: 8, Workers: 8
[171.570s][debug][gc,phases         ] GC(3571)     GC Worker Other (ms):     Min:  0.0, Avg:  0.0, Max:  0.1, Diff:  0.0, Sum:  0.4, Workers: 8
[171.570s][debug][gc,phases         ] GC(3571)     GC Worker Total (ms):     Min:  0.4, Avg:  0.4, Max:  0.4, Diff:  0.0, Sum:  3.4, Workers: 8
[171.570s][info ][gc,phases         ] GC(3571)   Post Evacuate Collection Set: 0.7ms
[171.570s][debug][gc,phases         ] GC(3571)     Code Roots Fixup: 0.0ms
[171.570s][debug][gc,phases         ] GC(3571)     Clear Card Table: 0.2ms
[171.570s][debug][gc,phases         ] GC(3571)     Reference Processing: 0.1ms
[171.570s][debug][gc,phases,ref     ] GC(3571)       Reconsider SoftReferences: 0.0ms
[171.570s][debug][gc,phases,ref     ] GC(3571)         SoftRef (ms):             skipped
[171.570s][debug][gc,phases,ref     ] GC(3571)       Notify Soft/WeakReferences: 0.0ms
[171.570s][debug][gc,phases,ref     ] GC(3571)         SoftRef (ms):             skipped
[171.570s][debug][gc,phases,ref     ] GC(3571)         WeakRef (ms):             skipped
[171.570s][debug][gc,phases,ref     ] GC(3571)         FinalRef (ms):            skipped
[171.570s][debug][gc,phases,ref     ] GC(3571)         Total (ms):               skipped
[171.570s][debug][gc,phases,ref     ] GC(3571)       Notify and keep alive finalizable: 0.0ms
[171.570s][debug][gc,phases,ref     ] GC(3571)         FinalRef (ms):            skipped
[171.570s][debug][gc,phases,ref     ] GC(3571)       Notify PhantomReferences: 0.0ms
[171.570s][debug][gc,phases,ref     ] GC(3571)         PhantomRef (ms):          skipped
[171.570s][debug][gc,phases,ref     ] GC(3571)       SoftReference:
[171.570s][debug][gc,phases,ref     ] GC(3571)         Discovered: 0
[171.570s][debug][gc,phases,ref     ] GC(3571)         Cleared: 0
[171.571s][debug][gc,phases,ref     ] GC(3571)       WeakReference:
[171.571s][debug][gc,phases,ref     ] GC(3571)         Discovered: 0
[171.571s][debug][gc,phases,ref     ] GC(3571)         Cleared: 0
[171.571s][debug][gc,phases,ref     ] GC(3571)       FinalReference:
[171.571s][debug][gc,phases,ref     ] GC(3571)         Discovered: 0
[171.571s][debug][gc,phases,ref     ] GC(3571)         Cleared: 0
[171.571s][debug][gc,phases,ref     ] GC(3571)       PhantomReference:
[171.571s][debug][gc,phases,ref     ] GC(3571)         Discovered: 0
[171.571s][debug][gc,phases,ref     ] GC(3571)         Cleared: 0
[171.571s][debug][gc,phases         ] GC(3571)     Weak Processing: 0.1ms
[171.571s][debug][gc,phases         ] GC(3571)       JVMTI weak processing: 0.0ms
[171.571s][debug][gc,phases         ] GC(3571)         Dead: 0
[171.571s][debug][gc,phases         ] GC(3571)         Total: 0
[171.571s][debug][gc,phases         ] GC(3571)       JFR weak processing: 0.0ms
[171.571s][debug][gc,phases         ] GC(3571)         Dead: 0
[171.571s][debug][gc,phases         ] GC(3571)         Total: 0
[171.571s][debug][gc,phases         ] GC(3571)       JNI weak                  Min:  0.0, Avg:  0.0, Max:  0.0, Diff:  0.0, Sum:  0.0, Workers: 5
[171.571s][debug][gc,phases         ] GC(3571)         Dead                      Min: 0, Avg:  0.0, Max: 0, Diff: 0, Sum: 0, Workers: 5
[171.571s][debug][gc,phases         ] GC(3571)         Total                     Min: 0, Avg: 25.6, Max: 128, Diff: 128, Sum: 128, Workers: 5
[171.571s][debug][gc,phases         ] GC(3571)       VM weak                   Min:  0.0, Avg:  0.0, Max:  0.0, Diff:  0.0, Sum:  0.0, Workers: 5
[171.571s][debug][gc,phases         ] GC(3571)         Dead                      Min: 0, Avg:  0.0, Max: 0, Diff: 0, Sum: 0, Workers: 5
[171.571s][debug][gc,phases         ] GC(3571)         Total                     Min: 0, Avg: 42.4, Max: 84, Diff: 84, Sum: 212, Workers: 5
[171.571s][debug][gc,phases         ] GC(3571)       StringTable weak          Min:  0.0, Avg:  0.0, Max:  0.0, Diff:  0.0, Sum:  0.1, Workers: 5
[171.571s][debug][gc,phases         ] GC(3571)         Dead                      Min: 0, Avg:  0.0, Max: 0, Diff: 0, Sum: 0, Workers: 5
[171.571s][debug][gc,phases         ] GC(3571)         Total                     Min: 0, Avg: 686.2, Max: 1191, Diff: 1191, Sum: 3431, Workers: 5
[171.571s][debug][gc,phases         ] GC(3571)       ResolvedMethodTable weak  Min:  0.0, Avg:  0.0, Max:  0.0, Diff:  0.0, Sum:  0.0, Workers: 5
[171.571s][debug][gc,phases         ] GC(3571)         Dead                      Min: 0, Avg:  0.0, Max: 0, Diff: 0, Sum: 0, Workers: 5
[171.571s][debug][gc,phases         ] GC(3571)         Total                     Min: 0, Avg: 114.6, Max: 192, Diff: 192, Sum: 573, Workers: 5
[171.571s][debug][gc,phases         ] GC(3571)     Merge Per-Thread State: 0.0ms
[171.571s][debug][gc,phases         ] GC(3571)       Copied Bytes              Min: 400088, Avg: 500324.0, Max: 800096, Diff: 400008, Sum: 4002592, Workers: 8
[171.571s][debug][gc,phases         ] GC(3571)       LAB Waste                 Min: 0, Avg:  0.0, Max: 0, Diff: 0, Sum: 0, Workers: 8
[171.571s][debug][gc,phases         ] GC(3571)       LAB Undo Waste            Min: 0, Avg:  0.0, Max: 0, Diff: 0, Sum: 0, Workers: 8
[171.571s][debug][gc,phases         ] GC(3571)     Code Roots Purge: 0.0ms
[171.571s][debug][gc,phases         ] GC(3571)     Redirty Cards: 0.0ms
[171.571s][debug][gc,phases         ] GC(3571)     DerivedPointerTable Update: 0.0ms
[171.571s][debug][gc,phases         ] GC(3571)     Free Collection Set: 0.3ms
[171.571s][debug][gc,phases         ] GC(3571)     Rebuild Free List: 0.1ms
[171.571s][debug][gc,phases         ] GC(3571)     Humongous Reclaim: 0.0ms
[171.571s][debug][gc,phases         ] GC(3571)     Start New Collection Set: 0.0ms
[171.571s][debug][gc,phases         ] GC(3571)     Resize TLABs: 0.0ms
[171.571s][debug][gc,phases         ] GC(3571)     Expand Heap After Collection: 0.0ms
[171.571s][info ][gc,phases         ] GC(3571)   Other: 0.4ms
[171.571s][info ][gc,heap           ] GC(3571) Eden regions: 870->0(868)
[171.571s][info ][gc,heap           ] GC(3571) Survivor regions: 3->5(110)
[171.571s][info ][gc,heap           ] GC(3571) Old regions: 17->17
[171.571s][info ][gc,heap           ] GC(3571) Archive regions: 2->2
[171.571s][info ][gc,heap           ] GC(3571) Humongous regions: 0->0
[171.571s][info ][gc,metaspace      ] GC(3571) Metaspace: 10069K(10624K)->10069K(10624K) NonClass: 8921K(9216K)->8921K(9216K) Class: 1148K(1408K)->1148K(1408K)
[171.571s][debug][gc,heap           ] GC(3571) Heap after GC invocations=3572 (full 1): garbage-first heap   total 1490944K, used 22332K [0x0000000700000000, 0x0000000800000000)
[171.571s][debug][gc,heap           ] GC(3571)   region size 1024K, 5 young (5120K), 5 survivors (5120K)
[171.571s][debug][gc,heap           ] GC(3571)  Metaspace       used 10069K, capacity 10368K, committed 10624K, reserved 1058816K
[171.571s][debug][gc,heap           ] GC(3571)   class space    used 1148K, capacity 1266K, committed 1408K, reserved 1048576K
[171.571s][info ][gc                ] GC(3571) Pause Young (Normal) (G1 Evacuation Pause) 889M->21M(1456M) 2.779ms
[171.571s][info ][gc,cpu            ] GC(3571) User=0.00s Sys=0.00s Real=0.00s
[171.571s][info ][safepoint         ] Safepoint "G1CollectForAllocation", Time since last: 44474095 ns, Reaching safepoint: 176431 ns, At safepoint: 2982841 ns, Total: 3159272 ns
[171.617s][debug][gc,heap           ] GC(3572) Heap before GC invocations=3572 (full 1): garbage-first heap   total 1490944K, used 910140K [0x0000000700000000, 0x0000000800000000)
[171.617s][debug][gc,heap           ] GC(3572)   region size 1024K, 873 young (893952K), 5 survivors (5120K)
[171.617s][debug][gc,heap           ] GC(3572)  Metaspace       used 10069K, capacity 10368K, committed 10624K, reserved 1058816K
[171.617s][debug][gc,heap           ] GC(3572)   class space    used 1148K, capacity 1266K, committed 1408K, reserved 1048576K
[171.617s][info ][gc,start          ] GC(3572) Pause Young (Normal) (G1 Evacuation Pause)
[171.617s][info ][gc,task           ] GC(3572) Using 8 workers of 8 for evacuation
[171.617s][debug][gc,tlab           ] GC(3572) TLAB totals: thrds: 8  refills: 18 max: 3 slow allocs: 1725 max 242 waste: 28.0% gc: 1413680B max: 231248B slow: 101336B max: 15488B fast: 0B max: 0B
[171.617s][debug][gc,age            ] GC(3572) Desired survivor size 57671680 bytes, new threshold 15 (max threshold 15)
[171.617s][debug][gc,alloc,region   ] GC(3572) Mutator Allocation stats, regions: 868, wasted size: 203M (23.4%)
[171.618s][debug][gc,ergo           ] GC(3572) Running G1 Merge Heap Roots using 8 workers for 873 regions
[171.618s][debug][gc,remset         ] GC(3572) Visited cards 512 Total dirty 4096 (12.50%) Total old 3614720 (0.01%)
[171.618s][debug][gc,ergo           ] GC(3572) Running G1 Clear Card Table Task using 2 workers for 2 units of work for 875 regions.
[171.618s][debug][gc,ref            ] GC(3572) Skipped phase1 of Reference Processing due to unavailable references
[171.618s][debug][gc,ref            ] GC(3572) Skipped phase2 of Reference Processing due to unavailable references
[171.618s][debug][gc,ref            ] GC(3572) Skipped phase3 of Reference Processing due to unavailable references
[171.618s][debug][gc,ref            ] GC(3572) Skipped phase4 of Reference Processing due to unavailable references
[171.619s][debug][gc,ergo           ] GC(3572) Running G1 Free Collection Set using 8 workers for collection set length 873 (1456)
[171.619s][debug][gc,ergo           ] GC(3572) Running G1 Rebuild Free List Task using 8 workers for rebuilding free list of 0 (4096) regions
[171.619s][trace][gc,age            ] GC(3572) Age table with threshold 15 (max threshold 15)
[171.619s][trace][gc,age            ] GC(3572) - age   1:    2402536 bytes,    2402536 total
[171.619s][debug][gc,plab           ] GC(3572) Young PLAB allocation: allocated: 16512B, wasted: 0B, unused: 14064B, used: 2448B, undo waste: 0B, 
[171.619s][debug][gc,plab           ] GC(3572) Young other allocation: region end waste: 482640B, regions filled: 3, direct allocated: 2400088B, failure used: 0B, failure wasted: 0B
[171.619s][debug][gc,plab           ] GC(3572) Young sizing: calculated: 0B, actual: 2064B
[171.619s][debug][gc,plab           ] GC(3572) Old PLAB allocation: allocated: 0B, wasted: 0B, unused: 0B, used: 0B, undo waste: 0B, 
[171.619s][debug][gc,plab           ] GC(3572) Old other allocation: region end waste: 0B, regions filled: 1, direct allocated: 0B, failure used: 0B, failure wasted: 0B
[171.619s][debug][gc,plab           ] GC(3572) Old sizing: calculated: 0B, actual: 2064B
[171.619s][debug][gc,ihop           ] GC(3572) Basic information (value update), threshold: 687026995B (45.00), target occupancy: 1526726656B, current occupancy: 20769064B, recent allocation size: 0B, recent allocation duration: 47.50ms, recent old gen allocation rate: 0.00B/s, recent marking phase length: 29.01ms
[171.619s][debug][gc,ihop           ] GC(3572) Adaptive IHOP information (value update), threshold: 687026995B (47.37), internal target occupancy: 1450390323B, occupancy: 20769064B, additional buffer size: 915406848B, predicted old gen allocation rate: 9453.39B/s, predicted marking phase length: 58.01ms, prediction active: false
[171.619s][debug][gc,ergo,refine    ] GC(3572) Concurrent refinement times: Logged Cards Scan time goal: 20.00ms Logged Cards Scan time: 0.00ms HCC time: 0.00ms
[171.619s][debug][gc,ergo,refine    ] GC(3572) Updated Refinement Zones: green: 2048, yellow: 6144, red: 10240
[171.619s][info ][gc,phases         ] GC(3572)   Pre Evacuate Collection Set: 0.2ms
[171.619s][debug][gc,phases         ] GC(3572)     Prepare TLABs: 0.0ms
[171.619s][debug][gc,phases         ] GC(3572)     Choose Collection Set: 0.0ms
[171.619s][debug][gc,phases         ] GC(3572)     Region Register: 0.1ms
[171.619s][debug][gc,phases         ] GC(3572)     Prepare Heap Roots: 0.0ms
[171.619s][info ][gc,phases         ] GC(3572)   Merge Heap Roots: 0.2ms
[171.619s][debug][gc,phases         ] GC(3572)     Prepare Merge Heap Roots: 0.0ms
[171.619s][debug][gc,phases         ] GC(3572)     Eager Reclaim (ms):       skipped
[171.619s][debug][gc,phases         ] GC(3572)     Remembered Sets (ms):     Min:  0.0, Avg:  0.0, Max:  0.1, Diff:  0.0, Sum:  0.3, Workers: 8
[171.619s][debug][gc,phases         ] GC(3572)       Merged Sparse:            Min: 0, Avg:  0.0, Max: 0, Diff: 0, Sum: 0, Workers: 8
[171.619s][debug][gc,phases         ] GC(3572)       Merged Fine:              Min: 0, Avg:  0.0, Max: 0, Diff: 0, Sum: 0, Workers: 8
[171.619s][debug][gc,phases         ] GC(3572)       Merged Coarse:            Min: 0, Avg:  0.0, Max: 0, Diff: 0, Sum: 0, Workers: 8
[171.619s][debug][gc,phases         ] GC(3572)       Dirty Cards:              Min: 0, Avg:  0.0, Max: 0, Diff: 0, Sum: 0, Workers: 8
[171.619s][debug][gc,phases         ] GC(3572)     Hot Card Cache (ms):      Min:  0.0, Avg:  0.0, Max:  0.0, Diff:  0.0, Sum:  0.0, Workers: 8
[171.619s][debug][gc,phases         ] GC(3572)       Dirty Cards:              Min: 0, Avg:  0.0, Max: 0, Diff: 0, Sum: 0, Workers: 8
[171.619s][debug][gc,phases         ] GC(3572)       Skipped Cards:            Min: 0, Avg:  0.0, Max: 0, Diff: 0, Sum: 0, Workers: 8
[171.619s][debug][gc,phases         ] GC(3572)     Log Buffers (ms):         Min:  0.0, Avg:  0.0, Max:  0.0, Diff:  0.0, Sum:  0.0, Workers: 8
[171.619s][debug][gc,phases         ] GC(3572)       Dirty Cards:              Min: 0, Avg:  0.2, Max: 1, Diff: 1, Sum: 2, Workers: 8
[171.619s][debug][gc,phases         ] GC(3572)       Skipped Cards:            Min: 0, Avg:  0.0, Max: 0, Diff: 0, Sum: 0, Workers: 8
[171.619s][info ][gc,phases         ] GC(3572)   Evacuate Collection Set: 0.3ms
[171.619s][debug][gc,phases         ] GC(3572)     Ext Root Scanning (ms):   Min:  0.0, Avg:  0.1, Max:  0.3, Diff:  0.3, Sum:  1.1, Workers: 8
[171.619s][debug][gc,phases         ] GC(3572)     Scan Heap Roots (ms):     Min:  0.0, Avg:  0.0, Max:  0.0, Diff:  0.0, Sum:  0.0, Workers: 8
[171.619s][debug][gc,phases         ] GC(3572)       Scanned Cards:            Min: 0, Avg:  0.2, Max: 1, Diff: 1, Sum: 2, Workers: 8
[171.619s][debug][gc,phases         ] GC(3572)       Scanned Blocks:           Min: 0, Avg:  0.2, Max: 1, Diff: 1, Sum: 2, Workers: 8
[171.619s][debug][gc,phases         ] GC(3572)       Claimed Chunks:           Min: 0, Avg:  0.2, Max: 1, Diff: 1, Sum: 2, Workers: 8
[171.619s][debug][gc,phases         ] GC(3572)     Code Root Scan (ms):      Min:  0.0, Avg:  0.0, Max:  0.0, Diff:  0.0, Sum:  0.1, Workers: 8
[171.619s][debug][gc,phases         ] GC(3572)     Object Copy (ms):         Min:  0.0, Avg:  0.0, Max:  0.0, Diff:  0.0, Sum:  0.0, Workers: 8
[171.619s][debug][gc,phases         ] GC(3572)     Termination (ms):         Min:  0.0, Avg:  0.1, Max:  0.1, Diff:  0.1, Sum:  0.7, Workers: 8
[171.619s][debug][gc,phases         ] GC(3572)       Termination Attempts:     Min: 1, Avg:  1.1, Max: 2, Diff: 1, Sum: 9, Workers: 8
[171.619s][debug][gc,phases         ] GC(3572)     GC Worker Other (ms):     Min:  0.0, Avg:  0.0, Max:  0.1, Diff:  0.1, Sum:  0.3, Workers: 8
[171.619s][debug][gc,phases         ] GC(3572)     GC Worker Total (ms):     Min:  0.3, Avg:  0.3, Max:  0.3, Diff:  0.0, Sum:  2.4, Workers: 8
[171.619s][info ][gc,phases         ] GC(3572)   Post Evacuate Collection Set: 0.6ms
[171.619s][debug][gc,phases         ] GC(3572)     Code Roots Fixup: 0.0ms
[171.619s][debug][gc,phases         ] GC(3572)     Clear Card Table: 0.2ms
[171.619s][debug][gc,phases         ] GC(3572)     Reference Processing: 0.1ms
[171.619s][debug][gc,phases,ref     ] GC(3572)       Reconsider SoftReferences: 0.0ms
[171.619s][debug][gc,phases,ref     ] GC(3572)         SoftRef (ms):             skipped
[171.619s][debug][gc,phases,ref     ] GC(3572)       Notify Soft/WeakReferences: 0.0ms
[171.619s][debug][gc,phases,ref     ] GC(3572)         SoftRef (ms):             skipped
[171.619s][debug][gc,phases,ref     ] GC(3572)         WeakRef (ms):             skipped
[171.619s][debug][gc,phases,ref     ] GC(3572)         FinalRef (ms):            skipped
[171.619s][debug][gc,phases,ref     ] GC(3572)         Total (ms):               skipped
[171.619s][debug][gc,phases,ref     ] GC(3572)       Notify and keep alive finalizable: 0.0ms
[171.619s][debug][gc,phases,ref     ] GC(3572)         FinalRef (ms):            skipped
[171.619s][debug][gc,phases,ref     ] GC(3572)       Notify PhantomReferences: 0.0ms
[171.619s][debug][gc,phases,ref     ] GC(3572)         PhantomRef (ms):          skipped
[171.619s][debug][gc,phases,ref     ] GC(3572)       SoftReference:
[171.619s][debug][gc,phases,ref     ] GC(3572)         Discovered: 0
[171.620s][debug][gc,phases,ref     ] GC(3572)         Cleared: 0
[171.620s][debug][gc,phases,ref     ] GC(3572)       WeakReference:
[171.620s][debug][gc,phases,ref     ] GC(3572)         Discovered: 0
[171.620s][debug][gc,phases,ref     ] GC(3572)         Cleared: 0
[171.620s][debug][gc,phases,ref     ] GC(3572)       FinalReference:
[171.620s][debug][gc,phases,ref     ] GC(3572)         Discovered: 0
[171.620s][debug][gc,phases,ref     ] GC(3572)         Cleared: 0
[171.620s][debug][gc,phases,ref     ] GC(3572)       PhantomReference:
[171.620s][debug][gc,phases,ref     ] GC(3572)         Discovered: 0
[171.620s][debug][gc,phases,ref     ] GC(3572)         Cleared: 0
[171.620s][debug][gc,phases         ] GC(3572)     Weak Processing: 0.1ms
[171.620s][debug][gc,phases         ] GC(3572)       JVMTI weak processing: 0.0ms
[171.620s][debug][gc,phases         ] GC(3572)         Dead: 0
[171.620s][debug][gc,phases         ] GC(3572)         Total: 0
[171.620s][debug][gc,phases         ] GC(3572)       JFR weak processing: 0.0ms
[171.620s][debug][gc,phases         ] GC(3572)         Dead: 0
[171.620s][debug][gc,phases         ] GC(3572)         Total: 0
[171.620s][debug][gc,phases         ] GC(3572)       JNI weak                  Min:  0.0, Avg:  0.0, Max:  0.0, Diff:  0.0, Sum:  0.0, Workers: 5
[171.620s][debug][gc,phases         ] GC(3572)         Dead                      Min: 0, Avg:  0.0, Max: 0, Diff: 0, Sum: 0, Workers: 5
[171.620s][debug][gc,phases         ] GC(3572)         Total                     Min: 0, Avg: 25.6, Max: 64, Diff: 64, Sum: 128, Workers: 5
[171.620s][debug][gc,phases         ] GC(3572)       VM weak                   Min:  0.0, Avg:  0.0, Max:  0.0, Diff:  0.0, Sum:  0.0, Workers: 5
[171.620s][debug][gc,phases         ] GC(3572)         Dead                      Min: 0, Avg:  0.0, Max: 0, Diff: 0, Sum: 0, Workers: 5
[171.620s][debug][gc,phases         ] GC(3572)         Total                     Min: 0, Avg: 42.4, Max: 128, Diff: 128, Sum: 212, Workers: 5
[171.620s][debug][gc,phases         ] GC(3572)       StringTable weak          Min:  0.0, Avg:  0.0, Max:  0.0, Diff:  0.0, Sum:  0.1, Workers: 5
[171.620s][debug][gc,phases         ] GC(3572)         Dead                      Min: 0, Avg:  0.0, Max: 0, Diff: 0, Sum: 0, Workers: 5
[171.620s][debug][gc,phases         ] GC(3572)         Total                     Min: 0, Avg: 686.2, Max: 1728, Diff: 1728, Sum: 3431, Workers: 5
[171.620s][debug][gc,phases         ] GC(3572)       ResolvedMethodTable weak  Min:  0.0, Avg:  0.0, Max:  0.0, Diff:  0.0, Sum:  0.0, Workers: 5
[171.620s][debug][gc,phases         ] GC(3572)         Dead                      Min: 0, Avg:  0.0, Max: 0, Diff: 0, Sum: 0, Workers: 5
[171.620s][debug][gc,phases         ] GC(3572)         Total                     Min: 0, Avg: 114.6, Max: 189, Diff: 189, Sum: 573, Workers: 5
[171.620s][debug][gc,phases         ] GC(3572)     Merge Per-Thread State: 0.0ms
[171.620s][debug][gc,phases         ] GC(3572)       Copied Bytes              Min: 232, Avg: 300317.0, Max: 800256, Diff: 800024, Sum: 2402536, Workers: 8
[171.620s][debug][gc,phases         ] GC(3572)       LAB Waste                 Min: 0, Avg:  0.0, Max: 0, Diff: 0, Sum: 0, Workers: 8
[171.620s][debug][gc,phases         ] GC(3572)       LAB Undo Waste            Min: 0, Avg:  0.0, Max: 0, Diff: 0, Sum: 0, Workers: 8
[171.620s][debug][gc,phases         ] GC(3572)     Code Roots Purge: 0.0ms
[171.620s][debug][gc,phases         ] GC(3572)     Redirty Cards: 0.0ms
[171.620s][debug][gc,phases         ] GC(3572)     DerivedPointerTable Update: 0.0ms
[171.620s][debug][gc,phases         ] GC(3572)     Free Collection Set: 0.2ms
[171.620s][debug][gc,phases         ] GC(3572)     Rebuild Free List: 0.1ms
[171.620s][debug][gc,phases         ] GC(3572)     Humongous Reclaim: 0.0ms
[171.620s][debug][gc,phases         ] GC(3572)     Start New Collection Set: 0.0ms
[171.620s][debug][gc,phases         ] GC(3572)     Resize TLABs: 0.0ms
[171.620s][debug][gc,phases         ] GC(3572)     Expand Heap After Collection: 0.0ms
[171.620s][info ][gc,phases         ] GC(3572)   Other: 0.4ms
[171.620s][info ][gc,heap           ] GC(3572) Eden regions: 868->0(870)
[171.620s][info ][gc,heap           ] GC(3572) Survivor regions: 5->3(110)
[171.620s][info ][gc,heap           ] GC(3572) Old regions: 17->17
[171.620s][info ][gc,heap           ] GC(3572) Archive regions: 2->2
[171.620s][info ][gc,heap           ] GC(3572) Humongous regions: 0->0
[171.620s][info ][gc,metaspace      ] GC(3572) Metaspace: 10069K(10624K)->10069K(10624K) NonClass: 8921K(9216K)->8921K(9216K) Class: 1148K(1408K)->1148K(1408K)
[171.620s][debug][gc,heap           ] GC(3572) Heap after GC invocations=3573 (full 1): garbage-first heap   total 1490944K, used 20282K [0x0000000700000000, 0x0000000800000000)
[171.620s][debug][gc,heap           ] GC(3572)   region size 1024K, 3 young (3072K), 3 survivors (3072K)
[171.620s][debug][gc,heap           ] GC(3572)  Metaspace       used 10069K, capacity 10368K, committed 10624K, reserved 1058816K
[171.620s][debug][gc,heap           ] GC(3572)   class space    used 1148K, capacity 1266K, committed 1408K, reserved 1048576K
[171.620s][info ][gc                ] GC(3572) Pause Young (Normal) (G1 Evacuation Pause) 889M->19M(1456M) 2.654ms
[171.620s][info ][gc,cpu            ] GC(3572) User=0.01s Sys=0.00s Real=0.00s
[171.620s][info ][safepoint         ] Safepoint "G1CollectForAllocation", Time since last: 46014324 ns, Reaching safepoint: 147303 ns, At safepoint: 2867431 ns, Total: 3014734 ns
[171.663s][debug][gc,heap           ] GC(3573) Heap before GC invocations=3573 (full 1): garbage-first heap   total 1490944K, used 910138K [0x0000000700000000, 0x0000000800000000)
[171.663s][debug][gc,heap           ] GC(3573)   region size 1024K, 873 young (893952K), 3 survivors (3072K)
[171.663s][debug][gc,heap           ] GC(3573)  Metaspace       used 10069K, capacity 10368K, committed 10624K, reserved 1058816K
[171.663s][debug][gc,heap           ] GC(3573)   class space    used 1148K, capacity 1266K, committed 1408K, reserved 1048576K
[171.663s][info ][gc,start          ] GC(3573) Pause Young (Normal) (G1 Evacuation Pause)
[171.663s][info ][gc,task           ] GC(3573) Using 8 workers of 8 for evacuation
[171.663s][debug][gc,tlab           ] GC(3573) TLAB totals: thrds: 8  refills: 19 max: 3 slow allocs: 1728 max 232 waste: 24.5% gc: 1276056B max: 229600B slow: 116024B max: 15488B fast: 0B max: 0B
[171.663s][debug][gc,age            ] GC(3573) Desired survivor size 57671680 bytes, new threshold 15 (max threshold 15)
[171.663s][debug][gc,alloc,region   ] GC(3573) Mutator Allocation stats, regions: 870, wasted size: 203M (23.4%)
[171.664s][debug][gc,ergo           ] GC(3573) Running G1 Merge Heap Roots using 8 workers for 873 regions
[171.664s][debug][gc,remset         ] GC(3573) Visited cards 256 Total dirty 2048 (12.50%) Total old 3614720 (0.01%)
[171.664s][debug][gc,ergo           ] GC(3573) Running G1 Clear Card Table Task using 2 workers for 2 units of work for 874 regions.
[171.664s][debug][gc,ref            ] GC(3573) Skipped phase1 of Reference Processing due to unavailable references
[171.664s][debug][gc,ref            ] GC(3573) Skipped phase2 of Reference Processing due to unavailable references
[171.664s][debug][gc,ref            ] GC(3573) Skipped phase3 of Reference Processing due to unavailable references
[171.664s][debug][gc,ref            ] GC(3573) Skipped phase4 of Reference Processing due to unavailable references
[171.665s][debug][gc,ergo           ] GC(3573) Running G1 Free Collection Set using 8 workers for collection set length 873 (1456)
[171.665s][debug][gc,ergo           ] GC(3573) Running G1 Rebuild Free List Task using 8 workers for rebuilding free list of 0 (4096) regions
[171.665s][trace][gc,age            ] GC(3573) Age table with threshold 15 (max threshold 15)
[171.665s][trace][gc,age            ] GC(3573) - age   1:    3202560 bytes,    3202560 total
[171.665s][debug][gc,plab           ] GC(3573) Young PLAB allocation: allocated: 16512B, wasted: 0B, unused: 14064B, used: 2448B, undo waste: 0B, 
[171.665s][debug][gc,plab           ] GC(3573) Young other allocation: region end waste: 733248B, regions filled: 4, direct allocated: 3200112B, failure used: 0B, failure wasted: 0B
[171.665s][debug][gc,plab           ] GC(3573) Young sizing: calculated: 0B, actual: 2064B
[171.665s][debug][gc,plab           ] GC(3573) Old PLAB allocation: allocated: 0B, wasted: 0B, unused: 0B, used: 0B, undo waste: 0B, 
[171.665s][debug][gc,plab           ] GC(3573) Old other allocation: region end waste: 0B, regions filled: 1, direct allocated: 0B, failure used: 0B, failure wasted: 0B
[171.665s][debug][gc,plab           ] GC(3573) Old sizing: calculated: 0B, actual: 2064B
[171.665s][debug][gc,ihop           ] GC(3573) Basic information (value update), threshold: 687026995B (45.00), target occupancy: 1526726656B, current occupancy: 21819696B, recent allocation size: 0B, recent allocation duration: 44.50ms, recent old gen allocation rate: 0.00B/s, recent marking phase length: 29.01ms
[171.665s][debug][gc,ihop           ] GC(3573) Adaptive IHOP information (value update), threshold: 687026995B (47.37), internal target occupancy: 1450390323B, occupancy: 21819696B, additional buffer size: 915406848B, predicted old gen allocation rate: 9190.60B/s, predicted marking phase length: 58.01ms, prediction active: false
[171.665s][debug][gc,ergo,refine    ] GC(3573) Concurrent refinement times: Logged Cards Scan time goal: 20.00ms Logged Cards Scan time: 0.00ms HCC time: 0.00ms
[171.665s][debug][gc,ergo,refine    ] GC(3573) Updated Refinement Zones: green: 2048, yellow: 6144, red: 10240
[171.665s][info ][gc,phases         ] GC(3573)   Pre Evacuate Collection Set: 0.1ms
[171.665s][debug][gc,phases         ] GC(3573)     Prepare TLABs: 0.0ms
[171.665s][debug][gc,phases         ] GC(3573)     Choose Collection Set: 0.0ms
[171.665s][debug][gc,phases         ] GC(3573)     Region Register: 0.1ms
[171.665s][debug][gc,phases         ] GC(3573)     Prepare Heap Roots: 0.0ms
[171.665s][info ][gc,phases         ] GC(3573)   Merge Heap Roots: 0.2ms
[171.665s][debug][gc,phases         ] GC(3573)     Prepare Merge Heap Roots: 0.0ms
[171.665s][debug][gc,phases         ] GC(3573)     Eager Reclaim (ms):       skipped
[171.665s][debug][gc,phases         ] GC(3573)     Remembered Sets (ms):     Min:  0.0, Avg:  0.0, Max:  0.0, Diff:  0.0, Sum:  0.2, Workers: 8
[171.665s][debug][gc,phases         ] GC(3573)       Merged Sparse:            Min: 0, Avg:  0.0, Max: 0, Diff: 0, Sum: 0, Workers: 8
[171.665s][debug][gc,phases         ] GC(3573)       Merged Fine:              Min: 0, Avg:  0.0, Max: 0, Diff: 0, Sum: 0, Workers: 8
[171.665s][debug][gc,phases         ] GC(3573)       Merged Coarse:            Min: 0, Avg:  0.0, Max: 0, Diff: 0, Sum: 0, Workers: 8
[171.665s][debug][gc,phases         ] GC(3573)       Dirty Cards:              Min: 0, Avg:  0.0, Max: 0, Diff: 0, Sum: 0, Workers: 8
[171.665s][debug][gc,phases         ] GC(3573)     Hot Card Cache (ms):      Min:  0.0, Avg:  0.0, Max:  0.0, Diff:  0.0, Sum:  0.0, Workers: 8
[171.665s][debug][gc,phases         ] GC(3573)       Dirty Cards:              Min: 0, Avg:  0.0, Max: 0, Diff: 0, Sum: 0, Workers: 8
[171.665s][debug][gc,phases         ] GC(3573)       Skipped Cards:            Min: 0, Avg:  0.0, Max: 0, Diff: 0, Sum: 0, Workers: 8
[171.665s][debug][gc,phases         ] GC(3573)     Log Buffers (ms):         Min:  0.0, Avg:  0.0, Max:  0.0, Diff:  0.0, Sum:  0.0, Workers: 8
[171.665s][debug][gc,phases         ] GC(3573)       Dirty Cards:              Min: 0, Avg:  0.1, Max: 1, Diff: 1, Sum: 1, Workers: 8
[171.665s][debug][gc,phases         ] GC(3573)       Skipped Cards:            Min: 0, Avg:  0.0, Max: 0, Diff: 0, Sum: 0, Workers: 8
[171.665s][info ][gc,phases         ] GC(3573)   Evacuate Collection Set: 0.4ms
[171.665s][debug][gc,phases         ] GC(3573)     Ext Root Scanning (ms):   Min:  0.1, Avg:  0.2, Max:  0.3, Diff:  0.3, Sum:  1.5, Workers: 8
[171.665s][debug][gc,phases         ] GC(3573)     Scan Heap Roots (ms):     Min:  0.0, Avg:  0.0, Max:  0.0, Diff:  0.0, Sum:  0.0, Workers: 8
[171.665s][debug][gc,phases         ] GC(3573)       Scanned Cards:            Min: 0, Avg:  0.1, Max: 1, Diff: 1, Sum: 1, Workers: 8
[171.665s][debug][gc,phases         ] GC(3573)       Scanned Blocks:           Min: 0, Avg:  0.1, Max: 1, Diff: 1, Sum: 1, Workers: 8
[171.665s][debug][gc,phases         ] GC(3573)       Claimed Chunks:           Min: 0, Avg:  0.1, Max: 1, Diff: 1, Sum: 1, Workers: 8
[171.665s][debug][gc,phases         ] GC(3573)     Code Root Scan (ms):      Min:  0.0, Avg:  0.0, Max:  0.1, Diff:  0.1, Sum:  0.1, Workers: 8
[171.665s][debug][gc,phases         ] GC(3573)     Object Copy (ms):         Min:  0.0, Avg:  0.0, Max:  0.0, Diff:  0.0, Sum:  0.0, Workers: 8
[171.665s][debug][gc,phases         ] GC(3573)     Termination (ms):         Min:  0.0, Avg:  0.1, Max:  0.1, Diff:  0.1, Sum:  0.7, Workers: 8
[171.665s][debug][gc,phases         ] GC(3573)       Termination Attempts:     Min: 1, Avg:  1.4, Max: 3, Diff: 2, Sum: 11, Workers: 8
[171.665s][debug][gc,phases         ] GC(3573)     GC Worker Other (ms):     Min:  0.0, Avg:  0.0, Max:  0.1, Diff:  0.1, Sum:  0.3, Workers: 8
[171.665s][debug][gc,phases         ] GC(3573)     GC Worker Total (ms):     Min:  0.3, Avg:  0.3, Max:  0.4, Diff:  0.0, Sum:  2.7, Workers: 8
[171.665s][info ][gc,phases         ] GC(3573)   Post Evacuate Collection Set: 0.6ms
[171.665s][debug][gc,phases         ] GC(3573)     Code Roots Fixup: 0.0ms
[171.665s][debug][gc,phases         ] GC(3573)     Clear Card Table: 0.2ms
[171.665s][debug][gc,phases         ] GC(3573)     Reference Processing: 0.0ms
[171.665s][debug][gc,phases,ref     ] GC(3573)       Reconsider SoftReferences: 0.0ms
[171.665s][debug][gc,phases,ref     ] GC(3573)         SoftRef (ms):             skipped
[171.665s][debug][gc,phases,ref     ] GC(3573)       Notify Soft/WeakReferences: 0.0ms
[171.665s][debug][gc,phases,ref     ] GC(3573)         SoftRef (ms):             skipped
[171.665s][debug][gc,phases,ref     ] GC(3573)         WeakRef (ms):             skipped
[171.665s][debug][gc,phases,ref     ] GC(3573)         FinalRef (ms):            skipped
[171.665s][debug][gc,phases,ref     ] GC(3573)         Total (ms):               skipped
[171.665s][debug][gc,phases,ref     ] GC(3573)       Notify and keep alive finalizable: 0.0ms
[171.665s][debug][gc,phases,ref     ] GC(3573)         FinalRef (ms):            skipped
[171.665s][debug][gc,phases,ref     ] GC(3573)       Notify PhantomReferences: 0.0ms
[171.665s][debug][gc,phases,ref     ] GC(3573)         PhantomRef (ms):          skipped
[171.665s][debug][gc,phases,ref     ] GC(3573)       SoftReference:
[171.665s][debug][gc,phases,ref     ] GC(3573)         Discovered: 0
[171.665s][debug][gc,phases,ref     ] GC(3573)         Cleared: 0
[171.665s][debug][gc,phases,ref     ] GC(3573)       WeakReference:
[171.665s][debug][gc,phases,ref     ] GC(3573)         Discovered: 0
[171.665s][debug][gc,phases,ref     ] GC(3573)         Cleared: 0
[171.665s][debug][gc,phases,ref     ] GC(3573)       FinalReference:
[171.666s][debug][gc,phases,ref     ] GC(3573)         Discovered: 0
[171.666s][debug][gc,phases,ref     ] GC(3573)         Cleared: 0
[171.666s][debug][gc,phases,ref     ] GC(3573)       PhantomReference:
[171.666s][debug][gc,phases,ref     ] GC(3573)         Discovered: 0
[171.666s][debug][gc,phases,ref     ] GC(3573)         Cleared: 0
[171.666s][debug][gc,phases         ] GC(3573)     Weak Processing: 0.1ms
[171.666s][debug][gc,phases         ] GC(3573)       JVMTI weak processing: 0.0ms
[171.666s][debug][gc,phases         ] GC(3573)         Dead: 0
[171.666s][debug][gc,phases         ] GC(3573)         Total: 0
[171.666s][debug][gc,phases         ] GC(3573)       JFR weak processing: 0.0ms
[171.666s][debug][gc,phases         ] GC(3573)         Dead: 0
[171.666s][debug][gc,phases         ] GC(3573)         Total: 0
[171.666s][debug][gc,phases         ] GC(3573)       JNI weak                  Min:  0.0, Avg:  0.0, Max:  0.0, Diff:  0.0, Sum:  0.0, Workers: 5
[171.666s][debug][gc,phases         ] GC(3573)         Dead                      Min: 0, Avg:  0.0, Max: 0, Diff: 0, Sum: 0, Workers: 5
[171.666s][debug][gc,phases         ] GC(3573)         Total                     Min: 0, Avg: 25.6, Max: 64, Diff: 64, Sum: 128, Workers: 5
[171.666s][debug][gc,phases         ] GC(3573)       VM weak                   Min:  0.0, Avg:  0.0, Max:  0.0, Diff:  0.0, Sum:  0.0, Workers: 5
[171.666s][debug][gc,phases         ] GC(3573)         Dead                      Min: 0, Avg:  0.0, Max: 0, Diff: 0, Sum: 0, Workers: 5
[171.666s][debug][gc,phases         ] GC(3573)         Total                     Min: 0, Avg: 42.4, Max: 128, Diff: 128, Sum: 212, Workers: 5
[171.666s][debug][gc,phases         ] GC(3573)       StringTable weak          Min:  0.0, Avg:  0.0, Max:  0.0, Diff:  0.0, Sum:  0.1, Workers: 5
[171.666s][debug][gc,phases         ] GC(3573)         Dead                      Min: 0, Avg:  0.0, Max: 0, Diff: 0, Sum: 0, Workers: 5
[171.666s][debug][gc,phases         ] GC(3573)         Total                     Min: 0, Avg: 686.2, Max: 1728, Diff: 1728, Sum: 3431, Workers: 5
[171.666s][debug][gc,phases         ] GC(3573)       ResolvedMethodTable weak  Min:  0.0, Avg:  0.0, Max:  0.0, Diff:  0.0, Sum:  0.0, Workers: 5
[171.666s][debug][gc,phases         ] GC(3573)         Dead                      Min: 0, Avg:  0.0, Max: 0, Diff: 0, Sum: 0, Workers: 5
[171.666s][debug][gc,phases         ] GC(3573)         Total                     Min: 0, Avg: 114.6, Max: 256, Diff: 256, Sum: 573, Workers: 5
[171.666s][debug][gc,phases         ] GC(3573)     Merge Per-Thread State: 0.0ms
[171.666s][debug][gc,phases         ] GC(3573)       Copied Bytes              Min: 72, Avg: 400320.0, Max: 800096, Diff: 800024, Sum: 3202560, Workers: 8
[171.666s][debug][gc,phases         ] GC(3573)       LAB Waste                 Min: 0, Avg:  0.0, Max: 0, Diff: 0, Sum: 0, Workers: 8
[171.666s][debug][gc,phases         ] GC(3573)       LAB Undo Waste            Min: 0, Avg:  0.0, Max: 0, Diff: 0, Sum: 0, Workers: 8
[171.666s][debug][gc,phases         ] GC(3573)     Code Roots Purge: 0.0ms
[171.666s][debug][gc,phases         ] GC(3573)     Redirty Cards: 0.0ms
[171.666s][debug][gc,phases         ] GC(3573)     DerivedPointerTable Update: 0.0ms
[171.666s][debug][gc,phases         ] GC(3573)     Free Collection Set: 0.2ms
[171.666s][debug][gc,phases         ] GC(3573)     Rebuild Free List: 0.1ms
[171.666s][debug][gc,phases         ] GC(3573)     Humongous Reclaim: 0.0ms
[171.666s][debug][gc,phases         ] GC(3573)     Start New Collection Set: 0.0ms
[171.666s][debug][gc,phases         ] GC(3573)     Resize TLABs: 0.0ms
[171.666s][debug][gc,phases         ] GC(3573)     Expand Heap After Collection: 0.0ms
[171.666s][info ][gc,phases         ] GC(3573)   Other: 0.4ms
[171.666s][info ][gc,heap           ] GC(3573) Eden regions: 870->0(869)
[171.666s][info ][gc,heap           ] GC(3573) Survivor regions: 3->4(110)
[171.666s][info ][gc,heap           ] GC(3573) Old regions: 17->17
[171.666s][info ][gc,heap           ] GC(3573) Archive regions: 2->2
[171.666s][info ][gc,heap           ] GC(3573) Humongous regions: 0->0
[171.666s][info ][gc,metaspace      ] GC(3573) Metaspace: 10069K(10624K)->10069K(10624K) NonClass: 8921K(9216K)->8921K(9216K) Class: 1148K(1408K)->1148K(1408K)
[171.666s][debug][gc,heap           ] GC(3573) Heap after GC invocations=3574 (full 1): garbage-first heap   total 1490944K, used 21308K [0x0000000700000000, 0x0000000800000000)
[171.666s][debug][gc,heap           ] GC(3573)   region size 1024K, 4 young (4096K), 4 survivors (4096K)
[171.666s][debug][gc,heap           ] GC(3573)  Metaspace       used 10069K, capacity 10368K, committed 10624K, reserved 1058816K
[171.666s][debug][gc,heap           ] GC(3573)   class space    used 1148K, capacity 1266K, committed 1408K, reserved 1048576K
[171.666s][info ][gc                ] GC(3573) Pause Young (Normal) (G1 Evacuation Pause) 889M->20M(1456M) 2.584ms
[171.666s][info ][gc,cpu            ] GC(3573) User=0.01s Sys=0.00s Real=0.00s
[171.666s][info ][safepoint         ] Safepoint "G1CollectForAllocation", Time since last: 42940854 ns, Reaching safepoint: 198535 ns, At safepoint: 2773440 ns, Total: 2971975 ns
[171.715s][debug][gc,heap           ] GC(3574) Heap before GC invocations=3574 (full 1): garbage-first heap   total 1490944K, used 910140K [0x0000000700000000, 0x0000000800000000)
[171.715s][debug][gc,heap           ] GC(3574)   region size 1024K, 873 young (893952K), 4 survivors (4096K)
[171.715s][debug][gc,heap           ] GC(3574)  Metaspace       used 10069K, capacity 10368K, committed 10624K, reserved 1058816K
[171.715s][debug][gc,heap           ] GC(3574)   class space    used 1148K, capacity 1266K, committed 1408K, reserved 1048576K
[171.715s][info ][gc,start          ] GC(3574) Pause Young (Normal) (G1 Evacuation Pause)
[171.715s][info ][gc,task           ] GC(3574) Using 8 workers of 8 for evacuation
[171.715s][debug][gc,tlab           ] GC(3574) TLAB totals: thrds: 8  refills: 13 max: 2 slow allocs: 1727 max 262 waste: 29.0% gc: 1195576B max: 234656B slow: 69008B max: 14304B fast: 0B max: 0B
[171.715s][debug][gc,age            ] GC(3574) Desired survivor size 57671680 bytes, new threshold 15 (max threshold 15)
[171.715s][debug][gc,alloc,region   ] GC(3574) Mutator Allocation stats, regions: 869, wasted size: 203M (23.4%)
[171.716s][debug][gc,ergo           ] GC(3574) Running G1 Merge Heap Roots using 8 workers for 873 regions
[171.716s][debug][gc,remset         ] GC(3574) Visited cards 512 Total dirty 4096 (12.50%) Total old 3614720 (0.01%)
[171.716s][debug][gc,ergo           ] GC(3574) Running G1 Clear Card Table Task using 2 workers for 2 units of work for 875 regions.
[171.717s][debug][gc,ref            ] GC(3574) Skipped phase1 of Reference Processing due to unavailable references
[171.717s][debug][gc,ref            ] GC(3574) Skipped phase2 of Reference Processing due to unavailable references
[171.717s][debug][gc,ref            ] GC(3574) Skipped phase3 of Reference Processing due to unavailable references
[171.717s][debug][gc,ref            ] GC(3574) Skipped phase4 of Reference Processing due to unavailable references
[171.717s][debug][gc,ergo           ] GC(3574) Running G1 Free Collection Set using 8 workers for collection set length 873 (1456)
[171.717s][debug][gc,ergo           ] GC(3574) Running G1 Rebuild Free List Task using 8 workers for rebuilding free list of 0 (4096) regions
[171.717s][trace][gc,age            ] GC(3574) Age table with threshold 15 (max threshold 15)
[171.717s][trace][gc,age            ] GC(3574) - age   1:    4802608 bytes,    4802608 total
[171.717s][debug][gc,plab           ] GC(3574) Young PLAB allocation: allocated: 10320B, wasted: 0B, unused: 7872B, used: 2448B, undo waste: 0B, 
[171.717s][debug][gc,plab           ] GC(3574) Young other allocation: region end waste: 1236552B, regions filled: 6, direct allocated: 4800160B, failure used: 0B, failure wasted: 0B
[171.717s][debug][gc,plab           ] GC(3574) Young sizing: calculated: 0B, actual: 2064B
[171.717s][debug][gc,plab           ] GC(3574) Old PLAB allocation: allocated: 0B, wasted: 0B, unused: 0B, used: 0B, undo waste: 0B, 
[171.717s][debug][gc,plab           ] GC(3574) Old other allocation: region end waste: 0B, regions filled: 1, direct allocated: 0B, failure used: 0B, failure wasted: 0B
[171.717s][debug][gc,plab           ] GC(3574) Old sizing: calculated: 0B, actual: 2064B
[171.717s][debug][gc,ihop           ] GC(3574) Basic information (value update), threshold: 687026995B (45.00), target occupancy: 1526726656B, current occupancy: 23916856B, recent allocation size: 0B, recent allocation duration: 50.41ms, recent old gen allocation rate: 0.00B/s, recent marking phase length: 29.01ms
[171.717s][debug][gc,ihop           ] GC(3574) Adaptive IHOP information (value update), threshold: 687026995B (47.37), internal target occupancy: 1450390323B, occupancy: 23916856B, additional buffer size: 915406848B, predicted old gen allocation rate: 8935.62B/s, predicted marking phase length: 58.01ms, prediction active: false
[171.717s][debug][gc,ergo,refine    ] GC(3574) Concurrent refinement times: Logged Cards Scan time goal: 20.00ms Logged Cards Scan time: 0.00ms HCC time: 0.00ms
[171.717s][debug][gc,ergo,refine    ] GC(3574) Updated Refinement Zones: green: 2048, yellow: 6144, red: 10240
[171.717s][info ][gc,phases         ] GC(3574)   Pre Evacuate Collection Set: 0.1ms
[171.717s][debug][gc,phases         ] GC(3574)     Prepare TLABs: 0.0ms
[171.717s][debug][gc,phases         ] GC(3574)     Choose Collection Set: 0.0ms
[171.717s][debug][gc,phases         ] GC(3574)     Region Register: 0.1ms
[171.717s][debug][gc,phases         ] GC(3574)     Prepare Heap Roots: 0.0ms
[171.717s][info ][gc,phases         ] GC(3574)   Merge Heap Roots: 0.2ms
[171.717s][debug][gc,phases         ] GC(3574)     Prepare Merge Heap Roots: 0.0ms
[171.717s][debug][gc,phases         ] GC(3574)     Eager Reclaim (ms):       skipped
[171.717s][debug][gc,phases         ] GC(3574)     Remembered Sets (ms):     Min:  0.0, Avg:  0.0, Max:  0.1, Diff:  0.0, Sum:  0.3, Workers: 8
[171.717s][debug][gc,phases         ] GC(3574)       Merged Sparse:            Min: 0, Avg:  0.0, Max: 0, Diff: 0, Sum: 0, Workers: 8
[171.717s][debug][gc,phases         ] GC(3574)       Merged Fine:              Min: 0, Avg:  0.0, Max: 0, Diff: 0, Sum: 0, Workers: 8
[171.717s][debug][gc,phases         ] GC(3574)       Merged Coarse:            Min: 0, Avg:  0.0, Max: 0, Diff: 0, Sum: 0, Workers: 8
[171.717s][debug][gc,phases         ] GC(3574)       Dirty Cards:              Min: 0, Avg:  0.0, Max: 0, Diff: 0, Sum: 0, Workers: 8
[171.717s][debug][gc,phases         ] GC(3574)     Hot Card Cache (ms):      Min:  0.0, Avg:  0.0, Max:  0.0, Diff:  0.0, Sum:  0.0, Workers: 8
[171.717s][debug][gc,phases         ] GC(3574)       Dirty Cards:              Min: 0, Avg:  0.0, Max: 0, Diff: 0, Sum: 0, Workers: 8
[171.717s][debug][gc,phases         ] GC(3574)       Skipped Cards:            Min: 0, Avg:  0.0, Max: 0, Diff: 0, Sum: 0, Workers: 8
[171.717s][debug][gc,phases         ] GC(3574)     Log Buffers (ms):         Min:  0.0, Avg:  0.0, Max:  0.0, Diff:  0.0, Sum:  0.0, Workers: 8
[171.717s][debug][gc,phases         ] GC(3574)       Dirty Cards:              Min: 0, Avg:  0.2, Max: 2, Diff: 2, Sum: 2, Workers: 8
[171.717s][debug][gc,phases         ] GC(3574)       Skipped Cards:            Min: 0, Avg:  0.0, Max: 0, Diff: 0, Sum: 0, Workers: 8
[171.717s][info ][gc,phases         ] GC(3574)   Evacuate Collection Set: 0.6ms
[171.717s][debug][gc,phases         ] GC(3574)     Ext Root Scanning (ms):   Min:  0.0, Avg:  0.2, Max:  0.5, Diff:  0.5, Sum:  1.9, Workers: 8
[171.717s][debug][gc,phases         ] GC(3574)     Scan Heap Roots (ms):     Min:  0.0, Avg:  0.0, Max:  0.0, Diff:  0.0, Sum:  0.0, Workers: 8
[171.717s][debug][gc,phases         ] GC(3574)       Scanned Cards:            Min: 0, Avg:  0.2, Max: 1, Diff: 1, Sum: 2, Workers: 8
[171.717s][debug][gc,phases         ] GC(3574)       Scanned Blocks:           Min: 0, Avg:  0.2, Max: 1, Diff: 1, Sum: 2, Workers: 8
[171.717s][debug][gc,phases         ] GC(3574)       Claimed Chunks:           Min: 0, Avg:  0.2, Max: 1, Diff: 1, Sum: 2, Workers: 8
[171.717s][debug][gc,phases         ] GC(3574)     Code Root Scan (ms):      Min:  0.0, Avg:  0.0, Max:  0.1, Diff:  0.1, Sum:  0.2, Workers: 8
[171.717s][debug][gc,phases         ] GC(3574)     Object Copy (ms):         Min:  0.0, Avg:  0.0, Max:  0.0, Diff:  0.0, Sum:  0.0, Workers: 8
[171.717s][debug][gc,phases         ] GC(3574)     Termination (ms):         Min:  0.0, Avg:  0.1, Max:  0.1, Diff:  0.1, Sum:  0.5, Workers: 8
[171.717s][debug][gc,phases         ] GC(3574)       Termination Attempts:     Min: 1, Avg:  1.0, Max: 1, Diff: 0, Sum: 8, Workers: 8
[171.717s][debug][gc,phases         ] GC(3574)     GC Worker Other (ms):     Min:  0.0, Avg:  0.1, Max:  0.5, Diff:  0.5, Sum:  0.9, Workers: 8
[171.717s][debug][gc,phases         ] GC(3574)     GC Worker Total (ms):     Min:  0.1, Avg:  0.4, Max:  0.6, Diff:  0.5, Sum:  3.6, Workers: 8
[171.717s][info ][gc,phases         ] GC(3574)   Post Evacuate Collection Set: 0.8ms
[171.717s][debug][gc,phases         ] GC(3574)     Code Roots Fixup: 0.0ms
[171.717s][debug][gc,phases         ] GC(3574)     Clear Card Table: 0.2ms
[171.717s][debug][gc,phases         ] GC(3574)     Reference Processing: 0.0ms
[171.717s][debug][gc,phases,ref     ] GC(3574)       Reconsider SoftReferences: 0.0ms
[171.718s][debug][gc,phases,ref     ] GC(3574)         SoftRef (ms):             skipped
[171.718s][debug][gc,phases,ref     ] GC(3574)       Notify Soft/WeakReferences: 0.0ms
[171.718s][debug][gc,phases,ref     ] GC(3574)         SoftRef (ms):             skipped
[171.718s][debug][gc,phases,ref     ] GC(3574)         WeakRef (ms):             skipped
[171.718s][debug][gc,phases,ref     ] GC(3574)         FinalRef (ms):            skipped
[171.718s][debug][gc,phases,ref     ] GC(3574)         Total (ms):               skipped
[171.718s][debug][gc,phases,ref     ] GC(3574)       Notify and keep alive finalizable: 0.0ms
[171.718s][debug][gc,phases,ref     ] GC(3574)         FinalRef (ms):            skipped
[171.718s][debug][gc,phases,ref     ] GC(3574)       Notify PhantomReferences: 0.0ms
[171.718s][debug][gc,phases,ref     ] GC(3574)         PhantomRef (ms):          skipped
[171.718s][debug][gc,phases,ref     ] GC(3574)       SoftReference:
[171.718s][debug][gc,phases,ref     ] GC(3574)         Discovered: 0
[171.718s][debug][gc,phases,ref     ] GC(3574)         Cleared: 0
[171.718s][debug][gc,phases,ref     ] GC(3574)       WeakReference:
[171.718s][debug][gc,phases,ref     ] GC(3574)         Discovered: 0
[171.718s][debug][gc,phases,ref     ] GC(3574)         Cleared: 0
[171.718s][debug][gc,phases,ref     ] GC(3574)       FinalReference:
[171.718s][debug][gc,phases,ref     ] GC(3574)         Discovered: 0
[171.718s][debug][gc,phases,ref     ] GC(3574)         Cleared: 0
[171.718s][debug][gc,phases,ref     ] GC(3574)       PhantomReference:
[171.718s][debug][gc,phases,ref     ] GC(3574)         Discovered: 0
[171.718s][debug][gc,phases,ref     ] GC(3574)         Cleared: 0
[171.718s][debug][gc,phases         ] GC(3574)     Weak Processing: 0.0ms
[171.718s][debug][gc,phases         ] GC(3574)       JVMTI weak processing: 0.0ms
[171.718s][debug][gc,phases         ] GC(3574)         Dead: 0
[171.718s][debug][gc,phases         ] GC(3574)         Total: 0
[171.718s][debug][gc,phases         ] GC(3574)       JFR weak processing: 0.0ms
[171.718s][debug][gc,phases         ] GC(3574)         Dead: 0
[171.718s][debug][gc,phases         ] GC(3574)         Total: 0
[171.718s][debug][gc,phases         ] GC(3574)       JNI weak                  Min:  0.0, Avg:  0.0, Max:  0.0, Diff:  0.0, Sum:  0.0, Workers: 5
[171.718s][debug][gc,phases         ] GC(3574)         Dead                      Min: 0, Avg:  0.0, Max: 0, Diff: 0, Sum: 0, Workers: 5
[171.718s][debug][gc,phases         ] GC(3574)         Total                     Min: 0, Avg: 25.6, Max: 64, Diff: 64, Sum: 128, Workers: 5
[171.718s][debug][gc,phases         ] GC(3574)       VM weak                   Min:  0.0, Avg:  0.0, Max:  0.0, Diff:  0.0, Sum:  0.0, Workers: 5
[171.718s][debug][gc,phases         ] GC(3574)         Dead                      Min: 0, Avg:  0.0, Max: 0, Diff: 0, Sum: 0, Workers: 5
[171.718s][debug][gc,phases         ] GC(3574)         Total                     Min: 0, Avg: 42.4, Max: 128, Diff: 128, Sum: 212, Workers: 5
[171.718s][debug][gc,phases         ] GC(3574)       StringTable weak          Min:  0.0, Avg:  0.0, Max:  0.0, Diff:  0.0, Sum:  0.1, Workers: 5
[171.718s][debug][gc,phases         ] GC(3574)         Dead                      Min: 0, Avg:  0.0, Max: 0, Diff: 0, Sum: 0, Workers: 5
[171.718s][debug][gc,phases         ] GC(3574)         Total                     Min: 640, Avg: 686.2, Max: 768, Diff: 128, Sum: 3431, Workers: 5
[171.718s][debug][gc,phases         ] GC(3574)       ResolvedMethodTable weak  Min:  0.0, Avg:  0.0, Max:  0.0, Diff:  0.0, Sum:  0.0, Workers: 5
[171.718s][debug][gc,phases         ] GC(3574)         Dead                      Min: 0, Avg:  0.0, Max: 0, Diff: 0, Sum: 0, Workers: 5
[171.718s][debug][gc,phases         ] GC(3574)         Total                     Min: 64, Avg: 114.6, Max: 128, Diff: 64, Sum: 573, Workers: 5
[171.718s][debug][gc,phases         ] GC(3574)     Merge Per-Thread State: 0.0ms
[171.718s][debug][gc,phases         ] GC(3574)       Copied Bytes              Min: 0, Avg: 600326.0, Max: 1200248, Diff: 1200248, Sum: 4802608, Workers: 8
[171.718s][debug][gc,phases         ] GC(3574)       LAB Waste                 Min: 0, Avg:  0.0, Max: 0, Diff: 0, Sum: 0, Workers: 8
[171.718s][debug][gc,phases         ] GC(3574)       LAB Undo Waste            Min: 0, Avg:  0.0, Max: 0, Diff: 0, Sum: 0, Workers: 8
[171.718s][debug][gc,phases         ] GC(3574)     Code Roots Purge: 0.0ms
[171.718s][debug][gc,phases         ] GC(3574)     Redirty Cards: 0.1ms
[171.718s][debug][gc,phases         ] GC(3574)     DerivedPointerTable Update: 0.0ms
[171.718s][debug][gc,phases         ] GC(3574)     Free Collection Set: 0.2ms
[171.718s][debug][gc,phases         ] GC(3574)     Rebuild Free List: 0.1ms
[171.718s][debug][gc,phases         ] GC(3574)     Humongous Reclaim: 0.0ms
[171.718s][debug][gc,phases         ] GC(3574)     Start New Collection Set: 0.0ms
[171.718s][debug][gc,phases         ] GC(3574)     Resize TLABs: 0.0ms
[171.718s][debug][gc,phases         ] GC(3574)     Expand Heap After Collection: 0.0ms
[171.718s][info ][gc,phases         ] GC(3574)   Other: 0.4ms
[171.718s][info ][gc,heap           ] GC(3574) Eden regions: 869->0(867)
[171.718s][info ][gc,heap           ] GC(3574) Survivor regions: 4->6(110)
[171.718s][info ][gc,heap           ] GC(3574) Old regions: 17->17
[171.718s][info ][gc,heap           ] GC(3574) Archive regions: 2->2
[171.718s][info ][gc,heap           ] GC(3574) Humongous regions: 0->0
[171.718s][info ][gc,metaspace      ] GC(3574) Metaspace: 10069K(10624K)->10069K(10624K) NonClass: 8921K(9216K)->8921K(9216K) Class: 1148K(1408K)->1148K(1408K)
[171.718s][debug][gc,heap           ] GC(3574) Heap after GC invocations=3575 (full 1): garbage-first heap   total 1490944K, used 23356K [0x0000000700000000, 0x0000000800000000)
[171.718s][debug][gc,heap           ] GC(3574)   region size 1024K, 6 young (6144K), 6 survivors (6144K)
[171.718s][debug][gc,heap           ] GC(3574)  Metaspace       used 10069K, capacity 10368K, committed 10624K, reserved 1058816K
[171.718s][debug][gc,heap           ] GC(3574)   class space    used 1148K, capacity 1266K, committed 1408K, reserved 1048576K
[171.718s][info ][gc                ] GC(3574) Pause Young (Normal) (G1 Evacuation Pause) 889M->22M(1456M) 2.670ms
[171.718s][info ][gc,cpu            ] GC(3574) User=0.00s Sys=0.01s Real=0.01s
[171.718s][info ][safepoint         ] Safepoint "G1CollectForAllocation", Time since last: 48956742 ns, Reaching safepoint: 165858 ns, At safepoint: 2873421 ns, Total: 3039279 ns
[171.761s][debug][gc,heap           ] GC(3575) Heap before GC invocations=3575 (full 1): garbage-first heap   total 1490944K, used 910140K [0x0000000700000000, 0x0000000800000000)
[171.761s][debug][gc,heap           ] GC(3575)   region size 1024K, 873 young (893952K), 6 survivors (6144K)
[171.761s][debug][gc,heap           ] GC(3575)  Metaspace       used 10069K, capacity 10368K, committed 10624K, reserved 1058816K
[171.761s][debug][gc,heap           ] GC(3575)   class space    used 1148K, capacity 1266K, committed 1408K, reserved 1048576K
[171.761s][info ][gc,start          ] GC(3575) Pause Young (Normal) (G1 Evacuation Pause)
[171.761s][info ][gc,task           ] GC(3575) Using 8 workers of 8 for evacuation
[171.761s][debug][gc,tlab           ] GC(3575) TLAB totals: thrds: 8  refills: 16 max: 3 slow allocs: 1726 max 241 waste: 22.6% gc: 1066632B max: 215696B slow: 72736B max: 15576B fast: 0B max: 0B
[171.761s][debug][gc,age            ] GC(3575) Desired survivor size 57671680 bytes, new threshold 15 (max threshold 15)
[171.761s][debug][gc,alloc,region   ] GC(3575) Mutator Allocation stats, regions: 867, wasted size: 203M (23.4%)
[171.762s][debug][gc,ergo           ] GC(3575) Running G1 Merge Heap Roots using 8 workers for 873 regions
[171.762s][debug][gc,remset         ] GC(3575) Visited cards 256 Total dirty 2048 (12.50%) Total old 3614720 (0.01%)
[171.762s][debug][gc,ergo           ] GC(3575) Running G1 Clear Card Table Task using 2 workers for 2 units of work for 874 regions.
[171.762s][debug][gc,ref            ] GC(3575) Skipped phase1 of Reference Processing due to unavailable references
[171.762s][debug][gc,ref            ] GC(3575) Skipped phase2 of Reference Processing due to unavailable references
[171.762s][debug][gc,ref            ] GC(3575) Skipped phase3 of Reference Processing due to unavailable references
[171.762s][debug][gc,ref            ] GC(3575) Skipped phase4 of Reference Processing due to unavailable references
[171.762s][debug][gc,ergo           ] GC(3575) Running G1 Free Collection Set using 8 workers for collection set length 873 (1456)
[171.763s][debug][gc,ergo           ] GC(3575) Running G1 Rebuild Free List Task using 8 workers for rebuilding free list of 0 (4096) regions
[171.763s][trace][gc,age            ] GC(3575) Age table with threshold 15 (max threshold 15)
[171.763s][trace][gc,age            ] GC(3575) - age   1:    3202552 bytes,    3202552 total
[171.763s][debug][gc,plab           ] GC(3575) Young PLAB allocation: allocated: 16512B, wasted: 0B, unused: 14064B, used: 2448B, undo waste: 0B, 
[171.763s][debug][gc,plab           ] GC(3575) Young other allocation: region end waste: 735320B, regions filled: 4, direct allocated: 3200104B, failure used: 0B, failure wasted: 0B
[171.763s][debug][gc,plab           ] GC(3575) Young sizing: calculated: 0B, actual: 2064B
[171.763s][debug][gc,plab           ] GC(3575) Old PLAB allocation: allocated: 0B, wasted: 0B, unused: 0B, used: 0B, undo waste: 0B, 
[171.763s][debug][gc,plab           ] GC(3575) Old other allocation: region end waste: 0B, regions filled: 1, direct allocated: 0B, failure used: 0B, failure wasted: 0B
[171.763s][debug][gc,plab           ] GC(3575) Old sizing: calculated: 0B, actual: 2064B
[171.763s][debug][gc,ihop           ] GC(3575) Basic information (value update), threshold: 687026995B (45.00), target occupancy: 1526726656B, current occupancy: 21821760B, recent allocation size: 0B, recent allocation duration: 44.10ms, recent old gen allocation rate: 0.00B/s, recent marking phase length: 29.01ms
[171.763s][debug][gc,ihop           ] GC(3575) Adaptive IHOP information (value update), threshold: 687026995B (47.37), internal target occupancy: 1450390323B, occupancy: 21821760B, additional buffer size: 915406848B, predicted old gen allocation rate: 8688.20B/s, predicted marking phase length: 58.01ms, prediction active: false
[171.763s][debug][gc,ergo,refine    ] GC(3575) Concurrent refinement times: Logged Cards Scan time goal: 20.00ms Logged Cards Scan time: 0.00ms HCC time: 0.00ms
[171.763s][debug][gc,ergo,refine    ] GC(3575) Updated Refinement Zones: green: 2048, yellow: 6144, red: 10240
[171.763s][info ][gc,phases         ] GC(3575)   Pre Evacuate Collection Set: 0.1ms
[171.763s][debug][gc,phases         ] GC(3575)     Prepare TLABs: 0.0ms
[171.763s][debug][gc,phases         ] GC(3575)     Choose Collection Set: 0.0ms
[171.763s][debug][gc,phases         ] GC(3575)     Region Register: 0.1ms
[171.763s][debug][gc,phases         ] GC(3575)     Prepare Heap Roots: 0.0ms
[171.763s][info ][gc,phases         ] GC(3575)   Merge Heap Roots: 0.1ms
[171.763s][debug][gc,phases         ] GC(3575)     Prepare Merge Heap Roots: 0.0ms
[171.763s][debug][gc,phases         ] GC(3575)     Eager Reclaim (ms):       skipped
[171.763s][debug][gc,phases         ] GC(3575)     Remembered Sets (ms):     Min:  0.0, Avg:  0.0, Max:  0.1, Diff:  0.0, Sum:  0.3, Workers: 8
[171.763s][debug][gc,phases         ] GC(3575)       Merged Sparse:            Min: 0, Avg:  0.0, Max: 0, Diff: 0, Sum: 0, Workers: 8
[171.763s][debug][gc,phases         ] GC(3575)       Merged Fine:              Min: 0, Avg:  0.0, Max: 0, Diff: 0, Sum: 0, Workers: 8
[171.763s][debug][gc,phases         ] GC(3575)       Merged Coarse:            Min: 0, Avg:  0.0, Max: 0, Diff: 0, Sum: 0, Workers: 8
[171.763s][debug][gc,phases         ] GC(3575)       Dirty Cards:              Min: 0, Avg:  0.0, Max: 0, Diff: 0, Sum: 0, Workers: 8
[171.763s][debug][gc,phases         ] GC(3575)     Hot Card Cache (ms):      Min:  0.0, Avg:  0.0, Max:  0.0, Diff:  0.0, Sum:  0.0, Workers: 8
[171.763s][debug][gc,phases         ] GC(3575)       Dirty Cards:              Min: 0, Avg:  0.0, Max: 0, Diff: 0, Sum: 0, Workers: 8
[171.763s][debug][gc,phases         ] GC(3575)       Skipped Cards:            Min: 0, Avg:  0.0, Max: 0, Diff: 0, Sum: 0, Workers: 8
[171.763s][debug][gc,phases         ] GC(3575)     Log Buffers (ms):         Min:  0.0, Avg:  0.0, Max:  0.0, Diff:  0.0, Sum:  0.0, Workers: 8
[171.763s][debug][gc,phases         ] GC(3575)       Dirty Cards:              Min: 0, Avg:  0.1, Max: 1, Diff: 1, Sum: 1, Workers: 8
[171.763s][debug][gc,phases         ] GC(3575)       Skipped Cards:            Min: 0, Avg:  0.0, Max: 0, Diff: 0, Sum: 0, Workers: 8
[171.763s][info ][gc,phases         ] GC(3575)   Evacuate Collection Set: 0.3ms
[171.763s][debug][gc,phases         ] GC(3575)     Ext Root Scanning (ms):   Min:  0.0, Avg:  0.2, Max:  0.3, Diff:  0.2, Sum:  1.4, Workers: 8
[171.763s][debug][gc,phases         ] GC(3575)     Scan Heap Roots (ms):     Min:  0.0, Avg:  0.0, Max:  0.0, Diff:  0.0, Sum:  0.0, Workers: 8
[171.763s][debug][gc,phases         ] GC(3575)       Scanned Cards:            Min: 0, Avg:  0.1, Max: 1, Diff: 1, Sum: 1, Workers: 8
[171.763s][debug][gc,phases         ] GC(3575)       Scanned Blocks:           Min: 0, Avg:  0.1, Max: 1, Diff: 1, Sum: 1, Workers: 8
[171.763s][debug][gc,phases         ] GC(3575)       Claimed Chunks:           Min: 0, Avg:  0.1, Max: 1, Diff: 1, Sum: 1, Workers: 8
[171.763s][debug][gc,phases         ] GC(3575)     Code Root Scan (ms):      Min:  0.0, Avg:  0.0, Max:  0.1, Diff:  0.1, Sum:  0.1, Workers: 8
[171.763s][debug][gc,phases         ] GC(3575)     Object Copy (ms):         Min:  0.0, Avg:  0.0, Max:  0.0, Diff:  0.0, Sum:  0.0, Workers: 8
[171.763s][debug][gc,phases         ] GC(3575)     Termination (ms):         Min:  0.0, Avg:  0.1, Max:  0.1, Diff:  0.1, Sum:  0.7, Workers: 8
[171.763s][debug][gc,phases         ] GC(3575)       Termination Attempts:     Min: 1, Avg:  1.4, Max: 4, Diff: 3, Sum: 11, Workers: 8
[171.763s][debug][gc,phases         ] GC(3575)     GC Worker Other (ms):     Min:  0.0, Avg:  0.0, Max:  0.1, Diff:  0.1, Sum:  0.3, Workers: 8
[171.763s][debug][gc,phases         ] GC(3575)     GC Worker Total (ms):     Min:  0.3, Avg:  0.3, Max:  0.3, Diff:  0.0, Sum:  2.5, Workers: 8
[171.763s][info ][gc,phases         ] GC(3575)   Post Evacuate Collection Set: 0.6ms
[171.763s][debug][gc,phases         ] GC(3575)     Code Roots Fixup: 0.0ms
[171.763s][debug][gc,phases         ] GC(3575)     Clear Card Table: 0.2ms
[171.763s][debug][gc,phases         ] GC(3575)     Reference Processing: 0.0ms
[171.763s][debug][gc,phases,ref     ] GC(3575)       Reconsider SoftReferences: 0.0ms
[171.763s][debug][gc,phases,ref     ] GC(3575)         SoftRef (ms):             skipped
[171.763s][debug][gc,phases,ref     ] GC(3575)       Notify Soft/WeakReferences: 0.0ms
[171.763s][debug][gc,phases,ref     ] GC(3575)         SoftRef (ms):             skipped
[171.763s][debug][gc,phases,ref     ] GC(3575)         WeakRef (ms):             skipped
[171.763s][debug][gc,phases,ref     ] GC(3575)         FinalRef (ms):            skipped
[171.763s][debug][gc,phases,ref     ] GC(3575)         Total (ms):               skipped
[171.763s][debug][gc,phases,ref     ] GC(3575)       Notify and keep alive finalizable: 0.0ms
[171.763s][debug][gc,phases,ref     ] GC(3575)         FinalRef (ms):            skipped
[171.763s][debug][gc,phases,ref     ] GC(3575)       Notify PhantomReferences: 0.0ms
[171.763s][debug][gc,phases,ref     ] GC(3575)         PhantomRef (ms):          skipped
[171.763s][debug][gc,phases,ref     ] GC(3575)       SoftReference:
[171.763s][debug][gc,phases,ref     ] GC(3575)         Discovered: 0
[171.763s][debug][gc,phases,ref     ] GC(3575)         Cleared: 0
[171.763s][debug][gc,phases,ref     ] GC(3575)       WeakReference:
[171.763s][debug][gc,phases,ref     ] GC(3575)         Discovered: 0
[171.763s][debug][gc,phases,ref     ] GC(3575)         Cleared: 0
[171.763s][debug][gc,phases,ref     ] GC(3575)       FinalReference:
[171.763s][debug][gc,phases,ref     ] GC(3575)         Discovered: 0
[171.763s][debug][gc,phases,ref     ] GC(3575)         Cleared: 0
[171.763s][debug][gc,phases,ref     ] GC(3575)       PhantomReference:
[171.763s][debug][gc,phases,ref     ] GC(3575)         Discovered: 0
[171.763s][debug][gc,phases,ref     ] GC(3575)         Cleared: 0
[171.763s][debug][gc,phases         ] GC(3575)     Weak Processing: 0.1ms
[171.763s][debug][gc,phases         ] GC(3575)       JVMTI weak processing: 0.0ms
[171.763s][debug][gc,phases         ] GC(3575)         Dead: 0
[171.763s][debug][gc,phases         ] GC(3575)         Total: 0
[171.763s][debug][gc,phases         ] GC(3575)       JFR weak processing: 0.0ms
[171.763s][debug][gc,phases         ] GC(3575)         Dead: 0
[171.763s][debug][gc,phases         ] GC(3575)         Total: 0
[171.763s][debug][gc,phases         ] GC(3575)       JNI weak                  Min:  0.0, Avg:  0.0, Max:  0.0, Diff:  0.0, Sum:  0.0, Workers: 5
[171.763s][debug][gc,phases         ] GC(3575)         Dead                      Min: 0, Avg:  0.0, Max: 0, Diff: 0, Sum: 0, Workers: 5
[171.763s][debug][gc,phases         ] GC(3575)         Total                     Min: 0, Avg: 25.6, Max: 128, Diff: 128, Sum: 128, Workers: 5
[171.763s][debug][gc,phases         ] GC(3575)       VM weak                   Min:  0.0, Avg:  0.0, Max:  0.0, Diff:  0.0, Sum:  0.0, Workers: 5
[171.763s][debug][gc,phases         ] GC(3575)         Dead                      Min: 0, Avg:  0.0, Max: 0, Diff: 0, Sum: 0, Workers: 5
[171.763s][debug][gc,phases         ] GC(3575)         Total                     Min: 0, Avg: 42.4, Max: 212, Diff: 212, Sum: 212, Workers: 5
[171.763s][debug][gc,phases         ] GC(3575)       StringTable weak          Min:  0.0, Avg:  0.0, Max:  0.0, Diff:  0.0, Sum:  0.0, Workers: 5
[171.763s][debug][gc,phases         ] GC(3575)         Dead                      Min: 0, Avg:  0.0, Max: 0, Diff: 0, Sum: 0, Workers: 5
[171.763s][debug][gc,phases         ] GC(3575)         Total                     Min: 103, Avg: 686.2, Max: 2880, Diff: 2777, Sum: 3431, Workers: 5
[171.763s][debug][gc,phases         ] GC(3575)       ResolvedMethodTable weak  Min:  0.0, Avg:  0.0, Max:  0.0, Diff:  0.0, Sum:  0.0, Workers: 5
[171.763s][debug][gc,phases         ] GC(3575)         Dead                      Min: 0, Avg:  0.0, Max: 0, Diff: 0, Sum: 0, Workers: 5
[171.763s][debug][gc,phases         ] GC(3575)         Total                     Min: 64, Avg: 114.6, Max: 128, Diff: 64, Sum: 573, Workers: 5
[171.763s][debug][gc,phases         ] GC(3575)     Merge Per-Thread State: 0.0ms
[171.763s][debug][gc,phases         ] GC(3575)       Copied Bytes              Min: 600, Avg: 400319.0, Max: 800320, Diff: 799720, Sum: 3202552, Workers: 8
[171.763s][debug][gc,phases         ] GC(3575)       LAB Waste                 Min: 0, Avg:  0.0, Max: 0, Diff: 0, Sum: 0, Workers: 8
[171.763s][debug][gc,phases         ] GC(3575)       LAB Undo Waste            Min: 0, Avg:  0.0, Max: 0, Diff: 0, Sum: 0, Workers: 8
[171.763s][debug][gc,phases         ] GC(3575)     Code Roots Purge: 0.0ms
[171.763s][debug][gc,phases         ] GC(3575)     Redirty Cards: 0.0ms
[171.763s][debug][gc,phases         ] GC(3575)     DerivedPointerTable Update: 0.0ms
[171.763s][debug][gc,phases         ] GC(3575)     Free Collection Set: 0.2ms
[171.763s][debug][gc,phases         ] GC(3575)     Rebuild Free List: 0.1ms
[171.763s][debug][gc,phases         ] GC(3575)     Humongous Reclaim: 0.0ms
[171.763s][debug][gc,phases         ] GC(3575)     Start New Collection Set: 0.0ms
[171.763s][debug][gc,phases         ] GC(3575)     Resize TLABs: 0.0ms
[171.763s][debug][gc,phases         ] GC(3575)     Expand Heap After Collection: 0.0ms
[171.763s][info ][gc,phases         ] GC(3575)   Other: 0.3ms
[171.763s][info ][gc,heap           ] GC(3575) Eden regions: 867->0(869)
[171.763s][info ][gc,heap           ] GC(3575) Survivor regions: 6->4(110)
[171.763s][info ][gc,heap           ] GC(3575) Old regions: 17->17
[171.763s][info ][gc,heap           ] GC(3575) Archive regions: 2->2
[171.763s][info ][gc,heap           ] GC(3575) Humongous regions: 0->0
[171.763s][info ][gc,metaspace      ] GC(3575) Metaspace: 10069K(10624K)->10069K(10624K) NonClass: 8921K(9216K)->8921K(9216K) Class: 1148K(1408K)->1148K(1408K)
[171.763s][debug][gc,heap           ] GC(3575) Heap after GC invocations=3576 (full 1): garbage-first heap   total 1490944K, used 21310K [0x0000000700000000, 0x0000000800000000)
[171.763s][debug][gc,heap           ] GC(3575)   region size 1024K, 4 young (4096K), 4 survivors (4096K)
[171.763s][debug][gc,heap           ] GC(3575)  Metaspace       used 10069K, capacity 10368K, committed 10624K, reserved 1058816K
[171.763s][debug][gc,heap           ] GC(3575)   class space    used 1148K, capacity 1266K, committed 1408K, reserved 1048576K
[171.763s][info ][gc                ] GC(3575) Pause Young (Normal) (G1 Evacuation Pause) 889M->20M(1456M) 2.112ms
[171.763s][info ][gc,cpu            ] GC(3575) User=0.00s Sys=0.00s Real=0.00s
[171.763s][info ][safepoint         ] Safepoint "G1CollectForAllocation", Time since last: 42911971 ns, Reaching safepoint: 189400 ns, At safepoint: 2284893 ns, Total: 2474293 ns
[171.807s][debug][gc,heap           ] GC(3576) Heap before GC invocations=3576 (full 1): garbage-first heap   total 1490944K, used 910142K [0x0000000700000000, 0x0000000800000000)
[171.808s][debug][gc,heap           ] GC(3576)   region size 1024K, 873 young (893952K), 4 survivors (4096K)
[171.808s][debug][gc,heap           ] GC(3576)  Metaspace       used 10069K, capacity 10368K, committed 10624K, reserved 1058816K
[171.808s][debug][gc,heap           ] GC(3576)   class space    used 1148K, capacity 1266K, committed 1408K, reserved 1048576K
[171.808s][info ][gc,start          ] GC(3576) Pause Young (Normal) (G1 Evacuation Pause)
[171.808s][info ][gc,task           ] GC(3576) Using 8 workers of 8 for evacuation
[171.808s][debug][gc,tlab           ] GC(3576) TLAB totals: thrds: 8  refills: 11 max: 2 slow allocs: 1732 max 251 waste: 40.0% gc: 1221592B max: 232992B slow: 41656B max: 14304B fast: 0B max: 0B
[171.808s][debug][gc,age            ] GC(3576) Desired survivor size 57671680 bytes, new threshold 15 (max threshold 15)
[171.808s][debug][gc,alloc,region   ] GC(3576) Mutator Allocation stats, regions: 869, wasted size: 203M (23.4%)
[171.808s][debug][gc,ergo           ] GC(3576) Running G1 Merge Heap Roots using 8 workers for 873 regions
[171.808s][debug][gc,remset         ] GC(3576) Visited cards 512 Total dirty 4096 (12.50%) Total old 3614720 (0.01%)
[171.808s][debug][gc,ergo           ] GC(3576) Running G1 Clear Card Table Task using 2 workers for 2 units of work for 875 regions.
[171.808s][debug][gc,ref            ] GC(3576) Skipped phase1 of Reference Processing due to unavailable references
[171.809s][debug][gc,ref            ] GC(3576) Skipped phase2 of Reference Processing due to unavailable references
[171.809s][debug][gc,ref            ] GC(3576) Skipped phase3 of Reference Processing due to unavailable references
[171.809s][debug][gc,ref            ] GC(3576) Skipped phase4 of Reference Processing due to unavailable references
[171.809s][debug][gc,ergo           ] GC(3576) Running G1 Free Collection Set using 8 workers for collection set length 873 (1456)
[171.809s][debug][gc,ergo           ] GC(3576) Running G1 Rebuild Free List Task using 8 workers for rebuilding free list of 0 (4096) regions
[171.809s][trace][gc,age            ] GC(3576) Age table with threshold 15 (max threshold 15)
[171.809s][trace][gc,age            ] GC(3576) - age   1:    3202560 bytes,    3202560 total
[171.809s][debug][gc,plab           ] GC(3576) Young PLAB allocation: allocated: 16512B, wasted: 0B, unused: 14064B, used: 2448B, undo waste: 0B, 
[171.809s][debug][gc,plab           ] GC(3576) Young other allocation: region end waste: 733248B, regions filled: 4, direct allocated: 3200112B, failure used: 0B, failure wasted: 0B
[171.809s][debug][gc,plab           ] GC(3576) Young sizing: calculated: 0B, actual: 2064B
[171.809s][debug][gc,plab           ] GC(3576) Old PLAB allocation: allocated: 0B, wasted: 0B, unused: 0B, used: 0B, undo waste: 0B, 
[171.809s][debug][gc,plab           ] GC(3576) Old other allocation: region end waste: 0B, regions filled: 1, direct allocated: 0B, failure used: 0B, failure wasted: 0B
[171.809s][debug][gc,plab           ] GC(3576) Old sizing: calculated: 0B, actual: 2064B
[171.809s][debug][gc,ihop           ] GC(3576) Basic information (value update), threshold: 687026995B (45.00), target occupancy: 1526726656B, current occupancy: 21819696B, recent allocation size: 0B, recent allocation duration: 44.94ms, recent old gen allocation rate: 0.00B/s, recent marking phase length: 29.01ms
[171.809s][debug][gc,ihop           ] GC(3576) Adaptive IHOP information (value update), threshold: 687026995B (47.37), internal target occupancy: 1450390323B, occupancy: 21819696B, additional buffer size: 915406848B, predicted old gen allocation rate: 8448.08B/s, predicted marking phase length: 58.01ms, prediction active: false
[171.809s][debug][gc,ergo,refine    ] GC(3576) Concurrent refinement times: Logged Cards Scan time goal: 20.00ms Logged Cards Scan time: 0.00ms HCC time: 0.00ms
[171.809s][debug][gc,ergo,refine    ] GC(3576) Updated Refinement Zones: green: 2048, yellow: 6144, red: 10240
[171.809s][info ][gc,phases         ] GC(3576)   Pre Evacuate Collection Set: 0.1ms
[171.809s][debug][gc,phases         ] GC(3576)     Prepare TLABs: 0.0ms
[171.809s][debug][gc,phases         ] GC(3576)     Choose Collection Set: 0.0ms
[171.809s][debug][gc,phases         ] GC(3576)     Region Register: 0.1ms
[171.809s][debug][gc,phases         ] GC(3576)     Prepare Heap Roots: 0.0ms
[171.809s][info ][gc,phases         ] GC(3576)   Merge Heap Roots: 0.1ms
[171.809s][debug][gc,phases         ] GC(3576)     Prepare Merge Heap Roots: 0.0ms
[171.809s][debug][gc,phases         ] GC(3576)     Eager Reclaim (ms):       skipped
[171.809s][debug][gc,phases         ] GC(3576)     Remembered Sets (ms):     Min:  0.0, Avg:  0.0, Max:  0.1, Diff:  0.0, Sum:  0.3, Workers: 8
[171.809s][debug][gc,phases         ] GC(3576)       Merged Sparse:            Min: 0, Avg:  0.0, Max: 0, Diff: 0, Sum: 0, Workers: 8
[171.809s][debug][gc,phases         ] GC(3576)       Merged Fine:              Min: 0, Avg:  0.0, Max: 0, Diff: 0, Sum: 0, Workers: 8
[171.809s][debug][gc,phases         ] GC(3576)       Merged Coarse:            Min: 0, Avg:  0.0, Max: 0, Diff: 0, Sum: 0, Workers: 8
[171.809s][debug][gc,phases         ] GC(3576)       Dirty Cards:              Min: 0, Avg:  0.0, Max: 0, Diff: 0, Sum: 0, Workers: 8
[171.809s][debug][gc,phases         ] GC(3576)     Hot Card Cache (ms):      Min:  0.0, Avg:  0.0, Max:  0.0, Diff:  0.0, Sum:  0.0, Workers: 8
[171.809s][debug][gc,phases         ] GC(3576)       Dirty Cards:              Min: 0, Avg:  0.0, Max: 0, Diff: 0, Sum: 0, Workers: 8
[171.809s][debug][gc,phases         ] GC(3576)       Skipped Cards:            Min: 0, Avg:  0.0, Max: 0, Diff: 0, Sum: 0, Workers: 8
[171.809s][debug][gc,phases         ] GC(3576)     Log Buffers (ms):         Min:  0.0, Avg:  0.0, Max:  0.0, Diff:  0.0, Sum:  0.0, Workers: 8
[171.809s][debug][gc,phases         ] GC(3576)       Dirty Cards:              Min: 0, Avg:  0.2, Max: 2, Diff: 2, Sum: 2, Workers: 8
[171.809s][debug][gc,phases         ] GC(3576)       Skipped Cards:            Min: 0, Avg:  0.0, Max: 0, Diff: 0, Sum: 0, Workers: 8
[171.809s][info ][gc,phases         ] GC(3576)   Evacuate Collection Set: 0.4ms
[171.809s][debug][gc,phases         ] GC(3576)     Ext Root Scanning (ms):   Min:  0.1, Avg:  0.2, Max:  0.3, Diff:  0.1, Sum:  1.6, Workers: 8
[171.809s][debug][gc,phases         ] GC(3576)     Scan Heap Roots (ms):     Min:  0.0, Avg:  0.0, Max:  0.0, Diff:  0.0, Sum:  0.0, Workers: 8
[171.809s][debug][gc,phases         ] GC(3576)       Scanned Cards:            Min: 0, Avg:  0.2, Max: 2, Diff: 2, Sum: 2, Workers: 8
[171.809s][debug][gc,phases         ] GC(3576)       Scanned Blocks:           Min: 0, Avg:  0.2, Max: 2, Diff: 2, Sum: 2, Workers: 8
[171.809s][debug][gc,phases         ] GC(3576)       Claimed Chunks:           Min: 0, Avg:  0.2, Max: 2, Diff: 2, Sum: 2, Workers: 8
[171.809s][debug][gc,phases         ] GC(3576)     Code Root Scan (ms):      Min:  0.0, Avg:  0.0, Max:  0.0, Diff:  0.0, Sum:  0.1, Workers: 8
[171.809s][debug][gc,phases         ] GC(3576)     Object Copy (ms):         Min:  0.0, Avg:  0.0, Max:  0.0, Diff:  0.0, Sum:  0.0, Workers: 8
[171.809s][debug][gc,phases         ] GC(3576)     Termination (ms):         Min:  0.0, Avg:  0.1, Max:  0.1, Diff:  0.1, Sum:  0.5, Workers: 8
[171.809s][debug][gc,phases         ] GC(3576)       Termination Attempts:     Min: 1, Avg:  1.2, Max: 2, Diff: 1, Sum: 10, Workers: 8
[171.809s][debug][gc,phases         ] GC(3576)     GC Worker Other (ms):     Min:  0.0, Avg:  0.0, Max:  0.1, Diff:  0.1, Sum:  0.3, Workers: 8
[171.809s][debug][gc,phases         ] GC(3576)     GC Worker Total (ms):     Min:  0.3, Avg:  0.3, Max:  0.4, Diff:  0.1, Sum:  2.7, Workers: 8
[171.809s][info ][gc,phases         ] GC(3576)   Post Evacuate Collection Set: 0.6ms
[171.809s][debug][gc,phases         ] GC(3576)     Code Roots Fixup: 0.0ms
[171.809s][debug][gc,phases         ] GC(3576)     Clear Card Table: 0.2ms
[171.809s][debug][gc,phases         ] GC(3576)     Reference Processing: 0.0ms
[171.809s][debug][gc,phases,ref     ] GC(3576)       Reconsider SoftReferences: 0.0ms
[171.809s][debug][gc,phases,ref     ] GC(3576)         SoftRef (ms):             skipped
[171.809s][debug][gc,phases,ref     ] GC(3576)       Notify Soft/WeakReferences: 0.0ms
[171.809s][debug][gc,phases,ref     ] GC(3576)         SoftRef (ms):             skipped
[171.809s][debug][gc,phases,ref     ] GC(3576)         WeakRef (ms):             skipped
[171.809s][debug][gc,phases,ref     ] GC(3576)         FinalRef (ms):            skipped
[171.809s][debug][gc,phases,ref     ] GC(3576)         Total (ms):               skipped
[171.809s][debug][gc,phases,ref     ] GC(3576)       Notify and keep alive finalizable: 0.0ms
[171.809s][debug][gc,phases,ref     ] GC(3576)         FinalRef (ms):            skipped
[171.809s][debug][gc,phases,ref     ] GC(3576)       Notify PhantomReferences: 0.0ms
[171.809s][debug][gc,phases,ref     ] GC(3576)         PhantomRef (ms):          skipped
[171.809s][debug][gc,phases,ref     ] GC(3576)       SoftReference:
[171.809s][debug][gc,phases,ref     ] GC(3576)         Discovered: 0
[171.809s][debug][gc,phases,ref     ] GC(3576)         Cleared: 0
[171.809s][debug][gc,phases,ref     ] GC(3576)       WeakReference:
[171.809s][debug][gc,phases,ref     ] GC(3576)         Discovered: 0
[171.809s][debug][gc,phases,ref     ] GC(3576)         Cleared: 0
[171.809s][debug][gc,phases,ref     ] GC(3576)       FinalReference:
[171.809s][debug][gc,phases,ref     ] GC(3576)         Discovered: 0
[171.809s][debug][gc,phases,ref     ] GC(3576)         Cleared: 0
[171.809s][debug][gc,phases,ref     ] GC(3576)       PhantomReference:
[171.809s][debug][gc,phases,ref     ] GC(3576)         Discovered: 0
[171.809s][debug][gc,phases,ref     ] GC(3576)         Cleared: 0
[171.809s][debug][gc,phases         ] GC(3576)     Weak Processing: 0.1ms
[171.809s][debug][gc,phases         ] GC(3576)       JVMTI weak processing: 0.0ms
[171.809s][debug][gc,phases         ] GC(3576)         Dead: 0
[171.809s][debug][gc,phases         ] GC(3576)         Total: 0
[171.809s][debug][gc,phases         ] GC(3576)       JFR weak processing: 0.0ms
[171.809s][debug][gc,phases         ] GC(3576)         Dead: 0
[171.809s][debug][gc,phases         ] GC(3576)         Total: 0
[171.809s][debug][gc,phases         ] GC(3576)       JNI weak                  Min:  0.0, Avg:  0.0, Max:  0.0, Diff:  0.0, Sum:  0.0, Workers: 5
[171.810s][debug][gc,phases         ] GC(3576)         Dead                      Min: 0, Avg:  0.0, Max: 0, Diff: 0, Sum: 0, Workers: 5
[171.810s][debug][gc,phases         ] GC(3576)         Total                     Min: 0, Avg: 25.6, Max: 64, Diff: 64, Sum: 128, Workers: 5
[171.810s][debug][gc,phases         ] GC(3576)       VM weak                   Min:  0.0, Avg:  0.0, Max:  0.0, Diff:  0.0, Sum:  0.0, Workers: 5
[171.810s][debug][gc,phases         ] GC(3576)         Dead                      Min: 0, Avg:  0.0, Max: 0, Diff: 0, Sum: 0, Workers: 5
[171.810s][debug][gc,phases         ] GC(3576)         Total                     Min: 0, Avg: 42.4, Max: 128, Diff: 128, Sum: 212, Workers: 5
[171.810s][debug][gc,phases         ] GC(3576)       StringTable weak          Min:  0.0, Avg:  0.0, Max:  0.0, Diff:  0.0, Sum:  0.1, Workers: 5
[171.810s][debug][gc,phases         ] GC(3576)         Dead                      Min: 0, Avg:  0.0, Max: 0, Diff: 0, Sum: 0, Workers: 5
[171.810s][debug][gc,phases         ] GC(3576)         Total                     Min: 0, Avg: 686.2, Max: 1728, Diff: 1728, Sum: 3431, Workers: 5
[171.810s][debug][gc,phases         ] GC(3576)       ResolvedMethodTable weak  Min:  0.0, Avg:  0.0, Max:  0.0, Diff:  0.0, Sum:  0.0, Workers: 5
[171.810s][debug][gc,phases         ] GC(3576)         Dead                      Min: 0, Avg:  0.0, Max: 0, Diff: 0, Sum: 0, Workers: 5
[171.810s][debug][gc,phases         ] GC(3576)         Total                     Min: 0, Avg: 114.6, Max: 317, Diff: 317, Sum: 573, Workers: 5
[171.810s][debug][gc,phases         ] GC(3576)     Merge Per-Thread State: 0.0ms
[171.810s][debug][gc,phases         ] GC(3576)       Copied Bytes              Min: 584, Avg: 400320.0, Max: 800320, Diff: 799736, Sum: 3202560, Workers: 8
[171.810s][debug][gc,phases         ] GC(3576)       LAB Waste                 Min: 0, Avg:  0.0, Max: 0, Diff: 0, Sum: 0, Workers: 8
[171.810s][debug][gc,phases         ] GC(3576)       LAB Undo Waste            Min: 0, Avg:  0.0, Max: 0, Diff: 0, Sum: 0, Workers: 8
[171.810s][debug][gc,phases         ] GC(3576)     Code Roots Purge: 0.0ms
[171.810s][debug][gc,phases         ] GC(3576)     Redirty Cards: 0.0ms
[171.810s][debug][gc,phases         ] GC(3576)     DerivedPointerTable Update: 0.0ms
[171.810s][debug][gc,phases         ] GC(3576)     Free Collection Set: 0.2ms
[171.810s][debug][gc,phases         ] GC(3576)     Rebuild Free List: 0.1ms
[171.810s][debug][gc,phases         ] GC(3576)     Humongous Reclaim: 0.0ms
[171.810s][debug][gc,phases         ] GC(3576)     Start New Collection Set: 0.0ms
[171.810s][debug][gc,phases         ] GC(3576)     Resize TLABs: 0.0ms
[171.810s][debug][gc,phases         ] GC(3576)     Expand Heap After Collection: 0.0ms
[171.810s][info ][gc,phases         ] GC(3576)   Other: 0.3ms
[171.810s][info ][gc,heap           ] GC(3576) Eden regions: 869->0(869)
[171.810s][info ][gc,heap           ] GC(3576) Survivor regions: 4->4(110)
[171.810s][info ][gc,heap           ] GC(3576) Old regions: 17->17
[171.810s][info ][gc,heap           ] GC(3576) Archive regions: 2->2
[171.810s][info ][gc,heap           ] GC(3576) Humongous regions: 0->0
[171.810s][info ][gc,metaspace      ] GC(3576) Metaspace: 10069K(10624K)->10069K(10624K) NonClass: 8921K(9216K)->8921K(9216K) Class: 1148K(1408K)->1148K(1408K)
[171.810s][debug][gc,heap           ] GC(3576) Heap after GC invocations=3577 (full 1): garbage-first heap   total 1490944K, used 21308K [0x0000000700000000, 0x0000000800000000)
[171.810s][debug][gc,heap           ] GC(3576)   region size 1024K, 4 young (4096K), 4 survivors (4096K)
[171.810s][debug][gc,heap           ] GC(3576)  Metaspace       used 10069K, capacity 10368K, committed 10624K, reserved 1058816K
[171.810s][debug][gc,heap           ] GC(3576)   class space    used 1148K, capacity 1266K, committed 1408K, reserved 1048576K
[171.810s][info ][gc                ] GC(3576) Pause Young (Normal) (G1 Evacuation Pause) 889M->20M(1456M) 2.199ms
[171.810s][info ][gc,cpu            ] GC(3576) User=0.01s Sys=0.00s Real=0.00s
[171.810s][info ][safepoint         ] Safepoint "G1CollectForAllocation", Time since last: 43882854 ns, Reaching safepoint: 138246 ns, At safepoint: 2371007 ns, Total: 2509253 ns
[171.853s][debug][gc,heap           ] GC(3577) Heap before GC invocations=3577 (full 1): garbage-first heap   total 1490944K, used 910140K [0x0000000700000000, 0x0000000800000000)
[171.853s][debug][gc,heap           ] GC(3577)   region size 1024K, 873 young (893952K), 4 survivors (4096K)
[171.853s][debug][gc,heap           ] GC(3577)  Metaspace       used 10069K, capacity 10368K, committed 10624K, reserved 1058816K
[171.853s][debug][gc,heap           ] GC(3577)   class space    used 1148K, capacity 1266K, committed 1408K, reserved 1048576K
[171.854s][info ][gc,start          ] GC(3577) Pause Young (Normal) (G1 Evacuation Pause)
[171.854s][info ][gc,task           ] GC(3577) Using 8 workers of 8 for evacuation
[171.854s][debug][gc,tlab           ] GC(3577) TLAB totals: thrds: 8  refills: 15 max: 3 slow allocs: 1730 max 251 waste: 32.0% gc: 1210712B max: 232992B slow: 58728B max: 15096B fast: 0B max: 0B
[171.854s][debug][gc,age            ] GC(3577) Desired survivor size 57671680 bytes, new threshold 15 (max threshold 15)
[171.854s][debug][gc,alloc,region   ] GC(3577) Mutator Allocation stats, regions: 869, wasted size: 203M (23.4%)
[171.854s][debug][gc,ergo           ] GC(3577) Running G1 Merge Heap Roots using 8 workers for 873 regions
[171.854s][debug][gc,remset         ] GC(3577) Visited cards 256 Total dirty 2048 (12.50%) Total old 3614720 (0.01%)
[171.854s][debug][gc,ergo           ] GC(3577) Running G1 Clear Card Table Task using 2 workers for 2 units of work for 874 regions.
[171.855s][debug][gc,ref            ] GC(3577) Skipped phase1 of Reference Processing due to unavailable references
[171.855s][debug][gc,ref            ] GC(3577) Skipped phase2 of Reference Processing due to unavailable references
[171.855s][debug][gc,ref            ] GC(3577) Skipped phase3 of Reference Processing due to unavailable references
[171.855s][debug][gc,ref            ] GC(3577) Skipped phase4 of Reference Processing due to unavailable references
[171.855s][debug][gc,ergo           ] GC(3577) Running G1 Free Collection Set using 8 workers for collection set length 873 (1456)
[171.855s][debug][gc,ergo           ] GC(3577) Running G1 Rebuild Free List Task using 8 workers for rebuilding free list of 0 (4096) regions
[171.855s][trace][gc,age            ] GC(3577) Age table with threshold 15 (max threshold 15)
[171.855s][trace][gc,age            ] GC(3577) - age   1:    4002584 bytes,    4002584 total
[171.855s][debug][gc,plab           ] GC(3577) Young PLAB allocation: allocated: 16512B, wasted: 0B, unused: 14064B, used: 2448B, undo waste: 0B, 
[171.855s][debug][gc,plab           ] GC(3577) Young other allocation: region end waste: 983864B, regions filled: 5, direct allocated: 4000136B, failure used: 0B, failure wasted: 0B
[171.855s][debug][gc,plab           ] GC(3577) Young sizing: calculated: 0B, actual: 2064B
[171.855s][debug][gc,plab           ] GC(3577) Old PLAB allocation: allocated: 0B, wasted: 0B, unused: 0B, used: 0B, undo waste: 0B, 
[171.855s][debug][gc,plab           ] GC(3577) Old other allocation: region end waste: 0B, regions filled: 1, direct allocated: 0B, failure used: 0B, failure wasted: 0B
[171.855s][debug][gc,plab           ] GC(3577) Old sizing: calculated: 0B, actual: 2064B
[171.855s][debug][gc,ihop           ] GC(3577) Basic information (value update), threshold: 687026995B (45.00), target occupancy: 1526726656B, current occupancy: 22870336B, recent allocation size: 0B, recent allocation duration: 44.51ms, recent old gen allocation rate: 0.00B/s, recent marking phase length: 29.01ms
[171.855s][debug][gc,ihop           ] GC(3577) Adaptive IHOP information (value update), threshold: 687026995B (47.37), internal target occupancy: 1450390323B, occupancy: 22870336B, additional buffer size: 915406848B, predicted old gen allocation rate: 8215.05B/s, predicted marking phase length: 58.01ms, prediction active: false
[171.855s][debug][gc,ergo,refine    ] GC(3577) Concurrent refinement times: Logged Cards Scan time goal: 20.00ms Logged Cards Scan time: 0.00ms HCC time: 0.00ms
[171.855s][debug][gc,ergo,refine    ] GC(3577) Updated Refinement Zones: green: 2048, yellow: 6144, red: 10240
[171.855s][info ][gc,phases         ] GC(3577)   Pre Evacuate Collection Set: 0.1ms
[171.855s][debug][gc,phases         ] GC(3577)     Prepare TLABs: 0.0ms
[171.855s][debug][gc,phases         ] GC(3577)     Choose Collection Set: 0.0ms
[171.855s][debug][gc,phases         ] GC(3577)     Region Register: 0.1ms
[171.855s][debug][gc,phases         ] GC(3577)     Prepare Heap Roots: 0.0ms
[171.855s][info ][gc,phases         ] GC(3577)   Merge Heap Roots: 0.2ms
[171.855s][debug][gc,phases         ] GC(3577)     Prepare Merge Heap Roots: 0.0ms
[171.855s][debug][gc,phases         ] GC(3577)     Eager Reclaim (ms):       skipped
[171.855s][debug][gc,phases         ] GC(3577)     Remembered Sets (ms):     Min:  0.0, Avg:  0.0, Max:  0.1, Diff:  0.0, Sum:  0.3, Workers: 8
[171.855s][debug][gc,phases         ] GC(3577)       Merged Sparse:            Min: 0, Avg:  0.0, Max: 0, Diff: 0, Sum: 0, Workers: 8
[171.855s][debug][gc,phases         ] GC(3577)       Merged Fine:              Min: 0, Avg:  0.0, Max: 0, Diff: 0, Sum: 0, Workers: 8
[171.855s][debug][gc,phases         ] GC(3577)       Merged Coarse:            Min: 0, Avg:  0.0, Max: 0, Diff: 0, Sum: 0, Workers: 8
[171.855s][debug][gc,phases         ] GC(3577)       Dirty Cards:              Min: 0, Avg:  0.0, Max: 0, Diff: 0, Sum: 0, Workers: 8
[171.855s][debug][gc,phases         ] GC(3577)     Hot Card Cache (ms):      Min:  0.0, Avg:  0.0, Max:  0.0, Diff:  0.0, Sum:  0.0, Workers: 8
[171.855s][debug][gc,phases         ] GC(3577)       Dirty Cards:              Min: 0, Avg:  0.0, Max: 0, Diff: 0, Sum: 0, Workers: 8
[171.855s][debug][gc,phases         ] GC(3577)       Skipped Cards:            Min: 0, Avg:  0.0, Max: 0, Diff: 0, Sum: 0, Workers: 8
[171.855s][debug][gc,phases         ] GC(3577)     Log Buffers (ms):         Min:  0.0, Avg:  0.0, Max:  0.0, Diff:  0.0, Sum:  0.0, Workers: 8
[171.855s][debug][gc,phases         ] GC(3577)       Dirty Cards:              Min: 0, Avg:  0.1, Max: 1, Diff: 1, Sum: 1, Workers: 8
[171.855s][debug][gc,phases         ] GC(3577)       Skipped Cards:            Min: 0, Avg:  0.0, Max: 0, Diff: 0, Sum: 0, Workers: 8
[171.855s][info ][gc,phases         ] GC(3577)   Evacuate Collection Set: 0.5ms
[171.855s][debug][gc,phases         ] GC(3577)     Ext Root Scanning (ms):   Min:  0.2, Avg:  0.3, Max:  0.4, Diff:  0.2, Sum:  2.2, Workers: 8
[171.855s][debug][gc,phases         ] GC(3577)     Scan Heap Roots (ms):     Min:  0.0, Avg:  0.0, Max:  0.0, Diff:  0.0, Sum:  0.0, Workers: 8
[171.855s][debug][gc,phases         ] GC(3577)       Scanned Cards:            Min: 0, Avg:  0.1, Max: 1, Diff: 1, Sum: 1, Workers: 8
[171.855s][debug][gc,phases         ] GC(3577)       Scanned Blocks:           Min: 0, Avg:  0.1, Max: 1, Diff: 1, Sum: 1, Workers: 8
[171.855s][debug][gc,phases         ] GC(3577)       Claimed Chunks:           Min: 0, Avg:  0.1, Max: 1, Diff: 1, Sum: 1, Workers: 8
[171.855s][debug][gc,phases         ] GC(3577)     Code Root Scan (ms):      Min:  0.0, Avg:  0.0, Max:  0.1, Diff:  0.1, Sum:  0.2, Workers: 8
[171.855s][debug][gc,phases         ] GC(3577)     Object Copy (ms):         Min:  0.0, Avg:  0.0, Max:  0.0, Diff:  0.0, Sum:  0.1, Workers: 8
[171.855s][debug][gc,phases         ] GC(3577)     Termination (ms):         Min:  0.0, Avg:  0.1, Max:  0.1, Diff:  0.1, Sum:  0.7, Workers: 8
[171.855s][debug][gc,phases         ] GC(3577)       Termination Attempts:     Min: 1, Avg:  1.4, Max: 2, Diff: 1, Sum: 11, Workers: 8
[171.855s][debug][gc,phases         ] GC(3577)     GC Worker Other (ms):     Min:  0.0, Avg:  0.0, Max:  0.1, Diff:  0.1, Sum:  0.3, Workers: 8
[171.855s][debug][gc,phases         ] GC(3577)     GC Worker Total (ms):     Min:  0.4, Avg:  0.4, Max:  0.5, Diff:  0.1, Sum:  3.5, Workers: 8
[171.855s][info ][gc,phases         ] GC(3577)   Post Evacuate Collection Set: 0.6ms
[171.855s][debug][gc,phases         ] GC(3577)     Code Roots Fixup: 0.0ms
[171.855s][debug][gc,phases         ] GC(3577)     Clear Card Table: 0.2ms
[171.855s][debug][gc,phases         ] GC(3577)     Reference Processing: 0.0ms
[171.855s][debug][gc,phases,ref     ] GC(3577)       Reconsider SoftReferences: 0.0ms
[171.855s][debug][gc,phases,ref     ] GC(3577)         SoftRef (ms):             skipped
[171.855s][debug][gc,phases,ref     ] GC(3577)       Notify Soft/WeakReferences: 0.0ms
[171.855s][debug][gc,phases,ref     ] GC(3577)         SoftRef (ms):             skipped
[171.855s][debug][gc,phases,ref     ] GC(3577)         WeakRef (ms):             skipped
[171.855s][debug][gc,phases,ref     ] GC(3577)         FinalRef (ms):            skipped
[171.855s][debug][gc,phases,ref     ] GC(3577)         Total (ms):               skipped
[171.855s][debug][gc,phases,ref     ] GC(3577)       Notify and keep alive finalizable: 0.0ms
[171.855s][debug][gc,phases,ref     ] GC(3577)         FinalRef (ms):            skipped
[171.855s][debug][gc,phases,ref     ] GC(3577)       Notify PhantomReferences: 0.0ms
[171.855s][debug][gc,phases,ref     ] GC(3577)         PhantomRef (ms):          skipped
[171.855s][debug][gc,phases,ref     ] GC(3577)       SoftReference:
[171.855s][debug][gc,phases,ref     ] GC(3577)         Discovered: 0
[171.855s][debug][gc,phases,ref     ] GC(3577)         Cleared: 0
[171.855s][debug][gc,phases,ref     ] GC(3577)       WeakReference:
[171.855s][debug][gc,phases,ref     ] GC(3577)         Discovered: 0
[171.855s][debug][gc,phases,ref     ] GC(3577)         Cleared: 0
[171.855s][debug][gc,phases,ref     ] GC(3577)       FinalReference:
[171.855s][debug][gc,phases,ref     ] GC(3577)         Discovered: 0
[171.855s][debug][gc,phases,ref     ] GC(3577)         Cleared: 0
[171.855s][debug][gc,phases,ref     ] GC(3577)       PhantomReference:
[171.855s][debug][gc,phases,ref     ] GC(3577)         Discovered: 0
[171.856s][debug][gc,phases,ref     ] GC(3577)         Cleared: 0
[171.856s][debug][gc,phases         ] GC(3577)     Weak Processing: 0.1ms
[171.856s][debug][gc,phases         ] GC(3577)       JVMTI weak processing: 0.0ms
[171.856s][debug][gc,phases         ] GC(3577)         Dead: 0
[171.856s][debug][gc,phases         ] GC(3577)         Total: 0
[171.856s][debug][gc,phases         ] GC(3577)       JFR weak processing: 0.0ms
[171.856s][debug][gc,phases         ] GC(3577)         Dead: 0
[171.856s][debug][gc,phases         ] GC(3577)         Total: 0
[171.856s][debug][gc,phases         ] GC(3577)       JNI weak                  Min:  0.0, Avg:  0.0, Max:  0.0, Diff:  0.0, Sum:  0.0, Workers: 5
[171.856s][debug][gc,phases         ] GC(3577)         Dead                      Min: 0, Avg:  0.0, Max: 0, Diff: 0, Sum: 0, Workers: 5
[171.856s][debug][gc,phases         ] GC(3577)         Total                     Min: 0, Avg: 25.6, Max: 128, Diff: 128, Sum: 128, Workers: 5
[171.856s][debug][gc,phases         ] GC(3577)       VM weak                   Min:  0.0, Avg:  0.0, Max:  0.0, Diff:  0.0, Sum:  0.0, Workers: 5
[171.856s][debug][gc,phases         ] GC(3577)         Dead                      Min: 0, Avg:  0.0, Max: 0, Diff: 0, Sum: 0, Workers: 5
[171.856s][debug][gc,phases         ] GC(3577)         Total                     Min: 0, Avg: 42.4, Max: 212, Diff: 212, Sum: 212, Workers: 5
[171.856s][debug][gc,phases         ] GC(3577)       StringTable weak          Min:  0.0, Avg:  0.0, Max:  0.0, Diff:  0.0, Sum:  0.0, Workers: 5
[171.856s][debug][gc,phases         ] GC(3577)         Dead                      Min: 0, Avg:  0.0, Max: 0, Diff: 0, Sum: 0, Workers: 5
[171.856s][debug][gc,phases         ] GC(3577)         Total                     Min: 0, Avg: 686.2, Max: 2727, Diff: 2727, Sum: 3431, Workers: 5
[171.856s][debug][gc,phases         ] GC(3577)       ResolvedMethodTable weak  Min:  0.0, Avg:  0.0, Max:  0.0, Diff:  0.0, Sum:  0.0, Workers: 5
[171.856s][debug][gc,phases         ] GC(3577)         Dead                      Min: 0, Avg:  0.0, Max: 0, Diff: 0, Sum: 0, Workers: 5
[171.856s][debug][gc,phases         ] GC(3577)         Total                     Min: 0, Avg: 114.6, Max: 317, Diff: 317, Sum: 573, Workers: 5
[171.856s][debug][gc,phases         ] GC(3577)     Merge Per-Thread State: 0.0ms
[171.856s][debug][gc,phases         ] GC(3577)       Copied Bytes              Min: 456, Avg: 500323.0, Max: 800320, Diff: 799864, Sum: 4002584, Workers: 8
[171.856s][debug][gc,phases         ] GC(3577)       LAB Waste                 Min: 0, Avg:  0.0, Max: 0, Diff: 0, Sum: 0, Workers: 8
[171.856s][debug][gc,phases         ] GC(3577)       LAB Undo Waste            Min: 0, Avg:  0.0, Max: 0, Diff: 0, Sum: 0, Workers: 8
[171.856s][debug][gc,phases         ] GC(3577)     Code Roots Purge: 0.0ms
[171.856s][debug][gc,phases         ] GC(3577)     Redirty Cards: 0.0ms
[171.856s][debug][gc,phases         ] GC(3577)     DerivedPointerTable Update: 0.0ms
[171.856s][debug][gc,phases         ] GC(3577)     Free Collection Set: 0.2ms
[171.856s][debug][gc,phases         ] GC(3577)     Rebuild Free List: 0.1ms
[171.856s][debug][gc,phases         ] GC(3577)     Humongous Reclaim: 0.0ms
[171.856s][debug][gc,phases         ] GC(3577)     Start New Collection Set: 0.0ms
[171.856s][debug][gc,phases         ] GC(3577)     Resize TLABs: 0.0ms
[171.856s][debug][gc,phases         ] GC(3577)     Expand Heap After Collection: 0.0ms
[171.856s][info ][gc,phases         ] GC(3577)   Other: 0.3ms
[171.856s][info ][gc,heap           ] GC(3577) Eden regions: 869->0(868)
[171.856s][info ][gc,heap           ] GC(3577) Survivor regions: 4->5(110)
[171.856s][info ][gc,heap           ] GC(3577) Old regions: 17->17
[171.856s][info ][gc,heap           ] GC(3577) Archive regions: 2->2
[171.856s][info ][gc,heap           ] GC(3577) Humongous regions: 0->0
[171.856s][info ][gc,metaspace      ] GC(3577) Metaspace: 10069K(10624K)->10069K(10624K) NonClass: 8921K(9216K)->8921K(9216K) Class: 1148K(1408K)->1148K(1408K)
[171.856s][debug][gc,heap           ] GC(3577) Heap after GC invocations=3578 (full 1): garbage-first heap   total 1490944K, used 22334K [0x0000000700000000, 0x0000000800000000)
[171.856s][debug][gc,heap           ] GC(3577)   region size 1024K, 5 young (5120K), 5 survivors (5120K)
[171.856s][debug][gc,heap           ] GC(3577)  Metaspace       used 10069K, capacity 10368K, committed 10624K, reserved 1058816K
[171.856s][debug][gc,heap           ] GC(3577)   class space    used 1148K, capacity 1266K, committed 1408K, reserved 1048576K
[171.856s][info ][gc                ] GC(3577) Pause Young (Normal) (G1 Evacuation Pause) 889M->21M(1456M) 2.311ms
[171.856s][info ][gc,cpu            ] GC(3577) User=0.01s Sys=0.00s Real=0.00s
[171.856s][info ][safepoint         ] Safepoint "G1CollectForAllocation", Time since last: 43406478 ns, Reaching safepoint: 175373 ns, At safepoint: 2476958 ns, Total: 2652331 ns
[171.899s][debug][gc,heap           ] GC(3578) Heap before GC invocations=3578 (full 1): garbage-first heap   total 1490944K, used 910142K [0x0000000700000000, 0x0000000800000000)
[171.899s][debug][gc,heap           ] GC(3578)   region size 1024K, 873 young (893952K), 5 survivors (5120K)
[171.899s][debug][gc,heap           ] GC(3578)  Metaspace       used 10069K, capacity 10368K, committed 10624K, reserved 1058816K
[171.899s][debug][gc,heap           ] GC(3578)   class space    used 1148K, capacity 1266K, committed 1408K, reserved 1048576K
[171.899s][info ][gc,start          ] GC(3578) Pause Young (Normal) (G1 Evacuation Pause)
[171.899s][info ][gc,task           ] GC(3578) Using 8 workers of 8 for evacuation
[171.899s][debug][gc,tlab           ] GC(3578) TLAB totals: thrds: 8  refills: 16 max: 3 slow allocs: 1727 max 243 waste: 32.8% gc: 1426400B max: 242240B slow: 84920B max: 15488B fast: 0B max: 0B
[171.899s][debug][gc,age            ] GC(3578) Desired survivor size 57671680 bytes, new threshold 15 (max threshold 15)
[171.899s][debug][gc,alloc,region   ] GC(3578) Mutator Allocation stats, regions: 868, wasted size: 203M (23.4%)
[171.900s][debug][gc,ergo           ] GC(3578) Running G1 Merge Heap Roots using 8 workers for 873 regions
[171.900s][debug][gc,remset         ] GC(3578) Visited cards 256 Total dirty 2048 (12.50%) Total old 3614720 (0.01%)
[171.900s][debug][gc,ergo           ] GC(3578) Running G1 Clear Card Table Task using 2 workers for 2 units of work for 874 regions.
[171.900s][debug][gc,ref            ] GC(3578) Skipped phase1 of Reference Processing due to unavailable references
[171.900s][debug][gc,ref            ] GC(3578) Skipped phase2 of Reference Processing due to unavailable references
[171.900s][debug][gc,ref            ] GC(3578) Skipped phase3 of Reference Processing due to unavailable references
[171.900s][debug][gc,ref            ] GC(3578) Skipped phase4 of Reference Processing due to unavailable references
[171.901s][debug][gc,ergo           ] GC(3578) Running G1 Free Collection Set using 8 workers for collection set length 873 (1456)
[171.901s][debug][gc,ergo           ] GC(3578) Running G1 Rebuild Free List Task using 8 workers for rebuilding free list of 0 (4096) regions
[171.901s][trace][gc,age            ] GC(3578) Age table with threshold 15 (max threshold 15)
[171.901s][trace][gc,age            ] GC(3578) - age   1:    2402528 bytes,    2402528 total
[171.901s][debug][gc,plab           ] GC(3578) Young PLAB allocation: allocated: 16512B, wasted: 0B, unused: 14064B, used: 2448B, undo waste: 0B, 
[171.901s][debug][gc,plab           ] GC(3578) Young other allocation: region end waste: 486768B, regions filled: 3, direct allocated: 2400080B, failure used: 0B, failure wasted: 0B
[171.901s][debug][gc,plab           ] GC(3578) Young sizing: calculated: 0B, actual: 2064B
[171.901s][debug][gc,plab           ] GC(3578) Old PLAB allocation: allocated: 0B, wasted: 0B, unused: 0B, used: 0B, undo waste: 0B, 
[171.901s][debug][gc,plab           ] GC(3578) Old other allocation: region end waste: 0B, regions filled: 1, direct allocated: 0B, failure used: 0B, failure wasted: 0B
[171.901s][debug][gc,plab           ] GC(3578) Old sizing: calculated: 0B, actual: 2064B
[171.901s][debug][gc,ihop           ] GC(3578) Basic information (value update), threshold: 687026995B (45.00), target occupancy: 1526726656B, current occupancy: 20773184B, recent allocation size: 0B, recent allocation duration: 44.38ms, recent old gen allocation rate: 0.00B/s, recent marking phase length: 29.01ms
[171.901s][debug][gc,ihop           ] GC(3578) Adaptive IHOP information (value update), threshold: 687026995B (47.37), internal target occupancy: 1450390323B, occupancy: 20773184B, additional buffer size: 915406848B, predicted old gen allocation rate: 7988.85B/s, predicted marking phase length: 58.01ms, prediction active: false
[171.901s][debug][gc,ergo,refine    ] GC(3578) Concurrent refinement times: Logged Cards Scan time goal: 20.00ms Logged Cards Scan time: 0.00ms HCC time: 0.00ms
[171.901s][debug][gc,ergo,refine    ] GC(3578) Updated Refinement Zones: green: 2048, yellow: 6144, red: 10240
[171.901s][info ][gc,phases         ] GC(3578)   Pre Evacuate Collection Set: 0.1ms
[171.901s][debug][gc,phases         ] GC(3578)     Prepare TLABs: 0.0ms
[171.901s][debug][gc,phases         ] GC(3578)     Choose Collection Set: 0.0ms
[171.901s][debug][gc,phases         ] GC(3578)     Region Register: 0.1ms
[171.901s][debug][gc,phases         ] GC(3578)     Prepare Heap Roots: 0.0ms
[171.901s][info ][gc,phases         ] GC(3578)   Merge Heap Roots: 0.1ms
[171.901s][debug][gc,phases         ] GC(3578)     Prepare Merge Heap Roots: 0.0ms
[171.901s][debug][gc,phases         ] GC(3578)     Eager Reclaim (ms):       skipped
[171.901s][debug][gc,phases         ] GC(3578)     Remembered Sets (ms):     Min:  0.0, Avg:  0.0, Max:  0.1, Diff:  0.0, Sum:  0.3, Workers: 8
[171.901s][debug][gc,phases         ] GC(3578)       Merged Sparse:            Min: 0, Avg:  0.0, Max: 0, Diff: 0, Sum: 0, Workers: 8
[171.901s][debug][gc,phases         ] GC(3578)       Merged Fine:              Min: 0, Avg:  0.0, Max: 0, Diff: 0, Sum: 0, Workers: 8
[171.901s][debug][gc,phases         ] GC(3578)       Merged Coarse:            Min: 0, Avg:  0.0, Max: 0, Diff: 0, Sum: 0, Workers: 8
[171.901s][debug][gc,phases         ] GC(3578)       Dirty Cards:              Min: 0, Avg:  0.0, Max: 0, Diff: 0, Sum: 0, Workers: 8
[171.901s][debug][gc,phases         ] GC(3578)     Hot Card Cache (ms):      Min:  0.0, Avg:  0.0, Max:  0.0, Diff:  0.0, Sum:  0.0, Workers: 8
[171.901s][debug][gc,phases         ] GC(3578)       Dirty Cards:              Min: 0, Avg:  0.0, Max: 0, Diff: 0, Sum: 0, Workers: 8
[171.901s][debug][gc,phases         ] GC(3578)       Skipped Cards:            Min: 0, Avg:  0.0, Max: 0, Diff: 0, Sum: 0, Workers: 8
[171.901s][debug][gc,phases         ] GC(3578)     Log Buffers (ms):         Min:  0.0, Avg:  0.0, Max:  0.0, Diff:  0.0, Sum:  0.0, Workers: 8
[171.901s][debug][gc,phases         ] GC(3578)       Dirty Cards:              Min: 0, Avg:  0.1, Max: 1, Diff: 1, Sum: 1, Workers: 8
[171.901s][debug][gc,phases         ] GC(3578)       Skipped Cards:            Min: 0, Avg:  0.0, Max: 0, Diff: 0, Sum: 0, Workers: 8
[171.901s][info ][gc,phases         ] GC(3578)   Evacuate Collection Set: 0.4ms
[171.901s][debug][gc,phases         ] GC(3578)     Ext Root Scanning (ms):   Min:  0.0, Avg:  0.1, Max:  0.3, Diff:  0.3, Sum:  1.1, Workers: 8
[171.901s][debug][gc,phases         ] GC(3578)     Scan Heap Roots (ms):     Min:  0.0, Avg:  0.0, Max:  0.0, Diff:  0.0, Sum:  0.0, Workers: 8
[171.901s][debug][gc,phases         ] GC(3578)       Scanned Cards:            Min: 0, Avg:  0.1, Max: 1, Diff: 1, Sum: 1, Workers: 8
[171.901s][debug][gc,phases         ] GC(3578)       Scanned Blocks:           Min: 0, Avg:  0.1, Max: 1, Diff: 1, Sum: 1, Workers: 8
[171.901s][debug][gc,phases         ] GC(3578)       Claimed Chunks:           Min: 0, Avg:  0.1, Max: 1, Diff: 1, Sum: 1, Workers: 8
[171.901s][debug][gc,phases         ] GC(3578)     Code Root Scan (ms):      Min:  0.0, Avg:  0.0, Max:  0.1, Diff:  0.1, Sum:  0.1, Workers: 8
[171.901s][debug][gc,phases         ] GC(3578)     Object Copy (ms):         Min:  0.0, Avg:  0.0, Max:  0.0, Diff:  0.0, Sum:  0.0, Workers: 8
[171.901s][debug][gc,phases         ] GC(3578)     Termination (ms):         Min:  0.0, Avg:  0.1, Max:  0.2, Diff:  0.2, Sum:  1.0, Workers: 8
[171.901s][debug][gc,phases         ] GC(3578)       Termination Attempts:     Min: 1, Avg:  1.0, Max: 1, Diff: 0, Sum: 8, Workers: 8
[171.901s][debug][gc,phases         ] GC(3578)     GC Worker Other (ms):     Min:  0.0, Avg:  0.0, Max:  0.1, Diff:  0.1, Sum:  0.4, Workers: 8
[171.901s][debug][gc,phases         ] GC(3578)     GC Worker Total (ms):     Min:  0.2, Avg:  0.3, Max:  0.4, Diff:  0.2, Sum:  2.7, Workers: 8
[171.901s][info ][gc,phases         ] GC(3578)   Post Evacuate Collection Set: 0.6ms
[171.901s][debug][gc,phases         ] GC(3578)     Code Roots Fixup: 0.0ms
[171.901s][debug][gc,phases         ] GC(3578)     Clear Card Table: 0.2ms
[171.901s][debug][gc,phases         ] GC(3578)     Reference Processing: 0.0ms
[171.901s][debug][gc,phases,ref     ] GC(3578)       Reconsider SoftReferences: 0.0ms
[171.901s][debug][gc,phases,ref     ] GC(3578)         SoftRef (ms):             skipped
[171.901s][debug][gc,phases,ref     ] GC(3578)       Notify Soft/WeakReferences: 0.0ms
[171.901s][debug][gc,phases,ref     ] GC(3578)         SoftRef (ms):             skipped
[171.901s][debug][gc,phases,ref     ] GC(3578)         WeakRef (ms):             skipped
[171.901s][debug][gc,phases,ref     ] GC(3578)         FinalRef (ms):            skipped
[171.901s][debug][gc,phases,ref     ] GC(3578)         Total (ms):               skipped
[171.901s][debug][gc,phases,ref     ] GC(3578)       Notify and keep alive finalizable: 0.0ms
[171.901s][debug][gc,phases,ref     ] GC(3578)         FinalRef (ms):            skipped
[171.901s][debug][gc,phases,ref     ] GC(3578)       Notify PhantomReferences: 0.0ms
[171.901s][debug][gc,phases,ref     ] GC(3578)         PhantomRef (ms):          skipped
[171.901s][debug][gc,phases,ref     ] GC(3578)       SoftReference:
[171.901s][debug][gc,phases,ref     ] GC(3578)         Discovered: 0
[171.901s][debug][gc,phases,ref     ] GC(3578)         Cleared: 0
[171.901s][debug][gc,phases,ref     ] GC(3578)       WeakReference:
[171.901s][debug][gc,phases,ref     ] GC(3578)         Discovered: 0
[171.901s][debug][gc,phases,ref     ] GC(3578)         Cleared: 0
[171.901s][debug][gc,phases,ref     ] GC(3578)       FinalReference:
[171.901s][debug][gc,phases,ref     ] GC(3578)         Discovered: 0
[171.901s][debug][gc,phases,ref     ] GC(3578)         Cleared: 0
[171.901s][debug][gc,phases,ref     ] GC(3578)       PhantomReference:
[171.901s][debug][gc,phases,ref     ] GC(3578)         Discovered: 0
[171.901s][debug][gc,phases,ref     ] GC(3578)         Cleared: 0
[171.901s][debug][gc,phases         ] GC(3578)     Weak Processing: 0.1ms
[171.901s][debug][gc,phases         ] GC(3578)       JVMTI weak processing: 0.0ms
[171.901s][debug][gc,phases         ] GC(3578)         Dead: 0
[171.901s][debug][gc,phases         ] GC(3578)         Total: 0
[171.901s][debug][gc,phases         ] GC(3578)       JFR weak processing: 0.0ms
[171.901s][debug][gc,phases         ] GC(3578)         Dead: 0
[171.901s][debug][gc,phases         ] GC(3578)         Total: 0
[171.901s][debug][gc,phases         ] GC(3578)       JNI weak                  Min:  0.0, Avg:  0.0, Max:  0.0, Diff:  0.0, Sum:  0.0, Workers: 5
[171.901s][debug][gc,phases         ] GC(3578)         Dead                      Min: 0, Avg:  0.0, Max: 0, Diff: 0, Sum: 0, Workers: 5
[171.901s][debug][gc,phases         ] GC(3578)         Total                     Min: 0, Avg: 25.6, Max: 64, Diff: 64, Sum: 128, Workers: 5
[171.901s][debug][gc,phases         ] GC(3578)       VM weak                   Min:  0.0, Avg:  0.0, Max:  0.0, Diff:  0.0, Sum:  0.0, Workers: 5
[171.901s][debug][gc,phases         ] GC(3578)         Dead                      Min: 0, Avg:  0.0, Max: 0, Diff: 0, Sum: 0, Workers: 5
[171.901s][debug][gc,phases         ] GC(3578)         Total                     Min: 0, Avg: 42.4, Max: 128, Diff: 128, Sum: 212, Workers: 5
[171.901s][debug][gc,phases         ] GC(3578)       StringTable weak          Min:  0.0, Avg:  0.0, Max:  0.0, Diff:  0.0, Sum:  0.0, Workers: 5
[171.901s][debug][gc,phases         ] GC(3578)         Dead                      Min: 0, Avg:  0.0, Max: 0, Diff: 0, Sum: 0, Workers: 5
[171.901s][debug][gc,phases         ] GC(3578)         Total                     Min: 0, Avg: 686.2, Max: 1383, Diff: 1383, Sum: 3431, Workers: 5
[171.901s][debug][gc,phases         ] GC(3578)       ResolvedMethodTable weak  Min:  0.0, Avg:  0.0, Max:  0.0, Diff:  0.0, Sum:  0.0, Workers: 5
[171.901s][debug][gc,phases         ] GC(3578)         Dead                      Min: 0, Avg:  0.0, Max: 0, Diff: 0, Sum: 0, Workers: 5
[171.901s][debug][gc,phases         ] GC(3578)         Total                     Min: 0, Avg: 114.6, Max: 192, Diff: 192, Sum: 573, Workers: 5
[171.901s][debug][gc,phases         ] GC(3578)     Merge Per-Thread State: 0.0ms
[171.901s][debug][gc,phases         ] GC(3578)       Copied Bytes              Min: 72, Avg: 300316.0, Max: 800544, Diff: 800472, Sum: 2402528, Workers: 8
[171.901s][debug][gc,phases         ] GC(3578)       LAB Waste                 Min: 0, Avg:  0.0, Max: 0, Diff: 0, Sum: 0, Workers: 8
[171.901s][debug][gc,phases         ] GC(3578)       LAB Undo Waste            Min: 0, Avg:  0.0, Max: 0, Diff: 0, Sum: 0, Workers: 8
[171.902s][debug][gc,phases         ] GC(3578)     Code Roots Purge: 0.0ms
[171.902s][debug][gc,phases         ] GC(3578)     Redirty Cards: 0.0ms
[171.902s][debug][gc,phases         ] GC(3578)     DerivedPointerTable Update: 0.0ms
[171.902s][debug][gc,phases         ] GC(3578)     Free Collection Set: 0.2ms
[171.902s][debug][gc,phases         ] GC(3578)     Rebuild Free List: 0.1ms
[171.902s][debug][gc,phases         ] GC(3578)     Humongous Reclaim: 0.0ms
[171.902s][debug][gc,phases         ] GC(3578)     Start New Collection Set: 0.0ms
[171.902s][debug][gc,phases         ] GC(3578)     Resize TLABs: 0.0ms
[171.902s][debug][gc,phases         ] GC(3578)     Expand Heap After Collection: 0.0ms
[171.902s][info ][gc,phases         ] GC(3578)   Other: 0.3ms
[171.902s][info ][gc,heap           ] GC(3578) Eden regions: 868->0(870)
[171.902s][info ][gc,heap           ] GC(3578) Survivor regions: 5->3(110)
[171.902s][info ][gc,heap           ] GC(3578) Old regions: 17->17
[171.902s][info ][gc,heap           ] GC(3578) Archive regions: 2->2
[171.902s][info ][gc,heap           ] GC(3578) Humongous regions: 0->0
[171.902s][info ][gc,metaspace      ] GC(3578) Metaspace: 10069K(10624K)->10069K(10624K) NonClass: 8921K(9216K)->8921K(9216K) Class: 1148K(1408K)->1148K(1408K)
[171.902s][debug][gc,heap           ] GC(3578) Heap after GC invocations=3579 (full 1): garbage-first heap   total 1490944K, used 20286K [0x0000000700000000, 0x0000000800000000)
[171.902s][debug][gc,heap           ] GC(3578)   region size 1024K, 3 young (3072K), 3 survivors (3072K)
[171.902s][debug][gc,heap           ] GC(3578)  Metaspace       used 10069K, capacity 10368K, committed 10624K, reserved 1058816K
[171.902s][debug][gc,heap           ] GC(3578)   class space    used 1148K, capacity 1266K, committed 1408K, reserved 1048576K
[171.902s][info ][gc                ] GC(3578) Pause Young (Normal) (G1 Evacuation Pause) 889M->19M(1456M) 2.224ms
[171.902s][info ][gc,cpu            ] GC(3578) User=0.00s Sys=0.00s Real=0.00s
[171.902s][info ][safepoint         ] Safepoint "G1CollectForAllocation", Time since last: 43240281 ns, Reaching safepoint: 201343 ns, At safepoint: 2395091 ns, Total: 2596434 ns
[171.945s][debug][gc,heap           ] GC(3579) Heap before GC invocations=3579 (full 1): garbage-first heap   total 1490944K, used 910142K [0x0000000700000000, 0x0000000800000000)
[171.945s][debug][gc,heap           ] GC(3579)   region size 1024K, 873 young (893952K), 3 survivors (3072K)
[171.945s][debug][gc,heap           ] GC(3579)  Metaspace       used 10069K, capacity 10368K, committed 10624K, reserved 1058816K
[171.945s][debug][gc,heap           ] GC(3579)   class space    used 1148K, capacity 1266K, committed 1408K, reserved 1048576K
[171.946s][info ][gc,start          ] GC(3579) Pause Young (Normal) (G1 Evacuation Pause)
[171.946s][info ][gc,task           ] GC(3579) Using 8 workers of 8 for evacuation
[171.946s][debug][gc,tlab           ] GC(3579) TLAB totals: thrds: 8  refills: 12 max: 2 slow allocs: 1732 max 255 waste: 33.2% gc: 1096832B max: 241376B slow: 43776B max: 14304B fast: 0B max: 0B
[171.946s][debug][gc,age            ] GC(3579) Desired survivor size 57671680 bytes, new threshold 15 (max threshold 15)
[171.946s][debug][gc,alloc,region   ] GC(3579) Mutator Allocation stats, regions: 870, wasted size: 203M (23.4%)
[171.946s][debug][gc,ergo           ] GC(3579) Running G1 Merge Heap Roots using 8 workers for 873 regions
[171.946s][debug][gc,remset         ] GC(3579) Visited cards 512 Total dirty 4096 (12.50%) Total old 3614720 (0.01%)
[171.946s][debug][gc,ergo           ] GC(3579) Running G1 Clear Card Table Task using 2 workers for 2 units of work for 875 regions.
[171.947s][debug][gc,ref            ] GC(3579) Skipped phase1 of Reference Processing due to unavailable references
[171.947s][debug][gc,ref            ] GC(3579) Skipped phase2 of Reference Processing due to unavailable references
[171.947s][debug][gc,ref            ] GC(3579) Skipped phase3 of Reference Processing due to unavailable references
[171.947s][debug][gc,ref            ] GC(3579) Skipped phase4 of Reference Processing due to unavailable references
[171.947s][debug][gc,ergo           ] GC(3579) Running G1 Free Collection Set using 8 workers for collection set length 873 (1456)
[171.947s][debug][gc,ergo           ] GC(3579) Running G1 Rebuild Free List Task using 8 workers for rebuilding free list of 0 (4096) regions
[171.947s][trace][gc,age            ] GC(3579) Age table with threshold 15 (max threshold 15)
[171.947s][trace][gc,age            ] GC(3579) - age   1:    3202576 bytes,    3202576 total
[171.947s][debug][gc,plab           ] GC(3579) Young PLAB allocation: allocated: 16512B, wasted: 0B, unused: 14064B, used: 2448B, undo waste: 0B, 
[171.947s][debug][gc,plab           ] GC(3579) Young other allocation: region end waste: 731184B, regions filled: 4, direct allocated: 3200128B, failure used: 0B, failure wasted: 0B
[171.947s][debug][gc,plab           ] GC(3579) Young sizing: calculated: 0B, actual: 2064B
[171.947s][debug][gc,plab           ] GC(3579) Old PLAB allocation: allocated: 0B, wasted: 0B, unused: 0B, used: 0B, undo waste: 0B, 
[171.947s][debug][gc,plab           ] GC(3579) Old other allocation: region end waste: 0B, regions filled: 1, direct allocated: 0B, failure used: 0B, failure wasted: 0B
[171.947s][debug][gc,plab           ] GC(3579) Old sizing: calculated: 0B, actual: 2064B
[171.947s][debug][gc,ihop           ] GC(3579) Basic information (value update), threshold: 687026995B (45.00), target occupancy: 1526726656B, current occupancy: 21817648B, recent allocation size: 0B, recent allocation duration: 44.66ms, recent old gen allocation rate: 0.00B/s, recent marking phase length: 29.01ms
[171.947s][debug][gc,ihop           ] GC(3579) Adaptive IHOP information (value update), threshold: 687026995B (47.37), internal target occupancy: 1450390323B, occupancy: 21817648B, additional buffer size: 915406848B, predicted old gen allocation rate: 7769.28B/s, predicted marking phase length: 58.01ms, prediction active: false
[171.947s][debug][gc,ergo,refine    ] GC(3579) Concurrent refinement times: Logged Cards Scan time goal: 20.00ms Logged Cards Scan time: 0.00ms HCC time: 0.00ms
[171.947s][debug][gc,ergo,refine    ] GC(3579) Updated Refinement Zones: green: 2048, yellow: 6144, red: 10240
[171.947s][info ][gc,phases         ] GC(3579)   Pre Evacuate Collection Set: 0.1ms
[171.947s][debug][gc,phases         ] GC(3579)     Prepare TLABs: 0.0ms
[171.947s][debug][gc,phases         ] GC(3579)     Choose Collection Set: 0.0ms
[171.947s][debug][gc,phases         ] GC(3579)     Region Register: 0.1ms
[171.947s][debug][gc,phases         ] GC(3579)     Prepare Heap Roots: 0.0ms
[171.947s][info ][gc,phases         ] GC(3579)   Merge Heap Roots: 0.1ms
[171.947s][debug][gc,phases         ] GC(3579)     Prepare Merge Heap Roots: 0.0ms
[171.947s][debug][gc,phases         ] GC(3579)     Eager Reclaim (ms):       skipped
[171.947s][debug][gc,phases         ] GC(3579)     Remembered Sets (ms):     Min:  0.0, Avg:  0.0, Max:  0.1, Diff:  0.0, Sum:  0.3, Workers: 8
[171.947s][debug][gc,phases         ] GC(3579)       Merged Sparse:            Min: 0, Avg:  0.0, Max: 0, Diff: 0, Sum: 0, Workers: 8
[171.947s][debug][gc,phases         ] GC(3579)       Merged Fine:              Min: 0, Avg:  0.0, Max: 0, Diff: 0, Sum: 0, Workers: 8
[171.947s][debug][gc,phases         ] GC(3579)       Merged Coarse:            Min: 0, Avg:  0.0, Max: 0, Diff: 0, Sum: 0, Workers: 8
[171.947s][debug][gc,phases         ] GC(3579)       Dirty Cards:              Min: 0, Avg:  0.0, Max: 0, Diff: 0, Sum: 0, Workers: 8
[171.947s][debug][gc,phases         ] GC(3579)     Hot Card Cache (ms):      Min:  0.0, Avg:  0.0, Max:  0.0, Diff:  0.0, Sum:  0.0, Workers: 8
[171.947s][debug][gc,phases         ] GC(3579)       Dirty Cards:              Min: 0, Avg:  0.0, Max: 0, Diff: 0, Sum: 0, Workers: 8
[171.947s][debug][gc,phases         ] GC(3579)       Skipped Cards:            Min: 0, Avg:  0.0, Max: 0, Diff: 0, Sum: 0, Workers: 8
[171.947s][debug][gc,phases         ] GC(3579)     Log Buffers (ms):         Min:  0.0, Avg:  0.0, Max:  0.0, Diff:  0.0, Sum:  0.0, Workers: 8
[171.947s][debug][gc,phases         ] GC(3579)       Dirty Cards:              Min: 0, Avg:  0.2, Max: 1, Diff: 1, Sum: 2, Workers: 8
[171.947s][debug][gc,phases         ] GC(3579)       Skipped Cards:            Min: 0, Avg:  0.0, Max: 0, Diff: 0, Sum: 0, Workers: 8
[171.947s][info ][gc,phases         ] GC(3579)   Evacuate Collection Set: 0.5ms
[171.947s][debug][gc,phases         ] GC(3579)     Ext Root Scanning (ms):   Min:  0.2, Avg:  0.3, Max:  0.3, Diff:  0.1, Sum:  2.2, Workers: 8
[171.947s][debug][gc,phases         ] GC(3579)     Scan Heap Roots (ms):     Min:  0.0, Avg:  0.0, Max:  0.0, Diff:  0.0, Sum:  0.0, Workers: 8
[171.947s][debug][gc,phases         ] GC(3579)       Scanned Cards:            Min: 0, Avg:  0.2, Max: 1, Diff: 1, Sum: 2, Workers: 8
[171.947s][debug][gc,phases         ] GC(3579)       Scanned Blocks:           Min: 0, Avg:  0.2, Max: 1, Diff: 1, Sum: 2, Workers: 8
[171.947s][debug][gc,phases         ] GC(3579)       Claimed Chunks:           Min: 0, Avg:  0.2, Max: 1, Diff: 1, Sum: 2, Workers: 8
[171.947s][debug][gc,phases         ] GC(3579)     Code Root Scan (ms):      Min:  0.0, Avg:  0.0, Max:  0.0, Diff:  0.0, Sum:  0.2, Workers: 8
[171.947s][debug][gc,phases         ] GC(3579)     Object Copy (ms):         Min:  0.0, Avg:  0.0, Max:  0.0, Diff:  0.0, Sum:  0.0, Workers: 8
[171.947s][debug][gc,phases         ] GC(3579)     Termination (ms):         Min:  0.1, Avg:  0.1, Max:  0.1, Diff:  0.0, Sum:  0.6, Workers: 8
[171.947s][debug][gc,phases         ] GC(3579)       Termination Attempts:     Min: 1, Avg:  1.0, Max: 1, Diff: 0, Sum: 8, Workers: 8
[171.947s][debug][gc,phases         ] GC(3579)     GC Worker Other (ms):     Min:  0.0, Avg:  0.1, Max:  0.1, Diff:  0.0, Sum:  0.4, Workers: 8
[171.947s][debug][gc,phases         ] GC(3579)     GC Worker Total (ms):     Min:  0.4, Avg:  0.4, Max:  0.5, Diff:  0.0, Sum:  3.4, Workers: 8
[171.947s][info ][gc,phases         ] GC(3579)   Post Evacuate Collection Set: 0.6ms
[171.947s][debug][gc,phases         ] GC(3579)     Code Roots Fixup: 0.0ms
[171.947s][debug][gc,phases         ] GC(3579)     Clear Card Table: 0.2ms
[171.947s][debug][gc,phases         ] GC(3579)     Reference Processing: 0.0ms
[171.947s][debug][gc,phases,ref     ] GC(3579)       Reconsider SoftReferences: 0.0ms
[171.947s][debug][gc,phases,ref     ] GC(3579)         SoftRef (ms):             skipped
[171.947s][debug][gc,phases,ref     ] GC(3579)       Notify Soft/WeakReferences: 0.0ms
[171.947s][debug][gc,phases,ref     ] GC(3579)         SoftRef (ms):             skipped
[171.947s][debug][gc,phases,ref     ] GC(3579)         WeakRef (ms):             skipped
[171.947s][debug][gc,phases,ref     ] GC(3579)         FinalRef (ms):            skipped
[171.947s][debug][gc,phases,ref     ] GC(3579)         Total (ms):               skipped
[171.947s][debug][gc,phases,ref     ] GC(3579)       Notify and keep alive finalizable: 0.0ms
[171.947s][debug][gc,phases,ref     ] GC(3579)         FinalRef (ms):            skipped
[171.947s][debug][gc,phases,ref     ] GC(3579)       Notify PhantomReferences: 0.0ms
[171.947s][debug][gc,phases,ref     ] GC(3579)         PhantomRef (ms):          skipped
[171.947s][debug][gc,phases,ref     ] GC(3579)       SoftReference:
[171.947s][debug][gc,phases,ref     ] GC(3579)         Discovered: 0
[171.947s][debug][gc,phases,ref     ] GC(3579)         Cleared: 0
[171.947s][debug][gc,phases,ref     ] GC(3579)       WeakReference:
[171.947s][debug][gc,phases,ref     ] GC(3579)         Discovered: 0
[171.947s][debug][gc,phases,ref     ] GC(3579)         Cleared: 0
[171.947s][debug][gc,phases,ref     ] GC(3579)       FinalReference:
[171.947s][debug][gc,phases,ref     ] GC(3579)         Discovered: 0
[171.947s][debug][gc,phases,ref     ] GC(3579)         Cleared: 0
[171.947s][debug][gc,phases,ref     ] GC(3579)       PhantomReference:
[171.947s][debug][gc,phases,ref     ] GC(3579)         Discovered: 0
[171.947s][debug][gc,phases,ref     ] GC(3579)         Cleared: 0
[171.947s][debug][gc,phases         ] GC(3579)     Weak Processing: 0.0ms
[171.947s][debug][gc,phases         ] GC(3579)       JVMTI weak processing: 0.0ms
[171.947s][debug][gc,phases         ] GC(3579)         Dead: 0
[171.947s][debug][gc,phases         ] GC(3579)         Total: 0
[171.947s][debug][gc,phases         ] GC(3579)       JFR weak processing: 0.0ms
[171.947s][debug][gc,phases         ] GC(3579)         Dead: 0
[171.947s][debug][gc,phases         ] GC(3579)         Total: 0
[171.947s][debug][gc,phases         ] GC(3579)       JNI weak                  Min:  0.0, Avg:  0.0, Max:  0.0, Diff:  0.0, Sum:  0.0, Workers: 5
[171.947s][debug][gc,phases         ] GC(3579)         Dead                      Min: 0, Avg:  0.0, Max: 0, Diff: 0, Sum: 0, Workers: 5
[171.947s][debug][gc,phases         ] GC(3579)         Total                     Min: 0, Avg: 25.6, Max: 64, Diff: 64, Sum: 128, Workers: 5
[171.947s][debug][gc,phases         ] GC(3579)       VM weak                   Min:  0.0, Avg:  0.0, Max:  0.0, Diff:  0.0, Sum:  0.0, Workers: 5
[171.948s][debug][gc,phases         ] GC(3579)         Dead                      Min: 0, Avg:  0.0, Max: 0, Diff: 0, Sum: 0, Workers: 5
[171.948s][debug][gc,phases         ] GC(3579)         Total                     Min: 0, Avg: 42.4, Max: 84, Diff: 84, Sum: 212, Workers: 5
[171.948s][debug][gc,phases         ] GC(3579)       StringTable weak          Min:  0.0, Avg:  0.0, Max:  0.0, Diff:  0.0, Sum:  0.1, Workers: 5
[171.948s][debug][gc,phases         ] GC(3579)         Dead                      Min: 0, Avg:  0.0, Max: 0, Diff: 0, Sum: 0, Workers: 5
[171.948s][debug][gc,phases         ] GC(3579)         Total                     Min: 0, Avg: 686.2, Max: 896, Diff: 896, Sum: 3431, Workers: 5
[171.948s][debug][gc,phases         ] GC(3579)       ResolvedMethodTable weak  Min:  0.0, Avg:  0.0, Max:  0.0, Diff:  0.0, Sum:  0.0, Workers: 5
[171.948s][debug][gc,phases         ] GC(3579)         Dead                      Min: 0, Avg:  0.0, Max: 0, Diff: 0, Sum: 0, Workers: 5
[171.948s][debug][gc,phases         ] GC(3579)         Total                     Min: 0, Avg: 114.6, Max: 189, Diff: 189, Sum: 573, Workers: 5
[171.948s][debug][gc,phases         ] GC(3579)     Merge Per-Thread State: 0.0ms
[171.948s][debug][gc,phases         ] GC(3579)       Copied Bytes              Min: 400088, Avg: 400322.0, Max: 400888, Diff: 800, Sum: 3202576, Workers: 8
[171.948s][debug][gc,phases         ] GC(3579)       LAB Waste                 Min: 0, Avg:  0.0, Max: 0, Diff: 0, Sum: 0, Workers: 8
[171.948s][debug][gc,phases         ] GC(3579)       LAB Undo Waste            Min: 0, Avg:  0.0, Max: 0, Diff: 0, Sum: 0, Workers: 8
[171.948s][debug][gc,phases         ] GC(3579)     Code Roots Purge: 0.0ms
[171.948s][debug][gc,phases         ] GC(3579)     Redirty Cards: 0.0ms
[171.948s][debug][gc,phases         ] GC(3579)     DerivedPointerTable Update: 0.0ms
[171.948s][debug][gc,phases         ] GC(3579)     Free Collection Set: 0.2ms
[171.948s][debug][gc,phases         ] GC(3579)     Rebuild Free List: 0.1ms
[171.948s][debug][gc,phases         ] GC(3579)     Humongous Reclaim: 0.0ms
[171.948s][debug][gc,phases         ] GC(3579)     Start New Collection Set: 0.0ms
[171.948s][debug][gc,phases         ] GC(3579)     Resize TLABs: 0.0ms
[171.948s][debug][gc,phases         ] GC(3579)     Expand Heap After Collection: 0.0ms
[171.948s][info ][gc,phases         ] GC(3579)   Other: 0.3ms
[171.948s][info ][gc,heap           ] GC(3579) Eden regions: 870->0(869)
[171.948s][info ][gc,heap           ] GC(3579) Survivor regions: 3->4(110)
[171.948s][info ][gc,heap           ] GC(3579) Old regions: 17->17
[171.948s][info ][gc,heap           ] GC(3579) Archive regions: 2->2
[171.948s][info ][gc,heap           ] GC(3579) Humongous regions: 0->0
[171.948s][info ][gc,metaspace      ] GC(3579) Metaspace: 10069K(10624K)->10069K(10624K) NonClass: 8921K(9216K)->8921K(9216K) Class: 1148K(1408K)->1148K(1408K)
[171.948s][debug][gc,heap           ] GC(3579) Heap after GC invocations=3580 (full 1): garbage-first heap   total 1490944K, used 21306K [0x0000000700000000, 0x0000000800000000)
[171.948s][debug][gc,heap           ] GC(3579)   region size 1024K, 4 young (4096K), 4 survivors (4096K)
[171.948s][debug][gc,heap           ] GC(3579)  Metaspace       used 10069K, capacity 10368K, committed 10624K, reserved 1058816K
[171.948s][debug][gc,heap           ] GC(3579)   class space    used 1148K, capacity 1266K, committed 1408K, reserved 1048576K
[171.948s][info ][gc                ] GC(3579) Pause Young (Normal) (G1 Evacuation Pause) 889M->20M(1456M) 2.207ms
[171.948s][info ][gc,cpu            ] GC(3579) User=0.01s Sys=0.00s Real=0.01s
[171.948s][info ][safepoint         ] Safepoint "G1CollectForAllocation", Time since last: 43502029 ns, Reaching safepoint: 189324 ns, At safepoint: 2399465 ns, Total: 2588789 ns
[171.993s][debug][gc,heap           ] GC(3580) Heap before GC invocations=3580 (full 1): garbage-first heap   total 1490944K, used 910138K [0x0000000700000000, 0x0000000800000000)
[171.993s][debug][gc,heap           ] GC(3580)   region size 1024K, 873 young (893952K), 4 survivors (4096K)
[171.993s][debug][gc,heap           ] GC(3580)  Metaspace       used 10069K, capacity 10368K, committed 10624K, reserved 1058816K
[171.993s][debug][gc,heap           ] GC(3580)   class space    used 1148K, capacity 1266K, committed 1408K, reserved 1048576K
[171.993s][info ][gc,start          ] GC(3580) Pause Young (Normal) (G1 Evacuation Pause)
[171.993s][info ][gc,task           ] GC(3580) Using 8 workers of 8 for evacuation
[171.993s][debug][gc,tlab           ] GC(3580) TLAB totals: thrds: 8  refills: 17 max: 3 slow allocs: 1730 max 250 waste: 19.2% gc: 945336B max: 227928B slow: 74760B max: 15096B fast: 0B max: 0B
[171.993s][debug][gc,age            ] GC(3580) Desired survivor size 57671680 bytes, new threshold 15 (max threshold 15)
[171.993s][debug][gc,alloc,region   ] GC(3580) Mutator Allocation stats, regions: 869, wasted size: 203M (23.4%)
[171.993s][debug][gc,ergo           ] GC(3580) Running G1 Merge Heap Roots using 8 workers for 873 regions
[171.994s][debug][gc,remset         ] GC(3580) Visited cards 256 Total dirty 2048 (12.50%) Total old 3614720 (0.01%)
[171.994s][debug][gc,ergo           ] GC(3580) Running G1 Clear Card Table Task using 2 workers for 2 units of work for 874 regions.
[171.994s][debug][gc,ref            ] GC(3580) Skipped phase1 of Reference Processing due to unavailable references
[171.994s][debug][gc,ref            ] GC(3580) Skipped phase2 of Reference Processing due to unavailable references
[171.994s][debug][gc,ref            ] GC(3580) Skipped phase3 of Reference Processing due to unavailable references
[171.994s][debug][gc,ref            ] GC(3580) Skipped phase4 of Reference Processing due to unavailable references
[171.994s][debug][gc,ergo           ] GC(3580) Running G1 Free Collection Set using 8 workers for collection set length 873 (1456)
[171.995s][debug][gc,ergo           ] GC(3580) Running G1 Rebuild Free List Task using 8 workers for rebuilding free list of 0 (4096) regions
[171.995s][trace][gc,age            ] GC(3580) Age table with threshold 15 (max threshold 15)
[171.995s][trace][gc,age            ] GC(3580) - age   1:    4002512 bytes,    4002512 total
[171.995s][debug][gc,plab           ] GC(3580) Young PLAB allocation: allocated: 16512B, wasted: 0B, unused: 14144B, used: 2368B, undo waste: 0B, 
[171.995s][debug][gc,plab           ] GC(3580) Young other allocation: region end waste: 981792B, regions filled: 5, direct allocated: 4000144B, failure used: 0B, failure wasted: 0B
[171.995s][debug][gc,plab           ] GC(3580) Young sizing: calculated: 0B, actual: 2064B
[171.995s][debug][gc,plab           ] GC(3580) Old PLAB allocation: allocated: 0B, wasted: 0B, unused: 0B, used: 0B, undo waste: 0B, 
[171.995s][debug][gc,plab           ] GC(3580) Old other allocation: region end waste: 0B, regions filled: 1, direct allocated: 0B, failure used: 0B, failure wasted: 0B
[171.995s][debug][gc,plab           ] GC(3580) Old sizing: calculated: 0B, actual: 2064B
[171.995s][debug][gc,ihop           ] GC(3580) Basic information (value update), threshold: 687026995B (45.00), target occupancy: 1526726656B, current occupancy: 22868272B, recent allocation size: 0B, recent allocation duration: 46.28ms, recent old gen allocation rate: 0.00B/s, recent marking phase length: 29.01ms
[171.995s][debug][gc,ihop           ] GC(3580) Adaptive IHOP information (value update), threshold: 687026995B (47.37), internal target occupancy: 1450390323B, occupancy: 22868272B, additional buffer size: 915406848B, predicted old gen allocation rate: 7556.13B/s, predicted marking phase length: 58.01ms, prediction active: false
[171.995s][debug][gc,ergo,refine    ] GC(3580) Concurrent refinement times: Logged Cards Scan time goal: 20.00ms Logged Cards Scan time: 0.00ms HCC time: 0.00ms
[171.995s][debug][gc,ergo,refine    ] GC(3580) Updated Refinement Zones: green: 2048, yellow: 6144, red: 10240
[171.995s][info ][gc,phases         ] GC(3580)   Pre Evacuate Collection Set: 0.1ms
[171.995s][debug][gc,phases         ] GC(3580)     Prepare TLABs: 0.0ms
[171.995s][debug][gc,phases         ] GC(3580)     Choose Collection Set: 0.0ms
[171.995s][debug][gc,phases         ] GC(3580)     Region Register: 0.1ms
[171.995s][debug][gc,phases         ] GC(3580)     Prepare Heap Roots: 0.0ms
[171.995s][info ][gc,phases         ] GC(3580)   Merge Heap Roots: 0.2ms
[171.995s][debug][gc,phases         ] GC(3580)     Prepare Merge Heap Roots: 0.0ms
[171.995s][debug][gc,phases         ] GC(3580)     Eager Reclaim (ms):       skipped
[171.995s][debug][gc,phases         ] GC(3580)     Remembered Sets (ms):     Min:  0.0, Avg:  0.1, Max:  0.1, Diff:  0.0, Sum:  0.4, Workers: 8
[171.995s][debug][gc,phases         ] GC(3580)       Merged Sparse:            Min: 0, Avg:  0.0, Max: 0, Diff: 0, Sum: 0, Workers: 8
[171.995s][debug][gc,phases         ] GC(3580)       Merged Fine:              Min: 0, Avg:  0.0, Max: 0, Diff: 0, Sum: 0, Workers: 8
[171.995s][debug][gc,phases         ] GC(3580)       Merged Coarse:            Min: 0, Avg:  0.0, Max: 0, Diff: 0, Sum: 0, Workers: 8
[171.995s][debug][gc,phases         ] GC(3580)       Dirty Cards:              Min: 0, Avg:  0.0, Max: 0, Diff: 0, Sum: 0, Workers: 8
[171.995s][debug][gc,phases         ] GC(3580)     Hot Card Cache (ms):      Min:  0.0, Avg:  0.0, Max:  0.0, Diff:  0.0, Sum:  0.0, Workers: 8
[171.995s][debug][gc,phases         ] GC(3580)       Dirty Cards:              Min: 0, Avg:  0.0, Max: 0, Diff: 0, Sum: 0, Workers: 8
[171.995s][debug][gc,phases         ] GC(3580)       Skipped Cards:            Min: 0, Avg:  0.0, Max: 0, Diff: 0, Sum: 0, Workers: 8
[171.995s][debug][gc,phases         ] GC(3580)     Log Buffers (ms):         Min:  0.0, Avg:  0.0, Max:  0.0, Diff:  0.0, Sum:  0.0, Workers: 8
[171.995s][debug][gc,phases         ] GC(3580)       Dirty Cards:              Min: 0, Avg:  0.1, Max: 1, Diff: 1, Sum: 1, Workers: 8
[171.995s][debug][gc,phases         ] GC(3580)       Skipped Cards:            Min: 0, Avg:  0.0, Max: 0, Diff: 0, Sum: 0, Workers: 8
[171.995s][info ][gc,phases         ] GC(3580)   Evacuate Collection Set: 0.5ms
[171.995s][debug][gc,phases         ] GC(3580)     Ext Root Scanning (ms):   Min:  0.2, Avg:  0.3, Max:  0.3, Diff:  0.1, Sum:  2.3, Workers: 8
[171.995s][debug][gc,phases         ] GC(3580)     Scan Heap Roots (ms):     Min:  0.0, Avg:  0.0, Max:  0.0, Diff:  0.0, Sum:  0.0, Workers: 8
[171.995s][debug][gc,phases         ] GC(3580)       Scanned Cards:            Min: 0, Avg:  0.1, Max: 1, Diff: 1, Sum: 1, Workers: 8
[171.995s][debug][gc,phases         ] GC(3580)       Scanned Blocks:           Min: 0, Avg:  0.1, Max: 1, Diff: 1, Sum: 1, Workers: 8
[171.995s][debug][gc,phases         ] GC(3580)       Claimed Chunks:           Min: 0, Avg:  0.1, Max: 1, Diff: 1, Sum: 1, Workers: 8
[171.995s][debug][gc,phases         ] GC(3580)     Code Root Scan (ms):      Min:  0.0, Avg:  0.0, Max:  0.0, Diff:  0.0, Sum:  0.2, Workers: 8
[171.995s][debug][gc,phases         ] GC(3580)     Object Copy (ms):         Min:  0.0, Avg:  0.0, Max:  0.0, Diff:  0.0, Sum:  0.0, Workers: 8
[171.995s][debug][gc,phases         ] GC(3580)     Termination (ms):         Min:  0.1, Avg:  0.1, Max:  0.1, Diff:  0.0, Sum:  0.5, Workers: 8
[171.995s][debug][gc,phases         ] GC(3580)       Termination Attempts:     Min: 1, Avg:  1.0, Max: 1, Diff: 0, Sum: 8, Workers: 8
[171.995s][debug][gc,phases         ] GC(3580)     GC Worker Other (ms):     Min:  0.0, Avg:  0.1, Max:  0.1, Diff:  0.0, Sum:  0.4, Workers: 8
[171.995s][debug][gc,phases         ] GC(3580)     GC Worker Total (ms):     Min:  0.4, Avg:  0.4, Max:  0.5, Diff:  0.0, Sum:  3.5, Workers: 8
[171.995s][info ][gc,phases         ] GC(3580)   Post Evacuate Collection Set: 0.6ms
[171.995s][debug][gc,phases         ] GC(3580)     Code Roots Fixup: 0.0ms
[171.995s][debug][gc,phases         ] GC(3580)     Clear Card Table: 0.2ms
[171.995s][debug][gc,phases         ] GC(3580)     Reference Processing: 0.0ms
[171.995s][debug][gc,phases,ref     ] GC(3580)       Reconsider SoftReferences: 0.0ms
[171.995s][debug][gc,phases,ref     ] GC(3580)         SoftRef (ms):             skipped
[171.995s][debug][gc,phases,ref     ] GC(3580)       Notify Soft/WeakReferences: 0.0ms
[171.995s][debug][gc,phases,ref     ] GC(3580)         SoftRef (ms):             skipped
[171.995s][debug][gc,phases,ref     ] GC(3580)         WeakRef (ms):             skipped
[171.995s][debug][gc,phases,ref     ] GC(3580)         FinalRef (ms):            skipped
[171.995s][debug][gc,phases,ref     ] GC(3580)         Total (ms):               skipped
[171.995s][debug][gc,phases,ref     ] GC(3580)       Notify and keep alive finalizable: 0.0ms
[171.995s][debug][gc,phases,ref     ] GC(3580)         FinalRef (ms):            skipped
[171.995s][debug][gc,phases,ref     ] GC(3580)       Notify PhantomReferences: 0.0ms
[171.995s][debug][gc,phases,ref     ] GC(3580)         PhantomRef (ms):          skipped
[171.995s][debug][gc,phases,ref     ] GC(3580)       SoftReference:
[171.995s][debug][gc,phases,ref     ] GC(3580)         Discovered: 0
[171.995s][debug][gc,phases,ref     ] GC(3580)         Cleared: 0
[171.995s][debug][gc,phases,ref     ] GC(3580)       WeakReference:
[171.995s][debug][gc,phases,ref     ] GC(3580)         Discovered: 0
[171.995s][debug][gc,phases,ref     ] GC(3580)         Cleared: 0
[171.995s][debug][gc,phases,ref     ] GC(3580)       FinalReference:
[171.995s][debug][gc,phases,ref     ] GC(3580)         Discovered: 0
[171.995s][debug][gc,phases,ref     ] GC(3580)         Cleared: 0
[171.995s][debug][gc,phases,ref     ] GC(3580)       PhantomReference:
[171.995s][debug][gc,phases,ref     ] GC(3580)         Discovered: 0
[171.995s][debug][gc,phases,ref     ] GC(3580)         Cleared: 0
[171.995s][debug][gc,phases         ] GC(3580)     Weak Processing: 0.0ms
[171.995s][debug][gc,phases         ] GC(3580)       JVMTI weak processing: 0.0ms
[171.995s][debug][gc,phases         ] GC(3580)         Dead: 0
[171.995s][debug][gc,phases         ] GC(3580)         Total: 0
[171.995s][debug][gc,phases         ] GC(3580)       JFR weak processing: 0.0ms
[171.995s][debug][gc,phases         ] GC(3580)         Dead: 0
[171.995s][debug][gc,phases         ] GC(3580)         Total: 0
[171.995s][debug][gc,phases         ] GC(3580)       JNI weak                  Min:  0.0, Avg:  0.0, Max:  0.0, Diff:  0.0, Sum:  0.0, Workers: 5
[171.995s][debug][gc,phases         ] GC(3580)         Dead                      Min: 0, Avg:  0.0, Max: 0, Diff: 0, Sum: 0, Workers: 5
[171.995s][debug][gc,phases         ] GC(3580)         Total                     Min: 0, Avg: 25.6, Max: 64, Diff: 64, Sum: 128, Workers: 5
[171.995s][debug][gc,phases         ] GC(3580)       VM weak                   Min:  0.0, Avg:  0.0, Max:  0.0, Diff:  0.0, Sum:  0.0, Workers: 5
[171.995s][debug][gc,phases         ] GC(3580)         Dead                      Min: 0, Avg:  0.0, Max: 0, Diff: 0, Sum: 0, Workers: 5
[171.995s][debug][gc,phases         ] GC(3580)         Total                     Min: 0, Avg: 42.4, Max: 84, Diff: 84, Sum: 212, Workers: 5
[171.995s][debug][gc,phases         ] GC(3580)       StringTable weak          Min:  0.0, Avg:  0.0, Max:  0.0, Diff:  0.0, Sum:  0.1, Workers: 5
[171.995s][debug][gc,phases         ] GC(3580)         Dead                      Min: 0, Avg:  0.0, Max: 0, Diff: 0, Sum: 0, Workers: 5
[171.995s][debug][gc,phases         ] GC(3580)         Total                     Min: 0, Avg: 686.2, Max: 896, Diff: 896, Sum: 3431, Workers: 5
[171.995s][debug][gc,phases         ] GC(3580)       ResolvedMethodTable weak  Min:  0.0, Avg:  0.0, Max:  0.0, Diff:  0.0, Sum:  0.0, Workers: 5
[171.995s][debug][gc,phases         ] GC(3580)         Dead                      Min: 0, Avg:  0.0, Max: 0, Diff: 0, Sum: 0, Workers: 5
[171.995s][debug][gc,phases         ] GC(3580)         Total                     Min: 0, Avg: 114.6, Max: 189, Diff: 189, Sum: 573, Workers: 5
[171.995s][debug][gc,phases         ] GC(3580)     Merge Per-Thread State: 0.0ms
[171.995s][debug][gc,phases         ] GC(3580)       Copied Bytes              Min: 400088, Avg: 500314.0, Max: 800096, Diff: 400008, Sum: 4002512, Workers: 8
[171.995s][debug][gc,phases         ] GC(3580)       LAB Waste                 Min: 0, Avg:  0.0, Max: 0, Diff: 0, Sum: 0, Workers: 8
[171.995s][debug][gc,phases         ] GC(3580)       LAB Undo Waste            Min: 0, Avg:  0.0, Max: 0, Diff: 0, Sum: 0, Workers: 8
[171.995s][debug][gc,phases         ] GC(3580)     Code Roots Purge: 0.0ms
[171.995s][debug][gc,phases         ] GC(3580)     Redirty Cards: 0.0ms
[171.995s][debug][gc,phases         ] GC(3580)     DerivedPointerTable Update: 0.0ms
[171.995s][debug][gc,phases         ] GC(3580)     Free Collection Set: 0.2ms
[171.995s][debug][gc,phases         ] GC(3580)     Rebuild Free List: 0.0ms
[171.995s][debug][gc,phases         ] GC(3580)     Humongous Reclaim: 0.0ms
[171.996s][debug][gc,phases         ] GC(3580)     Start New Collection Set: 0.0ms
[171.996s][debug][gc,phases         ] GC(3580)     Resize TLABs: 0.0ms
[171.996s][debug][gc,phases         ] GC(3580)     Expand Heap After Collection: 0.0ms
[171.996s][info ][gc,phases         ] GC(3580)   Other: 0.3ms
[171.996s][info ][gc,heap           ] GC(3580) Eden regions: 869->0(868)
[171.996s][info ][gc,heap           ] GC(3580) Survivor regions: 4->5(110)
[171.996s][info ][gc,heap           ] GC(3580) Old regions: 17->17
[171.996s][info ][gc,heap           ] GC(3580) Archive regions: 2->2
[171.996s][info ][gc,heap           ] GC(3580) Humongous regions: 0->0
[171.996s][info ][gc,metaspace      ] GC(3580) Metaspace: 10069K(10624K)->10069K(10624K) NonClass: 8921K(9216K)->8921K(9216K) Class: 1148K(1408K)->1148K(1408K)
[171.996s][debug][gc,heap           ] GC(3580) Heap after GC invocations=3581 (full 1): garbage-first heap   total 1490944K, used 22332K [0x0000000700000000, 0x0000000800000000)
[171.996s][debug][gc,heap           ] GC(3580)   region size 1024K, 5 young (5120K), 5 survivors (5120K)
[171.996s][debug][gc,heap           ] GC(3580)  Metaspace       used 10069K, capacity 10368K, committed 10624K, reserved 1058816K
[171.996s][debug][gc,heap           ] GC(3580)   class space    used 1148K, capacity 1266K, committed 1408K, reserved 1048576K
[171.996s][info ][gc                ] GC(3580) Pause Young (Normal) (G1 Evacuation Pause) 889M->21M(1456M) 2.364ms
[171.996s][info ][gc,cpu            ] GC(3580) User=0.00s Sys=0.01s Real=0.00s
[171.996s][info ][safepoint         ] Safepoint "G1CollectForAllocation", Time since last: 45097621 ns, Reaching safepoint: 239172 ns, At safepoint: 2662922 ns, Total: 2902094 ns
[172.042s][debug][gc,heap           ] GC(3581) Heap before GC invocations=3581 (full 1): garbage-first heap   total 1490944K, used 910140K [0x0000000700000000, 0x0000000800000000)
[172.042s][debug][gc,heap           ] GC(3581)   region size 1024K, 873 young (893952K), 5 survivors (5120K)
[172.042s][debug][gc,heap           ] GC(3581)  Metaspace       used 10069K, capacity 10368K, committed 10624K, reserved 1058816K
[172.042s][debug][gc,heap           ] GC(3581)   class space    used 1148K, capacity 1266K, committed 1408K, reserved 1048576K
[172.042s][info ][gc,start          ] GC(3581) Pause Young (Normal) (G1 Evacuation Pause)
[172.042s][info ][gc,task           ] GC(3581) Using 8 workers of 8 for evacuation
[172.042s][debug][gc,tlab           ] GC(3581) TLAB totals: thrds: 8  refills: 15 max: 4 slow allocs: 1728 max 245 waste: 29.0% gc: 1192520B max: 215696B slow: 71456B max: 16736B fast: 0B max: 0B
[172.042s][debug][gc,age            ] GC(3581) Desired survivor size 57671680 bytes, new threshold 15 (max threshold 15)
[172.042s][debug][gc,alloc,region   ] GC(3581) Mutator Allocation stats, regions: 868, wasted size: 203M (23.4%)
[172.042s][debug][gc,ergo           ] GC(3581) Running G1 Merge Heap Roots using 8 workers for 873 regions
[172.042s][debug][gc,remset         ] GC(3581) Visited cards 512 Total dirty 4096 (12.50%) Total old 3614720 (0.01%)
[172.043s][debug][gc,ergo           ] GC(3581) Running G1 Clear Card Table Task using 2 workers for 2 units of work for 875 regions.
[172.043s][debug][gc,ref            ] GC(3581) Skipped phase1 of Reference Processing due to unavailable references
[172.043s][debug][gc,ref            ] GC(3581) Skipped phase2 of Reference Processing due to unavailable references
[172.043s][debug][gc,ref            ] GC(3581) Skipped phase3 of Reference Processing due to unavailable references
[172.043s][debug][gc,ref            ] GC(3581) Skipped phase4 of Reference Processing due to unavailable references
[172.043s][debug][gc,ergo           ] GC(3581) Running G1 Free Collection Set using 8 workers for collection set length 873 (1456)
[172.043s][debug][gc,ergo           ] GC(3581) Running G1 Rebuild Free List Task using 8 workers for rebuilding free list of 0 (4096) regions
[172.043s][trace][gc,age            ] GC(3581) Age table with threshold 15 (max threshold 15)
[172.043s][trace][gc,age            ] GC(3581) - age   1:    1602504 bytes,    1602504 total
[172.043s][debug][gc,plab           ] GC(3581) Young PLAB allocation: allocated: 16512B, wasted: 0B, unused: 14064B, used: 2448B, undo waste: 0B, 
[172.043s][debug][gc,plab           ] GC(3581) Young other allocation: region end waste: 234096B, regions filled: 2, direct allocated: 1600056B, failure used: 0B, failure wasted: 0B
[172.043s][debug][gc,plab           ] GC(3581) Young sizing: calculated: 0B, actual: 2064B
[172.043s][debug][gc,plab           ] GC(3581) Old PLAB allocation: allocated: 0B, wasted: 0B, unused: 0B, used: 0B, undo waste: 0B, 
[172.043s][debug][gc,plab           ] GC(3581) Old other allocation: region end waste: 0B, regions filled: 1, direct allocated: 0B, failure used: 0B, failure wasted: 0B
[172.043s][debug][gc,plab           ] GC(3581) Old sizing: calculated: 0B, actual: 2064B
[172.043s][debug][gc,ihop           ] GC(3581) Basic information (value update), threshold: 687026995B (45.00), target occupancy: 1526726656B, current occupancy: 19720488B, recent allocation size: 0B, recent allocation duration: 47.21ms, recent old gen allocation rate: 0.00B/s, recent marking phase length: 29.01ms
[172.043s][debug][gc,ihop           ] GC(3581) Adaptive IHOP information (value update), threshold: 687026995B (47.37), internal target occupancy: 1450390323B, occupancy: 19720488B, additional buffer size: 915406848B, predicted old gen allocation rate: 7349.19B/s, predicted marking phase length: 58.01ms, prediction active: false
[172.043s][debug][gc,ergo,refine    ] GC(3581) Concurrent refinement times: Logged Cards Scan time goal: 20.00ms Logged Cards Scan time: 0.00ms HCC time: 0.00ms
[172.043s][debug][gc,ergo,refine    ] GC(3581) Updated Refinement Zones: green: 2048, yellow: 6144, red: 10240
[172.043s][info ][gc,phases         ] GC(3581)   Pre Evacuate Collection Set: 0.1ms
[172.043s][debug][gc,phases         ] GC(3581)     Prepare TLABs: 0.0ms
[172.043s][debug][gc,phases         ] GC(3581)     Choose Collection Set: 0.0ms
[172.043s][debug][gc,phases         ] GC(3581)     Region Register: 0.1ms
[172.043s][debug][gc,phases         ] GC(3581)     Prepare Heap Roots: 0.0ms
[172.043s][info ][gc,phases         ] GC(3581)   Merge Heap Roots: 0.2ms
[172.043s][debug][gc,phases         ] GC(3581)     Prepare Merge Heap Roots: 0.0ms
[172.043s][debug][gc,phases         ] GC(3581)     Eager Reclaim (ms):       skipped
[172.043s][debug][gc,phases         ] GC(3581)     Remembered Sets (ms):     Min:  0.0, Avg:  0.0, Max:  0.1, Diff:  0.0, Sum:  0.3, Workers: 8
[172.043s][debug][gc,phases         ] GC(3581)       Merged Sparse:            Min: 0, Avg:  0.0, Max: 0, Diff: 0, Sum: 0, Workers: 8
[172.044s][debug][gc,phases         ] GC(3581)       Merged Fine:              Min: 0, Avg:  0.0, Max: 0, Diff: 0, Sum: 0, Workers: 8
[172.044s][debug][gc,phases         ] GC(3581)       Merged Coarse:            Min: 0, Avg:  0.0, Max: 0, Diff: 0, Sum: 0, Workers: 8
[172.044s][debug][gc,phases         ] GC(3581)       Dirty Cards:              Min: 0, Avg:  0.0, Max: 0, Diff: 0, Sum: 0, Workers: 8
[172.044s][debug][gc,phases         ] GC(3581)     Hot Card Cache (ms):      Min:  0.0, Avg:  0.0, Max:  0.0, Diff:  0.0, Sum:  0.0, Workers: 8
[172.044s][debug][gc,phases         ] GC(3581)       Dirty Cards:              Min: 0, Avg:  0.0, Max: 0, Diff: 0, Sum: 0, Workers: 8
[172.044s][debug][gc,phases         ] GC(3581)       Skipped Cards:            Min: 0, Avg:  0.0, Max: 0, Diff: 0, Sum: 0, Workers: 8
[172.044s][debug][gc,phases         ] GC(3581)     Log Buffers (ms):         Min:  0.0, Avg:  0.0, Max:  0.0, Diff:  0.0, Sum:  0.0, Workers: 8
[172.044s][debug][gc,phases         ] GC(3581)       Dirty Cards:              Min: 0, Avg:  0.2, Max: 2, Diff: 2, Sum: 2, Workers: 8
[172.044s][debug][gc,phases         ] GC(3581)       Skipped Cards:            Min: 0, Avg:  0.0, Max: 0, Diff: 0, Sum: 0, Workers: 8
[172.044s][info ][gc,phases         ] GC(3581)   Evacuate Collection Set: 0.3ms
[172.044s][debug][gc,phases         ] GC(3581)     Ext Root Scanning (ms):   Min:  0.0, Avg:  0.1, Max:  0.2, Diff:  0.1, Sum:  0.7, Workers: 8
[172.044s][debug][gc,phases         ] GC(3581)     Scan Heap Roots (ms):     Min:  0.0, Avg:  0.0, Max:  0.0, Diff:  0.0, Sum:  0.0, Workers: 8
[172.044s][debug][gc,phases         ] GC(3581)       Scanned Cards:            Min: 0, Avg:  0.2, Max: 1, Diff: 1, Sum: 2, Workers: 8
[172.044s][debug][gc,phases         ] GC(3581)       Scanned Blocks:           Min: 0, Avg:  0.2, Max: 1, Diff: 1, Sum: 2, Workers: 8
[172.044s][debug][gc,phases         ] GC(3581)       Claimed Chunks:           Min: 0, Avg:  0.2, Max: 1, Diff: 1, Sum: 2, Workers: 8
[172.044s][debug][gc,phases         ] GC(3581)     Code Root Scan (ms):      Min:  0.0, Avg:  0.0, Max:  0.0, Diff:  0.0, Sum:  0.2, Workers: 8
[172.044s][debug][gc,phases         ] GC(3581)     Object Copy (ms):         Min:  0.0, Avg:  0.0, Max:  0.0, Diff:  0.0, Sum:  0.0, Workers: 8
[172.044s][debug][gc,phases         ] GC(3581)     Termination (ms):         Min:  0.0, Avg:  0.1, Max:  0.1, Diff:  0.1, Sum:  0.6, Workers: 8
[172.044s][debug][gc,phases         ] GC(3581)       Termination Attempts:     Min: 1, Avg:  1.0, Max: 1, Diff: 0, Sum: 8, Workers: 8
[172.044s][debug][gc,phases         ] GC(3581)     GC Worker Other (ms):     Min:  0.0, Avg:  0.0, Max:  0.1, Diff:  0.0, Sum:  0.4, Workers: 8
[172.044s][debug][gc,phases         ] GC(3581)     GC Worker Total (ms):     Min:  0.2, Avg:  0.2, Max:  0.2, Diff:  0.0, Sum:  1.9, Workers: 8
[172.044s][info ][gc,phases         ] GC(3581)   Post Evacuate Collection Set: 0.6ms
[172.044s][debug][gc,phases         ] GC(3581)     Code Roots Fixup: 0.0ms
[172.044s][debug][gc,phases         ] GC(3581)     Clear Card Table: 0.2ms
[172.044s][debug][gc,phases         ] GC(3581)     Reference Processing: 0.1ms
[172.044s][debug][gc,phases,ref     ] GC(3581)       Reconsider SoftReferences: 0.0ms
[172.044s][debug][gc,phases,ref     ] GC(3581)         SoftRef (ms):             skipped
[172.044s][debug][gc,phases,ref     ] GC(3581)       Notify Soft/WeakReferences: 0.0ms
[172.044s][debug][gc,phases,ref     ] GC(3581)         SoftRef (ms):             skipped
[172.044s][debug][gc,phases,ref     ] GC(3581)         WeakRef (ms):             skipped
[172.044s][debug][gc,phases,ref     ] GC(3581)         FinalRef (ms):            skipped
[172.044s][debug][gc,phases,ref     ] GC(3581)         Total (ms):               skipped
[172.044s][debug][gc,phases,ref     ] GC(3581)       Notify and keep alive finalizable: 0.0ms
[172.044s][debug][gc,phases,ref     ] GC(3581)         FinalRef (ms):            skipped
[172.044s][debug][gc,phases,ref     ] GC(3581)       Notify PhantomReferences: 0.0ms
[172.044s][debug][gc,phases,ref     ] GC(3581)         PhantomRef (ms):          skipped
[172.044s][debug][gc,phases,ref     ] GC(3581)       SoftReference:
[172.044s][debug][gc,phases,ref     ] GC(3581)         Discovered: 0
[172.044s][debug][gc,phases,ref     ] GC(3581)         Cleared: 0
[172.044s][debug][gc,phases,ref     ] GC(3581)       WeakReference:
[172.044s][debug][gc,phases,ref     ] GC(3581)         Discovered: 0
[172.044s][debug][gc,phases,ref     ] GC(3581)         Cleared: 0
[172.044s][debug][gc,phases,ref     ] GC(3581)       FinalReference:
[172.044s][debug][gc,phases,ref     ] GC(3581)         Discovered: 0
[172.044s][debug][gc,phases,ref     ] GC(3581)         Cleared: 0
[172.044s][debug][gc,phases,ref     ] GC(3581)       PhantomReference:
[172.044s][debug][gc,phases,ref     ] GC(3581)         Discovered: 0
[172.044s][debug][gc,phases,ref     ] GC(3581)         Cleared: 0
[172.044s][debug][gc,phases         ] GC(3581)     Weak Processing: 0.1ms
[172.044s][debug][gc,phases         ] GC(3581)       JVMTI weak processing: 0.0ms
[172.044s][debug][gc,phases         ] GC(3581)         Dead: 0
[172.044s][debug][gc,phases         ] GC(3581)         Total: 0
[172.044s][debug][gc,phases         ] GC(3581)       JFR weak processing: 0.0ms
[172.044s][debug][gc,phases         ] GC(3581)         Dead: 0
[172.044s][debug][gc,phases         ] GC(3581)         Total: 0
[172.044s][debug][gc,phases         ] GC(3581)       JNI weak                  Min:  0.0, Avg:  0.0, Max:  0.0, Diff:  0.0, Sum:  0.0, Workers: 5
[172.044s][debug][gc,phases         ] GC(3581)         Dead                      Min: 0, Avg:  0.0, Max: 0, Diff: 0, Sum: 0, Workers: 5
[172.044s][debug][gc,phases         ] GC(3581)         Total                     Min: 0, Avg: 25.6, Max: 64, Diff: 64, Sum: 128, Workers: 5
[172.044s][debug][gc,phases         ] GC(3581)       VM weak                   Min:  0.0, Avg:  0.0, Max:  0.0, Diff:  0.0, Sum:  0.0, Workers: 5
[172.044s][debug][gc,phases         ] GC(3581)         Dead                      Min: 0, Avg:  0.0, Max: 0, Diff: 0, Sum: 0, Workers: 5
[172.044s][debug][gc,phases         ] GC(3581)         Total                     Min: 0, Avg: 42.4, Max: 84, Diff: 84, Sum: 212, Workers: 5
[172.044s][debug][gc,phases         ] GC(3581)       StringTable weak          Min:  0.0, Avg:  0.0, Max:  0.0, Diff:  0.0, Sum:  0.2, Workers: 5
[172.044s][debug][gc,phases         ] GC(3581)         Dead                      Min: 0, Avg:  0.0, Max: 0, Diff: 0, Sum: 0, Workers: 5
[172.044s][debug][gc,phases         ] GC(3581)         Total                     Min: 64, Avg: 686.2, Max: 871, Diff: 807, Sum: 3431, Workers: 5
[172.044s][debug][gc,phases         ] GC(3581)       ResolvedMethodTable weak  Min:  0.0, Avg:  0.0, Max:  0.0, Diff:  0.0, Sum:  0.0, Workers: 5
[172.044s][debug][gc,phases         ] GC(3581)         Dead                      Min: 0, Avg:  0.0, Max: 0, Diff: 0, Sum: 0, Workers: 5
[172.044s][debug][gc,phases         ] GC(3581)         Total                     Min: 64, Avg: 114.6, Max: 128, Diff: 64, Sum: 573, Workers: 5
[172.044s][debug][gc,phases         ] GC(3581)     Merge Per-Thread State: 0.0ms
[172.044s][debug][gc,phases         ] GC(3581)       Copied Bytes              Min: 72, Avg: 200313.0, Max: 800320, Diff: 800248, Sum: 1602504, Workers: 8
[172.044s][debug][gc,phases         ] GC(3581)       LAB Waste                 Min: 0, Avg:  0.0, Max: 0, Diff: 0, Sum: 0, Workers: 8
[172.044s][debug][gc,phases         ] GC(3581)       LAB Undo Waste            Min: 0, Avg:  0.0, Max: 0, Diff: 0, Sum: 0, Workers: 8
[172.044s][debug][gc,phases         ] GC(3581)     Code Roots Purge: 0.0ms
[172.044s][debug][gc,phases         ] GC(3581)     Redirty Cards: 0.0ms
[172.044s][debug][gc,phases         ] GC(3581)     DerivedPointerTable Update: 0.0ms
[172.044s][debug][gc,phases         ] GC(3581)     Free Collection Set: 0.2ms
[172.044s][debug][gc,phases         ] GC(3581)     Rebuild Free List: 0.1ms
[172.044s][debug][gc,phases         ] GC(3581)     Humongous Reclaim: 0.0ms
[172.044s][debug][gc,phases         ] GC(3581)     Start New Collection Set: 0.0ms
[172.044s][debug][gc,phases         ] GC(3581)     Resize TLABs: 0.0ms
[172.044s][debug][gc,phases         ] GC(3581)     Expand Heap After Collection: 0.0ms
[172.044s][info ][gc,phases         ] GC(3581)   Other: 0.3ms
[172.044s][info ][gc,heap           ] GC(3581) Eden regions: 868->0(871)
[172.044s][info ][gc,heap           ] GC(3581) Survivor regions: 5->2(110)
[172.044s][info ][gc,heap           ] GC(3581) Old regions: 17->17
[172.044s][info ][gc,heap           ] GC(3581) Archive regions: 2->2
[172.044s][info ][gc,heap           ] GC(3581) Humongous regions: 0->0
[172.044s][info ][gc,metaspace      ] GC(3581) Metaspace: 10069K(10624K)->10069K(10624K) NonClass: 8921K(9216K)->8921K(9216K) Class: 1148K(1408K)->1148K(1408K)
[172.044s][debug][gc,heap           ] GC(3581) Heap after GC invocations=3582 (full 1): garbage-first heap   total 1490944K, used 19258K [0x0000000700000000, 0x0000000800000000)
[172.044s][debug][gc,heap           ] GC(3581)   region size 1024K, 2 young (2048K), 2 survivors (2048K)
[172.044s][debug][gc,heap           ] GC(3581)  Metaspace       used 10069K, capacity 10368K, committed 10624K, reserved 1058816K
[172.044s][debug][gc,heap           ] GC(3581)   class space    used 1148K, capacity 1266K, committed 1408K, reserved 1048576K
[172.044s][info ][gc                ] GC(3581) Pause Young (Normal) (G1 Evacuation Pause) 889M->18M(1456M) 2.163ms
[172.044s][info ][gc,cpu            ] GC(3581) User=0.01s Sys=0.00s Real=0.00s
[172.044s][info ][safepoint         ] Safepoint "G1CollectForAllocation", Time since last: 45949598 ns, Reaching safepoint: 141835 ns, At safepoint: 2324850 ns, Total: 2466685 ns
[172.090s][debug][gc,heap           ] GC(3582) Heap before GC invocations=3582 (full 1): garbage-first heap   total 1490944K, used 910138K [0x0000000700000000, 0x0000000800000000)
[172.090s][debug][gc,heap           ] GC(3582)   region size 1024K, 873 young (893952K), 2 survivors (2048K)
[172.090s][debug][gc,heap           ] GC(3582)  Metaspace       used 10069K, capacity 10368K, committed 10624K, reserved 1058816K
[172.090s][debug][gc,heap           ] GC(3582)   class space    used 1148K, capacity 1266K, committed 1408K, reserved 1048576K
[172.090s][info ][gc,start          ] GC(3582) Pause Young (Normal) (G1 Evacuation Pause)
[172.090s][info ][gc,task           ] GC(3582) Using 8 workers of 8 for evacuation
[172.090s][debug][gc,tlab           ] GC(3582) TLAB totals: thrds: 8  refills: 11 max: 2 slow allocs: 1736 max 277 waste: 27.3% gc: 970968B max: 242240B slow: 41656B max: 14304B fast: 0B max: 0B
[172.090s][debug][gc,age            ] GC(3582) Desired survivor size 57671680 bytes, new threshold 15 (max threshold 15)
[172.090s][debug][gc,alloc,region   ] GC(3582) Mutator Allocation stats, regions: 871, wasted size: 204M (23.4%)
[172.091s][debug][gc,ergo           ] GC(3582) Running G1 Merge Heap Roots using 8 workers for 873 regions
[172.091s][debug][gc,remset         ] GC(3582) Visited cards 256 Total dirty 2048 (12.50%) Total old 3614720 (0.01%)
[172.091s][debug][gc,ergo           ] GC(3582) Running G1 Clear Card Table Task using 2 workers for 2 units of work for 874 regions.
[172.091s][debug][gc,ref            ] GC(3582) Skipped phase1 of Reference Processing due to unavailable references
[172.091s][debug][gc,ref            ] GC(3582) Skipped phase2 of Reference Processing due to unavailable references
[172.091s][debug][gc,ref            ] GC(3582) Skipped phase3 of Reference Processing due to unavailable references
[172.091s][debug][gc,ref            ] GC(3582) Skipped phase4 of Reference Processing due to unavailable references
[172.091s][debug][gc,ergo           ] GC(3582) Running G1 Free Collection Set using 8 workers for collection set length 873 (1456)
[172.092s][debug][gc,ergo           ] GC(3582) Running G1 Rebuild Free List Task using 8 workers for rebuilding free list of 0 (4096) regions
[172.092s][trace][gc,age            ] GC(3582) Age table with threshold 15 (max threshold 15)
[172.092s][trace][gc,age            ] GC(3582) - age   1:    2402536 bytes,    2402536 total
[172.092s][debug][gc,plab           ] GC(3582) Young PLAB allocation: allocated: 16512B, wasted: 0B, unused: 14064B, used: 2448B, undo waste: 0B, 
[172.092s][debug][gc,plab           ] GC(3582) Young other allocation: region end waste: 482640B, regions filled: 3, direct allocated: 2400088B, failure used: 0B, failure wasted: 0B
[172.092s][debug][gc,plab           ] GC(3582) Young sizing: calculated: 0B, actual: 2064B
[172.092s][debug][gc,plab           ] GC(3582) Old PLAB allocation: allocated: 0B, wasted: 0B, unused: 0B, used: 0B, undo waste: 0B, 
[172.092s][debug][gc,plab           ] GC(3582) Old other allocation: region end waste: 0B, regions filled: 1, direct allocated: 0B, failure used: 0B, failure wasted: 0B
[172.092s][debug][gc,plab           ] GC(3582) Old sizing: calculated: 0B, actual: 2064B
[172.092s][debug][gc,ihop           ] GC(3582) Basic information (value update), threshold: 687026995B (45.00), target occupancy: 1526726656B, current occupancy: 20769064B, recent allocation size: 0B, recent allocation duration: 47.02ms, recent old gen allocation rate: 0.00B/s, recent marking phase length: 29.01ms
[172.092s][debug][gc,ihop           ] GC(3582) Adaptive IHOP information (value update), threshold: 687026995B (47.37), internal target occupancy: 1450390323B, occupancy: 20769064B, additional buffer size: 915406848B, predicted old gen allocation rate: 7148.25B/s, predicted marking phase length: 58.01ms, prediction active: false
[172.092s][debug][gc,ergo,refine    ] GC(3582) Concurrent refinement times: Logged Cards Scan time goal: 20.00ms Logged Cards Scan time: 0.00ms HCC time: 0.00ms
[172.092s][debug][gc,ergo,refine    ] GC(3582) Updated Refinement Zones: green: 2048, yellow: 6144, red: 10240
[172.092s][info ][gc,phases         ] GC(3582)   Pre Evacuate Collection Set: 0.1ms
[172.092s][debug][gc,phases         ] GC(3582)     Prepare TLABs: 0.0ms
[172.092s][debug][gc,phases         ] GC(3582)     Choose Collection Set: 0.0ms
[172.092s][debug][gc,phases         ] GC(3582)     Region Register: 0.1ms
[172.092s][debug][gc,phases         ] GC(3582)     Prepare Heap Roots: 0.0ms
[172.092s][info ][gc,phases         ] GC(3582)   Merge Heap Roots: 0.1ms
[172.092s][debug][gc,phases         ] GC(3582)     Prepare Merge Heap Roots: 0.0ms
[172.092s][debug][gc,phases         ] GC(3582)     Eager Reclaim (ms):       skipped
[172.092s][debug][gc,phases         ] GC(3582)     Remembered Sets (ms):     Min:  0.0, Avg:  0.0, Max:  0.1, Diff:  0.0, Sum:  0.3, Workers: 8
[172.092s][debug][gc,phases         ] GC(3582)       Merged Sparse:            Min: 0, Avg:  0.0, Max: 0, Diff: 0, Sum: 0, Workers: 8
[172.092s][debug][gc,phases         ] GC(3582)       Merged Fine:              Min: 0, Avg:  0.0, Max: 0, Diff: 0, Sum: 0, Workers: 8
[172.092s][debug][gc,phases         ] GC(3582)       Merged Coarse:            Min: 0, Avg:  0.0, Max: 0, Diff: 0, Sum: 0, Workers: 8
[172.092s][debug][gc,phases         ] GC(3582)       Dirty Cards:              Min: 0, Avg:  0.0, Max: 0, Diff: 0, Sum: 0, Workers: 8
[172.092s][debug][gc,phases         ] GC(3582)     Hot Card Cache (ms):      Min:  0.0, Avg:  0.0, Max:  0.0, Diff:  0.0, Sum:  0.0, Workers: 8
[172.092s][debug][gc,phases         ] GC(3582)       Dirty Cards:              Min: 0, Avg:  0.0, Max: 0, Diff: 0, Sum: 0, Workers: 8
[172.092s][debug][gc,phases         ] GC(3582)       Skipped Cards:            Min: 0, Avg:  0.0, Max: 0, Diff: 0, Sum: 0, Workers: 8
[172.092s][debug][gc,phases         ] GC(3582)     Log Buffers (ms):         Min:  0.0, Avg:  0.0, Max:  0.0, Diff:  0.0, Sum:  0.0, Workers: 8
[172.092s][debug][gc,phases         ] GC(3582)       Dirty Cards:              Min: 0, Avg:  0.1, Max: 1, Diff: 1, Sum: 1, Workers: 8
[172.092s][debug][gc,phases         ] GC(3582)       Skipped Cards:            Min: 0, Avg:  0.0, Max: 0, Diff: 0, Sum: 0, Workers: 8
[172.092s][info ][gc,phases         ] GC(3582)   Evacuate Collection Set: 0.3ms
[172.092s][debug][gc,phases         ] GC(3582)     Ext Root Scanning (ms):   Min:  0.0, Avg:  0.1, Max:  0.2, Diff:  0.2, Sum:  1.0, Workers: 8
[172.092s][debug][gc,phases         ] GC(3582)     Scan Heap Roots (ms):     Min:  0.0, Avg:  0.0, Max:  0.0, Diff:  0.0, Sum:  0.0, Workers: 8
[172.092s][debug][gc,phases         ] GC(3582)       Scanned Cards:            Min: 0, Avg:  0.1, Max: 1, Diff: 1, Sum: 1, Workers: 8
[172.092s][debug][gc,phases         ] GC(3582)       Scanned Blocks:           Min: 0, Avg:  0.1, Max: 1, Diff: 1, Sum: 1, Workers: 8
[172.092s][debug][gc,phases         ] GC(3582)       Claimed Chunks:           Min: 0, Avg:  0.1, Max: 1, Diff: 1, Sum: 1, Workers: 8
[172.092s][debug][gc,phases         ] GC(3582)     Code Root Scan (ms):      Min:  0.0, Avg:  0.0, Max:  0.0, Diff:  0.0, Sum:  0.1, Workers: 8
[172.092s][debug][gc,phases         ] GC(3582)     Object Copy (ms):         Min:  0.0, Avg:  0.0, Max:  0.0, Diff:  0.0, Sum:  0.0, Workers: 8
[172.092s][debug][gc,phases         ] GC(3582)     Termination (ms):         Min:  0.0, Avg:  0.1, Max:  0.1, Diff:  0.1, Sum:  0.5, Workers: 8
[172.092s][debug][gc,phases         ] GC(3582)       Termination Attempts:     Min: 1, Avg:  1.0, Max: 1, Diff: 0, Sum: 8, Workers: 8
[172.092s][debug][gc,phases         ] GC(3582)     GC Worker Other (ms):     Min:  0.0, Avg:  0.0, Max:  0.1, Diff:  0.1, Sum:  0.3, Workers: 8
[172.092s][debug][gc,phases         ] GC(3582)     GC Worker Total (ms):     Min:  0.2, Avg:  0.3, Max:  0.3, Diff:  0.0, Sum:  2.0, Workers: 8
[172.092s][info ][gc,phases         ] GC(3582)   Post Evacuate Collection Set: 0.6ms
[172.092s][debug][gc,phases         ] GC(3582)     Code Roots Fixup: 0.0ms
[172.092s][debug][gc,phases         ] GC(3582)     Clear Card Table: 0.2ms
[172.092s][debug][gc,phases         ] GC(3582)     Reference Processing: 0.0ms
[172.092s][debug][gc,phases,ref     ] GC(3582)       Reconsider SoftReferences: 0.0ms
[172.092s][debug][gc,phases,ref     ] GC(3582)         SoftRef (ms):             skipped
[172.092s][debug][gc,phases,ref     ] GC(3582)       Notify Soft/WeakReferences: 0.0ms
[172.092s][debug][gc,phases,ref     ] GC(3582)         SoftRef (ms):             skipped
[172.092s][debug][gc,phases,ref     ] GC(3582)         WeakRef (ms):             skipped
[172.092s][debug][gc,phases,ref     ] GC(3582)         FinalRef (ms):            skipped
[172.092s][debug][gc,phases,ref     ] GC(3582)         Total (ms):               skipped
[172.092s][debug][gc,phases,ref     ] GC(3582)       Notify and keep alive finalizable: 0.0ms
[172.092s][debug][gc,phases,ref     ] GC(3582)         FinalRef (ms):            skipped
[172.092s][debug][gc,phases,ref     ] GC(3582)       Notify PhantomReferences: 0.0ms
[172.092s][debug][gc,phases,ref     ] GC(3582)         PhantomRef (ms):          skipped
[172.092s][debug][gc,phases,ref     ] GC(3582)       SoftReference:
[172.092s][debug][gc,phases,ref     ] GC(3582)         Discovered: 0
[172.092s][debug][gc,phases,ref     ] GC(3582)         Cleared: 0
[172.092s][debug][gc,phases,ref     ] GC(3582)       WeakReference:
[172.092s][debug][gc,phases,ref     ] GC(3582)         Discovered: 0
[172.092s][debug][gc,phases,ref     ] GC(3582)         Cleared: 0
[172.092s][debug][gc,phases,ref     ] GC(3582)       FinalReference:
[172.092s][debug][gc,phases,ref     ] GC(3582)         Discovered: 0
[172.092s][debug][gc,phases,ref     ] GC(3582)         Cleared: 0
[172.092s][debug][gc,phases,ref     ] GC(3582)       PhantomReference:
[172.092s][debug][gc,phases,ref     ] GC(3582)         Discovered: 0
[172.092s][debug][gc,phases,ref     ] GC(3582)         Cleared: 0
[172.092s][debug][gc,phases         ] GC(3582)     Weak Processing: 0.1ms
[172.092s][debug][gc,phases         ] GC(3582)       JVMTI weak processing: 0.0ms
[172.092s][debug][gc,phases         ] GC(3582)         Dead: 0
[172.092s][debug][gc,phases         ] GC(3582)         Total: 0
[172.092s][debug][gc,phases         ] GC(3582)       JFR weak processing: 0.0ms
[172.092s][debug][gc,phases         ] GC(3582)         Dead: 0
[172.092s][debug][gc,phases         ] GC(3582)         Total: 0
[172.092s][debug][gc,phases         ] GC(3582)       JNI weak                  Min:  0.0, Avg:  0.0, Max:  0.0, Diff:  0.0, Sum:  0.0, Workers: 5
[172.092s][debug][gc,phases         ] GC(3582)         Dead                      Min: 0, Avg:  0.0, Max: 0, Diff: 0, Sum: 0, Workers: 5
[172.092s][debug][gc,phases         ] GC(3582)         Total                     Min: 0, Avg: 25.6, Max: 64, Diff: 64, Sum: 128, Workers: 5
[172.092s][debug][gc,phases         ] GC(3582)       VM weak                   Min:  0.0, Avg:  0.0, Max:  0.0, Diff:  0.0, Sum:  0.0, Workers: 5
[172.092s][debug][gc,phases         ] GC(3582)         Dead                      Min: 0, Avg:  0.0, Max: 0, Diff: 0, Sum: 0, Workers: 5
[172.092s][debug][gc,phases         ] GC(3582)         Total                     Min: 0, Avg: 42.4, Max: 84, Diff: 84, Sum: 212, Workers: 5
[172.092s][debug][gc,phases         ] GC(3582)       StringTable weak          Min:  0.0, Avg:  0.0, Max:  0.0, Diff:  0.0, Sum:  0.1, Workers: 5
[172.092s][debug][gc,phases         ] GC(3582)         Dead                      Min: 0, Avg:  0.0, Max: 0, Diff: 0, Sum: 0, Workers: 5
[172.092s][debug][gc,phases         ] GC(3582)         Total                     Min: 0, Avg: 686.2, Max: 1319, Diff: 1319, Sum: 3431, Workers: 5
[172.092s][debug][gc,phases         ] GC(3582)       ResolvedMethodTable weak  Min:  0.0, Avg:  0.0, Max:  0.0, Diff:  0.0, Sum:  0.0, Workers: 5
[172.092s][debug][gc,phases         ] GC(3582)         Dead                      Min: 0, Avg:  0.0, Max: 0, Diff: 0, Sum: 0, Workers: 5
[172.092s][debug][gc,phases         ] GC(3582)         Total                     Min: 0, Avg: 114.6, Max: 192, Diff: 192, Sum: 573, Workers: 5
[172.092s][debug][gc,phases         ] GC(3582)     Merge Per-Thread State: 0.0ms
[172.092s][debug][gc,phases         ] GC(3582)       Copied Bytes              Min: 152, Avg: 300317.0, Max: 800320, Diff: 800168, Sum: 2402536, Workers: 8
[172.092s][debug][gc,phases         ] GC(3582)       LAB Waste                 Min: 0, Avg:  0.0, Max: 0, Diff: 0, Sum: 0, Workers: 8
[172.092s][debug][gc,phases         ] GC(3582)       LAB Undo Waste            Min: 0, Avg:  0.0, Max: 0, Diff: 0, Sum: 0, Workers: 8
[172.092s][debug][gc,phases         ] GC(3582)     Code Roots Purge: 0.0ms
[172.092s][debug][gc,phases         ] GC(3582)     Redirty Cards: 0.0ms
[172.092s][debug][gc,phases         ] GC(3582)     DerivedPointerTable Update: 0.0ms
[172.092s][debug][gc,phases         ] GC(3582)     Free Collection Set: 0.2ms
[172.092s][debug][gc,phases         ] GC(3582)     Rebuild Free List: 0.1ms
[172.092s][debug][gc,phases         ] GC(3582)     Humongous Reclaim: 0.0ms
[172.092s][debug][gc,phases         ] GC(3582)     Start New Collection Set: 0.0ms
[172.092s][debug][gc,phases         ] GC(3582)     Resize TLABs: 0.0ms
[172.092s][debug][gc,phases         ] GC(3582)     Expand Heap After Collection: 0.0ms
[172.092s][info ][gc,phases         ] GC(3582)   Other: 0.3ms
[172.092s][info ][gc,heap           ] GC(3582) Eden regions: 871->0(870)
[172.093s][info ][gc,heap           ] GC(3582) Survivor regions: 2->3(110)
[172.093s][info ][gc,heap           ] GC(3582) Old regions: 17->17
[172.093s][info ][gc,heap           ] GC(3582) Archive regions: 2->2
[172.093s][info ][gc,heap           ] GC(3582) Humongous regions: 0->0
[172.093s][info ][gc,metaspace      ] GC(3582) Metaspace: 10069K(10624K)->10069K(10624K) NonClass: 8921K(9216K)->8921K(9216K) Class: 1148K(1408K)->1148K(1408K)
[172.093s][debug][gc,heap           ] GC(3582) Heap after GC invocations=3583 (full 1): garbage-first heap   total 1490944K, used 20282K [0x0000000700000000, 0x0000000800000000)
[172.093s][debug][gc,heap           ] GC(3582)   region size 1024K, 3 young (3072K), 3 survivors (3072K)
[172.093s][debug][gc,heap           ] GC(3582)  Metaspace       used 10069K, capacity 10368K, committed 10624K, reserved 1058816K
[172.093s][debug][gc,heap           ] GC(3582)   class space    used 1148K, capacity 1266K, committed 1408K, reserved 1048576K
[172.093s][info ][gc                ] GC(3582) Pause Young (Normal) (G1 Evacuation Pause) 889M->19M(1456M) 2.209ms
[172.093s][info ][gc,cpu            ] GC(3582) User=0.01s Sys=0.01s Real=0.00s
[172.093s][info ][safepoint         ] Safepoint "G1CollectForAllocation", Time since last: 45860364 ns, Reaching safepoint: 181415 ns, At safepoint: 2386920 ns, Total: 2568335 ns
[172.137s][debug][gc,heap           ] GC(3583) Heap before GC invocations=3583 (full 1): garbage-first heap   total 1490944K, used 910138K [0x0000000700000000, 0x0000000800000000)
[172.137s][debug][gc,heap           ] GC(3583)   region size 1024K, 873 young (893952K), 3 survivors (3072K)
[172.137s][debug][gc,heap           ] GC(3583)  Metaspace       used 10069K, capacity 10368K, committed 10624K, reserved 1058816K
[172.137s][debug][gc,heap           ] GC(3583)   class space    used 1148K, capacity 1266K, committed 1408K, reserved 1048576K
[172.137s][info ][gc,start          ] GC(3583) Pause Young (Normal) (G1 Evacuation Pause)
[172.137s][info ][gc,task           ] GC(3583) Using 8 workers of 8 for evacuation
[172.137s][debug][gc,tlab           ] GC(3583) TLAB totals: thrds: 8  refills: 11 max: 2 slow allocs: 1733 max 244 waste: 33.1% gc: 1097368B max: 228336B slow: 41656B max: 14304B fast: 0B max: 0B
[172.137s][debug][gc,age            ] GC(3583) Desired survivor size 57671680 bytes, new threshold 15 (max threshold 15)
[172.137s][debug][gc,alloc,region   ] GC(3583) Mutator Allocation stats, regions: 870, wasted size: 203M (23.4%)
[172.137s][debug][gc,ergo           ] GC(3583) Running G1 Merge Heap Roots using 8 workers for 873 regions
[172.137s][debug][gc,remset         ] GC(3583) Visited cards 512 Total dirty 4096 (12.50%) Total old 3614720 (0.01%)
[172.138s][debug][gc,ergo           ] GC(3583) Running G1 Clear Card Table Task using 2 workers for 2 units of work for 875 regions.
[172.138s][debug][gc,ref            ] GC(3583) Skipped phase1 of Reference Processing due to unavailable references
[172.138s][debug][gc,ref            ] GC(3583) Skipped phase2 of Reference Processing due to unavailable references
[172.138s][debug][gc,ref            ] GC(3583) Skipped phase3 of Reference Processing due to unavailable references
[172.138s][debug][gc,ref            ] GC(3583) Skipped phase4 of Reference Processing due to unavailable references
[172.138s][debug][gc,ergo           ] GC(3583) Running G1 Free Collection Set using 8 workers for collection set length 873 (1456)
[172.138s][debug][gc,ergo           ] GC(3583) Running G1 Rebuild Free List Task using 8 workers for rebuilding free list of 0 (4096) regions
[172.138s][trace][gc,age            ] GC(3583) Age table with threshold 15 (max threshold 15)
[172.138s][trace][gc,age            ] GC(3583) - age   1:    4002512 bytes,    4002512 total
[172.138s][debug][gc,plab           ] GC(3583) Young PLAB allocation: allocated: 16512B, wasted: 0B, unused: 14144B, used: 2368B, undo waste: 0B, 
[172.138s][debug][gc,plab           ] GC(3583) Young other allocation: region end waste: 981792B, regions filled: 5, direct allocated: 4000144B, failure used: 0B, failure wasted: 0B
[172.138s][debug][gc,plab           ] GC(3583) Young sizing: calculated: 0B, actual: 2064B
[172.138s][debug][gc,plab           ] GC(3583) Old PLAB allocation: allocated: 0B, wasted: 0B, unused: 0B, used: 0B, undo waste: 0B, 
[172.138s][debug][gc,plab           ] GC(3583) Old other allocation: region end waste: 0B, regions filled: 1, direct allocated: 0B, failure used: 0B, failure wasted: 0B
[172.138s][debug][gc,plab           ] GC(3583) Old sizing: calculated: 0B, actual: 2064B
[172.138s][debug][gc,ihop           ] GC(3583) Basic information (value update), threshold: 687026995B (45.00), target occupancy: 1526726656B, current occupancy: 22868272B, recent allocation size: 0B, recent allocation duration: 45.05ms, recent old gen allocation rate: 0.00B/s, recent marking phase length: 29.01ms
[172.138s][debug][gc,ihop           ] GC(3583) Adaptive IHOP information (value update), threshold: 687026995B (47.37), internal target occupancy: 1450390323B, occupancy: 22868272B, additional buffer size: 915406848B, predicted old gen allocation rate: 6953.14B/s, predicted marking phase length: 58.01ms, prediction active: false
[172.138s][debug][gc,ergo,refine    ] GC(3583) Concurrent refinement times: Logged Cards Scan time goal: 20.00ms Logged Cards Scan time: 0.00ms HCC time: 0.00ms
[172.138s][debug][gc,ergo,refine    ] GC(3583) Updated Refinement Zones: green: 2048, yellow: 6144, red: 10240
[172.138s][info ][gc,phases         ] GC(3583)   Pre Evacuate Collection Set: 0.1ms
[172.138s][debug][gc,phases         ] GC(3583)     Prepare TLABs: 0.0ms
[172.138s][debug][gc,phases         ] GC(3583)     Choose Collection Set: 0.0ms
[172.138s][debug][gc,phases         ] GC(3583)     Region Register: 0.1ms
[172.138s][debug][gc,phases         ] GC(3583)     Prepare Heap Roots: 0.0ms
[172.138s][info ][gc,phases         ] GC(3583)   Merge Heap Roots: 0.1ms
[172.138s][debug][gc,phases         ] GC(3583)     Prepare Merge Heap Roots: 0.0ms
[172.138s][debug][gc,phases         ] GC(3583)     Eager Reclaim (ms):       skipped
[172.138s][debug][gc,phases         ] GC(3583)     Remembered Sets (ms):     Min:  0.0, Avg:  0.0, Max:  0.0, Diff:  0.0, Sum:  0.2, Workers: 8
[172.138s][debug][gc,phases         ] GC(3583)       Merged Sparse:            Min: 0, Avg:  0.0, Max: 0, Diff: 0, Sum: 0, Workers: 8
[172.138s][debug][gc,phases         ] GC(3583)       Merged Fine:              Min: 0, Avg:  0.0, Max: 0, Diff: 0, Sum: 0, Workers: 8
[172.138s][debug][gc,phases         ] GC(3583)       Merged Coarse:            Min: 0, Avg:  0.0, Max: 0, Diff: 0, Sum: 0, Workers: 8
[172.138s][debug][gc,phases         ] GC(3583)       Dirty Cards:              Min: 0, Avg:  0.0, Max: 0, Diff: 0, Sum: 0, Workers: 8
[172.138s][debug][gc,phases         ] GC(3583)     Hot Card Cache (ms):      Min:  0.0, Avg:  0.0, Max:  0.0, Diff:  0.0, Sum:  0.0, Workers: 8
[172.138s][debug][gc,phases         ] GC(3583)       Dirty Cards:              Min: 0, Avg:  0.0, Max: 0, Diff: 0, Sum: 0, Workers: 8
[172.138s][debug][gc,phases         ] GC(3583)       Skipped Cards:            Min: 0, Avg:  0.0, Max: 0, Diff: 0, Sum: 0, Workers: 8
[172.138s][debug][gc,phases         ] GC(3583)     Log Buffers (ms):         Min:  0.0, Avg:  0.0, Max:  0.0, Diff:  0.0, Sum:  0.0, Workers: 8
[172.138s][debug][gc,phases         ] GC(3583)       Dirty Cards:              Min: 0, Avg:  0.2, Max: 2, Diff: 2, Sum: 2, Workers: 8
[172.138s][debug][gc,phases         ] GC(3583)       Skipped Cards:            Min: 0, Avg:  0.0, Max: 0, Diff: 0, Sum: 0, Workers: 8
[172.138s][info ][gc,phases         ] GC(3583)   Evacuate Collection Set: 0.4ms
[172.138s][debug][gc,phases         ] GC(3583)     Ext Root Scanning (ms):   Min:  0.2, Avg:  0.3, Max:  0.4, Diff:  0.1, Sum:  2.4, Workers: 8
[172.138s][debug][gc,phases         ] GC(3583)     Scan Heap Roots (ms):     Min:  0.0, Avg:  0.0, Max:  0.0, Diff:  0.0, Sum:  0.0, Workers: 8
[172.138s][debug][gc,phases         ] GC(3583)       Scanned Cards:            Min: 0, Avg:  0.2, Max: 1, Diff: 1, Sum: 2, Workers: 8
[172.138s][debug][gc,phases         ] GC(3583)       Scanned Blocks:           Min: 0, Avg:  0.2, Max: 1, Diff: 1, Sum: 2, Workers: 8
[172.138s][debug][gc,phases         ] GC(3583)       Claimed Chunks:           Min: 0, Avg:  0.2, Max: 1, Diff: 1, Sum: 2, Workers: 8
[172.138s][debug][gc,phases         ] GC(3583)     Code Root Scan (ms):      Min:  0.0, Avg:  0.0, Max:  0.0, Diff:  0.0, Sum:  0.2, Workers: 8
[172.138s][debug][gc,phases         ] GC(3583)     Object Copy (ms):         Min:  0.0, Avg:  0.0, Max:  0.0, Diff:  0.0, Sum:  0.0, Workers: 8
[172.138s][debug][gc,phases         ] GC(3583)     Termination (ms):         Min:  0.0, Avg:  0.0, Max:  0.1, Diff:  0.0, Sum:  0.4, Workers: 8
[172.138s][debug][gc,phases         ] GC(3583)       Termination Attempts:     Min: 1, Avg:  1.0, Max: 1, Diff: 0, Sum: 8, Workers: 8
[172.138s][debug][gc,phases         ] GC(3583)     GC Worker Other (ms):     Min:  0.0, Avg:  0.0, Max:  0.1, Diff:  0.0, Sum:  0.4, Workers: 8
[172.139s][debug][gc,phases         ] GC(3583)     GC Worker Total (ms):     Min:  0.4, Avg:  0.4, Max:  0.4, Diff:  0.0, Sum:  3.4, Workers: 8
[172.139s][info ][gc,phases         ] GC(3583)   Post Evacuate Collection Set: 0.6ms
[172.139s][debug][gc,phases         ] GC(3583)     Code Roots Fixup: 0.0ms
[172.139s][debug][gc,phases         ] GC(3583)     Clear Card Table: 0.2ms
[172.139s][debug][gc,phases         ] GC(3583)     Reference Processing: 0.0ms
[172.139s][debug][gc,phases,ref     ] GC(3583)       Reconsider SoftReferences: 0.0ms
[172.139s][debug][gc,phases,ref     ] GC(3583)         SoftRef (ms):             skipped
[172.139s][debug][gc,phases,ref     ] GC(3583)       Notify Soft/WeakReferences: 0.0ms
[172.139s][debug][gc,phases,ref     ] GC(3583)         SoftRef (ms):             skipped
[172.139s][debug][gc,phases,ref     ] GC(3583)         WeakRef (ms):             skipped
[172.139s][debug][gc,phases,ref     ] GC(3583)         FinalRef (ms):            skipped
[172.139s][debug][gc,phases,ref     ] GC(3583)         Total (ms):               skipped
[172.139s][debug][gc,phases,ref     ] GC(3583)       Notify and keep alive finalizable: 0.0ms
[172.139s][debug][gc,phases,ref     ] GC(3583)         FinalRef (ms):            skipped
[172.139s][debug][gc,phases,ref     ] GC(3583)       Notify PhantomReferences: 0.0ms
[172.139s][debug][gc,phases,ref     ] GC(3583)         PhantomRef (ms):          skipped
[172.139s][debug][gc,phases,ref     ] GC(3583)       SoftReference:
[172.139s][debug][gc,phases,ref     ] GC(3583)         Discovered: 0
[172.139s][debug][gc,phases,ref     ] GC(3583)         Cleared: 0
[172.139s][debug][gc,phases,ref     ] GC(3583)       WeakReference:
[172.139s][debug][gc,phases,ref     ] GC(3583)         Discovered: 0
[172.139s][debug][gc,phases,ref     ] GC(3583)         Cleared: 0
[172.139s][debug][gc,phases,ref     ] GC(3583)       FinalReference:
[172.139s][debug][gc,phases,ref     ] GC(3583)         Discovered: 0
[172.139s][debug][gc,phases,ref     ] GC(3583)         Cleared: 0
[172.139s][debug][gc,phases,ref     ] GC(3583)       PhantomReference:
[172.139s][debug][gc,phases,ref     ] GC(3583)         Discovered: 0
[172.139s][debug][gc,phases,ref     ] GC(3583)         Cleared: 0
[172.139s][debug][gc,phases         ] GC(3583)     Weak Processing: 0.1ms
[172.139s][debug][gc,phases         ] GC(3583)       JVMTI weak processing: 0.0ms
[172.139s][debug][gc,phases         ] GC(3583)         Dead: 0
[172.139s][debug][gc,phases         ] GC(3583)         Total: 0
[172.139s][debug][gc,phases         ] GC(3583)       JFR weak processing: 0.0ms
[172.139s][debug][gc,phases         ] GC(3583)         Dead: 0
[172.139s][debug][gc,phases         ] GC(3583)         Total: 0
[172.139s][debug][gc,phases         ] GC(3583)       JNI weak                  Min:  0.0, Avg:  0.0, Max:  0.0, Diff:  0.0, Sum:  0.0, Workers: 5
[172.139s][debug][gc,phases         ] GC(3583)         Dead                      Min: 0, Avg:  0.0, Max: 0, Diff: 0, Sum: 0, Workers: 5
[172.139s][debug][gc,phases         ] GC(3583)         Total                     Min: 0, Avg: 25.6, Max: 64, Diff: 64, Sum: 128, Workers: 5
[172.139s][debug][gc,phases         ] GC(3583)       VM weak                   Min:  0.0, Avg:  0.0, Max:  0.0, Diff:  0.0, Sum:  0.0, Workers: 5
[172.139s][debug][gc,phases         ] GC(3583)         Dead                      Min: 0, Avg:  0.0, Max: 0, Diff: 0, Sum: 0, Workers: 5
[172.139s][debug][gc,phases         ] GC(3583)         Total                     Min: 0, Avg: 42.4, Max: 64, Diff: 64, Sum: 212, Workers: 5
[172.139s][debug][gc,phases         ] GC(3583)       StringTable weak          Min:  0.0, Avg:  0.0, Max:  0.0, Diff:  0.0, Sum:  0.1, Workers: 5
[172.139s][debug][gc,phases         ] GC(3583)         Dead                      Min: 0, Avg:  0.0, Max: 0, Diff: 0, Sum: 0, Workers: 5
[172.139s][debug][gc,phases         ] GC(3583)         Total                     Min: 640, Avg: 686.2, Max: 704, Diff: 64, Sum: 3431, Workers: 5
[172.139s][debug][gc,phases         ] GC(3583)       ResolvedMethodTable weak  Min:  0.0, Avg:  0.0, Max:  0.0, Diff:  0.0, Sum:  0.0, Workers: 5
[172.139s][debug][gc,phases         ] GC(3583)         Dead                      Min: 0, Avg:  0.0, Max: 0, Diff: 0, Sum: 0, Workers: 5
[172.139s][debug][gc,phases         ] GC(3583)         Total                     Min: 64, Avg: 114.6, Max: 128, Diff: 64, Sum: 573, Workers: 5
[172.139s][debug][gc,phases         ] GC(3583)     Merge Per-Thread State: 0.0ms
[172.139s][debug][gc,phases         ] GC(3583)       Copied Bytes              Min: 400088, Avg: 500314.0, Max: 800096, Diff: 400008, Sum: 4002512, Workers: 8
[172.139s][debug][gc,phases         ] GC(3583)       LAB Waste                 Min: 0, Avg:  0.0, Max: 0, Diff: 0, Sum: 0, Workers: 8
[172.139s][debug][gc,phases         ] GC(3583)       LAB Undo Waste            Min: 0, Avg:  0.0, Max: 0, Diff: 0, Sum: 0, Workers: 8
[172.139s][debug][gc,phases         ] GC(3583)     Code Roots Purge: 0.0ms
[172.139s][debug][gc,phases         ] GC(3583)     Redirty Cards: 0.0ms
[172.139s][debug][gc,phases         ] GC(3583)     DerivedPointerTable Update: 0.0ms
[172.139s][debug][gc,phases         ] GC(3583)     Free Collection Set: 0.2ms
[172.139s][debug][gc,phases         ] GC(3583)     Rebuild Free List: 0.1ms
[172.139s][debug][gc,phases         ] GC(3583)     Humongous Reclaim: 0.0ms
[172.139s][debug][gc,phases         ] GC(3583)     Start New Collection Set: 0.0ms
[172.139s][debug][gc,phases         ] GC(3583)     Resize TLABs: 0.0ms
[172.139s][debug][gc,phases         ] GC(3583)     Expand Heap After Collection: 0.0ms
[172.139s][info ][gc,phases         ] GC(3583)   Other: 0.3ms
[172.139s][info ][gc,heap           ] GC(3583) Eden regions: 870->0(868)
[172.139s][info ][gc,heap           ] GC(3583) Survivor regions: 3->5(110)
[172.139s][info ][gc,heap           ] GC(3583) Old regions: 17->17
[172.139s][info ][gc,heap           ] GC(3583) Archive regions: 2->2
[172.139s][info ][gc,heap           ] GC(3583) Humongous regions: 0->0
[172.139s][info ][gc,metaspace      ] GC(3583) Metaspace: 10069K(10624K)->10069K(10624K) NonClass: 8921K(9216K)->8921K(9216K) Class: 1148K(1408K)->1148K(1408K)
[172.139s][debug][gc,heap           ] GC(3583) Heap after GC invocations=3584 (full 1): garbage-first heap   total 1490944K, used 22332K [0x0000000700000000, 0x0000000800000000)
[172.139s][debug][gc,heap           ] GC(3583)   region size 1024K, 5 young (5120K), 5 survivors (5120K)
[172.139s][debug][gc,heap           ] GC(3583)  Metaspace       used 10069K, capacity 10368K, committed 10624K, reserved 1058816K
[172.139s][debug][gc,heap           ] GC(3583)   class space    used 1148K, capacity 1266K, committed 1408K, reserved 1048576K
[172.139s][info ][gc                ] GC(3583) Pause Young (Normal) (G1 Evacuation Pause) 889M->21M(1456M) 2.252ms
[172.139s][info ][gc,cpu            ] GC(3583) User=0.01s Sys=0.00s Real=0.01s
[172.139s][info ][safepoint         ] Safepoint "G1CollectForAllocation", Time since last: 43864858 ns, Reaching safepoint: 142775 ns, At safepoint: 2423469 ns, Total: 2566244 ns
[172.183s][debug][gc,heap           ] GC(3584) Heap before GC invocations=3584 (full 1): garbage-first heap   total 1490944K, used 910140K [0x0000000700000000, 0x0000000800000000)
[172.183s][debug][gc,heap           ] GC(3584)   region size 1024K, 873 young (893952K), 5 survivors (5120K)
[172.183s][debug][gc,heap           ] GC(3584)  Metaspace       used 10069K, capacity 10368K, committed 10624K, reserved 1058816K
[172.183s][debug][gc,heap           ] GC(3584)   class space    used 1148K, capacity 1266K, committed 1408K, reserved 1048576K
[172.183s][info ][gc,start          ] GC(3584) Pause Young (Normal) (G1 Evacuation Pause)
[172.183s][info ][gc,task           ] GC(3584) Using 8 workers of 8 for evacuation
[172.183s][debug][gc,tlab           ] GC(3584) TLAB totals: thrds: 8  refills: 16 max: 3 slow allocs: 1727 max 264 waste: 27.0% gc: 1087648B max: 246880B slow: 60376B max: 15096B fast: 0B max: 0B
[172.183s][debug][gc,age            ] GC(3584) Desired survivor size 57671680 bytes, new threshold 15 (max threshold 15)
[172.183s][debug][gc,alloc,region   ] GC(3584) Mutator Allocation stats, regions: 868, wasted size: 203M (23.4%)
[172.184s][debug][gc,ergo           ] GC(3584) Running G1 Merge Heap Roots using 8 workers for 873 regions
[172.184s][debug][gc,remset         ] GC(3584) Visited cards 256 Total dirty 2048 (12.50%) Total old 3614720 (0.01%)
[172.184s][debug][gc,ergo           ] GC(3584) Running G1 Clear Card Table Task using 2 workers for 2 units of work for 874 regions.
[172.184s][debug][gc,ref            ] GC(3584) Skipped phase1 of Reference Processing due to unavailable references
[172.185s][debug][gc,ref            ] GC(3584) Skipped phase2 of Reference Processing due to unavailable references
[172.185s][debug][gc,ref            ] GC(3584) Skipped phase3 of Reference Processing due to unavailable references
[172.185s][debug][gc,ref            ] GC(3584) Skipped phase4 of Reference Processing due to unavailable references
[172.185s][debug][gc,ergo           ] GC(3584) Running G1 Free Collection Set using 8 workers for collection set length 873 (1456)
[172.185s][debug][gc,ergo           ] GC(3584) Running G1 Rebuild Free List Task using 8 workers for rebuilding free list of 0 (4096) regions
[172.185s][trace][gc,age            ] GC(3584) Age table with threshold 15 (max threshold 15)
[172.185s][trace][gc,age            ] GC(3584) - age   1:    4002576 bytes,    4002576 total
[172.185s][debug][gc,plab           ] GC(3584) Young PLAB allocation: allocated: 12384B, wasted: 0B, unused: 9936B, used: 2448B, undo waste: 0B, 
[172.185s][debug][gc,plab           ] GC(3584) Young other allocation: region end waste: 988000B, regions filled: 5, direct allocated: 4000128B, failure used: 0B, failure wasted: 0B
[172.185s][debug][gc,plab           ] GC(3584) Young sizing: calculated: 0B, actual: 2064B
[172.185s][debug][gc,plab           ] GC(3584) Old PLAB allocation: allocated: 0B, wasted: 0B, unused: 0B, used: 0B, undo waste: 0B, 
[172.185s][debug][gc,plab           ] GC(3584) Old other allocation: region end waste: 0B, regions filled: 1, direct allocated: 0B, failure used: 0B, failure wasted: 0B
[172.185s][debug][gc,plab           ] GC(3584) Old sizing: calculated: 0B, actual: 2064B
[172.185s][debug][gc,ihop           ] GC(3584) Basic information (value update), threshold: 687026995B (45.00), target occupancy: 1526726656B, current occupancy: 22870336B, recent allocation size: 0B, recent allocation duration: 45.12ms, recent old gen allocation rate: 0.00B/s, recent marking phase length: 29.01ms
[172.185s][debug][gc,ihop           ] GC(3584) Adaptive IHOP information (value update), threshold: 687026995B (47.37), internal target occupancy: 1450390323B, occupancy: 22870336B, additional buffer size: 915406848B, predicted old gen allocation rate: 6763.67B/s, predicted marking phase length: 58.01ms, prediction active: false
[172.185s][debug][gc,ergo,refine    ] GC(3584) Concurrent refinement times: Logged Cards Scan time goal: 20.00ms Logged Cards Scan time: 0.00ms HCC time: 0.00ms
[172.185s][debug][gc,ergo,refine    ] GC(3584) Updated Refinement Zones: green: 2048, yellow: 6144, red: 10240
[172.185s][info ][gc,phases         ] GC(3584)   Pre Evacuate Collection Set: 0.2ms
[172.185s][debug][gc,phases         ] GC(3584)     Prepare TLABs: 0.0ms
[172.185s][debug][gc,phases         ] GC(3584)     Choose Collection Set: 0.0ms
[172.185s][debug][gc,phases         ] GC(3584)     Region Register: 0.2ms
[172.185s][debug][gc,phases         ] GC(3584)     Prepare Heap Roots: 0.0ms
[172.185s][info ][gc,phases         ] GC(3584)   Merge Heap Roots: 0.1ms
[172.185s][debug][gc,phases         ] GC(3584)     Prepare Merge Heap Roots: 0.0ms
[172.185s][debug][gc,phases         ] GC(3584)     Eager Reclaim (ms):       skipped
[172.185s][debug][gc,phases         ] GC(3584)     Remembered Sets (ms):     Min:  0.0, Avg:  0.0, Max:  0.0, Diff:  0.0, Sum:  0.2, Workers: 8
[172.185s][debug][gc,phases         ] GC(3584)       Merged Sparse:            Min: 0, Avg:  0.0, Max: 0, Diff: 0, Sum: 0, Workers: 8
[172.185s][debug][gc,phases         ] GC(3584)       Merged Fine:              Min: 0, Avg:  0.0, Max: 0, Diff: 0, Sum: 0, Workers: 8
[172.185s][debug][gc,phases         ] GC(3584)       Merged Coarse:            Min: 0, Avg:  0.0, Max: 0, Diff: 0, Sum: 0, Workers: 8
[172.185s][debug][gc,phases         ] GC(3584)       Dirty Cards:              Min: 0, Avg:  0.0, Max: 0, Diff: 0, Sum: 0, Workers: 8
[172.185s][debug][gc,phases         ] GC(3584)     Hot Card Cache (ms):      Min:  0.0, Avg:  0.0, Max:  0.0, Diff:  0.0, Sum:  0.0, Workers: 8
[172.185s][debug][gc,phases         ] GC(3584)       Dirty Cards:              Min: 0, Avg:  0.0, Max: 0, Diff: 0, Sum: 0, Workers: 8
[172.185s][debug][gc,phases         ] GC(3584)       Skipped Cards:            Min: 0, Avg:  0.0, Max: 0, Diff: 0, Sum: 0, Workers: 8
[172.185s][debug][gc,phases         ] GC(3584)     Log Buffers (ms):         Min:  0.0, Avg:  0.0, Max:  0.0, Diff:  0.0, Sum:  0.0, Workers: 8
[172.185s][debug][gc,phases         ] GC(3584)       Dirty Cards:              Min: 0, Avg:  0.1, Max: 1, Diff: 1, Sum: 1, Workers: 8
[172.185s][debug][gc,phases         ] GC(3584)       Skipped Cards:            Min: 0, Avg:  0.0, Max: 0, Diff: 0, Sum: 0, Workers: 8
[172.185s][info ][gc,phases         ] GC(3584)   Evacuate Collection Set: 0.6ms
[172.185s][debug][gc,phases         ] GC(3584)     Ext Root Scanning (ms):   Min:  0.0, Avg:  0.3, Max:  0.5, Diff:  0.5, Sum:  2.0, Workers: 8
[172.185s][debug][gc,phases         ] GC(3584)     Scan Heap Roots (ms):     Min:  0.0, Avg:  0.0, Max:  0.0, Diff:  0.0, Sum:  0.0, Workers: 8
[172.185s][debug][gc,phases         ] GC(3584)       Scanned Cards:            Min: 0, Avg:  0.1, Max: 1, Diff: 1, Sum: 1, Workers: 8
[172.185s][debug][gc,phases         ] GC(3584)       Scanned Blocks:           Min: 0, Avg:  0.1, Max: 1, Diff: 1, Sum: 1, Workers: 8
[172.185s][debug][gc,phases         ] GC(3584)       Claimed Chunks:           Min: 0, Avg:  0.1, Max: 1, Diff: 1, Sum: 1, Workers: 8
[172.185s][debug][gc,phases         ] GC(3584)     Code Root Scan (ms):      Min:  0.0, Avg:  0.0, Max:  0.0, Diff:  0.0, Sum:  0.2, Workers: 8
[172.185s][debug][gc,phases         ] GC(3584)     Object Copy (ms):         Min:  0.0, Avg:  0.0, Max:  0.0, Diff:  0.0, Sum:  0.0, Workers: 8
[172.185s][debug][gc,phases         ] GC(3584)     Termination (ms):         Min:  0.0, Avg:  0.1, Max:  0.1, Diff:  0.1, Sum:  0.8, Workers: 8
[172.185s][debug][gc,phases         ] GC(3584)       Termination Attempts:     Min: 1, Avg:  1.2, Max: 2, Diff: 1, Sum: 10, Workers: 8
[172.185s][debug][gc,phases         ] GC(3584)     GC Worker Other (ms):     Min:  0.0, Avg:  0.1, Max:  0.4, Diff:  0.4, Sum:  0.8, Workers: 8
[172.185s][debug][gc,phases         ] GC(3584)     GC Worker Total (ms):     Min:  0.1, Avg:  0.5, Max:  0.5, Diff:  0.4, Sum:  3.8, Workers: 8
[172.185s][info ][gc,phases         ] GC(3584)   Post Evacuate Collection Set: 0.6ms
[172.185s][debug][gc,phases         ] GC(3584)     Code Roots Fixup: 0.0ms
[172.185s][debug][gc,phases         ] GC(3584)     Clear Card Table: 0.2ms
[172.185s][debug][gc,phases         ] GC(3584)     Reference Processing: 0.0ms
[172.185s][debug][gc,phases,ref     ] GC(3584)       Reconsider SoftReferences: 0.0ms
[172.185s][debug][gc,phases,ref     ] GC(3584)         SoftRef (ms):             skipped
[172.185s][debug][gc,phases,ref     ] GC(3584)       Notify Soft/WeakReferences: 0.0ms
[172.185s][debug][gc,phases,ref     ] GC(3584)         SoftRef (ms):             skipped
[172.185s][debug][gc,phases,ref     ] GC(3584)         WeakRef (ms):             skipped
[172.185s][debug][gc,phases,ref     ] GC(3584)         FinalRef (ms):            skipped
[172.185s][debug][gc,phases,ref     ] GC(3584)         Total (ms):               skipped
[172.185s][debug][gc,phases,ref     ] GC(3584)       Notify and keep alive finalizable: 0.0ms
[172.185s][debug][gc,phases,ref     ] GC(3584)         FinalRef (ms):            skipped
[172.185s][debug][gc,phases,ref     ] GC(3584)       Notify PhantomReferences: 0.0ms
[172.185s][debug][gc,phases,ref     ] GC(3584)         PhantomRef (ms):          skipped
[172.185s][debug][gc,phases,ref     ] GC(3584)       SoftReference:
[172.185s][debug][gc,phases,ref     ] GC(3584)         Discovered: 0
[172.185s][debug][gc,phases,ref     ] GC(3584)         Cleared: 0
[172.185s][debug][gc,phases,ref     ] GC(3584)       WeakReference:
[172.185s][debug][gc,phases,ref     ] GC(3584)         Discovered: 0
[172.185s][debug][gc,phases,ref     ] GC(3584)         Cleared: 0
[172.185s][debug][gc,phases,ref     ] GC(3584)       FinalReference:
[172.185s][debug][gc,phases,ref     ] GC(3584)         Discovered: 0
[172.185s][debug][gc,phases,ref     ] GC(3584)         Cleared: 0
[172.185s][debug][gc,phases,ref     ] GC(3584)       PhantomReference:
[172.185s][debug][gc,phases,ref     ] GC(3584)         Discovered: 0
[172.185s][debug][gc,phases,ref     ] GC(3584)         Cleared: 0
[172.185s][debug][gc,phases         ] GC(3584)     Weak Processing: 0.0ms
[172.185s][debug][gc,phases         ] GC(3584)       JVMTI weak processing: 0.0ms
[172.185s][debug][gc,phases         ] GC(3584)         Dead: 0
[172.185s][debug][gc,phases         ] GC(3584)         Total: 0
[172.185s][debug][gc,phases         ] GC(3584)       JFR weak processing: 0.0ms
[172.185s][debug][gc,phases         ] GC(3584)         Dead: 0
[172.185s][debug][gc,phases         ] GC(3584)         Total: 0
[172.185s][debug][gc,phases         ] GC(3584)       JNI weak                  Min:  0.0, Avg:  0.0, Max:  0.0, Diff:  0.0, Sum:  0.0, Workers: 5
[172.185s][debug][gc,phases         ] GC(3584)         Dead                      Min: 0, Avg:  0.0, Max: 0, Diff: 0, Sum: 0, Workers: 5
[172.185s][debug][gc,phases         ] GC(3584)         Total                     Min: 0, Avg: 25.6, Max: 64, Diff: 64, Sum: 128, Workers: 5
[172.185s][debug][gc,phases         ] GC(3584)       VM weak                   Min:  0.0, Avg:  0.0, Max:  0.0, Diff:  0.0, Sum:  0.0, Workers: 5
[172.185s][debug][gc,phases         ] GC(3584)         Dead                      Min: 0, Avg:  0.0, Max: 0, Diff: 0, Sum: 0, Workers: 5
[172.185s][debug][gc,phases         ] GC(3584)         Total                     Min: 0, Avg: 42.4, Max: 84, Diff: 84, Sum: 212, Workers: 5
[172.186s][debug][gc,phases         ] GC(3584)       StringTable weak          Min:  0.0, Avg:  0.0, Max:  0.0, Diff:  0.0, Sum:  0.1, Workers: 5
[172.186s][debug][gc,phases         ] GC(3584)         Dead                      Min: 0, Avg:  0.0, Max: 0, Diff: 0, Sum: 0, Workers: 5
[172.186s][debug][gc,phases         ] GC(3584)         Total                     Min: 615, Avg: 686.2, Max: 832, Diff: 217, Sum: 3431, Workers: 5
[172.186s][debug][gc,phases         ] GC(3584)       ResolvedMethodTable weak  Min:  0.0, Avg:  0.0, Max:  0.0, Diff:  0.0, Sum:  0.0, Workers: 5
[172.186s][debug][gc,phases         ] GC(3584)         Dead                      Min: 0, Avg:  0.0, Max: 0, Diff: 0, Sum: 0, Workers: 5
[172.186s][debug][gc,phases         ] GC(3584)         Total                     Min: 64, Avg: 114.6, Max: 128, Diff: 64, Sum: 573, Workers: 5
[172.186s][debug][gc,phases         ] GC(3584)     Merge Per-Thread State: 0.0ms
[172.186s][debug][gc,phases         ] GC(3584)       Copied Bytes              Min: 0, Avg: 500322.0, Max: 800672, Diff: 800672, Sum: 4002576, Workers: 8
[172.186s][debug][gc,phases         ] GC(3584)       LAB Waste                 Min: 0, Avg:  0.0, Max: 0, Diff: 0, Sum: 0, Workers: 8
[172.186s][debug][gc,phases         ] GC(3584)       LAB Undo Waste            Min: 0, Avg:  0.0, Max: 0, Diff: 0, Sum: 0, Workers: 8
[172.186s][debug][gc,phases         ] GC(3584)     Code Roots Purge: 0.0ms
[172.186s][debug][gc,phases         ] GC(3584)     Redirty Cards: 0.0ms
[172.186s][debug][gc,phases         ] GC(3584)     DerivedPointerTable Update: 0.0ms
[172.186s][debug][gc,phases         ] GC(3584)     Free Collection Set: 0.2ms
[172.186s][debug][gc,phases         ] GC(3584)     Rebuild Free List: 0.1ms
[172.186s][debug][gc,phases         ] GC(3584)     Humongous Reclaim: 0.0ms
[172.186s][debug][gc,phases         ] GC(3584)     Start New Collection Set: 0.0ms
[172.186s][debug][gc,phases         ] GC(3584)     Resize TLABs: 0.0ms
[172.186s][debug][gc,phases         ] GC(3584)     Expand Heap After Collection: 0.0ms
[172.186s][info ][gc,phases         ] GC(3584)   Other: 0.3ms
[172.186s][info ][gc,heap           ] GC(3584) Eden regions: 868->0(868)
[172.186s][info ][gc,heap           ] GC(3584) Survivor regions: 5->5(110)
[172.186s][info ][gc,heap           ] GC(3584) Old regions: 17->17
[172.186s][info ][gc,heap           ] GC(3584) Archive regions: 2->2
[172.186s][info ][gc,heap           ] GC(3584) Humongous regions: 0->0
[172.186s][info ][gc,metaspace      ] GC(3584) Metaspace: 10069K(10624K)->10069K(10624K) NonClass: 8921K(9216K)->8921K(9216K) Class: 1148K(1408K)->1148K(1408K)
[172.186s][debug][gc,heap           ] GC(3584) Heap after GC invocations=3585 (full 1): garbage-first heap   total 1490944K, used 22334K [0x0000000700000000, 0x0000000800000000)
[172.186s][debug][gc,heap           ] GC(3584)   region size 1024K, 5 young (5120K), 5 survivors (5120K)
[172.186s][debug][gc,heap           ] GC(3584)  Metaspace       used 10069K, capacity 10368K, committed 10624K, reserved 1058816K
[172.186s][debug][gc,heap           ] GC(3584)   class space    used 1148K, capacity 1266K, committed 1408K, reserved 1048576K
[172.186s][info ][gc                ] GC(3584) Pause Young (Normal) (G1 Evacuation Pause) 889M->21M(1456M) 2.391ms
[172.186s][info ][gc,cpu            ] GC(3584) User=0.00s Sys=0.01s Real=0.00s
[172.186s][info ][safepoint         ] Safepoint "G1CollectForAllocation", Time since last: 43975107 ns, Reaching safepoint: 148382 ns, At safepoint: 2650947 ns, Total: 2799329 ns
[172.234s][debug][gc,heap           ] GC(3585) Heap before GC invocations=3585 (full 1): garbage-first heap   total 1490944K, used 910142K [0x0000000700000000, 0x0000000800000000)
[172.234s][debug][gc,heap           ] GC(3585)   region size 1024K, 873 young (893952K), 5 survivors (5120K)
[172.234s][debug][gc,heap           ] GC(3585)  Metaspace       used 10069K, capacity 10368K, committed 10624K, reserved 1058816K
[172.234s][debug][gc,heap           ] GC(3585)   class space    used 1148K, capacity 1266K, committed 1408K, reserved 1048576K
[172.234s][info ][gc,start          ] GC(3585) Pause Young (Normal) (G1 Evacuation Pause)
[172.234s][info ][gc,task           ] GC(3585) Using 8 workers of 8 for evacuation
[172.234s][debug][gc,tlab           ] GC(3585) TLAB totals: thrds: 8  refills: 14 max: 3 slow allocs: 1728 max 268 waste: 24.7% gc: 960768B max: 220744B slow: 57944B max: 15096B fast: 0B max: 0B
[172.234s][debug][gc,age            ] GC(3585) Desired survivor size 57671680 bytes, new threshold 15 (max threshold 15)
[172.234s][debug][gc,alloc,region   ] GC(3585) Mutator Allocation stats, regions: 868, wasted size: 203M (23.4%)
[172.234s][debug][gc,ergo           ] GC(3585) Running G1 Merge Heap Roots using 8 workers for 873 regions
[172.234s][debug][gc,remset         ] GC(3585) Visited cards 512 Total dirty 4096 (12.50%) Total old 3614720 (0.01%)
[172.234s][debug][gc,ergo           ] GC(3585) Running G1 Clear Card Table Task using 2 workers for 2 units of work for 875 regions.
[172.235s][debug][gc,ref            ] GC(3585) Skipped phase1 of Reference Processing due to unavailable references
[172.235s][debug][gc,ref            ] GC(3585) Skipped phase2 of Reference Processing due to unavailable references
[172.235s][debug][gc,ref            ] GC(3585) Skipped phase3 of Reference Processing due to unavailable references
[172.235s][debug][gc,ref            ] GC(3585) Skipped phase4 of Reference Processing due to unavailable references
[172.235s][debug][gc,ergo           ] GC(3585) Running G1 Free Collection Set using 8 workers for collection set length 873 (1456)
[172.235s][debug][gc,ergo           ] GC(3585) Running G1 Rebuild Free List Task using 8 workers for rebuilding free list of 0 (4096) regions
[172.235s][trace][gc,age            ] GC(3585) Age table with threshold 15 (max threshold 15)
[172.235s][trace][gc,age            ] GC(3585) - age   1:    2402544 bytes,    2402544 total
[172.235s][debug][gc,plab           ] GC(3585) Young PLAB allocation: allocated: 16512B, wasted: 0B, unused: 14064B, used: 2448B, undo waste: 0B, 
[172.235s][debug][gc,plab           ] GC(3585) Young other allocation: region end waste: 480576B, regions filled: 3, direct allocated: 2400096B, failure used: 0B, failure wasted: 0B
[172.235s][debug][gc,plab           ] GC(3585) Young sizing: calculated: 0B, actual: 2064B
[172.235s][debug][gc,plab           ] GC(3585) Old PLAB allocation: allocated: 0B, wasted: 0B, unused: 0B, used: 0B, undo waste: 0B, 
[172.235s][debug][gc,plab           ] GC(3585) Old other allocation: region end waste: 0B, regions filled: 1, direct allocated: 0B, failure used: 0B, failure wasted: 0B
[172.235s][debug][gc,plab           ] GC(3585) Old sizing: calculated: 0B, actual: 2064B
[172.235s][debug][gc,ihop           ] GC(3585) Basic information (value update), threshold: 687026995B (45.00), target occupancy: 1526726656B, current occupancy: 20767008B, recent allocation size: 0B, recent allocation duration: 48.77ms, recent old gen allocation rate: 0.00B/s, recent marking phase length: 29.01ms
[172.235s][debug][gc,ihop           ] GC(3585) Adaptive IHOP information (value update), threshold: 687026995B (47.37), internal target occupancy: 1450390323B, occupancy: 20767008B, additional buffer size: 915406848B, predicted old gen allocation rate: 6579.66B/s, predicted marking phase length: 58.01ms, prediction active: false
[172.235s][debug][gc,ergo,refine    ] GC(3585) Concurrent refinement times: Logged Cards Scan time goal: 20.00ms Logged Cards Scan time: 0.00ms HCC time: 0.00ms
[172.235s][debug][gc,ergo,refine    ] GC(3585) Updated Refinement Zones: green: 2048, yellow: 6144, red: 10240
[172.235s][info ][gc,phases         ] GC(3585)   Pre Evacuate Collection Set: 0.1ms
[172.235s][debug][gc,phases         ] GC(3585)     Prepare TLABs: 0.0ms
[172.235s][debug][gc,phases         ] GC(3585)     Choose Collection Set: 0.0ms
[172.235s][debug][gc,phases         ] GC(3585)     Region Register: 0.1ms
[172.235s][debug][gc,phases         ] GC(3585)     Prepare Heap Roots: 0.0ms
[172.235s][info ][gc,phases         ] GC(3585)   Merge Heap Roots: 0.1ms
[172.235s][debug][gc,phases         ] GC(3585)     Prepare Merge Heap Roots: 0.0ms
[172.235s][debug][gc,phases         ] GC(3585)     Eager Reclaim (ms):       skipped
[172.235s][debug][gc,phases         ] GC(3585)     Remembered Sets (ms):     Min:  0.0, Avg:  0.0, Max:  0.0, Diff:  0.0, Sum:  0.2, Workers: 8
[172.235s][debug][gc,phases         ] GC(3585)       Merged Sparse:            Min: 0, Avg:  0.0, Max: 0, Diff: 0, Sum: 0, Workers: 8
[172.235s][debug][gc,phases         ] GC(3585)       Merged Fine:              Min: 0, Avg:  0.0, Max: 0, Diff: 0, Sum: 0, Workers: 8
[172.235s][debug][gc,phases         ] GC(3585)       Merged Coarse:            Min: 0, Avg:  0.0, Max: 0, Diff: 0, Sum: 0, Workers: 8
[172.235s][debug][gc,phases         ] GC(3585)       Dirty Cards:              Min: 0, Avg:  0.0, Max: 0, Diff: 0, Sum: 0, Workers: 8
[172.235s][debug][gc,phases         ] GC(3585)     Hot Card Cache (ms):      Min:  0.0, Avg:  0.0, Max:  0.0, Diff:  0.0, Sum:  0.0, Workers: 8
[172.235s][debug][gc,phases         ] GC(3585)       Dirty Cards:              Min: 0, Avg:  0.0, Max: 0, Diff: 0, Sum: 0, Workers: 8
[172.235s][debug][gc,phases         ] GC(3585)       Skipped Cards:            Min: 0, Avg:  0.0, Max: 0, Diff: 0, Sum: 0, Workers: 8
[172.235s][debug][gc,phases         ] GC(3585)     Log Buffers (ms):         Min:  0.0, Avg:  0.0, Max:  0.0, Diff:  0.0, Sum:  0.0, Workers: 8
[172.235s][debug][gc,phases         ] GC(3585)       Dirty Cards:              Min: 0, Avg:  0.2, Max: 1, Diff: 1, Sum: 2, Workers: 8
[172.235s][debug][gc,phases         ] GC(3585)       Skipped Cards:            Min: 0, Avg:  0.0, Max: 0, Diff: 0, Sum: 0, Workers: 8
[172.235s][info ][gc,phases         ] GC(3585)   Evacuate Collection Set: 0.3ms
[172.235s][debug][gc,phases         ] GC(3585)     Ext Root Scanning (ms):   Min:  0.1, Avg:  0.2, Max:  0.2, Diff:  0.1, Sum:  1.3, Workers: 8
[172.235s][debug][gc,phases         ] GC(3585)     Scan Heap Roots (ms):     Min:  0.0, Avg:  0.0, Max:  0.0, Diff:  0.0, Sum:  0.0, Workers: 8
[172.235s][debug][gc,phases         ] GC(3585)       Scanned Cards:            Min: 0, Avg:  0.2, Max: 2, Diff: 2, Sum: 2, Workers: 8
[172.235s][debug][gc,phases         ] GC(3585)       Scanned Blocks:           Min: 0, Avg:  0.2, Max: 2, Diff: 2, Sum: 2, Workers: 8
[172.235s][debug][gc,phases         ] GC(3585)       Claimed Chunks:           Min: 0, Avg:  0.2, Max: 2, Diff: 2, Sum: 2, Workers: 8
[172.235s][debug][gc,phases         ] GC(3585)     Code Root Scan (ms):      Min:  0.0, Avg:  0.0, Max:  0.0, Diff:  0.0, Sum:  0.1, Workers: 8
[172.235s][debug][gc,phases         ] GC(3585)     Object Copy (ms):         Min:  0.0, Avg:  0.0, Max:  0.0, Diff:  0.0, Sum:  0.0, Workers: 8
[172.235s][debug][gc,phases         ] GC(3585)     Termination (ms):         Min:  0.0, Avg:  0.0, Max:  0.1, Diff:  0.0, Sum:  0.4, Workers: 8
[172.235s][debug][gc,phases         ] GC(3585)       Termination Attempts:     Min: 1, Avg:  1.0, Max: 1, Diff: 0, Sum: 8, Workers: 8
[172.235s][debug][gc,phases         ] GC(3585)     GC Worker Other (ms):     Min:  0.0, Avg:  0.0, Max:  0.1, Diff:  0.0, Sum:  0.3, Workers: 8
[172.235s][debug][gc,phases         ] GC(3585)     GC Worker Total (ms):     Min:  0.2, Avg:  0.3, Max:  0.3, Diff:  0.1, Sum:  2.2, Workers: 8
[172.235s][info ][gc,phases         ] GC(3585)   Post Evacuate Collection Set: 0.7ms
[172.236s][debug][gc,phases         ] GC(3585)     Code Roots Fixup: 0.0ms
[172.236s][debug][gc,phases         ] GC(3585)     Clear Card Table: 0.2ms
[172.236s][debug][gc,phases         ] GC(3585)     Reference Processing: 0.0ms
[172.236s][debug][gc,phases,ref     ] GC(3585)       Reconsider SoftReferences: 0.0ms
[172.236s][debug][gc,phases,ref     ] GC(3585)         SoftRef (ms):             skipped
[172.236s][debug][gc,phases,ref     ] GC(3585)       Notify Soft/WeakReferences: 0.0ms
[172.236s][debug][gc,phases,ref     ] GC(3585)         SoftRef (ms):             skipped
[172.236s][debug][gc,phases,ref     ] GC(3585)         WeakRef (ms):             skipped
[172.236s][debug][gc,phases,ref     ] GC(3585)         FinalRef (ms):            skipped
[172.236s][debug][gc,phases,ref     ] GC(3585)         Total (ms):               skipped
[172.236s][debug][gc,phases,ref     ] GC(3585)       Notify and keep alive finalizable: 0.0ms
[172.236s][debug][gc,phases,ref     ] GC(3585)         FinalRef (ms):            skipped
[172.236s][debug][gc,phases,ref     ] GC(3585)       Notify PhantomReferences: 0.0ms
[172.236s][debug][gc,phases,ref     ] GC(3585)         PhantomRef (ms):          skipped
[172.236s][debug][gc,phases,ref     ] GC(3585)       SoftReference:
[172.236s][debug][gc,phases,ref     ] GC(3585)         Discovered: 0
[172.236s][debug][gc,phases,ref     ] GC(3585)         Cleared: 0
[172.236s][debug][gc,phases,ref     ] GC(3585)       WeakReference:
[172.236s][debug][gc,phases,ref     ] GC(3585)         Discovered: 0
[172.236s][debug][gc,phases,ref     ] GC(3585)         Cleared: 0
[172.236s][debug][gc,phases,ref     ] GC(3585)       FinalReference:
[172.236s][debug][gc,phases,ref     ] GC(3585)         Discovered: 0
[172.236s][debug][gc,phases,ref     ] GC(3585)         Cleared: 0
[172.236s][debug][gc,phases,ref     ] GC(3585)       PhantomReference:
[172.236s][debug][gc,phases,ref     ] GC(3585)         Discovered: 0
[172.236s][debug][gc,phases,ref     ] GC(3585)         Cleared: 0
[172.236s][debug][gc,phases         ] GC(3585)     Weak Processing: 0.1ms
[172.236s][debug][gc,phases         ] GC(3585)       JVMTI weak processing: 0.0ms
[172.236s][debug][gc,phases         ] GC(3585)         Dead: 0
[172.236s][debug][gc,phases         ] GC(3585)         Total: 0
[172.236s][debug][gc,phases         ] GC(3585)       JFR weak processing: 0.0ms
[172.236s][debug][gc,phases         ] GC(3585)         Dead: 0
[172.236s][debug][gc,phases         ] GC(3585)         Total: 0
[172.236s][debug][gc,phases         ] GC(3585)       JNI weak                  Min:  0.0, Avg:  0.0, Max:  0.0, Diff:  0.0, Sum:  0.0, Workers: 5
[172.236s][debug][gc,phases         ] GC(3585)         Dead                      Min: 0, Avg:  0.0, Max: 0, Diff: 0, Sum: 0, Workers: 5
[172.236s][debug][gc,phases         ] GC(3585)         Total                     Min: 0, Avg: 25.6, Max: 64, Diff: 64, Sum: 128, Workers: 5
[172.236s][debug][gc,phases         ] GC(3585)       VM weak                   Min:  0.0, Avg:  0.0, Max:  0.0, Diff:  0.0, Sum:  0.0, Workers: 5
[172.236s][debug][gc,phases         ] GC(3585)         Dead                      Min: 0, Avg:  0.0, Max: 0, Diff: 0, Sum: 0, Workers: 5
[172.236s][debug][gc,phases         ] GC(3585)         Total                     Min: 0, Avg: 42.4, Max: 128, Diff: 128, Sum: 212, Workers: 5
[172.236s][debug][gc,phases         ] GC(3585)       StringTable weak          Min:  0.0, Avg:  0.0, Max:  0.0, Diff:  0.0, Sum:  0.1, Workers: 5
[172.236s][debug][gc,phases         ] GC(3585)         Dead                      Min: 0, Avg:  0.0, Max: 0, Diff: 0, Sum: 0, Workers: 5
[172.236s][debug][gc,phases         ] GC(3585)         Total                     Min: 0, Avg: 686.2, Max: 1728, Diff: 1728, Sum: 3431, Workers: 5
[172.236s][debug][gc,phases         ] GC(3585)       ResolvedMethodTable weak  Min:  0.0, Avg:  0.0, Max:  0.0, Diff:  0.0, Sum:  0.0, Workers: 5
[172.236s][debug][gc,phases         ] GC(3585)         Dead                      Min: 0, Avg:  0.0, Max: 0, Diff: 0, Sum: 0, Workers: 5
[172.236s][debug][gc,phases         ] GC(3585)         Total                     Min: 0, Avg: 114.6, Max: 192, Diff: 192, Sum: 573, Workers: 5
[172.236s][debug][gc,phases         ] GC(3585)     Merge Per-Thread State: 0.0ms
[172.236s][debug][gc,phases         ] GC(3585)       Copied Bytes              Min: 72, Avg: 300318.0, Max: 400984, Diff: 400912, Sum: 2402544, Workers: 8
[172.236s][debug][gc,phases         ] GC(3585)       LAB Waste                 Min: 0, Avg:  0.0, Max: 0, Diff: 0, Sum: 0, Workers: 8
[172.236s][debug][gc,phases         ] GC(3585)       LAB Undo Waste            Min: 0, Avg:  0.0, Max: 0, Diff: 0, Sum: 0, Workers: 8
[172.236s][debug][gc,phases         ] GC(3585)     Code Roots Purge: 0.0ms
[172.236s][debug][gc,phases         ] GC(3585)     Redirty Cards: 0.0ms
[172.236s][debug][gc,phases         ] GC(3585)     DerivedPointerTable Update: 0.0ms
[172.236s][debug][gc,phases         ] GC(3585)     Free Collection Set: 0.2ms
[172.236s][debug][gc,phases         ] GC(3585)     Rebuild Free List: 0.1ms
[172.236s][debug][gc,phases         ] GC(3585)     Humongous Reclaim: 0.0ms
[172.236s][debug][gc,phases         ] GC(3585)     Start New Collection Set: 0.0ms
[172.236s][debug][gc,phases         ] GC(3585)     Resize TLABs: 0.0ms
[172.236s][debug][gc,phases         ] GC(3585)     Expand Heap After Collection: 0.0ms
[172.236s][info ][gc,phases         ] GC(3585)   Other: 0.3ms
[172.236s][info ][gc,heap           ] GC(3585) Eden regions: 868->0(870)
[172.236s][info ][gc,heap           ] GC(3585) Survivor regions: 5->3(110)
[172.236s][info ][gc,heap           ] GC(3585) Old regions: 17->17
[172.236s][info ][gc,heap           ] GC(3585) Archive regions: 2->2
[172.236s][info ][gc,heap           ] GC(3585) Humongous regions: 0->0
[172.236s][info ][gc,metaspace      ] GC(3585) Metaspace: 10069K(10624K)->10069K(10624K) NonClass: 8921K(9216K)->8921K(9216K) Class: 1148K(1408K)->1148K(1408K)
[172.236s][debug][gc,heap           ] GC(3585) Heap after GC invocations=3586 (full 1): garbage-first heap   total 1490944K, used 20280K [0x0000000700000000, 0x0000000800000000)
[172.236s][debug][gc,heap           ] GC(3585)   region size 1024K, 3 young (3072K), 3 survivors (3072K)
[172.236s][debug][gc,heap           ] GC(3585)  Metaspace       used 10069K, capacity 10368K, committed 10624K, reserved 1058816K
[172.236s][debug][gc,heap           ] GC(3585)   class space    used 1148K, capacity 1266K, committed 1408K, reserved 1048576K
[172.236s][info ][gc                ] GC(3585) Pause Young (Normal) (G1 Evacuation Pause) 889M->19M(1456M) 2.449ms
[172.236s][info ][gc,cpu            ] GC(3585) User=0.01s Sys=0.00s Real=0.00s
[172.236s][info ][safepoint         ] Safepoint "G1CollectForAllocation", Time since last: 47610773 ns, Reaching safepoint: 130784 ns, At safepoint: 2660304 ns, Total: 2791088 ns
[172.283s][debug][gc,heap           ] GC(3586) Heap before GC invocations=3586 (full 1): garbage-first heap   total 1490944K, used 910136K [0x0000000700000000, 0x0000000800000000)
[172.283s][debug][gc,heap           ] GC(3586)   region size 1024K, 873 young (893952K), 3 survivors (3072K)
[172.283s][debug][gc,heap           ] GC(3586)  Metaspace       used 10069K, capacity 10368K, committed 10624K, reserved 1058816K
[172.283s][debug][gc,heap           ] GC(3586)   class space    used 1148K, capacity 1266K, committed 1408K, reserved 1048576K
[172.283s][info ][gc,start          ] GC(3586) Pause Young (Normal) (G1 Evacuation Pause)
[172.283s][info ][gc,task           ] GC(3586) Using 8 workers of 8 for evacuation
[172.283s][debug][gc,tlab           ] GC(3586) TLAB totals: thrds: 8  refills: 15 max: 3 slow allocs: 1731 max 246 waste: 29.7% gc: 1080520B max: 235920B slow: 60616B max: 15952B fast: 0B max: 0B
[172.283s][debug][gc,age            ] GC(3586) Desired survivor size 57671680 bytes, new threshold 15 (max threshold 15)
[172.283s][debug][gc,alloc,region   ] GC(3586) Mutator Allocation stats, regions: 870, wasted size: 203M (23.4%)
[172.283s][debug][gc,ergo           ] GC(3586) Running G1 Merge Heap Roots using 8 workers for 873 regions
[172.283s][debug][gc,remset         ] GC(3586) Visited cards 256 Total dirty 2048 (12.50%) Total old 3614720 (0.01%)
[172.284s][debug][gc,ergo           ] GC(3586) Running G1 Clear Card Table Task using 2 workers for 2 units of work for 874 regions.
[172.284s][debug][gc,ref            ] GC(3586) Skipped phase1 of Reference Processing due to unavailable references
[172.284s][debug][gc,ref            ] GC(3586) Skipped phase2 of Reference Processing due to unavailable references
[172.284s][debug][gc,ref            ] GC(3586) Skipped phase3 of Reference Processing due to unavailable references
[172.284s][debug][gc,ref            ] GC(3586) Skipped phase4 of Reference Processing due to unavailable references
[172.284s][debug][gc,ergo           ] GC(3586) Running G1 Free Collection Set using 8 workers for collection set length 873 (1456)
[172.284s][debug][gc,ergo           ] GC(3586) Running G1 Rebuild Free List Task using 8 workers for rebuilding free list of 0 (4096) regions
[172.284s][trace][gc,age            ] GC(3586) Age table with threshold 15 (max threshold 15)
[172.284s][trace][gc,age            ] GC(3586) - age   1:    4802600 bytes,    4802600 total
[172.284s][debug][gc,plab           ] GC(3586) Young PLAB allocation: allocated: 16512B, wasted: 0B, unused: 14064B, used: 2448B, undo waste: 0B, 
[172.284s][debug][gc,plab           ] GC(3586) Young other allocation: region end waste: 1234488B, regions filled: 6, direct allocated: 4800152B, failure used: 0B, failure wasted: 0B
[172.285s][debug][gc,plab           ] GC(3586) Young sizing: calculated: 0B, actual: 2064B
[172.285s][debug][gc,plab           ] GC(3586) Old PLAB allocation: allocated: 0B, wasted: 0B, unused: 0B, used: 0B, undo waste: 0B, 
[172.285s][debug][gc,plab           ] GC(3586) Old other allocation: region end waste: 0B, regions filled: 1, direct allocated: 0B, failure used: 0B, failure wasted: 0B
[172.285s][debug][gc,plab           ] GC(3586) Old sizing: calculated: 0B, actual: 2064B
[172.285s][debug][gc,ihop           ] GC(3586) Basic information (value update), threshold: 687026995B (45.00), target occupancy: 1526726656B, current occupancy: 23920976B, recent allocation size: 0B, recent allocation duration: 47.53ms, recent old gen allocation rate: 0.00B/s, recent marking phase length: 29.01ms
[172.285s][debug][gc,ihop           ] GC(3586) Adaptive IHOP information (value update), threshold: 687026995B (47.37), internal target occupancy: 1450390323B, occupancy: 23920976B, additional buffer size: 915406848B, predicted old gen allocation rate: 6400.94B/s, predicted marking phase length: 58.01ms, prediction active: false
[172.285s][debug][gc,ergo,refine    ] GC(3586) Concurrent refinement times: Logged Cards Scan time goal: 20.00ms Logged Cards Scan time: 0.00ms HCC time: 0.00ms
[172.285s][debug][gc,ergo,refine    ] GC(3586) Updated Refinement Zones: green: 2048, yellow: 6144, red: 10240
[172.285s][info ][gc,phases         ] GC(3586)   Pre Evacuate Collection Set: 0.1ms
[172.285s][debug][gc,phases         ] GC(3586)     Prepare TLABs: 0.0ms
[172.285s][debug][gc,phases         ] GC(3586)     Choose Collection Set: 0.0ms
[172.285s][debug][gc,phases         ] GC(3586)     Region Register: 0.1ms
[172.285s][debug][gc,phases         ] GC(3586)     Prepare Heap Roots: 0.0ms
[172.285s][info ][gc,phases         ] GC(3586)   Merge Heap Roots: 0.2ms
[172.285s][debug][gc,phases         ] GC(3586)     Prepare Merge Heap Roots: 0.0ms
[172.285s][debug][gc,phases         ] GC(3586)     Eager Reclaim (ms):       skipped
[172.285s][debug][gc,phases         ] GC(3586)     Remembered Sets (ms):     Min:  0.0, Avg:  0.0, Max:  0.1, Diff:  0.0, Sum:  0.4, Workers: 8
[172.285s][debug][gc,phases         ] GC(3586)       Merged Sparse:            Min: 0, Avg:  0.0, Max: 0, Diff: 0, Sum: 0, Workers: 8
[172.285s][debug][gc,phases         ] GC(3586)       Merged Fine:              Min: 0, Avg:  0.0, Max: 0, Diff: 0, Sum: 0, Workers: 8
[172.285s][debug][gc,phases         ] GC(3586)       Merged Coarse:            Min: 0, Avg:  0.0, Max: 0, Diff: 0, Sum: 0, Workers: 8
[172.285s][debug][gc,phases         ] GC(3586)       Dirty Cards:              Min: 0, Avg:  0.0, Max: 0, Diff: 0, Sum: 0, Workers: 8
[172.285s][debug][gc,phases         ] GC(3586)     Hot Card Cache (ms):      Min:  0.0, Avg:  0.0, Max:  0.0, Diff:  0.0, Sum:  0.0, Workers: 8
[172.285s][debug][gc,phases         ] GC(3586)       Dirty Cards:              Min: 0, Avg:  0.0, Max: 0, Diff: 0, Sum: 0, Workers: 8
[172.285s][debug][gc,phases         ] GC(3586)       Skipped Cards:            Min: 0, Avg:  0.0, Max: 0, Diff: 0, Sum: 0, Workers: 8
[172.285s][debug][gc,phases         ] GC(3586)     Log Buffers (ms):         Min:  0.0, Avg:  0.0, Max:  0.0, Diff:  0.0, Sum:  0.0, Workers: 8
[172.285s][debug][gc,phases         ] GC(3586)       Dirty Cards:              Min: 0, Avg:  0.1, Max: 1, Diff: 1, Sum: 1, Workers: 8
[172.285s][debug][gc,phases         ] GC(3586)       Skipped Cards:            Min: 0, Avg:  0.0, Max: 0, Diff: 0, Sum: 0, Workers: 8
[172.285s][info ][gc,phases         ] GC(3586)   Evacuate Collection Set: 0.5ms
[172.285s][debug][gc,phases         ] GC(3586)     Ext Root Scanning (ms):   Min:  0.2, Avg:  0.3, Max:  0.4, Diff:  0.3, Sum:  2.7, Workers: 8
[172.285s][debug][gc,phases         ] GC(3586)     Scan Heap Roots (ms):     Min:  0.0, Avg:  0.0, Max:  0.0, Diff:  0.0, Sum:  0.0, Workers: 8
[172.285s][debug][gc,phases         ] GC(3586)       Scanned Cards:            Min: 0, Avg:  0.1, Max: 1, Diff: 1, Sum: 1, Workers: 8
[172.285s][debug][gc,phases         ] GC(3586)       Scanned Blocks:           Min: 0, Avg:  0.1, Max: 1, Diff: 1, Sum: 1, Workers: 8
[172.285s][debug][gc,phases         ] GC(3586)       Claimed Chunks:           Min: 0, Avg:  0.1, Max: 1, Diff: 1, Sum: 1, Workers: 8
[172.285s][debug][gc,phases         ] GC(3586)     Code Root Scan (ms):      Min:  0.0, Avg:  0.0, Max:  0.1, Diff:  0.1, Sum:  0.2, Workers: 8
[172.285s][debug][gc,phases         ] GC(3586)     Object Copy (ms):         Min:  0.0, Avg:  0.0, Max:  0.0, Diff:  0.0, Sum:  0.0, Workers: 8
[172.285s][debug][gc,phases         ] GC(3586)     Termination (ms):         Min:  0.0, Avg:  0.1, Max:  0.2, Diff:  0.1, Sum:  0.8, Workers: 8
[172.285s][debug][gc,phases         ] GC(3586)       Termination Attempts:     Min: 1, Avg:  1.2, Max: 3, Diff: 2, Sum: 10, Workers: 8
[172.285s][debug][gc,phases         ] GC(3586)     GC Worker Other (ms):     Min:  0.0, Avg:  0.0, Max:  0.1, Diff:  0.1, Sum:  0.4, Workers: 8
[172.285s][debug][gc,phases         ] GC(3586)     GC Worker Total (ms):     Min:  0.5, Avg:  0.5, Max:  0.5, Diff:  0.1, Sum:  4.1, Workers: 8
[172.285s][info ][gc,phases         ] GC(3586)   Post Evacuate Collection Set: 0.7ms
[172.285s][debug][gc,phases         ] GC(3586)     Code Roots Fixup: 0.0ms
[172.285s][debug][gc,phases         ] GC(3586)     Clear Card Table: 0.2ms
[172.285s][debug][gc,phases         ] GC(3586)     Reference Processing: 0.0ms
[172.285s][debug][gc,phases,ref     ] GC(3586)       Reconsider SoftReferences: 0.0ms
[172.285s][debug][gc,phases,ref     ] GC(3586)         SoftRef (ms):             skipped
[172.285s][debug][gc,phases,ref     ] GC(3586)       Notify Soft/WeakReferences: 0.0ms
[172.285s][debug][gc,phases,ref     ] GC(3586)         SoftRef (ms):             skipped
[172.285s][debug][gc,phases,ref     ] GC(3586)         WeakRef (ms):             skipped
[172.285s][debug][gc,phases,ref     ] GC(3586)         FinalRef (ms):            skipped
[172.285s][debug][gc,phases,ref     ] GC(3586)         Total (ms):               skipped
[172.285s][debug][gc,phases,ref     ] GC(3586)       Notify and keep alive finalizable: 0.0ms
[172.285s][debug][gc,phases,ref     ] GC(3586)         FinalRef (ms):            skipped
[172.285s][debug][gc,phases,ref     ] GC(3586)       Notify PhantomReferences: 0.0ms
[172.285s][debug][gc,phases,ref     ] GC(3586)         PhantomRef (ms):          skipped
[172.286s][debug][gc,phases,ref     ] GC(3586)       SoftReference:
[172.286s][debug][gc,phases,ref     ] GC(3586)         Discovered: 0
[172.286s][debug][gc,phases,ref     ] GC(3586)         Cleared: 0
[172.286s][debug][gc,phases,ref     ] GC(3586)       WeakReference:
[172.286s][debug][gc,phases,ref     ] GC(3586)         Discovered: 0
[172.286s][debug][gc,phases,ref     ] GC(3586)         Cleared: 0
[172.286s][debug][gc,phases,ref     ] GC(3586)       FinalReference:
[172.286s][debug][gc,phases,ref     ] GC(3586)         Discovered: 0
[172.286s][debug][gc,phases,ref     ] GC(3586)         Cleared: 0
[172.286s][debug][gc,phases,ref     ] GC(3586)       PhantomReference:
[172.286s][debug][gc,phases,ref     ] GC(3586)         Discovered: 0
[172.286s][debug][gc,phases,ref     ] GC(3586)         Cleared: 0
[172.286s][debug][gc,phases         ] GC(3586)     Weak Processing: 0.0ms
[172.286s][debug][gc,phases         ] GC(3586)       JVMTI weak processing: 0.0ms
[172.286s][debug][gc,phases         ] GC(3586)         Dead: 0
[172.286s][debug][gc,phases         ] GC(3586)         Total: 0
[172.286s][debug][gc,phases         ] GC(3586)       JFR weak processing: 0.0ms
[172.286s][debug][gc,phases         ] GC(3586)         Dead: 0
[172.286s][debug][gc,phases         ] GC(3586)         Total: 0
[172.286s][debug][gc,phases         ] GC(3586)       JNI weak                  Min:  0.0, Avg:  0.0, Max:  0.0, Diff:  0.0, Sum:  0.0, Workers: 5
[172.286s][debug][gc,phases         ] GC(3586)         Dead                      Min: 0, Avg:  0.0, Max: 0, Diff: 0, Sum: 0, Workers: 5
[172.286s][debug][gc,phases         ] GC(3586)         Total                     Min: 0, Avg: 25.6, Max: 64, Diff: 64, Sum: 128, Workers: 5
[172.286s][debug][gc,phases         ] GC(3586)       VM weak                   Min:  0.0, Avg:  0.0, Max:  0.0, Diff:  0.0, Sum:  0.0, Workers: 5
[172.286s][debug][gc,phases         ] GC(3586)         Dead                      Min: 0, Avg:  0.0, Max: 0, Diff: 0, Sum: 0, Workers: 5
[172.286s][debug][gc,phases         ] GC(3586)         Total                     Min: 0, Avg: 42.4, Max: 64, Diff: 64, Sum: 212, Workers: 5
[172.286s][debug][gc,phases         ] GC(3586)       StringTable weak          Min:  0.0, Avg:  0.0, Max:  0.0, Diff:  0.0, Sum:  0.1, Workers: 5
[172.286s][debug][gc,phases         ] GC(3586)         Dead                      Min: 0, Avg:  0.0, Max: 0, Diff: 0, Sum: 0, Workers: 5
[172.286s][debug][gc,phases         ] GC(3586)         Total                     Min: 0, Avg: 686.2, Max: 896, Diff: 896, Sum: 3431, Workers: 5
[172.286s][debug][gc,phases         ] GC(3586)       ResolvedMethodTable weak  Min:  0.0, Avg:  0.0, Max:  0.0, Diff:  0.0, Sum:  0.0, Workers: 5
[172.286s][debug][gc,phases         ] GC(3586)         Dead                      Min: 0, Avg:  0.0, Max: 0, Diff: 0, Sum: 0, Workers: 5
[172.286s][debug][gc,phases         ] GC(3586)         Total                     Min: 0, Avg: 114.6, Max: 189, Diff: 189, Sum: 573, Workers: 5
[172.286s][debug][gc,phases         ] GC(3586)     Merge Per-Thread State: 0.0ms
[172.286s][debug][gc,phases         ] GC(3586)       Copied Bytes              Min: 1352, Avg: 600325.0, Max: 800096, Diff: 798744, Sum: 4802600, Workers: 8
[172.286s][debug][gc,phases         ] GC(3586)       LAB Waste                 Min: 0, Avg:  0.0, Max: 0, Diff: 0, Sum: 0, Workers: 8
[172.286s][debug][gc,phases         ] GC(3586)       LAB Undo Waste            Min: 0, Avg:  0.0, Max: 0, Diff: 0, Sum: 0, Workers: 8
[172.286s][debug][gc,phases         ] GC(3586)     Code Roots Purge: 0.0ms
[172.286s][debug][gc,phases         ] GC(3586)     Redirty Cards: 0.0ms
[172.286s][debug][gc,phases         ] GC(3586)     DerivedPointerTable Update: 0.0ms
[172.286s][debug][gc,phases         ] GC(3586)     Free Collection Set: 0.2ms
[172.286s][debug][gc,phases         ] GC(3586)     Rebuild Free List: 0.1ms
[172.286s][debug][gc,phases         ] GC(3586)     Humongous Reclaim: 0.0ms
[172.286s][debug][gc,phases         ] GC(3586)     Start New Collection Set: 0.0ms
[172.286s][debug][gc,phases         ] GC(3586)     Resize TLABs: 0.0ms
[172.286s][debug][gc,phases         ] GC(3586)     Expand Heap After Collection: 0.0ms
[172.286s][info ][gc,phases         ] GC(3586)   Other: 0.4ms
[172.286s][info ][gc,heap           ] GC(3586) Eden regions: 870->0(867)
[172.286s][info ][gc,heap           ] GC(3586) Survivor regions: 3->6(110)
[172.286s][info ][gc,heap           ] GC(3586) Old regions: 17->17
[172.286s][info ][gc,heap           ] GC(3586) Archive regions: 2->2
[172.286s][info ][gc,heap           ] GC(3586) Humongous regions: 0->0
[172.286s][info ][gc,metaspace      ] GC(3586) Metaspace: 10069K(10624K)->10069K(10624K) NonClass: 8921K(9216K)->8921K(9216K) Class: 1148K(1408K)->1148K(1408K)
[172.286s][debug][gc,heap           ] GC(3586) Heap after GC invocations=3587 (full 1): garbage-first heap   total 1490944K, used 23360K [0x0000000700000000, 0x0000000800000000)
[172.286s][debug][gc,heap           ] GC(3586)   region size 1024K, 6 young (6144K), 6 survivors (6144K)
[172.286s][debug][gc,heap           ] GC(3586)  Metaspace       used 10069K, capacity 10368K, committed 10624K, reserved 1058816K
[172.286s][debug][gc,heap           ] GC(3586)   class space    used 1148K, capacity 1266K, committed 1408K, reserved 1048576K
[172.286s][info ][gc                ] GC(3586) Pause Young (Normal) (G1 Evacuation Pause) 889M->22M(1456M) 3.343ms
[172.286s][info ][gc,cpu            ] GC(3586) User=0.01s Sys=0.00s Real=0.00s
[172.286s][info ][safepoint         ] Safepoint "G1CollectForAllocation", Time since last: 46203067 ns, Reaching safepoint: 175040 ns, At safepoint: 3512433 ns, Total: 3687473 ns
[172.337s][debug][gc,heap           ] GC(3587) Heap before GC invocations=3587 (full 1): garbage-first heap   total 1490944K, used 910144K [0x0000000700000000, 0x0000000800000000)
[172.337s][debug][gc,heap           ] GC(3587)   region size 1024K, 873 young (893952K), 6 survivors (6144K)
[172.337s][debug][gc,heap           ] GC(3587)  Metaspace       used 10069K, capacity 10368K, committed 10624K, reserved 1058816K
[172.337s][debug][gc,heap           ] GC(3587)   class space    used 1148K, capacity 1266K, committed 1408K, reserved 1048576K
[172.337s][info ][gc,start          ] GC(3587) Pause Young (Normal) (G1 Evacuation Pause)
[172.337s][info ][gc,task           ] GC(3587) Using 8 workers of 8 for evacuation
[172.337s][debug][gc,tlab           ] GC(3587) TLAB totals: thrds: 8  refills: 16 max: 3 slow allocs: 1723 max 274 waste: 24.5% gc: 1166544B max: 246896B slow: 98328B max: 15488B fast: 0B max: 0B
[172.337s][debug][gc,age            ] GC(3587) Desired survivor size 57671680 bytes, new threshold 15 (max threshold 15)
[172.337s][debug][gc,alloc,region   ] GC(3587) Mutator Allocation stats, regions: 867, wasted size: 203M (23.4%)
[172.337s][debug][gc,ergo           ] GC(3587) Running G1 Merge Heap Roots using 8 workers for 873 regions
[172.337s][debug][gc,remset         ] GC(3587) Visited cards 512 Total dirty 4096 (12.50%) Total old 3614720 (0.01%)
[172.338s][debug][gc,ergo           ] GC(3587) Running G1 Clear Card Table Task using 2 workers for 2 units of work for 875 regions.
[172.338s][debug][gc,ref            ] GC(3587) Skipped phase1 of Reference Processing due to unavailable references
[172.338s][debug][gc,ref            ] GC(3587) Skipped phase2 of Reference Processing due to unavailable references
[172.338s][debug][gc,ref            ] GC(3587) Skipped phase3 of Reference Processing due to unavailable references
[172.338s][debug][gc,ref            ] GC(3587) Skipped phase4 of Reference Processing due to unavailable references
[172.338s][debug][gc,ergo           ] GC(3587) Running G1 Free Collection Set using 8 workers for collection set length 873 (1456)
[172.339s][debug][gc,ergo           ] GC(3587) Running G1 Rebuild Free List Task using 8 workers for rebuilding free list of 0 (4096) regions
[172.339s][trace][gc,age            ] GC(3587) Age table with threshold 15 (max threshold 15)
[172.339s][trace][gc,age            ] GC(3587) - age   1:    4002592 bytes,    4002592 total
[172.339s][debug][gc,plab           ] GC(3587) Young PLAB allocation: allocated: 16512B, wasted: 0B, unused: 14064B, used: 2448B, undo waste: 0B, 
[172.339s][debug][gc,plab           ] GC(3587) Young other allocation: region end waste: 981792B, regions filled: 5, direct allocated: 4000144B, failure used: 0B, failure wasted: 0B
[172.339s][debug][gc,plab           ] GC(3587) Young sizing: calculated: 0B, actual: 2064B
[172.339s][debug][gc,plab           ] GC(3587) Old PLAB allocation: allocated: 0B, wasted: 0B, unused: 0B, used: 0B, undo waste: 0B, 
[172.339s][debug][gc,plab           ] GC(3587) Old other allocation: region end waste: 0B, regions filled: 1, direct allocated: 0B, failure used: 0B, failure wasted: 0B
[172.339s][debug][gc,plab           ] GC(3587) Old sizing: calculated: 0B, actual: 2064B
[172.339s][debug][gc,ihop           ] GC(3587) Basic information (value update), threshold: 687026995B (45.00), target occupancy: 1526726656B, current occupancy: 22868272B, recent allocation size: 0B, recent allocation duration: 52.55ms, recent old gen allocation rate: 0.00B/s, recent marking phase length: 29.01ms
[172.339s][debug][gc,ihop           ] GC(3587) Adaptive IHOP information (value update), threshold: 687026995B (47.37), internal target occupancy: 1450390323B, occupancy: 22868272B, additional buffer size: 915406848B, predicted old gen allocation rate: 6227.35B/s, predicted marking phase length: 58.01ms, prediction active: false
[172.339s][debug][gc,ergo,refine    ] GC(3587) Concurrent refinement times: Logged Cards Scan time goal: 20.00ms Logged Cards Scan time: 0.00ms HCC time: 0.00ms
[172.339s][debug][gc,ergo,refine    ] GC(3587) Updated Refinement Zones: green: 2048, yellow: 6144, red: 10240
[172.339s][info ][gc,phases         ] GC(3587)   Pre Evacuate Collection Set: 0.1ms
[172.339s][debug][gc,phases         ] GC(3587)     Prepare TLABs: 0.0ms
[172.339s][debug][gc,phases         ] GC(3587)     Choose Collection Set: 0.0ms
[172.339s][debug][gc,phases         ] GC(3587)     Region Register: 0.1ms
[172.339s][debug][gc,phases         ] GC(3587)     Prepare Heap Roots: 0.0ms
[172.339s][info ][gc,phases         ] GC(3587)   Merge Heap Roots: 0.1ms
[172.339s][debug][gc,phases         ] GC(3587)     Prepare Merge Heap Roots: 0.0ms
[172.339s][debug][gc,phases         ] GC(3587)     Eager Reclaim (ms):       skipped
[172.339s][debug][gc,phases         ] GC(3587)     Remembered Sets (ms):     Min:  0.0, Avg:  0.0, Max:  0.0, Diff:  0.0, Sum:  0.3, Workers: 8
[172.339s][debug][gc,phases         ] GC(3587)       Merged Sparse:            Min: 0, Avg:  0.0, Max: 0, Diff: 0, Sum: 0, Workers: 8
[172.339s][debug][gc,phases         ] GC(3587)       Merged Fine:              Min: 0, Avg:  0.0, Max: 0, Diff: 0, Sum: 0, Workers: 8
[172.339s][debug][gc,phases         ] GC(3587)       Merged Coarse:            Min: 0, Avg:  0.0, Max: 0, Diff: 0, Sum: 0, Workers: 8
[172.339s][debug][gc,phases         ] GC(3587)       Dirty Cards:              Min: 0, Avg:  0.0, Max: 0, Diff: 0, Sum: 0, Workers: 8
[172.339s][debug][gc,phases         ] GC(3587)     Hot Card Cache (ms):      Min:  0.0, Avg:  0.0, Max:  0.0, Diff:  0.0, Sum:  0.0, Workers: 8
[172.339s][debug][gc,phases         ] GC(3587)       Dirty Cards:              Min: 0, Avg:  0.0, Max: 0, Diff: 0, Sum: 0, Workers: 8
[172.339s][debug][gc,phases         ] GC(3587)       Skipped Cards:            Min: 0, Avg:  0.0, Max: 0, Diff: 0, Sum: 0, Workers: 8
[172.339s][debug][gc,phases         ] GC(3587)     Log Buffers (ms):         Min:  0.0, Avg:  0.0, Max:  0.0, Diff:  0.0, Sum:  0.0, Workers: 8
[172.339s][debug][gc,phases         ] GC(3587)       Dirty Cards:              Min: 0, Avg:  0.2, Max: 1, Diff: 1, Sum: 2, Workers: 8
[172.339s][debug][gc,phases         ] GC(3587)       Skipped Cards:            Min: 0, Avg:  0.0, Max: 0, Diff: 0, Sum: 0, Workers: 8
[172.339s][info ][gc,phases         ] GC(3587)   Evacuate Collection Set: 0.5ms
[172.339s][debug][gc,phases         ] GC(3587)     Ext Root Scanning (ms):   Min:  0.2, Avg:  0.3, Max:  0.4, Diff:  0.1, Sum:  2.2, Workers: 8
[172.339s][debug][gc,phases         ] GC(3587)     Scan Heap Roots (ms):     Min:  0.0, Avg:  0.0, Max:  0.0, Diff:  0.0, Sum:  0.0, Workers: 8
[172.339s][debug][gc,phases         ] GC(3587)       Scanned Cards:            Min: 0, Avg:  0.2, Max: 1, Diff: 1, Sum: 2, Workers: 8
[172.339s][debug][gc,phases         ] GC(3587)       Scanned Blocks:           Min: 0, Avg:  0.2, Max: 1, Diff: 1, Sum: 2, Workers: 8
[172.339s][debug][gc,phases         ] GC(3587)       Claimed Chunks:           Min: 0, Avg:  0.2, Max: 1, Diff: 1, Sum: 2, Workers: 8
[172.339s][debug][gc,phases         ] GC(3587)     Code Root Scan (ms):      Min:  0.0, Avg:  0.0, Max:  0.1, Diff:  0.1, Sum:  0.2, Workers: 8
[172.339s][debug][gc,phases         ] GC(3587)     Object Copy (ms):         Min:  0.0, Avg:  0.0, Max:  0.0, Diff:  0.0, Sum:  0.0, Workers: 8
[172.339s][debug][gc,phases         ] GC(3587)     Termination (ms):         Min:  0.0, Avg:  0.1, Max:  0.1, Diff:  0.0, Sum:  0.5, Workers: 8
[172.339s][debug][gc,phases         ] GC(3587)       Termination Attempts:     Min: 1, Avg:  1.0, Max: 1, Diff: 0, Sum: 8, Workers: 8
[172.339s][debug][gc,phases         ] GC(3587)     GC Worker Other (ms):     Min:  0.0, Avg:  0.1, Max:  0.2, Diff:  0.1, Sum:  0.8, Workers: 8
[172.339s][debug][gc,phases         ] GC(3587)     GC Worker Total (ms):     Min:  0.4, Avg:  0.5, Max:  0.5, Diff:  0.2, Sum:  3.7, Workers: 8
[172.339s][info ][gc,phases         ] GC(3587)   Post Evacuate Collection Set: 0.7ms
[172.339s][debug][gc,phases         ] GC(3587)     Code Roots Fixup: 0.0ms
[172.339s][debug][gc,phases         ] GC(3587)     Clear Card Table: 0.2ms
[172.339s][debug][gc,phases         ] GC(3587)     Reference Processing: 0.1ms
[172.339s][debug][gc,phases,ref     ] GC(3587)       Reconsider SoftReferences: 0.0ms
[172.339s][debug][gc,phases,ref     ] GC(3587)         SoftRef (ms):             skipped
[172.339s][debug][gc,phases,ref     ] GC(3587)       Notify Soft/WeakReferences: 0.0ms
[172.339s][debug][gc,phases,ref     ] GC(3587)         SoftRef (ms):             skipped
[172.339s][debug][gc,phases,ref     ] GC(3587)         WeakRef (ms):             skipped
[172.339s][debug][gc,phases,ref     ] GC(3587)         FinalRef (ms):            skipped
[172.339s][debug][gc,phases,ref     ] GC(3587)         Total (ms):               skipped
[172.339s][debug][gc,phases,ref     ] GC(3587)       Notify and keep alive finalizable: 0.0ms
[172.339s][debug][gc,phases,ref     ] GC(3587)         FinalRef (ms):            skipped
[172.339s][debug][gc,phases,ref     ] GC(3587)       Notify PhantomReferences: 0.0ms
[172.339s][debug][gc,phases,ref     ] GC(3587)         PhantomRef (ms):          skipped
[172.339s][debug][gc,phases,ref     ] GC(3587)       SoftReference:
[172.339s][debug][gc,phases,ref     ] GC(3587)         Discovered: 0
[172.339s][debug][gc,phases,ref     ] GC(3587)         Cleared: 0
[172.339s][debug][gc,phases,ref     ] GC(3587)       WeakReference:
[172.339s][debug][gc,phases,ref     ] GC(3587)         Discovered: 0
[172.339s][debug][gc,phases,ref     ] GC(3587)         Cleared: 0
[172.339s][debug][gc,phases,ref     ] GC(3587)       FinalReference:
[172.339s][debug][gc,phases,ref     ] GC(3587)         Discovered: 0
[172.339s][debug][gc,phases,ref     ] GC(3587)         Cleared: 0
[172.339s][debug][gc,phases,ref     ] GC(3587)       PhantomReference:
[172.339s][debug][gc,phases,ref     ] GC(3587)         Discovered: 0
[172.339s][debug][gc,phases,ref     ] GC(3587)         Cleared: 0
[172.339s][debug][gc,phases         ] GC(3587)     Weak Processing: 0.0ms
[172.339s][debug][gc,phases         ] GC(3587)       JVMTI weak processing: 0.0ms
[172.339s][debug][gc,phases         ] GC(3587)         Dead: 0
[172.339s][debug][gc,phases         ] GC(3587)         Total: 0
[172.339s][debug][gc,phases         ] GC(3587)       JFR weak processing: 0.0ms
[172.339s][debug][gc,phases         ] GC(3587)         Dead: 0
[172.339s][debug][gc,phases         ] GC(3587)         Total: 0
[172.339s][debug][gc,phases         ] GC(3587)       JNI weak                  Min:  0.0, Avg:  0.0, Max:  0.0, Diff:  0.0, Sum:  0.0, Workers: 5
[172.339s][debug][gc,phases         ] GC(3587)         Dead                      Min: 0, Avg:  0.0, Max: 0, Diff: 0, Sum: 0, Workers: 5
[172.339s][debug][gc,phases         ] GC(3587)         Total                     Min: 0, Avg: 25.6, Max: 64, Diff: 64, Sum: 128, Workers: 5
[172.339s][debug][gc,phases         ] GC(3587)       VM weak                   Min:  0.0, Avg:  0.0, Max:  0.0, Diff:  0.0, Sum:  0.0, Workers: 5
[172.339s][debug][gc,phases         ] GC(3587)         Dead                      Min: 0, Avg:  0.0, Max: 0, Diff: 0, Sum: 0, Workers: 5
[172.340s][debug][gc,phases         ] GC(3587)         Total                     Min: 0, Avg: 42.4, Max: 148, Diff: 148, Sum: 212, Workers: 5
[172.340s][debug][gc,phases         ] GC(3587)       StringTable weak          Min:  0.0, Avg:  0.0, Max:  0.0, Diff:  0.0, Sum:  0.1, Workers: 5
[172.340s][debug][gc,phases         ] GC(3587)         Dead                      Min: 0, Avg:  0.0, Max: 0, Diff: 0, Sum: 0, Workers: 5
[172.340s][debug][gc,phases         ] GC(3587)         Total                     Min: 128, Avg: 686.2, Max: 1152, Diff: 1024, Sum: 3431, Workers: 5
[172.340s][debug][gc,phases         ] GC(3587)       ResolvedMethodTable weak  Min:  0.0, Avg:  0.0, Max:  0.0, Diff:  0.0, Sum:  0.0, Workers: 5
[172.340s][debug][gc,phases         ] GC(3587)         Dead                      Min: 0, Avg:  0.0, Max: 0, Diff: 0, Sum: 0, Workers: 5
[172.340s][debug][gc,phases         ] GC(3587)         Total                     Min: 64, Avg: 114.6, Max: 128, Diff: 64, Sum: 573, Workers: 5
[172.340s][debug][gc,phases         ] GC(3587)     Merge Per-Thread State: 0.0ms
[172.340s][debug][gc,phases         ] GC(3587)       Copied Bytes              Min: 400088, Avg: 500324.0, Max: 800096, Diff: 400008, Sum: 4002592, Workers: 8
[172.340s][debug][gc,phases         ] GC(3587)       LAB Waste                 Min: 0, Avg:  0.0, Max: 0, Diff: 0, Sum: 0, Workers: 8
[172.340s][debug][gc,phases         ] GC(3587)       LAB Undo Waste            Min: 0, Avg:  0.0, Max: 0, Diff: 0, Sum: 0, Workers: 8
[172.340s][debug][gc,phases         ] GC(3587)     Code Roots Purge: 0.0ms
[172.340s][debug][gc,phases         ] GC(3587)     Redirty Cards: 0.0ms
[172.340s][debug][gc,phases         ] GC(3587)     DerivedPointerTable Update: 0.0ms
[172.340s][debug][gc,phases         ] GC(3587)     Free Collection Set: 0.2ms
[172.340s][debug][gc,phases         ] GC(3587)     Rebuild Free List: 0.1ms
[172.340s][debug][gc,phases         ] GC(3587)     Humongous Reclaim: 0.0ms
[172.340s][debug][gc,phases         ] GC(3587)     Start New Collection Set: 0.0ms
[172.340s][debug][gc,phases         ] GC(3587)     Resize TLABs: 0.0ms
[172.340s][debug][gc,phases         ] GC(3587)     Expand Heap After Collection: 0.0ms
[172.340s][info ][gc,phases         ] GC(3587)   Other: 0.4ms
[172.340s][info ][gc,heap           ] GC(3587) Eden regions: 867->0(868)
[172.340s][info ][gc,heap           ] GC(3587) Survivor regions: 6->5(110)
[172.340s][info ][gc,heap           ] GC(3587) Old regions: 17->17
[172.340s][info ][gc,heap           ] GC(3587) Archive regions: 2->2
[172.340s][info ][gc,heap           ] GC(3587) Humongous regions: 0->0
[172.340s][info ][gc,metaspace      ] GC(3587) Metaspace: 10069K(10624K)->10069K(10624K) NonClass: 8921K(9216K)->8921K(9216K) Class: 1148K(1408K)->1148K(1408K)
[172.340s][debug][gc,heap           ] GC(3587) Heap after GC invocations=3588 (full 1): garbage-first heap   total 1490944K, used 22332K [0x0000000700000000, 0x0000000800000000)
[172.340s][debug][gc,heap           ] GC(3587)   region size 1024K, 5 young (5120K), 5 survivors (5120K)
[172.340s][debug][gc,heap           ] GC(3587)  Metaspace       used 10069K, capacity 10368K, committed 10624K, reserved 1058816K
[172.340s][debug][gc,heap           ] GC(3587)   class space    used 1148K, capacity 1266K, committed 1408K, reserved 1048576K
[172.340s][info ][gc                ] GC(3587) Pause Young (Normal) (G1 Evacuation Pause) 889M->21M(1456M) 2.772ms
[172.340s][info ][gc,cpu            ] GC(3587) User=0.00s Sys=0.00s Real=0.00s
[172.340s][info ][safepoint         ] Safepoint "G1CollectForAllocation", Time since last: 50548690 ns, Reaching safepoint: 206001 ns, At safepoint: 3063461 ns, Total: 3269462 ns
[172.389s][debug][gc,heap           ] GC(3588) Heap before GC invocations=3588 (full 1): garbage-first heap   total 1490944K, used 910140K [0x0000000700000000, 0x0000000800000000)
[172.389s][debug][gc,heap           ] GC(3588)   region size 1024K, 873 young (893952K), 5 survivors (5120K)
[172.389s][debug][gc,heap           ] GC(3588)  Metaspace       used 10069K, capacity 10368K, committed 10624K, reserved 1058816K
[172.389s][debug][gc,heap           ] GC(3588)   class space    used 1148K, capacity 1266K, committed 1408K, reserved 1048576K
[172.389s][info ][gc,start          ] GC(3588) Pause Young (Normal) (G1 Evacuation Pause)
[172.389s][info ][gc,task           ] GC(3588) Using 8 workers of 8 for evacuation
[172.390s][debug][gc,tlab           ] GC(3588) TLAB totals: thrds: 8  refills: 17 max: 3 slow allocs: 1725 max 268 waste: 26.3% gc: 1289104B max: 236784B slow: 99304B max: 15488B fast: 0B max: 0B
[172.390s][debug][gc,age            ] GC(3588) Desired survivor size 57671680 bytes, new threshold 15 (max threshold 15)
[172.390s][debug][gc,alloc,region   ] GC(3588) Mutator Allocation stats, regions: 868, wasted size: 203M (23.4%)
[172.390s][debug][gc,ergo           ] GC(3588) Running G1 Merge Heap Roots using 8 workers for 873 regions
[172.390s][debug][gc,remset         ] GC(3588) Visited cards 256 Total dirty 2048 (12.50%) Total old 3614720 (0.01%)
[172.391s][debug][gc,ergo           ] GC(3588) Running G1 Clear Card Table Task using 2 workers for 2 units of work for 874 regions.
[172.391s][debug][gc,ref            ] GC(3588) Skipped phase1 of Reference Processing due to unavailable references
[172.391s][debug][gc,ref            ] GC(3588) Skipped phase2 of Reference Processing due to unavailable references
[172.391s][debug][gc,ref            ] GC(3588) Skipped phase3 of Reference Processing due to unavailable references
[172.391s][debug][gc,ref            ] GC(3588) Skipped phase4 of Reference Processing due to unavailable references
[172.391s][debug][gc,ergo           ] GC(3588) Running G1 Free Collection Set using 8 workers for collection set length 873 (1456)
[172.391s][debug][gc,ergo           ] GC(3588) Running G1 Rebuild Free List Task using 8 workers for rebuilding free list of 0 (4096) regions
[172.391s][trace][gc,age            ] GC(3588) Age table with threshold 15 (max threshold 15)
[172.391s][trace][gc,age            ] GC(3588) - age   1:    4002592 bytes,    4002592 total
[172.391s][debug][gc,plab           ] GC(3588) Young PLAB allocation: allocated: 16512B, wasted: 0B, unused: 14064B, used: 2448B, undo waste: 0B, 
[172.391s][debug][gc,plab           ] GC(3588) Young other allocation: region end waste: 985936B, regions filled: 5, direct allocated: 4000144B, failure used: 0B, failure wasted: 0B
[172.391s][debug][gc,plab           ] GC(3588) Young sizing: calculated: 0B, actual: 2064B
[172.391s][debug][gc,plab           ] GC(3588) Old PLAB allocation: allocated: 0B, wasted: 0B, unused: 0B, used: 0B, undo waste: 0B, 
[172.391s][debug][gc,plab           ] GC(3588) Old other allocation: region end waste: 0B, regions filled: 1, direct allocated: 0B, failure used: 0B, failure wasted: 0B
[172.391s][debug][gc,plab           ] GC(3588) Old sizing: calculated: 0B, actual: 2064B
[172.391s][debug][gc,ihop           ] GC(3588) Basic information (value update), threshold: 687026995B (45.00), target occupancy: 1526726656B, current occupancy: 22872416B, recent allocation size: 0B, recent allocation duration: 50.66ms, recent old gen allocation rate: 0.00B/s, recent marking phase length: 29.01ms
[172.391s][debug][gc,ihop           ] GC(3588) Adaptive IHOP information (value update), threshold: 687026995B (47.37), internal target occupancy: 1450390323B, occupancy: 22872416B, additional buffer size: 915406848B, predicted old gen allocation rate: 6058.72B/s, predicted marking phase length: 58.01ms, prediction active: false
[172.391s][debug][gc,ergo,refine    ] GC(3588) Concurrent refinement times: Logged Cards Scan time goal: 20.00ms Logged Cards Scan time: 0.00ms HCC time: 0.00ms
[172.391s][debug][gc,ergo,refine    ] GC(3588) Updated Refinement Zones: green: 2048, yellow: 6144, red: 10240
[172.391s][info ][gc,phases         ] GC(3588)   Pre Evacuate Collection Set: 0.2ms
[172.391s][debug][gc,phases         ] GC(3588)     Prepare TLABs: 0.0ms
[172.391s][debug][gc,phases         ] GC(3588)     Choose Collection Set: 0.0ms
[172.391s][debug][gc,phases         ] GC(3588)     Region Register: 0.2ms
[172.392s][debug][gc,phases         ] GC(3588)     Prepare Heap Roots: 0.0ms
[172.392s][info ][gc,phases         ] GC(3588)   Merge Heap Roots: 0.2ms
[172.392s][debug][gc,phases         ] GC(3588)     Prepare Merge Heap Roots: 0.0ms
[172.392s][debug][gc,phases         ] GC(3588)     Eager Reclaim (ms):       skipped
[172.392s][debug][gc,phases         ] GC(3588)     Remembered Sets (ms):     Min:  0.0, Avg:  0.0, Max:  0.1, Diff:  0.1, Sum:  0.2, Workers: 8
[172.392s][debug][gc,phases         ] GC(3588)       Merged Sparse:            Min: 0, Avg:  0.0, Max: 0, Diff: 0, Sum: 0, Workers: 8
[172.392s][debug][gc,phases         ] GC(3588)       Merged Fine:              Min: 0, Avg:  0.0, Max: 0, Diff: 0, Sum: 0, Workers: 8
[172.392s][debug][gc,phases         ] GC(3588)       Merged Coarse:            Min: 0, Avg:  0.0, Max: 0, Diff: 0, Sum: 0, Workers: 8
[172.392s][debug][gc,phases         ] GC(3588)       Dirty Cards:              Min: 0, Avg:  0.0, Max: 0, Diff: 0, Sum: 0, Workers: 8
[172.392s][debug][gc,phases         ] GC(3588)     Hot Card Cache (ms):      Min:  0.0, Avg:  0.0, Max:  0.0, Diff:  0.0, Sum:  0.0, Workers: 8
[172.392s][debug][gc,phases         ] GC(3588)       Dirty Cards:              Min: 0, Avg:  0.0, Max: 0, Diff: 0, Sum: 0, Workers: 8
[172.392s][debug][gc,phases         ] GC(3588)       Skipped Cards:            Min: 0, Avg:  0.0, Max: 0, Diff: 0, Sum: 0, Workers: 8
[172.392s][debug][gc,phases         ] GC(3588)     Log Buffers (ms):         Min:  0.0, Avg:  0.0, Max:  0.0, Diff:  0.0, Sum:  0.0, Workers: 8
[172.392s][debug][gc,phases         ] GC(3588)       Dirty Cards:              Min: 0, Avg:  0.1, Max: 1, Diff: 1, Sum: 1, Workers: 8
[172.392s][debug][gc,phases         ] GC(3588)       Skipped Cards:            Min: 0, Avg:  0.0, Max: 0, Diff: 0, Sum: 0, Workers: 8
[172.392s][info ][gc,phases         ] GC(3588)   Evacuate Collection Set: 0.5ms
[172.392s][debug][gc,phases         ] GC(3588)     Ext Root Scanning (ms):   Min:  0.0, Avg:  0.2, Max:  0.4, Diff:  0.4, Sum:  2.0, Workers: 8
[172.392s][debug][gc,phases         ] GC(3588)     Scan Heap Roots (ms):     Min:  0.0, Avg:  0.0, Max:  0.0, Diff:  0.0, Sum:  0.0, Workers: 8
[172.392s][debug][gc,phases         ] GC(3588)       Scanned Cards:            Min: 0, Avg:  0.1, Max: 1, Diff: 1, Sum: 1, Workers: 8
[172.392s][debug][gc,phases         ] GC(3588)       Scanned Blocks:           Min: 0, Avg:  0.1, Max: 1, Diff: 1, Sum: 1, Workers: 8
[172.392s][debug][gc,phases         ] GC(3588)       Claimed Chunks:           Min: 0, Avg:  0.1, Max: 1, Diff: 1, Sum: 1, Workers: 8
[172.392s][debug][gc,phases         ] GC(3588)     Code Root Scan (ms):      Min:  0.0, Avg:  0.0, Max:  0.0, Diff:  0.0, Sum:  0.2, Workers: 8
[172.392s][debug][gc,phases         ] GC(3588)     Object Copy (ms):         Min:  0.0, Avg:  0.0, Max:  0.0, Diff:  0.0, Sum:  0.0, Workers: 8
[172.392s][debug][gc,phases         ] GC(3588)     Termination (ms):         Min:  0.1, Avg:  0.1, Max:  0.1, Diff:  0.0, Sum:  0.5, Workers: 8
[172.392s][debug][gc,phases         ] GC(3588)       Termination Attempts:     Min: 1, Avg:  1.0, Max: 1, Diff: 0, Sum: 8, Workers: 8
[172.392s][debug][gc,phases         ] GC(3588)     GC Worker Other (ms):     Min:  0.0, Avg:  0.1, Max:  0.1, Diff:  0.1, Sum:  0.5, Workers: 8
[172.392s][debug][gc,phases         ] GC(3588)     GC Worker Total (ms):     Min:  0.2, Avg:  0.4, Max:  0.5, Diff:  0.3, Sum:  3.2, Workers: 8
[172.392s][info ][gc,phases         ] GC(3588)   Post Evacuate Collection Set: 0.7ms
[172.392s][debug][gc,phases         ] GC(3588)     Code Roots Fixup: 0.0ms
[172.392s][debug][gc,phases         ] GC(3588)     Clear Card Table: 0.2ms
[172.392s][debug][gc,phases         ] GC(3588)     Reference Processing: 0.0ms
[172.392s][debug][gc,phases,ref     ] GC(3588)       Reconsider SoftReferences: 0.0ms
[172.392s][debug][gc,phases,ref     ] GC(3588)         SoftRef (ms):             skipped
[172.392s][debug][gc,phases,ref     ] GC(3588)       Notify Soft/WeakReferences: 0.0ms
[172.392s][debug][gc,phases,ref     ] GC(3588)         SoftRef (ms):             skipped
[172.392s][debug][gc,phases,ref     ] GC(3588)         WeakRef (ms):             skipped
[172.392s][debug][gc,phases,ref     ] GC(3588)         FinalRef (ms):            skipped
[172.392s][debug][gc,phases,ref     ] GC(3588)         Total (ms):               skipped
[172.392s][debug][gc,phases,ref     ] GC(3588)       Notify and keep alive finalizable: 0.0ms
[172.392s][debug][gc,phases,ref     ] GC(3588)         FinalRef (ms):            skipped
[172.392s][debug][gc,phases,ref     ] GC(3588)       Notify PhantomReferences: 0.0ms
[172.392s][debug][gc,phases,ref     ] GC(3588)         PhantomRef (ms):          skipped
[172.392s][debug][gc,phases,ref     ] GC(3588)       SoftReference:
[172.392s][debug][gc,phases,ref     ] GC(3588)         Discovered: 0
[172.392s][debug][gc,phases,ref     ] GC(3588)         Cleared: 0
[172.392s][debug][gc,phases,ref     ] GC(3588)       WeakReference:
[172.392s][debug][gc,phases,ref     ] GC(3588)         Discovered: 0
[172.392s][debug][gc,phases,ref     ] GC(3588)         Cleared: 0
[172.392s][debug][gc,phases,ref     ] GC(3588)       FinalReference:
[172.392s][debug][gc,phases,ref     ] GC(3588)         Discovered: 0
[172.392s][debug][gc,phases,ref     ] GC(3588)         Cleared: 0
[172.392s][debug][gc,phases,ref     ] GC(3588)       PhantomReference:
[172.392s][debug][gc,phases,ref     ] GC(3588)         Discovered: 0
[172.392s][debug][gc,phases,ref     ] GC(3588)         Cleared: 0
[172.392s][debug][gc,phases         ] GC(3588)     Weak Processing: 0.1ms
[172.392s][debug][gc,phases         ] GC(3588)       JVMTI weak processing: 0.0ms
[172.392s][debug][gc,phases         ] GC(3588)         Dead: 0
[172.392s][debug][gc,phases         ] GC(3588)         Total: 0
[172.392s][debug][gc,phases         ] GC(3588)       JFR weak processing: 0.0ms
[172.392s][debug][gc,phases         ] GC(3588)         Dead: 0
[172.392s][debug][gc,phases         ] GC(3588)         Total: 0
[172.392s][debug][gc,phases         ] GC(3588)       JNI weak                  Min:  0.0, Avg:  0.0, Max:  0.0, Diff:  0.0, Sum:  0.0, Workers: 5
[172.392s][debug][gc,phases         ] GC(3588)         Dead                      Min: 0, Avg:  0.0, Max: 0, Diff: 0, Sum: 0, Workers: 5
[172.392s][debug][gc,phases         ] GC(3588)         Total                     Min: 0, Avg: 25.6, Max: 64, Diff: 64, Sum: 128, Workers: 5
[172.392s][debug][gc,phases         ] GC(3588)       VM weak                   Min:  0.0, Avg:  0.0, Max:  0.0, Diff:  0.0, Sum:  0.0, Workers: 5
[172.392s][debug][gc,phases         ] GC(3588)         Dead                      Min: 0, Avg:  0.0, Max: 0, Diff: 0, Sum: 0, Workers: 5
[172.392s][debug][gc,phases         ] GC(3588)         Total                     Min: 0, Avg: 42.4, Max: 128, Diff: 128, Sum: 212, Workers: 5
[172.392s][debug][gc,phases         ] GC(3588)       StringTable weak          Min:  0.0, Avg:  0.0, Max:  0.0, Diff:  0.0, Sum:  0.1, Workers: 5
[172.392s][debug][gc,phases         ] GC(3588)         Dead                      Min: 0, Avg:  0.0, Max: 0, Diff: 0, Sum: 0, Workers: 5
[172.392s][debug][gc,phases         ] GC(3588)         Total                     Min: 0, Avg: 686.2, Max: 1344, Diff: 1344, Sum: 3431, Workers: 5
[172.392s][debug][gc,phases         ] GC(3588)       ResolvedMethodTable weak  Min:  0.0, Avg:  0.0, Max:  0.0, Diff:  0.0, Sum:  0.0, Workers: 5
[172.392s][debug][gc,phases         ] GC(3588)         Dead                      Min: 0, Avg:  0.0, Max: 0, Diff: 0, Sum: 0, Workers: 5
[172.392s][debug][gc,phases         ] GC(3588)         Total                     Min: 0, Avg: 114.6, Max: 192, Diff: 192, Sum: 573, Workers: 5
[172.392s][debug][gc,phases         ] GC(3588)     Merge Per-Thread State: 0.0ms
[172.392s][debug][gc,phases         ] GC(3588)       Copied Bytes              Min: 304, Avg: 500324.0, Max: 800400, Diff: 800096, Sum: 4002592, Workers: 8
[172.392s][debug][gc,phases         ] GC(3588)       LAB Waste                 Min: 0, Avg:  0.0, Max: 0, Diff: 0, Sum: 0, Workers: 8
[172.392s][debug][gc,phases         ] GC(3588)       LAB Undo Waste            Min: 0, Avg:  0.0, Max: 0, Diff: 0, Sum: 0, Workers: 8
[172.392s][debug][gc,phases         ] GC(3588)     Code Roots Purge: 0.0ms
[172.392s][debug][gc,phases         ] GC(3588)     Redirty Cards: 0.0ms
[172.392s][debug][gc,phases         ] GC(3588)     DerivedPointerTable Update: 0.0ms
[172.392s][debug][gc,phases         ] GC(3588)     Free Collection Set: 0.2ms
[172.392s][debug][gc,phases         ] GC(3588)     Rebuild Free List: 0.1ms
[172.392s][debug][gc,phases         ] GC(3588)     Humongous Reclaim: 0.0ms
[172.392s][debug][gc,phases         ] GC(3588)     Start New Collection Set: 0.0ms
[172.392s][debug][gc,phases         ] GC(3588)     Resize TLABs: 0.0ms
[172.392s][debug][gc,phases         ] GC(3588)     Expand Heap After Collection: 0.0ms
[172.392s][info ][gc,phases         ] GC(3588)   Other: 0.4ms
[172.392s][info ][gc,heap           ] GC(3588) Eden regions: 868->0(868)
[172.392s][info ][gc,heap           ] GC(3588) Survivor regions: 5->5(110)
[172.392s][info ][gc,heap           ] GC(3588) Old regions: 17->17
[172.392s][info ][gc,heap           ] GC(3588) Archive regions: 2->2
[172.392s][info ][gc,heap           ] GC(3588) Humongous regions: 0->0
[172.392s][info ][gc,metaspace      ] GC(3588) Metaspace: 10069K(10624K)->10069K(10624K) NonClass: 8921K(9216K)->8921K(9216K) Class: 1148K(1408K)->1148K(1408K)
[172.392s][debug][gc,heap           ] GC(3588) Heap after GC invocations=3589 (full 1): garbage-first heap   total 1490944K, used 22336K [0x0000000700000000, 0x0000000800000000)
[172.392s][debug][gc,heap           ] GC(3588)   region size 1024K, 5 young (5120K), 5 survivors (5120K)
[172.392s][debug][gc,heap           ] GC(3588)  Metaspace       used 10069K, capacity 10368K, committed 10624K, reserved 1058816K
[172.392s][debug][gc,heap           ] GC(3588)   class space    used 1148K, capacity 1266K, committed 1408K, reserved 1048576K
[172.392s][info ][gc                ] GC(3588) Pause Young (Normal) (G1 Evacuation Pause) 889M->21M(1456M) 2.840ms
[172.392s][info ][gc,cpu            ] GC(3588) User=0.00s Sys=0.00s Real=0.00s
[172.392s][info ][safepoint         ] Safepoint "G1CollectForAllocation", Time since last: 49171025 ns, Reaching safepoint: 183536 ns, At safepoint: 3058709 ns, Total: 3242245 ns
[172.439s][debug][gc,heap           ] GC(3589) Heap before GC invocations=3589 (full 1): garbage-first heap   total 1490944K, used 910144K [0x0000000700000000, 0x0000000800000000)
[172.439s][debug][gc,heap           ] GC(3589)   region size 1024K, 873 young (893952K), 5 survivors (5120K)
[172.439s][debug][gc,heap           ] GC(3589)  Metaspace       used 10069K, capacity 10368K, committed 10624K, reserved 1058816K
[172.439s][debug][gc,heap           ] GC(3589)   class space    used 1148K, capacity 1266K, committed 1408K, reserved 1048576K
[172.439s][info ][gc,start          ] GC(3589) Pause Young (Normal) (G1 Evacuation Pause)
[172.439s][info ][gc,task           ] GC(3589) Using 8 workers of 8 for evacuation
[172.439s][debug][gc,tlab           ] GC(3589) TLAB totals: thrds: 8  refills: 15 max: 3 slow allocs: 1726 max 238 waste: 24.5% gc: 1182464B max: 224544B slow: 83712B max: 15096B fast: 0B max: 0B
[172.439s][debug][gc,age            ] GC(3589) Desired survivor size 57671680 bytes, new threshold 15 (max threshold 15)
[172.439s][debug][gc,alloc,region   ] GC(3589) Mutator Allocation stats, regions: 868, wasted size: 203M (23.4%)
[172.439s][debug][gc,ergo           ] GC(3589) Running G1 Merge Heap Roots using 8 workers for 873 regions
[172.440s][debug][gc,remset         ] GC(3589) Visited cards 512 Total dirty 4096 (12.50%) Total old 3614720 (0.01%)
[172.440s][debug][gc,ergo           ] GC(3589) Running G1 Clear Card Table Task using 2 workers for 2 units of work for 875 regions.
[172.440s][debug][gc,ref            ] GC(3589) Skipped phase1 of Reference Processing due to unavailable references
[172.440s][debug][gc,ref            ] GC(3589) Skipped phase2 of Reference Processing due to unavailable references
[172.440s][debug][gc,ref            ] GC(3589) Skipped phase3 of Reference Processing due to unavailable references
[172.440s][debug][gc,ref            ] GC(3589) Skipped phase4 of Reference Processing due to unavailable references
[172.440s][debug][gc,ergo           ] GC(3589) Running G1 Free Collection Set using 8 workers for collection set length 873 (1456)
[172.441s][debug][gc,ergo           ] GC(3589) Running G1 Rebuild Free List Task using 8 workers for rebuilding free list of 0 (4096) regions
[172.441s][trace][gc,age            ] GC(3589) Age table with threshold 15 (max threshold 15)
[172.441s][trace][gc,age            ] GC(3589) - age   1:    4002584 bytes,    4002584 total
[172.441s][debug][gc,plab           ] GC(3589) Young PLAB allocation: allocated: 16512B, wasted: 0B, unused: 14064B, used: 2448B, undo waste: 0B, 
[172.441s][debug][gc,plab           ] GC(3589) Young other allocation: region end waste: 983864B, regions filled: 5, direct allocated: 4000136B, failure used: 0B, failure wasted: 0B
[172.441s][debug][gc,plab           ] GC(3589) Young sizing: calculated: 0B, actual: 2064B
[172.441s][debug][gc,plab           ] GC(3589) Old PLAB allocation: allocated: 0B, wasted: 0B, unused: 0B, used: 0B, undo waste: 0B, 
[172.441s][debug][gc,plab           ] GC(3589) Old other allocation: region end waste: 0B, regions filled: 1, direct allocated: 0B, failure used: 0B, failure wasted: 0B
[172.441s][debug][gc,plab           ] GC(3589) Old sizing: calculated: 0B, actual: 2064B
[172.441s][debug][gc,ihop           ] GC(3589) Basic information (value update), threshold: 687026995B (45.00), target occupancy: 1526726656B, current occupancy: 22870336B, recent allocation size: 0B, recent allocation duration: 47.82ms, recent old gen allocation rate: 0.00B/s, recent marking phase length: 29.01ms
[172.441s][debug][gc,ihop           ] GC(3589) Adaptive IHOP information (value update), threshold: 687026995B (47.37), internal target occupancy: 1450390323B, occupancy: 22870336B, additional buffer size: 915406848B, predicted old gen allocation rate: 5894.91B/s, predicted marking phase length: 58.01ms, prediction active: false
[172.441s][debug][gc,ergo,refine    ] GC(3589) Concurrent refinement times: Logged Cards Scan time goal: 20.00ms Logged Cards Scan time: 0.01ms HCC time: 0.00ms
[172.441s][debug][gc,ergo,refine    ] GC(3589) Updated Refinement Zones: green: 2048, yellow: 6144, red: 10240
[172.441s][info ][gc,phases         ] GC(3589)   Pre Evacuate Collection Set: 0.1ms
[172.441s][debug][gc,phases         ] GC(3589)     Prepare TLABs: 0.0ms
[172.441s][debug][gc,phases         ] GC(3589)     Choose Collection Set: 0.0ms
[172.441s][debug][gc,phases         ] GC(3589)     Region Register: 0.1ms
[172.441s][debug][gc,phases         ] GC(3589)     Prepare Heap Roots: 0.0ms
[172.441s][info ][gc,phases         ] GC(3589)   Merge Heap Roots: 0.1ms
[172.441s][debug][gc,phases         ] GC(3589)     Prepare Merge Heap Roots: 0.0ms
[172.441s][debug][gc,phases         ] GC(3589)     Eager Reclaim (ms):       skipped
[172.441s][debug][gc,phases         ] GC(3589)     Remembered Sets (ms):     Min:  0.0, Avg:  0.0, Max:  0.1, Diff:  0.0, Sum:  0.3, Workers: 8
[172.441s][debug][gc,phases         ] GC(3589)       Merged Sparse:            Min: 0, Avg:  0.0, Max: 0, Diff: 0, Sum: 0, Workers: 8
[172.441s][debug][gc,phases         ] GC(3589)       Merged Fine:              Min: 0, Avg:  0.0, Max: 0, Diff: 0, Sum: 0, Workers: 8
[172.441s][debug][gc,phases         ] GC(3589)       Merged Coarse:            Min: 0, Avg:  0.0, Max: 0, Diff: 0, Sum: 0, Workers: 8
[172.441s][debug][gc,phases         ] GC(3589)       Dirty Cards:              Min: 0, Avg:  0.0, Max: 0, Diff: 0, Sum: 0, Workers: 8
[172.441s][debug][gc,phases         ] GC(3589)     Hot Card Cache (ms):      Min:  0.0, Avg:  0.0, Max:  0.0, Diff:  0.0, Sum:  0.0, Workers: 8
[172.441s][debug][gc,phases         ] GC(3589)       Dirty Cards:              Min: 0, Avg:  0.0, Max: 0, Diff: 0, Sum: 0, Workers: 8
[172.441s][debug][gc,phases         ] GC(3589)       Skipped Cards:            Min: 0, Avg:  0.0, Max: 0, Diff: 0, Sum: 0, Workers: 8
[172.441s][debug][gc,phases         ] GC(3589)     Log Buffers (ms):         Min:  0.0, Avg:  0.0, Max:  0.0, Diff:  0.0, Sum:  0.0, Workers: 8
[172.441s][debug][gc,phases         ] GC(3589)       Dirty Cards:              Min: 0, Avg:  0.2, Max: 1, Diff: 1, Sum: 2, Workers: 8
[172.441s][debug][gc,phases         ] GC(3589)       Skipped Cards:            Min: 0, Avg:  0.0, Max: 0, Diff: 0, Sum: 0, Workers: 8
[172.441s][info ][gc,phases         ] GC(3589)   Evacuate Collection Set: 0.5ms
[172.441s][debug][gc,phases         ] GC(3589)     Ext Root Scanning (ms):   Min:  0.1, Avg:  0.3, Max:  0.4, Diff:  0.3, Sum:  2.4, Workers: 8
[172.441s][debug][gc,phases         ] GC(3589)     Scan Heap Roots (ms):     Min:  0.0, Avg:  0.0, Max:  0.0, Diff:  0.0, Sum:  0.0, Workers: 8
[172.441s][debug][gc,phases         ] GC(3589)       Scanned Cards:            Min: 0, Avg:  0.2, Max: 2, Diff: 2, Sum: 2, Workers: 8
[172.441s][debug][gc,phases         ] GC(3589)       Scanned Blocks:           Min: 0, Avg:  0.2, Max: 2, Diff: 2, Sum: 2, Workers: 8
[172.441s][debug][gc,phases         ] GC(3589)       Claimed Chunks:           Min: 0, Avg:  0.2, Max: 2, Diff: 2, Sum: 2, Workers: 8
[172.441s][debug][gc,phases         ] GC(3589)     Code Root Scan (ms):      Min:  0.0, Avg:  0.0, Max:  0.1, Diff:  0.1, Sum:  0.2, Workers: 8
[172.441s][debug][gc,phases         ] GC(3589)     Object Copy (ms):         Min:  0.0, Avg:  0.0, Max:  0.0, Diff:  0.0, Sum:  0.0, Workers: 8
[172.441s][debug][gc,phases         ] GC(3589)     Termination (ms):         Min:  0.0, Avg:  0.1, Max:  0.1, Diff:  0.1, Sum:  0.6, Workers: 8
[172.441s][debug][gc,phases         ] GC(3589)       Termination Attempts:     Min: 1, Avg:  1.4, Max: 2, Diff: 1, Sum: 11, Workers: 8
[172.441s][debug][gc,phases         ] GC(3589)     GC Worker Other (ms):     Min:  0.0, Avg:  0.0, Max:  0.1, Diff:  0.1, Sum:  0.4, Workers: 8
[172.441s][debug][gc,phases         ] GC(3589)     GC Worker Total (ms):     Min:  0.4, Avg:  0.5, Max:  0.5, Diff:  0.1, Sum:  3.6, Workers: 8
[172.441s][info ][gc,phases         ] GC(3589)   Post Evacuate Collection Set: 0.6ms
[172.441s][debug][gc,phases         ] GC(3589)     Code Roots Fixup: 0.0ms
[172.441s][debug][gc,phases         ] GC(3589)     Clear Card Table: 0.2ms
[172.441s][debug][gc,phases         ] GC(3589)     Reference Processing: 0.0ms
[172.441s][debug][gc,phases,ref     ] GC(3589)       Reconsider SoftReferences: 0.0ms
[172.441s][debug][gc,phases,ref     ] GC(3589)         SoftRef (ms):             skipped
[172.441s][debug][gc,phases,ref     ] GC(3589)       Notify Soft/WeakReferences: 0.0ms
[172.441s][debug][gc,phases,ref     ] GC(3589)         SoftRef (ms):             skipped
[172.441s][debug][gc,phases,ref     ] GC(3589)         WeakRef (ms):             skipped
[172.441s][debug][gc,phases,ref     ] GC(3589)         FinalRef (ms):            skipped
[172.441s][debug][gc,phases,ref     ] GC(3589)         Total (ms):               skipped
[172.441s][debug][gc,phases,ref     ] GC(3589)       Notify and keep alive finalizable: 0.0ms
[172.441s][debug][gc,phases,ref     ] GC(3589)         FinalRef (ms):            skipped
[172.441s][debug][gc,phases,ref     ] GC(3589)       Notify PhantomReferences: 0.0ms
[172.441s][debug][gc,phases,ref     ] GC(3589)         PhantomRef (ms):          skipped
[172.441s][debug][gc,phases,ref     ] GC(3589)       SoftReference:
[172.441s][debug][gc,phases,ref     ] GC(3589)         Discovered: 0
[172.441s][debug][gc,phases,ref     ] GC(3589)         Cleared: 0
[172.441s][debug][gc,phases,ref     ] GC(3589)       WeakReference:
[172.441s][debug][gc,phases,ref     ] GC(3589)         Discovered: 0
[172.441s][debug][gc,phases,ref     ] GC(3589)         Cleared: 0
[172.441s][debug][gc,phases,ref     ] GC(3589)       FinalReference:
[172.441s][debug][gc,phases,ref     ] GC(3589)         Discovered: 0
[172.441s][debug][gc,phases,ref     ] GC(3589)         Cleared: 0
[172.441s][debug][gc,phases,ref     ] GC(3589)       PhantomReference:
[172.441s][debug][gc,phases,ref     ] GC(3589)         Discovered: 0
[172.441s][debug][gc,phases,ref     ] GC(3589)         Cleared: 0
[172.441s][debug][gc,phases         ] GC(3589)     Weak Processing: 0.1ms
[172.441s][debug][gc,phases         ] GC(3589)       JVMTI weak processing: 0.0ms
[172.441s][debug][gc,phases         ] GC(3589)         Dead: 0
[172.441s][debug][gc,phases         ] GC(3589)         Total: 0
[172.441s][debug][gc,phases         ] GC(3589)       JFR weak processing: 0.0ms
[172.441s][debug][gc,phases         ] GC(3589)         Dead: 0
[172.441s][debug][gc,phases         ] GC(3589)         Total: 0
[172.441s][debug][gc,phases         ] GC(3589)       JNI weak                  Min:  0.0, Avg:  0.0, Max:  0.0, Diff:  0.0, Sum:  0.0, Workers: 5
[172.441s][debug][gc,phases         ] GC(3589)         Dead                      Min: 0, Avg:  0.0, Max: 0, Diff: 0, Sum: 0, Workers: 5
[172.441s][debug][gc,phases         ] GC(3589)         Total                     Min: 0, Avg: 25.6, Max: 64, Diff: 64, Sum: 128, Workers: 5
[172.441s][debug][gc,phases         ] GC(3589)       VM weak                   Min:  0.0, Avg:  0.0, Max:  0.0, Diff:  0.0, Sum:  0.0, Workers: 5
[172.441s][debug][gc,phases         ] GC(3589)         Dead                      Min: 0, Avg:  0.0, Max: 0, Diff: 0, Sum: 0, Workers: 5
[172.441s][debug][gc,phases         ] GC(3589)         Total                     Min: 0, Avg: 42.4, Max: 128, Diff: 128, Sum: 212, Workers: 5
[172.441s][debug][gc,phases         ] GC(3589)       StringTable weak          Min:  0.0, Avg:  0.0, Max:  0.0, Diff:  0.0, Sum:  0.1, Workers: 5
[172.441s][debug][gc,phases         ] GC(3589)         Dead                      Min: 0, Avg:  0.0, Max: 0, Diff: 0, Sum: 0, Workers: 5
[172.441s][debug][gc,phases         ] GC(3589)         Total                     Min: 0, Avg: 686.2, Max: 1639, Diff: 1639, Sum: 3431, Workers: 5
[172.441s][debug][gc,phases         ] GC(3589)       ResolvedMethodTable weak  Min:  0.0, Avg:  0.0, Max:  0.0, Diff:  0.0, Sum:  0.0, Workers: 5
[172.441s][debug][gc,phases         ] GC(3589)         Dead                      Min: 0, Avg:  0.0, Max: 0, Diff: 0, Sum: 0, Workers: 5
[172.441s][debug][gc,phases         ] GC(3589)         Total                     Min: 0, Avg: 114.6, Max: 253, Diff: 253, Sum: 573, Workers: 5
[172.441s][debug][gc,phases         ] GC(3589)     Merge Per-Thread State: 0.0ms
[172.441s][debug][gc,phases         ] GC(3589)       Copied Bytes              Min: 1640, Avg: 500323.0, Max: 800096, Diff: 798456, Sum: 4002584, Workers: 8
[172.441s][debug][gc,phases         ] GC(3589)       LAB Waste                 Min: 0, Avg:  0.0, Max: 0, Diff: 0, Sum: 0, Workers: 8
[172.441s][debug][gc,phases         ] GC(3589)       LAB Undo Waste            Min: 0, Avg:  0.0, Max: 0, Diff: 0, Sum: 0, Workers: 8
[172.441s][debug][gc,phases         ] GC(3589)     Code Roots Purge: 0.0ms
[172.441s][debug][gc,phases         ] GC(3589)     Redirty Cards: 0.0ms
[172.441s][debug][gc,phases         ] GC(3589)     DerivedPointerTable Update: 0.0ms
[172.441s][debug][gc,phases         ] GC(3589)     Free Collection Set: 0.2ms
[172.441s][debug][gc,phases         ] GC(3589)     Rebuild Free List: 0.1ms
[172.441s][debug][gc,phases         ] GC(3589)     Humongous Reclaim: 0.0ms
[172.442s][debug][gc,phases         ] GC(3589)     Start New Collection Set: 0.0ms
[172.442s][debug][gc,phases         ] GC(3589)     Resize TLABs: 0.0ms
[172.442s][debug][gc,phases         ] GC(3589)     Expand Heap After Collection: 0.0ms
[172.442s][info ][gc,phases         ] GC(3589)   Other: 0.3ms
[172.442s][info ][gc,heap           ] GC(3589) Eden regions: 868->0(868)
[172.442s][info ][gc,heap           ] GC(3589) Survivor regions: 5->5(110)
[172.442s][info ][gc,heap           ] GC(3589) Old regions: 17->17
[172.442s][info ][gc,heap           ] GC(3589) Archive regions: 2->2
[172.442s][info ][gc,heap           ] GC(3589) Humongous regions: 0->0
[172.442s][info ][gc,metaspace      ] GC(3589) Metaspace: 10069K(10624K)->10069K(10624K) NonClass: 8921K(9216K)->8921K(9216K) Class: 1148K(1408K)->1148K(1408K)
[172.442s][debug][gc,heap           ] GC(3589) Heap after GC invocations=3590 (full 1): garbage-first heap   total 1490944K, used 22334K [0x0000000700000000, 0x0000000800000000)
[172.442s][debug][gc,heap           ] GC(3589)   region size 1024K, 5 young (5120K), 5 survivors (5120K)
[172.442s][debug][gc,heap           ] GC(3589)  Metaspace       used 10069K, capacity 10368K, committed 10624K, reserved 1058816K
[172.442s][debug][gc,heap           ] GC(3589)   class space    used 1148K, capacity 1266K, committed 1408K, reserved 1048576K
[172.442s][info ][gc                ] GC(3589) Pause Young (Normal) (G1 Evacuation Pause) 889M->21M(1456M) 2.418ms
[172.442s][info ][gc,cpu            ] GC(3589) User=0.01s Sys=0.00s Real=0.00s
[172.442s][info ][safepoint         ] Safepoint "G1CollectForAllocation", Time since last: 46534113 ns, Reaching safepoint: 164831 ns, At safepoint: 2605259 ns, Total: 2770090 ns
[172.488s][debug][gc,heap           ] GC(3590) Heap before GC invocations=3590 (full 1): garbage-first heap   total 1490944K, used 910142K [0x0000000700000000, 0x0000000800000000)
[172.488s][debug][gc,heap           ] GC(3590)   region size 1024K, 873 young (893952K), 5 survivors (5120K)
[172.488s][debug][gc,heap           ] GC(3590)  Metaspace       used 10069K, capacity 10368K, committed 10624K, reserved 1058816K
[172.488s][debug][gc,heap           ] GC(3590)   class space    used 1148K, capacity 1266K, committed 1408K, reserved 1048576K
[172.488s][info ][gc,start          ] GC(3590) Pause Young (Normal) (G1 Evacuation Pause)
[172.488s][info ][gc,task           ] GC(3590) Using 8 workers of 8 for evacuation
[172.488s][debug][gc,tlab           ] GC(3590) TLAB totals: thrds: 8  refills: 14 max: 3 slow allocs: 1730 max 254 waste: 22.5% gc: 944872B max: 212768B slow: 69424B max: 15096B fast: 0B max: 0B
[172.488s][debug][gc,age            ] GC(3590) Desired survivor size 57671680 bytes, new threshold 15 (max threshold 15)
[172.488s][debug][gc,alloc,region   ] GC(3590) Mutator Allocation stats, regions: 868, wasted size: 203M (23.4%)
[172.488s][debug][gc,ergo           ] GC(3590) Running G1 Merge Heap Roots using 8 workers for 873 regions
[172.488s][debug][gc,remset         ] GC(3590) Visited cards 256 Total dirty 2048 (12.50%) Total old 3614720 (0.01%)
[172.489s][debug][gc,ergo           ] GC(3590) Running G1 Clear Card Table Task using 2 workers for 2 units of work for 874 regions.
[172.489s][debug][gc,ref            ] GC(3590) Skipped phase1 of Reference Processing due to unavailable references
[172.489s][debug][gc,ref            ] GC(3590) Skipped phase2 of Reference Processing due to unavailable references
[172.489s][debug][gc,ref            ] GC(3590) Skipped phase3 of Reference Processing due to unavailable references
[172.489s][debug][gc,ref            ] GC(3590) Skipped phase4 of Reference Processing due to unavailable references
[172.489s][debug][gc,ergo           ] GC(3590) Running G1 Free Collection Set using 8 workers for collection set length 873 (1456)
[172.489s][debug][gc,ergo           ] GC(3590) Running G1 Rebuild Free List Task using 8 workers for rebuilding free list of 0 (4096) regions
[172.489s][trace][gc,age            ] GC(3590) Age table with threshold 15 (max threshold 15)
[172.489s][trace][gc,age            ] GC(3590) - age   1:    3202560 bytes,    3202560 total
[172.489s][debug][gc,plab           ] GC(3590) Young PLAB allocation: allocated: 16512B, wasted: 0B, unused: 14064B, used: 2448B, undo waste: 0B, 
[172.489s][debug][gc,plab           ] GC(3590) Young other allocation: region end waste: 731184B, regions filled: 4, direct allocated: 3200112B, failure used: 0B, failure wasted: 0B
[172.489s][debug][gc,plab           ] GC(3590) Young sizing: calculated: 0B, actual: 2064B
[172.489s][debug][gc,plab           ] GC(3590) Old PLAB allocation: allocated: 0B, wasted: 0B, unused: 0B, used: 0B, undo waste: 0B, 
[172.489s][debug][gc,plab           ] GC(3590) Old other allocation: region end waste: 0B, regions filled: 1, direct allocated: 0B, failure used: 0B, failure wasted: 0B
[172.489s][debug][gc,plab           ] GC(3590) Old sizing: calculated: 0B, actual: 2064B
[172.489s][debug][gc,ihop           ] GC(3590) Basic information (value update), threshold: 687026995B (45.00), target occupancy: 1526726656B, current occupancy: 21817632B, recent allocation size: 0B, recent allocation duration: 46.99ms, recent old gen allocation rate: 0.00B/s, recent marking phase length: 29.01ms
[172.489s][debug][gc,ihop           ] GC(3590) Adaptive IHOP information (value update), threshold: 687026995B (47.37), internal target occupancy: 1450390323B, occupancy: 21817632B, additional buffer size: 915406848B, predicted old gen allocation rate: 5735.76B/s, predicted marking phase length: 58.01ms, prediction active: false
[172.489s][debug][gc,ergo,refine    ] GC(3590) Concurrent refinement times: Logged Cards Scan time goal: 20.00ms Logged Cards Scan time: 0.00ms HCC time: 0.00ms
[172.489s][debug][gc,ergo,refine    ] GC(3590) Updated Refinement Zones: green: 2048, yellow: 6144, red: 10240
[172.489s][info ][gc,phases         ] GC(3590)   Pre Evacuate Collection Set: 0.1ms
[172.489s][debug][gc,phases         ] GC(3590)     Prepare TLABs: 0.0ms
[172.489s][debug][gc,phases         ] GC(3590)     Choose Collection Set: 0.0ms
[172.489s][debug][gc,phases         ] GC(3590)     Region Register: 0.1ms
[172.489s][debug][gc,phases         ] GC(3590)     Prepare Heap Roots: 0.0ms
[172.489s][info ][gc,phases         ] GC(3590)   Merge Heap Roots: 0.2ms
[172.489s][debug][gc,phases         ] GC(3590)     Prepare Merge Heap Roots: 0.0ms
[172.489s][debug][gc,phases         ] GC(3590)     Eager Reclaim (ms):       skipped
[172.489s][debug][gc,phases         ] GC(3590)     Remembered Sets (ms):     Min:  0.0, Avg:  0.0, Max:  0.1, Diff:  0.0, Sum:  0.4, Workers: 8
[172.489s][debug][gc,phases         ] GC(3590)       Merged Sparse:            Min: 0, Avg:  0.0, Max: 0, Diff: 0, Sum: 0, Workers: 8
[172.489s][debug][gc,phases         ] GC(3590)       Merged Fine:              Min: 0, Avg:  0.0, Max: 0, Diff: 0, Sum: 0, Workers: 8
[172.489s][debug][gc,phases         ] GC(3590)       Merged Coarse:            Min: 0, Avg:  0.0, Max: 0, Diff: 0, Sum: 0, Workers: 8
[172.489s][debug][gc,phases         ] GC(3590)       Dirty Cards:              Min: 0, Avg:  0.0, Max: 0, Diff: 0, Sum: 0, Workers: 8
[172.489s][debug][gc,phases         ] GC(3590)     Hot Card Cache (ms):      Min:  0.0, Avg:  0.0, Max:  0.0, Diff:  0.0, Sum:  0.0, Workers: 8
[172.489s][debug][gc,phases         ] GC(3590)       Dirty Cards:              Min: 0, Avg:  0.0, Max: 0, Diff: 0, Sum: 0, Workers: 8
[172.489s][debug][gc,phases         ] GC(3590)       Skipped Cards:            Min: 0, Avg:  0.0, Max: 0, Diff: 0, Sum: 0, Workers: 8
[172.489s][debug][gc,phases         ] GC(3590)     Log Buffers (ms):         Min:  0.0, Avg:  0.0, Max:  0.0, Diff:  0.0, Sum:  0.0, Workers: 8
[172.489s][debug][gc,phases         ] GC(3590)       Dirty Cards:              Min: 0, Avg:  0.1, Max: 1, Diff: 1, Sum: 1, Workers: 8
[172.489s][debug][gc,phases         ] GC(3590)       Skipped Cards:            Min: 0, Avg:  0.0, Max: 0, Diff: 0, Sum: 0, Workers: 8
[172.489s][info ][gc,phases         ] GC(3590)   Evacuate Collection Set: 0.4ms
[172.489s][debug][gc,phases         ] GC(3590)     Ext Root Scanning (ms):   Min:  0.1, Avg:  0.2, Max:  0.3, Diff:  0.2, Sum:  1.4, Workers: 8
[172.489s][debug][gc,phases         ] GC(3590)     Scan Heap Roots (ms):     Min:  0.0, Avg:  0.0, Max:  0.0, Diff:  0.0, Sum:  0.0, Workers: 8
[172.489s][debug][gc,phases         ] GC(3590)       Scanned Cards:            Min: 0, Avg:  0.1, Max: 1, Diff: 1, Sum: 1, Workers: 8
[172.489s][debug][gc,phases         ] GC(3590)       Scanned Blocks:           Min: 0, Avg:  0.1, Max: 1, Diff: 1, Sum: 1, Workers: 8
[172.489s][debug][gc,phases         ] GC(3590)       Claimed Chunks:           Min: 0, Avg:  0.1, Max: 1, Diff: 1, Sum: 1, Workers: 8
[172.490s][debug][gc,phases         ] GC(3590)     Code Root Scan (ms):      Min:  0.0, Avg:  0.0, Max:  0.1, Diff:  0.1, Sum:  0.1, Workers: 8
[172.490s][debug][gc,phases         ] GC(3590)     Object Copy (ms):         Min:  0.0, Avg:  0.0, Max:  0.0, Diff:  0.0, Sum:  0.0, Workers: 8
[172.490s][debug][gc,phases         ] GC(3590)     Termination (ms):         Min:  0.0, Avg:  0.1, Max:  0.1, Diff:  0.1, Sum:  0.9, Workers: 8
[172.490s][debug][gc,phases         ] GC(3590)       Termination Attempts:     Min: 1, Avg:  1.0, Max: 1, Diff: 0, Sum: 8, Workers: 8
[172.490s][debug][gc,phases         ] GC(3590)     GC Worker Other (ms):     Min:  0.0, Avg:  0.0, Max:  0.1, Diff:  0.1, Sum:  0.3, Workers: 8
[172.490s][debug][gc,phases         ] GC(3590)     GC Worker Total (ms):     Min:  0.3, Avg:  0.3, Max:  0.4, Diff:  0.1, Sum:  2.8, Workers: 8
[172.490s][info ][gc,phases         ] GC(3590)   Post Evacuate Collection Set: 0.6ms
[172.490s][debug][gc,phases         ] GC(3590)     Code Roots Fixup: 0.0ms
[172.490s][debug][gc,phases         ] GC(3590)     Clear Card Table: 0.2ms
[172.490s][debug][gc,phases         ] GC(3590)     Reference Processing: 0.0ms
[172.490s][debug][gc,phases,ref     ] GC(3590)       Reconsider SoftReferences: 0.0ms
[172.490s][debug][gc,phases,ref     ] GC(3590)         SoftRef (ms):             skipped
[172.490s][debug][gc,phases,ref     ] GC(3590)       Notify Soft/WeakReferences: 0.0ms
[172.490s][debug][gc,phases,ref     ] GC(3590)         SoftRef (ms):             skipped
[172.490s][debug][gc,phases,ref     ] GC(3590)         WeakRef (ms):             skipped
[172.490s][debug][gc,phases,ref     ] GC(3590)         FinalRef (ms):            skipped
[172.490s][debug][gc,phases,ref     ] GC(3590)         Total (ms):               skipped
[172.490s][debug][gc,phases,ref     ] GC(3590)       Notify and keep alive finalizable: 0.0ms
[172.490s][debug][gc,phases,ref     ] GC(3590)         FinalRef (ms):            skipped
[172.490s][debug][gc,phases,ref     ] GC(3590)       Notify PhantomReferences: 0.0ms
[172.490s][debug][gc,phases,ref     ] GC(3590)         PhantomRef (ms):          skipped
[172.490s][debug][gc,phases,ref     ] GC(3590)       SoftReference:
[172.490s][debug][gc,phases,ref     ] GC(3590)         Discovered: 0
[172.490s][debug][gc,phases,ref     ] GC(3590)         Cleared: 0
[172.490s][debug][gc,phases,ref     ] GC(3590)       WeakReference:
[172.490s][debug][gc,phases,ref     ] GC(3590)         Discovered: 0
[172.490s][debug][gc,phases,ref     ] GC(3590)         Cleared: 0
[172.490s][debug][gc,phases,ref     ] GC(3590)       FinalReference:
[172.490s][debug][gc,phases,ref     ] GC(3590)         Discovered: 0
[172.490s][debug][gc,phases,ref     ] GC(3590)         Cleared: 0
[172.490s][debug][gc,phases,ref     ] GC(3590)       PhantomReference:
[172.490s][debug][gc,phases,ref     ] GC(3590)         Discovered: 0
[172.490s][debug][gc,phases,ref     ] GC(3590)         Cleared: 0
[172.490s][debug][gc,phases         ] GC(3590)     Weak Processing: 0.1ms
[172.490s][debug][gc,phases         ] GC(3590)       JVMTI weak processing: 0.0ms
[172.490s][debug][gc,phases         ] GC(3590)         Dead: 0
[172.490s][debug][gc,phases         ] GC(3590)         Total: 0
[172.490s][debug][gc,phases         ] GC(3590)       JFR weak processing: 0.0ms
[172.490s][debug][gc,phases         ] GC(3590)         Dead: 0
[172.490s][debug][gc,phases         ] GC(3590)         Total: 0
[172.490s][debug][gc,phases         ] GC(3590)       JNI weak                  Min:  0.0, Avg:  0.0, Max:  0.0, Diff:  0.0, Sum:  0.0, Workers: 5
[172.490s][debug][gc,phases         ] GC(3590)         Dead                      Min: 0, Avg:  0.0, Max: 0, Diff: 0, Sum: 0, Workers: 5
[172.490s][debug][gc,phases         ] GC(3590)         Total                     Min: 0, Avg: 25.6, Max: 128, Diff: 128, Sum: 128, Workers: 5
[172.490s][debug][gc,phases         ] GC(3590)       VM weak                   Min:  0.0, Avg:  0.0, Max:  0.0, Diff:  0.0, Sum:  0.0, Workers: 5
[172.490s][debug][gc,phases         ] GC(3590)         Dead                      Min: 0, Avg:  0.0, Max: 0, Diff: 0, Sum: 0, Workers: 5
[172.490s][debug][gc,phases         ] GC(3590)         Total                     Min: 0, Avg: 42.4, Max: 212, Diff: 212, Sum: 212, Workers: 5
[172.490s][debug][gc,phases         ] GC(3590)       StringTable weak          Min:  0.0, Avg:  0.0, Max:  0.0, Diff:  0.0, Sum:  0.0, Workers: 5
[172.490s][debug][gc,phases         ] GC(3590)         Dead                      Min: 0, Avg:  0.0, Max: 0, Diff: 0, Sum: 0, Workers: 5
[172.490s][debug][gc,phases         ] GC(3590)         Total                     Min: 0, Avg: 686.2, Max: 3072, Diff: 3072, Sum: 3431, Workers: 5
[172.490s][debug][gc,phases         ] GC(3590)       ResolvedMethodTable weak  Min:  0.0, Avg:  0.0, Max:  0.0, Diff:  0.0, Sum:  0.1, Workers: 5
[172.490s][debug][gc,phases         ] GC(3590)         Dead                      Min: 0, Avg:  0.0, Max: 0, Diff: 0, Sum: 0, Workers: 5
[172.490s][debug][gc,phases         ] GC(3590)         Total                     Min: 0, Avg: 114.6, Max: 192, Diff: 192, Sum: 573, Workers: 5
[172.490s][debug][gc,phases         ] GC(3590)     Merge Per-Thread State: 0.0ms
[172.490s][debug][gc,phases         ] GC(3590)       Copied Bytes              Min: 520, Avg: 400320.0, Max: 800320, Diff: 799800, Sum: 3202560, Workers: 8
[172.490s][debug][gc,phases         ] GC(3590)       LAB Waste                 Min: 0, Avg:  0.0, Max: 0, Diff: 0, Sum: 0, Workers: 8
[172.490s][debug][gc,phases         ] GC(3590)       LAB Undo Waste            Min: 0, Avg:  0.0, Max: 0, Diff: 0, Sum: 0, Workers: 8
[172.490s][debug][gc,phases         ] GC(3590)     Code Roots Purge: 0.0ms
[172.490s][debug][gc,phases         ] GC(3590)     Redirty Cards: 0.0ms
[172.490s][debug][gc,phases         ] GC(3590)     DerivedPointerTable Update: 0.0ms
[172.490s][debug][gc,phases         ] GC(3590)     Free Collection Set: 0.2ms
[172.490s][debug][gc,phases         ] GC(3590)     Rebuild Free List: 0.1ms
[172.490s][debug][gc,phases         ] GC(3590)     Humongous Reclaim: 0.0ms
[172.490s][debug][gc,phases         ] GC(3590)     Start New Collection Set: 0.0ms
[172.490s][debug][gc,phases         ] GC(3590)     Resize TLABs: 0.0ms
[172.490s][debug][gc,phases         ] GC(3590)     Expand Heap After Collection: 0.0ms
[172.490s][info ][gc,phases         ] GC(3590)   Other: 0.3ms
[172.490s][info ][gc,heap           ] GC(3590) Eden regions: 868->0(869)
[172.490s][info ][gc,heap           ] GC(3590) Survivor regions: 5->4(110)
[172.490s][info ][gc,heap           ] GC(3590) Old regions: 17->17
[172.490s][info ][gc,heap           ] GC(3590) Archive regions: 2->2
[172.490s][info ][gc,heap           ] GC(3590) Humongous regions: 0->0
[172.490s][info ][gc,metaspace      ] GC(3590) Metaspace: 10069K(10624K)->10069K(10624K) NonClass: 8921K(9216K)->8921K(9216K) Class: 1148K(1408K)->1148K(1408K)
[172.490s][debug][gc,heap           ] GC(3590) Heap after GC invocations=3591 (full 1): garbage-first heap   total 1490944K, used 21306K [0x0000000700000000, 0x0000000800000000)
[172.490s][debug][gc,heap           ] GC(3590)   region size 1024K, 4 young (4096K), 4 survivors (4096K)
[172.490s][debug][gc,heap           ] GC(3590)  Metaspace       used 10069K, capacity 10368K, committed 10624K, reserved 1058816K
[172.490s][debug][gc,heap           ] GC(3590)   class space    used 1148K, capacity 1266K, committed 1408K, reserved 1048576K
[172.490s][info ][gc                ] GC(3590) Pause Young (Normal) (G1 Evacuation Pause) 889M->20M(1456M) 2.287ms
[172.490s][info ][gc,cpu            ] GC(3590) User=0.01s Sys=0.00s Real=0.00s
[172.490s][info ][safepoint         ] Safepoint "G1CollectForAllocation", Time since last: 45773584 ns, Reaching safepoint: 201680 ns, At safepoint: 2458572 ns, Total: 2660252 ns
[172.536s][debug][gc,heap           ] GC(3591) Heap before GC invocations=3591 (full 1): garbage-first heap   total 1490944K, used 910138K [0x0000000700000000, 0x0000000800000000)
[172.536s][debug][gc,heap           ] GC(3591)   region size 1024K, 873 young (893952K), 4 survivors (4096K)
[172.536s][debug][gc,heap           ] GC(3591)  Metaspace       used 10069K, capacity 10368K, committed 10624K, reserved 1058816K
[172.536s][debug][gc,heap           ] GC(3591)   class space    used 1148K, capacity 1266K, committed 1408K, reserved 1048576K
[172.536s][info ][gc,start          ] GC(3591) Pause Young (Normal) (G1 Evacuation Pause)
[172.536s][info ][gc,task           ] GC(3591) Using 8 workers of 8 for evacuation
[172.536s][debug][gc,tlab           ] GC(3591) TLAB totals: thrds: 8  refills: 14 max: 3 slow allocs: 1729 max 249 waste: 26.9% gc: 1083464B max: 223280B slow: 57544B max: 15096B fast: 0B max: 0B
[172.536s][debug][gc,age            ] GC(3591) Desired survivor size 57671680 bytes, new threshold 15 (max threshold 15)
[172.536s][debug][gc,alloc,region   ] GC(3591) Mutator Allocation stats, regions: 869, wasted size: 203M (23.4%)
[172.536s][debug][gc,ergo           ] GC(3591) Running G1 Merge Heap Roots using 8 workers for 873 regions
[172.536s][debug][gc,remset         ] GC(3591) Visited cards 512 Total dirty 4096 (12.50%) Total old 3614720 (0.01%)
[172.537s][debug][gc,ergo           ] GC(3591) Running G1 Clear Card Table Task using 2 workers for 2 units of work for 875 regions.
[172.537s][debug][gc,ref            ] GC(3591) Skipped phase1 of Reference Processing due to unavailable references
[172.537s][debug][gc,ref            ] GC(3591) Skipped phase2 of Reference Processing due to unavailable references
[172.537s][debug][gc,ref            ] GC(3591) Skipped phase3 of Reference Processing due to unavailable references
[172.537s][debug][gc,ref            ] GC(3591) Skipped phase4 of Reference Processing due to unavailable references
[172.537s][debug][gc,ergo           ] GC(3591) Running G1 Free Collection Set using 8 workers for collection set length 873 (1456)
[172.537s][debug][gc,ergo           ] GC(3591) Running G1 Rebuild Free List Task using 8 workers for rebuilding free list of 0 (4096) regions
[172.537s][trace][gc,age            ] GC(3591) Age table with threshold 15 (max threshold 15)
[172.537s][trace][gc,age            ] GC(3591) - age   1:    3202552 bytes,    3202552 total
[172.537s][debug][gc,plab           ] GC(3591) Young PLAB allocation: allocated: 16512B, wasted: 0B, unused: 14064B, used: 2448B, undo waste: 0B, 
[172.537s][debug][gc,plab           ] GC(3591) Young other allocation: region end waste: 735320B, regions filled: 4, direct allocated: 3200104B, failure used: 0B, failure wasted: 0B
[172.537s][debug][gc,plab           ] GC(3591) Young sizing: calculated: 0B, actual: 2064B
[172.537s][debug][gc,plab           ] GC(3591) Old PLAB allocation: allocated: 0B, wasted: 0B, unused: 0B, used: 0B, undo waste: 0B, 
[172.537s][debug][gc,plab           ] GC(3591) Old other allocation: region end waste: 0B, regions filled: 1, direct allocated: 0B, failure used: 0B, failure wasted: 0B
[172.537s][debug][gc,plab           ] GC(3591) Old sizing: calculated: 0B, actual: 2064B
[172.537s][debug][gc,ihop           ] GC(3591) Basic information (value update), threshold: 687026995B (45.00), target occupancy: 1526726656B, current occupancy: 21821760B, recent allocation size: 0B, recent allocation duration: 46.57ms, recent old gen allocation rate: 0.00B/s, recent marking phase length: 29.01ms
[172.537s][debug][gc,ihop           ] GC(3591) Adaptive IHOP information (value update), threshold: 687026995B (47.37), internal target occupancy: 1450390323B, occupancy: 21821760B, additional buffer size: 915406848B, predicted old gen allocation rate: 5581.12B/s, predicted marking phase length: 58.01ms, prediction active: false
[172.537s][debug][gc,ergo,refine    ] GC(3591) Concurrent refinement times: Logged Cards Scan time goal: 20.00ms Logged Cards Scan time: 0.00ms HCC time: 0.00ms
[172.537s][debug][gc,ergo,refine    ] GC(3591) Updated Refinement Zones: green: 2048, yellow: 6144, red: 10240
[172.537s][info ][gc,phases         ] GC(3591)   Pre Evacuate Collection Set: 0.1ms
[172.537s][debug][gc,phases         ] GC(3591)     Prepare TLABs: 0.0ms
[172.537s][debug][gc,phases         ] GC(3591)     Choose Collection Set: 0.0ms
[172.537s][debug][gc,phases         ] GC(3591)     Region Register: 0.1ms
[172.537s][debug][gc,phases         ] GC(3591)     Prepare Heap Roots: 0.0ms
[172.537s][info ][gc,phases         ] GC(3591)   Merge Heap Roots: 0.1ms
[172.537s][debug][gc,phases         ] GC(3591)     Prepare Merge Heap Roots: 0.0ms
[172.537s][debug][gc,phases         ] GC(3591)     Eager Reclaim (ms):       skipped
[172.537s][debug][gc,phases         ] GC(3591)     Remembered Sets (ms):     Min:  0.0, Avg:  0.0, Max:  0.0, Diff:  0.0, Sum:  0.2, Workers: 8
[172.537s][debug][gc,phases         ] GC(3591)       Merged Sparse:            Min: 0, Avg:  0.0, Max: 0, Diff: 0, Sum: 0, Workers: 8
[172.537s][debug][gc,phases         ] GC(3591)       Merged Fine:              Min: 0, Avg:  0.0, Max: 0, Diff: 0, Sum: 0, Workers: 8
[172.537s][debug][gc,phases         ] GC(3591)       Merged Coarse:            Min: 0, Avg:  0.0, Max: 0, Diff: 0, Sum: 0, Workers: 8
[172.537s][debug][gc,phases         ] GC(3591)       Dirty Cards:              Min: 0, Avg:  0.0, Max: 0, Diff: 0, Sum: 0, Workers: 8
[172.537s][debug][gc,phases         ] GC(3591)     Hot Card Cache (ms):      Min:  0.0, Avg:  0.0, Max:  0.0, Diff:  0.0, Sum:  0.0, Workers: 8
[172.537s][debug][gc,phases         ] GC(3591)       Dirty Cards:              Min: 0, Avg:  0.0, Max: 0, Diff: 0, Sum: 0, Workers: 8
[172.537s][debug][gc,phases         ] GC(3591)       Skipped Cards:            Min: 0, Avg:  0.0, Max: 0, Diff: 0, Sum: 0, Workers: 8
[172.537s][debug][gc,phases         ] GC(3591)     Log Buffers (ms):         Min:  0.0, Avg:  0.0, Max:  0.0, Diff:  0.0, Sum:  0.0, Workers: 8
[172.537s][debug][gc,phases         ] GC(3591)       Dirty Cards:              Min: 0, Avg:  0.2, Max: 1, Diff: 1, Sum: 2, Workers: 8
[172.537s][debug][gc,phases         ] GC(3591)       Skipped Cards:            Min: 0, Avg:  0.0, Max: 0, Diff: 0, Sum: 0, Workers: 8
[172.537s][info ][gc,phases         ] GC(3591)   Evacuate Collection Set: 0.4ms
[172.537s][debug][gc,phases         ] GC(3591)     Ext Root Scanning (ms):   Min:  0.0, Avg:  0.2, Max:  0.3, Diff:  0.2, Sum:  1.4, Workers: 8
[172.537s][debug][gc,phases         ] GC(3591)     Scan Heap Roots (ms):     Min:  0.0, Avg:  0.0, Max:  0.0, Diff:  0.0, Sum:  0.0, Workers: 8
[172.538s][debug][gc,phases         ] GC(3591)       Scanned Cards:            Min: 0, Avg:  0.2, Max: 1, Diff: 1, Sum: 2, Workers: 8
[172.538s][debug][gc,phases         ] GC(3591)       Scanned Blocks:           Min: 0, Avg:  0.2, Max: 1, Diff: 1, Sum: 2, Workers: 8
[172.538s][debug][gc,phases         ] GC(3591)       Claimed Chunks:           Min: 0, Avg:  0.2, Max: 1, Diff: 1, Sum: 2, Workers: 8
[172.538s][debug][gc,phases         ] GC(3591)     Code Root Scan (ms):      Min:  0.0, Avg:  0.0, Max:  0.1, Diff:  0.1, Sum:  0.1, Workers: 8
[172.538s][debug][gc,phases         ] GC(3591)     Object Copy (ms):         Min:  0.0, Avg:  0.0, Max:  0.0, Diff:  0.0, Sum:  0.1, Workers: 8
[172.538s][debug][gc,phases         ] GC(3591)     Termination (ms):         Min:  0.0, Avg:  0.1, Max:  0.1, Diff:  0.1, Sum:  0.7, Workers: 8
[172.538s][debug][gc,phases         ] GC(3591)       Termination Attempts:     Min: 1, Avg:  1.1, Max: 2, Diff: 1, Sum: 9, Workers: 8
[172.538s][debug][gc,phases         ] GC(3591)     GC Worker Other (ms):     Min:  0.0, Avg:  0.0, Max:  0.1, Diff:  0.1, Sum:  0.3, Workers: 8
[172.538s][debug][gc,phases         ] GC(3591)     GC Worker Total (ms):     Min:  0.3, Avg:  0.3, Max:  0.4, Diff:  0.1, Sum:  2.6, Workers: 8
[172.538s][info ][gc,phases         ] GC(3591)   Post Evacuate Collection Set: 0.6ms
[172.538s][debug][gc,phases         ] GC(3591)     Code Roots Fixup: 0.0ms
[172.538s][debug][gc,phases         ] GC(3591)     Clear Card Table: 0.2ms
[172.538s][debug][gc,phases         ] GC(3591)     Reference Processing: 0.0ms
[172.538s][debug][gc,phases,ref     ] GC(3591)       Reconsider SoftReferences: 0.0ms
[172.538s][debug][gc,phases,ref     ] GC(3591)         SoftRef (ms):             skipped
[172.538s][debug][gc,phases,ref     ] GC(3591)       Notify Soft/WeakReferences: 0.0ms
[172.538s][debug][gc,phases,ref     ] GC(3591)         SoftRef (ms):             skipped
[172.538s][debug][gc,phases,ref     ] GC(3591)         WeakRef (ms):             skipped
[172.538s][debug][gc,phases,ref     ] GC(3591)         FinalRef (ms):            skipped
[172.538s][debug][gc,phases,ref     ] GC(3591)         Total (ms):               skipped
[172.538s][debug][gc,phases,ref     ] GC(3591)       Notify and keep alive finalizable: 0.0ms
[172.538s][debug][gc,phases,ref     ] GC(3591)         FinalRef (ms):            skipped
[172.538s][debug][gc,phases,ref     ] GC(3591)       Notify PhantomReferences: 0.0ms
[172.538s][debug][gc,phases,ref     ] GC(3591)         PhantomRef (ms):          skipped
[172.538s][debug][gc,phases,ref     ] GC(3591)       SoftReference:
[172.538s][debug][gc,phases,ref     ] GC(3591)         Discovered: 0
[172.538s][debug][gc,phases,ref     ] GC(3591)         Cleared: 0
[172.538s][debug][gc,phases,ref     ] GC(3591)       WeakReference:
[172.538s][debug][gc,phases,ref     ] GC(3591)         Discovered: 0
[172.538s][debug][gc,phases,ref     ] GC(3591)         Cleared: 0
[172.538s][debug][gc,phases,ref     ] GC(3591)       FinalReference:
[172.538s][debug][gc,phases,ref     ] GC(3591)         Discovered: 0
[172.538s][debug][gc,phases,ref     ] GC(3591)         Cleared: 0
[172.538s][debug][gc,phases,ref     ] GC(3591)       PhantomReference:
[172.538s][debug][gc,phases,ref     ] GC(3591)         Discovered: 0
[172.538s][debug][gc,phases,ref     ] GC(3591)         Cleared: 0
[172.538s][debug][gc,phases         ] GC(3591)     Weak Processing: 0.1ms
[172.538s][debug][gc,phases         ] GC(3591)       JVMTI weak processing: 0.0ms
[172.538s][debug][gc,phases         ] GC(3591)         Dead: 0
[172.538s][debug][gc,phases         ] GC(3591)         Total: 0
[172.538s][debug][gc,phases         ] GC(3591)       JFR weak processing: 0.0ms
[172.538s][debug][gc,phases         ] GC(3591)         Dead: 0
[172.538s][debug][gc,phases         ] GC(3591)         Total: 0
[172.538s][debug][gc,phases         ] GC(3591)       JNI weak                  Min:  0.0, Avg:  0.0, Max:  0.0, Diff:  0.0, Sum:  0.0, Workers: 5
[172.538s][debug][gc,phases         ] GC(3591)         Dead                      Min: 0, Avg:  0.0, Max: 0, Diff: 0, Sum: 0, Workers: 5
[172.538s][debug][gc,phases         ] GC(3591)         Total                     Min: 0, Avg: 25.6, Max: 64, Diff: 64, Sum: 128, Workers: 5
[172.538s][debug][gc,phases         ] GC(3591)       VM weak                   Min:  0.0, Avg:  0.0, Max:  0.0, Diff:  0.0, Sum:  0.0, Workers: 5
[172.538s][debug][gc,phases         ] GC(3591)         Dead                      Min: 0, Avg:  0.0, Max: 0, Diff: 0, Sum: 0, Workers: 5
[172.538s][debug][gc,phases         ] GC(3591)         Total                     Min: 0, Avg: 42.4, Max: 64, Diff: 64, Sum: 212, Workers: 5
[172.538s][debug][gc,phases         ] GC(3591)       StringTable weak          Min:  0.0, Avg:  0.0, Max:  0.0, Diff:  0.0, Sum:  0.1, Workers: 5
[172.538s][debug][gc,phases         ] GC(3591)         Dead                      Min: 0, Avg:  0.0, Max: 0, Diff: 0, Sum: 0, Workers: 5
[172.538s][debug][gc,phases         ] GC(3591)         Total                     Min: 0, Avg: 686.2, Max: 896, Diff: 896, Sum: 3431, Workers: 5
[172.538s][debug][gc,phases         ] GC(3591)       ResolvedMethodTable weak  Min:  0.0, Avg:  0.0, Max:  0.0, Diff:  0.0, Sum:  0.0, Workers: 5
[172.538s][debug][gc,phases         ] GC(3591)         Dead                      Min: 0, Avg:  0.0, Max: 0, Diff: 0, Sum: 0, Workers: 5
[172.538s][debug][gc,phases         ] GC(3591)         Total                     Min: 0, Avg: 114.6, Max: 189, Diff: 189, Sum: 573, Workers: 5
[172.538s][debug][gc,phases         ] GC(3591)     Merge Per-Thread State: 0.0ms
[172.538s][debug][gc,phases         ] GC(3591)       Copied Bytes              Min: 72, Avg: 400319.0, Max: 800544, Diff: 800472, Sum: 3202552, Workers: 8
[172.538s][debug][gc,phases         ] GC(3591)       LAB Waste                 Min: 0, Avg:  0.0, Max: 0, Diff: 0, Sum: 0, Workers: 8
[172.538s][debug][gc,phases         ] GC(3591)       LAB Undo Waste            Min: 0, Avg:  0.0, Max: 0, Diff: 0, Sum: 0, Workers: 8
[172.538s][debug][gc,phases         ] GC(3591)     Code Roots Purge: 0.0ms
[172.538s][debug][gc,phases         ] GC(3591)     Redirty Cards: 0.0ms
[172.538s][debug][gc,phases         ] GC(3591)     DerivedPointerTable Update: 0.0ms
[172.538s][debug][gc,phases         ] GC(3591)     Free Collection Set: 0.2ms
[172.538s][debug][gc,phases         ] GC(3591)     Rebuild Free List: 0.1ms
[172.538s][debug][gc,phases         ] GC(3591)     Humongous Reclaim: 0.0ms
[172.538s][debug][gc,phases         ] GC(3591)     Start New Collection Set: 0.0ms
[172.538s][debug][gc,phases         ] GC(3591)     Resize TLABs: 0.0ms
[172.538s][debug][gc,phases         ] GC(3591)     Expand Heap After Collection: 0.0ms
[172.538s][info ][gc,phases         ] GC(3591)   Other: 0.3ms
[172.538s][info ][gc,heap           ] GC(3591) Eden regions: 869->0(869)
[172.538s][info ][gc,heap           ] GC(3591) Survivor regions: 4->4(110)
[172.538s][info ][gc,heap           ] GC(3591) Old regions: 17->17
[172.538s][info ][gc,heap           ] GC(3591) Archive regions: 2->2
[172.538s][info ][gc,heap           ] GC(3591) Humongous regions: 0->0
[172.538s][info ][gc,metaspace      ] GC(3591) Metaspace: 10069K(10624K)->10069K(10624K) NonClass: 8921K(9216K)->8921K(9216K) Class: 1148K(1408K)->1148K(1408K)
[172.538s][debug][gc,heap           ] GC(3591) Heap after GC invocations=3592 (full 1): garbage-first heap   total 1490944K, used 21310K [0x0000000700000000, 0x0000000800000000)
[172.538s][debug][gc,heap           ] GC(3591)   region size 1024K, 4 young (4096K), 4 survivors (4096K)
[172.538s][debug][gc,heap           ] GC(3591)  Metaspace       used 10069K, capacity 10368K, committed 10624K, reserved 1058816K
[172.538s][debug][gc,heap           ] GC(3591)   class space    used 1148K, capacity 1266K, committed 1408K, reserved 1048576K
[172.538s][info ][gc                ] GC(3591) Pause Young (Normal) (G1 Evacuation Pause) 889M->20M(1456M) 2.319ms
[172.538s][info ][gc,cpu            ] GC(3591) User=0.00s Sys=0.00s Real=0.01s
[172.538s][info ][safepoint         ] Safepoint "G1CollectForAllocation", Time since last: 45384664 ns, Reaching safepoint: 194439 ns, At safepoint: 2601684 ns, Total: 2796123 ns
[172.581s][debug][gc,heap           ] GC(3592) Heap before GC invocations=3592 (full 1): garbage-first heap   total 1490944K, used 910142K [0x0000000700000000, 0x0000000800000000)
[172.581s][debug][gc,heap           ] GC(3592)   region size 1024K, 873 young (893952K), 4 survivors (4096K)
[172.581s][debug][gc,heap           ] GC(3592)  Metaspace       used 10069K, capacity 10368K, committed 10624K, reserved 1058816K
[172.581s][debug][gc,heap           ] GC(3592)   class space    used 1148K, capacity 1266K, committed 1408K, reserved 1048576K
[172.582s][info ][gc,start          ] GC(3592) Pause Young (Normal) (G1 Evacuation Pause)
[172.582s][info ][gc,task           ] GC(3592) Using 8 workers of 8 for evacuation
[172.582s][debug][gc,tlab           ] GC(3592) TLAB totals: thrds: 8  refills: 17 max: 3 slow allocs: 1728 max 247 waste: 21.0% gc: 1054448B max: 224144B slow: 88200B max: 15488B fast: 0B max: 0B
[172.582s][debug][gc,age            ] GC(3592) Desired survivor size 57671680 bytes, new threshold 15 (max threshold 15)
[172.582s][debug][gc,alloc,region   ] GC(3592) Mutator Allocation stats, regions: 869, wasted size: 203M (23.4%)
[172.582s][debug][gc,ergo           ] GC(3592) Running G1 Merge Heap Roots using 8 workers for 873 regions
[172.582s][debug][gc,remset         ] GC(3592) Visited cards 256 Total dirty 2048 (12.50%) Total old 3614720 (0.01%)
[172.582s][debug][gc,ergo           ] GC(3592) Running G1 Clear Card Table Task using 2 workers for 2 units of work for 874 regions.
[172.582s][debug][gc,ref            ] GC(3592) Skipped phase1 of Reference Processing due to unavailable references
[172.582s][debug][gc,ref            ] GC(3592) Skipped phase2 of Reference Processing due to unavailable references
[172.582s][debug][gc,ref            ] GC(3592) Skipped phase3 of Reference Processing due to unavailable references
[172.582s][debug][gc,ref            ] GC(3592) Skipped phase4 of Reference Processing due to unavailable references
[172.583s][debug][gc,ergo           ] GC(3592) Running G1 Free Collection Set using 8 workers for collection set length 873 (1456)
[172.583s][debug][gc,ergo           ] GC(3592) Running G1 Rebuild Free List Task using 8 workers for rebuilding free list of 0 (4096) regions
[172.583s][trace][gc,age            ] GC(3592) Age table with threshold 15 (max threshold 15)
[172.583s][trace][gc,age            ] GC(3592) - age   1:    3202568 bytes,    3202568 total
[172.583s][debug][gc,plab           ] GC(3592) Young PLAB allocation: allocated: 16512B, wasted: 0B, unused: 14064B, used: 2448B, undo waste: 0B, 
[172.583s][debug][gc,plab           ] GC(3592) Young other allocation: region end waste: 731184B, regions filled: 4, direct allocated: 3200120B, failure used: 0B, failure wasted: 0B
[172.583s][debug][gc,plab           ] GC(3592) Young sizing: calculated: 0B, actual: 2064B
[172.583s][debug][gc,plab           ] GC(3592) Old PLAB allocation: allocated: 0B, wasted: 0B, unused: 0B, used: 0B, undo waste: 0B, 
[172.583s][debug][gc,plab           ] GC(3592) Old other allocation: region end waste: 0B, regions filled: 1, direct allocated: 0B, failure used: 0B, failure wasted: 0B
[172.583s][debug][gc,plab           ] GC(3592) Old sizing: calculated: 0B, actual: 2064B
[172.583s][debug][gc,ihop           ] GC(3592) Basic information (value update), threshold: 687026995B (45.00), target occupancy: 1526726656B, current occupancy: 21817640B, recent allocation size: 0B, recent allocation duration: 44.27ms, recent old gen allocation rate: 0.00B/s, recent marking phase length: 29.01ms
[172.583s][debug][gc,ihop           ] GC(3592) Adaptive IHOP information (value update), threshold: 687026995B (47.37), internal target occupancy: 1450390323B, occupancy: 21817640B, additional buffer size: 915406848B, predicted old gen allocation rate: 5430.87B/s, predicted marking phase length: 58.01ms, prediction active: false
[172.583s][debug][gc,ergo,refine    ] GC(3592) Concurrent refinement times: Logged Cards Scan time goal: 20.00ms Logged Cards Scan time: 0.00ms HCC time: 0.00ms
[172.583s][debug][gc,ergo,refine    ] GC(3592) Updated Refinement Zones: green: 2048, yellow: 6144, red: 10240
[172.583s][info ][gc,phases         ] GC(3592)   Pre Evacuate Collection Set: 0.1ms
[172.583s][debug][gc,phases         ] GC(3592)     Prepare TLABs: 0.0ms
[172.583s][debug][gc,phases         ] GC(3592)     Choose Collection Set: 0.0ms
[172.583s][debug][gc,phases         ] GC(3592)     Region Register: 0.1ms
[172.583s][debug][gc,phases         ] GC(3592)     Prepare Heap Roots: 0.0ms
[172.583s][info ][gc,phases         ] GC(3592)   Merge Heap Roots: 0.1ms
[172.583s][debug][gc,phases         ] GC(3592)     Prepare Merge Heap Roots: 0.0ms
[172.583s][debug][gc,phases         ] GC(3592)     Eager Reclaim (ms):       skipped
[172.583s][debug][gc,phases         ] GC(3592)     Remembered Sets (ms):     Min:  0.0, Avg:  0.0, Max:  0.1, Diff:  0.0, Sum:  0.3, Workers: 8
[172.583s][debug][gc,phases         ] GC(3592)       Merged Sparse:            Min: 0, Avg:  0.0, Max: 0, Diff: 0, Sum: 0, Workers: 8
[172.583s][debug][gc,phases         ] GC(3592)       Merged Fine:              Min: 0, Avg:  0.0, Max: 0, Diff: 0, Sum: 0, Workers: 8
[172.583s][debug][gc,phases         ] GC(3592)       Merged Coarse:            Min: 0, Avg:  0.0, Max: 0, Diff: 0, Sum: 0, Workers: 8
[172.583s][debug][gc,phases         ] GC(3592)       Dirty Cards:              Min: 0, Avg:  0.0, Max: 0, Diff: 0, Sum: 0, Workers: 8
[172.583s][debug][gc,phases         ] GC(3592)     Hot Card Cache (ms):      Min:  0.0, Avg:  0.0, Max:  0.0, Diff:  0.0, Sum:  0.0, Workers: 8
[172.583s][debug][gc,phases         ] GC(3592)       Dirty Cards:              Min: 0, Avg:  0.0, Max: 0, Diff: 0, Sum: 0, Workers: 8
[172.583s][debug][gc,phases         ] GC(3592)       Skipped Cards:            Min: 0, Avg:  0.0, Max: 0, Diff: 0, Sum: 0, Workers: 8
[172.583s][debug][gc,phases         ] GC(3592)     Log Buffers (ms):         Min:  0.0, Avg:  0.0, Max:  0.0, Diff:  0.0, Sum:  0.0, Workers: 8
[172.583s][debug][gc,phases         ] GC(3592)       Dirty Cards:              Min: 0, Avg:  0.1, Max: 1, Diff: 1, Sum: 1, Workers: 8
[172.583s][debug][gc,phases         ] GC(3592)       Skipped Cards:            Min: 0, Avg:  0.0, Max: 0, Diff: 0, Sum: 0, Workers: 8
[172.583s][info ][gc,phases         ] GC(3592)   Evacuate Collection Set: 0.4ms
[172.583s][debug][gc,phases         ] GC(3592)     Ext Root Scanning (ms):   Min:  0.1, Avg:  0.2, Max:  0.3, Diff:  0.2, Sum:  1.8, Workers: 8
[172.583s][debug][gc,phases         ] GC(3592)     Scan Heap Roots (ms):     Min:  0.0, Avg:  0.0, Max:  0.0, Diff:  0.0, Sum:  0.0, Workers: 8
[172.583s][debug][gc,phases         ] GC(3592)       Scanned Cards:            Min: 0, Avg:  0.1, Max: 1, Diff: 1, Sum: 1, Workers: 8
[172.583s][debug][gc,phases         ] GC(3592)       Scanned Blocks:           Min: 0, Avg:  0.1, Max: 1, Diff: 1, Sum: 1, Workers: 8
[172.583s][debug][gc,phases         ] GC(3592)       Claimed Chunks:           Min: 0, Avg:  0.1, Max: 1, Diff: 1, Sum: 1, Workers: 8
[172.583s][debug][gc,phases         ] GC(3592)     Code Root Scan (ms):      Min:  0.0, Avg:  0.0, Max:  0.1, Diff:  0.1, Sum:  0.2, Workers: 8
[172.583s][debug][gc,phases         ] GC(3592)     Object Copy (ms):         Min:  0.0, Avg:  0.0, Max:  0.0, Diff:  0.0, Sum:  0.0, Workers: 8
[172.583s][debug][gc,phases         ] GC(3592)     Termination (ms):         Min:  0.0, Avg:  0.0, Max:  0.1, Diff:  0.0, Sum:  0.4, Workers: 8
[172.583s][debug][gc,phases         ] GC(3592)       Termination Attempts:     Min: 1, Avg:  1.0, Max: 1, Diff: 0, Sum: 8, Workers: 8
[172.583s][debug][gc,phases         ] GC(3592)     GC Worker Other (ms):     Min:  0.0, Avg:  0.0, Max:  0.1, Diff:  0.0, Sum:  0.3, Workers: 8
[172.583s][debug][gc,phases         ] GC(3592)     GC Worker Total (ms):     Min:  0.3, Avg:  0.3, Max:  0.4, Diff:  0.0, Sum:  2.7, Workers: 8
[172.583s][info ][gc,phases         ] GC(3592)   Post Evacuate Collection Set: 0.6ms
[172.583s][debug][gc,phases         ] GC(3592)     Code Roots Fixup: 0.0ms
[172.583s][debug][gc,phases         ] GC(3592)     Clear Card Table: 0.2ms
[172.583s][debug][gc,phases         ] GC(3592)     Reference Processing: 0.0ms
[172.583s][debug][gc,phases,ref     ] GC(3592)       Reconsider SoftReferences: 0.0ms
[172.583s][debug][gc,phases,ref     ] GC(3592)         SoftRef (ms):             skipped
[172.583s][debug][gc,phases,ref     ] GC(3592)       Notify Soft/WeakReferences: 0.0ms
[172.583s][debug][gc,phases,ref     ] GC(3592)         SoftRef (ms):             skipped
[172.583s][debug][gc,phases,ref     ] GC(3592)         WeakRef (ms):             skipped
[172.583s][debug][gc,phases,ref     ] GC(3592)         FinalRef (ms):            skipped
[172.583s][debug][gc,phases,ref     ] GC(3592)         Total (ms):               skipped
[172.583s][debug][gc,phases,ref     ] GC(3592)       Notify and keep alive finalizable: 0.0ms
[172.583s][debug][gc,phases,ref     ] GC(3592)         FinalRef (ms):            skipped
[172.583s][debug][gc,phases,ref     ] GC(3592)       Notify PhantomReferences: 0.0ms
[172.583s][debug][gc,phases,ref     ] GC(3592)         PhantomRef (ms):          skipped
[172.583s][debug][gc,phases,ref     ] GC(3592)       SoftReference:
[172.583s][debug][gc,phases,ref     ] GC(3592)         Discovered: 0
[172.583s][debug][gc,phases,ref     ] GC(3592)         Cleared: 0
[172.583s][debug][gc,phases,ref     ] GC(3592)       WeakReference:
[172.583s][debug][gc,phases,ref     ] GC(3592)         Discovered: 0
[172.583s][debug][gc,phases,ref     ] GC(3592)         Cleared: 0
[172.583s][debug][gc,phases,ref     ] GC(3592)       FinalReference:
[172.583s][debug][gc,phases,ref     ] GC(3592)         Discovered: 0
[172.583s][debug][gc,phases,ref     ] GC(3592)         Cleared: 0
[172.583s][debug][gc,phases,ref     ] GC(3592)       PhantomReference:
[172.583s][debug][gc,phases,ref     ] GC(3592)         Discovered: 0
[172.583s][debug][gc,phases,ref     ] GC(3592)         Cleared: 0
[172.583s][debug][gc,phases         ] GC(3592)     Weak Processing: 0.1ms
[172.583s][debug][gc,phases         ] GC(3592)       JVMTI weak processing: 0.0ms
[172.583s][debug][gc,phases         ] GC(3592)         Dead: 0
[172.583s][debug][gc,phases         ] GC(3592)         Total: 0
[172.583s][debug][gc,phases         ] GC(3592)       JFR weak processing: 0.0ms
[172.583s][debug][gc,phases         ] GC(3592)         Dead: 0
[172.583s][debug][gc,phases         ] GC(3592)         Total: 0
[172.583s][debug][gc,phases         ] GC(3592)       JNI weak                  Min:  0.0, Avg:  0.0, Max:  0.0, Diff:  0.0, Sum:  0.0, Workers: 5
[172.583s][debug][gc,phases         ] GC(3592)         Dead                      Min: 0, Avg:  0.0, Max: 0, Diff: 0, Sum: 0, Workers: 5
[172.583s][debug][gc,phases         ] GC(3592)         Total                     Min: 0, Avg: 25.6, Max: 64, Diff: 64, Sum: 128, Workers: 5
[172.583s][debug][gc,phases         ] GC(3592)       VM weak                   Min:  0.0, Avg:  0.0, Max:  0.0, Diff:  0.0, Sum:  0.0, Workers: 5
[172.583s][debug][gc,phases         ] GC(3592)         Dead                      Min: 0, Avg:  0.0, Max: 0, Diff: 0, Sum: 0, Workers: 5
[172.583s][debug][gc,phases         ] GC(3592)         Total                     Min: 0, Avg: 42.4, Max: 128, Diff: 128, Sum: 212, Workers: 5
[172.583s][debug][gc,phases         ] GC(3592)       StringTable weak          Min:  0.0, Avg:  0.0, Max:  0.0, Diff:  0.0, Sum:  0.1, Workers: 5
[172.583s][debug][gc,phases         ] GC(3592)         Dead                      Min: 0, Avg:  0.0, Max: 0, Diff: 0, Sum: 0, Workers: 5
[172.584s][debug][gc,phases         ] GC(3592)         Total                     Min: 0, Avg: 686.2, Max: 1728, Diff: 1728, Sum: 3431, Workers: 5
[172.584s][debug][gc,phases         ] GC(3592)       ResolvedMethodTable weak  Min:  0.0, Avg:  0.0, Max:  0.0, Diff:  0.0, Sum:  0.0, Workers: 5
[172.584s][debug][gc,phases         ] GC(3592)         Dead                      Min: 0, Avg:  0.0, Max: 0, Diff: 0, Sum: 0, Workers: 5
[172.584s][debug][gc,phases         ] GC(3592)         Total                     Min: 0, Avg: 114.6, Max: 317, Diff: 317, Sum: 573, Workers: 5
[172.584s][debug][gc,phases         ] GC(3592)     Merge Per-Thread State: 0.0ms
[172.584s][debug][gc,phases         ] GC(3592)       Copied Bytes              Min: 792, Avg: 400321.0, Max: 800096, Diff: 799304, Sum: 3202568, Workers: 8
[172.584s][debug][gc,phases         ] GC(3592)       LAB Waste                 Min: 0, Avg:  0.0, Max: 0, Diff: 0, Sum: 0, Workers: 8
[172.584s][debug][gc,phases         ] GC(3592)       LAB Undo Waste            Min: 0, Avg:  0.0, Max: 0, Diff: 0, Sum: 0, Workers: 8
[172.584s][debug][gc,phases         ] GC(3592)     Code Roots Purge: 0.0ms
[172.584s][debug][gc,phases         ] GC(3592)     Redirty Cards: 0.0ms
[172.584s][debug][gc,phases         ] GC(3592)     DerivedPointerTable Update: 0.0ms
[172.584s][debug][gc,phases         ] GC(3592)     Free Collection Set: 0.2ms
[172.584s][debug][gc,phases         ] GC(3592)     Rebuild Free List: 0.1ms
[172.584s][debug][gc,phases         ] GC(3592)     Humongous Reclaim: 0.0ms
[172.584s][debug][gc,phases         ] GC(3592)     Start New Collection Set: 0.0ms
[172.584s][debug][gc,phases         ] GC(3592)     Resize TLABs: 0.0ms
[172.584s][debug][gc,phases         ] GC(3592)     Expand Heap After Collection: 0.0ms
[172.584s][info ][gc,phases         ] GC(3592)   Other: 0.3ms
[172.584s][info ][gc,heap           ] GC(3592) Eden regions: 869->0(869)
[172.584s][info ][gc,heap           ] GC(3592) Survivor regions: 4->4(110)
[172.584s][info ][gc,heap           ] GC(3592) Old regions: 17->17
[172.584s][info ][gc,heap           ] GC(3592) Archive regions: 2->2
[172.584s][info ][gc,heap           ] GC(3592) Humongous regions: 0->0
[172.584s][info ][gc,metaspace      ] GC(3592) Metaspace: 10069K(10624K)->10069K(10624K) NonClass: 8921K(9216K)->8921K(9216K) Class: 1148K(1408K)->1148K(1408K)
[172.584s][debug][gc,heap           ] GC(3592) Heap after GC invocations=3593 (full 1): garbage-first heap   total 1490944K, used 21306K [0x0000000700000000, 0x0000000800000000)
[172.584s][debug][gc,heap           ] GC(3592)   region size 1024K, 4 young (4096K), 4 survivors (4096K)
[172.584s][debug][gc,heap           ] GC(3592)  Metaspace       used 10069K, capacity 10368K, committed 10624K, reserved 1058816K
[172.584s][debug][gc,heap           ] GC(3592)   class space    used 1148K, capacity 1266K, committed 1408K, reserved 1048576K
[172.584s][info ][gc                ] GC(3592) Pause Young (Normal) (G1 Evacuation Pause) 889M->20M(1456M) 2.179ms
[172.584s][info ][gc,cpu            ] GC(3592) User=0.01s Sys=0.00s Real=0.00s
[172.584s][info ][safepoint         ] Safepoint "G1CollectForAllocation", Time since last: 42976716 ns, Reaching safepoint: 135759 ns, At safepoint: 2350726 ns, Total: 2486485 ns
[172.630s][debug][gc,heap           ] GC(3593) Heap before GC invocations=3593 (full 1): garbage-first heap   total 1490944K, used 910138K [0x0000000700000000, 0x0000000800000000)
[172.630s][debug][gc,heap           ] GC(3593)   region size 1024K, 873 young (893952K), 4 survivors (4096K)
[172.630s][debug][gc,heap           ] GC(3593)  Metaspace       used 10069K, capacity 10368K, committed 10624K, reserved 1058816K
[172.630s][debug][gc,heap           ] GC(3593)   class space    used 1148K, capacity 1266K, committed 1408K, reserved 1048576K
[172.630s][info ][gc,start          ] GC(3593) Pause Young (Normal) (G1 Evacuation Pause)
[172.630s][info ][gc,task           ] GC(3593) Using 8 workers of 8 for evacuation
[172.630s][debug][gc,tlab           ] GC(3593) TLAB totals: thrds: 8  refills: 12 max: 2 slow allocs: 1732 max 260 waste: 29.7% gc: 1082928B max: 236312B slow: 55176B max: 13912B fast: 0B max: 0B
[172.630s][debug][gc,age            ] GC(3593) Desired survivor size 57671680 bytes, new threshold 15 (max threshold 15)
[172.630s][debug][gc,alloc,region   ] GC(3593) Mutator Allocation stats, regions: 869, wasted size: 203M (23.4%)
[172.630s][debug][gc,ergo           ] GC(3593) Running G1 Merge Heap Roots using 8 workers for 873 regions
[172.630s][debug][gc,remset         ] GC(3593) Visited cards 512 Total dirty 4096 (12.50%) Total old 3614720 (0.01%)
[172.631s][debug][gc,ergo           ] GC(3593) Running G1 Clear Card Table Task using 2 workers for 2 units of work for 875 regions.
[172.631s][debug][gc,ref            ] GC(3593) Skipped phase1 of Reference Processing due to unavailable references
[172.631s][debug][gc,ref            ] GC(3593) Skipped phase2 of Reference Processing due to unavailable references
[172.631s][debug][gc,ref            ] GC(3593) Skipped phase3 of Reference Processing due to unavailable references
[172.631s][debug][gc,ref            ] GC(3593) Skipped phase4 of Reference Processing due to unavailable references
[172.631s][debug][gc,ergo           ] GC(3593) Running G1 Free Collection Set using 8 workers for collection set length 873 (1456)
[172.631s][debug][gc,ergo           ] GC(3593) Running G1 Rebuild Free List Task using 8 workers for rebuilding free list of 0 (4096) regions
[172.631s][trace][gc,age            ] GC(3593) Age table with threshold 15 (max threshold 15)
[172.631s][trace][gc,age            ] GC(3593) - age   1:    2402536 bytes,    2402536 total
[172.631s][debug][gc,plab           ] GC(3593) Young PLAB allocation: allocated: 16512B, wasted: 0B, unused: 14064B, used: 2448B, undo waste: 0B, 
[172.631s][debug][gc,plab           ] GC(3593) Young other allocation: region end waste: 482640B, regions filled: 3, direct allocated: 2400088B, failure used: 0B, failure wasted: 0B
[172.631s][debug][gc,plab           ] GC(3593) Young sizing: calculated: 0B, actual: 2064B
[172.631s][debug][gc,plab           ] GC(3593) Old PLAB allocation: allocated: 0B, wasted: 0B, unused: 0B, used: 0B, undo waste: 0B, 
[172.631s][debug][gc,plab           ] GC(3593) Old other allocation: region end waste: 0B, regions filled: 1, direct allocated: 0B, failure used: 0B, failure wasted: 0B
[172.631s][debug][gc,plab           ] GC(3593) Old sizing: calculated: 0B, actual: 2064B
[172.631s][debug][gc,ihop           ] GC(3593) Basic information (value update), threshold: 687026995B (45.00), target occupancy: 1526726656B, current occupancy: 20769064B, recent allocation size: 0B, recent allocation duration: 46.92ms, recent old gen allocation rate: 0.00B/s, recent marking phase length: 29.01ms
[172.631s][debug][gc,ihop           ] GC(3593) Adaptive IHOP information (value update), threshold: 687026995B (47.37), internal target occupancy: 1450390323B, occupancy: 20769064B, additional buffer size: 915406848B, predicted old gen allocation rate: 5284.87B/s, predicted marking phase length: 58.01ms, prediction active: false
[172.631s][debug][gc,ergo,refine    ] GC(3593) Concurrent refinement times: Logged Cards Scan time goal: 20.00ms Logged Cards Scan time: 0.00ms HCC time: 0.00ms
[172.631s][debug][gc,ergo,refine    ] GC(3593) Updated Refinement Zones: green: 2048, yellow: 6144, red: 10240
[172.631s][info ][gc,phases         ] GC(3593)   Pre Evacuate Collection Set: 0.1ms
[172.631s][debug][gc,phases         ] GC(3593)     Prepare TLABs: 0.0ms
[172.631s][debug][gc,phases         ] GC(3593)     Choose Collection Set: 0.0ms
[172.631s][debug][gc,phases         ] GC(3593)     Region Register: 0.1ms
[172.631s][debug][gc,phases         ] GC(3593)     Prepare Heap Roots: 0.0ms
[172.631s][info ][gc,phases         ] GC(3593)   Merge Heap Roots: 0.1ms
[172.631s][debug][gc,phases         ] GC(3593)     Prepare Merge Heap Roots: 0.0ms
[172.631s][debug][gc,phases         ] GC(3593)     Eager Reclaim (ms):       skipped
[172.631s][debug][gc,phases         ] GC(3593)     Remembered Sets (ms):     Min:  0.0, Avg:  0.0, Max:  0.1, Diff:  0.0, Sum:  0.3, Workers: 8
[172.631s][debug][gc,phases         ] GC(3593)       Merged Sparse:            Min: 0, Avg:  0.0, Max: 0, Diff: 0, Sum: 0, Workers: 8
[172.631s][debug][gc,phases         ] GC(3593)       Merged Fine:              Min: 0, Avg:  0.0, Max: 0, Diff: 0, Sum: 0, Workers: 8
[172.631s][debug][gc,phases         ] GC(3593)       Merged Coarse:            Min: 0, Avg:  0.0, Max: 0, Diff: 0, Sum: 0, Workers: 8
[172.631s][debug][gc,phases         ] GC(3593)       Dirty Cards:              Min: 0, Avg:  0.0, Max: 0, Diff: 0, Sum: 0, Workers: 8
[172.632s][debug][gc,phases         ] GC(3593)     Hot Card Cache (ms):      Min:  0.0, Avg:  0.0, Max:  0.0, Diff:  0.0, Sum:  0.0, Workers: 8
[172.632s][debug][gc,phases         ] GC(3593)       Dirty Cards:              Min: 0, Avg:  0.0, Max: 0, Diff: 0, Sum: 0, Workers: 8
[172.632s][debug][gc,phases         ] GC(3593)       Skipped Cards:            Min: 0, Avg:  0.0, Max: 0, Diff: 0, Sum: 0, Workers: 8
[172.632s][debug][gc,phases         ] GC(3593)     Log Buffers (ms):         Min:  0.0, Avg:  0.0, Max:  0.0, Diff:  0.0, Sum:  0.0, Workers: 8
[172.632s][debug][gc,phases         ] GC(3593)       Dirty Cards:              Min: 0, Avg:  0.2, Max: 1, Diff: 1, Sum: 2, Workers: 8
[172.632s][debug][gc,phases         ] GC(3593)       Skipped Cards:            Min: 0, Avg:  0.0, Max: 0, Diff: 0, Sum: 0, Workers: 8
[172.632s][info ][gc,phases         ] GC(3593)   Evacuate Collection Set: 0.3ms
[172.632s][debug][gc,phases         ] GC(3593)     Ext Root Scanning (ms):   Min:  0.0, Avg:  0.1, Max:  0.3, Diff:  0.2, Sum:  1.2, Workers: 8
[172.632s][debug][gc,phases         ] GC(3593)     Scan Heap Roots (ms):     Min:  0.0, Avg:  0.0, Max:  0.0, Diff:  0.0, Sum:  0.0, Workers: 8
[172.632s][debug][gc,phases         ] GC(3593)       Scanned Cards:            Min: 0, Avg:  0.2, Max: 1, Diff: 1, Sum: 2, Workers: 8
[172.632s][debug][gc,phases         ] GC(3593)       Scanned Blocks:           Min: 0, Avg:  0.2, Max: 1, Diff: 1, Sum: 2, Workers: 8
[172.632s][debug][gc,phases         ] GC(3593)       Claimed Chunks:           Min: 0, Avg:  0.2, Max: 1, Diff: 1, Sum: 2, Workers: 8
[172.632s][debug][gc,phases         ] GC(3593)     Code Root Scan (ms):      Min:  0.0, Avg:  0.0, Max:  0.1, Diff:  0.1, Sum:  0.2, Workers: 8
[172.632s][debug][gc,phases         ] GC(3593)     Object Copy (ms):         Min:  0.0, Avg:  0.0, Max:  0.0, Diff:  0.0, Sum:  0.0, Workers: 8
[172.632s][debug][gc,phases         ] GC(3593)     Termination (ms):         Min:  0.0, Avg:  0.1, Max:  0.1, Diff:  0.1, Sum:  0.5, Workers: 8
[172.632s][debug][gc,phases         ] GC(3593)       Termination Attempts:     Min: 1, Avg:  1.0, Max: 1, Diff: 0, Sum: 8, Workers: 8
[172.632s][debug][gc,phases         ] GC(3593)     GC Worker Other (ms):     Min:  0.0, Avg:  0.0, Max:  0.1, Diff:  0.1, Sum:  0.4, Workers: 8
[172.632s][debug][gc,phases         ] GC(3593)     GC Worker Total (ms):     Min:  0.3, Avg:  0.3, Max:  0.3, Diff:  0.0, Sum:  2.3, Workers: 8
[172.632s][info ][gc,phases         ] GC(3593)   Post Evacuate Collection Set: 0.7ms
[172.632s][debug][gc,phases         ] GC(3593)     Code Roots Fixup: 0.0ms
[172.632s][debug][gc,phases         ] GC(3593)     Clear Card Table: 0.2ms
[172.632s][debug][gc,phases         ] GC(3593)     Reference Processing: 0.0ms
[172.632s][debug][gc,phases,ref     ] GC(3593)       Reconsider SoftReferences: 0.0ms
[172.632s][debug][gc,phases,ref     ] GC(3593)         SoftRef (ms):             skipped
[172.632s][debug][gc,phases,ref     ] GC(3593)       Notify Soft/WeakReferences: 0.0ms
[172.632s][debug][gc,phases,ref     ] GC(3593)         SoftRef (ms):             skipped
[172.632s][debug][gc,phases,ref     ] GC(3593)         WeakRef (ms):             skipped
[172.632s][debug][gc,phases,ref     ] GC(3593)         FinalRef (ms):            skipped
[172.632s][debug][gc,phases,ref     ] GC(3593)         Total (ms):               skipped
[172.632s][debug][gc,phases,ref     ] GC(3593)       Notify and keep alive finalizable: 0.0ms
[172.632s][debug][gc,phases,ref     ] GC(3593)         FinalRef (ms):            skipped
[172.632s][debug][gc,phases,ref     ] GC(3593)       Notify PhantomReferences: 0.0ms
[172.632s][debug][gc,phases,ref     ] GC(3593)         PhantomRef (ms):          skipped
[172.632s][debug][gc,phases,ref     ] GC(3593)       SoftReference:
[172.632s][debug][gc,phases,ref     ] GC(3593)         Discovered: 0
[172.632s][debug][gc,phases,ref     ] GC(3593)         Cleared: 0
[172.632s][debug][gc,phases,ref     ] GC(3593)       WeakReference:
[172.632s][debug][gc,phases,ref     ] GC(3593)         Discovered: 0
[172.632s][debug][gc,phases,ref     ] GC(3593)         Cleared: 0
[172.632s][debug][gc,phases,ref     ] GC(3593)       FinalReference:
[172.632s][debug][gc,phases,ref     ] GC(3593)         Discovered: 0
[172.632s][debug][gc,phases,ref     ] GC(3593)         Cleared: 0
[172.632s][debug][gc,phases,ref     ] GC(3593)       PhantomReference:
[172.632s][debug][gc,phases,ref     ] GC(3593)         Discovered: 0
[172.632s][debug][gc,phases,ref     ] GC(3593)         Cleared: 0
[172.632s][debug][gc,phases         ] GC(3593)     Weak Processing: 0.1ms
[172.632s][debug][gc,phases         ] GC(3593)       JVMTI weak processing: 0.0ms
[172.632s][debug][gc,phases         ] GC(3593)         Dead: 0
[172.632s][debug][gc,phases         ] GC(3593)         Total: 0
[172.632s][debug][gc,phases         ] GC(3593)       JFR weak processing: 0.0ms
[172.632s][debug][gc,phases         ] GC(3593)         Dead: 0
[172.632s][debug][gc,phases         ] GC(3593)         Total: 0
[172.632s][debug][gc,phases         ] GC(3593)       JNI weak                  Min:  0.0, Avg:  0.0, Max:  0.0, Diff:  0.0, Sum:  0.0, Workers: 5
[172.632s][debug][gc,phases         ] GC(3593)         Dead                      Min: 0, Avg:  0.0, Max: 0, Diff: 0, Sum: 0, Workers: 5
[172.632s][debug][gc,phases         ] GC(3593)         Total                     Min: 0, Avg: 25.6, Max: 64, Diff: 64, Sum: 128, Workers: 5
[172.632s][debug][gc,phases         ] GC(3593)       VM weak                   Min:  0.0, Avg:  0.0, Max:  0.0, Diff:  0.0, Sum:  0.0, Workers: 5
[172.632s][debug][gc,phases         ] GC(3593)         Dead                      Min: 0, Avg:  0.0, Max: 0, Diff: 0, Sum: 0, Workers: 5
[172.632s][debug][gc,phases         ] GC(3593)         Total                     Min: 0, Avg: 42.4, Max: 128, Diff: 128, Sum: 212, Workers: 5
[172.632s][debug][gc,phases         ] GC(3593)       StringTable weak          Min:  0.0, Avg:  0.0, Max:  0.0, Diff:  0.0, Sum:  0.1, Workers: 5
[172.632s][debug][gc,phases         ] GC(3593)         Dead                      Min: 0, Avg:  0.0, Max: 0, Diff: 0, Sum: 0, Workers: 5
[172.632s][debug][gc,phases         ] GC(3593)         Total                     Min: 0, Avg: 686.2, Max: 1728, Diff: 1728, Sum: 3431, Workers: 5
[172.632s][debug][gc,phases         ] GC(3593)       ResolvedMethodTable weak  Min:  0.0, Avg:  0.0, Max:  0.0, Diff:  0.0, Sum:  0.0, Workers: 5
[172.632s][debug][gc,phases         ] GC(3593)         Dead                      Min: 0, Avg:  0.0, Max: 0, Diff: 0, Sum: 0, Workers: 5
[172.632s][debug][gc,phases         ] GC(3593)         Total                     Min: 0, Avg: 114.6, Max: 253, Diff: 253, Sum: 573, Workers: 5
[172.632s][debug][gc,phases         ] GC(3593)     Merge Per-Thread State: 0.0ms
[172.632s][debug][gc,phases         ] GC(3593)       Copied Bytes              Min: 72, Avg: 300317.0, Max: 800096, Diff: 800024, Sum: 2402536, Workers: 8
[172.632s][debug][gc,phases         ] GC(3593)       LAB Waste                 Min: 0, Avg:  0.0, Max: 0, Diff: 0, Sum: 0, Workers: 8
[172.632s][debug][gc,phases         ] GC(3593)       LAB Undo Waste            Min: 0, Avg:  0.0, Max: 0, Diff: 0, Sum: 0, Workers: 8
[172.632s][debug][gc,phases         ] GC(3593)     Code Roots Purge: 0.0ms
[172.632s][debug][gc,phases         ] GC(3593)     Redirty Cards: 0.0ms
[172.632s][debug][gc,phases         ] GC(3593)     DerivedPointerTable Update: 0.0ms
[172.632s][debug][gc,phases         ] GC(3593)     Free Collection Set: 0.2ms
[172.632s][debug][gc,phases         ] GC(3593)     Rebuild Free List: 0.1ms
[172.632s][debug][gc,phases         ] GC(3593)     Humongous Reclaim: 0.0ms
[172.632s][debug][gc,phases         ] GC(3593)     Start New Collection Set: 0.0ms
[172.632s][debug][gc,phases         ] GC(3593)     Resize TLABs: 0.0ms
[172.632s][debug][gc,phases         ] GC(3593)     Expand Heap After Collection: 0.0ms
[172.632s][info ][gc,phases         ] GC(3593)   Other: 0.3ms
[172.632s][info ][gc,heap           ] GC(3593) Eden regions: 869->0(870)
[172.632s][info ][gc,heap           ] GC(3593) Survivor regions: 4->3(110)
[172.632s][info ][gc,heap           ] GC(3593) Old regions: 17->17
[172.632s][info ][gc,heap           ] GC(3593) Archive regions: 2->2
[172.632s][info ][gc,heap           ] GC(3593) Humongous regions: 0->0
[172.632s][info ][gc,metaspace      ] GC(3593) Metaspace: 10069K(10624K)->10069K(10624K) NonClass: 8921K(9216K)->8921K(9216K) Class: 1148K(1408K)->1148K(1408K)
[172.632s][debug][gc,heap           ] GC(3593) Heap after GC invocations=3594 (full 1): garbage-first heap   total 1490944K, used 20282K [0x0000000700000000, 0x0000000800000000)
[172.632s][debug][gc,heap           ] GC(3593)   region size 1024K, 3 young (3072K), 3 survivors (3072K)
[172.632s][debug][gc,heap           ] GC(3593)  Metaspace       used 10069K, capacity 10368K, committed 10624K, reserved 1058816K
[172.632s][debug][gc,heap           ] GC(3593)   class space    used 1148K, capacity 1266K, committed 1408K, reserved 1048576K
[172.632s][info ][gc                ] GC(3593) Pause Young (Normal) (G1 Evacuation Pause) 889M->19M(1456M) 2.263ms
[172.632s][info ][gc,cpu            ] GC(3593) User=0.00s Sys=0.00s Real=0.00s
[172.632s][info ][safepoint         ] Safepoint "G1CollectForAllocation", Time since last: 45741451 ns, Reaching safepoint: 235521 ns, At safepoint: 2450908 ns, Total: 2686429 ns
[172.676s][debug][gc,heap           ] GC(3594) Heap before GC invocations=3594 (full 1): garbage-first heap   total 1490944K, used 910138K [0x0000000700000000, 0x0000000800000000)
[172.676s][debug][gc,heap           ] GC(3594)   region size 1024K, 873 young (893952K), 3 survivors (3072K)
[172.676s][debug][gc,heap           ] GC(3594)  Metaspace       used 10069K, capacity 10368K, committed 10624K, reserved 1058816K
[172.676s][debug][gc,heap           ] GC(3594)   class space    used 1148K, capacity 1266K, committed 1408K, reserved 1048576K
[172.676s][info ][gc,start          ] GC(3594) Pause Young (Normal) (G1 Evacuation Pause)
[172.676s][info ][gc,task           ] GC(3594) Using 8 workers of 8 for evacuation
[172.676s][debug][gc,tlab           ] GC(3594) TLAB totals: thrds: 8  refills: 13 max: 3 slow allocs: 1733 max 237 waste: 29.7% gc: 1081776B max: 225800B slow: 56840B max: 15096B fast: 0B max: 0B
[172.676s][debug][gc,age            ] GC(3594) Desired survivor size 57671680 bytes, new threshold 15 (max threshold 15)
[172.676s][debug][gc,alloc,region   ] GC(3594) Mutator Allocation stats, regions: 870, wasted size: 203M (23.4%)
[172.676s][debug][gc,ergo           ] GC(3594) Running G1 Merge Heap Roots using 8 workers for 873 regions
[172.676s][debug][gc,remset         ] GC(3594) Visited cards 256 Total dirty 2048 (12.50%) Total old 3614720 (0.01%)
[172.677s][debug][gc,ergo           ] GC(3594) Running G1 Clear Card Table Task using 2 workers for 2 units of work for 874 regions.
[172.677s][debug][gc,ref            ] GC(3594) Skipped phase1 of Reference Processing due to unavailable references
[172.677s][debug][gc,ref            ] GC(3594) Skipped phase2 of Reference Processing due to unavailable references
[172.677s][debug][gc,ref            ] GC(3594) Skipped phase3 of Reference Processing due to unavailable references
[172.677s][debug][gc,ref            ] GC(3594) Skipped phase4 of Reference Processing due to unavailable references
[172.677s][debug][gc,ergo           ] GC(3594) Running G1 Free Collection Set using 8 workers for collection set length 873 (1456)
[172.677s][debug][gc,ergo           ] GC(3594) Running G1 Rebuild Free List Task using 8 workers for rebuilding free list of 0 (4096) regions
[172.677s][trace][gc,age            ] GC(3594) Age table with threshold 15 (max threshold 15)
[172.677s][trace][gc,age            ] GC(3594) - age   1:    4002576 bytes,    4002576 total
[172.677s][debug][gc,plab           ] GC(3594) Young PLAB allocation: allocated: 16512B, wasted: 0B, unused: 14064B, used: 2448B, undo waste: 0B, 
[172.677s][debug][gc,plab           ] GC(3594) Young other allocation: region end waste: 983872B, regions filled: 5, direct allocated: 4000128B, failure used: 0B, failure wasted: 0B
[172.677s][debug][gc,plab           ] GC(3594) Young sizing: calculated: 0B, actual: 2064B
[172.677s][debug][gc,plab           ] GC(3594) Old PLAB allocation: allocated: 0B, wasted: 0B, unused: 0B, used: 0B, undo waste: 0B, 
[172.677s][debug][gc,plab           ] GC(3594) Old other allocation: region end waste: 0B, regions filled: 1, direct allocated: 0B, failure used: 0B, failure wasted: 0B
[172.677s][debug][gc,plab           ] GC(3594) Old sizing: calculated: 0B, actual: 2064B
[172.677s][debug][gc,ihop           ] GC(3594) Basic information (value update), threshold: 687026995B (45.00), target occupancy: 1526726656B, current occupancy: 22870336B, recent allocation size: 0B, recent allocation duration: 44.42ms, recent old gen allocation rate: 0.00B/s, recent marking phase length: 29.01ms
[172.677s][debug][gc,ihop           ] GC(3594) Adaptive IHOP information (value update), threshold: 687026995B (47.37), internal target occupancy: 1450390323B, occupancy: 22870336B, additional buffer size: 915406848B, predicted old gen allocation rate: 5142.99B/s, predicted marking phase length: 58.01ms, prediction active: false
[172.677s][debug][gc,ergo,refine    ] GC(3594) Concurrent refinement times: Logged Cards Scan time goal: 20.00ms Logged Cards Scan time: 0.00ms HCC time: 0.00ms
[172.677s][debug][gc,ergo,refine    ] GC(3594) Updated Refinement Zones: green: 2048, yellow: 6144, red: 10240
[172.677s][info ][gc,phases         ] GC(3594)   Pre Evacuate Collection Set: 0.1ms
[172.677s][debug][gc,phases         ] GC(3594)     Prepare TLABs: 0.0ms
[172.677s][debug][gc,phases         ] GC(3594)     Choose Collection Set: 0.0ms
[172.677s][debug][gc,phases         ] GC(3594)     Region Register: 0.1ms
[172.677s][debug][gc,phases         ] GC(3594)     Prepare Heap Roots: 0.0ms
[172.677s][info ][gc,phases         ] GC(3594)   Merge Heap Roots: 0.2ms
[172.677s][debug][gc,phases         ] GC(3594)     Prepare Merge Heap Roots: 0.0ms
[172.677s][debug][gc,phases         ] GC(3594)     Eager Reclaim (ms):       skipped
[172.677s][debug][gc,phases         ] GC(3594)     Remembered Sets (ms):     Min:  0.0, Avg:  0.0, Max:  0.1, Diff:  0.0, Sum:  0.3, Workers: 8
[172.677s][debug][gc,phases         ] GC(3594)       Merged Sparse:            Min: 0, Avg:  0.0, Max: 0, Diff: 0, Sum: 0, Workers: 8
[172.677s][debug][gc,phases         ] GC(3594)       Merged Fine:              Min: 0, Avg:  0.0, Max: 0, Diff: 0, Sum: 0, Workers: 8
[172.678s][debug][gc,phases         ] GC(3594)       Merged Coarse:            Min: 0, Avg:  0.0, Max: 0, Diff: 0, Sum: 0, Workers: 8
[172.678s][debug][gc,phases         ] GC(3594)       Dirty Cards:              Min: 0, Avg:  0.0, Max: 0, Diff: 0, Sum: 0, Workers: 8
[172.678s][debug][gc,phases         ] GC(3594)     Hot Card Cache (ms):      Min:  0.0, Avg:  0.0, Max:  0.0, Diff:  0.0, Sum:  0.0, Workers: 8
[172.678s][debug][gc,phases         ] GC(3594)       Dirty Cards:              Min: 0, Avg:  0.0, Max: 0, Diff: 0, Sum: 0, Workers: 8
[172.678s][debug][gc,phases         ] GC(3594)       Skipped Cards:            Min: 0, Avg:  0.0, Max: 0, Diff: 0, Sum: 0, Workers: 8
[172.678s][debug][gc,phases         ] GC(3594)     Log Buffers (ms):         Min:  0.0, Avg:  0.0, Max:  0.0, Diff:  0.0, Sum:  0.0, Workers: 8
[172.678s][debug][gc,phases         ] GC(3594)       Dirty Cards:              Min: 0, Avg:  0.1, Max: 1, Diff: 1, Sum: 1, Workers: 8
[172.678s][debug][gc,phases         ] GC(3594)       Skipped Cards:            Min: 0, Avg:  0.0, Max: 0, Diff: 0, Sum: 0, Workers: 8
[172.678s][info ][gc,phases         ] GC(3594)   Evacuate Collection Set: 0.5ms
[172.678s][debug][gc,phases         ] GC(3594)     Ext Root Scanning (ms):   Min:  0.0, Avg:  0.3, Max:  0.4, Diff:  0.4, Sum:  2.2, Workers: 8
[172.678s][debug][gc,phases         ] GC(3594)     Scan Heap Roots (ms):     Min:  0.0, Avg:  0.0, Max:  0.0, Diff:  0.0, Sum:  0.0, Workers: 8
[172.678s][debug][gc,phases         ] GC(3594)       Scanned Cards:            Min: 0, Avg:  0.1, Max: 1, Diff: 1, Sum: 1, Workers: 8
[172.678s][debug][gc,phases         ] GC(3594)       Scanned Blocks:           Min: 0, Avg:  0.1, Max: 1, Diff: 1, Sum: 1, Workers: 8
[172.678s][debug][gc,phases         ] GC(3594)       Claimed Chunks:           Min: 0, Avg:  0.1, Max: 1, Diff: 1, Sum: 1, Workers: 8
[172.678s][debug][gc,phases         ] GC(3594)     Code Root Scan (ms):      Min:  0.0, Avg:  0.0, Max:  0.1, Diff:  0.1, Sum:  0.2, Workers: 8
[172.678s][debug][gc,phases         ] GC(3594)     Object Copy (ms):         Min:  0.0, Avg:  0.0, Max:  0.0, Diff:  0.0, Sum:  0.0, Workers: 8
[172.678s][debug][gc,phases         ] GC(3594)     Termination (ms):         Min:  0.0, Avg:  0.1, Max:  0.1, Diff:  0.1, Sum:  0.6, Workers: 8
[172.678s][debug][gc,phases         ] GC(3594)       Termination Attempts:     Min: 1, Avg:  1.0, Max: 1, Diff: 0, Sum: 8, Workers: 8
[172.678s][debug][gc,phases         ] GC(3594)     GC Worker Other (ms):     Min:  0.0, Avg:  0.0, Max:  0.1, Diff:  0.1, Sum:  0.3, Workers: 8
[172.678s][debug][gc,phases         ] GC(3594)     GC Worker Total (ms):     Min:  0.1, Avg:  0.4, Max:  0.5, Diff:  0.4, Sum:  3.3, Workers: 8
[172.678s][info ][gc,phases         ] GC(3594)   Post Evacuate Collection Set: 0.6ms
[172.678s][debug][gc,phases         ] GC(3594)     Code Roots Fixup: 0.0ms
[172.678s][debug][gc,phases         ] GC(3594)     Clear Card Table: 0.2ms
[172.678s][debug][gc,phases         ] GC(3594)     Reference Processing: 0.0ms
[172.678s][debug][gc,phases,ref     ] GC(3594)       Reconsider SoftReferences: 0.0ms
[172.678s][debug][gc,phases,ref     ] GC(3594)         SoftRef (ms):             skipped
[172.678s][debug][gc,phases,ref     ] GC(3594)       Notify Soft/WeakReferences: 0.0ms
[172.678s][debug][gc,phases,ref     ] GC(3594)         SoftRef (ms):             skipped
[172.678s][debug][gc,phases,ref     ] GC(3594)         WeakRef (ms):             skipped
[172.678s][debug][gc,phases,ref     ] GC(3594)         FinalRef (ms):            skipped
[172.678s][debug][gc,phases,ref     ] GC(3594)         Total (ms):               skipped
[172.678s][debug][gc,phases,ref     ] GC(3594)       Notify and keep alive finalizable: 0.0ms
[172.678s][debug][gc,phases,ref     ] GC(3594)         FinalRef (ms):            skipped
[172.678s][debug][gc,phases,ref     ] GC(3594)       Notify PhantomReferences: 0.0ms
[172.678s][debug][gc,phases,ref     ] GC(3594)         PhantomRef (ms):          skipped
[172.678s][debug][gc,phases,ref     ] GC(3594)       SoftReference:
[172.678s][debug][gc,phases,ref     ] GC(3594)         Discovered: 0
[172.678s][debug][gc,phases,ref     ] GC(3594)         Cleared: 0
[172.678s][debug][gc,phases,ref     ] GC(3594)       WeakReference:
[172.678s][debug][gc,phases,ref     ] GC(3594)         Discovered: 0
[172.678s][debug][gc,phases,ref     ] GC(3594)         Cleared: 0
[172.678s][debug][gc,phases,ref     ] GC(3594)       FinalReference:
[172.678s][debug][gc,phases,ref     ] GC(3594)         Discovered: 0
[172.678s][debug][gc,phases,ref     ] GC(3594)         Cleared: 0
[172.678s][debug][gc,phases,ref     ] GC(3594)       PhantomReference:
[172.678s][debug][gc,phases,ref     ] GC(3594)         Discovered: 0
[172.678s][debug][gc,phases,ref     ] GC(3594)         Cleared: 0
[172.678s][debug][gc,phases         ] GC(3594)     Weak Processing: 0.1ms
[172.678s][debug][gc,phases         ] GC(3594)       JVMTI weak processing: 0.0ms
[172.678s][debug][gc,phases         ] GC(3594)         Dead: 0
[172.678s][debug][gc,phases         ] GC(3594)         Total: 0
[172.678s][debug][gc,phases         ] GC(3594)       JFR weak processing: 0.0ms
[172.678s][debug][gc,phases         ] GC(3594)         Dead: 0
[172.678s][debug][gc,phases         ] GC(3594)         Total: 0
[172.678s][debug][gc,phases         ] GC(3594)       JNI weak                  Min:  0.0, Avg:  0.0, Max:  0.0, Diff:  0.0, Sum:  0.0, Workers: 5
[172.678s][debug][gc,phases         ] GC(3594)         Dead                      Min: 0, Avg:  0.0, Max: 0, Diff: 0, Sum: 0, Workers: 5
[172.678s][debug][gc,phases         ] GC(3594)         Total                     Min: 0, Avg: 25.6, Max: 64, Diff: 64, Sum: 128, Workers: 5
[172.678s][debug][gc,phases         ] GC(3594)       VM weak                   Min:  0.0, Avg:  0.0, Max:  0.0, Diff:  0.0, Sum:  0.0, Workers: 5
[172.678s][debug][gc,phases         ] GC(3594)         Dead                      Min: 0, Avg:  0.0, Max: 0, Diff: 0, Sum: 0, Workers: 5
[172.678s][debug][gc,phases         ] GC(3594)         Total                     Min: 0, Avg: 42.4, Max: 128, Diff: 128, Sum: 212, Workers: 5
[172.678s][debug][gc,phases         ] GC(3594)       StringTable weak          Min:  0.0, Avg:  0.0, Max:  0.0, Diff:  0.0, Sum:  0.1, Workers: 5
[172.678s][debug][gc,phases         ] GC(3594)         Dead                      Min: 0, Avg:  0.0, Max: 0, Diff: 0, Sum: 0, Workers: 5
[172.678s][debug][gc,phases         ] GC(3594)         Total                     Min: 0, Avg: 686.2, Max: 1728, Diff: 1728, Sum: 3431, Workers: 5
[172.678s][debug][gc,phases         ] GC(3594)       ResolvedMethodTable weak  Min:  0.0, Avg:  0.0, Max:  0.0, Diff:  0.0, Sum:  0.0, Workers: 5
[172.678s][debug][gc,phases         ] GC(3594)         Dead                      Min: 0, Avg:  0.0, Max: 0, Diff: 0, Sum: 0, Workers: 5
[172.678s][debug][gc,phases         ] GC(3594)         Total                     Min: 0, Avg: 114.6, Max: 317, Diff: 317, Sum: 573, Workers: 5
[172.678s][debug][gc,phases         ] GC(3594)     Merge Per-Thread State: 0.0ms
[172.678s][debug][gc,phases         ] GC(3594)       Copied Bytes              Min: 224, Avg: 500322.0, Max: 800464, Diff: 800240, Sum: 4002576, Workers: 8
[172.678s][debug][gc,phases         ] GC(3594)       LAB Waste                 Min: 0, Avg:  0.0, Max: 0, Diff: 0, Sum: 0, Workers: 8
[172.678s][debug][gc,phases         ] GC(3594)       LAB Undo Waste            Min: 0, Avg:  0.0, Max: 0, Diff: 0, Sum: 0, Workers: 8
[172.678s][debug][gc,phases         ] GC(3594)     Code Roots Purge: 0.0ms
[172.678s][debug][gc,phases         ] GC(3594)     Redirty Cards: 0.0ms
[172.678s][debug][gc,phases         ] GC(3594)     DerivedPointerTable Update: 0.0ms
[172.678s][debug][gc,phases         ] GC(3594)     Free Collection Set: 0.2ms
[172.678s][debug][gc,phases         ] GC(3594)     Rebuild Free List: 0.1ms
[172.678s][debug][gc,phases         ] GC(3594)     Humongous Reclaim: 0.0ms
[172.678s][debug][gc,phases         ] GC(3594)     Start New Collection Set: 0.0ms
[172.678s][debug][gc,phases         ] GC(3594)     Resize TLABs: 0.0ms
[172.678s][debug][gc,phases         ] GC(3594)     Expand Heap After Collection: 0.0ms
[172.678s][info ][gc,phases         ] GC(3594)   Other: 0.3ms
[172.678s][info ][gc,heap           ] GC(3594) Eden regions: 870->0(868)
[172.678s][info ][gc,heap           ] GC(3594) Survivor regions: 3->5(110)
[172.678s][info ][gc,heap           ] GC(3594) Old regions: 17->17
[172.678s][info ][gc,heap           ] GC(3594) Archive regions: 2->2
[172.678s][info ][gc,heap           ] GC(3594) Humongous regions: 0->0
[172.678s][info ][gc,metaspace      ] GC(3594) Metaspace: 10069K(10624K)->10069K(10624K) NonClass: 8921K(9216K)->8921K(9216K) Class: 1148K(1408K)->1148K(1408K)
[172.678s][debug][gc,heap           ] GC(3594) Heap after GC invocations=3595 (full 1): garbage-first heap   total 1490944K, used 22334K [0x0000000700000000, 0x0000000800000000)
[172.678s][debug][gc,heap           ] GC(3594)   region size 1024K, 5 young (5120K), 5 survivors (5120K)
[172.678s][debug][gc,heap           ] GC(3594)  Metaspace       used 10069K, capacity 10368K, committed 10624K, reserved 1058816K
[172.678s][debug][gc,heap           ] GC(3594)   class space    used 1148K, capacity 1266K, committed 1408K, reserved 1048576K
[172.678s][info ][gc                ] GC(3594) Pause Young (Normal) (G1 Evacuation Pause) 889M->21M(1456M) 2.393ms
[172.678s][info ][gc,cpu            ] GC(3594) User=0.01s Sys=0.00s Real=0.01s
[172.678s][info ][safepoint         ] Safepoint "G1CollectForAllocation", Time since last: 43304540 ns, Reaching safepoint: 150845 ns, At safepoint: 2597472 ns, Total: 2748317 ns
[172.729s][debug][gc,heap           ] GC(3595) Heap before GC invocations=3595 (full 1): garbage-first heap   total 1490944K, used 910142K [0x0000000700000000, 0x0000000800000000)
[172.729s][debug][gc,heap           ] GC(3595)   region size 1024K, 873 young (893952K), 5 survivors (5120K)
[172.729s][debug][gc,heap           ] GC(3595)  Metaspace       used 10069K, capacity 10368K, committed 10624K, reserved 1058816K
[172.729s][debug][gc,heap           ] GC(3595)   class space    used 1148K, capacity 1266K, committed 1408K, reserved 1048576K
[172.729s][info ][gc,start          ] GC(3595) Pause Young (Normal) (G1 Evacuation Pause)
[172.729s][info ][gc,task           ] GC(3595) Using 8 workers of 8 for evacuation
[172.729s][debug][gc,tlab           ] GC(3595) TLAB totals: thrds: 8  refills: 14 max: 3 slow allocs: 1730 max 290 waste: 27.5% gc: 975224B max: 217360B slow: 45672B max: 15096B fast: 0B max: 0B
[172.729s][debug][gc,age            ] GC(3595) Desired survivor size 57671680 bytes, new threshold 15 (max threshold 15)
[172.729s][debug][gc,alloc,region   ] GC(3595) Mutator Allocation stats, regions: 868, wasted size: 203M (23.4%)
[172.729s][debug][gc,ergo           ] GC(3595) Running G1 Merge Heap Roots using 8 workers for 873 regions
[172.730s][debug][gc,remset         ] GC(3595) Visited cards 512 Total dirty 4096 (12.50%) Total old 3614720 (0.01%)
[172.730s][debug][gc,ergo           ] GC(3595) Running G1 Clear Card Table Task using 2 workers for 2 units of work for 875 regions.
[172.730s][debug][gc,ref            ] GC(3595) Skipped phase1 of Reference Processing due to unavailable references
[172.730s][debug][gc,ref            ] GC(3595) Skipped phase2 of Reference Processing due to unavailable references
[172.730s][debug][gc,ref            ] GC(3595) Skipped phase3 of Reference Processing due to unavailable references
[172.730s][debug][gc,ref            ] GC(3595) Skipped phase4 of Reference Processing due to unavailable references
[172.730s][debug][gc,ergo           ] GC(3595) Running G1 Free Collection Set using 8 workers for collection set length 873 (1456)
[172.731s][debug][gc,ergo           ] GC(3595) Running G1 Rebuild Free List Task using 8 workers for rebuilding free list of 0 (4096) regions
[172.731s][trace][gc,age            ] GC(3595) Age table with threshold 15 (max threshold 15)
[172.731s][trace][gc,age            ] GC(3595) - age   1:    4002576 bytes,    4002576 total
[172.731s][debug][gc,plab           ] GC(3595) Young PLAB allocation: allocated: 16512B, wasted: 0B, unused: 14064B, used: 2448B, undo waste: 0B, 
[172.731s][debug][gc,plab           ] GC(3595) Young other allocation: region end waste: 985936B, regions filled: 5, direct allocated: 4000128B, failure used: 0B, failure wasted: 0B
[172.731s][debug][gc,plab           ] GC(3595) Young sizing: calculated: 0B, actual: 2064B
[172.731s][debug][gc,plab           ] GC(3595) Old PLAB allocation: allocated: 0B, wasted: 0B, unused: 0B, used: 0B, undo waste: 0B, 
[172.731s][debug][gc,plab           ] GC(3595) Old other allocation: region end waste: 0B, regions filled: 1, direct allocated: 0B, failure used: 0B, failure wasted: 0B
[172.731s][debug][gc,plab           ] GC(3595) Old sizing: calculated: 0B, actual: 2064B
[172.731s][debug][gc,ihop           ] GC(3595) Basic information (value update), threshold: 687026995B (45.00), target occupancy: 1526726656B, current occupancy: 22872400B, recent allocation size: 0B, recent allocation duration: 51.76ms, recent old gen allocation rate: 0.00B/s, recent marking phase length: 29.01ms
[172.731s][debug][gc,ihop           ] GC(3595) Adaptive IHOP information (value update), threshold: 687026995B (47.37), internal target occupancy: 1450390323B, occupancy: 22872400B, additional buffer size: 915406848B, predicted old gen allocation rate: 5005.09B/s, predicted marking phase length: 58.01ms, prediction active: false
[172.731s][debug][gc,ergo,refine    ] GC(3595) Concurrent refinement times: Logged Cards Scan time goal: 20.00ms Logged Cards Scan time: 0.00ms HCC time: 0.00ms
[172.731s][debug][gc,ergo,refine    ] GC(3595) Updated Refinement Zones: green: 2048, yellow: 6144, red: 10240
[172.731s][info ][gc,phases         ] GC(3595)   Pre Evacuate Collection Set: 0.2ms
[172.731s][debug][gc,phases         ] GC(3595)     Prepare TLABs: 0.0ms
[172.731s][debug][gc,phases         ] GC(3595)     Choose Collection Set: 0.0ms
[172.731s][debug][gc,phases         ] GC(3595)     Region Register: 0.2ms
[172.731s][debug][gc,phases         ] GC(3595)     Prepare Heap Roots: 0.0ms
[172.731s][info ][gc,phases         ] GC(3595)   Merge Heap Roots: 0.2ms
[172.731s][debug][gc,phases         ] GC(3595)     Prepare Merge Heap Roots: 0.0ms
[172.731s][debug][gc,phases         ] GC(3595)     Eager Reclaim (ms):       skipped
[172.731s][debug][gc,phases         ] GC(3595)     Remembered Sets (ms):     Min:  0.0, Avg:  0.1, Max:  0.1, Diff:  0.0, Sum:  0.4, Workers: 8
[172.731s][debug][gc,phases         ] GC(3595)       Merged Sparse:            Min: 0, Avg:  0.0, Max: 0, Diff: 0, Sum: 0, Workers: 8
[172.731s][debug][gc,phases         ] GC(3595)       Merged Fine:              Min: 0, Avg:  0.0, Max: 0, Diff: 0, Sum: 0, Workers: 8
[172.731s][debug][gc,phases         ] GC(3595)       Merged Coarse:            Min: 0, Avg:  0.0, Max: 0, Diff: 0, Sum: 0, Workers: 8
[172.731s][debug][gc,phases         ] GC(3595)       Dirty Cards:              Min: 0, Avg:  0.0, Max: 0, Diff: 0, Sum: 0, Workers: 8
[172.731s][debug][gc,phases         ] GC(3595)     Hot Card Cache (ms):      Min:  0.0, Avg:  0.0, Max:  0.0, Diff:  0.0, Sum:  0.0, Workers: 8
[172.731s][debug][gc,phases         ] GC(3595)       Dirty Cards:              Min: 0, Avg:  0.0, Max: 0, Diff: 0, Sum: 0, Workers: 8
[172.731s][debug][gc,phases         ] GC(3595)       Skipped Cards:            Min: 0, Avg:  0.0, Max: 0, Diff: 0, Sum: 0, Workers: 8
[172.731s][debug][gc,phases         ] GC(3595)     Log Buffers (ms):         Min:  0.0, Avg:  0.0, Max:  0.0, Diff:  0.0, Sum:  0.0, Workers: 8
[172.731s][debug][gc,phases         ] GC(3595)       Dirty Cards:              Min: 0, Avg:  0.2, Max: 1, Diff: 1, Sum: 2, Workers: 8
[172.731s][debug][gc,phases         ] GC(3595)       Skipped Cards:            Min: 0, Avg:  0.0, Max: 0, Diff: 0, Sum: 0, Workers: 8
[172.731s][info ][gc,phases         ] GC(3595)   Evacuate Collection Set: 0.5ms
[172.731s][debug][gc,phases         ] GC(3595)     Ext Root Scanning (ms):   Min:  0.1, Avg:  0.3, Max:  0.4, Diff:  0.3, Sum:  2.1, Workers: 8
[172.731s][debug][gc,phases         ] GC(3595)     Scan Heap Roots (ms):     Min:  0.0, Avg:  0.0, Max:  0.0, Diff:  0.0, Sum:  0.0, Workers: 8
[172.731s][debug][gc,phases         ] GC(3595)       Scanned Cards:            Min: 0, Avg:  0.2, Max: 2, Diff: 2, Sum: 2, Workers: 8
[172.731s][debug][gc,phases         ] GC(3595)       Scanned Blocks:           Min: 0, Avg:  0.2, Max: 2, Diff: 2, Sum: 2, Workers: 8
[172.731s][debug][gc,phases         ] GC(3595)       Claimed Chunks:           Min: 0, Avg:  0.2, Max: 2, Diff: 2, Sum: 2, Workers: 8
[172.731s][debug][gc,phases         ] GC(3595)     Code Root Scan (ms):      Min:  0.0, Avg:  0.0, Max:  0.1, Diff:  0.1, Sum:  0.2, Workers: 8
[172.731s][debug][gc,phases         ] GC(3595)     Object Copy (ms):         Min:  0.0, Avg:  0.0, Max:  0.0, Diff:  0.0, Sum:  0.0, Workers: 8
[172.731s][debug][gc,phases         ] GC(3595)     Termination (ms):         Min:  0.0, Avg:  0.1, Max:  0.2, Diff:  0.1, Sum:  0.9, Workers: 8
[172.731s][debug][gc,phases         ] GC(3595)       Termination Attempts:     Min: 1, Avg:  1.4, Max: 3, Diff: 2, Sum: 11, Workers: 8
[172.731s][debug][gc,phases         ] GC(3595)     GC Worker Other (ms):     Min:  0.0, Avg:  0.1, Max:  0.1, Diff:  0.1, Sum:  0.4, Workers: 8
[172.731s][debug][gc,phases         ] GC(3595)     GC Worker Total (ms):     Min:  0.4, Avg:  0.5, Max:  0.5, Diff:  0.1, Sum:  3.7, Workers: 8
[172.731s][info ][gc,phases         ] GC(3595)   Post Evacuate Collection Set: 0.7ms
[172.731s][debug][gc,phases         ] GC(3595)     Code Roots Fixup: 0.0ms
[172.731s][debug][gc,phases         ] GC(3595)     Clear Card Table: 0.2ms
[172.731s][debug][gc,phases         ] GC(3595)     Reference Processing: 0.0ms
[172.731s][debug][gc,phases,ref     ] GC(3595)       Reconsider SoftReferences: 0.0ms
[172.731s][debug][gc,phases,ref     ] GC(3595)         SoftRef (ms):             skipped
[172.731s][debug][gc,phases,ref     ] GC(3595)       Notify Soft/WeakReferences: 0.0ms
[172.731s][debug][gc,phases,ref     ] GC(3595)         SoftRef (ms):             skipped
[172.731s][debug][gc,phases,ref     ] GC(3595)         WeakRef (ms):             skipped
[172.731s][debug][gc,phases,ref     ] GC(3595)         FinalRef (ms):            skipped
[172.731s][debug][gc,phases,ref     ] GC(3595)         Total (ms):               skipped
[172.731s][debug][gc,phases,ref     ] GC(3595)       Notify and keep alive finalizable: 0.0ms
[172.731s][debug][gc,phases,ref     ] GC(3595)         FinalRef (ms):            skipped
[172.731s][debug][gc,phases,ref     ] GC(3595)       Notify PhantomReferences: 0.0ms
[172.731s][debug][gc,phases,ref     ] GC(3595)         PhantomRef (ms):          skipped
[172.731s][debug][gc,phases,ref     ] GC(3595)       SoftReference:
[172.731s][debug][gc,phases,ref     ] GC(3595)         Discovered: 0
[172.731s][debug][gc,phases,ref     ] GC(3595)         Cleared: 0
[172.731s][debug][gc,phases,ref     ] GC(3595)       WeakReference:
[172.731s][debug][gc,phases,ref     ] GC(3595)         Discovered: 0
[172.731s][debug][gc,phases,ref     ] GC(3595)         Cleared: 0
[172.731s][debug][gc,phases,ref     ] GC(3595)       FinalReference:
[172.731s][debug][gc,phases,ref     ] GC(3595)         Discovered: 0
[172.731s][debug][gc,phases,ref     ] GC(3595)         Cleared: 0
[172.731s][debug][gc,phases,ref     ] GC(3595)       PhantomReference:
[172.731s][debug][gc,phases,ref     ] GC(3595)         Discovered: 0
[172.731s][debug][gc,phases,ref     ] GC(3595)         Cleared: 0
[172.731s][debug][gc,phases         ] GC(3595)     Weak Processing: 0.1ms
[172.731s][debug][gc,phases         ] GC(3595)       JVMTI weak processing: 0.0ms
[172.731s][debug][gc,phases         ] GC(3595)         Dead: 0
[172.731s][debug][gc,phases         ] GC(3595)         Total: 0
[172.731s][debug][gc,phases         ] GC(3595)       JFR weak processing: 0.0ms
[172.731s][debug][gc,phases         ] GC(3595)         Dead: 0
[172.731s][debug][gc,phases         ] GC(3595)         Total: 0
[172.731s][debug][gc,phases         ] GC(3595)       JNI weak                  Min:  0.0, Avg:  0.0, Max:  0.0, Diff:  0.0, Sum:  0.0, Workers: 5
[172.731s][debug][gc,phases         ] GC(3595)         Dead                      Min: 0, Avg:  0.0, Max: 0, Diff: 0, Sum: 0, Workers: 5
[172.731s][debug][gc,phases         ] GC(3595)         Total                     Min: 0, Avg: 25.6, Max: 128, Diff: 128, Sum: 128, Workers: 5
[172.731s][debug][gc,phases         ] GC(3595)       VM weak                   Min:  0.0, Avg:  0.0, Max:  0.0, Diff:  0.0, Sum:  0.0, Workers: 5
[172.731s][debug][gc,phases         ] GC(3595)         Dead                      Min: 0, Avg:  0.0, Max: 0, Diff: 0, Sum: 0, Workers: 5
[172.731s][debug][gc,phases         ] GC(3595)         Total                     Min: 0, Avg: 42.4, Max: 212, Diff: 212, Sum: 212, Workers: 5
[172.732s][debug][gc,phases         ] GC(3595)       StringTable weak          Min:  0.0, Avg:  0.0, Max:  0.0, Diff:  0.0, Sum:  0.1, Workers: 5
[172.732s][debug][gc,phases         ] GC(3595)         Dead                      Min: 0, Avg:  0.0, Max: 0, Diff: 0, Sum: 0, Workers: 5
[172.732s][debug][gc,phases         ] GC(3595)         Total                     Min: 0, Avg: 686.2, Max: 1216, Diff: 1216, Sum: 3431, Workers: 5
[172.732s][debug][gc,phases         ] GC(3595)       ResolvedMethodTable weak  Min:  0.0, Avg:  0.0, Max:  0.0, Diff:  0.0, Sum:  0.0, Workers: 5
[172.732s][debug][gc,phases         ] GC(3595)         Dead                      Min: 0, Avg:  0.0, Max: 0, Diff: 0, Sum: 0, Workers: 5
[172.732s][debug][gc,phases         ] GC(3595)         Total                     Min: 0, Avg: 114.6, Max: 189, Diff: 189, Sum: 573, Workers: 5
[172.732s][debug][gc,phases         ] GC(3595)     Merge Per-Thread State: 0.0ms
[172.732s][debug][gc,phases         ] GC(3595)       Copied Bytes              Min: 440, Avg: 500322.0, Max: 800320, Diff: 799880, Sum: 4002576, Workers: 8
[172.732s][debug][gc,phases         ] GC(3595)       LAB Waste                 Min: 0, Avg:  0.0, Max: 0, Diff: 0, Sum: 0, Workers: 8
[172.732s][debug][gc,phases         ] GC(3595)       LAB Undo Waste            Min: 0, Avg:  0.0, Max: 0, Diff: 0, Sum: 0, Workers: 8
[172.732s][debug][gc,phases         ] GC(3595)     Code Roots Purge: 0.0ms
[172.732s][debug][gc,phases         ] GC(3595)     Redirty Cards: 0.0ms
[172.732s][debug][gc,phases         ] GC(3595)     DerivedPointerTable Update: 0.0ms
[172.732s][debug][gc,phases         ] GC(3595)     Free Collection Set: 0.2ms
[172.732s][debug][gc,phases         ] GC(3595)     Rebuild Free List: 0.1ms
[172.732s][debug][gc,phases         ] GC(3595)     Humongous Reclaim: 0.0ms
[172.732s][debug][gc,phases         ] GC(3595)     Start New Collection Set: 0.0ms
[172.732s][debug][gc,phases         ] GC(3595)     Resize TLABs: 0.0ms
[172.732s][debug][gc,phases         ] GC(3595)     Expand Heap After Collection: 0.0ms
[172.732s][info ][gc,phases         ] GC(3595)   Other: 0.4ms
[172.732s][info ][gc,heap           ] GC(3595) Eden regions: 868->0(868)
[172.732s][info ][gc,heap           ] GC(3595) Survivor regions: 5->5(110)
[172.732s][info ][gc,heap           ] GC(3595) Old regions: 17->17
[172.732s][info ][gc,heap           ] GC(3595) Archive regions: 2->2
[172.732s][info ][gc,heap           ] GC(3595) Humongous regions: 0->0
[172.732s][info ][gc,metaspace      ] GC(3595) Metaspace: 10069K(10624K)->10069K(10624K) NonClass: 8921K(9216K)->8921K(9216K) Class: 1148K(1408K)->1148K(1408K)
[172.732s][debug][gc,heap           ] GC(3595) Heap after GC invocations=3596 (full 1): garbage-first heap   total 1490944K, used 22336K [0x0000000700000000, 0x0000000800000000)
[172.732s][debug][gc,heap           ] GC(3595)   region size 1024K, 5 young (5120K), 5 survivors (5120K)
[172.732s][debug][gc,heap           ] GC(3595)  Metaspace       used 10069K, capacity 10368K, committed 10624K, reserved 1058816K
[172.732s][debug][gc,heap           ] GC(3595)   class space    used 1148K, capacity 1266K, committed 1408K, reserved 1048576K
[172.732s][info ][gc                ] GC(3595) Pause Young (Normal) (G1 Evacuation Pause) 889M->21M(1456M) 2.700ms
[172.732s][info ][gc,cpu            ] GC(3595) User=0.01s Sys=0.00s Real=0.00s
[172.732s][info ][safepoint         ] Safepoint "G1CollectForAllocation", Time since last: 50538139 ns, Reaching safepoint: 184644 ns, At safepoint: 2903303 ns, Total: 3087947 ns
[172.778s][debug][gc,heap           ] GC(3596) Heap before GC invocations=3596 (full 1): garbage-first heap   total 1490944K, used 910144K [0x0000000700000000, 0x0000000800000000)
[172.778s][debug][gc,heap           ] GC(3596)   region size 1024K, 873 young (893952K), 5 survivors (5120K)
[172.778s][debug][gc,heap           ] GC(3596)  Metaspace       used 10069K, capacity 10368K, committed 10624K, reserved 1058816K
[172.778s][debug][gc,heap           ] GC(3596)   class space    used 1148K, capacity 1266K, committed 1408K, reserved 1048576K
[172.778s][info ][gc,start          ] GC(3596) Pause Young (Normal) (G1 Evacuation Pause)
[172.778s][info ][gc,task           ] GC(3596) Using 8 workers of 8 for evacuation
[172.778s][debug][gc,tlab           ] GC(3596) TLAB totals: thrds: 8  refills: 15 max: 3 slow allocs: 1729 max 248 waste: 33.9% gc: 1314792B max: 236776B slow: 72248B max: 15488B fast: 0B max: 0B
[172.778s][debug][gc,age            ] GC(3596) Desired survivor size 57671680 bytes, new threshold 15 (max threshold 15)
[172.778s][debug][gc,alloc,region   ] GC(3596) Mutator Allocation stats, regions: 868, wasted size: 203M (23.4%)
[172.779s][debug][gc,ergo           ] GC(3596) Running G1 Merge Heap Roots using 8 workers for 873 regions
[172.779s][debug][gc,remset         ] GC(3596) Visited cards 256 Total dirty 2048 (12.50%) Total old 3614720 (0.01%)
[172.779s][debug][gc,ergo           ] GC(3596) Running G1 Clear Card Table Task using 2 workers for 2 units of work for 874 regions.
[172.779s][debug][gc,ref            ] GC(3596) Skipped phase1 of Reference Processing due to unavailable references
[172.779s][debug][gc,ref            ] GC(3596) Skipped phase2 of Reference Processing due to unavailable references
[172.779s][debug][gc,ref            ] GC(3596) Skipped phase3 of Reference Processing due to unavailable references
[172.779s][debug][gc,ref            ] GC(3596) Skipped phase4 of Reference Processing due to unavailable references
[172.780s][debug][gc,ergo           ] GC(3596) Running G1 Free Collection Set using 8 workers for collection set length 873 (1456)
[172.780s][debug][gc,ergo           ] GC(3596) Running G1 Rebuild Free List Task using 8 workers for rebuilding free list of 0 (4096) regions
[172.780s][trace][gc,age            ] GC(3596) Age table with threshold 15 (max threshold 15)
[172.780s][trace][gc,age            ] GC(3596) - age   1:    2402536 bytes,    2402536 total
[172.780s][debug][gc,plab           ] GC(3596) Young PLAB allocation: allocated: 16512B, wasted: 0B, unused: 14064B, used: 2448B, undo waste: 0B, 
[172.780s][debug][gc,plab           ] GC(3596) Young other allocation: region end waste: 482640B, regions filled: 3, direct allocated: 2400088B, failure used: 0B, failure wasted: 0B
[172.780s][debug][gc,plab           ] GC(3596) Young sizing: calculated: 0B, actual: 2064B
[172.780s][debug][gc,plab           ] GC(3596) Old PLAB allocation: allocated: 0B, wasted: 0B, unused: 0B, used: 0B, undo waste: 0B, 
[172.780s][debug][gc,plab           ] GC(3596) Old other allocation: region end waste: 0B, regions filled: 1, direct allocated: 0B, failure used: 0B, failure wasted: 0B
[172.780s][debug][gc,plab           ] GC(3596) Old sizing: calculated: 0B, actual: 2064B
[172.780s][debug][gc,ihop           ] GC(3596) Basic information (value update), threshold: 687026995B (45.00), target occupancy: 1526726656B, current occupancy: 20769064B, recent allocation size: 0B, recent allocation duration: 47.57ms, recent old gen allocation rate: 0.00B/s, recent marking phase length: 29.01ms
[172.780s][debug][gc,ihop           ] GC(3596) Adaptive IHOP information (value update), threshold: 687026995B (47.37), internal target occupancy: 1450390323B, occupancy: 20769064B, additional buffer size: 915406848B, predicted old gen allocation rate: 4871.08B/s, predicted marking phase length: 58.01ms, prediction active: false
[172.780s][debug][gc,ergo,refine    ] GC(3596) Concurrent refinement times: Logged Cards Scan time goal: 20.00ms Logged Cards Scan time: 0.00ms HCC time: 0.00ms
[172.780s][debug][gc,ergo,refine    ] GC(3596) Updated Refinement Zones: green: 2048, yellow: 6144, red: 10240
[172.780s][info ][gc,phases         ] GC(3596)   Pre Evacuate Collection Set: 0.1ms
[172.780s][debug][gc,phases         ] GC(3596)     Prepare TLABs: 0.0ms
[172.780s][debug][gc,phases         ] GC(3596)     Choose Collection Set: 0.0ms
[172.780s][debug][gc,phases         ] GC(3596)     Region Register: 0.1ms
[172.780s][debug][gc,phases         ] GC(3596)     Prepare Heap Roots: 0.0ms
[172.780s][info ][gc,phases         ] GC(3596)   Merge Heap Roots: 0.1ms
[172.780s][debug][gc,phases         ] GC(3596)     Prepare Merge Heap Roots: 0.0ms
[172.780s][debug][gc,phases         ] GC(3596)     Eager Reclaim (ms):       skipped
[172.780s][debug][gc,phases         ] GC(3596)     Remembered Sets (ms):     Min:  0.0, Avg:  0.0, Max:  0.1, Diff:  0.0, Sum:  0.3, Workers: 8
[172.780s][debug][gc,phases         ] GC(3596)       Merged Sparse:            Min: 0, Avg:  0.0, Max: 0, Diff: 0, Sum: 0, Workers: 8
[172.780s][debug][gc,phases         ] GC(3596)       Merged Fine:              Min: 0, Avg:  0.0, Max: 0, Diff: 0, Sum: 0, Workers: 8
[172.780s][debug][gc,phases         ] GC(3596)       Merged Coarse:            Min: 0, Avg:  0.0, Max: 0, Diff: 0, Sum: 0, Workers: 8
[172.780s][debug][gc,phases         ] GC(3596)       Dirty Cards:              Min: 0, Avg:  0.0, Max: 0, Diff: 0, Sum: 0, Workers: 8
[172.780s][debug][gc,phases         ] GC(3596)     Hot Card Cache (ms):      Min:  0.0, Avg:  0.0, Max:  0.0, Diff:  0.0, Sum:  0.0, Workers: 8
[172.780s][debug][gc,phases         ] GC(3596)       Dirty Cards:              Min: 0, Avg:  0.0, Max: 0, Diff: 0, Sum: 0, Workers: 8
[172.780s][debug][gc,phases         ] GC(3596)       Skipped Cards:            Min: 0, Avg:  0.0, Max: 0, Diff: 0, Sum: 0, Workers: 8
[172.780s][debug][gc,phases         ] GC(3596)     Log Buffers (ms):         Min:  0.0, Avg:  0.0, Max:  0.0, Diff:  0.0, Sum:  0.0, Workers: 8
[172.780s][debug][gc,phases         ] GC(3596)       Dirty Cards:              Min: 0, Avg:  0.1, Max: 1, Diff: 1, Sum: 1, Workers: 8
[172.780s][debug][gc,phases         ] GC(3596)       Skipped Cards:            Min: 0, Avg:  0.0, Max: 0, Diff: 0, Sum: 0, Workers: 8
[172.780s][info ][gc,phases         ] GC(3596)   Evacuate Collection Set: 0.4ms
[172.780s][debug][gc,phases         ] GC(3596)     Ext Root Scanning (ms):   Min:  0.0, Avg:  0.1, Max:  0.2, Diff:  0.2, Sum:  1.1, Workers: 8
[172.780s][debug][gc,phases         ] GC(3596)     Scan Heap Roots (ms):     Min:  0.0, Avg:  0.0, Max:  0.0, Diff:  0.0, Sum:  0.0, Workers: 8
[172.780s][debug][gc,phases         ] GC(3596)       Scanned Cards:            Min: 0, Avg:  0.1, Max: 1, Diff: 1, Sum: 1, Workers: 8
[172.780s][debug][gc,phases         ] GC(3596)       Scanned Blocks:           Min: 0, Avg:  0.1, Max: 1, Diff: 1, Sum: 1, Workers: 8
[172.780s][debug][gc,phases         ] GC(3596)       Claimed Chunks:           Min: 0, Avg:  0.1, Max: 1, Diff: 1, Sum: 1, Workers: 8
[172.780s][debug][gc,phases         ] GC(3596)     Code Root Scan (ms):      Min:  0.0, Avg:  0.0, Max:  0.1, Diff:  0.1, Sum:  0.1, Workers: 8
[172.780s][debug][gc,phases         ] GC(3596)     Object Copy (ms):         Min:  0.0, Avg:  0.0, Max:  0.0, Diff:  0.0, Sum:  0.0, Workers: 8
[172.780s][debug][gc,phases         ] GC(3596)     Termination (ms):         Min:  0.0, Avg:  0.1, Max:  0.1, Diff:  0.1, Sum:  0.7, Workers: 8
[172.780s][debug][gc,phases         ] GC(3596)       Termination Attempts:     Min: 1, Avg:  1.4, Max: 2, Diff: 1, Sum: 11, Workers: 8
[172.780s][debug][gc,phases         ] GC(3596)     GC Worker Other (ms):     Min:  0.0, Avg:  0.0, Max:  0.1, Diff:  0.1, Sum:  0.3, Workers: 8
[172.780s][debug][gc,phases         ] GC(3596)     GC Worker Total (ms):     Min:  0.3, Avg:  0.3, Max:  0.3, Diff:  0.1, Sum:  2.3, Workers: 8
[172.780s][info ][gc,phases         ] GC(3596)   Post Evacuate Collection Set: 0.7ms
[172.780s][debug][gc,phases         ] GC(3596)     Code Roots Fixup: 0.0ms
[172.780s][debug][gc,phases         ] GC(3596)     Clear Card Table: 0.2ms
[172.780s][debug][gc,phases         ] GC(3596)     Reference Processing: 0.0ms
[172.780s][debug][gc,phases,ref     ] GC(3596)       Reconsider SoftReferences: 0.0ms
[172.780s][debug][gc,phases,ref     ] GC(3596)         SoftRef (ms):             skipped
[172.780s][debug][gc,phases,ref     ] GC(3596)       Notify Soft/WeakReferences: 0.0ms
[172.780s][debug][gc,phases,ref     ] GC(3596)         SoftRef (ms):             skipped
[172.780s][debug][gc,phases,ref     ] GC(3596)         WeakRef (ms):             skipped
[172.780s][debug][gc,phases,ref     ] GC(3596)         FinalRef (ms):            skipped
[172.780s][debug][gc,phases,ref     ] GC(3596)         Total (ms):               skipped
[172.780s][debug][gc,phases,ref     ] GC(3596)       Notify and keep alive finalizable: 0.0ms
[172.780s][debug][gc,phases,ref     ] GC(3596)         FinalRef (ms):            skipped
[172.780s][debug][gc,phases,ref     ] GC(3596)       Notify PhantomReferences: 0.0ms
[172.780s][debug][gc,phases,ref     ] GC(3596)         PhantomRef (ms):          skipped
[172.780s][debug][gc,phases,ref     ] GC(3596)       SoftReference:
[172.780s][debug][gc,phases,ref     ] GC(3596)         Discovered: 0
[172.780s][debug][gc,phases,ref     ] GC(3596)         Cleared: 0
[172.780s][debug][gc,phases,ref     ] GC(3596)       WeakReference:
[172.780s][debug][gc,phases,ref     ] GC(3596)         Discovered: 0
[172.780s][debug][gc,phases,ref     ] GC(3596)         Cleared: 0
[172.780s][debug][gc,phases,ref     ] GC(3596)       FinalReference:
[172.780s][debug][gc,phases,ref     ] GC(3596)         Discovered: 0
[172.780s][debug][gc,phases,ref     ] GC(3596)         Cleared: 0
[172.780s][debug][gc,phases,ref     ] GC(3596)       PhantomReference:
[172.780s][debug][gc,phases,ref     ] GC(3596)         Discovered: 0
[172.780s][debug][gc,phases,ref     ] GC(3596)         Cleared: 0
[172.780s][debug][gc,phases         ] GC(3596)     Weak Processing: 0.1ms
[172.780s][debug][gc,phases         ] GC(3596)       JVMTI weak processing: 0.0ms
[172.780s][debug][gc,phases         ] GC(3596)         Dead: 0
[172.780s][debug][gc,phases         ] GC(3596)         Total: 0
[172.780s][debug][gc,phases         ] GC(3596)       JFR weak processing: 0.0ms
[172.780s][debug][gc,phases         ] GC(3596)         Dead: 0
[172.780s][debug][gc,phases         ] GC(3596)         Total: 0
[172.780s][debug][gc,phases         ] GC(3596)       JNI weak                  Min:  0.0, Avg:  0.0, Max:  0.0, Diff:  0.0, Sum:  0.0, Workers: 5
[172.780s][debug][gc,phases         ] GC(3596)         Dead                      Min: 0, Avg:  0.0, Max: 0, Diff: 0, Sum: 0, Workers: 5
[172.780s][debug][gc,phases         ] GC(3596)         Total                     Min: 0, Avg: 25.6, Max: 64, Diff: 64, Sum: 128, Workers: 5
[172.780s][debug][gc,phases         ] GC(3596)       VM weak                   Min:  0.0, Avg:  0.0, Max:  0.0, Diff:  0.0, Sum:  0.0, Workers: 5
[172.781s][debug][gc,phases         ] GC(3596)         Dead                      Min: 0, Avg:  0.0, Max: 0, Diff: 0, Sum: 0, Workers: 5
[172.781s][debug][gc,phases         ] GC(3596)         Total                     Min: 0, Avg: 42.4, Max: 128, Diff: 128, Sum: 212, Workers: 5
[172.781s][debug][gc,phases         ] GC(3596)       StringTable weak          Min:  0.0, Avg:  0.0, Max:  0.0, Diff:  0.0, Sum:  0.1, Workers: 5
[172.781s][debug][gc,phases         ] GC(3596)         Dead                      Min: 0, Avg:  0.0, Max: 0, Diff: 0, Sum: 0, Workers: 5
[172.781s][debug][gc,phases         ] GC(3596)         Total                     Min: 0, Avg: 686.2, Max: 1728, Diff: 1728, Sum: 3431, Workers: 5
[172.781s][debug][gc,phases         ] GC(3596)       ResolvedMethodTable weak  Min:  0.0, Avg:  0.0, Max:  0.0, Diff:  0.0, Sum:  0.0, Workers: 5
[172.781s][debug][gc,phases         ] GC(3596)         Dead                      Min: 0, Avg:  0.0, Max: 0, Diff: 0, Sum: 0, Workers: 5
[172.781s][debug][gc,phases         ] GC(3596)         Total                     Min: 0, Avg: 114.6, Max: 256, Diff: 256, Sum: 573, Workers: 5
[172.781s][debug][gc,phases         ] GC(3596)     Merge Per-Thread State: 0.0ms
[172.781s][debug][gc,phases         ] GC(3596)       Copied Bytes              Min: 136, Avg: 300317.0, Max: 800096, Diff: 799960, Sum: 2402536, Workers: 8
[172.781s][debug][gc,phases         ] GC(3596)       LAB Waste                 Min: 0, Avg:  0.0, Max: 0, Diff: 0, Sum: 0, Workers: 8
[172.781s][debug][gc,phases         ] GC(3596)       LAB Undo Waste            Min: 0, Avg:  0.0, Max: 0, Diff: 0, Sum: 0, Workers: 8
[172.781s][debug][gc,phases         ] GC(3596)     Code Roots Purge: 0.0ms
[172.781s][debug][gc,phases         ] GC(3596)     Redirty Cards: 0.0ms
[172.781s][debug][gc,phases         ] GC(3596)     DerivedPointerTable Update: 0.0ms
[172.781s][debug][gc,phases         ] GC(3596)     Free Collection Set: 0.2ms
[172.781s][debug][gc,phases         ] GC(3596)     Rebuild Free List: 0.1ms
[172.781s][debug][gc,phases         ] GC(3596)     Humongous Reclaim: 0.0ms
[172.781s][debug][gc,phases         ] GC(3596)     Start New Collection Set: 0.0ms
[172.781s][debug][gc,phases         ] GC(3596)     Resize TLABs: 0.0ms
[172.781s][debug][gc,phases         ] GC(3596)     Expand Heap After Collection: 0.0ms
[172.781s][info ][gc,phases         ] GC(3596)   Other: 0.3ms
[172.781s][info ][gc,heap           ] GC(3596) Eden regions: 868->0(870)
[172.781s][info ][gc,heap           ] GC(3596) Survivor regions: 5->3(110)
[172.781s][info ][gc,heap           ] GC(3596) Old regions: 17->17
[172.781s][info ][gc,heap           ] GC(3596) Archive regions: 2->2
[172.781s][info ][gc,heap           ] GC(3596) Humongous regions: 0->0
[172.781s][info ][gc,metaspace      ] GC(3596) Metaspace: 10069K(10624K)->10069K(10624K) NonClass: 8921K(9216K)->8921K(9216K) Class: 1148K(1408K)->1148K(1408K)
[172.781s][debug][gc,heap           ] GC(3596) Heap after GC invocations=3597 (full 1): garbage-first heap   total 1490944K, used 20282K [0x0000000700000000, 0x0000000800000000)
[172.781s][debug][gc,heap           ] GC(3596)   region size 1024K, 3 young (3072K), 3 survivors (3072K)
[172.781s][debug][gc,heap           ] GC(3596)  Metaspace       used 10069K, capacity 10368K, committed 10624K, reserved 1058816K
[172.781s][debug][gc,heap           ] GC(3596)   class space    used 1148K, capacity 1266K, committed 1408K, reserved 1048576K
[172.781s][info ][gc                ] GC(3596) Pause Young (Normal) (G1 Evacuation Pause) 889M->19M(1456M) 2.413ms
[172.781s][info ][gc,cpu            ] GC(3596) User=0.00s Sys=0.00s Real=0.00s
[172.781s][info ][safepoint         ] Safepoint "G1CollectForAllocation", Time since last: 46321378 ns, Reaching safepoint: 135959 ns, At safepoint: 2591908 ns, Total: 2727867 ns
[172.827s][debug][gc,heap           ] GC(3597) Heap before GC invocations=3597 (full 1): garbage-first heap   total 1490944K, used 910138K [0x0000000700000000, 0x0000000800000000)
[172.827s][debug][gc,heap           ] GC(3597)   region size 1024K, 873 young (893952K), 3 survivors (3072K)
[172.827s][debug][gc,heap           ] GC(3597)  Metaspace       used 10069K, capacity 10368K, committed 10624K, reserved 1058816K
[172.827s][debug][gc,heap           ] GC(3597)   class space    used 1148K, capacity 1266K, committed 1408K, reserved 1048576K
[172.827s][info ][gc,start          ] GC(3597) Pause Young (Normal) (G1 Evacuation Pause)
[172.827s][info ][gc,task           ] GC(3597) Using 8 workers of 8 for evacuation
[172.827s][debug][gc,tlab           ] GC(3597) TLAB totals: thrds: 8  refills: 11 max: 2 slow allocs: 1733 max 236 waste: 27.3% gc: 972600B max: 208512B slow: 42128B max: 14304B fast: 0B max: 0B
[172.827s][debug][gc,age            ] GC(3597) Desired survivor size 57671680 bytes, new threshold 15 (max threshold 15)
[172.827s][debug][gc,alloc,region   ] GC(3597) Mutator Allocation stats, regions: 870, wasted size: 203M (23.4%)
[172.827s][debug][gc,ergo           ] GC(3597) Running G1 Merge Heap Roots using 8 workers for 873 regions
[172.827s][debug][gc,remset         ] GC(3597) Visited cards 512 Total dirty 4096 (12.50%) Total old 3614720 (0.01%)
[172.828s][debug][gc,ergo           ] GC(3597) Running G1 Clear Card Table Task using 2 workers for 2 units of work for 875 regions.
[172.828s][debug][gc,ref            ] GC(3597) Skipped phase1 of Reference Processing due to unavailable references
[172.828s][debug][gc,ref            ] GC(3597) Skipped phase2 of Reference Processing due to unavailable references
[172.828s][debug][gc,ref            ] GC(3597) Skipped phase3 of Reference Processing due to unavailable references
[172.828s][debug][gc,ref            ] GC(3597) Skipped phase4 of Reference Processing due to unavailable references
[172.828s][debug][gc,ergo           ] GC(3597) Running G1 Free Collection Set using 8 workers for collection set length 873 (1456)
[172.828s][debug][gc,ergo           ] GC(3597) Running G1 Rebuild Free List Task using 8 workers for rebuilding free list of 0 (4096) regions
[172.828s][trace][gc,age            ] GC(3597) Age table with threshold 15 (max threshold 15)
[172.828s][trace][gc,age            ] GC(3597) - age   1:    4002592 bytes,    4002592 total
[172.828s][debug][gc,plab           ] GC(3597) Young PLAB allocation: allocated: 16512B, wasted: 0B, unused: 14064B, used: 2448B, undo waste: 0B, 
[172.828s][debug][gc,plab           ] GC(3597) Young other allocation: region end waste: 981792B, regions filled: 5, direct allocated: 4000144B, failure used: 0B, failure wasted: 0B
[172.828s][debug][gc,plab           ] GC(3597) Young sizing: calculated: 0B, actual: 2064B
[172.828s][debug][gc,plab           ] GC(3597) Old PLAB allocation: allocated: 0B, wasted: 0B, unused: 0B, used: 0B, undo waste: 0B, 
[172.828s][debug][gc,plab           ] GC(3597) Old other allocation: region end waste: 0B, regions filled: 1, direct allocated: 0B, failure used: 0B, failure wasted: 0B
[172.828s][debug][gc,plab           ] GC(3597) Old sizing: calculated: 0B, actual: 2064B
[172.828s][debug][gc,ihop           ] GC(3597) Basic information (value update), threshold: 687026995B (45.00), target occupancy: 1526726656B, current occupancy: 22868272B, recent allocation size: 0B, recent allocation duration: 46.69ms, recent old gen allocation rate: 0.00B/s, recent marking phase length: 29.01ms
[172.828s][debug][gc,ihop           ] GC(3597) Adaptive IHOP information (value update), threshold: 687026995B (47.37), internal target occupancy: 1450390323B, occupancy: 22868272B, additional buffer size: 915406848B, predicted old gen allocation rate: 4740.81B/s, predicted marking phase length: 58.01ms, prediction active: false
[172.828s][debug][gc,ergo,refine    ] GC(3597) Concurrent refinement times: Logged Cards Scan time goal: 20.00ms Logged Cards Scan time: 0.00ms HCC time: 0.00ms
[172.828s][debug][gc,ergo,refine    ] GC(3597) Updated Refinement Zones: green: 2048, yellow: 6144, red: 10240
[172.828s][info ][gc,phases         ] GC(3597)   Pre Evacuate Collection Set: 0.2ms
[172.828s][debug][gc,phases         ] GC(3597)     Prepare TLABs: 0.0ms
[172.828s][debug][gc,phases         ] GC(3597)     Choose Collection Set: 0.0ms
[172.828s][debug][gc,phases         ] GC(3597)     Region Register: 0.1ms
[172.828s][debug][gc,phases         ] GC(3597)     Prepare Heap Roots: 0.0ms
[172.828s][info ][gc,phases         ] GC(3597)   Merge Heap Roots: 0.2ms
[172.828s][debug][gc,phases         ] GC(3597)     Prepare Merge Heap Roots: 0.0ms
[172.828s][debug][gc,phases         ] GC(3597)     Eager Reclaim (ms):       skipped
[172.828s][debug][gc,phases         ] GC(3597)     Remembered Sets (ms):     Min:  0.0, Avg:  0.0, Max:  0.1, Diff:  0.1, Sum:  0.4, Workers: 8
[172.828s][debug][gc,phases         ] GC(3597)       Merged Sparse:            Min: 0, Avg:  0.0, Max: 0, Diff: 0, Sum: 0, Workers: 8
[172.828s][debug][gc,phases         ] GC(3597)       Merged Fine:              Min: 0, Avg:  0.0, Max: 0, Diff: 0, Sum: 0, Workers: 8
[172.828s][debug][gc,phases         ] GC(3597)       Merged Coarse:            Min: 0, Avg:  0.0, Max: 0, Diff: 0, Sum: 0, Workers: 8
[172.828s][debug][gc,phases         ] GC(3597)       Dirty Cards:              Min: 0, Avg:  0.0, Max: 0, Diff: 0, Sum: 0, Workers: 8
[172.828s][debug][gc,phases         ] GC(3597)     Hot Card Cache (ms):      Min:  0.0, Avg:  0.0, Max:  0.0, Diff:  0.0, Sum:  0.0, Workers: 8
[172.828s][debug][gc,phases         ] GC(3597)       Dirty Cards:              Min: 0, Avg:  0.0, Max: 0, Diff: 0, Sum: 0, Workers: 8
[172.828s][debug][gc,phases         ] GC(3597)       Skipped Cards:            Min: 0, Avg:  0.0, Max: 0, Diff: 0, Sum: 0, Workers: 8
[172.828s][debug][gc,phases         ] GC(3597)     Log Buffers (ms):         Min:  0.0, Avg:  0.0, Max:  0.0, Diff:  0.0, Sum:  0.0, Workers: 8
[172.828s][debug][gc,phases         ] GC(3597)       Dirty Cards:              Min: 0, Avg:  0.2, Max: 1, Diff: 1, Sum: 2, Workers: 8
[172.828s][debug][gc,phases         ] GC(3597)       Skipped Cards:            Min: 0, Avg:  0.0, Max: 0, Diff: 0, Sum: 0, Workers: 8
[172.828s][info ][gc,phases         ] GC(3597)   Evacuate Collection Set: 0.5ms
[172.828s][debug][gc,phases         ] GC(3597)     Ext Root Scanning (ms):   Min:  0.2, Avg:  0.3, Max:  0.4, Diff:  0.2, Sum:  2.3, Workers: 8
[172.828s][debug][gc,phases         ] GC(3597)     Scan Heap Roots (ms):     Min:  0.0, Avg:  0.0, Max:  0.0, Diff:  0.0, Sum:  0.0, Workers: 8
[172.829s][debug][gc,phases         ] GC(3597)       Scanned Cards:            Min: 0, Avg:  0.2, Max: 1, Diff: 1, Sum: 2, Workers: 8
[172.829s][debug][gc,phases         ] GC(3597)       Scanned Blocks:           Min: 0, Avg:  0.2, Max: 1, Diff: 1, Sum: 2, Workers: 8
[172.829s][debug][gc,phases         ] GC(3597)       Claimed Chunks:           Min: 0, Avg:  0.2, Max: 1, Diff: 1, Sum: 2, Workers: 8
[172.829s][debug][gc,phases         ] GC(3597)     Code Root Scan (ms):      Min:  0.0, Avg:  0.0, Max:  0.0, Diff:  0.0, Sum:  0.2, Workers: 8
[172.829s][debug][gc,phases         ] GC(3597)     Object Copy (ms):         Min:  0.0, Avg:  0.0, Max:  0.0, Diff:  0.0, Sum:  0.0, Workers: 8
[172.829s][debug][gc,phases         ] GC(3597)     Termination (ms):         Min:  0.0, Avg:  0.1, Max:  0.1, Diff:  0.1, Sum:  0.6, Workers: 8
[172.829s][debug][gc,phases         ] GC(3597)       Termination Attempts:     Min: 1, Avg:  1.0, Max: 1, Diff: 0, Sum: 8, Workers: 8
[172.829s][debug][gc,phases         ] GC(3597)     GC Worker Other (ms):     Min:  0.0, Avg:  0.0, Max:  0.1, Diff:  0.1, Sum:  0.4, Workers: 8
[172.829s][debug][gc,phases         ] GC(3597)     GC Worker Total (ms):     Min:  0.4, Avg:  0.4, Max:  0.5, Diff:  0.1, Sum:  3.5, Workers: 8
[172.829s][info ][gc,phases         ] GC(3597)   Post Evacuate Collection Set: 0.7ms
[172.829s][debug][gc,phases         ] GC(3597)     Code Roots Fixup: 0.0ms
[172.829s][debug][gc,phases         ] GC(3597)     Clear Card Table: 0.2ms
[172.829s][debug][gc,phases         ] GC(3597)     Reference Processing: 0.0ms
[172.829s][debug][gc,phases,ref     ] GC(3597)       Reconsider SoftReferences: 0.0ms
[172.829s][debug][gc,phases,ref     ] GC(3597)         SoftRef (ms):             skipped
[172.829s][debug][gc,phases,ref     ] GC(3597)       Notify Soft/WeakReferences: 0.0ms
[172.829s][debug][gc,phases,ref     ] GC(3597)         SoftRef (ms):             skipped
[172.829s][debug][gc,phases,ref     ] GC(3597)         WeakRef (ms):             skipped
[172.829s][debug][gc,phases,ref     ] GC(3597)         FinalRef (ms):            skipped
[172.829s][debug][gc,phases,ref     ] GC(3597)         Total (ms):               skipped
[172.829s][debug][gc,phases,ref     ] GC(3597)       Notify and keep alive finalizable: 0.0ms
[172.829s][debug][gc,phases,ref     ] GC(3597)         FinalRef (ms):            skipped
[172.829s][debug][gc,phases,ref     ] GC(3597)       Notify PhantomReferences: 0.0ms
[172.829s][debug][gc,phases,ref     ] GC(3597)         PhantomRef (ms):          skipped
[172.829s][debug][gc,phases,ref     ] GC(3597)       SoftReference:
[172.829s][debug][gc,phases,ref     ] GC(3597)         Discovered: 0
[172.829s][debug][gc,phases,ref     ] GC(3597)         Cleared: 0
[172.829s][debug][gc,phases,ref     ] GC(3597)       WeakReference:
[172.829s][debug][gc,phases,ref     ] GC(3597)         Discovered: 0
[172.829s][debug][gc,phases,ref     ] GC(3597)         Cleared: 0
[172.829s][debug][gc,phases,ref     ] GC(3597)       FinalReference:
[172.829s][debug][gc,phases,ref     ] GC(3597)         Discovered: 0
[172.829s][debug][gc,phases,ref     ] GC(3597)         Cleared: 0
[172.829s][debug][gc,phases,ref     ] GC(3597)       PhantomReference:
[172.829s][debug][gc,phases,ref     ] GC(3597)         Discovered: 0
[172.829s][debug][gc,phases,ref     ] GC(3597)         Cleared: 0
[172.829s][debug][gc,phases         ] GC(3597)     Weak Processing: 0.0ms
[172.829s][debug][gc,phases         ] GC(3597)       JVMTI weak processing: 0.0ms
[172.829s][debug][gc,phases         ] GC(3597)         Dead: 0
[172.829s][debug][gc,phases         ] GC(3597)         Total: 0
[172.829s][debug][gc,phases         ] GC(3597)       JFR weak processing: 0.0ms
[172.829s][debug][gc,phases         ] GC(3597)         Dead: 0
[172.829s][debug][gc,phases         ] GC(3597)         Total: 0
[172.829s][debug][gc,phases         ] GC(3597)       JNI weak                  Min:  0.0, Avg:  0.0, Max:  0.0, Diff:  0.0, Sum:  0.0, Workers: 5
[172.829s][debug][gc,phases         ] GC(3597)         Dead                      Min: 0, Avg:  0.0, Max: 0, Diff: 0, Sum: 0, Workers: 5
[172.829s][debug][gc,phases         ] GC(3597)         Total                     Min: 0, Avg: 25.6, Max: 64, Diff: 64, Sum: 128, Workers: 5
[172.829s][debug][gc,phases         ] GC(3597)       VM weak                   Min:  0.0, Avg:  0.0, Max:  0.0, Diff:  0.0, Sum:  0.0, Workers: 5
[172.829s][debug][gc,phases         ] GC(3597)         Dead                      Min: 0, Avg:  0.0, Max: 0, Diff: 0, Sum: 0, Workers: 5
[172.829s][debug][gc,phases         ] GC(3597)         Total                     Min: 0, Avg: 42.4, Max: 84, Diff: 84, Sum: 212, Workers: 5
[172.829s][debug][gc,phases         ] GC(3597)       StringTable weak          Min:  0.0, Avg:  0.0, Max:  0.0, Diff:  0.0, Sum:  0.1, Workers: 5
[172.829s][debug][gc,phases         ] GC(3597)         Dead                      Min: 0, Avg:  0.0, Max: 0, Diff: 0, Sum: 0, Workers: 5
[172.829s][debug][gc,phases         ] GC(3597)         Total                     Min: 0, Avg: 686.2, Max: 896, Diff: 896, Sum: 3431, Workers: 5
[172.829s][debug][gc,phases         ] GC(3597)       ResolvedMethodTable weak  Min:  0.0, Avg:  0.0, Max:  0.0, Diff:  0.0, Sum:  0.0, Workers: 5
[172.829s][debug][gc,phases         ] GC(3597)         Dead                      Min: 0, Avg:  0.0, Max: 0, Diff: 0, Sum: 0, Workers: 5
[172.829s][debug][gc,phases         ] GC(3597)         Total                     Min: 0, Avg: 114.6, Max: 192, Diff: 192, Sum: 573, Workers: 5
[172.829s][debug][gc,phases         ] GC(3597)     Merge Per-Thread State: 0.0ms
[172.829s][debug][gc,phases         ] GC(3597)       Copied Bytes              Min: 400088, Avg: 500324.0, Max: 800096, Diff: 400008, Sum: 4002592, Workers: 8
[172.829s][debug][gc,phases         ] GC(3597)       LAB Waste                 Min: 0, Avg:  0.0, Max: 0, Diff: 0, Sum: 0, Workers: 8
[172.829s][debug][gc,phases         ] GC(3597)       LAB Undo Waste            Min: 0, Avg:  0.0, Max: 0, Diff: 0, Sum: 0, Workers: 8
[172.829s][debug][gc,phases         ] GC(3597)     Code Roots Purge: 0.0ms
[172.829s][debug][gc,phases         ] GC(3597)     Redirty Cards: 0.0ms
[172.829s][debug][gc,phases         ] GC(3597)     DerivedPointerTable Update: 0.0ms
[172.829s][debug][gc,phases         ] GC(3597)     Free Collection Set: 0.2ms
[172.829s][debug][gc,phases         ] GC(3597)     Rebuild Free List: 0.1ms
[172.829s][debug][gc,phases         ] GC(3597)     Humongous Reclaim: 0.0ms
[172.829s][debug][gc,phases         ] GC(3597)     Start New Collection Set: 0.0ms
[172.829s][debug][gc,phases         ] GC(3597)     Resize TLABs: 0.0ms
[172.829s][debug][gc,phases         ] GC(3597)     Expand Heap After Collection: 0.0ms
[172.829s][info ][gc,phases         ] GC(3597)   Other: 0.4ms
[172.829s][info ][gc,heap           ] GC(3597) Eden regions: 870->0(868)
[172.829s][info ][gc,heap           ] GC(3597) Survivor regions: 3->5(110)
[172.829s][info ][gc,heap           ] GC(3597) Old regions: 17->17
[172.829s][info ][gc,heap           ] GC(3597) Archive regions: 2->2
[172.829s][info ][gc,heap           ] GC(3597) Humongous regions: 0->0
[172.829s][info ][gc,metaspace      ] GC(3597) Metaspace: 10069K(10624K)->10069K(10624K) NonClass: 8921K(9216K)->8921K(9216K) Class: 1148K(1408K)->1148K(1408K)
[172.829s][debug][gc,heap           ] GC(3597) Heap after GC invocations=3598 (full 1): garbage-first heap   total 1490944K, used 22332K [0x0000000700000000, 0x0000000800000000)
[172.829s][debug][gc,heap           ] GC(3597)   region size 1024K, 5 young (5120K), 5 survivors (5120K)
[172.829s][debug][gc,heap           ] GC(3597)  Metaspace       used 10069K, capacity 10368K, committed 10624K, reserved 1058816K
[172.829s][debug][gc,heap           ] GC(3597)   class space    used 1148K, capacity 1266K, committed 1408K, reserved 1048576K
[172.829s][info ][gc                ] GC(3597) Pause Young (Normal) (G1 Evacuation Pause) 889M->21M(1456M) 2.723ms
[172.829s][info ][gc,cpu            ] GC(3597) User=0.01s Sys=0.00s Real=0.01s
[172.829s][info ][safepoint         ] Safepoint "G1CollectForAllocation", Time since last: 45391465 ns, Reaching safepoint: 166677 ns, At safepoint: 2911495 ns, Total: 3078172 ns
[172.875s][debug][gc,heap           ] GC(3598) Heap before GC invocations=3598 (full 1): garbage-first heap   total 1490944K, used 910140K [0x0000000700000000, 0x0000000800000000)
[172.875s][debug][gc,heap           ] GC(3598)   region size 1024K, 873 young (893952K), 5 survivors (5120K)
[172.875s][debug][gc,heap           ] GC(3598)  Metaspace       used 10069K, capacity 10368K, committed 10624K, reserved 1058816K
[172.875s][debug][gc,heap           ] GC(3598)   class space    used 1148K, capacity 1266K, committed 1408K, reserved 1048576K
[172.875s][info ][gc,start          ] GC(3598) Pause Young (Normal) (G1 Evacuation Pause)
[172.875s][info ][gc,task           ] GC(3598) Using 8 workers of 8 for evacuation
[172.875s][debug][gc,tlab           ] GC(3598) TLAB totals: thrds: 8  refills: 15 max: 3 slow allocs: 1725 max 257 waste: 29.0% gc: 1194248B max: 226208B slow: 72704B max: 15488B fast: 0B max: 0B
[172.875s][debug][gc,age            ] GC(3598) Desired survivor size 57671680 bytes, new threshold 15 (max threshold 15)
[172.875s][debug][gc,alloc,region   ] GC(3598) Mutator Allocation stats, regions: 868, wasted size: 203M (23.4%)
[172.876s][debug][gc,ergo           ] GC(3598) Running G1 Merge Heap Roots using 8 workers for 873 regions
[172.876s][debug][gc,remset         ] GC(3598) Visited cards 256 Total dirty 2048 (12.50%) Total old 3614720 (0.01%)
[172.876s][debug][gc,ergo           ] GC(3598) Running G1 Clear Card Table Task using 2 workers for 2 units of work for 874 regions.
[172.877s][debug][gc,ref            ] GC(3598) Skipped phase1 of Reference Processing due to unavailable references
[172.877s][debug][gc,ref            ] GC(3598) Skipped phase2 of Reference Processing due to unavailable references
[172.877s][debug][gc,ref            ] GC(3598) Skipped phase3 of Reference Processing due to unavailable references
[172.877s][debug][gc,ref            ] GC(3598) Skipped phase4 of Reference Processing due to unavailable references
[172.877s][debug][gc,ergo           ] GC(3598) Running G1 Free Collection Set using 8 workers for collection set length 873 (1456)
[172.877s][debug][gc,ergo           ] GC(3598) Running G1 Rebuild Free List Task using 8 workers for rebuilding free list of 0 (4096) regions
[172.877s][trace][gc,age            ] GC(3598) Age table with threshold 15 (max threshold 15)
[172.877s][trace][gc,age            ] GC(3598) - age   1:    4002584 bytes,    4002584 total
[172.877s][debug][gc,plab           ] GC(3598) Young PLAB allocation: allocated: 14448B, wasted: 0B, unused: 12000B, used: 2448B, undo waste: 0B, 
[172.877s][debug][gc,plab           ] GC(3598) Young other allocation: region end waste: 983864B, regions filled: 5, direct allocated: 4000136B, failure used: 0B, failure wasted: 0B
[172.877s][debug][gc,plab           ] GC(3598) Young sizing: calculated: 0B, actual: 2064B
[172.877s][debug][gc,plab           ] GC(3598) Old PLAB allocation: allocated: 0B, wasted: 0B, unused: 0B, used: 0B, undo waste: 0B, 
[172.877s][debug][gc,plab           ] GC(3598) Old other allocation: region end waste: 0B, regions filled: 1, direct allocated: 0B, failure used: 0B, failure wasted: 0B
[172.877s][debug][gc,plab           ] GC(3598) Old sizing: calculated: 0B, actual: 2064B
[172.877s][debug][gc,ihop           ] GC(3598) Basic information (value update), threshold: 687026995B (45.00), target occupancy: 1526726656B, current occupancy: 22868272B, recent allocation size: 0B, recent allocation duration: 47.19ms, recent old gen allocation rate: 0.00B/s, recent marking phase length: 29.01ms
[172.877s][debug][gc,ihop           ] GC(3598) Adaptive IHOP information (value update), threshold: 687026995B (47.37), internal target occupancy: 1450390323B, occupancy: 22868272B, additional buffer size: 915406848B, predicted old gen allocation rate: 4614.19B/s, predicted marking phase length: 58.01ms, prediction active: false
[172.877s][debug][gc,ergo,refine    ] GC(3598) Concurrent refinement times: Logged Cards Scan time goal: 20.00ms Logged Cards Scan time: 0.00ms HCC time: 0.00ms
[172.877s][debug][gc,ergo,refine    ] GC(3598) Updated Refinement Zones: green: 2048, yellow: 6144, red: 10240
[172.877s][info ][gc,phases         ] GC(3598)   Pre Evacuate Collection Set: 0.1ms
[172.877s][debug][gc,phases         ] GC(3598)     Prepare TLABs: 0.0ms
[172.877s][debug][gc,phases         ] GC(3598)     Choose Collection Set: 0.0ms
[172.877s][debug][gc,phases         ] GC(3598)     Region Register: 0.1ms
[172.877s][debug][gc,phases         ] GC(3598)     Prepare Heap Roots: 0.0ms
[172.877s][info ][gc,phases         ] GC(3598)   Merge Heap Roots: 0.2ms
[172.877s][debug][gc,phases         ] GC(3598)     Prepare Merge Heap Roots: 0.0ms
[172.877s][debug][gc,phases         ] GC(3598)     Eager Reclaim (ms):       skipped
[172.877s][debug][gc,phases         ] GC(3598)     Remembered Sets (ms):     Min:  0.0, Avg:  0.0, Max:  0.1, Diff:  0.0, Sum:  0.3, Workers: 8
[172.877s][debug][gc,phases         ] GC(3598)       Merged Sparse:            Min: 0, Avg:  0.0, Max: 0, Diff: 0, Sum: 0, Workers: 8
[172.877s][debug][gc,phases         ] GC(3598)       Merged Fine:              Min: 0, Avg:  0.0, Max: 0, Diff: 0, Sum: 0, Workers: 8
[172.877s][debug][gc,phases         ] GC(3598)       Merged Coarse:            Min: 0, Avg:  0.0, Max: 0, Diff: 0, Sum: 0, Workers: 8
[172.877s][debug][gc,phases         ] GC(3598)       Dirty Cards:              Min: 0, Avg:  0.0, Max: 0, Diff: 0, Sum: 0, Workers: 8
[172.877s][debug][gc,phases         ] GC(3598)     Hot Card Cache (ms):      Min:  0.0, Avg:  0.0, Max:  0.0, Diff:  0.0, Sum:  0.0, Workers: 8
[172.877s][debug][gc,phases         ] GC(3598)       Dirty Cards:              Min: 0, Avg:  0.0, Max: 0, Diff: 0, Sum: 0, Workers: 8
[172.877s][debug][gc,phases         ] GC(3598)       Skipped Cards:            Min: 0, Avg:  0.0, Max: 0, Diff: 0, Sum: 0, Workers: 8
[172.877s][debug][gc,phases         ] GC(3598)     Log Buffers (ms):         Min:  0.0, Avg:  0.0, Max:  0.0, Diff:  0.0, Sum:  0.0, Workers: 8
[172.877s][debug][gc,phases         ] GC(3598)       Dirty Cards:              Min: 0, Avg:  0.1, Max: 1, Diff: 1, Sum: 1, Workers: 8
[172.877s][debug][gc,phases         ] GC(3598)       Skipped Cards:            Min: 0, Avg:  0.0, Max: 0, Diff: 0, Sum: 0, Workers: 8
[172.877s][info ][gc,phases         ] GC(3598)   Evacuate Collection Set: 0.5ms
[172.877s][debug][gc,phases         ] GC(3598)     Ext Root Scanning (ms):   Min:  0.0, Avg:  0.3, Max:  0.4, Diff:  0.4, Sum:  2.1, Workers: 8
[172.877s][debug][gc,phases         ] GC(3598)     Scan Heap Roots (ms):     Min:  0.0, Avg:  0.0, Max:  0.0, Diff:  0.0, Sum:  0.0, Workers: 8
[172.877s][debug][gc,phases         ] GC(3598)       Scanned Cards:            Min: 0, Avg:  0.1, Max: 1, Diff: 1, Sum: 1, Workers: 8
[172.877s][debug][gc,phases         ] GC(3598)       Scanned Blocks:           Min: 0, Avg:  0.1, Max: 1, Diff: 1, Sum: 1, Workers: 8
[172.877s][debug][gc,phases         ] GC(3598)       Claimed Chunks:           Min: 0, Avg:  0.1, Max: 1, Diff: 1, Sum: 1, Workers: 8
[172.877s][debug][gc,phases         ] GC(3598)     Code Root Scan (ms):      Min:  0.0, Avg:  0.0, Max:  0.1, Diff:  0.1, Sum:  0.2, Workers: 8
[172.877s][debug][gc,phases         ] GC(3598)     Object Copy (ms):         Min:  0.0, Avg:  0.0, Max:  0.0, Diff:  0.0, Sum:  0.0, Workers: 8
[172.877s][debug][gc,phases         ] GC(3598)     Termination (ms):         Min:  0.0, Avg:  0.1, Max:  0.1, Diff:  0.1, Sum:  0.5, Workers: 8
[172.877s][debug][gc,phases         ] GC(3598)       Termination Attempts:     Min: 1, Avg:  1.0, Max: 1, Diff: 0, Sum: 8, Workers: 8
[172.877s][debug][gc,phases         ] GC(3598)     GC Worker Other (ms):     Min:  0.0, Avg:  0.0, Max:  0.1, Diff:  0.1, Sum:  0.4, Workers: 8
[172.877s][debug][gc,phases         ] GC(3598)     GC Worker Total (ms):     Min:  0.0, Avg:  0.4, Max:  0.5, Diff:  0.4, Sum:  3.2, Workers: 8
[172.878s][info ][gc,phases         ] GC(3598)   Post Evacuate Collection Set: 0.7ms
[172.878s][debug][gc,phases         ] GC(3598)     Code Roots Fixup: 0.0ms
[172.878s][debug][gc,phases         ] GC(3598)     Clear Card Table: 0.2ms
[172.878s][debug][gc,phases         ] GC(3598)     Reference Processing: 0.0ms
[172.878s][debug][gc,phases,ref     ] GC(3598)       Reconsider SoftReferences: 0.0ms
[172.878s][debug][gc,phases,ref     ] GC(3598)         SoftRef (ms):             skipped
[172.878s][debug][gc,phases,ref     ] GC(3598)       Notify Soft/WeakReferences: 0.0ms
[172.878s][debug][gc,phases,ref     ] GC(3598)         SoftRef (ms):             skipped
[172.878s][debug][gc,phases,ref     ] GC(3598)         WeakRef (ms):             skipped
[172.878s][debug][gc,phases,ref     ] GC(3598)         FinalRef (ms):            skipped
[172.878s][debug][gc,phases,ref     ] GC(3598)         Total (ms):               skipped
[172.878s][debug][gc,phases,ref     ] GC(3598)       Notify and keep alive finalizable: 0.0ms
[172.878s][debug][gc,phases,ref     ] GC(3598)         FinalRef (ms):            skipped
[172.878s][debug][gc,phases,ref     ] GC(3598)       Notify PhantomReferences: 0.0ms
[172.878s][debug][gc,phases,ref     ] GC(3598)         PhantomRef (ms):          skipped
[172.878s][debug][gc,phases,ref     ] GC(3598)       SoftReference:
[172.878s][debug][gc,phases,ref     ] GC(3598)         Discovered: 0
[172.878s][debug][gc,phases,ref     ] GC(3598)         Cleared: 0
[172.878s][debug][gc,phases,ref     ] GC(3598)       WeakReference:
[172.878s][debug][gc,phases,ref     ] GC(3598)         Discovered: 0
[172.878s][debug][gc,phases,ref     ] GC(3598)         Cleared: 0
[172.878s][debug][gc,phases,ref     ] GC(3598)       FinalReference:
[172.878s][debug][gc,phases,ref     ] GC(3598)         Discovered: 0
[172.878s][debug][gc,phases,ref     ] GC(3598)         Cleared: 0
[172.878s][debug][gc,phases,ref     ] GC(3598)       PhantomReference:
[172.878s][debug][gc,phases,ref     ] GC(3598)         Discovered: 0
[172.878s][debug][gc,phases,ref     ] GC(3598)         Cleared: 0
[172.878s][debug][gc,phases         ] GC(3598)     Weak Processing: 0.1ms
[172.878s][debug][gc,phases         ] GC(3598)       JVMTI weak processing: 0.0ms
[172.878s][debug][gc,phases         ] GC(3598)         Dead: 0
[172.878s][debug][gc,phases         ] GC(3598)         Total: 0
[172.878s][debug][gc,phases         ] GC(3598)       JFR weak processing: 0.0ms
[172.878s][debug][gc,phases         ] GC(3598)         Dead: 0
[172.878s][debug][gc,phases         ] GC(3598)         Total: 0
[172.878s][debug][gc,phases         ] GC(3598)       JNI weak                  Min:  0.0, Avg:  0.0, Max:  0.0, Diff:  0.0, Sum:  0.0, Workers: 5
[172.878s][debug][gc,phases         ] GC(3598)         Dead                      Min: 0, Avg:  0.0, Max: 0, Diff: 0, Sum: 0, Workers: 5
[172.878s][debug][gc,phases         ] GC(3598)         Total                     Min: 0, Avg: 25.6, Max: 64, Diff: 64, Sum: 128, Workers: 5
[172.878s][debug][gc,phases         ] GC(3598)       VM weak                   Min:  0.0, Avg:  0.0, Max:  0.0, Diff:  0.0, Sum:  0.0, Workers: 5
[172.878s][debug][gc,phases         ] GC(3598)         Dead                      Min: 0, Avg:  0.0, Max: 0, Diff: 0, Sum: 0, Workers: 5
[172.878s][debug][gc,phases         ] GC(3598)         Total                     Min: 0, Avg: 42.4, Max: 128, Diff: 128, Sum: 212, Workers: 5
[172.878s][debug][gc,phases         ] GC(3598)       StringTable weak          Min:  0.0, Avg:  0.0, Max:  0.0, Diff:  0.0, Sum:  0.1, Workers: 5
[172.878s][debug][gc,phases         ] GC(3598)         Dead                      Min: 0, Avg:  0.0, Max: 0, Diff: 0, Sum: 0, Workers: 5
[172.878s][debug][gc,phases         ] GC(3598)         Total                     Min: 0, Avg: 686.2, Max: 1728, Diff: 1728, Sum: 3431, Workers: 5
[172.878s][debug][gc,phases         ] GC(3598)       ResolvedMethodTable weak  Min:  0.0, Avg:  0.0, Max:  0.0, Diff:  0.0, Sum:  0.0, Workers: 5
[172.878s][debug][gc,phases         ] GC(3598)         Dead                      Min: 0, Avg:  0.0, Max: 0, Diff: 0, Sum: 0, Workers: 5
[172.878s][debug][gc,phases         ] GC(3598)         Total                     Min: 0, Avg: 114.6, Max: 256, Diff: 256, Sum: 573, Workers: 5
[172.878s][debug][gc,phases         ] GC(3598)     Merge Per-Thread State: 0.0ms
[172.878s][debug][gc,phases         ] GC(3598)       Copied Bytes              Min: 0, Avg: 500323.0, Max: 800168, Diff: 800168, Sum: 4002584, Workers: 8
[172.878s][debug][gc,phases         ] GC(3598)       LAB Waste                 Min: 0, Avg:  0.0, Max: 0, Diff: 0, Sum: 0, Workers: 8
[172.878s][debug][gc,phases         ] GC(3598)       LAB Undo Waste            Min: 0, Avg:  0.0, Max: 0, Diff: 0, Sum: 0, Workers: 8
[172.878s][debug][gc,phases         ] GC(3598)     Code Roots Purge: 0.0ms
[172.878s][debug][gc,phases         ] GC(3598)     Redirty Cards: 0.0ms
[172.878s][debug][gc,phases         ] GC(3598)     DerivedPointerTable Update: 0.0ms
[172.878s][debug][gc,phases         ] GC(3598)     Free Collection Set: 0.2ms
[172.878s][debug][gc,phases         ] GC(3598)     Rebuild Free List: 0.1ms
[172.878s][debug][gc,phases         ] GC(3598)     Humongous Reclaim: 0.0ms
[172.878s][debug][gc,phases         ] GC(3598)     Start New Collection Set: 0.0ms
[172.878s][debug][gc,phases         ] GC(3598)     Resize TLABs: 0.0ms
[172.878s][debug][gc,phases         ] GC(3598)     Expand Heap After Collection: 0.0ms
[172.878s][info ][gc,phases         ] GC(3598)   Other: 0.3ms
[172.878s][info ][gc,heap           ] GC(3598) Eden regions: 868->0(868)
[172.878s][info ][gc,heap           ] GC(3598) Survivor regions: 5->5(110)
[172.878s][info ][gc,heap           ] GC(3598) Old regions: 17->17
[172.878s][info ][gc,heap           ] GC(3598) Archive regions: 2->2
[172.878s][info ][gc,heap           ] GC(3598) Humongous regions: 0->0
[172.878s][info ][gc,metaspace      ] GC(3598) Metaspace: 10069K(10624K)->10069K(10624K) NonClass: 8921K(9216K)->8921K(9216K) Class: 1148K(1408K)->1148K(1408K)
[172.878s][debug][gc,heap           ] GC(3598) Heap after GC invocations=3599 (full 1): garbage-first heap   total 1490944K, used 22332K [0x0000000700000000, 0x0000000800000000)
[172.878s][debug][gc,heap           ] GC(3598)   region size 1024K, 5 young (5120K), 5 survivors (5120K)
[172.878s][debug][gc,heap           ] GC(3598)  Metaspace       used 10069K, capacity 10368K, committed 10624K, reserved 1058816K
[172.878s][debug][gc,heap           ] GC(3598)   class space    used 1148K, capacity 1266K, committed 1408K, reserved 1048576K
[172.878s][info ][gc                ] GC(3598) Pause Young (Normal) (G1 Evacuation Pause) 889M->21M(1456M) 2.563ms
[172.878s][info ][gc,cpu            ] GC(3598) User=0.00s Sys=0.00s Real=0.01s
[172.878s][info ][safepoint         ] Safepoint "G1CollectForAllocation", Time since last: 45805047 ns, Reaching safepoint: 137876 ns, At safepoint: 2759573 ns, Total: 2897449 ns
[172.921s][debug][gc,heap           ] GC(3599) Heap before GC invocations=3599 (full 1): garbage-first heap   total 1490944K, used 910140K [0x0000000700000000, 0x0000000800000000)
[172.921s][debug][gc,heap           ] GC(3599)   region size 1024K, 873 young (893952K), 5 survivors (5120K)
[172.921s][debug][gc,heap           ] GC(3599)  Metaspace       used 10069K, capacity 10368K, committed 10624K, reserved 1058816K
[172.921s][debug][gc,heap           ] GC(3599)   class space    used 1148K, capacity 1266K, committed 1408K, reserved 1048576K
[172.921s][info ][gc,start          ] GC(3599) Pause Young (Normal) (G1 Evacuation Pause)
[172.921s][info ][gc,task           ] GC(3599) Using 8 workers of 8 for evacuation
[172.922s][debug][gc,tlab           ] GC(3599) TLAB totals: thrds: 8  refills: 21 max: 3 slow allocs: 1727 max 245 waste: 26.1% gc: 1401248B max: 229600B slow: 119640B max: 15952B fast: 0B max: 0B
[172.922s][debug][gc,age            ] GC(3599) Desired survivor size 57671680 bytes, new threshold 15 (max threshold 15)
[172.922s][debug][gc,alloc,region   ] GC(3599) Mutator Allocation stats, regions: 868, wasted size: 203M (23.4%)
[172.922s][debug][gc,ergo           ] GC(3599) Running G1 Merge Heap Roots using 8 workers for 873 regions
[172.922s][debug][gc,remset         ] GC(3599) Visited cards 256 Total dirty 2048 (12.50%) Total old 3614720 (0.01%)
[172.922s][debug][gc,ergo           ] GC(3599) Running G1 Clear Card Table Task using 2 workers for 2 units of work for 874 regions.
[172.923s][debug][gc,ref            ] GC(3599) Skipped phase1 of Reference Processing due to unavailable references
[172.923s][debug][gc,ref            ] GC(3599) Skipped phase2 of Reference Processing due to unavailable references
[172.923s][debug][gc,ref            ] GC(3599) Skipped phase3 of Reference Processing due to unavailable references
[172.923s][debug][gc,ref            ] GC(3599) Skipped phase4 of Reference Processing due to unavailable references
[172.923s][debug][gc,ergo           ] GC(3599) Running G1 Free Collection Set using 8 workers for collection set length 873 (1456)
[172.923s][debug][gc,ergo           ] GC(3599) Running G1 Rebuild Free List Task using 8 workers for rebuilding free list of 0 (4096) regions
[172.923s][trace][gc,age            ] GC(3599) Age table with threshold 15 (max threshold 15)
[172.923s][trace][gc,age            ] GC(3599) - age   1:    4002592 bytes,    4002592 total
[172.923s][debug][gc,plab           ] GC(3599) Young PLAB allocation: allocated: 16512B, wasted: 0B, unused: 14064B, used: 2448B, undo waste: 0B, 
[172.923s][debug][gc,plab           ] GC(3599) Young other allocation: region end waste: 981792B, regions filled: 5, direct allocated: 4000144B, failure used: 0B, failure wasted: 0B
[172.923s][debug][gc,plab           ] GC(3599) Young sizing: calculated: 0B, actual: 2064B
[172.923s][debug][gc,plab           ] GC(3599) Old PLAB allocation: allocated: 0B, wasted: 0B, unused: 0B, used: 0B, undo waste: 0B, 
[172.923s][debug][gc,plab           ] GC(3599) Old other allocation: region end waste: 0B, regions filled: 1, direct allocated: 0B, failure used: 0B, failure wasted: 0B
[172.923s][debug][gc,plab           ] GC(3599) Old sizing: calculated: 0B, actual: 2064B
[172.923s][debug][gc,ihop           ] GC(3599) Basic information (value update), threshold: 687026995B (45.00), target occupancy: 1526726656B, current occupancy: 22868272B, recent allocation size: 0B, recent allocation duration: 44.30ms, recent old gen allocation rate: 0.00B/s, recent marking phase length: 29.01ms
[172.923s][debug][gc,ihop           ] GC(3599) Adaptive IHOP information (value update), threshold: 687026995B (47.37), internal target occupancy: 1450390323B, occupancy: 22868272B, additional buffer size: 915406848B, predicted old gen allocation rate: 4491.10B/s, predicted marking phase length: 58.01ms, prediction active: false
[172.923s][debug][gc,ergo,refine    ] GC(3599) Concurrent refinement times: Logged Cards Scan time goal: 20.00ms Logged Cards Scan time: 0.00ms HCC time: 0.00ms
[172.923s][debug][gc,ergo,refine    ] GC(3599) Updated Refinement Zones: green: 2048, yellow: 6144, red: 10240
[172.923s][info ][gc,phases         ] GC(3599)   Pre Evacuate Collection Set: 0.1ms
[172.923s][debug][gc,phases         ] GC(3599)     Prepare TLABs: 0.0ms
[172.923s][debug][gc,phases         ] GC(3599)     Choose Collection Set: 0.0ms
[172.923s][debug][gc,phases         ] GC(3599)     Region Register: 0.1ms
[172.923s][debug][gc,phases         ] GC(3599)     Prepare Heap Roots: 0.0ms
[172.923s][info ][gc,phases         ] GC(3599)   Merge Heap Roots: 0.2ms
[172.923s][debug][gc,phases         ] GC(3599)     Prepare Merge Heap Roots: 0.0ms
[172.923s][debug][gc,phases         ] GC(3599)     Eager Reclaim (ms):       skipped
[172.923s][debug][gc,phases         ] GC(3599)     Remembered Sets (ms):     Min:  0.0, Avg:  0.0, Max:  0.1, Diff:  0.0, Sum:  0.3, Workers: 8
[172.923s][debug][gc,phases         ] GC(3599)       Merged Sparse:            Min: 0, Avg:  0.0, Max: 0, Diff: 0, Sum: 0, Workers: 8
[172.923s][debug][gc,phases         ] GC(3599)       Merged Fine:              Min: 0, Avg:  0.0, Max: 0, Diff: 0, Sum: 0, Workers: 8
[172.923s][debug][gc,phases         ] GC(3599)       Merged Coarse:            Min: 0, Avg:  0.0, Max: 0, Diff: 0, Sum: 0, Workers: 8
[172.923s][debug][gc,phases         ] GC(3599)       Dirty Cards:              Min: 0, Avg:  0.0, Max: 0, Diff: 0, Sum: 0, Workers: 8
[172.923s][debug][gc,phases         ] GC(3599)     Hot Card Cache (ms):      Min:  0.0, Avg:  0.0, Max:  0.0, Diff:  0.0, Sum:  0.0, Workers: 8
[172.923s][debug][gc,phases         ] GC(3599)       Dirty Cards:              Min: 0, Avg:  0.0, Max: 0, Diff: 0, Sum: 0, Workers: 8
[172.923s][debug][gc,phases         ] GC(3599)       Skipped Cards:            Min: 0, Avg:  0.0, Max: 0, Diff: 0, Sum: 0, Workers: 8
[172.923s][debug][gc,phases         ] GC(3599)     Log Buffers (ms):         Min:  0.0, Avg:  0.0, Max:  0.0, Diff:  0.0, Sum:  0.0, Workers: 8
[172.923s][debug][gc,phases         ] GC(3599)       Dirty Cards:              Min: 0, Avg:  0.1, Max: 1, Diff: 1, Sum: 1, Workers: 8
[172.923s][debug][gc,phases         ] GC(3599)       Skipped Cards:            Min: 0, Avg:  0.0, Max: 0, Diff: 0, Sum: 0, Workers: 8
[172.923s][info ][gc,phases         ] GC(3599)   Evacuate Collection Set: 0.5ms
[172.923s][debug][gc,phases         ] GC(3599)     Ext Root Scanning (ms):   Min:  0.2, Avg:  0.3, Max:  0.3, Diff:  0.1, Sum:  2.3, Workers: 8
[172.923s][debug][gc,phases         ] GC(3599)     Scan Heap Roots (ms):     Min:  0.0, Avg:  0.0, Max:  0.0, Diff:  0.0, Sum:  0.0, Workers: 8
[172.923s][debug][gc,phases         ] GC(3599)       Scanned Cards:            Min: 0, Avg:  0.1, Max: 1, Diff: 1, Sum: 1, Workers: 8
[172.923s][debug][gc,phases         ] GC(3599)       Scanned Blocks:           Min: 0, Avg:  0.1, Max: 1, Diff: 1, Sum: 1, Workers: 8
[172.923s][debug][gc,phases         ] GC(3599)       Claimed Chunks:           Min: 0, Avg:  0.1, Max: 1, Diff: 1, Sum: 1, Workers: 8
[172.923s][debug][gc,phases         ] GC(3599)     Code Root Scan (ms):      Min:  0.0, Avg:  0.0, Max:  0.0, Diff:  0.0, Sum:  0.2, Workers: 8
[172.923s][debug][gc,phases         ] GC(3599)     Object Copy (ms):         Min:  0.0, Avg:  0.0, Max:  0.0, Diff:  0.0, Sum:  0.0, Workers: 8
[172.923s][debug][gc,phases         ] GC(3599)     Termination (ms):         Min:  0.0, Avg:  0.1, Max:  0.1, Diff:  0.0, Sum:  0.4, Workers: 8
[172.923s][debug][gc,phases         ] GC(3599)       Termination Attempts:     Min: 1, Avg:  1.0, Max: 1, Diff: 0, Sum: 8, Workers: 8
[172.923s][debug][gc,phases         ] GC(3599)     GC Worker Other (ms):     Min:  0.0, Avg:  0.1, Max:  0.1, Diff:  0.0, Sum:  0.4, Workers: 8
[172.923s][debug][gc,phases         ] GC(3599)     GC Worker Total (ms):     Min:  0.4, Avg:  0.4, Max:  0.5, Diff:  0.1, Sum:  3.4, Workers: 8
[172.923s][info ][gc,phases         ] GC(3599)   Post Evacuate Collection Set: 0.6ms
[172.923s][debug][gc,phases         ] GC(3599)     Code Roots Fixup: 0.0ms
[172.923s][debug][gc,phases         ] GC(3599)     Clear Card Table: 0.2ms
[172.923s][debug][gc,phases         ] GC(3599)     Reference Processing: 0.0ms
[172.923s][debug][gc,phases,ref     ] GC(3599)       Reconsider SoftReferences: 0.0ms
[172.923s][debug][gc,phases,ref     ] GC(3599)         SoftRef (ms):             skipped
[172.923s][debug][gc,phases,ref     ] GC(3599)       Notify Soft/WeakReferences: 0.0ms
[172.923s][debug][gc,phases,ref     ] GC(3599)         SoftRef (ms):             skipped
[172.923s][debug][gc,phases,ref     ] GC(3599)         WeakRef (ms):             skipped
[172.923s][debug][gc,phases,ref     ] GC(3599)         FinalRef (ms):            skipped
[172.923s][debug][gc,phases,ref     ] GC(3599)         Total (ms):               skipped
[172.923s][debug][gc,phases,ref     ] GC(3599)       Notify and keep alive finalizable: 0.0ms
[172.923s][debug][gc,phases,ref     ] GC(3599)         FinalRef (ms):            skipped
[172.923s][debug][gc,phases,ref     ] GC(3599)       Notify PhantomReferences: 0.0ms
[172.923s][debug][gc,phases,ref     ] GC(3599)         PhantomRef (ms):          skipped
[172.923s][debug][gc,phases,ref     ] GC(3599)       SoftReference:
[172.923s][debug][gc,phases,ref     ] GC(3599)         Discovered: 0
[172.923s][debug][gc,phases,ref     ] GC(3599)         Cleared: 0
[172.923s][debug][gc,phases,ref     ] GC(3599)       WeakReference:
[172.923s][debug][gc,phases,ref     ] GC(3599)         Discovered: 0
[172.923s][debug][gc,phases,ref     ] GC(3599)         Cleared: 0
[172.923s][debug][gc,phases,ref     ] GC(3599)       FinalReference:
[172.923s][debug][gc,phases,ref     ] GC(3599)         Discovered: 0
[172.923s][debug][gc,phases,ref     ] GC(3599)         Cleared: 0
[172.923s][debug][gc,phases,ref     ] GC(3599)       PhantomReference:
[172.923s][debug][gc,phases,ref     ] GC(3599)         Discovered: 0
[172.923s][debug][gc,phases,ref     ] GC(3599)         Cleared: 0
[172.923s][debug][gc,phases         ] GC(3599)     Weak Processing: 0.1ms
[172.923s][debug][gc,phases         ] GC(3599)       JVMTI weak processing: 0.0ms
[172.923s][debug][gc,phases         ] GC(3599)         Dead: 0
[172.923s][debug][gc,phases         ] GC(3599)         Total: 0
[172.923s][debug][gc,phases         ] GC(3599)       JFR weak processing: 0.0ms
[172.923s][debug][gc,phases         ] GC(3599)         Dead: 0
[172.924s][debug][gc,phases         ] GC(3599)         Total: 0
[172.924s][debug][gc,phases         ] GC(3599)       JNI weak                  Min:  0.0, Avg:  0.0, Max:  0.0, Diff:  0.0, Sum:  0.0, Workers: 5
[172.924s][debug][gc,phases         ] GC(3599)         Dead                      Min: 0, Avg:  0.0, Max: 0, Diff: 0, Sum: 0, Workers: 5
[172.924s][debug][gc,phases         ] GC(3599)         Total                     Min: 0, Avg: 25.6, Max: 128, Diff: 128, Sum: 128, Workers: 5
[172.924s][debug][gc,phases         ] GC(3599)       VM weak                   Min:  0.0, Avg:  0.0, Max:  0.0, Diff:  0.0, Sum:  0.0, Workers: 5
[172.924s][debug][gc,phases         ] GC(3599)         Dead                      Min: 0, Avg:  0.0, Max: 0, Diff: 0, Sum: 0, Workers: 5
[172.924s][debug][gc,phases         ] GC(3599)         Total                     Min: 0, Avg: 42.4, Max: 212, Diff: 212, Sum: 212, Workers: 5
[172.924s][debug][gc,phases         ] GC(3599)       StringTable weak          Min:  0.0, Avg:  0.0, Max:  0.0, Diff:  0.0, Sum:  0.0, Workers: 5
[172.924s][debug][gc,phases         ] GC(3599)         Dead                      Min: 0, Avg:  0.0, Max: 0, Diff: 0, Sum: 0, Workers: 5
[172.924s][debug][gc,phases         ] GC(3599)         Total                     Min: 0, Avg: 686.2, Max: 2855, Diff: 2855, Sum: 3431, Workers: 5
[172.924s][debug][gc,phases         ] GC(3599)       ResolvedMethodTable weak  Min:  0.0, Avg:  0.0, Max:  0.0, Diff:  0.0, Sum:  0.0, Workers: 5
[172.924s][debug][gc,phases         ] GC(3599)         Dead                      Min: 0, Avg:  0.0, Max: 0, Diff: 0, Sum: 0, Workers: 5
[172.924s][debug][gc,phases         ] GC(3599)         Total                     Min: 0, Avg: 114.6, Max: 192, Diff: 192, Sum: 573, Workers: 5
[172.924s][debug][gc,phases         ] GC(3599)     Merge Per-Thread State: 0.0ms
[172.924s][debug][gc,phases         ] GC(3599)       Copied Bytes              Min: 400088, Avg: 500324.0, Max: 800096, Diff: 400008, Sum: 4002592, Workers: 8
[172.924s][debug][gc,phases         ] GC(3599)       LAB Waste                 Min: 0, Avg:  0.0, Max: 0, Diff: 0, Sum: 0, Workers: 8
[172.924s][debug][gc,phases         ] GC(3599)       LAB Undo Waste            Min: 0, Avg:  0.0, Max: 0, Diff: 0, Sum: 0, Workers: 8
[172.924s][debug][gc,phases         ] GC(3599)     Code Roots Purge: 0.0ms
[172.924s][debug][gc,phases         ] GC(3599)     Redirty Cards: 0.0ms
[172.924s][debug][gc,phases         ] GC(3599)     DerivedPointerTable Update: 0.0ms
[172.924s][debug][gc,phases         ] GC(3599)     Free Collection Set: 0.2ms
[172.924s][debug][gc,phases         ] GC(3599)     Rebuild Free List: 0.1ms
[172.924s][debug][gc,phases         ] GC(3599)     Humongous Reclaim: 0.0ms
[172.924s][debug][gc,phases         ] GC(3599)     Start New Collection Set: 0.0ms
[172.924s][debug][gc,phases         ] GC(3599)     Resize TLABs: 0.0ms
[172.924s][debug][gc,phases         ] GC(3599)     Expand Heap After Collection: 0.0ms
[172.924s][info ][gc,phases         ] GC(3599)   Other: 0.3ms
[172.924s][info ][gc,heap           ] GC(3599) Eden regions: 868->0(868)
[172.924s][info ][gc,heap           ] GC(3599) Survivor regions: 5->5(110)
[172.924s][info ][gc,heap           ] GC(3599) Old regions: 17->17
[172.924s][info ][gc,heap           ] GC(3599) Archive regions: 2->2
[172.924s][info ][gc,heap           ] GC(3599) Humongous regions: 0->0
[172.924s][info ][gc,metaspace      ] GC(3599) Metaspace: 10069K(10624K)->10069K(10624K) NonClass: 8921K(9216K)->8921K(9216K) Class: 1148K(1408K)->1148K(1408K)
[172.924s][debug][gc,heap           ] GC(3599) Heap after GC invocations=3600 (full 1): garbage-first heap   total 1490944K, used 22332K [0x0000000700000000, 0x0000000800000000)
[172.924s][debug][gc,heap           ] GC(3599)   region size 1024K, 5 young (5120K), 5 survivors (5120K)
[172.924s][debug][gc,heap           ] GC(3599)  Metaspace       used 10069K, capacity 10368K, committed 10624K, reserved 1058816K
[172.924s][debug][gc,heap           ] GC(3599)   class space    used 1148K, capacity 1266K, committed 1408K, reserved 1048576K
[172.924s][info ][gc                ] GC(3599) Pause Young (Normal) (G1 Evacuation Pause) 889M->21M(1456M) 2.275ms
[172.924s][info ][gc,cpu            ] GC(3599) User=0.01s Sys=0.00s Real=0.00s
[172.924s][info ][safepoint         ] Safepoint "G1CollectForAllocation", Time since last: 43178570 ns, Reaching safepoint: 117328 ns, At safepoint: 2437015 ns, Total: 2554343 ns
[172.966s][debug][gc,heap           ] GC(3600) Heap before GC invocations=3600 (full 1): garbage-first heap   total 1490944K, used 910140K [0x0000000700000000, 0x0000000800000000)
[172.966s][debug][gc,heap           ] GC(3600)   region size 1024K, 873 young (893952K), 5 survivors (5120K)
[172.966s][debug][gc,heap           ] GC(3600)  Metaspace       used 10069K, capacity 10368K, committed 10624K, reserved 1058816K
[172.966s][debug][gc,heap           ] GC(3600)   class space    used 1148K, capacity 1266K, committed 1408K, reserved 1048576K
[172.967s][info ][gc,start          ] GC(3600) Pause Young (Normal) (G1 Evacuation Pause)
[172.967s][info ][gc,task           ] GC(3600) Using 8 workers of 8 for evacuation
[172.967s][debug][gc,tlab           ] GC(3600) TLAB totals: thrds: 8  refills: 14 max: 3 slow allocs: 1726 max 242 waste: 20.7% gc: 948664B max: 242240B slow: 69264B max: 15488B fast: 0B max: 0B
[172.967s][debug][gc,age            ] GC(3600) Desired survivor size 57671680 bytes, new threshold 15 (max threshold 15)
[172.967s][debug][gc,alloc,region   ] GC(3600) Mutator Allocation stats, regions: 868, wasted size: 203M (23.4%)
[172.967s][debug][gc,ergo           ] GC(3600) Running G1 Merge Heap Roots using 8 workers for 873 regions
[172.967s][debug][gc,remset         ] GC(3600) Visited cards 512 Total dirty 4096 (12.50%) Total old 3614720 (0.01%)
[172.967s][debug][gc,ergo           ] GC(3600) Running G1 Clear Card Table Task using 2 workers for 2 units of work for 875 regions.
[172.968s][debug][gc,ref            ] GC(3600) Skipped phase1 of Reference Processing due to unavailable references
[172.968s][debug][gc,ref            ] GC(3600) Skipped phase2 of Reference Processing due to unavailable references
[172.968s][debug][gc,ref            ] GC(3600) Skipped phase3 of Reference Processing due to unavailable references
[172.968s][debug][gc,ref            ] GC(3600) Skipped phase4 of Reference Processing due to unavailable references
[172.968s][debug][gc,ergo           ] GC(3600) Running G1 Free Collection Set using 8 workers for collection set length 873 (1456)
[172.968s][debug][gc,ergo           ] GC(3600) Running G1 Rebuild Free List Task using 8 workers for rebuilding free list of 0 (4096) regions
[172.968s][trace][gc,age            ] GC(3600) Age table with threshold 15 (max threshold 15)
[172.968s][trace][gc,age            ] GC(3600) - age   1:    3202560 bytes,    3202560 total
[172.968s][debug][gc,plab           ] GC(3600) Young PLAB allocation: allocated: 16512B, wasted: 0B, unused: 14064B, used: 2448B, undo waste: 0B, 
[172.968s][debug][gc,plab           ] GC(3600) Young other allocation: region end waste: 733248B, regions filled: 4, direct allocated: 3200112B, failure used: 0B, failure wasted: 0B
[172.968s][debug][gc,plab           ] GC(3600) Young sizing: calculated: 0B, actual: 2064B
[172.968s][debug][gc,plab           ] GC(3600) Old PLAB allocation: allocated: 0B, wasted: 0B, unused: 0B, used: 0B, undo waste: 0B, 
[172.968s][debug][gc,plab           ] GC(3600) Old other allocation: region end waste: 0B, regions filled: 1, direct allocated: 0B, failure used: 0B, failure wasted: 0B
[172.968s][debug][gc,plab           ] GC(3600) Old sizing: calculated: 0B, actual: 2064B
[172.968s][debug][gc,ihop           ] GC(3600) Basic information (value update), threshold: 687026995B (45.00), target occupancy: 1526726656B, current occupancy: 21819696B, recent allocation size: 0B, recent allocation duration: 43.51ms, recent old gen allocation rate: 0.00B/s, recent marking phase length: 29.01ms
[172.968s][debug][gc,ihop           ] GC(3600) Adaptive IHOP information (value update), threshold: 687026995B (47.37), internal target occupancy: 1450390323B, occupancy: 21819696B, additional buffer size: 915406848B, predicted old gen allocation rate: 4371.44B/s, predicted marking phase length: 58.01ms, prediction active: false
[172.968s][debug][gc,ergo,refine    ] GC(3600) Concurrent refinement times: Logged Cards Scan time goal: 20.00ms Logged Cards Scan time: 0.00ms HCC time: 0.00ms
[172.968s][debug][gc,ergo,refine    ] GC(3600) Updated Refinement Zones: green: 2048, yellow: 6144, red: 10240
[172.968s][info ][gc,phases         ] GC(3600)   Pre Evacuate Collection Set: 0.1ms
[172.968s][debug][gc,phases         ] GC(3600)     Prepare TLABs: 0.0ms
[172.968s][debug][gc,phases         ] GC(3600)     Choose Collection Set: 0.0ms
[172.968s][debug][gc,phases         ] GC(3600)     Region Register: 0.1ms
[172.968s][debug][gc,phases         ] GC(3600)     Prepare Heap Roots: 0.0ms
[172.968s][info ][gc,phases         ] GC(3600)   Merge Heap Roots: 0.2ms
[172.968s][debug][gc,phases         ] GC(3600)     Prepare Merge Heap Roots: 0.0ms
[172.968s][debug][gc,phases         ] GC(3600)     Eager Reclaim (ms):       skipped
[172.968s][debug][gc,phases         ] GC(3600)     Remembered Sets (ms):     Min:  0.0, Avg:  0.0, Max:  0.1, Diff:  0.0, Sum:  0.2, Workers: 8
[172.968s][debug][gc,phases         ] GC(3600)       Merged Sparse:            Min: 0, Avg:  0.0, Max: 0, Diff: 0, Sum: 0, Workers: 8
[172.968s][debug][gc,phases         ] GC(3600)       Merged Fine:              Min: 0, Avg:  0.0, Max: 0, Diff: 0, Sum: 0, Workers: 8
[172.968s][debug][gc,phases         ] GC(3600)       Merged Coarse:            Min: 0, Avg:  0.0, Max: 0, Diff: 0, Sum: 0, Workers: 8
[172.968s][debug][gc,phases         ] GC(3600)       Dirty Cards:              Min: 0, Avg:  0.0, Max: 0, Diff: 0, Sum: 0, Workers: 8
[172.968s][debug][gc,phases         ] GC(3600)     Hot Card Cache (ms):      Min:  0.0, Avg:  0.0, Max:  0.0, Diff:  0.0, Sum:  0.0, Workers: 8
[172.968s][debug][gc,phases         ] GC(3600)       Dirty Cards:              Min: 0, Avg:  0.0, Max: 0, Diff: 0, Sum: 0, Workers: 8
[172.968s][debug][gc,phases         ] GC(3600)       Skipped Cards:            Min: 0, Avg:  0.0, Max: 0, Diff: 0, Sum: 0, Workers: 8
[172.968s][debug][gc,phases         ] GC(3600)     Log Buffers (ms):         Min:  0.0, Avg:  0.0, Max:  0.0, Diff:  0.0, Sum:  0.0, Workers: 8
[172.968s][debug][gc,phases         ] GC(3600)       Dirty Cards:              Min: 0, Avg:  0.2, Max: 2, Diff: 2, Sum: 2, Workers: 8
[172.968s][debug][gc,phases         ] GC(3600)       Skipped Cards:            Min: 0, Avg:  0.0, Max: 0, Diff: 0, Sum: 0, Workers: 8
[172.968s][info ][gc,phases         ] GC(3600)   Evacuate Collection Set: 0.4ms
[172.968s][debug][gc,phases         ] GC(3600)     Ext Root Scanning (ms):   Min:  0.1, Avg:  0.2, Max:  0.3, Diff:  0.2, Sum:  1.5, Workers: 8
[172.968s][debug][gc,phases         ] GC(3600)     Scan Heap Roots (ms):     Min:  0.0, Avg:  0.0, Max:  0.0, Diff:  0.0, Sum:  0.0, Workers: 8
[172.968s][debug][gc,phases         ] GC(3600)       Scanned Cards:            Min: 0, Avg:  0.2, Max: 2, Diff: 2, Sum: 2, Workers: 8
[172.968s][debug][gc,phases         ] GC(3600)       Scanned Blocks:           Min: 0, Avg:  0.2, Max: 2, Diff: 2, Sum: 2, Workers: 8
[172.968s][debug][gc,phases         ] GC(3600)       Claimed Chunks:           Min: 0, Avg:  0.2, Max: 2, Diff: 2, Sum: 2, Workers: 8
[172.968s][debug][gc,phases         ] GC(3600)     Code Root Scan (ms):      Min:  0.0, Avg:  0.0, Max:  0.0, Diff:  0.0, Sum:  0.1, Workers: 8
[172.968s][debug][gc,phases         ] GC(3600)     Object Copy (ms):         Min:  0.0, Avg:  0.0, Max:  0.0, Diff:  0.0, Sum:  0.0, Workers: 8
[172.968s][debug][gc,phases         ] GC(3600)     Termination (ms):         Min:  0.0, Avg:  0.1, Max:  0.1, Diff:  0.1, Sum:  0.6, Workers: 8
[172.968s][debug][gc,phases         ] GC(3600)       Termination Attempts:     Min: 1, Avg:  1.0, Max: 1, Diff: 0, Sum: 8, Workers: 8
[172.968s][debug][gc,phases         ] GC(3600)     GC Worker Other (ms):     Min:  0.0, Avg:  0.0, Max:  0.1, Diff:  0.1, Sum:  0.3, Workers: 8
[172.968s][debug][gc,phases         ] GC(3600)     GC Worker Total (ms):     Min:  0.3, Avg:  0.3, Max:  0.4, Diff:  0.1, Sum:  2.6, Workers: 8
[172.968s][info ][gc,phases         ] GC(3600)   Post Evacuate Collection Set: 0.6ms
[172.968s][debug][gc,phases         ] GC(3600)     Code Roots Fixup: 0.0ms
[172.968s][debug][gc,phases         ] GC(3600)     Clear Card Table: 0.2ms
[172.968s][debug][gc,phases         ] GC(3600)     Reference Processing: 0.0ms
[172.968s][debug][gc,phases,ref     ] GC(3600)       Reconsider SoftReferences: 0.0ms
[172.968s][debug][gc,phases,ref     ] GC(3600)         SoftRef (ms):             skipped
[172.968s][debug][gc,phases,ref     ] GC(3600)       Notify Soft/WeakReferences: 0.0ms
[172.968s][debug][gc,phases,ref     ] GC(3600)         SoftRef (ms):             skipped
[172.968s][debug][gc,phases,ref     ] GC(3600)         WeakRef (ms):             skipped
[172.968s][debug][gc,phases,ref     ] GC(3600)         FinalRef (ms):            skipped
[172.968s][debug][gc,phases,ref     ] GC(3600)         Total (ms):               skipped
[172.968s][debug][gc,phases,ref     ] GC(3600)       Notify and keep alive finalizable: 0.0ms
[172.968s][debug][gc,phases,ref     ] GC(3600)         FinalRef (ms):            skipped
[172.968s][debug][gc,phases,ref     ] GC(3600)       Notify PhantomReferences: 0.0ms
[172.968s][debug][gc,phases,ref     ] GC(3600)         PhantomRef (ms):          skipped
[172.968s][debug][gc,phases,ref     ] GC(3600)       SoftReference:
[172.968s][debug][gc,phases,ref     ] GC(3600)         Discovered: 0
[172.968s][debug][gc,phases,ref     ] GC(3600)         Cleared: 0
[172.968s][debug][gc,phases,ref     ] GC(3600)       WeakReference:
[172.968s][debug][gc,phases,ref     ] GC(3600)         Discovered: 0
[172.968s][debug][gc,phases,ref     ] GC(3600)         Cleared: 0
[172.968s][debug][gc,phases,ref     ] GC(3600)       FinalReference:
[172.968s][debug][gc,phases,ref     ] GC(3600)         Discovered: 0
[172.968s][debug][gc,phases,ref     ] GC(3600)         Cleared: 0
[172.968s][debug][gc,phases,ref     ] GC(3600)       PhantomReference:
[172.968s][debug][gc,phases,ref     ] GC(3600)         Discovered: 0
[172.968s][debug][gc,phases,ref     ] GC(3600)         Cleared: 0
[172.968s][debug][gc,phases         ] GC(3600)     Weak Processing: 0.1ms
[172.969s][debug][gc,phases         ] GC(3600)       JVMTI weak processing: 0.0ms
[172.969s][debug][gc,phases         ] GC(3600)         Dead: 0
[172.969s][debug][gc,phases         ] GC(3600)         Total: 0
[172.969s][debug][gc,phases         ] GC(3600)       JFR weak processing: 0.0ms
[172.969s][debug][gc,phases         ] GC(3600)         Dead: 0
[172.969s][debug][gc,phases         ] GC(3600)         Total: 0
[172.969s][debug][gc,phases         ] GC(3600)       JNI weak                  Min:  0.0, Avg:  0.0, Max:  0.0, Diff:  0.0, Sum:  0.0, Workers: 5
[172.969s][debug][gc,phases         ] GC(3600)         Dead                      Min: 0, Avg:  0.0, Max: 0, Diff: 0, Sum: 0, Workers: 5
[172.969s][debug][gc,phases         ] GC(3600)         Total                     Min: 0, Avg: 25.6, Max: 64, Diff: 64, Sum: 128, Workers: 5
[172.969s][debug][gc,phases         ] GC(3600)       VM weak                   Min:  0.0, Avg:  0.0, Max:  0.0, Diff:  0.0, Sum:  0.0, Workers: 5
[172.969s][debug][gc,phases         ] GC(3600)         Dead                      Min: 0, Avg:  0.0, Max: 0, Diff: 0, Sum: 0, Workers: 5
[172.969s][debug][gc,phases         ] GC(3600)         Total                     Min: 0, Avg: 42.4, Max: 128, Diff: 128, Sum: 212, Workers: 5
[172.969s][debug][gc,phases         ] GC(3600)       StringTable weak          Min:  0.0, Avg:  0.0, Max:  0.0, Diff:  0.0, Sum:  0.1, Workers: 5
[172.969s][debug][gc,phases         ] GC(3600)         Dead                      Min: 0, Avg:  0.0, Max: 0, Diff: 0, Sum: 0, Workers: 5
[172.969s][debug][gc,phases         ] GC(3600)         Total                     Min: 0, Avg: 686.2, Max: 1728, Diff: 1728, Sum: 3431, Workers: 5
[172.969s][debug][gc,phases         ] GC(3600)       ResolvedMethodTable weak  Min:  0.0, Avg:  0.0, Max:  0.0, Diff:  0.0, Sum:  0.0, Workers: 5
[172.969s][debug][gc,phases         ] GC(3600)         Dead                      Min: 0, Avg:  0.0, Max: 0, Diff: 0, Sum: 0, Workers: 5
[172.969s][debug][gc,phases         ] GC(3600)         Total                     Min: 0, Avg: 114.6, Max: 317, Diff: 317, Sum: 573, Workers: 5
[172.969s][debug][gc,phases         ] GC(3600)     Merge Per-Thread State: 0.0ms
[172.969s][debug][gc,phases         ] GC(3600)       Copied Bytes              Min: 312, Avg: 400320.0, Max: 800320, Diff: 800008, Sum: 3202560, Workers: 8
[172.969s][debug][gc,phases         ] GC(3600)       LAB Waste                 Min: 0, Avg:  0.0, Max: 0, Diff: 0, Sum: 0, Workers: 8
[172.969s][debug][gc,phases         ] GC(3600)       LAB Undo Waste            Min: 0, Avg:  0.0, Max: 0, Diff: 0, Sum: 0, Workers: 8
[172.969s][debug][gc,phases         ] GC(3600)     Code Roots Purge: 0.0ms
[172.969s][debug][gc,phases         ] GC(3600)     Redirty Cards: 0.0ms
[172.969s][debug][gc,phases         ] GC(3600)     DerivedPointerTable Update: 0.0ms
[172.969s][debug][gc,phases         ] GC(3600)     Free Collection Set: 0.2ms
[172.969s][debug][gc,phases         ] GC(3600)     Rebuild Free List: 0.1ms
[172.969s][debug][gc,phases         ] GC(3600)     Humongous Reclaim: 0.0ms
[172.969s][debug][gc,phases         ] GC(3600)     Start New Collection Set: 0.0ms
[172.969s][debug][gc,phases         ] GC(3600)     Resize TLABs: 0.0ms
[172.969s][debug][gc,phases         ] GC(3600)     Expand Heap After Collection: 0.0ms
[172.969s][info ][gc,phases         ] GC(3600)   Other: 0.3ms
[172.969s][info ][gc,heap           ] GC(3600) Eden regions: 868->0(869)
[172.969s][info ][gc,heap           ] GC(3600) Survivor regions: 5->4(110)
[172.969s][info ][gc,heap           ] GC(3600) Old regions: 17->17
[172.969s][info ][gc,heap           ] GC(3600) Archive regions: 2->2
[172.969s][info ][gc,heap           ] GC(3600) Humongous regions: 0->0
[172.969s][info ][gc,metaspace      ] GC(3600) Metaspace: 10069K(10624K)->10069K(10624K) NonClass: 8921K(9216K)->8921K(9216K) Class: 1148K(1408K)->1148K(1408K)
[172.969s][debug][gc,heap           ] GC(3600) Heap after GC invocations=3601 (full 1): garbage-first heap   total 1490944K, used 21308K [0x0000000700000000, 0x0000000800000000)
[172.969s][debug][gc,heap           ] GC(3600)   region size 1024K, 4 young (4096K), 4 survivors (4096K)
[172.969s][debug][gc,heap           ] GC(3600)  Metaspace       used 10069K, capacity 10368K, committed 10624K, reserved 1058816K
[172.969s][debug][gc,heap           ] GC(3600)   class space    used 1148K, capacity 1266K, committed 1408K, reserved 1048576K
[172.969s][info ][gc                ] GC(3600) Pause Young (Normal) (G1 Evacuation Pause) 889M->20M(1456M) 2.278ms
[172.969s][info ][gc,cpu            ] GC(3600) User=0.01s Sys=0.00s Real=0.01s
[172.969s][info ][safepoint         ] Safepoint "G1CollectForAllocation", Time since last: 42420174 ns, Reaching safepoint: 178236 ns, At safepoint: 2445087 ns, Total: 2623323 ns
[173.012s][debug][gc,heap           ] GC(3601) Heap before GC invocations=3601 (full 1): garbage-first heap   total 1490944K, used 910140K [0x0000000700000000, 0x0000000800000000)
[173.012s][debug][gc,heap           ] GC(3601)   region size 1024K, 873 young (893952K), 4 survivors (4096K)
[173.012s][debug][gc,heap           ] GC(3601)  Metaspace       used 10069K, capacity 10368K, committed 10624K, reserved 1058816K
[173.012s][debug][gc,heap           ] GC(3601)   class space    used 1148K, capacity 1266K, committed 1408K, reserved 1048576K
[173.012s][info ][gc,start          ] GC(3601) Pause Young (Normal) (G1 Evacuation Pause)
[173.012s][info ][gc,task           ] GC(3601) Using 8 workers of 8 for evacuation
[173.012s][debug][gc,tlab           ] GC(3601) TLAB totals: thrds: 8  refills: 12 max: 2 slow allocs: 1731 max 257 waste: 24.7% gc: 960032B max: 242224B slow: 54632B max: 14304B fast: 0B max: 0B
[173.012s][debug][gc,age            ] GC(3601) Desired survivor size 57671680 bytes, new threshold 15 (max threshold 15)
[173.012s][debug][gc,alloc,region   ] GC(3601) Mutator Allocation stats, regions: 869, wasted size: 203M (23.4%)
[173.012s][debug][gc,ergo           ] GC(3601) Running G1 Merge Heap Roots using 8 workers for 873 regions
[173.013s][debug][gc,remset         ] GC(3601) Visited cards 256 Total dirty 2048 (12.50%) Total old 3614720 (0.01%)
[173.013s][debug][gc,ergo           ] GC(3601) Running G1 Clear Card Table Task using 2 workers for 2 units of work for 874 regions.
[173.013s][debug][gc,ref            ] GC(3601) Skipped phase1 of Reference Processing due to unavailable references
[173.013s][debug][gc,ref            ] GC(3601) Skipped phase2 of Reference Processing due to unavailable references
[173.013s][debug][gc,ref            ] GC(3601) Skipped phase3 of Reference Processing due to unavailable references
[173.013s][debug][gc,ref            ] GC(3601) Skipped phase4 of Reference Processing due to unavailable references
[173.013s][debug][gc,ergo           ] GC(3601) Running G1 Free Collection Set using 8 workers for collection set length 873 (1456)
[173.013s][debug][gc,ergo           ] GC(3601) Running G1 Rebuild Free List Task using 8 workers for rebuilding free list of 0 (4096) regions
[173.014s][trace][gc,age            ] GC(3601) Age table with threshold 15 (max threshold 15)
[173.014s][trace][gc,age            ] GC(3601) - age   1:    3202568 bytes,    3202568 total
[173.014s][debug][gc,plab           ] GC(3601) Young PLAB allocation: allocated: 16512B, wasted: 0B, unused: 14064B, used: 2448B, undo waste: 0B, 
[173.014s][debug][gc,plab           ] GC(3601) Young other allocation: region end waste: 731184B, regions filled: 4, direct allocated: 3200120B, failure used: 0B, failure wasted: 0B
[173.014s][debug][gc,plab           ] GC(3601) Young sizing: calculated: 0B, actual: 2064B
[173.014s][debug][gc,plab           ] GC(3601) Old PLAB allocation: allocated: 0B, wasted: 0B, unused: 0B, used: 0B, undo waste: 0B, 
[173.014s][debug][gc,plab           ] GC(3601) Old other allocation: region end waste: 0B, regions filled: 1, direct allocated: 0B, failure used: 0B, failure wasted: 0B
[173.014s][debug][gc,plab           ] GC(3601) Old sizing: calculated: 0B, actual: 2064B
[173.014s][debug][gc,ihop           ] GC(3601) Basic information (value update), threshold: 687026995B (45.00), target occupancy: 1526726656B, current occupancy: 21817640B, recent allocation size: 0B, recent allocation duration: 44.24ms, recent old gen allocation rate: 0.00B/s, recent marking phase length: 29.01ms
[173.014s][debug][gc,ihop           ] GC(3601) Adaptive IHOP information (value update), threshold: 687026995B (47.37), internal target occupancy: 1450390323B, occupancy: 21817640B, additional buffer size: 915406848B, predicted old gen allocation rate: 4255.10B/s, predicted marking phase length: 58.01ms, prediction active: false
[173.014s][debug][gc,ergo,refine    ] GC(3601) Concurrent refinement times: Logged Cards Scan time goal: 20.00ms Logged Cards Scan time: 0.00ms HCC time: 0.00ms
[173.014s][debug][gc,ergo,refine    ] GC(3601) Updated Refinement Zones: green: 2048, yellow: 6144, red: 10240
[173.014s][info ][gc,phases         ] GC(3601)   Pre Evacuate Collection Set: 0.1ms
[173.014s][debug][gc,phases         ] GC(3601)     Prepare TLABs: 0.0ms
[173.014s][debug][gc,phases         ] GC(3601)     Choose Collection Set: 0.0ms
[173.014s][debug][gc,phases         ] GC(3601)     Region Register: 0.1ms
[173.014s][debug][gc,phases         ] GC(3601)     Prepare Heap Roots: 0.0ms
[173.014s][info ][gc,phases         ] GC(3601)   Merge Heap Roots: 0.1ms
[173.014s][debug][gc,phases         ] GC(3601)     Prepare Merge Heap Roots: 0.0ms
[173.014s][debug][gc,phases         ] GC(3601)     Eager Reclaim (ms):       skipped
[173.014s][debug][gc,phases         ] GC(3601)     Remembered Sets (ms):     Min:  0.0, Avg:  0.0, Max:  0.0, Diff:  0.0, Sum:  0.3, Workers: 8
[173.014s][debug][gc,phases         ] GC(3601)       Merged Sparse:            Min: 0, Avg:  0.0, Max: 0, Diff: 0, Sum: 0, Workers: 8
[173.014s][debug][gc,phases         ] GC(3601)       Merged Fine:              Min: 0, Avg:  0.0, Max: 0, Diff: 0, Sum: 0, Workers: 8
[173.014s][debug][gc,phases         ] GC(3601)       Merged Coarse:            Min: 0, Avg:  0.0, Max: 0, Diff: 0, Sum: 0, Workers: 8
[173.014s][debug][gc,phases         ] GC(3601)       Dirty Cards:              Min: 0, Avg:  0.0, Max: 0, Diff: 0, Sum: 0, Workers: 8
[173.014s][debug][gc,phases         ] GC(3601)     Hot Card Cache (ms):      Min:  0.0, Avg:  0.0, Max:  0.0, Diff:  0.0, Sum:  0.0, Workers: 8
[173.014s][debug][gc,phases         ] GC(3601)       Dirty Cards:              Min: 0, Avg:  0.0, Max: 0, Diff: 0, Sum: 0, Workers: 8
[173.014s][debug][gc,phases         ] GC(3601)       Skipped Cards:            Min: 0, Avg:  0.0, Max: 0, Diff: 0, Sum: 0, Workers: 8
[173.014s][debug][gc,phases         ] GC(3601)     Log Buffers (ms):         Min:  0.0, Avg:  0.0, Max:  0.0, Diff:  0.0, Sum:  0.0, Workers: 8
[173.014s][debug][gc,phases         ] GC(3601)       Dirty Cards:              Min: 0, Avg:  0.1, Max: 1, Diff: 1, Sum: 1, Workers: 8
[173.014s][debug][gc,phases         ] GC(3601)       Skipped Cards:            Min: 0, Avg:  0.0, Max: 0, Diff: 0, Sum: 0, Workers: 8
[173.014s][info ][gc,phases         ] GC(3601)   Evacuate Collection Set: 0.4ms
[173.014s][debug][gc,phases         ] GC(3601)     Ext Root Scanning (ms):   Min:  0.2, Avg:  0.2, Max:  0.3, Diff:  0.1, Sum:  1.9, Workers: 8
[173.014s][debug][gc,phases         ] GC(3601)     Scan Heap Roots (ms):     Min:  0.0, Avg:  0.0, Max:  0.0, Diff:  0.0, Sum:  0.0, Workers: 8
[173.014s][debug][gc,phases         ] GC(3601)       Scanned Cards:            Min: 0, Avg:  0.1, Max: 1, Diff: 1, Sum: 1, Workers: 8
[173.014s][debug][gc,phases         ] GC(3601)       Scanned Blocks:           Min: 0, Avg:  0.1, Max: 1, Diff: 1, Sum: 1, Workers: 8
[173.014s][debug][gc,phases         ] GC(3601)       Claimed Chunks:           Min: 0, Avg:  0.1, Max: 1, Diff: 1, Sum: 1, Workers: 8
[173.014s][debug][gc,phases         ] GC(3601)     Code Root Scan (ms):      Min:  0.0, Avg:  0.0, Max:  0.1, Diff:  0.1, Sum:  0.2, Workers: 8
[173.014s][debug][gc,phases         ] GC(3601)     Object Copy (ms):         Min:  0.0, Avg:  0.0, Max:  0.0, Diff:  0.0, Sum:  0.0, Workers: 8
[173.014s][debug][gc,phases         ] GC(3601)     Termination (ms):         Min:  0.0, Avg:  0.1, Max:  0.1, Diff:  0.0, Sum:  0.4, Workers: 8
[173.014s][debug][gc,phases         ] GC(3601)       Termination Attempts:     Min: 1, Avg:  1.0, Max: 1, Diff: 0, Sum: 8, Workers: 8
[173.014s][debug][gc,phases         ] GC(3601)     GC Worker Other (ms):     Min:  0.0, Avg:  0.0, Max:  0.1, Diff:  0.0, Sum:  0.3, Workers: 8
[173.014s][debug][gc,phases         ] GC(3601)     GC Worker Total (ms):     Min:  0.3, Avg:  0.4, Max:  0.4, Diff:  0.0, Sum:  2.9, Workers: 8
[173.014s][info ][gc,phases         ] GC(3601)   Post Evacuate Collection Set: 0.6ms
[173.014s][debug][gc,phases         ] GC(3601)     Code Roots Fixup: 0.0ms
[173.014s][debug][gc,phases         ] GC(3601)     Clear Card Table: 0.2ms
[173.014s][debug][gc,phases         ] GC(3601)     Reference Processing: 0.0ms
[173.014s][debug][gc,phases,ref     ] GC(3601)       Reconsider SoftReferences: 0.0ms
[173.014s][debug][gc,phases,ref     ] GC(3601)         SoftRef (ms):             skipped
[173.014s][debug][gc,phases,ref     ] GC(3601)       Notify Soft/WeakReferences: 0.0ms
[173.014s][debug][gc,phases,ref     ] GC(3601)         SoftRef (ms):             skipped
[173.014s][debug][gc,phases,ref     ] GC(3601)         WeakRef (ms):             skipped
[173.014s][debug][gc,phases,ref     ] GC(3601)         FinalRef (ms):            skipped
[173.014s][debug][gc,phases,ref     ] GC(3601)         Total (ms):               skipped
[173.014s][debug][gc,phases,ref     ] GC(3601)       Notify and keep alive finalizable: 0.0ms
[173.014s][debug][gc,phases,ref     ] GC(3601)         FinalRef (ms):            skipped
[173.014s][debug][gc,phases,ref     ] GC(3601)       Notify PhantomReferences: 0.0ms
[173.014s][debug][gc,phases,ref     ] GC(3601)         PhantomRef (ms):          skipped
[173.014s][debug][gc,phases,ref     ] GC(3601)       SoftReference:
[173.014s][debug][gc,phases,ref     ] GC(3601)         Discovered: 0
[173.014s][debug][gc,phases,ref     ] GC(3601)         Cleared: 0
[173.014s][debug][gc,phases,ref     ] GC(3601)       WeakReference:
[173.014s][debug][gc,phases,ref     ] GC(3601)         Discovered: 0
[173.014s][debug][gc,phases,ref     ] GC(3601)         Cleared: 0
[173.014s][debug][gc,phases,ref     ] GC(3601)       FinalReference:
[173.014s][debug][gc,phases,ref     ] GC(3601)         Discovered: 0
[173.014s][debug][gc,phases,ref     ] GC(3601)         Cleared: 0
[173.014s][debug][gc,phases,ref     ] GC(3601)       PhantomReference:
[173.014s][debug][gc,phases,ref     ] GC(3601)         Discovered: 0
[173.014s][debug][gc,phases,ref     ] GC(3601)         Cleared: 0
[173.014s][debug][gc,phases         ] GC(3601)     Weak Processing: 0.1ms
[173.014s][debug][gc,phases         ] GC(3601)       JVMTI weak processing: 0.0ms
[173.014s][debug][gc,phases         ] GC(3601)         Dead: 0
[173.014s][debug][gc,phases         ] GC(3601)         Total: 0
[173.014s][debug][gc,phases         ] GC(3601)       JFR weak processing: 0.0ms
[173.014s][debug][gc,phases         ] GC(3601)         Dead: 0
[173.014s][debug][gc,phases         ] GC(3601)         Total: 0
[173.014s][debug][gc,phases         ] GC(3601)       JNI weak                  Min:  0.0, Avg:  0.0, Max:  0.0, Diff:  0.0, Sum:  0.0, Workers: 5
[173.014s][debug][gc,phases         ] GC(3601)         Dead                      Min: 0, Avg:  0.0, Max: 0, Diff: 0, Sum: 0, Workers: 5
[173.014s][debug][gc,phases         ] GC(3601)         Total                     Min: 0, Avg: 25.6, Max: 64, Diff: 64, Sum: 128, Workers: 5
[173.014s][debug][gc,phases         ] GC(3601)       VM weak                   Min:  0.0, Avg:  0.0, Max:  0.0, Diff:  0.0, Sum:  0.0, Workers: 5
[173.014s][debug][gc,phases         ] GC(3601)         Dead                      Min: 0, Avg:  0.0, Max: 0, Diff: 0, Sum: 0, Workers: 5
[173.014s][debug][gc,phases         ] GC(3601)         Total                     Min: 0, Avg: 42.4, Max: 128, Diff: 128, Sum: 212, Workers: 5
[173.014s][debug][gc,phases         ] GC(3601)       StringTable weak          Min:  0.0, Avg:  0.0, Max:  0.0, Diff:  0.0, Sum:  0.1, Workers: 5
[173.014s][debug][gc,phases         ] GC(3601)         Dead                      Min: 0, Avg:  0.0, Max: 0, Diff: 0, Sum: 0, Workers: 5
[173.014s][debug][gc,phases         ] GC(3601)         Total                     Min: 0, Avg: 686.2, Max: 1728, Diff: 1728, Sum: 3431, Workers: 5
[173.014s][debug][gc,phases         ] GC(3601)       ResolvedMethodTable weak  Min:  0.0, Avg:  0.0, Max:  0.0, Diff:  0.0, Sum:  0.0, Workers: 5
[173.014s][debug][gc,phases         ] GC(3601)         Dead                      Min: 0, Avg:  0.0, Max: 0, Diff: 0, Sum: 0, Workers: 5
[173.014s][debug][gc,phases         ] GC(3601)         Total                     Min: 0, Avg: 114.6, Max: 317, Diff: 317, Sum: 573, Workers: 5
[173.014s][debug][gc,phases         ] GC(3601)     Merge Per-Thread State: 0.0ms
[173.014s][debug][gc,phases         ] GC(3601)       Copied Bytes              Min: 760, Avg: 400321.0, Max: 800320, Diff: 799560, Sum: 3202568, Workers: 8
[173.014s][debug][gc,phases         ] GC(3601)       LAB Waste                 Min: 0, Avg:  0.0, Max: 0, Diff: 0, Sum: 0, Workers: 8
[173.014s][debug][gc,phases         ] GC(3601)       LAB Undo Waste            Min: 0, Avg:  0.0, Max: 0, Diff: 0, Sum: 0, Workers: 8
[173.014s][debug][gc,phases         ] GC(3601)     Code Roots Purge: 0.0ms
[173.014s][debug][gc,phases         ] GC(3601)     Redirty Cards: 0.0ms
[173.014s][debug][gc,phases         ] GC(3601)     DerivedPointerTable Update: 0.0ms
[173.014s][debug][gc,phases         ] GC(3601)     Free Collection Set: 0.2ms
[173.014s][debug][gc,phases         ] GC(3601)     Rebuild Free List: 0.1ms
[173.014s][debug][gc,phases         ] GC(3601)     Humongous Reclaim: 0.0ms
[173.014s][debug][gc,phases         ] GC(3601)     Start New Collection Set: 0.0ms
[173.014s][debug][gc,phases         ] GC(3601)     Resize TLABs: 0.0ms
[173.014s][debug][gc,phases         ] GC(3601)     Expand Heap After Collection: 0.0ms
[173.014s][info ][gc,phases         ] GC(3601)   Other: 0.3ms
[173.014s][info ][gc,heap           ] GC(3601) Eden regions: 869->0(869)
[173.014s][info ][gc,heap           ] GC(3601) Survivor regions: 4->4(110)
[173.014s][info ][gc,heap           ] GC(3601) Old regions: 17->17
[173.014s][info ][gc,heap           ] GC(3601) Archive regions: 2->2
[173.014s][info ][gc,heap           ] GC(3601) Humongous regions: 0->0
[173.014s][info ][gc,metaspace      ] GC(3601) Metaspace: 10069K(10624K)->10069K(10624K) NonClass: 8921K(9216K)->8921K(9216K) Class: 1148K(1408K)->1148K(1408K)
[173.014s][debug][gc,heap           ] GC(3601) Heap after GC invocations=3602 (full 1): garbage-first heap   total 1490944K, used 21306K [0x0000000700000000, 0x0000000800000000)
[173.014s][debug][gc,heap           ] GC(3601)   region size 1024K, 4 young (4096K), 4 survivors (4096K)
[173.014s][debug][gc,heap           ] GC(3601)  Metaspace       used 10069K, capacity 10368K, committed 10624K, reserved 1058816K
[173.014s][debug][gc,heap           ] GC(3601)   class space    used 1148K, capacity 1266K, committed 1408K, reserved 1048576K
[173.014s][info ][gc                ] GC(3601) Pause Young (Normal) (G1 Evacuation Pause) 889M->20M(1456M) 2.105ms
[173.014s][info ][gc,cpu            ] GC(3601) User=0.01s Sys=0.00s Real=0.00s
[173.014s][info ][safepoint         ] Safepoint "G1CollectForAllocation", Time since last: 43073422 ns, Reaching safepoint: 204468 ns, At safepoint: 2283993 ns, Total: 2488461 ns
[173.058s][debug][gc,heap           ] GC(3602) Heap before GC invocations=3602 (full 1): garbage-first heap   total 1490944K, used 910138K [0x0000000700000000, 0x0000000800000000)
[173.058s][debug][gc,heap           ] GC(3602)   region size 1024K, 873 young (893952K), 4 survivors (4096K)
[173.058s][debug][gc,heap           ] GC(3602)  Metaspace       used 10069K, capacity 10368K, committed 10624K, reserved 1058816K
[173.058s][debug][gc,heap           ] GC(3602)   class space    used 1148K, capacity 1266K, committed 1408K, reserved 1048576K
[173.058s][info ][gc,start          ] GC(3602) Pause Young (Normal) (G1 Evacuation Pause)
[173.058s][info ][gc,task           ] GC(3602) Using 8 workers of 8 for evacuation
[173.058s][debug][gc,tlab           ] GC(3602) TLAB totals: thrds: 8  refills: 14 max: 2 slow allocs: 1732 max 232 waste: 26.5% gc: 1177800B max: 224944B slow: 83392B max: 14304B fast: 0B max: 0B
[173.058s][debug][gc,age            ] GC(3602) Desired survivor size 57671680 bytes, new threshold 15 (max threshold 15)
[173.058s][debug][gc,alloc,region   ] GC(3602) Mutator Allocation stats, regions: 869, wasted size: 203M (23.4%)
[173.058s][debug][gc,ergo           ] GC(3602) Running G1 Merge Heap Roots using 8 workers for 873 regions
[173.058s][debug][gc,remset         ] GC(3602) Visited cards 512 Total dirty 4096 (12.50%) Total old 3614720 (0.01%)
[173.059s][debug][gc,ergo           ] GC(3602) Running G1 Clear Card Table Task using 2 workers for 2 units of work for 875 regions.
[173.059s][debug][gc,ref            ] GC(3602) Skipped phase1 of Reference Processing due to unavailable references
[173.059s][debug][gc,ref            ] GC(3602) Skipped phase2 of Reference Processing due to unavailable references
[173.059s][debug][gc,ref            ] GC(3602) Skipped phase3 of Reference Processing due to unavailable references
[173.059s][debug][gc,ref            ] GC(3602) Skipped phase4 of Reference Processing due to unavailable references
[173.059s][debug][gc,ergo           ] GC(3602) Running G1 Free Collection Set using 8 workers for collection set length 873 (1456)
[173.059s][debug][gc,ergo           ] GC(3602) Running G1 Rebuild Free List Task using 8 workers for rebuilding free list of 0 (4096) regions
[173.059s][trace][gc,age            ] GC(3602) Age table with threshold 15 (max threshold 15)
[173.059s][trace][gc,age            ] GC(3602) - age   1:    2402528 bytes,    2402528 total
[173.059s][debug][gc,plab           ] GC(3602) Young PLAB allocation: allocated: 16512B, wasted: 0B, unused: 14064B, used: 2448B, undo waste: 0B, 
[173.059s][debug][gc,plab           ] GC(3602) Young other allocation: region end waste: 484704B, regions filled: 3, direct allocated: 2400080B, failure used: 0B, failure wasted: 0B
[173.059s][debug][gc,plab           ] GC(3602) Young sizing: calculated: 0B, actual: 2064B
[173.059s][debug][gc,plab           ] GC(3602) Old PLAB allocation: allocated: 0B, wasted: 0B, unused: 0B, used: 0B, undo waste: 0B, 
[173.059s][debug][gc,plab           ] GC(3602) Old other allocation: region end waste: 0B, regions filled: 1, direct allocated: 0B, failure used: 0B, failure wasted: 0B
[173.059s][debug][gc,plab           ] GC(3602) Old sizing: calculated: 0B, actual: 2064B
[173.059s][debug][gc,ihop           ] GC(3602) Basic information (value update), threshold: 687026995B (45.00), target occupancy: 1526726656B, current occupancy: 20771120B, recent allocation size: 0B, recent allocation duration: 44.41ms, recent old gen allocation rate: 0.00B/s, recent marking phase length: 29.01ms
[173.059s][debug][gc,ihop           ] GC(3602) Adaptive IHOP information (value update), threshold: 687026995B (47.37), internal target occupancy: 1450390323B, occupancy: 20771120B, additional buffer size: 915406848B, predicted old gen allocation rate: 4141.99B/s, predicted marking phase length: 58.01ms, prediction active: false
[173.059s][debug][gc,ergo,refine    ] GC(3602) Concurrent refinement times: Logged Cards Scan time goal: 20.00ms Logged Cards Scan time: 0.00ms HCC time: 0.00ms
[173.059s][debug][gc,ergo,refine    ] GC(3602) Updated Refinement Zones: green: 2048, yellow: 6144, red: 10240
[173.059s][info ][gc,phases         ] GC(3602)   Pre Evacuate Collection Set: 0.1ms
[173.059s][debug][gc,phases         ] GC(3602)     Prepare TLABs: 0.0ms
[173.059s][debug][gc,phases         ] GC(3602)     Choose Collection Set: 0.0ms
[173.059s][debug][gc,phases         ] GC(3602)     Region Register: 0.1ms
[173.059s][debug][gc,phases         ] GC(3602)     Prepare Heap Roots: 0.0ms
[173.059s][info ][gc,phases         ] GC(3602)   Merge Heap Roots: 0.1ms
[173.059s][debug][gc,phases         ] GC(3602)     Prepare Merge Heap Roots: 0.0ms
[173.059s][debug][gc,phases         ] GC(3602)     Eager Reclaim (ms):       skipped
[173.059s][debug][gc,phases         ] GC(3602)     Remembered Sets (ms):     Min:  0.0, Avg:  0.0, Max:  0.1, Diff:  0.0, Sum:  0.3, Workers: 8
[173.059s][debug][gc,phases         ] GC(3602)       Merged Sparse:            Min: 0, Avg:  0.0, Max: 0, Diff: 0, Sum: 0, Workers: 8
[173.059s][debug][gc,phases         ] GC(3602)       Merged Fine:              Min: 0, Avg:  0.0, Max: 0, Diff: 0, Sum: 0, Workers: 8
[173.059s][debug][gc,phases         ] GC(3602)       Merged Coarse:            Min: 0, Avg:  0.0, Max: 0, Diff: 0, Sum: 0, Workers: 8
[173.059s][debug][gc,phases         ] GC(3602)       Dirty Cards:              Min: 0, Avg:  0.0, Max: 0, Diff: 0, Sum: 0, Workers: 8
[173.059s][debug][gc,phases         ] GC(3602)     Hot Card Cache (ms):      Min:  0.0, Avg:  0.0, Max:  0.0, Diff:  0.0, Sum:  0.0, Workers: 8
[173.059s][debug][gc,phases         ] GC(3602)       Dirty Cards:              Min: 0, Avg:  0.0, Max: 0, Diff: 0, Sum: 0, Workers: 8
[173.059s][debug][gc,phases         ] GC(3602)       Skipped Cards:            Min: 0, Avg:  0.0, Max: 0, Diff: 0, Sum: 0, Workers: 8
[173.059s][debug][gc,phases         ] GC(3602)     Log Buffers (ms):         Min:  0.0, Avg:  0.0, Max:  0.0, Diff:  0.0, Sum:  0.0, Workers: 8
[173.060s][debug][gc,phases         ] GC(3602)       Dirty Cards:              Min: 0, Avg:  0.2, Max: 1, Diff: 1, Sum: 2, Workers: 8
[173.060s][debug][gc,phases         ] GC(3602)       Skipped Cards:            Min: 0, Avg:  0.0, Max: 0, Diff: 0, Sum: 0, Workers: 8
[173.060s][info ][gc,phases         ] GC(3602)   Evacuate Collection Set: 0.3ms
[173.060s][debug][gc,phases         ] GC(3602)     Ext Root Scanning (ms):   Min:  0.0, Avg:  0.1, Max:  0.2, Diff:  0.2, Sum:  0.9, Workers: 8
[173.060s][debug][gc,phases         ] GC(3602)     Scan Heap Roots (ms):     Min:  0.0, Avg:  0.0, Max:  0.0, Diff:  0.0, Sum:  0.0, Workers: 8
[173.060s][debug][gc,phases         ] GC(3602)       Scanned Cards:            Min: 0, Avg:  0.2, Max: 1, Diff: 1, Sum: 2, Workers: 8
[173.060s][debug][gc,phases         ] GC(3602)       Scanned Blocks:           Min: 0, Avg:  0.2, Max: 1, Diff: 1, Sum: 2, Workers: 8
[173.060s][debug][gc,phases         ] GC(3602)       Claimed Chunks:           Min: 0, Avg:  0.2, Max: 1, Diff: 1, Sum: 2, Workers: 8
[173.060s][debug][gc,phases         ] GC(3602)     Code Root Scan (ms):      Min:  0.0, Avg:  0.0, Max:  0.0, Diff:  0.0, Sum:  0.1, Workers: 8
[173.060s][debug][gc,phases         ] GC(3602)     Object Copy (ms):         Min:  0.0, Avg:  0.0, Max:  0.0, Diff:  0.0, Sum:  0.0, Workers: 8
[173.060s][debug][gc,phases         ] GC(3602)     Termination (ms):         Min:  0.0, Avg:  0.1, Max:  0.1, Diff:  0.1, Sum:  0.7, Workers: 8
[173.060s][debug][gc,phases         ] GC(3602)       Termination Attempts:     Min: 1, Avg:  1.1, Max: 2, Diff: 1, Sum: 9, Workers: 8
[173.060s][debug][gc,phases         ] GC(3602)     GC Worker Other (ms):     Min:  0.0, Avg:  0.0, Max:  0.1, Diff:  0.0, Sum:  0.3, Workers: 8
[173.060s][debug][gc,phases         ] GC(3602)     GC Worker Total (ms):     Min:  0.2, Avg:  0.3, Max:  0.3, Diff:  0.1, Sum:  2.1, Workers: 8
[173.060s][info ][gc,phases         ] GC(3602)   Post Evacuate Collection Set: 0.6ms
[173.060s][debug][gc,phases         ] GC(3602)     Code Roots Fixup: 0.0ms
[173.060s][debug][gc,phases         ] GC(3602)     Clear Card Table: 0.2ms
[173.060s][debug][gc,phases         ] GC(3602)     Reference Processing: 0.0ms
[173.060s][debug][gc,phases,ref     ] GC(3602)       Reconsider SoftReferences: 0.0ms
[173.060s][debug][gc,phases,ref     ] GC(3602)         SoftRef (ms):             skipped
[173.060s][debug][gc,phases,ref     ] GC(3602)       Notify Soft/WeakReferences: 0.0ms
[173.060s][debug][gc,phases,ref     ] GC(3602)         SoftRef (ms):             skipped
[173.060s][debug][gc,phases,ref     ] GC(3602)         WeakRef (ms):             skipped
[173.060s][debug][gc,phases,ref     ] GC(3602)         FinalRef (ms):            skipped
[173.060s][debug][gc,phases,ref     ] GC(3602)         Total (ms):               skipped
[173.060s][debug][gc,phases,ref     ] GC(3602)       Notify and keep alive finalizable: 0.0ms
[173.060s][debug][gc,phases,ref     ] GC(3602)         FinalRef (ms):            skipped
[173.060s][debug][gc,phases,ref     ] GC(3602)       Notify PhantomReferences: 0.0ms
[173.060s][debug][gc,phases,ref     ] GC(3602)         PhantomRef (ms):          skipped
[173.060s][debug][gc,phases,ref     ] GC(3602)       SoftReference:
[173.060s][debug][gc,phases,ref     ] GC(3602)         Discovered: 0
[173.060s][debug][gc,phases,ref     ] GC(3602)         Cleared: 0
[173.060s][debug][gc,phases,ref     ] GC(3602)       WeakReference:
[173.060s][debug][gc,phases,ref     ] GC(3602)         Discovered: 0
[173.060s][debug][gc,phases,ref     ] GC(3602)         Cleared: 0
[173.060s][debug][gc,phases,ref     ] GC(3602)       FinalReference:
[173.060s][debug][gc,phases,ref     ] GC(3602)         Discovered: 0
[173.060s][debug][gc,phases,ref     ] GC(3602)         Cleared: 0
[173.060s][debug][gc,phases,ref     ] GC(3602)       PhantomReference:
[173.060s][debug][gc,phases,ref     ] GC(3602)         Discovered: 0
[173.060s][debug][gc,phases,ref     ] GC(3602)         Cleared: 0
[173.060s][debug][gc,phases         ] GC(3602)     Weak Processing: 0.1ms
[173.060s][debug][gc,phases         ] GC(3602)       JVMTI weak processing: 0.0ms
[173.060s][debug][gc,phases         ] GC(3602)         Dead: 0
[173.060s][debug][gc,phases         ] GC(3602)         Total: 0
[173.060s][debug][gc,phases         ] GC(3602)       JFR weak processing: 0.0ms
[173.060s][debug][gc,phases         ] GC(3602)         Dead: 0
[173.060s][debug][gc,phases         ] GC(3602)         Total: 0
[173.060s][debug][gc,phases         ] GC(3602)       JNI weak                  Min:  0.0, Avg:  0.0, Max:  0.0, Diff:  0.0, Sum:  0.0, Workers: 5
[173.060s][debug][gc,phases         ] GC(3602)         Dead                      Min: 0, Avg:  0.0, Max: 0, Diff: 0, Sum: 0, Workers: 5
[173.060s][debug][gc,phases         ] GC(3602)         Total                     Min: 0, Avg: 25.6, Max: 64, Diff: 64, Sum: 128, Workers: 5
[173.060s][debug][gc,phases         ] GC(3602)       VM weak                   Min:  0.0, Avg:  0.0, Max:  0.0, Diff:  0.0, Sum:  0.0, Workers: 5
[173.060s][debug][gc,phases         ] GC(3602)         Dead                      Min: 0, Avg:  0.0, Max: 0, Diff: 0, Sum: 0, Workers: 5
[173.060s][debug][gc,phases         ] GC(3602)         Total                     Min: 0, Avg: 42.4, Max: 128, Diff: 128, Sum: 212, Workers: 5
[173.060s][debug][gc,phases         ] GC(3602)       StringTable weak          Min:  0.0, Avg:  0.0, Max:  0.0, Diff:  0.0, Sum:  0.0, Workers: 5
[173.060s][debug][gc,phases         ] GC(3602)         Dead                      Min: 0, Avg:  0.0, Max: 0, Diff: 0, Sum: 0, Workers: 5
[173.060s][debug][gc,phases         ] GC(3602)         Total                     Min: 0, Avg: 686.2, Max: 1728, Diff: 1728, Sum: 3431, Workers: 5
[173.060s][debug][gc,phases         ] GC(3602)       ResolvedMethodTable weak  Min:  0.0, Avg:  0.0, Max:  0.0, Diff:  0.0, Sum:  0.0, Workers: 5
[173.060s][debug][gc,phases         ] GC(3602)         Dead                      Min: 0, Avg:  0.0, Max: 0, Diff: 0, Sum: 0, Workers: 5
[173.060s][debug][gc,phases         ] GC(3602)         Total                     Min: 0, Avg: 114.6, Max: 256, Diff: 256, Sum: 573, Workers: 5
[173.060s][debug][gc,phases         ] GC(3602)     Merge Per-Thread State: 0.0ms
[173.060s][debug][gc,phases         ] GC(3602)       Copied Bytes              Min: 112, Avg: 300316.0, Max: 800544, Diff: 800432, Sum: 2402528, Workers: 8
[173.060s][debug][gc,phases         ] GC(3602)       LAB Waste                 Min: 0, Avg:  0.0, Max: 0, Diff: 0, Sum: 0, Workers: 8
[173.060s][debug][gc,phases         ] GC(3602)       LAB Undo Waste            Min: 0, Avg:  0.0, Max: 0, Diff: 0, Sum: 0, Workers: 8
[173.060s][debug][gc,phases         ] GC(3602)     Code Roots Purge: 0.0ms
[173.060s][debug][gc,phases         ] GC(3602)     Redirty Cards: 0.0ms
[173.060s][debug][gc,phases         ] GC(3602)     DerivedPointerTable Update: 0.0ms
[173.060s][debug][gc,phases         ] GC(3602)     Free Collection Set: 0.2ms
[173.060s][debug][gc,phases         ] GC(3602)     Rebuild Free List: 0.1ms
[173.060s][debug][gc,phases         ] GC(3602)     Humongous Reclaim: 0.0ms
[173.060s][debug][gc,phases         ] GC(3602)     Start New Collection Set: 0.0ms
[173.060s][debug][gc,phases         ] GC(3602)     Resize TLABs: 0.0ms
[173.060s][debug][gc,phases         ] GC(3602)     Expand Heap After Collection: 0.0ms
[173.060s][info ][gc,phases         ] GC(3602)   Other: 0.3ms
[173.060s][info ][gc,heap           ] GC(3602) Eden regions: 869->0(870)
[173.060s][info ][gc,heap           ] GC(3602) Survivor regions: 4->3(110)
[173.060s][info ][gc,heap           ] GC(3602) Old regions: 17->17
[173.060s][info ][gc,heap           ] GC(3602) Archive regions: 2->2
[173.060s][info ][gc,heap           ] GC(3602) Humongous regions: 0->0
[173.060s][info ][gc,metaspace      ] GC(3602) Metaspace: 10069K(10624K)->10069K(10624K) NonClass: 8921K(9216K)->8921K(9216K) Class: 1148K(1408K)->1148K(1408K)
[173.060s][debug][gc,heap           ] GC(3602) Heap after GC invocations=3603 (full 1): garbage-first heap   total 1490944K, used 20284K [0x0000000700000000, 0x0000000800000000)
[173.060s][debug][gc,heap           ] GC(3602)   region size 1024K, 3 young (3072K), 3 survivors (3072K)
[173.060s][debug][gc,heap           ] GC(3602)  Metaspace       used 10069K, capacity 10368K, committed 10624K, reserved 1058816K
[173.060s][debug][gc,heap           ] GC(3602)   class space    used 1148K, capacity 1266K, committed 1408K, reserved 1048576K
[173.060s][info ][gc                ] GC(3602) Pause Young (Normal) (G1 Evacuation Pause) 889M->19M(1456M) 2.003ms
[173.060s][info ][gc,cpu            ] GC(3602) User=0.00s Sys=0.00s Real=0.00s
[173.060s][info ][safepoint         ] Safepoint "G1CollectForAllocation", Time since last: 43307853 ns, Reaching safepoint: 180930 ns, At safepoint: 2165283 ns, Total: 2346213 ns
[173.106s][debug][gc,heap           ] GC(3603) Heap before GC invocations=3603 (full 1): garbage-first heap   total 1490944K, used 910140K [0x0000000700000000, 0x0000000800000000)
[173.106s][debug][gc,heap           ] GC(3603)   region size 1024K, 873 young (893952K), 3 survivors (3072K)
[173.106s][debug][gc,heap           ] GC(3603)  Metaspace       used 10069K, capacity 10368K, committed 10624K, reserved 1058816K
[173.106s][debug][gc,heap           ] GC(3603)   class space    used 1148K, capacity 1266K, committed 1408K, reserved 1048576K
[173.106s][info ][gc,start          ] GC(3603) Pause Young (Normal) (G1 Evacuation Pause)
[173.106s][info ][gc,task           ] GC(3603) Using 8 workers of 8 for evacuation
[173.106s][debug][gc,tlab           ] GC(3603) TLAB totals: thrds: 8  refills: 14 max: 3 slow allocs: 1729 max 237 waste: 34.0% gc: 1320272B max: 221600B slow: 70200B max: 15096B fast: 0B max: 0B
[173.106s][debug][gc,age            ] GC(3603) Desired survivor size 57671680 bytes, new threshold 15 (max threshold 15)
[173.106s][debug][gc,alloc,region   ] GC(3603) Mutator Allocation stats, regions: 870, wasted size: 203M (23.4%)
[173.107s][debug][gc,ergo           ] GC(3603) Running G1 Merge Heap Roots using 8 workers for 873 regions
[173.107s][debug][gc,remset         ] GC(3603) Visited cards 256 Total dirty 2048 (12.50%) Total old 3614720 (0.01%)
[173.107s][debug][gc,ergo           ] GC(3603) Running G1 Clear Card Table Task using 2 workers for 2 units of work for 874 regions.
[173.107s][debug][gc,ref            ] GC(3603) Skipped phase1 of Reference Processing due to unavailable references
[173.107s][debug][gc,ref            ] GC(3603) Skipped phase2 of Reference Processing due to unavailable references
[173.107s][debug][gc,ref            ] GC(3603) Skipped phase3 of Reference Processing due to unavailable references
[173.107s][debug][gc,ref            ] GC(3603) Skipped phase4 of Reference Processing due to unavailable references
[173.108s][debug][gc,ergo           ] GC(3603) Running G1 Free Collection Set using 8 workers for collection set length 873 (1456)
[173.108s][debug][gc,ergo           ] GC(3603) Running G1 Rebuild Free List Task using 8 workers for rebuilding free list of 0 (4096) regions
[173.108s][trace][gc,age            ] GC(3603) Age table with threshold 15 (max threshold 15)
[173.108s][trace][gc,age            ] GC(3603) - age   1:    4802608 bytes,    4802608 total
[173.108s][debug][gc,plab           ] GC(3603) Young PLAB allocation: allocated: 16512B, wasted: 0B, unused: 14064B, used: 2448B, undo waste: 0B, 
[173.108s][debug][gc,plab           ] GC(3603) Young other allocation: region end waste: 1234480B, regions filled: 6, direct allocated: 4800160B, failure used: 0B, failure wasted: 0B
[173.108s][debug][gc,plab           ] GC(3603) Young sizing: calculated: 0B, actual: 2064B
[173.108s][debug][gc,plab           ] GC(3603) Old PLAB allocation: allocated: 0B, wasted: 0B, unused: 0B, used: 0B, undo waste: 0B, 
[173.108s][debug][gc,plab           ] GC(3603) Old other allocation: region end waste: 0B, regions filled: 1, direct allocated: 0B, failure used: 0B, failure wasted: 0B
[173.108s][debug][gc,plab           ] GC(3603) Old sizing: calculated: 0B, actual: 2064B
[173.108s][debug][gc,ihop           ] GC(3603) Basic information (value update), threshold: 687026995B (45.00), target occupancy: 1526726656B, current occupancy: 23920976B, recent allocation size: 0B, recent allocation duration: 46.97ms, recent old gen allocation rate: 0.00B/s, recent marking phase length: 29.01ms
[173.108s][debug][gc,ihop           ] GC(3603) Adaptive IHOP information (value update), threshold: 687026995B (47.37), internal target occupancy: 1450390323B, occupancy: 23920976B, additional buffer size: 915406848B, predicted old gen allocation rate: 4032.01B/s, predicted marking phase length: 58.01ms, prediction active: false
[173.108s][debug][gc,ergo,refine    ] GC(3603) Concurrent refinement times: Logged Cards Scan time goal: 20.00ms Logged Cards Scan time: 0.00ms HCC time: 0.00ms
[173.108s][debug][gc,ergo,refine    ] GC(3603) Updated Refinement Zones: green: 2048, yellow: 6144, red: 10240
[173.108s][info ][gc,phases         ] GC(3603)   Pre Evacuate Collection Set: 0.1ms
[173.108s][debug][gc,phases         ] GC(3603)     Prepare TLABs: 0.0ms
[173.108s][debug][gc,phases         ] GC(3603)     Choose Collection Set: 0.0ms
[173.108s][debug][gc,phases         ] GC(3603)     Region Register: 0.1ms
[173.108s][debug][gc,phases         ] GC(3603)     Prepare Heap Roots: 0.0ms
[173.108s][info ][gc,phases         ] GC(3603)   Merge Heap Roots: 0.1ms
[173.108s][debug][gc,phases         ] GC(3603)     Prepare Merge Heap Roots: 0.0ms
[173.108s][debug][gc,phases         ] GC(3603)     Eager Reclaim (ms):       skipped
[173.108s][debug][gc,phases         ] GC(3603)     Remembered Sets (ms):     Min:  0.0, Avg:  0.0, Max:  0.1, Diff:  0.0, Sum:  0.4, Workers: 8
[173.108s][debug][gc,phases         ] GC(3603)       Merged Sparse:            Min: 0, Avg:  0.0, Max: 0, Diff: 0, Sum: 0, Workers: 8
[173.108s][debug][gc,phases         ] GC(3603)       Merged Fine:              Min: 0, Avg:  0.0, Max: 0, Diff: 0, Sum: 0, Workers: 8
[173.108s][debug][gc,phases         ] GC(3603)       Merged Coarse:            Min: 0, Avg:  0.0, Max: 0, Diff: 0, Sum: 0, Workers: 8
[173.108s][debug][gc,phases         ] GC(3603)       Dirty Cards:              Min: 0, Avg:  0.0, Max: 0, Diff: 0, Sum: 0, Workers: 8
[173.108s][debug][gc,phases         ] GC(3603)     Hot Card Cache (ms):      Min:  0.0, Avg:  0.0, Max:  0.0, Diff:  0.0, Sum:  0.0, Workers: 8
[173.108s][debug][gc,phases         ] GC(3603)       Dirty Cards:              Min: 0, Avg:  0.0, Max: 0, Diff: 0, Sum: 0, Workers: 8
[173.108s][debug][gc,phases         ] GC(3603)       Skipped Cards:            Min: 0, Avg:  0.0, Max: 0, Diff: 0, Sum: 0, Workers: 8
[173.108s][debug][gc,phases         ] GC(3603)     Log Buffers (ms):         Min:  0.0, Avg:  0.0, Max:  0.0, Diff:  0.0, Sum:  0.0, Workers: 8
[173.108s][debug][gc,phases         ] GC(3603)       Dirty Cards:              Min: 0, Avg:  0.1, Max: 1, Diff: 1, Sum: 1, Workers: 8
[173.108s][debug][gc,phases         ] GC(3603)       Skipped Cards:            Min: 0, Avg:  0.0, Max: 0, Diff: 0, Sum: 0, Workers: 8
[173.108s][info ][gc,phases         ] GC(3603)   Evacuate Collection Set: 0.5ms
[173.108s][debug][gc,phases         ] GC(3603)     Ext Root Scanning (ms):   Min:  0.2, Avg:  0.3, Max:  0.4, Diff:  0.2, Sum:  2.7, Workers: 8
[173.108s][debug][gc,phases         ] GC(3603)     Scan Heap Roots (ms):     Min:  0.0, Avg:  0.0, Max:  0.0, Diff:  0.0, Sum:  0.0, Workers: 8
[173.108s][debug][gc,phases         ] GC(3603)       Scanned Cards:            Min: 0, Avg:  0.1, Max: 1, Diff: 1, Sum: 1, Workers: 8
[173.108s][debug][gc,phases         ] GC(3603)       Scanned Blocks:           Min: 0, Avg:  0.1, Max: 1, Diff: 1, Sum: 1, Workers: 8
[173.108s][debug][gc,phases         ] GC(3603)       Claimed Chunks:           Min: 0, Avg:  0.1, Max: 1, Diff: 1, Sum: 1, Workers: 8
[173.108s][debug][gc,phases         ] GC(3603)     Code Root Scan (ms):      Min:  0.0, Avg:  0.0, Max:  0.0, Diff:  0.0, Sum:  0.2, Workers: 8
[173.108s][debug][gc,phases         ] GC(3603)     Object Copy (ms):         Min:  0.0, Avg:  0.0, Max:  0.0, Diff:  0.0, Sum:  0.0, Workers: 8
[173.108s][debug][gc,phases         ] GC(3603)     Termination (ms):         Min:  0.0, Avg:  0.1, Max:  0.1, Diff:  0.1, Sum:  0.5, Workers: 8
[173.108s][debug][gc,phases         ] GC(3603)       Termination Attempts:     Min: 1, Avg:  1.6, Max: 3, Diff: 2, Sum: 13, Workers: 8
[173.108s][debug][gc,phases         ] GC(3603)     GC Worker Other (ms):     Min:  0.0, Avg:  0.0, Max:  0.1, Diff:  0.0, Sum:  0.4, Workers: 8
[173.108s][debug][gc,phases         ] GC(3603)     GC Worker Total (ms):     Min:  0.4, Avg:  0.5, Max:  0.5, Diff:  0.1, Sum:  3.8, Workers: 8
[173.108s][info ][gc,phases         ] GC(3603)   Post Evacuate Collection Set: 0.6ms
[173.108s][debug][gc,phases         ] GC(3603)     Code Roots Fixup: 0.0ms
[173.108s][debug][gc,phases         ] GC(3603)     Clear Card Table: 0.2ms
[173.108s][debug][gc,phases         ] GC(3603)     Reference Processing: 0.0ms
[173.108s][debug][gc,phases,ref     ] GC(3603)       Reconsider SoftReferences: 0.0ms
[173.108s][debug][gc,phases,ref     ] GC(3603)         SoftRef (ms):             skipped
[173.108s][debug][gc,phases,ref     ] GC(3603)       Notify Soft/WeakReferences: 0.0ms
[173.108s][debug][gc,phases,ref     ] GC(3603)         SoftRef (ms):             skipped
[173.108s][debug][gc,phases,ref     ] GC(3603)         WeakRef (ms):             skipped
[173.108s][debug][gc,phases,ref     ] GC(3603)         FinalRef (ms):            skipped
[173.108s][debug][gc,phases,ref     ] GC(3603)         Total (ms):               skipped
[173.108s][debug][gc,phases,ref     ] GC(3603)       Notify and keep alive finalizable: 0.0ms
[173.108s][debug][gc,phases,ref     ] GC(3603)         FinalRef (ms):            skipped
[173.108s][debug][gc,phases,ref     ] GC(3603)       Notify PhantomReferences: 0.0ms
[173.108s][debug][gc,phases,ref     ] GC(3603)         PhantomRef (ms):          skipped
[173.108s][debug][gc,phases,ref     ] GC(3603)       SoftReference:
[173.108s][debug][gc,phases,ref     ] GC(3603)         Discovered: 0
[173.108s][debug][gc,phases,ref     ] GC(3603)         Cleared: 0
[173.108s][debug][gc,phases,ref     ] GC(3603)       WeakReference:
[173.108s][debug][gc,phases,ref     ] GC(3603)         Discovered: 0
[173.108s][debug][gc,phases,ref     ] GC(3603)         Cleared: 0
[173.108s][debug][gc,phases,ref     ] GC(3603)       FinalReference:
[173.108s][debug][gc,phases,ref     ] GC(3603)         Discovered: 0
[173.108s][debug][gc,phases,ref     ] GC(3603)         Cleared: 0
[173.108s][debug][gc,phases,ref     ] GC(3603)       PhantomReference:
[173.108s][debug][gc,phases,ref     ] GC(3603)         Discovered: 0
[173.108s][debug][gc,phases,ref     ] GC(3603)         Cleared: 0
[173.108s][debug][gc,phases         ] GC(3603)     Weak Processing: 0.1ms
[173.108s][debug][gc,phases         ] GC(3603)       JVMTI weak processing: 0.0ms
[173.108s][debug][gc,phases         ] GC(3603)         Dead: 0
[173.108s][debug][gc,phases         ] GC(3603)         Total: 0
[173.108s][debug][gc,phases         ] GC(3603)       JFR weak processing: 0.0ms
[173.108s][debug][gc,phases         ] GC(3603)         Dead: 0
[173.108s][debug][gc,phases         ] GC(3603)         Total: 0
[173.108s][debug][gc,phases         ] GC(3603)       JNI weak                  Min:  0.0, Avg:  0.0, Max:  0.0, Diff:  0.0, Sum:  0.0, Workers: 5
[173.108s][debug][gc,phases         ] GC(3603)         Dead                      Min: 0, Avg:  0.0, Max: 0, Diff: 0, Sum: 0, Workers: 5
[173.108s][debug][gc,phases         ] GC(3603)         Total                     Min: 0, Avg: 25.6, Max: 64, Diff: 64, Sum: 128, Workers: 5
[173.108s][debug][gc,phases         ] GC(3603)       VM weak                   Min:  0.0, Avg:  0.0, Max:  0.0, Diff:  0.0, Sum:  0.0, Workers: 5
[173.108s][debug][gc,phases         ] GC(3603)         Dead                      Min: 0, Avg:  0.0, Max: 0, Diff: 0, Sum: 0, Workers: 5
[173.108s][debug][gc,phases         ] GC(3603)         Total                     Min: 0, Avg: 42.4, Max: 84, Diff: 84, Sum: 212, Workers: 5
[173.108s][debug][gc,phases         ] GC(3603)       StringTable weak          Min:  0.0, Avg:  0.0, Max:  0.0, Diff:  0.0, Sum:  0.1, Workers: 5
[173.108s][debug][gc,phases         ] GC(3603)         Dead                      Min: 0, Avg:  0.0, Max: 0, Diff: 0, Sum: 0, Workers: 5
[173.108s][debug][gc,phases         ] GC(3603)         Total                     Min: 0, Avg: 686.2, Max: 1472, Diff: 1472, Sum: 3431, Workers: 5
[173.109s][debug][gc,phases         ] GC(3603)       ResolvedMethodTable weak  Min:  0.0, Avg:  0.0, Max:  0.0, Diff:  0.0, Sum:  0.0, Workers: 5
[173.109s][debug][gc,phases         ] GC(3603)         Dead                      Min: 0, Avg:  0.0, Max: 0, Diff: 0, Sum: 0, Workers: 5
[173.109s][debug][gc,phases         ] GC(3603)         Total                     Min: 0, Avg: 114.6, Max: 256, Diff: 256, Sum: 573, Workers: 5
[173.109s][debug][gc,phases         ] GC(3603)     Merge Per-Thread State: 0.0ms
[173.109s][debug][gc,phases         ] GC(3603)       Copied Bytes              Min: 400152, Avg: 600326.0, Max: 800096, Diff: 399944, Sum: 4802608, Workers: 8
[173.109s][debug][gc,phases         ] GC(3603)       LAB Waste                 Min: 0, Avg:  0.0, Max: 0, Diff: 0, Sum: 0, Workers: 8
[173.109s][debug][gc,phases         ] GC(3603)       LAB Undo Waste            Min: 0, Avg:  0.0, Max: 0, Diff: 0, Sum: 0, Workers: 8
[173.109s][debug][gc,phases         ] GC(3603)     Code Roots Purge: 0.0ms
[173.109s][debug][gc,phases         ] GC(3603)     Redirty Cards: 0.0ms
[173.109s][debug][gc,phases         ] GC(3603)     DerivedPointerTable Update: 0.0ms
[173.109s][debug][gc,phases         ] GC(3603)     Free Collection Set: 0.2ms
[173.109s][debug][gc,phases         ] GC(3603)     Rebuild Free List: 0.1ms
[173.109s][debug][gc,phases         ] GC(3603)     Humongous Reclaim: 0.0ms
[173.109s][debug][gc,phases         ] GC(3603)     Start New Collection Set: 0.0ms
[173.109s][debug][gc,phases         ] GC(3603)     Resize TLABs: 0.0ms
[173.109s][debug][gc,phases         ] GC(3603)     Expand Heap After Collection: 0.0ms
[173.109s][info ][gc,phases         ] GC(3603)   Other: 0.3ms
[173.109s][info ][gc,heap           ] GC(3603) Eden regions: 870->0(867)
[173.109s][info ][gc,heap           ] GC(3603) Survivor regions: 3->6(110)
[173.109s][info ][gc,heap           ] GC(3603) Old regions: 17->17
[173.109s][info ][gc,heap           ] GC(3603) Archive regions: 2->2
[173.109s][info ][gc,heap           ] GC(3603) Humongous regions: 0->0
[173.109s][info ][gc,metaspace      ] GC(3603) Metaspace: 10069K(10624K)->10069K(10624K) NonClass: 8921K(9216K)->8921K(9216K) Class: 1148K(1408K)->1148K(1408K)
[173.109s][debug][gc,heap           ] GC(3603) Heap after GC invocations=3604 (full 1): garbage-first heap   total 1490944K, used 23360K [0x0000000700000000, 0x0000000800000000)
[173.109s][debug][gc,heap           ] GC(3603)   region size 1024K, 6 young (6144K), 6 survivors (6144K)
[173.109s][debug][gc,heap           ] GC(3603)  Metaspace       used 10069K, capacity 10368K, committed 10624K, reserved 1058816K
[173.109s][debug][gc,heap           ] GC(3603)   class space    used 1148K, capacity 1266K, committed 1408K, reserved 1048576K
[173.109s][info ][gc                ] GC(3603) Pause Young (Normal) (G1 Evacuation Pause) 889M->22M(1456M) 2.453ms
[173.109s][info ][gc,cpu            ] GC(3603) User=0.00s Sys=0.00s Real=0.01s
[173.109s][info ][safepoint         ] Safepoint "G1CollectForAllocation", Time since last: 45874433 ns, Reaching safepoint: 204653 ns, At safepoint: 2658443 ns, Total: 2863096 ns
[173.155s][debug][gc,heap           ] GC(3604) Heap before GC invocations=3604 (full 1): garbage-first heap   total 1490944K, used 910144K [0x0000000700000000, 0x0000000800000000)
[173.155s][debug][gc,heap           ] GC(3604)   region size 1024K, 873 young (893952K), 6 survivors (6144K)
[173.155s][debug][gc,heap           ] GC(3604)  Metaspace       used 10069K, capacity 10368K, committed 10624K, reserved 1058816K
[173.155s][debug][gc,heap           ] GC(3604)   class space    used 1148K, capacity 1266K, committed 1408K, reserved 1048576K
[173.155s][info ][gc,start          ] GC(3604) Pause Young (Normal) (G1 Evacuation Pause)
[173.155s][info ][gc,task           ] GC(3604) Using 8 workers of 8 for evacuation
[173.155s][debug][gc,tlab           ] GC(3604) TLAB totals: thrds: 8  refills: 16 max: 3 slow allocs: 1725 max 238 waste: 21.0% gc: 1054392B max: 214032B slow: 84920B max: 15488B fast: 0B max: 0B
[173.155s][debug][gc,age            ] GC(3604) Desired survivor size 57671680 bytes, new threshold 15 (max threshold 15)
[173.155s][debug][gc,alloc,region   ] GC(3604) Mutator Allocation stats, regions: 867, wasted size: 203M (23.4%)
[173.155s][debug][gc,ergo           ] GC(3604) Running G1 Merge Heap Roots using 8 workers for 873 regions
[173.155s][debug][gc,remset         ] GC(3604) Visited cards 512 Total dirty 4096 (12.50%) Total old 3614720 (0.01%)
[173.156s][debug][gc,ergo           ] GC(3604) Running G1 Clear Card Table Task using 2 workers for 2 units of work for 875 regions.
[173.156s][debug][gc,ref            ] GC(3604) Skipped phase1 of Reference Processing due to unavailable references
[173.156s][debug][gc,ref            ] GC(3604) Skipped phase2 of Reference Processing due to unavailable references
[173.156s][debug][gc,ref            ] GC(3604) Skipped phase3 of Reference Processing due to unavailable references
[173.156s][debug][gc,ref            ] GC(3604) Skipped phase4 of Reference Processing due to unavailable references
[173.156s][debug][gc,ergo           ] GC(3604) Running G1 Free Collection Set using 8 workers for collection set length 873 (1456)
[173.156s][debug][gc,ergo           ] GC(3604) Running G1 Rebuild Free List Task using 8 workers for rebuilding free list of 0 (4096) regions
[173.156s][trace][gc,age            ] GC(3604) Age table with threshold 15 (max threshold 15)
[173.156s][trace][gc,age            ] GC(3604) - age   1:    2402536 bytes,    2402536 total
[173.156s][debug][gc,plab           ] GC(3604) Young PLAB allocation: allocated: 16512B, wasted: 0B, unused: 14064B, used: 2448B, undo waste: 0B, 
[173.156s][debug][gc,plab           ] GC(3604) Young other allocation: region end waste: 482640B, regions filled: 3, direct allocated: 2400088B, failure used: 0B, failure wasted: 0B
[173.156s][debug][gc,plab           ] GC(3604) Young sizing: calculated: 0B, actual: 2064B
[173.157s][debug][gc,plab           ] GC(3604) Old PLAB allocation: allocated: 0B, wasted: 0B, unused: 0B, used: 0B, undo waste: 0B, 
[173.157s][debug][gc,plab           ] GC(3604) Old other allocation: region end waste: 0B, regions filled: 1, direct allocated: 0B, failure used: 0B, failure wasted: 0B
[173.157s][debug][gc,plab           ] GC(3604) Old sizing: calculated: 0B, actual: 2064B
[173.157s][debug][gc,ihop           ] GC(3604) Basic information (value update), threshold: 687026995B (45.00), target occupancy: 1526726656B, current occupancy: 20769064B, recent allocation size: 0B, recent allocation duration: 47.07ms, recent old gen allocation rate: 0.00B/s, recent marking phase length: 29.01ms
[173.157s][debug][gc,ihop           ] GC(3604) Adaptive IHOP information (value update), threshold: 687026995B (47.37), internal target occupancy: 1450390323B, occupancy: 20769064B, additional buffer size: 915406848B, predicted old gen allocation rate: 3925.07B/s, predicted marking phase length: 58.01ms, prediction active: false
[173.157s][debug][gc,ergo,refine    ] GC(3604) Concurrent refinement times: Logged Cards Scan time goal: 20.00ms Logged Cards Scan time: 0.00ms HCC time: 0.00ms
[173.157s][debug][gc,ergo,refine    ] GC(3604) Updated Refinement Zones: green: 2048, yellow: 6144, red: 10240
[173.157s][info ][gc,phases         ] GC(3604)   Pre Evacuate Collection Set: 0.2ms
[173.157s][debug][gc,phases         ] GC(3604)     Prepare TLABs: 0.0ms
[173.157s][debug][gc,phases         ] GC(3604)     Choose Collection Set: 0.0ms
[173.157s][debug][gc,phases         ] GC(3604)     Region Register: 0.1ms
[173.157s][debug][gc,phases         ] GC(3604)     Prepare Heap Roots: 0.0ms
[173.157s][info ][gc,phases         ] GC(3604)   Merge Heap Roots: 0.2ms
[173.157s][debug][gc,phases         ] GC(3604)     Prepare Merge Heap Roots: 0.0ms
[173.157s][debug][gc,phases         ] GC(3604)     Eager Reclaim (ms):       skipped
[173.157s][debug][gc,phases         ] GC(3604)     Remembered Sets (ms):     Min:  0.0, Avg:  0.0, Max:  0.1, Diff:  0.0, Sum:  0.3, Workers: 8
[173.157s][debug][gc,phases         ] GC(3604)       Merged Sparse:            Min: 0, Avg:  0.0, Max: 0, Diff: 0, Sum: 0, Workers: 8
[173.157s][debug][gc,phases         ] GC(3604)       Merged Fine:              Min: 0, Avg:  0.0, Max: 0, Diff: 0, Sum: 0, Workers: 8
[173.157s][debug][gc,phases         ] GC(3604)       Merged Coarse:            Min: 0, Avg:  0.0, Max: 0, Diff: 0, Sum: 0, Workers: 8
[173.157s][debug][gc,phases         ] GC(3604)       Dirty Cards:              Min: 0, Avg:  0.0, Max: 0, Diff: 0, Sum: 0, Workers: 8
[173.157s][debug][gc,phases         ] GC(3604)     Hot Card Cache (ms):      Min:  0.0, Avg:  0.0, Max:  0.0, Diff:  0.0, Sum:  0.0, Workers: 8
[173.157s][debug][gc,phases         ] GC(3604)       Dirty Cards:              Min: 0, Avg:  0.0, Max: 0, Diff: 0, Sum: 0, Workers: 8
[173.157s][debug][gc,phases         ] GC(3604)       Skipped Cards:            Min: 0, Avg:  0.0, Max: 0, Diff: 0, Sum: 0, Workers: 8
[173.157s][debug][gc,phases         ] GC(3604)     Log Buffers (ms):         Min:  0.0, Avg:  0.0, Max:  0.0, Diff:  0.0, Sum:  0.0, Workers: 8
[173.157s][debug][gc,phases         ] GC(3604)       Dirty Cards:              Min: 0, Avg:  0.2, Max: 1, Diff: 1, Sum: 2, Workers: 8
[173.157s][debug][gc,phases         ] GC(3604)       Skipped Cards:            Min: 0, Avg:  0.0, Max: 0, Diff: 0, Sum: 0, Workers: 8
[173.157s][info ][gc,phases         ] GC(3604)   Evacuate Collection Set: 0.3ms
[173.157s][debug][gc,phases         ] GC(3604)     Ext Root Scanning (ms):   Min:  0.0, Avg:  0.1, Max:  0.2, Diff:  0.2, Sum:  1.0, Workers: 8
[173.157s][debug][gc,phases         ] GC(3604)     Scan Heap Roots (ms):     Min:  0.0, Avg:  0.0, Max:  0.0, Diff:  0.0, Sum:  0.0, Workers: 8
[173.157s][debug][gc,phases         ] GC(3604)       Scanned Cards:            Min: 0, Avg:  0.2, Max: 1, Diff: 1, Sum: 2, Workers: 8
[173.157s][debug][gc,phases         ] GC(3604)       Scanned Blocks:           Min: 0, Avg:  0.2, Max: 1, Diff: 1, Sum: 2, Workers: 8
[173.157s][debug][gc,phases         ] GC(3604)       Claimed Chunks:           Min: 0, Avg:  0.2, Max: 1, Diff: 1, Sum: 2, Workers: 8
[173.157s][debug][gc,phases         ] GC(3604)     Code Root Scan (ms):      Min:  0.0, Avg:  0.0, Max:  0.0, Diff:  0.0, Sum:  0.2, Workers: 8
[173.157s][debug][gc,phases         ] GC(3604)     Object Copy (ms):         Min:  0.0, Avg:  0.0, Max:  0.0, Diff:  0.0, Sum:  0.0, Workers: 8
[173.157s][debug][gc,phases         ] GC(3604)     Termination (ms):         Min:  0.0, Avg:  0.1, Max:  0.1, Diff:  0.1, Sum:  0.7, Workers: 8
[173.157s][debug][gc,phases         ] GC(3604)       Termination Attempts:     Min: 1, Avg:  1.2, Max: 2, Diff: 1, Sum: 10, Workers: 8
[173.157s][debug][gc,phases         ] GC(3604)     GC Worker Other (ms):     Min:  0.0, Avg:  0.0, Max:  0.1, Diff:  0.0, Sum:  0.3, Workers: 8
[173.157s][debug][gc,phases         ] GC(3604)     GC Worker Total (ms):     Min:  0.2, Avg:  0.3, Max:  0.3, Diff:  0.1, Sum:  2.2, Workers: 8
[173.157s][info ][gc,phases         ] GC(3604)   Post Evacuate Collection Set: 0.7ms
[173.157s][debug][gc,phases         ] GC(3604)     Code Roots Fixup: 0.0ms
[173.157s][debug][gc,phases         ] GC(3604)     Clear Card Table: 0.2ms
[173.157s][debug][gc,phases         ] GC(3604)     Reference Processing: 0.0ms
[173.157s][debug][gc,phases,ref     ] GC(3604)       Reconsider SoftReferences: 0.0ms
[173.157s][debug][gc,phases,ref     ] GC(3604)         SoftRef (ms):             skipped
[173.157s][debug][gc,phases,ref     ] GC(3604)       Notify Soft/WeakReferences: 0.0ms
[173.157s][debug][gc,phases,ref     ] GC(3604)         SoftRef (ms):             skipped
[173.157s][debug][gc,phases,ref     ] GC(3604)         WeakRef (ms):             skipped
[173.157s][debug][gc,phases,ref     ] GC(3604)         FinalRef (ms):            skipped
[173.157s][debug][gc,phases,ref     ] GC(3604)         Total (ms):               skipped
[173.157s][debug][gc,phases,ref     ] GC(3604)       Notify and keep alive finalizable: 0.0ms
[173.157s][debug][gc,phases,ref     ] GC(3604)         FinalRef (ms):            skipped
[173.157s][debug][gc,phases,ref     ] GC(3604)       Notify PhantomReferences: 0.0ms
[173.157s][debug][gc,phases,ref     ] GC(3604)         PhantomRef (ms):          skipped
[173.157s][debug][gc,phases,ref     ] GC(3604)       SoftReference:
[173.157s][debug][gc,phases,ref     ] GC(3604)         Discovered: 0
[173.157s][debug][gc,phases,ref     ] GC(3604)         Cleared: 0
[173.157s][debug][gc,phases,ref     ] GC(3604)       WeakReference:
[173.157s][debug][gc,phases,ref     ] GC(3604)         Discovered: 0
[173.157s][debug][gc,phases,ref     ] GC(3604)         Cleared: 0
[173.157s][debug][gc,phases,ref     ] GC(3604)       FinalReference:
[173.157s][debug][gc,phases,ref     ] GC(3604)         Discovered: 0
[173.157s][debug][gc,phases,ref     ] GC(3604)         Cleared: 0
[173.157s][debug][gc,phases,ref     ] GC(3604)       PhantomReference:
[173.157s][debug][gc,phases,ref     ] GC(3604)         Discovered: 0
[173.157s][debug][gc,phases,ref     ] GC(3604)         Cleared: 0
[173.157s][debug][gc,phases         ] GC(3604)     Weak Processing: 0.1ms
[173.157s][debug][gc,phases         ] GC(3604)       JVMTI weak processing: 0.0ms
[173.157s][debug][gc,phases         ] GC(3604)         Dead: 0
[173.157s][debug][gc,phases         ] GC(3604)         Total: 0
[173.157s][debug][gc,phases         ] GC(3604)       JFR weak processing: 0.0ms
[173.157s][debug][gc,phases         ] GC(3604)         Dead: 0
[173.157s][debug][gc,phases         ] GC(3604)         Total: 0
[173.157s][debug][gc,phases         ] GC(3604)       JNI weak                  Min:  0.0, Avg:  0.0, Max:  0.0, Diff:  0.0, Sum:  0.0, Workers: 5
[173.157s][debug][gc,phases         ] GC(3604)         Dead                      Min: 0, Avg:  0.0, Max: 0, Diff: 0, Sum: 0, Workers: 5
[173.157s][debug][gc,phases         ] GC(3604)         Total                     Min: 0, Avg: 25.6, Max: 64, Diff: 64, Sum: 128, Workers: 5
[173.157s][debug][gc,phases         ] GC(3604)       VM weak                   Min:  0.0, Avg:  0.0, Max:  0.0, Diff:  0.0, Sum:  0.0, Workers: 5
[173.157s][debug][gc,phases         ] GC(3604)         Dead                      Min: 0, Avg:  0.0, Max: 0, Diff: 0, Sum: 0, Workers: 5
[173.157s][debug][gc,phases         ] GC(3604)         Total                     Min: 0, Avg: 42.4, Max: 128, Diff: 128, Sum: 212, Workers: 5
[173.157s][debug][gc,phases         ] GC(3604)       StringTable weak          Min:  0.0, Avg:  0.0, Max:  0.0, Diff:  0.0, Sum:  0.1, Workers: 5
[173.157s][debug][gc,phases         ] GC(3604)         Dead                      Min: 0, Avg:  0.0, Max: 0, Diff: 0, Sum: 0, Workers: 5
[173.157s][debug][gc,phases         ] GC(3604)         Total                     Min: 0, Avg: 686.2, Max: 1575, Diff: 1575, Sum: 3431, Workers: 5
[173.157s][debug][gc,phases         ] GC(3604)       ResolvedMethodTable weak  Min:  0.0, Avg:  0.0, Max:  0.0, Diff:  0.0, Sum:  0.0, Workers: 5
[173.157s][debug][gc,phases         ] GC(3604)         Dead                      Min: 0, Avg:  0.0, Max: 0, Diff: 0, Sum: 0, Workers: 5
[173.157s][debug][gc,phases         ] GC(3604)         Total                     Min: 0, Avg: 114.6, Max: 189, Diff: 189, Sum: 573, Workers: 5
[173.157s][debug][gc,phases         ] GC(3604)     Merge Per-Thread State: 0.0ms
[173.157s][debug][gc,phases         ] GC(3604)       Copied Bytes              Min: 72, Avg: 300317.0, Max: 800320, Diff: 800248, Sum: 2402536, Workers: 8
[173.157s][debug][gc,phases         ] GC(3604)       LAB Waste                 Min: 0, Avg:  0.0, Max: 0, Diff: 0, Sum: 0, Workers: 8
[173.157s][debug][gc,phases         ] GC(3604)       LAB Undo Waste            Min: 0, Avg:  0.0, Max: 0, Diff: 0, Sum: 0, Workers: 8
[173.157s][debug][gc,phases         ] GC(3604)     Code Roots Purge: 0.0ms
[173.157s][debug][gc,phases         ] GC(3604)     Redirty Cards: 0.0ms
[173.157s][debug][gc,phases         ] GC(3604)     DerivedPointerTable Update: 0.0ms
[173.157s][debug][gc,phases         ] GC(3604)     Free Collection Set: 0.2ms
[173.157s][debug][gc,phases         ] GC(3604)     Rebuild Free List: 0.1ms
[173.157s][debug][gc,phases         ] GC(3604)     Humongous Reclaim: 0.0ms
[173.157s][debug][gc,phases         ] GC(3604)     Start New Collection Set: 0.0ms
[173.157s][debug][gc,phases         ] GC(3604)     Resize TLABs: 0.0ms
[173.157s][debug][gc,phases         ] GC(3604)     Expand Heap After Collection: 0.0ms
[173.157s][info ][gc,phases         ] GC(3604)   Other: 0.3ms
[173.157s][info ][gc,heap           ] GC(3604) Eden regions: 867->0(870)
[173.157s][info ][gc,heap           ] GC(3604) Survivor regions: 6->3(110)
[173.157s][info ][gc,heap           ] GC(3604) Old regions: 17->17
[173.157s][info ][gc,heap           ] GC(3604) Archive regions: 2->2
[173.157s][info ][gc,heap           ] GC(3604) Humongous regions: 0->0
[173.157s][info ][gc,metaspace      ] GC(3604) Metaspace: 10069K(10624K)->10069K(10624K) NonClass: 8921K(9216K)->8921K(9216K) Class: 1148K(1408K)->1148K(1408K)
[173.158s][debug][gc,heap           ] GC(3604) Heap after GC invocations=3605 (full 1): garbage-first heap   total 1490944K, used 20282K [0x0000000700000000, 0x0000000800000000)
[173.158s][debug][gc,heap           ] GC(3604)   region size 1024K, 3 young (3072K), 3 survivors (3072K)
[173.158s][debug][gc,heap           ] GC(3604)  Metaspace       used 10069K, capacity 10368K, committed 10624K, reserved 1058816K
[173.158s][debug][gc,heap           ] GC(3604)   class space    used 1148K, capacity 1266K, committed 1408K, reserved 1048576K
[173.158s][info ][gc                ] GC(3604) Pause Young (Normal) (G1 Evacuation Pause) 889M->19M(1456M) 2.628ms
[173.158s][info ][gc,cpu            ] GC(3604) User=0.01s Sys=0.00s Real=0.01s
[173.158s][info ][safepoint         ] Safepoint "G1CollectForAllocation", Time since last: 45807455 ns, Reaching safepoint: 185800 ns, At safepoint: 2789415 ns, Total: 2975215 ns
[173.206s][debug][gc,heap           ] GC(3605) Heap before GC invocations=3605 (full 1): garbage-first heap   total 1490944K, used 910138K [0x0000000700000000, 0x0000000800000000)
[173.206s][debug][gc,heap           ] GC(3605)   region size 1024K, 873 young (893952K), 3 survivors (3072K)
[173.206s][debug][gc,heap           ] GC(3605)  Metaspace       used 10069K, capacity 10368K, committed 10624K, reserved 1058816K
[173.206s][debug][gc,heap           ] GC(3605)   class space    used 1148K, capacity 1266K, committed 1408K, reserved 1048576K
[173.206s][info ][gc,start          ] GC(3605) Pause Young (Normal) (G1 Evacuation Pause)
[173.207s][info ][gc,task           ] GC(3605) Using 8 workers of 8 for evacuation
[173.207s][debug][gc,tlab           ] GC(3605) TLAB totals: thrds: 8  refills: 14 max: 3 slow allocs: 1730 max 250 waste: 37.7% gc: 1334544B max: 243504B slow: 57552B max: 15096B fast: 0B max: 0B
[173.207s][debug][gc,age            ] GC(3605) Desired survivor size 57671680 bytes, new threshold 15 (max threshold 15)
[173.207s][debug][gc,alloc,region   ] GC(3605) Mutator Allocation stats, regions: 870, wasted size: 203M (23.4%)
[173.207s][debug][gc,ergo           ] GC(3605) Running G1 Merge Heap Roots using 8 workers for 873 regions
[173.207s][debug][gc,remset         ] GC(3605) Visited cards 256 Total dirty 2048 (12.50%) Total old 3614720 (0.01%)
[173.207s][debug][gc,ergo           ] GC(3605) Running G1 Clear Card Table Task using 2 workers for 2 units of work for 874 regions.
[173.208s][debug][gc,ref            ] GC(3605) Skipped phase1 of Reference Processing due to unavailable references
[173.208s][debug][gc,ref            ] GC(3605) Skipped phase2 of Reference Processing due to unavailable references
[173.208s][debug][gc,ref            ] GC(3605) Skipped phase3 of Reference Processing due to unavailable references
[173.208s][debug][gc,ref            ] GC(3605) Skipped phase4 of Reference Processing due to unavailable references
[173.208s][debug][gc,ergo           ] GC(3605) Running G1 Free Collection Set using 8 workers for collection set length 873 (1456)
[173.208s][debug][gc,ergo           ] GC(3605) Running G1 Rebuild Free List Task using 8 workers for rebuilding free list of 0 (4096) regions
[173.208s][trace][gc,age            ] GC(3605) Age table with threshold 15 (max threshold 15)
[173.208s][trace][gc,age            ] GC(3605) - age   1:    4002512 bytes,    4002512 total
[173.208s][debug][gc,plab           ] GC(3605) Young PLAB allocation: allocated: 16512B, wasted: 0B, unused: 14144B, used: 2368B, undo waste: 0B, 
[173.208s][debug][gc,plab           ] GC(3605) Young other allocation: region end waste: 979736B, regions filled: 5, direct allocated: 4000144B, failure used: 0B, failure wasted: 0B
[173.208s][debug][gc,plab           ] GC(3605) Young sizing: calculated: 0B, actual: 2064B
[173.208s][debug][gc,plab           ] GC(3605) Old PLAB allocation: allocated: 0B, wasted: 0B, unused: 0B, used: 0B, undo waste: 0B, 
[173.208s][debug][gc,plab           ] GC(3605) Old other allocation: region end waste: 0B, regions filled: 1, direct allocated: 0B, failure used: 0B, failure wasted: 0B
[173.208s][debug][gc,plab           ] GC(3605) Old sizing: calculated: 0B, actual: 2064B
[173.208s][debug][gc,ihop           ] GC(3605) Basic information (value update), threshold: 687026995B (45.00), target occupancy: 1526726656B, current occupancy: 22866216B, recent allocation size: 0B, recent allocation duration: 50.01ms, recent old gen allocation rate: 0.00B/s, recent marking phase length: 29.01ms
[173.208s][debug][gc,ihop           ] GC(3605) Adaptive IHOP information (value update), threshold: 687026995B (47.37), internal target occupancy: 1450390323B, occupancy: 22866216B, additional buffer size: 915406848B, predicted old gen allocation rate: 3821.08B/s, predicted marking phase length: 58.01ms, prediction active: false
[173.208s][debug][gc,ergo,refine    ] GC(3605) Concurrent refinement times: Logged Cards Scan time goal: 20.00ms Logged Cards Scan time: 0.00ms HCC time: 0.00ms
[173.208s][debug][gc,ergo,refine    ] GC(3605) Updated Refinement Zones: green: 2048, yellow: 6144, red: 10240
[173.208s][info ][gc,phases         ] GC(3605)   Pre Evacuate Collection Set: 0.1ms
[173.208s][debug][gc,phases         ] GC(3605)     Prepare TLABs: 0.0ms
[173.208s][debug][gc,phases         ] GC(3605)     Choose Collection Set: 0.0ms
[173.208s][debug][gc,phases         ] GC(3605)     Region Register: 0.1ms
[173.208s][debug][gc,phases         ] GC(3605)     Prepare Heap Roots: 0.0ms
[173.208s][info ][gc,phases         ] GC(3605)   Merge Heap Roots: 0.2ms
[173.208s][debug][gc,phases         ] GC(3605)     Prepare Merge Heap Roots: 0.0ms
[173.208s][debug][gc,phases         ] GC(3605)     Eager Reclaim (ms):       skipped
[173.208s][debug][gc,phases         ] GC(3605)     Remembered Sets (ms):     Min:  0.0, Avg:  0.1, Max:  0.1, Diff:  0.1, Sum:  0.5, Workers: 8
[173.208s][debug][gc,phases         ] GC(3605)       Merged Sparse:            Min: 0, Avg:  0.0, Max: 0, Diff: 0, Sum: 0, Workers: 8
[173.208s][debug][gc,phases         ] GC(3605)       Merged Fine:              Min: 0, Avg:  0.0, Max: 0, Diff: 0, Sum: 0, Workers: 8
[173.208s][debug][gc,phases         ] GC(3605)       Merged Coarse:            Min: 0, Avg:  0.0, Max: 0, Diff: 0, Sum: 0, Workers: 8
[173.209s][debug][gc,phases         ] GC(3605)       Dirty Cards:              Min: 0, Avg:  0.0, Max: 0, Diff: 0, Sum: 0, Workers: 8
[173.209s][debug][gc,phases         ] GC(3605)     Hot Card Cache (ms):      Min:  0.0, Avg:  0.0, Max:  0.0, Diff:  0.0, Sum:  0.0, Workers: 8
[173.209s][debug][gc,phases         ] GC(3605)       Dirty Cards:              Min: 0, Avg:  0.0, Max: 0, Diff: 0, Sum: 0, Workers: 8
[173.209s][debug][gc,phases         ] GC(3605)       Skipped Cards:            Min: 0, Avg:  0.0, Max: 0, Diff: 0, Sum: 0, Workers: 8
[173.209s][debug][gc,phases         ] GC(3605)     Log Buffers (ms):         Min:  0.0, Avg:  0.0, Max:  0.0, Diff:  0.0, Sum:  0.0, Workers: 8
[173.209s][debug][gc,phases         ] GC(3605)       Dirty Cards:              Min: 0, Avg:  0.1, Max: 1, Diff: 1, Sum: 1, Workers: 8
[173.209s][debug][gc,phases         ] GC(3605)       Skipped Cards:            Min: 0, Avg:  0.0, Max: 0, Diff: 0, Sum: 0, Workers: 8
[173.209s][info ][gc,phases         ] GC(3605)   Evacuate Collection Set: 0.6ms
[173.209s][debug][gc,phases         ] GC(3605)     Ext Root Scanning (ms):   Min:  0.2, Avg:  0.3, Max:  0.5, Diff:  0.2, Sum:  2.3, Workers: 8
[173.209s][debug][gc,phases         ] GC(3605)     Scan Heap Roots (ms):     Min:  0.0, Avg:  0.0, Max:  0.0, Diff:  0.0, Sum:  0.0, Workers: 8
[173.209s][debug][gc,phases         ] GC(3605)       Scanned Cards:            Min: 0, Avg:  0.1, Max: 1, Diff: 1, Sum: 1, Workers: 8
[173.209s][debug][gc,phases         ] GC(3605)       Scanned Blocks:           Min: 0, Avg:  0.1, Max: 1, Diff: 1, Sum: 1, Workers: 8
[173.209s][debug][gc,phases         ] GC(3605)       Claimed Chunks:           Min: 0, Avg:  0.1, Max: 1, Diff: 1, Sum: 1, Workers: 8
[173.209s][debug][gc,phases         ] GC(3605)     Code Root Scan (ms):      Min:  0.0, Avg:  0.0, Max:  0.0, Diff:  0.0, Sum:  0.2, Workers: 8
[173.209s][debug][gc,phases         ] GC(3605)     Object Copy (ms):         Min:  0.0, Avg:  0.0, Max:  0.0, Diff:  0.0, Sum:  0.0, Workers: 8
[173.209s][debug][gc,phases         ] GC(3605)     Termination (ms):         Min:  0.0, Avg:  0.1, Max:  0.2, Diff:  0.2, Sum:  1.1, Workers: 8
[173.209s][debug][gc,phases         ] GC(3605)       Termination Attempts:     Min: 1, Avg:  1.0, Max: 1, Diff: 0, Sum: 8, Workers: 8
[173.209s][debug][gc,phases         ] GC(3605)     GC Worker Other (ms):     Min:  0.0, Avg:  0.1, Max:  0.1, Diff:  0.1, Sum:  0.5, Workers: 8
[173.209s][debug][gc,phases         ] GC(3605)     GC Worker Total (ms):     Min:  0.5, Avg:  0.5, Max:  0.5, Diff:  0.1, Sum:  4.0, Workers: 8
[173.209s][info ][gc,phases         ] GC(3605)   Post Evacuate Collection Set: 0.8ms
[173.209s][debug][gc,phases         ] GC(3605)     Code Roots Fixup: 0.0ms
[173.209s][debug][gc,phases         ] GC(3605)     Clear Card Table: 0.2ms
[173.209s][debug][gc,phases         ] GC(3605)     Reference Processing: 0.0ms
[173.209s][debug][gc,phases,ref     ] GC(3605)       Reconsider SoftReferences: 0.0ms
[173.209s][debug][gc,phases,ref     ] GC(3605)         SoftRef (ms):             skipped
[173.209s][debug][gc,phases,ref     ] GC(3605)       Notify Soft/WeakReferences: 0.0ms
[173.209s][debug][gc,phases,ref     ] GC(3605)         SoftRef (ms):             skipped
[173.209s][debug][gc,phases,ref     ] GC(3605)         WeakRef (ms):             skipped
[173.209s][debug][gc,phases,ref     ] GC(3605)         FinalRef (ms):            skipped
[173.209s][debug][gc,phases,ref     ] GC(3605)         Total (ms):               skipped
[173.209s][debug][gc,phases,ref     ] GC(3605)       Notify and keep alive finalizable: 0.0ms
[173.209s][debug][gc,phases,ref     ] GC(3605)         FinalRef (ms):            skipped
[173.209s][debug][gc,phases,ref     ] GC(3605)       Notify PhantomReferences: 0.0ms
[173.209s][debug][gc,phases,ref     ] GC(3605)         PhantomRef (ms):          skipped
[173.209s][debug][gc,phases,ref     ] GC(3605)       SoftReference:
[173.209s][debug][gc,phases,ref     ] GC(3605)         Discovered: 0
[173.209s][debug][gc,phases,ref     ] GC(3605)         Cleared: 0
[173.209s][debug][gc,phases,ref     ] GC(3605)       WeakReference:
[173.209s][debug][gc,phases,ref     ] GC(3605)         Discovered: 0
[173.209s][debug][gc,phases,ref     ] GC(3605)         Cleared: 0
[173.209s][debug][gc,phases,ref     ] GC(3605)       FinalReference:
[173.209s][debug][gc,phases,ref     ] GC(3605)         Discovered: 0
[173.209s][debug][gc,phases,ref     ] GC(3605)         Cleared: 0
[173.209s][debug][gc,phases,ref     ] GC(3605)       PhantomReference:
[173.209s][debug][gc,phases,ref     ] GC(3605)         Discovered: 0
[173.209s][debug][gc,phases,ref     ] GC(3605)         Cleared: 0
[173.209s][debug][gc,phases         ] GC(3605)     Weak Processing: 0.1ms
[173.209s][debug][gc,phases         ] GC(3605)       JVMTI weak processing: 0.0ms
[173.209s][debug][gc,phases         ] GC(3605)         Dead: 0
[173.209s][debug][gc,phases         ] GC(3605)         Total: 0
[173.209s][debug][gc,phases         ] GC(3605)       JFR weak processing: 0.0ms
[173.209s][debug][gc,phases         ] GC(3605)         Dead: 0
[173.209s][debug][gc,phases         ] GC(3605)         Total: 0
[173.209s][debug][gc,phases         ] GC(3605)       JNI weak                  Min:  0.0, Avg:  0.0, Max:  0.0, Diff:  0.0, Sum:  0.0, Workers: 5
[173.209s][debug][gc,phases         ] GC(3605)         Dead                      Min: 0, Avg:  0.0, Max: 0, Diff: 0, Sum: 0, Workers: 5
[173.209s][debug][gc,phases         ] GC(3605)         Total                     Min: 0, Avg: 25.6, Max: 64, Diff: 64, Sum: 128, Workers: 5
[173.209s][debug][gc,phases         ] GC(3605)       VM weak                   Min:  0.0, Avg:  0.0, Max:  0.0, Diff:  0.0, Sum:  0.0, Workers: 5
[173.209s][debug][gc,phases         ] GC(3605)         Dead                      Min: 0, Avg:  0.0, Max: 0, Diff: 0, Sum: 0, Workers: 5
[173.209s][debug][gc,phases         ] GC(3605)         Total                     Min: 0, Avg: 42.4, Max: 128, Diff: 128, Sum: 212, Workers: 5
[173.209s][debug][gc,phases         ] GC(3605)       StringTable weak          Min:  0.0, Avg:  0.0, Max:  0.0, Diff:  0.0, Sum:  0.1, Workers: 5
[173.209s][debug][gc,phases         ] GC(3605)         Dead                      Min: 0, Avg:  0.0, Max: 0, Diff: 0, Sum: 0, Workers: 5
[173.209s][debug][gc,phases         ] GC(3605)         Total                     Min: 0, Avg: 686.2, Max: 1536, Diff: 1536, Sum: 3431, Workers: 5
[173.209s][debug][gc,phases         ] GC(3605)       ResolvedMethodTable weak  Min:  0.0, Avg:  0.0, Max:  0.0, Diff:  0.0, Sum:  0.0, Workers: 5
[173.209s][debug][gc,phases         ] GC(3605)         Dead                      Min: 0, Avg:  0.0, Max: 0, Diff: 0, Sum: 0, Workers: 5
[173.209s][debug][gc,phases         ] GC(3605)         Total                     Min: 0, Avg: 114.6, Max: 189, Diff: 189, Sum: 573, Workers: 5
[173.209s][debug][gc,phases         ] GC(3605)     Merge Per-Thread State: 0.0ms
[173.209s][debug][gc,phases         ] GC(3605)       Copied Bytes              Min: 400088, Avg: 500314.0, Max: 800320, Diff: 400232, Sum: 4002512, Workers: 8
[173.209s][debug][gc,phases         ] GC(3605)       LAB Waste                 Min: 0, Avg:  0.0, Max: 0, Diff: 0, Sum: 0, Workers: 8
[173.209s][debug][gc,phases         ] GC(3605)       LAB Undo Waste            Min: 0, Avg:  0.0, Max: 0, Diff: 0, Sum: 0, Workers: 8
[173.209s][debug][gc,phases         ] GC(3605)     Code Roots Purge: 0.0ms
[173.209s][debug][gc,phases         ] GC(3605)     Redirty Cards: 0.0ms
[173.209s][debug][gc,phases         ] GC(3605)     DerivedPointerTable Update: 0.0ms
[173.209s][debug][gc,phases         ] GC(3605)     Free Collection Set: 0.3ms
[173.209s][debug][gc,phases         ] GC(3605)     Rebuild Free List: 0.1ms
[173.209s][debug][gc,phases         ] GC(3605)     Humongous Reclaim: 0.0ms
[173.209s][debug][gc,phases         ] GC(3605)     Start New Collection Set: 0.0ms
[173.209s][debug][gc,phases         ] GC(3605)     Resize TLABs: 0.0ms
[173.209s][debug][gc,phases         ] GC(3605)     Expand Heap After Collection: 0.0ms
[173.209s][info ][gc,phases         ] GC(3605)   Other: 0.4ms
[173.209s][info ][gc,heap           ] GC(3605) Eden regions: 870->0(868)
[173.209s][info ][gc,heap           ] GC(3605) Survivor regions: 3->5(110)
[173.209s][info ][gc,heap           ] GC(3605) Old regions: 17->17
[173.209s][info ][gc,heap           ] GC(3605) Archive regions: 2->2
[173.209s][info ][gc,heap           ] GC(3605) Humongous regions: 0->0
[173.209s][info ][gc,metaspace      ] GC(3605) Metaspace: 10069K(10624K)->10069K(10624K) NonClass: 8921K(9216K)->8921K(9216K) Class: 1148K(1408K)->1148K(1408K)
[173.209s][debug][gc,heap           ] GC(3605) Heap after GC invocations=3606 (full 1): garbage-first heap   total 1490944K, used 22330K [0x0000000700000000, 0x0000000800000000)
[173.209s][debug][gc,heap           ] GC(3605)   region size 1024K, 5 young (5120K), 5 survivors (5120K)
[173.209s][debug][gc,heap           ] GC(3605)  Metaspace       used 10069K, capacity 10368K, committed 10624K, reserved 1058816K
[173.209s][debug][gc,heap           ] GC(3605)   class space    used 1148K, capacity 1266K, committed 1408K, reserved 1048576K
[173.209s][info ][gc                ] GC(3605) Pause Young (Normal) (G1 Evacuation Pause) 889M->21M(1456M) 2.741ms
[173.209s][info ][gc,cpu            ] GC(3605) User=0.01s Sys=0.00s Real=0.01s
[173.209s][info ][safepoint         ] Safepoint "G1CollectForAllocation", Time since last: 48607929 ns, Reaching safepoint: 169687 ns, At safepoint: 2950272 ns, Total: 3119959 ns
[173.254s][debug][gc,heap           ] GC(3606) Heap before GC invocations=3606 (full 1): garbage-first heap   total 1490944K, used 910138K [0x0000000700000000, 0x0000000800000000)
[173.254s][debug][gc,heap           ] GC(3606)   region size 1024K, 873 young (893952K), 5 survivors (5120K)
[173.254s][debug][gc,heap           ] GC(3606)  Metaspace       used 10069K, capacity 10368K, committed 10624K, reserved 1058816K
[173.254s][debug][gc,heap           ] GC(3606)   class space    used 1148K, capacity 1266K, committed 1408K, reserved 1048576K
[173.254s][info ][gc,start          ] GC(3606) Pause Young (Normal) (G1 Evacuation Pause)
[173.254s][info ][gc,task           ] GC(3606) Using 8 workers of 8 for evacuation
[173.254s][debug][gc,tlab           ] GC(3606) TLAB totals: thrds: 8  refills: 15 max: 2 slow allocs: 1728 max 248 waste: 21.0% gc: 1042872B max: 203056B slow: 96440B max: 13912B fast: 0B max: 0B
[173.254s][debug][gc,age            ] GC(3606) Desired survivor size 57671680 bytes, new threshold 15 (max threshold 15)
[173.254s][debug][gc,alloc,region   ] GC(3606) Mutator Allocation stats, regions: 868, wasted size: 203M (23.4%)
[173.254s][debug][gc,ergo           ] GC(3606) Running G1 Merge Heap Roots using 8 workers for 873 regions
[173.254s][debug][gc,remset         ] GC(3606) Visited cards 512 Total dirty 4096 (12.50%) Total old 3614720 (0.01%)
[173.255s][debug][gc,ergo           ] GC(3606) Running G1 Clear Card Table Task using 2 workers for 2 units of work for 875 regions.
[173.255s][debug][gc,ref            ] GC(3606) Skipped phase1 of Reference Processing due to unavailable references
[173.255s][debug][gc,ref            ] GC(3606) Skipped phase2 of Reference Processing due to unavailable references
[173.255s][debug][gc,ref            ] GC(3606) Skipped phase3 of Reference Processing due to unavailable references
[173.255s][debug][gc,ref            ] GC(3606) Skipped phase4 of Reference Processing due to unavailable references
[173.255s][debug][gc,ergo           ] GC(3606) Running G1 Free Collection Set using 8 workers for collection set length 873 (1456)
[173.255s][debug][gc,ergo           ] GC(3606) Running G1 Rebuild Free List Task using 8 workers for rebuilding free list of 0 (4096) regions
[173.256s][trace][gc,age            ] GC(3606) Age table with threshold 15 (max threshold 15)
[173.256s][trace][gc,age            ] GC(3606) - age   1:    4002456 bytes,    4002456 total
[173.256s][debug][gc,plab           ] GC(3606) Young PLAB allocation: allocated: 16512B, wasted: 0B, unused: 14184B, used: 2328B, undo waste: 0B, 
[173.256s][debug][gc,plab           ] GC(3606) Young other allocation: region end waste: 985936B, regions filled: 5, direct allocated: 4000128B, failure used: 0B, failure wasted: 0B
[173.256s][debug][gc,plab           ] GC(3606) Young sizing: calculated: 0B, actual: 2064B
[173.256s][debug][gc,plab           ] GC(3606) Old PLAB allocation: allocated: 0B, wasted: 0B, unused: 0B, used: 0B, undo waste: 0B, 
[173.256s][debug][gc,plab           ] GC(3606) Old other allocation: region end waste: 0B, regions filled: 1, direct allocated: 0B, failure used: 0B, failure wasted: 0B
[173.256s][debug][gc,plab           ] GC(3606) Old sizing: calculated: 0B, actual: 2064B
[173.256s][debug][gc,ihop           ] GC(3606) Basic information (value update), threshold: 687026995B (45.00), target occupancy: 1526726656B, current occupancy: 22872400B, recent allocation size: 0B, recent allocation duration: 45.79ms, recent old gen allocation rate: 0.00B/s, recent marking phase length: 29.01ms
[173.256s][debug][gc,ihop           ] GC(3606) Adaptive IHOP information (value update), threshold: 687026995B (47.37), internal target occupancy: 1450390323B, occupancy: 22872400B, additional buffer size: 915406848B, predicted old gen allocation rate: 3719.95B/s, predicted marking phase length: 58.01ms, prediction active: false
[173.256s][debug][gc,ergo,refine    ] GC(3606) Concurrent refinement times: Logged Cards Scan time goal: 20.00ms Logged Cards Scan time: 0.00ms HCC time: 0.00ms
[173.256s][debug][gc,ergo,refine    ] GC(3606) Updated Refinement Zones: green: 2048, yellow: 6144, red: 10240
[173.256s][info ][gc,phases         ] GC(3606)   Pre Evacuate Collection Set: 0.1ms
[173.256s][debug][gc,phases         ] GC(3606)     Prepare TLABs: 0.0ms
[173.256s][debug][gc,phases         ] GC(3606)     Choose Collection Set: 0.0ms
[173.256s][debug][gc,phases         ] GC(3606)     Region Register: 0.1ms
[173.256s][debug][gc,phases         ] GC(3606)     Prepare Heap Roots: 0.0ms
[173.256s][info ][gc,phases         ] GC(3606)   Merge Heap Roots: 0.1ms
[173.256s][debug][gc,phases         ] GC(3606)     Prepare Merge Heap Roots: 0.0ms
[173.256s][debug][gc,phases         ] GC(3606)     Eager Reclaim (ms):       skipped
[173.256s][debug][gc,phases         ] GC(3606)     Remembered Sets (ms):     Min:  0.0, Avg:  0.0, Max:  0.1, Diff:  0.0, Sum:  0.3, Workers: 8
[173.256s][debug][gc,phases         ] GC(3606)       Merged Sparse:            Min: 0, Avg:  0.0, Max: 0, Diff: 0, Sum: 0, Workers: 8
[173.256s][debug][gc,phases         ] GC(3606)       Merged Fine:              Min: 0, Avg:  0.0, Max: 0, Diff: 0, Sum: 0, Workers: 8
[173.256s][debug][gc,phases         ] GC(3606)       Merged Coarse:            Min: 0, Avg:  0.0, Max: 0, Diff: 0, Sum: 0, Workers: 8
[173.256s][debug][gc,phases         ] GC(3606)       Dirty Cards:              Min: 0, Avg:  0.0, Max: 0, Diff: 0, Sum: 0, Workers: 8
[173.256s][debug][gc,phases         ] GC(3606)     Hot Card Cache (ms):      Min:  0.0, Avg:  0.0, Max:  0.0, Diff:  0.0, Sum:  0.0, Workers: 8
[173.256s][debug][gc,phases         ] GC(3606)       Dirty Cards:              Min: 0, Avg:  0.0, Max: 0, Diff: 0, Sum: 0, Workers: 8
[173.256s][debug][gc,phases         ] GC(3606)       Skipped Cards:            Min: 0, Avg:  0.0, Max: 0, Diff: 0, Sum: 0, Workers: 8
[173.256s][debug][gc,phases         ] GC(3606)     Log Buffers (ms):         Min:  0.0, Avg:  0.0, Max:  0.0, Diff:  0.0, Sum:  0.0, Workers: 8
[173.256s][debug][gc,phases         ] GC(3606)       Dirty Cards:              Min: 0, Avg:  0.2, Max: 2, Diff: 2, Sum: 2, Workers: 8
[173.256s][debug][gc,phases         ] GC(3606)       Skipped Cards:            Min: 0, Avg:  0.0, Max: 0, Diff: 0, Sum: 0, Workers: 8
[173.256s][info ][gc,phases         ] GC(3606)   Evacuate Collection Set: 0.5ms
[173.256s][debug][gc,phases         ] GC(3606)     Ext Root Scanning (ms):   Min:  0.1, Avg:  0.2, Max:  0.4, Diff:  0.3, Sum:  2.0, Workers: 8
[173.256s][debug][gc,phases         ] GC(3606)     Scan Heap Roots (ms):     Min:  0.0, Avg:  0.0, Max:  0.0, Diff:  0.0, Sum:  0.0, Workers: 8
[173.256s][debug][gc,phases         ] GC(3606)       Scanned Cards:            Min: 0, Avg:  0.2, Max: 1, Diff: 1, Sum: 2, Workers: 8
[173.256s][debug][gc,phases         ] GC(3606)       Scanned Blocks:           Min: 0, Avg:  0.2, Max: 1, Diff: 1, Sum: 2, Workers: 8
[173.256s][debug][gc,phases         ] GC(3606)       Claimed Chunks:           Min: 0, Avg:  0.2, Max: 1, Diff: 1, Sum: 2, Workers: 8
[173.256s][debug][gc,phases         ] GC(3606)     Code Root Scan (ms):      Min:  0.0, Avg:  0.0, Max:  0.1, Diff:  0.1, Sum:  0.2, Workers: 8
[173.256s][debug][gc,phases         ] GC(3606)     Object Copy (ms):         Min:  0.0, Avg:  0.0, Max:  0.0, Diff:  0.0, Sum:  0.0, Workers: 8
[173.256s][debug][gc,phases         ] GC(3606)     Termination (ms):         Min:  0.0, Avg:  0.1, Max:  0.2, Diff:  0.2, Sum:  0.9, Workers: 8
[173.256s][debug][gc,phases         ] GC(3606)       Termination Attempts:     Min: 1, Avg:  1.4, Max: 2, Diff: 1, Sum: 11, Workers: 8
[173.256s][debug][gc,phases         ] GC(3606)     GC Worker Other (ms):     Min:  0.0, Avg:  0.0, Max:  0.1, Diff:  0.1, Sum:  0.3, Workers: 8
[173.256s][debug][gc,phases         ] GC(3606)     GC Worker Total (ms):     Min:  0.4, Avg:  0.4, Max:  0.4, Diff:  0.0, Sum:  3.4, Workers: 8
[173.256s][info ][gc,phases         ] GC(3606)   Post Evacuate Collection Set: 0.6ms
[173.256s][debug][gc,phases         ] GC(3606)     Code Roots Fixup: 0.0ms
[173.256s][debug][gc,phases         ] GC(3606)     Clear Card Table: 0.2ms
[173.256s][debug][gc,phases         ] GC(3606)     Reference Processing: 0.0ms
[173.256s][debug][gc,phases,ref     ] GC(3606)       Reconsider SoftReferences: 0.0ms
[173.256s][debug][gc,phases,ref     ] GC(3606)         SoftRef (ms):             skipped
[173.256s][debug][gc,phases,ref     ] GC(3606)       Notify Soft/WeakReferences: 0.0ms
[173.256s][debug][gc,phases,ref     ] GC(3606)         SoftRef (ms):             skipped
[173.256s][debug][gc,phases,ref     ] GC(3606)         WeakRef (ms):             skipped
[173.256s][debug][gc,phases,ref     ] GC(3606)         FinalRef (ms):            skipped
[173.256s][debug][gc,phases,ref     ] GC(3606)         Total (ms):               skipped
[173.256s][debug][gc,phases,ref     ] GC(3606)       Notify and keep alive finalizable: 0.0ms
[173.256s][debug][gc,phases,ref     ] GC(3606)         FinalRef (ms):            skipped
[173.256s][debug][gc,phases,ref     ] GC(3606)       Notify PhantomReferences: 0.0ms
[173.256s][debug][gc,phases,ref     ] GC(3606)         PhantomRef (ms):          skipped
[173.256s][debug][gc,phases,ref     ] GC(3606)       SoftReference:
[173.256s][debug][gc,phases,ref     ] GC(3606)         Discovered: 0
[173.256s][debug][gc,phases,ref     ] GC(3606)         Cleared: 0
[173.256s][debug][gc,phases,ref     ] GC(3606)       WeakReference:
[173.256s][debug][gc,phases,ref     ] GC(3606)         Discovered: 0
[173.256s][debug][gc,phases,ref     ] GC(3606)         Cleared: 0
[173.256s][debug][gc,phases,ref     ] GC(3606)       FinalReference:
[173.256s][debug][gc,phases,ref     ] GC(3606)         Discovered: 0
[173.256s][debug][gc,phases,ref     ] GC(3606)         Cleared: 0
[173.256s][debug][gc,phases,ref     ] GC(3606)       PhantomReference:
[173.256s][debug][gc,phases,ref     ] GC(3606)         Discovered: 0
[173.256s][debug][gc,phases,ref     ] GC(3606)         Cleared: 0
[173.256s][debug][gc,phases         ] GC(3606)     Weak Processing: 0.1ms
[173.256s][debug][gc,phases         ] GC(3606)       JVMTI weak processing: 0.0ms
[173.256s][debug][gc,phases         ] GC(3606)         Dead: 0
[173.256s][debug][gc,phases         ] GC(3606)         Total: 0
[173.256s][debug][gc,phases         ] GC(3606)       JFR weak processing: 0.0ms
[173.256s][debug][gc,phases         ] GC(3606)         Dead: 0
[173.256s][debug][gc,phases         ] GC(3606)         Total: 0
[173.256s][debug][gc,phases         ] GC(3606)       JNI weak                  Min:  0.0, Avg:  0.0, Max:  0.0, Diff:  0.0, Sum:  0.0, Workers: 5
[173.256s][debug][gc,phases         ] GC(3606)         Dead                      Min: 0, Avg:  0.0, Max: 0, Diff: 0, Sum: 0, Workers: 5
[173.256s][debug][gc,phases         ] GC(3606)         Total                     Min: 0, Avg: 25.6, Max: 128, Diff: 128, Sum: 128, Workers: 5
[173.256s][debug][gc,phases         ] GC(3606)       VM weak                   Min:  0.0, Avg:  0.0, Max:  0.0, Diff:  0.0, Sum:  0.0, Workers: 5
[173.256s][debug][gc,phases         ] GC(3606)         Dead                      Min: 0, Avg:  0.0, Max: 0, Diff: 0, Sum: 0, Workers: 5
[173.256s][debug][gc,phases         ] GC(3606)         Total                     Min: 0, Avg: 42.4, Max: 212, Diff: 212, Sum: 212, Workers: 5
[173.256s][debug][gc,phases         ] GC(3606)       StringTable weak          Min:  0.0, Avg:  0.0, Max:  0.0, Diff:  0.0, Sum:  0.0, Workers: 5
[173.256s][debug][gc,phases         ] GC(3606)         Dead                      Min: 0, Avg:  0.0, Max: 0, Diff: 0, Sum: 0, Workers: 5
[173.256s][debug][gc,phases         ] GC(3606)         Total                     Min: 0, Avg: 686.2, Max: 2624, Diff: 2624, Sum: 3431, Workers: 5
[173.256s][debug][gc,phases         ] GC(3606)       ResolvedMethodTable weak  Min:  0.0, Avg:  0.0, Max:  0.0, Diff:  0.0, Sum:  0.0, Workers: 5
[173.256s][debug][gc,phases         ] GC(3606)         Dead                      Min: 0, Avg:  0.0, Max: 0, Diff: 0, Sum: 0, Workers: 5
[173.256s][debug][gc,phases         ] GC(3606)         Total                     Min: 0, Avg: 114.6, Max: 192, Diff: 192, Sum: 573, Workers: 5
[173.256s][debug][gc,phases         ] GC(3606)     Merge Per-Thread State: 0.0ms
[173.256s][debug][gc,phases         ] GC(3606)       Copied Bytes              Min: 456, Avg: 500307.0, Max: 800480, Diff: 800024, Sum: 4002456, Workers: 8
[173.256s][debug][gc,phases         ] GC(3606)       LAB Waste                 Min: 0, Avg:  0.0, Max: 0, Diff: 0, Sum: 0, Workers: 8
[173.256s][debug][gc,phases         ] GC(3606)       LAB Undo Waste            Min: 0, Avg:  0.0, Max: 0, Diff: 0, Sum: 0, Workers: 8
[173.256s][debug][gc,phases         ] GC(3606)     Code Roots Purge: 0.0ms
[173.256s][debug][gc,phases         ] GC(3606)     Redirty Cards: 0.0ms
[173.256s][debug][gc,phases         ] GC(3606)     DerivedPointerTable Update: 0.0ms
[173.256s][debug][gc,phases         ] GC(3606)     Free Collection Set: 0.2ms
[173.256s][debug][gc,phases         ] GC(3606)     Rebuild Free List: 0.1ms
[173.256s][debug][gc,phases         ] GC(3606)     Humongous Reclaim: 0.0ms
[173.256s][debug][gc,phases         ] GC(3606)     Start New Collection Set: 0.0ms
[173.256s][debug][gc,phases         ] GC(3606)     Resize TLABs: 0.0ms
[173.256s][debug][gc,phases         ] GC(3606)     Expand Heap After Collection: 0.0ms
[173.256s][info ][gc,phases         ] GC(3606)   Other: 0.3ms
[173.256s][info ][gc,heap           ] GC(3606) Eden regions: 868->0(868)
[173.256s][info ][gc,heap           ] GC(3606) Survivor regions: 5->5(110)
[173.256s][info ][gc,heap           ] GC(3606) Old regions: 17->17
[173.256s][info ][gc,heap           ] GC(3606) Archive regions: 2->2
[173.256s][info ][gc,heap           ] GC(3606) Humongous regions: 0->0
[173.256s][info ][gc,metaspace      ] GC(3606) Metaspace: 10069K(10624K)->10069K(10624K) NonClass: 8921K(9216K)->8921K(9216K) Class: 1148K(1408K)->1148K(1408K)
[173.256s][debug][gc,heap           ] GC(3606) Heap after GC invocations=3607 (full 1): garbage-first heap   total 1490944K, used 22336K [0x0000000700000000, 0x0000000800000000)
[173.256s][debug][gc,heap           ] GC(3606)   region size 1024K, 5 young (5120K), 5 survivors (5120K)
[173.256s][debug][gc,heap           ] GC(3606)  Metaspace       used 10069K, capacity 10368K, committed 10624K, reserved 1058816K
[173.256s][debug][gc,heap           ] GC(3606)   class space    used 1148K, capacity 1266K, committed 1408K, reserved 1048576K
[173.256s][info ][gc                ] GC(3606) Pause Young (Normal) (G1 Evacuation Pause) 889M->21M(1456M) 2.318ms
[173.256s][info ][gc,cpu            ] GC(3606) User=0.00s Sys=0.00s Real=0.00s
[173.257s][info ][safepoint         ] Safepoint "G1CollectForAllocation", Time since last: 44529876 ns, Reaching safepoint: 145693 ns, At safepoint: 2490213 ns, Total: 2635906 ns
[173.300s][debug][gc,heap           ] GC(3607) Heap before GC invocations=3607 (full 1): garbage-first heap   total 1490944K, used 910144K [0x0000000700000000, 0x0000000800000000)
[173.300s][debug][gc,heap           ] GC(3607)   region size 1024K, 873 young (893952K), 5 survivors (5120K)
[173.300s][debug][gc,heap           ] GC(3607)  Metaspace       used 10069K, capacity 10368K, committed 10624K, reserved 1058816K
[173.300s][debug][gc,heap           ] GC(3607)   class space    used 1148K, capacity 1266K, committed 1408K, reserved 1048576K
[173.300s][info ][gc,start          ] GC(3607) Pause Young (Normal) (G1 Evacuation Pause)
[173.300s][info ][gc,task           ] GC(3607) Using 8 workers of 8 for evacuation
[173.300s][debug][gc,tlab           ] GC(3607) TLAB totals: thrds: 8  refills: 12 max: 2 slow allocs: 1730 max 240 waste: 42.2% gc: 1332416B max: 224544B slow: 55696B max: 14304B fast: 0B max: 0B
[173.300s][debug][gc,age            ] GC(3607) Desired survivor size 57671680 bytes, new threshold 15 (max threshold 15)
[173.300s][debug][gc,alloc,region   ] GC(3607) Mutator Allocation stats, regions: 868, wasted size: 203M (23.4%)
[173.300s][debug][gc,ergo           ] GC(3607) Running G1 Merge Heap Roots using 8 workers for 873 regions
[173.301s][debug][gc,remset         ] GC(3607) Visited cards 256 Total dirty 2048 (12.50%) Total old 3614720 (0.01%)
[173.301s][debug][gc,ergo           ] GC(3607) Running G1 Clear Card Table Task using 2 workers for 2 units of work for 874 regions.
[173.301s][debug][gc,ref            ] GC(3607) Skipped phase1 of Reference Processing due to unavailable references
[173.301s][debug][gc,ref            ] GC(3607) Skipped phase2 of Reference Processing due to unavailable references
[173.301s][debug][gc,ref            ] GC(3607) Skipped phase3 of Reference Processing due to unavailable references
[173.301s][debug][gc,ref            ] GC(3607) Skipped phase4 of Reference Processing due to unavailable references
[173.301s][debug][gc,ergo           ] GC(3607) Running G1 Free Collection Set using 8 workers for collection set length 873 (1456)
[173.302s][debug][gc,ergo           ] GC(3607) Running G1 Rebuild Free List Task using 8 workers for rebuilding free list of 0 (4096) regions
[173.302s][trace][gc,age            ] GC(3607) Age table with threshold 15 (max threshold 15)
[173.302s][trace][gc,age            ] GC(3607) - age   1:    4002584 bytes,    4002584 total
[173.302s][debug][gc,plab           ] GC(3607) Young PLAB allocation: allocated: 16512B, wasted: 0B, unused: 14064B, used: 2448B, undo waste: 0B, 
[173.302s][debug][gc,plab           ] GC(3607) Young other allocation: region end waste: 981800B, regions filled: 5, direct allocated: 4000136B, failure used: 0B, failure wasted: 0B
[173.302s][debug][gc,plab           ] GC(3607) Young sizing: calculated: 0B, actual: 2064B
[173.302s][debug][gc,plab           ] GC(3607) Old PLAB allocation: allocated: 0B, wasted: 0B, unused: 0B, used: 0B, undo waste: 0B, 
[173.302s][debug][gc,plab           ] GC(3607) Old other allocation: region end waste: 0B, regions filled: 1, direct allocated: 0B, failure used: 0B, failure wasted: 0B
[173.302s][debug][gc,plab           ] GC(3607) Old sizing: calculated: 0B, actual: 2064B
[173.302s][debug][gc,ihop           ] GC(3607) Basic information (value update), threshold: 687026995B (45.00), target occupancy: 1526726656B, current occupancy: 22868272B, recent allocation size: 0B, recent allocation duration: 44.62ms, recent old gen allocation rate: 0.00B/s, recent marking phase length: 29.01ms
[173.302s][debug][gc,ihop           ] GC(3607) Adaptive IHOP information (value update), threshold: 687026995B (47.37), internal target occupancy: 1450390323B, occupancy: 22868272B, additional buffer size: 915406848B, predicted old gen allocation rate: 3621.59B/s, predicted marking phase length: 58.01ms, prediction active: false
[173.302s][debug][gc,ergo,refine    ] GC(3607) Concurrent refinement times: Logged Cards Scan time goal: 20.00ms Logged Cards Scan time: 0.00ms HCC time: 0.00ms
[173.302s][debug][gc,ergo,refine    ] GC(3607) Updated Refinement Zones: green: 2048, yellow: 6144, red: 10240
[173.302s][info ][gc,phases         ] GC(3607)   Pre Evacuate Collection Set: 0.1ms
[173.302s][debug][gc,phases         ] GC(3607)     Prepare TLABs: 0.0ms
[173.302s][debug][gc,phases         ] GC(3607)     Choose Collection Set: 0.0ms
[173.302s][debug][gc,phases         ] GC(3607)     Region Register: 0.1ms
[173.302s][debug][gc,phases         ] GC(3607)     Prepare Heap Roots: 0.0ms
[173.302s][info ][gc,phases         ] GC(3607)   Merge Heap Roots: 0.1ms
[173.302s][debug][gc,phases         ] GC(3607)     Prepare Merge Heap Roots: 0.0ms
[173.302s][debug][gc,phases         ] GC(3607)     Eager Reclaim (ms):       skipped
[173.302s][debug][gc,phases         ] GC(3607)     Remembered Sets (ms):     Min:  0.0, Avg:  0.0, Max:  0.1, Diff:  0.0, Sum:  0.3, Workers: 8
[173.302s][debug][gc,phases         ] GC(3607)       Merged Sparse:            Min: 0, Avg:  0.0, Max: 0, Diff: 0, Sum: 0, Workers: 8
[173.302s][debug][gc,phases         ] GC(3607)       Merged Fine:              Min: 0, Avg:  0.0, Max: 0, Diff: 0, Sum: 0, Workers: 8
[173.302s][debug][gc,phases         ] GC(3607)       Merged Coarse:            Min: 0, Avg:  0.0, Max: 0, Diff: 0, Sum: 0, Workers: 8
[173.302s][debug][gc,phases         ] GC(3607)       Dirty Cards:              Min: 0, Avg:  0.0, Max: 0, Diff: 0, Sum: 0, Workers: 8
[173.302s][debug][gc,phases         ] GC(3607)     Hot Card Cache (ms):      Min:  0.0, Avg:  0.0, Max:  0.0, Diff:  0.0, Sum:  0.0, Workers: 8
[173.302s][debug][gc,phases         ] GC(3607)       Dirty Cards:              Min: 0, Avg:  0.0, Max: 0, Diff: 0, Sum: 0, Workers: 8
[173.302s][debug][gc,phases         ] GC(3607)       Skipped Cards:            Min: 0, Avg:  0.0, Max: 0, Diff: 0, Sum: 0, Workers: 8
[173.302s][debug][gc,phases         ] GC(3607)     Log Buffers (ms):         Min:  0.0, Avg:  0.0, Max:  0.0, Diff:  0.0, Sum:  0.0, Workers: 8
[173.302s][debug][gc,phases         ] GC(3607)       Dirty Cards:              Min: 0, Avg:  0.1, Max: 1, Diff: 1, Sum: 1, Workers: 8
[173.302s][debug][gc,phases         ] GC(3607)       Skipped Cards:            Min: 0, Avg:  0.0, Max: 0, Diff: 0, Sum: 0, Workers: 8
[173.302s][info ][gc,phases         ] GC(3607)   Evacuate Collection Set: 0.5ms
[173.302s][debug][gc,phases         ] GC(3607)     Ext Root Scanning (ms):   Min:  0.2, Avg:  0.3, Max:  0.4, Diff:  0.2, Sum:  2.1, Workers: 8
[173.302s][debug][gc,phases         ] GC(3607)     Scan Heap Roots (ms):     Min:  0.0, Avg:  0.0, Max:  0.0, Diff:  0.0, Sum:  0.0, Workers: 8
[173.302s][debug][gc,phases         ] GC(3607)       Scanned Cards:            Min: 0, Avg:  0.1, Max: 1, Diff: 1, Sum: 1, Workers: 8
[173.302s][debug][gc,phases         ] GC(3607)       Scanned Blocks:           Min: 0, Avg:  0.1, Max: 1, Diff: 1, Sum: 1, Workers: 8
[173.302s][debug][gc,phases         ] GC(3607)       Claimed Chunks:           Min: 0, Avg:  0.1, Max: 1, Diff: 1, Sum: 1, Workers: 8
[173.302s][debug][gc,phases         ] GC(3607)     Code Root Scan (ms):      Min:  0.0, Avg:  0.0, Max:  0.1, Diff:  0.1, Sum:  0.2, Workers: 8
[173.302s][debug][gc,phases         ] GC(3607)     Object Copy (ms):         Min:  0.0, Avg:  0.0, Max:  0.0, Diff:  0.0, Sum:  0.0, Workers: 8
[173.302s][debug][gc,phases         ] GC(3607)     Termination (ms):         Min:  0.0, Avg:  0.1, Max:  0.1, Diff:  0.1, Sum:  0.7, Workers: 8
[173.302s][debug][gc,phases         ] GC(3607)       Termination Attempts:     Min: 1, Avg:  1.0, Max: 1, Diff: 0, Sum: 8, Workers: 8
[173.302s][debug][gc,phases         ] GC(3607)     GC Worker Other (ms):     Min:  0.0, Avg:  0.0, Max:  0.1, Diff:  0.1, Sum:  0.4, Workers: 8
[173.302s][debug][gc,phases         ] GC(3607)     GC Worker Total (ms):     Min:  0.4, Avg:  0.4, Max:  0.4, Diff:  0.1, Sum:  3.4, Workers: 8
[173.302s][info ][gc,phases         ] GC(3607)   Post Evacuate Collection Set: 0.6ms
[173.302s][debug][gc,phases         ] GC(3607)     Code Roots Fixup: 0.0ms
[173.302s][debug][gc,phases         ] GC(3607)     Clear Card Table: 0.2ms
[173.302s][debug][gc,phases         ] GC(3607)     Reference Processing: 0.0ms
[173.302s][debug][gc,phases,ref     ] GC(3607)       Reconsider SoftReferences: 0.0ms
[173.302s][debug][gc,phases,ref     ] GC(3607)         SoftRef (ms):             skipped
[173.302s][debug][gc,phases,ref     ] GC(3607)       Notify Soft/WeakReferences: 0.0ms
[173.302s][debug][gc,phases,ref     ] GC(3607)         SoftRef (ms):             skipped
[173.302s][debug][gc,phases,ref     ] GC(3607)         WeakRef (ms):             skipped
[173.302s][debug][gc,phases,ref     ] GC(3607)         FinalRef (ms):            skipped
[173.302s][debug][gc,phases,ref     ] GC(3607)         Total (ms):               skipped
[173.302s][debug][gc,phases,ref     ] GC(3607)       Notify and keep alive finalizable: 0.0ms
[173.302s][debug][gc,phases,ref     ] GC(3607)         FinalRef (ms):            skipped
[173.302s][debug][gc,phases,ref     ] GC(3607)       Notify PhantomReferences: 0.0ms
[173.302s][debug][gc,phases,ref     ] GC(3607)         PhantomRef (ms):          skipped
[173.302s][debug][gc,phases,ref     ] GC(3607)       SoftReference:
[173.302s][debug][gc,phases,ref     ] GC(3607)         Discovered: 0
[173.302s][debug][gc,phases,ref     ] GC(3607)         Cleared: 0
[173.302s][debug][gc,phases,ref     ] GC(3607)       WeakReference:
[173.302s][debug][gc,phases,ref     ] GC(3607)         Discovered: 0
[173.302s][debug][gc,phases,ref     ] GC(3607)         Cleared: 0
[173.302s][debug][gc,phases,ref     ] GC(3607)       FinalReference:
[173.302s][debug][gc,phases,ref     ] GC(3607)         Discovered: 0
[173.302s][debug][gc,phases,ref     ] GC(3607)         Cleared: 0
[173.302s][debug][gc,phases,ref     ] GC(3607)       PhantomReference:
[173.302s][debug][gc,phases,ref     ] GC(3607)         Discovered: 0
[173.302s][debug][gc,phases,ref     ] GC(3607)         Cleared: 0
[173.302s][debug][gc,phases         ] GC(3607)     Weak Processing: 0.0ms
[173.302s][debug][gc,phases         ] GC(3607)       JVMTI weak processing: 0.0ms
[173.302s][debug][gc,phases         ] GC(3607)         Dead: 0
[173.302s][debug][gc,phases         ] GC(3607)         Total: 0
[173.302s][debug][gc,phases         ] GC(3607)       JFR weak processing: 0.0ms
[173.302s][debug][gc,phases         ] GC(3607)         Dead: 0
[173.302s][debug][gc,phases         ] GC(3607)         Total: 0
[173.302s][debug][gc,phases         ] GC(3607)       JNI weak                  Min:  0.0, Avg:  0.0, Max:  0.0, Diff:  0.0, Sum:  0.0, Workers: 5
[173.302s][debug][gc,phases         ] GC(3607)         Dead                      Min: 0, Avg:  0.0, Max: 0, Diff: 0, Sum: 0, Workers: 5
[173.302s][debug][gc,phases         ] GC(3607)         Total                     Min: 0, Avg: 25.6, Max: 64, Diff: 64, Sum: 128, Workers: 5
[173.302s][debug][gc,phases         ] GC(3607)       VM weak                   Min:  0.0, Avg:  0.0, Max:  0.0, Diff:  0.0, Sum:  0.0, Workers: 5
[173.302s][debug][gc,phases         ] GC(3607)         Dead                      Min: 0, Avg:  0.0, Max: 0, Diff: 0, Sum: 0, Workers: 5
[173.302s][debug][gc,phases         ] GC(3607)         Total                     Min: 0, Avg: 42.4, Max: 64, Diff: 64, Sum: 212, Workers: 5
[173.302s][debug][gc,phases         ] GC(3607)       StringTable weak          Min:  0.0, Avg:  0.0, Max:  0.0, Diff:  0.0, Sum:  0.1, Workers: 5
[173.302s][debug][gc,phases         ] GC(3607)         Dead                      Min: 0, Avg:  0.0, Max: 0, Diff: 0, Sum: 0, Workers: 5
[173.302s][debug][gc,phases         ] GC(3607)         Total                     Min: 640, Avg: 686.2, Max: 832, Diff: 192, Sum: 3431, Workers: 5
[173.302s][debug][gc,phases         ] GC(3607)       ResolvedMethodTable weak  Min:  0.0, Avg:  0.0, Max:  0.0, Diff:  0.0, Sum:  0.0, Workers: 5
[173.302s][debug][gc,phases         ] GC(3607)         Dead                      Min: 0, Avg:  0.0, Max: 0, Diff: 0, Sum: 0, Workers: 5
[173.302s][debug][gc,phases         ] GC(3607)         Total                     Min: 64, Avg: 114.6, Max: 189, Diff: 125, Sum: 573, Workers: 5
[173.302s][debug][gc,phases         ] GC(3607)     Merge Per-Thread State: 0.0ms
[173.302s][debug][gc,phases         ] GC(3607)       Copied Bytes              Min: 232, Avg: 500323.0, Max: 800320, Diff: 800088, Sum: 4002584, Workers: 8
[173.302s][debug][gc,phases         ] GC(3607)       LAB Waste                 Min: 0, Avg:  0.0, Max: 0, Diff: 0, Sum: 0, Workers: 8
[173.302s][debug][gc,phases         ] GC(3607)       LAB Undo Waste            Min: 0, Avg:  0.0, Max: 0, Diff: 0, Sum: 0, Workers: 8
[173.302s][debug][gc,phases         ] GC(3607)     Code Roots Purge: 0.0ms
[173.302s][debug][gc,phases         ] GC(3607)     Redirty Cards: 0.0ms
[173.302s][debug][gc,phases         ] GC(3607)     DerivedPointerTable Update: 0.0ms
[173.302s][debug][gc,phases         ] GC(3607)     Free Collection Set: 0.2ms
[173.302s][debug][gc,phases         ] GC(3607)     Rebuild Free List: 0.1ms
[173.302s][debug][gc,phases         ] GC(3607)     Humongous Reclaim: 0.0ms
[173.302s][debug][gc,phases         ] GC(3607)     Start New Collection Set: 0.0ms
[173.302s][debug][gc,phases         ] GC(3607)     Resize TLABs: 0.0ms
[173.302s][debug][gc,phases         ] GC(3607)     Expand Heap After Collection: 0.0ms
[173.302s][info ][gc,phases         ] GC(3607)   Other: 0.4ms
[173.302s][info ][gc,heap           ] GC(3607) Eden regions: 868->0(868)
[173.302s][info ][gc,heap           ] GC(3607) Survivor regions: 5->5(110)
[173.302s][info ][gc,heap           ] GC(3607) Old regions: 17->17
[173.302s][info ][gc,heap           ] GC(3607) Archive regions: 2->2
[173.302s][info ][gc,heap           ] GC(3607) Humongous regions: 0->0
[173.302s][info ][gc,metaspace      ] GC(3607) Metaspace: 10069K(10624K)->10069K(10624K) NonClass: 8921K(9216K)->8921K(9216K) Class: 1148K(1408K)->1148K(1408K)
[173.303s][debug][gc,heap           ] GC(3607) Heap after GC invocations=3608 (full 1): garbage-first heap   total 1490944K, used 22332K [0x0000000700000000, 0x0000000800000000)
[173.303s][debug][gc,heap           ] GC(3607)   region size 1024K, 5 young (5120K), 5 survivors (5120K)
[173.303s][debug][gc,heap           ] GC(3607)  Metaspace       used 10069K, capacity 10368K, committed 10624K, reserved 1058816K
[173.303s][debug][gc,heap           ] GC(3607)   class space    used 1148K, capacity 1266K, committed 1408K, reserved 1048576K
[173.303s][info ][gc                ] GC(3607) Pause Young (Normal) (G1 Evacuation Pause) 889M->21M(1456M) 2.317ms
[173.303s][info ][gc,cpu            ] GC(3607) User=0.01s Sys=0.00s Real=0.00s
[173.303s][info ][safepoint         ] Safepoint "G1CollectForAllocation", Time since last: 43405379 ns, Reaching safepoint: 206274 ns, At safepoint: 2559650 ns, Total: 2765924 ns
[173.347s][debug][gc,heap           ] GC(3608) Heap before GC invocations=3608 (full 1): garbage-first heap   total 1490944K, used 910140K [0x0000000700000000, 0x0000000800000000)
[173.347s][debug][gc,heap           ] GC(3608)   region size 1024K, 873 young (893952K), 5 survivors (5120K)
[173.347s][debug][gc,heap           ] GC(3608)  Metaspace       used 10069K, capacity 10368K, committed 10624K, reserved 1058816K
[173.347s][debug][gc,heap           ] GC(3608)   class space    used 1148K, capacity 1266K, committed 1408K, reserved 1048576K
[173.347s][info ][gc,start          ] GC(3608) Pause Young (Normal) (G1 Evacuation Pause)
[173.347s][info ][gc,task           ] GC(3608) Using 8 workers of 8 for evacuation
[173.347s][debug][gc,tlab           ] GC(3608) TLAB totals: thrds: 8  refills: 15 max: 3 slow allocs: 1730 max 252 waste: 24.6% gc: 1070000B max: 243504B slow: 71376B max: 15488B fast: 0B max: 0B
[173.347s][debug][gc,age            ] GC(3608) Desired survivor size 57671680 bytes, new threshold 15 (max threshold 15)
[173.347s][debug][gc,alloc,region   ] GC(3608) Mutator Allocation stats, regions: 868, wasted size: 203M (23.4%)
[173.347s][debug][gc,ergo           ] GC(3608) Running G1 Merge Heap Roots using 8 workers for 873 regions
[173.348s][debug][gc,remset         ] GC(3608) Visited cards 512 Total dirty 4096 (12.50%) Total old 3614720 (0.01%)
[173.348s][debug][gc,ergo           ] GC(3608) Running G1 Clear Card Table Task using 2 workers for 2 units of work for 875 regions.
[173.348s][debug][gc,ref            ] GC(3608) Skipped phase1 of Reference Processing due to unavailable references
[173.348s][debug][gc,ref            ] GC(3608) Skipped phase2 of Reference Processing due to unavailable references
[173.348s][debug][gc,ref            ] GC(3608) Skipped phase3 of Reference Processing due to unavailable references
[173.348s][debug][gc,ref            ] GC(3608) Skipped phase4 of Reference Processing due to unavailable references
[173.348s][debug][gc,ergo           ] GC(3608) Running G1 Free Collection Set using 8 workers for collection set length 873 (1456)
[173.349s][debug][gc,ergo           ] GC(3608) Running G1 Rebuild Free List Task using 8 workers for rebuilding free list of 0 (4096) regions
[173.349s][trace][gc,age            ] GC(3608) Age table with threshold 15 (max threshold 15)
[173.349s][trace][gc,age            ] GC(3608) - age   1:    2402536 bytes,    2402536 total
[173.349s][debug][gc,plab           ] GC(3608) Young PLAB allocation: allocated: 16512B, wasted: 0B, unused: 14064B, used: 2448B, undo waste: 0B, 
[173.349s][debug][gc,plab           ] GC(3608) Young other allocation: region end waste: 484704B, regions filled: 3, direct allocated: 2400088B, failure used: 0B, failure wasted: 0B
[173.349s][debug][gc,plab           ] GC(3608) Young sizing: calculated: 0B, actual: 2064B
[173.349s][debug][gc,plab           ] GC(3608) Old PLAB allocation: allocated: 0B, wasted: 0B, unused: 0B, used: 0B, undo waste: 0B, 
[173.349s][debug][gc,plab           ] GC(3608) Old other allocation: region end waste: 0B, regions filled: 1, direct allocated: 0B, failure used: 0B, failure wasted: 0B
[173.349s][debug][gc,plab           ] GC(3608) Old sizing: calculated: 0B, actual: 2064B
[173.349s][debug][gc,ihop           ] GC(3608) Basic information (value update), threshold: 687026995B (45.00), target occupancy: 1526726656B, current occupancy: 20771128B, recent allocation size: 0B, recent allocation duration: 45.43ms, recent old gen allocation rate: 0.00B/s, recent marking phase length: 29.01ms
[173.349s][debug][gc,ihop           ] GC(3608) Adaptive IHOP information (value update), threshold: 687026995B (47.37), internal target occupancy: 1450390323B, occupancy: 20771128B, additional buffer size: 915406848B, predicted old gen allocation rate: 3525.94B/s, predicted marking phase length: 58.01ms, prediction active: false
[173.349s][debug][gc,ergo,refine    ] GC(3608) Concurrent refinement times: Logged Cards Scan time goal: 20.00ms Logged Cards Scan time: 0.00ms HCC time: 0.00ms
[173.349s][debug][gc,ergo,refine    ] GC(3608) Updated Refinement Zones: green: 2048, yellow: 6144, red: 10240
[173.349s][info ][gc,phases         ] GC(3608)   Pre Evacuate Collection Set: 0.1ms
[173.349s][debug][gc,phases         ] GC(3608)     Prepare TLABs: 0.0ms
[173.349s][debug][gc,phases         ] GC(3608)     Choose Collection Set: 0.0ms
[173.349s][debug][gc,phases         ] GC(3608)     Region Register: 0.1ms
[173.349s][debug][gc,phases         ] GC(3608)     Prepare Heap Roots: 0.0ms
[173.349s][info ][gc,phases         ] GC(3608)   Merge Heap Roots: 0.2ms
[173.349s][debug][gc,phases         ] GC(3608)     Prepare Merge Heap Roots: 0.0ms
[173.349s][debug][gc,phases         ] GC(3608)     Eager Reclaim (ms):       skipped
[173.349s][debug][gc,phases         ] GC(3608)     Remembered Sets (ms):     Min:  0.0, Avg:  0.0, Max:  0.1, Diff:  0.0, Sum:  0.4, Workers: 8
[173.349s][debug][gc,phases         ] GC(3608)       Merged Sparse:            Min: 0, Avg:  0.0, Max: 0, Diff: 0, Sum: 0, Workers: 8
[173.349s][debug][gc,phases         ] GC(3608)       Merged Fine:              Min: 0, Avg:  0.0, Max: 0, Diff: 0, Sum: 0, Workers: 8
[173.349s][debug][gc,phases         ] GC(3608)       Merged Coarse:            Min: 0, Avg:  0.0, Max: 0, Diff: 0, Sum: 0, Workers: 8
[173.349s][debug][gc,phases         ] GC(3608)       Dirty Cards:              Min: 0, Avg:  0.0, Max: 0, Diff: 0, Sum: 0, Workers: 8
[173.349s][debug][gc,phases         ] GC(3608)     Hot Card Cache (ms):      Min:  0.0, Avg:  0.0, Max:  0.0, Diff:  0.0, Sum:  0.0, Workers: 8
[173.349s][debug][gc,phases         ] GC(3608)       Dirty Cards:              Min: 0, Avg:  0.0, Max: 0, Diff: 0, Sum: 0, Workers: 8
[173.349s][debug][gc,phases         ] GC(3608)       Skipped Cards:            Min: 0, Avg:  0.0, Max: 0, Diff: 0, Sum: 0, Workers: 8
[173.349s][debug][gc,phases         ] GC(3608)     Log Buffers (ms):         Min:  0.0, Avg:  0.0, Max:  0.0, Diff:  0.0, Sum:  0.0, Workers: 8
[173.349s][debug][gc,phases         ] GC(3608)       Dirty Cards:              Min: 0, Avg:  0.2, Max: 1, Diff: 1, Sum: 2, Workers: 8
[173.349s][debug][gc,phases         ] GC(3608)       Skipped Cards:            Min: 0, Avg:  0.0, Max: 0, Diff: 0, Sum: 0, Workers: 8
[173.349s][info ][gc,phases         ] GC(3608)   Evacuate Collection Set: 0.3ms
[173.349s][debug][gc,phases         ] GC(3608)     Ext Root Scanning (ms):   Min:  0.1, Avg:  0.1, Max:  0.2, Diff:  0.2, Sum:  1.1, Workers: 8
[173.349s][debug][gc,phases         ] GC(3608)     Scan Heap Roots (ms):     Min:  0.0, Avg:  0.0, Max:  0.0, Diff:  0.0, Sum:  0.0, Workers: 8
[173.349s][debug][gc,phases         ] GC(3608)       Scanned Cards:            Min: 0, Avg:  0.2, Max: 1, Diff: 1, Sum: 2, Workers: 8
[173.349s][debug][gc,phases         ] GC(3608)       Scanned Blocks:           Min: 0, Avg:  0.2, Max: 1, Diff: 1, Sum: 2, Workers: 8
[173.349s][debug][gc,phases         ] GC(3608)       Claimed Chunks:           Min: 0, Avg:  0.2, Max: 1, Diff: 1, Sum: 2, Workers: 8
[173.349s][debug][gc,phases         ] GC(3608)     Code Root Scan (ms):      Min:  0.0, Avg:  0.0, Max:  0.1, Diff:  0.1, Sum:  0.2, Workers: 8
[173.349s][debug][gc,phases         ] GC(3608)     Object Copy (ms):         Min:  0.0, Avg:  0.0, Max:  0.0, Diff:  0.0, Sum:  0.0, Workers: 8
[173.349s][debug][gc,phases         ] GC(3608)     Termination (ms):         Min:  0.0, Avg:  0.1, Max:  0.1, Diff:  0.0, Sum:  0.6, Workers: 8
[173.349s][debug][gc,phases         ] GC(3608)       Termination Attempts:     Min: 1, Avg:  1.4, Max: 2, Diff: 1, Sum: 11, Workers: 8
[173.349s][debug][gc,phases         ] GC(3608)     GC Worker Other (ms):     Min:  0.0, Avg:  0.1, Max:  0.1, Diff:  0.1, Sum:  0.4, Workers: 8
[173.349s][debug][gc,phases         ] GC(3608)     GC Worker Total (ms):     Min:  0.3, Avg:  0.3, Max:  0.3, Diff:  0.0, Sum:  2.4, Workers: 8
[173.349s][info ][gc,phases         ] GC(3608)   Post Evacuate Collection Set: 0.7ms
[173.349s][debug][gc,phases         ] GC(3608)     Code Roots Fixup: 0.0ms
[173.349s][debug][gc,phases         ] GC(3608)     Clear Card Table: 0.2ms
[173.349s][debug][gc,phases         ] GC(3608)     Reference Processing: 0.1ms
[173.349s][debug][gc,phases,ref     ] GC(3608)       Reconsider SoftReferences: 0.0ms
[173.349s][debug][gc,phases,ref     ] GC(3608)         SoftRef (ms):             skipped
[173.349s][debug][gc,phases,ref     ] GC(3608)       Notify Soft/WeakReferences: 0.0ms
[173.349s][debug][gc,phases,ref     ] GC(3608)         SoftRef (ms):             skipped
[173.349s][debug][gc,phases,ref     ] GC(3608)         WeakRef (ms):             skipped
[173.349s][debug][gc,phases,ref     ] GC(3608)         FinalRef (ms):            skipped
[173.349s][debug][gc,phases,ref     ] GC(3608)         Total (ms):               skipped
[173.349s][debug][gc,phases,ref     ] GC(3608)       Notify and keep alive finalizable: 0.0ms
[173.349s][debug][gc,phases,ref     ] GC(3608)         FinalRef (ms):            skipped
[173.349s][debug][gc,phases,ref     ] GC(3608)       Notify PhantomReferences: 0.0ms
[173.349s][debug][gc,phases,ref     ] GC(3608)         PhantomRef (ms):          skipped
[173.349s][debug][gc,phases,ref     ] GC(3608)       SoftReference:
[173.349s][debug][gc,phases,ref     ] GC(3608)         Discovered: 0
[173.349s][debug][gc,phases,ref     ] GC(3608)         Cleared: 0
[173.349s][debug][gc,phases,ref     ] GC(3608)       WeakReference:
[173.349s][debug][gc,phases,ref     ] GC(3608)         Discovered: 0
[173.349s][debug][gc,phases,ref     ] GC(3608)         Cleared: 0
[173.349s][debug][gc,phases,ref     ] GC(3608)       FinalReference:
[173.349s][debug][gc,phases,ref     ] GC(3608)         Discovered: 0
[173.349s][debug][gc,phases,ref     ] GC(3608)         Cleared: 0
[173.349s][debug][gc,phases,ref     ] GC(3608)       PhantomReference:
[173.349s][debug][gc,phases,ref     ] GC(3608)         Discovered: 0
[173.349s][debug][gc,phases,ref     ] GC(3608)         Cleared: 0
[173.349s][debug][gc,phases         ] GC(3608)     Weak Processing: 0.0ms
[173.349s][debug][gc,phases         ] GC(3608)       JVMTI weak processing: 0.0ms
[173.349s][debug][gc,phases         ] GC(3608)         Dead: 0
[173.349s][debug][gc,phases         ] GC(3608)         Total: 0
[173.349s][debug][gc,phases         ] GC(3608)       JFR weak processing: 0.0ms
[173.349s][debug][gc,phases         ] GC(3608)         Dead: 0
[173.349s][debug][gc,phases         ] GC(3608)         Total: 0
[173.349s][debug][gc,phases         ] GC(3608)       JNI weak                  Min:  0.0, Avg:  0.0, Max:  0.0, Diff:  0.0, Sum:  0.0, Workers: 5
[173.349s][debug][gc,phases         ] GC(3608)         Dead                      Min: 0, Avg:  0.0, Max: 0, Diff: 0, Sum: 0, Workers: 5
[173.349s][debug][gc,phases         ] GC(3608)         Total                     Min: 0, Avg: 25.6, Max: 64, Diff: 64, Sum: 128, Workers: 5
[173.349s][debug][gc,phases         ] GC(3608)       VM weak                   Min:  0.0, Avg:  0.0, Max:  0.0, Diff:  0.0, Sum:  0.0, Workers: 5
[173.349s][debug][gc,phases         ] GC(3608)         Dead                      Min: 0, Avg:  0.0, Max: 0, Diff: 0, Sum: 0, Workers: 5
[173.349s][debug][gc,phases         ] GC(3608)         Total                     Min: 0, Avg: 42.4, Max: 128, Diff: 128, Sum: 212, Workers: 5
[173.349s][debug][gc,phases         ] GC(3608)       StringTable weak          Min:  0.0, Avg:  0.0, Max:  0.0, Diff:  0.0, Sum:  0.1, Workers: 5
[173.349s][debug][gc,phases         ] GC(3608)         Dead                      Min: 0, Avg:  0.0, Max: 0, Diff: 0, Sum: 0, Workers: 5
[173.349s][debug][gc,phases         ] GC(3608)         Total                     Min: 448, Avg: 686.2, Max: 768, Diff: 320, Sum: 3431, Workers: 5
[173.349s][debug][gc,phases         ] GC(3608)       ResolvedMethodTable weak  Min:  0.0, Avg:  0.0, Max:  0.0, Diff:  0.0, Sum:  0.0, Workers: 5
[173.349s][debug][gc,phases         ] GC(3608)         Dead                      Min: 0, Avg:  0.0, Max: 0, Diff: 0, Sum: 0, Workers: 5
[173.349s][debug][gc,phases         ] GC(3608)         Total                     Min: 64, Avg: 114.6, Max: 128, Diff: 64, Sum: 573, Workers: 5
[173.349s][debug][gc,phases         ] GC(3608)     Merge Per-Thread State: 0.0ms
[173.349s][debug][gc,phases         ] GC(3608)       Copied Bytes              Min: 72, Avg: 300317.0, Max: 800096, Diff: 800024, Sum: 2402536, Workers: 8
[173.349s][debug][gc,phases         ] GC(3608)       LAB Waste                 Min: 0, Avg:  0.0, Max: 0, Diff: 0, Sum: 0, Workers: 8
[173.349s][debug][gc,phases         ] GC(3608)       LAB Undo Waste            Min: 0, Avg:  0.0, Max: 0, Diff: 0, Sum: 0, Workers: 8
[173.349s][debug][gc,phases         ] GC(3608)     Code Roots Purge: 0.0ms
[173.349s][debug][gc,phases         ] GC(3608)     Redirty Cards: 0.0ms
[173.349s][debug][gc,phases         ] GC(3608)     DerivedPointerTable Update: 0.0ms
[173.349s][debug][gc,phases         ] GC(3608)     Free Collection Set: 0.2ms
[173.349s][debug][gc,phases         ] GC(3608)     Rebuild Free List: 0.1ms
[173.349s][debug][gc,phases         ] GC(3608)     Humongous Reclaim: 0.0ms
[173.349s][debug][gc,phases         ] GC(3608)     Start New Collection Set: 0.0ms
[173.349s][debug][gc,phases         ] GC(3608)     Resize TLABs: 0.0ms
[173.349s][debug][gc,phases         ] GC(3608)     Expand Heap After Collection: 0.0ms
[173.349s][info ][gc,phases         ] GC(3608)   Other: 0.3ms
[173.349s][info ][gc,heap           ] GC(3608) Eden regions: 868->0(870)
[173.350s][info ][gc,heap           ] GC(3608) Survivor regions: 5->3(110)
[173.350s][info ][gc,heap           ] GC(3608) Old regions: 17->17
[173.350s][info ][gc,heap           ] GC(3608) Archive regions: 2->2
[173.350s][info ][gc,heap           ] GC(3608) Humongous regions: 0->0
[173.350s][info ][gc,metaspace      ] GC(3608) Metaspace: 10069K(10624K)->10069K(10624K) NonClass: 8921K(9216K)->8921K(9216K) Class: 1148K(1408K)->1148K(1408K)
[173.350s][debug][gc,heap           ] GC(3608) Heap after GC invocations=3609 (full 1): garbage-first heap   total 1490944K, used 20284K [0x0000000700000000, 0x0000000800000000)
[173.350s][debug][gc,heap           ] GC(3608)   region size 1024K, 3 young (3072K), 3 survivors (3072K)
[173.350s][debug][gc,heap           ] GC(3608)  Metaspace       used 10069K, capacity 10368K, committed 10624K, reserved 1058816K
[173.350s][debug][gc,heap           ] GC(3608)   class space    used 1148K, capacity 1266K, committed 1408K, reserved 1048576K
[173.350s][info ][gc                ] GC(3608) Pause Young (Normal) (G1 Evacuation Pause) 889M->19M(1456M) 2.493ms
[173.350s][info ][gc,cpu            ] GC(3608) User=0.01s Sys=0.00s Real=0.00s
[173.350s][info ][safepoint         ] Safepoint "G1CollectForAllocation", Time since last: 44190628 ns, Reaching safepoint: 144366 ns, At safepoint: 2681897 ns, Total: 2826263 ns
[173.396s][debug][gc,heap           ] GC(3609) Heap before GC invocations=3609 (full 1): garbage-first heap   total 1490944K, used 910140K [0x0000000700000000, 0x0000000800000000)
[173.396s][debug][gc,heap           ] GC(3609)   region size 1024K, 873 young (893952K), 3 survivors (3072K)
[173.396s][debug][gc,heap           ] GC(3609)  Metaspace       used 10069K, capacity 10368K, committed 10624K, reserved 1058816K
[173.396s][debug][gc,heap           ] GC(3609)   class space    used 1148K, capacity 1266K, committed 1408K, reserved 1048576K
[173.396s][info ][gc,start          ] GC(3609) Pause Young (Normal) (G1 Evacuation Pause)
[173.396s][info ][gc,task           ] GC(3609) Using 8 workers of 8 for evacuation
[173.396s][debug][gc,tlab           ] GC(3609) TLAB totals: thrds: 8  refills: 9 max: 2 slow allocs: 1732 max 244 waste: 40.4% gc: 1002912B max: 220752B slow: 13440B max: 13440B fast: 0B max: 0B
[173.396s][debug][gc,age            ] GC(3609) Desired survivor size 57671680 bytes, new threshold 15 (max threshold 15)
[173.396s][debug][gc,alloc,region   ] GC(3609) Mutator Allocation stats, regions: 870, wasted size: 203M (23.4%)
[173.396s][debug][gc,ergo           ] GC(3609) Running G1 Merge Heap Roots using 8 workers for 873 regions
[173.397s][debug][gc,remset         ] GC(3609) Visited cards 256 Total dirty 2048 (12.50%) Total old 3614720 (0.01%)
[173.397s][debug][gc,ergo           ] GC(3609) Running G1 Clear Card Table Task using 2 workers for 2 units of work for 874 regions.
[173.397s][debug][gc,ref            ] GC(3609) Skipped phase1 of Reference Processing due to unavailable references
[173.398s][debug][gc,ref            ] GC(3609) Skipped phase2 of Reference Processing due to unavailable references
[173.398s][debug][gc,ref            ] GC(3609) Skipped phase3 of Reference Processing due to unavailable references
[173.398s][debug][gc,ref            ] GC(3609) Skipped phase4 of Reference Processing due to unavailable references
[173.398s][debug][gc,ergo           ] GC(3609) Running G1 Free Collection Set using 8 workers for collection set length 873 (1456)
[173.398s][debug][gc,ergo           ] GC(3609) Running G1 Rebuild Free List Task using 8 workers for rebuilding free list of 0 (4096) regions
[173.398s][trace][gc,age            ] GC(3609) Age table with threshold 15 (max threshold 15)
[173.398s][trace][gc,age            ] GC(3609) - age   1:    4002592 bytes,    4002592 total
[173.398s][debug][gc,plab           ] GC(3609) Young PLAB allocation: allocated: 14448B, wasted: 0B, unused: 12000B, used: 2448B, undo waste: 0B, 
[173.398s][debug][gc,plab           ] GC(3609) Young other allocation: region end waste: 983864B, regions filled: 5, direct allocated: 4000144B, failure used: 0B, failure wasted: 0B
[173.398s][debug][gc,plab           ] GC(3609) Young sizing: calculated: 0B, actual: 2064B
[173.398s][debug][gc,plab           ] GC(3609) Old PLAB allocation: allocated: 0B, wasted: 0B, unused: 0B, used: 0B, undo waste: 0B, 
[173.398s][debug][gc,plab           ] GC(3609) Old other allocation: region end waste: 0B, regions filled: 1, direct allocated: 0B, failure used: 0B, failure wasted: 0B
[173.398s][debug][gc,plab           ] GC(3609) Old sizing: calculated: 0B, actual: 2064B
[173.398s][debug][gc,ihop           ] GC(3609) Basic information (value update), threshold: 687026995B (45.00), target occupancy: 1526726656B, current occupancy: 22868280B, recent allocation size: 0B, recent allocation duration: 47.44ms, recent old gen allocation rate: 0.00B/s, recent marking phase length: 29.01ms
[173.398s][debug][gc,ihop           ] GC(3609) Adaptive IHOP information (value update), threshold: 687026995B (47.37), internal target occupancy: 1450390323B, occupancy: 22868280B, additional buffer size: 915406848B, predicted old gen allocation rate: 3432.90B/s, predicted marking phase length: 58.01ms, prediction active: false
[173.398s][debug][gc,ergo,refine    ] GC(3609) Concurrent refinement times: Logged Cards Scan time goal: 20.00ms Logged Cards Scan time: 0.00ms HCC time: 0.00ms
[173.398s][debug][gc,ergo,refine    ] GC(3609) Updated Refinement Zones: green: 2048, yellow: 6144, red: 10240
[173.398s][info ][gc,phases         ] GC(3609)   Pre Evacuate Collection Set: 0.2ms
[173.398s][debug][gc,phases         ] GC(3609)     Prepare TLABs: 0.0ms
[173.398s][debug][gc,phases         ] GC(3609)     Choose Collection Set: 0.0ms
[173.398s][debug][gc,phases         ] GC(3609)     Region Register: 0.2ms
[173.398s][debug][gc,phases         ] GC(3609)     Prepare Heap Roots: 0.0ms
[173.398s][info ][gc,phases         ] GC(3609)   Merge Heap Roots: 0.2ms
[173.398s][debug][gc,phases         ] GC(3609)     Prepare Merge Heap Roots: 0.0ms
[173.398s][debug][gc,phases         ] GC(3609)     Eager Reclaim (ms):       skipped
[173.398s][debug][gc,phases         ] GC(3609)     Remembered Sets (ms):     Min:  0.0, Avg:  0.0, Max:  0.1, Diff:  0.0, Sum:  0.3, Workers: 8
[173.398s][debug][gc,phases         ] GC(3609)       Merged Sparse:            Min: 0, Avg:  0.0, Max: 0, Diff: 0, Sum: 0, Workers: 8
[173.398s][debug][gc,phases         ] GC(3609)       Merged Fine:              Min: 0, Avg:  0.0, Max: 0, Diff: 0, Sum: 0, Workers: 8
[173.398s][debug][gc,phases         ] GC(3609)       Merged Coarse:            Min: 0, Avg:  0.0, Max: 0, Diff: 0, Sum: 0, Workers: 8
[173.398s][debug][gc,phases         ] GC(3609)       Dirty Cards:              Min: 0, Avg:  0.0, Max: 0, Diff: 0, Sum: 0, Workers: 8
[173.398s][debug][gc,phases         ] GC(3609)     Hot Card Cache (ms):      Min:  0.0, Avg:  0.0, Max:  0.0, Diff:  0.0, Sum:  0.0, Workers: 8
[173.398s][debug][gc,phases         ] GC(3609)       Dirty Cards:              Min: 0, Avg:  0.0, Max: 0, Diff: 0, Sum: 0, Workers: 8
[173.398s][debug][gc,phases         ] GC(3609)       Skipped Cards:            Min: 0, Avg:  0.0, Max: 0, Diff: 0, Sum: 0, Workers: 8
[173.398s][debug][gc,phases         ] GC(3609)     Log Buffers (ms):         Min:  0.0, Avg:  0.0, Max:  0.0, Diff:  0.0, Sum:  0.0, Workers: 8
[173.398s][debug][gc,phases         ] GC(3609)       Dirty Cards:              Min: 0, Avg:  0.1, Max: 1, Diff: 1, Sum: 1, Workers: 8
[173.398s][debug][gc,phases         ] GC(3609)       Skipped Cards:            Min: 0, Avg:  0.0, Max: 0, Diff: 0, Sum: 0, Workers: 8
[173.398s][info ][gc,phases         ] GC(3609)   Evacuate Collection Set: 0.5ms
[173.398s][debug][gc,phases         ] GC(3609)     Ext Root Scanning (ms):   Min:  0.0, Avg:  0.3, Max:  0.4, Diff:  0.4, Sum:  2.2, Workers: 8
[173.398s][debug][gc,phases         ] GC(3609)     Scan Heap Roots (ms):     Min:  0.0, Avg:  0.0, Max:  0.0, Diff:  0.0, Sum:  0.0, Workers: 8
[173.398s][debug][gc,phases         ] GC(3609)       Scanned Cards:            Min: 0, Avg:  0.1, Max: 1, Diff: 1, Sum: 1, Workers: 8
[173.398s][debug][gc,phases         ] GC(3609)       Scanned Blocks:           Min: 0, Avg:  0.1, Max: 1, Diff: 1, Sum: 1, Workers: 8
[173.398s][debug][gc,phases         ] GC(3609)       Claimed Chunks:           Min: 0, Avg:  0.1, Max: 1, Diff: 1, Sum: 1, Workers: 8
[173.398s][debug][gc,phases         ] GC(3609)     Code Root Scan (ms):      Min:  0.0, Avg:  0.0, Max:  0.0, Diff:  0.0, Sum:  0.2, Workers: 8
[173.398s][debug][gc,phases         ] GC(3609)     Object Copy (ms):         Min:  0.0, Avg:  0.0, Max:  0.0, Diff:  0.0, Sum:  0.0, Workers: 8
[173.398s][debug][gc,phases         ] GC(3609)     Termination (ms):         Min:  0.0, Avg:  0.1, Max:  0.1, Diff:  0.0, Sum:  0.6, Workers: 8
[173.398s][debug][gc,phases         ] GC(3609)       Termination Attempts:     Min: 1, Avg:  1.0, Max: 1, Diff: 0, Sum: 8, Workers: 8
[173.398s][debug][gc,phases         ] GC(3609)     GC Worker Other (ms):     Min:  0.0, Avg:  0.1, Max:  0.1, Diff:  0.1, Sum:  0.4, Workers: 8
[173.398s][debug][gc,phases         ] GC(3609)     GC Worker Total (ms):     Min:  0.1, Avg:  0.4, Max:  0.5, Diff:  0.4, Sum:  3.5, Workers: 8
[173.398s][info ][gc,phases         ] GC(3609)   Post Evacuate Collection Set: 0.9ms
[173.398s][debug][gc,phases         ] GC(3609)     Code Roots Fixup: 0.1ms
[173.398s][debug][gc,phases         ] GC(3609)     Clear Card Table: 0.3ms
[173.398s][debug][gc,phases         ] GC(3609)     Reference Processing: 0.1ms
[173.398s][debug][gc,phases,ref     ] GC(3609)       Reconsider SoftReferences: 0.1ms
[173.398s][debug][gc,phases,ref     ] GC(3609)         SoftRef (ms):             skipped
[173.398s][debug][gc,phases,ref     ] GC(3609)       Notify Soft/WeakReferences: 0.0ms
[173.398s][debug][gc,phases,ref     ] GC(3609)         SoftRef (ms):             skipped
[173.398s][debug][gc,phases,ref     ] GC(3609)         WeakRef (ms):             skipped
[173.398s][debug][gc,phases,ref     ] GC(3609)         FinalRef (ms):            skipped
[173.398s][debug][gc,phases,ref     ] GC(3609)         Total (ms):               skipped
[173.398s][debug][gc,phases,ref     ] GC(3609)       Notify and keep alive finalizable: 0.0ms
[173.398s][debug][gc,phases,ref     ] GC(3609)         FinalRef (ms):            skipped
[173.399s][debug][gc,phases,ref     ] GC(3609)       Notify PhantomReferences: 0.0ms
[173.399s][debug][gc,phases,ref     ] GC(3609)         PhantomRef (ms):          skipped
[173.399s][debug][gc,phases,ref     ] GC(3609)       SoftReference:
[173.399s][debug][gc,phases,ref     ] GC(3609)         Discovered: 0
[173.399s][debug][gc,phases,ref     ] GC(3609)         Cleared: 0
[173.399s][debug][gc,phases,ref     ] GC(3609)       WeakReference:
[173.399s][debug][gc,phases,ref     ] GC(3609)         Discovered: 0
[173.399s][debug][gc,phases,ref     ] GC(3609)         Cleared: 0
[173.399s][debug][gc,phases,ref     ] GC(3609)       FinalReference:
[173.399s][debug][gc,phases,ref     ] GC(3609)         Discovered: 0
[173.399s][debug][gc,phases,ref     ] GC(3609)         Cleared: 0
[173.399s][debug][gc,phases,ref     ] GC(3609)       PhantomReference:
[173.399s][debug][gc,phases,ref     ] GC(3609)         Discovered: 0
[173.399s][debug][gc,phases,ref     ] GC(3609)         Cleared: 0
[173.399s][debug][gc,phases         ] GC(3609)     Weak Processing: 0.0ms
[173.399s][debug][gc,phases         ] GC(3609)       JVMTI weak processing: 0.0ms
[173.399s][debug][gc,phases         ] GC(3609)         Dead: 0
[173.399s][debug][gc,phases         ] GC(3609)         Total: 0
[173.399s][debug][gc,phases         ] GC(3609)       JFR weak processing: 0.0ms
[173.399s][debug][gc,phases         ] GC(3609)         Dead: 0
[173.399s][debug][gc,phases         ] GC(3609)         Total: 0
[173.399s][debug][gc,phases         ] GC(3609)       JNI weak                  Min:  0.0, Avg:  0.0, Max:  0.0, Diff:  0.0, Sum:  0.0, Workers: 5
[173.399s][debug][gc,phases         ] GC(3609)         Dead                      Min: 0, Avg:  0.0, Max: 0, Diff: 0, Sum: 0, Workers: 5
[173.399s][debug][gc,phases         ] GC(3609)         Total                     Min: 0, Avg: 25.6, Max: 64, Diff: 64, Sum: 128, Workers: 5
[173.399s][debug][gc,phases         ] GC(3609)       VM weak                   Min:  0.0, Avg:  0.0, Max:  0.0, Diff:  0.0, Sum:  0.0, Workers: 5
[173.399s][debug][gc,phases         ] GC(3609)         Dead                      Min: 0, Avg:  0.0, Max: 0, Diff: 0, Sum: 0, Workers: 5
[173.399s][debug][gc,phases         ] GC(3609)         Total                     Min: 0, Avg: 42.4, Max: 64, Diff: 64, Sum: 212, Workers: 5
[173.399s][debug][gc,phases         ] GC(3609)       StringTable weak          Min:  0.0, Avg:  0.0, Max:  0.0, Diff:  0.0, Sum:  0.1, Workers: 5
[173.399s][debug][gc,phases         ] GC(3609)         Dead                      Min: 0, Avg:  0.0, Max: 0, Diff: 0, Sum: 0, Workers: 5
[173.399s][debug][gc,phases         ] GC(3609)         Total                     Min: 615, Avg: 686.2, Max: 768, Diff: 153, Sum: 3431, Workers: 5
[173.399s][debug][gc,phases         ] GC(3609)       ResolvedMethodTable weak  Min:  0.0, Avg:  0.0, Max:  0.0, Diff:  0.0, Sum:  0.0, Workers: 5
[173.399s][debug][gc,phases         ] GC(3609)         Dead                      Min: 0, Avg:  0.0, Max: 0, Diff: 0, Sum: 0, Workers: 5
[173.399s][debug][gc,phases         ] GC(3609)         Total                     Min: 64, Avg: 114.6, Max: 128, Diff: 64, Sum: 573, Workers: 5
[173.399s][debug][gc,phases         ] GC(3609)     Merge Per-Thread State: 0.0ms
[173.399s][debug][gc,phases         ] GC(3609)       Copied Bytes              Min: 0, Avg: 500324.0, Max: 800496, Diff: 800496, Sum: 4002592, Workers: 8
[173.399s][debug][gc,phases         ] GC(3609)       LAB Waste                 Min: 0, Avg:  0.0, Max: 0, Diff: 0, Sum: 0, Workers: 8
[173.399s][debug][gc,phases         ] GC(3609)       LAB Undo Waste            Min: 0, Avg:  0.0, Max: 0, Diff: 0, Sum: 0, Workers: 8
[173.399s][debug][gc,phases         ] GC(3609)     Code Roots Purge: 0.0ms
[173.399s][debug][gc,phases         ] GC(3609)     Redirty Cards: 0.0ms
[173.399s][debug][gc,phases         ] GC(3609)     DerivedPointerTable Update: 0.0ms
[173.399s][debug][gc,phases         ] GC(3609)     Free Collection Set: 0.3ms
[173.399s][debug][gc,phases         ] GC(3609)     Rebuild Free List: 0.1ms
[173.399s][debug][gc,phases         ] GC(3609)     Humongous Reclaim: 0.0ms
[173.399s][debug][gc,phases         ] GC(3609)     Start New Collection Set: 0.0ms
[173.399s][debug][gc,phases         ] GC(3609)     Resize TLABs: 0.0ms
[173.399s][debug][gc,phases         ] GC(3609)     Expand Heap After Collection: 0.0ms
[173.399s][info ][gc,phases         ] GC(3609)   Other: 0.5ms
[173.399s][info ][gc,heap           ] GC(3609) Eden regions: 870->0(868)
[173.399s][info ][gc,heap           ] GC(3609) Survivor regions: 3->5(110)
[173.399s][info ][gc,heap           ] GC(3609) Old regions: 17->17
[173.399s][info ][gc,heap           ] GC(3609) Archive regions: 2->2
[173.399s][info ][gc,heap           ] GC(3609) Humongous regions: 0->0
[173.399s][info ][gc,metaspace      ] GC(3609) Metaspace: 10069K(10624K)->10069K(10624K) NonClass: 8921K(9216K)->8921K(9216K) Class: 1148K(1408K)->1148K(1408K)
[173.399s][debug][gc,heap           ] GC(3609) Heap after GC invocations=3610 (full 1): garbage-first heap   total 1490944K, used 22332K [0x0000000700000000, 0x0000000800000000)
[173.399s][debug][gc,heap           ] GC(3609)   region size 1024K, 5 young (5120K), 5 survivors (5120K)
[173.399s][debug][gc,heap           ] GC(3609)  Metaspace       used 10069K, capacity 10368K, committed 10624K, reserved 1058816K
[173.399s][debug][gc,heap           ] GC(3609)   class space    used 1148K, capacity 1266K, committed 1408K, reserved 1048576K
[173.399s][info ][gc                ] GC(3609) Pause Young (Normal) (G1 Evacuation Pause) 889M->21M(1456M) 2.854ms
[173.399s][info ][gc,cpu            ] GC(3609) User=0.00s Sys=0.01s Real=0.01s
[173.399s][info ][safepoint         ] Safepoint "G1CollectForAllocation", Time since last: 46124211 ns, Reaching safepoint: 150026 ns, At safepoint: 3170108 ns, Total: 3320134 ns
[173.450s][debug][gc,heap           ] GC(3610) Heap before GC invocations=3610 (full 1): garbage-first heap   total 1490944K, used 910140K [0x0000000700000000, 0x0000000800000000)
[173.450s][debug][gc,heap           ] GC(3610)   region size 1024K, 873 young (893952K), 5 survivors (5120K)
[173.450s][debug][gc,heap           ] GC(3610)  Metaspace       used 10069K, capacity 10368K, committed 10624K, reserved 1058816K
[173.450s][debug][gc,heap           ] GC(3610)   class space    used 1148K, capacity 1266K, committed 1408K, reserved 1048576K
[173.450s][info ][gc,start          ] GC(3610) Pause Young (Normal) (G1 Evacuation Pause)
[173.450s][info ][gc,task           ] GC(3610) Using 8 workers of 8 for evacuation
[173.450s][debug][gc,tlab           ] GC(3610) TLAB totals: thrds: 8  refills: 17 max: 3 slow allocs: 1729 max 276 waste: 26.6% gc: 1192952B max: 243096B slow: 74768B max: 15488B fast: 0B max: 0B
[173.450s][debug][gc,age            ] GC(3610) Desired survivor size 57671680 bytes, new threshold 15 (max threshold 15)
[173.450s][debug][gc,alloc,region   ] GC(3610) Mutator Allocation stats, regions: 868, wasted size: 203M (23.4%)
[173.450s][debug][gc,ergo           ] GC(3610) Running G1 Merge Heap Roots using 8 workers for 873 regions
[173.450s][debug][gc,remset         ] GC(3610) Visited cards 512 Total dirty 4096 (12.50%) Total old 3614720 (0.01%)
[173.451s][debug][gc,ergo           ] GC(3610) Running G1 Clear Card Table Task using 2 workers for 2 units of work for 875 regions.
[173.451s][debug][gc,ref            ] GC(3610) Skipped phase1 of Reference Processing due to unavailable references
[173.451s][debug][gc,ref            ] GC(3610) Skipped phase2 of Reference Processing due to unavailable references
[173.451s][debug][gc,ref            ] GC(3610) Skipped phase3 of Reference Processing due to unavailable references
[173.451s][debug][gc,ref            ] GC(3610) Skipped phase4 of Reference Processing due to unavailable references
[173.451s][debug][gc,ergo           ] GC(3610) Running G1 Free Collection Set using 8 workers for collection set length 873 (1456)
[173.451s][debug][gc,ergo           ] GC(3610) Running G1 Rebuild Free List Task using 8 workers for rebuilding free list of 0 (4096) regions
[173.451s][trace][gc,age            ] GC(3610) Age table with threshold 15 (max threshold 15)
[173.451s][trace][gc,age            ] GC(3610) - age   1:    2402544 bytes,    2402544 total
[173.451s][debug][gc,plab           ] GC(3610) Young PLAB allocation: allocated: 16512B, wasted: 0B, unused: 14064B, used: 2448B, undo waste: 0B, 
[173.451s][debug][gc,plab           ] GC(3610) Young other allocation: region end waste: 482640B, regions filled: 3, direct allocated: 2400096B, failure used: 0B, failure wasted: 0B
[173.451s][debug][gc,plab           ] GC(3610) Young sizing: calculated: 0B, actual: 2064B
[173.451s][debug][gc,plab           ] GC(3610) Old PLAB allocation: allocated: 0B, wasted: 0B, unused: 0B, used: 0B, undo waste: 0B, 
[173.451s][debug][gc,plab           ] GC(3610) Old other allocation: region end waste: 0B, regions filled: 1, direct allocated: 0B, failure used: 0B, failure wasted: 0B
[173.451s][debug][gc,plab           ] GC(3610) Old sizing: calculated: 0B, actual: 2064B
[173.451s][debug][gc,ihop           ] GC(3610) Basic information (value update), threshold: 687026995B (45.00), target occupancy: 1526726656B, current occupancy: 20769072B, recent allocation size: 0B, recent allocation duration: 51.66ms, recent old gen allocation rate: 0.00B/s, recent marking phase length: 29.01ms
[173.451s][debug][gc,ihop           ] GC(3610) Adaptive IHOP information (value update), threshold: 687026995B (47.37), internal target occupancy: 1450390323B, occupancy: 20769072B, additional buffer size: 915406848B, predicted old gen allocation rate: 3342.41B/s, predicted marking phase length: 58.01ms, prediction active: false
[173.451s][debug][gc,ergo,refine    ] GC(3610) Concurrent refinement times: Logged Cards Scan time goal: 20.00ms Logged Cards Scan time: 0.00ms HCC time: 0.00ms
[173.451s][debug][gc,ergo,refine    ] GC(3610) Updated Refinement Zones: green: 2048, yellow: 6144, red: 10240
[173.451s][info ][gc,phases         ] GC(3610)   Pre Evacuate Collection Set: 0.1ms
[173.451s][debug][gc,phases         ] GC(3610)     Prepare TLABs: 0.0ms
[173.451s][debug][gc,phases         ] GC(3610)     Choose Collection Set: 0.0ms
[173.451s][debug][gc,phases         ] GC(3610)     Region Register: 0.1ms
[173.451s][debug][gc,phases         ] GC(3610)     Prepare Heap Roots: 0.0ms
[173.451s][info ][gc,phases         ] GC(3610)   Merge Heap Roots: 0.2ms
[173.451s][debug][gc,phases         ] GC(3610)     Prepare Merge Heap Roots: 0.0ms
[173.451s][debug][gc,phases         ] GC(3610)     Eager Reclaim (ms):       skipped
[173.451s][debug][gc,phases         ] GC(3610)     Remembered Sets (ms):     Min:  0.0, Avg:  0.1, Max:  0.1, Diff:  0.0, Sum:  0.4, Workers: 8
[173.451s][debug][gc,phases         ] GC(3610)       Merged Sparse:            Min: 0, Avg:  0.0, Max: 0, Diff: 0, Sum: 0, Workers: 8
[173.451s][debug][gc,phases         ] GC(3610)       Merged Fine:              Min: 0, Avg:  0.0, Max: 0, Diff: 0, Sum: 0, Workers: 8
[173.451s][debug][gc,phases         ] GC(3610)       Merged Coarse:            Min: 0, Avg:  0.0, Max: 0, Diff: 0, Sum: 0, Workers: 8
[173.451s][debug][gc,phases         ] GC(3610)       Dirty Cards:              Min: 0, Avg:  0.0, Max: 0, Diff: 0, Sum: 0, Workers: 8
[173.451s][debug][gc,phases         ] GC(3610)     Hot Card Cache (ms):      Min:  0.0, Avg:  0.0, Max:  0.0, Diff:  0.0, Sum:  0.0, Workers: 8
[173.451s][debug][gc,phases         ] GC(3610)       Dirty Cards:              Min: 0, Avg:  0.0, Max: 0, Diff: 0, Sum: 0, Workers: 8
[173.451s][debug][gc,phases         ] GC(3610)       Skipped Cards:            Min: 0, Avg:  0.0, Max: 0, Diff: 0, Sum: 0, Workers: 8
[173.451s][debug][gc,phases         ] GC(3610)     Log Buffers (ms):         Min:  0.0, Avg:  0.0, Max:  0.0, Diff:  0.0, Sum:  0.0, Workers: 8
[173.451s][debug][gc,phases         ] GC(3610)       Dirty Cards:              Min: 0, Avg:  0.2, Max: 2, Diff: 2, Sum: 2, Workers: 8
[173.451s][debug][gc,phases         ] GC(3610)       Skipped Cards:            Min: 0, Avg:  0.0, Max: 0, Diff: 0, Sum: 0, Workers: 8
[173.451s][info ][gc,phases         ] GC(3610)   Evacuate Collection Set: 0.4ms
[173.451s][debug][gc,phases         ] GC(3610)     Ext Root Scanning (ms):   Min:  0.0, Avg:  0.2, Max:  0.2, Diff:  0.2, Sum:  1.4, Workers: 8
[173.451s][debug][gc,phases         ] GC(3610)     Scan Heap Roots (ms):     Min:  0.0, Avg:  0.0, Max:  0.0, Diff:  0.0, Sum:  0.0, Workers: 8
[173.451s][debug][gc,phases         ] GC(3610)       Scanned Cards:            Min: 0, Avg:  0.2, Max: 2, Diff: 2, Sum: 2, Workers: 8
[173.451s][debug][gc,phases         ] GC(3610)       Scanned Blocks:           Min: 0, Avg:  0.2, Max: 2, Diff: 2, Sum: 2, Workers: 8
[173.451s][debug][gc,phases         ] GC(3610)       Claimed Chunks:           Min: 0, Avg:  0.2, Max: 2, Diff: 2, Sum: 2, Workers: 8
[173.451s][debug][gc,phases         ] GC(3610)     Code Root Scan (ms):      Min:  0.0, Avg:  0.0, Max:  0.0, Diff:  0.0, Sum:  0.2, Workers: 8
[173.452s][debug][gc,phases         ] GC(3610)     Object Copy (ms):         Min:  0.0, Avg:  0.0, Max:  0.0, Diff:  0.0, Sum:  0.0, Workers: 8
[173.452s][debug][gc,phases         ] GC(3610)     Termination (ms):         Min:  0.1, Avg:  0.1, Max:  0.1, Diff:  0.0, Sum:  0.6, Workers: 8
[173.452s][debug][gc,phases         ] GC(3610)       Termination Attempts:     Min: 1, Avg:  1.0, Max: 1, Diff: 0, Sum: 8, Workers: 8
[173.452s][debug][gc,phases         ] GC(3610)     GC Worker Other (ms):     Min:  0.0, Avg:  0.1, Max:  0.1, Diff:  0.0, Sum:  0.4, Workers: 8
[173.452s][debug][gc,phases         ] GC(3610)     GC Worker Total (ms):     Min:  0.2, Avg:  0.3, Max:  0.4, Diff:  0.2, Sum:  2.6, Workers: 8
[173.452s][info ][gc,phases         ] GC(3610)   Post Evacuate Collection Set: 0.6ms
[173.452s][debug][gc,phases         ] GC(3610)     Code Roots Fixup: 0.0ms
[173.452s][debug][gc,phases         ] GC(3610)     Clear Card Table: 0.2ms
[173.452s][debug][gc,phases         ] GC(3610)     Reference Processing: 0.0ms
[173.452s][debug][gc,phases,ref     ] GC(3610)       Reconsider SoftReferences: 0.0ms
[173.452s][debug][gc,phases,ref     ] GC(3610)         SoftRef (ms):             skipped
[173.452s][debug][gc,phases,ref     ] GC(3610)       Notify Soft/WeakReferences: 0.0ms
[173.452s][debug][gc,phases,ref     ] GC(3610)         SoftRef (ms):             skipped
[173.452s][debug][gc,phases,ref     ] GC(3610)         WeakRef (ms):             skipped
[173.452s][debug][gc,phases,ref     ] GC(3610)         FinalRef (ms):            skipped
[173.452s][debug][gc,phases,ref     ] GC(3610)         Total (ms):               skipped
[173.452s][debug][gc,phases,ref     ] GC(3610)       Notify and keep alive finalizable: 0.0ms
[173.452s][debug][gc,phases,ref     ] GC(3610)         FinalRef (ms):            skipped
[173.452s][debug][gc,phases,ref     ] GC(3610)       Notify PhantomReferences: 0.0ms
[173.452s][debug][gc,phases,ref     ] GC(3610)         PhantomRef (ms):          skipped
[173.452s][debug][gc,phases,ref     ] GC(3610)       SoftReference:
[173.452s][debug][gc,phases,ref     ] GC(3610)         Discovered: 0
[173.452s][debug][gc,phases,ref     ] GC(3610)         Cleared: 0
[173.452s][debug][gc,phases,ref     ] GC(3610)       WeakReference:
[173.452s][debug][gc,phases,ref     ] GC(3610)         Discovered: 0
[173.452s][debug][gc,phases,ref     ] GC(3610)         Cleared: 0
[173.452s][debug][gc,phases,ref     ] GC(3610)       FinalReference:
[173.452s][debug][gc,phases,ref     ] GC(3610)         Discovered: 0
[173.452s][debug][gc,phases,ref     ] GC(3610)         Cleared: 0
[173.452s][debug][gc,phases,ref     ] GC(3610)       PhantomReference:
[173.452s][debug][gc,phases,ref     ] GC(3610)         Discovered: 0
[173.452s][debug][gc,phases,ref     ] GC(3610)         Cleared: 0
[173.452s][debug][gc,phases         ] GC(3610)     Weak Processing: 0.1ms
[173.452s][debug][gc,phases         ] GC(3610)       JVMTI weak processing: 0.0ms
[173.452s][debug][gc,phases         ] GC(3610)         Dead: 0
[173.452s][debug][gc,phases         ] GC(3610)         Total: 0
[173.452s][debug][gc,phases         ] GC(3610)       JFR weak processing: 0.0ms
[173.452s][debug][gc,phases         ] GC(3610)         Dead: 0
[173.452s][debug][gc,phases         ] GC(3610)         Total: 0
[173.452s][debug][gc,phases         ] GC(3610)       JNI weak                  Min:  0.0, Avg:  0.0, Max:  0.0, Diff:  0.0, Sum:  0.0, Workers: 5
[173.452s][debug][gc,phases         ] GC(3610)         Dead                      Min: 0, Avg:  0.0, Max: 0, Diff: 0, Sum: 0, Workers: 5
[173.452s][debug][gc,phases         ] GC(3610)         Total                     Min: 0, Avg: 25.6, Max: 64, Diff: 64, Sum: 128, Workers: 5
[173.452s][debug][gc,phases         ] GC(3610)       VM weak                   Min:  0.0, Avg:  0.0, Max:  0.0, Diff:  0.0, Sum:  0.0, Workers: 5
[173.452s][debug][gc,phases         ] GC(3610)         Dead                      Min: 0, Avg:  0.0, Max: 0, Diff: 0, Sum: 0, Workers: 5
[173.452s][debug][gc,phases         ] GC(3610)         Total                     Min: 0, Avg: 42.4, Max: 84, Diff: 84, Sum: 212, Workers: 5
[173.452s][debug][gc,phases         ] GC(3610)       StringTable weak          Min:  0.0, Avg:  0.0, Max:  0.0, Diff:  0.0, Sum:  0.1, Workers: 5
[173.452s][debug][gc,phases         ] GC(3610)         Dead                      Min: 0, Avg:  0.0, Max: 0, Diff: 0, Sum: 0, Workers: 5
[173.452s][debug][gc,phases         ] GC(3610)         Total                     Min: 0, Avg: 686.2, Max: 896, Diff: 896, Sum: 3431, Workers: 5
[173.452s][debug][gc,phases         ] GC(3610)       ResolvedMethodTable weak  Min:  0.0, Avg:  0.0, Max:  0.0, Diff:  0.0, Sum:  0.0, Workers: 5
[173.452s][debug][gc,phases         ] GC(3610)         Dead                      Min: 0, Avg:  0.0, Max: 0, Diff: 0, Sum: 0, Workers: 5
[173.452s][debug][gc,phases         ] GC(3610)         Total                     Min: 0, Avg: 114.6, Max: 189, Diff: 189, Sum: 573, Workers: 5
[173.452s][debug][gc,phases         ] GC(3610)     Merge Per-Thread State: 0.0ms
[173.452s][debug][gc,phases         ] GC(3610)       Copied Bytes              Min: 144, Avg: 300318.0, Max: 400968, Diff: 400824, Sum: 2402544, Workers: 8
[173.452s][debug][gc,phases         ] GC(3610)       LAB Waste                 Min: 0, Avg:  0.0, Max: 0, Diff: 0, Sum: 0, Workers: 8
[173.452s][debug][gc,phases         ] GC(3610)       LAB Undo Waste            Min: 0, Avg:  0.0, Max: 0, Diff: 0, Sum: 0, Workers: 8
[173.452s][debug][gc,phases         ] GC(3610)     Code Roots Purge: 0.0ms
[173.452s][debug][gc,phases         ] GC(3610)     Redirty Cards: 0.0ms
[173.452s][debug][gc,phases         ] GC(3610)     DerivedPointerTable Update: 0.0ms
[173.452s][debug][gc,phases         ] GC(3610)     Free Collection Set: 0.2ms
[173.452s][debug][gc,phases         ] GC(3610)     Rebuild Free List: 0.1ms
[173.452s][debug][gc,phases         ] GC(3610)     Humongous Reclaim: 0.0ms
[173.452s][debug][gc,phases         ] GC(3610)     Start New Collection Set: 0.0ms
[173.452s][debug][gc,phases         ] GC(3610)     Resize TLABs: 0.0ms
[173.452s][debug][gc,phases         ] GC(3610)     Expand Heap After Collection: 0.0ms
[173.452s][info ][gc,phases         ] GC(3610)   Other: 0.4ms
[173.452s][info ][gc,heap           ] GC(3610) Eden regions: 868->0(870)
[173.452s][info ][gc,heap           ] GC(3610) Survivor regions: 5->3(110)
[173.452s][info ][gc,heap           ] GC(3610) Old regions: 17->17
[173.452s][info ][gc,heap           ] GC(3610) Archive regions: 2->2
[173.452s][info ][gc,heap           ] GC(3610) Humongous regions: 0->0
[173.452s][info ][gc,metaspace      ] GC(3610) Metaspace: 10069K(10624K)->10069K(10624K) NonClass: 8921K(9216K)->8921K(9216K) Class: 1148K(1408K)->1148K(1408K)
[173.452s][debug][gc,heap           ] GC(3610) Heap after GC invocations=3611 (full 1): garbage-first heap   total 1490944K, used 20282K [0x0000000700000000, 0x0000000800000000)
[173.452s][debug][gc,heap           ] GC(3610)   region size 1024K, 3 young (3072K), 3 survivors (3072K)
[173.452s][debug][gc,heap           ] GC(3610)  Metaspace       used 10069K, capacity 10368K, committed 10624K, reserved 1058816K
[173.452s][debug][gc,heap           ] GC(3610)   class space    used 1148K, capacity 1266K, committed 1408K, reserved 1048576K
[173.452s][info ][gc                ] GC(3610) Pause Young (Normal) (G1 Evacuation Pause) 889M->19M(1456M) 2.329ms
[173.452s][info ][gc,cpu            ] GC(3610) User=0.00s Sys=0.00s Real=0.00s
[173.452s][info ][safepoint         ] Safepoint "G1CollectForAllocation", Time since last: 50369574 ns, Reaching safepoint: 119699 ns, At safepoint: 2555741 ns, Total: 2675440 ns
[173.497s][debug][gc,heap           ] GC(3611) Heap before GC invocations=3611 (full 1): garbage-first heap   total 1490944K, used 910138K [0x0000000700000000, 0x0000000800000000)
[173.497s][debug][gc,heap           ] GC(3611)   region size 1024K, 873 young (893952K), 3 survivors (3072K)
[173.498s][debug][gc,heap           ] GC(3611)  Metaspace       used 10069K, capacity 10368K, committed 10624K, reserved 1058816K
[173.498s][debug][gc,heap           ] GC(3611)   class space    used 1148K, capacity 1266K, committed 1408K, reserved 1048576K
[173.498s][info ][gc,start          ] GC(3611) Pause Young (Normal) (G1 Evacuation Pause)
[173.498s][info ][gc,task           ] GC(3611) Using 8 workers of 8 for evacuation
[173.498s][debug][gc,tlab           ] GC(3611) TLAB totals: thrds: 8  refills: 11 max: 2 slow allocs: 1736 max 249 waste: 27.9% gc: 861384B max: 229584B slow: 29864B max: 14304B fast: 0B max: 0B
[173.498s][debug][gc,age            ] GC(3611) Desired survivor size 57671680 bytes, new threshold 15 (max threshold 15)
[173.498s][debug][gc,alloc,region   ] GC(3611) Mutator Allocation stats, regions: 870, wasted size: 204M (23.5%)
[173.498s][debug][gc,ergo           ] GC(3611) Running G1 Merge Heap Roots using 8 workers for 873 regions
[173.498s][debug][gc,remset         ] GC(3611) Visited cards 256 Total dirty 2048 (12.50%) Total old 3614720 (0.01%)
[173.498s][debug][gc,ergo           ] GC(3611) Running G1 Clear Card Table Task using 2 workers for 2 units of work for 874 regions.
[173.499s][debug][gc,ref            ] GC(3611) Skipped phase1 of Reference Processing due to unavailable references
[173.499s][debug][gc,ref            ] GC(3611) Skipped phase2 of Reference Processing due to unavailable references
[173.499s][debug][gc,ref            ] GC(3611) Skipped phase3 of Reference Processing due to unavailable references
[173.499s][debug][gc,ref            ] GC(3611) Skipped phase4 of Reference Processing due to unavailable references
[173.499s][debug][gc,ergo           ] GC(3611) Running G1 Free Collection Set using 8 workers for collection set length 873 (1456)
[173.499s][debug][gc,ergo           ] GC(3611) Running G1 Rebuild Free List Task using 8 workers for rebuilding free list of 0 (4096) regions
[173.499s][trace][gc,age            ] GC(3611) Age table with threshold 15 (max threshold 15)
[173.499s][trace][gc,age            ] GC(3611) - age   1:    3202560 bytes,    3202560 total
[173.499s][debug][gc,plab           ] GC(3611) Young PLAB allocation: allocated: 16512B, wasted: 0B, unused: 14064B, used: 2448B, undo waste: 0B, 
[173.499s][debug][gc,plab           ] GC(3611) Young other allocation: region end waste: 731184B, regions filled: 4, direct allocated: 3200112B, failure used: 0B, failure wasted: 0B
[173.499s][debug][gc,plab           ] GC(3611) Young sizing: calculated: 0B, actual: 2064B
[173.499s][debug][gc,plab           ] GC(3611) Old PLAB allocation: allocated: 0B, wasted: 0B, unused: 0B, used: 0B, undo waste: 0B, 
[173.499s][debug][gc,plab           ] GC(3611) Old other allocation: region end waste: 0B, regions filled: 1, direct allocated: 0B, failure used: 0B, failure wasted: 0B
[173.499s][debug][gc,plab           ] GC(3611) Old sizing: calculated: 0B, actual: 2064B
[173.499s][debug][gc,ihop           ] GC(3611) Basic information (value update), threshold: 687026995B (45.00), target occupancy: 1526726656B, current occupancy: 21817632B, recent allocation size: 0B, recent allocation duration: 46.34ms, recent old gen allocation rate: 0.00B/s, recent marking phase length: 29.01ms
[173.499s][debug][gc,ihop           ] GC(3611) Adaptive IHOP information (value update), threshold: 687026995B (47.37), internal target occupancy: 1450390323B, occupancy: 21817632B, additional buffer size: 915406848B, predicted old gen allocation rate: 3254.38B/s, predicted marking phase length: 58.01ms, prediction active: false
[173.499s][debug][gc,ergo,refine    ] GC(3611) Concurrent refinement times: Logged Cards Scan time goal: 20.00ms Logged Cards Scan time: 0.00ms HCC time: 0.00ms
[173.499s][debug][gc,ergo,refine    ] GC(3611) Updated Refinement Zones: green: 2048, yellow: 6144, red: 10240
[173.499s][info ][gc,phases         ] GC(3611)   Pre Evacuate Collection Set: 0.2ms
[173.499s][debug][gc,phases         ] GC(3611)     Prepare TLABs: 0.0ms
[173.499s][debug][gc,phases         ] GC(3611)     Choose Collection Set: 0.0ms
[173.499s][debug][gc,phases         ] GC(3611)     Region Register: 0.2ms
[173.499s][debug][gc,phases         ] GC(3611)     Prepare Heap Roots: 0.0ms
[173.499s][info ][gc,phases         ] GC(3611)   Merge Heap Roots: 0.2ms
[173.499s][debug][gc,phases         ] GC(3611)     Prepare Merge Heap Roots: 0.0ms
[173.499s][debug][gc,phases         ] GC(3611)     Eager Reclaim (ms):       skipped
[173.499s][debug][gc,phases         ] GC(3611)     Remembered Sets (ms):     Min:  0.0, Avg:  0.0, Max:  0.1, Diff:  0.0, Sum:  0.4, Workers: 8
[173.499s][debug][gc,phases         ] GC(3611)       Merged Sparse:            Min: 0, Avg:  0.0, Max: 0, Diff: 0, Sum: 0, Workers: 8
[173.499s][debug][gc,phases         ] GC(3611)       Merged Fine:              Min: 0, Avg:  0.0, Max: 0, Diff: 0, Sum: 0, Workers: 8
[173.499s][debug][gc,phases         ] GC(3611)       Merged Coarse:            Min: 0, Avg:  0.0, Max: 0, Diff: 0, Sum: 0, Workers: 8
[173.499s][debug][gc,phases         ] GC(3611)       Dirty Cards:              Min: 0, Avg:  0.0, Max: 0, Diff: 0, Sum: 0, Workers: 8
[173.499s][debug][gc,phases         ] GC(3611)     Hot Card Cache (ms):      Min:  0.0, Avg:  0.0, Max:  0.0, Diff:  0.0, Sum:  0.0, Workers: 8
[173.499s][debug][gc,phases         ] GC(3611)       Dirty Cards:              Min: 0, Avg:  0.0, Max: 0, Diff: 0, Sum: 0, Workers: 8
[173.499s][debug][gc,phases         ] GC(3611)       Skipped Cards:            Min: 0, Avg:  0.0, Max: 0, Diff: 0, Sum: 0, Workers: 8
[173.499s][debug][gc,phases         ] GC(3611)     Log Buffers (ms):         Min:  0.0, Avg:  0.0, Max:  0.0, Diff:  0.0, Sum:  0.0, Workers: 8
[173.499s][debug][gc,phases         ] GC(3611)       Dirty Cards:              Min: 0, Avg:  0.1, Max: 1, Diff: 1, Sum: 1, Workers: 8
[173.499s][debug][gc,phases         ] GC(3611)       Skipped Cards:            Min: 0, Avg:  0.0, Max: 0, Diff: 0, Sum: 0, Workers: 8
[173.499s][info ][gc,phases         ] GC(3611)   Evacuate Collection Set: 0.4ms
[173.499s][debug][gc,phases         ] GC(3611)     Ext Root Scanning (ms):   Min:  0.1, Avg:  0.2, Max:  0.3, Diff:  0.2, Sum:  1.6, Workers: 8
[173.499s][debug][gc,phases         ] GC(3611)     Scan Heap Roots (ms):     Min:  0.0, Avg:  0.0, Max:  0.0, Diff:  0.0, Sum:  0.0, Workers: 8
[173.499s][debug][gc,phases         ] GC(3611)       Scanned Cards:            Min: 0, Avg:  0.1, Max: 1, Diff: 1, Sum: 1, Workers: 8
[173.499s][debug][gc,phases         ] GC(3611)       Scanned Blocks:           Min: 0, Avg:  0.1, Max: 1, Diff: 1, Sum: 1, Workers: 8
[173.499s][debug][gc,phases         ] GC(3611)       Claimed Chunks:           Min: 0, Avg:  0.1, Max: 1, Diff: 1, Sum: 1, Workers: 8
[173.499s][debug][gc,phases         ] GC(3611)     Code Root Scan (ms):      Min:  0.0, Avg:  0.0, Max:  0.1, Diff:  0.1, Sum:  0.2, Workers: 8
[173.499s][debug][gc,phases         ] GC(3611)     Object Copy (ms):         Min:  0.0, Avg:  0.0, Max:  0.0, Diff:  0.0, Sum:  0.0, Workers: 8
[173.499s][debug][gc,phases         ] GC(3611)     Termination (ms):         Min:  0.0, Avg:  0.1, Max:  0.1, Diff:  0.1, Sum:  0.6, Workers: 8
[173.499s][debug][gc,phases         ] GC(3611)       Termination Attempts:     Min: 1, Avg:  1.0, Max: 1, Diff: 0, Sum: 8, Workers: 8
[173.499s][debug][gc,phases         ] GC(3611)     GC Worker Other (ms):     Min:  0.0, Avg:  0.0, Max:  0.1, Diff:  0.1, Sum:  0.3, Workers: 8
[173.499s][debug][gc,phases         ] GC(3611)     GC Worker Total (ms):     Min:  0.3, Avg:  0.3, Max:  0.3, Diff:  0.0, Sum:  2.7, Workers: 8
[173.499s][info ][gc,phases         ] GC(3611)   Post Evacuate Collection Set: 0.6ms
[173.499s][debug][gc,phases         ] GC(3611)     Code Roots Fixup: 0.0ms
[173.499s][debug][gc,phases         ] GC(3611)     Clear Card Table: 0.2ms
[173.499s][debug][gc,phases         ] GC(3611)     Reference Processing: 0.0ms
[173.499s][debug][gc,phases,ref     ] GC(3611)       Reconsider SoftReferences: 0.0ms
[173.499s][debug][gc,phases,ref     ] GC(3611)         SoftRef (ms):             skipped
[173.499s][debug][gc,phases,ref     ] GC(3611)       Notify Soft/WeakReferences: 0.0ms
[173.499s][debug][gc,phases,ref     ] GC(3611)         SoftRef (ms):             skipped
[173.499s][debug][gc,phases,ref     ] GC(3611)         WeakRef (ms):             skipped
[173.499s][debug][gc,phases,ref     ] GC(3611)         FinalRef (ms):            skipped
[173.499s][debug][gc,phases,ref     ] GC(3611)         Total (ms):               skipped
[173.499s][debug][gc,phases,ref     ] GC(3611)       Notify and keep alive finalizable: 0.0ms
[173.499s][debug][gc,phases,ref     ] GC(3611)         FinalRef (ms):            skipped
[173.499s][debug][gc,phases,ref     ] GC(3611)       Notify PhantomReferences: 0.0ms
[173.499s][debug][gc,phases,ref     ] GC(3611)         PhantomRef (ms):          skipped
[173.499s][debug][gc,phases,ref     ] GC(3611)       SoftReference:
[173.499s][debug][gc,phases,ref     ] GC(3611)         Discovered: 0
[173.499s][debug][gc,phases,ref     ] GC(3611)         Cleared: 0
[173.499s][debug][gc,phases,ref     ] GC(3611)       WeakReference:
[173.499s][debug][gc,phases,ref     ] GC(3611)         Discovered: 0
[173.499s][debug][gc,phases,ref     ] GC(3611)         Cleared: 0
[173.499s][debug][gc,phases,ref     ] GC(3611)       FinalReference:
[173.499s][debug][gc,phases,ref     ] GC(3611)         Discovered: 0
[173.500s][debug][gc,phases,ref     ] GC(3611)         Cleared: 0
[173.500s][debug][gc,phases,ref     ] GC(3611)       PhantomReference:
[173.500s][debug][gc,phases,ref     ] GC(3611)         Discovered: 0
[173.500s][debug][gc,phases,ref     ] GC(3611)         Cleared: 0
[173.500s][debug][gc,phases         ] GC(3611)     Weak Processing: 0.1ms
[173.500s][debug][gc,phases         ] GC(3611)       JVMTI weak processing: 0.0ms
[173.500s][debug][gc,phases         ] GC(3611)         Dead: 0
[173.500s][debug][gc,phases         ] GC(3611)         Total: 0
[173.500s][debug][gc,phases         ] GC(3611)       JFR weak processing: 0.0ms
[173.500s][debug][gc,phases         ] GC(3611)         Dead: 0
[173.500s][debug][gc,phases         ] GC(3611)         Total: 0
[173.500s][debug][gc,phases         ] GC(3611)       JNI weak                  Min:  0.0, Avg:  0.0, Max:  0.0, Diff:  0.0, Sum:  0.0, Workers: 5
[173.500s][debug][gc,phases         ] GC(3611)         Dead                      Min: 0, Avg:  0.0, Max: 0, Diff: 0, Sum: 0, Workers: 5
[173.500s][debug][gc,phases         ] GC(3611)         Total                     Min: 0, Avg: 25.6, Max: 128, Diff: 128, Sum: 128, Workers: 5
[173.500s][debug][gc,phases         ] GC(3611)       VM weak                   Min:  0.0, Avg:  0.0, Max:  0.0, Diff:  0.0, Sum:  0.0, Workers: 5
[173.500s][debug][gc,phases         ] GC(3611)         Dead                      Min: 0, Avg:  0.0, Max: 0, Diff: 0, Sum: 0, Workers: 5
[173.500s][debug][gc,phases         ] GC(3611)         Total                     Min: 0, Avg: 42.4, Max: 84, Diff: 84, Sum: 212, Workers: 5
[173.500s][debug][gc,phases         ] GC(3611)       StringTable weak          Min:  0.0, Avg:  0.0, Max:  0.0, Diff:  0.0, Sum:  0.1, Workers: 5
[173.500s][debug][gc,phases         ] GC(3611)         Dead                      Min: 0, Avg:  0.0, Max: 0, Diff: 0, Sum: 0, Workers: 5
[173.500s][debug][gc,phases         ] GC(3611)         Total                     Min: 0, Avg: 686.2, Max: 935, Diff: 935, Sum: 3431, Workers: 5
[173.500s][debug][gc,phases         ] GC(3611)       ResolvedMethodTable weak  Min:  0.0, Avg:  0.0, Max:  0.0, Diff:  0.0, Sum:  0.0, Workers: 5
[173.500s][debug][gc,phases         ] GC(3611)         Dead                      Min: 0, Avg:  0.0, Max: 0, Diff: 0, Sum: 0, Workers: 5
[173.500s][debug][gc,phases         ] GC(3611)         Total                     Min: 0, Avg: 114.6, Max: 189, Diff: 189, Sum: 573, Workers: 5
[173.500s][debug][gc,phases         ] GC(3611)     Merge Per-Thread State: 0.0ms
[173.500s][debug][gc,phases         ] GC(3611)       Copied Bytes              Min: 72, Avg: 400320.0, Max: 800480, Diff: 800408, Sum: 3202560, Workers: 8
[173.500s][debug][gc,phases         ] GC(3611)       LAB Waste                 Min: 0, Avg:  0.0, Max: 0, Diff: 0, Sum: 0, Workers: 8
[173.500s][debug][gc,phases         ] GC(3611)       LAB Undo Waste            Min: 0, Avg:  0.0, Max: 0, Diff: 0, Sum: 0, Workers: 8
[173.500s][debug][gc,phases         ] GC(3611)     Code Roots Purge: 0.0ms
[173.500s][debug][gc,phases         ] GC(3611)     Redirty Cards: 0.0ms
[173.500s][debug][gc,phases         ] GC(3611)     DerivedPointerTable Update: 0.0ms
[173.500s][debug][gc,phases         ] GC(3611)     Free Collection Set: 0.2ms
[173.500s][debug][gc,phases         ] GC(3611)     Rebuild Free List: 0.1ms
[173.500s][debug][gc,phases         ] GC(3611)     Humongous Reclaim: 0.0ms
[173.500s][debug][gc,phases         ] GC(3611)     Start New Collection Set: 0.0ms
[173.500s][debug][gc,phases         ] GC(3611)     Resize TLABs: 0.0ms
[173.500s][debug][gc,phases         ] GC(3611)     Expand Heap After Collection: 0.0ms
[173.500s][info ][gc,phases         ] GC(3611)   Other: 0.4ms
[173.500s][info ][gc,heap           ] GC(3611) Eden regions: 870->0(869)
[173.500s][info ][gc,heap           ] GC(3611) Survivor regions: 3->4(110)
[173.500s][info ][gc,heap           ] GC(3611) Old regions: 17->17
[173.500s][info ][gc,heap           ] GC(3611) Archive regions: 2->2
[173.500s][info ][gc,heap           ] GC(3611) Humongous regions: 0->0
[173.500s][info ][gc,metaspace      ] GC(3611) Metaspace: 10069K(10624K)->10069K(10624K) NonClass: 8921K(9216K)->8921K(9216K) Class: 1148K(1408K)->1148K(1408K)
[173.500s][debug][gc,heap           ] GC(3611) Heap after GC invocations=3612 (full 1): garbage-first heap   total 1490944K, used 21306K [0x0000000700000000, 0x0000000800000000)
[173.500s][debug][gc,heap           ] GC(3611)   region size 1024K, 4 young (4096K), 4 survivors (4096K)
[173.500s][debug][gc,heap           ] GC(3611)  Metaspace       used 10069K, capacity 10368K, committed 10624K, reserved 1058816K
[173.500s][debug][gc,heap           ] GC(3611)   class space    used 1148K, capacity 1266K, committed 1408K, reserved 1048576K
[173.500s][info ][gc                ] GC(3611) Pause Young (Normal) (G1 Evacuation Pause) 889M->20M(1456M) 2.299ms
[173.500s][info ][gc,cpu            ] GC(3611) User=0.01s Sys=0.00s Real=0.00s
[173.500s][info ][safepoint         ] Safepoint "G1CollectForAllocation", Time since last: 45093852 ns, Reaching safepoint: 151170 ns, At safepoint: 2555077 ns, Total: 2706247 ns
[173.546s][debug][gc,heap           ] GC(3612) Heap before GC invocations=3612 (full 1): garbage-first heap   total 1490944K, used 910138K [0x0000000700000000, 0x0000000800000000)
[173.546s][debug][gc,heap           ] GC(3612)   region size 1024K, 873 young (893952K), 4 survivors (4096K)
[173.546s][debug][gc,heap           ] GC(3612)  Metaspace       used 10069K, capacity 10368K, committed 10624K, reserved 1058816K
[173.546s][debug][gc,heap           ] GC(3612)   class space    used 1148K, capacity 1266K, committed 1408K, reserved 1048576K
[173.546s][info ][gc,start          ] GC(3612) Pause Young (Normal) (G1 Evacuation Pause)
[173.546s][info ][gc,task           ] GC(3612) Using 8 workers of 8 for evacuation
[173.546s][debug][gc,tlab           ] GC(3612) TLAB totals: thrds: 8  refills: 12 max: 2 slow allocs: 1732 max 267 waste: 35.5% gc: 1207280B max: 231264B slow: 55568B max: 14304B fast: 0B max: 0B
[173.546s][debug][gc,age            ] GC(3612) Desired survivor size 57671680 bytes, new threshold 15 (max threshold 15)
[173.546s][debug][gc,alloc,region   ] GC(3612) Mutator Allocation stats, regions: 869, wasted size: 203M (23.4%)
[173.546s][debug][gc,ergo           ] GC(3612) Running G1 Merge Heap Roots using 8 workers for 873 regions
[173.546s][debug][gc,remset         ] GC(3612) Visited cards 512 Total dirty 4096 (12.50%) Total old 3614720 (0.01%)
[173.547s][debug][gc,ergo           ] GC(3612) Running G1 Clear Card Table Task using 2 workers for 2 units of work for 875 regions.
[173.547s][debug][gc,ref            ] GC(3612) Skipped phase1 of Reference Processing due to unavailable references
[173.547s][debug][gc,ref            ] GC(3612) Skipped phase2 of Reference Processing due to unavailable references
[173.547s][debug][gc,ref            ] GC(3612) Skipped phase3 of Reference Processing due to unavailable references
[173.547s][debug][gc,ref            ] GC(3612) Skipped phase4 of Reference Processing due to unavailable references
[173.547s][debug][gc,ergo           ] GC(3612) Running G1 Free Collection Set using 8 workers for collection set length 873 (1456)
[173.547s][debug][gc,ergo           ] GC(3612) Running G1 Rebuild Free List Task using 8 workers for rebuilding free list of 0 (4096) regions
[173.548s][trace][gc,age            ] GC(3612) Age table with threshold 15 (max threshold 15)
[173.548s][trace][gc,age            ] GC(3612) - age   1:    3202560 bytes,    3202560 total
[173.548s][debug][gc,plab           ] GC(3612) Young PLAB allocation: allocated: 16512B, wasted: 0B, unused: 14064B, used: 2448B, undo waste: 0B, 
[173.548s][debug][gc,plab           ] GC(3612) Young other allocation: region end waste: 731184B, regions filled: 4, direct allocated: 3200112B, failure used: 0B, failure wasted: 0B
[173.548s][debug][gc,plab           ] GC(3612) Young sizing: calculated: 0B, actual: 2064B
[173.548s][debug][gc,plab           ] GC(3612) Old PLAB allocation: allocated: 0B, wasted: 0B, unused: 0B, used: 0B, undo waste: 0B, 
[173.548s][debug][gc,plab           ] GC(3612) Old other allocation: region end waste: 0B, regions filled: 1, direct allocated: 0B, failure used: 0B, failure wasted: 0B
[173.548s][debug][gc,plab           ] GC(3612) Old sizing: calculated: 0B, actual: 2064B
[173.548s][debug][gc,ihop           ] GC(3612) Basic information (value update), threshold: 687026995B (45.00), target occupancy: 1526726656B, current occupancy: 21817632B, recent allocation size: 0B, recent allocation duration: 47.08ms, recent old gen allocation rate: 0.00B/s, recent marking phase length: 29.01ms
[173.548s][debug][gc,ihop           ] GC(3612) Adaptive IHOP information (value update), threshold: 687026995B (47.37), internal target occupancy: 1450390323B, occupancy: 21817632B, additional buffer size: 915406848B, predicted old gen allocation rate: 3168.76B/s, predicted marking phase length: 58.01ms, prediction active: false
[173.548s][debug][gc,ergo,refine    ] GC(3612) Concurrent refinement times: Logged Cards Scan time goal: 20.00ms Logged Cards Scan time: 0.00ms HCC time: 0.00ms
[173.548s][debug][gc,ergo,refine    ] GC(3612) Updated Refinement Zones: green: 2048, yellow: 6144, red: 10240
[173.548s][info ][gc,phases         ] GC(3612)   Pre Evacuate Collection Set: 0.2ms
[173.548s][debug][gc,phases         ] GC(3612)     Prepare TLABs: 0.0ms
[173.548s][debug][gc,phases         ] GC(3612)     Choose Collection Set: 0.0ms
[173.548s][debug][gc,phases         ] GC(3612)     Region Register: 0.2ms
[173.548s][debug][gc,phases         ] GC(3612)     Prepare Heap Roots: 0.0ms
[173.548s][info ][gc,phases         ] GC(3612)   Merge Heap Roots: 0.1ms
[173.548s][debug][gc,phases         ] GC(3612)     Prepare Merge Heap Roots: 0.0ms
[173.548s][debug][gc,phases         ] GC(3612)     Eager Reclaim (ms):       skipped
[173.548s][debug][gc,phases         ] GC(3612)     Remembered Sets (ms):     Min:  0.0, Avg:  0.0, Max:  0.0, Diff:  0.0, Sum:  0.3, Workers: 8
[173.548s][debug][gc,phases         ] GC(3612)       Merged Sparse:            Min: 0, Avg:  0.0, Max: 0, Diff: 0, Sum: 0, Workers: 8
[173.548s][debug][gc,phases         ] GC(3612)       Merged Fine:              Min: 0, Avg:  0.0, Max: 0, Diff: 0, Sum: 0, Workers: 8
[173.548s][debug][gc,phases         ] GC(3612)       Merged Coarse:            Min: 0, Avg:  0.0, Max: 0, Diff: 0, Sum: 0, Workers: 8
[173.548s][debug][gc,phases         ] GC(3612)       Dirty Cards:              Min: 0, Avg:  0.0, Max: 0, Diff: 0, Sum: 0, Workers: 8
[173.548s][debug][gc,phases         ] GC(3612)     Hot Card Cache (ms):      Min:  0.0, Avg:  0.0, Max:  0.0, Diff:  0.0, Sum:  0.0, Workers: 8
[173.548s][debug][gc,phases         ] GC(3612)       Dirty Cards:              Min: 0, Avg:  0.0, Max: 0, Diff: 0, Sum: 0, Workers: 8
[173.548s][debug][gc,phases         ] GC(3612)       Skipped Cards:            Min: 0, Avg:  0.0, Max: 0, Diff: 0, Sum: 0, Workers: 8
[173.548s][debug][gc,phases         ] GC(3612)     Log Buffers (ms):         Min:  0.0, Avg:  0.0, Max:  0.0, Diff:  0.0, Sum:  0.0, Workers: 8
[173.548s][debug][gc,phases         ] GC(3612)       Dirty Cards:              Min: 0, Avg:  0.2, Max: 2, Diff: 2, Sum: 2, Workers: 8
[173.548s][debug][gc,phases         ] GC(3612)       Skipped Cards:            Min: 0, Avg:  0.0, Max: 0, Diff: 0, Sum: 0, Workers: 8
[173.548s][info ][gc,phases         ] GC(3612)   Evacuate Collection Set: 0.4ms
[173.548s][debug][gc,phases         ] GC(3612)     Ext Root Scanning (ms):   Min:  0.1, Avg:  0.2, Max:  0.3, Diff:  0.3, Sum:  1.6, Workers: 8
[173.548s][debug][gc,phases         ] GC(3612)     Scan Heap Roots (ms):     Min:  0.0, Avg:  0.0, Max:  0.0, Diff:  0.0, Sum:  0.0, Workers: 8
[173.548s][debug][gc,phases         ] GC(3612)       Scanned Cards:            Min: 0, Avg:  0.2, Max: 2, Diff: 2, Sum: 2, Workers: 8
[173.548s][debug][gc,phases         ] GC(3612)       Scanned Blocks:           Min: 0, Avg:  0.2, Max: 2, Diff: 2, Sum: 2, Workers: 8
[173.548s][debug][gc,phases         ] GC(3612)       Claimed Chunks:           Min: 0, Avg:  0.2, Max: 2, Diff: 2, Sum: 2, Workers: 8
[173.548s][debug][gc,phases         ] GC(3612)     Code Root Scan (ms):      Min:  0.0, Avg:  0.0, Max:  0.1, Diff:  0.1, Sum:  0.2, Workers: 8
[173.548s][debug][gc,phases         ] GC(3612)     Object Copy (ms):         Min:  0.0, Avg:  0.0, Max:  0.0, Diff:  0.0, Sum:  0.0, Workers: 8
[173.548s][debug][gc,phases         ] GC(3612)     Termination (ms):         Min:  0.0, Avg:  0.1, Max:  0.1, Diff:  0.1, Sum:  0.7, Workers: 8
[173.548s][debug][gc,phases         ] GC(3612)       Termination Attempts:     Min: 1, Avg:  1.0, Max: 1, Diff: 0, Sum: 8, Workers: 8
[173.548s][debug][gc,phases         ] GC(3612)     GC Worker Other (ms):     Min:  0.0, Avg:  0.0, Max:  0.1, Diff:  0.1, Sum:  0.4, Workers: 8
[173.548s][debug][gc,phases         ] GC(3612)     GC Worker Total (ms):     Min:  0.4, Avg:  0.4, Max:  0.4, Diff:  0.0, Sum:  3.0, Workers: 8
[173.548s][info ][gc,phases         ] GC(3612)   Post Evacuate Collection Set: 0.6ms
[173.548s][debug][gc,phases         ] GC(3612)     Code Roots Fixup: 0.0ms
[173.548s][debug][gc,phases         ] GC(3612)     Clear Card Table: 0.2ms
[173.548s][debug][gc,phases         ] GC(3612)     Reference Processing: 0.0ms
[173.548s][debug][gc,phases,ref     ] GC(3612)       Reconsider SoftReferences: 0.0ms
[173.548s][debug][gc,phases,ref     ] GC(3612)         SoftRef (ms):             skipped
[173.548s][debug][gc,phases,ref     ] GC(3612)       Notify Soft/WeakReferences: 0.0ms
[173.548s][debug][gc,phases,ref     ] GC(3612)         SoftRef (ms):             skipped
[173.548s][debug][gc,phases,ref     ] GC(3612)         WeakRef (ms):             skipped
[173.548s][debug][gc,phases,ref     ] GC(3612)         FinalRef (ms):            skipped
[173.548s][debug][gc,phases,ref     ] GC(3612)         Total (ms):               skipped
[173.548s][debug][gc,phases,ref     ] GC(3612)       Notify and keep alive finalizable: 0.0ms
[173.548s][debug][gc,phases,ref     ] GC(3612)         FinalRef (ms):            skipped
[173.548s][debug][gc,phases,ref     ] GC(3612)       Notify PhantomReferences: 0.0ms
[173.548s][debug][gc,phases,ref     ] GC(3612)         PhantomRef (ms):          skipped
[173.548s][debug][gc,phases,ref     ] GC(3612)       SoftReference:
[173.548s][debug][gc,phases,ref     ] GC(3612)         Discovered: 0
[173.548s][debug][gc,phases,ref     ] GC(3612)         Cleared: 0
[173.548s][debug][gc,phases,ref     ] GC(3612)       WeakReference:
[173.548s][debug][gc,phases,ref     ] GC(3612)         Discovered: 0
[173.548s][debug][gc,phases,ref     ] GC(3612)         Cleared: 0
[173.548s][debug][gc,phases,ref     ] GC(3612)       FinalReference:
[173.548s][debug][gc,phases,ref     ] GC(3612)         Discovered: 0
[173.548s][debug][gc,phases,ref     ] GC(3612)         Cleared: 0
[173.548s][debug][gc,phases,ref     ] GC(3612)       PhantomReference:
[173.548s][debug][gc,phases,ref     ] GC(3612)         Discovered: 0
[173.548s][debug][gc,phases,ref     ] GC(3612)         Cleared: 0
[173.548s][debug][gc,phases         ] GC(3612)     Weak Processing: 0.0ms
[173.548s][debug][gc,phases         ] GC(3612)       JVMTI weak processing: 0.0ms
[173.548s][debug][gc,phases         ] GC(3612)         Dead: 0
[173.548s][debug][gc,phases         ] GC(3612)         Total: 0
[173.548s][debug][gc,phases         ] GC(3612)       JFR weak processing: 0.0ms
[173.548s][debug][gc,phases         ] GC(3612)         Dead: 0
[173.548s][debug][gc,phases         ] GC(3612)         Total: 0
[173.548s][debug][gc,phases         ] GC(3612)       JNI weak                  Min:  0.0, Avg:  0.0, Max:  0.0, Diff:  0.0, Sum:  0.0, Workers: 5
[173.548s][debug][gc,phases         ] GC(3612)         Dead                      Min: 0, Avg:  0.0, Max: 0, Diff: 0, Sum: 0, Workers: 5
[173.548s][debug][gc,phases         ] GC(3612)         Total                     Min: 0, Avg: 25.6, Max: 64, Diff: 64, Sum: 128, Workers: 5
[173.548s][debug][gc,phases         ] GC(3612)       VM weak                   Min:  0.0, Avg:  0.0, Max:  0.0, Diff:  0.0, Sum:  0.0, Workers: 5
[173.548s][debug][gc,phases         ] GC(3612)         Dead                      Min: 0, Avg:  0.0, Max: 0, Diff: 0, Sum: 0, Workers: 5
[173.548s][debug][gc,phases         ] GC(3612)         Total                     Min: 0, Avg: 42.4, Max: 64, Diff: 64, Sum: 212, Workers: 5
[173.548s][debug][gc,phases         ] GC(3612)       StringTable weak          Min:  0.0, Avg:  0.0, Max:  0.0, Diff:  0.0, Sum:  0.1, Workers: 5
[173.548s][debug][gc,phases         ] GC(3612)         Dead                      Min: 0, Avg:  0.0, Max: 0, Diff: 0, Sum: 0, Workers: 5
[173.548s][debug][gc,phases         ] GC(3612)         Total                     Min: 640, Avg: 686.2, Max: 704, Diff: 64, Sum: 3431, Workers: 5
[173.548s][debug][gc,phases         ] GC(3612)       ResolvedMethodTable weak  Min:  0.0, Avg:  0.0, Max:  0.0, Diff:  0.0, Sum:  0.0, Workers: 5
[173.548s][debug][gc,phases         ] GC(3612)         Dead                      Min: 0, Avg:  0.0, Max: 0, Diff: 0, Sum: 0, Workers: 5
[173.548s][debug][gc,phases         ] GC(3612)         Total                     Min: 64, Avg: 114.6, Max: 128, Diff: 64, Sum: 573, Workers: 5
[173.548s][debug][gc,phases         ] GC(3612)     Merge Per-Thread State: 0.0ms
[173.548s][debug][gc,phases         ] GC(3612)       Copied Bytes              Min: 88, Avg: 400320.0, Max: 800096, Diff: 800008, Sum: 3202560, Workers: 8
[173.548s][debug][gc,phases         ] GC(3612)       LAB Waste                 Min: 0, Avg:  0.0, Max: 0, Diff: 0, Sum: 0, Workers: 8
[173.548s][debug][gc,phases         ] GC(3612)       LAB Undo Waste            Min: 0, Avg:  0.0, Max: 0, Diff: 0, Sum: 0, Workers: 8
[173.548s][debug][gc,phases         ] GC(3612)     Code Roots Purge: 0.0ms
[173.548s][debug][gc,phases         ] GC(3612)     Redirty Cards: 0.0ms
[173.548s][debug][gc,phases         ] GC(3612)     DerivedPointerTable Update: 0.0ms
[173.549s][debug][gc,phases         ] GC(3612)     Free Collection Set: 0.2ms
[173.549s][debug][gc,phases         ] GC(3612)     Rebuild Free List: 0.1ms
[173.549s][debug][gc,phases         ] GC(3612)     Humongous Reclaim: 0.0ms
[173.549s][debug][gc,phases         ] GC(3612)     Start New Collection Set: 0.0ms
[173.549s][debug][gc,phases         ] GC(3612)     Resize TLABs: 0.0ms
[173.549s][debug][gc,phases         ] GC(3612)     Expand Heap After Collection: 0.0ms
[173.549s][info ][gc,phases         ] GC(3612)   Other: 0.3ms
[173.549s][info ][gc,heap           ] GC(3612) Eden regions: 869->0(869)
[173.549s][info ][gc,heap           ] GC(3612) Survivor regions: 4->4(110)
[173.549s][info ][gc,heap           ] GC(3612) Old regions: 17->17
[173.549s][info ][gc,heap           ] GC(3612) Archive regions: 2->2
[173.549s][info ][gc,heap           ] GC(3612) Humongous regions: 0->0
[173.549s][info ][gc,metaspace      ] GC(3612) Metaspace: 10069K(10624K)->10069K(10624K) NonClass: 8921K(9216K)->8921K(9216K) Class: 1148K(1408K)->1148K(1408K)
[173.549s][debug][gc,heap           ] GC(3612) Heap after GC invocations=3613 (full 1): garbage-first heap   total 1490944K, used 21306K [0x0000000700000000, 0x0000000800000000)
[173.549s][debug][gc,heap           ] GC(3612)   region size 1024K, 4 young (4096K), 4 survivors (4096K)
[173.549s][debug][gc,heap           ] GC(3612)  Metaspace       used 10069K, capacity 10368K, committed 10624K, reserved 1058816K
[173.549s][debug][gc,heap           ] GC(3612)   class space    used 1148K, capacity 1266K, committed 1408K, reserved 1048576K
[173.549s][info ][gc                ] GC(3612) Pause Young (Normal) (G1 Evacuation Pause) 889M->20M(1456M) 2.613ms
[173.549s][info ][gc,cpu            ] GC(3612) User=0.01s Sys=0.00s Real=0.01s
[173.549s][info ][safepoint         ] Safepoint "G1CollectForAllocation", Time since last: 45810858 ns, Reaching safepoint: 202595 ns, At safepoint: 2811414 ns, Total: 3014009 ns
[173.595s][debug][gc,heap           ] GC(3613) Heap before GC invocations=3613 (full 1): garbage-first heap   total 1490944K, used 910138K [0x0000000700000000, 0x0000000800000000)
[173.595s][debug][gc,heap           ] GC(3613)   region size 1024K, 873 young (893952K), 4 survivors (4096K)
[173.595s][debug][gc,heap           ] GC(3613)  Metaspace       used 10069K, capacity 10368K, committed 10624K, reserved 1058816K
[173.595s][debug][gc,heap           ] GC(3613)   class space    used 1148K, capacity 1266K, committed 1408K, reserved 1048576K
[173.595s][info ][gc,start          ] GC(3613) Pause Young (Normal) (G1 Evacuation Pause)
[173.595s][info ][gc,task           ] GC(3613) Using 8 workers of 8 for evacuation
[173.595s][debug][gc,tlab           ] GC(3613) TLAB totals: thrds: 8  refills: 11 max: 3 slow allocs: 1730 max 267 waste: 34.9% gc: 988984B max: 224536B slow: 28928B max: 15488B fast: 0B max: 0B
[173.595s][debug][gc,age            ] GC(3613) Desired survivor size 57671680 bytes, new threshold 15 (max threshold 15)
[173.595s][debug][gc,alloc,region   ] GC(3613) Mutator Allocation stats, regions: 869, wasted size: 203M (23.4%)
[173.595s][debug][gc,ergo           ] GC(3613) Running G1 Merge Heap Roots using 8 workers for 873 regions
[173.596s][debug][gc,remset         ] GC(3613) Visited cards 256 Total dirty 2048 (12.50%) Total old 3614720 (0.01%)
[173.596s][debug][gc,ergo           ] GC(3613) Running G1 Clear Card Table Task using 2 workers for 2 units of work for 874 regions.
[173.596s][debug][gc,ref            ] GC(3613) Skipped phase1 of Reference Processing due to unavailable references
[173.596s][debug][gc,ref            ] GC(3613) Skipped phase2 of Reference Processing due to unavailable references
[173.596s][debug][gc,ref            ] GC(3613) Skipped phase3 of Reference Processing due to unavailable references
[173.596s][debug][gc,ref            ] GC(3613) Skipped phase4 of Reference Processing due to unavailable references
[173.596s][debug][gc,ergo           ] GC(3613) Running G1 Free Collection Set using 8 workers for collection set length 873 (1456)
[173.597s][debug][gc,ergo           ] GC(3613) Running G1 Rebuild Free List Task using 8 workers for rebuilding free list of 0 (4096) regions
[173.597s][trace][gc,age            ] GC(3613) Age table with threshold 15 (max threshold 15)
[173.597s][trace][gc,age            ] GC(3613) - age   1:    3202568 bytes,    3202568 total
[173.597s][debug][gc,plab           ] GC(3613) Young PLAB allocation: allocated: 10320B, wasted: 0B, unused: 7872B, used: 2448B, undo waste: 0B, 
[173.597s][debug][gc,plab           ] GC(3613) Young other allocation: region end waste: 737384B, regions filled: 4, direct allocated: 3200120B, failure used: 0B, failure wasted: 0B
[173.597s][debug][gc,plab           ] GC(3613) Young sizing: calculated: 0B, actual: 2064B
[173.597s][debug][gc,plab           ] GC(3613) Old PLAB allocation: allocated: 0B, wasted: 0B, unused: 0B, used: 0B, undo waste: 0B, 
[173.597s][debug][gc,plab           ] GC(3613) Old other allocation: region end waste: 0B, regions filled: 1, direct allocated: 0B, failure used: 0B, failure wasted: 0B
[173.597s][debug][gc,plab           ] GC(3613) Old sizing: calculated: 0B, actual: 2064B
[173.597s][debug][gc,ihop           ] GC(3613) Basic information (value update), threshold: 687026995B (45.00), target occupancy: 1526726656B, current occupancy: 21817648B, recent allocation size: 0B, recent allocation duration: 47.43ms, recent old gen allocation rate: 0.00B/s, recent marking phase length: 29.01ms
[173.597s][debug][gc,ihop           ] GC(3613) Adaptive IHOP information (value update), threshold: 687026995B (47.37), internal target occupancy: 1450390323B, occupancy: 21817648B, additional buffer size: 915406848B, predicted old gen allocation rate: 3085.46B/s, predicted marking phase length: 58.01ms, prediction active: false
[173.597s][debug][gc,ergo,refine    ] GC(3613) Concurrent refinement times: Logged Cards Scan time goal: 20.00ms Logged Cards Scan time: 0.00ms HCC time: 0.00ms
[173.597s][debug][gc,ergo,refine    ] GC(3613) Updated Refinement Zones: green: 2048, yellow: 6144, red: 10240
[173.597s][info ][gc,phases         ] GC(3613)   Pre Evacuate Collection Set: 0.2ms
[173.597s][debug][gc,phases         ] GC(3613)     Prepare TLABs: 0.0ms
[173.597s][debug][gc,phases         ] GC(3613)     Choose Collection Set: 0.0ms
[173.597s][debug][gc,phases         ] GC(3613)     Region Register: 0.2ms
[173.597s][debug][gc,phases         ] GC(3613)     Prepare Heap Roots: 0.0ms
[173.597s][info ][gc,phases         ] GC(3613)   Merge Heap Roots: 0.2ms
[173.597s][debug][gc,phases         ] GC(3613)     Prepare Merge Heap Roots: 0.0ms
[173.597s][debug][gc,phases         ] GC(3613)     Eager Reclaim (ms):       skipped
[173.597s][debug][gc,phases         ] GC(3613)     Remembered Sets (ms):     Min:  0.0, Avg:  0.0, Max:  0.1, Diff:  0.1, Sum:  0.3, Workers: 8
[173.597s][debug][gc,phases         ] GC(3613)       Merged Sparse:            Min: 0, Avg:  0.0, Max: 0, Diff: 0, Sum: 0, Workers: 8
[173.597s][debug][gc,phases         ] GC(3613)       Merged Fine:              Min: 0, Avg:  0.0, Max: 0, Diff: 0, Sum: 0, Workers: 8
[173.597s][debug][gc,phases         ] GC(3613)       Merged Coarse:            Min: 0, Avg:  0.0, Max: 0, Diff: 0, Sum: 0, Workers: 8
[173.597s][debug][gc,phases         ] GC(3613)       Dirty Cards:              Min: 0, Avg:  0.0, Max: 0, Diff: 0, Sum: 0, Workers: 8
[173.597s][debug][gc,phases         ] GC(3613)     Hot Card Cache (ms):      Min:  0.0, Avg:  0.0, Max:  0.0, Diff:  0.0, Sum:  0.0, Workers: 8
[173.597s][debug][gc,phases         ] GC(3613)       Dirty Cards:              Min: 0, Avg:  0.0, Max: 0, Diff: 0, Sum: 0, Workers: 8
[173.597s][debug][gc,phases         ] GC(3613)       Skipped Cards:            Min: 0, Avg:  0.0, Max: 0, Diff: 0, Sum: 0, Workers: 8
[173.597s][debug][gc,phases         ] GC(3613)     Log Buffers (ms):         Min:  0.0, Avg:  0.0, Max:  0.0, Diff:  0.0, Sum:  0.0, Workers: 8
[173.597s][debug][gc,phases         ] GC(3613)       Dirty Cards:              Min: 0, Avg:  0.1, Max: 1, Diff: 1, Sum: 1, Workers: 8
[173.597s][debug][gc,phases         ] GC(3613)       Skipped Cards:            Min: 0, Avg:  0.0, Max: 0, Diff: 0, Sum: 0, Workers: 8
[173.597s][info ][gc,phases         ] GC(3613)   Evacuate Collection Set: 0.5ms
[173.597s][debug][gc,phases         ] GC(3613)     Ext Root Scanning (ms):   Min:  0.0, Avg:  0.2, Max:  0.3, Diff:  0.3, Sum:  1.2, Workers: 8
[173.597s][debug][gc,phases         ] GC(3613)     Scan Heap Roots (ms):     Min:  0.0, Avg:  0.0, Max:  0.0, Diff:  0.0, Sum:  0.0, Workers: 8
[173.597s][debug][gc,phases         ] GC(3613)       Scanned Cards:            Min: 0, Avg:  0.1, Max: 1, Diff: 1, Sum: 1, Workers: 8
[173.597s][debug][gc,phases         ] GC(3613)       Scanned Blocks:           Min: 0, Avg:  0.1, Max: 1, Diff: 1, Sum: 1, Workers: 8
[173.597s][debug][gc,phases         ] GC(3613)       Claimed Chunks:           Min: 0, Avg:  0.1, Max: 1, Diff: 1, Sum: 1, Workers: 8
[173.597s][debug][gc,phases         ] GC(3613)     Code Root Scan (ms):      Min:  0.0, Avg:  0.0, Max:  0.0, Diff:  0.0, Sum:  0.2, Workers: 8
[173.597s][debug][gc,phases         ] GC(3613)     Object Copy (ms):         Min:  0.0, Avg:  0.0, Max:  0.0, Diff:  0.0, Sum:  0.0, Workers: 8
[173.597s][debug][gc,phases         ] GC(3613)     Termination (ms):         Min:  0.0, Avg:  0.1, Max:  0.1, Diff:  0.0, Sum:  0.5, Workers: 8
[173.597s][debug][gc,phases         ] GC(3613)       Termination Attempts:     Min: 1, Avg:  1.0, Max: 1, Diff: 0, Sum: 8, Workers: 8
[173.597s][debug][gc,phases         ] GC(3613)     GC Worker Other (ms):     Min:  0.0, Avg:  0.1, Max:  0.1, Diff:  0.1, Sum:  0.4, Workers: 8
[173.597s][debug][gc,phases         ] GC(3613)     GC Worker Total (ms):     Min:  0.1, Avg:  0.3, Max:  0.4, Diff:  0.4, Sum:  2.4, Workers: 8
[173.597s][info ][gc,phases         ] GC(3613)   Post Evacuate Collection Set: 0.8ms
[173.597s][debug][gc,phases         ] GC(3613)     Code Roots Fixup: 0.0ms
[173.597s][debug][gc,phases         ] GC(3613)     Clear Card Table: 0.2ms
[173.597s][debug][gc,phases         ] GC(3613)     Reference Processing: 0.1ms
[173.597s][debug][gc,phases,ref     ] GC(3613)       Reconsider SoftReferences: 0.0ms
[173.597s][debug][gc,phases,ref     ] GC(3613)         SoftRef (ms):             skipped
[173.598s][debug][gc,phases,ref     ] GC(3613)       Notify Soft/WeakReferences: 0.0ms
[173.598s][debug][gc,phases,ref     ] GC(3613)         SoftRef (ms):             skipped
[173.598s][debug][gc,phases,ref     ] GC(3613)         WeakRef (ms):             skipped
[173.598s][debug][gc,phases,ref     ] GC(3613)         FinalRef (ms):            skipped
[173.598s][debug][gc,phases,ref     ] GC(3613)         Total (ms):               skipped
[173.598s][debug][gc,phases,ref     ] GC(3613)       Notify and keep alive finalizable: 0.0ms
[173.598s][debug][gc,phases,ref     ] GC(3613)         FinalRef (ms):            skipped
[173.598s][debug][gc,phases,ref     ] GC(3613)       Notify PhantomReferences: 0.0ms
[173.598s][debug][gc,phases,ref     ] GC(3613)         PhantomRef (ms):          skipped
[173.598s][debug][gc,phases,ref     ] GC(3613)       SoftReference:
[173.598s][debug][gc,phases,ref     ] GC(3613)         Discovered: 0
[173.598s][debug][gc,phases,ref     ] GC(3613)         Cleared: 0
[173.598s][debug][gc,phases,ref     ] GC(3613)       WeakReference:
[173.598s][debug][gc,phases,ref     ] GC(3613)         Discovered: 0
[173.598s][debug][gc,phases,ref     ] GC(3613)         Cleared: 0
[173.598s][debug][gc,phases,ref     ] GC(3613)       FinalReference:
[173.598s][debug][gc,phases,ref     ] GC(3613)         Discovered: 0
[173.598s][debug][gc,phases,ref     ] GC(3613)         Cleared: 0
[173.598s][debug][gc,phases,ref     ] GC(3613)       PhantomReference:
[173.598s][debug][gc,phases,ref     ] GC(3613)         Discovered: 0
[173.598s][debug][gc,phases,ref     ] GC(3613)         Cleared: 0
[173.598s][debug][gc,phases         ] GC(3613)     Weak Processing: 0.1ms
[173.598s][debug][gc,phases         ] GC(3613)       JVMTI weak processing: 0.0ms
[173.598s][debug][gc,phases         ] GC(3613)         Dead: 0
[173.598s][debug][gc,phases         ] GC(3613)         Total: 0
[173.598s][debug][gc,phases         ] GC(3613)       JFR weak processing: 0.0ms
[173.598s][debug][gc,phases         ] GC(3613)         Dead: 0
[173.598s][debug][gc,phases         ] GC(3613)         Total: 0
[173.598s][debug][gc,phases         ] GC(3613)       JNI weak                  Min:  0.0, Avg:  0.0, Max:  0.0, Diff:  0.0, Sum:  0.0, Workers: 5
[173.598s][debug][gc,phases         ] GC(3613)         Dead                      Min: 0, Avg:  0.0, Max: 0, Diff: 0, Sum: 0, Workers: 5
[173.598s][debug][gc,phases         ] GC(3613)         Total                     Min: 0, Avg: 25.6, Max: 128, Diff: 128, Sum: 128, Workers: 5
[173.598s][debug][gc,phases         ] GC(3613)       VM weak                   Min:  0.0, Avg:  0.0, Max:  0.0, Diff:  0.0, Sum:  0.0, Workers: 5
[173.598s][debug][gc,phases         ] GC(3613)         Dead                      Min: 0, Avg:  0.0, Max: 0, Diff: 0, Sum: 0, Workers: 5
[173.598s][debug][gc,phases         ] GC(3613)         Total                     Min: 0, Avg: 42.4, Max: 148, Diff: 148, Sum: 212, Workers: 5
[173.598s][debug][gc,phases         ] GC(3613)       StringTable weak          Min:  0.0, Avg:  0.0, Max:  0.0, Diff:  0.0, Sum:  0.1, Workers: 5
[173.598s][debug][gc,phases         ] GC(3613)         Dead                      Min: 0, Avg:  0.0, Max: 0, Diff: 0, Sum: 0, Workers: 5
[173.598s][debug][gc,phases         ] GC(3613)         Total                     Min: 0, Avg: 686.2, Max: 2151, Diff: 2151, Sum: 3431, Workers: 5
[173.598s][debug][gc,phases         ] GC(3613)       ResolvedMethodTable weak  Min:  0.0, Avg:  0.0, Max:  0.0, Diff:  0.0, Sum:  0.0, Workers: 5
[173.598s][debug][gc,phases         ] GC(3613)         Dead                      Min: 0, Avg:  0.0, Max: 0, Diff: 0, Sum: 0, Workers: 5
[173.598s][debug][gc,phases         ] GC(3613)         Total                     Min: 0, Avg: 114.6, Max: 573, Diff: 573, Sum: 573, Workers: 5
[173.598s][debug][gc,phases         ] GC(3613)     Merge Per-Thread State: 0.0ms
[173.598s][debug][gc,phases         ] GC(3613)       Copied Bytes              Min: 0, Avg: 400321.0, Max: 800960, Diff: 800960, Sum: 3202568, Workers: 8
[173.598s][debug][gc,phases         ] GC(3613)       LAB Waste                 Min: 0, Avg:  0.0, Max: 0, Diff: 0, Sum: 0, Workers: 8
[173.598s][debug][gc,phases         ] GC(3613)       LAB Undo Waste            Min: 0, Avg:  0.0, Max: 0, Diff: 0, Sum: 0, Workers: 8
[173.598s][debug][gc,phases         ] GC(3613)     Code Roots Purge: 0.0ms
[173.598s][debug][gc,phases         ] GC(3613)     Redirty Cards: 0.0ms
[173.598s][debug][gc,phases         ] GC(3613)     DerivedPointerTable Update: 0.0ms
[173.598s][debug][gc,phases         ] GC(3613)     Free Collection Set: 0.3ms
[173.598s][debug][gc,phases         ] GC(3613)     Rebuild Free List: 0.1ms
[173.598s][debug][gc,phases         ] GC(3613)     Humongous Reclaim: 0.0ms
[173.598s][debug][gc,phases         ] GC(3613)     Start New Collection Set: 0.0ms
[173.598s][debug][gc,phases         ] GC(3613)     Resize TLABs: 0.0ms
[173.598s][debug][gc,phases         ] GC(3613)     Expand Heap After Collection: 0.0ms
[173.598s][info ][gc,phases         ] GC(3613)   Other: 0.5ms
[173.598s][info ][gc,heap           ] GC(3613) Eden regions: 869->0(869)
[173.598s][info ][gc,heap           ] GC(3613) Survivor regions: 4->4(110)
[173.598s][info ][gc,heap           ] GC(3613) Old regions: 17->17
[173.598s][info ][gc,heap           ] GC(3613) Archive regions: 2->2
[173.598s][info ][gc,heap           ] GC(3613) Humongous regions: 0->0
[173.598s][info ][gc,metaspace      ] GC(3613) Metaspace: 10069K(10624K)->10069K(10624K) NonClass: 8921K(9216K)->8921K(9216K) Class: 1148K(1408K)->1148K(1408K)
[173.598s][debug][gc,heap           ] GC(3613) Heap after GC invocations=3614 (full 1): garbage-first heap   total 1490944K, used 21306K [0x0000000700000000, 0x0000000800000000)
[173.598s][debug][gc,heap           ] GC(3613)   region size 1024K, 4 young (4096K), 4 survivors (4096K)
[173.598s][debug][gc,heap           ] GC(3613)  Metaspace       used 10069K, capacity 10368K, committed 10624K, reserved 1058816K
[173.598s][debug][gc,heap           ] GC(3613)   class space    used 1148K, capacity 1266K, committed 1408K, reserved 1048576K
[173.598s][info ][gc                ] GC(3613) Pause Young (Normal) (G1 Evacuation Pause) 889M->20M(1456M) 3.435ms
[173.598s][info ][gc,cpu            ] GC(3613) User=0.00s Sys=0.00s Real=0.01s
[173.599s][info ][safepoint         ] Safepoint "G1CollectForAllocation", Time since last: 45639961 ns, Reaching safepoint: 372407 ns, At safepoint: 3810722 ns, Total: 4183129 ns
[173.645s][debug][gc,heap           ] GC(3614) Heap before GC invocations=3614 (full 1): garbage-first heap   total 1490944K, used 910138K [0x0000000700000000, 0x0000000800000000)
[173.645s][debug][gc,heap           ] GC(3614)   region size 1024K, 873 young (893952K), 4 survivors (4096K)
[173.645s][debug][gc,heap           ] GC(3614)  Metaspace       used 10069K, capacity 10368K, committed 10624K, reserved 1058816K
[173.645s][debug][gc,heap           ] GC(3614)   class space    used 1148K, capacity 1266K, committed 1408K, reserved 1048576K
[173.645s][info ][gc,start          ] GC(3614) Pause Young (Normal) (G1 Evacuation Pause)
[173.645s][info ][gc,task           ] GC(3614) Using 8 workers of 8 for evacuation
[173.645s][debug][gc,tlab           ] GC(3614) TLAB totals: thrds: 8  refills: 18 max: 3 slow allocs: 1728 max 252 waste: 19.6% gc: 1055688B max: 227064B slow: 88208B max: 15096B fast: 0B max: 0B
[173.645s][debug][gc,age            ] GC(3614) Desired survivor size 57671680 bytes, new threshold 15 (max threshold 15)
[173.645s][debug][gc,alloc,region   ] GC(3614) Mutator Allocation stats, regions: 869, wasted size: 203M (23.4%)
[173.646s][debug][gc,ergo           ] GC(3614) Running G1 Merge Heap Roots using 8 workers for 873 regions
[173.646s][debug][gc,remset         ] GC(3614) Visited cards 512 Total dirty 4096 (12.50%) Total old 3614720 (0.01%)
[173.646s][debug][gc,ergo           ] GC(3614) Running G1 Clear Card Table Task using 2 workers for 2 units of work for 875 regions.
[173.646s][debug][gc,ref            ] GC(3614) Skipped phase1 of Reference Processing due to unavailable references
[173.646s][debug][gc,ref            ] GC(3614) Skipped phase2 of Reference Processing due to unavailable references
[173.646s][debug][gc,ref            ] GC(3614) Skipped phase3 of Reference Processing due to unavailable references
[173.646s][debug][gc,ref            ] GC(3614) Skipped phase4 of Reference Processing due to unavailable references
[173.647s][debug][gc,ergo           ] GC(3614) Running G1 Free Collection Set using 8 workers for collection set length 873 (1456)
[173.647s][debug][gc,ergo           ] GC(3614) Running G1 Rebuild Free List Task using 8 workers for rebuilding free list of 0 (4096) regions
[173.647s][trace][gc,age            ] GC(3614) Age table with threshold 15 (max threshold 15)
[173.647s][trace][gc,age            ] GC(3614) - age   1:    3202568 bytes,    3202568 total
[173.647s][debug][gc,plab           ] GC(3614) Young PLAB allocation: allocated: 14448B, wasted: 0B, unused: 12000B, used: 2448B, undo waste: 0B, 
[173.647s][debug][gc,plab           ] GC(3614) Young other allocation: region end waste: 733248B, regions filled: 4, direct allocated: 3200120B, failure used: 0B, failure wasted: 0B
[173.647s][debug][gc,plab           ] GC(3614) Young sizing: calculated: 0B, actual: 2064B
[173.647s][debug][gc,plab           ] GC(3614) Old PLAB allocation: allocated: 0B, wasted: 0B, unused: 0B, used: 0B, undo waste: 0B, 
[173.647s][debug][gc,plab           ] GC(3614) Old other allocation: region end waste: 0B, regions filled: 1, direct allocated: 0B, failure used: 0B, failure wasted: 0B
[173.647s][debug][gc,plab           ] GC(3614) Old sizing: calculated: 0B, actual: 2064B
[173.647s][debug][gc,ihop           ] GC(3614) Basic information (value update), threshold: 687026995B (45.00), target occupancy: 1526726656B, current occupancy: 21817640B, recent allocation size: 0B, recent allocation duration: 48.32ms, recent old gen allocation rate: 0.00B/s, recent marking phase length: 29.01ms
[173.647s][debug][gc,ihop           ] GC(3614) Adaptive IHOP information (value update), threshold: 687026995B (47.37), internal target occupancy: 1450390323B, occupancy: 21817640B, additional buffer size: 915406848B, predicted old gen allocation rate: 3004.42B/s, predicted marking phase length: 58.01ms, prediction active: false
[173.647s][debug][gc,ergo,refine    ] GC(3614) Concurrent refinement times: Logged Cards Scan time goal: 20.00ms Logged Cards Scan time: 0.00ms HCC time: 0.00ms
[173.647s][debug][gc,ergo,refine    ] GC(3614) Updated Refinement Zones: green: 2048, yellow: 6144, red: 10240
[173.647s][info ][gc,phases         ] GC(3614)   Pre Evacuate Collection Set: 0.2ms
[173.647s][debug][gc,phases         ] GC(3614)     Prepare TLABs: 0.0ms
[173.647s][debug][gc,phases         ] GC(3614)     Choose Collection Set: 0.0ms
[173.647s][debug][gc,phases         ] GC(3614)     Region Register: 0.2ms
[173.647s][debug][gc,phases         ] GC(3614)     Prepare Heap Roots: 0.0ms
[173.647s][info ][gc,phases         ] GC(3614)   Merge Heap Roots: 0.2ms
[173.647s][debug][gc,phases         ] GC(3614)     Prepare Merge Heap Roots: 0.0ms
[173.647s][debug][gc,phases         ] GC(3614)     Eager Reclaim (ms):       skipped
[173.647s][debug][gc,phases         ] GC(3614)     Remembered Sets (ms):     Min:  0.0, Avg:  0.0, Max:  0.1, Diff:  0.0, Sum:  0.4, Workers: 8
[173.647s][debug][gc,phases         ] GC(3614)       Merged Sparse:            Min: 0, Avg:  0.0, Max: 0, Diff: 0, Sum: 0, Workers: 8
[173.647s][debug][gc,phases         ] GC(3614)       Merged Fine:              Min: 0, Avg:  0.0, Max: 0, Diff: 0, Sum: 0, Workers: 8
[173.647s][debug][gc,phases         ] GC(3614)       Merged Coarse:            Min: 0, Avg:  0.0, Max: 0, Diff: 0, Sum: 0, Workers: 8
[173.647s][debug][gc,phases         ] GC(3614)       Dirty Cards:              Min: 0, Avg:  0.0, Max: 0, Diff: 0, Sum: 0, Workers: 8
[173.647s][debug][gc,phases         ] GC(3614)     Hot Card Cache (ms):      Min:  0.0, Avg:  0.0, Max:  0.0, Diff:  0.0, Sum:  0.0, Workers: 8
[173.647s][debug][gc,phases         ] GC(3614)       Dirty Cards:              Min: 0, Avg:  0.0, Max: 0, Diff: 0, Sum: 0, Workers: 8
[173.647s][debug][gc,phases         ] GC(3614)       Skipped Cards:            Min: 0, Avg:  0.0, Max: 0, Diff: 0, Sum: 0, Workers: 8
[173.647s][debug][gc,phases         ] GC(3614)     Log Buffers (ms):         Min:  0.0, Avg:  0.0, Max:  0.0, Diff:  0.0, Sum:  0.0, Workers: 8
[173.647s][debug][gc,phases         ] GC(3614)       Dirty Cards:              Min: 0, Avg:  0.2, Max: 1, Diff: 1, Sum: 2, Workers: 8
[173.647s][debug][gc,phases         ] GC(3614)       Skipped Cards:            Min: 0, Avg:  0.0, Max: 0, Diff: 0, Sum: 0, Workers: 8
[173.647s][info ][gc,phases         ] GC(3614)   Evacuate Collection Set: 0.5ms
[173.647s][debug][gc,phases         ] GC(3614)     Ext Root Scanning (ms):   Min:  0.0, Avg:  0.2, Max:  0.3, Diff:  0.3, Sum:  1.8, Workers: 8
[173.647s][debug][gc,phases         ] GC(3614)     Scan Heap Roots (ms):     Min:  0.0, Avg:  0.0, Max:  0.0, Diff:  0.0, Sum:  0.0, Workers: 8
[173.647s][debug][gc,phases         ] GC(3614)       Scanned Cards:            Min: 0, Avg:  0.2, Max: 1, Diff: 1, Sum: 2, Workers: 8
[173.647s][debug][gc,phases         ] GC(3614)       Scanned Blocks:           Min: 0, Avg:  0.2, Max: 1, Diff: 1, Sum: 2, Workers: 8
[173.648s][debug][gc,phases         ] GC(3614)       Claimed Chunks:           Min: 0, Avg:  0.2, Max: 1, Diff: 1, Sum: 2, Workers: 8
[173.648s][debug][gc,phases         ] GC(3614)     Code Root Scan (ms):      Min:  0.0, Avg:  0.0, Max:  0.1, Diff:  0.1, Sum:  0.2, Workers: 8
[173.648s][debug][gc,phases         ] GC(3614)     Object Copy (ms):         Min:  0.0, Avg:  0.0, Max:  0.0, Diff:  0.0, Sum:  0.0, Workers: 8
[173.648s][debug][gc,phases         ] GC(3614)     Termination (ms):         Min:  0.0, Avg:  0.1, Max:  0.1, Diff:  0.1, Sum:  0.5, Workers: 8
[173.648s][debug][gc,phases         ] GC(3614)       Termination Attempts:     Min: 1, Avg:  1.0, Max: 1, Diff: 0, Sum: 8, Workers: 8
[173.648s][debug][gc,phases         ] GC(3614)     GC Worker Other (ms):     Min:  0.0, Avg:  0.1, Max:  0.2, Diff:  0.1, Sum:  0.5, Workers: 8
[173.648s][debug][gc,phases         ] GC(3614)     GC Worker Total (ms):     Min:  0.1, Avg:  0.4, Max:  0.5, Diff:  0.4, Sum:  3.1, Workers: 8
[173.648s][info ][gc,phases         ] GC(3614)   Post Evacuate Collection Set: 0.8ms
[173.648s][debug][gc,phases         ] GC(3614)     Code Roots Fixup: 0.0ms
[173.648s][debug][gc,phases         ] GC(3614)     Clear Card Table: 0.3ms
[173.648s][debug][gc,phases         ] GC(3614)     Reference Processing: 0.1ms
[173.648s][debug][gc,phases,ref     ] GC(3614)       Reconsider SoftReferences: 0.0ms
[173.648s][debug][gc,phases,ref     ] GC(3614)         SoftRef (ms):             skipped
[173.648s][debug][gc,phases,ref     ] GC(3614)       Notify Soft/WeakReferences: 0.0ms
[173.648s][debug][gc,phases,ref     ] GC(3614)         SoftRef (ms):             skipped
[173.648s][debug][gc,phases,ref     ] GC(3614)         WeakRef (ms):             skipped
[173.648s][debug][gc,phases,ref     ] GC(3614)         FinalRef (ms):            skipped
[173.648s][debug][gc,phases,ref     ] GC(3614)         Total (ms):               skipped
[173.648s][debug][gc,phases,ref     ] GC(3614)       Notify and keep alive finalizable: 0.0ms
[173.648s][debug][gc,phases,ref     ] GC(3614)         FinalRef (ms):            skipped
[173.648s][debug][gc,phases,ref     ] GC(3614)       Notify PhantomReferences: 0.0ms
[173.648s][debug][gc,phases,ref     ] GC(3614)         PhantomRef (ms):          skipped
[173.648s][debug][gc,phases,ref     ] GC(3614)       SoftReference:
[173.648s][debug][gc,phases,ref     ] GC(3614)         Discovered: 0
[173.648s][debug][gc,phases,ref     ] GC(3614)         Cleared: 0
[173.648s][debug][gc,phases,ref     ] GC(3614)       WeakReference:
[173.648s][debug][gc,phases,ref     ] GC(3614)         Discovered: 0
[173.648s][debug][gc,phases,ref     ] GC(3614)         Cleared: 0
[173.648s][debug][gc,phases,ref     ] GC(3614)       FinalReference:
[173.648s][debug][gc,phases,ref     ] GC(3614)         Discovered: 0
[173.648s][debug][gc,phases,ref     ] GC(3614)         Cleared: 0
[173.648s][debug][gc,phases,ref     ] GC(3614)       PhantomReference:
[173.648s][debug][gc,phases,ref     ] GC(3614)         Discovered: 0
[173.648s][debug][gc,phases,ref     ] GC(3614)         Cleared: 0
[173.648s][debug][gc,phases         ] GC(3614)     Weak Processing: 0.0ms
[173.648s][debug][gc,phases         ] GC(3614)       JVMTI weak processing: 0.0ms
[173.648s][debug][gc,phases         ] GC(3614)         Dead: 0
[173.648s][debug][gc,phases         ] GC(3614)         Total: 0
[173.648s][debug][gc,phases         ] GC(3614)       JFR weak processing: 0.0ms
[173.648s][debug][gc,phases         ] GC(3614)         Dead: 0
[173.648s][debug][gc,phases         ] GC(3614)         Total: 0
[173.648s][debug][gc,phases         ] GC(3614)       JNI weak                  Min:  0.0, Avg:  0.0, Max:  0.0, Diff:  0.0, Sum:  0.0, Workers: 5
[173.648s][debug][gc,phases         ] GC(3614)         Dead                      Min: 0, Avg:  0.0, Max: 0, Diff: 0, Sum: 0, Workers: 5
[173.648s][debug][gc,phases         ] GC(3614)         Total                     Min: 0, Avg: 25.6, Max: 64, Diff: 64, Sum: 128, Workers: 5
[173.648s][debug][gc,phases         ] GC(3614)       VM weak                   Min:  0.0, Avg:  0.0, Max:  0.0, Diff:  0.0, Sum:  0.0, Workers: 5
[173.648s][debug][gc,phases         ] GC(3614)         Dead                      Min: 0, Avg:  0.0, Max: 0, Diff: 0, Sum: 0, Workers: 5
[173.648s][debug][gc,phases         ] GC(3614)         Total                     Min: 0, Avg: 42.4, Max: 64, Diff: 64, Sum: 212, Workers: 5
[173.648s][debug][gc,phases         ] GC(3614)       StringTable weak          Min:  0.0, Avg:  0.0, Max:  0.0, Diff:  0.0, Sum:  0.1, Workers: 5
[173.648s][debug][gc,phases         ] GC(3614)         Dead                      Min: 0, Avg:  0.0, Max: 0, Diff: 0, Sum: 0, Workers: 5
[173.648s][debug][gc,phases         ] GC(3614)         Total                     Min: 640, Avg: 686.2, Max: 768, Diff: 128, Sum: 3431, Workers: 5
[173.648s][debug][gc,phases         ] GC(3614)       ResolvedMethodTable weak  Min:  0.0, Avg:  0.0, Max:  0.0, Diff:  0.0, Sum:  0.0, Workers: 5
[173.648s][debug][gc,phases         ] GC(3614)         Dead                      Min: 0, Avg:  0.0, Max: 0, Diff: 0, Sum: 0, Workers: 5
[173.648s][debug][gc,phases         ] GC(3614)         Total                     Min: 64, Avg: 114.6, Max: 128, Diff: 64, Sum: 573, Workers: 5
[173.648s][debug][gc,phases         ] GC(3614)     Merge Per-Thread State: 0.0ms
[173.648s][debug][gc,phases         ] GC(3614)       Copied Bytes              Min: 0, Avg: 400321.0, Max: 800560, Diff: 800560, Sum: 3202568, Workers: 8
[173.648s][debug][gc,phases         ] GC(3614)       LAB Waste                 Min: 0, Avg:  0.0, Max: 0, Diff: 0, Sum: 0, Workers: 8
[173.648s][debug][gc,phases         ] GC(3614)       LAB Undo Waste            Min: 0, Avg:  0.0, Max: 0, Diff: 0, Sum: 0, Workers: 8
[173.648s][debug][gc,phases         ] GC(3614)     Code Roots Purge: 0.0ms
[173.648s][debug][gc,phases         ] GC(3614)     Redirty Cards: 0.0ms
[173.648s][debug][gc,phases         ] GC(3614)     DerivedPointerTable Update: 0.0ms
[173.648s][debug][gc,phases         ] GC(3614)     Free Collection Set: 0.2ms
[173.648s][debug][gc,phases         ] GC(3614)     Rebuild Free List: 0.1ms
[173.648s][debug][gc,phases         ] GC(3614)     Humongous Reclaim: 0.0ms
[173.648s][debug][gc,phases         ] GC(3614)     Start New Collection Set: 0.0ms
[173.649s][debug][gc,phases         ] GC(3614)     Resize TLABs: 0.0ms
[173.649s][debug][gc,phases         ] GC(3614)     Expand Heap After Collection: 0.0ms
[173.649s][info ][gc,phases         ] GC(3614)   Other: 0.5ms
[173.649s][info ][gc,heap           ] GC(3614) Eden regions: 869->0(869)
[173.649s][info ][gc,heap           ] GC(3614) Survivor regions: 4->4(110)
[173.649s][info ][gc,heap           ] GC(3614) Old regions: 17->17
[173.649s][info ][gc,heap           ] GC(3614) Archive regions: 2->2
[173.649s][info ][gc,heap           ] GC(3614) Humongous regions: 0->0
[173.649s][info ][gc,metaspace      ] GC(3614) Metaspace: 10069K(10624K)->10069K(10624K) NonClass: 8921K(9216K)->8921K(9216K) Class: 1148K(1408K)->1148K(1408K)
[173.649s][debug][gc,heap           ] GC(3614) Heap after GC invocations=3615 (full 1): garbage-first heap   total 1490944K, used 21306K [0x0000000700000000, 0x0000000800000000)
[173.649s][debug][gc,heap           ] GC(3614)   region size 1024K, 4 young (4096K), 4 survivors (4096K)
[173.649s][debug][gc,heap           ] GC(3614)  Metaspace       used 10069K, capacity 10368K, committed 10624K, reserved 1058816K
[173.649s][debug][gc,heap           ] GC(3614)   class space    used 1148K, capacity 1266K, committed 1408K, reserved 1048576K
[173.649s][info ][gc                ] GC(3614) Pause Young (Normal) (G1 Evacuation Pause) 889M->20M(1456M) 3.558ms
[173.649s][info ][gc,cpu            ] GC(3614) User=0.01s Sys=0.00s Real=0.01s
[173.649s][info ][safepoint         ] Safepoint "G1CollectForAllocation", Time since last: 46245282 ns, Reaching safepoint: 144241 ns, At safepoint: 3926533 ns, Total: 4070774 ns
[173.696s][debug][gc,heap           ] GC(3615) Heap before GC invocations=3615 (full 1): garbage-first heap   total 1490944K, used 910138K [0x0000000700000000, 0x0000000800000000)
[173.696s][debug][gc,heap           ] GC(3615)   region size 1024K, 873 young (893952K), 4 survivors (4096K)
[173.696s][debug][gc,heap           ] GC(3615)  Metaspace       used 10069K, capacity 10368K, committed 10624K, reserved 1058816K
[173.696s][debug][gc,heap           ] GC(3615)   class space    used 1148K, capacity 1266K, committed 1408K, reserved 1048576K
[173.696s][info ][gc,start          ] GC(3615) Pause Young (Normal) (G1 Evacuation Pause)
[173.696s][info ][gc,task           ] GC(3615) Using 8 workers of 8 for evacuation
[173.696s][debug][gc,tlab           ] GC(3615) TLAB totals: thrds: 8  refills: 18 max: 3 slow allocs: 1725 max 255 waste: 32.9% gc: 1416312B max: 232128B slow: 100472B max: 15096B fast: 0B max: 0B
[173.696s][debug][gc,age            ] GC(3615) Desired survivor size 57671680 bytes, new threshold 15 (max threshold 15)
[173.696s][debug][gc,alloc,region   ] GC(3615) Mutator Allocation stats, regions: 869, wasted size: 203M (23.4%)
[173.697s][debug][gc,ergo           ] GC(3615) Running G1 Merge Heap Roots using 8 workers for 873 regions
[173.697s][debug][gc,remset         ] GC(3615) Visited cards 256 Total dirty 2048 (12.50%) Total old 3614720 (0.01%)
[173.697s][debug][gc,ergo           ] GC(3615) Running G1 Clear Card Table Task using 2 workers for 2 units of work for 874 regions.
[173.698s][debug][gc,ref            ] GC(3615) Skipped phase1 of Reference Processing due to unavailable references
[173.698s][debug][gc,ref            ] GC(3615) Skipped phase2 of Reference Processing due to unavailable references
[173.698s][debug][gc,ref            ] GC(3615) Skipped phase3 of Reference Processing due to unavailable references
[173.698s][debug][gc,ref            ] GC(3615) Skipped phase4 of Reference Processing due to unavailable references
[173.698s][debug][gc,ergo           ] GC(3615) Running G1 Free Collection Set using 8 workers for collection set length 873 (1456)
[173.698s][debug][gc,ergo           ] GC(3615) Running G1 Rebuild Free List Task using 8 workers for rebuilding free list of 0 (4096) regions
[173.698s][trace][gc,age            ] GC(3615) Age table with threshold 15 (max threshold 15)
[173.698s][trace][gc,age            ] GC(3615) - age   1:    4002592 bytes,    4002592 total
[173.698s][debug][gc,plab           ] GC(3615) Young PLAB allocation: allocated: 14448B, wasted: 0B, unused: 12000B, used: 2448B, undo waste: 0B, 
[173.698s][debug][gc,plab           ] GC(3615) Young other allocation: region end waste: 985928B, regions filled: 5, direct allocated: 4000144B, failure used: 0B, failure wasted: 0B
[173.698s][debug][gc,plab           ] GC(3615) Young sizing: calculated: 0B, actual: 2064B
[173.698s][debug][gc,plab           ] GC(3615) Old PLAB allocation: allocated: 0B, wasted: 0B, unused: 0B, used: 0B, undo waste: 0B, 
[173.698s][debug][gc,plab           ] GC(3615) Old other allocation: region end waste: 0B, regions filled: 1, direct allocated: 0B, failure used: 0B, failure wasted: 0B
[173.698s][debug][gc,plab           ] GC(3615) Old sizing: calculated: 0B, actual: 2064B
[173.698s][debug][gc,ihop           ] GC(3615) Basic information (value update), threshold: 687026995B (45.00), target occupancy: 1526726656B, current occupancy: 22870344B, recent allocation size: 0B, recent allocation duration: 49.25ms, recent old gen allocation rate: 0.00B/s, recent marking phase length: 29.01ms
[173.698s][debug][gc,ihop           ] GC(3615) Adaptive IHOP information (value update), threshold: 687026995B (47.37), internal target occupancy: 1450390323B, occupancy: 22870344B, additional buffer size: 915406848B, predicted old gen allocation rate: 2925.58B/s, predicted marking phase length: 58.01ms, prediction active: false
[173.698s][debug][gc,ergo,refine    ] GC(3615) Concurrent refinement times: Logged Cards Scan time goal: 20.00ms Logged Cards Scan time: 0.00ms HCC time: 0.00ms
[173.698s][debug][gc,ergo,refine    ] GC(3615) Updated Refinement Zones: green: 2048, yellow: 6144, red: 10240
[173.698s][info ][gc,phases         ] GC(3615)   Pre Evacuate Collection Set: 0.2ms
[173.698s][debug][gc,phases         ] GC(3615)     Prepare TLABs: 0.0ms
[173.698s][debug][gc,phases         ] GC(3615)     Choose Collection Set: 0.0ms
[173.698s][debug][gc,phases         ] GC(3615)     Region Register: 0.1ms
[173.698s][debug][gc,phases         ] GC(3615)     Prepare Heap Roots: 0.0ms
[173.698s][info ][gc,phases         ] GC(3615)   Merge Heap Roots: 0.2ms
[173.698s][debug][gc,phases         ] GC(3615)     Prepare Merge Heap Roots: 0.0ms
[173.698s][debug][gc,phases         ] GC(3615)     Eager Reclaim (ms):       skipped
[173.698s][debug][gc,phases         ] GC(3615)     Remembered Sets (ms):     Min:  0.0, Avg:  0.0, Max:  0.1, Diff:  0.1, Sum:  0.4, Workers: 8
[173.698s][debug][gc,phases         ] GC(3615)       Merged Sparse:            Min: 0, Avg:  0.0, Max: 0, Diff: 0, Sum: 0, Workers: 8
[173.698s][debug][gc,phases         ] GC(3615)       Merged Fine:              Min: 0, Avg:  0.0, Max: 0, Diff: 0, Sum: 0, Workers: 8
[173.698s][debug][gc,phases         ] GC(3615)       Merged Coarse:            Min: 0, Avg:  0.0, Max: 0, Diff: 0, Sum: 0, Workers: 8
[173.698s][debug][gc,phases         ] GC(3615)       Dirty Cards:              Min: 0, Avg:  0.0, Max: 0, Diff: 0, Sum: 0, Workers: 8
[173.698s][debug][gc,phases         ] GC(3615)     Hot Card Cache (ms):      Min:  0.0, Avg:  0.0, Max:  0.0, Diff:  0.0, Sum:  0.0, Workers: 8
[173.698s][debug][gc,phases         ] GC(3615)       Dirty Cards:              Min: 0, Avg:  0.0, Max: 0, Diff: 0, Sum: 0, Workers: 8
[173.698s][debug][gc,phases         ] GC(3615)       Skipped Cards:            Min: 0, Avg:  0.0, Max: 0, Diff: 0, Sum: 0, Workers: 8
[173.698s][debug][gc,phases         ] GC(3615)     Log Buffers (ms):         Min:  0.0, Avg:  0.0, Max:  0.0, Diff:  0.0, Sum:  0.0, Workers: 8
[173.699s][debug][gc,phases         ] GC(3615)       Dirty Cards:              Min: 0, Avg:  0.1, Max: 1, Diff: 1, Sum: 1, Workers: 8
[173.699s][debug][gc,phases         ] GC(3615)       Skipped Cards:            Min: 0, Avg:  0.0, Max: 0, Diff: 0, Sum: 0, Workers: 8
[173.699s][info ][gc,phases         ] GC(3615)   Evacuate Collection Set: 0.5ms
[173.699s][debug][gc,phases         ] GC(3615)     Ext Root Scanning (ms):   Min:  0.0, Avg:  0.2, Max:  0.3, Diff:  0.3, Sum:  1.9, Workers: 8
[173.699s][debug][gc,phases         ] GC(3615)     Scan Heap Roots (ms):     Min:  0.0, Avg:  0.0, Max:  0.0, Diff:  0.0, Sum:  0.0, Workers: 8
[173.699s][debug][gc,phases         ] GC(3615)       Scanned Cards:            Min: 0, Avg:  0.1, Max: 1, Diff: 1, Sum: 1, Workers: 8
[173.699s][debug][gc,phases         ] GC(3615)       Scanned Blocks:           Min: 0, Avg:  0.1, Max: 1, Diff: 1, Sum: 1, Workers: 8
[173.699s][debug][gc,phases         ] GC(3615)       Claimed Chunks:           Min: 0, Avg:  0.1, Max: 1, Diff: 1, Sum: 1, Workers: 8
[173.699s][debug][gc,phases         ] GC(3615)     Code Root Scan (ms):      Min:  0.0, Avg:  0.0, Max:  0.1, Diff:  0.1, Sum:  0.2, Workers: 8
[173.699s][debug][gc,phases         ] GC(3615)     Object Copy (ms):         Min:  0.0, Avg:  0.0, Max:  0.0, Diff:  0.0, Sum:  0.0, Workers: 8
[173.699s][debug][gc,phases         ] GC(3615)     Termination (ms):         Min:  0.1, Avg:  0.1, Max:  0.1, Diff:  0.0, Sum:  0.7, Workers: 8
[173.699s][debug][gc,phases         ] GC(3615)       Termination Attempts:     Min: 1, Avg:  1.0, Max: 1, Diff: 0, Sum: 8, Workers: 8
[173.699s][debug][gc,phases         ] GC(3615)     GC Worker Other (ms):     Min:  0.0, Avg:  0.1, Max:  0.2, Diff:  0.2, Sum:  0.7, Workers: 8
[173.699s][debug][gc,phases         ] GC(3615)     GC Worker Total (ms):     Min:  0.1, Avg:  0.4, Max:  0.5, Diff:  0.4, Sum:  3.5, Workers: 8
[173.699s][info ][gc,phases         ] GC(3615)   Post Evacuate Collection Set: 0.8ms
[173.699s][debug][gc,phases         ] GC(3615)     Code Roots Fixup: 0.0ms
[173.699s][debug][gc,phases         ] GC(3615)     Clear Card Table: 0.2ms
[173.699s][debug][gc,phases         ] GC(3615)     Reference Processing: 0.1ms
[173.699s][debug][gc,phases,ref     ] GC(3615)       Reconsider SoftReferences: 0.0ms
[173.699s][debug][gc,phases,ref     ] GC(3615)         SoftRef (ms):             skipped
[173.699s][debug][gc,phases,ref     ] GC(3615)       Notify Soft/WeakReferences: 0.0ms
[173.699s][debug][gc,phases,ref     ] GC(3615)         SoftRef (ms):             skipped
[173.699s][debug][gc,phases,ref     ] GC(3615)         WeakRef (ms):             skipped
[173.699s][debug][gc,phases,ref     ] GC(3615)         FinalRef (ms):            skipped
[173.699s][debug][gc,phases,ref     ] GC(3615)         Total (ms):               skipped
[173.699s][debug][gc,phases,ref     ] GC(3615)       Notify and keep alive finalizable: 0.0ms
[173.699s][debug][gc,phases,ref     ] GC(3615)         FinalRef (ms):            skipped
[173.699s][debug][gc,phases,ref     ] GC(3615)       Notify PhantomReferences: 0.0ms
[173.699s][debug][gc,phases,ref     ] GC(3615)         PhantomRef (ms):          skipped
[173.699s][debug][gc,phases,ref     ] GC(3615)       SoftReference:
[173.699s][debug][gc,phases,ref     ] GC(3615)         Discovered: 0
[173.699s][debug][gc,phases,ref     ] GC(3615)         Cleared: 0
[173.699s][debug][gc,phases,ref     ] GC(3615)       WeakReference:
[173.699s][debug][gc,phases,ref     ] GC(3615)         Discovered: 0
[173.699s][debug][gc,phases,ref     ] GC(3615)         Cleared: 0
[173.699s][debug][gc,phases,ref     ] GC(3615)       FinalReference:
[173.699s][debug][gc,phases,ref     ] GC(3615)         Discovered: 0
[173.699s][debug][gc,phases,ref     ] GC(3615)         Cleared: 0
[173.699s][debug][gc,phases,ref     ] GC(3615)       PhantomReference:
[173.699s][debug][gc,phases,ref     ] GC(3615)         Discovered: 0
[173.699s][debug][gc,phases,ref     ] GC(3615)         Cleared: 0
[173.699s][debug][gc,phases         ] GC(3615)     Weak Processing: 0.1ms
[173.699s][debug][gc,phases         ] GC(3615)       JVMTI weak processing: 0.0ms
[173.699s][debug][gc,phases         ] GC(3615)         Dead: 0
[173.699s][debug][gc,phases         ] GC(3615)         Total: 0
[173.699s][debug][gc,phases         ] GC(3615)       JFR weak processing: 0.0ms
[173.699s][debug][gc,phases         ] GC(3615)         Dead: 0
[173.699s][debug][gc,phases         ] GC(3615)         Total: 0
[173.699s][debug][gc,phases         ] GC(3615)       JNI weak                  Min:  0.0, Avg:  0.0, Max:  0.0, Diff:  0.0, Sum:  0.0, Workers: 5
[173.699s][debug][gc,phases         ] GC(3615)         Dead                      Min: 0, Avg:  0.0, Max: 0, Diff: 0, Sum: 0, Workers: 5
[173.699s][debug][gc,phases         ] GC(3615)         Total                     Min: 0, Avg: 25.6, Max: 128, Diff: 128, Sum: 128, Workers: 5
[173.699s][debug][gc,phases         ] GC(3615)       VM weak                   Min:  0.0, Avg:  0.0, Max:  0.0, Diff:  0.0, Sum:  0.0, Workers: 5
[173.699s][debug][gc,phases         ] GC(3615)         Dead                      Min: 0, Avg:  0.0, Max: 0, Diff: 0, Sum: 0, Workers: 5
[173.699s][debug][gc,phases         ] GC(3615)         Total                     Min: 0, Avg: 42.4, Max: 84, Diff: 84, Sum: 212, Workers: 5
[173.699s][debug][gc,phases         ] GC(3615)       StringTable weak          Min:  0.0, Avg:  0.0, Max:  0.0, Diff:  0.0, Sum:  0.1, Workers: 5
[173.699s][debug][gc,phases         ] GC(3615)         Dead                      Min: 0, Avg:  0.0, Max: 0, Diff: 0, Sum: 0, Workers: 5
[173.699s][debug][gc,phases         ] GC(3615)         Total                     Min: 0, Avg: 686.2, Max: 960, Diff: 960, Sum: 3431, Workers: 5
[173.699s][debug][gc,phases         ] GC(3615)       ResolvedMethodTable weak  Min:  0.0, Avg:  0.0, Max:  0.0, Diff:  0.0, Sum:  0.0, Workers: 5
[173.699s][debug][gc,phases         ] GC(3615)         Dead                      Min: 0, Avg:  0.0, Max: 0, Diff: 0, Sum: 0, Workers: 5
[173.699s][debug][gc,phases         ] GC(3615)         Total                     Min: 0, Avg: 114.6, Max: 189, Diff: 189, Sum: 573, Workers: 5
[173.699s][debug][gc,phases         ] GC(3615)     Merge Per-Thread State: 0.0ms
[173.699s][debug][gc,phases         ] GC(3615)       Copied Bytes              Min: 0, Avg: 500324.0, Max: 800768, Diff: 800768, Sum: 4002592, Workers: 8
[173.699s][debug][gc,phases         ] GC(3615)       LAB Waste                 Min: 0, Avg:  0.0, Max: 0, Diff: 0, Sum: 0, Workers: 8
[173.699s][debug][gc,phases         ] GC(3615)       LAB Undo Waste            Min: 0, Avg:  0.0, Max: 0, Diff: 0, Sum: 0, Workers: 8
[173.699s][debug][gc,phases         ] GC(3615)     Code Roots Purge: 0.0ms
[173.699s][debug][gc,phases         ] GC(3615)     Redirty Cards: 0.0ms
[173.699s][debug][gc,phases         ] GC(3615)     DerivedPointerTable Update: 0.0ms
[173.699s][debug][gc,phases         ] GC(3615)     Free Collection Set: 0.2ms
[173.699s][debug][gc,phases         ] GC(3615)     Rebuild Free List: 0.1ms
[173.699s][debug][gc,phases         ] GC(3615)     Humongous Reclaim: 0.0ms
[173.699s][debug][gc,phases         ] GC(3615)     Start New Collection Set: 0.0ms
[173.699s][debug][gc,phases         ] GC(3615)     Resize TLABs: 0.0ms
[173.699s][debug][gc,phases         ] GC(3615)     Expand Heap After Collection: 0.0ms
[173.699s][info ][gc,phases         ] GC(3615)   Other: 0.5ms
[173.699s][info ][gc,heap           ] GC(3615) Eden regions: 869->0(868)
[173.699s][info ][gc,heap           ] GC(3615) Survivor regions: 4->5(110)
[173.699s][info ][gc,heap           ] GC(3615) Old regions: 17->17
[173.699s][info ][gc,heap           ] GC(3615) Archive regions: 2->2
[173.699s][info ][gc,heap           ] GC(3615) Humongous regions: 0->0
[173.699s][info ][gc,metaspace      ] GC(3615) Metaspace: 10069K(10624K)->10069K(10624K) NonClass: 8921K(9216K)->8921K(9216K) Class: 1148K(1408K)->1148K(1408K)
[173.699s][debug][gc,heap           ] GC(3615) Heap after GC invocations=3616 (full 1): garbage-first heap   total 1490944K, used 22334K [0x0000000700000000, 0x0000000800000000)
[173.700s][debug][gc,heap           ] GC(3615)   region size 1024K, 5 young (5120K), 5 survivors (5120K)
[173.700s][debug][gc,heap           ] GC(3615)  Metaspace       used 10069K, capacity 10368K, committed 10624K, reserved 1058816K
[173.700s][debug][gc,heap           ] GC(3615)   class space    used 1148K, capacity 1266K, committed 1408K, reserved 1048576K
[173.700s][info ][gc                ] GC(3615) Pause Young (Normal) (G1 Evacuation Pause) 889M->21M(1456M) 3.314ms
[173.700s][info ][gc,cpu            ] GC(3615) User=0.00s Sys=0.00s Real=0.01s
[173.700s][info ][safepoint         ] Safepoint "G1CollectForAllocation", Time since last: 46965936 ns, Reaching safepoint: 174261 ns, At safepoint: 3747904 ns, Total: 3922165 ns
[173.749s][debug][gc,heap           ] GC(3616) Heap before GC invocations=3616 (full 1): garbage-first heap   total 1490944K, used 910142K [0x0000000700000000, 0x0000000800000000)
[173.749s][debug][gc,heap           ] GC(3616)   region size 1024K, 873 young (893952K), 5 survivors (5120K)
[173.749s][debug][gc,heap           ] GC(3616)  Metaspace       used 10069K, capacity 10368K, committed 10624K, reserved 1058816K
[173.749s][debug][gc,heap           ] GC(3616)   class space    used 1148K, capacity 1266K, committed 1408K, reserved 1048576K
[173.749s][info ][gc,start          ] GC(3616) Pause Young (Normal) (G1 Evacuation Pause)
[173.749s][info ][gc,task           ] GC(3616) Using 8 workers of 8 for evacuation
[173.749s][debug][gc,tlab           ] GC(3616) TLAB totals: thrds: 8  refills: 18 max: 3 slow allocs: 1727 max 236 waste: 29.1% gc: 1194632B max: 238448B slow: 75952B max: 15096B fast: 0B max: 0B
[173.749s][debug][gc,age            ] GC(3616) Desired survivor size 57671680 bytes, new threshold 15 (max threshold 15)
[173.749s][debug][gc,alloc,region   ] GC(3616) Mutator Allocation stats, regions: 868, wasted size: 203M (23.4%)
[173.749s][debug][gc,ergo           ] GC(3616) Running G1 Merge Heap Roots using 8 workers for 873 regions
[173.750s][debug][gc,remset         ] GC(3616) Visited cards 512 Total dirty 4096 (12.50%) Total old 3614720 (0.01%)
[173.750s][debug][gc,ergo           ] GC(3616) Running G1 Clear Card Table Task using 2 workers for 2 units of work for 875 regions.
[173.750s][debug][gc,ref            ] GC(3616) Skipped phase1 of Reference Processing due to unavailable references
[173.750s][debug][gc,ref            ] GC(3616) Skipped phase2 of Reference Processing due to unavailable references
[173.750s][debug][gc,ref            ] GC(3616) Skipped phase3 of Reference Processing due to unavailable references
[173.750s][debug][gc,ref            ] GC(3616) Skipped phase4 of Reference Processing due to unavailable references
[173.750s][debug][gc,ergo           ] GC(3616) Running G1 Free Collection Set using 8 workers for collection set length 873 (1456)
[173.751s][debug][gc,ergo           ] GC(3616) Running G1 Rebuild Free List Task using 8 workers for rebuilding free list of 0 (4096) regions
[173.751s][trace][gc,age            ] GC(3616) Age table with threshold 15 (max threshold 15)
[173.751s][trace][gc,age            ] GC(3616) - age   1:    2402536 bytes,    2402536 total
[173.751s][debug][gc,plab           ] GC(3616) Young PLAB allocation: allocated: 16512B, wasted: 0B, unused: 14064B, used: 2448B, undo waste: 0B, 
[173.751s][debug][gc,plab           ] GC(3616) Young other allocation: region end waste: 484704B, regions filled: 3, direct allocated: 2400088B, failure used: 0B, failure wasted: 0B
[173.751s][debug][gc,plab           ] GC(3616) Young sizing: calculated: 0B, actual: 2064B
[173.751s][debug][gc,plab           ] GC(3616) Old PLAB allocation: allocated: 0B, wasted: 0B, unused: 0B, used: 0B, undo waste: 0B, 
[173.751s][debug][gc,plab           ] GC(3616) Old other allocation: region end waste: 0B, regions filled: 1, direct allocated: 0B, failure used: 0B, failure wasted: 0B
[173.751s][debug][gc,plab           ] GC(3616) Old sizing: calculated: 0B, actual: 2064B
[173.751s][debug][gc,ihop           ] GC(3616) Basic information (value update), threshold: 687026995B (45.00), target occupancy: 1526726656B, current occupancy: 20771128B, recent allocation size: 0B, recent allocation duration: 50.98ms, recent old gen allocation rate: 0.00B/s, recent marking phase length: 29.01ms
[173.751s][debug][gc,ihop           ] GC(3616) Adaptive IHOP information (value update), threshold: 687026995B (47.37), internal target occupancy: 1450390323B, occupancy: 20771128B, additional buffer size: 915406848B, predicted old gen allocation rate: 2848.88B/s, predicted marking phase length: 58.01ms, prediction active: false
[173.751s][debug][gc,ergo,refine    ] GC(3616) Concurrent refinement times: Logged Cards Scan time goal: 20.00ms Logged Cards Scan time: 0.00ms HCC time: 0.00ms
[173.751s][debug][gc,ergo,refine    ] GC(3616) Updated Refinement Zones: green: 2048, yellow: 6144, red: 10240
[173.751s][info ][gc,phases         ] GC(3616)   Pre Evacuate Collection Set: 0.2ms
[173.751s][debug][gc,phases         ] GC(3616)     Prepare TLABs: 0.0ms
[173.751s][debug][gc,phases         ] GC(3616)     Choose Collection Set: 0.0ms
[173.751s][debug][gc,phases         ] GC(3616)     Region Register: 0.1ms
[173.751s][debug][gc,phases         ] GC(3616)     Prepare Heap Roots: 0.0ms
[173.751s][info ][gc,phases         ] GC(3616)   Merge Heap Roots: 0.2ms
[173.751s][debug][gc,phases         ] GC(3616)     Prepare Merge Heap Roots: 0.0ms
[173.751s][debug][gc,phases         ] GC(3616)     Eager Reclaim (ms):       skipped
[173.751s][debug][gc,phases         ] GC(3616)     Remembered Sets (ms):     Min:  0.0, Avg:  0.0, Max:  0.1, Diff:  0.0, Sum:  0.3, Workers: 8
[173.751s][debug][gc,phases         ] GC(3616)       Merged Sparse:            Min: 0, Avg:  0.0, Max: 0, Diff: 0, Sum: 0, Workers: 8
[173.751s][debug][gc,phases         ] GC(3616)       Merged Fine:              Min: 0, Avg:  0.0, Max: 0, Diff: 0, Sum: 0, Workers: 8
[173.751s][debug][gc,phases         ] GC(3616)       Merged Coarse:            Min: 0, Avg:  0.0, Max: 0, Diff: 0, Sum: 0, Workers: 8
[173.751s][debug][gc,phases         ] GC(3616)       Dirty Cards:              Min: 0, Avg:  0.0, Max: 0, Diff: 0, Sum: 0, Workers: 8
[173.751s][debug][gc,phases         ] GC(3616)     Hot Card Cache (ms):      Min:  0.0, Avg:  0.0, Max:  0.0, Diff:  0.0, Sum:  0.0, Workers: 8
[173.751s][debug][gc,phases         ] GC(3616)       Dirty Cards:              Min: 0, Avg:  0.0, Max: 0, Diff: 0, Sum: 0, Workers: 8
[173.751s][debug][gc,phases         ] GC(3616)       Skipped Cards:            Min: 0, Avg:  0.0, Max: 0, Diff: 0, Sum: 0, Workers: 8
[173.751s][debug][gc,phases         ] GC(3616)     Log Buffers (ms):         Min:  0.0, Avg:  0.0, Max:  0.0, Diff:  0.0, Sum:  0.0, Workers: 8
[173.751s][debug][gc,phases         ] GC(3616)       Dirty Cards:              Min: 0, Avg:  0.2, Max: 1, Diff: 1, Sum: 2, Workers: 8
[173.751s][debug][gc,phases         ] GC(3616)       Skipped Cards:            Min: 0, Avg:  0.0, Max: 0, Diff: 0, Sum: 0, Workers: 8
[173.751s][info ][gc,phases         ] GC(3616)   Evacuate Collection Set: 0.4ms
[173.751s][debug][gc,phases         ] GC(3616)     Ext Root Scanning (ms):   Min:  0.0, Avg:  0.2, Max:  0.3, Diff:  0.3, Sum:  1.2, Workers: 8
[173.751s][debug][gc,phases         ] GC(3616)     Scan Heap Roots (ms):     Min:  0.0, Avg:  0.0, Max:  0.0, Diff:  0.0, Sum:  0.0, Workers: 8
[173.751s][debug][gc,phases         ] GC(3616)       Scanned Cards:            Min: 0, Avg:  0.2, Max: 1, Diff: 1, Sum: 2, Workers: 8
[173.751s][debug][gc,phases         ] GC(3616)       Scanned Blocks:           Min: 0, Avg:  0.2, Max: 1, Diff: 1, Sum: 2, Workers: 8
[173.751s][debug][gc,phases         ] GC(3616)       Claimed Chunks:           Min: 0, Avg:  0.2, Max: 1, Diff: 1, Sum: 2, Workers: 8
[173.751s][debug][gc,phases         ] GC(3616)     Code Root Scan (ms):      Min:  0.0, Avg:  0.0, Max:  0.1, Diff:  0.1, Sum:  0.2, Workers: 8
[173.751s][debug][gc,phases         ] GC(3616)     Object Copy (ms):         Min:  0.0, Avg:  0.0, Max:  0.0, Diff:  0.0, Sum:  0.0, Workers: 8
[173.751s][debug][gc,phases         ] GC(3616)     Termination (ms):         Min:  0.0, Avg:  0.1, Max:  0.1, Diff:  0.1, Sum:  0.5, Workers: 8
[173.751s][debug][gc,phases         ] GC(3616)       Termination Attempts:     Min: 1, Avg:  1.1, Max: 2, Diff: 1, Sum: 9, Workers: 8
[173.751s][debug][gc,phases         ] GC(3616)     GC Worker Other (ms):     Min:  0.0, Avg:  0.1, Max:  0.1, Diff:  0.1, Sum:  0.5, Workers: 8
[173.751s][debug][gc,phases         ] GC(3616)     GC Worker Total (ms):     Min:  0.1, Avg:  0.3, Max:  0.4, Diff:  0.3, Sum:  2.5, Workers: 8
[173.751s][info ][gc,phases         ] GC(3616)   Post Evacuate Collection Set: 0.8ms
[173.751s][debug][gc,phases         ] GC(3616)     Code Roots Fixup: 0.0ms
[173.751s][debug][gc,phases         ] GC(3616)     Clear Card Table: 0.3ms
[173.751s][debug][gc,phases         ] GC(3616)     Reference Processing: 0.1ms
[173.751s][debug][gc,phases,ref     ] GC(3616)       Reconsider SoftReferences: 0.0ms
[173.751s][debug][gc,phases,ref     ] GC(3616)         SoftRef (ms):             skipped
[173.751s][debug][gc,phases,ref     ] GC(3616)       Notify Soft/WeakReferences: 0.0ms
[173.751s][debug][gc,phases,ref     ] GC(3616)         SoftRef (ms):             skipped
[173.752s][debug][gc,phases,ref     ] GC(3616)         WeakRef (ms):             skipped
[173.752s][debug][gc,phases,ref     ] GC(3616)         FinalRef (ms):            skipped
[173.752s][debug][gc,phases,ref     ] GC(3616)         Total (ms):               skipped
[173.752s][debug][gc,phases,ref     ] GC(3616)       Notify and keep alive finalizable: 0.0ms
[173.752s][debug][gc,phases,ref     ] GC(3616)         FinalRef (ms):            skipped
[173.752s][debug][gc,phases,ref     ] GC(3616)       Notify PhantomReferences: 0.0ms
[173.752s][debug][gc,phases,ref     ] GC(3616)         PhantomRef (ms):          skipped
[173.752s][debug][gc,phases,ref     ] GC(3616)       SoftReference:
[173.752s][debug][gc,phases,ref     ] GC(3616)         Discovered: 0
[173.752s][debug][gc,phases,ref     ] GC(3616)         Cleared: 0
[173.752s][debug][gc,phases,ref     ] GC(3616)       WeakReference:
[173.752s][debug][gc,phases,ref     ] GC(3616)         Discovered: 0
[173.752s][debug][gc,phases,ref     ] GC(3616)         Cleared: 0
[173.752s][debug][gc,phases,ref     ] GC(3616)       FinalReference:
[173.752s][debug][gc,phases,ref     ] GC(3616)         Discovered: 0
[173.752s][debug][gc,phases,ref     ] GC(3616)         Cleared: 0
[173.752s][debug][gc,phases,ref     ] GC(3616)       PhantomReference:
[173.752s][debug][gc,phases,ref     ] GC(3616)         Discovered: 0
[173.752s][debug][gc,phases,ref     ] GC(3616)         Cleared: 0
[173.752s][debug][gc,phases         ] GC(3616)     Weak Processing: 0.0ms
[173.752s][debug][gc,phases         ] GC(3616)       JVMTI weak processing: 0.0ms
[173.752s][debug][gc,phases         ] GC(3616)         Dead: 0
[173.752s][debug][gc,phases         ] GC(3616)         Total: 0
[173.752s][debug][gc,phases         ] GC(3616)       JFR weak processing: 0.0ms
[173.752s][debug][gc,phases         ] GC(3616)         Dead: 0
[173.752s][debug][gc,phases         ] GC(3616)         Total: 0
[173.752s][debug][gc,phases         ] GC(3616)       JNI weak                  Min:  0.0, Avg:  0.0, Max:  0.0, Diff:  0.0, Sum:  0.0, Workers: 5
[173.752s][debug][gc,phases         ] GC(3616)         Dead                      Min: 0, Avg:  0.0, Max: 0, Diff: 0, Sum: 0, Workers: 5
[173.752s][debug][gc,phases         ] GC(3616)         Total                     Min: 0, Avg: 25.6, Max: 64, Diff: 64, Sum: 128, Workers: 5
[173.752s][debug][gc,phases         ] GC(3616)       VM weak                   Min:  0.0, Avg:  0.0, Max:  0.0, Diff:  0.0, Sum:  0.0, Workers: 5
[173.752s][debug][gc,phases         ] GC(3616)         Dead                      Min: 0, Avg:  0.0, Max: 0, Diff: 0, Sum: 0, Workers: 5
[173.752s][debug][gc,phases         ] GC(3616)         Total                     Min: 0, Avg: 42.4, Max: 84, Diff: 84, Sum: 212, Workers: 5
[173.752s][debug][gc,phases         ] GC(3616)       StringTable weak          Min:  0.0, Avg:  0.0, Max:  0.0, Diff:  0.0, Sum:  0.1, Workers: 5
[173.752s][debug][gc,phases         ] GC(3616)         Dead                      Min: 0, Avg:  0.0, Max: 0, Diff: 0, Sum: 0, Workers: 5
[173.752s][debug][gc,phases         ] GC(3616)         Total                     Min: 0, Avg: 686.2, Max: 935, Diff: 935, Sum: 3431, Workers: 5
[173.752s][debug][gc,phases         ] GC(3616)       ResolvedMethodTable weak  Min:  0.0, Avg:  0.0, Max:  0.0, Diff:  0.0, Sum:  0.0, Workers: 5
[173.752s][debug][gc,phases         ] GC(3616)         Dead                      Min: 0, Avg:  0.0, Max: 0, Diff: 0, Sum: 0, Workers: 5
[173.752s][debug][gc,phases         ] GC(3616)         Total                     Min: 0, Avg: 114.6, Max: 189, Diff: 189, Sum: 573, Workers: 5
[173.752s][debug][gc,phases         ] GC(3616)     Merge Per-Thread State: 0.0ms
[173.752s][debug][gc,phases         ] GC(3616)       Copied Bytes              Min: 144, Avg: 300317.0, Max: 800096, Diff: 799952, Sum: 2402536, Workers: 8
[173.752s][debug][gc,phases         ] GC(3616)       LAB Waste                 Min: 0, Avg:  0.0, Max: 0, Diff: 0, Sum: 0, Workers: 8
[173.752s][debug][gc,phases         ] GC(3616)       LAB Undo Waste            Min: 0, Avg:  0.0, Max: 0, Diff: 0, Sum: 0, Workers: 8
[173.752s][debug][gc,phases         ] GC(3616)     Code Roots Purge: 0.0ms
[173.752s][debug][gc,phases         ] GC(3616)     Redirty Cards: 0.0ms
[173.752s][debug][gc,phases         ] GC(3616)     DerivedPointerTable Update: 0.0ms
[173.752s][debug][gc,phases         ] GC(3616)     Free Collection Set: 0.2ms
[173.752s][debug][gc,phases         ] GC(3616)     Rebuild Free List: 0.1ms
[173.752s][debug][gc,phases         ] GC(3616)     Humongous Reclaim: 0.0ms
[173.752s][debug][gc,phases         ] GC(3616)     Start New Collection Set: 0.0ms
[173.752s][debug][gc,phases         ] GC(3616)     Resize TLABs: 0.0ms
[173.752s][debug][gc,phases         ] GC(3616)     Expand Heap After Collection: 0.0ms
[173.752s][info ][gc,phases         ] GC(3616)   Other: 0.5ms
[173.752s][info ][gc,heap           ] GC(3616) Eden regions: 868->0(870)
[173.752s][info ][gc,heap           ] GC(3616) Survivor regions: 5->3(110)
[173.752s][info ][gc,heap           ] GC(3616) Old regions: 17->17
[173.752s][info ][gc,heap           ] GC(3616) Archive regions: 2->2
[173.752s][info ][gc,heap           ] GC(3616) Humongous regions: 0->0
[173.752s][info ][gc,metaspace      ] GC(3616) Metaspace: 10069K(10624K)->10069K(10624K) NonClass: 8921K(9216K)->8921K(9216K) Class: 1148K(1408K)->1148K(1408K)
[173.752s][debug][gc,heap           ] GC(3616) Heap after GC invocations=3617 (full 1): garbage-first heap   total 1490944K, used 20284K [0x0000000700000000, 0x0000000800000000)
[173.752s][debug][gc,heap           ] GC(3616)   region size 1024K, 3 young (3072K), 3 survivors (3072K)
[173.752s][debug][gc,heap           ] GC(3616)  Metaspace       used 10069K, capacity 10368K, committed 10624K, reserved 1058816K
[173.752s][debug][gc,heap           ] GC(3616)   class space    used 1148K, capacity 1266K, committed 1408K, reserved 1048576K
[173.752s][info ][gc                ] GC(3616) Pause Young (Normal) (G1 Evacuation Pause) 889M->19M(1456M) 3.076ms
[173.752s][info ][gc,cpu            ] GC(3616) User=0.00s Sys=0.00s Real=0.00s
[173.752s][info ][safepoint         ] Safepoint "G1CollectForAllocation", Time since last: 48971849 ns, Reaching safepoint: 190914 ns, At safepoint: 3378189 ns, Total: 3569103 ns
[173.799s][debug][gc,heap           ] GC(3617) Heap before GC invocations=3617 (full 1): garbage-first heap   total 1490944K, used 910140K [0x0000000700000000, 0x0000000800000000)
[173.799s][debug][gc,heap           ] GC(3617)   region size 1024K, 873 young (893952K), 3 survivors (3072K)
[173.799s][debug][gc,heap           ] GC(3617)  Metaspace       used 10069K, capacity 10368K, committed 10624K, reserved 1058816K
[173.799s][debug][gc,heap           ] GC(3617)   class space    used 1148K, capacity 1266K, committed 1408K, reserved 1048576K
[173.799s][info ][gc,start          ] GC(3617) Pause Young (Normal) (G1 Evacuation Pause)
[173.799s][info ][gc,task           ] GC(3617) Using 8 workers of 8 for evacuation
[173.799s][debug][gc,tlab           ] GC(3617) TLAB totals: thrds: 8  refills: 13 max: 2 slow allocs: 1732 max 242 waste: 33.2% gc: 1096856B max: 230000B slow: 45424B max: 14304B fast: 0B max: 0B
[173.799s][debug][gc,age            ] GC(3617) Desired survivor size 57671680 bytes, new threshold 15 (max threshold 15)
[173.799s][debug][gc,alloc,region   ] GC(3617) Mutator Allocation stats, regions: 870, wasted size: 203M (23.4%)
[173.799s][debug][gc,ergo           ] GC(3617) Running G1 Merge Heap Roots using 8 workers for 873 regions
[173.800s][debug][gc,remset         ] GC(3617) Visited cards 256 Total dirty 2048 (12.50%) Total old 3614720 (0.01%)
[173.800s][debug][gc,ergo           ] GC(3617) Running G1 Clear Card Table Task using 2 workers for 2 units of work for 874 regions.
[173.800s][debug][gc,ref            ] GC(3617) Skipped phase1 of Reference Processing due to unavailable references
[173.800s][debug][gc,ref            ] GC(3617) Skipped phase2 of Reference Processing due to unavailable references
[173.800s][debug][gc,ref            ] GC(3617) Skipped phase3 of Reference Processing due to unavailable references
[173.800s][debug][gc,ref            ] GC(3617) Skipped phase4 of Reference Processing due to unavailable references
[173.800s][debug][gc,ergo           ] GC(3617) Running G1 Free Collection Set using 8 workers for collection set length 873 (1456)
[173.801s][debug][gc,ergo           ] GC(3617) Running G1 Rebuild Free List Task using 8 workers for rebuilding free list of 0 (4096) regions
[173.801s][trace][gc,age            ] GC(3617) Age table with threshold 15 (max threshold 15)
[173.801s][trace][gc,age            ] GC(3617) - age   1:    3202560 bytes,    3202560 total
[173.801s][debug][gc,plab           ] GC(3617) Young PLAB allocation: allocated: 16512B, wasted: 0B, unused: 14064B, used: 2448B, undo waste: 0B, 
[173.801s][debug][gc,plab           ] GC(3617) Young other allocation: region end waste: 733248B, regions filled: 4, direct allocated: 3200112B, failure used: 0B, failure wasted: 0B
[173.801s][debug][gc,plab           ] GC(3617) Young sizing: calculated: 0B, actual: 2064B
[173.801s][debug][gc,plab           ] GC(3617) Old PLAB allocation: allocated: 0B, wasted: 0B, unused: 0B, used: 0B, undo waste: 0B, 
[173.801s][debug][gc,plab           ] GC(3617) Old other allocation: region end waste: 0B, regions filled: 1, direct allocated: 0B, failure used: 0B, failure wasted: 0B
[173.801s][debug][gc,plab           ] GC(3617) Old sizing: calculated: 0B, actual: 2064B
[173.801s][debug][gc,ihop           ] GC(3617) Basic information (value update), threshold: 687026995B (45.00), target occupancy: 1526726656B, current occupancy: 21819696B, recent allocation size: 0B, recent allocation duration: 48.14ms, recent old gen allocation rate: 0.00B/s, recent marking phase length: 29.01ms
[173.801s][debug][gc,ihop           ] GC(3617) Adaptive IHOP information (value update), threshold: 687026995B (47.37), internal target occupancy: 1450390323B, occupancy: 21819696B, additional buffer size: 915406848B, predicted old gen allocation rate: 2774.24B/s, predicted marking phase length: 58.01ms, prediction active: false
[173.801s][debug][gc,ergo,refine    ] GC(3617) Concurrent refinement times: Logged Cards Scan time goal: 20.00ms Logged Cards Scan time: 0.00ms HCC time: 0.00ms
[173.801s][debug][gc,ergo,refine    ] GC(3617) Updated Refinement Zones: green: 2048, yellow: 6144, red: 10240
[173.801s][info ][gc,phases         ] GC(3617)   Pre Evacuate Collection Set: 0.2ms
[173.801s][debug][gc,phases         ] GC(3617)     Prepare TLABs: 0.0ms
[173.801s][debug][gc,phases         ] GC(3617)     Choose Collection Set: 0.0ms
[173.801s][debug][gc,phases         ] GC(3617)     Region Register: 0.2ms
[173.801s][debug][gc,phases         ] GC(3617)     Prepare Heap Roots: 0.0ms
[173.801s][info ][gc,phases         ] GC(3617)   Merge Heap Roots: 0.2ms
[173.801s][debug][gc,phases         ] GC(3617)     Prepare Merge Heap Roots: 0.0ms
[173.801s][debug][gc,phases         ] GC(3617)     Eager Reclaim (ms):       skipped
[173.801s][debug][gc,phases         ] GC(3617)     Remembered Sets (ms):     Min:  0.0, Avg:  0.0, Max:  0.0, Diff:  0.0, Sum:  0.3, Workers: 8
[173.801s][debug][gc,phases         ] GC(3617)       Merged Sparse:            Min: 0, Avg:  0.0, Max: 0, Diff: 0, Sum: 0, Workers: 8
[173.801s][debug][gc,phases         ] GC(3617)       Merged Fine:              Min: 0, Avg:  0.0, Max: 0, Diff: 0, Sum: 0, Workers: 8
[173.801s][debug][gc,phases         ] GC(3617)       Merged Coarse:            Min: 0, Avg:  0.0, Max: 0, Diff: 0, Sum: 0, Workers: 8
[173.801s][debug][gc,phases         ] GC(3617)       Dirty Cards:              Min: 0, Avg:  0.0, Max: 0, Diff: 0, Sum: 0, Workers: 8
[173.801s][debug][gc,phases         ] GC(3617)     Hot Card Cache (ms):      Min:  0.0, Avg:  0.0, Max:  0.0, Diff:  0.0, Sum:  0.0, Workers: 8
[173.801s][debug][gc,phases         ] GC(3617)       Dirty Cards:              Min: 0, Avg:  0.0, Max: 0, Diff: 0, Sum: 0, Workers: 8
[173.801s][debug][gc,phases         ] GC(3617)       Skipped Cards:            Min: 0, Avg:  0.0, Max: 0, Diff: 0, Sum: 0, Workers: 8
[173.801s][debug][gc,phases         ] GC(3617)     Log Buffers (ms):         Min:  0.0, Avg:  0.0, Max:  0.0, Diff:  0.0, Sum:  0.0, Workers: 8
[173.801s][debug][gc,phases         ] GC(3617)       Dirty Cards:              Min: 0, Avg:  0.1, Max: 1, Diff: 1, Sum: 1, Workers: 8
[173.801s][debug][gc,phases         ] GC(3617)       Skipped Cards:            Min: 0, Avg:  0.0, Max: 0, Diff: 0, Sum: 0, Workers: 8
[173.801s][info ][gc,phases         ] GC(3617)   Evacuate Collection Set: 0.4ms
[173.801s][debug][gc,phases         ] GC(3617)     Ext Root Scanning (ms):   Min:  0.1, Avg:  0.2, Max:  0.3, Diff:  0.3, Sum:  1.7, Workers: 8
[173.801s][debug][gc,phases         ] GC(3617)     Scan Heap Roots (ms):     Min:  0.0, Avg:  0.0, Max:  0.0, Diff:  0.0, Sum:  0.0, Workers: 8
[173.801s][debug][gc,phases         ] GC(3617)       Scanned Cards:            Min: 0, Avg:  0.1, Max: 1, Diff: 1, Sum: 1, Workers: 8
[173.801s][debug][gc,phases         ] GC(3617)       Scanned Blocks:           Min: 0, Avg:  0.1, Max: 1, Diff: 1, Sum: 1, Workers: 8
[173.801s][debug][gc,phases         ] GC(3617)       Claimed Chunks:           Min: 0, Avg:  0.1, Max: 1, Diff: 1, Sum: 1, Workers: 8
[173.801s][debug][gc,phases         ] GC(3617)     Code Root Scan (ms):      Min:  0.0, Avg:  0.0, Max:  0.1, Diff:  0.1, Sum:  0.2, Workers: 8
[173.801s][debug][gc,phases         ] GC(3617)     Object Copy (ms):         Min:  0.0, Avg:  0.0, Max:  0.0, Diff:  0.0, Sum:  0.0, Workers: 8
[173.801s][debug][gc,phases         ] GC(3617)     Termination (ms):         Min:  0.0, Avg:  0.1, Max:  0.1, Diff:  0.1, Sum:  0.6, Workers: 8
[173.801s][debug][gc,phases         ] GC(3617)       Termination Attempts:     Min: 1, Avg:  1.2, Max: 2, Diff: 1, Sum: 10, Workers: 8
[173.801s][debug][gc,phases         ] GC(3617)     GC Worker Other (ms):     Min:  0.0, Avg:  0.1, Max:  0.1, Diff:  0.1, Sum:  0.4, Workers: 8
[173.801s][debug][gc,phases         ] GC(3617)     GC Worker Total (ms):     Min:  0.4, Avg:  0.4, Max:  0.4, Diff:  0.0, Sum:  3.0, Workers: 8
[173.801s][info ][gc,phases         ] GC(3617)   Post Evacuate Collection Set: 0.7ms
[173.801s][debug][gc,phases         ] GC(3617)     Code Roots Fixup: 0.0ms
[173.801s][debug][gc,phases         ] GC(3617)     Clear Card Table: 0.2ms
[173.801s][debug][gc,phases         ] GC(3617)     Reference Processing: 0.1ms
[173.801s][debug][gc,phases,ref     ] GC(3617)       Reconsider SoftReferences: 0.0ms
[173.801s][debug][gc,phases,ref     ] GC(3617)         SoftRef (ms):             skipped
[173.801s][debug][gc,phases,ref     ] GC(3617)       Notify Soft/WeakReferences: 0.0ms
[173.801s][debug][gc,phases,ref     ] GC(3617)         SoftRef (ms):             skipped
[173.801s][debug][gc,phases,ref     ] GC(3617)         WeakRef (ms):             skipped
[173.801s][debug][gc,phases,ref     ] GC(3617)         FinalRef (ms):            skipped
[173.802s][debug][gc,phases,ref     ] GC(3617)         Total (ms):               skipped
[173.802s][debug][gc,phases,ref     ] GC(3617)       Notify and keep alive finalizable: 0.0ms
[173.802s][debug][gc,phases,ref     ] GC(3617)         FinalRef (ms):            skipped
[173.802s][debug][gc,phases,ref     ] GC(3617)       Notify PhantomReferences: 0.0ms
[173.802s][debug][gc,phases,ref     ] GC(3617)         PhantomRef (ms):          skipped
[173.802s][debug][gc,phases,ref     ] GC(3617)       SoftReference:
[173.802s][debug][gc,phases,ref     ] GC(3617)         Discovered: 0
[173.802s][debug][gc,phases,ref     ] GC(3617)         Cleared: 0
[173.802s][debug][gc,phases,ref     ] GC(3617)       WeakReference:
[173.802s][debug][gc,phases,ref     ] GC(3617)         Discovered: 0
[173.802s][debug][gc,phases,ref     ] GC(3617)         Cleared: 0
[173.802s][debug][gc,phases,ref     ] GC(3617)       FinalReference:
[173.802s][debug][gc,phases,ref     ] GC(3617)         Discovered: 0
[173.802s][debug][gc,phases,ref     ] GC(3617)         Cleared: 0
[173.802s][debug][gc,phases,ref     ] GC(3617)       PhantomReference:
[173.802s][debug][gc,phases,ref     ] GC(3617)         Discovered: 0
[173.802s][debug][gc,phases,ref     ] GC(3617)         Cleared: 0
[173.802s][debug][gc,phases         ] GC(3617)     Weak Processing: 0.0ms
[173.802s][debug][gc,phases         ] GC(3617)       JVMTI weak processing: 0.0ms
[173.802s][debug][gc,phases         ] GC(3617)         Dead: 0
[173.802s][debug][gc,phases         ] GC(3617)         Total: 0
[173.802s][debug][gc,phases         ] GC(3617)       JFR weak processing: 0.0ms
[173.802s][debug][gc,phases         ] GC(3617)         Dead: 0
[173.802s][debug][gc,phases         ] GC(3617)         Total: 0
[173.802s][debug][gc,phases         ] GC(3617)       JNI weak                  Min:  0.0, Avg:  0.0, Max:  0.0, Diff:  0.0, Sum:  0.0, Workers: 5
[173.802s][debug][gc,phases         ] GC(3617)         Dead                      Min: 0, Avg:  0.0, Max: 0, Diff: 0, Sum: 0, Workers: 5
[173.802s][debug][gc,phases         ] GC(3617)         Total                     Min: 0, Avg: 25.6, Max: 64, Diff: 64, Sum: 128, Workers: 5
[173.802s][debug][gc,phases         ] GC(3617)       VM weak                   Min:  0.0, Avg:  0.0, Max:  0.0, Diff:  0.0, Sum:  0.0, Workers: 5
[173.802s][debug][gc,phases         ] GC(3617)         Dead                      Min: 0, Avg:  0.0, Max: 0, Diff: 0, Sum: 0, Workers: 5
[173.802s][debug][gc,phases         ] GC(3617)         Total                     Min: 0, Avg: 42.4, Max: 64, Diff: 64, Sum: 212, Workers: 5
[173.802s][debug][gc,phases         ] GC(3617)       StringTable weak          Min:  0.0, Avg:  0.0, Max:  0.0, Diff:  0.0, Sum:  0.1, Workers: 5
[173.802s][debug][gc,phases         ] GC(3617)         Dead                      Min: 0, Avg:  0.0, Max: 0, Diff: 0, Sum: 0, Workers: 5
[173.802s][debug][gc,phases         ] GC(3617)         Total                     Min: 640, Avg: 686.2, Max: 768, Diff: 128, Sum: 3431, Workers: 5
[173.802s][debug][gc,phases         ] GC(3617)       ResolvedMethodTable weak  Min:  0.0, Avg:  0.0, Max:  0.0, Diff:  0.0, Sum:  0.0, Workers: 5
[173.802s][debug][gc,phases         ] GC(3617)         Dead                      Min: 0, Avg:  0.0, Max: 0, Diff: 0, Sum: 0, Workers: 5
[173.802s][debug][gc,phases         ] GC(3617)         Total                     Min: 61, Avg: 114.6, Max: 128, Diff: 67, Sum: 573, Workers: 5
[173.802s][debug][gc,phases         ] GC(3617)     Merge Per-Thread State: 0.0ms
[173.802s][debug][gc,phases         ] GC(3617)       Copied Bytes              Min: 72, Avg: 400320.0, Max: 800096, Diff: 800024, Sum: 3202560, Workers: 8
[173.802s][debug][gc,phases         ] GC(3617)       LAB Waste                 Min: 0, Avg:  0.0, Max: 0, Diff: 0, Sum: 0, Workers: 8
[173.802s][debug][gc,phases         ] GC(3617)       LAB Undo Waste            Min: 0, Avg:  0.0, Max: 0, Diff: 0, Sum: 0, Workers: 8
[173.802s][debug][gc,phases         ] GC(3617)     Code Roots Purge: 0.0ms
[173.802s][debug][gc,phases         ] GC(3617)     Redirty Cards: 0.0ms
[173.802s][debug][gc,phases         ] GC(3617)     DerivedPointerTable Update: 0.0ms
[173.802s][debug][gc,phases         ] GC(3617)     Free Collection Set: 0.2ms
[173.802s][debug][gc,phases         ] GC(3617)     Rebuild Free List: 0.1ms
[173.802s][debug][gc,phases         ] GC(3617)     Humongous Reclaim: 0.0ms
[173.802s][debug][gc,phases         ] GC(3617)     Start New Collection Set: 0.0ms
[173.802s][debug][gc,phases         ] GC(3617)     Resize TLABs: 0.0ms
[173.802s][debug][gc,phases         ] GC(3617)     Expand Heap After Collection: 0.0ms
[173.802s][info ][gc,phases         ] GC(3617)   Other: 0.5ms
[173.802s][info ][gc,heap           ] GC(3617) Eden regions: 870->0(869)
[173.802s][info ][gc,heap           ] GC(3617) Survivor regions: 3->4(110)
[173.802s][info ][gc,heap           ] GC(3617) Old regions: 17->17
[173.802s][info ][gc,heap           ] GC(3617) Archive regions: 2->2
[173.802s][info ][gc,heap           ] GC(3617) Humongous regions: 0->0
[173.802s][info ][gc,metaspace      ] GC(3617) Metaspace: 10069K(10624K)->10069K(10624K) NonClass: 8921K(9216K)->8921K(9216K) Class: 1148K(1408K)->1148K(1408K)
[173.802s][debug][gc,heap           ] GC(3617) Heap after GC invocations=3618 (full 1): garbage-first heap   total 1490944K, used 21308K [0x0000000700000000, 0x0000000800000000)
[173.802s][debug][gc,heap           ] GC(3617)   region size 1024K, 4 young (4096K), 4 survivors (4096K)
[173.802s][debug][gc,heap           ] GC(3617)  Metaspace       used 10069K, capacity 10368K, committed 10624K, reserved 1058816K
[173.802s][debug][gc,heap           ] GC(3617)   class space    used 1148K, capacity 1266K, committed 1408K, reserved 1048576K
[173.802s][info ][gc                ] GC(3617) Pause Young (Normal) (G1 Evacuation Pause) 889M->20M(1456M) 3.250ms
[173.802s][info ][gc,cpu            ] GC(3617) User=0.00s Sys=0.00s Real=0.00s
[173.803s][info ][safepoint         ] Safepoint "G1CollectForAllocation", Time since last: 46295198 ns, Reaching safepoint: 176079 ns, At safepoint: 3836106 ns, Total: 4012185 ns
[173.849s][debug][gc,heap           ] GC(3618) Heap before GC invocations=3618 (full 1): garbage-first heap   total 1490944K, used 910140K [0x0000000700000000, 0x0000000800000000)
[173.849s][debug][gc,heap           ] GC(3618)   region size 1024K, 873 young (893952K), 4 survivors (4096K)
[173.849s][debug][gc,heap           ] GC(3618)  Metaspace       used 10069K, capacity 10368K, committed 10624K, reserved 1058816K
[173.849s][debug][gc,heap           ] GC(3618)   class space    used 1148K, capacity 1266K, committed 1408K, reserved 1048576K
[173.849s][info ][gc,start          ] GC(3618) Pause Young (Normal) (G1 Evacuation Pause)
[173.849s][info ][gc,task           ] GC(3618) Using 8 workers of 8 for evacuation
[173.849s][debug][gc,tlab           ] GC(3618) TLAB totals: thrds: 8  refills: 16 max: 3 slow allocs: 1729 max 247 waste: 22.6% gc: 959960B max: 201792B slow: 62096B max: 15488B fast: 0B max: 0B
[173.849s][debug][gc,age            ] GC(3618) Desired survivor size 57671680 bytes, new threshold 15 (max threshold 15)
[173.849s][debug][gc,alloc,region   ] GC(3618) Mutator Allocation stats, regions: 869, wasted size: 203M (23.4%)
[173.849s][debug][gc,ergo           ] GC(3618) Running G1 Merge Heap Roots using 8 workers for 873 regions
[173.850s][debug][gc,remset         ] GC(3618) Visited cards 512 Total dirty 4096 (12.50%) Total old 3614720 (0.01%)
[173.850s][debug][gc,ergo           ] GC(3618) Running G1 Clear Card Table Task using 2 workers for 2 units of work for 875 regions.
[173.850s][debug][gc,ref            ] GC(3618) Skipped phase1 of Reference Processing due to unavailable references
[173.850s][debug][gc,ref            ] GC(3618) Skipped phase2 of Reference Processing due to unavailable references
[173.850s][debug][gc,ref            ] GC(3618) Skipped phase3 of Reference Processing due to unavailable references
[173.850s][debug][gc,ref            ] GC(3618) Skipped phase4 of Reference Processing due to unavailable references
[173.850s][debug][gc,ergo           ] GC(3618) Running G1 Free Collection Set using 8 workers for collection set length 873 (1456)
[173.850s][debug][gc,ergo           ] GC(3618) Running G1 Rebuild Free List Task using 8 workers for rebuilding free list of 0 (4096) regions
[173.851s][trace][gc,age            ] GC(3618) Age table with threshold 15 (max threshold 15)
[173.851s][trace][gc,age            ] GC(3618) - age   1:    3202560 bytes,    3202560 total
[173.851s][debug][gc,plab           ] GC(3618) Young PLAB allocation: allocated: 16512B, wasted: 0B, unused: 14064B, used: 2448B, undo waste: 0B, 
[173.851s][debug][gc,plab           ] GC(3618) Young other allocation: region end waste: 731192B, regions filled: 4, direct allocated: 3200112B, failure used: 0B, failure wasted: 0B
[173.851s][debug][gc,plab           ] GC(3618) Young sizing: calculated: 0B, actual: 2064B
[173.851s][debug][gc,plab           ] GC(3618) Old PLAB allocation: allocated: 0B, wasted: 0B, unused: 0B, used: 0B, undo waste: 0B, 
[173.851s][debug][gc,plab           ] GC(3618) Old other allocation: region end waste: 0B, regions filled: 1, direct allocated: 0B, failure used: 0B, failure wasted: 0B
[173.851s][debug][gc,plab           ] GC(3618) Old sizing: calculated: 0B, actual: 2064B
[173.851s][debug][gc,ihop           ] GC(3618) Basic information (value update), threshold: 687026995B (45.00), target occupancy: 1526726656B, current occupancy: 21817640B, recent allocation size: 0B, recent allocation duration: 48.39ms, recent old gen allocation rate: 0.00B/s, recent marking phase length: 29.01ms
[173.851s][debug][gc,ihop           ] GC(3618) Adaptive IHOP information (value update), threshold: 687026995B (47.37), internal target occupancy: 1450390323B, occupancy: 21817640B, additional buffer size: 915406848B, predicted old gen allocation rate: 2701.63B/s, predicted marking phase length: 58.01ms, prediction active: false
[173.851s][debug][gc,ergo,refine    ] GC(3618) Concurrent refinement times: Logged Cards Scan time goal: 20.00ms Logged Cards Scan time: 0.00ms HCC time: 0.00ms
[173.851s][debug][gc,ergo,refine    ] GC(3618) Updated Refinement Zones: green: 2048, yellow: 6144, red: 10240
[173.851s][info ][gc,phases         ] GC(3618)   Pre Evacuate Collection Set: 0.2ms
[173.851s][debug][gc,phases         ] GC(3618)     Prepare TLABs: 0.0ms
[173.851s][debug][gc,phases         ] GC(3618)     Choose Collection Set: 0.0ms
[173.851s][debug][gc,phases         ] GC(3618)     Region Register: 0.1ms
[173.851s][debug][gc,phases         ] GC(3618)     Prepare Heap Roots: 0.0ms
[173.851s][info ][gc,phases         ] GC(3618)   Merge Heap Roots: 0.1ms
[173.851s][debug][gc,phases         ] GC(3618)     Prepare Merge Heap Roots: 0.0ms
[173.851s][debug][gc,phases         ] GC(3618)     Eager Reclaim (ms):       skipped
[173.851s][debug][gc,phases         ] GC(3618)     Remembered Sets (ms):     Min:  0.0, Avg:  0.0, Max:  0.0, Diff:  0.0, Sum:  0.3, Workers: 8
[173.851s][debug][gc,phases         ] GC(3618)       Merged Sparse:            Min: 0, Avg:  0.0, Max: 0, Diff: 0, Sum: 0, Workers: 8
[173.851s][debug][gc,phases         ] GC(3618)       Merged Fine:              Min: 0, Avg:  0.0, Max: 0, Diff: 0, Sum: 0, Workers: 8
[173.851s][debug][gc,phases         ] GC(3618)       Merged Coarse:            Min: 0, Avg:  0.0, Max: 0, Diff: 0, Sum: 0, Workers: 8
[173.851s][debug][gc,phases         ] GC(3618)       Dirty Cards:              Min: 0, Avg:  0.0, Max: 0, Diff: 0, Sum: 0, Workers: 8
[173.851s][debug][gc,phases         ] GC(3618)     Hot Card Cache (ms):      Min:  0.0, Avg:  0.0, Max:  0.0, Diff:  0.0, Sum:  0.0, Workers: 8
[173.851s][debug][gc,phases         ] GC(3618)       Dirty Cards:              Min: 0, Avg:  0.0, Max: 0, Diff: 0, Sum: 0, Workers: 8
[173.851s][debug][gc,phases         ] GC(3618)       Skipped Cards:            Min: 0, Avg:  0.0, Max: 0, Diff: 0, Sum: 0, Workers: 8
[173.851s][debug][gc,phases         ] GC(3618)     Log Buffers (ms):         Min:  0.0, Avg:  0.0, Max:  0.0, Diff:  0.0, Sum:  0.0, Workers: 8
[173.851s][debug][gc,phases         ] GC(3618)       Dirty Cards:              Min: 0, Avg:  0.2, Max: 2, Diff: 2, Sum: 2, Workers: 8
[173.851s][debug][gc,phases         ] GC(3618)       Skipped Cards:            Min: 0, Avg:  0.0, Max: 0, Diff: 0, Sum: 0, Workers: 8
[173.851s][info ][gc,phases         ] GC(3618)   Evacuate Collection Set: 0.4ms
[173.851s][debug][gc,phases         ] GC(3618)     Ext Root Scanning (ms):   Min:  0.0, Avg:  0.2, Max:  0.4, Diff:  0.3, Sum:  1.4, Workers: 8
[173.851s][debug][gc,phases         ] GC(3618)     Scan Heap Roots (ms):     Min:  0.0, Avg:  0.0, Max:  0.0, Diff:  0.0, Sum:  0.0, Workers: 8
[173.851s][debug][gc,phases         ] GC(3618)       Scanned Cards:            Min: 0, Avg:  0.2, Max: 2, Diff: 2, Sum: 2, Workers: 8
[173.851s][debug][gc,phases         ] GC(3618)       Scanned Blocks:           Min: 0, Avg:  0.2, Max: 2, Diff: 2, Sum: 2, Workers: 8
[173.851s][debug][gc,phases         ] GC(3618)       Claimed Chunks:           Min: 0, Avg:  0.2, Max: 2, Diff: 2, Sum: 2, Workers: 8
[173.851s][debug][gc,phases         ] GC(3618)     Code Root Scan (ms):      Min:  0.0, Avg:  0.0, Max:  0.1, Diff:  0.1, Sum:  0.2, Workers: 8
[173.851s][debug][gc,phases         ] GC(3618)     Object Copy (ms):         Min:  0.0, Avg:  0.0, Max:  0.0, Diff:  0.0, Sum:  0.0, Workers: 8
[173.851s][debug][gc,phases         ] GC(3618)     Termination (ms):         Min:  0.0, Avg:  0.1, Max:  0.2, Diff:  0.2, Sum:  1.1, Workers: 8
[173.851s][debug][gc,phases         ] GC(3618)       Termination Attempts:     Min: 1, Avg:  1.0, Max: 1, Diff: 0, Sum: 8, Workers: 8
[173.851s][debug][gc,phases         ] GC(3618)     GC Worker Other (ms):     Min:  0.0, Avg:  0.1, Max:  0.1, Diff:  0.1, Sum:  0.4, Workers: 8
[173.851s][debug][gc,phases         ] GC(3618)     GC Worker Total (ms):     Min:  0.4, Avg:  0.4, Max:  0.4, Diff:  0.0, Sum:  3.1, Workers: 8
[173.851s][info ][gc,phases         ] GC(3618)   Post Evacuate Collection Set: 0.6ms
[173.851s][debug][gc,phases         ] GC(3618)     Code Roots Fixup: 0.0ms
[173.851s][debug][gc,phases         ] GC(3618)     Clear Card Table: 0.2ms
[173.851s][debug][gc,phases         ] GC(3618)     Reference Processing: 0.0ms
[173.851s][debug][gc,phases,ref     ] GC(3618)       Reconsider SoftReferences: 0.0ms
[173.851s][debug][gc,phases,ref     ] GC(3618)         SoftRef (ms):             skipped
[173.851s][debug][gc,phases,ref     ] GC(3618)       Notify Soft/WeakReferences: 0.0ms
[173.851s][debug][gc,phases,ref     ] GC(3618)         SoftRef (ms):             skipped
[173.851s][debug][gc,phases,ref     ] GC(3618)         WeakRef (ms):             skipped
[173.851s][debug][gc,phases,ref     ] GC(3618)         FinalRef (ms):            skipped
[173.851s][debug][gc,phases,ref     ] GC(3618)         Total (ms):               skipped
[173.851s][debug][gc,phases,ref     ] GC(3618)       Notify and keep alive finalizable: 0.0ms
[173.851s][debug][gc,phases,ref     ] GC(3618)         FinalRef (ms):            skipped
[173.851s][debug][gc,phases,ref     ] GC(3618)       Notify PhantomReferences: 0.0ms
[173.851s][debug][gc,phases,ref     ] GC(3618)         PhantomRef (ms):          skipped
[173.851s][debug][gc,phases,ref     ] GC(3618)       SoftReference:
[173.851s][debug][gc,phases,ref     ] GC(3618)         Discovered: 0
[173.851s][debug][gc,phases,ref     ] GC(3618)         Cleared: 0
[173.851s][debug][gc,phases,ref     ] GC(3618)       WeakReference:
[173.851s][debug][gc,phases,ref     ] GC(3618)         Discovered: 0
[173.851s][debug][gc,phases,ref     ] GC(3618)         Cleared: 0
[173.851s][debug][gc,phases,ref     ] GC(3618)       FinalReference:
[173.851s][debug][gc,phases,ref     ] GC(3618)         Discovered: 0
[173.851s][debug][gc,phases,ref     ] GC(3618)         Cleared: 0
[173.851s][debug][gc,phases,ref     ] GC(3618)       PhantomReference:
[173.851s][debug][gc,phases,ref     ] GC(3618)         Discovered: 0
[173.851s][debug][gc,phases,ref     ] GC(3618)         Cleared: 0
[173.851s][debug][gc,phases         ] GC(3618)     Weak Processing: 0.0ms
[173.851s][debug][gc,phases         ] GC(3618)       JVMTI weak processing: 0.0ms
[173.851s][debug][gc,phases         ] GC(3618)         Dead: 0
[173.851s][debug][gc,phases         ] GC(3618)         Total: 0
[173.851s][debug][gc,phases         ] GC(3618)       JFR weak processing: 0.0ms
[173.851s][debug][gc,phases         ] GC(3618)         Dead: 0
[173.851s][debug][gc,phases         ] GC(3618)         Total: 0
[173.851s][debug][gc,phases         ] GC(3618)       JNI weak                  Min:  0.0, Avg:  0.0, Max:  0.0, Diff:  0.0, Sum:  0.0, Workers: 5
[173.851s][debug][gc,phases         ] GC(3618)         Dead                      Min: 0, Avg:  0.0, Max: 0, Diff: 0, Sum: 0, Workers: 5
[173.851s][debug][gc,phases         ] GC(3618)         Total                     Min: 0, Avg: 25.6, Max: 64, Diff: 64, Sum: 128, Workers: 5
[173.851s][debug][gc,phases         ] GC(3618)       VM weak                   Min:  0.0, Avg:  0.0, Max:  0.0, Diff:  0.0, Sum:  0.0, Workers: 5
[173.851s][debug][gc,phases         ] GC(3618)         Dead                      Min: 0, Avg:  0.0, Max: 0, Diff: 0, Sum: 0, Workers: 5
[173.851s][debug][gc,phases         ] GC(3618)         Total                     Min: 0, Avg: 42.4, Max: 84, Diff: 84, Sum: 212, Workers: 5
[173.851s][debug][gc,phases         ] GC(3618)       StringTable weak          Min:  0.0, Avg:  0.0, Max:  0.0, Diff:  0.0, Sum:  0.1, Workers: 5
[173.851s][debug][gc,phases         ] GC(3618)         Dead                      Min: 0, Avg:  0.0, Max: 0, Diff: 0, Sum: 0, Workers: 5
[173.851s][debug][gc,phases         ] GC(3618)         Total                     Min: 512, Avg: 686.2, Max: 768, Diff: 256, Sum: 3431, Workers: 5
[173.851s][debug][gc,phases         ] GC(3618)       ResolvedMethodTable weak  Min:  0.0, Avg:  0.0, Max:  0.0, Diff:  0.0, Sum:  0.0, Workers: 5
[173.851s][debug][gc,phases         ] GC(3618)         Dead                      Min: 0, Avg:  0.0, Max: 0, Diff: 0, Sum: 0, Workers: 5
[173.851s][debug][gc,phases         ] GC(3618)         Total                     Min: 64, Avg: 114.6, Max: 128, Diff: 64, Sum: 573, Workers: 5
[173.851s][debug][gc,phases         ] GC(3618)     Merge Per-Thread State: 0.0ms
[173.851s][debug][gc,phases         ] GC(3618)       Copied Bytes              Min: 672, Avg: 400320.0, Max: 800320, Diff: 799648, Sum: 3202560, Workers: 8
[173.851s][debug][gc,phases         ] GC(3618)       LAB Waste                 Min: 0, Avg:  0.0, Max: 0, Diff: 0, Sum: 0, Workers: 8
[173.851s][debug][gc,phases         ] GC(3618)       LAB Undo Waste            Min: 0, Avg:  0.0, Max: 0, Diff: 0, Sum: 0, Workers: 8
[173.851s][debug][gc,phases         ] GC(3618)     Code Roots Purge: 0.0ms
[173.851s][debug][gc,phases         ] GC(3618)     Redirty Cards: 0.0ms
[173.851s][debug][gc,phases         ] GC(3618)     DerivedPointerTable Update: 0.0ms
[173.851s][debug][gc,phases         ] GC(3618)     Free Collection Set: 0.2ms
[173.851s][debug][gc,phases         ] GC(3618)     Rebuild Free List: 0.1ms
[173.851s][debug][gc,phases         ] GC(3618)     Humongous Reclaim: 0.0ms
[173.851s][debug][gc,phases         ] GC(3618)     Start New Collection Set: 0.0ms
[173.851s][debug][gc,phases         ] GC(3618)     Resize TLABs: 0.0ms
[173.851s][debug][gc,phases         ] GC(3618)     Expand Heap After Collection: 0.0ms
[173.851s][info ][gc,phases         ] GC(3618)   Other: 0.4ms
[173.851s][info ][gc,heap           ] GC(3618) Eden regions: 869->0(869)
[173.851s][info ][gc,heap           ] GC(3618) Survivor regions: 4->4(110)
[173.851s][info ][gc,heap           ] GC(3618) Old regions: 17->17
[173.851s][info ][gc,heap           ] GC(3618) Archive regions: 2->2
[173.851s][info ][gc,heap           ] GC(3618) Humongous regions: 0->0
[173.851s][info ][gc,metaspace      ] GC(3618) Metaspace: 10069K(10624K)->10069K(10624K) NonClass: 8921K(9216K)->8921K(9216K) Class: 1148K(1408K)->1148K(1408K)
[173.851s][debug][gc,heap           ] GC(3618) Heap after GC invocations=3619 (full 1): garbage-first heap   total 1490944K, used 21306K [0x0000000700000000, 0x0000000800000000)
[173.852s][debug][gc,heap           ] GC(3618)   region size 1024K, 4 young (4096K), 4 survivors (4096K)
[173.852s][debug][gc,heap           ] GC(3618)  Metaspace       used 10069K, capacity 10368K, committed 10624K, reserved 1058816K
[173.852s][debug][gc,heap           ] GC(3618)   class space    used 1148K, capacity 1266K, committed 1408K, reserved 1048576K
[173.852s][info ][gc                ] GC(3618) Pause Young (Normal) (G1 Evacuation Pause) 889M->20M(1456M) 2.371ms
[173.852s][info ][gc,cpu            ] GC(3618) User=0.01s Sys=0.00s Real=0.00s
[173.852s][info ][safepoint         ] Safepoint "G1CollectForAllocation", Time since last: 46188677 ns, Reaching safepoint: 188861 ns, At safepoint: 2710053 ns, Total: 2898914 ns
[173.897s][debug][gc,heap           ] GC(3619) Heap before GC invocations=3619 (full 1): garbage-first heap   total 1490944K, used 910138K [0x0000000700000000, 0x0000000800000000)
[173.897s][debug][gc,heap           ] GC(3619)   region size 1024K, 873 young (893952K), 4 survivors (4096K)
[173.897s][debug][gc,heap           ] GC(3619)  Metaspace       used 10069K, capacity 10368K, committed 10624K, reserved 1058816K
[173.897s][debug][gc,heap           ] GC(3619)   class space    used 1148K, capacity 1266K, committed 1408K, reserved 1048576K
[173.897s][info ][gc,start          ] GC(3619) Pause Young (Normal) (G1 Evacuation Pause)
[173.897s][info ][gc,task           ] GC(3619) Using 8 workers of 8 for evacuation
[173.897s][debug][gc,tlab           ] GC(3619) TLAB totals: thrds: 8  refills: 15 max: 3 slow allocs: 1731 max 239 waste: 20.7% gc: 944056B max: 238448B slow: 73096B max: 15488B fast: 0B max: 0B
[173.897s][debug][gc,age            ] GC(3619) Desired survivor size 57671680 bytes, new threshold 15 (max threshold 15)
[173.897s][debug][gc,alloc,region   ] GC(3619) Mutator Allocation stats, regions: 869, wasted size: 203M (23.4%)
[173.897s][debug][gc,ergo           ] GC(3619) Running G1 Merge Heap Roots using 8 workers for 873 regions
[173.897s][debug][gc,remset         ] GC(3619) Visited cards 256 Total dirty 2048 (12.50%) Total old 3614720 (0.01%)
[173.898s][debug][gc,ergo           ] GC(3619) Running G1 Clear Card Table Task using 2 workers for 2 units of work for 874 regions.
[173.898s][debug][gc,ref            ] GC(3619) Skipped phase1 of Reference Processing due to unavailable references
[173.898s][debug][gc,ref            ] GC(3619) Skipped phase2 of Reference Processing due to unavailable references
[173.898s][debug][gc,ref            ] GC(3619) Skipped phase3 of Reference Processing due to unavailable references
[173.898s][debug][gc,ref            ] GC(3619) Skipped phase4 of Reference Processing due to unavailable references
[173.898s][debug][gc,ergo           ] GC(3619) Running G1 Free Collection Set using 8 workers for collection set length 873 (1456)
[173.898s][debug][gc,ergo           ] GC(3619) Running G1 Rebuild Free List Task using 8 workers for rebuilding free list of 0 (4096) regions
[173.898s][trace][gc,age            ] GC(3619) Age table with threshold 15 (max threshold 15)
[173.898s][trace][gc,age            ] GC(3619) - age   1:    2402448 bytes,    2402448 total
[173.898s][debug][gc,plab           ] GC(3619) Young PLAB allocation: allocated: 16512B, wasted: 0B, unused: 14144B, used: 2368B, undo waste: 0B, 
[173.898s][debug][gc,plab           ] GC(3619) Young other allocation: region end waste: 480576B, regions filled: 3, direct allocated: 2400080B, failure used: 0B, failure wasted: 0B
[173.898s][debug][gc,plab           ] GC(3619) Young sizing: calculated: 0B, actual: 2064B
[173.898s][debug][gc,plab           ] GC(3619) Old PLAB allocation: allocated: 0B, wasted: 0B, unused: 0B, used: 0B, undo waste: 0B, 
[173.898s][debug][gc,plab           ] GC(3619) Old other allocation: region end waste: 0B, regions filled: 1, direct allocated: 0B, failure used: 0B, failure wasted: 0B
[173.898s][debug][gc,plab           ] GC(3619) Old sizing: calculated: 0B, actual: 2064B
[173.898s][debug][gc,ihop           ] GC(3619) Basic information (value update), threshold: 687026995B (45.00), target occupancy: 1526726656B, current occupancy: 20766992B, recent allocation size: 0B, recent allocation duration: 46.28ms, recent old gen allocation rate: 0.00B/s, recent marking phase length: 29.01ms
[173.898s][debug][gc,ihop           ] GC(3619) Adaptive IHOP information (value update), threshold: 687026995B (47.37), internal target occupancy: 1450390323B, occupancy: 20766992B, additional buffer size: 915406848B, predicted old gen allocation rate: 2630.96B/s, predicted marking phase length: 58.01ms, prediction active: false
[173.898s][debug][gc,ergo,refine    ] GC(3619) Concurrent refinement times: Logged Cards Scan time goal: 20.00ms Logged Cards Scan time: 0.00ms HCC time: 0.00ms
[173.898s][debug][gc,ergo,refine    ] GC(3619) Updated Refinement Zones: green: 2048, yellow: 6144, red: 10240
[173.898s][info ][gc,phases         ] GC(3619)   Pre Evacuate Collection Set: 0.1ms
[173.898s][debug][gc,phases         ] GC(3619)     Prepare TLABs: 0.0ms
[173.898s][debug][gc,phases         ] GC(3619)     Choose Collection Set: 0.0ms
[173.898s][debug][gc,phases         ] GC(3619)     Region Register: 0.1ms
[173.898s][debug][gc,phases         ] GC(3619)     Prepare Heap Roots: 0.0ms
[173.898s][info ][gc,phases         ] GC(3619)   Merge Heap Roots: 0.2ms
[173.899s][debug][gc,phases         ] GC(3619)     Prepare Merge Heap Roots: 0.0ms
[173.899s][debug][gc,phases         ] GC(3619)     Eager Reclaim (ms):       skipped
[173.899s][debug][gc,phases         ] GC(3619)     Remembered Sets (ms):     Min:  0.0, Avg:  0.0, Max:  0.0, Diff:  0.0, Sum:  0.3, Workers: 8
[173.899s][debug][gc,phases         ] GC(3619)       Merged Sparse:            Min: 0, Avg:  0.0, Max: 0, Diff: 0, Sum: 0, Workers: 8
[173.899s][debug][gc,phases         ] GC(3619)       Merged Fine:              Min: 0, Avg:  0.0, Max: 0, Diff: 0, Sum: 0, Workers: 8
[173.899s][debug][gc,phases         ] GC(3619)       Merged Coarse:            Min: 0, Avg:  0.0, Max: 0, Diff: 0, Sum: 0, Workers: 8
[173.899s][debug][gc,phases         ] GC(3619)       Dirty Cards:              Min: 0, Avg:  0.0, Max: 0, Diff: 0, Sum: 0, Workers: 8
[173.899s][debug][gc,phases         ] GC(3619)     Hot Card Cache (ms):      Min:  0.0, Avg:  0.0, Max:  0.0, Diff:  0.0, Sum:  0.0, Workers: 8
[173.899s][debug][gc,phases         ] GC(3619)       Dirty Cards:              Min: 0, Avg:  0.0, Max: 0, Diff: 0, Sum: 0, Workers: 8
[173.899s][debug][gc,phases         ] GC(3619)       Skipped Cards:            Min: 0, Avg:  0.0, Max: 0, Diff: 0, Sum: 0, Workers: 8
[173.899s][debug][gc,phases         ] GC(3619)     Log Buffers (ms):         Min:  0.0, Avg:  0.0, Max:  0.0, Diff:  0.0, Sum:  0.0, Workers: 8
[173.899s][debug][gc,phases         ] GC(3619)       Dirty Cards:              Min: 0, Avg:  0.1, Max: 1, Diff: 1, Sum: 1, Workers: 8
[173.899s][debug][gc,phases         ] GC(3619)       Skipped Cards:            Min: 0, Avg:  0.0, Max: 0, Diff: 0, Sum: 0, Workers: 8
[173.899s][info ][gc,phases         ] GC(3619)   Evacuate Collection Set: 0.3ms
[173.899s][debug][gc,phases         ] GC(3619)     Ext Root Scanning (ms):   Min:  0.0, Avg:  0.1, Max:  0.2, Diff:  0.2, Sum:  0.9, Workers: 8
[173.899s][debug][gc,phases         ] GC(3619)     Scan Heap Roots (ms):     Min:  0.0, Avg:  0.0, Max:  0.0, Diff:  0.0, Sum:  0.0, Workers: 8
[173.899s][debug][gc,phases         ] GC(3619)       Scanned Cards:            Min: 0, Avg:  0.1, Max: 1, Diff: 1, Sum: 1, Workers: 8
[173.899s][debug][gc,phases         ] GC(3619)       Scanned Blocks:           Min: 0, Avg:  0.1, Max: 1, Diff: 1, Sum: 1, Workers: 8
[173.899s][debug][gc,phases         ] GC(3619)       Claimed Chunks:           Min: 0, Avg:  0.1, Max: 1, Diff: 1, Sum: 1, Workers: 8
[173.899s][debug][gc,phases         ] GC(3619)     Code Root Scan (ms):      Min:  0.0, Avg:  0.0, Max:  0.0, Diff:  0.0, Sum:  0.1, Workers: 8
[173.899s][debug][gc,phases         ] GC(3619)     Object Copy (ms):         Min:  0.0, Avg:  0.0, Max:  0.0, Diff:  0.0, Sum:  0.0, Workers: 8
[173.899s][debug][gc,phases         ] GC(3619)     Termination (ms):         Min:  0.0, Avg:  0.1, Max:  0.1, Diff:  0.1, Sum:  0.7, Workers: 8
[173.899s][debug][gc,phases         ] GC(3619)       Termination Attempts:     Min: 1, Avg:  1.1, Max: 2, Diff: 1, Sum: 9, Workers: 8
[173.899s][debug][gc,phases         ] GC(3619)     GC Worker Other (ms):     Min:  0.0, Avg:  0.0, Max:  0.1, Diff:  0.1, Sum:  0.4, Workers: 8
[173.899s][debug][gc,phases         ] GC(3619)     GC Worker Total (ms):     Min:  0.2, Avg:  0.3, Max:  0.3, Diff:  0.1, Sum:  2.2, Workers: 8
[173.899s][info ][gc,phases         ] GC(3619)   Post Evacuate Collection Set: 0.6ms
[173.899s][debug][gc,phases         ] GC(3619)     Code Roots Fixup: 0.0ms
[173.899s][debug][gc,phases         ] GC(3619)     Clear Card Table: 0.2ms
[173.899s][debug][gc,phases         ] GC(3619)     Reference Processing: 0.0ms
[173.899s][debug][gc,phases,ref     ] GC(3619)       Reconsider SoftReferences: 0.0ms
[173.899s][debug][gc,phases,ref     ] GC(3619)         SoftRef (ms):             skipped
[173.899s][debug][gc,phases,ref     ] GC(3619)       Notify Soft/WeakReferences: 0.0ms
[173.899s][debug][gc,phases,ref     ] GC(3619)         SoftRef (ms):             skipped
[173.899s][debug][gc,phases,ref     ] GC(3619)         WeakRef (ms):             skipped
[173.899s][debug][gc,phases,ref     ] GC(3619)         FinalRef (ms):            skipped
[173.899s][debug][gc,phases,ref     ] GC(3619)         Total (ms):               skipped
[173.899s][debug][gc,phases,ref     ] GC(3619)       Notify and keep alive finalizable: 0.0ms
[173.899s][debug][gc,phases,ref     ] GC(3619)         FinalRef (ms):            skipped
[173.899s][debug][gc,phases,ref     ] GC(3619)       Notify PhantomReferences: 0.0ms
[173.899s][debug][gc,phases,ref     ] GC(3619)         PhantomRef (ms):          skipped
[173.899s][debug][gc,phases,ref     ] GC(3619)       SoftReference:
[173.899s][debug][gc,phases,ref     ] GC(3619)         Discovered: 0
[173.899s][debug][gc,phases,ref     ] GC(3619)         Cleared: 0
[173.899s][debug][gc,phases,ref     ] GC(3619)       WeakReference:
[173.899s][debug][gc,phases,ref     ] GC(3619)         Discovered: 0
[173.899s][debug][gc,phases,ref     ] GC(3619)         Cleared: 0
[173.899s][debug][gc,phases,ref     ] GC(3619)       FinalReference:
[173.899s][debug][gc,phases,ref     ] GC(3619)         Discovered: 0
[173.899s][debug][gc,phases,ref     ] GC(3619)         Cleared: 0
[173.899s][debug][gc,phases,ref     ] GC(3619)       PhantomReference:
[173.899s][debug][gc,phases,ref     ] GC(3619)         Discovered: 0
[173.899s][debug][gc,phases,ref     ] GC(3619)         Cleared: 0
[173.899s][debug][gc,phases         ] GC(3619)     Weak Processing: 0.0ms
[173.899s][debug][gc,phases         ] GC(3619)       JVMTI weak processing: 0.0ms
[173.899s][debug][gc,phases         ] GC(3619)         Dead: 0
[173.899s][debug][gc,phases         ] GC(3619)         Total: 0
[173.899s][debug][gc,phases         ] GC(3619)       JFR weak processing: 0.0ms
[173.899s][debug][gc,phases         ] GC(3619)         Dead: 0
[173.899s][debug][gc,phases         ] GC(3619)         Total: 0
[173.899s][debug][gc,phases         ] GC(3619)       JNI weak                  Min:  0.0, Avg:  0.0, Max:  0.0, Diff:  0.0, Sum:  0.0, Workers: 5
[173.899s][debug][gc,phases         ] GC(3619)         Dead                      Min: 0, Avg:  0.0, Max: 0, Diff: 0, Sum: 0, Workers: 5
[173.899s][debug][gc,phases         ] GC(3619)         Total                     Min: 0, Avg: 25.6, Max: 64, Diff: 64, Sum: 128, Workers: 5
[173.899s][debug][gc,phases         ] GC(3619)       VM weak                   Min:  0.0, Avg:  0.0, Max:  0.0, Diff:  0.0, Sum:  0.0, Workers: 5
[173.899s][debug][gc,phases         ] GC(3619)         Dead                      Min: 0, Avg:  0.0, Max: 0, Diff: 0, Sum: 0, Workers: 5
[173.899s][debug][gc,phases         ] GC(3619)         Total                     Min: 0, Avg: 42.4, Max: 64, Diff: 64, Sum: 212, Workers: 5
[173.899s][debug][gc,phases         ] GC(3619)       StringTable weak          Min:  0.0, Avg:  0.0, Max:  0.0, Diff:  0.0, Sum:  0.1, Workers: 5
[173.899s][debug][gc,phases         ] GC(3619)         Dead                      Min: 0, Avg:  0.0, Max: 0, Diff: 0, Sum: 0, Workers: 5
[173.899s][debug][gc,phases         ] GC(3619)         Total                     Min: 0, Avg: 686.2, Max: 896, Diff: 896, Sum: 3431, Workers: 5
[173.899s][debug][gc,phases         ] GC(3619)       ResolvedMethodTable weak  Min:  0.0, Avg:  0.0, Max:  0.0, Diff:  0.0, Sum:  0.0, Workers: 5
[173.899s][debug][gc,phases         ] GC(3619)         Dead                      Min: 0, Avg:  0.0, Max: 0, Diff: 0, Sum: 0, Workers: 5
[173.899s][debug][gc,phases         ] GC(3619)         Total                     Min: 0, Avg: 114.6, Max: 189, Diff: 189, Sum: 573, Workers: 5
[173.899s][debug][gc,phases         ] GC(3619)     Merge Per-Thread State: 0.0ms
[173.899s][debug][gc,phases         ] GC(3619)       Copied Bytes              Min: 152, Avg: 300306.0, Max: 800096, Diff: 799944, Sum: 2402448, Workers: 8
[173.899s][debug][gc,phases         ] GC(3619)       LAB Waste                 Min: 0, Avg:  0.0, Max: 0, Diff: 0, Sum: 0, Workers: 8
[173.899s][debug][gc,phases         ] GC(3619)       LAB Undo Waste            Min: 0, Avg:  0.0, Max: 0, Diff: 0, Sum: 0, Workers: 8
[173.899s][debug][gc,phases         ] GC(3619)     Code Roots Purge: 0.0ms
[173.899s][debug][gc,phases         ] GC(3619)     Redirty Cards: 0.0ms
[173.899s][debug][gc,phases         ] GC(3619)     DerivedPointerTable Update: 0.0ms
[173.899s][debug][gc,phases         ] GC(3619)     Free Collection Set: 0.2ms
[173.899s][debug][gc,phases         ] GC(3619)     Rebuild Free List: 0.1ms
[173.899s][debug][gc,phases         ] GC(3619)     Humongous Reclaim: 0.0ms
[173.899s][debug][gc,phases         ] GC(3619)     Start New Collection Set: 0.0ms
[173.899s][debug][gc,phases         ] GC(3619)     Resize TLABs: 0.0ms
[173.899s][debug][gc,phases         ] GC(3619)     Expand Heap After Collection: 0.0ms
[173.899s][info ][gc,phases         ] GC(3619)   Other: 0.4ms
[173.899s][info ][gc,heap           ] GC(3619) Eden regions: 869->0(870)
[173.899s][info ][gc,heap           ] GC(3619) Survivor regions: 4->3(110)
[173.900s][info ][gc,heap           ] GC(3619) Old regions: 17->17
[173.900s][info ][gc,heap           ] GC(3619) Archive regions: 2->2
[173.900s][info ][gc,heap           ] GC(3619) Humongous regions: 0->0
[173.900s][info ][gc,metaspace      ] GC(3619) Metaspace: 10069K(10624K)->10069K(10624K) NonClass: 8921K(9216K)->8921K(9216K) Class: 1148K(1408K)->1148K(1408K)
[173.900s][debug][gc,heap           ] GC(3619) Heap after GC invocations=3620 (full 1): garbage-first heap   total 1490944K, used 20280K [0x0000000700000000, 0x0000000800000000)
[173.900s][debug][gc,heap           ] GC(3619)   region size 1024K, 3 young (3072K), 3 survivors (3072K)
[173.900s][debug][gc,heap           ] GC(3619)  Metaspace       used 10069K, capacity 10368K, committed 10624K, reserved 1058816K
[173.900s][debug][gc,heap           ] GC(3619)   class space    used 1148K, capacity 1266K, committed 1408K, reserved 1048576K
[173.900s][info ][gc                ] GC(3619) Pause Young (Normal) (G1 Evacuation Pause) 889M->19M(1456M) 2.716ms
[173.900s][info ][gc,cpu            ] GC(3619) User=0.00s Sys=0.00s Real=0.00s
[173.900s][info ][safepoint         ] Safepoint "G1CollectForAllocation", Time since last: 44784994 ns, Reaching safepoint: 241592 ns, At safepoint: 2990342 ns, Total: 3231934 ns
[173.946s][debug][gc,heap           ] GC(3620) Heap before GC invocations=3620 (full 1): garbage-first heap   total 1490944K, used 910136K [0x0000000700000000, 0x0000000800000000)
[173.946s][debug][gc,heap           ] GC(3620)   region size 1024K, 873 young (893952K), 3 survivors (3072K)
[173.946s][debug][gc,heap           ] GC(3620)  Metaspace       used 10069K, capacity 10368K, committed 10624K, reserved 1058816K
[173.946s][debug][gc,heap           ] GC(3620)   class space    used 1148K, capacity 1266K, committed 1408K, reserved 1048576K
[173.946s][info ][gc,start          ] GC(3620) Pause Young (Normal) (G1 Evacuation Pause)
[173.946s][info ][gc,task           ] GC(3620) Using 8 workers of 8 for evacuation
[173.946s][debug][gc,tlab           ] GC(3620) TLAB totals: thrds: 8  refills: 15 max: 3 slow allocs: 1728 max 231 waste: 26.5% gc: 1178672B max: 237576B slow: 84584B max: 15488B fast: 0B max: 0B
[173.946s][debug][gc,age            ] GC(3620) Desired survivor size 57671680 bytes, new threshold 15 (max threshold 15)
[173.946s][debug][gc,alloc,region   ] GC(3620) Mutator Allocation stats, regions: 870, wasted size: 203M (23.4%)
[173.946s][debug][gc,ergo           ] GC(3620) Running G1 Merge Heap Roots using 8 workers for 873 regions
[173.947s][debug][gc,remset         ] GC(3620) Visited cards 256 Total dirty 2048 (12.50%) Total old 3614720 (0.01%)
[173.947s][debug][gc,ergo           ] GC(3620) Running G1 Clear Card Table Task using 2 workers for 2 units of work for 874 regions.
[173.947s][debug][gc,ref            ] GC(3620) Skipped phase1 of Reference Processing due to unavailable references
[173.947s][debug][gc,ref            ] GC(3620) Skipped phase2 of Reference Processing due to unavailable references
[173.947s][debug][gc,ref            ] GC(3620) Skipped phase3 of Reference Processing due to unavailable references
[173.947s][debug][gc,ref            ] GC(3620) Skipped phase4 of Reference Processing due to unavailable references
[173.947s][debug][gc,ergo           ] GC(3620) Running G1 Free Collection Set using 8 workers for collection set length 873 (1456)
[173.947s][debug][gc,ergo           ] GC(3620) Running G1 Rebuild Free List Task using 8 workers for rebuilding free list of 0 (4096) regions
[173.948s][trace][gc,age            ] GC(3620) Age table with threshold 15 (max threshold 15)
[173.948s][trace][gc,age            ] GC(3620) - age   1:    3202560 bytes,    3202560 total
[173.948s][debug][gc,plab           ] GC(3620) Young PLAB allocation: allocated: 16512B, wasted: 0B, unused: 14064B, used: 2448B, undo waste: 0B, 
[173.948s][debug][gc,plab           ] GC(3620) Young other allocation: region end waste: 733248B, regions filled: 4, direct allocated: 3200112B, failure used: 0B, failure wasted: 0B
[173.948s][debug][gc,plab           ] GC(3620) Young sizing: calculated: 0B, actual: 2064B
[173.948s][debug][gc,plab           ] GC(3620) Old PLAB allocation: allocated: 0B, wasted: 0B, unused: 0B, used: 0B, undo waste: 0B, 
[173.948s][debug][gc,plab           ] GC(3620) Old other allocation: region end waste: 0B, regions filled: 1, direct allocated: 0B, failure used: 0B, failure wasted: 0B
[173.948s][debug][gc,plab           ] GC(3620) Old sizing: calculated: 0B, actual: 2064B
[173.948s][debug][gc,ihop           ] GC(3620) Basic information (value update), threshold: 687026995B (45.00), target occupancy: 1526726656B, current occupancy: 21819696B, recent allocation size: 0B, recent allocation duration: 47.85ms, recent old gen allocation rate: 0.00B/s, recent marking phase length: 29.01ms
[173.948s][debug][gc,ihop           ] GC(3620) Adaptive IHOP information (value update), threshold: 687026995B (47.37), internal target occupancy: 1450390323B, occupancy: 21819696B, additional buffer size: 915406848B, predicted old gen allocation rate: 2562.20B/s, predicted marking phase length: 58.01ms, prediction active: false
[173.948s][debug][gc,ergo,refine    ] GC(3620) Concurrent refinement times: Logged Cards Scan time goal: 20.00ms Logged Cards Scan time: 0.00ms HCC time: 0.00ms
[173.948s][debug][gc,ergo,refine    ] GC(3620) Updated Refinement Zones: green: 2048, yellow: 6144, red: 10240
[173.948s][info ][gc,phases         ] GC(3620)   Pre Evacuate Collection Set: 0.1ms
[173.948s][debug][gc,phases         ] GC(3620)     Prepare TLABs: 0.0ms
[173.948s][debug][gc,phases         ] GC(3620)     Choose Collection Set: 0.0ms
[173.948s][debug][gc,phases         ] GC(3620)     Region Register: 0.1ms
[173.948s][debug][gc,phases         ] GC(3620)     Prepare Heap Roots: 0.0ms
[173.948s][info ][gc,phases         ] GC(3620)   Merge Heap Roots: 0.1ms
[173.948s][debug][gc,phases         ] GC(3620)     Prepare Merge Heap Roots: 0.0ms
[173.948s][debug][gc,phases         ] GC(3620)     Eager Reclaim (ms):       skipped
[173.948s][debug][gc,phases         ] GC(3620)     Remembered Sets (ms):     Min:  0.0, Avg:  0.0, Max:  0.1, Diff:  0.0, Sum:  0.3, Workers: 8
[173.948s][debug][gc,phases         ] GC(3620)       Merged Sparse:            Min: 0, Avg:  0.0, Max: 0, Diff: 0, Sum: 0, Workers: 8
[173.948s][debug][gc,phases         ] GC(3620)       Merged Fine:              Min: 0, Avg:  0.0, Max: 0, Diff: 0, Sum: 0, Workers: 8
[173.948s][debug][gc,phases         ] GC(3620)       Merged Coarse:            Min: 0, Avg:  0.0, Max: 0, Diff: 0, Sum: 0, Workers: 8
[173.948s][debug][gc,phases         ] GC(3620)       Dirty Cards:              Min: 0, Avg:  0.0, Max: 0, Diff: 0, Sum: 0, Workers: 8
[173.948s][debug][gc,phases         ] GC(3620)     Hot Card Cache (ms):      Min:  0.0, Avg:  0.0, Max:  0.0, Diff:  0.0, Sum:  0.0, Workers: 8
[173.948s][debug][gc,phases         ] GC(3620)       Dirty Cards:              Min: 0, Avg:  0.0, Max: 0, Diff: 0, Sum: 0, Workers: 8
[173.948s][debug][gc,phases         ] GC(3620)       Skipped Cards:            Min: 0, Avg:  0.0, Max: 0, Diff: 0, Sum: 0, Workers: 8
[173.948s][debug][gc,phases         ] GC(3620)     Log Buffers (ms):         Min:  0.0, Avg:  0.0, Max:  0.0, Diff:  0.0, Sum:  0.0, Workers: 8
[173.948s][debug][gc,phases         ] GC(3620)       Dirty Cards:              Min: 0, Avg:  0.1, Max: 1, Diff: 1, Sum: 1, Workers: 8
[173.948s][debug][gc,phases         ] GC(3620)       Skipped Cards:            Min: 0, Avg:  0.0, Max: 0, Diff: 0, Sum: 0, Workers: 8
[173.948s][info ][gc,phases         ] GC(3620)   Evacuate Collection Set: 0.4ms
[173.948s][debug][gc,phases         ] GC(3620)     Ext Root Scanning (ms):   Min:  0.0, Avg:  0.2, Max:  0.3, Diff:  0.2, Sum:  1.5, Workers: 8
[173.948s][debug][gc,phases         ] GC(3620)     Scan Heap Roots (ms):     Min:  0.0, Avg:  0.0, Max:  0.0, Diff:  0.0, Sum:  0.0, Workers: 8
[173.948s][debug][gc,phases         ] GC(3620)       Scanned Cards:            Min: 0, Avg:  0.1, Max: 1, Diff: 1, Sum: 1, Workers: 8
[173.948s][debug][gc,phases         ] GC(3620)       Scanned Blocks:           Min: 0, Avg:  0.1, Max: 1, Diff: 1, Sum: 1, Workers: 8
[173.948s][debug][gc,phases         ] GC(3620)       Claimed Chunks:           Min: 0, Avg:  0.1, Max: 1, Diff: 1, Sum: 1, Workers: 8
[173.948s][debug][gc,phases         ] GC(3620)     Code Root Scan (ms):      Min:  0.0, Avg:  0.0, Max:  0.1, Diff:  0.1, Sum:  0.1, Workers: 8
[173.948s][debug][gc,phases         ] GC(3620)     Object Copy (ms):         Min:  0.0, Avg:  0.0, Max:  0.0, Diff:  0.0, Sum:  0.0, Workers: 8
[173.948s][debug][gc,phases         ] GC(3620)     Termination (ms):         Min:  0.0, Avg:  0.1, Max:  0.1, Diff:  0.1, Sum:  0.8, Workers: 8
[173.948s][debug][gc,phases         ] GC(3620)       Termination Attempts:     Min: 1, Avg:  1.2, Max: 2, Diff: 1, Sum: 10, Workers: 8
[173.948s][debug][gc,phases         ] GC(3620)     GC Worker Other (ms):     Min:  0.0, Avg:  0.0, Max:  0.1, Diff:  0.0, Sum:  0.3, Workers: 8
[173.948s][debug][gc,phases         ] GC(3620)     GC Worker Total (ms):     Min:  0.3, Avg:  0.3, Max:  0.4, Diff:  0.1, Sum:  2.8, Workers: 8
[173.948s][info ][gc,phases         ] GC(3620)   Post Evacuate Collection Set: 0.6ms
[173.948s][debug][gc,phases         ] GC(3620)     Code Roots Fixup: 0.0ms
[173.948s][debug][gc,phases         ] GC(3620)     Clear Card Table: 0.2ms
[173.948s][debug][gc,phases         ] GC(3620)     Reference Processing: 0.0ms
[173.948s][debug][gc,phases,ref     ] GC(3620)       Reconsider SoftReferences: 0.0ms
[173.948s][debug][gc,phases,ref     ] GC(3620)         SoftRef (ms):             skipped
[173.948s][debug][gc,phases,ref     ] GC(3620)       Notify Soft/WeakReferences: 0.0ms
[173.948s][debug][gc,phases,ref     ] GC(3620)         SoftRef (ms):             skipped
[173.948s][debug][gc,phases,ref     ] GC(3620)         WeakRef (ms):             skipped
[173.948s][debug][gc,phases,ref     ] GC(3620)         FinalRef (ms):            skipped
[173.948s][debug][gc,phases,ref     ] GC(3620)         Total (ms):               skipped
[173.948s][debug][gc,phases,ref     ] GC(3620)       Notify and keep alive finalizable: 0.0ms
[173.948s][debug][gc,phases,ref     ] GC(3620)         FinalRef (ms):            skipped
[173.948s][debug][gc,phases,ref     ] GC(3620)       Notify PhantomReferences: 0.0ms
[173.948s][debug][gc,phases,ref     ] GC(3620)         PhantomRef (ms):          skipped
[173.948s][debug][gc,phases,ref     ] GC(3620)       SoftReference:
[173.948s][debug][gc,phases,ref     ] GC(3620)         Discovered: 0
[173.948s][debug][gc,phases,ref     ] GC(3620)         Cleared: 0
[173.948s][debug][gc,phases,ref     ] GC(3620)       WeakReference:
[173.948s][debug][gc,phases,ref     ] GC(3620)         Discovered: 0
[173.948s][debug][gc,phases,ref     ] GC(3620)         Cleared: 0
[173.948s][debug][gc,phases,ref     ] GC(3620)       FinalReference:
[173.948s][debug][gc,phases,ref     ] GC(3620)         Discovered: 0
[173.948s][debug][gc,phases,ref     ] GC(3620)         Cleared: 0
[173.948s][debug][gc,phases,ref     ] GC(3620)       PhantomReference:
[173.948s][debug][gc,phases,ref     ] GC(3620)         Discovered: 0
[173.948s][debug][gc,phases,ref     ] GC(3620)         Cleared: 0
[173.948s][debug][gc,phases         ] GC(3620)     Weak Processing: 0.0ms
[173.948s][debug][gc,phases         ] GC(3620)       JVMTI weak processing: 0.0ms
[173.948s][debug][gc,phases         ] GC(3620)         Dead: 0
[173.948s][debug][gc,phases         ] GC(3620)         Total: 0
[173.948s][debug][gc,phases         ] GC(3620)       JFR weak processing: 0.0ms
[173.948s][debug][gc,phases         ] GC(3620)         Dead: 0
[173.948s][debug][gc,phases         ] GC(3620)         Total: 0
[173.948s][debug][gc,phases         ] GC(3620)       JNI weak                  Min:  0.0, Avg:  0.0, Max:  0.0, Diff:  0.0, Sum:  0.0, Workers: 5
[173.948s][debug][gc,phases         ] GC(3620)         Dead                      Min: 0, Avg:  0.0, Max: 0, Diff: 0, Sum: 0, Workers: 5
[173.948s][debug][gc,phases         ] GC(3620)         Total                     Min: 0, Avg: 25.6, Max: 64, Diff: 64, Sum: 128, Workers: 5
[173.948s][debug][gc,phases         ] GC(3620)       VM weak                   Min:  0.0, Avg:  0.0, Max:  0.0, Diff:  0.0, Sum:  0.0, Workers: 5
[173.948s][debug][gc,phases         ] GC(3620)         Dead                      Min: 0, Avg:  0.0, Max: 0, Diff: 0, Sum: 0, Workers: 5
[173.948s][debug][gc,phases         ] GC(3620)         Total                     Min: 0, Avg: 42.4, Max: 84, Diff: 84, Sum: 212, Workers: 5
[173.948s][debug][gc,phases         ] GC(3620)       StringTable weak          Min:  0.0, Avg:  0.0, Max:  0.0, Diff:  0.0, Sum:  0.1, Workers: 5
[173.948s][debug][gc,phases         ] GC(3620)         Dead                      Min: 0, Avg:  0.0, Max: 0, Diff: 0, Sum: 0, Workers: 5
[173.948s][debug][gc,phases         ] GC(3620)         Total                     Min: 0, Avg: 686.2, Max: 896, Diff: 896, Sum: 3431, Workers: 5
[173.948s][debug][gc,phases         ] GC(3620)       ResolvedMethodTable weak  Min:  0.0, Avg:  0.0, Max:  0.0, Diff:  0.0, Sum:  0.0, Workers: 5
[173.948s][debug][gc,phases         ] GC(3620)         Dead                      Min: 0, Avg:  0.0, Max: 0, Diff: 0, Sum: 0, Workers: 5
[173.948s][debug][gc,phases         ] GC(3620)         Total                     Min: 0, Avg: 114.6, Max: 189, Diff: 189, Sum: 573, Workers: 5
[173.948s][debug][gc,phases         ] GC(3620)     Merge Per-Thread State: 0.0ms
[173.948s][debug][gc,phases         ] GC(3620)       Copied Bytes              Min: 624, Avg: 400320.0, Max: 800320, Diff: 799696, Sum: 3202560, Workers: 8
[173.948s][debug][gc,phases         ] GC(3620)       LAB Waste                 Min: 0, Avg:  0.0, Max: 0, Diff: 0, Sum: 0, Workers: 8
[173.948s][debug][gc,phases         ] GC(3620)       LAB Undo Waste            Min: 0, Avg:  0.0, Max: 0, Diff: 0, Sum: 0, Workers: 8
[173.948s][debug][gc,phases         ] GC(3620)     Code Roots Purge: 0.0ms
[173.948s][debug][gc,phases         ] GC(3620)     Redirty Cards: 0.0ms
[173.948s][debug][gc,phases         ] GC(3620)     DerivedPointerTable Update: 0.0ms
[173.948s][debug][gc,phases         ] GC(3620)     Free Collection Set: 0.2ms
[173.948s][debug][gc,phases         ] GC(3620)     Rebuild Free List: 0.1ms
[173.948s][debug][gc,phases         ] GC(3620)     Humongous Reclaim: 0.0ms
[173.948s][debug][gc,phases         ] GC(3620)     Start New Collection Set: 0.0ms
[173.948s][debug][gc,phases         ] GC(3620)     Resize TLABs: 0.0ms
[173.948s][debug][gc,phases         ] GC(3620)     Expand Heap After Collection: 0.0ms
[173.948s][info ][gc,phases         ] GC(3620)   Other: 0.4ms
[173.948s][info ][gc,heap           ] GC(3620) Eden regions: 870->0(869)
[173.948s][info ][gc,heap           ] GC(3620) Survivor regions: 3->4(110)
[173.948s][info ][gc,heap           ] GC(3620) Old regions: 17->17
[173.948s][info ][gc,heap           ] GC(3620) Archive regions: 2->2
[173.948s][info ][gc,heap           ] GC(3620) Humongous regions: 0->0
[173.948s][info ][gc,metaspace      ] GC(3620) Metaspace: 10069K(10624K)->10069K(10624K) NonClass: 8921K(9216K)->8921K(9216K) Class: 1148K(1408K)->1148K(1408K)
[173.948s][debug][gc,heap           ] GC(3620) Heap after GC invocations=3621 (full 1): garbage-first heap   total 1490944K, used 21308K [0x0000000700000000, 0x0000000800000000)
[173.948s][debug][gc,heap           ] GC(3620)   region size 1024K, 4 young (4096K), 4 survivors (4096K)
[173.948s][debug][gc,heap           ] GC(3620)  Metaspace       used 10069K, capacity 10368K, committed 10624K, reserved 1058816K
[173.948s][debug][gc,heap           ] GC(3620)   class space    used 1148K, capacity 1266K, committed 1408K, reserved 1048576K
[173.948s][info ][gc                ] GC(3620) Pause Young (Normal) (G1 Evacuation Pause) 889M->20M(1456M) 2.274ms
[173.948s][info ][gc,cpu            ] GC(3620) User=0.01s Sys=0.00s Real=0.01s
[173.949s][info ][safepoint         ] Safepoint "G1CollectForAllocation", Time since last: 46045646 ns, Reaching safepoint: 216888 ns, At safepoint: 2591376 ns, Total: 2808264 ns
[173.993s][debug][gc,heap           ] GC(3621) Heap before GC invocations=3621 (full 1): garbage-first heap   total 1490944K, used 910140K [0x0000000700000000, 0x0000000800000000)
[173.993s][debug][gc,heap           ] GC(3621)   region size 1024K, 873 young (893952K), 4 survivors (4096K)
[173.993s][debug][gc,heap           ] GC(3621)  Metaspace       used 10069K, capacity 10368K, committed 10624K, reserved 1058816K
[173.993s][debug][gc,heap           ] GC(3621)   class space    used 1148K, capacity 1266K, committed 1408K, reserved 1048576K
[173.993s][info ][gc,start          ] GC(3621) Pause Young (Normal) (G1 Evacuation Pause)
[173.993s][info ][gc,task           ] GC(3621) Using 8 workers of 8 for evacuation
[173.993s][debug][gc,tlab           ] GC(3621) TLAB totals: thrds: 8  refills: 18 max: 3 slow allocs: 1730 max 247 waste: 32.8% gc: 1427296B max: 246032B slow: 89064B max: 15488B fast: 0B max: 0B
[173.993s][debug][gc,age            ] GC(3621) Desired survivor size 57671680 bytes, new threshold 15 (max threshold 15)
[173.993s][debug][gc,alloc,region   ] GC(3621) Mutator Allocation stats, regions: 869, wasted size: 203M (23.4%)
[173.993s][debug][gc,ergo           ] GC(3621) Running G1 Merge Heap Roots using 8 workers for 873 regions
[173.994s][debug][gc,remset         ] GC(3621) Visited cards 512 Total dirty 4096 (12.50%) Total old 3614720 (0.01%)
[173.994s][debug][gc,ergo           ] GC(3621) Running G1 Clear Card Table Task using 2 workers for 2 units of work for 875 regions.
[173.994s][debug][gc,ref            ] GC(3621) Skipped phase1 of Reference Processing due to unavailable references
[173.994s][debug][gc,ref            ] GC(3621) Skipped phase2 of Reference Processing due to unavailable references
[173.994s][debug][gc,ref            ] GC(3621) Skipped phase3 of Reference Processing due to unavailable references
[173.994s][debug][gc,ref            ] GC(3621) Skipped phase4 of Reference Processing due to unavailable references
[173.994s][debug][gc,ergo           ] GC(3621) Running G1 Free Collection Set using 8 workers for collection set length 873 (1456)
[173.995s][debug][gc,ergo           ] GC(3621) Running G1 Rebuild Free List Task using 8 workers for rebuilding free list of 0 (4096) regions
[173.995s][trace][gc,age            ] GC(3621) Age table with threshold 15 (max threshold 15)
[173.995s][trace][gc,age            ] GC(3621) - age   1:    3202560 bytes,    3202560 total
[173.995s][debug][gc,plab           ] GC(3621) Young PLAB allocation: allocated: 16512B, wasted: 0B, unused: 14064B, used: 2448B, undo waste: 0B, 
[173.995s][debug][gc,plab           ] GC(3621) Young other allocation: region end waste: 733248B, regions filled: 4, direct allocated: 3200112B, failure used: 0B, failure wasted: 0B
[173.995s][debug][gc,plab           ] GC(3621) Young sizing: calculated: 0B, actual: 2064B
[173.995s][debug][gc,plab           ] GC(3621) Old PLAB allocation: allocated: 0B, wasted: 0B, unused: 0B, used: 0B, undo waste: 0B, 
[173.995s][debug][gc,plab           ] GC(3621) Old other allocation: region end waste: 0B, regions filled: 1, direct allocated: 0B, failure used: 0B, failure wasted: 0B
[173.995s][debug][gc,plab           ] GC(3621) Old sizing: calculated: 0B, actual: 2064B
[173.995s][debug][gc,ihop           ] GC(3621) Basic information (value update), threshold: 687026995B (45.00), target occupancy: 1526726656B, current occupancy: 21819696B, recent allocation size: 0B, recent allocation duration: 45.60ms, recent old gen allocation rate: 0.00B/s, recent marking phase length: 29.01ms
[173.995s][debug][gc,ihop           ] GC(3621) Adaptive IHOP information (value update), threshold: 687026995B (47.37), internal target occupancy: 1450390323B, occupancy: 21819696B, additional buffer size: 915406848B, predicted old gen allocation rate: 2495.29B/s, predicted marking phase length: 58.01ms, prediction active: false
[173.995s][debug][gc,ergo,refine    ] GC(3621) Concurrent refinement times: Logged Cards Scan time goal: 20.00ms Logged Cards Scan time: 0.00ms HCC time: 0.00ms
[173.995s][debug][gc,ergo,refine    ] GC(3621) Updated Refinement Zones: green: 2048, yellow: 6144, red: 10240
[173.995s][info ][gc,phases         ] GC(3621)   Pre Evacuate Collection Set: 0.1ms
[173.995s][debug][gc,phases         ] GC(3621)     Prepare TLABs: 0.0ms
[173.995s][debug][gc,phases         ] GC(3621)     Choose Collection Set: 0.0ms
[173.995s][debug][gc,phases         ] GC(3621)     Region Register: 0.1ms
[173.995s][debug][gc,phases         ] GC(3621)     Prepare Heap Roots: 0.0ms
[173.995s][info ][gc,phases         ] GC(3621)   Merge Heap Roots: 0.2ms
[173.995s][debug][gc,phases         ] GC(3621)     Prepare Merge Heap Roots: 0.0ms
[173.995s][debug][gc,phases         ] GC(3621)     Eager Reclaim (ms):       skipped
[173.995s][debug][gc,phases         ] GC(3621)     Remembered Sets (ms):     Min:  0.0, Avg:  0.0, Max:  0.1, Diff:  0.0, Sum:  0.4, Workers: 8
[173.995s][debug][gc,phases         ] GC(3621)       Merged Sparse:            Min: 0, Avg:  0.0, Max: 0, Diff: 0, Sum: 0, Workers: 8
[173.995s][debug][gc,phases         ] GC(3621)       Merged Fine:              Min: 0, Avg:  0.0, Max: 0, Diff: 0, Sum: 0, Workers: 8
[173.995s][debug][gc,phases         ] GC(3621)       Merged Coarse:            Min: 0, Avg:  0.0, Max: 0, Diff: 0, Sum: 0, Workers: 8
[173.995s][debug][gc,phases         ] GC(3621)       Dirty Cards:              Min: 0, Avg:  0.0, Max: 0, Diff: 0, Sum: 0, Workers: 8
[173.995s][debug][gc,phases         ] GC(3621)     Hot Card Cache (ms):      Min:  0.0, Avg:  0.0, Max:  0.0, Diff:  0.0, Sum:  0.0, Workers: 8
[173.995s][debug][gc,phases         ] GC(3621)       Dirty Cards:              Min: 0, Avg:  0.0, Max: 0, Diff: 0, Sum: 0, Workers: 8
[173.995s][debug][gc,phases         ] GC(3621)       Skipped Cards:            Min: 0, Avg:  0.0, Max: 0, Diff: 0, Sum: 0, Workers: 8
[173.995s][debug][gc,phases         ] GC(3621)     Log Buffers (ms):         Min:  0.0, Avg:  0.0, Max:  0.0, Diff:  0.0, Sum:  0.0, Workers: 8
[173.995s][debug][gc,phases         ] GC(3621)       Dirty Cards:              Min: 0, Avg:  0.2, Max: 2, Diff: 2, Sum: 2, Workers: 8
[173.995s][debug][gc,phases         ] GC(3621)       Skipped Cards:            Min: 0, Avg:  0.0, Max: 0, Diff: 0, Sum: 0, Workers: 8
[173.995s][info ][gc,phases         ] GC(3621)   Evacuate Collection Set: 0.4ms
[173.995s][debug][gc,phases         ] GC(3621)     Ext Root Scanning (ms):   Min:  0.1, Avg:  0.2, Max:  0.3, Diff:  0.3, Sum:  1.7, Workers: 8
[173.995s][debug][gc,phases         ] GC(3621)     Scan Heap Roots (ms):     Min:  0.0, Avg:  0.0, Max:  0.0, Diff:  0.0, Sum:  0.0, Workers: 8
[173.995s][debug][gc,phases         ] GC(3621)       Scanned Cards:            Min: 0, Avg:  0.2, Max: 2, Diff: 2, Sum: 2, Workers: 8
[173.995s][debug][gc,phases         ] GC(3621)       Scanned Blocks:           Min: 0, Avg:  0.2, Max: 2, Diff: 2, Sum: 2, Workers: 8
[173.995s][debug][gc,phases         ] GC(3621)       Claimed Chunks:           Min: 0, Avg:  0.2, Max: 2, Diff: 2, Sum: 2, Workers: 8
[173.995s][debug][gc,phases         ] GC(3621)     Code Root Scan (ms):      Min:  0.0, Avg:  0.0, Max:  0.1, Diff:  0.1, Sum:  0.2, Workers: 8
[173.995s][debug][gc,phases         ] GC(3621)     Object Copy (ms):         Min:  0.0, Avg:  0.0, Max:  0.0, Diff:  0.0, Sum:  0.0, Workers: 8
[173.995s][debug][gc,phases         ] GC(3621)     Termination (ms):         Min:  0.0, Avg:  0.1, Max:  0.1, Diff:  0.1, Sum:  0.8, Workers: 8
[173.995s][debug][gc,phases         ] GC(3621)       Termination Attempts:     Min: 1, Avg:  1.2, Max: 3, Diff: 2, Sum: 10, Workers: 8
[173.995s][debug][gc,phases         ] GC(3621)     GC Worker Other (ms):     Min:  0.0, Avg:  0.0, Max:  0.1, Diff:  0.1, Sum:  0.4, Workers: 8
[173.995s][debug][gc,phases         ] GC(3621)     GC Worker Total (ms):     Min:  0.4, Avg:  0.4, Max:  0.4, Diff:  0.1, Sum:  3.1, Workers: 8
[173.995s][info ][gc,phases         ] GC(3621)   Post Evacuate Collection Set: 0.6ms
[173.995s][debug][gc,phases         ] GC(3621)     Code Roots Fixup: 0.0ms
[173.995s][debug][gc,phases         ] GC(3621)     Clear Card Table: 0.2ms
[173.995s][debug][gc,phases         ] GC(3621)     Reference Processing: 0.0ms
[173.995s][debug][gc,phases,ref     ] GC(3621)       Reconsider SoftReferences: 0.0ms
[173.995s][debug][gc,phases,ref     ] GC(3621)         SoftRef (ms):             skipped
[173.995s][debug][gc,phases,ref     ] GC(3621)       Notify Soft/WeakReferences: 0.0ms
[173.995s][debug][gc,phases,ref     ] GC(3621)         SoftRef (ms):             skipped
[173.995s][debug][gc,phases,ref     ] GC(3621)         WeakRef (ms):             skipped
[173.995s][debug][gc,phases,ref     ] GC(3621)         FinalRef (ms):            skipped
[173.995s][debug][gc,phases,ref     ] GC(3621)         Total (ms):               skipped
[173.995s][debug][gc,phases,ref     ] GC(3621)       Notify and keep alive finalizable: 0.0ms
[173.995s][debug][gc,phases,ref     ] GC(3621)         FinalRef (ms):            skipped
[173.995s][debug][gc,phases,ref     ] GC(3621)       Notify PhantomReferences: 0.0ms
[173.995s][debug][gc,phases,ref     ] GC(3621)         PhantomRef (ms):          skipped
[173.995s][debug][gc,phases,ref     ] GC(3621)       SoftReference:
[173.995s][debug][gc,phases,ref     ] GC(3621)         Discovered: 0
[173.995s][debug][gc,phases,ref     ] GC(3621)         Cleared: 0
[173.995s][debug][gc,phases,ref     ] GC(3621)       WeakReference:
[173.995s][debug][gc,phases,ref     ] GC(3621)         Discovered: 0
[173.995s][debug][gc,phases,ref     ] GC(3621)         Cleared: 0
[173.995s][debug][gc,phases,ref     ] GC(3621)       FinalReference:
[173.995s][debug][gc,phases,ref     ] GC(3621)         Discovered: 0
[173.995s][debug][gc,phases,ref     ] GC(3621)         Cleared: 0
[173.995s][debug][gc,phases,ref     ] GC(3621)       PhantomReference:
[173.995s][debug][gc,phases,ref     ] GC(3621)         Discovered: 0
[173.995s][debug][gc,phases,ref     ] GC(3621)         Cleared: 0
[173.995s][debug][gc,phases         ] GC(3621)     Weak Processing: 0.0ms
[173.995s][debug][gc,phases         ] GC(3621)       JVMTI weak processing: 0.0ms
[173.995s][debug][gc,phases         ] GC(3621)         Dead: 0
[173.995s][debug][gc,phases         ] GC(3621)         Total: 0
[173.995s][debug][gc,phases         ] GC(3621)       JFR weak processing: 0.0ms
[173.995s][debug][gc,phases         ] GC(3621)         Dead: 0
[173.995s][debug][gc,phases         ] GC(3621)         Total: 0
[173.995s][debug][gc,phases         ] GC(3621)       JNI weak                  Min:  0.0, Avg:  0.0, Max:  0.0, Diff:  0.0, Sum:  0.0, Workers: 5
[173.995s][debug][gc,phases         ] GC(3621)         Dead                      Min: 0, Avg:  0.0, Max: 0, Diff: 0, Sum: 0, Workers: 5
[173.995s][debug][gc,phases         ] GC(3621)         Total                     Min: 0, Avg: 25.6, Max: 64, Diff: 64, Sum: 128, Workers: 5
[173.995s][debug][gc,phases         ] GC(3621)       VM weak                   Min:  0.0, Avg:  0.0, Max:  0.0, Diff:  0.0, Sum:  0.0, Workers: 5
[173.995s][debug][gc,phases         ] GC(3621)         Dead                      Min: 0, Avg:  0.0, Max: 0, Diff: 0, Sum: 0, Workers: 5
[173.995s][debug][gc,phases         ] GC(3621)         Total                     Min: 0, Avg: 42.4, Max: 64, Diff: 64, Sum: 212, Workers: 5
[173.995s][debug][gc,phases         ] GC(3621)       StringTable weak          Min:  0.0, Avg:  0.0, Max:  0.0, Diff:  0.0, Sum:  0.1, Workers: 5
[173.996s][debug][gc,phases         ] GC(3621)         Dead                      Min: 0, Avg:  0.0, Max: 0, Diff: 0, Sum: 0, Workers: 5
[173.996s][debug][gc,phases         ] GC(3621)         Total                     Min: 576, Avg: 686.2, Max: 768, Diff: 192, Sum: 3431, Workers: 5
[173.996s][debug][gc,phases         ] GC(3621)       ResolvedMethodTable weak  Min:  0.0, Avg:  0.0, Max:  0.0, Diff:  0.0, Sum:  0.0, Workers: 5
[173.996s][debug][gc,phases         ] GC(3621)         Dead                      Min: 0, Avg:  0.0, Max: 0, Diff: 0, Sum: 0, Workers: 5
[173.996s][debug][gc,phases         ] GC(3621)         Total                     Min: 64, Avg: 114.6, Max: 128, Diff: 64, Sum: 573, Workers: 5
[173.996s][debug][gc,phases         ] GC(3621)     Merge Per-Thread State: 0.0ms
[173.996s][debug][gc,phases         ] GC(3621)       Copied Bytes              Min: 152, Avg: 400320.0, Max: 800096, Diff: 799944, Sum: 3202560, Workers: 8
[173.996s][debug][gc,phases         ] GC(3621)       LAB Waste                 Min: 0, Avg:  0.0, Max: 0, Diff: 0, Sum: 0, Workers: 8
[173.996s][debug][gc,phases         ] GC(3621)       LAB Undo Waste            Min: 0, Avg:  0.0, Max: 0, Diff: 0, Sum: 0, Workers: 8
[173.996s][debug][gc,phases         ] GC(3621)     Code Roots Purge: 0.0ms
[173.996s][debug][gc,phases         ] GC(3621)     Redirty Cards: 0.0ms
[173.996s][debug][gc,phases         ] GC(3621)     DerivedPointerTable Update: 0.0ms
[173.996s][debug][gc,phases         ] GC(3621)     Free Collection Set: 0.2ms
[173.996s][debug][gc,phases         ] GC(3621)     Rebuild Free List: 0.1ms
[173.996s][debug][gc,phases         ] GC(3621)     Humongous Reclaim: 0.0ms
[173.996s][debug][gc,phases         ] GC(3621)     Start New Collection Set: 0.0ms
[173.996s][debug][gc,phases         ] GC(3621)     Resize TLABs: 0.0ms
[173.996s][debug][gc,phases         ] GC(3621)     Expand Heap After Collection: 0.0ms
[173.996s][info ][gc,phases         ] GC(3621)   Other: 0.3ms
[173.996s][info ][gc,heap           ] GC(3621) Eden regions: 869->0(869)
[173.996s][info ][gc,heap           ] GC(3621) Survivor regions: 4->4(110)
[173.996s][info ][gc,heap           ] GC(3621) Old regions: 17->17
[173.996s][info ][gc,heap           ] GC(3621) Archive regions: 2->2
[173.996s][info ][gc,heap           ] GC(3621) Humongous regions: 0->0
[173.996s][info ][gc,metaspace      ] GC(3621) Metaspace: 10069K(10624K)->10069K(10624K) NonClass: 8921K(9216K)->8921K(9216K) Class: 1148K(1408K)->1148K(1408K)
[173.996s][debug][gc,heap           ] GC(3621) Heap after GC invocations=3622 (full 1): garbage-first heap   total 1490944K, used 21308K [0x0000000700000000, 0x0000000800000000)
[173.996s][debug][gc,heap           ] GC(3621)   region size 1024K, 4 young (4096K), 4 survivors (4096K)
[173.996s][debug][gc,heap           ] GC(3621)  Metaspace       used 10069K, capacity 10368K, committed 10624K, reserved 1058816K
[173.996s][debug][gc,heap           ] GC(3621)   class space    used 1148K, capacity 1266K, committed 1408K, reserved 1048576K
[173.996s][info ][gc                ] GC(3621) Pause Young (Normal) (G1 Evacuation Pause) 889M->20M(1456M) 2.662ms
[173.996s][info ][gc,cpu            ] GC(3621) User=0.01s Sys=0.00s Real=0.00s
[173.996s][info ][safepoint         ] Safepoint "G1CollectForAllocation", Time since last: 44220469 ns, Reaching safepoint: 210962 ns, At safepoint: 2877477 ns, Total: 3088439 ns
[174.042s][debug][gc,heap           ] GC(3622) Heap before GC invocations=3622 (full 1): garbage-first heap   total 1490944K, used 910140K [0x0000000700000000, 0x0000000800000000)
[174.042s][debug][gc,heap           ] GC(3622)   region size 1024K, 873 young (893952K), 4 survivors (4096K)
[174.042s][debug][gc,heap           ] GC(3622)  Metaspace       used 10069K, capacity 10368K, committed 10624K, reserved 1058816K
[174.042s][debug][gc,heap           ] GC(3622)   class space    used 1148K, capacity 1266K, committed 1408K, reserved 1048576K
[174.042s][info ][gc,start          ] GC(3622) Pause Young (Normal) (G1 Evacuation Pause)
[174.042s][info ][gc,task           ] GC(3622) Using 8 workers of 8 for evacuation
[174.042s][debug][gc,tlab           ] GC(3622) TLAB totals: thrds: 8  refills: 12 max: 3 slow allocs: 1732 max 246 waste: 22.4% gc: 849224B max: 139448B slow: 43232B max: 15488B fast: 0B max: 0B
[174.042s][debug][gc,age            ] GC(3622) Desired survivor size 57671680 bytes, new threshold 15 (max threshold 15)
[174.042s][debug][gc,alloc,region   ] GC(3622) Mutator Allocation stats, regions: 869, wasted size: 203M (23.5%)
[174.042s][debug][gc,ergo           ] GC(3622) Running G1 Merge Heap Roots using 8 workers for 873 regions
[174.042s][debug][gc,remset         ] GC(3622) Visited cards 256 Total dirty 2048 (12.50%) Total old 3614720 (0.01%)
[174.043s][debug][gc,ergo           ] GC(3622) Running G1 Clear Card Table Task using 2 workers for 2 units of work for 874 regions.
[174.043s][debug][gc,ref            ] GC(3622) Skipped phase1 of Reference Processing due to unavailable references
[174.043s][debug][gc,ref            ] GC(3622) Skipped phase2 of Reference Processing due to unavailable references
[174.043s][debug][gc,ref            ] GC(3622) Skipped phase3 of Reference Processing due to unavailable references
[174.043s][debug][gc,ref            ] GC(3622) Skipped phase4 of Reference Processing due to unavailable references
[174.043s][debug][gc,ergo           ] GC(3622) Running G1 Free Collection Set using 8 workers for collection set length 873 (1456)
[174.043s][debug][gc,ergo           ] GC(3622) Running G1 Rebuild Free List Task using 8 workers for rebuilding free list of 0 (4096) regions
[174.043s][trace][gc,age            ] GC(3622) Age table with threshold 15 (max threshold 15)
[174.043s][trace][gc,age            ] GC(3622) - age   1:    3202552 bytes,    3202552 total
[174.043s][debug][gc,plab           ] GC(3622) Young PLAB allocation: allocated: 16512B, wasted: 0B, unused: 14064B, used: 2448B, undo waste: 0B, 
[174.043s][debug][gc,plab           ] GC(3622) Young other allocation: region end waste: 735320B, regions filled: 4, direct allocated: 3200104B, failure used: 0B, failure wasted: 0B
[174.043s][debug][gc,plab           ] GC(3622) Young sizing: calculated: 0B, actual: 2064B
[174.043s][debug][gc,plab           ] GC(3622) Old PLAB allocation: allocated: 0B, wasted: 0B, unused: 0B, used: 0B, undo waste: 0B, 
[174.043s][debug][gc,plab           ] GC(3622) Old other allocation: region end waste: 0B, regions filled: 1, direct allocated: 0B, failure used: 0B, failure wasted: 0B
[174.043s][debug][gc,plab           ] GC(3622) Old sizing: calculated: 0B, actual: 2064B
[174.043s][debug][gc,ihop           ] GC(3622) Basic information (value update), threshold: 687026995B (45.00), target occupancy: 1526726656B, current occupancy: 21821760B, recent allocation size: 0B, recent allocation duration: 47.24ms, recent old gen allocation rate: 0.00B/s, recent marking phase length: 29.01ms
[174.043s][debug][gc,ihop           ] GC(3622) Adaptive IHOP information (value update), threshold: 687026995B (47.37), internal target occupancy: 1450390323B, occupancy: 21821760B, additional buffer size: 915406848B, predicted old gen allocation rate: 2430.17B/s, predicted marking phase length: 58.01ms, prediction active: false
[174.043s][debug][gc,ergo,refine    ] GC(3622) Concurrent refinement times: Logged Cards Scan time goal: 20.00ms Logged Cards Scan time: 0.00ms HCC time: 0.00ms
[174.043s][debug][gc,ergo,refine    ] GC(3622) Updated Refinement Zones: green: 2048, yellow: 6144, red: 10240
[174.043s][info ][gc,phases         ] GC(3622)   Pre Evacuate Collection Set: 0.1ms
[174.043s][debug][gc,phases         ] GC(3622)     Prepare TLABs: 0.0ms
[174.043s][debug][gc,phases         ] GC(3622)     Choose Collection Set: 0.0ms
[174.044s][debug][gc,phases         ] GC(3622)     Region Register: 0.1ms
[174.044s][debug][gc,phases         ] GC(3622)     Prepare Heap Roots: 0.0ms
[174.044s][info ][gc,phases         ] GC(3622)   Merge Heap Roots: 0.2ms
[174.044s][debug][gc,phases         ] GC(3622)     Prepare Merge Heap Roots: 0.0ms
[174.044s][debug][gc,phases         ] GC(3622)     Eager Reclaim (ms):       skipped
[174.044s][debug][gc,phases         ] GC(3622)     Remembered Sets (ms):     Min:  0.0, Avg:  0.1, Max:  0.1, Diff:  0.1, Sum:  0.4, Workers: 8
[174.044s][debug][gc,phases         ] GC(3622)       Merged Sparse:            Min: 0, Avg:  0.0, Max: 0, Diff: 0, Sum: 0, Workers: 8
[174.044s][debug][gc,phases         ] GC(3622)       Merged Fine:              Min: 0, Avg:  0.0, Max: 0, Diff: 0, Sum: 0, Workers: 8
[174.044s][debug][gc,phases         ] GC(3622)       Merged Coarse:            Min: 0, Avg:  0.0, Max: 0, Diff: 0, Sum: 0, Workers: 8
[174.044s][debug][gc,phases         ] GC(3622)       Dirty Cards:              Min: 0, Avg:  0.0, Max: 0, Diff: 0, Sum: 0, Workers: 8
[174.044s][debug][gc,phases         ] GC(3622)     Hot Card Cache (ms):      Min:  0.0, Avg:  0.0, Max:  0.0, Diff:  0.0, Sum:  0.0, Workers: 8
[174.044s][debug][gc,phases         ] GC(3622)       Dirty Cards:              Min: 0, Avg:  0.0, Max: 0, Diff: 0, Sum: 0, Workers: 8
[174.044s][debug][gc,phases         ] GC(3622)       Skipped Cards:            Min: 0, Avg:  0.0, Max: 0, Diff: 0, Sum: 0, Workers: 8
[174.044s][debug][gc,phases         ] GC(3622)     Log Buffers (ms):         Min:  0.0, Avg:  0.0, Max:  0.0, Diff:  0.0, Sum:  0.0, Workers: 8
[174.044s][debug][gc,phases         ] GC(3622)       Dirty Cards:              Min: 0, Avg:  0.1, Max: 1, Diff: 1, Sum: 1, Workers: 8
[174.044s][debug][gc,phases         ] GC(3622)       Skipped Cards:            Min: 0, Avg:  0.0, Max: 0, Diff: 0, Sum: 0, Workers: 8
[174.044s][info ][gc,phases         ] GC(3622)   Evacuate Collection Set: 0.4ms
[174.044s][debug][gc,phases         ] GC(3622)     Ext Root Scanning (ms):   Min:  0.0, Avg:  0.2, Max:  0.3, Diff:  0.3, Sum:  1.4, Workers: 8
[174.044s][debug][gc,phases         ] GC(3622)     Scan Heap Roots (ms):     Min:  0.0, Avg:  0.0, Max:  0.0, Diff:  0.0, Sum:  0.0, Workers: 8
[174.044s][debug][gc,phases         ] GC(3622)       Scanned Cards:            Min: 0, Avg:  0.1, Max: 1, Diff: 1, Sum: 1, Workers: 8
[174.044s][debug][gc,phases         ] GC(3622)       Scanned Blocks:           Min: 0, Avg:  0.1, Max: 1, Diff: 1, Sum: 1, Workers: 8
[174.044s][debug][gc,phases         ] GC(3622)       Claimed Chunks:           Min: 0, Avg:  0.1, Max: 1, Diff: 1, Sum: 1, Workers: 8
[174.044s][debug][gc,phases         ] GC(3622)     Code Root Scan (ms):      Min:  0.0, Avg:  0.0, Max:  0.1, Diff:  0.1, Sum:  0.2, Workers: 8
[174.044s][debug][gc,phases         ] GC(3622)     Object Copy (ms):         Min:  0.0, Avg:  0.0, Max:  0.0, Diff:  0.0, Sum:  0.0, Workers: 8
[174.044s][debug][gc,phases         ] GC(3622)     Termination (ms):         Min:  0.0, Avg:  0.1, Max:  0.1, Diff:  0.1, Sum:  0.6, Workers: 8
[174.044s][debug][gc,phases         ] GC(3622)       Termination Attempts:     Min: 1, Avg:  1.0, Max: 1, Diff: 0, Sum: 8, Workers: 8
[174.044s][debug][gc,phases         ] GC(3622)     GC Worker Other (ms):     Min:  0.0, Avg:  0.0, Max:  0.1, Diff:  0.1, Sum:  0.4, Workers: 8
[174.044s][debug][gc,phases         ] GC(3622)     GC Worker Total (ms):     Min:  0.3, Avg:  0.3, Max:  0.4, Diff:  0.1, Sum:  2.7, Workers: 8
[174.044s][info ][gc,phases         ] GC(3622)   Post Evacuate Collection Set: 0.6ms
[174.044s][debug][gc,phases         ] GC(3622)     Code Roots Fixup: 0.0ms
[174.044s][debug][gc,phases         ] GC(3622)     Clear Card Table: 0.2ms
[174.044s][debug][gc,phases         ] GC(3622)     Reference Processing: 0.0ms
[174.044s][debug][gc,phases,ref     ] GC(3622)       Reconsider SoftReferences: 0.0ms
[174.044s][debug][gc,phases,ref     ] GC(3622)         SoftRef (ms):             skipped
[174.044s][debug][gc,phases,ref     ] GC(3622)       Notify Soft/WeakReferences: 0.0ms
[174.044s][debug][gc,phases,ref     ] GC(3622)         SoftRef (ms):             skipped
[174.044s][debug][gc,phases,ref     ] GC(3622)         WeakRef (ms):             skipped
[174.044s][debug][gc,phases,ref     ] GC(3622)         FinalRef (ms):            skipped
[174.044s][debug][gc,phases,ref     ] GC(3622)         Total (ms):               skipped
[174.044s][debug][gc,phases,ref     ] GC(3622)       Notify and keep alive finalizable: 0.0ms
[174.044s][debug][gc,phases,ref     ] GC(3622)         FinalRef (ms):            skipped
[174.044s][debug][gc,phases,ref     ] GC(3622)       Notify PhantomReferences: 0.0ms
[174.044s][debug][gc,phases,ref     ] GC(3622)         PhantomRef (ms):          skipped
[174.044s][debug][gc,phases,ref     ] GC(3622)       SoftReference:
[174.044s][debug][gc,phases,ref     ] GC(3622)         Discovered: 0
[174.044s][debug][gc,phases,ref     ] GC(3622)         Cleared: 0
[174.044s][debug][gc,phases,ref     ] GC(3622)       WeakReference:
[174.044s][debug][gc,phases,ref     ] GC(3622)         Discovered: 0
[174.044s][debug][gc,phases,ref     ] GC(3622)         Cleared: 0
[174.044s][debug][gc,phases,ref     ] GC(3622)       FinalReference:
[174.044s][debug][gc,phases,ref     ] GC(3622)         Discovered: 0
[174.044s][debug][gc,phases,ref     ] GC(3622)         Cleared: 0
[174.044s][debug][gc,phases,ref     ] GC(3622)       PhantomReference:
[174.044s][debug][gc,phases,ref     ] GC(3622)         Discovered: 0
[174.044s][debug][gc,phases,ref     ] GC(3622)         Cleared: 0
[174.044s][debug][gc,phases         ] GC(3622)     Weak Processing: 0.0ms
[174.044s][debug][gc,phases         ] GC(3622)       JVMTI weak processing: 0.0ms
[174.044s][debug][gc,phases         ] GC(3622)         Dead: 0
[174.044s][debug][gc,phases         ] GC(3622)         Total: 0
[174.044s][debug][gc,phases         ] GC(3622)       JFR weak processing: 0.0ms
[174.044s][debug][gc,phases         ] GC(3622)         Dead: 0
[174.044s][debug][gc,phases         ] GC(3622)         Total: 0
[174.044s][debug][gc,phases         ] GC(3622)       JNI weak                  Min:  0.0, Avg:  0.0, Max:  0.0, Diff:  0.0, Sum:  0.0, Workers: 5
[174.044s][debug][gc,phases         ] GC(3622)         Dead                      Min: 0, Avg:  0.0, Max: 0, Diff: 0, Sum: 0, Workers: 5
[174.044s][debug][gc,phases         ] GC(3622)         Total                     Min: 0, Avg: 25.6, Max: 128, Diff: 128, Sum: 128, Workers: 5
[174.044s][debug][gc,phases         ] GC(3622)       VM weak                   Min:  0.0, Avg:  0.0, Max:  0.0, Diff:  0.0, Sum:  0.0, Workers: 5
[174.044s][debug][gc,phases         ] GC(3622)         Dead                      Min: 0, Avg:  0.0, Max: 0, Diff: 0, Sum: 0, Workers: 5
[174.044s][debug][gc,phases         ] GC(3622)         Total                     Min: 0, Avg: 42.4, Max: 148, Diff: 148, Sum: 212, Workers: 5
[174.044s][debug][gc,phases         ] GC(3622)       StringTable weak          Min:  0.0, Avg:  0.0, Max:  0.0, Diff:  0.0, Sum:  0.1, Workers: 5
[174.044s][debug][gc,phases         ] GC(3622)         Dead                      Min: 0, Avg:  0.0, Max: 0, Diff: 0, Sum: 0, Workers: 5
[174.044s][debug][gc,phases         ] GC(3622)         Total                     Min: 0, Avg: 686.2, Max: 1383, Diff: 1383, Sum: 3431, Workers: 5
[174.044s][debug][gc,phases         ] GC(3622)       ResolvedMethodTable weak  Min:  0.0, Avg:  0.0, Max:  0.0, Diff:  0.0, Sum:  0.0, Workers: 5
[174.044s][debug][gc,phases         ] GC(3622)         Dead                      Min: 0, Avg:  0.0, Max: 0, Diff: 0, Sum: 0, Workers: 5
[174.044s][debug][gc,phases         ] GC(3622)         Total                     Min: 0, Avg: 114.6, Max: 192, Diff: 192, Sum: 573, Workers: 5
[174.044s][debug][gc,phases         ] GC(3622)     Merge Per-Thread State: 0.0ms
[174.044s][debug][gc,phases         ] GC(3622)       Copied Bytes              Min: 72, Avg: 400319.0, Max: 800688, Diff: 800616, Sum: 3202552, Workers: 8
[174.044s][debug][gc,phases         ] GC(3622)       LAB Waste                 Min: 0, Avg:  0.0, Max: 0, Diff: 0, Sum: 0, Workers: 8
[174.044s][debug][gc,phases         ] GC(3622)       LAB Undo Waste            Min: 0, Avg:  0.0, Max: 0, Diff: 0, Sum: 0, Workers: 8
[174.044s][debug][gc,phases         ] GC(3622)     Code Roots Purge: 0.0ms
[174.044s][debug][gc,phases         ] GC(3622)     Redirty Cards: 0.0ms
[174.044s][debug][gc,phases         ] GC(3622)     DerivedPointerTable Update: 0.0ms
[174.044s][debug][gc,phases         ] GC(3622)     Free Collection Set: 0.2ms
[174.044s][debug][gc,phases         ] GC(3622)     Rebuild Free List: 0.1ms
[174.044s][debug][gc,phases         ] GC(3622)     Humongous Reclaim: 0.0ms
[174.044s][debug][gc,phases         ] GC(3622)     Start New Collection Set: 0.0ms
[174.044s][debug][gc,phases         ] GC(3622)     Resize TLABs: 0.0ms
[174.044s][debug][gc,phases         ] GC(3622)     Expand Heap After Collection: 0.0ms
[174.044s][info ][gc,phases         ] GC(3622)   Other: 0.3ms
[174.044s][info ][gc,heap           ] GC(3622) Eden regions: 869->0(869)
[174.044s][info ][gc,heap           ] GC(3622) Survivor regions: 4->4(110)
[174.044s][info ][gc,heap           ] GC(3622) Old regions: 17->17
[174.044s][info ][gc,heap           ] GC(3622) Archive regions: 2->2
[174.044s][info ][gc,heap           ] GC(3622) Humongous regions: 0->0
[174.044s][info ][gc,metaspace      ] GC(3622) Metaspace: 10069K(10624K)->10069K(10624K) NonClass: 8921K(9216K)->8921K(9216K) Class: 1148K(1408K)->1148K(1408K)
[174.044s][debug][gc,heap           ] GC(3622) Heap after GC invocations=3623 (full 1): garbage-first heap   total 1490944K, used 21310K [0x0000000700000000, 0x0000000800000000)
[174.044s][debug][gc,heap           ] GC(3622)   region size 1024K, 4 young (4096K), 4 survivors (4096K)
[174.044s][debug][gc,heap           ] GC(3622)  Metaspace       used 10069K, capacity 10368K, committed 10624K, reserved 1058816K
[174.044s][debug][gc,heap           ] GC(3622)   class space    used 1148K, capacity 1266K, committed 1408K, reserved 1048576K
[174.044s][info ][gc                ] GC(3622) Pause Young (Normal) (G1 Evacuation Pause) 889M->20M(1456M) 2.347ms
[174.044s][info ][gc,cpu            ] GC(3622) User=0.00s Sys=0.00s Real=0.00s
[174.044s][info ][safepoint         ] Safepoint "G1CollectForAllocation", Time since last: 45646916 ns, Reaching safepoint: 203014 ns, At safepoint: 2619178 ns, Total: 2822192 ns
[174.089s][debug][gc,heap           ] GC(3623) Heap before GC invocations=3623 (full 1): garbage-first heap   total 1490944K, used 910142K [0x0000000700000000, 0x0000000800000000)
[174.089s][debug][gc,heap           ] GC(3623)   region size 1024K, 873 young (893952K), 4 survivors (4096K)
[174.089s][debug][gc,heap           ] GC(3623)  Metaspace       used 10069K, capacity 10368K, committed 10624K, reserved 1058816K
[174.089s][debug][gc,heap           ] GC(3623)   class space    used 1148K, capacity 1266K, committed 1408K, reserved 1048576K
[174.089s][info ][gc,start          ] GC(3623) Pause Young (Normal) (G1 Evacuation Pause)
[174.089s][info ][gc,task           ] GC(3623) Using 8 workers of 8 for evacuation
[174.089s][debug][gc,tlab           ] GC(3623) TLAB totals: thrds: 8  refills: 15 max: 3 slow allocs: 1725 max 236 waste: 32.8% gc: 1429840B max: 244760B slow: 84968B max: 15488B fast: 0B max: 0B
[174.089s][debug][gc,age            ] GC(3623) Desired survivor size 57671680 bytes, new threshold 15 (max threshold 15)
[174.089s][debug][gc,alloc,region   ] GC(3623) Mutator Allocation stats, regions: 869, wasted size: 203M (23.4%)
[174.089s][debug][gc,ergo           ] GC(3623) Running G1 Merge Heap Roots using 8 workers for 873 regions
[174.089s][debug][gc,remset         ] GC(3623) Visited cards 512 Total dirty 4096 (12.50%) Total old 3614720 (0.01%)
[174.090s][debug][gc,ergo           ] GC(3623) Running G1 Clear Card Table Task using 2 workers for 2 units of work for 875 regions.
[174.090s][debug][gc,ref            ] GC(3623) Skipped phase1 of Reference Processing due to unavailable references
[174.090s][debug][gc,ref            ] GC(3623) Skipped phase2 of Reference Processing due to unavailable references
[174.090s][debug][gc,ref            ] GC(3623) Skipped phase3 of Reference Processing due to unavailable references
[174.090s][debug][gc,ref            ] GC(3623) Skipped phase4 of Reference Processing due to unavailable references
[174.090s][debug][gc,ergo           ] GC(3623) Running G1 Free Collection Set using 8 workers for collection set length 873 (1456)
[174.090s][debug][gc,ergo           ] GC(3623) Running G1 Rebuild Free List Task using 8 workers for rebuilding free list of 0 (4096) regions
[174.090s][trace][gc,age            ] GC(3623) Age table with threshold 15 (max threshold 15)
[174.091s][trace][gc,age            ] GC(3623) - age   1:    4002712 bytes,    4002712 total
[174.091s][debug][gc,plab           ] GC(3623) Young PLAB allocation: allocated: 16512B, wasted: 0B, unused: 13944B, used: 2568B, undo waste: 0B, 
[174.091s][debug][gc,plab           ] GC(3623) Young other allocation: region end waste: 981792B, regions filled: 5, direct allocated: 4000144B, failure used: 0B, failure wasted: 0B
[174.091s][debug][gc,plab           ] GC(3623) Young sizing: calculated: 0B, actual: 2064B
[174.091s][debug][gc,plab           ] GC(3623) Old PLAB allocation: allocated: 0B, wasted: 0B, unused: 0B, used: 0B, undo waste: 0B, 
[174.091s][debug][gc,plab           ] GC(3623) Old other allocation: region end waste: 0B, regions filled: 1, direct allocated: 0B, failure used: 0B, failure wasted: 0B
[174.091s][debug][gc,plab           ] GC(3623) Old sizing: calculated: 0B, actual: 2064B
[174.091s][debug][gc,ihop           ] GC(3623) Basic information (value update), threshold: 687026995B (45.00), target occupancy: 1526726656B, current occupancy: 22868272B, recent allocation size: 0B, recent allocation duration: 45.63ms, recent old gen allocation rate: 0.00B/s, recent marking phase length: 29.01ms
[174.091s][debug][gc,ihop           ] GC(3623) Adaptive IHOP information (value update), threshold: 687026995B (47.37), internal target occupancy: 1450390323B, occupancy: 22868272B, additional buffer size: 915406848B, predicted old gen allocation rate: 2366.80B/s, predicted marking phase length: 58.01ms, prediction active: false
[174.091s][debug][gc,ergo,refine    ] GC(3623) Concurrent refinement times: Logged Cards Scan time goal: 20.00ms Logged Cards Scan time: 0.00ms HCC time: 0.00ms
[174.091s][debug][gc,ergo,refine    ] GC(3623) Updated Refinement Zones: green: 2048, yellow: 6144, red: 10240
[174.091s][info ][gc,phases         ] GC(3623)   Pre Evacuate Collection Set: 0.1ms
[174.091s][debug][gc,phases         ] GC(3623)     Prepare TLABs: 0.0ms
[174.091s][debug][gc,phases         ] GC(3623)     Choose Collection Set: 0.0ms
[174.091s][debug][gc,phases         ] GC(3623)     Region Register: 0.1ms
[174.091s][debug][gc,phases         ] GC(3623)     Prepare Heap Roots: 0.0ms
[174.091s][info ][gc,phases         ] GC(3623)   Merge Heap Roots: 0.2ms
[174.091s][debug][gc,phases         ] GC(3623)     Prepare Merge Heap Roots: 0.0ms
[174.091s][debug][gc,phases         ] GC(3623)     Eager Reclaim (ms):       skipped
[174.091s][debug][gc,phases         ] GC(3623)     Remembered Sets (ms):     Min:  0.0, Avg:  0.0, Max:  0.1, Diff:  0.0, Sum:  0.4, Workers: 8
[174.091s][debug][gc,phases         ] GC(3623)       Merged Sparse:            Min: 0, Avg:  0.0, Max: 0, Diff: 0, Sum: 0, Workers: 8
[174.091s][debug][gc,phases         ] GC(3623)       Merged Fine:              Min: 0, Avg:  0.0, Max: 0, Diff: 0, Sum: 0, Workers: 8
[174.091s][debug][gc,phases         ] GC(3623)       Merged Coarse:            Min: 0, Avg:  0.0, Max: 0, Diff: 0, Sum: 0, Workers: 8
[174.091s][debug][gc,phases         ] GC(3623)       Dirty Cards:              Min: 0, Avg:  0.0, Max: 0, Diff: 0, Sum: 0, Workers: 8
[174.091s][debug][gc,phases         ] GC(3623)     Hot Card Cache (ms):      Min:  0.0, Avg:  0.0, Max:  0.0, Diff:  0.0, Sum:  0.0, Workers: 8
[174.091s][debug][gc,phases         ] GC(3623)       Dirty Cards:              Min: 0, Avg:  0.0, Max: 0, Diff: 0, Sum: 0, Workers: 8
[174.091s][debug][gc,phases         ] GC(3623)       Skipped Cards:            Min: 0, Avg:  0.0, Max: 0, Diff: 0, Sum: 0, Workers: 8
[174.091s][debug][gc,phases         ] GC(3623)     Log Buffers (ms):         Min:  0.0, Avg:  0.0, Max:  0.0, Diff:  0.0, Sum:  0.0, Workers: 8
[174.091s][debug][gc,phases         ] GC(3623)       Dirty Cards:              Min: 0, Avg:  0.2, Max: 2, Diff: 2, Sum: 2, Workers: 8
[174.091s][debug][gc,phases         ] GC(3623)       Skipped Cards:            Min: 0, Avg:  0.0, Max: 0, Diff: 0, Sum: 0, Workers: 8
[174.091s][info ][gc,phases         ] GC(3623)   Evacuate Collection Set: 0.5ms
[174.091s][debug][gc,phases         ] GC(3623)     Ext Root Scanning (ms):   Min:  0.2, Avg:  0.3, Max:  0.4, Diff:  0.1, Sum:  2.3, Workers: 8
[174.091s][debug][gc,phases         ] GC(3623)     Scan Heap Roots (ms):     Min:  0.0, Avg:  0.0, Max:  0.0, Diff:  0.0, Sum:  0.0, Workers: 8
[174.091s][debug][gc,phases         ] GC(3623)       Scanned Cards:            Min: 0, Avg:  0.2, Max: 1, Diff: 1, Sum: 2, Workers: 8
[174.091s][debug][gc,phases         ] GC(3623)       Scanned Blocks:           Min: 0, Avg:  0.2, Max: 1, Diff: 1, Sum: 2, Workers: 8
[174.091s][debug][gc,phases         ] GC(3623)       Claimed Chunks:           Min: 0, Avg:  0.2, Max: 1, Diff: 1, Sum: 2, Workers: 8
[174.091s][debug][gc,phases         ] GC(3623)     Code Root Scan (ms):      Min:  0.0, Avg:  0.0, Max:  0.0, Diff:  0.0, Sum:  0.2, Workers: 8
[174.091s][debug][gc,phases         ] GC(3623)     Object Copy (ms):         Min:  0.0, Avg:  0.0, Max:  0.0, Diff:  0.0, Sum:  0.0, Workers: 8
[174.091s][debug][gc,phases         ] GC(3623)     Termination (ms):         Min:  0.0, Avg:  0.0, Max:  0.1, Diff:  0.0, Sum:  0.4, Workers: 8
[174.091s][debug][gc,phases         ] GC(3623)       Termination Attempts:     Min: 1, Avg:  1.0, Max: 1, Diff: 0, Sum: 8, Workers: 8
[174.091s][debug][gc,phases         ] GC(3623)     GC Worker Other (ms):     Min:  0.0, Avg:  0.1, Max:  0.1, Diff:  0.1, Sum:  0.4, Workers: 8
[174.091s][debug][gc,phases         ] GC(3623)     GC Worker Total (ms):     Min:  0.4, Avg:  0.4, Max:  0.4, Diff:  0.0, Sum:  3.4, Workers: 8
[174.091s][info ][gc,phases         ] GC(3623)   Post Evacuate Collection Set: 0.6ms
[174.091s][debug][gc,phases         ] GC(3623)     Code Roots Fixup: 0.0ms
[174.091s][debug][gc,phases         ] GC(3623)     Clear Card Table: 0.2ms
[174.091s][debug][gc,phases         ] GC(3623)     Reference Processing: 0.0ms
[174.091s][debug][gc,phases,ref     ] GC(3623)       Reconsider SoftReferences: 0.0ms
[174.091s][debug][gc,phases,ref     ] GC(3623)         SoftRef (ms):             skipped
[174.091s][debug][gc,phases,ref     ] GC(3623)       Notify Soft/WeakReferences: 0.0ms
[174.091s][debug][gc,phases,ref     ] GC(3623)         SoftRef (ms):             skipped
[174.091s][debug][gc,phases,ref     ] GC(3623)         WeakRef (ms):             skipped
[174.091s][debug][gc,phases,ref     ] GC(3623)         FinalRef (ms):            skipped
[174.091s][debug][gc,phases,ref     ] GC(3623)         Total (ms):               skipped
[174.091s][debug][gc,phases,ref     ] GC(3623)       Notify and keep alive finalizable: 0.0ms
[174.091s][debug][gc,phases,ref     ] GC(3623)         FinalRef (ms):            skipped
[174.091s][debug][gc,phases,ref     ] GC(3623)       Notify PhantomReferences: 0.0ms
[174.091s][debug][gc,phases,ref     ] GC(3623)         PhantomRef (ms):          skipped
[174.091s][debug][gc,phases,ref     ] GC(3623)       SoftReference:
[174.091s][debug][gc,phases,ref     ] GC(3623)         Discovered: 0
[174.091s][debug][gc,phases,ref     ] GC(3623)         Cleared: 0
[174.091s][debug][gc,phases,ref     ] GC(3623)       WeakReference:
[174.091s][debug][gc,phases,ref     ] GC(3623)         Discovered: 0
[174.091s][debug][gc,phases,ref     ] GC(3623)         Cleared: 0
[174.091s][debug][gc,phases,ref     ] GC(3623)       FinalReference:
[174.091s][debug][gc,phases,ref     ] GC(3623)         Discovered: 0
[174.091s][debug][gc,phases,ref     ] GC(3623)         Cleared: 0
[174.091s][debug][gc,phases,ref     ] GC(3623)       PhantomReference:
[174.091s][debug][gc,phases,ref     ] GC(3623)         Discovered: 0
[174.091s][debug][gc,phases,ref     ] GC(3623)         Cleared: 0
[174.091s][debug][gc,phases         ] GC(3623)     Weak Processing: 0.0ms
[174.091s][debug][gc,phases         ] GC(3623)       JVMTI weak processing: 0.0ms
[174.091s][debug][gc,phases         ] GC(3623)         Dead: 0
[174.091s][debug][gc,phases         ] GC(3623)         Total: 0
[174.091s][debug][gc,phases         ] GC(3623)       JFR weak processing: 0.0ms
[174.091s][debug][gc,phases         ] GC(3623)         Dead: 0
[174.091s][debug][gc,phases         ] GC(3623)         Total: 0
[174.091s][debug][gc,phases         ] GC(3623)       JNI weak                  Min:  0.0, Avg:  0.0, Max:  0.0, Diff:  0.0, Sum:  0.0, Workers: 5
[174.091s][debug][gc,phases         ] GC(3623)         Dead                      Min: 0, Avg:  0.0, Max: 0, Diff: 0, Sum: 0, Workers: 5
[174.091s][debug][gc,phases         ] GC(3623)         Total                     Min: 0, Avg: 25.6, Max: 64, Diff: 64, Sum: 128, Workers: 5
[174.091s][debug][gc,phases         ] GC(3623)       VM weak                   Min:  0.0, Avg:  0.0, Max:  0.0, Diff:  0.0, Sum:  0.0, Workers: 5
[174.091s][debug][gc,phases         ] GC(3623)         Dead                      Min: 0, Avg:  0.0, Max: 0, Diff: 0, Sum: 0, Workers: 5
[174.091s][debug][gc,phases         ] GC(3623)         Total                     Min: 0, Avg: 42.4, Max: 64, Diff: 64, Sum: 212, Workers: 5
[174.091s][debug][gc,phases         ] GC(3623)       StringTable weak          Min:  0.0, Avg:  0.0, Max:  0.0, Diff:  0.0, Sum:  0.1, Workers: 5
[174.091s][debug][gc,phases         ] GC(3623)         Dead                      Min: 0, Avg:  0.0, Max: 0, Diff: 0, Sum: 0, Workers: 5
[174.091s][debug][gc,phases         ] GC(3623)         Total                     Min: 0, Avg: 686.2, Max: 896, Diff: 896, Sum: 3431, Workers: 5
[174.091s][debug][gc,phases         ] GC(3623)       ResolvedMethodTable weak  Min:  0.0, Avg:  0.0, Max:  0.0, Diff:  0.0, Sum:  0.0, Workers: 5
[174.091s][debug][gc,phases         ] GC(3623)         Dead                      Min: 0, Avg:  0.0, Max: 0, Diff: 0, Sum: 0, Workers: 5
[174.091s][debug][gc,phases         ] GC(3623)         Total                     Min: 0, Avg: 114.6, Max: 189, Diff: 189, Sum: 573, Workers: 5
[174.091s][debug][gc,phases         ] GC(3623)     Merge Per-Thread State: 0.0ms
[174.091s][debug][gc,phases         ] GC(3623)       Copied Bytes              Min: 400152, Avg: 500339.0, Max: 800096, Diff: 399944, Sum: 4002712, Workers: 8
[174.091s][debug][gc,phases         ] GC(3623)       LAB Waste                 Min: 0, Avg:  0.0, Max: 0, Diff: 0, Sum: 0, Workers: 8
[174.091s][debug][gc,phases         ] GC(3623)       LAB Undo Waste            Min: 0, Avg:  0.0, Max: 0, Diff: 0, Sum: 0, Workers: 8
[174.091s][debug][gc,phases         ] GC(3623)     Code Roots Purge: 0.0ms
[174.091s][debug][gc,phases         ] GC(3623)     Redirty Cards: 0.0ms
[174.091s][debug][gc,phases         ] GC(3623)     DerivedPointerTable Update: 0.0ms
[174.091s][debug][gc,phases         ] GC(3623)     Free Collection Set: 0.2ms
[174.091s][debug][gc,phases         ] GC(3623)     Rebuild Free List: 0.1ms
[174.091s][debug][gc,phases         ] GC(3623)     Humongous Reclaim: 0.0ms
[174.091s][debug][gc,phases         ] GC(3623)     Start New Collection Set: 0.0ms
[174.091s][debug][gc,phases         ] GC(3623)     Resize TLABs: 0.0ms
[174.091s][debug][gc,phases         ] GC(3623)     Expand Heap After Collection: 0.0ms
[174.091s][info ][gc,phases         ] GC(3623)   Other: 0.3ms
[174.091s][info ][gc,heap           ] GC(3623) Eden regions: 869->0(868)
[174.091s][info ][gc,heap           ] GC(3623) Survivor regions: 4->5(110)
[174.091s][info ][gc,heap           ] GC(3623) Old regions: 17->17
[174.091s][info ][gc,heap           ] GC(3623) Archive regions: 2->2
[174.091s][info ][gc,heap           ] GC(3623) Humongous regions: 0->0
[174.091s][info ][gc,metaspace      ] GC(3623) Metaspace: 10069K(10624K)->10069K(10624K) NonClass: 8921K(9216K)->8921K(9216K) Class: 1148K(1408K)->1148K(1408K)
[174.091s][debug][gc,heap           ] GC(3623) Heap after GC invocations=3624 (full 1): garbage-first heap   total 1490944K, used 22332K [0x0000000700000000, 0x0000000800000000)
[174.091s][debug][gc,heap           ] GC(3623)   region size 1024K, 5 young (5120K), 5 survivors (5120K)
[174.091s][debug][gc,heap           ] GC(3623)  Metaspace       used 10069K, capacity 10368K, committed 10624K, reserved 1058816K
[174.091s][debug][gc,heap           ] GC(3623)   class space    used 1148K, capacity 1266K, committed 1408K, reserved 1048576K
[174.091s][info ][gc                ] GC(3623) Pause Young (Normal) (G1 Evacuation Pause) 889M->21M(1456M) 2.323ms
[174.091s][info ][gc,cpu            ] GC(3623) User=0.01s Sys=0.00s Real=0.00s
[174.092s][info ][safepoint         ] Safepoint "G1CollectForAllocation", Time since last: 44349614 ns, Reaching safepoint: 153271 ns, At safepoint: 2679912 ns, Total: 2833183 ns
[174.137s][debug][gc,heap           ] GC(3624) Heap before GC invocations=3624 (full 1): garbage-first heap   total 1490944K, used 910140K [0x0000000700000000, 0x0000000800000000)
[174.137s][debug][gc,heap           ] GC(3624)   region size 1024K, 873 young (893952K), 5 survivors (5120K)
[174.137s][debug][gc,heap           ] GC(3624)  Metaspace       used 10069K, capacity 10368K, committed 10624K, reserved 1058816K
[174.137s][debug][gc,heap           ] GC(3624)   class space    used 1148K, capacity 1266K, committed 1408K, reserved 1048576K
[174.137s][info ][gc,start          ] GC(3624) Pause Young (Normal) (G1 Evacuation Pause)
[174.137s][info ][gc,task           ] GC(3624) Using 8 workers of 8 for evacuation
[174.137s][debug][gc,tlab           ] GC(3624) TLAB totals: thrds: 8  refills: 19 max: 4 slow allocs: 1725 max 256 waste: 20.8% gc: 946920B max: 221600B slow: 78768B max: 17136B fast: 0B max: 0B
[174.137s][debug][gc,age            ] GC(3624) Desired survivor size 57671680 bytes, new threshold 15 (max threshold 15)
[174.137s][debug][gc,alloc,region   ] GC(3624) Mutator Allocation stats, regions: 868, wasted size: 203M (23.4%)
[174.137s][debug][gc,ergo           ] GC(3624) Running G1 Merge Heap Roots using 8 workers for 873 regions
[174.137s][debug][gc,remset         ] GC(3624) Visited cards 256 Total dirty 2048 (12.50%) Total old 3614720 (0.01%)
[174.138s][debug][gc,ergo           ] GC(3624) Running G1 Clear Card Table Task using 2 workers for 2 units of work for 874 regions.
[174.138s][debug][gc,ref            ] GC(3624) Skipped phase1 of Reference Processing due to unavailable references
[174.138s][debug][gc,ref            ] GC(3624) Skipped phase2 of Reference Processing due to unavailable references
[174.138s][debug][gc,ref            ] GC(3624) Skipped phase3 of Reference Processing due to unavailable references
[174.138s][debug][gc,ref            ] GC(3624) Skipped phase4 of Reference Processing due to unavailable references
[174.138s][debug][gc,ergo           ] GC(3624) Running G1 Free Collection Set using 8 workers for collection set length 873 (1456)
[174.139s][debug][gc,ergo           ] GC(3624) Running G1 Rebuild Free List Task using 8 workers for rebuilding free list of 0 (4096) regions
[174.139s][trace][gc,age            ] GC(3624) Age table with threshold 15 (max threshold 15)
[174.139s][trace][gc,age            ] GC(3624) - age   1:    4002432 bytes,    4002432 total
[174.139s][debug][gc,plab           ] GC(3624) Young PLAB allocation: allocated: 16512B, wasted: 0B, unused: 14224B, used: 2288B, undo waste: 0B, 
[174.139s][debug][gc,plab           ] GC(3624) Young other allocation: region end waste: 977664B, regions filled: 5, direct allocated: 4000144B, failure used: 0B, failure wasted: 0B
[174.139s][debug][gc,plab           ] GC(3624) Young sizing: calculated: 0B, actual: 2064B
[174.139s][debug][gc,plab           ] GC(3624) Old PLAB allocation: allocated: 0B, wasted: 0B, unused: 0B, used: 0B, undo waste: 0B, 
[174.139s][debug][gc,plab           ] GC(3624) Old other allocation: region end waste: 0B, regions filled: 1, direct allocated: 0B, failure used: 0B, failure wasted: 0B
[174.139s][debug][gc,plab           ] GC(3624) Old sizing: calculated: 0B, actual: 2064B
[174.139s][debug][gc,ihop           ] GC(3624) Basic information (value update), threshold: 687026995B (45.00), target occupancy: 1526726656B, current occupancy: 22864144B, recent allocation size: 0B, recent allocation duration: 46.52ms, recent old gen allocation rate: 0.00B/s, recent marking phase length: 29.01ms
[174.139s][debug][gc,ihop           ] GC(3624) Adaptive IHOP information (value update), threshold: 687026995B (47.37), internal target occupancy: 1450390323B, occupancy: 22864144B, additional buffer size: 915406848B, predicted old gen allocation rate: 2305.13B/s, predicted marking phase length: 58.01ms, prediction active: false
[174.139s][debug][gc,ergo,refine    ] GC(3624) Concurrent refinement times: Logged Cards Scan time goal: 20.00ms Logged Cards Scan time: 0.00ms HCC time: 0.00ms
[174.139s][debug][gc,ergo,refine    ] GC(3624) Updated Refinement Zones: green: 2048, yellow: 6144, red: 10240
[174.139s][info ][gc,phases         ] GC(3624)   Pre Evacuate Collection Set: 0.2ms
[174.139s][debug][gc,phases         ] GC(3624)     Prepare TLABs: 0.0ms
[174.139s][debug][gc,phases         ] GC(3624)     Choose Collection Set: 0.0ms
[174.139s][debug][gc,phases         ] GC(3624)     Region Register: 0.2ms
[174.139s][debug][gc,phases         ] GC(3624)     Prepare Heap Roots: 0.0ms
[174.139s][info ][gc,phases         ] GC(3624)   Merge Heap Roots: 0.1ms
[174.139s][debug][gc,phases         ] GC(3624)     Prepare Merge Heap Roots: 0.0ms
[174.139s][debug][gc,phases         ] GC(3624)     Eager Reclaim (ms):       skipped
[174.139s][debug][gc,phases         ] GC(3624)     Remembered Sets (ms):     Min:  0.0, Avg:  0.0, Max:  0.1, Diff:  0.1, Sum:  0.3, Workers: 8
[174.139s][debug][gc,phases         ] GC(3624)       Merged Sparse:            Min: 0, Avg:  0.0, Max: 0, Diff: 0, Sum: 0, Workers: 8
[174.139s][debug][gc,phases         ] GC(3624)       Merged Fine:              Min: 0, Avg:  0.0, Max: 0, Diff: 0, Sum: 0, Workers: 8
[174.139s][debug][gc,phases         ] GC(3624)       Merged Coarse:            Min: 0, Avg:  0.0, Max: 0, Diff: 0, Sum: 0, Workers: 8
[174.139s][debug][gc,phases         ] GC(3624)       Dirty Cards:              Min: 0, Avg:  0.0, Max: 0, Diff: 0, Sum: 0, Workers: 8
[174.139s][debug][gc,phases         ] GC(3624)     Hot Card Cache (ms):      Min:  0.0, Avg:  0.0, Max:  0.0, Diff:  0.0, Sum:  0.0, Workers: 8
[174.139s][debug][gc,phases         ] GC(3624)       Dirty Cards:              Min: 0, Avg:  0.0, Max: 0, Diff: 0, Sum: 0, Workers: 8
[174.139s][debug][gc,phases         ] GC(3624)       Skipped Cards:            Min: 0, Avg:  0.0, Max: 0, Diff: 0, Sum: 0, Workers: 8
[174.139s][debug][gc,phases         ] GC(3624)     Log Buffers (ms):         Min:  0.0, Avg:  0.0, Max:  0.0, Diff:  0.0, Sum:  0.0, Workers: 8
[174.139s][debug][gc,phases         ] GC(3624)       Dirty Cards:              Min: 0, Avg:  0.1, Max: 1, Diff: 1, Sum: 1, Workers: 8
[174.139s][debug][gc,phases         ] GC(3624)       Skipped Cards:            Min: 0, Avg:  0.0, Max: 0, Diff: 0, Sum: 0, Workers: 8
[174.139s][info ][gc,phases         ] GC(3624)   Evacuate Collection Set: 0.5ms
[174.139s][debug][gc,phases         ] GC(3624)     Ext Root Scanning (ms):   Min:  0.2, Avg:  0.3, Max:  0.4, Diff:  0.2, Sum:  2.3, Workers: 8
[174.139s][debug][gc,phases         ] GC(3624)     Scan Heap Roots (ms):     Min:  0.0, Avg:  0.0, Max:  0.0, Diff:  0.0, Sum:  0.0, Workers: 8
[174.139s][debug][gc,phases         ] GC(3624)       Scanned Cards:            Min: 0, Avg:  0.1, Max: 1, Diff: 1, Sum: 1, Workers: 8
[174.139s][debug][gc,phases         ] GC(3624)       Scanned Blocks:           Min: 0, Avg:  0.1, Max: 1, Diff: 1, Sum: 1, Workers: 8
[174.139s][debug][gc,phases         ] GC(3624)       Claimed Chunks:           Min: 0, Avg:  0.1, Max: 1, Diff: 1, Sum: 1, Workers: 8
[174.139s][debug][gc,phases         ] GC(3624)     Code Root Scan (ms):      Min:  0.0, Avg:  0.0, Max:  0.1, Diff:  0.1, Sum:  0.3, Workers: 8
[174.139s][debug][gc,phases         ] GC(3624)     Object Copy (ms):         Min:  0.0, Avg:  0.0, Max:  0.0, Diff:  0.0, Sum:  0.0, Workers: 8
[174.139s][debug][gc,phases         ] GC(3624)     Termination (ms):         Min:  0.0, Avg:  0.1, Max:  0.1, Diff:  0.1, Sum:  0.7, Workers: 8
[174.139s][debug][gc,phases         ] GC(3624)       Termination Attempts:     Min: 1, Avg:  1.1, Max: 2, Diff: 1, Sum: 9, Workers: 8
[174.139s][debug][gc,phases         ] GC(3624)     GC Worker Other (ms):     Min:  0.0, Avg:  0.1, Max:  0.1, Diff:  0.1, Sum:  0.4, Workers: 8
[174.139s][debug][gc,phases         ] GC(3624)     GC Worker Total (ms):     Min:  0.4, Avg:  0.5, Max:  0.5, Diff:  0.1, Sum:  3.8, Workers: 8
[174.139s][info ][gc,phases         ] GC(3624)   Post Evacuate Collection Set: 0.6ms
[174.139s][debug][gc,phases         ] GC(3624)     Code Roots Fixup: 0.0ms
[174.139s][debug][gc,phases         ] GC(3624)     Clear Card Table: 0.2ms
[174.139s][debug][gc,phases         ] GC(3624)     Reference Processing: 0.0ms
[174.139s][debug][gc,phases,ref     ] GC(3624)       Reconsider SoftReferences: 0.0ms
[174.139s][debug][gc,phases,ref     ] GC(3624)         SoftRef (ms):             skipped
[174.139s][debug][gc,phases,ref     ] GC(3624)       Notify Soft/WeakReferences: 0.0ms
[174.139s][debug][gc,phases,ref     ] GC(3624)         SoftRef (ms):             skipped
[174.139s][debug][gc,phases,ref     ] GC(3624)         WeakRef (ms):             skipped
[174.139s][debug][gc,phases,ref     ] GC(3624)         FinalRef (ms):            skipped
[174.139s][debug][gc,phases,ref     ] GC(3624)         Total (ms):               skipped
[174.139s][debug][gc,phases,ref     ] GC(3624)       Notify and keep alive finalizable: 0.0ms
[174.139s][debug][gc,phases,ref     ] GC(3624)         FinalRef (ms):            skipped
[174.139s][debug][gc,phases,ref     ] GC(3624)       Notify PhantomReferences: 0.0ms
[174.139s][debug][gc,phases,ref     ] GC(3624)         PhantomRef (ms):          skipped
[174.139s][debug][gc,phases,ref     ] GC(3624)       SoftReference:
[174.139s][debug][gc,phases,ref     ] GC(3624)         Discovered: 0
[174.139s][debug][gc,phases,ref     ] GC(3624)         Cleared: 0
[174.139s][debug][gc,phases,ref     ] GC(3624)       WeakReference:
[174.139s][debug][gc,phases,ref     ] GC(3624)         Discovered: 0
[174.139s][debug][gc,phases,ref     ] GC(3624)         Cleared: 0
[174.139s][debug][gc,phases,ref     ] GC(3624)       FinalReference:
[174.139s][debug][gc,phases,ref     ] GC(3624)         Discovered: 0
[174.139s][debug][gc,phases,ref     ] GC(3624)         Cleared: 0
[174.139s][debug][gc,phases,ref     ] GC(3624)       PhantomReference:
[174.139s][debug][gc,phases,ref     ] GC(3624)         Discovered: 0
[174.139s][debug][gc,phases,ref     ] GC(3624)         Cleared: 0
[174.139s][debug][gc,phases         ] GC(3624)     Weak Processing: 0.0ms
[174.139s][debug][gc,phases         ] GC(3624)       JVMTI weak processing: 0.0ms
[174.139s][debug][gc,phases         ] GC(3624)         Dead: 0
[174.139s][debug][gc,phases         ] GC(3624)         Total: 0
[174.139s][debug][gc,phases         ] GC(3624)       JFR weak processing: 0.0ms
[174.139s][debug][gc,phases         ] GC(3624)         Dead: 0
[174.139s][debug][gc,phases         ] GC(3624)         Total: 0
[174.139s][debug][gc,phases         ] GC(3624)       JNI weak                  Min:  0.0, Avg:  0.0, Max:  0.0, Diff:  0.0, Sum:  0.0, Workers: 5
[174.139s][debug][gc,phases         ] GC(3624)         Dead                      Min: 0, Avg:  0.0, Max: 0, Diff: 0, Sum: 0, Workers: 5
[174.139s][debug][gc,phases         ] GC(3624)         Total                     Min: 0, Avg: 25.6, Max: 64, Diff: 64, Sum: 128, Workers: 5
[174.139s][debug][gc,phases         ] GC(3624)       VM weak                   Min:  0.0, Avg:  0.0, Max:  0.0, Diff:  0.0, Sum:  0.0, Workers: 5
[174.139s][debug][gc,phases         ] GC(3624)         Dead                      Min: 0, Avg:  0.0, Max: 0, Diff: 0, Sum: 0, Workers: 5
[174.139s][debug][gc,phases         ] GC(3624)         Total                     Min: 0, Avg: 42.4, Max: 64, Diff: 64, Sum: 212, Workers: 5
[174.139s][debug][gc,phases         ] GC(3624)       StringTable weak          Min:  0.0, Avg:  0.0, Max:  0.0, Diff:  0.0, Sum:  0.1, Workers: 5
[174.139s][debug][gc,phases         ] GC(3624)         Dead                      Min: 0, Avg:  0.0, Max: 0, Diff: 0, Sum: 0, Workers: 5
[174.139s][debug][gc,phases         ] GC(3624)         Total                     Min: 640, Avg: 686.2, Max: 704, Diff: 64, Sum: 3431, Workers: 5
[174.139s][debug][gc,phases         ] GC(3624)       ResolvedMethodTable weak  Min:  0.0, Avg:  0.0, Max:  0.0, Diff:  0.0, Sum:  0.0, Workers: 5
[174.139s][debug][gc,phases         ] GC(3624)         Dead                      Min: 0, Avg:  0.0, Max: 0, Diff: 0, Sum: 0, Workers: 5
[174.139s][debug][gc,phases         ] GC(3624)         Total                     Min: 64, Avg: 114.6, Max: 128, Diff: 64, Sum: 573, Workers: 5
[174.139s][debug][gc,phases         ] GC(3624)     Merge Per-Thread State: 0.0ms
[174.139s][debug][gc,phases         ] GC(3624)       Copied Bytes              Min: 400088, Avg: 500304.0, Max: 800256, Diff: 400168, Sum: 4002432, Workers: 8
[174.139s][debug][gc,phases         ] GC(3624)       LAB Waste                 Min: 0, Avg:  0.0, Max: 0, Diff: 0, Sum: 0, Workers: 8
[174.139s][debug][gc,phases         ] GC(3624)       LAB Undo Waste            Min: 0, Avg:  0.0, Max: 0, Diff: 0, Sum: 0, Workers: 8
[174.139s][debug][gc,phases         ] GC(3624)     Code Roots Purge: 0.0ms
[174.139s][debug][gc,phases         ] GC(3624)     Redirty Cards: 0.0ms
[174.139s][debug][gc,phases         ] GC(3624)     DerivedPointerTable Update: 0.0ms
[174.139s][debug][gc,phases         ] GC(3624)     Free Collection Set: 0.2ms
[174.139s][debug][gc,phases         ] GC(3624)     Rebuild Free List: 0.1ms
[174.139s][debug][gc,phases         ] GC(3624)     Humongous Reclaim: 0.0ms
[174.139s][debug][gc,phases         ] GC(3624)     Start New Collection Set: 0.0ms
[174.139s][debug][gc,phases         ] GC(3624)     Resize TLABs: 0.0ms
[174.139s][debug][gc,phases         ] GC(3624)     Expand Heap After Collection: 0.0ms
[174.139s][info ][gc,phases         ] GC(3624)   Other: 0.4ms
[174.139s][info ][gc,heap           ] GC(3624) Eden regions: 868->0(868)
[174.139s][info ][gc,heap           ] GC(3624) Survivor regions: 5->5(110)
[174.139s][info ][gc,heap           ] GC(3624) Old regions: 17->17
[174.139s][info ][gc,heap           ] GC(3624) Archive regions: 2->2
[174.140s][info ][gc,heap           ] GC(3624) Humongous regions: 0->0
[174.140s][info ][gc,metaspace      ] GC(3624) Metaspace: 10069K(10624K)->10069K(10624K) NonClass: 8921K(9216K)->8921K(9216K) Class: 1148K(1408K)->1148K(1408K)
[174.140s][debug][gc,heap           ] GC(3624) Heap after GC invocations=3625 (full 1): garbage-first heap   total 1490944K, used 22328K [0x0000000700000000, 0x0000000800000000)
[174.140s][debug][gc,heap           ] GC(3624)   region size 1024K, 5 young (5120K), 5 survivors (5120K)
[174.140s][debug][gc,heap           ] GC(3624)  Metaspace       used 10069K, capacity 10368K, committed 10624K, reserved 1058816K
[174.140s][debug][gc,heap           ] GC(3624)   class space    used 1148K, capacity 1266K, committed 1408K, reserved 1048576K
[174.140s][info ][gc                ] GC(3624) Pause Young (Normal) (G1 Evacuation Pause) 889M->21M(1456M) 2.538ms
[174.140s][info ][gc,cpu            ] GC(3624) User=0.01s Sys=0.01s Real=0.00s
[174.140s][info ][safepoint         ] Safepoint "G1CollectForAllocation", Time since last: 45118845 ns, Reaching safepoint: 168097 ns, At safepoint: 3249629 ns, Total: 3417726 ns
[174.184s][debug][gc,heap           ] GC(3625) Heap before GC invocations=3625 (full 1): garbage-first heap   total 1490944K, used 910136K [0x0000000700000000, 0x0000000800000000)
[174.184s][debug][gc,heap           ] GC(3625)   region size 1024K, 873 young (893952K), 5 survivors (5120K)
[174.184s][debug][gc,heap           ] GC(3625)  Metaspace       used 10069K, capacity 10368K, committed 10624K, reserved 1058816K
[174.184s][debug][gc,heap           ] GC(3625)   class space    used 1148K, capacity 1266K, committed 1408K, reserved 1048576K
[174.184s][info ][gc,start          ] GC(3625) Pause Young (Normal) (G1 Evacuation Pause)
[174.184s][info ][gc,task           ] GC(3625) Using 8 workers of 8 for evacuation
[174.184s][debug][gc,tlab           ] GC(3625) TLAB totals: thrds: 8  refills: 16 max: 3 slow allocs: 1729 max 262 waste: 42.3% gc: 1329808B max: 230000B slow: 60936B max: 15096B fast: 0B max: 0B
[174.184s][debug][gc,age            ] GC(3625) Desired survivor size 57671680 bytes, new threshold 15 (max threshold 15)
[174.184s][debug][gc,alloc,region   ] GC(3625) Mutator Allocation stats, regions: 868, wasted size: 203M (23.4%)
[174.184s][debug][gc,ergo           ] GC(3625) Running G1 Merge Heap Roots using 8 workers for 873 regions
[174.184s][debug][gc,remset         ] GC(3625) Visited cards 512 Total dirty 4096 (12.50%) Total old 3614720 (0.01%)
[174.185s][debug][gc,ergo           ] GC(3625) Running G1 Clear Card Table Task using 2 workers for 2 units of work for 875 regions.
[174.185s][debug][gc,ref            ] GC(3625) Skipped phase1 of Reference Processing due to unavailable references
[174.185s][debug][gc,ref            ] GC(3625) Skipped phase2 of Reference Processing due to unavailable references
[174.185s][debug][gc,ref            ] GC(3625) Skipped phase3 of Reference Processing due to unavailable references
[174.185s][debug][gc,ref            ] GC(3625) Skipped phase4 of Reference Processing due to unavailable references
[174.185s][debug][gc,ergo           ] GC(3625) Running G1 Free Collection Set using 8 workers for collection set length 873 (1456)
[174.185s][debug][gc,ergo           ] GC(3625) Running G1 Rebuild Free List Task using 8 workers for rebuilding free list of 0 (4096) regions
[174.185s][trace][gc,age            ] GC(3625) Age table with threshold 15 (max threshold 15)
[174.186s][trace][gc,age            ] GC(3625) - age   1:    2402544 bytes,    2402544 total
[174.186s][debug][gc,plab           ] GC(3625) Young PLAB allocation: allocated: 16512B, wasted: 0B, unused: 14064B, used: 2448B, undo waste: 0B, 
[174.186s][debug][gc,plab           ] GC(3625) Young other allocation: region end waste: 484704B, regions filled: 3, direct allocated: 2400096B, failure used: 0B, failure wasted: 0B
[174.186s][debug][gc,plab           ] GC(3625) Young sizing: calculated: 0B, actual: 2064B
[174.186s][debug][gc,plab           ] GC(3625) Old PLAB allocation: allocated: 0B, wasted: 0B, unused: 0B, used: 0B, undo waste: 0B, 
[174.186s][debug][gc,plab           ] GC(3625) Old other allocation: region end waste: 0B, regions filled: 1, direct allocated: 0B, failure used: 0B, failure wasted: 0B
[174.186s][debug][gc,plab           ] GC(3625) Old sizing: calculated: 0B, actual: 2064B
[174.186s][debug][gc,ihop           ] GC(3625) Basic information (value update), threshold: 687026995B (45.00), target occupancy: 1526726656B, current occupancy: 20771136B, recent allocation size: 0B, recent allocation duration: 45.44ms, recent old gen allocation rate: 0.00B/s, recent marking phase length: 29.01ms
[174.186s][debug][gc,ihop           ] GC(3625) Adaptive IHOP information (value update), threshold: 687026995B (47.37), internal target occupancy: 1450390323B, occupancy: 20771136B, additional buffer size: 915406848B, predicted old gen allocation rate: 2245.10B/s, predicted marking phase length: 58.01ms, prediction active: false
[174.186s][debug][gc,ergo,refine    ] GC(3625) Concurrent refinement times: Logged Cards Scan time goal: 20.00ms Logged Cards Scan time: 0.00ms HCC time: 0.00ms
[174.186s][debug][gc,ergo,refine    ] GC(3625) Updated Refinement Zones: green: 2048, yellow: 6144, red: 10240
[174.186s][info ][gc,phases         ] GC(3625)   Pre Evacuate Collection Set: 0.1ms
[174.186s][debug][gc,phases         ] GC(3625)     Prepare TLABs: 0.0ms
[174.186s][debug][gc,phases         ] GC(3625)     Choose Collection Set: 0.0ms
[174.186s][debug][gc,phases         ] GC(3625)     Region Register: 0.1ms
[174.186s][debug][gc,phases         ] GC(3625)     Prepare Heap Roots: 0.0ms
[174.186s][info ][gc,phases         ] GC(3625)   Merge Heap Roots: 0.1ms
[174.186s][debug][gc,phases         ] GC(3625)     Prepare Merge Heap Roots: 0.0ms
[174.186s][debug][gc,phases         ] GC(3625)     Eager Reclaim (ms):       skipped
[174.186s][debug][gc,phases         ] GC(3625)     Remembered Sets (ms):     Min:  0.0, Avg:  0.0, Max:  0.1, Diff:  0.0, Sum:  0.4, Workers: 8
[174.186s][debug][gc,phases         ] GC(3625)       Merged Sparse:            Min: 0, Avg:  0.0, Max: 0, Diff: 0, Sum: 0, Workers: 8
[174.186s][debug][gc,phases         ] GC(3625)       Merged Fine:              Min: 0, Avg:  0.0, Max: 0, Diff: 0, Sum: 0, Workers: 8
[174.186s][debug][gc,phases         ] GC(3625)       Merged Coarse:            Min: 0, Avg:  0.0, Max: 0, Diff: 0, Sum: 0, Workers: 8
[174.186s][debug][gc,phases         ] GC(3625)       Dirty Cards:              Min: 0, Avg:  0.0, Max: 0, Diff: 0, Sum: 0, Workers: 8
[174.186s][debug][gc,phases         ] GC(3625)     Hot Card Cache (ms):      Min:  0.0, Avg:  0.0, Max:  0.0, Diff:  0.0, Sum:  0.0, Workers: 8
[174.186s][debug][gc,phases         ] GC(3625)       Dirty Cards:              Min: 0, Avg:  0.0, Max: 0, Diff: 0, Sum: 0, Workers: 8
[174.186s][debug][gc,phases         ] GC(3625)       Skipped Cards:            Min: 0, Avg:  0.0, Max: 0, Diff: 0, Sum: 0, Workers: 8
[174.186s][debug][gc,phases         ] GC(3625)     Log Buffers (ms):         Min:  0.0, Avg:  0.0, Max:  0.0, Diff:  0.0, Sum:  0.0, Workers: 8
[174.186s][debug][gc,phases         ] GC(3625)       Dirty Cards:              Min: 0, Avg:  0.2, Max: 2, Diff: 2, Sum: 2, Workers: 8
[174.186s][debug][gc,phases         ] GC(3625)       Skipped Cards:            Min: 0, Avg:  0.0, Max: 0, Diff: 0, Sum: 0, Workers: 8
[174.186s][info ][gc,phases         ] GC(3625)   Evacuate Collection Set: 0.4ms
[174.186s][debug][gc,phases         ] GC(3625)     Ext Root Scanning (ms):   Min:  0.0, Avg:  0.2, Max:  0.2, Diff:  0.2, Sum:  1.4, Workers: 8
[174.186s][debug][gc,phases         ] GC(3625)     Scan Heap Roots (ms):     Min:  0.0, Avg:  0.0, Max:  0.0, Diff:  0.0, Sum:  0.0, Workers: 8
[174.186s][debug][gc,phases         ] GC(3625)       Scanned Cards:            Min: 0, Avg:  0.2, Max: 1, Diff: 1, Sum: 2, Workers: 8
[174.186s][debug][gc,phases         ] GC(3625)       Scanned Blocks:           Min: 0, Avg:  0.2, Max: 1, Diff: 1, Sum: 2, Workers: 8
[174.186s][debug][gc,phases         ] GC(3625)       Claimed Chunks:           Min: 0, Avg:  0.2, Max: 1, Diff: 1, Sum: 2, Workers: 8
[174.186s][debug][gc,phases         ] GC(3625)     Code Root Scan (ms):      Min:  0.0, Avg:  0.0, Max:  0.0, Diff:  0.0, Sum:  0.2, Workers: 8
[174.186s][debug][gc,phases         ] GC(3625)     Object Copy (ms):         Min:  0.0, Avg:  0.0, Max:  0.0, Diff:  0.0, Sum:  0.0, Workers: 8
[174.186s][debug][gc,phases         ] GC(3625)     Termination (ms):         Min:  0.1, Avg:  0.1, Max:  0.1, Diff:  0.0, Sum:  0.5, Workers: 8
[174.186s][debug][gc,phases         ] GC(3625)       Termination Attempts:     Min: 1, Avg:  1.0, Max: 1, Diff: 0, Sum: 8, Workers: 8
[174.186s][debug][gc,phases         ] GC(3625)     GC Worker Other (ms):     Min:  0.1, Avg:  0.1, Max:  0.1, Diff:  0.0, Sum:  0.5, Workers: 8
[174.186s][debug][gc,phases         ] GC(3625)     GC Worker Total (ms):     Min:  0.2, Avg:  0.3, Max:  0.4, Diff:  0.2, Sum:  2.6, Workers: 8
[174.186s][info ][gc,phases         ] GC(3625)   Post Evacuate Collection Set: 0.6ms
[174.186s][debug][gc,phases         ] GC(3625)     Code Roots Fixup: 0.0ms
[174.186s][debug][gc,phases         ] GC(3625)     Clear Card Table: 0.2ms
[174.186s][debug][gc,phases         ] GC(3625)     Reference Processing: 0.0ms
[174.186s][debug][gc,phases,ref     ] GC(3625)       Reconsider SoftReferences: 0.0ms
[174.186s][debug][gc,phases,ref     ] GC(3625)         SoftRef (ms):             skipped
[174.186s][debug][gc,phases,ref     ] GC(3625)       Notify Soft/WeakReferences: 0.0ms
[174.186s][debug][gc,phases,ref     ] GC(3625)         SoftRef (ms):             skipped
[174.186s][debug][gc,phases,ref     ] GC(3625)         WeakRef (ms):             skipped
[174.186s][debug][gc,phases,ref     ] GC(3625)         FinalRef (ms):            skipped
[174.186s][debug][gc,phases,ref     ] GC(3625)         Total (ms):               skipped
[174.186s][debug][gc,phases,ref     ] GC(3625)       Notify and keep alive finalizable: 0.0ms
[174.186s][debug][gc,phases,ref     ] GC(3625)         FinalRef (ms):            skipped
[174.186s][debug][gc,phases,ref     ] GC(3625)       Notify PhantomReferences: 0.0ms
[174.186s][debug][gc,phases,ref     ] GC(3625)         PhantomRef (ms):          skipped
[174.186s][debug][gc,phases,ref     ] GC(3625)       SoftReference:
[174.186s][debug][gc,phases,ref     ] GC(3625)         Discovered: 0
[174.186s][debug][gc,phases,ref     ] GC(3625)         Cleared: 0
[174.186s][debug][gc,phases,ref     ] GC(3625)       WeakReference:
[174.186s][debug][gc,phases,ref     ] GC(3625)         Discovered: 0
[174.186s][debug][gc,phases,ref     ] GC(3625)         Cleared: 0
[174.186s][debug][gc,phases,ref     ] GC(3625)       FinalReference:
[174.186s][debug][gc,phases,ref     ] GC(3625)         Discovered: 0
[174.186s][debug][gc,phases,ref     ] GC(3625)         Cleared: 0
[174.186s][debug][gc,phases,ref     ] GC(3625)       PhantomReference:
[174.186s][debug][gc,phases,ref     ] GC(3625)         Discovered: 0
[174.186s][debug][gc,phases,ref     ] GC(3625)         Cleared: 0
[174.186s][debug][gc,phases         ] GC(3625)     Weak Processing: 0.0ms
[174.186s][debug][gc,phases         ] GC(3625)       JVMTI weak processing: 0.0ms
[174.186s][debug][gc,phases         ] GC(3625)         Dead: 0
[174.186s][debug][gc,phases         ] GC(3625)         Total: 0
[174.186s][debug][gc,phases         ] GC(3625)       JFR weak processing: 0.0ms
[174.186s][debug][gc,phases         ] GC(3625)         Dead: 0
[174.186s][debug][gc,phases         ] GC(3625)         Total: 0
[174.186s][debug][gc,phases         ] GC(3625)       JNI weak                  Min:  0.0, Avg:  0.0, Max:  0.0, Diff:  0.0, Sum:  0.0, Workers: 5
[174.186s][debug][gc,phases         ] GC(3625)         Dead                      Min: 0, Avg:  0.0, Max: 0, Diff: 0, Sum: 0, Workers: 5
[174.186s][debug][gc,phases         ] GC(3625)         Total                     Min: 0, Avg: 25.6, Max: 64, Diff: 64, Sum: 128, Workers: 5
[174.186s][debug][gc,phases         ] GC(3625)       VM weak                   Min:  0.0, Avg:  0.0, Max:  0.0, Diff:  0.0, Sum:  0.0, Workers: 5
[174.186s][debug][gc,phases         ] GC(3625)         Dead                      Min: 0, Avg:  0.0, Max: 0, Diff: 0, Sum: 0, Workers: 5
[174.186s][debug][gc,phases         ] GC(3625)         Total                     Min: 0, Avg: 42.4, Max: 84, Diff: 84, Sum: 212, Workers: 5
[174.186s][debug][gc,phases         ] GC(3625)       StringTable weak          Min:  0.0, Avg:  0.0, Max:  0.0, Diff:  0.0, Sum:  0.1, Workers: 5
[174.186s][debug][gc,phases         ] GC(3625)         Dead                      Min: 0, Avg:  0.0, Max: 0, Diff: 0, Sum: 0, Workers: 5
[174.186s][debug][gc,phases         ] GC(3625)         Total                     Min: 0, Avg: 686.2, Max: 896, Diff: 896, Sum: 3431, Workers: 5
[174.186s][debug][gc,phases         ] GC(3625)       ResolvedMethodTable weak  Min:  0.0, Avg:  0.0, Max:  0.0, Diff:  0.0, Sum:  0.0, Workers: 5
[174.186s][debug][gc,phases         ] GC(3625)         Dead                      Min: 0, Avg:  0.0, Max: 0, Diff: 0, Sum: 0, Workers: 5
[174.186s][debug][gc,phases         ] GC(3625)         Total                     Min: 0, Avg: 114.6, Max: 189, Diff: 189, Sum: 573, Workers: 5
[174.186s][debug][gc,phases         ] GC(3625)     Merge Per-Thread State: 0.0ms
[174.186s][debug][gc,phases         ] GC(3625)       Copied Bytes              Min: 392, Avg: 300318.0, Max: 400536, Diff: 400144, Sum: 2402544, Workers: 8
[174.186s][debug][gc,phases         ] GC(3625)       LAB Waste                 Min: 0, Avg:  0.0, Max: 0, Diff: 0, Sum: 0, Workers: 8
[174.186s][debug][gc,phases         ] GC(3625)       LAB Undo Waste            Min: 0, Avg:  0.0, Max: 0, Diff: 0, Sum: 0, Workers: 8
[174.186s][debug][gc,phases         ] GC(3625)     Code Roots Purge: 0.0ms
[174.186s][debug][gc,phases         ] GC(3625)     Redirty Cards: 0.0ms
[174.186s][debug][gc,phases         ] GC(3625)     DerivedPointerTable Update: 0.0ms
[174.186s][debug][gc,phases         ] GC(3625)     Free Collection Set: 0.2ms
[174.186s][debug][gc,phases         ] GC(3625)     Rebuild Free List: 0.1ms
[174.186s][debug][gc,phases         ] GC(3625)     Humongous Reclaim: 0.0ms
[174.186s][debug][gc,phases         ] GC(3625)     Start New Collection Set: 0.0ms
[174.186s][debug][gc,phases         ] GC(3625)     Resize TLABs: 0.0ms
[174.186s][debug][gc,phases         ] GC(3625)     Expand Heap After Collection: 0.0ms
[174.186s][info ][gc,phases         ] GC(3625)   Other: 0.3ms
[174.186s][info ][gc,heap           ] GC(3625) Eden regions: 868->0(870)
[174.186s][info ][gc,heap           ] GC(3625) Survivor regions: 5->3(110)
[174.186s][info ][gc,heap           ] GC(3625) Old regions: 17->17
[174.186s][info ][gc,heap           ] GC(3625) Archive regions: 2->2
[174.186s][info ][gc,heap           ] GC(3625) Humongous regions: 0->0
[174.186s][info ][gc,metaspace      ] GC(3625) Metaspace: 10069K(10624K)->10069K(10624K) NonClass: 8921K(9216K)->8921K(9216K) Class: 1148K(1408K)->1148K(1408K)
[174.186s][debug][gc,heap           ] GC(3625) Heap after GC invocations=3626 (full 1): garbage-first heap   total 1490944K, used 20284K [0x0000000700000000, 0x0000000800000000)
[174.186s][debug][gc,heap           ] GC(3625)   region size 1024K, 3 young (3072K), 3 survivors (3072K)
[174.186s][debug][gc,heap           ] GC(3625)  Metaspace       used 10069K, capacity 10368K, committed 10624K, reserved 1058816K
[174.186s][debug][gc,heap           ] GC(3625)   class space    used 1148K, capacity 1266K, committed 1408K, reserved 1048576K
[174.186s][info ][gc                ] GC(3625) Pause Young (Normal) (G1 Evacuation Pause) 889M->19M(1456M) 2.228ms
[174.186s][info ][gc,cpu            ] GC(3625) User=0.00s Sys=0.00s Real=0.00s
[174.186s][info ][safepoint         ] Safepoint "G1CollectForAllocation", Time since last: 43714195 ns, Reaching safepoint: 153619 ns, At safepoint: 2404898 ns, Total: 2558517 ns
[174.210s][debug][gc,refine         ] Stopping 0
[174.210s][info ][gc,heap,exit      ] Heap
[174.210s][info ][gc,heap,exit      ]  garbage-first heap   total 1490944K, used 484156K [0x0000000700000000, 0x0000000800000000)
[174.210s][info ][gc,heap,exit      ]   region size 1024K, 458 young (468992K), 3 survivors (3072K)
[174.210s][info ][gc,heap,exit      ]  Metaspace       used 10074K, capacity 10368K, committed 10624K, reserved 1058816K
[174.210s][info ][gc,heap,exit      ]   class space    used 1149K, capacity 1266K, committed 1408K, reserved 1048576K
