[0.012s][info][gc,heap] Heap region size: 1M
[0.012s][debug][gc,heap] Minimum heap 8388608  Initial heap 268435456  Maximum heap 4294967296
[0.012s][info ][gc,heap,coops] Heap address: 0x0000000700000000, size: 4096 MB, Compressed Oops mode: Zero based, Oop shift amount: 3
[0.012s][debug][gc           ] ConcGCThreads: 2 offset 16
[0.012s][debug][gc           ] ParallelGCThreads: 8
[0.012s][debug][gc           ] Initialize mark stack with 4096 chunks, maximum 16384
[0.013s][debug][gc,ergo,heap ] Expand the heap. requested expansion amount: 268435456B expansion amount: 268435456B
[0.015s][debug][gc,ihop      ] Target occupancy update: old: 0B, new: 268435456B
[0.015s][debug][gc,ergo,refine] Initial Refinement Zones: green: 2048, yellow: 6144, red: 10240, min yellow size: 4096
[0.016s][info ][gc            ] Using G1
[0.016s][debug][gc,ergo,heap  ] Attempt heap expansion (allocate archive regions). Total size: 1048576B
[0.016s][info ][gc,cds        ] Mark closed archive regions in map: [0x00000007bff00000, 0x00000007bff7aff8]
[0.016s][debug][gc,ergo,heap  ] Attempt heap expansion (allocate archive regions). Total size: 1048576B
[0.016s][info ][gc,cds        ] Mark open archive regions in map: [0x00000007bfe00000, 0x00000007bfe50ff8]
[0.032s][info ][gc            ] Periodic GC disabled
[1.332s][info ][safepoint     ] Safepoint "Cleanup", Time since last: 1309318907 ns, Reaching safepoint: 65058 ns, At safepoint: 40827 ns, Total: 105885 ns
[1.502s][info ][safepoint     ] Safepoint "BulkRevokeBias", Time since last: 170124417 ns, Reaching safepoint: 80624 ns, At safepoint: 56156 ns, Total: 136780 ns
[1.504s][info ][safepoint     ] Safepoint "BulkRevokeBias", Time since last: 1678286 ns, Reaching safepoint: 45657 ns, At safepoint: 74145 ns, Total: 119802 ns
[1.504s][info ][safepoint     ] Safepoint "BulkRevokeBias", Time since last: 475303 ns, Reaching safepoint: 24517 ns, At safepoint: 95467 ns, Total: 119984 ns
[3.143s][info ][safepoint     ] Safepoint "Cleanup", Time since last: 1638839776 ns, Reaching safepoint: 61590 ns, At safepoint: 2034 ns, Total: 63624 ns
[3.337s][info ][safepoint     ] Safepoint "BulkRevokeBias", Time since last: 193163646 ns, Reaching safepoint: 135793 ns, At safepoint: 155398 ns, Total: 291191 ns
[4.338s][info ][safepoint     ] Safepoint "Cleanup", Time since last: 1000710015 ns, Reaching safepoint: 102060 ns, At safepoint: 4294 ns, Total: 106354 ns
[5.412s][info ][safepoint     ] Safepoint "Cleanup", Time since last: 1074182235 ns, Reaching safepoint: 113447 ns, At safepoint: 3590 ns, Total: 117037 ns
[7.419s][info ][safepoint     ] Safepoint "Cleanup", Time since last: 2006796763 ns, Reaching safepoint: 147354 ns, At safepoint: 5581 ns, Total: 152935 ns
[8.421s][info ][safepoint     ] Safepoint "Cleanup", Time since last: 1002442149 ns, Reaching safepoint: 52946 ns, At safepoint: 1870 ns, Total: 54816 ns
[9.423s][info ][safepoint     ] Safepoint "Cleanup", Time since last: 1001852173 ns, Reaching safepoint: 95417 ns, At safepoint: 4515 ns, Total: 99932 ns
[10.426s][info ][safepoint     ] Safepoint "Cleanup", Time since last: 1002068106 ns, Reaching safepoint: 165838 ns, At safepoint: 9280 ns, Total: 175118 ns
[11.429s][info ][safepoint     ] Safepoint "Cleanup", Time since last: 1003238285 ns, Reaching safepoint: 149066 ns, At safepoint: 4626 ns, Total: 153692 ns
[13.343s][debug][gc,task       ] GC(0) Requesting 6 active workers for full compaction (waste limited workers: 8, adaptive workers: 6)
[13.343s][info ][gc,task       ] GC(0) Using 6 workers of 8 for full compaction
[13.343s][info ][gc,start      ] GC(0) Pause Full (System.gc())
[13.343s][debug][gc,heap       ] GC(0) Heap before GC invocations=0 (full 0): garbage-first heap   total 264192K, used 11056K [0x0000000700000000, 0x0000000800000000)
[13.343s][debug][gc,heap       ] GC(0)   region size 1024K, 11 young (11264K), 0 survivors (0K)
[13.343s][debug][gc,heap       ] GC(0)  Metaspace       used 10546K, capacity 10860K, committed 11136K, reserved 1058816K
[13.343s][debug][gc,heap       ] GC(0)   class space    used 1205K, capacity 1343K, committed 1408K, reserved 1048576K
[13.343s][debug][gc,tlab       ] GC(0) TLAB totals: thrds: 7  refills: 27 max: 18 slow allocs: 1 max 1 waste: 28.8% gc: 2104752B max: 479824B slow: 12112B max: 10184B fast: 0B max: 0B
[13.343s][debug][gc,alloc,region] GC(0) Mutator Allocation stats, regions: 11, wasted size: 0B ( 0.0%)
[13.343s][info ][gc,phases,start] GC(0) Phase 1: Mark live objects
[13.347s][debug][gc,phases,start] GC(0) Phase 1: Reference Processing
[13.347s][debug][gc,ref         ] GC(0) Skipped phase1 of Reference Processing due to unavailable references
[13.347s][debug][gc,phases,ref  ] GC(0) Reference Processing: 0.2ms
[13.347s][debug][gc,phases,ref  ] GC(0)   Reconsider SoftReferences: 0.0ms
[13.347s][debug][gc,phases,ref  ] GC(0)     SoftRef (ms):             skipped
[13.347s][debug][gc,phases,ref  ] GC(0)   Notify Soft/WeakReferences: 0.1ms
[13.347s][debug][gc,phases,ref  ] GC(0)     Balance queues: 0.0ms
[13.347s][debug][gc,phases,ref  ] GC(0)     SoftRef (ms):             Min:  0.0, Avg:  0.0, Max:  0.0, Diff:  0.0, Sum:  0.0, Workers: 2
[13.347s][debug][gc,phases,ref  ] GC(0)     WeakRef (ms):             Min:  0.0, Avg:  0.0, Max:  0.0, Diff:  0.0, Sum:  0.0, Workers: 2
[13.347s][debug][gc,phases,ref  ] GC(0)     FinalRef (ms):            Min:  0.0, Avg:  0.0, Max:  0.0, Diff:  0.0, Sum:  0.0, Workers: 2
[13.347s][debug][gc,phases,ref  ] GC(0)     Total (ms):               Min:  0.0, Avg:  0.0, Max:  0.0, Diff:  0.0, Sum:  0.0, Workers: 2
[13.347s][debug][gc,phases,ref  ] GC(0)   Notify and keep alive finalizable: 0.1ms
[13.347s][debug][gc,phases,ref  ] GC(0)     Balance queues: 0.0ms
[13.347s][debug][gc,phases,ref  ] GC(0)     FinalRef (ms):            Min:  0.0, Avg:  0.0, Max:  0.0, Diff:  0.0, Sum:  0.0, Workers: 6
[13.347s][debug][gc,phases,ref  ] GC(0)   Notify PhantomReferences: 0.0ms
[13.347s][debug][gc,phases,ref  ] GC(0)     PhantomRef (ms):          Min:  0.0, Avg:  0.0, Max:  0.0, Diff:  0.0, Sum:  0.0, Workers: 1
[13.347s][debug][gc,phases,ref  ] GC(0)   SoftReference:
[13.347s][debug][gc,phases,ref  ] GC(0)     Discovered: 0
[13.347s][debug][gc,phases,ref  ] GC(0)     Cleared: 0
[13.347s][debug][gc,phases,ref  ] GC(0)   WeakReference:
[13.347s][debug][gc,phases,ref  ] GC(0)     Discovered: 565
[13.347s][debug][gc,phases,ref  ] GC(0)     Cleared: 410
[13.347s][debug][gc,phases,ref  ] GC(0)   FinalReference:
[13.347s][debug][gc,phases,ref  ] GC(0)     Discovered: 569
[13.347s][debug][gc,phases,ref  ] GC(0)     Cleared: 493
[13.347s][debug][gc,phases,ref  ] GC(0)   PhantomReference:
[13.347s][debug][gc,phases,ref  ] GC(0)     Discovered: 227
[13.347s][debug][gc,phases,ref  ] GC(0)     Cleared: 3
[13.347s][debug][gc,phases      ] GC(0) Phase 1: Reference Processing 0.427ms
[13.347s][debug][gc,phases,start] GC(0) Phase 1: Weak Processing
[13.347s][debug][gc,phases      ] GC(0)   JVMTI weak processing: 0.0ms
[13.347s][debug][gc,phases      ] GC(0)     Dead: 0
[13.347s][debug][gc,phases      ] GC(0)     Total: 0
[13.347s][debug][gc,phases      ] GC(0)   JFR weak processing: 0.0ms
[13.347s][debug][gc,phases      ] GC(0)     Dead: 0
[13.347s][debug][gc,phases      ] GC(0)     Total: 0
[13.347s][debug][gc,phases      ] GC(0)   JNI weak                  Min:  0.0, Avg:  0.0, Max:  0.0, Diff:  0.0, Sum:  0.0, Workers: 5
[13.347s][debug][gc,phases      ] GC(0)     Dead                      Min: 0, Avg:  0.6, Max: 3, Diff: 3, Sum: 3, Workers: 5
[13.347s][debug][gc,phases      ] GC(0)     Total                     Min: 0, Avg: 10.6, Max: 53, Diff: 53, Sum: 53, Workers: 5
[13.347s][debug][gc,phases      ] GC(0)   VM weak                   Min:  0.0, Avg:  0.0, Max:  0.0, Diff:  0.0, Sum:  0.0, Workers: 5
[13.347s][debug][gc,phases      ] GC(0)     Dead                      Min: 0, Avg:  0.0, Max: 0, Diff: 0, Sum: 0, Workers: 5
[13.347s][debug][gc,phases      ] GC(0)     Total                     Min: 0, Avg: 44.8, Max: 224, Diff: 224, Sum: 224, Workers: 5
[13.347s][debug][gc,phases      ] GC(0)   StringTable weak          Min:  0.0, Avg:  0.0, Max:  0.0, Diff:  0.0, Sum:  0.0, Workers: 5
[13.347s][debug][gc,phases      ] GC(0)     Dead                      Min: 0, Avg:  1.2, Max: 6, Diff: 6, Sum: 6, Workers: 5
[13.347s][debug][gc,phases      ] GC(0)     Total                     Min: 0, Avg: 728.0, Max: 2368, Diff: 2368, Sum: 3640, Workers: 5
[13.347s][debug][gc,phases      ] GC(0)   ResolvedMethodTable weak  Min:  0.0, Avg:  0.0, Max:  0.0, Diff:  0.0, Sum:  0.0, Workers: 5
[13.347s][debug][gc,phases      ] GC(0)     Dead                      Min: 0, Avg:  0.8, Max: 3, Diff: 3, Sum: 4, Workers: 5
[13.347s][debug][gc,phases      ] GC(0)     Total                     Min: 0, Avg: 117.8, Max: 320, Diff: 320, Sum: 589, Workers: 5
[13.347s][debug][gc,phases      ] GC(0) Phase 1: Weak Processing 0.284ms
[13.347s][debug][gc,phases,start] GC(0) Phase 1: Class Unloading and Cleanup
[13.347s][debug][gc,phases,start] GC(0) ClassLoaderData
[13.347s][debug][gc,phases      ] GC(0) ClassLoaderData 0.021ms
[13.347s][debug][gc,phases,start] GC(0) Trigger cleanups
[13.347s][debug][gc,phases      ] GC(0) Trigger cleanups 0.007ms
[13.348s][debug][gc,phases      ] GC(0) Phase 1: Class Unloading and Cleanup 0.544ms
[13.348s][info ][gc,phases      ] GC(0) Phase 1: Mark live objects 4.425ms
[13.348s][info ][gc,phases,start] GC(0) Phase 2: Prepare for compaction
[13.348s][info ][gc,phases      ] GC(0) Phase 2: Prepare for compaction 0.527ms
[13.348s][info ][gc,phases,start] GC(0) Phase 3: Adjust pointers
[13.350s][info ][gc,phases      ] GC(0) Phase 3: Adjust pointers 1.484ms
[13.350s][info ][gc,phases,start] GC(0) Phase 4: Compact heap
[13.352s][info ][gc,phases      ] GC(0) Phase 4: Compact heap 1.990ms
[13.352s][debug][gc,ergo,heap   ] GC(0) Attempt heap shrinking (capacity higher than max desired capacity). Capacity: 270532608B occupancy: 8388608B live: 3703072B maximum_desired_capacity: 27962026B (70 %)
[13.354s][debug][gc,ergo,heap   ] GC(0) Shrink the heap. requested shrinking amount: 242570582B aligned shrinking amount: 242221056B attempted shrinking amount: 242221056B
[13.354s][debug][gc,ihop        ] GC(0) Target occupancy update: old: 268435456B, new: 28311552B
[13.355s][info ][gc,heap        ] GC(0) Eden regions: 11->0(8)
[13.355s][info ][gc,heap        ] GC(0) Survivor regions: 0->0(0)
[13.355s][info ][gc,heap        ] GC(0) Old regions: 0->6
[13.355s][info ][gc,heap        ] GC(0) Archive regions: 2->2
[13.355s][info ][gc,heap        ] GC(0) Humongous regions: 0->0
[13.355s][info ][gc,metaspace   ] GC(0) Metaspace: 10546K(11136K)->10546K(11136K) NonClass: 9341K(9728K)->9341K(9728K) Class: 1205K(1408K)->1205K(1408K)
[13.355s][debug][gc,heap        ] GC(0) Heap after GC invocations=1 (full 1): garbage-first heap   total 27648K, used 3616K [0x0000000700000000, 0x0000000800000000)
[13.355s][debug][gc,heap        ] GC(0)   region size 1024K, 0 young (0K), 0 survivors (0K)
[13.355s][debug][gc,heap        ] GC(0)  Metaspace       used 10546K, capacity 10860K, committed 11136K, reserved 1058816K
[13.355s][debug][gc,heap        ] GC(0)   class space    used 1205K, capacity 1343K, committed 1408K, reserved 1048576K
[13.355s][info ][gc             ] GC(0) Pause Full (System.gc()) 11M->3M(27M) 11.941ms
[13.355s][info ][gc,cpu         ] GC(0) User=0.03s Sys=0.01s Real=0.02s
[13.355s][info ][safepoint      ] Safepoint "G1CollectFull", Time since last: 1913671778 ns, Reaching safepoint: 113030 ns, At safepoint: 12599484 ns, Total: 12712514 ns
[14.360s][info ][safepoint      ] Safepoint "Cleanup", Time since last: 1004405883 ns, Reaching safepoint: 170461 ns, At safepoint: 1364 ns, Total: 171825 ns
[15.364s][info ][safepoint      ] Safepoint "Cleanup", Time since last: 1004466358 ns, Reaching safepoint: 108088 ns, At safepoint: 3425 ns, Total: 111513 ns
[39.410s][info ][safepoint      ] Safepoint "Cleanup", Time since last: 24045173698 ns, Reaching safepoint: 95110 ns, At safepoint: 3303 ns, Total: 98413 ns
[40.414s][info ][safepoint      ] Safepoint "Cleanup", Time since last: 1004418068 ns, Reaching safepoint: 62578 ns, At safepoint: 10032 ns, Total: 72610 ns
[41.297s][debug][gc,task        ] GC(1) Requesting 2 active workers for full compaction (waste limited workers: 2, adaptive workers: 4)
[41.297s][info ][gc,task        ] GC(1) Using 2 workers of 8 for full compaction
[41.297s][info ][gc,start       ] GC(1) Pause Full (System.gc())
[41.297s][debug][gc,heap        ] GC(1) Heap before GC invocations=1 (full 1): garbage-first heap   total 27648K, used 4640K [0x0000000700000000, 0x0000000800000000)
[41.297s][debug][gc,heap        ] GC(1)   region size 1024K, 2 young (2048K), 0 survivors (0K)
[41.297s][debug][gc,heap        ] GC(1)  Metaspace       used 10596K, capacity 10927K, committed 11136K, reserved 1058816K
[41.297s][debug][gc,heap        ] GC(1)   class space    used 1210K, capacity 1344K, committed 1408K, reserved 1048576K
[41.297s][debug][gc,tlab        ] GC(1) TLAB totals: thrds: 6  refills: 13 max: 7 slow allocs: 3 max 3 waste: 50.8% gc: 955048B max: 167768B slow: 4096B max: 3504B fast: 0B max: 0B
[41.297s][debug][gc,alloc,region] GC(1) Mutator Allocation stats, regions: 2, wasted size: 0B ( 0.0%)
[41.297s][info ][gc,phases,start] GC(1) Phase 1: Mark live objects
[41.299s][debug][gc,phases,start] GC(1) Phase 1: Reference Processing
[41.299s][debug][gc,ref         ] GC(1) Skipped phase1 of Reference Processing due to unavailable references
[41.299s][debug][gc,ref         ] GC(1) Skipped phase3 of Reference Processing due to unavailable references
[41.299s][debug][gc,phases,ref  ] GC(1) Reference Processing: 0.0ms
[41.299s][debug][gc,phases,ref  ] GC(1)   Reconsider SoftReferences: 0.0ms
[41.299s][debug][gc,phases,ref  ] GC(1)     SoftRef (ms):             skipped
[41.299s][debug][gc,phases,ref  ] GC(1)   Notify Soft/WeakReferences: 0.0ms
[41.299s][debug][gc,phases,ref  ] GC(1)     SoftRef (ms):             Min:  0.0, Avg:  0.0, Max:  0.0, Diff:  0.0, Sum:  0.0, Workers: 1
[41.299s][debug][gc,phases,ref  ] GC(1)     WeakRef (ms):             Min:  0.0, Avg:  0.0, Max:  0.0, Diff:  0.0, Sum:  0.0, Workers: 1
[41.299s][debug][gc,phases,ref  ] GC(1)     FinalRef (ms):            Min:  0.0, Avg:  0.0, Max:  0.0, Diff:  0.0, Sum:  0.0, Workers: 1
[41.299s][debug][gc,phases,ref  ] GC(1)     Total (ms):               Min:  0.0, Avg:  0.0, Max:  0.0, Diff:  0.0, Sum:  0.0, Workers: 1
[41.299s][debug][gc,phases,ref  ] GC(1)   Notify and keep alive finalizable: 0.0ms
[41.299s][debug][gc,phases,ref  ] GC(1)     FinalRef (ms):            skipped
[41.299s][debug][gc,phases,ref  ] GC(1)   Notify PhantomReferences: 0.0ms
[41.299s][debug][gc,phases,ref  ] GC(1)     PhantomRef (ms):          Min:  0.0, Avg:  0.0, Max:  0.0, Diff:  0.0, Sum:  0.0, Workers: 1
[41.299s][debug][gc,phases,ref  ] GC(1)   SoftReference:
[41.299s][debug][gc,phases,ref  ] GC(1)     Discovered: 0
[41.299s][debug][gc,phases,ref  ] GC(1)     Cleared: 0
[41.299s][debug][gc,phases,ref  ] GC(1)   WeakReference:
[41.299s][debug][gc,phases,ref  ] GC(1)     Discovered: 97
[41.299s][debug][gc,phases,ref  ] GC(1)     Cleared: 95
[41.299s][debug][gc,phases,ref  ] GC(1)   FinalReference:
[41.299s][debug][gc,phases,ref  ] GC(1)     Discovered: 790
[41.299s][debug][gc,phases,ref  ] GC(1)     Cleared: 790
[41.299s][debug][gc,phases,ref  ] GC(1)   PhantomReference:
[41.299s][debug][gc,phases,ref  ] GC(1)     Discovered: 37
[41.299s][debug][gc,phases,ref  ] GC(1)     Cleared: 36
[41.299s][debug][gc,phases      ] GC(1) Phase 1: Reference Processing 0.248ms
[41.299s][debug][gc,phases,start] GC(1) Phase 1: Weak Processing
[41.300s][debug][gc,phases      ] GC(1)   JVMTI weak processing: 0.0ms
[41.300s][debug][gc,phases      ] GC(1)     Dead: 0
[41.300s][debug][gc,phases      ] GC(1)     Total: 0
[41.300s][debug][gc,phases      ] GC(1)   JFR weak processing: 0.0ms
[41.300s][debug][gc,phases      ] GC(1)     Dead: 0
[41.300s][debug][gc,phases      ] GC(1)     Total: 0
[41.300s][debug][gc,phases      ] GC(1)   JNI weak                  Min:  0.0, Avg:  0.0, Max:  0.0, Diff:  0.0, Sum:  0.0, Workers: 2
[41.300s][debug][gc,phases      ] GC(1)     Dead                      Min: 0, Avg:  0.0, Max: 0, Diff: 0, Sum: 0, Workers: 2
[41.300s][debug][gc,phases      ] GC(1)     Total                     Min: 0, Avg: 32.0, Max: 64, Diff: 64, Sum: 64, Workers: 2
[41.300s][debug][gc,phases      ] GC(1)   VM weak                   Min:  0.0, Avg:  0.0, Max:  0.0, Diff:  0.0, Sum:  0.0, Workers: 2
[41.300s][debug][gc,phases      ] GC(1)     Dead                      Min: 0, Avg:  0.0, Max: 0, Diff: 0, Sum: 0, Workers: 2
[41.300s][debug][gc,phases      ] GC(1)     Total                     Min: 0, Avg: 112.5, Max: 225, Diff: 225, Sum: 225, Workers: 2
[41.300s][debug][gc,phases      ] GC(1)   StringTable weak          Min:  0.0, Avg:  0.0, Max:  0.0, Diff:  0.0, Sum:  0.0, Workers: 2
[41.300s][debug][gc,phases      ] GC(1)     Dead                      Min: 2, Avg:  9.0, Max: 16, Diff: 14, Sum: 18, Workers: 2
[41.300s][debug][gc,phases      ] GC(1)     Total                     Min: 1011, Avg: 1849.0, Max: 2687, Diff: 1676, Sum: 3698, Workers: 2
[41.300s][debug][gc,phases      ] GC(1)   ResolvedMethodTable weak  Min:  0.0, Avg:  0.0, Max:  0.0, Diff:  0.0, Sum:  0.0, Workers: 2
[41.300s][debug][gc,phases      ] GC(1)     Dead                      Min: 0, Avg:  0.0, Max: 0, Diff: 0, Sum: 0, Workers: 2
[41.300s][debug][gc,phases      ] GC(1)     Total                     Min: 206, Avg: 295.0, Max: 384, Diff: 178, Sum: 590, Workers: 2
[41.300s][debug][gc,phases      ] GC(1) Phase 1: Weak Processing 0.235ms
[41.300s][debug][gc,phases,start] GC(1) Phase 1: Class Unloading and Cleanup
[41.300s][debug][gc,phases,start] GC(1) ClassLoaderData
[41.300s][debug][gc,phases      ] GC(1) ClassLoaderData 0.013ms
[41.300s][debug][gc,phases,start] GC(1) Trigger cleanups
[41.300s][debug][gc,phases      ] GC(1) Trigger cleanups 0.006ms
[41.301s][debug][gc,phases      ] GC(1) Phase 1: Class Unloading and Cleanup 1.155ms
[41.301s][info ][gc,phases      ] GC(1) Phase 1: Mark live objects 3.923ms
[41.301s][info ][gc,phases,start] GC(1) Phase 2: Prepare for compaction
[41.301s][info ][gc,phases      ] GC(1) Phase 2: Prepare for compaction 0.523ms
[41.301s][info ][gc,phases,start] GC(1) Phase 3: Adjust pointers
[41.303s][info ][gc,phases      ] GC(1) Phase 3: Adjust pointers 1.796ms
[41.303s][info ][gc,phases,start] GC(1) Phase 4: Compact heap
[41.304s][info ][gc,phases      ] GC(1) Phase 4: Compact heap 1.204ms
[41.305s][debug][gc,ergo,heap   ] GC(1) Attempt heap shrinking (capacity higher than max desired capacity). Capacity: 28311552B occupancy: 6291456B live: 3966280B maximum_desired_capacity: 20971519B (70 %)
[41.305s][debug][gc,ergo,heap   ] GC(1) Shrink the heap. requested shrinking amount: 7340033B aligned shrinking amount: 7340032B attempted shrinking amount: 7340032B
[41.305s][debug][gc,ihop        ] GC(1) Target occupancy update: old: 28311552B, new: 20971520B
[41.306s][info ][gc,heap        ] GC(1) Eden regions: 2->0(5)
[41.306s][info ][gc,heap        ] GC(1) Survivor regions: 0->0(0)
[41.306s][info ][gc,heap        ] GC(1) Old regions: 6->4
[41.306s][info ][gc,heap        ] GC(1) Archive regions: 2->2
[41.306s][info ][gc,heap        ] GC(1) Humongous regions: 0->0
[41.306s][info ][gc,metaspace   ] GC(1) Metaspace: 10596K(11136K)->10596K(11136K) NonClass: 9385K(9728K)->9385K(9728K) Class: 1210K(1408K)->1210K(1408K)
[41.306s][debug][gc,heap        ] GC(1) Heap after GC invocations=2 (full 2): garbage-first heap   total 20480K, used 3873K [0x0000000700000000, 0x0000000800000000)
[41.306s][debug][gc,heap        ] GC(1)   region size 1024K, 0 young (0K), 0 survivors (0K)
[41.306s][debug][gc,heap        ] GC(1)  Metaspace       used 10596K, capacity 10927K, committed 11136K, reserved 1058816K
[41.306s][debug][gc,heap        ] GC(1)   class space    used 1210K, capacity 1344K, committed 1408K, reserved 1048576K
[41.306s][info ][gc             ] GC(1) Pause Full (System.gc()) 5M->3M(20M) 8.825ms
[41.306s][info ][gc,cpu         ] GC(1) User=0.01s Sys=0.00s Real=0.01s
[41.306s][info ][safepoint      ] Safepoint "G1CollectFull", Time since last: 882420656 ns, Reaching safepoint: 55845 ns, At safepoint: 9019272 ns, Total: 9075117 ns
[43.309s][info ][safepoint      ] Safepoint "Cleanup", Time since last: 2003545905 ns, Reaching safepoint: 128017 ns, At safepoint: 8158 ns, Total: 136175 ns
[49.328s][info ][safepoint      ] Safepoint "Cleanup", Time since last: 6018678213 ns, Reaching safepoint: 104921 ns, At safepoint: 4772 ns, Total: 109693 ns
[52.340s][info ][safepoint      ] Safepoint "Cleanup", Time since last: 3011290287 ns, Reaching safepoint: 128458 ns, At safepoint: 8715 ns, Total: 137173 ns
[53.343s][info ][safepoint      ] Safepoint "Cleanup", Time since last: 1002768871 ns, Reaching safepoint: 133892 ns, At safepoint: 7429 ns, Total: 141321 ns
[54.331s][debug][gc,task        ] GC(2) Requesting 2 active workers for full compaction (waste limited workers: 2, adaptive workers: 2)
[54.331s][info ][gc,task        ] GC(2) Using 2 workers of 8 for full compaction
[54.331s][info ][gc,start       ] GC(2) Pause Full (System.gc())
[54.331s][debug][gc,heap        ] GC(2) Heap before GC invocations=2 (full 2): garbage-first heap   total 20480K, used 4897K [0x0000000700000000, 0x0000000800000000)
[54.331s][debug][gc,heap        ] GC(2)   region size 1024K, 2 young (2048K), 0 survivors (0K)
[54.331s][debug][gc,heap        ] GC(2)  Metaspace       used 10649K, capacity 10927K, committed 11136K, reserved 1058816K
[54.331s][debug][gc,heap        ] GC(2)   class space    used 1210K, capacity 1344K, committed 1408K, reserved 1048576K
[54.331s][debug][gc,tlab        ] GC(2) TLAB totals: thrds: 4  refills: 14 max: 10 slow allocs: 0 max 0 waste: 20.7% gc: 276648B max: 104432B slow: 6120B max: 5528B fast: 0B max: 0B
[54.331s][debug][gc,alloc,region] GC(2) Mutator Allocation stats, regions: 2, wasted size: 0B ( 0.0%)
[54.331s][info ][gc,phases,start] GC(2) Phase 1: Mark live objects
[54.334s][debug][gc,phases,start] GC(2) Phase 1: Reference Processing
[54.334s][debug][gc,ref         ] GC(2) Skipped phase1 of Reference Processing due to unavailable references
[54.334s][debug][gc,ref         ] GC(2) Skipped phase3 of Reference Processing due to unavailable references
[54.334s][debug][gc,phases,ref  ] GC(2) Reference Processing: 0.1ms
[54.334s][debug][gc,phases,ref  ] GC(2)   Reconsider SoftReferences: 0.0ms
[54.334s][debug][gc,phases,ref  ] GC(2)     SoftRef (ms):             skipped
[54.334s][debug][gc,phases,ref  ] GC(2)   Notify Soft/WeakReferences: 0.0ms
[54.334s][debug][gc,phases,ref  ] GC(2)     SoftRef (ms):             Min:  0.0, Avg:  0.0, Max:  0.0, Diff:  0.0, Sum:  0.0, Workers: 1
[54.334s][debug][gc,phases,ref  ] GC(2)     WeakRef (ms):             Min:  0.0, Avg:  0.0, Max:  0.0, Diff:  0.0, Sum:  0.0, Workers: 1
[54.334s][debug][gc,phases,ref  ] GC(2)     FinalRef (ms):            Min:  0.0, Avg:  0.0, Max:  0.0, Diff:  0.0, Sum:  0.0, Workers: 1
[54.334s][debug][gc,phases,ref  ] GC(2)     Total (ms):               Min:  0.0, Avg:  0.0, Max:  0.0, Diff:  0.0, Sum:  0.0, Workers: 1
[54.334s][debug][gc,phases,ref  ] GC(2)   Notify and keep alive finalizable: 0.0ms
[54.334s][debug][gc,phases,ref  ] GC(2)     FinalRef (ms):            skipped
[54.334s][debug][gc,phases,ref  ] GC(2)   Notify PhantomReferences: 0.0ms
[54.334s][debug][gc,phases,ref  ] GC(2)     PhantomRef (ms):          Min:  0.0, Avg:  0.0, Max:  0.0, Diff:  0.0, Sum:  0.0, Workers: 1
[54.334s][debug][gc,phases,ref  ] GC(2)   SoftReference:
[54.334s][debug][gc,phases,ref  ] GC(2)     Discovered: 0
[54.334s][debug][gc,phases,ref  ] GC(2)     Cleared: 0
[54.334s][debug][gc,phases,ref  ] GC(2)   WeakReference:
[54.334s][debug][gc,phases,ref  ] GC(2)     Discovered: 87
[54.334s][debug][gc,phases,ref  ] GC(2)     Cleared: 86
[54.334s][debug][gc,phases,ref  ] GC(2)   FinalReference:
[54.334s][debug][gc,phases,ref  ] GC(2)     Discovered: 793
[54.334s][debug][gc,phases,ref  ] GC(2)     Cleared: 793
[54.334s][debug][gc,phases,ref  ] GC(2)   PhantomReference:
[54.334s][debug][gc,phases,ref  ] GC(2)     Discovered: 42
[54.334s][debug][gc,phases,ref  ] GC(2)     Cleared: 42
[54.334s][debug][gc,phases      ] GC(2) Phase 1: Reference Processing 0.461ms
[54.334s][debug][gc,phases,start] GC(2) Phase 1: Weak Processing
[54.335s][debug][gc,phases      ] GC(2)   JVMTI weak processing: 0.0ms
[54.335s][debug][gc,phases      ] GC(2)     Dead: 0
[54.335s][debug][gc,phases      ] GC(2)     Total: 0
[54.335s][debug][gc,phases      ] GC(2)   JFR weak processing: 0.0ms
[54.335s][debug][gc,phases      ] GC(2)     Dead: 0
[54.335s][debug][gc,phases      ] GC(2)     Total: 0
[54.335s][debug][gc,phases      ] GC(2)   JNI weak                  Min:  0.0, Avg:  0.0, Max:  0.0, Diff:  0.0, Sum:  0.0, Workers: 2
[54.335s][debug][gc,phases      ] GC(2)     Dead                      Min: 0, Avg:  0.0, Max: 0, Diff: 0, Sum: 0, Workers: 2
[54.335s][debug][gc,phases      ] GC(2)     Total                     Min: 0, Avg: 35.0, Max: 70, Diff: 70, Sum: 70, Workers: 2
[54.335s][debug][gc,phases      ] GC(2)   VM weak                   Min:  0.0, Avg:  0.0, Max:  0.0, Diff:  0.0, Sum:  0.0, Workers: 2
[54.335s][debug][gc,phases      ] GC(2)     Dead                      Min: 0, Avg:  0.0, Max: 0, Diff: 0, Sum: 0, Workers: 2
[54.335s][debug][gc,phases      ] GC(2)     Total                     Min: 33, Avg: 112.5, Max: 192, Diff: 159, Sum: 225, Workers: 2
[54.335s][debug][gc,phases      ] GC(2)   StringTable weak          Min:  0.0, Avg:  0.0, Max:  0.0, Diff:  0.0, Sum:  0.1, Workers: 2
[54.335s][debug][gc,phases      ] GC(2)     Dead                      Min: 0, Avg:  9.0, Max: 18, Diff: 18, Sum: 18, Workers: 2
[54.335s][debug][gc,phases      ] GC(2)     Total                     Min: 1806, Avg: 1863.0, Max: 1920, Diff: 114, Sum: 3726, Workers: 2
[54.335s][debug][gc,phases      ] GC(2)   ResolvedMethodTable weak  Min:  0.0, Avg:  0.0, Max:  0.0, Diff:  0.0, Sum:  0.0, Workers: 2
[54.335s][debug][gc,phases      ] GC(2)     Dead                      Min: 0, Avg:  0.0, Max: 0, Diff: 0, Sum: 0, Workers: 2
[54.335s][debug][gc,phases      ] GC(2)     Total                     Min: 14, Avg: 295.0, Max: 576, Diff: 562, Sum: 590, Workers: 2
[54.335s][debug][gc,phases      ] GC(2) Phase 1: Weak Processing 0.409ms
[54.335s][debug][gc,phases,start] GC(2) Phase 1: Class Unloading and Cleanup
[54.335s][debug][gc,phases,start] GC(2) ClassLoaderData
[54.335s][debug][gc,phases      ] GC(2) ClassLoaderData 0.016ms
[54.335s][debug][gc,phases,start] GC(2) Trigger cleanups
[54.335s][debug][gc,phases      ] GC(2) Trigger cleanups 0.007ms
[54.336s][debug][gc,phases      ] GC(2) Phase 1: Class Unloading and Cleanup 1.117ms
[54.336s][info ][gc,phases      ] GC(2) Phase 1: Mark live objects 4.523ms
[54.336s][info ][gc,phases,start] GC(2) Phase 2: Prepare for compaction
[54.337s][info ][gc,phases      ] GC(2) Phase 2: Prepare for compaction 0.576ms
[54.337s][info ][gc,phases,start] GC(2) Phase 3: Adjust pointers
[54.339s][info ][gc,phases      ] GC(2) Phase 3: Adjust pointers 2.127ms
[54.339s][info ][gc,phases,start] GC(2) Phase 4: Compact heap
[54.339s][info ][gc,phases      ] GC(2) Phase 4: Compact heap 0.633ms
[54.339s][debug][gc,ergo,heap   ] GC(2) Attempt heap shrinking (capacity higher than max desired capacity). Capacity: 20971520B occupancy: 6291456B live: 3971800B maximum_desired_capacity: 20971519B (70 %)
[54.339s][debug][gc,ergo,heap   ] GC(2) Shrink the heap. requested shrinking amount: 1B aligned shrinking amount: 0B attempted shrinking amount: 0B
[54.339s][debug][gc,ergo,heap   ] GC(2) Did not expand the heap (heap shrinking operation failed)
[54.340s][info ][gc,heap        ] GC(2) Eden regions: 2->0(5)
[54.340s][info ][gc,heap        ] GC(2) Survivor regions: 0->0(0)
[54.340s][info ][gc,heap        ] GC(2) Old regions: 4->4
[54.340s][info ][gc,heap        ] GC(2) Archive regions: 2->2
[54.340s][info ][gc,heap        ] GC(2) Humongous regions: 0->0
[54.340s][info ][gc,metaspace   ] GC(2) Metaspace: 10649K(11136K)->10649K(11136K) NonClass: 9438K(9728K)->9438K(9728K) Class: 1210K(1408K)->1210K(1408K)
[54.340s][debug][gc,heap        ] GC(2) Heap after GC invocations=3 (full 3): garbage-first heap   total 20480K, used 3878K [0x0000000700000000, 0x0000000800000000)
[54.340s][debug][gc,heap        ] GC(2)   region size 1024K, 0 young (0K), 0 survivors (0K)
[54.340s][debug][gc,heap        ] GC(2)  Metaspace       used 10649K, capacity 10927K, committed 11136K, reserved 1058816K
[54.340s][debug][gc,heap        ] GC(2)   class space    used 1210K, capacity 1344K, committed 1408K, reserved 1048576K
[54.340s][info ][gc             ] GC(2) Pause Full (System.gc()) 5M->3M(20M) 9.155ms
[54.340s][info ][gc,cpu         ] GC(2) User=0.01s Sys=0.01s Real=0.01s
[54.341s][info ][safepoint      ] Safepoint "G1CollectFull", Time since last: 988494853 ns, Reaching safepoint: 98243 ns, At safepoint: 9379520 ns, Total: 9477763 ns
[55.343s][info ][safepoint      ] Safepoint "Cleanup", Time since last: 1001879767 ns, Reaching safepoint: 161113 ns, At safepoint: 5190 ns, Total: 166303 ns
[56.343s][info ][safepoint      ] Safepoint "Cleanup", Time since last: 1000245917 ns, Reaching safepoint: 64516 ns, At safepoint: 2526 ns, Total: 67042 ns
[57.346s][info ][safepoint      ] Safepoint "Cleanup", Time since last: 1003074535 ns, Reaching safepoint: 100896 ns, At safepoint: 4893 ns, Total: 105789 ns
[58.066s][debug][gc,refine      ] Stopping 0
[58.066s][info ][gc,heap,exit   ] Heap
[58.066s][info ][gc,heap,exit   ]  garbage-first heap   total 20480K, used 3878K [0x0000000700000000, 0x0000000800000000)
[58.066s][info ][gc,heap,exit   ]   region size 1024K, 1 young (1024K), 0 survivors (0K)
[58.066s][info ][gc,heap,exit   ]  Metaspace       used 10675K, capacity 10991K, committed 11136K, reserved 1058816K
[58.066s][info ][gc,heap,exit   ]   class space    used 1211K, capacity 1344K, committed 1408K, reserved 1048576K
