[0.013s][info][gc,heap] Heap region size: 1M
[0.013s][debug][gc,heap] Minimum heap 8388608  Initial heap 268435456  Maximum heap 4294967296
[0.013s][info ][gc,heap,coops] Heap address: 0x0000000700000000, size: 4096 MB, Compressed Oops mode: Zero based, Oop shift amount: 3
[0.013s][debug][gc           ] ConcGCThreads: 2 offset 16
[0.013s][debug][gc           ] ParallelGCThreads: 8
[0.013s][debug][gc           ] Initialize mark stack with 4096 chunks, maximum 16384
[0.013s][debug][gc,ergo,heap ] Expand the heap. requested expansion amount: 268435456B expansion amount: 268435456B
[0.016s][debug][gc,ihop      ] Target occupancy update: old: 0B, new: 268435456B
[0.016s][debug][gc,ergo,refine] Initial Refinement Zones: green: 2048, yellow: 6144, red: 10240, min yellow size: 4096
[0.016s][info ][gc            ] Using G1
[0.017s][debug][gc,ergo,heap  ] Attempt heap expansion (allocate archive regions). Total size: 1048576B
[0.017s][info ][gc,cds        ] Mark closed archive regions in map: [0x00000007bff00000, 0x00000007bff7aff8]
[0.017s][debug][gc,ergo,heap  ] Attempt heap expansion (allocate archive regions). Total size: 1048576B
[0.017s][info ][gc,cds        ] Mark open archive regions in map: [0x00000007bfe00000, 0x00000007bfe50ff8]
[0.035s][info ][gc            ] Periodic GC disabled
[1.426s][info ][safepoint     ] Safepoint "Cleanup", Time since last: 1401806705 ns, Reaching safepoint: 65687 ns, At safepoint: 34869 ns, Total: 100556 ns
[1.580s][info ][safepoint     ] Safepoint "BulkRevokeBias", Time since last: 154017715 ns, Reaching safepoint: 63669 ns, At safepoint: 96462 ns, Total: 160131 ns
[1.582s][info ][safepoint     ] Safepoint "BulkRevokeBias", Time since last: 1177854 ns, Reaching safepoint: 27716 ns, At safepoint: 60878 ns, Total: 88594 ns
[1.582s][info ][safepoint     ] Safepoint "BulkRevokeBias", Time since last: 459753 ns, Reaching safepoint: 73288 ns, At safepoint: 68917 ns, Total: 142205 ns
[1.583s][info ][safepoint     ] Safepoint "BulkRevokeBias", Time since last: 476747 ns, Reaching safepoint: 41268 ns, At safepoint: 63228 ns, Total: 104496 ns
[2.816s][info ][safepoint     ] Safepoint "Cleanup", Time since last: 1233539006 ns, Reaching safepoint: 57429 ns, At safepoint: 1733 ns, Total: 59162 ns
[4.574s][info ][safepoint     ] Safepoint "Cleanup", Time since last: 1757405064 ns, Reaching safepoint: 63030 ns, At safepoint: 2197 ns, Total: 65227 ns
[5.536s][debug][gc,task       ] GC(0) Requesting 6 active workers for full compaction (waste limited workers: 8, adaptive workers: 6)
[5.536s][info ][gc,task       ] GC(0) Using 6 workers of 8 for full compaction
[5.537s][info ][gc,start      ] GC(0) Pause Full (System.gc())
[5.537s][debug][gc,heap       ] GC(0) Heap before GC invocations=0 (full 0): garbage-first heap   total 264192K, used 9008K [0x0000000700000000, 0x0000000800000000)
[5.537s][debug][gc,heap       ] GC(0)   region size 1024K, 9 young (9216K), 0 survivors (0K)
[5.537s][debug][gc,heap       ] GC(0)  Metaspace       used 9734K, capacity 10047K, committed 10368K, reserved 1058816K
[5.537s][debug][gc,heap       ] GC(0)   class space    used 1137K, capacity 1266K, committed 1408K, reserved 1048576K
[5.537s][debug][gc,tlab       ] GC(0) TLAB totals: thrds: 7  refills: 18 max: 9 slow allocs: 1 max 1 waste: 44.7% gc: 2122032B max: 480720B slow: 6456B max: 4664B fast: 0B max: 0B
[5.537s][debug][gc,alloc,region] GC(0) Mutator Allocation stats, regions: 9, wasted size: 0B ( 0.0%)
[5.537s][info ][gc,phases,start] GC(0) Phase 1: Mark live objects
[5.540s][debug][gc,phases,start] GC(0) Phase 1: Reference Processing
[5.540s][debug][gc,ref         ] GC(0) Skipped phase1 of Reference Processing due to unavailable references
[5.540s][debug][gc,phases,ref  ] GC(0) Reference Processing: 0.2ms
[5.540s][debug][gc,phases,ref  ] GC(0)   Reconsider SoftReferences: 0.0ms
[5.540s][debug][gc,phases,ref  ] GC(0)     SoftRef (ms):             skipped
[5.540s][debug][gc,phases,ref  ] GC(0)   Notify Soft/WeakReferences: 0.1ms
[5.540s][debug][gc,phases,ref  ] GC(0)     Balance queues: 0.0ms
[5.540s][debug][gc,phases,ref  ] GC(0)     SoftRef (ms):             Min:  0.0, Avg:  0.0, Max:  0.0, Diff:  0.0, Sum:  0.0, Workers: 2
[5.540s][debug][gc,phases,ref  ] GC(0)     WeakRef (ms):             Min:  0.0, Avg:  0.0, Max:  0.0, Diff:  0.0, Sum:  0.0, Workers: 2
[5.540s][debug][gc,phases,ref  ] GC(0)     FinalRef (ms):            Min:  0.0, Avg:  0.0, Max:  0.0, Diff:  0.0, Sum:  0.0, Workers: 2
[5.540s][debug][gc,phases,ref  ] GC(0)     Total (ms):               Min:  0.0, Avg:  0.0, Max:  0.0, Diff:  0.0, Sum:  0.1, Workers: 2
[5.540s][debug][gc,phases,ref  ] GC(0)   Notify and keep alive finalizable: 0.0ms
[5.540s][debug][gc,phases,ref  ] GC(0)     Balance queues: 0.0ms
[5.540s][debug][gc,phases,ref  ] GC(0)     FinalRef (ms):            Min:  0.0, Avg:  0.0, Max:  0.0, Diff:  0.0, Sum:  0.1, Workers: 6
[5.540s][debug][gc,phases,ref  ] GC(0)   Notify PhantomReferences: 0.0ms
[5.540s][debug][gc,phases,ref  ] GC(0)     PhantomRef (ms):          Min:  0.0, Avg:  0.0, Max:  0.0, Diff:  0.0, Sum:  0.0, Workers: 1
[5.540s][debug][gc,phases,ref  ] GC(0)   SoftReference:
[5.540s][debug][gc,phases,ref  ] GC(0)     Discovered: 0
[5.540s][debug][gc,phases,ref  ] GC(0)     Cleared: 0
[5.540s][debug][gc,phases,ref  ] GC(0)   WeakReference:
[5.540s][debug][gc,phases,ref  ] GC(0)     Discovered: 566
[5.540s][debug][gc,phases,ref  ] GC(0)     Cleared: 417
[5.540s][debug][gc,phases,ref  ] GC(0)   FinalReference:
[5.540s][debug][gc,phases,ref  ] GC(0)     Discovered: 789
[5.540s][debug][gc,phases,ref  ] GC(0)     Cleared: 713
[5.540s][debug][gc,phases,ref  ] GC(0)   PhantomReference:
[5.540s][debug][gc,phases,ref  ] GC(0)     Discovered: 238
[5.540s][debug][gc,phases,ref  ] GC(0)     Cleared: 31
[5.540s][debug][gc,phases      ] GC(0) Phase 1: Reference Processing 0.568ms
[5.540s][debug][gc,phases,start] GC(0) Phase 1: Weak Processing
[5.540s][debug][gc,phases      ] GC(0)   JVMTI weak processing: 0.0ms
[5.540s][debug][gc,phases      ] GC(0)     Dead: 0
[5.540s][debug][gc,phases      ] GC(0)     Total: 0
[5.540s][debug][gc,phases      ] GC(0)   JFR weak processing: 0.0ms
[5.540s][debug][gc,phases      ] GC(0)     Dead: 0
[5.540s][debug][gc,phases      ] GC(0)     Total: 0
[5.540s][debug][gc,phases      ] GC(0)   JNI weak                  Min:  0.0, Avg:  0.0, Max:  0.0, Diff:  0.0, Sum:  0.0, Workers: 5
[5.540s][debug][gc,phases      ] GC(0)     Dead                      Min: 0, Avg:  0.6, Max: 3, Diff: 3, Sum: 3, Workers: 5
[5.540s][debug][gc,phases      ] GC(0)     Total                     Min: 0, Avg: 10.6, Max: 53, Diff: 53, Sum: 53, Workers: 5
[5.540s][debug][gc,phases      ] GC(0)   VM weak                   Min:  0.0, Avg:  0.0, Max:  0.0, Diff:  0.0, Sum:  0.0, Workers: 5
[5.540s][debug][gc,phases      ] GC(0)     Dead                      Min: 0, Avg:  0.0, Max: 0, Diff: 0, Sum: 0, Workers: 5
[5.540s][debug][gc,phases      ] GC(0)     Total                     Min: 0, Avg: 42.4, Max: 128, Diff: 128, Sum: 212, Workers: 5
[5.540s][debug][gc,phases      ] GC(0)   StringTable weak          Min:  0.0, Avg:  0.0, Max:  0.0, Diff:  0.0, Sum:  0.1, Workers: 5
[5.540s][debug][gc,phases      ] GC(0)     Dead                      Min: 0, Avg:  1.2, Max: 3, Diff: 3, Sum: 6, Workers: 5
[5.540s][debug][gc,phases      ] GC(0)     Total                     Min: 0, Avg: 673.2, Max: 896, Diff: 896, Sum: 3366, Workers: 5
[5.540s][debug][gc,phases      ] GC(0)   ResolvedMethodTable weak  Min:  0.0, Avg:  0.0, Max:  0.0, Diff:  0.0, Sum:  0.0, Workers: 5
[5.540s][debug][gc,phases      ] GC(0)     Dead                      Min: 0, Avg:  0.8, Max: 2, Diff: 2, Sum: 4, Workers: 5
[5.540s][debug][gc,phases      ] GC(0)     Total                     Min: 64, Avg: 114.6, Max: 128, Diff: 64, Sum: 573, Workers: 5
[5.540s][debug][gc,phases      ] GC(0) Phase 1: Weak Processing 0.329ms
[5.540s][debug][gc,phases,start] GC(0) Phase 1: Class Unloading and Cleanup
[5.540s][debug][gc,phases,start] GC(0) ClassLoaderData
[5.540s][debug][gc,phases      ] GC(0) ClassLoaderData 0.026ms
[5.540s][debug][gc,phases,start] GC(0) Trigger cleanups
[5.540s][debug][gc,phases      ] GC(0) Trigger cleanups 0.010ms
[5.541s][debug][gc,phases      ] GC(0) Phase 1: Class Unloading and Cleanup 0.538ms
[5.541s][info ][gc,phases      ] GC(0) Phase 1: Mark live objects 4.201ms
[5.541s][info ][gc,phases,start] GC(0) Phase 2: Prepare for compaction
[5.542s][info ][gc,phases      ] GC(0) Phase 2: Prepare for compaction 0.497ms
[5.542s][info ][gc,phases,start] GC(0) Phase 3: Adjust pointers
[5.543s][info ][gc,phases      ] GC(0) Phase 3: Adjust pointers 1.325ms
[5.543s][info ][gc,phases,start] GC(0) Phase 4: Compact heap
[5.544s][info ][gc,phases      ] GC(0) Phase 4: Compact heap 1.446ms
[5.544s][debug][gc,ergo,heap   ] GC(0) Attempt heap shrinking (capacity higher than max desired capacity). Capacity: 270532608B occupancy: 8388608B live: 3365720B maximum_desired_capacity: 27962026B (70 %)
[5.546s][debug][gc,ergo,heap   ] GC(0) Shrink the heap. requested shrinking amount: 242570582B aligned shrinking amount: 242221056B attempted shrinking amount: 242221056B
[5.546s][debug][gc,ihop        ] GC(0) Target occupancy update: old: 268435456B, new: 28311552B
[5.547s][info ][gc,heap        ] GC(0) Eden regions: 9->0(8)
[5.547s][info ][gc,heap        ] GC(0) Survivor regions: 0->0(0)
[5.547s][info ][gc,heap        ] GC(0) Old regions: 0->6
[5.547s][info ][gc,heap        ] GC(0) Archive regions: 2->2
[5.547s][info ][gc,heap        ] GC(0) Humongous regions: 0->0
[5.547s][info ][gc,metaspace   ] GC(0) Metaspace: 9734K(10368K)->9734K(10368K) NonClass: 8596K(8960K)->8596K(8960K) Class: 1137K(1408K)->1137K(1408K)
[5.547s][debug][gc,heap        ] GC(0) Heap after GC invocations=1 (full 1): garbage-first heap   total 27648K, used 3286K [0x0000000700000000, 0x0000000800000000)
[5.547s][debug][gc,heap        ] GC(0)   region size 1024K, 0 young (0K), 0 survivors (0K)
[5.547s][debug][gc,heap        ] GC(0)  Metaspace       used 9734K, capacity 10047K, committed 10368K, reserved 1058816K
[5.547s][debug][gc,heap        ] GC(0)   class space    used 1137K, capacity 1266K, committed 1408K, reserved 1048576K
[5.547s][info ][gc             ] GC(0) Pause Full (System.gc()) 9M->3M(27M) 10.602ms
[5.547s][info ][gc,cpu         ] GC(0) User=0.02s Sys=0.01s Real=0.01s
[5.547s][info ][safepoint      ] Safepoint "G1CollectFull", Time since last: 962143042 ns, Reaching safepoint: 88594 ns, At safepoint: 11294890 ns, Total: 11383484 ns
[5.556s][info ][safepoint      ] Safepoint "BulkRevokeBias", Time since last: 8365668 ns, Reaching safepoint: 235343 ns, At safepoint: 119958 ns, Total: 355301 ns
[5.582s][debug][gc,heap        ] GC(1) Heap before GC invocations=1 (full 1): garbage-first heap   total 27648K, used 11478K [0x0000000700000000, 0x0000000800000000)
[5.582s][debug][gc,heap        ] GC(1)   region size 1024K, 8 young (8192K), 0 survivors (0K)
[5.582s][debug][gc,heap        ] GC(1)  Metaspace       used 9804K, capacity 10111K, committed 10368K, reserved 1058816K
[5.582s][debug][gc,heap        ] GC(1)   class space    used 1145K, capacity 1266K, committed 1408K, reserved 1048576K
[5.582s][info ][gc,start       ] GC(1) Pause Young (Normal) (G1 Evacuation Pause)
[5.582s][info ][gc,task        ] GC(1) Using 8 workers of 8 for evacuation
[5.582s][debug][gc,tlab        ] GC(1) TLAB totals: thrds: 12  refills: 182 max: 25 slow allocs: 1 max 1 waste: 10.4% gc: 727752B max: 167704B slow: 101232B max: 14008B fast: 0B max: 0B
[5.582s][debug][gc,age         ] GC(1) Desired survivor size 524288 bytes, new threshold 15 (max threshold 15)
[5.582s][debug][gc,alloc,region] GC(1) Mutator Allocation stats, regions: 8, wasted size: 0B ( 0.0%)
[5.582s][debug][gc,ergo        ] GC(1) Running G1 Merge Heap Roots using 8 workers for 8 regions
[5.582s][debug][gc,remset      ] GC(1) Visited cards 5120 Total dirty 12288 (41.67%) Total old 49152 (10.42%)
[5.583s][debug][gc,ergo        ] GC(1) Running G1 Clear Card Table Task using 1 workers for 1 units of work for 14 regions.
[5.583s][debug][gc,ref         ] GC(1) Skipped phase1 of Reference Processing due to unavailable references
[5.583s][debug][gc,ref         ] GC(1) Skipped phase3 of Reference Processing due to unavailable references
[5.583s][debug][gc,ergo        ] GC(1) Running G1 Free Collection Set using 8 workers for collection set length 8 (27)
[5.583s][debug][gc,ergo        ] GC(1) Running G1 Rebuild Free List Task using 8 workers for rebuilding free list of 0 (4096) regions
[5.583s][trace][gc,age         ] GC(1) Age table with threshold 15 (max threshold 15)
[5.583s][trace][gc,age         ] GC(1) - age   1:     515448 bytes,     515448 total
[5.584s][debug][gc,plab        ] GC(1) Young PLAB allocation: allocated: 45056B, wasted: 96B, unused: 22296B, used: 22664B, undo waste: 0B, 
[5.584s][debug][gc,plab        ] GC(1) Young other allocation: region end waste: 0B, regions filled: 1, direct allocated: 492784B, failure used: 0B, failure wasted: 0B
[5.584s][debug][gc,plab        ] GC(1) Young sizing: calculated: 4528B, actual: 4528B
[5.584s][debug][gc,plab        ] GC(1) Old PLAB allocation: allocated: 0B, wasted: 0B, unused: 0B, used: 0B, undo waste: 0B, 
[5.584s][debug][gc,plab        ] GC(1) Old other allocation: region end waste: 0B, regions filled: 0, direct allocated: 0B, failure used: 0B, failure wasted: 0B
[5.584s][debug][gc,plab        ] GC(1) Old sizing: calculated: 0B, actual: 2064B
[5.584s][debug][gc,ihop        ] GC(1) Basic information (value update), threshold: 12740198B (45.00), target occupancy: 28311552B, current occupancy: 3903560B, recent allocation size: 0B, recent allocation duration: 35.04ms, recent old gen allocation rate: 0.00B/s, recent marking phase length: 0.00ms
[5.584s][debug][gc,ihop        ] GC(1) Adaptive IHOP information (value update), threshold: 12740198B (47.37), internal target occupancy: 26895974B, occupancy: 3903560B, additional buffer size: 9437184B, predicted old gen allocation rate: 0.00B/s, predicted marking phase length: 0.00ms, prediction active: false
[5.584s][debug][gc,ergo,refine ] GC(1) Concurrent refinement times: Logged Cards Scan time goal: 20.00ms Logged Cards Scan time: 0.08ms HCC time: 0.00ms
[5.584s][debug][gc,ergo,refine ] GC(1) Updated Refinement Zones: green: 2048, yellow: 6144, red: 10240
[5.584s][info ][gc,phases      ] GC(1)   Pre Evacuate Collection Set: 0.1ms
[5.584s][debug][gc,phases      ] GC(1)     Prepare TLABs: 0.0ms
[5.584s][debug][gc,phases      ] GC(1)     Choose Collection Set: 0.0ms
[5.584s][debug][gc,phases      ] GC(1)     Region Register: 0.1ms
[5.584s][debug][gc,phases      ] GC(1)     Prepare Heap Roots: 0.0ms
[5.584s][info ][gc,phases      ] GC(1)   Merge Heap Roots: 0.1ms
[5.584s][debug][gc,phases      ] GC(1)     Prepare Merge Heap Roots: 0.0ms
[5.584s][debug][gc,phases      ] GC(1)     Eager Reclaim (ms):       skipped
[5.584s][debug][gc,phases      ] GC(1)     Remembered Sets (ms):     Min:  0.0, Avg:  0.0, Max:  0.0, Diff:  0.0, Sum:  0.0, Workers: 8
[5.584s][debug][gc,phases      ] GC(1)       Merged Sparse:            Min: 0, Avg:  0.0, Max: 0, Diff: 0, Sum: 0, Workers: 8
[5.584s][debug][gc,phases      ] GC(1)       Merged Fine:              Min: 0, Avg:  0.0, Max: 0, Diff: 0, Sum: 0, Workers: 8
[5.584s][debug][gc,phases      ] GC(1)       Merged Coarse:            Min: 0, Avg:  0.0, Max: 0, Diff: 0, Sum: 0, Workers: 8
[5.584s][debug][gc,phases      ] GC(1)       Dirty Cards:              Min: 0, Avg:  0.0, Max: 0, Diff: 0, Sum: 0, Workers: 8
[5.584s][debug][gc,phases      ] GC(1)     Hot Card Cache (ms):      Min:  0.0, Avg:  0.0, Max:  0.0, Diff:  0.0, Sum:  0.0, Workers: 8
[5.584s][debug][gc,phases      ] GC(1)       Dirty Cards:              Min: 0, Avg:  0.0, Max: 0, Diff: 0, Sum: 0, Workers: 8
[5.584s][debug][gc,phases      ] GC(1)       Skipped Cards:            Min: 0, Avg:  0.0, Max: 0, Diff: 0, Sum: 0, Workers: 8
[5.584s][debug][gc,phases      ] GC(1)     Log Buffers (ms):         Min:  0.0, Avg:  0.0, Max:  0.0, Diff:  0.0, Sum:  0.1, Workers: 8
[5.584s][debug][gc,phases      ] GC(1)       Dirty Cards:              Min: 0, Avg: 58.4, Max: 256, Diff: 256, Sum: 467, Workers: 8
[5.584s][debug][gc,phases      ] GC(1)       Skipped Cards:            Min: 0, Avg:  0.0, Max: 0, Diff: 0, Sum: 0, Workers: 8
[5.584s][info ][gc,phases      ] GC(1)   Evacuate Collection Set: 0.8ms
[5.584s][debug][gc,phases      ] GC(1)     Ext Root Scanning (ms):   Min:  0.0, Avg:  0.2, Max:  0.7, Diff:  0.7, Sum:  1.2, Workers: 8
[5.584s][debug][gc,phases      ] GC(1)     Scan Heap Roots (ms):     Min:  0.0, Avg:  0.1, Max:  0.1, Diff:  0.1, Sum:  0.6, Workers: 8
[5.584s][debug][gc,phases      ] GC(1)       Scanned Cards:            Min: 0, Avg: 58.4, Max: 115, Diff: 115, Sum: 467, Workers: 8
[5.584s][debug][gc,phases      ] GC(1)       Scanned Blocks:           Min: 0, Avg: 37.8, Max: 71, Diff: 71, Sum: 302, Workers: 8
[5.584s][debug][gc,phases      ] GC(1)       Claimed Chunks:           Min: 0, Avg:  2.5, Max: 8, Diff: 8, Sum: 20, Workers: 8
[5.584s][debug][gc,phases      ] GC(1)     Code Root Scan (ms):      Min:  0.0, Avg:  0.0, Max:  0.0, Diff:  0.0, Sum:  0.0, Workers: 8
[5.584s][debug][gc,phases      ] GC(1)     Object Copy (ms):         Min:  0.0, Avg:  0.1, Max:  0.4, Diff:  0.4, Sum:  0.7, Workers: 8
[5.584s][debug][gc,phases      ] GC(1)     Termination (ms):         Min:  0.0, Avg:  0.4, Max:  0.5, Diff:  0.5, Sum:  2.9, Workers: 8
[5.584s][debug][gc,phases      ] GC(1)       Termination Attempts:     Min: 1, Avg:  1.8, Max: 4, Diff: 3, Sum: 14, Workers: 8
[5.584s][debug][gc,phases      ] GC(1)     GC Worker Other (ms):     Min:  0.0, Avg:  0.0, Max:  0.0, Diff:  0.0, Sum:  0.1, Workers: 8
[5.584s][debug][gc,phases      ] GC(1)     GC Worker Total (ms):     Min:  0.5, Avg:  0.7, Max:  0.7, Diff:  0.3, Sum:  5.5, Workers: 8
[5.584s][info ][gc,phases      ] GC(1)   Post Evacuate Collection Set: 0.3ms
[5.584s][debug][gc,phases      ] GC(1)     Code Roots Fixup: 0.0ms
[5.584s][debug][gc,phases      ] GC(1)     Clear Card Table: 0.0ms
[5.584s][debug][gc,phases      ] GC(1)     Reference Processing: 0.1ms
[5.584s][debug][gc,phases,ref  ] GC(1)       Reconsider SoftReferences: 0.0ms
[5.584s][debug][gc,phases,ref  ] GC(1)         SoftRef (ms):             skipped
[5.584s][debug][gc,phases,ref  ] GC(1)       Notify Soft/WeakReferences: 0.0ms
[5.584s][debug][gc,phases,ref  ] GC(1)         SoftRef (ms):             Min:  0.0, Avg:  0.0, Max:  0.0, Diff:  0.0, Sum:  0.0, Workers: 1
[5.584s][debug][gc,phases,ref  ] GC(1)         WeakRef (ms):             Min:  0.0, Avg:  0.0, Max:  0.0, Diff:  0.0, Sum:  0.0, Workers: 1
[5.584s][debug][gc,phases,ref  ] GC(1)         FinalRef (ms):            Min:  0.0, Avg:  0.0, Max:  0.0, Diff:  0.0, Sum:  0.0, Workers: 1
[5.584s][debug][gc,phases,ref  ] GC(1)         Total (ms):               Min:  0.0, Avg:  0.0, Max:  0.0, Diff:  0.0, Sum:  0.0, Workers: 1
[5.584s][debug][gc,phases,ref  ] GC(1)       Notify and keep alive finalizable: 0.1ms
[5.584s][debug][gc,phases,ref  ] GC(1)         FinalRef (ms):            skipped
[5.584s][debug][gc,phases,ref  ] GC(1)       Notify PhantomReferences: 0.0ms
[5.584s][debug][gc,phases,ref  ] GC(1)         PhantomRef (ms):          Min:  0.0, Avg:  0.0, Max:  0.0, Diff:  0.0, Sum:  0.0, Workers: 1
[5.584s][debug][gc,phases,ref  ] GC(1)       SoftReference:
[5.584s][debug][gc,phases,ref  ] GC(1)         Discovered: 0
[5.584s][debug][gc,phases,ref  ] GC(1)         Cleared: 0
[5.584s][debug][gc,phases,ref  ] GC(1)       WeakReference:
[5.584s][debug][gc,phases,ref  ] GC(1)         Discovered: 6
[5.584s][debug][gc,phases,ref  ] GC(1)         Cleared: 1
[5.584s][debug][gc,phases,ref  ] GC(1)       FinalReference:
[5.584s][debug][gc,phases,ref  ] GC(1)         Discovered: 0
[5.584s][debug][gc,phases,ref  ] GC(1)         Cleared: 0
[5.584s][debug][gc,phases,ref  ] GC(1)       PhantomReference:
[5.584s][debug][gc,phases,ref  ] GC(1)         Discovered: 4
[5.584s][debug][gc,phases,ref  ] GC(1)         Cleared: 2
[5.584s][debug][gc,phases      ] GC(1)     Weak Processing: 0.1ms
[5.584s][debug][gc,phases      ] GC(1)       JVMTI weak processing: 0.0ms
[5.584s][debug][gc,phases      ] GC(1)         Dead: 0
[5.584s][debug][gc,phases      ] GC(1)         Total: 0
[5.584s][debug][gc,phases      ] GC(1)       JFR weak processing: 0.0ms
[5.584s][debug][gc,phases      ] GC(1)         Dead: 0
[5.584s][debug][gc,phases      ] GC(1)         Total: 0
[5.584s][debug][gc,phases      ] GC(1)       JNI weak                  Min:  0.0, Avg:  0.0, Max:  0.0, Diff:  0.0, Sum:  0.0, Workers: 5
[5.584s][debug][gc,phases      ] GC(1)         Dead                      Min: 0, Avg:  0.0, Max: 0, Diff: 0, Sum: 0, Workers: 5
[5.584s][debug][gc,phases      ] GC(1)         Total                     Min: 0, Avg: 12.8, Max: 52, Diff: 52, Sum: 64, Workers: 5
[5.584s][debug][gc,phases      ] GC(1)       VM weak                   Min:  0.0, Avg:  0.0, Max:  0.0, Diff:  0.0, Sum:  0.0, Workers: 5
[5.584s][debug][gc,phases      ] GC(1)         Dead                      Min: 0, Avg:  0.0, Max: 0, Diff: 0, Sum: 0, Workers: 5
[5.584s][debug][gc,phases      ] GC(1)         Total                     Min: 0, Avg: 42.4, Max: 84, Diff: 84, Sum: 212, Workers: 5
[5.584s][debug][gc,phases      ] GC(1)       StringTable weak          Min:  0.0, Avg:  0.0, Max:  0.0, Diff:  0.0, Sum:  0.1, Workers: 5
[5.584s][debug][gc,phases      ] GC(1)         Dead                      Min: 0, Avg:  0.2, Max: 1, Diff: 1, Sum: 1, Workers: 5
[5.584s][debug][gc,phases      ] GC(1)         Total                     Min: 0, Avg: 676.0, Max: 884, Diff: 884, Sum: 3380, Workers: 5
[5.584s][debug][gc,phases      ] GC(1)       ResolvedMethodTable weak  Min:  0.0, Avg:  0.0, Max:  0.0, Diff:  0.0, Sum:  0.0, Workers: 5
[5.584s][debug][gc,phases      ] GC(1)         Dead                      Min: 0, Avg:  0.0, Max: 0, Diff: 0, Sum: 0, Workers: 5
[5.584s][debug][gc,phases      ] GC(1)         Total                     Min: 0, Avg: 114.6, Max: 189, Diff: 189, Sum: 573, Workers: 5
[5.584s][debug][gc,phases      ] GC(1)     Merge Per-Thread State: 0.0ms
[5.584s][debug][gc,phases      ] GC(1)       Copied Bytes              Min: 312, Avg: 64431.0, Max: 401504, Diff: 401192, Sum: 515448, Workers: 8
[5.584s][debug][gc,phases      ] GC(1)       LAB Waste                 Min: 0, Avg: 12.0, Max: 32, Diff: 32, Sum: 96, Workers: 8
[5.584s][debug][gc,phases      ] GC(1)       LAB Undo Waste            Min: 0, Avg:  0.0, Max: 0, Diff: 0, Sum: 0, Workers: 8
[5.584s][debug][gc,phases      ] GC(1)     Code Roots Purge: 0.0ms
[5.584s][debug][gc,phases      ] GC(1)     Redirty Cards: 0.0ms
[5.584s][debug][gc,phases      ] GC(1)     DerivedPointerTable Update: 0.0ms
[5.584s][debug][gc,phases      ] GC(1)     Free Collection Set: 0.0ms
[5.584s][debug][gc,phases      ] GC(1)     Rebuild Free List: 0.1ms
[5.584s][debug][gc,phases      ] GC(1)     Humongous Reclaim: 0.0ms
[5.584s][debug][gc,phases      ] GC(1)     Start New Collection Set: 0.0ms
[5.584s][debug][gc,phases      ] GC(1)     Resize TLABs: 0.0ms
[5.584s][debug][gc,phases      ] GC(1)     Expand Heap After Collection: 0.0ms
[5.584s][info ][gc,phases      ] GC(1)   Other: 0.4ms
[5.584s][info ][gc,heap        ] GC(1) Eden regions: 8->0(8)
[5.584s][info ][gc,heap        ] GC(1) Survivor regions: 0->1(1)
[5.584s][info ][gc,heap        ] GC(1) Old regions: 6->6
[5.584s][info ][gc,heap        ] GC(1) Archive regions: 2->2
[5.584s][info ][gc,heap        ] GC(1) Humongous regions: 0->0
[5.584s][info ][gc,metaspace   ] GC(1) Metaspace: 9804K(10368K)->9804K(10368K) NonClass: 8658K(8960K)->8658K(8960K) Class: 1145K(1408K)->1145K(1408K)
[5.584s][debug][gc,heap        ] GC(1) Heap after GC invocations=2 (full 1): garbage-first heap   total 27648K, used 3812K [0x0000000700000000, 0x0000000800000000)
[5.584s][debug][gc,heap        ] GC(1)   region size 1024K, 1 young (1024K), 1 survivors (1024K)
[5.584s][debug][gc,heap        ] GC(1)  Metaspace       used 9804K, capacity 10111K, committed 10368K, reserved 1058816K
[5.584s][debug][gc,heap        ] GC(1)   class space    used 1145K, capacity 1266K, committed 1408K, reserved 1048576K
[5.584s][info ][gc             ] GC(1) Pause Young (Normal) (G1 Evacuation Pause) 11M->3M(27M) 2.469ms
[5.584s][info ][gc,cpu         ] GC(1) User=0.01s Sys=0.00s Real=0.00s
[5.585s][info ][safepoint      ] Safepoint "G1CollectForAllocation", Time since last: 25562729 ns, Reaching safepoint: 131139 ns, At safepoint: 2728997 ns, Total: 2860136 ns
[5.600s][debug][gc,heap        ] GC(2) Heap before GC invocations=2 (full 1): garbage-first heap   total 27648K, used 10980K [0x0000000700000000, 0x0000000800000000)
[5.600s][debug][gc,heap        ] GC(2)   region size 1024K, 9 young (9216K), 1 survivors (1024K)
[5.600s][debug][gc,heap        ] GC(2)  Metaspace       used 9806K, capacity 10111K, committed 10368K, reserved 1058816K
[5.600s][debug][gc,heap        ] GC(2)   class space    used 1145K, capacity 1266K, committed 1408K, reserved 1048576K
[5.600s][info ][gc,start       ] GC(2) Pause Young (Normal) (G1 Evacuation Pause)
[5.600s][info ][gc,task        ] GC(2) Using 8 workers of 8 for evacuation
[5.600s][debug][gc,tlab        ] GC(2) TLAB totals: thrds: 12  refills: 281 max: 42 slow allocs: 0 max 0 waste:  8.4% gc: 545064B max: 167768B slow: 158624B max: 24032B fast: 0B max: 0B
[5.600s][debug][gc,age         ] GC(2) Desired survivor size 1048576 bytes, new threshold 15 (max threshold 15)
[5.600s][debug][gc,alloc,region] GC(2) Mutator Allocation stats, regions: 8, wasted size: 0B ( 0.0%)
[5.600s][debug][gc,ergo        ] GC(2) Running G1 Merge Heap Roots using 8 workers for 9 regions
[5.600s][debug][gc,remset      ] GC(2) Visited cards 4096 Total dirty 12288 (33.33%) Total old 53248 (7.69%)
[5.601s][debug][gc,ergo        ] GC(2) Running G1 Clear Card Table Task using 1 workers for 1 units of work for 15 regions.
[5.601s][debug][gc,ref         ] GC(2) Skipped phase1 of Reference Processing due to unavailable references
[5.601s][debug][gc,ref         ] GC(2) Skipped phase3 of Reference Processing due to unavailable references
[5.601s][debug][gc,ergo        ] GC(2) Running G1 Free Collection Set using 8 workers for collection set length 9 (27)
[5.601s][debug][gc,ergo        ] GC(2) Running G1 Rebuild Free List Task using 8 workers for rebuilding free list of 0 (4096) regions
[5.601s][trace][gc,age         ] GC(2) Age table with threshold 15 (max threshold 15)
[5.601s][trace][gc,age         ] GC(2) - age   1:       1592 bytes,       1592 total
[5.601s][trace][gc,age         ] GC(2) - age   2:     512776 bytes,     514368 total
[5.601s][debug][gc,plab        ] GC(2) Young PLAB allocation: allocated: 30960B, wasted: 232B, unused: 10984B, used: 19744B, undo waste: 368B, 
[5.601s][debug][gc,plab        ] GC(2) Young other allocation: region end waste: 0B, regions filled: 1, direct allocated: 494992B, failure used: 0B, failure wasted: 0B
[5.601s][debug][gc,plab        ] GC(2) Young sizing: calculated: 3944B, actual: 4088B
[5.601s][debug][gc,plab        ] GC(2) Old PLAB allocation: allocated: 0B, wasted: 0B, unused: 0B, used: 0B, undo waste: 0B, 
[5.601s][debug][gc,plab        ] GC(2) Old other allocation: region end waste: 0B, regions filled: 0, direct allocated: 0B, failure used: 0B, failure wasted: 0B
[5.601s][debug][gc,plab        ] GC(2) Old sizing: calculated: 0B, actual: 2064B
[5.601s][debug][gc,ihop        ] GC(2) Basic information (value update), threshold: 12740198B (45.00), target occupancy: 28311552B, current occupancy: 3891672B, recent allocation size: 0B, recent allocation duration: 16.71ms, recent old gen allocation rate: 0.00B/s, recent marking phase length: 0.00ms
[5.601s][debug][gc,ihop        ] GC(2) Adaptive IHOP information (value update), threshold: 12740198B (47.37), internal target occupancy: 26895974B, occupancy: 3891672B, additional buffer size: 10485760B, predicted old gen allocation rate: 0.00B/s, predicted marking phase length: 0.00ms, prediction active: false
[5.601s][debug][gc,ergo,refine ] GC(2) Concurrent refinement times: Logged Cards Scan time goal: 20.00ms Logged Cards Scan time: 0.02ms HCC time: 0.00ms
[5.601s][debug][gc,ergo,refine ] GC(2) Updated Refinement Zones: green: 2048, yellow: 6144, red: 10240
[5.601s][info ][gc,phases      ] GC(2)   Pre Evacuate Collection Set: 0.1ms
[5.601s][debug][gc,phases      ] GC(2)     Prepare TLABs: 0.0ms
[5.601s][debug][gc,phases      ] GC(2)     Choose Collection Set: 0.0ms
[5.601s][debug][gc,phases      ] GC(2)     Region Register: 0.0ms
[5.601s][debug][gc,phases      ] GC(2)     Prepare Heap Roots: 0.0ms
[5.601s][info ][gc,phases      ] GC(2)   Merge Heap Roots: 0.1ms
[5.601s][debug][gc,phases      ] GC(2)     Prepare Merge Heap Roots: 0.0ms
[5.601s][debug][gc,phases      ] GC(2)     Eager Reclaim (ms):       skipped
[5.601s][debug][gc,phases      ] GC(2)     Remembered Sets (ms):     Min:  0.0, Avg:  0.0, Max:  0.0, Diff:  0.0, Sum:  0.0, Workers: 8
[5.601s][debug][gc,phases      ] GC(2)       Merged Sparse:            Min: 0, Avg:  0.0, Max: 0, Diff: 0, Sum: 0, Workers: 8
[5.601s][debug][gc,phases      ] GC(2)       Merged Fine:              Min: 0, Avg:  0.0, Max: 0, Diff: 0, Sum: 0, Workers: 8
[5.601s][debug][gc,phases      ] GC(2)       Merged Coarse:            Min: 0, Avg:  0.0, Max: 0, Diff: 0, Sum: 0, Workers: 8
[5.601s][debug][gc,phases      ] GC(2)       Dirty Cards:              Min: 0, Avg:  0.0, Max: 0, Diff: 0, Sum: 0, Workers: 8
[5.601s][debug][gc,phases      ] GC(2)     Hot Card Cache (ms):      Min:  0.0, Avg:  0.0, Max:  0.0, Diff:  0.0, Sum:  0.0, Workers: 8
[5.601s][debug][gc,phases      ] GC(2)       Dirty Cards:              Min: 0, Avg:  0.0, Max: 0, Diff: 0, Sum: 0, Workers: 8
[5.601s][debug][gc,phases      ] GC(2)       Skipped Cards:            Min: 0, Avg:  0.0, Max: 0, Diff: 0, Sum: 0, Workers: 8
[5.601s][debug][gc,phases      ] GC(2)     Log Buffers (ms):         Min:  0.0, Avg:  0.0, Max:  0.0, Diff:  0.0, Sum:  0.0, Workers: 8
[5.601s][debug][gc,phases      ] GC(2)       Dirty Cards:              Min: 0, Avg:  8.6, Max: 26, Diff: 26, Sum: 69, Workers: 8
[5.601s][debug][gc,phases      ] GC(2)       Skipped Cards:            Min: 0, Avg:  0.0, Max: 0, Diff: 0, Sum: 0, Workers: 8
[5.601s][info ][gc,phases      ] GC(2)   Evacuate Collection Set: 0.5ms
[5.601s][debug][gc,phases      ] GC(2)     Ext Root Scanning (ms):   Min:  0.0, Avg:  0.1, Max:  0.1, Diff:  0.1, Sum:  0.5, Workers: 8
[5.601s][debug][gc,phases      ] GC(2)     Scan Heap Roots (ms):     Min:  0.0, Avg:  0.0, Max:  0.0, Diff:  0.0, Sum:  0.1, Workers: 8
[5.601s][debug][gc,phases      ] GC(2)       Scanned Cards:            Min: 0, Avg:  7.9, Max: 18, Diff: 18, Sum: 63, Workers: 8
[5.601s][debug][gc,phases      ] GC(2)       Scanned Blocks:           Min: 0, Avg:  6.6, Max: 15, Diff: 15, Sum: 53, Workers: 8
[5.601s][debug][gc,phases      ] GC(2)       Claimed Chunks:           Min: 0, Avg:  2.0, Max: 6, Diff: 6, Sum: 16, Workers: 8
[5.602s][debug][gc,phases      ] GC(2)     Code Root Scan (ms):      Min:  0.0, Avg:  0.0, Max:  0.0, Diff:  0.0, Sum:  0.0, Workers: 8
[5.602s][debug][gc,phases      ] GC(2)     Object Copy (ms):         Min:  0.0, Avg:  0.1, Max:  0.3, Diff:  0.3, Sum:  0.6, Workers: 8
[5.602s][debug][gc,phases      ] GC(2)     Termination (ms):         Min:  0.0, Avg:  0.3, Max:  0.4, Diff:  0.4, Sum:  2.1, Workers: 8
[5.602s][debug][gc,phases      ] GC(2)       Termination Attempts:     Min: 1, Avg:  1.0, Max: 1, Diff: 0, Sum: 8, Workers: 8
[5.602s][debug][gc,phases      ] GC(2)     GC Worker Other (ms):     Min:  0.0, Avg:  0.0, Max:  0.0, Diff:  0.0, Sum:  0.1, Workers: 8
[5.602s][debug][gc,phases      ] GC(2)     GC Worker Total (ms):     Min:  0.4, Avg:  0.4, Max:  0.5, Diff:  0.1, Sum:  3.3, Workers: 8
[5.602s][info ][gc,phases      ] GC(2)   Post Evacuate Collection Set: 0.2ms
[5.602s][debug][gc,phases      ] GC(2)     Code Roots Fixup: 0.0ms
[5.602s][debug][gc,phases      ] GC(2)     Clear Card Table: 0.0ms
[5.602s][debug][gc,phases      ] GC(2)     Reference Processing: 0.0ms
[5.602s][debug][gc,phases,ref  ] GC(2)       Reconsider SoftReferences: 0.0ms
[5.602s][debug][gc,phases,ref  ] GC(2)         SoftRef (ms):             skipped
[5.602s][debug][gc,phases,ref  ] GC(2)       Notify Soft/WeakReferences: 0.0ms
[5.602s][debug][gc,phases,ref  ] GC(2)         SoftRef (ms):             Min:  0.0, Avg:  0.0, Max:  0.0, Diff:  0.0, Sum:  0.0, Workers: 1
[5.602s][debug][gc,phases,ref  ] GC(2)         WeakRef (ms):             Min:  0.0, Avg:  0.0, Max:  0.0, Diff:  0.0, Sum:  0.0, Workers: 1
[5.602s][debug][gc,phases,ref  ] GC(2)         FinalRef (ms):            Min:  0.0, Avg:  0.0, Max:  0.0, Diff:  0.0, Sum:  0.0, Workers: 1
[5.602s][debug][gc,phases,ref  ] GC(2)         Total (ms):               Min:  0.0, Avg:  0.0, Max:  0.0, Diff:  0.0, Sum:  0.0, Workers: 1
[5.602s][debug][gc,phases,ref  ] GC(2)       Notify and keep alive finalizable: 0.0ms
[5.602s][debug][gc,phases,ref  ] GC(2)         FinalRef (ms):            skipped
[5.602s][debug][gc,phases,ref  ] GC(2)       Notify PhantomReferences: 0.0ms
[5.602s][debug][gc,phases,ref  ] GC(2)         PhantomRef (ms):          Min:  0.0, Avg:  0.0, Max:  0.0, Diff:  0.0, Sum:  0.0, Workers: 1
[5.602s][debug][gc,phases,ref  ] GC(2)       SoftReference:
[5.602s][debug][gc,phases,ref  ] GC(2)         Discovered: 0
[5.602s][debug][gc,phases,ref  ] GC(2)         Cleared: 0
[5.602s][debug][gc,phases,ref  ] GC(2)       WeakReference:
[5.602s][debug][gc,phases,ref  ] GC(2)         Discovered: 2
[5.602s][debug][gc,phases,ref  ] GC(2)         Cleared: 1
[5.602s][debug][gc,phases,ref  ] GC(2)       FinalReference:
[5.602s][debug][gc,phases,ref  ] GC(2)         Discovered: 0
[5.602s][debug][gc,phases,ref  ] GC(2)         Cleared: 0
[5.602s][debug][gc,phases,ref  ] GC(2)       PhantomReference:
[5.602s][debug][gc,phases,ref  ] GC(2)         Discovered: 1
[5.602s][debug][gc,phases,ref  ] GC(2)         Cleared: 1
[5.602s][debug][gc,phases      ] GC(2)     Weak Processing: 0.0ms
[5.602s][debug][gc,phases      ] GC(2)       JVMTI weak processing: 0.0ms
[5.602s][debug][gc,phases      ] GC(2)         Dead: 0
[5.602s][debug][gc,phases      ] GC(2)         Total: 0
[5.602s][debug][gc,phases      ] GC(2)       JFR weak processing: 0.0ms
[5.602s][debug][gc,phases      ] GC(2)         Dead: 0
[5.602s][debug][gc,phases      ] GC(2)         Total: 0
[5.602s][debug][gc,phases      ] GC(2)       JNI weak                  Min:  0.0, Avg:  0.0, Max:  0.0, Diff:  0.0, Sum:  0.0, Workers: 5
[5.602s][debug][gc,phases      ] GC(2)         Dead                      Min: 0, Avg:  0.0, Max: 0, Diff: 0, Sum: 0, Workers: 5
[5.602s][debug][gc,phases      ] GC(2)         Total                     Min: 0, Avg: 12.8, Max: 52, Diff: 52, Sum: 64, Workers: 5
[5.602s][debug][gc,phases      ] GC(2)       VM weak                   Min:  0.0, Avg:  0.0, Max:  0.0, Diff:  0.0, Sum:  0.0, Workers: 5
[5.602s][debug][gc,phases      ] GC(2)         Dead                      Min: 0, Avg:  0.0, Max: 0, Diff: 0, Sum: 0, Workers: 5
[5.602s][debug][gc,phases      ] GC(2)         Total                     Min: 0, Avg: 42.4, Max: 64, Diff: 64, Sum: 212, Workers: 5
[5.602s][debug][gc,phases      ] GC(2)       StringTable weak          Min:  0.0, Avg:  0.0, Max:  0.0, Diff:  0.0, Sum:  0.0, Workers: 5
[5.602s][debug][gc,phases      ] GC(2)         Dead                      Min: 0, Avg:  0.0, Max: 0, Diff: 0, Sum: 0, Workers: 5
[5.602s][debug][gc,phases      ] GC(2)         Total                     Min: 631, Avg: 676.4, Max: 767, Diff: 136, Sum: 3382, Workers: 5
[5.602s][debug][gc,phases      ] GC(2)       ResolvedMethodTable weak  Min:  0.0, Avg:  0.0, Max:  0.0, Diff:  0.0, Sum:  0.0, Workers: 5
[5.602s][debug][gc,phases      ] GC(2)         Dead                      Min: 0, Avg:  0.0, Max: 0, Diff: 0, Sum: 0, Workers: 5
[5.602s][debug][gc,phases      ] GC(2)         Total                     Min: 64, Avg: 114.6, Max: 128, Diff: 64, Sum: 573, Workers: 5
[5.602s][debug][gc,phases      ] GC(2)     Merge Per-Thread State: 0.0ms
[5.602s][debug][gc,phases      ] GC(2)       Copied Bytes              Min: 176, Avg: 64296.0, Max: 401440, Diff: 401264, Sum: 514368, Workers: 8
[5.602s][debug][gc,phases      ] GC(2)       LAB Waste                 Min: 0, Avg: 29.0, Max: 72, Diff: 72, Sum: 232, Workers: 8
[5.602s][debug][gc,phases      ] GC(2)       LAB Undo Waste            Min: 0, Avg: 46.0, Max: 368, Diff: 368, Sum: 368, Workers: 8
[5.602s][debug][gc,phases      ] GC(2)     Code Roots Purge: 0.0ms
[5.602s][debug][gc,phases      ] GC(2)     Redirty Cards: 0.0ms
[5.602s][debug][gc,phases      ] GC(2)     DerivedPointerTable Update: 0.0ms
[5.602s][debug][gc,phases      ] GC(2)     Free Collection Set: 0.0ms
[5.602s][debug][gc,phases      ] GC(2)     Rebuild Free List: 0.0ms
[5.602s][debug][gc,phases      ] GC(2)     Humongous Reclaim: 0.0ms
[5.602s][debug][gc,phases      ] GC(2)     Start New Collection Set: 0.0ms
[5.602s][debug][gc,phases      ] GC(2)     Resize TLABs: 0.0ms
[5.602s][debug][gc,phases      ] GC(2)     Expand Heap After Collection: 0.0ms
[5.602s][info ][gc,phases      ] GC(2)   Other: 0.3ms
[5.602s][info ][gc,heap        ] GC(2) Eden regions: 8->0(9)
[5.602s][info ][gc,heap        ] GC(2) Survivor regions: 1->1(2)
[5.602s][info ][gc,heap        ] GC(2) Old regions: 6->6
[5.602s][info ][gc,heap        ] GC(2) Archive regions: 2->2
[5.602s][info ][gc,heap        ] GC(2) Humongous regions: 0->0
[5.602s][info ][gc,metaspace   ] GC(2) Metaspace: 9806K(10368K)->9806K(10368K) NonClass: 8661K(8960K)->8661K(8960K) Class: 1145K(1408K)->1145K(1408K)
[5.602s][debug][gc,heap        ] GC(2) Heap after GC invocations=3 (full 1): garbage-first heap   total 27648K, used 3800K [0x0000000700000000, 0x0000000800000000)
[5.602s][debug][gc,heap        ] GC(2)   region size 1024K, 1 young (1024K), 1 survivors (1024K)
[5.602s][debug][gc,heap        ] GC(2)  Metaspace       used 9806K, capacity 10111K, committed 10368K, reserved 1058816K
[5.602s][debug][gc,heap        ] GC(2)   class space    used 1145K, capacity 1266K, committed 1408K, reserved 1048576K
[5.602s][info ][gc             ] GC(2) Pause Young (Normal) (G1 Evacuation Pause) 11M->3M(27M) 1.816ms
[5.602s][info ][gc,cpu         ] GC(2) User=0.00s Sys=0.00s Real=0.00s
[5.602s][info ][safepoint      ] Safepoint "G1CollectForAllocation", Time since last: 15397845 ns, Reaching safepoint: 148177 ns, At safepoint: 2020350 ns, Total: 2168527 ns
[5.619s][debug][gc,heap        ] GC(3) Heap before GC invocations=3 (full 1): garbage-first heap   total 27648K, used 13016K [0x0000000700000000, 0x0000000800000000)
[5.619s][debug][gc,heap        ] GC(3)   region size 1024K, 10 young (10240K), 1 survivors (1024K)
[5.619s][debug][gc,heap        ] GC(3)  Metaspace       used 9813K, capacity 10111K, committed 10368K, reserved 1058816K
[5.619s][debug][gc,heap        ] GC(3)   class space    used 1145K, capacity 1266K, committed 1408K, reserved 1048576K
[5.619s][info ][gc,start       ] GC(3) Pause Young (Normal) (G1 Evacuation Pause)
[5.619s][info ][gc,task        ] GC(3) Using 8 workers of 8 for evacuation
[5.619s][debug][gc,tlab        ] GC(3) TLAB totals: thrds: 8  refills: 335 max: 48 slow allocs: 0 max 0 waste:  2.5% gc: 38856B max: 12728B slow: 192688B max: 28048B fast: 0B max: 0B
[5.619s][debug][gc,age         ] GC(3) Desired survivor size 1048576 bytes, new threshold 15 (max threshold 15)
[5.619s][debug][gc,alloc,region] GC(3) Mutator Allocation stats, regions: 9, wasted size: 352B ( 0.0%)
[5.620s][debug][gc,ergo        ] GC(3) Running G1 Merge Heap Roots using 8 workers for 10 regions
[5.620s][debug][gc,remset      ] GC(3) Visited cards 3840 Total dirty 10240 (37.50%) Total old 57344 (6.70%)
[5.620s][debug][gc,ergo        ] GC(3) Running G1 Clear Card Table Task using 1 workers for 1 units of work for 15 regions.
[5.620s][debug][gc,ref         ] GC(3) Skipped phase1 of Reference Processing due to unavailable references
[5.620s][debug][gc,ref         ] GC(3) Skipped phase3 of Reference Processing due to unavailable references
[5.620s][debug][gc,ergo        ] GC(3) Running G1 Free Collection Set using 8 workers for collection set length 10 (27)
[5.620s][debug][gc,ergo        ] GC(3) Running G1 Rebuild Free List Task using 8 workers for rebuilding free list of 0 (4096) regions
[5.620s][trace][gc,age         ] GC(3) Age table with threshold 15 (max threshold 15)
[5.620s][trace][gc,age         ] GC(3) - age   1:       1256 bytes,       1256 total
[5.620s][trace][gc,age         ] GC(3) - age   2:        640 bytes,       1896 total
[5.620s][trace][gc,age         ] GC(3) - age   3:     512776 bytes,     514672 total
[5.620s][debug][gc,plab        ] GC(3) Young PLAB allocation: allocated: 24768B, wasted: 88B, unused: 5000B, used: 19680B, undo waste: 0B, 
[5.620s][debug][gc,plab        ] GC(3) Young other allocation: region end waste: 0B, regions filled: 1, direct allocated: 494992B, failure used: 0B, failure wasted: 0B
[5.620s][debug][gc,plab        ] GC(3) Young sizing: calculated: 3936B, actual: 3968B
[5.620s][debug][gc,plab        ] GC(3) Old PLAB allocation: allocated: 0B, wasted: 0B, unused: 0B, used: 0B, undo waste: 0B, 
[5.620s][debug][gc,plab        ] GC(3) Old other allocation: region end waste: 0B, regions filled: 0, direct allocated: 0B, failure used: 0B, failure wasted: 0B
[5.620s][debug][gc,plab        ] GC(3) Old sizing: calculated: 0B, actual: 2064B
[5.620s][debug][gc,ihop        ] GC(3) Basic information (value update), threshold: 12740198B (45.00), target occupancy: 28311552B, current occupancy: 3885480B, recent allocation size: 0B, recent allocation duration: 18.20ms, recent old gen allocation rate: 0.00B/s, recent marking phase length: 0.00ms
[5.620s][debug][gc,ihop        ] GC(3) Adaptive IHOP information (value update), threshold: 12740198B (47.37), internal target occupancy: 26895974B, occupancy: 3885480B, additional buffer size: 14680064B, predicted old gen allocation rate: 0.00B/s, predicted marking phase length: 0.00ms, prediction active: false
[5.620s][debug][gc,ergo,refine ] GC(3) Concurrent refinement times: Logged Cards Scan time goal: 20.00ms Logged Cards Scan time: 0.01ms HCC time: 0.00ms
[5.620s][debug][gc,ergo,refine ] GC(3) Updated Refinement Zones: green: 2048, yellow: 6144, red: 10240
[5.621s][info ][gc,phases      ] GC(3)   Pre Evacuate Collection Set: 0.1ms
[5.621s][debug][gc,phases      ] GC(3)     Prepare TLABs: 0.0ms
[5.621s][debug][gc,phases      ] GC(3)     Choose Collection Set: 0.0ms
[5.621s][debug][gc,phases      ] GC(3)     Region Register: 0.1ms
[5.621s][debug][gc,phases      ] GC(3)     Prepare Heap Roots: 0.0ms
[5.621s][info ][gc,phases      ] GC(3)   Merge Heap Roots: 0.1ms
[5.621s][debug][gc,phases      ] GC(3)     Prepare Merge Heap Roots: 0.0ms
[5.621s][debug][gc,phases      ] GC(3)     Eager Reclaim (ms):       skipped
[5.621s][debug][gc,phases      ] GC(3)     Remembered Sets (ms):     Min:  0.0, Avg:  0.0, Max:  0.0, Diff:  0.0, Sum:  0.0, Workers: 8
[5.621s][debug][gc,phases      ] GC(3)       Merged Sparse:            Min: 0, Avg:  0.0, Max: 0, Diff: 0, Sum: 0, Workers: 8
[5.621s][debug][gc,phases      ] GC(3)       Merged Fine:              Min: 0, Avg:  0.0, Max: 0, Diff: 0, Sum: 0, Workers: 8
[5.621s][debug][gc,phases      ] GC(3)       Merged Coarse:            Min: 0, Avg:  0.0, Max: 0, Diff: 0, Sum: 0, Workers: 8
[5.621s][debug][gc,phases      ] GC(3)       Dirty Cards:              Min: 0, Avg:  0.0, Max: 0, Diff: 0, Sum: 0, Workers: 8
[5.621s][debug][gc,phases      ] GC(3)     Hot Card Cache (ms):      Min:  0.0, Avg:  0.0, Max:  0.0, Diff:  0.0, Sum:  0.0, Workers: 8
[5.621s][debug][gc,phases      ] GC(3)       Dirty Cards:              Min: 0, Avg:  0.0, Max: 0, Diff: 0, Sum: 0, Workers: 8
[5.621s][debug][gc,phases      ] GC(3)       Skipped Cards:            Min: 0, Avg:  0.0, Max: 0, Diff: 0, Sum: 0, Workers: 8
[5.621s][debug][gc,phases      ] GC(3)     Log Buffers (ms):         Min:  0.0, Avg:  0.0, Max:  0.0, Diff:  0.0, Sum:  0.0, Workers: 8
[5.621s][debug][gc,phases      ] GC(3)       Dirty Cards:              Min: 0, Avg:  6.2, Max: 19, Diff: 19, Sum: 50, Workers: 8
[5.621s][debug][gc,phases      ] GC(3)       Skipped Cards:            Min: 0, Avg:  0.0, Max: 0, Diff: 0, Sum: 0, Workers: 8
[5.621s][info ][gc,phases      ] GC(3)   Evacuate Collection Set: 0.5ms
[5.621s][debug][gc,phases      ] GC(3)     Ext Root Scanning (ms):   Min:  0.0, Avg:  0.1, Max:  0.1, Diff:  0.1, Sum:  0.5, Workers: 8
[5.621s][debug][gc,phases      ] GC(3)     Scan Heap Roots (ms):     Min:  0.0, Avg:  0.0, Max:  0.0, Diff:  0.0, Sum:  0.1, Workers: 8
[5.621s][debug][gc,phases      ] GC(3)       Scanned Cards:            Min: 0, Avg:  6.0, Max: 13, Diff: 13, Sum: 48, Workers: 8
[5.621s][debug][gc,phases      ] GC(3)       Scanned Blocks:           Min: 0, Avg:  5.1, Max: 9, Diff: 9, Sum: 41, Workers: 8
[5.621s][debug][gc,phases      ] GC(3)       Claimed Chunks:           Min: 0, Avg:  1.9, Max: 3, Diff: 3, Sum: 15, Workers: 8
[5.621s][debug][gc,phases      ] GC(3)     Code Root Scan (ms):      Min:  0.0, Avg:  0.0, Max:  0.0, Diff:  0.0, Sum:  0.0, Workers: 8
[5.621s][debug][gc,phases      ] GC(3)     Object Copy (ms):         Min:  0.0, Avg:  0.1, Max:  0.3, Diff:  0.3, Sum:  0.6, Workers: 8
[5.621s][debug][gc,phases      ] GC(3)     Termination (ms):         Min:  0.0, Avg:  0.2, Max:  0.4, Diff:  0.4, Sum:  1.7, Workers: 8
[5.621s][debug][gc,phases      ] GC(3)       Termination Attempts:     Min: 1, Avg:  1.0, Max: 1, Diff: 0, Sum: 8, Workers: 8
[5.621s][debug][gc,phases      ] GC(3)     GC Worker Other (ms):     Min:  0.0, Avg:  0.0, Max:  0.0, Diff:  0.0, Sum:  0.1, Workers: 8
[5.621s][debug][gc,phases      ] GC(3)     GC Worker Total (ms):     Min:  0.3, Avg:  0.4, Max:  0.5, Diff:  0.2, Sum:  3.0, Workers: 8
[5.621s][info ][gc,phases      ] GC(3)   Post Evacuate Collection Set: 0.2ms
[5.621s][debug][gc,phases      ] GC(3)     Code Roots Fixup: 0.0ms
[5.621s][debug][gc,phases      ] GC(3)     Clear Card Table: 0.0ms
[5.621s][debug][gc,phases      ] GC(3)     Reference Processing: 0.0ms
[5.621s][debug][gc,phases,ref  ] GC(3)       Reconsider SoftReferences: 0.0ms
[5.621s][debug][gc,phases,ref  ] GC(3)         SoftRef (ms):             skipped
[5.621s][debug][gc,phases,ref  ] GC(3)       Notify Soft/WeakReferences: 0.0ms
[5.621s][debug][gc,phases,ref  ] GC(3)         SoftRef (ms):             Min:  0.0, Avg:  0.0, Max:  0.0, Diff:  0.0, Sum:  0.0, Workers: 1
[5.621s][debug][gc,phases,ref  ] GC(3)         WeakRef (ms):             Min:  0.0, Avg:  0.0, Max:  0.0, Diff:  0.0, Sum:  0.0, Workers: 1
[5.621s][debug][gc,phases,ref  ] GC(3)         FinalRef (ms):            Min:  0.0, Avg:  0.0, Max:  0.0, Diff:  0.0, Sum:  0.0, Workers: 1
[5.621s][debug][gc,phases,ref  ] GC(3)         Total (ms):               Min:  0.0, Avg:  0.0, Max:  0.0, Diff:  0.0, Sum:  0.0, Workers: 1
[5.621s][debug][gc,phases,ref  ] GC(3)       Notify and keep alive finalizable: 0.0ms
[5.621s][debug][gc,phases,ref  ] GC(3)         FinalRef (ms):            skipped
[5.621s][debug][gc,phases,ref  ] GC(3)       Notify PhantomReferences: 0.0ms
[5.621s][debug][gc,phases,ref  ] GC(3)         PhantomRef (ms):          Min:  0.0, Avg:  0.0, Max:  0.0, Diff:  0.0, Sum:  0.0, Workers: 1
[5.621s][debug][gc,phases,ref  ] GC(3)       SoftReference:
[5.621s][debug][gc,phases,ref  ] GC(3)         Discovered: 0
[5.621s][debug][gc,phases,ref  ] GC(3)         Cleared: 0
[5.621s][debug][gc,phases,ref  ] GC(3)       WeakReference:
[5.621s][debug][gc,phases,ref  ] GC(3)         Discovered: 1
[5.621s][debug][gc,phases,ref  ] GC(3)         Cleared: 1
[5.621s][debug][gc,phases,ref  ] GC(3)       FinalReference:
[5.621s][debug][gc,phases,ref  ] GC(3)         Discovered: 0
[5.621s][debug][gc,phases,ref  ] GC(3)         Cleared: 0
[5.621s][debug][gc,phases,ref  ] GC(3)       PhantomReference:
[5.621s][debug][gc,phases,ref  ] GC(3)         Discovered: 2
[5.621s][debug][gc,phases,ref  ] GC(3)         Cleared: 2
[5.621s][debug][gc,phases      ] GC(3)     Weak Processing: 0.0ms
[5.621s][debug][gc,phases      ] GC(3)       JVMTI weak processing: 0.0ms
[5.621s][debug][gc,phases      ] GC(3)         Dead: 0
[5.621s][debug][gc,phases      ] GC(3)         Total: 0
[5.621s][debug][gc,phases      ] GC(3)       JFR weak processing: 0.0ms
[5.621s][debug][gc,phases      ] GC(3)         Dead: 0
[5.621s][debug][gc,phases      ] GC(3)         Total: 0
[5.621s][debug][gc,phases      ] GC(3)       JNI weak                  Min:  0.0, Avg:  0.0, Max:  0.0, Diff:  0.0, Sum:  0.0, Workers: 5
[5.621s][debug][gc,phases      ] GC(3)         Dead                      Min: 0, Avg:  0.0, Max: 0, Diff: 0, Sum: 0, Workers: 5
[5.621s][debug][gc,phases      ] GC(3)         Total                     Min: 0, Avg: 13.4, Max: 52, Diff: 52, Sum: 67, Workers: 5
[5.621s][debug][gc,phases      ] GC(3)       VM weak                   Min:  0.0, Avg:  0.0, Max:  0.0, Diff:  0.0, Sum:  0.0, Workers: 5
[5.621s][debug][gc,phases      ] GC(3)         Dead                      Min: 0, Avg:  0.0, Max: 0, Diff: 0, Sum: 0, Workers: 5
[5.621s][debug][gc,phases      ] GC(3)         Total                     Min: 0, Avg: 42.4, Max: 84, Diff: 84, Sum: 212, Workers: 5
[5.621s][debug][gc,phases      ] GC(3)       StringTable weak          Min:  0.0, Avg:  0.0, Max:  0.0, Diff:  0.0, Sum:  0.0, Workers: 5
[5.621s][debug][gc,phases      ] GC(3)         Dead                      Min: 0, Avg:  0.0, Max: 0, Diff: 0, Sum: 0, Workers: 5
[5.621s][debug][gc,phases      ] GC(3)         Total                     Min: 320, Avg: 676.4, Max: 768, Diff: 448, Sum: 3382, Workers: 5
[5.621s][debug][gc,phases      ] GC(3)       ResolvedMethodTable weak  Min:  0.0, Avg:  0.0, Max:  0.0, Diff:  0.0, Sum:  0.0, Workers: 5
[5.621s][debug][gc,phases      ] GC(3)         Dead                      Min: 0, Avg:  0.0, Max: 0, Diff: 0, Sum: 0, Workers: 5
[5.621s][debug][gc,phases      ] GC(3)         Total                     Min: 64, Avg: 114.6, Max: 189, Diff: 125, Sum: 573, Workers: 5
[5.621s][debug][gc,phases      ] GC(3)     Merge Per-Thread State: 0.0ms
[5.621s][debug][gc,phases      ] GC(3)       Copied Bytes              Min: 496, Avg: 64334.0, Max: 402120, Diff: 401624, Sum: 514672, Workers: 8
[5.621s][debug][gc,phases      ] GC(3)       LAB Waste                 Min: 0, Avg: 11.0, Max: 32, Diff: 32, Sum: 88, Workers: 8
[5.621s][debug][gc,phases      ] GC(3)       LAB Undo Waste            Min: 0, Avg:  0.0, Max: 0, Diff: 0, Sum: 0, Workers: 8
[5.621s][debug][gc,phases      ] GC(3)     Code Roots Purge: 0.0ms
[5.621s][debug][gc,phases      ] GC(3)     Redirty Cards: 0.0ms
[5.621s][debug][gc,phases      ] GC(3)     DerivedPointerTable Update: 0.0ms
[5.621s][debug][gc,phases      ] GC(3)     Free Collection Set: 0.1ms
[5.621s][debug][gc,phases      ] GC(3)     Rebuild Free List: 0.0ms
[5.621s][debug][gc,phases      ] GC(3)     Humongous Reclaim: 0.0ms
[5.621s][debug][gc,phases      ] GC(3)     Start New Collection Set: 0.0ms
[5.621s][debug][gc,phases      ] GC(3)     Resize TLABs: 0.0ms
[5.621s][debug][gc,phases      ] GC(3)     Expand Heap After Collection: 0.0ms
[5.621s][info ][gc,phases      ] GC(3)   Other: 0.3ms
[5.621s][info ][gc,heap        ] GC(3) Eden regions: 9->0(13)
[5.621s][info ][gc,heap        ] GC(3) Survivor regions: 1->1(2)
[5.621s][info ][gc,heap        ] GC(3) Old regions: 6->6
[5.621s][info ][gc,heap        ] GC(3) Archive regions: 2->2
[5.621s][info ][gc,heap        ] GC(3) Humongous regions: 0->0
[5.621s][info ][gc,metaspace   ] GC(3) Metaspace: 9813K(10368K)->9813K(10368K) NonClass: 8667K(8960K)->8667K(8960K) Class: 1145K(1408K)->1145K(1408K)
[5.621s][debug][gc,heap        ] GC(3) Heap after GC invocations=4 (full 1): garbage-first heap   total 27648K, used 3794K [0x0000000700000000, 0x0000000800000000)
[5.621s][debug][gc,heap        ] GC(3)   region size 1024K, 1 young (1024K), 1 survivors (1024K)
[5.621s][debug][gc,heap        ] GC(3)  Metaspace       used 9813K, capacity 10111K, committed 10368K, reserved 1058816K
[5.621s][debug][gc,heap        ] GC(3)   class space    used 1145K, capacity 1266K, committed 1408K, reserved 1048576K
[5.621s][info ][gc             ] GC(3) Pause Young (Normal) (G1 Evacuation Pause) 12M->3M(27M) 1.726ms
[5.621s][info ][gc,cpu         ] GC(3) User=0.01s Sys=0.00s Real=0.00s
[5.621s][info ][safepoint      ] Safepoint "G1CollectForAllocation", Time since last: 17086605 ns, Reaching safepoint: 134655 ns, At safepoint: 1900787 ns, Total: 2035442 ns
[5.648s][debug][gc,heap        ] GC(4) Heap before GC invocations=4 (full 1): garbage-first heap   total 27648K, used 17106K [0x0000000700000000, 0x0000000800000000)
[5.648s][debug][gc,heap        ] GC(4)   region size 1024K, 14 young (14336K), 1 survivors (1024K)
[5.648s][debug][gc,heap        ] GC(4)  Metaspace       used 9813K, capacity 10111K, committed 10368K, reserved 1058816K
[5.648s][debug][gc,heap        ] GC(4)   class space    used 1145K, capacity 1266K, committed 1408K, reserved 1048576K
[5.648s][info ][gc,start       ] GC(4) Pause Young (Normal) (G1 Evacuation Pause)
[5.648s][info ][gc,task        ] GC(4) Using 8 workers of 8 for evacuation
[5.648s][debug][gc,tlab        ] GC(4) TLAB totals: thrds: 8  refills: 373 max: 59 slow allocs: 0 max 0 waste:  2.6% gc: 140488B max: 36392B slow: 214168B max: 33824B fast: 0B max: 0B
[5.648s][debug][gc,age         ] GC(4) Desired survivor size 1048576 bytes, new threshold 15 (max threshold 15)
[5.648s][debug][gc,alloc,region] GC(4) Mutator Allocation stats, regions: 13, wasted size: 1152B ( 0.0%)
[5.648s][debug][gc,ergo        ] GC(4) Running G1 Merge Heap Roots using 8 workers for 14 regions
[5.648s][debug][gc,remset      ] GC(4) Visited cards 3840 Total dirty 10240 (37.50%) Total old 73728 (5.21%)
[5.648s][debug][gc,ergo        ] GC(4) Running G1 Clear Card Table Task using 1 workers for 1 units of work for 19 regions.
[5.648s][debug][gc,ref         ] GC(4) Skipped phase1 of Reference Processing due to unavailable references
[5.648s][debug][gc,ref         ] GC(4) Skipped phase3 of Reference Processing due to unavailable references
[5.649s][debug][gc,ergo        ] GC(4) Running G1 Free Collection Set using 8 workers for collection set length 14 (27)
[5.649s][debug][gc,ergo        ] GC(4) Running G1 Rebuild Free List Task using 8 workers for rebuilding free list of 0 (4096) regions
[5.649s][trace][gc,age         ] GC(4) Age table with threshold 15 (max threshold 15)
[5.649s][trace][gc,age         ] GC(4) - age   1:       1072 bytes,       1072 total
[5.649s][trace][gc,age         ] GC(4) - age   3:        640 bytes,       1712 total
[5.649s][trace][gc,age         ] GC(4) - age   4:     512776 bytes,     514488 total
[5.649s][debug][gc,plab        ] GC(4) Young PLAB allocation: allocated: 28896B, wasted: 184B, unused: 9216B, used: 19496B, undo waste: 0B, 
[5.649s][debug][gc,plab        ] GC(4) Young other allocation: region end waste: 0B, regions filled: 1, direct allocated: 494992B, failure used: 0B, failure wasted: 0B
[5.649s][debug][gc,plab        ] GC(4) Young sizing: calculated: 3896B, actual: 3912B
[5.649s][debug][gc,plab        ] GC(4) Old PLAB allocation: allocated: 0B, wasted: 0B, unused: 0B, used: 0B, undo waste: 0B, 
[5.649s][debug][gc,plab        ] GC(4) Old other allocation: region end waste: 0B, regions filled: 0, direct allocated: 0B, failure used: 0B, failure wasted: 0B
[5.649s][debug][gc,plab        ] GC(4) Old sizing: calculated: 0B, actual: 2064B
[5.649s][debug][gc,ihop        ] GC(4) Basic information (value update), threshold: 12740198B (45.00), target occupancy: 28311552B, current occupancy: 3889608B, recent allocation size: 0B, recent allocation duration: 27.15ms, recent old gen allocation rate: 0.00B/s, recent marking phase length: 0.00ms
[5.649s][debug][gc,ihop        ] GC(4) Adaptive IHOP information (value update), threshold: 12740198B (47.37), internal target occupancy: 26895974B, occupancy: 3889608B, additional buffer size: 15728640B, predicted old gen allocation rate: 0.00B/s, predicted marking phase length: 0.00ms, prediction active: false
[5.649s][debug][gc,ergo,refine ] GC(4) Concurrent refinement times: Logged Cards Scan time goal: 20.00ms Logged Cards Scan time: 0.01ms HCC time: 0.00ms
[5.649s][debug][gc,ergo,refine ] GC(4) Updated Refinement Zones: green: 2048, yellow: 6144, red: 10240
[5.649s][info ][gc,phases      ] GC(4)   Pre Evacuate Collection Set: 0.1ms
[5.649s][debug][gc,phases      ] GC(4)     Prepare TLABs: 0.0ms
[5.649s][debug][gc,phases      ] GC(4)     Choose Collection Set: 0.0ms
[5.649s][debug][gc,phases      ] GC(4)     Region Register: 0.1ms
[5.649s][debug][gc,phases      ] GC(4)     Prepare Heap Roots: 0.0ms
[5.649s][info ][gc,phases      ] GC(4)   Merge Heap Roots: 0.1ms
[5.649s][debug][gc,phases      ] GC(4)     Prepare Merge Heap Roots: 0.0ms
[5.649s][debug][gc,phases      ] GC(4)     Eager Reclaim (ms):       skipped
[5.649s][debug][gc,phases      ] GC(4)     Remembered Sets (ms):     Min:  0.0, Avg:  0.0, Max:  0.0, Diff:  0.0, Sum:  0.0, Workers: 8
[5.649s][debug][gc,phases      ] GC(4)       Merged Sparse:            Min: 0, Avg:  0.0, Max: 0, Diff: 0, Sum: 0, Workers: 8
[5.649s][debug][gc,phases      ] GC(4)       Merged Fine:              Min: 0, Avg:  0.0, Max: 0, Diff: 0, Sum: 0, Workers: 8
[5.649s][debug][gc,phases      ] GC(4)       Merged Coarse:            Min: 0, Avg:  0.0, Max: 0, Diff: 0, Sum: 0, Workers: 8
[5.649s][debug][gc,phases      ] GC(4)       Dirty Cards:              Min: 0, Avg:  0.0, Max: 0, Diff: 0, Sum: 0, Workers: 8
[5.649s][debug][gc,phases      ] GC(4)     Hot Card Cache (ms):      Min:  0.0, Avg:  0.0, Max:  0.0, Diff:  0.0, Sum:  0.0, Workers: 8
[5.649s][debug][gc,phases      ] GC(4)       Dirty Cards:              Min: 0, Avg:  0.0, Max: 0, Diff: 0, Sum: 0, Workers: 8
[5.649s][debug][gc,phases      ] GC(4)       Skipped Cards:            Min: 0, Avg:  0.0, Max: 0, Diff: 0, Sum: 0, Workers: 8
[5.649s][debug][gc,phases      ] GC(4)     Log Buffers (ms):         Min:  0.0, Avg:  0.0, Max:  0.0, Diff:  0.0, Sum:  0.0, Workers: 8
[5.649s][debug][gc,phases      ] GC(4)       Dirty Cards:              Min: 0, Avg:  6.1, Max: 23, Diff: 23, Sum: 49, Workers: 8
[5.649s][debug][gc,phases      ] GC(4)       Skipped Cards:            Min: 0, Avg:  0.0, Max: 0, Diff: 0, Sum: 0, Workers: 8
[5.649s][info ][gc,phases      ] GC(4)   Evacuate Collection Set: 0.5ms
[5.649s][debug][gc,phases      ] GC(4)     Ext Root Scanning (ms):   Min:  0.0, Avg:  0.1, Max:  0.1, Diff:  0.1, Sum:  0.5, Workers: 8
[5.649s][debug][gc,phases      ] GC(4)     Scan Heap Roots (ms):     Min:  0.0, Avg:  0.0, Max:  0.0, Diff:  0.0, Sum:  0.1, Workers: 8
[5.649s][debug][gc,phases      ] GC(4)       Scanned Cards:            Min: 0, Avg:  6.0, Max: 13, Diff: 13, Sum: 48, Workers: 8
[5.649s][debug][gc,phases      ] GC(4)       Scanned Blocks:           Min: 0, Avg:  5.1, Max: 9, Diff: 9, Sum: 41, Workers: 8
[5.649s][debug][gc,phases      ] GC(4)       Claimed Chunks:           Min: 0, Avg:  1.9, Max: 3, Diff: 3, Sum: 15, Workers: 8
[5.649s][debug][gc,phases      ] GC(4)     Code Root Scan (ms):      Min:  0.0, Avg:  0.0, Max:  0.0, Diff:  0.0, Sum:  0.0, Workers: 8
[5.649s][debug][gc,phases      ] GC(4)     Object Copy (ms):         Min:  0.0, Avg:  0.1, Max:  0.3, Diff:  0.3, Sum:  0.5, Workers: 8
[5.649s][debug][gc,phases      ] GC(4)     Termination (ms):         Min:  0.0, Avg:  0.2, Max:  0.4, Diff:  0.4, Sum:  1.8, Workers: 8
[5.649s][debug][gc,phases      ] GC(4)       Termination Attempts:     Min: 1, Avg:  1.0, Max: 1, Diff: 0, Sum: 8, Workers: 8
[5.649s][debug][gc,phases      ] GC(4)     GC Worker Other (ms):     Min:  0.0, Avg:  0.0, Max:  0.0, Diff:  0.0, Sum:  0.1, Workers: 8
[5.649s][debug][gc,phases      ] GC(4)     GC Worker Total (ms):     Min:  0.3, Avg:  0.4, Max:  0.5, Diff:  0.1, Sum:  3.0, Workers: 8
[5.649s][info ][gc,phases      ] GC(4)   Post Evacuate Collection Set: 0.4ms
[5.649s][debug][gc,phases      ] GC(4)     Code Roots Fixup: 0.0ms
[5.649s][debug][gc,phases      ] GC(4)     Clear Card Table: 0.1ms
[5.649s][debug][gc,phases      ] GC(4)     Reference Processing: 0.0ms
[5.649s][debug][gc,phases,ref  ] GC(4)       Reconsider SoftReferences: 0.0ms
[5.649s][debug][gc,phases,ref  ] GC(4)         SoftRef (ms):             skipped
[5.649s][debug][gc,phases,ref  ] GC(4)       Notify Soft/WeakReferences: 0.0ms
[5.649s][debug][gc,phases,ref  ] GC(4)         SoftRef (ms):             Min:  0.0, Avg:  0.0, Max:  0.0, Diff:  0.0, Sum:  0.0, Workers: 1
[5.649s][debug][gc,phases,ref  ] GC(4)         WeakRef (ms):             Min:  0.0, Avg:  0.0, Max:  0.0, Diff:  0.0, Sum:  0.0, Workers: 1
[5.649s][debug][gc,phases,ref  ] GC(4)         FinalRef (ms):            Min:  0.0, Avg:  0.0, Max:  0.0, Diff:  0.0, Sum:  0.0, Workers: 1
[5.649s][debug][gc,phases,ref  ] GC(4)         Total (ms):               Min:  0.0, Avg:  0.0, Max:  0.0, Diff:  0.0, Sum:  0.0, Workers: 1
[5.649s][debug][gc,phases,ref  ] GC(4)       Notify and keep alive finalizable: 0.0ms
[5.649s][debug][gc,phases,ref  ] GC(4)         FinalRef (ms):            skipped
[5.649s][debug][gc,phases,ref  ] GC(4)       Notify PhantomReferences: 0.0ms
[5.649s][debug][gc,phases,ref  ] GC(4)         PhantomRef (ms):          Min:  0.0, Avg:  0.0, Max:  0.0, Diff:  0.0, Sum:  0.0, Workers: 1
[5.649s][debug][gc,phases,ref  ] GC(4)       SoftReference:
[5.649s][debug][gc,phases,ref  ] GC(4)         Discovered: 0
[5.649s][debug][gc,phases,ref  ] GC(4)         Cleared: 0
[5.649s][debug][gc,phases,ref  ] GC(4)       WeakReference:
[5.649s][debug][gc,phases,ref  ] GC(4)         Discovered: 1
[5.649s][debug][gc,phases,ref  ] GC(4)         Cleared: 1
[5.649s][debug][gc,phases,ref  ] GC(4)       FinalReference:
[5.649s][debug][gc,phases,ref  ] GC(4)         Discovered: 0
[5.649s][debug][gc,phases,ref  ] GC(4)         Cleared: 0
[5.649s][debug][gc,phases,ref  ] GC(4)       PhantomReference:
[5.649s][debug][gc,phases,ref  ] GC(4)         Discovered: 1
[5.649s][debug][gc,phases,ref  ] GC(4)         Cleared: 1
[5.649s][debug][gc,phases      ] GC(4)     Weak Processing: 0.0ms
[5.649s][debug][gc,phases      ] GC(4)       JVMTI weak processing: 0.0ms
[5.649s][debug][gc,phases      ] GC(4)         Dead: 0
[5.649s][debug][gc,phases      ] GC(4)         Total: 0
[5.649s][debug][gc,phases      ] GC(4)       JFR weak processing: 0.0ms
[5.649s][debug][gc,phases      ] GC(4)         Dead: 0
[5.649s][debug][gc,phases      ] GC(4)         Total: 0
[5.649s][debug][gc,phases      ] GC(4)       JNI weak                  Min:  0.0, Avg:  0.0, Max:  0.0, Diff:  0.0, Sum:  0.0, Workers: 5
[5.649s][debug][gc,phases      ] GC(4)         Dead                      Min: 0, Avg:  0.0, Max: 0, Diff: 0, Sum: 0, Workers: 5
[5.649s][debug][gc,phases      ] GC(4)         Total                     Min: 0, Avg: 13.4, Max: 52, Diff: 52, Sum: 67, Workers: 5
[5.649s][debug][gc,phases      ] GC(4)       VM weak                   Min:  0.0, Avg:  0.0, Max:  0.0, Diff:  0.0, Sum:  0.0, Workers: 5
[5.649s][debug][gc,phases      ] GC(4)         Dead                      Min: 0, Avg:  0.0, Max: 0, Diff: 0, Sum: 0, Workers: 5
[5.649s][debug][gc,phases      ] GC(4)         Total                     Min: 0, Avg: 42.4, Max: 64, Diff: 64, Sum: 212, Workers: 5
[5.649s][debug][gc,phases      ] GC(4)       StringTable weak          Min:  0.0, Avg:  0.0, Max:  0.0, Diff:  0.0, Sum:  0.0, Workers: 5
[5.649s][debug][gc,phases      ] GC(4)         Dead                      Min: 0, Avg:  0.0, Max: 0, Diff: 0, Sum: 0, Workers: 5
[5.649s][debug][gc,phases      ] GC(4)         Total                     Min: 631, Avg: 676.4, Max: 767, Diff: 136, Sum: 3382, Workers: 5
[5.649s][debug][gc,phases      ] GC(4)       ResolvedMethodTable weak  Min:  0.0, Avg:  0.0, Max:  0.0, Diff:  0.0, Sum:  0.0, Workers: 5
[5.649s][debug][gc,phases      ] GC(4)         Dead                      Min: 0, Avg:  0.0, Max: 0, Diff: 0, Sum: 0, Workers: 5
[5.649s][debug][gc,phases      ] GC(4)         Total                     Min: 64, Avg: 114.6, Max: 128, Diff: 64, Sum: 573, Workers: 5
[5.649s][debug][gc,phases      ] GC(4)     Merge Per-Thread State: 0.0ms
[5.649s][debug][gc,phases      ] GC(4)       Copied Bytes              Min: 1512, Avg: 64311.0, Max: 404024, Diff: 402512, Sum: 514488, Workers: 8
[5.649s][debug][gc,phases      ] GC(4)       LAB Waste                 Min: 0, Avg: 23.0, Max: 56, Diff: 56, Sum: 184, Workers: 8
[5.649s][debug][gc,phases      ] GC(4)       LAB Undo Waste            Min: 0, Avg:  0.0, Max: 0, Diff: 0, Sum: 0, Workers: 8
[5.649s][debug][gc,phases      ] GC(4)     Code Roots Purge: 0.0ms
[5.649s][debug][gc,phases      ] GC(4)     Redirty Cards: 0.0ms
[5.649s][debug][gc,phases      ] GC(4)     DerivedPointerTable Update: 0.0ms
[5.649s][debug][gc,phases      ] GC(4)     Free Collection Set: 0.1ms
[5.649s][debug][gc,phases      ] GC(4)     Rebuild Free List: 0.0ms
[5.649s][debug][gc,phases      ] GC(4)     Humongous Reclaim: 0.0ms
[5.649s][debug][gc,phases      ] GC(4)     Start New Collection Set: 0.0ms
[5.649s][debug][gc,phases      ] GC(4)     Resize TLABs: 0.0ms
[5.649s][debug][gc,phases      ] GC(4)     Expand Heap After Collection: 0.0ms
[5.649s][info ][gc,phases      ] GC(4)   Other: 0.3ms
[5.649s][info ][gc,heap        ] GC(4) Eden regions: 13->0(14)
[5.649s][info ][gc,heap        ] GC(4) Survivor regions: 1->1(2)
[5.649s][info ][gc,heap        ] GC(4) Old regions: 6->6
[5.649s][info ][gc,heap        ] GC(4) Archive regions: 2->2
[5.649s][info ][gc,heap        ] GC(4) Humongous regions: 0->0
[5.649s][info ][gc,metaspace   ] GC(4) Metaspace: 9813K(10368K)->9813K(10368K) NonClass: 8667K(8960K)->8667K(8960K) Class: 1145K(1408K)->1145K(1408K)
[5.649s][debug][gc,heap        ] GC(4) Heap after GC invocations=5 (full 1): garbage-first heap   total 27648K, used 3798K [0x0000000700000000, 0x0000000800000000)
[5.649s][debug][gc,heap        ] GC(4)   region size 1024K, 1 young (1024K), 1 survivors (1024K)
[5.649s][debug][gc,heap        ] GC(4)  Metaspace       used 9813K, capacity 10111K, committed 10368K, reserved 1058816K
[5.649s][debug][gc,heap        ] GC(4)   class space    used 1145K, capacity 1266K, committed 1408K, reserved 1048576K
[5.649s][info ][gc             ] GC(4) Pause Young (Normal) (G1 Evacuation Pause) 16M->3M(27M) 1.907ms
[5.649s][info ][gc,cpu         ] GC(4) User=0.01s Sys=0.01s Real=0.01s
[5.650s][info ][safepoint      ] Safepoint "G1CollectForAllocation", Time since last: 26093783 ns, Reaching safepoint: 156695 ns, At safepoint: 2050221 ns, Total: 2206916 ns
[5.685s][debug][gc,heap        ] GC(5) Heap before GC invocations=5 (full 1): garbage-first heap   total 27648K, used 18134K [0x0000000700000000, 0x0000000800000000)
[5.685s][debug][gc,heap        ] GC(5)   region size 1024K, 15 young (15360K), 1 survivors (1024K)
[5.685s][debug][gc,heap        ] GC(5)  Metaspace       used 9813K, capacity 10111K, committed 10368K, reserved 1058816K
[5.685s][debug][gc,heap        ] GC(5)   class space    used 1145K, capacity 1266K, committed 1408K, reserved 1048576K
[5.685s][info ][gc,start       ] GC(5) Pause Young (Normal) (G1 Evacuation Pause)
[5.685s][info ][gc,task        ] GC(5) Using 8 workers of 8 for evacuation
[5.685s][debug][gc,tlab        ] GC(5) TLAB totals: thrds: 8  refills: 392 max: 58 slow allocs: 0 max 0 waste:  2.0% gc: 74856B max: 22872B slow: 224912B max: 33256B fast: 0B max: 0B
[5.685s][debug][gc,age         ] GC(5) Desired survivor size 1048576 bytes, new threshold 15 (max threshold 15)
[5.685s][debug][gc,alloc,region] GC(5) Mutator Allocation stats, regions: 14, wasted size: 0B ( 0.0%)
[5.685s][debug][gc,ergo        ] GC(5) Running G1 Merge Heap Roots using 8 workers for 15 regions
[5.685s][debug][gc,remset      ] GC(5) Visited cards 3840 Total dirty 10240 (37.50%) Total old 77824 (4.93%)
[5.686s][debug][gc,ergo        ] GC(5) Running G1 Clear Card Table Task using 1 workers for 1 units of work for 20 regions.
[5.686s][debug][gc,ref         ] GC(5) Skipped phase1 of Reference Processing due to unavailable references
[5.686s][debug][gc,ref         ] GC(5) Skipped phase2 of Reference Processing due to unavailable references
[5.686s][debug][gc,ref         ] GC(5) Skipped phase3 of Reference Processing due to unavailable references
[5.686s][debug][gc,ref         ] GC(5) Skipped phase4 of Reference Processing due to unavailable references
[5.686s][debug][gc,ergo        ] GC(5) Running G1 Free Collection Set using 8 workers for collection set length 15 (27)
[5.686s][debug][gc,ergo        ] GC(5) Running G1 Rebuild Free List Task using 8 workers for rebuilding free list of 0 (4096) regions
[5.686s][trace][gc,age         ] GC(5) Age table with threshold 15 (max threshold 15)
[5.686s][trace][gc,age         ] GC(5) - age   1:       1264 bytes,       1264 total
[5.686s][trace][gc,age         ] GC(5) - age   4:        640 bytes,       1904 total
[5.686s][trace][gc,age         ] GC(5) - age   5:     512776 bytes,     514680 total
[5.686s][debug][gc,plab        ] GC(5) Young PLAB allocation: allocated: 30960B, wasted: 248B, unused: 11024B, used: 19688B, undo waste: 0B, 
[5.686s][debug][gc,plab        ] GC(5) Young other allocation: region end waste: 0B, regions filled: 1, direct allocated: 494992B, failure used: 0B, failure wasted: 0B
[5.686s][debug][gc,plab        ] GC(5) Young sizing: calculated: 3936B, actual: 3928B
[5.686s][debug][gc,plab        ] GC(5) Old PLAB allocation: allocated: 0B, wasted: 0B, unused: 0B, used: 0B, undo waste: 0B, 
[5.686s][debug][gc,plab        ] GC(5) Old other allocation: region end waste: 0B, regions filled: 0, direct allocated: 0B, failure used: 0B, failure wasted: 0B
[5.686s][debug][gc,plab        ] GC(5) Old sizing: calculated: 0B, actual: 2064B
[5.686s][debug][gc,ihop        ] GC(5) Basic information (value update), threshold: 12740198B (45.00), target occupancy: 28311552B, current occupancy: 3891672B, recent allocation size: 0B, recent allocation duration: 36.04ms, recent old gen allocation rate: 0.00B/s, recent marking phase length: 0.00ms
[5.686s][debug][gc,ihop        ] GC(5) Adaptive IHOP information (value update), threshold: 12740198B (47.37), internal target occupancy: 26895974B, occupancy: 3891672B, additional buffer size: 15728640B, predicted old gen allocation rate: 0.00B/s, predicted marking phase length: 0.00ms, prediction active: false
[5.686s][debug][gc,ergo,refine ] GC(5) Concurrent refinement times: Logged Cards Scan time goal: 20.00ms Logged Cards Scan time: 0.01ms HCC time: 0.00ms
[5.686s][debug][gc,ergo,refine ] GC(5) Updated Refinement Zones: green: 2048, yellow: 6144, red: 10240
[5.686s][info ][gc,phases      ] GC(5)   Pre Evacuate Collection Set: 0.1ms
[5.686s][debug][gc,phases      ] GC(5)     Prepare TLABs: 0.0ms
[5.686s][debug][gc,phases      ] GC(5)     Choose Collection Set: 0.0ms
[5.686s][debug][gc,phases      ] GC(5)     Region Register: 0.0ms
[5.686s][debug][gc,phases      ] GC(5)     Prepare Heap Roots: 0.0ms
[5.686s][info ][gc,phases      ] GC(5)   Merge Heap Roots: 0.1ms
[5.686s][debug][gc,phases      ] GC(5)     Prepare Merge Heap Roots: 0.0ms
[5.686s][debug][gc,phases      ] GC(5)     Eager Reclaim (ms):       skipped
[5.686s][debug][gc,phases      ] GC(5)     Remembered Sets (ms):     Min:  0.0, Avg:  0.0, Max:  0.0, Diff:  0.0, Sum:  0.0, Workers: 8
[5.686s][debug][gc,phases      ] GC(5)       Merged Sparse:            Min: 0, Avg:  0.0, Max: 0, Diff: 0, Sum: 0, Workers: 8
[5.686s][debug][gc,phases      ] GC(5)       Merged Fine:              Min: 0, Avg:  0.0, Max: 0, Diff: 0, Sum: 0, Workers: 8
[5.686s][debug][gc,phases      ] GC(5)       Merged Coarse:            Min: 0, Avg:  0.0, Max: 0, Diff: 0, Sum: 0, Workers: 8
[5.686s][debug][gc,phases      ] GC(5)       Dirty Cards:              Min: 0, Avg:  0.0, Max: 0, Diff: 0, Sum: 0, Workers: 8
[5.686s][debug][gc,phases      ] GC(5)     Hot Card Cache (ms):      Min:  0.0, Avg:  0.0, Max:  0.0, Diff:  0.0, Sum:  0.0, Workers: 8
[5.686s][debug][gc,phases      ] GC(5)       Dirty Cards:              Min: 0, Avg:  0.0, Max: 0, Diff: 0, Sum: 0, Workers: 8
[5.686s][debug][gc,phases      ] GC(5)       Skipped Cards:            Min: 0, Avg:  0.0, Max: 0, Diff: 0, Sum: 0, Workers: 8
[5.686s][debug][gc,phases      ] GC(5)     Log Buffers (ms):         Min:  0.0, Avg:  0.0, Max:  0.0, Diff:  0.0, Sum:  0.0, Workers: 8
[5.686s][debug][gc,phases      ] GC(5)       Dirty Cards:              Min: 0, Avg:  6.5, Max: 17, Diff: 17, Sum: 52, Workers: 8
[5.686s][debug][gc,phases      ] GC(5)       Skipped Cards:            Min: 0, Avg:  0.0, Max: 0, Diff: 0, Sum: 0, Workers: 8
[5.686s][info ][gc,phases      ] GC(5)   Evacuate Collection Set: 0.5ms
[5.686s][debug][gc,phases      ] GC(5)     Ext Root Scanning (ms):   Min:  0.0, Avg:  0.1, Max:  0.1, Diff:  0.1, Sum:  0.4, Workers: 8
[5.686s][debug][gc,phases      ] GC(5)     Scan Heap Roots (ms):     Min:  0.0, Avg:  0.0, Max:  0.0, Diff:  0.0, Sum:  0.1, Workers: 8
[5.686s][debug][gc,phases      ] GC(5)       Scanned Cards:            Min: 0, Avg:  6.0, Max: 12, Diff: 12, Sum: 48, Workers: 8
[5.686s][debug][gc,phases      ] GC(5)       Scanned Blocks:           Min: 0, Avg:  5.1, Max: 12, Diff: 12, Sum: 41, Workers: 8
[5.686s][debug][gc,phases      ] GC(5)       Claimed Chunks:           Min: 0, Avg:  1.9, Max: 4, Diff: 4, Sum: 15, Workers: 8
[5.686s][debug][gc,phases      ] GC(5)     Code Root Scan (ms):      Min:  0.0, Avg:  0.0, Max:  0.0, Diff:  0.0, Sum:  0.0, Workers: 8
[5.686s][debug][gc,phases      ] GC(5)     Object Copy (ms):         Min:  0.0, Avg:  0.1, Max:  0.3, Diff:  0.3, Sum:  0.5, Workers: 8
[5.686s][debug][gc,phases      ] GC(5)     Termination (ms):         Min:  0.0, Avg:  0.2, Max:  0.4, Diff:  0.4, Sum:  1.9, Workers: 8
[5.686s][debug][gc,phases      ] GC(5)       Termination Attempts:     Min: 1, Avg:  1.0, Max: 1, Diff: 0, Sum: 8, Workers: 8
[5.686s][debug][gc,phases      ] GC(5)     GC Worker Other (ms):     Min:  0.0, Avg:  0.0, Max:  0.0, Diff:  0.0, Sum:  0.1, Workers: 8
[5.686s][debug][gc,phases      ] GC(5)     GC Worker Total (ms):     Min:  0.3, Avg:  0.4, Max:  0.5, Diff:  0.2, Sum:  3.0, Workers: 8
[5.686s][info ][gc,phases      ] GC(5)   Post Evacuate Collection Set: 0.3ms
[5.686s][debug][gc,phases      ] GC(5)     Code Roots Fixup: 0.0ms
[5.686s][debug][gc,phases      ] GC(5)     Clear Card Table: 0.1ms
[5.686s][debug][gc,phases      ] GC(5)     Reference Processing: 0.1ms
[5.686s][debug][gc,phases,ref  ] GC(5)       Reconsider SoftReferences: 0.0ms
[5.686s][debug][gc,phases,ref  ] GC(5)         SoftRef (ms):             skipped
[5.686s][debug][gc,phases,ref  ] GC(5)       Notify Soft/WeakReferences: 0.0ms
[5.686s][debug][gc,phases,ref  ] GC(5)         SoftRef (ms):             skipped
[5.686s][debug][gc,phases,ref  ] GC(5)         WeakRef (ms):             skipped
[5.686s][debug][gc,phases,ref  ] GC(5)         FinalRef (ms):            skipped
[5.686s][debug][gc,phases,ref  ] GC(5)         Total (ms):               skipped
[5.686s][debug][gc,phases,ref  ] GC(5)       Notify and keep alive finalizable: 0.0ms
[5.686s][debug][gc,phases,ref  ] GC(5)         FinalRef (ms):            skipped
[5.686s][debug][gc,phases,ref  ] GC(5)       Notify PhantomReferences: 0.0ms
[5.686s][debug][gc,phases,ref  ] GC(5)         PhantomRef (ms):          skipped
[5.686s][debug][gc,phases,ref  ] GC(5)       SoftReference:
[5.686s][debug][gc,phases,ref  ] GC(5)         Discovered: 0
[5.686s][debug][gc,phases,ref  ] GC(5)         Cleared: 0
[5.686s][debug][gc,phases,ref  ] GC(5)       WeakReference:
[5.686s][debug][gc,phases,ref  ] GC(5)         Discovered: 0
[5.686s][debug][gc,phases,ref  ] GC(5)         Cleared: 0
[5.686s][debug][gc,phases,ref  ] GC(5)       FinalReference:
[5.686s][debug][gc,phases,ref  ] GC(5)         Discovered: 0
[5.686s][debug][gc,phases,ref  ] GC(5)         Cleared: 0
[5.686s][debug][gc,phases,ref  ] GC(5)       PhantomReference:
[5.686s][debug][gc,phases,ref  ] GC(5)         Discovered: 0
[5.686s][debug][gc,phases,ref  ] GC(5)         Cleared: 0
[5.686s][debug][gc,phases      ] GC(5)     Weak Processing: 0.1ms
[5.686s][debug][gc,phases      ] GC(5)       JVMTI weak processing: 0.0ms
[5.686s][debug][gc,phases      ] GC(5)         Dead: 0
[5.686s][debug][gc,phases      ] GC(5)         Total: 0
[5.686s][debug][gc,phases      ] GC(5)       JFR weak processing: 0.0ms
[5.686s][debug][gc,phases      ] GC(5)         Dead: 0
[5.686s][debug][gc,phases      ] GC(5)         Total: 0
[5.686s][debug][gc,phases      ] GC(5)       JNI weak                  Min:  0.0, Avg:  0.0, Max:  0.0, Diff:  0.0, Sum:  0.0, Workers: 5
[5.686s][debug][gc,phases      ] GC(5)         Dead                      Min: 0, Avg:  0.0, Max: 0, Diff: 0, Sum: 0, Workers: 5
[5.686s][debug][gc,phases      ] GC(5)         Total                     Min: 0, Avg: 13.4, Max: 52, Diff: 52, Sum: 67, Workers: 5
[5.686s][debug][gc,phases      ] GC(5)       VM weak                   Min:  0.0, Avg:  0.0, Max:  0.0, Diff:  0.0, Sum:  0.0, Workers: 5
[5.686s][debug][gc,phases      ] GC(5)         Dead                      Min: 0, Avg:  0.0, Max: 0, Diff: 0, Sum: 0, Workers: 5
[5.686s][debug][gc,phases      ] GC(5)         Total                     Min: 0, Avg: 42.4, Max: 64, Diff: 64, Sum: 212, Workers: 5
[5.686s][debug][gc,phases      ] GC(5)       StringTable weak          Min:  0.0, Avg:  0.0, Max:  0.1, Diff:  0.0, Sum:  0.2, Workers: 5
[5.686s][debug][gc,phases      ] GC(5)         Dead                      Min: 0, Avg:  0.0, Max: 0, Diff: 0, Sum: 0, Workers: 5
[5.686s][debug][gc,phases      ] GC(5)         Total                     Min: 639, Avg: 676.4, Max: 704, Diff: 65, Sum: 3382, Workers: 5
[5.686s][debug][gc,phases      ] GC(5)       ResolvedMethodTable weak  Min:  0.0, Avg:  0.0, Max:  0.0, Diff:  0.0, Sum:  0.0, Workers: 5
[5.686s][debug][gc,phases      ] GC(5)         Dead                      Min: 0, Avg:  0.0, Max: 0, Diff: 0, Sum: 0, Workers: 5
[5.687s][debug][gc,phases      ] GC(5)         Total                     Min: 0, Avg: 114.6, Max: 192, Diff: 192, Sum: 573, Workers: 5
[5.687s][debug][gc,phases      ] GC(5)     Merge Per-Thread State: 0.0ms
[5.687s][debug][gc,phases      ] GC(5)       Copied Bytes              Min: 1576, Avg: 64335.0, Max: 401416, Diff: 399840, Sum: 514680, Workers: 8
[5.687s][debug][gc,phases      ] GC(5)       LAB Waste                 Min: 0, Avg: 31.0, Max: 96, Diff: 96, Sum: 248, Workers: 8
[5.687s][debug][gc,phases      ] GC(5)       LAB Undo Waste            Min: 0, Avg:  0.0, Max: 0, Diff: 0, Sum: 0, Workers: 8
[5.687s][debug][gc,phases      ] GC(5)     Code Roots Purge: 0.0ms
[5.687s][debug][gc,phases      ] GC(5)     Redirty Cards: 0.0ms
[5.687s][debug][gc,phases      ] GC(5)     DerivedPointerTable Update: 0.0ms
[5.687s][debug][gc,phases      ] GC(5)     Free Collection Set: 0.0ms
[5.687s][debug][gc,phases      ] GC(5)     Rebuild Free List: 0.0ms
[5.687s][debug][gc,phases      ] GC(5)     Humongous Reclaim: 0.0ms
[5.687s][debug][gc,phases      ] GC(5)     Start New Collection Set: 0.0ms
[5.687s][debug][gc,phases      ] GC(5)     Resize TLABs: 0.0ms
[5.687s][debug][gc,phases      ] GC(5)     Expand Heap After Collection: 0.0ms
[5.687s][info ][gc,phases      ] GC(5)   Other: 0.3ms
[5.687s][info ][gc,heap        ] GC(5) Eden regions: 14->0(14)
[5.687s][info ][gc,heap        ] GC(5) Survivor regions: 1->1(2)
[5.687s][info ][gc,heap        ] GC(5) Old regions: 6->6
[5.687s][info ][gc,heap        ] GC(5) Archive regions: 2->2
[5.687s][info ][gc,heap        ] GC(5) Humongous regions: 0->0
[5.687s][info ][gc,metaspace   ] GC(5) Metaspace: 9813K(10368K)->9813K(10368K) NonClass: 8667K(8960K)->8667K(8960K) Class: 1145K(1408K)->1145K(1408K)
[5.687s][debug][gc,heap        ] GC(5) Heap after GC invocations=6 (full 1): garbage-first heap   total 27648K, used 3800K [0x0000000700000000, 0x0000000800000000)
[5.687s][debug][gc,heap        ] GC(5)   region size 1024K, 1 young (1024K), 1 survivors (1024K)
[5.687s][debug][gc,heap        ] GC(5)  Metaspace       used 9813K, capacity 10111K, committed 10368K, reserved 1058816K
[5.687s][debug][gc,heap        ] GC(5)   class space    used 1145K, capacity 1266K, committed 1408K, reserved 1048576K
[5.687s][info ][gc             ] GC(5) Pause Young (Normal) (G1 Evacuation Pause) 17M->3M(27M) 1.866ms
[5.687s][info ][gc,cpu         ] GC(5) User=0.01s Sys=0.00s Real=0.00s
[5.691s][info ][safepoint      ] Safepoint "G1CollectForAllocation", Time since last: 35051701 ns, Reaching safepoint: 128726 ns, At safepoint: 6025197 ns, Total: 6153923 ns
[5.730s][debug][gc,heap        ] GC(6) Heap before GC invocations=6 (full 1): garbage-first heap   total 27648K, used 18136K [0x0000000700000000, 0x0000000800000000)
[5.730s][debug][gc,heap        ] GC(6)   region size 1024K, 15 young (15360K), 1 survivors (1024K)
[5.730s][debug][gc,heap        ] GC(6)  Metaspace       used 9813K, capacity 10111K, committed 10368K, reserved 1058816K
[5.730s][debug][gc,heap        ] GC(6)   class space    used 1145K, capacity 1266K, committed 1408K, reserved 1048576K
[5.730s][info ][gc,start       ] GC(6) Pause Young (Normal) (G1 Evacuation Pause)
[5.730s][info ][gc,task        ] GC(6) Using 8 workers of 8 for evacuation
[5.730s][debug][gc,tlab        ] GC(6) TLAB totals: thrds: 8  refills: 409 max: 60 slow allocs: 0 max 0 waste:  2.2% gc: 87192B max: 32496B slow: 235168B max: 34672B fast: 0B max: 0B
[5.730s][debug][gc,age         ] GC(6) Desired survivor size 1048576 bytes, new threshold 15 (max threshold 15)
[5.730s][debug][gc,alloc,region] GC(6) Mutator Allocation stats, regions: 14, wasted size: 0B ( 0.0%)
[5.730s][debug][gc,ergo        ] GC(6) Running G1 Merge Heap Roots using 8 workers for 15 regions
[5.730s][debug][gc,remset      ] GC(6) Visited cards 3840 Total dirty 10240 (37.50%) Total old 77824 (4.93%)
[5.730s][debug][gc,ergo        ] GC(6) Running G1 Clear Card Table Task using 1 workers for 1 units of work for 20 regions.
[5.730s][debug][gc,ref         ] GC(6) Skipped phase1 of Reference Processing due to unavailable references
[5.730s][debug][gc,ref         ] GC(6) Skipped phase3 of Reference Processing due to unavailable references
[5.731s][debug][gc,ergo        ] GC(6) Running G1 Free Collection Set using 8 workers for collection set length 15 (27)
[5.731s][debug][gc,ergo        ] GC(6) Running G1 Rebuild Free List Task using 8 workers for rebuilding free list of 0 (4096) regions
[5.731s][trace][gc,age         ] GC(6) Age table with threshold 15 (max threshold 15)
[5.731s][trace][gc,age         ] GC(6) - age   1:        896 bytes,        896 total
[5.731s][trace][gc,age         ] GC(6) - age   5:        640 bytes,       1536 total
[5.731s][trace][gc,age         ] GC(6) - age   6:     512776 bytes,     514312 total
[5.731s][debug][gc,plab        ] GC(6) Young PLAB allocation: allocated: 28896B, wasted: 192B, unused: 9464B, used: 19240B, undo waste: 368B, 
[5.731s][debug][gc,plab        ] GC(6) Young other allocation: region end waste: 0B, regions filled: 1, direct allocated: 495440B, failure used: 0B, failure wasted: 0B
[5.731s][debug][gc,plab        ] GC(6) Young sizing: calculated: 3848B, actual: 3864B
[5.731s][debug][gc,plab        ] GC(6) Old PLAB allocation: allocated: 0B, wasted: 0B, unused: 0B, used: 0B, undo waste: 0B, 
[5.731s][debug][gc,plab        ] GC(6) Old other allocation: region end waste: 0B, regions filled: 0, direct allocated: 0B, failure used: 0B, failure wasted: 0B
[5.731s][debug][gc,plab        ] GC(6) Old sizing: calculated: 0B, actual: 2064B
[5.731s][debug][gc,ihop        ] GC(6) Basic information (value update), threshold: 12740198B (45.00), target occupancy: 28311552B, current occupancy: 3890056B, recent allocation size: 0B, recent allocation duration: 44.07ms, recent old gen allocation rate: 0.00B/s, recent marking phase length: 0.00ms
[5.731s][debug][gc,ihop        ] GC(6) Adaptive IHOP information (value update), threshold: 12740198B (47.37), internal target occupancy: 26895974B, occupancy: 3890056B, additional buffer size: 15728640B, predicted old gen allocation rate: 0.00B/s, predicted marking phase length: 0.00ms, prediction active: false
[5.731s][debug][gc,ergo,refine ] GC(6) Concurrent refinement times: Logged Cards Scan time goal: 20.00ms Logged Cards Scan time: 0.01ms HCC time: 0.00ms
[5.731s][debug][gc,ergo,refine ] GC(6) Updated Refinement Zones: green: 2048, yellow: 6144, red: 10240
[5.731s][info ][gc,phases      ] GC(6)   Pre Evacuate Collection Set: 0.1ms
[5.731s][debug][gc,phases      ] GC(6)     Prepare TLABs: 0.0ms
[5.731s][debug][gc,phases      ] GC(6)     Choose Collection Set: 0.0ms
[5.731s][debug][gc,phases      ] GC(6)     Region Register: 0.0ms
[5.731s][debug][gc,phases      ] GC(6)     Prepare Heap Roots: 0.0ms
[5.731s][info ][gc,phases      ] GC(6)   Merge Heap Roots: 0.1ms
[5.731s][debug][gc,phases      ] GC(6)     Prepare Merge Heap Roots: 0.0ms
[5.731s][debug][gc,phases      ] GC(6)     Eager Reclaim (ms):       skipped
[5.731s][debug][gc,phases      ] GC(6)     Remembered Sets (ms):     Min:  0.0, Avg:  0.0, Max:  0.0, Diff:  0.0, Sum:  0.0, Workers: 8
[5.731s][debug][gc,phases      ] GC(6)       Merged Sparse:            Min: 0, Avg:  0.0, Max: 0, Diff: 0, Sum: 0, Workers: 8
[5.731s][debug][gc,phases      ] GC(6)       Merged Fine:              Min: 0, Avg:  0.0, Max: 0, Diff: 0, Sum: 0, Workers: 8
[5.731s][debug][gc,phases      ] GC(6)       Merged Coarse:            Min: 0, Avg:  0.0, Max: 0, Diff: 0, Sum: 0, Workers: 8
[5.731s][debug][gc,phases      ] GC(6)       Dirty Cards:              Min: 0, Avg:  0.0, Max: 0, Diff: 0, Sum: 0, Workers: 8
[5.731s][debug][gc,phases      ] GC(6)     Hot Card Cache (ms):      Min:  0.0, Avg:  0.0, Max:  0.0, Diff:  0.0, Sum:  0.0, Workers: 8
[5.731s][debug][gc,phases      ] GC(6)       Dirty Cards:              Min: 0, Avg:  0.0, Max: 0, Diff: 0, Sum: 0, Workers: 8
[5.731s][debug][gc,phases      ] GC(6)       Skipped Cards:            Min: 0, Avg:  0.0, Max: 0, Diff: 0, Sum: 0, Workers: 8
[5.731s][debug][gc,phases      ] GC(6)     Log Buffers (ms):         Min:  0.0, Avg:  0.0, Max:  0.0, Diff:  0.0, Sum:  0.0, Workers: 8
[5.731s][debug][gc,phases      ] GC(6)       Dirty Cards:              Min: 0, Avg:  7.1, Max: 19, Diff: 19, Sum: 57, Workers: 8
[5.731s][debug][gc,phases      ] GC(6)       Skipped Cards:            Min: 0, Avg:  0.0, Max: 0, Diff: 0, Sum: 0, Workers: 8
[5.731s][info ][gc,phases      ] GC(6)   Evacuate Collection Set: 0.2ms
[5.731s][debug][gc,phases      ] GC(6)     Ext Root Scanning (ms):   Min:  0.0, Avg:  0.1, Max:  0.1, Diff:  0.1, Sum:  0.5, Workers: 8
[5.731s][debug][gc,phases      ] GC(6)     Scan Heap Roots (ms):     Min:  0.0, Avg:  0.0, Max:  0.0, Diff:  0.0, Sum:  0.1, Workers: 8
[5.731s][debug][gc,phases      ] GC(6)       Scanned Cards:            Min: 0, Avg:  6.0, Max: 15, Diff: 15, Sum: 48, Workers: 8
[5.731s][debug][gc,phases      ] GC(6)       Scanned Blocks:           Min: 0, Avg:  5.1, Max: 13, Diff: 13, Sum: 41, Workers: 8
[5.731s][debug][gc,phases      ] GC(6)       Claimed Chunks:           Min: 0, Avg:  1.9, Max: 4, Diff: 4, Sum: 15, Workers: 8
[5.731s][debug][gc,phases      ] GC(6)     Code Root Scan (ms):      Min:  0.0, Avg:  0.0, Max:  0.0, Diff:  0.0, Sum:  0.0, Workers: 8
[5.731s][debug][gc,phases      ] GC(6)     Object Copy (ms):         Min:  0.0, Avg:  0.0, Max:  0.1, Diff:  0.1, Sum:  0.2, Workers: 8
[5.731s][debug][gc,phases      ] GC(6)     Termination (ms):         Min:  0.0, Avg:  0.1, Max:  0.1, Diff:  0.1, Sum:  0.6, Workers: 8
[5.731s][debug][gc,phases      ] GC(6)       Termination Attempts:     Min: 1, Avg:  1.0, Max: 1, Diff: 0, Sum: 8, Workers: 8
[5.731s][debug][gc,phases      ] GC(6)     GC Worker Other (ms):     Min:  0.0, Avg:  0.0, Max:  0.0, Diff:  0.0, Sum:  0.1, Workers: 8
[5.731s][debug][gc,phases      ] GC(6)     GC Worker Total (ms):     Min:  0.2, Avg:  0.2, Max:  0.2, Diff:  0.0, Sum:  1.6, Workers: 8
[5.731s][info ][gc,phases      ] GC(6)   Post Evacuate Collection Set: 0.2ms
[5.731s][debug][gc,phases      ] GC(6)     Code Roots Fixup: 0.0ms
[5.731s][debug][gc,phases      ] GC(6)     Clear Card Table: 0.0ms
[5.731s][debug][gc,phases      ] GC(6)     Reference Processing: 0.0ms
[5.731s][debug][gc,phases,ref  ] GC(6)       Reconsider SoftReferences: 0.0ms
[5.731s][debug][gc,phases,ref  ] GC(6)         SoftRef (ms):             skipped
[5.731s][debug][gc,phases,ref  ] GC(6)       Notify Soft/WeakReferences: 0.0ms
[5.731s][debug][gc,phases,ref  ] GC(6)         SoftRef (ms):             Min:  0.0, Avg:  0.0, Max:  0.0, Diff:  0.0, Sum:  0.0, Workers: 1
[5.731s][debug][gc,phases,ref  ] GC(6)         WeakRef (ms):             Min:  0.0, Avg:  0.0, Max:  0.0, Diff:  0.0, Sum:  0.0, Workers: 1
[5.731s][debug][gc,phases,ref  ] GC(6)         FinalRef (ms):            Min:  0.0, Avg:  0.0, Max:  0.0, Diff:  0.0, Sum:  0.0, Workers: 1
[5.731s][debug][gc,phases,ref  ] GC(6)         Total (ms):               Min:  0.0, Avg:  0.0, Max:  0.0, Diff:  0.0, Sum:  0.0, Workers: 1
[5.731s][debug][gc,phases,ref  ] GC(6)       Notify and keep alive finalizable: 0.0ms
[5.731s][debug][gc,phases,ref  ] GC(6)         FinalRef (ms):            skipped
[5.731s][debug][gc,phases,ref  ] GC(6)       Notify PhantomReferences: 0.0ms
[5.731s][debug][gc,phases,ref  ] GC(6)         PhantomRef (ms):          Min:  0.0, Avg:  0.0, Max:  0.0, Diff:  0.0, Sum:  0.0, Workers: 1
[5.731s][debug][gc,phases,ref  ] GC(6)       SoftReference:
[5.731s][debug][gc,phases,ref  ] GC(6)         Discovered: 0
[5.731s][debug][gc,phases,ref  ] GC(6)         Cleared: 0
[5.731s][debug][gc,phases,ref  ] GC(6)       WeakReference:
[5.731s][debug][gc,phases,ref  ] GC(6)         Discovered: 1
[5.731s][debug][gc,phases,ref  ] GC(6)         Cleared: 1
[5.731s][debug][gc,phases,ref  ] GC(6)       FinalReference:
[5.731s][debug][gc,phases,ref  ] GC(6)         Discovered: 0
[5.731s][debug][gc,phases,ref  ] GC(6)         Cleared: 0
[5.731s][debug][gc,phases,ref  ] GC(6)       PhantomReference:
[5.731s][debug][gc,phases,ref  ] GC(6)         Discovered: 2
[5.731s][debug][gc,phases,ref  ] GC(6)         Cleared: 2
[5.731s][debug][gc,phases      ] GC(6)     Weak Processing: 0.0ms
[5.731s][debug][gc,phases      ] GC(6)       JVMTI weak processing: 0.0ms
[5.731s][debug][gc,phases      ] GC(6)         Dead: 0
[5.731s][debug][gc,phases      ] GC(6)         Total: 0
[5.731s][debug][gc,phases      ] GC(6)       JFR weak processing: 0.0ms
[5.731s][debug][gc,phases      ] GC(6)         Dead: 0
[5.731s][debug][gc,phases      ] GC(6)         Total: 0
[5.731s][debug][gc,phases      ] GC(6)       JNI weak                  Min:  0.0, Avg:  0.0, Max:  0.0, Diff:  0.0, Sum:  0.0, Workers: 5
[5.731s][debug][gc,phases      ] GC(6)         Dead                      Min: 0, Avg:  0.0, Max: 0, Diff: 0, Sum: 0, Workers: 5
[5.731s][debug][gc,phases      ] GC(6)         Total                     Min: 0, Avg: 13.8, Max: 52, Diff: 52, Sum: 69, Workers: 5
[5.731s][debug][gc,phases      ] GC(6)       VM weak                   Min:  0.0, Avg:  0.0, Max:  0.0, Diff:  0.0, Sum:  0.0, Workers: 5
[5.731s][debug][gc,phases      ] GC(6)         Dead                      Min: 0, Avg:  0.0, Max: 0, Diff: 0, Sum: 0, Workers: 5
[5.731s][debug][gc,phases      ] GC(6)         Total                     Min: 0, Avg: 42.4, Max: 84, Diff: 84, Sum: 212, Workers: 5
[5.731s][debug][gc,phases      ] GC(6)       StringTable weak          Min:  0.0, Avg:  0.0, Max:  0.0, Diff:  0.0, Sum:  0.0, Workers: 5
[5.731s][debug][gc,phases      ] GC(6)         Dead                      Min: 0, Avg:  0.0, Max: 0, Diff: 0, Sum: 0, Workers: 5
[5.731s][debug][gc,phases      ] GC(6)         Total                     Min: 0, Avg: 676.4, Max: 895, Diff: 895, Sum: 3382, Workers: 5
[5.731s][debug][gc,phases      ] GC(6)       ResolvedMethodTable weak  Min:  0.0, Avg:  0.0, Max:  0.0, Diff:  0.0, Sum:  0.0, Workers: 5
[5.731s][debug][gc,phases      ] GC(6)         Dead                      Min: 0, Avg:  0.0, Max: 0, Diff: 0, Sum: 0, Workers: 5
[5.731s][debug][gc,phases      ] GC(6)         Total                     Min: 0, Avg: 114.6, Max: 189, Diff: 189, Sum: 573, Workers: 5
[5.731s][debug][gc,phases      ] GC(6)     Merge Per-Thread State: 0.0ms
[5.731s][debug][gc,phases      ] GC(6)       Copied Bytes              Min: 48, Avg: 64289.0, Max: 402056, Diff: 402008, Sum: 514312, Workers: 8
[5.731s][debug][gc,phases      ] GC(6)       LAB Waste                 Min: 0, Avg: 24.0, Max: 88, Diff: 88, Sum: 192, Workers: 8
[5.731s][debug][gc,phases      ] GC(6)       LAB Undo Waste            Min: 0, Avg: 46.0, Max: 368, Diff: 368, Sum: 368, Workers: 8
[5.731s][debug][gc,phases      ] GC(6)     Code Roots Purge: 0.0ms
[5.731s][debug][gc,phases      ] GC(6)     Redirty Cards: 0.0ms
[5.731s][debug][gc,phases      ] GC(6)     DerivedPointerTable Update: 0.0ms
[5.731s][debug][gc,phases      ] GC(6)     Free Collection Set: 0.1ms
[5.731s][debug][gc,phases      ] GC(6)     Rebuild Free List: 0.0ms
[5.731s][debug][gc,phases      ] GC(6)     Humongous Reclaim: 0.0ms
[5.731s][debug][gc,phases      ] GC(6)     Start New Collection Set: 0.0ms
[5.731s][debug][gc,phases      ] GC(6)     Resize TLABs: 0.0ms
[5.731s][debug][gc,phases      ] GC(6)     Expand Heap After Collection: 0.0ms
[5.731s][info ][gc,phases      ] GC(6)   Other: 0.3ms
[5.731s][info ][gc,heap        ] GC(6) Eden regions: 14->0(14)
[5.731s][info ][gc,heap        ] GC(6) Survivor regions: 1->1(2)
[5.731s][info ][gc,heap        ] GC(6) Old regions: 6->6
[5.731s][info ][gc,heap        ] GC(6) Archive regions: 2->2
[5.731s][info ][gc,heap        ] GC(6) Humongous regions: 0->0
[5.731s][info ][gc,metaspace   ] GC(6) Metaspace: 9813K(10368K)->9813K(10368K) NonClass: 8668K(8960K)->8668K(8960K) Class: 1145K(1408K)->1145K(1408K)
[5.731s][debug][gc,heap        ] GC(6) Heap after GC invocations=7 (full 1): garbage-first heap   total 27648K, used 3798K [0x0000000700000000, 0x0000000800000000)
[5.731s][debug][gc,heap        ] GC(6)   region size 1024K, 1 young (1024K), 1 survivors (1024K)
[5.731s][debug][gc,heap        ] GC(6)  Metaspace       used 9813K, capacity 10111K, committed 10368K, reserved 1058816K
[5.731s][debug][gc,heap        ] GC(6)   class space    used 1145K, capacity 1266K, committed 1408K, reserved 1048576K
[5.731s][info ][gc             ] GC(6) Pause Young (Normal) (G1 Evacuation Pause) 17M->3M(27M) 1.359ms
[5.731s][info ][gc,cpu         ] GC(6) User=0.01s Sys=0.00s Real=0.00s
[5.731s][info ][safepoint      ] Safepoint "G1CollectForAllocation", Time since last: 39018786 ns, Reaching safepoint: 122293 ns, At safepoint: 1567376 ns, Total: 1689669 ns
[5.745s][debug][gc,heap        ] GC(7) Heap before GC invocations=7 (full 1): garbage-first heap   total 27648K, used 18134K [0x0000000700000000, 0x0000000800000000)
[5.745s][debug][gc,heap        ] GC(7)   region size 1024K, 15 young (15360K), 1 survivors (1024K)
[5.745s][debug][gc,heap        ] GC(7)  Metaspace       used 9813K, capacity 10111K, committed 10368K, reserved 1058816K
[5.745s][debug][gc,heap        ] GC(7)   class space    used 1145K, capacity 1266K, committed 1408K, reserved 1048576K
[5.745s][info ][gc,start       ] GC(7) Pause Young (Normal) (G1 Evacuation Pause)
[5.745s][info ][gc,task        ] GC(7) Using 8 workers of 8 for evacuation
[5.745s][debug][gc,tlab        ] GC(7) TLAB totals: thrds: 10  refills: 407 max: 64 slow allocs: 0 max 0 waste:  3.3% gc: 246960B max: 95832B slow: 232352B max: 37040B fast: 0B max: 0B
[5.745s][debug][gc,age         ] GC(7) Desired survivor size 1048576 bytes, new threshold 15 (max threshold 15)
[5.745s][debug][gc,alloc,region] GC(7) Mutator Allocation stats, regions: 14, wasted size: 6000B ( 0.0%)
[5.746s][debug][gc,ergo        ] GC(7) Running G1 Merge Heap Roots using 8 workers for 15 regions
[5.746s][debug][gc,remset      ] GC(7) Visited cards 3840 Total dirty 10240 (37.50%) Total old 77824 (4.93%)
[5.746s][debug][gc,ergo        ] GC(7) Running G1 Clear Card Table Task using 1 workers for 1 units of work for 20 regions.
[5.746s][debug][gc,ref         ] GC(7) Skipped phase1 of Reference Processing due to unavailable references
[5.746s][debug][gc,ref         ] GC(7) Skipped phase2 of Reference Processing due to unavailable references
[5.746s][debug][gc,ref         ] GC(7) Skipped phase3 of Reference Processing due to unavailable references
[5.746s][debug][gc,ref         ] GC(7) Skipped phase4 of Reference Processing due to unavailable references
[5.746s][debug][gc,ergo        ] GC(7) Running G1 Free Collection Set using 8 workers for collection set length 15 (27)
[5.746s][debug][gc,ergo        ] GC(7) Running G1 Rebuild Free List Task using 8 workers for rebuilding free list of 0 (4096) regions
[5.746s][trace][gc,age         ] GC(7) Age table with threshold 15 (max threshold 15)
[5.746s][trace][gc,age         ] GC(7) - age   1:       1168 bytes,       1168 total
[5.746s][trace][gc,age         ] GC(7) - age   6:        576 bytes,       1744 total
[5.746s][trace][gc,age         ] GC(7) - age   7:     512744 bytes,     514488 total
[5.746s][debug][gc,plab        ] GC(7) Young PLAB allocation: allocated: 26832B, wasted: 184B, unused: 6416B, used: 20232B, undo waste: 0B, 
[5.746s][debug][gc,plab        ] GC(7) Young other allocation: region end waste: 0B, regions filled: 1, direct allocated: 494256B, failure used: 0B, failure wasted: 0B
[5.746s][debug][gc,plab        ] GC(7) Young sizing: calculated: 4040B, actual: 3992B
[5.746s][debug][gc,plab        ] GC(7) Old PLAB allocation: allocated: 0B, wasted: 0B, unused: 0B, used: 0B, undo waste: 0B, 
[5.746s][debug][gc,plab        ] GC(7) Old other allocation: region end waste: 0B, regions filled: 0, direct allocated: 0B, failure used: 0B, failure wasted: 0B
[5.746s][debug][gc,plab        ] GC(7) Old sizing: calculated: 0B, actual: 2064B
[5.746s][debug][gc,ihop        ] GC(7) Basic information (value update), threshold: 12740198B (45.00), target occupancy: 28311552B, current occupancy: 3886808B, recent allocation size: 0B, recent allocation duration: 14.68ms, recent old gen allocation rate: 0.00B/s, recent marking phase length: 0.00ms
[5.746s][debug][gc,ihop        ] GC(7) Adaptive IHOP information (value update), threshold: 12740198B (47.37), internal target occupancy: 26895974B, occupancy: 3886808B, additional buffer size: 15728640B, predicted old gen allocation rate: 0.00B/s, predicted marking phase length: 0.00ms, prediction active: false
[5.746s][debug][gc,ergo,refine ] GC(7) Concurrent refinement times: Logged Cards Scan time goal: 20.00ms Logged Cards Scan time: 0.01ms HCC time: 0.00ms
[5.746s][debug][gc,ergo,refine ] GC(7) Updated Refinement Zones: green: 2048, yellow: 6144, red: 10240
[5.746s][info ][gc,phases      ] GC(7)   Pre Evacuate Collection Set: 0.1ms
[5.746s][debug][gc,phases      ] GC(7)     Prepare TLABs: 0.0ms
[5.746s][debug][gc,phases      ] GC(7)     Choose Collection Set: 0.0ms
[5.746s][debug][gc,phases      ] GC(7)     Region Register: 0.1ms
[5.746s][debug][gc,phases      ] GC(7)     Prepare Heap Roots: 0.0ms
[5.746s][info ][gc,phases      ] GC(7)   Merge Heap Roots: 0.1ms
[5.746s][debug][gc,phases      ] GC(7)     Prepare Merge Heap Roots: 0.0ms
[5.746s][debug][gc,phases      ] GC(7)     Eager Reclaim (ms):       skipped
[5.746s][debug][gc,phases      ] GC(7)     Remembered Sets (ms):     Min:  0.0, Avg:  0.0, Max:  0.0, Diff:  0.0, Sum:  0.0, Workers: 8
[5.746s][debug][gc,phases      ] GC(7)       Merged Sparse:            Min: 0, Avg:  0.0, Max: 0, Diff: 0, Sum: 0, Workers: 8
[5.746s][debug][gc,phases      ] GC(7)       Merged Fine:              Min: 0, Avg:  0.0, Max: 0, Diff: 0, Sum: 0, Workers: 8
[5.746s][debug][gc,phases      ] GC(7)       Merged Coarse:            Min: 0, Avg:  0.0, Max: 0, Diff: 0, Sum: 0, Workers: 8
[5.746s][debug][gc,phases      ] GC(7)       Dirty Cards:              Min: 0, Avg:  0.0, Max: 0, Diff: 0, Sum: 0, Workers: 8
[5.746s][debug][gc,phases      ] GC(7)     Hot Card Cache (ms):      Min:  0.0, Avg:  0.0, Max:  0.0, Diff:  0.0, Sum:  0.0, Workers: 8
[5.746s][debug][gc,phases      ] GC(7)       Dirty Cards:              Min: 0, Avg:  0.0, Max: 0, Diff: 0, Sum: 0, Workers: 8
[5.746s][debug][gc,phases      ] GC(7)       Skipped Cards:            Min: 0, Avg:  0.0, Max: 0, Diff: 0, Sum: 0, Workers: 8
[5.746s][debug][gc,phases      ] GC(7)     Log Buffers (ms):         Min:  0.0, Avg:  0.0, Max:  0.0, Diff:  0.0, Sum:  0.0, Workers: 8
[5.746s][debug][gc,phases      ] GC(7)       Dirty Cards:              Min: 0, Avg:  6.6, Max: 23, Diff: 23, Sum: 53, Workers: 8
[5.746s][debug][gc,phases      ] GC(7)       Skipped Cards:            Min: 0, Avg:  0.0, Max: 0, Diff: 0, Sum: 0, Workers: 8
[5.746s][info ][gc,phases      ] GC(7)   Evacuate Collection Set: 0.2ms
[5.746s][debug][gc,phases      ] GC(7)     Ext Root Scanning (ms):   Min:  0.0, Avg:  0.1, Max:  0.1, Diff:  0.1, Sum:  0.4, Workers: 8
[5.746s][debug][gc,phases      ] GC(7)     Scan Heap Roots (ms):     Min:  0.0, Avg:  0.0, Max:  0.0, Diff:  0.0, Sum:  0.1, Workers: 8
[5.746s][debug][gc,phases      ] GC(7)       Scanned Cards:            Min: 0, Avg:  6.5, Max: 17, Diff: 17, Sum: 52, Workers: 8
[5.746s][debug][gc,phases      ] GC(7)       Scanned Blocks:           Min: 0, Avg:  5.5, Max: 14, Diff: 14, Sum: 44, Workers: 8
[5.746s][debug][gc,phases      ] GC(7)       Claimed Chunks:           Min: 0, Avg:  1.9, Max: 4, Diff: 4, Sum: 15, Workers: 8
[5.746s][debug][gc,phases      ] GC(7)     Code Root Scan (ms):      Min:  0.0, Avg:  0.0, Max:  0.0, Diff:  0.0, Sum:  0.0, Workers: 8
[5.747s][debug][gc,phases      ] GC(7)     Object Copy (ms):         Min:  0.0, Avg:  0.0, Max:  0.1, Diff:  0.1, Sum:  0.2, Workers: 8
[5.747s][debug][gc,phases      ] GC(7)     Termination (ms):         Min:  0.1, Avg:  0.1, Max:  0.1, Diff:  0.0, Sum:  0.6, Workers: 8
[5.747s][debug][gc,phases      ] GC(7)       Termination Attempts:     Min: 1, Avg:  1.0, Max: 1, Diff: 0, Sum: 8, Workers: 8
[5.747s][debug][gc,phases      ] GC(7)     GC Worker Other (ms):     Min:  0.0, Avg:  0.0, Max:  0.0, Diff:  0.0, Sum:  0.1, Workers: 8
[5.747s][debug][gc,phases      ] GC(7)     GC Worker Total (ms):     Min:  0.1, Avg:  0.2, Max:  0.2, Diff:  0.1, Sum:  1.3, Workers: 8
[5.747s][info ][gc,phases      ] GC(7)   Post Evacuate Collection Set: 0.3ms
[5.747s][debug][gc,phases      ] GC(7)     Code Roots Fixup: 0.0ms
[5.747s][debug][gc,phases      ] GC(7)     Clear Card Table: 0.0ms
[5.747s][debug][gc,phases      ] GC(7)     Reference Processing: 0.0ms
[5.747s][debug][gc,phases,ref  ] GC(7)       Reconsider SoftReferences: 0.0ms
[5.747s][debug][gc,phases,ref  ] GC(7)         SoftRef (ms):             skipped
[5.747s][debug][gc,phases,ref  ] GC(7)       Notify Soft/WeakReferences: 0.0ms
[5.747s][debug][gc,phases,ref  ] GC(7)         SoftRef (ms):             skipped
[5.747s][debug][gc,phases,ref  ] GC(7)         WeakRef (ms):             skipped
[5.747s][debug][gc,phases,ref  ] GC(7)         FinalRef (ms):            skipped
[5.747s][debug][gc,phases,ref  ] GC(7)         Total (ms):               skipped
[5.747s][debug][gc,phases,ref  ] GC(7)       Notify and keep alive finalizable: 0.0ms
[5.747s][debug][gc,phases,ref  ] GC(7)         FinalRef (ms):            skipped
[5.747s][debug][gc,phases,ref  ] GC(7)       Notify PhantomReferences: 0.0ms
[5.747s][debug][gc,phases,ref  ] GC(7)         PhantomRef (ms):          skipped
[5.747s][debug][gc,phases,ref  ] GC(7)       SoftReference:
[5.747s][debug][gc,phases,ref  ] GC(7)         Discovered: 0
[5.747s][debug][gc,phases,ref  ] GC(7)         Cleared: 0
[5.747s][debug][gc,phases,ref  ] GC(7)       WeakReference:
[5.747s][debug][gc,phases,ref  ] GC(7)         Discovered: 0
[5.747s][debug][gc,phases,ref  ] GC(7)         Cleared: 0
[5.747s][debug][gc,phases,ref  ] GC(7)       FinalReference:
[5.747s][debug][gc,phases,ref  ] GC(7)         Discovered: 0
[5.747s][debug][gc,phases,ref  ] GC(7)         Cleared: 0
[5.747s][debug][gc,phases,ref  ] GC(7)       PhantomReference:
[5.747s][debug][gc,phases,ref  ] GC(7)         Discovered: 0
[5.747s][debug][gc,phases,ref  ] GC(7)         Cleared: 0
[5.747s][debug][gc,phases      ] GC(7)     Weak Processing: 0.1ms
[5.747s][debug][gc,phases      ] GC(7)       JVMTI weak processing: 0.0ms
[5.747s][debug][gc,phases      ] GC(7)         Dead: 0
[5.747s][debug][gc,phases      ] GC(7)         Total: 0
[5.747s][debug][gc,phases      ] GC(7)       JFR weak processing: 0.0ms
[5.747s][debug][gc,phases      ] GC(7)         Dead: 0
[5.747s][debug][gc,phases      ] GC(7)         Total: 0
[5.747s][debug][gc,phases      ] GC(7)       JNI weak                  Min:  0.0, Avg:  0.0, Max:  0.0, Diff:  0.0, Sum:  0.0, Workers: 5
[5.747s][debug][gc,phases      ] GC(7)         Dead                      Min: 0, Avg:  0.0, Max: 0, Diff: 0, Sum: 0, Workers: 5
[5.747s][debug][gc,phases      ] GC(7)         Total                     Min: 0, Avg: 13.8, Max: 52, Diff: 52, Sum: 69, Workers: 5
[5.747s][debug][gc,phases      ] GC(7)       VM weak                   Min:  0.0, Avg:  0.0, Max:  0.0, Diff:  0.0, Sum:  0.0, Workers: 5
[5.747s][debug][gc,phases      ] GC(7)         Dead                      Min: 0, Avg:  0.0, Max: 0, Diff: 0, Sum: 0, Workers: 5
[5.747s][debug][gc,phases      ] GC(7)         Total                     Min: 0, Avg: 42.4, Max: 64, Diff: 64, Sum: 212, Workers: 5
[5.747s][debug][gc,phases      ] GC(7)       StringTable weak          Min:  0.0, Avg:  0.0, Max:  0.0, Diff:  0.0, Sum:  0.1, Workers: 5
[5.747s][debug][gc,phases      ] GC(7)         Dead                      Min: 0, Avg:  0.0, Max: 0, Diff: 0, Sum: 0, Workers: 5
[5.747s][debug][gc,phases      ] GC(7)         Total                     Min: 576, Avg: 676.4, Max: 758, Diff: 182, Sum: 3382, Workers: 5
[5.747s][debug][gc,phases      ] GC(7)       ResolvedMethodTable weak  Min:  0.0, Avg:  0.0, Max:  0.0, Diff:  0.0, Sum:  0.1, Workers: 5
[5.747s][debug][gc,phases      ] GC(7)         Dead                      Min: 0, Avg:  0.0, Max: 0, Diff: 0, Sum: 0, Workers: 5
[5.747s][debug][gc,phases      ] GC(7)         Total                     Min: 64, Avg: 114.6, Max: 128, Diff: 64, Sum: 573, Workers: 5
[5.747s][debug][gc,phases      ] GC(7)     Merge Per-Thread State: 0.0ms
[5.747s][debug][gc,phases      ] GC(7)       Copied Bytes              Min: 0, Avg: 64311.0, Max: 400424, Diff: 400424, Sum: 514488, Workers: 8
[5.747s][debug][gc,phases      ] GC(7)       LAB Waste                 Min: 0, Avg: 23.0, Max: 104, Diff: 104, Sum: 184, Workers: 8
[5.747s][debug][gc,phases      ] GC(7)       LAB Undo Waste            Min: 0, Avg:  0.0, Max: 0, Diff: 0, Sum: 0, Workers: 8
[5.747s][debug][gc,phases      ] GC(7)     Code Roots Purge: 0.0ms
[5.747s][debug][gc,phases      ] GC(7)     Redirty Cards: 0.0ms
[5.747s][debug][gc,phases      ] GC(7)     DerivedPointerTable Update: 0.0ms
[5.747s][debug][gc,phases      ] GC(7)     Free Collection Set: 0.1ms
[5.747s][debug][gc,phases      ] GC(7)     Rebuild Free List: 0.0ms
[5.747s][debug][gc,phases      ] GC(7)     Humongous Reclaim: 0.0ms
[5.747s][debug][gc,phases      ] GC(7)     Start New Collection Set: 0.0ms
[5.747s][debug][gc,phases      ] GC(7)     Resize TLABs: 0.0ms
[5.747s][debug][gc,phases      ] GC(7)     Expand Heap After Collection: 0.0ms
[5.747s][info ][gc,phases      ] GC(7)   Other: 0.3ms
[5.747s][info ][gc,heap        ] GC(7) Eden regions: 14->0(14)
[5.747s][info ][gc,heap        ] GC(7) Survivor regions: 1->1(2)
[5.747s][info ][gc,heap        ] GC(7) Old regions: 6->6
[5.747s][info ][gc,heap        ] GC(7) Archive regions: 2->2
[5.747s][info ][gc,heap        ] GC(7) Humongous regions: 0->0
[5.747s][info ][gc,metaspace   ] GC(7) Metaspace: 9813K(10368K)->9813K(10368K) NonClass: 8668K(8960K)->8668K(8960K) Class: 1145K(1408K)->1145K(1408K)
[5.747s][debug][gc,heap        ] GC(7) Heap after GC invocations=8 (full 1): garbage-first heap   total 27648K, used 3795K [0x0000000700000000, 0x0000000800000000)
[5.747s][debug][gc,heap        ] GC(7)   region size 1024K, 1 young (1024K), 1 survivors (1024K)
[5.747s][debug][gc,heap        ] GC(7)  Metaspace       used 9813K, capacity 10111K, committed 10368K, reserved 1058816K
[5.747s][debug][gc,heap        ] GC(7)   class space    used 1145K, capacity 1266K, committed 1408K, reserved 1048576K
[5.747s][info ][gc             ] GC(7) Pause Young (Normal) (G1 Evacuation Pause) 17M->3M(27M) 1.679ms
[5.747s][info ][gc,cpu         ] GC(7) User=0.01s Sys=0.01s Real=0.00s
[5.747s][info ][safepoint      ] Safepoint "G1CollectForAllocation", Time since last: 13694216 ns, Reaching safepoint: 126438 ns, At safepoint: 1891108 ns, Total: 2017546 ns
[5.761s][debug][gc,heap        ] GC(8) Heap before GC invocations=8 (full 1): garbage-first heap   total 27648K, used 18131K [0x0000000700000000, 0x0000000800000000)
[5.761s][debug][gc,heap        ] GC(8)   region size 1024K, 15 young (15360K), 1 survivors (1024K)
[5.761s][debug][gc,heap        ] GC(8)  Metaspace       used 9813K, capacity 10111K, committed 10368K, reserved 1058816K
[5.761s][debug][gc,heap        ] GC(8)   class space    used 1145K, capacity 1266K, committed 1408K, reserved 1048576K
[5.761s][info ][gc,start       ] GC(8) Pause Young (Normal) (G1 Evacuation Pause)
[5.761s][info ][gc,task        ] GC(8) Using 8 workers of 8 for evacuation
[5.761s][debug][gc,tlab        ] GC(8) TLAB totals: thrds: 10  refills: 417 max: 65 slow allocs: 0 max 0 waste:  3.5% gc: 269544B max: 64136B slow: 238192B max: 37376B fast: 0B max: 0B
[5.761s][debug][gc,age         ] GC(8) Desired survivor size 1048576 bytes, new threshold 15 (max threshold 15)
[5.761s][debug][gc,alloc,region] GC(8) Mutator Allocation stats, regions: 14, wasted size: 0B ( 0.0%)
[5.761s][debug][gc,ergo        ] GC(8) Running G1 Merge Heap Roots using 8 workers for 15 regions
[5.761s][debug][gc,remset      ] GC(8) Visited cards 3840 Total dirty 10240 (37.50%) Total old 77824 (4.93%)
[5.761s][debug][gc,ergo        ] GC(8) Running G1 Clear Card Table Task using 1 workers for 1 units of work for 20 regions.
[5.761s][debug][gc,ref         ] GC(8) Skipped phase1 of Reference Processing due to unavailable references
[5.761s][debug][gc,ref         ] GC(8) Skipped phase3 of Reference Processing due to unavailable references
[5.761s][debug][gc,ref         ] GC(8) Skipped phase4 of Reference Processing due to unavailable references
[5.761s][debug][gc,ergo        ] GC(8) Running G1 Free Collection Set using 8 workers for collection set length 15 (27)
[5.761s][debug][gc,ergo        ] GC(8) Running G1 Rebuild Free List Task using 8 workers for rebuilding free list of 0 (4096) regions
[5.761s][trace][gc,age         ] GC(8) Age table with threshold 15 (max threshold 15)
[5.761s][trace][gc,age         ] GC(8) - age   1:       1176 bytes,       1176 total
[5.761s][trace][gc,age         ] GC(8) - age   7:        576 bytes,       1752 total
[5.761s][trace][gc,age         ] GC(8) - age   8:     512712 bytes,     514464 total
[5.761s][debug][gc,plab        ] GC(8) Young PLAB allocation: allocated: 28896B, wasted: 264B, unused: 8792B, used: 19840B, undo waste: 0B, 
[5.761s][debug][gc,plab        ] GC(8) Young other allocation: region end waste: 0B, regions filled: 1, direct allocated: 494624B, failure used: 0B, failure wasted: 0B
[5.761s][debug][gc,plab        ] GC(8) Young sizing: calculated: 3968B, actual: 3968B
[5.761s][debug][gc,plab        ] GC(8) Old PLAB allocation: allocated: 0B, wasted: 0B, unused: 0B, used: 0B, undo waste: 0B, 
[5.762s][debug][gc,plab        ] GC(8) Old other allocation: region end waste: 0B, regions filled: 0, direct allocated: 0B, failure used: 0B, failure wasted: 0B
[5.762s][debug][gc,plab        ] GC(8) Old sizing: calculated: 0B, actual: 2064B
[5.762s][debug][gc,ihop        ] GC(8) Basic information (value update), threshold: 12740198B (45.00), target occupancy: 28311552B, current occupancy: 3889240B, recent allocation size: 0B, recent allocation duration: 14.61ms, recent old gen allocation rate: 0.00B/s, recent marking phase length: 0.00ms
[5.762s][debug][gc,ihop        ] GC(8) Adaptive IHOP information (value update), threshold: 12740198B (47.37), internal target occupancy: 26895974B, occupancy: 3889240B, additional buffer size: 15728640B, predicted old gen allocation rate: 0.00B/s, predicted marking phase length: 0.00ms, prediction active: false
[5.762s][debug][gc,ergo,refine ] GC(8) Concurrent refinement times: Logged Cards Scan time goal: 20.00ms Logged Cards Scan time: 0.02ms HCC time: 0.00ms
[5.762s][debug][gc,ergo,refine ] GC(8) Updated Refinement Zones: green: 2048, yellow: 6144, red: 10240
[5.762s][info ][gc,phases      ] GC(8)   Pre Evacuate Collection Set: 0.1ms
[5.762s][debug][gc,phases      ] GC(8)     Prepare TLABs: 0.0ms
[5.762s][debug][gc,phases      ] GC(8)     Choose Collection Set: 0.0ms
[5.762s][debug][gc,phases      ] GC(8)     Region Register: 0.1ms
[5.762s][debug][gc,phases      ] GC(8)     Prepare Heap Roots: 0.0ms
[5.762s][info ][gc,phases      ] GC(8)   Merge Heap Roots: 0.2ms
[5.762s][debug][gc,phases      ] GC(8)     Prepare Merge Heap Roots: 0.0ms
[5.762s][debug][gc,phases      ] GC(8)     Eager Reclaim (ms):       skipped
[5.762s][debug][gc,phases      ] GC(8)     Remembered Sets (ms):     Min:  0.0, Avg:  0.0, Max:  0.0, Diff:  0.0, Sum:  0.0, Workers: 8
[5.762s][debug][gc,phases      ] GC(8)       Merged Sparse:            Min: 0, Avg:  0.0, Max: 0, Diff: 0, Sum: 0, Workers: 8
[5.762s][debug][gc,phases      ] GC(8)       Merged Fine:              Min: 0, Avg:  0.0, Max: 0, Diff: 0, Sum: 0, Workers: 8
[5.762s][debug][gc,phases      ] GC(8)       Merged Coarse:            Min: 0, Avg:  0.0, Max: 0, Diff: 0, Sum: 0, Workers: 8
[5.762s][debug][gc,phases      ] GC(8)       Dirty Cards:              Min: 0, Avg:  0.0, Max: 0, Diff: 0, Sum: 0, Workers: 8
[5.762s][debug][gc,phases      ] GC(8)     Hot Card Cache (ms):      Min:  0.0, Avg:  0.0, Max:  0.0, Diff:  0.0, Sum:  0.0, Workers: 8
[5.762s][debug][gc,phases      ] GC(8)       Dirty Cards:              Min: 0, Avg:  0.0, Max: 0, Diff: 0, Sum: 0, Workers: 8
[5.762s][debug][gc,phases      ] GC(8)       Skipped Cards:            Min: 0, Avg:  0.0, Max: 0, Diff: 0, Sum: 0, Workers: 8
[5.762s][debug][gc,phases      ] GC(8)     Log Buffers (ms):         Min:  0.0, Avg:  0.0, Max:  0.0, Diff:  0.0, Sum:  0.0, Workers: 8
[5.762s][debug][gc,phases      ] GC(8)       Dirty Cards:              Min: 0, Avg:  6.9, Max: 18, Diff: 18, Sum: 55, Workers: 8
[5.762s][debug][gc,phases      ] GC(8)       Skipped Cards:            Min: 0, Avg:  0.0, Max: 0, Diff: 0, Sum: 0, Workers: 8
[5.762s][info ][gc,phases      ] GC(8)   Evacuate Collection Set: 0.2ms
[5.762s][debug][gc,phases      ] GC(8)     Ext Root Scanning (ms):   Min:  0.0, Avg:  0.0, Max:  0.1, Diff:  0.1, Sum:  0.3, Workers: 8
[5.762s][debug][gc,phases      ] GC(8)     Scan Heap Roots (ms):     Min:  0.0, Avg:  0.0, Max:  0.0, Diff:  0.0, Sum:  0.1, Workers: 8
[5.762s][debug][gc,phases      ] GC(8)       Scanned Cards:            Min: 0, Avg:  6.6, Max: 15, Diff: 15, Sum: 53, Workers: 8
[5.762s][debug][gc,phases      ] GC(8)       Scanned Blocks:           Min: 0, Avg:  5.5, Max: 10, Diff: 10, Sum: 44, Workers: 8
[5.762s][debug][gc,phases      ] GC(8)       Claimed Chunks:           Min: 0, Avg:  1.9, Max: 4, Diff: 4, Sum: 15, Workers: 8
[5.762s][debug][gc,phases      ] GC(8)     Code Root Scan (ms):      Min:  0.0, Avg:  0.0, Max:  0.0, Diff:  0.0, Sum:  0.0, Workers: 8
[5.762s][debug][gc,phases      ] GC(8)     Object Copy (ms):         Min:  0.0, Avg:  0.0, Max:  0.1, Diff:  0.1, Sum:  0.2, Workers: 8
[5.762s][debug][gc,phases      ] GC(8)     Termination (ms):         Min:  0.0, Avg:  0.1, Max:  0.1, Diff:  0.1, Sum:  0.4, Workers: 8
[5.762s][debug][gc,phases      ] GC(8)       Termination Attempts:     Min: 1, Avg:  1.0, Max: 1, Diff: 0, Sum: 8, Workers: 8
[5.762s][debug][gc,phases      ] GC(8)     GC Worker Other (ms):     Min:  0.0, Avg:  0.0, Max:  0.0, Diff:  0.0, Sum:  0.1, Workers: 8
[5.762s][debug][gc,phases      ] GC(8)     GC Worker Total (ms):     Min:  0.1, Avg:  0.1, Max:  0.1, Diff:  0.0, Sum:  1.1, Workers: 8
[5.762s][info ][gc,phases      ] GC(8)   Post Evacuate Collection Set: 0.2ms
[5.762s][debug][gc,phases      ] GC(8)     Code Roots Fixup: 0.0ms
[5.762s][debug][gc,phases      ] GC(8)     Clear Card Table: 0.0ms
[5.762s][debug][gc,phases      ] GC(8)     Reference Processing: 0.0ms
[5.762s][debug][gc,phases,ref  ] GC(8)       Reconsider SoftReferences: 0.0ms
[5.762s][debug][gc,phases,ref  ] GC(8)         SoftRef (ms):             skipped
[5.762s][debug][gc,phases,ref  ] GC(8)       Notify Soft/WeakReferences: 0.0ms
[5.762s][debug][gc,phases,ref  ] GC(8)         SoftRef (ms):             Min:  0.0, Avg:  0.0, Max:  0.0, Diff:  0.0, Sum:  0.0, Workers: 1
[5.762s][debug][gc,phases,ref  ] GC(8)         WeakRef (ms):             Min:  0.0, Avg:  0.0, Max:  0.0, Diff:  0.0, Sum:  0.0, Workers: 1
[5.762s][debug][gc,phases,ref  ] GC(8)         FinalRef (ms):            Min:  0.0, Avg:  0.0, Max:  0.0, Diff:  0.0, Sum:  0.0, Workers: 1
[5.762s][debug][gc,phases,ref  ] GC(8)         Total (ms):               Min:  0.0, Avg:  0.0, Max:  0.0, Diff:  0.0, Sum:  0.0, Workers: 1
[5.762s][debug][gc,phases,ref  ] GC(8)       Notify and keep alive finalizable: 0.0ms
[5.762s][debug][gc,phases,ref  ] GC(8)         FinalRef (ms):            skipped
[5.762s][debug][gc,phases,ref  ] GC(8)       Notify PhantomReferences: 0.0ms
[5.762s][debug][gc,phases,ref  ] GC(8)         PhantomRef (ms):          skipped
[5.762s][debug][gc,phases,ref  ] GC(8)       SoftReference:
[5.762s][debug][gc,phases,ref  ] GC(8)         Discovered: 0
[5.762s][debug][gc,phases,ref  ] GC(8)         Cleared: 0
[5.762s][debug][gc,phases,ref  ] GC(8)       WeakReference:
[5.762s][debug][gc,phases,ref  ] GC(8)         Discovered: 1
[5.762s][debug][gc,phases,ref  ] GC(8)         Cleared: 0
[5.762s][debug][gc,phases,ref  ] GC(8)       FinalReference:
[5.762s][debug][gc,phases,ref  ] GC(8)         Discovered: 0
[5.762s][debug][gc,phases,ref  ] GC(8)         Cleared: 0
[5.762s][debug][gc,phases,ref  ] GC(8)       PhantomReference:
[5.762s][debug][gc,phases,ref  ] GC(8)         Discovered: 0
[5.762s][debug][gc,phases,ref  ] GC(8)         Cleared: 0
[5.762s][debug][gc,phases      ] GC(8)     Weak Processing: 0.0ms
[5.762s][debug][gc,phases      ] GC(8)       JVMTI weak processing: 0.0ms
[5.762s][debug][gc,phases      ] GC(8)         Dead: 0
[5.762s][debug][gc,phases      ] GC(8)         Total: 0
[5.762s][debug][gc,phases      ] GC(8)       JFR weak processing: 0.0ms
[5.762s][debug][gc,phases      ] GC(8)         Dead: 0
[5.762s][debug][gc,phases      ] GC(8)         Total: 0
[5.762s][debug][gc,phases      ] GC(8)       JNI weak                  Min:  0.0, Avg:  0.0, Max:  0.0, Diff:  0.0, Sum:  0.0, Workers: 5
[5.762s][debug][gc,phases      ] GC(8)         Dead                      Min: 0, Avg:  0.0, Max: 0, Diff: 0, Sum: 0, Workers: 5
[5.762s][debug][gc,phases      ] GC(8)         Total                     Min: 0, Avg: 13.8, Max: 52, Diff: 52, Sum: 69, Workers: 5
[5.762s][debug][gc,phases      ] GC(8)       VM weak                   Min:  0.0, Avg:  0.0, Max:  0.0, Diff:  0.0, Sum:  0.0, Workers: 5
[5.762s][debug][gc,phases      ] GC(8)         Dead                      Min: 0, Avg:  0.0, Max: 0, Diff: 0, Sum: 0, Workers: 5
[5.762s][debug][gc,phases      ] GC(8)         Total                     Min: 0, Avg: 42.4, Max: 128, Diff: 128, Sum: 212, Workers: 5
[5.762s][debug][gc,phases      ] GC(8)       StringTable weak          Min:  0.0, Avg:  0.0, Max:  0.0, Diff:  0.0, Sum:  0.1, Workers: 5
[5.762s][debug][gc,phases      ] GC(8)         Dead                      Min: 0, Avg:  0.0, Max: 0, Diff: 0, Sum: 0, Workers: 5
[5.762s][debug][gc,phases      ] GC(8)         Total                     Min: 639, Avg: 676.4, Max: 704, Diff: 65, Sum: 3382, Workers: 5
[5.762s][debug][gc,phases      ] GC(8)       ResolvedMethodTable weak  Min:  0.0, Avg:  0.0, Max:  0.0, Diff:  0.0, Sum:  0.0, Workers: 5
[5.762s][debug][gc,phases      ] GC(8)         Dead                      Min: 0, Avg:  0.0, Max: 0, Diff: 0, Sum: 0, Workers: 5
[5.762s][debug][gc,phases      ] GC(8)         Total                     Min: 0, Avg: 114.6, Max: 192, Diff: 192, Sum: 573, Workers: 5
[5.762s][debug][gc,phases      ] GC(8)     Merge Per-Thread State: 0.0ms
[5.762s][debug][gc,phases      ] GC(8)       Copied Bytes              Min: 472, Avg: 64308.0, Max: 402712, Diff: 402240, Sum: 514464, Workers: 8
[5.762s][debug][gc,phases      ] GC(8)       LAB Waste                 Min: 0, Avg: 33.0, Max: 104, Diff: 104, Sum: 264, Workers: 8
[5.762s][debug][gc,phases      ] GC(8)       LAB Undo Waste            Min: 0, Avg:  0.0, Max: 0, Diff: 0, Sum: 0, Workers: 8
[5.762s][debug][gc,phases      ] GC(8)     Code Roots Purge: 0.0ms
[5.762s][debug][gc,phases      ] GC(8)     Redirty Cards: 0.0ms
[5.762s][debug][gc,phases      ] GC(8)     DerivedPointerTable Update: 0.0ms
[5.762s][debug][gc,phases      ] GC(8)     Free Collection Set: 0.0ms
[5.762s][debug][gc,phases      ] GC(8)     Rebuild Free List: 0.0ms
[5.762s][debug][gc,phases      ] GC(8)     Humongous Reclaim: 0.0ms
[5.762s][debug][gc,phases      ] GC(8)     Start New Collection Set: 0.0ms
[5.762s][debug][gc,phases      ] GC(8)     Resize TLABs: 0.0ms
[5.762s][debug][gc,phases      ] GC(8)     Expand Heap After Collection: 0.0ms
[5.762s][info ][gc,phases      ] GC(8)   Other: 0.3ms
[5.762s][info ][gc,heap        ] GC(8) Eden regions: 14->0(14)
[5.762s][info ][gc,heap        ] GC(8) Survivor regions: 1->1(2)
[5.762s][info ][gc,heap        ] GC(8) Old regions: 6->6
[5.762s][info ][gc,heap        ] GC(8) Archive regions: 2->2
[5.762s][info ][gc,heap        ] GC(8) Humongous regions: 0->0
[5.762s][info ][gc,metaspace   ] GC(8) Metaspace: 9813K(10368K)->9813K(10368K) NonClass: 8668K(8960K)->8668K(8960K) Class: 1145K(1408K)->1145K(1408K)
[5.762s][debug][gc,heap        ] GC(8) Heap after GC invocations=9 (full 1): garbage-first heap   total 27648K, used 3798K [0x0000000700000000, 0x0000000800000000)
[5.762s][debug][gc,heap        ] GC(8)   region size 1024K, 1 young (1024K), 1 survivors (1024K)
[5.762s][debug][gc,heap        ] GC(8)  Metaspace       used 9813K, capacity 10111K, committed 10368K, reserved 1058816K
[5.762s][debug][gc,heap        ] GC(8)   class space    used 1145K, capacity 1266K, committed 1408K, reserved 1048576K
[5.762s][info ][gc             ] GC(8) Pause Young (Normal) (G1 Evacuation Pause) 17M->3M(27M) 1.390ms
[5.762s][info ][gc,cpu         ] GC(8) User=0.01s Sys=0.00s Real=0.00s
[5.763s][info ][safepoint      ] Safepoint "G1CollectForAllocation", Time since last: 13375761 ns, Reaching safepoint: 124543 ns, At safepoint: 2486794 ns, Total: 2611337 ns
[5.776s][debug][gc,heap        ] GC(9) Heap before GC invocations=9 (full 1): garbage-first heap   total 27648K, used 18134K [0x0000000700000000, 0x0000000800000000)
[5.776s][debug][gc,heap        ] GC(9)   region size 1024K, 15 young (15360K), 1 survivors (1024K)
[5.776s][debug][gc,heap        ] GC(9)  Metaspace       used 9813K, capacity 10111K, committed 10368K, reserved 1058816K
[5.776s][debug][gc,heap        ] GC(9)   class space    used 1145K, capacity 1266K, committed 1408K, reserved 1048576K
[5.776s][info ][gc,start       ] GC(9) Pause Young (Normal) (G1 Evacuation Pause)
[5.776s][info ][gc,task        ] GC(9) Using 8 workers of 8 for evacuation
[5.776s][debug][gc,tlab        ] GC(9) TLAB totals: thrds: 10  refills: 439 max: 86 slow allocs: 0 max 0 waste:  3.0% gc: 183024B max: 38728B slow: 250952B max: 49168B fast: 0B max: 0B
[5.776s][debug][gc,age         ] GC(9) Desired survivor size 1048576 bytes, new threshold 15 (max threshold 15)
[5.776s][debug][gc,alloc,region] GC(9) Mutator Allocation stats, regions: 14, wasted size: 0B ( 0.0%)
[5.776s][debug][gc,ergo        ] GC(9) Running G1 Merge Heap Roots using 8 workers for 15 regions
[5.776s][debug][gc,remset      ] GC(9) Visited cards 3840 Total dirty 10240 (37.50%) Total old 77824 (4.93%)
[5.776s][debug][gc,ergo        ] GC(9) Running G1 Clear Card Table Task using 1 workers for 1 units of work for 20 regions.
[5.776s][debug][gc,ref         ] GC(9) Skipped phase1 of Reference Processing due to unavailable references
[5.776s][debug][gc,ref         ] GC(9) Skipped phase3 of Reference Processing due to unavailable references
[5.776s][debug][gc,ergo        ] GC(9) Running G1 Free Collection Set using 8 workers for collection set length 15 (27)
[5.776s][debug][gc,ergo        ] GC(9) Running G1 Rebuild Free List Task using 8 workers for rebuilding free list of 0 (4096) regions
[5.776s][trace][gc,age         ] GC(9) Age table with threshold 15 (max threshold 15)
[5.776s][trace][gc,age         ] GC(9) - age   1:        960 bytes,        960 total
[5.776s][trace][gc,age         ] GC(9) - age   8:        576 bytes,       1536 total
[5.776s][trace][gc,age         ] GC(9) - age   9:     512712 bytes,     514248 total
[5.777s][debug][gc,plab        ] GC(9) Young PLAB allocation: allocated: 28896B, wasted: 288B, unused: 8248B, used: 20360B, undo waste: 0B, 
[5.777s][debug][gc,plab        ] GC(9) Young other allocation: region end waste: 0B, regions filled: 1, direct allocated: 493888B, failure used: 0B, failure wasted: 0B
[5.777s][debug][gc,plab        ] GC(9) Young sizing: calculated: 4072B, actual: 4040B
[5.777s][debug][gc,plab        ] GC(9) Old PLAB allocation: allocated: 0B, wasted: 0B, unused: 0B, used: 0B, undo waste: 0B, 
[5.777s][debug][gc,plab        ] GC(9) Old other allocation: region end waste: 0B, regions filled: 0, direct allocated: 0B, failure used: 0B, failure wasted: 0B
[5.777s][debug][gc,plab        ] GC(9) Old sizing: calculated: 0B, actual: 2064B
[5.777s][debug][gc,ihop        ] GC(9) Basic information (value update), threshold: 12740198B (45.00), target occupancy: 28311552B, current occupancy: 3888504B, recent allocation size: 0B, recent allocation duration: 14.24ms, recent old gen allocation rate: 0.00B/s, recent marking phase length: 0.00ms
[5.777s][debug][gc,ihop        ] GC(9) Adaptive IHOP information (value update), threshold: 12740198B (47.37), internal target occupancy: 26895974B, occupancy: 3888504B, additional buffer size: 15728640B, predicted old gen allocation rate: 0.00B/s, predicted marking phase length: 0.00ms, prediction active: false
[5.777s][debug][gc,ergo,refine ] GC(9) Concurrent refinement times: Logged Cards Scan time goal: 20.00ms Logged Cards Scan time: 0.01ms HCC time: 0.00ms
[5.777s][debug][gc,ergo,refine ] GC(9) Updated Refinement Zones: green: 2048, yellow: 6144, red: 10240
[5.777s][info ][gc,phases      ] GC(9)   Pre Evacuate Collection Set: 0.1ms
[5.777s][debug][gc,phases      ] GC(9)     Prepare TLABs: 0.0ms
[5.777s][debug][gc,phases      ] GC(9)     Choose Collection Set: 0.0ms
[5.777s][debug][gc,phases      ] GC(9)     Region Register: 0.1ms
[5.777s][debug][gc,phases      ] GC(9)     Prepare Heap Roots: 0.0ms
[5.777s][info ][gc,phases      ] GC(9)   Merge Heap Roots: 0.1ms
[5.777s][debug][gc,phases      ] GC(9)     Prepare Merge Heap Roots: 0.0ms
[5.777s][debug][gc,phases      ] GC(9)     Eager Reclaim (ms):       skipped
[5.777s][debug][gc,phases      ] GC(9)     Remembered Sets (ms):     Min:  0.0, Avg:  0.0, Max:  0.0, Diff:  0.0, Sum:  0.0, Workers: 8
[5.777s][debug][gc,phases      ] GC(9)       Merged Sparse:            Min: 0, Avg:  0.0, Max: 0, Diff: 0, Sum: 0, Workers: 8
[5.777s][debug][gc,phases      ] GC(9)       Merged Fine:              Min: 0, Avg:  0.0, Max: 0, Diff: 0, Sum: 0, Workers: 8
[5.777s][debug][gc,phases      ] GC(9)       Merged Coarse:            Min: 0, Avg:  0.0, Max: 0, Diff: 0, Sum: 0, Workers: 8
[5.777s][debug][gc,phases      ] GC(9)       Dirty Cards:              Min: 0, Avg:  0.0, Max: 0, Diff: 0, Sum: 0, Workers: 8
[5.777s][debug][gc,phases      ] GC(9)     Hot Card Cache (ms):      Min:  0.0, Avg:  0.0, Max:  0.0, Diff:  0.0, Sum:  0.0, Workers: 8
[5.777s][debug][gc,phases      ] GC(9)       Dirty Cards:              Min: 0, Avg:  0.0, Max: 0, Diff: 0, Sum: 0, Workers: 8
[5.777s][debug][gc,phases      ] GC(9)       Skipped Cards:            Min: 0, Avg:  0.0, Max: 0, Diff: 0, Sum: 0, Workers: 8
[5.777s][debug][gc,phases      ] GC(9)     Log Buffers (ms):         Min:  0.0, Avg:  0.0, Max:  0.0, Diff:  0.0, Sum:  0.0, Workers: 8
[5.777s][debug][gc,phases      ] GC(9)       Dirty Cards:              Min: 0, Avg:  7.5, Max: 20, Diff: 20, Sum: 60, Workers: 8
[5.777s][debug][gc,phases      ] GC(9)       Skipped Cards:            Min: 0, Avg:  0.0, Max: 0, Diff: 0, Sum: 0, Workers: 8
[5.777s][info ][gc,phases      ] GC(9)   Evacuate Collection Set: 0.2ms
[5.777s][debug][gc,phases      ] GC(9)     Ext Root Scanning (ms):   Min:  0.0, Avg:  0.0, Max:  0.1, Diff:  0.1, Sum:  0.3, Workers: 8
[5.777s][debug][gc,phases      ] GC(9)     Scan Heap Roots (ms):     Min:  0.0, Avg:  0.0, Max:  0.0, Diff:  0.0, Sum:  0.1, Workers: 8
[5.777s][debug][gc,phases      ] GC(9)       Scanned Cards:            Min: 0, Avg:  6.6, Max: 10, Diff: 10, Sum: 53, Workers: 8
[5.777s][debug][gc,phases      ] GC(9)       Scanned Blocks:           Min: 0, Avg:  5.5, Max: 9, Diff: 9, Sum: 44, Workers: 8
[5.777s][debug][gc,phases      ] GC(9)       Claimed Chunks:           Min: 0, Avg:  1.9, Max: 3, Diff: 3, Sum: 15, Workers: 8
[5.777s][debug][gc,phases      ] GC(9)     Code Root Scan (ms):      Min:  0.0, Avg:  0.0, Max:  0.0, Diff:  0.0, Sum:  0.0, Workers: 8
[5.777s][debug][gc,phases      ] GC(9)     Object Copy (ms):         Min:  0.0, Avg:  0.0, Max:  0.1, Diff:  0.1, Sum:  0.2, Workers: 8
[5.777s][debug][gc,phases      ] GC(9)     Termination (ms):         Min:  0.0, Avg:  0.1, Max:  0.1, Diff:  0.1, Sum:  0.5, Workers: 8
[5.777s][debug][gc,phases      ] GC(9)       Termination Attempts:     Min: 1, Avg:  1.0, Max: 1, Diff: 0, Sum: 8, Workers: 8
[5.777s][debug][gc,phases      ] GC(9)     GC Worker Other (ms):     Min:  0.0, Avg:  0.0, Max:  0.0, Diff:  0.0, Sum:  0.1, Workers: 8
[5.777s][debug][gc,phases      ] GC(9)     GC Worker Total (ms):     Min:  0.1, Avg:  0.1, Max:  0.2, Diff:  0.1, Sum:  1.2, Workers: 8
[5.777s][info ][gc,phases      ] GC(9)   Post Evacuate Collection Set: 0.3ms
[5.777s][debug][gc,phases      ] GC(9)     Code Roots Fixup: 0.0ms
[5.777s][debug][gc,phases      ] GC(9)     Clear Card Table: 0.0ms
[5.777s][debug][gc,phases      ] GC(9)     Reference Processing: 0.0ms
[5.777s][debug][gc,phases,ref  ] GC(9)       Reconsider SoftReferences: 0.0ms
[5.777s][debug][gc,phases,ref  ] GC(9)         SoftRef (ms):             skipped
[5.777s][debug][gc,phases,ref  ] GC(9)       Notify Soft/WeakReferences: 0.0ms
[5.777s][debug][gc,phases,ref  ] GC(9)         SoftRef (ms):             Min:  0.0, Avg:  0.0, Max:  0.0, Diff:  0.0, Sum:  0.0, Workers: 1
[5.777s][debug][gc,phases,ref  ] GC(9)         WeakRef (ms):             Min:  0.0, Avg:  0.0, Max:  0.0, Diff:  0.0, Sum:  0.0, Workers: 1
[5.777s][debug][gc,phases,ref  ] GC(9)         FinalRef (ms):            Min:  0.0, Avg:  0.0, Max:  0.0, Diff:  0.0, Sum:  0.0, Workers: 1
[5.777s][debug][gc,phases,ref  ] GC(9)         Total (ms):               Min:  0.0, Avg:  0.0, Max:  0.0, Diff:  0.0, Sum:  0.0, Workers: 1
[5.777s][debug][gc,phases,ref  ] GC(9)       Notify and keep alive finalizable: 0.0ms
[5.777s][debug][gc,phases,ref  ] GC(9)         FinalRef (ms):            skipped
[5.777s][debug][gc,phases,ref  ] GC(9)       Notify PhantomReferences: 0.0ms
[5.777s][debug][gc,phases,ref  ] GC(9)         PhantomRef (ms):          Min:  0.0, Avg:  0.0, Max:  0.0, Diff:  0.0, Sum:  0.0, Workers: 1
[5.777s][debug][gc,phases,ref  ] GC(9)       SoftReference:
[5.777s][debug][gc,phases,ref  ] GC(9)         Discovered: 0
[5.777s][debug][gc,phases,ref  ] GC(9)         Cleared: 0
[5.777s][debug][gc,phases,ref  ] GC(9)       WeakReference:
[5.777s][debug][gc,phases,ref  ] GC(9)         Discovered: 1
[5.777s][debug][gc,phases,ref  ] GC(9)         Cleared: 0
[5.777s][debug][gc,phases,ref  ] GC(9)       FinalReference:
[5.777s][debug][gc,phases,ref  ] GC(9)         Discovered: 0
[5.777s][debug][gc,phases,ref  ] GC(9)         Cleared: 0
[5.777s][debug][gc,phases,ref  ] GC(9)       PhantomReference:
[5.777s][debug][gc,phases,ref  ] GC(9)         Discovered: 2
[5.777s][debug][gc,phases,ref  ] GC(9)         Cleared: 2
[5.777s][debug][gc,phases      ] GC(9)     Weak Processing: 0.1ms
[5.777s][debug][gc,phases      ] GC(9)       JVMTI weak processing: 0.0ms
[5.777s][debug][gc,phases      ] GC(9)         Dead: 0
[5.777s][debug][gc,phases      ] GC(9)         Total: 0
[5.777s][debug][gc,phases      ] GC(9)       JFR weak processing: 0.0ms
[5.777s][debug][gc,phases      ] GC(9)         Dead: 0
[5.777s][debug][gc,phases      ] GC(9)         Total: 0
[5.777s][debug][gc,phases      ] GC(9)       JNI weak                  Min:  0.0, Avg:  0.0, Max:  0.0, Diff:  0.0, Sum:  0.0, Workers: 5
[5.777s][debug][gc,phases      ] GC(9)         Dead                      Min: 0, Avg:  0.0, Max: 0, Diff: 0, Sum: 0, Workers: 5
[5.777s][debug][gc,phases      ] GC(9)         Total                     Min: 0, Avg: 13.8, Max: 52, Diff: 52, Sum: 69, Workers: 5
[5.777s][debug][gc,phases      ] GC(9)       VM weak                   Min:  0.0, Avg:  0.0, Max:  0.0, Diff:  0.0, Sum:  0.0, Workers: 5
[5.777s][debug][gc,phases      ] GC(9)         Dead                      Min: 0, Avg:  0.0, Max: 0, Diff: 0, Sum: 0, Workers: 5
[5.777s][debug][gc,phases      ] GC(9)         Total                     Min: 0, Avg: 42.4, Max: 84, Diff: 84, Sum: 212, Workers: 5
[5.777s][debug][gc,phases      ] GC(9)       StringTable weak          Min:  0.0, Avg:  0.0, Max:  0.0, Diff:  0.0, Sum:  0.1, Workers: 5
[5.777s][debug][gc,phases      ] GC(9)         Dead                      Min: 0, Avg:  0.0, Max: 0, Diff: 0, Sum: 0, Workers: 5
[5.777s][debug][gc,phases      ] GC(9)         Total                     Min: 0, Avg: 676.4, Max: 887, Diff: 887, Sum: 3382, Workers: 5
[5.777s][debug][gc,phases      ] GC(9)       ResolvedMethodTable weak  Min:  0.0, Avg:  0.0, Max:  0.0, Diff:  0.0, Sum:  0.0, Workers: 5
[5.777s][debug][gc,phases      ] GC(9)         Dead                      Min: 0, Avg:  0.0, Max: 0, Diff: 0, Sum: 0, Workers: 5
[5.777s][debug][gc,phases      ] GC(9)         Total                     Min: 0, Avg: 114.6, Max: 189, Diff: 189, Sum: 573, Workers: 5
[5.777s][debug][gc,phases      ] GC(9)     Merge Per-Thread State: 0.0ms
[5.777s][debug][gc,phases      ] GC(9)       Copied Bytes              Min: 0, Avg: 64281.0, Max: 402272, Diff: 402272, Sum: 514248, Workers: 8
[5.777s][debug][gc,phases      ] GC(9)       LAB Waste                 Min: 0, Avg: 36.0, Max: 88, Diff: 88, Sum: 288, Workers: 8
[5.777s][debug][gc,phases      ] GC(9)       LAB Undo Waste            Min: 0, Avg:  0.0, Max: 0, Diff: 0, Sum: 0, Workers: 8
[5.777s][debug][gc,phases      ] GC(9)     Code Roots Purge: 0.0ms
[5.777s][debug][gc,phases      ] GC(9)     Redirty Cards: 0.0ms
[5.777s][debug][gc,phases      ] GC(9)     DerivedPointerTable Update: 0.0ms
[5.777s][debug][gc,phases      ] GC(9)     Free Collection Set: 0.1ms
[5.777s][debug][gc,phases      ] GC(9)     Rebuild Free List: 0.0ms
[5.777s][debug][gc,phases      ] GC(9)     Humongous Reclaim: 0.0ms
[5.777s][debug][gc,phases      ] GC(9)     Start New Collection Set: 0.0ms
[5.777s][debug][gc,phases      ] GC(9)     Resize TLABs: 0.0ms
[5.777s][debug][gc,phases      ] GC(9)     Expand Heap After Collection: 0.0ms
[5.777s][info ][gc,phases      ] GC(9)   Other: 0.3ms
[5.777s][info ][gc,heap        ] GC(9) Eden regions: 14->0(14)
[5.777s][info ][gc,heap        ] GC(9) Survivor regions: 1->1(2)
[5.777s][info ][gc,heap        ] GC(9) Old regions: 6->6
[5.777s][info ][gc,heap        ] GC(9) Archive regions: 2->2
[5.777s][info ][gc,heap        ] GC(9) Humongous regions: 0->0
[5.777s][info ][gc,metaspace   ] GC(9) Metaspace: 9813K(10368K)->9813K(10368K) NonClass: 8668K(8960K)->8668K(8960K) Class: 1145K(1408K)->1145K(1408K)
[5.777s][debug][gc,heap        ] GC(9) Heap after GC invocations=10 (full 1): garbage-first heap   total 27648K, used 3797K [0x0000000700000000, 0x0000000800000000)
[5.777s][debug][gc,heap        ] GC(9)   region size 1024K, 1 young (1024K), 1 survivors (1024K)
[5.777s][debug][gc,heap        ] GC(9)  Metaspace       used 9813K, capacity 10111K, committed 10368K, reserved 1058816K
[5.777s][debug][gc,heap        ] GC(9)   class space    used 1145K, capacity 1266K, committed 1408K, reserved 1048576K
[5.777s][info ][gc             ] GC(9) Pause Young (Normal) (G1 Evacuation Pause) 17M->3M(27M) 1.655ms
[5.777s][info ][gc,cpu         ] GC(9) User=0.01s Sys=0.00s Real=0.00s
[5.777s][info ][safepoint      ] Safepoint "G1CollectForAllocation", Time since last: 12342169 ns, Reaching safepoint: 136535 ns, At safepoint: 1837287 ns, Total: 1973822 ns
[5.791s][debug][gc,heap        ] GC(10) Heap before GC invocations=10 (full 1): garbage-first heap   total 27648K, used 18133K [0x0000000700000000, 0x0000000800000000)
[5.791s][debug][gc,heap        ] GC(10)   region size 1024K, 15 young (15360K), 1 survivors (1024K)
[5.791s][debug][gc,heap        ] GC(10)  Metaspace       used 9813K, capacity 10111K, committed 10368K, reserved 1058816K
[5.791s][debug][gc,heap        ] GC(10)   class space    used 1145K, capacity 1266K, committed 1408K, reserved 1048576K
[5.791s][info ][gc,start       ] GC(10) Pause Young (Normal) (G1 Evacuation Pause)
[5.791s][info ][gc,task        ] GC(10) Using 8 workers of 8 for evacuation
[5.791s][debug][gc,tlab        ] GC(10) TLAB totals: thrds: 10  refills: 434 max: 72 slow allocs: 0 max 0 waste:  2.7% gc: 150056B max: 32048B slow: 248232B max: 41488B fast: 0B max: 0B
[5.791s][debug][gc,age         ] GC(10) Desired survivor size 1048576 bytes, new threshold 15 (max threshold 15)
[5.791s][debug][gc,alloc,region] GC(10) Mutator Allocation stats, regions: 14, wasted size: 0B ( 0.0%)
[5.791s][debug][gc,ergo        ] GC(10) Running G1 Merge Heap Roots using 8 workers for 15 regions
[5.791s][debug][gc,remset      ] GC(10) Visited cards 3840 Total dirty 10240 (37.50%) Total old 77824 (4.93%)
[5.791s][debug][gc,ergo        ] GC(10) Running G1 Clear Card Table Task using 1 workers for 1 units of work for 20 regions.
[5.791s][debug][gc,ref         ] GC(10) Skipped phase1 of Reference Processing due to unavailable references
[5.791s][debug][gc,ref         ] GC(10) Skipped phase3 of Reference Processing due to unavailable references
[5.791s][debug][gc,ref         ] GC(10) Skipped phase4 of Reference Processing due to unavailable references
[5.791s][debug][gc,ergo        ] GC(10) Running G1 Free Collection Set using 8 workers for collection set length 15 (27)
[5.791s][debug][gc,ergo        ] GC(10) Running G1 Rebuild Free List Task using 8 workers for rebuilding free list of 0 (4096) regions
[5.791s][trace][gc,age         ] GC(10) Age table with threshold 15 (max threshold 15)
[5.791s][trace][gc,age         ] GC(10) - age   1:       1112 bytes,       1112 total
[5.791s][trace][gc,age         ] GC(10) - age   9:        576 bytes,       1688 total
[5.791s][trace][gc,age         ] GC(10) - age  10:     512712 bytes,     514400 total
[5.791s][debug][gc,plab        ] GC(10) Young PLAB allocation: allocated: 28896B, wasted: 152B, unused: 9784B, used: 18960B, undo waste: 0B, 
[5.792s][debug][gc,plab        ] GC(10) Young other allocation: region end waste: 0B, regions filled: 1, direct allocated: 495440B, failure used: 0B, failure wasted: 0B
[5.792s][debug][gc,plab        ] GC(10) Young sizing: calculated: 3792B, actual: 3848B
[5.792s][debug][gc,plab        ] GC(10) Old PLAB allocation: allocated: 0B, wasted: 0B, unused: 0B, used: 0B, undo waste: 0B, 
[5.792s][debug][gc,plab        ] GC(10) Old other allocation: region end waste: 0B, regions filled: 0, direct allocated: 0B, failure used: 0B, failure wasted: 0B
[5.792s][debug][gc,plab        ] GC(10) Old sizing: calculated: 0B, actual: 2064B
[5.792s][debug][gc,ihop        ] GC(10) Basic information (value update), threshold: 12740198B (45.00), target occupancy: 28311552B, current occupancy: 3890056B, recent allocation size: 0B, recent allocation duration: 14.30ms, recent old gen allocation rate: 0.00B/s, recent marking phase length: 0.00ms
[5.792s][debug][gc,ihop        ] GC(10) Adaptive IHOP information (value update), threshold: 12740198B (47.37), internal target occupancy: 26895974B, occupancy: 3890056B, additional buffer size: 15728640B, predicted old gen allocation rate: 0.00B/s, predicted marking phase length: 0.00ms, prediction active: false
[5.792s][debug][gc,ergo,refine ] GC(10) Concurrent refinement times: Logged Cards Scan time goal: 20.00ms Logged Cards Scan time: 0.01ms HCC time: 0.00ms
[5.792s][debug][gc,ergo,refine ] GC(10) Updated Refinement Zones: green: 2048, yellow: 6144, red: 10240
[5.792s][info ][gc,phases      ] GC(10)   Pre Evacuate Collection Set: 0.1ms
[5.792s][debug][gc,phases      ] GC(10)     Prepare TLABs: 0.0ms
[5.792s][debug][gc,phases      ] GC(10)     Choose Collection Set: 0.0ms
[5.792s][debug][gc,phases      ] GC(10)     Region Register: 0.1ms
[5.792s][debug][gc,phases      ] GC(10)     Prepare Heap Roots: 0.0ms
[5.792s][info ][gc,phases      ] GC(10)   Merge Heap Roots: 0.1ms
[5.792s][debug][gc,phases      ] GC(10)     Prepare Merge Heap Roots: 0.0ms
[5.792s][debug][gc,phases      ] GC(10)     Eager Reclaim (ms):       skipped
[5.792s][debug][gc,phases      ] GC(10)     Remembered Sets (ms):     Min:  0.0, Avg:  0.0, Max:  0.0, Diff:  0.0, Sum:  0.0, Workers: 8
[5.792s][debug][gc,phases      ] GC(10)       Merged Sparse:            Min: 0, Avg:  0.0, Max: 0, Diff: 0, Sum: 0, Workers: 8
[5.792s][debug][gc,phases      ] GC(10)       Merged Fine:              Min: 0, Avg:  0.0, Max: 0, Diff: 0, Sum: 0, Workers: 8
[5.792s][debug][gc,phases      ] GC(10)       Merged Coarse:            Min: 0, Avg:  0.0, Max: 0, Diff: 0, Sum: 0, Workers: 8
[5.792s][debug][gc,phases      ] GC(10)       Dirty Cards:              Min: 0, Avg:  0.0, Max: 0, Diff: 0, Sum: 0, Workers: 8
[5.792s][debug][gc,phases      ] GC(10)     Hot Card Cache (ms):      Min:  0.0, Avg:  0.0, Max:  0.0, Diff:  0.0, Sum:  0.0, Workers: 8
[5.792s][debug][gc,phases      ] GC(10)       Dirty Cards:              Min: 0, Avg:  0.0, Max: 0, Diff: 0, Sum: 0, Workers: 8
[5.792s][debug][gc,phases      ] GC(10)       Skipped Cards:            Min: 0, Avg:  0.0, Max: 0, Diff: 0, Sum: 0, Workers: 8
[5.792s][debug][gc,phases      ] GC(10)     Log Buffers (ms):         Min:  0.0, Avg:  0.0, Max:  0.0, Diff:  0.0, Sum:  0.0, Workers: 8
[5.792s][debug][gc,phases      ] GC(10)       Dirty Cards:              Min: 0, Avg:  7.1, Max: 37, Diff: 37, Sum: 57, Workers: 8
[5.792s][debug][gc,phases      ] GC(10)       Skipped Cards:            Min: 0, Avg:  0.0, Max: 0, Diff: 0, Sum: 0, Workers: 8
[5.792s][info ][gc,phases      ] GC(10)   Evacuate Collection Set: 0.2ms
[5.792s][debug][gc,phases      ] GC(10)     Ext Root Scanning (ms):   Min:  0.0, Avg:  0.1, Max:  0.1, Diff:  0.1, Sum:  0.4, Workers: 8
[5.792s][debug][gc,phases      ] GC(10)     Scan Heap Roots (ms):     Min:  0.0, Avg:  0.0, Max:  0.0, Diff:  0.0, Sum:  0.1, Workers: 8
[5.792s][debug][gc,phases      ] GC(10)       Scanned Cards:            Min: 0, Avg:  6.8, Max: 14, Diff: 14, Sum: 54, Workers: 8
[5.792s][debug][gc,phases      ] GC(10)       Scanned Blocks:           Min: 0, Avg:  5.6, Max: 11, Diff: 11, Sum: 45, Workers: 8
[5.792s][debug][gc,phases      ] GC(10)       Claimed Chunks:           Min: 0, Avg:  1.9, Max: 4, Diff: 4, Sum: 15, Workers: 8
[5.792s][debug][gc,phases      ] GC(10)     Code Root Scan (ms):      Min:  0.0, Avg:  0.0, Max:  0.0, Diff:  0.0, Sum:  0.0, Workers: 8
[5.792s][debug][gc,phases      ] GC(10)     Object Copy (ms):         Min:  0.0, Avg:  0.0, Max:  0.1, Diff:  0.1, Sum:  0.2, Workers: 8
[5.792s][debug][gc,phases      ] GC(10)     Termination (ms):         Min:  0.0, Avg:  0.1, Max:  0.1, Diff:  0.1, Sum:  0.6, Workers: 8
[5.792s][debug][gc,phases      ] GC(10)       Termination Attempts:     Min: 1, Avg:  1.0, Max: 1, Diff: 0, Sum: 8, Workers: 8
[5.792s][debug][gc,phases      ] GC(10)     GC Worker Other (ms):     Min:  0.0, Avg:  0.0, Max:  0.0, Diff:  0.0, Sum:  0.1, Workers: 8
[5.792s][debug][gc,phases      ] GC(10)     GC Worker Total (ms):     Min:  0.2, Avg:  0.2, Max:  0.2, Diff:  0.0, Sum:  1.4, Workers: 8
[5.792s][info ][gc,phases      ] GC(10)   Post Evacuate Collection Set: 0.2ms
[5.792s][debug][gc,phases      ] GC(10)     Code Roots Fixup: 0.0ms
[5.792s][debug][gc,phases      ] GC(10)     Clear Card Table: 0.0ms
[5.792s][debug][gc,phases      ] GC(10)     Reference Processing: 0.0ms
[5.792s][debug][gc,phases,ref  ] GC(10)       Reconsider SoftReferences: 0.0ms
[5.792s][debug][gc,phases,ref  ] GC(10)         SoftRef (ms):             skipped
[5.792s][debug][gc,phases,ref  ] GC(10)       Notify Soft/WeakReferences: 0.0ms
[5.792s][debug][gc,phases,ref  ] GC(10)         SoftRef (ms):             Min:  0.0, Avg:  0.0, Max:  0.0, Diff:  0.0, Sum:  0.0, Workers: 1
[5.792s][debug][gc,phases,ref  ] GC(10)         WeakRef (ms):             Min:  0.0, Avg:  0.0, Max:  0.0, Diff:  0.0, Sum:  0.0, Workers: 1
[5.792s][debug][gc,phases,ref  ] GC(10)         FinalRef (ms):            Min:  0.0, Avg:  0.0, Max:  0.0, Diff:  0.0, Sum:  0.0, Workers: 1
[5.792s][debug][gc,phases,ref  ] GC(10)         Total (ms):               Min:  0.0, Avg:  0.0, Max:  0.0, Diff:  0.0, Sum:  0.0, Workers: 1
[5.792s][debug][gc,phases,ref  ] GC(10)       Notify and keep alive finalizable: 0.0ms
[5.792s][debug][gc,phases,ref  ] GC(10)         FinalRef (ms):            skipped
[5.792s][debug][gc,phases,ref  ] GC(10)       Notify PhantomReferences: 0.0ms
[5.792s][debug][gc,phases,ref  ] GC(10)         PhantomRef (ms):          skipped
[5.792s][debug][gc,phases,ref  ] GC(10)       SoftReference:
[5.792s][debug][gc,phases,ref  ] GC(10)         Discovered: 0
[5.792s][debug][gc,phases,ref  ] GC(10)         Cleared: 0
[5.792s][debug][gc,phases,ref  ] GC(10)       WeakReference:
[5.792s][debug][gc,phases,ref  ] GC(10)         Discovered: 1
[5.792s][debug][gc,phases,ref  ] GC(10)         Cleared: 0
[5.792s][debug][gc,phases,ref  ] GC(10)       FinalReference:
[5.792s][debug][gc,phases,ref  ] GC(10)         Discovered: 0
[5.792s][debug][gc,phases,ref  ] GC(10)         Cleared: 0
[5.792s][debug][gc,phases,ref  ] GC(10)       PhantomReference:
[5.792s][debug][gc,phases,ref  ] GC(10)         Discovered: 0
[5.792s][debug][gc,phases,ref  ] GC(10)         Cleared: 0
[5.792s][debug][gc,phases      ] GC(10)     Weak Processing: 0.0ms
[5.792s][debug][gc,phases      ] GC(10)       JVMTI weak processing: 0.0ms
[5.792s][debug][gc,phases      ] GC(10)         Dead: 0
[5.792s][debug][gc,phases      ] GC(10)         Total: 0
[5.792s][debug][gc,phases      ] GC(10)       JFR weak processing: 0.0ms
[5.792s][debug][gc,phases      ] GC(10)         Dead: 0
[5.792s][debug][gc,phases      ] GC(10)         Total: 0
[5.792s][debug][gc,phases      ] GC(10)       JNI weak                  Min:  0.0, Avg:  0.0, Max:  0.0, Diff:  0.0, Sum:  0.0, Workers: 5
[5.792s][debug][gc,phases      ] GC(10)         Dead                      Min: 0, Avg:  0.0, Max: 0, Diff: 0, Sum: 0, Workers: 5
[5.792s][debug][gc,phases      ] GC(10)         Total                     Min: 0, Avg: 13.8, Max: 52, Diff: 52, Sum: 69, Workers: 5
[5.792s][debug][gc,phases      ] GC(10)       VM weak                   Min:  0.0, Avg:  0.0, Max:  0.0, Diff:  0.0, Sum:  0.0, Workers: 5
[5.792s][debug][gc,phases      ] GC(10)         Dead                      Min: 0, Avg:  0.0, Max: 0, Diff: 0, Sum: 0, Workers: 5
[5.792s][debug][gc,phases      ] GC(10)         Total                     Min: 0, Avg: 42.4, Max: 84, Diff: 84, Sum: 212, Workers: 5
[5.792s][debug][gc,phases      ] GC(10)       StringTable weak          Min:  0.0, Avg:  0.0, Max:  0.0, Diff:  0.0, Sum:  0.0, Workers: 5
[5.792s][debug][gc,phases      ] GC(10)         Dead                      Min: 0, Avg:  0.0, Max: 0, Diff: 0, Sum: 0, Workers: 5
[5.792s][debug][gc,phases      ] GC(10)         Total                     Min: 640, Avg: 676.4, Max: 704, Diff: 64, Sum: 3382, Workers: 5
[5.792s][debug][gc,phases      ] GC(10)       ResolvedMethodTable weak  Min:  0.0, Avg:  0.0, Max:  0.0, Diff:  0.0, Sum:  0.0, Workers: 5
[5.792s][debug][gc,phases      ] GC(10)         Dead                      Min: 0, Avg:  0.0, Max: 0, Diff: 0, Sum: 0, Workers: 5
[5.792s][debug][gc,phases      ] GC(10)         Total                     Min: 61, Avg: 114.6, Max: 128, Diff: 67, Sum: 573, Workers: 5
[5.792s][debug][gc,phases      ] GC(10)     Merge Per-Thread State: 0.0ms
[5.792s][debug][gc,phases      ] GC(10)       Copied Bytes              Min: 504, Avg: 64300.0, Max: 447248, Diff: 446744, Sum: 514400, Workers: 8
[5.792s][debug][gc,phases      ] GC(10)       LAB Waste                 Min: 0, Avg: 19.0, Max: 48, Diff: 48, Sum: 152, Workers: 8
[5.792s][debug][gc,phases      ] GC(10)       LAB Undo Waste            Min: 0, Avg:  0.0, Max: 0, Diff: 0, Sum: 0, Workers: 8
[5.792s][debug][gc,phases      ] GC(10)     Code Roots Purge: 0.0ms
[5.792s][debug][gc,phases      ] GC(10)     Redirty Cards: 0.0ms
[5.792s][debug][gc,phases      ] GC(10)     DerivedPointerTable Update: 0.0ms
[5.792s][debug][gc,phases      ] GC(10)     Free Collection Set: 0.0ms
[5.792s][debug][gc,phases      ] GC(10)     Rebuild Free List: 0.0ms
[5.792s][debug][gc,phases      ] GC(10)     Humongous Reclaim: 0.0ms
[5.792s][debug][gc,phases      ] GC(10)     Start New Collection Set: 0.0ms
[5.792s][debug][gc,phases      ] GC(10)     Resize TLABs: 0.0ms
[5.792s][debug][gc,phases      ] GC(10)     Expand Heap After Collection: 0.0ms
[5.792s][info ][gc,phases      ] GC(10)   Other: 0.3ms
[5.792s][info ][gc,heap        ] GC(10) Eden regions: 14->0(14)
[5.792s][info ][gc,heap        ] GC(10) Survivor regions: 1->1(2)
[5.792s][info ][gc,heap        ] GC(10) Old regions: 6->6
[5.792s][info ][gc,heap        ] GC(10) Archive regions: 2->2
[5.792s][info ][gc,heap        ] GC(10) Humongous regions: 0->0
[5.792s][info ][gc,metaspace   ] GC(10) Metaspace: 9813K(10368K)->9813K(10368K) NonClass: 8668K(8960K)->8668K(8960K) Class: 1145K(1408K)->1145K(1408K)
[5.792s][debug][gc,heap        ] GC(10) Heap after GC invocations=11 (full 1): garbage-first heap   total 27648K, used 3798K [0x0000000700000000, 0x0000000800000000)
[5.792s][debug][gc,heap        ] GC(10)   region size 1024K, 1 young (1024K), 1 survivors (1024K)
[5.792s][debug][gc,heap        ] GC(10)  Metaspace       used 9813K, capacity 10111K, committed 10368K, reserved 1058816K
[5.792s][debug][gc,heap        ] GC(10)   class space    used 1145K, capacity 1266K, committed 1408K, reserved 1048576K
[5.792s][info ][gc             ] GC(10) Pause Young (Normal) (G1 Evacuation Pause) 17M->3M(27M) 1.368ms
[5.792s][info ][gc,cpu         ] GC(10) User=0.00s Sys=0.00s Real=0.00s
[5.793s][info ][safepoint      ] Safepoint "G1CollectForAllocation", Time since last: 13093407 ns, Reaching safepoint: 123541 ns, At safepoint: 2508957 ns, Total: 2632498 ns
[5.806s][debug][gc,heap        ] GC(11) Heap before GC invocations=11 (full 1): garbage-first heap   total 27648K, used 18134K [0x0000000700000000, 0x0000000800000000)
[5.806s][debug][gc,heap        ] GC(11)   region size 1024K, 15 young (15360K), 1 survivors (1024K)
[5.806s][debug][gc,heap        ] GC(11)  Metaspace       used 9813K, capacity 10111K, committed 10368K, reserved 1058816K
[5.806s][debug][gc,heap        ] GC(11)   class space    used 1145K, capacity 1266K, committed 1408K, reserved 1048576K
[5.806s][info ][gc,start       ] GC(11) Pause Young (Normal) (G1 Evacuation Pause)
[5.806s][info ][gc,task        ] GC(11) Using 8 workers of 8 for evacuation
[5.806s][debug][gc,tlab        ] GC(11) TLAB totals: thrds: 10  refills: 437 max: 69 slow allocs: 0 max 0 waste:  2.7% gc: 141392B max: 23912B slow: 250680B max: 39624B fast: 0B max: 0B
[5.806s][debug][gc,age         ] GC(11) Desired survivor size 1048576 bytes, new threshold 15 (max threshold 15)
[5.806s][debug][gc,alloc,region] GC(11) Mutator Allocation stats, regions: 14, wasted size: 0B ( 0.0%)
[5.806s][debug][gc,ergo        ] GC(11) Running G1 Merge Heap Roots using 8 workers for 15 regions
[5.806s][debug][gc,remset      ] GC(11) Visited cards 3840 Total dirty 10240 (37.50%) Total old 77824 (4.93%)
[5.806s][debug][gc,ergo        ] GC(11) Running G1 Clear Card Table Task using 1 workers for 1 units of work for 20 regions.
[5.806s][debug][gc,ref         ] GC(11) Skipped phase1 of Reference Processing due to unavailable references
[5.806s][debug][gc,ref         ] GC(11) Skipped phase3 of Reference Processing due to unavailable references
[5.807s][debug][gc,ergo        ] GC(11) Running G1 Free Collection Set using 8 workers for collection set length 15 (27)
[5.807s][debug][gc,ergo        ] GC(11) Running G1 Rebuild Free List Task using 8 workers for rebuilding free list of 0 (4096) regions
[5.807s][trace][gc,age         ] GC(11) Age table with threshold 15 (max threshold 15)
[5.807s][trace][gc,age         ] GC(11) - age   1:       1104 bytes,       1104 total
[5.807s][trace][gc,age         ] GC(11) - age  10:        576 bytes,       1680 total
[5.807s][trace][gc,age         ] GC(11) - age  11:     512712 bytes,     514392 total
[5.807s][debug][gc,plab        ] GC(11) Young PLAB allocation: allocated: 28896B, wasted: 288B, unused: 9288B, used: 19320B, undo waste: 0B, 
[5.807s][debug][gc,plab        ] GC(11) Young other allocation: region end waste: 0B, regions filled: 1, direct allocated: 495072B, failure used: 0B, failure wasted: 0B
[5.807s][debug][gc,plab        ] GC(11) Young sizing: calculated: 3864B, actual: 3856B
[5.807s][debug][gc,plab        ] GC(11) Old PLAB allocation: allocated: 0B, wasted: 0B, unused: 0B, used: 0B, undo waste: 0B, 
[5.807s][debug][gc,plab        ] GC(11) Old other allocation: region end waste: 0B, regions filled: 0, direct allocated: 0B, failure used: 0B, failure wasted: 0B
[5.807s][debug][gc,plab        ] GC(11) Old sizing: calculated: 0B, actual: 2064B
[5.807s][debug][gc,ihop        ] GC(11) Basic information (value update), threshold: 12740198B (45.00), target occupancy: 28311552B, current occupancy: 3889688B, recent allocation size: 0B, recent allocation duration: 14.44ms, recent old gen allocation rate: 0.00B/s, recent marking phase length: 0.00ms
[5.807s][debug][gc,ihop        ] GC(11) Adaptive IHOP information (value update), threshold: 12740198B (47.37), internal target occupancy: 26895974B, occupancy: 3889688B, additional buffer size: 15728640B, predicted old gen allocation rate: 0.00B/s, predicted marking phase length: 0.00ms, prediction active: false
[5.807s][debug][gc,ergo,refine ] GC(11) Concurrent refinement times: Logged Cards Scan time goal: 20.00ms Logged Cards Scan time: 0.01ms HCC time: 0.00ms
[5.807s][debug][gc,ergo,refine ] GC(11) Updated Refinement Zones: green: 2048, yellow: 6144, red: 10240
[5.807s][info ][gc,phases      ] GC(11)   Pre Evacuate Collection Set: 0.1ms
[5.807s][debug][gc,phases      ] GC(11)     Prepare TLABs: 0.0ms
[5.807s][debug][gc,phases      ] GC(11)     Choose Collection Set: 0.0ms
[5.807s][debug][gc,phases      ] GC(11)     Region Register: 0.1ms
[5.807s][debug][gc,phases      ] GC(11)     Prepare Heap Roots: 0.0ms
[5.807s][info ][gc,phases      ] GC(11)   Merge Heap Roots: 0.1ms
[5.807s][debug][gc,phases      ] GC(11)     Prepare Merge Heap Roots: 0.0ms
[5.807s][debug][gc,phases      ] GC(11)     Eager Reclaim (ms):       skipped
[5.807s][debug][gc,phases      ] GC(11)     Remembered Sets (ms):     Min:  0.0, Avg:  0.0, Max:  0.0, Diff:  0.0, Sum:  0.0, Workers: 8
[5.807s][debug][gc,phases      ] GC(11)       Merged Sparse:            Min: 0, Avg:  0.0, Max: 0, Diff: 0, Sum: 0, Workers: 8
[5.807s][debug][gc,phases      ] GC(11)       Merged Fine:              Min: 0, Avg:  0.0, Max: 0, Diff: 0, Sum: 0, Workers: 8
[5.807s][debug][gc,phases      ] GC(11)       Merged Coarse:            Min: 0, Avg:  0.0, Max: 0, Diff: 0, Sum: 0, Workers: 8
[5.807s][debug][gc,phases      ] GC(11)       Dirty Cards:              Min: 0, Avg:  0.0, Max: 0, Diff: 0, Sum: 0, Workers: 8
[5.807s][debug][gc,phases      ] GC(11)     Hot Card Cache (ms):      Min:  0.0, Avg:  0.0, Max:  0.0, Diff:  0.0, Sum:  0.0, Workers: 8
[5.807s][debug][gc,phases      ] GC(11)       Dirty Cards:              Min: 0, Avg:  0.0, Max: 0, Diff: 0, Sum: 0, Workers: 8
[5.807s][debug][gc,phases      ] GC(11)       Skipped Cards:            Min: 0, Avg:  0.0, Max: 0, Diff: 0, Sum: 0, Workers: 8
[5.807s][debug][gc,phases      ] GC(11)     Log Buffers (ms):         Min:  0.0, Avg:  0.0, Max:  0.0, Diff:  0.0, Sum:  0.0, Workers: 8
[5.807s][debug][gc,phases      ] GC(11)       Dirty Cards:              Min: 0, Avg:  6.9, Max: 26, Diff: 26, Sum: 55, Workers: 8
[5.807s][debug][gc,phases      ] GC(11)       Skipped Cards:            Min: 0, Avg:  0.0, Max: 0, Diff: 0, Sum: 0, Workers: 8
[5.807s][info ][gc,phases      ] GC(11)   Evacuate Collection Set: 0.2ms
[5.807s][debug][gc,phases      ] GC(11)     Ext Root Scanning (ms):   Min:  0.0, Avg:  0.0, Max:  0.1, Diff:  0.1, Sum:  0.3, Workers: 8
[5.807s][debug][gc,phases      ] GC(11)     Scan Heap Roots (ms):     Min:  0.0, Avg:  0.0, Max:  0.0, Diff:  0.0, Sum:  0.1, Workers: 8
[5.807s][debug][gc,phases      ] GC(11)       Scanned Cards:            Min: 0, Avg:  6.6, Max: 10, Diff: 10, Sum: 53, Workers: 8
[5.807s][debug][gc,phases      ] GC(11)       Scanned Blocks:           Min: 0, Avg:  5.5, Max: 8, Diff: 8, Sum: 44, Workers: 8
[5.807s][debug][gc,phases      ] GC(11)       Claimed Chunks:           Min: 0, Avg:  1.9, Max: 5, Diff: 5, Sum: 15, Workers: 8
[5.807s][debug][gc,phases      ] GC(11)     Code Root Scan (ms):      Min:  0.0, Avg:  0.0, Max:  0.0, Diff:  0.0, Sum:  0.0, Workers: 8
[5.807s][debug][gc,phases      ] GC(11)     Object Copy (ms):         Min:  0.0, Avg:  0.0, Max:  0.1, Diff:  0.1, Sum:  0.2, Workers: 8
[5.807s][debug][gc,phases      ] GC(11)     Termination (ms):         Min:  0.0, Avg:  0.1, Max:  0.1, Diff:  0.1, Sum:  0.4, Workers: 8
[5.807s][debug][gc,phases      ] GC(11)       Termination Attempts:     Min: 1, Avg:  1.0, Max: 1, Diff: 0, Sum: 8, Workers: 8
[5.807s][debug][gc,phases      ] GC(11)     GC Worker Other (ms):     Min:  0.0, Avg:  0.0, Max:  0.0, Diff:  0.0, Sum:  0.1, Workers: 8
[5.807s][debug][gc,phases      ] GC(11)     GC Worker Total (ms):     Min:  0.1, Avg:  0.1, Max:  0.2, Diff:  0.1, Sum:  1.1, Workers: 8
[5.807s][info ][gc,phases      ] GC(11)   Post Evacuate Collection Set: 0.3ms
[5.807s][debug][gc,phases      ] GC(11)     Code Roots Fixup: 0.0ms
[5.807s][debug][gc,phases      ] GC(11)     Clear Card Table: 0.0ms
[5.807s][debug][gc,phases      ] GC(11)     Reference Processing: 0.0ms
[5.807s][debug][gc,phases,ref  ] GC(11)       Reconsider SoftReferences: 0.0ms
[5.807s][debug][gc,phases,ref  ] GC(11)         SoftRef (ms):             skipped
[5.807s][debug][gc,phases,ref  ] GC(11)       Notify Soft/WeakReferences: 0.0ms
[5.807s][debug][gc,phases,ref  ] GC(11)         SoftRef (ms):             Min:  0.0, Avg:  0.0, Max:  0.0, Diff:  0.0, Sum:  0.0, Workers: 1
[5.807s][debug][gc,phases,ref  ] GC(11)         WeakRef (ms):             Min:  0.0, Avg:  0.0, Max:  0.0, Diff:  0.0, Sum:  0.0, Workers: 1
[5.807s][debug][gc,phases,ref  ] GC(11)         FinalRef (ms):            Min:  0.0, Avg:  0.0, Max:  0.0, Diff:  0.0, Sum:  0.0, Workers: 1
[5.807s][debug][gc,phases,ref  ] GC(11)         Total (ms):               Min:  0.0, Avg:  0.0, Max:  0.0, Diff:  0.0, Sum:  0.0, Workers: 1
[5.807s][debug][gc,phases,ref  ] GC(11)       Notify and keep alive finalizable: 0.0ms
[5.807s][debug][gc,phases,ref  ] GC(11)         FinalRef (ms):            skipped
[5.807s][debug][gc,phases,ref  ] GC(11)       Notify PhantomReferences: 0.0ms
[5.807s][debug][gc,phases,ref  ] GC(11)         PhantomRef (ms):          Min:  0.0, Avg:  0.0, Max:  0.0, Diff:  0.0, Sum:  0.0, Workers: 1
[5.807s][debug][gc,phases,ref  ] GC(11)       SoftReference:
[5.807s][debug][gc,phases,ref  ] GC(11)         Discovered: 0
[5.807s][debug][gc,phases,ref  ] GC(11)         Cleared: 0
[5.807s][debug][gc,phases,ref  ] GC(11)       WeakReference:
[5.807s][debug][gc,phases,ref  ] GC(11)         Discovered: 1
[5.807s][debug][gc,phases,ref  ] GC(11)         Cleared: 0
[5.807s][debug][gc,phases,ref  ] GC(11)       FinalReference:
[5.807s][debug][gc,phases,ref  ] GC(11)         Discovered: 0
[5.807s][debug][gc,phases,ref  ] GC(11)         Cleared: 0
[5.807s][debug][gc,phases,ref  ] GC(11)       PhantomReference:
[5.807s][debug][gc,phases,ref  ] GC(11)         Discovered: 1
[5.807s][debug][gc,phases,ref  ] GC(11)         Cleared: 1
[5.807s][debug][gc,phases      ] GC(11)     Weak Processing: 0.1ms
[5.807s][debug][gc,phases      ] GC(11)       JVMTI weak processing: 0.0ms
[5.807s][debug][gc,phases      ] GC(11)         Dead: 0
[5.807s][debug][gc,phases      ] GC(11)         Total: 0
[5.807s][debug][gc,phases      ] GC(11)       JFR weak processing: 0.0ms
[5.807s][debug][gc,phases      ] GC(11)         Dead: 0
[5.807s][debug][gc,phases      ] GC(11)         Total: 0
[5.807s][debug][gc,phases      ] GC(11)       JNI weak                  Min:  0.0, Avg:  0.0, Max:  0.0, Diff:  0.0, Sum:  0.1, Workers: 5
[5.807s][debug][gc,phases      ] GC(11)         Dead                      Min: 0, Avg:  0.0, Max: 0, Diff: 0, Sum: 0, Workers: 5
[5.807s][debug][gc,phases      ] GC(11)         Total                     Min: 0, Avg: 13.8, Max: 69, Diff: 69, Sum: 69, Workers: 5
[5.807s][debug][gc,phases      ] GC(11)       VM weak                   Min:  0.0, Avg:  0.0, Max:  0.0, Diff:  0.0, Sum:  0.0, Workers: 5
[5.807s][debug][gc,phases      ] GC(11)         Dead                      Min: 0, Avg:  0.0, Max: 0, Diff: 0, Sum: 0, Workers: 5
[5.807s][debug][gc,phases      ] GC(11)         Total                     Min: 0, Avg: 42.4, Max: 128, Diff: 128, Sum: 212, Workers: 5
[5.807s][debug][gc,phases      ] GC(11)       StringTable weak          Min:  0.0, Avg:  0.0, Max:  0.1, Diff:  0.1, Sum:  0.1, Workers: 5
[5.807s][debug][gc,phases      ] GC(11)         Dead                      Min: 0, Avg:  0.0, Max: 0, Diff: 0, Sum: 0, Workers: 5
[5.807s][debug][gc,phases      ] GC(11)         Total                     Min: 0, Avg: 676.4, Max: 1718, Diff: 1718, Sum: 3382, Workers: 5
[5.807s][debug][gc,phases      ] GC(11)       ResolvedMethodTable weak  Min:  0.0, Avg:  0.0, Max:  0.0, Diff:  0.0, Sum:  0.0, Workers: 5
[5.807s][debug][gc,phases      ] GC(11)         Dead                      Min: 0, Avg:  0.0, Max: 0, Diff: 0, Sum: 0, Workers: 5
[5.808s][debug][gc,phases      ] GC(11)         Total                     Min: 0, Avg: 114.6, Max: 256, Diff: 256, Sum: 573, Workers: 5
[5.808s][debug][gc,phases      ] GC(11)     Merge Per-Thread State: 0.0ms
[5.808s][debug][gc,phases      ] GC(11)       Copied Bytes              Min: 0, Avg: 64299.0, Max: 403232, Diff: 403232, Sum: 514392, Workers: 8
[5.808s][debug][gc,phases      ] GC(11)       LAB Waste                 Min: 0, Avg: 36.0, Max: 96, Diff: 96, Sum: 288, Workers: 8
[5.808s][debug][gc,phases      ] GC(11)       LAB Undo Waste            Min: 0, Avg:  0.0, Max: 0, Diff: 0, Sum: 0, Workers: 8
[5.808s][debug][gc,phases      ] GC(11)     Code Roots Purge: 0.0ms
[5.808s][debug][gc,phases      ] GC(11)     Redirty Cards: 0.0ms
[5.808s][debug][gc,phases      ] GC(11)     DerivedPointerTable Update: 0.0ms
[5.808s][debug][gc,phases      ] GC(11)     Free Collection Set: 0.0ms
[5.808s][debug][gc,phases      ] GC(11)     Rebuild Free List: 0.0ms
[5.808s][debug][gc,phases      ] GC(11)     Humongous Reclaim: 0.0ms
[5.808s][debug][gc,phases      ] GC(11)     Start New Collection Set: 0.0ms
[5.808s][debug][gc,phases      ] GC(11)     Resize TLABs: 0.0ms
[5.808s][debug][gc,phases      ] GC(11)     Expand Heap After Collection: 0.0ms
[5.808s][info ][gc,phases      ] GC(11)   Other: 0.3ms
[5.808s][info ][gc,heap        ] GC(11) Eden regions: 14->0(14)
[5.808s][info ][gc,heap        ] GC(11) Survivor regions: 1->1(2)
[5.808s][info ][gc,heap        ] GC(11) Old regions: 6->6
[5.808s][info ][gc,heap        ] GC(11) Archive regions: 2->2
[5.808s][info ][gc,heap        ] GC(11) Humongous regions: 0->0
[5.808s][info ][gc,metaspace   ] GC(11) Metaspace: 9813K(10368K)->9813K(10368K) NonClass: 8668K(8960K)->8668K(8960K) Class: 1145K(1408K)->1145K(1408K)
[5.808s][debug][gc,heap        ] GC(11) Heap after GC invocations=12 (full 1): garbage-first heap   total 27648K, used 3798K [0x0000000700000000, 0x0000000800000000)
[5.808s][debug][gc,heap        ] GC(11)   region size 1024K, 1 young (1024K), 1 survivors (1024K)
[5.808s][debug][gc,heap        ] GC(11)  Metaspace       used 9813K, capacity 10111K, committed 10368K, reserved 1058816K
[5.808s][debug][gc,heap        ] GC(11)   class space    used 1145K, capacity 1266K, committed 1408K, reserved 1048576K
[5.808s][info ][gc             ] GC(11) Pause Young (Normal) (G1 Evacuation Pause) 17M->3M(27M) 1.746ms
[5.808s][info ][gc,cpu         ] GC(11) User=0.00s Sys=0.00s Real=0.00s
[5.808s][info ][safepoint      ] Safepoint "G1CollectForAllocation", Time since last: 12478453 ns, Reaching safepoint: 159505 ns, At safepoint: 1983511 ns, Total: 2143016 ns
[5.819s][debug][gc,heap        ] GC(12) Heap before GC invocations=12 (full 1): garbage-first heap   total 27648K, used 18134K [0x0000000700000000, 0x0000000800000000)
[5.819s][debug][gc,heap        ] GC(12)   region size 1024K, 15 young (15360K), 1 survivors (1024K)
[5.819s][debug][gc,heap        ] GC(12)  Metaspace       used 9813K, capacity 10111K, committed 10368K, reserved 1058816K
[5.819s][debug][gc,heap        ] GC(12)   class space    used 1145K, capacity 1266K, committed 1408K, reserved 1048576K
[5.819s][info ][gc,start       ] GC(12) Pause Young (Normal) (G1 Evacuation Pause)
[5.819s][info ][gc,task        ] GC(12) Using 8 workers of 8 for evacuation
[5.819s][debug][gc,tlab        ] GC(12) TLAB totals: thrds: 10  refills: 429 max: 71 slow allocs: 0 max 0 waste:  2.5% gc: 116312B max: 31936B slow: 245152B max: 40864B fast: 0B max: 0B
[5.819s][debug][gc,age         ] GC(12) Desired survivor size 1048576 bytes, new threshold 15 (max threshold 15)
[5.819s][debug][gc,alloc,region] GC(12) Mutator Allocation stats, regions: 14, wasted size: 0B ( 0.0%)
[5.820s][debug][gc,ergo        ] GC(12) Running G1 Merge Heap Roots using 8 workers for 15 regions
[5.820s][debug][gc,remset      ] GC(12) Visited cards 3840 Total dirty 10240 (37.50%) Total old 77824 (4.93%)
[5.820s][debug][gc,ergo        ] GC(12) Running G1 Clear Card Table Task using 1 workers for 1 units of work for 20 regions.
[5.820s][debug][gc,ref         ] GC(12) Skipped phase1 of Reference Processing due to unavailable references
[5.820s][debug][gc,ref         ] GC(12) Skipped phase3 of Reference Processing due to unavailable references
[5.820s][debug][gc,ref         ] GC(12) Skipped phase4 of Reference Processing due to unavailable references
[5.820s][debug][gc,ergo        ] GC(12) Running G1 Free Collection Set using 8 workers for collection set length 15 (27)
[5.820s][debug][gc,ergo        ] GC(12) Running G1 Rebuild Free List Task using 8 workers for rebuilding free list of 0 (4096) regions
[5.820s][trace][gc,age         ] GC(12) Age table with threshold 15 (max threshold 15)
[5.820s][trace][gc,age         ] GC(12) - age   1:       1112 bytes,       1112 total
[5.820s][trace][gc,age         ] GC(12) - age  11:        576 bytes,       1688 total
[5.820s][trace][gc,age         ] GC(12) - age  12:     512712 bytes,     514400 total
[5.820s][debug][gc,plab        ] GC(12) Young PLAB allocation: allocated: 26832B, wasted: 208B, unused: 6480B, used: 20144B, undo waste: 0B, 
[5.820s][debug][gc,plab        ] GC(12) Young other allocation: region end waste: 0B, regions filled: 1, direct allocated: 494256B, failure used: 0B, failure wasted: 0B
[5.820s][debug][gc,plab        ] GC(12) Young sizing: calculated: 4024B, actual: 3976B
[5.820s][debug][gc,plab        ] GC(12) Old PLAB allocation: allocated: 0B, wasted: 0B, unused: 0B, used: 0B, undo waste: 0B, 
[5.820s][debug][gc,plab        ] GC(12) Old other allocation: region end waste: 0B, regions filled: 0, direct allocated: 0B, failure used: 0B, failure wasted: 0B
[5.820s][debug][gc,plab        ] GC(12) Old sizing: calculated: 0B, actual: 2064B
[5.820s][debug][gc,ihop        ] GC(12) Basic information (value update), threshold: 12740198B (45.00), target occupancy: 28311552B, current occupancy: 3886808B, recent allocation size: 0B, recent allocation duration: 12.68ms, recent old gen allocation rate: 0.00B/s, recent marking phase length: 0.00ms
[5.820s][debug][gc,ihop        ] GC(12) Adaptive IHOP information (value update), threshold: 12740198B (47.37), internal target occupancy: 26895974B, occupancy: 3886808B, additional buffer size: 15728640B, predicted old gen allocation rate: 0.00B/s, predicted marking phase length: 0.00ms, prediction active: false
[5.820s][debug][gc,ergo,refine ] GC(12) Concurrent refinement times: Logged Cards Scan time goal: 20.00ms Logged Cards Scan time: 0.01ms HCC time: 0.00ms
[5.820s][debug][gc,ergo,refine ] GC(12) Updated Refinement Zones: green: 2048, yellow: 6144, red: 10240
[5.820s][info ][gc,phases      ] GC(12)   Pre Evacuate Collection Set: 0.1ms
[5.820s][debug][gc,phases      ] GC(12)     Prepare TLABs: 0.0ms
[5.820s][debug][gc,phases      ] GC(12)     Choose Collection Set: 0.0ms
[5.820s][debug][gc,phases      ] GC(12)     Region Register: 0.1ms
[5.820s][debug][gc,phases      ] GC(12)     Prepare Heap Roots: 0.0ms
[5.820s][info ][gc,phases      ] GC(12)   Merge Heap Roots: 0.1ms
[5.820s][debug][gc,phases      ] GC(12)     Prepare Merge Heap Roots: 0.0ms
[5.820s][debug][gc,phases      ] GC(12)     Eager Reclaim (ms):       skipped
[5.820s][debug][gc,phases      ] GC(12)     Remembered Sets (ms):     Min:  0.0, Avg:  0.0, Max:  0.0, Diff:  0.0, Sum:  0.0, Workers: 8
[5.820s][debug][gc,phases      ] GC(12)       Merged Sparse:            Min: 0, Avg:  0.0, Max: 0, Diff: 0, Sum: 0, Workers: 8
[5.820s][debug][gc,phases      ] GC(12)       Merged Fine:              Min: 0, Avg:  0.0, Max: 0, Diff: 0, Sum: 0, Workers: 8
[5.820s][debug][gc,phases      ] GC(12)       Merged Coarse:            Min: 0, Avg:  0.0, Max: 0, Diff: 0, Sum: 0, Workers: 8
[5.820s][debug][gc,phases      ] GC(12)       Dirty Cards:              Min: 0, Avg:  0.0, Max: 0, Diff: 0, Sum: 0, Workers: 8
[5.820s][debug][gc,phases      ] GC(12)     Hot Card Cache (ms):      Min:  0.0, Avg:  0.0, Max:  0.0, Diff:  0.0, Sum:  0.0, Workers: 8
[5.820s][debug][gc,phases      ] GC(12)       Dirty Cards:              Min: 0, Avg:  0.0, Max: 0, Diff: 0, Sum: 0, Workers: 8
[5.820s][debug][gc,phases      ] GC(12)       Skipped Cards:            Min: 0, Avg:  0.0, Max: 0, Diff: 0, Sum: 0, Workers: 8
[5.820s][debug][gc,phases      ] GC(12)     Log Buffers (ms):         Min:  0.0, Avg:  0.0, Max:  0.0, Diff:  0.0, Sum:  0.0, Workers: 8
[5.820s][debug][gc,phases      ] GC(12)       Dirty Cards:              Min: 0, Avg:  7.1, Max: 19, Diff: 19, Sum: 57, Workers: 8
[5.820s][debug][gc,phases      ] GC(12)       Skipped Cards:            Min: 0, Avg:  0.0, Max: 0, Diff: 0, Sum: 0, Workers: 8
[5.820s][info ][gc,phases      ] GC(12)   Evacuate Collection Set: 0.2ms
[5.820s][debug][gc,phases      ] GC(12)     Ext Root Scanning (ms):   Min:  0.0, Avg:  0.0, Max:  0.1, Diff:  0.1, Sum:  0.3, Workers: 8
[5.820s][debug][gc,phases      ] GC(12)     Scan Heap Roots (ms):     Min:  0.0, Avg:  0.0, Max:  0.0, Diff:  0.0, Sum:  0.1, Workers: 8
[5.820s][debug][gc,phases      ] GC(12)       Scanned Cards:            Min: 0, Avg:  6.6, Max: 16, Diff: 16, Sum: 53, Workers: 8
[5.820s][debug][gc,phases      ] GC(12)       Scanned Blocks:           Min: 0, Avg:  5.5, Max: 11, Diff: 11, Sum: 44, Workers: 8
[5.820s][debug][gc,phases      ] GC(12)       Claimed Chunks:           Min: 0, Avg:  1.9, Max: 4, Diff: 4, Sum: 15, Workers: 8
[5.820s][debug][gc,phases      ] GC(12)     Code Root Scan (ms):      Min:  0.0, Avg:  0.0, Max:  0.0, Diff:  0.0, Sum:  0.0, Workers: 8
[5.820s][debug][gc,phases      ] GC(12)     Object Copy (ms):         Min:  0.0, Avg:  0.0, Max:  0.1, Diff:  0.1, Sum:  0.2, Workers: 8
[5.820s][debug][gc,phases      ] GC(12)     Termination (ms):         Min:  0.0, Avg:  0.1, Max:  0.1, Diff:  0.0, Sum:  0.5, Workers: 8
[5.820s][debug][gc,phases      ] GC(12)       Termination Attempts:     Min: 1, Avg:  1.0, Max: 1, Diff: 0, Sum: 8, Workers: 8
[5.820s][debug][gc,phases      ] GC(12)     GC Worker Other (ms):     Min:  0.0, Avg:  0.0, Max:  0.0, Diff:  0.0, Sum:  0.1, Workers: 8
[5.820s][debug][gc,phases      ] GC(12)     GC Worker Total (ms):     Min:  0.1, Avg:  0.1, Max:  0.2, Diff:  0.0, Sum:  1.2, Workers: 8
[5.820s][info ][gc,phases      ] GC(12)   Post Evacuate Collection Set: 0.2ms
[5.820s][debug][gc,phases      ] GC(12)     Code Roots Fixup: 0.0ms
[5.820s][debug][gc,phases      ] GC(12)     Clear Card Table: 0.0ms
[5.820s][debug][gc,phases      ] GC(12)     Reference Processing: 0.0ms
[5.820s][debug][gc,phases,ref  ] GC(12)       Reconsider SoftReferences: 0.0ms
[5.820s][debug][gc,phases,ref  ] GC(12)         SoftRef (ms):             skipped
[5.820s][debug][gc,phases,ref  ] GC(12)       Notify Soft/WeakReferences: 0.0ms
[5.820s][debug][gc,phases,ref  ] GC(12)         SoftRef (ms):             Min:  0.0, Avg:  0.0, Max:  0.0, Diff:  0.0, Sum:  0.0, Workers: 1
[5.820s][debug][gc,phases,ref  ] GC(12)         WeakRef (ms):             Min:  0.0, Avg:  0.0, Max:  0.0, Diff:  0.0, Sum:  0.0, Workers: 1
[5.820s][debug][gc,phases,ref  ] GC(12)         FinalRef (ms):            Min:  0.0, Avg:  0.0, Max:  0.0, Diff:  0.0, Sum:  0.0, Workers: 1
[5.820s][debug][gc,phases,ref  ] GC(12)         Total (ms):               Min:  0.0, Avg:  0.0, Max:  0.0, Diff:  0.0, Sum:  0.0, Workers: 1
[5.820s][debug][gc,phases,ref  ] GC(12)       Notify and keep alive finalizable: 0.0ms
[5.820s][debug][gc,phases,ref  ] GC(12)         FinalRef (ms):            skipped
[5.820s][debug][gc,phases,ref  ] GC(12)       Notify PhantomReferences: 0.0ms
[5.820s][debug][gc,phases,ref  ] GC(12)         PhantomRef (ms):          skipped
[5.820s][debug][gc,phases,ref  ] GC(12)       SoftReference:
[5.820s][debug][gc,phases,ref  ] GC(12)         Discovered: 0
[5.820s][debug][gc,phases,ref  ] GC(12)         Cleared: 0
[5.820s][debug][gc,phases,ref  ] GC(12)       WeakReference:
[5.820s][debug][gc,phases,ref  ] GC(12)         Discovered: 1
[5.820s][debug][gc,phases,ref  ] GC(12)         Cleared: 0
[5.820s][debug][gc,phases,ref  ] GC(12)       FinalReference:
[5.820s][debug][gc,phases,ref  ] GC(12)         Discovered: 0
[5.820s][debug][gc,phases,ref  ] GC(12)         Cleared: 0
[5.820s][debug][gc,phases,ref  ] GC(12)       PhantomReference:
[5.820s][debug][gc,phases,ref  ] GC(12)         Discovered: 0
[5.820s][debug][gc,phases,ref  ] GC(12)         Cleared: 0
[5.820s][debug][gc,phases      ] GC(12)     Weak Processing: 0.1ms
[5.820s][debug][gc,phases      ] GC(12)       JVMTI weak processing: 0.0ms
[5.820s][debug][gc,phases      ] GC(12)         Dead: 0
[5.820s][debug][gc,phases      ] GC(12)         Total: 0
[5.820s][debug][gc,phases      ] GC(12)       JFR weak processing: 0.0ms
[5.820s][debug][gc,phases      ] GC(12)         Dead: 0
[5.820s][debug][gc,phases      ] GC(12)         Total: 0
[5.820s][debug][gc,phases      ] GC(12)       JNI weak                  Min:  0.0, Avg:  0.0, Max:  0.0, Diff:  0.0, Sum:  0.0, Workers: 5
[5.820s][debug][gc,phases      ] GC(12)         Dead                      Min: 0, Avg:  0.0, Max: 0, Diff: 0, Sum: 0, Workers: 5
[5.821s][debug][gc,phases      ] GC(12)         Total                     Min: 0, Avg: 13.6, Max: 52, Diff: 52, Sum: 68, Workers: 5
[5.821s][debug][gc,phases      ] GC(12)       VM weak                   Min:  0.0, Avg:  0.0, Max:  0.0, Diff:  0.0, Sum:  0.0, Workers: 5
[5.821s][debug][gc,phases      ] GC(12)         Dead                      Min: 0, Avg:  0.0, Max: 0, Diff: 0, Sum: 0, Workers: 5
[5.821s][debug][gc,phases      ] GC(12)         Total                     Min: 0, Avg: 42.4, Max: 64, Diff: 64, Sum: 212, Workers: 5
[5.821s][debug][gc,phases      ] GC(12)       StringTable weak          Min:  0.0, Avg:  0.0, Max:  0.0, Diff:  0.0, Sum:  0.1, Workers: 5
[5.821s][debug][gc,phases      ] GC(12)         Dead                      Min: 0, Avg:  0.0, Max: 0, Diff: 0, Sum: 0, Workers: 5
[5.821s][debug][gc,phases      ] GC(12)         Total                     Min: 128, Avg: 676.4, Max: 832, Diff: 704, Sum: 3382, Workers: 5
[5.821s][debug][gc,phases      ] GC(12)       ResolvedMethodTable weak  Min:  0.0, Avg:  0.0, Max:  0.0, Diff:  0.0, Sum:  0.0, Workers: 5
[5.821s][debug][gc,phases      ] GC(12)         Dead                      Min: 0, Avg:  0.0, Max: 0, Diff: 0, Sum: 0, Workers: 5
[5.821s][debug][gc,phases      ] GC(12)         Total                     Min: 64, Avg: 114.6, Max: 128, Diff: 64, Sum: 573, Workers: 5
[5.821s][debug][gc,phases      ] GC(12)     Merge Per-Thread State: 0.0ms
[5.821s][debug][gc,phases      ] GC(12)       Copied Bytes              Min: 616, Avg: 64300.0, Max: 401696, Diff: 401080, Sum: 514400, Workers: 8
[5.821s][debug][gc,phases      ] GC(12)       LAB Waste                 Min: 0, Avg: 26.0, Max: 136, Diff: 136, Sum: 208, Workers: 8
[5.821s][debug][gc,phases      ] GC(12)       LAB Undo Waste            Min: 0, Avg:  0.0, Max: 0, Diff: 0, Sum: 0, Workers: 8
[5.821s][debug][gc,phases      ] GC(12)     Code Roots Purge: 0.0ms
[5.821s][debug][gc,phases      ] GC(12)     Redirty Cards: 0.0ms
[5.821s][debug][gc,phases      ] GC(12)     DerivedPointerTable Update: 0.0ms
[5.821s][debug][gc,phases      ] GC(12)     Free Collection Set: 0.0ms
[5.821s][debug][gc,phases      ] GC(12)     Rebuild Free List: 0.0ms
[5.821s][debug][gc,phases      ] GC(12)     Humongous Reclaim: 0.0ms
[5.821s][debug][gc,phases      ] GC(12)     Start New Collection Set: 0.0ms
[5.821s][debug][gc,phases      ] GC(12)     Resize TLABs: 0.0ms
[5.821s][debug][gc,phases      ] GC(12)     Expand Heap After Collection: 0.0ms
[5.821s][info ][gc,phases      ] GC(12)   Other: 0.3ms
[5.821s][info ][gc,heap        ] GC(12) Eden regions: 14->0(14)
[5.821s][info ][gc,heap        ] GC(12) Survivor regions: 1->1(2)
[5.821s][info ][gc,heap        ] GC(12) Old regions: 6->6
[5.821s][info ][gc,heap        ] GC(12) Archive regions: 2->2
[5.821s][info ][gc,heap        ] GC(12) Humongous regions: 0->0
[5.821s][info ][gc,metaspace   ] GC(12) Metaspace: 9813K(10368K)->9813K(10368K) NonClass: 8668K(8960K)->8668K(8960K) Class: 1145K(1408K)->1145K(1408K)
[5.821s][debug][gc,heap        ] GC(12) Heap after GC invocations=13 (full 1): garbage-first heap   total 27648K, used 3795K [0x0000000700000000, 0x0000000800000000)
[5.821s][debug][gc,heap        ] GC(12)   region size 1024K, 1 young (1024K), 1 survivors (1024K)
[5.821s][debug][gc,heap        ] GC(12)  Metaspace       used 9813K, capacity 10111K, committed 10368K, reserved 1058816K
[5.821s][debug][gc,heap        ] GC(12)   class space    used 1145K, capacity 1266K, committed 1408K, reserved 1048576K
[5.821s][info ][gc             ] GC(12) Pause Young (Normal) (G1 Evacuation Pause) 17M->3M(27M) 1.315ms
[5.821s][info ][gc,cpu         ] GC(12) User=0.00s Sys=0.00s Real=0.00s
[5.821s][info ][safepoint      ] Safepoint "G1CollectForAllocation", Time since last: 11230421 ns, Reaching safepoint: 248672 ns, At safepoint: 1733601 ns, Total: 1982273 ns
[5.833s][debug][gc,heap        ] GC(13) Heap before GC invocations=13 (full 1): garbage-first heap   total 27648K, used 18131K [0x0000000700000000, 0x0000000800000000)
[5.833s][debug][gc,heap        ] GC(13)   region size 1024K, 15 young (15360K), 1 survivors (1024K)
[5.833s][debug][gc,heap        ] GC(13)  Metaspace       used 9813K, capacity 10111K, committed 10368K, reserved 1058816K
[5.833s][debug][gc,heap        ] GC(13)   class space    used 1145K, capacity 1266K, committed 1408K, reserved 1048576K
[5.833s][info ][gc,start       ] GC(13) Pause Young (Normal) (G1 Evacuation Pause)
[5.833s][info ][gc,task        ] GC(13) Using 8 workers of 8 for evacuation
[5.833s][debug][gc,tlab        ] GC(13) TLAB totals: thrds: 10  refills: 443 max: 78 slow allocs: 0 max 0 waste:  2.2% gc: 70800B max: 22976B slow: 255232B max: 44968B fast: 0B max: 0B
[5.833s][debug][gc,age         ] GC(13) Desired survivor size 1048576 bytes, new threshold 15 (max threshold 15)
[5.833s][debug][gc,alloc,region] GC(13) Mutator Allocation stats, regions: 14, wasted size: 0B ( 0.0%)
[5.833s][debug][gc,ergo        ] GC(13) Running G1 Merge Heap Roots using 8 workers for 15 regions
[5.833s][debug][gc,remset      ] GC(13) Visited cards 3840 Total dirty 10240 (37.50%) Total old 77824 (4.93%)
[5.833s][debug][gc,ergo        ] GC(13) Running G1 Clear Card Table Task using 1 workers for 1 units of work for 20 regions.
[5.833s][debug][gc,ref         ] GC(13) Skipped phase1 of Reference Processing due to unavailable references
[5.833s][debug][gc,ref         ] GC(13) Skipped phase3 of Reference Processing due to unavailable references
[5.834s][debug][gc,ergo        ] GC(13) Running G1 Free Collection Set using 8 workers for collection set length 15 (27)
[5.834s][debug][gc,ergo        ] GC(13) Running G1 Rebuild Free List Task using 8 workers for rebuilding free list of 0 (4096) regions
[5.834s][trace][gc,age         ] GC(13) Age table with threshold 15 (max threshold 15)
[5.834s][trace][gc,age         ] GC(13) - age   1:        952 bytes,        952 total
[5.834s][trace][gc,age         ] GC(13) - age  12:        576 bytes,       1528 total
[5.834s][trace][gc,age         ] GC(13) - age  13:     512712 bytes,     514240 total
[5.834s][debug][gc,plab        ] GC(13) Young PLAB allocation: allocated: 26832B, wasted: 264B, unused: 7032B, used: 19536B, undo waste: 0B, 
[5.834s][debug][gc,plab        ] GC(13) Young other allocation: region end waste: 0B, regions filled: 1, direct allocated: 494704B, failure used: 0B, failure wasted: 0B
[5.834s][debug][gc,plab        ] GC(13) Young sizing: calculated: 3904B, actual: 3920B
[5.834s][debug][gc,plab        ] GC(13) Old PLAB allocation: allocated: 0B, wasted: 0B, unused: 0B, used: 0B, undo waste: 0B, 
[5.834s][debug][gc,plab        ] GC(13) Old other allocation: region end waste: 0B, regions filled: 0, direct allocated: 0B, failure used: 0B, failure wasted: 0B
[5.834s][debug][gc,plab        ] GC(13) Old sizing: calculated: 0B, actual: 2064B
[5.834s][debug][gc,ihop        ] GC(13) Basic information (value update), threshold: 12740198B (45.00), target occupancy: 28311552B, current occupancy: 3887256B, recent allocation size: 0B, recent allocation duration: 12.91ms, recent old gen allocation rate: 0.00B/s, recent marking phase length: 0.00ms
[5.834s][debug][gc,ihop        ] GC(13) Adaptive IHOP information (value update), threshold: 12740198B (47.37), internal target occupancy: 26895974B, occupancy: 3887256B, additional buffer size: 15728640B, predicted old gen allocation rate: 0.00B/s, predicted marking phase length: 0.00ms, prediction active: false
[5.834s][debug][gc,ergo,refine ] GC(13) Concurrent refinement times: Logged Cards Scan time goal: 20.00ms Logged Cards Scan time: 0.02ms HCC time: 0.00ms
[5.834s][debug][gc,ergo,refine ] GC(13) Updated Refinement Zones: green: 2048, yellow: 6144, red: 10240
[5.834s][info ][gc,phases      ] GC(13)   Pre Evacuate Collection Set: 0.1ms
[5.834s][debug][gc,phases      ] GC(13)     Prepare TLABs: 0.0ms
[5.834s][debug][gc,phases      ] GC(13)     Choose Collection Set: 0.0ms
[5.834s][debug][gc,phases      ] GC(13)     Region Register: 0.1ms
[5.834s][debug][gc,phases      ] GC(13)     Prepare Heap Roots: 0.0ms
[5.834s][info ][gc,phases      ] GC(13)   Merge Heap Roots: 0.1ms
[5.834s][debug][gc,phases      ] GC(13)     Prepare Merge Heap Roots: 0.0ms
[5.834s][debug][gc,phases      ] GC(13)     Eager Reclaim (ms):       skipped
[5.834s][debug][gc,phases      ] GC(13)     Remembered Sets (ms):     Min:  0.0, Avg:  0.0, Max:  0.0, Diff:  0.0, Sum:  0.0, Workers: 8
[5.834s][debug][gc,phases      ] GC(13)       Merged Sparse:            Min: 0, Avg:  0.0, Max: 0, Diff: 0, Sum: 0, Workers: 8
[5.834s][debug][gc,phases      ] GC(13)       Merged Fine:              Min: 0, Avg:  0.0, Max: 0, Diff: 0, Sum: 0, Workers: 8
[5.834s][debug][gc,phases      ] GC(13)       Merged Coarse:            Min: 0, Avg:  0.0, Max: 0, Diff: 0, Sum: 0, Workers: 8
[5.834s][debug][gc,phases      ] GC(13)       Dirty Cards:              Min: 0, Avg:  0.0, Max: 0, Diff: 0, Sum: 0, Workers: 8
[5.834s][debug][gc,phases      ] GC(13)     Hot Card Cache (ms):      Min:  0.0, Avg:  0.0, Max:  0.0, Diff:  0.0, Sum:  0.0, Workers: 8
[5.834s][debug][gc,phases      ] GC(13)       Dirty Cards:              Min: 0, Avg:  0.0, Max: 0, Diff: 0, Sum: 0, Workers: 8
[5.834s][debug][gc,phases      ] GC(13)       Skipped Cards:            Min: 0, Avg:  0.0, Max: 0, Diff: 0, Sum: 0, Workers: 8
[5.834s][debug][gc,phases      ] GC(13)     Log Buffers (ms):         Min:  0.0, Avg:  0.0, Max:  0.0, Diff:  0.0, Sum:  0.0, Workers: 8
[5.834s][debug][gc,phases      ] GC(13)       Dirty Cards:              Min: 0, Avg:  8.4, Max: 35, Diff: 35, Sum: 67, Workers: 8
[5.834s][debug][gc,phases      ] GC(13)       Skipped Cards:            Min: 0, Avg:  0.0, Max: 0, Diff: 0, Sum: 0, Workers: 8
[5.834s][info ][gc,phases      ] GC(13)   Evacuate Collection Set: 0.2ms
[5.834s][debug][gc,phases      ] GC(13)     Ext Root Scanning (ms):   Min:  0.0, Avg:  0.0, Max:  0.1, Diff:  0.1, Sum:  0.3, Workers: 8
[5.834s][debug][gc,phases      ] GC(13)     Scan Heap Roots (ms):     Min:  0.0, Avg:  0.0, Max:  0.0, Diff:  0.0, Sum:  0.1, Workers: 8
[5.834s][debug][gc,phases      ] GC(13)       Scanned Cards:            Min: 0, Avg:  6.8, Max: 11, Diff: 11, Sum: 54, Workers: 8
[5.834s][debug][gc,phases      ] GC(13)       Scanned Blocks:           Min: 0, Avg:  5.6, Max: 9, Diff: 9, Sum: 45, Workers: 8
[5.834s][debug][gc,phases      ] GC(13)       Claimed Chunks:           Min: 0, Avg:  1.9, Max: 3, Diff: 3, Sum: 15, Workers: 8
[5.834s][debug][gc,phases      ] GC(13)     Code Root Scan (ms):      Min:  0.0, Avg:  0.0, Max:  0.0, Diff:  0.0, Sum:  0.0, Workers: 8
[5.834s][debug][gc,phases      ] GC(13)     Object Copy (ms):         Min:  0.0, Avg:  0.0, Max:  0.1, Diff:  0.1, Sum:  0.2, Workers: 8
[5.834s][debug][gc,phases      ] GC(13)     Termination (ms):         Min:  0.0, Avg:  0.1, Max:  0.1, Diff:  0.1, Sum:  0.4, Workers: 8
[5.834s][debug][gc,phases      ] GC(13)       Termination Attempts:     Min: 1, Avg:  1.0, Max: 1, Diff: 0, Sum: 8, Workers: 8
[5.834s][debug][gc,phases      ] GC(13)     GC Worker Other (ms):     Min:  0.0, Avg:  0.0, Max:  0.0, Diff:  0.0, Sum:  0.1, Workers: 8
[5.834s][debug][gc,phases      ] GC(13)     GC Worker Total (ms):     Min:  0.1, Avg:  0.1, Max:  0.2, Diff:  0.1, Sum:  1.1, Workers: 8
[5.834s][info ][gc,phases      ] GC(13)   Post Evacuate Collection Set: 0.3ms
[5.834s][debug][gc,phases      ] GC(13)     Code Roots Fixup: 0.0ms
[5.834s][debug][gc,phases      ] GC(13)     Clear Card Table: 0.0ms
[5.834s][debug][gc,phases      ] GC(13)     Reference Processing: 0.0ms
[5.834s][debug][gc,phases,ref  ] GC(13)       Reconsider SoftReferences: 0.0ms
[5.834s][debug][gc,phases,ref  ] GC(13)         SoftRef (ms):             skipped
[5.834s][debug][gc,phases,ref  ] GC(13)       Notify Soft/WeakReferences: 0.0ms
[5.834s][debug][gc,phases,ref  ] GC(13)         SoftRef (ms):             Min:  0.0, Avg:  0.0, Max:  0.0, Diff:  0.0, Sum:  0.0, Workers: 1
[5.834s][debug][gc,phases,ref  ] GC(13)         WeakRef (ms):             Min:  0.0, Avg:  0.0, Max:  0.0, Diff:  0.0, Sum:  0.0, Workers: 1
[5.834s][debug][gc,phases,ref  ] GC(13)         FinalRef (ms):            Min:  0.0, Avg:  0.0, Max:  0.0, Diff:  0.0, Sum:  0.0, Workers: 1
[5.834s][debug][gc,phases,ref  ] GC(13)         Total (ms):               Min:  0.0, Avg:  0.0, Max:  0.0, Diff:  0.0, Sum:  0.0, Workers: 1
[5.834s][debug][gc,phases,ref  ] GC(13)       Notify and keep alive finalizable: 0.0ms
[5.834s][debug][gc,phases,ref  ] GC(13)         FinalRef (ms):            skipped
[5.834s][debug][gc,phases,ref  ] GC(13)       Notify PhantomReferences: 0.0ms
[5.834s][debug][gc,phases,ref  ] GC(13)         PhantomRef (ms):          Min:  0.0, Avg:  0.0, Max:  0.0, Diff:  0.0, Sum:  0.0, Workers: 1
[5.834s][debug][gc,phases,ref  ] GC(13)       SoftReference:
[5.834s][debug][gc,phases,ref  ] GC(13)         Discovered: 0
[5.834s][debug][gc,phases,ref  ] GC(13)         Cleared: 0
[5.834s][debug][gc,phases,ref  ] GC(13)       WeakReference:
[5.834s][debug][gc,phases,ref  ] GC(13)         Discovered: 1
[5.834s][debug][gc,phases,ref  ] GC(13)         Cleared: 0
[5.834s][debug][gc,phases,ref  ] GC(13)       FinalReference:
[5.834s][debug][gc,phases,ref  ] GC(13)         Discovered: 0
[5.834s][debug][gc,phases,ref  ] GC(13)         Cleared: 0
[5.834s][debug][gc,phases,ref  ] GC(13)       PhantomReference:
[5.834s][debug][gc,phases,ref  ] GC(13)         Discovered: 1
[5.834s][debug][gc,phases,ref  ] GC(13)         Cleared: 1
[5.834s][debug][gc,phases      ] GC(13)     Weak Processing: 0.0ms
[5.834s][debug][gc,phases      ] GC(13)       JVMTI weak processing: 0.0ms
[5.834s][debug][gc,phases      ] GC(13)         Dead: 0
[5.834s][debug][gc,phases      ] GC(13)         Total: 0
[5.834s][debug][gc,phases      ] GC(13)       JFR weak processing: 0.0ms
[5.834s][debug][gc,phases      ] GC(13)         Dead: 0
[5.834s][debug][gc,phases      ] GC(13)         Total: 0
[5.834s][debug][gc,phases      ] GC(13)       JNI weak                  Min:  0.0, Avg:  0.0, Max:  0.0, Diff:  0.0, Sum:  0.0, Workers: 5
[5.834s][debug][gc,phases      ] GC(13)         Dead                      Min: 0, Avg:  0.0, Max: 0, Diff: 0, Sum: 0, Workers: 5
[5.834s][debug][gc,phases      ] GC(13)         Total                     Min: 0, Avg: 13.6, Max: 52, Diff: 52, Sum: 68, Workers: 5
[5.834s][debug][gc,phases      ] GC(13)       VM weak                   Min:  0.0, Avg:  0.0, Max:  0.0, Diff:  0.0, Sum:  0.0, Workers: 5
[5.834s][debug][gc,phases      ] GC(13)         Dead                      Min: 0, Avg:  0.0, Max: 0, Diff: 0, Sum: 0, Workers: 5
[5.834s][debug][gc,phases      ] GC(13)         Total                     Min: 0, Avg: 42.4, Max: 128, Diff: 128, Sum: 212, Workers: 5
[5.834s][debug][gc,phases      ] GC(13)       StringTable weak          Min:  0.0, Avg:  0.0, Max:  0.0, Diff:  0.0, Sum:  0.0, Workers: 5
[5.834s][debug][gc,phases      ] GC(13)         Dead                      Min: 0, Avg:  0.0, Max: 0, Diff: 0, Sum: 0, Workers: 5
[5.834s][debug][gc,phases      ] GC(13)         Total                     Min: 576, Avg: 676.4, Max: 768, Diff: 192, Sum: 3382, Workers: 5
[5.834s][debug][gc,phases      ] GC(13)       ResolvedMethodTable weak  Min:  0.0, Avg:  0.0, Max:  0.0, Diff:  0.0, Sum:  0.0, Workers: 5
[5.834s][debug][gc,phases      ] GC(13)         Dead                      Min: 0, Avg:  0.0, Max: 0, Diff: 0, Sum: 0, Workers: 5
[5.834s][debug][gc,phases      ] GC(13)         Total                     Min: 61, Avg: 114.6, Max: 128, Diff: 67, Sum: 573, Workers: 5
[5.834s][debug][gc,phases      ] GC(13)     Merge Per-Thread State: 0.0ms
[5.834s][debug][gc,phases      ] GC(13)       Copied Bytes              Min: 0, Avg: 64280.0, Max: 404272, Diff: 404272, Sum: 514240, Workers: 8
[5.834s][debug][gc,phases      ] GC(13)       LAB Waste                 Min: 0, Avg: 33.0, Max: 104, Diff: 104, Sum: 264, Workers: 8
[5.834s][debug][gc,phases      ] GC(13)       LAB Undo Waste            Min: 0, Avg:  0.0, Max: 0, Diff: 0, Sum: 0, Workers: 8
[5.834s][debug][gc,phases      ] GC(13)     Code Roots Purge: 0.0ms
[5.834s][debug][gc,phases      ] GC(13)     Redirty Cards: 0.0ms
[5.834s][debug][gc,phases      ] GC(13)     DerivedPointerTable Update: 0.0ms
[5.834s][debug][gc,phases      ] GC(13)     Free Collection Set: 0.1ms
[5.834s][debug][gc,phases      ] GC(13)     Rebuild Free List: 0.1ms
[5.834s][debug][gc,phases      ] GC(13)     Humongous Reclaim: 0.0ms
[5.834s][debug][gc,phases      ] GC(13)     Start New Collection Set: 0.0ms
[5.834s][debug][gc,phases      ] GC(13)     Resize TLABs: 0.0ms
[5.834s][debug][gc,phases      ] GC(13)     Expand Heap After Collection: 0.0ms
[5.834s][info ][gc,phases      ] GC(13)   Other: 0.4ms
[5.834s][info ][gc,heap        ] GC(13) Eden regions: 14->0(14)
[5.834s][info ][gc,heap        ] GC(13) Survivor regions: 1->1(2)
[5.834s][info ][gc,heap        ] GC(13) Old regions: 6->6
[5.834s][info ][gc,heap        ] GC(13) Archive regions: 2->2
[5.834s][info ][gc,heap        ] GC(13) Humongous regions: 0->0
[5.834s][info ][gc,metaspace   ] GC(13) Metaspace: 9813K(10368K)->9813K(10368K) NonClass: 8668K(8960K)->8668K(8960K) Class: 1145K(1408K)->1145K(1408K)
[5.834s][debug][gc,heap        ] GC(13) Heap after GC invocations=14 (full 1): garbage-first heap   total 27648K, used 3796K [0x0000000700000000, 0x0000000800000000)
[5.834s][debug][gc,heap        ] GC(13)   region size 1024K, 1 young (1024K), 1 survivors (1024K)
[5.834s][debug][gc,heap        ] GC(13)  Metaspace       used 9813K, capacity 10111K, committed 10368K, reserved 1058816K
[5.834s][debug][gc,heap        ] GC(13)   class space    used 1145K, capacity 1266K, committed 1408K, reserved 1048576K
[5.834s][info ][gc             ] GC(13) Pause Young (Normal) (G1 Evacuation Pause) 17M->3M(27M) 1.424ms
[5.834s][info ][gc,cpu         ] GC(13) User=0.00s Sys=0.00s Real=0.00s
[5.834s][info ][safepoint      ] Safepoint "G1CollectForAllocation", Time since last: 11642170 ns, Reaching safepoint: 105797 ns, At safepoint: 1698886 ns, Total: 1804683 ns
[5.846s][debug][gc,heap        ] GC(14) Heap before GC invocations=14 (full 1): garbage-first heap   total 27648K, used 17108K [0x0000000700000000, 0x0000000800000000)
[5.846s][debug][gc,heap        ] GC(14)   region size 1024K, 15 young (15360K), 1 survivors (1024K)
[5.846s][debug][gc,heap        ] GC(14)  Metaspace       used 9813K, capacity 10111K, committed 10368K, reserved 1058816K
[5.846s][debug][gc,heap        ] GC(14)   class space    used 1145K, capacity 1266K, committed 1408K, reserved 1048576K
[5.846s][info ][gc,start       ] GC(14) Pause Young (Normal) (G1 Evacuation Pause)
[5.846s][info ][gc,task        ] GC(14) Using 8 workers of 8 for evacuation
[5.846s][debug][gc,tlab        ] GC(14) TLAB totals: thrds: 11  refills: 433 max: 60 slow allocs: 0 max 0 waste:  2.7% gc: 150016B max: 30312B slow: 247648B max: 34616B fast: 0B max: 0B
[5.846s][debug][gc,age         ] GC(14) Desired survivor size 1048576 bytes, new threshold 15 (max threshold 15)
[5.846s][debug][gc,alloc,region] GC(14) Mutator Allocation stats, regions: 14, wasted size: 0B ( 0.0%)
[5.846s][debug][gc,ergo        ] GC(14) Running G1 Merge Heap Roots using 8 workers for 15 regions
[5.846s][debug][gc,remset      ] GC(14) Visited cards 3840 Total dirty 10240 (37.50%) Total old 77824 (4.93%)
[5.847s][debug][gc,ergo        ] GC(14) Running G1 Clear Card Table Task using 1 workers for 1 units of work for 20 regions.
[5.847s][debug][gc,ref         ] GC(14) Skipped phase1 of Reference Processing due to unavailable references
[5.847s][debug][gc,ref         ] GC(14) Skipped phase3 of Reference Processing due to unavailable references
[5.847s][debug][gc,ergo        ] GC(14) Running G1 Free Collection Set using 8 workers for collection set length 15 (27)
[5.847s][debug][gc,ergo        ] GC(14) Running G1 Rebuild Free List Task using 8 workers for rebuilding free list of 0 (4096) regions
[5.847s][trace][gc,age         ] GC(14) Age table with threshold 15 (max threshold 15)
[5.847s][trace][gc,age         ] GC(14) - age   1:       1080 bytes,       1080 total
[5.847s][trace][gc,age         ] GC(14) - age  13:        544 bytes,       1624 total
[5.847s][trace][gc,age         ] GC(14) - age  14:     512712 bytes,     514336 total
[5.847s][debug][gc,plab        ] GC(14) Young PLAB allocation: allocated: 26832B, wasted: 168B, unused: 6952B, used: 19712B, undo waste: 0B, 
[5.847s][debug][gc,plab        ] GC(14) Young other allocation: region end waste: 0B, regions filled: 1, direct allocated: 494624B, failure used: 0B, failure wasted: 0B
[5.847s][debug][gc,plab        ] GC(14) Young sizing: calculated: 3936B, actual: 3928B
[5.847s][debug][gc,plab        ] GC(14) Old PLAB allocation: allocated: 0B, wasted: 0B, unused: 0B, used: 0B, undo waste: 0B, 
[5.847s][debug][gc,plab        ] GC(14) Old other allocation: region end waste: 0B, regions filled: 0, direct allocated: 0B, failure used: 0B, failure wasted: 0B
[5.847s][debug][gc,plab        ] GC(14) Old sizing: calculated: 0B, actual: 2064B
[5.847s][debug][gc,ergo,heap   ] GC(14) Attempt heap expansion (recent GC overhead higher than threshold after GC) recent GC overhead: 3.84 % threshold: 1.00 % uncommitted: 4266655744B base expansion amount and scale: 120061952B (100.00%)
[5.847s][debug][gc,ergo,heap   ] GC(14) Expand the heap. requested expansion amount: 120061952B expansion amount: 120586240B
[5.848s][debug][gc,ihop        ] GC(14) Target occupancy update: old: 28311552B, new: 148897792B
[5.848s][debug][gc,ihop        ] GC(14) Basic information (value update), threshold: 67004006B (45.00), target occupancy: 148897792B, current occupancy: 3887176B, recent allocation size: 0B, recent allocation duration: 12.48ms, recent old gen allocation rate: 0.00B/s, recent marking phase length: 0.00ms
[5.848s][debug][gc,ihop        ] GC(14) Adaptive IHOP information (value update), threshold: 67004006B (47.37), internal target occupancy: 141452902B, occupancy: 3887176B, additional buffer size: 89128960B, predicted old gen allocation rate: 0.00B/s, predicted marking phase length: 0.00ms, prediction active: false
[5.848s][debug][gc,ergo,refine ] GC(14) Concurrent refinement times: Logged Cards Scan time goal: 20.00ms Logged Cards Scan time: 0.02ms HCC time: 0.00ms
[5.848s][debug][gc,ergo,refine ] GC(14) Updated Refinement Zones: green: 2048, yellow: 6144, red: 10240
[5.848s][info ][gc,phases      ] GC(14)   Pre Evacuate Collection Set: 0.0ms
[5.848s][debug][gc,phases      ] GC(14)     Prepare TLABs: 0.0ms
[5.848s][debug][gc,phases      ] GC(14)     Choose Collection Set: 0.0ms
[5.848s][debug][gc,phases      ] GC(14)     Region Register: 0.0ms
[5.848s][debug][gc,phases      ] GC(14)     Prepare Heap Roots: 0.0ms
[5.848s][info ][gc,phases      ] GC(14)   Merge Heap Roots: 0.1ms
[5.848s][debug][gc,phases      ] GC(14)     Prepare Merge Heap Roots: 0.0ms
[5.848s][debug][gc,phases      ] GC(14)     Eager Reclaim (ms):       skipped
[5.848s][debug][gc,phases      ] GC(14)     Remembered Sets (ms):     Min:  0.0, Avg:  0.0, Max:  0.0, Diff:  0.0, Sum:  0.0, Workers: 8
[5.848s][debug][gc,phases      ] GC(14)       Merged Sparse:            Min: 0, Avg:  0.0, Max: 0, Diff: 0, Sum: 0, Workers: 8
[5.848s][debug][gc,phases      ] GC(14)       Merged Fine:              Min: 0, Avg:  0.0, Max: 0, Diff: 0, Sum: 0, Workers: 8
[5.848s][debug][gc,phases      ] GC(14)       Merged Coarse:            Min: 0, Avg:  0.0, Max: 0, Diff: 0, Sum: 0, Workers: 8
[5.848s][debug][gc,phases      ] GC(14)       Dirty Cards:              Min: 0, Avg:  0.0, Max: 0, Diff: 0, Sum: 0, Workers: 8
[5.848s][debug][gc,phases      ] GC(14)     Hot Card Cache (ms):      Min:  0.0, Avg:  0.0, Max:  0.0, Diff:  0.0, Sum:  0.0, Workers: 8
[5.848s][debug][gc,phases      ] GC(14)       Dirty Cards:              Min: 0, Avg:  0.0, Max: 0, Diff: 0, Sum: 0, Workers: 8
[5.848s][debug][gc,phases      ] GC(14)       Skipped Cards:            Min: 0, Avg:  0.0, Max: 0, Diff: 0, Sum: 0, Workers: 8
[5.848s][debug][gc,phases      ] GC(14)     Log Buffers (ms):         Min:  0.0, Avg:  0.0, Max:  0.0, Diff:  0.0, Sum:  0.0, Workers: 8
[5.848s][debug][gc,phases      ] GC(14)       Dirty Cards:              Min: 0, Avg:  7.2, Max: 17, Diff: 17, Sum: 58, Workers: 8
[5.848s][debug][gc,phases      ] GC(14)       Skipped Cards:            Min: 0, Avg:  0.0, Max: 0, Diff: 0, Sum: 0, Workers: 8
[5.848s][info ][gc,phases      ] GC(14)   Evacuate Collection Set: 0.2ms
[5.848s][debug][gc,phases      ] GC(14)     Ext Root Scanning (ms):   Min:  0.0, Avg:  0.1, Max:  0.1, Diff:  0.1, Sum:  0.5, Workers: 8
[5.848s][debug][gc,phases      ] GC(14)     Scan Heap Roots (ms):     Min:  0.0, Avg:  0.0, Max:  0.0, Diff:  0.0, Sum:  0.1, Workers: 8
[5.848s][debug][gc,phases      ] GC(14)       Scanned Cards:            Min: 0, Avg:  7.0, Max: 17, Diff: 17, Sum: 56, Workers: 8
[5.848s][debug][gc,phases      ] GC(14)       Scanned Blocks:           Min: 0, Avg:  5.8, Max: 12, Diff: 12, Sum: 46, Workers: 8
[5.848s][debug][gc,phases      ] GC(14)       Claimed Chunks:           Min: 0, Avg:  1.9, Max: 4, Diff: 4, Sum: 15, Workers: 8
[5.848s][debug][gc,phases      ] GC(14)     Code Root Scan (ms):      Min:  0.0, Avg:  0.0, Max:  0.0, Diff:  0.0, Sum:  0.0, Workers: 8
[5.848s][debug][gc,phases      ] GC(14)     Object Copy (ms):         Min:  0.0, Avg:  0.0, Max:  0.1, Diff:  0.1, Sum:  0.2, Workers: 8
[5.848s][debug][gc,phases      ] GC(14)     Termination (ms):         Min:  0.0, Avg:  0.1, Max:  0.1, Diff:  0.1, Sum:  0.5, Workers: 8
[5.848s][debug][gc,phases      ] GC(14)       Termination Attempts:     Min: 1, Avg:  1.0, Max: 1, Diff: 0, Sum: 8, Workers: 8
[5.848s][debug][gc,phases      ] GC(14)     GC Worker Other (ms):     Min:  0.0, Avg:  0.0, Max:  0.0, Diff:  0.0, Sum:  0.1, Workers: 8
[5.848s][debug][gc,phases      ] GC(14)     GC Worker Total (ms):     Min:  0.1, Avg:  0.2, Max:  0.2, Diff:  0.2, Sum:  1.4, Workers: 8
[5.848s][info ][gc,phases      ] GC(14)   Post Evacuate Collection Set: 1.0ms
[5.848s][debug][gc,phases      ] GC(14)     Code Roots Fixup: 0.0ms
[5.848s][debug][gc,phases      ] GC(14)     Clear Card Table: 0.0ms
[5.848s][debug][gc,phases      ] GC(14)     Reference Processing: 0.0ms
[5.848s][debug][gc,phases,ref  ] GC(14)       Reconsider SoftReferences: 0.0ms
[5.848s][debug][gc,phases,ref  ] GC(14)         SoftRef (ms):             skipped
[5.848s][debug][gc,phases,ref  ] GC(14)       Notify Soft/WeakReferences: 0.0ms
[5.848s][debug][gc,phases,ref  ] GC(14)         SoftRef (ms):             Min:  0.0, Avg:  0.0, Max:  0.0, Diff:  0.0, Sum:  0.0, Workers: 1
[5.848s][debug][gc,phases,ref  ] GC(14)         WeakRef (ms):             Min:  0.0, Avg:  0.0, Max:  0.0, Diff:  0.0, Sum:  0.0, Workers: 1
[5.848s][debug][gc,phases,ref  ] GC(14)         FinalRef (ms):            Min:  0.0, Avg:  0.0, Max:  0.0, Diff:  0.0, Sum:  0.0, Workers: 1
[5.848s][debug][gc,phases,ref  ] GC(14)         Total (ms):               Min:  0.0, Avg:  0.0, Max:  0.0, Diff:  0.0, Sum:  0.0, Workers: 1
[5.848s][debug][gc,phases,ref  ] GC(14)       Notify and keep alive finalizable: 0.0ms
[5.848s][debug][gc,phases,ref  ] GC(14)         FinalRef (ms):            skipped
[5.848s][debug][gc,phases,ref  ] GC(14)       Notify PhantomReferences: 0.0ms
[5.848s][debug][gc,phases,ref  ] GC(14)         PhantomRef (ms):          Min:  0.0, Avg:  0.0, Max:  0.0, Diff:  0.0, Sum:  0.0, Workers: 1
[5.848s][debug][gc,phases,ref  ] GC(14)       SoftReference:
[5.848s][debug][gc,phases,ref  ] GC(14)         Discovered: 0
[5.848s][debug][gc,phases,ref  ] GC(14)         Cleared: 0
[5.848s][debug][gc,phases,ref  ] GC(14)       WeakReference:
[5.848s][debug][gc,phases,ref  ] GC(14)         Discovered: 1
[5.848s][debug][gc,phases,ref  ] GC(14)         Cleared: 0
[5.848s][debug][gc,phases,ref  ] GC(14)       FinalReference:
[5.848s][debug][gc,phases,ref  ] GC(14)         Discovered: 0
[5.848s][debug][gc,phases,ref  ] GC(14)         Cleared: 0
[5.848s][debug][gc,phases,ref  ] GC(14)       PhantomReference:
[5.848s][debug][gc,phases,ref  ] GC(14)         Discovered: 2
[5.848s][debug][gc,phases,ref  ] GC(14)         Cleared: 2
[5.848s][debug][gc,phases      ] GC(14)     Weak Processing: 0.0ms
[5.848s][debug][gc,phases      ] GC(14)       JVMTI weak processing: 0.0ms
[5.848s][debug][gc,phases      ] GC(14)         Dead: 0
[5.848s][debug][gc,phases      ] GC(14)         Total: 0
[5.848s][debug][gc,phases      ] GC(14)       JFR weak processing: 0.0ms
[5.848s][debug][gc,phases      ] GC(14)         Dead: 0
[5.848s][debug][gc,phases      ] GC(14)         Total: 0
[5.848s][debug][gc,phases      ] GC(14)       JNI weak                  Min:  0.0, Avg:  0.0, Max:  0.0, Diff:  0.0, Sum:  0.0, Workers: 5
[5.848s][debug][gc,phases      ] GC(14)         Dead                      Min: 0, Avg:  0.0, Max: 0, Diff: 0, Sum: 0, Workers: 5
[5.848s][debug][gc,phases      ] GC(14)         Total                     Min: 0, Avg: 13.6, Max: 52, Diff: 52, Sum: 68, Workers: 5
[5.848s][debug][gc,phases      ] GC(14)       VM weak                   Min:  0.0, Avg:  0.0, Max:  0.0, Diff:  0.0, Sum:  0.0, Workers: 5
[5.848s][debug][gc,phases      ] GC(14)         Dead                      Min: 0, Avg:  0.0, Max: 0, Diff: 0, Sum: 0, Workers: 5
[5.848s][debug][gc,phases      ] GC(14)         Total                     Min: 0, Avg: 42.4, Max: 84, Diff: 84, Sum: 212, Workers: 5
[5.848s][debug][gc,phases      ] GC(14)       StringTable weak          Min:  0.0, Avg:  0.0, Max:  0.0, Diff:  0.0, Sum:  0.0, Workers: 5
[5.848s][debug][gc,phases      ] GC(14)         Dead                      Min: 0, Avg:  0.0, Max: 0, Diff: 0, Sum: 0, Workers: 5
[5.848s][debug][gc,phases      ] GC(14)         Total                     Min: 639, Avg: 676.4, Max: 759, Diff: 120, Sum: 3382, Workers: 5
[5.848s][debug][gc,phases      ] GC(14)       ResolvedMethodTable weak  Min:  0.0, Avg:  0.0, Max:  0.0, Diff:  0.0, Sum:  0.0, Workers: 5
[5.848s][debug][gc,phases      ] GC(14)         Dead                      Min: 0, Avg:  0.0, Max: 0, Diff: 0, Sum: 0, Workers: 5
[5.848s][debug][gc,phases      ] GC(14)         Total                     Min: 64, Avg: 114.6, Max: 128, Diff: 64, Sum: 573, Workers: 5
[5.848s][debug][gc,phases      ] GC(14)     Merge Per-Thread State: 0.0ms
[5.848s][debug][gc,phases      ] GC(14)       Copied Bytes              Min: 0, Avg: 64292.0, Max: 403176, Diff: 403176, Sum: 514336, Workers: 8
[5.848s][debug][gc,phases      ] GC(14)       LAB Waste                 Min: 0, Avg: 21.0, Max: 40, Diff: 40, Sum: 168, Workers: 8
[5.848s][debug][gc,phases      ] GC(14)       LAB Undo Waste            Min: 0, Avg:  0.0, Max: 0, Diff: 0, Sum: 0, Workers: 8
[5.848s][debug][gc,phases      ] GC(14)     Code Roots Purge: 0.0ms
[5.848s][debug][gc,phases      ] GC(14)     Redirty Cards: 0.0ms
[5.848s][debug][gc,phases      ] GC(14)     DerivedPointerTable Update: 0.0ms
[5.848s][debug][gc,phases      ] GC(14)     Free Collection Set: 0.0ms
[5.848s][debug][gc,phases      ] GC(14)     Rebuild Free List: 0.0ms
[5.848s][debug][gc,phases      ] GC(14)     Humongous Reclaim: 0.0ms
[5.848s][debug][gc,phases      ] GC(14)     Start New Collection Set: 0.0ms
[5.848s][debug][gc,phases      ] GC(14)     Resize TLABs: 0.0ms
[5.848s][debug][gc,phases      ] GC(14)     Expand Heap After Collection: 0.8ms
[5.848s][info ][gc,phases      ] GC(14)   Other: 0.4ms
[5.848s][info ][gc,heap        ] GC(14) Eden regions: 14->0(84)
[5.848s][info ][gc,heap        ] GC(14) Survivor regions: 1->1(2)
[5.848s][info ][gc,heap        ] GC(14) Old regions: 6->6
[5.848s][info ][gc,heap        ] GC(14) Archive regions: 2->2
[5.848s][info ][gc,heap        ] GC(14) Humongous regions: 0->0
[5.848s][info ][gc,metaspace   ] GC(14) Metaspace: 9813K(10368K)->9813K(10368K) NonClass: 8668K(8960K)->8668K(8960K) Class: 1145K(1408K)->1145K(1408K)
[5.848s][debug][gc,heap        ] GC(14) Heap after GC invocations=15 (full 1): garbage-first heap   total 145408K, used 3796K [0x0000000700000000, 0x0000000800000000)
[5.848s][debug][gc,heap        ] GC(14)   region size 1024K, 1 young (1024K), 1 survivors (1024K)
[5.848s][debug][gc,heap        ] GC(14)  Metaspace       used 9813K, capacity 10111K, committed 10368K, reserved 1058816K
[5.848s][debug][gc,heap        ] GC(14)   class space    used 1145K, capacity 1266K, committed 1408K, reserved 1048576K
[5.848s][info ][gc             ] GC(14) Pause Young (Normal) (G1 Evacuation Pause) 17M->3M(142M) 2.235ms
[5.848s][info ][gc,cpu         ] GC(14) User=0.01s Sys=0.00s Real=0.00s
[5.849s][info ][safepoint      ] Safepoint "G1CollectForAllocation", Time since last: 11547657 ns, Reaching safepoint: 86945 ns, At safepoint: 2416133 ns, Total: 2503078 ns
[5.922s][debug][gc,heap        ] GC(15) Heap before GC invocations=15 (full 1): garbage-first heap   total 145408K, used 89812K [0x0000000700000000, 0x0000000800000000)
[5.922s][debug][gc,heap        ] GC(15)   region size 1024K, 85 young (87040K), 1 survivors (1024K)
[5.922s][debug][gc,heap        ] GC(15)  Metaspace       used 9818K, capacity 10111K, committed 10368K, reserved 1058816K
[5.922s][debug][gc,heap        ] GC(15)   class space    used 1145K, capacity 1266K, committed 1408K, reserved 1048576K
[5.922s][info ][gc,start       ] GC(15) Pause Young (Normal) (G1 Evacuation Pause)
[5.922s][info ][gc,task        ] GC(15) Using 8 workers of 8 for evacuation
[5.923s][debug][gc,tlab        ] GC(15) TLAB totals: thrds: 11  refills: 514 max: 67 slow allocs: 0 max 0 waste:  2.0% gc: 1434112B max: 524064B slow: 294592B max: 38832B fast: 0B max: 0B
[5.923s][debug][gc,age         ] GC(15) Desired survivor size 5767168 bytes, new threshold 15 (max threshold 15)
[5.923s][debug][gc,alloc,region] GC(15) Mutator Allocation stats, regions: 84, wasted size: 2024B ( 0.0%)
[5.923s][debug][gc,ergo        ] GC(15) Running G1 Merge Heap Roots using 8 workers for 85 regions
[5.923s][debug][gc,remset      ] GC(15) Visited cards 3840 Total dirty 10240 (37.50%) Total old 364544 (1.05%)
[5.923s][debug][gc,ergo        ] GC(15) Running G1 Clear Card Table Task using 1 workers for 1 units of work for 90 regions.
[5.923s][debug][gc,ref         ] GC(15) Skipped phase1 of Reference Processing due to unavailable references
[5.923s][debug][gc,ref         ] GC(15) Skipped phase3 of Reference Processing due to unavailable references
[5.924s][debug][gc,ergo        ] GC(15) Running G1 Free Collection Set using 8 workers for collection set length 85 (142)
[5.924s][debug][gc,ergo        ] GC(15) Running G1 Rebuild Free List Task using 8 workers for rebuilding free list of 0 (4096) regions
[5.924s][trace][gc,age         ] GC(15) Age table with threshold 15 (max threshold 15)
[5.924s][trace][gc,age         ] GC(15) - age   1:        936 bytes,        936 total
[5.924s][trace][gc,age         ] GC(15) - age  14:        544 bytes,       1480 total
[5.924s][trace][gc,age         ] GC(15) - age  15:     512712 bytes,     514192 total
[5.924s][debug][gc,plab        ] GC(15) Young PLAB allocation: allocated: 28896B, wasted: 280B, unused: 7944B, used: 20672B, undo waste: 0B, 
[5.924s][debug][gc,plab        ] GC(15) Young other allocation: region end waste: 0B, regions filled: 1, direct allocated: 493520B, failure used: 0B, failure wasted: 0B
[5.924s][debug][gc,plab        ] GC(15) Young sizing: calculated: 4128B, actual: 4072B
[5.924s][debug][gc,plab        ] GC(15) Old PLAB allocation: allocated: 0B, wasted: 0B, unused: 0B, used: 0B, undo waste: 0B, 
[5.924s][debug][gc,plab        ] GC(15) Old other allocation: region end waste: 0B, regions filled: 0, direct allocated: 0B, failure used: 0B, failure wasted: 0B
[5.924s][debug][gc,plab        ] GC(15) Old sizing: calculated: 0B, actual: 2064B
[5.924s][debug][gc,ihop        ] GC(15) Basic information (value update), threshold: 67004006B (45.00), target occupancy: 148897792B, current occupancy: 3888136B, recent allocation size: 0B, recent allocation duration: 74.72ms, recent old gen allocation rate: 0.00B/s, recent marking phase length: 0.00ms
[5.924s][debug][gc,ihop        ] GC(15) Adaptive IHOP information (value update), threshold: 67004006B (47.37), internal target occupancy: 141452902B, occupancy: 3888136B, additional buffer size: 89128960B, predicted old gen allocation rate: 0.00B/s, predicted marking phase length: 0.00ms, prediction active: false
[5.924s][debug][gc,ergo,refine ] GC(15) Concurrent refinement times: Logged Cards Scan time goal: 20.00ms Logged Cards Scan time: 0.02ms HCC time: 0.00ms
[5.924s][debug][gc,ergo,refine ] GC(15) Updated Refinement Zones: green: 2048, yellow: 6144, red: 10240
[5.924s][info ][gc,phases      ] GC(15)   Pre Evacuate Collection Set: 0.1ms
[5.924s][debug][gc,phases      ] GC(15)     Prepare TLABs: 0.0ms
[5.924s][debug][gc,phases      ] GC(15)     Choose Collection Set: 0.0ms
[5.924s][debug][gc,phases      ] GC(15)     Region Register: 0.1ms
[5.924s][debug][gc,phases      ] GC(15)     Prepare Heap Roots: 0.0ms
[5.924s][info ][gc,phases      ] GC(15)   Merge Heap Roots: 0.1ms
[5.924s][debug][gc,phases      ] GC(15)     Prepare Merge Heap Roots: 0.0ms
[5.924s][debug][gc,phases      ] GC(15)     Eager Reclaim (ms):       skipped
[5.924s][debug][gc,phases      ] GC(15)     Remembered Sets (ms):     Min:  0.0, Avg:  0.0, Max:  0.0, Diff:  0.0, Sum:  0.1, Workers: 8
[5.924s][debug][gc,phases      ] GC(15)       Merged Sparse:            Min: 0, Avg:  0.0, Max: 0, Diff: 0, Sum: 0, Workers: 8
[5.924s][debug][gc,phases      ] GC(15)       Merged Fine:              Min: 0, Avg:  0.0, Max: 0, Diff: 0, Sum: 0, Workers: 8
[5.924s][debug][gc,phases      ] GC(15)       Merged Coarse:            Min: 0, Avg:  0.0, Max: 0, Diff: 0, Sum: 0, Workers: 8
[5.924s][debug][gc,phases      ] GC(15)       Dirty Cards:              Min: 0, Avg:  0.0, Max: 0, Diff: 0, Sum: 0, Workers: 8
[5.924s][debug][gc,phases      ] GC(15)     Hot Card Cache (ms):      Min:  0.0, Avg:  0.0, Max:  0.0, Diff:  0.0, Sum:  0.0, Workers: 8
[5.924s][debug][gc,phases      ] GC(15)       Dirty Cards:              Min: 0, Avg:  0.0, Max: 0, Diff: 0, Sum: 0, Workers: 8
[5.924s][debug][gc,phases      ] GC(15)       Skipped Cards:            Min: 0, Avg:  0.0, Max: 0, Diff: 0, Sum: 0, Workers: 8
[5.924s][debug][gc,phases      ] GC(15)     Log Buffers (ms):         Min:  0.0, Avg:  0.0, Max:  0.0, Diff:  0.0, Sum:  0.0, Workers: 8
[5.924s][debug][gc,phases      ] GC(15)       Dirty Cards:              Min: 0, Avg:  7.6, Max: 24, Diff: 24, Sum: 61, Workers: 8
[5.924s][debug][gc,phases      ] GC(15)       Skipped Cards:            Min: 0, Avg:  0.0, Max: 0, Diff: 0, Sum: 0, Workers: 8
[5.924s][info ][gc,phases      ] GC(15)   Evacuate Collection Set: 0.5ms
[5.924s][debug][gc,phases      ] GC(15)     Ext Root Scanning (ms):   Min:  0.0, Avg:  0.0, Max:  0.1, Diff:  0.1, Sum:  0.3, Workers: 8
[5.924s][debug][gc,phases      ] GC(15)     Scan Heap Roots (ms):     Min:  0.0, Avg:  0.0, Max:  0.0, Diff:  0.0, Sum:  0.1, Workers: 8
[5.924s][debug][gc,phases      ] GC(15)       Scanned Cards:            Min: 0, Avg:  7.0, Max: 14, Diff: 14, Sum: 56, Workers: 8
[5.924s][debug][gc,phases      ] GC(15)       Scanned Blocks:           Min: 0, Avg:  5.6, Max: 10, Diff: 10, Sum: 45, Workers: 8
[5.924s][debug][gc,phases      ] GC(15)       Claimed Chunks:           Min: 0, Avg:  1.9, Max: 3, Diff: 3, Sum: 15, Workers: 8
[5.924s][debug][gc,phases      ] GC(15)     Code Root Scan (ms):      Min:  0.0, Avg:  0.0, Max:  0.0, Diff:  0.0, Sum:  0.0, Workers: 8
[5.924s][debug][gc,phases      ] GC(15)     Object Copy (ms):         Min:  0.0, Avg:  0.1, Max:  0.3, Diff:  0.3, Sum:  0.5, Workers: 8
[5.924s][debug][gc,phases      ] GC(15)     Termination (ms):         Min:  0.0, Avg:  0.3, Max:  0.4, Diff:  0.4, Sum:  2.0, Workers: 8
[5.924s][debug][gc,phases      ] GC(15)       Termination Attempts:     Min: 1, Avg:  1.0, Max: 1, Diff: 0, Sum: 8, Workers: 8
[5.924s][debug][gc,phases      ] GC(15)     GC Worker Other (ms):     Min:  0.0, Avg:  0.0, Max:  0.0, Diff:  0.0, Sum:  0.1, Workers: 8
[5.924s][debug][gc,phases      ] GC(15)     GC Worker Total (ms):     Min:  0.3, Avg:  0.4, Max:  0.5, Diff:  0.2, Sum:  3.0, Workers: 8
[5.924s][info ][gc,phases      ] GC(15)   Post Evacuate Collection Set: 0.3ms
[5.924s][debug][gc,phases      ] GC(15)     Code Roots Fixup: 0.0ms
[5.924s][debug][gc,phases      ] GC(15)     Clear Card Table: 0.0ms
[5.924s][debug][gc,phases      ] GC(15)     Reference Processing: 0.0ms
[5.924s][debug][gc,phases,ref  ] GC(15)       Reconsider SoftReferences: 0.0ms
[5.924s][debug][gc,phases,ref  ] GC(15)         SoftRef (ms):             skipped
[5.924s][debug][gc,phases,ref  ] GC(15)       Notify Soft/WeakReferences: 0.0ms
[5.924s][debug][gc,phases,ref  ] GC(15)         SoftRef (ms):             Min:  0.0, Avg:  0.0, Max:  0.0, Diff:  0.0, Sum:  0.0, Workers: 1
[5.924s][debug][gc,phases,ref  ] GC(15)         WeakRef (ms):             Min:  0.0, Avg:  0.0, Max:  0.0, Diff:  0.0, Sum:  0.0, Workers: 1
[5.924s][debug][gc,phases,ref  ] GC(15)         FinalRef (ms):            Min:  0.0, Avg:  0.0, Max:  0.0, Diff:  0.0, Sum:  0.0, Workers: 1
[5.924s][debug][gc,phases,ref  ] GC(15)         Total (ms):               Min:  0.0, Avg:  0.0, Max:  0.0, Diff:  0.0, Sum:  0.0, Workers: 1
[5.924s][debug][gc,phases,ref  ] GC(15)       Notify and keep alive finalizable: 0.0ms
[5.924s][debug][gc,phases,ref  ] GC(15)         FinalRef (ms):            skipped
[5.924s][debug][gc,phases,ref  ] GC(15)       Notify PhantomReferences: 0.0ms
[5.924s][debug][gc,phases,ref  ] GC(15)         PhantomRef (ms):          Min:  0.0, Avg:  0.0, Max:  0.0, Diff:  0.0, Sum:  0.0, Workers: 1
[5.924s][debug][gc,phases,ref  ] GC(15)       SoftReference:
[5.924s][debug][gc,phases,ref  ] GC(15)         Discovered: 0
[5.924s][debug][gc,phases,ref  ] GC(15)         Cleared: 0
[5.924s][debug][gc,phases,ref  ] GC(15)       WeakReference:
[5.924s][debug][gc,phases,ref  ] GC(15)         Discovered: 1
[5.924s][debug][gc,phases,ref  ] GC(15)         Cleared: 0
[5.924s][debug][gc,phases,ref  ] GC(15)       FinalReference:
[5.924s][debug][gc,phases,ref  ] GC(15)         Discovered: 0
[5.924s][debug][gc,phases,ref  ] GC(15)         Cleared: 0
[5.924s][debug][gc,phases,ref  ] GC(15)       PhantomReference:
[5.924s][debug][gc,phases,ref  ] GC(15)         Discovered: 1
[5.924s][debug][gc,phases,ref  ] GC(15)         Cleared: 1
[5.924s][debug][gc,phases      ] GC(15)     Weak Processing: 0.1ms
[5.924s][debug][gc,phases      ] GC(15)       JVMTI weak processing: 0.0ms
[5.924s][debug][gc,phases      ] GC(15)         Dead: 0
[5.924s][debug][gc,phases      ] GC(15)         Total: 0
[5.924s][debug][gc,phases      ] GC(15)       JFR weak processing: 0.0ms
[5.924s][debug][gc,phases      ] GC(15)         Dead: 0
[5.924s][debug][gc,phases      ] GC(15)         Total: 0
[5.924s][debug][gc,phases      ] GC(15)       JNI weak                  Min:  0.0, Avg:  0.0, Max:  0.0, Diff:  0.0, Sum:  0.0, Workers: 5
[5.924s][debug][gc,phases      ] GC(15)         Dead                      Min: 0, Avg:  0.0, Max: 0, Diff: 0, Sum: 0, Workers: 5
[5.924s][debug][gc,phases      ] GC(15)         Total                     Min: 0, Avg: 13.2, Max: 52, Diff: 52, Sum: 66, Workers: 5
[5.924s][debug][gc,phases      ] GC(15)       VM weak                   Min:  0.0, Avg:  0.0, Max:  0.0, Diff:  0.0, Sum:  0.0, Workers: 5
[5.924s][debug][gc,phases      ] GC(15)         Dead                      Min: 0, Avg:  0.0, Max: 0, Diff: 0, Sum: 0, Workers: 5
[5.924s][debug][gc,phases      ] GC(15)         Total                     Min: 0, Avg: 42.4, Max: 128, Diff: 128, Sum: 212, Workers: 5
[5.924s][debug][gc,phases      ] GC(15)       StringTable weak          Min:  0.0, Avg:  0.0, Max:  0.1, Diff:  0.0, Sum:  0.2, Workers: 5
[5.924s][debug][gc,phases      ] GC(15)         Dead                      Min: 0, Avg:  0.0, Max: 0, Diff: 0, Sum: 0, Workers: 5
[5.924s][debug][gc,phases      ] GC(15)         Total                     Min: 0, Avg: 676.4, Max: 1088, Diff: 1088, Sum: 3382, Workers: 5
[5.924s][debug][gc,phases      ] GC(15)       ResolvedMethodTable weak  Min:  0.0, Avg:  0.0, Max:  0.0, Diff:  0.0, Sum:  0.0, Workers: 5
[5.924s][debug][gc,phases      ] GC(15)         Dead                      Min: 0, Avg:  0.0, Max: 0, Diff: 0, Sum: 0, Workers: 5
[5.924s][debug][gc,phases      ] GC(15)         Total                     Min: 61, Avg: 114.6, Max: 128, Diff: 67, Sum: 573, Workers: 5
[5.924s][debug][gc,phases      ] GC(15)     Merge Per-Thread State: 0.0ms
[5.924s][debug][gc,phases      ] GC(15)       Copied Bytes              Min: 352, Avg: 64274.0, Max: 404512, Diff: 404160, Sum: 514192, Workers: 8
[5.924s][debug][gc,phases      ] GC(15)       LAB Waste                 Min: 0, Avg: 35.0, Max: 88, Diff: 88, Sum: 280, Workers: 8
[5.924s][debug][gc,phases      ] GC(15)       LAB Undo Waste            Min: 0, Avg:  0.0, Max: 0, Diff: 0, Sum: 0, Workers: 8
[5.924s][debug][gc,phases      ] GC(15)     Code Roots Purge: 0.0ms
[5.924s][debug][gc,phases      ] GC(15)     Redirty Cards: 0.0ms
[5.924s][debug][gc,phases      ] GC(15)     DerivedPointerTable Update: 0.0ms
[5.924s][debug][gc,phases      ] GC(15)     Free Collection Set: 0.1ms
[5.924s][debug][gc,phases      ] GC(15)     Rebuild Free List: 0.1ms
[5.924s][debug][gc,phases      ] GC(15)     Humongous Reclaim: 0.0ms
[5.924s][debug][gc,phases      ] GC(15)     Start New Collection Set: 0.0ms
[5.924s][debug][gc,phases      ] GC(15)     Resize TLABs: 0.0ms
[5.924s][debug][gc,phases      ] GC(15)     Expand Heap After Collection: 0.0ms
[5.924s][info ][gc,phases      ] GC(15)   Other: 0.3ms
[5.924s][info ][gc,heap        ] GC(15) Eden regions: 84->0(84)
[5.924s][info ][gc,heap        ] GC(15) Survivor regions: 1->1(11)
[5.924s][info ][gc,heap        ] GC(15) Old regions: 6->6
[5.924s][info ][gc,heap        ] GC(15) Archive regions: 2->2
[5.924s][info ][gc,heap        ] GC(15) Humongous regions: 0->0
[5.924s][info ][gc,metaspace   ] GC(15) Metaspace: 9818K(10368K)->9818K(10368K) NonClass: 8673K(8960K)->8673K(8960K) Class: 1145K(1408K)->1145K(1408K)
[5.924s][debug][gc,heap        ] GC(15) Heap after GC invocations=16 (full 1): garbage-first heap   total 145408K, used 3797K [0x0000000700000000, 0x0000000800000000)
[5.924s][debug][gc,heap        ] GC(15)   region size 1024K, 1 young (1024K), 1 survivors (1024K)
[5.924s][debug][gc,heap        ] GC(15)  Metaspace       used 9818K, capacity 10111K, committed 10368K, reserved 1058816K
[5.924s][debug][gc,heap        ] GC(15)   class space    used 1145K, capacity 1266K, committed 1408K, reserved 1048576K
[5.924s][info ][gc             ] GC(15) Pause Young (Normal) (G1 Evacuation Pause) 87M->3M(142M) 1.921ms
[5.924s][info ][gc,cpu         ] GC(15) User=0.00s Sys=0.00s Real=0.00s
[5.925s][info ][safepoint      ] Safepoint "G1CollectForAllocation", Time since last: 73754494 ns, Reaching safepoint: 120811 ns, At safepoint: 2633008 ns, Total: 2753819 ns
[5.985s][debug][gc,heap        ] GC(16) Heap before GC invocations=16 (full 1): garbage-first heap   total 145408K, used 89813K [0x0000000700000000, 0x0000000800000000)
[5.985s][debug][gc,heap        ] GC(16)   region size 1024K, 85 young (87040K), 1 survivors (1024K)
[5.985s][debug][gc,heap        ] GC(16)  Metaspace       used 9871K, capacity 10175K, committed 10624K, reserved 1058816K
[5.985s][debug][gc,heap        ] GC(16)   class space    used 1150K, capacity 1266K, committed 1408K, reserved 1048576K
[5.985s][info ][gc,start       ] GC(16) Pause Young (Normal) (G1 Evacuation Pause)
[5.985s][info ][gc,task        ] GC(16) Using 8 workers of 8 for evacuation
[5.985s][debug][gc,tlab        ] GC(16) TLAB totals: thrds: 10  refills: 522 max: 73 slow allocs: 4 max 4 waste:  1.1% gc: 677232B max: 151504B slow: 299256B max: 42128B fast: 0B max: 0B
[5.985s][debug][gc,age         ] GC(16) Desired survivor size 5767168 bytes, new threshold 15 (max threshold 15)
[5.985s][debug][gc,alloc,region] GC(16) Mutator Allocation stats, regions: 84, wasted size: 0B ( 0.0%)
[5.985s][debug][gc,ergo        ] GC(16) Running G1 Merge Heap Roots using 8 workers for 85 regions
[5.986s][debug][gc,remset      ] GC(16) Visited cards 4608 Total dirty 14336 (32.14%) Total old 364544 (1.26%)
[5.986s][debug][gc,ergo        ] GC(16) Running G1 Clear Card Table Task using 1 workers for 1 units of work for 92 regions.
[5.986s][debug][gc,ref         ] GC(16) Skipped phase1 of Reference Processing due to unavailable references
[5.986s][debug][gc,ref         ] GC(16) Skipped phase3 of Reference Processing due to unavailable references
[5.986s][debug][gc,ergo        ] GC(16) Running G1 Free Collection Set using 8 workers for collection set length 85 (142)
[5.986s][debug][gc,ergo        ] GC(16) Running G1 Rebuild Free List Task using 8 workers for rebuilding free list of 0 (4096) regions
[5.987s][trace][gc,age         ] GC(16) Age table with threshold 15 (max threshold 15)
[5.987s][trace][gc,age         ] GC(16) - age   1:     171904 bytes,     171904 total
[5.987s][trace][gc,age         ] GC(16) - age   2:        320 bytes,     172224 total
[5.987s][trace][gc,age         ] GC(16) - age  15:        256 bytes,     172480 total
[5.987s][debug][gc,plab        ] GC(16) Young PLAB allocation: allocated: 28896B, wasted: 312B, unused: 9768B, used: 18816B, undo waste: 0B, 
[5.987s][debug][gc,plab        ] GC(16) Young other allocation: region end waste: 0B, regions filled: 1, direct allocated: 153664B, failure used: 0B, failure wasted: 0B
[5.987s][debug][gc,plab        ] GC(16) Young sizing: calculated: 3760B, actual: 3832B
[5.987s][debug][gc,plab        ] GC(16) Old PLAB allocation: allocated: 28896B, wasted: 160B, unused: 11304B, used: 17432B, undo waste: 0B, 
[5.987s][debug][gc,plab        ] GC(16) Old other allocation: region end waste: 0B, regions filled: 1, direct allocated: 494624B, failure used: 0B, failure wasted: 0B
[5.987s][debug][gc,plab        ] GC(16) Old sizing: calculated: 3480B, actual: 2608B
[5.987s][debug][gc,ihop        ] GC(16) Basic information (value update), threshold: 67004006B (45.00), target occupancy: 148897792B, current occupancy: 4072056B, recent allocation size: 28896B, recent allocation duration: 61.54ms, recent old gen allocation rate: 469566.12B/s, recent marking phase length: 0.00ms
[5.987s][debug][gc,ihop        ] GC(16) Adaptive IHOP information (value update), threshold: 67004006B (47.37), internal target occupancy: 141452902B, occupancy: 4072056B, additional buffer size: 89128960B, predicted old gen allocation rate: 73352.44B/s, predicted marking phase length: 0.00ms, prediction active: false
[5.987s][debug][gc,ergo,refine ] GC(16) Concurrent refinement times: Logged Cards Scan time goal: 20.00ms Logged Cards Scan time: 0.03ms HCC time: 0.00ms
[5.987s][debug][gc,ergo,refine ] GC(16) Updated Refinement Zones: green: 2048, yellow: 6144, red: 10240
[5.987s][info ][gc,phases      ] GC(16)   Pre Evacuate Collection Set: 0.1ms
[5.987s][debug][gc,phases      ] GC(16)     Prepare TLABs: 0.0ms
[5.987s][debug][gc,phases      ] GC(16)     Choose Collection Set: 0.0ms
[5.987s][debug][gc,phases      ] GC(16)     Region Register: 0.1ms
[5.987s][debug][gc,phases      ] GC(16)     Prepare Heap Roots: 0.0ms
[5.987s][info ][gc,phases      ] GC(16)   Merge Heap Roots: 0.1ms
[5.987s][debug][gc,phases      ] GC(16)     Prepare Merge Heap Roots: 0.0ms
[5.987s][debug][gc,phases      ] GC(16)     Eager Reclaim (ms):       skipped
[5.987s][debug][gc,phases      ] GC(16)     Remembered Sets (ms):     Min:  0.0, Avg:  0.0, Max:  0.0, Diff:  0.0, Sum:  0.1, Workers: 8
[5.987s][debug][gc,phases      ] GC(16)       Merged Sparse:            Min: 0, Avg:  0.0, Max: 0, Diff: 0, Sum: 0, Workers: 8
[5.987s][debug][gc,phases      ] GC(16)       Merged Fine:              Min: 0, Avg:  0.0, Max: 0, Diff: 0, Sum: 0, Workers: 8
[5.987s][debug][gc,phases      ] GC(16)       Merged Coarse:            Min: 0, Avg:  0.0, Max: 0, Diff: 0, Sum: 0, Workers: 8
[5.987s][debug][gc,phases      ] GC(16)       Dirty Cards:              Min: 0, Avg:  0.0, Max: 0, Diff: 0, Sum: 0, Workers: 8
[5.987s][debug][gc,phases      ] GC(16)     Hot Card Cache (ms):      Min:  0.0, Avg:  0.0, Max:  0.0, Diff:  0.0, Sum:  0.0, Workers: 8
[5.987s][debug][gc,phases      ] GC(16)       Dirty Cards:              Min: 0, Avg:  0.0, Max: 0, Diff: 0, Sum: 0, Workers: 8
[5.987s][debug][gc,phases      ] GC(16)       Skipped Cards:            Min: 0, Avg:  0.0, Max: 0, Diff: 0, Sum: 0, Workers: 8
[5.987s][debug][gc,phases      ] GC(16)     Log Buffers (ms):         Min:  0.0, Avg:  0.0, Max:  0.0, Diff:  0.0, Sum:  0.0, Workers: 8
[5.987s][debug][gc,phases      ] GC(16)       Dirty Cards:              Min: 0, Avg: 10.5, Max: 41, Diff: 41, Sum: 84, Workers: 8
[5.987s][debug][gc,phases      ] GC(16)       Skipped Cards:            Min: 0, Avg:  0.0, Max: 0, Diff: 0, Sum: 0, Workers: 8
[5.987s][info ][gc,phases      ] GC(16)   Evacuate Collection Set: 0.6ms
[5.987s][debug][gc,phases      ] GC(16)     Ext Root Scanning (ms):   Min:  0.0, Avg:  0.0, Max:  0.1, Diff:  0.1, Sum:  0.3, Workers: 8
[5.987s][debug][gc,phases      ] GC(16)     Scan Heap Roots (ms):     Min:  0.0, Avg:  0.0, Max:  0.1, Diff:  0.1, Sum:  0.2, Workers: 8
[5.987s][debug][gc,phases      ] GC(16)       Scanned Cards:            Min: 0, Avg: 10.0, Max: 18, Diff: 18, Sum: 80, Workers: 8
[5.987s][debug][gc,phases      ] GC(16)       Scanned Blocks:           Min: 0, Avg:  7.9, Max: 13, Diff: 13, Sum: 63, Workers: 8
[5.987s][debug][gc,phases      ] GC(16)       Claimed Chunks:           Min: 0, Avg:  2.2, Max: 4, Diff: 4, Sum: 18, Workers: 8
[5.987s][debug][gc,phases      ] GC(16)     Code Root Scan (ms):      Min:  0.0, Avg:  0.0, Max:  0.0, Diff:  0.0, Sum:  0.0, Workers: 8
[5.987s][debug][gc,phases      ] GC(16)     Object Copy (ms):         Min:  0.0, Avg:  0.1, Max:  0.3, Diff:  0.3, Sum:  0.8, Workers: 8
[5.987s][debug][gc,phases      ] GC(16)     Termination (ms):         Min:  0.0, Avg:  0.3, Max:  0.4, Diff:  0.4, Sum:  2.1, Workers: 8
[5.987s][debug][gc,phases      ] GC(16)       Termination Attempts:     Min: 1, Avg:  1.0, Max: 1, Diff: 0, Sum: 8, Workers: 8
[5.987s][debug][gc,phases      ] GC(16)     GC Worker Other (ms):     Min:  0.0, Avg:  0.0, Max:  0.0, Diff:  0.0, Sum:  0.1, Workers: 8
[5.987s][debug][gc,phases      ] GC(16)     GC Worker Total (ms):     Min:  0.4, Avg:  0.4, Max:  0.6, Diff:  0.2, Sum:  3.5, Workers: 8
[5.987s][info ][gc,phases      ] GC(16)   Post Evacuate Collection Set: 0.4ms
[5.987s][debug][gc,phases      ] GC(16)     Code Roots Fixup: 0.0ms
[5.987s][debug][gc,phases      ] GC(16)     Clear Card Table: 0.0ms
[5.987s][debug][gc,phases      ] GC(16)     Reference Processing: 0.0ms
[5.987s][debug][gc,phases,ref  ] GC(16)       Reconsider SoftReferences: 0.0ms
[5.987s][debug][gc,phases,ref  ] GC(16)         SoftRef (ms):             skipped
[5.987s][debug][gc,phases,ref  ] GC(16)       Notify Soft/WeakReferences: 0.0ms
[5.987s][debug][gc,phases,ref  ] GC(16)         SoftRef (ms):             Min:  0.0, Avg:  0.0, Max:  0.0, Diff:  0.0, Sum:  0.0, Workers: 1
[5.987s][debug][gc,phases,ref  ] GC(16)         WeakRef (ms):             Min:  0.0, Avg:  0.0, Max:  0.0, Diff:  0.0, Sum:  0.0, Workers: 1
[5.987s][debug][gc,phases,ref  ] GC(16)         FinalRef (ms):            Min:  0.0, Avg:  0.0, Max:  0.0, Diff:  0.0, Sum:  0.0, Workers: 1
[5.987s][debug][gc,phases,ref  ] GC(16)         Total (ms):               Min:  0.0, Avg:  0.0, Max:  0.0, Diff:  0.0, Sum:  0.0, Workers: 1
[5.987s][debug][gc,phases,ref  ] GC(16)       Notify and keep alive finalizable: 0.0ms
[5.987s][debug][gc,phases,ref  ] GC(16)         FinalRef (ms):            skipped
[5.987s][debug][gc,phases,ref  ] GC(16)       Notify PhantomReferences: 0.0ms
[5.987s][debug][gc,phases,ref  ] GC(16)         PhantomRef (ms):          Min:  0.0, Avg:  0.0, Max:  0.0, Diff:  0.0, Sum:  0.0, Workers: 1
[5.987s][debug][gc,phases,ref  ] GC(16)       SoftReference:
[5.987s][debug][gc,phases,ref  ] GC(16)         Discovered: 0
[5.987s][debug][gc,phases,ref  ] GC(16)         Cleared: 0
[5.987s][debug][gc,phases,ref  ] GC(16)       WeakReference:
[5.987s][debug][gc,phases,ref  ] GC(16)         Discovered: 2
[5.987s][debug][gc,phases,ref  ] GC(16)         Cleared: 0
[5.987s][debug][gc,phases,ref  ] GC(16)       FinalReference:
[5.987s][debug][gc,phases,ref  ] GC(16)         Discovered: 0
[5.987s][debug][gc,phases,ref  ] GC(16)         Cleared: 0
[5.987s][debug][gc,phases,ref  ] GC(16)       PhantomReference:
[5.987s][debug][gc,phases,ref  ] GC(16)         Discovered: 13
[5.987s][debug][gc,phases,ref  ] GC(16)         Cleared: 13
[5.987s][debug][gc,phases      ] GC(16)     Weak Processing: 0.1ms
[5.987s][debug][gc,phases      ] GC(16)       JVMTI weak processing: 0.0ms
[5.987s][debug][gc,phases      ] GC(16)         Dead: 0
[5.987s][debug][gc,phases      ] GC(16)         Total: 0
[5.987s][debug][gc,phases      ] GC(16)       JFR weak processing: 0.0ms
[5.987s][debug][gc,phases      ] GC(16)         Dead: 0
[5.987s][debug][gc,phases      ] GC(16)         Total: 0
[5.987s][debug][gc,phases      ] GC(16)       JNI weak                  Min:  0.0, Avg:  0.0, Max:  0.0, Diff:  0.0, Sum:  0.0, Workers: 5
[5.987s][debug][gc,phases      ] GC(16)         Dead                      Min: 0, Avg:  0.0, Max: 0, Diff: 0, Sum: 0, Workers: 5
[5.987s][debug][gc,phases      ] GC(16)         Total                     Min: 0, Avg: 15.8, Max: 79, Diff: 79, Sum: 79, Workers: 5
[5.987s][debug][gc,phases      ] GC(16)       VM weak                   Min:  0.0, Avg:  0.0, Max:  0.0, Diff:  0.0, Sum:  0.0, Workers: 5
[5.987s][debug][gc,phases      ] GC(16)         Dead                      Min: 0, Avg:  0.0, Max: 0, Diff: 0, Sum: 0, Workers: 5
[5.987s][debug][gc,phases      ] GC(16)         Total                     Min: 0, Avg: 42.4, Max: 212, Diff: 212, Sum: 212, Workers: 5
[5.987s][debug][gc,phases      ] GC(16)       StringTable weak          Min:  0.0, Avg:  0.0, Max:  0.0, Diff:  0.0, Sum:  0.0, Workers: 5
[5.987s][debug][gc,phases      ] GC(16)         Dead                      Min: 0, Avg:  0.0, Max: 0, Diff: 0, Sum: 0, Workers: 5
[5.987s][debug][gc,phases      ] GC(16)         Total                     Min: 0, Avg: 677.2, Max: 1792, Diff: 1792, Sum: 3386, Workers: 5
[5.987s][debug][gc,phases      ] GC(16)       ResolvedMethodTable weak  Min:  0.0, Avg:  0.0, Max:  0.0, Diff:  0.0, Sum:  0.1, Workers: 5
[5.987s][debug][gc,phases      ] GC(16)         Dead                      Min: 0, Avg:  0.0, Max: 0, Diff: 0, Sum: 0, Workers: 5
[5.987s][debug][gc,phases      ] GC(16)         Total                     Min: 0, Avg: 114.6, Max: 256, Diff: 256, Sum: 573, Workers: 5
[5.987s][debug][gc,phases      ] GC(16)     Merge Per-Thread State: 0.0ms
[5.987s][debug][gc,phases      ] GC(16)       Copied Bytes              Min: 4312, Avg: 85567.0, Max: 405248, Diff: 400936, Sum: 684536, Workers: 8
[5.987s][debug][gc,phases      ] GC(16)       LAB Waste                 Min: 0, Avg: 59.0, Max: 136, Diff: 136, Sum: 472, Workers: 8
[5.987s][debug][gc,phases      ] GC(16)       LAB Undo Waste            Min: 0, Avg:  0.0, Max: 0, Diff: 0, Sum: 0, Workers: 8
[5.987s][debug][gc,phases      ] GC(16)     Code Roots Purge: 0.0ms
[5.987s][debug][gc,phases      ] GC(16)     Redirty Cards: 0.0ms
[5.987s][debug][gc,phases      ] GC(16)     DerivedPointerTable Update: 0.0ms
[5.987s][debug][gc,phases      ] GC(16)     Free Collection Set: 0.1ms
[5.987s][debug][gc,phases      ] GC(16)     Rebuild Free List: 0.1ms
[5.987s][debug][gc,phases      ] GC(16)     Humongous Reclaim: 0.0ms
[5.987s][debug][gc,phases      ] GC(16)     Start New Collection Set: 0.0ms
[5.987s][debug][gc,phases      ] GC(16)     Resize TLABs: 0.0ms
[5.987s][debug][gc,phases      ] GC(16)     Expand Heap After Collection: 0.0ms
[5.987s][info ][gc,phases      ] GC(16)   Other: 0.3ms
[5.987s][info ][gc,heap        ] GC(16) Eden regions: 84->0(84)
[5.987s][info ][gc,heap        ] GC(16) Survivor regions: 1->1(11)
[5.987s][info ][gc,heap        ] GC(16) Old regions: 6->7
[5.987s][info ][gc,heap        ] GC(16) Archive regions: 2->2
[5.987s][info ][gc,heap        ] GC(16) Humongous regions: 0->0
[5.987s][info ][gc,metaspace   ] GC(16) Metaspace: 9871K(10624K)->9871K(10624K) NonClass: 8721K(9216K)->8721K(9216K) Class: 1150K(1408K)->1150K(1408K)
[5.987s][debug][gc,heap        ] GC(16) Heap after GC invocations=17 (full 1): garbage-first heap   total 145408K, used 3976K [0x0000000700000000, 0x0000000800000000)
[5.987s][debug][gc,heap        ] GC(16)   region size 1024K, 1 young (1024K), 1 survivors (1024K)
[5.987s][debug][gc,heap        ] GC(16)  Metaspace       used 9871K, capacity 10175K, committed 10624K, reserved 1058816K
[5.987s][debug][gc,heap        ] GC(16)   class space    used 1150K, capacity 1266K, committed 1408K, reserved 1048576K
[5.987s][info ][gc             ] GC(16) Pause Young (Normal) (G1 Evacuation Pause) 87M->3M(142M) 2.028ms
[5.987s][info ][gc,cpu         ] GC(16) User=0.00s Sys=0.00s Real=0.00s
[5.987s][info ][safepoint      ] Safepoint "G1CollectForAllocation", Time since last: 60017061 ns, Reaching safepoint: 97878 ns, At safepoint: 2221518 ns, Total: 2319396 ns
[6.042s][debug][gc,heap        ] GC(17) Heap before GC invocations=17 (full 1): garbage-first heap   total 145408K, used 89992K [0x0000000700000000, 0x0000000800000000)
[6.042s][debug][gc,heap        ] GC(17)   region size 1024K, 85 young (87040K), 1 survivors (1024K)
[6.042s][debug][gc,heap        ] GC(17)  Metaspace       used 9886K, capacity 10175K, committed 10624K, reserved 1058816K
[6.042s][debug][gc,heap        ] GC(17)   class space    used 1150K, capacity 1266K, committed 1408K, reserved 1048576K
[6.042s][info ][gc,start       ] GC(17) Pause Young (Normal) (G1 Evacuation Pause)
[6.042s][info ][gc,task        ] GC(17) Using 8 workers of 8 for evacuation
[6.042s][debug][gc,tlab        ] GC(17) TLAB totals: thrds: 9  refills: 515 max: 72 slow allocs: 2 max 2 waste:  1.2% gc: 748256B max: 156728B slow: 295728B max: 41216B fast: 0B max: 0B
[6.042s][debug][gc,age         ] GC(17) Desired survivor size 5767168 bytes, new threshold 15 (max threshold 15)
[6.042s][debug][gc,alloc,region] GC(17) Mutator Allocation stats, regions: 84, wasted size: 0B ( 0.0%)
[6.042s][debug][gc,ergo        ] GC(17) Running G1 Merge Heap Roots using 8 workers for 85 regions
[6.042s][debug][gc,remset      ] GC(17) Visited cards 3840 Total dirty 16384 (23.44%) Total old 366592 (1.05%)
[6.042s][debug][gc,ergo        ] GC(17) Running G1 Clear Card Table Task using 1 workers for 1 units of work for 93 regions.
[6.043s][debug][gc,ref         ] GC(17) Skipped phase1 of Reference Processing due to unavailable references
[6.043s][debug][gc,ref         ] GC(17) Skipped phase3 of Reference Processing due to unavailable references
[6.043s][debug][gc,ergo        ] GC(17) Running G1 Free Collection Set using 8 workers for collection set length 85 (142)
[6.043s][debug][gc,ergo        ] GC(17) Running G1 Rebuild Free List Task using 8 workers for rebuilding free list of 0 (4096) regions
[6.043s][trace][gc,age         ] GC(17) Age table with threshold 15 (max threshold 15)
[6.043s][trace][gc,age         ] GC(17) - age   1:      83456 bytes,      83456 total
[6.043s][trace][gc,age         ] GC(17) - age   2:     170696 bytes,     254152 total
[6.043s][trace][gc,age         ] GC(17) - age   3:        320 bytes,     254472 total
[6.043s][debug][gc,plab        ] GC(17) Young PLAB allocation: allocated: 30960B, wasted: 328B, unused: 7544B, used: 23088B, undo waste: 38416B, 
[6.043s][debug][gc,plab        ] GC(17) Young other allocation: region end waste: 0B, regions filled: 1, direct allocated: 269800B, failure used: 0B, failure wasted: 0B
[6.043s][debug][gc,plab        ] GC(17) Young sizing: calculated: 4616B, actual: 4416B
[6.043s][debug][gc,plab        ] GC(17) Old PLAB allocation: allocated: 4128B, wasted: 0B, unused: 3872B, used: 256B, undo waste: 0B, 
[6.043s][debug][gc,plab        ] GC(17) Old other allocation: region end waste: 0B, regions filled: 1, direct allocated: 0B, failure used: 0B, failure wasted: 0B
[6.043s][debug][gc,plab        ] GC(17) Old sizing: calculated: 48B, actual: 2064B
[6.043s][debug][gc,ihop        ] GC(17) Basic information (value update), threshold: 67004006B (45.00), target occupancy: 148897792B, current occupancy: 4194864B, recent allocation size: 4128B, recent allocation duration: 55.38ms, recent old gen allocation rate: 74534.61B/s, recent marking phase length: 0.00ms
[6.043s][debug][gc,ihop        ] GC(17) Adaptive IHOP information (value update), threshold: 67004006B (47.37), internal target occupancy: 141452902B, occupancy: 4194864B, additional buffer size: 89128960B, predicted old gen allocation rate: 74943.95B/s, predicted marking phase length: 0.00ms, prediction active: false
[6.043s][debug][gc,ergo,refine ] GC(17) Concurrent refinement times: Logged Cards Scan time goal: 20.00ms Logged Cards Scan time: 0.03ms HCC time: 0.00ms
[6.043s][debug][gc,ergo,refine ] GC(17) Updated Refinement Zones: green: 2048, yellow: 6144, red: 10240
[6.043s][info ][gc,phases      ] GC(17)   Pre Evacuate Collection Set: 0.1ms
[6.043s][debug][gc,phases      ] GC(17)     Prepare TLABs: 0.0ms
[6.043s][debug][gc,phases      ] GC(17)     Choose Collection Set: 0.0ms
[6.043s][debug][gc,phases      ] GC(17)     Region Register: 0.1ms
[6.043s][debug][gc,phases      ] GC(17)     Prepare Heap Roots: 0.0ms
[6.043s][info ][gc,phases      ] GC(17)   Merge Heap Roots: 0.1ms
[6.043s][debug][gc,phases      ] GC(17)     Prepare Merge Heap Roots: 0.0ms
[6.043s][debug][gc,phases      ] GC(17)     Eager Reclaim (ms):       skipped
[6.043s][debug][gc,phases      ] GC(17)     Remembered Sets (ms):     Min:  0.0, Avg:  0.0, Max:  0.0, Diff:  0.0, Sum:  0.1, Workers: 8
[6.043s][debug][gc,phases      ] GC(17)       Merged Sparse:            Min: 0, Avg:  0.0, Max: 0, Diff: 0, Sum: 0, Workers: 8
[6.043s][debug][gc,phases      ] GC(17)       Merged Fine:              Min: 0, Avg:  0.0, Max: 0, Diff: 0, Sum: 0, Workers: 8
[6.043s][debug][gc,phases      ] GC(17)       Merged Coarse:            Min: 0, Avg:  0.0, Max: 0, Diff: 0, Sum: 0, Workers: 8
[6.043s][debug][gc,phases      ] GC(17)       Dirty Cards:              Min: 0, Avg:  0.0, Max: 0, Diff: 0, Sum: 0, Workers: 8
[6.043s][debug][gc,phases      ] GC(17)     Hot Card Cache (ms):      Min:  0.0, Avg:  0.0, Max:  0.0, Diff:  0.0, Sum:  0.0, Workers: 8
[6.043s][debug][gc,phases      ] GC(17)       Dirty Cards:              Min: 0, Avg:  0.0, Max: 0, Diff: 0, Sum: 0, Workers: 8
[6.043s][debug][gc,phases      ] GC(17)       Skipped Cards:            Min: 0, Avg:  0.0, Max: 0, Diff: 0, Sum: 0, Workers: 8
[6.043s][debug][gc,phases      ] GC(17)     Log Buffers (ms):         Min:  0.0, Avg:  0.0, Max:  0.0, Diff:  0.0, Sum:  0.0, Workers: 8
[6.043s][debug][gc,phases      ] GC(17)       Dirty Cards:              Min: 0, Avg:  7.9, Max: 40, Diff: 40, Sum: 63, Workers: 8
[6.043s][debug][gc,phases      ] GC(17)       Skipped Cards:            Min: 0, Avg:  0.0, Max: 0, Diff: 0, Sum: 0, Workers: 8
[6.043s][info ][gc,phases      ] GC(17)   Evacuate Collection Set: 0.2ms
[6.043s][debug][gc,phases      ] GC(17)     Ext Root Scanning (ms):   Min:  0.0, Avg:  0.0, Max:  0.2, Diff:  0.2, Sum:  0.4, Workers: 8
[6.043s][debug][gc,phases      ] GC(17)     Scan Heap Roots (ms):     Min:  0.0, Avg:  0.0, Max:  0.1, Diff:  0.1, Sum:  0.2, Workers: 8
[6.043s][debug][gc,phases      ] GC(17)       Scanned Cards:            Min: 0, Avg:  6.6, Max: 15, Diff: 15, Sum: 53, Workers: 8
[6.043s][debug][gc,phases      ] GC(17)       Scanned Blocks:           Min: 0, Avg:  5.1, Max: 12, Diff: 12, Sum: 41, Workers: 8
[6.043s][debug][gc,phases      ] GC(17)       Claimed Chunks:           Min: 0, Avg:  1.9, Max: 4, Diff: 4, Sum: 15, Workers: 8
[6.043s][debug][gc,phases      ] GC(17)     Code Root Scan (ms):      Min:  0.0, Avg:  0.0, Max:  0.0, Diff:  0.0, Sum:  0.0, Workers: 8
[6.043s][debug][gc,phases      ] GC(17)     Object Copy (ms):         Min:  0.0, Avg:  0.0, Max:  0.1, Diff:  0.1, Sum:  0.2, Workers: 8
[6.043s][debug][gc,phases      ] GC(17)     Termination (ms):         Min:  0.0, Avg:  0.0, Max:  0.1, Diff:  0.0, Sum:  0.3, Workers: 8
[6.043s][debug][gc,phases      ] GC(17)       Termination Attempts:     Min: 1, Avg:  1.0, Max: 1, Diff: 0, Sum: 8, Workers: 8
[6.043s][debug][gc,phases      ] GC(17)     GC Worker Other (ms):     Min:  0.0, Avg:  0.0, Max:  0.0, Diff:  0.0, Sum:  0.1, Workers: 8
[6.043s][debug][gc,phases      ] GC(17)     GC Worker Total (ms):     Min:  0.0, Avg:  0.2, Max:  0.2, Diff:  0.2, Sum:  1.2, Workers: 8
[6.043s][info ][gc,phases      ] GC(17)   Post Evacuate Collection Set: 0.5ms
[6.043s][debug][gc,phases      ] GC(17)     Code Roots Fixup: 0.0ms
[6.043s][debug][gc,phases      ] GC(17)     Clear Card Table: 0.1ms
[6.043s][debug][gc,phases      ] GC(17)     Reference Processing: 0.1ms
[6.043s][debug][gc,phases,ref  ] GC(17)       Reconsider SoftReferences: 0.1ms
[6.043s][debug][gc,phases,ref  ] GC(17)         SoftRef (ms):             skipped
[6.043s][debug][gc,phases,ref  ] GC(17)       Notify Soft/WeakReferences: 0.0ms
[6.043s][debug][gc,phases,ref  ] GC(17)         SoftRef (ms):             Min:  0.0, Avg:  0.0, Max:  0.0, Diff:  0.0, Sum:  0.0, Workers: 1
[6.043s][debug][gc,phases,ref  ] GC(17)         WeakRef (ms):             Min:  0.0, Avg:  0.0, Max:  0.0, Diff:  0.0, Sum:  0.0, Workers: 1
[6.043s][debug][gc,phases,ref  ] GC(17)         FinalRef (ms):            Min:  0.0, Avg:  0.0, Max:  0.0, Diff:  0.0, Sum:  0.0, Workers: 1
[6.043s][debug][gc,phases,ref  ] GC(17)         Total (ms):               Min:  0.0, Avg:  0.0, Max:  0.0, Diff:  0.0, Sum:  0.0, Workers: 1
[6.043s][debug][gc,phases,ref  ] GC(17)       Notify and keep alive finalizable: 0.0ms
[6.043s][debug][gc,phases,ref  ] GC(17)         FinalRef (ms):            skipped
[6.043s][debug][gc,phases,ref  ] GC(17)       Notify PhantomReferences: 0.0ms
[6.043s][debug][gc,phases,ref  ] GC(17)         PhantomRef (ms):          Min:  0.0, Avg:  0.0, Max:  0.0, Diff:  0.0, Sum:  0.0, Workers: 1
[6.043s][debug][gc,phases,ref  ] GC(17)       SoftReference:
[6.043s][debug][gc,phases,ref  ] GC(17)         Discovered: 0
[6.043s][debug][gc,phases,ref  ] GC(17)         Cleared: 0
[6.043s][debug][gc,phases,ref  ] GC(17)       WeakReference:
[6.043s][debug][gc,phases,ref  ] GC(17)         Discovered: 4
[6.043s][debug][gc,phases,ref  ] GC(17)         Cleared: 2
[6.043s][debug][gc,phases,ref  ] GC(17)       FinalReference:
[6.043s][debug][gc,phases,ref  ] GC(17)         Discovered: 0
[6.043s][debug][gc,phases,ref  ] GC(17)         Cleared: 0
[6.043s][debug][gc,phases,ref  ] GC(17)       PhantomReference:
[6.043s][debug][gc,phases,ref  ] GC(17)         Discovered: 16
[6.043s][debug][gc,phases,ref  ] GC(17)         Cleared: 16
[6.043s][debug][gc,phases      ] GC(17)     Weak Processing: 0.1ms
[6.043s][debug][gc,phases      ] GC(17)       JVMTI weak processing: 0.0ms
[6.043s][debug][gc,phases      ] GC(17)         Dead: 0
[6.043s][debug][gc,phases      ] GC(17)         Total: 0
[6.043s][debug][gc,phases      ] GC(17)       JFR weak processing: 0.0ms
[6.044s][debug][gc,phases      ] GC(17)         Dead: 0
[6.044s][debug][gc,phases      ] GC(17)         Total: 0
[6.044s][debug][gc,phases      ] GC(17)       JNI weak                  Min:  0.0, Avg:  0.0, Max:  0.0, Diff:  0.0, Sum:  0.0, Workers: 5
[6.044s][debug][gc,phases      ] GC(17)         Dead                      Min: 0, Avg:  0.0, Max: 0, Diff: 0, Sum: 0, Workers: 5
[6.044s][debug][gc,phases      ] GC(17)         Total                     Min: 0, Avg: 16.0, Max: 52, Diff: 52, Sum: 80, Workers: 5
[6.044s][debug][gc,phases      ] GC(17)       VM weak                   Min:  0.0, Avg:  0.0, Max:  0.0, Diff:  0.0, Sum:  0.0, Workers: 5
[6.044s][debug][gc,phases      ] GC(17)         Dead                      Min: 0, Avg:  0.0, Max: 0, Diff: 0, Sum: 0, Workers: 5
[6.044s][debug][gc,phases      ] GC(17)         Total                     Min: 0, Avg: 42.4, Max: 128, Diff: 128, Sum: 212, Workers: 5
[6.044s][debug][gc,phases      ] GC(17)       StringTable weak          Min:  0.0, Avg:  0.0, Max:  0.0, Diff:  0.0, Sum:  0.1, Workers: 5
[6.044s][debug][gc,phases      ] GC(17)         Dead                      Min: 0, Avg:  0.0, Max: 0, Diff: 0, Sum: 0, Workers: 5
[6.044s][debug][gc,phases      ] GC(17)         Total                     Min: 0, Avg: 677.8, Max: 1599, Diff: 1599, Sum: 3389, Workers: 5
[6.044s][debug][gc,phases      ] GC(17)       ResolvedMethodTable weak  Min:  0.0, Avg:  0.0, Max:  0.0, Diff:  0.0, Sum:  0.0, Workers: 5
[6.044s][debug][gc,phases      ] GC(17)         Dead                      Min: 0, Avg:  0.0, Max: 0, Diff: 0, Sum: 0, Workers: 5
[6.044s][debug][gc,phases      ] GC(17)         Total                     Min: 0, Avg: 114.6, Max: 192, Diff: 192, Sum: 573, Workers: 5
[6.044s][debug][gc,phases      ] GC(17)     Merge Per-Thread State: 0.0ms
[6.044s][debug][gc,phases      ] GC(17)       Copied Bytes              Min: 0, Avg: 31841.0, Max: 80424, Diff: 80424, Sum: 254728, Workers: 8
[6.044s][debug][gc,phases      ] GC(17)       LAB Waste                 Min: 0, Avg: 41.0, Max: 120, Diff: 120, Sum: 328, Workers: 8
[6.044s][debug][gc,phases      ] GC(17)       LAB Undo Waste            Min: 0, Avg: 4802.0, Max: 38416, Diff: 38416, Sum: 38416, Workers: 8
[6.044s][debug][gc,phases      ] GC(17)     Code Roots Purge: 0.0ms
[6.044s][debug][gc,phases      ] GC(17)     Redirty Cards: 0.0ms
[6.044s][debug][gc,phases      ] GC(17)     DerivedPointerTable Update: 0.0ms
[6.044s][debug][gc,phases      ] GC(17)     Free Collection Set: 0.1ms
[6.044s][debug][gc,phases      ] GC(17)     Rebuild Free List: 0.1ms
[6.044s][debug][gc,phases      ] GC(17)     Humongous Reclaim: 0.0ms
[6.044s][debug][gc,phases      ] GC(17)     Start New Collection Set: 0.0ms
[6.044s][debug][gc,phases      ] GC(17)     Resize TLABs: 0.0ms
[6.044s][debug][gc,phases      ] GC(17)     Expand Heap After Collection: 0.0ms
[6.044s][info ][gc,phases      ] GC(17)   Other: 0.3ms
[6.044s][info ][gc,heap        ] GC(17) Eden regions: 84->0(84)
[6.044s][info ][gc,heap        ] GC(17) Survivor regions: 1->1(11)
[6.044s][info ][gc,heap        ] GC(17) Old regions: 7->7
[6.044s][info ][gc,heap        ] GC(17) Archive regions: 2->2
[6.044s][info ][gc,heap        ] GC(17) Humongous regions: 0->0
[6.044s][info ][gc,metaspace   ] GC(17) Metaspace: 9886K(10624K)->9886K(10624K) NonClass: 8735K(9216K)->8735K(9216K) Class: 1150K(1408K)->1150K(1408K)
[6.044s][debug][gc,heap        ] GC(17) Heap after GC invocations=18 (full 1): garbage-first heap   total 145408K, used 4096K [0x0000000700000000, 0x0000000800000000)
[6.044s][debug][gc,heap        ] GC(17)   region size 1024K, 1 young (1024K), 1 survivors (1024K)
[6.044s][debug][gc,heap        ] GC(17)  Metaspace       used 9886K, capacity 10175K, committed 10624K, reserved 1058816K
[6.044s][debug][gc,heap        ] GC(17)   class space    used 1150K, capacity 1266K, committed 1408K, reserved 1048576K
[6.044s][info ][gc             ] GC(17) Pause Young (Normal) (G1 Evacuation Pause) 87M->4M(142M) 1.774ms
[6.044s][info ][gc,cpu         ] GC(17) User=0.01s Sys=0.00s Real=0.00s
[6.044s][info ][safepoint      ] Safepoint "G1CollectForAllocation", Time since last: 54358895 ns, Reaching safepoint: 133576 ns, At safepoint: 1979115 ns, Total: 2112691 ns
[6.092s][debug][gc,heap        ] GC(18) Heap before GC invocations=18 (full 1): garbage-first heap   total 145408K, used 90112K [0x0000000700000000, 0x0000000800000000)
[6.092s][debug][gc,heap        ] GC(18)   region size 1024K, 85 young (87040K), 1 survivors (1024K)
[6.092s][debug][gc,heap        ] GC(18)  Metaspace       used 9888K, capacity 10175K, committed 10624K, reserved 1058816K
[6.092s][debug][gc,heap        ] GC(18)   class space    used 1150K, capacity 1266K, committed 1408K, reserved 1048576K
[6.092s][info ][gc,start       ] GC(18) Pause Young (Normal) (G1 Evacuation Pause)
[6.092s][info ][gc,task        ] GC(18) Using 8 workers of 8 for evacuation
[6.092s][debug][gc,tlab        ] GC(18) TLAB totals: thrds: 11  refills: 508 max: 71 slow allocs: 0 max 0 waste:  1.2% gc: 800680B max: 148208B slow: 290448B max: 40600B fast: 0B max: 0B
[6.092s][debug][gc,age         ] GC(18) Desired survivor size 5767168 bytes, new threshold 15 (max threshold 15)
[6.092s][debug][gc,alloc,region] GC(18) Mutator Allocation stats, regions: 84, wasted size: 0B ( 0.0%)
[6.092s][debug][gc,ergo        ] GC(18) Running G1 Merge Heap Roots using 8 workers for 85 regions
[6.092s][debug][gc,remset      ] GC(18) Visited cards 3328 Total dirty 14336 (23.21%) Total old 366592 (0.91%)
[6.093s][debug][gc,ergo        ] GC(18) Running G1 Clear Card Table Task using 1 workers for 1 units of work for 92 regions.
[6.093s][debug][gc,ref         ] GC(18) Skipped phase1 of Reference Processing due to unavailable references
[6.093s][debug][gc,ref         ] GC(18) Skipped phase3 of Reference Processing due to unavailable references
[6.093s][debug][gc,ergo        ] GC(18) Running G1 Free Collection Set using 8 workers for collection set length 85 (142)
[6.093s][debug][gc,ergo        ] GC(18) Running G1 Rebuild Free List Task using 8 workers for rebuilding free list of 0 (4096) regions
[6.093s][trace][gc,age         ] GC(18) Age table with threshold 15 (max threshold 15)
[6.093s][trace][gc,age         ] GC(18) - age   1:       1152 bytes,       1152 total
[6.093s][trace][gc,age         ] GC(18) - age   2:      82504 bytes,      83656 total
[6.093s][trace][gc,age         ] GC(18) - age   3:     170664 bytes,     254320 total
[6.093s][debug][gc,plab        ] GC(18) Young PLAB allocation: allocated: 30960B, wasted: 232B, unused: 7792B, used: 22936B, undo waste: 0B, 
[6.093s][debug][gc,plab        ] GC(18) Young other allocation: region end waste: 0B, regions filled: 1, direct allocated: 231384B, failure used: 0B, failure wasted: 0B
[6.093s][debug][gc,plab        ] GC(18) Young sizing: calculated: 4584B, actual: 4536B
[6.093s][debug][gc,plab        ] GC(18) Old PLAB allocation: allocated: 0B, wasted: 0B, unused: 0B, used: 0B, undo waste: 0B, 
[6.093s][debug][gc,plab        ] GC(18) Old other allocation: region end waste: 0B, regions filled: 1, direct allocated: 0B, failure used: 0B, failure wasted: 0B
[6.093s][debug][gc,plab        ] GC(18) Old sizing: calculated: 0B, actual: 2064B
[6.093s][debug][gc,ergo,heap   ] GC(18) Attempt heap expansion (recent GC overhead higher than threshold after GC) recent GC overhead: 3.24 % threshold: 1.00 % uncommitted: 4146069504B base expansion amount and scale: 148897792B (57.76%)
[6.093s][debug][gc,ergo,heap   ] GC(18) Expand the heap. requested expansion amount: 86005084B expansion amount: 87031808B
[6.094s][debug][gc,ihop        ] GC(18) Target occupancy update: old: 148897792B, new: 235929600B
[6.094s][debug][gc,ihop        ] GC(18) Basic information (value update), threshold: 106168320B (45.00), target occupancy: 235929600B, current occupancy: 4156448B, recent allocation size: 0B, recent allocation duration: 49.15ms, recent old gen allocation rate: 0.00B/s, recent marking phase length: 0.00ms
[6.094s][debug][gc,ihop        ] GC(18) Adaptive IHOP information (value update), threshold: 106168320B (47.37), internal target occupancy: 224133120B, occupancy: 4156448B, additional buffer size: 141557760B, predicted old gen allocation rate: 72484.00B/s, predicted marking phase length: 0.00ms, prediction active: false
[6.094s][debug][gc,ergo,refine ] GC(18) Concurrent refinement times: Logged Cards Scan time goal: 20.00ms Logged Cards Scan time: 0.02ms HCC time: 0.00ms
[6.094s][debug][gc,ergo,refine ] GC(18) Updated Refinement Zones: green: 2048, yellow: 6144, red: 10240
[6.094s][info ][gc,phases      ] GC(18)   Pre Evacuate Collection Set: 0.1ms
[6.094s][debug][gc,phases      ] GC(18)     Prepare TLABs: 0.0ms
[6.094s][debug][gc,phases      ] GC(18)     Choose Collection Set: 0.0ms
[6.094s][debug][gc,phases      ] GC(18)     Region Register: 0.1ms
[6.094s][debug][gc,phases      ] GC(18)     Prepare Heap Roots: 0.0ms
[6.094s][info ][gc,phases      ] GC(18)   Merge Heap Roots: 0.1ms
[6.094s][debug][gc,phases      ] GC(18)     Prepare Merge Heap Roots: 0.0ms
[6.094s][debug][gc,phases      ] GC(18)     Eager Reclaim (ms):       skipped
[6.094s][debug][gc,phases      ] GC(18)     Remembered Sets (ms):     Min:  0.0, Avg:  0.0, Max:  0.0, Diff:  0.0, Sum:  0.0, Workers: 8
[6.094s][debug][gc,phases      ] GC(18)       Merged Sparse:            Min: 0, Avg:  0.0, Max: 0, Diff: 0, Sum: 0, Workers: 8
[6.094s][debug][gc,phases      ] GC(18)       Merged Fine:              Min: 0, Avg:  0.0, Max: 0, Diff: 0, Sum: 0, Workers: 8
[6.094s][debug][gc,phases      ] GC(18)       Merged Coarse:            Min: 0, Avg:  0.0, Max: 0, Diff: 0, Sum: 0, Workers: 8
[6.094s][debug][gc,phases      ] GC(18)       Dirty Cards:              Min: 0, Avg:  0.0, Max: 0, Diff: 0, Sum: 0, Workers: 8
[6.094s][debug][gc,phases      ] GC(18)     Hot Card Cache (ms):      Min:  0.0, Avg:  0.0, Max:  0.0, Diff:  0.0, Sum:  0.0, Workers: 8
[6.094s][debug][gc,phases      ] GC(18)       Dirty Cards:              Min: 0, Avg:  0.0, Max: 0, Diff: 0, Sum: 0, Workers: 8
[6.094s][debug][gc,phases      ] GC(18)       Skipped Cards:            Min: 0, Avg:  0.0, Max: 0, Diff: 0, Sum: 0, Workers: 8
[6.094s][debug][gc,phases      ] GC(18)     Log Buffers (ms):         Min:  0.0, Avg:  0.0, Max:  0.0, Diff:  0.0, Sum:  0.0, Workers: 8
[6.094s][debug][gc,phases      ] GC(18)       Dirty Cards:              Min: 0, Avg:  5.0, Max: 22, Diff: 22, Sum: 40, Workers: 8
[6.094s][debug][gc,phases      ] GC(18)       Skipped Cards:            Min: 0, Avg:  0.0, Max: 0, Diff: 0, Sum: 0, Workers: 8
[6.094s][info ][gc,phases      ] GC(18)   Evacuate Collection Set: 0.2ms
[6.094s][debug][gc,phases      ] GC(18)     Ext Root Scanning (ms):   Min:  0.0, Avg:  0.0, Max:  0.1, Diff:  0.1, Sum:  0.2, Workers: 8
[6.094s][debug][gc,phases      ] GC(18)     Scan Heap Roots (ms):     Min:  0.0, Avg:  0.0, Max:  0.1, Diff:  0.1, Sum:  0.1, Workers: 8
[6.094s][debug][gc,phases      ] GC(18)       Scanned Cards:            Min: 0, Avg:  4.6, Max: 12, Diff: 12, Sum: 37, Workers: 8
[6.094s][debug][gc,phases      ] GC(18)       Scanned Blocks:           Min: 0, Avg:  3.4, Max: 9, Diff: 9, Sum: 27, Workers: 8
[6.094s][debug][gc,phases      ] GC(18)       Claimed Chunks:           Min: 0, Avg:  1.6, Max: 3, Diff: 3, Sum: 13, Workers: 8
[6.094s][debug][gc,phases      ] GC(18)     Code Root Scan (ms):      Min:  0.0, Avg:  0.0, Max:  0.0, Diff:  0.0, Sum:  0.0, Workers: 8
[6.094s][debug][gc,phases      ] GC(18)     Object Copy (ms):         Min:  0.0, Avg:  0.0, Max:  0.1, Diff:  0.1, Sum:  0.3, Workers: 8
[6.094s][debug][gc,phases      ] GC(18)     Termination (ms):         Min:  0.0, Avg:  0.0, Max:  0.1, Diff:  0.1, Sum:  0.4, Workers: 8
[6.094s][debug][gc,phases      ] GC(18)       Termination Attempts:     Min: 1, Avg:  1.0, Max: 1, Diff: 0, Sum: 8, Workers: 8
[6.094s][debug][gc,phases      ] GC(18)     GC Worker Other (ms):     Min:  0.0, Avg:  0.0, Max:  0.0, Diff:  0.0, Sum:  0.1, Workers: 8
[6.094s][debug][gc,phases      ] GC(18)     GC Worker Total (ms):     Min:  0.1, Avg:  0.1, Max:  0.2, Diff:  0.0, Sum:  1.1, Workers: 8
[6.094s][info ][gc,phases      ] GC(18)   Post Evacuate Collection Set: 0.9ms
[6.094s][debug][gc,phases      ] GC(18)     Code Roots Fixup: 0.0ms
[6.094s][debug][gc,phases      ] GC(18)     Clear Card Table: 0.0ms
[6.094s][debug][gc,phases      ] GC(18)     Reference Processing: 0.0ms
[6.094s][debug][gc,phases,ref  ] GC(18)       Reconsider SoftReferences: 0.0ms
[6.094s][debug][gc,phases,ref  ] GC(18)         SoftRef (ms):             skipped
[6.094s][debug][gc,phases,ref  ] GC(18)       Notify Soft/WeakReferences: 0.0ms
[6.094s][debug][gc,phases,ref  ] GC(18)         SoftRef (ms):             Min:  0.0, Avg:  0.0, Max:  0.0, Diff:  0.0, Sum:  0.0, Workers: 1
[6.094s][debug][gc,phases,ref  ] GC(18)         WeakRef (ms):             Min:  0.0, Avg:  0.0, Max:  0.0, Diff:  0.0, Sum:  0.0, Workers: 1
[6.094s][debug][gc,phases,ref  ] GC(18)         FinalRef (ms):            Min:  0.0, Avg:  0.0, Max:  0.0, Diff:  0.0, Sum:  0.0, Workers: 1
[6.094s][debug][gc,phases,ref  ] GC(18)         Total (ms):               Min:  0.0, Avg:  0.0, Max:  0.0, Diff:  0.0, Sum:  0.0, Workers: 1
[6.094s][debug][gc,phases,ref  ] GC(18)       Notify and keep alive finalizable: 0.0ms
[6.094s][debug][gc,phases,ref  ] GC(18)         FinalRef (ms):            skipped
[6.094s][debug][gc,phases,ref  ] GC(18)       Notify PhantomReferences: 0.0ms
[6.094s][debug][gc,phases,ref  ] GC(18)         PhantomRef (ms):          Min:  0.0, Avg:  0.0, Max:  0.0, Diff:  0.0, Sum:  0.0, Workers: 1
[6.094s][debug][gc,phases,ref  ] GC(18)       SoftReference:
[6.094s][debug][gc,phases,ref  ] GC(18)         Discovered: 0
[6.094s][debug][gc,phases,ref  ] GC(18)         Cleared: 0
[6.094s][debug][gc,phases,ref  ] GC(18)       WeakReference:
[6.094s][debug][gc,phases,ref  ] GC(18)         Discovered: 14
[6.094s][debug][gc,phases,ref  ] GC(18)         Cleared: 14
[6.094s][debug][gc,phases,ref  ] GC(18)       FinalReference:
[6.094s][debug][gc,phases,ref  ] GC(18)         Discovered: 0
[6.094s][debug][gc,phases,ref  ] GC(18)         Cleared: 0
[6.094s][debug][gc,phases,ref  ] GC(18)       PhantomReference:
[6.094s][debug][gc,phases,ref  ] GC(18)         Discovered: 15
[6.094s][debug][gc,phases,ref  ] GC(18)         Cleared: 15
[6.094s][debug][gc,phases      ] GC(18)     Weak Processing: 0.1ms
[6.094s][debug][gc,phases      ] GC(18)       JVMTI weak processing: 0.0ms
[6.094s][debug][gc,phases      ] GC(18)         Dead: 0
[6.094s][debug][gc,phases      ] GC(18)         Total: 0
[6.094s][debug][gc,phases      ] GC(18)       JFR weak processing: 0.0ms
[6.094s][debug][gc,phases      ] GC(18)         Dead: 0
[6.094s][debug][gc,phases      ] GC(18)         Total: 0
[6.094s][debug][gc,phases      ] GC(18)       JNI weak                  Min:  0.0, Avg:  0.0, Max:  0.0, Diff:  0.0, Sum:  0.0, Workers: 5
[6.094s][debug][gc,phases      ] GC(18)         Dead                      Min: 0, Avg:  0.0, Max: 0, Diff: 0, Sum: 0, Workers: 5
[6.094s][debug][gc,phases      ] GC(18)         Total                     Min: 0, Avg: 15.0, Max: 75, Diff: 75, Sum: 75, Workers: 5
[6.094s][debug][gc,phases      ] GC(18)       VM weak                   Min:  0.0, Avg:  0.0, Max:  0.0, Diff:  0.0, Sum:  0.0, Workers: 5
[6.094s][debug][gc,phases      ] GC(18)         Dead                      Min: 0, Avg:  0.0, Max: 0, Diff: 0, Sum: 0, Workers: 5
[6.094s][debug][gc,phases      ] GC(18)         Total                     Min: 0, Avg: 42.4, Max: 212, Diff: 212, Sum: 212, Workers: 5
[6.094s][debug][gc,phases      ] GC(18)       StringTable weak          Min:  0.0, Avg:  0.0, Max:  0.0, Diff:  0.0, Sum:  0.0, Workers: 5
[6.094s][debug][gc,phases      ] GC(18)         Dead                      Min: 0, Avg:  0.0, Max: 0, Diff: 0, Sum: 0, Workers: 5
[6.094s][debug][gc,phases      ] GC(18)         Total                     Min: 0, Avg: 677.8, Max: 2109, Diff: 2109, Sum: 3389, Workers: 5
[6.094s][debug][gc,phases      ] GC(18)       ResolvedMethodTable weak  Min:  0.0, Avg:  0.0, Max:  0.0, Diff:  0.0, Sum:  0.0, Workers: 5
[6.094s][debug][gc,phases      ] GC(18)         Dead                      Min: 0, Avg:  0.0, Max: 0, Diff: 0, Sum: 0, Workers: 5
[6.094s][debug][gc,phases      ] GC(18)         Total                     Min: 0, Avg: 114.6, Max: 192, Diff: 192, Sum: 573, Workers: 5
[6.094s][debug][gc,phases      ] GC(18)     Merge Per-Thread State: 0.0ms
[6.094s][debug][gc,phases      ] GC(18)       Copied Bytes              Min: 0, Avg: 31790.0, Max: 80416, Diff: 80416, Sum: 254320, Workers: 8
[6.094s][debug][gc,phases      ] GC(18)       LAB Waste                 Min: 0, Avg: 29.0, Max: 48, Diff: 48, Sum: 232, Workers: 8
[6.094s][debug][gc,phases      ] GC(18)       LAB Undo Waste            Min: 0, Avg:  0.0, Max: 0, Diff: 0, Sum: 0, Workers: 8
[6.094s][debug][gc,phases      ] GC(18)     Code Roots Purge: 0.0ms
[6.094s][debug][gc,phases      ] GC(18)     Redirty Cards: 0.1ms
[6.094s][debug][gc,phases      ] GC(18)     DerivedPointerTable Update: 0.0ms
[6.094s][debug][gc,phases      ] GC(18)     Free Collection Set: 0.1ms
[6.094s][debug][gc,phases      ] GC(18)     Rebuild Free List: 0.1ms
[6.094s][debug][gc,phases      ] GC(18)     Humongous Reclaim: 0.0ms
[6.094s][debug][gc,phases      ] GC(18)     Start New Collection Set: 0.0ms
[6.094s][debug][gc,phases      ] GC(18)     Resize TLABs: 0.0ms
[6.094s][debug][gc,phases      ] GC(18)     Expand Heap After Collection: 0.4ms
[6.094s][info ][gc,phases      ] GC(18)   Other: 0.3ms
[6.094s][info ][gc,heap        ] GC(18) Eden regions: 84->0(134)
[6.094s][info ][gc,heap        ] GC(18) Survivor regions: 1->1(11)
[6.094s][info ][gc,heap        ] GC(18) Old regions: 7->7
[6.094s][info ][gc,heap        ] GC(18) Archive regions: 2->2
[6.094s][info ][gc,heap        ] GC(18) Humongous regions: 0->0
[6.094s][info ][gc,metaspace   ] GC(18) Metaspace: 9888K(10624K)->9888K(10624K) NonClass: 8738K(9216K)->8738K(9216K) Class: 1150K(1408K)->1150K(1408K)
[6.094s][debug][gc,heap        ] GC(18) Heap after GC invocations=19 (full 1): garbage-first heap   total 230400K, used 4059K [0x0000000700000000, 0x0000000800000000)
[6.094s][debug][gc,heap        ] GC(18)   region size 1024K, 1 young (1024K), 1 survivors (1024K)
[6.094s][debug][gc,heap        ] GC(18)  Metaspace       used 9888K, capacity 10175K, committed 10624K, reserved 1058816K
[6.094s][debug][gc,heap        ] GC(18)   class space    used 1150K, capacity 1266K, committed 1408K, reserved 1048576K
[6.094s][info ][gc             ] GC(18) Pause Young (Normal) (G1 Evacuation Pause) 88M->3M(225M) 2.254ms
[6.094s][info ][gc,cpu         ] GC(18) User=0.01s Sys=0.00s Real=0.00s
[6.095s][info ][safepoint      ] Safepoint "G1CollectForAllocation", Time since last: 48165262 ns, Reaching safepoint: 111623 ns, At safepoint: 2422468 ns, Total: 2534091 ns
[6.188s][debug][gc,heap        ] GC(19) Heap before GC invocations=19 (full 1): garbage-first heap   total 230400K, used 141275K [0x0000000700000000, 0x0000000800000000)
[6.188s][debug][gc,heap        ] GC(19)   region size 1024K, 135 young (138240K), 1 survivors (1024K)
[6.188s][debug][gc,heap        ] GC(19)  Metaspace       used 9888K, capacity 10175K, committed 10624K, reserved 1058816K
[6.188s][debug][gc,heap        ] GC(19)   class space    used 1150K, capacity 1266K, committed 1408K, reserved 1048576K
[6.188s][info ][gc,start       ] GC(19) Pause Young (Normal) (G1 Evacuation Pause)
[6.188s][info ][gc,task        ] GC(19) Using 8 workers of 8 for evacuation
[6.189s][debug][gc,tlab        ] GC(19) TLAB totals: thrds: 11  refills: 643 max: 93 slow allocs: 0 max 0 waste:  0.8% gc: 723600B max: 192080B slow: 369944B max: 53792B fast: 0B max: 0B
[6.189s][debug][gc,age         ] GC(19) Desired survivor size 8912896 bytes, new threshold 15 (max threshold 15)
[6.189s][debug][gc,alloc,region] GC(19) Mutator Allocation stats, regions: 134, wasted size: 160B ( 0.0%)
[6.189s][debug][gc,ergo        ] GC(19) Running G1 Merge Heap Roots using 8 workers for 135 regions
[6.189s][debug][gc,remset      ] GC(19) Visited cards 3328 Total dirty 14336 (23.21%) Total old 571392 (0.58%)
[6.189s][debug][gc,ergo        ] GC(19) Running G1 Clear Card Table Task using 1 workers for 1 units of work for 142 regions.
[6.189s][debug][gc,ref         ] GC(19) Skipped phase1 of Reference Processing due to unavailable references
[6.189s][debug][gc,ref         ] GC(19) Skipped phase3 of Reference Processing due to unavailable references
[6.189s][debug][gc,ergo        ] GC(19) Running G1 Free Collection Set using 8 workers for collection set length 135 (225)
[6.189s][debug][gc,ergo        ] GC(19) Running G1 Rebuild Free List Task using 8 workers for rebuilding free list of 0 (4096) regions
[6.190s][trace][gc,age         ] GC(19) Age table with threshold 15 (max threshold 15)
[6.190s][trace][gc,age         ] GC(19) - age   1:       1168 bytes,       1168 total
[6.190s][trace][gc,age         ] GC(19) - age   3:      82504 bytes,      83672 total
[6.190s][trace][gc,age         ] GC(19) - age   4:     170664 bytes,     254336 total
[6.190s][debug][gc,plab        ] GC(19) Young PLAB allocation: allocated: 33024B, wasted: 312B, unused: 8872B, used: 23840B, undo waste: 0B, 
[6.190s][debug][gc,plab        ] GC(19) Young other allocation: region end waste: 0B, regions filled: 1, direct allocated: 230496B, failure used: 0B, failure wasted: 0B
[6.190s][debug][gc,plab        ] GC(19) Young sizing: calculated: 4768B, actual: 4704B
[6.190s][debug][gc,plab        ] GC(19) Old PLAB allocation: allocated: 0B, wasted: 0B, unused: 0B, used: 0B, undo waste: 0B, 
[6.190s][debug][gc,plab        ] GC(19) Old other allocation: region end waste: 0B, regions filled: 1, direct allocated: 0B, failure used: 0B, failure wasted: 0B
[6.190s][debug][gc,plab        ] GC(19) Old sizing: calculated: 0B, actual: 2064B
[6.190s][debug][gc,ihop        ] GC(19) Basic information (value update), threshold: 106168320B (45.00), target occupancy: 235929600B, current occupancy: 4157624B, recent allocation size: 0B, recent allocation duration: 94.83ms, recent old gen allocation rate: 0.00B/s, recent marking phase length: 0.00ms
[6.190s][debug][gc,ihop        ] GC(19) Adaptive IHOP information (value update), threshold: 106168320B (47.37), internal target occupancy: 224133120B, occupancy: 4157624B, additional buffer size: 141557760B, predicted old gen allocation rate: 70112.41B/s, predicted marking phase length: 0.00ms, prediction active: false
[6.190s][debug][gc,ergo,refine ] GC(19) Concurrent refinement times: Logged Cards Scan time goal: 20.00ms Logged Cards Scan time: 0.02ms HCC time: 0.00ms
[6.190s][debug][gc,ergo,refine ] GC(19) Updated Refinement Zones: green: 2048, yellow: 6144, red: 10240
[6.190s][info ][gc,phases      ] GC(19)   Pre Evacuate Collection Set: 0.1ms
[6.190s][debug][gc,phases      ] GC(19)     Prepare TLABs: 0.0ms
[6.190s][debug][gc,phases      ] GC(19)     Choose Collection Set: 0.0ms
[6.190s][debug][gc,phases      ] GC(19)     Region Register: 0.1ms
[6.190s][debug][gc,phases      ] GC(19)     Prepare Heap Roots: 0.0ms
[6.190s][info ][gc,phases      ] GC(19)   Merge Heap Roots: 0.2ms
[6.190s][debug][gc,phases      ] GC(19)     Prepare Merge Heap Roots: 0.0ms
[6.190s][debug][gc,phases      ] GC(19)     Eager Reclaim (ms):       skipped
[6.190s][debug][gc,phases      ] GC(19)     Remembered Sets (ms):     Min:  0.0, Avg:  0.0, Max:  0.0, Diff:  0.0, Sum:  0.1, Workers: 8
[6.190s][debug][gc,phases      ] GC(19)       Merged Sparse:            Min: 0, Avg:  0.0, Max: 0, Diff: 0, Sum: 0, Workers: 8
[6.190s][debug][gc,phases      ] GC(19)       Merged Fine:              Min: 0, Avg:  0.0, Max: 0, Diff: 0, Sum: 0, Workers: 8
[6.190s][debug][gc,phases      ] GC(19)       Merged Coarse:            Min: 0, Avg:  0.0, Max: 0, Diff: 0, Sum: 0, Workers: 8
[6.190s][debug][gc,phases      ] GC(19)       Dirty Cards:              Min: 0, Avg:  0.0, Max: 0, Diff: 0, Sum: 0, Workers: 8
[6.190s][debug][gc,phases      ] GC(19)     Hot Card Cache (ms):      Min:  0.0, Avg:  0.0, Max:  0.0, Diff:  0.0, Sum:  0.0, Workers: 8
[6.190s][debug][gc,phases      ] GC(19)       Dirty Cards:              Min: 0, Avg:  0.0, Max: 0, Diff: 0, Sum: 0, Workers: 8
[6.190s][debug][gc,phases      ] GC(19)       Skipped Cards:            Min: 0, Avg:  0.0, Max: 0, Diff: 0, Sum: 0, Workers: 8
[6.190s][debug][gc,phases      ] GC(19)     Log Buffers (ms):         Min:  0.0, Avg:  0.0, Max:  0.0, Diff:  0.0, Sum:  0.0, Workers: 8
[6.190s][debug][gc,phases      ] GC(19)       Dirty Cards:              Min: 0, Avg:  5.5, Max: 25, Diff: 25, Sum: 44, Workers: 8
[6.190s][debug][gc,phases      ] GC(19)       Skipped Cards:            Min: 0, Avg:  0.0, Max: 0, Diff: 0, Sum: 0, Workers: 8
[6.190s][info ][gc,phases      ] GC(19)   Evacuate Collection Set: 0.2ms
[6.190s][debug][gc,phases      ] GC(19)     Ext Root Scanning (ms):   Min:  0.0, Avg:  0.1, Max:  0.2, Diff:  0.1, Sum:  0.5, Workers: 8
[6.190s][debug][gc,phases      ] GC(19)     Scan Heap Roots (ms):     Min:  0.0, Avg:  0.0, Max:  0.1, Diff:  0.1, Sum:  0.1, Workers: 8
[6.190s][debug][gc,phases      ] GC(19)       Scanned Cards:            Min: 0, Avg:  4.8, Max: 12, Diff: 12, Sum: 38, Workers: 8
[6.190s][debug][gc,phases      ] GC(19)       Scanned Blocks:           Min: 0, Avg:  3.4, Max: 8, Diff: 8, Sum: 27, Workers: 8
[6.190s][debug][gc,phases      ] GC(19)       Claimed Chunks:           Min: 0, Avg:  1.6, Max: 3, Diff: 3, Sum: 13, Workers: 8
[6.190s][debug][gc,phases      ] GC(19)     Code Root Scan (ms):      Min:  0.0, Avg:  0.0, Max:  0.0, Diff:  0.0, Sum:  0.0, Workers: 8
[6.190s][debug][gc,phases      ] GC(19)     Object Copy (ms):         Min:  0.0, Avg:  0.0, Max:  0.0, Diff:  0.0, Sum:  0.2, Workers: 8
[6.190s][debug][gc,phases      ] GC(19)     Termination (ms):         Min:  0.0, Avg:  0.0, Max:  0.1, Diff:  0.0, Sum:  0.4, Workers: 8
[6.190s][debug][gc,phases      ] GC(19)       Termination Attempts:     Min: 1, Avg:  1.0, Max: 1, Diff: 0, Sum: 8, Workers: 8
[6.190s][debug][gc,phases      ] GC(19)     GC Worker Other (ms):     Min:  0.0, Avg:  0.0, Max:  0.0, Diff:  0.0, Sum:  0.2, Workers: 8
[6.190s][debug][gc,phases      ] GC(19)     GC Worker Total (ms):     Min:  0.1, Avg:  0.2, Max:  0.2, Diff:  0.1, Sum:  1.4, Workers: 8
[6.190s][info ][gc,phases      ] GC(19)   Post Evacuate Collection Set: 0.4ms
[6.190s][debug][gc,phases      ] GC(19)     Code Roots Fixup: 0.0ms
[6.190s][debug][gc,phases      ] GC(19)     Clear Card Table: 0.1ms
[6.190s][debug][gc,phases      ] GC(19)     Reference Processing: 0.0ms
[6.190s][debug][gc,phases,ref  ] GC(19)       Reconsider SoftReferences: 0.0ms
[6.190s][debug][gc,phases,ref  ] GC(19)         SoftRef (ms):             skipped
[6.190s][debug][gc,phases,ref  ] GC(19)       Notify Soft/WeakReferences: 0.0ms
[6.190s][debug][gc,phases,ref  ] GC(19)         SoftRef (ms):             Min:  0.0, Avg:  0.0, Max:  0.0, Diff:  0.0, Sum:  0.0, Workers: 1
[6.190s][debug][gc,phases,ref  ] GC(19)         WeakRef (ms):             Min:  0.0, Avg:  0.0, Max:  0.0, Diff:  0.0, Sum:  0.0, Workers: 1
[6.190s][debug][gc,phases,ref  ] GC(19)         FinalRef (ms):            Min:  0.0, Avg:  0.0, Max:  0.0, Diff:  0.0, Sum:  0.0, Workers: 1
[6.190s][debug][gc,phases,ref  ] GC(19)         Total (ms):               Min:  0.0, Avg:  0.0, Max:  0.0, Diff:  0.0, Sum:  0.0, Workers: 1
[6.190s][debug][gc,phases,ref  ] GC(19)       Notify and keep alive finalizable: 0.0ms
[6.190s][debug][gc,phases,ref  ] GC(19)         FinalRef (ms):            skipped
[6.190s][debug][gc,phases,ref  ] GC(19)       Notify PhantomReferences: 0.0ms
[6.190s][debug][gc,phases,ref  ] GC(19)         PhantomRef (ms):          Min:  0.0, Avg:  0.0, Max:  0.0, Diff:  0.0, Sum:  0.0, Workers: 1
[6.190s][debug][gc,phases,ref  ] GC(19)       SoftReference:
[6.190s][debug][gc,phases,ref  ] GC(19)         Discovered: 0
[6.190s][debug][gc,phases,ref  ] GC(19)         Cleared: 0
[6.190s][debug][gc,phases,ref  ] GC(19)       WeakReference:
[6.190s][debug][gc,phases,ref  ] GC(19)         Discovered: 17
[6.190s][debug][gc,phases,ref  ] GC(19)         Cleared: 16
[6.190s][debug][gc,phases,ref  ] GC(19)       FinalReference:
[6.190s][debug][gc,phases,ref  ] GC(19)         Discovered: 0
[6.190s][debug][gc,phases,ref  ] GC(19)         Cleared: 0
[6.190s][debug][gc,phases,ref  ] GC(19)       PhantomReference:
[6.190s][debug][gc,phases,ref  ] GC(19)         Discovered: 14
[6.190s][debug][gc,phases,ref  ] GC(19)         Cleared: 14
[6.190s][debug][gc,phases      ] GC(19)     Weak Processing: 0.1ms
[6.190s][debug][gc,phases      ] GC(19)       JVMTI weak processing: 0.0ms
[6.190s][debug][gc,phases      ] GC(19)         Dead: 0
[6.190s][debug][gc,phases      ] GC(19)         Total: 0
[6.190s][debug][gc,phases      ] GC(19)       JFR weak processing: 0.0ms
[6.190s][debug][gc,phases      ] GC(19)         Dead: 0
[6.190s][debug][gc,phases      ] GC(19)         Total: 0
[6.190s][debug][gc,phases      ] GC(19)       JNI weak                  Min:  0.0, Avg:  0.0, Max:  0.0, Diff:  0.0, Sum:  0.1, Workers: 5
[6.190s][debug][gc,phases      ] GC(19)         Dead                      Min: 0, Avg:  0.0, Max: 0, Diff: 0, Sum: 0, Workers: 5
[6.190s][debug][gc,phases      ] GC(19)         Total                     Min: 0, Avg: 15.0, Max: 52, Diff: 52, Sum: 75, Workers: 5
[6.190s][debug][gc,phases      ] GC(19)       VM weak                   Min:  0.0, Avg:  0.0, Max:  0.0, Diff:  0.0, Sum:  0.0, Workers: 5
[6.190s][debug][gc,phases      ] GC(19)         Dead                      Min: 0, Avg:  0.0, Max: 0, Diff: 0, Sum: 0, Workers: 5
[6.190s][debug][gc,phases      ] GC(19)         Total                     Min: 0, Avg: 42.4, Max: 128, Diff: 128, Sum: 212, Workers: 5
[6.190s][debug][gc,phases      ] GC(19)       StringTable weak          Min:  0.0, Avg:  0.0, Max:  0.1, Diff:  0.1, Sum:  0.2, Workers: 5
[6.190s][debug][gc,phases      ] GC(19)         Dead                      Min: 0, Avg:  0.0, Max: 0, Diff: 0, Sum: 0, Workers: 5
[6.190s][debug][gc,phases      ] GC(19)         Total                     Min: 128, Avg: 677.8, Max: 1214, Diff: 1086, Sum: 3389, Workers: 5
[6.191s][debug][gc,phases      ] GC(19)       ResolvedMethodTable weak  Min:  0.0, Avg:  0.0, Max:  0.0, Diff:  0.0, Sum:  0.0, Workers: 5
[6.191s][debug][gc,phases      ] GC(19)         Dead                      Min: 0, Avg:  0.0, Max: 0, Diff: 0, Sum: 0, Workers: 5
[6.191s][debug][gc,phases      ] GC(19)         Total                     Min: 0, Avg: 114.6, Max: 189, Diff: 189, Sum: 573, Workers: 5
[6.191s][debug][gc,phases      ] GC(19)     Merge Per-Thread State: 0.0ms
[6.191s][debug][gc,phases      ] GC(19)       Copied Bytes              Min: 24, Avg: 31792.0, Max: 79808, Diff: 79784, Sum: 254336, Workers: 8
[6.191s][debug][gc,phases      ] GC(19)       LAB Waste                 Min: 0, Avg: 39.0, Max: 144, Diff: 144, Sum: 312, Workers: 8
[6.191s][debug][gc,phases      ] GC(19)       LAB Undo Waste            Min: 0, Avg:  0.0, Max: 0, Diff: 0, Sum: 0, Workers: 8
[6.191s][debug][gc,phases      ] GC(19)     Code Roots Purge: 0.0ms
[6.191s][debug][gc,phases      ] GC(19)     Redirty Cards: 0.0ms
[6.191s][debug][gc,phases      ] GC(19)     DerivedPointerTable Update: 0.0ms
[6.191s][debug][gc,phases      ] GC(19)     Free Collection Set: 0.1ms
[6.191s][debug][gc,phases      ] GC(19)     Rebuild Free List: 0.1ms
[6.191s][debug][gc,phases      ] GC(19)     Humongous Reclaim: 0.0ms
[6.191s][debug][gc,phases      ] GC(19)     Start New Collection Set: 0.0ms
[6.191s][debug][gc,phases      ] GC(19)     Resize TLABs: 0.0ms
[6.191s][debug][gc,phases      ] GC(19)     Expand Heap After Collection: 0.0ms
[6.191s][info ][gc,phases      ] GC(19)   Other: 0.4ms
[6.191s][info ][gc,heap        ] GC(19) Eden regions: 134->0(134)
[6.191s][info ][gc,heap        ] GC(19) Survivor regions: 1->1(17)
[6.191s][info ][gc,heap        ] GC(19) Old regions: 7->7
[6.191s][info ][gc,heap        ] GC(19) Archive regions: 2->2
[6.191s][info ][gc,heap        ] GC(19) Humongous regions: 0->0
[6.191s][info ][gc,metaspace   ] GC(19) Metaspace: 9888K(10624K)->9888K(10624K) NonClass: 8738K(9216K)->8738K(9216K) Class: 1150K(1408K)->1150K(1408K)
[6.191s][debug][gc,heap        ] GC(19) Heap after GC invocations=20 (full 1): garbage-first heap   total 230400K, used 4060K [0x0000000700000000, 0x0000000800000000)
[6.191s][debug][gc,heap        ] GC(19)   region size 1024K, 1 young (1024K), 1 survivors (1024K)
[6.191s][debug][gc,heap        ] GC(19)  Metaspace       used 9888K, capacity 10175K, committed 10624K, reserved 1058816K
[6.191s][debug][gc,heap        ] GC(19)   class space    used 1150K, capacity 1266K, committed 1408K, reserved 1048576K
[6.191s][info ][gc             ] GC(19) Pause Young (Normal) (G1 Evacuation Pause) 137M->3M(225M) 2.327ms
[6.191s][info ][gc,cpu         ] GC(19) User=0.01s Sys=0.01s Real=0.01s
[6.191s][info ][safepoint      ] Safepoint "G1CollectForAllocation", Time since last: 93638911 ns, Reaching safepoint: 188102 ns, At safepoint: 2591504 ns, Total: 2779606 ns
[6.270s][debug][gc,heap        ] GC(20) Heap before GC invocations=20 (full 1): garbage-first heap   total 230400K, used 141276K [0x0000000700000000, 0x0000000800000000)
[6.270s][debug][gc,heap        ] GC(20)   region size 1024K, 135 young (138240K), 1 survivors (1024K)
[6.270s][debug][gc,heap        ] GC(20)  Metaspace       used 9890K, capacity 10175K, committed 10624K, reserved 1058816K
[6.270s][debug][gc,heap        ] GC(20)   class space    used 1150K, capacity 1266K, committed 1408K, reserved 1048576K
[6.270s][info ][gc,start       ] GC(20) Pause Young (Normal) (G1 Evacuation Pause)
[6.270s][info ][gc,task        ] GC(20) Using 8 workers of 8 for evacuation
[6.270s][debug][gc,tlab        ] GC(20) TLAB totals: thrds: 10  refills: 632 max: 88 slow allocs: 0 max 0 waste:  0.9% gc: 842456B max: 334664B slow: 363440B max: 50568B fast: 0B max: 0B
[6.270s][debug][gc,age         ] GC(20) Desired survivor size 8912896 bytes, new threshold 15 (max threshold 15)
[6.270s][debug][gc,alloc,region] GC(20) Mutator Allocation stats, regions: 134, wasted size: 0B ( 0.0%)
[6.270s][debug][gc,ergo        ] GC(20) Running G1 Merge Heap Roots using 8 workers for 135 regions
[6.270s][debug][gc,remset      ] GC(20) Visited cards 3584 Total dirty 16384 (21.88%) Total old 571392 (0.63%)
[6.270s][debug][gc,ergo        ] GC(20) Running G1 Clear Card Table Task using 1 workers for 1 units of work for 143 regions.
[6.270s][debug][gc,ref         ] GC(20) Skipped phase1 of Reference Processing due to unavailable references
[6.270s][debug][gc,ref         ] GC(20) Skipped phase3 of Reference Processing due to unavailable references
[6.271s][debug][gc,ergo        ] GC(20) Running G1 Free Collection Set using 8 workers for collection set length 135 (225)
[6.271s][debug][gc,ergo        ] GC(20) Running G1 Rebuild Free List Task using 8 workers for rebuilding free list of 0 (4096) regions
[6.271s][trace][gc,age         ] GC(20) Age table with threshold 15 (max threshold 15)
[6.271s][trace][gc,age         ] GC(20) - age   1:       5816 bytes,       5816 total
[6.271s][trace][gc,age         ] GC(20) - age   2:         96 bytes,       5912 total
[6.271s][trace][gc,age         ] GC(20) - age   4:      82288 bytes,      88200 total
[6.271s][trace][gc,age         ] GC(20) - age   5:     169776 bytes,     257976 total
[6.271s][debug][gc,plab        ] GC(20) Young PLAB allocation: allocated: 35088B, wasted: 280B, unused: 9096B, used: 25712B, undo waste: 0B, 
[6.271s][debug][gc,plab        ] GC(20) Young other allocation: region end waste: 0B, regions filled: 1, direct allocated: 232264B, failure used: 0B, failure wasted: 0B
[6.271s][debug][gc,plab        ] GC(20) Young sizing: calculated: 5136B, actual: 5024B
[6.271s][debug][gc,plab        ] GC(20) Old PLAB allocation: allocated: 0B, wasted: 0B, unused: 0B, used: 0B, undo waste: 0B, 
[6.271s][debug][gc,plab        ] GC(20) Old other allocation: region end waste: 0B, regions filled: 1, direct allocated: 0B, failure used: 0B, failure wasted: 0B
[6.271s][debug][gc,plab        ] GC(20) Old sizing: calculated: 0B, actual: 2064B
[6.271s][debug][gc,ihop        ] GC(20) Basic information (value update), threshold: 106168320B (45.00), target occupancy: 235929600B, current occupancy: 4161456B, recent allocation size: 0B, recent allocation duration: 80.21ms, recent old gen allocation rate: 0.00B/s, recent marking phase length: 0.00ms
[6.271s][debug][gc,ihop        ] GC(20) Adaptive IHOP information (value update), threshold: 106168320B (47.37), internal target occupancy: 224133120B, occupancy: 4161456B, additional buffer size: 141557760B, predicted old gen allocation rate: 67825.79B/s, predicted marking phase length: 0.00ms, prediction active: false
[6.271s][debug][gc,ergo,refine ] GC(20) Concurrent refinement times: Logged Cards Scan time goal: 20.00ms Logged Cards Scan time: 0.02ms HCC time: 0.00ms
[6.271s][debug][gc,ergo,refine ] GC(20) Updated Refinement Zones: green: 2048, yellow: 6144, red: 10240
[6.271s][info ][gc,phases      ] GC(20)   Pre Evacuate Collection Set: 0.1ms
[6.271s][debug][gc,phases      ] GC(20)     Prepare TLABs: 0.0ms
[6.271s][debug][gc,phases      ] GC(20)     Choose Collection Set: 0.0ms
[6.271s][debug][gc,phases      ] GC(20)     Region Register: 0.1ms
[6.271s][debug][gc,phases      ] GC(20)     Prepare Heap Roots: 0.0ms
[6.271s][info ][gc,phases      ] GC(20)   Merge Heap Roots: 0.2ms
[6.271s][debug][gc,phases      ] GC(20)     Prepare Merge Heap Roots: 0.0ms
[6.271s][debug][gc,phases      ] GC(20)     Eager Reclaim (ms):       skipped
[6.271s][debug][gc,phases      ] GC(20)     Remembered Sets (ms):     Min:  0.0, Avg:  0.0, Max:  0.0, Diff:  0.0, Sum:  0.0, Workers: 8
[6.271s][debug][gc,phases      ] GC(20)       Merged Sparse:            Min: 0, Avg:  0.0, Max: 0, Diff: 0, Sum: 0, Workers: 8
[6.271s][debug][gc,phases      ] GC(20)       Merged Fine:              Min: 0, Avg:  0.0, Max: 0, Diff: 0, Sum: 0, Workers: 8
[6.271s][debug][gc,phases      ] GC(20)       Merged Coarse:            Min: 0, Avg:  0.0, Max: 0, Diff: 0, Sum: 0, Workers: 8
[6.271s][debug][gc,phases      ] GC(20)       Dirty Cards:              Min: 0, Avg:  0.0, Max: 0, Diff: 0, Sum: 0, Workers: 8
[6.271s][debug][gc,phases      ] GC(20)     Hot Card Cache (ms):      Min:  0.0, Avg:  0.0, Max:  0.0, Diff:  0.0, Sum:  0.0, Workers: 8
[6.271s][debug][gc,phases      ] GC(20)       Dirty Cards:              Min: 0, Avg:  0.0, Max: 0, Diff: 0, Sum: 0, Workers: 8
[6.271s][debug][gc,phases      ] GC(20)       Skipped Cards:            Min: 0, Avg:  0.0, Max: 0, Diff: 0, Sum: 0, Workers: 8
[6.271s][debug][gc,phases      ] GC(20)     Log Buffers (ms):         Min:  0.0, Avg:  0.0, Max:  0.0, Diff:  0.0, Sum:  0.0, Workers: 8
[6.271s][debug][gc,phases      ] GC(20)       Dirty Cards:              Min: 0, Avg:  5.4, Max: 27, Diff: 27, Sum: 43, Workers: 8
[6.271s][debug][gc,phases      ] GC(20)       Skipped Cards:            Min: 0, Avg:  0.0, Max: 0, Diff: 0, Sum: 0, Workers: 8
[6.271s][info ][gc,phases      ] GC(20)   Evacuate Collection Set: 0.3ms
[6.271s][debug][gc,phases      ] GC(20)     Ext Root Scanning (ms):   Min:  0.0, Avg:  0.1, Max:  0.2, Diff:  0.2, Sum:  0.5, Workers: 8
[6.271s][debug][gc,phases      ] GC(20)     Scan Heap Roots (ms):     Min:  0.0, Avg:  0.0, Max:  0.1, Diff:  0.1, Sum:  0.1, Workers: 8
[6.271s][debug][gc,phases      ] GC(20)       Scanned Cards:            Min: 0, Avg:  5.1, Max: 13, Diff: 13, Sum: 41, Workers: 8
[6.271s][debug][gc,phases      ] GC(20)       Scanned Blocks:           Min: 0, Avg:  3.8, Max: 10, Diff: 10, Sum: 30, Workers: 8
[6.271s][debug][gc,phases      ] GC(20)       Claimed Chunks:           Min: 0, Avg:  1.8, Max: 4, Diff: 4, Sum: 14, Workers: 8
[6.271s][debug][gc,phases      ] GC(20)     Code Root Scan (ms):      Min:  0.0, Avg:  0.0, Max:  0.0, Diff:  0.0, Sum:  0.0, Workers: 8
[6.271s][debug][gc,phases      ] GC(20)     Object Copy (ms):         Min:  0.0, Avg:  0.0, Max:  0.1, Diff:  0.1, Sum:  0.2, Workers: 8
[6.271s][debug][gc,phases      ] GC(20)     Termination (ms):         Min:  0.0, Avg:  0.1, Max:  0.1, Diff:  0.1, Sum:  0.7, Workers: 8
[6.271s][debug][gc,phases      ] GC(20)       Termination Attempts:     Min: 1, Avg:  1.1, Max: 2, Diff: 1, Sum: 9, Workers: 8
[6.271s][debug][gc,phases      ] GC(20)     GC Worker Other (ms):     Min:  0.0, Avg:  0.0, Max:  0.0, Diff:  0.0, Sum:  0.1, Workers: 8
[6.271s][debug][gc,phases      ] GC(20)     GC Worker Total (ms):     Min:  0.2, Avg:  0.2, Max:  0.2, Diff:  0.1, Sum:  1.7, Workers: 8
[6.271s][info ][gc,phases      ] GC(20)   Post Evacuate Collection Set: 0.4ms
[6.271s][debug][gc,phases      ] GC(20)     Code Roots Fixup: 0.0ms
[6.271s][debug][gc,phases      ] GC(20)     Clear Card Table: 0.1ms
[6.271s][debug][gc,phases      ] GC(20)     Reference Processing: 0.0ms
[6.271s][debug][gc,phases,ref  ] GC(20)       Reconsider SoftReferences: 0.0ms
[6.271s][debug][gc,phases,ref  ] GC(20)         SoftRef (ms):             skipped
[6.271s][debug][gc,phases,ref  ] GC(20)       Notify Soft/WeakReferences: 0.0ms
[6.271s][debug][gc,phases,ref  ] GC(20)         SoftRef (ms):             Min:  0.0, Avg:  0.0, Max:  0.0, Diff:  0.0, Sum:  0.0, Workers: 1
[6.271s][debug][gc,phases,ref  ] GC(20)         WeakRef (ms):             Min:  0.0, Avg:  0.0, Max:  0.0, Diff:  0.0, Sum:  0.0, Workers: 1
[6.271s][debug][gc,phases,ref  ] GC(20)         FinalRef (ms):            Min:  0.0, Avg:  0.0, Max:  0.0, Diff:  0.0, Sum:  0.0, Workers: 1
[6.271s][debug][gc,phases,ref  ] GC(20)         Total (ms):               Min:  0.0, Avg:  0.0, Max:  0.0, Diff:  0.0, Sum:  0.0, Workers: 1
[6.271s][debug][gc,phases,ref  ] GC(20)       Notify and keep alive finalizable: 0.0ms
[6.271s][debug][gc,phases,ref  ] GC(20)         FinalRef (ms):            skipped
[6.271s][debug][gc,phases,ref  ] GC(20)       Notify PhantomReferences: 0.0ms
[6.271s][debug][gc,phases,ref  ] GC(20)         PhantomRef (ms):          Min:  0.0, Avg:  0.0, Max:  0.0, Diff:  0.0, Sum:  0.0, Workers: 1
[6.271s][debug][gc,phases,ref  ] GC(20)       SoftReference:
[6.271s][debug][gc,phases,ref  ] GC(20)         Discovered: 0
[6.271s][debug][gc,phases,ref  ] GC(20)         Cleared: 0
[6.271s][debug][gc,phases,ref  ] GC(20)       WeakReference:
[6.271s][debug][gc,phases,ref  ] GC(20)         Discovered: 1
[6.271s][debug][gc,phases,ref  ] GC(20)         Cleared: 1
[6.271s][debug][gc,phases,ref  ] GC(20)       FinalReference:
[6.271s][debug][gc,phases,ref  ] GC(20)         Discovered: 0
[6.271s][debug][gc,phases,ref  ] GC(20)         Cleared: 0
[6.271s][debug][gc,phases,ref  ] GC(20)       PhantomReference:
[6.271s][debug][gc,phases,ref  ] GC(20)         Discovered: 15
[6.271s][debug][gc,phases,ref  ] GC(20)         Cleared: 15
[6.271s][debug][gc,phases      ] GC(20)     Weak Processing: 0.1ms
[6.271s][debug][gc,phases      ] GC(20)       JVMTI weak processing: 0.0ms
[6.271s][debug][gc,phases      ] GC(20)         Dead: 0
[6.271s][debug][gc,phases      ] GC(20)         Total: 0
[6.271s][debug][gc,phases      ] GC(20)       JFR weak processing: 0.0ms
[6.271s][debug][gc,phases      ] GC(20)         Dead: 0
[6.271s][debug][gc,phases      ] GC(20)         Total: 0
[6.272s][debug][gc,phases      ] GC(20)       JNI weak                  Min:  0.0, Avg:  0.0, Max:  0.0, Diff:  0.0, Sum:  0.1, Workers: 5
[6.272s][debug][gc,phases      ] GC(20)         Dead                      Min: 0, Avg:  0.0, Max: 0, Diff: 0, Sum: 0, Workers: 5
[6.272s][debug][gc,phases      ] GC(20)         Total                     Min: 0, Avg: 15.0, Max: 52, Diff: 52, Sum: 75, Workers: 5
[6.272s][debug][gc,phases      ] GC(20)       VM weak                   Min:  0.0, Avg:  0.0, Max:  0.0, Diff:  0.0, Sum:  0.0, Workers: 5
[6.272s][debug][gc,phases      ] GC(20)         Dead                      Min: 0, Avg:  0.0, Max: 0, Diff: 0, Sum: 0, Workers: 5
[6.272s][debug][gc,phases      ] GC(20)         Total                     Min: 0, Avg: 42.4, Max: 128, Diff: 128, Sum: 212, Workers: 5
[6.272s][debug][gc,phases      ] GC(20)       StringTable weak          Min:  0.0, Avg:  0.0, Max:  0.1, Diff:  0.1, Sum:  0.2, Workers: 5
[6.272s][debug][gc,phases      ] GC(20)         Dead                      Min: 0, Avg:  0.0, Max: 0, Diff: 0, Sum: 0, Workers: 5
[6.272s][debug][gc,phases      ] GC(20)         Total                     Min: 0, Avg: 677.8, Max: 1152, Diff: 1152, Sum: 3389, Workers: 5
[6.272s][debug][gc,phases      ] GC(20)       ResolvedMethodTable weak  Min:  0.0, Avg:  0.0, Max:  0.0, Diff:  0.0, Sum:  0.0, Workers: 5
[6.272s][debug][gc,phases      ] GC(20)         Dead                      Min: 0, Avg:  0.0, Max: 0, Diff: 0, Sum: 0, Workers: 5
[6.272s][debug][gc,phases      ] GC(20)         Total                     Min: 0, Avg: 114.6, Max: 189, Diff: 189, Sum: 573, Workers: 5
[6.272s][debug][gc,phases      ] GC(20)     Merge Per-Thread State: 0.0ms
[6.272s][debug][gc,phases      ] GC(20)       Copied Bytes              Min: 240, Avg: 32247.0, Max: 81064, Diff: 80824, Sum: 257976, Workers: 8
[6.272s][debug][gc,phases      ] GC(20)       LAB Waste                 Min: 0, Avg: 35.0, Max: 128, Diff: 128, Sum: 280, Workers: 8
[6.272s][debug][gc,phases      ] GC(20)       LAB Undo Waste            Min: 0, Avg:  0.0, Max: 0, Diff: 0, Sum: 0, Workers: 8
[6.272s][debug][gc,phases      ] GC(20)     Code Roots Purge: 0.0ms
[6.272s][debug][gc,phases      ] GC(20)     Redirty Cards: 0.0ms
[6.272s][debug][gc,phases      ] GC(20)     DerivedPointerTable Update: 0.0ms
[6.272s][debug][gc,phases      ] GC(20)     Free Collection Set: 0.1ms
[6.272s][debug][gc,phases      ] GC(20)     Rebuild Free List: 0.1ms
[6.272s][debug][gc,phases      ] GC(20)     Humongous Reclaim: 0.0ms
[6.272s][debug][gc,phases      ] GC(20)     Start New Collection Set: 0.0ms
[6.272s][debug][gc,phases      ] GC(20)     Resize TLABs: 0.0ms
[6.272s][debug][gc,phases      ] GC(20)     Expand Heap After Collection: 0.0ms
[6.272s][info ][gc,phases      ] GC(20)   Other: 0.4ms
[6.272s][info ][gc,heap        ] GC(20) Eden regions: 134->0(134)
[6.272s][info ][gc,heap        ] GC(20) Survivor regions: 1->1(17)
[6.272s][info ][gc,heap        ] GC(20) Old regions: 7->7
[6.272s][info ][gc,heap        ] GC(20) Archive regions: 2->2
[6.272s][info ][gc,heap        ] GC(20) Humongous regions: 0->0
[6.272s][info ][gc,metaspace   ] GC(20) Metaspace: 9890K(10624K)->9890K(10624K) NonClass: 8739K(9216K)->8739K(9216K) Class: 1150K(1408K)->1150K(1408K)
[6.272s][debug][gc,heap        ] GC(20) Heap after GC invocations=21 (full 1): garbage-first heap   total 230400K, used 4063K [0x0000000700000000, 0x0000000800000000)
[6.272s][debug][gc,heap        ] GC(20)   region size 1024K, 1 young (1024K), 1 survivors (1024K)
[6.272s][debug][gc,heap        ] GC(20)  Metaspace       used 9890K, capacity 10175K, committed 10624K, reserved 1058816K
[6.272s][debug][gc,heap        ] GC(20)   class space    used 1150K, capacity 1266K, committed 1408K, reserved 1048576K
[6.272s][info ][gc             ] GC(20) Pause Young (Normal) (G1 Evacuation Pause) 137M->3M(225M) 2.014ms
[6.272s][info ][gc,cpu         ] GC(20) User=0.00s Sys=0.00s Real=0.00s
[6.272s][info ][safepoint      ] Safepoint "G1CollectForAllocation", Time since last: 78578810 ns, Reaching safepoint: 163209 ns, At safepoint: 2266666 ns, Total: 2429875 ns
[6.350s][debug][gc,heap        ] GC(21) Heap before GC invocations=21 (full 1): garbage-first heap   total 230400K, used 140255K [0x0000000700000000, 0x0000000800000000)
[6.350s][debug][gc,heap        ] GC(21)   region size 1024K, 135 young (138240K), 1 survivors (1024K)
[6.350s][debug][gc,heap        ] GC(21)  Metaspace       used 9906K, capacity 10175K, committed 10624K, reserved 1058816K
[6.350s][debug][gc,heap        ] GC(21)   class space    used 1150K, capacity 1266K, committed 1408K, reserved 1048576K
[6.350s][info ][gc,start       ] GC(21) Pause Young (Normal) (G1 Evacuation Pause)
[6.350s][info ][gc,task        ] GC(21) Using 8 workers of 8 for evacuation
[6.350s][debug][gc,tlab        ] GC(21) TLAB totals: thrds: 9  refills: 635 max: 83 slow allocs: 7 max 7 waste:  1.1% gc: 1155232B max: 323040B slow: 366168B max: 48104B fast: 0B max: 0B
[6.350s][debug][gc,age         ] GC(21) Desired survivor size 8912896 bytes, new threshold 15 (max threshold 15)
[6.350s][debug][gc,alloc,region] GC(21) Mutator Allocation stats, regions: 134, wasted size: 2480B ( 0.0%)
[6.350s][debug][gc,ergo        ] GC(21) Running G1 Merge Heap Roots using 8 workers for 135 regions
[6.350s][debug][gc,remset      ] GC(21) Visited cards 3840 Total dirty 16384 (23.44%) Total old 571392 (0.67%)
[6.350s][debug][gc,ergo        ] GC(21) Running G1 Clear Card Table Task using 1 workers for 1 units of work for 143 regions.
[6.350s][debug][gc,ref         ] GC(21) Skipped phase1 of Reference Processing due to unavailable references
[6.350s][debug][gc,ref         ] GC(21) Skipped phase3 of Reference Processing due to unavailable references
[6.351s][debug][gc,ergo        ] GC(21) Running G1 Free Collection Set using 8 workers for collection set length 135 (225)
[6.351s][debug][gc,ergo        ] GC(21) Running G1 Rebuild Free List Task using 8 workers for rebuilding free list of 0 (4096) regions
[6.351s][trace][gc,age         ] GC(21) Age table with threshold 15 (max threshold 15)
[6.351s][trace][gc,age         ] GC(21) - age   1:      82736 bytes,      82736 total
[6.351s][trace][gc,age         ] GC(21) - age   2:       3400 bytes,      86136 total
[6.351s][trace][gc,age         ] GC(21) - age   3:         96 bytes,      86232 total
[6.351s][trace][gc,age         ] GC(21) - age   5:      81960 bytes,     168192 total
[6.351s][trace][gc,age         ] GC(21) - age   6:     169632 bytes,     337824 total
[6.351s][debug][gc,plab        ] GC(21) Young PLAB allocation: allocated: 39216B, wasted: 384B, unused: 10104B, used: 28728B, undo waste: 0B, 
[6.351s][debug][gc,plab        ] GC(21) Young other allocation: region end waste: 0B, regions filled: 1, direct allocated: 309096B, failure used: 0B, failure wasted: 0B
[6.351s][debug][gc,plab        ] GC(21) Young sizing: calculated: 5744B, actual: 5560B
[6.351s][debug][gc,plab        ] GC(21) Old PLAB allocation: allocated: 0B, wasted: 0B, unused: 0B, used: 0B, undo waste: 0B, 
[6.351s][debug][gc,plab        ] GC(21) Old other allocation: region end waste: 0B, regions filled: 1, direct allocated: 0B, failure used: 0B, failure wasted: 0B
[6.351s][debug][gc,plab        ] GC(21) Old sizing: calculated: 0B, actual: 2064B
[6.351s][debug][gc,ihop        ] GC(21) Basic information (value update), threshold: 106168320B (45.00), target occupancy: 235929600B, current occupancy: 4242416B, recent allocation size: 0B, recent allocation duration: 79.03ms, recent old gen allocation rate: 0.00B/s, recent marking phase length: 0.00ms
[6.351s][debug][gc,ihop        ] GC(21) Adaptive IHOP information (value update), threshold: 106168320B (47.37), internal target occupancy: 224133120B, occupancy: 4242416B, additional buffer size: 141557760B, predicted old gen allocation rate: 65620.89B/s, predicted marking phase length: 0.00ms, prediction active: false
[6.351s][debug][gc,ergo,refine ] GC(21) Concurrent refinement times: Logged Cards Scan time goal: 20.00ms Logged Cards Scan time: 0.03ms HCC time: 0.00ms
[6.351s][debug][gc,ergo,refine ] GC(21) Updated Refinement Zones: green: 2048, yellow: 6144, red: 10240
[6.351s][info ][gc,phases      ] GC(21)   Pre Evacuate Collection Set: 0.1ms
[6.351s][debug][gc,phases      ] GC(21)     Prepare TLABs: 0.0ms
[6.351s][debug][gc,phases      ] GC(21)     Choose Collection Set: 0.0ms
[6.351s][debug][gc,phases      ] GC(21)     Region Register: 0.0ms
[6.351s][debug][gc,phases      ] GC(21)     Prepare Heap Roots: 0.0ms
[6.351s][info ][gc,phases      ] GC(21)   Merge Heap Roots: 0.1ms
[6.351s][debug][gc,phases      ] GC(21)     Prepare Merge Heap Roots: 0.0ms
[6.351s][debug][gc,phases      ] GC(21)     Eager Reclaim (ms):       skipped
[6.351s][debug][gc,phases      ] GC(21)     Remembered Sets (ms):     Min:  0.0, Avg:  0.0, Max:  0.0, Diff:  0.0, Sum:  0.0, Workers: 8
[6.351s][debug][gc,phases      ] GC(21)       Merged Sparse:            Min: 0, Avg:  0.0, Max: 0, Diff: 0, Sum: 0, Workers: 8
[6.351s][debug][gc,phases      ] GC(21)       Merged Fine:              Min: 0, Avg:  0.0, Max: 0, Diff: 0, Sum: 0, Workers: 8
[6.351s][debug][gc,phases      ] GC(21)       Merged Coarse:            Min: 0, Avg:  0.0, Max: 0, Diff: 0, Sum: 0, Workers: 8
[6.351s][debug][gc,phases      ] GC(21)       Dirty Cards:              Min: 0, Avg:  0.0, Max: 0, Diff: 0, Sum: 0, Workers: 8
[6.351s][debug][gc,phases      ] GC(21)     Hot Card Cache (ms):      Min:  0.0, Avg:  0.0, Max:  0.0, Diff:  0.0, Sum:  0.0, Workers: 8
[6.351s][debug][gc,phases      ] GC(21)       Dirty Cards:              Min: 0, Avg:  0.0, Max: 0, Diff: 0, Sum: 0, Workers: 8
[6.351s][debug][gc,phases      ] GC(21)       Skipped Cards:            Min: 0, Avg:  0.0, Max: 0, Diff: 0, Sum: 0, Workers: 8
[6.351s][debug][gc,phases      ] GC(21)     Log Buffers (ms):         Min:  0.0, Avg:  0.0, Max:  0.0, Diff:  0.0, Sum:  0.0, Workers: 8
[6.351s][debug][gc,phases      ] GC(21)       Dirty Cards:              Min: 0, Avg:  7.0, Max: 16, Diff: 16, Sum: 56, Workers: 8
[6.351s][debug][gc,phases      ] GC(21)       Skipped Cards:            Min: 0, Avg:  0.0, Max: 0, Diff: 0, Sum: 0, Workers: 8
[6.351s][info ][gc,phases      ] GC(21)   Evacuate Collection Set: 0.2ms
[6.351s][debug][gc,phases      ] GC(21)     Ext Root Scanning (ms):   Min:  0.0, Avg:  0.0, Max:  0.1, Diff:  0.1, Sum:  0.3, Workers: 8
[6.351s][debug][gc,phases      ] GC(21)     Scan Heap Roots (ms):     Min:  0.0, Avg:  0.0, Max:  0.1, Diff:  0.1, Sum:  0.2, Workers: 8
[6.351s][debug][gc,phases      ] GC(21)       Scanned Cards:            Min: 0, Avg:  6.2, Max: 14, Diff: 14, Sum: 50, Workers: 8
[6.351s][debug][gc,phases      ] GC(21)       Scanned Blocks:           Min: 0, Avg:  4.8, Max: 11, Diff: 11, Sum: 38, Workers: 8
[6.351s][debug][gc,phases      ] GC(21)       Claimed Chunks:           Min: 0, Avg:  1.9, Max: 3, Diff: 3, Sum: 15, Workers: 8
[6.351s][debug][gc,phases      ] GC(21)     Code Root Scan (ms):      Min:  0.0, Avg:  0.0, Max:  0.0, Diff:  0.0, Sum:  0.0, Workers: 8
[6.351s][debug][gc,phases      ] GC(21)     Object Copy (ms):         Min:  0.0, Avg:  0.0, Max:  0.1, Diff:  0.1, Sum:  0.3, Workers: 8
[6.351s][debug][gc,phases      ] GC(21)     Termination (ms):         Min:  0.0, Avg:  0.0, Max:  0.0, Diff:  0.0, Sum:  0.3, Workers: 8
[6.351s][debug][gc,phases      ] GC(21)       Termination Attempts:     Min: 1, Avg:  1.0, Max: 1, Diff: 0, Sum: 8, Workers: 8
[6.351s][debug][gc,phases      ] GC(21)     GC Worker Other (ms):     Min:  0.0, Avg:  0.0, Max:  0.0, Diff:  0.0, Sum:  0.1, Workers: 8
[6.351s][debug][gc,phases      ] GC(21)     GC Worker Total (ms):     Min:  0.1, Avg:  0.2, Max:  0.2, Diff:  0.1, Sum:  1.3, Workers: 8
[6.351s][info ][gc,phases      ] GC(21)   Post Evacuate Collection Set: 0.4ms
[6.351s][debug][gc,phases      ] GC(21)     Code Roots Fixup: 0.0ms
[6.351s][debug][gc,phases      ] GC(21)     Clear Card Table: 0.1ms
[6.351s][debug][gc,phases      ] GC(21)     Reference Processing: 0.0ms
[6.351s][debug][gc,phases,ref  ] GC(21)       Reconsider SoftReferences: 0.0ms
[6.351s][debug][gc,phases,ref  ] GC(21)         SoftRef (ms):             skipped
[6.351s][debug][gc,phases,ref  ] GC(21)       Notify Soft/WeakReferences: 0.0ms
[6.351s][debug][gc,phases,ref  ] GC(21)         SoftRef (ms):             Min:  0.0, Avg:  0.0, Max:  0.0, Diff:  0.0, Sum:  0.0, Workers: 1
[6.351s][debug][gc,phases,ref  ] GC(21)         WeakRef (ms):             Min:  0.0, Avg:  0.0, Max:  0.0, Diff:  0.0, Sum:  0.0, Workers: 1
[6.351s][debug][gc,phases,ref  ] GC(21)         FinalRef (ms):            Min:  0.0, Avg:  0.0, Max:  0.0, Diff:  0.0, Sum:  0.0, Workers: 1
[6.351s][debug][gc,phases,ref  ] GC(21)         Total (ms):               Min:  0.0, Avg:  0.0, Max:  0.0, Diff:  0.0, Sum:  0.0, Workers: 1
[6.351s][debug][gc,phases,ref  ] GC(21)       Notify and keep alive finalizable: 0.0ms
[6.351s][debug][gc,phases,ref  ] GC(21)         FinalRef (ms):            skipped
[6.351s][debug][gc,phases,ref  ] GC(21)       Notify PhantomReferences: 0.0ms
[6.351s][debug][gc,phases,ref  ] GC(21)         PhantomRef (ms):          Min:  0.0, Avg:  0.0, Max:  0.0, Diff:  0.0, Sum:  0.0, Workers: 1
[6.351s][debug][gc,phases,ref  ] GC(21)       SoftReference:
[6.351s][debug][gc,phases,ref  ] GC(21)         Discovered: 0
[6.351s][debug][gc,phases,ref  ] GC(21)         Cleared: 0
[6.351s][debug][gc,phases,ref  ] GC(21)       WeakReference:
[6.351s][debug][gc,phases,ref  ] GC(21)         Discovered: 13
[6.351s][debug][gc,phases,ref  ] GC(21)         Cleared: 11
[6.351s][debug][gc,phases,ref  ] GC(21)       FinalReference:
[6.351s][debug][gc,phases,ref  ] GC(21)         Discovered: 0
[6.351s][debug][gc,phases,ref  ] GC(21)         Cleared: 0
[6.351s][debug][gc,phases,ref  ] GC(21)       PhantomReference:
[6.351s][debug][gc,phases,ref  ] GC(21)         Discovered: 5
[6.351s][debug][gc,phases,ref  ] GC(21)         Cleared: 5
[6.351s][debug][gc,phases      ] GC(21)     Weak Processing: 0.1ms
[6.351s][debug][gc,phases      ] GC(21)       JVMTI weak processing: 0.0ms
[6.351s][debug][gc,phases      ] GC(21)         Dead: 0
[6.351s][debug][gc,phases      ] GC(21)         Total: 0
[6.351s][debug][gc,phases      ] GC(21)       JFR weak processing: 0.0ms
[6.351s][debug][gc,phases      ] GC(21)         Dead: 0
[6.351s][debug][gc,phases      ] GC(21)         Total: 0
[6.351s][debug][gc,phases      ] GC(21)       JNI weak                  Min:  0.0, Avg:  0.0, Max:  0.0, Diff:  0.0, Sum:  0.1, Workers: 5
[6.351s][debug][gc,phases      ] GC(21)         Dead                      Min: 0, Avg:  0.0, Max: 0, Diff: 0, Sum: 0, Workers: 5
[6.351s][debug][gc,phases      ] GC(21)         Total                     Min: 0, Avg: 15.8, Max: 52, Diff: 52, Sum: 79, Workers: 5
[6.351s][debug][gc,phases      ] GC(21)       VM weak                   Min:  0.0, Avg:  0.0, Max:  0.0, Diff:  0.0, Sum:  0.0, Workers: 5
[6.351s][debug][gc,phases      ] GC(21)         Dead                      Min: 0, Avg:  0.0, Max: 0, Diff: 0, Sum: 0, Workers: 5
[6.351s][debug][gc,phases      ] GC(21)         Total                     Min: 0, Avg: 42.4, Max: 128, Diff: 128, Sum: 212, Workers: 5
[6.351s][debug][gc,phases      ] GC(21)       StringTable weak          Min:  0.0, Avg:  0.0, Max:  0.0, Diff:  0.0, Sum:  0.1, Workers: 5
[6.351s][debug][gc,phases      ] GC(21)         Dead                      Min: 0, Avg:  0.0, Max: 0, Diff: 0, Sum: 0, Workers: 5
[6.351s][debug][gc,phases      ] GC(21)         Total                     Min: 0, Avg: 680.4, Max: 1162, Diff: 1162, Sum: 3402, Workers: 5
[6.351s][debug][gc,phases      ] GC(21)       ResolvedMethodTable weak  Min:  0.0, Avg:  0.0, Max:  0.0, Diff:  0.0, Sum:  0.0, Workers: 5
[6.352s][debug][gc,phases      ] GC(21)         Dead                      Min: 0, Avg:  0.0, Max: 0, Diff: 0, Sum: 0, Workers: 5
[6.352s][debug][gc,phases      ] GC(21)         Total                     Min: 0, Avg: 114.6, Max: 189, Diff: 189, Sum: 573, Workers: 5
[6.352s][debug][gc,phases      ] GC(21)     Merge Per-Thread State: 0.0ms
[6.352s][debug][gc,phases      ] GC(21)       Copied Bytes              Min: 56, Avg: 42228.0, Max: 80312, Diff: 80256, Sum: 337824, Workers: 8
[6.352s][debug][gc,phases      ] GC(21)       LAB Waste                 Min: 0, Avg: 48.0, Max: 120, Diff: 120, Sum: 384, Workers: 8
[6.352s][debug][gc,phases      ] GC(21)       LAB Undo Waste            Min: 0, Avg:  0.0, Max: 0, Diff: 0, Sum: 0, Workers: 8
[6.352s][debug][gc,phases      ] GC(21)     Code Roots Purge: 0.0ms
[6.352s][debug][gc,phases      ] GC(21)     Redirty Cards: 0.0ms
[6.352s][debug][gc,phases      ] GC(21)     DerivedPointerTable Update: 0.0ms
[6.352s][debug][gc,phases      ] GC(21)     Free Collection Set: 0.1ms
[6.352s][debug][gc,phases      ] GC(21)     Rebuild Free List: 0.1ms
[6.352s][debug][gc,phases      ] GC(21)     Humongous Reclaim: 0.0ms
[6.352s][debug][gc,phases      ] GC(21)     Start New Collection Set: 0.0ms
[6.352s][debug][gc,phases      ] GC(21)     Resize TLABs: 0.0ms
[6.352s][debug][gc,phases      ] GC(21)     Expand Heap After Collection: 0.0ms
[6.352s][info ][gc,phases      ] GC(21)   Other: 0.5ms
[6.352s][info ][gc,heap        ] GC(21) Eden regions: 134->0(134)
[6.352s][info ][gc,heap        ] GC(21) Survivor regions: 1->1(17)
[6.352s][info ][gc,heap        ] GC(21) Old regions: 7->7
[6.352s][info ][gc,heap        ] GC(21) Archive regions: 2->2
[6.352s][info ][gc,heap        ] GC(21) Humongous regions: 0->0
[6.352s][info ][gc,metaspace   ] GC(21) Metaspace: 9906K(10624K)->9906K(10624K) NonClass: 8755K(9216K)->8755K(9216K) Class: 1150K(1408K)->1150K(1408K)
[6.352s][debug][gc,heap        ] GC(21) Heap after GC invocations=22 (full 1): garbage-first heap   total 230400K, used 4142K [0x0000000700000000, 0x0000000800000000)
[6.352s][debug][gc,heap        ] GC(21)   region size 1024K, 1 young (1024K), 1 survivors (1024K)
[6.352s][debug][gc,heap        ] GC(21)  Metaspace       used 9906K, capacity 10175K, committed 10624K, reserved 1058816K
[6.352s][debug][gc,heap        ] GC(21)   class space    used 1150K, capacity 1266K, committed 1408K, reserved 1048576K
[6.352s][info ][gc             ] GC(21) Pause Young (Normal) (G1 Evacuation Pause) 137M->4M(225M) 1.898ms
[6.352s][info ][gc,cpu         ] GC(21) User=0.00s Sys=0.00s Real=0.00s
[6.352s][info ][safepoint      ] Safepoint "G1CollectForAllocation", Time since last: 77589264 ns, Reaching safepoint: 149510 ns, At safepoint: 2195593 ns, Total: 2345103 ns
[6.434s][debug][gc,heap        ] GC(22) Heap before GC invocations=22 (full 1): garbage-first heap   total 230400K, used 141358K [0x0000000700000000, 0x0000000800000000)
[6.434s][debug][gc,heap        ] GC(22)   region size 1024K, 135 young (138240K), 1 survivors (1024K)
[6.434s][debug][gc,heap        ] GC(22)  Metaspace       used 9926K, capacity 10239K, committed 10624K, reserved 1058816K
[6.434s][debug][gc,heap        ] GC(22)   class space    used 1150K, capacity 1266K, committed 1408K, reserved 1048576K
[6.434s][info ][gc,start       ] GC(22) Pause Young (Normal) (G1 Evacuation Pause)
[6.434s][info ][gc,task        ] GC(22) Using 8 workers of 8 for evacuation
[6.434s][debug][gc,tlab        ] GC(22) TLAB totals: thrds: 10  refills: 633 max: 85 slow allocs: 4 max 4 waste:  1.0% gc: 1044376B max: 288832B slow: 364688B max: 49664B fast: 0B max: 0B
[6.434s][debug][gc,age         ] GC(22) Desired survivor size 8912896 bytes, new threshold 15 (max threshold 15)
[6.434s][debug][gc,alloc,region] GC(22) Mutator Allocation stats, regions: 134, wasted size: 5488B ( 0.0%)
[6.434s][debug][gc,ergo        ] GC(22) Running G1 Merge Heap Roots using 8 workers for 135 regions
[6.434s][debug][gc,remset      ] GC(22) Visited cards 3840 Total dirty 16384 (23.44%) Total old 571392 (0.67%)
[6.435s][debug][gc,ergo        ] GC(22) Running G1 Clear Card Table Task using 1 workers for 1 units of work for 143 regions.
[6.435s][debug][gc,ref         ] GC(22) Skipped phase1 of Reference Processing due to unavailable references
[6.435s][debug][gc,ref         ] GC(22) Skipped phase3 of Reference Processing due to unavailable references
[6.435s][debug][gc,ergo        ] GC(22) Running G1 Free Collection Set using 8 workers for collection set length 135 (225)
[6.435s][debug][gc,ergo        ] GC(22) Running G1 Rebuild Free List Task using 8 workers for rebuilding free list of 0 (4096) regions
[6.435s][trace][gc,age         ] GC(22) Age table with threshold 15 (max threshold 15)
[6.435s][trace][gc,age         ] GC(22) - age   1:      82816 bytes,      82816 total
[6.435s][trace][gc,age         ] GC(22) - age   2:      81336 bytes,     164152 total
[6.435s][trace][gc,age         ] GC(22) - age   3:       3224 bytes,     167376 total
[6.435s][trace][gc,age         ] GC(22) - age   4:         96 bytes,     167472 total
[6.435s][trace][gc,age         ] GC(22) - age   6:      81960 bytes,     249432 total
[6.435s][trace][gc,age         ] GC(22) - age   7:     169632 bytes,     419064 total
[6.435s][debug][gc,plab        ] GC(22) Young PLAB allocation: allocated: 41280B, wasted: 488B, unused: 7656B, used: 33136B, undo waste: 0B, 
[6.435s][debug][gc,plab        ] GC(22) Young other allocation: region end waste: 0B, regions filled: 1, direct allocated: 385928B, failure used: 0B, failure wasted: 0B
[6.435s][debug][gc,plab        ] GC(22) Young sizing: calculated: 6624B, actual: 6352B
[6.435s][debug][gc,plab        ] GC(22) Old PLAB allocation: allocated: 0B, wasted: 0B, unused: 0B, used: 0B, undo waste: 0B, 
[6.435s][debug][gc,plab        ] GC(22) Old other allocation: region end waste: 0B, regions filled: 1, direct allocated: 0B, failure used: 0B, failure wasted: 0B
[6.435s][debug][gc,plab        ] GC(22) Old sizing: calculated: 0B, actual: 2064B
[6.435s][debug][gc,ergo,heap   ] GC(22) Attempt heap expansion (recent GC overhead higher than threshold after GC) recent GC overhead: 2.06 % threshold: 1.00 % uncommitted: 4059037696B base expansion amount and scale: 235929600B (22.77%)
[6.435s][debug][gc,ergo,heap   ] GC(22) Expand the heap. requested expansion amount: 53712366B expansion amount: 54525952B
[6.436s][debug][gc,ihop        ] GC(22) Target occupancy update: old: 235929600B, new: 290455552B
[6.436s][debug][gc,ihop        ] GC(22) Basic information (value update), threshold: 130704998B (45.00), target occupancy: 290455552B, current occupancy: 4321312B, recent allocation size: 0B, recent allocation duration: 83.31ms, recent old gen allocation rate: 0.00B/s, recent marking phase length: 0.00ms
[6.436s][debug][gc,ihop        ] GC(22) Adaptive IHOP information (value update), threshold: 130704998B (47.37), internal target occupancy: 275932774B, occupancy: 4321312B, additional buffer size: 174063616B, predicted old gen allocation rate: 63494.60B/s, predicted marking phase length: 0.00ms, prediction active: false
[6.436s][debug][gc,ergo,refine ] GC(22) Concurrent refinement times: Logged Cards Scan time goal: 20.00ms Logged Cards Scan time: 0.03ms HCC time: 0.00ms
[6.436s][debug][gc,ergo,refine ] GC(22) Updated Refinement Zones: green: 2048, yellow: 6144, red: 10240
[6.436s][info ][gc,phases      ] GC(22)   Pre Evacuate Collection Set: 0.1ms
[6.436s][debug][gc,phases      ] GC(22)     Prepare TLABs: 0.0ms
[6.436s][debug][gc,phases      ] GC(22)     Choose Collection Set: 0.0ms
[6.436s][debug][gc,phases      ] GC(22)     Region Register: 0.1ms
[6.436s][debug][gc,phases      ] GC(22)     Prepare Heap Roots: 0.0ms
[6.436s][info ][gc,phases      ] GC(22)   Merge Heap Roots: 0.1ms
[6.436s][debug][gc,phases      ] GC(22)     Prepare Merge Heap Roots: 0.0ms
[6.436s][debug][gc,phases      ] GC(22)     Eager Reclaim (ms):       skipped
[6.436s][debug][gc,phases      ] GC(22)     Remembered Sets (ms):     Min:  0.0, Avg:  0.0, Max:  0.0, Diff:  0.0, Sum:  0.1, Workers: 8
[6.436s][debug][gc,phases      ] GC(22)       Merged Sparse:            Min: 0, Avg:  0.0, Max: 0, Diff: 0, Sum: 0, Workers: 8
[6.436s][debug][gc,phases      ] GC(22)       Merged Fine:              Min: 0, Avg:  0.0, Max: 0, Diff: 0, Sum: 0, Workers: 8
[6.436s][debug][gc,phases      ] GC(22)       Merged Coarse:            Min: 0, Avg:  0.0, Max: 0, Diff: 0, Sum: 0, Workers: 8
[6.436s][debug][gc,phases      ] GC(22)       Dirty Cards:              Min: 0, Avg:  0.0, Max: 0, Diff: 0, Sum: 0, Workers: 8
[6.436s][debug][gc,phases      ] GC(22)     Hot Card Cache (ms):      Min:  0.0, Avg:  0.0, Max:  0.0, Diff:  0.0, Sum:  0.0, Workers: 8
[6.436s][debug][gc,phases      ] GC(22)       Dirty Cards:              Min: 0, Avg:  0.0, Max: 0, Diff: 0, Sum: 0, Workers: 8
[6.436s][debug][gc,phases      ] GC(22)       Skipped Cards:            Min: 0, Avg:  0.0, Max: 0, Diff: 0, Sum: 0, Workers: 8
[6.436s][debug][gc,phases      ] GC(22)     Log Buffers (ms):         Min:  0.0, Avg:  0.0, Max:  0.0, Diff:  0.0, Sum:  0.0, Workers: 8
[6.436s][debug][gc,phases      ] GC(22)       Dirty Cards:              Min: 0, Avg:  7.0, Max: 26, Diff: 26, Sum: 56, Workers: 8
[6.436s][debug][gc,phases      ] GC(22)       Skipped Cards:            Min: 0, Avg:  0.0, Max: 0, Diff: 0, Sum: 0, Workers: 8
[6.436s][info ][gc,phases      ] GC(22)   Evacuate Collection Set: 0.2ms
[6.436s][debug][gc,phases      ] GC(22)     Ext Root Scanning (ms):   Min:  0.0, Avg:  0.0, Max:  0.1, Diff:  0.1, Sum:  0.3, Workers: 8
[6.436s][debug][gc,phases      ] GC(22)     Scan Heap Roots (ms):     Min:  0.0, Avg:  0.0, Max:  0.1, Diff:  0.1, Sum:  0.2, Workers: 8
[6.436s][debug][gc,phases      ] GC(22)       Scanned Cards:            Min: 0, Avg:  6.6, Max: 14, Diff: 14, Sum: 53, Workers: 8
[6.436s][debug][gc,phases      ] GC(22)       Scanned Blocks:           Min: 0, Avg:  5.0, Max: 11, Diff: 11, Sum: 40, Workers: 8
[6.436s][debug][gc,phases      ] GC(22)       Claimed Chunks:           Min: 0, Avg:  1.9, Max: 3, Diff: 3, Sum: 15, Workers: 8
[6.436s][debug][gc,phases      ] GC(22)     Code Root Scan (ms):      Min:  0.0, Avg:  0.0, Max:  0.0, Diff:  0.0, Sum:  0.0, Workers: 8
[6.436s][debug][gc,phases      ] GC(22)     Object Copy (ms):         Min:  0.0, Avg:  0.0, Max:  0.1, Diff:  0.1, Sum:  0.4, Workers: 8
[6.436s][debug][gc,phases      ] GC(22)     Termination (ms):         Min:  0.0, Avg:  0.0, Max:  0.1, Diff:  0.0, Sum:  0.3, Workers: 8
[6.436s][debug][gc,phases      ] GC(22)       Termination Attempts:     Min: 1, Avg:  1.0, Max: 1, Diff: 0, Sum: 8, Workers: 8
[6.436s][debug][gc,phases      ] GC(22)     GC Worker Other (ms):     Min:  0.0, Avg:  0.0, Max:  0.0, Diff:  0.0, Sum:  0.1, Workers: 8
[6.436s][debug][gc,phases      ] GC(22)     GC Worker Total (ms):     Min:  0.2, Avg:  0.2, Max:  0.2, Diff:  0.0, Sum:  1.3, Workers: 8
[6.436s][info ][gc,phases      ] GC(22)   Post Evacuate Collection Set: 0.7ms
[6.436s][debug][gc,phases      ] GC(22)     Code Roots Fixup: 0.0ms
[6.436s][debug][gc,phases      ] GC(22)     Clear Card Table: 0.1ms
[6.436s][debug][gc,phases      ] GC(22)     Reference Processing: 0.1ms
[6.436s][debug][gc,phases,ref  ] GC(22)       Reconsider SoftReferences: 0.0ms
[6.436s][debug][gc,phases,ref  ] GC(22)         SoftRef (ms):             skipped
[6.436s][debug][gc,phases,ref  ] GC(22)       Notify Soft/WeakReferences: 0.0ms
[6.436s][debug][gc,phases,ref  ] GC(22)         SoftRef (ms):             Min:  0.0, Avg:  0.0, Max:  0.0, Diff:  0.0, Sum:  0.0, Workers: 1
[6.436s][debug][gc,phases,ref  ] GC(22)         WeakRef (ms):             Min:  0.0, Avg:  0.0, Max:  0.0, Diff:  0.0, Sum:  0.0, Workers: 1
[6.436s][debug][gc,phases,ref  ] GC(22)         FinalRef (ms):            Min:  0.0, Avg:  0.0, Max:  0.0, Diff:  0.0, Sum:  0.0, Workers: 1
[6.436s][debug][gc,phases,ref  ] GC(22)         Total (ms):               Min:  0.0, Avg:  0.0, Max:  0.0, Diff:  0.0, Sum:  0.0, Workers: 1
[6.436s][debug][gc,phases,ref  ] GC(22)       Notify and keep alive finalizable: 0.0ms
[6.436s][debug][gc,phases,ref  ] GC(22)         FinalRef (ms):            skipped
[6.436s][debug][gc,phases,ref  ] GC(22)       Notify PhantomReferences: 0.0ms
[6.436s][debug][gc,phases,ref  ] GC(22)         PhantomRef (ms):          Min:  0.0, Avg:  0.0, Max:  0.0, Diff:  0.0, Sum:  0.0, Workers: 1
[6.436s][debug][gc,phases,ref  ] GC(22)       SoftReference:
[6.436s][debug][gc,phases,ref  ] GC(22)         Discovered: 0
[6.436s][debug][gc,phases,ref  ] GC(22)         Cleared: 0
[6.436s][debug][gc,phases,ref  ] GC(22)       WeakReference:
[6.436s][debug][gc,phases,ref  ] GC(22)         Discovered: 14
[6.436s][debug][gc,phases,ref  ] GC(22)         Cleared: 12
[6.436s][debug][gc,phases,ref  ] GC(22)       FinalReference:
[6.436s][debug][gc,phases,ref  ] GC(22)         Discovered: 0
[6.436s][debug][gc,phases,ref  ] GC(22)         Cleared: 0
[6.436s][debug][gc,phases,ref  ] GC(22)       PhantomReference:
[6.436s][debug][gc,phases,ref  ] GC(22)         Discovered: 19
[6.436s][debug][gc,phases,ref  ] GC(22)         Cleared: 19
[6.436s][debug][gc,phases      ] GC(22)     Weak Processing: 0.1ms
[6.436s][debug][gc,phases      ] GC(22)       JVMTI weak processing: 0.0ms
[6.436s][debug][gc,phases      ] GC(22)         Dead: 0
[6.436s][debug][gc,phases      ] GC(22)         Total: 0
[6.436s][debug][gc,phases      ] GC(22)       JFR weak processing: 0.0ms
[6.436s][debug][gc,phases      ] GC(22)         Dead: 0
[6.436s][debug][gc,phases      ] GC(22)         Total: 0
[6.436s][debug][gc,phases      ] GC(22)       JNI weak                  Min:  0.0, Avg:  0.0, Max:  0.0, Diff:  0.0, Sum:  0.0, Workers: 5
[6.436s][debug][gc,phases      ] GC(22)         Dead                      Min: 0, Avg:  0.0, Max: 0, Diff: 0, Sum: 0, Workers: 5
[6.436s][debug][gc,phases      ] GC(22)         Total                     Min: 0, Avg: 16.6, Max: 52, Diff: 52, Sum: 83, Workers: 5
[6.436s][debug][gc,phases      ] GC(22)       VM weak                   Min:  0.0, Avg:  0.0, Max:  0.0, Diff:  0.0, Sum:  0.0, Workers: 5
[6.436s][debug][gc,phases      ] GC(22)         Dead                      Min: 0, Avg:  0.0, Max: 0, Diff: 0, Sum: 0, Workers: 5
[6.436s][debug][gc,phases      ] GC(22)         Total                     Min: 0, Avg: 42.4, Max: 128, Diff: 128, Sum: 212, Workers: 5
[6.436s][debug][gc,phases      ] GC(22)       StringTable weak          Min:  0.0, Avg:  0.0, Max:  0.1, Diff:  0.1, Sum:  0.1, Workers: 5
[6.436s][debug][gc,phases      ] GC(22)         Dead                      Min: 0, Avg:  0.0, Max: 0, Diff: 0, Sum: 0, Workers: 5
[6.436s][debug][gc,phases      ] GC(22)         Total                     Min: 0, Avg: 680.6, Max: 1664, Diff: 1664, Sum: 3403, Workers: 5
[6.436s][debug][gc,phases      ] GC(22)       ResolvedMethodTable weak  Min:  0.0, Avg:  0.0, Max:  0.0, Diff:  0.0, Sum:  0.0, Workers: 5
[6.436s][debug][gc,phases      ] GC(22)         Dead                      Min: 0, Avg:  0.0, Max: 0, Diff: 0, Sum: 0, Workers: 5
[6.436s][debug][gc,phases      ] GC(22)         Total                     Min: 0, Avg: 114.6, Max: 256, Diff: 256, Sum: 573, Workers: 5
[6.436s][debug][gc,phases      ] GC(22)     Merge Per-Thread State: 0.0ms
[6.436s][debug][gc,phases      ] GC(22)       Copied Bytes              Min: 0, Avg: 52383.0, Max: 85432, Diff: 85432, Sum: 419064, Workers: 8
[6.436s][debug][gc,phases      ] GC(22)       LAB Waste                 Min: 0, Avg: 61.0, Max: 160, Diff: 160, Sum: 488, Workers: 8
[6.436s][debug][gc,phases      ] GC(22)       LAB Undo Waste            Min: 0, Avg:  0.0, Max: 0, Diff: 0, Sum: 0, Workers: 8
[6.436s][debug][gc,phases      ] GC(22)     Code Roots Purge: 0.0ms
[6.436s][debug][gc,phases      ] GC(22)     Redirty Cards: 0.0ms
[6.436s][debug][gc,phases      ] GC(22)     DerivedPointerTable Update: 0.0ms
[6.436s][debug][gc,phases      ] GC(22)     Free Collection Set: 0.1ms
[6.436s][debug][gc,phases      ] GC(22)     Rebuild Free List: 0.0ms
[6.436s][debug][gc,phases      ] GC(22)     Humongous Reclaim: 0.0ms
[6.436s][debug][gc,phases      ] GC(22)     Start New Collection Set: 0.0ms
[6.436s][debug][gc,phases      ] GC(22)     Resize TLABs: 0.0ms
[6.436s][debug][gc,phases      ] GC(22)     Expand Heap After Collection: 0.4ms
[6.436s][info ][gc,phases      ] GC(22)   Other: 0.4ms
[6.436s][info ][gc,heap        ] GC(22) Eden regions: 134->0(165)
[6.436s][info ][gc,heap        ] GC(22) Survivor regions: 1->1(17)
[6.436s][info ][gc,heap        ] GC(22) Old regions: 7->7
[6.436s][info ][gc,heap        ] GC(22) Archive regions: 2->2
[6.436s][info ][gc,heap        ] GC(22) Humongous regions: 0->0
[6.436s][info ][gc,metaspace   ] GC(22) Metaspace: 9926K(10624K)->9926K(10624K) NonClass: 8775K(9216K)->8775K(9216K) Class: 1150K(1408K)->1150K(1408K)
[6.436s][debug][gc,heap        ] GC(22) Heap after GC invocations=23 (full 1): garbage-first heap   total 283648K, used 4220K [0x0000000700000000, 0x0000000800000000)
[6.436s][debug][gc,heap        ] GC(22)   region size 1024K, 1 young (1024K), 1 survivors (1024K)
[6.436s][debug][gc,heap        ] GC(22)  Metaspace       used 9926K, capacity 10239K, committed 10624K, reserved 1058816K
[6.436s][debug][gc,heap        ] GC(22)   class space    used 1150K, capacity 1266K, committed 1408K, reserved 1048576K
[6.436s][info ][gc             ] GC(22) Pause Young (Normal) (G1 Evacuation Pause) 138M->4M(277M) 2.244ms
[6.436s][info ][gc,cpu         ] GC(22) User=0.01s Sys=0.00s Real=0.00s
[6.436s][info ][safepoint      ] Safepoint "G1CollectForAllocation", Time since last: 82008819 ns, Reaching safepoint: 124984 ns, At safepoint: 2424693 ns, Total: 2549677 ns
[6.559s][debug][gc,heap        ] GC(23) Heap before GC invocations=23 (full 1): garbage-first heap   total 283648K, used 173180K [0x0000000700000000, 0x0000000800000000)
[6.559s][debug][gc,heap        ] GC(23)   region size 1024K, 166 young (169984K), 1 survivors (1024K)
[6.559s][debug][gc,heap        ] GC(23)  Metaspace       used 9938K, capacity 10240K, committed 10624K, reserved 1058816K
[6.559s][debug][gc,heap        ] GC(23)   class space    used 1150K, capacity 1266K, committed 1408K, reserved 1048576K
[6.559s][info ][gc,start       ] GC(23) Pause Young (Normal) (G1 Evacuation Pause)
[6.559s][info ][gc,task        ] GC(23) Using 8 workers of 8 for evacuation
[6.559s][debug][gc,tlab        ] GC(23) TLAB totals: thrds: 10  refills: 680 max: 89 slow allocs: 3 max 3 waste:  1.3% gc: 1934432B max: 524208B slow: 392704B max: 51640B fast: 0B max: 0B
[6.559s][debug][gc,age         ] GC(23) Desired survivor size 11010048 bytes, new threshold 15 (max threshold 15)
[6.559s][debug][gc,alloc,region] GC(23) Mutator Allocation stats, regions: 165, wasted size: 0B ( 0.0%)
[6.559s][debug][gc,ergo        ] GC(23) Running G1 Merge Heap Roots using 8 workers for 166 regions
[6.560s][debug][gc,remset      ] GC(23) Visited cards 3840 Total dirty 16384 (23.44%) Total old 698368 (0.55%)
[6.560s][debug][gc,ergo        ] GC(23) Running G1 Clear Card Table Task using 1 workers for 1 units of work for 174 regions.
[6.560s][debug][gc,ref         ] GC(23) Skipped phase1 of Reference Processing due to unavailable references
[6.560s][debug][gc,ref         ] GC(23) Skipped phase3 of Reference Processing due to unavailable references
[6.560s][debug][gc,ergo        ] GC(23) Running G1 Free Collection Set using 8 workers for collection set length 166 (277)
[6.560s][debug][gc,ergo        ] GC(23) Running G1 Rebuild Free List Task using 8 workers for rebuilding free list of 0 (4096) regions
[6.560s][trace][gc,age         ] GC(23) Age table with threshold 15 (max threshold 15)
[6.560s][trace][gc,age         ] GC(23) - age   1:      83728 bytes,      83728 total
[6.560s][trace][gc,age         ] GC(23) - age   2:      81064 bytes,     164792 total
[6.560s][trace][gc,age         ] GC(23) - age   3:      81304 bytes,     246096 total
[6.560s][trace][gc,age         ] GC(23) - age   4:       3224 bytes,     249320 total
[6.560s][trace][gc,age         ] GC(23) - age   5:         96 bytes,     249416 total
[6.560s][trace][gc,age         ] GC(23) - age   7:      81760 bytes,     331176 total
[6.560s][trace][gc,age         ] GC(23) - age   8:     169632 bytes,     500808 total
[6.560s][debug][gc,plab        ] GC(23) Young PLAB allocation: allocated: 45408B, wasted: 528B, unused: 6832B, used: 38048B, undo waste: 0B, 
[6.560s][debug][gc,plab        ] GC(23) Young other allocation: region end waste: 0B, regions filled: 1, direct allocated: 462760B, failure used: 0B, failure wasted: 0B
[6.560s][debug][gc,plab        ] GC(23) Young sizing: calculated: 7608B, actual: 7288B
[6.560s][debug][gc,plab        ] GC(23) Old PLAB allocation: allocated: 0B, wasted: 0B, unused: 0B, used: 0B, undo waste: 0B, 
[6.560s][debug][gc,plab        ] GC(23) Old other allocation: region end waste: 0B, regions filled: 1, direct allocated: 0B, failure used: 0B, failure wasted: 0B
[6.560s][debug][gc,plab        ] GC(23) Old sizing: calculated: 0B, actual: 2064B
[6.560s][debug][gc,ihop        ] GC(23) Basic information (value update), threshold: 130704998B (45.00), target occupancy: 290455552B, current occupancy: 4402272B, recent allocation size: 0B, recent allocation duration: 123.69ms, recent old gen allocation rate: 0.00B/s, recent marking phase length: 0.00ms
[6.560s][debug][gc,ihop        ] GC(23) Adaptive IHOP information (value update), threshold: 130704998B (47.37), internal target occupancy: 275932774B, occupancy: 4402272B, additional buffer size: 174063616B, predicted old gen allocation rate: 61443.90B/s, predicted marking phase length: 0.00ms, prediction active: false
[6.560s][debug][gc,ergo,refine ] GC(23) Concurrent refinement times: Logged Cards Scan time goal: 19.99ms Logged Cards Scan time: 0.03ms HCC time: 0.01ms
[6.560s][debug][gc,ergo,refine ] GC(23) Updated Refinement Zones: green: 2048, yellow: 6144, red: 10240
[6.560s][info ][gc,phases      ] GC(23)   Pre Evacuate Collection Set: 0.1ms
[6.560s][debug][gc,phases      ] GC(23)     Prepare TLABs: 0.0ms
[6.560s][debug][gc,phases      ] GC(23)     Choose Collection Set: 0.0ms
[6.560s][debug][gc,phases      ] GC(23)     Region Register: 0.1ms
[6.560s][debug][gc,phases      ] GC(23)     Prepare Heap Roots: 0.0ms
[6.560s][info ][gc,phases      ] GC(23)   Merge Heap Roots: 0.2ms
[6.560s][debug][gc,phases      ] GC(23)     Prepare Merge Heap Roots: 0.0ms
[6.560s][debug][gc,phases      ] GC(23)     Eager Reclaim (ms):       skipped
[6.560s][debug][gc,phases      ] GC(23)     Remembered Sets (ms):     Min:  0.0, Avg:  0.0, Max:  0.0, Diff:  0.0, Sum:  0.1, Workers: 8
[6.560s][debug][gc,phases      ] GC(23)       Merged Sparse:            Min: 0, Avg:  0.0, Max: 0, Diff: 0, Sum: 0, Workers: 8
[6.561s][debug][gc,phases      ] GC(23)       Merged Fine:              Min: 0, Avg:  0.0, Max: 0, Diff: 0, Sum: 0, Workers: 8
[6.561s][debug][gc,phases      ] GC(23)       Merged Coarse:            Min: 0, Avg:  0.0, Max: 0, Diff: 0, Sum: 0, Workers: 8
[6.561s][debug][gc,phases      ] GC(23)       Dirty Cards:              Min: 0, Avg:  0.0, Max: 0, Diff: 0, Sum: 0, Workers: 8
[6.561s][debug][gc,phases      ] GC(23)     Hot Card Cache (ms):      Min:  0.0, Avg:  0.0, Max:  0.0, Diff:  0.0, Sum:  0.1, Workers: 8
[6.561s][debug][gc,phases      ] GC(23)       Dirty Cards:              Min: 0, Avg:  0.0, Max: 0, Diff: 0, Sum: 0, Workers: 8
[6.561s][debug][gc,phases      ] GC(23)       Skipped Cards:            Min: 0, Avg:  0.0, Max: 0, Diff: 0, Sum: 0, Workers: 8
[6.561s][debug][gc,phases      ] GC(23)     Log Buffers (ms):         Min:  0.0, Avg:  0.0, Max:  0.0, Diff:  0.0, Sum:  0.0, Workers: 8
[6.561s][debug][gc,phases      ] GC(23)       Dirty Cards:              Min: 0, Avg:  7.8, Max: 23, Diff: 23, Sum: 62, Workers: 8
[6.561s][debug][gc,phases      ] GC(23)       Skipped Cards:            Min: 0, Avg:  0.0, Max: 0, Diff: 0, Sum: 0, Workers: 8
[6.561s][info ][gc,phases      ] GC(23)   Evacuate Collection Set: 0.3ms
[6.561s][debug][gc,phases      ] GC(23)     Ext Root Scanning (ms):   Min:  0.0, Avg:  0.1, Max:  0.1, Diff:  0.1, Sum:  0.5, Workers: 8
[6.561s][debug][gc,phases      ] GC(23)     Scan Heap Roots (ms):     Min:  0.0, Avg:  0.0, Max:  0.1, Diff:  0.1, Sum:  0.2, Workers: 8
[6.561s][debug][gc,phases      ] GC(23)       Scanned Cards:            Min: 0, Avg:  7.1, Max: 15, Diff: 15, Sum: 57, Workers: 8
[6.561s][debug][gc,phases      ] GC(23)       Scanned Blocks:           Min: 0, Avg:  5.2, Max: 12, Diff: 12, Sum: 42, Workers: 8
[6.561s][debug][gc,phases      ] GC(23)       Claimed Chunks:           Min: 0, Avg:  1.9, Max: 3, Diff: 3, Sum: 15, Workers: 8
[6.561s][debug][gc,phases      ] GC(23)     Code Root Scan (ms):      Min:  0.0, Avg:  0.0, Max:  0.0, Diff:  0.0, Sum:  0.0, Workers: 8
[6.561s][debug][gc,phases      ] GC(23)     Object Copy (ms):         Min:  0.0, Avg:  0.1, Max:  0.1, Diff:  0.1, Sum:  0.4, Workers: 8
[6.561s][debug][gc,phases      ] GC(23)     Termination (ms):         Min:  0.0, Avg:  0.0, Max:  0.1, Diff:  0.0, Sum:  0.4, Workers: 8
[6.561s][debug][gc,phases      ] GC(23)       Termination Attempts:     Min: 1, Avg:  1.0, Max: 1, Diff: 0, Sum: 8, Workers: 8
[6.561s][debug][gc,phases      ] GC(23)     GC Worker Other (ms):     Min:  0.0, Avg:  0.0, Max:  0.0, Diff:  0.0, Sum:  0.2, Workers: 8
[6.561s][debug][gc,phases      ] GC(23)     GC Worker Total (ms):     Min:  0.2, Avg:  0.2, Max:  0.2, Diff:  0.1, Sum:  1.7, Workers: 8
[6.561s][info ][gc,phases      ] GC(23)   Post Evacuate Collection Set: 0.4ms
[6.561s][debug][gc,phases      ] GC(23)     Code Roots Fixup: 0.0ms
[6.561s][debug][gc,phases      ] GC(23)     Clear Card Table: 0.1ms
[6.561s][debug][gc,phases      ] GC(23)     Reference Processing: 0.0ms
[6.561s][debug][gc,phases,ref  ] GC(23)       Reconsider SoftReferences: 0.0ms
[6.561s][debug][gc,phases,ref  ] GC(23)         SoftRef (ms):             skipped
[6.561s][debug][gc,phases,ref  ] GC(23)       Notify Soft/WeakReferences: 0.0ms
[6.561s][debug][gc,phases,ref  ] GC(23)         SoftRef (ms):             Min:  0.0, Avg:  0.0, Max:  0.0, Diff:  0.0, Sum:  0.0, Workers: 1
[6.561s][debug][gc,phases,ref  ] GC(23)         WeakRef (ms):             Min:  0.0, Avg:  0.0, Max:  0.0, Diff:  0.0, Sum:  0.0, Workers: 1
[6.561s][debug][gc,phases,ref  ] GC(23)         FinalRef (ms):            Min:  0.0, Avg:  0.0, Max:  0.0, Diff:  0.0, Sum:  0.0, Workers: 1
[6.561s][debug][gc,phases,ref  ] GC(23)         Total (ms):               Min:  0.0, Avg:  0.0, Max:  0.0, Diff:  0.0, Sum:  0.0, Workers: 1
[6.561s][debug][gc,phases,ref  ] GC(23)       Notify and keep alive finalizable: 0.0ms
[6.561s][debug][gc,phases,ref  ] GC(23)         FinalRef (ms):            skipped
[6.561s][debug][gc,phases,ref  ] GC(23)       Notify PhantomReferences: 0.0ms
[6.561s][debug][gc,phases,ref  ] GC(23)         PhantomRef (ms):          Min:  0.0, Avg:  0.0, Max:  0.0, Diff:  0.0, Sum:  0.0, Workers: 1
[6.561s][debug][gc,phases,ref  ] GC(23)       SoftReference:
[6.561s][debug][gc,phases,ref  ] GC(23)         Discovered: 0
[6.561s][debug][gc,phases,ref  ] GC(23)         Cleared: 0
[6.561s][debug][gc,phases,ref  ] GC(23)       WeakReference:
[6.561s][debug][gc,phases,ref  ] GC(23)         Discovered: 2
[6.561s][debug][gc,phases,ref  ] GC(23)         Cleared: 0
[6.561s][debug][gc,phases,ref  ] GC(23)       FinalReference:
[6.561s][debug][gc,phases,ref  ] GC(23)         Discovered: 0
[6.561s][debug][gc,phases,ref  ] GC(23)         Cleared: 0
[6.561s][debug][gc,phases,ref  ] GC(23)       PhantomReference:
[6.561s][debug][gc,phases,ref  ] GC(23)         Discovered: 20
[6.561s][debug][gc,phases,ref  ] GC(23)         Cleared: 20
[6.561s][debug][gc,phases      ] GC(23)     Weak Processing: 0.1ms
[6.561s][debug][gc,phases      ] GC(23)       JVMTI weak processing: 0.0ms
[6.561s][debug][gc,phases      ] GC(23)         Dead: 0
[6.561s][debug][gc,phases      ] GC(23)         Total: 0
[6.561s][debug][gc,phases      ] GC(23)       JFR weak processing: 0.0ms
[6.561s][debug][gc,phases      ] GC(23)         Dead: 0
[6.561s][debug][gc,phases      ] GC(23)         Total: 0
[6.561s][debug][gc,phases      ] GC(23)       JNI weak                  Min:  0.0, Avg:  0.0, Max:  0.0, Diff:  0.0, Sum:  0.0, Workers: 5
[6.561s][debug][gc,phases      ] GC(23)         Dead                      Min: 0, Avg:  0.0, Max: 0, Diff: 0, Sum: 0, Workers: 5
[6.561s][debug][gc,phases      ] GC(23)         Total                     Min: 0, Avg: 17.4, Max: 52, Diff: 52, Sum: 87, Workers: 5
[6.561s][debug][gc,phases      ] GC(23)       VM weak                   Min:  0.0, Avg:  0.0, Max:  0.0, Diff:  0.0, Sum:  0.0, Workers: 5
[6.561s][debug][gc,phases      ] GC(23)         Dead                      Min: 0, Avg:  0.0, Max: 0, Diff: 0, Sum: 0, Workers: 5
[6.561s][debug][gc,phases      ] GC(23)         Total                     Min: 0, Avg: 42.4, Max: 64, Diff: 64, Sum: 212, Workers: 5
[6.561s][debug][gc,phases      ] GC(23)       StringTable weak          Min:  0.0, Avg:  0.0, Max:  0.0, Diff:  0.0, Sum:  0.0, Workers: 5
[6.561s][debug][gc,phases      ] GC(23)         Dead                      Min: 0, Avg:  0.0, Max: 0, Diff: 0, Sum: 0, Workers: 5
[6.561s][debug][gc,phases      ] GC(23)         Total                     Min: 0, Avg: 681.0, Max: 896, Diff: 896, Sum: 3405, Workers: 5
[6.561s][debug][gc,phases      ] GC(23)       ResolvedMethodTable weak  Min:  0.0, Avg:  0.0, Max:  0.0, Diff:  0.0, Sum:  0.0, Workers: 5
[6.561s][debug][gc,phases      ] GC(23)         Dead                      Min: 0, Avg:  0.0, Max: 0, Diff: 0, Sum: 0, Workers: 5
[6.561s][debug][gc,phases      ] GC(23)         Total                     Min: 0, Avg: 114.6, Max: 189, Diff: 189, Sum: 573, Workers: 5
[6.561s][debug][gc,phases      ] GC(23)     Merge Per-Thread State: 0.0ms
[6.561s][debug][gc,phases      ] GC(23)       Copied Bytes              Min: 264, Avg: 62601.0, Max: 121128, Diff: 120864, Sum: 500808, Workers: 8
[6.561s][debug][gc,phases      ] GC(23)       LAB Waste                 Min: 0, Avg: 66.0, Max: 152, Diff: 152, Sum: 528, Workers: 8
[6.561s][debug][gc,phases      ] GC(23)       LAB Undo Waste            Min: 0, Avg:  0.0, Max: 0, Diff: 0, Sum: 0, Workers: 8
[6.561s][debug][gc,phases      ] GC(23)     Code Roots Purge: 0.0ms
[6.561s][debug][gc,phases      ] GC(23)     Redirty Cards: 0.0ms
[6.561s][debug][gc,phases      ] GC(23)     DerivedPointerTable Update: 0.0ms
[6.561s][debug][gc,phases      ] GC(23)     Free Collection Set: 0.1ms
[6.561s][debug][gc,phases      ] GC(23)     Rebuild Free List: 0.1ms
[6.561s][debug][gc,phases      ] GC(23)     Humongous Reclaim: 0.0ms
[6.561s][debug][gc,phases      ] GC(23)     Start New Collection Set: 0.0ms
[6.561s][debug][gc,phases      ] GC(23)     Resize TLABs: 0.0ms
[6.561s][debug][gc,phases      ] GC(23)     Expand Heap After Collection: 0.0ms
[6.561s][info ][gc,phases      ] GC(23)   Other: 0.4ms
[6.561s][info ][gc,heap        ] GC(23) Eden regions: 165->0(165)
[6.561s][info ][gc,heap        ] GC(23) Survivor regions: 1->1(21)
[6.561s][info ][gc,heap        ] GC(23) Old regions: 7->7
[6.561s][info ][gc,heap        ] GC(23) Archive regions: 2->2
[6.561s][info ][gc,heap        ] GC(23) Humongous regions: 0->0
[6.561s][info ][gc,metaspace   ] GC(23) Metaspace: 9938K(10624K)->9938K(10624K) NonClass: 8787K(9216K)->8787K(9216K) Class: 1150K(1408K)->1150K(1408K)
[6.561s][debug][gc,heap        ] GC(23) Heap after GC invocations=24 (full 1): garbage-first heap   total 283648K, used 4299K [0x0000000700000000, 0x0000000800000000)
[6.561s][debug][gc,heap        ] GC(23)   region size 1024K, 1 young (1024K), 1 survivors (1024K)
[6.561s][debug][gc,heap        ] GC(23)  Metaspace       used 9938K, capacity 10240K, committed 10624K, reserved 1058816K
[6.561s][debug][gc,heap        ] GC(23)   class space    used 1150K, capacity 1266K, committed 1408K, reserved 1048576K
[6.561s][info ][gc             ] GC(23) Pause Young (Normal) (G1 Evacuation Pause) 169M->4M(277M) 1.892ms
[6.561s][info ][gc,cpu         ] GC(23) User=0.00s Sys=0.01s Real=0.00s
[6.561s][info ][safepoint      ] Safepoint "G1CollectForAllocation", Time since last: 122454353 ns, Reaching safepoint: 143255 ns, At safepoint: 2319296 ns, Total: 2462551 ns
[6.686s][debug][gc,heap        ] GC(24) Heap before GC invocations=24 (full 1): garbage-first heap   total 283648K, used 173259K [0x0000000700000000, 0x0000000800000000)
[6.686s][debug][gc,heap        ] GC(24)   region size 1024K, 166 young (169984K), 1 survivors (1024K)
[6.686s][debug][gc,heap        ] GC(24)  Metaspace       used 9968K, capacity 10240K, committed 10624K, reserved 1058816K
[6.686s][debug][gc,heap        ] GC(24)   class space    used 1150K, capacity 1266K, committed 1408K, reserved 1048576K
[6.686s][info ][gc,start       ] GC(24) Pause Young (Normal) (G1 Evacuation Pause)
[6.686s][info ][gc,task        ] GC(24) Using 8 workers of 8 for evacuation
[6.686s][debug][gc,tlab        ] GC(24) TLAB totals: thrds: 11  refills: 711 max: 94 slow allocs: 15 max 15 waste:  1.1% gc: 1513184B max: 524096B slow: 410696B max: 54416B fast: 0B max: 0B
[6.686s][debug][gc,age         ] GC(24) Desired survivor size 11010048 bytes, new threshold 15 (max threshold 15)
[6.686s][debug][gc,alloc,region] GC(24) Mutator Allocation stats, regions: 165, wasted size: 0B ( 0.0%)
[6.686s][debug][gc,ergo        ] GC(24) Running G1 Merge Heap Roots using 8 workers for 166 regions
[6.686s][debug][gc,remset      ] GC(24) Visited cards 3840 Total dirty 16384 (23.44%) Total old 698368 (0.55%)
[6.687s][debug][gc,ergo        ] GC(24) Running G1 Clear Card Table Task using 1 workers for 1 units of work for 174 regions.
[6.687s][debug][gc,ref         ] GC(24) Skipped phase1 of Reference Processing due to unavailable references
[6.687s][debug][gc,ref         ] GC(24) Skipped phase3 of Reference Processing due to unavailable references
[6.687s][debug][gc,ergo        ] GC(24) Running G1 Free Collection Set using 8 workers for collection set length 166 (277)
[6.687s][debug][gc,ergo        ] GC(24) Running G1 Rebuild Free List Task using 8 workers for rebuilding free list of 0 (4096) regions
[6.687s][trace][gc,age         ] GC(24) Age table with threshold 15 (max threshold 15)
[6.687s][trace][gc,age         ] GC(24) - age   1:     244016 bytes,     244016 total
[6.687s][trace][gc,age         ] GC(24) - age   2:      81904 bytes,     325920 total
[6.687s][trace][gc,age         ] GC(24) - age   3:      81032 bytes,     406952 total
[6.687s][trace][gc,age         ] GC(24) - age   4:      81304 bytes,     488256 total
[6.687s][trace][gc,age         ] GC(24) - age   5:       3224 bytes,     491480 total
[6.687s][trace][gc,age         ] GC(24) - age   6:         96 bytes,     491576 total
[6.687s][trace][gc,age         ] GC(24) - age   8:      81760 bytes,     573336 total
[6.687s][trace][gc,age         ] GC(24) - age   9:     169328 bytes,     742664 total
[6.687s][debug][gc,plab        ] GC(24) Young PLAB allocation: allocated: 55728B, wasted: 632B, unused: 5688B, used: 49408B, undo waste: 0B, 
[6.687s][debug][gc,plab        ] GC(24) Young other allocation: region end waste: 0B, regions filled: 1, direct allocated: 693256B, failure used: 0B, failure wasted: 0B
[6.687s][debug][gc,plab        ] GC(24) Young sizing: calculated: 9880B, actual: 9232B
[6.687s][debug][gc,plab        ] GC(24) Old PLAB allocation: allocated: 0B, wasted: 0B, unused: 0B, used: 0B, undo waste: 0B, 
[6.687s][debug][gc,plab        ] GC(24) Old other allocation: region end waste: 0B, regions filled: 1, direct allocated: 0B, failure used: 0B, failure wasted: 0B
[6.687s][debug][gc,plab        ] GC(24) Old sizing: calculated: 0B, actual: 2064B
[6.687s][debug][gc,ihop        ] GC(24) Basic information (value update), threshold: 130704998B (45.00), target occupancy: 290455552B, current occupancy: 4643088B, recent allocation size: 0B, recent allocation duration: 125.72ms, recent old gen allocation rate: 0.00B/s, recent marking phase length: 0.00ms
[6.687s][debug][gc,ihop        ] GC(24) Adaptive IHOP information (value update), threshold: 130704998B (47.37), internal target occupancy: 275932774B, occupancy: 4643088B, additional buffer size: 174063616B, predicted old gen allocation rate: 59465.92B/s, predicted marking phase length: 0.00ms, prediction active: false
[6.687s][debug][gc,ergo,refine ] GC(24) Concurrent refinement times: Logged Cards Scan time goal: 20.00ms Logged Cards Scan time: 0.04ms HCC time: 0.00ms
[6.687s][debug][gc,ergo,refine ] GC(24) Updated Refinement Zones: green: 2048, yellow: 6144, red: 10240
[6.687s][info ][gc,phases      ] GC(24)   Pre Evacuate Collection Set: 0.1ms
[6.687s][debug][gc,phases      ] GC(24)     Prepare TLABs: 0.0ms
[6.687s][debug][gc,phases      ] GC(24)     Choose Collection Set: 0.0ms
[6.687s][debug][gc,phases      ] GC(24)     Region Register: 0.1ms
[6.687s][debug][gc,phases      ] GC(24)     Prepare Heap Roots: 0.0ms
[6.687s][info ][gc,phases      ] GC(24)   Merge Heap Roots: 0.2ms
[6.687s][debug][gc,phases      ] GC(24)     Prepare Merge Heap Roots: 0.0ms
[6.687s][debug][gc,phases      ] GC(24)     Eager Reclaim (ms):       skipped
[6.687s][debug][gc,phases      ] GC(24)     Remembered Sets (ms):     Min:  0.0, Avg:  0.0, Max:  0.0, Diff:  0.0, Sum:  0.2, Workers: 8
[6.687s][debug][gc,phases      ] GC(24)       Merged Sparse:            Min: 0, Avg:  0.0, Max: 0, Diff: 0, Sum: 0, Workers: 8
[6.687s][debug][gc,phases      ] GC(24)       Merged Fine:              Min: 0, Avg:  0.0, Max: 0, Diff: 0, Sum: 0, Workers: 8
[6.687s][debug][gc,phases      ] GC(24)       Merged Coarse:            Min: 0, Avg:  0.0, Max: 0, Diff: 0, Sum: 0, Workers: 8
[6.687s][debug][gc,phases      ] GC(24)       Dirty Cards:              Min: 0, Avg:  0.0, Max: 0, Diff: 0, Sum: 0, Workers: 8
[6.687s][debug][gc,phases      ] GC(24)     Hot Card Cache (ms):      Min:  0.0, Avg:  0.0, Max:  0.0, Diff:  0.0, Sum:  0.0, Workers: 8
[6.687s][debug][gc,phases      ] GC(24)       Dirty Cards:              Min: 0, Avg:  0.0, Max: 0, Diff: 0, Sum: 0, Workers: 8
[6.687s][debug][gc,phases      ] GC(24)       Skipped Cards:            Min: 0, Avg:  0.0, Max: 0, Diff: 0, Sum: 0, Workers: 8
[6.687s][debug][gc,phases      ] GC(24)     Log Buffers (ms):         Min:  0.0, Avg:  0.0, Max:  0.0, Diff:  0.0, Sum:  0.1, Workers: 8
[6.687s][debug][gc,phases      ] GC(24)       Dirty Cards:              Min: 0, Avg:  8.5, Max: 26, Diff: 26, Sum: 68, Workers: 8
[6.687s][debug][gc,phases      ] GC(24)       Skipped Cards:            Min: 0, Avg:  0.0, Max: 0, Diff: 0, Sum: 0, Workers: 8
[6.687s][info ][gc,phases      ] GC(24)   Evacuate Collection Set: 0.2ms
[6.687s][debug][gc,phases      ] GC(24)     Ext Root Scanning (ms):   Min:  0.0, Avg:  0.0, Max:  0.1, Diff:  0.1, Sum:  0.3, Workers: 8
[6.687s][debug][gc,phases      ] GC(24)     Scan Heap Roots (ms):     Min:  0.0, Avg:  0.0, Max:  0.1, Diff:  0.1, Sum:  0.2, Workers: 8
[6.687s][debug][gc,phases      ] GC(24)       Scanned Cards:            Min: 0, Avg:  7.4, Max: 15, Diff: 15, Sum: 59, Workers: 8
[6.687s][debug][gc,phases      ] GC(24)       Scanned Blocks:           Min: 0, Avg:  5.8, Max: 12, Diff: 12, Sum: 46, Workers: 8
[6.687s][debug][gc,phases      ] GC(24)       Claimed Chunks:           Min: 0, Avg:  1.9, Max: 4, Diff: 4, Sum: 15, Workers: 8
[6.687s][debug][gc,phases      ] GC(24)     Code Root Scan (ms):      Min:  0.0, Avg:  0.0, Max:  0.0, Diff:  0.0, Sum:  0.1, Workers: 8
[6.687s][debug][gc,phases      ] GC(24)     Object Copy (ms):         Min:  0.0, Avg:  0.1, Max:  0.1, Diff:  0.1, Sum:  0.6, Workers: 8
[6.687s][debug][gc,phases      ] GC(24)     Termination (ms):         Min:  0.0, Avg:  0.1, Max:  0.1, Diff:  0.0, Sum:  0.4, Workers: 8
[6.687s][debug][gc,phases      ] GC(24)       Termination Attempts:     Min: 1, Avg:  1.0, Max: 1, Diff: 0, Sum: 8, Workers: 8
[6.687s][debug][gc,phases      ] GC(24)     GC Worker Other (ms):     Min:  0.0, Avg:  0.0, Max:  0.0, Diff:  0.0, Sum:  0.1, Workers: 8
[6.687s][debug][gc,phases      ] GC(24)     GC Worker Total (ms):     Min:  0.2, Avg:  0.2, Max:  0.2, Diff:  0.0, Sum:  1.7, Workers: 8
[6.687s][info ][gc,phases      ] GC(24)   Post Evacuate Collection Set: 0.4ms
[6.687s][debug][gc,phases      ] GC(24)     Code Roots Fixup: 0.0ms
[6.687s][debug][gc,phases      ] GC(24)     Clear Card Table: 0.1ms
[6.688s][debug][gc,phases      ] GC(24)     Reference Processing: 0.0ms
[6.688s][debug][gc,phases,ref  ] GC(24)       Reconsider SoftReferences: 0.0ms
[6.688s][debug][gc,phases,ref  ] GC(24)         SoftRef (ms):             skipped
[6.688s][debug][gc,phases,ref  ] GC(24)       Notify Soft/WeakReferences: 0.0ms
[6.688s][debug][gc,phases,ref  ] GC(24)         SoftRef (ms):             Min:  0.0, Avg:  0.0, Max:  0.0, Diff:  0.0, Sum:  0.0, Workers: 1
[6.688s][debug][gc,phases,ref  ] GC(24)         WeakRef (ms):             Min:  0.0, Avg:  0.0, Max:  0.0, Diff:  0.0, Sum:  0.0, Workers: 1
[6.688s][debug][gc,phases,ref  ] GC(24)         FinalRef (ms):            Min:  0.0, Avg:  0.0, Max:  0.0, Diff:  0.0, Sum:  0.0, Workers: 1
[6.688s][debug][gc,phases,ref  ] GC(24)         Total (ms):               Min:  0.0, Avg:  0.0, Max:  0.0, Diff:  0.0, Sum:  0.0, Workers: 1
[6.688s][debug][gc,phases,ref  ] GC(24)       Notify and keep alive finalizable: 0.0ms
[6.688s][debug][gc,phases,ref  ] GC(24)         FinalRef (ms):            skipped
[6.688s][debug][gc,phases,ref  ] GC(24)       Notify PhantomReferences: 0.0ms
[6.688s][debug][gc,phases,ref  ] GC(24)         PhantomRef (ms):          Min:  0.0, Avg:  0.0, Max:  0.0, Diff:  0.0, Sum:  0.0, Workers: 1
[6.688s][debug][gc,phases,ref  ] GC(24)       SoftReference:
[6.688s][debug][gc,phases,ref  ] GC(24)         Discovered: 0
[6.688s][debug][gc,phases,ref  ] GC(24)         Cleared: 0
[6.688s][debug][gc,phases,ref  ] GC(24)       WeakReference:
[6.688s][debug][gc,phases,ref  ] GC(24)         Discovered: 28
[6.688s][debug][gc,phases,ref  ] GC(24)         Cleared: 26
[6.688s][debug][gc,phases,ref  ] GC(24)       FinalReference:
[6.688s][debug][gc,phases,ref  ] GC(24)         Discovered: 0
[6.688s][debug][gc,phases,ref  ] GC(24)         Cleared: 0
[6.688s][debug][gc,phases,ref  ] GC(24)       PhantomReference:
[6.688s][debug][gc,phases,ref  ] GC(24)         Discovered: 26
[6.688s][debug][gc,phases,ref  ] GC(24)         Cleared: 26
[6.688s][debug][gc,phases      ] GC(24)     Weak Processing: 0.1ms
[6.688s][debug][gc,phases      ] GC(24)       JVMTI weak processing: 0.0ms
[6.688s][debug][gc,phases      ] GC(24)         Dead: 0
[6.688s][debug][gc,phases      ] GC(24)         Total: 0
[6.688s][debug][gc,phases      ] GC(24)       JFR weak processing: 0.0ms
[6.688s][debug][gc,phases      ] GC(24)         Dead: 0
[6.688s][debug][gc,phases      ] GC(24)         Total: 0
[6.688s][debug][gc,phases      ] GC(24)       JNI weak                  Min:  0.0, Avg:  0.0, Max:  0.0, Diff:  0.0, Sum:  0.0, Workers: 5
[6.688s][debug][gc,phases      ] GC(24)         Dead                      Min: 0, Avg:  0.0, Max: 0, Diff: 0, Sum: 0, Workers: 5
[6.688s][debug][gc,phases      ] GC(24)         Total                     Min: 0, Avg: 19.8, Max: 52, Diff: 52, Sum: 99, Workers: 5
[6.688s][debug][gc,phases      ] GC(24)       VM weak                   Min:  0.0, Avg:  0.0, Max:  0.0, Diff:  0.0, Sum:  0.0, Workers: 5
[6.688s][debug][gc,phases      ] GC(24)         Dead                      Min: 0, Avg:  0.0, Max: 0, Diff: 0, Sum: 0, Workers: 5
[6.688s][debug][gc,phases      ] GC(24)         Total                     Min: 0, Avg: 42.4, Max: 84, Diff: 84, Sum: 212, Workers: 5
[6.688s][debug][gc,phases      ] GC(24)       StringTable weak          Min:  0.0, Avg:  0.0, Max:  0.0, Diff:  0.0, Sum:  0.1, Workers: 5
[6.688s][debug][gc,phases      ] GC(24)         Dead                      Min: 0, Avg:  0.0, Max: 0, Diff: 0, Sum: 0, Workers: 5
[6.688s][debug][gc,phases      ] GC(24)         Total                     Min: 384, Avg: 681.6, Max: 832, Diff: 448, Sum: 3408, Workers: 5
[6.688s][debug][gc,phases      ] GC(24)       ResolvedMethodTable weak  Min:  0.0, Avg:  0.0, Max:  0.0, Diff:  0.0, Sum:  0.0, Workers: 5
[6.688s][debug][gc,phases      ] GC(24)         Dead                      Min: 0, Avg:  0.0, Max: 0, Diff: 0, Sum: 0, Workers: 5
[6.688s][debug][gc,phases      ] GC(24)         Total                     Min: 0, Avg: 114.6, Max: 189, Diff: 189, Sum: 573, Workers: 5
[6.688s][debug][gc,phases      ] GC(24)     Merge Per-Thread State: 0.0ms
[6.688s][debug][gc,phases      ] GC(24)       Copied Bytes              Min: 39976, Avg: 92833.0, Max: 162664, Diff: 122688, Sum: 742664, Workers: 8
[6.688s][debug][gc,phases      ] GC(24)       LAB Waste                 Min: 0, Avg: 79.0, Max: 216, Diff: 216, Sum: 632, Workers: 8
[6.688s][debug][gc,phases      ] GC(24)       LAB Undo Waste            Min: 0, Avg:  0.0, Max: 0, Diff: 0, Sum: 0, Workers: 8
[6.688s][debug][gc,phases      ] GC(24)     Code Roots Purge: 0.0ms
[6.688s][debug][gc,phases      ] GC(24)     Redirty Cards: 0.0ms
[6.688s][debug][gc,phases      ] GC(24)     DerivedPointerTable Update: 0.0ms
[6.688s][debug][gc,phases      ] GC(24)     Free Collection Set: 0.1ms
[6.688s][debug][gc,phases      ] GC(24)     Rebuild Free List: 0.0ms
[6.688s][debug][gc,phases      ] GC(24)     Humongous Reclaim: 0.0ms
[6.688s][debug][gc,phases      ] GC(24)     Start New Collection Set: 0.0ms
[6.688s][debug][gc,phases      ] GC(24)     Resize TLABs: 0.0ms
[6.688s][debug][gc,phases      ] GC(24)     Expand Heap After Collection: 0.0ms
[6.688s][info ][gc,phases      ] GC(24)   Other: 0.4ms
[6.688s][info ][gc,heap        ] GC(24) Eden regions: 165->0(165)
[6.688s][info ][gc,heap        ] GC(24) Survivor regions: 1->1(21)
[6.688s][info ][gc,heap        ] GC(24) Old regions: 7->7
[6.688s][info ][gc,heap        ] GC(24) Archive regions: 2->2
[6.688s][info ][gc,heap        ] GC(24) Humongous regions: 0->0
[6.688s][info ][gc,metaspace   ] GC(24) Metaspace: 9968K(10624K)->9968K(10624K) NonClass: 8818K(9216K)->8818K(9216K) Class: 1150K(1408K)->1150K(1408K)
[6.688s][debug][gc,heap        ] GC(24) Heap after GC invocations=25 (full 1): garbage-first heap   total 283648K, used 4534K [0x0000000700000000, 0x0000000800000000)
[6.688s][debug][gc,heap        ] GC(24)   region size 1024K, 1 young (1024K), 1 survivors (1024K)
[6.688s][debug][gc,heap        ] GC(24)  Metaspace       used 9968K, capacity 10240K, committed 10624K, reserved 1058816K
[6.688s][debug][gc,heap        ] GC(24)   class space    used 1150K, capacity 1266K, committed 1408K, reserved 1048576K
[6.688s][info ][gc             ] GC(24) Pause Young (Normal) (G1 Evacuation Pause) 169M->4M(277M) 1.845ms
[6.688s][info ][gc,cpu         ] GC(24) User=0.00s Sys=0.01s Real=0.00s
[6.688s][info ][safepoint      ] Safepoint "G1CollectForAllocation", Time since last: 124352914 ns, Reaching safepoint: 217533 ns, At safepoint: 2036803 ns, Total: 2254336 ns
[6.813s][debug][gc,heap        ] GC(25) Heap before GC invocations=25 (full 1): garbage-first heap   total 283648K, used 172470K [0x0000000700000000, 0x0000000800000000)
[6.813s][debug][gc,heap        ] GC(25)   region size 1024K, 166 young (169984K), 1 survivors (1024K)
[6.813s][debug][gc,heap        ] GC(25)  Metaspace       used 9968K, capacity 10240K, committed 10624K, reserved 1058816K
[6.813s][debug][gc,heap        ] GC(25)   class space    used 1150K, capacity 1266K, committed 1408K, reserved 1048576K
[6.813s][info ][gc,start       ] GC(25) Pause Young (Normal) (G1 Evacuation Pause)
[6.813s][info ][gc,task        ] GC(25) Using 8 workers of 8 for evacuation
[6.813s][debug][gc,tlab        ] GC(25) TLAB totals: thrds: 11  refills: 663 max: 86 slow allocs: 0 max 0 waste:  1.0% gc: 1296856B max: 308592B slow: 380944B max: 50008B fast: 0B max: 0B
[6.813s][debug][gc,age         ] GC(25) Desired survivor size 11010048 bytes, new threshold 15 (max threshold 15)
[6.813s][debug][gc,alloc,region] GC(25) Mutator Allocation stats, regions: 165, wasted size: 0B ( 0.0%)
[6.813s][debug][gc,ergo        ] GC(25) Running G1 Merge Heap Roots using 8 workers for 166 regions
[6.813s][debug][gc,remset      ] GC(25) Visited cards 3584 Total dirty 16384 (21.88%) Total old 698368 (0.51%)
[6.814s][debug][gc,ergo        ] GC(25) Running G1 Clear Card Table Task using 1 workers for 1 units of work for 174 regions.
[6.814s][debug][gc,ref         ] GC(25) Skipped phase1 of Reference Processing due to unavailable references
[6.814s][debug][gc,ref         ] GC(25) Skipped phase3 of Reference Processing due to unavailable references
[6.814s][debug][gc,ergo        ] GC(25) Running G1 Free Collection Set using 8 workers for collection set length 166 (277)
[6.814s][debug][gc,ergo        ] GC(25) Running G1 Rebuild Free List Task using 8 workers for rebuilding free list of 0 (4096) regions
[6.814s][trace][gc,age         ] GC(25) Age table with threshold 15 (max threshold 15)
[6.814s][trace][gc,age         ] GC(25) - age   1:       2288 bytes,       2288 total
[6.814s][trace][gc,age         ] GC(25) - age   2:     242912 bytes,     245200 total
[6.814s][trace][gc,age         ] GC(25) - age   3:      81904 bytes,     327104 total
[6.814s][trace][gc,age         ] GC(25) - age   4:      81032 bytes,     408136 total
[6.814s][trace][gc,age         ] GC(25) - age   5:      81304 bytes,     489440 total
[6.814s][trace][gc,age         ] GC(25) - age   6:       3224 bytes,     492664 total
[6.814s][trace][gc,age         ] GC(25) - age   7:         32 bytes,     492696 total
[6.814s][trace][gc,age         ] GC(25) - age   9:      81760 bytes,     574456 total
[6.814s][trace][gc,age         ] GC(25) - age  10:     169328 bytes,     743784 total
[6.814s][debug][gc,plab        ] GC(25) Young PLAB allocation: allocated: 59856B, wasted: 744B, unused: 6816B, used: 52296B, undo waste: 0B, 
[6.814s][debug][gc,plab        ] GC(25) Young other allocation: region end waste: 0B, regions filled: 1, direct allocated: 691488B, failure used: 0B, failure wasted: 0B
[6.814s][debug][gc,plab        ] GC(25) Young sizing: calculated: 10456B, actual: 10144B
[6.814s][debug][gc,plab        ] GC(25) Old PLAB allocation: allocated: 0B, wasted: 0B, unused: 0B, used: 0B, undo waste: 0B, 
[6.814s][debug][gc,plab        ] GC(25) Old other allocation: region end waste: 0B, regions filled: 1, direct allocated: 0B, failure used: 0B, failure wasted: 0B
[6.814s][debug][gc,plab        ] GC(25) Old sizing: calculated: 0B, actual: 2064B
[6.814s][debug][gc,ihop        ] GC(25) Basic information (value update), threshold: 130704998B (45.00), target occupancy: 290455552B, current occupancy: 4645448B, recent allocation size: 0B, recent allocation duration: 126.16ms, recent old gen allocation rate: 0.00B/s, recent marking phase length: 0.00ms
[6.814s][debug][gc,ihop        ] GC(25) Adaptive IHOP information (value update), threshold: 130704998B (47.37), internal target occupancy: 275932774B, occupancy: 4645448B, additional buffer size: 174063616B, predicted old gen allocation rate: 57557.86B/s, predicted marking phase length: 0.00ms, prediction active: false
[6.814s][debug][gc,ergo,refine ] GC(25) Concurrent refinement times: Logged Cards Scan time goal: 20.00ms Logged Cards Scan time: 0.02ms HCC time: 0.00ms
[6.814s][debug][gc,ergo,refine ] GC(25) Updated Refinement Zones: green: 2048, yellow: 6144, red: 10240
[6.814s][info ][gc,phases      ] GC(25)   Pre Evacuate Collection Set: 0.1ms
[6.814s][debug][gc,phases      ] GC(25)     Prepare TLABs: 0.0ms
[6.814s][debug][gc,phases      ] GC(25)     Choose Collection Set: 0.0ms
[6.814s][debug][gc,phases      ] GC(25)     Region Register: 0.1ms
[6.814s][debug][gc,phases      ] GC(25)     Prepare Heap Roots: 0.0ms
[6.814s][info ][gc,phases      ] GC(25)   Merge Heap Roots: 0.1ms
[6.814s][debug][gc,phases      ] GC(25)     Prepare Merge Heap Roots: 0.0ms
[6.814s][debug][gc,phases      ] GC(25)     Eager Reclaim (ms):       skipped
[6.814s][debug][gc,phases      ] GC(25)     Remembered Sets (ms):     Min:  0.0, Avg:  0.0, Max:  0.0, Diff:  0.0, Sum:  0.1, Workers: 8
[6.814s][debug][gc,phases      ] GC(25)       Merged Sparse:            Min: 0, Avg:  0.0, Max: 0, Diff: 0, Sum: 0, Workers: 8
[6.814s][debug][gc,phases      ] GC(25)       Merged Fine:              Min: 0, Avg:  0.0, Max: 0, Diff: 0, Sum: 0, Workers: 8
[6.814s][debug][gc,phases      ] GC(25)       Merged Coarse:            Min: 0, Avg:  0.0, Max: 0, Diff: 0, Sum: 0, Workers: 8
[6.814s][debug][gc,phases      ] GC(25)       Dirty Cards:              Min: 0, Avg:  0.0, Max: 0, Diff: 0, Sum: 0, Workers: 8
[6.814s][debug][gc,phases      ] GC(25)     Hot Card Cache (ms):      Min:  0.0, Avg:  0.0, Max:  0.0, Diff:  0.0, Sum:  0.0, Workers: 8
[6.814s][debug][gc,phases      ] GC(25)       Dirty Cards:              Min: 0, Avg:  0.0, Max: 0, Diff: 0, Sum: 0, Workers: 8
[6.814s][debug][gc,phases      ] GC(25)       Skipped Cards:            Min: 0, Avg:  0.0, Max: 0, Diff: 0, Sum: 0, Workers: 8
[6.814s][debug][gc,phases      ] GC(25)     Log Buffers (ms):         Min:  0.0, Avg:  0.0, Max:  0.0, Diff:  0.0, Sum:  0.0, Workers: 8
[6.814s][debug][gc,phases      ] GC(25)       Dirty Cards:              Min: 0, Avg:  7.0, Max: 19, Diff: 19, Sum: 56, Workers: 8
[6.814s][debug][gc,phases      ] GC(25)       Skipped Cards:            Min: 0, Avg:  0.0, Max: 0, Diff: 0, Sum: 0, Workers: 8
[6.814s][info ][gc,phases      ] GC(25)   Evacuate Collection Set: 0.3ms
[6.814s][debug][gc,phases      ] GC(25)     Ext Root Scanning (ms):   Min:  0.0, Avg:  0.1, Max:  0.2, Diff:  0.2, Sum:  0.5, Workers: 8
[6.814s][debug][gc,phases      ] GC(25)     Scan Heap Roots (ms):     Min:  0.0, Avg:  0.0, Max:  0.1, Diff:  0.1, Sum:  0.2, Workers: 8
[6.814s][debug][gc,phases      ] GC(25)       Scanned Cards:            Min: 0, Avg:  6.4, Max: 14, Diff: 14, Sum: 51, Workers: 8
[6.814s][debug][gc,phases      ] GC(25)       Scanned Blocks:           Min: 0, Avg:  4.9, Max: 11, Diff: 11, Sum: 39, Workers: 8
[6.814s][debug][gc,phases      ] GC(25)       Claimed Chunks:           Min: 0, Avg:  1.8, Max: 4, Diff: 4, Sum: 14, Workers: 8
[6.814s][debug][gc,phases      ] GC(25)     Code Root Scan (ms):      Min:  0.0, Avg:  0.0, Max:  0.0, Diff:  0.0, Sum:  0.1, Workers: 8
[6.814s][debug][gc,phases      ] GC(25)     Object Copy (ms):         Min:  0.0, Avg:  0.1, Max:  0.1, Diff:  0.1, Sum:  0.7, Workers: 8
[6.814s][debug][gc,phases      ] GC(25)     Termination (ms):         Min:  0.0, Avg:  0.0, Max:  0.0, Diff:  0.0, Sum:  0.3, Workers: 8
[6.814s][debug][gc,phases      ] GC(25)       Termination Attempts:     Min: 1, Avg:  1.0, Max: 1, Diff: 0, Sum: 8, Workers: 8
[6.814s][debug][gc,phases      ] GC(25)     GC Worker Other (ms):     Min:  0.0, Avg:  0.0, Max:  0.0, Diff:  0.0, Sum:  0.2, Workers: 8
[6.814s][debug][gc,phases      ] GC(25)     GC Worker Total (ms):     Min:  0.2, Avg:  0.2, Max:  0.3, Diff:  0.1, Sum:  2.0, Workers: 8
[6.814s][info ][gc,phases      ] GC(25)   Post Evacuate Collection Set: 0.3ms
[6.815s][debug][gc,phases      ] GC(25)     Code Roots Fixup: 0.0ms
[6.815s][debug][gc,phases      ] GC(25)     Clear Card Table: 0.1ms
[6.815s][debug][gc,phases      ] GC(25)     Reference Processing: 0.0ms
[6.815s][debug][gc,phases,ref  ] GC(25)       Reconsider SoftReferences: 0.0ms
[6.815s][debug][gc,phases,ref  ] GC(25)         SoftRef (ms):             skipped
[6.815s][debug][gc,phases,ref  ] GC(25)       Notify Soft/WeakReferences: 0.0ms
[6.815s][debug][gc,phases,ref  ] GC(25)         SoftRef (ms):             Min:  0.0, Avg:  0.0, Max:  0.0, Diff:  0.0, Sum:  0.0, Workers: 1
[6.815s][debug][gc,phases,ref  ] GC(25)         WeakRef (ms):             Min:  0.0, Avg:  0.0, Max:  0.0, Diff:  0.0, Sum:  0.0, Workers: 1
[6.815s][debug][gc,phases,ref  ] GC(25)         FinalRef (ms):            Min:  0.0, Avg:  0.0, Max:  0.0, Diff:  0.0, Sum:  0.0, Workers: 1
[6.815s][debug][gc,phases,ref  ] GC(25)         Total (ms):               Min:  0.0, Avg:  0.0, Max:  0.0, Diff:  0.0, Sum:  0.0, Workers: 1
[6.815s][debug][gc,phases,ref  ] GC(25)       Notify and keep alive finalizable: 0.0ms
[6.815s][debug][gc,phases,ref  ] GC(25)         FinalRef (ms):            skipped
[6.815s][debug][gc,phases,ref  ] GC(25)       Notify PhantomReferences: 0.0ms
[6.815s][debug][gc,phases,ref  ] GC(25)         PhantomRef (ms):          Min:  0.0, Avg:  0.0, Max:  0.0, Diff:  0.0, Sum:  0.0, Workers: 1
[6.815s][debug][gc,phases,ref  ] GC(25)       SoftReference:
[6.815s][debug][gc,phases,ref  ] GC(25)         Discovered: 0
[6.815s][debug][gc,phases,ref  ] GC(25)         Cleared: 0
[6.815s][debug][gc,phases,ref  ] GC(25)       WeakReference:
[6.815s][debug][gc,phases,ref  ] GC(25)         Discovered: 12
[6.815s][debug][gc,phases,ref  ] GC(25)         Cleared: 11
[6.815s][debug][gc,phases,ref  ] GC(25)       FinalReference:
[6.815s][debug][gc,phases,ref  ] GC(25)         Discovered: 0
[6.815s][debug][gc,phases,ref  ] GC(25)         Cleared: 0
[6.815s][debug][gc,phases,ref  ] GC(25)       PhantomReference:
[6.815s][debug][gc,phases,ref  ] GC(25)         Discovered: 25
[6.815s][debug][gc,phases,ref  ] GC(25)         Cleared: 25
[6.815s][debug][gc,phases      ] GC(25)     Weak Processing: 0.1ms
[6.815s][debug][gc,phases      ] GC(25)       JVMTI weak processing: 0.0ms
[6.815s][debug][gc,phases      ] GC(25)         Dead: 0
[6.815s][debug][gc,phases      ] GC(25)         Total: 0
[6.815s][debug][gc,phases      ] GC(25)       JFR weak processing: 0.0ms
[6.815s][debug][gc,phases      ] GC(25)         Dead: 0
[6.815s][debug][gc,phases      ] GC(25)         Total: 0
[6.815s][debug][gc,phases      ] GC(25)       JNI weak                  Min:  0.0, Avg:  0.0, Max:  0.0, Diff:  0.0, Sum:  0.0, Workers: 5
[6.815s][debug][gc,phases      ] GC(25)         Dead                      Min: 0, Avg:  0.0, Max: 0, Diff: 0, Sum: 0, Workers: 5
[6.815s][debug][gc,phases      ] GC(25)         Total                     Min: 0, Avg: 19.8, Max: 52, Diff: 52, Sum: 99, Workers: 5
[6.815s][debug][gc,phases      ] GC(25)       VM weak                   Min:  0.0, Avg:  0.0, Max:  0.0, Diff:  0.0, Sum:  0.0, Workers: 5
[6.815s][debug][gc,phases      ] GC(25)         Dead                      Min: 0, Avg:  0.0, Max: 0, Diff: 0, Sum: 0, Workers: 5
[6.815s][debug][gc,phases      ] GC(25)         Total                     Min: 0, Avg: 42.4, Max: 148, Diff: 148, Sum: 212, Workers: 5
[6.815s][debug][gc,phases      ] GC(25)       StringTable weak          Min:  0.0, Avg:  0.0, Max:  0.0, Diff:  0.0, Sum:  0.1, Workers: 5
[6.815s][debug][gc,phases      ] GC(25)         Dead                      Min: 0, Avg:  0.0, Max: 0, Diff: 0, Sum: 0, Workers: 5
[6.815s][debug][gc,phases      ] GC(25)         Total                     Min: 512, Avg: 681.6, Max: 768, Diff: 256, Sum: 3408, Workers: 5
[6.815s][debug][gc,phases      ] GC(25)       ResolvedMethodTable weak  Min:  0.0, Avg:  0.0, Max:  0.0, Diff:  0.0, Sum:  0.0, Workers: 5
[6.815s][debug][gc,phases      ] GC(25)         Dead                      Min: 0, Avg:  0.0, Max: 0, Diff: 0, Sum: 0, Workers: 5
[6.815s][debug][gc,phases      ] GC(25)         Total                     Min: 0, Avg: 114.6, Max: 189, Diff: 189, Sum: 573, Workers: 5
[6.815s][debug][gc,phases      ] GC(25)     Merge Per-Thread State: 0.0ms
[6.815s][debug][gc,phases      ] GC(25)       Copied Bytes              Min: 1848, Avg: 92973.0, Max: 125360, Diff: 123512, Sum: 743784, Workers: 8
[6.815s][debug][gc,phases      ] GC(25)       LAB Waste                 Min: 0, Avg: 93.0, Max: 200, Diff: 200, Sum: 744, Workers: 8
[6.815s][debug][gc,phases      ] GC(25)       LAB Undo Waste            Min: 0, Avg:  0.0, Max: 0, Diff: 0, Sum: 0, Workers: 8
[6.815s][debug][gc,phases      ] GC(25)     Code Roots Purge: 0.0ms
[6.815s][debug][gc,phases      ] GC(25)     Redirty Cards: 0.0ms
[6.815s][debug][gc,phases      ] GC(25)     DerivedPointerTable Update: 0.0ms
[6.815s][debug][gc,phases      ] GC(25)     Free Collection Set: 0.1ms
[6.815s][debug][gc,phases      ] GC(25)     Rebuild Free List: 0.0ms
[6.815s][debug][gc,phases      ] GC(25)     Humongous Reclaim: 0.0ms
[6.815s][debug][gc,phases      ] GC(25)     Start New Collection Set: 0.0ms
[6.815s][debug][gc,phases      ] GC(25)     Resize TLABs: 0.0ms
[6.815s][debug][gc,phases      ] GC(25)     Expand Heap After Collection: 0.0ms
[6.815s][info ][gc,phases      ] GC(25)   Other: 0.3ms
[6.815s][info ][gc,heap        ] GC(25) Eden regions: 165->0(165)
[6.815s][info ][gc,heap        ] GC(25) Survivor regions: 1->1(21)
[6.815s][info ][gc,heap        ] GC(25) Old regions: 7->7
[6.815s][info ][gc,heap        ] GC(25) Archive regions: 2->2
[6.815s][info ][gc,heap        ] GC(25) Humongous regions: 0->0
[6.815s][info ][gc,metaspace   ] GC(25) Metaspace: 9968K(10624K)->9968K(10624K) NonClass: 8818K(9216K)->8818K(9216K) Class: 1150K(1408K)->1150K(1408K)
[6.815s][debug][gc,heap        ] GC(25) Heap after GC invocations=26 (full 1): garbage-first heap   total 283648K, used 4536K [0x0000000700000000, 0x0000000800000000)
[6.815s][debug][gc,heap        ] GC(25)   region size 1024K, 1 young (1024K), 1 survivors (1024K)
[6.815s][debug][gc,heap        ] GC(25)  Metaspace       used 9968K, capacity 10240K, committed 10624K, reserved 1058816K
[6.815s][debug][gc,heap        ] GC(25)   class space    used 1150K, capacity 1266K, committed 1408K, reserved 1048576K
[6.815s][info ][gc             ] GC(25) Pause Young (Normal) (G1 Evacuation Pause) 169M->4M(277M) 1.622ms
[6.815s][info ][gc,cpu         ] GC(25) User=0.00s Sys=0.00s Real=0.00s
[6.815s][info ][safepoint      ] Safepoint "G1CollectForAllocation", Time since last: 124934907 ns, Reaching safepoint: 221518 ns, At safepoint: 1817246 ns, Total: 2038764 ns
[7.000s][debug][gc,heap        ] GC(26) Heap before GC invocations=26 (full 1): garbage-first heap   total 283648K, used 173496K [0x0000000700000000, 0x0000000800000000)
[7.000s][debug][gc,heap        ] GC(26)   region size 1024K, 166 young (169984K), 1 survivors (1024K)
[7.000s][debug][gc,heap        ] GC(26)  Metaspace       used 10011K, capacity 10304K, committed 10624K, reserved 1058816K
[7.000s][debug][gc,heap        ] GC(26)   class space    used 1151K, capacity 1266K, committed 1408K, reserved 1048576K
[7.001s][info ][gc,start       ] GC(26) Pause Young (Normal) (G1 Evacuation Pause)
[7.001s][info ][gc,task        ] GC(26) Using 8 workers of 8 for evacuation
[7.001s][debug][gc,tlab        ] GC(26) TLAB totals: thrds: 11  refills: 727 max: 101 slow allocs: 10 max 10 waste:  1.6% gc: 2424616B max: 475104B slow: 419424B max: 58488B fast: 0B max: 0B
[7.001s][debug][gc,age         ] GC(26) Desired survivor size 11010048 bytes, new threshold 15 (max threshold 15)
[7.001s][debug][gc,alloc,region] GC(26) Mutator Allocation stats, regions: 165, wasted size: 0B ( 0.0%)
[7.001s][debug][gc,ergo        ] GC(26) Running G1 Merge Heap Roots using 8 workers for 166 regions
[7.001s][debug][gc,remset      ] GC(26) Visited cards 3840 Total dirty 16384 (23.44%) Total old 698368 (0.55%)
[7.001s][debug][gc,ergo        ] GC(26) Running G1 Clear Card Table Task using 1 workers for 1 units of work for 174 regions.
[7.001s][debug][gc,ref         ] GC(26) Skipped phase1 of Reference Processing due to unavailable references
[7.001s][debug][gc,ref         ] GC(26) Skipped phase3 of Reference Processing due to unavailable references
[7.001s][debug][gc,ergo        ] GC(26) Running G1 Free Collection Set using 8 workers for collection set length 166 (277)
[7.001s][debug][gc,ergo        ] GC(26) Running G1 Rebuild Free List Task using 8 workers for rebuilding free list of 0 (4096) regions
[7.002s][trace][gc,age         ] GC(26) Age table with threshold 15 (max threshold 15)
[7.002s][trace][gc,age         ] GC(26) - age   1:     341248 bytes,     341248 total
[7.002s][trace][gc,age         ] GC(26) - age   2:       1184 bytes,     342432 total
[7.002s][trace][gc,age         ] GC(26) - age   3:     242256 bytes,     584688 total
[7.002s][trace][gc,age         ] GC(26) - age   4:      81904 bytes,     666592 total
[7.002s][trace][gc,age         ] GC(26) - age   5:      81032 bytes,     747624 total
[7.002s][trace][gc,age         ] GC(26) - age   6:      81304 bytes,     828928 total
[7.002s][trace][gc,age         ] GC(26) - age   7:       1392 bytes,     830320 total
[7.002s][trace][gc,age         ] GC(26) - age   8:         32 bytes,     830352 total
[7.002s][trace][gc,age         ] GC(26) - age  10:      81760 bytes,     912112 total
[7.002s][trace][gc,age         ] GC(26) - age  11:     169328 bytes,    1081440 total
[7.002s][debug][gc,plab        ] GC(26) Young PLAB allocation: allocated: 90816B, wasted: 1464B, unused: 9832B, used: 79520B, undo waste: 0B, 
[7.002s][debug][gc,plab        ] GC(26) Young other allocation: region end waste: 14896B, regions filled: 2, direct allocated: 1001920B, failure used: 0B, failure wasted: 0B
[7.002s][debug][gc,plab        ] GC(26) Young sizing: calculated: 12920B, actual: 12224B
[7.002s][debug][gc,plab        ] GC(26) Old PLAB allocation: allocated: 0B, wasted: 0B, unused: 0B, used: 0B, undo waste: 0B, 
[7.002s][debug][gc,plab        ] GC(26) Old other allocation: region end waste: 0B, regions filled: 1, direct allocated: 0B, failure used: 0B, failure wasted: 0B
[7.002s][debug][gc,plab        ] GC(26) Old sizing: calculated: 0B, actual: 2064B
[7.002s][debug][gc,ergo,heap   ] GC(26) Attempt heap expansion (recent GC overhead higher than threshold after GC) recent GC overhead: 1.29 % threshold: 1.04 % uncommitted: 4004511744B base expansion amount and scale: 290455552B (20.00%)
[7.002s][debug][gc,ergo,heap   ] GC(26) Expand the heap. requested expansion amount: 58091110B expansion amount: 58720256B
[7.002s][debug][gc,ihop        ] GC(26) Target occupancy update: old: 290455552B, new: 349175808B
[7.002s][debug][gc,ihop        ] GC(26) Basic information (value update), threshold: 157129113B (45.00), target occupancy: 349175808B, current occupancy: 5001736B, recent allocation size: 0B, recent allocation duration: 186.31ms, recent old gen allocation rate: 0.00B/s, recent marking phase length: 0.00ms
[7.002s][debug][gc,ihop        ] GC(26) Adaptive IHOP information (value update), threshold: 157129113B (47.37), internal target occupancy: 331717017B, occupancy: 5001736B, additional buffer size: 208666624B, predicted old gen allocation rate: 55717.08B/s, predicted marking phase length: 0.00ms, prediction active: false
[7.002s][debug][gc,ergo,refine ] GC(26) Concurrent refinement times: Logged Cards Scan time goal: 20.00ms Logged Cards Scan time: 0.02ms HCC time: 0.00ms
[7.002s][debug][gc,ergo,refine ] GC(26) Updated Refinement Zones: green: 2048, yellow: 6144, red: 10240
[7.002s][info ][gc,phases      ] GC(26)   Pre Evacuate Collection Set: 0.1ms
[7.002s][debug][gc,phases      ] GC(26)     Prepare TLABs: 0.0ms
[7.002s][debug][gc,phases      ] GC(26)     Choose Collection Set: 0.0ms
[7.002s][debug][gc,phases      ] GC(26)     Region Register: 0.1ms
[7.002s][debug][gc,phases      ] GC(26)     Prepare Heap Roots: 0.0ms
[7.002s][info ][gc,phases      ] GC(26)   Merge Heap Roots: 0.1ms
[7.003s][debug][gc,phases      ] GC(26)     Prepare Merge Heap Roots: 0.0ms
[7.003s][debug][gc,phases      ] GC(26)     Eager Reclaim (ms):       skipped
[7.003s][debug][gc,phases      ] GC(26)     Remembered Sets (ms):     Min:  0.0, Avg:  0.0, Max:  0.0, Diff:  0.0, Sum:  0.1, Workers: 8
[7.003s][debug][gc,phases      ] GC(26)       Merged Sparse:            Min: 0, Avg:  0.0, Max: 0, Diff: 0, Sum: 0, Workers: 8
[7.003s][debug][gc,phases      ] GC(26)       Merged Fine:              Min: 0, Avg:  0.0, Max: 0, Diff: 0, Sum: 0, Workers: 8
[7.003s][debug][gc,phases      ] GC(26)       Merged Coarse:            Min: 0, Avg:  0.0, Max: 0, Diff: 0, Sum: 0, Workers: 8
[7.003s][debug][gc,phases      ] GC(26)       Dirty Cards:              Min: 0, Avg:  0.0, Max: 0, Diff: 0, Sum: 0, Workers: 8
[7.003s][debug][gc,phases      ] GC(26)     Hot Card Cache (ms):      Min:  0.0, Avg:  0.0, Max:  0.0, Diff:  0.0, Sum:  0.0, Workers: 8
[7.003s][debug][gc,phases      ] GC(26)       Dirty Cards:              Min: 0, Avg:  0.0, Max: 0, Diff: 0, Sum: 0, Workers: 8
[7.003s][debug][gc,phases      ] GC(26)       Skipped Cards:            Min: 0, Avg:  0.0, Max: 0, Diff: 0, Sum: 0, Workers: 8
[7.003s][debug][gc,phases      ] GC(26)     Log Buffers (ms):         Min:  0.0, Avg:  0.0, Max:  0.0, Diff:  0.0, Sum:  0.0, Workers: 8
[7.003s][debug][gc,phases      ] GC(26)       Dirty Cards:              Min: 0, Avg: 10.1, Max: 37, Diff: 37, Sum: 81, Workers: 8
[7.003s][debug][gc,phases      ] GC(26)       Skipped Cards:            Min: 0, Avg:  0.0, Max: 0, Diff: 0, Sum: 0, Workers: 8
[7.003s][info ][gc,phases      ] GC(26)   Evacuate Collection Set: 0.4ms
[7.003s][debug][gc,phases      ] GC(26)     Ext Root Scanning (ms):   Min:  0.0, Avg:  0.1, Max:  0.4, Diff:  0.4, Sum:  0.8, Workers: 8
[7.003s][debug][gc,phases      ] GC(26)     Scan Heap Roots (ms):     Min:  0.0, Avg:  0.0, Max:  0.1, Diff:  0.1, Sum:  0.2, Workers: 8
[7.003s][debug][gc,phases      ] GC(26)       Scanned Cards:            Min: 0, Avg:  9.2, Max: 32, Diff: 32, Sum: 74, Workers: 8
[7.003s][debug][gc,phases      ] GC(26)       Scanned Blocks:           Min: 0, Avg:  7.1, Max: 27, Diff: 27, Sum: 57, Workers: 8
[7.003s][debug][gc,phases      ] GC(26)       Claimed Chunks:           Min: 0, Avg:  1.9, Max: 8, Diff: 8, Sum: 15, Workers: 8
[7.003s][debug][gc,phases      ] GC(26)     Code Root Scan (ms):      Min:  0.0, Avg:  0.0, Max:  0.1, Diff:  0.1, Sum:  0.1, Workers: 8
[7.003s][debug][gc,phases      ] GC(26)     Object Copy (ms):         Min:  0.0, Avg:  0.1, Max:  0.2, Diff:  0.2, Sum:  0.6, Workers: 8
[7.003s][debug][gc,phases      ] GC(26)     Termination (ms):         Min:  0.0, Avg:  0.1, Max:  0.1, Diff:  0.1, Sum:  0.5, Workers: 8
[7.003s][debug][gc,phases      ] GC(26)       Termination Attempts:     Min: 1, Avg:  1.0, Max: 1, Diff: 0, Sum: 8, Workers: 8
[7.003s][debug][gc,phases      ] GC(26)     GC Worker Other (ms):     Min:  0.0, Avg:  0.0, Max:  0.0, Diff:  0.0, Sum:  0.1, Workers: 8
[7.003s][debug][gc,phases      ] GC(26)     GC Worker Total (ms):     Min:  0.1, Avg:  0.3, Max:  0.4, Diff:  0.3, Sum:  2.3, Workers: 8
[7.003s][info ][gc,phases      ] GC(26)   Post Evacuate Collection Set: 1.0ms
[7.003s][debug][gc,phases      ] GC(26)     Code Roots Fixup: 0.0ms
[7.003s][debug][gc,phases      ] GC(26)     Clear Card Table: 0.1ms
[7.003s][debug][gc,phases      ] GC(26)     Reference Processing: 0.1ms
[7.003s][debug][gc,phases,ref  ] GC(26)       Reconsider SoftReferences: 0.0ms
[7.003s][debug][gc,phases,ref  ] GC(26)         SoftRef (ms):             skipped
[7.003s][debug][gc,phases,ref  ] GC(26)       Notify Soft/WeakReferences: 0.0ms
[7.003s][debug][gc,phases,ref  ] GC(26)         SoftRef (ms):             Min:  0.0, Avg:  0.0, Max:  0.0, Diff:  0.0, Sum:  0.0, Workers: 1
[7.003s][debug][gc,phases,ref  ] GC(26)         WeakRef (ms):             Min:  0.0, Avg:  0.0, Max:  0.0, Diff:  0.0, Sum:  0.0, Workers: 1
[7.003s][debug][gc,phases,ref  ] GC(26)         FinalRef (ms):            Min:  0.0, Avg:  0.0, Max:  0.0, Diff:  0.0, Sum:  0.0, Workers: 1
[7.003s][debug][gc,phases,ref  ] GC(26)         Total (ms):               Min:  0.0, Avg:  0.0, Max:  0.0, Diff:  0.0, Sum:  0.0, Workers: 1
[7.003s][debug][gc,phases,ref  ] GC(26)       Notify and keep alive finalizable: 0.0ms
[7.003s][debug][gc,phases,ref  ] GC(26)         FinalRef (ms):            skipped
[7.003s][debug][gc,phases,ref  ] GC(26)       Notify PhantomReferences: 0.0ms
[7.003s][debug][gc,phases,ref  ] GC(26)         PhantomRef (ms):          Min:  0.0, Avg:  0.0, Max:  0.0, Diff:  0.0, Sum:  0.0, Workers: 1
[7.003s][debug][gc,phases,ref  ] GC(26)       SoftReference:
[7.003s][debug][gc,phases,ref  ] GC(26)         Discovered: 0
[7.003s][debug][gc,phases,ref  ] GC(26)         Cleared: 0
[7.003s][debug][gc,phases,ref  ] GC(26)       WeakReference:
[7.003s][debug][gc,phases,ref  ] GC(26)         Discovered: 2
[7.003s][debug][gc,phases,ref  ] GC(26)         Cleared: 0
[7.003s][debug][gc,phases,ref  ] GC(26)       FinalReference:
[7.003s][debug][gc,phases,ref  ] GC(26)         Discovered: 0
[7.003s][debug][gc,phases,ref  ] GC(26)         Cleared: 0
[7.003s][debug][gc,phases,ref  ] GC(26)       PhantomReference:
[7.003s][debug][gc,phases,ref  ] GC(26)         Discovered: 44
[7.003s][debug][gc,phases,ref  ] GC(26)         Cleared: 43
[7.003s][debug][gc,phases      ] GC(26)     Weak Processing: 0.0ms
[7.003s][debug][gc,phases      ] GC(26)       JVMTI weak processing: 0.0ms
[7.003s][debug][gc,phases      ] GC(26)         Dead: 0
[7.003s][debug][gc,phases      ] GC(26)         Total: 0
[7.003s][debug][gc,phases      ] GC(26)       JFR weak processing: 0.0ms
[7.003s][debug][gc,phases      ] GC(26)         Dead: 0
[7.003s][debug][gc,phases      ] GC(26)         Total: 0
[7.003s][debug][gc,phases      ] GC(26)       JNI weak                  Min:  0.0, Avg:  0.0, Max:  0.0, Diff:  0.0, Sum:  0.0, Workers: 5
[7.003s][debug][gc,phases      ] GC(26)         Dead                      Min: 0, Avg:  0.4, Max: 2, Diff: 2, Sum: 2, Workers: 5
[7.003s][debug][gc,phases      ] GC(26)         Total                     Min: 0, Avg: 28.6, Max: 64, Diff: 64, Sum: 143, Workers: 5
[7.003s][debug][gc,phases      ] GC(26)       VM weak                   Min:  0.0, Avg:  0.0, Max:  0.0, Diff:  0.0, Sum:  0.0, Workers: 5
[7.003s][debug][gc,phases      ] GC(26)         Dead                      Min: 0, Avg:  0.0, Max: 0, Diff: 0, Sum: 0, Workers: 5
[7.003s][debug][gc,phases      ] GC(26)         Total                     Min: 0, Avg: 42.4, Max: 64, Diff: 64, Sum: 212, Workers: 5
[7.003s][debug][gc,phases      ] GC(26)       StringTable weak          Min:  0.0, Avg:  0.0, Max:  0.0, Diff:  0.0, Sum:  0.0, Workers: 5
[7.003s][debug][gc,phases      ] GC(26)         Dead                      Min: 0, Avg:  0.0, Max: 0, Diff: 0, Sum: 0, Workers: 5
[7.003s][debug][gc,phases      ] GC(26)         Total                     Min: 640, Avg: 684.0, Max: 768, Diff: 128, Sum: 3420, Workers: 5
[7.003s][debug][gc,phases      ] GC(26)       ResolvedMethodTable weak  Min:  0.0, Avg:  0.0, Max:  0.0, Diff:  0.0, Sum:  0.0, Workers: 5
[7.003s][debug][gc,phases      ] GC(26)         Dead                      Min: 0, Avg:  0.0, Max: 0, Diff: 0, Sum: 0, Workers: 5
[7.003s][debug][gc,phases      ] GC(26)         Total                     Min: 64, Avg: 114.6, Max: 128, Diff: 64, Sum: 573, Workers: 5
[7.003s][debug][gc,phases      ] GC(26)     Merge Per-Thread State: 0.0ms
[7.003s][debug][gc,phases      ] GC(26)       Copied Bytes              Min: 0, Avg: 135180.0, Max: 443960, Diff: 443960, Sum: 1081440, Workers: 8
[7.003s][debug][gc,phases      ] GC(26)       LAB Waste                 Min: 0, Avg: 183.0, Max: 488, Diff: 488, Sum: 1464, Workers: 8
[7.003s][debug][gc,phases      ] GC(26)       LAB Undo Waste            Min: 0, Avg:  0.0, Max: 0, Diff: 0, Sum: 0, Workers: 8
[7.003s][debug][gc,phases      ] GC(26)     Code Roots Purge: 0.0ms
[7.003s][debug][gc,phases      ] GC(26)     Redirty Cards: 0.0ms
[7.003s][debug][gc,phases      ] GC(26)     DerivedPointerTable Update: 0.0ms
[7.003s][debug][gc,phases      ] GC(26)     Free Collection Set: 0.1ms
[7.003s][debug][gc,phases      ] GC(26)     Rebuild Free List: 0.1ms
[7.003s][debug][gc,phases      ] GC(26)     Humongous Reclaim: 0.0ms
[7.003s][debug][gc,phases      ] GC(26)     Start New Collection Set: 0.0ms
[7.003s][debug][gc,phases      ] GC(26)     Resize TLABs: 0.0ms
[7.003s][debug][gc,phases      ] GC(26)     Expand Heap After Collection: 0.6ms
[7.003s][info ][gc,phases      ] GC(26)   Other: 0.5ms
[7.003s][info ][gc,heap        ] GC(26) Eden regions: 165->0(197)
[7.003s][info ][gc,heap        ] GC(26) Survivor regions: 1->2(21)
[7.003s][info ][gc,heap        ] GC(26) Old regions: 7->7
[7.003s][info ][gc,heap        ] GC(26) Archive regions: 2->2
[7.003s][info ][gc,heap        ] GC(26) Humongous regions: 0->0
[7.003s][info ][gc,metaspace   ] GC(26) Metaspace: 10011K(10624K)->10011K(10624K) NonClass: 8859K(9216K)->8859K(9216K) Class: 1151K(1408K)->1151K(1408K)
[7.003s][debug][gc,heap        ] GC(26) Heap after GC invocations=27 (full 1): garbage-first heap   total 340992K, used 4884K [0x0000000700000000, 0x0000000800000000)
[7.003s][debug][gc,heap        ] GC(26)   region size 1024K, 2 young (2048K), 2 survivors (2048K)
[7.003s][debug][gc,heap        ] GC(26)  Metaspace       used 10011K, capacity 10304K, committed 10624K, reserved 1058816K
[7.003s][debug][gc,heap        ] GC(26)   class space    used 1151K, capacity 1266K, committed 1408K, reserved 1048576K
[7.003s][info ][gc             ] GC(26) Pause Young (Normal) (G1 Evacuation Pause) 169M->4M(333M) 2.943ms
[7.003s][info ][gc,cpu         ] GC(26) User=0.00s Sys=0.01s Real=0.00s
[7.004s][info ][safepoint      ] Safepoint "G1CollectForAllocation", Time since last: 185322622 ns, Reaching safepoint: 127435 ns, At safepoint: 3159240 ns, Total: 3286675 ns
[7.296s][debug][gc,heap        ] GC(27) Heap before GC invocations=27 (full 1): garbage-first heap   total 340992K, used 205588K [0x0000000700000000, 0x0000000800000000)
[7.296s][debug][gc,heap        ] GC(27)   region size 1024K, 199 young (203776K), 2 survivors (2048K)
[7.296s][debug][gc,heap        ] GC(27)  Metaspace       used 10037K, capacity 10304K, committed 10624K, reserved 1058816K
[7.296s][debug][gc,heap        ] GC(27)   class space    used 1151K, capacity 1266K, committed 1408K, reserved 1048576K
[7.296s][info ][gc,start       ] GC(27) Pause Young (Normal) (G1 Evacuation Pause)
[7.296s][info ][gc,task        ] GC(27) Using 8 workers of 8 for evacuation
[7.296s][debug][gc,tlab        ] GC(27) TLAB totals: thrds: 9  refills: 798 max: 117 slow allocs: 3 max 3 waste:  0.9% gc: 1497816B max: 483976B slow: 461720B max: 67736B fast: 0B max: 0B
[7.296s][debug][gc,age         ] GC(27) Desired survivor size 13107200 bytes, new threshold 15 (max threshold 15)
[7.296s][debug][gc,alloc,region] GC(27) Mutator Allocation stats, regions: 197, wasted size: 0B ( 0.0%)
[7.297s][debug][gc,ergo        ] GC(27) Running G1 Merge Heap Roots using 8 workers for 199 regions
[7.297s][debug][gc,remset      ] GC(27) Visited cards 3840 Total dirty 16384 (23.44%) Total old 833536 (0.46%)
[7.297s][debug][gc,ergo        ] GC(27) Running G1 Clear Card Table Task using 1 workers for 1 units of work for 207 regions.
[7.297s][debug][gc,ref         ] GC(27) Skipped phase1 of Reference Processing due to unavailable references
[7.297s][debug][gc,ref         ] GC(27) Skipped phase3 of Reference Processing due to unavailable references
[7.297s][debug][gc,ergo        ] GC(27) Running G1 Free Collection Set using 8 workers for collection set length 199 (333)
[7.297s][debug][gc,ergo        ] GC(27) Running G1 Rebuild Free List Task using 8 workers for rebuilding free list of 0 (4096) regions
[7.297s][trace][gc,age         ] GC(27) Age table with threshold 15 (max threshold 15)
[7.297s][trace][gc,age         ] GC(27) - age   1:      83872 bytes,      83872 total
[7.297s][trace][gc,age         ] GC(27) - age   2:     339624 bytes,     423496 total
[7.297s][trace][gc,age         ] GC(27) - age   3:       1184 bytes,     424680 total
[7.297s][trace][gc,age         ] GC(27) - age   4:     242256 bytes,     666936 total
[7.297s][trace][gc,age         ] GC(27) - age   5:      81904 bytes,     748840 total
[7.297s][trace][gc,age         ] GC(27) - age   6:      81032 bytes,     829872 total
[7.298s][trace][gc,age         ] GC(27) - age   7:      81032 bytes,     910904 total
[7.298s][trace][gc,age         ] GC(27) - age   8:       1392 bytes,     912296 total
[7.298s][trace][gc,age         ] GC(27) - age   9:         32 bytes,     912328 total
[7.298s][trace][gc,age         ] GC(27) - age  11:      81760 bytes,     994088 total
[7.298s][trace][gc,age         ] GC(27) - age  12:     169328 bytes,    1163416 total
[7.298s][debug][gc,plab        ] GC(27) Young PLAB allocation: allocated: 92880B, wasted: 1480B, unused: 6736B, used: 84664B, undo waste: 0B, 
[7.298s][debug][gc,plab        ] GC(27) Young other allocation: region end waste: 4576B, regions filled: 2, direct allocated: 1078752B, failure used: 0B, failure wasted: 0B
[7.298s][debug][gc,plab        ] GC(27) Young sizing: calculated: 16016B, actual: 15064B
[7.298s][debug][gc,plab        ] GC(27) Old PLAB allocation: allocated: 0B, wasted: 0B, unused: 0B, used: 0B, undo waste: 0B, 
[7.298s][debug][gc,plab        ] GC(27) Old other allocation: region end waste: 0B, regions filled: 1, direct allocated: 0B, failure used: 0B, failure wasted: 0B
[7.298s][debug][gc,plab        ] GC(27) Old sizing: calculated: 0B, actual: 2064B
[7.298s][debug][gc,ihop        ] GC(27) Basic information (value update), threshold: 157129113B (45.00), target occupancy: 349175808B, current occupancy: 5070312B, recent allocation size: 0B, recent allocation duration: 294.02ms, recent old gen allocation rate: 0.00B/s, recent marking phase length: 0.00ms
[7.298s][debug][gc,ihop        ] GC(27) Adaptive IHOP information (value update), threshold: 157129113B (47.37), internal target occupancy: 331717017B, occupancy: 5070312B, additional buffer size: 208666624B, predicted old gen allocation rate: 53941.00B/s, predicted marking phase length: 0.00ms, prediction active: false
[7.298s][debug][gc,ergo,refine ] GC(27) Concurrent refinement times: Logged Cards Scan time goal: 20.00ms Logged Cards Scan time: 0.02ms HCC time: 0.00ms
[7.298s][debug][gc,ergo,refine ] GC(27) Updated Refinement Zones: green: 2048, yellow: 6144, red: 10240
[7.298s][info ][gc,phases      ] GC(27)   Pre Evacuate Collection Set: 0.1ms
[7.298s][debug][gc,phases      ] GC(27)     Prepare TLABs: 0.0ms
[7.298s][debug][gc,phases      ] GC(27)     Choose Collection Set: 0.0ms
[7.298s][debug][gc,phases      ] GC(27)     Region Register: 0.1ms
[7.298s][debug][gc,phases      ] GC(27)     Prepare Heap Roots: 0.0ms
[7.298s][info ][gc,phases      ] GC(27)   Merge Heap Roots: 0.1ms
[7.298s][debug][gc,phases      ] GC(27)     Prepare Merge Heap Roots: 0.0ms
[7.298s][debug][gc,phases      ] GC(27)     Eager Reclaim (ms):       skipped
[7.298s][debug][gc,phases      ] GC(27)     Remembered Sets (ms):     Min:  0.0, Avg:  0.0, Max:  0.0, Diff:  0.0, Sum:  0.1, Workers: 8
[7.298s][debug][gc,phases      ] GC(27)       Merged Sparse:            Min: 0, Avg:  0.0, Max: 0, Diff: 0, Sum: 0, Workers: 8
[7.298s][debug][gc,phases      ] GC(27)       Merged Fine:              Min: 0, Avg:  0.0, Max: 0, Diff: 0, Sum: 0, Workers: 8
[7.298s][debug][gc,phases      ] GC(27)       Merged Coarse:            Min: 0, Avg:  0.0, Max: 0, Diff: 0, Sum: 0, Workers: 8
[7.298s][debug][gc,phases      ] GC(27)       Dirty Cards:              Min: 0, Avg:  0.0, Max: 0, Diff: 0, Sum: 0, Workers: 8
[7.298s][debug][gc,phases      ] GC(27)     Hot Card Cache (ms):      Min:  0.0, Avg:  0.0, Max:  0.0, Diff:  0.0, Sum:  0.0, Workers: 8
[7.298s][debug][gc,phases      ] GC(27)       Dirty Cards:              Min: 0, Avg:  0.0, Max: 0, Diff: 0, Sum: 0, Workers: 8
[7.298s][debug][gc,phases      ] GC(27)       Skipped Cards:            Min: 0, Avg:  0.0, Max: 0, Diff: 0, Sum: 0, Workers: 8
[7.298s][debug][gc,phases      ] GC(27)     Log Buffers (ms):         Min:  0.0, Avg:  0.0, Max:  0.0, Diff:  0.0, Sum:  0.0, Workers: 8
[7.298s][debug][gc,phases      ] GC(27)       Dirty Cards:              Min: 0, Avg:  9.1, Max: 38, Diff: 38, Sum: 73, Workers: 8
[7.298s][debug][gc,phases      ] GC(27)       Skipped Cards:            Min: 0, Avg:  0.0, Max: 0, Diff: 0, Sum: 0, Workers: 8
[7.298s][info ][gc,phases      ] GC(27)   Evacuate Collection Set: 0.3ms
[7.298s][debug][gc,phases      ] GC(27)     Ext Root Scanning (ms):   Min:  0.0, Avg:  0.0, Max:  0.1, Diff:  0.1, Sum:  0.3, Workers: 8
[7.298s][debug][gc,phases      ] GC(27)     Scan Heap Roots (ms):     Min:  0.0, Avg:  0.0, Max:  0.0, Diff:  0.0, Sum:  0.2, Workers: 8
[7.298s][debug][gc,phases      ] GC(27)       Scanned Cards:            Min: 0, Avg:  8.4, Max: 17, Diff: 17, Sum: 67, Workers: 8
[7.298s][debug][gc,phases      ] GC(27)       Scanned Blocks:           Min: 0, Avg:  6.4, Max: 14, Diff: 14, Sum: 51, Workers: 8
[7.298s][debug][gc,phases      ] GC(27)       Claimed Chunks:           Min: 0, Avg:  1.9, Max: 4, Diff: 4, Sum: 15, Workers: 8
[7.298s][debug][gc,phases      ] GC(27)     Code Root Scan (ms):      Min:  0.0, Avg:  0.0, Max:  0.0, Diff:  0.0, Sum:  0.1, Workers: 8
[7.298s][debug][gc,phases      ] GC(27)     Object Copy (ms):         Min:  0.1, Avg:  0.1, Max:  0.1, Diff:  0.1, Sum:  0.9, Workers: 8
[7.298s][debug][gc,phases      ] GC(27)     Termination (ms):         Min:  0.0, Avg:  0.1, Max:  0.1, Diff:  0.0, Sum:  0.5, Workers: 8
[7.298s][debug][gc,phases      ] GC(27)       Termination Attempts:     Min: 1, Avg:  1.0, Max: 1, Diff: 0, Sum: 8, Workers: 8
[7.298s][debug][gc,phases      ] GC(27)     GC Worker Other (ms):     Min:  0.0, Avg:  0.0, Max:  0.0, Diff:  0.0, Sum:  0.1, Workers: 8
[7.298s][debug][gc,phases      ] GC(27)     GC Worker Total (ms):     Min:  0.1, Avg:  0.2, Max:  0.3, Diff:  0.2, Sum:  2.0, Workers: 8
[7.298s][info ][gc,phases      ] GC(27)   Post Evacuate Collection Set: 0.4ms
[7.298s][debug][gc,phases      ] GC(27)     Code Roots Fixup: 0.0ms
[7.298s][debug][gc,phases      ] GC(27)     Clear Card Table: 0.1ms
[7.298s][debug][gc,phases      ] GC(27)     Reference Processing: 0.0ms
[7.298s][debug][gc,phases,ref  ] GC(27)       Reconsider SoftReferences: 0.0ms
[7.298s][debug][gc,phases,ref  ] GC(27)         SoftRef (ms):             skipped
[7.298s][debug][gc,phases,ref  ] GC(27)       Notify Soft/WeakReferences: 0.0ms
[7.298s][debug][gc,phases,ref  ] GC(27)         SoftRef (ms):             Min:  0.0, Avg:  0.0, Max:  0.0, Diff:  0.0, Sum:  0.0, Workers: 1
[7.298s][debug][gc,phases,ref  ] GC(27)         WeakRef (ms):             Min:  0.0, Avg:  0.0, Max:  0.0, Diff:  0.0, Sum:  0.0, Workers: 1
[7.298s][debug][gc,phases,ref  ] GC(27)         FinalRef (ms):            Min:  0.0, Avg:  0.0, Max:  0.0, Diff:  0.0, Sum:  0.0, Workers: 1
[7.298s][debug][gc,phases,ref  ] GC(27)         Total (ms):               Min:  0.0, Avg:  0.0, Max:  0.0, Diff:  0.0, Sum:  0.0, Workers: 1
[7.298s][debug][gc,phases,ref  ] GC(27)       Notify and keep alive finalizable: 0.0ms
[7.298s][debug][gc,phases,ref  ] GC(27)         FinalRef (ms):            skipped
[7.298s][debug][gc,phases,ref  ] GC(27)       Notify PhantomReferences: 0.0ms
[7.298s][debug][gc,phases,ref  ] GC(27)         PhantomRef (ms):          Min:  0.0, Avg:  0.0, Max:  0.0, Diff:  0.0, Sum:  0.0, Workers: 1
[7.298s][debug][gc,phases,ref  ] GC(27)       SoftReference:
[7.298s][debug][gc,phases,ref  ] GC(27)         Discovered: 0
[7.298s][debug][gc,phases,ref  ] GC(27)         Cleared: 0
[7.298s][debug][gc,phases,ref  ] GC(27)       WeakReference:
[7.298s][debug][gc,phases,ref  ] GC(27)         Discovered: 2
[7.298s][debug][gc,phases,ref  ] GC(27)         Cleared: 0
[7.298s][debug][gc,phases,ref  ] GC(27)       FinalReference:
[7.298s][debug][gc,phases,ref  ] GC(27)         Discovered: 0
[7.298s][debug][gc,phases,ref  ] GC(27)         Cleared: 0
[7.298s][debug][gc,phases,ref  ] GC(27)       PhantomReference:
[7.298s][debug][gc,phases,ref  ] GC(27)         Discovered: 55
[7.298s][debug][gc,phases,ref  ] GC(27)         Cleared: 55
[7.298s][debug][gc,phases      ] GC(27)     Weak Processing: 0.0ms
[7.298s][debug][gc,phases      ] GC(27)       JVMTI weak processing: 0.0ms
[7.298s][debug][gc,phases      ] GC(27)         Dead: 0
[7.298s][debug][gc,phases      ] GC(27)         Total: 0
[7.298s][debug][gc,phases      ] GC(27)       JFR weak processing: 0.0ms
[7.298s][debug][gc,phases      ] GC(27)         Dead: 0
[7.299s][debug][gc,phases      ] GC(27)         Total: 0
[7.299s][debug][gc,phases      ] GC(27)       JNI weak                  Min:  0.0, Avg:  0.0, Max:  0.0, Diff:  0.0, Sum:  0.0, Workers: 5
[7.299s][debug][gc,phases      ] GC(27)         Dead                      Min: 0, Avg:  0.0, Max: 0, Diff: 0, Sum: 0, Workers: 5
[7.299s][debug][gc,phases      ] GC(27)         Total                     Min: 0, Avg: 29.0, Max: 64, Diff: 64, Sum: 145, Workers: 5
[7.299s][debug][gc,phases      ] GC(27)       VM weak                   Min:  0.0, Avg:  0.0, Max:  0.0, Diff:  0.0, Sum:  0.0, Workers: 5
[7.299s][debug][gc,phases      ] GC(27)         Dead                      Min: 0, Avg:  0.0, Max: 0, Diff: 0, Sum: 0, Workers: 5
[7.299s][debug][gc,phases      ] GC(27)         Total                     Min: 0, Avg: 42.4, Max: 128, Diff: 128, Sum: 212, Workers: 5
[7.299s][debug][gc,phases      ] GC(27)       StringTable weak          Min:  0.0, Avg:  0.0, Max:  0.0, Diff:  0.0, Sum:  0.0, Workers: 5
[7.299s][debug][gc,phases      ] GC(27)         Dead                      Min: 0, Avg:  0.0, Max: 0, Diff: 0, Sum: 0, Workers: 5
[7.299s][debug][gc,phases      ] GC(27)         Total                     Min: 384, Avg: 684.0, Max: 768, Diff: 384, Sum: 3420, Workers: 5
[7.299s][debug][gc,phases      ] GC(27)       ResolvedMethodTable weak  Min:  0.0, Avg:  0.0, Max:  0.0, Diff:  0.0, Sum:  0.0, Workers: 5
[7.299s][debug][gc,phases      ] GC(27)         Dead                      Min: 0, Avg:  0.0, Max: 0, Diff: 0, Sum: 0, Workers: 5
[7.299s][debug][gc,phases      ] GC(27)         Total                     Min: 64, Avg: 114.6, Max: 128, Diff: 64, Sum: 573, Workers: 5
[7.299s][debug][gc,phases      ] GC(27)     Merge Per-Thread State: 0.0ms
[7.299s][debug][gc,phases      ] GC(27)       Copied Bytes              Min: 89712, Avg: 145427.0, Max: 239808, Diff: 150096, Sum: 1163416, Workers: 8
[7.299s][debug][gc,phases      ] GC(27)       LAB Waste                 Min: 40, Avg: 185.0, Max: 416, Diff: 376, Sum: 1480, Workers: 8
[7.299s][debug][gc,phases      ] GC(27)       LAB Undo Waste            Min: 0, Avg:  0.0, Max: 0, Diff: 0, Sum: 0, Workers: 8
[7.299s][debug][gc,phases      ] GC(27)     Code Roots Purge: 0.0ms
[7.299s][debug][gc,phases      ] GC(27)     Redirty Cards: 0.0ms
[7.299s][debug][gc,phases      ] GC(27)     DerivedPointerTable Update: 0.0ms
[7.299s][debug][gc,phases      ] GC(27)     Free Collection Set: 0.1ms
[7.299s][debug][gc,phases      ] GC(27)     Rebuild Free List: 0.1ms
[7.299s][debug][gc,phases      ] GC(27)     Humongous Reclaim: 0.0ms
[7.299s][debug][gc,phases      ] GC(27)     Start New Collection Set: 0.0ms
[7.299s][debug][gc,phases      ] GC(27)     Resize TLABs: 0.0ms
[7.299s][debug][gc,phases      ] GC(27)     Expand Heap After Collection: 0.0ms
[7.299s][info ][gc,phases      ] GC(27)   Other: 0.7ms
[7.299s][info ][gc,heap        ] GC(27) Eden regions: 197->0(197)
[7.299s][info ][gc,heap        ] GC(27) Survivor regions: 2->2(25)
[7.299s][info ][gc,heap        ] GC(27) Old regions: 7->7
[7.299s][info ][gc,heap        ] GC(27) Archive regions: 2->2
[7.299s][info ][gc,heap        ] GC(27) Humongous regions: 0->0
[7.299s][info ][gc,metaspace   ] GC(27) Metaspace: 10037K(10624K)->10037K(10624K) NonClass: 8886K(9216K)->8886K(9216K) Class: 1151K(1408K)->1151K(1408K)
[7.299s][debug][gc,heap        ] GC(27) Heap after GC invocations=28 (full 1): garbage-first heap   total 340992K, used 4951K [0x0000000700000000, 0x0000000800000000)
[7.299s][debug][gc,heap        ] GC(27)   region size 1024K, 2 young (2048K), 2 survivors (2048K)
[7.299s][debug][gc,heap        ] GC(27)  Metaspace       used 10037K, capacity 10304K, committed 10624K, reserved 1058816K
[7.299s][debug][gc,heap        ] GC(27)   class space    used 1151K, capacity 1266K, committed 1408K, reserved 1048576K
[7.299s][info ][gc             ] GC(27) Pause Young (Normal) (G1 Evacuation Pause) 201M->4M(333M) 2.391ms
[7.299s][info ][gc,cpu         ] GC(27) User=0.00s Sys=0.00s Real=0.01s
[7.299s][info ][safepoint      ] Safepoint "G1CollectForAllocation", Time since last: 292506863 ns, Reaching safepoint: 131223 ns, At safepoint: 2644281 ns, Total: 2775504 ns
[7.615s][debug][gc,heap        ] GC(28) Heap before GC invocations=28 (full 1): garbage-first heap   total 340992K, used 206679K [0x0000000700000000, 0x0000000800000000)
[7.615s][debug][gc,heap        ] GC(28)   region size 1024K, 199 young (203776K), 2 survivors (2048K)
[7.615s][debug][gc,heap        ] GC(28)  Metaspace       used 10058K, capacity 10368K, committed 10624K, reserved 1058816K
[7.615s][debug][gc,heap        ] GC(28)   class space    used 1151K, capacity 1266K, committed 1408K, reserved 1048576K
[7.615s][info ][gc,start       ] GC(28) Pause Young (Normal) (G1 Evacuation Pause)
[7.615s][info ][gc,task        ] GC(28) Using 8 workers of 8 for evacuation
[7.615s][debug][gc,tlab        ] GC(28) TLAB totals: thrds: 9  refills: 782 max: 105 slow allocs: 8 max 8 waste:  0.9% gc: 1392456B max: 482840B slow: 452328B max: 60752B fast: 0B max: 0B
[7.615s][debug][gc,age         ] GC(28) Desired survivor size 13107200 bytes, new threshold 15 (max threshold 15)
[7.615s][debug][gc,alloc,region] GC(28) Mutator Allocation stats, regions: 197, wasted size: 0B ( 0.0%)
[7.615s][debug][gc,ergo        ] GC(28) Running G1 Merge Heap Roots using 8 workers for 199 regions
[7.616s][debug][gc,remset      ] GC(28) Visited cards 3840 Total dirty 16384 (23.44%) Total old 833536 (0.46%)
[7.616s][debug][gc,ergo        ] GC(28) Running G1 Clear Card Table Task using 1 workers for 1 units of work for 207 regions.
[7.616s][debug][gc,ref         ] GC(28) Skipped phase1 of Reference Processing due to unavailable references
[7.616s][debug][gc,ref         ] GC(28) Skipped phase3 of Reference Processing due to unavailable references
[7.616s][debug][gc,ergo        ] GC(28) Running G1 Free Collection Set using 8 workers for collection set length 199 (333)
[7.616s][debug][gc,ergo        ] GC(28) Running G1 Rebuild Free List Task using 8 workers for rebuilding free list of 0 (4096) regions
[7.616s][trace][gc,age         ] GC(28) Age table with threshold 15 (max threshold 15)
[7.616s][trace][gc,age         ] GC(28) - age   1:     243096 bytes,     243096 total
[7.616s][trace][gc,age         ] GC(28) - age   2:      82096 bytes,     325192 total
[7.616s][trace][gc,age         ] GC(28) - age   3:     339592 bytes,     664784 total
[7.616s][trace][gc,age         ] GC(28) - age   4:       1184 bytes,     665968 total
[7.616s][trace][gc,age         ] GC(28) - age   5:     242256 bytes,     908224 total
[7.616s][trace][gc,age         ] GC(28) - age   6:      81904 bytes,     990128 total
[7.616s][trace][gc,age         ] GC(28) - age   7:      81032 bytes,    1071160 total
[7.616s][trace][gc,age         ] GC(28) - age   8:      81032 bytes,    1152192 total
[7.616s][trace][gc,age         ] GC(28) - age   9:       1392 bytes,    1153584 total
[7.616s][trace][gc,age         ] GC(28) - age  10:         32 bytes,    1153616 total
[7.616s][trace][gc,age         ] GC(28) - age  12:      81760 bytes,    1235376 total
[7.616s][trace][gc,age         ] GC(28) - age  13:     169328 bytes,    1404704 total
[7.616s][debug][gc,plab        ] GC(28) Young PLAB allocation: allocated: 105264B, wasted: 1480B, unused: 8976B, used: 94808B, undo waste: 0B, 
[7.616s][debug][gc,plab        ] GC(28) Young other allocation: region end waste: 4136B, regions filled: 2, direct allocated: 1309896B, failure used: 0B, failure wasted: 0B
[7.616s][debug][gc,plab        ] GC(28) Young sizing: calculated: 18128B, actual: 17360B
[7.616s][debug][gc,plab        ] GC(28) Old PLAB allocation: allocated: 0B, wasted: 0B, unused: 0B, used: 0B, undo waste: 0B, 
[7.616s][debug][gc,plab        ] GC(28) Old other allocation: region end waste: 0B, regions filled: 1, direct allocated: 0B, failure used: 0B, failure wasted: 0B
[7.616s][debug][gc,plab        ] GC(28) Old sizing: calculated: 0B, actual: 2064B
[7.616s][debug][gc,ihop        ] GC(28) Basic information (value update), threshold: 157129113B (45.00), target occupancy: 349175808B, current occupancy: 5313400B, recent allocation size: 0B, recent allocation duration: 317.60ms, recent old gen allocation rate: 0.00B/s, recent marking phase length: 0.00ms
[7.616s][debug][gc,ihop        ] GC(28) Adaptive IHOP information (value update), threshold: 157129113B (47.37), internal target occupancy: 331717017B, occupancy: 5313400B, additional buffer size: 208666624B, predicted old gen allocation rate: 52227.17B/s, predicted marking phase length: 0.00ms, prediction active: false
[7.616s][debug][gc,ergo,refine ] GC(28) Concurrent refinement times: Logged Cards Scan time goal: 20.00ms Logged Cards Scan time: 0.03ms HCC time: 0.00ms
[7.616s][debug][gc,ergo,refine ] GC(28) Updated Refinement Zones: green: 2048, yellow: 6144, red: 10240
[7.616s][info ][gc,phases      ] GC(28)   Pre Evacuate Collection Set: 0.1ms
[7.616s][debug][gc,phases      ] GC(28)     Prepare TLABs: 0.0ms
[7.616s][debug][gc,phases      ] GC(28)     Choose Collection Set: 0.0ms
[7.616s][debug][gc,phases      ] GC(28)     Region Register: 0.1ms
[7.617s][debug][gc,phases      ] GC(28)     Prepare Heap Roots: 0.0ms
[7.617s][info ][gc,phases      ] GC(28)   Merge Heap Roots: 0.1ms
[7.617s][debug][gc,phases      ] GC(28)     Prepare Merge Heap Roots: 0.0ms
[7.617s][debug][gc,phases      ] GC(28)     Eager Reclaim (ms):       skipped
[7.617s][debug][gc,phases      ] GC(28)     Remembered Sets (ms):     Min:  0.0, Avg:  0.0, Max:  0.0, Diff:  0.0, Sum:  0.1, Workers: 8
[7.617s][debug][gc,phases      ] GC(28)       Merged Sparse:            Min: 0, Avg:  0.0, Max: 0, Diff: 0, Sum: 0, Workers: 8
[7.617s][debug][gc,phases      ] GC(28)       Merged Fine:              Min: 0, Avg:  0.0, Max: 0, Diff: 0, Sum: 0, Workers: 8
[7.617s][debug][gc,phases      ] GC(28)       Merged Coarse:            Min: 0, Avg:  0.0, Max: 0, Diff: 0, Sum: 0, Workers: 8
[7.617s][debug][gc,phases      ] GC(28)       Dirty Cards:              Min: 0, Avg:  0.0, Max: 0, Diff: 0, Sum: 0, Workers: 8
[7.617s][debug][gc,phases      ] GC(28)     Hot Card Cache (ms):      Min:  0.0, Avg:  0.0, Max:  0.0, Diff:  0.0, Sum:  0.0, Workers: 8
[7.617s][debug][gc,phases      ] GC(28)       Dirty Cards:              Min: 0, Avg:  0.0, Max: 0, Diff: 0, Sum: 0, Workers: 8
[7.617s][debug][gc,phases      ] GC(28)       Skipped Cards:            Min: 0, Avg:  0.0, Max: 0, Diff: 0, Sum: 0, Workers: 8
[7.617s][debug][gc,phases      ] GC(28)     Log Buffers (ms):         Min:  0.0, Avg:  0.0, Max:  0.0, Diff:  0.0, Sum:  0.0, Workers: 8
[7.617s][debug][gc,phases      ] GC(28)       Dirty Cards:              Min: 0, Avg: 10.2, Max: 37, Diff: 37, Sum: 82, Workers: 8
[7.617s][debug][gc,phases      ] GC(28)       Skipped Cards:            Min: 0, Avg:  0.0, Max: 0, Diff: 0, Sum: 0, Workers: 8
[7.617s][info ][gc,phases      ] GC(28)   Evacuate Collection Set: 0.3ms
[7.617s][debug][gc,phases      ] GC(28)     Ext Root Scanning (ms):   Min:  0.0, Avg:  0.0, Max:  0.1, Diff:  0.1, Sum:  0.3, Workers: 8
[7.617s][debug][gc,phases      ] GC(28)     Scan Heap Roots (ms):     Min:  0.0, Avg:  0.0, Max:  0.0, Diff:  0.0, Sum:  0.2, Workers: 8
[7.617s][debug][gc,phases      ] GC(28)       Scanned Cards:            Min: 0, Avg:  8.9, Max: 18, Diff: 18, Sum: 71, Workers: 8
[7.617s][debug][gc,phases      ] GC(28)       Scanned Blocks:           Min: 0, Avg:  7.0, Max: 16, Diff: 16, Sum: 56, Workers: 8
[7.617s][debug][gc,phases      ] GC(28)       Claimed Chunks:           Min: 0, Avg:  1.9, Max: 5, Diff: 5, Sum: 15, Workers: 8
[7.617s][debug][gc,phases      ] GC(28)     Code Root Scan (ms):      Min:  0.0, Avg:  0.0, Max:  0.0, Diff:  0.0, Sum:  0.1, Workers: 8
[7.617s][debug][gc,phases      ] GC(28)     Object Copy (ms):         Min:  0.1, Avg:  0.1, Max:  0.1, Diff:  0.0, Sum:  0.8, Workers: 8
[7.617s][debug][gc,phases      ] GC(28)     Termination (ms):         Min:  0.1, Avg:  0.1, Max:  0.1, Diff:  0.0, Sum:  0.5, Workers: 8
[7.617s][debug][gc,phases      ] GC(28)       Termination Attempts:     Min: 1, Avg:  1.0, Max: 1, Diff: 0, Sum: 8, Workers: 8
[7.617s][debug][gc,phases      ] GC(28)     GC Worker Other (ms):     Min:  0.0, Avg:  0.0, Max:  0.0, Diff:  0.0, Sum:  0.1, Workers: 8
[7.617s][debug][gc,phases      ] GC(28)     GC Worker Total (ms):     Min:  0.3, Avg:  0.3, Max:  0.3, Diff:  0.0, Sum:  2.0, Workers: 8
[7.617s][info ][gc,phases      ] GC(28)   Post Evacuate Collection Set: 0.4ms
[7.617s][debug][gc,phases      ] GC(28)     Code Roots Fixup: 0.0ms
[7.617s][debug][gc,phases      ] GC(28)     Clear Card Table: 0.1ms
[7.617s][debug][gc,phases      ] GC(28)     Reference Processing: 0.0ms
[7.617s][debug][gc,phases,ref  ] GC(28)       Reconsider SoftReferences: 0.0ms
[7.617s][debug][gc,phases,ref  ] GC(28)         SoftRef (ms):             skipped
[7.617s][debug][gc,phases,ref  ] GC(28)       Notify Soft/WeakReferences: 0.0ms
[7.617s][debug][gc,phases,ref  ] GC(28)         SoftRef (ms):             Min:  0.0, Avg:  0.0, Max:  0.0, Diff:  0.0, Sum:  0.0, Workers: 1
[7.617s][debug][gc,phases,ref  ] GC(28)         WeakRef (ms):             Min:  0.0, Avg:  0.0, Max:  0.0, Diff:  0.0, Sum:  0.0, Workers: 1
[7.617s][debug][gc,phases,ref  ] GC(28)         FinalRef (ms):            Min:  0.0, Avg:  0.0, Max:  0.0, Diff:  0.0, Sum:  0.0, Workers: 1
[7.617s][debug][gc,phases,ref  ] GC(28)         Total (ms):               Min:  0.0, Avg:  0.0, Max:  0.0, Diff:  0.0, Sum:  0.0, Workers: 1
[7.617s][debug][gc,phases,ref  ] GC(28)       Notify and keep alive finalizable: 0.0ms
[7.617s][debug][gc,phases,ref  ] GC(28)         FinalRef (ms):            skipped
[7.617s][debug][gc,phases,ref  ] GC(28)       Notify PhantomReferences: 0.0ms
[7.617s][debug][gc,phases,ref  ] GC(28)         PhantomRef (ms):          Min:  0.0, Avg:  0.0, Max:  0.0, Diff:  0.0, Sum:  0.0, Workers: 1
[7.617s][debug][gc,phases,ref  ] GC(28)       SoftReference:
[7.617s][debug][gc,phases,ref  ] GC(28)         Discovered: 0
[7.617s][debug][gc,phases,ref  ] GC(28)         Cleared: 0
[7.617s][debug][gc,phases,ref  ] GC(28)       WeakReference:
[7.617s][debug][gc,phases,ref  ] GC(28)         Discovered: 11
[7.617s][debug][gc,phases,ref  ] GC(28)         Cleared: 9
[7.617s][debug][gc,phases,ref  ] GC(28)       FinalReference:
[7.617s][debug][gc,phases,ref  ] GC(28)         Discovered: 0
[7.617s][debug][gc,phases,ref  ] GC(28)         Cleared: 0
[7.617s][debug][gc,phases,ref  ] GC(28)       PhantomReference:
[7.617s][debug][gc,phases,ref  ] GC(28)         Discovered: 59
[7.617s][debug][gc,phases,ref  ] GC(28)         Cleared: 59
[7.617s][debug][gc,phases      ] GC(28)     Weak Processing: 0.0ms
[7.617s][debug][gc,phases      ] GC(28)       JVMTI weak processing: 0.0ms
[7.617s][debug][gc,phases      ] GC(28)         Dead: 0
[7.617s][debug][gc,phases      ] GC(28)         Total: 0
[7.617s][debug][gc,phases      ] GC(28)       JFR weak processing: 0.0ms
[7.617s][debug][gc,phases      ] GC(28)         Dead: 0
[7.617s][debug][gc,phases      ] GC(28)         Total: 0
[7.617s][debug][gc,phases      ] GC(28)       JNI weak                  Min:  0.0, Avg:  0.0, Max:  0.0, Diff:  0.0, Sum:  0.0, Workers: 5
[7.617s][debug][gc,phases      ] GC(28)         Dead                      Min: 0, Avg:  0.0, Max: 0, Diff: 0, Sum: 0, Workers: 5
[7.617s][debug][gc,phases      ] GC(28)         Total                     Min: 0, Avg: 31.4, Max: 126, Diff: 126, Sum: 157, Workers: 5
[7.617s][debug][gc,phases      ] GC(28)       VM weak                   Min:  0.0, Avg:  0.0, Max:  0.0, Diff:  0.0, Sum:  0.0, Workers: 5
[7.617s][debug][gc,phases      ] GC(28)         Dead                      Min: 0, Avg:  0.0, Max: 0, Diff: 0, Sum: 0, Workers: 5
[7.617s][debug][gc,phases      ] GC(28)         Total                     Min: 0, Avg: 42.4, Max: 64, Diff: 64, Sum: 212, Workers: 5
[7.617s][debug][gc,phases      ] GC(28)       StringTable weak          Min:  0.0, Avg:  0.0, Max:  0.0, Diff:  0.0, Sum:  0.1, Workers: 5
[7.617s][debug][gc,phases      ] GC(28)         Dead                      Min: 0, Avg:  0.0, Max: 0, Diff: 0, Sum: 0, Workers: 5
[7.617s][debug][gc,phases      ] GC(28)         Total                     Min: 0, Avg: 684.4, Max: 960, Diff: 960, Sum: 3422, Workers: 5
[7.617s][debug][gc,phases      ] GC(28)       ResolvedMethodTable weak  Min:  0.0, Avg:  0.0, Max:  0.0, Diff:  0.0, Sum:  0.0, Workers: 5
[7.617s][debug][gc,phases      ] GC(28)         Dead                      Min: 0, Avg:  0.0, Max: 0, Diff: 0, Sum: 0, Workers: 5
[7.617s][debug][gc,phases      ] GC(28)         Total                     Min: 0, Avg: 114.6, Max: 192, Diff: 192, Sum: 573, Workers: 5
[7.617s][debug][gc,phases      ] GC(28)     Merge Per-Thread State: 0.0ms
[7.617s][debug][gc,phases      ] GC(28)       Copied Bytes              Min: 18120, Avg: 175588.0, Max: 279792, Diff: 261672, Sum: 1404704, Workers: 8
[7.617s][debug][gc,phases      ] GC(28)       LAB Waste                 Min: 112, Avg: 185.0, Max: 296, Diff: 184, Sum: 1480, Workers: 8
[7.617s][debug][gc,phases      ] GC(28)       LAB Undo Waste            Min: 0, Avg:  0.0, Max: 0, Diff: 0, Sum: 0, Workers: 8
[7.617s][debug][gc,phases      ] GC(28)     Code Roots Purge: 0.0ms
[7.617s][debug][gc,phases      ] GC(28)     Redirty Cards: 0.0ms
[7.617s][debug][gc,phases      ] GC(28)     DerivedPointerTable Update: 0.0ms
[7.617s][debug][gc,phases      ] GC(28)     Free Collection Set: 0.1ms
[7.617s][debug][gc,phases      ] GC(28)     Rebuild Free List: 0.1ms
[7.617s][debug][gc,phases      ] GC(28)     Humongous Reclaim: 0.0ms
[7.617s][debug][gc,phases      ] GC(28)     Start New Collection Set: 0.0ms
[7.617s][debug][gc,phases      ] GC(28)     Resize TLABs: 0.0ms
[7.617s][debug][gc,phases      ] GC(28)     Expand Heap After Collection: 0.0ms
[7.617s][info ][gc,phases      ] GC(28)   Other: 0.5ms
[7.617s][info ][gc,heap        ] GC(28) Eden regions: 197->0(197)
[7.617s][info ][gc,heap        ] GC(28) Survivor regions: 2->2(25)
[7.617s][info ][gc,heap        ] GC(28) Old regions: 7->7
[7.617s][info ][gc,heap        ] GC(28) Archive regions: 2->2
[7.618s][info ][gc,heap        ] GC(28) Humongous regions: 0->0
[7.618s][info ][gc,metaspace   ] GC(28) Metaspace: 10058K(10624K)->10058K(10624K) NonClass: 8907K(9216K)->8907K(9216K) Class: 1151K(1408K)->1151K(1408K)
[7.618s][debug][gc,heap        ] GC(28) Heap after GC invocations=29 (full 1): garbage-first heap   total 340992K, used 5188K [0x0000000700000000, 0x0000000800000000)
[7.618s][debug][gc,heap        ] GC(28)   region size 1024K, 2 young (2048K), 2 survivors (2048K)
[7.618s][debug][gc,heap        ] GC(28)  Metaspace       used 10058K, capacity 10368K, committed 10624K, reserved 1058816K
[7.618s][debug][gc,heap        ] GC(28)   class space    used 1151K, capacity 1266K, committed 1408K, reserved 1048576K
[7.618s][info ][gc             ] GC(28) Pause Young (Normal) (G1 Evacuation Pause) 201M->5M(333M) 2.361ms
[7.618s][info ][gc,cpu         ] GC(28) User=0.01s Sys=0.00s Real=0.00s
[7.618s][info ][safepoint      ] Safepoint "G1CollectForAllocation", Time since last: 316089568 ns, Reaching safepoint: 178621 ns, At safepoint: 2652585 ns, Total: 2831206 ns
[7.916s][debug][gc,heap        ] GC(29) Heap before GC invocations=29 (full 1): garbage-first heap   total 340992K, used 206916K [0x0000000700000000, 0x0000000800000000)
[7.916s][debug][gc,heap        ] GC(29)   region size 1024K, 199 young (203776K), 2 survivors (2048K)
[7.916s][debug][gc,heap        ] GC(29)  Metaspace       used 10061K, capacity 10368K, committed 10624K, reserved 1058816K
[7.916s][debug][gc,heap        ] GC(29)   class space    used 1151K, capacity 1266K, committed 1408K, reserved 1048576K
[7.916s][info ][gc,start       ] GC(29) Pause Young (Normal) (G1 Evacuation Pause)
[7.916s][info ][gc,task        ] GC(29) Using 8 workers of 8 for evacuation
[7.916s][debug][gc,tlab        ] GC(29) TLAB totals: thrds: 10  refills: 790 max: 109 slow allocs: 6 max 6 waste:  1.2% gc: 2102752B max: 483192B slow: 456536B max: 63088B fast: 0B max: 0B
[7.916s][debug][gc,age         ] GC(29) Desired survivor size 13107200 bytes, new threshold 15 (max threshold 15)
[7.916s][debug][gc,alloc,region] GC(29) Mutator Allocation stats, regions: 197, wasted size: 9144B ( 0.0%)
[7.916s][debug][gc,ergo        ] GC(29) Running G1 Merge Heap Roots using 8 workers for 199 regions
[7.916s][debug][gc,remset      ] GC(29) Visited cards 3840 Total dirty 16384 (23.44%) Total old 833536 (0.46%)
[7.916s][debug][gc,ergo        ] GC(29) Running G1 Clear Card Table Task using 1 workers for 1 units of work for 207 regions.
[7.917s][debug][gc,ref         ] GC(29) Skipped phase1 of Reference Processing due to unavailable references
[7.917s][debug][gc,ref         ] GC(29) Skipped phase3 of Reference Processing due to unavailable references
[7.917s][debug][gc,ergo        ] GC(29) Running G1 Free Collection Set using 8 workers for collection set length 199 (333)
[7.917s][debug][gc,ergo        ] GC(29) Running G1 Rebuild Free List Task using 8 workers for rebuilding free list of 0 (4096) regions
[7.917s][trace][gc,age         ] GC(29) Age table with threshold 15 (max threshold 15)
[7.917s][trace][gc,age         ] GC(29) - age   1:     163176 bytes,     163176 total
[7.917s][trace][gc,age         ] GC(29) - age   2:     241448 bytes,     404624 total
[7.917s][trace][gc,age         ] GC(29) - age   3:      82096 bytes,     486720 total
[7.917s][trace][gc,age         ] GC(29) - age   4:     339592 bytes,     826312 total
[7.917s][trace][gc,age         ] GC(29) - age   5:       1184 bytes,     827496 total
[7.917s][trace][gc,age         ] GC(29) - age   6:     242224 bytes,    1069720 total
[7.917s][trace][gc,age         ] GC(29) - age   7:      81904 bytes,    1151624 total
[7.917s][trace][gc,age         ] GC(29) - age   8:      81032 bytes,    1232656 total
[7.917s][trace][gc,age         ] GC(29) - age   9:      81032 bytes,    1313688 total
[7.917s][trace][gc,age         ] GC(29) - age  10:       1392 bytes,    1315080 total
[7.917s][trace][gc,age         ] GC(29) - age  11:         32 bytes,    1315112 total
[7.917s][trace][gc,age         ] GC(29) - age  13:      81760 bytes,    1396872 total
[7.917s][trace][gc,age         ] GC(29) - age  14:     169328 bytes,    1566200 total
[7.917s][debug][gc,plab        ] GC(29) Young PLAB allocation: allocated: 113744B, wasted: 1568B, unused: 7832B, used: 104344B, undo waste: 0B, 
[7.917s][debug][gc,plab        ] GC(29) Young other allocation: region end waste: 0B, regions filled: 2, direct allocated: 1461856B, failure used: 0B, failure wasted: 0B
[7.917s][debug][gc,plab        ] GC(29) Young sizing: calculated: 20864B, actual: 19984B
[7.917s][debug][gc,plab        ] GC(29) Old PLAB allocation: allocated: 0B, wasted: 0B, unused: 0B, used: 0B, undo waste: 0B, 
[7.917s][debug][gc,plab        ] GC(29) Old other allocation: region end waste: 0B, regions filled: 1, direct allocated: 0B, failure used: 0B, failure wasted: 0B
[7.917s][debug][gc,plab        ] GC(29) Old sizing: calculated: 0B, actual: 2064B
[7.917s][debug][gc,ihop        ] GC(29) Basic information (value update), threshold: 157129113B (45.00), target occupancy: 349175808B, current occupancy: 5469704B, recent allocation size: 0B, recent allocation duration: 299.37ms, recent old gen allocation rate: 0.00B/s, recent marking phase length: 0.00ms
[7.917s][debug][gc,ihop        ] GC(29) Adaptive IHOP information (value update), threshold: 157129113B (47.37), internal target occupancy: 331717017B, occupancy: 5469704B, additional buffer size: 208666624B, predicted old gen allocation rate: 50573.22B/s, predicted marking phase length: 0.00ms, prediction active: false
[7.917s][debug][gc,ergo,refine ] GC(29) Concurrent refinement times: Logged Cards Scan time goal: 20.00ms Logged Cards Scan time: 0.03ms HCC time: 0.00ms
[7.917s][debug][gc,ergo,refine ] GC(29) Updated Refinement Zones: green: 2048, yellow: 6144, red: 10240
[7.917s][info ][gc,phases      ] GC(29)   Pre Evacuate Collection Set: 0.1ms
[7.917s][debug][gc,phases      ] GC(29)     Prepare TLABs: 0.0ms
[7.917s][debug][gc,phases      ] GC(29)     Choose Collection Set: 0.0ms
[7.917s][debug][gc,phases      ] GC(29)     Region Register: 0.1ms
[7.917s][debug][gc,phases      ] GC(29)     Prepare Heap Roots: 0.0ms
[7.917s][info ][gc,phases      ] GC(29)   Merge Heap Roots: 0.1ms
[7.917s][debug][gc,phases      ] GC(29)     Prepare Merge Heap Roots: 0.0ms
[7.917s][debug][gc,phases      ] GC(29)     Eager Reclaim (ms):       skipped
[7.917s][debug][gc,phases      ] GC(29)     Remembered Sets (ms):     Min:  0.0, Avg:  0.0, Max:  0.0, Diff:  0.0, Sum:  0.1, Workers: 8
[7.917s][debug][gc,phases      ] GC(29)       Merged Sparse:            Min: 0, Avg:  0.0, Max: 0, Diff: 0, Sum: 0, Workers: 8
[7.917s][debug][gc,phases      ] GC(29)       Merged Fine:              Min: 0, Avg:  0.0, Max: 0, Diff: 0, Sum: 0, Workers: 8
[7.917s][debug][gc,phases      ] GC(29)       Merged Coarse:            Min: 0, Avg:  0.0, Max: 0, Diff: 0, Sum: 0, Workers: 8
[7.917s][debug][gc,phases      ] GC(29)       Dirty Cards:              Min: 0, Avg:  0.0, Max: 0, Diff: 0, Sum: 0, Workers: 8
[7.917s][debug][gc,phases      ] GC(29)     Hot Card Cache (ms):      Min:  0.0, Avg:  0.0, Max:  0.0, Diff:  0.0, Sum:  0.0, Workers: 8
[7.917s][debug][gc,phases      ] GC(29)       Dirty Cards:              Min: 0, Avg:  0.0, Max: 0, Diff: 0, Sum: 0, Workers: 8
[7.917s][debug][gc,phases      ] GC(29)       Skipped Cards:            Min: 0, Avg:  0.0, Max: 0, Diff: 0, Sum: 0, Workers: 8
[7.917s][debug][gc,phases      ] GC(29)     Log Buffers (ms):         Min:  0.0, Avg:  0.0, Max:  0.0, Diff:  0.0, Sum:  0.1, Workers: 8
[7.917s][debug][gc,phases      ] GC(29)       Dirty Cards:              Min: 0, Avg:  9.9, Max: 57, Diff: 57, Sum: 79, Workers: 8
[7.917s][debug][gc,phases      ] GC(29)       Skipped Cards:            Min: 0, Avg:  0.0, Max: 0, Diff: 0, Sum: 0, Workers: 8
[7.917s][info ][gc,phases      ] GC(29)   Evacuate Collection Set: 0.4ms
[7.917s][debug][gc,phases      ] GC(29)     Ext Root Scanning (ms):   Min:  0.0, Avg:  0.1, Max:  0.2, Diff:  0.2, Sum:  0.5, Workers: 8
[7.917s][debug][gc,phases      ] GC(29)     Scan Heap Roots (ms):     Min:  0.0, Avg:  0.0, Max:  0.1, Diff:  0.1, Sum:  0.2, Workers: 8
[7.917s][debug][gc,phases      ] GC(29)       Scanned Cards:            Min: 0, Avg:  8.9, Max: 16, Diff: 16, Sum: 71, Workers: 8
[7.917s][debug][gc,phases      ] GC(29)       Scanned Blocks:           Min: 0, Avg:  6.9, Max: 12, Diff: 12, Sum: 55, Workers: 8
[7.917s][debug][gc,phases      ] GC(29)       Claimed Chunks:           Min: 0, Avg:  1.9, Max: 3, Diff: 3, Sum: 15, Workers: 8
[7.917s][debug][gc,phases      ] GC(29)     Code Root Scan (ms):      Min:  0.0, Avg:  0.0, Max:  0.0, Diff:  0.0, Sum:  0.1, Workers: 8
[7.917s][debug][gc,phases      ] GC(29)     Object Copy (ms):         Min:  0.1, Avg:  0.2, Max:  0.2, Diff:  0.1, Sum:  1.5, Workers: 8
[7.917s][debug][gc,phases      ] GC(29)     Termination (ms):         Min:  0.0, Avg:  0.0, Max:  0.0, Diff:  0.0, Sum:  0.3, Workers: 8
[7.917s][debug][gc,phases      ] GC(29)       Termination Attempts:     Min: 1, Avg:  1.0, Max: 1, Diff: 0, Sum: 8, Workers: 8
[7.917s][debug][gc,phases      ] GC(29)     GC Worker Other (ms):     Min:  0.0, Avg:  0.0, Max:  0.0, Diff:  0.0, Sum:  0.2, Workers: 8
[7.917s][debug][gc,phases      ] GC(29)     GC Worker Total (ms):     Min:  0.3, Avg:  0.4, Max:  0.4, Diff:  0.1, Sum:  2.8, Workers: 8
[7.917s][info ][gc,phases      ] GC(29)   Post Evacuate Collection Set: 0.4ms
[7.917s][debug][gc,phases      ] GC(29)     Code Roots Fixup: 0.0ms
[7.917s][debug][gc,phases      ] GC(29)     Clear Card Table: 0.1ms
[7.917s][debug][gc,phases      ] GC(29)     Reference Processing: 0.0ms
[7.917s][debug][gc,phases,ref  ] GC(29)       Reconsider SoftReferences: 0.0ms
[7.917s][debug][gc,phases,ref  ] GC(29)         SoftRef (ms):             skipped
[7.917s][debug][gc,phases,ref  ] GC(29)       Notify Soft/WeakReferences: 0.0ms
[7.917s][debug][gc,phases,ref  ] GC(29)         SoftRef (ms):             Min:  0.0, Avg:  0.0, Max:  0.0, Diff:  0.0, Sum:  0.0, Workers: 1
[7.917s][debug][gc,phases,ref  ] GC(29)         WeakRef (ms):             Min:  0.0, Avg:  0.0, Max:  0.0, Diff:  0.0, Sum:  0.0, Workers: 1
[7.917s][debug][gc,phases,ref  ] GC(29)         FinalRef (ms):            Min:  0.0, Avg:  0.0, Max:  0.0, Diff:  0.0, Sum:  0.0, Workers: 1
[7.917s][debug][gc,phases,ref  ] GC(29)         Total (ms):               Min:  0.0, Avg:  0.0, Max:  0.0, Diff:  0.0, Sum:  0.0, Workers: 1
[7.917s][debug][gc,phases,ref  ] GC(29)       Notify and keep alive finalizable: 0.0ms
[7.917s][debug][gc,phases,ref  ] GC(29)         FinalRef (ms):            skipped
[7.917s][debug][gc,phases,ref  ] GC(29)       Notify PhantomReferences: 0.0ms
[7.917s][debug][gc,phases,ref  ] GC(29)         PhantomRef (ms):          Min:  0.0, Avg:  0.0, Max:  0.0, Diff:  0.0, Sum:  0.0, Workers: 1
[7.917s][debug][gc,phases,ref  ] GC(29)       SoftReference:
[7.917s][debug][gc,phases,ref  ] GC(29)         Discovered: 0
[7.917s][debug][gc,phases,ref  ] GC(29)         Cleared: 0
[7.917s][debug][gc,phases,ref  ] GC(29)       WeakReference:
[7.917s][debug][gc,phases,ref  ] GC(29)         Discovered: 2
[7.917s][debug][gc,phases,ref  ] GC(29)         Cleared: 0
[7.917s][debug][gc,phases,ref  ] GC(29)       FinalReference:
[7.917s][debug][gc,phases,ref  ] GC(29)         Discovered: 0
[7.917s][debug][gc,phases,ref  ] GC(29)         Cleared: 0
[7.917s][debug][gc,phases,ref  ] GC(29)       PhantomReference:
[7.917s][debug][gc,phases,ref  ] GC(29)         Discovered: 64
[7.917s][debug][gc,phases,ref  ] GC(29)         Cleared: 64
[7.917s][debug][gc,phases      ] GC(29)     Weak Processing: 0.1ms
[7.917s][debug][gc,phases      ] GC(29)       JVMTI weak processing: 0.0ms
[7.917s][debug][gc,phases      ] GC(29)         Dead: 0
[7.917s][debug][gc,phases      ] GC(29)         Total: 0
[7.917s][debug][gc,phases      ] GC(29)       JFR weak processing: 0.0ms
[7.917s][debug][gc,phases      ] GC(29)         Dead: 0
[7.917s][debug][gc,phases      ] GC(29)         Total: 0
[7.917s][debug][gc,phases      ] GC(29)       JNI weak                  Min:  0.0, Avg:  0.0, Max:  0.0, Diff:  0.0, Sum:  0.0, Workers: 5
[7.917s][debug][gc,phases      ] GC(29)         Dead                      Min: 0, Avg:  0.0, Max: 0, Diff: 0, Sum: 0, Workers: 5
[7.917s][debug][gc,phases      ] GC(29)         Total                     Min: 0, Avg: 33.0, Max: 103, Diff: 103, Sum: 165, Workers: 5
[7.917s][debug][gc,phases      ] GC(29)       VM weak                   Min:  0.0, Avg:  0.0, Max:  0.0, Diff:  0.0, Sum:  0.0, Workers: 5
[7.917s][debug][gc,phases      ] GC(29)         Dead                      Min: 0, Avg:  0.0, Max: 0, Diff: 0, Sum: 0, Workers: 5
[7.917s][debug][gc,phases      ] GC(29)         Total                     Min: 0, Avg: 42.4, Max: 128, Diff: 128, Sum: 212, Workers: 5
[7.917s][debug][gc,phases      ] GC(29)       StringTable weak          Min:  0.0, Avg:  0.0, Max:  0.1, Diff:  0.1, Sum:  0.1, Workers: 5
[7.917s][debug][gc,phases      ] GC(29)         Dead                      Min: 0, Avg:  0.0, Max: 0, Diff: 0, Sum: 0, Workers: 5
[7.917s][debug][gc,phases      ] GC(29)         Total                     Min: 0, Avg: 684.8, Max: 1664, Diff: 1664, Sum: 3424, Workers: 5
[7.917s][debug][gc,phases      ] GC(29)       ResolvedMethodTable weak  Min:  0.0, Avg:  0.0, Max:  0.0, Diff:  0.0, Sum:  0.0, Workers: 5
[7.917s][debug][gc,phases      ] GC(29)         Dead                      Min: 0, Avg:  0.0, Max: 0, Diff: 0, Sum: 0, Workers: 5
[7.917s][debug][gc,phases      ] GC(29)         Total                     Min: 0, Avg: 114.6, Max: 253, Diff: 253, Sum: 573, Workers: 5
[7.917s][debug][gc,phases      ] GC(29)     Merge Per-Thread State: 0.0ms
[7.917s][debug][gc,phases      ] GC(29)       Copied Bytes              Min: 58424, Avg: 195775.0, Max: 279848, Diff: 221424, Sum: 1566200, Workers: 8
[7.917s][debug][gc,phases      ] GC(29)       LAB Waste                 Min: 72, Avg: 196.0, Max: 320, Diff: 248, Sum: 1568, Workers: 8
[7.917s][debug][gc,phases      ] GC(29)       LAB Undo Waste            Min: 0, Avg:  0.0, Max: 0, Diff: 0, Sum: 0, Workers: 8
[7.917s][debug][gc,phases      ] GC(29)     Code Roots Purge: 0.0ms
[7.917s][debug][gc,phases      ] GC(29)     Redirty Cards: 0.0ms
[7.917s][debug][gc,phases      ] GC(29)     DerivedPointerTable Update: 0.0ms
[7.917s][debug][gc,phases      ] GC(29)     Free Collection Set: 0.1ms
[7.917s][debug][gc,phases      ] GC(29)     Rebuild Free List: 0.1ms
[7.917s][debug][gc,phases      ] GC(29)     Humongous Reclaim: 0.0ms
[7.917s][debug][gc,phases      ] GC(29)     Start New Collection Set: 0.0ms
[7.918s][debug][gc,phases      ] GC(29)     Resize TLABs: 0.0ms
[7.918s][debug][gc,phases      ] GC(29)     Expand Heap After Collection: 0.0ms
[7.918s][info ][gc,phases      ] GC(29)   Other: 0.3ms
[7.918s][info ][gc,heap        ] GC(29) Eden regions: 197->0(197)
[7.918s][info ][gc,heap        ] GC(29) Survivor regions: 2->2(25)
[7.918s][info ][gc,heap        ] GC(29) Old regions: 7->7
[7.918s][info ][gc,heap        ] GC(29) Archive regions: 2->2
[7.918s][info ][gc,heap        ] GC(29) Humongous regions: 0->0
[7.918s][info ][gc,metaspace   ] GC(29) Metaspace: 10061K(10624K)->10061K(10624K) NonClass: 8910K(9216K)->8910K(9216K) Class: 1151K(1408K)->1151K(1408K)
[7.918s][debug][gc,heap        ] GC(29) Heap after GC invocations=30 (full 1): garbage-first heap   total 340992K, used 5341K [0x0000000700000000, 0x0000000800000000)
[7.918s][debug][gc,heap        ] GC(29)   region size 1024K, 2 young (2048K), 2 survivors (2048K)
[7.918s][debug][gc,heap        ] GC(29)  Metaspace       used 10061K, capacity 10368K, committed 10624K, reserved 1058816K
[7.918s][debug][gc,heap        ] GC(29)   class space    used 1151K, capacity 1266K, committed 1408K, reserved 1048576K
[7.918s][info ][gc             ] GC(29) Pause Young (Normal) (G1 Evacuation Pause) 202M->5M(333M) 1.847ms
[7.918s][info ][gc,cpu         ] GC(29) User=0.01s Sys=0.00s Real=0.00s
[7.918s][info ][safepoint      ] Safepoint "G1CollectForAllocation", Time since last: 297677420 ns, Reaching safepoint: 198235 ns, At safepoint: 2042398 ns, Total: 2240633 ns
[8.140s][debug][gc,heap        ] GC(30) Heap before GC invocations=30 (full 1): garbage-first heap   total 340992K, used 206045K [0x0000000700000000, 0x0000000800000000)
[8.140s][debug][gc,heap        ] GC(30)   region size 1024K, 199 young (203776K), 2 survivors (2048K)
[8.140s][debug][gc,heap        ] GC(30)  Metaspace       used 10074K, capacity 10368K, committed 10624K, reserved 1058816K
[8.140s][debug][gc,heap        ] GC(30)   class space    used 1151K, capacity 1266K, committed 1408K, reserved 1048576K
[8.140s][info ][gc,start       ] GC(30) Pause Young (Normal) (G1 Evacuation Pause)
[8.140s][info ][gc,task        ] GC(30) Using 8 workers of 8 for evacuation
[8.140s][debug][gc,tlab        ] GC(30) TLAB totals: thrds: 9  refills: 810 max: 108 slow allocs: 8 max 8 waste:  1.0% gc: 1620592B max: 323576B slow: 468552B max: 62464B fast: 0B max: 0B
[8.140s][debug][gc,age         ] GC(30) Desired survivor size 13107200 bytes, new threshold 15 (max threshold 15)
[8.140s][debug][gc,alloc,region] GC(30) Mutator Allocation stats, regions: 197, wasted size: 3184B ( 0.0%)
[8.140s][debug][gc,ergo        ] GC(30) Running G1 Merge Heap Roots using 8 workers for 199 regions
[8.140s][debug][gc,remset      ] GC(30) Visited cards 3840 Total dirty 16384 (23.44%) Total old 833536 (0.46%)
[8.141s][debug][gc,ergo        ] GC(30) Running G1 Clear Card Table Task using 1 workers for 1 units of work for 207 regions.
[8.141s][debug][gc,ref         ] GC(30) Skipped phase1 of Reference Processing due to unavailable references
[8.141s][debug][gc,ref         ] GC(30) Skipped phase3 of Reference Processing due to unavailable references
[8.141s][debug][gc,ergo        ] GC(30) Running G1 Free Collection Set using 8 workers for collection set length 199 (333)
[8.141s][debug][gc,ergo        ] GC(30) Running G1 Rebuild Free List Task using 8 workers for rebuilding free list of 0 (4096) regions
[8.141s][trace][gc,age         ] GC(30) Age table with threshold 15 (max threshold 15)
[8.141s][trace][gc,age         ] GC(30) - age   1:     246784 bytes,     246784 total
[8.141s][trace][gc,age         ] GC(30) - age   2:     161304 bytes,     408088 total
[8.141s][trace][gc,age         ] GC(30) - age   3:     241416 bytes,     649504 total
[8.141s][trace][gc,age         ] GC(30) - age   4:      82096 bytes,     731600 total
[8.141s][trace][gc,age         ] GC(30) - age   5:     339592 bytes,    1071192 total
[8.141s][trace][gc,age         ] GC(30) - age   6:       1184 bytes,    1072376 total
[8.141s][trace][gc,age         ] GC(30) - age   7:     241696 bytes,    1314072 total
[8.141s][trace][gc,age         ] GC(30) - age   8:      81512 bytes,    1395584 total
[8.141s][trace][gc,age         ] GC(30) - age   9:      81032 bytes,    1476616 total
[8.141s][trace][gc,age         ] GC(30) - age  10:      81032 bytes,    1557648 total
[8.141s][trace][gc,age         ] GC(30) - age  11:       1392 bytes,    1559040 total
[8.141s][trace][gc,age         ] GC(30) - age  12:         32 bytes,    1559072 total
[8.141s][trace][gc,age         ] GC(30) - age  14:      81760 bytes,    1640832 total
[8.141s][trace][gc,age         ] GC(30) - age  15:     169328 bytes,    1810160 total
[8.141s][debug][gc,plab        ] GC(30) Young PLAB allocation: allocated: 127296B, wasted: 1424B, unused: 8064B, used: 117808B, undo waste: 0B, 
[8.141s][debug][gc,plab        ] GC(30) Young other allocation: region end waste: 37184B, regions filled: 2, direct allocated: 1692352B, failure used: 0B, failure wasted: 0B
[8.141s][debug][gc,plab        ] GC(30) Young sizing: calculated: 16120B, actual: 17080B
[8.141s][debug][gc,plab        ] GC(30) Old PLAB allocation: allocated: 0B, wasted: 0B, unused: 0B, used: 0B, undo waste: 0B, 
[8.141s][debug][gc,plab        ] GC(30) Old other allocation: region end waste: 0B, regions filled: 1, direct allocated: 0B, failure used: 0B, failure wasted: 0B
[8.141s][debug][gc,plab        ] GC(30) Old sizing: calculated: 0B, actual: 2064B
[8.141s][debug][gc,ihop        ] GC(30) Basic information (value update), threshold: 157129113B (45.00), target occupancy: 349175808B, current occupancy: 5750936B, recent allocation size: 0B, recent allocation duration: 223.05ms, recent old gen allocation rate: 0.00B/s, recent marking phase length: 0.00ms
[8.141s][debug][gc,ihop        ] GC(30) Adaptive IHOP information (value update), threshold: 157129113B (47.37), internal target occupancy: 331717017B, occupancy: 5750936B, additional buffer size: 208666624B, predicted old gen allocation rate: 48976.88B/s, predicted marking phase length: 0.00ms, prediction active: false
[8.141s][debug][gc,ergo,refine ] GC(30) Concurrent refinement times: Logged Cards Scan time goal: 20.00ms Logged Cards Scan time: 0.03ms HCC time: 0.00ms
[8.141s][debug][gc,ergo,refine ] GC(30) Updated Refinement Zones: green: 2048, yellow: 6144, red: 10240
[8.141s][info ][gc,phases      ] GC(30)   Pre Evacuate Collection Set: 0.1ms
[8.141s][debug][gc,phases      ] GC(30)     Prepare TLABs: 0.0ms
[8.141s][debug][gc,phases      ] GC(30)     Choose Collection Set: 0.0ms
[8.141s][debug][gc,phases      ] GC(30)     Region Register: 0.1ms
[8.141s][debug][gc,phases      ] GC(30)     Prepare Heap Roots: 0.0ms
[8.141s][info ][gc,phases      ] GC(30)   Merge Heap Roots: 0.1ms
[8.141s][debug][gc,phases      ] GC(30)     Prepare Merge Heap Roots: 0.0ms
[8.141s][debug][gc,phases      ] GC(30)     Eager Reclaim (ms):       skipped
[8.141s][debug][gc,phases      ] GC(30)     Remembered Sets (ms):     Min:  0.0, Avg:  0.0, Max:  0.0, Diff:  0.0, Sum:  0.0, Workers: 8
[8.141s][debug][gc,phases      ] GC(30)       Merged Sparse:            Min: 0, Avg:  0.0, Max: 0, Diff: 0, Sum: 0, Workers: 8
[8.141s][debug][gc,phases      ] GC(30)       Merged Fine:              Min: 0, Avg:  0.0, Max: 0, Diff: 0, Sum: 0, Workers: 8
[8.141s][debug][gc,phases      ] GC(30)       Merged Coarse:            Min: 0, Avg:  0.0, Max: 0, Diff: 0, Sum: 0, Workers: 8
[8.141s][debug][gc,phases      ] GC(30)       Dirty Cards:              Min: 0, Avg:  0.0, Max: 0, Diff: 0, Sum: 0, Workers: 8
[8.141s][debug][gc,phases      ] GC(30)     Hot Card Cache (ms):      Min:  0.0, Avg:  0.0, Max:  0.0, Diff:  0.0, Sum:  0.0, Workers: 8
[8.141s][debug][gc,phases      ] GC(30)       Dirty Cards:              Min: 0, Avg:  0.0, Max: 0, Diff: 0, Sum: 0, Workers: 8
[8.141s][debug][gc,phases      ] GC(30)       Skipped Cards:            Min: 0, Avg:  0.0, Max: 0, Diff: 0, Sum: 0, Workers: 8
[8.141s][debug][gc,phases      ] GC(30)     Log Buffers (ms):         Min:  0.0, Avg:  0.0, Max:  0.0, Diff:  0.0, Sum:  0.0, Workers: 8
[8.141s][debug][gc,phases      ] GC(30)       Dirty Cards:              Min: 0, Avg: 10.1, Max: 63, Diff: 63, Sum: 81, Workers: 8
[8.141s][debug][gc,phases      ] GC(30)       Skipped Cards:            Min: 0, Avg:  0.0, Max: 0, Diff: 0, Sum: 0, Workers: 8
[8.141s][info ][gc,phases      ] GC(30)   Evacuate Collection Set: 0.4ms
[8.141s][debug][gc,phases      ] GC(30)     Ext Root Scanning (ms):   Min:  0.0, Avg:  0.0, Max:  0.1, Diff:  0.1, Sum:  0.3, Workers: 8
[8.141s][debug][gc,phases      ] GC(30)     Scan Heap Roots (ms):     Min:  0.0, Avg:  0.0, Max:  0.1, Diff:  0.1, Sum:  0.2, Workers: 8
[8.141s][debug][gc,phases      ] GC(30)       Scanned Cards:            Min: 0, Avg:  9.2, Max: 19, Diff: 19, Sum: 74, Workers: 8
[8.141s][debug][gc,phases      ] GC(30)       Scanned Blocks:           Min: 0, Avg:  7.0, Max: 12, Diff: 12, Sum: 56, Workers: 8
[8.142s][debug][gc,phases      ] GC(30)       Claimed Chunks:           Min: 0, Avg:  1.9, Max: 3, Diff: 3, Sum: 15, Workers: 8
[8.142s][debug][gc,phases      ] GC(30)     Code Root Scan (ms):      Min:  0.0, Avg:  0.0, Max:  0.0, Diff:  0.0, Sum:  0.1, Workers: 8
[8.142s][debug][gc,phases      ] GC(30)     Object Copy (ms):         Min:  0.2, Avg:  0.2, Max:  0.2, Diff:  0.0, Sum:  1.5, Workers: 8
[8.142s][debug][gc,phases      ] GC(30)     Termination (ms):         Min:  0.1, Avg:  0.1, Max:  0.1, Diff:  0.0, Sum:  0.5, Workers: 8
[8.142s][debug][gc,phases      ] GC(30)       Termination Attempts:     Min: 1, Avg:  1.0, Max: 1, Diff: 0, Sum: 8, Workers: 8
[8.142s][debug][gc,phases      ] GC(30)     GC Worker Other (ms):     Min:  0.0, Avg:  0.0, Max:  0.0, Diff:  0.0, Sum:  0.1, Workers: 8
[8.142s][debug][gc,phases      ] GC(30)     GC Worker Total (ms):     Min:  0.3, Avg:  0.3, Max:  0.4, Diff:  0.1, Sum:  2.7, Workers: 8
[8.142s][info ][gc,phases      ] GC(30)   Post Evacuate Collection Set: 0.5ms
[8.142s][debug][gc,phases      ] GC(30)     Code Roots Fixup: 0.0ms
[8.142s][debug][gc,phases      ] GC(30)     Clear Card Table: 0.2ms
[8.142s][debug][gc,phases      ] GC(30)     Reference Processing: 0.1ms
[8.142s][debug][gc,phases,ref  ] GC(30)       Reconsider SoftReferences: 0.0ms
[8.142s][debug][gc,phases,ref  ] GC(30)         SoftRef (ms):             skipped
[8.142s][debug][gc,phases,ref  ] GC(30)       Notify Soft/WeakReferences: 0.0ms
[8.142s][debug][gc,phases,ref  ] GC(30)         SoftRef (ms):             Min:  0.0, Avg:  0.0, Max:  0.0, Diff:  0.0, Sum:  0.0, Workers: 1
[8.142s][debug][gc,phases,ref  ] GC(30)         WeakRef (ms):             Min:  0.0, Avg:  0.0, Max:  0.0, Diff:  0.0, Sum:  0.0, Workers: 1
[8.142s][debug][gc,phases,ref  ] GC(30)         FinalRef (ms):            Min:  0.0, Avg:  0.0, Max:  0.0, Diff:  0.0, Sum:  0.0, Workers: 1
[8.142s][debug][gc,phases,ref  ] GC(30)         Total (ms):               Min:  0.0, Avg:  0.0, Max:  0.0, Diff:  0.0, Sum:  0.0, Workers: 1
[8.142s][debug][gc,phases,ref  ] GC(30)       Notify and keep alive finalizable: 0.0ms
[8.142s][debug][gc,phases,ref  ] GC(30)         FinalRef (ms):            skipped
[8.142s][debug][gc,phases,ref  ] GC(30)       Notify PhantomReferences: 0.0ms
[8.142s][debug][gc,phases,ref  ] GC(30)         PhantomRef (ms):          Min:  0.0, Avg:  0.0, Max:  0.0, Diff:  0.0, Sum:  0.0, Workers: 1
[8.142s][debug][gc,phases,ref  ] GC(30)       SoftReference:
[8.142s][debug][gc,phases,ref  ] GC(30)         Discovered: 0
[8.142s][debug][gc,phases,ref  ] GC(30)         Cleared: 0
[8.142s][debug][gc,phases,ref  ] GC(30)       WeakReference:
[8.142s][debug][gc,phases,ref  ] GC(30)         Discovered: 2
[8.142s][debug][gc,phases,ref  ] GC(30)         Cleared: 0
[8.142s][debug][gc,phases,ref  ] GC(30)       FinalReference:
[8.142s][debug][gc,phases,ref  ] GC(30)         Discovered: 0
[8.142s][debug][gc,phases,ref  ] GC(30)         Cleared: 0
[8.142s][debug][gc,phases,ref  ] GC(30)       PhantomReference:
[8.142s][debug][gc,phases,ref  ] GC(30)         Discovered: 69
[8.142s][debug][gc,phases,ref  ] GC(30)         Cleared: 69
[8.142s][debug][gc,phases      ] GC(30)     Weak Processing: 0.1ms
[8.142s][debug][gc,phases      ] GC(30)       JVMTI weak processing: 0.0ms
[8.142s][debug][gc,phases      ] GC(30)         Dead: 0
[8.142s][debug][gc,phases      ] GC(30)         Total: 0
[8.142s][debug][gc,phases      ] GC(30)       JFR weak processing: 0.0ms
[8.142s][debug][gc,phases      ] GC(30)         Dead: 0
[8.142s][debug][gc,phases      ] GC(30)         Total: 0
[8.142s][debug][gc,phases      ] GC(30)       JNI weak                  Min:  0.0, Avg:  0.0, Max:  0.0, Diff:  0.0, Sum:  0.1, Workers: 5
[8.142s][debug][gc,phases      ] GC(30)         Dead                      Min: 0, Avg:  0.0, Max: 0, Diff: 0, Sum: 0, Workers: 5
[8.142s][debug][gc,phases      ] GC(30)         Total                     Min: 0, Avg: 35.4, Max: 115, Diff: 115, Sum: 177, Workers: 5
[8.142s][debug][gc,phases      ] GC(30)       VM weak                   Min:  0.0, Avg:  0.0, Max:  0.0, Diff:  0.0, Sum:  0.0, Workers: 5
[8.142s][debug][gc,phases      ] GC(30)         Dead                      Min: 0, Avg:  0.0, Max: 0, Diff: 0, Sum: 0, Workers: 5
[8.142s][debug][gc,phases      ] GC(30)         Total                     Min: 0, Avg: 42.4, Max: 148, Diff: 148, Sum: 212, Workers: 5
[8.142s][debug][gc,phases      ] GC(30)       StringTable weak          Min:  0.0, Avg:  0.0, Max:  0.0, Diff:  0.0, Sum:  0.1, Workers: 5
[8.142s][debug][gc,phases      ] GC(30)         Dead                      Min: 0, Avg:  0.0, Max: 0, Diff: 0, Sum: 0, Workers: 5
[8.142s][debug][gc,phases      ] GC(30)         Total                     Min: 320, Avg: 684.8, Max: 1088, Diff: 768, Sum: 3424, Workers: 5
[8.142s][debug][gc,phases      ] GC(30)       ResolvedMethodTable weak  Min:  0.0, Avg:  0.0, Max:  0.0, Diff:  0.0, Sum:  0.0, Workers: 5
[8.142s][debug][gc,phases      ] GC(30)         Dead                      Min: 0, Avg:  0.0, Max: 0, Diff: 0, Sum: 0, Workers: 5
[8.142s][debug][gc,phases      ] GC(30)         Total                     Min: 0, Avg: 114.6, Max: 192, Diff: 192, Sum: 573, Workers: 5
[8.142s][debug][gc,phases      ] GC(30)     Merge Per-Thread State: 0.0ms
[8.142s][debug][gc,phases      ] GC(30)       Copied Bytes              Min: 98224, Avg: 226270.0, Max: 280424, Diff: 182200, Sum: 1810160, Workers: 8
[8.142s][debug][gc,phases      ] GC(30)       LAB Waste                 Min: 112, Avg: 178.0, Max: 296, Diff: 184, Sum: 1424, Workers: 8
[8.142s][debug][gc,phases      ] GC(30)       LAB Undo Waste            Min: 0, Avg:  0.0, Max: 0, Diff: 0, Sum: 0, Workers: 8
[8.142s][debug][gc,phases      ] GC(30)     Code Roots Purge: 0.0ms
[8.142s][debug][gc,phases      ] GC(30)     Redirty Cards: 0.0ms
[8.142s][debug][gc,phases      ] GC(30)     DerivedPointerTable Update: 0.0ms
[8.142s][debug][gc,phases      ] GC(30)     Free Collection Set: 0.1ms
[8.142s][debug][gc,phases      ] GC(30)     Rebuild Free List: 0.0ms
[8.142s][debug][gc,phases      ] GC(30)     Humongous Reclaim: 0.0ms
[8.142s][debug][gc,phases      ] GC(30)     Start New Collection Set: 0.0ms
[8.142s][debug][gc,phases      ] GC(30)     Resize TLABs: 0.0ms
[8.142s][debug][gc,phases      ] GC(30)     Expand Heap After Collection: 0.0ms
[8.142s][info ][gc,phases      ] GC(30)   Other: 0.4ms
[8.142s][info ][gc,heap        ] GC(30) Eden regions: 197->0(197)
[8.142s][info ][gc,heap        ] GC(30) Survivor regions: 2->2(25)
[8.142s][info ][gc,heap        ] GC(30) Old regions: 7->7
[8.142s][info ][gc,heap        ] GC(30) Archive regions: 2->2
[8.142s][info ][gc,heap        ] GC(30) Humongous regions: 0->0
[8.142s][info ][gc,metaspace   ] GC(30) Metaspace: 10074K(10624K)->10074K(10624K) NonClass: 8923K(9216K)->8923K(9216K) Class: 1151K(1408K)->1151K(1408K)
[8.142s][debug][gc,heap        ] GC(30) Heap after GC invocations=31 (full 1): garbage-first heap   total 340992K, used 5616K [0x0000000700000000, 0x0000000800000000)
[8.142s][debug][gc,heap        ] GC(30)   region size 1024K, 2 young (2048K), 2 survivors (2048K)
[8.142s][debug][gc,heap        ] GC(30)  Metaspace       used 10074K, capacity 10368K, committed 10624K, reserved 1058816K
[8.142s][debug][gc,heap        ] GC(30)   class space    used 1151K, capacity 1266K, committed 1408K, reserved 1048576K
[8.142s][info ][gc             ] GC(30) Pause Young (Normal) (G1 Evacuation Pause) 202M->5M(333M) 1.955ms
[8.142s][info ][gc,cpu         ] GC(30) User=0.00s Sys=0.00s Real=0.00s
[8.142s][info ][safepoint      ] Safepoint "G1CollectForAllocation", Time since last: 222017020 ns, Reaching safepoint: 153631 ns, At safepoint: 2189049 ns, Total: 2342680 ns
[8.371s][debug][gc,heap        ] GC(31) Heap before GC invocations=31 (full 1): garbage-first heap   total 340992K, used 207344K [0x0000000700000000, 0x0000000800000000)
[8.371s][debug][gc,heap        ] GC(31)   region size 1024K, 199 young (203776K), 2 survivors (2048K)
[8.371s][debug][gc,heap        ] GC(31)  Metaspace       used 10074K, capacity 10368K, committed 10624K, reserved 1058816K
[8.371s][debug][gc,heap        ] GC(31)   class space    used 1151K, capacity 1266K, committed 1408K, reserved 1048576K
[8.371s][info ][gc,start       ] GC(31) Pause Young (Normal) (G1 Evacuation Pause)
[8.371s][info ][gc,task        ] GC(31) Using 8 workers of 8 for evacuation
[8.371s][debug][gc,tlab        ] GC(31) TLAB totals: thrds: 8  refills: 783 max: 114 slow allocs: 0 max 0 waste:  0.8% gc: 1221176B max: 414176B slow: 453560B max: 66000B fast: 0B max: 0B
[8.371s][debug][gc,age         ] GC(31) Desired survivor size 13107200 bytes, new threshold 15 (max threshold 15)
[8.371s][debug][gc,alloc,region] GC(31) Mutator Allocation stats, regions: 197, wasted size: 0B ( 0.0%)
[8.371s][debug][gc,ergo        ] GC(31) Running G1 Merge Heap Roots using 8 workers for 199 regions
[8.371s][debug][gc,remset      ] GC(31) Visited cards 3328 Total dirty 14336 (23.21%) Total old 833536 (0.40%)
[8.371s][debug][gc,ergo        ] GC(31) Running G1 Clear Card Table Task using 1 workers for 1 units of work for 206 regions.
[8.371s][debug][gc,ref         ] GC(31) Skipped phase1 of Reference Processing due to unavailable references
[8.371s][debug][gc,ref         ] GC(31) Skipped phase3 of Reference Processing due to unavailable references
[8.372s][debug][gc,ergo        ] GC(31) Running G1 Free Collection Set using 8 workers for collection set length 199 (333)
[8.372s][debug][gc,ergo        ] GC(31) Running G1 Rebuild Free List Task using 8 workers for rebuilding free list of 0 (4096) regions
[8.372s][trace][gc,age         ] GC(31) Age table with threshold 15 (max threshold 15)
[8.372s][trace][gc,age         ] GC(31) - age   1:       1008 bytes,       1008 total
[8.372s][trace][gc,age         ] GC(31) - age   2:     245648 bytes,     246656 total
[8.372s][trace][gc,age         ] GC(31) - age   3:     161304 bytes,     407960 total
[8.372s][trace][gc,age         ] GC(31) - age   4:     241416 bytes,     649376 total
[8.372s][trace][gc,age         ] GC(31) - age   5:      82096 bytes,     731472 total
[8.372s][trace][gc,age         ] GC(31) - age   6:     339592 bytes,    1071064 total
[8.372s][trace][gc,age         ] GC(31) - age   7:       1184 bytes,    1072248 total
[8.372s][trace][gc,age         ] GC(31) - age   8:     241696 bytes,    1313944 total
[8.372s][trace][gc,age         ] GC(31) - age   9:      81512 bytes,    1395456 total
[8.372s][trace][gc,age         ] GC(31) - age  10:      81032 bytes,    1476488 total
[8.372s][trace][gc,age         ] GC(31) - age  11:      81032 bytes,    1557520 total
[8.372s][trace][gc,age         ] GC(31) - age  12:       1392 bytes,    1558912 total
[8.372s][trace][gc,age         ] GC(31) - age  13:         32 bytes,    1558944 total
[8.372s][trace][gc,age         ] GC(31) - age  15:      81760 bytes,    1640704 total
[8.372s][debug][gc,plab        ] GC(31) Young PLAB allocation: allocated: 110656B, wasted: 1488B, unused: 8976B, used: 100192B, undo waste: 0B, 
[8.372s][debug][gc,plab        ] GC(31) Young other allocation: region end waste: 2352B, regions filled: 2, direct allocated: 1540512B, failure used: 0B, failure wasted: 0B
[8.372s][debug][gc,plab        ] GC(31) Young sizing: calculated: 19568B, actual: 18944B
[8.372s][debug][gc,plab        ] GC(31) Old PLAB allocation: allocated: 22704B, wasted: 72B, unused: 6968B, used: 15664B, undo waste: 0B, 
[8.372s][debug][gc,plab        ] GC(31) Old other allocation: region end waste: 0B, regions filled: 1, direct allocated: 153664B, failure used: 0B, failure wasted: 0B
[8.372s][debug][gc,plab        ] GC(31) Old sizing: calculated: 3128B, actual: 2344B
[8.372s][debug][gc,ihop        ] GC(31) Basic information (value update), threshold: 157129113B (45.00), target occupancy: 349175808B, current occupancy: 5724264B, recent allocation size: 22704B, recent allocation duration: 229.41ms, recent old gen allocation rate: 98967.32B/s, recent marking phase length: 0.00ms
[8.372s][debug][gc,ihop        ] GC(31) Adaptive IHOP information (value update), threshold: 157129113B (47.37), internal target occupancy: 331717017B, occupancy: 5724264B, additional buffer size: 208666624B, predicted old gen allocation rate: 53526.38B/s, predicted marking phase length: 0.00ms, prediction active: false
[8.372s][debug][gc,ergo,refine ] GC(31) Concurrent refinement times: Logged Cards Scan time goal: 20.00ms Logged Cards Scan time: 0.02ms HCC time: 0.00ms
[8.372s][debug][gc,ergo,refine ] GC(31) Updated Refinement Zones: green: 2048, yellow: 6144, red: 10240
[8.372s][info ][gc,phases      ] GC(31)   Pre Evacuate Collection Set: 0.1ms
[8.372s][debug][gc,phases      ] GC(31)     Prepare TLABs: 0.0ms
[8.372s][debug][gc,phases      ] GC(31)     Choose Collection Set: 0.0ms
[8.372s][debug][gc,phases      ] GC(31)     Region Register: 0.1ms
[8.372s][debug][gc,phases      ] GC(31)     Prepare Heap Roots: 0.0ms
[8.372s][info ][gc,phases      ] GC(31)   Merge Heap Roots: 0.1ms
[8.372s][debug][gc,phases      ] GC(31)     Prepare Merge Heap Roots: 0.0ms
[8.372s][debug][gc,phases      ] GC(31)     Eager Reclaim (ms):       skipped
[8.372s][debug][gc,phases      ] GC(31)     Remembered Sets (ms):     Min:  0.0, Avg:  0.0, Max:  0.0, Diff:  0.0, Sum:  0.0, Workers: 8
[8.372s][debug][gc,phases      ] GC(31)       Merged Sparse:            Min: 0, Avg:  0.0, Max: 0, Diff: 0, Sum: 0, Workers: 8
[8.372s][debug][gc,phases      ] GC(31)       Merged Fine:              Min: 0, Avg:  0.0, Max: 0, Diff: 0, Sum: 0, Workers: 8
[8.372s][debug][gc,phases      ] GC(31)       Merged Coarse:            Min: 0, Avg:  0.0, Max: 0, Diff: 0, Sum: 0, Workers: 8
[8.372s][debug][gc,phases      ] GC(31)       Dirty Cards:              Min: 0, Avg:  0.0, Max: 0, Diff: 0, Sum: 0, Workers: 8
[8.372s][debug][gc,phases      ] GC(31)     Hot Card Cache (ms):      Min:  0.0, Avg:  0.0, Max:  0.0, Diff:  0.0, Sum:  0.0, Workers: 8
[8.372s][debug][gc,phases      ] GC(31)       Dirty Cards:              Min: 0, Avg:  0.0, Max: 0, Diff: 0, Sum: 0, Workers: 8
[8.372s][debug][gc,phases      ] GC(31)       Skipped Cards:            Min: 0, Avg:  0.0, Max: 0, Diff: 0, Sum: 0, Workers: 8
[8.372s][debug][gc,phases      ] GC(31)     Log Buffers (ms):         Min:  0.0, Avg:  0.0, Max:  0.0, Diff:  0.0, Sum:  0.0, Workers: 8
[8.372s][debug][gc,phases      ] GC(31)       Dirty Cards:              Min: 0, Avg:  7.9, Max: 59, Diff: 59, Sum: 63, Workers: 8
[8.372s][debug][gc,phases      ] GC(31)       Skipped Cards:            Min: 0, Avg:  0.0, Max: 0, Diff: 0, Sum: 0, Workers: 8
[8.372s][info ][gc,phases      ] GC(31)   Evacuate Collection Set: 0.4ms
[8.372s][debug][gc,phases      ] GC(31)     Ext Root Scanning (ms):   Min:  0.0, Avg:  0.0, Max:  0.1, Diff:  0.1, Sum:  0.4, Workers: 8
[8.372s][debug][gc,phases      ] GC(31)     Scan Heap Roots (ms):     Min:  0.0, Avg:  0.0, Max:  0.1, Diff:  0.1, Sum:  0.2, Workers: 8
[8.372s][debug][gc,phases      ] GC(31)       Scanned Cards:            Min: 0, Avg:  7.0, Max: 13, Diff: 13, Sum: 56, Workers: 8
[8.372s][debug][gc,phases      ] GC(31)       Scanned Blocks:           Min: 0, Avg:  5.6, Max: 11, Diff: 11, Sum: 45, Workers: 8
[8.372s][debug][gc,phases      ] GC(31)       Claimed Chunks:           Min: 0, Avg:  1.6, Max: 3, Diff: 3, Sum: 13, Workers: 8
[8.372s][debug][gc,phases      ] GC(31)     Code Root Scan (ms):      Min:  0.0, Avg:  0.0, Max:  0.0, Diff:  0.0, Sum:  0.1, Workers: 8
[8.372s][debug][gc,phases      ] GC(31)     Object Copy (ms):         Min:  0.1, Avg:  0.2, Max:  0.2, Diff:  0.1, Sum:  1.3, Workers: 8
[8.372s][debug][gc,phases      ] GC(31)     Termination (ms):         Min:  0.0, Avg:  0.0, Max:  0.1, Diff:  0.1, Sum:  0.4, Workers: 8
[8.372s][debug][gc,phases      ] GC(31)       Termination Attempts:     Min: 1, Avg:  1.0, Max: 1, Diff: 0, Sum: 8, Workers: 8
[8.372s][debug][gc,phases      ] GC(31)     GC Worker Other (ms):     Min:  0.0, Avg:  0.0, Max:  0.0, Diff:  0.0, Sum:  0.2, Workers: 8
[8.372s][debug][gc,phases      ] GC(31)     GC Worker Total (ms):     Min:  0.3, Avg:  0.3, Max:  0.4, Diff:  0.1, Sum:  2.4, Workers: 8
[8.372s][info ][gc,phases      ] GC(31)   Post Evacuate Collection Set: 0.3ms
[8.372s][debug][gc,phases      ] GC(31)     Code Roots Fixup: 0.0ms
[8.372s][debug][gc,phases      ] GC(31)     Clear Card Table: 0.1ms
[8.372s][debug][gc,phases      ] GC(31)     Reference Processing: 0.0ms
[8.372s][debug][gc,phases,ref  ] GC(31)       Reconsider SoftReferences: 0.0ms
[8.372s][debug][gc,phases,ref  ] GC(31)         SoftRef (ms):             skipped
[8.372s][debug][gc,phases,ref  ] GC(31)       Notify Soft/WeakReferences: 0.0ms
[8.372s][debug][gc,phases,ref  ] GC(31)         SoftRef (ms):             Min:  0.0, Avg:  0.0, Max:  0.0, Diff:  0.0, Sum:  0.0, Workers: 1
[8.372s][debug][gc,phases,ref  ] GC(31)         WeakRef (ms):             Min:  0.0, Avg:  0.0, Max:  0.0, Diff:  0.0, Sum:  0.0, Workers: 1
[8.372s][debug][gc,phases,ref  ] GC(31)         FinalRef (ms):            Min:  0.0, Avg:  0.0, Max:  0.0, Diff:  0.0, Sum:  0.0, Workers: 1
[8.372s][debug][gc,phases,ref  ] GC(31)         Total (ms):               Min:  0.0, Avg:  0.0, Max:  0.0, Diff:  0.0, Sum:  0.0, Workers: 1
[8.372s][debug][gc,phases,ref  ] GC(31)       Notify and keep alive finalizable: 0.0ms
[8.372s][debug][gc,phases,ref  ] GC(31)         FinalRef (ms):            skipped
[8.372s][debug][gc,phases,ref  ] GC(31)       Notify PhantomReferences: 0.0ms
[8.372s][debug][gc,phases,ref  ] GC(31)         PhantomRef (ms):          Min:  0.0, Avg:  0.0, Max:  0.0, Diff:  0.0, Sum:  0.0, Workers: 1
[8.372s][debug][gc,phases,ref  ] GC(31)       SoftReference:
[8.372s][debug][gc,phases,ref  ] GC(31)         Discovered: 0
[8.372s][debug][gc,phases,ref  ] GC(31)         Cleared: 0
[8.372s][debug][gc,phases,ref  ] GC(31)       WeakReference:
[8.372s][debug][gc,phases,ref  ] GC(31)         Discovered: 3
[8.372s][debug][gc,phases,ref  ] GC(31)         Cleared: 3
[8.372s][debug][gc,phases,ref  ] GC(31)       FinalReference:
[8.372s][debug][gc,phases,ref  ] GC(31)         Discovered: 0
[8.372s][debug][gc,phases,ref  ] GC(31)         Cleared: 0
[8.372s][debug][gc,phases,ref  ] GC(31)       PhantomReference:
[8.372s][debug][gc,phases,ref  ] GC(31)         Discovered: 53
[8.372s][debug][gc,phases,ref  ] GC(31)         Cleared: 53
[8.372s][debug][gc,phases      ] GC(31)     Weak Processing: 0.1ms
[8.372s][debug][gc,phases      ] GC(31)       JVMTI weak processing: 0.0ms
[8.372s][debug][gc,phases      ] GC(31)         Dead: 0
[8.372s][debug][gc,phases      ] GC(31)         Total: 0
[8.372s][debug][gc,phases      ] GC(31)       JFR weak processing: 0.0ms
[8.372s][debug][gc,phases      ] GC(31)         Dead: 0
[8.372s][debug][gc,phases      ] GC(31)         Total: 0
[8.372s][debug][gc,phases      ] GC(31)       JNI weak                  Min:  0.0, Avg:  0.0, Max:  0.0, Diff:  0.0, Sum:  0.1, Workers: 5
[8.372s][debug][gc,phases      ] GC(31)         Dead                      Min: 0, Avg:  0.0, Max: 0, Diff: 0, Sum: 0, Workers: 5
[8.372s][debug][gc,phases      ] GC(31)         Total                     Min: 0, Avg: 35.4, Max: 115, Diff: 115, Sum: 177, Workers: 5
[8.372s][debug][gc,phases      ] GC(31)       VM weak                   Min:  0.0, Avg:  0.0, Max:  0.0, Diff:  0.0, Sum:  0.0, Workers: 5
[8.372s][debug][gc,phases      ] GC(31)         Dead                      Min: 0, Avg:  0.0, Max: 0, Diff: 0, Sum: 0, Workers: 5
[8.372s][debug][gc,phases      ] GC(31)         Total                     Min: 0, Avg: 42.4, Max: 148, Diff: 148, Sum: 212, Workers: 5
[8.372s][debug][gc,phases      ] GC(31)       StringTable weak          Min:  0.0, Avg:  0.0, Max:  0.0, Diff:  0.0, Sum:  0.1, Workers: 5
[8.372s][debug][gc,phases      ] GC(31)         Dead                      Min: 0, Avg:  0.0, Max: 0, Diff: 0, Sum: 0, Workers: 5
[8.372s][debug][gc,phases      ] GC(31)         Total                     Min: 64, Avg: 684.8, Max: 1056, Diff: 992, Sum: 3424, Workers: 5
[8.372s][debug][gc,phases      ] GC(31)       ResolvedMethodTable weak  Min:  0.0, Avg:  0.0, Max:  0.0, Diff:  0.0, Sum:  0.0, Workers: 5
[8.372s][debug][gc,phases      ] GC(31)         Dead                      Min: 0, Avg:  0.0, Max: 0, Diff: 0, Sum: 0, Workers: 5
[8.372s][debug][gc,phases      ] GC(31)         Total                     Min: 64, Avg: 114.6, Max: 128, Diff: 64, Sum: 573, Workers: 5
[8.372s][debug][gc,phases      ] GC(31)     Merge Per-Thread State: 0.0ms
[8.372s][debug][gc,phases      ] GC(31)       Copied Bytes              Min: 57344, Avg: 226254.0, Max: 360688, Diff: 303344, Sum: 1810032, Workers: 8
[8.372s][debug][gc,phases      ] GC(31)       LAB Waste                 Min: 112, Avg: 195.0, Max: 288, Diff: 176, Sum: 1560, Workers: 8
[8.372s][debug][gc,phases      ] GC(31)       LAB Undo Waste            Min: 0, Avg:  0.0, Max: 0, Diff: 0, Sum: 0, Workers: 8
[8.372s][debug][gc,phases      ] GC(31)     Code Roots Purge: 0.0ms
[8.372s][debug][gc,phases      ] GC(31)     Redirty Cards: 0.0ms
[8.372s][debug][gc,phases      ] GC(31)     DerivedPointerTable Update: 0.0ms
[8.372s][debug][gc,phases      ] GC(31)     Free Collection Set: 0.1ms
[8.372s][debug][gc,phases      ] GC(31)     Rebuild Free List: 0.0ms
[8.372s][debug][gc,phases      ] GC(31)     Humongous Reclaim: 0.0ms
[8.372s][debug][gc,phases      ] GC(31)     Start New Collection Set: 0.0ms
[8.372s][debug][gc,phases      ] GC(31)     Resize TLABs: 0.0ms
[8.372s][debug][gc,phases      ] GC(31)     Expand Heap After Collection: 0.0ms
[8.372s][info ][gc,phases      ] GC(31)   Other: 0.3ms
[8.372s][info ][gc,heap        ] GC(31) Eden regions: 197->0(197)
[8.372s][info ][gc,heap        ] GC(31) Survivor regions: 2->2(25)
[8.372s][info ][gc,heap        ] GC(31) Old regions: 7->7
[8.372s][info ][gc,heap        ] GC(31) Archive regions: 2->2
[8.372s][info ][gc,heap        ] GC(31) Humongous regions: 0->0
[8.372s][info ][gc,metaspace   ] GC(31) Metaspace: 10074K(10624K)->10074K(10624K) NonClass: 8923K(9216K)->8923K(9216K) Class: 1151K(1408K)->1151K(1408K)
[8.372s][debug][gc,heap        ] GC(31) Heap after GC invocations=32 (full 1): garbage-first heap   total 340992K, used 5590K [0x0000000700000000, 0x0000000800000000)
[8.372s][debug][gc,heap        ] GC(31)   region size 1024K, 2 young (2048K), 2 survivors (2048K)
[8.372s][debug][gc,heap        ] GC(31)  Metaspace       used 10074K, capacity 10368K, committed 10624K, reserved 1058816K
[8.372s][debug][gc,heap        ] GC(31)   class space    used 1151K, capacity 1266K, committed 1408K, reserved 1048576K
[8.372s][info ][gc             ] GC(31) Pause Young (Normal) (G1 Evacuation Pause) 202M->5M(333M) 1.718ms
[8.372s][info ][gc,cpu         ] GC(31) User=0.00s Sys=0.00s Real=0.00s
[8.373s][info ][safepoint      ] Safepoint "G1CollectForAllocation", Time since last: 228419502 ns, Reaching safepoint: 149530 ns, At safepoint: 1924042 ns, Total: 2073572 ns
[8.639s][debug][gc,heap        ] GC(32) Heap before GC invocations=32 (full 1): garbage-first heap   total 340992K, used 207318K [0x0000000700000000, 0x0000000800000000)
[8.639s][debug][gc,heap        ] GC(32)   region size 1024K, 199 young (203776K), 2 survivors (2048K)
[8.639s][debug][gc,heap        ] GC(32)  Metaspace       used 10118K, capacity 10433K, committed 10880K, reserved 1058816K
[8.639s][debug][gc,heap        ] GC(32)   class space    used 1151K, capacity 1266K, committed 1408K, reserved 1048576K
[8.639s][info ][gc,start       ] GC(32) Pause Young (Normal) (G1 Evacuation Pause)
[8.639s][info ][gc,task        ] GC(32) Using 8 workers of 8 for evacuation
[8.639s][debug][gc,tlab        ] GC(32) TLAB totals: thrds: 10  refills: 810 max: 106 slow allocs: 8 max 8 waste:  0.9% gc: 1404376B max: 465192B slow: 467584B max: 61312B fast: 0B max: 0B
[8.639s][debug][gc,age         ] GC(32) Desired survivor size 13107200 bytes, new threshold 15 (max threshold 15)
[8.639s][debug][gc,alloc,region] GC(32) Mutator Allocation stats, regions: 197, wasted size: 0B ( 0.0%)
[8.639s][debug][gc,ergo        ] GC(32) Running G1 Merge Heap Roots using 8 workers for 199 regions
[8.639s][debug][gc,remset      ] GC(32) Visited cards 3584 Total dirty 12288 (29.17%) Total old 833536 (0.43%)
[8.640s][debug][gc,ergo        ] GC(32) Running G1 Clear Card Table Task using 1 workers for 1 units of work for 205 regions.
[8.640s][debug][gc,ref         ] GC(32) Skipped phase1 of Reference Processing due to unavailable references
[8.640s][debug][gc,ref         ] GC(32) Skipped phase3 of Reference Processing due to unavailable references
[8.640s][debug][gc,ergo        ] GC(32) Running G1 Free Collection Set using 8 workers for collection set length 199 (333)
[8.640s][debug][gc,ergo        ] GC(32) Running G1 Rebuild Free List Task using 8 workers for rebuilding free list of 0 (4096) regions
[8.640s][trace][gc,age         ] GC(32) Age table with threshold 15 (max threshold 15)
[8.640s][trace][gc,age         ] GC(32) - age   1:     251992 bytes,     251992 total
[8.640s][trace][gc,age         ] GC(32) - age   3:     244720 bytes,     496712 total
[8.640s][trace][gc,age         ] GC(32) - age   4:     161304 bytes,     658016 total
[8.640s][trace][gc,age         ] GC(32) - age   5:     241416 bytes,     899432 total
[8.640s][trace][gc,age         ] GC(32) - age   6:      82096 bytes,     981528 total
[8.640s][trace][gc,age         ] GC(32) - age   7:     336056 bytes,    1317584 total
[8.640s][trace][gc,age         ] GC(32) - age   8:       1184 bytes,    1318768 total
[8.640s][trace][gc,age         ] GC(32) - age   9:     241696 bytes,    1560464 total
[8.640s][trace][gc,age         ] GC(32) - age  10:      81512 bytes,    1641976 total
[8.640s][trace][gc,age         ] GC(32) - age  11:      81032 bytes,    1723008 total
[8.640s][trace][gc,age         ] GC(32) - age  12:      81032 bytes,    1804040 total
[8.640s][trace][gc,age         ] GC(32) - age  13:       1392 bytes,    1805432 total
[8.640s][trace][gc,age         ] GC(32) - age  14:         32 bytes,    1805464 total
[8.640s][debug][gc,plab        ] GC(32) Young PLAB allocation: allocated: 123136B, wasted: 1800B, unused: 11760B, used: 109576B, undo waste: 0B, 
[8.640s][debug][gc,plab        ] GC(32) Young other allocation: region end waste: 4448B, regions filled: 2, direct allocated: 1695888B, failure used: 0B, failure wasted: 0B
[8.640s][debug][gc,plab        ] GC(32) Young sizing: calculated: 21024B, actual: 20504B
[8.640s][debug][gc,plab        ] GC(32) Old PLAB allocation: allocated: 12384B, wasted: 0B, unused: 7456B, used: 4928B, undo waste: 0B, 
[8.640s][debug][gc,plab        ] GC(32) Old other allocation: region end waste: 0B, regions filled: 1, direct allocated: 76832B, failure used: 0B, failure wasted: 0B
[8.640s][debug][gc,plab        ] GC(32) Old sizing: calculated: 984B, actual: 2064B
[8.640s][debug][gc,ihop        ] GC(32) Basic information (value update), threshold: 157129113B (45.00), target occupancy: 349175808B, current occupancy: 5983816B, recent allocation size: 12384B, recent allocation duration: 267.26ms, recent old gen allocation rate: 46336.62B/s, recent marking phase length: 0.00ms
[8.640s][debug][gc,ihop        ] GC(32) Adaptive IHOP information (value update), threshold: 157129113B (47.37), internal target occupancy: 331717017B, occupancy: 5983816B, additional buffer size: 208666624B, predicted old gen allocation rate: 54185.00B/s, predicted marking phase length: 0.00ms, prediction active: false
[8.640s][debug][gc,ergo,refine ] GC(32) Concurrent refinement times: Logged Cards Scan time goal: 20.00ms Logged Cards Scan time: 0.02ms HCC time: 0.00ms
[8.640s][debug][gc,ergo,refine ] GC(32) Updated Refinement Zones: green: 2048, yellow: 6144, red: 10240
[8.640s][info ][gc,phases      ] GC(32)   Pre Evacuate Collection Set: 0.1ms
[8.640s][debug][gc,phases      ] GC(32)     Prepare TLABs: 0.0ms
[8.640s][debug][gc,phases      ] GC(32)     Choose Collection Set: 0.0ms
[8.640s][debug][gc,phases      ] GC(32)     Region Register: 0.1ms
[8.640s][debug][gc,phases      ] GC(32)     Prepare Heap Roots: 0.0ms
[8.640s][info ][gc,phases      ] GC(32)   Merge Heap Roots: 0.1ms
[8.640s][debug][gc,phases      ] GC(32)     Prepare Merge Heap Roots: 0.0ms
[8.640s][debug][gc,phases      ] GC(32)     Eager Reclaim (ms):       skipped
[8.640s][debug][gc,phases      ] GC(32)     Remembered Sets (ms):     Min:  0.0, Avg:  0.0, Max:  0.0, Diff:  0.0, Sum:  0.2, Workers: 8
[8.640s][debug][gc,phases      ] GC(32)       Merged Sparse:            Min: 0, Avg:  0.0, Max: 0, Diff: 0, Sum: 0, Workers: 8
[8.640s][debug][gc,phases      ] GC(32)       Merged Fine:              Min: 0, Avg:  0.0, Max: 0, Diff: 0, Sum: 0, Workers: 8
[8.640s][debug][gc,phases      ] GC(32)       Merged Coarse:            Min: 0, Avg:  0.0, Max: 0, Diff: 0, Sum: 0, Workers: 8
[8.640s][debug][gc,phases      ] GC(32)       Dirty Cards:              Min: 0, Avg:  0.0, Max: 0, Diff: 0, Sum: 0, Workers: 8
[8.640s][debug][gc,phases      ] GC(32)     Hot Card Cache (ms):      Min:  0.0, Avg:  0.0, Max:  0.0, Diff:  0.0, Sum:  0.0, Workers: 8
[8.640s][debug][gc,phases      ] GC(32)       Dirty Cards:              Min: 0, Avg:  0.0, Max: 0, Diff: 0, Sum: 0, Workers: 8
[8.640s][debug][gc,phases      ] GC(32)       Skipped Cards:            Min: 0, Avg:  0.0, Max: 0, Diff: 0, Sum: 0, Workers: 8
[8.640s][debug][gc,phases      ] GC(32)     Log Buffers (ms):         Min:  0.0, Avg:  0.0, Max:  0.0, Diff:  0.0, Sum:  0.0, Workers: 8
[8.640s][debug][gc,phases      ] GC(32)       Dirty Cards:              Min: 0, Avg:  9.2, Max: 19, Diff: 19, Sum: 74, Workers: 8
[8.640s][debug][gc,phases      ] GC(32)       Skipped Cards:            Min: 0, Avg:  0.0, Max: 0, Diff: 0, Sum: 0, Workers: 8
[8.641s][info ][gc,phases      ] GC(32)   Evacuate Collection Set: 0.3ms
[8.641s][debug][gc,phases      ] GC(32)     Ext Root Scanning (ms):   Min:  0.0, Avg:  0.0, Max:  0.1, Diff:  0.1, Sum:  0.3, Workers: 8
[8.641s][debug][gc,phases      ] GC(32)     Scan Heap Roots (ms):     Min:  0.0, Avg:  0.0, Max:  0.0, Diff:  0.0, Sum:  0.1, Workers: 8
[8.641s][debug][gc,phases      ] GC(32)       Scanned Cards:            Min: 0, Avg:  8.9, Max: 15, Diff: 15, Sum: 71, Workers: 8
[8.641s][debug][gc,phases      ] GC(32)       Scanned Blocks:           Min: 0, Avg:  7.1, Max: 13, Diff: 13, Sum: 57, Workers: 8
[8.641s][debug][gc,phases      ] GC(32)       Claimed Chunks:           Min: 0, Avg:  1.8, Max: 5, Diff: 5, Sum: 14, Workers: 8
[8.641s][debug][gc,phases      ] GC(32)     Code Root Scan (ms):      Min:  0.0, Avg:  0.0, Max:  0.0, Diff:  0.0, Sum:  0.1, Workers: 8
[8.641s][debug][gc,phases      ] GC(32)     Object Copy (ms):         Min:  0.1, Avg:  0.2, Max:  0.2, Diff:  0.0, Sum:  1.3, Workers: 8
[8.641s][debug][gc,phases      ] GC(32)     Termination (ms):         Min:  0.1, Avg:  0.1, Max:  0.1, Diff:  0.0, Sum:  0.5, Workers: 8
[8.641s][debug][gc,phases      ] GC(32)       Termination Attempts:     Min: 1, Avg:  1.0, Max: 1, Diff: 0, Sum: 8, Workers: 8
[8.641s][debug][gc,phases      ] GC(32)     GC Worker Other (ms):     Min:  0.0, Avg:  0.0, Max:  0.0, Diff:  0.0, Sum:  0.1, Workers: 8
[8.641s][debug][gc,phases      ] GC(32)     GC Worker Total (ms):     Min:  0.3, Avg:  0.3, Max:  0.3, Diff:  0.0, Sum:  2.4, Workers: 8
[8.641s][info ][gc,phases      ] GC(32)   Post Evacuate Collection Set: 0.5ms
[8.641s][debug][gc,phases      ] GC(32)     Code Roots Fixup: 0.0ms
[8.641s][debug][gc,phases      ] GC(32)     Clear Card Table: 0.1ms
[8.641s][debug][gc,phases      ] GC(32)     Reference Processing: 0.0ms
[8.641s][debug][gc,phases,ref  ] GC(32)       Reconsider SoftReferences: 0.0ms
[8.641s][debug][gc,phases,ref  ] GC(32)         SoftRef (ms):             skipped
[8.641s][debug][gc,phases,ref  ] GC(32)       Notify Soft/WeakReferences: 0.0ms
[8.641s][debug][gc,phases,ref  ] GC(32)         SoftRef (ms):             Min:  0.0, Avg:  0.0, Max:  0.0, Diff:  0.0, Sum:  0.0, Workers: 1
[8.641s][debug][gc,phases,ref  ] GC(32)         WeakRef (ms):             Min:  0.0, Avg:  0.0, Max:  0.0, Diff:  0.0, Sum:  0.0, Workers: 1
[8.641s][debug][gc,phases,ref  ] GC(32)         FinalRef (ms):            Min:  0.0, Avg:  0.0, Max:  0.0, Diff:  0.0, Sum:  0.0, Workers: 1
[8.641s][debug][gc,phases,ref  ] GC(32)         Total (ms):               Min:  0.0, Avg:  0.0, Max:  0.0, Diff:  0.0, Sum:  0.0, Workers: 1
[8.641s][debug][gc,phases,ref  ] GC(32)       Notify and keep alive finalizable: 0.0ms
[8.641s][debug][gc,phases,ref  ] GC(32)         FinalRef (ms):            skipped
[8.641s][debug][gc,phases,ref  ] GC(32)       Notify PhantomReferences: 0.0ms
[8.641s][debug][gc,phases,ref  ] GC(32)         PhantomRef (ms):          Min:  0.0, Avg:  0.0, Max:  0.0, Diff:  0.0, Sum:  0.0, Workers: 1
[8.641s][debug][gc,phases,ref  ] GC(32)       SoftReference:
[8.641s][debug][gc,phases,ref  ] GC(32)         Discovered: 0
[8.641s][debug][gc,phases,ref  ] GC(32)         Cleared: 0
[8.641s][debug][gc,phases,ref  ] GC(32)       WeakReference:
[8.641s][debug][gc,phases,ref  ] GC(32)         Discovered: 14
[8.641s][debug][gc,phases,ref  ] GC(32)         Cleared: 12
[8.641s][debug][gc,phases,ref  ] GC(32)       FinalReference:
[8.641s][debug][gc,phases,ref  ] GC(32)         Discovered: 0
[8.641s][debug][gc,phases,ref  ] GC(32)         Cleared: 0
[8.641s][debug][gc,phases,ref  ] GC(32)       PhantomReference:
[8.641s][debug][gc,phases,ref  ] GC(32)         Discovered: 58
[8.641s][debug][gc,phases,ref  ] GC(32)         Cleared: 58
[8.641s][debug][gc,phases      ] GC(32)     Weak Processing: 0.1ms
[8.641s][debug][gc,phases      ] GC(32)       JVMTI weak processing: 0.0ms
[8.641s][debug][gc,phases      ] GC(32)         Dead: 0
[8.641s][debug][gc,phases      ] GC(32)         Total: 0
[8.641s][debug][gc,phases      ] GC(32)       JFR weak processing: 0.0ms
[8.641s][debug][gc,phases      ] GC(32)         Dead: 0
[8.641s][debug][gc,phases      ] GC(32)         Total: 0
[8.641s][debug][gc,phases      ] GC(32)       JNI weak                  Min:  0.0, Avg:  0.0, Max:  0.0, Diff:  0.0, Sum:  0.0, Workers: 5
[8.641s][debug][gc,phases      ] GC(32)         Dead                      Min: 0, Avg:  0.0, Max: 0, Diff: 0, Sum: 0, Workers: 5
[8.641s][debug][gc,phases      ] GC(32)         Total                     Min: 0, Avg: 37.8, Max: 126, Diff: 126, Sum: 189, Workers: 5
[8.641s][debug][gc,phases      ] GC(32)       VM weak                   Min:  0.0, Avg:  0.0, Max:  0.0, Diff:  0.0, Sum:  0.0, Workers: 5
[8.641s][debug][gc,phases      ] GC(32)         Dead                      Min: 0, Avg:  0.0, Max: 0, Diff: 0, Sum: 0, Workers: 5
[8.641s][debug][gc,phases      ] GC(32)         Total                     Min: 0, Avg: 42.4, Max: 84, Diff: 84, Sum: 212, Workers: 5
[8.641s][debug][gc,phases      ] GC(32)       StringTable weak          Min:  0.0, Avg:  0.0, Max:  0.0, Diff:  0.0, Sum:  0.1, Workers: 5
[8.641s][debug][gc,phases      ] GC(32)         Dead                      Min: 0, Avg:  0.0, Max: 0, Diff: 0, Sum: 0, Workers: 5
[8.641s][debug][gc,phases      ] GC(32)         Total                     Min: 548, Avg: 685.6, Max: 896, Diff: 348, Sum: 3428, Workers: 5
[8.641s][debug][gc,phases      ] GC(32)       ResolvedMethodTable weak  Min:  0.0, Avg:  0.0, Max:  0.0, Diff:  0.0, Sum:  0.1, Workers: 5
[8.641s][debug][gc,phases      ] GC(32)         Dead                      Min: 0, Avg:  0.0, Max: 0, Diff: 0, Sum: 0, Workers: 5
[8.641s][debug][gc,phases      ] GC(32)         Total                     Min: 64, Avg: 114.6, Max: 189, Diff: 125, Sum: 573, Workers: 5
[8.641s][debug][gc,phases      ] GC(32)     Merge Per-Thread State: 0.0ms
[8.641s][debug][gc,phases      ] GC(32)       Copied Bytes              Min: 169376, Avg: 235903.0, Max: 400848, Diff: 231472, Sum: 1887224, Workers: 8
[8.641s][debug][gc,phases      ] GC(32)       LAB Waste                 Min: 88, Avg: 225.0, Max: 312, Diff: 224, Sum: 1800, Workers: 8
[8.641s][debug][gc,phases      ] GC(32)       LAB Undo Waste            Min: 0, Avg:  0.0, Max: 0, Diff: 0, Sum: 0, Workers: 8
[8.641s][debug][gc,phases      ] GC(32)     Code Roots Purge: 0.0ms
[8.641s][debug][gc,phases      ] GC(32)     Redirty Cards: 0.0ms
[8.641s][debug][gc,phases      ] GC(32)     DerivedPointerTable Update: 0.0ms
[8.641s][debug][gc,phases      ] GC(32)     Free Collection Set: 0.1ms
[8.641s][debug][gc,phases      ] GC(32)     Rebuild Free List: 0.1ms
[8.641s][debug][gc,phases      ] GC(32)     Humongous Reclaim: 0.0ms
[8.641s][debug][gc,phases      ] GC(32)     Start New Collection Set: 0.0ms
[8.641s][debug][gc,phases      ] GC(32)     Resize TLABs: 0.0ms
[8.641s][debug][gc,phases      ] GC(32)     Expand Heap After Collection: 0.0ms
[8.641s][info ][gc,phases      ] GC(32)   Other: 0.4ms
[8.641s][info ][gc,heap        ] GC(32) Eden regions: 197->0(197)
[8.641s][info ][gc,heap        ] GC(32) Survivor regions: 2->2(25)
[8.641s][info ][gc,heap        ] GC(32) Old regions: 7->7
[8.641s][info ][gc,heap        ] GC(32) Archive regions: 2->2
[8.641s][info ][gc,heap        ] GC(32) Humongous regions: 0->0
[8.641s][info ][gc,metaspace   ] GC(32) Metaspace: 10118K(10880K)->10118K(10880K) NonClass: 8966K(9472K)->8966K(9472K) Class: 1151K(1408K)->1151K(1408K)
[8.641s][debug][gc,heap        ] GC(32) Heap after GC invocations=33 (full 1): garbage-first heap   total 340992K, used 5843K [0x0000000700000000, 0x0000000800000000)
[8.641s][debug][gc,heap        ] GC(32)   region size 1024K, 2 young (2048K), 2 survivors (2048K)
[8.641s][debug][gc,heap        ] GC(32)  Metaspace       used 10118K, capacity 10433K, committed 10880K, reserved 1058816K
[8.641s][debug][gc,heap        ] GC(32)   class space    used 1151K, capacity 1266K, committed 1408K, reserved 1048576K
[8.641s][info ][gc             ] GC(32) Pause Young (Normal) (G1 Evacuation Pause) 202M->5M(333M) 1.974ms
[8.641s][info ][gc,cpu         ] GC(32) User=0.01s Sys=0.00s Real=0.00s
[8.641s][info ][safepoint      ] Safepoint "G1CollectForAllocation", Time since last: 266247575 ns, Reaching safepoint: 120025 ns, At safepoint: 2205190 ns, Total: 2325215 ns
[8.914s][debug][gc,heap        ] GC(33) Heap before GC invocations=33 (full 1): garbage-first heap   total 340992K, used 207571K [0x0000000700000000, 0x0000000800000000)
[8.914s][debug][gc,heap        ] GC(33)   region size 1024K, 199 young (203776K), 2 survivors (2048K)
[8.914s][debug][gc,heap        ] GC(33)  Metaspace       used 10121K, capacity 10433K, committed 10880K, reserved 1058816K
[8.914s][debug][gc,heap        ] GC(33)   class space    used 1151K, capacity 1266K, committed 1408K, reserved 1048576K
[8.914s][info ][gc,start       ] GC(33) Pause Young (Normal) (G1 Evacuation Pause)
[8.914s][info ][gc,task        ] GC(33) Using 8 workers of 8 for evacuation
[8.914s][debug][gc,tlab        ] GC(33) TLAB totals: thrds: 9  refills: 794 max: 110 slow allocs: 0 max 0 waste:  1.0% gc: 1628584B max: 410368B slow: 459608B max: 64448B fast: 0B max: 0B
[8.914s][debug][gc,age         ] GC(33) Desired survivor size 13107200 bytes, new threshold 15 (max threshold 15)
[8.914s][debug][gc,alloc,region] GC(33) Mutator Allocation stats, regions: 197, wasted size: 0B ( 0.0%)
[8.914s][debug][gc,ergo        ] GC(33) Running G1 Merge Heap Roots using 8 workers for 199 regions
[8.915s][debug][gc,remset      ] GC(33) Visited cards 3584 Total dirty 12288 (29.17%) Total old 833536 (0.43%)
[8.915s][debug][gc,ergo        ] GC(33) Running G1 Clear Card Table Task using 1 workers for 1 units of work for 205 regions.
[8.915s][debug][gc,ref         ] GC(33) Skipped phase1 of Reference Processing due to unavailable references
[8.915s][debug][gc,ref         ] GC(33) Skipped phase3 of Reference Processing due to unavailable references
[8.915s][debug][gc,ergo        ] GC(33) Running G1 Free Collection Set using 8 workers for collection set length 199 (333)
[8.916s][debug][gc,ergo        ] GC(33) Running G1 Rebuild Free List Task using 8 workers for rebuilding free list of 0 (4096) regions
[8.916s][trace][gc,age         ] GC(33) Age table with threshold 15 (max threshold 15)
[8.916s][trace][gc,age         ] GC(33) - age   1:       5232 bytes,       5232 total
[8.916s][trace][gc,age         ] GC(33) - age   2:     250368 bytes,     255600 total
[8.916s][trace][gc,age         ] GC(33) - age   4:     244720 bytes,     500320 total
[8.916s][trace][gc,age         ] GC(33) - age   5:     161304 bytes,     661624 total
[8.916s][trace][gc,age         ] GC(33) - age   6:     241416 bytes,     903040 total
[8.916s][trace][gc,age         ] GC(33) - age   7:      82096 bytes,     985136 total
[8.916s][trace][gc,age         ] GC(33) - age   8:     336056 bytes,    1321192 total
[8.916s][trace][gc,age         ] GC(33) - age   9:       1184 bytes,    1322376 total
[8.916s][trace][gc,age         ] GC(33) - age  10:     241696 bytes,    1564072 total
[8.916s][trace][gc,age         ] GC(33) - age  11:      81512 bytes,    1645584 total
[8.916s][trace][gc,age         ] GC(33) - age  12:      81032 bytes,    1726616 total
[8.916s][trace][gc,age         ] GC(33) - age  13:      81032 bytes,    1807648 total
[8.916s][trace][gc,age         ] GC(33) - age  14:       1392 bytes,    1809040 total
[8.916s][trace][gc,age         ] GC(33) - age  15:         32 bytes,    1809072 total
[8.916s][debug][gc,plab        ] GC(33) Young PLAB allocation: allocated: 125440B, wasted: 1608B, unused: 11688B, used: 112144B, undo waste: 0B, 
[8.916s][debug][gc,plab        ] GC(33) Young other allocation: region end waste: 22496B, regions filled: 2, direct allocated: 1696928B, failure used: 0B, failure wasted: 0B
[8.916s][debug][gc,plab        ] GC(33) Young sizing: calculated: 17928B, actual: 18568B
[8.916s][debug][gc,plab        ] GC(33) Old PLAB allocation: allocated: 0B, wasted: 0B, unused: 0B, used: 0B, undo waste: 0B, 
[8.916s][debug][gc,plab        ] GC(33) Old other allocation: region end waste: 0B, regions filled: 1, direct allocated: 0B, failure used: 0B, failure wasted: 0B
[8.916s][debug][gc,plab        ] GC(33) Old sizing: calculated: 0B, actual: 2064B
[8.916s][debug][gc,ihop        ] GC(33) Basic information (value update), threshold: 157129113B (45.00), target occupancy: 349175808B, current occupancy: 6005208B, recent allocation size: 0B, recent allocation duration: 274.01ms, recent old gen allocation rate: 0.00B/s, recent marking phase length: 0.00ms
[8.916s][debug][gc,ihop        ] GC(33) Adaptive IHOP information (value update), threshold: 157129113B (47.37), internal target occupancy: 331717017B, occupancy: 6005208B, additional buffer size: 208666624B, predicted old gen allocation rate: 52402.12B/s, predicted marking phase length: 0.00ms, prediction active: false
[8.916s][debug][gc,ergo,refine ] GC(33) Concurrent refinement times: Logged Cards Scan time goal: 20.00ms Logged Cards Scan time: 0.02ms HCC time: 0.00ms
[8.916s][debug][gc,ergo,refine ] GC(33) Updated Refinement Zones: green: 2048, yellow: 6144, red: 10240
[8.916s][info ][gc,phases      ] GC(33)   Pre Evacuate Collection Set: 0.1ms
[8.916s][debug][gc,phases      ] GC(33)     Prepare TLABs: 0.0ms
[8.916s][debug][gc,phases      ] GC(33)     Choose Collection Set: 0.0ms
[8.916s][debug][gc,phases      ] GC(33)     Region Register: 0.1ms
[8.916s][debug][gc,phases      ] GC(33)     Prepare Heap Roots: 0.0ms
[8.916s][info ][gc,phases      ] GC(33)   Merge Heap Roots: 0.1ms
[8.916s][debug][gc,phases      ] GC(33)     Prepare Merge Heap Roots: 0.0ms
[8.916s][debug][gc,phases      ] GC(33)     Eager Reclaim (ms):       skipped
[8.916s][debug][gc,phases      ] GC(33)     Remembered Sets (ms):     Min:  0.0, Avg:  0.0, Max:  0.0, Diff:  0.0, Sum:  0.1, Workers: 8
[8.916s][debug][gc,phases      ] GC(33)       Merged Sparse:            Min: 0, Avg:  0.0, Max: 0, Diff: 0, Sum: 0, Workers: 8
[8.916s][debug][gc,phases      ] GC(33)       Merged Fine:              Min: 0, Avg:  0.0, Max: 0, Diff: 0, Sum: 0, Workers: 8
[8.916s][debug][gc,phases      ] GC(33)       Merged Coarse:            Min: 0, Avg:  0.0, Max: 0, Diff: 0, Sum: 0, Workers: 8
[8.916s][debug][gc,phases      ] GC(33)       Dirty Cards:              Min: 0, Avg:  0.0, Max: 0, Diff: 0, Sum: 0, Workers: 8
[8.916s][debug][gc,phases      ] GC(33)     Hot Card Cache (ms):      Min:  0.0, Avg:  0.0, Max:  0.0, Diff:  0.0, Sum:  0.0, Workers: 8
[8.916s][debug][gc,phases      ] GC(33)       Dirty Cards:              Min: 0, Avg:  0.0, Max: 0, Diff: 0, Sum: 0, Workers: 8
[8.916s][debug][gc,phases      ] GC(33)       Skipped Cards:            Min: 0, Avg:  0.0, Max: 0, Diff: 0, Sum: 0, Workers: 8
[8.916s][debug][gc,phases      ] GC(33)     Log Buffers (ms):         Min:  0.0, Avg:  0.0, Max:  0.0, Diff:  0.0, Sum:  0.0, Workers: 8
[8.916s][debug][gc,phases      ] GC(33)       Dirty Cards:              Min: 0, Avg:  8.4, Max: 52, Diff: 52, Sum: 67, Workers: 8
[8.916s][debug][gc,phases      ] GC(33)       Skipped Cards:            Min: 0, Avg:  0.0, Max: 0, Diff: 0, Sum: 0, Workers: 8
[8.916s][info ][gc,phases      ] GC(33)   Evacuate Collection Set: 0.4ms
[8.916s][debug][gc,phases      ] GC(33)     Ext Root Scanning (ms):   Min:  0.0, Avg:  0.1, Max:  0.3, Diff:  0.3, Sum:  0.6, Workers: 8
[8.916s][debug][gc,phases      ] GC(33)     Scan Heap Roots (ms):     Min:  0.0, Avg:  0.0, Max:  0.0, Diff:  0.0, Sum:  0.1, Workers: 8
[8.916s][debug][gc,phases      ] GC(33)       Scanned Cards:            Min: 0, Avg:  7.6, Max: 14, Diff: 14, Sum: 61, Workers: 8
[8.916s][debug][gc,phases      ] GC(33)       Scanned Blocks:           Min: 0, Avg:  6.5, Max: 12, Diff: 12, Sum: 52, Workers: 8
[8.916s][debug][gc,phases      ] GC(33)       Claimed Chunks:           Min: 0, Avg:  1.8, Max: 4, Diff: 4, Sum: 14, Workers: 8
[8.916s][debug][gc,phases      ] GC(33)     Code Root Scan (ms):      Min:  0.0, Avg:  0.0, Max:  0.0, Diff:  0.0, Sum:  0.1, Workers: 8
[8.916s][debug][gc,phases      ] GC(33)     Object Copy (ms):         Min:  0.0, Avg:  0.1, Max:  0.2, Diff:  0.2, Sum:  1.1, Workers: 8
[8.916s][debug][gc,phases      ] GC(33)     Termination (ms):         Min:  0.0, Avg:  0.1, Max:  0.1, Diff:  0.1, Sum:  0.8, Workers: 8
[8.916s][debug][gc,phases      ] GC(33)       Termination Attempts:     Min: 1, Avg:  1.1, Max: 2, Diff: 1, Sum: 9, Workers: 8
[8.916s][debug][gc,phases      ] GC(33)     GC Worker Other (ms):     Min:  0.0, Avg:  0.0, Max:  0.0, Diff:  0.0, Sum:  0.2, Workers: 8
[8.916s][debug][gc,phases      ] GC(33)     GC Worker Total (ms):     Min:  0.3, Avg:  0.4, Max:  0.4, Diff:  0.1, Sum:  2.9, Workers: 8
[8.916s][info ][gc,phases      ] GC(33)   Post Evacuate Collection Set: 0.6ms
[8.916s][debug][gc,phases      ] GC(33)     Code Roots Fixup: 0.0ms
[8.916s][debug][gc,phases      ] GC(33)     Clear Card Table: 0.2ms
[8.916s][debug][gc,phases      ] GC(33)     Reference Processing: 0.1ms
[8.916s][debug][gc,phases,ref  ] GC(33)       Reconsider SoftReferences: 0.0ms
[8.916s][debug][gc,phases,ref  ] GC(33)         SoftRef (ms):             skipped
[8.916s][debug][gc,phases,ref  ] GC(33)       Notify Soft/WeakReferences: 0.0ms
[8.916s][debug][gc,phases,ref  ] GC(33)         SoftRef (ms):             Min:  0.0, Avg:  0.0, Max:  0.0, Diff:  0.0, Sum:  0.0, Workers: 1
[8.916s][debug][gc,phases,ref  ] GC(33)         WeakRef (ms):             Min:  0.0, Avg:  0.0, Max:  0.0, Diff:  0.0, Sum:  0.0, Workers: 1
[8.916s][debug][gc,phases,ref  ] GC(33)         FinalRef (ms):            Min:  0.0, Avg:  0.0, Max:  0.0, Diff:  0.0, Sum:  0.0, Workers: 1
[8.916s][debug][gc,phases,ref  ] GC(33)         Total (ms):               Min:  0.0, Avg:  0.0, Max:  0.0, Diff:  0.0, Sum:  0.0, Workers: 1
[8.916s][debug][gc,phases,ref  ] GC(33)       Notify and keep alive finalizable: 0.0ms
[8.916s][debug][gc,phases,ref  ] GC(33)         FinalRef (ms):            skipped
[8.916s][debug][gc,phases,ref  ] GC(33)       Notify PhantomReferences: 0.0ms
[8.916s][debug][gc,phases,ref  ] GC(33)         PhantomRef (ms):          Min:  0.0, Avg:  0.0, Max:  0.0, Diff:  0.0, Sum:  0.0, Workers: 1
[8.916s][debug][gc,phases,ref  ] GC(33)       SoftReference:
[8.916s][debug][gc,phases,ref  ] GC(33)         Discovered: 0
[8.916s][debug][gc,phases,ref  ] GC(33)         Cleared: 0
[8.916s][debug][gc,phases,ref  ] GC(33)       WeakReference:
[8.916s][debug][gc,phases,ref  ] GC(33)         Discovered: 2
[8.916s][debug][gc,phases,ref  ] GC(33)         Cleared: 2
[8.916s][debug][gc,phases,ref  ] GC(33)       FinalReference:
[8.916s][debug][gc,phases,ref  ] GC(33)         Discovered: 0
[8.916s][debug][gc,phases,ref  ] GC(33)         Cleared: 0
[8.916s][debug][gc,phases,ref  ] GC(33)       PhantomReference:
[8.916s][debug][gc,phases,ref  ] GC(33)         Discovered: 51
[8.916s][debug][gc,phases,ref  ] GC(33)         Cleared: 51
[8.916s][debug][gc,phases      ] GC(33)     Weak Processing: 0.1ms
[8.916s][debug][gc,phases      ] GC(33)       JVMTI weak processing: 0.0ms
[8.916s][debug][gc,phases      ] GC(33)         Dead: 0
[8.916s][debug][gc,phases      ] GC(33)         Total: 0
[8.916s][debug][gc,phases      ] GC(33)       JFR weak processing: 0.0ms
[8.916s][debug][gc,phases      ] GC(33)         Dead: 0
[8.916s][debug][gc,phases      ] GC(33)         Total: 0
[8.916s][debug][gc,phases      ] GC(33)       JNI weak                  Min:  0.0, Avg:  0.0, Max:  0.0, Diff:  0.0, Sum:  0.1, Workers: 5
[8.916s][debug][gc,phases      ] GC(33)         Dead                      Min: 0, Avg:  0.0, Max: 0, Diff: 0, Sum: 0, Workers: 5
[8.916s][debug][gc,phases      ] GC(33)         Total                     Min: 0, Avg: 37.8, Max: 189, Diff: 189, Sum: 189, Workers: 5
[8.916s][debug][gc,phases      ] GC(33)       VM weak                   Min:  0.0, Avg:  0.0, Max:  0.0, Diff:  0.0, Sum:  0.0, Workers: 5
[8.916s][debug][gc,phases      ] GC(33)         Dead                      Min: 0, Avg:  0.0, Max: 0, Diff: 0, Sum: 0, Workers: 5
[8.916s][debug][gc,phases      ] GC(33)         Total                     Min: 0, Avg: 42.4, Max: 212, Diff: 212, Sum: 212, Workers: 5
[8.916s][debug][gc,phases      ] GC(33)       StringTable weak          Min:  0.0, Avg:  0.0, Max:  0.1, Diff:  0.1, Sum:  0.1, Workers: 5
[8.916s][debug][gc,phases      ] GC(33)         Dead                      Min: 0, Avg:  0.0, Max: 0, Diff: 0, Sum: 0, Workers: 5
[8.916s][debug][gc,phases      ] GC(33)         Total                     Min: 0, Avg: 685.6, Max: 2432, Diff: 2432, Sum: 3428, Workers: 5
[8.916s][debug][gc,phases      ] GC(33)       ResolvedMethodTable weak  Min:  0.0, Avg:  0.0, Max:  0.0, Diff:  0.0, Sum:  0.0, Workers: 5
[8.916s][debug][gc,phases      ] GC(33)         Dead                      Min: 0, Avg:  0.0, Max: 0, Diff: 0, Sum: 0, Workers: 5
[8.916s][debug][gc,phases      ] GC(33)         Total                     Min: 64, Avg: 114.6, Max: 128, Diff: 64, Sum: 573, Workers: 5
[8.916s][debug][gc,phases      ] GC(33)     Merge Per-Thread State: 0.0ms
[8.916s][debug][gc,phases      ] GC(33)       Copied Bytes              Min: 256, Avg: 226134.0, Max: 440048, Diff: 439792, Sum: 1809072, Workers: 8
[8.916s][debug][gc,phases      ] GC(33)       LAB Waste                 Min: 0, Avg: 201.0, Max: 456, Diff: 456, Sum: 1608, Workers: 8
[8.916s][debug][gc,phases      ] GC(33)       LAB Undo Waste            Min: 0, Avg:  0.0, Max: 0, Diff: 0, Sum: 0, Workers: 8
[8.916s][debug][gc,phases      ] GC(33)     Code Roots Purge: 0.0ms
[8.916s][debug][gc,phases      ] GC(33)     Redirty Cards: 0.0ms
[8.916s][debug][gc,phases      ] GC(33)     DerivedPointerTable Update: 0.0ms
[8.916s][debug][gc,phases      ] GC(33)     Free Collection Set: 0.2ms
[8.916s][debug][gc,phases      ] GC(33)     Rebuild Free List: 0.1ms
[8.916s][debug][gc,phases      ] GC(33)     Humongous Reclaim: 0.0ms
[8.916s][debug][gc,phases      ] GC(33)     Start New Collection Set: 0.0ms
[8.916s][debug][gc,phases      ] GC(33)     Resize TLABs: 0.0ms
[8.916s][debug][gc,phases      ] GC(33)     Expand Heap After Collection: 0.0ms
[8.916s][info ][gc,phases      ] GC(33)   Other: 0.3ms
[8.916s][info ][gc,heap        ] GC(33) Eden regions: 197->0(197)
[8.916s][info ][gc,heap        ] GC(33) Survivor regions: 2->2(25)
[8.916s][info ][gc,heap        ] GC(33) Old regions: 7->7
[8.916s][info ][gc,heap        ] GC(33) Archive regions: 2->2
[8.916s][info ][gc,heap        ] GC(33) Humongous regions: 0->0
[8.916s][info ][gc,metaspace   ] GC(33) Metaspace: 10121K(10880K)->10121K(10880K) NonClass: 8970K(9472K)->8970K(9472K) Class: 1151K(1408K)->1151K(1408K)
[8.916s][debug][gc,heap        ] GC(33) Heap after GC invocations=34 (full 1): garbage-first heap   total 340992K, used 5864K [0x0000000700000000, 0x0000000800000000)
[8.916s][debug][gc,heap        ] GC(33)   region size 1024K, 2 young (2048K), 2 survivors (2048K)
[8.916s][debug][gc,heap        ] GC(33)  Metaspace       used 10121K, capacity 10433K, committed 10880K, reserved 1058816K
[8.916s][debug][gc,heap        ] GC(33)   class space    used 1151K, capacity 1266K, committed 1408K, reserved 1048576K
[8.916s][info ][gc             ] GC(33) Pause Young (Normal) (G1 Evacuation Pause) 202M->5M(333M) 2.174ms
[8.916s][info ][gc,cpu         ] GC(33) User=0.01s Sys=0.01s Real=0.00s
[8.917s][info ][safepoint      ] Safepoint "G1CollectForAllocation", Time since last: 272874434 ns, Reaching safepoint: 228548 ns, At safepoint: 2344345 ns, Total: 2572893 ns
[9.206s][debug][gc,heap        ] GC(34) Heap before GC invocations=34 (full 1): garbage-first heap   total 340992K, used 206568K [0x0000000700000000, 0x0000000800000000)
[9.206s][debug][gc,heap        ] GC(34)   region size 1024K, 199 young (203776K), 2 survivors (2048K)
[9.206s][debug][gc,heap        ] GC(34)  Metaspace       used 10143K, capacity 10433K, committed 10880K, reserved 1058816K
[9.206s][debug][gc,heap        ] GC(34)   class space    used 1151K, capacity 1266K, committed 1408K, reserved 1048576K
[9.207s][info ][gc,start       ] GC(34) Pause Young (Normal) (G1 Evacuation Pause)
[9.207s][info ][gc,task        ] GC(34) Using 8 workers of 8 for evacuation
[9.207s][debug][gc,tlab        ] GC(34) TLAB totals: thrds: 10  refills: 823 max: 114 slow allocs: 7 max 7 waste:  0.9% gc: 1376400B max: 285856B slow: 476432B max: 66720B fast: 0B max: 0B
[9.207s][debug][gc,age         ] GC(34) Desired survivor size 13107200 bytes, new threshold 15 (max threshold 15)
[9.207s][debug][gc,alloc,region] GC(34) Mutator Allocation stats, regions: 197, wasted size: 0B ( 0.0%)
[9.207s][debug][gc,ergo        ] GC(34) Running G1 Merge Heap Roots using 8 workers for 199 regions
[9.207s][debug][gc,remset      ] GC(34) Visited cards 3840 Total dirty 12288 (31.25%) Total old 833536 (0.46%)
[9.207s][debug][gc,ergo        ] GC(34) Running G1 Clear Card Table Task using 1 workers for 1 units of work for 205 regions.
[9.207s][debug][gc,ref         ] GC(34) Skipped phase1 of Reference Processing due to unavailable references
[9.207s][debug][gc,ref         ] GC(34) Skipped phase3 of Reference Processing due to unavailable references
[9.208s][debug][gc,ergo        ] GC(34) Running G1 Free Collection Set using 8 workers for collection set length 199 (333)
[9.208s][debug][gc,ergo        ] GC(34) Running G1 Rebuild Free List Task using 8 workers for rebuilding free list of 0 (4096) regions
[9.208s][trace][gc,age         ] GC(34) Age table with threshold 15 (max threshold 15)
[9.208s][trace][gc,age         ] GC(34) - age   1:     243576 bytes,     243576 total
[9.208s][trace][gc,age         ] GC(34) - age   2:       1600 bytes,     245176 total
[9.208s][trace][gc,age         ] GC(34) - age   3:     250040 bytes,     495216 total
[9.208s][trace][gc,age         ] GC(34) - age   5:     244720 bytes,     739936 total
[9.208s][trace][gc,age         ] GC(34) - age   6:     161304 bytes,     901240 total
[9.208s][trace][gc,age         ] GC(34) - age   7:     241416 bytes,    1142656 total
[9.208s][trace][gc,age         ] GC(34) - age   8:      82096 bytes,    1224752 total
[9.208s][trace][gc,age         ] GC(34) - age   9:     336056 bytes,    1560808 total
[9.208s][trace][gc,age         ] GC(34) - age  10:       1184 bytes,    1561992 total
[9.208s][trace][gc,age         ] GC(34) - age  11:     241696 bytes,    1803688 total
[9.208s][trace][gc,age         ] GC(34) - age  12:      81512 bytes,    1885200 total
[9.208s][trace][gc,age         ] GC(34) - age  13:      81032 bytes,    1966232 total
[9.208s][trace][gc,age         ] GC(34) - age  14:      81032 bytes,    2047264 total
[9.208s][trace][gc,age         ] GC(34) - age  15:       1392 bytes,    2048656 total
[9.208s][debug][gc,plab        ] GC(34) Young PLAB allocation: allocated: 129920B, wasted: 1696B, unused: 6736B, used: 121488B, undo waste: 0B, 
[9.208s][debug][gc,plab        ] GC(34) Young other allocation: region end waste: 36544B, regions filled: 2, direct allocated: 1927168B, failure used: 0B, failure wasted: 0B
[9.208s][debug][gc,plab        ] GC(34) Young sizing: calculated: 16984B, actual: 17376B
[9.208s][debug][gc,plab        ] GC(34) Old PLAB allocation: allocated: 2064B, wasted: 0B, unused: 2032B, used: 32B, undo waste: 0B, 
[9.208s][debug][gc,plab        ] GC(34) Old other allocation: region end waste: 0B, regions filled: 1, direct allocated: 0B, failure used: 0B, failure wasted: 0B
[9.208s][debug][gc,plab        ] GC(34) Old sizing: calculated: 0B, actual: 2064B
[9.208s][debug][gc,ihop        ] GC(34) Basic information (value update), threshold: 157129113B (45.00), target occupancy: 349175808B, current occupancy: 6256536B, recent allocation size: 2064B, recent allocation duration: 290.78ms, recent old gen allocation rate: 7098.07B/s, recent marking phase length: 0.00ms
[9.208s][debug][gc,ihop        ] GC(34) Adaptive IHOP information (value update), threshold: 157129113B (47.37), internal target occupancy: 331717017B, occupancy: 6256536B, additional buffer size: 208666624B, predicted old gen allocation rate: 51003.41B/s, predicted marking phase length: 0.00ms, prediction active: false
[9.208s][debug][gc,ergo,refine ] GC(34) Concurrent refinement times: Logged Cards Scan time goal: 20.00ms Logged Cards Scan time: 0.02ms HCC time: 0.00ms
[9.208s][debug][gc,ergo,refine ] GC(34) Updated Refinement Zones: green: 2048, yellow: 6144, red: 10240
[9.208s][info ][gc,phases      ] GC(34)   Pre Evacuate Collection Set: 0.1ms
[9.208s][debug][gc,phases      ] GC(34)     Prepare TLABs: 0.0ms
[9.208s][debug][gc,phases      ] GC(34)     Choose Collection Set: 0.0ms
[9.208s][debug][gc,phases      ] GC(34)     Region Register: 0.1ms
[9.208s][debug][gc,phases      ] GC(34)     Prepare Heap Roots: 0.0ms
[9.208s][info ][gc,phases      ] GC(34)   Merge Heap Roots: 0.1ms
[9.208s][debug][gc,phases      ] GC(34)     Prepare Merge Heap Roots: 0.0ms
[9.208s][debug][gc,phases      ] GC(34)     Eager Reclaim (ms):       skipped
[9.208s][debug][gc,phases      ] GC(34)     Remembered Sets (ms):     Min:  0.0, Avg:  0.0, Max:  0.0, Diff:  0.0, Sum:  0.1, Workers: 8
[9.208s][debug][gc,phases      ] GC(34)       Merged Sparse:            Min: 0, Avg:  0.0, Max: 0, Diff: 0, Sum: 0, Workers: 8
[9.208s][debug][gc,phases      ] GC(34)       Merged Fine:              Min: 0, Avg:  0.0, Max: 0, Diff: 0, Sum: 0, Workers: 8
[9.208s][debug][gc,phases      ] GC(34)       Merged Coarse:            Min: 0, Avg:  0.0, Max: 0, Diff: 0, Sum: 0, Workers: 8
[9.208s][debug][gc,phases      ] GC(34)       Dirty Cards:              Min: 0, Avg:  0.0, Max: 0, Diff: 0, Sum: 0, Workers: 8
[9.208s][debug][gc,phases      ] GC(34)     Hot Card Cache (ms):      Min:  0.0, Avg:  0.0, Max:  0.0, Diff:  0.0, Sum:  0.0, Workers: 8
[9.208s][debug][gc,phases      ] GC(34)       Dirty Cards:              Min: 0, Avg:  0.0, Max: 0, Diff: 0, Sum: 0, Workers: 8
[9.208s][debug][gc,phases      ] GC(34)       Skipped Cards:            Min: 0, Avg:  0.0, Max: 0, Diff: 0, Sum: 0, Workers: 8
[9.208s][debug][gc,phases      ] GC(34)     Log Buffers (ms):         Min:  0.0, Avg:  0.0, Max:  0.0, Diff:  0.0, Sum:  0.0, Workers: 8
[9.208s][debug][gc,phases      ] GC(34)       Dirty Cards:              Min: 0, Avg:  9.6, Max: 60, Diff: 60, Sum: 77, Workers: 8
[9.208s][debug][gc,phases      ] GC(34)       Skipped Cards:            Min: 0, Avg:  0.0, Max: 0, Diff: 0, Sum: 0, Workers: 8
[9.208s][info ][gc,phases      ] GC(34)   Evacuate Collection Set: 0.4ms
[9.208s][debug][gc,phases      ] GC(34)     Ext Root Scanning (ms):   Min:  0.0, Avg:  0.0, Max:  0.1, Diff:  0.1, Sum:  0.3, Workers: 8
[9.208s][debug][gc,phases      ] GC(34)     Scan Heap Roots (ms):     Min:  0.0, Avg:  0.0, Max:  0.0, Diff:  0.0, Sum:  0.2, Workers: 8
[9.208s][debug][gc,phases      ] GC(34)       Scanned Cards:            Min: 0, Avg:  8.5, Max: 15, Diff: 15, Sum: 68, Workers: 8
[9.208s][debug][gc,phases      ] GC(34)       Scanned Blocks:           Min: 0, Avg:  6.9, Max: 13, Diff: 13, Sum: 55, Workers: 8
[9.208s][debug][gc,phases      ] GC(34)       Claimed Chunks:           Min: 0, Avg:  1.9, Max: 4, Diff: 4, Sum: 15, Workers: 8
[9.208s][debug][gc,phases      ] GC(34)     Code Root Scan (ms):      Min:  0.0, Avg:  0.0, Max:  0.1, Diff:  0.1, Sum:  0.1, Workers: 8
[9.208s][debug][gc,phases      ] GC(34)     Object Copy (ms):         Min:  0.0, Avg:  0.2, Max:  0.2, Diff:  0.2, Sum:  1.5, Workers: 8
[9.208s][debug][gc,phases      ] GC(34)     Termination (ms):         Min:  0.0, Avg:  0.1, Max:  0.1, Diff:  0.0, Sum:  0.5, Workers: 8
[9.208s][debug][gc,phases      ] GC(34)       Termination Attempts:     Min: 1, Avg:  1.0, Max: 1, Diff: 0, Sum: 8, Workers: 8
[9.208s][debug][gc,phases      ] GC(34)     GC Worker Other (ms):     Min:  0.0, Avg:  0.0, Max:  0.0, Diff:  0.0, Sum:  0.1, Workers: 8
[9.208s][debug][gc,phases      ] GC(34)     GC Worker Total (ms):     Min:  0.1, Avg:  0.3, Max:  0.4, Diff:  0.3, Sum:  2.6, Workers: 8
[9.208s][info ][gc,phases      ] GC(34)   Post Evacuate Collection Set: 0.5ms
[9.208s][debug][gc,phases      ] GC(34)     Code Roots Fixup: 0.0ms
[9.208s][debug][gc,phases      ] GC(34)     Clear Card Table: 0.1ms
[9.208s][debug][gc,phases      ] GC(34)     Reference Processing: 0.1ms
[9.208s][debug][gc,phases,ref  ] GC(34)       Reconsider SoftReferences: 0.1ms
[9.208s][debug][gc,phases,ref  ] GC(34)         SoftRef (ms):             skipped
[9.208s][debug][gc,phases,ref  ] GC(34)       Notify Soft/WeakReferences: 0.0ms
[9.208s][debug][gc,phases,ref  ] GC(34)         SoftRef (ms):             Min:  0.0, Avg:  0.0, Max:  0.0, Diff:  0.0, Sum:  0.0, Workers: 1
[9.208s][debug][gc,phases,ref  ] GC(34)         WeakRef (ms):             Min:  0.0, Avg:  0.0, Max:  0.0, Diff:  0.0, Sum:  0.0, Workers: 1
[9.208s][debug][gc,phases,ref  ] GC(34)         FinalRef (ms):            Min:  0.0, Avg:  0.0, Max:  0.0, Diff:  0.0, Sum:  0.0, Workers: 1
[9.208s][debug][gc,phases,ref  ] GC(34)         Total (ms):               Min:  0.0, Avg:  0.0, Max:  0.0, Diff:  0.0, Sum:  0.0, Workers: 1
[9.208s][debug][gc,phases,ref  ] GC(34)       Notify and keep alive finalizable: 0.0ms
[9.209s][debug][gc,phases,ref  ] GC(34)         FinalRef (ms):            skipped
[9.209s][debug][gc,phases,ref  ] GC(34)       Notify PhantomReferences: 0.0ms
[9.209s][debug][gc,phases,ref  ] GC(34)         PhantomRef (ms):          Min:  0.0, Avg:  0.0, Max:  0.0, Diff:  0.0, Sum:  0.0, Workers: 1
[9.209s][debug][gc,phases,ref  ] GC(34)       SoftReference:
[9.209s][debug][gc,phases,ref  ] GC(34)         Discovered: 0
[9.209s][debug][gc,phases,ref  ] GC(34)         Cleared: 0
[9.209s][debug][gc,phases,ref  ] GC(34)       WeakReference:
[9.209s][debug][gc,phases,ref  ] GC(34)         Discovered: 23
[9.209s][debug][gc,phases,ref  ] GC(34)         Cleared: 21
[9.209s][debug][gc,phases,ref  ] GC(34)       FinalReference:
[9.209s][debug][gc,phases,ref  ] GC(34)         Discovered: 0
[9.209s][debug][gc,phases,ref  ] GC(34)         Cleared: 0
[9.209s][debug][gc,phases,ref  ] GC(34)       PhantomReference:
[9.209s][debug][gc,phases,ref  ] GC(34)         Discovered: 64
[9.209s][debug][gc,phases,ref  ] GC(34)         Cleared: 64
[9.209s][debug][gc,phases      ] GC(34)     Weak Processing: 0.0ms
[9.209s][debug][gc,phases      ] GC(34)       JVMTI weak processing: 0.0ms
[9.209s][debug][gc,phases      ] GC(34)         Dead: 0
[9.209s][debug][gc,phases      ] GC(34)         Total: 0
[9.209s][debug][gc,phases      ] GC(34)       JFR weak processing: 0.0ms
[9.209s][debug][gc,phases      ] GC(34)         Dead: 0
[9.209s][debug][gc,phases      ] GC(34)         Total: 0
[9.209s][debug][gc,phases      ] GC(34)       JNI weak                  Min:  0.0, Avg:  0.0, Max:  0.0, Diff:  0.0, Sum:  0.0, Workers: 5
[9.209s][debug][gc,phases      ] GC(34)         Dead                      Min: 0, Avg:  0.0, Max: 0, Diff: 0, Sum: 0, Workers: 5
[9.209s][debug][gc,phases      ] GC(34)         Total                     Min: 0, Avg: 40.2, Max: 128, Diff: 128, Sum: 201, Workers: 5
[9.209s][debug][gc,phases      ] GC(34)       VM weak                   Min:  0.0, Avg:  0.0, Max:  0.0, Diff:  0.0, Sum:  0.0, Workers: 5
[9.209s][debug][gc,phases      ] GC(34)         Dead                      Min: 0, Avg:  0.0, Max: 0, Diff: 0, Sum: 0, Workers: 5
[9.209s][debug][gc,phases      ] GC(34)         Total                     Min: 0, Avg: 42.4, Max: 84, Diff: 84, Sum: 212, Workers: 5
[9.209s][debug][gc,phases      ] GC(34)       StringTable weak          Min:  0.0, Avg:  0.0, Max:  0.0, Diff:  0.0, Sum:  0.1, Workers: 5
[9.209s][debug][gc,phases      ] GC(34)         Dead                      Min: 0, Avg:  0.0, Max: 0, Diff: 0, Sum: 0, Workers: 5
[9.209s][debug][gc,phases      ] GC(34)         Total                     Min: 0, Avg: 685.8, Max: 997, Diff: 997, Sum: 3429, Workers: 5
[9.209s][debug][gc,phases      ] GC(34)       ResolvedMethodTable weak  Min:  0.0, Avg:  0.0, Max:  0.0, Diff:  0.0, Sum:  0.0, Workers: 5
[9.209s][debug][gc,phases      ] GC(34)         Dead                      Min: 0, Avg:  0.0, Max: 0, Diff: 0, Sum: 0, Workers: 5
[9.209s][debug][gc,phases      ] GC(34)         Total                     Min: 0, Avg: 114.6, Max: 320, Diff: 320, Sum: 573, Workers: 5
[9.209s][debug][gc,phases      ] GC(34)     Merge Per-Thread State: 0.0ms
[9.209s][debug][gc,phases      ] GC(34)       Copied Bytes              Min: 0, Avg: 256086.0, Max: 406016, Diff: 406016, Sum: 2048688, Workers: 8
[9.209s][debug][gc,phases      ] GC(34)       LAB Waste                 Min: 0, Avg: 212.0, Max: 440, Diff: 440, Sum: 1696, Workers: 8
[9.209s][debug][gc,phases      ] GC(34)       LAB Undo Waste            Min: 0, Avg:  0.0, Max: 0, Diff: 0, Sum: 0, Workers: 8
[9.209s][debug][gc,phases      ] GC(34)     Code Roots Purge: 0.0ms
[9.209s][debug][gc,phases      ] GC(34)     Redirty Cards: 0.1ms
[9.209s][debug][gc,phases      ] GC(34)     DerivedPointerTable Update: 0.0ms
[9.209s][debug][gc,phases      ] GC(34)     Free Collection Set: 0.1ms
[9.209s][debug][gc,phases      ] GC(34)     Rebuild Free List: 0.0ms
[9.209s][debug][gc,phases      ] GC(34)     Humongous Reclaim: 0.0ms
[9.209s][debug][gc,phases      ] GC(34)     Start New Collection Set: 0.0ms
[9.209s][debug][gc,phases      ] GC(34)     Resize TLABs: 0.0ms
[9.209s][debug][gc,phases      ] GC(34)     Expand Heap After Collection: 0.0ms
[9.209s][info ][gc,phases      ] GC(34)   Other: 0.6ms
[9.209s][info ][gc,heap        ] GC(34) Eden regions: 197->0(197)
[9.209s][info ][gc,heap        ] GC(34) Survivor regions: 2->2(25)
[9.209s][info ][gc,heap        ] GC(34) Old regions: 7->7
[9.209s][info ][gc,heap        ] GC(34) Archive regions: 2->2
[9.209s][info ][gc,heap        ] GC(34) Humongous regions: 0->0
[9.209s][info ][gc,metaspace   ] GC(34) Metaspace: 10143K(10880K)->10143K(10880K) NonClass: 8992K(9472K)->8992K(9472K) Class: 1151K(1408K)->1151K(1408K)
[9.209s][debug][gc,heap        ] GC(34) Heap after GC invocations=35 (full 1): garbage-first heap   total 340992K, used 6109K [0x0000000700000000, 0x0000000800000000)
[9.209s][debug][gc,heap        ] GC(34)   region size 1024K, 2 young (2048K), 2 survivors (2048K)
[9.209s][debug][gc,heap        ] GC(34)  Metaspace       used 10143K, capacity 10433K, committed 10880K, reserved 1058816K
[9.209s][debug][gc,heap        ] GC(34)   class space    used 1151K, capacity 1266K, committed 1408K, reserved 1048576K
[9.209s][info ][gc             ] GC(34) Pause Young (Normal) (G1 Evacuation Pause) 202M->5M(333M) 2.296ms
[9.209s][info ][gc,cpu         ] GC(34) User=0.00s Sys=0.00s Real=0.01s
[9.209s][info ][safepoint      ] Safepoint "G1CollectForAllocation", Time since last: 289711883 ns, Reaching safepoint: 130986 ns, At safepoint: 2552745 ns, Total: 2683731 ns
[9.513s][debug][gc,heap        ] GC(35) Heap before GC invocations=35 (full 1): garbage-first heap   total 340992K, used 207837K [0x0000000700000000, 0x0000000800000000)
[9.513s][debug][gc,heap        ] GC(35)   region size 1024K, 199 young (203776K), 2 survivors (2048K)
[9.513s][debug][gc,heap        ] GC(35)  Metaspace       used 10143K, capacity 10433K, committed 10880K, reserved 1058816K
[9.513s][debug][gc,heap        ] GC(35)   class space    used 1151K, capacity 1266K, committed 1408K, reserved 1048576K
[9.513s][info ][gc,start       ] GC(35) Pause Young (Normal) (G1 Evacuation Pause)
[9.513s][info ][gc,task        ] GC(35) Using 8 workers of 8 for evacuation
[9.513s][debug][gc,tlab        ] GC(35) TLAB totals: thrds: 8  refills: 789 max: 117 slow allocs: 0 max 0 waste:  1.1% gc: 1847528B max: 498608B slow: 457232B max: 67736B fast: 0B max: 0B
[9.513s][debug][gc,age         ] GC(35) Desired survivor size 13107200 bytes, new threshold 15 (max threshold 15)
[9.513s][debug][gc,alloc,region] GC(35) Mutator Allocation stats, regions: 197, wasted size: 0B ( 0.0%)
[9.513s][debug][gc,ergo        ] GC(35) Running G1 Merge Heap Roots using 8 workers for 199 regions
[9.513s][debug][gc,remset      ] GC(35) Visited cards 3328 Total dirty 10240 (32.50%) Total old 833536 (0.40%)
[9.514s][debug][gc,ergo        ] GC(35) Running G1 Clear Card Table Task using 1 workers for 1 units of work for 204 regions.
[9.514s][debug][gc,ref         ] GC(35) Skipped phase1 of Reference Processing due to unavailable references
[9.514s][debug][gc,ref         ] GC(35) Skipped phase2 of Reference Processing due to unavailable references
[9.514s][debug][gc,ref         ] GC(35) Skipped phase3 of Reference Processing due to unavailable references
[9.514s][debug][gc,ergo        ] GC(35) Running G1 Free Collection Set using 8 workers for collection set length 199 (333)
[9.514s][debug][gc,ergo        ] GC(35) Running G1 Rebuild Free List Task using 8 workers for rebuilding free list of 0 (4096) regions
[9.514s][trace][gc,age         ] GC(35) Age table with threshold 15 (max threshold 15)
[9.514s][trace][gc,age         ] GC(35) - age   1:        936 bytes,        936 total
[9.514s][trace][gc,age         ] GC(35) - age   2:     242416 bytes,     243352 total
[9.514s][trace][gc,age         ] GC(35) - age   3:       1600 bytes,     244952 total
[9.514s][trace][gc,age         ] GC(35) - age   4:     250040 bytes,     494992 total
[9.514s][trace][gc,age         ] GC(35) - age   6:     244720 bytes,     739712 total
[9.514s][trace][gc,age         ] GC(35) - age   7:     161304 bytes,     901016 total
[9.514s][trace][gc,age         ] GC(35) - age   8:     241416 bytes,    1142432 total
[9.514s][trace][gc,age         ] GC(35) - age   9:      82096 bytes,    1224528 total
[9.514s][trace][gc,age         ] GC(35) - age  10:     336056 bytes,    1560584 total
[9.514s][trace][gc,age         ] GC(35) - age  11:       1184 bytes,    1561768 total
[9.514s][trace][gc,age         ] GC(35) - age  12:     241696 bytes,    1803464 total
[9.514s][trace][gc,age         ] GC(35) - age  13:      81512 bytes,    1884976 total
[9.514s][trace][gc,age         ] GC(35) - age  14:      81032 bytes,    1966008 total
[9.514s][trace][gc,age         ] GC(35) - age  15:      81032 bytes,    2047040 total
[9.514s][debug][gc,plab        ] GC(35) Young PLAB allocation: allocated: 132248B, wasted: 1896B, unused: 11256B, used: 119096B, undo waste: 0B, 
[9.514s][debug][gc,plab        ] GC(35) Young other allocation: region end waste: 30080B, regions filled: 2, direct allocated: 1927944B, failure used: 0B, failure wasted: 0B
[9.514s][debug][gc,plab        ] GC(35) Young sizing: calculated: 17800B, actual: 17688B
[9.514s][debug][gc,plab        ] GC(35) Old PLAB allocation: allocated: 6192B, wasted: 0B, unused: 4800B, used: 1392B, undo waste: 0B, 
[9.514s][debug][gc,plab        ] GC(35) Old other allocation: region end waste: 0B, regions filled: 1, direct allocated: 0B, failure used: 0B, failure wasted: 0B
[9.514s][debug][gc,plab        ] GC(35) Old sizing: calculated: 272B, actual: 2064B
[9.514s][debug][gc,ihop        ] GC(35) Basic information (value update), threshold: 157129113B (45.00), target occupancy: 349175808B, current occupancy: 6259832B, recent allocation size: 6192B, recent allocation duration: 304.90ms, recent old gen allocation rate: 20308.57B/s, recent marking phase length: 0.00ms
[9.514s][debug][gc,ihop        ] GC(35) Adaptive IHOP information (value update), threshold: 157129113B (47.37), internal target occupancy: 331717017B, occupancy: 6259832B, additional buffer size: 208666624B, predicted old gen allocation rate: 50295.02B/s, predicted marking phase length: 0.00ms, prediction active: false
[9.514s][debug][gc,ergo,refine ] GC(35) Concurrent refinement times: Logged Cards Scan time goal: 20.00ms Logged Cards Scan time: 0.02ms HCC time: 0.00ms
[9.514s][debug][gc,ergo,refine ] GC(35) Updated Refinement Zones: green: 2048, yellow: 6144, red: 10240
[9.514s][info ][gc,phases      ] GC(35)   Pre Evacuate Collection Set: 0.1ms
[9.514s][debug][gc,phases      ] GC(35)     Prepare TLABs: 0.0ms
[9.514s][debug][gc,phases      ] GC(35)     Choose Collection Set: 0.0ms
[9.514s][debug][gc,phases      ] GC(35)     Region Register: 0.1ms
[9.514s][debug][gc,phases      ] GC(35)     Prepare Heap Roots: 0.0ms
[9.514s][info ][gc,phases      ] GC(35)   Merge Heap Roots: 0.2ms
[9.514s][debug][gc,phases      ] GC(35)     Prepare Merge Heap Roots: 0.0ms
[9.514s][debug][gc,phases      ] GC(35)     Eager Reclaim (ms):       skipped
[9.514s][debug][gc,phases      ] GC(35)     Remembered Sets (ms):     Min:  0.0, Avg:  0.0, Max:  0.0, Diff:  0.0, Sum:  0.1, Workers: 8
[9.514s][debug][gc,phases      ] GC(35)       Merged Sparse:            Min: 0, Avg:  0.0, Max: 0, Diff: 0, Sum: 0, Workers: 8
[9.514s][debug][gc,phases      ] GC(35)       Merged Fine:              Min: 0, Avg:  0.0, Max: 0, Diff: 0, Sum: 0, Workers: 8
[9.514s][debug][gc,phases      ] GC(35)       Merged Coarse:            Min: 0, Avg:  0.0, Max: 0, Diff: 0, Sum: 0, Workers: 8
[9.514s][debug][gc,phases      ] GC(35)       Dirty Cards:              Min: 0, Avg:  0.0, Max: 0, Diff: 0, Sum: 0, Workers: 8
[9.514s][debug][gc,phases      ] GC(35)     Hot Card Cache (ms):      Min:  0.0, Avg:  0.0, Max:  0.0, Diff:  0.0, Sum:  0.0, Workers: 8
[9.514s][debug][gc,phases      ] GC(35)       Dirty Cards:              Min: 0, Avg:  0.0, Max: 0, Diff: 0, Sum: 0, Workers: 8
[9.514s][debug][gc,phases      ] GC(35)       Skipped Cards:            Min: 0, Avg:  0.0, Max: 0, Diff: 0, Sum: 0, Workers: 8
[9.514s][debug][gc,phases      ] GC(35)     Log Buffers (ms):         Min:  0.0, Avg:  0.0, Max:  0.0, Diff:  0.0, Sum:  0.0, Workers: 8
[9.514s][debug][gc,phases      ] GC(35)       Dirty Cards:              Min: 0, Avg:  7.8, Max: 21, Diff: 21, Sum: 62, Workers: 8
[9.514s][debug][gc,phases      ] GC(35)       Skipped Cards:            Min: 0, Avg:  0.0, Max: 0, Diff: 0, Sum: 0, Workers: 8
[9.514s][info ][gc,phases      ] GC(35)   Evacuate Collection Set: 0.3ms
[9.514s][debug][gc,phases      ] GC(35)     Ext Root Scanning (ms):   Min:  0.0, Avg:  0.0, Max:  0.1, Diff:  0.1, Sum:  0.3, Workers: 8
[9.514s][debug][gc,phases      ] GC(35)     Scan Heap Roots (ms):     Min:  0.0, Avg:  0.0, Max:  0.0, Diff:  0.0, Sum:  0.1, Workers: 8
[9.514s][debug][gc,phases      ] GC(35)       Scanned Cards:            Min: 0, Avg:  6.9, Max: 13, Diff: 13, Sum: 55, Workers: 8
[9.514s][debug][gc,phases      ] GC(35)       Scanned Blocks:           Min: 0, Avg:  5.9, Max: 11, Diff: 11, Sum: 47, Workers: 8
[9.514s][debug][gc,phases      ] GC(35)       Claimed Chunks:           Min: 0, Avg:  1.6, Max: 3, Diff: 3, Sum: 13, Workers: 8
[9.514s][debug][gc,phases      ] GC(35)     Code Root Scan (ms):      Min:  0.0, Avg:  0.0, Max:  0.0, Diff:  0.0, Sum:  0.1, Workers: 8
[9.514s][debug][gc,phases      ] GC(35)     Object Copy (ms):         Min:  0.1, Avg:  0.2, Max:  0.2, Diff:  0.1, Sum:  1.4, Workers: 8
[9.514s][debug][gc,phases      ] GC(35)     Termination (ms):         Min:  0.0, Avg:  0.1, Max:  0.1, Diff:  0.0, Sum:  0.4, Workers: 8
[9.514s][debug][gc,phases      ] GC(35)       Termination Attempts:     Min: 1, Avg:  1.0, Max: 1, Diff: 0, Sum: 8, Workers: 8
[9.514s][debug][gc,phases      ] GC(35)     GC Worker Other (ms):     Min:  0.0, Avg:  0.0, Max:  0.0, Diff:  0.0, Sum:  0.1, Workers: 8
[9.514s][debug][gc,phases      ] GC(35)     GC Worker Total (ms):     Min:  0.3, Avg:  0.3, Max:  0.3, Diff:  0.0, Sum:  2.4, Workers: 8
[9.514s][info ][gc,phases      ] GC(35)   Post Evacuate Collection Set: 0.4ms
[9.514s][debug][gc,phases      ] GC(35)     Code Roots Fixup: 0.0ms
[9.514s][debug][gc,phases      ] GC(35)     Clear Card Table: 0.1ms
[9.514s][debug][gc,phases      ] GC(35)     Reference Processing: 0.0ms
[9.514s][debug][gc,phases,ref  ] GC(35)       Reconsider SoftReferences: 0.0ms
[9.514s][debug][gc,phases,ref  ] GC(35)         SoftRef (ms):             skipped
[9.514s][debug][gc,phases,ref  ] GC(35)       Notify Soft/WeakReferences: 0.0ms
[9.514s][debug][gc,phases,ref  ] GC(35)         SoftRef (ms):             skipped
[9.514s][debug][gc,phases,ref  ] GC(35)         WeakRef (ms):             skipped
[9.514s][debug][gc,phases,ref  ] GC(35)         FinalRef (ms):            skipped
[9.514s][debug][gc,phases,ref  ] GC(35)         Total (ms):               skipped
[9.514s][debug][gc,phases,ref  ] GC(35)       Notify and keep alive finalizable: 0.0ms
[9.514s][debug][gc,phases,ref  ] GC(35)         FinalRef (ms):            skipped
[9.514s][debug][gc,phases,ref  ] GC(35)       Notify PhantomReferences: 0.0ms
[9.514s][debug][gc,phases,ref  ] GC(35)         PhantomRef (ms):          Min:  0.0, Avg:  0.0, Max:  0.0, Diff:  0.0, Sum:  0.0, Workers: 1
[9.514s][debug][gc,phases,ref  ] GC(35)       SoftReference:
[9.514s][debug][gc,phases,ref  ] GC(35)         Discovered: 0
[9.514s][debug][gc,phases,ref  ] GC(35)         Cleared: 0
[9.514s][debug][gc,phases,ref  ] GC(35)       WeakReference:
[9.514s][debug][gc,phases,ref  ] GC(35)         Discovered: 0
[9.514s][debug][gc,phases,ref  ] GC(35)         Cleared: 0
[9.514s][debug][gc,phases,ref  ] GC(35)       FinalReference:
[9.514s][debug][gc,phases,ref  ] GC(35)         Discovered: 0
[9.514s][debug][gc,phases,ref  ] GC(35)         Cleared: 0
[9.514s][debug][gc,phases,ref  ] GC(35)       PhantomReference:
[9.514s][debug][gc,phases,ref  ] GC(35)         Discovered: 59
[9.514s][debug][gc,phases,ref  ] GC(35)         Cleared: 59
[9.514s][debug][gc,phases      ] GC(35)     Weak Processing: 0.1ms
[9.514s][debug][gc,phases      ] GC(35)       JVMTI weak processing: 0.0ms
[9.515s][debug][gc,phases      ] GC(35)         Dead: 0
[9.515s][debug][gc,phases      ] GC(35)         Total: 0
[9.515s][debug][gc,phases      ] GC(35)       JFR weak processing: 0.0ms
[9.515s][debug][gc,phases      ] GC(35)         Dead: 0
[9.515s][debug][gc,phases      ] GC(35)         Total: 0
[9.515s][debug][gc,phases      ] GC(35)       JNI weak                  Min:  0.0, Avg:  0.0, Max:  0.0, Diff:  0.0, Sum:  0.0, Workers: 5
[9.515s][debug][gc,phases      ] GC(35)         Dead                      Min: 0, Avg:  0.0, Max: 0, Diff: 0, Sum: 0, Workers: 5
[9.515s][debug][gc,phases      ] GC(35)         Total                     Min: 0, Avg: 40.2, Max: 73, Diff: 73, Sum: 201, Workers: 5
[9.515s][debug][gc,phases      ] GC(35)       VM weak                   Min:  0.0, Avg:  0.0, Max:  0.0, Diff:  0.0, Sum:  0.0, Workers: 5
[9.515s][debug][gc,phases      ] GC(35)         Dead                      Min: 0, Avg:  0.0, Max: 0, Diff: 0, Sum: 0, Workers: 5
[9.515s][debug][gc,phases      ] GC(35)         Total                     Min: 0, Avg: 42.4, Max: 84, Diff: 84, Sum: 212, Workers: 5
[9.515s][debug][gc,phases      ] GC(35)       StringTable weak          Min:  0.0, Avg:  0.0, Max:  0.0, Diff:  0.0, Sum:  0.1, Workers: 5
[9.515s][debug][gc,phases      ] GC(35)         Dead                      Min: 0, Avg:  0.0, Max: 0, Diff: 0, Sum: 0, Workers: 5
[9.515s][debug][gc,phases      ] GC(35)         Total                     Min: 0, Avg: 685.8, Max: 896, Diff: 896, Sum: 3429, Workers: 5
[9.515s][debug][gc,phases      ] GC(35)       ResolvedMethodTable weak  Min:  0.0, Avg:  0.0, Max:  0.0, Diff:  0.0, Sum:  0.0, Workers: 5
[9.515s][debug][gc,phases      ] GC(35)         Dead                      Min: 0, Avg:  0.0, Max: 0, Diff: 0, Sum: 0, Workers: 5
[9.515s][debug][gc,phases      ] GC(35)         Total                     Min: 0, Avg: 114.6, Max: 189, Diff: 189, Sum: 573, Workers: 5
[9.515s][debug][gc,phases      ] GC(35)     Merge Per-Thread State: 0.0ms
[9.515s][debug][gc,phases      ] GC(35)       Copied Bytes              Min: 202888, Avg: 256054.0, Max: 325688, Diff: 122800, Sum: 2048432, Workers: 8
[9.515s][debug][gc,phases      ] GC(35)       LAB Waste                 Min: 120, Avg: 237.0, Max: 440, Diff: 320, Sum: 1896, Workers: 8
[9.515s][debug][gc,phases      ] GC(35)       LAB Undo Waste            Min: 0, Avg:  0.0, Max: 0, Diff: 0, Sum: 0, Workers: 8
[9.515s][debug][gc,phases      ] GC(35)     Code Roots Purge: 0.0ms
[9.515s][debug][gc,phases      ] GC(35)     Redirty Cards: 0.0ms
[9.515s][debug][gc,phases      ] GC(35)     DerivedPointerTable Update: 0.0ms
[9.515s][debug][gc,phases      ] GC(35)     Free Collection Set: 0.1ms
[9.515s][debug][gc,phases      ] GC(35)     Rebuild Free List: 0.0ms
[9.515s][debug][gc,phases      ] GC(35)     Humongous Reclaim: 0.0ms
[9.515s][debug][gc,phases      ] GC(35)     Start New Collection Set: 0.0ms
[9.515s][debug][gc,phases      ] GC(35)     Resize TLABs: 0.0ms
[9.515s][debug][gc,phases      ] GC(35)     Expand Heap After Collection: 0.0ms
[9.515s][info ][gc,phases      ] GC(35)   Other: 0.4ms
[9.515s][info ][gc,heap        ] GC(35) Eden regions: 197->0(197)
[9.515s][info ][gc,heap        ] GC(35) Survivor regions: 2->2(25)
[9.515s][info ][gc,heap        ] GC(35) Old regions: 7->7
[9.515s][info ][gc,heap        ] GC(35) Archive regions: 2->2
[9.515s][info ][gc,heap        ] GC(35) Humongous regions: 0->0
[9.515s][info ][gc,metaspace   ] GC(35) Metaspace: 10143K(10880K)->10143K(10880K) NonClass: 8992K(9472K)->8992K(9472K) Class: 1151K(1408K)->1151K(1408K)
[9.515s][debug][gc,heap        ] GC(35) Heap after GC invocations=36 (full 1): garbage-first heap   total 340992K, used 6113K [0x0000000700000000, 0x0000000800000000)
[9.515s][debug][gc,heap        ] GC(35)   region size 1024K, 2 young (2048K), 2 survivors (2048K)
[9.515s][debug][gc,heap        ] GC(35)  Metaspace       used 10143K, capacity 10433K, committed 10880K, reserved 1058816K
[9.515s][debug][gc,heap        ] GC(35)   class space    used 1151K, capacity 1266K, committed 1408K, reserved 1048576K
[9.515s][info ][gc             ] GC(35) Pause Young (Normal) (G1 Evacuation Pause) 202M->5M(333M) 1.803ms
[9.515s][info ][gc,cpu         ] GC(35) User=0.00s Sys=0.00s Real=0.00s
[9.515s][info ][safepoint      ] Safepoint "G1CollectForAllocation", Time since last: 303705795 ns, Reaching safepoint: 184980 ns, At safepoint: 2200356 ns, Total: 2385336 ns
[9.842s][debug][gc,heap        ] GC(36) Heap before GC invocations=36 (full 1): garbage-first heap   total 340992K, used 206817K [0x0000000700000000, 0x0000000800000000)
[9.842s][debug][gc,heap        ] GC(36)   region size 1024K, 199 young (203776K), 2 survivors (2048K)
[9.842s][debug][gc,heap        ] GC(36)  Metaspace       used 10164K, capacity 10433K, committed 10880K, reserved 1058816K
[9.842s][debug][gc,heap        ] GC(36)   class space    used 1151K, capacity 1266K, committed 1408K, reserved 1048576K
[9.842s][info ][gc,start       ] GC(36) Pause Young (Normal) (G1 Evacuation Pause)
[9.842s][info ][gc,task        ] GC(36) Using 8 workers of 8 for evacuation
[9.842s][debug][gc,tlab        ] GC(36) TLAB totals: thrds: 9  refills: 808 max: 109 slow allocs: 4 max 4 waste:  0.7% gc: 1022384B max: 244656B slow: 467272B max: 63104B fast: 0B max: 0B
[9.842s][debug][gc,age         ] GC(36) Desired survivor size 13107200 bytes, new threshold 15 (max threshold 15)
[9.842s][debug][gc,alloc,region] GC(36) Mutator Allocation stats, regions: 197, wasted size: 0B ( 0.0%)
[9.843s][debug][gc,ergo        ] GC(36) Running G1 Merge Heap Roots using 8 workers for 199 regions
[9.843s][debug][gc,remset      ] GC(36) Visited cards 3840 Total dirty 12288 (31.25%) Total old 833536 (0.46%)
[9.843s][debug][gc,ergo        ] GC(36) Running G1 Clear Card Table Task using 1 workers for 1 units of work for 205 regions.
[9.843s][debug][gc,ref         ] GC(36) Skipped phase1 of Reference Processing due to unavailable references
[9.843s][debug][gc,ref         ] GC(36) Skipped phase3 of Reference Processing due to unavailable references
[9.843s][debug][gc,ergo        ] GC(36) Running G1 Free Collection Set using 8 workers for collection set length 199 (333)
[9.843s][debug][gc,ergo        ] GC(36) Running G1 Rebuild Free List Task using 8 workers for rebuilding free list of 0 (4096) regions
[9.843s][trace][gc,age         ] GC(36) Age table with threshold 15 (max threshold 15)
[9.843s][trace][gc,age         ] GC(36) - age   1:     164776 bytes,     164776 total
[9.843s][trace][gc,age         ] GC(36) - age   3:     241408 bytes,     406184 total
[9.843s][trace][gc,age         ] GC(36) - age   4:       1600 bytes,     407784 total
[9.843s][trace][gc,age         ] GC(36) - age   5:     250040 bytes,     657824 total
[9.843s][trace][gc,age         ] GC(36) - age   7:     244720 bytes,     902544 total
[9.844s][trace][gc,age         ] GC(36) - age   8:     161304 bytes,    1063848 total
[9.844s][trace][gc,age         ] GC(36) - age   9:     241416 bytes,    1305264 total
[9.844s][trace][gc,age         ] GC(36) - age  10:      81568 bytes,    1386832 total
[9.844s][trace][gc,age         ] GC(36) - age  11:     336056 bytes,    1722888 total
[9.844s][trace][gc,age         ] GC(36) - age  12:       1184 bytes,    1724072 total
[9.844s][trace][gc,age         ] GC(36) - age  13:     241696 bytes,    1965768 total
[9.844s][trace][gc,age         ] GC(36) - age  14:      81512 bytes,    2047280 total
[9.844s][trace][gc,age         ] GC(36) - age  15:      81032 bytes,    2128312 total
[9.844s][debug][gc,plab        ] GC(36) Young PLAB allocation: allocated: 132000B, wasted: 2136B, unused: 5552B, used: 124312B, undo waste: 115248B, 
[9.844s][debug][gc,plab        ] GC(36) Young other allocation: region end waste: 37984B, regions filled: 3, direct allocated: 2119248B, failure used: 0B, failure wasted: 0B
[9.844s][debug][gc,plab        ] GC(36) Young sizing: calculated: 17264B, actual: 17368B
[9.844s][debug][gc,plab        ] GC(36) Old PLAB allocation: allocated: 10320B, wasted: 32B, unused: 6088B, used: 4200B, undo waste: 0B, 
[9.844s][debug][gc,plab        ] GC(36) Old other allocation: region end waste: 0B, regions filled: 1, direct allocated: 76832B, failure used: 0B, failure wasted: 0B
[9.844s][debug][gc,plab        ] GC(36) Old sizing: calculated: 840B, actual: 2064B
[9.844s][debug][gc,ihop        ] GC(36) Basic information (value update), threshold: 157129113B (45.00), target occupancy: 349175808B, current occupancy: 6546344B, recent allocation size: 10320B, recent allocation duration: 328.29ms, recent old gen allocation rate: 31435.97B/s, recent marking phase length: 0.00ms
[9.844s][debug][gc,ihop        ] GC(36) Adaptive IHOP information (value update), threshold: 157129113B (47.37), internal target occupancy: 331717017B, occupancy: 6546344B, additional buffer size: 208666624B, predicted old gen allocation rate: 50189.70B/s, predicted marking phase length: 0.00ms, prediction active: false
[9.844s][debug][gc,ergo,refine ] GC(36) Concurrent refinement times: Logged Cards Scan time goal: 20.00ms Logged Cards Scan time: 0.02ms HCC time: 0.00ms
[9.844s][debug][gc,ergo,refine ] GC(36) Updated Refinement Zones: green: 2048, yellow: 6144, red: 10240
[9.844s][info ][gc,phases      ] GC(36)   Pre Evacuate Collection Set: 0.1ms
[9.844s][debug][gc,phases      ] GC(36)     Prepare TLABs: 0.0ms
[9.844s][debug][gc,phases      ] GC(36)     Choose Collection Set: 0.0ms
[9.844s][debug][gc,phases      ] GC(36)     Region Register: 0.1ms
[9.844s][debug][gc,phases      ] GC(36)     Prepare Heap Roots: 0.0ms
[9.844s][info ][gc,phases      ] GC(36)   Merge Heap Roots: 0.1ms
[9.844s][debug][gc,phases      ] GC(36)     Prepare Merge Heap Roots: 0.0ms
[9.844s][debug][gc,phases      ] GC(36)     Eager Reclaim (ms):       skipped
[9.844s][debug][gc,phases      ] GC(36)     Remembered Sets (ms):     Min:  0.0, Avg:  0.0, Max:  0.0, Diff:  0.0, Sum:  0.1, Workers: 8
[9.844s][debug][gc,phases      ] GC(36)       Merged Sparse:            Min: 0, Avg:  0.0, Max: 0, Diff: 0, Sum: 0, Workers: 8
[9.844s][debug][gc,phases      ] GC(36)       Merged Fine:              Min: 0, Avg:  0.0, Max: 0, Diff: 0, Sum: 0, Workers: 8
[9.844s][debug][gc,phases      ] GC(36)       Merged Coarse:            Min: 0, Avg:  0.0, Max: 0, Diff: 0, Sum: 0, Workers: 8
[9.844s][debug][gc,phases      ] GC(36)       Dirty Cards:              Min: 0, Avg:  0.0, Max: 0, Diff: 0, Sum: 0, Workers: 8
[9.844s][debug][gc,phases      ] GC(36)     Hot Card Cache (ms):      Min:  0.0, Avg:  0.0, Max:  0.0, Diff:  0.0, Sum:  0.0, Workers: 8
[9.844s][debug][gc,phases      ] GC(36)       Dirty Cards:              Min: 0, Avg:  0.0, Max: 0, Diff: 0, Sum: 0, Workers: 8
[9.844s][debug][gc,phases      ] GC(36)       Skipped Cards:            Min: 0, Avg:  0.0, Max: 0, Diff: 0, Sum: 0, Workers: 8
[9.844s][debug][gc,phases      ] GC(36)     Log Buffers (ms):         Min:  0.0, Avg:  0.0, Max:  0.0, Diff:  0.0, Sum:  0.0, Workers: 8
[9.844s][debug][gc,phases      ] GC(36)       Dirty Cards:              Min: 0, Avg:  9.5, Max: 24, Diff: 24, Sum: 76, Workers: 8
[9.844s][debug][gc,phases      ] GC(36)       Skipped Cards:            Min: 0, Avg:  0.0, Max: 0, Diff: 0, Sum: 0, Workers: 8
[9.844s][info ][gc,phases      ] GC(36)   Evacuate Collection Set: 0.3ms
[9.844s][debug][gc,phases      ] GC(36)     Ext Root Scanning (ms):   Min:  0.0, Avg:  0.0, Max:  0.1, Diff:  0.1, Sum:  0.3, Workers: 8
[9.844s][debug][gc,phases      ] GC(36)     Scan Heap Roots (ms):     Min:  0.0, Avg:  0.0, Max:  0.0, Diff:  0.0, Sum:  0.1, Workers: 8
[9.844s][debug][gc,phases      ] GC(36)       Scanned Cards:            Min: 0, Avg:  8.8, Max: 14, Diff: 14, Sum: 70, Workers: 8
[9.844s][debug][gc,phases      ] GC(36)       Scanned Blocks:           Min: 0, Avg:  7.1, Max: 12, Diff: 12, Sum: 57, Workers: 8
[9.844s][debug][gc,phases      ] GC(36)       Claimed Chunks:           Min: 0, Avg:  1.9, Max: 4, Diff: 4, Sum: 15, Workers: 8
[9.844s][debug][gc,phases      ] GC(36)     Code Root Scan (ms):      Min:  0.0, Avg:  0.0, Max:  0.1, Diff:  0.1, Sum:  0.1, Workers: 8
[9.844s][debug][gc,phases      ] GC(36)     Object Copy (ms):         Min:  0.1, Avg:  0.2, Max:  0.2, Diff:  0.1, Sum:  1.4, Workers: 8
[9.844s][debug][gc,phases      ] GC(36)     Termination (ms):         Min:  0.0, Avg:  0.0, Max:  0.1, Diff:  0.0, Sum:  0.3, Workers: 8
[9.844s][debug][gc,phases      ] GC(36)       Termination Attempts:     Min: 1, Avg:  1.0, Max: 1, Diff: 0, Sum: 8, Workers: 8
[9.844s][debug][gc,phases      ] GC(36)     GC Worker Other (ms):     Min:  0.0, Avg:  0.0, Max:  0.0, Diff:  0.0, Sum:  0.1, Workers: 8
[9.844s][debug][gc,phases      ] GC(36)     GC Worker Total (ms):     Min:  0.3, Avg:  0.3, Max:  0.3, Diff:  0.0, Sum:  2.4, Workers: 8
[9.844s][info ][gc,phases      ] GC(36)   Post Evacuate Collection Set: 0.5ms
[9.844s][debug][gc,phases      ] GC(36)     Code Roots Fixup: 0.0ms
[9.844s][debug][gc,phases      ] GC(36)     Clear Card Table: 0.1ms
[9.844s][debug][gc,phases      ] GC(36)     Reference Processing: 0.1ms
[9.844s][debug][gc,phases,ref  ] GC(36)       Reconsider SoftReferences: 0.0ms
[9.844s][debug][gc,phases,ref  ] GC(36)         SoftRef (ms):             skipped
[9.844s][debug][gc,phases,ref  ] GC(36)       Notify Soft/WeakReferences: 0.0ms
[9.844s][debug][gc,phases,ref  ] GC(36)         SoftRef (ms):             Min:  0.0, Avg:  0.0, Max:  0.0, Diff:  0.0, Sum:  0.0, Workers: 1
[9.844s][debug][gc,phases,ref  ] GC(36)         WeakRef (ms):             Min:  0.0, Avg:  0.0, Max:  0.0, Diff:  0.0, Sum:  0.0, Workers: 1
[9.844s][debug][gc,phases,ref  ] GC(36)         FinalRef (ms):            Min:  0.0, Avg:  0.0, Max:  0.0, Diff:  0.0, Sum:  0.0, Workers: 1
[9.844s][debug][gc,phases,ref  ] GC(36)         Total (ms):               Min:  0.0, Avg:  0.0, Max:  0.0, Diff:  0.0, Sum:  0.0, Workers: 1
[9.844s][debug][gc,phases,ref  ] GC(36)       Notify and keep alive finalizable: 0.0ms
[9.844s][debug][gc,phases,ref  ] GC(36)         FinalRef (ms):            skipped
[9.844s][debug][gc,phases,ref  ] GC(36)       Notify PhantomReferences: 0.0ms
[9.844s][debug][gc,phases,ref  ] GC(36)         PhantomRef (ms):          Min:  0.0, Avg:  0.0, Max:  0.0, Diff:  0.0, Sum:  0.0, Workers: 1
[9.844s][debug][gc,phases,ref  ] GC(36)       SoftReference:
[9.844s][debug][gc,phases,ref  ] GC(36)         Discovered: 0
[9.844s][debug][gc,phases,ref  ] GC(36)         Cleared: 0
[9.844s][debug][gc,phases,ref  ] GC(36)       WeakReference:
[9.844s][debug][gc,phases,ref  ] GC(36)         Discovered: 2
[9.844s][debug][gc,phases,ref  ] GC(36)         Cleared: 0
[9.844s][debug][gc,phases,ref  ] GC(36)       FinalReference:
[9.844s][debug][gc,phases,ref  ] GC(36)         Discovered: 0
[9.844s][debug][gc,phases,ref  ] GC(36)         Cleared: 0
[9.844s][debug][gc,phases,ref  ] GC(36)       PhantomReference:
[9.844s][debug][gc,phases,ref  ] GC(36)         Discovered: 63
[9.844s][debug][gc,phases,ref  ] GC(36)         Cleared: 63
[9.844s][debug][gc,phases      ] GC(36)     Weak Processing: 0.1ms
[9.844s][debug][gc,phases      ] GC(36)       JVMTI weak processing: 0.0ms
[9.844s][debug][gc,phases      ] GC(36)         Dead: 0
[9.844s][debug][gc,phases      ] GC(36)         Total: 0
[9.844s][debug][gc,phases      ] GC(36)       JFR weak processing: 0.0ms
[9.844s][debug][gc,phases      ] GC(36)         Dead: 0
[9.844s][debug][gc,phases      ] GC(36)         Total: 0
[9.844s][debug][gc,phases      ] GC(36)       JNI weak                  Min:  0.0, Avg:  0.0, Max:  0.0, Diff:  0.0, Sum:  0.1, Workers: 5
[9.844s][debug][gc,phases      ] GC(36)         Dead                      Min: 0, Avg:  0.0, Max: 0, Diff: 0, Sum: 0, Workers: 5
[9.844s][debug][gc,phases      ] GC(36)         Total                     Min: 0, Avg: 41.8, Max: 64, Diff: 64, Sum: 209, Workers: 5
[9.844s][debug][gc,phases      ] GC(36)       VM weak                   Min:  0.0, Avg:  0.0, Max:  0.0, Diff:  0.0, Sum:  0.0, Workers: 5
[9.844s][debug][gc,phases      ] GC(36)         Dead                      Min: 0, Avg:  0.0, Max: 0, Diff: 0, Sum: 0, Workers: 5
[9.844s][debug][gc,phases      ] GC(36)         Total                     Min: 0, Avg: 42.4, Max: 128, Diff: 128, Sum: 212, Workers: 5
[9.844s][debug][gc,phases      ] GC(36)       StringTable weak          Min:  0.0, Avg:  0.0, Max:  0.0, Diff:  0.0, Sum:  0.1, Workers: 5
[9.844s][debug][gc,phases      ] GC(36)         Dead                      Min: 0, Avg:  0.0, Max: 0, Diff: 0, Sum: 0, Workers: 5
[9.844s][debug][gc,phases      ] GC(36)         Total                     Min: 229, Avg: 685.8, Max: 832, Diff: 603, Sum: 3429, Workers: 5
[9.844s][debug][gc,phases      ] GC(36)       ResolvedMethodTable weak  Min:  0.0, Avg:  0.0, Max:  0.0, Diff:  0.0, Sum:  0.0, Workers: 5
[9.844s][debug][gc,phases      ] GC(36)         Dead                      Min: 0, Avg:  0.0, Max: 0, Diff: 0, Sum: 0, Workers: 5
[9.844s][debug][gc,phases      ] GC(36)         Total                     Min: 64, Avg: 114.6, Max: 128, Diff: 64, Sum: 573, Workers: 5
[9.844s][debug][gc,phases      ] GC(36)     Merge Per-Thread State: 0.0ms
[9.844s][debug][gc,phases      ] GC(36)       Copied Bytes              Min: 141904, Avg: 276168.0, Max: 406872, Diff: 264968, Sum: 2209344, Workers: 8
[9.844s][debug][gc,phases      ] GC(36)       LAB Waste                 Min: 96, Avg: 271.0, Max: 424, Diff: 328, Sum: 2168, Workers: 8
[9.844s][debug][gc,phases      ] GC(36)       LAB Undo Waste            Min: 0, Avg: 14406.0, Max: 38416, Diff: 38416, Sum: 115248, Workers: 8
[9.844s][debug][gc,phases      ] GC(36)     Code Roots Purge: 0.0ms
[9.844s][debug][gc,phases      ] GC(36)     Redirty Cards: 0.0ms
[9.844s][debug][gc,phases      ] GC(36)     DerivedPointerTable Update: 0.0ms
[9.844s][debug][gc,phases      ] GC(36)     Free Collection Set: 0.1ms
[9.844s][debug][gc,phases      ] GC(36)     Rebuild Free List: 0.1ms
[9.844s][debug][gc,phases      ] GC(36)     Humongous Reclaim: 0.0ms
[9.844s][debug][gc,phases      ] GC(36)     Start New Collection Set: 0.0ms
[9.844s][debug][gc,phases      ] GC(36)     Resize TLABs: 0.0ms
[9.844s][debug][gc,phases      ] GC(36)     Expand Heap After Collection: 0.0ms
[9.844s][info ][gc,phases      ] GC(36)   Other: 0.4ms
[9.844s][info ][gc,heap        ] GC(36) Eden regions: 197->0(196)
[9.844s][info ][gc,heap        ] GC(36) Survivor regions: 2->3(25)
[9.844s][info ][gc,heap        ] GC(36) Old regions: 7->7
[9.844s][info ][gc,heap        ] GC(36) Archive regions: 2->2
[9.844s][info ][gc,heap        ] GC(36) Humongous regions: 0->0
[9.844s][info ][gc,metaspace   ] GC(36) Metaspace: 10164K(10880K)->10164K(10880K) NonClass: 9013K(9472K)->9013K(9472K) Class: 1151K(1408K)->1151K(1408K)
[9.844s][debug][gc,heap        ] GC(36) Heap after GC invocations=37 (full 1): garbage-first heap   total 340992K, used 6392K [0x0000000700000000, 0x0000000800000000)
[9.844s][debug][gc,heap        ] GC(36)   region size 1024K, 3 young (3072K), 3 survivors (3072K)
[9.844s][debug][gc,heap        ] GC(36)  Metaspace       used 10164K, capacity 10433K, committed 10880K, reserved 1058816K
[9.844s][debug][gc,heap        ] GC(36)   class space    used 1151K, capacity 1266K, committed 1408K, reserved 1048576K
[9.844s][info ][gc             ] GC(36) Pause Young (Normal) (G1 Evacuation Pause) 202M->6M(333M) 2.091ms
[9.844s][info ][gc,cpu         ] GC(36) User=0.00s Sys=0.00s Real=0.00s
[9.845s][info ][safepoint      ] Safepoint "G1CollectForAllocation", Time since last: 326974388 ns, Reaching safepoint: 208037 ns, At safepoint: 2498118 ns, Total: 2706155 ns
[10.197s][debug][gc,heap        ] GC(37) Heap before GC invocations=37 (full 1): garbage-first heap   total 340992K, used 206072K [0x0000000700000000, 0x0000000800000000)
[10.197s][debug][gc,heap        ] GC(37)   region size 1024K, 199 young (203776K), 3 survivors (3072K)
[10.197s][debug][gc,heap        ] GC(37)  Metaspace       used 10204K, capacity 10497K, committed 10880K, reserved 1058816K
[10.197s][debug][gc,heap        ] GC(37)   class space    used 1151K, capacity 1266K, committed 1408K, reserved 1048576K
[10.197s][info ][gc,start       ] GC(37) Pause Young (Normal) (G1 Evacuation Pause)
[10.197s][info ][gc,task        ] GC(37) Using 8 workers of 8 for evacuation
[10.197s][debug][gc,tlab        ] GC(37) TLAB totals: thrds: 9  refills: 816 max: 107 slow allocs: 7 max 7 waste:  1.0% gc: 1648328B max: 444400B slow: 472656B max: 61824B fast: 0B max: 0B
[10.197s][debug][gc,age         ] GC(37) Desired survivor size 13107200 bytes, new threshold 15 (max threshold 15)
[10.197s][debug][gc,alloc,region] GC(37) Mutator Allocation stats, regions: 196, wasted size: 2792B ( 0.0%)
[10.197s][debug][gc,ergo        ] GC(37) Running G1 Merge Heap Roots using 8 workers for 199 regions
[10.197s][debug][gc,remset      ] GC(37) Visited cards 4096 Total dirty 12288 (33.33%) Total old 833536 (0.49%)
[10.198s][debug][gc,ergo        ] GC(37) Running G1 Clear Card Table Task using 1 workers for 1 units of work for 205 regions.
[10.198s][debug][gc,ref         ] GC(37) Skipped phase1 of Reference Processing due to unavailable references
[10.198s][debug][gc,ref         ] GC(37) Skipped phase3 of Reference Processing due to unavailable references
[10.198s][debug][gc,ergo        ] GC(37) Running G1 Free Collection Set using 8 workers for collection set length 199 (333)
[10.198s][debug][gc,ergo        ] GC(37) Running G1 Rebuild Free List Task using 8 workers for rebuilding free list of 0 (4096) regions
[10.198s][trace][gc,age         ] GC(37) Age table with threshold 15 (max threshold 15)
[10.198s][trace][gc,age         ] GC(37) - age   1:     284976 bytes,     284976 total
[10.198s][trace][gc,age         ] GC(37) - age   2:     162576 bytes,     447552 total
[10.198s][trace][gc,age         ] GC(37) - age   4:     241376 bytes,     688928 total
[10.198s][trace][gc,age         ] GC(37) - age   5:       1600 bytes,     690528 total
[10.198s][trace][gc,age         ] GC(37) - age   6:     250040 bytes,     940568 total
[10.198s][trace][gc,age         ] GC(37) - age   8:     244720 bytes,    1185288 total
[10.198s][trace][gc,age         ] GC(37) - age   9:     161304 bytes,    1346592 total
[10.198s][trace][gc,age         ] GC(37) - age  10:     241416 bytes,    1588008 total
[10.198s][trace][gc,age         ] GC(37) - age  11:      81568 bytes,    1669576 total
[10.198s][trace][gc,age         ] GC(37) - age  12:     336056 bytes,    2005632 total
[10.198s][trace][gc,age         ] GC(37) - age  13:       1184 bytes,    2006816 total
[10.198s][trace][gc,age         ] GC(37) - age  14:     241696 bytes,    2248512 total
[10.198s][trace][gc,age         ] GC(37) - age  15:      81512 bytes,    2330024 total
[10.198s][debug][gc,plab        ] GC(37) Young PLAB allocation: allocated: 147424B, wasted: 2376B, unused: 11880B, used: 133168B, undo waste: 0B, 
[10.198s][debug][gc,plab        ] GC(37) Young other allocation: region end waste: 43464B, regions filled: 3, direct allocated: 2196856B, failure used: 0B, failure wasted: 0B
[10.198s][debug][gc,plab        ] GC(37) Young sizing: calculated: 17936B, actual: 17792B
[10.198s][debug][gc,plab        ] GC(37) Old PLAB allocation: allocated: 14448B, wasted: 0B, unused: 10248B, used: 4200B, undo waste: 0B, 
[10.198s][debug][gc,plab        ] GC(37) Old other allocation: region end waste: 0B, regions filled: 1, direct allocated: 76832B, failure used: 0B, failure wasted: 0B
[10.198s][debug][gc,plab        ] GC(37) Old sizing: calculated: 840B, actual: 2064B
[10.198s][debug][gc,ihop        ] GC(37) Basic information (value update), threshold: 157129113B (45.00), target occupancy: 349175808B, current occupancy: 6736504B, recent allocation size: 14448B, recent allocation duration: 353.38ms, recent old gen allocation rate: 40884.97B/s, recent marking phase length: 0.00ms
[10.198s][debug][gc,ihop        ] GC(37) Adaptive IHOP information (value update), threshold: 157129113B (47.37), internal target occupancy: 331717017B, occupancy: 6736504B, additional buffer size: 208666624B, predicted old gen allocation rate: 50601.05B/s, predicted marking phase length: 0.00ms, prediction active: false
[10.198s][debug][gc,ergo,refine ] GC(37) Concurrent refinement times: Logged Cards Scan time goal: 20.00ms Logged Cards Scan time: 0.02ms HCC time: 0.00ms
[10.198s][debug][gc,ergo,refine ] GC(37) Updated Refinement Zones: green: 2048, yellow: 6144, red: 10240
[10.198s][info ][gc,phases      ] GC(37)   Pre Evacuate Collection Set: 0.1ms
[10.198s][debug][gc,phases      ] GC(37)     Prepare TLABs: 0.0ms
[10.198s][debug][gc,phases      ] GC(37)     Choose Collection Set: 0.0ms
[10.198s][debug][gc,phases      ] GC(37)     Region Register: 0.1ms
[10.198s][debug][gc,phases      ] GC(37)     Prepare Heap Roots: 0.0ms
[10.198s][info ][gc,phases      ] GC(37)   Merge Heap Roots: 0.1ms
[10.198s][debug][gc,phases      ] GC(37)     Prepare Merge Heap Roots: 0.0ms
[10.198s][debug][gc,phases      ] GC(37)     Eager Reclaim (ms):       skipped
[10.198s][debug][gc,phases      ] GC(37)     Remembered Sets (ms):     Min:  0.0, Avg:  0.0, Max:  0.0, Diff:  0.0, Sum:  0.0, Workers: 8
[10.198s][debug][gc,phases      ] GC(37)       Merged Sparse:            Min: 0, Avg:  0.0, Max: 0, Diff: 0, Sum: 0, Workers: 8
[10.198s][debug][gc,phases      ] GC(37)       Merged Fine:              Min: 0, Avg:  0.0, Max: 0, Diff: 0, Sum: 0, Workers: 8
[10.198s][debug][gc,phases      ] GC(37)       Merged Coarse:            Min: 0, Avg:  0.0, Max: 0, Diff: 0, Sum: 0, Workers: 8
[10.198s][debug][gc,phases      ] GC(37)       Dirty Cards:              Min: 0, Avg:  0.0, Max: 0, Diff: 0, Sum: 0, Workers: 8
[10.198s][debug][gc,phases      ] GC(37)     Hot Card Cache (ms):      Min:  0.0, Avg:  0.0, Max:  0.0, Diff:  0.0, Sum:  0.0, Workers: 8
[10.198s][debug][gc,phases      ] GC(37)       Dirty Cards:              Min: 0, Avg:  0.0, Max: 0, Diff: 0, Sum: 0, Workers: 8
[10.198s][debug][gc,phases      ] GC(37)       Skipped Cards:            Min: 0, Avg:  0.0, Max: 0, Diff: 0, Sum: 0, Workers: 8
[10.198s][debug][gc,phases      ] GC(37)     Log Buffers (ms):         Min:  0.0, Avg:  0.0, Max:  0.0, Diff:  0.0, Sum:  0.0, Workers: 8
[10.198s][debug][gc,phases      ] GC(37)       Dirty Cards:              Min: 0, Avg:  9.4, Max: 40, Diff: 40, Sum: 75, Workers: 8
[10.198s][debug][gc,phases      ] GC(37)       Skipped Cards:            Min: 0, Avg:  0.0, Max: 0, Diff: 0, Sum: 0, Workers: 8
[10.198s][info ][gc,phases      ] GC(37)   Evacuate Collection Set: 0.4ms
[10.198s][debug][gc,phases      ] GC(37)     Ext Root Scanning (ms):   Min:  0.0, Avg:  0.0, Max:  0.1, Diff:  0.1, Sum:  0.3, Workers: 8
[10.198s][debug][gc,phases      ] GC(37)     Scan Heap Roots (ms):     Min:  0.0, Avg:  0.0, Max:  0.0, Diff:  0.0, Sum:  0.1, Workers: 8
[10.198s][debug][gc,phases      ] GC(37)       Scanned Cards:            Min: 0, Avg:  8.8, Max: 14, Diff: 14, Sum: 70, Workers: 8
[10.198s][debug][gc,phases      ] GC(37)       Scanned Blocks:           Min: 0, Avg:  7.2, Max: 13, Diff: 13, Sum: 58, Workers: 8
[10.198s][debug][gc,phases      ] GC(37)       Claimed Chunks:           Min: 0, Avg:  2.0, Max: 4, Diff: 4, Sum: 16, Workers: 8
[10.198s][debug][gc,phases      ] GC(37)     Code Root Scan (ms):      Min:  0.0, Avg:  0.0, Max:  0.1, Diff:  0.1, Sum:  0.1, Workers: 8
[10.198s][debug][gc,phases      ] GC(37)     Object Copy (ms):         Min:  0.2, Avg:  0.2, Max:  0.3, Diff:  0.1, Sum:  1.8, Workers: 8
[10.198s][debug][gc,phases      ] GC(37)     Termination (ms):         Min:  0.0, Avg:  0.0, Max:  0.1, Diff:  0.0, Sum:  0.4, Workers: 8
[10.198s][debug][gc,phases      ] GC(37)       Termination Attempts:     Min: 1, Avg:  1.0, Max: 1, Diff: 0, Sum: 8, Workers: 8
[10.198s][debug][gc,phases      ] GC(37)     GC Worker Other (ms):     Min:  0.0, Avg:  0.0, Max:  0.0, Diff:  0.0, Sum:  0.1, Workers: 8
[10.198s][debug][gc,phases      ] GC(37)     GC Worker Total (ms):     Min:  0.3, Avg:  0.3, Max:  0.4, Diff:  0.1, Sum:  2.8, Workers: 8
[10.198s][info ][gc,phases      ] GC(37)   Post Evacuate Collection Set: 0.5ms
[10.198s][debug][gc,phases      ] GC(37)     Code Roots Fixup: 0.0ms
[10.198s][debug][gc,phases      ] GC(37)     Clear Card Table: 0.1ms
[10.198s][debug][gc,phases      ] GC(37)     Reference Processing: 0.0ms
[10.198s][debug][gc,phases,ref  ] GC(37)       Reconsider SoftReferences: 0.0ms
[10.198s][debug][gc,phases,ref  ] GC(37)         SoftRef (ms):             skipped
[10.199s][debug][gc,phases,ref  ] GC(37)       Notify Soft/WeakReferences: 0.0ms
[10.199s][debug][gc,phases,ref  ] GC(37)         SoftRef (ms):             Min:  0.0, Avg:  0.0, Max:  0.0, Diff:  0.0, Sum:  0.0, Workers: 1
[10.199s][debug][gc,phases,ref  ] GC(37)         WeakRef (ms):             Min:  0.0, Avg:  0.0, Max:  0.0, Diff:  0.0, Sum:  0.0, Workers: 1
[10.199s][debug][gc,phases,ref  ] GC(37)         FinalRef (ms):            Min:  0.0, Avg:  0.0, Max:  0.0, Diff:  0.0, Sum:  0.0, Workers: 1
[10.199s][debug][gc,phases,ref  ] GC(37)         Total (ms):               Min:  0.0, Avg:  0.0, Max:  0.0, Diff:  0.0, Sum:  0.0, Workers: 1
[10.199s][debug][gc,phases,ref  ] GC(37)       Notify and keep alive finalizable: 0.0ms
[10.199s][debug][gc,phases,ref  ] GC(37)         FinalRef (ms):            skipped
[10.199s][debug][gc,phases,ref  ] GC(37)       Notify PhantomReferences: 0.0ms
[10.199s][debug][gc,phases,ref  ] GC(37)         PhantomRef (ms):          Min:  0.0, Avg:  0.0, Max:  0.0, Diff:  0.0, Sum:  0.0, Workers: 1
[10.199s][debug][gc,phases,ref  ] GC(37)       SoftReference:
[10.199s][debug][gc,phases,ref  ] GC(37)         Discovered: 0
[10.199s][debug][gc,phases,ref  ] GC(37)         Cleared: 0
[10.199s][debug][gc,phases,ref  ] GC(37)       WeakReference:
[10.199s][debug][gc,phases,ref  ] GC(37)         Discovered: 23
[10.199s][debug][gc,phases,ref  ] GC(37)         Cleared: 21
[10.199s][debug][gc,phases,ref  ] GC(37)       FinalReference:
[10.199s][debug][gc,phases,ref  ] GC(37)         Discovered: 0
[10.199s][debug][gc,phases,ref  ] GC(37)         Cleared: 0
[10.199s][debug][gc,phases,ref  ] GC(37)       PhantomReference:
[10.199s][debug][gc,phases,ref  ] GC(37)         Discovered: 70
[10.199s][debug][gc,phases,ref  ] GC(37)         Cleared: 70
[10.199s][debug][gc,phases      ] GC(37)     Weak Processing: 0.1ms
[10.199s][debug][gc,phases      ] GC(37)       JVMTI weak processing: 0.0ms
[10.199s][debug][gc,phases      ] GC(37)         Dead: 0
[10.199s][debug][gc,phases      ] GC(37)         Total: 0
[10.199s][debug][gc,phases      ] GC(37)       JFR weak processing: 0.0ms
[10.199s][debug][gc,phases      ] GC(37)         Dead: 0
[10.199s][debug][gc,phases      ] GC(37)         Total: 0
[10.199s][debug][gc,phases      ] GC(37)       JNI weak                  Min:  0.0, Avg:  0.0, Max:  0.0, Diff:  0.0, Sum:  0.1, Workers: 5
[10.199s][debug][gc,phases      ] GC(37)         Dead                      Min: 0, Avg:  0.0, Max: 0, Diff: 0, Sum: 0, Workers: 5
[10.199s][debug][gc,phases      ] GC(37)         Total                     Min: 0, Avg: 44.6, Max: 223, Diff: 223, Sum: 223, Workers: 5
[10.199s][debug][gc,phases      ] GC(37)       VM weak                   Min:  0.0, Avg:  0.0, Max:  0.0, Diff:  0.0, Sum:  0.0, Workers: 5
[10.199s][debug][gc,phases      ] GC(37)         Dead                      Min: 0, Avg:  0.0, Max: 0, Diff: 0, Sum: 0, Workers: 5
[10.199s][debug][gc,phases      ] GC(37)         Total                     Min: 0, Avg: 42.4, Max: 212, Diff: 212, Sum: 212, Workers: 5
[10.199s][debug][gc,phases      ] GC(37)       StringTable weak          Min:  0.0, Avg:  0.0, Max:  0.1, Diff:  0.1, Sum:  0.1, Workers: 5
[10.199s][debug][gc,phases      ] GC(37)         Dead                      Min: 0, Avg:  0.0, Max: 0, Diff: 0, Sum: 0, Workers: 5
[10.199s][debug][gc,phases      ] GC(37)         Total                     Min: 256, Avg: 685.8, Max: 2341, Diff: 2085, Sum: 3429, Workers: 5
[10.199s][debug][gc,phases      ] GC(37)       ResolvedMethodTable weak  Min:  0.0, Avg:  0.0, Max:  0.0, Diff:  0.0, Sum:  0.0, Workers: 5
[10.199s][debug][gc,phases      ] GC(37)         Dead                      Min: 0, Avg:  0.0, Max: 0, Diff: 0, Sum: 0, Workers: 5
[10.199s][debug][gc,phases      ] GC(37)         Total                     Min: 64, Avg: 114.6, Max: 128, Diff: 64, Sum: 573, Workers: 5
[10.199s][debug][gc,phases      ] GC(37)     Merge Per-Thread State: 0.0ms
[10.199s][debug][gc,phases      ] GC(37)       Copied Bytes              Min: 236752, Avg: 301382.0, Max: 399240, Diff: 162488, Sum: 2411056, Workers: 8
[10.199s][debug][gc,phases      ] GC(37)       LAB Waste                 Min: 144, Avg: 297.0, Max: 480, Diff: 336, Sum: 2376, Workers: 8
[10.199s][debug][gc,phases      ] GC(37)       LAB Undo Waste            Min: 0, Avg:  0.0, Max: 0, Diff: 0, Sum: 0, Workers: 8
[10.199s][debug][gc,phases      ] GC(37)     Code Roots Purge: 0.0ms
[10.199s][debug][gc,phases      ] GC(37)     Redirty Cards: 0.0ms
[10.199s][debug][gc,phases      ] GC(37)     DerivedPointerTable Update: 0.0ms
[10.199s][debug][gc,phases      ] GC(37)     Free Collection Set: 0.2ms
[10.199s][debug][gc,phases      ] GC(37)     Rebuild Free List: 0.0ms
[10.199s][debug][gc,phases      ] GC(37)     Humongous Reclaim: 0.0ms
[10.199s][debug][gc,phases      ] GC(37)     Start New Collection Set: 0.0ms
[10.199s][debug][gc,phases      ] GC(37)     Resize TLABs: 0.0ms
[10.199s][debug][gc,phases      ] GC(37)     Expand Heap After Collection: 0.0ms
[10.199s][info ][gc,phases      ] GC(37)   Other: 0.3ms
[10.199s][info ][gc,heap        ] GC(37) Eden regions: 196->0(196)
[10.199s][info ][gc,heap        ] GC(37) Survivor regions: 3->3(25)
[10.199s][info ][gc,heap        ] GC(37) Old regions: 7->7
[10.199s][info ][gc,heap        ] GC(37) Archive regions: 2->2
[10.199s][info ][gc,heap        ] GC(37) Humongous regions: 0->0
[10.199s][info ][gc,metaspace   ] GC(37) Metaspace: 10204K(10880K)->10204K(10880K) NonClass: 9053K(9472K)->9053K(9472K) Class: 1151K(1408K)->1151K(1408K)
[10.199s][debug][gc,heap        ] GC(37) Heap after GC invocations=38 (full 1): garbage-first heap   total 340992K, used 6578K [0x0000000700000000, 0x0000000800000000)
[10.199s][debug][gc,heap        ] GC(37)   region size 1024K, 3 young (3072K), 3 survivors (3072K)
[10.199s][debug][gc,heap        ] GC(37)  Metaspace       used 10204K, capacity 10497K, committed 10880K, reserved 1058816K
[10.199s][debug][gc,heap        ] GC(37)   class space    used 1151K, capacity 1266K, committed 1408K, reserved 1048576K
[10.199s][info ][gc             ] GC(37) Pause Young (Normal) (G1 Evacuation Pause) 202M->6M(333M) 1.928ms
[10.199s][info ][gc,cpu         ] GC(37) User=0.00s Sys=0.00s Real=0.01s
[10.199s][info ][safepoint      ] Safepoint "G1CollectForAllocation", Time since last: 351994520 ns, Reaching safepoint: 140992 ns, At safepoint: 2122061 ns, Total: 2263053 ns
[10.552s][debug][gc,heap        ] GC(38) Heap before GC invocations=38 (full 1): garbage-first heap   total 340992K, used 206258K [0x0000000700000000, 0x0000000800000000)
[10.552s][debug][gc,heap        ] GC(38)   region size 1024K, 199 young (203776K), 3 survivors (3072K)
[10.552s][debug][gc,heap        ] GC(38)  Metaspace       used 10204K, capacity 10497K, committed 10880K, reserved 1058816K
[10.552s][debug][gc,heap        ] GC(38)   class space    used 1151K, capacity 1266K, committed 1408K, reserved 1048576K
[10.552s][info ][gc,start       ] GC(38) Pause Young (Normal) (G1 Evacuation Pause)
[10.552s][info ][gc,task        ] GC(38) Using 8 workers of 8 for evacuation
[10.552s][debug][gc,tlab        ] GC(38) TLAB totals: thrds: 8  refills: 783 max: 107 slow allocs: 0 max 0 waste:  0.8% gc: 1121984B max: 399904B slow: 454344B max: 62368B fast: 0B max: 0B
[10.552s][debug][gc,age         ] GC(38) Desired survivor size 13107200 bytes, new threshold 15 (max threshold 15)
[10.552s][debug][gc,alloc,region] GC(38) Mutator Allocation stats, regions: 196, wasted size: 0B ( 0.0%)
[10.552s][debug][gc,ergo        ] GC(38) Running G1 Merge Heap Roots using 8 workers for 199 regions
[10.552s][debug][gc,remset      ] GC(38) Visited cards 3584 Total dirty 10240 (35.00%) Total old 833536 (0.43%)
[10.553s][debug][gc,ergo        ] GC(38) Running G1 Clear Card Table Task using 1 workers for 1 units of work for 204 regions.
[10.553s][debug][gc,ref         ] GC(38) Skipped phase1 of Reference Processing due to unavailable references
[10.553s][debug][gc,ref         ] GC(38) Skipped phase2 of Reference Processing due to unavailable references
[10.553s][debug][gc,ref         ] GC(38) Skipped phase3 of Reference Processing due to unavailable references
[10.553s][debug][gc,ergo        ] GC(38) Running G1 Free Collection Set using 8 workers for collection set length 199 (333)
[10.553s][debug][gc,ergo        ] GC(38) Running G1 Rebuild Free List Task using 8 workers for rebuilding free list of 0 (4096) regions
[10.553s][trace][gc,age         ] GC(38) Age table with threshold 15 (max threshold 15)
[10.553s][trace][gc,age         ] GC(38) - age   1:        784 bytes,        784 total
[10.553s][trace][gc,age         ] GC(38) - age   2:     283816 bytes,     284600 total
[10.553s][trace][gc,age         ] GC(38) - age   3:     162576 bytes,     447176 total
[10.553s][trace][gc,age         ] GC(38) - age   5:     241376 bytes,     688552 total
[10.553s][trace][gc,age         ] GC(38) - age   6:       1600 bytes,     690152 total
[10.553s][trace][gc,age         ] GC(38) - age   7:     250040 bytes,     940192 total
[10.553s][trace][gc,age         ] GC(38) - age   9:     244720 bytes,    1184912 total
[10.553s][trace][gc,age         ] GC(38) - age  10:     161304 bytes,    1346216 total
[10.553s][trace][gc,age         ] GC(38) - age  11:     241416 bytes,    1587632 total
[10.553s][trace][gc,age         ] GC(38) - age  12:      81568 bytes,    1669200 total
[10.553s][trace][gc,age         ] GC(38) - age  13:     336056 bytes,    2005256 total
[10.553s][trace][gc,age         ] GC(38) - age  14:       1184 bytes,    2006440 total
[10.553s][trace][gc,age         ] GC(38) - age  15:     241696 bytes,    2248136 total
[10.553s][debug][gc,plab        ] GC(38) Young PLAB allocation: allocated: 142336B, wasted: 1912B, unused: 10752B, used: 129672B, undo waste: 0B, 
[10.553s][debug][gc,plab        ] GC(38) Young other allocation: region end waste: 12256B, regions filled: 3, direct allocated: 2118464B, failure used: 0B, failure wasted: 0B
[10.553s][debug][gc,plab        ] GC(38) Young sizing: calculated: 23480B, actual: 22056B
[10.553s][debug][gc,plab        ] GC(38) Old PLAB allocation: allocated: 14448B, wasted: 16B, unused: 9752B, used: 4680B, undo waste: 0B, 
[10.553s][debug][gc,plab        ] GC(38) Old other allocation: region end waste: 14736B, regions filled: 2, direct allocated: 76832B, failure used: 0B, failure wasted: 0B
[10.553s][debug][gc,plab        ] GC(38) Old sizing: calculated: 0B, actual: 2064B
[10.553s][debug][gc,ihop        ] GC(38) Basic information (value update), threshold: 157129113B (45.00), target occupancy: 349175808B, current occupancy: 6728312B, recent allocation size: 14448B, recent allocation duration: 353.70ms, recent old gen allocation rate: 40847.77B/s, recent marking phase length: 0.00ms
[10.553s][debug][gc,ihop        ] GC(38) Adaptive IHOP information (value update), threshold: 157129113B (47.37), internal target occupancy: 331717017B, occupancy: 6728312B, additional buffer size: 208666624B, predicted old gen allocation rate: 50965.02B/s, predicted marking phase length: 0.00ms, prediction active: false
[10.553s][debug][gc,ergo,refine ] GC(38) Concurrent refinement times: Logged Cards Scan time goal: 20.00ms Logged Cards Scan time: 0.01ms HCC time: 0.00ms
[10.553s][debug][gc,ergo,refine ] GC(38) Updated Refinement Zones: green: 2048, yellow: 6144, red: 10240
[10.553s][info ][gc,phases      ] GC(38)   Pre Evacuate Collection Set: 0.1ms
[10.553s][debug][gc,phases      ] GC(38)     Prepare TLABs: 0.0ms
[10.553s][debug][gc,phases      ] GC(38)     Choose Collection Set: 0.0ms
[10.553s][debug][gc,phases      ] GC(38)     Region Register: 0.1ms
[10.553s][debug][gc,phases      ] GC(38)     Prepare Heap Roots: 0.0ms
[10.553s][info ][gc,phases      ] GC(38)   Merge Heap Roots: 0.1ms
[10.553s][debug][gc,phases      ] GC(38)     Prepare Merge Heap Roots: 0.0ms
[10.553s][debug][gc,phases      ] GC(38)     Eager Reclaim (ms):       skipped
[10.553s][debug][gc,phases      ] GC(38)     Remembered Sets (ms):     Min:  0.0, Avg:  0.0, Max:  0.0, Diff:  0.0, Sum:  0.1, Workers: 8
[10.553s][debug][gc,phases      ] GC(38)       Merged Sparse:            Min: 0, Avg:  0.0, Max: 0, Diff: 0, Sum: 0, Workers: 8
[10.553s][debug][gc,phases      ] GC(38)       Merged Fine:              Min: 0, Avg:  0.0, Max: 0, Diff: 0, Sum: 0, Workers: 8
[10.553s][debug][gc,phases      ] GC(38)       Merged Coarse:            Min: 0, Avg:  0.0, Max: 0, Diff: 0, Sum: 0, Workers: 8
[10.553s][debug][gc,phases      ] GC(38)       Dirty Cards:              Min: 0, Avg:  0.0, Max: 0, Diff: 0, Sum: 0, Workers: 8
[10.553s][debug][gc,phases      ] GC(38)     Hot Card Cache (ms):      Min:  0.0, Avg:  0.0, Max:  0.0, Diff:  0.0, Sum:  0.0, Workers: 8
[10.553s][debug][gc,phases      ] GC(38)       Dirty Cards:              Min: 0, Avg:  0.0, Max: 0, Diff: 0, Sum: 0, Workers: 8
[10.553s][debug][gc,phases      ] GC(38)       Skipped Cards:            Min: 0, Avg:  0.0, Max: 0, Diff: 0, Sum: 0, Workers: 8
[10.553s][debug][gc,phases      ] GC(38)     Log Buffers (ms):         Min:  0.0, Avg:  0.0, Max:  0.0, Diff:  0.0, Sum:  0.0, Workers: 8
[10.553s][debug][gc,phases      ] GC(38)       Dirty Cards:              Min: 0, Avg:  7.6, Max: 21, Diff: 21, Sum: 61, Workers: 8
[10.553s][debug][gc,phases      ] GC(38)       Skipped Cards:            Min: 0, Avg:  0.0, Max: 0, Diff: 0, Sum: 0, Workers: 8
[10.553s][info ][gc,phases      ] GC(38)   Evacuate Collection Set: 0.4ms
[10.553s][debug][gc,phases      ] GC(38)     Ext Root Scanning (ms):   Min:  0.0, Avg:  0.0, Max:  0.1, Diff:  0.1, Sum:  0.4, Workers: 8
[10.553s][debug][gc,phases      ] GC(38)     Scan Heap Roots (ms):     Min:  0.0, Avg:  0.0, Max:  0.0, Diff:  0.0, Sum:  0.1, Workers: 8
[10.553s][debug][gc,phases      ] GC(38)       Scanned Cards:            Min: 0, Avg:  6.6, Max: 18, Diff: 18, Sum: 53, Workers: 8
[10.553s][debug][gc,phases      ] GC(38)       Scanned Blocks:           Min: 0, Avg:  5.8, Max: 17, Diff: 17, Sum: 46, Workers: 8
[10.553s][debug][gc,phases      ] GC(38)       Claimed Chunks:           Min: 0, Avg:  1.8, Max: 3, Diff: 3, Sum: 14, Workers: 8
[10.553s][debug][gc,phases      ] GC(38)     Code Root Scan (ms):      Min:  0.0, Avg:  0.0, Max:  0.0, Diff:  0.0, Sum:  0.1, Workers: 8
[10.553s][debug][gc,phases      ] GC(38)     Object Copy (ms):         Min:  0.2, Avg:  0.2, Max:  0.2, Diff:  0.0, Sum:  1.4, Workers: 8
[10.553s][debug][gc,phases      ] GC(38)     Termination (ms):         Min:  0.0, Avg:  0.1, Max:  0.1, Diff:  0.0, Sum:  0.5, Workers: 8
[10.553s][debug][gc,phases      ] GC(38)       Termination Attempts:     Min: 1, Avg:  1.0, Max: 1, Diff: 0, Sum: 8, Workers: 8
[10.553s][debug][gc,phases      ] GC(38)     GC Worker Other (ms):     Min:  0.0, Avg:  0.0, Max:  0.1, Diff:  0.1, Sum:  0.3, Workers: 8
[10.553s][debug][gc,phases      ] GC(38)     GC Worker Total (ms):     Min:  0.2, Avg:  0.3, Max:  0.4, Diff:  0.1, Sum:  2.8, Workers: 8
[10.553s][info ][gc,phases      ] GC(38)   Post Evacuate Collection Set: 0.4ms
[10.553s][debug][gc,phases      ] GC(38)     Code Roots Fixup: 0.0ms
[10.553s][debug][gc,phases      ] GC(38)     Clear Card Table: 0.1ms
[10.553s][debug][gc,phases      ] GC(38)     Reference Processing: 0.0ms
[10.553s][debug][gc,phases,ref  ] GC(38)       Reconsider SoftReferences: 0.0ms
[10.553s][debug][gc,phases,ref  ] GC(38)         SoftRef (ms):             skipped
[10.553s][debug][gc,phases,ref  ] GC(38)       Notify Soft/WeakReferences: 0.0ms
[10.553s][debug][gc,phases,ref  ] GC(38)         SoftRef (ms):             skipped
[10.553s][debug][gc,phases,ref  ] GC(38)         WeakRef (ms):             skipped
[10.553s][debug][gc,phases,ref  ] GC(38)         FinalRef (ms):            skipped
[10.553s][debug][gc,phases,ref  ] GC(38)         Total (ms):               skipped
[10.553s][debug][gc,phases,ref  ] GC(38)       Notify and keep alive finalizable: 0.0ms
[10.553s][debug][gc,phases,ref  ] GC(38)         FinalRef (ms):            skipped
[10.553s][debug][gc,phases,ref  ] GC(38)       Notify PhantomReferences: 0.0ms
[10.553s][debug][gc,phases,ref  ] GC(38)         PhantomRef (ms):          Min:  0.0, Avg:  0.0, Max:  0.0, Diff:  0.0, Sum:  0.0, Workers: 1
[10.553s][debug][gc,phases,ref  ] GC(38)       SoftReference:
[10.553s][debug][gc,phases,ref  ] GC(38)         Discovered: 0
[10.553s][debug][gc,phases,ref  ] GC(38)         Cleared: 0
[10.554s][debug][gc,phases,ref  ] GC(38)       WeakReference:
[10.554s][debug][gc,phases,ref  ] GC(38)         Discovered: 0
[10.554s][debug][gc,phases,ref  ] GC(38)         Cleared: 0
[10.554s][debug][gc,phases,ref  ] GC(38)       FinalReference:
[10.554s][debug][gc,phases,ref  ] GC(38)         Discovered: 0
[10.554s][debug][gc,phases,ref  ] GC(38)         Cleared: 0
[10.554s][debug][gc,phases,ref  ] GC(38)       PhantomReference:
[10.554s][debug][gc,phases,ref  ] GC(38)         Discovered: 65
[10.554s][debug][gc,phases,ref  ] GC(38)         Cleared: 65
[10.554s][debug][gc,phases      ] GC(38)     Weak Processing: 0.1ms
[10.554s][debug][gc,phases      ] GC(38)       JVMTI weak processing: 0.0ms
[10.554s][debug][gc,phases      ] GC(38)         Dead: 0
[10.554s][debug][gc,phases      ] GC(38)         Total: 0
[10.554s][debug][gc,phases      ] GC(38)       JFR weak processing: 0.0ms
[10.554s][debug][gc,phases      ] GC(38)         Dead: 0
[10.554s][debug][gc,phases      ] GC(38)         Total: 0
[10.554s][debug][gc,phases      ] GC(38)       JNI weak                  Min:  0.0, Avg:  0.0, Max:  0.0, Diff:  0.0, Sum:  0.0, Workers: 5
[10.554s][debug][gc,phases      ] GC(38)         Dead                      Min: 0, Avg:  0.0, Max: 0, Diff: 0, Sum: 0, Workers: 5
[10.554s][debug][gc,phases      ] GC(38)         Total                     Min: 0, Avg: 44.6, Max: 64, Diff: 64, Sum: 223, Workers: 5
[10.554s][debug][gc,phases      ] GC(38)       VM weak                   Min:  0.0, Avg:  0.0, Max:  0.0, Diff:  0.0, Sum:  0.0, Workers: 5
[10.554s][debug][gc,phases      ] GC(38)         Dead                      Min: 0, Avg:  0.0, Max: 0, Diff: 0, Sum: 0, Workers: 5
[10.554s][debug][gc,phases      ] GC(38)         Total                     Min: 0, Avg: 42.4, Max: 128, Diff: 128, Sum: 212, Workers: 5
[10.554s][debug][gc,phases      ] GC(38)       StringTable weak          Min:  0.0, Avg:  0.0, Max:  0.0, Diff:  0.0, Sum:  0.0, Workers: 5
[10.554s][debug][gc,phases      ] GC(38)         Dead                      Min: 0, Avg:  0.0, Max: 0, Diff: 0, Sum: 0, Workers: 5
[10.554s][debug][gc,phases      ] GC(38)         Total                     Min: 576, Avg: 685.8, Max: 768, Diff: 192, Sum: 3429, Workers: 5
[10.554s][debug][gc,phases      ] GC(38)       ResolvedMethodTable weak  Min:  0.0, Avg:  0.0, Max:  0.0, Diff:  0.0, Sum:  0.0, Workers: 5
[10.554s][debug][gc,phases      ] GC(38)         Dead                      Min: 0, Avg:  0.0, Max: 0, Diff: 0, Sum: 0, Workers: 5
[10.554s][debug][gc,phases      ] GC(38)         Total                     Min: 61, Avg: 114.6, Max: 128, Diff: 67, Sum: 573, Workers: 5
[10.554s][debug][gc,phases      ] GC(38)     Merge Per-Thread State: 0.0ms
[10.554s][debug][gc,phases      ] GC(38)       Copied Bytes              Min: 130848, Avg: 291206.0, Max: 478560, Diff: 347712, Sum: 2329648, Workers: 8
[10.554s][debug][gc,phases      ] GC(38)       LAB Waste                 Min: 104, Avg: 241.0, Max: 384, Diff: 280, Sum: 1928, Workers: 8
[10.554s][debug][gc,phases      ] GC(38)       LAB Undo Waste            Min: 0, Avg:  0.0, Max: 0, Diff: 0, Sum: 0, Workers: 8
[10.554s][debug][gc,phases      ] GC(38)     Code Roots Purge: 0.0ms
[10.554s][debug][gc,phases      ] GC(38)     Redirty Cards: 0.1ms
[10.554s][debug][gc,phases      ] GC(38)     DerivedPointerTable Update: 0.0ms
[10.554s][debug][gc,phases      ] GC(38)     Free Collection Set: 0.1ms
[10.554s][debug][gc,phases      ] GC(38)     Rebuild Free List: 0.0ms
[10.554s][debug][gc,phases      ] GC(38)     Humongous Reclaim: 0.0ms
[10.554s][debug][gc,phases      ] GC(38)     Start New Collection Set: 0.0ms
[10.554s][debug][gc,phases      ] GC(38)     Resize TLABs: 0.0ms
[10.554s][debug][gc,phases      ] GC(38)     Expand Heap After Collection: 0.0ms
[10.554s][info ][gc,phases      ] GC(38)   Other: 0.3ms
[10.554s][info ][gc,heap        ] GC(38) Eden regions: 196->0(196)
[10.554s][info ][gc,heap        ] GC(38) Survivor regions: 3->3(25)
[10.554s][info ][gc,heap        ] GC(38) Old regions: 7->8
[10.554s][info ][gc,heap        ] GC(38) Archive regions: 2->2
[10.554s][info ][gc,heap        ] GC(38) Humongous regions: 0->0
[10.554s][info ][gc,metaspace   ] GC(38) Metaspace: 10204K(10880K)->10204K(10880K) NonClass: 9053K(9472K)->9053K(9472K) Class: 1151K(1408K)->1151K(1408K)
[10.554s][debug][gc,heap        ] GC(38) Heap after GC invocations=39 (full 1): garbage-first heap   total 340992K, used 6570K [0x0000000700000000, 0x0000000800000000)
[10.554s][debug][gc,heap        ] GC(38)   region size 1024K, 3 young (3072K), 3 survivors (3072K)
[10.554s][debug][gc,heap        ] GC(38)  Metaspace       used 10204K, capacity 10497K, committed 10880K, reserved 1058816K
[10.554s][debug][gc,heap        ] GC(38)   class space    used 1151K, capacity 1266K, committed 1408K, reserved 1048576K
[10.554s][info ][gc             ] GC(38) Pause Young (Normal) (G1 Evacuation Pause) 202M->6M(333M) 1.876ms
[10.554s][info ][gc,cpu         ] GC(38) User=0.00s Sys=0.00s Real=0.00s
[10.554s][info ][safepoint      ] Safepoint "G1CollectForAllocation", Time since last: 352755391 ns, Reaching safepoint: 112738 ns, At safepoint: 2083868 ns, Total: 2196606 ns
[10.922s][debug][gc,heap        ] GC(39) Heap before GC invocations=39 (full 1): garbage-first heap   total 340992K, used 207274K [0x0000000700000000, 0x0000000800000000)
[10.922s][debug][gc,heap        ] GC(39)   region size 1024K, 199 young (203776K), 3 survivors (3072K)
[10.922s][debug][gc,heap        ] GC(39)  Metaspace       used 10215K, capacity 10497K, committed 10880K, reserved 1058816K
[10.922s][debug][gc,heap        ] GC(39)   class space    used 1151K, capacity 1266K, committed 1408K, reserved 1048576K
[10.922s][info ][gc,start       ] GC(39) Pause Young (Normal) (G1 Evacuation Pause)
[10.922s][info ][gc,task        ] GC(39) Using 8 workers of 8 for evacuation
[10.922s][debug][gc,tlab        ] GC(39) TLAB totals: thrds: 10  refills: 799 max: 106 slow allocs: 2 max 2 waste:  0.9% gc: 1316704B max: 260032B slow: 461696B max: 61472B fast: 0B max: 0B
[10.922s][debug][gc,age         ] GC(39) Desired survivor size 13107200 bytes, new threshold 15 (max threshold 15)
[10.922s][debug][gc,alloc,region] GC(39) Mutator Allocation stats, regions: 196, wasted size: 0B ( 0.0%)
[10.922s][debug][gc,ergo        ] GC(39) Running G1 Merge Heap Roots using 8 workers for 199 regions
[10.922s][debug][gc,remset      ] GC(39) Visited cards 4352 Total dirty 12288 (35.42%) Total old 835584 (0.52%)
[10.923s][debug][gc,ergo        ] GC(39) Running G1 Clear Card Table Task using 1 workers for 1 units of work for 205 regions.
[10.923s][debug][gc,ref         ] GC(39) Skipped phase1 of Reference Processing due to unavailable references
[10.923s][debug][gc,ref         ] GC(39) Skipped phase3 of Reference Processing due to unavailable references
[10.923s][debug][gc,ergo        ] GC(39) Running G1 Free Collection Set using 8 workers for collection set length 199 (333)
[10.923s][debug][gc,ergo        ] GC(39) Running G1 Rebuild Free List Task using 8 workers for rebuilding free list of 0 (4096) regions
[10.923s][trace][gc,age         ] GC(39) Age table with threshold 15 (max threshold 15)
[10.923s][trace][gc,age         ] GC(39) - age   1:      83720 bytes,      83720 total
[10.923s][trace][gc,age         ] GC(39) - age   3:     282720 bytes,     366440 total
[10.923s][trace][gc,age         ] GC(39) - age   4:     162576 bytes,     529016 total
[10.923s][trace][gc,age         ] GC(39) - age   6:     241376 bytes,     770392 total
[10.923s][trace][gc,age         ] GC(39) - age   7:       1600 bytes,     771992 total
[10.923s][trace][gc,age         ] GC(39) - age   8:     250040 bytes,    1022032 total
[10.923s][trace][gc,age         ] GC(39) - age  10:     244720 bytes,    1266752 total
[10.923s][trace][gc,age         ] GC(39) - age  11:     161304 bytes,    1428056 total
[10.923s][trace][gc,age         ] GC(39) - age  12:     241416 bytes,    1669472 total
[10.923s][trace][gc,age         ] GC(39) - age  13:      81568 bytes,    1751040 total
[10.923s][trace][gc,age         ] GC(39) - age  14:     336056 bytes,    2087096 total
[10.923s][trace][gc,age         ] GC(39) - age  15:       1184 bytes,    2088280 total
[10.923s][debug][gc,plab        ] GC(39) Young PLAB allocation: allocated: 140352B, wasted: 1784B, unused: 16128B, used: 122440B, undo waste: 68128B, 
[10.923s][debug][gc,plab        ] GC(39) Young other allocation: region end waste: 25024B, regions filled: 3, direct allocated: 2033968B, failure used: 0B, failure wasted: 0B
[10.923s][debug][gc,plab        ] GC(39) Young sizing: calculated: 19480B, actual: 20120B
[10.923s][debug][gc,plab        ] GC(39) Old PLAB allocation: allocated: 18576B, wasted: 64B, unused: 7312B, used: 11200B, undo waste: 0B, 
[10.923s][debug][gc,plab        ] GC(39) Old other allocation: region end waste: 0B, regions filled: 1, direct allocated: 230496B, failure used: 0B, failure wasted: 0B
[10.923s][debug][gc,plab        ] GC(39) Old sizing: calculated: 2240B, actual: 2064B
[10.923s][debug][gc,ihop        ] GC(39) Basic information (value update), threshold: 157129113B (45.00), target occupancy: 349175808B, current occupancy: 6903944B, recent allocation size: 18576B, recent allocation duration: 368.83ms, recent old gen allocation rate: 50365.20B/s, recent marking phase length: 0.00ms
[10.923s][debug][gc,ihop        ] GC(39) Adaptive IHOP information (value update), threshold: 157129113B (47.37), internal target occupancy: 331717017B, occupancy: 6903944B, additional buffer size: 208666624B, predicted old gen allocation rate: 51853.20B/s, predicted marking phase length: 0.00ms, prediction active: false
[10.923s][debug][gc,ergo,refine ] GC(39) Concurrent refinement times: Logged Cards Scan time goal: 19.99ms Logged Cards Scan time: 0.02ms HCC time: 0.01ms
[10.923s][debug][gc,ergo,refine ] GC(39) Updated Refinement Zones: green: 2048, yellow: 6144, red: 10240
[10.923s][info ][gc,phases      ] GC(39)   Pre Evacuate Collection Set: 0.1ms
[10.923s][debug][gc,phases      ] GC(39)     Prepare TLABs: 0.0ms
[10.923s][debug][gc,phases      ] GC(39)     Choose Collection Set: 0.0ms
[10.923s][debug][gc,phases      ] GC(39)     Region Register: 0.1ms
[10.923s][debug][gc,phases      ] GC(39)     Prepare Heap Roots: 0.0ms
[10.923s][info ][gc,phases      ] GC(39)   Merge Heap Roots: 0.2ms
[10.923s][debug][gc,phases      ] GC(39)     Prepare Merge Heap Roots: 0.0ms
[10.923s][debug][gc,phases      ] GC(39)     Eager Reclaim (ms):       skipped
[10.923s][debug][gc,phases      ] GC(39)     Remembered Sets (ms):     Min:  0.0, Avg:  0.0, Max:  0.0, Diff:  0.0, Sum:  0.2, Workers: 8
[10.924s][debug][gc,phases      ] GC(39)       Merged Sparse:            Min: 0, Avg:  0.0, Max: 0, Diff: 0, Sum: 0, Workers: 8
[10.924s][debug][gc,phases      ] GC(39)       Merged Fine:              Min: 0, Avg:  0.0, Max: 0, Diff: 0, Sum: 0, Workers: 8
[10.924s][debug][gc,phases      ] GC(39)       Merged Coarse:            Min: 0, Avg:  0.0, Max: 0, Diff: 0, Sum: 0, Workers: 8
[10.924s][debug][gc,phases      ] GC(39)       Dirty Cards:              Min: 0, Avg:  0.0, Max: 0, Diff: 0, Sum: 0, Workers: 8
[10.924s][debug][gc,phases      ] GC(39)     Hot Card Cache (ms):      Min:  0.0, Avg:  0.0, Max:  0.0, Diff:  0.0, Sum:  0.1, Workers: 8
[10.924s][debug][gc,phases      ] GC(39)       Dirty Cards:              Min: 0, Avg:  0.0, Max: 0, Diff: 0, Sum: 0, Workers: 8
[10.924s][debug][gc,phases      ] GC(39)       Skipped Cards:            Min: 0, Avg:  0.0, Max: 0, Diff: 0, Sum: 0, Workers: 8
[10.924s][debug][gc,phases      ] GC(39)     Log Buffers (ms):         Min:  0.0, Avg:  0.0, Max:  0.0, Diff:  0.0, Sum:  0.0, Workers: 8
[10.924s][debug][gc,phases      ] GC(39)       Dirty Cards:              Min: 0, Avg:  8.4, Max: 19, Diff: 19, Sum: 67, Workers: 8
[10.924s][debug][gc,phases      ] GC(39)       Skipped Cards:            Min: 0, Avg:  0.0, Max: 0, Diff: 0, Sum: 0, Workers: 8
[10.924s][info ][gc,phases      ] GC(39)   Evacuate Collection Set: 0.4ms
[10.924s][debug][gc,phases      ] GC(39)     Ext Root Scanning (ms):   Min:  0.0, Avg:  0.0, Max:  0.1, Diff:  0.1, Sum:  0.4, Workers: 8
[10.924s][debug][gc,phases      ] GC(39)     Scan Heap Roots (ms):     Min:  0.0, Avg:  0.0, Max:  0.0, Diff:  0.0, Sum:  0.1, Workers: 8
[10.924s][debug][gc,phases      ] GC(39)       Scanned Cards:            Min: 0, Avg:  8.4, Max: 18, Diff: 18, Sum: 67, Workers: 8
[10.924s][debug][gc,phases      ] GC(39)       Scanned Blocks:           Min: 0, Avg:  7.0, Max: 17, Diff: 17, Sum: 56, Workers: 8
[10.924s][debug][gc,phases      ] GC(39)       Claimed Chunks:           Min: 0, Avg:  2.1, Max: 4, Diff: 4, Sum: 17, Workers: 8
[10.924s][debug][gc,phases      ] GC(39)     Code Root Scan (ms):      Min:  0.0, Avg:  0.0, Max:  0.0, Diff:  0.0, Sum:  0.1, Workers: 8
[10.924s][debug][gc,phases      ] GC(39)     Object Copy (ms):         Min:  0.2, Avg:  0.2, Max:  0.2, Diff:  0.0, Sum:  1.7, Workers: 8
[10.924s][debug][gc,phases      ] GC(39)     Termination (ms):         Min:  0.0, Avg:  0.0, Max:  0.0, Diff:  0.0, Sum:  0.3, Workers: 8
[10.924s][debug][gc,phases      ] GC(39)       Termination Attempts:     Min: 1, Avg:  1.0, Max: 1, Diff: 0, Sum: 8, Workers: 8
[10.924s][debug][gc,phases      ] GC(39)     GC Worker Other (ms):     Min:  0.0, Avg:  0.0, Max:  0.0, Diff:  0.0, Sum:  0.1, Workers: 8
[10.924s][debug][gc,phases      ] GC(39)     GC Worker Total (ms):     Min:  0.3, Avg:  0.3, Max:  0.4, Diff:  0.1, Sum:  2.7, Workers: 8
[10.924s][info ][gc,phases      ] GC(39)   Post Evacuate Collection Set: 0.4ms
[10.924s][debug][gc,phases      ] GC(39)     Code Roots Fixup: 0.0ms
[10.924s][debug][gc,phases      ] GC(39)     Clear Card Table: 0.1ms
[10.924s][debug][gc,phases      ] GC(39)     Reference Processing: 0.1ms
[10.924s][debug][gc,phases,ref  ] GC(39)       Reconsider SoftReferences: 0.1ms
[10.924s][debug][gc,phases,ref  ] GC(39)         SoftRef (ms):             skipped
[10.924s][debug][gc,phases,ref  ] GC(39)       Notify Soft/WeakReferences: 0.0ms
[10.924s][debug][gc,phases,ref  ] GC(39)         SoftRef (ms):             Min:  0.0, Avg:  0.0, Max:  0.0, Diff:  0.0, Sum:  0.0, Workers: 1
[10.924s][debug][gc,phases,ref  ] GC(39)         WeakRef (ms):             Min:  0.0, Avg:  0.0, Max:  0.0, Diff:  0.0, Sum:  0.0, Workers: 1
[10.924s][debug][gc,phases,ref  ] GC(39)         FinalRef (ms):            Min:  0.0, Avg:  0.0, Max:  0.0, Diff:  0.0, Sum:  0.0, Workers: 1
[10.924s][debug][gc,phases,ref  ] GC(39)         Total (ms):               Min:  0.0, Avg:  0.0, Max:  0.0, Diff:  0.0, Sum:  0.0, Workers: 1
[10.924s][debug][gc,phases,ref  ] GC(39)       Notify and keep alive finalizable: 0.0ms
[10.924s][debug][gc,phases,ref  ] GC(39)         FinalRef (ms):            skipped
[10.924s][debug][gc,phases,ref  ] GC(39)       Notify PhantomReferences: 0.0ms
[10.924s][debug][gc,phases,ref  ] GC(39)         PhantomRef (ms):          Min:  0.0, Avg:  0.0, Max:  0.0, Diff:  0.0, Sum:  0.0, Workers: 1
[10.924s][debug][gc,phases,ref  ] GC(39)       SoftReference:
[10.924s][debug][gc,phases,ref  ] GC(39)         Discovered: 0
[10.924s][debug][gc,phases,ref  ] GC(39)         Cleared: 0
[10.924s][debug][gc,phases,ref  ] GC(39)       WeakReference:
[10.924s][debug][gc,phases,ref  ] GC(39)         Discovered: 2
[10.924s][debug][gc,phases,ref  ] GC(39)         Cleared: 0
[10.924s][debug][gc,phases,ref  ] GC(39)       FinalReference:
[10.924s][debug][gc,phases,ref  ] GC(39)         Discovered: 0
[10.924s][debug][gc,phases,ref  ] GC(39)         Cleared: 0
[10.924s][debug][gc,phases,ref  ] GC(39)       PhantomReference:
[10.924s][debug][gc,phases,ref  ] GC(39)         Discovered: 67
[10.924s][debug][gc,phases,ref  ] GC(39)         Cleared: 67
[10.924s][debug][gc,phases      ] GC(39)     Weak Processing: 0.1ms
[10.924s][debug][gc,phases      ] GC(39)       JVMTI weak processing: 0.0ms
[10.924s][debug][gc,phases      ] GC(39)         Dead: 0
[10.924s][debug][gc,phases      ] GC(39)         Total: 0
[10.924s][debug][gc,phases      ] GC(39)       JFR weak processing: 0.0ms
[10.924s][debug][gc,phases      ] GC(39)         Dead: 0
[10.924s][debug][gc,phases      ] GC(39)         Total: 0
[10.924s][debug][gc,phases      ] GC(39)       JNI weak                  Min:  0.0, Avg:  0.0, Max:  0.0, Diff:  0.0, Sum:  0.0, Workers: 5
[10.924s][debug][gc,phases      ] GC(39)         Dead                      Min: 0, Avg:  0.0, Max: 0, Diff: 0, Sum: 0, Workers: 5
[10.924s][debug][gc,phases      ] GC(39)         Total                     Min: 0, Avg: 45.4, Max: 227, Diff: 227, Sum: 227, Workers: 5
[10.924s][debug][gc,phases      ] GC(39)       VM weak                   Min:  0.0, Avg:  0.0, Max:  0.0, Diff:  0.0, Sum:  0.0, Workers: 5
[10.924s][debug][gc,phases      ] GC(39)         Dead                      Min: 0, Avg:  0.0, Max: 0, Diff: 0, Sum: 0, Workers: 5
[10.924s][debug][gc,phases      ] GC(39)         Total                     Min: 0, Avg: 42.4, Max: 84, Diff: 84, Sum: 212, Workers: 5
[10.924s][debug][gc,phases      ] GC(39)       StringTable weak          Min:  0.0, Avg:  0.0, Max:  0.1, Diff:  0.0, Sum:  0.2, Workers: 5
[10.924s][debug][gc,phases      ] GC(39)         Dead                      Min: 0, Avg:  0.0, Max: 0, Diff: 0, Sum: 0, Workers: 5
[10.924s][debug][gc,phases      ] GC(39)         Total                     Min: 448, Avg: 686.0, Max: 870, Diff: 422, Sum: 3430, Workers: 5
[10.924s][debug][gc,phases      ] GC(39)       ResolvedMethodTable weak  Min:  0.0, Avg:  0.0, Max:  0.0, Diff:  0.0, Sum:  0.0, Workers: 5
[10.924s][debug][gc,phases      ] GC(39)         Dead                      Min: 0, Avg:  0.0, Max: 0, Diff: 0, Sum: 0, Workers: 5
[10.924s][debug][gc,phases      ] GC(39)         Total                     Min: 0, Avg: 114.6, Max: 192, Diff: 192, Sum: 573, Workers: 5
[10.924s][debug][gc,phases      ] GC(39)     Merge Per-Thread State: 0.0ms
[10.924s][debug][gc,phases      ] GC(39)       Copied Bytes              Min: 80848, Avg: 291247.0, Max: 480136, Diff: 399288, Sum: 2329976, Workers: 8
[10.924s][debug][gc,phases      ] GC(39)       LAB Waste                 Min: 16, Avg: 231.0, Max: 696, Diff: 680, Sum: 1848, Workers: 8
[10.924s][debug][gc,phases      ] GC(39)       LAB Undo Waste            Min: 0, Avg: 8516.0, Max: 34064, Diff: 34064, Sum: 68128, Workers: 8
[10.924s][debug][gc,phases      ] GC(39)     Code Roots Purge: 0.0ms
[10.924s][debug][gc,phases      ] GC(39)     Redirty Cards: 0.0ms
[10.924s][debug][gc,phases      ] GC(39)     DerivedPointerTable Update: 0.0ms
[10.924s][debug][gc,phases      ] GC(39)     Free Collection Set: 0.1ms
[10.924s][debug][gc,phases      ] GC(39)     Rebuild Free List: 0.0ms
[10.924s][debug][gc,phases      ] GC(39)     Humongous Reclaim: 0.0ms
[10.924s][debug][gc,phases      ] GC(39)     Start New Collection Set: 0.0ms
[10.924s][debug][gc,phases      ] GC(39)     Resize TLABs: 0.0ms
[10.924s][debug][gc,phases      ] GC(39)     Expand Heap After Collection: 0.0ms
[10.924s][info ][gc,phases      ] GC(39)   Other: 0.4ms
[10.924s][info ][gc,heap        ] GC(39) Eden regions: 196->0(196)
[10.924s][info ][gc,heap        ] GC(39) Survivor regions: 3->3(25)
[10.924s][info ][gc,heap        ] GC(39) Old regions: 8->8
[10.924s][info ][gc,heap        ] GC(39) Archive regions: 2->2
[10.924s][info ][gc,heap        ] GC(39) Humongous regions: 0->0
[10.924s][info ][gc,metaspace   ] GC(39) Metaspace: 10215K(10880K)->10215K(10880K) NonClass: 9064K(9472K)->9064K(9472K) Class: 1151K(1408K)->1151K(1408K)
[10.924s][debug][gc,heap        ] GC(39) Heap after GC invocations=40 (full 1): garbage-first heap   total 340992K, used 6742K [0x0000000700000000, 0x0000000800000000)
[10.924s][debug][gc,heap        ] GC(39)   region size 1024K, 3 young (3072K), 3 survivors (3072K)
[10.924s][debug][gc,heap        ] GC(39)  Metaspace       used 10215K, capacity 10497K, committed 10880K, reserved 1058816K
[10.924s][debug][gc,heap        ] GC(39)   class space    used 1151K, capacity 1266K, committed 1408K, reserved 1048576K
[10.924s][info ][gc             ] GC(39) Pause Young (Normal) (G1 Evacuation Pause) 202M->6M(333M) 2.246ms
[10.924s][info ][gc,cpu         ] GC(39) User=0.01s Sys=0.00s Real=0.00s
[10.924s][info ][safepoint      ] Safepoint "G1CollectForAllocation", Time since last: 367744429 ns, Reaching safepoint: 200950 ns, At safepoint: 2455319 ns, Total: 2656269 ns
[11.303s][debug][gc,heap        ] GC(40) Heap before GC invocations=40 (full 1): garbage-first heap   total 340992K, used 207446K [0x0000000700000000, 0x0000000800000000)
[11.303s][debug][gc,heap        ] GC(40)   region size 1024K, 199 young (203776K), 3 survivors (3072K)
[11.303s][debug][gc,heap        ] GC(40)  Metaspace       used 10223K, capacity 10497K, committed 10880K, reserved 1058816K
[11.303s][debug][gc,heap        ] GC(40)   class space    used 1151K, capacity 1266K, committed 1408K, reserved 1048576K
[11.303s][info ][gc,start       ] GC(40) Pause Young (Normal) (G1 Evacuation Pause)
[11.303s][info ][gc,task        ] GC(40) Using 8 workers of 8 for evacuation
[11.303s][debug][gc,tlab        ] GC(40) TLAB totals: thrds: 9  refills: 815 max: 110 slow allocs: 7 max 7 waste:  1.2% gc: 2005248B max: 426272B slow: 470880B max: 63560B fast: 0B max: 0B
[11.303s][debug][gc,age         ] GC(40) Desired survivor size 13107200 bytes, new threshold 15 (max threshold 15)
[11.303s][debug][gc,alloc,region] GC(40) Mutator Allocation stats, regions: 196, wasted size: 0B ( 0.0%)
[11.303s][debug][gc,ergo        ] GC(40) Running G1 Merge Heap Roots using 8 workers for 199 regions
[11.303s][debug][gc,remset      ] GC(40) Visited cards 4608 Total dirty 14336 (32.14%) Total old 835584 (0.55%)
[11.303s][debug][gc,ergo        ] GC(40) Running G1 Clear Card Table Task using 1 workers for 1 units of work for 206 regions.
[11.303s][debug][gc,ref         ] GC(40) Skipped phase1 of Reference Processing due to unavailable references
[11.303s][debug][gc,ref         ] GC(40) Skipped phase3 of Reference Processing due to unavailable references
[11.304s][debug][gc,ergo        ] GC(40) Running G1 Free Collection Set using 8 workers for collection set length 199 (333)
[11.304s][debug][gc,ergo        ] GC(40) Running G1 Rebuild Free List Task using 8 workers for rebuilding free list of 0 (4096) regions
[11.304s][trace][gc,age         ] GC(40) Age table with threshold 15 (max threshold 15)
[11.304s][trace][gc,age         ] GC(40) - age   1:     246552 bytes,     246552 total
[11.304s][trace][gc,age         ] GC(40) - age   2:      81432 bytes,     327984 total
[11.304s][trace][gc,age         ] GC(40) - age   4:     282688 bytes,     610672 total
[11.304s][trace][gc,age         ] GC(40) - age   5:     162576 bytes,     773248 total
[11.304s][trace][gc,age         ] GC(40) - age   7:     241376 bytes,    1014624 total
[11.304s][trace][gc,age         ] GC(40) - age   8:       1600 bytes,    1016224 total
[11.304s][trace][gc,age         ] GC(40) - age   9:     250040 bytes,    1266264 total
[11.304s][trace][gc,age         ] GC(40) - age  11:     244720 bytes,    1510984 total
[11.304s][trace][gc,age         ] GC(40) - age  12:     161304 bytes,    1672288 total
[11.304s][trace][gc,age         ] GC(40) - age  13:     241416 bytes,    1913704 total
[11.304s][trace][gc,age         ] GC(40) - age  14:      81568 bytes,    1995272 total
[11.304s][trace][gc,age         ] GC(40) - age  15:     336056 bytes,    2331328 total
[11.304s][debug][gc,plab        ] GC(40) Young PLAB allocation: allocated: 153232B, wasted: 2216B, unused: 16024B, used: 134992B, undo waste: 0B, 
[11.304s][debug][gc,plab        ] GC(40) Young other allocation: region end waste: 3200B, regions filled: 3, direct allocated: 2196336B, failure used: 0B, failure wasted: 0B
[11.304s][debug][gc,plab        ] GC(40) Young sizing: calculated: 26352B, actual: 24792B
[11.304s][debug][gc,plab        ] GC(40) Old PLAB allocation: allocated: 4128B, wasted: 0B, unused: 3984B, used: 144B, undo waste: 0B, 
[11.304s][debug][gc,plab        ] GC(40) Old other allocation: region end waste: 0B, regions filled: 1, direct allocated: 1040B, failure used: 0B, failure wasted: 0B
[11.304s][debug][gc,plab        ] GC(40) Old sizing: calculated: 24B, actual: 2064B
[11.304s][debug][gc,ihop        ] GC(40) Basic information (value update), threshold: 157129113B (45.00), target occupancy: 349175808B, current occupancy: 7063000B, recent allocation size: 4128B, recent allocation duration: 379.34ms, recent old gen allocation rate: 10881.95B/s, recent marking phase length: 0.00ms
[11.304s][debug][gc,ihop        ] GC(40) Adaptive IHOP information (value update), threshold: 157129113B (47.37), internal target occupancy: 331717017B, occupancy: 7063000B, additional buffer size: 208666624B, predicted old gen allocation rate: 50563.88B/s, predicted marking phase length: 0.00ms, prediction active: false
[11.304s][debug][gc,ergo,refine ] GC(40) Concurrent refinement times: Logged Cards Scan time goal: 20.00ms Logged Cards Scan time: 0.02ms HCC time: 0.00ms
[11.304s][debug][gc,ergo,refine ] GC(40) Updated Refinement Zones: green: 2048, yellow: 6144, red: 10240
[11.304s][info ][gc,phases      ] GC(40)   Pre Evacuate Collection Set: 0.1ms
[11.304s][debug][gc,phases      ] GC(40)     Prepare TLABs: 0.0ms
[11.304s][debug][gc,phases      ] GC(40)     Choose Collection Set: 0.0ms
[11.304s][debug][gc,phases      ] GC(40)     Region Register: 0.1ms
[11.304s][debug][gc,phases      ] GC(40)     Prepare Heap Roots: 0.0ms
[11.304s][info ][gc,phases      ] GC(40)   Merge Heap Roots: 0.1ms
[11.304s][debug][gc,phases      ] GC(40)     Prepare Merge Heap Roots: 0.0ms
[11.304s][debug][gc,phases      ] GC(40)     Eager Reclaim (ms):       skipped
[11.304s][debug][gc,phases      ] GC(40)     Remembered Sets (ms):     Min:  0.0, Avg:  0.0, Max:  0.0, Diff:  0.0, Sum:  0.1, Workers: 8
[11.304s][debug][gc,phases      ] GC(40)       Merged Sparse:            Min: 0, Avg:  0.0, Max: 0, Diff: 0, Sum: 0, Workers: 8
[11.304s][debug][gc,phases      ] GC(40)       Merged Fine:              Min: 0, Avg:  0.0, Max: 0, Diff: 0, Sum: 0, Workers: 8
[11.304s][debug][gc,phases      ] GC(40)       Merged Coarse:            Min: 0, Avg:  0.0, Max: 0, Diff: 0, Sum: 0, Workers: 8
[11.304s][debug][gc,phases      ] GC(40)       Dirty Cards:              Min: 0, Avg:  0.0, Max: 0, Diff: 0, Sum: 0, Workers: 8
[11.304s][debug][gc,phases      ] GC(40)     Hot Card Cache (ms):      Min:  0.0, Avg:  0.0, Max:  0.0, Diff:  0.0, Sum:  0.0, Workers: 8
[11.304s][debug][gc,phases      ] GC(40)       Dirty Cards:              Min: 0, Avg:  0.0, Max: 0, Diff: 0, Sum: 0, Workers: 8
[11.304s][debug][gc,phases      ] GC(40)       Skipped Cards:            Min: 0, Avg:  0.0, Max: 0, Diff: 0, Sum: 0, Workers: 8
[11.304s][debug][gc,phases      ] GC(40)     Log Buffers (ms):         Min:  0.0, Avg:  0.0, Max:  0.0, Diff:  0.0, Sum:  0.0, Workers: 8
[11.304s][debug][gc,phases      ] GC(40)       Dirty Cards:              Min: 0, Avg:  9.1, Max: 33, Diff: 33, Sum: 73, Workers: 8
[11.304s][debug][gc,phases      ] GC(40)       Skipped Cards:            Min: 0, Avg:  0.0, Max: 0, Diff: 0, Sum: 0, Workers: 8
[11.304s][info ][gc,phases      ] GC(40)   Evacuate Collection Set: 0.4ms
[11.304s][debug][gc,phases      ] GC(40)     Ext Root Scanning (ms):   Min:  0.0, Avg:  0.0, Max:  0.1, Diff:  0.1, Sum:  0.3, Workers: 8
[11.304s][debug][gc,phases      ] GC(40)     Scan Heap Roots (ms):     Min:  0.0, Avg:  0.0, Max:  0.0, Diff:  0.0, Sum:  0.1, Workers: 8
[11.304s][debug][gc,phases      ] GC(40)       Scanned Cards:            Min: 0, Avg:  8.9, Max: 15, Diff: 15, Sum: 71, Workers: 8
[11.304s][debug][gc,phases      ] GC(40)       Scanned Blocks:           Min: 0, Avg:  7.2, Max: 13, Diff: 13, Sum: 58, Workers: 8
[11.304s][debug][gc,phases      ] GC(40)       Claimed Chunks:           Min: 0, Avg:  2.2, Max: 4, Diff: 4, Sum: 18, Workers: 8
[11.304s][debug][gc,phases      ] GC(40)     Code Root Scan (ms):      Min:  0.0, Avg:  0.0, Max:  0.0, Diff:  0.0, Sum:  0.0, Workers: 8
[11.304s][debug][gc,phases      ] GC(40)     Object Copy (ms):         Min:  0.2, Avg:  0.2, Max:  0.3, Diff:  0.1, Sum:  1.9, Workers: 8
[11.304s][debug][gc,phases      ] GC(40)     Termination (ms):         Min:  0.0, Avg:  0.0, Max:  0.1, Diff:  0.0, Sum:  0.4, Workers: 8
[11.304s][debug][gc,phases      ] GC(40)       Termination Attempts:     Min: 1, Avg:  1.0, Max: 1, Diff: 0, Sum: 8, Workers: 8
[11.304s][debug][gc,phases      ] GC(40)     GC Worker Other (ms):     Min:  0.0, Avg:  0.0, Max:  0.0, Diff:  0.0, Sum:  0.1, Workers: 8
[11.304s][debug][gc,phases      ] GC(40)     GC Worker Total (ms):     Min:  0.3, Avg:  0.4, Max:  0.4, Diff:  0.1, Sum:  2.9, Workers: 8
[11.304s][info ][gc,phases      ] GC(40)   Post Evacuate Collection Set: 0.4ms
[11.304s][debug][gc,phases      ] GC(40)     Code Roots Fixup: 0.0ms
[11.304s][debug][gc,phases      ] GC(40)     Clear Card Table: 0.1ms
[11.304s][debug][gc,phases      ] GC(40)     Reference Processing: 0.0ms
[11.304s][debug][gc,phases,ref  ] GC(40)       Reconsider SoftReferences: 0.0ms
[11.304s][debug][gc,phases,ref  ] GC(40)         SoftRef (ms):             skipped
[11.304s][debug][gc,phases,ref  ] GC(40)       Notify Soft/WeakReferences: 0.0ms
[11.304s][debug][gc,phases,ref  ] GC(40)         SoftRef (ms):             Min:  0.0, Avg:  0.0, Max:  0.0, Diff:  0.0, Sum:  0.0, Workers: 1
[11.304s][debug][gc,phases,ref  ] GC(40)         WeakRef (ms):             Min:  0.0, Avg:  0.0, Max:  0.0, Diff:  0.0, Sum:  0.0, Workers: 1
[11.304s][debug][gc,phases,ref  ] GC(40)         FinalRef (ms):            Min:  0.0, Avg:  0.0, Max:  0.0, Diff:  0.0, Sum:  0.0, Workers: 1
[11.304s][debug][gc,phases,ref  ] GC(40)         Total (ms):               Min:  0.0, Avg:  0.0, Max:  0.0, Diff:  0.0, Sum:  0.0, Workers: 1
[11.304s][debug][gc,phases,ref  ] GC(40)       Notify and keep alive finalizable: 0.0ms
[11.304s][debug][gc,phases,ref  ] GC(40)         FinalRef (ms):            skipped
[11.304s][debug][gc,phases,ref  ] GC(40)       Notify PhantomReferences: 0.0ms
[11.304s][debug][gc,phases,ref  ] GC(40)         PhantomRef (ms):          Min:  0.0, Avg:  0.0, Max:  0.0, Diff:  0.0, Sum:  0.0, Workers: 1
[11.304s][debug][gc,phases,ref  ] GC(40)       SoftReference:
[11.304s][debug][gc,phases,ref  ] GC(40)         Discovered: 0
[11.304s][debug][gc,phases,ref  ] GC(40)         Cleared: 0
[11.304s][debug][gc,phases,ref  ] GC(40)       WeakReference:
[11.304s][debug][gc,phases,ref  ] GC(40)         Discovered: 2
[11.304s][debug][gc,phases,ref  ] GC(40)         Cleared: 0
[11.304s][debug][gc,phases,ref  ] GC(40)       FinalReference:
[11.304s][debug][gc,phases,ref  ] GC(40)         Discovered: 0
[11.304s][debug][gc,phases,ref  ] GC(40)         Cleared: 0
[11.304s][debug][gc,phases,ref  ] GC(40)       PhantomReference:
[11.304s][debug][gc,phases,ref  ] GC(40)         Discovered: 66
[11.304s][debug][gc,phases,ref  ] GC(40)         Cleared: 66
[11.304s][debug][gc,phases      ] GC(40)     Weak Processing: 0.1ms
[11.304s][debug][gc,phases      ] GC(40)       JVMTI weak processing: 0.0ms
[11.304s][debug][gc,phases      ] GC(40)         Dead: 0
[11.304s][debug][gc,phases      ] GC(40)         Total: 0
[11.304s][debug][gc,phases      ] GC(40)       JFR weak processing: 0.0ms
[11.304s][debug][gc,phases      ] GC(40)         Dead: 0
[11.304s][debug][gc,phases      ] GC(40)         Total: 0
[11.304s][debug][gc,phases      ] GC(40)       JNI weak                  Min:  0.0, Avg:  0.0, Max:  0.0, Diff:  0.0, Sum:  0.1, Workers: 5
[11.304s][debug][gc,phases      ] GC(40)         Dead                      Min: 0, Avg:  0.0, Max: 0, Diff: 0, Sum: 0, Workers: 5
[11.304s][debug][gc,phases      ] GC(40)         Total                     Min: 0, Avg: 47.8, Max: 239, Diff: 239, Sum: 239, Workers: 5
[11.304s][debug][gc,phases      ] GC(40)       VM weak                   Min:  0.0, Avg:  0.0, Max:  0.0, Diff:  0.0, Sum:  0.0, Workers: 5
[11.304s][debug][gc,phases      ] GC(40)         Dead                      Min: 0, Avg:  0.0, Max: 0, Diff: 0, Sum: 0, Workers: 5
[11.304s][debug][gc,phases      ] GC(40)         Total                     Min: 0, Avg: 42.4, Max: 212, Diff: 212, Sum: 212, Workers: 5
[11.304s][debug][gc,phases      ] GC(40)       StringTable weak          Min:  0.0, Avg:  0.0, Max:  0.0, Diff:  0.0, Sum:  0.1, Workers: 5
[11.304s][debug][gc,phases      ] GC(40)         Dead                      Min: 0, Avg:  0.0, Max: 0, Diff: 0, Sum: 0, Workers: 5
[11.304s][debug][gc,phases      ] GC(40)         Total                     Min: 0, Avg: 689.4, Max: 1463, Diff: 1463, Sum: 3447, Workers: 5
[11.304s][debug][gc,phases      ] GC(40)       ResolvedMethodTable weak  Min:  0.0, Avg:  0.0, Max:  0.0, Diff:  0.0, Sum:  0.0, Workers: 5
[11.304s][debug][gc,phases      ] GC(40)         Dead                      Min: 0, Avg:  0.0, Max: 0, Diff: 0, Sum: 0, Workers: 5
[11.304s][debug][gc,phases      ] GC(40)         Total                     Min: 64, Avg: 114.6, Max: 128, Diff: 64, Sum: 573, Workers: 5
[11.304s][debug][gc,phases      ] GC(40)     Merge Per-Thread State: 0.0ms
[11.304s][debug][gc,phases      ] GC(40)       Copied Bytes              Min: 199832, Avg: 291564.0, Max: 361480, Diff: 161648, Sum: 2332512, Workers: 8
[11.304s][debug][gc,phases      ] GC(40)       LAB Waste                 Min: 80, Avg: 277.0, Max: 416, Diff: 336, Sum: 2216, Workers: 8
[11.304s][debug][gc,phases      ] GC(40)       LAB Undo Waste            Min: 0, Avg:  0.0, Max: 0, Diff: 0, Sum: 0, Workers: 8
[11.304s][debug][gc,phases      ] GC(40)     Code Roots Purge: 0.0ms
[11.304s][debug][gc,phases      ] GC(40)     Redirty Cards: 0.0ms
[11.304s][debug][gc,phases      ] GC(40)     DerivedPointerTable Update: 0.0ms
[11.304s][debug][gc,phases      ] GC(40)     Free Collection Set: 0.1ms
[11.304s][debug][gc,phases      ] GC(40)     Rebuild Free List: 0.0ms
[11.304s][debug][gc,phases      ] GC(40)     Humongous Reclaim: 0.0ms
[11.304s][debug][gc,phases      ] GC(40)     Start New Collection Set: 0.0ms
[11.304s][debug][gc,phases      ] GC(40)     Resize TLABs: 0.0ms
[11.304s][debug][gc,phases      ] GC(40)     Expand Heap After Collection: 0.0ms
[11.304s][info ][gc,phases      ] GC(40)   Other: 0.3ms
[11.304s][info ][gc,heap        ] GC(40) Eden regions: 196->0(196)
[11.304s][info ][gc,heap        ] GC(40) Survivor regions: 3->3(25)
[11.304s][info ][gc,heap        ] GC(40) Old regions: 8->8
[11.304s][info ][gc,heap        ] GC(40) Archive regions: 2->2
[11.304s][info ][gc,heap        ] GC(40) Humongous regions: 0->0
[11.304s][info ][gc,metaspace   ] GC(40) Metaspace: 10223K(10880K)->10223K(10880K) NonClass: 9072K(9472K)->9072K(9472K) Class: 1151K(1408K)->1151K(1408K)
[11.304s][debug][gc,heap        ] GC(40) Heap after GC invocations=41 (full 1): garbage-first heap   total 340992K, used 6897K [0x0000000700000000, 0x0000000800000000)
[11.304s][debug][gc,heap        ] GC(40)   region size 1024K, 3 young (3072K), 3 survivors (3072K)
[11.304s][debug][gc,heap        ] GC(40)  Metaspace       used 10223K, capacity 10497K, committed 10880K, reserved 1058816K
[11.304s][debug][gc,heap        ] GC(40)   class space    used 1151K, capacity 1266K, committed 1408K, reserved 1048576K
[11.304s][info ][gc             ] GC(40) Pause Young (Normal) (G1 Evacuation Pause) 202M->6M(333M) 1.800ms
[11.304s][info ][gc,cpu         ] GC(40) User=0.00s Sys=0.00s Real=0.00s
[11.305s][info ][safepoint      ] Safepoint "G1CollectForAllocation", Time since last: 378118626 ns, Reaching safepoint: 136043 ns, At safepoint: 2011186 ns, Total: 2147229 ns
[11.703s][debug][gc,heap        ] GC(41) Heap before GC invocations=41 (full 1): garbage-first heap   total 340992K, used 207601K [0x0000000700000000, 0x0000000800000000)
[11.703s][debug][gc,heap        ] GC(41)   region size 1024K, 199 young (203776K), 3 survivors (3072K)
[11.703s][debug][gc,heap        ] GC(41)  Metaspace       used 10223K, capacity 10497K, committed 10880K, reserved 1058816K
[11.703s][debug][gc,heap        ] GC(41)   class space    used 1151K, capacity 1266K, committed 1408K, reserved 1048576K
[11.703s][info ][gc,start       ] GC(41) Pause Young (Normal) (G1 Evacuation Pause)
[11.703s][info ][gc,task        ] GC(41) Using 8 workers of 8 for evacuation
[11.703s][debug][gc,tlab        ] GC(41) TLAB totals: thrds: 8  refills: 789 max: 111 slow allocs: 0 max 0 waste:  1.2% gc: 1947648B max: 466208B slow: 456928B max: 64264B fast: 0B max: 0B
[11.703s][debug][gc,age         ] GC(41) Desired survivor size 13107200 bytes, new threshold 15 (max threshold 15)
[11.703s][debug][gc,alloc,region] GC(41) Mutator Allocation stats, regions: 196, wasted size: 0B ( 0.0%)
[11.704s][debug][gc,ergo        ] GC(41) Running G1 Merge Heap Roots using 8 workers for 199 regions
[11.704s][debug][gc,remset      ] GC(41) Visited cards 4096 Total dirty 12288 (33.33%) Total old 835584 (0.49%)
[11.704s][debug][gc,ergo        ] GC(41) Running G1 Clear Card Table Task using 1 workers for 1 units of work for 205 regions.
[11.704s][debug][gc,ref         ] GC(41) Skipped phase1 of Reference Processing due to unavailable references
[11.704s][debug][gc,ref         ] GC(41) Skipped phase2 of Reference Processing due to unavailable references
[11.704s][debug][gc,ref         ] GC(41) Skipped phase3 of Reference Processing due to unavailable references
[11.704s][debug][gc,ergo        ] GC(41) Running G1 Free Collection Set using 8 workers for collection set length 199 (333)
[11.704s][debug][gc,ergo        ] GC(41) Running G1 Rebuild Free List Task using 8 workers for rebuilding free list of 0 (4096) regions
[11.704s][trace][gc,age         ] GC(41) Age table with threshold 15 (max threshold 15)
[11.704s][trace][gc,age         ] GC(41) - age   1:       4040 bytes,       4040 total
[11.704s][trace][gc,age         ] GC(41) - age   2:     244632 bytes,     248672 total
[11.704s][trace][gc,age         ] GC(41) - age   3:      81432 bytes,     330104 total
[11.704s][trace][gc,age         ] GC(41) - age   5:     282688 bytes,     612792 total
[11.704s][trace][gc,age         ] GC(41) - age   6:     162576 bytes,     775368 total
[11.704s][trace][gc,age         ] GC(41) - age   8:     241376 bytes,    1016744 total
[11.704s][trace][gc,age         ] GC(41) - age   9:       1600 bytes,    1018344 total
[11.704s][trace][gc,age         ] GC(41) - age  10:     250040 bytes,    1268384 total
[11.704s][trace][gc,age         ] GC(41) - age  12:     244720 bytes,    1513104 total
[11.704s][trace][gc,age         ] GC(41) - age  13:     161304 bytes,    1674408 total
[11.704s][trace][gc,age         ] GC(41) - age  14:     241416 bytes,    1915824 total
[11.704s][trace][gc,age         ] GC(41) - age  15:      81568 bytes,    1997392 total
[11.704s][debug][gc,plab        ] GC(41) Young PLAB allocation: allocated: 120744B, wasted: 1016B, unused: 12832B, used: 106896B, undo waste: 0B, 
[11.704s][debug][gc,plab        ] GC(41) Young other allocation: region end waste: 35928B, regions filled: 2, direct allocated: 1890496B, failure used: 0B, failure wasted: 0B
[11.704s][debug][gc,plab        ] GC(41) Young sizing: calculated: 14192B, actual: 16840B
[11.704s][debug][gc,plab        ] GC(41) Old PLAB allocation: allocated: 41280B, wasted: 464B, unused: 11384B, used: 29432B, undo waste: 0B, 
[11.705s][debug][gc,plab        ] GC(41) Old other allocation: region end waste: 0B, regions filled: 1, direct allocated: 306624B, failure used: 0B, failure wasted: 0B
[11.705s][debug][gc,plab        ] GC(41) Old sizing: calculated: 5880B, actual: 4520B
[11.705s][debug][gc,ihop        ] GC(41) Basic information (value update), threshold: 157129113B (45.00), target occupancy: 349175808B, current occupancy: 7105560B, recent allocation size: 41280B, recent allocation duration: 399.53ms, recent old gen allocation rate: 103320.12B/s, recent marking phase length: 0.00ms
[11.705s][debug][gc,ihop        ] GC(41) Adaptive IHOP information (value update), threshold: 157129113B (47.37), internal target occupancy: 331717017B, occupancy: 7105560B, additional buffer size: 208666624B, predicted old gen allocation rate: 55221.80B/s, predicted marking phase length: 0.00ms, prediction active: false
[11.705s][debug][gc,ergo,refine ] GC(41) Concurrent refinement times: Logged Cards Scan time goal: 20.00ms Logged Cards Scan time: 0.01ms HCC time: 0.00ms
[11.705s][debug][gc,ergo,refine ] GC(41) Updated Refinement Zones: green: 2048, yellow: 6144, red: 10240
[11.705s][info ][gc,phases      ] GC(41)   Pre Evacuate Collection Set: 0.1ms
[11.705s][debug][gc,phases      ] GC(41)     Prepare TLABs: 0.0ms
[11.705s][debug][gc,phases      ] GC(41)     Choose Collection Set: 0.0ms
[11.705s][debug][gc,phases      ] GC(41)     Region Register: 0.1ms
[11.705s][debug][gc,phases      ] GC(41)     Prepare Heap Roots: 0.0ms
[11.705s][info ][gc,phases      ] GC(41)   Merge Heap Roots: 0.1ms
[11.705s][debug][gc,phases      ] GC(41)     Prepare Merge Heap Roots: 0.0ms
[11.705s][debug][gc,phases      ] GC(41)     Eager Reclaim (ms):       skipped
[11.705s][debug][gc,phases      ] GC(41)     Remembered Sets (ms):     Min:  0.0, Avg:  0.0, Max:  0.0, Diff:  0.0, Sum:  0.0, Workers: 8
[11.705s][debug][gc,phases      ] GC(41)       Merged Sparse:            Min: 0, Avg:  0.0, Max: 0, Diff: 0, Sum: 0, Workers: 8
[11.705s][debug][gc,phases      ] GC(41)       Merged Fine:              Min: 0, Avg:  0.0, Max: 0, Diff: 0, Sum: 0, Workers: 8
[11.705s][debug][gc,phases      ] GC(41)       Merged Coarse:            Min: 0, Avg:  0.0, Max: 0, Diff: 0, Sum: 0, Workers: 8
[11.705s][debug][gc,phases      ] GC(41)       Dirty Cards:              Min: 0, Avg:  0.0, Max: 0, Diff: 0, Sum: 0, Workers: 8
[11.705s][debug][gc,phases      ] GC(41)     Hot Card Cache (ms):      Min:  0.0, Avg:  0.0, Max:  0.0, Diff:  0.0, Sum:  0.0, Workers: 8
[11.705s][debug][gc,phases      ] GC(41)       Dirty Cards:              Min: 0, Avg:  0.0, Max: 0, Diff: 0, Sum: 0, Workers: 8
[11.705s][debug][gc,phases      ] GC(41)       Skipped Cards:            Min: 0, Avg:  0.0, Max: 0, Diff: 0, Sum: 0, Workers: 8
[11.705s][debug][gc,phases      ] GC(41)     Log Buffers (ms):         Min:  0.0, Avg:  0.0, Max:  0.0, Diff:  0.0, Sum:  0.0, Workers: 8
[11.705s][debug][gc,phases      ] GC(41)       Dirty Cards:              Min: 0, Avg:  7.4, Max: 22, Diff: 22, Sum: 59, Workers: 8
[11.705s][debug][gc,phases      ] GC(41)       Skipped Cards:            Min: 0, Avg:  0.0, Max: 0, Diff: 0, Sum: 0, Workers: 8
[11.705s][info ][gc,phases      ] GC(41)   Evacuate Collection Set: 0.4ms
[11.705s][debug][gc,phases      ] GC(41)     Ext Root Scanning (ms):   Min:  0.0, Avg:  0.0, Max:  0.1, Diff:  0.1, Sum:  0.3, Workers: 8
[11.705s][debug][gc,phases      ] GC(41)     Scan Heap Roots (ms):     Min:  0.0, Avg:  0.0, Max:  0.0, Diff:  0.0, Sum:  0.1, Workers: 8
[11.705s][debug][gc,phases      ] GC(41)       Scanned Cards:            Min: 0, Avg:  7.4, Max: 17, Diff: 17, Sum: 59, Workers: 8
[11.705s][debug][gc,phases      ] GC(41)       Scanned Blocks:           Min: 0, Avg:  6.1, Max: 15, Diff: 15, Sum: 49, Workers: 8
[11.705s][debug][gc,phases      ] GC(41)       Claimed Chunks:           Min: 0, Avg:  2.0, Max: 5, Diff: 5, Sum: 16, Workers: 8
[11.705s][debug][gc,phases      ] GC(41)     Code Root Scan (ms):      Min:  0.0, Avg:  0.0, Max:  0.0, Diff:  0.0, Sum:  0.1, Workers: 8
[11.705s][debug][gc,phases      ] GC(41)     Object Copy (ms):         Min:  0.0, Avg:  0.2, Max:  0.2, Diff:  0.2, Sum:  1.6, Workers: 8
[11.705s][debug][gc,phases      ] GC(41)     Termination (ms):         Min:  0.0, Avg:  0.0, Max:  0.1, Diff:  0.0, Sum:  0.4, Workers: 8
[11.705s][debug][gc,phases      ] GC(41)       Termination Attempts:     Min: 1, Avg:  1.0, Max: 1, Diff: 0, Sum: 8, Workers: 8
[11.705s][debug][gc,phases      ] GC(41)     GC Worker Other (ms):     Min:  0.0, Avg:  0.0, Max:  0.0, Diff:  0.0, Sum:  0.1, Workers: 8
[11.705s][debug][gc,phases      ] GC(41)     GC Worker Total (ms):     Min:  0.0, Avg:  0.3, Max:  0.4, Diff:  0.3, Sum:  2.6, Workers: 8
[11.705s][info ][gc,phases      ] GC(41)   Post Evacuate Collection Set: 0.4ms
[11.705s][debug][gc,phases      ] GC(41)     Code Roots Fixup: 0.0ms
[11.705s][debug][gc,phases      ] GC(41)     Clear Card Table: 0.1ms
[11.705s][debug][gc,phases      ] GC(41)     Reference Processing: 0.0ms
[11.705s][debug][gc,phases,ref  ] GC(41)       Reconsider SoftReferences: 0.0ms
[11.705s][debug][gc,phases,ref  ] GC(41)         SoftRef (ms):             skipped
[11.705s][debug][gc,phases,ref  ] GC(41)       Notify Soft/WeakReferences: 0.0ms
[11.705s][debug][gc,phases,ref  ] GC(41)         SoftRef (ms):             skipped
[11.705s][debug][gc,phases,ref  ] GC(41)         WeakRef (ms):             skipped
[11.705s][debug][gc,phases,ref  ] GC(41)         FinalRef (ms):            skipped
[11.705s][debug][gc,phases,ref  ] GC(41)         Total (ms):               skipped
[11.705s][debug][gc,phases,ref  ] GC(41)       Notify and keep alive finalizable: 0.0ms
[11.705s][debug][gc,phases,ref  ] GC(41)         FinalRef (ms):            skipped
[11.705s][debug][gc,phases,ref  ] GC(41)       Notify PhantomReferences: 0.0ms
[11.705s][debug][gc,phases,ref  ] GC(41)         PhantomRef (ms):          Min:  0.0, Avg:  0.0, Max:  0.0, Diff:  0.0, Sum:  0.0, Workers: 1
[11.705s][debug][gc,phases,ref  ] GC(41)       SoftReference:
[11.705s][debug][gc,phases,ref  ] GC(41)         Discovered: 0
[11.705s][debug][gc,phases,ref  ] GC(41)         Cleared: 0
[11.705s][debug][gc,phases,ref  ] GC(41)       WeakReference:
[11.705s][debug][gc,phases,ref  ] GC(41)         Discovered: 0
[11.705s][debug][gc,phases,ref  ] GC(41)         Cleared: 0
[11.705s][debug][gc,phases,ref  ] GC(41)       FinalReference:
[11.705s][debug][gc,phases,ref  ] GC(41)         Discovered: 0
[11.705s][debug][gc,phases,ref  ] GC(41)         Cleared: 0
[11.705s][debug][gc,phases,ref  ] GC(41)       PhantomReference:
[11.705s][debug][gc,phases,ref  ] GC(41)         Discovered: 46
[11.705s][debug][gc,phases,ref  ] GC(41)         Cleared: 46
[11.705s][debug][gc,phases      ] GC(41)     Weak Processing: 0.1ms
[11.705s][debug][gc,phases      ] GC(41)       JVMTI weak processing: 0.0ms
[11.705s][debug][gc,phases      ] GC(41)         Dead: 0
[11.705s][debug][gc,phases      ] GC(41)         Total: 0
[11.705s][debug][gc,phases      ] GC(41)       JFR weak processing: 0.0ms
[11.705s][debug][gc,phases      ] GC(41)         Dead: 0
[11.705s][debug][gc,phases      ] GC(41)         Total: 0
[11.705s][debug][gc,phases      ] GC(41)       JNI weak                  Min:  0.0, Avg:  0.0, Max:  0.0, Diff:  0.0, Sum:  0.1, Workers: 5
[11.705s][debug][gc,phases      ] GC(41)         Dead                      Min: 0, Avg:  0.0, Max: 0, Diff: 0, Sum: 0, Workers: 5
[11.705s][debug][gc,phases      ] GC(41)         Total                     Min: 0, Avg: 47.8, Max: 175, Diff: 175, Sum: 239, Workers: 5
[11.705s][debug][gc,phases      ] GC(41)       VM weak                   Min:  0.0, Avg:  0.0, Max:  0.0, Diff:  0.0, Sum:  0.0, Workers: 5
[11.705s][debug][gc,phases      ] GC(41)         Dead                      Min: 0, Avg:  0.0, Max: 0, Diff: 0, Sum: 0, Workers: 5
[11.705s][debug][gc,phases      ] GC(41)         Total                     Min: 0, Avg: 42.4, Max: 128, Diff: 128, Sum: 212, Workers: 5
[11.705s][debug][gc,phases      ] GC(41)       StringTable weak          Min:  0.0, Avg:  0.0, Max:  0.0, Diff:  0.0, Sum:  0.1, Workers: 5
[11.705s][debug][gc,phases      ] GC(41)         Dead                      Min: 0, Avg:  0.0, Max: 0, Diff: 0, Sum: 0, Workers: 5
[11.705s][debug][gc,phases      ] GC(41)         Total                     Min: 384, Avg: 689.4, Max: 1207, Diff: 823, Sum: 3447, Workers: 5
[11.705s][debug][gc,phases      ] GC(41)       ResolvedMethodTable weak  Min:  0.0, Avg:  0.0, Max:  0.0, Diff:  0.0, Sum:  0.0, Workers: 5
[11.705s][debug][gc,phases      ] GC(41)         Dead                      Min: 0, Avg:  0.0, Max: 0, Diff: 0, Sum: 0, Workers: 5
[11.705s][debug][gc,phases      ] GC(41)         Total                     Min: 64, Avg: 114.6, Max: 128, Diff: 64, Sum: 573, Workers: 5
[11.705s][debug][gc,phases      ] GC(41)     Merge Per-Thread State: 0.0ms
[11.705s][debug][gc,phases      ] GC(41)       Copied Bytes              Min: 0, Avg: 291681.0, Max: 483184, Diff: 483184, Sum: 2333448, Workers: 8
[11.705s][debug][gc,phases      ] GC(41)       LAB Waste                 Min: 0, Avg: 185.0, Max: 328, Diff: 328, Sum: 1480, Workers: 8
[11.705s][debug][gc,phases      ] GC(41)       LAB Undo Waste            Min: 0, Avg:  0.0, Max: 0, Diff: 0, Sum: 0, Workers: 8
[11.705s][debug][gc,phases      ] GC(41)     Code Roots Purge: 0.0ms
[11.705s][debug][gc,phases      ] GC(41)     Redirty Cards: 0.0ms
[11.705s][debug][gc,phases      ] GC(41)     DerivedPointerTable Update: 0.0ms
[11.705s][debug][gc,phases      ] GC(41)     Free Collection Set: 0.1ms
[11.705s][debug][gc,phases      ] GC(41)     Rebuild Free List: 0.0ms
[11.705s][debug][gc,phases      ] GC(41)     Humongous Reclaim: 0.0ms
[11.705s][debug][gc,phases      ] GC(41)     Start New Collection Set: 0.0ms
[11.705s][debug][gc,phases      ] GC(41)     Resize TLABs: 0.0ms
[11.705s][debug][gc,phases      ] GC(41)     Expand Heap After Collection: 0.0ms
[11.705s][info ][gc,phases      ] GC(41)   Other: 0.4ms
[11.705s][info ][gc,heap        ] GC(41) Eden regions: 196->0(197)
[11.705s][info ][gc,heap        ] GC(41) Survivor regions: 3->2(25)
[11.705s][info ][gc,heap        ] GC(41) Old regions: 8->8
[11.705s][info ][gc,heap        ] GC(41) Archive regions: 2->2
[11.705s][info ][gc,heap        ] GC(41) Humongous regions: 0->0
[11.705s][info ][gc,metaspace   ] GC(41) Metaspace: 10223K(10880K)->10223K(10880K) NonClass: 9072K(9472K)->9072K(9472K) Class: 1151K(1408K)->1151K(1408K)
[11.705s][debug][gc,heap        ] GC(41) Heap after GC invocations=42 (full 1): garbage-first heap   total 340992K, used 6939K [0x0000000700000000, 0x0000000800000000)
[11.705s][debug][gc,heap        ] GC(41)   region size 1024K, 2 young (2048K), 2 survivors (2048K)
[11.705s][debug][gc,heap        ] GC(41)  Metaspace       used 10223K, capacity 10497K, committed 10880K, reserved 1058816K
[11.705s][debug][gc,heap        ] GC(41)   class space    used 1151K, capacity 1266K, committed 1408K, reserved 1048576K
[11.705s][info ][gc             ] GC(41) Pause Young (Normal) (G1 Evacuation Pause) 202M->6M(333M) 2.039ms
[11.705s][info ][gc,cpu         ] GC(41) User=0.01s Sys=0.00s Real=0.00s
[11.706s][info ][safepoint      ] Safepoint "G1CollectForAllocation", Time since last: 398540541 ns, Reaching safepoint: 127439 ns, At safepoint: 2278879 ns, Total: 2406318 ns
[12.118s][debug][gc,heap        ] GC(42) Heap before GC invocations=42 (full 1): garbage-first heap   total 340992K, used 208667K [0x0000000700000000, 0x0000000800000000)
[12.118s][debug][gc,heap        ] GC(42)   region size 1024K, 199 young (203776K), 2 survivors (2048K)
[12.119s][debug][gc,heap        ] GC(42)  Metaspace       used 10240K, capacity 10561K, committed 10880K, reserved 1058816K
[12.119s][debug][gc,heap        ] GC(42)   class space    used 1151K, capacity 1266K, committed 1408K, reserved 1048576K
[12.119s][info ][gc,start       ] GC(42) Pause Young (Normal) (G1 Evacuation Pause)
[12.119s][info ][gc,task        ] GC(42) Using 8 workers of 8 for evacuation
[12.119s][debug][gc,tlab        ] GC(42) TLAB totals: thrds: 10  refills: 816 max: 117 slow allocs: 6 max 6 waste:  1.2% gc: 1936024B max: 408104B slow: 471512B max: 67512B fast: 0B max: 0B
[12.119s][debug][gc,age         ] GC(42) Desired survivor size 13107200 bytes, new threshold 15 (max threshold 15)
[12.119s][debug][gc,alloc,region] GC(42) Mutator Allocation stats, regions: 197, wasted size: 0B ( 0.0%)
[12.119s][debug][gc,ergo        ] GC(42) Running G1 Merge Heap Roots using 8 workers for 199 regions
[12.119s][debug][gc,remset      ] GC(42) Visited cards 5120 Total dirty 14336 (35.71%) Total old 835584 (0.61%)
[12.119s][debug][gc,ergo        ] GC(42) Running G1 Clear Card Table Task using 1 workers for 1 units of work for 206 regions.
[12.119s][debug][gc,ref         ] GC(42) Skipped phase1 of Reference Processing due to unavailable references
[12.120s][debug][gc,ref         ] GC(42) Skipped phase2 of Reference Processing due to unavailable references
[12.120s][debug][gc,ref         ] GC(42) Skipped phase3 of Reference Processing due to unavailable references
[12.120s][debug][gc,ergo        ] GC(42) Running G1 Free Collection Set using 8 workers for collection set length 199 (333)
[12.120s][debug][gc,ergo        ] GC(42) Running G1 Rebuild Free List Task using 8 workers for rebuilding free list of 0 (4096) regions
[12.120s][trace][gc,age         ] GC(42) Age table with threshold 15 (max threshold 15)
[12.120s][trace][gc,age         ] GC(42) - age   1:     247744 bytes,     247744 total
[12.120s][trace][gc,age         ] GC(42) - age   2:        672 bytes,     248416 total
[12.120s][trace][gc,age         ] GC(42) - age   3:     244168 bytes,     492584 total
[12.120s][trace][gc,age         ] GC(42) - age   4:      81432 bytes,     574016 total
[12.120s][trace][gc,age         ] GC(42) - age   6:     282688 bytes,     856704 total
[12.120s][trace][gc,age         ] GC(42) - age   7:     162576 bytes,    1019280 total
[12.120s][trace][gc,age         ] GC(42) - age   9:     241376 bytes,    1260656 total
[12.120s][trace][gc,age         ] GC(42) - age  10:       1600 bytes,    1262256 total
[12.120s][trace][gc,age         ] GC(42) - age  11:     250040 bytes,    1512296 total
[12.120s][trace][gc,age         ] GC(42) - age  13:     244720 bytes,    1757016 total
[12.120s][trace][gc,age         ] GC(42) - age  14:     161304 bytes,    1918320 total
[12.120s][trace][gc,age         ] GC(42) - age  15:     241416 bytes,    2159736 total
[12.120s][debug][gc,plab        ] GC(42) Young PLAB allocation: allocated: 124136B, wasted: 1712B, unused: 7984B, used: 114440B, undo waste: 76832B, 
[12.120s][debug][gc,plab        ] GC(42) Young other allocation: region end waste: 6656B, regions filled: 3, direct allocated: 2122128B, failure used: 0B, failure wasted: 0B
[12.120s][debug][gc,plab        ] GC(42) Young sizing: calculated: 21552B, actual: 20368B
[12.120s][debug][gc,plab        ] GC(42) Old PLAB allocation: allocated: 8256B, wasted: 16B, unused: 3504B, used: 4736B, undo waste: 0B, 
[12.120s][debug][gc,plab        ] GC(42) Old other allocation: region end waste: 0B, regions filled: 1, direct allocated: 76832B, failure used: 0B, failure wasted: 0B
[12.120s][debug][gc,plab        ] GC(42) Old sizing: calculated: 944B, actual: 2064B
[12.120s][debug][gc,ihop        ] GC(42) Basic information (value update), threshold: 157129113B (45.00), target occupancy: 349175808B, current occupancy: 7396816B, recent allocation size: 8256B, recent allocation duration: 414.09ms, recent old gen allocation rate: 19937.53B/s, recent marking phase length: 0.00ms
[12.120s][debug][gc,ihop        ] GC(42) Adaptive IHOP information (value update), threshold: 157129113B (47.37), internal target occupancy: 331717017B, occupancy: 7396816B, additional buffer size: 208666624B, predicted old gen allocation rate: 54194.77B/s, predicted marking phase length: 0.00ms, prediction active: false
[12.120s][debug][gc,ergo,refine ] GC(42) Concurrent refinement times: Logged Cards Scan time goal: 20.00ms Logged Cards Scan time: 0.02ms HCC time: 0.00ms
[12.120s][debug][gc,ergo,refine ] GC(42) Updated Refinement Zones: green: 2048, yellow: 6144, red: 10240
[12.120s][info ][gc,phases      ] GC(42)   Pre Evacuate Collection Set: 0.1ms
[12.120s][debug][gc,phases      ] GC(42)     Prepare TLABs: 0.0ms
[12.120s][debug][gc,phases      ] GC(42)     Choose Collection Set: 0.0ms
[12.120s][debug][gc,phases      ] GC(42)     Region Register: 0.1ms
[12.120s][debug][gc,phases      ] GC(42)     Prepare Heap Roots: 0.0ms
[12.120s][info ][gc,phases      ] GC(42)   Merge Heap Roots: 0.1ms
[12.120s][debug][gc,phases      ] GC(42)     Prepare Merge Heap Roots: 0.0ms
[12.120s][debug][gc,phases      ] GC(42)     Eager Reclaim (ms):       skipped
[12.120s][debug][gc,phases      ] GC(42)     Remembered Sets (ms):     Min:  0.0, Avg:  0.0, Max:  0.0, Diff:  0.0, Sum:  0.1, Workers: 8
[12.120s][debug][gc,phases      ] GC(42)       Merged Sparse:            Min: 0, Avg:  0.0, Max: 0, Diff: 0, Sum: 0, Workers: 8
[12.120s][debug][gc,phases      ] GC(42)       Merged Fine:              Min: 0, Avg:  0.0, Max: 0, Diff: 0, Sum: 0, Workers: 8
[12.120s][debug][gc,phases      ] GC(42)       Merged Coarse:            Min: 0, Avg:  0.0, Max: 0, Diff: 0, Sum: 0, Workers: 8
[12.120s][debug][gc,phases      ] GC(42)       Dirty Cards:              Min: 0, Avg:  0.0, Max: 0, Diff: 0, Sum: 0, Workers: 8
[12.120s][debug][gc,phases      ] GC(42)     Hot Card Cache (ms):      Min:  0.0, Avg:  0.0, Max:  0.0, Diff:  0.0, Sum:  0.0, Workers: 8
[12.120s][debug][gc,phases      ] GC(42)       Dirty Cards:              Min: 0, Avg:  0.0, Max: 0, Diff: 0, Sum: 0, Workers: 8
[12.120s][debug][gc,phases      ] GC(42)       Skipped Cards:            Min: 0, Avg:  0.0, Max: 0, Diff: 0, Sum: 0, Workers: 8
[12.120s][debug][gc,phases      ] GC(42)     Log Buffers (ms):         Min:  0.0, Avg:  0.0, Max:  0.0, Diff:  0.0, Sum:  0.0, Workers: 8
[12.120s][debug][gc,phases      ] GC(42)       Dirty Cards:              Min: 0, Avg: 10.1, Max: 34, Diff: 34, Sum: 81, Workers: 8
[12.120s][debug][gc,phases      ] GC(42)       Skipped Cards:            Min: 0, Avg:  0.0, Max: 0, Diff: 0, Sum: 0, Workers: 8
[12.120s][info ][gc,phases      ] GC(42)   Evacuate Collection Set: 0.4ms
[12.120s][debug][gc,phases      ] GC(42)     Ext Root Scanning (ms):   Min:  0.0, Avg:  0.1, Max:  0.2, Diff:  0.1, Sum:  0.5, Workers: 8
[12.120s][debug][gc,phases      ] GC(42)     Scan Heap Roots (ms):     Min:  0.0, Avg:  0.0, Max:  0.0, Diff:  0.0, Sum:  0.2, Workers: 8
[12.120s][debug][gc,phases      ] GC(42)       Scanned Cards:            Min: 0, Avg:  9.9, Max: 23, Diff: 23, Sum: 79, Workers: 8
[12.120s][debug][gc,phases      ] GC(42)       Scanned Blocks:           Min: 0, Avg:  7.9, Max: 18, Diff: 18, Sum: 63, Workers: 8
[12.120s][debug][gc,phases      ] GC(42)       Claimed Chunks:           Min: 0, Avg:  2.5, Max: 6, Diff: 6, Sum: 20, Workers: 8
[12.120s][debug][gc,phases      ] GC(42)     Code Root Scan (ms):      Min:  0.0, Avg:  0.0, Max:  0.0, Diff:  0.0, Sum:  0.1, Workers: 8
[12.120s][debug][gc,phases      ] GC(42)     Object Copy (ms):         Min:  0.1, Avg:  0.2, Max:  0.2, Diff:  0.1, Sum:  1.3, Workers: 8
[12.120s][debug][gc,phases      ] GC(42)     Termination (ms):         Min:  0.1, Avg:  0.1, Max:  0.1, Diff:  0.0, Sum:  0.6, Workers: 8
[12.120s][debug][gc,phases      ] GC(42)       Termination Attempts:     Min: 1, Avg:  1.0, Max: 1, Diff: 0, Sum: 8, Workers: 8
[12.120s][debug][gc,phases      ] GC(42)     GC Worker Other (ms):     Min:  0.0, Avg:  0.0, Max:  0.0, Diff:  0.0, Sum:  0.1, Workers: 8
[12.120s][debug][gc,phases      ] GC(42)     GC Worker Total (ms):     Min:  0.3, Avg:  0.3, Max:  0.4, Diff:  0.0, Sum:  2.7, Workers: 8
[12.120s][info ][gc,phases      ] GC(42)   Post Evacuate Collection Set: 0.5ms
[12.120s][debug][gc,phases      ] GC(42)     Code Roots Fixup: 0.0ms
[12.120s][debug][gc,phases      ] GC(42)     Clear Card Table: 0.2ms
[12.120s][debug][gc,phases      ] GC(42)     Reference Processing: 0.0ms
[12.120s][debug][gc,phases,ref  ] GC(42)       Reconsider SoftReferences: 0.0ms
[12.120s][debug][gc,phases,ref  ] GC(42)         SoftRef (ms):             skipped
[12.120s][debug][gc,phases,ref  ] GC(42)       Notify Soft/WeakReferences: 0.0ms
[12.120s][debug][gc,phases,ref  ] GC(42)         SoftRef (ms):             skipped
[12.120s][debug][gc,phases,ref  ] GC(42)         WeakRef (ms):             skipped
[12.120s][debug][gc,phases,ref  ] GC(42)         FinalRef (ms):            skipped
[12.120s][debug][gc,phases,ref  ] GC(42)         Total (ms):               skipped
[12.120s][debug][gc,phases,ref  ] GC(42)       Notify and keep alive finalizable: 0.0ms
[12.120s][debug][gc,phases,ref  ] GC(42)         FinalRef (ms):            skipped
[12.120s][debug][gc,phases,ref  ] GC(42)       Notify PhantomReferences: 0.0ms
[12.120s][debug][gc,phases,ref  ] GC(42)         PhantomRef (ms):          Min:  0.0, Avg:  0.0, Max:  0.0, Diff:  0.0, Sum:  0.0, Workers: 1
[12.120s][debug][gc,phases,ref  ] GC(42)       SoftReference:
[12.120s][debug][gc,phases,ref  ] GC(42)         Discovered: 0
[12.120s][debug][gc,phases,ref  ] GC(42)         Cleared: 0
[12.120s][debug][gc,phases,ref  ] GC(42)       WeakReference:
[12.120s][debug][gc,phases,ref  ] GC(42)         Discovered: 0
[12.120s][debug][gc,phases,ref  ] GC(42)         Cleared: 0
[12.120s][debug][gc,phases,ref  ] GC(42)       FinalReference:
[12.120s][debug][gc,phases,ref  ] GC(42)         Discovered: 0
[12.120s][debug][gc,phases,ref  ] GC(42)         Cleared: 0
[12.120s][debug][gc,phases,ref  ] GC(42)       PhantomReference:
[12.120s][debug][gc,phases,ref  ] GC(42)         Discovered: 16
[12.121s][debug][gc,phases,ref  ] GC(42)         Cleared: 16
[12.121s][debug][gc,phases      ] GC(42)     Weak Processing: 0.1ms
[12.121s][debug][gc,phases      ] GC(42)       JVMTI weak processing: 0.0ms
[12.121s][debug][gc,phases      ] GC(42)         Dead: 0
[12.121s][debug][gc,phases      ] GC(42)         Total: 0
[12.121s][debug][gc,phases      ] GC(42)       JFR weak processing: 0.0ms
[12.121s][debug][gc,phases      ] GC(42)         Dead: 0
[12.121s][debug][gc,phases      ] GC(42)         Total: 0
[12.121s][debug][gc,phases      ] GC(42)       JNI weak                  Min:  0.0, Avg:  0.0, Max:  0.0, Diff:  0.0, Sum:  0.0, Workers: 5
[12.121s][debug][gc,phases      ] GC(42)         Dead                      Min: 0, Avg:  0.0, Max: 0, Diff: 0, Sum: 0, Workers: 5
[12.121s][debug][gc,phases      ] GC(42)         Total                     Min: 0, Avg: 50.2, Max: 187, Diff: 187, Sum: 251, Workers: 5
[12.121s][debug][gc,phases      ] GC(42)       VM weak                   Min:  0.0, Avg:  0.0, Max:  0.0, Diff:  0.0, Sum:  0.0, Workers: 5
[12.121s][debug][gc,phases      ] GC(42)         Dead                      Min: 0, Avg:  0.0, Max: 0, Diff: 0, Sum: 0, Workers: 5
[12.121s][debug][gc,phases      ] GC(42)         Total                     Min: 0, Avg: 42.4, Max: 84, Diff: 84, Sum: 212, Workers: 5
[12.121s][debug][gc,phases      ] GC(42)       StringTable weak          Min:  0.0, Avg:  0.0, Max:  0.0, Diff:  0.0, Sum:  0.0, Workers: 5
[12.121s][debug][gc,phases      ] GC(42)         Dead                      Min: 0, Avg:  0.0, Max: 0, Diff: 0, Sum: 0, Workers: 5
[12.121s][debug][gc,phases      ] GC(42)         Total                     Min: 0, Avg: 690.0, Max: 954, Diff: 954, Sum: 3450, Workers: 5
[12.121s][debug][gc,phases      ] GC(42)       ResolvedMethodTable weak  Min:  0.0, Avg:  0.0, Max:  0.0, Diff:  0.0, Sum:  0.0, Workers: 5
[12.121s][debug][gc,phases      ] GC(42)         Dead                      Min: 0, Avg:  0.0, Max: 0, Diff: 0, Sum: 0, Workers: 5
[12.121s][debug][gc,phases      ] GC(42)         Total                     Min: 0, Avg: 114.6, Max: 192, Diff: 192, Sum: 573, Workers: 5
[12.121s][debug][gc,phases      ] GC(42)     Merge Per-Thread State: 0.0ms
[12.121s][debug][gc,phases      ] GC(42)       Copied Bytes              Min: 132240, Avg: 280163.0, Max: 518392, Diff: 386152, Sum: 2241304, Workers: 8
[12.121s][debug][gc,phases      ] GC(42)       LAB Waste                 Min: 104, Avg: 216.0, Max: 320, Diff: 216, Sum: 1728, Workers: 8
[12.121s][debug][gc,phases      ] GC(42)       LAB Undo Waste            Min: 0, Avg: 9604.0, Max: 38416, Diff: 38416, Sum: 76832, Workers: 8
[12.121s][debug][gc,phases      ] GC(42)     Code Roots Purge: 0.0ms
[12.121s][debug][gc,phases      ] GC(42)     Redirty Cards: 0.0ms
[12.121s][debug][gc,phases      ] GC(42)     DerivedPointerTable Update: 0.0ms
[12.121s][debug][gc,phases      ] GC(42)     Free Collection Set: 0.1ms
[12.121s][debug][gc,phases      ] GC(42)     Rebuild Free List: 0.1ms
[12.121s][debug][gc,phases      ] GC(42)     Humongous Reclaim: 0.0ms
[12.121s][debug][gc,phases      ] GC(42)     Start New Collection Set: 0.0ms
[12.121s][debug][gc,phases      ] GC(42)     Resize TLABs: 0.0ms
[12.121s][debug][gc,phases      ] GC(42)     Expand Heap After Collection: 0.0ms
[12.121s][info ][gc,phases      ] GC(42)   Other: 0.5ms
[12.121s][info ][gc,heap        ] GC(42) Eden regions: 197->0(196)
[12.121s][info ][gc,heap        ] GC(42) Survivor regions: 2->3(25)
[12.121s][info ][gc,heap        ] GC(42) Old regions: 8->8
[12.121s][info ][gc,heap        ] GC(42) Archive regions: 2->2
[12.121s][info ][gc,heap        ] GC(42) Humongous regions: 0->0
[12.121s][info ][gc,metaspace   ] GC(42) Metaspace: 10240K(10880K)->10240K(10880K) NonClass: 9089K(9472K)->9089K(9472K) Class: 1151K(1408K)->1151K(1408K)
[12.121s][debug][gc,heap        ] GC(42) Heap after GC invocations=43 (full 1): garbage-first heap   total 340992K, used 7223K [0x0000000700000000, 0x0000000800000000)
[12.121s][debug][gc,heap        ] GC(42)   region size 1024K, 3 young (3072K), 3 survivors (3072K)
[12.121s][debug][gc,heap        ] GC(42)  Metaspace       used 10240K, capacity 10561K, committed 10880K, reserved 1058816K
[12.121s][debug][gc,heap        ] GC(42)   class space    used 1151K, capacity 1266K, committed 1408K, reserved 1048576K
[12.121s][info ][gc             ] GC(42) Pause Young (Normal) (G1 Evacuation Pause) 203M->7M(333M) 2.227ms
[12.121s][info ][gc,cpu         ] GC(42) User=0.00s Sys=0.00s Real=0.01s
[12.121s][info ][safepoint      ] Safepoint "G1CollectForAllocation", Time since last: 412759709 ns, Reaching safepoint: 132234 ns, At safepoint: 2436600 ns, Total: 2568834 ns
[12.551s][debug][gc,heap        ] GC(43) Heap before GC invocations=43 (full 1): garbage-first heap   total 340992K, used 206903K [0x0000000700000000, 0x0000000800000000)
[12.551s][debug][gc,heap        ] GC(43)   region size 1024K, 199 young (203776K), 3 survivors (3072K)
[12.551s][debug][gc,heap        ] GC(43)  Metaspace       used 10243K, capacity 10561K, committed 10880K, reserved 1058816K
[12.551s][debug][gc,heap        ] GC(43)   class space    used 1151K, capacity 1266K, committed 1408K, reserved 1048576K
[12.551s][info ][gc,start       ] GC(43) Pause Young (Normal) (G1 Evacuation Pause)
[12.551s][info ][gc,task        ] GC(43) Using 8 workers of 8 for evacuation
[12.551s][debug][gc,tlab        ] GC(43) TLAB totals: thrds: 9  refills: 791 max: 104 slow allocs: 2 max 2 waste:  1.0% gc: 1544968B max: 434144B slow: 458416B max: 60744B fast: 0B max: 0B
[12.551s][debug][gc,age         ] GC(43) Desired survivor size 13107200 bytes, new threshold 15 (max threshold 15)
[12.551s][debug][gc,alloc,region] GC(43) Mutator Allocation stats, regions: 196, wasted size: 0B ( 0.0%)
[12.551s][debug][gc,ergo        ] GC(43) Running G1 Merge Heap Roots using 8 workers for 199 regions
[12.551s][debug][gc,remset      ] GC(43) Visited cards 4864 Total dirty 14336 (33.93%) Total old 835584 (0.58%)
[12.552s][debug][gc,ergo        ] GC(43) Running G1 Clear Card Table Task using 1 workers for 1 units of work for 206 regions.
[12.552s][debug][gc,ref         ] GC(43) Skipped phase1 of Reference Processing due to unavailable references
[12.552s][debug][gc,ref         ] GC(43) Skipped phase3 of Reference Processing due to unavailable references
[12.552s][debug][gc,ergo        ] GC(43) Running G1 Free Collection Set using 8 workers for collection set length 199 (333)
[12.552s][debug][gc,ergo        ] GC(43) Running G1 Rebuild Free List Task using 8 workers for rebuilding free list of 0 (4096) regions
[12.552s][trace][gc,age         ] GC(43) Age table with threshold 15 (max threshold 15)
[12.552s][trace][gc,age         ] GC(43) - age   1:      83440 bytes,      83440 total
[12.552s][trace][gc,age         ] GC(43) - age   2:     243936 bytes,     327376 total
[12.552s][trace][gc,age         ] GC(43) - age   3:        672 bytes,     328048 total
[12.552s][trace][gc,age         ] GC(43) - age   4:     244168 bytes,     572216 total
[12.552s][trace][gc,age         ] GC(43) - age   5:      81432 bytes,     653648 total
[12.552s][trace][gc,age         ] GC(43) - age   7:     282688 bytes,     936336 total
[12.552s][trace][gc,age         ] GC(43) - age   8:     162576 bytes,    1098912 total
[12.552s][trace][gc,age         ] GC(43) - age  10:     241376 bytes,    1340288 total
[12.552s][trace][gc,age         ] GC(43) - age  11:       1600 bytes,    1341888 total
[12.552s][trace][gc,age         ] GC(43) - age  12:     250040 bytes,    1591928 total
[12.552s][trace][gc,age         ] GC(43) - age  14:     244720 bytes,    1836648 total
[12.552s][trace][gc,age         ] GC(43) - age  15:     161304 bytes,    1997952 total
[12.552s][debug][gc,plab        ] GC(43) Young PLAB allocation: allocated: 114480B, wasted: 1328B, unused: 5696B, used: 107456B, undo waste: 0B, 
[12.552s][debug][gc,plab        ] GC(43) Young other allocation: region end waste: 2240B, regions filled: 2, direct allocated: 1890496B, failure used: 0B, failure wasted: 0B
[12.552s][debug][gc,plab        ] GC(43) Young sizing: calculated: 21040B, actual: 20872B
[12.552s][debug][gc,plab        ] GC(43) Old PLAB allocation: allocated: 22704B, wasted: 112B, unused: 11672B, used: 10920B, undo waste: 0B, 
[12.552s][debug][gc,plab        ] GC(43) Old other allocation: region end waste: 0B, regions filled: 1, direct allocated: 230496B, failure used: 0B, failure wasted: 0B
[12.552s][debug][gc,plab        ] GC(43) Old sizing: calculated: 2184B, actual: 2096B
[12.552s][debug][gc,ihop        ] GC(43) Basic information (value update), threshold: 157129113B (45.00), target occupancy: 349175808B, current occupancy: 7404552B, recent allocation size: 22704B, recent allocation duration: 431.26ms, recent old gen allocation rate: 52646.05B/s, recent marking phase length: 0.00ms
[12.552s][debug][gc,ihop        ] GC(43) Adaptive IHOP information (value update), threshold: 157129113B (47.37), internal target occupancy: 331717017B, occupancy: 7404552B, additional buffer size: 208666624B, predicted old gen allocation rate: 54979.13B/s, predicted marking phase length: 0.00ms, prediction active: false
[12.553s][debug][gc,ergo,refine ] GC(43) Concurrent refinement times: Logged Cards Scan time goal: 20.00ms Logged Cards Scan time: 0.02ms HCC time: 0.00ms
[12.553s][debug][gc,ergo,refine ] GC(43) Updated Refinement Zones: green: 2048, yellow: 6144, red: 10240
[12.553s][info ][gc,phases      ] GC(43)   Pre Evacuate Collection Set: 0.1ms
[12.553s][debug][gc,phases      ] GC(43)     Prepare TLABs: 0.0ms
[12.553s][debug][gc,phases      ] GC(43)     Choose Collection Set: 0.0ms
[12.553s][debug][gc,phases      ] GC(43)     Region Register: 0.1ms
[12.553s][debug][gc,phases      ] GC(43)     Prepare Heap Roots: 0.0ms
[12.553s][info ][gc,phases      ] GC(43)   Merge Heap Roots: 0.1ms
[12.553s][debug][gc,phases      ] GC(43)     Prepare Merge Heap Roots: 0.0ms
[12.553s][debug][gc,phases      ] GC(43)     Eager Reclaim (ms):       skipped
[12.553s][debug][gc,phases      ] GC(43)     Remembered Sets (ms):     Min:  0.0, Avg:  0.0, Max:  0.0, Diff:  0.0, Sum:  0.0, Workers: 8
[12.553s][debug][gc,phases      ] GC(43)       Merged Sparse:            Min: 0, Avg:  0.0, Max: 0, Diff: 0, Sum: 0, Workers: 8
[12.553s][debug][gc,phases      ] GC(43)       Merged Fine:              Min: 0, Avg:  0.0, Max: 0, Diff: 0, Sum: 0, Workers: 8
[12.553s][debug][gc,phases      ] GC(43)       Merged Coarse:            Min: 0, Avg:  0.0, Max: 0, Diff: 0, Sum: 0, Workers: 8
[12.553s][debug][gc,phases      ] GC(43)       Dirty Cards:              Min: 0, Avg:  0.0, Max: 0, Diff: 0, Sum: 0, Workers: 8
[12.553s][debug][gc,phases      ] GC(43)     Hot Card Cache (ms):      Min:  0.0, Avg:  0.0, Max:  0.0, Diff:  0.0, Sum:  0.0, Workers: 8
[12.553s][debug][gc,phases      ] GC(43)       Dirty Cards:              Min: 0, Avg:  0.0, Max: 0, Diff: 0, Sum: 0, Workers: 8
[12.553s][debug][gc,phases      ] GC(43)       Skipped Cards:            Min: 0, Avg:  0.0, Max: 0, Diff: 0, Sum: 0, Workers: 8
[12.553s][debug][gc,phases      ] GC(43)     Log Buffers (ms):         Min:  0.0, Avg:  0.0, Max:  0.0, Diff:  0.0, Sum:  0.0, Workers: 8
[12.553s][debug][gc,phases      ] GC(43)       Dirty Cards:              Min: 0, Avg:  9.0, Max: 49, Diff: 49, Sum: 72, Workers: 8
[12.553s][debug][gc,phases      ] GC(43)       Skipped Cards:            Min: 0, Avg:  0.0, Max: 0, Diff: 0, Sum: 0, Workers: 8
[12.553s][info ][gc,phases      ] GC(43)   Evacuate Collection Set: 0.4ms
[12.553s][debug][gc,phases      ] GC(43)     Ext Root Scanning (ms):   Min:  0.0, Avg:  0.0, Max:  0.1, Diff:  0.1, Sum:  0.2, Workers: 8
[12.553s][debug][gc,phases      ] GC(43)     Scan Heap Roots (ms):     Min:  0.0, Avg:  0.0, Max:  0.0, Diff:  0.0, Sum:  0.1, Workers: 8
[12.553s][debug][gc,phases      ] GC(43)       Scanned Cards:            Min: 0, Avg:  8.8, Max: 16, Diff: 16, Sum: 70, Workers: 8
[12.553s][debug][gc,phases      ] GC(43)       Scanned Blocks:           Min: 0, Avg:  6.9, Max: 12, Diff: 12, Sum: 55, Workers: 8
[12.553s][debug][gc,phases      ] GC(43)       Claimed Chunks:           Min: 0, Avg:  2.4, Max: 5, Diff: 5, Sum: 19, Workers: 8
[12.553s][debug][gc,phases      ] GC(43)     Code Root Scan (ms):      Min:  0.0, Avg:  0.0, Max:  0.0, Diff:  0.0, Sum:  0.0, Workers: 8
[12.553s][debug][gc,phases      ] GC(43)     Object Copy (ms):         Min:  0.0, Avg:  0.2, Max:  0.2, Diff:  0.2, Sum:  1.3, Workers: 8
[12.553s][debug][gc,phases      ] GC(43)     Termination (ms):         Min:  0.0, Avg:  0.0, Max:  0.1, Diff:  0.1, Sum:  0.3, Workers: 8
[12.553s][debug][gc,phases      ] GC(43)       Termination Attempts:     Min: 1, Avg:  1.0, Max: 1, Diff: 0, Sum: 8, Workers: 8
[12.553s][debug][gc,phases      ] GC(43)     GC Worker Other (ms):     Min:  0.0, Avg:  0.0, Max:  0.0, Diff:  0.0, Sum:  0.2, Workers: 8
[12.553s][debug][gc,phases      ] GC(43)     GC Worker Total (ms):     Min:  0.1, Avg:  0.3, Max:  0.4, Diff:  0.3, Sum:  2.2, Workers: 8
[12.553s][info ][gc,phases      ] GC(43)   Post Evacuate Collection Set: 0.4ms
[12.553s][debug][gc,phases      ] GC(43)     Code Roots Fixup: 0.0ms
[12.553s][debug][gc,phases      ] GC(43)     Clear Card Table: 0.1ms
[12.553s][debug][gc,phases      ] GC(43)     Reference Processing: 0.0ms
[12.553s][debug][gc,phases,ref  ] GC(43)       Reconsider SoftReferences: 0.0ms
[12.553s][debug][gc,phases,ref  ] GC(43)         SoftRef (ms):             skipped
[12.553s][debug][gc,phases,ref  ] GC(43)       Notify Soft/WeakReferences: 0.0ms
[12.553s][debug][gc,phases,ref  ] GC(43)         SoftRef (ms):             Min:  0.0, Avg:  0.0, Max:  0.0, Diff:  0.0, Sum:  0.0, Workers: 1
[12.553s][debug][gc,phases,ref  ] GC(43)         WeakRef (ms):             Min:  0.0, Avg:  0.0, Max:  0.0, Diff:  0.0, Sum:  0.0, Workers: 1
[12.553s][debug][gc,phases,ref  ] GC(43)         FinalRef (ms):            Min:  0.0, Avg:  0.0, Max:  0.0, Diff:  0.0, Sum:  0.0, Workers: 1
[12.553s][debug][gc,phases,ref  ] GC(43)         Total (ms):               Min:  0.0, Avg:  0.0, Max:  0.0, Diff:  0.0, Sum:  0.0, Workers: 1
[12.553s][debug][gc,phases,ref  ] GC(43)       Notify and keep alive finalizable: 0.0ms
[12.553s][debug][gc,phases,ref  ] GC(43)         FinalRef (ms):            skipped
[12.553s][debug][gc,phases,ref  ] GC(43)       Notify PhantomReferences: 0.0ms
[12.553s][debug][gc,phases,ref  ] GC(43)         PhantomRef (ms):          Min:  0.0, Avg:  0.0, Max:  0.0, Diff:  0.0, Sum:  0.0, Workers: 1
[12.553s][debug][gc,phases,ref  ] GC(43)       SoftReference:
[12.553s][debug][gc,phases,ref  ] GC(43)         Discovered: 0
[12.553s][debug][gc,phases,ref  ] GC(43)         Cleared: 0
[12.553s][debug][gc,phases,ref  ] GC(43)       WeakReference:
[12.553s][debug][gc,phases,ref  ] GC(43)         Discovered: 2
[12.553s][debug][gc,phases,ref  ] GC(43)         Cleared: 0
[12.553s][debug][gc,phases,ref  ] GC(43)       FinalReference:
[12.553s][debug][gc,phases,ref  ] GC(43)         Discovered: 0
[12.553s][debug][gc,phases,ref  ] GC(43)         Cleared: 0
[12.553s][debug][gc,phases,ref  ] GC(43)       PhantomReference:
[12.553s][debug][gc,phases,ref  ] GC(43)         Discovered: 38
[12.553s][debug][gc,phases,ref  ] GC(43)         Cleared: 38
[12.553s][debug][gc,phases      ] GC(43)     Weak Processing: 0.1ms
[12.553s][debug][gc,phases      ] GC(43)       JVMTI weak processing: 0.0ms
[12.553s][debug][gc,phases      ] GC(43)         Dead: 0
[12.553s][debug][gc,phases      ] GC(43)         Total: 0
[12.553s][debug][gc,phases      ] GC(43)       JFR weak processing: 0.0ms
[12.553s][debug][gc,phases      ] GC(43)         Dead: 0
[12.553s][debug][gc,phases      ] GC(43)         Total: 0
[12.553s][debug][gc,phases      ] GC(43)       JNI weak                  Min:  0.0, Avg:  0.0, Max:  0.0, Diff:  0.0, Sum:  0.0, Workers: 5
[12.553s][debug][gc,phases      ] GC(43)         Dead                      Min: 0, Avg:  0.0, Max: 0, Diff: 0, Sum: 0, Workers: 5
[12.553s][debug][gc,phases      ] GC(43)         Total                     Min: 0, Avg: 51.0, Max: 191, Diff: 191, Sum: 255, Workers: 5
[12.553s][debug][gc,phases      ] GC(43)       VM weak                   Min:  0.0, Avg:  0.0, Max:  0.0, Diff:  0.0, Sum:  0.0, Workers: 5
[12.553s][debug][gc,phases      ] GC(43)         Dead                      Min: 0, Avg:  0.0, Max: 0, Diff: 0, Sum: 0, Workers: 5
[12.553s][debug][gc,phases      ] GC(43)         Total                     Min: 0, Avg: 42.4, Max: 128, Diff: 128, Sum: 212, Workers: 5
[12.553s][debug][gc,phases      ] GC(43)       StringTable weak          Min:  0.0, Avg:  0.0, Max:  0.0, Diff:  0.0, Sum:  0.1, Workers: 5
[12.553s][debug][gc,phases      ] GC(43)         Dead                      Min: 0, Avg:  0.0, Max: 0, Diff: 0, Sum: 0, Workers: 5
[12.553s][debug][gc,phases      ] GC(43)         Total                     Min: 512, Avg: 693.2, Max: 832, Diff: 320, Sum: 3466, Workers: 5
[12.553s][debug][gc,phases      ] GC(43)       ResolvedMethodTable weak  Min:  0.0, Avg:  0.0, Max:  0.0, Diff:  0.0, Sum:  0.0, Workers: 5
[12.553s][debug][gc,phases      ] GC(43)         Dead                      Min: 0, Avg:  0.0, Max: 0, Diff: 0, Sum: 0, Workers: 5
[12.553s][debug][gc,phases      ] GC(43)         Total                     Min: 64, Avg: 114.6, Max: 128, Diff: 64, Sum: 573, Workers: 5
[12.553s][debug][gc,phases      ] GC(43)     Merge Per-Thread State: 0.0ms
[12.553s][debug][gc,phases      ] GC(43)       Copied Bytes              Min: 48, Avg: 279921.0, Max: 559744, Diff: 559696, Sum: 2239368, Workers: 8
[12.553s][debug][gc,phases      ] GC(43)       LAB Waste                 Min: 0, Avg: 180.0, Max: 416, Diff: 416, Sum: 1440, Workers: 8
[12.553s][debug][gc,phases      ] GC(43)       LAB Undo Waste            Min: 0, Avg:  0.0, Max: 0, Diff: 0, Sum: 0, Workers: 8
[12.553s][debug][gc,phases      ] GC(43)     Code Roots Purge: 0.0ms
[12.553s][debug][gc,phases      ] GC(43)     Redirty Cards: 0.0ms
[12.553s][debug][gc,phases      ] GC(43)     DerivedPointerTable Update: 0.0ms
[12.553s][debug][gc,phases      ] GC(43)     Free Collection Set: 0.1ms
[12.553s][debug][gc,phases      ] GC(43)     Rebuild Free List: 0.0ms
[12.553s][debug][gc,phases      ] GC(43)     Humongous Reclaim: 0.0ms
[12.553s][debug][gc,phases      ] GC(43)     Start New Collection Set: 0.0ms
[12.553s][debug][gc,phases      ] GC(43)     Resize TLABs: 0.0ms
[12.553s][debug][gc,phases      ] GC(43)     Expand Heap After Collection: 0.0ms
[12.553s][info ][gc,phases      ] GC(43)   Other: 0.4ms
[12.553s][info ][gc,heap        ] GC(43) Eden regions: 196->0(197)
[12.553s][info ][gc,heap        ] GC(43) Survivor regions: 3->2(25)
[12.553s][info ][gc,heap        ] GC(43) Old regions: 8->8
[12.553s][info ][gc,heap        ] GC(43) Archive regions: 2->2
[12.553s][info ][gc,heap        ] GC(43) Humongous regions: 0->0
[12.553s][info ][gc,metaspace   ] GC(43) Metaspace: 10243K(10880K)->10243K(10880K) NonClass: 9092K(9472K)->9092K(9472K) Class: 1151K(1408K)->1151K(1408K)
[12.553s][debug][gc,heap        ] GC(43) Heap after GC invocations=44 (full 1): garbage-first heap   total 340992K, used 7231K [0x0000000700000000, 0x0000000800000000)
[12.553s][debug][gc,heap        ] GC(43)   region size 1024K, 2 young (2048K), 2 survivors (2048K)
[12.553s][debug][gc,heap        ] GC(43)  Metaspace       used 10243K, capacity 10561K, committed 10880K, reserved 1058816K
[12.553s][debug][gc,heap        ] GC(43)   class space    used 1151K, capacity 1266K, committed 1408K, reserved 1048576K
[12.553s][info ][gc             ] GC(43) Pause Young (Normal) (G1 Evacuation Pause) 203M->7M(333M) 2.133ms
[12.553s][info ][gc,cpu         ] GC(43) User=0.00s Sys=0.00s Real=0.00s
[12.553s][info ][safepoint      ] Safepoint "G1CollectForAllocation", Time since last: 430100152 ns, Reaching safepoint: 121326 ns, At safepoint: 2348957 ns, Total: 2470283 ns
[12.989s][debug][gc,heap        ] GC(44) Heap before GC invocations=44 (full 1): garbage-first heap   total 340992K, used 207935K [0x0000000700000000, 0x0000000800000000)
[12.989s][debug][gc,heap        ] GC(44)   region size 1024K, 199 young (203776K), 2 survivors (2048K)
[12.989s][debug][gc,heap        ] GC(44)  Metaspace       used 10245K, capacity 10561K, committed 10880K, reserved 1058816K
[12.989s][debug][gc,heap        ] GC(44)   class space    used 1151K, capacity 1266K, committed 1408K, reserved 1048576K
[12.989s][info ][gc,start       ] GC(44) Pause Young (Normal) (G1 Evacuation Pause)
[12.989s][info ][gc,task        ] GC(44) Using 8 workers of 8 for evacuation
[12.989s][debug][gc,tlab        ] GC(44) TLAB totals: thrds: 9  refills: 804 max: 111 slow allocs: 2 max 2 waste:  1.1% gc: 1827760B max: 477240B slow: 464576B max: 64336B fast: 0B max: 0B
[12.990s][debug][gc,age         ] GC(44) Desired survivor size 13107200 bytes, new threshold 15 (max threshold 15)
[12.990s][debug][gc,alloc,region] GC(44) Mutator Allocation stats, regions: 197, wasted size: 1184B ( 0.0%)
[12.990s][debug][gc,ergo        ] GC(44) Running G1 Merge Heap Roots using 8 workers for 199 regions
[12.990s][debug][gc,remset      ] GC(44) Visited cards 5120 Total dirty 14336 (35.71%) Total old 835584 (0.61%)
[12.990s][debug][gc,ergo        ] GC(44) Running G1 Clear Card Table Task using 1 workers for 1 units of work for 206 regions.
[12.990s][debug][gc,ref         ] GC(44) Skipped phase1 of Reference Processing due to unavailable references
[12.990s][debug][gc,ref         ] GC(44) Skipped phase3 of Reference Processing due to unavailable references
[12.990s][debug][gc,ergo        ] GC(44) Running G1 Free Collection Set using 8 workers for collection set length 199 (333)
[12.991s][debug][gc,ergo        ] GC(44) Running G1 Rebuild Free List Task using 8 workers for rebuilding free list of 0 (4096) regions
[12.991s][trace][gc,age         ] GC(44) Age table with threshold 15 (max threshold 15)
[12.991s][trace][gc,age         ] GC(44) - age   1:      85552 bytes,      85552 total
[12.991s][trace][gc,age         ] GC(44) - age   2:      81248 bytes,     166800 total
[12.991s][trace][gc,age         ] GC(44) - age   3:     243896 bytes,     410696 total
[12.991s][trace][gc,age         ] GC(44) - age   4:        672 bytes,     411368 total
[12.991s][trace][gc,age         ] GC(44) - age   5:     244168 bytes,     655536 total
[12.991s][trace][gc,age         ] GC(44) - age   6:      81432 bytes,     736968 total
[12.991s][trace][gc,age         ] GC(44) - age   8:     282688 bytes,    1019656 total
[12.991s][trace][gc,age         ] GC(44) - age   9:     162576 bytes,    1182232 total
[12.991s][trace][gc,age         ] GC(44) - age  11:     241376 bytes,    1423608 total
[12.991s][trace][gc,age         ] GC(44) - age  12:       1600 bytes,    1425208 total
[12.991s][trace][gc,age         ] GC(44) - age  13:     250040 bytes,    1675248 total
[12.991s][trace][gc,age         ] GC(44) - age  15:     243944 bytes,    1919192 total
[12.991s][debug][gc,plab        ] GC(44) Young PLAB allocation: allocated: 117360B, wasted: 1448B, unused: 10384B, used: 105528B, undo waste: 0B, 
[12.991s][debug][gc,plab        ] GC(44) Young other allocation: region end waste: 8080B, regions filled: 2, direct allocated: 1813664B, failure used: 0B, failure wasted: 0B
[12.991s][debug][gc,plab        ] GC(44) Young sizing: calculated: 19488B, actual: 19832B
[12.991s][debug][gc,plab        ] GC(44) Old PLAB allocation: allocated: 14448B, wasted: 32B, unused: 6776B, used: 7640B, undo waste: 0B, 
[12.991s][debug][gc,plab        ] GC(44) Old other allocation: region end waste: 16800B, regions filled: 2, direct allocated: 153664B, failure used: 0B, failure wasted: 0B
[12.991s][debug][gc,plab        ] GC(44) Old sizing: calculated: 0B, actual: 2064B
[12.991s][debug][gc,ihop        ] GC(44) Basic information (value update), threshold: 157129113B (45.00), target occupancy: 349175808B, current occupancy: 7521784B, recent allocation size: 14448B, recent allocation duration: 437.02ms, recent old gen allocation rate: 33060.28B/s, recent marking phase length: 0.00ms
[12.991s][debug][gc,ihop        ] GC(44) Adaptive IHOP information (value update), threshold: 157129113B (47.37), internal target occupancy: 331717017B, occupancy: 7521784B, additional buffer size: 208666624B, predicted old gen allocation rate: 54589.68B/s, predicted marking phase length: 0.00ms, prediction active: false
[12.991s][debug][gc,ergo,refine ] GC(44) Concurrent refinement times: Logged Cards Scan time goal: 20.00ms Logged Cards Scan time: 0.02ms HCC time: 0.00ms
[12.991s][debug][gc,ergo,refine ] GC(44) Updated Refinement Zones: green: 2048, yellow: 6144, red: 10240
[12.991s][info ][gc,phases      ] GC(44)   Pre Evacuate Collection Set: 0.1ms
[12.991s][debug][gc,phases      ] GC(44)     Prepare TLABs: 0.0ms
[12.991s][debug][gc,phases      ] GC(44)     Choose Collection Set: 0.0ms
[12.991s][debug][gc,phases      ] GC(44)     Region Register: 0.1ms
[12.991s][debug][gc,phases      ] GC(44)     Prepare Heap Roots: 0.0ms
[12.991s][info ][gc,phases      ] GC(44)   Merge Heap Roots: 0.1ms
[12.991s][debug][gc,phases      ] GC(44)     Prepare Merge Heap Roots: 0.0ms
[12.991s][debug][gc,phases      ] GC(44)     Eager Reclaim (ms):       skipped
[12.991s][debug][gc,phases      ] GC(44)     Remembered Sets (ms):     Min:  0.0, Avg:  0.0, Max:  0.0, Diff:  0.0, Sum:  0.0, Workers: 8
[12.991s][debug][gc,phases      ] GC(44)       Merged Sparse:            Min: 0, Avg:  0.0, Max: 0, Diff: 0, Sum: 0, Workers: 8
[12.991s][debug][gc,phases      ] GC(44)       Merged Fine:              Min: 0, Avg:  0.0, Max: 0, Diff: 0, Sum: 0, Workers: 8
[12.991s][debug][gc,phases      ] GC(44)       Merged Coarse:            Min: 0, Avg:  0.0, Max: 0, Diff: 0, Sum: 0, Workers: 8
[12.991s][debug][gc,phases      ] GC(44)       Dirty Cards:              Min: 0, Avg:  0.0, Max: 0, Diff: 0, Sum: 0, Workers: 8
[12.991s][debug][gc,phases      ] GC(44)     Hot Card Cache (ms):      Min:  0.0, Avg:  0.0, Max:  0.0, Diff:  0.0, Sum:  0.0, Workers: 8
[12.991s][debug][gc,phases      ] GC(44)       Dirty Cards:              Min: 0, Avg:  0.0, Max: 0, Diff: 0, Sum: 0, Workers: 8
[12.991s][debug][gc,phases      ] GC(44)       Skipped Cards:            Min: 0, Avg:  0.0, Max: 0, Diff: 0, Sum: 0, Workers: 8
[12.991s][debug][gc,phases      ] GC(44)     Log Buffers (ms):         Min:  0.0, Avg:  0.0, Max:  0.0, Diff:  0.0, Sum:  0.0, Workers: 8
[12.991s][debug][gc,phases      ] GC(44)       Dirty Cards:              Min: 0, Avg:  9.4, Max: 40, Diff: 40, Sum: 75, Workers: 8
[12.991s][debug][gc,phases      ] GC(44)       Skipped Cards:            Min: 0, Avg:  0.0, Max: 0, Diff: 0, Sum: 0, Workers: 8
[12.991s][info ][gc,phases      ] GC(44)   Evacuate Collection Set: 0.4ms
[12.991s][debug][gc,phases      ] GC(44)     Ext Root Scanning (ms):   Min:  0.0, Avg:  0.0, Max:  0.1, Diff:  0.0, Sum:  0.2, Workers: 8
[12.991s][debug][gc,phases      ] GC(44)     Scan Heap Roots (ms):     Min:  0.0, Avg:  0.0, Max:  0.0, Diff:  0.0, Sum:  0.1, Workers: 8
[12.991s][debug][gc,phases      ] GC(44)       Scanned Cards:            Min: 0, Avg:  9.0, Max: 14, Diff: 14, Sum: 72, Workers: 8
[12.991s][debug][gc,phases      ] GC(44)       Scanned Blocks:           Min: 0, Avg:  6.9, Max: 12, Diff: 12, Sum: 55, Workers: 8
[12.991s][debug][gc,phases      ] GC(44)       Claimed Chunks:           Min: 0, Avg:  2.5, Max: 4, Diff: 4, Sum: 20, Workers: 8
[12.991s][debug][gc,phases      ] GC(44)     Code Root Scan (ms):      Min:  0.0, Avg:  0.0, Max:  0.0, Diff:  0.0, Sum:  0.0, Workers: 8
[12.991s][debug][gc,phases      ] GC(44)     Object Copy (ms):         Min:  0.2, Avg:  0.2, Max:  0.3, Diff:  0.0, Sum:  1.8, Workers: 8
[12.991s][debug][gc,phases      ] GC(44)     Termination (ms):         Min:  0.0, Avg:  0.1, Max:  0.1, Diff:  0.0, Sum:  0.4, Workers: 8
[12.991s][debug][gc,phases      ] GC(44)       Termination Attempts:     Min: 1, Avg:  1.0, Max: 1, Diff: 0, Sum: 8, Workers: 8
[12.991s][debug][gc,phases      ] GC(44)     GC Worker Other (ms):     Min:  0.0, Avg:  0.0, Max:  0.0, Diff:  0.0, Sum:  0.1, Workers: 8
[12.991s][debug][gc,phases      ] GC(44)     GC Worker Total (ms):     Min:  0.3, Avg:  0.3, Max:  0.4, Diff:  0.1, Sum:  2.8, Workers: 8
[12.991s][info ][gc,phases      ] GC(44)   Post Evacuate Collection Set: 0.5ms
[12.991s][debug][gc,phases      ] GC(44)     Code Roots Fixup: 0.0ms
[12.991s][debug][gc,phases      ] GC(44)     Clear Card Table: 0.1ms
[12.991s][debug][gc,phases      ] GC(44)     Reference Processing: 0.0ms
[12.991s][debug][gc,phases,ref  ] GC(44)       Reconsider SoftReferences: 0.0ms
[12.991s][debug][gc,phases,ref  ] GC(44)         SoftRef (ms):             skipped
[12.991s][debug][gc,phases,ref  ] GC(44)       Notify Soft/WeakReferences: 0.0ms
[12.991s][debug][gc,phases,ref  ] GC(44)         SoftRef (ms):             Min:  0.0, Avg:  0.0, Max:  0.0, Diff:  0.0, Sum:  0.0, Workers: 1
[12.991s][debug][gc,phases,ref  ] GC(44)         WeakRef (ms):             Min:  0.0, Avg:  0.0, Max:  0.0, Diff:  0.0, Sum:  0.0, Workers: 1
[12.991s][debug][gc,phases,ref  ] GC(44)         FinalRef (ms):            Min:  0.0, Avg:  0.0, Max:  0.0, Diff:  0.0, Sum:  0.0, Workers: 1
[12.991s][debug][gc,phases,ref  ] GC(44)         Total (ms):               Min:  0.0, Avg:  0.0, Max:  0.0, Diff:  0.0, Sum:  0.0, Workers: 1
[12.991s][debug][gc,phases,ref  ] GC(44)       Notify and keep alive finalizable: 0.0ms
[12.991s][debug][gc,phases,ref  ] GC(44)         FinalRef (ms):            skipped
[12.991s][debug][gc,phases,ref  ] GC(44)       Notify PhantomReferences: 0.0ms
[12.991s][debug][gc,phases,ref  ] GC(44)         PhantomRef (ms):          Min:  0.0, Avg:  0.0, Max:  0.0, Diff:  0.0, Sum:  0.0, Workers: 1
[12.991s][debug][gc,phases,ref  ] GC(44)       SoftReference:
[12.991s][debug][gc,phases,ref  ] GC(44)         Discovered: 0
[12.991s][debug][gc,phases,ref  ] GC(44)         Cleared: 0
[12.991s][debug][gc,phases,ref  ] GC(44)       WeakReference:
[12.991s][debug][gc,phases,ref  ] GC(44)         Discovered: 2
[12.991s][debug][gc,phases,ref  ] GC(44)         Cleared: 0
[12.991s][debug][gc,phases,ref  ] GC(44)       FinalReference:
[12.991s][debug][gc,phases,ref  ] GC(44)         Discovered: 0
[12.991s][debug][gc,phases,ref  ] GC(44)         Cleared: 0
[12.991s][debug][gc,phases,ref  ] GC(44)       PhantomReference:
[12.991s][debug][gc,phases,ref  ] GC(44)         Discovered: 40
[12.991s][debug][gc,phases,ref  ] GC(44)         Cleared: 40
[12.991s][debug][gc,phases      ] GC(44)     Weak Processing: 0.1ms
[12.991s][debug][gc,phases      ] GC(44)       JVMTI weak processing: 0.0ms
[12.991s][debug][gc,phases      ] GC(44)         Dead: 0
[12.991s][debug][gc,phases      ] GC(44)         Total: 0
[12.991s][debug][gc,phases      ] GC(44)       JFR weak processing: 0.0ms
[12.991s][debug][gc,phases      ] GC(44)         Dead: 0
[12.991s][debug][gc,phases      ] GC(44)         Total: 0
[12.991s][debug][gc,phases      ] GC(44)       JNI weak                  Min:  0.0, Avg:  0.0, Max:  0.0, Diff:  0.0, Sum:  0.1, Workers: 5
[12.991s][debug][gc,phases      ] GC(44)         Dead                      Min: 0, Avg:  0.0, Max: 0, Diff: 0, Sum: 0, Workers: 5
[12.991s][debug][gc,phases      ] GC(44)         Total                     Min: 0, Avg: 51.8, Max: 259, Diff: 259, Sum: 259, Workers: 5
[12.991s][debug][gc,phases      ] GC(44)       VM weak                   Min:  0.0, Avg:  0.0, Max:  0.0, Diff:  0.0, Sum:  0.0, Workers: 5
[12.991s][debug][gc,phases      ] GC(44)         Dead                      Min: 0, Avg:  0.0, Max: 0, Diff: 0, Sum: 0, Workers: 5
[12.991s][debug][gc,phases      ] GC(44)         Total                     Min: 0, Avg: 42.4, Max: 212, Diff: 212, Sum: 212, Workers: 5
[12.991s][debug][gc,phases      ] GC(44)       StringTable weak          Min:  0.0, Avg:  0.0, Max:  0.0, Diff:  0.0, Sum:  0.1, Workers: 5
[12.991s][debug][gc,phases      ] GC(44)         Dead                      Min: 0, Avg:  0.0, Max: 0, Diff: 0, Sum: 0, Workers: 5
[12.991s][debug][gc,phases      ] GC(44)         Total                     Min: 256, Avg: 693.2, Max: 1162, Diff: 906, Sum: 3466, Workers: 5
[12.991s][debug][gc,phases      ] GC(44)       ResolvedMethodTable weak  Min:  0.0, Avg:  0.0, Max:  0.0, Diff:  0.0, Sum:  0.0, Workers: 5
[12.991s][debug][gc,phases      ] GC(44)         Dead                      Min: 0, Avg:  0.0, Max: 0, Diff: 0, Sum: 0, Workers: 5
[12.991s][debug][gc,phases      ] GC(44)         Total                     Min: 64, Avg: 114.6, Max: 128, Diff: 64, Sum: 573, Workers: 5
[12.991s][debug][gc,phases      ] GC(44)     Merge Per-Thread State: 0.0ms
[12.991s][debug][gc,phases      ] GC(44)       Copied Bytes              Min: 86088, Avg: 260062.0, Max: 361600, Diff: 275512, Sum: 2080496, Workers: 8
[12.991s][debug][gc,phases      ] GC(44)       LAB Waste                 Min: 56, Avg: 185.0, Max: 360, Diff: 304, Sum: 1480, Workers: 8
[12.991s][debug][gc,phases      ] GC(44)       LAB Undo Waste            Min: 0, Avg:  0.0, Max: 0, Diff: 0, Sum: 0, Workers: 8
[12.991s][debug][gc,phases      ] GC(44)     Code Roots Purge: 0.0ms
[12.991s][debug][gc,phases      ] GC(44)     Redirty Cards: 0.0ms
[12.991s][debug][gc,phases      ] GC(44)     DerivedPointerTable Update: 0.0ms
[12.991s][debug][gc,phases      ] GC(44)     Free Collection Set: 0.2ms
[12.991s][debug][gc,phases      ] GC(44)     Rebuild Free List: 0.1ms
[12.991s][debug][gc,phases      ] GC(44)     Humongous Reclaim: 0.0ms
[12.991s][debug][gc,phases      ] GC(44)     Start New Collection Set: 0.0ms
[12.991s][debug][gc,phases      ] GC(44)     Resize TLABs: 0.0ms
[12.991s][debug][gc,phases      ] GC(44)     Expand Heap After Collection: 0.0ms
[12.991s][info ][gc,phases      ] GC(44)   Other: 0.3ms
[12.991s][info ][gc,heap        ] GC(44) Eden regions: 197->0(197)
[12.991s][info ][gc,heap        ] GC(44) Survivor regions: 2->2(25)
[12.991s][info ][gc,heap        ] GC(44) Old regions: 8->9
[12.991s][info ][gc,heap        ] GC(44) Archive regions: 2->2
[12.991s][info ][gc,heap        ] GC(44) Humongous regions: 0->0
[12.991s][info ][gc,metaspace   ] GC(44) Metaspace: 10245K(10880K)->10245K(10880K) NonClass: 9094K(9472K)->9094K(9472K) Class: 1151K(1408K)->1151K(1408K)
[12.991s][debug][gc,heap        ] GC(44) Heap after GC invocations=45 (full 1): garbage-first heap   total 340992K, used 7345K [0x0000000700000000, 0x0000000800000000)
[12.991s][debug][gc,heap        ] GC(44)   region size 1024K, 2 young (2048K), 2 survivors (2048K)
[12.991s][debug][gc,heap        ] GC(44)  Metaspace       used 10245K, capacity 10561K, committed 10880K, reserved 1058816K
[12.991s][debug][gc,heap        ] GC(44)   class space    used 1151K, capacity 1266K, committed 1408K, reserved 1048576K
[12.991s][info ][gc             ] GC(44) Pause Young (Normal) (G1 Evacuation Pause) 204M->7M(333M) 1.948ms
[12.991s][info ][gc,cpu         ] GC(44) User=0.00s Sys=0.00s Real=0.00s
[12.992s][info ][safepoint      ] Safepoint "G1CollectForAllocation", Time since last: 435668926 ns, Reaching safepoint: 272098 ns, At safepoint: 2122529 ns, Total: 2394627 ns
[13.452s][debug][gc,heap        ] GC(45) Heap before GC invocations=45 (full 1): garbage-first heap   total 340992K, used 208049K [0x0000000700000000, 0x0000000800000000)
[13.452s][debug][gc,heap        ] GC(45)   region size 1024K, 199 young (203776K), 2 survivors (2048K)
[13.452s][debug][gc,heap        ] GC(45)  Metaspace       used 10274K, capacity 10561K, committed 10880K, reserved 1058816K
[13.452s][debug][gc,heap        ] GC(45)   class space    used 1151K, capacity 1266K, committed 1408K, reserved 1048576K
[13.452s][info ][gc,start       ] GC(45) Pause Young (Normal) (G1 Evacuation Pause)
[13.452s][info ][gc,task        ] GC(45) Using 8 workers of 8 for evacuation
[13.452s][debug][gc,tlab        ] GC(45) TLAB totals: thrds: 10  refills: 829 max: 114 slow allocs: 11 max 11 waste:  0.9% gc: 1399200B max: 374512B slow: 479144B max: 65832B fast: 0B max: 0B
[13.452s][debug][gc,age         ] GC(45) Desired survivor size 13107200 bytes, new threshold 15 (max threshold 15)
[13.452s][debug][gc,alloc,region] GC(45) Mutator Allocation stats, regions: 197, wasted size: 0B ( 0.0%)
[13.453s][debug][gc,ergo        ] GC(45) Running G1 Merge Heap Roots using 8 workers for 199 regions
[13.453s][debug][gc,remset      ] GC(45) Visited cards 5888 Total dirty 16384 (35.94%) Total old 837632 (0.70%)
[13.453s][debug][gc,ergo        ] GC(45) Running G1 Clear Card Table Task using 1 workers for 1 units of work for 207 regions.
[13.453s][debug][gc,ref         ] GC(45) Skipped phase1 of Reference Processing due to unavailable references
[13.453s][debug][gc,ref         ] GC(45) Skipped phase3 of Reference Processing due to unavailable references
[13.453s][debug][gc,ergo        ] GC(45) Running G1 Free Collection Set using 8 workers for collection set length 199 (333)
[13.454s][debug][gc,ergo        ] GC(45) Running G1 Rebuild Free List Task using 8 workers for rebuilding free list of 0 (4096) regions
[13.454s][trace][gc,age         ] GC(45) Age table with threshold 15 (max threshold 15)
[13.454s][trace][gc,age         ] GC(45) - age   1:     262752 bytes,     262752 total
[13.454s][trace][gc,age         ] GC(45) - age   2:      83112 bytes,     345864 total
[13.454s][trace][gc,age         ] GC(45) - age   3:      81216 bytes,     427080 total
[13.454s][trace][gc,age         ] GC(45) - age   4:     243896 bytes,     670976 total
[13.454s][trace][gc,age         ] GC(45) - age   5:        672 bytes,     671648 total
[13.454s][trace][gc,age         ] GC(45) - age   6:     244168 bytes,     915816 total
[13.454s][trace][gc,age         ] GC(45) - age   7:      81432 bytes,     997248 total
[13.454s][trace][gc,age         ] GC(45) - age   9:     282688 bytes,    1279936 total
[13.454s][trace][gc,age         ] GC(45) - age  10:     162576 bytes,    1442512 total
[13.454s][trace][gc,age         ] GC(45) - age  12:     241376 bytes,    1683888 total
[13.454s][trace][gc,age         ] GC(45) - age  13:       1600 bytes,    1685488 total
[13.454s][trace][gc,age         ] GC(45) - age  14:     242968 bytes,    1928456 total
[13.454s][debug][gc,plab        ] GC(45) Young PLAB allocation: allocated: 113712B, wasted: 1496B, unused: 7072B, used: 105144B, undo waste: 0B, 
[13.454s][debug][gc,plab        ] GC(45) Young other allocation: region end waste: 24376B, regions filled: 2, direct allocated: 1823312B, failure used: 0B, failure wasted: 0B
[13.454s][debug][gc,plab        ] GC(45) Young sizing: calculated: 16152B, actual: 17072B
[13.454s][debug][gc,plab        ] GC(45) Old PLAB allocation: allocated: 22704B, wasted: 168B, unused: 10128B, used: 12408B, undo waste: 38416B, 
[13.454s][debug][gc,plab        ] GC(45) Old other allocation: region end waste: 0B, regions filled: 1, direct allocated: 268912B, failure used: 0B, failure wasted: 0B
[13.454s][debug][gc,plab        ] GC(45) Old sizing: calculated: 2480B, actual: 2064B
[13.454s][debug][gc,ihop        ] GC(45) Basic information (value update), threshold: 157129113B (45.00), target occupancy: 349175808B, current occupancy: 7835920B, recent allocation size: 22704B, recent allocation duration: 461.55ms, recent old gen allocation rate: 49190.77B/s, recent marking phase length: 0.00ms
[13.454s][debug][gc,ihop        ] GC(45) Adaptive IHOP information (value update), threshold: 157129113B (47.37), internal target occupancy: 331717017B, occupancy: 7835920B, additional buffer size: 208666624B, predicted old gen allocation rate: 55103.50B/s, predicted marking phase length: 0.00ms, prediction active: false
[13.454s][debug][gc,ergo,refine ] GC(45) Concurrent refinement times: Logged Cards Scan time goal: 20.00ms Logged Cards Scan time: 0.03ms HCC time: 0.00ms
[13.454s][debug][gc,ergo,refine ] GC(45) Updated Refinement Zones: green: 2048, yellow: 6144, red: 10240
[13.454s][info ][gc,phases      ] GC(45)   Pre Evacuate Collection Set: 0.1ms
[13.454s][debug][gc,phases      ] GC(45)     Prepare TLABs: 0.0ms
[13.454s][debug][gc,phases      ] GC(45)     Choose Collection Set: 0.0ms
[13.454s][debug][gc,phases      ] GC(45)     Region Register: 0.1ms
[13.454s][debug][gc,phases      ] GC(45)     Prepare Heap Roots: 0.0ms
[13.454s][info ][gc,phases      ] GC(45)   Merge Heap Roots: 0.1ms
[13.454s][debug][gc,phases      ] GC(45)     Prepare Merge Heap Roots: 0.0ms
[13.454s][debug][gc,phases      ] GC(45)     Eager Reclaim (ms):       skipped
[13.454s][debug][gc,phases      ] GC(45)     Remembered Sets (ms):     Min:  0.0, Avg:  0.0, Max:  0.0, Diff:  0.0, Sum:  0.1, Workers: 8
[13.454s][debug][gc,phases      ] GC(45)       Merged Sparse:            Min: 0, Avg:  0.0, Max: 0, Diff: 0, Sum: 0, Workers: 8
[13.454s][debug][gc,phases      ] GC(45)       Merged Fine:              Min: 0, Avg:  0.0, Max: 0, Diff: 0, Sum: 0, Workers: 8
[13.454s][debug][gc,phases      ] GC(45)       Merged Coarse:            Min: 0, Avg:  0.0, Max: 0, Diff: 0, Sum: 0, Workers: 8
[13.454s][debug][gc,phases      ] GC(45)       Dirty Cards:              Min: 0, Avg:  0.0, Max: 0, Diff: 0, Sum: 0, Workers: 8
[13.454s][debug][gc,phases      ] GC(45)     Hot Card Cache (ms):      Min:  0.0, Avg:  0.0, Max:  0.0, Diff:  0.0, Sum:  0.0, Workers: 8
[13.454s][debug][gc,phases      ] GC(45)       Dirty Cards:              Min: 0, Avg:  0.0, Max: 0, Diff: 0, Sum: 0, Workers: 8
[13.454s][debug][gc,phases      ] GC(45)       Skipped Cards:            Min: 0, Avg:  0.0, Max: 0, Diff: 0, Sum: 0, Workers: 8
[13.454s][debug][gc,phases      ] GC(45)     Log Buffers (ms):         Min:  0.0, Avg:  0.0, Max:  0.0, Diff:  0.0, Sum:  0.1, Workers: 8
[13.454s][debug][gc,phases      ] GC(45)       Dirty Cards:              Min: 0, Avg: 10.5, Max: 55, Diff: 55, Sum: 84, Workers: 8
[13.454s][debug][gc,phases      ] GC(45)       Skipped Cards:            Min: 0, Avg:  0.0, Max: 0, Diff: 0, Sum: 0, Workers: 8
[13.454s][info ][gc,phases      ] GC(45)   Evacuate Collection Set: 0.5ms
[13.454s][debug][gc,phases      ] GC(45)     Ext Root Scanning (ms):   Min:  0.0, Avg:  0.0, Max:  0.1, Diff:  0.1, Sum:  0.2, Workers: 8
[13.454s][debug][gc,phases      ] GC(45)     Scan Heap Roots (ms):     Min:  0.0, Avg:  0.0, Max:  0.0, Diff:  0.0, Sum:  0.2, Workers: 8
[13.454s][debug][gc,phases      ] GC(45)       Scanned Cards:            Min: 0, Avg: 10.4, Max: 23, Diff: 23, Sum: 83, Workers: 8
[13.454s][debug][gc,phases      ] GC(45)       Scanned Blocks:           Min: 0, Avg:  8.1, Max: 18, Diff: 18, Sum: 65, Workers: 8
[13.454s][debug][gc,phases      ] GC(45)       Claimed Chunks:           Min: 0, Avg:  2.9, Max: 5, Diff: 5, Sum: 23, Workers: 8
[13.454s][debug][gc,phases      ] GC(45)     Code Root Scan (ms):      Min:  0.0, Avg:  0.0, Max:  0.0, Diff:  0.0, Sum:  0.1, Workers: 8
[13.454s][debug][gc,phases      ] GC(45)     Object Copy (ms):         Min:  0.2, Avg:  0.3, Max:  0.3, Diff:  0.1, Sum:  2.1, Workers: 8
[13.454s][debug][gc,phases      ] GC(45)     Termination (ms):         Min:  0.0, Avg:  0.1, Max:  0.1, Diff:  0.1, Sum:  0.5, Workers: 8
[13.454s][debug][gc,phases      ] GC(45)       Termination Attempts:     Min: 1, Avg:  1.0, Max: 1, Diff: 0, Sum: 8, Workers: 8
[13.454s][debug][gc,phases      ] GC(45)     GC Worker Other (ms):     Min:  0.0, Avg:  0.0, Max:  0.0, Diff:  0.0, Sum:  0.2, Workers: 8
[13.454s][debug][gc,phases      ] GC(45)     GC Worker Total (ms):     Min:  0.4, Avg:  0.4, Max:  0.4, Diff:  0.1, Sum:  3.2, Workers: 8
[13.454s][info ][gc,phases      ] GC(45)   Post Evacuate Collection Set: 0.4ms
[13.454s][debug][gc,phases      ] GC(45)     Code Roots Fixup: 0.0ms
[13.454s][debug][gc,phases      ] GC(45)     Clear Card Table: 0.1ms
[13.454s][debug][gc,phases      ] GC(45)     Reference Processing: 0.0ms
[13.454s][debug][gc,phases,ref  ] GC(45)       Reconsider SoftReferences: 0.0ms
[13.454s][debug][gc,phases,ref  ] GC(45)         SoftRef (ms):             skipped
[13.454s][debug][gc,phases,ref  ] GC(45)       Notify Soft/WeakReferences: 0.0ms
[13.454s][debug][gc,phases,ref  ] GC(45)         SoftRef (ms):             Min:  0.0, Avg:  0.0, Max:  0.0, Diff:  0.0, Sum:  0.0, Workers: 1
[13.454s][debug][gc,phases,ref  ] GC(45)         WeakRef (ms):             Min:  0.0, Avg:  0.0, Max:  0.0, Diff:  0.0, Sum:  0.0, Workers: 1
[13.454s][debug][gc,phases,ref  ] GC(45)         FinalRef (ms):            Min:  0.0, Avg:  0.0, Max:  0.0, Diff:  0.0, Sum:  0.0, Workers: 1
[13.454s][debug][gc,phases,ref  ] GC(45)         Total (ms):               Min:  0.0, Avg:  0.0, Max:  0.0, Diff:  0.0, Sum:  0.0, Workers: 1
[13.454s][debug][gc,phases,ref  ] GC(45)       Notify and keep alive finalizable: 0.0ms
[13.454s][debug][gc,phases,ref  ] GC(45)         FinalRef (ms):            skipped
[13.454s][debug][gc,phases,ref  ] GC(45)       Notify PhantomReferences: 0.0ms
[13.454s][debug][gc,phases,ref  ] GC(45)         PhantomRef (ms):          Min:  0.0, Avg:  0.0, Max:  0.0, Diff:  0.0, Sum:  0.0, Workers: 1
[13.454s][debug][gc,phases,ref  ] GC(45)       SoftReference:
[13.454s][debug][gc,phases,ref  ] GC(45)         Discovered: 0
[13.454s][debug][gc,phases,ref  ] GC(45)         Cleared: 0
[13.454s][debug][gc,phases,ref  ] GC(45)       WeakReference:
[13.454s][debug][gc,phases,ref  ] GC(45)         Discovered: 2
[13.454s][debug][gc,phases,ref  ] GC(45)         Cleared: 0
[13.454s][debug][gc,phases,ref  ] GC(45)       FinalReference:
[13.454s][debug][gc,phases,ref  ] GC(45)         Discovered: 0
[13.454s][debug][gc,phases,ref  ] GC(45)         Cleared: 0
[13.454s][debug][gc,phases,ref  ] GC(45)       PhantomReference:
[13.454s][debug][gc,phases,ref  ] GC(45)         Discovered: 39
[13.454s][debug][gc,phases,ref  ] GC(45)         Cleared: 39
[13.454s][debug][gc,phases      ] GC(45)     Weak Processing: 0.1ms
[13.454s][debug][gc,phases      ] GC(45)       JVMTI weak processing: 0.0ms
[13.454s][debug][gc,phases      ] GC(45)         Dead: 0
[13.454s][debug][gc,phases      ] GC(45)         Total: 0
[13.454s][debug][gc,phases      ] GC(45)       JFR weak processing: 0.0ms
[13.454s][debug][gc,phases      ] GC(45)         Dead: 0
[13.454s][debug][gc,phases      ] GC(45)         Total: 0
[13.454s][debug][gc,phases      ] GC(45)       JNI weak                  Min:  0.0, Avg:  0.0, Max:  0.0, Diff:  0.0, Sum:  0.0, Workers: 5
[13.454s][debug][gc,phases      ] GC(45)         Dead                      Min: 0, Avg:  0.0, Max: 0, Diff: 0, Sum: 0, Workers: 5
[13.454s][debug][gc,phases      ] GC(45)         Total                     Min: 0, Avg: 54.2, Max: 128, Diff: 128, Sum: 271, Workers: 5
[13.454s][debug][gc,phases      ] GC(45)       VM weak                   Min:  0.0, Avg:  0.0, Max:  0.0, Diff:  0.0, Sum:  0.0, Workers: 5
[13.454s][debug][gc,phases      ] GC(45)         Dead                      Min: 0, Avg:  0.0, Max: 0, Diff: 0, Sum: 0, Workers: 5
[13.454s][debug][gc,phases      ] GC(45)         Total                     Min: 0, Avg: 42.4, Max: 84, Diff: 84, Sum: 212, Workers: 5
[13.454s][debug][gc,phases      ] GC(45)       StringTable weak          Min:  0.0, Avg:  0.0, Max:  0.0, Diff:  0.0, Sum:  0.1, Workers: 5
[13.454s][debug][gc,phases      ] GC(45)         Dead                      Min: 0, Avg:  0.0, Max: 0, Diff: 0, Sum: 0, Workers: 5
[13.454s][debug][gc,phases      ] GC(45)         Total                     Min: 576, Avg: 696.4, Max: 768, Diff: 192, Sum: 3482, Workers: 5
[13.454s][debug][gc,phases      ] GC(45)       ResolvedMethodTable weak  Min:  0.0, Avg:  0.0, Max:  0.0, Diff:  0.0, Sum:  0.1, Workers: 5
[13.454s][debug][gc,phases      ] GC(45)         Dead                      Min: 0, Avg:  0.0, Max: 0, Diff: 0, Sum: 0, Workers: 5
[13.454s][debug][gc,phases      ] GC(45)         Total                     Min: 0, Avg: 114.6, Max: 189, Diff: 189, Sum: 573, Workers: 5
[13.454s][debug][gc,phases      ] GC(45)     Merge Per-Thread State: 0.0ms
[13.454s][debug][gc,phases      ] GC(45)       Copied Bytes              Min: 175760, Avg: 271420.0, Max: 358336, Diff: 182576, Sum: 2171360, Workers: 8
[13.454s][debug][gc,phases      ] GC(45)       LAB Waste                 Min: 104, Avg: 208.0, Max: 456, Diff: 352, Sum: 1664, Workers: 8
[13.454s][debug][gc,phases      ] GC(45)       LAB Undo Waste            Min: 0, Avg: 4802.0, Max: 38416, Diff: 38416, Sum: 38416, Workers: 8
[13.454s][debug][gc,phases      ] GC(45)     Code Roots Purge: 0.0ms
[13.454s][debug][gc,phases      ] GC(45)     Redirty Cards: 0.0ms
[13.454s][debug][gc,phases      ] GC(45)     DerivedPointerTable Update: 0.0ms
[13.454s][debug][gc,phases      ] GC(45)     Free Collection Set: 0.1ms
[13.454s][debug][gc,phases      ] GC(45)     Rebuild Free List: 0.1ms
[13.454s][debug][gc,phases      ] GC(45)     Humongous Reclaim: 0.0ms
[13.454s][debug][gc,phases      ] GC(45)     Start New Collection Set: 0.0ms
[13.454s][debug][gc,phases      ] GC(45)     Resize TLABs: 0.0ms
[13.454s][debug][gc,phases      ] GC(45)     Expand Heap After Collection: 0.0ms
[13.454s][info ][gc,phases      ] GC(45)   Other: 0.4ms
[13.454s][info ][gc,heap        ] GC(45) Eden regions: 197->0(197)
[13.454s][info ][gc,heap        ] GC(45) Survivor regions: 2->2(25)
[13.454s][info ][gc,heap        ] GC(45) Old regions: 9->9
[13.454s][info ][gc,heap        ] GC(45) Archive regions: 2->2
[13.454s][info ][gc,heap        ] GC(45) Humongous regions: 0->0
[13.454s][info ][gc,metaspace   ] GC(45) Metaspace: 10274K(10880K)->10274K(10880K) NonClass: 9123K(9472K)->9123K(9472K) Class: 1151K(1408K)->1151K(1408K)
[13.454s][debug][gc,heap        ] GC(45) Heap after GC invocations=46 (full 1): garbage-first heap   total 340992K, used 7652K [0x0000000700000000, 0x0000000800000000)
[13.454s][debug][gc,heap        ] GC(45)   region size 1024K, 2 young (2048K), 2 survivors (2048K)
[13.454s][debug][gc,heap        ] GC(45)  Metaspace       used 10274K, capacity 10561K, committed 10880K, reserved 1058816K
[13.454s][debug][gc,heap        ] GC(45)   class space    used 1151K, capacity 1266K, committed 1408K, reserved 1048576K
[13.454s][info ][gc             ] GC(45) Pause Young (Normal) (G1 Evacuation Pause) 204M->7M(333M) 1.934ms
[13.454s][info ][gc,cpu         ] GC(45) User=0.01s Sys=0.00s Real=0.00s
[13.454s][info ][safepoint      ] Safepoint "G1CollectForAllocation", Time since last: 460454603 ns, Reaching safepoint: 237577 ns, At safepoint: 2222416 ns, Total: 2459993 ns
[13.928s][debug][gc,heap        ] GC(46) Heap before GC invocations=46 (full 1): garbage-first heap   total 340992K, used 209380K [0x0000000700000000, 0x0000000800000000)
[13.928s][debug][gc,heap        ] GC(46)   region size 1024K, 199 young (203776K), 2 survivors (2048K)
[13.928s][debug][gc,heap        ] GC(46)  Metaspace       used 10276K, capacity 10561K, committed 10880K, reserved 1058816K
[13.928s][debug][gc,heap        ] GC(46)   class space    used 1151K, capacity 1266K, committed 1408K, reserved 1048576K
[13.928s][info ][gc,start       ] GC(46) Pause Young (Normal) (G1 Evacuation Pause)
[13.928s][info ][gc,task        ] GC(46) Using 8 workers of 8 for evacuation
[13.928s][debug][gc,tlab        ] GC(46) TLAB totals: thrds: 9  refills: 802 max: 102 slow allocs: 2 max 2 waste:  0.8% gc: 1119384B max: 294720B slow: 463904B max: 59936B fast: 0B max: 0B
[13.928s][debug][gc,age         ] GC(46) Desired survivor size 13107200 bytes, new threshold 15 (max threshold 15)
[13.929s][debug][gc,alloc,region] GC(46) Mutator Allocation stats, regions: 197, wasted size: 0B ( 0.0%)
[13.929s][debug][gc,ergo        ] GC(46) Running G1 Merge Heap Roots using 8 workers for 199 regions
[13.929s][debug][gc,remset      ] GC(46) Visited cards 5632 Total dirty 16384 (34.38%) Total old 837632 (0.67%)
[13.929s][debug][gc,ergo        ] GC(46) Running G1 Clear Card Table Task using 1 workers for 1 units of work for 207 regions.
[13.929s][debug][gc,ref         ] GC(46) Skipped phase1 of Reference Processing due to unavailable references
[13.929s][debug][gc,ref         ] GC(46) Skipped phase3 of Reference Processing due to unavailable references
[13.929s][debug][gc,ergo        ] GC(46) Running G1 Free Collection Set using 8 workers for collection set length 199 (333)
[13.929s][debug][gc,ergo        ] GC(46) Running G1 Rebuild Free List Task using 8 workers for rebuilding free list of 0 (4096) regions
[13.930s][trace][gc,age         ] GC(46) Age table with threshold 15 (max threshold 15)
[13.930s][trace][gc,age         ] GC(46) - age   1:      84104 bytes,      84104 total
[13.930s][trace][gc,age         ] GC(46) - age   2:     260328 bytes,     344432 total
[13.930s][trace][gc,age         ] GC(46) - age   3:      83112 bytes,     427544 total
[13.930s][trace][gc,age         ] GC(46) - age   4:      81216 bytes,     508760 total
[13.930s][trace][gc,age         ] GC(46) - age   5:     243896 bytes,     752656 total
[13.930s][trace][gc,age         ] GC(46) - age   6:        672 bytes,     753328 total
[13.930s][trace][gc,age         ] GC(46) - age   7:     244168 bytes,     997496 total
[13.930s][trace][gc,age         ] GC(46) - age   8:      81432 bytes,    1078928 total
[13.930s][trace][gc,age         ] GC(46) - age  10:     282688 bytes,    1361616 total
[13.930s][trace][gc,age         ] GC(46) - age  11:     162576 bytes,    1524192 total
[13.930s][trace][gc,age         ] GC(46) - age  13:     241376 bytes,    1765568 total
[13.930s][trace][gc,age         ] GC(46) - age  14:       1600 bytes,    1767168 total
[13.930s][trace][gc,age         ] GC(46) - age  15:     242968 bytes,    2010136 total
[13.930s][debug][gc,plab        ] GC(46) Young PLAB allocation: allocated: 117040B, wasted: 1688B, unused: 6904B, used: 108448B, undo waste: 0B, 
[13.930s][debug][gc,plab        ] GC(46) Young other allocation: region end waste: 34872B, regions filled: 2, direct allocated: 1901688B, failure used: 0B, failure wasted: 0B
[13.930s][debug][gc,plab        ] GC(46) Young sizing: calculated: 14712B, actual: 15296B
[13.930s][debug][gc,plab        ] GC(46) Old PLAB allocation: allocated: 0B, wasted: 0B, unused: 0B, used: 0B, undo waste: 0B, 
[13.930s][debug][gc,plab        ] GC(46) Old other allocation: region end waste: 0B, regions filled: 1, direct allocated: 0B, failure used: 0B, failure wasted: 0B
[13.930s][debug][gc,plab        ] GC(46) Old sizing: calculated: 0B, actual: 2064B
[13.930s][debug][gc,ihop        ] GC(46) Basic information (value update), threshold: 157129113B (45.00), target occupancy: 349175808B, current occupancy: 7928120B, recent allocation size: 0B, recent allocation duration: 474.78ms, recent old gen allocation rate: 0.00B/s, recent marking phase length: 0.00ms
[13.930s][debug][gc,ihop        ] GC(46) Adaptive IHOP information (value update), threshold: 157129113B (47.37), internal target occupancy: 331717017B, occupancy: 7928120B, additional buffer size: 208666624B, predicted old gen allocation rate: 53183.33B/s, predicted marking phase length: 0.00ms, prediction active: false
[13.930s][debug][gc,ergo,refine ] GC(46) Concurrent refinement times: Logged Cards Scan time goal: 20.00ms Logged Cards Scan time: 0.02ms HCC time: 0.00ms
[13.930s][debug][gc,ergo,refine ] GC(46) Updated Refinement Zones: green: 2048, yellow: 6144, red: 10240
[13.930s][info ][gc,phases      ] GC(46)   Pre Evacuate Collection Set: 0.1ms
[13.930s][debug][gc,phases      ] GC(46)     Prepare TLABs: 0.0ms
[13.930s][debug][gc,phases      ] GC(46)     Choose Collection Set: 0.0ms
[13.930s][debug][gc,phases      ] GC(46)     Region Register: 0.1ms
[13.930s][debug][gc,phases      ] GC(46)     Prepare Heap Roots: 0.0ms
[13.930s][info ][gc,phases      ] GC(46)   Merge Heap Roots: 0.1ms
[13.930s][debug][gc,phases      ] GC(46)     Prepare Merge Heap Roots: 0.0ms
[13.930s][debug][gc,phases      ] GC(46)     Eager Reclaim (ms):       skipped
[13.930s][debug][gc,phases      ] GC(46)     Remembered Sets (ms):     Min:  0.0, Avg:  0.0, Max:  0.0, Diff:  0.0, Sum:  0.1, Workers: 8
[13.930s][debug][gc,phases      ] GC(46)       Merged Sparse:            Min: 0, Avg:  0.0, Max: 0, Diff: 0, Sum: 0, Workers: 8
[13.930s][debug][gc,phases      ] GC(46)       Merged Fine:              Min: 0, Avg:  0.0, Max: 0, Diff: 0, Sum: 0, Workers: 8
[13.930s][debug][gc,phases      ] GC(46)       Merged Coarse:            Min: 0, Avg:  0.0, Max: 0, Diff: 0, Sum: 0, Workers: 8
[13.930s][debug][gc,phases      ] GC(46)       Dirty Cards:              Min: 0, Avg:  0.0, Max: 0, Diff: 0, Sum: 0, Workers: 8
[13.930s][debug][gc,phases      ] GC(46)     Hot Card Cache (ms):      Min:  0.0, Avg:  0.0, Max:  0.0, Diff:  0.0, Sum:  0.0, Workers: 8
[13.930s][debug][gc,phases      ] GC(46)       Dirty Cards:              Min: 0, Avg:  0.0, Max: 0, Diff: 0, Sum: 0, Workers: 8
[13.930s][debug][gc,phases      ] GC(46)       Skipped Cards:            Min: 0, Avg:  0.0, Max: 0, Diff: 0, Sum: 0, Workers: 8
[13.930s][debug][gc,phases      ] GC(46)     Log Buffers (ms):         Min:  0.0, Avg:  0.0, Max:  0.0, Diff:  0.0, Sum:  0.0, Workers: 8
[13.930s][debug][gc,phases      ] GC(46)       Dirty Cards:              Min: 0, Avg:  9.2, Max: 52, Diff: 52, Sum: 74, Workers: 8
[13.930s][debug][gc,phases      ] GC(46)       Skipped Cards:            Min: 0, Avg:  0.0, Max: 0, Diff: 0, Sum: 0, Workers: 8
[13.930s][info ][gc,phases      ] GC(46)   Evacuate Collection Set: 0.4ms
[13.930s][debug][gc,phases      ] GC(46)     Ext Root Scanning (ms):   Min:  0.0, Avg:  0.0, Max:  0.1, Diff:  0.1, Sum:  0.3, Workers: 8
[13.930s][debug][gc,phases      ] GC(46)     Scan Heap Roots (ms):     Min:  0.0, Avg:  0.0, Max:  0.0, Diff:  0.0, Sum:  0.1, Workers: 8
[13.930s][debug][gc,phases      ] GC(46)       Scanned Cards:            Min: 0, Avg:  9.2, Max: 14, Diff: 14, Sum: 74, Workers: 8
[13.930s][debug][gc,phases      ] GC(46)       Scanned Blocks:           Min: 0, Avg:  7.6, Max: 11, Diff: 11, Sum: 61, Workers: 8
[13.930s][debug][gc,phases      ] GC(46)       Claimed Chunks:           Min: 0, Avg:  2.8, Max: 5, Diff: 5, Sum: 22, Workers: 8
[13.930s][debug][gc,phases      ] GC(46)     Code Root Scan (ms):      Min:  0.0, Avg:  0.0, Max:  0.0, Diff:  0.0, Sum:  0.1, Workers: 8
[13.930s][debug][gc,phases      ] GC(46)     Object Copy (ms):         Min:  0.2, Avg:  0.2, Max:  0.2, Diff:  0.0, Sum:  1.7, Workers: 8
[13.930s][debug][gc,phases      ] GC(46)     Termination (ms):         Min:  0.0, Avg:  0.0, Max:  0.1, Diff:  0.0, Sum:  0.4, Workers: 8
[13.930s][debug][gc,phases      ] GC(46)       Termination Attempts:     Min: 1, Avg:  1.0, Max: 1, Diff: 0, Sum: 8, Workers: 8
[13.930s][debug][gc,phases      ] GC(46)     GC Worker Other (ms):     Min:  0.0, Avg:  0.0, Max:  0.0, Diff:  0.0, Sum:  0.1, Workers: 8
[13.930s][debug][gc,phases      ] GC(46)     GC Worker Total (ms):     Min:  0.3, Avg:  0.3, Max:  0.4, Diff:  0.1, Sum:  2.7, Workers: 8
[13.930s][info ][gc,phases      ] GC(46)   Post Evacuate Collection Set: 0.4ms
[13.930s][debug][gc,phases      ] GC(46)     Code Roots Fixup: 0.0ms
[13.930s][debug][gc,phases      ] GC(46)     Clear Card Table: 0.1ms
[13.930s][debug][gc,phases      ] GC(46)     Reference Processing: 0.0ms
[13.930s][debug][gc,phases,ref  ] GC(46)       Reconsider SoftReferences: 0.0ms
[13.930s][debug][gc,phases,ref  ] GC(46)         SoftRef (ms):             skipped
[13.930s][debug][gc,phases,ref  ] GC(46)       Notify Soft/WeakReferences: 0.0ms
[13.930s][debug][gc,phases,ref  ] GC(46)         SoftRef (ms):             Min:  0.0, Avg:  0.0, Max:  0.0, Diff:  0.0, Sum:  0.0, Workers: 1
[13.930s][debug][gc,phases,ref  ] GC(46)         WeakRef (ms):             Min:  0.0, Avg:  0.0, Max:  0.0, Diff:  0.0, Sum:  0.0, Workers: 1
[13.930s][debug][gc,phases,ref  ] GC(46)         FinalRef (ms):            Min:  0.0, Avg:  0.0, Max:  0.0, Diff:  0.0, Sum:  0.0, Workers: 1
[13.930s][debug][gc,phases,ref  ] GC(46)         Total (ms):               Min:  0.0, Avg:  0.0, Max:  0.0, Diff:  0.0, Sum:  0.0, Workers: 1
[13.930s][debug][gc,phases,ref  ] GC(46)       Notify and keep alive finalizable: 0.0ms
[13.930s][debug][gc,phases,ref  ] GC(46)         FinalRef (ms):            skipped
[13.930s][debug][gc,phases,ref  ] GC(46)       Notify PhantomReferences: 0.0ms
[13.930s][debug][gc,phases,ref  ] GC(46)         PhantomRef (ms):          Min:  0.0, Avg:  0.0, Max:  0.0, Diff:  0.0, Sum:  0.0, Workers: 1
[13.930s][debug][gc,phases,ref  ] GC(46)       SoftReference:
[13.930s][debug][gc,phases,ref  ] GC(46)         Discovered: 0
[13.930s][debug][gc,phases,ref  ] GC(46)         Cleared: 0
[13.930s][debug][gc,phases,ref  ] GC(46)       WeakReference:
[13.930s][debug][gc,phases,ref  ] GC(46)         Discovered: 2
[13.930s][debug][gc,phases,ref  ] GC(46)         Cleared: 0
[13.930s][debug][gc,phases,ref  ] GC(46)       FinalReference:
[13.930s][debug][gc,phases,ref  ] GC(46)         Discovered: 0
[13.930s][debug][gc,phases,ref  ] GC(46)         Cleared: 0
[13.930s][debug][gc,phases,ref  ] GC(46)       PhantomReference:
[13.930s][debug][gc,phases,ref  ] GC(46)         Discovered: 41
[13.930s][debug][gc,phases,ref  ] GC(46)         Cleared: 41
[13.930s][debug][gc,phases      ] GC(46)     Weak Processing: 0.1ms
[13.930s][debug][gc,phases      ] GC(46)       JVMTI weak processing: 0.0ms
[13.930s][debug][gc,phases      ] GC(46)         Dead: 0
[13.930s][debug][gc,phases      ] GC(46)         Total: 0
[13.930s][debug][gc,phases      ] GC(46)       JFR weak processing: 0.0ms
[13.930s][debug][gc,phases      ] GC(46)         Dead: 0
[13.930s][debug][gc,phases      ] GC(46)         Total: 0
[13.930s][debug][gc,phases      ] GC(46)       JNI weak                  Min:  0.0, Avg:  0.0, Max:  0.0, Diff:  0.0, Sum:  0.0, Workers: 5
[13.930s][debug][gc,phases      ] GC(46)         Dead                      Min: 0, Avg:  0.0, Max: 0, Diff: 0, Sum: 0, Workers: 5
[13.930s][debug][gc,phases      ] GC(46)         Total                     Min: 0, Avg: 55.0, Max: 128, Diff: 128, Sum: 275, Workers: 5
[13.930s][debug][gc,phases      ] GC(46)       VM weak                   Min:  0.0, Avg:  0.0, Max:  0.0, Diff:  0.0, Sum:  0.0, Workers: 5
[13.930s][debug][gc,phases      ] GC(46)         Dead                      Min: 0, Avg:  0.0, Max: 0, Diff: 0, Sum: 0, Workers: 5
[13.930s][debug][gc,phases      ] GC(46)         Total                     Min: 0, Avg: 42.4, Max: 84, Diff: 84, Sum: 212, Workers: 5
[13.930s][debug][gc,phases      ] GC(46)       StringTable weak          Min:  0.0, Avg:  0.0, Max:  0.0, Diff:  0.0, Sum:  0.1, Workers: 5
[13.930s][debug][gc,phases      ] GC(46)         Dead                      Min: 0, Avg:  0.0, Max: 0, Diff: 0, Sum: 0, Workers: 5
[13.930s][debug][gc,phases      ] GC(46)         Total                     Min: 512, Avg: 696.4, Max: 794, Diff: 282, Sum: 3482, Workers: 5
[13.930s][debug][gc,phases      ] GC(46)       ResolvedMethodTable weak  Min:  0.0, Avg:  0.0, Max:  0.0, Diff:  0.0, Sum:  0.0, Workers: 5
[13.930s][debug][gc,phases      ] GC(46)         Dead                      Min: 0, Avg:  0.0, Max: 0, Diff: 0, Sum: 0, Workers: 5
[13.930s][debug][gc,phases      ] GC(46)         Total                     Min: 0, Avg: 114.6, Max: 192, Diff: 192, Sum: 573, Workers: 5
[13.930s][debug][gc,phases      ] GC(46)     Merge Per-Thread State: 0.0ms
[13.930s][debug][gc,phases      ] GC(46)       Copied Bytes              Min: 191432, Avg: 251267.0, Max: 281256, Diff: 89824, Sum: 2010136, Workers: 8
[13.930s][debug][gc,phases      ] GC(46)       LAB Waste                 Min: 80, Avg: 211.0, Max: 336, Diff: 256, Sum: 1688, Workers: 8
[13.930s][debug][gc,phases      ] GC(46)       LAB Undo Waste            Min: 0, Avg:  0.0, Max: 0, Diff: 0, Sum: 0, Workers: 8
[13.930s][debug][gc,phases      ] GC(46)     Code Roots Purge: 0.0ms
[13.930s][debug][gc,phases      ] GC(46)     Redirty Cards: 0.0ms
[13.930s][debug][gc,phases      ] GC(46)     DerivedPointerTable Update: 0.0ms
[13.930s][debug][gc,phases      ] GC(46)     Free Collection Set: 0.1ms
[13.930s][debug][gc,phases      ] GC(46)     Rebuild Free List: 0.1ms
[13.930s][debug][gc,phases      ] GC(46)     Humongous Reclaim: 0.0ms
[13.930s][debug][gc,phases      ] GC(46)     Start New Collection Set: 0.0ms
[13.930s][debug][gc,phases      ] GC(46)     Resize TLABs: 0.0ms
[13.930s][debug][gc,phases      ] GC(46)     Expand Heap After Collection: 0.0ms
[13.930s][info ][gc,phases      ] GC(46)   Other: 0.3ms
[13.930s][info ][gc,heap        ] GC(46) Eden regions: 197->0(197)
[13.930s][info ][gc,heap        ] GC(46) Survivor regions: 2->2(25)
[13.930s][info ][gc,heap        ] GC(46) Old regions: 9->9
[13.930s][info ][gc,heap        ] GC(46) Archive regions: 2->2
[13.930s][info ][gc,heap        ] GC(46) Humongous regions: 0->0
[13.930s][info ][gc,metaspace   ] GC(46) Metaspace: 10276K(10880K)->10276K(10880K) NonClass: 9125K(9472K)->9125K(9472K) Class: 1151K(1408K)->1151K(1408K)
[13.930s][debug][gc,heap        ] GC(46) Heap after GC invocations=47 (full 1): garbage-first heap   total 340992K, used 7742K [0x0000000700000000, 0x0000000800000000)
[13.930s][debug][gc,heap        ] GC(46)   region size 1024K, 2 young (2048K), 2 survivors (2048K)
[13.930s][debug][gc,heap        ] GC(46)  Metaspace       used 10276K, capacity 10561K, committed 10880K, reserved 1058816K
[13.930s][debug][gc,heap        ] GC(46)   class space    used 1151K, capacity 1266K, committed 1408K, reserved 1048576K
[13.930s][info ][gc             ] GC(46) Pause Young (Normal) (G1 Evacuation Pause) 204M->7M(333M) 1.859ms
[13.930s][info ][gc,cpu         ] GC(46) User=0.00s Sys=0.00s Real=0.01s
[13.930s][info ][safepoint      ] Safepoint "G1CollectForAllocation", Time since last: 473726092 ns, Reaching safepoint: 208303 ns, At safepoint: 2076566 ns, Total: 2284869 ns
[14.425s][debug][gc,heap        ] GC(47) Heap before GC invocations=47 (full 1): garbage-first heap   total 340992K, used 209470K [0x0000000700000000, 0x0000000800000000)
[14.425s][debug][gc,heap        ] GC(47)   region size 1024K, 199 young (203776K), 2 survivors (2048K)
[14.425s][debug][gc,heap        ] GC(47)  Metaspace       used 10276K, capacity 10561K, committed 10880K, reserved 1058816K
[14.425s][debug][gc,heap        ] GC(47)   class space    used 1151K, capacity 1266K, committed 1408K, reserved 1048576K
[14.426s][info ][gc,start       ] GC(47) Pause Young (Normal) (G1 Evacuation Pause)
[14.426s][info ][gc,task        ] GC(47) Using 8 workers of 8 for evacuation
[14.426s][debug][gc,tlab        ] GC(47) TLAB totals: thrds: 8  refills: 790 max: 117 slow allocs: 0 max 0 waste:  1.1% gc: 1731648B max: 467872B slow: 458248B max: 67832B fast: 0B max: 0B
[14.426s][debug][gc,age         ] GC(47) Desired survivor size 13107200 bytes, new threshold 15 (max threshold 15)
[14.426s][debug][gc,alloc,region] GC(47) Mutator Allocation stats, regions: 197, wasted size: 0B ( 0.0%)
[14.426s][debug][gc,ergo        ] GC(47) Running G1 Merge Heap Roots using 8 workers for 199 regions
[14.426s][debug][gc,remset      ] GC(47) Visited cards 5120 Total dirty 12288 (41.67%) Total old 837632 (0.61%)
[14.426s][debug][gc,ergo        ] GC(47) Running G1 Clear Card Table Task using 1 workers for 1 units of work for 205 regions.
[14.426s][debug][gc,ref         ] GC(47) Skipped phase1 of Reference Processing due to unavailable references
[14.426s][debug][gc,ref         ] GC(47) Skipped phase2 of Reference Processing due to unavailable references
[14.426s][debug][gc,ref         ] GC(47) Skipped phase3 of Reference Processing due to unavailable references
[14.426s][debug][gc,ergo        ] GC(47) Running G1 Free Collection Set using 8 workers for collection set length 199 (333)
[14.426s][debug][gc,ergo        ] GC(47) Running G1 Rebuild Free List Task using 8 workers for rebuilding free list of 0 (4096) regions
[14.427s][trace][gc,age         ] GC(47) Age table with threshold 15 (max threshold 15)
[14.427s][trace][gc,age         ] GC(47) - age   1:       1080 bytes,       1080 total
[14.427s][trace][gc,age         ] GC(47) - age   2:      82944 bytes,      84024 total
[14.427s][trace][gc,age         ] GC(47) - age   3:     260328 bytes,     344352 total
[14.427s][trace][gc,age         ] GC(47) - age   4:      83112 bytes,     427464 total
[14.427s][trace][gc,age         ] GC(47) - age   5:      81216 bytes,     508680 total
[14.427s][trace][gc,age         ] GC(47) - age   6:     243896 bytes,     752576 total
[14.427s][trace][gc,age         ] GC(47) - age   7:        672 bytes,     753248 total
[14.427s][trace][gc,age         ] GC(47) - age   8:     244168 bytes,     997416 total
[14.427s][trace][gc,age         ] GC(47) - age   9:      81432 bytes,    1078848 total
[14.427s][trace][gc,age         ] GC(47) - age  11:     282688 bytes,    1361536 total
[14.427s][trace][gc,age         ] GC(47) - age  12:     162576 bytes,    1524112 total
[14.427s][trace][gc,age         ] GC(47) - age  14:     241376 bytes,    1765488 total
[14.427s][trace][gc,age         ] GC(47) - age  15:       1600 bytes,    1767088 total
[14.427s][debug][gc,plab        ] GC(47) Young PLAB allocation: allocated: 105264B, wasted: 1808B, unused: 6016B, used: 97440B, undo waste: 0B, 
[14.427s][debug][gc,plab        ] GC(47) Young other allocation: region end waste: 30400B, regions filled: 2, direct allocated: 1669648B, failure used: 0B, failure wasted: 0B
[14.427s][debug][gc,plab        ] GC(47) Young sizing: calculated: 13408B, actual: 13880B
[14.427s][debug][gc,plab        ] GC(47) Old PLAB allocation: allocated: 20640B, wasted: 144B, unused: 8024B, used: 12472B, undo waste: 0B, 
[14.427s][debug][gc,plab        ] GC(47) Old other allocation: region end waste: 0B, regions filled: 1, direct allocated: 230496B, failure used: 0B, failure wasted: 0B
[14.427s][debug][gc,plab        ] GC(47) Old sizing: calculated: 2488B, actual: 2064B
[14.427s][debug][gc,ihop        ] GC(47) Basic information (value update), threshold: 157129113B (45.00), target occupancy: 349175808B, current occupancy: 7931224B, recent allocation size: 20640B, recent allocation duration: 495.82ms, recent old gen allocation rate: 41628.16B/s, recent marking phase length: 0.00ms
[14.427s][debug][gc,ihop        ] GC(47) Adaptive IHOP information (value update), threshold: 157129113B (47.37), internal target occupancy: 331717017B, occupancy: 7931224B, additional buffer size: 208666624B, predicted old gen allocation rate: 53307.50B/s, predicted marking phase length: 0.00ms, prediction active: false
[14.427s][debug][gc,ergo,refine ] GC(47) Concurrent refinement times: Logged Cards Scan time goal: 20.00ms Logged Cards Scan time: 0.02ms HCC time: 0.00ms
[14.427s][debug][gc,ergo,refine ] GC(47) Updated Refinement Zones: green: 2048, yellow: 6144, red: 10240
[14.427s][info ][gc,phases      ] GC(47)   Pre Evacuate Collection Set: 0.1ms
[14.427s][debug][gc,phases      ] GC(47)     Prepare TLABs: 0.0ms
[14.427s][debug][gc,phases      ] GC(47)     Choose Collection Set: 0.0ms
[14.427s][debug][gc,phases      ] GC(47)     Region Register: 0.1ms
[14.427s][debug][gc,phases      ] GC(47)     Prepare Heap Roots: 0.0ms
[14.427s][info ][gc,phases      ] GC(47)   Merge Heap Roots: 0.1ms
[14.427s][debug][gc,phases      ] GC(47)     Prepare Merge Heap Roots: 0.0ms
[14.427s][debug][gc,phases      ] GC(47)     Eager Reclaim (ms):       skipped
[14.427s][debug][gc,phases      ] GC(47)     Remembered Sets (ms):     Min:  0.0, Avg:  0.0, Max:  0.0, Diff:  0.0, Sum:  0.1, Workers: 8
[14.427s][debug][gc,phases      ] GC(47)       Merged Sparse:            Min: 0, Avg:  0.0, Max: 0, Diff: 0, Sum: 0, Workers: 8
[14.427s][debug][gc,phases      ] GC(47)       Merged Fine:              Min: 0, Avg:  0.0, Max: 0, Diff: 0, Sum: 0, Workers: 8
[14.427s][debug][gc,phases      ] GC(47)       Merged Coarse:            Min: 0, Avg:  0.0, Max: 0, Diff: 0, Sum: 0, Workers: 8
[14.427s][debug][gc,phases      ] GC(47)       Dirty Cards:              Min: 0, Avg:  0.0, Max: 0, Diff: 0, Sum: 0, Workers: 8
[14.427s][debug][gc,phases      ] GC(47)     Hot Card Cache (ms):      Min:  0.0, Avg:  0.0, Max:  0.0, Diff:  0.0, Sum:  0.0, Workers: 8
[14.427s][debug][gc,phases      ] GC(47)       Dirty Cards:              Min: 0, Avg:  0.0, Max: 0, Diff: 0, Sum: 0, Workers: 8
[14.427s][debug][gc,phases      ] GC(47)       Skipped Cards:            Min: 0, Avg:  0.0, Max: 0, Diff: 0, Sum: 0, Workers: 8
[14.427s][debug][gc,phases      ] GC(47)     Log Buffers (ms):         Min:  0.0, Avg:  0.0, Max:  0.0, Diff:  0.0, Sum:  0.0, Workers: 8
[14.427s][debug][gc,phases      ] GC(47)       Dirty Cards:              Min: 0, Avg:  7.1, Max: 14, Diff: 14, Sum: 57, Workers: 8
[14.427s][debug][gc,phases      ] GC(47)       Skipped Cards:            Min: 0, Avg:  0.0, Max: 0, Diff: 0, Sum: 0, Workers: 8
[14.427s][info ][gc,phases      ] GC(47)   Evacuate Collection Set: 0.5ms
[14.427s][debug][gc,phases      ] GC(47)     Ext Root Scanning (ms):   Min:  0.0, Avg:  0.0, Max:  0.1, Diff:  0.1, Sum:  0.2, Workers: 8
[14.427s][debug][gc,phases      ] GC(47)     Scan Heap Roots (ms):     Min:  0.0, Avg:  0.0, Max:  0.0, Diff:  0.0, Sum:  0.1, Workers: 8
[14.427s][debug][gc,phases      ] GC(47)       Scanned Cards:            Min: 0, Avg:  6.9, Max: 12, Diff: 12, Sum: 55, Workers: 8
[14.427s][debug][gc,phases      ] GC(47)       Scanned Blocks:           Min: 0, Avg:  6.1, Max: 11, Diff: 11, Sum: 49, Workers: 8
[14.427s][debug][gc,phases      ] GC(47)       Claimed Chunks:           Min: 0, Avg:  2.5, Max: 6, Diff: 6, Sum: 20, Workers: 8
[14.427s][debug][gc,phases      ] GC(47)     Code Root Scan (ms):      Min:  0.0, Avg:  0.0, Max:  0.1, Diff:  0.1, Sum:  0.1, Workers: 8
[14.427s][debug][gc,phases      ] GC(47)     Object Copy (ms):         Min:  0.0, Avg:  0.2, Max:  0.3, Diff:  0.3, Sum:  1.8, Workers: 8
[14.427s][debug][gc,phases      ] GC(47)     Termination (ms):         Min:  0.0, Avg:  0.1, Max:  0.1, Diff:  0.1, Sum:  0.4, Workers: 8
[14.427s][debug][gc,phases      ] GC(47)       Termination Attempts:     Min: 1, Avg:  1.0, Max: 1, Diff: 0, Sum: 8, Workers: 8
[14.427s][debug][gc,phases      ] GC(47)     GC Worker Other (ms):     Min:  0.0, Avg:  0.1, Max:  0.3, Diff:  0.3, Sum:  0.5, Workers: 8
[14.427s][debug][gc,phases      ] GC(47)     GC Worker Total (ms):     Min:  0.1, Avg:  0.4, Max:  0.4, Diff:  0.3, Sum:  3.1, Workers: 8
[14.427s][info ][gc,phases      ] GC(47)   Post Evacuate Collection Set: 0.3ms
[14.427s][debug][gc,phases      ] GC(47)     Code Roots Fixup: 0.0ms
[14.427s][debug][gc,phases      ] GC(47)     Clear Card Table: 0.1ms
[14.427s][debug][gc,phases      ] GC(47)     Reference Processing: 0.0ms
[14.427s][debug][gc,phases,ref  ] GC(47)       Reconsider SoftReferences: 0.0ms
[14.427s][debug][gc,phases,ref  ] GC(47)         SoftRef (ms):             skipped
[14.427s][debug][gc,phases,ref  ] GC(47)       Notify Soft/WeakReferences: 0.0ms
[14.427s][debug][gc,phases,ref  ] GC(47)         SoftRef (ms):             skipped
[14.427s][debug][gc,phases,ref  ] GC(47)         WeakRef (ms):             skipped
[14.427s][debug][gc,phases,ref  ] GC(47)         FinalRef (ms):            skipped
[14.427s][debug][gc,phases,ref  ] GC(47)         Total (ms):               skipped
[14.427s][debug][gc,phases,ref  ] GC(47)       Notify and keep alive finalizable: 0.0ms
[14.427s][debug][gc,phases,ref  ] GC(47)         FinalRef (ms):            skipped
[14.427s][debug][gc,phases,ref  ] GC(47)       Notify PhantomReferences: 0.0ms
[14.427s][debug][gc,phases,ref  ] GC(47)         PhantomRef (ms):          Min:  0.0, Avg:  0.0, Max:  0.0, Diff:  0.0, Sum:  0.0, Workers: 1
[14.427s][debug][gc,phases,ref  ] GC(47)       SoftReference:
[14.427s][debug][gc,phases,ref  ] GC(47)         Discovered: 0
[14.427s][debug][gc,phases,ref  ] GC(47)         Cleared: 0
[14.427s][debug][gc,phases,ref  ] GC(47)       WeakReference:
[14.427s][debug][gc,phases,ref  ] GC(47)         Discovered: 0
[14.427s][debug][gc,phases,ref  ] GC(47)         Cleared: 0
[14.427s][debug][gc,phases,ref  ] GC(47)       FinalReference:
[14.427s][debug][gc,phases,ref  ] GC(47)         Discovered: 0
[14.427s][debug][gc,phases,ref  ] GC(47)         Cleared: 0
[14.427s][debug][gc,phases,ref  ] GC(47)       PhantomReference:
[14.427s][debug][gc,phases,ref  ] GC(47)         Discovered: 38
[14.427s][debug][gc,phases,ref  ] GC(47)         Cleared: 38
[14.427s][debug][gc,phases      ] GC(47)     Weak Processing: 0.0ms
[14.427s][debug][gc,phases      ] GC(47)       JVMTI weak processing: 0.0ms
[14.427s][debug][gc,phases      ] GC(47)         Dead: 0
[14.427s][debug][gc,phases      ] GC(47)         Total: 0
[14.427s][debug][gc,phases      ] GC(47)       JFR weak processing: 0.0ms
[14.427s][debug][gc,phases      ] GC(47)         Dead: 0
[14.427s][debug][gc,phases      ] GC(47)         Total: 0
[14.427s][debug][gc,phases      ] GC(47)       JNI weak                  Min:  0.0, Avg:  0.0, Max:  0.0, Diff:  0.0, Sum:  0.0, Workers: 5
[14.427s][debug][gc,phases      ] GC(47)         Dead                      Min: 0, Avg:  0.0, Max: 0, Diff: 0, Sum: 0, Workers: 5
[14.427s][debug][gc,phases      ] GC(47)         Total                     Min: 0, Avg: 55.0, Max: 128, Diff: 128, Sum: 275, Workers: 5
[14.427s][debug][gc,phases      ] GC(47)       VM weak                   Min:  0.0, Avg:  0.0, Max:  0.0, Diff:  0.0, Sum:  0.0, Workers: 5
[14.427s][debug][gc,phases      ] GC(47)         Dead                      Min: 0, Avg:  0.0, Max: 0, Diff: 0, Sum: 0, Workers: 5
[14.427s][debug][gc,phases      ] GC(47)         Total                     Min: 0, Avg: 42.4, Max: 84, Diff: 84, Sum: 212, Workers: 5
[14.427s][debug][gc,phases      ] GC(47)       StringTable weak          Min:  0.0, Avg:  0.0, Max:  0.0, Diff:  0.0, Sum:  0.1, Workers: 5
[14.427s][debug][gc,phases      ] GC(47)         Dead                      Min: 0, Avg:  0.0, Max: 0, Diff: 0, Sum: 0, Workers: 5
[14.427s][debug][gc,phases      ] GC(47)         Total                     Min: 576, Avg: 696.4, Max: 768, Diff: 192, Sum: 3482, Workers: 5
[14.427s][debug][gc,phases      ] GC(47)       ResolvedMethodTable weak  Min:  0.0, Avg:  0.0, Max:  0.0, Diff:  0.0, Sum:  0.0, Workers: 5
[14.427s][debug][gc,phases      ] GC(47)         Dead                      Min: 0, Avg:  0.0, Max: 0, Diff: 0, Sum: 0, Workers: 5
[14.427s][debug][gc,phases      ] GC(47)         Total                     Min: 64, Avg: 114.6, Max: 128, Diff: 64, Sum: 573, Workers: 5
[14.427s][debug][gc,phases      ] GC(47)     Merge Per-Thread State: 0.0ms
[14.427s][debug][gc,phases      ] GC(47)       Copied Bytes              Min: 0, Avg: 251257.0, Max: 517832, Diff: 517832, Sum: 2010056, Workers: 8
[14.427s][debug][gc,phases      ] GC(47)       LAB Waste                 Min: 0, Avg: 244.0, Max: 472, Diff: 472, Sum: 1952, Workers: 8
[14.427s][debug][gc,phases      ] GC(47)       LAB Undo Waste            Min: 0, Avg:  0.0, Max: 0, Diff: 0, Sum: 0, Workers: 8
[14.427s][debug][gc,phases      ] GC(47)     Code Roots Purge: 0.0ms
[14.427s][debug][gc,phases      ] GC(47)     Redirty Cards: 0.0ms
[14.427s][debug][gc,phases      ] GC(47)     DerivedPointerTable Update: 0.0ms
[14.427s][debug][gc,phases      ] GC(47)     Free Collection Set: 0.1ms
[14.427s][debug][gc,phases      ] GC(47)     Rebuild Free List: 0.0ms
[14.427s][debug][gc,phases      ] GC(47)     Humongous Reclaim: 0.0ms
[14.427s][debug][gc,phases      ] GC(47)     Start New Collection Set: 0.0ms
[14.427s][debug][gc,phases      ] GC(47)     Resize TLABs: 0.0ms
[14.427s][debug][gc,phases      ] GC(47)     Expand Heap After Collection: 0.0ms
[14.427s][info ][gc,phases      ] GC(47)   Other: 0.4ms
[14.427s][info ][gc,heap        ] GC(47) Eden regions: 197->0(197)
[14.427s][info ][gc,heap        ] GC(47) Survivor regions: 2->2(25)
[14.427s][info ][gc,heap        ] GC(47) Old regions: 9->9
[14.427s][info ][gc,heap        ] GC(47) Archive regions: 2->2
[14.427s][info ][gc,heap        ] GC(47) Humongous regions: 0->0
[14.427s][info ][gc,metaspace   ] GC(47) Metaspace: 10276K(10880K)->10276K(10880K) NonClass: 9125K(9472K)->9125K(9472K) Class: 1151K(1408K)->1151K(1408K)
[14.427s][debug][gc,heap        ] GC(47) Heap after GC invocations=48 (full 1): garbage-first heap   total 340992K, used 7745K [0x0000000700000000, 0x0000000800000000)
[14.427s][debug][gc,heap        ] GC(47)   region size 1024K, 2 young (2048K), 2 survivors (2048K)
[14.427s][debug][gc,heap        ] GC(47)  Metaspace       used 10276K, capacity 10561K, committed 10880K, reserved 1058816K
[14.427s][debug][gc,heap        ] GC(47)   class space    used 1151K, capacity 1266K, committed 1408K, reserved 1048576K
[14.427s][info ][gc             ] GC(47) Pause Young (Normal) (G1 Evacuation Pause) 204M->7M(333M) 1.938ms
[14.427s][info ][gc,cpu         ] GC(47) User=0.01s Sys=0.01s Real=0.00s
[14.428s][info ][safepoint      ] Safepoint "G1CollectForAllocation", Time since last: 494780112 ns, Reaching safepoint: 163093 ns, At safepoint: 2163709 ns, Total: 2326802 ns
[14.940s][debug][gc,heap        ] GC(48) Heap before GC invocations=48 (full 1): garbage-first heap   total 340992K, used 209473K [0x0000000700000000, 0x0000000800000000)
[14.940s][debug][gc,heap        ] GC(48)   region size 1024K, 199 young (203776K), 2 survivors (2048K)
[14.940s][debug][gc,heap        ] GC(48)  Metaspace       used 10278K, capacity 10561K, committed 10880K, reserved 1058816K
[14.940s][debug][gc,heap        ] GC(48)   class space    used 1151K, capacity 1266K, committed 1408K, reserved 1048576K
[14.940s][info ][gc,start       ] GC(48) Pause Young (Normal) (G1 Evacuation Pause)
[14.940s][info ][gc,task        ] GC(48) Using 8 workers of 8 for evacuation
[14.940s][debug][gc,tlab        ] GC(48) TLAB totals: thrds: 10  refills: 805 max: 108 slow allocs: 3 max 3 waste:  1.4% gc: 2416600B max: 492368B slow: 465072B max: 62560B fast: 0B max: 0B
[14.940s][debug][gc,age         ] GC(48) Desired survivor size 13107200 bytes, new threshold 15 (max threshold 15)
[14.940s][debug][gc,alloc,region] GC(48) Mutator Allocation stats, regions: 197, wasted size: 0B ( 0.0%)
[14.940s][debug][gc,ergo        ] GC(48) Running G1 Merge Heap Roots using 8 workers for 199 regions
[14.940s][debug][gc,remset      ] GC(48) Visited cards 5376 Total dirty 16384 (32.81%) Total old 837632 (0.64%)
[14.941s][debug][gc,ergo        ] GC(48) Running G1 Clear Card Table Task using 1 workers for 1 units of work for 207 regions.
[14.941s][debug][gc,ref         ] GC(48) Skipped phase1 of Reference Processing due to unavailable references
[14.941s][debug][gc,ref         ] GC(48) Skipped phase3 of Reference Processing due to unavailable references
[14.941s][debug][gc,ergo        ] GC(48) Running G1 Free Collection Set using 8 workers for collection set length 199 (333)
[14.941s][debug][gc,ergo        ] GC(48) Running G1 Rebuild Free List Task using 8 workers for rebuilding free list of 0 (4096) regions
[14.941s][trace][gc,age         ] GC(48) Age table with threshold 15 (max threshold 15)
[14.941s][trace][gc,age         ] GC(48) - age   1:      84080 bytes,      84080 total
[14.941s][trace][gc,age         ] GC(48) - age   3:      81600 bytes,     165680 total
[14.941s][trace][gc,age         ] GC(48) - age   4:     260296 bytes,     425976 total
[14.941s][trace][gc,age         ] GC(48) - age   5:      83112 bytes,     509088 total
[14.941s][trace][gc,age         ] GC(48) - age   6:      81216 bytes,     590304 total
[14.941s][trace][gc,age         ] GC(48) - age   7:     243896 bytes,     834200 total
[14.941s][trace][gc,age         ] GC(48) - age   8:        672 bytes,     834872 total
[14.941s][trace][gc,age         ] GC(48) - age   9:     244168 bytes,    1079040 total
[14.941s][trace][gc,age         ] GC(48) - age  10:      81432 bytes,    1160472 total
[14.941s][trace][gc,age         ] GC(48) - age  12:     282688 bytes,    1443160 total
[14.941s][trace][gc,age         ] GC(48) - age  13:     162576 bytes,    1605736 total
[14.941s][trace][gc,age         ] GC(48) - age  15:     241376 bytes,    1847112 total
[14.941s][debug][gc,plab        ] GC(48) Young PLAB allocation: allocated: 113520B, wasted: 1680B, unused: 11208B, used: 100632B, undo waste: 0B, 
[14.941s][debug][gc,plab        ] GC(48) Young other allocation: region end waste: 32464B, regions filled: 2, direct allocated: 1746480B, failure used: 0B, failure wasted: 0B
[14.941s][debug][gc,plab        ] GC(48) Young sizing: calculated: 13632B, actual: 13688B
[14.941s][debug][gc,plab        ] GC(48) Old PLAB allocation: allocated: 4128B, wasted: 0B, unused: 2528B, used: 1600B, undo waste: 0B, 
[14.941s][debug][gc,plab        ] GC(48) Old other allocation: region end waste: 0B, regions filled: 1, direct allocated: 0B, failure used: 0B, failure wasted: 0B
[14.941s][debug][gc,plab        ] GC(48) Old sizing: calculated: 320B, actual: 2064B
[14.941s][debug][gc,ihop        ] GC(48) Basic information (value update), threshold: 157129113B (45.00), target occupancy: 349175808B, current occupancy: 8022984B, recent allocation size: 4128B, recent allocation duration: 513.32ms, recent old gen allocation rate: 8041.75B/s, recent marking phase length: 0.00ms
[14.941s][debug][gc,ihop        ] GC(48) Adaptive IHOP information (value update), threshold: 157129113B (47.37), internal target occupancy: 331717017B, occupancy: 8022984B, additional buffer size: 208666624B, predicted old gen allocation rate: 51766.45B/s, predicted marking phase length: 0.00ms, prediction active: false
[14.941s][debug][gc,ergo,refine ] GC(48) Concurrent refinement times: Logged Cards Scan time goal: 20.00ms Logged Cards Scan time: 0.02ms HCC time: 0.00ms
[14.941s][debug][gc,ergo,refine ] GC(48) Updated Refinement Zones: green: 2048, yellow: 6144, red: 10240
[14.941s][info ][gc,phases      ] GC(48)   Pre Evacuate Collection Set: 0.1ms
[14.941s][debug][gc,phases      ] GC(48)     Prepare TLABs: 0.0ms
[14.941s][debug][gc,phases      ] GC(48)     Choose Collection Set: 0.0ms
[14.941s][debug][gc,phases      ] GC(48)     Region Register: 0.1ms
[14.941s][debug][gc,phases      ] GC(48)     Prepare Heap Roots: 0.0ms
[14.941s][info ][gc,phases      ] GC(48)   Merge Heap Roots: 0.1ms
[14.941s][debug][gc,phases      ] GC(48)     Prepare Merge Heap Roots: 0.0ms
[14.941s][debug][gc,phases      ] GC(48)     Eager Reclaim (ms):       skipped
[14.942s][debug][gc,phases      ] GC(48)     Remembered Sets (ms):     Min:  0.0, Avg:  0.0, Max:  0.0, Diff:  0.0, Sum:  0.2, Workers: 8
[14.942s][debug][gc,phases      ] GC(48)       Merged Sparse:            Min: 0, Avg:  0.0, Max: 0, Diff: 0, Sum: 0, Workers: 8
[14.942s][debug][gc,phases      ] GC(48)       Merged Fine:              Min: 0, Avg:  0.0, Max: 0, Diff: 0, Sum: 0, Workers: 8
[14.942s][debug][gc,phases      ] GC(48)       Merged Coarse:            Min: 0, Avg:  0.0, Max: 0, Diff: 0, Sum: 0, Workers: 8
[14.942s][debug][gc,phases      ] GC(48)       Dirty Cards:              Min: 0, Avg:  0.0, Max: 0, Diff: 0, Sum: 0, Workers: 8
[14.942s][debug][gc,phases      ] GC(48)     Hot Card Cache (ms):      Min:  0.0, Avg:  0.0, Max:  0.0, Diff:  0.0, Sum:  0.0, Workers: 8
[14.942s][debug][gc,phases      ] GC(48)       Dirty Cards:              Min: 0, Avg:  0.0, Max: 0, Diff: 0, Sum: 0, Workers: 8
[14.942s][debug][gc,phases      ] GC(48)       Skipped Cards:            Min: 0, Avg:  0.0, Max: 0, Diff: 0, Sum: 0, Workers: 8
[14.942s][debug][gc,phases      ] GC(48)     Log Buffers (ms):         Min:  0.0, Avg:  0.0, Max:  0.0, Diff:  0.0, Sum:  0.0, Workers: 8
[14.942s][debug][gc,phases      ] GC(48)       Dirty Cards:              Min: 0, Avg:  9.5, Max: 69, Diff: 69, Sum: 76, Workers: 8
[14.942s][debug][gc,phases      ] GC(48)       Skipped Cards:            Min: 0, Avg:  0.0, Max: 0, Diff: 0, Sum: 0, Workers: 8
[14.942s][info ][gc,phases      ] GC(48)   Evacuate Collection Set: 0.4ms
[14.942s][debug][gc,phases      ] GC(48)     Ext Root Scanning (ms):   Min:  0.0, Avg:  0.0, Max:  0.1, Diff:  0.1, Sum:  0.3, Workers: 8
[14.942s][debug][gc,phases      ] GC(48)     Scan Heap Roots (ms):     Min:  0.0, Avg:  0.0, Max:  0.0, Diff:  0.0, Sum:  0.1, Workers: 8
[14.942s][debug][gc,phases      ] GC(48)       Scanned Cards:            Min: 0, Avg:  9.4, Max: 16, Diff: 16, Sum: 75, Workers: 8
[14.942s][debug][gc,phases      ] GC(48)       Scanned Blocks:           Min: 0, Avg:  7.5, Max: 11, Diff: 11, Sum: 60, Workers: 8
[14.942s][debug][gc,phases      ] GC(48)       Claimed Chunks:           Min: 0, Avg:  2.6, Max: 4, Diff: 4, Sum: 21, Workers: 8
[14.942s][debug][gc,phases      ] GC(48)     Code Root Scan (ms):      Min:  0.0, Avg:  0.0, Max:  0.0, Diff:  0.0, Sum:  0.1, Workers: 8
[14.942s][debug][gc,phases      ] GC(48)     Object Copy (ms):         Min:  0.2, Avg:  0.2, Max:  0.2, Diff:  0.0, Sum:  1.6, Workers: 8
[14.942s][debug][gc,phases      ] GC(48)     Termination (ms):         Min:  0.0, Avg:  0.0, Max:  0.1, Diff:  0.0, Sum:  0.4, Workers: 8
[14.942s][debug][gc,phases      ] GC(48)       Termination Attempts:     Min: 1, Avg:  1.0, Max: 1, Diff: 0, Sum: 8, Workers: 8
[14.942s][debug][gc,phases      ] GC(48)     GC Worker Other (ms):     Min:  0.0, Avg:  0.0, Max:  0.0, Diff:  0.0, Sum:  0.2, Workers: 8
[14.942s][debug][gc,phases      ] GC(48)     GC Worker Total (ms):     Min:  0.3, Avg:  0.3, Max:  0.4, Diff:  0.1, Sum:  2.7, Workers: 8
[14.942s][info ][gc,phases      ] GC(48)   Post Evacuate Collection Set: 0.5ms
[14.942s][debug][gc,phases      ] GC(48)     Code Roots Fixup: 0.0ms
[14.942s][debug][gc,phases      ] GC(48)     Clear Card Table: 0.1ms
[14.942s][debug][gc,phases      ] GC(48)     Reference Processing: 0.0ms
[14.942s][debug][gc,phases,ref  ] GC(48)       Reconsider SoftReferences: 0.0ms
[14.942s][debug][gc,phases,ref  ] GC(48)         SoftRef (ms):             skipped
[14.942s][debug][gc,phases,ref  ] GC(48)       Notify Soft/WeakReferences: 0.0ms
[14.942s][debug][gc,phases,ref  ] GC(48)         SoftRef (ms):             Min:  0.0, Avg:  0.0, Max:  0.0, Diff:  0.0, Sum:  0.0, Workers: 1
[14.942s][debug][gc,phases,ref  ] GC(48)         WeakRef (ms):             Min:  0.0, Avg:  0.0, Max:  0.0, Diff:  0.0, Sum:  0.0, Workers: 1
[14.942s][debug][gc,phases,ref  ] GC(48)         FinalRef (ms):            Min:  0.0, Avg:  0.0, Max:  0.0, Diff:  0.0, Sum:  0.0, Workers: 1
[14.942s][debug][gc,phases,ref  ] GC(48)         Total (ms):               Min:  0.0, Avg:  0.0, Max:  0.0, Diff:  0.0, Sum:  0.0, Workers: 1
[14.942s][debug][gc,phases,ref  ] GC(48)       Notify and keep alive finalizable: 0.0ms
[14.942s][debug][gc,phases,ref  ] GC(48)         FinalRef (ms):            skipped
[14.942s][debug][gc,phases,ref  ] GC(48)       Notify PhantomReferences: 0.0ms
[14.942s][debug][gc,phases,ref  ] GC(48)         PhantomRef (ms):          Min:  0.0, Avg:  0.0, Max:  0.0, Diff:  0.0, Sum:  0.0, Workers: 1
[14.942s][debug][gc,phases,ref  ] GC(48)       SoftReference:
[14.942s][debug][gc,phases,ref  ] GC(48)         Discovered: 0
[14.942s][debug][gc,phases,ref  ] GC(48)         Cleared: 0
[14.942s][debug][gc,phases,ref  ] GC(48)       WeakReference:
[14.942s][debug][gc,phases,ref  ] GC(48)         Discovered: 2
[14.942s][debug][gc,phases,ref  ] GC(48)         Cleared: 0
[14.942s][debug][gc,phases,ref  ] GC(48)       FinalReference:
[14.942s][debug][gc,phases,ref  ] GC(48)         Discovered: 0
[14.942s][debug][gc,phases,ref  ] GC(48)         Cleared: 0
[14.942s][debug][gc,phases,ref  ] GC(48)       PhantomReference:
[14.942s][debug][gc,phases,ref  ] GC(48)         Discovered: 39
[14.942s][debug][gc,phases,ref  ] GC(48)         Cleared: 39
[14.942s][debug][gc,phases      ] GC(48)     Weak Processing: 0.1ms
[14.942s][debug][gc,phases      ] GC(48)       JVMTI weak processing: 0.0ms
[14.942s][debug][gc,phases      ] GC(48)         Dead: 0
[14.942s][debug][gc,phases      ] GC(48)         Total: 0
[14.942s][debug][gc,phases      ] GC(48)       JFR weak processing: 0.0ms
[14.942s][debug][gc,phases      ] GC(48)         Dead: 0
[14.942s][debug][gc,phases      ] GC(48)         Total: 0
[14.942s][debug][gc,phases      ] GC(48)       JNI weak                  Min:  0.0, Avg:  0.0, Max:  0.0, Diff:  0.0, Sum:  0.0, Workers: 5
[14.942s][debug][gc,phases      ] GC(48)         Dead                      Min: 0, Avg:  0.0, Max: 0, Diff: 0, Sum: 0, Workers: 5
[14.942s][debug][gc,phases      ] GC(48)         Total                     Min: 0, Avg: 55.8, Max: 151, Diff: 151, Sum: 279, Workers: 5
[14.942s][debug][gc,phases      ] GC(48)       VM weak                   Min:  0.0, Avg:  0.0, Max:  0.0, Diff:  0.0, Sum:  0.0, Workers: 5
[14.942s][debug][gc,phases      ] GC(48)         Dead                      Min: 0, Avg:  0.0, Max: 0, Diff: 0, Sum: 0, Workers: 5
[14.942s][debug][gc,phases      ] GC(48)         Total                     Min: 0, Avg: 42.4, Max: 64, Diff: 64, Sum: 212, Workers: 5
[14.942s][debug][gc,phases      ] GC(48)       StringTable weak          Min:  0.0, Avg:  0.0, Max:  0.0, Diff:  0.0, Sum:  0.1, Workers: 5
[14.942s][debug][gc,phases      ] GC(48)         Dead                      Min: 0, Avg:  0.0, Max: 0, Diff: 0, Sum: 0, Workers: 5
[14.942s][debug][gc,phases      ] GC(48)         Total                     Min: 540, Avg: 696.8, Max: 832, Diff: 292, Sum: 3484, Workers: 5
[14.942s][debug][gc,phases      ] GC(48)       ResolvedMethodTable weak  Min:  0.0, Avg:  0.0, Max:  0.0, Diff:  0.0, Sum:  0.0, Workers: 5
[14.942s][debug][gc,phases      ] GC(48)         Dead                      Min: 0, Avg:  0.0, Max: 0, Diff: 0, Sum: 0, Workers: 5
[14.942s][debug][gc,phases      ] GC(48)         Total                     Min: 0, Avg: 114.6, Max: 189, Diff: 189, Sum: 573, Workers: 5
[14.942s][debug][gc,phases      ] GC(48)     Merge Per-Thread State: 0.0ms
[14.942s][debug][gc,phases      ] GC(48)       Copied Bytes              Min: 148920, Avg: 231089.0, Max: 281592, Diff: 132672, Sum: 1848712, Workers: 8
[14.942s][debug][gc,phases      ] GC(48)       LAB Waste                 Min: 120, Avg: 210.0, Max: 320, Diff: 200, Sum: 1680, Workers: 8
[14.942s][debug][gc,phases      ] GC(48)       LAB Undo Waste            Min: 0, Avg:  0.0, Max: 0, Diff: 0, Sum: 0, Workers: 8
[14.942s][debug][gc,phases      ] GC(48)     Code Roots Purge: 0.0ms
[14.942s][debug][gc,phases      ] GC(48)     Redirty Cards: 0.1ms
[14.942s][debug][gc,phases      ] GC(48)     DerivedPointerTable Update: 0.0ms
[14.942s][debug][gc,phases      ] GC(48)     Free Collection Set: 0.2ms
[14.942s][debug][gc,phases      ] GC(48)     Rebuild Free List: 0.1ms
[14.942s][debug][gc,phases      ] GC(48)     Humongous Reclaim: 0.0ms
[14.942s][debug][gc,phases      ] GC(48)     Start New Collection Set: 0.0ms
[14.942s][debug][gc,phases      ] GC(48)     Resize TLABs: 0.0ms
[14.942s][debug][gc,phases      ] GC(48)     Expand Heap After Collection: 0.0ms
[14.942s][info ][gc,phases      ] GC(48)   Other: 0.4ms
[14.942s][info ][gc,heap        ] GC(48) Eden regions: 197->0(197)
[14.942s][info ][gc,heap        ] GC(48) Survivor regions: 2->2(25)
[14.942s][info ][gc,heap        ] GC(48) Old regions: 9->9
[14.942s][info ][gc,heap        ] GC(48) Archive regions: 2->2
[14.942s][info ][gc,heap        ] GC(48) Humongous regions: 0->0
[14.942s][info ][gc,metaspace   ] GC(48) Metaspace: 10278K(10880K)->10278K(10880K) NonClass: 9127K(9472K)->9127K(9472K) Class: 1151K(1408K)->1151K(1408K)
[14.942s][debug][gc,heap        ] GC(48) Heap after GC invocations=49 (full 1): garbage-first heap   total 340992K, used 7834K [0x0000000700000000, 0x0000000800000000)
[14.942s][debug][gc,heap        ] GC(48)   region size 1024K, 2 young (2048K), 2 survivors (2048K)
[14.942s][debug][gc,heap        ] GC(48)  Metaspace       used 10278K, capacity 10561K, committed 10880K, reserved 1058816K
[14.942s][debug][gc,heap        ] GC(48)   class space    used 1151K, capacity 1266K, committed 1408K, reserved 1048576K
[14.942s][info ][gc             ] GC(48) Pause Young (Normal) (G1 Evacuation Pause) 204M->7M(333M) 2.347ms
[14.942s][info ][gc,cpu         ] GC(48) User=0.00s Sys=0.00s Real=0.00s
[14.942s][info ][safepoint      ] Safepoint "G1CollectForAllocation", Time since last: 512133695 ns, Reaching safepoint: 175473 ns, At safepoint: 2583057 ns, Total: 2758530 ns
[15.471s][debug][gc,heap        ] GC(49) Heap before GC invocations=49 (full 1): garbage-first heap   total 340992K, used 209562K [0x0000000700000000, 0x0000000800000000)
[15.471s][debug][gc,heap        ] GC(49)   region size 1024K, 199 young (203776K), 2 survivors (2048K)
[15.471s][debug][gc,heap        ] GC(49)  Metaspace       used 10284K, capacity 10561K, committed 10880K, reserved 1058816K
[15.471s][debug][gc,heap        ] GC(49)   class space    used 1151K, capacity 1266K, committed 1408K, reserved 1048576K
[15.471s][info ][gc,start       ] GC(49) Pause Young (Normal) (G1 Evacuation Pause)
[15.471s][info ][gc,task        ] GC(49) Using 8 workers of 8 for evacuation
[15.471s][debug][gc,tlab        ] GC(49) TLAB totals: thrds: 9  refills: 809 max: 107 slow allocs: 4 max 4 waste:  1.3% gc: 2165272B max: 470144B slow: 469080B max: 62304B fast: 0B max: 0B
[15.471s][debug][gc,age         ] GC(49) Desired survivor size 13107200 bytes, new threshold 15 (max threshold 15)
[15.471s][debug][gc,alloc,region] GC(49) Mutator Allocation stats, regions: 197, wasted size: 136B ( 0.0%)
[15.471s][debug][gc,ergo        ] GC(49) Running G1 Merge Heap Roots using 8 workers for 199 regions
[15.471s][debug][gc,remset      ] GC(49) Visited cards 5376 Total dirty 16384 (32.81%) Total old 837632 (0.64%)
[15.472s][debug][gc,ergo        ] GC(49) Running G1 Clear Card Table Task using 1 workers for 1 units of work for 207 regions.
[15.472s][debug][gc,ref         ] GC(49) Skipped phase1 of Reference Processing due to unavailable references
[15.472s][debug][gc,ref         ] GC(49) Skipped phase3 of Reference Processing due to unavailable references
[15.472s][debug][gc,ergo        ] GC(49) Running G1 Free Collection Set using 8 workers for collection set length 199 (333)
[15.472s][debug][gc,ergo        ] GC(49) Running G1 Rebuild Free List Task using 8 workers for rebuilding free list of 0 (4096) regions
[15.472s][trace][gc,age         ] GC(49) Age table with threshold 15 (max threshold 15)
[15.472s][trace][gc,age         ] GC(49) - age   1:      84040 bytes,      84040 total
[15.472s][trace][gc,age         ] GC(49) - age   2:      81568 bytes,     165608 total
[15.472s][trace][gc,age         ] GC(49) - age   4:      81568 bytes,     247176 total
[15.472s][trace][gc,age         ] GC(49) - age   5:     260296 bytes,     507472 total
[15.472s][trace][gc,age         ] GC(49) - age   6:      83112 bytes,     590584 total
[15.472s][trace][gc,age         ] GC(49) - age   7:      81216 bytes,     671800 total
[15.472s][trace][gc,age         ] GC(49) - age   8:     243896 bytes,     915696 total
[15.472s][trace][gc,age         ] GC(49) - age   9:        672 bytes,     916368 total
[15.472s][trace][gc,age         ] GC(49) - age  10:     244168 bytes,    1160536 total
[15.472s][trace][gc,age         ] GC(49) - age  11:      81432 bytes,    1241968 total
[15.472s][trace][gc,age         ] GC(49) - age  13:     282688 bytes,    1524656 total
[15.472s][trace][gc,age         ] GC(49) - age  14:     162576 bytes,    1687232 total
[15.472s][debug][gc,plab        ] GC(49) Young PLAB allocation: allocated: 103200B, wasted: 1400B, unused: 7384B, used: 94416B, undo waste: 0B, 
[15.472s][debug][gc,plab        ] GC(49) Young other allocation: region end waste: 2304B, regions filled: 2, direct allocated: 1592816B, failure used: 0B, failure wasted: 0B
[15.472s][debug][gc,plab        ] GC(49) Young sizing: calculated: 18416B, actual: 17232B
[15.472s][debug][gc,plab        ] GC(49) Old PLAB allocation: allocated: 22704B, wasted: 304B, unused: 11520B, used: 10880B, undo waste: 38416B, 
[15.472s][debug][gc,plab        ] GC(49) Old other allocation: region end waste: 0B, regions filled: 1, direct allocated: 268912B, failure used: 0B, failure wasted: 0B
[15.472s][debug][gc,plab        ] GC(49) Old sizing: calculated: 2176B, actual: 2064B
[15.472s][debug][gc,ihop        ] GC(49) Basic information (value update), threshold: 157129113B (45.00), target occupancy: 349175808B, current occupancy: 8120680B, recent allocation size: 22704B, recent allocation duration: 529.53ms, recent old gen allocation rate: 42875.39B/s, recent marking phase length: 0.00ms
[15.472s][debug][gc,ihop        ] GC(49) Adaptive IHOP information (value update), threshold: 157129113B (47.37), internal target occupancy: 331717017B, occupancy: 8120680B, additional buffer size: 208666624B, predicted old gen allocation rate: 52007.22B/s, predicted marking phase length: 0.00ms, prediction active: false
[15.472s][debug][gc,ergo,refine ] GC(49) Concurrent refinement times: Logged Cards Scan time goal: 20.00ms Logged Cards Scan time: 0.02ms HCC time: 0.00ms
[15.472s][debug][gc,ergo,refine ] GC(49) Updated Refinement Zones: green: 2048, yellow: 6144, red: 10240
[15.472s][info ][gc,phases      ] GC(49)   Pre Evacuate Collection Set: 0.1ms
[15.472s][debug][gc,phases      ] GC(49)     Prepare TLABs: 0.0ms
[15.472s][debug][gc,phases      ] GC(49)     Choose Collection Set: 0.0ms
[15.472s][debug][gc,phases      ] GC(49)     Region Register: 0.1ms
[15.472s][debug][gc,phases      ] GC(49)     Prepare Heap Roots: 0.0ms
[15.472s][info ][gc,phases      ] GC(49)   Merge Heap Roots: 0.1ms
[15.472s][debug][gc,phases      ] GC(49)     Prepare Merge Heap Roots: 0.0ms
[15.472s][debug][gc,phases      ] GC(49)     Eager Reclaim (ms):       skipped
[15.472s][debug][gc,phases      ] GC(49)     Remembered Sets (ms):     Min:  0.0, Avg:  0.0, Max:  0.0, Diff:  0.0, Sum:  0.1, Workers: 8
[15.472s][debug][gc,phases      ] GC(49)       Merged Sparse:            Min: 0, Avg:  0.0, Max: 0, Diff: 0, Sum: 0, Workers: 8
[15.472s][debug][gc,phases      ] GC(49)       Merged Fine:              Min: 0, Avg:  0.0, Max: 0, Diff: 0, Sum: 0, Workers: 8
[15.472s][debug][gc,phases      ] GC(49)       Merged Coarse:            Min: 0, Avg:  0.0, Max: 0, Diff: 0, Sum: 0, Workers: 8
[15.472s][debug][gc,phases      ] GC(49)       Dirty Cards:              Min: 0, Avg:  0.0, Max: 0, Diff: 0, Sum: 0, Workers: 8
[15.472s][debug][gc,phases      ] GC(49)     Hot Card Cache (ms):      Min:  0.0, Avg:  0.0, Max:  0.0, Diff:  0.0, Sum:  0.0, Workers: 8
[15.472s][debug][gc,phases      ] GC(49)       Dirty Cards:              Min: 0, Avg:  0.0, Max: 0, Diff: 0, Sum: 0, Workers: 8
[15.472s][debug][gc,phases      ] GC(49)       Skipped Cards:            Min: 0, Avg:  0.0, Max: 0, Diff: 0, Sum: 0, Workers: 8
[15.472s][debug][gc,phases      ] GC(49)     Log Buffers (ms):         Min:  0.0, Avg:  0.0, Max:  0.0, Diff:  0.0, Sum:  0.0, Workers: 8
[15.472s][debug][gc,phases      ] GC(49)       Dirty Cards:              Min: 0, Avg:  9.5, Max: 22, Diff: 22, Sum: 76, Workers: 8
[15.472s][debug][gc,phases      ] GC(49)       Skipped Cards:            Min: 0, Avg:  0.0, Max: 0, Diff: 0, Sum: 0, Workers: 8
[15.472s][info ][gc,phases      ] GC(49)   Evacuate Collection Set: 0.4ms
[15.472s][debug][gc,phases      ] GC(49)     Ext Root Scanning (ms):   Min:  0.0, Avg:  0.0, Max:  0.1, Diff:  0.0, Sum:  0.3, Workers: 8
[15.472s][debug][gc,phases      ] GC(49)     Scan Heap Roots (ms):     Min:  0.0, Avg:  0.0, Max:  0.0, Diff:  0.0, Sum:  0.1, Workers: 8
[15.472s][debug][gc,phases      ] GC(49)       Scanned Cards:            Min: 0, Avg:  9.4, Max: 16, Diff: 16, Sum: 75, Workers: 8
[15.473s][debug][gc,phases      ] GC(49)       Scanned Blocks:           Min: 0, Avg:  7.6, Max: 11, Diff: 11, Sum: 61, Workers: 8
[15.473s][debug][gc,phases      ] GC(49)       Claimed Chunks:           Min: 0, Avg:  2.6, Max: 4, Diff: 4, Sum: 21, Workers: 8
[15.473s][debug][gc,phases      ] GC(49)     Code Root Scan (ms):      Min:  0.0, Avg:  0.0, Max:  0.1, Diff:  0.1, Sum:  0.1, Workers: 8
[15.473s][debug][gc,phases      ] GC(49)     Object Copy (ms):         Min:  0.2, Avg:  0.2, Max:  0.3, Diff:  0.1, Sum:  1.7, Workers: 8
[15.473s][debug][gc,phases      ] GC(49)     Termination (ms):         Min:  0.0, Avg:  0.1, Max:  0.1, Diff:  0.1, Sum:  0.7, Workers: 8
[15.473s][debug][gc,phases      ] GC(49)       Termination Attempts:     Min: 1, Avg:  1.0, Max: 1, Diff: 0, Sum: 8, Workers: 8
[15.473s][debug][gc,phases      ] GC(49)     GC Worker Other (ms):     Min:  0.0, Avg:  0.0, Max:  0.1, Diff:  0.0, Sum:  0.3, Workers: 8
[15.473s][debug][gc,phases      ] GC(49)     GC Worker Total (ms):     Min:  0.4, Avg:  0.4, Max:  0.4, Diff:  0.0, Sum:  3.1, Workers: 8
[15.473s][info ][gc,phases      ] GC(49)   Post Evacuate Collection Set: 0.4ms
[15.473s][debug][gc,phases      ] GC(49)     Code Roots Fixup: 0.0ms
[15.473s][debug][gc,phases      ] GC(49)     Clear Card Table: 0.1ms
[15.473s][debug][gc,phases      ] GC(49)     Reference Processing: 0.0ms
[15.473s][debug][gc,phases,ref  ] GC(49)       Reconsider SoftReferences: 0.0ms
[15.473s][debug][gc,phases,ref  ] GC(49)         SoftRef (ms):             skipped
[15.473s][debug][gc,phases,ref  ] GC(49)       Notify Soft/WeakReferences: 0.0ms
[15.473s][debug][gc,phases,ref  ] GC(49)         SoftRef (ms):             Min:  0.0, Avg:  0.0, Max:  0.0, Diff:  0.0, Sum:  0.0, Workers: 1
[15.473s][debug][gc,phases,ref  ] GC(49)         WeakRef (ms):             Min:  0.0, Avg:  0.0, Max:  0.0, Diff:  0.0, Sum:  0.0, Workers: 1
[15.473s][debug][gc,phases,ref  ] GC(49)         FinalRef (ms):            Min:  0.0, Avg:  0.0, Max:  0.0, Diff:  0.0, Sum:  0.0, Workers: 1
[15.473s][debug][gc,phases,ref  ] GC(49)         Total (ms):               Min:  0.0, Avg:  0.0, Max:  0.0, Diff:  0.0, Sum:  0.0, Workers: 1
[15.473s][debug][gc,phases,ref  ] GC(49)       Notify and keep alive finalizable: 0.0ms
[15.473s][debug][gc,phases,ref  ] GC(49)         FinalRef (ms):            skipped
[15.473s][debug][gc,phases,ref  ] GC(49)       Notify PhantomReferences: 0.0ms
[15.473s][debug][gc,phases,ref  ] GC(49)         PhantomRef (ms):          Min:  0.0, Avg:  0.0, Max:  0.0, Diff:  0.0, Sum:  0.0, Workers: 1
[15.473s][debug][gc,phases,ref  ] GC(49)       SoftReference:
[15.473s][debug][gc,phases,ref  ] GC(49)         Discovered: 0
[15.473s][debug][gc,phases,ref  ] GC(49)         Cleared: 0
[15.473s][debug][gc,phases,ref  ] GC(49)       WeakReference:
[15.473s][debug][gc,phases,ref  ] GC(49)         Discovered: 2
[15.473s][debug][gc,phases,ref  ] GC(49)         Cleared: 0
[15.473s][debug][gc,phases,ref  ] GC(49)       FinalReference:
[15.473s][debug][gc,phases,ref  ] GC(49)         Discovered: 0
[15.473s][debug][gc,phases,ref  ] GC(49)         Cleared: 0
[15.473s][debug][gc,phases,ref  ] GC(49)       PhantomReference:
[15.473s][debug][gc,phases,ref  ] GC(49)         Discovered: 35
[15.473s][debug][gc,phases,ref  ] GC(49)         Cleared: 35
[15.473s][debug][gc,phases      ] GC(49)     Weak Processing: 0.0ms
[15.473s][debug][gc,phases      ] GC(49)       JVMTI weak processing: 0.0ms
[15.473s][debug][gc,phases      ] GC(49)         Dead: 0
[15.473s][debug][gc,phases      ] GC(49)         Total: 0
[15.473s][debug][gc,phases      ] GC(49)       JFR weak processing: 0.0ms
[15.473s][debug][gc,phases      ] GC(49)         Dead: 0
[15.473s][debug][gc,phases      ] GC(49)         Total: 0
[15.473s][debug][gc,phases      ] GC(49)       JNI weak                  Min:  0.0, Avg:  0.0, Max:  0.0, Diff:  0.0, Sum:  0.0, Workers: 5
[15.473s][debug][gc,phases      ] GC(49)         Dead                      Min: 0, Avg:  0.0, Max: 0, Diff: 0, Sum: 0, Workers: 5
[15.473s][debug][gc,phases      ] GC(49)         Total                     Min: 0, Avg: 56.6, Max: 128, Diff: 128, Sum: 283, Workers: 5
[15.473s][debug][gc,phases      ] GC(49)       VM weak                   Min:  0.0, Avg:  0.0, Max:  0.0, Diff:  0.0, Sum:  0.0, Workers: 5
[15.473s][debug][gc,phases      ] GC(49)         Dead                      Min: 0, Avg:  0.0, Max: 0, Diff: 0, Sum: 0, Workers: 5
[15.473s][debug][gc,phases      ] GC(49)         Total                     Min: 0, Avg: 42.4, Max: 64, Diff: 64, Sum: 212, Workers: 5
[15.473s][debug][gc,phases      ] GC(49)       StringTable weak          Min:  0.0, Avg:  0.0, Max:  0.0, Diff:  0.0, Sum:  0.1, Workers: 5
[15.473s][debug][gc,phases      ] GC(49)         Dead                      Min: 0, Avg:  0.0, Max: 0, Diff: 0, Sum: 0, Workers: 5
[15.473s][debug][gc,phases      ] GC(49)         Total                     Min: 512, Avg: 696.8, Max: 796, Diff: 284, Sum: 3484, Workers: 5
[15.473s][debug][gc,phases      ] GC(49)       ResolvedMethodTable weak  Min:  0.0, Avg:  0.0, Max:  0.0, Diff:  0.0, Sum:  0.0, Workers: 5
[15.473s][debug][gc,phases      ] GC(49)         Dead                      Min: 0, Avg:  0.0, Max: 0, Diff: 0, Sum: 0, Workers: 5
[15.473s][debug][gc,phases      ] GC(49)         Total                     Min: 64, Avg: 114.6, Max: 128, Diff: 64, Sum: 573, Workers: 5
[15.473s][debug][gc,phases      ] GC(49)     Merge Per-Thread State: 0.0ms
[15.473s][debug][gc,phases      ] GC(49)       Copied Bytes              Min: 120120, Avg: 241076.0, Max: 321008, Diff: 200888, Sum: 1928608, Workers: 8
[15.473s][debug][gc,phases      ] GC(49)       LAB Waste                 Min: 136, Avg: 213.0, Max: 320, Diff: 184, Sum: 1704, Workers: 8
[15.473s][debug][gc,phases      ] GC(49)       LAB Undo Waste            Min: 0, Avg: 4802.0, Max: 38416, Diff: 38416, Sum: 38416, Workers: 8
[15.473s][debug][gc,phases      ] GC(49)     Code Roots Purge: 0.0ms
[15.473s][debug][gc,phases      ] GC(49)     Redirty Cards: 0.0ms
[15.473s][debug][gc,phases      ] GC(49)     DerivedPointerTable Update: 0.0ms
[15.473s][debug][gc,phases      ] GC(49)     Free Collection Set: 0.1ms
[15.473s][debug][gc,phases      ] GC(49)     Rebuild Free List: 0.0ms
[15.473s][debug][gc,phases      ] GC(49)     Humongous Reclaim: 0.0ms
[15.473s][debug][gc,phases      ] GC(49)     Start New Collection Set: 0.0ms
[15.473s][debug][gc,phases      ] GC(49)     Resize TLABs: 0.0ms
[15.473s][debug][gc,phases      ] GC(49)     Expand Heap After Collection: 0.0ms
[15.473s][info ][gc,phases      ] GC(49)   Other: 0.5ms
[15.473s][info ][gc,heap        ] GC(49) Eden regions: 197->0(197)
[15.473s][info ][gc,heap        ] GC(49) Survivor regions: 2->2(25)
[15.473s][info ][gc,heap        ] GC(49) Old regions: 9->9
[15.473s][info ][gc,heap        ] GC(49) Archive regions: 2->2
[15.473s][info ][gc,heap        ] GC(49) Humongous regions: 0->0
[15.473s][info ][gc,metaspace   ] GC(49) Metaspace: 10284K(10880K)->10284K(10880K) NonClass: 9133K(9472K)->9133K(9472K) Class: 1151K(1408K)->1151K(1408K)
[15.473s][debug][gc,heap        ] GC(49) Heap after GC invocations=50 (full 1): garbage-first heap   total 340992K, used 7930K [0x0000000700000000, 0x0000000800000000)
[15.473s][debug][gc,heap        ] GC(49)   region size 1024K, 2 young (2048K), 2 survivors (2048K)
[15.473s][debug][gc,heap        ] GC(49)  Metaspace       used 10284K, capacity 10561K, committed 10880K, reserved 1058816K
[15.473s][debug][gc,heap        ] GC(49)   class space    used 1151K, capacity 1266K, committed 1408K, reserved 1048576K
[15.473s][info ][gc             ] GC(49) Pause Young (Normal) (G1 Evacuation Pause) 204M->7M(333M) 2.092ms
[15.473s][info ][gc,cpu         ] GC(49) User=0.00s Sys=0.00s Real=0.00s
[15.473s][info ][safepoint      ] Safepoint "G1CollectForAllocation", Time since last: 528115085 ns, Reaching safepoint: 226150 ns, At safepoint: 2490966 ns, Total: 2717116 ns
[16.017s][debug][gc,heap        ] GC(50) Heap before GC invocations=50 (full 1): garbage-first heap   total 340992K, used 209658K [0x0000000700000000, 0x0000000800000000)
[16.017s][debug][gc,heap        ] GC(50)   region size 1024K, 199 young (203776K), 2 survivors (2048K)
[16.017s][debug][gc,heap        ] GC(50)  Metaspace       used 10292K, capacity 10561K, committed 10880K, reserved 1058816K
[16.017s][debug][gc,heap        ] GC(50)   class space    used 1151K, capacity 1266K, committed 1408K, reserved 1048576K
[16.017s][info ][gc,start       ] GC(50) Pause Young (Normal) (G1 Evacuation Pause)
[16.017s][info ][gc,task        ] GC(50) Using 8 workers of 8 for evacuation
[16.017s][debug][gc,tlab        ] GC(50) TLAB totals: thrds: 10  refills: 812 max: 113 slow allocs: 5 max 5 waste:  1.1% gc: 1804600B max: 516792B slow: 469272B max: 65864B fast: 0B max: 0B
[16.017s][debug][gc,age         ] GC(50) Desired survivor size 13107200 bytes, new threshold 15 (max threshold 15)
[16.017s][debug][gc,alloc,region] GC(50) Mutator Allocation stats, regions: 197, wasted size: 0B ( 0.0%)
[16.018s][debug][gc,ergo        ] GC(50) Running G1 Merge Heap Roots using 8 workers for 199 regions
[16.018s][debug][gc,remset      ] GC(50) Visited cards 5376 Total dirty 16384 (32.81%) Total old 837632 (0.64%)
[16.018s][debug][gc,ergo        ] GC(50) Running G1 Clear Card Table Task using 1 workers for 1 units of work for 207 regions.
[16.018s][debug][gc,ref         ] GC(50) Skipped phase1 of Reference Processing due to unavailable references
[16.018s][debug][gc,ref         ] GC(50) Skipped phase3 of Reference Processing due to unavailable references
[16.018s][debug][gc,ergo        ] GC(50) Running G1 Free Collection Set using 8 workers for collection set length 199 (333)
[16.018s][debug][gc,ergo        ] GC(50) Running G1 Rebuild Free List Task using 8 workers for rebuilding free list of 0 (4096) regions
[16.018s][trace][gc,age         ] GC(50) Age table with threshold 15 (max threshold 15)
[16.018s][trace][gc,age         ] GC(50) - age   1:      84184 bytes,      84184 total
[16.018s][trace][gc,age         ] GC(50) - age   2:      81600 bytes,     165784 total
[16.018s][trace][gc,age         ] GC(50) - age   3:      81536 bytes,     247320 total
[16.019s][trace][gc,age         ] GC(50) - age   5:      81568 bytes,     328888 total
[16.019s][trace][gc,age         ] GC(50) - age   6:     260296 bytes,     589184 total
[16.019s][trace][gc,age         ] GC(50) - age   7:      83112 bytes,     672296 total
[16.019s][trace][gc,age         ] GC(50) - age   8:      81216 bytes,     753512 total
[16.019s][trace][gc,age         ] GC(50) - age   9:     243896 bytes,     997408 total
[16.019s][trace][gc,age         ] GC(50) - age  10:        672 bytes,     998080 total
[16.019s][trace][gc,age         ] GC(50) - age  11:     244168 bytes,    1242248 total
[16.019s][trace][gc,age         ] GC(50) - age  12:      81432 bytes,    1323680 total
[16.019s][trace][gc,age         ] GC(50) - age  14:     282688 bytes,    1606368 total
[16.019s][trace][gc,age         ] GC(50) - age  15:     162576 bytes,    1768944 total
[16.019s][debug][gc,plab        ] GC(50) Young PLAB allocation: allocated: 109752B, wasted: 1712B, unused: 8744B, used: 99296B, undo waste: 0B, 
[16.019s][debug][gc,plab        ] GC(50) Young other allocation: region end waste: 24816B, regions filled: 2, direct allocated: 1669648B, failure used: 0B, failure wasted: 0B
[16.019s][debug][gc,plab        ] GC(50) Young sizing: calculated: 14896B, actual: 15480B
[16.019s][debug][gc,plab        ] GC(50) Old PLAB allocation: allocated: 0B, wasted: 0B, unused: 0B, used: 0B, undo waste: 0B, 
[16.019s][debug][gc,plab        ] GC(50) Old other allocation: region end waste: 0B, regions filled: 1, direct allocated: 0B, failure used: 0B, failure wasted: 0B
[16.019s][debug][gc,plab        ] GC(50) Old sizing: calculated: 0B, actual: 2064B
[16.019s][debug][gc,ihop        ] GC(50) Basic information (value update), threshold: 157129113B (45.00), target occupancy: 349175808B, current occupancy: 8226576B, recent allocation size: 0B, recent allocation duration: 545.22ms, recent old gen allocation rate: 0.00B/s, recent marking phase length: 0.00ms
[16.019s][debug][gc,ihop        ] GC(50) Adaptive IHOP information (value update), threshold: 157129113B (47.37), internal target occupancy: 331717017B, occupancy: 8226576B, additional buffer size: 208666624B, predicted old gen allocation rate: 50190.53B/s, predicted marking phase length: 0.00ms, prediction active: false
[16.019s][debug][gc,ergo,refine ] GC(50) Concurrent refinement times: Logged Cards Scan time goal: 20.00ms Logged Cards Scan time: 0.02ms HCC time: 0.00ms
[16.019s][debug][gc,ergo,refine ] GC(50) Updated Refinement Zones: green: 2048, yellow: 6144, red: 10240
[16.019s][info ][gc,phases      ] GC(50)   Pre Evacuate Collection Set: 0.1ms
[16.019s][debug][gc,phases      ] GC(50)     Prepare TLABs: 0.0ms
[16.019s][debug][gc,phases      ] GC(50)     Choose Collection Set: 0.0ms
[16.019s][debug][gc,phases      ] GC(50)     Region Register: 0.1ms
[16.019s][debug][gc,phases      ] GC(50)     Prepare Heap Roots: 0.0ms
[16.019s][info ][gc,phases      ] GC(50)   Merge Heap Roots: 0.1ms
[16.019s][debug][gc,phases      ] GC(50)     Prepare Merge Heap Roots: 0.0ms
[16.019s][debug][gc,phases      ] GC(50)     Eager Reclaim (ms):       skipped
[16.019s][debug][gc,phases      ] GC(50)     Remembered Sets (ms):     Min:  0.0, Avg:  0.0, Max:  0.0, Diff:  0.0, Sum:  0.0, Workers: 8
[16.019s][debug][gc,phases      ] GC(50)       Merged Sparse:            Min: 0, Avg:  0.0, Max: 0, Diff: 0, Sum: 0, Workers: 8
[16.019s][debug][gc,phases      ] GC(50)       Merged Fine:              Min: 0, Avg:  0.0, Max: 0, Diff: 0, Sum: 0, Workers: 8
[16.019s][debug][gc,phases      ] GC(50)       Merged Coarse:            Min: 0, Avg:  0.0, Max: 0, Diff: 0, Sum: 0, Workers: 8
[16.019s][debug][gc,phases      ] GC(50)       Dirty Cards:              Min: 0, Avg:  0.0, Max: 0, Diff: 0, Sum: 0, Workers: 8
[16.019s][debug][gc,phases      ] GC(50)     Hot Card Cache (ms):      Min:  0.0, Avg:  0.0, Max:  0.0, Diff:  0.0, Sum:  0.0, Workers: 8
[16.019s][debug][gc,phases      ] GC(50)       Dirty Cards:              Min: 0, Avg:  0.0, Max: 0, Diff: 0, Sum: 0, Workers: 8
[16.019s][debug][gc,phases      ] GC(50)       Skipped Cards:            Min: 0, Avg:  0.0, Max: 0, Diff: 0, Sum: 0, Workers: 8
[16.019s][debug][gc,phases      ] GC(50)     Log Buffers (ms):         Min:  0.0, Avg:  0.0, Max:  0.0, Diff:  0.0, Sum:  0.0, Workers: 8
[16.019s][debug][gc,phases      ] GC(50)       Dirty Cards:              Min: 0, Avg:  9.8, Max: 53, Diff: 53, Sum: 78, Workers: 8
[16.019s][debug][gc,phases      ] GC(50)       Skipped Cards:            Min: 0, Avg:  0.0, Max: 0, Diff: 0, Sum: 0, Workers: 8
[16.019s][info ][gc,phases      ] GC(50)   Evacuate Collection Set: 0.4ms
[16.019s][debug][gc,phases      ] GC(50)     Ext Root Scanning (ms):   Min:  0.0, Avg:  0.0, Max:  0.1, Diff:  0.1, Sum:  0.2, Workers: 8
[16.019s][debug][gc,phases      ] GC(50)     Scan Heap Roots (ms):     Min:  0.0, Avg:  0.0, Max:  0.0, Diff:  0.0, Sum:  0.2, Workers: 8
[16.019s][debug][gc,phases      ] GC(50)       Scanned Cards:            Min: 0, Avg:  9.5, Max: 17, Diff: 17, Sum: 76, Workers: 8
[16.019s][debug][gc,phases      ] GC(50)       Scanned Blocks:           Min: 0, Avg:  7.6, Max: 12, Diff: 12, Sum: 61, Workers: 8
[16.019s][debug][gc,phases      ] GC(50)       Claimed Chunks:           Min: 0, Avg:  2.6, Max: 5, Diff: 5, Sum: 21, Workers: 8
[16.019s][debug][gc,phases      ] GC(50)     Code Root Scan (ms):      Min:  0.0, Avg:  0.0, Max:  0.0, Diff:  0.0, Sum:  0.1, Workers: 8
[16.019s][debug][gc,phases      ] GC(50)     Object Copy (ms):         Min:  0.2, Avg:  0.2, Max:  0.2, Diff:  0.0, Sum:  1.6, Workers: 8
[16.019s][debug][gc,phases      ] GC(50)     Termination (ms):         Min:  0.0, Avg:  0.0, Max:  0.1, Diff:  0.0, Sum:  0.4, Workers: 8
[16.019s][debug][gc,phases      ] GC(50)       Termination Attempts:     Min: 1, Avg:  1.0, Max: 1, Diff: 0, Sum: 8, Workers: 8
[16.019s][debug][gc,phases      ] GC(50)     GC Worker Other (ms):     Min:  0.0, Avg:  0.0, Max:  0.0, Diff:  0.0, Sum:  0.1, Workers: 8
[16.019s][debug][gc,phases      ] GC(50)     GC Worker Total (ms):     Min:  0.3, Avg:  0.3, Max:  0.4, Diff:  0.1, Sum:  2.5, Workers: 8
[16.019s][info ][gc,phases      ] GC(50)   Post Evacuate Collection Set: 0.4ms
[16.019s][debug][gc,phases      ] GC(50)     Code Roots Fixup: 0.0ms
[16.019s][debug][gc,phases      ] GC(50)     Clear Card Table: 0.1ms
[16.019s][debug][gc,phases      ] GC(50)     Reference Processing: 0.0ms
[16.019s][debug][gc,phases,ref  ] GC(50)       Reconsider SoftReferences: 0.0ms
[16.019s][debug][gc,phases,ref  ] GC(50)         SoftRef (ms):             skipped
[16.019s][debug][gc,phases,ref  ] GC(50)       Notify Soft/WeakReferences: 0.0ms
[16.019s][debug][gc,phases,ref  ] GC(50)         SoftRef (ms):             Min:  0.0, Avg:  0.0, Max:  0.0, Diff:  0.0, Sum:  0.0, Workers: 1
[16.019s][debug][gc,phases,ref  ] GC(50)         WeakRef (ms):             Min:  0.0, Avg:  0.0, Max:  0.0, Diff:  0.0, Sum:  0.0, Workers: 1
[16.019s][debug][gc,phases,ref  ] GC(50)         FinalRef (ms):            Min:  0.0, Avg:  0.0, Max:  0.0, Diff:  0.0, Sum:  0.0, Workers: 1
[16.019s][debug][gc,phases,ref  ] GC(50)         Total (ms):               Min:  0.0, Avg:  0.0, Max:  0.0, Diff:  0.0, Sum:  0.0, Workers: 1
[16.019s][debug][gc,phases,ref  ] GC(50)       Notify and keep alive finalizable: 0.0ms
[16.019s][debug][gc,phases,ref  ] GC(50)         FinalRef (ms):            skipped
[16.019s][debug][gc,phases,ref  ] GC(50)       Notify PhantomReferences: 0.0ms
[16.019s][debug][gc,phases,ref  ] GC(50)         PhantomRef (ms):          Min:  0.0, Avg:  0.0, Max:  0.0, Diff:  0.0, Sum:  0.0, Workers: 1
[16.019s][debug][gc,phases,ref  ] GC(50)       SoftReference:
[16.019s][debug][gc,phases,ref  ] GC(50)         Discovered: 0
[16.019s][debug][gc,phases,ref  ] GC(50)         Cleared: 0
[16.019s][debug][gc,phases,ref  ] GC(50)       WeakReference:
[16.019s][debug][gc,phases,ref  ] GC(50)         Discovered: 2
[16.019s][debug][gc,phases,ref  ] GC(50)         Cleared: 0
[16.019s][debug][gc,phases,ref  ] GC(50)       FinalReference:
[16.019s][debug][gc,phases,ref  ] GC(50)         Discovered: 0
[16.019s][debug][gc,phases,ref  ] GC(50)         Cleared: 0
[16.019s][debug][gc,phases,ref  ] GC(50)       PhantomReference:
[16.019s][debug][gc,phases,ref  ] GC(50)         Discovered: 37
[16.019s][debug][gc,phases,ref  ] GC(50)         Cleared: 37
[16.019s][debug][gc,phases      ] GC(50)     Weak Processing: 0.1ms
[16.019s][debug][gc,phases      ] GC(50)       JVMTI weak processing: 0.0ms
[16.019s][debug][gc,phases      ] GC(50)         Dead: 0
[16.019s][debug][gc,phases      ] GC(50)         Total: 0
[16.019s][debug][gc,phases      ] GC(50)       JFR weak processing: 0.0ms
[16.019s][debug][gc,phases      ] GC(50)         Dead: 0
[16.019s][debug][gc,phases      ] GC(50)         Total: 0
[16.019s][debug][gc,phases      ] GC(50)       JNI weak                  Min:  0.0, Avg:  0.0, Max:  0.0, Diff:  0.0, Sum:  0.0, Workers: 5
[16.019s][debug][gc,phases      ] GC(50)         Dead                      Min: 0, Avg:  0.0, Max: 0, Diff: 0, Sum: 0, Workers: 5
[16.019s][debug][gc,phases      ] GC(50)         Total                     Min: 0, Avg: 57.4, Max: 128, Diff: 128, Sum: 287, Workers: 5
[16.019s][debug][gc,phases      ] GC(50)       VM weak                   Min:  0.0, Avg:  0.0, Max:  0.0, Diff:  0.0, Sum:  0.0, Workers: 5
[16.019s][debug][gc,phases      ] GC(50)         Dead                      Min: 0, Avg:  0.0, Max: 0, Diff: 0, Sum: 0, Workers: 5
[16.019s][debug][gc,phases      ] GC(50)         Total                     Min: 0, Avg: 42.4, Max: 128, Diff: 128, Sum: 212, Workers: 5
[16.019s][debug][gc,phases      ] GC(50)       StringTable weak          Min:  0.0, Avg:  0.0, Max:  0.0, Diff:  0.0, Sum:  0.1, Workers: 5
[16.019s][debug][gc,phases      ] GC(50)         Dead                      Min: 0, Avg:  0.0, Max: 0, Diff: 0, Sum: 0, Workers: 5
[16.019s][debug][gc,phases      ] GC(50)         Total                     Min: 576, Avg: 697.4, Max: 799, Diff: 223, Sum: 3487, Workers: 5
[16.019s][debug][gc,phases      ] GC(50)       ResolvedMethodTable weak  Min:  0.0, Avg:  0.0, Max:  0.0, Diff:  0.0, Sum:  0.1, Workers: 5
[16.019s][debug][gc,phases      ] GC(50)         Dead                      Min: 0, Avg:  0.0, Max: 0, Diff: 0, Sum: 0, Workers: 5
[16.019s][debug][gc,phases      ] GC(50)         Total                     Min: 0, Avg: 114.6, Max: 192, Diff: 192, Sum: 573, Workers: 5
[16.019s][debug][gc,phases      ] GC(50)     Merge Per-Thread State: 0.0ms
[16.019s][debug][gc,phases      ] GC(50)       Copied Bytes              Min: 169504, Avg: 221118.0, Max: 278400, Diff: 108896, Sum: 1768944, Workers: 8
[16.019s][debug][gc,phases      ] GC(50)       LAB Waste                 Min: 88, Avg: 214.0, Max: 440, Diff: 352, Sum: 1712, Workers: 8
[16.019s][debug][gc,phases      ] GC(50)       LAB Undo Waste            Min: 0, Avg:  0.0, Max: 0, Diff: 0, Sum: 0, Workers: 8
[16.019s][debug][gc,phases      ] GC(50)     Code Roots Purge: 0.0ms
[16.019s][debug][gc,phases      ] GC(50)     Redirty Cards: 0.0ms
[16.019s][debug][gc,phases      ] GC(50)     DerivedPointerTable Update: 0.0ms
[16.019s][debug][gc,phases      ] GC(50)     Free Collection Set: 0.1ms
[16.019s][debug][gc,phases      ] GC(50)     Rebuild Free List: 0.0ms
[16.019s][debug][gc,phases      ] GC(50)     Humongous Reclaim: 0.0ms
[16.019s][debug][gc,phases      ] GC(50)     Start New Collection Set: 0.0ms
[16.019s][debug][gc,phases      ] GC(50)     Resize TLABs: 0.0ms
[16.019s][debug][gc,phases      ] GC(50)     Expand Heap After Collection: 0.0ms
[16.019s][info ][gc,phases      ] GC(50)   Other: 0.3ms
[16.019s][info ][gc,heap        ] GC(50) Eden regions: 197->0(197)
[16.019s][info ][gc,heap        ] GC(50) Survivor regions: 2->2(25)
[16.019s][info ][gc,heap        ] GC(50) Old regions: 9->9
[16.019s][info ][gc,heap        ] GC(50) Archive regions: 2->2
[16.019s][info ][gc,heap        ] GC(50) Humongous regions: 0->0
[16.019s][info ][gc,metaspace   ] GC(50) Metaspace: 10292K(10880K)->10292K(10880K) NonClass: 9141K(9472K)->9141K(9472K) Class: 1151K(1408K)->1151K(1408K)
[16.019s][debug][gc,heap        ] GC(50) Heap after GC invocations=51 (full 1): garbage-first heap   total 340992K, used 8033K [0x0000000700000000, 0x0000000800000000)
[16.019s][debug][gc,heap        ] GC(50)   region size 1024K, 2 young (2048K), 2 survivors (2048K)
[16.019s][debug][gc,heap        ] GC(50)  Metaspace       used 10292K, capacity 10561K, committed 10880K, reserved 1058816K
[16.019s][debug][gc,heap        ] GC(50)   class space    used 1151K, capacity 1266K, committed 1408K, reserved 1048576K
[16.019s][info ][gc             ] GC(50) Pause Young (Normal) (G1 Evacuation Pause) 204M->7M(333M) 1.766ms
[16.019s][info ][gc,cpu         ] GC(50) User=0.00s Sys=0.00s Real=0.01s
[16.019s][info ][safepoint      ] Safepoint "G1CollectForAllocation", Time since last: 544005201 ns, Reaching safepoint: 101065 ns, At safepoint: 1945629 ns, Total: 2046694 ns
[16.581s][debug][gc,heap        ] GC(51) Heap before GC invocations=51 (full 1): garbage-first heap   total 340992K, used 209761K [0x0000000700000000, 0x0000000800000000)
[16.581s][debug][gc,heap        ] GC(51)   region size 1024K, 199 young (203776K), 2 survivors (2048K)
[16.581s][debug][gc,heap        ] GC(51)  Metaspace       used 10304K, capacity 10625K, committed 10880K, reserved 1058816K
[16.581s][debug][gc,heap        ] GC(51)   class space    used 1151K, capacity 1266K, committed 1408K, reserved 1048576K
[16.581s][info ][gc,start       ] GC(51) Pause Young (Normal) (G1 Evacuation Pause)
[16.581s][info ][gc,task        ] GC(51) Using 8 workers of 8 for evacuation
[16.581s][debug][gc,tlab        ] GC(51) TLAB totals: thrds: 9  refills: 828 max: 108 slow allocs: 8 max 8 waste:  1.1% gc: 1864152B max: 435576B slow: 479632B max: 62488B fast: 0B max: 0B
[16.581s][debug][gc,age         ] GC(51) Desired survivor size 13107200 bytes, new threshold 15 (max threshold 15)
[16.581s][debug][gc,alloc,region] GC(51) Mutator Allocation stats, regions: 197, wasted size: 608B ( 0.0%)
[16.582s][debug][gc,ergo        ] GC(51) Running G1 Merge Heap Roots using 8 workers for 199 regions
[16.582s][debug][gc,remset      ] GC(51) Visited cards 5376 Total dirty 16384 (32.81%) Total old 837632 (0.64%)
[16.582s][debug][gc,ergo        ] GC(51) Running G1 Clear Card Table Task using 1 workers for 1 units of work for 207 regions.
[16.582s][debug][gc,ref         ] GC(51) Skipped phase1 of Reference Processing due to unavailable references
[16.582s][debug][gc,ref         ] GC(51) Skipped phase3 of Reference Processing due to unavailable references
[16.582s][debug][gc,ergo        ] GC(51) Running G1 Free Collection Set using 8 workers for collection set length 199 (333)
[16.583s][debug][gc,ergo        ] GC(51) Running G1 Rebuild Free List Task using 8 workers for rebuilding free list of 0 (4096) regions
[16.583s][trace][gc,age         ] GC(51) Age table with threshold 15 (max threshold 15)
[16.583s][trace][gc,age         ] GC(51) - age   1:     164136 bytes,     164136 total
[16.583s][trace][gc,age         ] GC(51) - age   2:      81768 bytes,     245904 total
[16.583s][trace][gc,age         ] GC(51) - age   3:      81568 bytes,     327472 total
[16.583s][trace][gc,age         ] GC(51) - age   4:      81536 bytes,     409008 total
[16.583s][trace][gc,age         ] GC(51) - age   6:      81568 bytes,     490576 total
[16.583s][trace][gc,age         ] GC(51) - age   7:     260296 bytes,     750872 total
[16.583s][trace][gc,age         ] GC(51) - age   8:      83112 bytes,     833984 total
[16.583s][trace][gc,age         ] GC(51) - age   9:      81216 bytes,     915200 total
[16.583s][trace][gc,age         ] GC(51) - age  10:     243896 bytes,    1159096 total
[16.583s][trace][gc,age         ] GC(51) - age  11:        672 bytes,    1159768 total
[16.583s][trace][gc,age         ] GC(51) - age  12:     244168 bytes,    1403936 total
[16.583s][trace][gc,age         ] GC(51) - age  13:      81432 bytes,    1485368 total
[16.583s][trace][gc,age         ] GC(51) - age  15:     282688 bytes,    1768056 total
[16.583s][debug][gc,plab        ] GC(51) Young PLAB allocation: allocated: 107328B, wasted: 1672B, unused: 8792B, used: 96864B, undo waste: 0B, 
[16.583s][debug][gc,plab        ] GC(51) Young other allocation: region end waste: 8496B, regions filled: 2, direct allocated: 1671192B, failure used: 0B, failure wasted: 0B
[16.583s][debug][gc,plab        ] GC(51) Young sizing: calculated: 17672B, actual: 17120B
[16.583s][debug][gc,plab        ] GC(51) Old PLAB allocation: allocated: 12384B, wasted: 32B, unused: 4480B, used: 7872B, undo waste: 0B, 
[16.583s][debug][gc,plab        ] GC(51) Old other allocation: region end waste: 37248B, regions filled: 2, direct allocated: 154704B, failure used: 0B, failure wasted: 0B
[16.583s][debug][gc,plab        ] GC(51) Old sizing: calculated: 0B, actual: 2064B
[16.583s][debug][gc,ihop        ] GC(51) Basic information (value update), threshold: 157129113B (45.00), target occupancy: 349175808B, current occupancy: 8414176B, recent allocation size: 12384B, recent allocation duration: 562.87ms, recent old gen allocation rate: 22001.37B/s, recent marking phase length: 0.00ms
[16.583s][debug][gc,ihop        ] GC(51) Adaptive IHOP information (value update), threshold: 157129113B (47.37), internal target occupancy: 331717017B, occupancy: 8414176B, additional buffer size: 208666624B, predicted old gen allocation rate: 49383.26B/s, predicted marking phase length: 0.00ms, prediction active: false
[16.583s][debug][gc,ergo,refine ] GC(51) Concurrent refinement times: Logged Cards Scan time goal: 20.00ms Logged Cards Scan time: 0.02ms HCC time: 0.00ms
[16.583s][debug][gc,ergo,refine ] GC(51) Updated Refinement Zones: green: 2048, yellow: 6144, red: 10240
[16.583s][info ][gc,phases      ] GC(51)   Pre Evacuate Collection Set: 0.1ms
[16.583s][debug][gc,phases      ] GC(51)     Prepare TLABs: 0.0ms
[16.583s][debug][gc,phases      ] GC(51)     Choose Collection Set: 0.0ms
[16.583s][debug][gc,phases      ] GC(51)     Region Register: 0.1ms
[16.583s][debug][gc,phases      ] GC(51)     Prepare Heap Roots: 0.0ms
[16.583s][info ][gc,phases      ] GC(51)   Merge Heap Roots: 0.1ms
[16.583s][debug][gc,phases      ] GC(51)     Prepare Merge Heap Roots: 0.0ms
[16.583s][debug][gc,phases      ] GC(51)     Eager Reclaim (ms):       skipped
[16.583s][debug][gc,phases      ] GC(51)     Remembered Sets (ms):     Min:  0.0, Avg:  0.0, Max:  0.0, Diff:  0.0, Sum:  0.0, Workers: 8
[16.583s][debug][gc,phases      ] GC(51)       Merged Sparse:            Min: 0, Avg:  0.0, Max: 0, Diff: 0, Sum: 0, Workers: 8
[16.583s][debug][gc,phases      ] GC(51)       Merged Fine:              Min: 0, Avg:  0.0, Max: 0, Diff: 0, Sum: 0, Workers: 8
[16.583s][debug][gc,phases      ] GC(51)       Merged Coarse:            Min: 0, Avg:  0.0, Max: 0, Diff: 0, Sum: 0, Workers: 8
[16.583s][debug][gc,phases      ] GC(51)       Dirty Cards:              Min: 0, Avg:  0.0, Max: 0, Diff: 0, Sum: 0, Workers: 8
[16.583s][debug][gc,phases      ] GC(51)     Hot Card Cache (ms):      Min:  0.0, Avg:  0.0, Max:  0.0, Diff:  0.0, Sum:  0.0, Workers: 8
[16.583s][debug][gc,phases      ] GC(51)       Dirty Cards:              Min: 0, Avg:  0.0, Max: 0, Diff: 0, Sum: 0, Workers: 8
[16.583s][debug][gc,phases      ] GC(51)       Skipped Cards:            Min: 0, Avg:  0.0, Max: 0, Diff: 0, Sum: 0, Workers: 8
[16.583s][debug][gc,phases      ] GC(51)     Log Buffers (ms):         Min:  0.0, Avg:  0.0, Max:  0.0, Diff:  0.0, Sum:  0.0, Workers: 8
[16.583s][debug][gc,phases      ] GC(51)       Dirty Cards:              Min: 0, Avg: 10.0, Max: 48, Diff: 48, Sum: 80, Workers: 8
[16.583s][debug][gc,phases      ] GC(51)       Skipped Cards:            Min: 0, Avg:  0.0, Max: 0, Diff: 0, Sum: 0, Workers: 8
[16.583s][info ][gc,phases      ] GC(51)   Evacuate Collection Set: 0.4ms
[16.583s][debug][gc,phases      ] GC(51)     Ext Root Scanning (ms):   Min:  0.0, Avg:  0.0, Max:  0.1, Diff:  0.0, Sum:  0.2, Workers: 8
[16.583s][debug][gc,phases      ] GC(51)     Scan Heap Roots (ms):     Min:  0.0, Avg:  0.0, Max:  0.0, Diff:  0.0, Sum:  0.1, Workers: 8
[16.583s][debug][gc,phases      ] GC(51)       Scanned Cards:            Min: 0, Avg:  9.6, Max: 16, Diff: 16, Sum: 77, Workers: 8
[16.583s][debug][gc,phases      ] GC(51)       Scanned Blocks:           Min: 0, Avg:  7.9, Max: 12, Diff: 12, Sum: 63, Workers: 8
[16.583s][debug][gc,phases      ] GC(51)       Claimed Chunks:           Min: 0, Avg:  2.6, Max: 7, Diff: 7, Sum: 21, Workers: 8
[16.583s][debug][gc,phases      ] GC(51)     Code Root Scan (ms):      Min:  0.0, Avg:  0.0, Max:  0.0, Diff:  0.0, Sum:  0.1, Workers: 8
[16.583s][debug][gc,phases      ] GC(51)     Object Copy (ms):         Min:  0.1, Avg:  0.2, Max:  0.2, Diff:  0.1, Sum:  1.4, Workers: 8
[16.583s][debug][gc,phases      ] GC(51)     Termination (ms):         Min:  0.1, Avg:  0.1, Max:  0.1, Diff:  0.0, Sum:  0.9, Workers: 8
[16.583s][debug][gc,phases      ] GC(51)       Termination Attempts:     Min: 1, Avg:  1.0, Max: 1, Diff: 0, Sum: 8, Workers: 8
[16.583s][debug][gc,phases      ] GC(51)     GC Worker Other (ms):     Min:  0.0, Avg:  0.0, Max:  0.0, Diff:  0.0, Sum:  0.1, Workers: 8
[16.583s][debug][gc,phases      ] GC(51)     GC Worker Total (ms):     Min:  0.3, Avg:  0.4, Max:  0.4, Diff:  0.1, Sum:  3.0, Workers: 8
[16.583s][info ][gc,phases      ] GC(51)   Post Evacuate Collection Set: 0.4ms
[16.583s][debug][gc,phases      ] GC(51)     Code Roots Fixup: 0.0ms
[16.583s][debug][gc,phases      ] GC(51)     Clear Card Table: 0.1ms
[16.583s][debug][gc,phases      ] GC(51)     Reference Processing: 0.0ms
[16.583s][debug][gc,phases,ref  ] GC(51)       Reconsider SoftReferences: 0.0ms
[16.583s][debug][gc,phases,ref  ] GC(51)         SoftRef (ms):             skipped
[16.583s][debug][gc,phases,ref  ] GC(51)       Notify Soft/WeakReferences: 0.0ms
[16.583s][debug][gc,phases,ref  ] GC(51)         SoftRef (ms):             Min:  0.0, Avg:  0.0, Max:  0.0, Diff:  0.0, Sum:  0.0, Workers: 1
[16.583s][debug][gc,phases,ref  ] GC(51)         WeakRef (ms):             Min:  0.0, Avg:  0.0, Max:  0.0, Diff:  0.0, Sum:  0.0, Workers: 1
[16.583s][debug][gc,phases,ref  ] GC(51)         FinalRef (ms):            Min:  0.0, Avg:  0.0, Max:  0.0, Diff:  0.0, Sum:  0.0, Workers: 1
[16.583s][debug][gc,phases,ref  ] GC(51)         Total (ms):               Min:  0.0, Avg:  0.0, Max:  0.0, Diff:  0.0, Sum:  0.0, Workers: 1
[16.583s][debug][gc,phases,ref  ] GC(51)       Notify and keep alive finalizable: 0.0ms
[16.583s][debug][gc,phases,ref  ] GC(51)         FinalRef (ms):            skipped
[16.583s][debug][gc,phases,ref  ] GC(51)       Notify PhantomReferences: 0.0ms
[16.583s][debug][gc,phases,ref  ] GC(51)         PhantomRef (ms):          Min:  0.0, Avg:  0.0, Max:  0.0, Diff:  0.0, Sum:  0.0, Workers: 1
[16.583s][debug][gc,phases,ref  ] GC(51)       SoftReference:
[16.583s][debug][gc,phases,ref  ] GC(51)         Discovered: 0
[16.583s][debug][gc,phases,ref  ] GC(51)         Cleared: 0
[16.583s][debug][gc,phases,ref  ] GC(51)       WeakReference:
[16.583s][debug][gc,phases,ref  ] GC(51)         Discovered: 2
[16.583s][debug][gc,phases,ref  ] GC(51)         Cleared: 0
[16.583s][debug][gc,phases,ref  ] GC(51)       FinalReference:
[16.583s][debug][gc,phases,ref  ] GC(51)         Discovered: 0
[16.583s][debug][gc,phases,ref  ] GC(51)         Cleared: 0
[16.583s][debug][gc,phases,ref  ] GC(51)       PhantomReference:
[16.583s][debug][gc,phases,ref  ] GC(51)         Discovered: 36
[16.583s][debug][gc,phases,ref  ] GC(51)         Cleared: 36
[16.583s][debug][gc,phases      ] GC(51)     Weak Processing: 0.1ms
[16.583s][debug][gc,phases      ] GC(51)       JVMTI weak processing: 0.0ms
[16.583s][debug][gc,phases      ] GC(51)         Dead: 0
[16.583s][debug][gc,phases      ] GC(51)         Total: 0
[16.583s][debug][gc,phases      ] GC(51)       JFR weak processing: 0.0ms
[16.583s][debug][gc,phases      ] GC(51)         Dead: 0
[16.583s][debug][gc,phases      ] GC(51)         Total: 0
[16.583s][debug][gc,phases      ] GC(51)       JNI weak                  Min:  0.0, Avg:  0.0, Max:  0.0, Diff:  0.0, Sum:  0.0, Workers: 5
[16.583s][debug][gc,phases      ] GC(51)         Dead                      Min: 0, Avg:  0.0, Max: 0, Diff: 0, Sum: 0, Workers: 5
[16.583s][debug][gc,phases      ] GC(51)         Total                     Min: 0, Avg: 59.0, Max: 167, Diff: 167, Sum: 295, Workers: 5
[16.583s][debug][gc,phases      ] GC(51)       VM weak                   Min:  0.0, Avg:  0.0, Max:  0.0, Diff:  0.0, Sum:  0.0, Workers: 5
[16.583s][debug][gc,phases      ] GC(51)         Dead                      Min: 0, Avg:  0.0, Max: 0, Diff: 0, Sum: 0, Workers: 5
[16.583s][debug][gc,phases      ] GC(51)         Total                     Min: 0, Avg: 42.4, Max: 128, Diff: 128, Sum: 212, Workers: 5
[16.583s][debug][gc,phases      ] GC(51)       StringTable weak          Min:  0.0, Avg:  0.0, Max:  0.0, Diff:  0.0, Sum:  0.0, Workers: 5
[16.583s][debug][gc,phases      ] GC(51)         Dead                      Min: 0, Avg:  0.0, Max: 0, Diff: 0, Sum: 0, Workers: 5
[16.583s][debug][gc,phases      ] GC(51)         Total                     Min: 0, Avg: 697.4, Max: 1503, Diff: 1503, Sum: 3487, Workers: 5
[16.583s][debug][gc,phases      ] GC(51)       ResolvedMethodTable weak  Min:  0.0, Avg:  0.0, Max:  0.0, Diff:  0.0, Sum:  0.1, Workers: 5
[16.583s][debug][gc,phases      ] GC(51)         Dead                      Min: 0, Avg:  0.0, Max: 0, Diff: 0, Sum: 0, Workers: 5
[16.583s][debug][gc,phases      ] GC(51)         Total                     Min: 0, Avg: 114.6, Max: 253, Diff: 253, Sum: 573, Workers: 5
[16.583s][debug][gc,phases      ] GC(51)     Merge Per-Thread State: 0.0ms
[16.583s][debug][gc,phases      ] GC(51)       Copied Bytes              Min: 97008, Avg: 241329.0, Max: 319544, Diff: 222536, Sum: 1930632, Workers: 8
[16.583s][debug][gc,phases      ] GC(51)       LAB Waste                 Min: 104, Avg: 213.0, Max: 360, Diff: 256, Sum: 1704, Workers: 8
[16.583s][debug][gc,phases      ] GC(51)       LAB Undo Waste            Min: 0, Avg:  0.0, Max: 0, Diff: 0, Sum: 0, Workers: 8
[16.583s][debug][gc,phases      ] GC(51)     Code Roots Purge: 0.0ms
[16.583s][debug][gc,phases      ] GC(51)     Redirty Cards: 0.0ms
[16.583s][debug][gc,phases      ] GC(51)     DerivedPointerTable Update: 0.0ms
[16.583s][debug][gc,phases      ] GC(51)     Free Collection Set: 0.1ms
[16.583s][debug][gc,phases      ] GC(51)     Rebuild Free List: 0.0ms
[16.583s][debug][gc,phases      ] GC(51)     Humongous Reclaim: 0.0ms
[16.583s][debug][gc,phases      ] GC(51)     Start New Collection Set: 0.0ms
[16.583s][debug][gc,phases      ] GC(51)     Resize TLABs: 0.0ms
[16.583s][debug][gc,phases      ] GC(51)     Expand Heap After Collection: 0.0ms
[16.583s][info ][gc,phases      ] GC(51)   Other: 0.3ms
[16.583s][info ][gc,heap        ] GC(51) Eden regions: 197->0(197)
[16.583s][info ][gc,heap        ] GC(51) Survivor regions: 2->2(25)
[16.583s][info ][gc,heap        ] GC(51) Old regions: 9->10
[16.583s][info ][gc,heap        ] GC(51) Archive regions: 2->2
[16.583s][info ][gc,heap        ] GC(51) Humongous regions: 0->0
[16.583s][info ][gc,metaspace   ] GC(51) Metaspace: 10304K(10880K)->10304K(10880K) NonClass: 9153K(9472K)->9153K(9472K) Class: 1151K(1408K)->1151K(1408K)
[16.583s][debug][gc,heap        ] GC(51) Heap after GC invocations=52 (full 1): garbage-first heap   total 340992K, used 8216K [0x0000000700000000, 0x0000000800000000)
[16.583s][debug][gc,heap        ] GC(51)   region size 1024K, 2 young (2048K), 2 survivors (2048K)
[16.583s][debug][gc,heap        ] GC(51)  Metaspace       used 10304K, capacity 10625K, committed 10880K, reserved 1058816K
[16.583s][debug][gc,heap        ] GC(51)   class space    used 1151K, capacity 1266K, committed 1408K, reserved 1048576K
[16.583s][info ][gc             ] GC(51) Pause Young (Normal) (G1 Evacuation Pause) 204M->8M(333M) 1.871ms
[16.583s][info ][gc,cpu         ] GC(51) User=0.00s Sys=0.00s Real=0.00s
[16.583s][info ][safepoint      ] Safepoint "G1CollectForAllocation", Time since last: 561928175 ns, Reaching safepoint: 127552 ns, At safepoint: 2045066 ns, Total: 2172618 ns
[17.173s][debug][gc,heap        ] GC(52) Heap before GC invocations=52 (full 1): garbage-first heap   total 340992K, used 208920K [0x0000000700000000, 0x0000000800000000)
[17.178s][debug][gc,heap        ] GC(52)   region size 1024K, 199 young (203776K), 2 survivors (2048K)
[17.178s][debug][gc,heap        ] GC(52)  Metaspace       used 10316K, capacity 10625K, committed 10880K, reserved 1058816K
[17.178s][debug][gc,heap        ] GC(52)   class space    used 1151K, capacity 1266K, committed 1408K, reserved 1048576K
[17.178s][info ][gc,start       ] GC(52) Pause Young (Normal) (G1 Evacuation Pause)
[17.178s][info ][gc,task        ] GC(52) Using 8 workers of 8 for evacuation
[17.178s][debug][gc,tlab        ] GC(52) TLAB totals: thrds: 9  refills: 825 max: 114 slow allocs: 8 max 8 waste:  1.1% gc: 1816640B max: 428616B slow: 476816B max: 65960B fast: 0B max: 0B
[17.178s][debug][gc,age         ] GC(52) Desired survivor size 13107200 bytes, new threshold 15 (max threshold 15)
[17.178s][debug][gc,alloc,region] GC(52) Mutator Allocation stats, regions: 197, wasted size: 0B ( 0.0%)
[17.178s][debug][gc,ergo        ] GC(52) Running G1 Merge Heap Roots using 8 workers for 199 regions
[17.178s][debug][gc,remset      ] GC(52) Visited cards 5632 Total dirty 16384 (34.38%) Total old 839680 (0.67%)
[17.179s][debug][gc,ergo        ] GC(52) Running G1 Clear Card Table Task using 1 workers for 1 units of work for 207 regions.
[17.179s][debug][gc,ref         ] GC(52) Skipped phase1 of Reference Processing due to unavailable references
[17.179s][debug][gc,ref         ] GC(52) Skipped phase3 of Reference Processing due to unavailable references
[17.179s][debug][gc,ergo        ] GC(52) Running G1 Free Collection Set using 8 workers for collection set length 199 (333)
[17.179s][debug][gc,ergo        ] GC(52) Running G1 Rebuild Free List Task using 8 workers for rebuilding free list of 0 (4096) regions
[17.179s][trace][gc,age         ] GC(52) Age table with threshold 15 (max threshold 15)
[17.179s][trace][gc,age         ] GC(52) - age   1:     167944 bytes,     167944 total
[17.179s][trace][gc,age         ] GC(52) - age   2:     161536 bytes,     329480 total
[17.179s][trace][gc,age         ] GC(52) - age   3:      81768 bytes,     411248 total
[17.179s][trace][gc,age         ] GC(52) - age   4:      81568 bytes,     492816 total
[17.179s][trace][gc,age         ] GC(52) - age   5:      81536 bytes,     574352 total
[17.179s][trace][gc,age         ] GC(52) - age   7:      81568 bytes,     655920 total
[17.179s][trace][gc,age         ] GC(52) - age   8:     260296 bytes,     916216 total
[17.179s][trace][gc,age         ] GC(52) - age   9:      83112 bytes,     999328 total
[17.179s][trace][gc,age         ] GC(52) - age  10:      81216 bytes,    1080544 total
[17.179s][trace][gc,age         ] GC(52) - age  11:     243896 bytes,    1324440 total
[17.179s][trace][gc,age         ] GC(52) - age  12:        672 bytes,    1325112 total
[17.179s][trace][gc,age         ] GC(52) - age  13:     244168 bytes,    1569280 total
[17.179s][trace][gc,age         ] GC(52) - age  14:      81432 bytes,    1650712 total
[17.179s][debug][gc,plab        ] GC(52) Young PLAB allocation: allocated: 102528B, wasted: 1240B, unused: 8584B, used: 92704B, undo waste: 0B, 
[17.179s][debug][gc,plab        ] GC(52) Young other allocation: region end waste: 26120B, regions filled: 2, direct allocated: 1558008B, failure used: 0B, failure wasted: 0B
[17.179s][debug][gc,plab        ] GC(52) Young sizing: calculated: 13312B, actual: 14264B
[17.179s][debug][gc,plab        ] GC(52) Old PLAB allocation: allocated: 18576B, wasted: 248B, unused: 4552B, used: 13776B, undo waste: 0B, 
[17.179s][debug][gc,plab        ] GC(52) Old other allocation: region end waste: 0B, regions filled: 1, direct allocated: 268912B, failure used: 0B, failure wasted: 0B
[17.179s][debug][gc,plab        ] GC(52) Old sizing: calculated: 2752B, actual: 2088B
[17.179s][debug][gc,ihop        ] GC(52) Basic information (value update), threshold: 157129113B (45.00), target occupancy: 349175808B, current occupancy: 8601560B, recent allocation size: 18576B, recent allocation duration: 595.27ms, recent old gen allocation rate: 31206.24B/s, recent marking phase length: 0.00ms
[17.179s][debug][gc,ihop        ] GC(52) Adaptive IHOP information (value update), threshold: 157129113B (47.37), internal target occupancy: 331717017B, occupancy: 8601560B, additional buffer size: 208666624B, predicted old gen allocation rate: 49065.14B/s, predicted marking phase length: 0.00ms, prediction active: false
[17.179s][debug][gc,ergo,refine ] GC(52) Concurrent refinement times: Logged Cards Scan time goal: 20.00ms Logged Cards Scan time: 0.02ms HCC time: 0.00ms
[17.179s][debug][gc,ergo,refine ] GC(52) Updated Refinement Zones: green: 2048, yellow: 6144, red: 10240
[17.179s][info ][gc,phases      ] GC(52)   Pre Evacuate Collection Set: 0.1ms
[17.179s][debug][gc,phases      ] GC(52)     Prepare TLABs: 0.0ms
[17.179s][debug][gc,phases      ] GC(52)     Choose Collection Set: 0.0ms
[17.179s][debug][gc,phases      ] GC(52)     Region Register: 0.1ms
[17.179s][debug][gc,phases      ] GC(52)     Prepare Heap Roots: 0.0ms
[17.179s][info ][gc,phases      ] GC(52)   Merge Heap Roots: 0.2ms
[17.180s][debug][gc,phases      ] GC(52)     Prepare Merge Heap Roots: 0.0ms
[17.180s][debug][gc,phases      ] GC(52)     Eager Reclaim (ms):       skipped
[17.180s][debug][gc,phases      ] GC(52)     Remembered Sets (ms):     Min:  0.0, Avg:  0.0, Max:  0.0, Diff:  0.0, Sum:  0.1, Workers: 8
[17.180s][debug][gc,phases      ] GC(52)       Merged Sparse:            Min: 0, Avg:  0.0, Max: 0, Diff: 0, Sum: 0, Workers: 8
[17.180s][debug][gc,phases      ] GC(52)       Merged Fine:              Min: 0, Avg:  0.0, Max: 0, Diff: 0, Sum: 0, Workers: 8
[17.180s][debug][gc,phases      ] GC(52)       Merged Coarse:            Min: 0, Avg:  0.0, Max: 0, Diff: 0, Sum: 0, Workers: 8
[17.180s][debug][gc,phases      ] GC(52)       Dirty Cards:              Min: 0, Avg:  0.0, Max: 0, Diff: 0, Sum: 0, Workers: 8
[17.180s][debug][gc,phases      ] GC(52)     Hot Card Cache (ms):      Min:  0.0, Avg:  0.0, Max:  0.0, Diff:  0.0, Sum:  0.0, Workers: 8
[17.180s][debug][gc,phases      ] GC(52)       Dirty Cards:              Min: 0, Avg:  0.0, Max: 0, Diff: 0, Sum: 0, Workers: 8
[17.180s][debug][gc,phases      ] GC(52)       Skipped Cards:            Min: 0, Avg:  0.0, Max: 0, Diff: 0, Sum: 0, Workers: 8
[17.180s][debug][gc,phases      ] GC(52)     Log Buffers (ms):         Min:  0.0, Avg:  0.0, Max:  0.0, Diff:  0.0, Sum:  0.0, Workers: 8
[17.180s][debug][gc,phases      ] GC(52)       Dirty Cards:              Min: 0, Avg: 10.5, Max: 74, Diff: 74, Sum: 84, Workers: 8
[17.180s][debug][gc,phases      ] GC(52)       Skipped Cards:            Min: 0, Avg:  0.0, Max: 0, Diff: 0, Sum: 0, Workers: 8
[17.180s][info ][gc,phases      ] GC(52)   Evacuate Collection Set: 0.4ms
[17.180s][debug][gc,phases      ] GC(52)     Ext Root Scanning (ms):   Min:  0.0, Avg:  0.0, Max:  0.1, Diff:  0.0, Sum:  0.3, Workers: 8
[17.180s][debug][gc,phases      ] GC(52)     Scan Heap Roots (ms):     Min:  0.0, Avg:  0.0, Max:  0.0, Diff:  0.0, Sum:  0.2, Workers: 8
[17.180s][debug][gc,phases      ] GC(52)       Scanned Cards:            Min: 0, Avg: 10.2, Max: 19, Diff: 19, Sum: 82, Workers: 8
[17.180s][debug][gc,phases      ] GC(52)       Scanned Blocks:           Min: 0, Avg:  8.0, Max: 16, Diff: 16, Sum: 64, Workers: 8
[17.180s][debug][gc,phases      ] GC(52)       Claimed Chunks:           Min: 0, Avg:  2.8, Max: 4, Diff: 4, Sum: 22, Workers: 8
[17.180s][debug][gc,phases      ] GC(52)     Code Root Scan (ms):      Min:  0.0, Avg:  0.0, Max:  0.1, Diff:  0.1, Sum:  0.1, Workers: 8
[17.180s][debug][gc,phases      ] GC(52)     Object Copy (ms):         Min:  0.1, Avg:  0.2, Max:  0.2, Diff:  0.1, Sum:  1.5, Workers: 8
[17.180s][debug][gc,phases      ] GC(52)     Termination (ms):         Min:  0.1, Avg:  0.1, Max:  0.1, Diff:  0.0, Sum:  0.8, Workers: 8
[17.180s][debug][gc,phases      ] GC(52)       Termination Attempts:     Min: 1, Avg:  1.0, Max: 1, Diff: 0, Sum: 8, Workers: 8
[17.180s][debug][gc,phases      ] GC(52)     GC Worker Other (ms):     Min:  0.0, Avg:  0.0, Max:  0.0, Diff:  0.0, Sum:  0.2, Workers: 8
[17.180s][debug][gc,phases      ] GC(52)     GC Worker Total (ms):     Min:  0.4, Avg:  0.4, Max:  0.4, Diff:  0.0, Sum:  3.0, Workers: 8
[17.180s][info ][gc,phases      ] GC(52)   Post Evacuate Collection Set: 0.4ms
[17.180s][debug][gc,phases      ] GC(52)     Code Roots Fixup: 0.0ms
[17.180s][debug][gc,phases      ] GC(52)     Clear Card Table: 0.1ms
[17.180s][debug][gc,phases      ] GC(52)     Reference Processing: 0.0ms
[17.180s][debug][gc,phases,ref  ] GC(52)       Reconsider SoftReferences: 0.0ms
[17.180s][debug][gc,phases,ref  ] GC(52)         SoftRef (ms):             skipped
[17.180s][debug][gc,phases,ref  ] GC(52)       Notify Soft/WeakReferences: 0.0ms
[17.180s][debug][gc,phases,ref  ] GC(52)         SoftRef (ms):             Min:  0.0, Avg:  0.0, Max:  0.0, Diff:  0.0, Sum:  0.0, Workers: 1
[17.180s][debug][gc,phases,ref  ] GC(52)         WeakRef (ms):             Min:  0.0, Avg:  0.0, Max:  0.0, Diff:  0.0, Sum:  0.0, Workers: 1
[17.180s][debug][gc,phases,ref  ] GC(52)         FinalRef (ms):            Min:  0.0, Avg:  0.0, Max:  0.0, Diff:  0.0, Sum:  0.0, Workers: 1
[17.180s][debug][gc,phases,ref  ] GC(52)         Total (ms):               Min:  0.0, Avg:  0.0, Max:  0.0, Diff:  0.0, Sum:  0.0, Workers: 1
[17.180s][debug][gc,phases,ref  ] GC(52)       Notify and keep alive finalizable: 0.0ms
[17.180s][debug][gc,phases,ref  ] GC(52)         FinalRef (ms):            skipped
[17.180s][debug][gc,phases,ref  ] GC(52)       Notify PhantomReferences: 0.0ms
[17.180s][debug][gc,phases,ref  ] GC(52)         PhantomRef (ms):          Min:  0.0, Avg:  0.0, Max:  0.0, Diff:  0.0, Sum:  0.0, Workers: 1
[17.180s][debug][gc,phases,ref  ] GC(52)       SoftReference:
[17.180s][debug][gc,phases,ref  ] GC(52)         Discovered: 0
[17.180s][debug][gc,phases,ref  ] GC(52)         Cleared: 0
[17.180s][debug][gc,phases,ref  ] GC(52)       WeakReference:
[17.180s][debug][gc,phases,ref  ] GC(52)         Discovered: 2
[17.180s][debug][gc,phases,ref  ] GC(52)         Cleared: 0
[17.180s][debug][gc,phases,ref  ] GC(52)       FinalReference:
[17.180s][debug][gc,phases,ref  ] GC(52)         Discovered: 0
[17.180s][debug][gc,phases,ref  ] GC(52)         Cleared: 0
[17.180s][debug][gc,phases,ref  ] GC(52)       PhantomReference:
[17.180s][debug][gc,phases,ref  ] GC(52)         Discovered: 36
[17.180s][debug][gc,phases,ref  ] GC(52)         Cleared: 36
[17.180s][debug][gc,phases      ] GC(52)     Weak Processing: 0.1ms
[17.180s][debug][gc,phases      ] GC(52)       JVMTI weak processing: 0.0ms
[17.180s][debug][gc,phases      ] GC(52)         Dead: 0
[17.180s][debug][gc,phases      ] GC(52)         Total: 0
[17.180s][debug][gc,phases      ] GC(52)       JFR weak processing: 0.0ms
[17.180s][debug][gc,phases      ] GC(52)         Dead: 0
[17.180s][debug][gc,phases      ] GC(52)         Total: 0
[17.180s][debug][gc,phases      ] GC(52)       JNI weak                  Min:  0.0, Avg:  0.0, Max:  0.0, Diff:  0.0, Sum:  0.0, Workers: 5
[17.180s][debug][gc,phases      ] GC(52)         Dead                      Min: 0, Avg:  0.0, Max: 0, Diff: 0, Sum: 0, Workers: 5
[17.180s][debug][gc,phases      ] GC(52)         Total                     Min: 0, Avg: 60.6, Max: 303, Diff: 303, Sum: 303, Workers: 5
[17.180s][debug][gc,phases      ] GC(52)       VM weak                   Min:  0.0, Avg:  0.0, Max:  0.0, Diff:  0.0, Sum:  0.0, Workers: 5
[17.180s][debug][gc,phases      ] GC(52)         Dead                      Min: 0, Avg:  0.0, Max: 0, Diff: 0, Sum: 0, Workers: 5
[17.180s][debug][gc,phases      ] GC(52)         Total                     Min: 0, Avg: 42.4, Max: 212, Diff: 212, Sum: 212, Workers: 5
[17.180s][debug][gc,phases      ] GC(52)       StringTable weak          Min:  0.0, Avg:  0.0, Max:  0.0, Diff:  0.0, Sum:  0.0, Workers: 5
[17.180s][debug][gc,phases      ] GC(52)         Dead                      Min: 0, Avg:  0.0, Max: 0, Diff: 0, Sum: 0, Workers: 5
[17.180s][debug][gc,phases      ] GC(52)         Total                     Min: 0, Avg: 697.4, Max: 2752, Diff: 2752, Sum: 3487, Workers: 5
[17.180s][debug][gc,phases      ] GC(52)       ResolvedMethodTable weak  Min:  0.0, Avg:  0.0, Max:  0.0, Diff:  0.0, Sum:  0.0, Workers: 5
[17.180s][debug][gc,phases      ] GC(52)         Dead                      Min: 0, Avg:  0.0, Max: 0, Diff: 0, Sum: 0, Workers: 5
[17.180s][debug][gc,phases      ] GC(52)         Total                     Min: 0, Avg: 114.6, Max: 317, Diff: 317, Sum: 573, Workers: 5
[17.180s][debug][gc,phases      ] GC(52)     Merge Per-Thread State: 0.0ms
[17.180s][debug][gc,phases      ] GC(52)       Copied Bytes              Min: 145136, Avg: 241675.0, Max: 325952, Diff: 180816, Sum: 1933400, Workers: 8
[17.180s][debug][gc,phases      ] GC(52)       LAB Waste                 Min: 80, Avg: 186.0, Max: 312, Diff: 232, Sum: 1488, Workers: 8
[17.180s][debug][gc,phases      ] GC(52)       LAB Undo Waste            Min: 0, Avg:  0.0, Max: 0, Diff: 0, Sum: 0, Workers: 8
[17.180s][debug][gc,phases      ] GC(52)     Code Roots Purge: 0.0ms
[17.180s][debug][gc,phases      ] GC(52)     Redirty Cards: 0.0ms
[17.180s][debug][gc,phases      ] GC(52)     DerivedPointerTable Update: 0.0ms
[17.180s][debug][gc,phases      ] GC(52)     Free Collection Set: 0.1ms
[17.180s][debug][gc,phases      ] GC(52)     Rebuild Free List: 0.1ms
[17.180s][debug][gc,phases      ] GC(52)     Humongous Reclaim: 0.0ms
[17.180s][debug][gc,phases      ] GC(52)     Start New Collection Set: 0.0ms
[17.180s][debug][gc,phases      ] GC(52)     Resize TLABs: 0.0ms
[17.180s][debug][gc,phases      ] GC(52)     Expand Heap After Collection: 0.0ms
[17.180s][info ][gc,phases      ] GC(52)   Other: 5.3ms
[17.180s][info ][gc,heap        ] GC(52) Eden regions: 197->0(197)
[17.180s][info ][gc,heap        ] GC(52) Survivor regions: 2->2(25)
[17.180s][info ][gc,heap        ] GC(52) Old regions: 10->10
[17.180s][info ][gc,heap        ] GC(52) Archive regions: 2->2
[17.180s][info ][gc,heap        ] GC(52) Humongous regions: 0->0
[17.180s][info ][gc,metaspace   ] GC(52) Metaspace: 10316K(10880K)->10316K(10880K) NonClass: 9164K(9472K)->9164K(9472K) Class: 1151K(1408K)->1151K(1408K)
[17.180s][debug][gc,heap        ] GC(52) Heap after GC invocations=53 (full 1): garbage-first heap   total 340992K, used 8399K [0x0000000700000000, 0x0000000800000000)
[17.180s][debug][gc,heap        ] GC(52)   region size 1024K, 2 young (2048K), 2 survivors (2048K)
[17.180s][debug][gc,heap        ] GC(52)  Metaspace       used 10316K, capacity 10625K, committed 10880K, reserved 1058816K
[17.180s][debug][gc,heap        ] GC(52)   class space    used 1151K, capacity 1266K, committed 1408K, reserved 1048576K
[17.181s][info ][gc             ] GC(52) Pause Young (Normal) (G1 Evacuation Pause) 205M->8M(333M) 2.604ms
[17.181s][info ][gc,cpu         ] GC(52) User=0.01s Sys=0.00s Real=0.01s
[17.181s][info ][safepoint      ] Safepoint "G1CollectForAllocation", Time since last: 589470038 ns, Reaching safepoint: 142488 ns, At safepoint: 7595382 ns, Total: 7737870 ns
[17.779s][debug][gc,heap        ] GC(53) Heap before GC invocations=53 (full 1): garbage-first heap   total 340992K, used 210127K [0x0000000700000000, 0x0000000800000000)
[17.779s][debug][gc,heap        ] GC(53)   region size 1024K, 199 young (203776K), 2 survivors (2048K)
[17.779s][debug][gc,heap        ] GC(53)  Metaspace       used 10320K, capacity 10625K, committed 10880K, reserved 1058816K
[17.779s][debug][gc,heap        ] GC(53)   class space    used 1151K, capacity 1266K, committed 1408K, reserved 1048576K
[17.779s][info ][gc,start       ] GC(53) Pause Young (Normal) (G1 Evacuation Pause)
[17.779s][info ][gc,task        ] GC(53) Using 8 workers of 8 for evacuation
[17.779s][debug][gc,tlab        ] GC(53) TLAB totals: thrds: 9  refills: 806 max: 116 slow allocs: 2 max 2 waste:  0.9% gc: 1442576B max: 347360B slow: 466168B max: 67512B fast: 0B max: 0B
[17.779s][debug][gc,age         ] GC(53) Desired survivor size 13107200 bytes, new threshold 15 (max threshold 15)
[17.779s][debug][gc,alloc,region] GC(53) Mutator Allocation stats, regions: 197, wasted size: 128B ( 0.0%)
[17.779s][debug][gc,ergo        ] GC(53) Running G1 Merge Heap Roots using 8 workers for 199 regions
[17.780s][debug][gc,remset      ] GC(53) Visited cards 6144 Total dirty 18432 (33.33%) Total old 839680 (0.73%)
[17.780s][debug][gc,ergo        ] GC(53) Running G1 Clear Card Table Task using 1 workers for 1 units of work for 208 regions.
[17.780s][debug][gc,ref         ] GC(53) Skipped phase1 of Reference Processing due to unavailable references
[17.780s][debug][gc,ref         ] GC(53) Skipped phase3 of Reference Processing due to unavailable references
[17.780s][debug][gc,ergo        ] GC(53) Running G1 Free Collection Set using 8 workers for collection set length 199 (333)
[17.780s][debug][gc,ergo        ] GC(53) Running G1 Rebuild Free List Task using 8 workers for rebuilding free list of 0 (4096) regions
[17.780s][trace][gc,age         ] GC(53) Age table with threshold 15 (max threshold 15)
[17.780s][trace][gc,age         ] GC(53) - age   1:      84320 bytes,      84320 total
[17.780s][trace][gc,age         ] GC(53) - age   2:     165272 bytes,     249592 total
[17.780s][trace][gc,age         ] GC(53) - age   3:     161536 bytes,     411128 total
[17.780s][trace][gc,age         ] GC(53) - age   4:      81768 bytes,     492896 total
[17.780s][trace][gc,age         ] GC(53) - age   5:      81568 bytes,     574464 total
[17.780s][trace][gc,age         ] GC(53) - age   6:      81536 bytes,     656000 total
[17.780s][trace][gc,age         ] GC(53) - age   8:      81568 bytes,     737568 total
[17.780s][trace][gc,age         ] GC(53) - age   9:     260296 bytes,     997864 total
[17.780s][trace][gc,age         ] GC(53) - age  10:      83112 bytes,    1080976 total
[17.780s][trace][gc,age         ] GC(53) - age  11:      81216 bytes,    1162192 total
[17.780s][trace][gc,age         ] GC(53) - age  12:     243896 bytes,    1406088 total
[17.780s][trace][gc,age         ] GC(53) - age  13:        672 bytes,    1406760 total
[17.780s][trace][gc,age         ] GC(53) - age  14:     244168 bytes,    1650928 total
[17.780s][trace][gc,age         ] GC(53) - age  15:      81432 bytes,    1732360 total
[17.780s][debug][gc,plab        ] GC(53) Young PLAB allocation: allocated: 107328B, wasted: 1664B, unused: 6592B, used: 99072B, undo waste: 0B, 
[17.781s][debug][gc,plab        ] GC(53) Young other allocation: region end waste: 22152B, regions filled: 2, direct allocated: 1633288B, failure used: 0B, failure wasted: 0B
[17.781s][debug][gc,plab        ] GC(53) Young sizing: calculated: 15384B, actual: 15104B
[17.781s][debug][gc,plab        ] GC(53) Old PLAB allocation: allocated: 0B, wasted: 0B, unused: 0B, used: 0B, undo waste: 0B, 
[17.781s][debug][gc,plab        ] GC(53) Old other allocation: region end waste: 0B, regions filled: 1, direct allocated: 0B, failure used: 0B, failure wasted: 0B
[17.781s][debug][gc,plab        ] GC(53) Old sizing: calculated: 0B, actual: 2064B
[17.781s][debug][gc,ihop        ] GC(53) Basic information (value update), threshold: 157129113B (45.00), target occupancy: 349175808B, current occupancy: 8677672B, recent allocation size: 0B, recent allocation duration: 599.97ms, recent old gen allocation rate: 0.00B/s, recent marking phase length: 0.00ms
[17.781s][debug][gc,ihop        ] GC(53) Adaptive IHOP information (value update), threshold: 157129113B (47.37), internal target occupancy: 331717017B, occupancy: 8677672B, additional buffer size: 208666624B, predicted old gen allocation rate: 47350.03B/s, predicted marking phase length: 0.00ms, prediction active: false
[17.781s][debug][gc,ergo,refine ] GC(53) Concurrent refinement times: Logged Cards Scan time goal: 20.00ms Logged Cards Scan time: 0.02ms HCC time: 0.00ms
[17.781s][debug][gc,ergo,refine ] GC(53) Updated Refinement Zones: green: 2048, yellow: 6144, red: 10240
[17.781s][info ][gc,phases      ] GC(53)   Pre Evacuate Collection Set: 0.1ms
[17.781s][debug][gc,phases      ] GC(53)     Prepare TLABs: 0.0ms
[17.781s][debug][gc,phases      ] GC(53)     Choose Collection Set: 0.0ms
[17.781s][debug][gc,phases      ] GC(53)     Region Register: 0.1ms
[17.781s][debug][gc,phases      ] GC(53)     Prepare Heap Roots: 0.0ms
[17.781s][info ][gc,phases      ] GC(53)   Merge Heap Roots: 0.1ms
[17.781s][debug][gc,phases      ] GC(53)     Prepare Merge Heap Roots: 0.0ms
[17.781s][debug][gc,phases      ] GC(53)     Eager Reclaim (ms):       skipped
[17.781s][debug][gc,phases      ] GC(53)     Remembered Sets (ms):     Min:  0.0, Avg:  0.0, Max:  0.0, Diff:  0.0, Sum:  0.0, Workers: 8
[17.781s][debug][gc,phases      ] GC(53)       Merged Sparse:            Min: 0, Avg:  0.0, Max: 0, Diff: 0, Sum: 0, Workers: 8
[17.781s][debug][gc,phases      ] GC(53)       Merged Fine:              Min: 0, Avg:  0.0, Max: 0, Diff: 0, Sum: 0, Workers: 8
[17.781s][debug][gc,phases      ] GC(53)       Merged Coarse:            Min: 0, Avg:  0.0, Max: 0, Diff: 0, Sum: 0, Workers: 8
[17.781s][debug][gc,phases      ] GC(53)       Dirty Cards:              Min: 0, Avg:  0.0, Max: 0, Diff: 0, Sum: 0, Workers: 8
[17.781s][debug][gc,phases      ] GC(53)     Hot Card Cache (ms):      Min:  0.0, Avg:  0.0, Max:  0.0, Diff:  0.0, Sum:  0.0, Workers: 8
[17.781s][debug][gc,phases      ] GC(53)       Dirty Cards:              Min: 0, Avg:  0.0, Max: 0, Diff: 0, Sum: 0, Workers: 8
[17.781s][debug][gc,phases      ] GC(53)       Skipped Cards:            Min: 0, Avg:  0.0, Max: 0, Diff: 0, Sum: 0, Workers: 8
[17.781s][debug][gc,phases      ] GC(53)     Log Buffers (ms):         Min:  0.0, Avg:  0.0, Max:  0.0, Diff:  0.0, Sum:  0.0, Workers: 8
[17.781s][debug][gc,phases      ] GC(53)       Dirty Cards:              Min: 0, Avg: 11.0, Max: 48, Diff: 48, Sum: 88, Workers: 8
[17.781s][debug][gc,phases      ] GC(53)       Skipped Cards:            Min: 0, Avg:  0.0, Max: 0, Diff: 0, Sum: 0, Workers: 8
[17.781s][info ][gc,phases      ] GC(53)   Evacuate Collection Set: 0.3ms
[17.781s][debug][gc,phases      ] GC(53)     Ext Root Scanning (ms):   Min:  0.0, Avg:  0.0, Max:  0.1, Diff:  0.0, Sum:  0.2, Workers: 8
[17.781s][debug][gc,phases      ] GC(53)     Scan Heap Roots (ms):     Min:  0.0, Avg:  0.0, Max:  0.0, Diff:  0.0, Sum:  0.2, Workers: 8
[17.781s][debug][gc,phases      ] GC(53)       Scanned Cards:            Min: 0, Avg: 10.1, Max: 18, Diff: 18, Sum: 81, Workers: 8
[17.781s][debug][gc,phases      ] GC(53)       Scanned Blocks:           Min: 0, Avg:  8.0, Max: 15, Diff: 15, Sum: 64, Workers: 8
[17.781s][debug][gc,phases      ] GC(53)       Claimed Chunks:           Min: 0, Avg:  3.0, Max: 5, Diff: 5, Sum: 24, Workers: 8
[17.781s][debug][gc,phases      ] GC(53)     Code Root Scan (ms):      Min:  0.0, Avg:  0.0, Max:  0.0, Diff:  0.0, Sum:  0.1, Workers: 8
[17.781s][debug][gc,phases      ] GC(53)     Object Copy (ms):         Min:  0.2, Avg:  0.2, Max:  0.2, Diff:  0.0, Sum:  1.4, Workers: 8
[17.781s][debug][gc,phases      ] GC(53)     Termination (ms):         Min:  0.0, Avg:  0.1, Max:  0.1, Diff:  0.0, Sum:  0.4, Workers: 8
[17.781s][debug][gc,phases      ] GC(53)       Termination Attempts:     Min: 1, Avg:  1.0, Max: 1, Diff: 0, Sum: 8, Workers: 8
[17.781s][debug][gc,phases      ] GC(53)     GC Worker Other (ms):     Min:  0.0, Avg:  0.0, Max:  0.0, Diff:  0.0, Sum:  0.1, Workers: 8
[17.781s][debug][gc,phases      ] GC(53)     GC Worker Total (ms):     Min:  0.3, Avg:  0.3, Max:  0.3, Diff:  0.1, Sum:  2.4, Workers: 8
[17.781s][info ][gc,phases      ] GC(53)   Post Evacuate Collection Set: 0.4ms
[17.781s][debug][gc,phases      ] GC(53)     Code Roots Fixup: 0.0ms
[17.781s][debug][gc,phases      ] GC(53)     Clear Card Table: 0.1ms
[17.781s][debug][gc,phases      ] GC(53)     Reference Processing: 0.0ms
[17.781s][debug][gc,phases,ref  ] GC(53)       Reconsider SoftReferences: 0.0ms
[17.781s][debug][gc,phases,ref  ] GC(53)         SoftRef (ms):             skipped
[17.781s][debug][gc,phases,ref  ] GC(53)       Notify Soft/WeakReferences: 0.0ms
[17.781s][debug][gc,phases,ref  ] GC(53)         SoftRef (ms):             Min:  0.0, Avg:  0.0, Max:  0.0, Diff:  0.0, Sum:  0.0, Workers: 1
[17.781s][debug][gc,phases,ref  ] GC(53)         WeakRef (ms):             Min:  0.0, Avg:  0.0, Max:  0.0, Diff:  0.0, Sum:  0.0, Workers: 1
[17.781s][debug][gc,phases,ref  ] GC(53)         FinalRef (ms):            Min:  0.0, Avg:  0.0, Max:  0.0, Diff:  0.0, Sum:  0.0, Workers: 1
[17.781s][debug][gc,phases,ref  ] GC(53)         Total (ms):               Min:  0.0, Avg:  0.0, Max:  0.0, Diff:  0.0, Sum:  0.0, Workers: 1
[17.781s][debug][gc,phases,ref  ] GC(53)       Notify and keep alive finalizable: 0.0ms
[17.781s][debug][gc,phases,ref  ] GC(53)         FinalRef (ms):            skipped
[17.781s][debug][gc,phases,ref  ] GC(53)       Notify PhantomReferences: 0.0ms
[17.781s][debug][gc,phases,ref  ] GC(53)         PhantomRef (ms):          Min:  0.0, Avg:  0.0, Max:  0.0, Diff:  0.0, Sum:  0.0, Workers: 1
[17.781s][debug][gc,phases,ref  ] GC(53)       SoftReference:
[17.781s][debug][gc,phases,ref  ] GC(53)         Discovered: 0
[17.781s][debug][gc,phases,ref  ] GC(53)         Cleared: 0
[17.781s][debug][gc,phases,ref  ] GC(53)       WeakReference:
[17.781s][debug][gc,phases,ref  ] GC(53)         Discovered: 2
[17.781s][debug][gc,phases,ref  ] GC(53)         Cleared: 0
[17.781s][debug][gc,phases,ref  ] GC(53)       FinalReference:
[17.781s][debug][gc,phases,ref  ] GC(53)         Discovered: 0
[17.781s][debug][gc,phases,ref  ] GC(53)         Cleared: 0
[17.781s][debug][gc,phases,ref  ] GC(53)       PhantomReference:
[17.781s][debug][gc,phases,ref  ] GC(53)         Discovered: 38
[17.781s][debug][gc,phases,ref  ] GC(53)         Cleared: 38
[17.781s][debug][gc,phases      ] GC(53)     Weak Processing: 0.1ms
[17.781s][debug][gc,phases      ] GC(53)       JVMTI weak processing: 0.0ms
[17.781s][debug][gc,phases      ] GC(53)         Dead: 0
[17.781s][debug][gc,phases      ] GC(53)         Total: 0
[17.781s][debug][gc,phases      ] GC(53)       JFR weak processing: 0.0ms
[17.781s][debug][gc,phases      ] GC(53)         Dead: 0
[17.781s][debug][gc,phases      ] GC(53)         Total: 0
[17.781s][debug][gc,phases      ] GC(53)       JNI weak                  Min:  0.0, Avg:  0.0, Max:  0.0, Diff:  0.0, Sum:  0.1, Workers: 5
[17.781s][debug][gc,phases      ] GC(53)         Dead                      Min: 0, Avg:  0.0, Max: 0, Diff: 0, Sum: 0, Workers: 5
[17.781s][debug][gc,phases      ] GC(53)         Total                     Min: 0, Avg: 61.4, Max: 179, Diff: 179, Sum: 307, Workers: 5
[17.781s][debug][gc,phases      ] GC(53)       VM weak                   Min:  0.0, Avg:  0.0, Max:  0.0, Diff:  0.0, Sum:  0.0, Workers: 5
[17.781s][debug][gc,phases      ] GC(53)         Dead                      Min: 0, Avg:  0.0, Max: 0, Diff: 0, Sum: 0, Workers: 5
[17.781s][debug][gc,phases      ] GC(53)         Total                     Min: 0, Avg: 42.4, Max: 148, Diff: 148, Sum: 212, Workers: 5
[17.781s][debug][gc,phases      ] GC(53)       StringTable weak          Min:  0.0, Avg:  0.0, Max:  0.0, Diff:  0.0, Sum:  0.1, Workers: 5
[17.781s][debug][gc,phases      ] GC(53)         Dead                      Min: 0, Avg:  0.0, Max: 0, Diff: 0, Sum: 0, Workers: 5
[17.781s][debug][gc,phases      ] GC(53)         Total                     Min: 0, Avg: 697.4, Max: 1759, Diff: 1759, Sum: 3487, Workers: 5
[17.781s][debug][gc,phases      ] GC(53)       ResolvedMethodTable weak  Min:  0.0, Avg:  0.0, Max:  0.0, Diff:  0.0, Sum:  0.1, Workers: 5
[17.781s][debug][gc,phases      ] GC(53)         Dead                      Min: 0, Avg:  0.0, Max: 0, Diff: 0, Sum: 0, Workers: 5
[17.781s][debug][gc,phases      ] GC(53)         Total                     Min: 0, Avg: 114.6, Max: 317, Diff: 317, Sum: 573, Workers: 5
[17.781s][debug][gc,phases      ] GC(53)     Merge Per-Thread State: 0.0ms
[17.781s][debug][gc,phases      ] GC(53)       Copied Bytes              Min: 169216, Avg: 216545.0, Max: 279688, Diff: 110472, Sum: 1732360, Workers: 8
[17.781s][debug][gc,phases      ] GC(53)       LAB Waste                 Min: 136, Avg: 208.0, Max: 320, Diff: 184, Sum: 1664, Workers: 8
[17.781s][debug][gc,phases      ] GC(53)       LAB Undo Waste            Min: 0, Avg:  0.0, Max: 0, Diff: 0, Sum: 0, Workers: 8
[17.781s][debug][gc,phases      ] GC(53)     Code Roots Purge: 0.0ms
[17.781s][debug][gc,phases      ] GC(53)     Redirty Cards: 0.0ms
[17.781s][debug][gc,phases      ] GC(53)     DerivedPointerTable Update: 0.0ms
[17.781s][debug][gc,phases      ] GC(53)     Free Collection Set: 0.1ms
[17.781s][debug][gc,phases      ] GC(53)     Rebuild Free List: 0.1ms
[17.781s][debug][gc,phases      ] GC(53)     Humongous Reclaim: 0.0ms
[17.781s][debug][gc,phases      ] GC(53)     Start New Collection Set: 0.0ms
[17.781s][debug][gc,phases      ] GC(53)     Resize TLABs: 0.0ms
[17.781s][debug][gc,phases      ] GC(53)     Expand Heap After Collection: 0.0ms
[17.781s][info ][gc,phases      ] GC(53)   Other: 0.4ms
[17.781s][info ][gc,heap        ] GC(53) Eden regions: 197->0(197)
[17.781s][info ][gc,heap        ] GC(53) Survivor regions: 2->2(25)
[17.781s][info ][gc,heap        ] GC(53) Old regions: 10->10
[17.781s][info ][gc,heap        ] GC(53) Archive regions: 2->2
[17.781s][info ][gc,heap        ] GC(53) Humongous regions: 0->0
[17.781s][info ][gc,metaspace   ] GC(53) Metaspace: 10320K(10880K)->10320K(10880K) NonClass: 9169K(9472K)->9169K(9472K) Class: 1151K(1408K)->1151K(1408K)
[17.781s][debug][gc,heap        ] GC(53) Heap after GC invocations=54 (full 1): garbage-first heap   total 340992K, used 8474K [0x0000000700000000, 0x0000000800000000)
[17.781s][debug][gc,heap        ] GC(53)   region size 1024K, 2 young (2048K), 2 survivors (2048K)
[17.781s][debug][gc,heap        ] GC(53)  Metaspace       used 10320K, capacity 10625K, committed 10880K, reserved 1058816K
[17.781s][debug][gc,heap        ] GC(53)   class space    used 1151K, capacity 1266K, committed 1408K, reserved 1048576K
[17.781s][info ][gc             ] GC(53) Pause Young (Normal) (G1 Evacuation Pause) 205M->8M(333M) 2.031ms
[17.781s][info ][gc,cpu         ] GC(53) User=0.00s Sys=0.00s Real=0.00s
[17.781s][info ][safepoint      ] Safepoint "G1CollectForAllocation", Time since last: 598458851 ns, Reaching safepoint: 130491 ns, At safepoint: 2249726 ns, Total: 2380217 ns
[18.408s][debug][gc,heap        ] GC(54) Heap before GC invocations=54 (full 1): garbage-first heap   total 340992K, used 210202K [0x0000000700000000, 0x0000000800000000)
[18.408s][debug][gc,heap        ] GC(54)   region size 1024K, 199 young (203776K), 2 survivors (2048K)
[18.408s][debug][gc,heap        ] GC(54)  Metaspace       used 10321K, capacity 10625K, committed 10880K, reserved 1058816K
[18.408s][debug][gc,heap        ] GC(54)   class space    used 1151K, capacity 1266K, committed 1408K, reserved 1048576K
[18.408s][info ][gc,start       ] GC(54) Pause Young (Normal) (G1 Evacuation Pause)
[18.408s][info ][gc,task        ] GC(54) Using 8 workers of 8 for evacuation
[18.408s][debug][gc,tlab        ] GC(54) TLAB totals: thrds: 9  refills: 808 max: 111 slow allocs: 3 max 3 waste:  0.9% gc: 1376176B max: 353440B slow: 467680B max: 64256B fast: 0B max: 0B
[18.408s][debug][gc,age         ] GC(54) Desired survivor size 13107200 bytes, new threshold 15 (max threshold 15)
[18.408s][debug][gc,alloc,region] GC(54) Mutator Allocation stats, regions: 197, wasted size: 824B ( 0.0%)
[18.408s][debug][gc,ergo        ] GC(54) Running G1 Merge Heap Roots using 8 workers for 199 regions
[18.408s][debug][gc,remset      ] GC(54) Visited cards 6144 Total dirty 18432 (33.33%) Total old 839680 (0.73%)
[18.408s][debug][gc,ergo        ] GC(54) Running G1 Clear Card Table Task using 1 workers for 1 units of work for 208 regions.
[18.408s][debug][gc,ref         ] GC(54) Skipped phase1 of Reference Processing due to unavailable references
[18.409s][debug][gc,ref         ] GC(54) Skipped phase3 of Reference Processing due to unavailable references
[18.409s][debug][gc,ergo        ] GC(54) Running G1 Free Collection Set using 8 workers for collection set length 199 (333)
[18.409s][debug][gc,ergo        ] GC(54) Running G1 Rebuild Free List Task using 8 workers for rebuilding free list of 0 (4096) regions
[18.409s][trace][gc,age         ] GC(54) Age table with threshold 15 (max threshold 15)
[18.409s][trace][gc,age         ] GC(54) - age   1:      84280 bytes,      84280 total
[18.409s][trace][gc,age         ] GC(54) - age   2:      81600 bytes,     165880 total
[18.409s][trace][gc,age         ] GC(54) - age   3:     165240 bytes,     331120 total
[18.409s][trace][gc,age         ] GC(54) - age   4:     161536 bytes,     492656 total
[18.409s][trace][gc,age         ] GC(54) - age   5:      81768 bytes,     574424 total
[18.409s][trace][gc,age         ] GC(54) - age   6:      81568 bytes,     655992 total
[18.409s][trace][gc,age         ] GC(54) - age   7:      81536 bytes,     737528 total
[18.409s][trace][gc,age         ] GC(54) - age   9:      81568 bytes,     819096 total
[18.409s][trace][gc,age         ] GC(54) - age  10:     260296 bytes,    1079392 total
[18.409s][trace][gc,age         ] GC(54) - age  11:      83112 bytes,    1162504 total
[18.409s][trace][gc,age         ] GC(54) - age  12:      81216 bytes,    1243720 total
[18.409s][trace][gc,age         ] GC(54) - age  13:     243896 bytes,    1487616 total
[18.409s][trace][gc,age         ] GC(54) - age  14:        672 bytes,    1488288 total
[18.409s][trace][gc,age         ] GC(54) - age  15:     244168 bytes,    1732456 total
[18.409s][debug][gc,plab        ] GC(54) Young PLAB allocation: allocated: 113520B, wasted: 1912B, unused: 13992B, used: 97616B, undo waste: 38416B, 
[18.409s][debug][gc,plab        ] GC(54) Young other allocation: region end waste: 34528B, regions filled: 2, direct allocated: 1673256B, failure used: 0B, failure wasted: 0B
[18.409s][debug][gc,plab        ] GC(54) Young sizing: calculated: 12616B, actual: 13232B
[18.409s][debug][gc,plab        ] GC(54) Old PLAB allocation: allocated: 10320B, wasted: 120B, unused: 5600B, used: 4600B, undo waste: 0B, 
[18.409s][debug][gc,plab        ] GC(54) Old other allocation: region end waste: 0B, regions filled: 1, direct allocated: 76832B, failure used: 0B, failure wasted: 0B
[18.409s][debug][gc,plab        ] GC(54) Old sizing: calculated: 920B, actual: 2064B
[18.409s][debug][gc,ihop        ] GC(54) Basic information (value update), threshold: 157129113B (45.00), target occupancy: 349175808B, current occupancy: 8823760B, recent allocation size: 10320B, recent allocation duration: 627.20ms, recent old gen allocation rate: 16454.11B/s, recent marking phase length: 0.00ms
[18.409s][debug][gc,ihop        ] GC(54) Adaptive IHOP information (value update), threshold: 157129113B (47.37), internal target occupancy: 331717017B, occupancy: 8823760B, additional buffer size: 208666624B, predicted old gen allocation rate: 46381.28B/s, predicted marking phase length: 0.00ms, prediction active: false
[18.409s][debug][gc,ergo,refine ] GC(54) Concurrent refinement times: Logged Cards Scan time goal: 20.00ms Logged Cards Scan time: 0.03ms HCC time: 0.00ms
[18.409s][debug][gc,ergo,refine ] GC(54) Updated Refinement Zones: green: 2048, yellow: 6144, red: 10240
[18.409s][info ][gc,phases      ] GC(54)   Pre Evacuate Collection Set: 0.1ms
[18.409s][debug][gc,phases      ] GC(54)     Prepare TLABs: 0.0ms
[18.409s][debug][gc,phases      ] GC(54)     Choose Collection Set: 0.0ms
[18.409s][debug][gc,phases      ] GC(54)     Region Register: 0.1ms
[18.409s][debug][gc,phases      ] GC(54)     Prepare Heap Roots: 0.0ms
[18.409s][info ][gc,phases      ] GC(54)   Merge Heap Roots: 0.1ms
[18.409s][debug][gc,phases      ] GC(54)     Prepare Merge Heap Roots: 0.0ms
[18.409s][debug][gc,phases      ] GC(54)     Eager Reclaim (ms):       skipped
[18.409s][debug][gc,phases      ] GC(54)     Remembered Sets (ms):     Min:  0.0, Avg:  0.0, Max:  0.0, Diff:  0.0, Sum:  0.1, Workers: 8
[18.409s][debug][gc,phases      ] GC(54)       Merged Sparse:            Min: 0, Avg:  0.0, Max: 0, Diff: 0, Sum: 0, Workers: 8
[18.409s][debug][gc,phases      ] GC(54)       Merged Fine:              Min: 0, Avg:  0.0, Max: 0, Diff: 0, Sum: 0, Workers: 8
[18.409s][debug][gc,phases      ] GC(54)       Merged Coarse:            Min: 0, Avg:  0.0, Max: 0, Diff: 0, Sum: 0, Workers: 8
[18.409s][debug][gc,phases      ] GC(54)       Dirty Cards:              Min: 0, Avg:  0.0, Max: 0, Diff: 0, Sum: 0, Workers: 8
[18.409s][debug][gc,phases      ] GC(54)     Hot Card Cache (ms):      Min:  0.0, Avg:  0.0, Max:  0.0, Diff:  0.0, Sum:  0.0, Workers: 8
[18.409s][debug][gc,phases      ] GC(54)       Dirty Cards:              Min: 0, Avg:  0.0, Max: 0, Diff: 0, Sum: 0, Workers: 8
[18.409s][debug][gc,phases      ] GC(54)       Skipped Cards:            Min: 0, Avg:  0.0, Max: 0, Diff: 0, Sum: 0, Workers: 8
[18.409s][debug][gc,phases      ] GC(54)     Log Buffers (ms):         Min:  0.0, Avg:  0.0, Max:  0.0, Diff:  0.0, Sum:  0.0, Workers: 8
[18.409s][debug][gc,phases      ] GC(54)       Dirty Cards:              Min: 0, Avg:  9.6, Max: 23, Diff: 23, Sum: 77, Workers: 8
[18.409s][debug][gc,phases      ] GC(54)       Skipped Cards:            Min: 0, Avg:  0.0, Max: 0, Diff: 0, Sum: 0, Workers: 8
[18.409s][info ][gc,phases      ] GC(54)   Evacuate Collection Set: 0.4ms
[18.409s][debug][gc,phases      ] GC(54)     Ext Root Scanning (ms):   Min:  0.0, Avg:  0.0, Max:  0.1, Diff:  0.1, Sum:  0.3, Workers: 8
[18.409s][debug][gc,phases      ] GC(54)     Scan Heap Roots (ms):     Min:  0.0, Avg:  0.0, Max:  0.0, Diff:  0.0, Sum:  0.2, Workers: 8
[18.409s][debug][gc,phases      ] GC(54)       Scanned Cards:            Min: 0, Avg:  9.6, Max: 17, Diff: 17, Sum: 77, Workers: 8
[18.409s][debug][gc,phases      ] GC(54)       Scanned Blocks:           Min: 0, Avg:  7.8, Max: 14, Diff: 14, Sum: 62, Workers: 8
[18.409s][debug][gc,phases      ] GC(54)       Claimed Chunks:           Min: 0, Avg:  3.0, Max: 7, Diff: 7, Sum: 24, Workers: 8
[18.409s][debug][gc,phases      ] GC(54)     Code Root Scan (ms):      Min:  0.0, Avg:  0.0, Max:  0.0, Diff:  0.0, Sum:  0.1, Workers: 8
[18.409s][debug][gc,phases      ] GC(54)     Object Copy (ms):         Min:  0.1, Avg:  0.2, Max:  0.2, Diff:  0.2, Sum:  1.4, Workers: 8
[18.409s][debug][gc,phases      ] GC(54)     Termination (ms):         Min:  0.0, Avg:  0.1, Max:  0.1, Diff:  0.0, Sum:  0.5, Workers: 8
[18.409s][debug][gc,phases      ] GC(54)       Termination Attempts:     Min: 1, Avg:  1.0, Max: 1, Diff: 0, Sum: 8, Workers: 8
[18.409s][debug][gc,phases      ] GC(54)     GC Worker Other (ms):     Min:  0.0, Avg:  0.0, Max:  0.0, Diff:  0.0, Sum:  0.1, Workers: 8
[18.409s][debug][gc,phases      ] GC(54)     GC Worker Total (ms):     Min:  0.1, Avg:  0.3, Max:  0.4, Diff:  0.2, Sum:  2.6, Workers: 8
[18.409s][info ][gc,phases      ] GC(54)   Post Evacuate Collection Set: 0.4ms
[18.409s][debug][gc,phases      ] GC(54)     Code Roots Fixup: 0.0ms
[18.409s][debug][gc,phases      ] GC(54)     Clear Card Table: 0.1ms
[18.409s][debug][gc,phases      ] GC(54)     Reference Processing: 0.0ms
[18.409s][debug][gc,phases,ref  ] GC(54)       Reconsider SoftReferences: 0.0ms
[18.409s][debug][gc,phases,ref  ] GC(54)         SoftRef (ms):             skipped
[18.409s][debug][gc,phases,ref  ] GC(54)       Notify Soft/WeakReferences: 0.0ms
[18.409s][debug][gc,phases,ref  ] GC(54)         SoftRef (ms):             Min:  0.0, Avg:  0.0, Max:  0.0, Diff:  0.0, Sum:  0.0, Workers: 1
[18.409s][debug][gc,phases,ref  ] GC(54)         WeakRef (ms):             Min:  0.0, Avg:  0.0, Max:  0.0, Diff:  0.0, Sum:  0.0, Workers: 1
[18.409s][debug][gc,phases,ref  ] GC(54)         FinalRef (ms):            Min:  0.0, Avg:  0.0, Max:  0.0, Diff:  0.0, Sum:  0.0, Workers: 1
[18.409s][debug][gc,phases,ref  ] GC(54)         Total (ms):               Min:  0.0, Avg:  0.0, Max:  0.0, Diff:  0.0, Sum:  0.0, Workers: 1
[18.409s][debug][gc,phases,ref  ] GC(54)       Notify and keep alive finalizable: 0.0ms
[18.409s][debug][gc,phases,ref  ] GC(54)         FinalRef (ms):            skipped
[18.409s][debug][gc,phases,ref  ] GC(54)       Notify PhantomReferences: 0.0ms
[18.409s][debug][gc,phases,ref  ] GC(54)         PhantomRef (ms):          Min:  0.0, Avg:  0.0, Max:  0.0, Diff:  0.0, Sum:  0.0, Workers: 1
[18.409s][debug][gc,phases,ref  ] GC(54)       SoftReference:
[18.409s][debug][gc,phases,ref  ] GC(54)         Discovered: 0
[18.409s][debug][gc,phases,ref  ] GC(54)         Cleared: 0
[18.409s][debug][gc,phases,ref  ] GC(54)       WeakReference:
[18.409s][debug][gc,phases,ref  ] GC(54)         Discovered: 2
[18.409s][debug][gc,phases,ref  ] GC(54)         Cleared: 0
[18.409s][debug][gc,phases,ref  ] GC(54)       FinalReference:
[18.409s][debug][gc,phases,ref  ] GC(54)         Discovered: 0
[18.409s][debug][gc,phases,ref  ] GC(54)         Cleared: 0
[18.409s][debug][gc,phases,ref  ] GC(54)       PhantomReference:
[18.409s][debug][gc,phases,ref  ] GC(54)         Discovered: 36
[18.409s][debug][gc,phases,ref  ] GC(54)         Cleared: 36
[18.409s][debug][gc,phases      ] GC(54)     Weak Processing: 0.1ms
[18.409s][debug][gc,phases      ] GC(54)       JVMTI weak processing: 0.0ms
[18.409s][debug][gc,phases      ] GC(54)         Dead: 0
[18.409s][debug][gc,phases      ] GC(54)         Total: 0
[18.409s][debug][gc,phases      ] GC(54)       JFR weak processing: 0.0ms
[18.409s][debug][gc,phases      ] GC(54)         Dead: 0
[18.409s][debug][gc,phases      ] GC(54)         Total: 0
[18.409s][debug][gc,phases      ] GC(54)       JNI weak                  Min:  0.0, Avg:  0.0, Max:  0.0, Diff:  0.0, Sum:  0.0, Workers: 5
[18.409s][debug][gc,phases      ] GC(54)         Dead                      Min: 0, Avg:  0.0, Max: 0, Diff: 0, Sum: 0, Workers: 5
[18.409s][debug][gc,phases      ] GC(54)         Total                     Min: 0, Avg: 62.2, Max: 183, Diff: 183, Sum: 311, Workers: 5
[18.409s][debug][gc,phases      ] GC(54)       VM weak                   Min:  0.0, Avg:  0.0, Max:  0.0, Diff:  0.0, Sum:  0.0, Workers: 5
[18.409s][debug][gc,phases      ] GC(54)         Dead                      Min: 0, Avg:  0.0, Max: 0, Diff: 0, Sum: 0, Workers: 5
[18.409s][debug][gc,phases      ] GC(54)         Total                     Min: 0, Avg: 42.4, Max: 128, Diff: 128, Sum: 212, Workers: 5
[18.409s][debug][gc,phases      ] GC(54)       StringTable weak          Min:  0.0, Avg:  0.0, Max:  0.0, Diff:  0.0, Sum:  0.1, Workers: 5
[18.409s][debug][gc,phases      ] GC(54)         Dead                      Min: 0, Avg:  0.0, Max: 0, Diff: 0, Sum: 0, Workers: 5
[18.409s][debug][gc,phases      ] GC(54)         Total                     Min: 0, Avg: 697.4, Max: 1759, Diff: 1759, Sum: 3487, Workers: 5
[18.409s][debug][gc,phases      ] GC(54)       ResolvedMethodTable weak  Min:  0.0, Avg:  0.0, Max:  0.0, Diff:  0.0, Sum:  0.0, Workers: 5
[18.409s][debug][gc,phases      ] GC(54)         Dead                      Min: 0, Avg:  0.0, Max: 0, Diff: 0, Sum: 0, Workers: 5
[18.409s][debug][gc,phases      ] GC(54)         Total                     Min: 0, Avg: 114.6, Max: 189, Diff: 189, Sum: 573, Workers: 5
[18.409s][debug][gc,phases      ] GC(54)     Merge Per-Thread State: 0.0ms
[18.409s][debug][gc,phases      ] GC(54)       Copied Bytes              Min: 56968, Avg: 226736.0, Max: 373024, Diff: 316056, Sum: 1813888, Workers: 8
[18.409s][debug][gc,phases      ] GC(54)       LAB Waste                 Min: 136, Avg: 254.0, Max: 368, Diff: 232, Sum: 2032, Workers: 8
[18.409s][debug][gc,phases      ] GC(54)       LAB Undo Waste            Min: 0, Avg: 4802.0, Max: 38416, Diff: 38416, Sum: 38416, Workers: 8
[18.409s][debug][gc,phases      ] GC(54)     Code Roots Purge: 0.0ms
[18.409s][debug][gc,phases      ] GC(54)     Redirty Cards: 0.0ms
[18.409s][debug][gc,phases      ] GC(54)     DerivedPointerTable Update: 0.0ms
[18.409s][debug][gc,phases      ] GC(54)     Free Collection Set: 0.1ms
[18.409s][debug][gc,phases      ] GC(54)     Rebuild Free List: 0.1ms
[18.409s][debug][gc,phases      ] GC(54)     Humongous Reclaim: 0.0ms
[18.409s][debug][gc,phases      ] GC(54)     Start New Collection Set: 0.0ms
[18.409s][debug][gc,phases      ] GC(54)     Resize TLABs: 0.0ms
[18.409s][debug][gc,phases      ] GC(54)     Expand Heap After Collection: 0.0ms
[18.409s][info ][gc,phases      ] GC(54)   Other: 0.4ms
[18.409s][info ][gc,heap        ] GC(54) Eden regions: 197->0(197)
[18.410s][info ][gc,heap        ] GC(54) Survivor regions: 2->2(25)
[18.410s][info ][gc,heap        ] GC(54) Old regions: 10->10
[18.410s][info ][gc,heap        ] GC(54) Archive regions: 2->2
[18.410s][info ][gc,heap        ] GC(54) Humongous regions: 0->0
[18.410s][info ][gc,metaspace   ] GC(54) Metaspace: 10321K(10880K)->10321K(10880K) NonClass: 9170K(9472K)->9170K(9472K) Class: 1151K(1408K)->1151K(1408K)
[18.410s][debug][gc,heap        ] GC(54) Heap after GC invocations=55 (full 1): garbage-first heap   total 340992K, used 8616K [0x0000000700000000, 0x0000000800000000)
[18.410s][debug][gc,heap        ] GC(54)   region size 1024K, 2 young (2048K), 2 survivors (2048K)
[18.410s][debug][gc,heap        ] GC(54)  Metaspace       used 10321K, capacity 10625K, committed 10880K, reserved 1058816K
[18.410s][debug][gc,heap        ] GC(54)   class space    used 1151K, capacity 1266K, committed 1408K, reserved 1048576K
[18.410s][info ][gc             ] GC(54) Pause Young (Normal) (G1 Evacuation Pause) 205M->8M(333M) 1.859ms
[18.410s][info ][gc,cpu         ] GC(54) User=0.01s Sys=0.00s Real=0.01s
[18.410s][info ][safepoint      ] Safepoint "G1CollectForAllocation", Time since last: 625939675 ns, Reaching safepoint: 201789 ns, At safepoint: 2072719 ns, Total: 2274508 ns
[19.050s][debug][gc,heap        ] GC(55) Heap before GC invocations=55 (full 1): garbage-first heap   total 340992K, used 210344K [0x0000000700000000, 0x0000000800000000)
[19.050s][debug][gc,heap        ] GC(55)   region size 1024K, 199 young (203776K), 2 survivors (2048K)
[19.050s][debug][gc,heap        ] GC(55)  Metaspace       used 10333K, capacity 10625K, committed 10880K, reserved 1058816K
[19.050s][debug][gc,heap        ] GC(55)   class space    used 1151K, capacity 1266K, committed 1408K, reserved 1048576K
[19.050s][info ][gc,start       ] GC(55) Pause Young (Normal) (G1 Evacuation Pause)
[19.050s][info ][gc,task        ] GC(55) Using 8 workers of 8 for evacuation
[19.050s][debug][gc,tlab        ] GC(55) TLAB totals: thrds: 9  refills: 825 max: 109 slow allocs: 6 max 6 waste:  1.1% gc: 1756648B max: 478976B slow: 477752B max: 62896B fast: 0B max: 0B
[19.050s][debug][gc,age         ] GC(55) Desired survivor size 13107200 bytes, new threshold 15 (max threshold 15)
[19.050s][debug][gc,alloc,region] GC(55) Mutator Allocation stats, regions: 197, wasted size: 0B ( 0.0%)
[19.051s][debug][gc,ergo        ] GC(55) Running G1 Merge Heap Roots using 8 workers for 199 regions
[19.051s][debug][gc,remset      ] GC(55) Visited cards 6400 Total dirty 18432 (34.72%) Total old 839680 (0.76%)
[19.051s][debug][gc,ergo        ] GC(55) Running G1 Clear Card Table Task using 1 workers for 1 units of work for 208 regions.
[19.051s][debug][gc,ref         ] GC(55) Skipped phase1 of Reference Processing due to unavailable references
[19.051s][debug][gc,ref         ] GC(55) Skipped phase3 of Reference Processing due to unavailable references
[19.051s][debug][gc,ergo        ] GC(55) Running G1 Free Collection Set using 8 workers for collection set length 199 (333)
[19.051s][debug][gc,ergo        ] GC(55) Running G1 Rebuild Free List Task using 8 workers for rebuilding free list of 0 (4096) regions
[19.051s][trace][gc,age         ] GC(55) Age table with threshold 15 (max threshold 15)
[19.051s][trace][gc,age         ] GC(55) - age   1:     164584 bytes,     164584 total
[19.051s][trace][gc,age         ] GC(55) - age   2:      81568 bytes,     246152 total
[19.051s][trace][gc,age         ] GC(55) - age   3:      81568 bytes,     327720 total
[19.051s][trace][gc,age         ] GC(55) - age   4:     165240 bytes,     492960 total
[19.051s][trace][gc,age         ] GC(55) - age   5:     161536 bytes,     654496 total
[19.051s][trace][gc,age         ] GC(55) - age   6:      81768 bytes,     736264 total
[19.051s][trace][gc,age         ] GC(55) - age   7:      81568 bytes,     817832 total
[19.051s][trace][gc,age         ] GC(55) - age   8:      81536 bytes,     899368 total
[19.051s][trace][gc,age         ] GC(55) - age  10:      81568 bytes,     980936 total
[19.051s][trace][gc,age         ] GC(55) - age  11:     260296 bytes,    1241232 total
[19.051s][trace][gc,age         ] GC(55) - age  12:      83112 bytes,    1324344 total
[19.051s][trace][gc,age         ] GC(55) - age  13:      81216 bytes,    1405560 total
[19.051s][trace][gc,age         ] GC(55) - age  14:     243896 bytes,    1649456 total
[19.051s][trace][gc,age         ] GC(55) - age  15:        672 bytes,    1650128 total
[19.051s][debug][gc,plab        ] GC(55) Young PLAB allocation: allocated: 107328B, wasted: 1408B, unused: 12256B, used: 93664B, undo waste: 0B, 
[19.051s][debug][gc,plab        ] GC(55) Young other allocation: region end waste: 36592B, regions filled: 2, direct allocated: 1556464B, failure used: 0B, failure wasted: 0B
[19.051s][debug][gc,plab        ] GC(55) Young sizing: calculated: 11408B, actual: 11864B
[19.051s][debug][gc,plab        ] GC(55) Old PLAB allocation: allocated: 20640B, wasted: 232B, unused: 6736B, used: 13672B, undo waste: 0B, 
[19.051s][debug][gc,plab        ] GC(55) Old other allocation: region end waste: 0B, regions filled: 1, direct allocated: 230496B, failure used: 0B, failure wasted: 0B
[19.051s][debug][gc,plab        ] GC(55) Old sizing: calculated: 2728B, actual: 2248B
[19.051s][debug][gc,ihop        ] GC(55) Basic information (value update), threshold: 157129113B (45.00), target occupancy: 349175808B, current occupancy: 8954232B, recent allocation size: 20640B, recent allocation duration: 641.51ms, recent old gen allocation rate: 32174.16B/s, recent marking phase length: 0.00ms
[19.051s][debug][gc,ihop        ] GC(55) Adaptive IHOP information (value update), threshold: 157129113B (47.37), internal target occupancy: 331717017B, occupancy: 8954232B, additional buffer size: 208666624B, predicted old gen allocation rate: 46232.06B/s, predicted marking phase length: 0.00ms, prediction active: false
[19.051s][debug][gc,ergo,refine ] GC(55) Concurrent refinement times: Logged Cards Scan time goal: 20.00ms Logged Cards Scan time: 0.02ms HCC time: 0.00ms
[19.051s][debug][gc,ergo,refine ] GC(55) Updated Refinement Zones: green: 2048, yellow: 6144, red: 10240
[19.051s][info ][gc,phases      ] GC(55)   Pre Evacuate Collection Set: 0.1ms
[19.051s][debug][gc,phases      ] GC(55)     Prepare TLABs: 0.0ms
[19.051s][debug][gc,phases      ] GC(55)     Choose Collection Set: 0.0ms
[19.051s][debug][gc,phases      ] GC(55)     Region Register: 0.1ms
[19.051s][debug][gc,phases      ] GC(55)     Prepare Heap Roots: 0.0ms
[19.051s][info ][gc,phases      ] GC(55)   Merge Heap Roots: 0.1ms
[19.051s][debug][gc,phases      ] GC(55)     Prepare Merge Heap Roots: 0.0ms
[19.051s][debug][gc,phases      ] GC(55)     Eager Reclaim (ms):       skipped
[19.052s][debug][gc,phases      ] GC(55)     Remembered Sets (ms):     Min:  0.0, Avg:  0.0, Max:  0.0, Diff:  0.0, Sum:  0.0, Workers: 8
[19.052s][debug][gc,phases      ] GC(55)       Merged Sparse:            Min: 0, Avg:  0.0, Max: 0, Diff: 0, Sum: 0, Workers: 8
[19.052s][debug][gc,phases      ] GC(55)       Merged Fine:              Min: 0, Avg:  0.0, Max: 0, Diff: 0, Sum: 0, Workers: 8
[19.052s][debug][gc,phases      ] GC(55)       Merged Coarse:            Min: 0, Avg:  0.0, Max: 0, Diff: 0, Sum: 0, Workers: 8
[19.052s][debug][gc,phases      ] GC(55)       Dirty Cards:              Min: 0, Avg:  0.0, Max: 0, Diff: 0, Sum: 0, Workers: 8
[19.052s][debug][gc,phases      ] GC(55)     Hot Card Cache (ms):      Min:  0.0, Avg:  0.0, Max:  0.0, Diff:  0.0, Sum:  0.0, Workers: 8
[19.052s][debug][gc,phases      ] GC(55)       Dirty Cards:              Min: 0, Avg:  0.0, Max: 0, Diff: 0, Sum: 0, Workers: 8
[19.052s][debug][gc,phases      ] GC(55)       Skipped Cards:            Min: 0, Avg:  0.0, Max: 0, Diff: 0, Sum: 0, Workers: 8
[19.052s][debug][gc,phases      ] GC(55)     Log Buffers (ms):         Min:  0.0, Avg:  0.0, Max:  0.0, Diff:  0.0, Sum:  0.0, Workers: 8
[19.052s][debug][gc,phases      ] GC(55)       Dirty Cards:              Min: 0, Avg: 11.1, Max: 39, Diff: 39, Sum: 89, Workers: 8
[19.052s][debug][gc,phases      ] GC(55)       Skipped Cards:            Min: 0, Avg:  0.0, Max: 0, Diff: 0, Sum: 0, Workers: 8
[19.052s][info ][gc,phases      ] GC(55)   Evacuate Collection Set: 0.3ms
[19.052s][debug][gc,phases      ] GC(55)     Ext Root Scanning (ms):   Min:  0.0, Avg:  0.0, Max:  0.1, Diff:  0.0, Sum:  0.2, Workers: 8
[19.052s][debug][gc,phases      ] GC(55)     Scan Heap Roots (ms):     Min:  0.0, Avg:  0.0, Max:  0.0, Diff:  0.0, Sum:  0.1, Workers: 8
[19.052s][debug][gc,phases      ] GC(55)       Scanned Cards:            Min: 0, Avg: 10.4, Max: 17, Diff: 17, Sum: 83, Workers: 8
[19.052s][debug][gc,phases      ] GC(55)       Scanned Blocks:           Min: 0, Avg:  7.9, Max: 12, Diff: 12, Sum: 63, Workers: 8
[19.052s][debug][gc,phases      ] GC(55)       Claimed Chunks:           Min: 0, Avg:  3.1, Max: 7, Diff: 7, Sum: 25, Workers: 8
[19.052s][debug][gc,phases      ] GC(55)     Code Root Scan (ms):      Min:  0.0, Avg:  0.0, Max:  0.0, Diff:  0.0, Sum:  0.1, Workers: 8
[19.052s][debug][gc,phases      ] GC(55)     Object Copy (ms):         Min:  0.2, Avg:  0.2, Max:  0.2, Diff:  0.0, Sum:  1.4, Workers: 8
[19.052s][debug][gc,phases      ] GC(55)     Termination (ms):         Min:  0.0, Avg:  0.1, Max:  0.1, Diff:  0.0, Sum:  0.4, Workers: 8
[19.052s][debug][gc,phases      ] GC(55)       Termination Attempts:     Min: 1, Avg:  1.0, Max: 1, Diff: 0, Sum: 8, Workers: 8
[19.052s][debug][gc,phases      ] GC(55)     GC Worker Other (ms):     Min:  0.0, Avg:  0.0, Max:  0.0, Diff:  0.0, Sum:  0.1, Workers: 8
[19.052s][debug][gc,phases      ] GC(55)     GC Worker Total (ms):     Min:  0.3, Avg:  0.3, Max:  0.3, Diff:  0.1, Sum:  2.4, Workers: 8
[19.052s][info ][gc,phases      ] GC(55)   Post Evacuate Collection Set: 0.3ms
[19.052s][debug][gc,phases      ] GC(55)     Code Roots Fixup: 0.0ms
[19.052s][debug][gc,phases      ] GC(55)     Clear Card Table: 0.1ms
[19.052s][debug][gc,phases      ] GC(55)     Reference Processing: 0.0ms
[19.052s][debug][gc,phases,ref  ] GC(55)       Reconsider SoftReferences: 0.0ms
[19.052s][debug][gc,phases,ref  ] GC(55)         SoftRef (ms):             skipped
[19.052s][debug][gc,phases,ref  ] GC(55)       Notify Soft/WeakReferences: 0.0ms
[19.052s][debug][gc,phases,ref  ] GC(55)         SoftRef (ms):             Min:  0.0, Avg:  0.0, Max:  0.0, Diff:  0.0, Sum:  0.0, Workers: 1
[19.052s][debug][gc,phases,ref  ] GC(55)         WeakRef (ms):             Min:  0.0, Avg:  0.0, Max:  0.0, Diff:  0.0, Sum:  0.0, Workers: 1
[19.052s][debug][gc,phases,ref  ] GC(55)         FinalRef (ms):            Min:  0.0, Avg:  0.0, Max:  0.0, Diff:  0.0, Sum:  0.0, Workers: 1
[19.052s][debug][gc,phases,ref  ] GC(55)         Total (ms):               Min:  0.0, Avg:  0.0, Max:  0.0, Diff:  0.0, Sum:  0.0, Workers: 1
[19.052s][debug][gc,phases,ref  ] GC(55)       Notify and keep alive finalizable: 0.0ms
[19.052s][debug][gc,phases,ref  ] GC(55)         FinalRef (ms):            skipped
[19.052s][debug][gc,phases,ref  ] GC(55)       Notify PhantomReferences: 0.0ms
[19.052s][debug][gc,phases,ref  ] GC(55)         PhantomRef (ms):          Min:  0.0, Avg:  0.0, Max:  0.0, Diff:  0.0, Sum:  0.0, Workers: 1
[19.052s][debug][gc,phases,ref  ] GC(55)       SoftReference:
[19.052s][debug][gc,phases,ref  ] GC(55)         Discovered: 0
[19.052s][debug][gc,phases,ref  ] GC(55)         Cleared: 0
[19.052s][debug][gc,phases,ref  ] GC(55)       WeakReference:
[19.052s][debug][gc,phases,ref  ] GC(55)         Discovered: 2
[19.052s][debug][gc,phases,ref  ] GC(55)         Cleared: 0
[19.052s][debug][gc,phases,ref  ] GC(55)       FinalReference:
[19.052s][debug][gc,phases,ref  ] GC(55)         Discovered: 0
[19.052s][debug][gc,phases,ref  ] GC(55)         Cleared: 0
[19.052s][debug][gc,phases,ref  ] GC(55)       PhantomReference:
[19.052s][debug][gc,phases,ref  ] GC(55)         Discovered: 33
[19.052s][debug][gc,phases,ref  ] GC(55)         Cleared: 33
[19.052s][debug][gc,phases      ] GC(55)     Weak Processing: 0.0ms
[19.052s][debug][gc,phases      ] GC(55)       JVMTI weak processing: 0.0ms
[19.052s][debug][gc,phases      ] GC(55)         Dead: 0
[19.052s][debug][gc,phases      ] GC(55)         Total: 0
[19.052s][debug][gc,phases      ] GC(55)       JFR weak processing: 0.0ms
[19.052s][debug][gc,phases      ] GC(55)         Dead: 0
[19.052s][debug][gc,phases      ] GC(55)         Total: 0
[19.052s][debug][gc,phases      ] GC(55)       JNI weak                  Min:  0.0, Avg:  0.0, Max:  0.0, Diff:  0.0, Sum:  0.0, Workers: 5
[19.052s][debug][gc,phases      ] GC(55)         Dead                      Min: 0, Avg:  0.0, Max: 0, Diff: 0, Sum: 0, Workers: 5
[19.052s][debug][gc,phases      ] GC(55)         Total                     Min: 0, Avg: 63.8, Max: 191, Diff: 191, Sum: 319, Workers: 5
[19.052s][debug][gc,phases      ] GC(55)       VM weak                   Min:  0.0, Avg:  0.0, Max:  0.0, Diff:  0.0, Sum:  0.0, Workers: 5
[19.052s][debug][gc,phases      ] GC(55)         Dead                      Min: 0, Avg:  0.0, Max: 0, Diff: 0, Sum: 0, Workers: 5
[19.052s][debug][gc,phases      ] GC(55)         Total                     Min: 0, Avg: 42.4, Max: 148, Diff: 148, Sum: 212, Workers: 5
[19.052s][debug][gc,phases      ] GC(55)       StringTable weak          Min:  0.0, Avg:  0.0, Max:  0.0, Diff:  0.0, Sum:  0.1, Workers: 5
[19.052s][debug][gc,phases      ] GC(55)         Dead                      Min: 0, Avg:  0.0, Max: 0, Diff: 0, Sum: 0, Workers: 5
[19.052s][debug][gc,phases      ] GC(55)         Total                     Min: 0, Avg: 698.2, Max: 1059, Diff: 1059, Sum: 3491, Workers: 5
[19.052s][debug][gc,phases      ] GC(55)       ResolvedMethodTable weak  Min:  0.0, Avg:  0.0, Max:  0.0, Diff:  0.0, Sum:  0.0, Workers: 5
[19.052s][debug][gc,phases      ] GC(55)         Dead                      Min: 0, Avg:  0.0, Max: 0, Diff: 0, Sum: 0, Workers: 5
[19.052s][debug][gc,phases      ] GC(55)         Total                     Min: 0, Avg: 114.6, Max: 189, Diff: 189, Sum: 573, Workers: 5
[19.052s][debug][gc,phases      ] GC(55)     Merge Per-Thread State: 0.0ms
[19.052s][debug][gc,phases      ] GC(55)       Copied Bytes              Min: 136664, Avg: 236787.0, Max: 362360, Diff: 225696, Sum: 1894296, Workers: 8
[19.052s][debug][gc,phases      ] GC(55)       LAB Waste                 Min: 96, Avg: 205.0, Max: 400, Diff: 304, Sum: 1640, Workers: 8
[19.052s][debug][gc,phases      ] GC(55)       LAB Undo Waste            Min: 0, Avg:  0.0, Max: 0, Diff: 0, Sum: 0, Workers: 8
[19.052s][debug][gc,phases      ] GC(55)     Code Roots Purge: 0.0ms
[19.052s][debug][gc,phases      ] GC(55)     Redirty Cards: 0.0ms
[19.052s][debug][gc,phases      ] GC(55)     DerivedPointerTable Update: 0.0ms
[19.052s][debug][gc,phases      ] GC(55)     Free Collection Set: 0.1ms
[19.052s][debug][gc,phases      ] GC(55)     Rebuild Free List: 0.0ms
[19.052s][debug][gc,phases      ] GC(55)     Humongous Reclaim: 0.0ms
[19.052s][debug][gc,phases      ] GC(55)     Start New Collection Set: 0.0ms
[19.052s][debug][gc,phases      ] GC(55)     Resize TLABs: 0.0ms
[19.052s][debug][gc,phases      ] GC(55)     Expand Heap After Collection: 0.0ms
[19.052s][info ][gc,phases      ] GC(55)   Other: 0.3ms
[19.052s][info ][gc,heap        ] GC(55) Eden regions: 197->0(197)
[19.052s][info ][gc,heap        ] GC(55) Survivor regions: 2->2(25)
[19.052s][info ][gc,heap        ] GC(55) Old regions: 10->10
[19.052s][info ][gc,heap        ] GC(55) Archive regions: 2->2
[19.052s][info ][gc,heap        ] GC(55) Humongous regions: 0->0
[19.052s][info ][gc,metaspace   ] GC(55) Metaspace: 10333K(10880K)->10333K(10880K) NonClass: 9182K(9472K)->9182K(9472K) Class: 1151K(1408K)->1151K(1408K)
[19.052s][debug][gc,heap        ] GC(55) Heap after GC invocations=56 (full 1): garbage-first heap   total 340992K, used 8744K [0x0000000700000000, 0x0000000800000000)
[19.052s][debug][gc,heap        ] GC(55)   region size 1024K, 2 young (2048K), 2 survivors (2048K)
[19.052s][debug][gc,heap        ] GC(55)  Metaspace       used 10333K, capacity 10625K, committed 10880K, reserved 1058816K
[19.052s][debug][gc,heap        ] GC(55)   class space    used 1151K, capacity 1266K, committed 1408K, reserved 1048576K
[19.052s][info ][gc             ] GC(55) Pause Young (Normal) (G1 Evacuation Pause) 205M->8M(333M) 1.658ms
[19.052s][info ][gc,cpu         ] GC(55) User=0.01s Sys=0.00s Real=0.00s
[19.052s][info ][safepoint      ] Safepoint "G1CollectForAllocation", Time since last: 640486729 ns, Reaching safepoint: 161781 ns, At safepoint: 1815398 ns, Total: 1977179 ns
[19.717s][debug][gc,heap        ] GC(56) Heap before GC invocations=56 (full 1): garbage-first heap   total 340992K, used 210472K [0x0000000700000000, 0x0000000800000000)
[19.717s][debug][gc,heap        ] GC(56)   region size 1024K, 199 young (203776K), 2 survivors (2048K)
[19.717s][debug][gc,heap        ] GC(56)  Metaspace       used 10338K, capacity 10625K, committed 10880K, reserved 1058816K
[19.717s][debug][gc,heap        ] GC(56)   class space    used 1151K, capacity 1266K, committed 1408K, reserved 1048576K
[19.717s][info ][gc,start       ] GC(56) Pause Young (Normal) (G1 Evacuation Pause)
[19.717s][info ][gc,task        ] GC(56) Using 8 workers of 8 for evacuation
[19.717s][debug][gc,tlab        ] GC(56) TLAB totals: thrds: 10  refills: 808 max: 115 slow allocs: 2 max 2 waste:  1.0% gc: 1677752B max: 401104B slow: 466576B max: 66544B fast: 0B max: 0B
[19.717s][debug][gc,age         ] GC(56) Desired survivor size 13107200 bytes, new threshold 15 (max threshold 15)
[19.717s][debug][gc,alloc,region] GC(56) Mutator Allocation stats, regions: 197, wasted size: 0B ( 0.0%)
[19.717s][debug][gc,ergo        ] GC(56) Running G1 Merge Heap Roots using 8 workers for 199 regions
[19.717s][debug][gc,remset      ] GC(56) Visited cards 6400 Total dirty 18432 (34.72%) Total old 839680 (0.76%)
[19.717s][debug][gc,ergo        ] GC(56) Running G1 Clear Card Table Task using 1 workers for 1 units of work for 208 regions.
[19.717s][debug][gc,ref         ] GC(56) Skipped phase1 of Reference Processing due to unavailable references
[19.717s][debug][gc,ref         ] GC(56) Skipped phase3 of Reference Processing due to unavailable references
[19.718s][debug][gc,ergo        ] GC(56) Running G1 Free Collection Set using 8 workers for collection set length 199 (333)
[19.718s][debug][gc,ergo        ] GC(56) Running G1 Rebuild Free List Task using 8 workers for rebuilding free list of 0 (4096) regions
[19.718s][trace][gc,age         ] GC(56) Age table with threshold 15 (max threshold 15)
[19.718s][trace][gc,age         ] GC(56) - age   1:      84336 bytes,      84336 total
[19.718s][trace][gc,age         ] GC(56) - age   2:     161760 bytes,     246096 total
[19.718s][trace][gc,age         ] GC(56) - age   3:      81568 bytes,     327664 total
[19.718s][trace][gc,age         ] GC(56) - age   4:      81568 bytes,     409232 total
[19.718s][trace][gc,age         ] GC(56) - age   5:     165240 bytes,     574472 total
[19.718s][trace][gc,age         ] GC(56) - age   6:     161536 bytes,     736008 total
[19.718s][trace][gc,age         ] GC(56) - age   7:      81768 bytes,     817776 total
[19.718s][trace][gc,age         ] GC(56) - age   8:      81568 bytes,     899344 total
[19.718s][trace][gc,age         ] GC(56) - age   9:      81536 bytes,     980880 total
[19.718s][trace][gc,age         ] GC(56) - age  11:      81568 bytes,    1062448 total
[19.718s][trace][gc,age         ] GC(56) - age  12:     260296 bytes,    1322744 total
[19.718s][trace][gc,age         ] GC(56) - age  13:      83112 bytes,    1405856 total
[19.718s][trace][gc,age         ] GC(56) - age  14:      81216 bytes,    1487072 total
[19.718s][trace][gc,age         ] GC(56) - age  15:     243896 bytes,    1730968 total
[19.718s][debug][gc,plab        ] GC(56) Young PLAB allocation: allocated: 107328B, wasted: 1680B, unused: 7976B, used: 97672B, undo waste: 0B, 
[19.718s][debug][gc,plab        ] GC(56) Young other allocation: region end waste: 26272B, regions filled: 2, direct allocated: 1633296B, failure used: 0B, failure wasted: 0B
[19.718s][debug][gc,plab        ] GC(56) Young sizing: calculated: 14280B, actual: 13672B
[19.718s][debug][gc,plab        ] GC(56) Old PLAB allocation: allocated: 2064B, wasted: 0B, unused: 1392B, used: 672B, undo waste: 0B, 
[19.718s][debug][gc,plab        ] GC(56) Old other allocation: region end waste: 0B, regions filled: 1, direct allocated: 0B, failure used: 0B, failure wasted: 0B
[19.718s][debug][gc,plab        ] GC(56) Old sizing: calculated: 128B, actual: 2064B
[19.718s][debug][gc,ihop        ] GC(56) Basic information (value update), threshold: 157129113B (45.00), target occupancy: 349175808B, current occupancy: 9023304B, recent allocation size: 2064B, recent allocation duration: 665.39ms, recent old gen allocation rate: 3101.92B/s, recent marking phase length: 0.00ms
[19.718s][debug][gc,ihop        ] GC(56) Adaptive IHOP information (value update), threshold: 157129113B (47.37), internal target occupancy: 331717017B, occupancy: 9023304B, additional buffer size: 208666624B, predicted old gen allocation rate: 44731.98B/s, predicted marking phase length: 0.00ms, prediction active: false
[19.718s][debug][gc,ergo,refine ] GC(56) Concurrent refinement times: Logged Cards Scan time goal: 20.00ms Logged Cards Scan time: 0.02ms HCC time: 0.00ms
[19.718s][debug][gc,ergo,refine ] GC(56) Updated Refinement Zones: green: 2048, yellow: 6144, red: 10240
[19.718s][info ][gc,phases      ] GC(56)   Pre Evacuate Collection Set: 0.1ms
[19.718s][debug][gc,phases      ] GC(56)     Prepare TLABs: 0.0ms
[19.718s][debug][gc,phases      ] GC(56)     Choose Collection Set: 0.0ms
[19.718s][debug][gc,phases      ] GC(56)     Region Register: 0.1ms
[19.718s][debug][gc,phases      ] GC(56)     Prepare Heap Roots: 0.0ms
[19.718s][info ][gc,phases      ] GC(56)   Merge Heap Roots: 0.1ms
[19.718s][debug][gc,phases      ] GC(56)     Prepare Merge Heap Roots: 0.0ms
[19.718s][debug][gc,phases      ] GC(56)     Eager Reclaim (ms):       skipped
[19.718s][debug][gc,phases      ] GC(56)     Remembered Sets (ms):     Min:  0.0, Avg:  0.0, Max:  0.0, Diff:  0.0, Sum:  0.1, Workers: 8
[19.718s][debug][gc,phases      ] GC(56)       Merged Sparse:            Min: 0, Avg:  0.0, Max: 0, Diff: 0, Sum: 0, Workers: 8
[19.718s][debug][gc,phases      ] GC(56)       Merged Fine:              Min: 0, Avg:  0.0, Max: 0, Diff: 0, Sum: 0, Workers: 8
[19.718s][debug][gc,phases      ] GC(56)       Merged Coarse:            Min: 0, Avg:  0.0, Max: 0, Diff: 0, Sum: 0, Workers: 8
[19.718s][debug][gc,phases      ] GC(56)       Dirty Cards:              Min: 0, Avg:  0.0, Max: 0, Diff: 0, Sum: 0, Workers: 8
[19.718s][debug][gc,phases      ] GC(56)     Hot Card Cache (ms):      Min:  0.0, Avg:  0.0, Max:  0.0, Diff:  0.0, Sum:  0.0, Workers: 8
[19.718s][debug][gc,phases      ] GC(56)       Dirty Cards:              Min: 0, Avg:  0.0, Max: 0, Diff: 0, Sum: 0, Workers: 8
[19.718s][debug][gc,phases      ] GC(56)       Skipped Cards:            Min: 0, Avg:  0.0, Max: 0, Diff: 0, Sum: 0, Workers: 8
[19.718s][debug][gc,phases      ] GC(56)     Log Buffers (ms):         Min:  0.0, Avg:  0.0, Max:  0.0, Diff:  0.0, Sum:  0.0, Workers: 8
[19.718s][debug][gc,phases      ] GC(56)       Dirty Cards:              Min: 0, Avg: 10.2, Max: 21, Diff: 21, Sum: 82, Workers: 8
[19.718s][debug][gc,phases      ] GC(56)       Skipped Cards:            Min: 0, Avg:  0.0, Max: 0, Diff: 0, Sum: 0, Workers: 8
[19.718s][info ][gc,phases      ] GC(56)   Evacuate Collection Set: 0.3ms
[19.718s][debug][gc,phases      ] GC(56)     Ext Root Scanning (ms):   Min:  0.0, Avg:  0.0, Max:  0.1, Diff:  0.0, Sum:  0.2, Workers: 8
[19.718s][debug][gc,phases      ] GC(56)     Scan Heap Roots (ms):     Min:  0.0, Avg:  0.0, Max:  0.0, Diff:  0.0, Sum:  0.2, Workers: 8
[19.718s][debug][gc,phases      ] GC(56)       Scanned Cards:            Min: 0, Avg:  9.8, Max: 17, Diff: 17, Sum: 78, Workers: 8
[19.718s][debug][gc,phases      ] GC(56)       Scanned Blocks:           Min: 0, Avg:  8.0, Max: 13, Diff: 13, Sum: 64, Workers: 8
[19.718s][debug][gc,phases      ] GC(56)       Claimed Chunks:           Min: 0, Avg:  3.1, Max: 7, Diff: 7, Sum: 25, Workers: 8
[19.718s][debug][gc,phases      ] GC(56)     Code Root Scan (ms):      Min:  0.0, Avg:  0.0, Max:  0.0, Diff:  0.0, Sum:  0.1, Workers: 8
[19.718s][debug][gc,phases      ] GC(56)     Object Copy (ms):         Min:  0.1, Avg:  0.2, Max:  0.2, Diff:  0.0, Sum:  1.3, Workers: 8
[19.718s][debug][gc,phases      ] GC(56)     Termination (ms):         Min:  0.0, Avg:  0.0, Max:  0.1, Diff:  0.0, Sum:  0.4, Workers: 8
[19.718s][debug][gc,phases      ] GC(56)       Termination Attempts:     Min: 1, Avg:  1.0, Max: 1, Diff: 0, Sum: 8, Workers: 8
[19.718s][debug][gc,phases      ] GC(56)     GC Worker Other (ms):     Min:  0.0, Avg:  0.0, Max:  0.0, Diff:  0.0, Sum:  0.1, Workers: 8
[19.718s][debug][gc,phases      ] GC(56)     GC Worker Total (ms):     Min:  0.2, Avg:  0.3, Max:  0.3, Diff:  0.1, Sum:  2.2, Workers: 8
[19.718s][info ][gc,phases      ] GC(56)   Post Evacuate Collection Set: 0.3ms
[19.718s][debug][gc,phases      ] GC(56)     Code Roots Fixup: 0.0ms
[19.718s][debug][gc,phases      ] GC(56)     Clear Card Table: 0.1ms
[19.718s][debug][gc,phases      ] GC(56)     Reference Processing: 0.0ms
[19.718s][debug][gc,phases,ref  ] GC(56)       Reconsider SoftReferences: 0.0ms
[19.718s][debug][gc,phases,ref  ] GC(56)         SoftRef (ms):             skipped
[19.718s][debug][gc,phases,ref  ] GC(56)       Notify Soft/WeakReferences: 0.0ms
[19.718s][debug][gc,phases,ref  ] GC(56)         SoftRef (ms):             Min:  0.0, Avg:  0.0, Max:  0.0, Diff:  0.0, Sum:  0.0, Workers: 1
[19.718s][debug][gc,phases,ref  ] GC(56)         WeakRef (ms):             Min:  0.0, Avg:  0.0, Max:  0.0, Diff:  0.0, Sum:  0.0, Workers: 1
[19.718s][debug][gc,phases,ref  ] GC(56)         FinalRef (ms):            Min:  0.0, Avg:  0.0, Max:  0.0, Diff:  0.0, Sum:  0.0, Workers: 1
[19.718s][debug][gc,phases,ref  ] GC(56)         Total (ms):               Min:  0.0, Avg:  0.0, Max:  0.0, Diff:  0.0, Sum:  0.0, Workers: 1
[19.718s][debug][gc,phases,ref  ] GC(56)       Notify and keep alive finalizable: 0.0ms
[19.718s][debug][gc,phases,ref  ] GC(56)         FinalRef (ms):            skipped
[19.718s][debug][gc,phases,ref  ] GC(56)       Notify PhantomReferences: 0.0ms
[19.718s][debug][gc,phases,ref  ] GC(56)         PhantomRef (ms):          Min:  0.0, Avg:  0.0, Max:  0.0, Diff:  0.0, Sum:  0.0, Workers: 1
[19.718s][debug][gc,phases,ref  ] GC(56)       SoftReference:
[19.718s][debug][gc,phases,ref  ] GC(56)         Discovered: 0
[19.718s][debug][gc,phases,ref  ] GC(56)         Cleared: 0
[19.718s][debug][gc,phases,ref  ] GC(56)       WeakReference:
[19.718s][debug][gc,phases,ref  ] GC(56)         Discovered: 2
[19.718s][debug][gc,phases,ref  ] GC(56)         Cleared: 0
[19.718s][debug][gc,phases,ref  ] GC(56)       FinalReference:
[19.718s][debug][gc,phases,ref  ] GC(56)         Discovered: 0
[19.718s][debug][gc,phases,ref  ] GC(56)         Cleared: 0
[19.718s][debug][gc,phases,ref  ] GC(56)       PhantomReference:
[19.718s][debug][gc,phases,ref  ] GC(56)         Discovered: 36
[19.718s][debug][gc,phases,ref  ] GC(56)         Cleared: 36
[19.718s][debug][gc,phases      ] GC(56)     Weak Processing: 0.0ms
[19.718s][debug][gc,phases      ] GC(56)       JVMTI weak processing: 0.0ms
[19.718s][debug][gc,phases      ] GC(56)         Dead: 0
[19.718s][debug][gc,phases      ] GC(56)         Total: 0
[19.718s][debug][gc,phases      ] GC(56)       JFR weak processing: 0.0ms
[19.718s][debug][gc,phases      ] GC(56)         Dead: 0
[19.718s][debug][gc,phases      ] GC(56)         Total: 0
[19.718s][debug][gc,phases      ] GC(56)       JNI weak                  Min:  0.0, Avg:  0.0, Max:  0.0, Diff:  0.0, Sum:  0.0, Workers: 5
[19.718s][debug][gc,phases      ] GC(56)         Dead                      Min: 0, Avg:  0.0, Max: 0, Diff: 0, Sum: 0, Workers: 5
[19.718s][debug][gc,phases      ] GC(56)         Total                     Min: 0, Avg: 64.6, Max: 192, Diff: 192, Sum: 323, Workers: 5
[19.718s][debug][gc,phases      ] GC(56)       VM weak                   Min:  0.0, Avg:  0.0, Max:  0.0, Diff:  0.0, Sum:  0.0, Workers: 5
[19.718s][debug][gc,phases      ] GC(56)         Dead                      Min: 0, Avg:  0.0, Max: 0, Diff: 0, Sum: 0, Workers: 5
[19.718s][debug][gc,phases      ] GC(56)         Total                     Min: 0, Avg: 42.4, Max: 64, Diff: 64, Sum: 212, Workers: 5
[19.718s][debug][gc,phases      ] GC(56)       StringTable weak          Min:  0.0, Avg:  0.0, Max:  0.0, Diff:  0.0, Sum:  0.1, Workers: 5
[19.718s][debug][gc,phases      ] GC(56)         Dead                      Min: 0, Avg:  0.0, Max: 0, Diff: 0, Sum: 0, Workers: 5
[19.718s][debug][gc,phases      ] GC(56)         Total                     Min: 640, Avg: 698.4, Max: 768, Diff: 128, Sum: 3492, Workers: 5
[19.718s][debug][gc,phases      ] GC(56)       ResolvedMethodTable weak  Min:  0.0, Avg:  0.0, Max:  0.0, Diff:  0.0, Sum:  0.0, Workers: 5
[19.718s][debug][gc,phases      ] GC(56)         Dead                      Min: 0, Avg:  0.0, Max: 0, Diff: 0, Sum: 0, Workers: 5
[19.718s][debug][gc,phases      ] GC(56)         Total                     Min: 64, Avg: 114.6, Max: 128, Diff: 64, Sum: 573, Workers: 5
[19.718s][debug][gc,phases      ] GC(56)     Merge Per-Thread State: 0.0ms
[19.718s][debug][gc,phases      ] GC(56)       Copied Bytes              Min: 127296, Avg: 216455.0, Max: 319160, Diff: 191864, Sum: 1731640, Workers: 8
[19.718s][debug][gc,phases      ] GC(56)       LAB Waste                 Min: 160, Avg: 210.0, Max: 416, Diff: 256, Sum: 1680, Workers: 8
[19.718s][debug][gc,phases      ] GC(56)       LAB Undo Waste            Min: 0, Avg:  0.0, Max: 0, Diff: 0, Sum: 0, Workers: 8
[19.718s][debug][gc,phases      ] GC(56)     Code Roots Purge: 0.0ms
[19.718s][debug][gc,phases      ] GC(56)     Redirty Cards: 0.0ms
[19.718s][debug][gc,phases      ] GC(56)     DerivedPointerTable Update: 0.0ms
[19.718s][debug][gc,phases      ] GC(56)     Free Collection Set: 0.1ms
[19.718s][debug][gc,phases      ] GC(56)     Rebuild Free List: 0.0ms
[19.718s][debug][gc,phases      ] GC(56)     Humongous Reclaim: 0.0ms
[19.718s][debug][gc,phases      ] GC(56)     Start New Collection Set: 0.0ms
[19.718s][debug][gc,phases      ] GC(56)     Resize TLABs: 0.0ms
[19.718s][debug][gc,phases      ] GC(56)     Expand Heap After Collection: 0.0ms
[19.718s][info ][gc,phases      ] GC(56)   Other: 0.4ms
[19.718s][info ][gc,heap        ] GC(56) Eden regions: 197->0(197)
[19.718s][info ][gc,heap        ] GC(56) Survivor regions: 2->2(25)
[19.718s][info ][gc,heap        ] GC(56) Old regions: 10->10
[19.718s][info ][gc,heap        ] GC(56) Archive regions: 2->2
[19.718s][info ][gc,heap        ] GC(56) Humongous regions: 0->0
[19.718s][info ][gc,metaspace   ] GC(56) Metaspace: 10338K(10880K)->10338K(10880K) NonClass: 9187K(9472K)->9187K(9472K) Class: 1151K(1408K)->1151K(1408K)
[19.718s][debug][gc,heap        ] GC(56) Heap after GC invocations=57 (full 1): garbage-first heap   total 340992K, used 8811K [0x0000000700000000, 0x0000000800000000)
[19.718s][debug][gc,heap        ] GC(56)   region size 1024K, 2 young (2048K), 2 survivors (2048K)
[19.718s][debug][gc,heap        ] GC(56)  Metaspace       used 10338K, capacity 10625K, committed 10880K, reserved 1058816K
[19.718s][debug][gc,heap        ] GC(56)   class space    used 1151K, capacity 1266K, committed 1408K, reserved 1048576K
[19.719s][info ][gc             ] GC(56) Pause Young (Normal) (G1 Evacuation Pause) 205M->8M(333M) 1.756ms
[19.719s][info ][gc,cpu         ] GC(56) User=0.00s Sys=0.00s Real=0.00s
[19.719s][info ][safepoint      ] Safepoint "G1CollectForAllocation", Time since last: 664269946 ns, Reaching safepoint: 228200 ns, At safepoint: 2133249 ns, Total: 2361449 ns
[20.420s][debug][gc,heap        ] GC(57) Heap before GC invocations=57 (full 1): garbage-first heap   total 340992K, used 210539K [0x0000000700000000, 0x0000000800000000)
[20.420s][debug][gc,heap        ] GC(57)   region size 1024K, 199 young (203776K), 2 survivors (2048K)
[20.420s][debug][gc,heap        ] GC(57)  Metaspace       used 10343K, capacity 10625K, committed 10880K, reserved 1058816K
[20.420s][debug][gc,heap        ] GC(57)   class space    used 1151K, capacity 1266K, committed 1408K, reserved 1048576K
[20.420s][info ][gc,start       ] GC(57) Pause Young (Normal) (G1 Evacuation Pause)
[20.420s][info ][gc,task        ] GC(57) Using 8 workers of 8 for evacuation
[20.420s][debug][gc,tlab        ] GC(57) TLAB totals: thrds: 9  refills: 810 max: 108 slow allocs: 3 max 3 waste:  0.8% gc: 1243192B max: 319008B slow: 468056B max: 62320B fast: 0B max: 0B
[20.420s][debug][gc,age         ] GC(57) Desired survivor size 13107200 bytes, new threshold 15 (max threshold 15)
[20.420s][debug][gc,alloc,region] GC(57) Mutator Allocation stats, regions: 197, wasted size: 1808B ( 0.0%)
[20.420s][debug][gc,ergo        ] GC(57) Running G1 Merge Heap Roots using 8 workers for 199 regions
[20.420s][debug][gc,remset      ] GC(57) Visited cards 6656 Total dirty 18432 (36.11%) Total old 839680 (0.79%)
[20.420s][debug][gc,ergo        ] GC(57) Running G1 Clear Card Table Task using 1 workers for 1 units of work for 208 regions.
[20.421s][debug][gc,ref         ] GC(57) Skipped phase1 of Reference Processing due to unavailable references
[20.421s][debug][gc,ref         ] GC(57) Skipped phase3 of Reference Processing due to unavailable references
[20.421s][debug][gc,ergo        ] GC(57) Running G1 Free Collection Set using 8 workers for collection set length 199 (333)
[20.421s][debug][gc,ergo        ] GC(57) Running G1 Rebuild Free List Task using 8 workers for rebuilding free list of 0 (4096) regions
[20.421s][trace][gc,age         ] GC(57) Age table with threshold 15 (max threshold 15)
[20.421s][trace][gc,age         ] GC(57) - age   1:      84248 bytes,      84248 total
[20.421s][trace][gc,age         ] GC(57) - age   2:      81656 bytes,     165904 total
[20.421s][trace][gc,age         ] GC(57) - age   3:     161728 bytes,     327632 total
[20.421s][trace][gc,age         ] GC(57) - age   4:      81568 bytes,     409200 total
[20.421s][trace][gc,age         ] GC(57) - age   5:      81568 bytes,     490768 total
[20.421s][trace][gc,age         ] GC(57) - age   6:     165240 bytes,     656008 total
[20.421s][trace][gc,age         ] GC(57) - age   7:     161536 bytes,     817544 total
[20.421s][trace][gc,age         ] GC(57) - age   8:      81768 bytes,     899312 total
[20.421s][trace][gc,age         ] GC(57) - age   9:      81568 bytes,     980880 total
[20.421s][trace][gc,age         ] GC(57) - age  10:      81536 bytes,    1062416 total
[20.421s][trace][gc,age         ] GC(57) - age  12:      81568 bytes,    1143984 total
[20.421s][trace][gc,age         ] GC(57) - age  13:     260296 bytes,    1404280 total
[20.421s][trace][gc,age         ] GC(57) - age  14:      83112 bytes,    1487392 total
[20.421s][trace][gc,age         ] GC(57) - age  15:      81216 bytes,    1568608 total
[20.421s][debug][gc,plab        ] GC(57) Young PLAB allocation: allocated: 97008B, wasted: 1512B, unused: 6512B, used: 88984B, undo waste: 0B, 
[20.421s][debug][gc,plab        ] GC(57) Young other allocation: region end waste: 24216B, regions filled: 2, direct allocated: 1479624B, failure used: 0B, failure wasted: 0B
[20.421s][debug][gc,plab        ] GC(57) Young sizing: calculated: 12952B, actual: 13128B
[20.421s][debug][gc,plab        ] GC(57) Old PLAB allocation: allocated: 18576B, wasted: 152B, unused: 6576B, used: 11848B, undo waste: 38416B, 
[20.421s][debug][gc,plab        ] GC(57) Old other allocation: region end waste: 0B, regions filled: 1, direct allocated: 270464B, failure used: 0B, failure wasted: 0B
[20.421s][debug][gc,plab        ] GC(57) Old sizing: calculated: 2368B, actual: 2064B
[20.421s][debug][gc,ihop        ] GC(57) Basic information (value update), threshold: 157129113B (45.00), target occupancy: 349175808B, current occupancy: 9146536B, recent allocation size: 18576B, recent allocation duration: 702.06ms, recent old gen allocation rate: 26459.21B/s, recent marking phase length: 0.00ms
[20.421s][debug][gc,ihop        ] GC(57) Adaptive IHOP information (value update), threshold: 157129113B (47.37), internal target occupancy: 331717017B, occupancy: 9146536B, additional buffer size: 208666624B, predicted old gen allocation rate: 44341.68B/s, predicted marking phase length: 0.00ms, prediction active: false
[20.421s][debug][gc,ergo,refine ] GC(57) Concurrent refinement times: Logged Cards Scan time goal: 20.00ms Logged Cards Scan time: 0.02ms HCC time: 0.00ms
[20.421s][debug][gc,ergo,refine ] GC(57) Updated Refinement Zones: green: 2048, yellow: 6144, red: 10240
[20.421s][info ][gc,phases      ] GC(57)   Pre Evacuate Collection Set: 0.1ms
[20.421s][debug][gc,phases      ] GC(57)     Prepare TLABs: 0.0ms
[20.421s][debug][gc,phases      ] GC(57)     Choose Collection Set: 0.0ms
[20.421s][debug][gc,phases      ] GC(57)     Region Register: 0.1ms
[20.421s][debug][gc,phases      ] GC(57)     Prepare Heap Roots: 0.0ms
[20.421s][info ][gc,phases      ] GC(57)   Merge Heap Roots: 0.1ms
[20.421s][debug][gc,phases      ] GC(57)     Prepare Merge Heap Roots: 0.0ms
[20.421s][debug][gc,phases      ] GC(57)     Eager Reclaim (ms):       skipped
[20.421s][debug][gc,phases      ] GC(57)     Remembered Sets (ms):     Min:  0.0, Avg:  0.0, Max:  0.0, Diff:  0.0, Sum:  0.1, Workers: 8
[20.421s][debug][gc,phases      ] GC(57)       Merged Sparse:            Min: 0, Avg:  0.0, Max: 0, Diff: 0, Sum: 0, Workers: 8
[20.421s][debug][gc,phases      ] GC(57)       Merged Fine:              Min: 0, Avg:  0.0, Max: 0, Diff: 0, Sum: 0, Workers: 8
[20.421s][debug][gc,phases      ] GC(57)       Merged Coarse:            Min: 0, Avg:  0.0, Max: 0, Diff: 0, Sum: 0, Workers: 8
[20.421s][debug][gc,phases      ] GC(57)       Dirty Cards:              Min: 0, Avg:  0.0, Max: 0, Diff: 0, Sum: 0, Workers: 8
[20.421s][debug][gc,phases      ] GC(57)     Hot Card Cache (ms):      Min:  0.0, Avg:  0.0, Max:  0.0, Diff:  0.0, Sum:  0.0, Workers: 8
[20.421s][debug][gc,phases      ] GC(57)       Dirty Cards:              Min: 0, Avg:  0.0, Max: 0, Diff: 0, Sum: 0, Workers: 8
[20.421s][debug][gc,phases      ] GC(57)       Skipped Cards:            Min: 0, Avg:  0.0, Max: 0, Diff: 0, Sum: 0, Workers: 8
[20.421s][debug][gc,phases      ] GC(57)     Log Buffers (ms):         Min:  0.0, Avg:  0.0, Max:  0.0, Diff:  0.0, Sum:  0.0, Workers: 8
[20.421s][debug][gc,phases      ] GC(57)       Dirty Cards:              Min: 0, Avg:  9.9, Max: 22, Diff: 22, Sum: 79, Workers: 8
[20.421s][debug][gc,phases      ] GC(57)       Skipped Cards:            Min: 0, Avg:  0.0, Max: 0, Diff: 0, Sum: 0, Workers: 8
[20.421s][info ][gc,phases      ] GC(57)   Evacuate Collection Set: 0.4ms
[20.421s][debug][gc,phases      ] GC(57)     Ext Root Scanning (ms):   Min:  0.0, Avg:  0.0, Max:  0.0, Diff:  0.0, Sum:  0.2, Workers: 8
[20.421s][debug][gc,phases      ] GC(57)     Scan Heap Roots (ms):     Min:  0.0, Avg:  0.0, Max:  0.0, Diff:  0.0, Sum:  0.2, Workers: 8
[20.421s][debug][gc,phases      ] GC(57)       Scanned Cards:            Min: 0, Avg:  9.8, Max: 17, Diff: 17, Sum: 78, Workers: 8
[20.421s][debug][gc,phases      ] GC(57)       Scanned Blocks:           Min: 0, Avg:  8.2, Max: 13, Diff: 13, Sum: 66, Workers: 8
[20.421s][debug][gc,phases      ] GC(57)       Claimed Chunks:           Min: 0, Avg:  3.2, Max: 6, Diff: 6, Sum: 26, Workers: 8
[20.421s][debug][gc,phases      ] GC(57)     Code Root Scan (ms):      Min:  0.0, Avg:  0.0, Max:  0.0, Diff:  0.0, Sum:  0.1, Workers: 8
[20.421s][debug][gc,phases      ] GC(57)     Object Copy (ms):         Min:  0.0, Avg:  0.1, Max:  0.2, Diff:  0.2, Sum:  1.2, Workers: 8
[20.421s][debug][gc,phases      ] GC(57)     Termination (ms):         Min:  0.0, Avg:  0.1, Max:  0.1, Diff:  0.1, Sum:  0.5, Workers: 8
[20.421s][debug][gc,phases      ] GC(57)       Termination Attempts:     Min: 1, Avg:  1.0, Max: 1, Diff: 0, Sum: 8, Workers: 8
[20.421s][debug][gc,phases      ] GC(57)     GC Worker Other (ms):     Min:  0.0, Avg:  0.0, Max:  0.1, Diff:  0.1, Sum:  0.2, Workers: 8
[20.421s][debug][gc,phases      ] GC(57)     GC Worker Total (ms):     Min:  0.1, Avg:  0.3, Max:  0.3, Diff:  0.2, Sum:  2.3, Workers: 8
[20.421s][info ][gc,phases      ] GC(57)   Post Evacuate Collection Set: 0.4ms
[20.421s][debug][gc,phases      ] GC(57)     Code Roots Fixup: 0.0ms
[20.421s][debug][gc,phases      ] GC(57)     Clear Card Table: 0.1ms
[20.421s][debug][gc,phases      ] GC(57)     Reference Processing: 0.0ms
[20.421s][debug][gc,phases,ref  ] GC(57)       Reconsider SoftReferences: 0.0ms
[20.421s][debug][gc,phases,ref  ] GC(57)         SoftRef (ms):             skipped
[20.421s][debug][gc,phases,ref  ] GC(57)       Notify Soft/WeakReferences: 0.0ms
[20.421s][debug][gc,phases,ref  ] GC(57)         SoftRef (ms):             Min:  0.0, Avg:  0.0, Max:  0.0, Diff:  0.0, Sum:  0.0, Workers: 1
[20.421s][debug][gc,phases,ref  ] GC(57)         WeakRef (ms):             Min:  0.0, Avg:  0.0, Max:  0.0, Diff:  0.0, Sum:  0.0, Workers: 1
[20.421s][debug][gc,phases,ref  ] GC(57)         FinalRef (ms):            Min:  0.0, Avg:  0.0, Max:  0.0, Diff:  0.0, Sum:  0.0, Workers: 1
[20.421s][debug][gc,phases,ref  ] GC(57)         Total (ms):               Min:  0.0, Avg:  0.0, Max:  0.0, Diff:  0.0, Sum:  0.0, Workers: 1
[20.421s][debug][gc,phases,ref  ] GC(57)       Notify and keep alive finalizable: 0.0ms
[20.421s][debug][gc,phases,ref  ] GC(57)         FinalRef (ms):            skipped
[20.421s][debug][gc,phases,ref  ] GC(57)       Notify PhantomReferences: 0.0ms
[20.421s][debug][gc,phases,ref  ] GC(57)         PhantomRef (ms):          Min:  0.0, Avg:  0.0, Max:  0.0, Diff:  0.0, Sum:  0.0, Workers: 1
[20.421s][debug][gc,phases,ref  ] GC(57)       SoftReference:
[20.421s][debug][gc,phases,ref  ] GC(57)         Discovered: 0
[20.421s][debug][gc,phases,ref  ] GC(57)         Cleared: 0
[20.421s][debug][gc,phases,ref  ] GC(57)       WeakReference:
[20.421s][debug][gc,phases,ref  ] GC(57)         Discovered: 2
[20.421s][debug][gc,phases,ref  ] GC(57)         Cleared: 0
[20.421s][debug][gc,phases,ref  ] GC(57)       FinalReference:
[20.421s][debug][gc,phases,ref  ] GC(57)         Discovered: 0
[20.421s][debug][gc,phases,ref  ] GC(57)         Cleared: 0
[20.421s][debug][gc,phases,ref  ] GC(57)       PhantomReference:
[20.421s][debug][gc,phases,ref  ] GC(57)         Discovered: 33
[20.421s][debug][gc,phases,ref  ] GC(57)         Cleared: 33
[20.421s][debug][gc,phases      ] GC(57)     Weak Processing: 0.0ms
[20.421s][debug][gc,phases      ] GC(57)       JVMTI weak processing: 0.0ms
[20.421s][debug][gc,phases      ] GC(57)         Dead: 0
[20.421s][debug][gc,phases      ] GC(57)         Total: 0
[20.421s][debug][gc,phases      ] GC(57)       JFR weak processing: 0.0ms
[20.421s][debug][gc,phases      ] GC(57)         Dead: 0
[20.421s][debug][gc,phases      ] GC(57)         Total: 0
[20.421s][debug][gc,phases      ] GC(57)       JNI weak                  Min:  0.0, Avg:  0.0, Max:  0.0, Diff:  0.0, Sum:  0.0, Workers: 5
[20.421s][debug][gc,phases      ] GC(57)         Dead                      Min: 0, Avg:  0.0, Max: 0, Diff: 0, Sum: 0, Workers: 5
[20.421s][debug][gc,phases      ] GC(57)         Total                     Min: 0, Avg: 65.4, Max: 192, Diff: 192, Sum: 327, Workers: 5
[20.421s][debug][gc,phases      ] GC(57)       VM weak                   Min:  0.0, Avg:  0.0, Max:  0.0, Diff:  0.0, Sum:  0.0, Workers: 5
[20.421s][debug][gc,phases      ] GC(57)         Dead                      Min: 0, Avg:  0.0, Max: 0, Diff: 0, Sum: 0, Workers: 5
[20.421s][debug][gc,phases      ] GC(57)         Total                     Min: 0, Avg: 42.4, Max: 64, Diff: 64, Sum: 212, Workers: 5
[20.421s][debug][gc,phases      ] GC(57)       StringTable weak          Min:  0.0, Avg:  0.0, Max:  0.0, Diff:  0.0, Sum:  0.1, Workers: 5
[20.422s][debug][gc,phases      ] GC(57)         Dead                      Min: 0, Avg:  0.0, Max: 0, Diff: 0, Sum: 0, Workers: 5
[20.422s][debug][gc,phases      ] GC(57)         Total                     Min: 640, Avg: 698.4, Max: 768, Diff: 128, Sum: 3492, Workers: 5
[20.422s][debug][gc,phases      ] GC(57)       ResolvedMethodTable weak  Min:  0.0, Avg:  0.0, Max:  0.0, Diff:  0.0, Sum:  0.0, Workers: 5
[20.422s][debug][gc,phases      ] GC(57)         Dead                      Min: 0, Avg:  0.0, Max: 0, Diff: 0, Sum: 0, Workers: 5
[20.422s][debug][gc,phases      ] GC(57)         Total                     Min: 64, Avg: 114.6, Max: 128, Diff: 64, Sum: 573, Workers: 5
[20.422s][debug][gc,phases      ] GC(57)     Merge Per-Thread State: 0.0ms
[20.422s][debug][gc,phases      ] GC(57)       Copied Bytes              Min: 0, Avg: 226563.0, Max: 440240, Diff: 440240, Sum: 1812504, Workers: 8
[20.422s][debug][gc,phases      ] GC(57)       LAB Waste                 Min: 0, Avg: 208.0, Max: 464, Diff: 464, Sum: 1664, Workers: 8
[20.422s][debug][gc,phases      ] GC(57)       LAB Undo Waste            Min: 0, Avg: 4802.0, Max: 38416, Diff: 38416, Sum: 38416, Workers: 8
[20.422s][debug][gc,phases      ] GC(57)     Code Roots Purge: 0.0ms
[20.422s][debug][gc,phases      ] GC(57)     Redirty Cards: 0.0ms
[20.422s][debug][gc,phases      ] GC(57)     DerivedPointerTable Update: 0.0ms
[20.422s][debug][gc,phases      ] GC(57)     Free Collection Set: 0.1ms
[20.422s][debug][gc,phases      ] GC(57)     Rebuild Free List: 0.0ms
[20.422s][debug][gc,phases      ] GC(57)     Humongous Reclaim: 0.0ms
[20.422s][debug][gc,phases      ] GC(57)     Start New Collection Set: 0.0ms
[20.422s][debug][gc,phases      ] GC(57)     Resize TLABs: 0.0ms
[20.422s][debug][gc,phases      ] GC(57)     Expand Heap After Collection: 0.0ms
[20.422s][info ][gc,phases      ] GC(57)   Other: 0.4ms
[20.422s][info ][gc,heap        ] GC(57) Eden regions: 197->0(197)
[20.422s][info ][gc,heap        ] GC(57) Survivor regions: 2->2(25)
[20.422s][info ][gc,heap        ] GC(57) Old regions: 10->10
[20.422s][info ][gc,heap        ] GC(57) Archive regions: 2->2
[20.422s][info ][gc,heap        ] GC(57) Humongous regions: 0->0
[20.422s][info ][gc,metaspace   ] GC(57) Metaspace: 10343K(10880K)->10343K(10880K) NonClass: 9192K(9472K)->9192K(9472K) Class: 1151K(1408K)->1151K(1408K)
[20.422s][debug][gc,heap        ] GC(57) Heap after GC invocations=58 (full 1): garbage-first heap   total 340992K, used 8932K [0x0000000700000000, 0x0000000800000000)
[20.422s][debug][gc,heap        ] GC(57)   region size 1024K, 2 young (2048K), 2 survivors (2048K)
[20.422s][debug][gc,heap        ] GC(57)  Metaspace       used 10343K, capacity 10625K, committed 10880K, reserved 1058816K
[20.422s][debug][gc,heap        ] GC(57)   class space    used 1151K, capacity 1266K, committed 1408K, reserved 1048576K
[20.422s][info ][gc             ] GC(57) Pause Young (Normal) (G1 Evacuation Pause) 205M->8M(333M) 1.955ms
[20.422s][info ][gc,cpu         ] GC(57) User=0.00s Sys=0.00s Real=0.00s
[20.422s][info ][safepoint      ] Safepoint "G1CollectForAllocation", Time since last: 700779264 ns, Reaching safepoint: 157411 ns, At safepoint: 2235992 ns, Total: 2393403 ns
[21.138s][debug][gc,heap        ] GC(58) Heap before GC invocations=58 (full 1): garbage-first heap   total 340992K, used 210660K [0x0000000700000000, 0x0000000800000000)
[21.138s][debug][gc,heap        ] GC(58)   region size 1024K, 199 young (203776K), 2 survivors (2048K)
[21.138s][debug][gc,heap        ] GC(58)  Metaspace       used 10350K, capacity 10625K, committed 10880K, reserved 1058816K
[21.138s][debug][gc,heap        ] GC(58)   class space    used 1151K, capacity 1266K, committed 1408K, reserved 1048576K
[21.138s][info ][gc,start       ] GC(58) Pause Young (Normal) (G1 Evacuation Pause)
[21.138s][info ][gc,task        ] GC(58) Using 8 workers of 8 for evacuation
[21.138s][debug][gc,tlab        ] GC(58) TLAB totals: thrds: 9  refills: 824 max: 113 slow allocs: 10 max 10 waste:  1.3% gc: 2188000B max: 455424B slow: 477552B max: 65432B fast: 0B max: 0B
[21.138s][debug][gc,age         ] GC(58) Desired survivor size 13107200 bytes, new threshold 15 (max threshold 15)
[21.138s][debug][gc,alloc,region] GC(58) Mutator Allocation stats, regions: 197, wasted size: 0B ( 0.0%)
[21.138s][debug][gc,ergo        ] GC(58) Running G1 Merge Heap Roots using 8 workers for 199 regions
[21.138s][debug][gc,remset      ] GC(58) Visited cards 6912 Total dirty 18432 (37.50%) Total old 839680 (0.82%)
[21.139s][debug][gc,ergo        ] GC(58) Running G1 Clear Card Table Task using 1 workers for 1 units of work for 208 regions.
[21.139s][debug][gc,ref         ] GC(58) Skipped phase1 of Reference Processing due to unavailable references
[21.139s][debug][gc,ref         ] GC(58) Skipped phase3 of Reference Processing due to unavailable references
[21.139s][debug][gc,ergo        ] GC(58) Running G1 Free Collection Set using 8 workers for collection set length 199 (333)
[21.139s][debug][gc,ergo        ] GC(58) Running G1 Rebuild Free List Task using 8 workers for rebuilding free list of 0 (4096) regions
[21.139s][trace][gc,age         ] GC(58) Age table with threshold 15 (max threshold 15)
[21.139s][trace][gc,age         ] GC(58) - age   1:     164400 bytes,     164400 total
[21.139s][trace][gc,age         ] GC(58) - age   2:      81368 bytes,     245768 total
[21.139s][trace][gc,age         ] GC(58) - age   3:      81624 bytes,     327392 total
[21.139s][trace][gc,age         ] GC(58) - age   4:     161728 bytes,     489120 total
[21.139s][trace][gc,age         ] GC(58) - age   5:      81568 bytes,     570688 total
[21.139s][trace][gc,age         ] GC(58) - age   6:      81568 bytes,     652256 total
[21.139s][trace][gc,age         ] GC(58) - age   7:     165240 bytes,     817496 total
[21.139s][trace][gc,age         ] GC(58) - age   8:     161536 bytes,     979032 total
[21.139s][trace][gc,age         ] GC(58) - age   9:      81768 bytes,    1060800 total
[21.139s][trace][gc,age         ] GC(58) - age  10:      81568 bytes,    1142368 total
[21.139s][trace][gc,age         ] GC(58) - age  11:      81536 bytes,    1223904 total
[21.139s][trace][gc,age         ] GC(58) - age  13:      81568 bytes,    1305472 total
[21.139s][trace][gc,age         ] GC(58) - age  14:     260296 bytes,    1565768 total
[21.139s][trace][gc,age         ] GC(58) - age  15:      83112 bytes,    1648880 total
[21.139s][debug][gc,plab        ] GC(58) Young PLAB allocation: allocated: 103200B, wasted: 1432B, unused: 9344B, used: 92424B, undo waste: 0B, 
[21.139s][debug][gc,plab        ] GC(58) Young other allocation: region end waste: 4376B, regions filled: 2, direct allocated: 1556456B, failure used: 0B, failure wasted: 0B
[21.139s][debug][gc,plab        ] GC(58) Young sizing: calculated: 17608B, actual: 16488B
[21.139s][debug][gc,plab        ] GC(58) Old PLAB allocation: allocated: 10320B, wasted: 0B, unused: 5936B, used: 4384B, undo waste: 0B, 
[21.139s][debug][gc,plab        ] GC(58) Old other allocation: region end waste: 8144B, regions filled: 2, direct allocated: 76832B, failure used: 0B, failure wasted: 0B
[21.139s][debug][gc,plab        ] GC(58) Old sizing: calculated: 0B, actual: 2064B
[21.139s][debug][gc,ihop        ] GC(58) Basic information (value update), threshold: 157129113B (45.00), target occupancy: 349175808B, current occupancy: 9305464B, recent allocation size: 10320B, recent allocation duration: 717.09ms, recent old gen allocation rate: 14391.43B/s, recent marking phase length: 0.00ms
[21.139s][debug][gc,ihop        ] GC(58) Adaptive IHOP information (value update), threshold: 157129113B (47.37), internal target occupancy: 331717017B, occupancy: 9305464B, additional buffer size: 208666624B, predicted old gen allocation rate: 43376.80B/s, predicted marking phase length: 0.00ms, prediction active: false
[21.139s][debug][gc,ergo,refine ] GC(58) Concurrent refinement times: Logged Cards Scan time goal: 20.00ms Logged Cards Scan time: 0.02ms HCC time: 0.00ms
[21.139s][debug][gc,ergo,refine ] GC(58) Updated Refinement Zones: green: 2048, yellow: 6144, red: 10240
[21.139s][info ][gc,phases      ] GC(58)   Pre Evacuate Collection Set: 0.1ms
[21.139s][debug][gc,phases      ] GC(58)     Prepare TLABs: 0.0ms
[21.139s][debug][gc,phases      ] GC(58)     Choose Collection Set: 0.0ms
[21.139s][debug][gc,phases      ] GC(58)     Region Register: 0.1ms
[21.139s][debug][gc,phases      ] GC(58)     Prepare Heap Roots: 0.0ms
[21.139s][info ][gc,phases      ] GC(58)   Merge Heap Roots: 0.1ms
[21.139s][debug][gc,phases      ] GC(58)     Prepare Merge Heap Roots: 0.0ms
[21.139s][debug][gc,phases      ] GC(58)     Eager Reclaim (ms):       skipped
[21.139s][debug][gc,phases      ] GC(58)     Remembered Sets (ms):     Min:  0.0, Avg:  0.0, Max:  0.0, Diff:  0.0, Sum:  0.1, Workers: 8
[21.139s][debug][gc,phases      ] GC(58)       Merged Sparse:            Min: 0, Avg:  0.0, Max: 0, Diff: 0, Sum: 0, Workers: 8
[21.139s][debug][gc,phases      ] GC(58)       Merged Fine:              Min: 0, Avg:  0.0, Max: 0, Diff: 0, Sum: 0, Workers: 8
[21.139s][debug][gc,phases      ] GC(58)       Merged Coarse:            Min: 0, Avg:  0.0, Max: 0, Diff: 0, Sum: 0, Workers: 8
[21.139s][debug][gc,phases      ] GC(58)       Dirty Cards:              Min: 0, Avg:  0.0, Max: 0, Diff: 0, Sum: 0, Workers: 8
[21.139s][debug][gc,phases      ] GC(58)     Hot Card Cache (ms):      Min:  0.0, Avg:  0.0, Max:  0.0, Diff:  0.0, Sum:  0.0, Workers: 8
[21.139s][debug][gc,phases      ] GC(58)       Dirty Cards:              Min: 0, Avg:  0.0, Max: 0, Diff: 0, Sum: 0, Workers: 8
[21.139s][debug][gc,phases      ] GC(58)       Skipped Cards:            Min: 0, Avg:  0.0, Max: 0, Diff: 0, Sum: 0, Workers: 8
[21.139s][debug][gc,phases      ] GC(58)     Log Buffers (ms):         Min:  0.0, Avg:  0.0, Max:  0.0, Diff:  0.0, Sum:  0.0, Workers: 8
[21.139s][debug][gc,phases      ] GC(58)       Dirty Cards:              Min: 0, Avg: 10.5, Max: 38, Diff: 38, Sum: 84, Workers: 8
[21.139s][debug][gc,phases      ] GC(58)       Skipped Cards:            Min: 0, Avg:  0.0, Max: 0, Diff: 0, Sum: 0, Workers: 8
[21.139s][info ][gc,phases      ] GC(58)   Evacuate Collection Set: 0.4ms
[21.139s][debug][gc,phases      ] GC(58)     Ext Root Scanning (ms):   Min:  0.0, Avg:  0.0, Max:  0.0, Diff:  0.0, Sum:  0.2, Workers: 8
[21.139s][debug][gc,phases      ] GC(58)     Scan Heap Roots (ms):     Min:  0.0, Avg:  0.0, Max:  0.0, Diff:  0.0, Sum:  0.1, Workers: 8
[21.139s][debug][gc,phases      ] GC(58)       Scanned Cards:            Min: 0, Avg: 10.0, Max: 15, Diff: 15, Sum: 80, Workers: 8
[21.139s][debug][gc,phases      ] GC(58)       Scanned Blocks:           Min: 0, Avg:  8.1, Max: 13, Diff: 13, Sum: 65, Workers: 8
[21.139s][debug][gc,phases      ] GC(58)       Claimed Chunks:           Min: 0, Avg:  3.4, Max: 7, Diff: 7, Sum: 27, Workers: 8
[21.139s][debug][gc,phases      ] GC(58)     Code Root Scan (ms):      Min:  0.0, Avg:  0.0, Max:  0.0, Diff:  0.0, Sum:  0.1, Workers: 8
[21.139s][debug][gc,phases      ] GC(58)     Object Copy (ms):         Min:  0.1, Avg:  0.2, Max:  0.2, Diff:  0.0, Sum:  1.3, Workers: 8
[21.139s][debug][gc,phases      ] GC(58)     Termination (ms):         Min:  0.1, Avg:  0.1, Max:  0.1, Diff:  0.0, Sum:  0.5, Workers: 8
[21.139s][debug][gc,phases      ] GC(58)       Termination Attempts:     Min: 1, Avg:  1.0, Max: 1, Diff: 0, Sum: 8, Workers: 8
[21.139s][debug][gc,phases      ] GC(58)     GC Worker Other (ms):     Min:  0.0, Avg:  0.0, Max:  0.0, Diff:  0.0, Sum:  0.1, Workers: 8
[21.139s][debug][gc,phases      ] GC(58)     GC Worker Total (ms):     Min:  0.3, Avg:  0.3, Max:  0.3, Diff:  0.1, Sum:  2.3, Workers: 8
[21.139s][info ][gc,phases      ] GC(58)   Post Evacuate Collection Set: 0.4ms
[21.139s][debug][gc,phases      ] GC(58)     Code Roots Fixup: 0.0ms
[21.139s][debug][gc,phases      ] GC(58)     Clear Card Table: 0.1ms
[21.139s][debug][gc,phases      ] GC(58)     Reference Processing: 0.0ms
[21.139s][debug][gc,phases,ref  ] GC(58)       Reconsider SoftReferences: 0.0ms
[21.139s][debug][gc,phases,ref  ] GC(58)         SoftRef (ms):             skipped
[21.139s][debug][gc,phases,ref  ] GC(58)       Notify Soft/WeakReferences: 0.0ms
[21.139s][debug][gc,phases,ref  ] GC(58)         SoftRef (ms):             Min:  0.0, Avg:  0.0, Max:  0.0, Diff:  0.0, Sum:  0.0, Workers: 1
[21.139s][debug][gc,phases,ref  ] GC(58)         WeakRef (ms):             Min:  0.0, Avg:  0.0, Max:  0.0, Diff:  0.0, Sum:  0.0, Workers: 1
[21.139s][debug][gc,phases,ref  ] GC(58)         FinalRef (ms):            Min:  0.0, Avg:  0.0, Max:  0.0, Diff:  0.0, Sum:  0.0, Workers: 1
[21.139s][debug][gc,phases,ref  ] GC(58)         Total (ms):               Min:  0.0, Avg:  0.0, Max:  0.0, Diff:  0.0, Sum:  0.0, Workers: 1
[21.139s][debug][gc,phases,ref  ] GC(58)       Notify and keep alive finalizable: 0.0ms
[21.139s][debug][gc,phases,ref  ] GC(58)         FinalRef (ms):            skipped
[21.139s][debug][gc,phases,ref  ] GC(58)       Notify PhantomReferences: 0.0ms
[21.139s][debug][gc,phases,ref  ] GC(58)         PhantomRef (ms):          Min:  0.0, Avg:  0.0, Max:  0.0, Diff:  0.0, Sum:  0.0, Workers: 1
[21.139s][debug][gc,phases,ref  ] GC(58)       SoftReference:
[21.139s][debug][gc,phases,ref  ] GC(58)         Discovered: 0
[21.139s][debug][gc,phases,ref  ] GC(58)         Cleared: 0
[21.139s][debug][gc,phases,ref  ] GC(58)       WeakReference:
[21.139s][debug][gc,phases,ref  ] GC(58)         Discovered: 2
[21.139s][debug][gc,phases,ref  ] GC(58)         Cleared: 0
[21.139s][debug][gc,phases,ref  ] GC(58)       FinalReference:
[21.139s][debug][gc,phases,ref  ] GC(58)         Discovered: 0
[21.140s][debug][gc,phases,ref  ] GC(58)         Cleared: 0
[21.140s][debug][gc,phases,ref  ] GC(58)       PhantomReference:
[21.140s][debug][gc,phases,ref  ] GC(58)         Discovered: 1
[21.140s][debug][gc,phases,ref  ] GC(58)         Cleared: 1
[21.140s][debug][gc,phases      ] GC(58)     Weak Processing: 0.1ms
[21.140s][debug][gc,phases      ] GC(58)       JVMTI weak processing: 0.0ms
[21.140s][debug][gc,phases      ] GC(58)         Dead: 0
[21.140s][debug][gc,phases      ] GC(58)         Total: 0
[21.140s][debug][gc,phases      ] GC(58)       JFR weak processing: 0.0ms
[21.140s][debug][gc,phases      ] GC(58)         Dead: 0
[21.140s][debug][gc,phases      ] GC(58)         Total: 0
[21.140s][debug][gc,phases      ] GC(58)       JNI weak                  Min:  0.0, Avg:  0.0, Max:  0.0, Diff:  0.0, Sum:  0.0, Workers: 5
[21.140s][debug][gc,phases      ] GC(58)         Dead                      Min: 0, Avg:  0.0, Max: 0, Diff: 0, Sum: 0, Workers: 5
[21.140s][debug][gc,phases      ] GC(58)         Total                     Min: 0, Avg: 67.0, Max: 335, Diff: 335, Sum: 335, Workers: 5
[21.140s][debug][gc,phases      ] GC(58)       VM weak                   Min:  0.0, Avg:  0.0, Max:  0.0, Diff:  0.0, Sum:  0.0, Workers: 5
[21.140s][debug][gc,phases      ] GC(58)         Dead                      Min: 0, Avg:  0.0, Max: 0, Diff: 0, Sum: 0, Workers: 5
[21.140s][debug][gc,phases      ] GC(58)         Total                     Min: 0, Avg: 42.4, Max: 212, Diff: 212, Sum: 212, Workers: 5
[21.140s][debug][gc,phases      ] GC(58)       StringTable weak          Min:  0.0, Avg:  0.0, Max:  0.0, Diff:  0.0, Sum:  0.0, Workers: 5
[21.140s][debug][gc,phases      ] GC(58)         Dead                      Min: 0, Avg:  0.0, Max: 0, Diff: 0, Sum: 0, Workers: 5
[21.140s][debug][gc,phases      ] GC(58)         Total                     Min: 0, Avg: 698.4, Max: 3456, Diff: 3456, Sum: 3492, Workers: 5
[21.140s][debug][gc,phases      ] GC(58)       ResolvedMethodTable weak  Min:  0.0, Avg:  0.0, Max:  0.0, Diff:  0.0, Sum:  0.0, Workers: 5
[21.140s][debug][gc,phases      ] GC(58)         Dead                      Min: 0, Avg:  0.0, Max: 0, Diff: 0, Sum: 0, Workers: 5
[21.140s][debug][gc,phases      ] GC(58)         Total                     Min: 64, Avg: 114.6, Max: 128, Diff: 64, Sum: 573, Workers: 5
[21.140s][debug][gc,phases      ] GC(58)     Merge Per-Thread State: 0.0ms
[21.140s][debug][gc,phases      ] GC(58)       Copied Bytes              Min: 162176, Avg: 216262.0, Max: 279872, Diff: 117696, Sum: 1730096, Workers: 8
[21.140s][debug][gc,phases      ] GC(58)       LAB Waste                 Min: 72, Avg: 179.0, Max: 272, Diff: 200, Sum: 1432, Workers: 8
[21.140s][debug][gc,phases      ] GC(58)       LAB Undo Waste            Min: 0, Avg:  0.0, Max: 0, Diff: 0, Sum: 0, Workers: 8
[21.140s][debug][gc,phases      ] GC(58)     Code Roots Purge: 0.0ms
[21.140s][debug][gc,phases      ] GC(58)     Redirty Cards: 0.0ms
[21.140s][debug][gc,phases      ] GC(58)     DerivedPointerTable Update: 0.0ms
[21.140s][debug][gc,phases      ] GC(58)     Free Collection Set: 0.1ms
[21.140s][debug][gc,phases      ] GC(58)     Rebuild Free List: 0.0ms
[21.140s][debug][gc,phases      ] GC(58)     Humongous Reclaim: 0.0ms
[21.140s][debug][gc,phases      ] GC(58)     Start New Collection Set: 0.0ms
[21.140s][debug][gc,phases      ] GC(58)     Resize TLABs: 0.0ms
[21.140s][debug][gc,phases      ] GC(58)     Expand Heap After Collection: 0.0ms
[21.140s][info ][gc,phases      ] GC(58)   Other: 0.3ms
[21.140s][info ][gc,heap        ] GC(58) Eden regions: 197->0(197)
[21.140s][info ][gc,heap        ] GC(58) Survivor regions: 2->2(25)
[21.140s][info ][gc,heap        ] GC(58) Old regions: 10->11
[21.140s][info ][gc,heap        ] GC(58) Archive regions: 2->2
[21.140s][info ][gc,heap        ] GC(58) Humongous regions: 0->0
[21.140s][info ][gc,metaspace   ] GC(58) Metaspace: 10350K(10880K)->10350K(10880K) NonClass: 9199K(9472K)->9199K(9472K) Class: 1151K(1408K)->1151K(1408K)
[21.140s][debug][gc,heap        ] GC(58) Heap after GC invocations=59 (full 1): garbage-first heap   total 340992K, used 9087K [0x0000000700000000, 0x0000000800000000)
[21.140s][debug][gc,heap        ] GC(58)   region size 1024K, 2 young (2048K), 2 survivors (2048K)
[21.140s][debug][gc,heap        ] GC(58)  Metaspace       used 10350K, capacity 10625K, committed 10880K, reserved 1058816K
[21.140s][debug][gc,heap        ] GC(58)   class space    used 1151K, capacity 1266K, committed 1408K, reserved 1048576K
[21.140s][info ][gc             ] GC(58) Pause Young (Normal) (G1 Evacuation Pause) 205M->8M(333M) 1.825ms
[21.140s][info ][gc,cpu         ] GC(58) User=0.01s Sys=0.00s Real=0.01s
[21.140s][info ][safepoint      ] Safepoint "G1CollectForAllocation", Time since last: 715751732 ns, Reaching safepoint: 198077 ns, At safepoint: 1986233 ns, Total: 2184310 ns
[21.883s][debug][gc,heap        ] GC(59) Heap before GC invocations=59 (full 1): garbage-first heap   total 340992K, used 210815K [0x0000000700000000, 0x0000000800000000)
[21.883s][debug][gc,heap        ] GC(59)   region size 1024K, 199 young (203776K), 2 survivors (2048K)
[21.883s][debug][gc,heap        ] GC(59)  Metaspace       used 10351K, capacity 10625K, committed 10880K, reserved 1058816K
[21.883s][debug][gc,heap        ] GC(59)   class space    used 1151K, capacity 1266K, committed 1408K, reserved 1048576K
[21.883s][info ][gc,start       ] GC(59) Pause Young (Normal) (G1 Evacuation Pause)
[21.883s][info ][gc,task        ] GC(59) Using 8 workers of 8 for evacuation
[21.883s][debug][gc,tlab        ] GC(59) TLAB totals: thrds: 9  refills: 808 max: 118 slow allocs: 2 max 2 waste:  0.9% gc: 1489072B max: 441008B slow: 467584B max: 68320B fast: 0B max: 0B
[21.883s][debug][gc,age         ] GC(59) Desired survivor size 13107200 bytes, new threshold 15 (max threshold 15)
[21.883s][debug][gc,alloc,region] GC(59) Mutator Allocation stats, regions: 197, wasted size: 680B ( 0.0%)
[21.883s][debug][gc,ergo        ] GC(59) Running G1 Merge Heap Roots using 8 workers for 199 regions
[21.883s][debug][gc,remset      ] GC(59) Visited cards 6656 Total dirty 20480 (32.50%) Total old 841728 (0.79%)
[21.884s][debug][gc,ergo        ] GC(59) Running G1 Clear Card Table Task using 1 workers for 1 units of work for 209 regions.
[21.884s][debug][gc,ref         ] GC(59) Skipped phase1 of Reference Processing due to unavailable references
[21.884s][debug][gc,ref         ] GC(59) Skipped phase3 of Reference Processing due to unavailable references
[21.884s][debug][gc,ergo        ] GC(59) Running G1 Free Collection Set using 8 workers for collection set length 199 (333)
[21.884s][debug][gc,ergo        ] GC(59) Running G1 Rebuild Free List Task using 8 workers for rebuilding free list of 0 (4096) regions
[21.884s][trace][gc,age         ] GC(59) Age table with threshold 15 (max threshold 15)
[21.884s][trace][gc,age         ] GC(59) - age   1:      84512 bytes,      84512 total
[21.884s][trace][gc,age         ] GC(59) - age   2:     161568 bytes,     246080 total
[21.884s][trace][gc,age         ] GC(59) - age   3:      81368 bytes,     327448 total
[21.884s][trace][gc,age         ] GC(59) - age   4:      81624 bytes,     409072 total
[21.884s][trace][gc,age         ] GC(59) - age   5:     161728 bytes,     570800 total
[21.884s][trace][gc,age         ] GC(59) - age   6:      81568 bytes,     652368 total
[21.884s][trace][gc,age         ] GC(59) - age   7:      81568 bytes,     733936 total
[21.884s][trace][gc,age         ] GC(59) - age   8:     165240 bytes,     899176 total
[21.884s][trace][gc,age         ] GC(59) - age   9:     161536 bytes,    1060712 total
[21.884s][trace][gc,age         ] GC(59) - age  10:      81768 bytes,    1142480 total
[21.884s][trace][gc,age         ] GC(59) - age  11:      81568 bytes,    1224048 total
[21.884s][trace][gc,age         ] GC(59) - age  12:      81536 bytes,    1305584 total
[21.884s][trace][gc,age         ] GC(59) - age  14:      81568 bytes,    1387152 total
[21.884s][trace][gc,age         ] GC(59) - age  15:     260296 bytes,    1647448 total
[21.884s][debug][gc,plab        ] GC(59) Young PLAB allocation: allocated: 103200B, wasted: 1752B, unused: 8912B, used: 92536B, undo waste: 0B, 
[21.884s][debug][gc,plab        ] GC(59) Young other allocation: region end waste: 5920B, regions filled: 2, direct allocated: 1554912B, failure used: 0B, failure wasted: 0B
[21.884s][debug][gc,plab        ] GC(59) Young sizing: calculated: 17320B, actual: 17112B
[21.884s][debug][gc,plab        ] GC(59) Old PLAB allocation: allocated: 10320B, wasted: 16B, unused: 5568B, used: 4736B, undo waste: 0B, 
[21.884s][debug][gc,plab        ] GC(59) Old other allocation: region end waste: 0B, regions filled: 1, direct allocated: 78376B, failure used: 0B, failure wasted: 0B
[21.884s][debug][gc,plab        ] GC(59) Old sizing: calculated: 944B, actual: 2064B
[21.884s][debug][gc,ihop        ] GC(59) Basic information (value update), threshold: 157129113B (45.00), target occupancy: 349175808B, current occupancy: 9394552B, recent allocation size: 10320B, recent allocation duration: 744.11ms, recent old gen allocation rate: 13868.98B/s, recent marking phase length: 0.00ms
[21.884s][debug][gc,ihop        ] GC(59) Adaptive IHOP information (value update), threshold: 157129113B (47.37), internal target occupancy: 331717017B, occupancy: 9394552B, additional buffer size: 208666624B, predicted old gen allocation rate: 42422.70B/s, predicted marking phase length: 0.00ms, prediction active: false
[21.884s][debug][gc,ergo,refine ] GC(59) Concurrent refinement times: Logged Cards Scan time goal: 20.00ms Logged Cards Scan time: 0.03ms HCC time: 0.00ms
[21.884s][debug][gc,ergo,refine ] GC(59) Updated Refinement Zones: green: 2048, yellow: 6144, red: 10240
[21.884s][info ][gc,phases      ] GC(59)   Pre Evacuate Collection Set: 0.1ms
[21.884s][debug][gc,phases      ] GC(59)     Prepare TLABs: 0.0ms
[21.884s][debug][gc,phases      ] GC(59)     Choose Collection Set: 0.0ms
[21.884s][debug][gc,phases      ] GC(59)     Region Register: 0.1ms
[21.884s][debug][gc,phases      ] GC(59)     Prepare Heap Roots: 0.0ms
[21.884s][info ][gc,phases      ] GC(59)   Merge Heap Roots: 0.1ms
[21.884s][debug][gc,phases      ] GC(59)     Prepare Merge Heap Roots: 0.0ms
[21.884s][debug][gc,phases      ] GC(59)     Eager Reclaim (ms):       skipped
[21.884s][debug][gc,phases      ] GC(59)     Remembered Sets (ms):     Min:  0.0, Avg:  0.0, Max:  0.0, Diff:  0.0, Sum:  0.1, Workers: 8
[21.884s][debug][gc,phases      ] GC(59)       Merged Sparse:            Min: 0, Avg:  0.0, Max: 0, Diff: 0, Sum: 0, Workers: 8
[21.884s][debug][gc,phases      ] GC(59)       Merged Fine:              Min: 0, Avg:  0.0, Max: 0, Diff: 0, Sum: 0, Workers: 8
[21.884s][debug][gc,phases      ] GC(59)       Merged Coarse:            Min: 0, Avg:  0.0, Max: 0, Diff: 0, Sum: 0, Workers: 8
[21.884s][debug][gc,phases      ] GC(59)       Dirty Cards:              Min: 0, Avg:  0.0, Max: 0, Diff: 0, Sum: 0, Workers: 8
[21.884s][debug][gc,phases      ] GC(59)     Hot Card Cache (ms):      Min:  0.0, Avg:  0.0, Max:  0.0, Diff:  0.0, Sum:  0.0, Workers: 8
[21.884s][debug][gc,phases      ] GC(59)       Dirty Cards:              Min: 0, Avg:  0.0, Max: 0, Diff: 0, Sum: 0, Workers: 8
[21.884s][debug][gc,phases      ] GC(59)       Skipped Cards:            Min: 0, Avg:  0.0, Max: 0, Diff: 0, Sum: 0, Workers: 8
[21.884s][debug][gc,phases      ] GC(59)     Log Buffers (ms):         Min:  0.0, Avg:  0.0, Max:  0.0, Diff:  0.0, Sum:  0.0, Workers: 8
[21.884s][debug][gc,phases      ] GC(59)       Dirty Cards:              Min: 0, Avg:  9.9, Max: 38, Diff: 38, Sum: 79, Workers: 8
[21.884s][debug][gc,phases      ] GC(59)       Skipped Cards:            Min: 0, Avg:  0.0, Max: 0, Diff: 0, Sum: 0, Workers: 8
[21.884s][info ][gc,phases      ] GC(59)   Evacuate Collection Set: 0.3ms
[21.884s][debug][gc,phases      ] GC(59)     Ext Root Scanning (ms):   Min:  0.0, Avg:  0.0, Max:  0.0, Diff:  0.0, Sum:  0.2, Workers: 8
[21.884s][debug][gc,phases      ] GC(59)     Scan Heap Roots (ms):     Min:  0.0, Avg:  0.0, Max:  0.1, Diff:  0.1, Sum:  0.2, Workers: 8
[21.884s][debug][gc,phases      ] GC(59)       Scanned Cards:            Min: 0, Avg:  9.2, Max: 16, Diff: 16, Sum: 74, Workers: 8
[21.884s][debug][gc,phases      ] GC(59)       Scanned Blocks:           Min: 0, Avg:  7.9, Max: 13, Diff: 13, Sum: 63, Workers: 8
[21.884s][debug][gc,phases      ] GC(59)       Claimed Chunks:           Min: 0, Avg:  3.2, Max: 9, Diff: 9, Sum: 26, Workers: 8
[21.884s][debug][gc,phases      ] GC(59)     Code Root Scan (ms):      Min:  0.0, Avg:  0.0, Max:  0.0, Diff:  0.0, Sum:  0.1, Workers: 8
[21.884s][debug][gc,phases      ] GC(59)     Object Copy (ms):         Min:  0.0, Avg:  0.1, Max:  0.2, Diff:  0.1, Sum:  1.0, Workers: 8
[21.884s][debug][gc,phases      ] GC(59)     Termination (ms):         Min:  0.1, Avg:  0.1, Max:  0.1, Diff:  0.0, Sum:  0.6, Workers: 8
[21.884s][debug][gc,phases      ] GC(59)       Termination Attempts:     Min: 1, Avg:  1.0, Max: 1, Diff: 0, Sum: 8, Workers: 8
[21.885s][debug][gc,phases      ] GC(59)     GC Worker Other (ms):     Min:  0.0, Avg:  0.0, Max:  0.0, Diff:  0.0, Sum:  0.1, Workers: 8
[21.885s][debug][gc,phases      ] GC(59)     GC Worker Total (ms):     Min:  0.1, Avg:  0.3, Max:  0.3, Diff:  0.2, Sum:  2.2, Workers: 8
[21.885s][info ][gc,phases      ] GC(59)   Post Evacuate Collection Set: 0.3ms
[21.885s][debug][gc,phases      ] GC(59)     Code Roots Fixup: 0.0ms
[21.885s][debug][gc,phases      ] GC(59)     Clear Card Table: 0.1ms
[21.885s][debug][gc,phases      ] GC(59)     Reference Processing: 0.0ms
[21.885s][debug][gc,phases,ref  ] GC(59)       Reconsider SoftReferences: 0.0ms
[21.885s][debug][gc,phases,ref  ] GC(59)         SoftRef (ms):             skipped
[21.885s][debug][gc,phases,ref  ] GC(59)       Notify Soft/WeakReferences: 0.0ms
[21.885s][debug][gc,phases,ref  ] GC(59)         SoftRef (ms):             Min:  0.0, Avg:  0.0, Max:  0.0, Diff:  0.0, Sum:  0.0, Workers: 1
[21.885s][debug][gc,phases,ref  ] GC(59)         WeakRef (ms):             Min:  0.0, Avg:  0.0, Max:  0.0, Diff:  0.0, Sum:  0.0, Workers: 1
[21.885s][debug][gc,phases,ref  ] GC(59)         FinalRef (ms):            Min:  0.0, Avg:  0.0, Max:  0.0, Diff:  0.0, Sum:  0.0, Workers: 1
[21.885s][debug][gc,phases,ref  ] GC(59)         Total (ms):               Min:  0.0, Avg:  0.0, Max:  0.0, Diff:  0.0, Sum:  0.0, Workers: 1
[21.885s][debug][gc,phases,ref  ] GC(59)       Notify and keep alive finalizable: 0.0ms
[21.885s][debug][gc,phases,ref  ] GC(59)         FinalRef (ms):            skipped
[21.885s][debug][gc,phases,ref  ] GC(59)       Notify PhantomReferences: 0.0ms
[21.885s][debug][gc,phases,ref  ] GC(59)         PhantomRef (ms):          Min:  0.0, Avg:  0.0, Max:  0.0, Diff:  0.0, Sum:  0.0, Workers: 1
[21.885s][debug][gc,phases,ref  ] GC(59)       SoftReference:
[21.885s][debug][gc,phases,ref  ] GC(59)         Discovered: 0
[21.885s][debug][gc,phases,ref  ] GC(59)         Cleared: 0
[21.885s][debug][gc,phases,ref  ] GC(59)       WeakReference:
[21.885s][debug][gc,phases,ref  ] GC(59)         Discovered: 2
[21.885s][debug][gc,phases,ref  ] GC(59)         Cleared: 0
[21.885s][debug][gc,phases,ref  ] GC(59)       FinalReference:
[21.885s][debug][gc,phases,ref  ] GC(59)         Discovered: 0
[21.885s][debug][gc,phases,ref  ] GC(59)         Cleared: 0
[21.885s][debug][gc,phases,ref  ] GC(59)       PhantomReference:
[21.885s][debug][gc,phases,ref  ] GC(59)         Discovered: 5
[21.885s][debug][gc,phases,ref  ] GC(59)         Cleared: 5
[21.885s][debug][gc,phases      ] GC(59)     Weak Processing: 0.0ms
[21.885s][debug][gc,phases      ] GC(59)       JVMTI weak processing: 0.0ms
[21.885s][debug][gc,phases      ] GC(59)         Dead: 0
[21.885s][debug][gc,phases      ] GC(59)         Total: 0
[21.885s][debug][gc,phases      ] GC(59)       JFR weak processing: 0.0ms
[21.885s][debug][gc,phases      ] GC(59)         Dead: 0
[21.885s][debug][gc,phases      ] GC(59)         Total: 0
[21.885s][debug][gc,phases      ] GC(59)       JNI weak                  Min:  0.0, Avg:  0.0, Max:  0.0, Diff:  0.0, Sum:  0.0, Workers: 5
[21.885s][debug][gc,phases      ] GC(59)         Dead                      Min: 0, Avg:  0.0, Max: 0, Diff: 0, Sum: 0, Workers: 5
[21.885s][debug][gc,phases      ] GC(59)         Total                     Min: 0, Avg: 67.8, Max: 256, Diff: 256, Sum: 339, Workers: 5
[21.885s][debug][gc,phases      ] GC(59)       VM weak                   Min:  0.0, Avg:  0.0, Max:  0.0, Diff:  0.0, Sum:  0.0, Workers: 5
[21.885s][debug][gc,phases      ] GC(59)         Dead                      Min: 0, Avg:  0.0, Max: 0, Diff: 0, Sum: 0, Workers: 5
[21.885s][debug][gc,phases      ] GC(59)         Total                     Min: 0, Avg: 42.4, Max: 128, Diff: 128, Sum: 212, Workers: 5
[21.885s][debug][gc,phases      ] GC(59)       StringTable weak          Min:  0.0, Avg:  0.0, Max:  0.0, Diff:  0.0, Sum:  0.1, Workers: 5
[21.885s][debug][gc,phases      ] GC(59)         Dead                      Min: 0, Avg:  0.0, Max: 0, Diff: 0, Sum: 0, Workers: 5
[21.885s][debug][gc,phases      ] GC(59)         Total                     Min: 512, Avg: 698.4, Max: 768, Diff: 256, Sum: 3492, Workers: 5
[21.885s][debug][gc,phases      ] GC(59)       ResolvedMethodTable weak  Min:  0.0, Avg:  0.0, Max:  0.0, Diff:  0.0, Sum:  0.0, Workers: 5
[21.885s][debug][gc,phases      ] GC(59)         Dead                      Min: 0, Avg:  0.0, Max: 0, Diff: 0, Sum: 0, Workers: 5
[21.885s][debug][gc,phases      ] GC(59)         Total                     Min: 64, Avg: 114.6, Max: 128, Diff: 64, Sum: 573, Workers: 5
[21.885s][debug][gc,phases      ] GC(59)     Merge Per-Thread State: 0.0ms
[21.885s][debug][gc,phases      ] GC(59)       Copied Bytes              Min: 60368, Avg: 216320.0, Max: 325800, Diff: 265432, Sum: 1730560, Workers: 8
[21.885s][debug][gc,phases      ] GC(59)       LAB Waste                 Min: 32, Avg: 221.0, Max: 392, Diff: 360, Sum: 1768, Workers: 8
[21.885s][debug][gc,phases      ] GC(59)       LAB Undo Waste            Min: 0, Avg:  0.0, Max: 0, Diff: 0, Sum: 0, Workers: 8
[21.885s][debug][gc,phases      ] GC(59)     Code Roots Purge: 0.0ms
[21.885s][debug][gc,phases      ] GC(59)     Redirty Cards: 0.0ms
[21.885s][debug][gc,phases      ] GC(59)     DerivedPointerTable Update: 0.0ms
[21.885s][debug][gc,phases      ] GC(59)     Free Collection Set: 0.1ms
[21.885s][debug][gc,phases      ] GC(59)     Rebuild Free List: 0.0ms
[21.885s][debug][gc,phases      ] GC(59)     Humongous Reclaim: 0.0ms
[21.885s][debug][gc,phases      ] GC(59)     Start New Collection Set: 0.0ms
[21.885s][debug][gc,phases      ] GC(59)     Resize TLABs: 0.0ms
[21.885s][debug][gc,phases      ] GC(59)     Expand Heap After Collection: 0.0ms
[21.885s][info ][gc,phases      ] GC(59)   Other: 0.3ms
[21.885s][info ][gc,heap        ] GC(59) Eden regions: 197->0(197)
[21.885s][info ][gc,heap        ] GC(59) Survivor regions: 2->2(25)
[21.885s][info ][gc,heap        ] GC(59) Old regions: 11->11
[21.885s][info ][gc,heap        ] GC(59) Archive regions: 2->2
[21.885s][info ][gc,heap        ] GC(59) Humongous regions: 0->0
[21.885s][info ][gc,metaspace   ] GC(59) Metaspace: 10351K(10880K)->10351K(10880K) NonClass: 9200K(9472K)->9200K(9472K) Class: 1151K(1408K)->1151K(1408K)
[21.885s][debug][gc,heap        ] GC(59) Heap after GC invocations=60 (full 1): garbage-first heap   total 340992K, used 9174K [0x0000000700000000, 0x0000000800000000)
[21.885s][debug][gc,heap        ] GC(59)   region size 1024K, 2 young (2048K), 2 survivors (2048K)
[21.885s][debug][gc,heap        ] GC(59)  Metaspace       used 10351K, capacity 10625K, committed 10880K, reserved 1058816K
[21.885s][debug][gc,heap        ] GC(59)   class space    used 1151K, capacity 1266K, committed 1408K, reserved 1048576K
[21.885s][info ][gc             ] GC(59) Pause Young (Normal) (G1 Evacuation Pause) 205M->8M(333M) 1.763ms
[21.885s][info ][gc,cpu         ] GC(59) User=0.00s Sys=0.00s Real=0.00s
[21.885s][info ][safepoint      ] Safepoint "G1CollectForAllocation", Time since last: 743064190 ns, Reaching safepoint: 156637 ns, At safepoint: 1938385 ns, Total: 2095022 ns
[22.632s][debug][gc,heap        ] GC(60) Heap before GC invocations=60 (full 1): garbage-first heap   total 340992K, used 210902K [0x0000000700000000, 0x0000000800000000)
[22.632s][debug][gc,heap        ] GC(60)   region size 1024K, 199 young (203776K), 2 survivors (2048K)
[22.632s][debug][gc,heap        ] GC(60)  Metaspace       used 10352K, capacity 10625K, committed 10880K, reserved 1058816K
[22.632s][debug][gc,heap        ] GC(60)   class space    used 1151K, capacity 1266K, committed 1408K, reserved 1048576K
[22.632s][info ][gc,start       ] GC(60) Pause Young (Normal) (G1 Evacuation Pause)
[22.632s][info ][gc,task        ] GC(60) Using 8 workers of 8 for evacuation
[22.632s][debug][gc,tlab        ] GC(60) TLAB totals: thrds: 9  refills: 808 max: 111 slow allocs: 5 max 5 waste:  1.0% gc: 1510416B max: 460864B slow: 467880B max: 64256B fast: 0B max: 0B
[22.632s][debug][gc,age         ] GC(60) Desired survivor size 13107200 bytes, new threshold 15 (max threshold 15)
[22.632s][debug][gc,alloc,region] GC(60) Mutator Allocation stats, regions: 197, wasted size: 0B ( 0.0%)
[22.632s][debug][gc,ergo        ] GC(60) Running G1 Merge Heap Roots using 8 workers for 199 regions
[22.632s][debug][gc,remset      ] GC(60) Visited cards 6912 Total dirty 22528 (30.68%) Total old 841728 (0.82%)
[22.632s][debug][gc,ergo        ] GC(60) Running G1 Clear Card Table Task using 1 workers for 1 units of work for 210 regions.
[22.632s][debug][gc,ref         ] GC(60) Skipped phase1 of Reference Processing due to unavailable references
[22.632s][debug][gc,ref         ] GC(60) Skipped phase3 of Reference Processing due to unavailable references
[22.632s][debug][gc,ref         ] GC(60) Skipped phase4 of Reference Processing due to unavailable references
[22.633s][debug][gc,ergo        ] GC(60) Running G1 Free Collection Set using 8 workers for collection set length 199 (333)
[22.633s][debug][gc,ergo        ] GC(60) Running G1 Rebuild Free List Task using 8 workers for rebuilding free list of 0 (4096) regions
[22.633s][trace][gc,age         ] GC(60) Age table with threshold 15 (max threshold 15)
[22.633s][trace][gc,age         ] GC(60) - age   1:      85296 bytes,      85296 total
[22.633s][trace][gc,age         ] GC(60) - age   2:      81600 bytes,     166896 total
[22.633s][trace][gc,age         ] GC(60) - age   3:     161536 bytes,     328432 total
[22.633s][trace][gc,age         ] GC(60) - age   4:      81368 bytes,     409800 total
[22.633s][trace][gc,age         ] GC(60) - age   5:      81624 bytes,     491424 total
[22.633s][trace][gc,age         ] GC(60) - age   6:     161728 bytes,     653152 total
[22.633s][trace][gc,age         ] GC(60) - age   7:      81568 bytes,     734720 total
[22.633s][trace][gc,age         ] GC(60) - age   8:      81568 bytes,     816288 total
[22.633s][trace][gc,age         ] GC(60) - age   9:     165240 bytes,     981528 total
[22.633s][trace][gc,age         ] GC(60) - age  10:     161536 bytes,    1143064 total
[22.633s][trace][gc,age         ] GC(60) - age  11:      81768 bytes,    1224832 total
[22.633s][trace][gc,age         ] GC(60) - age  12:      81568 bytes,    1306400 total
[22.633s][trace][gc,age         ] GC(60) - age  13:      81536 bytes,    1387936 total
[22.633s][trace][gc,age         ] GC(60) - age  15:      81568 bytes,    1469504 total
[22.633s][debug][gc,plab        ] GC(60) Young PLAB allocation: allocated: 98256B, wasted: 1328B, unused: 12464B, used: 84464B, undo waste: 0B, 
[22.633s][debug][gc,plab        ] GC(60) Young other allocation: region end waste: 9216B, regions filled: 2, direct allocated: 1385040B, failure used: 0B, failure wasted: 0B
[22.633s][debug][gc,plab        ] GC(60) Young sizing: calculated: 15048B, actual: 15560B
[22.633s][debug][gc,plab        ] GC(60) Old PLAB allocation: allocated: 22704B, wasted: 160B, unused: 8952B, used: 13592B, undo waste: 0B, 
[22.633s][debug][gc,plab        ] GC(60) Old other allocation: region end waste: 0B, regions filled: 1, direct allocated: 246704B, failure used: 0B, failure wasted: 0B
[22.633s][debug][gc,plab        ] GC(60) Old sizing: calculated: 2712B, actual: 2240B
[22.633s][debug][gc,ihop        ] GC(60) Basic information (value update), threshold: 157129113B (45.00), target occupancy: 349175808B, current occupancy: 9492856B, recent allocation size: 22704B, recent allocation duration: 747.40ms, recent old gen allocation rate: 30377.29B/s, recent marking phase length: 0.00ms
[22.633s][debug][gc,ihop        ] GC(60) Adaptive IHOP information (value update), threshold: 157129113B (47.37), internal target occupancy: 331717017B, occupancy: 9492856B, additional buffer size: 208666624B, predicted old gen allocation rate: 42321.09B/s, predicted marking phase length: 0.00ms, prediction active: false
[22.633s][debug][gc,ergo,refine ] GC(60) Concurrent refinement times: Logged Cards Scan time goal: 20.00ms Logged Cards Scan time: 0.02ms HCC time: 0.00ms
[22.633s][debug][gc,ergo,refine ] GC(60) Updated Refinement Zones: green: 2048, yellow: 6144, red: 10240
[22.633s][info ][gc,phases      ] GC(60)   Pre Evacuate Collection Set: 0.1ms
[22.633s][debug][gc,phases      ] GC(60)     Prepare TLABs: 0.0ms
[22.633s][debug][gc,phases      ] GC(60)     Choose Collection Set: 0.0ms
[22.633s][debug][gc,phases      ] GC(60)     Region Register: 0.1ms
[22.633s][debug][gc,phases      ] GC(60)     Prepare Heap Roots: 0.0ms
[22.633s][info ][gc,phases      ] GC(60)   Merge Heap Roots: 0.1ms
[22.633s][debug][gc,phases      ] GC(60)     Prepare Merge Heap Roots: 0.0ms
[22.633s][debug][gc,phases      ] GC(60)     Eager Reclaim (ms):       skipped
[22.633s][debug][gc,phases      ] GC(60)     Remembered Sets (ms):     Min:  0.0, Avg:  0.0, Max:  0.0, Diff:  0.0, Sum:  0.0, Workers: 8
[22.633s][debug][gc,phases      ] GC(60)       Merged Sparse:            Min: 0, Avg:  0.0, Max: 0, Diff: 0, Sum: 0, Workers: 8
[22.633s][debug][gc,phases      ] GC(60)       Merged Fine:              Min: 0, Avg:  0.0, Max: 0, Diff: 0, Sum: 0, Workers: 8
[22.633s][debug][gc,phases      ] GC(60)       Merged Coarse:            Min: 0, Avg:  0.0, Max: 0, Diff: 0, Sum: 0, Workers: 8
[22.633s][debug][gc,phases      ] GC(60)       Dirty Cards:              Min: 0, Avg:  0.0, Max: 0, Diff: 0, Sum: 0, Workers: 8
[22.633s][debug][gc,phases      ] GC(60)     Hot Card Cache (ms):      Min:  0.0, Avg:  0.0, Max:  0.0, Diff:  0.0, Sum:  0.0, Workers: 8
[22.633s][debug][gc,phases      ] GC(60)       Dirty Cards:              Min: 0, Avg:  0.0, Max: 0, Diff: 0, Sum: 0, Workers: 8
[22.633s][debug][gc,phases      ] GC(60)       Skipped Cards:            Min: 0, Avg:  0.0, Max: 0, Diff: 0, Sum: 0, Workers: 8
[22.633s][debug][gc,phases      ] GC(60)     Log Buffers (ms):         Min:  0.0, Avg:  0.0, Max:  0.0, Diff:  0.0, Sum:  0.0, Workers: 8
[22.633s][debug][gc,phases      ] GC(60)       Dirty Cards:              Min: 0, Avg: 10.4, Max: 63, Diff: 63, Sum: 83, Workers: 8
[22.633s][debug][gc,phases      ] GC(60)       Skipped Cards:            Min: 0, Avg:  0.0, Max: 0, Diff: 0, Sum: 0, Workers: 8
[22.633s][info ][gc,phases      ] GC(60)   Evacuate Collection Set: 0.4ms
[22.633s][debug][gc,phases      ] GC(60)     Ext Root Scanning (ms):   Min:  0.0, Avg:  0.0, Max:  0.1, Diff:  0.0, Sum:  0.2, Workers: 8
[22.633s][debug][gc,phases      ] GC(60)     Scan Heap Roots (ms):     Min:  0.0, Avg:  0.0, Max:  0.0, Diff:  0.0, Sum:  0.2, Workers: 8
[22.633s][debug][gc,phases      ] GC(60)       Scanned Cards:            Min: 0, Avg:  9.4, Max: 18, Diff: 18, Sum: 75, Workers: 8
[22.633s][debug][gc,phases      ] GC(60)       Scanned Blocks:           Min: 0, Avg:  7.9, Max: 15, Diff: 15, Sum: 63, Workers: 8
[22.633s][debug][gc,phases      ] GC(60)       Claimed Chunks:           Min: 0, Avg:  3.4, Max: 5, Diff: 5, Sum: 27, Workers: 8
[22.633s][debug][gc,phases      ] GC(60)     Code Root Scan (ms):      Min:  0.0, Avg:  0.0, Max:  0.0, Diff:  0.0, Sum:  0.1, Workers: 8
[22.633s][debug][gc,phases      ] GC(60)     Object Copy (ms):         Min:  0.2, Avg:  0.2, Max:  0.2, Diff:  0.0, Sum:  1.5, Workers: 8
[22.633s][debug][gc,phases      ] GC(60)     Termination (ms):         Min:  0.1, Avg:  0.1, Max:  0.1, Diff:  0.0, Sum:  0.5, Workers: 8
[22.633s][debug][gc,phases      ] GC(60)       Termination Attempts:     Min: 1, Avg:  1.0, Max: 1, Diff: 0, Sum: 8, Workers: 8
[22.633s][debug][gc,phases      ] GC(60)     GC Worker Other (ms):     Min:  0.0, Avg:  0.0, Max:  0.0, Diff:  0.0, Sum:  0.1, Workers: 8
[22.633s][debug][gc,phases      ] GC(60)     GC Worker Total (ms):     Min:  0.3, Avg:  0.3, Max:  0.4, Diff:  0.1, Sum:  2.6, Workers: 8
[22.633s][info ][gc,phases      ] GC(60)   Post Evacuate Collection Set: 0.5ms
[22.633s][debug][gc,phases      ] GC(60)     Code Roots Fixup: 0.0ms
[22.633s][debug][gc,phases      ] GC(60)     Clear Card Table: 0.2ms
[22.633s][debug][gc,phases      ] GC(60)     Reference Processing: 0.0ms
[22.633s][debug][gc,phases,ref  ] GC(60)       Reconsider SoftReferences: 0.0ms
[22.633s][debug][gc,phases,ref  ] GC(60)         SoftRef (ms):             skipped
[22.633s][debug][gc,phases,ref  ] GC(60)       Notify Soft/WeakReferences: 0.0ms
[22.633s][debug][gc,phases,ref  ] GC(60)         SoftRef (ms):             Min:  0.0, Avg:  0.0, Max:  0.0, Diff:  0.0, Sum:  0.0, Workers: 1
[22.633s][debug][gc,phases,ref  ] GC(60)         WeakRef (ms):             Min:  0.0, Avg:  0.0, Max:  0.0, Diff:  0.0, Sum:  0.0, Workers: 1
[22.633s][debug][gc,phases,ref  ] GC(60)         FinalRef (ms):            Min:  0.0, Avg:  0.0, Max:  0.0, Diff:  0.0, Sum:  0.0, Workers: 1
[22.633s][debug][gc,phases,ref  ] GC(60)         Total (ms):               Min:  0.0, Avg:  0.0, Max:  0.0, Diff:  0.0, Sum:  0.0, Workers: 1
[22.633s][debug][gc,phases,ref  ] GC(60)       Notify and keep alive finalizable: 0.0ms
[22.633s][debug][gc,phases,ref  ] GC(60)         FinalRef (ms):            skipped
[22.633s][debug][gc,phases,ref  ] GC(60)       Notify PhantomReferences: 0.0ms
[22.633s][debug][gc,phases,ref  ] GC(60)         PhantomRef (ms):          skipped
[22.633s][debug][gc,phases,ref  ] GC(60)       SoftReference:
[22.633s][debug][gc,phases,ref  ] GC(60)         Discovered: 0
[22.633s][debug][gc,phases,ref  ] GC(60)         Cleared: 0
[22.633s][debug][gc,phases,ref  ] GC(60)       WeakReference:
[22.633s][debug][gc,phases,ref  ] GC(60)         Discovered: 120
[22.633s][debug][gc,phases,ref  ] GC(60)         Cleared: 118
[22.633s][debug][gc,phases,ref  ] GC(60)       FinalReference:
[22.633s][debug][gc,phases,ref  ] GC(60)         Discovered: 0
[22.633s][debug][gc,phases,ref  ] GC(60)         Cleared: 0
[22.633s][debug][gc,phases,ref  ] GC(60)       PhantomReference:
[22.633s][debug][gc,phases,ref  ] GC(60)         Discovered: 0
[22.633s][debug][gc,phases,ref  ] GC(60)         Cleared: 0
[22.633s][debug][gc,phases      ] GC(60)     Weak Processing: 0.1ms
[22.633s][debug][gc,phases      ] GC(60)       JVMTI weak processing: 0.0ms
[22.633s][debug][gc,phases      ] GC(60)         Dead: 0
[22.633s][debug][gc,phases      ] GC(60)         Total: 0
[22.633s][debug][gc,phases      ] GC(60)       JFR weak processing: 0.0ms
[22.633s][debug][gc,phases      ] GC(60)         Dead: 0
[22.633s][debug][gc,phases      ] GC(60)         Total: 0
[22.633s][debug][gc,phases      ] GC(60)       JNI weak                  Min:  0.0, Avg:  0.0, Max:  0.0, Diff:  0.0, Sum:  0.0, Workers: 5
[22.633s][debug][gc,phases      ] GC(60)         Dead                      Min: 0, Avg:  0.0, Max: 0, Diff: 0, Sum: 0, Workers: 5
[22.633s][debug][gc,phases      ] GC(60)         Total                     Min: 0, Avg: 68.6, Max: 343, Diff: 343, Sum: 343, Workers: 5
[22.633s][debug][gc,phases      ] GC(60)       VM weak                   Min:  0.0, Avg:  0.0, Max:  0.0, Diff:  0.0, Sum:  0.0, Workers: 5
[22.633s][debug][gc,phases      ] GC(60)         Dead                      Min: 0, Avg:  0.0, Max: 0, Diff: 0, Sum: 0, Workers: 5
[22.633s][debug][gc,phases      ] GC(60)         Total                     Min: 0, Avg: 42.4, Max: 212, Diff: 212, Sum: 212, Workers: 5
[22.633s][debug][gc,phases      ] GC(60)       StringTable weak          Min:  0.0, Avg:  0.0, Max:  0.0, Diff:  0.0, Sum:  0.0, Workers: 5
[22.633s][debug][gc,phases      ] GC(60)         Dead                      Min: 0, Avg:  0.0, Max: 0, Diff: 0, Sum: 0, Workers: 5
[22.633s][debug][gc,phases      ] GC(60)         Total                     Min: 0, Avg: 700.4, Max: 2368, Diff: 2368, Sum: 3502, Workers: 5
[22.633s][debug][gc,phases      ] GC(60)       ResolvedMethodTable weak  Min:  0.0, Avg:  0.0, Max:  0.0, Diff:  0.0, Sum:  0.0, Workers: 5
[22.633s][debug][gc,phases      ] GC(60)         Dead                      Min: 0, Avg:  0.0, Max: 0, Diff: 0, Sum: 0, Workers: 5
[22.633s][debug][gc,phases      ] GC(60)         Total                     Min: 0, Avg: 114.6, Max: 192, Diff: 192, Sum: 573, Workers: 5
[22.633s][debug][gc,phases      ] GC(60)     Merge Per-Thread State: 0.0ms
[22.633s][debug][gc,phases      ] GC(60)       Copied Bytes              Min: 172328, Avg: 216225.0, Max: 253808, Diff: 81480, Sum: 1729800, Workers: 8
[22.633s][debug][gc,phases      ] GC(60)       LAB Waste                 Min: 120, Avg: 186.0, Max: 264, Diff: 144, Sum: 1488, Workers: 8
[22.633s][debug][gc,phases      ] GC(60)       LAB Undo Waste            Min: 0, Avg:  0.0, Max: 0, Diff: 0, Sum: 0, Workers: 8
[22.633s][debug][gc,phases      ] GC(60)     Code Roots Purge: 0.0ms
[22.633s][debug][gc,phases      ] GC(60)     Redirty Cards: 0.0ms
[22.633s][debug][gc,phases      ] GC(60)     DerivedPointerTable Update: 0.0ms
[22.633s][debug][gc,phases      ] GC(60)     Free Collection Set: 0.1ms
[22.633s][debug][gc,phases      ] GC(60)     Rebuild Free List: 0.0ms
[22.633s][debug][gc,phases      ] GC(60)     Humongous Reclaim: 0.0ms
[22.633s][debug][gc,phases      ] GC(60)     Start New Collection Set: 0.0ms
[22.633s][debug][gc,phases      ] GC(60)     Resize TLABs: 0.0ms
[22.633s][debug][gc,phases      ] GC(60)     Expand Heap After Collection: 0.0ms
[22.633s][info ][gc,phases      ] GC(60)   Other: 0.3ms
[22.633s][info ][gc,heap        ] GC(60) Eden regions: 197->0(197)
[22.633s][info ][gc,heap        ] GC(60) Survivor regions: 2->2(25)
[22.633s][info ][gc,heap        ] GC(60) Old regions: 11->11
[22.633s][info ][gc,heap        ] GC(60) Archive regions: 2->2
[22.633s][info ][gc,heap        ] GC(60) Humongous regions: 0->0
[22.633s][info ][gc,metaspace   ] GC(60) Metaspace: 10352K(10880K)->10352K(10880K) NonClass: 9201K(9472K)->9201K(9472K) Class: 1151K(1408K)->1151K(1408K)
[22.633s][debug][gc,heap        ] GC(60) Heap after GC invocations=61 (full 1): garbage-first heap   total 340992K, used 9270K [0x0000000700000000, 0x0000000800000000)
[22.633s][debug][gc,heap        ] GC(60)   region size 1024K, 2 young (2048K), 2 survivors (2048K)
[22.634s][debug][gc,heap        ] GC(60)  Metaspace       used 10352K, capacity 10625K, committed 10880K, reserved 1058816K
[22.634s][debug][gc,heap        ] GC(60)   class space    used 1151K, capacity 1266K, committed 1408K, reserved 1048576K
[22.634s][info ][gc             ] GC(60) Pause Young (Normal) (G1 Evacuation Pause) 205M->9M(333M) 1.884ms
[22.634s][info ][gc,cpu         ] GC(60) User=0.00s Sys=0.00s Real=0.00s
[22.634s][info ][safepoint      ] Safepoint "G1CollectForAllocation", Time since last: 746345988 ns, Reaching safepoint: 171830 ns, At safepoint: 2058681 ns, Total: 2230511 ns
[23.395s][debug][gc,heap        ] GC(61) Heap before GC invocations=61 (full 1): garbage-first heap   total 340992K, used 210998K [0x0000000700000000, 0x0000000800000000)
[23.395s][debug][gc,heap        ] GC(61)   region size 1024K, 199 young (203776K), 2 survivors (2048K)
[23.395s][debug][gc,heap        ] GC(61)  Metaspace       used 10352K, capacity 10625K, committed 10880K, reserved 1058816K
[23.395s][debug][gc,heap        ] GC(61)   class space    used 1151K, capacity 1266K, committed 1408K, reserved 1048576K
[23.395s][info ][gc,start       ] GC(61) Pause Young (Normal) (G1 Evacuation Pause)
[23.395s][info ][gc,task        ] GC(61) Using 8 workers of 8 for evacuation
[23.395s][debug][gc,tlab        ] GC(61) TLAB totals: thrds: 9  refills: 809 max: 111 slow allocs: 5 max 5 waste:  1.1% gc: 1742728B max: 382792B slow: 468344B max: 64280B fast: 0B max: 0B
[23.395s][debug][gc,age         ] GC(61) Desired survivor size 13107200 bytes, new threshold 15 (max threshold 15)
[23.395s][debug][gc,alloc,region] GC(61) Mutator Allocation stats, regions: 197, wasted size: 0B ( 0.0%)
[23.395s][debug][gc,ergo        ] GC(61) Running G1 Merge Heap Roots using 8 workers for 199 regions
[23.395s][debug][gc,remset      ] GC(61) Visited cards 7168 Total dirty 22528 (31.82%) Total old 841728 (0.85%)
[23.396s][debug][gc,ergo        ] GC(61) Running G1 Clear Card Table Task using 1 workers for 1 units of work for 210 regions.
[23.396s][debug][gc,ref         ] GC(61) Skipped phase1 of Reference Processing due to unavailable references
[23.396s][debug][gc,ref         ] GC(61) Skipped phase3 of Reference Processing due to unavailable references
[23.396s][debug][gc,ergo        ] GC(61) Running G1 Free Collection Set using 8 workers for collection set length 199 (333)
[23.396s][debug][gc,ergo        ] GC(61) Running G1 Rebuild Free List Task using 8 workers for rebuilding free list of 0 (4096) regions
[23.396s][trace][gc,age         ] GC(61) Age table with threshold 15 (max threshold 15)
[23.396s][trace][gc,age         ] GC(61) - age   1:      84496 bytes,      84496 total
[23.396s][trace][gc,age         ] GC(61) - age   2:      82408 bytes,     166904 total
[23.396s][trace][gc,age         ] GC(61) - age   3:      81568 bytes,     248472 total
[23.396s][trace][gc,age         ] GC(61) - age   4:     161536 bytes,     410008 total
[23.396s][trace][gc,age         ] GC(61) - age   5:      81368 bytes,     491376 total
[23.396s][trace][gc,age         ] GC(61) - age   6:      81624 bytes,     573000 total
[23.396s][trace][gc,age         ] GC(61) - age   7:     161728 bytes,     734728 total
[23.396s][trace][gc,age         ] GC(61) - age   8:      81568 bytes,     816296 total
[23.396s][trace][gc,age         ] GC(61) - age   9:      81568 bytes,     897864 total
[23.396s][trace][gc,age         ] GC(61) - age  10:     165240 bytes,    1063104 total
[23.396s][trace][gc,age         ] GC(61) - age  11:     161536 bytes,    1224640 total
[23.396s][trace][gc,age         ] GC(61) - age  12:      81768 bytes,    1306408 total
[23.396s][trace][gc,age         ] GC(61) - age  13:      81568 bytes,    1387976 total
[23.396s][trace][gc,age         ] GC(61) - age  14:      81536 bytes,    1469512 total
[23.396s][debug][gc,plab        ] GC(61) Young PLAB allocation: allocated: 94944B, wasted: 1336B, unused: 9136B, used: 84472B, undo waste: 0B, 
[23.396s][debug][gc,plab        ] GC(61) Young other allocation: region end waste: 18000B, regions filled: 2, direct allocated: 1385040B, failure used: 0B, failure wasted: 0B
[23.396s][debug][gc,plab        ] GC(61) Young sizing: calculated: 13288B, actual: 13856B
[23.396s][debug][gc,plab        ] GC(61) Old PLAB allocation: allocated: 8256B, wasted: 16B, unused: 3504B, used: 4736B, undo waste: 0B, 
[23.396s][debug][gc,plab        ] GC(61) Old other allocation: region end waste: 0B, regions filled: 1, direct allocated: 76832B, failure used: 0B, failure wasted: 0B
[23.396s][debug][gc,plab        ] GC(61) Old sizing: calculated: 944B, actual: 2064B
[23.396s][debug][gc,ihop        ] GC(61) Basic information (value update), threshold: 157129113B (45.00), target occupancy: 349175808B, current occupancy: 9583832B, recent allocation size: 8256B, recent allocation duration: 762.26ms, recent old gen allocation rate: 10830.99B/s, recent marking phase length: 0.00ms
[23.396s][debug][gc,ihop        ] GC(61) Adaptive IHOP information (value update), threshold: 157129113B (47.37), internal target occupancy: 331717017B, occupancy: 9583832B, additional buffer size: 208666624B, predicted old gen allocation rate: 41264.78B/s, predicted marking phase length: 0.00ms, prediction active: false
[23.396s][debug][gc,ergo,refine ] GC(61) Concurrent refinement times: Logged Cards Scan time goal: 20.00ms Logged Cards Scan time: 0.02ms HCC time: 0.00ms
[23.396s][debug][gc,ergo,refine ] GC(61) Updated Refinement Zones: green: 2048, yellow: 6144, red: 10240
[23.396s][info ][gc,phases      ] GC(61)   Pre Evacuate Collection Set: 0.1ms
[23.396s][debug][gc,phases      ] GC(61)     Prepare TLABs: 0.0ms
[23.396s][debug][gc,phases      ] GC(61)     Choose Collection Set: 0.0ms
[23.396s][debug][gc,phases      ] GC(61)     Region Register: 0.1ms
[23.396s][debug][gc,phases      ] GC(61)     Prepare Heap Roots: 0.0ms
[23.396s][info ][gc,phases      ] GC(61)   Merge Heap Roots: 0.1ms
[23.396s][debug][gc,phases      ] GC(61)     Prepare Merge Heap Roots: 0.0ms
[23.396s][debug][gc,phases      ] GC(61)     Eager Reclaim (ms):       skipped
[23.396s][debug][gc,phases      ] GC(61)     Remembered Sets (ms):     Min:  0.0, Avg:  0.0, Max:  0.0, Diff:  0.0, Sum:  0.1, Workers: 8
[23.396s][debug][gc,phases      ] GC(61)       Merged Sparse:            Min: 0, Avg:  0.0, Max: 0, Diff: 0, Sum: 0, Workers: 8
[23.396s][debug][gc,phases      ] GC(61)       Merged Fine:              Min: 0, Avg:  0.0, Max: 0, Diff: 0, Sum: 0, Workers: 8
[23.396s][debug][gc,phases      ] GC(61)       Merged Coarse:            Min: 0, Avg:  0.0, Max: 0, Diff: 0, Sum: 0, Workers: 8
[23.396s][debug][gc,phases      ] GC(61)       Dirty Cards:              Min: 0, Avg:  0.0, Max: 0, Diff: 0, Sum: 0, Workers: 8
[23.396s][debug][gc,phases      ] GC(61)     Hot Card Cache (ms):      Min:  0.0, Avg:  0.0, Max:  0.0, Diff:  0.0, Sum:  0.0, Workers: 8
[23.396s][debug][gc,phases      ] GC(61)       Dirty Cards:              Min: 0, Avg:  0.0, Max: 0, Diff: 0, Sum: 0, Workers: 8
[23.396s][debug][gc,phases      ] GC(61)       Skipped Cards:            Min: 0, Avg:  0.0, Max: 0, Diff: 0, Sum: 0, Workers: 8
[23.396s][debug][gc,phases      ] GC(61)     Log Buffers (ms):         Min:  0.0, Avg:  0.0, Max:  0.0, Diff:  0.0, Sum:  0.0, Workers: 8
[23.396s][debug][gc,phases      ] GC(61)       Dirty Cards:              Min: 0, Avg: 12.0, Max: 22, Diff: 22, Sum: 96, Workers: 8
[23.396s][debug][gc,phases      ] GC(61)       Skipped Cards:            Min: 0, Avg:  0.0, Max: 0, Diff: 0, Sum: 0, Workers: 8
[23.396s][info ][gc,phases      ] GC(61)   Evacuate Collection Set: 0.3ms
[23.396s][debug][gc,phases      ] GC(61)     Ext Root Scanning (ms):   Min:  0.0, Avg:  0.0, Max:  0.0, Diff:  0.0, Sum:  0.2, Workers: 8
[23.396s][debug][gc,phases      ] GC(61)     Scan Heap Roots (ms):     Min:  0.0, Avg:  0.0, Max:  0.0, Diff:  0.0, Sum:  0.2, Workers: 8
[23.396s][debug][gc,phases      ] GC(61)       Scanned Cards:            Min: 0, Avg:  9.9, Max: 17, Diff: 17, Sum: 79, Workers: 8
[23.396s][debug][gc,phases      ] GC(61)       Scanned Blocks:           Min: 0, Avg:  7.8, Max: 14, Diff: 14, Sum: 62, Workers: 8
[23.396s][debug][gc,phases      ] GC(61)       Claimed Chunks:           Min: 0, Avg:  3.5, Max: 8, Diff: 8, Sum: 28, Workers: 8
[23.396s][debug][gc,phases      ] GC(61)     Code Root Scan (ms):      Min:  0.0, Avg:  0.0, Max:  0.0, Diff:  0.0, Sum:  0.0, Workers: 8
[23.396s][debug][gc,phases      ] GC(61)     Object Copy (ms):         Min:  0.0, Avg:  0.1, Max:  0.1, Diff:  0.1, Sum:  0.9, Workers: 8
[23.396s][debug][gc,phases      ] GC(61)     Termination (ms):         Min:  0.0, Avg:  0.0, Max:  0.1, Diff:  0.0, Sum:  0.4, Workers: 8
[23.396s][debug][gc,phases      ] GC(61)       Termination Attempts:     Min: 1, Avg:  1.0, Max: 1, Diff: 0, Sum: 8, Workers: 8
[23.396s][debug][gc,phases      ] GC(61)     GC Worker Other (ms):     Min:  0.0, Avg:  0.0, Max:  0.0, Diff:  0.0, Sum:  0.1, Workers: 8
[23.396s][debug][gc,phases      ] GC(61)     GC Worker Total (ms):     Min:  0.1, Avg:  0.2, Max:  0.3, Diff:  0.2, Sum:  1.8, Workers: 8
[23.396s][info ][gc,phases      ] GC(61)   Post Evacuate Collection Set: 0.3ms
[23.396s][debug][gc,phases      ] GC(61)     Code Roots Fixup: 0.0ms
[23.396s][debug][gc,phases      ] GC(61)     Clear Card Table: 0.1ms
[23.396s][debug][gc,phases      ] GC(61)     Reference Processing: 0.0ms
[23.396s][debug][gc,phases,ref  ] GC(61)       Reconsider SoftReferences: 0.0ms
[23.396s][debug][gc,phases,ref  ] GC(61)         SoftRef (ms):             skipped
[23.396s][debug][gc,phases,ref  ] GC(61)       Notify Soft/WeakReferences: 0.0ms
[23.397s][debug][gc,phases,ref  ] GC(61)         SoftRef (ms):             Min:  0.0, Avg:  0.0, Max:  0.0, Diff:  0.0, Sum:  0.0, Workers: 1
[23.397s][debug][gc,phases,ref  ] GC(61)         WeakRef (ms):             Min:  0.0, Avg:  0.0, Max:  0.0, Diff:  0.0, Sum:  0.0, Workers: 1
[23.397s][debug][gc,phases,ref  ] GC(61)         FinalRef (ms):            Min:  0.0, Avg:  0.0, Max:  0.0, Diff:  0.0, Sum:  0.0, Workers: 1
[23.397s][debug][gc,phases,ref  ] GC(61)         Total (ms):               Min:  0.0, Avg:  0.0, Max:  0.0, Diff:  0.0, Sum:  0.0, Workers: 1
[23.397s][debug][gc,phases,ref  ] GC(61)       Notify and keep alive finalizable: 0.0ms
[23.397s][debug][gc,phases,ref  ] GC(61)         FinalRef (ms):            skipped
[23.397s][debug][gc,phases,ref  ] GC(61)       Notify PhantomReferences: 0.0ms
[23.397s][debug][gc,phases,ref  ] GC(61)         PhantomRef (ms):          Min:  0.0, Avg:  0.0, Max:  0.0, Diff:  0.0, Sum:  0.0, Workers: 1
[23.397s][debug][gc,phases,ref  ] GC(61)       SoftReference:
[23.397s][debug][gc,phases,ref  ] GC(61)         Discovered: 0
[23.397s][debug][gc,phases,ref  ] GC(61)         Cleared: 0
[23.397s][debug][gc,phases,ref  ] GC(61)       WeakReference:
[23.397s][debug][gc,phases,ref  ] GC(61)         Discovered: 71
[23.397s][debug][gc,phases,ref  ] GC(61)         Cleared: 69
[23.397s][debug][gc,phases,ref  ] GC(61)       FinalReference:
[23.397s][debug][gc,phases,ref  ] GC(61)         Discovered: 0
[23.397s][debug][gc,phases,ref  ] GC(61)         Cleared: 0
[23.397s][debug][gc,phases,ref  ] GC(61)       PhantomReference:
[23.397s][debug][gc,phases,ref  ] GC(61)         Discovered: 7
[23.397s][debug][gc,phases,ref  ] GC(61)         Cleared: 7
[23.397s][debug][gc,phases      ] GC(61)     Weak Processing: 0.0ms
[23.397s][debug][gc,phases      ] GC(61)       JVMTI weak processing: 0.0ms
[23.397s][debug][gc,phases      ] GC(61)         Dead: 0
[23.397s][debug][gc,phases      ] GC(61)         Total: 0
[23.397s][debug][gc,phases      ] GC(61)       JFR weak processing: 0.0ms
[23.397s][debug][gc,phases      ] GC(61)         Dead: 0
[23.397s][debug][gc,phases      ] GC(61)         Total: 0
[23.397s][debug][gc,phases      ] GC(61)       JNI weak                  Min:  0.0, Avg:  0.0, Max:  0.0, Diff:  0.0, Sum:  0.0, Workers: 5
[23.397s][debug][gc,phases      ] GC(61)         Dead                      Min: 0, Avg:  0.0, Max: 0, Diff: 0, Sum: 0, Workers: 5
[23.397s][debug][gc,phases      ] GC(61)         Total                     Min: 0, Avg: 69.4, Max: 155, Diff: 155, Sum: 347, Workers: 5
[23.397s][debug][gc,phases      ] GC(61)       VM weak                   Min:  0.0, Avg:  0.0, Max:  0.0, Diff:  0.0, Sum:  0.0, Workers: 5
[23.397s][debug][gc,phases      ] GC(61)         Dead                      Min: 0, Avg:  0.0, Max: 0, Diff: 0, Sum: 0, Workers: 5
[23.397s][debug][gc,phases      ] GC(61)         Total                     Min: 0, Avg: 42.4, Max: 84, Diff: 84, Sum: 212, Workers: 5
[23.397s][debug][gc,phases      ] GC(61)       StringTable weak          Min:  0.0, Avg:  0.0, Max:  0.0, Diff:  0.0, Sum:  0.1, Workers: 5
[23.397s][debug][gc,phases      ] GC(61)         Dead                      Min: 0, Avg:  0.0, Max: 0, Diff: 0, Sum: 0, Workers: 5
[23.397s][debug][gc,phases      ] GC(61)         Total                     Min: 0, Avg: 700.4, Max: 896, Diff: 896, Sum: 3502, Workers: 5
[23.397s][debug][gc,phases      ] GC(61)       ResolvedMethodTable weak  Min:  0.0, Avg:  0.0, Max:  0.0, Diff:  0.0, Sum:  0.0, Workers: 5
[23.397s][debug][gc,phases      ] GC(61)         Dead                      Min: 0, Avg:  0.0, Max: 0, Diff: 0, Sum: 0, Workers: 5
[23.397s][debug][gc,phases      ] GC(61)         Total                     Min: 61, Avg: 114.6, Max: 128, Diff: 67, Sum: 573, Workers: 5
[23.397s][debug][gc,phases      ] GC(61)     Merge Per-Thread State: 0.0ms
[23.397s][debug][gc,phases      ] GC(61)       Copied Bytes              Min: 1016, Avg: 193885.0, Max: 361544, Diff: 360528, Sum: 1551080, Workers: 8
[23.397s][debug][gc,phases      ] GC(61)       LAB Waste                 Min: 0, Avg: 169.0, Max: 264, Diff: 264, Sum: 1352, Workers: 8
[23.397s][debug][gc,phases      ] GC(61)       LAB Undo Waste            Min: 0, Avg:  0.0, Max: 0, Diff: 0, Sum: 0, Workers: 8
[23.397s][debug][gc,phases      ] GC(61)     Code Roots Purge: 0.0ms
[23.397s][debug][gc,phases      ] GC(61)     Redirty Cards: 0.0ms
[23.397s][debug][gc,phases      ] GC(61)     DerivedPointerTable Update: 0.0ms
[23.397s][debug][gc,phases      ] GC(61)     Free Collection Set: 0.1ms
[23.397s][debug][gc,phases      ] GC(61)     Rebuild Free List: 0.1ms
[23.397s][debug][gc,phases      ] GC(61)     Humongous Reclaim: 0.0ms
[23.397s][debug][gc,phases      ] GC(61)     Start New Collection Set: 0.0ms
[23.397s][debug][gc,phases      ] GC(61)     Resize TLABs: 0.0ms
[23.397s][debug][gc,phases      ] GC(61)     Expand Heap After Collection: 0.0ms
[23.397s][info ][gc,phases      ] GC(61)   Other: 0.3ms
[23.397s][info ][gc,heap        ] GC(61) Eden regions: 197->0(197)
[23.397s][info ][gc,heap        ] GC(61) Survivor regions: 2->2(25)
[23.397s][info ][gc,heap        ] GC(61) Old regions: 11->11
[23.397s][info ][gc,heap        ] GC(61) Archive regions: 2->2
[23.397s][info ][gc,heap        ] GC(61) Humongous regions: 0->0
[23.397s][info ][gc,metaspace   ] GC(61) Metaspace: 10352K(10880K)->10352K(10880K) NonClass: 9201K(9472K)->9201K(9472K) Class: 1151K(1408K)->1151K(1408K)
[23.397s][debug][gc,heap        ] GC(61) Heap after GC invocations=62 (full 1): garbage-first heap   total 340992K, used 9359K [0x0000000700000000, 0x0000000800000000)
[23.397s][debug][gc,heap        ] GC(61)   region size 1024K, 2 young (2048K), 2 survivors (2048K)
[23.397s][debug][gc,heap        ] GC(61)  Metaspace       used 10352K, capacity 10625K, committed 10880K, reserved 1058816K
[23.397s][debug][gc,heap        ] GC(61)   class space    used 1151K, capacity 1266K, committed 1408K, reserved 1048576K
[23.397s][info ][gc             ] GC(61) Pause Young (Normal) (G1 Evacuation Pause) 206M->9M(333M) 1.826ms
[23.397s][info ][gc,cpu         ] GC(61) User=0.01s Sys=0.00s Real=0.00s
[23.397s][info ][safepoint      ] Safepoint "G1CollectForAllocation", Time since last: 761262149 ns, Reaching safepoint: 105035 ns, At safepoint: 2003872 ns, Total: 2108907 ns
[24.185s][debug][gc,heap        ] GC(62) Heap before GC invocations=62 (full 1): garbage-first heap   total 340992K, used 211087K [0x0000000700000000, 0x0000000800000000)
[24.185s][debug][gc,heap        ] GC(62)   region size 1024K, 199 young (203776K), 2 survivors (2048K)
[24.185s][debug][gc,heap        ] GC(62)  Metaspace       used 10359K, capacity 10625K, committed 10880K, reserved 1058816K
[24.185s][debug][gc,heap        ] GC(62)   class space    used 1151K, capacity 1266K, committed 1408K, reserved 1048576K
[24.185s][info ][gc,start       ] GC(62) Pause Young (Normal) (G1 Evacuation Pause)
[24.185s][info ][gc,task        ] GC(62) Using 8 workers of 8 for evacuation
[24.185s][debug][gc,tlab        ] GC(62) TLAB totals: thrds: 9  refills: 850 max: 111 slow allocs: 14 max 14 waste:  1.2% gc: 2028392B max: 391936B slow: 492984B max: 64784B fast: 0B max: 0B
[24.185s][debug][gc,age         ] GC(62) Desired survivor size 13107200 bytes, new threshold 15 (max threshold 15)
[24.185s][debug][gc,alloc,region] GC(62) Mutator Allocation stats, regions: 197, wasted size: 0B ( 0.0%)
[24.185s][debug][gc,ergo        ] GC(62) Running G1 Merge Heap Roots using 8 workers for 199 regions
[24.185s][debug][gc,remset      ] GC(62) Visited cards 7680 Total dirty 22528 (34.09%) Total old 841728 (0.91%)
[24.185s][debug][gc,ergo        ] GC(62) Running G1 Clear Card Table Task using 1 workers for 1 units of work for 210 regions.
[24.185s][debug][gc,ref         ] GC(62) Skipped phase1 of Reference Processing due to unavailable references
[24.185s][debug][gc,ref         ] GC(62) Skipped phase3 of Reference Processing due to unavailable references
[24.185s][debug][gc,ref         ] GC(62) Skipped phase4 of Reference Processing due to unavailable references
[24.186s][debug][gc,ergo        ] GC(62) Running G1 Free Collection Set using 8 workers for collection set length 199 (333)
[24.186s][debug][gc,ergo        ] GC(62) Running G1 Rebuild Free List Task using 8 workers for rebuilding free list of 0 (4096) regions
[24.186s][trace][gc,age         ] GC(62) Age table with threshold 15 (max threshold 15)
[24.186s][trace][gc,age         ] GC(62) - age   1:     246472 bytes,     246472 total
[24.186s][trace][gc,age         ] GC(62) - age   2:      81568 bytes,     328040 total
[24.186s][trace][gc,age         ] GC(62) - age   3:      82376 bytes,     410416 total
[24.186s][trace][gc,age         ] GC(62) - age   4:      81568 bytes,     491984 total
[24.186s][trace][gc,age         ] GC(62) - age   5:     161536 bytes,     653520 total
[24.186s][trace][gc,age         ] GC(62) - age   6:      81368 bytes,     734888 total
[24.186s][trace][gc,age         ] GC(62) - age   7:      81624 bytes,     816512 total
[24.186s][trace][gc,age         ] GC(62) - age   8:     161728 bytes,     978240 total
[24.186s][trace][gc,age         ] GC(62) - age   9:      81568 bytes,    1059808 total
[24.186s][trace][gc,age         ] GC(62) - age  10:      81568 bytes,    1141376 total
[24.186s][trace][gc,age         ] GC(62) - age  11:     165240 bytes,    1306616 total
[24.186s][trace][gc,age         ] GC(62) - age  12:     161536 bytes,    1468152 total
[24.186s][trace][gc,age         ] GC(62) - age  13:      81768 bytes,    1549920 total
[24.186s][trace][gc,age         ] GC(62) - age  14:      81568 bytes,    1631488 total
[24.186s][trace][gc,age         ] GC(62) - age  15:      81536 bytes,    1713024 total
[24.186s][debug][gc,plab        ] GC(62) Young PLAB allocation: allocated: 109392B, wasted: 1560B, unused: 10344B, used: 97488B, undo waste: 0B, 
[24.186s][debug][gc,plab        ] GC(62) Young other allocation: region end waste: 13872B, regions filled: 2, direct allocated: 1615536B, failure used: 0B, failure wasted: 0B
[24.186s][debug][gc,plab        ] GC(62) Young sizing: calculated: 16720B, actual: 16000B
[24.186s][debug][gc,plab        ] GC(62) Old PLAB allocation: allocated: 0B, wasted: 0B, unused: 0B, used: 0B, undo waste: 0B, 
[24.186s][debug][gc,plab        ] GC(62) Old other allocation: region end waste: 0B, regions filled: 1, direct allocated: 0B, failure used: 0B, failure wasted: 0B
[24.186s][debug][gc,plab        ] GC(62) Old sizing: calculated: 0B, actual: 2064B
[24.186s][debug][gc,ihop        ] GC(62) Basic information (value update), threshold: 157129113B (45.00), target occupancy: 349175808B, current occupancy: 9824648B, recent allocation size: 0B, recent allocation duration: 788.69ms, recent old gen allocation rate: 0.00B/s, recent marking phase length: 0.00ms
[24.186s][debug][gc,ihop        ] GC(62) Adaptive IHOP information (value update), threshold: 157129113B (47.37), internal target occupancy: 331717017B, occupancy: 9824648B, additional buffer size: 208666624B, predicted old gen allocation rate: 39819.91B/s, predicted marking phase length: 0.00ms, prediction active: false
[24.186s][debug][gc,ergo,refine ] GC(62) Concurrent refinement times: Logged Cards Scan time goal: 20.00ms Logged Cards Scan time: 0.02ms HCC time: 0.00ms
[24.186s][debug][gc,ergo,refine ] GC(62) Updated Refinement Zones: green: 2048, yellow: 6144, red: 10240
[24.186s][info ][gc,phases      ] GC(62)   Pre Evacuate Collection Set: 0.1ms
[24.186s][debug][gc,phases      ] GC(62)     Prepare TLABs: 0.0ms
[24.186s][debug][gc,phases      ] GC(62)     Choose Collection Set: 0.0ms
[24.186s][debug][gc,phases      ] GC(62)     Region Register: 0.1ms
[24.186s][debug][gc,phases      ] GC(62)     Prepare Heap Roots: 0.0ms
[24.186s][info ][gc,phases      ] GC(62)   Merge Heap Roots: 0.1ms
[24.186s][debug][gc,phases      ] GC(62)     Prepare Merge Heap Roots: 0.0ms
[24.186s][debug][gc,phases      ] GC(62)     Eager Reclaim (ms):       skipped
[24.186s][debug][gc,phases      ] GC(62)     Remembered Sets (ms):     Min:  0.0, Avg:  0.0, Max:  0.0, Diff:  0.0, Sum:  0.1, Workers: 8
[24.186s][debug][gc,phases      ] GC(62)       Merged Sparse:            Min: 0, Avg:  0.0, Max: 0, Diff: 0, Sum: 0, Workers: 8
[24.186s][debug][gc,phases      ] GC(62)       Merged Fine:              Min: 0, Avg:  0.0, Max: 0, Diff: 0, Sum: 0, Workers: 8
[24.186s][debug][gc,phases      ] GC(62)       Merged Coarse:            Min: 0, Avg:  0.0, Max: 0, Diff: 0, Sum: 0, Workers: 8
[24.186s][debug][gc,phases      ] GC(62)       Dirty Cards:              Min: 0, Avg:  0.0, Max: 0, Diff: 0, Sum: 0, Workers: 8
[24.186s][debug][gc,phases      ] GC(62)     Hot Card Cache (ms):      Min:  0.0, Avg:  0.0, Max:  0.0, Diff:  0.0, Sum:  0.0, Workers: 8
[24.186s][debug][gc,phases      ] GC(62)       Dirty Cards:              Min: 0, Avg:  0.0, Max: 0, Diff: 0, Sum: 0, Workers: 8
[24.186s][debug][gc,phases      ] GC(62)       Skipped Cards:            Min: 0, Avg:  0.0, Max: 0, Diff: 0, Sum: 0, Workers: 8
[24.186s][debug][gc,phases      ] GC(62)     Log Buffers (ms):         Min:  0.0, Avg:  0.0, Max:  0.0, Diff:  0.0, Sum:  0.0, Workers: 8
[24.186s][debug][gc,phases      ] GC(62)       Dirty Cards:              Min: 0, Avg: 11.1, Max: 32, Diff: 32, Sum: 89, Workers: 8
[24.186s][debug][gc,phases      ] GC(62)       Skipped Cards:            Min: 0, Avg:  0.0, Max: 0, Diff: 0, Sum: 0, Workers: 8
[24.186s][info ][gc,phases      ] GC(62)   Evacuate Collection Set: 0.4ms
[24.186s][debug][gc,phases      ] GC(62)     Ext Root Scanning (ms):   Min:  0.0, Avg:  0.0, Max:  0.0, Diff:  0.0, Sum:  0.2, Workers: 8
[24.186s][debug][gc,phases      ] GC(62)     Scan Heap Roots (ms):     Min:  0.0, Avg:  0.0, Max:  0.0, Diff:  0.0, Sum:  0.2, Workers: 8
[24.186s][debug][gc,phases      ] GC(62)       Scanned Cards:            Min: 0, Avg: 10.4, Max: 16, Diff: 16, Sum: 83, Workers: 8
[24.186s][debug][gc,phases      ] GC(62)       Scanned Blocks:           Min: 0, Avg:  8.0, Max: 12, Diff: 12, Sum: 64, Workers: 8
[24.186s][debug][gc,phases      ] GC(62)       Claimed Chunks:           Min: 0, Avg:  3.8, Max: 6, Diff: 6, Sum: 30, Workers: 8
[24.186s][debug][gc,phases      ] GC(62)     Code Root Scan (ms):      Min:  0.0, Avg:  0.0, Max:  0.0, Diff:  0.0, Sum:  0.0, Workers: 8
[24.186s][debug][gc,phases      ] GC(62)     Object Copy (ms):         Min:  0.2, Avg:  0.2, Max:  0.2, Diff:  0.0, Sum:  1.5, Workers: 8
[24.186s][debug][gc,phases      ] GC(62)     Termination (ms):         Min:  0.0, Avg:  0.0, Max:  0.1, Diff:  0.0, Sum:  0.4, Workers: 8
[24.186s][debug][gc,phases      ] GC(62)       Termination Attempts:     Min: 1, Avg:  1.0, Max: 1, Diff: 0, Sum: 8, Workers: 8
[24.186s][debug][gc,phases      ] GC(62)     GC Worker Other (ms):     Min:  0.0, Avg:  0.0, Max:  0.0, Diff:  0.0, Sum:  0.1, Workers: 8
[24.186s][debug][gc,phases      ] GC(62)     GC Worker Total (ms):     Min:  0.3, Avg:  0.3, Max:  0.3, Diff:  0.1, Sum:  2.5, Workers: 8
[24.186s][info ][gc,phases      ] GC(62)   Post Evacuate Collection Set: 0.3ms
[24.186s][debug][gc,phases      ] GC(62)     Code Roots Fixup: 0.0ms
[24.186s][debug][gc,phases      ] GC(62)     Clear Card Table: 0.1ms
[24.186s][debug][gc,phases      ] GC(62)     Reference Processing: 0.0ms
[24.186s][debug][gc,phases,ref  ] GC(62)       Reconsider SoftReferences: 0.0ms
[24.186s][debug][gc,phases,ref  ] GC(62)         SoftRef (ms):             skipped
[24.186s][debug][gc,phases,ref  ] GC(62)       Notify Soft/WeakReferences: 0.0ms
[24.186s][debug][gc,phases,ref  ] GC(62)         SoftRef (ms):             Min:  0.0, Avg:  0.0, Max:  0.0, Diff:  0.0, Sum:  0.0, Workers: 1
[24.186s][debug][gc,phases,ref  ] GC(62)         WeakRef (ms):             Min:  0.0, Avg:  0.0, Max:  0.0, Diff:  0.0, Sum:  0.0, Workers: 1
[24.186s][debug][gc,phases,ref  ] GC(62)         FinalRef (ms):            Min:  0.0, Avg:  0.0, Max:  0.0, Diff:  0.0, Sum:  0.0, Workers: 1
[24.186s][debug][gc,phases,ref  ] GC(62)         Total (ms):               Min:  0.0, Avg:  0.0, Max:  0.0, Diff:  0.0, Sum:  0.0, Workers: 1
[24.186s][debug][gc,phases,ref  ] GC(62)       Notify and keep alive finalizable: 0.0ms
[24.186s][debug][gc,phases,ref  ] GC(62)         FinalRef (ms):            skipped
[24.186s][debug][gc,phases,ref  ] GC(62)       Notify PhantomReferences: 0.0ms
[24.186s][debug][gc,phases,ref  ] GC(62)         PhantomRef (ms):          skipped
[24.186s][debug][gc,phases,ref  ] GC(62)       SoftReference:
[24.186s][debug][gc,phases,ref  ] GC(62)         Discovered: 0
[24.186s][debug][gc,phases,ref  ] GC(62)         Cleared: 0
[24.186s][debug][gc,phases,ref  ] GC(62)       WeakReference:
[24.186s][debug][gc,phases,ref  ] GC(62)         Discovered: 75
[24.186s][debug][gc,phases,ref  ] GC(62)         Cleared: 73
[24.186s][debug][gc,phases,ref  ] GC(62)       FinalReference:
[24.186s][debug][gc,phases,ref  ] GC(62)         Discovered: 0
[24.186s][debug][gc,phases,ref  ] GC(62)         Cleared: 0
[24.186s][debug][gc,phases,ref  ] GC(62)       PhantomReference:
[24.186s][debug][gc,phases,ref  ] GC(62)         Discovered: 0
[24.186s][debug][gc,phases,ref  ] GC(62)         Cleared: 0
[24.186s][debug][gc,phases      ] GC(62)     Weak Processing: 0.0ms
[24.186s][debug][gc,phases      ] GC(62)       JVMTI weak processing: 0.0ms
[24.186s][debug][gc,phases      ] GC(62)         Dead: 0
[24.186s][debug][gc,phases      ] GC(62)         Total: 0
[24.186s][debug][gc,phases      ] GC(62)       JFR weak processing: 0.0ms
[24.186s][debug][gc,phases      ] GC(62)         Dead: 0
[24.186s][debug][gc,phases      ] GC(62)         Total: 0
[24.186s][debug][gc,phases      ] GC(62)       JNI weak                  Min:  0.0, Avg:  0.0, Max:  0.0, Diff:  0.0, Sum:  0.0, Workers: 5
[24.186s][debug][gc,phases      ] GC(62)         Dead                      Min: 0, Avg:  0.0, Max: 0, Diff: 0, Sum: 0, Workers: 5
[24.186s][debug][gc,phases      ] GC(62)         Total                     Min: 0, Avg: 71.8, Max: 128, Diff: 128, Sum: 359, Workers: 5
[24.186s][debug][gc,phases      ] GC(62)       VM weak                   Min:  0.0, Avg:  0.0, Max:  0.0, Diff:  0.0, Sum:  0.0, Workers: 5
[24.186s][debug][gc,phases      ] GC(62)         Dead                      Min: 0, Avg:  0.0, Max: 0, Diff: 0, Sum: 0, Workers: 5
[24.186s][debug][gc,phases      ] GC(62)         Total                     Min: 0, Avg: 42.4, Max: 84, Diff: 84, Sum: 212, Workers: 5
[24.186s][debug][gc,phases      ] GC(62)       StringTable weak          Min:  0.0, Avg:  0.0, Max:  0.0, Diff:  0.0, Sum:  0.1, Workers: 5
[24.186s][debug][gc,phases      ] GC(62)         Dead                      Min: 0, Avg:  0.0, Max: 0, Diff: 0, Sum: 0, Workers: 5
[24.186s][debug][gc,phases      ] GC(62)         Total                     Min: 0, Avg: 701.6, Max: 896, Diff: 896, Sum: 3508, Workers: 5
[24.186s][debug][gc,phases      ] GC(62)       ResolvedMethodTable weak  Min:  0.0, Avg:  0.0, Max:  0.0, Diff:  0.0, Sum:  0.0, Workers: 5
[24.186s][debug][gc,phases      ] GC(62)         Dead                      Min: 0, Avg:  0.0, Max: 0, Diff: 0, Sum: 0, Workers: 5
[24.186s][debug][gc,phases      ] GC(62)         Total                     Min: 0, Avg: 114.6, Max: 189, Diff: 189, Sum: 573, Workers: 5
[24.186s][debug][gc,phases      ] GC(62)     Merge Per-Thread State: 0.0ms
[24.186s][debug][gc,phases      ] GC(62)       Copied Bytes              Min: 160776, Avg: 214128.0, Max: 320528, Diff: 159752, Sum: 1713024, Workers: 8
[24.186s][debug][gc,phases      ] GC(62)       LAB Waste                 Min: 88, Avg: 195.0, Max: 352, Diff: 264, Sum: 1560, Workers: 8
[24.186s][debug][gc,phases      ] GC(62)       LAB Undo Waste            Min: 0, Avg:  0.0, Max: 0, Diff: 0, Sum: 0, Workers: 8
[24.186s][debug][gc,phases      ] GC(62)     Code Roots Purge: 0.0ms
[24.186s][debug][gc,phases      ] GC(62)     Redirty Cards: 0.0ms
[24.186s][debug][gc,phases      ] GC(62)     DerivedPointerTable Update: 0.0ms
[24.186s][debug][gc,phases      ] GC(62)     Free Collection Set: 0.1ms
[24.186s][debug][gc,phases      ] GC(62)     Rebuild Free List: 0.1ms
[24.186s][debug][gc,phases      ] GC(62)     Humongous Reclaim: 0.0ms
[24.186s][debug][gc,phases      ] GC(62)     Start New Collection Set: 0.0ms
[24.186s][debug][gc,phases      ] GC(62)     Resize TLABs: 0.0ms
[24.186s][debug][gc,phases      ] GC(62)     Expand Heap After Collection: 0.0ms
[24.186s][info ][gc,phases      ] GC(62)   Other: 0.3ms
[24.186s][info ][gc,heap        ] GC(62) Eden regions: 197->0(197)
[24.186s][info ][gc,heap        ] GC(62) Survivor regions: 2->2(25)
[24.186s][info ][gc,heap        ] GC(62) Old regions: 11->11
[24.186s][info ][gc,heap        ] GC(62) Archive regions: 2->2
[24.186s][info ][gc,heap        ] GC(62) Humongous regions: 0->0
[24.186s][info ][gc,metaspace   ] GC(62) Metaspace: 10359K(10880K)->10359K(10880K) NonClass: 9207K(9472K)->9207K(9472K) Class: 1151K(1408K)->1151K(1408K)
[24.186s][debug][gc,heap        ] GC(62) Heap after GC invocations=63 (full 1): garbage-first heap   total 340992K, used 9594K [0x0000000700000000, 0x0000000800000000)
[24.186s][debug][gc,heap        ] GC(62)   region size 1024K, 2 young (2048K), 2 survivors (2048K)
[24.186s][debug][gc,heap        ] GC(62)  Metaspace       used 10359K, capacity 10625K, committed 10880K, reserved 1058816K
[24.186s][debug][gc,heap        ] GC(62)   class space    used 1151K, capacity 1266K, committed 1408K, reserved 1048576K
[24.187s][info ][gc             ] GC(62) Pause Young (Normal) (G1 Evacuation Pause) 206M->9M(333M) 1.759ms
[24.187s][info ][gc,cpu         ] GC(62) User=0.01s Sys=0.00s Real=0.00s
[24.187s][info ][safepoint      ] Safepoint "G1CollectForAllocation", Time since last: 787529144 ns, Reaching safepoint: 136041 ns, At safepoint: 1938770 ns, Total: 2074811 ns
[25.017s][debug][gc,heap        ] GC(63) Heap before GC invocations=63 (full 1): garbage-first heap   total 340992K, used 211322K [0x0000000700000000, 0x0000000800000000)
[25.017s][debug][gc,heap        ] GC(63)   region size 1024K, 199 young (203776K), 2 survivors (2048K)
[25.017s][debug][gc,heap        ] GC(63)  Metaspace       used 10359K, capacity 10625K, committed 10880K, reserved 1058816K
[25.017s][debug][gc,heap        ] GC(63)   class space    used 1151K, capacity 1266K, committed 1408K, reserved 1048576K
[25.017s][info ][gc,start       ] GC(63) Pause Young (Normal) (G1 Evacuation Pause)
[25.017s][info ][gc,task        ] GC(63) Using 8 workers of 8 for evacuation
[25.017s][debug][gc,tlab        ] GC(63) TLAB totals: thrds: 8  refills: 792 max: 118 slow allocs: 0 max 0 waste:  0.9% gc: 1384848B max: 428608B slow: 458544B max: 67944B fast: 0B max: 0B
[25.017s][debug][gc,age         ] GC(63) Desired survivor size 13107200 bytes, new threshold 15 (max threshold 15)
[25.017s][debug][gc,alloc,region] GC(63) Mutator Allocation stats, regions: 197, wasted size: 0B ( 0.0%)
[25.017s][debug][gc,ergo        ] GC(63) Running G1 Merge Heap Roots using 8 workers for 199 regions
[25.017s][debug][gc,remset      ] GC(63) Visited cards 7168 Total dirty 18432 (38.89%) Total old 841728 (0.85%)
[25.018s][debug][gc,ergo        ] GC(63) Running G1 Clear Card Table Task using 1 workers for 1 units of work for 208 regions.
[25.018s][debug][gc,ref         ] GC(63) Skipped phase1 of Reference Processing due to unavailable references
[25.018s][debug][gc,ref         ] GC(63) Skipped phase3 of Reference Processing due to unavailable references
[25.018s][debug][gc,ref         ] GC(63) Skipped phase4 of Reference Processing due to unavailable references
[25.018s][debug][gc,ergo        ] GC(63) Running G1 Free Collection Set using 8 workers for collection set length 199 (333)
[25.018s][debug][gc,ergo        ] GC(63) Running G1 Rebuild Free List Task using 8 workers for rebuilding free list of 0 (4096) regions
[25.018s][trace][gc,age         ] GC(63) Age table with threshold 15 (max threshold 15)
[25.018s][trace][gc,age         ] GC(63) - age   1:       1160 bytes,       1160 total
[25.018s][trace][gc,age         ] GC(63) - age   2:     245368 bytes,     246528 total
[25.018s][trace][gc,age         ] GC(63) - age   3:      81568 bytes,     328096 total
[25.018s][trace][gc,age         ] GC(63) - age   4:      82376 bytes,     410472 total
[25.018s][trace][gc,age         ] GC(63) - age   5:      81568 bytes,     492040 total
[25.018s][trace][gc,age         ] GC(63) - age   6:     161536 bytes,     653576 total
[25.018s][trace][gc,age         ] GC(63) - age   7:      81368 bytes,     734944 total
[25.018s][trace][gc,age         ] GC(63) - age   8:      81624 bytes,     816568 total
[25.018s][trace][gc,age         ] GC(63) - age   9:     161728 bytes,     978296 total
[25.018s][trace][gc,age         ] GC(63) - age  10:      81568 bytes,    1059864 total
[25.018s][trace][gc,age         ] GC(63) - age  11:      81568 bytes,    1141432 total
[25.018s][trace][gc,age         ] GC(63) - age  12:     165240 bytes,    1306672 total
[25.018s][trace][gc,age         ] GC(63) - age  13:     161536 bytes,    1468208 total
[25.018s][trace][gc,age         ] GC(63) - age  14:      81768 bytes,    1549976 total
[25.018s][trace][gc,age         ] GC(63) - age  15:      81568 bytes,    1631544 total
[25.018s][debug][gc,plab        ] GC(63) Young PLAB allocation: allocated: 103200B, wasted: 1328B, unused: 9032B, used: 92840B, undo waste: 0B, 
[25.018s][debug][gc,plab        ] GC(63) Young other allocation: region end waste: 7680B, regions filled: 2, direct allocated: 1538704B, failure used: 0B, failure wasted: 0B
[25.018s][debug][gc,plab        ] GC(63) Young sizing: calculated: 17032B, actual: 16768B
[25.018s][debug][gc,plab        ] GC(63) Old PLAB allocation: allocated: 12384B, wasted: 0B, unused: 7680B, used: 4704B, undo waste: 0B, 
[25.018s][debug][gc,plab        ] GC(63) Old other allocation: region end waste: 0B, regions filled: 1, direct allocated: 76832B, failure used: 0B, failure wasted: 0B
[25.018s][debug][gc,plab        ] GC(63) Old sizing: calculated: 936B, actual: 2064B
[25.018s][debug][gc,ihop        ] GC(63) Basic information (value update), threshold: 157129113B (45.00), target occupancy: 349175808B, current occupancy: 9825032B, recent allocation size: 12384B, recent allocation duration: 831.44ms, recent old gen allocation rate: 14894.66B/s, recent marking phase length: 0.00ms
[25.018s][debug][gc,ihop        ] GC(63) Adaptive IHOP information (value update), threshold: 157129113B (47.37), internal target occupancy: 331717017B, occupancy: 9825032B, additional buffer size: 208666624B, predicted old gen allocation rate: 39040.54B/s, predicted marking phase length: 0.00ms, prediction active: false
[25.018s][debug][gc,ergo,refine ] GC(63) Concurrent refinement times: Logged Cards Scan time goal: 20.00ms Logged Cards Scan time: 0.02ms HCC time: 0.00ms
[25.018s][debug][gc,ergo,refine ] GC(63) Updated Refinement Zones: green: 2048, yellow: 6144, red: 10240
[25.018s][info ][gc,phases      ] GC(63)   Pre Evacuate Collection Set: 0.1ms
[25.018s][debug][gc,phases      ] GC(63)     Prepare TLABs: 0.0ms
[25.018s][debug][gc,phases      ] GC(63)     Choose Collection Set: 0.0ms
[25.018s][debug][gc,phases      ] GC(63)     Region Register: 0.1ms
[25.018s][debug][gc,phases      ] GC(63)     Prepare Heap Roots: 0.0ms
[25.018s][info ][gc,phases      ] GC(63)   Merge Heap Roots: 0.1ms
[25.018s][debug][gc,phases      ] GC(63)     Prepare Merge Heap Roots: 0.0ms
[25.018s][debug][gc,phases      ] GC(63)     Eager Reclaim (ms):       skipped
[25.018s][debug][gc,phases      ] GC(63)     Remembered Sets (ms):     Min:  0.0, Avg:  0.0, Max:  0.0, Diff:  0.0, Sum:  0.1, Workers: 8
[25.018s][debug][gc,phases      ] GC(63)       Merged Sparse:            Min: 0, Avg:  0.0, Max: 0, Diff: 0, Sum: 0, Workers: 8
[25.018s][debug][gc,phases      ] GC(63)       Merged Fine:              Min: 0, Avg:  0.0, Max: 0, Diff: 0, Sum: 0, Workers: 8
[25.018s][debug][gc,phases      ] GC(63)       Merged Coarse:            Min: 0, Avg:  0.0, Max: 0, Diff: 0, Sum: 0, Workers: 8
[25.018s][debug][gc,phases      ] GC(63)       Dirty Cards:              Min: 0, Avg:  0.0, Max: 0, Diff: 0, Sum: 0, Workers: 8
[25.018s][debug][gc,phases      ] GC(63)     Hot Card Cache (ms):      Min:  0.0, Avg:  0.0, Max:  0.0, Diff:  0.0, Sum:  0.0, Workers: 8
[25.018s][debug][gc,phases      ] GC(63)       Dirty Cards:              Min: 0, Avg:  0.0, Max: 0, Diff: 0, Sum: 0, Workers: 8
[25.018s][debug][gc,phases      ] GC(63)       Skipped Cards:            Min: 0, Avg:  0.0, Max: 0, Diff: 0, Sum: 0, Workers: 8
[25.018s][debug][gc,phases      ] GC(63)     Log Buffers (ms):         Min:  0.0, Avg:  0.0, Max:  0.0, Diff:  0.0, Sum:  0.0, Workers: 8
[25.018s][debug][gc,phases      ] GC(63)       Dirty Cards:              Min: 0, Avg:  9.2, Max: 44, Diff: 44, Sum: 74, Workers: 8
[25.018s][debug][gc,phases      ] GC(63)       Skipped Cards:            Min: 0, Avg:  0.0, Max: 0, Diff: 0, Sum: 0, Workers: 8
[25.018s][info ][gc,phases      ] GC(63)   Evacuate Collection Set: 0.3ms
[25.018s][debug][gc,phases      ] GC(63)     Ext Root Scanning (ms):   Min:  0.0, Avg:  0.0, Max:  0.1, Diff:  0.1, Sum:  0.2, Workers: 8
[25.018s][debug][gc,phases      ] GC(63)     Scan Heap Roots (ms):     Min:  0.0, Avg:  0.0, Max:  0.0, Diff:  0.0, Sum:  0.1, Workers: 8
[25.018s][debug][gc,phases      ] GC(63)       Scanned Cards:            Min: 0, Avg:  7.5, Max: 14, Diff: 14, Sum: 60, Workers: 8
[25.018s][debug][gc,phases      ] GC(63)       Scanned Blocks:           Min: 0, Avg:  6.2, Max: 11, Diff: 11, Sum: 50, Workers: 8
[25.018s][debug][gc,phases      ] GC(63)       Claimed Chunks:           Min: 0, Avg:  3.5, Max: 7, Diff: 7, Sum: 28, Workers: 8
[25.018s][debug][gc,phases      ] GC(63)     Code Root Scan (ms):      Min:  0.0, Avg:  0.0, Max:  0.0, Diff:  0.0, Sum:  0.0, Workers: 8
[25.018s][debug][gc,phases      ] GC(63)     Object Copy (ms):         Min:  0.2, Avg:  0.2, Max:  0.2, Diff:  0.0, Sum:  1.4, Workers: 8
[25.018s][debug][gc,phases      ] GC(63)     Termination (ms):         Min:  0.1, Avg:  0.1, Max:  0.1, Diff:  0.0, Sum:  0.5, Workers: 8
[25.018s][debug][gc,phases      ] GC(63)       Termination Attempts:     Min: 1, Avg:  1.0, Max: 1, Diff: 0, Sum: 8, Workers: 8
[25.019s][debug][gc,phases      ] GC(63)     GC Worker Other (ms):     Min:  0.0, Avg:  0.0, Max:  0.0, Diff:  0.0, Sum:  0.1, Workers: 8
[25.019s][debug][gc,phases      ] GC(63)     GC Worker Total (ms):     Min:  0.3, Avg:  0.3, Max:  0.3, Diff:  0.0, Sum:  2.5, Workers: 8
[25.019s][info ][gc,phases      ] GC(63)   Post Evacuate Collection Set: 0.3ms
[25.019s][debug][gc,phases      ] GC(63)     Code Roots Fixup: 0.0ms
[25.019s][debug][gc,phases      ] GC(63)     Clear Card Table: 0.1ms
[25.019s][debug][gc,phases      ] GC(63)     Reference Processing: 0.0ms
[25.019s][debug][gc,phases,ref  ] GC(63)       Reconsider SoftReferences: 0.0ms
[25.019s][debug][gc,phases,ref  ] GC(63)         SoftRef (ms):             skipped
[25.019s][debug][gc,phases,ref  ] GC(63)       Notify Soft/WeakReferences: 0.0ms
[25.019s][debug][gc,phases,ref  ] GC(63)         SoftRef (ms):             Min:  0.0, Avg:  0.0, Max:  0.0, Diff:  0.0, Sum:  0.0, Workers: 1
[25.019s][debug][gc,phases,ref  ] GC(63)         WeakRef (ms):             Min:  0.0, Avg:  0.0, Max:  0.0, Diff:  0.0, Sum:  0.0, Workers: 1
[25.019s][debug][gc,phases,ref  ] GC(63)         FinalRef (ms):            Min:  0.0, Avg:  0.0, Max:  0.0, Diff:  0.0, Sum:  0.0, Workers: 1
[25.019s][debug][gc,phases,ref  ] GC(63)         Total (ms):               Min:  0.0, Avg:  0.0, Max:  0.0, Diff:  0.0, Sum:  0.0, Workers: 1
[25.019s][debug][gc,phases,ref  ] GC(63)       Notify and keep alive finalizable: 0.0ms
[25.019s][debug][gc,phases,ref  ] GC(63)         FinalRef (ms):            skipped
[25.019s][debug][gc,phases,ref  ] GC(63)       Notify PhantomReferences: 0.0ms
[25.019s][debug][gc,phases,ref  ] GC(63)         PhantomRef (ms):          skipped
[25.019s][debug][gc,phases,ref  ] GC(63)       SoftReference:
[25.019s][debug][gc,phases,ref  ] GC(63)         Discovered: 0
[25.019s][debug][gc,phases,ref  ] GC(63)         Cleared: 0
[25.019s][debug][gc,phases,ref  ] GC(63)       WeakReference:
[25.019s][debug][gc,phases,ref  ] GC(63)         Discovered: 78
[25.019s][debug][gc,phases,ref  ] GC(63)         Cleared: 78
[25.019s][debug][gc,phases,ref  ] GC(63)       FinalReference:
[25.019s][debug][gc,phases,ref  ] GC(63)         Discovered: 0
[25.019s][debug][gc,phases,ref  ] GC(63)         Cleared: 0
[25.019s][debug][gc,phases,ref  ] GC(63)       PhantomReference:
[25.019s][debug][gc,phases,ref  ] GC(63)         Discovered: 0
[25.019s][debug][gc,phases,ref  ] GC(63)         Cleared: 0
[25.019s][debug][gc,phases      ] GC(63)     Weak Processing: 0.0ms
[25.019s][debug][gc,phases      ] GC(63)       JVMTI weak processing: 0.0ms
[25.019s][debug][gc,phases      ] GC(63)         Dead: 0
[25.019s][debug][gc,phases      ] GC(63)         Total: 0
[25.019s][debug][gc,phases      ] GC(63)       JFR weak processing: 0.0ms
[25.019s][debug][gc,phases      ] GC(63)         Dead: 0
[25.019s][debug][gc,phases      ] GC(63)         Total: 0
[25.019s][debug][gc,phases      ] GC(63)       JNI weak                  Min:  0.0, Avg:  0.0, Max:  0.0, Diff:  0.0, Sum:  0.0, Workers: 5
[25.019s][debug][gc,phases      ] GC(63)         Dead                      Min: 0, Avg:  0.0, Max: 0, Diff: 0, Sum: 0, Workers: 5
[25.019s][debug][gc,phases      ] GC(63)         Total                     Min: 0, Avg: 71.8, Max: 256, Diff: 256, Sum: 359, Workers: 5
[25.019s][debug][gc,phases      ] GC(63)       VM weak                   Min:  0.0, Avg:  0.0, Max:  0.0, Diff:  0.0, Sum:  0.0, Workers: 5
[25.019s][debug][gc,phases      ] GC(63)         Dead                      Min: 0, Avg:  0.0, Max: 0, Diff: 0, Sum: 0, Workers: 5
[25.019s][debug][gc,phases      ] GC(63)         Total                     Min: 0, Avg: 42.4, Max: 128, Diff: 128, Sum: 212, Workers: 5
[25.019s][debug][gc,phases      ] GC(63)       StringTable weak          Min:  0.0, Avg:  0.0, Max:  0.0, Diff:  0.0, Sum:  0.1, Workers: 5
[25.019s][debug][gc,phases      ] GC(63)         Dead                      Min: 0, Avg:  0.0, Max: 0, Diff: 0, Sum: 0, Workers: 5
[25.019s][debug][gc,phases      ] GC(63)         Total                     Min: 384, Avg: 701.6, Max: 1088, Diff: 704, Sum: 3508, Workers: 5
[25.019s][debug][gc,phases      ] GC(63)       ResolvedMethodTable weak  Min:  0.0, Avg:  0.0, Max:  0.0, Diff:  0.0, Sum:  0.0, Workers: 5
[25.019s][debug][gc,phases      ] GC(63)         Dead                      Min: 0, Avg:  0.0, Max: 0, Diff: 0, Sum: 0, Workers: 5
[25.019s][debug][gc,phases      ] GC(63)         Total                     Min: 64, Avg: 114.6, Max: 128, Diff: 64, Sum: 573, Workers: 5
[25.019s][debug][gc,phases      ] GC(63)     Merge Per-Thread State: 0.0ms
[25.019s][debug][gc,phases      ] GC(63)       Copied Bytes              Min: 159496, Avg: 214135.0, Max: 284472, Diff: 124976, Sum: 1713080, Workers: 8
[25.019s][debug][gc,phases      ] GC(63)       LAB Waste                 Min: 32, Avg: 166.0, Max: 344, Diff: 312, Sum: 1328, Workers: 8
[25.019s][debug][gc,phases      ] GC(63)       LAB Undo Waste            Min: 0, Avg:  0.0, Max: 0, Diff: 0, Sum: 0, Workers: 8
[25.019s][debug][gc,phases      ] GC(63)     Code Roots Purge: 0.0ms
[25.019s][debug][gc,phases      ] GC(63)     Redirty Cards: 0.0ms
[25.019s][debug][gc,phases      ] GC(63)     DerivedPointerTable Update: 0.0ms
[25.019s][debug][gc,phases      ] GC(63)     Free Collection Set: 0.1ms
[25.019s][debug][gc,phases      ] GC(63)     Rebuild Free List: 0.0ms
[25.019s][debug][gc,phases      ] GC(63)     Humongous Reclaim: 0.0ms
[25.019s][debug][gc,phases      ] GC(63)     Start New Collection Set: 0.0ms
[25.019s][debug][gc,phases      ] GC(63)     Resize TLABs: 0.0ms
[25.019s][debug][gc,phases      ] GC(63)     Expand Heap After Collection: 0.0ms
[25.019s][info ][gc,phases      ] GC(63)   Other: 0.4ms
[25.019s][info ][gc,heap        ] GC(63) Eden regions: 197->0(197)
[25.019s][info ][gc,heap        ] GC(63) Survivor regions: 2->2(25)
[25.019s][info ][gc,heap        ] GC(63) Old regions: 11->11
[25.019s][info ][gc,heap        ] GC(63) Archive regions: 2->2
[25.019s][info ][gc,heap        ] GC(63) Humongous regions: 0->0
[25.019s][info ][gc,metaspace   ] GC(63) Metaspace: 10359K(10880K)->10359K(10880K) NonClass: 9207K(9472K)->9207K(9472K) Class: 1151K(1408K)->1151K(1408K)
[25.019s][debug][gc,heap        ] GC(63) Heap after GC invocations=64 (full 1): garbage-first heap   total 340992K, used 9594K [0x0000000700000000, 0x0000000800000000)
[25.019s][debug][gc,heap        ] GC(63)   region size 1024K, 2 young (2048K), 2 survivors (2048K)
[25.019s][debug][gc,heap        ] GC(63)  Metaspace       used 10359K, capacity 10625K, committed 10880K, reserved 1058816K
[25.019s][debug][gc,heap        ] GC(63)   class space    used 1151K, capacity 1266K, committed 1408K, reserved 1048576K
[25.019s][info ][gc             ] GC(63) Pause Young (Normal) (G1 Evacuation Pause) 206M->9M(333M) 1.773ms
[25.019s][info ][gc,cpu         ] GC(63) User=0.01s Sys=0.00s Real=0.01s
[25.019s][info ][safepoint      ] Safepoint "G1CollectForAllocation", Time since last: 830328558 ns, Reaching safepoint: 201703 ns, At safepoint: 1971849 ns, Total: 2173552 ns
[26.064s][debug][gc,heap        ] GC(64) Heap before GC invocations=64 (full 1): garbage-first heap   total 340992K, used 211322K [0x0000000700000000, 0x0000000800000000)
[26.065s][debug][gc,heap        ] GC(64)   region size 1024K, 199 young (203776K), 2 survivors (2048K)
[26.065s][debug][gc,heap        ] GC(64)  Metaspace       used 10384K, capacity 10692K, committed 11136K, reserved 1058816K
[26.065s][debug][gc,heap        ] GC(64)   class space    used 1151K, capacity 1267K, committed 1408K, reserved 1048576K
[26.065s][info ][gc,start       ] GC(64) Pause Young (Normal) (G1 Evacuation Pause)
[26.065s][info ][gc,task        ] GC(64) Using 8 workers of 8 for evacuation
[26.065s][debug][gc,tlab        ] GC(64) TLAB totals: thrds: 10  refills: 870 max: 119 slow allocs: 18 max 15 waste:  1.0% gc: 1571832B max: 469376B slow: 504312B max: 68920B fast: 0B max: 0B
[26.065s][debug][gc,age         ] GC(64) Desired survivor size 13107200 bytes, new threshold 15 (max threshold 15)
[26.065s][debug][gc,alloc,region] GC(64) Mutator Allocation stats, regions: 197, wasted size: 0B ( 0.0%)
[26.065s][debug][gc,ergo        ] GC(64) Running G1 Merge Heap Roots using 8 workers for 199 regions
[26.065s][debug][gc,remset      ] GC(64) Visited cards 8960 Total dirty 22528 (39.77%) Total old 841728 (1.06%)
[26.065s][debug][gc,ergo        ] GC(64) Running G1 Clear Card Table Task using 1 workers for 1 units of work for 210 regions.
[26.065s][debug][gc,ref         ] GC(64) Skipped phase1 of Reference Processing due to unavailable references
[26.065s][debug][gc,ref         ] GC(64) Skipped phase3 of Reference Processing due to unavailable references
[26.066s][debug][gc,ergo        ] GC(64) Running G1 Free Collection Set using 8 workers for collection set length 199 (333)
[26.066s][debug][gc,ergo        ] GC(64) Running G1 Rebuild Free List Task using 8 workers for rebuilding free list of 0 (4096) regions
[26.066s][trace][gc,age         ] GC(64) Age table with threshold 15 (max threshold 15)
[26.066s][trace][gc,age         ] GC(64) - age   1:     369512 bytes,     369512 total
[26.066s][trace][gc,age         ] GC(64) - age   3:     243424 bytes,     612936 total
[26.066s][trace][gc,age         ] GC(64) - age   4:      81568 bytes,     694504 total
[26.066s][trace][gc,age         ] GC(64) - age   5:      82376 bytes,     776880 total
[26.066s][trace][gc,age         ] GC(64) - age   6:      81568 bytes,     858448 total
[26.066s][trace][gc,age         ] GC(64) - age   7:     161536 bytes,    1019984 total
[26.066s][trace][gc,age         ] GC(64) - age   8:      81368 bytes,    1101352 total
[26.066s][trace][gc,age         ] GC(64) - age   9:      81624 bytes,    1182976 total
[26.066s][trace][gc,age         ] GC(64) - age  10:     161728 bytes,    1344704 total
[26.066s][trace][gc,age         ] GC(64) - age  11:      81568 bytes,    1426272 total
[26.066s][trace][gc,age         ] GC(64) - age  12:      81568 bytes,    1507840 total
[26.066s][trace][gc,age         ] GC(64) - age  13:     165240 bytes,    1673080 total
[26.066s][trace][gc,age         ] GC(64) - age  14:     161536 bytes,    1834616 total
[26.066s][trace][gc,age         ] GC(64) - age  15:      81768 bytes,    1916384 total
[26.066s][debug][gc,plab        ] GC(64) Young PLAB allocation: allocated: 123664B, wasted: 1920B, unused: 12976B, used: 108768B, undo waste: 0B, 
[26.066s][debug][gc,plab        ] GC(64) Young other allocation: region end waste: 8560B, regions filled: 2, direct allocated: 1807616B, failure used: 0B, failure wasted: 0B
[26.066s][debug][gc,plab        ] GC(64) Young sizing: calculated: 20040B, actual: 19216B
[26.066s][debug][gc,plab        ] GC(64) Old PLAB allocation: allocated: 8256B, wasted: 16B, unused: 3504B, used: 4736B, undo waste: 0B, 
[26.066s][debug][gc,plab        ] GC(64) Old other allocation: region end waste: 0B, regions filled: 1, direct allocated: 76832B, failure used: 0B, failure wasted: 0B
[26.066s][debug][gc,plab        ] GC(64) Old sizing: calculated: 944B, actual: 2064B
[26.066s][debug][gc,ihop        ] GC(64) Basic information (value update), threshold: 157129113B (45.00), target occupancy: 349175808B, current occupancy: 10200792B, recent allocation size: 8256B, recent allocation duration: 1046.39ms, recent old gen allocation rate: 7890.01B/s, recent marking phase length: 0.00ms
[26.066s][debug][gc,ihop        ] GC(64) Adaptive IHOP information (value update), threshold: 157129113B (47.37), internal target occupancy: 331717017B, occupancy: 10200792B, additional buffer size: 208666624B, predicted old gen allocation rate: 37981.69B/s, predicted marking phase length: 0.00ms, prediction active: false
[26.066s][debug][gc,ergo,refine ] GC(64) Concurrent refinement times: Logged Cards Scan time goal: 20.00ms Logged Cards Scan time: 0.03ms HCC time: 0.00ms
[26.066s][debug][gc,ergo,refine ] GC(64) Updated Refinement Zones: green: 2048, yellow: 6144, red: 10240
[26.066s][info ][gc,phases      ] GC(64)   Pre Evacuate Collection Set: 0.1ms
[26.066s][debug][gc,phases      ] GC(64)     Prepare TLABs: 0.0ms
[26.066s][debug][gc,phases      ] GC(64)     Choose Collection Set: 0.0ms
[26.066s][debug][gc,phases      ] GC(64)     Region Register: 0.1ms
[26.066s][debug][gc,phases      ] GC(64)     Prepare Heap Roots: 0.0ms
[26.066s][info ][gc,phases      ] GC(64)   Merge Heap Roots: 0.1ms
[26.066s][debug][gc,phases      ] GC(64)     Prepare Merge Heap Roots: 0.0ms
[26.066s][debug][gc,phases      ] GC(64)     Eager Reclaim (ms):       skipped
[26.066s][debug][gc,phases      ] GC(64)     Remembered Sets (ms):     Min:  0.0, Avg:  0.0, Max:  0.0, Diff:  0.0, Sum:  0.1, Workers: 8
[26.066s][debug][gc,phases      ] GC(64)       Merged Sparse:            Min: 0, Avg:  0.0, Max: 0, Diff: 0, Sum: 0, Workers: 8
[26.066s][debug][gc,phases      ] GC(64)       Merged Fine:              Min: 0, Avg:  0.0, Max: 0, Diff: 0, Sum: 0, Workers: 8
[26.066s][debug][gc,phases      ] GC(64)       Merged Coarse:            Min: 0, Avg:  0.0, Max: 0, Diff: 0, Sum: 0, Workers: 8
[26.066s][debug][gc,phases      ] GC(64)       Dirty Cards:              Min: 0, Avg:  0.0, Max: 0, Diff: 0, Sum: 0, Workers: 8
[26.066s][debug][gc,phases      ] GC(64)     Hot Card Cache (ms):      Min:  0.0, Avg:  0.0, Max:  0.0, Diff:  0.0, Sum:  0.0, Workers: 8
[26.066s][debug][gc,phases      ] GC(64)       Dirty Cards:              Min: 0, Avg:  0.0, Max: 0, Diff: 0, Sum: 0, Workers: 8
[26.066s][debug][gc,phases      ] GC(64)       Skipped Cards:            Min: 0, Avg:  0.0, Max: 0, Diff: 0, Sum: 0, Workers: 8
[26.066s][debug][gc,phases      ] GC(64)     Log Buffers (ms):         Min:  0.0, Avg:  0.0, Max:  0.0, Diff:  0.0, Sum:  0.0, Workers: 8
[26.066s][debug][gc,phases      ] GC(64)       Dirty Cards:              Min: 0, Avg: 17.2, Max: 74, Diff: 74, Sum: 138, Workers: 8
[26.066s][debug][gc,phases      ] GC(64)       Skipped Cards:            Min: 0, Avg:  0.0, Max: 0, Diff: 0, Sum: 0, Workers: 8
[26.066s][info ][gc,phases      ] GC(64)   Evacuate Collection Set: 0.4ms
[26.066s][debug][gc,phases      ] GC(64)     Ext Root Scanning (ms):   Min:  0.0, Avg:  0.0, Max:  0.0, Diff:  0.0, Sum:  0.2, Workers: 8
[26.066s][debug][gc,phases      ] GC(64)     Scan Heap Roots (ms):     Min:  0.0, Avg:  0.0, Max:  0.0, Diff:  0.0, Sum:  0.2, Workers: 8
[26.066s][debug][gc,phases      ] GC(64)       Scanned Cards:            Min: 0, Avg: 15.4, Max: 28, Diff: 28, Sum: 123, Workers: 8
[26.066s][debug][gc,phases      ] GC(64)       Scanned Blocks:           Min: 0, Avg: 12.0, Max: 22, Diff: 22, Sum: 96, Workers: 8
[26.066s][debug][gc,phases      ] GC(64)       Claimed Chunks:           Min: 0, Avg:  4.4, Max: 9, Diff: 9, Sum: 35, Workers: 8
[26.066s][debug][gc,phases      ] GC(64)     Code Root Scan (ms):      Min:  0.0, Avg:  0.0, Max:  0.0, Diff:  0.0, Sum:  0.0, Workers: 8
[26.066s][debug][gc,phases      ] GC(64)     Object Copy (ms):         Min:  0.0, Avg:  0.1, Max:  0.2, Diff:  0.2, Sum:  1.1, Workers: 8
[26.066s][debug][gc,phases      ] GC(64)     Termination (ms):         Min:  0.0, Avg:  0.1, Max:  0.1, Diff:  0.0, Sum:  0.5, Workers: 8
[26.066s][debug][gc,phases      ] GC(64)       Termination Attempts:     Min: 1, Avg:  1.0, Max: 1, Diff: 0, Sum: 8, Workers: 8
[26.066s][debug][gc,phases      ] GC(64)     GC Worker Other (ms):     Min:  0.0, Avg:  0.0, Max:  0.0, Diff:  0.0, Sum:  0.1, Workers: 8
[26.066s][debug][gc,phases      ] GC(64)     GC Worker Total (ms):     Min:  0.1, Avg:  0.3, Max:  0.4, Diff:  0.3, Sum:  2.3, Workers: 8
[26.066s][info ][gc,phases      ] GC(64)   Post Evacuate Collection Set: 0.3ms
[26.066s][debug][gc,phases      ] GC(64)     Code Roots Fixup: 0.0ms
[26.066s][debug][gc,phases      ] GC(64)     Clear Card Table: 0.1ms
[26.066s][debug][gc,phases      ] GC(64)     Reference Processing: 0.0ms
[26.066s][debug][gc,phases,ref  ] GC(64)       Reconsider SoftReferences: 0.0ms
[26.066s][debug][gc,phases,ref  ] GC(64)         SoftRef (ms):             skipped
[26.066s][debug][gc,phases,ref  ] GC(64)       Notify Soft/WeakReferences: 0.0ms
[26.066s][debug][gc,phases,ref  ] GC(64)         SoftRef (ms):             Min:  0.0, Avg:  0.0, Max:  0.0, Diff:  0.0, Sum:  0.0, Workers: 1
[26.066s][debug][gc,phases,ref  ] GC(64)         WeakRef (ms):             Min:  0.0, Avg:  0.0, Max:  0.0, Diff:  0.0, Sum:  0.0, Workers: 1
[26.066s][debug][gc,phases,ref  ] GC(64)         FinalRef (ms):            Min:  0.0, Avg:  0.0, Max:  0.0, Diff:  0.0, Sum:  0.0, Workers: 1
[26.066s][debug][gc,phases,ref  ] GC(64)         Total (ms):               Min:  0.0, Avg:  0.0, Max:  0.0, Diff:  0.0, Sum:  0.0, Workers: 1
[26.066s][debug][gc,phases,ref  ] GC(64)       Notify and keep alive finalizable: 0.0ms
[26.066s][debug][gc,phases,ref  ] GC(64)         FinalRef (ms):            skipped
[26.066s][debug][gc,phases,ref  ] GC(64)       Notify PhantomReferences: 0.0ms
[26.066s][debug][gc,phases,ref  ] GC(64)         PhantomRef (ms):          Min:  0.0, Avg:  0.0, Max:  0.0, Diff:  0.0, Sum:  0.0, Workers: 1
[26.066s][debug][gc,phases,ref  ] GC(64)       SoftReference:
[26.066s][debug][gc,phases,ref  ] GC(64)         Discovered: 0
[26.066s][debug][gc,phases,ref  ] GC(64)         Cleared: 0
[26.066s][debug][gc,phases,ref  ] GC(64)       WeakReference:
[26.066s][debug][gc,phases,ref  ] GC(64)         Discovered: 89
[26.066s][debug][gc,phases,ref  ] GC(64)         Cleared: 86
[26.066s][debug][gc,phases,ref  ] GC(64)       FinalReference:
[26.066s][debug][gc,phases,ref  ] GC(64)         Discovered: 0
[26.066s][debug][gc,phases,ref  ] GC(64)         Cleared: 0
[26.066s][debug][gc,phases,ref  ] GC(64)       PhantomReference:
[26.066s][debug][gc,phases,ref  ] GC(64)         Discovered: 6
[26.066s][debug][gc,phases,ref  ] GC(64)         Cleared: 5
[26.066s][debug][gc,phases      ] GC(64)     Weak Processing: 0.0ms
[26.066s][debug][gc,phases      ] GC(64)       JVMTI weak processing: 0.0ms
[26.066s][debug][gc,phases      ] GC(64)         Dead: 0
[26.066s][debug][gc,phases      ] GC(64)         Total: 0
[26.066s][debug][gc,phases      ] GC(64)       JFR weak processing: 0.0ms
[26.066s][debug][gc,phases      ] GC(64)         Dead: 0
[26.066s][debug][gc,phases      ] GC(64)         Total: 0
[26.066s][debug][gc,phases      ] GC(64)       JNI weak                  Min:  0.0, Avg:  0.0, Max:  0.0, Diff:  0.0, Sum:  0.0, Workers: 5
[26.066s][debug][gc,phases      ] GC(64)         Dead                      Min: 0, Avg:  0.0, Max: 0, Diff: 0, Sum: 0, Workers: 5
[26.066s][debug][gc,phases      ] GC(64)         Total                     Min: 0, Avg: 75.6, Max: 128, Diff: 128, Sum: 378, Workers: 5
[26.066s][debug][gc,phases      ] GC(64)       VM weak                   Min:  0.0, Avg:  0.0, Max:  0.0, Diff:  0.0, Sum:  0.0, Workers: 5
[26.066s][debug][gc,phases      ] GC(64)         Dead                      Min: 0, Avg:  0.0, Max: 0, Diff: 0, Sum: 0, Workers: 5
[26.066s][debug][gc,phases      ] GC(64)         Total                     Min: 0, Avg: 42.6, Max: 128, Diff: 128, Sum: 213, Workers: 5
[26.066s][debug][gc,phases      ] GC(64)       StringTable weak          Min:  0.0, Avg:  0.0, Max:  0.0, Diff:  0.0, Sum:  0.1, Workers: 5
[26.066s][debug][gc,phases      ] GC(64)         Dead                      Min: 0, Avg:  0.2, Max: 1, Diff: 1, Sum: 1, Workers: 5
[26.066s][debug][gc,phases      ] GC(64)         Total                     Min: 647, Avg: 705.4, Max: 768, Diff: 121, Sum: 3527, Workers: 5
[26.066s][debug][gc,phases      ] GC(64)       ResolvedMethodTable weak  Min:  0.0, Avg:  0.0, Max:  0.0, Diff:  0.0, Sum:  0.0, Workers: 5
[26.066s][debug][gc,phases      ] GC(64)         Dead                      Min: 0, Avg:  0.0, Max: 0, Diff: 0, Sum: 0, Workers: 5
[26.067s][debug][gc,phases      ] GC(64)         Total                     Min: 64, Avg: 114.8, Max: 190, Diff: 126, Sum: 574, Workers: 5
[26.067s][debug][gc,phases      ] GC(64)     Merge Per-Thread State: 0.0ms
[26.067s][debug][gc,phases      ] GC(64)       Copied Bytes              Min: 0, Avg: 249744.0, Max: 520256, Diff: 520256, Sum: 1997952, Workers: 8
[26.067s][debug][gc,phases      ] GC(64)       LAB Waste                 Min: 0, Avg: 242.0, Max: 424, Diff: 424, Sum: 1936, Workers: 8
[26.067s][debug][gc,phases      ] GC(64)       LAB Undo Waste            Min: 0, Avg:  0.0, Max: 0, Diff: 0, Sum: 0, Workers: 8
[26.067s][debug][gc,phases      ] GC(64)     Code Roots Purge: 0.0ms
[26.067s][debug][gc,phases      ] GC(64)     Redirty Cards: 0.0ms
[26.067s][debug][gc,phases      ] GC(64)     DerivedPointerTable Update: 0.0ms
[26.067s][debug][gc,phases      ] GC(64)     Free Collection Set: 0.1ms
[26.067s][debug][gc,phases      ] GC(64)     Rebuild Free List: 0.0ms
[26.067s][debug][gc,phases      ] GC(64)     Humongous Reclaim: 0.0ms
[26.067s][debug][gc,phases      ] GC(64)     Start New Collection Set: 0.0ms
[26.067s][debug][gc,phases      ] GC(64)     Resize TLABs: 0.0ms
[26.067s][debug][gc,phases      ] GC(64)     Expand Heap After Collection: 0.0ms
[26.067s][info ][gc,phases      ] GC(64)   Other: 0.5ms
[26.067s][info ][gc,heap        ] GC(64) Eden regions: 197->0(197)
[26.067s][info ][gc,heap        ] GC(64) Survivor regions: 2->2(25)
[26.067s][info ][gc,heap        ] GC(64) Old regions: 11->11
[26.067s][info ][gc,heap        ] GC(64) Archive regions: 2->2
[26.067s][info ][gc,heap        ] GC(64) Humongous regions: 0->0
[26.067s][info ][gc,metaspace   ] GC(64) Metaspace: 10384K(11136K)->10384K(11136K) NonClass: 9232K(9728K)->9232K(9728K) Class: 1151K(1408K)->1151K(1408K)
[26.067s][debug][gc,heap        ] GC(64) Heap after GC invocations=65 (full 1): garbage-first heap   total 340992K, used 9961K [0x0000000700000000, 0x0000000800000000)
[26.067s][debug][gc,heap        ] GC(64)   region size 1024K, 2 young (2048K), 2 survivors (2048K)
[26.067s][debug][gc,heap        ] GC(64)  Metaspace       used 10384K, capacity 10692K, committed 11136K, reserved 1058816K
[26.067s][debug][gc,heap        ] GC(64)   class space    used 1151K, capacity 1267K, committed 1408K, reserved 1048576K
[26.067s][info ][gc             ] GC(64) Pause Young (Normal) (G1 Evacuation Pause) 206M->9M(333M) 2.093ms
[26.067s][info ][gc,cpu         ] GC(64) User=0.00s Sys=0.00s Real=0.00s
[26.067s][info ][safepoint      ] Safepoint "G1CollectForAllocation", Time since last: 1045180458 ns, Reaching safepoint: 193561 ns, At safepoint: 2311978 ns, Total: 2505539 ns
[26.764s][debug][gc,refine      ] Stopping 0
[26.765s][info ][gc,heap,exit   ] Heap
[26.765s][info ][gc,heap,exit   ]  garbage-first heap   total 340992K, used 153321K [0x0000000700000000, 0x0000000800000000)
[26.765s][info ][gc,heap,exit   ]   region size 1024K, 144 young (147456K), 2 survivors (2048K)
[26.765s][info ][gc,heap,exit   ]  Metaspace       used 10400K, capacity 10692K, committed 11136K, reserved 1058816K
[26.765s][info ][gc,heap,exit   ]   class space    used 1151K, capacity 1267K, committed 1408K, reserved 1048576K
