0.767: [GC (System.gc()) [PSYoungGen: 19838K->4065K(76800K)] 19838K->4137K(251392K), 0.0053240 secs] [Times: user=0.02 sys=0.00, real=0.01 secs] 
0.772: [Full GC (System.gc()) [PSYoungGen: 4065K->0K(76800K)] [ParOldGen: 72K->3757K(174592K)] 4137K->3757K(251392K) [PSPermGen: 9472K->9434K(21504K)], 0.0248440 secs] [Times: user=0.07 sys=0.00, real=0.02 secs] 
0.798: [GC (System.gc()) [PSYoungGen: 1320K->32K(76800K)] 5078K->3789K(251392K), 0.0005330 secs] [Times: user=0.00 sys=0.00, real=0.00 secs] 
0.798: [Full GC (System.gc()) [PSYoungGen: 32K->0K(76800K)] [ParOldGen: 3757K->3757K(174592K)] 3789K->3757K(251392K) [PSPermGen: 9434K->9434K(21504K)], 0.0073370 secs] [Times: user=0.03 sys=0.00, real=0.01 secs] 
47.418: [GC (Allocation Failure) [PSYoungGen: 66048K->10728K(76800K)] 69805K->16000K(251392K), 0.0069650 secs] [Times: user=0.03 sys=0.01, real=0.01 secs] 
48.728: [GC (Allocation Failure) [PSYoungGen: 76776K->10728K(76800K)] 82048K->24440K(251392K), 0.0115790 secs] [Times: user=0.06 sys=0.01, real=0.01 secs] 
49.435: [GC (Allocation Failure) [PSYoungGen: 76776K->10752K(76800K)] 90488K->32982K(251392K), 0.0119760 secs] [Times: user=0.08 sys=0.00, real=0.01 secs] 
49.717: [GC (Allocation Failure) [PSYoungGen: 76800K->10752K(76800K)] 99030K->44382K(251392K), 0.0150010 secs] [Times: user=0.09 sys=0.01, real=0.02 secs] 
50.842: [GC (Allocation Failure) [PSYoungGen: 76800K->10752K(76800K)] 110430K->54007K(251392K), 0.0149610 secs] [Times: user=0.09 sys=0.00, real=0.01 secs] 
51.296: [GC (Allocation Failure) [PSYoungGen: 76800K->10752K(39936K)] 120055K->62995K(214528K), 0.0150650 secs] [Times: user=0.10 sys=0.01, real=0.02 secs] 
51.391: [GC (Allocation Failure) [PSYoungGen: 39936K->10848K(58368K)] 92179K->66499K(232960K), 0.0119620 secs] [Times: user=0.08 sys=0.00, real=0.02 secs] 
51.444: [GC (Allocation Failure) [PSYoungGen: 40032K->9905K(58368K)] 95683K->69173K(232960K), 0.0155080 secs] [Times: user=0.11 sys=0.01, real=0.01 secs] 
51.463: [GC (Allocation Failure) [PSYoungGen: 39024K->6014K(58368K)] 98291K->69281K(232960K), 0.0099990 secs] [Times: user=0.06 sys=0.00, real=0.01 secs] 
52.189: [GC (Allocation Failure) [PSYoungGen: 35198K->3632K(58368K)] 98465K->72607K(232960K), 0.0105050 secs] [Times: user=0.06 sys=0.01, real=0.01 secs] 
52.242: [GC (Allocation Failure) [PSYoungGen: 32816K->5280K(58368K)] 101791K->77555K(232960K), 0.0078370 secs] [Times: user=0.06 sys=0.00, real=0.00 secs] 
52.466: [GC (Allocation Failure) [PSYoungGen: 34464K->3280K(58368K)] 106739K->80351K(232960K), 0.0088240 secs] [Times: user=0.06 sys=0.00, real=0.01 secs] 
52.509: [GC (Allocation Failure) [PSYoungGen: 32464K->5072K(34304K)] 109535K->84899K(208896K), 0.0095180 secs] [Times: user=0.06 sys=0.01, real=0.01 secs] 
52.668: [GC (Allocation Failure) [PSYoungGen: 34256K->2352K(57856K)] 114083K->86583K(232448K), 0.0104650 secs] [Times: user=0.07 sys=0.00, real=0.01 secs] 
52.738: [GC (Allocation Failure) [PSYoungGen: 32048K->6176K(57344K)] 116279K->92555K(231936K), 0.0112760 secs] [Times: user=0.08 sys=0.00, real=0.01 secs] 
52.754: [GC (Allocation Failure) [PSYoungGen: 35844K->176K(57856K)] 122224K->92663K(232448K), 0.0067570 secs] [Times: user=0.03 sys=0.01, real=0.00 secs] 
52.782: [GC (Allocation Failure) [PSYoungGen: 31920K->64K(57856K)] 124407K->92599K(232448K), 0.0010290 secs] [Times: user=0.00 sys=0.00, real=0.00 secs] 
52.846: [GC (Allocation Failure) [PSYoungGen: 31808K->3328K(59904K)] 124343K->95871K(234496K), 0.0052160 secs] [Times: user=0.04 sys=0.00, real=0.01 secs] 
52.940: [GC (Allocation Failure) [PSYoungGen: 39123K->3379K(60416K)] 131667K->98707K(235008K), 0.0098620 secs] [Times: user=0.06 sys=0.00, real=0.01 secs] 
52.954: [GC (Allocation Failure) [PSYoungGen: 39178K->185K(62464K)] 134505K->98729K(237056K), 0.0059520 secs] [Times: user=0.03 sys=0.00, real=0.00 secs] 
52.963: [GC (Allocation Failure) [PSYoungGen: 39572K->169K(62464K)] 138116K->98714K(237056K), 0.0008970 secs] [Times: user=0.00 sys=0.00, real=0.00 secs] 
53.039: [GC (Allocation Failure) [PSYoungGen: 39593K->4592K(62464K)] 138138K->103136K(237056K), 0.0088860 secs] [Times: user=0.06 sys=0.00, real=0.01 secs] 
53.415: [GC (Allocation Failure) [PSYoungGen: 47088K->5680K(62976K)] 145632K->108204K(237568K), 0.0106050 secs] [Times: user=0.07 sys=0.01, real=0.01 secs] 
53.471: [GC (Allocation Failure) [PSYoungGen: 48176K->4400K(64512K)] 150700K->112404K(239104K), 0.0130550 secs] [Times: user=0.08 sys=0.00, real=0.01 secs] 
53.541: [GC (Allocation Failure) [PSYoungGen: 52016K->4224K(65536K)] 160020K->116228K(240128K), 0.0104850 secs] [Times: user=0.06 sys=0.00, real=0.02 secs] 
53.784: [GC (Allocation Failure) [PSYoungGen: 51786K->3582K(67584K)] 163791K->119531K(242176K), 0.0089950 secs] [Times: user=0.06 sys=0.00, real=0.01 secs] 
53.797: [GC (Allocation Failure) [PSYoungGen: 56318K->1096K(68608K)] 172267K->120438K(243200K), 0.0062170 secs] [Times: user=0.03 sys=0.00, real=0.01 secs] 
53.808: [GC (Allocation Failure) [PSYoungGen: 53832K->1170K(70144K)] 173174K->121255K(244736K), 0.0042630 secs] [Times: user=0.02 sys=0.00, real=0.01 secs] 
53.841: [GC (Allocation Failure) [PSYoungGen: 57490K->4672K(71168K)] 177575K->125481K(245760K), 0.0083070 secs] [Times: user=0.05 sys=0.00, real=0.01 secs] 
54.184: [GC (Allocation Failure) [PSYoungGen: 60992K->6128K(71168K)] 181801K->131465K(245760K), 0.0128830 secs] [Times: user=0.09 sys=0.01, real=0.01 secs] 
54.527: [GC (Allocation Failure) [PSYoungGen: 64496K->8512K(72192K)] 189833K->139685K(246784K), 0.0158540 secs] [Times: user=0.11 sys=0.00, real=0.02 secs] 
54.794: [GC (Allocation Failure) [PSYoungGen: 66880K->8944K(72192K)] 198053K->148170K(246784K), 0.0154340 secs] [Times: user=0.10 sys=0.01, real=0.01 secs] 
54.818: [GC (Allocation Failure) [PSYoungGen: 66762K->1305K(72704K)] 205988K->149140K(247296K), 0.0090360 secs] [Times: user=0.06 sys=0.00, real=0.01 secs] 
54.833: [GC (Allocation Failure) [PSYoungGen: 59161K->1012K(71680K)] 206996K->150015K(246272K), 0.0036650 secs] [Times: user=0.03 sys=0.01, real=0.00 secs] 
55.125: [GC (Allocation Failure) [PSYoungGen: 58868K->8112K(72192K)] 207871K->157974K(246784K), 0.0096760 secs] [Times: user=0.07 sys=0.00, real=0.01 secs] 
55.306: [GC (Allocation Failure) [PSYoungGen: 65968K->8048K(72704K)] 215830K->165671K(247296K), 0.0149110 secs] [Times: user=0.10 sys=0.00, real=0.01 secs] 
55.637: [GC (Allocation Failure) [PSYoungGen: 65904K->8640K(66560K)] 223527K->174051K(241152K), 0.0140880 secs] [Times: user=0.10 sys=0.00, real=0.02 secs] 
55.651: [Full GC (Ergonomics) [PSYoungGen: 8640K->0K(66560K)] [ParOldGen: 165411K->139850K(174592K)] 174051K->139850K(241152K) [PSPermGen: 10364K->10364K(21504K)], 0.2476720 secs] [Times: user=1.79 sys=0.01, real=0.24 secs] 
55.906: [GC (Allocation Failure) [PSYoungGen: 57802K->570K(72192K)] 197653K->140421K(246784K), 0.0021710 secs] [Times: user=0.01 sys=0.00, real=0.00 secs] 
55.913: [GC (Allocation Failure) [PSYoungGen: 57320K->600K(57856K)] 197171K->140819K(232448K), 0.0021870 secs] [Times: user=0.02 sys=0.00, real=0.00 secs] 
56.210: [GC (Allocation Failure) [PSYoungGen: 57432K->7216K(71680K)] 197651K->147819K(246272K), 0.0122530 secs] [Times: user=0.09 sys=0.00, real=0.02 secs] 
56.513: [GC (Allocation Failure) [PSYoungGen: 64048K->8272K(71680K)] 204651K->155723K(246272K), 0.0132270 secs] [Times: user=0.10 sys=0.00, real=0.01 secs] 
56.861: [GC (Allocation Failure) [PSYoungGen: 65104K->9408K(71168K)] 212555K->164780K(245760K), 0.0130680 secs] [Times: user=0.10 sys=0.00, real=0.02 secs] 
56.963: [GC (Allocation Failure) [PSYoungGen: 65216K->8784K(71680K)] 220588K->173149K(246272K), 0.0188580 secs] [Times: user=0.13 sys=0.00, real=0.02 secs] 
56.982: [Full GC (Ergonomics) [PSYoungGen: 8784K->0K(71680K)] [ParOldGen: 164365K->166079K(174592K)] 173149K->166079K(246272K) [PSPermGen: 10370K->10370K(21504K)], 0.4595450 secs] [Times: user=3.42 sys=0.01, real=0.46 secs] 
57.485: [Full GC (Ergonomics) [PSYoungGen: 55808K->0K(71680K)] [ParOldGen: 166079K->172298K(174592K)] 221887K->172298K(246272K) [PSPermGen: 10370K->10370K(21504K)], 0.9636330 secs] [Times: user=7.19 sys=0.04, real=0.96 secs] 
58.627: [Full GC (Ergonomics) [PSYoungGen: 55808K->3643K(71680K)] [ParOldGen: 172298K->174558K(174592K)] 228106K->178202K(246272K) [PSPermGen: 10370K->10370K(21504K)], 1.0354800 secs] [Times: user=7.77 sys=0.03, real=1.04 secs] 
60.295: [Full GC (Ergonomics) [PSYoungGen: 55808K->8674K(71680K)] [ParOldGen: 174558K->174545K(174592K)] 230366K->183219K(246272K) [PSPermGen: 10370K->10370K(21504K)], 1.1985450 secs] [Times: user=8.99 sys=0.05, real=1.20 secs] 
61.559: [Full GC (Ergonomics) [PSYoungGen: 55808K->15460K(71680K)] [ParOldGen: 174545K->174275K(174592K)] 230353K->189735K(246272K) [PSPermGen: 10370K->10370K(21504K)], 1.1478140 secs] [Times: user=8.44 sys=0.06, real=1.15 secs] 
62.758: [Full GC (Ergonomics) [PSYoungGen: 55808K->19581K(71680K)] [ParOldGen: 174275K->174452K(174592K)] 230083K->194034K(246272K) [PSPermGen: 10370K->10370K(21504K)], 1.3767580 secs] [Times: user=10.09 sys=0.08, real=1.38 secs] 
64.860: [Full GC (Ergonomics) [PSYoungGen: 55808K->23149K(71680K)] [ParOldGen: 174452K->174320K(174592K)] 230260K->197470K(246272K) [PSPermGen: 10370K->10370K(21504K)], 1.6500010 secs] [Times: user=12.01 sys=0.10, real=1.65 secs] 
66.639: [Full GC (Ergonomics) [PSYoungGen: 55808K->27938K(71680K)] [ParOldGen: 174320K->174211K(174592K)] 230128K->202150K(246272K) [PSPermGen: 10370K->10370K(21504K)], 1.2849610 secs] [Times: user=9.57 sys=0.05, real=1.29 secs] 
67.953: [Full GC (Ergonomics) [PSYoungGen: 55784K->28763K(71680K)] [ParOldGen: 174211K->174483K(174592K)] 229996K->203246K(246272K) [PSPermGen: 10370K->10370K(21504K)], 1.7175090 secs] [Times: user=12.78 sys=0.08, real=1.71 secs] 
70.549: [Full GC (Ergonomics) [PSYoungGen: 55808K->31109K(71680K)] [ParOldGen: 174483K->174156K(174592K)] 230291K->205266K(246272K) [PSPermGen: 10370K->10370K(21504K)], 1.4223860 secs] [Times: user=10.51 sys=0.06, real=1.42 secs] 
71.998: [Full GC (Ergonomics) [PSYoungGen: 55808K->33436K(71680K)] [ParOldGen: 174156K->174235K(174592K)] 229964K->207671K(246272K) [PSPermGen: 10370K->10370K(21504K)], 1.7580890 secs] [Times: user=13.09 sys=0.08, real=1.76 secs] 
73.777: [Full GC (Ergonomics) [PSYoungGen: 55808K->37402K(71680K)] [ParOldGen: 174235K->174210K(174592K)] 230043K->211613K(246272K) [PSPermGen: 10370K->10370K(21504K)], 1.8382880 secs] [Times: user=13.82 sys=0.06, real=1.84 secs] 
75.622: [Full GC (Ergonomics) [PSYoungGen: 55764K->37922K(71680K)] [ParOldGen: 174210K->174105K(174592K)] 229975K->212027K(246272K) [PSPermGen: 10370K->10370K(21504K)], 1.2954800 secs] [Times: user=9.64 sys=0.05, real=1.29 secs] 
79.447: [Full GC (Ergonomics) [PSYoungGen: 55808K->39356K(71680K)] [ParOldGen: 174105K->174298K(174592K)] 229913K->213655K(246272K) [PSPermGen: 10372K->10372K(21504K)], 1.7380750 secs] [Times: user=13.03 sys=0.07, real=1.74 secs] 
81.206: [Full GC (Ergonomics) [PSYoungGen: 55808K->41548K(71680K)] [ParOldGen: 174298K->174515K(174592K)] 230106K->216063K(246272K) [PSPermGen: 10372K->10372K(21504K)], 1.8454220 secs] [Times: user=13.78 sys=0.07, real=1.84 secs] 
83.053: [Full GC (Ergonomics) [PSYoungGen: 55808K->41435K(71680K)] [ParOldGen: 174515K->174486K(174592K)] 230323K->215922K(246272K) [PSPermGen: 10375K->10375K(21504K)], 0.8300050 secs] [Times: user=6.27 sys=0.02, real=0.83 secs] 
83.902: [Full GC (Ergonomics) [PSYoungGen: 55808K->44042K(71680K)] [ParOldGen: 174486K->174177K(174592K)] 230294K->218219K(246272K) [PSPermGen: 10375K->10375K(21504K)], 1.4246810 secs] [Times: user=10.60 sys=0.06, real=1.42 secs] 
85.348: [Full GC (Ergonomics) [PSYoungGen: 55808K->44621K(71680K)] [ParOldGen: 174177K->174506K(174592K)] 229985K->219127K(246272K) [PSPermGen: 10375K->10375K(21504K)], 1.7518220 secs] [Times: user=13.11 sys=0.07, real=1.75 secs] 
87.121: [Full GC (Ergonomics) [PSYoungGen: 55808K->45879K(71680K)] [ParOldGen: 174506K->174348K(174592K)] 230314K->220228K(246272K) [PSPermGen: 10375K->10375K(21504K)], 1.3764010 secs] [Times: user=10.23 sys=0.06, real=1.38 secs] 
88.512: [Full GC (Ergonomics) [PSYoungGen: 55808K->47872K(71680K)] [ParOldGen: 174348K->174113K(174592K)] 230156K->221985K(246272K) [PSPermGen: 10375K->10375K(21504K)], 1.3710810 secs] [Times: user=10.30 sys=0.04, real=1.37 secs] 
89.889: [Full GC (Ergonomics) [PSYoungGen: 55808K->48598K(71680K)] [ParOldGen: 174113K->174491K(174592K)] 229921K->223089K(246272K) [PSPermGen: 10375K->10375K(21504K)], 1.8102660 secs] [Times: user=13.56 sys=0.07, real=1.81 secs] 
91.705: [Full GC (Ergonomics) [PSYoungGen: 55808K->49201K(71680K)] [ParOldGen: 174491K->174421K(174592K)] 230299K->223622K(246272K) [PSPermGen: 10375K->10375K(21504K)], 1.2417450 secs] [Times: user=9.17 sys=0.05, real=1.24 secs] 
92.953: [Full GC (Ergonomics) [PSYoungGen: 55808K->49643K(71680K)] [ParOldGen: 174421K->174351K(174592K)] 230229K->223994K(246272K) [PSPermGen: 10375K->10375K(21504K)], 1.2384760 secs] [Times: user=9.23 sys=0.05, real=1.23 secs] 
94.197: [Full GC (Ergonomics) [PSYoungGen: 55808K->50909K(71680K)] [ParOldGen: 174351K->174199K(174592K)] 230159K->225109K(246272K) [PSPermGen: 10375K->10375K(21504K)], 1.3578910 secs] [Times: user=9.99 sys=0.07, real=1.36 secs] 
95.560: [Full GC (Ergonomics) [PSYoungGen: 55808K->51866K(71680K)] [ParOldGen: 174199K->174086K(174592K)] 230007K->225952K(246272K) [PSPermGen: 10375K->10375K(21504K)], 1.3015770 secs] [Times: user=9.65 sys=0.06, real=1.31 secs] 
96.865: [Full GC (Ergonomics) [PSYoungGen: 55808K->51676K(71680K)] [ParOldGen: 174086K->174559K(174592K)] 229894K->226236K(246272K) [PSPermGen: 10375K->10375K(21504K)], 1.4845080 secs] [Times: user=11.18 sys=0.04, real=1.48 secs] 
98.352: [Full GC (Ergonomics) [PSYoungGen: 55808K->52016K(71680K)] [ParOldGen: 174559K->174513K(174592K)] 230367K->226529K(246272K) [PSPermGen: 10375K->10375K(21504K)], 1.0481670 secs] [Times: user=7.83 sys=0.04, real=1.04 secs] 
99.405: [Full GC (Ergonomics) [PSYoungGen: 55808K->52124K(71680K)] [ParOldGen: 174513K->174459K(174592K)] 230321K->226584K(246272K) [PSPermGen: 10375K->10375K(21504K)], 1.0725620 secs] [Times: user=8.00 sys=0.04, real=1.07 secs] 
100.482: [Full GC (Ergonomics) [PSYoungGen: 55808K->52871K(71680K)] [ParOldGen: 174459K->174378K(174592K)] 230267K->227250K(246272K) [PSPermGen: 10375K->10375K(21504K)], 1.2196720 secs] [Times: user=9.14 sys=0.03, real=1.22 secs] 
101.705: [Full GC (Ergonomics) [PSYoungGen: 55808K->53419K(71680K)] [ParOldGen: 174378K->174310K(174592K)] 230186K->227730K(246272K) [PSPermGen: 10375K->10375K(21504K)], 1.1509260 secs] [Times: user=8.55 sys=0.04, real=1.15 secs] 
102.858: [Full GC (Ergonomics) [PSYoungGen: 55808K->53596K(71680K)] [ParOldGen: 174310K->174291K(174592K)] 230118K->227887K(246272K) [PSPermGen: 10375K->10375K(21504K)], 0.8168140 secs] [Times: user=6.03 sys=0.03, real=0.82 secs] 
103.676: [Full GC (Ergonomics) [PSYoungGen: 55808K->53754K(71680K)] [ParOldGen: 174291K->174278K(174592K)] 230099K->228032K(246272K) [PSPermGen: 10375K->10375K(21504K)], 0.7162170 secs] [Times: user=5.34 sys=0.02, real=0.72 secs] 
104.394: [Full GC (Ergonomics) [PSYoungGen: 55808K->53903K(71680K)] [ParOldGen: 174278K->174268K(174592K)] 230086K->228171K(246272K) [PSPermGen: 10375K->10375K(21504K)], 0.6931590 secs] [Times: user=5.05 sys=0.02, real=0.69 secs] 
105.089: [Full GC (Ergonomics) [PSYoungGen: 55808K->54050K(71680K)] [ParOldGen: 174268K->174248K(174592K)] 230076K->228298K(246272K) [PSPermGen: 10375K->10375K(21504K)], 0.7825590 secs] [Times: user=5.86 sys=0.03, real=0.78 secs] 
105.873: [Full GC (Ergonomics) [PSYoungGen: 55808K->53915K(71680K)] [ParOldGen: 174248K->174234K(174592K)] 230056K->228149K(246272K) [PSPermGen: 10375K->10375K(21504K)], 0.8149800 secs] [Times: user=6.11 sys=0.02, real=0.81 secs] 
106.691: [Full GC (Ergonomics) [PSYoungGen: 55808K->54288K(71680K)] [ParOldGen: 174234K->174190K(174592K)] 230042K->228479K(246272K) [PSPermGen: 10375K->10375K(21504K)], 1.0643270 secs] [Times: user=7.98 sys=0.03, real=1.07 secs] 
107.758: [Full GC (Ergonomics) [PSYoungGen: 55808K->54595K(71680K)] [ParOldGen: 174190K->174153K(174592K)] 229998K->228749K(246272K) [PSPermGen: 10375K->10375K(21504K)], 1.0040210 secs] [Times: user=7.50 sys=0.03, real=1.01 secs] 
108.764: [Full GC (Ergonomics) [PSYoungGen: 55808K->54839K(71680K)] [ParOldGen: 174153K->174122K(174592K)] 229961K->228961K(246272K) [PSPermGen: 10375K->10375K(21504K)], 0.8943260 secs] [Times: user=6.73 sys=0.03, real=0.89 secs] 
109.660: [Full GC (Ergonomics) [PSYoungGen: 55808K->55036K(71680K)] [ParOldGen: 174122K->174113K(174592K)] 229930K->229149K(246272K) [PSPermGen: 10375K->10375K(21504K)], 0.6812110 secs] [Times: user=5.06 sys=0.02, real=0.68 secs] 
110.342: [Full GC (Ergonomics) [PSYoungGen: 55808K->55186K(71680K)] [ParOldGen: 174113K->174096K(174592K)] 229921K->229283K(246272K) [PSPermGen: 10375K->10375K(21504K)], 0.6937420 secs] [Times: user=5.15 sys=0.02, real=0.69 secs] 
111.037: [Full GC (Ergonomics) [PSYoungGen: 55808K->55311K(71680K)] [ParOldGen: 174096K->174080K(174592K)] 229904K->229391K(246272K) [PSPermGen: 10375K->10375K(21504K)], 0.7284390 secs] [Times: user=5.48 sys=0.02, real=0.73 secs] 
111.766: [Full GC (Ergonomics) [PSYoungGen: 55808K->54885K(71680K)] [ParOldGen: 174080K->174589K(174592K)] 229888K->229475K(246272K) [PSPermGen: 10375K->10375K(21504K)], 0.6236010 secs] [Times: user=4.65 sys=0.02, real=0.62 secs] 
112.391: [Full GC (Ergonomics) [PSYoungGen: 55808K->55066K(71680K)] [ParOldGen: 174589K->174570K(174592K)] 230397K->229637K(246272K) [PSPermGen: 10375K->10375K(21504K)], 0.8025480 secs] [Times: user=5.97 sys=0.03, real=0.80 secs] 
113.195: [Full GC (Ergonomics) [PSYoungGen: 55808K->55227K(71680K)] [ParOldGen: 174570K->174547K(174592K)] 230378K->229774K(246272K) [PSPermGen: 10375K->10375K(21504K)], 0.8446730 secs] [Times: user=6.23 sys=0.03, real=0.84 secs] 
114.041: [Full GC (Ergonomics) [PSYoungGen: 55808K->55298K(71680K)] [ParOldGen: 174547K->174542K(174592K)] 230355K->229840K(246272K) [PSPermGen: 10375K->10375K(21504K)], 0.5116480 secs] [Times: user=3.83 sys=0.02, real=0.52 secs] 
114.553: [Full GC (Ergonomics) [PSYoungGen: 55808K->55351K(71680K)] [ParOldGen: 174542K->174535K(174592K)] 230350K->229887K(246272K) [PSPermGen: 10375K->10375K(21504K)], 0.5272680 secs] [Times: user=3.92 sys=0.01, real=0.52 secs] 
115.081: [Full GC (Ergonomics) [PSYoungGen: 55808K->55386K(71680K)] [ParOldGen: 174535K->174534K(174592K)] 230343K->229920K(246272K) [PSPermGen: 10375K->10375K(21504K)], 0.3888840 secs] [Times: user=2.90 sys=0.02, real=0.39 secs] 
115.470: [Full GC (Ergonomics) [PSYoungGen: 55807K->55415K(71680K)] [ParOldGen: 174534K->174532K(174592K)] 230342K->229948K(246272K) [PSPermGen: 10375K->10375K(21504K)], 0.3848830 secs] [Times: user=2.86 sys=0.01, real=0.39 secs] 
115.856: [Full GC (Ergonomics) [PSYoungGen: 55808K->55443K(71680K)] [ParOldGen: 174532K->174530K(174592K)] 230340K->229974K(246272K) [PSPermGen: 10375K->10375K(21504K)], 0.3480840 secs] [Times: user=2.58 sys=0.01, real=0.35 secs] 
116.204: [Full GC (Ergonomics) [PSYoungGen: 55808K->55469K(71680K)] [ParOldGen: 174530K->174527K(174592K)] 230338K->229997K(246272K) [PSPermGen: 10375K->10375K(21504K)], 0.4633480 secs] [Times: user=3.47 sys=0.01, real=0.46 secs] 
116.668: [Full GC (Ergonomics) [PSYoungGen: 55808K->55488K(71680K)] [ParOldGen: 174527K->174525K(174592K)] 230335K->230013K(246272K) [PSPermGen: 10375K->10375K(21504K)], 0.4276610 secs] [Times: user=3.16 sys=0.01, real=0.43 secs] 
117.096: [Full GC (Ergonomics) [PSYoungGen: 55808K->55510K(71680K)] [ParOldGen: 174525K->174523K(174592K)] 230333K->230034K(246272K) [PSPermGen: 10375K->10375K(21504K)], 0.3563380 secs] [Times: user=2.60 sys=0.02, real=0.36 secs] 
117.453: [Full GC (Ergonomics) [PSYoungGen: 55808K->55540K(71680K)] [ParOldGen: 174523K->174522K(174592K)] 230331K->230063K(246272K) [PSPermGen: 10375K->10375K(21504K)], 0.3818970 secs] [Times: user=2.81 sys=0.01, real=0.38 secs] 
117.835: [Full GC (Ergonomics) [PSYoungGen: 55808K->55557K(71680K)] [ParOldGen: 174522K->174514K(174592K)] 230330K->230072K(246272K) [PSPermGen: 10375K->10375K(21504K)], 0.5323590 secs] [Times: user=3.92 sys=0.02, real=0.53 secs] 
118.368: [Full GC (Ergonomics) [PSYoungGen: 55808K->55575K(71680K)] [ParOldGen: 174514K->174512K(174592K)] 230322K->230088K(246272K) [PSPermGen: 10375K->10375K(21504K)], 0.3697360 secs] [Times: user=2.44 sys=0.03, real=0.37 secs] 
118.738: [Full GC (Ergonomics) [PSYoungGen: 55808K->55591K(71680K)] [ParOldGen: 174512K->174511K(174592K)] 230320K->230103K(246272K) [PSPermGen: 10375K->10375K(21504K)], 0.3159580 secs] [Times: user=2.30 sys=0.01, real=0.32 secs] 
119.054: [Full GC (Ergonomics) [PSYoungGen: 55808K->55605K(71680K)] [ParOldGen: 174511K->174510K(174592K)] 230319K->230116K(246272K) [PSPermGen: 10375K->10375K(21504K)], 0.4157080 secs] [Times: user=3.11 sys=0.02, real=0.41 secs] 
119.471: [Full GC (Ergonomics) [PSYoungGen: 55808K->55617K(71680K)] [ParOldGen: 174510K->174509K(174592K)] 230318K->230126K(246272K) [PSPermGen: 10375K->10375K(21504K)], 0.3238300 secs] [Times: user=2.38 sys=0.01, real=0.33 secs] 
119.795: [Full GC (Ergonomics) [PSYoungGen: 55808K->55631K(71680K)] [ParOldGen: 174509K->174506K(174592K)] 230317K->230137K(246272K) [PSPermGen: 10375K->10375K(21504K)], 0.4003680 secs] [Times: user=2.98 sys=0.01, real=0.40 secs] 
120.195: [Full GC (Ergonomics) [PSYoungGen: 55808K->55643K(71680K)] [ParOldGen: 174506K->174506K(174592K)] 230314K->230150K(246272K) [PSPermGen: 10375K->10375K(21504K)], 0.3836040 secs] [Times: user=2.81 sys=0.01, real=0.38 secs] 
120.579: [Full GC (Ergonomics) [PSYoungGen: 55808K->55656K(71680K)] [ParOldGen: 174506K->174503K(174592K)] 230314K->230159K(246272K) [PSPermGen: 10375K->10375K(21504K)], 0.4588980 secs] [Times: user=3.31 sys=0.02, real=0.46 secs] 
121.039: [Full GC (Ergonomics) [PSYoungGen: 55808K->55407K(71680K)] [ParOldGen: 174503K->174493K(174592K)] 230311K->229900K(246272K) [PSPermGen: 10378K->10378K(21504K)], 0.6160960 secs] [Times: user=4.48 sys=0.03, real=0.62 secs] 
121.656: [Full GC (Ergonomics) [PSYoungGen: 55808K->55473K(71680K)] [ParOldGen: 174493K->174485K(174592K)] 230301K->229958K(246272K) [PSPermGen: 10383K->10383K(21504K)], 0.6294220 secs] [Times: user=4.62 sys=0.03, real=0.63 secs] 
122.286: [Full GC (Ergonomics) [PSYoungGen: 55808K->55567K(71680K)] [ParOldGen: 174485K->174476K(174592K)] 230293K->230043K(246272K) [PSPermGen: 10383K->10383K(21504K)], 0.6601820 secs] [Times: user=4.85 sys=0.04, real=0.66 secs] 
122.947: [Full GC (Ergonomics) [PSYoungGen: 55808K->55576K(71680K)] [ParOldGen: 174476K->174473K(174592K)] 230284K->230050K(246272K) [PSPermGen: 10387K->10387K(21504K)], 0.4805870 secs] [Times: user=3.51 sys=0.02, real=0.48 secs] 
123.428: [Full GC (Ergonomics) [PSYoungGen: 55808K->55628K(71680K)] [ParOldGen: 174473K->174468K(174592K)] 230281K->230096K(246272K) [PSPermGen: 10388K->10388K(21504K)], 0.5020920 secs] [Times: user=3.70 sys=0.02, real=0.50 secs] 
123.931: [Full GC (Ergonomics) [PSYoungGen: 55807K->55597K(71680K)] [ParOldGen: 174468K->174463K(174592K)] 230276K->230061K(246272K) [PSPermGen: 10388K->10388K(21504K)], 0.5521630 secs] [Times: user=3.92 sys=0.03, real=0.56 secs] 
124.484: [Full GC (Ergonomics) [PSYoungGen: 55808K->55612K(71680K)] [ParOldGen: 174463K->174459K(174592K)] 230271K->230071K(246272K) [PSPermGen: 10388K->10388K(21504K)], 0.4989390 secs] [Times: user=3.69 sys=0.02, real=0.50 secs] 
124.983: [Full GC (Ergonomics) [PSYoungGen: 55808K->55633K(71680K)] [ParOldGen: 174459K->174457K(174592K)] 230267K->230090K(246272K) [PSPermGen: 10388K->10388K(21504K)], 0.4043900 secs] [Times: user=2.91 sys=0.02, real=0.40 secs] 
125.388: [Full GC (Ergonomics) [PSYoungGen: 55808K->55658K(71680K)] [ParOldGen: 174457K->174455K(174592K)] 230265K->230113K(246272K) [PSPermGen: 10388K->10388K(21504K)], 0.4593300 secs] [Times: user=3.35 sys=0.03, real=0.46 secs] 
125.848: [Full GC (Ergonomics) [PSYoungGen: 55808K->55730K(71680K)] [ParOldGen: 174455K->174453K(174592K)] 230263K->230183K(246272K) [PSPermGen: 10388K->10388K(21504K)], 0.4313700 secs] [Times: user=3.11 sys=0.02, real=0.43 secs] 
126.280: [Full GC (Ergonomics) [PSYoungGen: 55808K->55516K(71680K)] [ParOldGen: 174453K->174452K(174592K)] 230261K->229968K(246272K) [PSPermGen: 10388K->10388K(21504K)], 0.2506990 secs] [Times: user=1.73 sys=0.01, real=0.25 secs] 
126.531: [Full GC (Ergonomics) [PSYoungGen: 55808K->55521K(71680K)] [ParOldGen: 174452K->174448K(174592K)] 230260K->229970K(246272K) [PSPermGen: 10388K->10388K(21504K)], 1.1366540 secs] [Times: user=8.40 sys=0.06, real=1.14 secs] 
127.668: [Full GC (Ergonomics) [PSYoungGen: 55808K->55613K(71680K)] [ParOldGen: 174448K->174437K(174592K)] 230256K->230050K(246272K) [PSPermGen: 10388K->10388K(21504K)], 0.6168820 secs] [Times: user=4.51 sys=0.02, real=0.62 secs] 
128.286: [Full GC (Ergonomics) [PSYoungGen: 55808K->55611K(71680K)] [ParOldGen: 174437K->174428K(174592K)] 230245K->230039K(246272K) [PSPermGen: 10389K->10389K(21504K)], 0.5927490 secs] [Times: user=4.23 sys=0.03, real=0.59 secs] 
128.879: [Full GC (Ergonomics) [PSYoungGen: 55808K->55643K(71680K)] [ParOldGen: 174428K->174423K(174592K)] 230236K->230067K(246272K) [PSPermGen: 10389K->10389K(21504K)], 0.4923820 secs] [Times: user=3.60 sys=0.02, real=0.50 secs] 
129.372: [Full GC (Ergonomics) [PSYoungGen: 55807K->55698K(71680K)] [ParOldGen: 174423K->174422K(174592K)] 230231K->230121K(246272K) [PSPermGen: 10390K->10390K(21504K)], 0.3832650 secs] [Times: user=2.84 sys=0.01, real=0.38 secs] 
129.756: [Full GC (Ergonomics) [PSYoungGen: 55808K->55723K(71680K)] [ParOldGen: 174422K->174420K(174592K)] 230230K->230144K(246272K) [PSPermGen: 10391K->10391K(21504K)], 0.3898130 secs] [Times: user=2.85 sys=0.02, real=0.39 secs] 
130.146: [Full GC (Ergonomics) [PSYoungGen: 55808K->55744K(71680K)] [ParOldGen: 174420K->174420K(174592K)] 230228K->230165K(246272K) [PSPermGen: 10391K->10391K(21504K)], 0.2389890 secs] [Times: user=1.77 sys=0.00, real=0.24 secs] 
130.385: [Full GC (Ergonomics) [PSYoungGen: 55808K->55705K(71680K)] [ParOldGen: 174420K->174420K(174592K)] 230228K->230126K(246272K) [PSPermGen: 10391K->10391K(21504K)], 0.1667950 secs] [Times: user=1.19 sys=0.01, real=0.17 secs] 
130.553: [Full GC (Ergonomics) [PSYoungGen: 55808K->55722K(71680K)] [ParOldGen: 174420K->174419K(174592K)] 230228K->230142K(246272K) [PSPermGen: 10391K->10391K(21504K)], 0.3688600 secs] [Times: user=2.72 sys=0.01, real=0.37 secs] 
130.922: [Full GC (Ergonomics) [PSYoungGen: 55807K->55712K(71680K)] [ParOldGen: 174419K->174418K(174592K)] 230227K->230130K(246272K) [PSPermGen: 10391K->10391K(21504K)], 0.3322220 secs] [Times: user=2.45 sys=0.01, real=0.33 secs] 
131.255: [Full GC (Ergonomics) [PSYoungGen: 55808K->55726K(71680K)] [ParOldGen: 174418K->174418K(174592K)] 230226K->230144K(246272K) [PSPermGen: 10392K->10392K(21504K)], 0.1648050 secs] [Times: user=1.21 sys=0.00, real=0.16 secs] 
131.420: [Full GC (Ergonomics) [PSYoungGen: 55808K->55744K(71680K)] [ParOldGen: 174418K->174418K(174592K)] 230226K->230162K(246272K) [PSPermGen: 10392K->10392K(21504K)], 0.3929710 secs] [Times: user=2.90 sys=0.02, real=0.40 secs] 
131.813: [Full GC (Ergonomics) [PSYoungGen: 55808K->55714K(71680K)] [ParOldGen: 174418K->174416K(174592K)] 230226K->230131K(246272K) [PSPermGen: 10392K->10392K(21504K)], 0.3859130 secs] [Times: user=2.83 sys=0.01, real=0.38 secs] 
132.200: [Full GC (Ergonomics) [PSYoungGen: 55808K->55737K(71680K)] [ParOldGen: 174416K->174416K(174592K)] 230224K->230153K(246272K) [PSPermGen: 10392K->10392K(21504K)], 0.3724860 secs] [Times: user=2.73 sys=0.01, real=0.38 secs] 
132.573: [Full GC (Ergonomics) [PSYoungGen: 55808K->55759K(71680K)] [ParOldGen: 174416K->174416K(174592K)] 230224K->230175K(246272K) [PSPermGen: 10392K->10392K(21504K)], 0.1627210 secs] [Times: user=1.20 sys=0.01, real=0.16 secs] 
132.736: [Full GC (Ergonomics) [PSYoungGen: 55808K->55777K(71680K)] [ParOldGen: 174416K->174415K(174592K)] 230224K->230192K(246272K) [PSPermGen: 10392K->10392K(21504K)], 0.3922540 secs] [Times: user=2.88 sys=0.01, real=0.39 secs] 
133.128: [Full GC (Ergonomics) [PSYoungGen: 55808K->55732K(71680K)] [ParOldGen: 174415K->174415K(174592K)] 230223K->230147K(246272K) [PSPermGen: 10392K->10392K(21504K)], 0.1982220 secs] [Times: user=1.46 sys=0.01, real=0.20 secs] 
133.327: [Full GC (Ergonomics) [PSYoungGen: 55808K->55744K(71680K)] [ParOldGen: 174415K->174414K(174592K)] 230223K->230159K(246272K) [PSPermGen: 10392K->10392K(21504K)], 0.2888610 secs] [Times: user=2.12 sys=0.01, real=0.29 secs] 
133.616: [Full GC (Ergonomics) [PSYoungGen: 55808K->55777K(71680K)] [ParOldGen: 174414K->174414K(174592K)] 230222K->230191K(246272K) [PSPermGen: 10392K->10392K(21504K)], 0.2776870 secs] [Times: user=2.06 sys=0.00, real=0.28 secs] 
133.894: [Full GC (Ergonomics) [PSYoungGen: 55808K->55762K(71680K)] [ParOldGen: 174414K->174414K(174592K)] 230222K->230176K(246272K) [PSPermGen: 10392K->10392K(21504K)], 0.1603440 secs] [Times: user=1.14 sys=0.01, real=0.16 secs] 
134.055: [Full GC (Ergonomics) [PSYoungGen: 55808K->55786K(71680K)] [ParOldGen: 174414K->174413K(174592K)] 230222K->230199K(246272K) [PSPermGen: 10392K->10392K(21504K)], 0.3352790 secs] [Times: user=2.49 sys=0.00, real=0.33 secs] 
134.391: [Full GC (Ergonomics) [PSYoungGen: 55807K->55790K(71680K)] [ParOldGen: 174413K->174413K(174592K)] 230221K->230204K(246272K) [PSPermGen: 10392K->10392K(21504K)], 0.1729520 secs] [Times: user=1.26 sys=0.01, real=0.18 secs] 
134.564: [Full GC (Ergonomics) [PSYoungGen: 55808K->55796K(71680K)] [ParOldGen: 174413K->174412K(174592K)] 230221K->230209K(246272K) [PSPermGen: 10392K->10392K(21504K)], 0.2442390 secs] [Times: user=1.81 sys=0.00, real=0.24 secs] 
134.808: [Full GC (Ergonomics) [PSYoungGen: 55808K->55804K(71680K)] [ParOldGen: 174412K->174412K(174592K)] 230220K->230217K(246272K) [PSPermGen: 10392K->10392K(21504K)], 0.1604550 secs] [Times: user=1.17 sys=0.01, real=0.16 secs] 
134.969: [Full GC (Ergonomics) [PSYoungGen: 55808K->55770K(71680K)] [ParOldGen: 174412K->174412K(174592K)] 230220K->230182K(246272K) [PSPermGen: 10392K->10392K(21504K)], 0.1757880 secs] [Times: user=1.20 sys=0.00, real=0.18 secs] 
135.145: [Full GC (Ergonomics) [PSYoungGen: 55808K->55769K(71680K)] [ParOldGen: 174412K->174412K(174592K)] 230220K->230182K(246272K) [PSPermGen: 10392K->10392K(21504K)], 0.3682190 secs] [Times: user=2.70 sys=0.01, real=0.37 secs] 
135.514: [Full GC (Ergonomics) [PSYoungGen: 55808K->55776K(71680K)] [ParOldGen: 174412K->174412K(174592K)] 230220K->230188K(246272K) [PSPermGen: 10392K->10392K(21504K)], 0.2704820 secs] [Times: user=2.01 sys=0.01, real=0.27 secs] 
135.784: [Full GC (Ergonomics) [PSYoungGen: 55808K->55781K(71680K)] [ParOldGen: 174412K->174411K(174592K)] 230220K->230193K(246272K) [PSPermGen: 10392K->10392K(21504K)], 0.3689980 secs] [Times: user=2.69 sys=0.01, real=0.37 secs] 
136.154: [Full GC (Ergonomics) [PSYoungGen: 55805K->55791K(71680K)] [ParOldGen: 174411K->174411K(174592K)] 230217K->230203K(246272K) [PSPermGen: 10392K->10392K(21504K)], 0.1572470 secs] [Times: user=1.16 sys=0.00, real=0.15 secs] 
136.311: [Full GC (Ergonomics) [PSYoungGen: 55808K->55791K(71680K)] [ParOldGen: 174411K->174411K(174592K)] 230219K->230203K(246272K) [PSPermGen: 10392K->10392K(21504K)], 0.1675790 secs] [Times: user=1.19 sys=0.01, real=0.17 secs] 
136.479: [Full GC (Ergonomics) [PSYoungGen: 55808K->55786K(71680K)] [ParOldGen: 174411K->174411K(174592K)] 230219K->230198K(246272K) [PSPermGen: 10392K->10392K(21504K)], 0.1603690 secs] [Times: user=1.18 sys=0.00, real=0.16 secs] 
136.639: [Full GC (Ergonomics) [PSYoungGen: 55808K->55790K(71680K)] [ParOldGen: 174411K->174411K(174592K)] 230219K->230201K(246272K) [PSPermGen: 10392K->10392K(21504K)], 0.3512490 secs] [Times: user=2.57 sys=0.01, real=0.35 secs] 
136.991: [Full GC (Ergonomics) [PSYoungGen: 55808K->55792K(71680K)] [ParOldGen: 174411K->174410K(174592K)] 230219K->230203K(246272K) [PSPermGen: 10392K->10392K(21504K)], 0.2411710 secs] [Times: user=1.76 sys=0.01, real=0.25 secs] 
137.232: [Full GC (Ergonomics) [PSYoungGen: 55808K->55796K(71680K)] [ParOldGen: 174410K->174410K(174592K)] 230218K->230206K(246272K) [PSPermGen: 10392K->10392K(21504K)], 0.1586380 secs] [Times: user=1.15 sys=0.00, real=0.15 secs] 
137.391: [Full GC (Ergonomics) [PSYoungGen: 55806K->55770K(71680K)] [ParOldGen: 174410K->174410K(174592K)] 230216K->230180K(246272K) [PSPermGen: 10392K->10392K(21504K)], 0.1600220 secs] [Times: user=1.15 sys=0.00, real=0.16 secs] 
140.066: [Full GC (Ergonomics) [PSYoungGen: 55805K->55773K(71680K)] [ParOldGen: 174410K->174410K(174592K)] 230216K->230183K(246272K) [PSPermGen: 10392K->10392K(21504K)], 0.1620570 secs] [Times: user=1.15 sys=0.00, real=0.16 secs] 
140.228: [Full GC (Ergonomics) [PSYoungGen: 55808K->55794K(71680K)] [ParOldGen: 174410K->174410K(174592K)] 230218K->230204K(246272K) [PSPermGen: 10392K->10392K(21504K)], 0.2144450 secs] [Times: user=1.56 sys=0.01, real=0.22 secs] 
140.443: [Full GC (Ergonomics) [PSYoungGen: 55808K->55796K(71680K)] [ParOldGen: 174410K->174410K(174592K)] 230218K->230207K(246272K) [PSPermGen: 10392K->10392K(21504K)], 0.1558980 secs] [Times: user=1.13 sys=0.00, real=0.15 secs] 
140.599: [Full GC (Ergonomics) [PSYoungGen: 55808K->55799K(71680K)] [ParOldGen: 174410K->174410K(174592K)] 230218K->230209K(246272K) [PSPermGen: 10392K->10392K(21504K)], 0.2450910 secs] [Times: user=1.81 sys=0.01, real=0.25 secs] 
140.844: [Full GC (Ergonomics) [PSYoungGen: 55808K->55799K(71680K)] [ParOldGen: 174410K->174410K(174592K)] 230218K->230210K(246272K) [PSPermGen: 10392K->10392K(21504K)], 0.1558170 secs] [Times: user=1.13 sys=0.00, real=0.15 secs] 
141.000: [Full GC (Ergonomics) [PSYoungGen: 55808K->55800K(71680K)] [ParOldGen: 174410K->174410K(174592K)] 230218K->230211K(246272K) [PSPermGen: 10392K->10392K(21504K)], 0.1588160 secs] [Times: user=1.13 sys=0.00, real=0.16 secs] 
141.159: [Full GC (Ergonomics) [PSYoungGen: 55808K->55802K(71680K)] [ParOldGen: 174410K->174410K(174592K)] 230218K->230212K(246272K) [PSPermGen: 10392K->10392K(21504K)], 0.1562800 secs] [Times: user=1.13 sys=0.00, real=0.16 secs] 
141.316: [Full GC (Ergonomics) [PSYoungGen: 55808K->55802K(71680K)] [ParOldGen: 174410K->174410K(174592K)] 230218K->230213K(246272K) [PSPermGen: 10392K->10392K(21504K)], 0.2818840 secs] [Times: user=2.07 sys=0.01, real=0.28 secs] 
141.598: [Full GC (Ergonomics) [PSYoungGen: 55808K->55772K(71680K)] [ParOldGen: 174410K->174399K(174592K)] 230218K->230172K(246272K) [PSPermGen: 10392K->10392K(21504K)], 0.3324550 secs] [Times: user=2.45 sys=0.01, real=0.33 secs] 
141.931: [Full GC (Ergonomics) [PSYoungGen: 55808K->55798K(71680K)] [ParOldGen: 174399K->174399K(174592K)] 230207K->230198K(246272K) [PSPermGen: 10392K->10392K(21504K)], 0.2169400 secs] [Times: user=1.56 sys=0.00, real=0.22 secs] 
142.148: [Full GC (Ergonomics) [PSYoungGen: 55808K->55799K(71680K)] [ParOldGen: 174399K->174399K(174592K)] 230207K->230198K(246272K) [PSPermGen: 10392K->10392K(21504K)], 0.3454090 secs] [Times: user=2.46 sys=0.03, real=0.35 secs] 
142.494: [Full GC (Ergonomics) [PSYoungGen: 55808K->55801K(71680K)] [ParOldGen: 174399K->174399K(174592K)] 230207K->230200K(246272K) [PSPermGen: 10392K->10392K(21504K)], 0.1699450 secs] [Times: user=1.17 sys=0.00, real=0.17 secs] 
142.664: [Full GC (Ergonomics) [PSYoungGen: 55808K->55803K(71680K)] [ParOldGen: 174399K->174399K(174592K)] 230207K->230202K(246272K) [PSPermGen: 10392K->10392K(21504K)], 0.2045250 secs] [Times: user=1.16 sys=0.01, real=0.20 secs] 
142.869: [Full GC (Ergonomics) [PSYoungGen: 55808K->55802K(71680K)] [ParOldGen: 174399K->174399K(174592K)] 230207K->230201K(246272K) [PSPermGen: 10392K->10392K(21504K)], 0.1609290 secs] [Times: user=1.14 sys=0.00, real=0.16 secs] 
143.030: [Full GC (Ergonomics) [PSYoungGen: 55808K->55803K(71680K)] [ParOldGen: 174399K->174399K(174592K)] 230207K->230202K(246272K) [PSPermGen: 10392K->10392K(21504K)], 0.1615400 secs] [Times: user=1.13 sys=0.00, real=0.16 secs] 
143.191: [Full GC (Ergonomics) [PSYoungGen: 55808K->55777K(71680K)] [ParOldGen: 174399K->174399K(174592K)] 230207K->230176K(246272K) [PSPermGen: 10392K->10392K(21504K)], 0.1615100 secs] [Times: user=1.12 sys=0.00, real=0.16 secs] 
143.353: [Full GC (Ergonomics) [PSYoungGen: 55808K->55790K(71680K)] [ParOldGen: 174399K->174399K(174592K)] 230207K->230189K(246272K) [PSPermGen: 10392K->10392K(21504K)], 0.1645990 secs] [Times: user=1.17 sys=0.01, real=0.16 secs] 
143.519: [Full GC (Ergonomics) [PSYoungGen: 55808K->55785K(71680K)] [ParOldGen: 174399K->174399K(174592K)] 230207K->230184K(246272K) [PSPermGen: 10392K->10392K(21504K)], 0.1541040 secs] [Times: user=1.13 sys=0.00, real=0.16 secs] 
145.621: [Full GC (Ergonomics) [PSYoungGen: 55808K->55788K(71680K)] [ParOldGen: 174399K->174399K(174592K)] 230207K->230187K(246272K) [PSPermGen: 10392K->10392K(21504K)], 0.1552040 secs] [Times: user=1.14 sys=0.01, real=0.16 secs] 
145.776: [Full GC (Ergonomics) [PSYoungGen: 55796K->55796K(71680K)] [ParOldGen: 174399K->174399K(174592K)] 230195K->230195K(246272K) [PSPermGen: 10392K->10392K(21504K)], 0.1449060 secs] [Times: user=1.06 sys=0.00, real=0.14 secs] 
145.922: [Full GC (Ergonomics) [PSYoungGen: 55808K->55798K(71680K)] [ParOldGen: 174417K->174415K(174592K)] 230225K->230214K(246272K) [PSPermGen: 10392K->10392K(21504K)], 0.3354960 secs] [Times: user=2.38 sys=0.01, real=0.33 secs] 
146.257: [Full GC (Ergonomics) [PSYoungGen: 55808K->55802K(71680K)] [ParOldGen: 174415K->174414K(174592K)] 230223K->230216K(246272K) [PSPermGen: 10392K->10392K(21504K)], 0.3196650 secs] [Times: user=2.36 sys=0.01, real=0.32 secs] 
146.577: [Full GC (Ergonomics) [PSYoungGen: 55808K->55803K(71680K)] [ParOldGen: 174414K->174414K(174592K)] 230222K->230217K(246272K) [PSPermGen: 10392K->10392K(21504K)], 0.1499810 secs] [Times: user=1.10 sys=0.00, real=0.15 secs] 
146.728: [Full GC (Ergonomics) [PSYoungGen: 55808K->55806K(71680K)] [ParOldGen: 174423K->174416K(174592K)] 230231K->230222K(246272K) [PSPermGen: 10392K->10392K(21504K)], 0.4599410 secs] [Times: user=3.33 sys=0.03, real=0.46 secs] 
147.188: [Full GC (Ergonomics) [PSYoungGen: 55808K->55806K(71680K)] [ParOldGen: 174416K->174416K(174592K)] 230224K->230222K(246272K) [PSPermGen: 10392K->10392K(21504K)], 0.1727050 secs] [Times: user=1.16 sys=0.00, real=0.17 secs] 
147.361: [Full GC (Ergonomics) [PSYoungGen: 55808K->55806K(71680K)] [ParOldGen: 174416K->174416K(174592K)] 230224K->230222K(246272K) [PSPermGen: 10392K->10392K(21504K)], 0.1472820 secs] [Times: user=1.04 sys=0.00, real=0.15 secs] 
147.508: [Full GC (Ergonomics) [PSYoungGen: 55808K->55796K(71680K)] [ParOldGen: 174416K->174400K(174592K)] 230224K->230196K(246272K) [PSPermGen: 10392K->10392K(21504K)], 0.1561610 secs] [Times: user=1.13 sys=0.00, real=0.16 secs] 
147.665: [Full GC (Ergonomics) [PSYoungGen: 55808K->55797K(71680K)] [ParOldGen: 174400K->174400K(174592K)] 230208K->230197K(246272K) [PSPermGen: 10392K->10392K(21504K)], 0.1489680 secs] [Times: user=1.10 sys=0.01, real=0.15 secs] 
147.814: [Full GC (Ergonomics) [PSYoungGen: 55808K->55799K(71680K)] [ParOldGen: 174400K->174400K(174592K)] 230208K->230199K(246272K) [PSPermGen: 10392K->10392K(21504K)], 0.1552850 secs] [Times: user=1.12 sys=0.00, real=0.15 secs] 
147.969: [Full GC (Ergonomics) [PSYoungGen: 55803K->55799K(71680K)] [ParOldGen: 174400K->174400K(174592K)] 230204K->230199K(246272K) [PSPermGen: 10392K->10392K(21504K)], 0.1591780 secs] [Times: user=1.13 sys=0.00, real=0.16 secs] 
148.129: [Full GC (Ergonomics) [PSYoungGen: 55808K->55807K(71680K)] [ParOldGen: 174400K->174400K(174592K)] 230208K->230208K(246272K) [PSPermGen: 10392K->10392K(21504K)], 0.1772070 secs] [Times: user=1.16 sys=0.00, real=0.18 secs] 
148.306: [Full GC (Ergonomics) [PSYoungGen: 55808K->55807K(71680K)] [ParOldGen: 174419K->174419K(174592K)] 230227K->230226K(246272K) [PSPermGen: 10392K->10392K(21504K)], 0.1628240 secs] [Times: user=1.16 sys=0.01, real=0.16 secs] 
148.469: [Full GC (Ergonomics) [PSYoungGen: 55808K->55806K(71680K)] [ParOldGen: 174419K->174419K(174592K)] 230227K->230226K(246272K) [PSPermGen: 10392K->10392K(21504K)], 0.1582920 secs] [Times: user=1.14 sys=0.00, real=0.16 secs] 
148.628: [Full GC (Ergonomics) [PSYoungGen: 55808K->55807K(71680K)] [ParOldGen: 174419K->174419K(174592K)] 230227K->230227K(246272K) [PSPermGen: 10392K->10392K(21504K)], 0.1773920 secs] [Times: user=1.16 sys=0.00, real=0.18 secs] 
148.805: [Full GC (Ergonomics) [PSYoungGen: 55807K->55807K(71680K)] [ParOldGen: 174419K->174419K(174592K)] 230227K->230227K(246272K) [PSPermGen: 10392K->10392K(21504K)], 0.1482660 secs] [Times: user=1.10 sys=0.00, real=0.15 secs] 
148.954: [Full GC (Ergonomics) [PSYoungGen: 55808K->55806K(71680K)] [ParOldGen: 174422K->174419K(174592K)] 230230K->230225K(246272K) [PSPermGen: 10392K->10392K(21504K)], 0.1574120 secs] [Times: user=1.14 sys=0.01, real=0.15 secs] 
149.111: [Full GC (Ergonomics) [PSYoungGen: 55808K->55798K(71680K)] [ParOldGen: 174419K->174401K(174592K)] 230227K->230199K(246272K) [PSPermGen: 10392K->10392K(21504K)], 0.1501170 secs] [Times: user=1.10 sys=0.00, real=0.16 secs] 
149.261: [Full GC (Ergonomics) [PSYoungGen: 55808K->55799K(71680K)] [ParOldGen: 174401K->174401K(174592K)] 230209K->230200K(246272K) [PSPermGen: 10392K->10392K(21504K)], 0.1535540 secs] [Times: user=1.13 sys=0.00, real=0.15 secs] 
149.415: [Full GC (Ergonomics) [PSYoungGen: 55808K->55799K(71680K)] [ParOldGen: 174401K->174400K(174592K)] 230209K->230200K(246272K) [PSPermGen: 10392K->10392K(21504K)], 0.1536240 secs] [Times: user=1.13 sys=0.00, real=0.15 secs] 
149.569: [Full GC (Ergonomics) [PSYoungGen: 55808K->55799K(71680K)] [ParOldGen: 174400K->174400K(174592K)] 230208K->230200K(246272K) [PSPermGen: 10392K->10392K(21504K)], 0.1539010 secs] [Times: user=1.13 sys=0.01, real=0.16 secs] 
149.723: [Full GC (Ergonomics) [PSYoungGen: 55807K->55798K(71680K)] [ParOldGen: 174400K->174400K(174592K)] 230208K->230199K(246272K) [PSPermGen: 10392K->10392K(21504K)], 0.1587780 secs] [Times: user=1.12 sys=0.00, real=0.16 secs] 
149.882: [Full GC (Ergonomics) [PSYoungGen: 55808K->55801K(71680K)] [ParOldGen: 174400K->174400K(174592K)] 230208K->230202K(246272K) [PSPermGen: 10392K->10392K(21504K)], 0.1540160 secs] [Times: user=1.10 sys=0.00, real=0.15 secs] 
150.036: [Full GC (Ergonomics) [PSYoungGen: 55808K->55803K(71680K)] [ParOldGen: 174400K->174400K(174592K)] 230208K->230204K(246272K) [PSPermGen: 10392K->10392K(21504K)], 0.1549840 secs] [Times: user=1.14 sys=0.00, real=0.15 secs] 
150.191: [Full GC (Ergonomics) [PSYoungGen: 55808K->55803K(71680K)] [ParOldGen: 174400K->174400K(174592K)] 230208K->230204K(246272K) [PSPermGen: 10392K->10392K(21504K)], 0.1546370 secs] [Times: user=1.16 sys=0.01, real=0.15 secs] 
150.346: [Full GC (Ergonomics) [PSYoungGen: 55808K->55801K(71680K)] [ParOldGen: 174400K->174400K(174592K)] 230208K->230202K(246272K) [PSPermGen: 10392K->10392K(21504K)], 0.1582430 secs] [Times: user=1.11 sys=0.00, real=0.16 secs] 
150.505: [Full GC (Ergonomics) [PSYoungGen: 55808K->55797K(71680K)] [ParOldGen: 174400K->174400K(174592K)] 230208K->230198K(246272K) [PSPermGen: 10392K->10392K(21504K)], 0.1577850 secs] [Times: user=1.16 sys=0.00, real=0.16 secs] 
150.663: [Full GC (Ergonomics) [PSYoungGen: 55807K->55798K(71680K)] [ParOldGen: 174400K->174400K(174592K)] 230208K->230198K(246272K) [PSPermGen: 10392K->10392K(21504K)], 0.1533740 secs] [Times: user=1.12 sys=0.01, real=0.15 secs] 
150.816: [Full GC (Ergonomics) [PSYoungGen: 55806K->55800K(71680K)] [ParOldGen: 174400K->174400K(174592K)] 230206K->230201K(246272K) [PSPermGen: 10392K->10392K(21504K)], 0.1514330 secs] [Times: user=1.10 sys=0.00, real=0.15 secs] 
150.968: [Full GC (Ergonomics) [PSYoungGen: 55808K->55803K(71680K)] [ParOldGen: 174400K->174400K(174592K)] 230208K->230204K(246272K) [PSPermGen: 10392K->10392K(21504K)], 0.1535530 secs] [Times: user=1.12 sys=0.00, real=0.16 secs] 
151.122: [Full GC (Ergonomics) [PSYoungGen: 55808K->55799K(71680K)] [ParOldGen: 174400K->174400K(174592K)] 230208K->230199K(246272K) [PSPermGen: 10392K->10392K(21504K)], 0.1569010 secs] [Times: user=1.15 sys=0.00, real=0.15 secs] 
151.279: [Full GC (Ergonomics) [PSYoungGen: 55808K->55797K(71680K)] [ParOldGen: 174400K->174400K(174592K)] 230208K->230198K(246272K) [PSPermGen: 10392K->10392K(21504K)], 0.1536090 secs] [Times: user=1.11 sys=0.00, real=0.16 secs] 
151.433: [Full GC (Ergonomics) [PSYoungGen: 55802K->55796K(71680K)] [ParOldGen: 174400K->174400K(174592K)] 230203K->230197K(246272K) [PSPermGen: 10392K->10392K(21504K)], 0.1582850 secs] [Times: user=1.17 sys=0.01, real=0.15 secs] 
151.591: [Full GC (Ergonomics) [PSYoungGen: 55804K->55804K(71680K)] [ParOldGen: 174400K->174400K(174592K)] 230205K->230205K(246272K) [PSPermGen: 10392K->10392K(21504K)], 0.1625070 secs] [Times: user=1.19 sys=0.00, real=0.17 secs] 
151.754: [Full GC (Ergonomics) [PSYoungGen: 55808K->55806K(71680K)] [ParOldGen: 174418K->174417K(174592K)] 230226K->230223K(246272K) [PSPermGen: 10392K->10392K(21504K)], 0.1492570 secs] [Times: user=1.09 sys=0.00, real=0.15 secs] 
151.903: [Full GC (Ergonomics) [PSYoungGen: 55808K->55806K(71680K)] [ParOldGen: 174417K->174417K(174592K)] 230225K->230224K(246272K) [PSPermGen: 10392K->10392K(21504K)], 0.1561480 secs] [Times: user=1.10 sys=0.00, real=0.15 secs] 
152.060: [Full GC (Ergonomics) [PSYoungGen: 55808K->55807K(71680K)] [ParOldGen: 174417K->174417K(174592K)] 230225K->230224K(246272K) [PSPermGen: 10392K->10392K(21504K)], 0.1537850 secs] [Times: user=1.11 sys=0.00, real=0.16 secs] 
152.214: [Full GC (Ergonomics) [PSYoungGen: 55808K->55807K(71680K)] [ParOldGen: 174417K->174417K(174592K)] 230225K->230224K(246272K) [PSPermGen: 10392K->10392K(21504K)], 0.1555930 secs] [Times: user=1.13 sys=0.01, real=0.15 secs] 
152.369: [Full GC (Ergonomics) [PSYoungGen: 55808K->55806K(71680K)] [ParOldGen: 174417K->174416K(174592K)] 230225K->230223K(246272K) [PSPermGen: 10392K->10392K(21504K)], 0.1636170 secs] [Times: user=1.16 sys=0.00, real=0.17 secs] 
152.533: [Full GC (Ergonomics) [PSYoungGen: 55808K->55807K(71680K)] [ParOldGen: 174416K->174416K(174592K)] 230224K->230224K(246272K) [PSPermGen: 10392K->10392K(21504K)], 0.1572760 secs] [Times: user=1.16 sys=0.00, real=0.15 secs] 
152.690: [Full GC (Ergonomics) [PSYoungGen: 55808K->55807K(71680K)] [ParOldGen: 174416K->174416K(174592K)] 230224K->230224K(246272K) [PSPermGen: 10393K->10393K(21504K)], 0.1572790 secs] [Times: user=1.15 sys=0.00, real=0.16 secs] 
152.848: [Full GC (Ergonomics) [PSYoungGen: 55808K->55807K(71680K)] [ParOldGen: 174416K->174416K(174592K)] 230224K->230224K(246272K) [PSPermGen: 10393K->10393K(21504K)], 0.1517480 secs] [Times: user=1.12 sys=0.01, real=0.15 secs] 
153.000: [Full GC (Ergonomics) [PSYoungGen: 55807K->55797K(71680K)] [ParOldGen: 174416K->174400K(174592K)] 230224K->230197K(246272K) [PSPermGen: 10393K->10393K(21504K)], 0.3438560 secs] [Times: user=2.52 sys=0.01, real=0.35 secs] 
153.344: [Full GC (Ergonomics) [PSYoungGen: 55808K->55793K(71680K)] [ParOldGen: 174400K->174389K(174592K)] 230208K->230183K(246272K) [PSPermGen: 10393K->10393K(21504K)], 0.3451200 secs] [Times: user=2.52 sys=0.01, real=0.34 secs] 
153.690: [Full GC (Ergonomics) [PSYoungGen: 55807K->55803K(71680K)] [ParOldGen: 174389K->174389K(174592K)] 230197K->230193K(246272K) [PSPermGen: 10393K->10393K(21504K)], 0.3382010 secs] [Times: user=2.44 sys=0.01, real=0.34 secs] 
154.028: [Full GC (Ergonomics) [PSYoungGen: 55808K->55803K(71680K)] [ParOldGen: 174407K->174406K(174592K)] 230215K->230209K(246272K) [PSPermGen: 10393K->10393K(21504K)], 0.1569910 secs] [Times: user=1.16 sys=0.00, real=0.16 secs] 
154.185: [Full GC (Ergonomics) [PSYoungGen: 55808K->55804K(71680K)] [ParOldGen: 174406K->174405K(174592K)] 230214K->230209K(246272K) [PSPermGen: 10393K->10393K(21504K)], 0.1522500 secs] [Times: user=1.13 sys=0.01, real=0.15 secs] 
154.338: [Full GC (Ergonomics) [PSYoungGen: 55808K->55794K(71680K)] [ParOldGen: 174405K->174389K(174592K)] 230213K->230184K(246272K) [PSPermGen: 10393K->10393K(21504K)], 0.1579700 secs] [Times: user=1.14 sys=0.00, real=0.16 secs] 
154.496: [Full GC (Ergonomics) [PSYoungGen: 55806K->55794K(71680K)] [ParOldGen: 174389K->174389K(174592K)] 230196K->230184K(246272K) [PSPermGen: 10393K->10393K(21504K)], 0.1583440 secs] [Times: user=1.15 sys=0.00, real=0.16 secs] 
154.655: [Full GC (Ergonomics) [PSYoungGen: 55808K->55796K(71680K)] [ParOldGen: 174389K->174389K(174592K)] 230197K->230186K(246272K) [PSPermGen: 10393K->10393K(21504K)], 0.1567720 secs] [Times: user=1.14 sys=0.00, real=0.16 secs] 
154.812: [Full GC (Ergonomics) [PSYoungGen: 55808K->55794K(71680K)] [ParOldGen: 174389K->174389K(174592K)] 230197K->230184K(246272K) [PSPermGen: 10393K->10393K(21504K)], 0.1671590 secs] [Times: user=1.16 sys=0.01, real=0.16 secs] 
154.996: [Full GC (Ergonomics) [PSYoungGen: 55807K->55802K(71680K)] [ParOldGen: 174389K->174389K(174592K)] 230196K->230191K(246272K) [PSPermGen: 10393K->10393K(21504K)], 0.1590530 secs] [Times: user=1.14 sys=0.00, real=0.16 secs] 
155.156: [Full GC (Ergonomics) [PSYoungGen: 55808K->55794K(71680K)] [ParOldGen: 174407K->174389K(174592K)] 230215K->230184K(246272K) [PSPermGen: 10393K->10393K(21504K)], 0.1608630 secs] [Times: user=1.12 sys=0.00, real=0.16 secs] 
155.317: [Full GC (Ergonomics) [PSYoungGen: 55802K->55796K(71680K)] [ParOldGen: 174389K->174389K(174592K)] 230192K->230185K(246272K) [PSPermGen: 10393K->10393K(21504K)], 0.1765720 secs] [Times: user=1.19 sys=0.01, real=0.18 secs] 
155.493: [Full GC (Ergonomics) [PSYoungGen: 55806K->55802K(71680K)] [ParOldGen: 174389K->174389K(174592K)] 230195K->230192K(246272K) [PSPermGen: 10393K->10393K(21504K)], 0.1557890 secs] [Times: user=1.13 sys=0.00, real=0.15 secs] 
155.649: [Full GC (Ergonomics) [PSYoungGen: 55808K->55805K(71680K)] [ParOldGen: 174407K->174406K(174592K)] 230215K->230211K(246272K) [PSPermGen: 10393K->10393K(21504K)], 0.1580250 secs] [Times: user=1.18 sys=0.00, real=0.16 secs] 
155.808: [Full GC (Ergonomics) [PSYoungGen: 55808K->55806K(71680K)] [ParOldGen: 174406K->174406K(174592K)] 230214K->230212K(246272K) [PSPermGen: 10393K->10393K(21504K)], 0.1542360 secs] [Times: user=1.12 sys=0.00, real=0.16 secs] 
155.962: [Full GC (Ergonomics) [PSYoungGen: 55808K->55806K(71680K)] [ParOldGen: 174406K->174406K(174592K)] 230214K->230212K(246272K) [PSPermGen: 10393K->10393K(21504K)], 0.1652390 secs] [Times: user=1.17 sys=0.01, real=0.16 secs] 
156.127: [Full GC (Ergonomics) [PSYoungGen: 55808K->55794K(71680K)] [ParOldGen: 174406K->174389K(174592K)] 230214K->230184K(246272K) [PSPermGen: 10393K->10393K(21504K)], 0.1567550 secs] [Times: user=1.16 sys=0.00, real=0.16 secs] 
156.285: [Full GC (Ergonomics) [PSYoungGen: 55805K->55795K(71680K)] [ParOldGen: 174389K->174389K(174592K)] 230195K->230184K(246272K) [PSPermGen: 10393K->10393K(21504K)], 0.1554500 secs] [Times: user=1.10 sys=0.00, real=0.15 secs] 
156.440: [Full GC (Ergonomics) [PSYoungGen: 55808K->55797K(71680K)] [ParOldGen: 174389K->174389K(174592K)] 230197K->230186K(246272K) [PSPermGen: 10393K->10393K(21504K)], 0.1623920 secs] [Times: user=1.14 sys=0.01, real=0.17 secs] 
156.603: [Full GC (Ergonomics) [PSYoungGen: 55808K->55802K(71680K)] [ParOldGen: 174389K->174389K(174592K)] 230197K->230191K(246272K) [PSPermGen: 10393K->10393K(21504K)], 0.1639760 secs] [Times: user=1.15 sys=0.00, real=0.16 secs] 
156.767: [Full GC (Ergonomics) [PSYoungGen: 55808K->55795K(71680K)] [ParOldGen: 174389K->174389K(174592K)] 230197K->230185K(246272K) [PSPermGen: 10393K->10393K(21504K)], 0.1779660 secs] [Times: user=1.29 sys=0.01, real=0.18 secs] 
156.946: [Full GC (Ergonomics) [PSYoungGen: 55808K->55781K(71680K)] [ParOldGen: 174389K->174389K(174592K)] 230197K->230171K(246272K) [PSPermGen: 10393K->10393K(21504K)], 0.1745610 secs] [Times: user=1.17 sys=0.00, real=0.17 secs] 
157.120: [Full GC (Ergonomics) [PSYoungGen: 55808K->55806K(71680K)] [ParOldGen: 174389K->174389K(174592K)] 230197K->230195K(246272K) [PSPermGen: 10393K->10393K(21504K)], 0.1687310 secs] [Times: user=1.20 sys=0.00, real=0.17 secs] 
157.289: [Full GC (Ergonomics) [PSYoungGen: 55808K->55807K(71680K)] [ParOldGen: 174389K->174389K(174592K)] 230197K->230197K(246272K) [PSPermGen: 10393K->10393K(21504K)], 0.1613480 secs] [Times: user=1.16 sys=0.01, real=0.16 secs] 
157.451: [Full GC (Ergonomics) [PSYoungGen: 55808K->55807K(71680K)] [ParOldGen: 174389K->174389K(174592K)] 230197K->230197K(246272K) [PSPermGen: 10393K->10393K(21504K)], 0.1571090 secs] [Times: user=1.12 sys=0.00, real=0.16 secs] 
157.608: [Full GC (Ergonomics) [PSYoungGen: 55808K->55807K(71680K)] [ParOldGen: 174389K->174389K(174592K)] 230197K->230197K(246272K) [PSPermGen: 10393K->10393K(21504K)], 0.1578610 secs] [Times: user=1.15 sys=0.00, real=0.16 secs] 
157.766: [Full GC (Ergonomics) [PSYoungGen: 55808K->55807K(71680K)] [ParOldGen: 174389K->174389K(174592K)] 230197K->230197K(246272K) [PSPermGen: 10393K->10393K(21504K)], 0.1590760 secs] [Times: user=1.16 sys=0.01, real=0.16 secs] 
157.925: [Full GC (Ergonomics) [PSYoungGen: 55808K->55807K(71680K)] [ParOldGen: 174389K->174389K(174592K)] 230197K->230197K(246272K) [PSPermGen: 10393K->10393K(21504K)], 0.1595680 secs] [Times: user=1.14 sys=0.00, real=0.16 secs] 
158.085: [Full GC (Ergonomics) [PSYoungGen: 55807K->55807K(71680K)] [ParOldGen: 174389K->174389K(174592K)] 230197K->230197K(246272K) [PSPermGen: 10393K->10393K(21504K)], 0.1627250 secs] [Times: user=1.20 sys=0.00, real=0.16 secs] 
158.248: [Full GC (Ergonomics) [PSYoungGen: 55807K->55807K(71680K)] [ParOldGen: 174392K->174390K(174592K)] 230200K->230198K(246272K) [PSPermGen: 10393K->10393K(21504K)], 0.3992560 secs] [Times: user=2.22 sys=0.04, real=0.40 secs] 
158.647: [Full GC (Ergonomics) [PSYoungGen: 55808K->55807K(71680K)] [ParOldGen: 174390K->174390K(174592K)] 230198K->230197K(246272K) [PSPermGen: 10393K->10393K(21504K)], 0.3937280 secs] [Times: user=2.22 sys=0.04, real=0.39 secs] 
159.041: [Full GC (Ergonomics) [PSYoungGen: 55808K->55807K(71680K)] [ParOldGen: 174390K->174390K(174592K)] 230198K->230198K(246272K) [PSPermGen: 10393K->10393K(21504K)], 0.2100410 secs] [Times: user=1.12 sys=0.01, real=0.22 secs] 
159.252: [Full GC (Ergonomics) [PSYoungGen: 55808K->55807K(71680K)] [ParOldGen: 174390K->174390K(174592K)] 230198K->230198K(246272K) [PSPermGen: 10393K->10393K(21504K)], 0.2199040 secs] [Times: user=1.12 sys=0.00, real=0.22 secs] 
159.472: [Full GC (Ergonomics) [PSYoungGen: 55808K->55807K(71680K)] [ParOldGen: 174390K->174390K(174592K)] 230198K->230197K(246272K) [PSPermGen: 10393K->10393K(21504K)], 0.3938630 secs] [Times: user=1.96 sys=0.03, real=0.39 secs] 
159.866: [Full GC (Ergonomics) [PSYoungGen: 55808K->55807K(71680K)] [ParOldGen: 174390K->174390K(174592K)] 230198K->230197K(246272K) [PSPermGen: 10393K->10393K(21504K)], 0.1930330 secs] [Times: user=1.16 sys=0.01, real=0.19 secs] 
160.059: [Full GC (Ergonomics) [PSYoungGen: 55807K->55807K(71680K)] [ParOldGen: 174390K->174389K(174592K)] 230198K->230196K(246272K) [PSPermGen: 10393K->10393K(21504K)], 0.2123540 secs] [Times: user=1.12 sys=0.00, real=0.21 secs] 
160.271: [Full GC (Ergonomics) [PSYoungGen: 55808K->55782K(71680K)] [ParOldGen: 174389K->174389K(174592K)] 230197K->230172K(246272K) [PSPermGen: 10393K->10393K(21504K)], 0.2470560 secs] [Times: user=1.16 sys=0.00, real=0.24 secs] 
160.519: [Full GC (Ergonomics) [PSYoungGen: 55808K->55783K(71680K)] [ParOldGen: 174389K->174389K(174592K)] 230197K->230173K(246272K) [PSPermGen: 10393K->10393K(21504K)], 0.4139660 secs] [Times: user=2.12 sys=0.04, real=0.42 secs] 
161.066: [Full GC (Ergonomics) [PSYoungGen: 55804K->55780K(71680K)] [ParOldGen: 174389K->174381K(174592K)] 230194K->230161K(246272K) [PSPermGen: 10393K->10393K(21504K)], 0.3718190 secs] [Times: user=2.67 sys=0.02, real=0.37 secs] 
161.438: [Full GC (Ergonomics) [PSYoungGen: 55808K->55806K(71680K)] [ParOldGen: 174381K->174381K(174592K)] 230189K->230187K(246272K) [PSPermGen: 10393K->10393K(21504K)], 0.1635480 secs] [Times: user=1.18 sys=0.01, real=0.16 secs] 
161.601: [Full GC (Ergonomics) [PSYoungGen: 55808K->55781K(71680K)] [ParOldGen: 174381K->174381K(174592K)] 230189K->230162K(246272K) [PSPermGen: 10393K->10393K(21504K)], 0.1677000 secs] [Times: user=1.20 sys=0.00, real=0.16 secs] 
161.779: [Full GC (Ergonomics) [PSYoungGen: 55802K->55780K(71680K)] [ParOldGen: 174381K->174381K(174592K)] 230183K->230161K(246272K) [PSPermGen: 10393K->10393K(21504K)], 0.1628870 secs] [Times: user=1.18 sys=0.01, real=0.17 secs] 
161.943: [Full GC (Ergonomics) [PSYoungGen: 55808K->55806K(71680K)] [ParOldGen: 174381K->174381K(174592K)] 230189K->230187K(246272K) [PSPermGen: 10393K->10393K(21504K)], 0.3448890 secs] [Times: user=2.51 sys=0.01, real=0.34 secs] 
162.288: [Full GC (Ergonomics) [PSYoungGen: 55808K->55807K(71680K)] [ParOldGen: 174381K->174381K(174592K)] 230189K->230188K(246272K) [PSPermGen: 10393K->10393K(21504K)], 0.2072770 secs] [Times: user=1.48 sys=0.00, real=0.21 secs] 
162.495: [Full GC (Ergonomics) [PSYoungGen: 55808K->55807K(71680K)] [ParOldGen: 174381K->174381K(174592K)] 230189K->230188K(246272K) [PSPermGen: 10393K->10393K(21504K)], 0.1537730 secs] [Times: user=1.14 sys=0.01, real=0.15 secs] 
162.649: [Full GC (Ergonomics) [PSYoungGen: 55808K->55781K(71680K)] [ParOldGen: 174381K->174381K(174592K)] 230189K->230162K(246272K) [PSPermGen: 10393K->10393K(21504K)], 0.1582340 secs] [Times: user=1.15 sys=0.00, real=0.16 secs] 
162.832: [Full GC (Ergonomics) [PSYoungGen: 55804K->55781K(71680K)] [ParOldGen: 174381K->174381K(174592K)] 230185K->230162K(246272K) [PSPermGen: 10393K->10393K(21504K)], 0.1608630 secs] [Times: user=1.17 sys=0.00, real=0.16 secs] 
162.993: [Full GC (Ergonomics) [PSYoungGen: 55808K->55807K(71680K)] [ParOldGen: 174381K->174381K(174592K)] 230189K->230188K(246272K) [PSPermGen: 10393K->10393K(21504K)], 0.1589130 secs] [Times: user=1.13 sys=0.01, real=0.16 secs] 
163.152: [Full GC (Ergonomics) [PSYoungGen: 55808K->55807K(71680K)] [ParOldGen: 174381K->174381K(174592K)] 230189K->230188K(246272K) [PSPermGen: 10393K->10393K(21504K)], 0.1578610 secs] [Times: user=1.17 sys=0.00, real=0.15 secs] 
163.310: [Full GC (Ergonomics) [PSYoungGen: 55808K->55807K(71680K)] [ParOldGen: 174381K->174381K(174592K)] 230189K->230188K(246272K) [PSPermGen: 10393K->10393K(21504K)], 0.1572070 secs] [Times: user=1.15 sys=0.00, real=0.16 secs] 
163.468: [Full GC (Ergonomics) [PSYoungGen: 55808K->55782K(71680K)] [ParOldGen: 174381K->174381K(174592K)] 230189K->230163K(246272K) [PSPermGen: 10393K->10393K(21504K)], 0.1598400 secs] [Times: user=1.16 sys=0.00, real=0.16 secs] 
163.721: [Full GC (Ergonomics) [PSYoungGen: 55805K->55782K(71680K)] [ParOldGen: 174381K->174381K(174592K)] 230186K->230163K(246272K) [PSPermGen: 10393K->10393K(21504K)], 0.1581810 secs] [Times: user=1.16 sys=0.01, real=0.16 secs] 
163.879: [Full GC (Ergonomics) [PSYoungGen: 55808K->55807K(71680K)] [ParOldGen: 174381K->174381K(174592K)] 230189K->230188K(246272K) [PSPermGen: 10393K->10393K(21504K)], 0.1607590 secs] [Times: user=1.14 sys=0.00, real=0.16 secs] 
164.040: [Full GC (Ergonomics) [PSYoungGen: 55808K->55807K(71680K)] [ParOldGen: 174381K->174381K(174592K)] 230189K->230188K(246272K) [PSPermGen: 10393K->10393K(21504K)], 0.1599600 secs] [Times: user=1.17 sys=0.00, real=0.16 secs] 
164.200: [Full GC (Ergonomics) [PSYoungGen: 55808K->55807K(71680K)] [ParOldGen: 174381K->174381K(174592K)] 230189K->230188K(246272K) [PSPermGen: 10393K->10393K(21504K)], 0.1579370 secs] [Times: user=1.15 sys=0.01, real=0.16 secs] 
164.358: [Full GC (Ergonomics) [PSYoungGen: 55808K->55781K(71680K)] [ParOldGen: 174381K->174381K(174592K)] 230189K->230163K(246272K) [PSPermGen: 10393K->10393K(21504K)], 0.1626610 secs] [Times: user=1.17 sys=0.00, real=0.16 secs] 
164.523: [Full GC (Ergonomics) [PSYoungGen: 55804K->55782K(71680K)] [ParOldGen: 174381K->174381K(174592K)] 230185K->230163K(246272K) [PSPermGen: 10394K->10394K(21504K)], 0.1610420 secs] [Times: user=1.18 sys=0.00, real=0.16 secs] 
164.685: [Full GC (Ergonomics) [PSYoungGen: 55808K->55807K(71680K)] [ParOldGen: 174381K->174381K(174592K)] 230189K->230188K(246272K) [PSPermGen: 10394K->10394K(21504K)], 0.1527720 secs] [Times: user=1.11 sys=0.00, real=0.15 secs] 
164.837: [Full GC (Ergonomics) [PSYoungGen: 55808K->55807K(71680K)] [ParOldGen: 174381K->174381K(174592K)] 230189K->230188K(246272K) [PSPermGen: 10394K->10394K(21504K)], 0.1581820 secs] [Times: user=1.14 sys=0.01, real=0.16 secs] 
164.996: [Full GC (Ergonomics) [PSYoungGen: 55808K->55807K(71680K)] [ParOldGen: 174381K->174381K(174592K)] 230189K->230189K(246272K) [PSPermGen: 10394K->10394K(21504K)], 0.1625290 secs] [Times: user=1.16 sys=0.00, real=0.16 secs] 
165.159: [Full GC (Ergonomics) [PSYoungGen: 55808K->55782K(71680K)] [ParOldGen: 174384K->174382K(174592K)] 230192K->230164K(246272K) [PSPermGen: 10394K->10394K(21504K)], 0.1590720 secs] [Times: user=1.18 sys=0.00, real=0.16 secs] 
165.361: [Full GC (Ergonomics) [PSYoungGen: 55802K->55782K(71680K)] [ParOldGen: 174382K->174381K(174592K)] 230185K->230163K(246272K) [PSPermGen: 10394K->10394K(21504K)], 0.1593970 secs] [Times: user=1.13 sys=0.00, real=0.15 secs] 
165.521: [Full GC (Ergonomics) [PSYoungGen: 55808K->55807K(71680K)] [ParOldGen: 174381K->174381K(174592K)] 230189K->230188K(246272K) [PSPermGen: 10394K->10394K(21504K)], 0.1640450 secs] [Times: user=1.18 sys=0.01, real=0.17 secs] 
165.685: [Full GC (Ergonomics) [PSYoungGen: 55807K->55807K(71680K)] [ParOldGen: 174381K->174381K(174592K)] 230189K->230189K(246272K) [PSPermGen: 10394K->10394K(21504K)], 0.1590200 secs] [Times: user=1.16 sys=0.00, real=0.16 secs] 
165.844: [Full GC (Ergonomics) [PSYoungGen: 55808K->55807K(71680K)] [ParOldGen: 174383K->174382K(174592K)] 230191K->230190K(246272K) [PSPermGen: 10394K->10394K(21504K)], 0.1556170 secs] [Times: user=1.14 sys=0.00, real=0.15 secs] 
166.000: [Full GC (Ergonomics) [PSYoungGen: 55808K->55782K(71680K)] [ParOldGen: 174382K->174381K(174592K)] 230190K->230164K(246272K) [PSPermGen: 10394K->10394K(21504K)], 0.1588010 secs] [Times: user=1.13 sys=0.01, real=0.16 secs] 
166.500: [Full GC (Ergonomics) [PSYoungGen: 55805K->55783K(71680K)] [ParOldGen: 174381K->174381K(174592K)] 230187K->230164K(246272K) [PSPermGen: 10394K->10394K(21504K)], 0.1568680 secs] [Times: user=1.15 sys=0.00, real=0.16 secs] 
166.658: [Full GC (Ergonomics) [PSYoungGen: 55808K->55807K(71680K)] [ParOldGen: 174381K->174381K(174592K)] 230189K->230189K(246272K) [PSPermGen: 10394K->10394K(21504K)], 0.1527740 secs] [Times: user=1.12 sys=0.00, real=0.15 secs] 
166.810: [Full GC (Ergonomics) [PSYoungGen: 55808K->55807K(71680K)] [ParOldGen: 174381K->174381K(174592K)] 230189K->230189K(246272K) [PSPermGen: 10394K->10394K(21504K)], 0.1486600 secs] [Times: user=1.08 sys=0.00, real=0.15 secs] 
166.959: [Full GC (Ergonomics) [PSYoungGen: 55808K->55807K(71680K)] [ParOldGen: 174383K->174382K(174592K)] 230191K->230190K(246272K) [PSPermGen: 10394K->10394K(21504K)], 0.1584920 secs] [Times: user=1.14 sys=0.01, real=0.16 secs] 
167.118: [Full GC (Ergonomics) [PSYoungGen: 55807K->55807K(71680K)] [ParOldGen: 174382K->174382K(174592K)] 230190K->230190K(246272K) [PSPermGen: 10394K->10394K(21504K)], 0.1553040 secs] [Times: user=1.12 sys=0.00, real=0.16 secs] 
167.273: [Full GC (Ergonomics) [PSYoungGen: 55807K->55807K(71680K)] [ParOldGen: 174384K->174383K(174592K)] 230192K->230190K(246272K) [PSPermGen: 10394K->10394K(21504K)], 0.1537490 secs] [Times: user=1.11 sys=0.00, real=0.15 secs] 
167.427: [Full GC (Ergonomics) [PSYoungGen: 55808K->55807K(71680K)] [ParOldGen: 174383K->174383K(174592K)] 230191K->230191K(246272K) [PSPermGen: 10394K->10394K(21504K)], 0.1645520 secs] [Times: user=1.14 sys=0.00, real=0.17 secs] 
167.592: [Full GC (Ergonomics) [PSYoungGen: 55808K->55782K(71680K)] [ParOldGen: 174383K->174382K(174592K)] 230191K->230164K(246272K) [PSPermGen: 10394K->10394K(21504K)], 0.1600510 secs] [Times: user=1.15 sys=0.01, real=0.16 secs] 
167.793: [Full GC (Ergonomics) [PSYoungGen: 55805K->55783K(71680K)] [ParOldGen: 174382K->174382K(174592K)] 230187K->230165K(246272K) [PSPermGen: 10394K->10394K(21504K)], 0.1589600 secs] [Times: user=1.13 sys=0.00, real=0.16 secs] 
167.952: [Full GC (Ergonomics) [PSYoungGen: 55808K->55807K(71680K)] [ParOldGen: 174382K->174382K(174592K)] 230190K->230189K(246272K) [PSPermGen: 10394K->10394K(21504K)], 0.1786080 secs] [Times: user=1.17 sys=0.01, real=0.17 secs] 
168.131: [Full GC (Ergonomics) [PSYoungGen: 55808K->55807K(71680K)] [ParOldGen: 174382K->174382K(174592K)] 230190K->230190K(246272K) [PSPermGen: 10394K->10394K(21504K)], 0.1603320 secs] [Times: user=1.17 sys=0.00, real=0.16 secs] 
168.291: [Full GC (Ergonomics) [PSYoungGen: 55807K->55807K(71680K)] [ParOldGen: 174382K->174382K(174592K)] 230190K->230190K(246272K) [PSPermGen: 10394K->10394K(21504K)], 0.1582400 secs] [Times: user=1.14 sys=0.00, real=0.16 secs] 
168.450: [Full GC (Ergonomics) [PSYoungGen: 55808K->55782K(71680K)] [ParOldGen: 174382K->174382K(174592K)] 230190K->230164K(246272K) [PSPermGen: 10394K->10394K(21504K)], 0.1522500 secs] [Times: user=1.07 sys=0.01, real=0.16 secs] 
168.667: [Full GC (Ergonomics) [PSYoungGen: 55805K->55783K(71680K)] [ParOldGen: 174382K->174382K(174592K)] 230187K->230165K(246272K) [PSPermGen: 10394K->10394K(21504K)], 0.1616740 secs] [Times: user=1.16 sys=0.00, real=0.16 secs] 
168.829: [Full GC (Ergonomics) [PSYoungGen: 55808K->55807K(71680K)] [ParOldGen: 174382K->174382K(174592K)] 230190K->230189K(246272K) [PSPermGen: 10394K->10394K(21504K)], 0.1591000 secs] [Times: user=1.14 sys=0.00, real=0.16 secs] 
168.989: [Full GC (Ergonomics) [PSYoungGen: 55808K->55807K(71680K)] [ParOldGen: 174384K->174383K(174592K)] 230192K->230191K(246272K) [PSPermGen: 10394K->10394K(21504K)], 0.1621230 secs] [Times: user=1.15 sys=0.01, real=0.16 secs] 
169.151: [Full GC (Ergonomics) [PSYoungGen: 55808K->55807K(71680K)] [ParOldGen: 174385K->174383K(174592K)] 230193K->230191K(246272K) [PSPermGen: 10394K->10394K(21504K)], 0.1876590 secs] [Times: user=1.35 sys=0.00, real=0.19 secs] 
169.339: [Full GC (Ergonomics) [PSYoungGen: 55808K->55782K(71680K)] [ParOldGen: 174383K->174383K(174592K)] 230191K->230165K(246272K) [PSPermGen: 10394K->10394K(21504K)], 0.1558220 secs] [Times: user=1.16 sys=0.00, real=0.16 secs] 
169.653: [Full GC (Ergonomics) [PSYoungGen: 55805K->55782K(71680K)] [ParOldGen: 174383K->174383K(174592K)] 230188K->230165K(246272K) [PSPermGen: 10394K->10394K(21504K)], 0.1717740 secs] [Times: user=1.14 sys=0.01, real=0.17 secs] 
169.825: [Full GC (Ergonomics) [PSYoungGen: 55808K->55807K(71680K)] [ParOldGen: 174383K->174383K(174592K)] 230191K->230190K(246272K) [PSPermGen: 10394K->10394K(21504K)], 0.1595360 secs] [Times: user=1.14 sys=0.00, real=0.16 secs] 
169.984: [Full GC (Ergonomics) [PSYoungGen: 55808K->55807K(71680K)] [ParOldGen: 174385K->174384K(174592K)] 230193K->230192K(246272K) [PSPermGen: 10394K->10394K(21504K)], 0.1605380 secs] [Times: user=1.14 sys=0.00, real=0.16 secs] 
170.145: [Full GC (Ergonomics) [PSYoungGen: 55807K->55807K(71680K)] [ParOldGen: 174384K->174384K(174592K)] 230192K->230192K(246272K) [PSPermGen: 10394K->10394K(21504K)], 0.1569120 secs] [Times: user=1.16 sys=0.01, real=0.16 secs] 
170.302: [Full GC (Ergonomics) [PSYoungGen: 55808K->55808K(71680K)] [ParOldGen: 174384K->174384K(174592K)] 230192K->230192K(246272K) [PSPermGen: 10394K->10394K(21504K)], 0.1560640 secs] [Times: user=1.10 sys=0.00, real=0.15 secs] 
170.458: [Full GC (Ergonomics) [PSYoungGen: 55808K->55807K(71680K)] [ParOldGen: 174385K->174384K(174592K)] 230193K->230192K(246272K) [PSPermGen: 10394K->10394K(21504K)], 0.1527970 secs] [Times: user=1.12 sys=0.00, real=0.15 secs] 
170.611: [Full GC (Ergonomics) [PSYoungGen: 55808K->55782K(71680K)] [ParOldGen: 174384K->174383K(174592K)] 230192K->230166K(246272K) [PSPermGen: 10394K->10394K(21504K)], 0.1598440 secs] [Times: user=1.16 sys=0.01, real=0.16 secs] 
170.824: [Full GC (Ergonomics) [PSYoungGen: 55805K->55782K(71680K)] [ParOldGen: 174383K->174383K(174592K)] 230189K->230166K(246272K) [PSPermGen: 10394K->10394K(21504K)], 0.1593990 secs] [Times: user=1.16 sys=0.00, real=0.16 secs] 
170.984: [Full GC (Ergonomics) [PSYoungGen: 55808K->55807K(71680K)] [ParOldGen: 174383K->174383K(174592K)] 230191K->230191K(246272K) [PSPermGen: 10394K->10394K(21504K)], 0.1579340 secs] [Times: user=1.12 sys=0.00, real=0.16 secs] 
171.142: [Full GC (Ergonomics) [PSYoungGen: 55808K->55807K(71680K)] [ParOldGen: 174385K->174384K(174592K)] 230193K->230192K(246272K) [PSPermGen: 10394K->10394K(21504K)], 0.1521580 secs] [Times: user=1.12 sys=0.00, real=0.15 secs] 
171.294: [Full GC (Ergonomics) [PSYoungGen: 55808K->55807K(71680K)] [ParOldGen: 174384K->174384K(174592K)] 230192K->230192K(246272K) [PSPermGen: 10394K->10394K(21504K)], 0.1586790 secs] [Times: user=1.15 sys=0.01, real=0.16 secs] 
171.453: [Full GC (Ergonomics) [PSYoungGen: 55807K->55782K(71680K)] [ParOldGen: 174384K->174384K(174592K)] 230192K->230167K(246272K) [PSPermGen: 10394K->10394K(21504K)], 0.1558390 secs] [Times: user=1.13 sys=0.00, real=0.15 secs] 
171.764: [Full GC (Ergonomics) [PSYoungGen: 55805K->55783K(71680K)] [ParOldGen: 174384K->174384K(174592K)] 230189K->230167K(246272K) [PSPermGen: 10394K->10394K(21504K)], 0.1571990 secs] [Times: user=1.15 sys=0.00, real=0.15 secs] 
171.921: [Full GC (Ergonomics) [PSYoungGen: 55808K->55807K(71680K)] [ParOldGen: 174384K->174384K(174592K)] 230192K->230192K(246272K) [PSPermGen: 10394K->10394K(21504K)], 0.1567060 secs] [Times: user=1.12 sys=0.00, real=0.16 secs] 
172.078: [Full GC (Ergonomics) [PSYoungGen: 55808K->55807K(71680K)] [ParOldGen: 174384K->174384K(174592K)] 230192K->230192K(246272K) [PSPermGen: 10394K->10394K(21504K)], 0.1539070 secs] [Times: user=1.12 sys=0.01, real=0.16 secs] 
172.232: [Full GC (Ergonomics) [PSYoungGen: 55808K->55807K(71680K)] [ParOldGen: 174386K->174385K(174592K)] 230194K->230193K(246272K) [PSPermGen: 10394K->10394K(21504K)], 0.2134060 secs] [Times: user=1.55 sys=0.00, real=0.21 secs] 
172.445: [Full GC (Ergonomics) [PSYoungGen: 55808K->55807K(71680K)] [ParOldGen: 174385K->174385K(174592K)] 230193K->230193K(246272K) [PSPermGen: 10394K->10394K(21504K)], 0.1587470 secs] [Times: user=1.16 sys=0.01, real=0.16 secs] 
172.604: [Full GC (Ergonomics) [PSYoungGen: 55807K->55807K(71680K)] [ParOldGen: 174385K->174385K(174592K)] 230193K->230193K(246272K) [PSPermGen: 10394K->10394K(21504K)], 0.1651080 secs] [Times: user=1.15 sys=0.00, real=0.16 secs] 
172.770: [Full GC (Ergonomics) [PSYoungGen: 55807K->55782K(71680K)] [ParOldGen: 174388K->174386K(174592K)] 230196K->230168K(246272K) [PSPermGen: 10394K->10394K(21504K)], 0.1700570 secs] [Times: user=1.18 sys=0.01, real=0.17 secs] 
173.386: [Full GC (Ergonomics) [PSYoungGen: 55803K->55783K(71680K)] [ParOldGen: 174386K->174385K(174592K)] 230189K->230168K(246272K) [PSPermGen: 10394K->10394K(21504K)], 0.1568030 secs] [Times: user=1.12 sys=0.00, real=0.16 secs] 
173.543: [Full GC (Ergonomics) [PSYoungGen: 55808K->55807K(71680K)] [ParOldGen: 174385K->174385K(174592K)] 230193K->230192K(246272K) [PSPermGen: 10394K->10394K(21504K)], 0.1476010 secs] [Times: user=1.08 sys=0.00, real=0.14 secs] 
173.690: [Full GC (Ergonomics) [PSYoungGen: 55808K->55807K(71680K)] [ParOldGen: 174385K->174385K(174592K)] 230193K->230192K(246272K) [PSPermGen: 10394K->10394K(21504K)], 0.1526520 secs] [Times: user=1.10 sys=0.00, real=0.16 secs] 
173.843: [Full GC (Ergonomics) [PSYoungGen: 55808K->55807K(71680K)] [ParOldGen: 174387K->174386K(174592K)] 230195K->230194K(246272K) [PSPermGen: 10394K->10394K(21504K)], 0.1560320 secs] [Times: user=1.15 sys=0.01, real=0.15 secs] 
173.999: [Full GC (Ergonomics) [PSYoungGen: 55807K->55807K(71680K)] [ParOldGen: 174386K->174386K(174592K)] 230194K->230194K(246272K) [PSPermGen: 10394K->10394K(21504K)], 0.1513920 secs] [Times: user=1.08 sys=0.00, real=0.15 secs] 
174.151: [Full GC (Ergonomics) [PSYoungGen: 55807K->55807K(71680K)] [ParOldGen: 174387K->174386K(174592K)] 230195K->230194K(246272K) [PSPermGen: 10394K->10394K(21504K)], 0.1554590 secs] [Times: user=1.13 sys=0.00, real=0.16 secs] 
174.306: [Full GC (Ergonomics) [PSYoungGen: 55807K->55807K(71680K)] [ParOldGen: 174386K->174386K(174592K)] 230194K->230194K(246272K) [PSPermGen: 10394K->10394K(21504K)], 0.1571810 secs] [Times: user=1.13 sys=0.00, real=0.16 secs] 
174.464: [Full GC (Ergonomics) [PSYoungGen: 55808K->55782K(71680K)] [ParOldGen: 174389K->174387K(174592K)] 230197K->230169K(246272K) [PSPermGen: 10394K->10394K(21504K)], 0.1591140 secs] [Times: user=1.14 sys=0.01, real=0.16 secs] 
174.665: [Full GC (Ergonomics) [PSYoungGen: 55803K->55783K(71680K)] [ParOldGen: 174387K->174385K(174592K)] 230190K->230168K(246272K) [PSPermGen: 10394K->10394K(21504K)], 0.1521420 secs] [Times: user=1.14 sys=0.00, real=0.15 secs] 
174.817: [Full GC (Ergonomics) [PSYoungGen: 55808K->55807K(71680K)] [ParOldGen: 174385K->174385K(174592K)] 230193K->230193K(246272K) [PSPermGen: 10394K->10394K(21504K)], 0.1598060 secs] [Times: user=1.16 sys=0.00, real=0.16 secs] 
174.977: [Full GC (Ergonomics) [PSYoungGen: 55808K->55807K(71680K)] [ParOldGen: 174385K->174385K(174592K)] 230193K->230193K(246272K) [PSPermGen: 10394K->10394K(21504K)], 0.1624430 secs] [Times: user=1.15 sys=0.01, real=0.16 secs] 
175.140: [Full GC (Ergonomics) [PSYoungGen: 55808K->55807K(71680K)] [ParOldGen: 174385K->174385K(174592K)] 230193K->230193K(246272K) [PSPermGen: 10394K->10394K(21504K)], 0.1625250 secs] [Times: user=1.15 sys=0.00, real=0.17 secs] 
175.303: [Full GC (Ergonomics) [PSYoungGen: 55808K->55782K(71680K)] [ParOldGen: 174389K->174386K(174592K)] 230197K->230169K(246272K) [PSPermGen: 10394K->10394K(21504K)], 0.1598070 secs] [Times: user=1.15 sys=0.00, real=0.16 secs] 
175.811: [Full GC (Ergonomics) [PSYoungGen: 55803K->55783K(71680K)] [ParOldGen: 174386K->174385K(174592K)] 230190K->230168K(246272K) [PSPermGen: 10394K->10394K(21504K)], 0.1615950 secs] [Times: user=1.14 sys=0.01, real=0.16 secs] 
175.973: [Full GC (Ergonomics) [PSYoungGen: 55808K->55807K(71680K)] [ParOldGen: 174385K->174385K(174592K)] 230193K->230193K(246272K) [PSPermGen: 10394K->10394K(21504K)], 0.1591260 secs] [Times: user=1.13 sys=0.00, real=0.16 secs] 
176.132: [Full GC (Ergonomics) [PSYoungGen: 55808K->55807K(71680K)] [ParOldGen: 174385K->174385K(174592K)] 230193K->230193K(246272K) [PSPermGen: 10394K->10394K(21504K)], 0.1504600 secs] [Times: user=1.10 sys=0.00, real=0.15 secs] 
176.283: [Full GC (Ergonomics) [PSYoungGen: 55808K->55807K(71680K)] [ParOldGen: 174387K->174386K(174592K)] 230195K->230194K(246272K) [PSPermGen: 10394K->10394K(21504K)], 0.1616250 secs] [Times: user=1.15 sys=0.01, real=0.16 secs] 
176.445: [Full GC (Ergonomics) [PSYoungGen: 55808K->55807K(71680K)] [ParOldGen: 174386K->174386K(174592K)] 230194K->230194K(246272K) [PSPermGen: 10394K->10394K(21504K)], 0.1583010 secs] [Times: user=1.14 sys=0.00, real=0.16 secs] 
176.604: [Full GC (Ergonomics) [PSYoungGen: 55808K->55807K(71680K)] [ParOldGen: 174388K->174387K(174592K)] 230196K->230195K(246272K) [PSPermGen: 10394K->10394K(21504K)], 0.1648930 secs] [Times: user=1.22 sys=0.00, real=0.16 secs] 
176.769: [Full GC (Ergonomics) [PSYoungGen: 55808K->55807K(71680K)] [ParOldGen: 174387K->174387K(174592K)] 230195K->230195K(246272K) [PSPermGen: 10394K->10394K(21504K)], 0.1589230 secs] [Times: user=1.15 sys=0.01, real=0.16 secs] 
176.928: [Full GC (Ergonomics) [PSYoungGen: 55807K->55782K(71680K)] [ParOldGen: 174387K->174386K(174592K)] 230195K->230169K(246272K) [PSPermGen: 10394K->10394K(21504K)], 0.1596940 secs] [Times: user=1.15 sys=0.00, real=0.16 secs] 
177.556: [Full GC (Ergonomics) [PSYoungGen: 55805K->55783K(71680K)] [ParOldGen: 174386K->174386K(174592K)] 230192K->230169K(246272K) [PSPermGen: 10394K->10394K(21504K)], 0.1522290 secs] [Times: user=1.11 sys=0.00, real=0.15 secs] 
177.709: [Full GC (Ergonomics) [PSYoungGen: 55808K->55807K(71680K)] [ParOldGen: 174386K->174386K(174592K)] 230194K->230194K(246272K) [PSPermGen: 10394K->10394K(21504K)], 0.1676250 secs] [Times: user=1.10 sys=0.01, real=0.17 secs] 
177.876: [Full GC (Ergonomics) [PSYoungGen: 55808K->55807K(71680K)] [ParOldGen: 174386K->174386K(174592K)] 230194K->230194K(246272K) [PSPermGen: 10394K->10394K(21504K)], 0.1677100 secs] [Times: user=1.07 sys=0.00, real=0.17 secs] 
178.044: [Full GC (Ergonomics) [PSYoungGen: 55808K->55807K(71680K)] [ParOldGen: 174388K->174387K(174592K)] 230196K->230195K(246272K) [PSPermGen: 10394K->10394K(21504K)], 0.1695700 secs] [Times: user=1.13 sys=0.00, real=0.17 secs] 
178.214: [Full GC (Ergonomics) [PSYoungGen: 55808K->55807K(71680K)] [ParOldGen: 174387K->174387K(174592K)] 230195K->230195K(246272K) [PSPermGen: 10394K->10394K(21504K)], 0.1622870 secs] [Times: user=1.14 sys=0.01, real=0.16 secs] 
178.376: [Full GC (Ergonomics) [PSYoungGen: 55808K->55808K(71680K)] [ParOldGen: 174387K->174387K(174592K)] 230195K->230195K(246272K) [PSPermGen: 10394K->10394K(21504K)], 0.1684320 secs] [Times: user=1.12 sys=0.00, real=0.17 secs] 
178.545: [Full GC (Ergonomics) [PSYoungGen: 55808K->55807K(71680K)] [ParOldGen: 174389K->174388K(174592K)] 230197K->230196K(246272K) [PSPermGen: 10394K->10394K(21504K)], 0.1806740 secs] [Times: user=1.15 sys=0.01, real=0.18 secs] 
178.726: [Full GC (Ergonomics) [PSYoungGen: 55808K->55782K(71680K)] [ParOldGen: 174388K->174387K(174592K)] 230196K->230170K(246272K) [PSPermGen: 10394K->10394K(21504K)], 0.1858860 secs] [Times: user=1.16 sys=0.00, real=0.19 secs] 
45909.177: [Full GC (Ergonomics) [PSYoungGen: 55808K->55768K(71680K)] [ParOldGen: 174387K->174384K(174592K)] 230195K->230153K(246272K) [PSPermGen: 10395K->10395K(21504K)], 0.6517160 secs] [Times: user=3.14 sys=1.02, real=0.65 secs] 
45909.831: [Full GC (Ergonomics) [PSYoungGen: 55808K->55769K(71680K)] [ParOldGen: 174384K->174384K(174592K)] 230192K->230153K(246272K) [PSPermGen: 10402K->10402K(21504K)], 0.2793730 secs] [Times: user=2.09 sys=0.00, real=0.28 secs] 
45910.111: [Full GC (Ergonomics) [PSYoungGen: 55808K->55769K(71680K)] [ParOldGen: 174384K->174384K(174592K)] 230192K->230153K(246272K) [PSPermGen: 10402K->10402K(21504K)], 1.0033250 secs] [Times: user=7.46 sys=0.04, real=1.01 secs] 
45911.114: [Full GC (Ergonomics) [PSYoungGen: 55808K->55769K(71680K)] [ParOldGen: 174384K->174384K(174592K)] 230192K->230153K(246272K) [PSPermGen: 10402K->10402K(21504K)], 0.1504930 secs] [Times: user=1.09 sys=0.00, real=0.15 secs] 
45911.265: [Full GC (Ergonomics) [PSYoungGen: 55808K->55769K(71680K)] [ParOldGen: 174384K->174383K(174592K)] 230192K->230153K(246272K) [PSPermGen: 10402K->10402K(21504K)], 0.3592360 secs] [Times: user=2.61 sys=0.01, real=0.36 secs] 
45911.624: [Full GC (Ergonomics) [PSYoungGen: 55808K->55769K(71680K)] [ParOldGen: 174383K->174383K(174592K)] 230191K->230153K(246272K) [PSPermGen: 10402K->10402K(21504K)], 0.1605010 secs] [Times: user=1.16 sys=0.00, real=0.16 secs] 
45911.787: [Full GC (Ergonomics) [PSYoungGen: 55808K->55769K(71680K)] [ParOldGen: 174383K->174340K(174592K)] 230191K->230110K(246272K) [PSPermGen: 10404K->10404K(21504K)], 0.3606730 secs] [Times: user=2.66 sys=0.01, real=0.36 secs] 
45912.152: [Full GC (Ergonomics) [PSYoungGen: 55808K->55774K(71680K)] [ParOldGen: 174340K->174297K(174592K)] 230148K->230072K(246272K) [PSPermGen: 10414K->10414K(21504K)], 0.3647280 secs] [Times: user=2.63 sys=0.02, real=0.36 secs] 
45912.517: [Full GC (Ergonomics) [PSYoungGen: 55808K->55773K(71680K)] [ParOldGen: 174297K->174297K(174592K)] 230105K->230071K(246272K) [PSPermGen: 10414K->10414K(21504K)], 0.1535800 secs] [Times: user=1.12 sys=0.00, real=0.15 secs] 
45912.671: [Full GC (Ergonomics) [PSYoungGen: 55808K->55773K(71680K)] [ParOldGen: 174297K->174296K(174592K)] 230105K->230070K(246272K) [PSPermGen: 10414K->10414K(21504K)], 0.3527730 secs] [Times: user=2.60 sys=0.01, real=0.36 secs] 
45913.025: [Full GC (Ergonomics) [PSYoungGen: 55808K->55772K(71680K)] [ParOldGen: 174296K->174296K(174592K)] 230104K->230069K(246272K) [PSPermGen: 10414K->10414K(21504K)], 0.3465580 secs] [Times: user=2.54 sys=0.01, real=0.35 secs] 
45913.472: [Full GC (Ergonomics) [PSYoungGen: 55808K->55772K(71680K)] [ParOldGen: 174296K->174296K(174592K)] 230104K->230069K(246272K) [PSPermGen: 10414K->10414K(21504K)], 0.1586120 secs] [Times: user=1.15 sys=0.01, real=0.15 secs] 
45913.831: [Full GC (Ergonomics) [PSYoungGen: 55808K->55772K(71680K)] [ParOldGen: 174296K->174296K(174592K)] 230104K->230069K(246272K) [PSPermGen: 10414K->10414K(21504K)], 0.1557950 secs] [Times: user=1.15 sys=0.00, real=0.16 secs] 
45914.287: [Full GC (Ergonomics) [PSYoungGen: 55808K->55772K(71680K)] [ParOldGen: 174296K->174296K(174592K)] 230104K->230069K(246272K) [PSPermGen: 10414K->10414K(21504K)], 0.1677270 secs] [Times: user=1.11 sys=0.00, real=0.17 secs] 
45914.856: [Full GC (Ergonomics) [PSYoungGen: 55808K->55772K(71680K)] [ParOldGen: 174296K->174296K(174592K)] 230104K->230069K(246272K) [PSPermGen: 10414K->10414K(21504K)], 0.1518780 secs] [Times: user=1.11 sys=0.00, real=0.15 secs] 
45915.508: [Full GC (Ergonomics) [PSYoungGen: 55808K->55772K(71680K)] [ParOldGen: 174296K->174296K(174592K)] 230104K->230069K(246272K) [PSPermGen: 10414K->10414K(21504K)], 0.1504180 secs] [Times: user=1.11 sys=0.00, real=0.15 secs] 
45916.260: [Full GC (Ergonomics) [PSYoungGen: 55808K->55772K(71680K)] [ParOldGen: 174296K->174296K(174592K)] 230104K->230069K(246272K) [PSPermGen: 10414K->10414K(21504K)], 0.1592290 secs] [Times: user=1.14 sys=0.00, real=0.16 secs] 
45917.121: [Full GC (Ergonomics) [PSYoungGen: 55808K->55772K(71680K)] [ParOldGen: 174296K->174296K(174592K)] 230104K->230069K(246272K) [PSPermGen: 10414K->10414K(21504K)], 0.1569310 secs] [Times: user=1.15 sys=0.00, real=0.16 secs] 
45919.979: [Full GC (Ergonomics) [PSYoungGen: 55808K->55772K(71680K)] [ParOldGen: 174296K->174296K(174592K)] 230104K->230069K(246272K) [PSPermGen: 10414K->10414K(21504K)], 0.3487810 secs] [Times: user=2.31 sys=0.04, real=0.35 secs] 
