0.963: [GC 0.963: [ParNew: 16256K->1984K(18240K), 0.0689940 secs] 16256K->6122K(58752K), 0.0691170 secs] [Times: user=0.11 sys=0.01, real=0.07 secs] 
1.271: [GC 1.272: [ParNew: 18240K->1984K(18240K), 0.0573580 secs] 22378K->12680K(58752K), 0.0574700 secs] [Times: user=0.09 sys=0.02, real=0.06 secs] 
1.582: [GC 1.582: [ParNew: 18240K->1984K(18240K), 0.0536830 secs] 28936K->19539K(58752K), 0.0537940 secs] [Times: user=0.08 sys=0.02, real=0.05 secs] 
1.800: [GC 1.800: [ParNew: 18240K->1984K(18240K), 0.0359410 secs] 35795K->24005K(58752K), 0.0360770 secs] [Times: user=0.07 sys=0.00, real=0.03 secs] 
1.837: [GC [1 CMS-initial-mark: 22021K(40512K)] 24186K(58752K), 0.0047170 secs] [Times: user=0.00 sys=0.00, real=0.00 secs] 
1.844: [CMS-concurrent-mark-start]
1.972: [CMS-concurrent-mark: 0.128/0.128 secs] [Times: user=0.20 sys=0.03, real=0.13 secs] 
1.972: [CMS-concurrent-preclean-start]
2.010: [CMS-concurrent-preclean: 0.032/0.037 secs] [Times: user=0.05 sys=0.00, real=0.04 secs] 
2.010: [CMS-concurrent-abortable-preclean-start]
2.026: [GC 2.026: [ParNew: 18240K->1984K(18240K), 0.0652070 secs] 40261K->29435K(58752K), 0.0653240 secs] [Times: user=0.10 sys=0.01, real=0.07 secs] 
2.235: [CMS-concurrent-abortable-preclean: 0.160/0.225 secs] [Times: user=0.35 sys=0.01, real=0.22 secs] 
2.235: [GC[YG occupancy: 16910 K (18240 K)]2.235: [Rescan (parallel) , 0.0141140 secs]2.249: [weak refs processing, 0.0000170 secs]2.250: [scrub string table, 0.0000450 secs] [1 CMS-remark: 27451K(40512K)] 44361K(58752K), 0.0143210 secs] [Times: user=0.03 sys=0.00, real=0.02 secs] 
2.250: [CMS-concurrent-sweep-start]
2.264: [GC 2.264: [ParNew: 18240K->1982K(18240K), 0.0494160 secs] 43784K->33267K(58752K), 0.0495260 secs] [Times: user=0.08 sys=0.01, real=0.05 secs] 
2.338: [CMS-concurrent-sweep: 0.038/0.088 secs] [Times: user=0.14 sys=0.02, real=0.09 secs] 
2.338: [CMS-concurrent-reset-start]
2.382: [CMS-concurrent-reset: 0.044/0.044 secs] [Times: user=0.04 sys=0.03, real=0.04 secs] 
2.474: [GC 2.474: [ParNew: 18238K->1982K(18240K), 0.0443650 secs] 48911K->37475K(69364K), 0.0444790 secs] [Times: user=0.08 sys=0.00, real=0.05 secs] 
2.520: [GC [1 CMS-initial-mark: 35492K(51124K)] 37841K(69364K), 0.0048150 secs] [Times: user=0.00 sys=0.00, real=0.00 secs] 
2.524: [CMS-concurrent-mark-start]
2.693: [GC 2.693: [ParNew: 18238K->1982K(18240K), 0.0559200 secs] 53731K->42575K(69364K), 0.0560460 secs] [Times: user=0.10 sys=0.01, real=0.06 secs] 
2.751: [CMS-concurrent-mark: 0.171/0.227 secs] [Times: user=0.37 sys=0.05, real=0.23 secs] 
2.752: [CMS-concurrent-preclean-start]
2.838: [CMS-concurrent-preclean: 0.066/0.086 secs] [Times: user=0.15 sys=0.01, real=0.09 secs] 
2.838: [CMS-concurrent-abortable-preclean-start]
2.910: [GC 2.911: [ParNew: 18238K->1982K(18240K), 0.0449850 secs] 58831K->47017K(69364K), 0.0450970 secs] [Times: user=0.08 sys=0.01, real=0.04 secs] 
2.956: [CMS-concurrent-abortable-preclean: 0.066/0.118 secs] [Times: user=0.21 sys=0.01, real=0.11 secs] 
2.957: [GC[YG occupancy: 2396 K (18240 K)]2.957: [Rescan (parallel) , 0.0198000 secs]2.977: [weak refs processing, 0.0000110 secs]2.977: [scrub string table, 0.0000450 secs] [1 CMS-remark: 45034K(51124K)] 47431K(69364K), 0.0199870 secs] [Times: user=0.03 sys=0.00, real=0.02 secs] 
2.977: [CMS-concurrent-sweep-start]
3.070: [CMS-concurrent-sweep: 0.093/0.093 secs] [Times: user=0.15 sys=0.02, real=0.09 secs] 
3.070: [CMS-concurrent-reset-start]
3.079: [CMS-concurrent-reset: 0.008/0.008 secs] [Times: user=0.01 sys=0.00, real=0.01 secs] 
3.121: [GC 3.121: [ParNew: 18238K->1982K(18240K), 0.0546010 secs] 58387K->48795K(85156K), 0.0547160 secs] [Times: user=0.09 sys=0.01, real=0.05 secs] 
3.176: [GC [1 CMS-initial-mark: 46813K(66916K)] 49118K(85156K), 0.0059420 secs] [Times: user=0.01 sys=0.00, real=0.01 secs] 
3.182: [CMS-concurrent-mark-start]
3.344: [GC 3.344: [ParNew: 18238K->1982K(18240K), 0.0760560 secs] 65051K->53427K(85156K), 0.0762370 secs] [Times: user=0.09 sys=0.00, real=0.08 secs] 
3.540: [CMS-concurrent-mark: 0.285/0.358 secs] [Times: user=0.49 sys=0.08, real=0.36 secs] 
3.540: [CMS-concurrent-preclean-start]
3.601: [GC 3.601: [ParNew: 18238K->1982K(18240K), 0.0524920 secs] 69683K->58422K(85156K), 0.0526330 secs] [Times: user=0.10 sys=0.00, real=0.05 secs] 
3.754: [CMS-concurrent-preclean: 0.122/0.214 secs] [Times: user=0.34 sys=0.02, real=0.21 secs] 
3.754: [CMS-concurrent-abortable-preclean-start]
3.812: [GC 3.812: [ParNew: 18238K->1982K(18240K), 0.0752580 secs] 74678K->63223K(85156K), 0.0754000 secs] [Times: user=0.09 sys=0.00, real=0.07 secs] 
4.020: [CMS-concurrent-abortable-preclean: 0.169/0.267 secs] [Times: user=0.32 sys=0.07, real=0.27 secs] 
4.021: [GC[YG occupancy: 13906 K (18240 K)]4.021: [Rescan (parallel) , 0.0122480 secs]4.033: [weak refs processing, 0.0000100 secs]4.033: [scrub string table, 0.0000450 secs] [1 CMS-remark: 61241K(66916K)] 75148K(85156K), 0.0124450 secs] [Times: user=0.03 sys=0.00, real=0.01 secs] 
4.033: [CMS-concurrent-sweep-start]
4.082: [GC 4.082: [ParNew: 18238K->1982K(18240K), 0.0720950 secs] 73083K->63022K(85156K), 0.0722000 secs] [Times: user=0.11 sys=0.01, real=0.07 secs] 
4.184: [CMS-concurrent-sweep: 0.071/0.151 secs] [Times: user=0.23 sys=0.01, real=0.15 secs] 
4.184: [CMS-concurrent-reset-start]
4.200: [CMS-concurrent-reset: 0.016/0.016 secs] [Times: user=0.03 sys=0.01, real=0.02 secs] 
4.321: [GC 4.321: [ParNew: 18238K->1982K(18240K), 0.0491510 secs] 79278K->68692K(119976K), 0.0492590 secs] [Times: user=0.09 sys=0.01, real=0.05 secs] 
4.501: [GC 4.501: [ParNew: 18238K->1982K(18240K), 0.0455680 secs] 84948K->74862K(119976K), 0.0456700 secs] [Times: user=0.08 sys=0.00, real=0.04 secs] 
4.557: [GC [1 CMS-initial-mark: 72880K(101736K)] 76356K(119976K), 0.0068490 secs] [Times: user=0.01 sys=0.00, real=0.00 secs] 
4.585: [CMS-concurrent-mark-start]
4.751: [GC 4.751: [ParNew: 18238K->1984K(18240K), 0.0635570 secs] 91118K->80217K(119976K), 0.0636690 secs] [Times: user=0.09 sys=0.01, real=0.06 secs] 
4.990: [GC 4.990: [ParNew: 18240K->1984K(18240K), 0.0510730 secs] 96473K->85654K(119976K), 0.0511870 secs] [Times: user=0.10 sys=0.00, real=0.05 secs] 
5.184: [CMS-concurrent-mark: 0.483/0.599 secs] [Times: user=0.86 sys=0.13, real=0.60 secs] 
5.184: [CMS-concurrent-preclean-start]
5.201: [GC 5.201: [ParNew: 18240K->1984K(18240K), 0.0410870 secs] 101910K->88930K(119976K), 0.0411960 secs] [Times: user=0.08 sys=0.00, real=0.04 secs] 
5.391: [CMS-concurrent-preclean: 0.136/0.208 secs] [Times: user=0.34 sys=0.04, real=0.21 secs] 
5.391: [CMS-concurrent-abortable-preclean-start]
5.403: [GC 5.403: [ParNew: 18240K->1984K(18240K), 0.0374300 secs] 105186K->91370K(119976K), 0.0375460 secs] [Times: user=0.06 sys=0.00, real=0.04 secs] 
5.572: [CMS-concurrent-abortable-preclean: 0.112/0.181 secs] [Times: user=0.29 sys=0.03, real=0.18 secs] 
5.572: [GC[YG occupancy: 15410 K (18240 K)]5.572: [Rescan (parallel) , 0.0152820 secs]5.587: [weak refs processing, 0.0000110 secs]5.588: [scrub string table, 0.0000450 secs] [1 CMS-remark: 89386K(101736K)] 104797K(119976K), 0.0154770 secs] [Times: user=0.03 sys=0.00, real=0.01 secs] 
5.588: [CMS-concurrent-sweep-start]
5.622: [GC 5.623: [ParNew: 18240K->1984K(18240K), 0.0372230 secs] 101933K->88065K(119976K), 0.0373210 secs] [Times: user=0.07 sys=0.00, real=0.04 secs] 
5.725: [CMS-concurrent-sweep: 0.099/0.137 secs] [Times: user=0.24 sys=0.02, real=0.14 secs] 
5.725: [CMS-concurrent-reset-start]
5.734: [CMS-concurrent-reset: 0.009/0.009 secs] [Times: user=0.01 sys=0.00, real=0.01 secs] 
5.807: [GC 5.807: [ParNew: 18240K->1984K(18240K), 0.0333940 secs] 99714K->85844K(154032K), 0.0334980 secs] [Times: user=0.06 sys=0.00, real=0.04 secs] 
5.995: [GC 5.995: [ParNew: 18240K->1983K(18240K), 0.0361530 secs] 102100K->88242K(154032K), 0.0362570 secs] [Times: user=0.07 sys=0.00, real=0.04 secs] 
6.197: [GC 6.197: [ParNew: 18239K->1983K(18240K), 0.0521980 secs] 104498K->90629K(154032K), 0.0523330 secs] [Times: user=0.08 sys=0.00, real=0.05 secs] 
6.395: [GC 6.395: [ParNew: 18239K->1983K(18240K), 0.0404830 secs] 106885K->93014K(154032K), 0.0406160 secs] [Times: user=0.06 sys=0.01, real=0.04 secs] 
6.603: [GC 6.603: [ParNew: 18239K->1983K(18240K), 0.0430110 secs] 109270K->95411K(154032K), 0.0431240 secs] [Times: user=0.06 sys=0.00, real=0.04 secs] 
6.788: [GC 6.788: [ParNew: 18239K->1983K(18240K), 0.0394530 secs] 111667K->97788K(154032K), 0.0395980 secs] [Times: user=0.06 sys=0.00, real=0.04 secs] 
6.988: [GC 6.988: [ParNew: 18239K->1983K(18240K), 0.0489170 secs] 114044K->100373K(154032K), 0.0490470 secs] [Times: user=0.08 sys=0.00, real=0.05 secs] 
7.265: [GC 7.265: [ParNew: 18239K->1984K(18240K), 0.0480680 secs] 116629K->103937K(154032K), 0.0483150 secs] [Times: user=0.07 sys=0.00, real=0.05 secs] 
7.438: [GC 7.438: [ParNew: 18240K->1984K(18240K), 0.0636600 secs] 120193K->110235K(154032K), 0.0638380 secs] [Times: user=0.09 sys=0.01, real=0.06 secs] 
7.514: [GC [1 CMS-initial-mark: 108251K(135792K)] 110971K(154032K), 0.0060960 secs] [Times: user=0.01 sys=0.00, real=0.01 secs] 
7.528: [CMS-concurrent-mark-start]
7.673: [GC 7.673: [ParNew: 18240K->1984K(18240K), 0.0645740 secs] 126491K->114967K(154032K), 0.0647370 secs] [Times: user=0.11 sys=0.01, real=0.07 secs] 
7.891: [GC 7.891: [ParNew: 18240K->1984K(18240K), 0.0539610 secs] 131223K->119515K(154032K), 0.0541020 secs] [Times: user=0.09 sys=0.00, real=0.05 secs] 
8.070: [GC 8.070: [ParNew: 18240K->1983K(18240K), 0.0802930 secs] 135771K->125162K(154032K), 0.0804260 secs] [Times: user=0.08 sys=0.02, real=0.08 secs] 
8.302: [GC 8.302: [ParNew: 18239K->1983K(18240K), 0.0668840 secs] 141418K->131971K(154032K), 0.0670150 secs] [Times: user=0.11 sys=0.01, real=0.07 secs] 
8.521: [GC 8.521: [ParNew: 18239K->1983K(18240K), 0.0534160 secs] 148227K->136717K(154032K), 0.0535630 secs] [Times: user=0.07 sys=0.01, real=0.05 secs] 
8.696: [CMS-concurrent-mark: 0.864/1.168 secs] [Times: user=1.80 sys=0.20, real=1.17 secs] 
8.696: [CMS-concurrent-preclean-start]
8.708: [GC 8.708: [ParNew: 18239K->1983K(18240K), 0.0599270 secs] 152973K->142582K(159300K), 0.0600750 secs] [Times: user=0.10 sys=0.01, real=0.06 secs] 
8.908: [GC 8.909: [ParNew: 18239K->1983K(18240K), 0.0635860 secs] 158838K->147627K(164292K), 0.0637220 secs] [Times: user=0.10 sys=0.01, real=0.07 secs] 
9.136: [GC 9.136: [ParNew: 18239K->1982K(18240K), 0.0647560 secs] 163883K->152591K(169284K), 0.0651320 secs] [Times: user=0.12 sys=0.01, real=0.07 secs] 
9.224: [CMS-concurrent-preclean: 0.267/0.528 secs] [Times: user=0.84 sys=0.10, real=0.53 secs] 
9.224: [CMS-concurrent-abortable-preclean-start]
9.347: [GC 9.347: [ParNew: 18238K->1982K(18240K), 0.0624150 secs] 168847K->157505K(174084K), 0.0625430 secs] [Times: user=0.11 sys=0.00, real=0.07 secs] 
9.548: [GC 9.548: [ParNew: 18238K->1982K(18240K), 0.0586160 secs] 173761K->162962K(179684K), 0.0587620 secs] [Times: user=0.09 sys=0.00, real=0.06 secs] 
9.753: [GC 9.753: [ParNew: 18238K->1982K(18240K), 0.0667350 secs] 179218K->167882K(184484K), 0.0668800 secs] [Times: user=0.11 sys=0.01, real=0.07 secs] 
9.829: [CMS-concurrent-abortable-preclean: 0.351/0.604 secs] [Times: user=0.96 sys=0.12, real=0.60 secs] 
9.829: [GC[YG occupancy: 3360 K (18240 K)]9.829: [Rescan (parallel) , 0.0384950 secs]9.868: [weak refs processing, 0.0000120 secs]9.868: [scrub string table, 0.0000460 secs] [1 CMS-remark: 165900K(166244K)] 169260K(184484K), 0.0387430 secs] [Times: user=0.06 sys=0.00, real=0.03 secs] 
9.868: [CMS-concurrent-sweep-start]
9.996: [GC 9.996: [ParNew: 18238K->1982K(18240K), 0.0684190 secs] 166802K->155864K(184484K), 0.0685940 secs] [Times: user=0.11 sys=0.01, real=0.07 secs] 
10.225: [GC 10.225: [ParNew: 18238K->1982K(18240K), 0.0724390 secs] 164876K->153649K(184484K), 0.0725630 secs] [Times: user=0.11 sys=0.00, real=0.08 secs] 
10.317: [CMS-concurrent-sweep: 0.301/0.449 secs] [Times: user=0.64 sys=0.09, real=0.46 secs] 
10.317: [CMS-concurrent-reset-start]
10.332: [CMS-concurrent-reset: 0.015/0.015 secs] [Times: user=0.03 sys=0.00, real=0.01 secs] 
10.423: [GC 10.424: [ParNew: 18238K->1982K(18240K), 0.0677840 secs] 169905K->159502K(271020K), 0.0679230 secs] [Times: user=0.11 sys=0.00, real=0.07 secs] 
10.604: [GC 10.604: [ParNew: 18238K->1982K(18240K), 0.0599690 secs] 175758K->166427K(271020K), 0.0600950 secs] [Times: user=0.10 sys=0.00, real=0.06 secs] 
10.781: [GC 10.781: [ParNew: 18238K->1982K(18240K), 0.0805950 secs] 182683K->172999K(271020K), 0.0807450 secs] [Times: user=0.14 sys=0.00, real=0.08 secs] 
10.870: [GC [1 CMS-initial-mark: 171016K(252780K)] 174075K(271020K), 0.0075280 secs] [Times: user=0.00 sys=0.00, real=0.01 secs] 
10.878: [CMS-concurrent-mark-start]
11.007: [GC 11.007: [ParNew: 18238K->1982K(18240K), 0.0787500 secs] 189255K->179063K(271020K), 0.0788830 secs] [Times: user=0.13 sys=0.01, real=0.08 secs] 
11.231: [GC 11.232: [ParNew: 18238K->1982K(18240K), 0.0602230 secs] 195319K->183408K(271020K), 0.0603680 secs] [Times: user=0.10 sys=0.00, real=0.06 secs] 
11.454: [GC 11.454: [ParNew: 18238K->1982K(18240K), 0.0460450 secs] 199664K->185847K(271020K), 0.0461650 secs] [Times: user=0.08 sys=0.00, real=0.05 secs] 
11.650: [GC 11.650: [ParNew: 18238K->1982K(18240K), 0.0590310 secs] 202103K->188229K(271020K), 0.0592160 secs] [Times: user=0.07 sys=0.00, real=0.06 secs] 
11.856: [GC 11.856: [ParNew: 18238K->1982K(18240K), 0.0473010 secs] 204485K->190616K(271020K), 0.0474320 secs] [Times: user=0.08 sys=0.00, real=0.05 secs] 
12.061: [GC 12.061: [ParNew: 18238K->1982K(18240K), 0.0492340 secs] 206872K->193022K(271020K), 0.0493570 secs] [Times: user=0.08 sys=0.00, real=0.05 secs] 
12.119: [CMS-concurrent-mark: 0.906/1.241 secs] [Times: user=1.92 sys=0.23, real=1.24 secs] 
12.119: [CMS-concurrent-preclean-start]
12.269: [GC 12.269: [ParNew: 18238K->1982K(18240K), 0.0530890 secs] 209278K->195429K(271020K), 0.0532070 secs] [Times: user=0.09 sys=0.00, real=0.05 secs] 
12.493: [GC 12.493: [ParNew: 18238K->1984K(18240K), 0.0540340 secs] 211685K->197828K(271020K), 0.0541630 secs] [Times: user=0.07 sys=0.00, real=0.05 secs] 
12.549: [CMS-concurrent-preclean: 0.247/0.430 secs] [Times: user=0.66 sys=0.09, real=0.43 secs] 
12.549: [GC[YG occupancy: 2344 K (18240 K)]12.549: [Rescan (parallel) , 0.0353910 secs]12.585: [weak refs processing, 0.0000120 secs]12.585: [scrub string table, 0.0000450 secs] [1 CMS-remark: 195844K(252780K)] 198189K(271020K), 0.0356100 secs] [Times: user=0.05 sys=0.00, real=0.03 secs] 
12.585: [CMS-concurrent-sweep-start]
12.730: [GC 12.730: [ParNew: 18240K->1983K(18240K), 0.0492670 secs] 201464K->187599K(271020K), 0.0493830 secs] [Times: user=0.08 sys=0.00, real=0.05 secs] 
12.893: [CMS-concurrent-sweep: 0.258/0.308 secs] [Times: user=0.48 sys=0.07, real=0.31 secs] 
12.893: [CMS-concurrent-reset-start]
12.903: [CMS-concurrent-reset: 0.009/0.009 secs] [Times: user=0.01 sys=0.00, real=0.01 secs] 
12.929: [GC 12.929: [ParNew: 18239K->1983K(18240K), 0.0460230 secs] 189116K->175275K(303036K), 0.0461490 secs] [Times: user=0.07 sys=0.00, real=0.04 secs] 
13.126: [GC 13.126: [ParNew: 18239K->1984K(18240K), 0.0541220 secs] 191531K->178280K(303036K), 0.0542520 secs] [Times: user=0.10 sys=0.00, real=0.06 secs] 
13.288: [GC 13.288: [ParNew: 18240K->1984K(18240K), 0.0833300 secs] 194536K->185749K(303036K), 0.0834620 secs] [Times: user=0.15 sys=0.00, real=0.09 secs] 
13.476: [GC 13.476: [ParNew: 18240K->1982K(18240K), 0.0813020 secs] 202005K->192881K(303036K), 0.0825610 secs] [Times: user=0.15 sys=0.00, real=0.09 secs] 
13.664: [GC 13.664: [ParNew: 18238K->1982K(18240K), 0.0657410 secs] 209137K->199665K(303036K), 0.0658790 secs] [Times: user=0.11 sys=0.00, real=0.07 secs] 
13.730: [GC [1 CMS-initial-mark: 197682K(284796K)] 199848K(303036K), 0.0052050 secs] [Times: user=0.01 sys=0.00, real=0.00 secs] 
13.736: [CMS-concurrent-mark-start]
13.892: [GC 13.892: [ParNew: 18238K->1982K(18240K), 0.0692240 secs] 215921K->204824K(303036K), 0.0693540 secs] [Times: user=0.12 sys=0.00, real=0.07 secs] 
14.073: [GC 14.073: [ParNew: 18238K->1982K(18240K), 0.0713020 secs] 221080K->211791K(303036K), 0.0714550 secs] [Times: user=0.11 sys=0.01, real=0.07 secs] 
14.267: [GC 14.267: [ParNew: 18238K->1982K(18240K), 0.0742110 secs] 228047K->217556K(303036K), 0.0743440 secs] [Times: user=0.13 sys=0.00, real=0.08 secs] 
14.488: [GC 14.488: [ParNew: 18238K->1982K(18240K), 0.0743530 secs] 233812K->223899K(303036K), 0.0746030 secs] [Times: user=0.12 sys=0.01, real=0.08 secs] 
14.728: [GC 14.729: [ParNew: 18238K->1982K(18240K), 0.0556850 secs] 240155K->227402K(303036K), 0.0558280 secs] [Times: user=0.09 sys=0.00, real=0.06 secs] 
14.929: [GC 14.929: [ParNew: 18238K->1982K(18240K), 0.0536210 secs] 243658K->232187K(303036K), 0.0537560 secs] [Times: user=0.09 sys=0.01, real=0.05 secs] 
15.109: [GC 15.109: [ParNew: 18238K->1982K(18240K), 0.0658270 secs] 248443K->237353K(303036K), 0.0659810 secs] [Times: user=0.11 sys=0.00, real=0.06 secs] 
15.302: [GC 15.302: [ParNew: 18238K->1982K(18240K), 0.0680150 secs] 253609K->242891K(303036K), 0.0681570 secs] [Times: user=0.11 sys=0.01, real=0.07 secs] 
15.504: [GC 15.505: [ParNew: 18238K->1984K(18240K), 0.0931780 secs] 259147K->249542K(303036K), 0.0933110 secs] [Times: user=0.14 sys=0.01, real=0.10 secs] 
15.732: [GC 15.732: [ParNew: 18240K->1983K(18240K), 0.0829650 secs] 265798K->255168K(303036K), 0.0831130 secs] [Times: user=0.14 sys=0.00, real=0.08 secs] 
15.930: [GC 15.930: [ParNew: 18239K->1983K(18240K), 0.0568340 secs] 271424K->261018K(303036K), 0.0569820 secs] [Times: user=0.09 sys=0.01, real=0.05 secs] 
16.000: [CMS-concurrent-mark: 1.540/2.264 secs] [Times: user=3.67 sys=0.37, real=2.27 secs] 
16.000: [CMS-concurrent-preclean-start]
16.128: [GC 16.128: [ParNew: 18239K->1983K(18240K), 0.0840820 secs] 277274K->266432K(303036K), 0.0842170 secs] [Times: user=0.13 sys=0.01, real=0.09 secs] 
16.356: [GC 16.356: [ParNew: 18239K->1983K(18240K), 0.0789020 secs] 282688K->272333K(303036K), 0.0790490 secs] [Times: user=0.13 sys=0.01, real=0.08 secs] 
16.569: [GC 16.569: [ParNew: 18239K->1983K(18240K), 0.0699180 secs] 288589K->277283K(303036K), 0.0700550 secs] [Times: user=0.12 sys=0.00, real=0.08 secs] 
16.793: [GC 16.794: [ParNew: 18239K->1983K(18240K), 0.0461460 secs] 293539K->279706K(303036K), 0.0462760 secs] [Times: user=0.08 sys=0.00, real=0.05 secs] 
16.866: [CMS-concurrent-preclean: 0.486/0.866 secs] [Times: user=1.34 sys=0.16, real=0.86 secs] 
16.867: [CMS-concurrent-abortable-preclean-start]
16.993: [GC 16.993: [ParNew: 18239K->1983K(18240K), 0.0525380 secs] 295962K->282101K(303036K), 0.0526640 secs] [Times: user=0.09 sys=0.00, real=0.05 secs] 
17.191: [GC 17.191: [ParNew: 18239K->1982K(18240K), 0.0491120 secs] 298357K->284602K(303036K), 0.0492400 secs] [Times: user=0.08 sys=0.00, real=0.05 secs] 
17.252: [CMS-concurrent-abortable-preclean: 0.234/0.386 secs] [Times: user=0.58 sys=0.10, real=0.39 secs] 
17.253: [GC[YG occupancy: 3126 K (18240 K)]17.253: [Rescan (parallel) , 0.0402470 secs]17.293: [weak refs processing, 0.0000120 secs]17.293: [scrub string table, 0.0000460 secs] [1 CMS-remark: 282619K(284796K)] 285746K(303036K), 0.0404700 secs] [Times: user=0.06 sys=0.00, real=0.04 secs] 
17.293: [CMS-concurrent-sweep-start]
17.454: [GC 17.454: [ParNew: 18238K->1984K(18240K), 0.0582980 secs] 286080K->272422K(303036K), 0.0584710 secs] [Times: user=0.09 sys=0.00, real=0.06 secs] 
17.670: [GC 17.671: [ParNew: 18240K->1984K(18240K), 0.0518410 secs] 281567K->267767K(303036K), 0.0519650 secs] [Times: user=0.09 sys=0.00, real=0.05 secs] 
17.750: [CMS-concurrent-sweep: 0.346/0.456 secs] [Times: user=0.69 sys=0.11, real=0.46 secs] 
17.751: [CMS-concurrent-reset-start]
17.763: [CMS-concurrent-reset: 0.013/0.013 secs] [Times: user=0.02 sys=0.00, real=0.01 secs] 
17.884: [GC 17.884: [ParNew: 18240K->1984K(18240K), 0.0529030 secs] 284023K->270193K(461216K), 0.0530380 secs] [Times: user=0.08 sys=0.00, real=0.05 secs] 
18.095: [GC 18.095: [ParNew: 18240K->1984K(18240K), 0.0523910 secs] 286449K->272596K(461216K), 0.0525230 secs] [Times: user=0.08 sys=0.01, real=0.05 secs] 
18.303: [GC 18.304: [ParNew: 18240K->1984K(18240K), 0.0526520 secs] 288852K->274844K(461216K), 0.0527850 secs] [Times: user=0.09 sys=0.00, real=0.05 secs] 
18.504: [GC 18.504: [ParNew: 18240K->1984K(18240K), 0.0488290 secs] 291100K->277230K(461216K), 0.0489730 secs] [Times: user=0.09 sys=0.00, real=0.05 secs] 
18.653: [GC 18.653: [ParNew: 18240K->1984K(18240K), 0.0822480 secs] 293486K->284480K(461216K), 0.0823780 secs] [Times: user=0.13 sys=0.00, real=0.08 secs] 
18.834: [GC 18.834: [ParNew: 18240K->1984K(18240K), 0.0863360 secs] 300736K->291270K(461216K), 0.0864960 secs] [Times: user=0.14 sys=0.00, real=0.09 secs] 
19.026: [GC 19.026: [ParNew: 18240K->1983K(18240K), 0.0768520 secs] 307526K->298774K(461216K), 0.0770080 secs] [Times: user=0.12 sys=0.01, real=0.08 secs] 
19.210: [GC 19.210: [ParNew: 18239K->1983K(18240K), 0.0812270 secs] 315030K->305672K(461216K), 0.0813810 secs] [Times: user=0.14 sys=0.00, real=0.08 secs] 
19.396: [GC 19.396: [ParNew: 18239K->1983K(18240K), 0.0750810 secs] 321928K->313283K(461216K), 0.0752260 secs] [Times: user=0.12 sys=0.01, real=0.08 secs] 
19.477: [GC [1 CMS-initial-mark: 311300K(442976K)] 314164K(461216K), 0.0071700 secs] [Times: user=0.01 sys=0.00, real=0.00 secs] 
19.485: [CMS-concurrent-mark-start]
19.607: [GC 19.607: [ParNew: 18239K->1983K(18240K), 0.0771980 secs] 329539K->318873K(461216K), 0.0773520 secs] [Times: user=0.13 sys=0.00, real=0.08 secs] 
19.835: [GC 19.835: [ParNew: 18239K->1983K(18240K), 0.0741710 secs] 335129K->324525K(461216K), 0.0743130 secs] [Times: user=0.12 sys=0.00, real=0.08 secs] 
20.045: [GC 20.045: [ParNew: 18239K->1983K(18240K), 0.0738430 secs] 340781K->330572K(461216K), 0.0739900 secs] [Times: user=0.12 sys=0.01, real=0.08 secs] 
20.252: [GC 20.253: [ParNew: 18239K->1983K(18240K), 0.0747360 secs] 346828K->336399K(461216K), 0.0748790 secs] [Times: user=0.12 sys=0.01, real=0.07 secs] 
20.462: [GC 20.462: [ParNew: 18239K->1982K(18240K), 0.0680360 secs] 352655K->341278K(461216K), 0.0681850 secs] [Times: user=0.12 sys=0.01, real=0.07 secs] 
20.656: [GC 20.656: [ParNew: 18238K->1982K(18240K), 0.0808000 secs] 357534K->347121K(461216K), 0.0809530 secs] [Times: user=0.15 sys=0.00, real=0.08 secs] 
20.854: [GC 20.854: [ParNew: 18238K->1982K(18240K), 0.0724920 secs] 363377K->352801K(461216K), 0.0726340 secs] [Times: user=0.13 sys=0.00, real=0.07 secs] 
21.034: [GC 21.034: [ParNew: 18238K->1982K(18240K), 0.0722150 secs] 369057K->360159K(461216K), 0.0723640 secs] [Times: user=0.13 sys=0.00, real=0.07 secs] 
21.239: [GC 21.239: [ParNew: 18238K->1982K(18240K), 0.0806300 secs] 376415K->366105K(461216K), 0.0807690 secs] [Times: user=0.13 sys=0.01, real=0.08 secs] 
21.448: [GC 21.448: [ParNew: 18238K->1982K(18240K), 0.0794330 secs] 382361K->371983K(461216K), 0.0795890 secs] [Times: user=0.13 sys=0.02, real=0.08 secs] 
21.667: [GC 21.667: [ParNew: 18238K->1982K(18240K), 0.0633890 secs] 388239K->376243K(461216K), 0.0635310 secs] [Times: user=0.11 sys=0.01, real=0.07 secs] 
21.904: [GC 21.905: [ParNew: 18238K->1982K(18240K), 0.0586980 secs] 392499K->378823K(461216K), 0.0588300 secs] [Times: user=0.10 sys=0.01, real=0.06 secs] 
22.123: [GC 22.123: [ParNew: 18238K->1982K(18240K), 0.0699740 secs] 395079K->381226K(461216K), 0.0701050 secs] [Times: user=0.10 sys=0.00, real=0.07 secs] 
22.363: [GC 22.363: [ParNew: 18238K->1982K(18240K), 0.0539850 secs] 397482K->383612K(461216K), 0.0541210 secs] [Times: user=0.10 sys=0.00, real=0.06 secs] 
22.576: [GC 22.576: [ParNew: 18238K->1982K(18240K), 0.0605800 secs] 399868K->386002K(461216K), 0.0607340 secs] [Times: user=0.10 sys=0.00, real=0.07 secs] 
22.684: [CMS-concurrent-mark: 2.131/3.200 secs] [Times: user=5.12 sys=0.58, real=3.20 secs] 
22.684: [CMS-concurrent-preclean-start]
22.794: [GC 22.794: [ParNew: 18238K->1982K(18240K), 0.0556810 secs] 402258K->388387K(461216K), 0.0558030 secs] [Times: user=0.10 sys=0.00, real=0.06 secs] 
23.003: [GC 23.003: [ParNew: 18238K->1982K(18240K), 0.0573030 secs] 404643K->390772K(461216K), 0.0574320 secs] [Times: user=0.09 sys=0.00, real=0.06 secs] 
23.216: [GC 23.216: [ParNew: 18238K->1982K(18240K), 0.0556210 secs] 407028K->393154K(461216K), 0.0557460 secs] [Times: user=0.10 sys=0.00, real=0.06 secs] 
23.425: [GC 23.425: [ParNew: 18238K->1982K(18240K), 0.0551460 secs] 409410K->395615K(461216K), 0.0552760 secs] [Times: user=0.09 sys=0.00, real=0.06 secs] 
23.483: [CMS-concurrent-preclean: 0.448/0.798 secs] [Times: user=1.30 sys=0.10, real=0.80 secs] 
23.483: [GC[YG occupancy: 2202 K (18240 K)]23.483: [Rescan (parallel) , 0.0435770 secs]23.527: [weak refs processing, 0.0000120 secs]23.527: [scrub string table, 0.0000460 secs] [1 CMS-remark: 393633K(442976K)] 395835K(461216K), 0.0438330 secs] [Times: user=0.08 sys=0.00, real=0.04 secs] 
23.527: [CMS-concurrent-sweep-start]
23.657: [GC 23.657: [ParNew: 18238K->1984K(18240K), 0.0775320 secs] 403359K->392439K(461216K), 0.0776620 secs] [Times: user=0.13 sys=0.00, real=0.07 secs] 
23.862: [GC 23.863: [ParNew: 18240K->1984K(18240K), 0.0888610 secs] 401333K->391624K(461216K), 0.0889980 secs] [Times: user=0.15 sys=0.00, real=0.09 secs] 
24.088: [GC 24.088: [ParNew: 18240K->1984K(18240K), 0.0652720 secs] 392129K->380695K(461216K), 0.0654060 secs] [Times: user=0.11 sys=0.00, real=0.07 secs] 
24.298: [GC 24.298: [ParNew: 18240K->1984K(18240K), 0.0667570 secs] 388760K->377364K(461216K), 0.0668880 secs] [Times: user=0.11 sys=0.00, real=0.06 secs] 
24.493: [GC 24.493: [ParNew: 18240K->1984K(18240K), 0.0780160 secs] 390758K->380657K(461216K), 0.0781430 secs] [Times: user=0.14 sys=0.00, real=0.08 secs] 
24.700: [GC 24.700: [ParNew: 18240K->1983K(18240K), 0.0737140 secs] 396913K->387145K(461216K), 0.0738500 secs] [Times: user=0.13 sys=0.00, real=0.07 secs] 
24.775: [CMS-concurrent-sweep: 0.773/1.247 secs] [Times: user=2.06 sys=0.15, real=1.25 secs] 
24.778: [CMS-concurrent-reset-start]
24.789: [CMS-concurrent-reset: 0.012/0.012 secs] [Times: user=0.02 sys=0.00, real=0.01 secs] 
24.879: [GC 24.879: [ParNew: 18239K->1982K(18240K), 0.0832920 secs] 403401K->394205K(660180K), 0.0834320 secs] [Times: user=0.14 sys=0.00, real=0.08 secs] 
25.067: [GC 25.067: [ParNew: 18238K->1982K(18240K), 0.0846720 secs] 410461K->401478K(660180K), 0.0848090 secs] [Times: user=0.14 sys=0.00, real=0.09 secs] 
25.246: [GC 25.246: [ParNew: 18238K->1982K(18240K), 0.0805950 secs] 417734K->409968K(660180K), 0.0810970 secs] [Times: user=0.13 sys=0.01, real=0.08 secs] 
25.428: [GC 25.428: [ParNew: 18238K->1982K(18240K), 0.0822940 secs] 426224K->417580K(660180K), 0.0824310 secs] [Times: user=0.15 sys=0.00, real=0.09 secs] 
25.615: [GC 25.615: [ParNew: 18238K->1982K(18240K), 0.0835240 secs] 433836K->424733K(660180K), 0.0836700 secs] [Times: user=0.15 sys=0.00, real=0.09 secs] 
25.794: [GC 25.794: [ParNew: 18238K->1982K(18240K), 0.0808710 secs] 440989K->433440K(660180K), 0.0810330 secs] [Times: user=0.13 sys=0.01, real=0.08 secs] 
25.882: [GC [1 CMS-initial-mark: 431457K(641940K)] 434453K(660180K), 0.0073810 secs] [Times: user=0.01 sys=0.00, real=0.01 secs] 
25.893: [CMS-concurrent-mark-start]
26.010: [GC 26.010: [ParNew: 18238K->1982K(18240K), 0.0801980 secs] 449696K->439572K(660180K), 0.0803570 secs] [Times: user=0.14 sys=0.01, real=0.08 secs] 
26.222: [GC 26.222: [ParNew: 18238K->1982K(18240K), 0.0870050 secs] 455828K->445581K(660180K), 0.0871630 secs] [Times: user=0.15 sys=0.00, real=0.09 secs] 
26.449: [GC 26.449: [ParNew: 18238K->1982K(18240K), 0.0739890 secs] 461837K->450375K(660180K), 0.0741350 secs] [Times: user=0.12 sys=0.01, real=0.07 secs] 
26.687: [GC 26.687: [ParNew: 18238K->1982K(18240K), 0.0590980 secs] 466631K->452888K(660180K), 0.0592340 secs] [Times: user=0.10 sys=0.00, real=0.06 secs] 
26.908: [GC 26.908: [ParNew: 18238K->1982K(18240K), 0.0611090 secs] 469144K->455493K(660180K), 0.0612410 secs] [Times: user=0.11 sys=0.00, real=0.07 secs] 
27.140: [GC 27.140: [ParNew: 18238K->1984K(18240K), 0.0641990 secs] 471749K->457650K(660180K), 0.0643330 secs] [Times: user=0.11 sys=0.00, real=0.06 secs] 
27.366: [GC 27.366: [ParNew: 18240K->1984K(18240K), 0.0584040 secs] 473906K->460032K(660180K), 0.0585360 secs] [Times: user=0.10 sys=0.01, real=0.06 secs] 
27.585: [GC 27.585: [ParNew: 18240K->1984K(18240K), 0.0594500 secs] 476288K->462410K(660180K), 0.0596230 secs] [Times: user=0.10 sys=0.01, real=0.06 secs] 
27.805: [GC 27.805: [ParNew: 18240K->1984K(18240K), 0.0594480 secs] 478666K->464953K(660180K), 0.0595870 secs] [Times: user=0.10 sys=0.00, real=0.06 secs] 
28.019: [GC 28.019: [ParNew: 18240K->1983K(18240K), 0.0543010 secs] 481209K->467331K(660180K), 0.0544280 secs] [Times: user=0.09 sys=0.01, real=0.05 secs] 
28.236: [GC 28.236: [ParNew: 18239K->1983K(18240K), 0.0690930 secs] 483587K->469824K(660180K), 0.0692220 secs] [Times: user=0.11 sys=0.00, real=0.08 secs] 
28.451: [GC 28.451: [ParNew: 18239K->1984K(18240K), 0.0704890 secs] 486080K->473952K(660180K), 0.0706190 secs] [Times: user=0.12 sys=0.00, real=0.07 secs] 
28.657: [GC 28.657: [ParNew: 18240K->1984K(18240K), 0.0788000 secs] 490208K->479427K(660180K), 0.0789560 secs] [Times: user=0.14 sys=0.00, real=0.07 secs] 
28.854: [GC 28.854: [ParNew: 18240K->1984K(18240K), 0.0746790 secs] 495683K->485540K(660180K), 0.0751960 secs] [Times: user=0.13 sys=0.01, real=0.08 secs] 
29.057: [GC 29.057: [ParNew: 18240K->1982K(18240K), 0.0882090 secs] 501796K->491864K(660180K), 0.0883620 secs] [Times: user=0.14 sys=0.00, real=0.09 secs] 
29.279: [GC 29.279: [ParNew: 18238K->1982K(18240K), 0.0671320 secs] 508120K->497115K(660180K), 0.0672970 secs] [Times: user=0.11 sys=0.00, real=0.07 secs] 
29.468: [GC 29.468: [ParNew: 18238K->1982K(18240K), 0.0924000 secs] 513371K->504310K(660180K), 0.0925650 secs] [Times: user=0.16 sys=0.01, real=0.09 secs] 
29.683: [GC 29.683: [ParNew: 18238K->1982K(18240K), 0.0794960 secs] 520566K->511366K(660180K), 0.0796610 secs] [Times: user=0.13 sys=0.00, real=0.08 secs] 
29.885: [GC 29.885: [ParNew: 18238K->1982K(18240K), 0.0907890 secs] 527622K->518332K(660180K), 0.0909310 secs] [Times: user=0.16 sys=0.00, real=0.08 secs] 
30.083: [GC 30.084: [ParNew: 18238K->1982K(18240K), 0.0838190 secs] 534588K->525984K(660180K), 0.0839810 secs] [Times: user=0.14 sys=0.01, real=0.09 secs] 
30.299: [GC 30.299: [ParNew: 18238K->1982K(18240K), 0.0838450 secs] 542240K->531189K(660180K), 0.0839930 secs] [Times: user=0.14 sys=0.01, real=0.08 secs] 
30.472: [CMS-concurrent-mark: 2.999/4.579 secs] [Times: user=7.36 sys=0.76, real=4.58 secs] 
30.472: [CMS-concurrent-preclean-start]
30.511: [GC 30.511: [ParNew: 18238K->1982K(18240K), 0.0766130 secs] 547445K->535999K(660180K), 0.0767770 secs] [Times: user=0.14 sys=0.00, real=0.08 secs] 
30.720: [GC 30.720: [ParNew: 18238K->1982K(18240K), 0.0871680 secs] 552255K->541915K(660180K), 0.0873350 secs] [Times: user=0.15 sys=0.00, real=0.09 secs] 
30.957: [GC 30.957: [ParNew: 18238K->1982K(18240K), 0.0699110 secs] 558171K->546679K(660180K), 0.0700620 secs] [Times: user=0.13 sys=0.00, real=0.07 secs] 
31.144: [GC 31.144: [ParNew: 18238K->1984K(18240K), 0.0797260 secs] 562935K->554636K(660180K), 0.0804750 secs] [Times: user=0.15 sys=0.00, real=0.08 secs] 
31.367: [GC 31.367: [ParNew: 18240K->1983K(18240K), 0.0795160 secs] 570892K->560072K(660180K), 0.0796700 secs] [Times: user=0.14 sys=0.00, real=0.08 secs] 
31.579: [GC 31.579: [ParNew: 18239K->1983K(18240K), 0.0900290 secs] 576328K->566716K(660180K), 0.0902600 secs] [Times: user=0.16 sys=0.00, real=0.09 secs] 
31.823: [GC 31.823: [ParNew: 18239K->1983K(18240K), 0.0825800 secs] 582972K->571331K(660180K), 0.0827250 secs] [Times: user=0.14 sys=0.00, real=0.09 secs] 
32.053: [GC 32.053: [ParNew: 18239K->1983K(18240K), 0.0586340 secs] 587587K->573737K(660180K), 0.0587890 secs] [Times: user=0.10 sys=0.00, real=0.06 secs] 
32.266: [GC 32.266: [ParNew: 18239K->1983K(18240K), 0.0673910 secs] 589993K->576115K(660180K), 0.0675280 secs] [Times: user=0.11 sys=0.00, real=0.06 secs] 
32.495: [GC 32.495: [ParNew: 18239K->1983K(18240K), 0.0728200 secs] 592371K->578659K(660180K), 0.0729590 secs] [Times: user=0.11 sys=0.00, real=0.08 secs] 
32.713: [CMS-concurrent-preclean: 1.231/2.240 secs] [Times: user=3.67 sys=0.35, real=2.24 secs] 
32.713: [CMS-concurrent-abortable-preclean-start]
32.751: [GC 32.751: [ParNew: 18239K->1983K(18240K), 0.0611740 secs] 594915K->581037K(660180K), 0.0613080 secs] [Times: user=0.11 sys=0.00, real=0.06 secs] 
32.964: [GC 32.964: [ParNew: 18239K->1982K(18240K), 0.0589710 secs] 597293K->583418K(660180K), 0.0591100 secs] [Times: user=0.10 sys=0.00, real=0.06 secs] 
33.183: [GC 33.183: [ParNew: 18238K->1982K(18240K), 0.0596460 secs] 599674K->585799K(660180K), 0.0597830 secs] [Times: user=0.11 sys=0.00, real=0.06 secs] 
33.402: [GC 33.402: [ParNew: 18238K->1982K(18240K), 0.0610340 secs] 602055K->588181K(660180K), 0.0611790 secs] [Times: user=0.11 sys=0.00, real=0.06 secs] 
33.476: [CMS-concurrent-abortable-preclean: 0.418/0.763 secs] [Times: user=1.25 sys=0.13, real=0.76 secs] 
33.476: [GC[YG occupancy: 3217 K (18240 K)]33.477: [Rescan (parallel) , 0.0603650 secs]33.537: [weak refs processing, 0.0000120 secs]33.537: [scrub string table, 0.0000450 secs] [1 CMS-remark: 586199K(641940K)] 589416K(660180K), 0.0605890 secs] [Times: user=0.10 sys=0.00, real=0.07 secs] 
33.538: [CMS-concurrent-sweep-start]
33.686: [GC 33.687: [ParNew: 18238K->1982K(18240K), 0.0609040 secs] 584771K->570904K(660180K), 0.0610600 secs] [Times: user=0.10 sys=0.00, real=0.06 secs] 
33.885: [GC 33.885: [ParNew: 18238K->1982K(18240K), 0.0812810 secs] 575657K->564037K(660180K), 0.0814230 secs] [Times: user=0.13 sys=0.00, real=0.09 secs] 
34.081: [GC 34.081: [ParNew: 18238K->1982K(18240K), 0.1010550 secs] 576743K->566528K(660180K), 0.1012030 secs] [Times: user=0.16 sys=0.00, real=0.10 secs] 
34.314: [GC 34.314: [ParNew: 18238K->1982K(18240K), 0.0942680 secs] 579248K->568762K(660180K), 0.0944170 secs] [Times: user=0.15 sys=0.00, real=0.10 secs] 
34.547: [GC 34.547: [ParNew: 18238K->1982K(18240K), 0.0716690 secs] 577405K->565821K(660180K), 0.0718020 secs] [Times: user=0.12 sys=0.00, real=0.07 secs] 
34.753: [GC 34.753: [ParNew: 18238K->1982K(18240K), 0.0882810 secs] 580321K->570264K(660180K), 0.0884250 secs] [Times: user=0.15 sys=0.00, real=0.09 secs] 
34.984: [GC 34.984: [ParNew: 18238K->1982K(18240K), 0.0764920 secs] 586520K->575665K(660180K), 0.0766350 secs] [Times: user=0.13 sys=0.00, real=0.08 secs] 
35.174: [GC 35.174: [ParNew: 18238K->1982K(18240K), 0.0849600 secs] 591921K->582701K(660180K), 0.0851010 secs] [Times: user=0.14 sys=0.00, real=0.09 secs] 
35.265: [CMS-concurrent-sweep: 1.068/1.728 secs] [Times: user=2.78 sys=0.24, real=1.73 secs] 
35.282: [CMS-concurrent-reset-start]
35.304: [CMS-concurrent-reset: 0.022/0.022 secs] [Times: user=0.03 sys=0.01, real=0.02 secs] 
35.371: [GC 35.371: [ParNew: 18238K->1982K(18240K), 0.0901100 secs] 598957K->589630K(820672K), 0.0902680 secs] [Times: user=0.16 sys=0.00, real=0.09 secs] 
35.462: [GC [1 CMS-initial-mark: 587647K(802432K)] 589729K(820672K), 0.0062500 secs] [Times: user=0.00 sys=0.00, real=0.01 secs] 
35.469: [CMS-concurrent-mark-start]
35.601: [GC 35.601: [ParNew: 17307K->1982K(18240K), 0.0872310 secs] 604954K->595005K(820672K), 0.0873940 secs] [Times: user=0.14 sys=0.01, real=0.09 secs] 
35.799: [GC 35.799: [ParNew: 18238K->1982K(18240K), 0.0833950 secs] 611261K->601925K(820672K), 0.0835600 secs] [Times: user=0.14 sys=0.00, real=0.08 secs] 
36.021: [GC 36.021: [ParNew: 18238K->1982K(18240K), 0.0864900 secs] 618181K->607860K(820672K), 0.0866580 secs] [Times: user=0.14 sys=0.01, real=0.09 secs] 
36.250: [GC 36.250: [ParNew: 18238K->1984K(18240K), 0.0840790 secs] 624116K->613671K(820672K), 0.0842340 secs] [Times: user=0.14 sys=0.01, real=0.08 secs] 
36.481: [GC 36.481: [ParNew: 18240K->1983K(18240K), 0.0936280 secs] 629927K->619833K(820672K), 0.0938200 secs] [Times: user=0.17 sys=0.00, real=0.09 secs] 
36.687: [GC 36.687: [ParNew: 18239K->1983K(18240K), 0.0787860 secs] 636089K->627041K(820672K), 0.0789420 secs] [Times: user=0.14 sys=0.01, real=0.08 secs] 
36.910: [GC 36.910: [ParNew: 18239K->1983K(18240K), 0.0834290 secs] 643297K->631779K(820672K), 0.0835790 secs] [Times: user=0.14 sys=0.01, real=0.08 secs] 
37.136: [GC 37.136: [ParNew: 18239K->1983K(18240K), 0.0924350 secs] 648035K->638891K(820672K), 0.0926030 secs] [Times: user=0.15 sys=0.02, real=0.10 secs] 
37.375: [GC 37.375: [ParNew: 18239K->1983K(18240K), 0.0718750 secs] 655147K->642863K(820672K), 0.0720430 secs] [Times: user=0.13 sys=0.00, real=0.08 secs] 
37.621: [GC 37.621: [ParNew: 18239K->1983K(18240K), 0.1210610 secs] 659119K->645273K(820672K), 0.1212000 secs] [Times: user=0.10 sys=0.01, real=0.12 secs] 
37.901: [GC 37.901: [ParNew: 18239K->1983K(18240K), 0.0705880 secs] 661529K->648320K(820672K), 0.0707410 secs] [Times: user=0.12 sys=0.00, real=0.07 secs] 
38.130: [GC 38.130: [ParNew: 18239K->1983K(18240K), 0.0585990 secs] 664576K->650697K(820672K), 0.0587360 secs] [Times: user=0.09 sys=0.00, real=0.06 secs] 
38.348: [GC 38.348: [ParNew: 18239K->1982K(18240K), 0.0646860 secs] 666953K->653076K(820672K), 0.0648300 secs] [Times: user=0.11 sys=0.00, real=0.06 secs] 
38.580: [GC 38.580: [ParNew: 18238K->1982K(18240K), 0.0649180 secs] 669332K->655456K(820672K), 0.0650580 secs] [Times: user=0.11 sys=0.01, real=0.07 secs] 
38.813: [GC 38.813: [ParNew: 18238K->1982K(18240K), 0.0681640 secs] 671712K->657826K(820672K), 0.0683290 secs] [Times: user=0.12 sys=0.00, real=0.07 secs] 
39.060: [GC 39.060: [ParNew: 18238K->1982K(18240K), 0.0679090 secs] 674082K->660201K(820672K), 0.0680510 secs] [Times: user=0.12 sys=0.00, real=0.07 secs] 
39.291: [GC 39.291: [ParNew: 18238K->1982K(18240K), 0.0651730 secs] 676457K->662799K(820672K), 0.0653150 secs] [Times: user=0.12 sys=0.00, real=0.06 secs] 
39.496: [GC 39.496: [ParNew: 18238K->1982K(18240K), 0.0983610 secs] 679055K->669007K(820672K), 0.0988000 secs] [Times: user=0.14 sys=0.01, real=0.10 secs] 
39.735: [GC 39.735: [ParNew: 18238K->1982K(18240K), 0.0784220 secs] 685263K->674307K(820672K), 0.0785740 secs] [Times: user=0.14 sys=0.00, real=0.08 secs] 
39.942: [GC 39.942: [ParNew: 18238K->1982K(18240K), 0.0757460 secs] 690563K->679171K(820672K), 0.0758960 secs] [Times: user=0.12 sys=0.01, real=0.08 secs] 
40.149: [GC 40.149: [ParNew: 18238K->1982K(18240K), 0.0915590 secs] 695427K->685076K(820672K), 0.0917080 secs] [Times: user=0.14 sys=0.01, real=0.09 secs] 
40.373: [GC 40.373: [ParNew: 18238K->1982K(18240K), 0.1166550 secs] 701332K->691662K(820672K), 0.1168070 secs] [Times: user=0.15 sys=0.00, real=0.12 secs] 
40.633: [GC 40.633: [ParNew: 17786K->1982K(18240K), 0.0866280 secs] 707466K->696880K(820672K), 0.0868030 secs] [Times: user=0.14 sys=0.01, real=0.09 secs] 
40.848: [GC 40.848: [ParNew: 18238K->1982K(18240K), 0.0778110 secs] 713136K->703084K(820672K), 0.0779700 secs] [Times: user=0.13 sys=0.00, real=0.08 secs] 
41.060: [GC 41.060: [ParNew: 18238K->1982K(18240K), 0.0892060 secs] 719340K->708583K(820672K), 0.0893690 secs] [Times: user=0.16 sys=0.00, real=0.09 secs] 
41.271: [GC 41.271: [ParNew: 17139K->1982K(18240K), 0.0812180 secs] 723741K->714309K(820672K), 0.0813740 secs] [Times: user=0.14 sys=0.01, real=0.08 secs] 
41.484: [GC 41.484: [ParNew: 18238K->1982K(18240K), 0.1061070 secs] 730565K->721176K(820672K), 0.1062700 secs] [Times: user=0.14 sys=0.01, real=0.11 secs] 
41.772: [GC 41.772: [ParNew: 18238K->1982K(18240K), 0.0800520 secs] 737432K->725760K(820672K), 0.0802190 secs] [Times: user=0.13 sys=0.01, real=0.08 secs] 
42.015: [GC 42.015: [ParNew: 18238K->1984K(18240K), 0.0846720 secs] 742016K->729703K(820672K), 0.0848430 secs] [Times: user=0.15 sys=0.00, real=0.09 secs] 
42.253: [GC 42.253: [ParNew: 18240K->1983K(18240K), 0.0794600 secs] 745959K->733581K(820672K), 0.0799070 secs] [Times: user=0.13 sys=0.01, real=0.08 secs] 
42.410: [CMS-concurrent-mark: 4.387/6.941 secs] [Times: user=11.01 sys=1.18, real=6.94 secs] 
42.410: [CMS-concurrent-preclean-start]
42.505: [GC 42.505: [ParNew: 18239K->1983K(18240K), 0.0917400 secs] 749837K->738438K(820672K), 0.0919690 secs] [Times: user=0.16 sys=0.00, real=0.09 secs] 
42.746: [GC 42.747: [ParNew: 18239K->1983K(18240K), 0.0770790 secs] 754694K->742382K(820672K), 0.0773280 secs] [Times: user=0.12 sys=0.00, real=0.07 secs] 
42.996: [GC 42.996: [ParNew: 18239K->1983K(18240K), 0.0898880 secs] 758638K->746595K(820672K), 0.0901600 secs] [Times: user=0.16 sys=0.00, real=0.10 secs] 
43.236: [GC 43.236: [ParNew: 18239K->1983K(18240K), 0.0798110 secs] 762851K->752539K(820672K), 0.0799720 secs] [Times: user=0.13 sys=0.01, real=0.08 secs] 
43.475: [GC 43.475: [ParNew: 18239K->1983K(18240K), 0.0783010 secs] 768795K->756471K(820672K), 0.0787550 secs] [Times: user=0.12 sys=0.01, real=0.08 secs] 
43.708: [GC 43.708: [ParNew: 18239K->1983K(18240K), 0.1067940 secs] 772727K->761245K(820672K), 0.1069490 secs] [Times: user=0.13 sys=0.01, real=0.10 secs] 
43.954: [GC 43.954: [ParNew: 18239K->1982K(18240K), 0.0871860 secs] 777501K->765736K(820672K), 0.0873490 secs] [Times: user=0.14 sys=0.00, real=0.09 secs] 
44.201: [GC 44.201: [ParNew: 18238K->1982K(18240K), 0.0944600 secs] 781992K->771301K(820672K), 0.0946270 secs] [Times: user=0.15 sys=0.00, real=0.09 secs] 
44.487: [GC 44.487: [ParNew: 18238K->1982K(18240K), 0.0898330 secs] 787557K->776026K(820672K), 0.0900210 secs] [Times: user=0.15 sys=0.00, real=0.09 secs] 
44.759: [GC 44.759: [ParNew: 18238K->1982K(18240K), 0.0613400 secs] 792282K->778616K(820672K), 0.0614810 secs] [Times: user=0.12 sys=0.00, real=0.06 secs] 
44.981: [GC 44.981: [ParNew: 18238K->1982K(18240K), 0.0607800 secs] 794872K->780995K(820672K), 0.0609210 secs] [Times: user=0.11 sys=0.00, real=0.06 secs] 
45.198: [GC 45.198: [ParNew: 18238K->1984K(18240K), 0.0699740 secs] 797251K->783444K(820672K), 0.0701290 secs] [Times: user=0.11 sys=0.00, real=0.07 secs] 
45.422: [GC 45.422: [ParNew: 18240K->1984K(18240K), 0.0651670 secs] 799700K->785750K(820672K), 0.0655140 secs] [Times: user=0.11 sys=0.00, real=0.07 secs] 
45.648: [GC 45.648: [ParNew: 18240K->1984K(18240K), 0.0628650 secs] 802006K->788128K(820672K), 0.0630090 secs] [Times: user=0.10 sys=0.01, real=0.06 secs] 
45.866: [GC 45.866: [ParNew: 18240K->1984K(18240K), 0.0628170 secs] 804384K->790498K(820672K), 0.0629560 secs] [Times: user=0.12 sys=0.00, real=0.06 secs] 
46.080: [GC 46.081: [ParNew: 18240K->1982K(18240K), 0.0747920 secs] 806754K->792890K(820672K), 0.0754080 secs] [Times: user=0.12 sys=0.00, real=0.07 secs] 
46.159: [CMS-concurrent-preclean: 1.938/3.749 secs] [Times: user=6.02 sys=0.62, real=3.75 secs] 
46.159: [GC[YG occupancy: 2142 K (18240 K)]46.159: [Rescan (parallel) , 0.0716240 secs]46.231: [weak refs processing, 0.0000120 secs]46.231: [scrub string table, 0.0002350 secs] [1 CMS-remark: 790907K(802432K)] 793050K(820672K), 0.0720440 secs] [Times: user=0.11 sys=0.00, real=0.07 secs] 
46.232: [CMS-concurrent-sweep-start]
46.395: [GC 46.395: [ParNew: 18238K->1984K(18240K), 0.0608210 secs] 780168K->766277K(820672K), 0.0610710 secs] [Times: user=0.11 sys=0.00, real=0.06 secs] 
46.585: [GC 46.586: [ParNew: 18240K->1982K(18240K), 0.0907910 secs] 774945K->765266K(820672K), 0.0909430 secs] [Times: user=0.15 sys=0.00, real=0.08 secs] 
46.811: [GC 46.811: [ParNew: 18238K->1982K(18240K), 0.0955220 secs] 772803K->762629K(820672K), 0.0960260 secs] [Times: user=0.16 sys=0.00, real=0.10 secs] 
47.042: [GC 47.043: [ParNew: 18238K->1982K(18240K), 0.0823090 secs] 770505K->759137K(820672K), 0.0824590 secs] [Times: user=0.15 sys=0.00, real=0.09 secs] 
47.254: [GC 47.254: [ParNew: 18238K->1982K(18240K), 0.0803780 secs] 772661K->762543K(820672K), 0.0805230 secs] [Times: user=0.14 sys=0.00, real=0.08 secs] 
47.462: [GC 47.462: [ParNew: 18238K->1982K(18240K), 0.0873350 secs] 777015K->766401K(820672K), 0.0874800 secs] [Times: user=0.15 sys=0.00, real=0.09 secs] 
47.683: [GC 47.683: [ParNew: 18238K->1982K(18240K), 0.0843240 secs] 771288K->760759K(820672K), 0.0844660 secs] [Times: user=0.14 sys=0.00, real=0.09 secs] 
47.902: [GC 47.903: [ParNew: 18238K->1982K(18240K), 0.0895000 secs] 776821K->766270K(820672K), 0.0896430 secs] [Times: user=0.16 sys=0.00, real=0.09 secs] 
48.123: [GC 48.123: [ParNew: 18238K->1982K(18240K), 0.0981980 secs] 782526K->772682K(820672K), 0.0983400 secs] [Times: user=0.17 sys=0.00, real=0.10 secs] 
48.288: [CMS-concurrent-sweep: 1.281/2.057 secs] [Times: user=3.38 sys=0.30, real=2.06 secs] 
48.288: [CMS-concurrent-reset-start]
48.312: [CMS-concurrent-reset: 0.024/0.024 secs] [Times: user=0.03 sys=0.00, real=0.02 secs] 
48.339: [GC 48.339: [ParNew: 18238K->1982K(18240K), 0.0843510 secs] 788938K->779281K(820672K), 0.0844860 secs] [Times: user=0.14 sys=0.00, real=0.08 secs] 
48.433: [GC [1 CMS-initial-mark: 777299K(802432K)] 780787K(820672K), 0.0080010 secs] [Times: user=0.01 sys=0.00, real=0.01 secs] 
48.443: [CMS-concurrent-mark-start]
48.567: [GC 48.567: [ParNew: 18238K->1982K(18240K), 0.0870800 secs] 795537K->784705K(820672K), 0.0872290 secs] [Times: user=0.14 sys=0.00, real=0.08 secs] 
48.779: [GC 48.779: [ParNew: 18238K->1984K(18240K), 0.0901010 secs] 800961K->790673K(820672K), 0.0905800 secs] [Times: user=0.16 sys=0.00, real=0.09 secs] 
48.994: [GC 48.994: [ParNew: 18240K->1983K(18240K), 0.0837410 secs] 806929K->796077K(820672K), 0.0839040 secs] [Times: user=0.14 sys=0.00, real=0.09 secs] 
49.195: [GC 49.195: [ParNew: 18239K->1983K(18240K), 0.0777490 secs] 812333K->801874K(820672K), 0.0778920 secs] [Times: user=0.13 sys=0.01, real=0.08 secs] 
49.384: [GC 49.384: [ParNew: 18239K->18239K(18240K), 0.0002650 secs]49.384: [CMS51.622: [CMS-concurrent-mark: 2.830/3.179 secs] [Times: user=3.78 sys=0.14, real=3.18 secs] 
 (concurrent mode failure): 799891K->655933K(802432K), 6.9078190 secs] 818130K->655933K(820672K), [CMS Perm : 3412K->3410K(21248K)], 6.9088450 secs] [Times: user=6.81 sys=0.02, real=6.91 secs] 
57.682: [GC 57.682: [ParNew: 136320K->17024K(153344K), 0.2731950 secs] 792253K->689224K(955776K), 0.2734300 secs] [Times: user=0.46 sys=0.01, real=0.27 secs] 
58.946: [GC 58.946: [ParNew: 153344K->17024K(153344K), 0.4131730 secs] 825544K->739116K(955776K), 0.4133390 secs] [Times: user=0.72 sys=0.02, real=0.41 secs] 
59.372: [GC [1 CMS-initial-mark: 722092K(802432K)] 741179K(955776K), 0.0476220 secs] [Times: user=0.05 sys=0.00, real=0.05 secs] 
59.450: [CMS-concurrent-mark-start]
60.366: [GC 60.366: [ParNew: 153344K->17024K(153344K), 0.4731100 secs] 875436K->789000K(955776K), 0.4732840 secs] [Times: user=0.84 sys=0.01, real=0.47 secs] 
62.051: [GC 62.051: [ParNew: 153344K->153344K(153344K), 0.0002620 secs]62.051: [CMS63.386: [CMS-concurrent-mark: 3.459/3.937 secs] [Times: user=5.51 sys=0.64, real=3.94 secs] 
 (concurrent mode failure): 771976K->764068K(802432K), 6.5851920 secs] 925320K->764068K(955776K), [CMS Perm : 3410K->3410K(21248K)], 6.5856400 secs] [Times: user=6.54 sys=0.03, real=6.59 secs] 
68.665: [GC [1 CMS-initial-mark: 764068K(802432K)] 769072K(955776K), 0.0081730 secs] [Times: user=0.01 sys=0.00, real=0.01 secs] 
68.674: [CMS-concurrent-mark-start]
69.634: [GC 69.634: [ParNew: 136320K->136320K(153344K), 0.0002810 secs]69.634: [CMS71.995: [CMS-concurrent-mark: 3.320/3.321 secs] [Times: user=3.89 sys=0.25, real=3.32 secs] 
 (concurrent mode failure): 764068K->802432K(802432K), 7.7801020 secs] 900388K->802818K(955776K), [CMS Perm : 3410K->3410K(21248K)], 7.7805760 secs] [Times: user=7.73 sys=0.02, real=7.78 secs] 
78.594: [Full GC 78.594: [CMS: 802432K->802431K(802432K), 5.8249970 secs] 955775K->844193K(955776K), [CMS Perm : 3410K->3410K(21248K)], 5.8251960 secs] [Times: user=5.74 sys=0.01, real=5.82 secs] 
84.419: [GC [1 CMS-initial-mark: 802431K(802432K)] 844744K(955776K), 0.1212440 secs] [Times: user=0.12 sys=0.00, real=0.12 secs] 
84.541: [CMS-concurrent-mark-start]
85.675: [Full GC 85.675: [CMS88.259: [CMS-concurrent-mark: 3.717/3.718 secs] [Times: user=4.05 sys=0.23, real=3.72 secs] 
 (concurrent mode failure): 802432K->802431K(802432K), 8.5406000 secs] 955776K->870976K(955776K), [CMS Perm : 3410K->3410K(21248K)], 8.5410470 secs] [Times: user=8.48 sys=0.01, real=8.54 secs] 
Heap
 par new generation   total 153344K, used 71808K [0x00000000ba400000, 0x00000000c4a60000, 0x00000000c4a60000)
  eden space 136320K,  52% used [0x00000000ba400000, 0x00000000bea20240, 0x00000000c2920000)
  from space 17024K,   0% used [0x00000000c39c0000, 0x00000000c39c0000, 0x00000000c4a60000)
  to   space 17024K,   0% used [0x00000000c2920000, 0x00000000c2920000, 0x00000000c39c0000)
 concurrent mark-sweep generation total 802432K, used 802431K [0x00000000c4a60000, 0x00000000f5a00000, 0x00000000f5a00000)
 concurrent-mark-sweep perm gen total 21248K, used 3420K [0x00000000f5a00000, 0x00000000f6ec0000, 0x0000000100000000)
