0.777: [Full GC (System.gc()) 17M->3758K(13M), 0.0233460 secs]
   [Eden: 18.0M(24.0M)->0.0B(5120.0K) Survivors: 0.0B->0.0B Heap: 17.2M(256.0M)->3758.6K(13.0M)]
 [Times: user=0.02 sys=0.01, real=0.02 secs] 
0.800: [Full GC (System.gc()) 3779K->3758K(13M), 0.0140100 secs]
   [Eden: 1024.0K(5120.0K)->0.0B(5120.0K) Survivors: 0.0B->0.0B Heap: 3779.1K(13.0M)->3758.7K(13.0M)]
 [Times: user=0.02 sys=0.00, real=0.02 secs] 
7.203: [GC pause (G1 Evacuation Pause) (young), 0.0024360 secs]
   [Parallel Time: 2.1 ms, GC Workers: 8]
      [GC Worker Start (ms): Min: 7203.2, Avg: 7203.3, Max: 7203.4, Diff: 0.3]
      [Ext Root Scanning (ms): Min: 0.7, Avg: 1.1, Max: 2.0, Diff: 1.3, Sum: 8.5]
      [Update RS (ms): Min: 0.0, Avg: 0.1, Max: 0.3, Diff: 0.3, Sum: 0.6]
         [Processed Buffers: Min: 0, Avg: 1.1, Max: 6, Diff: 6, Sum: 9]
      [Scan RS (ms): Min: 0.0, Avg: 0.0, Max: 0.0, Diff: 0.0, Sum: 0.0]
      [Object Copy (ms): Min: 0.0, Avg: 0.6, Max: 0.9, Diff: 0.8, Sum: 5.1]
      [Termination (ms): Min: 0.0, Avg: 0.1, Max: 0.1, Diff: 0.1, Sum: 0.7]
      [GC Worker Other (ms): Min: 0.0, Avg: 0.0, Max: 0.1, Diff: 0.0, Sum: 0.2]
      [GC Worker Total (ms): Min: 1.8, Avg: 1.9, Max: 2.0, Diff: 0.2, Sum: 15.2]
      [GC Worker End (ms): Min: 7205.2, Avg: 7205.2, Max: 7205.2, Diff: 0.0]
   [Code Root Fixup: 0.0 ms]
   [Clear CT: 0.1 ms]
   [Other: 0.3 ms]
      [Choose CSet: 0.0 ms]
      [Ref Proc: 0.2 ms]
      [Ref Enq: 0.0 ms]
      [Free CSet: 0.0 ms]
   [Eden: 5120.0K(5120.0K)->0.0B(3072.0K) Survivors: 0.0B->1024.0K Heap: 8878.7K(13.0M)->5628.7K(13.0M)]
 [Times: user=0.02 sys=0.00, real=0.00 secs] 
7.241: [GC pause (G1 Evacuation Pause) (young), 0.0028580 secs]
   [Parallel Time: 2.5 ms, GC Workers: 8]
      [GC Worker Start (ms): Min: 7241.0, Avg: 7241.6, Max: 7242.8, Diff: 1.8]
      [Ext Root Scanning (ms): Min: 0.0, Avg: 0.5, Max: 0.9, Diff: 0.9, Sum: 4.3]
      [Update RS (ms): Min: 0.0, Avg: 0.2, Max: 0.4, Diff: 0.4, Sum: 1.7]
         [Processed Buffers: Min: 0, Avg: 1.8, Max: 5, Diff: 5, Sum: 14]
      [Scan RS (ms): Min: 0.0, Avg: 0.0, Max: 0.0, Diff: 0.0, Sum: 0.0]
      [Object Copy (ms): Min: 0.6, Avg: 1.1, Max: 1.3, Diff: 0.7, Sum: 8.4]
      [Termination (ms): Min: 0.0, Avg: 0.0, Max: 0.0, Diff: 0.0, Sum: 0.0]
      [GC Worker Other (ms): Min: 0.0, Avg: 0.0, Max: 0.0, Diff: 0.0, Sum: 0.2]
      [GC Worker Total (ms): Min: 0.6, Avg: 1.8, Max: 2.4, Diff: 1.8, Sum: 14.6]
      [GC Worker End (ms): Min: 7243.4, Avg: 7243.4, Max: 7243.5, Diff: 0.0]
   [Code Root Fixup: 0.0 ms]
   [Clear CT: 0.1 ms]
   [Other: 0.2 ms]
      [Choose CSet: 0.0 ms]
      [Ref Proc: 0.2 ms]
      [Ref Enq: 0.0 ms]
      [Free CSet: 0.0 ms]
   [Eden: 3072.0K(3072.0K)->0.0B(1024.0K) Survivors: 1024.0K->1024.0K Heap: 8700.7K(13.0M)->7353.5K(13.0M)]
 [Times: user=0.02 sys=0.00, real=0.01 secs] 
7.254: [GC pause (G1 Evacuation Pause) (young) (initial-mark), 0.0027450 secs]
   [Parallel Time: 2.5 ms, GC Workers: 8]
      [GC Worker Start (ms): Min: 7253.7, Avg: 7254.6, Max: 7256.1, Diff: 2.4]
      [Ext Root Scanning (ms): Min: 0.0, Avg: 0.4, Max: 0.7, Diff: 0.7, Sum: 2.8]
      [Update RS (ms): Min: 0.0, Avg: 0.3, Max: 0.7, Diff: 0.7, Sum: 2.5]
         [Processed Buffers: Min: 0, Avg: 1.6, Max: 4, Diff: 4, Sum: 13]
      [Scan RS (ms): Min: 0.0, Avg: 0.1, Max: 0.2, Diff: 0.2, Sum: 0.6]
      [Object Copy (ms): Min: 0.0, Avg: 0.7, Max: 1.1, Diff: 1.1, Sum: 5.8]
      [Termination (ms): Min: 0.0, Avg: 0.1, Max: 0.1, Diff: 0.1, Sum: 0.6]
      [GC Worker Other (ms): Min: 0.0, Avg: 0.0, Max: 0.0, Diff: 0.0, Sum: 0.0]
      [GC Worker Total (ms): Min: 0.0, Avg: 1.5, Max: 2.4, Diff: 2.4, Sum: 12.4]
      [GC Worker End (ms): Min: 7256.1, Avg: 7256.1, Max: 7256.1, Diff: 0.0]
   [Code Root Fixup: 0.0 ms]
   [Clear CT: 0.1 ms]
   [Other: 0.2 ms]
      [Choose CSet: 0.0 ms]
      [Ref Proc: 0.2 ms]
      [Ref Enq: 0.0 ms]
      [Free CSet: 0.0 ms]
   [Eden: 1024.0K(1024.0K)->0.0B(1024.0K) Survivors: 1024.0K->1024.0K Heap: 8377.5K(13.0M)->8061.5K(13.0M)]
 [Times: user=0.01 sys=0.00, real=0.00 secs] 
7.257: [GC concurrent-root-region-scan-start]
7.257: [GC concurrent-root-region-scan-end, 0.0005090 secs]
7.257: [GC concurrent-mark-start]
7.262: [GC concurrent-mark-end, 0.0049460 secs]
7.262: [GC remark 7.262: [GC ref-proc, 0.0000520 secs], 0.0012030 secs]
 [Times: user=0.00 sys=0.00, real=0.01 secs] 
7.263: [GC cleanup 8598K->8598K(13M), 0.0004570 secs]
 [Times: user=0.00 sys=0.00, real=0.00 secs] 
7.268: [GC pause (G1 Evacuation Pause) (young), 0.0019660 secs]
   [Parallel Time: 1.7 ms, GC Workers: 8]
      [GC Worker Start (ms): Min: 7268.2, Avg: 7268.5, Max: 7269.8, Diff: 1.6]
      [Ext Root Scanning (ms): Min: 0.0, Avg: 0.4, Max: 0.7, Diff: 0.6, Sum: 3.6]
      [Update RS (ms): Min: 0.0, Avg: 0.4, Max: 0.7, Diff: 0.7, Sum: 3.5]
         [Processed Buffers: Min: 0, Avg: 2.4, Max: 5, Diff: 5, Sum: 19]
      [Scan RS (ms): Min: 0.0, Avg: 0.0, Max: 0.0, Diff: 0.0, Sum: 0.0]
      [Object Copy (ms): Min: 0.0, Avg: 0.4, Max: 0.5, Diff: 0.5, Sum: 3.0]
      [Termination (ms): Min: 0.0, Avg: 0.1, Max: 0.1, Diff: 0.1, Sum: 0.6]
      [GC Worker Other (ms): Min: 0.0, Avg: 0.0, Max: 0.0, Diff: 0.0, Sum: 0.2]
      [GC Worker Total (ms): Min: 0.0, Avg: 1.4, Max: 1.6, Diff: 1.6, Sum: 10.9]
      [GC Worker End (ms): Min: 7269.8, Avg: 7269.9, Max: 7269.9, Diff: 0.0]
   [Code Root Fixup: 0.0 ms]
   [Clear CT: 0.1 ms]
   [Other: 0.2 ms]
      [Choose CSet: 0.0 ms]
      [Ref Proc: 0.2 ms]
      [Ref Enq: 0.0 ms]
      [Free CSet: 0.0 ms]
   [Eden: 1024.0K(1024.0K)->0.0B(1024.0K) Survivors: 1024.0K->1024.0K Heap: 9085.5K(13.0M)->8051.5K(13.0M)]
 [Times: user=0.01 sys=0.00, real=0.00 secs] 
7.277: [GC pause (G1 Evacuation Pause) (mixed), 0.0030890 secs]
   [Parallel Time: 2.7 ms, GC Workers: 8]
      [GC Worker Start (ms): Min: 7277.3, Avg: 7278.1, Max: 7279.9, Diff: 2.6]
      [Ext Root Scanning (ms): Min: 0.0, Avg: 0.5, Max: 0.9, Diff: 0.9, Sum: 3.7]
      [Update RS (ms): Min: 0.0, Avg: 0.3, Max: 0.6, Diff: 0.6, Sum: 2.4]
         [Processed Buffers: Min: 0, Avg: 1.5, Max: 3, Diff: 3, Sum: 12]
      [Scan RS (ms): Min: 0.0, Avg: 0.0, Max: 0.1, Diff: 0.1, Sum: 0.4]
      [Object Copy (ms): Min: 0.0, Avg: 0.9, Max: 1.3, Diff: 1.3, Sum: 7.4]
      [Termination (ms): Min: 0.0, Avg: 0.1, Max: 0.1, Diff: 0.1, Sum: 0.5]
      [GC Worker Other (ms): Min: 0.0, Avg: 0.0, Max: 0.0, Diff: 0.0, Sum: 0.1]
      [GC Worker Total (ms): Min: 0.0, Avg: 1.8, Max: 2.7, Diff: 2.7, Sum: 14.5]
      [GC Worker End (ms): Min: 7279.9, Avg: 7280.0, Max: 7280.0, Diff: 0.0]
   [Code Root Fixup: 0.0 ms]
   [Clear CT: 0.2 ms]
   [Other: 0.2 ms]
      [Choose CSet: 0.0 ms]
      [Ref Proc: 0.2 ms]
      [Ref Enq: 0.0 ms]
      [Free CSet: 0.0 ms]
   [Eden: 1024.0K(1024.0K)->0.0B(2048.0K) Survivors: 1024.0K->1024.0K Heap: 9075.5K(13.0M)->7482.5K(13.0M)]
 [Times: user=0.02 sys=0.00, real=0.00 secs] 
7.297: [GC pause (G1 Evacuation Pause) (young), 0.0028920 secs]
   [Parallel Time: 2.6 ms, GC Workers: 8]
      [GC Worker Start (ms): Min: 7297.1, Avg: 7297.7, Max: 7298.7, Diff: 1.6]
      [Ext Root Scanning (ms): Min: 0.0, Avg: 0.4, Max: 0.8, Diff: 0.8, Sum: 3.5]
      [Update RS (ms): Min: 0.0, Avg: 0.5, Max: 0.9, Diff: 0.9, Sum: 4.4]
         [Processed Buffers: Min: 0, Avg: 2.1, Max: 5, Diff: 5, Sum: 17]
      [Scan RS (ms): Min: 0.0, Avg: 0.1, Max: 0.2, Diff: 0.2, Sum: 0.8]
      [Object Copy (ms): Min: 0.7, Avg: 0.9, Max: 1.0, Diff: 0.2, Sum: 6.9]
      [Termination (ms): Min: 0.0, Avg: 0.0, Max: 0.1, Diff: 0.1, Sum: 0.3]
      [GC Worker Other (ms): Min: 0.0, Avg: 0.0, Max: 0.0, Diff: 0.0, Sum: 0.1]
      [GC Worker Total (ms): Min: 1.0, Avg: 2.0, Max: 2.6, Diff: 1.6, Sum: 15.9]
      [GC Worker End (ms): Min: 7299.7, Avg: 7299.7, Max: 7299.7, Diff: 0.0]
   [Code Root Fixup: 0.0 ms]
   [Clear CT: 0.1 ms]
   [Other: 0.2 ms]
      [Choose CSet: 0.0 ms]
      [Ref Proc: 0.1 ms]
      [Ref Enq: 0.0 ms]
      [Free CSet: 0.0 ms]
   [Eden: 2048.0K(2048.0K)->0.0B(1024.0K) Survivors: 1024.0K->1024.0K Heap: 9530.5K(13.0M)->8731.6K(13.0M)]
 [Times: user=0.02 sys=0.00, real=0.00 secs] 
7.310: [GC pause (G1 Evacuation Pause) (young) (initial-mark), 0.0030490 secs]
   [Parallel Time: 2.7 ms, GC Workers: 8]
      [GC Worker Start (ms): Min: 7309.6, Avg: 7310.3, Max: 7312.3, Diff: 2.6]
      [Ext Root Scanning (ms): Min: 0.0, Avg: 0.5, Max: 0.7, Diff: 0.7, Sum: 4.0]
      [Update RS (ms): Min: 0.0, Avg: 0.6, Max: 1.0, Diff: 1.0, Sum: 4.8]
         [Processed Buffers: Min: 0, Avg: 2.2, Max: 4, Diff: 4, Sum: 18]
      [Scan RS (ms): Min: 0.0, Avg: 0.0, Max: 0.0, Diff: 0.0, Sum: 0.0]
      [Object Copy (ms): Min: 0.0, Avg: 0.8, Max: 1.1, Diff: 1.1, Sum: 6.3]
      [Termination (ms): Min: 0.0, Avg: 0.1, Max: 0.1, Diff: 0.1, Sum: 0.6]
      [GC Worker Other (ms): Min: 0.0, Avg: 0.0, Max: 0.0, Diff: 0.0, Sum: 0.0]
      [GC Worker Total (ms): Min: 0.0, Avg: 2.0, Max: 2.6, Diff: 2.6, Sum: 15.8]
      [GC Worker End (ms): Min: 7312.3, Avg: 7312.3, Max: 7312.3, Diff: 0.0]
   [Code Root Fixup: 0.0 ms]
   [Clear CT: 0.1 ms]
   [Other: 0.2 ms]
      [Choose CSet: 0.0 ms]
      [Ref Proc: 0.2 ms]
      [Ref Enq: 0.0 ms]
      [Free CSet: 0.0 ms]
   [Eden: 1024.0K(1024.0K)->0.0B(1024.0K) Survivors: 1024.0K->1024.0K Heap: 9755.6K(13.0M)->9396.6K(13.0M)]
 [Times: user=0.02 sys=0.00, real=0.00 secs] 
7.313: [GC concurrent-root-region-scan-start]
7.313: [GC concurrent-root-region-scan-end, 0.0006630 secs]
7.313: [GC concurrent-mark-start]
7.320: [GC concurrent-mark-end, 0.0065170 secs]
7.320: [GC remark 7.321: [GC ref-proc, 0.0000530 secs], 0.0013870 secs]
 [Times: user=0.00 sys=0.00, real=0.00 secs] 
7.322: [GC cleanup 10036K->10036K(13M), 0.0004900 secs]
 [Times: user=0.00 sys=0.00, real=0.00 secs] 
7.328: [GC pause (G1 Evacuation Pause) (young), 0.0023330 secs]
   [Parallel Time: 2.0 ms, GC Workers: 8]
      [GC Worker Start (ms): Min: 7327.7, Avg: 7327.8, Max: 7328.0, Diff: 0.3]
      [Ext Root Scanning (ms): Min: 0.3, Avg: 0.5, Max: 0.7, Diff: 0.4, Sum: 4.2]
      [Update RS (ms): Min: 0.7, Avg: 0.8, Max: 1.0, Diff: 0.3, Sum: 6.5]
         [Processed Buffers: Min: 2, Avg: 2.6, Max: 4, Diff: 2, Sum: 21]
      [Scan RS (ms): Min: 0.0, Avg: 0.0, Max: 0.0, Diff: 0.0, Sum: 0.0]
      [Object Copy (ms): Min: 0.2, Avg: 0.4, Max: 0.5, Diff: 0.3, Sum: 3.5]
      [Termination (ms): Min: 0.0, Avg: 0.0, Max: 0.0, Diff: 0.0, Sum: 0.0]
      [GC Worker Other (ms): Min: 0.0, Avg: 0.1, Max: 0.1, Diff: 0.1, Sum: 0.7]
      [GC Worker Total (ms): Min: 1.7, Avg: 1.9, Max: 2.0, Diff: 0.3, Sum: 14.9]
      [GC Worker End (ms): Min: 7329.6, Avg: 7329.7, Max: 7329.7, Diff: 0.1]
   [Code Root Fixup: 0.0 ms]
   [Clear CT: 0.1 ms]
   [Other: 0.2 ms]
      [Choose CSet: 0.0 ms]
      [Ref Proc: 0.1 ms]
      [Ref Enq: 0.0 ms]
      [Free CSet: 0.0 ms]
   [Eden: 1024.0K(1024.0K)->0.0B(1024.0K) Survivors: 1024.0K->1024.0K Heap: 10.2M(13.0M)->9581.7K(13.0M)]
 [Times: user=0.01 sys=0.00, real=0.00 secs] 
7.336: [GC pause (G1 Evacuation Pause) (mixed), 0.0031180 secs]
   [Parallel Time: 2.8 ms, GC Workers: 8]
      [GC Worker Start (ms): Min: 7335.8, Avg: 7336.6, Max: 7338.5, Diff: 2.7]
      [Ext Root Scanning (ms): Min: 0.0, Avg: 0.4, Max: 0.8, Diff: 0.8, Sum: 3.4]
      [Update RS (ms): Min: 0.0, Avg: 0.5, Max: 0.9, Diff: 0.9, Sum: 3.8]
         [Processed Buffers: Min: 0, Avg: 2.0, Max: 4, Diff: 4, Sum: 16]
      [Scan RS (ms): Min: 0.0, Avg: 0.1, Max: 0.2, Diff: 0.2, Sum: 0.5]
      [Object Copy (ms): Min: 0.0, Avg: 0.9, Max: 1.1, Diff: 1.1, Sum: 6.8]
      [Termination (ms): Min: 0.0, Avg: 0.1, Max: 0.1, Diff: 0.1, Sum: 0.7]
      [GC Worker Other (ms): Min: 0.0, Avg: 0.0, Max: 0.0, Diff: 0.0, Sum: 0.1]
      [GC Worker Total (ms): Min: 0.0, Avg: 1.9, Max: 2.8, Diff: 2.8, Sum: 15.3]
      [GC Worker End (ms): Min: 7338.5, Avg: 7338.6, Max: 7338.6, Diff: 0.0]
   [Code Root Fixup: 0.0 ms]
   [Clear CT: 0.1 ms]
   [Other: 0.2 ms]
      [Choose CSet: 0.0 ms]
      [Ref Proc: 0.1 ms]
      [Ref Enq: 0.0 ms]
      [Free CSet: 0.0 ms]
   [Eden: 1024.0K(1024.0K)->0.0B(1024.0K) Survivors: 1024.0K->1024.0K Heap: 10.4M(13.0M)->9541.3K(13.0M)]
 [Times: user=0.01 sys=0.00, real=0.00 secs] 
7.344: [GC pause (G1 Evacuation Pause) (young), 0.0030390 secs]
   [Parallel Time: 2.8 ms, GC Workers: 8]
      [GC Worker Start (ms): Min: 7344.5, Avg: 7345.1, Max: 7347.1, Diff: 2.7]
      [Ext Root Scanning (ms): Min: 0.0, Avg: 0.5, Max: 0.8, Diff: 0.8, Sum: 3.9]
      [Update RS (ms): Min: 0.0, Avg: 0.9, Max: 1.3, Diff: 1.3, Sum: 7.4]
         [Processed Buffers: Min: 0, Avg: 2.8, Max: 4, Diff: 4, Sum: 22]
      [Scan RS (ms): Min: 0.0, Avg: 0.0, Max: 0.0, Diff: 0.0, Sum: 0.0]
      [Object Copy (ms): Min: 0.0, Avg: 0.6, Max: 0.8, Diff: 0.8, Sum: 4.7]
      [Termination (ms): Min: 0.0, Avg: 0.1, Max: 0.1, Diff: 0.1, Sum: 0.7]
      [GC Worker Other (ms): Min: 0.0, Avg: 0.0, Max: 0.0, Diff: 0.0, Sum: 0.2]
      [GC Worker Total (ms): Min: 0.0, Avg: 2.1, Max: 2.7, Diff: 2.7, Sum: 16.8]
      [GC Worker End (ms): Min: 7347.1, Avg: 7347.2, Max: 7347.2, Diff: 0.1]
   [Code Root Fixup: 0.0 ms]
   [Clear CT: 0.1 ms]
   [Other: 0.2 ms]
      [Choose CSet: 0.0 ms]
      [Ref Proc: 0.2 ms]
      [Ref Enq: 0.0 ms]
      [Free CSet: 0.0 ms]
   [Eden: 1024.0K(1024.0K)->0.0B(1024.0K) Survivors: 1024.0K->1024.0K Heap: 10.3M(13.0M)->9964.4K(13.0M)]
 [Times: user=0.02 sys=0.01, real=0.00 secs] 
7.354: [GC pause (G1 Evacuation Pause) (young) (initial-mark), 0.0030700 secs]
   [Parallel Time: 2.8 ms, GC Workers: 8]
      [GC Worker Start (ms): Min: 7353.7, Avg: 7354.7, Max: 7356.4, Diff: 2.7]
      [Ext Root Scanning (ms): Min: 0.0, Avg: 0.4, Max: 0.7, Diff: 0.7, Sum: 3.1]
      [Update RS (ms): Min: 0.0, Avg: 0.6, Max: 1.1, Diff: 1.1, Sum: 4.8]
         [Processed Buffers: Min: 0, Avg: 2.8, Max: 9, Diff: 9, Sum: 22]
      [Scan RS (ms): Min: 0.0, Avg: 0.0, Max: 0.0, Diff: 0.0, Sum: 0.0]
      [Object Copy (ms): Min: 0.0, Avg: 0.6, Max: 1.1, Diff: 1.1, Sum: 4.6]
      [Termination (ms): Min: 0.0, Avg: 0.1, Max: 0.2, Diff: 0.2, Sum: 0.9]
      [GC Worker Other (ms): Min: 0.0, Avg: 0.0, Max: 0.0, Diff: 0.0, Sum: 0.0]
      [GC Worker Total (ms): Min: 0.0, Avg: 1.7, Max: 2.7, Diff: 2.7, Sum: 13.4]
      [GC Worker End (ms): Min: 7356.4, Avg: 7356.4, Max: 7356.4, Diff: 0.0]
   [Code Root Fixup: 0.0 ms]
   [Clear CT: 0.1 ms]
   [Other: 0.2 ms]
      [Choose CSet: 0.0 ms]
      [Ref Proc: 0.2 ms]
      [Ref Enq: 0.0 ms]
      [Free CSet: 0.0 ms]
   [Eden: 1024.0K(1024.0K)->0.0B(1024.0K) Survivors: 1024.0K->1024.0K Heap: 10.7M(13.0M)->10.2M(13.0M)]
 [Times: user=0.02 sys=0.00, real=0.00 secs] 
7.357: [GC concurrent-root-region-scan-start]
7.358: [GC concurrent-root-region-scan-end, 0.0014210 secs]
7.358: [GC concurrent-mark-start]
7.365: [GC pause (G1 Evacuation Pause) (young), 0.0031950 secs]
   [Parallel Time: 2.8 ms, GC Workers: 8]
      [GC Worker Start (ms): Min: 7364.6, Avg: 7365.4, Max: 7367.3, Diff: 2.7]
      [Ext Root Scanning (ms): Min: 0.0, Avg: 0.5, Max: 1.3, Diff: 1.3, Sum: 4.4]
      [SATB Filtering (ms): Min: 0.0, Avg: 0.0, Max: 0.0, Diff: 0.0, Sum: 0.0]
      [Update RS (ms): Min: 0.0, Avg: 0.7, Max: 1.3, Diff: 1.3, Sum: 5.7]
         [Processed Buffers: Min: 0, Avg: 2.4, Max: 5, Diff: 5, Sum: 19]
      [Scan RS (ms): Min: 0.0, Avg: 0.0, Max: 0.0, Diff: 0.0, Sum: 0.0]
      [Object Copy (ms): Min: 0.0, Avg: 0.6, Max: 0.8, Diff: 0.8, Sum: 4.6]
      [Termination (ms): Min: 0.0, Avg: 0.1, Max: 0.1, Diff: 0.1, Sum: 0.7]
      [GC Worker Other (ms): Min: 0.0, Avg: 0.0, Max: 0.0, Diff: 0.0, Sum: 0.1]
      [GC Worker Total (ms): Min: 0.0, Avg: 1.9, Max: 2.8, Diff: 2.8, Sum: 15.5]
      [GC Worker End (ms): Min: 7367.3, Avg: 7367.3, Max: 7367.4, Diff: 0.0]
   [Code Root Fixup: 0.0 ms]
   [Clear CT: 0.1 ms]
   [Other: 0.3 ms]
      [Choose CSet: 0.0 ms]
      [Ref Proc: 0.2 ms]
      [Ref Enq: 0.0 ms]
      [Free CSet: 0.0 ms]
   [Eden: 1024.0K(1024.0K)->0.0B(9216.0K) Survivors: 1024.0K->1024.0K Heap: 11.2M(13.0M)->10.7M(26.0M)]
 [Times: user=0.02 sys=0.00, real=0.00 secs] 
7.371: [GC concurrent-mark-end, 0.0124560 secs]
7.371: [GC remark 7.371: [GC ref-proc, 0.0000740 secs], 0.0012440 secs]
 [Times: user=0.00 sys=0.00, real=0.00 secs] 
7.372: [GC cleanup 11M->11M(26M), 0.0003140 secs]
 [Times: user=0.00 sys=0.00, real=0.00 secs] 
7.401: [GC pause (G1 Evacuation Pause) (young), 0.0052420 secs]
   [Parallel Time: 4.8 ms, GC Workers: 8]
      [GC Worker Start (ms): Min: 7401.4, Avg: 7401.7, Max: 7403.2, Diff: 1.8]
      [Ext Root Scanning (ms): Min: 0.0, Avg: 0.5, Max: 0.6, Diff: 0.6, Sum: 3.6]
      [Update RS (ms): Min: 0.0, Avg: 1.2, Max: 1.5, Diff: 1.5, Sum: 9.6]
         [Processed Buffers: Min: 1, Avg: 3.5, Max: 5, Diff: 4, Sum: 28]
      [Scan RS (ms): Min: 0.0, Avg: 0.0, Max: 0.0, Diff: 0.0, Sum: 0.0]
      [Object Copy (ms): Min: 2.6, Avg: 2.7, Max: 2.9, Diff: 0.3, Sum: 21.8]
      [Termination (ms): Min: 0.0, Avg: 0.1, Max: 0.1, Diff: 0.1, Sum: 0.6]
      [GC Worker Other (ms): Min: 0.0, Avg: 0.0, Max: 0.1, Diff: 0.0, Sum: 0.3]
      [GC Worker Total (ms): Min: 2.9, Avg: 4.5, Max: 4.8, Diff: 1.9, Sum: 35.9]
      [GC Worker End (ms): Min: 7406.1, Avg: 7406.2, Max: 7406.2, Diff: 0.1]
   [Code Root Fixup: 0.0 ms]
   [Clear CT: 0.1 ms]
   [Other: 0.3 ms]
      [Choose CSet: 0.0 ms]
      [Ref Proc: 0.2 ms]
      [Ref Enq: 0.0 ms]
      [Free CSet: 0.0 ms]
   [Eden: 9216.0K(9216.0K)->0.0B(21.0M) Survivors: 1024.0K->2048.0K Heap: 19.7M(26.0M)->13.3M(52.0M)]
 [Times: user=0.03 sys=0.00, real=0.01 secs] 
7.467: [GC pause (G1 Evacuation Pause) (young), 0.0081930 secs]
   [Parallel Time: 7.7 ms, GC Workers: 8]
      [GC Worker Start (ms): Min: 7467.4, Avg: 7467.5, Max: 7468.1, Diff: 0.7]
      [Ext Root Scanning (ms): Min: 0.0, Avg: 0.5, Max: 0.8, Diff: 0.8, Sum: 4.2]
      [Update RS (ms): Min: 1.3, Avg: 1.5, Max: 1.7, Diff: 0.4, Sum: 11.8]
         [Processed Buffers: Min: 3, Avg: 4.2, Max: 6, Diff: 3, Sum: 34]
      [Scan RS (ms): Min: 1.0, Avg: 1.1, Max: 1.2, Diff: 0.3, Sum: 8.8]
      [Object Copy (ms): Min: 4.2, Avg: 4.3, Max: 4.3, Diff: 0.1, Sum: 34.1]
      [Termination (ms): Min: 0.0, Avg: 0.1, Max: 0.1, Diff: 0.1, Sum: 0.6]
      [GC Worker Other (ms): Min: 0.0, Avg: 0.0, Max: 0.0, Diff: 0.0, Sum: 0.3]
      [GC Worker Total (ms): Min: 6.9, Avg: 7.5, Max: 7.7, Diff: 0.8, Sum: 59.9]
      [GC Worker End (ms): Min: 7475.0, Avg: 7475.0, Max: 7475.1, Diff: 0.1]
   [Code Root Fixup: 0.0 ms]
   [Clear CT: 0.1 ms]
   [Other: 0.3 ms]
      [Choose CSet: 0.0 ms]
      [Ref Proc: 0.2 ms]
      [Ref Enq: 0.0 ms]
      [Free CSet: 0.0 ms]
   [Eden: 21.0M(21.0M)->0.0B(51.0M) Survivors: 2048.0K->3072.0K Heap: 34.3M(52.0M)->18.6M(104.0M)]
 [Times: user=0.05 sys=0.01, real=0.01 secs] 
7.539: [GC pause (G1 Evacuation Pause) (young), 0.0159590 secs]
   [Parallel Time: 15.4 ms, GC Workers: 8]
      [GC Worker Start (ms): Min: 7538.9, Avg: 7539.7, Max: 7542.5, Diff: 3.7]
      [Ext Root Scanning (ms): Min: 0.0, Avg: 0.6, Max: 1.2, Diff: 1.2, Sum: 4.7]
      [Update RS (ms): Min: 0.0, Avg: 1.6, Max: 2.1, Diff: 2.1, Sum: 12.8]
         [Processed Buffers: Min: 0, Avg: 3.6, Max: 5, Diff: 5, Sum: 29]
      [Scan RS (ms): Min: 2.1, Avg: 2.7, Max: 2.9, Diff: 0.8, Sum: 21.5]
      [Object Copy (ms): Min: 9.5, Avg: 9.6, Max: 9.7, Diff: 0.1, Sum: 76.8]
      [Termination (ms): Min: 0.0, Avg: 0.1, Max: 0.1, Diff: 0.1, Sum: 0.6]
      [GC Worker Other (ms): Min: 0.0, Avg: 0.0, Max: 0.0, Diff: 0.0, Sum: 0.1]
      [GC Worker Total (ms): Min: 11.7, Avg: 14.6, Max: 15.4, Diff: 3.7, Sum: 116.4]
      [GC Worker End (ms): Min: 7554.2, Avg: 7554.2, Max: 7554.2, Diff: 0.0]
   [Code Root Fixup: 0.0 ms]
   [Clear CT: 0.1 ms]
   [Other: 0.5 ms]
      [Choose CSet: 0.0 ms]
      [Ref Proc: 0.1 ms]
      [Ref Enq: 0.0 ms]
      [Free CSet: 0.1 ms]
   [Eden: 51.0M(51.0M)->0.0B(110.0M) Survivors: 3072.0K->7168.0K Heap: 69.6M(104.0M)->32.8M(208.0M)]
 [Times: user=0.11 sys=0.01, real=0.02 secs] 
7.686: [GC pause (G1 Evacuation Pause) (young), 0.0305990 secs]
   [Parallel Time: 29.1 ms, GC Workers: 8]
      [GC Worker Start (ms): Min: 7686.2, Avg: 7687.2, Max: 7693.5, Diff: 7.2]
      [Ext Root Scanning (ms): Min: 0.0, Avg: 1.4, Max: 7.1, Diff: 7.1, Sum: 10.9]
      [Update RS (ms): Min: 0.0, Avg: 2.1, Max: 3.9, Diff: 3.9, Sum: 16.9]
         [Processed Buffers: Min: 0, Avg: 4.0, Max: 7, Diff: 7, Sum: 32]
      [Scan RS (ms): Min: 2.9, Avg: 5.7, Max: 6.9, Diff: 4.0, Sum: 45.3]
      [Object Copy (ms): Min: 18.7, Avg: 18.8, Max: 19.0, Diff: 0.2, Sum: 150.4]
      [Termination (ms): Min: 0.0, Avg: 0.0, Max: 0.1, Diff: 0.1, Sum: 0.4]
      [GC Worker Other (ms): Min: 0.0, Avg: 0.0, Max: 0.0, Diff: 0.0, Sum: 0.2]
      [GC Worker Total (ms): Min: 21.7, Avg: 28.0, Max: 29.0, Diff: 7.2, Sum: 224.0]
      [GC Worker End (ms): Min: 7715.2, Avg: 7715.2, Max: 7715.2, Diff: 0.0]
   [Code Root Fixup: 0.0 ms]
   [Clear CT: 0.1 ms]
   [Other: 1.4 ms]
      [Choose CSet: 0.0 ms]
      [Ref Proc: 0.2 ms]
      [Ref Enq: 0.0 ms]
      [Free CSet: 0.4 ms]
   [Eden: 110.0M(110.0M)->0.0B(43.0M) Survivors: 7168.0K->15.0M Heap: 142.8M(208.0M)->51.5M(372.0M)]
 [Times: user=0.18 sys=0.02, real=0.03 secs] 
7.769: [GC pause (G1 Evacuation Pause) (young), 0.0271260 secs]
   [Parallel Time: 25.9 ms, GC Workers: 8]
      [GC Worker Start (ms): Min: 7769.1, Avg: 7769.6, Max: 7772.2, Diff: 3.1]
      [Ext Root Scanning (ms): Min: 0.0, Avg: 0.9, Max: 3.4, Diff: 3.4, Sum: 7.2]
      [Update RS (ms): Min: 1.2, Avg: 3.2, Max: 3.7, Diff: 2.5, Sum: 25.9]
         [Processed Buffers: Min: 1, Avg: 5.2, Max: 8, Diff: 7, Sum: 42]
      [Scan RS (ms): Min: 3.1, Avg: 5.6, Max: 6.2, Diff: 3.1, Sum: 44.5]
      [Object Copy (ms): Min: 15.5, Avg: 15.6, Max: 15.6, Diff: 0.1, Sum: 124.8]
      [Termination (ms): Min: 0.0, Avg: 0.0, Max: 0.0, Diff: 0.0, Sum: 0.2]
      [GC Worker Other (ms): Min: 0.0, Avg: 0.0, Max: 0.0, Diff: 0.0, Sum: 0.2]
      [GC Worker Total (ms): Min: 22.7, Avg: 25.4, Max: 25.9, Diff: 3.2, Sum: 202.8]
      [GC Worker End (ms): Min: 7794.9, Avg: 7794.9, Max: 7795.0, Diff: 0.0]
   [Code Root Fixup: 0.0 ms]
   [Clear CT: 0.1 ms]
   [Other: 1.1 ms]
      [Choose CSet: 0.0 ms]
      [Ref Proc: 0.1 ms]
      [Ref Enq: 0.0 ms]
      [Free CSet: 0.2 ms]
   [Eden: 43.0M(43.0M)->0.0B(283.0M) Survivors: 15.0M->7168.0K Heap: 94.5M(372.0M)->60.9M(503.0M)]
 [Times: user=0.17 sys=0.00, real=0.03 secs] 
8.038: [GC pause (G1 Evacuation Pause) (young), 0.0327690 secs]
   [Parallel Time: 31.3 ms, GC Workers: 8]
      [GC Worker Start (ms): Min: 8038.2, Avg: 8038.6, Max: 8040.9, Diff: 2.8]
      [Ext Root Scanning (ms): Min: 0.0, Avg: 1.3, Max: 4.2, Diff: 4.2, Sum: 10.3]
      [Update RS (ms): Min: 0.7, Avg: 3.2, Max: 4.3, Diff: 3.6, Sum: 25.7]
         [Processed Buffers: Min: 1, Avg: 4.9, Max: 6, Diff: 5, Sum: 39]
      [Scan RS (ms): Min: 7.5, Avg: 7.7, Max: 7.7, Diff: 0.2, Sum: 61.2]
      [Object Copy (ms): Min: 18.5, Avg: 18.5, Max: 18.6, Diff: 0.1, Sum: 148.1]
      [Termination (ms): Min: 0.0, Avg: 0.1, Max: 0.1, Diff: 0.1, Sum: 0.5]
      [GC Worker Other (ms): Min: 0.0, Avg: 0.0, Max: 0.0, Diff: 0.0, Sum: 0.2]
      [GC Worker Total (ms): Min: 28.4, Avg: 30.8, Max: 31.2, Diff: 2.8, Sum: 246.1]
      [GC Worker End (ms): Min: 8069.3, Avg: 8069.4, Max: 8069.4, Diff: 0.1]
   [Code Root Fixup: 0.0 ms]
   [Clear CT: 0.1 ms]
   [Other: 1.4 ms]
      [Choose CSet: 0.0 ms]
      [Ref Proc: 0.2 ms]
      [Ref Enq: 0.0 ms]
      [Free CSet: 0.4 ms]
   [Eden: 111.0M(18.0M)->0.0B(350.0M) Survivors: 7168.0K->4096.0K Heap: 171.9M(503.0M)->81.0M(608.0M)]
 [Times: user=0.20 sys=0.02, real=0.03 secs] 
8.338: [GC pause (G1 Evacuation Pause) (young), 0.0349710 secs]
   [Parallel Time: 33.4 ms, GC Workers: 8]
      [GC Worker Start (ms): Min: 8338.2, Avg: 8339.7, Max: 8343.7, Diff: 5.5]
      [Ext Root Scanning (ms): Min: 0.0, Avg: 0.5, Max: 0.8, Diff: 0.8, Sum: 3.7]
      [Update RS (ms): Min: 0.9, Avg: 4.2, Max: 5.6, Diff: 4.7, Sum: 33.4]
         [Processed Buffers: Min: 1, Avg: 6.0, Max: 8, Diff: 7, Sum: 48]
      [Scan RS (ms): Min: 10.8, Avg: 11.1, Max: 11.3, Diff: 0.6, Sum: 88.5]
      [Object Copy (ms): Min: 15.8, Avg: 16.0, Max: 16.2, Diff: 0.3, Sum: 127.9]
      [Termination (ms): Min: 0.0, Avg: 0.0, Max: 0.0, Diff: 0.0, Sum: 0.1]
      [GC Worker Other (ms): Min: 0.0, Avg: 0.0, Max: 0.1, Diff: 0.0, Sum: 0.3]
      [GC Worker Total (ms): Min: 27.8, Avg: 31.7, Max: 33.3, Diff: 5.5, Sum: 253.9]
      [GC Worker End (ms): Min: 8371.4, Avg: 8371.5, Max: 8371.5, Diff: 0.0]
   [Code Root Fixup: 0.0 ms]
   [Clear CT: 0.1 ms]
   [Other: 1.5 ms]
      [Choose CSet: 0.0 ms]
      [Ref Proc: 0.2 ms]
      [Ref Enq: 0.0 ms]
      [Free CSet: 0.5 ms]
   [Eden: 151.0M(26.0M)->0.0B(411.0M) Survivors: 4096.0K->4096.0K Heap: 232.0M(608.0M)->100.0M(692.0M)]
 [Times: user=0.22 sys=0.02, real=0.03 secs] 
8.835: [GC pause (G1 Evacuation Pause) (young), 0.0399930 secs]
   [Parallel Time: 38.2 ms, GC Workers: 8]
      [GC Worker Start (ms): Min: 8834.7, Avg: 8834.8, Max: 8835.0, Diff: 0.3]
      [Ext Root Scanning (ms): Min: 0.4, Avg: 0.5, Max: 0.7, Diff: 0.3, Sum: 4.4]
      [Update RS (ms): Min: 3.7, Avg: 4.1, Max: 4.4, Diff: 0.7, Sum: 32.7]
         [Processed Buffers: Min: 4, Avg: 4.8, Max: 7, Diff: 3, Sum: 38]
      [Scan RS (ms): Min: 13.2, Avg: 13.5, Max: 13.8, Diff: 0.6, Sum: 108.0]
      [Object Copy (ms): Min: 19.8, Avg: 19.8, Max: 20.0, Diff: 0.2, Sum: 158.6]
      [Termination (ms): Min: 0.0, Avg: 0.0, Max: 0.0, Diff: 0.0, Sum: 0.2]
      [GC Worker Other (ms): Min: 0.0, Avg: 0.0, Max: 0.1, Diff: 0.0, Sum: 0.3]
      [GC Worker Total (ms): Min: 37.8, Avg: 38.0, Max: 38.1, Diff: 0.3, Sum: 304.3]
      [GC Worker End (ms): Min: 8872.8, Avg: 8872.8, Max: 8872.9, Diff: 0.0]
   [Code Root Fixup: 0.0 ms]
   [Clear CT: 0.2 ms]
   [Other: 1.6 ms]
      [Choose CSet: 0.0 ms]
      [Ref Proc: 0.2 ms]
      [Ref Enq: 0.0 ms]
      [Free CSet: 0.8 ms]
   [Eden: 321.0M(321.0M)->0.0B(429.0M) Survivors: 4096.0K->26.0M Heap: 421.0M(692.0M)->121.6M(759.0M)]
 [Times: user=0.28 sys=0.02, real=0.04 secs] 
9.426: [GC pause (G1 Evacuation Pause) (young), 0.0643140 secs]
   [Parallel Time: 62.0 ms, GC Workers: 8]
      [GC Worker Start (ms): Min: 9426.5, Avg: 9427.0, Max: 9430.3, Diff: 3.9]
      [Ext Root Scanning (ms): Min: 0.0, Avg: 0.6, Max: 0.8, Diff: 0.8, Sum: 4.4]
      [Update RS (ms): Min: 0.8, Avg: 3.7, Max: 4.5, Diff: 3.7, Sum: 29.6]
         [Processed Buffers: Min: 2, Avg: 5.5, Max: 9, Diff: 7, Sum: 44]
      [Scan RS (ms): Min: 15.3, Avg: 15.7, Max: 16.0, Diff: 0.7, Sum: 125.8]
      [Object Copy (ms): Min: 41.2, Avg: 41.4, Max: 41.5, Diff: 0.3, Sum: 331.1]
      [Termination (ms): Min: 0.0, Avg: 0.0, Max: 0.0, Diff: 0.0, Sum: 0.0]
      [GC Worker Other (ms): Min: 0.0, Avg: 0.1, Max: 0.1, Diff: 0.0, Sum: 0.4]
      [GC Worker Total (ms): Min: 58.1, Avg: 61.4, Max: 62.0, Diff: 3.9, Sum: 491.4]
      [GC Worker End (ms): Min: 9488.4, Avg: 9488.4, Max: 9488.4, Diff: 0.0]
   [Code Root Fixup: 0.0 ms]
   [Clear CT: 0.2 ms]
   [Other: 2.1 ms]
      [Choose CSet: 0.0 ms]
      [Ref Proc: 0.2 ms]
      [Ref Enq: 0.0 ms]
      [Free CSet: 1.3 ms]
   [Eden: 429.0M(429.0M)->0.0B(432.0M) Survivors: 26.0M->55.0M Heap: 550.6M(759.0M)->150.8M(812.0M)]
 [Times: user=0.40 sys=0.04, real=0.06 secs] 
10.271: [GC pause (G1 Evacuation Pause) (young), 0.0875000 secs]
   [Parallel Time: 85.1 ms, GC Workers: 8]
      [GC Worker Start (ms): Min: 10270.8, Avg: 10272.1, Max: 10280.8, Diff: 10.0]
      [Ext Root Scanning (ms): Min: 0.0, Avg: 0.5, Max: 0.8, Diff: 0.8, Sum: 4.3]
      [Update RS (ms): Min: 0.0, Avg: 3.7, Max: 4.6, Diff: 4.6, Sum: 29.9]
         [Processed Buffers: Min: 0, Avg: 6.2, Max: 12, Diff: 12, Sum: 50]
      [Scan RS (ms): Min: 11.1, Avg: 15.3, Max: 16.3, Diff: 5.2, Sum: 122.8]
      [Object Copy (ms): Min: 63.8, Avg: 64.0, Max: 64.2, Diff: 0.4, Sum: 511.8]
      [Termination (ms): Min: 0.0, Avg: 0.0, Max: 0.0, Diff: 0.0, Sum: 0.0]
      [GC Worker Other (ms): Min: 0.0, Avg: 0.1, Max: 0.1, Diff: 0.0, Sum: 0.4]
      [GC Worker Total (ms): Min: 75.0, Avg: 83.7, Max: 85.0, Diff: 10.1, Sum: 669.3]
      [GC Worker End (ms): Min: 10355.8, Avg: 10355.8, Max: 10355.8, Diff: 0.0]
   [Code Root Fixup: 0.0 ms]
   [Clear CT: 0.2 ms]
   [Other: 2.2 ms]
      [Choose CSet: 0.0 ms]
      [Ref Proc: 0.2 ms]
      [Ref Enq: 0.0 ms]
      [Free CSet: 1.2 ms]
   [Eden: 432.0M(432.0M)->0.0B(452.0M) Survivors: 55.0M->61.0M Heap: 582.8M(812.0M)->194.5M(855.0M)]
 [Times: user=0.55 sys=0.04, real=0.09 secs] 
10.993: [GC pause (G1 Evacuation Pause) (young), 0.0924180 secs]
   [Parallel Time: 89.0 ms, GC Workers: 8]
      [GC Worker Start (ms): Min: 10993.2, Avg: 10993.3, Max: 10993.4, Diff: 0.2]
      [Ext Root Scanning (ms): Min: 0.4, Avg: 0.6, Max: 0.7, Diff: 0.3, Sum: 4.6]
      [Update RS (ms): Min: 5.6, Avg: 5.8, Max: 6.1, Diff: 0.5, Sum: 46.7]
         [Processed Buffers: Min: 7, Avg: 8.0, Max: 11, Diff: 4, Sum: 64]
      [Scan RS (ms): Min: 17.8, Avg: 21.6, Max: 25.3, Diff: 7.5, Sum: 172.7]
      [Object Copy (ms): Min: 57.2, Avg: 60.8, Max: 64.3, Diff: 7.2, Sum: 486.4]
      [Termination (ms): Min: 0.0, Avg: 0.0, Max: 0.0, Diff: 0.0, Sum: 0.0]
      [GC Worker Other (ms): Min: 0.0, Avg: 0.0, Max: 0.1, Diff: 0.0, Sum: 0.3]
      [GC Worker Total (ms): Min: 88.7, Avg: 88.8, Max: 88.9, Diff: 0.2, Sum: 710.7]
      [GC Worker End (ms): Min: 11082.1, Avg: 11082.1, Max: 11082.2, Diff: 0.0]
   [Code Root Fixup: 0.0 ms]
   [Clear CT: 0.2 ms]
   [Other: 3.2 ms]
      [Choose CSet: 0.0 ms]
      [Ref Proc: 0.2 ms]
      [Ref Enq: 0.0 ms]
      [Free CSet: 1.7 ms]
   [Eden: 376.0M(376.0M)->0.0B(495.0M) Survivors: 61.0M->38.0M Heap: 570.5M(855.0M)->232.0M(889.0M)]
 [Times: user=0.63 sys=0.01, real=0.10 secs] 
12.464: [GC pause (G1 Evacuation Pause) (young), 0.1182470 secs]
   [Parallel Time: 114.2 ms, GC Workers: 8]
      [GC Worker Start (ms): Min: 12464.4, Avg: 12464.6, Max: 12465.2, Diff: 0.8]
      [Ext Root Scanning (ms): Min: 0.0, Avg: 0.5, Max: 0.8, Diff: 0.8, Sum: 4.3]
      [Update RS (ms): Min: 8.6, Avg: 8.9, Max: 9.3, Diff: 0.6, Sum: 71.2]
         [Processed Buffers: Min: 8, Avg: 9.1, Max: 12, Diff: 4, Sum: 73]
      [Scan RS (ms): Min: 22.1, Avg: 22.4, Max: 22.6, Diff: 0.5, Sum: 179.3]
      [Object Copy (ms): Min: 81.9, Avg: 82.0, Max: 82.1, Diff: 0.2, Sum: 655.7]
      [Termination (ms): Min: 0.0, Avg: 0.1, Max: 0.1, Diff: 0.1, Sum: 0.7]
      [GC Worker Other (ms): Min: 0.0, Avg: 0.0, Max: 0.0, Diff: 0.0, Sum: 0.2]
      [GC Worker Total (ms): Min: 113.4, Avg: 113.9, Max: 114.2, Diff: 0.8, Sum: 911.4]
      [GC Worker End (ms): Min: 12578.5, Avg: 12578.5, Max: 12578.6, Diff: 0.0]
   [Code Root Fixup: 0.0 ms]
   [Clear CT: 0.2 ms]
   [Other: 3.8 ms]
      [Choose CSet: 0.0 ms]
      [Ref Proc: 0.2 ms]
      [Ref Enq: 0.0 ms]
      [Free CSet: 2.6 ms]
   [Eden: 495.0M(495.0M)->0.0B(455.0M) Survivors: 38.0M->67.0M Heap: 727.0M(889.0M)->302.0M(916.0M)]
 [Times: user=0.78 sys=0.07, real=0.11 secs] 
13.663: [GC pause (G1 Evacuation Pause) (young), 0.1330900 secs]
   [Parallel Time: 128.3 ms, GC Workers: 8]
      [GC Worker Start (ms): Min: 13662.8, Avg: 13664.4, Max: 13672.8, Diff: 10.0]
      [Ext Root Scanning (ms): Min: 0.0, Avg: 0.5, Max: 0.8, Diff: 0.8, Sum: 3.7]
      [Update RS (ms): Min: 2.7, Avg: 10.3, Max: 11.9, Diff: 9.2, Sum: 82.2]
         [Processed Buffers: Min: 3, Avg: 9.8, Max: 17, Diff: 14, Sum: 78]
      [Scan RS (ms): Min: 26.4, Avg: 26.6, Max: 26.9, Diff: 0.5, Sum: 213.0]
      [Object Copy (ms): Min: 88.7, Avg: 88.9, Max: 89.1, Diff: 0.4, Sum: 711.6]
      [Termination (ms): Min: 0.0, Avg: 0.3, Max: 0.4, Diff: 0.4, Sum: 2.3]
      [GC Worker Other (ms): Min: 0.0, Avg: 0.0, Max: 0.0, Diff: 0.0, Sum: 0.1]
      [GC Worker Total (ms): Min: 118.2, Avg: 126.6, Max: 128.3, Diff: 10.0, Sum: 1012.9]
      [GC Worker End (ms): Min: 13791.0, Avg: 13791.0, Max: 13791.1, Diff: 0.1]
   [Code Root Fixup: 0.0 ms]
   [Clear CT: 0.2 ms]
   [Other: 4.5 ms]
      [Choose CSet: 0.0 ms]
      [Ref Proc: 0.2 ms]
      [Ref Enq: 0.0 ms]
      [Free CSet: 2.6 ms]
   [Eden: 429.0M(429.0M)->0.0B(418.0M) Survivors: 67.0M->60.0M Heap: 731.0M(916.0M)->363.0M(938.0M)]
 [Times: user=0.92 sys=0.01, real=0.14 secs] 
14.810: [GC pause (G1 Evacuation Pause) (young), 0.1311660 secs]
   [Parallel Time: 126.4 ms, GC Workers: 8]
      [GC Worker Start (ms): Min: 14810.0, Avg: 14810.2, Max: 14810.3, Diff: 0.3]
      [Ext Root Scanning (ms): Min: 0.5, Avg: 0.6, Max: 0.8, Diff: 0.3, Sum: 5.1]
      [Update RS (ms): Min: 15.3, Avg: 15.7, Max: 16.2, Diff: 0.9, Sum: 125.5]
         [Processed Buffers: Min: 11, Avg: 12.4, Max: 15, Diff: 4, Sum: 99]
      [Scan RS (ms): Min: 28.7, Avg: 29.1, Max: 29.5, Diff: 0.8, Sum: 232.8]
      [Object Copy (ms): Min: 80.6, Avg: 80.6, Max: 80.7, Diff: 0.2, Sum: 645.1]
      [Termination (ms): Min: 0.0, Avg: 0.0, Max: 0.1, Diff: 0.1, Sum: 0.4]
      [GC Worker Other (ms): Min: 0.0, Avg: 0.1, Max: 0.1, Diff: 0.1, Sum: 0.5]
      [GC Worker Total (ms): Min: 126.0, Avg: 126.2, Max: 126.3, Diff: 0.3, Sum: 1009.3]
      [GC Worker End (ms): Min: 14936.3, Avg: 14936.3, Max: 14936.3, Diff: 0.0]
   [Code Root Fixup: 0.0 ms]
   [Clear CT: 0.2 ms]
   [Other: 4.5 ms]
      [Choose CSet: 0.0 ms]
      [Ref Proc: 0.2 ms]
      [Ref Enq: 0.0 ms]
      [Free CSet: 3.1 ms]
   [Eden: 418.0M(418.0M)->0.0B(382.0M) Survivors: 60.0M->58.0M Heap: 781.0M(938.0M)->419.0M(956.0M)]
 [Times: user=0.94 sys=0.02, real=0.13 secs] 
15.855: [GC pause (G1 Evacuation Pause) (young), 0.1237530 secs]
   [Parallel Time: 118.2 ms, GC Workers: 8]
      [GC Worker Start (ms): Min: 15854.8, Avg: 15858.2, Max: 15864.9, Diff: 10.1]
      [Ext Root Scanning (ms): Min: 0.0, Avg: 0.5, Max: 0.9, Diff: 0.9, Sum: 3.9]
      [Update RS (ms): Min: 6.3, Avg: 12.5, Max: 16.1, Diff: 9.8, Sum: 100.4]
         [Processed Buffers: Min: 6, Avg: 11.1, Max: 14, Diff: 8, Sum: 89]
      [Scan RS (ms): Min: 30.8, Avg: 31.2, Max: 31.6, Diff: 0.8, Sum: 249.9]
      [Object Copy (ms): Min: 70.4, Avg: 70.5, Max: 70.5, Diff: 0.1, Sum: 563.7]
      [Termination (ms): Min: 0.0, Avg: 0.0, Max: 0.0, Diff: 0.0, Sum: 0.2]
      [GC Worker Other (ms): Min: 0.0, Avg: 0.0, Max: 0.0, Diff: 0.0, Sum: 0.2]
      [GC Worker Total (ms): Min: 108.1, Avg: 114.8, Max: 118.2, Diff: 10.1, Sum: 918.3]
      [GC Worker End (ms): Min: 15973.0, Avg: 15973.0, Max: 15973.0, Diff: 0.0]
   [Code Root Fixup: 0.0 ms]
   [Clear CT: 0.2 ms]
   [Other: 5.3 ms]
      [Choose CSet: 0.0 ms]
      [Ref Proc: 0.2 ms]
      [Ref Enq: 0.0 ms]
      [Free CSet: 3.3 ms]
   [Eden: 382.0M(382.0M)->0.0B(349.0M) Survivors: 58.0M->52.0M Heap: 801.0M(956.0M)->469.0M(970.0M)]
 [Times: user=0.89 sys=0.01, real=0.12 secs] 
16.768: [GC pause (G1 Evacuation Pause) (young), 0.1201540 secs]
   [Parallel Time: 114.8 ms, GC Workers: 8]
      [GC Worker Start (ms): Min: 16768.5, Avg: 16769.3, Max: 16771.9, Diff: 3.4]
      [Ext Root Scanning (ms): Min: 0.0, Avg: 0.5, Max: 0.8, Diff: 0.8, Sum: 3.7]
      [Update RS (ms): Min: 15.6, Avg: 17.6, Max: 18.4, Diff: 2.8, Sum: 140.9]
         [Processed Buffers: Min: 9, Avg: 12.2, Max: 16, Diff: 7, Sum: 98]
      [Scan RS (ms): Min: 32.4, Avg: 32.6, Max: 32.8, Diff: 0.4, Sum: 261.0]
      [Object Copy (ms): Min: 62.8, Avg: 63.1, Max: 63.2, Diff: 0.4, Sum: 504.6]
      [Termination (ms): Min: 0.0, Avg: 0.0, Max: 0.0, Diff: 0.0, Sum: 0.3]
      [GC Worker Other (ms): Min: 0.0, Avg: 0.0, Max: 0.1, Diff: 0.0, Sum: 0.3]
      [GC Worker Total (ms): Min: 111.3, Avg: 113.8, Max: 114.7, Diff: 3.4, Sum: 910.8]
      [GC Worker End (ms): Min: 16883.1, Avg: 16883.1, Max: 16883.2, Diff: 0.0]
   [Code Root Fixup: 0.0 ms]
   [Clear CT: 0.2 ms]
   [Other: 5.2 ms]
      [Choose CSet: 0.0 ms]
      [Ref Proc: 0.2 ms]
      [Ref Enq: 0.0 ms]
      [Free CSet: 3.5 ms]
   [Eden: 349.0M(349.0M)->0.0B(318.0M) Survivors: 52.0M->46.0M Heap: 818.0M(970.0M)->513.5M(981.0M)]
 [Times: user=0.87 sys=0.00, real=0.12 secs] 
17.666: [GC pause (G1 Evacuation Pause) (young) (initial-mark), 0.1318180 secs]
   [Parallel Time: 126.9 ms, GC Workers: 8]
      [GC Worker Start (ms): Min: 17666.7, Avg: 17669.2, Max: 17676.7, Diff: 10.0]
      [Ext Root Scanning (ms): Min: 0.0, Avg: 0.5, Max: 0.8, Diff: 0.8, Sum: 3.7]
      [Update RS (ms): Min: 19.7, Avg: 26.5, Max: 28.6, Diff: 8.9, Sum: 212.3]
         [Processed Buffers: Min: 15, Avg: 20.0, Max: 26, Diff: 11, Sum: 160]
      [Scan RS (ms): Min: 32.2, Avg: 33.5, Max: 33.8, Diff: 1.7, Sum: 268.1]
      [Object Copy (ms): Min: 63.6, Avg: 63.8, Max: 63.9, Diff: 0.3, Sum: 510.1]
      [Termination (ms): Min: 0.0, Avg: 0.1, Max: 0.1, Diff: 0.1, Sum: 0.6]
      [GC Worker Other (ms): Min: 0.0, Avg: 0.0, Max: 0.0, Diff: 0.0, Sum: 0.2]
      [GC Worker Total (ms): Min: 116.9, Avg: 124.4, Max: 126.9, Diff: 10.0, Sum: 994.9]
      [GC Worker End (ms): Min: 17793.6, Avg: 17793.6, Max: 17793.6, Diff: 0.0]
   [Code Root Fixup: 0.0 ms]
   [Clear CT: 0.2 ms]
   [Other: 4.7 ms]
      [Choose CSet: 0.0 ms]
      [Ref Proc: 0.2 ms]
      [Ref Enq: 0.0 ms]
      [Free CSet: 3.1 ms]
   [Eden: 318.0M(318.0M)->0.0B(292.0M) Survivors: 46.0M->41.0M Heap: 831.5M(981.0M)->553.5M(990.0M)]
 [Times: user=0.94 sys=0.01, real=0.13 secs] 
17.798: [GC concurrent-root-region-scan-start]
17.887: [GC concurrent-root-region-scan-end, 0.0890200 secs]
17.887: [GC concurrent-mark-start]
18.584: [GC pause (G1 Evacuation Pause) (young), 0.1207370 secs]
   [Parallel Time: 114.7 ms, GC Workers: 8]
      [GC Worker Start (ms): Min: 18584.1, Avg: 18586.7, Max: 18593.4, Diff: 9.3]
      [Ext Root Scanning (ms): Min: 0.0, Avg: 0.5, Max: 0.9, Diff: 0.9, Sum: 3.9]
      [SATB Filtering (ms): Min: 0.0, Avg: 0.0, Max: 0.0, Diff: 0.0, Sum: 0.0]
      [Update RS (ms): Min: 11.5, Avg: 17.2, Max: 20.2, Diff: 8.8, Sum: 137.8]
         [Processed Buffers: Min: 9, Avg: 13.2, Max: 17, Diff: 8, Sum: 106]
      [Scan RS (ms): Min: 34.8, Avg: 35.5, Max: 35.9, Diff: 1.0, Sum: 284.1]
      [Object Copy (ms): Min: 58.6, Avg: 58.7, Max: 58.8, Diff: 0.2, Sum: 469.2]
      [Termination (ms): Min: 0.0, Avg: 0.1, Max: 0.2, Diff: 0.1, Sum: 1.0]
      [GC Worker Other (ms): Min: 0.0, Avg: 0.0, Max: 0.0, Diff: 0.0, Sum: 0.2]
      [GC Worker Total (ms): Min: 105.4, Avg: 112.0, Max: 114.6, Diff: 9.3, Sum: 896.2]
      [GC Worker End (ms): Min: 18698.7, Avg: 18698.7, Max: 18698.7, Diff: 0.0]
   [Code Root Fixup: 0.0 ms]
   [Clear CT: 0.2 ms]
   [Other: 5.8 ms]
      [Choose CSet: 0.0 ms]
      [Ref Proc: 0.2 ms]
      [Ref Enq: 0.0 ms]
      [Free CSet: 3.7 ms]
   [Eden: 292.0M(292.0M)->0.0B(259.0M) Survivors: 41.0M->42.0M Heap: 845.5M(990.0M)->595.5M(997.0M)]
 [Times: user=0.86 sys=0.00, real=0.12 secs] 
19.063: [GC concurrent-mark-end, 1.1755990 secs]
19.063: [GC remark 19.063: [GC ref-proc, 0.0000550 secs], 0.0034920 secs]
 [Times: user=0.01 sys=0.00, real=0.00 secs] 
19.067: [GC cleanup 789M->787M(997M), 0.0104590 secs]
 [Times: user=0.07 sys=0.00, real=0.01 secs] 
19.077: [GC concurrent-cleanup-start]
19.077: [GC concurrent-cleanup-end, 0.0000060 secs]
19.156: [GC pause (G1 Evacuation Pause) (young), 0.1200350 secs]
   [Parallel Time: 115.3 ms, GC Workers: 8]
      [GC Worker Start (ms): Min: 19156.4, Avg: 19156.7, Max: 19158.2, Diff: 1.8]
      [Ext Root Scanning (ms): Min: 0.0, Avg: 0.5, Max: 0.7, Diff: 0.7, Sum: 4.4]
      [Update RS (ms): Min: 26.9, Avg: 27.8, Max: 28.7, Diff: 1.7, Sum: 222.5]
         [Processed Buffers: Min: 19, Avg: 20.2, Max: 21, Diff: 2, Sum: 162]
      [Scan RS (ms): Min: 33.8, Avg: 34.7, Max: 35.0, Diff: 1.3, Sum: 277.3]
      [Object Copy (ms): Min: 51.4, Avg: 51.8, Max: 52.0, Diff: 0.6, Sum: 414.6]
      [Termination (ms): Min: 0.0, Avg: 0.1, Max: 0.1, Diff: 0.1, Sum: 0.6]
      [GC Worker Other (ms): Min: 0.0, Avg: 0.1, Max: 0.3, Diff: 0.3, Sum: 0.7]
      [GC Worker Total (ms): Min: 113.5, Avg: 115.0, Max: 115.3, Diff: 1.8, Sum: 920.0]
      [GC Worker End (ms): Min: 19271.6, Avg: 19271.7, Max: 19271.7, Diff: 0.0]
   [Code Root Fixup: 0.0 ms]
   [Clear CT: 0.2 ms]
   [Other: 4.5 ms]
      [Choose CSet: 0.0 ms]
      [Ref Proc: 0.2 ms]
      [Ref Enq: 0.0 ms]
      [Free CSet: 2.8 ms]
   [Eden: 259.0M(259.0M)->0.0B(242.0M) Survivors: 42.0M->29.0M Heap: 852.5M(997.0M)->622.5M(1003.0M)]
 [Times: user=0.85 sys=0.01, real=0.12 secs] 
19.477: [GC pause (G1 Evacuation Pause) (young), 0.0892650 secs]
   [Parallel Time: 86.2 ms, GC Workers: 8]
      [GC Worker Start (ms): Min: 19477.3, Avg: 19478.2, Max: 19481.3, Diff: 4.1]
      [Ext Root Scanning (ms): Min: 0.0, Avg: 0.5, Max: 0.9, Diff: 0.9, Sum: 4.0]
      [Update RS (ms): Min: 23.0, Avg: 25.6, Max: 27.3, Diff: 4.3, Sum: 204.6]
         [Processed Buffers: Min: 18, Avg: 19.4, Max: 21, Diff: 3, Sum: 155]
      [Scan RS (ms): Min: 28.3, Avg: 29.3, Max: 29.7, Diff: 1.4, Sum: 234.5]
      [Object Copy (ms): Min: 29.5, Avg: 29.7, Max: 30.6, Diff: 1.1, Sum: 237.9]
      [Termination (ms): Min: 0.0, Avg: 0.0, Max: 0.0, Diff: 0.0, Sum: 0.1]
      [GC Worker Other (ms): Min: 0.0, Avg: 0.0, Max: 0.1, Diff: 0.1, Sum: 0.3]
      [GC Worker Total (ms): Min: 82.1, Avg: 85.2, Max: 86.2, Diff: 4.1, Sum: 681.5]
      [GC Worker End (ms): Min: 19563.4, Avg: 19563.4, Max: 19563.5, Diff: 0.1]
   [Code Root Fixup: 0.0 ms]
   [Clear CT: 0.2 ms]
   [Other: 2.8 ms]
      [Choose CSet: 0.0 ms]
      [Ref Proc: 0.2 ms]
      [Ref Enq: 0.0 ms]
      [Free CSet: 1.4 ms]
   [Eden: 242.0M(242.0M)->0.0B(240.0M) Survivors: 29.0M->14.0M Heap: 864.5M(1003.0M)->635.5M(1008.0M)]
 [Times: user=0.63 sys=0.00, real=0.09 secs] 
19.855: [GC pause (G1 Evacuation Pause) (young) (initial-mark), 0.1010700 secs]
   [Parallel Time: 97.3 ms, GC Workers: 8]
      [GC Worker Start (ms): Min: 19855.4, Avg: 19856.9, Max: 19861.4, Diff: 6.0]
      [Ext Root Scanning (ms): Min: 0.0, Avg: 0.5, Max: 0.8, Diff: 0.8, Sum: 4.1]
      [Update RS (ms): Min: 17.2, Avg: 20.9, Max: 22.5, Diff: 5.3, Sum: 167.4]
         [Processed Buffers: Min: 12, Avg: 15.1, Max: 18, Diff: 6, Sum: 121]
      [Scan RS (ms): Min: 48.2, Avg: 48.7, Max: 49.1, Diff: 0.9, Sum: 389.3]
      [Object Copy (ms): Min: 24.6, Avg: 25.5, Max: 25.7, Diff: 1.0, Sum: 203.8]
      [Termination (ms): Min: 0.0, Avg: 0.1, Max: 0.1, Diff: 0.1, Sum: 0.6]
      [GC Worker Other (ms): Min: 0.0, Avg: 0.0, Max: 0.1, Diff: 0.0, Sum: 0.3]
      [GC Worker Total (ms): Min: 91.2, Avg: 95.7, Max: 97.2, Diff: 6.0, Sum: 765.5]
      [GC Worker End (ms): Min: 19952.6, Avg: 19952.6, Max: 19952.7, Diff: 0.0]
   [Code Root Fixup: 0.0 ms]
   [Clear CT: 0.2 ms]
   [Other: 3.6 ms]
      [Choose CSet: 0.0 ms]
      [Ref Proc: 0.2 ms]
      [Ref Enq: 0.0 ms]
      [Free CSet: 2.1 ms]
   [Eden: 240.0M(240.0M)->0.0B(221.0M) Survivors: 14.0M->32.0M Heap: 875.5M(1008.0M)->656.5M(1012.0M)]
 [Times: user=0.72 sys=0.01, real=0.10 secs] 
19.956: [GC concurrent-root-region-scan-start]
20.029: [GC concurrent-root-region-scan-end, 0.0724430 secs]
20.029: [GC concurrent-mark-start]
20.252: [GC pause (G1 Evacuation Pause) (young), 0.1299550 secs]
   [Parallel Time: 126.3 ms, GC Workers: 8]
      [GC Worker Start (ms): Min: 20252.3, Avg: 20252.9, Max: 20255.6, Diff: 3.3]
      [Ext Root Scanning (ms): Min: 0.0, Avg: 0.5, Max: 0.9, Diff: 0.9, Sum: 4.2]
      [SATB Filtering (ms): Min: 0.0, Avg: 0.0, Max: 0.1, Diff: 0.1, Sum: 0.1]
      [Update RS (ms): Min: 27.6, Avg: 30.2, Max: 31.6, Diff: 4.0, Sum: 241.9]
         [Processed Buffers: Min: 20, Avg: 22.1, Max: 25, Diff: 5, Sum: 177]
      [Scan RS (ms): Min: 54.8, Avg: 56.0, Max: 56.4, Diff: 1.6, Sum: 448.1]
      [Object Copy (ms): Min: 38.0, Avg: 38.7, Max: 39.0, Diff: 1.0, Sum: 309.9]
      [Termination (ms): Min: 0.0, Avg: 0.0, Max: 0.2, Diff: 0.2, Sum: 0.4]
      [GC Worker Other (ms): Min: 0.0, Avg: 0.0, Max: 0.0, Diff: 0.0, Sum: 0.2]
      [GC Worker Total (ms): Min: 122.9, Avg: 125.6, Max: 126.2, Diff: 3.3, Sum: 1004.8]
      [GC Worker End (ms): Min: 20378.5, Avg: 20378.5, Max: 20378.6, Diff: 0.0]
   [Code Root Fixup: 0.0 ms]
   [Clear CT: 0.2 ms]
   [Other: 3.5 ms]
      [Choose CSet: 0.0 ms]
      [Ref Proc: 0.2 ms]
      [Ref Enq: 0.0 ms]
      [Free CSet: 2.0 ms]
   [Eden: 221.0M(221.0M)->0.0B(65.0M) Survivors: 32.0M->20.0M Heap: 877.5M(1012.0M)->676.5M(1015.0M)]
 [Times: user=0.94 sys=0.00, real=0.13 secs] 
20.605: [GC pause (G1 Evacuation Pause) (young), 0.1145280 secs]
   [Parallel Time: 112.2 ms, GC Workers: 8]
      [GC Worker Start (ms): Min: 20604.8, Avg: 20605.5, Max: 20609.3, Diff: 4.5]
      [Ext Root Scanning (ms): Min: 0.0, Avg: 0.5, Max: 0.8, Diff: 0.8, Sum: 4.2]
      [SATB Filtering (ms): Min: 0.0, Avg: 0.0, Max: 0.1, Diff: 0.1, Sum: 0.1]
      [Update RS (ms): Min: 34.6, Avg: 37.5, Max: 38.1, Diff: 3.6, Sum: 300.1]
         [Processed Buffers: Min: 24, Avg: 26.6, Max: 29, Diff: 5, Sum: 213]
      [Scan RS (ms): Min: 52.0, Avg: 52.3, Max: 52.6, Diff: 0.7, Sum: 418.5]
      [Object Copy (ms): Min: 21.0, Avg: 21.1, Max: 21.1, Diff: 0.1, Sum: 168.5]
      [Termination (ms): Min: 0.0, Avg: 0.0, Max: 0.0, Diff: 0.0, Sum: 0.0]
      [GC Worker Other (ms): Min: 0.0, Avg: 0.0, Max: 0.1, Diff: 0.1, Sum: 0.4]
      [GC Worker Total (ms): Min: 107.6, Avg: 111.5, Max: 112.2, Diff: 4.6, Sum: 891.7]
      [GC Worker End (ms): Min: 20716.9, Avg: 20716.9, Max: 20716.9, Diff: 0.1]
   [Code Root Fixup: 0.0 ms]
   [Clear CT: 0.2 ms]
   [Other: 2.1 ms]
      [Choose CSet: 0.0 ms]
      [Ref Proc: 0.2 ms]
      [Ref Enq: 0.0 ms]
      [Free CSet: 0.9 ms]
   [Eden: 65.0M(65.0M)->0.0B(45.0M) Survivors: 20.0M->11.0M Heap: 741.5M(1015.0M)->687.0M(1017.0M)]
 [Times: user=0.82 sys=0.00, real=0.11 secs] 
20.804: [GC pause (G1 Evacuation Pause) (young), 0.1066310 secs]
   [Parallel Time: 105.2 ms, GC Workers: 8]
      [GC Worker Start (ms): Min: 20803.9, Avg: 20805.5, Max: 20809.9, Diff: 6.0]
      [Ext Root Scanning (ms): Min: 0.0, Avg: 0.5, Max: 0.9, Diff: 0.9, Sum: 3.9]
      [SATB Filtering (ms): Min: 0.0, Avg: 0.0, Max: 0.1, Diff: 0.1, Sum: 0.1]
      [Update RS (ms): Min: 78.6, Avg: 83.1, Max: 84.9, Diff: 6.3, Sum: 664.8]
         [Processed Buffers: Min: 56, Avg: 58.1, Max: 61, Diff: 5, Sum: 465]
      [Scan RS (ms): Min: 7.7, Avg: 8.2, Max: 8.7, Diff: 1.0, Sum: 65.6]
      [Object Copy (ms): Min: 11.5, Avg: 11.7, Max: 11.7, Diff: 0.2, Sum: 93.4]
      [Termination (ms): Min: 0.0, Avg: 0.0, Max: 0.1, Diff: 0.1, Sum: 0.4]
      [GC Worker Other (ms): Min: 0.0, Avg: 0.0, Max: 0.0, Diff: 0.0, Sum: 0.1]
      [GC Worker Total (ms): Min: 99.1, Avg: 103.5, Max: 105.1, Diff: 6.0, Sum: 828.3]
      [GC Worker End (ms): Min: 20909.0, Avg: 20909.0, Max: 20909.0, Diff: 0.0]
   [Code Root Fixup: 0.0 ms]
   [Clear CT: 0.1 ms]
   [Other: 1.3 ms]
      [Choose CSet: 0.0 ms]
      [Ref Proc: 0.1 ms]
      [Ref Enq: 0.0 ms]
      [Free CSet: 0.3 ms]
   [Eden: 45.0M(45.0M)->0.0B(43.0M) Survivors: 11.0M->7168.0K Heap: 732.0M(1017.0M)->695.5M(1019.0M)]
 [Times: user=0.77 sys=0.01, real=0.10 secs] 
20.917: [GC pause (G1 Evacuation Pause) (young), 0.0917220 secs]
   [Parallel Time: 90.9 ms, GC Workers: 8]
      [GC Worker Start (ms): Min: 20917.3, Avg: 20917.6, Max: 20918.3, Diff: 1.0]
      [Ext Root Scanning (ms): Min: 0.0, Avg: 0.5, Max: 0.8, Diff: 0.8, Sum: 4.3]
      [SATB Filtering (ms): Min: 0.0, Avg: 0.0, Max: 0.0, Diff: 0.0, Sum: 0.0]
      [Update RS (ms): Min: 84.0, Avg: 84.5, Max: 85.2, Diff: 1.1, Sum: 675.6]
         [Processed Buffers: Min: 51, Avg: 54.9, Max: 57, Diff: 6, Sum: 439]
      [Scan RS (ms): Min: 0.0, Avg: 0.2, Max: 0.5, Diff: 0.5, Sum: 1.9]
      [Object Copy (ms): Min: 4.6, Avg: 5.1, Max: 5.4, Diff: 0.8, Sum: 41.1]
      [Termination (ms): Min: 0.0, Avg: 0.1, Max: 0.1, Diff: 0.1, Sum: 0.6]
      [GC Worker Other (ms): Min: 0.0, Avg: 0.0, Max: 0.1, Diff: 0.1, Sum: 0.4]
      [GC Worker Total (ms): Min: 89.8, Avg: 90.5, Max: 90.8, Diff: 1.1, Sum: 724.0]
      [GC Worker End (ms): Min: 21008.1, Avg: 21008.1, Max: 21008.1, Diff: 0.1]
   [Code Root Fixup: 0.0 ms]
   [Clear CT: 0.1 ms]
   [Other: 0.7 ms]
      [Choose CSet: 0.0 ms]
      [Ref Proc: 0.2 ms]
      [Ref Enq: 0.0 ms]
      [Free CSet: 0.1 ms]
   [Eden: 43.0M(43.0M)->0.0B(47.0M) Survivors: 7168.0K->4096.0K Heap: 738.5M(1019.0M)->700.0M(1020.0M)]
 [Times: user=0.67 sys=0.00, real=0.09 secs] 
21.014: [GC pause (G1 Evacuation Pause) (young), 0.0520390 secs]
   [Parallel Time: 51.5 ms, GC Workers: 8]
      [GC Worker Start (ms): Min: 21013.6, Avg: 21013.8, Max: 21014.4, Diff: 0.8]
      [Ext Root Scanning (ms): Min: 0.0, Avg: 0.5, Max: 0.7, Diff: 0.7, Sum: 4.1]
      [SATB Filtering (ms): Min: 0.0, Avg: 0.0, Max: 0.1, Diff: 0.1, Sum: 0.1]
      [Update RS (ms): Min: 49.9, Avg: 50.1, Max: 50.4, Diff: 0.4, Sum: 400.6]
         [Processed Buffers: Min: 29, Avg: 31.5, Max: 34, Diff: 5, Sum: 252]
      [Scan RS (ms): Min: 0.0, Avg: 0.1, Max: 0.2, Diff: 0.2, Sum: 0.5]
      [Object Copy (ms): Min: 0.4, Avg: 0.5, Max: 0.5, Diff: 0.1, Sum: 3.8]
      [Termination (ms): Min: 0.0, Avg: 0.0, Max: 0.0, Diff: 0.0, Sum: 0.0]
      [GC Worker Other (ms): Min: 0.0, Avg: 0.1, Max: 0.1, Diff: 0.1, Sum: 0.4]
      [GC Worker Total (ms): Min: 50.5, Avg: 51.2, Max: 51.4, Diff: 0.9, Sum: 409.5]
      [GC Worker End (ms): Min: 21065.0, Avg: 21065.0, Max: 21065.0, Diff: 0.1]
   [Code Root Fixup: 0.0 ms]
   [Clear CT: 0.1 ms]
   [Other: 0.4 ms]
      [Choose CSet: 0.0 ms]
      [Ref Proc: 0.2 ms]
      [Ref Enq: 0.0 ms]
      [Free CSet: 0.1 ms]
   [Eden: 47.0M(47.0M)->0.0B(48.0M) Survivors: 4096.0K->3072.0K Heap: 747.0M(1020.0M)->698.5M(1021.0M)]
 [Times: user=0.35 sys=0.00, real=0.05 secs] 
21.137: [GC pause (G1 Evacuation Pause) (young), 0.0214620 secs]
   [Parallel Time: 20.4 ms, GC Workers: 8]
      [GC Worker Start (ms): Min: 21137.2, Avg: 21137.7, Max: 21138.8, Diff: 1.5]
      [Ext Root Scanning (ms): Min: 0.0, Avg: 0.6, Max: 1.0, Diff: 1.0, Sum: 4.8]
      [SATB Filtering (ms): Min: 0.0, Avg: 0.0, Max: 0.1, Diff: 0.1, Sum: 0.1]
      [Update RS (ms): Min: 8.9, Avg: 9.4, Max: 9.8, Diff: 0.9, Sum: 75.5]
         [Processed Buffers: Min: 3, Avg: 7.4, Max: 10, Diff: 7, Sum: 59]
      [Scan RS (ms): Min: 6.0, Avg: 6.6, Max: 6.9, Diff: 0.9, Sum: 52.6]
      [Object Copy (ms): Min: 2.9, Avg: 3.1, Max: 3.2, Diff: 0.3, Sum: 24.5]
      [Termination (ms): Min: 0.0, Avg: 0.1, Max: 0.1, Diff: 0.1, Sum: 0.6]
      [GC Worker Other (ms): Min: 0.0, Avg: 0.0, Max: 0.1, Diff: 0.1, Sum: 0.4]
      [GC Worker Total (ms): Min: 18.7, Avg: 19.8, Max: 20.3, Diff: 1.6, Sum: 158.5]
      [GC Worker End (ms): Min: 21157.5, Avg: 21157.5, Max: 21157.5, Diff: 0.1]
   [Code Root Fixup: 0.0 ms]
   [Clear CT: 0.1 ms]
   [Other: 1.0 ms]
      [Choose CSet: 0.0 ms]
      [Ref Proc: 0.3 ms]
      [Ref Enq: 0.0 ms]
      [Free CSet: 0.3 ms]
   [Eden: 48.0M(48.0M)->0.0B(165.0M) Survivors: 3072.0K->5120.0K Heap: 746.5M(1021.0M)->701.7M(1022.0M)]
 [Times: user=0.15 sys=0.00, real=0.02 secs] 
21.370: [GC pause (G1 Evacuation Pause) (young), 0.0733050 secs]
   [Parallel Time: 71.2 ms, GC Workers: 8]
      [GC Worker Start (ms): Min: 21369.8, Avg: 21369.9, Max: 21370.0, Diff: 0.1]
      [Ext Root Scanning (ms): Min: 0.5, Avg: 0.6, Max: 0.7, Diff: 0.1, Sum: 4.9]
      [SATB Filtering (ms): Min: 0.0, Avg: 0.0, Max: 0.1, Diff: 0.1, Sum: 0.1]
      [Update RS (ms): Min: 10.8, Avg: 10.9, Max: 11.3, Diff: 0.5, Sum: 87.5]
         [Processed Buffers: Min: 8, Avg: 9.2, Max: 11, Diff: 3, Sum: 74]
      [Scan RS (ms): Min: 47.7, Avg: 48.5, Max: 51.5, Diff: 3.8, Sum: 387.9]
      [Object Copy (ms): Min: 8.0, Avg: 11.0, Max: 11.5, Diff: 3.5, Sum: 87.8]
      [Termination (ms): Min: 0.0, Avg: 0.0, Max: 0.0, Diff: 0.0, Sum: 0.2]
      [GC Worker Other (ms): Min: 0.0, Avg: 0.1, Max: 0.1, Diff: 0.0, Sum: 0.6]
      [GC Worker Total (ms): Min: 71.0, Avg: 71.1, Max: 71.2, Diff: 0.2, Sum: 569.0]
      [GC Worker End (ms): Min: 21441.0, Avg: 21441.0, Max: 21441.0, Diff: 0.0]
   [Code Root Fixup: 0.0 ms]
   [Clear CT: 0.2 ms]
   [Other: 1.9 ms]
      [Choose CSet: 0.0 ms]
      [Ref Proc: 0.1 ms]
      [Ref Enq: 0.0 ms]
      [Free CSet: 1.0 ms]
   [Eden: 62.0M(46.0M)->0.0B(182.0M) Survivors: 5120.0K->7168.0K Heap: 763.7M(1022.0M)->714.5M(1023.0M)]
 [Times: user=0.56 sys=0.00, real=0.08 secs] 
21.670: [GC pause (G1 Evacuation Pause) (young), 0.0836670 secs]
   [Parallel Time: 81.2 ms, GC Workers: 8]
      [GC Worker Start (ms): Min: 21669.8, Avg: 21670.9, Max: 21677.6, Diff: 7.7]
      [Ext Root Scanning (ms): Min: 0.0, Avg: 0.5, Max: 0.8, Diff: 0.8, Sum: 4.4]
      [SATB Filtering (ms): Min: 0.0, Avg: 0.0, Max: 0.0, Diff: 0.0, Sum: 0.0]
      [Update RS (ms): Min: 8.5, Avg: 14.6, Max: 15.9, Diff: 7.4, Sum: 117.1]
         [Processed Buffers: Min: 8, Avg: 11.6, Max: 15, Diff: 7, Sum: 93]
      [Scan RS (ms): Min: 49.4, Avg: 50.0, Max: 51.2, Diff: 1.9, Sum: 399.7]
      [Object Copy (ms): Min: 13.9, Avg: 14.9, Max: 15.1, Diff: 1.2, Sum: 118.9]
      [Termination (ms): Min: 0.0, Avg: 0.1, Max: 0.1, Diff: 0.1, Sum: 0.6]
      [GC Worker Other (ms): Min: 0.0, Avg: 0.0, Max: 0.1, Diff: 0.1, Sum: 0.4]
      [GC Worker Total (ms): Min: 73.4, Avg: 80.1, Max: 81.2, Diff: 7.8, Sum: 641.0]
      [GC Worker End (ms): Min: 21750.9, Avg: 21751.0, Max: 21751.0, Diff: 0.1]
   [Code Root Fixup: 0.0 ms]
   [Clear CT: 0.2 ms]
   [Other: 2.3 ms]
      [Choose CSet: 0.0 ms]
      [Ref Proc: 0.2 ms]
      [Ref Enq: 0.0 ms]
      [Free CSet: 1.1 ms]
   [Eden: 75.0M(44.0M)->0.0B(163.0M) Survivors: 7168.0K->7168.0K Heap: 789.5M(1023.0M)->732.0M(1024.0M)]
 [Times: user=0.62 sys=0.00, real=0.09 secs] 
21.862: [GC pause (G1 Evacuation Pause) (young), 0.1102950 secs]
   [Parallel Time: 108.8 ms, GC Workers: 8]
      [GC Worker Start (ms): Min: 21861.9, Avg: 21863.0, Max: 21866.7, Diff: 4.7]
      [Ext Root Scanning (ms): Min: 0.0, Avg: 0.5, Max: 0.8, Diff: 0.8, Sum: 4.2]
      [SATB Filtering (ms): Min: 0.0, Avg: 0.0, Max: 0.1, Diff: 0.1, Sum: 0.1]
      [Update RS (ms): Min: 53.5, Avg: 56.8, Max: 58.1, Diff: 4.7, Sum: 454.7]
         [Processed Buffers: Min: 41, Avg: 42.9, Max: 44, Diff: 3, Sum: 343]
      [Scan RS (ms): Min: 38.8, Avg: 39.7, Max: 41.0, Diff: 2.2, Sum: 317.5]
      [Object Copy (ms): Min: 9.2, Avg: 10.6, Max: 11.3, Diff: 2.1, Sum: 84.5]
      [Termination (ms): Min: 0.0, Avg: 0.0, Max: 0.0, Diff: 0.0, Sum: 0.2]
      [GC Worker Other (ms): Min: 0.0, Avg: 0.0, Max: 0.1, Diff: 0.1, Sum: 0.3]
      [GC Worker Total (ms): Min: 104.0, Avg: 107.7, Max: 108.7, Diff: 4.8, Sum: 861.5]
      [GC Worker End (ms): Min: 21970.6, Avg: 21970.6, Max: 21970.7, Diff: 0.1]
   [Code Root Fixup: 0.0 ms]
   [Clear CT: 0.2 ms]
   [Other: 1.3 ms]
      [Choose CSet: 0.0 ms]
      [Ref Proc: 0.2 ms]
      [Ref Enq: 0.0 ms]
      [Free CSet: 0.5 ms]
   [Eden: 163.0M(163.0M)->0.0B(157.0M) Survivors: 7168.0K->10.0M Heap: 895.0M(1024.0M)->743.0M(1024.0M)]
 [Times: user=0.83 sys=0.01, real=0.11 secs] 
22.277: [GC pause (G1 Evacuation Pause) (young), 0.0948940 secs]
   [Parallel Time: 91.7 ms, GC Workers: 8]
      [GC Worker Start (ms): Min: 22277.0, Avg: 22278.5, Max: 22282.0, Diff: 5.0]
      [Ext Root Scanning (ms): Min: 0.0, Avg: 0.5, Max: 0.8, Diff: 0.8, Sum: 3.7]
      [SATB Filtering (ms): Min: 0.0, Avg: 0.0, Max: 0.0, Diff: 0.0, Sum: 0.0]
      [Update RS (ms): Min: 7.7, Avg: 10.9, Max: 12.9, Diff: 5.1, Sum: 86.8]
         [Processed Buffers: Min: 6, Avg: 8.8, Max: 14, Diff: 8, Sum: 70]
      [Scan RS (ms): Min: 59.6, Avg: 60.5, Max: 61.0, Diff: 1.4, Sum: 484.3]
      [Object Copy (ms): Min: 17.9, Avg: 18.2, Max: 18.4, Diff: 0.5, Sum: 145.2]
      [Termination (ms): Min: 0.0, Avg: 0.1, Max: 0.1, Diff: 0.1, Sum: 0.7]
      [GC Worker Other (ms): Min: 0.0, Avg: 0.0, Max: 0.0, Diff: 0.0, Sum: 0.1]
      [GC Worker Total (ms): Min: 86.6, Avg: 90.1, Max: 91.6, Diff: 5.0, Sum: 720.9]
      [GC Worker End (ms): Min: 22368.6, Avg: 22368.6, Max: 22368.6, Diff: 0.0]
   [Code Root Fixup: 0.0 ms]
   [Clear CT: 0.2 ms]
   [Other: 3.0 ms]
      [Choose CSet: 0.0 ms]
      [Ref Proc: 0.2 ms]
      [Ref Enq: 0.0 ms]
      [Free CSet: 1.8 ms]
   [Eden: 147.0M(41.0M)->0.0B(140.0M) Survivors: 10.0M->7168.0K Heap: 890.0M(1024.0M)->762.0M(1024.0M)]
 [Times: user=0.70 sys=0.01, real=0.09 secs] 
22.528: [GC concurrent-mark-end, 2.4994930 secs]
22.528: [GC remark 22.529: [GC ref-proc, 0.0000540 secs], 0.0035370 secs]
 [Times: user=0.02 sys=0.00, real=0.00 secs] 
22.532: [GC cleanup 817M->817M(1024M), 0.0124230 secs]
 [Times: user=0.09 sys=0.00, real=0.02 secs] 
22.759: [GC pause (G1 Evacuation Pause) (young), 0.0926430 secs]
   [Parallel Time: 88.9 ms, GC Workers: 8]
      [GC Worker Start (ms): Min: 22758.9, Avg: 22760.3, Max: 22762.6, Diff: 3.7]
      [Ext Root Scanning (ms): Min: 0.0, Avg: 0.5, Max: 1.0, Diff: 1.0, Sum: 3.7]
      [Update RS (ms): Min: 11.9, Avg: 13.3, Max: 14.3, Diff: 2.4, Sum: 106.6]
         [Processed Buffers: Min: 6, Avg: 8.8, Max: 14, Diff: 8, Sum: 70]
      [Scan RS (ms): Min: 52.2, Avg: 52.7, Max: 53.1, Diff: 0.8, Sum: 421.4]
      [Object Copy (ms): Min: 20.8, Avg: 21.0, Max: 21.1, Diff: 0.2, Sum: 167.9]
      [Termination (ms): Min: 0.0, Avg: 0.0, Max: 0.0, Diff: 0.0, Sum: 0.0]
      [GC Worker Other (ms): Min: 0.0, Avg: 0.0, Max: 0.1, Diff: 0.0, Sum: 0.3]
      [GC Worker Total (ms): Min: 85.1, Avg: 87.5, Max: 88.9, Diff: 3.7, Sum: 699.9]
      [GC Worker End (ms): Min: 22847.7, Avg: 22847.8, Max: 22847.8, Diff: 0.0]
   [Code Root Fixup: 0.0 ms]
   [Clear CT: 0.2 ms]
   [Other: 3.5 ms]
      [Choose CSet: 0.0 ms]
      [Ref Proc: 0.3 ms]
      [Ref Enq: 0.0 ms]
      [Free CSet: 2.1 ms]
   [Eden: 140.0M(140.0M)->0.0B(116.0M) Survivors: 7168.0K->19.0M Heap: 902.0M(1024.0M)->786.0M(1024.0M)]
 [Times: user=0.67 sys=0.01, real=0.09 secs] 
23.070: [GC pause (G1 Evacuation Pause) (young), 0.1453370 secs]
   [Parallel Time: 142.0 ms, GC Workers: 8]
      [GC Worker Start (ms): Min: 23070.1, Avg: 23071.1, Max: 23075.8, Diff: 5.7]
      [Ext Root Scanning (ms): Min: 0.0, Avg: 0.5, Max: 0.8, Diff: 0.8, Sum: 4.1]
      [Update RS (ms): Min: 30.9, Avg: 34.7, Max: 36.1, Diff: 5.3, Sum: 277.5]
         [Processed Buffers: Min: 22, Avg: 24.4, Max: 26, Diff: 4, Sum: 195]
      [Scan RS (ms): Min: 75.7, Avg: 76.4, Max: 77.0, Diff: 1.3, Sum: 611.5]
      [Object Copy (ms): Min: 28.7, Avg: 29.1, Max: 29.4, Diff: 0.7, Sum: 233.0]
      [Termination (ms): Min: 0.0, Avg: 0.0, Max: 0.0, Diff: 0.0, Sum: 0.2]
      [GC Worker Other (ms): Min: 0.0, Avg: 0.0, Max: 0.1, Diff: 0.0, Sum: 0.3]
      [GC Worker Total (ms): Min: 136.2, Avg: 140.8, Max: 141.9, Diff: 5.7, Sum: 1126.5]
      [GC Worker End (ms): Min: 23211.9, Avg: 23212.0, Max: 23212.0, Diff: 0.0]
   [Code Root Fixup: 0.0 ms]
   [Clear CT: 0.2 ms]
   [Other: 3.1 ms]
      [Choose CSet: 0.0 ms]
      [Ref Proc: 0.2 ms]
      [Ref Enq: 0.0 ms]
      [Free CSet: 1.8 ms]
   [Eden: 116.0M(116.0M)->0.0B(34.0M) Survivors: 19.0M->17.0M Heap: 902.0M(1024.0M)->807.0M(1024.0M)]
 [Times: user=1.08 sys=0.01, real=0.15 secs] 
23.289: [GC pause (G1 Evacuation Pause) (young) (initial-mark), 0.1251140 secs]
   [Parallel Time: 123.3 ms, GC Workers: 8]
      [GC Worker Start (ms): Min: 23289.6, Avg: 23292.2, Max: 23299.6, Diff: 10.0]
      [Ext Root Scanning (ms): Min: 0.0, Avg: 0.5, Max: 0.8, Diff: 0.8, Sum: 3.6]
      [Update RS (ms): Min: 87.2, Avg: 94.0, Max: 96.6, Diff: 9.5, Sum: 752.4]
         [Processed Buffers: Min: 59, Avg: 63.1, Max: 68, Diff: 9, Sum: 505]
      [Scan RS (ms): Min: 8.7, Avg: 9.1, Max: 9.5, Diff: 0.8, Sum: 72.9]
      [Object Copy (ms): Min: 16.7, Avg: 16.8, Max: 17.0, Diff: 0.3, Sum: 134.8]
      [Termination (ms): Min: 0.0, Avg: 0.1, Max: 0.1, Diff: 0.1, Sum: 0.6]
      [GC Worker Other (ms): Min: 0.0, Avg: 0.0, Max: 0.1, Diff: 0.0, Sum: 0.3]
      [GC Worker Total (ms): Min: 113.2, Avg: 120.6, Max: 123.2, Diff: 10.0, Sum: 964.6]
      [GC Worker End (ms): Min: 23412.8, Avg: 23412.8, Max: 23412.8, Diff: 0.1]
   [Code Root Fixup: 0.0 ms]
   [Clear CT: 0.1 ms]
   [Other: 1.7 ms]
      [Choose CSet: 0.0 ms]
      [Ref Proc: 0.2 ms]
      [Ref Enq: 0.0 ms]
      [Free CSet: 0.4 ms]
   [Eden: 34.0M(34.0M)->0.0B(44.0M) Survivors: 17.0M->7168.0K Heap: 841.0M(1024.0M)->817.0M(1024.0M)]
 [Times: user=0.93 sys=0.00, real=0.13 secs] 
23.415: [GC concurrent-root-region-scan-start]
23.427: [GC concurrent-root-region-scan-end, 0.0119180 secs]
23.427: [GC concurrent-mark-start]
23.511: [GC pause (G1 Evacuation Pause) (young), 0.1386010 secs]
   [Parallel Time: 137.4 ms, GC Workers: 8]
      [GC Worker Start (ms): Min: 23510.8, Avg: 23511.3, Max: 23513.4, Diff: 2.7]
      [Ext Root Scanning (ms): Min: 0.0, Avg: 0.5, Max: 0.7, Diff: 0.7, Sum: 4.0]
      [SATB Filtering (ms): Min: 0.0, Avg: 0.0, Max: 0.1, Diff: 0.1, Sum: 0.1]
      [Update RS (ms): Min: 92.2, Avg: 93.7, Max: 94.5, Diff: 2.3, Sum: 749.9]
         [Processed Buffers: Min: 60, Avg: 62.5, Max: 65, Diff: 5, Sum: 500]
      [Scan RS (ms): Min: 32.5, Avg: 32.9, Max: 33.6, Diff: 1.1, Sum: 263.5]
      [Object Copy (ms): Min: 9.5, Avg: 9.6, Max: 9.6, Diff: 0.1, Sum: 76.6]
      [Termination (ms): Min: 0.0, Avg: 0.0, Max: 0.0, Diff: 0.0, Sum: 0.0]
      [GC Worker Other (ms): Min: 0.0, Avg: 0.0, Max: 0.1, Diff: 0.0, Sum: 0.3]
      [GC Worker Total (ms): Min: 134.6, Avg: 136.8, Max: 137.3, Diff: 2.7, Sum: 1094.3]
      [GC Worker End (ms): Min: 23648.0, Avg: 23648.1, Max: 23648.1, Diff: 0.0]
   [Code Root Fixup: 0.0 ms]
   [Clear CT: 0.2 ms]
   [Other: 1.1 ms]
      [Choose CSet: 0.0 ms]
      [Ref Proc: 0.1 ms]
      [Ref Enq: 0.0 ms]
      [Free CSet: 0.2 ms]
   [Eden: 44.0M(44.0M)->0.0B(44.0M) Survivors: 7168.0K->7168.0K Heap: 861.0M(1024.0M)->828.0M(1024.0M)]
 [Times: user=1.06 sys=0.00, real=0.14 secs] 
23.752: [GC pause (G1 Evacuation Pause) (young), 0.1043640 secs]
   [Parallel Time: 103.1 ms, GC Workers: 8]
      [GC Worker Start (ms): Min: 23751.9, Avg: 23753.3, Max: 23756.7, Diff: 4.8]
      [Ext Root Scanning (ms): Min: 0.0, Avg: 0.5, Max: 0.8, Diff: 0.8, Sum: 3.7]
      [SATB Filtering (ms): Min: 0.0, Avg: 0.0, Max: 0.0, Diff: 0.0, Sum: 0.0]
      [Update RS (ms): Min: 55.1, Avg: 58.1, Max: 59.8, Diff: 4.8, Sum: 464.7]
         [Processed Buffers: Min: 33, Avg: 37.5, Max: 41, Diff: 8, Sum: 300]
      [Scan RS (ms): Min: 32.3, Avg: 33.0, Max: 33.3, Diff: 1.0, Sum: 263.8]
      [Object Copy (ms): Min: 10.0, Avg: 10.1, Max: 10.1, Diff: 0.1, Sum: 80.4]
      [Termination (ms): Min: 0.0, Avg: 0.0, Max: 0.0, Diff: 0.0, Sum: 0.0]
      [GC Worker Other (ms): Min: 0.0, Avg: 0.0, Max: 0.1, Diff: 0.0, Sum: 0.3]
      [GC Worker Total (ms): Min: 98.2, Avg: 101.6, Max: 103.1, Diff: 4.8, Sum: 813.0]
      [GC Worker End (ms): Min: 23854.9, Avg: 23854.9, Max: 23855.0, Diff: 0.0]
   [Code Root Fixup: 0.0 ms]
   [Clear CT: 0.2 ms]
   [Other: 1.1 ms]
      [Choose CSet: 0.0 ms]
      [Ref Proc: 0.2 ms]
      [Ref Enq: 0.0 ms]
      [Free CSet: 0.4 ms]
   [Eden: 44.0M(44.0M)->0.0B(44.0M) Survivors: 7168.0K->7168.0K Heap: 872.0M(1024.0M)->839.0M(1024.0M)]
 [Times: user=0.75 sys=0.00, real=0.11 secs] 
23.981: [GC pause (G1 Evacuation Pause) (young), 0.1172810 secs]
   [Parallel Time: 116.0 ms, GC Workers: 8]
      [GC Worker Start (ms): Min: 23980.9, Avg: 23981.1, Max: 23982.4, Diff: 1.6]
      [Ext Root Scanning (ms): Min: 0.0, Avg: 0.7, Max: 0.9, Diff: 0.9, Sum: 5.4]
      [SATB Filtering (ms): Min: 0.0, Avg: 0.0, Max: 0.1, Diff: 0.1, Sum: 0.1]
      [Update RS (ms): Min: 44.3, Avg: 45.0, Max: 45.9, Diff: 1.6, Sum: 359.7]
         [Processed Buffers: Min: 27, Avg: 31.0, Max: 35, Diff: 8, Sum: 248]
      [Scan RS (ms): Min: 57.4, Avg: 59.3, Max: 60.2, Diff: 2.9, Sum: 474.0]
      [Object Copy (ms): Min: 10.0, Avg: 10.7, Max: 12.5, Diff: 2.5, Sum: 85.8]
      [Termination (ms): Min: 0.0, Avg: 0.0, Max: 0.0, Diff: 0.0, Sum: 0.1]
      [GC Worker Other (ms): Min: 0.0, Avg: 0.0, Max: 0.1, Diff: 0.0, Sum: 0.3]
      [GC Worker Total (ms): Min: 114.3, Avg: 115.7, Max: 115.9, Diff: 1.6, Sum: 925.4]
      [GC Worker End (ms): Min: 24096.8, Avg: 24096.8, Max: 24096.8, Diff: 0.1]
   [Code Root Fixup: 0.0 ms]
   [Clear CT: 0.1 ms]
   [Other: 1.1 ms]
      [Choose CSet: 0.0 ms]
      [Ref Proc: 0.2 ms]
      [Ref Enq: 0.0 ms]
      [Free CSet: 0.4 ms]
   [Eden: 44.0M(44.0M)->0.0B(44.0M) Survivors: 7168.0K->7168.0K Heap: 883.0M(1024.0M)->849.5M(1024.0M)]
 [Times: user=0.88 sys=0.00, real=0.12 secs] 
24.193: [GC pause (G1 Evacuation Pause) (young), 0.0954800 secs]
   [Parallel Time: 94.1 ms, GC Workers: 8]
      [GC Worker Start (ms): Min: 24192.6, Avg: 24193.5, Max: 24194.7, Diff: 2.1]
      [Ext Root Scanning (ms): Min: 0.0, Avg: 0.5, Max: 1.0, Diff: 1.0, Sum: 3.6]
      [SATB Filtering (ms): Min: 0.0, Avg: 0.0, Max: 0.1, Diff: 0.1, Sum: 0.1]
      [Update RS (ms): Min: 61.0, Avg: 62.2, Max: 63.0, Diff: 2.0, Sum: 497.6]
         [Processed Buffers: Min: 41, Avg: 43.5, Max: 45, Diff: 4, Sum: 348]
      [Scan RS (ms): Min: 19.8, Avg: 20.4, Max: 20.9, Diff: 1.1, Sum: 163.1]
      [Object Copy (ms): Min: 10.0, Avg: 10.0, Max: 10.1, Diff: 0.1, Sum: 80.1]
      [Termination (ms): Min: 0.0, Avg: 0.0, Max: 0.0, Diff: 0.0, Sum: 0.0]
      [GC Worker Other (ms): Min: 0.0, Avg: 0.0, Max: 0.0, Diff: 0.0, Sum: 0.2]
      [GC Worker Total (ms): Min: 91.9, Avg: 93.1, Max: 94.0, Diff: 2.1, Sum: 744.7]
      [GC Worker End (ms): Min: 24286.6, Avg: 24286.6, Max: 24286.6, Diff: 0.0]
   [Code Root Fixup: 0.0 ms]
   [Clear CT: 0.2 ms]
   [Other: 1.2 ms]
      [Choose CSet: 0.0 ms]
      [Ref Proc: 0.1 ms]
      [Ref Enq: 0.0 ms]
      [Free CSet: 0.4 ms]
   [Eden: 44.0M(44.0M)->0.0B(44.0M) Survivors: 7168.0K->7168.0K Heap: 893.5M(1024.0M)->859.5M(1024.0M)]
 [Times: user=0.72 sys=0.00, real=0.10 secs] 
24.387: [GC pause (G1 Evacuation Pause) (young), 0.1176150 secs]
   [Parallel Time: 116.2 ms, GC Workers: 8]
      [GC Worker Start (ms): Min: 24387.5, Avg: 24387.9, Max: 24389.4, Diff: 1.9]
      [Ext Root Scanning (ms): Min: 0.0, Avg: 0.6, Max: 0.8, Diff: 0.8, Sum: 4.7]
      [SATB Filtering (ms): Min: 0.0, Avg: 0.0, Max: 0.0, Diff: 0.0, Sum: 0.0]
      [Update RS (ms): Min: 64.4, Avg: 65.1, Max: 65.6, Diff: 1.2, Sum: 521.1]
         [Processed Buffers: Min: 41, Avg: 44.0, Max: 47, Diff: 6, Sum: 352]
      [Scan RS (ms): Min: 39.3, Avg: 39.8, Max: 40.0, Diff: 0.7, Sum: 318.0]
      [Object Copy (ms): Min: 10.1, Avg: 10.2, Max: 10.2, Diff: 0.1, Sum: 81.5]
      [Termination (ms): Min: 0.0, Avg: 0.0, Max: 0.0, Diff: 0.0, Sum: 0.0]
      [GC Worker Other (ms): Min: 0.0, Avg: 0.0, Max: 0.1, Diff: 0.1, Sum: 0.4]
      [GC Worker Total (ms): Min: 114.3, Avg: 115.7, Max: 116.2, Diff: 1.9, Sum: 925.9]
      [GC Worker End (ms): Min: 24503.6, Avg: 24503.7, Max: 24503.7, Diff: 0.1]
   [Code Root Fixup: 0.0 ms]
   [Clear CT: 0.1 ms]
   [Other: 1.3 ms]
      [Choose CSet: 0.0 ms]
      [Ref Proc: 0.2 ms]
      [Ref Enq: 0.0 ms]
      [Free CSet: 0.4 ms]
   [Eden: 44.0M(44.0M)->0.0B(44.0M) Survivors: 7168.0K->7168.0K Heap: 903.5M(1024.0M)->870.0M(1024.0M)]
 [Times: user=0.89 sys=0.00, real=0.12 secs] 
24.636: [GC pause (G1 Evacuation Pause) (young), 0.1059790 secs]
   [Parallel Time: 104.7 ms, GC Workers: 8]
      [GC Worker Start (ms): Min: 24636.5, Avg: 24638.0, Max: 24646.5, Diff: 10.0]
      [Ext Root Scanning (ms): Min: 0.0, Avg: 0.5, Max: 0.8, Diff: 0.8, Sum: 3.7]
      [SATB Filtering (ms): Min: 0.0, Avg: 0.0, Max: 0.0, Diff: 0.0, Sum: 0.0]
      [Update RS (ms): Min: 29.4, Avg: 37.2, Max: 38.7, Diff: 9.3, Sum: 297.6]
         [Processed Buffers: Min: 24, Avg: 27.1, Max: 30, Diff: 6, Sum: 217]
      [Scan RS (ms): Min: 54.9, Avg: 55.4, Max: 56.0, Diff: 1.1, Sum: 443.6]
      [Object Copy (ms): Min: 9.5, Avg: 9.9, Max: 10.1, Diff: 0.6, Sum: 79.6]
      [Termination (ms): Min: 0.0, Avg: 0.0, Max: 0.0, Diff: 0.0, Sum: 0.1]
      [GC Worker Other (ms): Min: 0.0, Avg: 0.0, Max: 0.1, Diff: 0.0, Sum: 0.3]
      [GC Worker Total (ms): Min: 94.6, Avg: 103.1, Max: 104.7, Diff: 10.1, Sum: 824.8]
      [GC Worker End (ms): Min: 24741.1, Avg: 24741.2, Max: 24741.2, Diff: 0.0]
   [Code Root Fixup: 0.0 ms]
   [Clear CT: 0.2 ms]
   [Other: 1.1 ms]
      [Choose CSet: 0.0 ms]
      [Ref Proc: 0.1 ms]
      [Ref Enq: 0.0 ms]
      [Free CSet: 0.4 ms]
   [Eden: 44.0M(44.0M)->0.0B(44.0M) Survivors: 7168.0K->7168.0K Heap: 914.0M(1024.0M)->880.0M(1024.0M)]
 [Times: user=0.79 sys=0.00, real=0.10 secs] 
24.833: [GC pause (G1 Evacuation Pause) (young), 0.0919190 secs]
   [Parallel Time: 90.6 ms, GC Workers: 8]
      [GC Worker Start (ms): Min: 24833.1, Avg: 24833.3, Max: 24834.1, Diff: 1.0]
      [Ext Root Scanning (ms): Min: 0.0, Avg: 0.5, Max: 0.8, Diff: 0.8, Sum: 4.1]
      [SATB Filtering (ms): Min: 0.0, Avg: 0.0, Max: 0.1, Diff: 0.1, Sum: 0.1]
      [Update RS (ms): Min: 66.0, Avg: 66.4, Max: 66.7, Diff: 0.7, Sum: 531.1]
         [Processed Buffers: Min: 43, Avg: 45.0, Max: 47, Diff: 4, Sum: 360]
      [Scan RS (ms): Min: 13.8, Avg: 14.1, Max: 14.3, Diff: 0.5, Sum: 112.6]
      [Object Copy (ms): Min: 9.2, Avg: 9.3, Max: 9.3, Diff: 0.1, Sum: 74.2]
      [Termination (ms): Min: 0.0, Avg: 0.0, Max: 0.0, Diff: 0.0, Sum: 0.0]
      [GC Worker Other (ms): Min: 0.0, Avg: 0.0, Max: 0.1, Diff: 0.1, Sum: 0.4]
      [GC Worker Total (ms): Min: 89.5, Avg: 90.3, Max: 90.6, Diff: 1.0, Sum: 722.4]
      [GC Worker End (ms): Min: 24923.6, Avg: 24923.6, Max: 24923.7, Diff: 0.1]
   [Code Root Fixup: 0.0 ms]
   [Clear CT: 0.2 ms]
   [Other: 1.2 ms]
      [Choose CSet: 0.0 ms]
      [Ref Proc: 0.2 ms]
      [Ref Enq: 0.0 ms]
      [Free CSet: 0.3 ms]
   [Eden: 44.0M(44.0M)->0.0B(44.0M) Survivors: 7168.0K->7168.0K Heap: 924.0M(1024.0M)->890.0M(1024.0M)]
 [Times: user=0.70 sys=0.00, real=0.10 secs] 
25.030: [GC pause (G1 Evacuation Pause) (young), 0.1335870 secs]
   [Parallel Time: 132.1 ms, GC Workers: 8]
      [GC Worker Start (ms): Min: 25029.9, Avg: 25030.0, Max: 25030.3, Diff: 0.4]
      [Ext Root Scanning (ms): Min: 0.2, Avg: 0.6, Max: 0.8, Diff: 0.5, Sum: 4.6]
      [SATB Filtering (ms): Min: 0.0, Avg: 0.0, Max: 0.1, Diff: 0.1, Sum: 0.1]
      [Update RS (ms): Min: 66.6, Avg: 67.2, Max: 67.9, Diff: 1.3, Sum: 537.6]
         [Processed Buffers: Min: 40, Avg: 44.5, Max: 47, Diff: 7, Sum: 356]
      [Scan RS (ms): Min: 50.1, Avg: 51.1, Max: 51.8, Diff: 1.6, Sum: 408.7]
      [Object Copy (ms): Min: 11.9, Avg: 13.0, Max: 13.9, Diff: 2.0, Sum: 103.8]
      [Termination (ms): Min: 0.0, Avg: 0.1, Max: 0.1, Diff: 0.1, Sum: 0.6]
      [GC Worker Other (ms): Min: 0.0, Avg: 0.0, Max: 0.1, Diff: 0.0, Sum: 0.3]
      [GC Worker Total (ms): Min: 131.6, Avg: 131.9, Max: 132.1, Diff: 0.5, Sum: 1055.5]
      [GC Worker End (ms): Min: 25161.9, Avg: 25162.0, Max: 25162.0, Diff: 0.1]
   [Code Root Fixup: 0.0 ms]
   [Clear CT: 0.3 ms]
   [Other: 1.2 ms]
      [Choose CSet: 0.0 ms]
      [Ref Proc: 0.1 ms]
      [Ref Enq: 0.0 ms]
      [Free CSet: 0.3 ms]
   [Eden: 44.0M(44.0M)->0.0B(44.0M) Survivors: 7168.0K->7168.0K Heap: 934.0M(1024.0M)->900.5M(1024.0M)]
 [Times: user=1.00 sys=0.00, real=0.14 secs] 
25.270: [GC pause (G1 Evacuation Pause) (young), 0.1138050 secs]
   [Parallel Time: 112.4 ms, GC Workers: 8]
      [GC Worker Start (ms): Min: 25270.2, Avg: 25270.5, Max: 25271.4, Diff: 1.2]
      [Ext Root Scanning (ms): Min: 0.0, Avg: 0.5, Max: 0.8, Diff: 0.8, Sum: 4.3]
      [SATB Filtering (ms): Min: 0.0, Avg: 0.0, Max: 0.1, Diff: 0.1, Sum: 0.1]
      [Update RS (ms): Min: 58.1, Avg: 58.9, Max: 59.8, Diff: 1.7, Sum: 470.8]
         [Processed Buffers: Min: 37, Avg: 40.0, Max: 43, Diff: 6, Sum: 320]
      [Scan RS (ms): Min: 40.3, Avg: 41.1, Max: 41.7, Diff: 1.3, Sum: 329.1]
      [Object Copy (ms): Min: 11.3, Avg: 11.4, Max: 11.4, Diff: 0.1, Sum: 90.9]
      [Termination (ms): Min: 0.0, Avg: 0.1, Max: 0.1, Diff: 0.1, Sum: 0.5]
      [GC Worker Other (ms): Min: 0.0, Avg: 0.0, Max: 0.1, Diff: 0.0, Sum: 0.3]
      [GC Worker Total (ms): Min: 111.2, Avg: 112.0, Max: 112.3, Diff: 1.2, Sum: 896.0]
      [GC Worker End (ms): Min: 25382.5, Avg: 25382.5, Max: 25382.5, Diff: 0.0]
   [Code Root Fixup: 0.0 ms]
   [Clear CT: 0.1 ms]
   [Other: 1.3 ms]
      [Choose CSet: 0.0 ms]
      [Ref Proc: 0.2 ms]
      [Ref Enq: 0.0 ms]
      [Free CSet: 0.3 ms]
   [Eden: 44.0M(44.0M)->0.0B(44.0M) Survivors: 7168.0K->7168.0K Heap: 944.5M(1024.0M)->910.5M(1024.0M)]
 [Times: user=0.86 sys=0.01, real=0.12 secs] 
25.493: [GC pause (G1 Evacuation Pause) (young), 0.1153890 secs]
   [Parallel Time: 114.0 ms, GC Workers: 8]
      [GC Worker Start (ms): Min: 25492.8, Avg: 25492.9, Max: 25493.1, Diff: 0.3]
      [Ext Root Scanning (ms): Min: 0.4, Avg: 0.6, Max: 0.7, Diff: 0.2, Sum: 4.5]
      [SATB Filtering (ms): Min: 0.0, Avg: 0.0, Max: 0.0, Diff: 0.0, Sum: 0.0]
      [Update RS (ms): Min: 63.6, Avg: 64.2, Max: 64.8, Diff: 1.3, Sum: 513.5]
         [Processed Buffers: Min: 41, Avg: 42.9, Max: 45, Diff: 4, Sum: 343]
      [Scan RS (ms): Min: 37.4, Avg: 38.2, Max: 38.5, Diff: 1.2, Sum: 305.6]
      [Object Copy (ms): Min: 9.9, Avg: 10.8, Max: 11.1, Diff: 1.1, Sum: 86.1]
      [Termination (ms): Min: 0.0, Avg: 0.1, Max: 0.1, Diff: 0.1, Sum: 0.5]
      [GC Worker Other (ms): Min: 0.0, Avg: 0.0, Max: 0.1, Diff: 0.1, Sum: 0.4]
      [GC Worker Total (ms): Min: 113.6, Avg: 113.8, Max: 114.0, Diff: 0.3, Sum: 910.7]
      [GC Worker End (ms): Min: 25606.7, Avg: 25606.8, Max: 25606.8, Diff: 0.1]
   [Code Root Fixup: 0.0 ms]
   [Clear CT: 0.2 ms]
   [Other: 1.2 ms]
      [Choose CSet: 0.0 ms]
      [Ref Proc: 0.2 ms]
      [Ref Enq: 0.0 ms]
      [Free CSet: 0.4 ms]
   [Eden: 44.0M(44.0M)->0.0B(44.0M) Survivors: 7168.0K->7168.0K Heap: 954.5M(1024.0M)->921.0M(1024.0M)]
 [Times: user=0.87 sys=0.01, real=0.12 secs] 
25.697: [GC pause (G1 Evacuation Pause) (young), 0.1122610 secs]
   [Parallel Time: 110.9 ms, GC Workers: 8]
      [GC Worker Start (ms): Min: 25696.7, Avg: 25697.4, Max: 25699.1, Diff: 2.4]
      [Ext Root Scanning (ms): Min: 0.0, Avg: 0.5, Max: 0.8, Diff: 0.8, Sum: 3.9]
      [SATB Filtering (ms): Min: 0.0, Avg: 0.0, Max: 0.1, Diff: 0.1, Sum: 0.1]
      [Update RS (ms): Min: 70.3, Avg: 71.8, Max: 73.4, Diff: 3.0, Sum: 574.2]
         [Processed Buffers: Min: 46, Avg: 47.6, Max: 51, Diff: 5, Sum: 381]
      [Scan RS (ms): Min: 25.5, Avg: 26.7, Max: 27.3, Diff: 1.8, Sum: 213.9]
      [Object Copy (ms): Min: 11.0, Avg: 11.0, Max: 11.0, Diff: 0.1, Sum: 88.0]
      [Termination (ms): Min: 0.0, Avg: 0.0, Max: 0.0, Diff: 0.0, Sum: 0.0]
      [GC Worker Other (ms): Min: 0.0, Avg: 0.0, Max: 0.1, Diff: 0.1, Sum: 0.2]
      [GC Worker Total (ms): Min: 108.4, Avg: 110.0, Max: 110.8, Diff: 2.4, Sum: 880.3]
      [GC Worker End (ms): Min: 25807.4, Avg: 25807.5, Max: 25807.5, Diff: 0.1]
   [Code Root Fixup: 0.0 ms]
   [Clear CT: 0.1 ms]
   [Other: 1.3 ms]
      [Choose CSet: 0.0 ms]
      [Ref Proc: 0.2 ms]
      [Ref Enq: 0.0 ms]
      [Free CSet: 0.3 ms]
   [Eden: 44.0M(44.0M)->0.0B(44.0M) Survivors: 7168.0K->7168.0K Heap: 965.0M(1024.0M)->930.5M(1024.0M)]
 [Times: user=0.82 sys=0.01, real=0.11 secs] 
25.916: [GC pause (G1 Evacuation Pause) (young), 0.1186460 secs]
   [Parallel Time: 117.4 ms, GC Workers: 8]
      [GC Worker Start (ms): Min: 25916.4, Avg: 25916.8, Max: 25918.6, Diff: 2.2]
      [Ext Root Scanning (ms): Min: 0.0, Avg: 0.6, Max: 0.8, Diff: 0.8, Sum: 4.5]
      [SATB Filtering (ms): Min: 0.0, Avg: 0.0, Max: 0.1, Diff: 0.1, Sum: 0.1]
      [Update RS (ms): Min: 42.3, Avg: 43.5, Max: 44.1, Diff: 1.8, Sum: 347.7]
         [Processed Buffers: Min: 28, Avg: 29.4, Max: 32, Diff: 4, Sum: 235]
      [Scan RS (ms): Min: 62.7, Avg: 63.6, Max: 64.9, Diff: 2.2, Sum: 509.1]
      [Object Copy (ms): Min: 8.0, Avg: 9.2, Max: 9.7, Diff: 1.7, Sum: 73.5]
      [Termination (ms): Min: 0.0, Avg: 0.0, Max: 0.0, Diff: 0.0, Sum: 0.2]
      [GC Worker Other (ms): Min: 0.0, Avg: 0.1, Max: 0.1, Diff: 0.1, Sum: 0.6]
      [GC Worker Total (ms): Min: 115.1, Avg: 117.0, Max: 117.4, Diff: 2.2, Sum: 935.6]
      [GC Worker End (ms): Min: 26033.7, Avg: 26033.8, Max: 26033.8, Diff: 0.1]
   [Code Root Fixup: 0.0 ms]
   [Clear CT: 0.2 ms]
   [Other: 1.0 ms]
      [Choose CSet: 0.0 ms]
      [Ref Proc: 0.2 ms]
      [Ref Enq: 0.0 ms]
      [Free CSet: 0.3 ms]
   [Eden: 44.0M(44.0M)->0.0B(45.0M) Survivors: 7168.0K->6144.0K Heap: 974.5M(1024.0M)->937.5M(1024.0M)]
 [Times: user=0.88 sys=0.01, real=0.12 secs] 
26.239: [GC pause (G1 Evacuation Pause) (young), 0.0938410 secs]
   [Parallel Time: 92.0 ms, GC Workers: 8]
      [GC Worker Start (ms): Min: 26238.8, Avg: 26240.2, Max: 26245.6, Diff: 6.8]
      [Ext Root Scanning (ms): Min: 0.0, Avg: 0.5, Max: 0.8, Diff: 0.8, Sum: 4.1]
      [SATB Filtering (ms): Min: 0.0, Avg: 0.0, Max: 0.1, Diff: 0.1, Sum: 0.1]
      [Update RS (ms): Min: 6.1, Avg: 11.3, Max: 13.3, Diff: 7.2, Sum: 90.3]
         [Processed Buffers: Min: 6, Avg: 8.8, Max: 11, Diff: 5, Sum: 70]
      [Scan RS (ms): Min: 67.1, Avg: 68.2, Max: 70.2, Diff: 3.2, Sum: 545.2]
      [Object Copy (ms): Min: 8.7, Avg: 10.5, Max: 10.9, Diff: 2.1, Sum: 84.0]
      [Termination (ms): Min: 0.0, Avg: 0.1, Max: 0.1, Diff: 0.1, Sum: 0.6]
      [GC Worker Other (ms): Min: 0.0, Avg: 0.1, Max: 0.1, Diff: 0.1, Sum: 0.5]
      [GC Worker Total (ms): Min: 85.1, Avg: 90.6, Max: 91.9, Diff: 6.8, Sum: 724.7]
      [GC Worker End (ms): Min: 26330.7, Avg: 26330.8, Max: 26330.8, Diff: 0.1]
   [Code Root Fixup: 0.0 ms]
   [Clear CT: 0.2 ms]
   [Other: 1.7 ms]
      [Choose CSet: 0.0 ms]
      [Ref Proc: 0.2 ms]
      [Ref Enq: 0.0 ms]
      [Free CSet: 0.7 ms]
   [Eden: 45.0M(45.0M)->0.0B(44.0M) Survivors: 6144.0K->7168.0K Heap: 982.5M(1024.0M)->947.0M(1024.0M)]
 [Times: user=0.69 sys=0.01, real=0.09 secs] 
26.418: [GC pause (G1 Evacuation Pause) (young), 0.1350640 secs]
   [Parallel Time: 133.9 ms, GC Workers: 8]
      [GC Worker Start (ms): Min: 26417.8, Avg: 26418.2, Max: 26419.8, Diff: 2.0]
      [Ext Root Scanning (ms): Min: 0.0, Avg: 0.5, Max: 0.8, Diff: 0.8, Sum: 4.0]
      [SATB Filtering (ms): Min: 0.0, Avg: 0.0, Max: 0.1, Diff: 0.1, Sum: 0.1]
      [Update RS (ms): Min: 69.2, Avg: 71.0, Max: 72.0, Diff: 2.8, Sum: 567.8]
         [Processed Buffers: Min: 45, Avg: 47.1, Max: 53, Diff: 8, Sum: 377]
      [Scan RS (ms): Min: 48.1, Avg: 49.1, Max: 49.8, Diff: 1.7, Sum: 392.6]
      [Object Copy (ms): Min: 12.7, Avg: 12.8, Max: 12.8, Diff: 0.1, Sum: 102.2]
      [Termination (ms): Min: 0.0, Avg: 0.0, Max: 0.0, Diff: 0.0, Sum: 0.0]
      [GC Worker Other (ms): Min: 0.0, Avg: 0.1, Max: 0.1, Diff: 0.1, Sum: 0.4]
      [GC Worker Total (ms): Min: 131.8, Avg: 133.4, Max: 133.8, Diff: 2.1, Sum: 1067.1]
      [GC Worker End (ms): Min: 26551.5, Avg: 26551.6, Max: 26551.6, Diff: 0.1]
   [Code Root Fixup: 0.0 ms]
   [Clear CT: 0.1 ms]
   [Other: 1.1 ms]
      [Choose CSet: 0.0 ms]
      [Ref Proc: 0.2 ms]
      [Ref Enq: 0.0 ms]
      [Free CSet: 0.3 ms]
   [Eden: 44.0M(44.0M)->0.0B(44.0M) Survivors: 7168.0K->7168.0K Heap: 991.0M(1024.0M)->957.5M(1024.0M)]
 [Times: user=1.04 sys=0.01, real=0.13 secs] 
26.651: [GC pause (G1 Evacuation Pause) (young), 0.1052560 secs]
   [Parallel Time: 104.0 ms, GC Workers: 8]
      [GC Worker Start (ms): Min: 26650.7, Avg: 26651.4, Max: 26653.8, Diff: 3.1]
      [Ext Root Scanning (ms): Min: 0.0, Avg: 0.5, Max: 0.8, Diff: 0.8, Sum: 4.2]
      [SATB Filtering (ms): Min: 0.0, Avg: 0.0, Max: 0.1, Diff: 0.1, Sum: 0.1]
      [Update RS (ms): Min: 64.8, Avg: 66.9, Max: 67.5, Diff: 2.7, Sum: 535.6]
         [Processed Buffers: Min: 37, Avg: 41.9, Max: 45, Diff: 8, Sum: 335]
      [Scan RS (ms): Min: 24.8, Avg: 25.2, Max: 25.7, Diff: 0.9, Sum: 201.3]
      [Object Copy (ms): Min: 10.2, Avg: 10.6, Max: 10.7, Diff: 0.5, Sum: 84.7]
      [Termination (ms): Min: 0.0, Avg: 0.0, Max: 0.0, Diff: 0.0, Sum: 0.0]
      [GC Worker Other (ms): Min: 0.0, Avg: 0.1, Max: 0.1, Diff: 0.1, Sum: 0.5]
      [GC Worker Total (ms): Min: 100.8, Avg: 103.3, Max: 103.9, Diff: 3.2, Sum: 826.3]
      [GC Worker End (ms): Min: 26754.6, Avg: 26754.6, Max: 26754.7, Diff: 0.1]
   [Code Root Fixup: 0.0 ms]
   [Clear CT: 0.2 ms]
   [Other: 1.1 ms]
      [Choose CSet: 0.0 ms]
      [Ref Proc: 0.2 ms]
      [Ref Enq: 0.0 ms]
      [Free CSet: 0.3 ms]
   [Eden: 44.0M(44.0M)->0.0B(44.0M) Survivors: 7168.0K->7168.0K Heap: 1001.5M(1024.0M)->966.5M(1024.0M)]
 [Times: user=0.78 sys=0.01, real=0.11 secs] 
26.893: [GC pause (G1 Evacuation Pause) (young) (to-space exhausted), 0.1709670 secs]
   [Parallel Time: 155.0 ms, GC Workers: 8]
      [GC Worker Start (ms): Min: 26893.4, Avg: 26894.3, Max: 26897.0, Diff: 3.7]
      [Ext Root Scanning (ms): Min: 0.0, Avg: 0.6, Max: 1.0, Diff: 1.0, Sum: 4.7]
      [SATB Filtering (ms): Min: 0.0, Avg: 0.0, Max: 0.0, Diff: 0.0, Sum: 0.0]
      [Update RS (ms): Min: 71.3, Avg: 73.7, Max: 74.7, Diff: 3.4, Sum: 589.8]
         [Processed Buffers: Min: 35, Avg: 38.0, Max: 41, Diff: 6, Sum: 304]
      [Scan RS (ms): Min: 66.4, Avg: 67.4, Max: 67.7, Diff: 1.4, Sum: 539.3]
      [Object Copy (ms): Min: 12.0, Avg: 12.3, Max: 12.4, Diff: 0.4, Sum: 98.0]
      [Termination (ms): Min: 0.0, Avg: 0.0, Max: 0.0, Diff: 0.0, Sum: 0.1]
      [GC Worker Other (ms): Min: 0.0, Avg: 0.0, Max: 0.1, Diff: 0.1, Sum: 0.3]
      [GC Worker Total (ms): Min: 151.2, Avg: 154.0, Max: 155.0, Diff: 3.7, Sum: 1232.3]
      [GC Worker End (ms): Min: 27048.3, Avg: 27048.3, Max: 27048.3, Diff: 0.1]
   [Code Root Fixup: 0.0 ms]
   [Clear CT: 0.2 ms]
   [Other: 15.7 ms]
      [Choose CSet: 0.0 ms]
      [Ref Proc: 0.2 ms]
      [Ref Enq: 0.0 ms]
      [Free CSet: 0.3 ms]
   [Eden: 44.0M(44.0M)->0.0B(44.0M) Survivors: 7168.0K->7168.0K Heap: 1010.5M(1024.0M)->1019.0M(1024.0M)]
 [Times: user=1.26 sys=0.01, real=0.17 secs] 
27.065: [GC pause (G1 Evacuation Pause) (young) (to-space exhausted), 0.1983680 secs]
   [Parallel Time: 191.7 ms, GC Workers: 8]
      [GC Worker Start (ms): Min: 27065.4, Avg: 27065.8, Max: 27068.1, Diff: 2.7]
      [Ext Root Scanning (ms): Min: 0.0, Avg: 0.7, Max: 1.1, Diff: 1.1, Sum: 5.2]
      [SATB Filtering (ms): Min: 0.0, Avg: 0.1, Max: 0.5, Diff: 0.5, Sum: 0.5]
      [Update RS (ms): Min: 101.1, Avg: 108.0, Max: 110.1, Diff: 9.0, Sum: 863.9]
         [Processed Buffers: Min: 57, Avg: 81.4, Max: 105, Diff: 48, Sum: 651]
      [Scan RS (ms): Min: 0.0, Avg: 0.1, Max: 0.1, Diff: 0.1, Sum: 0.4]
      [Object Copy (ms): Min: 80.7, Avg: 82.4, Max: 90.3, Diff: 9.5, Sum: 659.0]
      [Termination (ms): Min: 0.0, Avg: 0.1, Max: 0.1, Diff: 0.1, Sum: 0.6]
      [GC Worker Other (ms): Min: 0.0, Avg: 0.0, Max: 0.0, Diff: 0.0, Sum: 0.1]
      [GC Worker Total (ms): Min: 189.0, Avg: 191.2, Max: 191.7, Diff: 2.7, Sum: 1529.6]
      [GC Worker End (ms): Min: 27257.0, Avg: 27257.0, Max: 27257.1, Diff: 0.0]
   [Code Root Fixup: 0.0 ms]
   [Clear CT: 0.1 ms]
   [Other: 6.6 ms]
      [Choose CSet: 0.0 ms]
      [Ref Proc: 0.2 ms]
      [Ref Enq: 0.0 ms]
      [Free CSet: 0.0 ms]
   [Eden: 5120.0K(44.0M)->0.0B(51.0M) Survivors: 7168.0K->0.0B Heap: 1024.0M(1024.0M)->1024.0M(1024.0M)]
 [Times: user=0.97 sys=0.11, real=0.20 secs] 
27.264: [Full GC (Allocation Failure) 1023M->679M(1024M), 2.9419020 secs]
   [Eden: 0.0B(51.0M)->0.0B(118.0M) Survivors: 0.0B->0.0B Heap: 1024.0M(1024.0M)->679.6M(1024.0M)]
 [Times: user=4.98 sys=0.03, real=2.94 secs] 
30.206: [GC concurrent-mark-abort]
30.476: [GC pause (G1 Evacuation Pause) (young), 0.0443560 secs]
   [Parallel Time: 40.7 ms, GC Workers: 8]
      [GC Worker Start (ms): Min: 30476.2, Avg: 30476.9, Max: 30479.1, Diff: 2.9]
      [Ext Root Scanning (ms): Min: 0.0, Avg: 0.6, Max: 1.0, Diff: 1.0, Sum: 5.1]
      [Update RS (ms): Min: 0.0, Avg: 2.2, Max: 4.8, Diff: 4.8, Sum: 17.9]
         [Processed Buffers: Min: 0, Avg: 1.8, Max: 5, Diff: 5, Sum: 14]
      [Scan RS (ms): Min: 20.3, Avg: 24.0, Max: 24.9, Diff: 4.6, Sum: 192.0]
      [Object Copy (ms): Min: 12.9, Avg: 13.0, Max: 13.1, Diff: 0.2, Sum: 104.1]
      [Termination (ms): Min: 0.0, Avg: 0.0, Max: 0.0, Diff: 0.0, Sum: 0.0]
      [GC Worker Other (ms): Min: 0.0, Avg: 0.0, Max: 0.1, Diff: 0.1, Sum: 0.4]
      [GC Worker Total (ms): Min: 37.7, Avg: 39.9, Max: 40.6, Diff: 2.9, Sum: 319.5]
      [GC Worker End (ms): Min: 30516.8, Avg: 30516.9, Max: 30516.9, Diff: 0.1]
   [Code Root Fixup: 0.0 ms]
   [Clear CT: 0.2 ms]
   [Other: 3.5 ms]
      [Choose CSet: 0.0 ms]
      [Ref Proc: 0.2 ms]
      [Ref Enq: 0.0 ms]
      [Free CSet: 1.8 ms]
   [Eden: 118.0M(118.0M)->0.0B(128.0M) Survivors: 0.0B->15.0M Heap: 797.6M(1024.0M)->697.5M(1024.0M)]
 [Times: user=0.30 sys=0.00, real=0.04 secs] 
30.826: [GC pause (G1 Evacuation Pause) (young) (initial-mark), 0.1315830 secs]
   [Parallel Time: 128.3 ms, GC Workers: 8]
      [GC Worker Start (ms): Min: 30826.2, Avg: 30826.5, Max: 30828.2, Diff: 2.0]
      [Ext Root Scanning (ms): Min: 0.0, Avg: 0.6, Max: 0.9, Diff: 0.9, Sum: 5.0]
      [Update RS (ms): Min: 1.0, Avg: 1.8, Max: 2.2, Diff: 1.2, Sum: 14.6]
         [Processed Buffers: Min: 1, Avg: 1.8, Max: 4, Diff: 3, Sum: 14]
      [Scan RS (ms): Min: 104.2, Avg: 105.8, Max: 107.3, Diff: 3.1, Sum: 846.5]
      [Object Copy (ms): Min: 18.3, Avg: 19.6, Max: 21.2, Diff: 2.9, Sum: 156.4]
      [Termination (ms): Min: 0.0, Avg: 0.0, Max: 0.0, Diff: 0.0, Sum: 0.0]
      [GC Worker Other (ms): Min: 0.0, Avg: 0.1, Max: 0.1, Diff: 0.1, Sum: 0.5]
      [GC Worker Total (ms): Min: 126.2, Avg: 127.9, Max: 128.2, Diff: 2.1, Sum: 1023.0]
      [GC Worker End (ms): Min: 30954.4, Avg: 30954.4, Max: 30954.4, Diff: 0.1]
   [Code Root Fixup: 0.0 ms]
   [Clear CT: 0.2 ms]
   [Other: 3.1 ms]
      [Choose CSet: 0.0 ms]
      [Ref Proc: 0.2 ms]
      [Ref Enq: 0.0 ms]
      [Free CSet: 1.7 ms]
   [Eden: 85.0M(36.0M)->0.0B(44.0M) Survivors: 15.0M->7168.0K Heap: 782.5M(1024.0M)->712.1M(1024.0M)]
 [Times: user=0.96 sys=0.00, real=0.13 secs] 
30.958: [GC concurrent-root-region-scan-start]
30.970: [GC concurrent-root-region-scan-end, 0.0121660 secs]
30.970: [GC concurrent-mark-start]
31.144: [GC pause (G1 Evacuation Pause) (young), 0.1555950 secs]
   [Parallel Time: 154.2 ms, GC Workers: 8]
      [GC Worker Start (ms): Min: 31143.7, Avg: 31144.0, Max: 31144.9, Diff: 1.2]
      [Ext Root Scanning (ms): Min: 0.0, Avg: 0.6, Max: 1.0, Diff: 1.0, Sum: 5.1]
      [SATB Filtering (ms): Min: 0.0, Avg: 0.0, Max: 0.1, Diff: 0.1, Sum: 0.1]
      [Update RS (ms): Min: 62.0, Avg: 62.5, Max: 63.7, Diff: 1.7, Sum: 499.8]
         [Processed Buffers: Min: 40, Avg: 42.2, Max: 45, Diff: 5, Sum: 338]
      [Scan RS (ms): Min: 76.7, Avg: 78.7, Max: 80.1, Diff: 3.3, Sum: 629.5]
      [Object Copy (ms): Min: 10.8, Avg: 11.9, Max: 13.9, Diff: 3.1, Sum: 95.5]
      [Termination (ms): Min: 0.0, Avg: 0.0, Max: 0.0, Diff: 0.0, Sum: 0.0]
      [GC Worker Other (ms): Min: 0.0, Avg: 0.1, Max: 0.1, Diff: 0.1, Sum: 0.4]
      [GC Worker Total (ms): Min: 152.9, Avg: 153.8, Max: 154.2, Diff: 1.3, Sum: 1230.4]
      [GC Worker End (ms): Min: 31297.8, Avg: 31297.8, Max: 31297.9, Diff: 0.1]
   [Code Root Fixup: 0.0 ms]
   [Clear CT: 0.1 ms]
   [Other: 1.2 ms]
      [Choose CSet: 0.0 ms]
      [Ref Proc: 0.2 ms]
      [Ref Enq: 0.0 ms]
      [Free CSet: 0.5 ms]
   [Eden: 44.0M(44.0M)->0.0B(44.0M) Survivors: 7168.0K->7168.0K Heap: 756.1M(1024.0M)->724.1M(1024.0M)]
 [Times: user=1.18 sys=0.01, real=0.15 secs] 
31.370: [GC pause (G1 Evacuation Pause) (young), 0.0809450 secs]
   [Parallel Time: 79.8 ms, GC Workers: 8]
      [GC Worker Start (ms): Min: 31370.1, Avg: 31370.9, Max: 31373.0, Diff: 2.9]
      [Ext Root Scanning (ms): Min: 0.0, Avg: 0.5, Max: 0.8, Diff: 0.8, Sum: 4.0]
      [SATB Filtering (ms): Min: 0.0, Avg: 0.0, Max: 0.1, Diff: 0.1, Sum: 0.1]
      [Update RS (ms): Min: 62.3, Avg: 63.3, Max: 64.0, Diff: 1.6, Sum: 506.7]
         [Processed Buffers: Min: 40, Avg: 41.6, Max: 44, Diff: 4, Sum: 333]
      [Scan RS (ms): Min: 7.0, Avg: 7.5, Max: 8.1, Diff: 1.1, Sum: 60.3]
      [Object Copy (ms): Min: 7.5, Avg: 7.6, Max: 7.6, Diff: 0.1, Sum: 60.7]
      [Termination (ms): Min: 0.0, Avg: 0.0, Max: 0.0, Diff: 0.0, Sum: 0.0]
      [GC Worker Other (ms): Min: 0.0, Avg: 0.0, Max: 0.1, Diff: 0.1, Sum: 0.3]
      [GC Worker Total (ms): Min: 76.9, Avg: 79.0, Max: 79.8, Diff: 2.9, Sum: 632.1]
      [GC Worker End (ms): Min: 31449.8, Avg: 31449.9, Max: 31449.9, Diff: 0.1]
   [Code Root Fixup: 0.0 ms]
   [Clear CT: 0.1 ms]
   [Other: 1.0 ms]
      [Choose CSet: 0.0 ms]
      [Ref Proc: 0.2 ms]
      [Ref Enq: 0.0 ms]
      [Free CSet: 0.2 ms]
   [Eden: 44.0M(44.0M)->0.0B(46.0M) Survivors: 7168.0K->5120.0K Heap: 768.1M(1024.0M)->729.6M(1024.0M)]
 [Times: user=0.62 sys=0.00, real=0.08 secs] 
31.538: [GC pause (G1 Evacuation Pause) (young), 0.1339730 secs]
   [Parallel Time: 132.8 ms, GC Workers: 8]
      [GC Worker Start (ms): Min: 31537.9, Avg: 31538.1, Max: 31538.8, Diff: 0.9]
      [Ext Root Scanning (ms): Min: 0.0, Avg: 0.5, Max: 0.8, Diff: 0.8, Sum: 4.4]
      [SATB Filtering (ms): Min: 0.0, Avg: 0.0, Max: 0.0, Diff: 0.0, Sum: 0.0]
      [Update RS (ms): Min: 65.6, Avg: 66.1, Max: 67.0, Diff: 1.4, Sum: 528.7]
         [Processed Buffers: Min: 43, Avg: 44.8, Max: 46, Diff: 3, Sum: 358]
      [Scan RS (ms): Min: 54.5, Avg: 56.6, Max: 57.5, Diff: 2.9, Sum: 452.6]
      [Object Copy (ms): Min: 9.0, Avg: 9.4, Max: 11.2, Diff: 2.1, Sum: 74.9]
      [Termination (ms): Min: 0.0, Avg: 0.0, Max: 0.0, Diff: 0.0, Sum: 0.1]
      [GC Worker Other (ms): Min: 0.0, Avg: 0.1, Max: 0.1, Diff: 0.1, Sum: 0.5]
      [GC Worker Total (ms): Min: 131.9, Avg: 132.6, Max: 132.8, Diff: 0.9, Sum: 1061.2]
      [GC Worker End (ms): Min: 31670.7, Avg: 31670.7, Max: 31670.7, Diff: 0.1]
   [Code Root Fixup: 0.0 ms]
   [Clear CT: 0.2 ms]
   [Other: 1.0 ms]
      [Choose CSet: 0.0 ms]
      [Ref Proc: 0.2 ms]
      [Ref Enq: 0.0 ms]
      [Free CSet: 0.3 ms]
   [Eden: 46.0M(46.0M)->0.0B(44.0M) Survivors: 5120.0K->7168.0K Heap: 775.6M(1024.0M)->742.1M(1024.0M)]
 [Times: user=1.04 sys=0.01, real=0.13 secs] 
31.791: [GC pause (G1 Evacuation Pause) (young), 0.1452030 secs]
   [Parallel Time: 143.9 ms, GC Workers: 8]
      [GC Worker Start (ms): Min: 31791.1, Avg: 31792.0, Max: 31795.0, Diff: 3.8]
      [Ext Root Scanning (ms): Min: 0.0, Avg: 0.5, Max: 0.8, Diff: 0.8, Sum: 3.8]
      [SATB Filtering (ms): Min: 0.0, Avg: 0.0, Max: 0.1, Diff: 0.1, Sum: 0.1]
      [Update RS (ms): Min: 37.9, Avg: 40.8, Max: 42.7, Diff: 4.8, Sum: 326.5]
         [Processed Buffers: Min: 26, Avg: 28.4, Max: 31, Diff: 5, Sum: 227]
      [Scan RS (ms): Min: 89.1, Avg: 90.4, Max: 90.9, Diff: 1.8, Sum: 723.6]
      [Object Copy (ms): Min: 11.1, Avg: 11.2, Max: 11.3, Diff: 0.1, Sum: 89.7]
      [Termination (ms): Min: 0.0, Avg: 0.0, Max: 0.0, Diff: 0.0, Sum: 0.1]
      [GC Worker Other (ms): Min: 0.0, Avg: 0.0, Max: 0.1, Diff: 0.0, Sum: 0.3]
      [GC Worker Total (ms): Min: 140.0, Avg: 143.0, Max: 143.8, Diff: 3.9, Sum: 1144.0]
      [GC Worker End (ms): Min: 31934.9, Avg: 31935.0, Max: 31935.0, Diff: 0.0]
   [Code Root Fixup: 0.0 ms]
   [Clear CT: 0.2 ms]
   [Other: 1.1 ms]
      [Choose CSet: 0.0 ms]
      [Ref Proc: 0.2 ms]
      [Ref Enq: 0.0 ms]
      [Free CSet: 0.4 ms]
   [Eden: 44.0M(44.0M)->0.0B(44.0M) Survivors: 7168.0K->7168.0K Heap: 786.1M(1024.0M)->754.6M(1024.0M)]
 [Times: user=1.10 sys=0.00, real=0.15 secs] 
32.046: [GC pause (G1 Evacuation Pause) (young), 0.1302210 secs]
   [Parallel Time: 128.9 ms, GC Workers: 8]
      [GC Worker Start (ms): Min: 32046.6, Avg: 32047.1, Max: 32050.1, Diff: 3.6]
      [Ext Root Scanning (ms): Min: 0.0, Avg: 0.7, Max: 1.0, Diff: 1.0, Sum: 5.7]
      [SATB Filtering (ms): Min: 0.0, Avg: 0.0, Max: 0.1, Diff: 0.1, Sum: 0.1]
      [Update RS (ms): Min: 61.5, Avg: 63.7, Max: 64.4, Diff: 2.9, Sum: 509.4]
         [Processed Buffers: Min: 41, Avg: 43.4, Max: 46, Diff: 5, Sum: 347]
      [Scan RS (ms): Min: 52.3, Avg: 52.6, Max: 53.2, Diff: 0.9, Sum: 421.1]
      [Object Copy (ms): Min: 11.1, Avg: 11.1, Max: 11.2, Diff: 0.1, Sum: 88.9]
      [Termination (ms): Min: 0.0, Avg: 0.1, Max: 0.1, Diff: 0.1, Sum: 0.6]
      [GC Worker Other (ms): Min: 0.0, Avg: 0.1, Max: 0.1, Diff: 0.0, Sum: 0.4]
      [GC Worker Total (ms): Min: 125.2, Avg: 128.3, Max: 128.8, Diff: 3.6, Sum: 1026.2]
      [GC Worker End (ms): Min: 32175.3, Avg: 32175.4, Max: 32175.4, Diff: 0.0]
   [Code Root Fixup: 0.0 ms]
   [Clear CT: 0.1 ms]
   [Other: 1.2 ms]
      [Choose CSet: 0.0 ms]
      [Ref Proc: 0.2 ms]
      [Ref Enq: 0.0 ms]
      [Free CSet: 0.4 ms]
   [Eden: 44.0M(44.0M)->0.0B(44.0M) Survivors: 7168.0K->7168.0K Heap: 798.6M(1024.0M)->766.1M(1024.0M)]
 [Times: user=1.00 sys=0.00, real=0.13 secs] 
32.415: [GC pause (G1 Evacuation Pause) (young), 0.1223330 secs]
   [Parallel Time: 120.6 ms, GC Workers: 8]
      [GC Worker Start (ms): Min: 32414.8, Avg: 32416.0, Max: 32422.4, Diff: 7.6]
      [Ext Root Scanning (ms): Min: 0.0, Avg: 0.5, Max: 0.8, Diff: 0.7, Sum: 4.0]
      [SATB Filtering (ms): Min: 0.0, Avg: 0.0, Max: 0.1, Diff: 0.1, Sum: 0.1]
      [Update RS (ms): Min: 0.0, Avg: 0.9, Max: 2.0, Diff: 2.0, Sum: 6.8]
         [Processed Buffers: Min: 0, Avg: 1.1, Max: 4, Diff: 4, Sum: 9]
      [Scan RS (ms): Min: 102.0, Avg: 108.2, Max: 113.9, Diff: 11.9, Sum: 865.3]
      [Object Copy (ms): Min: 5.1, Avg: 9.7, Max: 11.0, Diff: 5.9, Sum: 77.8]
      [Termination (ms): Min: 0.0, Avg: 0.0, Max: 0.0, Diff: 0.0, Sum: 0.0]
      [GC Worker Other (ms): Min: 0.0, Avg: 0.0, Max: 0.1, Diff: 0.1, Sum: 0.4]
      [GC Worker Total (ms): Min: 112.9, Avg: 119.3, Max: 120.5, Diff: 7.6, Sum: 954.5]
      [GC Worker End (ms): Min: 32535.3, Avg: 32535.3, Max: 32535.4, Diff: 0.1]
   [Code Root Fixup: 0.0 ms]
   [Clear CT: 0.2 ms]
   [Other: 1.6 ms]
      [Choose CSet: 0.0 ms]
      [Ref Proc: 0.2 ms]
      [Ref Enq: 0.0 ms]
      [Free CSet: 0.7 ms]
   [Eden: 44.0M(44.0M)->0.0B(44.0M) Survivors: 7168.0K->7168.0K Heap: 810.1M(1024.0M)->774.6M(1024.0M)]
 [Times: user=0.93 sys=0.00, real=0.12 secs] 
32.692: [GC pause (G1 Evacuation Pause) (young), 0.1414530 secs]
   [Parallel Time: 139.8 ms, GC Workers: 8]
      [GC Worker Start (ms): Min: 32692.2, Avg: 32693.7, Max: 32699.2, Diff: 7.0]
      [Ext Root Scanning (ms): Min: 0.0, Avg: 0.5, Max: 0.9, Diff: 0.9, Sum: 4.4]
      [SATB Filtering (ms): Min: 0.0, Avg: 0.0, Max: 0.1, Diff: 0.1, Sum: 0.1]
      [Update RS (ms): Min: 23.6, Avg: 29.1, Max: 31.3, Diff: 7.8, Sum: 232.4]
         [Processed Buffers: Min: 18, Avg: 19.2, Max: 21, Diff: 3, Sum: 154]
      [Scan RS (ms): Min: 97.4, Avg: 98.6, Max: 99.3, Diff: 1.9, Sum: 789.1]
      [Object Copy (ms): Min: 9.8, Avg: 9.9, Max: 10.0, Diff: 0.2, Sum: 79.6]
      [Termination (ms): Min: 0.0, Avg: 0.0, Max: 0.0, Diff: 0.0, Sum: 0.2]
      [GC Worker Other (ms): Min: 0.0, Avg: 0.1, Max: 0.1, Diff: 0.1, Sum: 0.5]
      [GC Worker Total (ms): Min: 132.7, Avg: 138.3, Max: 139.7, Diff: 7.0, Sum: 1106.1]
      [GC Worker End (ms): Min: 32831.9, Avg: 32831.9, Max: 32832.0, Diff: 0.1]
   [Code Root Fixup: 0.0 ms]
   [Clear CT: 0.2 ms]
   [Other: 1.5 ms]
      [Choose CSet: 0.0 ms]
      [Ref Proc: 0.2 ms]
      [Ref Enq: 0.0 ms]
      [Free CSet: 0.7 ms]
   [Eden: 44.0M(44.0M)->0.0B(44.0M) Survivors: 7168.0K->7168.0K Heap: 818.6M(1024.0M)->783.1M(1024.0M)]
 [Times: user=1.06 sys=0.00, real=0.15 secs] 
33.233: [GC pause (G1 Evacuation Pause) (young), 0.1235410 secs]
   [Parallel Time: 121.3 ms, GC Workers: 8]
      [GC Worker Start (ms): Min: 33233.5, Avg: 33233.7, Max: 33234.3, Diff: 0.8]
      [Ext Root Scanning (ms): Min: 0.0, Avg: 0.6, Max: 0.9, Diff: 0.9, Sum: 4.6]
      [SATB Filtering (ms): Min: 0.0, Avg: 0.0, Max: 0.1, Diff: 0.1, Sum: 0.1]
      [Update RS (ms): Min: 0.6, Avg: 0.8, Max: 1.3, Diff: 0.8, Sum: 6.6]
         [Processed Buffers: Min: 0, Avg: 0.9, Max: 3, Diff: 3, Sum: 7]
      [Scan RS (ms): Min: 104.8, Avg: 108.5, Max: 112.3, Diff: 7.5, Sum: 867.6]
      [Object Copy (ms): Min: 7.4, Avg: 11.0, Max: 14.8, Diff: 7.4, Sum: 88.0]
      [Termination (ms): Min: 0.0, Avg: 0.1, Max: 0.1, Diff: 0.1, Sum: 0.5]
      [GC Worker Other (ms): Min: 0.0, Avg: 0.1, Max: 0.1, Diff: 0.1, Sum: 0.4]
      [GC Worker Total (ms): Min: 120.4, Avg: 121.0, Max: 121.3, Diff: 0.9, Sum: 967.8]
      [GC Worker End (ms): Min: 33354.7, Avg: 33354.7, Max: 33354.7, Diff: 0.1]
   [Code Root Fixup: 0.0 ms]
   [Clear CT: 0.2 ms]
   [Other: 2.0 ms]
      [Choose CSet: 0.0 ms]
      [Ref Proc: 0.2 ms]
      [Ref Enq: 0.0 ms]
      [Free CSet: 1.0 ms]
   [Eden: 44.0M(44.0M)->0.0B(44.0M) Survivors: 7168.0K->7168.0K Heap: 827.1M(1024.0M)->793.6M(1024.0M)]
 [Times: user=0.94 sys=0.00, real=0.12 secs] 
33.500: [GC pause (G1 Evacuation Pause) (young), 0.1466670 secs]
   [Parallel Time: 145.1 ms, GC Workers: 8]
      [GC Worker Start (ms): Min: 33500.2, Avg: 33501.2, Max: 33506.4, Diff: 6.3]
      [Ext Root Scanning (ms): Min: 0.0, Avg: 0.5, Max: 0.8, Diff: 0.8, Sum: 4.0]
      [SATB Filtering (ms): Min: 0.0, Avg: 0.0, Max: 0.0, Diff: 0.0, Sum: 0.0]
      [Update RS (ms): Min: 27.5, Avg: 32.3, Max: 33.4, Diff: 5.9, Sum: 258.3]
         [Processed Buffers: Min: 17, Avg: 20.4, Max: 23, Diff: 6, Sum: 163]
      [Scan RS (ms): Min: 96.6, Avg: 100.5, Max: 102.5, Diff: 5.8, Sum: 803.9]
      [Object Copy (ms): Min: 8.5, Avg: 10.6, Max: 14.0, Diff: 5.5, Sum: 85.1]
      [Termination (ms): Min: 0.0, Avg: 0.0, Max: 0.0, Diff: 0.0, Sum: 0.0]
      [GC Worker Other (ms): Min: 0.0, Avg: 0.0, Max: 0.1, Diff: 0.1, Sum: 0.4]
      [GC Worker Total (ms): Min: 138.7, Avg: 144.0, Max: 145.0, Diff: 6.3, Sum: 1151.8]
      [GC Worker End (ms): Min: 33645.1, Avg: 33645.2, Max: 33645.2, Diff: 0.1]
   [Code Root Fixup: 0.0 ms]
   [Clear CT: 0.2 ms]
   [Other: 1.4 ms]
      [Choose CSet: 0.0 ms]
      [Ref Proc: 0.2 ms]
      [Ref Enq: 0.0 ms]
      [Free CSet: 0.5 ms]
   [Eden: 44.0M(44.0M)->0.0B(44.0M) Survivors: 7168.0K->7168.0K Heap: 837.6M(1024.0M)->803.6M(1024.0M)]
 [Times: user=1.13 sys=0.00, real=0.15 secs] 
33.942: [GC pause (G1 Evacuation Pause) (young), 0.1239990 secs]
   [Parallel Time: 121.9 ms, GC Workers: 8]
      [GC Worker Start (ms): Min: 33942.5, Avg: 33942.9, Max: 33943.5, Diff: 1.0]
      [Ext Root Scanning (ms): Min: 0.0, Avg: 0.5, Max: 0.9, Diff: 0.9, Sum: 4.1]
      [SATB Filtering (ms): Min: 0.0, Avg: 0.0, Max: 0.1, Diff: 0.1, Sum: 0.1]
      [Update RS (ms): Min: 0.6, Avg: 1.0, Max: 1.9, Diff: 1.2, Sum: 7.8]
         [Processed Buffers: Min: 0, Avg: 0.9, Max: 2, Diff: 2, Sum: 7]
      [Scan RS (ms): Min: 109.0, Avg: 111.0, Max: 111.7, Diff: 2.6, Sum: 888.1]
      [Object Copy (ms): Min: 8.5, Avg: 8.9, Max: 10.9, Diff: 2.5, Sum: 71.2]
      [Termination (ms): Min: 0.0, Avg: 0.0, Max: 0.0, Diff: 0.0, Sum: 0.1]
      [GC Worker Other (ms): Min: 0.0, Avg: 0.0, Max: 0.1, Diff: 0.1, Sum: 0.3]
      [GC Worker Total (ms): Min: 120.8, Avg: 121.5, Max: 121.8, Diff: 1.0, Sum: 971.6]
      [GC Worker End (ms): Min: 34064.3, Avg: 34064.4, Max: 34064.4, Diff: 0.1]
   [Code Root Fixup: 0.0 ms]
   [Clear CT: 0.2 ms]
   [Other: 1.9 ms]
      [Choose CSet: 0.0 ms]
      [Ref Proc: 0.4 ms]
      [Ref Enq: 0.0 ms]
      [Free CSet: 0.8 ms]
   [Eden: 44.0M(44.0M)->0.0B(44.0M) Survivors: 7168.0K->7168.0K Heap: 847.6M(1024.0M)->812.1M(1024.0M)]
 [Times: user=0.91 sys=0.00, real=0.13 secs] 
34.243: [GC pause (G1 Evacuation Pause) (young), 0.1260020 secs]
   [Parallel Time: 124.2 ms, GC Workers: 8]
      [GC Worker Start (ms): Min: 34243.5, Avg: 34245.8, Max: 34253.7, Diff: 10.1]
      [Ext Root Scanning (ms): Min: 0.0, Avg: 0.5, Max: 0.9, Diff: 0.9, Sum: 4.0]
      [SATB Filtering (ms): Min: 0.0, Avg: 0.0, Max: 0.0, Diff: 0.0, Sum: 0.0]
      [Update RS (ms): Min: 2.9, Avg: 10.2, Max: 12.8, Diff: 9.9, Sum: 81.9]
         [Processed Buffers: Min: 2, Avg: 7.6, Max: 11, Diff: 9, Sum: 61]
      [Scan RS (ms): Min: 100.2, Avg: 101.2, Max: 104.8, Diff: 4.5, Sum: 809.6]
      [Object Copy (ms): Min: 6.7, Avg: 9.9, Max: 11.2, Diff: 4.5, Sum: 78.9]
      [Termination (ms): Min: 0.0, Avg: 0.0, Max: 0.0, Diff: 0.0, Sum: 0.0]
      [GC Worker Other (ms): Min: 0.0, Avg: 0.0, Max: 0.1, Diff: 0.1, Sum: 0.3]
      [GC Worker Total (ms): Min: 114.0, Avg: 121.9, Max: 124.1, Diff: 10.2, Sum: 974.8]
      [GC Worker End (ms): Min: 34367.6, Avg: 34367.7, Max: 34367.7, Diff: 0.1]
   [Code Root Fixup: 0.0 ms]
   [Clear CT: 0.2 ms]
   [Other: 1.6 ms]
      [Choose CSet: 0.0 ms]
      [Ref Proc: 0.1 ms]
      [Ref Enq: 0.0 ms]
      [Free CSet: 0.8 ms]
   [Eden: 44.0M(44.0M)->0.0B(44.0M) Survivors: 7168.0K->7168.0K Heap: 856.1M(1024.0M)->822.1M(1024.0M)]
 [Times: user=0.93 sys=0.00, real=0.12 secs] 
34.510: [GC pause (G1 Evacuation Pause) (young), 0.1604130 secs]
   [Parallel Time: 159.0 ms, GC Workers: 8]
      [GC Worker Start (ms): Min: 34510.1, Avg: 34510.8, Max: 34515.4, Diff: 5.3]
      [Ext Root Scanning (ms): Min: 0.0, Avg: 0.6, Max: 0.8, Diff: 0.8, Sum: 5.0]
      [SATB Filtering (ms): Min: 0.0, Avg: 0.0, Max: 0.1, Diff: 0.1, Sum: 0.1]
      [Update RS (ms): Min: 37.6, Avg: 41.5, Max: 42.9, Diff: 5.3, Sum: 331.7]
         [Processed Buffers: Min: 25, Avg: 26.6, Max: 30, Diff: 5, Sum: 213]
      [Scan RS (ms): Min: 102.8, Avg: 105.2, Max: 107.0, Diff: 4.2, Sum: 841.7]
      [Object Copy (ms): Min: 9.2, Avg: 10.8, Max: 13.5, Diff: 4.4, Sum: 86.3]
      [Termination (ms): Min: 0.0, Avg: 0.0, Max: 0.0, Diff: 0.0, Sum: 0.2]
      [GC Worker Other (ms): Min: 0.0, Avg: 0.1, Max: 0.1, Diff: 0.1, Sum: 0.4]
      [GC Worker Total (ms): Min: 153.6, Avg: 158.2, Max: 158.9, Diff: 5.3, Sum: 1265.5]
      [GC Worker End (ms): Min: 34669.0, Avg: 34669.0, Max: 34669.0, Diff: 0.1]
   [Code Root Fixup: 0.0 ms]
   [Clear CT: 0.2 ms]
   [Other: 1.3 ms]
      [Choose CSet: 0.0 ms]
      [Ref Proc: 0.2 ms]
      [Ref Enq: 0.0 ms]
      [Free CSet: 0.5 ms]
   [Eden: 44.0M(44.0M)->0.0B(44.0M) Survivors: 7168.0K->7168.0K Heap: 866.1M(1024.0M)->832.1M(1024.0M)]
 [Times: user=1.23 sys=0.00, real=0.16 secs] 
34.816: [GC pause (G1 Evacuation Pause) (young), 0.1650580 secs]
   [Parallel Time: 163.4 ms, GC Workers: 8]
      [GC Worker Start (ms): Min: 34816.5, Avg: 34817.8, Max: 34824.3, Diff: 7.8]
      [Ext Root Scanning (ms): Min: 0.0, Avg: 0.5, Max: 0.8, Diff: 0.8, Sum: 4.2]
      [SATB Filtering (ms): Min: 0.0, Avg: 0.0, Max: 0.1, Diff: 0.1, Sum: 0.1]
      [Update RS (ms): Min: 32.7, Avg: 38.7, Max: 40.2, Diff: 7.5, Sum: 309.4]
         [Processed Buffers: Min: 21, Avg: 24.8, Max: 27, Diff: 6, Sum: 198]
      [Scan RS (ms): Min: 110.8, Avg: 111.7, Max: 113.8, Diff: 3.0, Sum: 894.0]
      [Object Copy (ms): Min: 9.1, Avg: 11.0, Max: 11.6, Diff: 2.5, Sum: 88.1]
      [Termination (ms): Min: 0.0, Avg: 0.0, Max: 0.0, Diff: 0.0, Sum: 0.0]
      [GC Worker Other (ms): Min: 0.0, Avg: 0.1, Max: 0.1, Diff: 0.1, Sum: 0.4]
      [GC Worker Total (ms): Min: 155.5, Avg: 162.0, Max: 163.3, Diff: 7.8, Sum: 1296.2]
      [GC Worker End (ms): Min: 34979.8, Avg: 34979.8, Max: 34979.9, Diff: 0.1]
   [Code Root Fixup: 0.0 ms]
   [Clear CT: 0.2 ms]
   [Other: 1.5 ms]
      [Choose CSet: 0.0 ms]
      [Ref Proc: 0.2 ms]
      [Ref Enq: 0.0 ms]
      [Free CSet: 0.5 ms]
   [Eden: 44.0M(44.0M)->0.0B(44.0M) Survivors: 7168.0K->7168.0K Heap: 876.1M(1024.0M)->841.1M(1024.0M)]
 [Times: user=1.25 sys=0.01, real=0.16 secs] 
35.131: [GC concurrent-mark-end, 4.1615610 secs]
35.132: [GC remark 35.132: [GC ref-proc, 0.0000620 secs], 0.0047130 secs]
 [Times: user=0.02 sys=0.00, real=0.01 secs] 
35.136: [GC cleanup 844M->844M(1024M), 0.0160700 secs]
 [Times: user=0.12 sys=0.00, real=0.01 secs] 
40.359: [GC pause (G1 Evacuation Pause) (young), 0.1220790 secs]
   [Parallel Time: 120.6 ms, GC Workers: 8]
      [GC Worker Start (ms): Min: 40358.8, Avg: 40359.5, Max: 40361.5, Diff: 2.7]
      [Ext Root Scanning (ms): Min: 0.0, Avg: 0.5, Max: 0.8, Diff: 0.7, Sum: 4.1]
      [Update RS (ms): Min: 0.0, Avg: 1.2, Max: 2.1, Diff: 2.1, Sum: 9.3]
         [Processed Buffers: Min: 0, Avg: 1.1, Max: 5, Diff: 5, Sum: 9]
      [Scan RS (ms): Min: 107.9, Avg: 109.8, Max: 110.6, Diff: 2.6, Sum: 878.6]
      [Object Copy (ms): Min: 7.5, Avg: 8.3, Max: 10.1, Diff: 2.6, Sum: 66.1]
      [Termination (ms): Min: 0.0, Avg: 0.0, Max: 0.0, Diff: 0.0, Sum: 0.0]
      [GC Worker Other (ms): Min: 0.0, Avg: 0.0, Max: 0.1, Diff: 0.1, Sum: 0.4]
      [GC Worker Total (ms): Min: 117.8, Avg: 119.8, Max: 120.5, Diff: 2.7, Sum: 958.5]
      [GC Worker End (ms): Min: 40479.3, Avg: 40479.3, Max: 40479.3, Diff: 0.1]
   [Code Root Fixup: 0.0 ms]
   [Clear CT: 0.2 ms]
   [Other: 1.3 ms]
      [Choose CSet: 0.0 ms]
      [Ref Proc: 0.1 ms]
      [Ref Enq: 0.0 ms]
      [Free CSet: 0.6 ms]
   [Eden: 44.0M(44.0M)->0.0B(44.0M) Survivors: 7168.0K->7168.0K Heap: 885.1M(1024.0M)->850.6M(1024.0M)]
 [Times: user=0.88 sys=0.00, real=0.12 secs] 
40.591: [GC pause (G1 Evacuation Pause) (young), 0.1395440 secs]
   [Parallel Time: 138.1 ms, GC Workers: 8]
      [GC Worker Start (ms): Min: 40591.3, Avg: 40592.4, Max: 40594.6, Diff: 3.3]
      [Ext Root Scanning (ms): Min: 0.0, Avg: 0.5, Max: 0.8, Diff: 0.8, Sum: 3.8]
      [Update RS (ms): Min: 33.3, Avg: 35.3, Max: 36.7, Diff: 3.4, Sum: 282.6]
         [Processed Buffers: Min: 20, Avg: 22.5, Max: 25, Diff: 5, Sum: 180]
      [Scan RS (ms): Min: 88.2, Avg: 91.4, Max: 92.3, Diff: 4.1, Sum: 731.4]
      [Object Copy (ms): Min: 9.0, Avg: 9.7, Max: 13.0, Diff: 4.0, Sum: 77.5]
      [Termination (ms): Min: 0.0, Avg: 0.0, Max: 0.0, Diff: 0.0, Sum: 0.0]
      [GC Worker Other (ms): Min: 0.0, Avg: 0.0, Max: 0.1, Diff: 0.0, Sum: 0.3]
      [GC Worker Total (ms): Min: 134.8, Avg: 137.0, Max: 138.1, Diff: 3.3, Sum: 1095.7]
      [GC Worker End (ms): Min: 40729.3, Avg: 40729.3, Max: 40729.4, Diff: 0.0]
   [Code Root Fixup: 0.0 ms]
   [Clear CT: 0.2 ms]
   [Other: 1.2 ms]
      [Choose CSet: 0.0 ms]
      [Ref Proc: 0.1 ms]
      [Ref Enq: 0.0 ms]
      [Free CSet: 0.5 ms]
   [Eden: 44.0M(44.0M)->0.0B(44.0M) Survivors: 7168.0K->7168.0K Heap: 894.6M(1024.0M)->858.1M(1024.0M)]
 [Times: user=1.01 sys=0.01, real=0.14 secs] 
41.120: [GC pause (G1 Evacuation Pause) (young) (initial-mark), 0.1211530 secs]
   [Parallel Time: 119.1 ms, GC Workers: 8]
      [GC Worker Start (ms): Min: 41119.8, Avg: 41122.0, Max: 41127.6, Diff: 7.8]
      [Ext Root Scanning (ms): Min: 0.0, Avg: 0.4, Max: 0.8, Diff: 0.8, Sum: 3.6]
      [Update RS (ms): Min: 0.0, Avg: 0.6, Max: 1.1, Diff: 1.1, Sum: 4.8]
         [Processed Buffers: Min: 0, Avg: 0.8, Max: 4, Diff: 4, Sum: 6]
      [Scan RS (ms): Min: 101.4, Avg: 106.1, Max: 109.3, Diff: 8.0, Sum: 848.9]
      [Object Copy (ms): Min: 7.9, Avg: 9.7, Max: 12.8, Diff: 4.9, Sum: 77.8]
      [Termination (ms): Min: 0.0, Avg: 0.0, Max: 0.0, Diff: 0.0, Sum: 0.1]
      [GC Worker Other (ms): Min: 0.0, Avg: 0.0, Max: 0.1, Diff: 0.0, Sum: 0.3]
      [GC Worker Total (ms): Min: 111.3, Avg: 116.9, Max: 119.1, Diff: 7.8, Sum: 935.4]
      [GC Worker End (ms): Min: 41238.9, Avg: 41238.9, Max: 41238.9, Diff: 0.0]
   [Code Root Fixup: 0.0 ms]
   [Clear CT: 0.2 ms]
   [Other: 1.8 ms]
      [Choose CSet: 0.0 ms]
      [Ref Proc: 0.2 ms]
      [Ref Enq: 0.0 ms]
      [Free CSet: 0.9 ms]
   [Eden: 44.0M(44.0M)->0.0B(44.0M) Survivors: 7168.0K->7168.0K Heap: 902.1M(1024.0M)->865.6M(1024.0M)]
 [Times: user=0.89 sys=0.00, real=0.12 secs] 
41.241: [GC concurrent-root-region-scan-start]
41.255: [GC concurrent-root-region-scan-end, 0.0137690 secs]
41.255: [GC concurrent-mark-start]
41.454: [GC pause (G1 Evacuation Pause) (young), 0.1389120 secs]
   [Parallel Time: 137.0 ms, GC Workers: 8]
      [GC Worker Start (ms): Min: 41454.5, Avg: 41456.4, Max: 41464.6, Diff: 10.0]
      [Ext Root Scanning (ms): Min: 0.0, Avg: 0.5, Max: 0.8, Diff: 0.8, Sum: 3.8]
      [SATB Filtering (ms): Min: 0.0, Avg: 0.0, Max: 0.0, Diff: 0.0, Sum: 0.0]
      [Update RS (ms): Min: 10.9, Avg: 17.3, Max: 19.0, Diff: 8.1, Sum: 138.1]
         [Processed Buffers: Min: 7, Avg: 12.0, Max: 15, Diff: 8, Sum: 96]
      [Scan RS (ms): Min: 104.0, Avg: 106.2, Max: 110.6, Diff: 6.6, Sum: 849.4]
      [Object Copy (ms): Min: 7.1, Avg: 11.0, Max: 13.2, Diff: 6.1, Sum: 88.3]
      [Termination (ms): Min: 0.0, Avg: 0.0, Max: 0.0, Diff: 0.0, Sum: 0.1]
      [GC Worker Other (ms): Min: 0.0, Avg: 0.0, Max: 0.1, Diff: 0.1, Sum: 0.3]
      [GC Worker Total (ms): Min: 126.9, Avg: 135.0, Max: 136.9, Diff: 10.1, Sum: 1080.0]
      [GC Worker End (ms): Min: 41591.4, Avg: 41591.4, Max: 41591.5, Diff: 0.0]
   [Code Root Fixup: 0.0 ms]
   [Clear CT: 0.2 ms]
   [Other: 1.8 ms]
      [Choose CSet: 0.0 ms]
      [Ref Proc: 0.1 ms]
      [Ref Enq: 0.0 ms]
      [Free CSet: 0.9 ms]
   [Eden: 44.0M(44.0M)->0.0B(44.0M) Survivors: 7168.0K->7168.0K Heap: 909.6M(1024.0M)->876.1M(1024.0M)]
 [Times: user=1.06 sys=0.00, real=0.14 secs] 
41.716: [GC pause (G1 Evacuation Pause) (young), 0.1700970 secs]
   [Parallel Time: 168.7 ms, GC Workers: 8]
      [GC Worker Start (ms): Min: 41716.0, Avg: 41716.8, Max: 41720.2, Diff: 4.2]
      [Ext Root Scanning (ms): Min: 0.0, Avg: 0.5, Max: 0.8, Diff: 0.8, Sum: 3.9]
      [SATB Filtering (ms): Min: 0.0, Avg: 0.0, Max: 0.0, Diff: 0.0, Sum: 0.0]
      [Update RS (ms): Min: 59.8, Avg: 63.5, Max: 65.9, Diff: 6.1, Sum: 507.6]
         [Processed Buffers: Min: 37, Avg: 38.6, Max: 41, Diff: 4, Sum: 309]
      [Scan RS (ms): Min: 88.3, Avg: 92.2, Max: 95.5, Diff: 7.1, Sum: 737.3]
      [Object Copy (ms): Min: 9.1, Avg: 11.7, Max: 13.6, Diff: 4.4, Sum: 93.4]
      [Termination (ms): Min: 0.0, Avg: 0.0, Max: 0.0, Diff: 0.0, Sum: 0.0]
      [GC Worker Other (ms): Min: 0.0, Avg: 0.0, Max: 0.1, Diff: 0.1, Sum: 0.4]
      [GC Worker Total (ms): Min: 164.4, Avg: 167.8, Max: 168.7, Diff: 4.3, Sum: 1342.7]
      [GC Worker End (ms): Min: 41884.6, Avg: 41884.7, Max: 41884.7, Diff: 0.1]
   [Code Root Fixup: 0.0 ms]
   [Clear CT: 0.2 ms]
   [Other: 1.2 ms]
      [Choose CSet: 0.0 ms]
      [Ref Proc: 0.2 ms]
      [Ref Enq: 0.0 ms]
      [Free CSet: 0.4 ms]
   [Eden: 44.0M(44.0M)->0.0B(44.0M) Survivors: 7168.0K->7168.0K Heap: 920.1M(1024.0M)->887.1M(1024.0M)]
 [Times: user=1.27 sys=0.00, real=0.17 secs] 
43.118: [GC concurrent-mark-end, 1.8632600 secs]
43.118: [GC remark 43.118: [GC ref-proc, 0.0000780 secs], 0.0045970 secs]
 [Times: user=0.02 sys=0.00, real=0.00 secs] 
43.123: [GC cleanup 901M->900M(1024M), 0.0141260 secs]
 [Times: user=0.11 sys=0.01, real=0.02 secs] 
43.137: [GC concurrent-cleanup-start]
43.137: [GC concurrent-cleanup-end, 0.0000080 secs]
45.306: [GC pause (G1 Evacuation Pause) (young), 0.1318990 secs]
   [Parallel Time: 130.3 ms, GC Workers: 8]
      [GC Worker Start (ms): Min: 45306.2, Avg: 45308.1, Max: 45315.4, Diff: 9.2]
      [Ext Root Scanning (ms): Min: 0.0, Avg: 0.6, Max: 1.2, Diff: 1.2, Sum: 4.5]
      [Update RS (ms): Min: 0.0, Avg: 1.7, Max: 2.8, Diff: 2.8, Sum: 13.4]
         [Processed Buffers: Min: 0, Avg: 2.1, Max: 6, Diff: 6, Sum: 17]
      [Scan RS (ms): Min: 113.0, Avg: 118.2, Max: 120.8, Diff: 7.8, Sum: 945.3]
      [Object Copy (ms): Min: 6.3, Avg: 7.9, Max: 10.7, Diff: 4.4, Sum: 63.1]
      [Termination (ms): Min: 0.0, Avg: 0.1, Max: 0.1, Diff: 0.1, Sum: 0.5]
      [GC Worker Other (ms): Min: 0.0, Avg: 0.0, Max: 0.0, Diff: 0.0, Sum: 0.2]
      [GC Worker Total (ms): Min: 121.0, Avg: 128.4, Max: 130.2, Diff: 9.2, Sum: 1027.0]
      [GC Worker End (ms): Min: 45436.4, Avg: 45436.5, Max: 45436.5, Diff: 0.0]
   [Code Root Fixup: 0.0 ms]
   [Clear CT: 0.2 ms]
   [Other: 1.4 ms]
      [Choose CSet: 0.0 ms]
      [Ref Proc: 0.1 ms]
      [Ref Enq: 0.0 ms]
      [Free CSet: 0.6 ms]
   [Eden: 44.0M(44.0M)->0.0B(45.0M) Survivors: 7168.0K->6144.0K Heap: 930.1M(1024.0M)->893.1M(1024.0M)]
 [Times: user=0.99 sys=0.01, real=0.13 secs] 
50.306: [GC pause (G1 Evacuation Pause) (young), 0.1250880 secs]
   [Parallel Time: 123.1 ms, GC Workers: 8]
      [GC Worker Start (ms): Min: 50306.1, Avg: 50307.7, Max: 50311.5, Diff: 5.4]
      [Ext Root Scanning (ms): Min: 0.0, Avg: 0.5, Max: 0.8, Diff: 0.8, Sum: 3.9]
      [Update RS (ms): Min: 0.0, Avg: 1.6, Max: 2.5, Diff: 2.5, Sum: 12.8]
         [Processed Buffers: Min: 0, Avg: 2.1, Max: 6, Diff: 6, Sum: 17]
      [Scan RS (ms): Min: 108.0, Avg: 110.0, Max: 111.0, Diff: 2.9, Sum: 880.3]
      [Object Copy (ms): Min: 8.7, Avg: 9.2, Max: 9.3, Diff: 0.6, Sum: 73.6]
      [Termination (ms): Min: 0.0, Avg: 0.1, Max: 0.1, Diff: 0.1, Sum: 0.5]
      [GC Worker Other (ms): Min: 0.0, Avg: 0.1, Max: 0.2, Diff: 0.2, Sum: 0.4]
      [GC Worker Total (ms): Min: 117.6, Avg: 121.4, Max: 123.0, Diff: 5.4, Sum: 971.4]
      [GC Worker End (ms): Min: 50429.1, Avg: 50429.1, Max: 50429.1, Diff: 0.0]
   [Code Root Fixup: 0.0 ms]
   [Clear CT: 0.2 ms]
   [Other: 1.8 ms]
      [Choose CSet: 0.0 ms]
      [Ref Proc: 0.2 ms]
      [Ref Enq: 0.0 ms]
      [Free CSet: 0.9 ms]
   [Eden: 45.0M(45.0M)->0.0B(44.0M) Survivors: 6144.0K->7168.0K Heap: 938.1M(1024.0M)->902.6M(1024.0M)]
 [Times: user=0.90 sys=0.00, real=0.12 secs] 
50.501: [GC pause (G1 Evacuation Pause) (young) (initial-mark), 0.1618710 secs]
   [Parallel Time: 160.7 ms, GC Workers: 8]
      [GC Worker Start (ms): Min: 50501.3, Avg: 50503.4, Max: 50508.7, Diff: 7.4]
      [Ext Root Scanning (ms): Min: 0.0, Avg: 0.5, Max: 0.8, Diff: 0.8, Sum: 3.6]
      [Update RS (ms): Min: 62.3, Avg: 67.1, Max: 69.4, Diff: 7.1, Sum: 536.7]
         [Processed Buffers: Min: 36, Avg: 38.9, Max: 41, Diff: 5, Sum: 311]
      [Scan RS (ms): Min: 81.0, Avg: 81.5, Max: 82.1, Diff: 1.1, Sum: 652.1]
      [Object Copy (ms): Min: 9.2, Avg: 9.3, Max: 9.5, Diff: 0.3, Sum: 74.5]
      [Termination (ms): Min: 0.0, Avg: 0.1, Max: 0.1, Diff: 0.1, Sum: 0.5]
      [GC Worker Other (ms): Min: 0.0, Avg: 0.0, Max: 0.0, Diff: 0.0, Sum: 0.2]
      [GC Worker Total (ms): Min: 153.1, Avg: 158.4, Max: 160.6, Diff: 7.5, Sum: 1267.6]
      [GC Worker End (ms): Min: 50661.9, Avg: 50661.9, Max: 50661.9, Diff: 0.0]
   [Code Root Fixup: 0.0 ms]
   [Clear CT: 0.2 ms]
   [Other: 1.0 ms]
      [Choose CSet: 0.0 ms]
      [Ref Proc: 0.2 ms]
      [Ref Enq: 0.0 ms]
      [Free CSet: 0.3 ms]
   [Eden: 44.0M(44.0M)->0.0B(44.0M) Survivors: 7168.0K->7168.0K Heap: 946.6M(1024.0M)->909.6M(1024.0M)]
 [Times: user=1.17 sys=0.01, real=0.17 secs] 
50.663: [GC concurrent-root-region-scan-start]
50.671: [GC concurrent-root-region-scan-end, 0.0080100 secs]
50.671: [GC concurrent-mark-start]
50.830: [GC pause (G1 Evacuation Pause) (young), 0.1634540 secs]
   [Parallel Time: 161.8 ms, GC Workers: 8]
      [GC Worker Start (ms): Min: 50829.7, Avg: 50829.8, Max: 50829.9, Diff: 0.3]
      [Ext Root Scanning (ms): Min: 0.4, Avg: 0.6, Max: 0.7, Diff: 0.2, Sum: 4.6]
      [SATB Filtering (ms): Min: 0.0, Avg: 0.0, Max: 0.0, Diff: 0.0, Sum: 0.0]
      [Update RS (ms): Min: 42.3, Avg: 42.7, Max: 43.2, Diff: 0.9, Sum: 341.3]
         [Processed Buffers: Min: 25, Avg: 26.0, Max: 27, Diff: 2, Sum: 208]
      [Scan RS (ms): Min: 107.3, Avg: 108.0, Max: 110.0, Diff: 2.7, Sum: 864.0]
      [Object Copy (ms): Min: 8.6, Avg: 10.3, Max: 10.6, Diff: 2.0, Sum: 82.2]
      [Termination (ms): Min: 0.0, Avg: 0.1, Max: 0.1, Diff: 0.1, Sum: 0.6]
      [GC Worker Other (ms): Min: 0.0, Avg: 0.1, Max: 0.1, Diff: 0.1, Sum: 0.6]
      [GC Worker Total (ms): Min: 161.5, Avg: 161.7, Max: 161.8, Diff: 0.3, Sum: 1293.4]
      [GC Worker End (ms): Min: 50991.4, Avg: 50991.4, Max: 50991.4, Diff: 0.0]
   [Code Root Fixup: 0.0 ms]
   [Clear CT: 0.2 ms]
   [Other: 1.4 ms]
      [Choose CSet: 0.0 ms]
      [Ref Proc: 0.3 ms]
      [Ref Enq: 0.0 ms]
      [Free CSet: 0.5 ms]
   [Eden: 44.0M(44.0M)->0.0B(44.0M) Survivors: 7168.0K->7168.0K Heap: 953.6M(1024.0M)->919.6M(1024.0M)]
 [Times: user=1.21 sys=0.01, real=0.16 secs] 
51.169: [GC pause (G1 Evacuation Pause) (young), 0.1790140 secs]
   [Parallel Time: 177.3 ms, GC Workers: 8]
      [GC Worker Start (ms): Min: 51169.5, Avg: 51170.7, Max: 51175.1, Diff: 5.6]
      [Ext Root Scanning (ms): Min: 0.0, Avg: 0.5, Max: 0.8, Diff: 0.8, Sum: 3.8]
      [SATB Filtering (ms): Min: 0.0, Avg: 0.0, Max: 0.1, Diff: 0.1, Sum: 0.1]
      [Update RS (ms): Min: 39.8, Avg: 42.7, Max: 43.7, Diff: 3.9, Sum: 341.7]
         [Processed Buffers: Min: 23, Avg: 25.4, Max: 28, Diff: 5, Sum: 203]
      [Scan RS (ms): Min: 118.1, Avg: 120.6, Max: 122.1, Diff: 4.0, Sum: 964.5]
      [Object Copy (ms): Min: 11.1, Avg: 12.2, Max: 15.2, Diff: 4.2, Sum: 97.8]
      [Termination (ms): Min: 0.0, Avg: 0.0, Max: 0.0, Diff: 0.0, Sum: 0.1]
      [GC Worker Other (ms): Min: 0.0, Avg: 0.0, Max: 0.1, Diff: 0.0, Sum: 0.3]
      [GC Worker Total (ms): Min: 171.7, Avg: 176.0, Max: 177.3, Diff: 5.6, Sum: 1408.4]
      [GC Worker End (ms): Min: 51346.8, Avg: 51346.8, Max: 51346.8, Diff: 0.0]
   [Code Root Fixup: 0.0 ms]
   [Clear CT: 0.2 ms]
   [Other: 1.5 ms]
      [Choose CSet: 0.0 ms]
      [Ref Proc: 0.1 ms]
      [Ref Enq: 0.0 ms]
      [Free CSet: 0.6 ms]
   [Eden: 44.0M(44.0M)->0.0B(44.0M) Survivors: 7168.0K->7168.0K Heap: 963.6M(1024.0M)->931.6M(1024.0M)]
 [Times: user=1.35 sys=0.00, real=0.18 secs] 
52.674: [GC concurrent-mark-end, 2.0029480 secs]
52.674: [GC remark 52.675: [GC ref-proc, 0.0000970 secs], 0.0045230 secs]
 [Times: user=0.03 sys=0.00, real=0.00 secs] 
52.679: [GC cleanup 967M->966M(1024M), 0.0156630 secs]
 [Times: user=0.10 sys=0.00, real=0.02 secs] 
52.695: [GC concurrent-cleanup-start]
52.695: [GC concurrent-cleanup-end, 0.0000080 secs]
55.380: [GC pause (G1 Evacuation Pause) (young), 0.1280430 secs]
   [Parallel Time: 126.2 ms, GC Workers: 8]
      [GC Worker Start (ms): Min: 55380.1, Avg: 55380.7, Max: 55382.2, Diff: 2.1]
      [Ext Root Scanning (ms): Min: 0.0, Avg: 0.5, Max: 0.8, Diff: 0.8, Sum: 4.0]
      [Update RS (ms): Min: 0.0, Avg: 0.8, Max: 1.6, Diff: 1.6, Sum: 6.7]
         [Processed Buffers: Min: 0, Avg: 1.0, Max: 6, Diff: 6, Sum: 8]
      [Scan RS (ms): Min: 113.2, Avg: 114.9, Max: 116.8, Diff: 3.7, Sum: 919.4]
      [Object Copy (ms): Min: 7.5, Avg: 9.3, Max: 11.4, Diff: 3.9, Sum: 74.3]
      [Termination (ms): Min: 0.0, Avg: 0.0, Max: 0.0, Diff: 0.0, Sum: 0.0]
      [GC Worker Other (ms): Min: 0.0, Avg: 0.0, Max: 0.1, Diff: 0.1, Sum: 0.4]
      [GC Worker Total (ms): Min: 124.1, Avg: 125.6, Max: 126.2, Diff: 2.1, Sum: 1004.9]
      [GC Worker End (ms): Min: 55506.3, Avg: 55506.3, Max: 55506.3, Diff: 0.1]
   [Code Root Fixup: 0.0 ms]
   [Clear CT: 0.2 ms]
   [Other: 1.6 ms]
      [Choose CSet: 0.0 ms]
      [Ref Proc: 0.1 ms]
      [Ref Enq: 0.0 ms]
      [Free CSet: 0.8 ms]
   [Eden: 44.0M(44.0M)->0.0B(44.0M) Survivors: 7168.0K->7168.0K Heap: 974.6M(1024.0M)->940.1M(1024.0M)]
 [Times: user=0.98 sys=0.00, real=0.13 secs] 
55.679: [GC pause (G1 Evacuation Pause) (young), 0.1302120 secs]
   [Parallel Time: 127.9 ms, GC Workers: 8]
      [GC Worker Start (ms): Min: 55679.0, Avg: 55679.2, Max: 55679.4, Diff: 0.3]
      [Ext Root Scanning (ms): Min: 0.6, Avg: 0.8, Max: 0.9, Diff: 0.3, Sum: 6.0]
      [Update RS (ms): Min: 1.4, Avg: 1.9, Max: 2.3, Diff: 0.8, Sum: 15.4]
         [Processed Buffers: Min: 1, Avg: 1.8, Max: 4, Diff: 3, Sum: 14]
      [Scan RS (ms): Min: 114.7, Avg: 116.2, Max: 121.7, Diff: 7.0, Sum: 929.8]
      [Object Copy (ms): Min: 3.2, Avg: 8.8, Max: 10.3, Diff: 7.1, Sum: 70.7]
      [Termination (ms): Min: 0.0, Avg: 0.0, Max: 0.0, Diff: 0.0, Sum: 0.0]
      [GC Worker Other (ms): Min: 0.0, Avg: 0.1, Max: 0.1, Diff: 0.0, Sum: 0.4]
      [GC Worker Total (ms): Min: 127.6, Avg: 127.8, Max: 127.9, Diff: 0.3, Sum: 1022.4]
      [GC Worker End (ms): Min: 55806.9, Avg: 55807.0, Max: 55807.0, Diff: 0.0]
   [Code Root Fixup: 0.0 ms]
   [Clear CT: 0.2 ms]
   [Other: 2.1 ms]
      [Choose CSet: 0.0 ms]
      [Ref Proc: 0.3 ms]
      [Ref Enq: 0.0 ms]
      [Free CSet: 0.9 ms]
   [Eden: 44.0M(44.0M)->0.0B(44.0M) Survivors: 7168.0K->7168.0K Heap: 984.1M(1024.0M)->949.1M(1024.0M)]
 [Times: user=0.95 sys=0.00, real=0.13 secs] 
55.976: [GC pause (G1 Evacuation Pause) (young) (initial-mark), 0.1341530 secs]
   [Parallel Time: 132.3 ms, GC Workers: 8]
      [GC Worker Start (ms): Min: 55976.4, Avg: 55977.9, Max: 55985.1, Diff: 8.7]
      [Ext Root Scanning (ms): Min: 0.0, Avg: 0.5, Max: 0.9, Diff: 0.8, Sum: 3.8]
      [Update RS (ms): Min: 0.0, Avg: 1.4, Max: 2.4, Diff: 2.4, Sum: 11.5]
         [Processed Buffers: Min: 0, Avg: 1.4, Max: 3, Diff: 3, Sum: 11]
      [Scan RS (ms): Min: 114.1, Avg: 119.6, Max: 124.7, Diff: 10.6, Sum: 957.0]
      [Object Copy (ms): Min: 4.7, Avg: 9.1, Max: 11.6, Diff: 6.9, Sum: 73.1]
      [Termination (ms): Min: 0.0, Avg: 0.1, Max: 0.1, Diff: 0.1, Sum: 0.6]
      [GC Worker Other (ms): Min: 0.0, Avg: 0.0, Max: 0.1, Diff: 0.1, Sum: 0.3]
      [GC Worker Total (ms): Min: 123.6, Avg: 130.8, Max: 132.3, Diff: 8.7, Sum: 1046.3]
      [GC Worker End (ms): Min: 56108.6, Avg: 56108.7, Max: 56108.7, Diff: 0.0]
   [Code Root Fixup: 0.0 ms]
   [Clear CT: 0.2 ms]
   [Other: 1.6 ms]
      [Choose CSet: 0.0 ms]
      [Ref Proc: 0.1 ms]
      [Ref Enq: 0.0 ms]
      [Free CSet: 0.8 ms]
   [Eden: 44.0M(44.0M)->0.0B(44.0M) Survivors: 7168.0K->7168.0K Heap: 993.1M(1024.0M)->957.6M(1024.0M)]
 [Times: user=0.99 sys=0.00, real=0.13 secs] 
56.111: [GC concurrent-root-region-scan-start]
56.122: [GC concurrent-root-region-scan-end, 0.0115250 secs]
56.122: [GC concurrent-mark-start]
56.175: [GC pause (G1 Evacuation Pause) (young), 0.0983140 secs]
   [Parallel Time: 97.2 ms, GC Workers: 8]
      [GC Worker Start (ms): Min: 56175.4, Avg: 56176.6, Max: 56179.4, Diff: 3.9]
      [Ext Root Scanning (ms): Min: 0.0, Avg: 0.5, Max: 0.8, Diff: 0.8, Sum: 3.8]
      [SATB Filtering (ms): Min: 0.0, Avg: 0.0, Max: 0.0, Diff: 0.0, Sum: 0.0]
      [Update RS (ms): Min: 54.9, Avg: 57.0, Max: 57.9, Diff: 3.0, Sum: 455.8]
         [Processed Buffers: Min: 30, Avg: 32.6, Max: 36, Diff: 6, Sum: 261]
      [Scan RS (ms): Min: 32.4, Avg: 33.4, Max: 33.9, Diff: 1.5, Sum: 267.5]
      [Object Copy (ms): Min: 5.1, Avg: 5.1, Max: 5.1, Diff: 0.1, Sum: 40.7]
      [Termination (ms): Min: 0.0, Avg: 0.0, Max: 0.0, Diff: 0.0, Sum: 0.0]
      [GC Worker Other (ms): Min: 0.0, Avg: 0.0, Max: 0.1, Diff: 0.1, Sum: 0.3]
      [GC Worker Total (ms): Min: 93.2, Avg: 96.0, Max: 97.1, Diff: 3.9, Sum: 768.0]
      [GC Worker End (ms): Min: 56272.6, Avg: 56272.6, Max: 56272.6, Diff: 0.1]
   [Code Root Fixup: 0.0 ms]
   [Clear CT: 0.2 ms]
   [Other: 0.9 ms]
      [Choose CSet: 0.0 ms]
      [Ref Proc: 0.2 ms]
      [Ref Enq: 0.0 ms]
      [Free CSet: 0.3 ms]
   [Eden: 44.0M(44.0M)->0.0B(47.0M) Survivors: 7168.0K->4096.0K Heap: 1001.6M(1024.0M)->963.1M(1024.0M)]
 [Times: user=0.75 sys=0.01, real=0.10 secs] 
57.702: [GC concurrent-mark-end, 1.5796730 secs]
57.702: [GC remark 57.702: [GC ref-proc, 0.0000720 secs], 0.0048130 secs]
 [Times: user=0.02 sys=0.00, real=0.01 secs] 
57.707: [GC cleanup 966M->965M(1024M), 0.0162230 secs]
 [Times: user=0.12 sys=0.00, real=0.01 secs] 
57.723: [GC concurrent-cleanup-start]
57.723: [GC concurrent-cleanup-end, 0.0000170 secs]
60.327: [GC pause (G1 Evacuation Pause) (young), 0.0347920 secs]
   [Parallel Time: 33.0 ms, GC Workers: 8]
      [GC Worker Start (ms): Min: 60327.1, Avg: 60327.6, Max: 60329.5, Diff: 2.4]
      [Ext Root Scanning (ms): Min: 0.0, Avg: 0.6, Max: 0.9, Diff: 0.9, Sum: 4.4]
      [Update RS (ms): Min: 1.2, Avg: 2.3, Max: 3.1, Diff: 1.9, Sum: 18.6]
         [Processed Buffers: Min: 1, Avg: 2.6, Max: 9, Diff: 8, Sum: 21]
      [Scan RS (ms): Min: 23.3, Avg: 23.8, Max: 24.2, Diff: 0.9, Sum: 190.5]
      [Object Copy (ms): Min: 5.5, Avg: 5.6, Max: 5.7, Diff: 0.1, Sum: 44.7]
      [Termination (ms): Min: 0.0, Avg: 0.0, Max: 0.0, Diff: 0.0, Sum: 0.0]
      [GC Worker Other (ms): Min: 0.0, Avg: 0.0, Max: 0.1, Diff: 0.0, Sum: 0.4]
      [GC Worker Total (ms): Min: 30.5, Avg: 32.3, Max: 32.9, Diff: 2.5, Sum: 258.7]
      [GC Worker End (ms): Min: 60360.0, Avg: 60360.0, Max: 60360.0, Diff: 0.0]
   [Code Root Fixup: 0.0 ms]
   [Clear CT: 0.2 ms]
   [Other: 1.7 ms]
      [Choose CSet: 0.0 ms]
      [Ref Proc: 0.2 ms]
      [Ref Enq: 0.0 ms]
      [Free CSet: 0.8 ms]
   [Eden: 47.0M(47.0M)->0.0B(44.0M) Survivors: 4096.0K->7168.0K Heap: 1009.1M(1024.0M)->967.2M(1024.0M)]
 [Times: user=0.25 sys=0.01, real=0.03 secs] 
60.508: [GC pause (G1 Evacuation Pause) (young) (to-space exhausted), 0.2227150 secs]
   [Parallel Time: 202.9 ms, GC Workers: 8]
      [GC Worker Start (ms): Min: 60508.2, Avg: 60508.6, Max: 60509.9, Diff: 1.7]
      [Ext Root Scanning (ms): Min: 0.0, Avg: 0.5, Max: 0.8, Diff: 0.8, Sum: 4.3]
      [Update RS (ms): Min: 22.5, Avg: 22.8, Max: 23.2, Diff: 0.7, Sum: 182.3]
         [Processed Buffers: Min: 13, Avg: 15.1, Max: 18, Diff: 5, Sum: 121]
      [Scan RS (ms): Min: 121.9, Avg: 126.7, Max: 128.3, Diff: 6.5, Sum: 1013.2]
      [Object Copy (ms): Min: 51.0, Avg: 52.5, Max: 57.7, Diff: 6.6, Sum: 419.7]
      [Termination (ms): Min: 0.0, Avg: 0.0, Max: 0.1, Diff: 0.1, Sum: 0.4]
      [GC Worker Other (ms): Min: 0.0, Avg: 0.0, Max: 0.0, Diff: 0.0, Sum: 0.3]
      [GC Worker Total (ms): Min: 201.2, Avg: 202.5, Max: 202.9, Diff: 1.7, Sum: 1620.2]
      [GC Worker End (ms): Min: 60711.1, Avg: 60711.1, Max: 60711.1, Diff: 0.0]
   [Code Root Fixup: 0.0 ms]
   [Clear CT: 0.2 ms]
   [Other: 19.6 ms]
      [Choose CSet: 0.0 ms]
      [Ref Proc: 0.1 ms]
      [Ref Enq: 0.0 ms]
      [Free CSet: 1.1 ms]
   [Eden: 44.0M(44.0M)->0.0B(45.0M) Survivors: 7168.0K->6144.0K Heap: 1011.2M(1024.0M)->1023.6M(1024.0M)]
 [Times: user=1.36 sys=0.06, real=0.22 secs] 
60.731: [GC pause (G1 Evacuation Pause) (young) (initial-mark) (to-space exhausted), 0.1765690 secs]
   [Parallel Time: 172.9 ms, GC Workers: 8]
      [GC Worker Start (ms): Min: 60731.3, Avg: 60731.7, Max: 60733.0, Diff: 1.7]
      [Ext Root Scanning (ms): Min: 0.0, Avg: 0.7, Max: 1.0, Diff: 1.0, Sum: 5.4]
      [Update RS (ms): Min: 125.5, Avg: 126.1, Max: 126.8, Diff: 1.3, Sum: 1009.0]
         [Processed Buffers: Min: 177, Avg: 190.8, Max: 203, Diff: 26, Sum: 1526]
      [Scan RS (ms): Min: 0.0, Avg: 0.0, Max: 0.0, Diff: 0.0, Sum: 0.0]
      [Object Copy (ms): Min: 44.9, Avg: 45.6, Max: 45.9, Diff: 0.9, Sum: 364.7]
      [Termination (ms): Min: 0.0, Avg: 0.0, Max: 0.0, Diff: 0.0, Sum: 0.1]
      [GC Worker Other (ms): Min: 0.0, Avg: 0.0, Max: 0.0, Diff: 0.0, Sum: 0.2]
      [GC Worker Total (ms): Min: 171.1, Avg: 172.4, Max: 172.9, Diff: 1.8, Sum: 1379.5]
      [GC Worker End (ms): Min: 60904.1, Avg: 60904.2, Max: 60904.2, Diff: 0.0]
   [Code Root Fixup: 0.0 ms]
   [Clear CT: 0.1 ms]
   [Other: 3.6 ms]
      [Choose CSet: 0.0 ms]
      [Ref Proc: 0.1 ms]
      [Ref Enq: 0.0 ms]
      [Free CSet: 0.0 ms]
   [Eden: 0.0B(45.0M)->0.0B(51.0M) Survivors: 6144.0K->0.0B Heap: 1023.6M(1024.0M)->1023.6M(1024.0M)]
 [Times: user=1.01 sys=0.06, real=0.18 secs] 
60.908: [GC concurrent-root-region-scan-start]
60.908: [GC concurrent-root-region-scan-end, 0.0000040 secs]
60.908: [GC concurrent-mark-start]
60.908: [GC pause (G1 Evacuation Pause) (young), 0.0586080 secs]
   [Parallel Time: 58.2 ms, GC Workers: 8]
      [GC Worker Start (ms): Min: 60908.2, Avg: 60908.3, Max: 60909.1, Diff: 0.9]
      [Ext Root Scanning (ms): Min: 0.0, Avg: 0.6, Max: 0.8, Diff: 0.8, Sum: 4.4]
      [SATB Filtering (ms): Min: 0.0, Avg: 0.0, Max: 0.0, Diff: 0.0, Sum: 0.0]
      [Update RS (ms): Min: 56.8, Avg: 57.0, Max: 57.2, Diff: 0.5, Sum: 455.7]
         [Processed Buffers: Min: 118, Avg: 133.1, Max: 154, Diff: 36, Sum: 1065]
      [Scan RS (ms): Min: 0.0, Avg: 0.0, Max: 0.0, Diff: 0.0, Sum: 0.0]
      [Object Copy (ms): Min: 0.0, Avg: 0.0, Max: 0.1, Diff: 0.1, Sum: 0.4]
      [Termination (ms): Min: 0.0, Avg: 0.4, Max: 0.5, Diff: 0.5, Sum: 3.0]
      [GC Worker Other (ms): Min: 0.0, Avg: 0.0, Max: 0.0, Diff: 0.0, Sum: 0.1]
      [GC Worker Total (ms): Min: 57.2, Avg: 57.9, Max: 58.1, Diff: 0.9, Sum: 463.5]
      [GC Worker End (ms): Min: 60966.3, Avg: 60966.3, Max: 60966.3, Diff: 0.0]
   [Code Root Fixup: 0.0 ms]
   [Clear CT: 0.1 ms]
   [Other: 0.3 ms]
      [Choose CSet: 0.0 ms]
      [Ref Proc: 0.1 ms]
      [Ref Enq: 0.0 ms]
      [Free CSet: 0.0 ms]
   [Eden: 0.0B(51.0M)->0.0B(51.0M) Survivors: 0.0B->0.0B Heap: 1023.6M(1024.0M)->1023.6M(1024.0M)]
 [Times: user=0.42 sys=0.00, real=0.06 secs] 
60.967: [GC pause (G1 Evacuation Pause) (young), 0.0013880 secs]
   [Parallel Time: 0.9 ms, GC Workers: 8]
      [GC Worker Start (ms): Min: 60966.9, Avg: 60967.1, Max: 60967.6, Diff: 0.7]
      [Ext Root Scanning (ms): Min: 0.0, Avg: 0.5, Max: 0.8, Diff: 0.8, Sum: 4.2]
      [SATB Filtering (ms): Min: 0.0, Avg: 0.0, Max: 0.0, Diff: 0.0, Sum: 0.0]
      [Update RS (ms): Min: 0.0, Avg: 0.0, Max: 0.0, Diff: 0.0, Sum: 0.0]
         [Processed Buffers: Min: 0, Avg: 0.1, Max: 1, Diff: 1, Sum: 1]
      [Scan RS (ms): Min: 0.0, Avg: 0.0, Max: 0.0, Diff: 0.0, Sum: 0.0]
      [Object Copy (ms): Min: 0.0, Avg: 0.0, Max: 0.1, Diff: 0.1, Sum: 0.3]
      [Termination (ms): Min: 0.0, Avg: 0.1, Max: 0.2, Diff: 0.2, Sum: 0.8]
      [GC Worker Other (ms): Min: 0.0, Avg: 0.0, Max: 0.0, Diff: 0.0, Sum: 0.1]
      [GC Worker Total (ms): Min: 0.1, Avg: 0.7, Max: 0.8, Diff: 0.7, Sum: 5.4]
      [GC Worker End (ms): Min: 60967.7, Avg: 60967.8, Max: 60967.8, Diff: 0.0]
   [Code Root Fixup: 0.0 ms]
   [Clear CT: 0.2 ms]
   [Other: 0.3 ms]
      [Choose CSet: 0.0 ms]
      [Ref Proc: 0.2 ms]
      [Ref Enq: 0.0 ms]
      [Free CSet: 0.0 ms]
   [Eden: 0.0B(51.0M)->0.0B(51.0M) Survivors: 0.0B->0.0B Heap: 1023.6M(1024.0M)->1023.6M(1024.0M)]
 [Times: user=0.01 sys=0.00, real=0.00 secs] 
60.968: [Full GC (Allocation Failure) 1023M->833M(1024M), 3.5758940 secs]
   [Eden: 0.0B(51.0M)->0.0B(51.0M) Survivors: 0.0B->0.0B Heap: 1023.6M(1024.0M)->833.4M(1024.0M)]
 [Times: user=6.29 sys=0.03, real=3.58 secs] 
64.545: [GC concurrent-mark-abort]
65.244: [GC pause (G1 Evacuation Pause) (young), 0.0238810 secs]
   [Parallel Time: 22.0 ms, GC Workers: 8]
      [GC Worker Start (ms): Min: 65244.5, Avg: 65246.0, Max: 65254.3, Diff: 9.7]
      [Ext Root Scanning (ms): Min: 0.0, Avg: 0.7, Max: 1.0, Diff: 1.0, Sum: 5.5]
      [Update RS (ms): Min: 0.0, Avg: 1.3, Max: 2.8, Diff: 2.8, Sum: 10.8]
         [Processed Buffers: Min: 0, Avg: 1.5, Max: 6, Diff: 6, Sum: 12]
      [Scan RS (ms): Min: 7.1, Avg: 13.3, Max: 15.1, Diff: 8.0, Sum: 106.7]
      [Object Copy (ms): Min: 4.9, Avg: 5.0, Max: 5.1, Diff: 0.1, Sum: 40.0]
      [Termination (ms): Min: 0.0, Avg: 0.1, Max: 0.1, Diff: 0.1, Sum: 0.6]
      [GC Worker Other (ms): Min: 0.0, Avg: 0.0, Max: 0.1, Diff: 0.1, Sum: 0.3]
      [GC Worker Total (ms): Min: 12.2, Avg: 20.5, Max: 21.9, Diff: 9.8, Sum: 163.9]
      [GC Worker End (ms): Min: 65266.4, Avg: 65266.4, Max: 65266.5, Diff: 0.1]
   [Code Root Fixup: 0.0 ms]
   [Clear CT: 0.2 ms]
   [Other: 1.7 ms]
      [Choose CSet: 0.0 ms]
      [Ref Proc: 0.1 ms]
      [Ref Enq: 0.0 ms]
      [Free CSet: 0.6 ms]
   [Eden: 51.0M(51.0M)->0.0B(44.0M) Survivors: 0.0B->7168.0K Heap: 884.4M(1024.0M)->840.1M(1024.0M)]
 [Times: user=0.16 sys=0.00, real=0.02 secs] 
65.428: [GC pause (G1 Evacuation Pause) (young) (initial-mark), 0.1310350 secs]
   [Parallel Time: 128.9 ms, GC Workers: 8]
      [GC Worker Start (ms): Min: 65428.3, Avg: 65429.6, Max: 65436.7, Diff: 8.4]
      [Ext Root Scanning (ms): Min: 0.0, Avg: 1.7, Max: 9.9, Diff: 9.9, Sum: 13.5]
      [Update RS (ms): Min: 0.0, Avg: 1.3, Max: 2.4, Diff: 2.4, Sum: 10.3]
         [Processed Buffers: Min: 0, Avg: 1.6, Max: 4, Diff: 4, Sum: 13]
      [Scan RS (ms): Min: 107.5, Avg: 113.5, Max: 118.0, Diff: 10.5, Sum: 907.8]
      [Object Copy (ms): Min: 8.4, Avg: 11.1, Max: 15.7, Diff: 7.4, Sum: 89.0]
      [Termination (ms): Min: 0.0, Avg: 0.0, Max: 0.0, Diff: 0.0, Sum: 0.0]
      [GC Worker Other (ms): Min: 0.0, Avg: 0.0, Max: 0.0, Diff: 0.0, Sum: 0.2]
      [GC Worker Total (ms): Min: 120.4, Avg: 127.6, Max: 128.9, Diff: 8.4, Sum: 1020.9]
      [GC Worker End (ms): Min: 65557.2, Avg: 65557.2, Max: 65557.2, Diff: 0.0]
   [Code Root Fixup: 0.0 ms]
   [Clear CT: 0.2 ms]
   [Other: 1.9 ms]
      [Choose CSet: 0.0 ms]
      [Ref Proc: 0.2 ms]
      [Ref Enq: 0.0 ms]
      [Free CSet: 1.0 ms]
   [Eden: 44.0M(44.0M)->0.0B(44.0M) Survivors: 7168.0K->7168.0K Heap: 884.1M(1024.0M)->849.9M(1024.0M)]
 [Times: user=0.98 sys=0.01, real=0.13 secs] 
65.559: [GC concurrent-root-region-scan-start]
65.573: [GC concurrent-root-region-scan-end, 0.0138700 secs]
65.573: [GC concurrent-mark-start]
65.816: [GC pause (G1 Evacuation Pause) (young), 0.1254390 secs]
   [Parallel Time: 123.3 ms, GC Workers: 8]
      [GC Worker Start (ms): Min: 65815.9, Avg: 65817.9, Max: 65826.0, Diff: 10.0]
      [Ext Root Scanning (ms): Min: 0.0, Avg: 0.5, Max: 0.9, Diff: 0.9, Sum: 4.4]
      [SATB Filtering (ms): Min: 0.0, Avg: 0.0, Max: 0.0, Diff: 0.0, Sum: 0.0]
      [Update RS (ms): Min: 0.0, Avg: 1.1, Max: 2.4, Diff: 2.4, Sum: 8.5]
         [Processed Buffers: Min: 0, Avg: 0.9, Max: 3, Diff: 3, Sum: 7]
      [Scan RS (ms): Min: 104.6, Avg: 110.4, Max: 112.8, Diff: 8.2, Sum: 883.5]
      [Object Copy (ms): Min: 8.0, Avg: 9.1, Max: 12.3, Diff: 4.3, Sum: 73.1]
      [Termination (ms): Min: 0.0, Avg: 0.0, Max: 0.0, Diff: 0.0, Sum: 0.0]
      [GC Worker Other (ms): Min: 0.0, Avg: 0.0, Max: 0.1, Diff: 0.1, Sum: 0.3]
      [GC Worker Total (ms): Min: 113.2, Avg: 121.2, Max: 123.2, Diff: 10.1, Sum: 969.8]
      [GC Worker End (ms): Min: 65939.1, Avg: 65939.1, Max: 65939.2, Diff: 0.1]
   [Code Root Fixup: 0.0 ms]
   [Clear CT: 0.2 ms]
   [Other: 2.0 ms]
      [Choose CSet: 0.0 ms]
      [Ref Proc: 0.2 ms]
      [Ref Enq: 0.0 ms]
      [Free CSet: 1.0 ms]
   [Eden: 44.0M(44.0M)->0.0B(44.0M) Survivors: 7168.0K->7168.0K Heap: 893.9M(1024.0M)->859.9M(1024.0M)]
 [Times: user=0.93 sys=0.01, real=0.12 secs] 
67.356: [GC concurrent-mark-end, 1.7827340 secs]
67.356: [GC remark 67.356: [GC ref-proc, 0.0000520 secs], 0.0045770 secs]
 [Times: user=0.03 sys=0.00, real=0.00 secs] 
67.361: [GC cleanup 860M->860M(1024M), 0.0162520 secs]
 [Times: user=0.09 sys=0.00, real=0.02 secs] 
70.331: [GC pause (G1 Evacuation Pause) (young), 0.1394230 secs]
   [Parallel Time: 136.9 ms, GC Workers: 8]
      [GC Worker Start (ms): Min: 70331.2, Avg: 70331.4, Max: 70332.5, Diff: 1.3]
      [Ext Root Scanning (ms): Min: 0.0, Avg: 0.6, Max: 0.8, Diff: 0.8, Sum: 4.9]
      [Update RS (ms): Min: 5.0, Avg: 6.0, Max: 6.9, Diff: 1.9, Sum: 47.9]
         [Processed Buffers: Min: 3, Avg: 5.0, Max: 8, Diff: 5, Sum: 40]
      [Scan RS (ms): Min: 115.9, Avg: 118.0, Max: 121.8, Diff: 5.9, Sum: 944.2]
      [Object Copy (ms): Min: 7.9, Avg: 11.9, Max: 14.1, Diff: 6.2, Sum: 95.0]
      [Termination (ms): Min: 0.0, Avg: 0.1, Max: 0.1, Diff: 0.1, Sum: 0.6]
      [GC Worker Other (ms): Min: 0.0, Avg: 0.0, Max: 0.1, Diff: 0.0, Sum: 0.3]
      [GC Worker Total (ms): Min: 135.5, Avg: 136.6, Max: 136.8, Diff: 1.4, Sum: 1093.0]
      [GC Worker End (ms): Min: 70468.0, Avg: 70468.0, Max: 70468.0, Diff: 0.1]
   [Code Root Fixup: 0.0 ms]
   [Clear CT: 0.2 ms]
   [Other: 2.4 ms]
      [Choose CSet: 0.0 ms]
      [Ref Proc: 0.2 ms]
      [Ref Enq: 0.0 ms]
      [Free CSet: 1.1 ms]
   [Eden: 44.0M(44.0M)->0.0B(44.0M) Survivors: 7168.0K->7168.0K Heap: 903.9M(1024.0M)->869.9M(1024.0M)]
 [Times: user=0.97 sys=0.00, real=0.14 secs] 
70.609: [GC pause (G1 Evacuation Pause) (young), 0.1854860 secs]
   [Parallel Time: 183.7 ms, GC Workers: 8]
      [GC Worker Start (ms): Min: 70609.5, Avg: 70609.9, Max: 70611.0, Diff: 1.5]
      [Ext Root Scanning (ms): Min: 0.0, Avg: 0.5, Max: 0.8, Diff: 0.8, Sum: 4.3]
      [Update RS (ms): Min: 43.3, Avg: 44.0, Max: 44.6, Diff: 1.3, Sum: 352.2]
         [Processed Buffers: Min: 24, Avg: 25.8, Max: 28, Diff: 4, Sum: 206]
      [Scan RS (ms): Min: 120.4, Avg: 124.8, Max: 129.4, Diff: 9.1, Sum: 998.7]
      [Object Copy (ms): Min: 8.9, Avg: 13.8, Max: 18.9, Diff: 10.0, Sum: 110.2]
      [Termination (ms): Min: 0.0, Avg: 0.1, Max: 0.2, Diff: 0.1, Sum: 0.8]
      [GC Worker Other (ms): Min: 0.0, Avg: 0.0, Max: 0.0, Diff: 0.0, Sum: 0.1]
      [GC Worker Total (ms): Min: 182.2, Avg: 183.3, Max: 183.7, Diff: 1.5, Sum: 1466.3]
      [GC Worker End (ms): Min: 70793.1, Avg: 70793.2, Max: 70793.2, Diff: 0.1]
   [Code Root Fixup: 0.0 ms]
   [Clear CT: 0.2 ms]
   [Other: 1.6 ms]
      [Choose CSet: 0.0 ms]
      [Ref Proc: 0.2 ms]
      [Ref Enq: 0.0 ms]
      [Free CSet: 0.7 ms]
   [Eden: 44.0M(44.0M)->0.0B(44.0M) Survivors: 7168.0K->7168.0K Heap: 913.9M(1024.0M)->881.4M(1024.0M)]
 [Times: user=1.25 sys=0.00, real=0.19 secs] 
70.986: [GC pause (G1 Evacuation Pause) (young) (initial-mark), 0.1478030 secs]
   [Parallel Time: 145.6 ms, GC Workers: 8]
      [GC Worker Start (ms): Min: 70985.9, Avg: 70986.1, Max: 70986.8, Diff: 1.0]
      [Ext Root Scanning (ms): Min: 0.0, Avg: 0.5, Max: 0.8, Diff: 0.8, Sum: 4.2]
      [Update RS (ms): Min: 0.7, Avg: 2.2, Max: 6.2, Diff: 5.5, Sum: 17.3]
         [Processed Buffers: Min: 0, Avg: 1.0, Max: 3, Diff: 3, Sum: 8]
      [Scan RS (ms): Min: 129.1, Avg: 132.1, Max: 133.9, Diff: 4.8, Sum: 1057.1]
      [Object Copy (ms): Min: 9.2, Avg: 10.4, Max: 13.5, Diff: 4.3, Sum: 83.0]
      [Termination (ms): Min: 0.0, Avg: 0.1, Max: 0.1, Diff: 0.1, Sum: 0.6]
      [GC Worker Other (ms): Min: 0.0, Avg: 0.0, Max: 0.0, Diff: 0.0, Sum: 0.1]
      [GC Worker Total (ms): Min: 144.5, Avg: 145.3, Max: 145.6, Diff: 1.0, Sum: 1162.3]
      [GC Worker End (ms): Min: 71131.4, Avg: 71131.4, Max: 71131.4, Diff: 0.1]
   [Code Root Fixup: 0.0 ms]
   [Clear CT: 0.2 ms]
   [Other: 2.0 ms]
      [Choose CSet: 0.0 ms]
      [Ref Proc: 0.2 ms]
      [Ref Enq: 0.0 ms]
      [Free CSet: 1.0 ms]
   [Eden: 44.0M(44.0M)->0.0B(44.0M) Survivors: 7168.0K->7168.0K Heap: 925.4M(1024.0M)->890.4M(1024.0M)]
 [Times: user=1.03 sys=0.00, real=0.15 secs] 
71.134: [GC concurrent-root-region-scan-start]
71.147: [GC concurrent-root-region-scan-end, 0.0128820 secs]
71.147: [GC concurrent-mark-start]
72.728: [GC concurrent-mark-end, 1.5815320 secs]
72.728: [GC remark 72.728: [GC ref-proc, 0.0000660 secs], 0.0047980 secs]
 [Times: user=0.02 sys=0.00, real=0.00 secs] 
72.733: [GC cleanup 894M->893M(1024M), 0.0159830 secs]
 [Times: user=0.10 sys=0.00, real=0.01 secs] 
72.749: [GC concurrent-cleanup-start]
72.749: [GC concurrent-cleanup-end, 0.0000060 secs]
75.336: [GC pause (G1 Evacuation Pause) (young), 0.1267590 secs]
   [Parallel Time: 124.9 ms, GC Workers: 8]
      [GC Worker Start (ms): Min: 75336.4, Avg: 75337.1, Max: 75340.7, Diff: 4.4]
      [Ext Root Scanning (ms): Min: 0.0, Avg: 0.5, Max: 0.8, Diff: 0.8, Sum: 4.0]
      [Update RS (ms): Min: 0.0, Avg: 3.1, Max: 3.9, Diff: 3.9, Sum: 24.9]
         [Processed Buffers: Min: 0, Avg: 3.4, Max: 8, Diff: 8, Sum: 27]
      [Scan RS (ms): Min: 107.8, Avg: 111.7, Max: 114.0, Diff: 6.2, Sum: 893.5]
      [Object Copy (ms): Min: 6.5, Avg: 8.7, Max: 12.3, Diff: 5.8, Sum: 69.8]
      [Termination (ms): Min: 0.0, Avg: 0.0, Max: 0.0, Diff: 0.0, Sum: 0.0]
      [GC Worker Other (ms): Min: 0.0, Avg: 0.0, Max: 0.1, Diff: 0.1, Sum: 0.4]
      [GC Worker Total (ms): Min: 120.4, Avg: 124.1, Max: 124.8, Diff: 4.4, Sum: 992.5]
      [GC Worker End (ms): Min: 75461.1, Avg: 75461.1, Max: 75461.2, Diff: 0.1]
   [Code Root Fixup: 0.0 ms]
   [Clear CT: 0.2 ms]
   [Other: 1.7 ms]
      [Choose CSet: 0.0 ms]
      [Ref Proc: 0.2 ms]
      [Ref Enq: 0.0 ms]
      [Free CSet: 0.8 ms]
   [Eden: 44.0M(44.0M)->0.0B(44.0M) Survivors: 7168.0K->7168.0K Heap: 933.4M(1024.0M)->896.9M(1024.0M)]
 [Times: user=0.96 sys=0.00, real=0.12 secs] 
75.580: [GC pause (G1 Evacuation Pause) (young), 0.1246920 secs]
   [Parallel Time: 123.2 ms, GC Workers: 8]
      [GC Worker Start (ms): Min: 75579.6, Avg: 75580.7, Max: 75585.9, Diff: 6.3]
      [Ext Root Scanning (ms): Min: 0.0, Avg: 0.5, Max: 0.9, Diff: 0.9, Sum: 3.9]
      [Update RS (ms): Min: 7.7, Avg: 12.0, Max: 13.0, Diff: 5.2, Sum: 96.4]
         [Processed Buffers: Min: 5, Avg: 8.6, Max: 11, Diff: 6, Sum: 69]
      [Scan RS (ms): Min: 100.5, Avg: 102.8, Max: 105.1, Diff: 4.5, Sum: 822.2]
      [Object Copy (ms): Min: 4.7, Avg: 6.7, Max: 9.3, Diff: 4.6, Sum: 53.9]
      [Termination (ms): Min: 0.0, Avg: 0.0, Max: 0.0, Diff: 0.0, Sum: 0.0]
      [GC Worker Other (ms): Min: 0.0, Avg: 0.0, Max: 0.0, Diff: 0.0, Sum: 0.2]
      [GC Worker Total (ms): Min: 116.8, Avg: 122.1, Max: 123.1, Diff: 6.3, Sum: 976.4]
      [GC Worker End (ms): Min: 75702.7, Avg: 75702.7, Max: 75702.7, Diff: 0.0]
   [Code Root Fixup: 0.0 ms]
   [Clear CT: 0.2 ms]
   [Other: 1.3 ms]
      [Choose CSet: 0.0 ms]
      [Ref Proc: 0.2 ms]
      [Ref Enq: 0.0 ms]
      [Free CSet: 0.5 ms]
   [Eden: 44.0M(44.0M)->0.0B(45.0M) Survivors: 7168.0K->6144.0K Heap: 940.9M(1024.0M)->903.9M(1024.0M)]
 [Times: user=0.96 sys=0.00, real=0.13 secs] 
75.796: [GC pause (G1 Evacuation Pause) (young) (initial-mark), 0.1295800 secs]
   [Parallel Time: 128.5 ms, GC Workers: 8]
      [GC Worker Start (ms): Min: 75796.5, Avg: 75796.7, Max: 75797.6, Diff: 1.1]
      [Ext Root Scanning (ms): Min: 0.0, Avg: 0.5, Max: 0.8, Diff: 0.8, Sum: 4.4]
      [Update RS (ms): Min: 21.1, Avg: 21.8, Max: 22.4, Diff: 1.3, Sum: 174.6]
         [Processed Buffers: Min: 13, Avg: 14.5, Max: 16, Diff: 3, Sum: 116]
      [Scan RS (ms): Min: 100.5, Avg: 100.9, Max: 101.5, Diff: 1.0, Sum: 807.4]
      [Object Copy (ms): Min: 4.6, Avg: 4.8, Max: 5.2, Diff: 0.5, Sum: 38.6]
      [Termination (ms): Min: 0.0, Avg: 0.0, Max: 0.0, Diff: 0.0, Sum: 0.0]
      [GC Worker Other (ms): Min: 0.0, Avg: 0.1, Max: 0.1, Diff: 0.1, Sum: 0.5]
      [GC Worker Total (ms): Min: 127.2, Avg: 128.2, Max: 128.4, Diff: 1.2, Sum: 1025.5]
      [GC Worker End (ms): Min: 75924.8, Avg: 75924.9, Max: 75924.9, Diff: 0.1]
   [Code Root Fixup: 0.0 ms]
   [Clear CT: 0.2 ms]
   [Other: 0.9 ms]
      [Choose CSet: 0.0 ms]
      [Ref Proc: 0.2 ms]
      [Ref Enq: 0.0 ms]
      [Free CSet: 0.3 ms]
   [Eden: 45.0M(45.0M)->0.0B(44.0M) Survivors: 6144.0K->7168.0K Heap: 948.9M(1024.0M)->907.2M(1024.0M)]
 [Times: user=0.99 sys=0.00, real=0.13 secs] 
75.926: [GC concurrent-root-region-scan-start]
75.939: [GC concurrent-root-region-scan-end, 0.0130600 secs]
75.939: [GC concurrent-mark-start]
77.511: [GC concurrent-mark-end, 1.5719370 secs]
77.511: [GC remark 77.512: [GC ref-proc, 0.0000690 secs], 0.0047000 secs]
 [Times: user=0.03 sys=0.00, real=0.01 secs] 
77.516: [GC cleanup 925M->925M(1024M), 0.0162510 secs]
 [Times: user=0.11 sys=0.00, real=0.01 secs] 
80.302: [GC pause (G1 Evacuation Pause) (young), 0.1525030 secs]
   [Parallel Time: 150.0 ms, GC Workers: 8]
      [GC Worker Start (ms): Min: 80301.7, Avg: 80302.5, Max: 80306.0, Diff: 4.3]
      [Ext Root Scanning (ms): Min: 0.0, Avg: 0.5, Max: 0.8, Diff: 0.8, Sum: 3.9]
      [Update RS (ms): Min: 1.1, Avg: 4.4, Max: 5.4, Diff: 4.4, Sum: 35.0]
         [Processed Buffers: Min: 2, Avg: 4.0, Max: 7, Diff: 5, Sum: 32]
      [Scan RS (ms): Min: 130.6, Avg: 133.0, Max: 133.8, Diff: 3.2, Sum: 1063.9]
      [Object Copy (ms): Min: 10.7, Avg: 11.2, Max: 13.9, Diff: 3.2, Sum: 89.9]
      [Termination (ms): Min: 0.0, Avg: 0.1, Max: 0.1, Diff: 0.1, Sum: 0.6]
      [GC Worker Other (ms): Min: 0.0, Avg: 0.0, Max: 0.1, Diff: 0.1, Sum: 0.3]
      [GC Worker Total (ms): Min: 145.6, Avg: 149.2, Max: 150.0, Diff: 4.3, Sum: 1193.7]
      [GC Worker End (ms): Min: 80451.7, Avg: 80451.7, Max: 80451.7, Diff: 0.1]
   [Code Root Fixup: 0.0 ms]
   [Clear CT: 0.2 ms]
   [Other: 2.2 ms]
      [Choose CSet: 0.0 ms]
      [Ref Proc: 0.2 ms]
      [Ref Enq: 0.0 ms]
      [Free CSet: 1.2 ms]
   [Eden: 44.0M(44.0M)->0.0B(44.0M) Survivors: 7168.0K->7168.0K Heap: 951.2M(1024.0M)->917.9M(1024.0M)]
 [Times: user=1.11 sys=0.00, real=0.16 secs] 
80.534: [GC pause (G1 Evacuation Pause) (young), 0.1956320 secs]
   [Parallel Time: 194.3 ms, GC Workers: 8]
      [GC Worker Start (ms): Min: 80533.7, Avg: 80533.8, Max: 80534.1, Diff: 0.4]
      [Ext Root Scanning (ms): Min: 0.3, Avg: 0.6, Max: 0.8, Diff: 0.6, Sum: 5.2]
      [Update RS (ms): Min: 84.9, Avg: 85.3, Max: 85.5, Diff: 0.6, Sum: 682.4]
         [Processed Buffers: Min: 43, Avg: 47.9, Max: 51, Diff: 8, Sum: 383]
      [Scan RS (ms): Min: 95.2, Avg: 96.9, Max: 98.6, Diff: 3.4, Sum: 774.9]
      [Object Copy (ms): Min: 9.5, Avg: 11.3, Max: 12.7, Diff: 3.2, Sum: 90.2]
      [Termination (ms): Min: 0.0, Avg: 0.0, Max: 0.0, Diff: 0.0, Sum: 0.1]
      [GC Worker Other (ms): Min: 0.0, Avg: 0.1, Max: 0.1, Diff: 0.0, Sum: 0.5]
      [GC Worker Total (ms): Min: 193.9, Avg: 194.2, Max: 194.3, Diff: 0.4, Sum: 1553.4]
      [GC Worker End (ms): Min: 80727.9, Avg: 80728.0, Max: 80728.0, Diff: 0.0]
   [Code Root Fixup: 0.0 ms]
   [Clear CT: 0.2 ms]
   [Other: 1.1 ms]
      [Choose CSet: 0.0 ms]
      [Ref Proc: 0.1 ms]
      [Ref Enq: 0.0 ms]
      [Free CSet: 0.4 ms]
   [Eden: 44.0M(44.0M)->0.0B(44.0M) Survivors: 7168.0K->7168.0K Heap: 961.9M(1024.0M)->926.5M(1024.0M)]
 [Times: user=1.45 sys=0.01, real=0.19 secs] 
80.859: [GC pause (G1 Evacuation Pause) (young) (initial-mark), 0.1403190 secs]
   [Parallel Time: 138.9 ms, GC Workers: 8]
      [GC Worker Start (ms): Min: 80858.8, Avg: 80859.1, Max: 80860.3, Diff: 1.4]
      [Ext Root Scanning (ms): Min: 0.0, Avg: 0.6, Max: 0.8, Diff: 0.8, Sum: 4.9]
      [Update RS (ms): Min: 25.8, Avg: 26.4, Max: 27.3, Diff: 1.4, Sum: 211.2]
         [Processed Buffers: Min: 12, Avg: 15.6, Max: 18, Diff: 6, Sum: 125]
      [Scan RS (ms): Min: 100.8, Avg: 103.1, Max: 104.7, Diff: 3.8, Sum: 825.1]
      [Object Copy (ms): Min: 7.0, Avg: 8.4, Max: 10.5, Diff: 3.4, Sum: 67.1]
      [Termination (ms): Min: 0.0, Avg: 0.1, Max: 0.1, Diff: 0.1, Sum: 0.6]
      [GC Worker Other (ms): Min: 0.0, Avg: 0.0, Max: 0.1, Diff: 0.1, Sum: 0.4]
      [GC Worker Total (ms): Min: 137.4, Avg: 138.7, Max: 138.9, Diff: 1.5, Sum: 1109.3]
      [GC Worker End (ms): Min: 80997.7, Avg: 80997.7, Max: 80997.8, Diff: 0.1]
   [Code Root Fixup: 0.0 ms]
   [Clear CT: 0.2 ms]
   [Other: 1.2 ms]
      [Choose CSet: 0.0 ms]
      [Ref Proc: 0.2 ms]
      [Ref Enq: 0.0 ms]
      [Free CSet: 0.5 ms]
   [Eden: 44.0M(44.0M)->0.0B(44.0M) Survivors: 7168.0K->7168.0K Heap: 970.5M(1024.0M)->934.4M(1024.0M)]
 [Times: user=1.03 sys=0.00, real=0.14 secs] 
80.999: [GC concurrent-root-region-scan-start]
81.008: [GC concurrent-root-region-scan-end, 0.0092640 secs]
81.008: [GC concurrent-mark-start]
81.116: [GC pause (G1 Evacuation Pause) (young), 0.0880960 secs]
   [Parallel Time: 87.1 ms, GC Workers: 8]
      [GC Worker Start (ms): Min: 81116.2, Avg: 81116.6, Max: 81117.5, Diff: 1.4]
      [Ext Root Scanning (ms): Min: 0.0, Avg: 0.5, Max: 0.8, Diff: 0.8, Sum: 4.0]
      [SATB Filtering (ms): Min: 0.0, Avg: 0.0, Max: 0.0, Diff: 0.0, Sum: 0.0]
      [Update RS (ms): Min: 8.7, Avg: 9.5, Max: 10.3, Diff: 1.6, Sum: 76.2]
         [Processed Buffers: Min: 4, Avg: 6.1, Max: 11, Diff: 7, Sum: 49]
      [Scan RS (ms): Min: 72.2, Avg: 73.3, Max: 73.8, Diff: 1.6, Sum: 586.2]
      [Object Copy (ms): Min: 3.3, Avg: 3.3, Max: 3.3, Diff: 0.1, Sum: 26.4]
      [Termination (ms): Min: 0.0, Avg: 0.0, Max: 0.0, Diff: 0.0, Sum: 0.0]
      [GC Worker Other (ms): Min: 0.0, Avg: 0.1, Max: 0.1, Diff: 0.0, Sum: 0.4]
      [GC Worker Total (ms): Min: 85.7, Avg: 86.6, Max: 87.1, Diff: 1.4, Sum: 693.2]
      [GC Worker End (ms): Min: 81203.2, Avg: 81203.3, Max: 81203.3, Diff: 0.0]
   [Code Root Fixup: 0.0 ms]
   [Clear CT: 0.2 ms]
   [Other: 0.7 ms]
      [Choose CSet: 0.0 ms]
      [Ref Proc: 0.2 ms]
      [Ref Enq: 0.0 ms]
      [Free CSet: 0.3 ms]
   [Eden: 44.0M(44.0M)->0.0B(48.0M) Survivors: 7168.0K->3072.0K Heap: 978.4M(1024.0M)->937.4M(1024.0M)]
 [Times: user=0.65 sys=0.00, real=0.09 secs] 
81.336: [GC pause (G1 Evacuation Pause) (young), 0.0158320 secs]
   [Parallel Time: 14.7 ms, GC Workers: 8]
      [GC Worker Start (ms): Min: 81335.9, Avg: 81336.7, Max: 81338.7, Diff: 2.8]
      [Ext Root Scanning (ms): Min: 0.0, Avg: 0.5, Max: 0.8, Diff: 0.8, Sum: 3.9]
      [SATB Filtering (ms): Min: 0.0, Avg: 0.0, Max: 0.0, Diff: 0.0, Sum: 0.0]
      [Update RS (ms): Min: 1.6, Avg: 3.1, Max: 4.5, Diff: 2.9, Sum: 24.8]
         [Processed Buffers: Min: 1, Avg: 2.1, Max: 4, Diff: 3, Sum: 17]
      [Scan RS (ms): Min: 6.4, Avg: 7.2, Max: 7.6, Diff: 1.2, Sum: 57.6]
      [Object Copy (ms): Min: 2.9, Avg: 3.0, Max: 3.0, Diff: 0.2, Sum: 23.6]
      [Termination (ms): Min: 0.0, Avg: 0.0, Max: 0.0, Diff: 0.0, Sum: 0.0]
      [GC Worker Other (ms): Min: 0.0, Avg: 0.0, Max: 0.1, Diff: 0.1, Sum: 0.3]
      [GC Worker Total (ms): Min: 11.8, Avg: 13.8, Max: 14.6, Diff: 2.8, Sum: 110.2]
      [GC Worker End (ms): Min: 81350.5, Avg: 81350.5, Max: 81350.5, Diff: 0.1]
   [Code Root Fixup: 0.0 ms]
   [Clear CT: 0.2 ms]
   [Other: 1.0 ms]
      [Choose CSet: 0.0 ms]
      [Ref Proc: 0.2 ms]
      [Ref Enq: 0.0 ms]
      [Free CSet: 0.4 ms]
   [Eden: 48.0M(48.0M)->0.0B(46.0M) Survivors: 3072.0K->5120.0K Heap: 985.4M(1024.0M)->940.4M(1024.0M)]
 [Times: user=0.11 sys=0.00, real=0.01 secs] 
82.849: [GC concurrent-mark-end, 1.8404950 secs]
82.849: [GC remark 82.849: [GC ref-proc, 0.0000660 secs], 0.0051570 secs]
 [Times: user=0.03 sys=0.00, real=0.01 secs] 
82.854: [GC cleanup 958M->958M(1024M), 0.0170660 secs]
 [Times: user=0.10 sys=0.00, real=0.01 secs] 
85.290: [GC pause (G1 Evacuation Pause) (young), 0.1277830 secs]
   [Parallel Time: 126.0 ms, GC Workers: 8]
      [GC Worker Start (ms): Min: 85289.7, Avg: 85290.4, Max: 85294.0, Diff: 4.3]
      [Ext Root Scanning (ms): Min: 0.0, Avg: 0.6, Max: 0.9, Diff: 0.9, Sum: 4.4]
      [Update RS (ms): Min: 2.0, Avg: 4.2, Max: 4.8, Diff: 2.9, Sum: 33.3]
         [Processed Buffers: Min: 1, Avg: 3.0, Max: 8, Diff: 7, Sum: 24]
      [Scan RS (ms): Min: 111.8, Avg: 113.3, Max: 116.6, Diff: 4.9, Sum: 906.3]
      [Object Copy (ms): Min: 4.2, Avg: 7.3, Max: 9.1, Diff: 4.9, Sum: 58.1]
      [Termination (ms): Min: 0.0, Avg: 0.0, Max: 0.0, Diff: 0.0, Sum: 0.0]
      [GC Worker Other (ms): Min: 0.0, Avg: 0.1, Max: 0.1, Diff: 0.1, Sum: 0.5]
      [GC Worker Total (ms): Min: 121.7, Avg: 125.3, Max: 126.0, Diff: 4.3, Sum: 1002.5]
      [GC Worker End (ms): Min: 85415.6, Avg: 85415.7, Max: 85415.7, Diff: 0.1]
   [Code Root Fixup: 0.0 ms]
   [Clear CT: 0.2 ms]
   [Other: 1.6 ms]
      [Choose CSet: 0.0 ms]
      [Ref Proc: 0.2 ms]
      [Ref Enq: 0.0 ms]
      [Free CSet: 0.8 ms]
   [Eden: 46.0M(46.0M)->0.0B(44.0M) Survivors: 5120.0K->7168.0K Heap: 986.4M(1024.0M)->948.9M(1024.0M)]
 [Times: user=0.96 sys=0.01, real=0.13 secs] 
85.608: [GC pause (G1 Evacuation Pause) (young), 0.1180840 secs]
   [Parallel Time: 116.0 ms, GC Workers: 8]
      [GC Worker Start (ms): Min: 85608.3, Avg: 85609.9, Max: 85613.9, Diff: 5.5]
      [Ext Root Scanning (ms): Min: 0.0, Avg: 0.5, Max: 0.8, Diff: 0.8, Sum: 3.7]
      [Update RS (ms): Min: 0.0, Avg: 3.6, Max: 7.3, Diff: 7.3, Sum: 28.8]
         [Processed Buffers: Min: 0, Avg: 2.6, Max: 6, Diff: 6, Sum: 21]
      [Scan RS (ms): Min: 98.5, Avg: 101.1, Max: 102.4, Diff: 4.0, Sum: 809.2]
      [Object Copy (ms): Min: 7.4, Avg: 9.2, Max: 12.3, Diff: 4.9, Sum: 73.6]
      [Termination (ms): Min: 0.0, Avg: 0.0, Max: 0.0, Diff: 0.0, Sum: 0.0]
      [GC Worker Other (ms): Min: 0.0, Avg: 0.0, Max: 0.1, Diff: 0.0, Sum: 0.3]
      [GC Worker Total (ms): Min: 110.4, Avg: 114.4, Max: 116.0, Diff: 5.6, Sum: 915.6]
      [GC Worker End (ms): Min: 85724.3, Avg: 85724.3, Max: 85724.3, Diff: 0.0]
   [Code Root Fixup: 0.0 ms]
   [Clear CT: 0.2 ms]
   [Other: 1.8 ms]
      [Choose CSet: 0.0 ms]
      [Ref Proc: 0.2 ms]
      [Ref Enq: 0.0 ms]
      [Free CSet: 1.0 ms]
   [Eden: 44.0M(44.0M)->0.0B(44.0M) Survivors: 7168.0K->7168.0K Heap: 992.9M(1024.0M)->958.7M(1024.0M)]
 [Times: user=0.89 sys=0.01, real=0.12 secs] 
85.891: [GC pause (G1 Evacuation Pause) (young) (initial-mark), 0.1356980 secs]
   [Parallel Time: 133.8 ms, GC Workers: 8]
      [GC Worker Start (ms): Min: 85890.8, Avg: 85890.9, Max: 85891.1, Diff: 0.3]
      [Ext Root Scanning (ms): Min: 0.4, Avg: 0.6, Max: 0.7, Diff: 0.3, Sum: 4.4]
      [Update RS (ms): Min: 2.4, Avg: 2.8, Max: 3.5, Diff: 1.0, Sum: 22.8]
         [Processed Buffers: Min: 1, Avg: 1.6, Max: 4, Diff: 3, Sum: 13]
      [Scan RS (ms): Min: 114.4, Avg: 120.3, Max: 126.1, Diff: 11.7, Sum: 962.1]
      [Object Copy (ms): Min: 4.4, Avg: 9.9, Max: 15.9, Diff: 11.5, Sum: 79.2]
      [Termination (ms): Min: 0.0, Avg: 0.0, Max: 0.0, Diff: 0.0, Sum: 0.0]
      [GC Worker Other (ms): Min: 0.0, Avg: 0.1, Max: 0.1, Diff: 0.0, Sum: 0.5]
      [GC Worker Total (ms): Min: 133.4, Avg: 133.6, Max: 133.7, Diff: 0.3, Sum: 1069.0]
      [GC Worker End (ms): Min: 86024.5, Avg: 86024.5, Max: 86024.6, Diff: 0.0]
   [Code Root Fixup: 0.0 ms]
   [Clear CT: 0.2 ms]
   [Other: 1.6 ms]
      [Choose CSet: 0.0 ms]
      [Ref Proc: 0.2 ms]
      [Ref Enq: 0.0 ms]
      [Free CSet: 0.8 ms]
   [Eden: 44.0M(44.0M)->0.0B(44.0M) Survivors: 7168.0K->7168.0K Heap: 1002.7M(1024.0M)->967.9M(1024.0M)]
 [Times: user=0.96 sys=0.00, real=0.14 secs] 
86.026: [GC concurrent-root-region-scan-start]
86.038: [GC concurrent-root-region-scan-end, 0.0113790 secs]
86.038: [GC concurrent-mark-start]
87.692: [GC concurrent-mark-end, 1.6542180 secs]
87.692: [GC remark 87.692: [GC ref-proc, 0.0000740 secs], 0.0051590 secs]
 [Times: user=0.03 sys=0.00, real=0.01 secs] 
87.698: [GC cleanup 983M->983M(1024M), 0.0165590 secs]
 [Times: user=0.11 sys=0.00, real=0.02 secs] 
90.300: [GC pause (G1 Evacuation Pause) (young) (to-space exhausted), 0.1651900 secs]
   [Parallel Time: 152.1 ms, GC Workers: 8]
      [GC Worker Start (ms): Min: 90300.1, Avg: 90300.3, Max: 90301.0, Diff: 0.9]
      [Ext Root Scanning (ms): Min: 0.0, Avg: 0.6, Max: 0.7, Diff: 0.7, Sum: 4.6]
      [Update RS (ms): Min: 12.1, Avg: 12.5, Max: 13.1, Diff: 1.0, Sum: 100.2]
         [Processed Buffers: Min: 7, Avg: 9.1, Max: 12, Diff: 5, Sum: 73]
      [Scan RS (ms): Min: 108.4, Avg: 109.4, Max: 112.4, Diff: 4.1, Sum: 875.0]
      [Object Copy (ms): Min: 25.6, Avg: 29.3, Max: 29.9, Diff: 4.2, Sum: 234.0]
      [Termination (ms): Min: 0.0, Avg: 0.1, Max: 0.1, Diff: 0.1, Sum: 0.4]
      [GC Worker Other (ms): Min: 0.0, Avg: 0.0, Max: 0.0, Diff: 0.0, Sum: 0.1]
      [GC Worker Total (ms): Min: 151.1, Avg: 151.8, Max: 152.0, Diff: 0.9, Sum: 1214.3]
      [GC Worker End (ms): Min: 90452.1, Avg: 90452.1, Max: 90452.1, Diff: 0.0]
   [Code Root Fixup: 0.0 ms]
   [Clear CT: 0.2 ms]
   [Other: 12.9 ms]
      [Choose CSet: 0.0 ms]
      [Ref Proc: 0.1 ms]
      [Ref Enq: 0.0 ms]
      [Free CSet: 0.7 ms]
   [Eden: 44.0M(44.0M)->0.0B(45.0M) Survivors: 7168.0K->6144.0K Heap: 1011.9M(1024.0M)->1008.4M(1024.0M)]
 [Times: user=1.08 sys=0.03, real=0.17 secs] 
90.486: [GC pause (G1 Evacuation Pause) (young) (to-space exhausted), 0.1494410 secs]
   [Parallel Time: 143.4 ms, GC Workers: 8]
      [GC Worker Start (ms): Min: 90486.5, Avg: 90486.7, Max: 90487.1, Diff: 0.5]
      [Ext Root Scanning (ms): Min: 0.1, Avg: 0.8, Max: 1.8, Diff: 1.7, Sum: 6.1]
      [Update RS (ms): Min: 96.2, Avg: 97.6, Max: 98.9, Diff: 2.7, Sum: 780.4]
         [Processed Buffers: Min: 100, Avg: 117.2, Max: 130, Diff: 30, Sum: 938]
      [Scan RS (ms): Min: 0.6, Avg: 1.4, Max: 2.2, Diff: 1.6, Sum: 11.2]
      [Object Copy (ms): Min: 42.7, Avg: 43.4, Max: 46.3, Diff: 3.6, Sum: 347.2]
      [Termination (ms): Min: 0.0, Avg: 0.0, Max: 0.0, Diff: 0.0, Sum: 0.1]
      [GC Worker Other (ms): Min: 0.0, Avg: 0.0, Max: 0.0, Diff: 0.0, Sum: 0.2]
      [GC Worker Total (ms): Min: 142.8, Avg: 143.2, Max: 143.3, Diff: 0.5, Sum: 1145.3]
      [GC Worker End (ms): Min: 90629.9, Avg: 90629.9, Max: 90629.9, Diff: 0.0]
   [Code Root Fixup: 0.0 ms]
   [Clear CT: 0.1 ms]
   [Other: 6.0 ms]
      [Choose CSet: 0.0 ms]
      [Ref Proc: 0.1 ms]
      [Ref Enq: 0.0 ms]
      [Free CSet: 0.1 ms]
   [Eden: 15.0M(45.0M)->0.0B(51.0M) Survivors: 6144.0K->0.0B Heap: 1023.4M(1024.0M)->1019.4M(1024.0M)]
 [Times: user=0.74 sys=0.06, real=0.15 secs] 
90.645: [GC pause (G1 Evacuation Pause) (young) (initial-mark) (to-space exhausted), 0.0690890 secs]
   [Parallel Time: 66.7 ms, GC Workers: 8]
      [GC Worker Start (ms): Min: 90644.9, Avg: 90645.6, Max: 90647.7, Diff: 2.7]
      [Ext Root Scanning (ms): Min: 0.0, Avg: 0.5, Max: 0.9, Diff: 0.9, Sum: 4.1]
      [Update RS (ms): Min: 53.7, Avg: 55.5, Max: 56.5, Diff: 2.8, Sum: 444.4]
         [Processed Buffers: Min: 103, Avg: 123.0, Max: 147, Diff: 44, Sum: 984]
      [Scan RS (ms): Min: 0.0, Avg: 0.0, Max: 0.2, Diff: 0.2, Sum: 0.2]
      [Object Copy (ms): Min: 9.2, Avg: 9.7, Max: 10.5, Diff: 1.4, Sum: 77.9]
      [Termination (ms): Min: 0.0, Avg: 0.1, Max: 0.1, Diff: 0.1, Sum: 0.6]
      [GC Worker Other (ms): Min: 0.0, Avg: 0.0, Max: 0.0, Diff: 0.0, Sum: 0.1]
      [GC Worker Total (ms): Min: 63.9, Avg: 65.9, Max: 66.6, Diff: 2.7, Sum: 527.3]
      [GC Worker End (ms): Min: 90711.5, Avg: 90711.6, Max: 90711.6, Diff: 0.0]
   [Code Root Fixup: 0.0 ms]
   [Clear CT: 0.1 ms]
   [Other: 2.3 ms]
      [Choose CSet: 0.0 ms]
      [Ref Proc: 0.1 ms]
      [Ref Enq: 0.0 ms]
      [Free CSet: 0.0 ms]
   [Eden: 4096.0K(51.0M)->0.0B(51.0M) Survivors: 0.0B->0.0B Heap: 1023.4M(1024.0M)->1023.4M(1024.0M)]
 [Times: user=0.43 sys=0.01, real=0.07 secs] 
90.714: [GC concurrent-root-region-scan-start]
90.714: [GC concurrent-root-region-scan-end, 0.0000050 secs]
90.714: [GC concurrent-mark-start]
90.714: [GC pause (G1 Evacuation Pause) (young), 0.0204560 secs]
   [Parallel Time: 20.2 ms, GC Workers: 8]
      [GC Worker Start (ms): Min: 90714.1, Avg: 90714.2, Max: 90715.0, Diff: 0.9]
      [Ext Root Scanning (ms): Min: 0.0, Avg: 0.6, Max: 0.8, Diff: 0.8, Sum: 4.6]
      [SATB Filtering (ms): Min: 0.0, Avg: 0.0, Max: 0.0, Diff: 0.0, Sum: 0.0]
      [Update RS (ms): Min: 17.6, Avg: 18.3, Max: 19.4, Diff: 1.8, Sum: 146.3]
         [Processed Buffers: Min: 18, Avg: 28.9, Max: 54, Diff: 36, Sum: 231]
      [Scan RS (ms): Min: 0.0, Avg: 0.0, Max: 0.0, Diff: 0.0, Sum: 0.0]
      [Object Copy (ms): Min: 0.0, Avg: 0.1, Max: 0.1, Diff: 0.1, Sum: 0.4]
      [Termination (ms): Min: 0.0, Avg: 1.0, Max: 1.6, Diff: 1.6, Sum: 8.4]
      [GC Worker Other (ms): Min: 0.0, Avg: 0.0, Max: 0.0, Diff: 0.0, Sum: 0.2]
      [GC Worker Total (ms): Min: 19.2, Avg: 20.0, Max: 20.1, Diff: 0.9, Sum: 159.9]
      [GC Worker End (ms): Min: 90734.2, Avg: 90734.2, Max: 90734.2, Diff: 0.0]
   [Code Root Fixup: 0.0 ms]
   [Clear CT: 0.0 ms]
   [Other: 0.2 ms]
      [Choose CSet: 0.0 ms]
      [Ref Proc: 0.2 ms]
      [Ref Enq: 0.0 ms]
      [Free CSet: 0.0 ms]
   [Eden: 0.0B(51.0M)->0.0B(51.0M) Survivors: 0.0B->0.0B Heap: 1023.4M(1024.0M)->1023.4M(1024.0M)]
 [Times: user=0.14 sys=0.00, real=0.02 secs] 
90.735: [Full GC (Allocation Failure) 1023M->907M(1024M), 3.8927190 secs]
   [Eden: 0.0B(51.0M)->0.0B(51.0M) Survivors: 0.0B->0.0B Heap: 1023.4M(1024.0M)->907.6M(1024.0M)]
 [Times: user=6.95 sys=0.03, real=3.89 secs] 
94.628: [GC concurrent-mark-abort]
94.733: [GC pause (G1 Evacuation Pause) (young), 0.0273080 secs]
   [Parallel Time: 24.6 ms, GC Workers: 8]
      [GC Worker Start (ms): Min: 94733.6, Avg: 94733.7, Max: 94734.0, Diff: 0.5]
      [Ext Root Scanning (ms): Min: 0.9, Avg: 2.3, Max: 10.0, Diff: 9.1, Sum: 18.3]
      [Update RS (ms): Min: 0.0, Avg: 4.2, Max: 5.7, Diff: 5.7, Sum: 33.7]
         [Processed Buffers: Min: 0, Avg: 3.6, Max: 7, Diff: 7, Sum: 29]
      [Scan RS (ms): Min: 8.6, Avg: 11.9, Max: 13.0, Diff: 4.4, Sum: 95.5]
      [Object Copy (ms): Min: 5.8, Avg: 5.9, Max: 6.0, Diff: 0.1, Sum: 47.2]
      [Termination (ms): Min: 0.0, Avg: 0.1, Max: 0.1, Diff: 0.1, Sum: 0.5]
      [GC Worker Other (ms): Min: 0.0, Avg: 0.0, Max: 0.1, Diff: 0.1, Sum: 0.3]
      [GC Worker Total (ms): Min: 24.1, Avg: 24.4, Max: 24.6, Diff: 0.5, Sum: 195.6]
      [GC Worker End (ms): Min: 94758.1, Avg: 94758.2, Max: 94758.2, Diff: 0.0]
   [Code Root Fixup: 0.0 ms]
   [Clear CT: 0.3 ms]
   [Other: 2.4 ms]
      [Choose CSet: 0.0 ms]
      [Ref Proc: 0.1 ms]
      [Ref Enq: 0.0 ms]
      [Free CSet: 1.0 ms]
   [Eden: 51.0M(51.0M)->0.0B(44.0M) Survivors: 0.0B->7168.0K Heap: 958.6M(1024.0M)->914.8M(1024.0M)]
 [Times: user=0.18 sys=0.00, real=0.03 secs] 
94.935: [GC pause (G1 Evacuation Pause) (young) (initial-mark), 0.1332960 secs]
   [Parallel Time: 131.3 ms, GC Workers: 8]
      [GC Worker Start (ms): Min: 94934.8, Avg: 94935.9, Max: 94937.9, Diff: 3.1]
      [Ext Root Scanning (ms): Min: 0.0, Avg: 0.4, Max: 0.8, Diff: 0.8, Sum: 3.6]
      [Update RS (ms): Min: 1.3, Avg: 3.6, Max: 10.2, Diff: 8.9, Sum: 28.6]
         [Processed Buffers: Min: 1, Avg: 2.0, Max: 3, Diff: 2, Sum: 16]
      [Scan RS (ms): Min: 110.2, Avg: 115.6, Max: 119.0, Diff: 8.8, Sum: 924.4]
      [Object Copy (ms): Min: 7.8, Avg: 10.5, Max: 14.0, Diff: 6.1, Sum: 84.3]
      [Termination (ms): Min: 0.0, Avg: 0.0, Max: 0.0, Diff: 0.0, Sum: 0.0]
      [GC Worker Other (ms): Min: 0.0, Avg: 0.0, Max: 0.1, Diff: 0.1, Sum: 0.3]
      [GC Worker Total (ms): Min: 128.2, Avg: 130.2, Max: 131.3, Diff: 3.1, Sum: 1041.3]
      [GC Worker End (ms): Min: 95066.0, Avg: 95066.1, Max: 95066.1, Diff: 0.1]
   [Code Root Fixup: 0.0 ms]
   [Clear CT: 0.2 ms]
   [Other: 1.8 ms]
      [Choose CSet: 0.0 ms]
      [Ref Proc: 0.1 ms]
      [Ref Enq: 0.0 ms]
      [Free CSet: 0.9 ms]
   [Eden: 44.0M(44.0M)->0.0B(44.0M) Survivors: 7168.0K->7168.0K Heap: 958.8M(1024.0M)->924.2M(1024.0M)]
 [Times: user=0.98 sys=0.01, real=0.13 secs] 
95.068: [GC concurrent-root-region-scan-start]
95.083: [GC concurrent-root-region-scan-end, 0.0144850 secs]
95.083: [GC concurrent-mark-start]
96.810: [GC concurrent-mark-end, 1.7273300 secs]
96.810: [GC remark 96.810: [GC ref-proc, 0.0000600 secs], 0.0049380 secs]
 [Times: user=0.02 sys=0.00, real=0.01 secs] 
96.815: [GC cleanup 959M->959M(1024M), 0.0166950 secs]
 [Times: user=0.12 sys=0.00, real=0.01 secs] 
100.244: [GC pause (G1 Evacuation Pause) (young), 0.1496800 secs]
   [Parallel Time: 147.6 ms, GC Workers: 8]
      [GC Worker Start (ms): Min: 100244.5, Avg: 100245.3, Max: 100248.1, Diff: 3.6]
      [Ext Root Scanning (ms): Min: 0.0, Avg: 0.6, Max: 1.7, Diff: 1.7, Sum: 5.0]
      [Update RS (ms): Min: 10.4, Avg: 12.7, Max: 14.4, Diff: 4.0, Sum: 101.3]
         [Processed Buffers: Min: 7, Avg: 8.2, Max: 10, Diff: 3, Sum: 66]
      [Scan RS (ms): Min: 119.1, Avg: 121.4, Max: 124.7, Diff: 5.6, Sum: 971.6]
      [Object Copy (ms): Min: 8.2, Avg: 11.9, Max: 14.7, Diff: 6.6, Sum: 95.3]
      [Termination (ms): Min: 0.0, Avg: 0.0, Max: 0.0, Diff: 0.0, Sum: 0.0]
      [GC Worker Other (ms): Min: 0.0, Avg: 0.0, Max: 0.1, Diff: 0.1, Sum: 0.4]
      [GC Worker Total (ms): Min: 143.9, Avg: 146.7, Max: 147.5, Diff: 3.6, Sum: 1173.6]
      [GC Worker End (ms): Min: 100392.0, Avg: 100392.0, Max: 100392.0, Diff: 0.1]
   [Code Root Fixup: 0.0 ms]
   [Clear CT: 0.2 ms]
   [Other: 1.9 ms]
      [Choose CSet: 0.0 ms]
      [Ref Proc: 0.1 ms]
      [Ref Enq: 0.0 ms]
      [Free CSet: 1.0 ms]
   [Eden: 44.0M(44.0M)->0.0B(44.0M) Survivors: 7168.0K->7168.0K Heap: 968.2M(1024.0M)->936.1M(1024.0M)]
 [Times: user=1.10 sys=0.01, real=0.15 secs] 
100.501: [GC pause (G1 Evacuation Pause) (young), 0.1907820 secs]
   [Parallel Time: 189.4 ms, GC Workers: 8]
      [GC Worker Start (ms): Min: 100500.9, Avg: 100501.9, Max: 100504.8, Diff: 3.9]
      [Ext Root Scanning (ms): Min: 0.0, Avg: 0.5, Max: 1.1, Diff: 1.0, Sum: 4.3]
      [Update RS (ms): Min: 72.0, Avg: 74.1, Max: 75.3, Diff: 3.3, Sum: 593.1]
         [Processed Buffers: Min: 39, Avg: 41.5, Max: 44, Diff: 5, Sum: 332]
      [Scan RS (ms): Min: 99.8, Avg: 100.6, Max: 101.2, Diff: 1.3, Sum: 804.7]
      [Object Copy (ms): Min: 11.9, Avg: 12.9, Max: 14.2, Diff: 2.4, Sum: 103.4]
      [Termination (ms): Min: 0.0, Avg: 0.1, Max: 0.1, Diff: 0.1, Sum: 0.7]
      [GC Worker Other (ms): Min: 0.0, Avg: 0.0, Max: 0.1, Diff: 0.0, Sum: 0.3]
      [GC Worker Total (ms): Min: 185.4, Avg: 188.3, Max: 189.3, Diff: 3.9, Sum: 1506.5]
      [GC Worker End (ms): Min: 100690.2, Avg: 100690.2, Max: 100690.2, Diff: 0.0]
   [Code Root Fixup: 0.0 ms]
   [Clear CT: 0.2 ms]
   [Other: 1.2 ms]
      [Choose CSet: 0.0 ms]
      [Ref Proc: 0.1 ms]
      [Ref Enq: 0.0 ms]
      [Free CSet: 0.4 ms]
   [Eden: 44.0M(44.0M)->0.0B(44.0M) Survivors: 7168.0K->7168.0K Heap: 980.1M(1024.0M)->947.1M(1024.0M)]
 [Times: user=1.40 sys=0.00, real=0.19 secs] 
100.805: [GC pause (G1 Evacuation Pause) (young) (initial-mark), 0.1638610 secs]
   [Parallel Time: 162.4 ms, GC Workers: 8]
      [GC Worker Start (ms): Min: 100805.4, Avg: 100805.8, Max: 100806.8, Diff: 1.3]
      [Ext Root Scanning (ms): Min: 0.0, Avg: 0.5, Max: 0.7, Diff: 0.7, Sum: 3.9]
      [Update RS (ms): Min: 51.8, Avg: 52.6, Max: 53.5, Diff: 1.7, Sum: 421.2]
         [Processed Buffers: Min: 28, Avg: 30.5, Max: 34, Diff: 6, Sum: 244]
      [Scan RS (ms): Min: 99.0, Avg: 99.8, Max: 100.5, Diff: 1.5, Sum: 798.5]
      [Object Copy (ms): Min: 8.9, Avg: 9.0, Max: 9.0, Diff: 0.1, Sum: 71.6]
      [Termination (ms): Min: 0.0, Avg: 0.1, Max: 0.1, Diff: 0.1, Sum: 0.5]
      [GC Worker Other (ms): Min: 0.0, Avg: 0.0, Max: 0.1, Diff: 0.0, Sum: 0.3]
      [GC Worker Total (ms): Min: 161.0, Avg: 162.0, Max: 162.4, Diff: 1.4, Sum: 1296.0]
      [GC Worker End (ms): Min: 100967.8, Avg: 100967.8, Max: 100967.8, Diff: 0.1]
   [Code Root Fixup: 0.0 ms]
   [Clear CT: 0.2 ms]
   [Other: 1.3 ms]
      [Choose CSet: 0.0 ms]
      [Ref Proc: 0.2 ms]
      [Ref Enq: 0.0 ms]
      [Free CSet: 0.5 ms]
   [Eden: 44.0M(44.0M)->0.0B(44.0M) Survivors: 7168.0K->7168.0K Heap: 991.1M(1024.0M)->955.6M(1024.0M)]
 [Times: user=1.20 sys=0.00, real=0.16 secs] 
100.969: [GC concurrent-root-region-scan-start]
100.980: [GC concurrent-root-region-scan-end, 0.0108670 secs]
100.980: [GC concurrent-mark-start]
101.229: [GC pause (G1 Evacuation Pause) (young), 0.1315890 secs]
   [Parallel Time: 129.6 ms, GC Workers: 8]
      [GC Worker Start (ms): Min: 101228.9, Avg: 101229.0, Max: 101229.8, Diff: 1.0]
      [Ext Root Scanning (ms): Min: 0.0, Avg: 0.6, Max: 0.8, Diff: 0.8, Sum: 4.5]
      [SATB Filtering (ms): Min: 0.0, Avg: 0.0, Max: 0.0, Diff: 0.0, Sum: 0.0]
      [Update RS (ms): Min: 2.0, Avg: 2.4, Max: 3.4, Diff: 1.4, Sum: 19.5]
         [Processed Buffers: Min: 1, Avg: 1.9, Max: 4, Diff: 3, Sum: 15]
      [Scan RS (ms): Min: 116.3, Avg: 116.8, Max: 117.2, Diff: 1.0, Sum: 934.6]
      [Object Copy (ms): Min: 9.0, Avg: 9.4, Max: 9.5, Diff: 0.5, Sum: 75.0]
      [Termination (ms): Min: 0.0, Avg: 0.1, Max: 0.1, Diff: 0.1, Sum: 0.6]
      [GC Worker Other (ms): Min: 0.0, Avg: 0.1, Max: 0.1, Diff: 0.1, Sum: 0.5]
      [GC Worker Total (ms): Min: 128.5, Avg: 129.3, Max: 129.5, Diff: 1.0, Sum: 1034.7]
      [GC Worker End (ms): Min: 101358.3, Avg: 101358.4, Max: 101358.4, Diff: 0.1]
   [Code Root Fixup: 0.0 ms]
   [Clear CT: 0.2 ms]
   [Other: 1.8 ms]
      [Choose CSet: 0.0 ms]
      [Ref Proc: 0.2 ms]
      [Ref Enq: 0.0 ms]
      [Free CSet: 0.9 ms]
   [Eden: 44.0M(44.0M)->0.0B(44.0M) Survivors: 7168.0K->7168.0K Heap: 999.6M(1024.0M)->964.6M(1024.0M)]
 [Times: user=0.99 sys=0.00, real=0.13 secs] 
102.939: [GC concurrent-mark-end, 1.9589330 secs]
102.939: [GC remark 102.940: [GC ref-proc, 0.0000840 secs], 0.0050320 secs]
 [Times: user=0.02 sys=0.00, real=0.01 secs] 
102.944: [GC cleanup 965M->965M(1024M), 0.0157670 secs]
 [Times: user=0.12 sys=0.00, real=0.01 secs] 
105.388: [GC pause (G1 Evacuation Pause) (young) (to-space exhausted), 0.1890680 secs]
   [Parallel Time: 172.0 ms, GC Workers: 8]
      [GC Worker Start (ms): Min: 105388.4, Avg: 105389.4, Max: 105393.1, Diff: 4.7]
      [Ext Root Scanning (ms): Min: 0.0, Avg: 0.5, Max: 0.8, Diff: 0.8, Sum: 3.7]
      [Update RS (ms): Min: 1.4, Avg: 4.4, Max: 5.3, Diff: 3.9, Sum: 35.1]
         [Processed Buffers: Min: 1, Avg: 4.0, Max: 10, Diff: 9, Sum: 32]
      [Scan RS (ms): Min: 125.1, Avg: 129.0, Max: 130.4, Diff: 5.3, Sum: 1032.2]
      [Object Copy (ms): Min: 35.7, Avg: 37.0, Max: 41.2, Diff: 5.5, Sum: 296.2]
      [Termination (ms): Min: 0.0, Avg: 0.1, Max: 0.1, Diff: 0.1, Sum: 0.5]
      [GC Worker Other (ms): Min: 0.0, Avg: 0.0, Max: 0.0, Diff: 0.0, Sum: 0.1]
      [GC Worker Total (ms): Min: 167.3, Avg: 171.0, Max: 172.0, Diff: 4.7, Sum: 1367.7]
      [GC Worker End (ms): Min: 105560.3, Avg: 105560.3, Max: 105560.3, Diff: 0.0]
   [Code Root Fixup: 0.0 ms]
   [Clear CT: 0.2 ms]
   [Other: 16.8 ms]
      [Choose CSet: 0.0 ms]
      [Ref Proc: 0.1 ms]
      [Ref Enq: 0.0 ms]
      [Free CSet: 0.9 ms]
   [Eden: 44.0M(44.0M)->0.0B(45.0M) Survivors: 7168.0K->6144.0K Heap: 1008.6M(1024.0M)->1019.6M(1024.0M)]
 [Times: user=1.25 sys=0.04, real=0.19 secs] 
105.593: [GC pause (G1 Evacuation Pause) (young) (to-space exhausted), 0.1766030 secs]
   [Parallel Time: 170.9 ms, GC Workers: 8]
      [GC Worker Start (ms): Min: 105592.6, Avg: 105593.5, Max: 105596.1, Diff: 3.5]
      [Ext Root Scanning (ms): Min: 0.0, Avg: 0.5, Max: 0.8, Diff: 0.8, Sum: 3.6]
      [Update RS (ms): Min: 116.5, Avg: 117.3, Max: 119.2, Diff: 2.7, Sum: 938.4]
         [Processed Buffers: Min: 113, Avg: 142.5, Max: 164, Diff: 51, Sum: 1140]
      [Scan RS (ms): Min: 0.0, Avg: 0.5, Max: 0.9, Diff: 0.9, Sum: 4.3]
      [Object Copy (ms): Min: 50.8, Avg: 51.6, Max: 51.9, Diff: 1.0, Sum: 412.8]
      [Termination (ms): Min: 0.0, Avg: 0.1, Max: 0.1, Diff: 0.1, Sum: 0.5]
      [GC Worker Other (ms): Min: 0.0, Avg: 0.0, Max: 0.0, Diff: 0.0, Sum: 0.1]
      [GC Worker Total (ms): Min: 167.4, Avg: 170.0, Max: 170.8, Diff: 3.5, Sum: 1359.6]
      [GC Worker End (ms): Min: 105763.4, Avg: 105763.4, Max: 105763.4, Diff: 0.0]
   [Code Root Fixup: 0.0 ms]
   [Clear CT: 0.1 ms]
   [Other: 5.6 ms]
      [Choose CSet: 0.0 ms]
      [Ref Proc: 0.1 ms]
      [Ref Enq: 0.0 ms]
      [Free CSet: 0.0 ms]
   [Eden: 3072.0K(45.0M)->0.0B(51.0M) Survivors: 6144.0K->0.0B Heap: 1022.6M(1024.0M)->1022.6M(1024.0M)]
 [Times: user=1.02 sys=0.06, real=0.18 secs] 
105.769: [GC pause (G1 Evacuation Pause) (young) (initial-mark), 0.0659100 secs]
   [Parallel Time: 65.5 ms, GC Workers: 8]
      [GC Worker Start (ms): Min: 105769.4, Avg: 105769.9, Max: 105770.8, Diff: 1.3]
      [Ext Root Scanning (ms): Min: 0.0, Avg: 0.5, Max: 0.9, Diff: 0.9, Sum: 4.1]
      [Update RS (ms): Min: 63.7, Avg: 64.0, Max: 64.5, Diff: 0.8, Sum: 511.7]
         [Processed Buffers: Min: 117, Avg: 159.2, Max: 186, Diff: 69, Sum: 1274]
      [Scan RS (ms): Min: 0.0, Avg: 0.0, Max: 0.0, Diff: 0.0, Sum: 0.0]
      [Object Copy (ms): Min: 0.0, Avg: 0.2, Max: 0.3, Diff: 0.3, Sum: 1.3]
      [Termination (ms): Min: 0.0, Avg: 0.3, Max: 0.5, Diff: 0.5, Sum: 2.7]
      [GC Worker Other (ms): Min: 0.0, Avg: 0.0, Max: 0.0, Diff: 0.0, Sum: 0.2]
      [GC Worker Total (ms): Min: 64.1, Avg: 65.0, Max: 65.5, Diff: 1.4, Sum: 520.1]
      [GC Worker End (ms): Min: 105834.8, Avg: 105834.9, Max: 105834.9, Diff: 0.1]
   [Code Root Fixup: 0.0 ms]
   [Clear CT: 0.1 ms]
   [Other: 0.3 ms]
      [Choose CSet: 0.0 ms]
      [Ref Proc: 0.1 ms]
      [Ref Enq: 0.0 ms]
      [Free CSet: 0.0 ms]
   [Eden: 0.0B(51.0M)->0.0B(51.0M) Survivors: 0.0B->0.0B Heap: 1022.6M(1024.0M)->1022.6M(1024.0M)]
 [Times: user=0.49 sys=0.00, real=0.07 secs] 
105.835: [GC concurrent-root-region-scan-start]
105.835: [GC concurrent-root-region-scan-end, 0.0000150 secs]
105.835: [GC concurrent-mark-start]
105.835: [Full GC (Allocation Failure) 1022M->944M(1024M), 4.0478240 secs]
   [Eden: 0.0B(51.0M)->0.0B(51.0M) Survivors: 0.0B->0.0B Heap: 1022.6M(1024.0M)->944.1M(1024.0M)]
 [Times: user=7.28 sys=0.03, real=4.05 secs] 
109.883: [GC concurrent-mark-abort]
110.244: [GC pause (G1 Evacuation Pause) (young), 0.0368000 secs]
   [Parallel Time: 34.6 ms, GC Workers: 8]
      [GC Worker Start (ms): Min: 110244.1, Avg: 110244.6, Max: 110245.8, Diff: 1.8]
      [Ext Root Scanning (ms): Min: 0.0, Avg: 0.7, Max: 1.1, Diff: 1.1, Sum: 5.6]
      [Update RS (ms): Min: 12.2, Avg: 12.7, Max: 13.5, Diff: 1.3, Sum: 101.7]
         [Processed Buffers: Min: 2, Avg: 7.4, Max: 13, Diff: 11, Sum: 59]
      [Scan RS (ms): Min: 13.7, Avg: 14.3, Max: 14.9, Diff: 1.2, Sum: 114.6]
      [Object Copy (ms): Min: 6.1, Avg: 6.2, Max: 6.3, Diff: 0.1, Sum: 49.8]
      [Termination (ms): Min: 0.0, Avg: 0.0, Max: 0.0, Diff: 0.0, Sum: 0.0]
      [GC Worker Other (ms): Min: 0.0, Avg: 0.0, Max: 0.1, Diff: 0.1, Sum: 0.4]
      [GC Worker Total (ms): Min: 32.7, Avg: 34.0, Max: 34.5, Diff: 1.8, Sum: 272.1]
      [GC Worker End (ms): Min: 110278.6, Avg: 110278.6, Max: 110278.6, Diff: 0.1]
   [Code Root Fixup: 0.0 ms]
   [Clear CT: 0.2 ms]
   [Other: 2.0 ms]
      [Choose CSet: 0.0 ms]
      [Ref Proc: 0.1 ms]
      [Ref Enq: 0.0 ms]
      [Free CSet: 0.8 ms]
   [Eden: 51.0M(51.0M)->0.0B(44.0M) Survivors: 0.0B->7168.0K Heap: 995.1M(1024.0M)->952.6M(1024.0M)]
 [Times: user=0.25 sys=0.00, real=0.03 secs] 
110.346: [GC pause (G1 Evacuation Pause) (young) (initial-mark), 0.1856940 secs]
   [Parallel Time: 184.2 ms, GC Workers: 8]
      [GC Worker Start (ms): Min: 110346.2, Avg: 110346.7, Max: 110348.8, Diff: 2.6]
      [Ext Root Scanning (ms): Min: 0.0, Avg: 0.6, Max: 0.8, Diff: 0.8, Sum: 4.5]
      [Update RS (ms): Min: 62.7, Avg: 63.2, Max: 63.9, Diff: 1.2, Sum: 505.8]
         [Processed Buffers: Min: 34, Avg: 36.1, Max: 41, Diff: 7, Sum: 289]
      [Scan RS (ms): Min: 107.3, Avg: 109.7, Max: 112.0, Diff: 4.7, Sum: 877.3]
      [Object Copy (ms): Min: 7.7, Avg: 10.2, Max: 11.9, Diff: 4.2, Sum: 81.6]
      [Termination (ms): Min: 0.0, Avg: 0.0, Max: 0.0, Diff: 0.0, Sum: 0.2]
      [GC Worker Other (ms): Min: 0.0, Avg: 0.1, Max: 0.1, Diff: 0.1, Sum: 0.5]
      [GC Worker Total (ms): Min: 181.6, Avg: 183.7, Max: 184.2, Diff: 2.6, Sum: 1470.0]
      [GC Worker End (ms): Min: 110530.4, Avg: 110530.4, Max: 110530.4, Diff: 0.1]
   [Code Root Fixup: 0.0 ms]
   [Clear CT: 0.2 ms]
   [Other: 1.2 ms]
      [Choose CSet: 0.0 ms]
      [Ref Proc: 0.2 ms]
      [Ref Enq: 0.0 ms]
      [Free CSet: 0.4 ms]
   [Eden: 44.0M(44.0M)->0.0B(44.0M) Survivors: 7168.0K->7168.0K Heap: 996.6M(1024.0M)->959.5M(1024.0M)]
 [Times: user=1.37 sys=0.00, real=0.18 secs] 
110.532: [GC concurrent-root-region-scan-start]
110.543: [GC concurrent-root-region-scan-end, 0.0112670 secs]
110.543: [GC concurrent-mark-start]
110.724: [GC pause (G1 Evacuation Pause) (young), 0.1516630 secs]
   [Parallel Time: 150.0 ms, GC Workers: 8]
      [GC Worker Start (ms): Min: 110724.3, Avg: 110725.0, Max: 110726.3, Diff: 2.0]
      [Ext Root Scanning (ms): Min: 0.0, Avg: 0.5, Max: 0.8, Diff: 0.8, Sum: 3.7]
      [SATB Filtering (ms): Min: 0.0, Avg: 0.0, Max: 0.0, Diff: 0.0, Sum: 0.0]
      [Update RS (ms): Min: 27.9, Avg: 29.1, Max: 30.3, Diff: 2.4, Sum: 232.5]
         [Processed Buffers: Min: 14, Avg: 16.6, Max: 18, Diff: 4, Sum: 133]
      [Scan RS (ms): Min: 107.6, Avg: 108.4, Max: 108.9, Diff: 1.3, Sum: 867.3]
      [Object Copy (ms): Min: 11.1, Avg: 11.2, Max: 11.2, Diff: 0.1, Sum: 89.2]
      [Termination (ms): Min: 0.0, Avg: 0.0, Max: 0.0, Diff: 0.0, Sum: 0.0]
      [GC Worker Other (ms): Min: 0.0, Avg: 0.0, Max: 0.1, Diff: 0.0, Sum: 0.3]
      [GC Worker Total (ms): Min: 147.8, Avg: 149.1, Max: 149.9, Diff: 2.1, Sum: 1193.2]
      [GC Worker End (ms): Min: 110874.1, Avg: 110874.2, Max: 110874.2, Diff: 0.1]
   [Code Root Fixup: 0.0 ms]
   [Clear CT: 0.2 ms]
   [Other: 1.5 ms]
      [Choose CSet: 0.0 ms]
      [Ref Proc: 0.2 ms]
      [Ref Enq: 0.0 ms]
      [Free CSet: 0.7 ms]
   [Eden: 44.0M(44.0M)->0.0B(44.0M) Survivors: 7168.0K->7168.0K Heap: 1003.5M(1024.0M)->968.1M(1024.0M)]
 [Times: user=1.09 sys=0.00, real=0.15 secs] 
111.134: [GC pause (G1 Evacuation Pause) (young) (to-space exhausted), 0.2032380 secs]
   [Parallel Time: 185.8 ms, GC Workers: 8]
      [GC Worker Start (ms): Min: 111134.4, Avg: 111134.5, Max: 111134.7, Diff: 0.3]
      [Ext Root Scanning (ms): Min: 0.4, Avg: 0.9, Max: 2.5, Diff: 2.1, Sum: 6.8]
      [SATB Filtering (ms): Min: 0.0, Avg: 0.0, Max: 0.0, Diff: 0.0, Sum: 0.0]
      [Update RS (ms): Min: 0.0, Avg: 2.0, Max: 2.8, Diff: 2.8, Sum: 15.7]
         [Processed Buffers: Min: 1, Avg: 1.5, Max: 2, Diff: 1, Sum: 12]
      [Scan RS (ms): Min: 114.8, Avg: 117.7, Max: 120.2, Diff: 5.5, Sum: 941.6]
      [Object Copy (ms): Min: 62.5, Avg: 65.0, Max: 67.3, Diff: 4.8, Sum: 520.3]
      [Termination (ms): Min: 0.0, Avg: 0.1, Max: 0.1, Diff: 0.1, Sum: 0.5]
      [GC Worker Other (ms): Min: 0.0, Avg: 0.0, Max: 0.0, Diff: 0.0, Sum: 0.1]
      [GC Worker Total (ms): Min: 185.5, Avg: 185.6, Max: 185.7, Diff: 0.3, Sum: 1485.1]
      [GC Worker End (ms): Min: 111320.1, Avg: 111320.1, Max: 111320.1, Diff: 0.0]
   [Code Root Fixup: 0.0 ms]
   [Clear CT: 0.2 ms]
   [Other: 17.2 ms]
      [Choose CSet: 0.0 ms]
      [Ref Proc: 0.1 ms]
      [Ref Enq: 0.0 ms]
      [Free CSet: 0.9 ms]
   [Eden: 44.0M(44.0M)->0.0B(47.0M) Survivors: 7168.0K->4096.0K Heap: 1012.1M(1024.0M)->1017.1M(1024.0M)]
 [Times: user=1.17 sys=0.08, real=0.20 secs] 
112.925: [GC concurrent-mark-end, 2.3819620 secs]
112.925: [GC remark 112.926: [GC ref-proc, 0.0000750 secs], 0.0049380 secs]
 [Times: user=0.03 sys=0.00, real=0.00 secs] 
112.930: [GC cleanup 1018M->1018M(1024M), 0.0176850 secs]
 [Times: user=0.11 sys=0.00, real=0.02 secs] 
115.243: [GC pause (G1 Evacuation Pause) (young) (to-space exhausted), 0.0843850 secs]
   [Parallel Time: 81.0 ms, GC Workers: 8]
      [GC Worker Start (ms): Min: 115242.8, Avg: 115243.5, Max: 115247.4, Diff: 4.6]
      [Ext Root Scanning (ms): Min: 0.0, Avg: 0.5, Max: 0.9, Diff: 0.9, Sum: 4.1]
      [Update RS (ms): Min: 0.1, Avg: 3.5, Max: 4.8, Diff: 4.7, Sum: 28.2]
         [Processed Buffers: Min: 2, Avg: 3.4, Max: 8, Diff: 6, Sum: 27]
      [Scan RS (ms): Min: 55.8, Avg: 56.3, Max: 56.7, Diff: 0.9, Sum: 450.6]
      [Object Copy (ms): Min: 19.5, Avg: 19.8, Max: 21.3, Diff: 1.8, Sum: 158.0]
      [Termination (ms): Min: 0.0, Avg: 0.1, Max: 0.1, Diff: 0.1, Sum: 0.5]
      [GC Worker Other (ms): Min: 0.0, Avg: 0.0, Max: 0.0, Diff: 0.0, Sum: 0.2]
      [GC Worker Total (ms): Min: 76.3, Avg: 80.2, Max: 80.9, Diff: 4.6, Sum: 641.8]
      [GC Worker End (ms): Min: 115323.7, Avg: 115323.7, Max: 115323.7, Diff: 0.0]
   [Code Root Fixup: 0.0 ms]
   [Clear CT: 0.2 ms]
   [Other: 3.2 ms]
      [Choose CSet: 0.0 ms]
      [Ref Proc: 0.1 ms]
      [Ref Enq: 0.0 ms]
      [Free CSet: 0.1 ms]
   [Eden: 6144.0K(47.0M)->0.0B(51.0M) Survivors: 4096.0K->0.0B Heap: 1023.1M(1024.0M)->1023.1M(1024.0M)]
 [Times: user=0.51 sys=0.02, real=0.09 secs] 
115.327: [GC pause (G1 Evacuation Pause) (young), 0.0232160 secs]
   [Parallel Time: 22.9 ms, GC Workers: 8]
      [GC Worker Start (ms): Min: 115327.2, Avg: 115327.4, Max: 115328.6, Diff: 1.4]
      [Ext Root Scanning (ms): Min: 0.0, Avg: 0.6, Max: 0.7, Diff: 0.7, Sum: 4.5]
      [Update RS (ms): Min: 21.0, Avg: 21.7, Max: 22.1, Diff: 1.1, Sum: 173.5]
         [Processed Buffers: Min: 48, Avg: 56.6, Max: 64, Diff: 16, Sum: 453]
      [Scan RS (ms): Min: 0.0, Avg: 0.0, Max: 0.0, Diff: 0.0, Sum: 0.0]
      [Object Copy (ms): Min: 0.0, Avg: 0.0, Max: 0.1, Diff: 0.1, Sum: 0.4]
      [Termination (ms): Min: 0.0, Avg: 0.3, Max: 0.4, Diff: 0.4, Sum: 2.3]
      [GC Worker Other (ms): Min: 0.0, Avg: 0.0, Max: 0.1, Diff: 0.0, Sum: 0.3]
      [GC Worker Total (ms): Min: 21.4, Avg: 22.6, Max: 22.8, Diff: 1.4, Sum: 181.0]
      [GC Worker End (ms): Min: 115350.0, Avg: 115350.1, Max: 115350.1, Diff: 0.1]
   [Code Root Fixup: 0.0 ms]
   [Clear CT: 0.1 ms]
   [Other: 0.2 ms]
      [Choose CSet: 0.0 ms]
      [Ref Proc: 0.2 ms]
      [Ref Enq: 0.0 ms]
      [Free CSet: 0.0 ms]
   [Eden: 0.0B(51.0M)->0.0B(51.0M) Survivors: 0.0B->0.0B Heap: 1023.1M(1024.0M)->1023.1M(1024.0M)]
 [Times: user=0.18 sys=0.00, real=0.02 secs] 
115.351: [Full GC (Allocation Failure) 1023M->965M(1024M), 4.2031030 secs]
   [Eden: 0.0B(51.0M)->0.0B(51.0M) Survivors: 0.0B->0.0B Heap: 1023.1M(1024.0M)->965.2M(1024.0M)]
 [Times: user=7.52 sys=0.04, real=4.21 secs] 
119.731: [GC pause (G1 Evacuation Pause) (young) (to-space exhausted), 0.0739710 secs]
   [Parallel Time: 56.9 ms, GC Workers: 8]
      [GC Worker Start (ms): Min: 119731.6, Avg: 119733.3, Max: 119741.6, Diff: 10.0]
      [Ext Root Scanning (ms): Min: 0.0, Avg: 0.6, Max: 1.2, Diff: 1.2, Sum: 4.5]
      [Update RS (ms): Min: 0.0, Avg: 2.6, Max: 3.2, Diff: 3.2, Sum: 20.4]
         [Processed Buffers: Min: 0, Avg: 2.2, Max: 5, Diff: 5, Sum: 18]
      [Scan RS (ms): Min: 9.4, Avg: 14.4, Max: 15.4, Diff: 6.0, Sum: 115.4]
      [Object Copy (ms): Min: 37.5, Avg: 37.6, Max: 37.7, Diff: 0.2, Sum: 300.8]
      [Termination (ms): Min: 0.0, Avg: 0.0, Max: 0.0, Diff: 0.0, Sum: 0.1]
      [GC Worker Other (ms): Min: 0.0, Avg: 0.0, Max: 0.0, Diff: 0.0, Sum: 0.2]
      [GC Worker Total (ms): Min: 46.9, Avg: 55.2, Max: 56.9, Diff: 10.0, Sum: 441.5]
      [GC Worker End (ms): Min: 119788.4, Avg: 119788.5, Max: 119788.5, Diff: 0.0]
   [Code Root Fixup: 0.0 ms]
   [Clear CT: 0.2 ms]
   [Other: 16.9 ms]
      [Choose CSet: 0.0 ms]
      [Ref Proc: 0.1 ms]
      [Ref Enq: 0.0 ms]
      [Free CSet: 0.8 ms]
   [Eden: 51.0M(51.0M)->0.0B(45.0M) Survivors: 0.0B->6144.0K Heap: 1016.2M(1024.0M)->1012.2M(1024.0M)]
 [Times: user=0.31 sys=0.04, real=0.08 secs] 
119.875: [GC pause (G1 Evacuation Pause) (young) (initial-mark) (to-space exhausted), 0.2364040 secs]
   [Parallel Time: 226.4 ms, GC Workers: 8]
      [GC Worker Start (ms): Min: 119875.1, Avg: 119876.1, Max: 119879.2, Diff: 4.2]
      [Ext Root Scanning (ms): Min: 0.0, Avg: 0.5, Max: 1.0, Diff: 1.0, Sum: 3.8]
      [Update RS (ms): Min: 25.3, Avg: 27.9, Max: 29.2, Diff: 3.9, Sum: 223.3]
         [Processed Buffers: Min: 41, Avg: 61.5, Max: 79, Diff: 38, Sum: 492]
      [Scan RS (ms): Min: 122.7, Avg: 123.9, Max: 126.4, Diff: 3.8, Sum: 991.5]
      [Object Copy (ms): Min: 70.4, Avg: 72.9, Max: 75.0, Diff: 4.6, Sum: 583.1]
      [Termination (ms): Min: 0.0, Avg: 0.1, Max: 0.1, Diff: 0.1, Sum: 0.5]
      [GC Worker Other (ms): Min: 0.0, Avg: 0.0, Max: 0.0, Diff: 0.0, Sum: 0.1]
      [GC Worker Total (ms): Min: 222.2, Avg: 225.3, Max: 226.4, Diff: 4.2, Sum: 1802.4]
      [GC Worker End (ms): Min: 120101.4, Avg: 120101.4, Max: 120101.4, Diff: 0.0]
   [Code Root Fixup: 0.0 ms]
   [Clear CT: 0.2 ms]
   [Other: 9.8 ms]
      [Choose CSet: 0.0 ms]
      [Ref Proc: 0.1 ms]
      [Ref Enq: 0.0 ms]
      [Free CSet: 0.3 ms]
   [Eden: 10.0M(45.0M)->0.0B(51.0M) Survivors: 6144.0K->0.0B Heap: 1022.2M(1024.0M)->1020.2M(1024.0M)]
 [Times: user=1.27 sys=0.09, real=0.23 secs] 
120.112: [GC concurrent-root-region-scan-start]
120.112: [GC concurrent-root-region-scan-end, 0.0000150 secs]
120.112: [GC concurrent-mark-start]
120.139: [GC pause (G1 Evacuation Pause) (young) (to-space exhausted), 0.0701400 secs]
   [Parallel Time: 68.2 ms, GC Workers: 8]
      [GC Worker Start (ms): Min: 120138.7, Avg: 120139.5, Max: 120141.0, Diff: 2.3]
      [Ext Root Scanning (ms): Min: 0.0, Avg: 0.5, Max: 0.8, Diff: 0.8, Sum: 3.8]
      [SATB Filtering (ms): Min: 0.0, Avg: 0.0, Max: 0.0, Diff: 0.0, Sum: 0.0]
      [Update RS (ms): Min: 60.6, Avg: 61.6, Max: 62.6, Diff: 2.0, Sum: 493.0]
         [Processed Buffers: Min: 157, Avg: 185.4, Max: 214, Diff: 57, Sum: 1483]
      [Scan RS (ms): Min: 0.0, Avg: 0.1, Max: 0.1, Diff: 0.1, Sum: 0.5]
      [Object Copy (ms): Min: 4.7, Avg: 5.1, Max: 5.4, Diff: 0.7, Sum: 41.0]
      [Termination (ms): Min: 0.0, Avg: 0.1, Max: 0.1, Diff: 0.1, Sum: 0.4]
      [GC Worker Other (ms): Min: 0.0, Avg: 0.0, Max: 0.0, Diff: 0.0, Sum: 0.1]
      [GC Worker Total (ms): Min: 65.8, Avg: 67.3, Max: 68.1, Diff: 2.3, Sum: 538.7]
      [GC Worker End (ms): Min: 120206.8, Avg: 120206.8, Max: 120206.8, Diff: 0.0]
   [Code Root Fixup: 0.0 ms]
   [Clear CT: 0.1 ms]
   [Other: 1.9 ms]
      [Choose CSet: 0.0 ms]
      [Ref Proc: 0.1 ms]
      [Ref Enq: 0.0 ms]
      [Free CSet: 0.0 ms]
   [Eden: 2048.0K(51.0M)->0.0B(51.0M) Survivors: 0.0B->0.0B Heap: 1022.2M(1024.0M)->1022.2M(1024.0M)]
 [Times: user=0.48 sys=0.01, real=0.07 secs] 
120.209: [GC pause (G1 Evacuation Pause) (young), 0.0121720 secs]
   [Parallel Time: 11.8 ms, GC Workers: 8]
      [GC Worker Start (ms): Min: 120209.1, Avg: 120209.4, Max: 120210.2, Diff: 1.2]
      [Ext Root Scanning (ms): Min: 0.0, Avg: 0.5, Max: 0.8, Diff: 0.8, Sum: 4.1]
      [SATB Filtering (ms): Min: 0.0, Avg: 0.0, Max: 0.0, Diff: 0.0, Sum: 0.0]
      [Update RS (ms): Min: 8.9, Avg: 9.9, Max: 10.7, Diff: 1.8, Sum: 78.9]
         [Processed Buffers: Min: 7, Avg: 14.0, Max: 27, Diff: 20, Sum: 112]
      [Scan RS (ms): Min: 0.0, Avg: 0.0, Max: 0.0, Diff: 0.0, Sum: 0.0]
      [Object Copy (ms): Min: 0.0, Avg: 0.0, Max: 0.1, Diff: 0.1, Sum: 0.3]
      [Termination (ms): Min: 0.0, Avg: 1.0, Max: 1.9, Diff: 1.9, Sum: 8.2]
      [GC Worker Other (ms): Min: 0.0, Avg: 0.0, Max: 0.0, Diff: 0.0, Sum: 0.1]
      [GC Worker Total (ms): Min: 10.6, Avg: 11.4, Max: 11.7, Diff: 1.2, Sum: 91.5]
      [GC Worker End (ms): Min: 120220.8, Avg: 120220.8, Max: 120220.8, Diff: 0.0]
   [Code Root Fixup: 0.0 ms]
   [Clear CT: 0.1 ms]
   [Other: 0.3 ms]
      [Choose CSet: 0.0 ms]
      [Ref Proc: 0.2 ms]
      [Ref Enq: 0.0 ms]
      [Free CSet: 0.0 ms]
   [Eden: 0.0B(51.0M)->0.0B(51.0M) Survivors: 0.0B->0.0B Heap: 1022.2M(1024.0M)->1022.2M(1024.0M)]
 [Times: user=0.08 sys=0.00, real=0.01 secs] 
120.222: [Full GC (Allocation Failure) 1022M->972M(1024M), 4.2397190 secs]
   [Eden: 0.0B(51.0M)->0.0B(51.0M) Survivors: 0.0B->0.0B Heap: 1022.2M(1024.0M)->972.9M(1024.0M)]
 [Times: user=7.64 sys=0.03, real=4.24 secs] 
124.461: [GC concurrent-mark-abort]
124.584: [GC pause (G1 Evacuation Pause) (young) (to-space exhausted), 0.1237070 secs]
   [Parallel Time: 101.5 ms, GC Workers: 8]
      [GC Worker Start (ms): Min: 124584.3, Avg: 124584.3, Max: 124584.4, Diff: 0.2]
      [Ext Root Scanning (ms): Min: 0.1, Avg: 0.5, Max: 1.0, Diff: 0.9, Sum: 4.1]
      [Update RS (ms): Min: 0.0, Avg: 4.0, Max: 6.4, Diff: 6.4, Sum: 32.3]
         [Processed Buffers: Min: 0, Avg: 3.4, Max: 8, Diff: 8, Sum: 27]
      [Scan RS (ms): Min: 13.7, Avg: 14.9, Max: 15.5, Diff: 1.8, Sum: 119.2]
      [Object Copy (ms): Min: 78.9, Avg: 81.9, Max: 87.6, Diff: 8.7, Sum: 654.9]
      [Termination (ms): Min: 0.0, Avg: 0.0, Max: 0.0, Diff: 0.0, Sum: 0.1]
      [GC Worker Other (ms): Min: 0.0, Avg: 0.0, Max: 0.0, Diff: 0.0, Sum: 0.1]
      [GC Worker Total (ms): Min: 101.2, Avg: 101.3, Max: 101.4, Diff: 0.2, Sum: 810.6]
      [GC Worker End (ms): Min: 124685.7, Avg: 124685.7, Max: 124685.7, Diff: 0.0]
   [Code Root Fixup: 0.0 ms]
   [Clear CT: 0.2 ms]
   [Other: 22.1 ms]
      [Choose CSet: 0.0 ms]
      [Ref Proc: 0.1 ms]
      [Ref Enq: 0.0 ms]
      [Free CSet: 0.9 ms]
   [Eden: 50.0M(51.0M)->0.0B(51.0M) Survivors: 0.0B->0.0B Heap: 1022.9M(1024.0M)->1022.9M(1024.0M)]
 [Times: user=0.42 sys=0.10, real=0.12 secs] 
124.708: [Full GC (Allocation Failure) 1022M->979M(1024M), 4.2170710 secs]
   [Eden: 0.0B(51.0M)->0.0B(51.0M) Survivors: 0.0B->0.0B Heap: 1022.9M(1024.0M)->979.7M(1024.0M)]
 [Times: user=7.65 sys=0.03, real=4.22 secs] 
129.038: [GC pause (G1 Evacuation Pause) (young) (to-space exhausted), 0.1150210 secs]
   [Parallel Time: 95.2 ms, GC Workers: 8]
      [GC Worker Start (ms): Min: 129039.0, Avg: 129039.1, Max: 129039.3, Diff: 0.2]
      [Ext Root Scanning (ms): Min: 0.1, Avg: 0.7, Max: 0.9, Diff: 0.8, Sum: 5.2]
      [Update RS (ms): Min: 0.0, Avg: 4.5, Max: 5.6, Diff: 5.6, Sum: 36.2]
         [Processed Buffers: Min: 0, Avg: 3.6, Max: 6, Diff: 6, Sum: 29]
      [Scan RS (ms): Min: 12.8, Avg: 13.3, Max: 13.7, Diff: 0.8, Sum: 106.7]
      [Object Copy (ms): Min: 75.7, Avg: 76.5, Max: 81.4, Diff: 5.6, Sum: 611.8]
      [Termination (ms): Min: 0.0, Avg: 0.1, Max: 0.1, Diff: 0.1, Sum: 0.5]
      [GC Worker Other (ms): Min: 0.0, Avg: 0.0, Max: 0.0, Diff: 0.0, Sum: 0.1]
      [GC Worker Total (ms): Min: 94.9, Avg: 95.1, Max: 95.2, Diff: 0.2, Sum: 760.6]
      [GC Worker End (ms): Min: 129134.2, Avg: 129134.2, Max: 129134.2, Diff: 0.0]
   [Code Root Fixup: 0.0 ms]
   [Clear CT: 0.2 ms]
   [Other: 19.6 ms]
      [Choose CSet: 0.0 ms]
      [Ref Proc: 0.1 ms]
      [Ref Enq: 0.0 ms]
      [Free CSet: 1.0 ms]
   [Eden: 43.0M(51.0M)->0.0B(51.0M) Survivors: 0.0B->0.0B Heap: 1022.7M(1024.0M)->1022.7M(1024.0M)]
 [Times: user=0.38 sys=0.09, real=0.12 secs] 
129.154: [GC pause (G1 Evacuation Pause) (young) (initial-mark), 0.0902520 secs]
   [Parallel Time: 89.9 ms, GC Workers: 8]
      [GC Worker Start (ms): Min: 129153.6, Avg: 129154.2, Max: 129155.9, Diff: 2.3]
      [Ext Root Scanning (ms): Min: 0.0, Avg: 0.5, Max: 0.8, Diff: 0.8, Sum: 4.1]
      [Update RS (ms): Min: 87.6, Avg: 88.6, Max: 89.0, Diff: 1.5, Sum: 708.6]
         [Processed Buffers: Min: 190, Avg: 229.4, Max: 277, Diff: 87, Sum: 1835]
      [Scan RS (ms): Min: 0.0, Avg: 0.0, Max: 0.0, Diff: 0.0, Sum: 0.0]
      [Object Copy (ms): Min: 0.0, Avg: 0.2, Max: 0.2, Diff: 0.2, Sum: 1.2]
      [Termination (ms): Min: 0.0, Avg: 0.0, Max: 0.0, Diff: 0.0, Sum: 0.1]
      [GC Worker Other (ms): Min: 0.0, Avg: 0.0, Max: 0.1, Diff: 0.1, Sum: 0.3]
      [GC Worker Total (ms): Min: 87.6, Avg: 89.3, Max: 89.9, Diff: 2.3, Sum: 714.4]
      [GC Worker End (ms): Min: 129243.5, Avg: 129243.5, Max: 129243.5, Diff: 0.1]
   [Code Root Fixup: 0.0 ms]
   [Clear CT: 0.1 ms]
   [Other: 0.2 ms]
      [Choose CSet: 0.0 ms]
      [Ref Proc: 0.2 ms]
      [Ref Enq: 0.0 ms]
      [Free CSet: 0.0 ms]
   [Eden: 0.0B(51.0M)->0.0B(51.0M) Survivors: 0.0B->0.0B Heap: 1022.7M(1024.0M)->1022.7M(1024.0M)]
 [Times: user=0.65 sys=0.01, real=0.09 secs] 
129.244: [GC concurrent-root-region-scan-start]
129.244: [GC concurrent-root-region-scan-end, 0.0000050 secs]
129.244: [GC concurrent-mark-start]
129.244: [Full GC (Allocation Failure) 1022M->985M(1024M), 4.3205640 secs]
   [Eden: 0.0B(51.0M)->0.0B(51.0M) Survivors: 0.0B->0.0B Heap: 1022.7M(1024.0M)->985.2M(1024.0M)]
 [Times: user=7.77 sys=0.03, real=4.32 secs] 
133.565: [GC concurrent-mark-abort]
133.653: [GC pause (G1 Evacuation Pause) (young) (to-space exhausted), 0.0905630 secs]
   [Parallel Time: 74.6 ms, GC Workers: 8]
      [GC Worker Start (ms): Min: 133653.9, Avg: 133654.0, Max: 133654.1, Diff: 0.2]
      [Ext Root Scanning (ms): Min: 0.1, Avg: 0.6, Max: 0.9, Diff: 0.8, Sum: 5.2]
      [Update RS (ms): Min: 0.0, Avg: 2.8, Max: 3.7, Diff: 3.7, Sum: 22.8]
         [Processed Buffers: Min: 0, Avg: 2.2, Max: 5, Diff: 5, Sum: 18]
      [Scan RS (ms): Min: 8.9, Avg: 11.2, Max: 11.7, Diff: 2.9, Sum: 89.3]
      [Object Copy (ms): Min: 58.8, Avg: 59.8, Max: 65.5, Diff: 6.7, Sum: 478.0]
      [Termination (ms): Min: 0.0, Avg: 0.1, Max: 0.1, Diff: 0.1, Sum: 0.5]
      [GC Worker Other (ms): Min: 0.0, Avg: 0.0, Max: 0.0, Diff: 0.0, Sum: 0.2]
      [GC Worker Total (ms): Min: 74.4, Avg: 74.5, Max: 74.6, Diff: 0.2, Sum: 595.9]
      [GC Worker End (ms): Min: 133728.5, Avg: 133728.5, Max: 133728.5, Diff: 0.0]
   [Code Root Fixup: 0.0 ms]
   [Clear CT: 0.2 ms]
   [Other: 15.8 ms]
      [Choose CSet: 0.0 ms]
      [Ref Proc: 0.1 ms]
      [Ref Enq: 0.0 ms]
      [Free CSet: 0.6 ms]
   [Eden: 38.0M(51.0M)->0.0B(51.0M) Survivors: 0.0B->0.0B Heap: 1023.2M(1024.0M)->1023.2M(1024.0M)]
 [Times: user=0.31 sys=0.07, real=0.09 secs] 
133.744: [GC pause (G1 Evacuation Pause) (young) (initial-mark), 0.0721430 secs]
   [Parallel Time: 71.8 ms, GC Workers: 8]
      [GC Worker Start (ms): Min: 133744.2, Avg: 133744.3, Max: 133744.5, Diff: 0.3]
      [Ext Root Scanning (ms): Min: 0.4, Avg: 0.6, Max: 0.7, Diff: 0.3, Sum: 4.6]
      [Update RS (ms): Min: 70.8, Avg: 70.9, Max: 71.0, Diff: 0.2, Sum: 567.1]
         [Processed Buffers: Min: 143, Avg: 175.1, Max: 222, Diff: 79, Sum: 1401]
      [Scan RS (ms): Min: 0.0, Avg: 0.0, Max: 0.0, Diff: 0.0, Sum: 0.0]
      [Object Copy (ms): Min: 0.1, Avg: 0.2, Max: 0.2, Diff: 0.1, Sum: 1.3]
      [Termination (ms): Min: 0.0, Avg: 0.0, Max: 0.0, Diff: 0.0, Sum: 0.0]
      [GC Worker Other (ms): Min: 0.0, Avg: 0.1, Max: 0.1, Diff: 0.0, Sum: 0.5]
      [GC Worker Total (ms): Min: 71.5, Avg: 71.7, Max: 71.8, Diff: 0.3, Sum: 573.5]
      [GC Worker End (ms): Min: 133816.0, Avg: 133816.0, Max: 133816.1, Diff: 0.0]
   [Code Root Fixup: 0.0 ms]
   [Clear CT: 0.1 ms]
   [Other: 0.2 ms]
      [Choose CSet: 0.0 ms]
      [Ref Proc: 0.1 ms]
      [Ref Enq: 0.0 ms]
      [Free CSet: 0.0 ms]
   [Eden: 0.0B(51.0M)->0.0B(51.0M) Survivors: 0.0B->0.0B Heap: 1023.2M(1024.0M)->1023.2M(1024.0M)]
 [Times: user=0.53 sys=0.01, real=0.07 secs] 
133.816: [GC concurrent-root-region-scan-start]
133.816: [GC concurrent-root-region-scan-end, 0.0000140 secs]
133.816: [GC concurrent-mark-start]
133.817: [Full GC (Allocation Failure) 1023M->989M(1024M), 4.2387680 secs]
   [Eden: 0.0B(51.0M)->0.0B(51.0M) Survivors: 0.0B->0.0B Heap: 1023.2M(1024.0M)->990.0M(1024.0M)]
 [Times: user=7.63 sys=0.02, real=4.24 secs] 
138.055: [GC concurrent-mark-abort]
138.131: [GC pause (G1 Evacuation Pause) (young) (to-space exhausted), 0.0868370 secs]
   [Parallel Time: 71.7 ms, GC Workers: 8]
      [GC Worker Start (ms): Min: 138132.0, Avg: 138132.0, Max: 138132.1, Diff: 0.2]
      [Ext Root Scanning (ms): Min: 0.1, Avg: 0.6, Max: 0.9, Diff: 0.8, Sum: 5.1]
      [Update RS (ms): Min: 3.8, Avg: 10.5, Max: 14.5, Diff: 10.7, Sum: 84.3]
         [Processed Buffers: Min: 3, Avg: 7.9, Max: 11, Diff: 8, Sum: 63]
      [Scan RS (ms): Min: 9.2, Avg: 9.7, Max: 10.3, Diff: 1.1, Sum: 78.0]
      [Object Copy (ms): Min: 46.6, Avg: 50.6, Max: 57.4, Diff: 10.8, Sum: 404.7]
      [Termination (ms): Min: 0.0, Avg: 0.1, Max: 0.1, Diff: 0.1, Sum: 0.5]
      [GC Worker Other (ms): Min: 0.0, Avg: 0.0, Max: 0.0, Diff: 0.0, Sum: 0.2]
      [GC Worker Total (ms): Min: 71.5, Avg: 71.6, Max: 71.6, Diff: 0.2, Sum: 572.8]
      [GC Worker End (ms): Min: 138203.6, Avg: 138203.6, Max: 138203.6, Diff: 0.0]
   [Code Root Fixup: 0.0 ms]
   [Clear CT: 0.2 ms]
   [Other: 15.0 ms]
      [Choose CSet: 0.0 ms]
      [Ref Proc: 0.1 ms]
      [Ref Enq: 0.0 ms]
      [Free CSet: 0.5 ms]
   [Eden: 33.0M(51.0M)->0.0B(51.0M) Survivors: 0.0B->0.0B Heap: 1023.0M(1024.0M)->1023.0M(1024.0M)]
 [Times: user=0.34 sys=0.06, real=0.09 secs] 
138.218: [GC pause (G1 Evacuation Pause) (young) (initial-mark), 0.0682330 secs]
   [Parallel Time: 67.9 ms, GC Workers: 8]
      [GC Worker Start (ms): Min: 138218.5, Avg: 138218.6, Max: 138219.5, Diff: 1.0]
      [Ext Root Scanning (ms): Min: 0.0, Avg: 0.6, Max: 0.7, Diff: 0.7, Sum: 4.4]
      [Update RS (ms): Min: 66.7, Avg: 66.9, Max: 67.0, Diff: 0.3, Sum: 534.9]
         [Processed Buffers: Min: 144, Avg: 163.2, Max: 200, Diff: 56, Sum: 1306]
      [Scan RS (ms): Min: 0.0, Avg: 0.0, Max: 0.0, Diff: 0.0, Sum: 0.0]
      [Object Copy (ms): Min: 0.0, Avg: 0.2, Max: 0.2, Diff: 0.2, Sum: 1.3]
      [Termination (ms): Min: 0.0, Avg: 0.1, Max: 0.1, Diff: 0.1, Sum: 0.5]
      [GC Worker Other (ms): Min: 0.0, Avg: 0.0, Max: 0.0, Diff: 0.0, Sum: 0.2]
      [GC Worker Total (ms): Min: 66.8, Avg: 67.7, Max: 67.9, Diff: 1.0, Sum: 541.3]
      [GC Worker End (ms): Min: 138286.3, Avg: 138286.3, Max: 138286.3, Diff: 0.0]
   [Code Root Fixup: 0.0 ms]
   [Clear CT: 0.1 ms]
   [Other: 0.2 ms]
      [Choose CSet: 0.0 ms]
      [Ref Proc: 0.1 ms]
      [Ref Enq: 0.0 ms]
      [Free CSet: 0.0 ms]
   [Eden: 0.0B(51.0M)->0.0B(51.0M) Survivors: 0.0B->0.0B Heap: 1023.0M(1024.0M)->1023.0M(1024.0M)]
 [Times: user=0.51 sys=0.01, real=0.07 secs] 
138.287: [GC concurrent-root-region-scan-start]
138.287: [GC concurrent-root-region-scan-end, 0.0000150 secs]
138.287: [GC concurrent-mark-start]
138.287: [GC pause (G1 Evacuation Pause) (young), 0.0013590 secs]
   [Parallel Time: 1.1 ms, GC Workers: 8]
      [GC Worker Start (ms): Min: 138286.9, Avg: 138287.3, Max: 138287.8, Diff: 0.9]
      [Ext Root Scanning (ms): Min: 0.0, Avg: 0.5, Max: 0.9, Diff: 0.8, Sum: 3.9]
      [SATB Filtering (ms): Min: 0.0, Avg: 0.0, Max: 0.0, Diff: 0.0, Sum: 0.0]
      [Update RS (ms): Min: 0.0, Avg: 0.0, Max: 0.0, Diff: 0.0, Sum: 0.0]
         [Processed Buffers: Min: 0, Avg: 0.1, Max: 1, Diff: 1, Sum: 1]
      [Scan RS (ms): Min: 0.0, Avg: 0.0, Max: 0.0, Diff: 0.0, Sum: 0.0]
      [Object Copy (ms): Min: 0.0, Avg: 0.0, Max: 0.1, Diff: 0.1, Sum: 0.3]
      [Termination (ms): Min: 0.0, Avg: 0.1, Max: 0.2, Diff: 0.2, Sum: 0.9]
      [GC Worker Other (ms): Min: 0.0, Avg: 0.0, Max: 0.0, Diff: 0.0, Sum: 0.1]
      [GC Worker Total (ms): Min: 0.1, Avg: 0.7, Max: 1.0, Diff: 1.0, Sum: 5.3]
      [GC Worker End (ms): Min: 138287.9, Avg: 138287.9, Max: 138288.0, Diff: 0.0]
   [Code Root Fixup: 0.0 ms]
   [Clear CT: 0.1 ms]
   [Other: 0.2 ms]
      [Choose CSet: 0.0 ms]
      [Ref Proc: 0.1 ms]
      [Ref Enq: 0.0 ms]
      [Free CSet: 0.0 ms]
   [Eden: 0.0B(51.0M)->0.0B(51.0M) Survivors: 0.0B->0.0B Heap: 1023.0M(1024.0M)->1023.0M(1024.0M)]
 [Times: user=0.00 sys=0.00, real=0.00 secs] 
138.288: [GC pause (G1 Evacuation Pause) (young), 0.0010560 secs]
   [Parallel Time: 0.7 ms, GC Workers: 8]
      [GC Worker Start (ms): Min: 138288.4, Avg: 138288.5, Max: 138289.1, Diff: 0.6]
      [Ext Root Scanning (ms): Min: 0.0, Avg: 0.5, Max: 0.6, Diff: 0.6, Sum: 3.8]
      [SATB Filtering (ms): Min: 0.0, Avg: 0.0, Max: 0.0, Diff: 0.0, Sum: 0.0]
      [Update RS (ms): Min: 0.0, Avg: 0.0, Max: 0.0, Diff: 0.0, Sum: 0.0]
         [Processed Buffers: Min: 0, Avg: 0.1, Max: 1, Diff: 1, Sum: 1]
      [Scan RS (ms): Min: 0.0, Avg: 0.0, Max: 0.0, Diff: 0.0, Sum: 0.0]
      [Object Copy (ms): Min: 0.0, Avg: 0.0, Max: 0.1, Diff: 0.1, Sum: 0.3]
      [Termination (ms): Min: 0.0, Avg: 0.1, Max: 0.1, Diff: 0.1, Sum: 0.6]
      [GC Worker Other (ms): Min: 0.0, Avg: 0.0, Max: 0.0, Diff: 0.0, Sum: 0.0]
      [GC Worker Total (ms): Min: 0.1, Avg: 0.6, Max: 0.7, Diff: 0.6, Sum: 4.7]
      [GC Worker End (ms): Min: 138289.1, Avg: 138289.1, Max: 138289.1, Diff: 0.0]
   [Code Root Fixup: 0.0 ms]
   [Clear CT: 0.1 ms]
   [Other: 0.2 ms]
      [Choose CSet: 0.0 ms]
      [Ref Proc: 0.2 ms]
      [Ref Enq: 0.0 ms]
      [Free CSet: 0.0 ms]
   [Eden: 0.0B(51.0M)->0.0B(51.0M) Survivors: 0.0B->0.0B Heap: 1023.0M(1024.0M)->1023.0M(1024.0M)]
 [Times: user=0.01 sys=0.00, real=0.00 secs] 
138.290: [Full GC (Allocation Failure) 1022M->994M(1024M), 4.3749640 secs]
   [Eden: 0.0B(51.0M)->0.0B(51.0M) Survivors: 0.0B->0.0B Heap: 1023.0M(1024.0M)->994.5M(1024.0M)]
 [Times: user=7.85 sys=0.03, real=4.38 secs] 
142.665: [GC concurrent-mark-abort]
142.711: [GC pause (G1 Evacuation Pause) (young) (to-space exhausted), 0.0527190 secs]
   [Parallel Time: 42.7 ms, GC Workers: 8]
      [GC Worker Start (ms): Min: 142711.8, Avg: 142712.0, Max: 142712.2, Diff: 0.3]
      [Ext Root Scanning (ms): Min: 0.6, Avg: 0.8, Max: 1.4, Diff: 0.8, Sum: 6.8]
      [Update RS (ms): Min: 1.9, Avg: 2.6, Max: 2.8, Diff: 1.0, Sum: 20.6]
         [Processed Buffers: Min: 1, Avg: 2.4, Max: 4, Diff: 3, Sum: 19]
      [Scan RS (ms): Min: 6.0, Avg: 6.1, Max: 6.2, Diff: 0.2, Sum: 48.8]
      [Object Copy (ms): Min: 32.8, Avg: 32.9, Max: 32.9, Diff: 0.1, Sum: 262.9]
      [Termination (ms): Min: 0.0, Avg: 0.1, Max: 0.1, Diff: 0.1, Sum: 0.5]
      [GC Worker Other (ms): Min: 0.0, Avg: 0.0, Max: 0.0, Diff: 0.0, Sum: 0.3]
      [GC Worker Total (ms): Min: 42.3, Avg: 42.5, Max: 42.6, Diff: 0.4, Sum: 339.9]
      [GC Worker End (ms): Min: 142754.4, Avg: 142754.4, Max: 142754.5, Diff: 0.0]
   [Code Root Fixup: 0.0 ms]
   [Clear CT: 0.2 ms]
   [Other: 9.9 ms]
      [Choose CSet: 0.0 ms]
      [Ref Proc: 0.1 ms]
      [Ref Enq: 0.0 ms]
      [Free CSet: 0.4 ms]
   [Eden: 28.0M(51.0M)->0.0B(51.0M) Survivors: 0.0B->0.0B Heap: 1022.5M(1024.0M)->1021.5M(1024.0M)]
 [Times: user=0.17 sys=0.04, real=0.06 secs] 
142.765: [GC pause (G1 Evacuation Pause) (young) (initial-mark) (to-space exhausted), 0.0403660 secs]
   [Parallel Time: 39.3 ms, GC Workers: 8]
      [GC Worker Start (ms): Min: 142765.4, Avg: 142765.9, Max: 142767.7, Diff: 2.3]
      [Ext Root Scanning (ms): Min: 0.0, Avg: 0.5, Max: 0.9, Diff: 0.9, Sum: 4.4]
      [Update RS (ms): Min: 34.2, Avg: 36.8, Max: 38.2, Diff: 4.0, Sum: 294.3]
         [Processed Buffers: Min: 70, Avg: 88.2, Max: 112, Diff: 42, Sum: 706]
      [Scan RS (ms): Min: 0.0, Avg: 0.0, Max: 0.0, Diff: 0.0, Sum: 0.0]
      [Object Copy (ms): Min: 0.2, Avg: 0.8, Max: 4.2, Diff: 3.9, Sum: 6.3]
      [Termination (ms): Min: 0.0, Avg: 0.7, Max: 1.0, Diff: 1.0, Sum: 5.2]
      [GC Worker Other (ms): Min: 0.0, Avg: 0.0, Max: 0.0, Diff: 0.0, Sum: 0.2]
      [GC Worker Total (ms): Min: 36.9, Avg: 38.8, Max: 39.2, Diff: 2.3, Sum: 310.4]
      [GC Worker End (ms): Min: 142804.6, Avg: 142804.7, Max: 142804.7, Diff: 0.0]
   [Code Root Fixup: 0.0 ms]
   [Clear CT: 0.1 ms]
   [Other: 1.0 ms]
      [Choose CSet: 0.0 ms]
      [Ref Proc: 0.2 ms]
      [Ref Enq: 0.0 ms]
      [Free CSet: 0.0 ms]
   [Eden: 1024.0K(51.0M)->0.0B(51.0M) Survivors: 0.0B->0.0B Heap: 1022.5M(1024.0M)->1022.5M(1024.0M)]
 [Times: user=0.29 sys=0.00, real=0.04 secs] 
142.806: [GC concurrent-root-region-scan-start]
142.806: [GC concurrent-root-region-scan-end, 0.0000140 secs]
142.806: [GC concurrent-mark-start]
142.806: [GC pause (G1 Evacuation Pause) (young), 0.0019640 secs]
   [Parallel Time: 1.6 ms, GC Workers: 8]
      [GC Worker Start (ms): Min: 142806.0, Avg: 142806.1, Max: 142806.3, Diff: 0.3]
      [Ext Root Scanning (ms): Min: 0.4, Avg: 0.6, Max: 0.7, Diff: 0.3, Sum: 4.6]
      [SATB Filtering (ms): Min: 0.0, Avg: 0.0, Max: 0.0, Diff: 0.0, Sum: 0.0]
      [Update RS (ms): Min: 0.3, Avg: 0.5, Max: 0.8, Diff: 0.5, Sum: 4.4]
         [Processed Buffers: Min: 1, Avg: 2.5, Max: 4, Diff: 3, Sum: 20]
      [Scan RS (ms): Min: 0.0, Avg: 0.0, Max: 0.0, Diff: 0.0, Sum: 0.0]
      [Object Copy (ms): Min: 0.0, Avg: 0.0, Max: 0.1, Diff: 0.0, Sum: 0.4]
      [Termination (ms): Min: 0.0, Avg: 0.4, Max: 0.5, Diff: 0.5, Sum: 2.8]
      [GC Worker Other (ms): Min: 0.0, Avg: 0.0, Max: 0.0, Diff: 0.0, Sum: 0.0]
      [GC Worker Total (ms): Min: 1.4, Avg: 1.5, Max: 1.6, Diff: 0.3, Sum: 12.2]
      [GC Worker End (ms): Min: 142807.6, Avg: 142807.6, Max: 142807.7, Diff: 0.0]
   [Code Root Fixup: 0.0 ms]
   [Clear CT: 0.1 ms]
   [Other: 0.2 ms]
      [Choose CSet: 0.0 ms]
      [Ref Proc: 0.1 ms]
      [Ref Enq: 0.0 ms]
      [Free CSet: 0.0 ms]
   [Eden: 0.0B(51.0M)->0.0B(51.0M) Survivors: 0.0B->0.0B Heap: 1022.5M(1024.0M)->1022.5M(1024.0M)]
 [Times: user=0.01 sys=0.00, real=0.00 secs] 
142.808: [Full GC (Allocation Failure) 1022M->996M(1024M), 4.3019700 secs]
   [Eden: 0.0B(51.0M)->0.0B(51.0M) Survivors: 0.0B->0.0B Heap: 1022.5M(1024.0M)->996.7M(1024.0M)]
 [Times: user=7.82 sys=0.03, real=4.30 secs] 
147.110: [GC concurrent-mark-abort]
147.159: [GC pause (G1 Evacuation Pause) (young) (to-space exhausted), 0.0672430 secs]
   [Parallel Time: 56.3 ms, GC Workers: 8]
      [GC Worker Start (ms): Min: 147159.7, Avg: 147160.0, Max: 147161.9, Diff: 2.2]
      [Ext Root Scanning (ms): Min: 0.0, Avg: 0.6, Max: 0.9, Diff: 0.9, Sum: 4.5]
      [Update RS (ms): Min: 3.5, Avg: 12.0, Max: 13.7, Diff: 10.2, Sum: 95.9]
         [Processed Buffers: Min: 2, Avg: 9.0, Max: 11, Diff: 9, Sum: 72]
      [Scan RS (ms): Min: 5.0, Avg: 5.9, Max: 6.3, Diff: 1.3, Sum: 47.6]
      [Object Copy (ms): Min: 35.6, Avg: 37.3, Max: 46.3, Diff: 10.7, Sum: 298.7]
      [Termination (ms): Min: 0.0, Avg: 0.1, Max: 0.1, Diff: 0.1, Sum: 0.5]
      [GC Worker Other (ms): Min: 0.0, Avg: 0.0, Max: 0.0, Diff: 0.0, Sum: 0.1]
      [GC Worker Total (ms): Min: 54.0, Avg: 55.9, Max: 56.2, Diff: 2.2, Sum: 447.2]
      [GC Worker End (ms): Min: 147215.9, Avg: 147215.9, Max: 147215.9, Diff: 0.0]
   [Code Root Fixup: 0.0 ms]
   [Clear CT: 0.2 ms]
   [Other: 10.7 ms]
      [Choose CSet: 0.0 ms]
      [Ref Proc: 0.1 ms]
      [Ref Enq: 0.0 ms]
      [Free CSet: 0.3 ms]
   [Eden: 26.0M(51.0M)->0.0B(51.0M) Survivors: 0.0B->0.0B Heap: 1022.7M(1024.0M)->1022.7M(1024.0M)]
 [Times: user=0.27 sys=0.04, real=0.07 secs] 
147.227: [GC pause (G1 Evacuation Pause) (young) (initial-mark), 0.0484230 secs]
   [Parallel Time: 48.1 ms, GC Workers: 8]
      [GC Worker Start (ms): Min: 147226.6, Avg: 147227.1, Max: 147228.5, Diff: 1.9]
      [Ext Root Scanning (ms): Min: 0.0, Avg: 0.5, Max: 0.7, Diff: 0.7, Sum: 3.9]
      [Update RS (ms): Min: 46.0, Avg: 46.9, Max: 47.1, Diff: 1.1, Sum: 375.2]
         [Processed Buffers: Min: 85, Avg: 112.9, Max: 130, Diff: 45, Sum: 903]
      [Scan RS (ms): Min: 0.0, Avg: 0.0, Max: 0.0, Diff: 0.0, Sum: 0.0]
      [Object Copy (ms): Min: 0.0, Avg: 0.1, Max: 0.2, Diff: 0.2, Sum: 1.1]
      [Termination (ms): Min: 0.0, Avg: 0.0, Max: 0.0, Diff: 0.0, Sum: 0.0]
      [GC Worker Other (ms): Min: 0.0, Avg: 0.0, Max: 0.0, Diff: 0.0, Sum: 0.2]
      [GC Worker Total (ms): Min: 46.1, Avg: 47.6, Max: 48.0, Diff: 1.9, Sum: 380.5]
      [GC Worker End (ms): Min: 147274.6, Avg: 147274.6, Max: 147274.7, Diff: 0.0]
   [Code Root Fixup: 0.0 ms]
   [Clear CT: 0.1 ms]
   [Other: 0.2 ms]
      [Choose CSet: 0.0 ms]
      [Ref Proc: 0.2 ms]
      [Ref Enq: 0.0 ms]
      [Free CSet: 0.0 ms]
   [Eden: 0.0B(51.0M)->0.0B(51.0M) Survivors: 0.0B->0.0B Heap: 1022.7M(1024.0M)->1022.7M(1024.0M)]
 [Times: user=0.37 sys=0.00, real=0.05 secs] 
147.275: [GC concurrent-root-region-scan-start]
147.275: [GC concurrent-root-region-scan-end, 0.0000150 secs]
147.275: [GC concurrent-mark-start]
147.275: [Full GC (Allocation Failure) 1022M->999M(1024M), 4.3257300 secs]
   [Eden: 0.0B(51.0M)->0.0B(51.0M) Survivors: 0.0B->0.0B Heap: 1022.7M(1024.0M)->999.6M(1024.0M)]
 [Times: user=7.86 sys=0.03, real=4.32 secs] 
151.601: [GC concurrent-mark-abort]
151.664: [GC pause (G1 Evacuation Pause) (young) (to-space exhausted), 0.0803150 secs]
   [Parallel Time: 68.2 ms, GC Workers: 8]
      [GC Worker Start (ms): Min: 151664.2, Avg: 151664.8, Max: 151667.7, Diff: 3.5]
      [Ext Root Scanning (ms): Min: 0.0, Avg: 0.6, Max: 0.9, Diff: 0.9, Sum: 5.0]
      [Update RS (ms): Min: 6.3, Avg: 8.2, Max: 9.1, Diff: 2.8, Sum: 65.9]
         [Processed Buffers: Min: 4, Avg: 6.2, Max: 7, Diff: 3, Sum: 50]
      [Scan RS (ms): Min: 7.3, Avg: 7.8, Max: 8.3, Diff: 1.0, Sum: 62.2]
      [Object Copy (ms): Min: 50.8, Avg: 50.9, Max: 51.0, Diff: 0.2, Sum: 406.8]
      [Termination (ms): Min: 0.0, Avg: 0.1, Max: 0.1, Diff: 0.1, Sum: 0.4]
      [GC Worker Other (ms): Min: 0.0, Avg: 0.0, Max: 0.0, Diff: 0.0, Sum: 0.2]
      [GC Worker Total (ms): Min: 64.6, Avg: 67.6, Max: 68.1, Diff: 3.6, Sum: 540.5]
      [GC Worker End (ms): Min: 151732.3, Avg: 151732.3, Max: 151732.4, Diff: 0.0]
   [Code Root Fixup: 0.0 ms]
   [Clear CT: 0.2 ms]
   [Other: 11.9 ms]
      [Choose CSet: 0.0 ms]
      [Ref Proc: 0.1 ms]
      [Ref Enq: 0.0 ms]
      [Free CSet: 0.5 ms]
   [Eden: 23.0M(51.0M)->0.0B(51.0M) Survivors: 0.0B->0.0B Heap: 1022.6M(1024.0M)->1022.6M(1024.0M)]
 [Times: user=0.27 sys=0.06, real=0.08 secs] 
151.744: [GC pause (G1 Evacuation Pause) (young) (initial-mark), 0.0598710 secs]
   [Parallel Time: 59.5 ms, GC Workers: 8]
      [GC Worker Start (ms): Min: 151744.3, Avg: 151744.8, Max: 151746.3, Diff: 2.0]
      [Ext Root Scanning (ms): Min: 0.0, Avg: 0.5, Max: 0.8, Diff: 0.8, Sum: 4.1]
      [Update RS (ms): Min: 56.9, Avg: 57.8, Max: 58.2, Diff: 1.4, Sum: 462.3]
         [Processed Buffers: Min: 125, Avg: 133.0, Max: 152, Diff: 27, Sum: 1064]
      [Scan RS (ms): Min: 0.0, Avg: 0.0, Max: 0.0, Diff: 0.0, Sum: 0.0]
      [Object Copy (ms): Min: 0.0, Avg: 0.2, Max: 0.3, Diff: 0.3, Sum: 1.2]
      [Termination (ms): Min: 0.0, Avg: 0.4, Max: 0.5, Diff: 0.5, Sum: 3.2]
      [GC Worker Other (ms): Min: 0.0, Avg: 0.0, Max: 0.0, Diff: 0.0, Sum: 0.1]
      [GC Worker Total (ms): Min: 57.4, Avg: 58.9, Max: 59.4, Diff: 2.0, Sum: 471.0]
      [GC Worker End (ms): Min: 151803.7, Avg: 151803.7, Max: 151803.7, Diff: 0.0]
   [Code Root Fixup: 0.0 ms]
   [Clear CT: 0.2 ms]
   [Other: 0.2 ms]
      [Choose CSet: 0.0 ms]
      [Ref Proc: 0.1 ms]
      [Ref Enq: 0.0 ms]
      [Free CSet: 0.0 ms]
   [Eden: 0.0B(51.0M)->0.0B(51.0M) Survivors: 0.0B->0.0B Heap: 1022.6M(1024.0M)->1022.6M(1024.0M)]
 [Times: user=0.43 sys=0.00, real=0.06 secs] 
151.804: [GC concurrent-root-region-scan-start]
151.804: [GC concurrent-root-region-scan-end, 0.0000040 secs]
151.804: [GC concurrent-mark-start]
151.804: [Full GC (Allocation Failure) 1022M->1003M(1024M), 4.3132430 secs]
   [Eden: 0.0B(51.0M)->0.0B(51.0M) Survivors: 0.0B->0.0B Heap: 1022.6M(1024.0M)->1003.5M(1024.0M)]
 [Times: user=7.86 sys=0.03, real=4.31 secs] 
156.118: [GC concurrent-mark-abort]
156.160: [GC pause (G1 Evacuation Pause) (young) (to-space exhausted), 0.0388220 secs]
   [Parallel Time: 31.8 ms, GC Workers: 8]
      [GC Worker Start (ms): Min: 156160.8, Avg: 156160.9, Max: 156161.0, Diff: 0.2]
      [Ext Root Scanning (ms): Min: 0.2, Avg: 0.7, Max: 0.9, Diff: 0.7, Sum: 5.4]
      [Update RS (ms): Min: 1.1, Avg: 4.3, Max: 5.3, Diff: 4.2, Sum: 34.3]
         [Processed Buffers: Min: 3, Avg: 3.6, Max: 5, Diff: 2, Sum: 29]
      [Scan RS (ms): Min: 3.2, Avg: 4.0, Max: 4.2, Diff: 1.0, Sum: 31.7]
      [Object Copy (ms): Min: 22.0, Avg: 22.7, Max: 26.1, Diff: 4.0, Sum: 181.3]
      [Termination (ms): Min: 0.0, Avg: 0.0, Max: 0.1, Diff: 0.1, Sum: 0.4]
      [GC Worker Other (ms): Min: 0.0, Avg: 0.0, Max: 0.0, Diff: 0.0, Sum: 0.1]
      [GC Worker Total (ms): Min: 31.6, Avg: 31.7, Max: 31.7, Diff: 0.2, Sum: 253.3]
      [GC Worker End (ms): Min: 156192.6, Avg: 156192.6, Max: 156192.6, Diff: 0.0]
   [Code Root Fixup: 0.0 ms]
   [Clear CT: 0.2 ms]
   [Other: 6.8 ms]
      [Choose CSet: 0.0 ms]
      [Ref Proc: 0.1 ms]
      [Ref Enq: 0.0 ms]
      [Free CSet: 0.2 ms]
   [Eden: 19.0M(51.0M)->0.0B(51.0M) Survivors: 0.0B->0.0B Heap: 1022.5M(1024.0M)->1022.5M(1024.0M)]
 [Times: user=0.15 sys=0.03, real=0.04 secs] 
156.199: [Full GC (Allocation Failure) 1022M->1004M(1024M), 4.3814920 secs]
   [Eden: 0.0B(51.0M)->0.0B(51.0M) Survivors: 0.0B->0.0B Heap: 1022.5M(1024.0M)->1004.4M(1024.0M)]
 [Times: user=7.90 sys=0.03, real=4.38 secs] 
160.649: [GC pause (G1 Evacuation Pause) (young) (to-space exhausted), 0.0539830 secs]
   [Parallel Time: 45.1 ms, GC Workers: 8]
      [GC Worker Start (ms): Min: 160649.0, Avg: 160649.5, Max: 160651.2, Diff: 2.2]
      [Ext Root Scanning (ms): Min: 0.0, Avg: 0.6, Max: 1.0, Diff: 1.0, Sum: 4.7]
      [Update RS (ms): Min: 4.3, Avg: 5.8, Max: 6.7, Diff: 2.4, Sum: 46.5]
         [Processed Buffers: Min: 1, Avg: 3.5, Max: 5, Diff: 4, Sum: 28]
      [Scan RS (ms): Min: 5.9, Avg: 6.4, Max: 7.0, Diff: 1.0, Sum: 50.9]
      [Object Copy (ms): Min: 31.2, Avg: 31.7, Max: 34.5, Diff: 3.3, Sum: 253.6]
      [Termination (ms): Min: 0.0, Avg: 0.1, Max: 0.1, Diff: 0.1, Sum: 0.4]
      [GC Worker Other (ms): Min: 0.0, Avg: 0.0, Max: 0.0, Diff: 0.0, Sum: 0.2]
      [GC Worker Total (ms): Min: 42.8, Avg: 44.5, Max: 45.0, Diff: 2.2, Sum: 356.3]
      [GC Worker End (ms): Min: 160694.0, Avg: 160694.0, Max: 160694.0, Diff: 0.0]
   [Code Root Fixup: 0.0 ms]
   [Clear CT: 0.2 ms]
   [Other: 8.7 ms]
      [Choose CSet: 0.0 ms]
      [Ref Proc: 0.1 ms]
      [Ref Enq: 0.0 ms]
      [Free CSet: 0.4 ms]
   [Eden: 19.0M(51.0M)->0.0B(51.0M) Survivors: 0.0B->0.0B Heap: 1023.4M(1024.0M)->1023.4M(1024.0M)]
 [Times: user=0.20 sys=0.04, real=0.05 secs] 
160.703: [GC pause (G1 Evacuation Pause) (young) (initial-mark), 0.0437730 secs]
   [Parallel Time: 43.4 ms, GC Workers: 8]
      [GC Worker Start (ms): Min: 160702.8, Avg: 160703.1, Max: 160703.9, Diff: 1.1]
      [Ext Root Scanning (ms): Min: 0.0, Avg: 0.7, Max: 1.4, Diff: 1.4, Sum: 5.5]
      [Update RS (ms): Min: 41.7, Avg: 42.0, Max: 42.3, Diff: 0.5, Sum: 336.4]
         [Processed Buffers: Min: 74, Avg: 99.9, Max: 126, Diff: 52, Sum: 799]
      [Scan RS (ms): Min: 0.0, Avg: 0.0, Max: 0.0, Diff: 0.0, Sum: 0.0]
      [Object Copy (ms): Min: 0.0, Avg: 0.2, Max: 0.4, Diff: 0.4, Sum: 1.3]
      [Termination (ms): Min: 0.0, Avg: 0.2, Max: 0.2, Diff: 0.2, Sum: 1.5]
      [GC Worker Other (ms): Min: 0.0, Avg: 0.0, Max: 0.0, Diff: 0.0, Sum: 0.2]
      [GC Worker Total (ms): Min: 42.3, Avg: 43.1, Max: 43.4, Diff: 1.1, Sum: 344.8]
      [GC Worker End (ms): Min: 160746.2, Avg: 160746.2, Max: 160746.2, Diff: 0.0]
   [Code Root Fixup: 0.0 ms]
   [Clear CT: 0.1 ms]
   [Other: 0.2 ms]
      [Choose CSet: 0.0 ms]
      [Ref Proc: 0.1 ms]
      [Ref Enq: 0.0 ms]
      [Free CSet: 0.0 ms]
   [Eden: 0.0B(51.0M)->0.0B(51.0M) Survivors: 0.0B->0.0B Heap: 1023.4M(1024.0M)->1023.4M(1024.0M)]
 [Times: user=0.32 sys=0.00, real=0.05 secs] 
160.747: [GC concurrent-root-region-scan-start]
160.747: [GC concurrent-root-region-scan-end, 0.0000150 secs]
160.747: [GC concurrent-mark-start]
160.747: [Full GC (Allocation Failure) 1023M->1006M(1024M), 4.3607410 secs]
   [Eden: 0.0B(51.0M)->0.0B(51.0M) Survivors: 0.0B->0.0B Heap: 1023.4M(1024.0M)->1006.9M(1024.0M)]
 [Times: user=7.89 sys=0.03, real=4.36 secs] 
165.108: [GC concurrent-mark-abort]
165.153: [GC pause (G1 Evacuation Pause) (young) (to-space exhausted), 0.0391750 secs]
   [Parallel Time: 32.7 ms, GC Workers: 8]
      [GC Worker Start (ms): Min: 165153.1, Avg: 165153.2, Max: 165153.3, Diff: 0.2]
      [Ext Root Scanning (ms): Min: 0.1, Avg: 0.5, Max: 1.4, Diff: 1.3, Sum: 3.7]
      [Update RS (ms): Min: 2.8, Avg: 4.1, Max: 4.7, Diff: 1.9, Sum: 32.4]
         [Processed Buffers: Min: 2, Avg: 3.6, Max: 5, Diff: 3, Sum: 29]
      [Scan RS (ms): Min: 3.6, Avg: 4.0, Max: 4.2, Diff: 0.6, Sum: 31.7]
      [Object Copy (ms): Min: 22.9, Avg: 24.1, Max: 25.5, Diff: 2.6, Sum: 192.6]
      [Termination (ms): Min: 0.0, Avg: 0.1, Max: 0.1, Diff: 0.1, Sum: 0.5]
      [GC Worker Other (ms): Min: 0.0, Avg: 0.0, Max: 0.0, Diff: 0.0, Sum: 0.1]
      [GC Worker Total (ms): Min: 32.5, Avg: 32.6, Max: 32.7, Diff: 0.2, Sum: 260.9]
      [GC Worker End (ms): Min: 165185.8, Avg: 165185.8, Max: 165185.8, Diff: 0.0]
   [Code Root Fixup: 0.0 ms]
   [Clear CT: 0.2 ms]
   [Other: 6.2 ms]
      [Choose CSet: 0.0 ms]
      [Ref Proc: 0.1 ms]
      [Ref Enq: 0.0 ms]
      [Free CSet: 0.2 ms]
   [Eden: 16.0M(51.0M)->0.0B(51.0M) Survivors: 0.0B->0.0B Heap: 1022.9M(1024.0M)->1021.9M(1024.0M)]
 [Times: user=0.14 sys=0.03, real=0.04 secs] 
165.206: [GC pause (G1 Evacuation Pause) (young) (initial-mark) (to-space exhausted), 0.0208670 secs]
   [Parallel Time: 19.0 ms, GC Workers: 8]
      [GC Worker Start (ms): Min: 165205.9, Avg: 165206.4, Max: 165207.1, Diff: 1.2]
      [Ext Root Scanning (ms): Min: 0.0, Avg: 0.5, Max: 0.8, Diff: 0.8, Sum: 3.6]
      [Update RS (ms): Min: 14.7, Avg: 15.2, Max: 15.8, Diff: 1.1, Sum: 121.2]
         [Processed Buffers: Min: 23, Avg: 41.0, Max: 52, Diff: 29, Sum: 328]
      [Scan RS (ms): Min: 0.0, Avg: 0.0, Max: 0.1, Diff: 0.1, Sum: 0.2]
      [Object Copy (ms): Min: 2.0, Avg: 2.8, Max: 3.2, Diff: 1.3, Sum: 22.5]
      [Termination (ms): Min: 0.0, Avg: 0.1, Max: 0.1, Diff: 0.1, Sum: 0.5]
      [GC Worker Other (ms): Min: 0.0, Avg: 0.0, Max: 0.0, Diff: 0.0, Sum: 0.2]
      [GC Worker Total (ms): Min: 17.8, Avg: 18.5, Max: 19.0, Diff: 1.2, Sum: 148.2]
      [GC Worker End (ms): Min: 165224.9, Avg: 165224.9, Max: 165224.9, Diff: 0.0]
   [Code Root Fixup: 0.0 ms]
   [Clear CT: 0.1 ms]
   [Other: 1.8 ms]
      [Choose CSet: 0.0 ms]
      [Ref Proc: 0.1 ms]
      [Ref Enq: 0.0 ms]
      [Free CSet: 0.0 ms]
   [Eden: 1024.0K(51.0M)->0.0B(51.0M) Survivors: 0.0B->0.0B Heap: 1022.9M(1024.0M)->1022.9M(1024.0M)]
 [Times: user=0.13 sys=0.00, real=0.02 secs] 
165.227: [GC concurrent-root-region-scan-start]
165.227: [GC concurrent-root-region-scan-end, 0.0000050 secs]
165.227: [GC concurrent-mark-start]
165.227: [GC pause (G1 Evacuation Pause) (young), 0.0052050 secs]
   [Parallel Time: 4.9 ms, GC Workers: 8]
      [GC Worker Start (ms): Min: 165227.0, Avg: 165227.2, Max: 165228.1, Diff: 1.1]
      [Ext Root Scanning (ms): Min: 0.0, Avg: 0.5, Max: 0.8, Diff: 0.8, Sum: 4.0]
      [SATB Filtering (ms): Min: 0.0, Avg: 0.0, Max: 0.0, Diff: 0.0, Sum: 0.0]
      [Update RS (ms): Min: 3.2, Avg: 3.7, Max: 4.0, Diff: 0.8, Sum: 29.3]
         [Processed Buffers: Min: 5, Avg: 8.4, Max: 16, Diff: 11, Sum: 67]
      [Scan RS (ms): Min: 0.0, Avg: 0.0, Max: 0.0, Diff: 0.0, Sum: 0.0]
      [Object Copy (ms): Min: 0.0, Avg: 0.0, Max: 0.1, Diff: 0.1, Sum: 0.4]
      [Termination (ms): Min: 0.0, Avg: 0.4, Max: 0.5, Diff: 0.5, Sum: 2.9]
      [GC Worker Other (ms): Min: 0.0, Avg: 0.0, Max: 0.0, Diff: 0.0, Sum: 0.1]
      [GC Worker Total (ms): Min: 3.8, Avg: 4.6, Max: 4.9, Diff: 1.1, Sum: 36.6]
      [GC Worker End (ms): Min: 165231.8, Avg: 165231.8, Max: 165231.8, Diff: 0.0]
   [Code Root Fixup: 0.0 ms]
   [Clear CT: 0.1 ms]
   [Other: 0.2 ms]
      [Choose CSet: 0.0 ms]
      [Ref Proc: 0.2 ms]
      [Ref Enq: 0.0 ms]
      [Free CSet: 0.0 ms]
   [Eden: 0.0B(51.0M)->0.0B(51.0M) Survivors: 0.0B->0.0B Heap: 1022.9M(1024.0M)->1022.9M(1024.0M)]
 [Times: user=0.04 sys=0.00, real=0.00 secs] 
165.232: [Full GC (Allocation Failure) 1022M->1008M(1024M), 4.3651770 secs]
   [Eden: 0.0B(51.0M)->0.0B(51.0M) Survivors: 0.0B->0.0B Heap: 1022.9M(1024.0M)->1008.5M(1024.0M)]
 [Times: user=7.89 sys=0.03, real=4.37 secs] 
169.598: [GC concurrent-mark-abort]
169.643: [GC pause (G1 Evacuation Pause) (young) (to-space exhausted), 0.0525290 secs]
   [Parallel Time: 43.9 ms, GC Workers: 8]
      [GC Worker Start (ms): Min: 169643.7, Avg: 169643.8, Max: 169643.8, Diff: 0.1]
      [Ext Root Scanning (ms): Min: 0.7, Avg: 0.8, Max: 1.1, Diff: 0.5, Sum: 6.5]
      [Update RS (ms): Min: 2.9, Avg: 5.8, Max: 7.6, Diff: 4.7, Sum: 46.6]
         [Processed Buffers: Min: 2, Avg: 4.6, Max: 8, Diff: 6, Sum: 37]
      [Scan RS (ms): Min: 5.0, Avg: 5.9, Max: 6.4, Diff: 1.4, Sum: 46.9]
      [Object Copy (ms): Min: 30.1, Avg: 31.2, Max: 34.0, Diff: 3.9, Sum: 249.5]
      [Termination (ms): Min: 0.0, Avg: 0.1, Max: 0.2, Diff: 0.2, Sum: 0.8]
      [GC Worker Other (ms): Min: 0.0, Avg: 0.0, Max: 0.0, Diff: 0.0, Sum: 0.1]
      [GC Worker Total (ms): Min: 43.8, Avg: 43.8, Max: 43.9, Diff: 0.1, Sum: 350.5]
      [GC Worker End (ms): Min: 169687.6, Avg: 169687.6, Max: 169687.6, Diff: 0.0]
   [Code Root Fixup: 0.0 ms]
   [Clear CT: 0.2 ms]
   [Other: 8.4 ms]
      [Choose CSet: 0.0 ms]
      [Ref Proc: 0.1 ms]
      [Ref Enq: 0.0 ms]
      [Free CSet: 0.3 ms]
   [Eden: 14.0M(51.0M)->0.0B(51.0M) Survivors: 0.0B->0.0B Heap: 1022.5M(1024.0M)->1022.5M(1024.0M)]
 [Times: user=0.19 sys=0.04, real=0.05 secs] 
169.696: [GC pause (G1 Evacuation Pause) (young) (initial-mark), 0.0424150 secs]
   [Parallel Time: 42.1 ms, GC Workers: 8]
      [GC Worker Start (ms): Min: 169695.9, Avg: 169697.1, Max: 169699.5, Diff: 3.6]
      [Ext Root Scanning (ms): Min: 0.0, Avg: 0.5, Max: 0.8, Diff: 0.8, Sum: 3.7]
      [Update RS (ms): Min: 38.3, Avg: 40.1, Max: 41.0, Diff: 2.7, Sum: 320.6]
         [Processed Buffers: Min: 69, Avg: 91.2, Max: 120, Diff: 51, Sum: 730]
      [Scan RS (ms): Min: 0.0, Avg: 0.0, Max: 0.0, Diff: 0.0, Sum: 0.0]
      [Object Copy (ms): Min: 0.0, Avg: 0.1, Max: 0.3, Diff: 0.3, Sum: 1.2]
      [Termination (ms): Min: 0.0, Avg: 0.1, Max: 0.1, Diff: 0.1, Sum: 0.6]
      [GC Worker Other (ms): Min: 0.0, Avg: 0.0, Max: 0.0, Diff: 0.0, Sum: 0.1]
      [GC Worker Total (ms): Min: 38.4, Avg: 40.8, Max: 42.0, Diff: 3.6, Sum: 326.2]
      [GC Worker End (ms): Min: 169737.9, Avg: 169737.9, Max: 169737.9, Diff: 0.0]
   [Code Root Fixup: 0.0 ms]
   [Clear CT: 0.1 ms]
   [Other: 0.3 ms]
      [Choose CSet: 0.0 ms]
      [Ref Proc: 0.2 ms]
      [Ref Enq: 0.0 ms]
      [Free CSet: 0.0 ms]
   [Eden: 0.0B(51.0M)->0.0B(51.0M) Survivors: 0.0B->0.0B Heap: 1022.5M(1024.0M)->1022.5M(1024.0M)]
 [Times: user=0.28 sys=0.00, real=0.04 secs] 
169.738: [GC concurrent-root-region-scan-start]
169.738: [GC concurrent-root-region-scan-end, 0.0000040 secs]
169.738: [GC concurrent-mark-start]
169.738: [Full GC (Allocation Failure) 1022M->1010M(1024M), 4.4438080 secs]
   [Eden: 0.0B(51.0M)->0.0B(51.0M) Survivors: 0.0B->0.0B Heap: 1022.5M(1024.0M)->1011.0M(1024.0M)]
 [Times: user=8.04 sys=0.03, real=4.44 secs] 
174.182: [GC concurrent-mark-abort]
174.212: [GC pause (G1 Evacuation Pause) (young) (to-space exhausted), 0.0322610 secs]
   [Parallel Time: 26.9 ms, GC Workers: 8]
      [GC Worker Start (ms): Min: 174213.0, Avg: 174215.1, Max: 174220.6, Diff: 7.7]
      [Ext Root Scanning (ms): Min: 0.0, Avg: 0.5, Max: 0.9, Diff: 0.9, Sum: 4.0]
      [Update RS (ms): Min: 0.0, Avg: 2.2, Max: 4.0, Diff: 4.0, Sum: 17.4]
         [Processed Buffers: Min: 0, Avg: 2.5, Max: 5, Diff: 5, Sum: 20]
      [Scan RS (ms): Min: 0.0, Avg: 2.9, Max: 4.0, Diff: 4.0, Sum: 23.3]
      [Object Copy (ms): Min: 18.9, Avg: 19.1, Max: 19.2, Diff: 0.3, Sum: 152.7]
      [Termination (ms): Min: 0.0, Avg: 0.1, Max: 0.1, Diff: 0.1, Sum: 0.5]
      [GC Worker Other (ms): Min: 0.0, Avg: 0.0, Max: 0.0, Diff: 0.0, Sum: 0.1]
      [GC Worker Total (ms): Min: 19.2, Avg: 24.7, Max: 26.8, Diff: 7.7, Sum: 197.9]
      [GC Worker End (ms): Min: 174239.8, Avg: 174239.8, Max: 174239.8, Diff: 0.0]
   [Code Root Fixup: 0.0 ms]
   [Clear CT: 0.2 ms]
   [Other: 5.2 ms]
      [Choose CSet: 0.0 ms]
      [Ref Proc: 0.1 ms]
      [Ref Enq: 0.0 ms]
      [Free CSet: 0.2 ms]
   [Eden: 12.0M(51.0M)->0.0B(51.0M) Survivors: 0.0B->0.0B Heap: 1023.0M(1024.0M)->1023.0M(1024.0M)]
 [Times: user=0.10 sys=0.02, real=0.04 secs] 
174.245: [GC pause (G1 Evacuation Pause) (young) (initial-mark), 0.0199920 secs]
   [Parallel Time: 19.7 ms, GC Workers: 8]
      [GC Worker Start (ms): Min: 174244.9, Avg: 174245.7, Max: 174249.0, Diff: 4.1]
      [Ext Root Scanning (ms): Min: 0.0, Avg: 0.5, Max: 0.8, Diff: 0.8, Sum: 3.8]
      [Update RS (ms): Min: 15.3, Avg: 17.8, Max: 18.6, Diff: 3.3, Sum: 142.6]
         [Processed Buffers: Min: 32, Avg: 44.1, Max: 59, Diff: 27, Sum: 353]
      [Scan RS (ms): Min: 0.0, Avg: 0.0, Max: 0.0, Diff: 0.0, Sum: 0.0]
      [Object Copy (ms): Min: 0.0, Avg: 0.1, Max: 0.2, Diff: 0.2, Sum: 1.1]
      [Termination (ms): Min: 0.0, Avg: 0.4, Max: 0.7, Diff: 0.7, Sum: 3.1]
      [GC Worker Other (ms): Min: 0.0, Avg: 0.0, Max: 0.0, Diff: 0.0, Sum: 0.1]
      [GC Worker Total (ms): Min: 15.6, Avg: 18.8, Max: 19.6, Diff: 4.1, Sum: 150.7]
      [GC Worker End (ms): Min: 174264.5, Avg: 174264.5, Max: 174264.6, Diff: 0.0]
   [Code Root Fixup: 0.0 ms]
   [Clear CT: 0.1 ms]
   [Other: 0.2 ms]
      [Choose CSet: 0.0 ms]
      [Ref Proc: 0.1 ms]
      [Ref Enq: 0.0 ms]
      [Free CSet: 0.0 ms]
   [Eden: 0.0B(51.0M)->0.0B(51.0M) Survivors: 0.0B->0.0B Heap: 1023.0M(1024.0M)->1023.0M(1024.0M)]
 [Times: user=0.15 sys=0.00, real=0.02 secs] 
174.265: [GC concurrent-root-region-scan-start]
174.265: [GC concurrent-root-region-scan-end, 0.0000050 secs]
174.265: [GC concurrent-mark-start]
174.265: [Full GC (Allocation Failure) 1022M->1011M(1024M), 4.3921970 secs]
   [Eden: 0.0B(51.0M)->0.0B(51.0M) Survivors: 0.0B->0.0B Heap: 1023.0M(1024.0M)->1011.9M(1024.0M)]
 [Times: user=7.94 sys=0.03, real=4.39 secs] 
178.657: [GC concurrent-mark-abort]
178.697: [GC pause (G1 Evacuation Pause) (young) (to-space exhausted), 0.0347070 secs]
   [Parallel Time: 28.3 ms, GC Workers: 8]
      [GC Worker Start (ms): Min: 178697.9, Avg: 178698.5, Max: 178700.0, Diff: 2.0]
      [Ext Root Scanning (ms): Min: 0.0, Avg: 0.6, Max: 1.2, Diff: 1.2, Sum: 4.8]
      [Update RS (ms): Min: 2.6, Avg: 4.9, Max: 6.2, Diff: 3.6, Sum: 39.0]
         [Processed Buffers: Min: 3, Avg: 4.1, Max: 5, Diff: 2, Sum: 33]
      [Scan RS (ms): Min: 2.7, Avg: 3.6, Max: 4.0, Diff: 1.3, Sum: 28.7]
      [Object Copy (ms): Min: 18.1, Avg: 18.5, Max: 21.4, Diff: 3.3, Sum: 148.3]
      [Termination (ms): Min: 0.0, Avg: 0.1, Max: 0.1, Diff: 0.1, Sum: 0.5]
      [GC Worker Other (ms): Min: 0.0, Avg: 0.0, Max: 0.0, Diff: 0.0, Sum: 0.1]
      [GC Worker Total (ms): Min: 26.2, Avg: 27.7, Max: 28.2, Diff: 2.0, Sum: 221.4]
      [GC Worker End (ms): Min: 178726.1, Avg: 178726.2, Max: 178726.2, Diff: 0.0]
   [Code Root Fixup: 0.0 ms]
   [Clear CT: 0.2 ms]
   [Other: 6.2 ms]
      [Choose CSet: 0.0 ms]
      [Ref Proc: 0.1 ms]
      [Ref Enq: 0.0 ms]
      [Free CSet: 0.3 ms]
   [Eden: 11.0M(51.0M)->0.0B(51.0M) Survivors: 0.0B->0.0B Heap: 1022.9M(1024.0M)->1022.9M(1024.0M)]
 [Times: user=0.14 sys=0.03, real=0.03 secs] 
178.732: [GC pause (G1 Evacuation Pause) (young) (initial-mark), 0.0261540 secs]
   [Parallel Time: 25.8 ms, GC Workers: 8]
      [GC Worker Start (ms): Min: 178732.4, Avg: 178733.5, Max: 178739.4, Diff: 7.0]
      [Ext Root Scanning (ms): Min: 0.0, Avg: 0.5, Max: 0.7, Diff: 0.7, Sum: 4.0]
      [Update RS (ms): Min: 18.7, Avg: 24.0, Max: 24.9, Diff: 6.2, Sum: 191.9]
         [Processed Buffers: Min: 45, Avg: 61.1, Max: 78, Diff: 33, Sum: 489]
      [Scan RS (ms): Min: 0.0, Avg: 0.0, Max: 0.0, Diff: 0.0, Sum: 0.0]
      [Object Copy (ms): Min: 0.0, Avg: 0.2, Max: 0.2, Diff: 0.2, Sum: 1.2]
      [Termination (ms): Min: 0.0, Avg: 0.0, Max: 0.1, Diff: 0.1, Sum: 0.3]
      [GC Worker Other (ms): Min: 0.0, Avg: 0.0, Max: 0.0, Diff: 0.0, Sum: 0.1]
      [GC Worker Total (ms): Min: 18.8, Avg: 24.7, Max: 25.8, Diff: 7.0, Sum: 197.5]
      [GC Worker End (ms): Min: 178758.2, Avg: 178758.2, Max: 178758.2, Diff: 0.0]
   [Code Root Fixup: 0.0 ms]
   [Clear CT: 0.1 ms]
   [Other: 0.2 ms]
      [Choose CSet: 0.0 ms]
      [Ref Proc: 0.2 ms]
      [Ref Enq: 0.0 ms]
      [Free CSet: 0.0 ms]
   [Eden: 0.0B(51.0M)->0.0B(51.0M) Survivors: 0.0B->0.0B Heap: 1022.9M(1024.0M)->1022.9M(1024.0M)]
 [Times: user=0.19 sys=0.00, real=0.03 secs] 
178.759: [GC concurrent-root-region-scan-start]
178.759: [GC concurrent-root-region-scan-end, 0.0000050 secs]
178.759: [GC concurrent-mark-start]
178.759: [Full GC (Allocation Failure) 1022M->1013M(1024M), 4.4821340 secs]
   [Eden: 0.0B(51.0M)->0.0B(51.0M) Survivors: 0.0B->0.0B Heap: 1022.9M(1024.0M)->1013.3M(1024.0M)]
 [Times: user=8.07 sys=0.03, real=4.48 secs] 
183.241: [GC concurrent-mark-abort]
183.244: [Full GC (System.gc()) 1014M->1013M(1024M), 4.2949140 secs]
   [Eden: 2048.0K(51.0M)->0.0B(51.0M) Survivors: 0.0B->0.0B Heap: 1014.5M(1024.0M)->1013.4M(1024.0M)]
 [Times: user=7.85 sys=0.03, real=4.29 secs] 
Heap
 garbage-first heap   total 1048576K, used 1044931K [0x00000007bae00000, 0x00000007fae00000, 0x00000007fae00000)
  region size 1024K, 8 young (8192K), 0 survivors (0K)
 compacting perm gen  total 20480K, used 10533K [0x00000007fae00000, 0x00000007fc200000, 0x0000000800000000)
   the space 20480K,  51% used [0x00000007fae00000, 0x00000007fb8497e0, 0x00000007fb849800, 0x00000007fc200000)
No shared spaces configured.
