Java HotSpot(TM) 64-Bit Server VM (25.20-b23) for bsd-amd64 JRE (1.8.0_20-b26), built on Jul 30 2014 13:37:47 by "java_re" with gcc 4.2.1 (Based on Apple Inc. build 5658) (LLVM build 2336.9.00)
Memory: 4k page, physical 16777216k(599444k free)

/proc/meminfo:

CommandLine flags: -XX:InitialHeapSize=268435456 -XX:MaxHeapSize=1073741824 -XX:+PrintGC -XX:+PrintGCApplicationStoppedTime -XX:+PrintGCCause -XX:+PrintGCDetails -XX:+PrintGCTimeStamps -XX:+PrintTenuringDistribution -XX:+UseAdaptiveSizePolicy -XX:+UseCompressedClassPointers -XX:+UseCompressedOops -XX:+UseParallelGC -XX:+UseParallelOldGC 
0.158: [GC (Allocation Failure) 
Desired survivor size 11010048 bytes, new threshold 7 (max 15)
[PSYoungGen: 65536K->10720K(76288K)] 65536K->57485K(251392K), 0.0273442 secs] [Times: user=0.02 sys=0.13, real=0.03 secs] 
0.186: Total time for which application threads were stopped: 0.0274941 seconds
0.196: [GC (Allocation Failure) 
Desired survivor size 11010048 bytes, new threshold 7 (max 15)
[PSYoungGen: 76256K->10736K(141824K)] 123021K->130751K(316928K), 0.0352170 secs] [Times: user=0.03 sys=0.19, real=0.03 secs] 
0.232: [Full GC (Ergonomics) [PSYoungGen: 10736K->0K(141824K)] [ParOldGen: 120015K->115085K(271872K)] 130751K->115085K(413696K), [Metaspace: 4211K->4210K(1056768K)], 0.0229614 secs] [Times: user=0.14 sys=0.00, real=0.03 secs] 
0.255: Total time for which application threads were stopped: 0.0583558 seconds
0.291: [GC (Allocation Failure) 
Desired survivor size 11010048 bytes, new threshold 7 (max 15)
[PSYoungGen: 131072K->10752K(141824K)] 246157K->260737K(413696K), 0.0635228 secs] [Times: user=0.06 sys=0.33, real=0.07 secs] 
0.354: [Full GC (Ergonomics) [PSYoungGen: 10752K->0K(141824K)] [ParOldGen: 249985K->194938K(441856K)] 260737K->194938K(583680K), [Metaspace: 4211K->4211K(1056768K)], 0.0413279 secs] [Times: user=0.29 sys=0.00, real=0.04 secs] 
0.396: Total time for which application threads were stopped: 0.1050465 seconds
0.410: [GC (Allocation Failure) 
Desired survivor size 11010048 bytes, new threshold 7 (max 15)
[PSYoungGen: 131072K->10752K(236032K)] 326010K->343439K(677888K), 0.0509503 secs] [Times: user=0.10 sys=0.23, real=0.05 secs] 
0.461: [Full GC (Ergonomics) [PSYoungGen: 10752K->0K(236032K)] [ParOldGen: 332687K->194938K(489984K)] 343439K->194938K(726016K), [Metaspace: 4211K->4211K(1056768K)], 0.0436103 secs] [Times: user=0.27 sys=0.00, real=0.05 secs] 
0.504: Total time for which application threads were stopped: 0.0947391 seconds
0.553: [GC (Allocation Failure) 
Desired survivor size 119013376 bytes, new threshold 6 (max 15)
[PSYoungGen: 225280K->10752K(251904K)] 420218K->415028K(741888K), 0.0543241 secs] [Times: user=0.15 sys=0.20, real=0.06 secs] 
0.607: [Full GC (Ergonomics) [PSYoungGen: 10752K->0K(251904K)] [ParOldGen: 404276K->194938K(577536K)] 415028K->194938K(829440K), [Metaspace: 4211K->4211K(1056768K)], 0.0433723 secs] [Times: user=0.28 sys=0.00, real=0.04 secs] 
0.651: Total time for which application threads were stopped: 0.0979706 seconds
0.678: [GC (Allocation Failure) 
Desired survivor size 119013376 bytes, new threshold 5 (max 15)
[PSYoungGen: 241152K->97280K(214016K)] 436090K->407868K(791552K), 0.0508122 secs] [Times: user=0.14 sys=0.19, real=0.05 secs] 
0.729: Total time for which application threads were stopped: 0.0509308 seconds
0.739: [GC (Allocation Failure) 
Desired survivor size 119013376 bytes, new threshold 4 (max 15)
[PSYoungGen: 214016K->116224K(232960K)] 524604K->520801K(810496K), 0.0314697 secs] [Times: user=0.23 sys=0.00, real=0.03 secs] 
0.771: [Full GC (Ergonomics) [PSYoungGen: 116224K->0K(232960K)] [ParOldGen: 404577K->194938K(572416K)] 520801K->194938K(805376K), [Metaspace: 4211K->4211K(1056768K)], 0.0428029 secs] [Times: user=0.26 sys=0.01, real=0.05 secs] 
0.814: Total time for which application threads were stopped: 0.0744792 seconds
0.825: [GC (Allocation Failure) 
Desired survivor size 119013376 bytes, new threshold 3 (max 15)
[PSYoungGen: 116736K->116224K(232960K)] 311674K->318709K(805376K), 0.0166496 secs] [Times: user=0.11 sys=0.00, real=0.01 secs] 
0.842: Total time for which application threads were stopped: 0.0167836 seconds
0.851: [GC (Allocation Failure) 
Desired survivor size 119013376 bytes, new threshold 2 (max 15)
[PSYoungGen: 232960K->116224K(232960K)] 435445K->406317K(805376K), 0.0298219 secs] [Times: user=0.21 sys=0.00, real=0.03 secs] 
0.881: Total time for which application threads were stopped: 0.0299464 seconds
0.890: [GC (Allocation Failure) 
Desired survivor size 119013376 bytes, new threshold 1 (max 15)
[PSYoungGen: 232960K->116224K(232960K)] 523053K->468820K(805376K), 0.0273924 secs] [Times: user=0.21 sys=0.00, real=0.03 secs] 
0.918: Total time for which application threads were stopped: 0.0275164 seconds
0.927: [GC (Allocation Failure) 
Desired survivor size 119013376 bytes, new threshold 1 (max 15)
[PSYoungGen: 232960K->116224K(232960K)] 585556K->512133K(805376K), 0.0226833 secs] [Times: user=0.14 sys=0.00, real=0.02 secs] 
0.950: [Full GC (Ergonomics) [PSYoungGen: 116224K->0K(232960K)] [ParOldGen: 395909K->194938K(586752K)] 512133K->194938K(819712K), [Metaspace: 4211K->4211K(1056768K)], 0.0392952 secs] [Times: user=0.26 sys=0.00, real=0.04 secs] 
0.989: Total time for which application threads were stopped: 0.0621763 seconds
1.000: [GC (Allocation Failure) 
Desired survivor size 119013376 bytes, new threshold 1 (max 15)
[PSYoungGen: 116736K->116224K(232960K)] 311674K->318788K(819712K), 0.0170015 secs] [Times: user=0.12 sys=0.01, real=0.02 secs] 
1.017: Total time for which application threads were stopped: 0.0171247 seconds
1.027: [GC (Allocation Failure) 
Desired survivor size 119013376 bytes, new threshold 1 (max 15)
[PSYoungGen: 232960K->116224K(232960K)] 435524K->406480K(819712K), 0.0302155 secs] [Times: user=0.21 sys=0.00, real=0.03 secs] 
1.057: Total time for which application threads were stopped: 0.0303384 seconds
1.067: [GC (Allocation Failure) 
Desired survivor size 119013376 bytes, new threshold 1 (max 15)
[PSYoungGen: 232960K->116224K(232960K)] 523216K->493835K(819712K), 0.0297707 secs] [Times: user=0.22 sys=0.00, real=0.03 secs] 
1.097: Total time for which application threads were stopped: 0.0298866 seconds
1.106: [GC (Allocation Failure) 
Desired survivor size 119013376 bytes, new threshold 1 (max 15)
[PSYoungGen: 232960K->116224K(232960K)] 610571K->581588K(819712K), 0.0485326 secs] [Times: user=0.18 sys=0.14, real=0.05 secs] 
1.154: [Full GC (Ergonomics) [PSYoungGen: 116224K->0K(232960K)] [ParOldGen: 465364K->194938K(575488K)] 581588K->194938K(808448K), [Metaspace: 4211K->4211K(1056768K)], 0.0449697 secs] [Times: user=0.29 sys=0.00, real=0.04 secs] 
1.199: Total time for which application threads were stopped: 0.0937350 seconds
1.209: [GC (Allocation Failure) 
Desired survivor size 119013376 bytes, new threshold 1 (max 15)
[PSYoungGen: 116736K->116224K(232960K)] 311674K->318602K(808448K), 0.0163736 secs] [Times: user=0.12 sys=0.00, real=0.02 secs] 
1.225: Total time for which application threads were stopped: 0.0164820 seconds
1.234: [GC (Allocation Failure) 
Desired survivor size 119013376 bytes, new threshold 1 (max 15)
[PSYoungGen: 232960K->116224K(232960K)] 435338K->413895K(808448K), 0.0320581 secs] [Times: user=0.24 sys=0.00, real=0.03 secs] 
1.266: Total time for which application threads were stopped: 0.0321768 seconds
1.277: [GC (Allocation Failure) 
Desired survivor size 119013376 bytes, new threshold 1 (max 15)
[PSYoungGen: 232960K->116224K(232960K)] 530631K->501458K(808448K), 0.0299611 secs] [Times: user=0.21 sys=0.00, real=0.03 secs] 
1.307: Total time for which application threads were stopped: 0.0300881 seconds
1.318: [GC (Allocation Failure) 
Desired survivor size 119013376 bytes, new threshold 1 (max 15)
[PSYoungGen: 232960K->116224K(232960K)] 618194K->589366K(808448K), 0.0315240 secs] [Times: user=0.20 sys=0.02, real=0.03 secs] 
1.349: [Full GC (Ergonomics) [PSYoungGen: 116224K->0K(232960K)] [ParOldGen: 473142K->194938K(579072K)] 589366K->194938K(812032K), [Metaspace: 4211K->4211K(1056768K)], 0.0444195 secs] [Times: user=0.30 sys=0.00, real=0.05 secs] 
1.394: Total time for which application threads were stopped: 0.0761801 seconds
1.403: [GC (Allocation Failure) 
Desired survivor size 119013376 bytes, new threshold 1 (max 15)
[PSYoungGen: 116736K->116224K(232960K)] 311674K->318747K(812032K), 0.0174619 secs] [Times: user=0.12 sys=0.00, real=0.02 secs] 
1.420: Total time for which application threads were stopped: 0.0175833 seconds
1.430: [GC (Allocation Failure) 
Desired survivor size 119013376 bytes, new threshold 1 (max 15)
[PSYoungGen: 232960K->116224K(232960K)] 435483K->406329K(812032K), 0.0286173 secs] [Times: user=0.19 sys=0.00, real=0.03 secs] 
1.459: Total time for which application threads were stopped: 0.0287436 seconds
1.468: [GC (Allocation Failure) 
Desired survivor size 119013376 bytes, new threshold 1 (max 15)
[PSYoungGen: 232960K->116224K(232960K)] 523065K->501642K(812032K), 0.0311179 secs] [Times: user=0.23 sys=0.00, real=0.03 secs] 
1.500: Total time for which application threads were stopped: 0.0312294 seconds
1.509: [GC (Allocation Failure) 
Desired survivor size 119013376 bytes, new threshold 1 (max 15)
[PSYoungGen: 232960K->116224K(232960K)] 618378K->589234K(812032K), 0.0301399 secs] [Times: user=0.20 sys=0.00, real=0.03 secs] 
1.539: [Full GC (Ergonomics) [PSYoungGen: 116224K->0K(232960K)] [ParOldGen: 473010K->194938K(587264K)] 589234K->194938K(820224K), [Metaspace: 4211K->4211K(1056768K)], 0.0404588 secs] [Times: user=0.25 sys=0.01, real=0.04 secs] 
1.580: Total time for which application threads were stopped: 0.0708005 seconds
1.590: [GC (Allocation Failure) 
Desired survivor size 119013376 bytes, new threshold 1 (max 15)
[PSYoungGen: 116736K->116224K(232960K)] 311674K->318663K(820224K), 0.0168740 secs] [Times: user=0.10 sys=0.00, real=0.02 secs] 
1.607: Total time for which application threads were stopped: 0.0169933 seconds
1.619: [GC (Allocation Failure) 
Desired survivor size 119013376 bytes, new threshold 1 (max 15)
[PSYoungGen: 232960K->110848K(232960K)] 435399K->395313K(820224K), 0.0277870 secs] [Times: user=0.19 sys=0.00, real=0.03 secs] 
1.647: Total time for which application threads were stopped: 0.0279292 seconds
1.661: [GC (Allocation Failure) 
Desired survivor size 119013376 bytes, new threshold 1 (max 15)
[PSYoungGen: 227584K->116224K(232960K)] 512049K->496085K(820224K), 0.0296148 secs] [Times: user=0.21 sys=0.00, real=0.03 secs] 
1.691: Total time for which application threads were stopped: 0.0297366 seconds
1.700: [GC (Allocation Failure) 
Desired survivor size 119013376 bytes, new threshold 1 (max 15)
[PSYoungGen: 232960K->116224K(232960K)] 612821K->583536K(820224K), 0.0312178 secs] [Times: user=0.23 sys=0.00, real=0.03 secs] 
1.732: [Full GC (Ergonomics) [PSYoungGen: 116224K->0K(232960K)] [ParOldGen: 467312K->194938K(598016K)] 583536K->194938K(830976K), [Metaspace: 4212K->4212K(1056768K)], 0.0437065 secs] [Times: user=0.29 sys=0.00, real=0.05 secs] 
1.775: Total time for which application threads were stopped: 0.0751634 seconds
1.786: [GC (Allocation Failure) 
Desired survivor size 119013376 bytes, new threshold 1 (max 15)
[PSYoungGen: 116736K->116224K(232960K)] 311674K->318749K(830976K), 0.0164056 secs] [Times: user=0.11 sys=0.00, real=0.01 secs] 
1.803: Total time for which application threads were stopped: 0.0165294 seconds
1.812: [GC (Allocation Failure) 
Desired survivor size 119013376 bytes, new threshold 1 (max 15)
[PSYoungGen: 232960K->116224K(232960K)] 435485K->413971K(830976K), 0.0340915 secs] [Times: user=0.22 sys=0.00, real=0.04 secs] 
1.846: Total time for which application threads were stopped: 0.0342127 seconds
1.856: [GC (Allocation Failure) 
Desired survivor size 119013376 bytes, new threshold 1 (max 15)
[PSYoungGen: 232960K->116224K(232960K)] 530707K->501549K(830976K), 0.0298114 secs] [Times: user=0.21 sys=0.01, real=0.03 secs] 
1.886: Total time for which application threads were stopped: 0.0299806 seconds
1.897: [GC (Allocation Failure) 
Desired survivor size 119013376 bytes, new threshold 1 (max 15)
[PSYoungGen: 232960K->116224K(232960K)] 618285K->589186K(830976K), 0.0285951 secs] [Times: user=0.21 sys=0.00, real=0.03 secs] 
1.926: [Full GC (Ergonomics) [PSYoungGen: 116224K->0K(232960K)] [ParOldGen: 472962K->194938K(611328K)] 589186K->194938K(844288K), [Metaspace: 4212K->4212K(1056768K)], 0.0427495 secs] [Times: user=0.30 sys=0.00, real=0.04 secs] 
1.969: Total time for which application threads were stopped: 0.0716131 seconds
1.980: [GC (Allocation Failure) 
Desired survivor size 119013376 bytes, new threshold 1 (max 15)
[PSYoungGen: 116736K->116224K(232960K)] 311674K->318706K(844288K), 0.0169232 secs] [Times: user=0.12 sys=0.00, real=0.02 secs] 
1.997: Total time for which application threads were stopped: 0.0170647 seconds
2.006: [GC (Allocation Failure) 
Desired survivor size 119013376 bytes, new threshold 1 (max 15)
[PSYoungGen: 232960K->116224K(232960K)] 435442K->406330K(844288K), 0.0288848 secs] [Times: user=0.19 sys=0.00, real=0.03 secs] 
2.035: Total time for which application threads were stopped: 0.0290157 seconds
2.044: [GC (Allocation Failure) 
Desired survivor size 119013376 bytes, new threshold 1 (max 15)
[PSYoungGen: 232960K->116224K(232960K)] 523066K->501628K(844288K), 0.0322153 secs] [Times: user=0.22 sys=0.00, real=0.03 secs] 
2.077: Total time for which application threads were stopped: 0.0323341 seconds
2.086: [GC (Allocation Failure) 
Desired survivor size 119013376 bytes, new threshold 1 (max 15)
[PSYoungGen: 232960K->116224K(232960K)] 618364K->589176K(844288K), 0.0305360 secs] [Times: user=0.23 sys=0.00, real=0.03 secs] 
2.116: [Full GC (Ergonomics) [PSYoungGen: 116224K->0K(232960K)] [ParOldGen: 472952K->194938K(626688K)] 589176K->194938K(859648K), [Metaspace: 4212K->4212K(1056768K)], 0.0439424 secs] [Times: user=0.29 sys=0.01, real=0.04 secs] 
2.160: Total time for which application threads were stopped: 0.0746619 seconds
2.171: [GC (Allocation Failure) 
Desired survivor size 119013376 bytes, new threshold 1 (max 15)
[PSYoungGen: 116736K->116224K(232960K)] 311674K->318637K(859648K), 0.0167883 secs] [Times: user=0.11 sys=0.00, real=0.02 secs] 
2.188: Total time for which application threads were stopped: 0.0169275 seconds
2.197: [GC (Allocation Failure) 
Desired survivor size 119013376 bytes, new threshold 1 (max 15)
[PSYoungGen: 232960K->116224K(232960K)] 435373K->406461K(859648K), 0.0307358 secs] [Times: user=0.23 sys=0.00, real=0.03 secs] 
2.228: Total time for which application threads were stopped: 0.0308702 seconds
2.238: [GC (Allocation Failure) 
Desired survivor size 119013376 bytes, new threshold 1 (max 15)
[PSYoungGen: 232960K->116224K(232960K)] 523197K->494029K(859648K), 0.0290679 secs] [Times: user=0.21 sys=0.00, real=0.03 secs] 
2.267: Total time for which application threads were stopped: 0.0291917 seconds
2.276: [GC (Allocation Failure) 
Desired survivor size 119013376 bytes, new threshold 1 (max 15)
[PSYoungGen: 232960K->116224K(232960K)] 610765K->589357K(859648K), 0.0322126 secs] [Times: user=0.22 sys=0.00, real=0.03 secs] 
2.309: [Full GC (Ergonomics) [PSYoungGen: 116224K->0K(232960K)] [ParOldGen: 473133K->194938K(642560K)] 589357K->194938K(875520K), [Metaspace: 4213K->4213K(1056768K)], 0.0496695 secs] [Times: user=0.35 sys=0.00, real=0.05 secs] 
2.358: Total time for which application threads were stopped: 0.0821081 seconds
2.369: [GC (Allocation Failure) 
Desired survivor size 119013376 bytes, new threshold 1 (max 15)
[PSYoungGen: 116736K->116224K(232960K)] 311674K->318731K(875520K), 0.0172854 secs] [Times: user=0.12 sys=0.00, real=0.02 secs] 
2.386: Total time for which application threads were stopped: 0.0173894 seconds
2.395: [GC (Allocation Failure) 
Desired survivor size 119013376 bytes, new threshold 1 (max 15)
[PSYoungGen: 232960K->116224K(232960K)] 435467K->406673K(875520K), 0.0294487 secs] [Times: user=0.21 sys=0.00, real=0.03 secs] 
2.425: Total time for which application threads were stopped: 0.0295959 seconds
2.434: [GC (Allocation Failure) 
Desired survivor size 119013376 bytes, new threshold 1 (max 15)
[PSYoungGen: 232960K->116224K(232960K)] 523409K->494258K(875520K), 0.0307940 secs] [Times: user=0.24 sys=0.01, real=0.03 secs] 
2.465: Total time for which application threads were stopped: 0.0309053 seconds
2.474: [GC (Allocation Failure) 
Desired survivor size 119013376 bytes, new threshold 1 (max 15)
[PSYoungGen: 232960K->116224K(232960K)] 610994K->581765K(875520K), 0.0296259 secs] [Times: user=0.22 sys=0.00, real=0.03 secs] 
2.504: Total time for which application threads were stopped: 0.0297488 seconds
2.513: [GC (Allocation Failure) 
Desired survivor size 119013376 bytes, new threshold 1 (max 15)
[PSYoungGen: 232960K->116224K(232960K)] 698501K->677133K(875520K), 0.0466680 secs] [Times: user=0.09 sys=0.21, real=0.05 secs] 
2.560: [Full GC (Ergonomics) [PSYoungGen: 116224K->0K(232960K)] [ParOldGen: 560909K->194938K(655872K)] 677133K->194938K(888832K), [Metaspace: 4213K->4213K(1056768K)], 0.0507725 secs] [Times: user=0.36 sys=0.00, real=0.05 secs] 
2.611: Total time for which application threads were stopped: 0.0976700 seconds
2.621: [GC (Allocation Failure) 
Desired survivor size 119013376 bytes, new threshold 1 (max 15)
[PSYoungGen: 116736K->116224K(232960K)] 311674K->318823K(888832K), 0.0167206 secs] [Times: user=0.12 sys=0.00, real=0.02 secs] 
2.638: Total time for which application threads were stopped: 0.0168357 seconds
2.647: [GC (Allocation Failure) 
Desired survivor size 119013376 bytes, new threshold 1 (max 15)
[PSYoungGen: 232960K->116224K(232960K)] 435559K->406369K(888832K), 0.0298408 secs] [Times: user=0.22 sys=0.00, real=0.03 secs] 
2.677: Total time for which application threads were stopped: 0.0299666 seconds
2.686: [GC (Allocation Failure) 
Desired survivor size 119013376 bytes, new threshold 1 (max 15)
[PSYoungGen: 232960K->116224K(232960K)] 523105K->494242K(888832K), 0.0306911 secs] [Times: user=0.22 sys=0.00, real=0.03 secs] 
2.717: Total time for which application threads were stopped: 0.0308056 seconds
2.727: [GC (Allocation Failure) 
Desired survivor size 119013376 bytes, new threshold 1 (max 15)
[PSYoungGen: 232960K->116224K(232960K)] 610978K->581572K(888832K), 0.0282173 secs] [Times: user=0.22 sys=0.00, real=0.03 secs] 
2.755: Total time for which application threads were stopped: 0.0283423 seconds
2.765: [GC (Allocation Failure) 
Desired survivor size 119013376 bytes, new threshold 1 (max 15)
[PSYoungGen: 232960K->116224K(232960K)] 698308K->676591K(888832K), 0.0313134 secs] [Times: user=0.24 sys=0.01, real=0.03 secs] 
2.796: [Full GC (Ergonomics) [PSYoungGen: 116224K->0K(232960K)] [ParOldGen: 560367K->194938K(669184K)] 676591K->194938K(902144K), [Metaspace: 4213K->4213K(1056768K)], 0.0440763 secs] [Times: user=0.29 sys=0.00, real=0.04 secs] 
2.840: Total time for which application threads were stopped: 0.0755750 seconds
2.851: [GC (Allocation Failure) 
Desired survivor size 119013376 bytes, new threshold 1 (max 15)
[PSYoungGen: 116736K->74464K(232960K)] 311674K->269402K(902144K), 0.0089425 secs] [Times: user=0.05 sys=0.00, real=0.01 secs] 
2.860: Total time for which application threads were stopped: 0.0090729 seconds
2.869: [GC (Allocation Failure) 
Desired survivor size 119013376 bytes, new threshold 1 (max 15)
[PSYoungGen: 191200K->116224K(232960K)] 386138K->399336K(902144K), 0.0308907 secs] [Times: user=0.23 sys=0.00, real=0.03 secs] 
2.900: Total time for which application threads were stopped: 0.0310366 seconds
2.910: [GC (Allocation Failure) 
Desired survivor size 119013376 bytes, new threshold 1 (max 15)
[PSYoungGen: 232960K->116224K(232960K)] 516072K->486640K(902144K), 0.0302792 secs] [Times: user=0.21 sys=0.00, real=0.03 secs] 
2.940: Total time for which application threads were stopped: 0.0303952 seconds
2.950: [GC (Allocation Failure) 
Desired survivor size 119013376 bytes, new threshold 1 (max 15)
[PSYoungGen: 232960K->116224K(232960K)] 603376K->574415K(902144K), 0.0300425 secs] [Times: user=0.21 sys=0.00, real=0.03 secs] 
2.980: Total time for which application threads were stopped: 0.0301599 seconds
2.989: [GC (Allocation Failure) 
Desired survivor size 119013376 bytes, new threshold 1 (max 15)
[PSYoungGen: 232960K->116224K(232960K)] 691151K->662035K(902144K), 0.0312250 secs] [Times: user=0.22 sys=0.00, real=0.03 secs] 
3.020: [Full GC (Ergonomics) [PSYoungGen: 116224K->0K(232960K)] [ParOldGen: 545811K->194938K(673280K)] 662035K->194938K(906240K), [Metaspace: 4213K->4213K(1056768K)], 0.0464032 secs] [Times: user=0.29 sys=0.00, real=0.05 secs] 
3.067: Total time for which application threads were stopped: 0.0778470 seconds
3.078: [GC (Allocation Failure) 
Desired survivor size 119013376 bytes, new threshold 1 (max 15)
[PSYoungGen: 116736K->116224K(232960K)] 311674K->318688K(906240K), 0.0171477 secs] [Times: user=0.12 sys=0.01, real=0.02 secs] 
3.095: Total time for which application threads were stopped: 0.0172662 seconds
3.104: [GC (Allocation Failure) 
Desired survivor size 119013376 bytes, new threshold 1 (max 15)
[PSYoungGen: 232960K->116224K(232960K)] 435424K->413852K(906240K), 0.0325386 secs] [Times: user=0.23 sys=0.00, real=0.03 secs] 
3.137: Total time for which application threads were stopped: 0.0326863 seconds
3.146: [GC (Allocation Failure) 
Desired survivor size 119013376 bytes, new threshold 1 (max 15)
[PSYoungGen: 232960K->116224K(232960K)] 530588K->501583K(906240K), 0.0295261 secs] [Times: user=0.22 sys=0.00, real=0.03 secs] 
3.175: Total time for which application threads were stopped: 0.0296405 seconds
3.185: [GC (Allocation Failure) 
Desired survivor size 119013376 bytes, new threshold 1 (max 15)
[PSYoungGen: 232960K->116224K(232960K)] 618319K->589225K(906240K), 0.0300121 secs] [Times: user=0.22 sys=0.00, real=0.03 secs] 
3.215: Total time for which application threads were stopped: 0.0301319 seconds
3.224: [GC (Allocation Failure) 
Desired survivor size 119013376 bytes, new threshold 1 (max 15)
[PSYoungGen: 232960K->116224K(232960K)] 705961K->676600K(906240K), 0.0311255 secs] [Times: user=0.23 sys=0.00, real=0.03 secs] 
3.255: [Full GC (Ergonomics) [PSYoungGen: 116224K->0K(232960K)] [ParOldGen: 560376K->194938K(690688K)] 676600K->194938K(923648K), [Metaspace: 4213K->4213K(1056768K)], 0.0415200 secs] [Times: user=0.27 sys=0.00, real=0.04 secs] 
3.297: Total time for which application threads were stopped: 0.0728409 seconds
3.308: [GC (Allocation Failure) 
Desired survivor size 119013376 bytes, new threshold 1 (max 15)
[PSYoungGen: 116736K->116224K(232960K)] 311674K->318656K(923648K), 0.0171934 secs] [Times: user=0.12 sys=0.00, real=0.02 secs] 
3.325: Total time for which application threads were stopped: 0.0172971 seconds
3.334: [GC (Allocation Failure) 
Desired survivor size 119013376 bytes, new threshold 1 (max 15)
[PSYoungGen: 232960K->116224K(232960K)] 435392K->413960K(923648K), 0.0320076 secs] [Times: user=0.23 sys=0.00, real=0.03 secs] 
3.366: Total time for which application threads were stopped: 0.0321272 seconds
3.376: [GC (Allocation Failure) 
Desired survivor size 119013376 bytes, new threshold 1 (max 15)
[PSYoungGen: 232960K->116224K(232960K)] 530696K->501534K(923648K), 0.0305981 secs] [Times: user=0.18 sys=0.00, real=0.03 secs] 
3.406: Total time for which application threads were stopped: 0.0307079 seconds
3.416: [GC (Allocation Failure) 
Desired survivor size 119013376 bytes, new threshold 1 (max 15)
[PSYoungGen: 232960K->116224K(232960K)] 618270K->589085K(923648K), 0.0300666 secs] [Times: user=0.23 sys=0.00, real=0.03 secs] 
3.446: Total time for which application threads were stopped: 0.0302054 seconds
3.455: [GC (Allocation Failure) 
Desired survivor size 119013376 bytes, new threshold 1 (max 15)
[PSYoungGen: 232960K->116224K(232960K)] 705821K->676663K(923648K), 0.0312249 secs] [Times: user=0.24 sys=0.01, real=0.03 secs] 
3.486: [Full GC (Ergonomics) [PSYoungGen: 116224K->0K(232960K)] [ParOldGen: 560439K->194938K(699392K)] 676663K->194938K(932352K), [Metaspace: 4213K->4213K(1056768K)], 0.0437531 secs] [Times: user=0.28 sys=0.00, real=0.04 secs] 
3.530: Total time for which application threads were stopped: 0.0752153 seconds
3.541: [GC (Allocation Failure) 
Desired survivor size 119013376 bytes, new threshold 1 (max 15)
[PSYoungGen: 116736K->116224K(232960K)] 311674K->318670K(932352K), 0.0166021 secs] [Times: user=0.11 sys=0.00, real=0.02 secs] 
3.558: Total time for which application threads were stopped: 0.0167122 seconds
3.567: [GC (Allocation Failure) 
Desired survivor size 119013376 bytes, new threshold 1 (max 15)
[PSYoungGen: 232960K->116224K(232960K)] 435406K->413768K(932352K), 0.0318139 secs] [Times: user=0.21 sys=0.00, real=0.03 secs] 
3.599: Total time for which application threads were stopped: 0.0319540 seconds
3.608: [GC (Allocation Failure) 
Desired survivor size 119013376 bytes, new threshold 1 (max 15)
[PSYoungGen: 232960K->116224K(232960K)] 530504K->501372K(932352K), 0.0304002 secs] [Times: user=0.22 sys=0.00, real=0.03 secs] 
3.639: Total time for which application threads were stopped: 0.0305478 seconds
3.649: [GC (Allocation Failure) 
Desired survivor size 119013376 bytes, new threshold 1 (max 15)
[PSYoungGen: 232960K->116224K(232960K)] 618108K->588869K(932352K), 0.0299253 secs] [Times: user=0.22 sys=0.00, real=0.03 secs] 
3.679: Total time for which application threads were stopped: 0.0300583 seconds
3.688: [GC (Allocation Failure) 
Desired survivor size 119013376 bytes, new threshold 1 (max 15)
[PSYoungGen: 232960K->116224K(232960K)] 705605K->676462K(932352K), 0.0309033 secs] [Times: user=0.23 sys=0.00, real=0.03 secs] 
3.719: [Full GC (Ergonomics) [PSYoungGen: 116224K->0K(232960K)] [ParOldGen: 560238K->194938K(699392K)] 676462K->194938K(932352K), [Metaspace: 4213K->4213K(1056768K)], 0.0450581 secs] [Times: user=0.30 sys=0.00, real=0.05 secs] 
3.764: Total time for which application threads were stopped: 0.0762384 seconds
3.774: [GC (Allocation Failure) 
Desired survivor size 119013376 bytes, new threshold 1 (max 15)
[PSYoungGen: 116736K->116224K(232960K)] 311674K->318652K(932352K), 0.0168376 secs] [Times: user=0.12 sys=0.00, real=0.01 secs] 
3.791: Total time for which application threads were stopped: 0.0169642 seconds
3.801: [GC (Allocation Failure) 
Desired survivor size 119013376 bytes, new threshold 1 (max 15)
[PSYoungGen: 232960K->116224K(232960K)] 435388K->413685K(932352K), 0.0319452 secs] [Times: user=0.24 sys=0.00, real=0.04 secs] 
3.833: Total time for which application threads were stopped: 0.0320581 seconds
3.842: [GC (Allocation Failure) 
Desired survivor size 119013376 bytes, new threshold 1 (max 15)
[PSYoungGen: 232960K->116224K(232960K)] 530421K->501285K(932352K), 0.0304673 secs] [Times: user=0.23 sys=0.00, real=0.04 secs] 
3.873: Total time for which application threads were stopped: 0.0306226 seconds
3.883: [GC (Allocation Failure) 
Desired survivor size 119013376 bytes, new threshold 1 (max 15)
[PSYoungGen: 232960K->116224K(232960K)] 618021K->588983K(932352K), 0.0293892 secs] [Times: user=0.21 sys=0.00, real=0.02 secs] 
3.912: Total time for which application threads were stopped: 0.0295169 seconds
3.922: [GC (Allocation Failure) 
Desired survivor size 119013376 bytes, new threshold 1 (max 15)
[PSYoungGen: 232960K->116224K(232960K)] 705719K->676799K(932352K), 0.0301003 secs] [Times: user=0.22 sys=0.00, real=0.03 secs] 
3.952: [Full GC (Ergonomics) [PSYoungGen: 116224K->0K(232960K)] [ParOldGen: 560575K->194938K(699392K)] 676799K->194938K(932352K), [Metaspace: 4213K->4213K(1056768K)], 0.0435362 secs] [Times: user=0.29 sys=0.00, real=0.05 secs] 
3.995: Total time for which application threads were stopped: 0.0738456 seconds
4.006: [GC (Allocation Failure) 
Desired survivor size 119013376 bytes, new threshold 1 (max 15)
[PSYoungGen: 116736K->85248K(232960K)] 311674K->280186K(932352K), 0.0111569 secs] [Times: user=0.06 sys=0.00, real=0.01 secs] 
4.017: Total time for which application threads were stopped: 0.0112713 seconds
4.026: [GC (Allocation Failure) 
Desired survivor size 119013376 bytes, new threshold 1 (max 15)
[PSYoungGen: 201984K->116224K(232960K)] 396922K->394982K(932352K), 0.0306690 secs] [Times: user=0.21 sys=0.00, real=0.03 secs] 
4.057: Total time for which application threads were stopped: 0.0307900 seconds
4.067: [GC (Allocation Failure) 
Desired survivor size 119013376 bytes, new threshold 1 (max 15)
[PSYoungGen: 232960K->116224K(232960K)] 511718K->482615K(932352K), 0.0298892 secs] [Times: user=0.21 sys=0.00, real=0.03 secs] 
4.097: Total time for which application threads were stopped: 0.0300261 seconds
4.106: [GC (Allocation Failure) 
Desired survivor size 119013376 bytes, new threshold 1 (max 15)
[PSYoungGen: 232960K->116224K(232960K)] 599351K->577837K(932352K), 0.0326241 secs] [Times: user=0.25 sys=0.00, real=0.03 secs] 
4.139: Total time for which application threads were stopped: 0.0327658 seconds
4.148: [GC (Allocation Failure) 
Desired survivor size 119013376 bytes, new threshold 1 (max 15)
[PSYoungGen: 232960K->116224K(232960K)] 694573K->665512K(932352K), 0.0306809 secs] [Times: user=0.21 sys=0.00, real=0.03 secs] 
4.179: Total time for which application threads were stopped: 0.0308087 seconds
4.189: [GC (Allocation Failure) 
Desired survivor size 119013376 bytes, new threshold 1 (max 15)
[PSYoungGen: 232960K->116224K(232960K)] 782248K->753251K(932352K), 0.0460522 secs] [Times: user=0.10 sys=0.17, real=0.05 secs] 
4.235: [Full GC (Ergonomics) [PSYoungGen: 116224K->0K(232960K)] [ParOldGen: 637027K->194938K(699392K)] 753251K->194938K(932352K), [Metaspace: 4213K->4213K(1056768K)], 0.0450463 secs] [Times: user=0.29 sys=0.01, real=0.04 secs] 
4.280: Total time for which application threads were stopped: 0.0912993 seconds
4.291: [GC (Allocation Failure) 
Desired survivor size 119013376 bytes, new threshold 1 (max 15)
[PSYoungGen: 116736K->116224K(232960K)] 311674K->318826K(932352K), 0.0174046 secs] [Times: user=0.13 sys=0.00, real=0.02 secs] 
4.308: Total time for which application threads were stopped: 0.0175436 seconds
4.318: [GC (Allocation Failure) 
Desired survivor size 119013376 bytes, new threshold 1 (max 15)
[PSYoungGen: 232960K->116224K(232960K)] 435562K->406343K(932352K), 0.0289996 secs] [Times: user=0.20 sys=0.00, real=0.03 secs] 
4.347: Total time for which application threads were stopped: 0.0291327 seconds
4.356: [GC (Allocation Failure) 
Desired survivor size 119013376 bytes, new threshold 1 (max 15)
[PSYoungGen: 232960K->116224K(232960K)] 523079K->501537K(932352K), 0.0314239 secs] [Times: user=0.23 sys=0.00, real=0.03 secs] 
4.388: Total time for which application threads were stopped: 0.0315375 seconds
4.397: [GC (Allocation Failure) 
Desired survivor size 119013376 bytes, new threshold 1 (max 15)
[PSYoungGen: 232960K->116224K(232960K)] 618273K->589008K(932352K), 0.0306310 secs] [Times: user=0.22 sys=0.00, real=0.03 secs] 
4.428: Total time for which application threads were stopped: 0.0307624 seconds
4.437: [GC (Allocation Failure) 
Desired survivor size 119013376 bytes, new threshold 1 (max 15)
[PSYoungGen: 232960K->116224K(232960K)] 705744K->676522K(932352K), 0.0302164 secs] [Times: user=0.20 sys=0.00, real=0.03 secs] 
4.468: Total time for which application threads were stopped: 0.0303430 seconds
4.477: [GC (Allocation Failure) 
Desired survivor size 119013376 bytes, new threshold 1 (max 15)
[PSYoungGen: 232960K->116224K(232960K)] 793258K->764891K(932352K), 0.0361008 secs] [Times: user=0.22 sys=0.04, real=0.04 secs] 
4.513: [Full GC (Ergonomics) [PSYoungGen: 116224K->0K(232960K)] [ParOldGen: 648667K->194938K(699392K)] 764891K->194938K(932352K), [Metaspace: 4213K->4213K(1056768K)], 0.0435727 secs] [Times: user=0.29 sys=0.00, real=0.04 secs] 
4.557: Total time for which application threads were stopped: 0.0798859 seconds
4.568: [GC (Allocation Failure) 
Desired survivor size 119013376 bytes, new threshold 1 (max 15)
[PSYoungGen: 116736K->116224K(232960K)] 311674K->318614K(932352K), 0.0171557 secs] [Times: user=0.11 sys=0.00, real=0.02 secs] 
4.585: Total time for which application threads were stopped: 0.0172676 seconds
4.594: [GC (Allocation Failure) 
Desired survivor size 119013376 bytes, new threshold 1 (max 15)
[PSYoungGen: 232960K->116224K(232960K)] 435350K->413688K(932352K), 0.0317899 secs] [Times: user=0.23 sys=0.00, real=0.03 secs] 
4.626: Total time for which application threads were stopped: 0.0318976 seconds
4.635: [GC (Allocation Failure) 
Desired survivor size 119013376 bytes, new threshold 1 (max 15)
[PSYoungGen: 232960K->116224K(232960K)] 530424K->501563K(932352K), 0.0308628 secs] [Times: user=0.22 sys=0.00, real=0.03 secs] 
4.666: Total time for which application threads were stopped: 0.0309809 seconds
4.675: [GC (Allocation Failure) 
Desired survivor size 119013376 bytes, new threshold 1 (max 15)
[PSYoungGen: 232960K->116224K(232960K)] 618299K->589079K(932352K), 0.0299892 secs] [Times: user=0.19 sys=0.00, real=0.03 secs] 
4.705: Total time for which application threads were stopped: 0.0300922 seconds
4.714: [GC (Allocation Failure) 
Desired survivor size 119013376 bytes, new threshold 1 (max 15)
[PSYoungGen: 232960K->116224K(232960K)] 705815K->682652K(932352K), 0.0317756 secs] [Times: user=0.21 sys=0.00, real=0.03 secs] 
4.746: [Full GC (Ergonomics) [PSYoungGen: 116224K->0K(232960K)] [ParOldGen: 566428K->194938K(699392K)] 682652K->194938K(932352K), [Metaspace: 4213K->4213K(1056768K)], 0.0422277 secs] [Times: user=0.26 sys=0.00, real=0.04 secs] 
4.789: Total time for which application threads were stopped: 0.0742393 seconds
4.802: [GC (Allocation Failure) 
Desired survivor size 119013376 bytes, new threshold 1 (max 15)
[PSYoungGen: 116736K->116224K(232960K)] 311674K->318757K(932352K), 0.0164443 secs] [Times: user=0.12 sys=0.00, real=0.01 secs] 
4.819: Total time for which application threads were stopped: 0.0165624 seconds
4.828: [GC (Allocation Failure) 
Desired survivor size 119013376 bytes, new threshold 1 (max 15)
[PSYoungGen: 232960K->116224K(232960K)] 435493K->414031K(932352K), 0.0320238 secs] [Times: user=0.21 sys=0.00, real=0.03 secs] 
4.860: Total time for which application threads were stopped: 0.0321381 seconds
4.869: [GC (Allocation Failure) 
Desired survivor size 119013376 bytes, new threshold 1 (max 15)
[PSYoungGen: 232960K->116224K(232960K)] 530767K->501863K(932352K), 0.0305194 secs] [Times: user=0.22 sys=0.01, real=0.03 secs] 
4.900: Total time for which application threads were stopped: 0.0306281 seconds
4.912: [GC (Allocation Failure) 
Desired survivor size 119013376 bytes, new threshold 1 (max 15)
[PSYoungGen: 232960K->116224K(232960K)] 618599K->589680K(932352K), 0.0298859 secs] [Times: user=0.22 sys=0.00, real=0.03 secs] 
4.942: Total time for which application threads were stopped: 0.0299968 seconds
4.951: [GC (Allocation Failure) 
Desired survivor size 119013376 bytes, new threshold 1 (max 15)
[PSYoungGen: 232960K->116224K(232960K)] 706416K->680208K(932352K), 0.0316083 secs] [Times: user=0.24 sys=0.00, real=0.04 secs] 
4.982: [Full GC (Ergonomics) [PSYoungGen: 116224K->0K(232960K)] [ParOldGen: 563984K->194905K(699392K)] 680208K->194905K(932352K), [Metaspace: 4213K->4213K(1056768K)], 0.0440641 secs] [Times: user=0.26 sys=0.00, real=0.04 secs] 
5.027: Total time for which application threads were stopped: 0.0758528 seconds
5.036: [GC (Allocation Failure) 
Desired survivor size 119013376 bytes, new threshold 1 (max 15)
[PSYoungGen: 116736K->116224K(232960K)] 311641K->318739K(932352K), 0.0166023 secs] [Times: user=0.12 sys=0.00, real=0.02 secs] 
5.052: Total time for which application threads were stopped: 0.0167371 seconds
5.062: [GC (Allocation Failure) 
Desired survivor size 119013376 bytes, new threshold 1 (max 15)
[PSYoungGen: 232960K->116224K(232960K)] 435475K->413861K(932352K), 0.0317350 secs] [Times: user=0.23 sys=0.00, real=0.04 secs] 
5.094: Total time for which application threads were stopped: 0.0318695 seconds
5.103: [GC (Allocation Failure) 
Desired survivor size 119013376 bytes, new threshold 1 (max 15)
[PSYoungGen: 232960K->116224K(232960K)] 530597K->501453K(932352K), 0.0308466 secs] [Times: user=0.23 sys=0.00, real=0.03 secs] 
5.134: Total time for which application threads were stopped: 0.0309640 seconds
5.143: [GC (Allocation Failure) 
Desired survivor size 119013376 bytes, new threshold 1 (max 15)
[PSYoungGen: 232960K->116224K(232960K)] 618189K->589173K(932352K), 0.0298401 secs] [Times: user=0.23 sys=0.00, real=0.03 secs] 
5.173: Total time for which application threads were stopped: 0.0299673 seconds
5.183: [GC (Allocation Failure) 
Desired survivor size 119013376 bytes, new threshold 1 (max 15)
[PSYoungGen: 232960K->116224K(232960K)] 705909K->667206K(932352K), 0.0297008 secs] [Times: user=0.20 sys=0.01, real=0.03 secs] 
5.212: Total time for which application threads were stopped: 0.0298333 seconds
5.222: [GC (Allocation Failure) 
Desired survivor size 119013376 bytes, new threshold 1 (max 15)
[PSYoungGen: 232960K->116224K(232960K)] 783942K->754927K(932352K), 0.0304672 secs] [Times: user=0.23 sys=0.00, real=0.04 secs] 
5.253: [Full GC (Ergonomics) [PSYoungGen: 116224K->0K(232960K)] [ParOldGen: 638703K->194921K(699392K)] 754927K->194921K(932352K), [Metaspace: 4213K->4213K(1056768K)], 0.0472674 secs] [Times: user=0.33 sys=0.00, real=0.04 secs] 
5.300: Total time for which application threads were stopped: 0.0779629 seconds
5.310: [GC (Allocation Failure) 
Desired survivor size 119013376 bytes, new threshold 1 (max 15)
[PSYoungGen: 116736K->116224K(232960K)] 311657K->318758K(932352K), 0.0173583 secs] [Times: user=0.10 sys=0.00, real=0.02 secs] 
5.328: Total time for which application threads were stopped: 0.0174647 seconds
5.337: [GC (Allocation Failure) 
Desired survivor size 119013376 bytes, new threshold 1 (max 15)
[PSYoungGen: 232960K->116224K(232960K)] 435494K->406387K(932352K), 0.0304130 secs] [Times: user=0.20 sys=0.00, real=0.03 secs] 
5.367: Total time for which application threads were stopped: 0.0305400 seconds
5.377: [GC (Allocation Failure) 
Desired survivor size 119013376 bytes, new threshold 1 (max 15)
[PSYoungGen: 232960K->116224K(232960K)] 523123K->501621K(932352K), 0.0322180 secs] [Times: user=0.23 sys=0.00, real=0.03 secs] 
5.410: Total time for which application threads were stopped: 0.0323419 seconds
5.419: [GC (Allocation Failure) 
Desired survivor size 119013376 bytes, new threshold 1 (max 15)
[PSYoungGen: 232960K->116224K(232960K)] 618357K->589227K(932352K), 0.0309883 secs] [Times: user=0.23 sys=0.00, real=0.03 secs] 
5.450: Total time for which application threads were stopped: 0.0311271 seconds
5.460: [GC (Allocation Failure) 
Desired survivor size 119013376 bytes, new threshold 1 (max 15)
[PSYoungGen: 232960K->116224K(232960K)] 705963K->676927K(932352K), 0.0301839 secs] [Times: user=0.22 sys=0.00, real=0.03 secs] 
5.490: [Full GC (Ergonomics) [PSYoungGen: 116224K->0K(232960K)] [ParOldGen: 560703K->194921K(699392K)] 676927K->194921K(932352K), [Metaspace: 4213K->4213K(1056768K)], 0.0478650 secs] [Times: user=0.34 sys=0.01, real=0.05 secs] 
5.538: Total time for which application threads were stopped: 0.0782554 seconds
5.549: [GC (Allocation Failure) 
Desired survivor size 119013376 bytes, new threshold 1 (max 15)
[PSYoungGen: 116736K->116224K(232960K)] 311657K->318854K(932352K), 0.0168214 secs] [Times: user=0.13 sys=0.00, real=0.02 secs] 
5.565: Total time for which application threads were stopped: 0.0169445 seconds
5.576: [GC (Allocation Failure) 
Desired survivor size 119013376 bytes, new threshold 1 (max 15)
[PSYoungGen: 232960K->116224K(232960K)] 435590K->406608K(932352K), 0.0298627 secs] [Times: user=0.21 sys=0.00, real=0.03 secs] 
5.606: Total time for which application threads were stopped: 0.0299806 seconds
5.616: [GC (Allocation Failure) 
Desired survivor size 119013376 bytes, new threshold 1 (max 15)
[PSYoungGen: 232960K->116224K(232960K)] 523344K->501895K(932352K), 0.0314966 secs] [Times: user=0.23 sys=0.00, real=0.03 secs] 
5.647: Total time for which application threads were stopped: 0.0315995 seconds
5.657: [GC (Allocation Failure) 
Desired survivor size 119013376 bytes, new threshold 1 (max 15)
[PSYoungGen: 232960K->116224K(232960K)] 618631K->589389K(932352K), 0.0311058 secs] [Times: user=0.21 sys=0.00, real=0.03 secs] 
5.688: Total time for which application threads were stopped: 0.0312410 seconds
5.698: [GC (Allocation Failure) 
Desired survivor size 119013376 bytes, new threshold 1 (max 15)
[PSYoungGen: 232960K->116224K(232960K)] 706125K->677013K(932352K), 0.0298838 secs] [Times: user=0.23 sys=0.00, real=0.03 secs] 
5.728: [Full GC (Ergonomics) [PSYoungGen: 116224K->0K(232960K)] [ParOldGen: 560789K->194921K(699392K)] 677013K->194921K(932352K), [Metaspace: 4213K->4213K(1056768K)], 0.0437268 secs] [Times: user=0.29 sys=0.00, real=0.04 secs] 
5.772: Total time for which application threads were stopped: 0.0738252 seconds
5.782: [GC (Allocation Failure) 
Desired survivor size 119013376 bytes, new threshold 1 (max 15)
[PSYoungGen: 116736K->116224K(232960K)] 311657K->318714K(932352K), 0.0174609 secs] [Times: user=0.12 sys=0.00, real=0.01 secs] 
5.800: Total time for which application threads were stopped: 0.0175929 seconds
5.809: [GC (Allocation Failure) 
Desired survivor size 119013376 bytes, new threshold 1 (max 15)
[PSYoungGen: 232960K->116224K(232960K)] 435450K->406397K(932352K), 0.0290785 secs] [Times: user=0.21 sys=0.00, real=0.03 secs] 
5.838: Total time for which application threads were stopped: 0.0291842 seconds
5.849: [GC (Allocation Failure) 
Desired survivor size 119013376 bytes, new threshold 1 (max 15)
[PSYoungGen: 232960K->116224K(232960K)] 523133K->501316K(932352K), 0.0307983 secs] [Times: user=0.22 sys=0.00, real=0.03 secs] 
5.879: Total time for which application threads were stopped: 0.0309356 seconds
5.889: [GC (Allocation Failure) 
Desired survivor size 119013376 bytes, new threshold 1 (max 15)
[PSYoungGen: 232960K->116224K(232960K)] 618052K->588864K(932352K), 0.0309997 secs] [Times: user=0.21 sys=0.01, real=0.03 secs] 
5.920: Total time for which application threads were stopped: 0.0311413 seconds
5.930: [GC (Allocation Failure) 
Desired survivor size 119013376 bytes, new threshold 1 (max 15)
[PSYoungGen: 232960K->116224K(232960K)] 705600K->676475K(932352K), 0.0298766 secs] [Times: user=0.22 sys=0.00, real=0.03 secs] 
5.960: [Full GC (Ergonomics) [PSYoungGen: 116224K->0K(232960K)] [ParOldGen: 560251K->194921K(699392K)] 676475K->194921K(932352K), [Metaspace: 4213K->4213K(1056768K)], 0.0447250 secs] [Times: user=0.31 sys=0.00, real=0.05 secs] 
6.004: Total time for which application threads were stopped: 0.0748082 seconds
6.015: [GC (Allocation Failure) 
Desired survivor size 119013376 bytes, new threshold 1 (max 15)
[PSYoungGen: 116736K->116224K(232960K)] 311657K->318695K(932352K), 0.0171696 secs] [Times: user=0.13 sys=0.00, real=0.02 secs] 
6.032: Total time for which application threads were stopped: 0.0172769 seconds
6.042: [GC (Allocation Failure) 
Desired survivor size 119013376 bytes, new threshold 1 (max 15)
[PSYoungGen: 232960K->116224K(232960K)] 435431K->406451K(932352K), 0.0290868 secs] [Times: user=0.20 sys=0.00, real=0.03 secs] 
6.071: Total time for which application threads were stopped: 0.0292089 seconds
6.081: [GC (Allocation Failure) 
Desired survivor size 119013376 bytes, new threshold 1 (max 15)
[PSYoungGen: 232960K->116224K(232960K)] 523187K->501786K(932352K), 0.0302265 secs] [Times: user=0.21 sys=0.00, real=0.03 secs] 
6.112: Total time for which application threads were stopped: 0.0303382 seconds
6.121: [GC (Allocation Failure) 
Desired survivor size 119013376 bytes, new threshold 1 (max 15)
[PSYoungGen: 232960K->116224K(232960K)] 618522K->589256K(932352K), 0.0310585 secs] [Times: user=0.23 sys=0.00, real=0.03 secs] 
6.152: Total time for which application threads were stopped: 0.0311660 seconds
6.162: [GC (Allocation Failure) 
Desired survivor size 119013376 bytes, new threshold 1 (max 15)
[PSYoungGen: 232960K->116224K(232960K)] 705992K->677085K(932352K), 0.0285075 secs] [Times: user=0.20 sys=0.00, real=0.02 secs] 
6.191: [Full GC (Ergonomics) [PSYoungGen: 116224K->0K(232960K)] [ParOldGen: 560861K->194921K(699392K)] 677085K->194921K(932352K), [Metaspace: 4213K->4213K(1056768K)], 0.0410115 secs] [Times: user=0.27 sys=0.00, real=0.04 secs] 
6.232: Total time for which application threads were stopped: 0.0697143 seconds
6.242: [GC (Allocation Failure) 
Desired survivor size 119013376 bytes, new threshold 1 (max 15)
[PSYoungGen: 116736K->116224K(232960K)] 311657K->318811K(932352K), 0.0175401 secs] [Times: user=0.11 sys=0.00, real=0.01 secs] 
6.260: Total time for which application threads were stopped: 0.0176607 seconds
6.269: [GC (Allocation Failure) 
Desired survivor size 119013376 bytes, new threshold 1 (max 15)
[PSYoungGen: 232960K->116224K(232960K)] 435547K->406582K(932352K), 0.0293697 secs] [Times: user=0.20 sys=0.01, real=0.03 secs] 
6.299: Total time for which application threads were stopped: 0.0294986 seconds
6.309: [GC (Allocation Failure) 
Desired survivor size 119013376 bytes, new threshold 1 (max 15)
[PSYoungGen: 232960K->116224K(232960K)] 523318K->501648K(932352K), 0.0302147 secs] [Times: user=0.23 sys=0.00, real=0.03 secs] 
6.340: Total time for which application threads were stopped: 0.0303540 seconds
6.349: [GC (Allocation Failure) 
Desired survivor size 119013376 bytes, new threshold 1 (max 15)
[PSYoungGen: 232960K->88768K(232960K)] 618384K->580258K(932352K), 0.0281572 secs] [Times: user=0.21 sys=0.00, real=0.03 secs] 
6.377: Total time for which application threads were stopped: 0.0282828 seconds
6.388: [GC (Allocation Failure) 
Desired survivor size 119013376 bytes, new threshold 1 (max 15)
[PSYoungGen: 205504K->116224K(232960K)] 696994K->702980K(932352K), 0.0300909 secs] [Times: user=0.22 sys=0.00, real=0.03 secs] 
6.419: [Full GC (Ergonomics) [PSYoungGen: 116224K->0K(232960K)] [ParOldGen: 586756K->194921K(699392K)] 702980K->194921K(932352K), [Metaspace: 4213K->4213K(1056768K)], 0.0448181 secs] [Times: user=0.31 sys=0.00, real=0.05 secs] 
6.464: Total time for which application threads were stopped: 0.0750935 seconds
6.473: [GC (Allocation Failure) 
Desired survivor size 119013376 bytes, new threshold 1 (max 15)
[PSYoungGen: 116736K->116224K(232960K)] 311657K->318828K(932352K), 0.0176358 secs] [Times: user=0.12 sys=0.00, real=0.01 secs] 
6.490: Total time for which application threads were stopped: 0.0177419 seconds
6.500: [GC (Allocation Failure) 
Desired survivor size 119013376 bytes, new threshold 1 (max 15)
[PSYoungGen: 232960K->116224K(232960K)] 435564K->406125K(932352K), 0.0298737 secs] [Times: user=0.22 sys=0.00, real=0.03 secs] 
6.530: Total time for which application threads were stopped: 0.0299911 seconds
6.539: [GC (Allocation Failure) 
Desired survivor size 119013376 bytes, new threshold 1 (max 15)
[PSYoungGen: 232960K->116224K(232960K)] 522861K->493736K(932352K), 0.0322349 secs] [Times: user=0.21 sys=0.00, real=0.03 secs] 
6.571: Total time for which application threads were stopped: 0.0323516 seconds
6.581: [GC (Allocation Failure) 
Desired survivor size 119013376 bytes, new threshold 1 (max 15)
[PSYoungGen: 232960K->116224K(232960K)] 610472K->581596K(932352K), 0.0298932 secs] [Times: user=0.21 sys=0.00, real=0.03 secs] 
6.611: Total time for which application threads were stopped: 0.0300159 seconds
6.622: [GC (Allocation Failure) 
Desired survivor size 119013376 bytes, new threshold 1 (max 15)
[PSYoungGen: 232960K->116224K(232960K)] 698332K->676713K(932352K), 0.0307684 secs] [Times: user=0.22 sys=0.01, real=0.04 secs] 
6.652: [Full GC (Ergonomics) [PSYoungGen: 116224K->0K(232960K)] [ParOldGen: 560489K->194921K(699392K)] 676713K->194921K(932352K), [Metaspace: 4213K->4213K(1056768K)], 0.0463377 secs] [Times: user=0.33 sys=0.00, real=0.04 secs] 
6.699: Total time for which application threads were stopped: 0.0773070 seconds
6.709: [GC (Allocation Failure) 
Desired survivor size 119013376 bytes, new threshold 1 (max 15)
[PSYoungGen: 116736K->116224K(232960K)] 311657K->318694K(932352K), 0.0174057 secs] [Times: user=0.11 sys=0.00, real=0.02 secs] 
6.727: Total time for which application threads were stopped: 0.0175209 seconds
6.736: [GC (Allocation Failure) 
Desired survivor size 119013376 bytes, new threshold 1 (max 15)
[PSYoungGen: 232960K->116224K(232960K)] 435430K->406337K(932352K), 0.0289782 secs] [Times: user=0.21 sys=0.00, real=0.03 secs] 
6.765: Total time for which application threads were stopped: 0.0290971 seconds
6.775: [GC (Allocation Failure) 
Desired survivor size 119013376 bytes, new threshold 1 (max 15)
[PSYoungGen: 232960K->116224K(232960K)] 523073K->494314K(932352K), 0.0302032 secs] [Times: user=0.20 sys=0.00, real=0.03 secs] 
6.805: Total time for which application threads were stopped: 0.0303211 seconds
6.815: [GC (Allocation Failure) 
Desired survivor size 119013376 bytes, new threshold 1 (max 15)
[PSYoungGen: 232960K->116224K(232960K)] 611050K->582142K(932352K), 0.0289481 secs] [Times: user=0.21 sys=0.00, real=0.03 secs] 
6.844: Total time for which application threads were stopped: 0.0291060 seconds
6.854: [GC (Allocation Failure) 
Desired survivor size 119013376 bytes, new threshold 1 (max 15)
[PSYoungGen: 232960K->116224K(232960K)] 698878K->677290K(932352K), 0.0312365 secs] [Times: user=0.23 sys=0.00, real=0.03 secs] 
6.885: [Full GC (Ergonomics) [PSYoungGen: 116224K->0K(232960K)] [ParOldGen: 561066K->194921K(699392K)] 677290K->194921K(932352K), [Metaspace: 4213K->4213K(1056768K)], 0.0446841 secs] [Times: user=0.32 sys=0.00, real=0.04 secs] 
6.930: Total time for which application threads were stopped: 0.0761697 seconds
6.941: [GC (Allocation Failure) 
Desired survivor size 119013376 bytes, new threshold 1 (max 15)
[PSYoungGen: 116736K->116224K(232960K)] 311657K->318800K(932352K), 0.0170166 secs] [Times: user=0.12 sys=0.00, real=0.02 secs] 
6.958: Total time for which application threads were stopped: 0.0171339 seconds
6.967: [GC (Allocation Failure) 
Desired survivor size 119013376 bytes, new threshold 1 (max 15)
[PSYoungGen: 232960K->116224K(232960K)] 435536K->406621K(932352K), 0.0289594 secs] [Times: user=0.21 sys=0.01, real=0.03 secs] 
6.996: Total time for which application threads were stopped: 0.0290651 seconds
7.005: [GC (Allocation Failure) 
Desired survivor size 119013376 bytes, new threshold 1 (max 15)
[PSYoungGen: 232960K->116224K(232960K)] 523357K->497415K(932352K), 0.0325067 secs] [Times: user=0.25 sys=0.00, real=0.03 secs] 
7.038: Total time for which application threads were stopped: 0.0326240 seconds
7.047: [GC (Allocation Failure) 
Desired survivor size 119013376 bytes, new threshold 1 (max 15)
[PSYoungGen: 232960K->116224K(232960K)] 614151K->585182K(932352K), 0.0295555 secs] [Times: user=0.20 sys=0.00, real=0.03 secs] 
7.077: Total time for which application threads were stopped: 0.0296979 seconds
7.086: [GC (Allocation Failure) 
Desired survivor size 119013376 bytes, new threshold 1 (max 15)
[PSYoungGen: 232960K->116224K(232960K)] 701918K->680410K(932352K), 0.0315825 secs] [Times: user=0.23 sys=0.00, real=0.03 secs] 
7.118: [Full GC (Ergonomics) [PSYoungGen: 116224K->0K(232960K)] [ParOldGen: 564186K->194921K(699392K)] 680410K->194921K(932352K), [Metaspace: 4213K->4213K(1056768K)], 0.0423127 secs] [Times: user=0.28 sys=0.00, real=0.04 secs] 
7.160: Total time for which application threads were stopped: 0.0741480 seconds
7.171: [GC (Allocation Failure) 
Desired survivor size 119013376 bytes, new threshold 1 (max 15)
[PSYoungGen: 116736K->116224K(232960K)] 311657K->318666K(932352K), 0.0178614 secs] [Times: user=0.11 sys=0.00, real=0.02 secs] 
7.189: Total time for which application threads were stopped: 0.0179768 seconds
7.199: [GC (Allocation Failure) 
Desired survivor size 119013376 bytes, new threshold 1 (max 15)
[PSYoungGen: 232960K->116224K(232960K)] 435402K->406224K(932352K), 0.0286152 secs] [Times: user=0.22 sys=0.00, real=0.03 secs] 
7.227: Total time for which application threads were stopped: 0.0287278 seconds
7.236: [GC (Allocation Failure) 
Desired survivor size 119013376 bytes, new threshold 1 (max 15)
[PSYoungGen: 232960K->116224K(232960K)] 522960K->500952K(932352K), 0.0328185 secs] [Times: user=0.20 sys=0.00, real=0.03 secs] 
7.269: Total time for which application threads were stopped: 0.0329629 seconds
7.280: [GC (Allocation Failure) 
Desired survivor size 119013376 bytes, new threshold 1 (max 15)
[PSYoungGen: 232960K->116224K(232960K)] 617688K->588673K(932352K), 0.0299678 secs] [Times: user=0.20 sys=0.01, real=0.03 secs] 
7.310: Total time for which application threads were stopped: 0.0300962 seconds
7.319: [GC (Allocation Failure) 
Desired survivor size 119013376 bytes, new threshold 1 (max 15)
[PSYoungGen: 232960K->116224K(232960K)] 705409K->683867K(932352K), 0.0314166 secs] [Times: user=0.23 sys=0.00, real=0.03 secs] 
7.351: [Full GC (Ergonomics) [PSYoungGen: 116224K->0K(232960K)] [ParOldGen: 567643K->194921K(699392K)] 683867K->194921K(932352K), [Metaspace: 4213K->4213K(1056768K)], 0.0459152 secs] [Times: user=0.31 sys=0.00, real=0.05 secs] 
7.397: Total time for which application threads were stopped: 0.0775274 seconds
7.406: [GC (Allocation Failure) 
Desired survivor size 119013376 bytes, new threshold 1 (max 15)
[PSYoungGen: 116736K->116224K(232960K)] 311657K->318754K(932352K), 0.0202901 secs] [Times: user=0.13 sys=0.00, real=0.02 secs] 
7.426: Total time for which application threads were stopped: 0.0204178 seconds
7.437: [GC (Allocation Failure) 
Desired survivor size 119013376 bytes, new threshold 1 (max 15)
[PSYoungGen: 232960K->116224K(232960K)] 435490K->406420K(932352K), 0.0291332 secs] [Times: user=0.22 sys=0.00, real=0.03 secs] 
7.466: Total time for which application threads were stopped: 0.0292646 seconds
7.475: [GC (Allocation Failure) 
Desired survivor size 119013376 bytes, new threshold 1 (max 15)
[PSYoungGen: 232960K->116224K(232960K)] 523156K->501545K(932352K), 0.0323327 secs] [Times: user=0.24 sys=0.00, real=0.03 secs] 
7.508: Total time for which application threads were stopped: 0.0324481 seconds
7.517: [GC (Allocation Failure) 
Desired survivor size 119013376 bytes, new threshold 1 (max 15)
[PSYoungGen: 232960K->70880K(232960K)] 618281K->581823K(932352K), 0.0277865 secs] [Times: user=0.19 sys=0.00, real=0.03 secs] 
7.545: Total time for which application threads were stopped: 0.0279008 seconds
7.556: [GC (Allocation Failure) 
Desired survivor size 119013376 bytes, new threshold 1 (max 15)
[PSYoungGen: 187616K->116224K(232960K)] 698559K->710969K(932352K), 0.0300905 secs] [Times: user=0.23 sys=0.00, real=0.03 secs] 
7.586: [Full GC (Ergonomics) [PSYoungGen: 116224K->0K(232960K)] [ParOldGen: 594745K->194921K(699392K)] 710969K->194921K(932352K), [Metaspace: 4213K->4213K(1056768K)], 0.0449798 secs] [Times: user=0.29 sys=0.01, real=0.04 secs] 
7.631: Total time for which application threads were stopped: 0.0753094 seconds
7.643: [GC (Allocation Failure) 
Desired survivor size 119013376 bytes, new threshold 1 (max 15)
[PSYoungGen: 116736K->116224K(232960K)] 311657K->318748K(932352K), 0.0168194 secs] [Times: user=0.10 sys=0.00, real=0.01 secs] 
7.660: Total time for which application threads were stopped: 0.0169592 seconds
7.669: [GC (Allocation Failure) 
Desired survivor size 119013376 bytes, new threshold 1 (max 15)
[PSYoungGen: 232960K->116224K(232960K)] 435484K->413966K(932352K), 0.0315444 secs] [Times: user=0.22 sys=0.00, real=0.03 secs] 
7.701: Total time for which application threads were stopped: 0.0316664 seconds
7.711: [GC (Allocation Failure) 
Desired survivor size 119013376 bytes, new threshold 1 (max 15)
[PSYoungGen: 232960K->116224K(232960K)] 530702K->501457K(932352K), 0.0305730 secs] [Times: user=0.19 sys=0.00, real=0.03 secs] 
7.741: Total time for which application threads were stopped: 0.0306950 seconds
7.752: [GC (Allocation Failure) 
Desired survivor size 119013376 bytes, new threshold 1 (max 15)
[PSYoungGen: 232960K->116224K(232960K)] 618193K->589325K(932352K), 0.0293588 secs] [Times: user=0.21 sys=0.00, real=0.03 secs] 
7.782: Total time for which application threads were stopped: 0.0294759 seconds
7.791: [GC (Allocation Failure) 
Desired survivor size 119013376 bytes, new threshold 1 (max 15)
[PSYoungGen: 232960K->116224K(232960K)] 706061K->682795K(932352K), 0.0317166 secs] [Times: user=0.24 sys=0.00, real=0.04 secs] 
7.823: [Full GC (Ergonomics) [PSYoungGen: 116224K->0K(232960K)] [ParOldGen: 566571K->194921K(699392K)] 682795K->194921K(932352K), [Metaspace: 4213K->4213K(1056768K)], 0.0435526 secs] [Times: user=0.29 sys=0.00, real=0.04 secs] 
7.866: Total time for which application threads were stopped: 0.0754592 seconds
7.877: [GC (Allocation Failure) 
Desired survivor size 119013376 bytes, new threshold 1 (max 15)
[PSYoungGen: 116736K->116224K(232960K)] 311657K->318653K(932352K), 0.0172912 secs] [Times: user=0.11 sys=0.00, real=0.02 secs] 
7.894: Total time for which application threads were stopped: 0.0174074 seconds
7.903: [GC (Allocation Failure) 
Desired survivor size 119013376 bytes, new threshold 1 (max 15)
[PSYoungGen: 232960K->116224K(232960K)] 435389K->413867K(932352K), 0.0316290 secs] [Times: user=0.23 sys=0.00, real=0.03 secs] 
7.935: Total time for which application threads were stopped: 0.0317418 seconds
7.944: [GC (Allocation Failure) 
Desired survivor size 119013376 bytes, new threshold 1 (max 15)
[PSYoungGen: 232960K->116224K(232960K)] 530603K->501279K(932352K), 0.0308233 secs] [Times: user=0.23 sys=0.01, real=0.03 secs] 
7.975: Total time for which application threads were stopped: 0.0309520 seconds
7.985: [GC (Allocation Failure) 
Desired survivor size 119013376 bytes, new threshold 1 (max 15)
[PSYoungGen: 232960K->116224K(232960K)] 618015K->589032K(932352K), 0.0298049 secs] [Times: user=0.23 sys=0.00, real=0.03 secs] 
8.015: Total time for which application threads were stopped: 0.0299561 seconds
8.024: [GC (Allocation Failure) 
Desired survivor size 119013376 bytes, new threshold 1 (max 15)
[PSYoungGen: 232960K->116224K(232960K)] 705768K->681902K(932352K), 0.0317447 secs] [Times: user=0.24 sys=0.00, real=0.03 secs] 
8.055: [Full GC (Ergonomics) [PSYoungGen: 116224K->0K(232960K)] [ParOldGen: 565678K->194921K(699392K)] 681902K->194921K(932352K), [Metaspace: 4213K->4213K(1056768K)], 0.0439058 secs] [Times: user=0.29 sys=0.00, real=0.04 secs] 
8.099: Total time for which application threads were stopped: 0.0758542 seconds
8.110: [GC (Allocation Failure) 
Desired survivor size 119013376 bytes, new threshold 1 (max 15)
[PSYoungGen: 116736K->116224K(232960K)] 311657K->318703K(932352K), 0.0172175 secs] [Times: user=0.12 sys=0.00, real=0.02 secs] 
8.127: Total time for which application threads were stopped: 0.0173311 seconds
8.137: [GC (Allocation Failure) 
Desired survivor size 119013376 bytes, new threshold 1 (max 15)
[PSYoungGen: 232960K->116224K(232960K)] 435439K->414043K(932352K), 0.0315748 secs] [Times: user=0.24 sys=0.00, real=0.03 secs] 
8.169: Total time for which application threads were stopped: 0.0317028 seconds
8.178: [GC (Allocation Failure) 
Desired survivor size 119013376 bytes, new threshold 1 (max 15)
[PSYoungGen: 232960K->116224K(232960K)] 530779K->501364K(932352K), 0.0312420 secs] [Times: user=0.22 sys=0.00, real=0.03 secs] 
8.209: Total time for which application threads were stopped: 0.0313909 seconds
8.219: [GC (Allocation Failure) 
Desired survivor size 119013376 bytes, new threshold 1 (max 15)
[PSYoungGen: 232960K->116224K(232960K)] 618100K->588916K(932352K), 0.0296530 secs] [Times: user=0.23 sys=0.00, real=0.03 secs] 
8.248: Total time for which application threads were stopped: 0.0297686 seconds
8.257: [GC (Allocation Failure) 
Desired survivor size 119013376 bytes, new threshold 1 (max 15)
[PSYoungGen: 232960K->116224K(232960K)] 705652K->684345K(932352K), 0.0327496 secs] [Times: user=0.24 sys=0.00, real=0.03 secs] 
8.290: [Full GC (Ergonomics) [PSYoungGen: 116224K->0K(232960K)] [ParOldGen: 568121K->194921K(699392K)] 684345K->194921K(932352K), [Metaspace: 4213K->4213K(1056768K)], 0.0453282 secs] [Times: user=0.30 sys=0.01, real=0.05 secs] 
8.336: Total time for which application threads were stopped: 0.0782703 seconds
8.346: [GC (Allocation Failure) 
Desired survivor size 119013376 bytes, new threshold 1 (max 15)
[PSYoungGen: 116736K->116224K(232960K)] 311657K->318606K(932352K), 0.0166851 secs] [Times: user=0.11 sys=0.00, real=0.02 secs] 
8.363: Total time for which application threads were stopped: 0.0167883 seconds
8.372: [GC (Allocation Failure) 
Desired survivor size 119013376 bytes, new threshold 1 (max 15)
[PSYoungGen: 232960K->116224K(232960K)] 435342K->410529K(932352K), 0.0306015 secs] [Times: user=0.23 sys=0.00, real=0.03 secs] 
8.403: Total time for which application threads were stopped: 0.0307284 seconds
8.412: [GC (Allocation Failure) 
Desired survivor size 119013376 bytes, new threshold 1 (max 15)
[PSYoungGen: 232960K->116224K(232960K)] 527265K->498039K(932352K), 0.0308197 secs] [Times: user=0.21 sys=0.00, real=0.03 secs] 
8.443: Total time for which application threads were stopped: 0.0309357 seconds
8.452: [GC (Allocation Failure) 
Desired survivor size 119013376 bytes, new threshold 1 (max 15)
[PSYoungGen: 232960K->116224K(232960K)] 614775K->585837K(932352K), 0.0295345 secs] [Times: user=0.21 sys=0.00, real=0.03 secs] 
8.482: Total time for which application threads were stopped: 0.0296748 seconds
8.491: [GC (Allocation Failure) 
Desired survivor size 119013376 bytes, new threshold 1 (max 15)
[PSYoungGen: 232960K->116224K(232960K)] 702573K->681353K(932352K), 0.0326289 secs] [Times: user=0.23 sys=0.00, real=0.04 secs] 
8.524: [Full GC (Ergonomics) [PSYoungGen: 116224K->0K(232960K)] [ParOldGen: 565129K->194921K(699392K)] 681353K->194921K(932352K), [Metaspace: 4213K->4213K(1056768K)], 0.0436995 secs] [Times: user=0.30 sys=0.00, real=0.04 secs] 
8.568: Total time for which application threads were stopped: 0.0765957 seconds
8.579: [GC (Allocation Failure) 
Desired survivor size 119013376 bytes, new threshold 1 (max 15)
[PSYoungGen: 116736K->116224K(232960K)] 311657K->318759K(932352K), 0.0174002 secs] [Times: user=0.12 sys=0.00, real=0.02 secs] 
8.596: Total time for which application threads were stopped: 0.0175114 seconds
8.605: [GC (Allocation Failure) 
Desired survivor size 119013376 bytes, new threshold 1 (max 15)
[PSYoungGen: 232960K->116224K(232960K)] 435495K->407000K(932352K), 0.0300961 secs] [Times: user=0.22 sys=0.00, real=0.03 secs] 
8.636: Total time for which application threads were stopped: 0.0302072 seconds
8.645: [GC (Allocation Failure) 
Desired survivor size 119013376 bytes, new threshold 1 (max 15)
[PSYoungGen: 232960K->116224K(232960K)] 523736K->494734K(932352K), 0.0306583 secs] [Times: user=0.21 sys=0.00, real=0.03 secs] 
8.676: Total time for which application threads were stopped: 0.0307605 seconds
8.685: [GC (Allocation Failure) 
Desired survivor size 119013376 bytes, new threshold 1 (max 15)
[PSYoungGen: 232960K->107168K(232960K)] 611470K->583017K(932352K), 0.0298594 secs] [Times: user=0.23 sys=0.00, real=0.03 secs] 
8.715: Total time for which application threads were stopped: 0.0299895 seconds
8.725: [GC (Allocation Failure) 
Desired survivor size 119013376 bytes, new threshold 1 (max 15)
[PSYoungGen: 223904K->116224K(232960K)] 699753K->675876K(932352K), 0.0304739 secs] [Times: user=0.23 sys=0.00, real=0.03 secs] 
8.755: [Full GC (Ergonomics) [PSYoungGen: 116224K->0K(232960K)] [ParOldGen: 559652K->194921K(699392K)] 675876K->194921K(932352K), [Metaspace: 4213K->4213K(1056768K)], 0.0429523 secs] [Times: user=0.28 sys=0.00, real=0.04 secs] 
8.798: Total time for which application threads were stopped: 0.0736764 seconds
8.809: [GC (Allocation Failure) 
Desired survivor size 119013376 bytes, new threshold 1 (max 15)
[PSYoungGen: 116736K->116224K(232960K)] 311657K->318684K(932352K), 0.0167281 secs] [Times: user=0.12 sys=0.00, real=0.02 secs] 
8.826: Total time for which application threads were stopped: 0.0168409 seconds
8.835: [GC (Allocation Failure) 
Desired survivor size 119013376 bytes, new threshold 1 (max 15)
[PSYoungGen: 232960K->116224K(232960K)] 435420K->406519K(932352K), 0.0311019 secs] [Times: user=0.24 sys=0.00, real=0.03 secs] 
8.866: Total time for which application threads were stopped: 0.0312126 seconds
8.876: [GC (Allocation Failure) 
Desired survivor size 119013376 bytes, new threshold 1 (max 15)
[PSYoungGen: 232960K->116224K(232960K)] 523255K->494310K(932352K), 0.0301889 secs] [Times: user=0.22 sys=0.00, real=0.03 secs] 
8.906: Total time for which application threads were stopped: 0.0303340 seconds
8.916: [GC (Allocation Failure) 
Desired survivor size 119013376 bytes, new threshold 1 (max 15)
[PSYoungGen: 232960K->116224K(232960K)] 611046K->589578K(932352K), 0.0320352 secs] [Times: user=0.22 sys=0.00, real=0.03 secs] 
8.948: Total time for which application threads were stopped: 0.0321524 seconds
8.957: [GC (Allocation Failure) 
Desired survivor size 119013376 bytes, new threshold 1 (max 15)
[PSYoungGen: 232960K->116224K(232960K)] 706314K->677271K(932352K), 0.0311015 secs] [Times: user=0.23 sys=0.01, real=0.03 secs] 
8.989: [Full GC (Ergonomics) [PSYoungGen: 116224K->0K(232960K)] [ParOldGen: 561047K->194921K(699392K)] 677271K->194921K(932352K), [Metaspace: 4213K->4213K(1056768K)], 0.0479978 secs] [Times: user=0.33 sys=0.00, real=0.05 secs] 
9.037: Total time for which application threads were stopped: 0.0792946 seconds
9.047: [GC (Allocation Failure) 
Desired survivor size 119013376 bytes, new threshold 1 (max 15)
[PSYoungGen: 116736K->116224K(232960K)] 311657K->318831K(932352K), 0.0163236 secs] [Times: user=0.11 sys=0.00, real=0.02 secs] 
9.063: Total time for which application threads were stopped: 0.0164572 seconds
9.073: [GC (Allocation Failure) 
Desired survivor size 119013376 bytes, new threshold 1 (max 15)
[PSYoungGen: 232960K->116224K(232960K)] 435567K->407924K(932352K), 0.0313051 secs] [Times: user=0.24 sys=0.00, real=0.03 secs] 
9.104: Total time for which application threads were stopped: 0.0314229 seconds
9.113: [GC (Allocation Failure) 
Desired survivor size 119013376 bytes, new threshold 1 (max 15)
[PSYoungGen: 232960K->116224K(232960K)] 524660K->495856K(932352K), 0.0297939 secs] [Times: user=0.22 sys=0.00, real=0.03 secs] 
9.143: Total time for which application threads were stopped: 0.0299256 seconds
9.154: [GC (Allocation Failure) 
Desired survivor size 119013376 bytes, new threshold 1 (max 15)
[PSYoungGen: 232960K->116224K(232960K)] 612592K->591203K(932352K), 0.0293656 secs] [Times: user=0.22 sys=0.00, real=0.03 secs] 
9.184: Total time for which application threads were stopped: 0.0294744 seconds
9.193: [GC (Allocation Failure) 
Desired survivor size 119013376 bytes, new threshold 1 (max 15)
[PSYoungGen: 232960K->116224K(232960K)] 707939K->678653K(932352K), 0.0310456 secs] [Times: user=0.22 sys=0.00, real=0.03 secs] 
9.224: [Full GC (Ergonomics) [PSYoungGen: 116224K->0K(232960K)] [ParOldGen: 562429K->194921K(699392K)] 678653K->194921K(932352K), [Metaspace: 4213K->4213K(1056768K)], 0.0409638 secs] [Times: user=0.26 sys=0.00, real=0.04 secs] 
9.265: Total time for which application threads were stopped: 0.0722038 seconds
9.276: [GC (Allocation Failure) 
Desired survivor size 119013376 bytes, new threshold 1 (max 15)
[PSYoungGen: 116736K->116224K(232960K)] 311657K->318661K(932352K), 0.0175416 secs] [Times: user=0.10 sys=0.00, real=0.02 secs] 
9.293: Total time for which application threads were stopped: 0.0176476 seconds
9.304: [GC (Allocation Failure) 
Desired survivor size 119013376 bytes, new threshold 1 (max 15)
[PSYoungGen: 232960K->116224K(232960K)] 435397K->407126K(932352K), 0.0328260 secs] [Times: user=0.21 sys=0.01, real=0.03 secs] 
9.337: Total time for which application threads were stopped: 0.0329740 seconds
9.348: [GC (Allocation Failure) 
Desired survivor size 119013376 bytes, new threshold 1 (max 15)
[PSYoungGen: 232960K->116224K(232960K)] 523862K->494831K(932352K), 0.0313729 secs] [Times: user=0.21 sys=0.00, real=0.03 secs] 
9.380: Total time for which application threads were stopped: 0.0315070 seconds
9.392: [GC (Allocation Failure) 
Desired survivor size 119013376 bytes, new threshold 1 (max 15)
[PSYoungGen: 232960K->116224K(232960K)] 611567K->588620K(932352K), 0.0311573 secs] [Times: user=0.20 sys=0.00, real=0.03 secs] 
9.423: Total time for which application threads were stopped: 0.0312749 seconds
9.433: [GC (Allocation Failure) 
Desired survivor size 119013376 bytes, new threshold 1 (max 15)
[PSYoungGen: 232960K->116224K(232960K)] 705356K->676319K(932352K), 0.0339044 secs] [Times: user=0.19 sys=0.00, real=0.03 secs] 
9.467: [Full GC (Ergonomics) [PSYoungGen: 116224K->0K(232960K)] [ParOldGen: 560095K->194921K(699392K)] 676319K->194921K(932352K), [Metaspace: 4213K->4213K(1056768K)], 0.0433513 secs] [Times: user=0.26 sys=0.00, real=0.04 secs] 
9.511: Total time for which application threads were stopped: 0.0774709 seconds
9.521: [GC (Allocation Failure) 
Desired survivor size 119013376 bytes, new threshold 1 (max 15)
[PSYoungGen: 116736K->116224K(232960K)] 311657K->318795K(932352K), 0.0168887 secs] [Times: user=0.12 sys=0.00, real=0.01 secs] 
9.538: Total time for which application threads were stopped: 0.0169976 seconds
9.547: [GC (Allocation Failure) 
Desired survivor size 119013376 bytes, new threshold 1 (max 15)
[PSYoungGen: 232960K->116224K(232960K)] 435531K->413777K(932352K), 0.0325813 secs] [Times: user=0.24 sys=0.00, real=0.03 secs] 
9.580: Total time for which application threads were stopped: 0.0326996 seconds
9.589: [GC (Allocation Failure) 
Desired survivor size 119013376 bytes, new threshold 1 (max 15)
[PSYoungGen: 232960K->116224K(232960K)] 530513K->501484K(932352K), 0.0299441 secs] [Times: user=0.19 sys=0.00, real=0.03 secs] 
9.619: Total time for which application threads were stopped: 0.0300709 seconds
9.629: [GC (Allocation Failure) 
Desired survivor size 119013376 bytes, new threshold 1 (max 15)
[PSYoungGen: 232960K->116224K(232960K)] 618220K->589188K(932352K), 0.0302286 secs] [Times: user=0.21 sys=0.01, real=0.03 secs] 
9.660: Total time for which application threads were stopped: 0.0303599 seconds
9.668: [GC (Allocation Failure) 
Desired survivor size 119013376 bytes, new threshold 1 (max 15)
[PSYoungGen: 232960K->116224K(232960K)] 705924K->676697K(932352K), 0.0315340 secs] [Times: user=0.22 sys=0.00, real=0.03 secs] 
9.700: [Full GC (Ergonomics) [PSYoungGen: 116224K->0K(232960K)] [ParOldGen: 560473K->194921K(699392K)] 676697K->194921K(932352K), [Metaspace: 4213K->4213K(1056768K)], 0.0413652 secs] [Times: user=0.26 sys=0.00, real=0.05 secs] 
9.742: Total time for which application threads were stopped: 0.0730904 seconds
9.752: [GC (Allocation Failure) 
Desired survivor size 119013376 bytes, new threshold 1 (max 15)
[PSYoungGen: 116736K->116224K(232960K)] 311657K->318653K(932352K), 0.0167014 secs] [Times: user=0.11 sys=0.00, real=0.01 secs] 
9.769: Total time for which application threads were stopped: 0.0168248 seconds
9.778: [GC (Allocation Failure) 
Desired survivor size 119013376 bytes, new threshold 1 (max 15)
[PSYoungGen: 232960K->116224K(232960K)] 435389K->414160K(932352K), 0.0321368 secs] [Times: user=0.23 sys=0.00, real=0.03 secs] 
9.810: Total time for which application threads were stopped: 0.0322560 seconds
9.820: [GC (Allocation Failure) 
Desired survivor size 119013376 bytes, new threshold 1 (max 15)
[PSYoungGen: 232960K->116224K(232960K)] 530896K->501641K(932352K), 0.0293935 secs] [Times: user=0.21 sys=0.00, real=0.03 secs] 
9.849: Total time for which application threads were stopped: 0.0295077 seconds
9.861: [GC (Allocation Failure) 
Desired survivor size 119013376 bytes, new threshold 1 (max 15)
[PSYoungGen: 232960K->116224K(232960K)] 618377K->592262K(932352K), 0.0283366 secs] [Times: user=0.21 sys=0.00, real=0.03 secs] 
9.889: Total time for which application threads were stopped: 0.0284617 seconds
9.898: [GC (Allocation Failure) 
Desired survivor size 119013376 bytes, new threshold 1 (max 15)
[PSYoungGen: 232960K->103040K(232960K)] 708998K->669493K(932352K), 0.0290945 secs] [Times: user=0.20 sys=0.00, real=0.03 secs] 
9.927: [Full GC (Ergonomics) [PSYoungGen: 103040K->0K(232960K)] [ParOldGen: 566453K->194872K(699392K)] 669493K->194872K(932352K), [Metaspace: 4213K->4213K(1056768K)], 0.0464737 secs] [Times: user=0.27 sys=0.00, real=0.05 secs] 
9.974: Total time for which application threads were stopped: 0.0757920 seconds
9.984: [GC (Allocation Failure) 
Desired survivor size 119013376 bytes, new threshold 1 (max 15)
[PSYoungGen: 116736K->116224K(232960K)] 311608K->318767K(932352K), 0.0173039 secs] [Times: user=0.12 sys=0.01, real=0.02 secs] 
10.002: Total time for which application threads were stopped: 0.0174115 seconds
10.011: [GC (Allocation Failure) 
Desired survivor size 119013376 bytes, new threshold 1 (max 15)
[PSYoungGen: 232960K->116224K(232960K)] 435503K->406325K(932352K), 0.0309115 secs] [Times: user=0.23 sys=0.00, real=0.04 secs] 
10.042: Total time for which application threads were stopped: 0.0310239 seconds
10.051: [GC (Allocation Failure) 
Desired survivor size 119013376 bytes, new threshold 1 (max 15)
[PSYoungGen: 232960K->116224K(232960K)] 523061K->493958K(932352K), 0.0295250 secs] [Times: user=0.22 sys=0.00, real=0.03 secs] 
10.081: Total time for which application threads were stopped: 0.0296393 seconds
10.090: [GC (Allocation Failure) 
Desired survivor size 119013376 bytes, new threshold 1 (max 15)
[PSYoungGen: 232960K->116224K(232960K)] 610694K->589297K(932352K), 0.0326229 secs] [Times: user=0.22 sys=0.00, real=0.04 secs] 
10.123: Total time for which application threads were stopped: 0.0327586 seconds
10.133: [GC (Allocation Failure) 
Desired survivor size 119013376 bytes, new threshold 1 (max 15)
[PSYoungGen: 232960K->116224K(232960K)] 706033K->676816K(932352K), 0.0316242 secs] [Times: user=0.21 sys=0.00, real=0.03 secs] 
10.165: [Full GC (Ergonomics) [PSYoungGen: 116224K->0K(232960K)] [ParOldGen: 560592K->194921K(699392K)] 676816K->194921K(932352K), [Metaspace: 4213K->4213K(1056768K)], 0.0402183 secs] [Times: user=0.26 sys=0.00, real=0.04 secs] 
10.205: Total time for which application threads were stopped: 0.0720795 seconds
10.216: [GC (Allocation Failure) 
Desired survivor size 119013376 bytes, new threshold 1 (max 15)
[PSYoungGen: 116736K->116224K(232960K)] 311657K->318711K(932352K), 0.0169195 secs] [Times: user=0.12 sys=0.00, real=0.02 secs] 
10.233: Total time for which application threads were stopped: 0.0170438 seconds
10.242: [GC (Allocation Failure) 
Desired survivor size 119013376 bytes, new threshold 1 (max 15)
[PSYoungGen: 232960K->116224K(232960K)] 435447K->406368K(932352K), 0.0307999 secs] [Times: user=0.20 sys=0.00, real=0.03 secs] 
10.273: Total time for which application threads were stopped: 0.0309053 seconds
10.283: [GC (Allocation Failure) 
Desired survivor size 119013376 bytes, new threshold 1 (max 15)
[PSYoungGen: 232960K->116224K(232960K)] 523104K->494211K(932352K), 0.0295108 secs] [Times: user=0.20 sys=0.00, real=0.03 secs] 
10.312: Total time for which application threads were stopped: 0.0296180 seconds
10.321: [GC (Allocation Failure) 
Desired survivor size 119013376 bytes, new threshold 1 (max 15)
[PSYoungGen: 232960K->116224K(232960K)] 610947K->589486K(932352K), 0.0326586 secs] [Times: user=0.25 sys=0.00, real=0.03 secs] 
10.354: Total time for which application threads were stopped: 0.0327726 seconds
10.363: [GC (Allocation Failure) 
Desired survivor size 119013376 bytes, new threshold 1 (max 15)
[PSYoungGen: 232960K->116224K(232960K)] 706222K->677132K(932352K), 0.0303990 secs] [Times: user=0.21 sys=0.01, real=0.03 secs] 
10.394: [Full GC (Ergonomics) [PSYoungGen: 116224K->0K(232960K)] [ParOldGen: 560908K->194921K(699392K)] 677132K->194921K(932352K), [Metaspace: 4213K->4213K(1056768K)], 0.0436304 secs] [Times: user=0.30 sys=0.00, real=0.04 secs] 
10.437: Total time for which application threads were stopped: 0.0742493 seconds
10.448: [GC (Allocation Failure) 
Desired survivor size 119013376 bytes, new threshold 1 (max 15)
[PSYoungGen: 116736K->116224K(232960K)] 311657K->318665K(932352K), 0.0168336 secs] [Times: user=0.10 sys=0.00, real=0.02 secs] 
10.465: Total time for which application threads were stopped: 0.0169482 seconds
10.474: [GC (Allocation Failure) 
Desired survivor size 119013376 bytes, new threshold 1 (max 15)
[PSYoungGen: 232960K->116224K(232960K)] 435401K->406482K(932352K), 0.0309398 secs] [Times: user=0.20 sys=0.00, real=0.03 secs] 
10.505: Total time for which application threads were stopped: 0.0310541 seconds
10.515: [GC (Allocation Failure) 
Desired survivor size 119013376 bytes, new threshold 1 (max 15)
[PSYoungGen: 232960K->116224K(232960K)] 523218K->494107K(932352K), 0.0292137 secs] [Times: user=0.21 sys=0.00, real=0.03 secs] 
10.544: Total time for which application threads were stopped: 0.0293256 seconds
10.553: [GC (Allocation Failure) 
Desired survivor size 119013376 bytes, new threshold 1 (max 15)
[PSYoungGen: 232960K->116224K(232960K)] 610843K->583834K(932352K), 0.0310637 secs] [Times: user=0.21 sys=0.00, real=0.03 secs] 
10.584: Total time for which application threads were stopped: 0.0311715 seconds
10.594: [GC (Allocation Failure) 
Desired survivor size 119013376 bytes, new threshold 1 (max 15)
[PSYoungGen: 232960K->116224K(232960K)] 700570K->671502K(932352K), 0.0299156 secs] [Times: user=0.23 sys=0.00, real=0.03 secs] 
10.624: Total time for which application threads were stopped: 0.0300414 seconds
10.633: [GC (Allocation Failure) 
Desired survivor size 119013376 bytes, new threshold 1 (max 15)
[PSYoungGen: 232960K->116224K(232960K)] 788238K->759104K(932352K), 0.0306922 secs] [Times: user=0.21 sys=0.00, real=0.03 secs] 
10.664: [Full GC (Ergonomics) [PSYoungGen: 116224K->0K(232960K)] [ParOldGen: 642880K->194921K(699392K)] 759104K->194921K(932352K), [Metaspace: 4213K->4213K(1056768K)], 0.0447909 secs] [Times: user=0.29 sys=0.00, real=0.04 secs] 
10.709: Total time for which application threads were stopped: 0.0757069 seconds
10.720: [GC (Allocation Failure) 
Desired survivor size 119013376 bytes, new threshold 1 (max 15)
[PSYoungGen: 116736K->116224K(232960K)] 311657K->318855K(932352K), 0.0175775 secs] [Times: user=0.12 sys=0.00, real=0.02 secs] 
10.737: Total time for which application threads were stopped: 0.0176906 seconds
10.747: [GC (Allocation Failure) 
Desired survivor size 119013376 bytes, new threshold 1 (max 15)
[PSYoungGen: 232960K->116224K(232960K)] 435591K->406437K(932352K), 0.0289669 secs] [Times: user=0.21 sys=0.01, real=0.03 secs] 
10.776: Total time for which application threads were stopped: 0.0290833 seconds
10.785: [GC (Allocation Failure) 
Desired survivor size 119013376 bytes, new threshold 1 (max 15)
[PSYoungGen: 232960K->116224K(232960K)] 523173K->501646K(932352K), 0.0329312 secs] [Times: user=0.23 sys=0.00, real=0.03 secs] 
10.818: Total time for which application threads were stopped: 0.0330488 seconds
10.827: [GC (Allocation Failure) 
Desired survivor size 119013376 bytes, new threshold 1 (max 15)
[PSYoungGen: 232960K->116224K(232960K)] 618382K->589249K(932352K), 0.0304387 secs] [Times: user=0.20 sys=0.00, real=0.03 secs] 
10.858: Total time for which application threads were stopped: 0.0305513 seconds
10.868: [GC (Allocation Failure) 
Desired survivor size 119013376 bytes, new threshold 1 (max 15)
[PSYoungGen: 232960K->116224K(232960K)] 705985K->676763K(932352K), 0.0296612 secs] [Times: user=0.22 sys=0.00, real=0.03 secs] 
10.898: [Full GC (Ergonomics) [PSYoungGen: 116224K->0K(232960K)] [ParOldGen: 560539K->194921K(699392K)] 676763K->194921K(932352K), [Metaspace: 4213K->4213K(1056768K)], 0.0475598 secs] [Times: user=0.33 sys=0.00, real=0.05 secs] 
10.945: Total time for which application threads were stopped: 0.0774530 seconds
10.954: [GC (Allocation Failure) 
Desired survivor size 119013376 bytes, new threshold 1 (max 15)
[PSYoungGen: 116736K->116224K(232960K)] 311657K->318603K(932352K), 0.0174560 secs] [Times: user=0.11 sys=0.00, real=0.02 secs] 
10.972: Total time for which application threads were stopped: 0.0175722 seconds
10.981: [GC (Allocation Failure) 
Desired survivor size 119013376 bytes, new threshold 1 (max 15)
[PSYoungGen: 232960K->116224K(232960K)] 435339K->406311K(932352K), 0.0291046 secs] [Times: user=0.20 sys=0.00, real=0.02 secs] 
11.010: Total time for which application threads were stopped: 0.0292175 seconds
11.020: [GC (Allocation Failure) 
Desired survivor size 119013376 bytes, new threshold 1 (max 15)
[PSYoungGen: 232960K->116224K(232960K)] 523047K->501510K(932352K), 0.0327964 secs] [Times: user=0.24 sys=0.00, real=0.04 secs] 
11.053: Total time for which application threads were stopped: 0.0329145 seconds
11.062: [GC (Allocation Failure) 
Desired survivor size 119013376 bytes, new threshold 1 (max 15)
[PSYoungGen: 232960K->70752K(232960K)] 618246K->581695K(932352K), 0.0281026 secs] [Times: user=0.20 sys=0.00, real=0.02 secs] 
11.090: Total time for which application threads were stopped: 0.0282374 seconds
11.101: [GC (Allocation Failure) 
Desired survivor size 119013376 bytes, new threshold 1 (max 15)
[PSYoungGen: 187488K->116224K(232960K)] 698431K->711034K(932352K), 0.0299779 secs] [Times: user=0.21 sys=0.00, real=0.03 secs] 
11.131: [Full GC (Ergonomics) [PSYoungGen: 116224K->0K(232960K)] [ParOldGen: 594810K->194921K(699392K)] 711034K->194921K(932352K), [Metaspace: 4213K->4213K(1056768K)], 0.0466937 secs] [Times: user=0.32 sys=0.00, real=0.04 secs] 
11.178: Total time for which application threads were stopped: 0.0768703 seconds
11.188: [GC (Allocation Failure) 
Desired survivor size 119013376 bytes, new threshold 1 (max 15)
[PSYoungGen: 116736K->116224K(232960K)] 311657K->318737K(932352K), 0.0179272 secs] [Times: user=0.12 sys=0.00, real=0.02 secs] 
11.206: Total time for which application threads were stopped: 0.0180376 seconds
11.216: [GC (Allocation Failure) 
Desired survivor size 119013376 bytes, new threshold 1 (max 15)
[PSYoungGen: 232960K->116224K(232960K)] 435473K->406314K(932352K), 0.0302226 secs] [Times: user=0.21 sys=0.00, real=0.03 secs] 
11.246: Total time for which application threads were stopped: 0.0303627 seconds
11.255: [GC (Allocation Failure) 
Desired survivor size 119013376 bytes, new threshold 1 (max 15)
[PSYoungGen: 232960K->116224K(232960K)] 523050K->493993K(932352K), 0.0320257 secs] [Times: user=0.20 sys=0.00, real=0.03 secs] 
11.287: Total time for which application threads were stopped: 0.0321522 seconds
11.298: [GC (Allocation Failure) 
Desired survivor size 119013376 bytes, new threshold 1 (max 15)
[PSYoungGen: 232960K->116224K(232960K)] 610729K->581589K(932352K), 0.0297754 secs] [Times: user=0.19 sys=0.00, real=0.03 secs] 
11.327: Total time for which application threads were stopped: 0.0298968 seconds
11.337: [GC (Allocation Failure) 
Desired survivor size 119013376 bytes, new threshold 1 (max 15)
[PSYoungGen: 232960K->116224K(232960K)] 698325K->674890K(932352K), 0.0321557 secs] [Times: user=0.23 sys=0.00, real=0.03 secs] 
11.369: [Full GC (Ergonomics) [PSYoungGen: 116224K->0K(232960K)] [ParOldGen: 558666K->194921K(699392K)] 674890K->194921K(932352K), [Metaspace: 4213K->4213K(1056768K)], 0.0450601 secs] [Times: user=0.30 sys=0.00, real=0.05 secs] 
11.414: Total time for which application threads were stopped: 0.0774042 seconds
11.425: [GC (Allocation Failure) 
Desired survivor size 119013376 bytes, new threshold 1 (max 15)
[PSYoungGen: 116736K->116224K(232960K)] 311657K->318734K(932352K), 0.0172774 secs] [Times: user=0.12 sys=0.00, real=0.02 secs] 
11.442: Total time for which application threads were stopped: 0.0174039 seconds
11.452: [GC (Allocation Failure) 
Desired survivor size 119013376 bytes, new threshold 1 (max 15)
[PSYoungGen: 232960K->116224K(232960K)] 435470K->406488K(932352K), 0.0301867 secs] [Times: user=0.20 sys=0.01, real=0.03 secs] 
11.482: Total time for which application threads were stopped: 0.0303011 seconds
11.491: [GC (Allocation Failure) 
Desired survivor size 119013376 bytes, new threshold 1 (max 15)
[PSYoungGen: 232960K->116224K(232960K)] 523224K->494059K(932352K), 0.0308313 secs] [Times: user=0.23 sys=0.00, real=0.03 secs] 
11.522: Total time for which application threads were stopped: 0.0309795 seconds
11.532: [GC (Allocation Failure) 
Desired survivor size 119013376 bytes, new threshold 1 (max 15)
[PSYoungGen: 232960K->116224K(232960K)] 610795K->581857K(932352K), 0.0292568 secs] [Times: user=0.22 sys=0.00, real=0.03 secs] 
11.561: Total time for which application threads were stopped: 0.0294136 seconds
11.570: [GC (Allocation Failure) 
Desired survivor size 119013376 bytes, new threshold 1 (max 15)
[PSYoungGen: 232960K->116224K(232960K)] 698593K->677096K(932352K), 0.0326379 secs] [Times: user=0.21 sys=0.00, real=0.03 secs] 
11.603: [Full GC (Ergonomics) [PSYoungGen: 116224K->0K(232960K)] [ParOldGen: 560872K->194921K(699392K)] 677096K->194921K(932352K), [Metaspace: 4213K->4213K(1056768K)], 0.0443978 secs] [Times: user=0.29 sys=0.00, real=0.04 secs] 
11.648: Total time for which application threads were stopped: 0.0772624 seconds
11.658: [GC (Allocation Failure) 
Desired survivor size 119013376 bytes, new threshold 1 (max 15)
[PSYoungGen: 116736K->116224K(232960K)] 311657K->318691K(932352K), 0.0179201 secs] [Times: user=0.11 sys=0.00, real=0.02 secs] 
11.676: Total time for which application threads were stopped: 0.0180310 seconds
11.686: [GC (Allocation Failure) 
Desired survivor size 119013376 bytes, new threshold 1 (max 15)
[PSYoungGen: 232960K->116224K(232960K)] 435427K->406177K(932352K), 0.0303260 secs] [Times: user=0.22 sys=0.00, real=0.03 secs] 
11.716: Total time for which application threads were stopped: 0.0304467 seconds
11.725: [GC (Allocation Failure) 
Desired survivor size 119013376 bytes, new threshold 1 (max 15)
[PSYoungGen: 232960K->116224K(232960K)] 522913K->494029K(932352K), 0.0307303 secs] [Times: user=0.22 sys=0.00, real=0.03 secs] 
11.756: Total time for which application threads were stopped: 0.0308520 seconds
11.766: [GC (Allocation Failure) 
Desired survivor size 119013376 bytes, new threshold 1 (max 15)
[PSYoungGen: 232960K->116224K(232960K)] 610765K->581749K(932352K), 0.0288947 secs] [Times: user=0.21 sys=0.01, real=0.03 secs] 
11.795: Total time for which application threads were stopped: 0.0290445 seconds
11.804: [GC (Allocation Failure) 
Desired survivor size 119013376 bytes, new threshold 1 (max 15)
[PSYoungGen: 232960K->116224K(232960K)] 698485K->677067K(932352K), 0.0324522 secs] [Times: user=0.24 sys=0.00, real=0.03 secs] 
11.837: [Full GC (Ergonomics) [PSYoungGen: 116224K->0K(232960K)] [ParOldGen: 560843K->194921K(699392K)] 677067K->194921K(932352K), [Metaspace: 4213K->4213K(1056768K)], 0.0441849 secs] [Times: user=0.29 sys=0.00, real=0.05 secs] 
11.881: Total time for which application threads were stopped: 0.0768503 seconds
11.892: [GC (Allocation Failure) 
Desired survivor size 119013376 bytes, new threshold 1 (max 15)
[PSYoungGen: 116736K->116224K(232960K)] 311657K->318876K(932352K), 0.0174475 secs] [Times: user=0.13 sys=0.00, real=0.01 secs] 
11.910: Total time for which application threads were stopped: 0.0175913 seconds
11.919: [GC (Allocation Failure) 
Desired survivor size 119013376 bytes, new threshold 1 (max 15)
[PSYoungGen: 232960K->116224K(232960K)] 435612K->406478K(932352K), 0.0300841 secs] [Times: user=0.23 sys=0.00, real=0.03 secs] 
11.949: Total time for which application threads were stopped: 0.0302158 seconds
11.958: [GC (Allocation Failure) 
Desired survivor size 119013376 bytes, new threshold 1 (max 15)
[PSYoungGen: 232960K->116224K(232960K)] 523214K->494108K(932352K), 0.0309798 secs] [Times: user=0.23 sys=0.00, real=0.03 secs] 
11.989: Total time for which application threads were stopped: 0.0311036 seconds
11.999: [GC (Allocation Failure) 
Desired survivor size 119013376 bytes, new threshold 1 (max 15)
[PSYoungGen: 232960K->116224K(232960K)] 610844K->581849K(932352K), 0.0294375 secs] [Times: user=0.22 sys=0.00, real=0.03 secs] 
12.029: Total time for which application threads were stopped: 0.0295709 seconds
12.038: [GC (Allocation Failure) 
Desired survivor size 119013376 bytes, new threshold 1 (max 15)
[PSYoungGen: 232960K->116224K(232960K)] 698585K->677080K(932352K), 0.0319157 secs] [Times: user=0.24 sys=0.00, real=0.03 secs] 
12.070: [Full GC (Ergonomics) [PSYoungGen: 116224K->0K(232960K)] [ParOldGen: 560856K->194921K(699392K)] 677080K->194921K(932352K), [Metaspace: 4213K->4213K(1056768K)], 0.0449575 secs] [Times: user=0.29 sys=0.00, real=0.05 secs] 
12.115: Total time for which application threads were stopped: 0.0770643 seconds
12.125: [GC (Allocation Failure) 
Desired survivor size 119013376 bytes, new threshold 1 (max 15)
[PSYoungGen: 116736K->116224K(232960K)] 311657K->318804K(932352K), 0.0167858 secs] [Times: user=0.10 sys=0.01, real=0.02 secs] 
12.142: Total time for which application threads were stopped: 0.0168929 seconds
12.152: [GC (Allocation Failure) 
Desired survivor size 119013376 bytes, new threshold 1 (max 15)
[PSYoungGen: 232960K->116224K(232960K)] 435540K->406436K(932352K), 0.0296635 secs] [Times: user=0.22 sys=0.00, real=0.03 secs] 
12.181: Total time for which application threads were stopped: 0.0297783 seconds
12.190: [GC (Allocation Failure) 
Desired survivor size 119013376 bytes, new threshold 1 (max 15)
[PSYoungGen: 232960K->116224K(232960K)] 523172K->494125K(932352K), 0.0308095 secs] [Times: user=0.21 sys=0.00, real=0.03 secs] 
12.221: Total time for which application threads were stopped: 0.0309527 seconds
12.233: [GC (Allocation Failure) 
Desired survivor size 119013376 bytes, new threshold 1 (max 15)
[PSYoungGen: 232960K->92960K(232960K)] 610861K->583814K(932352K), 0.0287730 secs] [Times: user=0.20 sys=0.00, real=0.03 secs] 
12.262: Total time for which application threads were stopped: 0.0288991 seconds
12.271: [GC (Allocation Failure) 
Desired survivor size 119013376 bytes, new threshold 1 (max 15)
[PSYoungGen: 209696K->116224K(232960K)] 700550K->691105K(932352K), 0.0308615 secs] [Times: user=0.22 sys=0.00, real=0.03 secs] 
12.302: [Full GC (Ergonomics) [PSYoungGen: 116224K->0K(232960K)] [ParOldGen: 574881K->194921K(699392K)] 691105K->194921K(932352K), [Metaspace: 4213K->4213K(1056768K)], 0.0421652 secs] [Times: user=0.28 sys=0.00, real=0.04 secs] 
12.344: Total time for which application threads were stopped: 0.0732454 seconds
12.355: [GC (Allocation Failure) 
Desired survivor size 119013376 bytes, new threshold 1 (max 15)
[PSYoungGen: 116736K->116224K(232960K)] 311657K->318587K(932352K), 0.0166604 secs] [Times: user=0.12 sys=0.00, real=0.02 secs] 
12.372: Total time for which application threads were stopped: 0.0167748 seconds
12.381: [GC (Allocation Failure) 
Desired survivor size 119013376 bytes, new threshold 1 (max 15)
[PSYoungGen: 232960K->116224K(232960K)] 435323K->413889K(932352K), 0.0325880 secs] [Times: user=0.24 sys=0.00, real=0.03 secs] 
12.414: Total time for which application threads were stopped: 0.0326978 seconds
12.423: [GC (Allocation Failure) 
Desired survivor size 119013376 bytes, new threshold 1 (max 15)
[PSYoungGen: 232960K->116224K(232960K)] 530625K->501364K(932352K), 0.0305017 secs] [Times: user=0.21 sys=0.01, real=0.03 secs] 
12.454: Total time for which application threads were stopped: 0.0306134 seconds
12.464: [GC (Allocation Failure) 
Desired survivor size 119013376 bytes, new threshold 1 (max 15)
[PSYoungGen: 232960K->116224K(232960K)] 618100K->589056K(932352K), 0.0306060 secs] [Times: user=0.21 sys=0.00, real=0.03 secs] 
12.494: Total time for which application threads were stopped: 0.0307174 seconds
12.503: [GC (Allocation Failure) 
Desired survivor size 119013376 bytes, new threshold 1 (max 15)
[PSYoungGen: 232960K->116224K(232960K)] 705792K->676525K(932352K), 0.0309681 secs] [Times: user=0.23 sys=0.00, real=0.03 secs] 
12.534: [Full GC (Ergonomics) [PSYoungGen: 116224K->0K(232960K)] [ParOldGen: 560301K->194921K(699392K)] 676525K->194921K(932352K), [Metaspace: 4213K->4213K(1056768K)], 0.0422542 secs] [Times: user=0.27 sys=0.00, real=0.04 secs] 
12.577: Total time for which application threads were stopped: 0.0734357 seconds
12.588: [GC (Allocation Failure) 
Desired survivor size 119013376 bytes, new threshold 1 (max 15)
[PSYoungGen: 116736K->116224K(232960K)] 311657K->318697K(932352K), 0.0168988 secs] [Times: user=0.11 sys=0.00, real=0.02 secs] 
12.604: Total time for which application threads were stopped: 0.0170067 seconds
12.614: [GC (Allocation Failure) 
Desired survivor size 119013376 bytes, new threshold 1 (max 15)
[PSYoungGen: 232960K->116224K(232960K)] 435433K->414020K(932352K), 0.0321148 secs] [Times: user=0.24 sys=0.00, real=0.03 secs] 
12.646: Total time for which application threads were stopped: 0.0322276 seconds
12.656: [GC (Allocation Failure) 
Desired survivor size 119013376 bytes, new threshold 1 (max 15)
[PSYoungGen: 232960K->116224K(232960K)] 530756K->501456K(932352K), 0.0297520 secs] [Times: user=0.23 sys=0.00, real=0.03 secs] 
12.686: Total time for which application threads were stopped: 0.0298927 seconds
12.695: [GC (Allocation Failure) 
Desired survivor size 119013376 bytes, new threshold 1 (max 15)
[PSYoungGen: 232960K->116224K(232960K)] 618192K->588987K(932352K), 0.0297919 secs] [Times: user=0.22 sys=0.00, real=0.03 secs] 
12.725: Total time for which application threads were stopped: 0.0299085 seconds
12.734: [GC (Allocation Failure) 
Desired survivor size 119013376 bytes, new threshold 1 (max 15)
[PSYoungGen: 232960K->116224K(232960K)] 705723K->676456K(932352K), 0.0313986 secs] [Times: user=0.24 sys=0.00, real=0.03 secs] 
12.766: [Full GC (Ergonomics) [PSYoungGen: 116224K->0K(232960K)] [ParOldGen: 560232K->194921K(699392K)] 676456K->194921K(932352K), [Metaspace: 4213K->4213K(1056768K)], 0.0455410 secs] [Times: user=0.31 sys=0.01, real=0.05 secs] 
12.811: Total time for which application threads were stopped: 0.0771360 seconds
12.821: [GC (Allocation Failure) 
Desired survivor size 119013376 bytes, new threshold 1 (max 15)
[PSYoungGen: 116736K->116224K(232960K)] 311657K->318647K(932352K), 0.0166074 secs] [Times: user=0.10 sys=0.00, real=0.01 secs] 
12.838: Total time for which application threads were stopped: 0.0167225 seconds
12.847: [GC (Allocation Failure) 
Desired survivor size 119013376 bytes, new threshold 1 (max 15)
[PSYoungGen: 232960K->116224K(232960K)] 435383K->413770K(932352K), 0.0325133 secs] [Times: user=0.22 sys=0.00, real=0.04 secs] 
12.880: Total time for which application threads were stopped: 0.0326169 seconds
12.889: [GC (Allocation Failure) 
Desired survivor size 119013376 bytes, new threshold 1 (max 15)
[PSYoungGen: 232960K->116224K(232960K)] 530506K->501409K(932352K), 0.0300037 secs] [Times: user=0.22 sys=0.00, real=0.03 secs] 
12.919: Total time for which application threads were stopped: 0.0301144 seconds
12.929: [GC (Allocation Failure) 
Desired survivor size 119013376 bytes, new threshold 1 (max 15)
[PSYoungGen: 232960K->116224K(232960K)] 618145K->588953K(932352K), 0.0300940 secs] [Times: user=0.19 sys=0.00, real=0.03 secs] 
12.959: Total time for which application threads were stopped: 0.0302259 seconds
12.968: [GC (Allocation Failure) 
Desired survivor size 119013376 bytes, new threshold 1 (max 15)
[PSYoungGen: 232960K->116224K(232960K)] 705689K->676631K(932352K), 0.0311753 secs] [Times: user=0.24 sys=0.00, real=0.03 secs] 
12.999: [Full GC (Ergonomics) [PSYoungGen: 116224K->0K(232960K)] [ParOldGen: 560407K->194921K(699392K)] 676631K->194921K(932352K), [Metaspace: 4213K->4213K(1056768K)], 0.0403904 secs] [Times: user=0.25 sys=0.00, real=0.04 secs] 
13.040: Total time for which application threads were stopped: 0.0717805 seconds
13.050: [GC (Allocation Failure) 
Desired survivor size 119013376 bytes, new threshold 1 (max 15)
[PSYoungGen: 116736K->116224K(232960K)] 311657K->318638K(932352K), 0.0169630 secs] [Times: user=0.11 sys=0.00, real=0.01 secs] 
13.067: Total time for which application threads were stopped: 0.0170794 seconds
13.076: [GC (Allocation Failure) 
Desired survivor size 119013376 bytes, new threshold 1 (max 15)
[PSYoungGen: 232960K->116224K(232960K)] 435374K->413713K(932352K), 0.0319559 secs] [Times: user=0.23 sys=0.00, real=0.03 secs] 
13.108: Total time for which application threads were stopped: 0.0320686 seconds
13.117: [GC (Allocation Failure) 
Desired survivor size 119013376 bytes, new threshold 1 (max 15)
[PSYoungGen: 232960K->116224K(232960K)] 530449K->501280K(932352K), 0.0306546 secs] [Times: user=0.23 sys=0.00, real=0.03 secs] 
13.148: Total time for which application threads were stopped: 0.0307709 seconds
13.158: [GC (Allocation Failure) 
Desired survivor size 119013376 bytes, new threshold 1 (max 15)
[PSYoungGen: 232960K->116224K(232960K)] 618016K->588983K(932352K), 0.0297761 secs] [Times: user=0.22 sys=0.01, real=0.03 secs] 
13.188: Total time for which application threads were stopped: 0.0299082 seconds
13.197: [GC (Allocation Failure) 
Desired survivor size 119013376 bytes, new threshold 1 (max 15)
[PSYoungGen: 232960K->116224K(232960K)] 705719K->676817K(932352K), 0.0309697 secs] [Times: user=0.22 sys=0.00, real=0.03 secs] 
13.228: [Full GC (Ergonomics) [PSYoungGen: 116224K->0K(232960K)] [ParOldGen: 560593K->194921K(699392K)] 676817K->194921K(932352K), [Metaspace: 4213K->4213K(1056768K)], 0.0407033 secs] [Times: user=0.27 sys=0.00, real=0.04 secs] 
13.269: Total time for which application threads were stopped: 0.0719356 seconds
13.280: [GC (Allocation Failure) 
Desired survivor size 119013376 bytes, new threshold 1 (max 15)
[PSYoungGen: 116736K->116224K(232960K)] 311657K->318789K(932352K), 0.0173044 secs] [Times: user=0.12 sys=0.00, real=0.02 secs] 
13.297: Total time for which application threads were stopped: 0.0174249 seconds
13.307: [GC (Allocation Failure) 
Desired survivor size 119013376 bytes, new threshold 1 (max 15)
[PSYoungGen: 232960K->116224K(232960K)] 435525K->413981K(932352K), 0.0321469 secs] [Times: user=0.24 sys=0.00, real=0.03 secs] 
13.339: Total time for which application threads were stopped: 0.0322638 seconds
13.349: [GC (Allocation Failure) 
Desired survivor size 119013376 bytes, new threshold 1 (max 15)
[PSYoungGen: 232960K->116224K(232960K)] 530717K->501609K(932352K), 0.0306804 secs] [Times: user=0.21 sys=0.00, real=0.03 secs] 
13.379: Total time for which application threads were stopped: 0.0308148 seconds
13.389: [GC (Allocation Failure) 
Desired survivor size 119013376 bytes, new threshold 1 (max 15)
[PSYoungGen: 232960K->116224K(232960K)] 618345K->589262K(932352K), 0.0300375 secs] [Times: user=0.23 sys=0.00, real=0.03 secs] 
13.419: Total time for which application threads were stopped: 0.0301589 seconds
13.428: [GC (Allocation Failure) 
Desired survivor size 119013376 bytes, new threshold 1 (max 15)
[PSYoungGen: 232960K->116224K(232960K)] 705998K->665435K(932352K), 0.0282976 secs] [Times: user=0.22 sys=0.00, real=0.03 secs] 
13.457: Total time for which application threads were stopped: 0.0284487 seconds
13.467: [GC (Allocation Failure) 
Desired survivor size 119013376 bytes, new threshold 1 (max 15)
[PSYoungGen: 232960K->116224K(232960K)] 782171K->759515K(932352K), 0.0301757 secs] [Times: user=0.23 sys=0.01, real=0.03 secs] 
13.498: [Full GC (Ergonomics) [PSYoungGen: 116224K->0K(232960K)] [ParOldGen: 643291K->194921K(699392K)] 759515K->194921K(932352K), [Metaspace: 4213K->4213K(1056768K)], 0.0436432 secs] [Times: user=0.30 sys=0.00, real=0.05 secs] 
13.541: Total time for which application threads were stopped: 0.0740524 seconds
13.552: [GC (Allocation Failure) 
Desired survivor size 119013376 bytes, new threshold 1 (max 15)
[PSYoungGen: 116736K->116224K(232960K)] 311657K->318815K(932352K), 0.0174570 secs] [Times: user=0.12 sys=0.00, real=0.01 secs] 
13.570: Total time for which application threads were stopped: 0.0175850 seconds
13.579: [GC (Allocation Failure) 
Desired survivor size 119013376 bytes, new threshold 1 (max 15)
[PSYoungGen: 232960K->116224K(232960K)] 435551K->406275K(932352K), 0.0298590 secs] [Times: user=0.18 sys=0.00, real=0.03 secs] 
13.609: Total time for which application threads were stopped: 0.0299841 seconds
13.619: [GC (Allocation Failure) 
Desired survivor size 119013376 bytes, new threshold 1 (max 15)
[PSYoungGen: 232960K->116224K(232960K)] 523011K->501630K(932352K), 0.0332429 secs] [Times: user=0.21 sys=0.00, real=0.04 secs] 
13.652: Total time for which application threads were stopped: 0.0333546 seconds
13.661: [GC (Allocation Failure) 
Desired survivor size 119013376 bytes, new threshold 1 (max 15)
[PSYoungGen: 232960K->116224K(232960K)] 618366K->589170K(932352K), 0.0307399 secs] [Times: user=0.21 sys=0.00, real=0.03 secs] 
13.692: Total time for which application threads were stopped: 0.0308408 seconds
13.703: [GC (Allocation Failure) 
Desired survivor size 119013376 bytes, new threshold 1 (max 15)
[PSYoungGen: 232960K->116224K(232960K)] 705906K->676694K(932352K), 0.0295146 secs] [Times: user=0.21 sys=0.00, real=0.03 secs] 
13.732: [Full GC (Ergonomics) [PSYoungGen: 116224K->0K(232960K)] [ParOldGen: 560470K->194921K(699392K)] 676694K->194921K(932352K), [Metaspace: 4213K->4213K(1056768K)], 0.0426835 secs] [Times: user=0.29 sys=0.00, real=0.04 secs] 
13.775: Total time for which application threads were stopped: 0.0724303 seconds
13.785: [GC (Allocation Failure) 
Desired survivor size 119013376 bytes, new threshold 1 (max 15)
[PSYoungGen: 116736K->116224K(232960K)] 311657K->318674K(932352K), 0.0175427 secs] [Times: user=0.12 sys=0.00, real=0.02 secs] 
13.803: Total time for which application threads were stopped: 0.0176800 seconds
13.812: [GC (Allocation Failure) 
Desired survivor size 119013376 bytes, new threshold 1 (max 15)
[PSYoungGen: 232960K->116224K(232960K)] 435410K->406229K(932352K), 0.0291466 secs] [Times: user=0.20 sys=0.01, real=0.03 secs] 
13.842: Total time for which application threads were stopped: 0.0292506 seconds
13.851: [GC (Allocation Failure) 
Desired survivor size 119013376 bytes, new threshold 1 (max 15)
[PSYoungGen: 232960K->116224K(232960K)] 522965K->501466K(932352K), 0.0323916 secs] [Times: user=0.24 sys=0.00, real=0.03 secs] 
13.883: Total time for which application threads were stopped: 0.0325008 seconds
13.893: [GC (Allocation Failure) 
Desired survivor size 119013376 bytes, new threshold 1 (max 15)
[PSYoungGen: 232960K->116224K(232960K)] 618202K->589051K(932352K), 0.0305024 secs] [Times: user=0.22 sys=0.00, real=0.03 secs] 
13.923: Total time for which application threads were stopped: 0.0306338 seconds
13.933: [GC (Allocation Failure) 
Desired survivor size 119013376 bytes, new threshold 1 (max 15)
[PSYoungGen: 232960K->116224K(232960K)] 705787K->676726K(932352K), 0.0299948 secs] [Times: user=0.23 sys=0.00, real=0.03 secs] 
13.963: [Full GC (Ergonomics) [PSYoungGen: 116224K->0K(232960K)] [ParOldGen: 560502K->194921K(699392K)] 676726K->194921K(932352K), [Metaspace: 4213K->4213K(1056768K)], 0.0441328 secs] [Times: user=0.29 sys=0.00, real=0.04 secs] 
14.007: Total time for which application threads were stopped: 0.0743128 seconds
14.018: [GC (Allocation Failure) 
Desired survivor size 119013376 bytes, new threshold 1 (max 15)
[PSYoungGen: 116736K->116224K(232960K)] 311657K->318735K(932352K), 0.0172401 secs] [Times: user=0.13 sys=0.00, real=0.02 secs] 
14.035: Total time for which application threads were stopped: 0.0173491 seconds
14.045: [GC (Allocation Failure) 
Desired survivor size 119013376 bytes, new threshold 1 (max 15)
[PSYoungGen: 232960K->116224K(232960K)] 435471K->406360K(932352K), 0.0288796 secs] [Times: user=0.21 sys=0.00, real=0.03 secs] 
14.074: Total time for which application threads were stopped: 0.0289911 seconds
14.084: [GC (Allocation Failure) 
Desired survivor size 119013376 bytes, new threshold 1 (max 15)
[PSYoungGen: 232960K->116224K(232960K)] 523096K->501492K(932352K), 0.0311440 secs] [Times: user=0.23 sys=0.00, real=0.03 secs] 
14.115: Total time for which application threads were stopped: 0.0312678 seconds
14.125: [GC (Allocation Failure) 
Desired survivor size 119013376 bytes, new threshold 1 (max 15)
[PSYoungGen: 232960K->116224K(232960K)] 618228K->589127K(932352K), 0.0299753 secs] [Times: user=0.22 sys=0.00, real=0.03 secs] 
14.155: Total time for which application threads were stopped: 0.0301028 seconds
14.165: [GC (Allocation Failure) 
Desired survivor size 119013376 bytes, new threshold 1 (max 15)
[PSYoungGen: 232960K->116224K(232960K)] 705863K->676784K(932352K), 0.0303440 secs] [Times: user=0.21 sys=0.01, real=0.03 secs] 
14.195: [Full GC (Ergonomics) [PSYoungGen: 116224K->0K(232960K)] [ParOldGen: 560560K->194921K(699392K)] 676784K->194921K(932352K), [Metaspace: 4213K->4213K(1056768K)], 0.0471218 secs] [Times: user=0.33 sys=0.00, real=0.05 secs] 
14.242: Total time for which application threads were stopped: 0.0776759 seconds
14.253: [GC (Allocation Failure) 
Desired survivor size 119013376 bytes, new threshold 1 (max 15)
[PSYoungGen: 116736K->116224K(232960K)] 311657K->318646K(932352K), 0.0176863 secs] [Times: user=0.12 sys=0.00, real=0.02 secs] 
14.270: Total time for which application threads were stopped: 0.0177954 seconds
14.280: [GC (Allocation Failure) 
Desired survivor size 119013376 bytes, new threshold 1 (max 15)
[PSYoungGen: 232960K->116224K(232960K)] 435382K->406464K(932352K), 0.0288868 secs] [Times: user=0.22 sys=0.00, real=0.02 secs] 
14.309: Total time for which application threads were stopped: 0.0290044 seconds
14.319: [GC (Allocation Failure) 
Desired survivor size 119013376 bytes, new threshold 1 (max 15)
[PSYoungGen: 232960K->116224K(232960K)] 523200K->501651K(932352K), 0.0305887 secs] [Times: user=0.20 sys=0.00, real=0.04 secs] 
14.350: Total time for which application threads were stopped: 0.0306921 seconds
14.359: [GC (Allocation Failure) 
Desired survivor size 119013376 bytes, new threshold 1 (max 15)
[PSYoungGen: 232960K->116224K(232960K)] 618387K->589413K(932352K), 0.0312282 secs] [Times: user=0.22 sys=0.00, real=0.04 secs] 
14.390: Total time for which application threads were stopped: 0.0313405 seconds
14.400: [GC (Allocation Failure) 
Desired survivor size 119013376 bytes, new threshold 1 (max 15)
[PSYoungGen: 232960K->116224K(232960K)] 706149K->677100K(932352K), 0.0292647 secs] [Times: user=0.21 sys=0.00, real=0.03 secs] 
14.430: [Full GC (Ergonomics) [PSYoungGen: 116224K->0K(232960K)] [ParOldGen: 560876K->194921K(699392K)] 677100K->194921K(932352K), [Metaspace: 4213K->4213K(1056768K)], 0.0505234 secs] [Times: user=0.33 sys=0.01, real=0.05 secs] 
14.480: Total time for which application threads were stopped: 0.0799577 seconds
14.491: [GC (Allocation Failure) 
Desired survivor size 119013376 bytes, new threshold 1 (max 15)
[PSYoungGen: 116736K->116224K(232960K)] 311657K->318691K(932352K), 0.0167205 secs] [Times: user=0.11 sys=0.00, real=0.01 secs] 
14.508: Total time for which application threads were stopped: 0.0168540 seconds
14.517: [GC (Allocation Failure) 
Desired survivor size 119013376 bytes, new threshold 1 (max 15)
[PSYoungGen: 232960K->116224K(232960K)] 435427K->406300K(932352K), 0.0286836 secs] [Times: user=0.21 sys=0.00, real=0.03 secs] 
14.546: Total time for which application threads were stopped: 0.0288227 seconds
14.556: [GC (Allocation Failure) 
Desired survivor size 119013376 bytes, new threshold 1 (max 15)
[PSYoungGen: 232960K->116224K(232960K)] 523036K->501380K(932352K), 0.0314397 secs] [Times: user=0.22 sys=0.00, real=0.03 secs] 
14.587: Total time for which application threads were stopped: 0.0315507 seconds
14.596: [GC (Allocation Failure) 
Desired survivor size 119013376 bytes, new threshold 1 (max 15)
[PSYoungGen: 232960K->81280K(232960K)] 618116K->580830K(932352K), 0.0279046 secs] [Times: user=0.20 sys=0.00, real=0.03 secs] 
14.624: Total time for which application threads were stopped: 0.0280113 seconds
14.636: [GC (Allocation Failure) 
Desired survivor size 119013376 bytes, new threshold 1 (max 15)
[PSYoungGen: 198016K->116224K(232960K)] 697566K->711034K(932352K), 0.0312986 secs] [Times: user=0.23 sys=0.00, real=0.03 secs] 
14.667: [Full GC (Ergonomics) [PSYoungGen: 116224K->0K(232960K)] [ParOldGen: 594810K->194921K(699392K)] 711034K->194921K(932352K), [Metaspace: 4213K->4213K(1056768K)], 0.0462763 secs] [Times: user=0.30 sys=0.00, real=0.05 secs] 
14.713: Total time for which application threads were stopped: 0.0777796 seconds
14.724: [GC (Allocation Failure) 
Desired survivor size 119013376 bytes, new threshold 1 (max 15)
[PSYoungGen: 116736K->116224K(232960K)] 311657K->318806K(932352K), 0.0168225 secs] [Times: user=0.12 sys=0.01, real=0.02 secs] 
14.740: Total time for which application threads were stopped: 0.0169219 seconds
14.750: [GC (Allocation Failure) 
Desired survivor size 119013376 bytes, new threshold 1 (max 15)
[PSYoungGen: 232960K->116224K(232960K)] 435542K->406201K(932352K), 0.0298868 secs] [Times: user=0.21 sys=0.00, real=0.03 secs] 
14.780: Total time for which application threads were stopped: 0.0300058 seconds
14.789: [GC (Allocation Failure) 
Desired survivor size 119013376 bytes, new threshold 1 (max 15)
[PSYoungGen: 232960K->116224K(232960K)] 522937K->493803K(932352K), 0.0317275 secs] [Times: user=0.21 sys=0.00, real=0.04 secs] 
14.821: Total time for which application threads were stopped: 0.0319081 seconds
14.832: [GC (Allocation Failure) 
Desired survivor size 119013376 bytes, new threshold 1 (max 15)
[PSYoungGen: 232960K->116224K(232960K)] 610539K->581739K(932352K), 0.0291093 secs] [Times: user=0.19 sys=0.00, real=0.03 secs] 
14.861: Total time for which application threads were stopped: 0.0292385 seconds
14.871: [GC (Allocation Failure) 
Desired survivor size 119013376 bytes, new threshold 1 (max 15)
[PSYoungGen: 232960K->116224K(232960K)] 698475K->676871K(932352K), 0.0319711 secs] [Times: user=0.22 sys=0.00, real=0.03 secs] 
14.903: [Full GC (Ergonomics) [PSYoungGen: 116224K->0K(232960K)] [ParOldGen: 560647K->194840K(699392K)] 676871K->194840K(932352K), [Metaspace: 4213K->4213K(1056768K)], 0.0477706 secs] [Times: user=0.29 sys=0.00, real=0.05 secs] 
14.951: Total time for which application threads were stopped: 0.0799612 seconds
14.961: [GC (Allocation Failure) 
Desired survivor size 119013376 bytes, new threshold 1 (max 15)
[PSYoungGen: 116736K->116224K(232960K)] 311576K->318589K(932352K), 0.0170660 secs] [Times: user=0.12 sys=0.00, real=0.01 secs] 
14.978: Total time for which application threads were stopped: 0.0171772 seconds
14.988: [GC (Allocation Failure) 
Desired survivor size 119013376 bytes, new threshold 1 (max 15)
[PSYoungGen: 232960K->116224K(232960K)] 435325K->406299K(932352K), 0.0290211 secs] [Times: user=0.19 sys=0.00, real=0.03 secs] 
15.017: Total time for which application threads were stopped: 0.0291580 seconds
15.026: [GC (Allocation Failure) 
Desired survivor size 119013376 bytes, new threshold 1 (max 15)
[PSYoungGen: 232960K->116224K(232960K)] 523035K->494018K(932352K), 0.0300881 secs] [Times: user=0.20 sys=0.00, real=0.03 secs] 
15.057: Total time for which application threads were stopped: 0.0302046 seconds
15.067: [GC (Allocation Failure) 
Desired survivor size 119013376 bytes, new threshold 1 (max 15)
[PSYoungGen: 232960K->116224K(232960K)] 610754K->581744K(932352K), 0.0289240 secs] [Times: user=0.21 sys=0.00, real=0.03 secs] 
15.096: Total time for which application threads were stopped: 0.0290388 seconds
15.105: [GC (Allocation Failure) 
Desired survivor size 119013376 bytes, new threshold 1 (max 15)
[PSYoungGen: 232960K->116224K(232960K)] 698480K->676990K(932352K), 0.0319245 secs] [Times: user=0.24 sys=0.00, real=0.03 secs] 
15.137: [Full GC (Ergonomics) [PSYoungGen: 116224K->0K(232960K)] [ParOldGen: 560766K->194921K(699392K)] 676990K->194921K(932352K), [Metaspace: 4213K->4213K(1056768K)], 0.0451634 secs] [Times: user=0.32 sys=0.00, real=0.05 secs] 
15.183: Total time for which application threads were stopped: 0.0773353 seconds
15.193: [GC (Allocation Failure) 
Desired survivor size 119013376 bytes, new threshold 1 (max 15)
[PSYoungGen: 116736K->116224K(232960K)] 311657K->318783K(932352K), 0.0177220 secs] [Times: user=0.12 sys=0.00, real=0.02 secs] 
15.211: Total time for which application threads were stopped: 0.0178318 seconds
15.221: [GC (Allocation Failure) 
Desired survivor size 119013376 bytes, new threshold 1 (max 15)
[PSYoungGen: 232960K->116224K(232960K)] 435519K->406273K(932352K), 0.0293912 secs] [Times: user=0.21 sys=0.00, real=0.03 secs] 
15.250: Total time for which application threads were stopped: 0.0295221 seconds
15.259: [GC (Allocation Failure) 
Desired survivor size 119013376 bytes, new threshold 1 (max 15)
[PSYoungGen: 232960K->116224K(232960K)] 523009K->493947K(932352K), 0.0299010 secs] [Times: user=0.23 sys=0.00, real=0.03 secs] 
15.289: Total time for which application threads were stopped: 0.0300164 seconds
15.300: [GC (Allocation Failure) 
Desired survivor size 119013376 bytes, new threshold 1 (max 15)
[PSYoungGen: 232960K->116224K(232960K)] 610683K->581615K(932352K), 0.0289188 secs] [Times: user=0.21 sys=0.00, real=0.02 secs] 
15.329: Total time for which application threads were stopped: 0.0290365 seconds
15.339: [GC (Allocation Failure) 
Desired survivor size 119013376 bytes, new threshold 1 (max 15)
[PSYoungGen: 232960K->116224K(232960K)] 698351K->676832K(932352K), 0.0304000 secs] [Times: user=0.21 sys=0.00, real=0.04 secs] 
15.369: [Full GC (Ergonomics) [PSYoungGen: 116224K->0K(232960K)] [ParOldGen: 560608K->194921K(699392K)] 676832K->194921K(932352K), [Metaspace: 4213K->4213K(1056768K)], 0.0451188 secs] [Times: user=0.30 sys=0.00, real=0.04 secs] 
15.415: Total time for which application threads were stopped: 0.0757047 seconds
15.425: [GC (Allocation Failure) 
Desired survivor size 119013376 bytes, new threshold 1 (max 15)
[PSYoungGen: 116736K->116224K(232960K)] 311657K->318828K(932352K), 0.0170038 secs] [Times: user=0.12 sys=0.00, real=0.02 secs] 
15.442: Total time for which application threads were stopped: 0.0171494 seconds
15.452: [GC (Allocation Failure) 
Desired survivor size 119013376 bytes, new threshold 1 (max 15)
[PSYoungGen: 232960K->116224K(232960K)] 435564K->406236K(932352K), 0.0289528 secs] [Times: user=0.21 sys=0.01, real=0.03 secs] 
15.481: Total time for which application threads were stopped: 0.0290622 seconds
15.490: [GC (Allocation Failure) 
Desired survivor size 119013376 bytes, new threshold 1 (max 15)
[PSYoungGen: 232960K->116224K(232960K)] 522972K->493718K(932352K), 0.0313529 secs] [Times: user=0.22 sys=0.00, real=0.03 secs] 
15.521: Total time for which application threads were stopped: 0.0314658 seconds
15.531: [GC (Allocation Failure) 
Desired survivor size 119013376 bytes, new threshold 1 (max 15)
[PSYoungGen: 232960K->116224K(232960K)] 610454K->581631K(932352K), 0.0293581 secs] [Times: user=0.22 sys=0.00, real=0.03 secs] 
15.561: Total time for which application threads were stopped: 0.0294740 seconds
15.570: [GC (Allocation Failure) 
Desired survivor size 119013376 bytes, new threshold 1 (max 15)
[PSYoungGen: 232960K->116224K(232960K)] 698367K->676779K(932352K), 0.0315588 secs] [Times: user=0.21 sys=0.00, real=0.03 secs] 
15.602: [Full GC (Ergonomics) [PSYoungGen: 116224K->0K(232960K)] [ParOldGen: 560555K->194921K(699392K)] 676779K->194921K(932352K), [Metaspace: 4213K->4213K(1056768K)], 0.0480830 secs] [Times: user=0.32 sys=0.00, real=0.05 secs] 
15.650: Total time for which application threads were stopped: 0.0798256 seconds
15.661: [GC (Allocation Failure) 
Desired survivor size 119013376 bytes, new threshold 1 (max 15)
[PSYoungGen: 116736K->116224K(232960K)] 311657K->318777K(932352K), 0.0168649 secs] [Times: user=0.11 sys=0.00, real=0.01 secs] 
15.678: Total time for which application threads were stopped: 0.0169780 seconds
15.687: [GC (Allocation Failure) 
Desired survivor size 119013376 bytes, new threshold 1 (max 15)
[PSYoungGen: 232960K->116224K(232960K)] 435513K->406451K(932352K), 0.0290456 secs] [Times: user=0.19 sys=0.00, real=0.03 secs] 
15.716: Total time for which application threads were stopped: 0.0291589 seconds
15.725: [GC (Allocation Failure) 
Desired survivor size 119013376 bytes, new threshold 1 (max 15)
[PSYoungGen: 232960K->116224K(232960K)] 523187K->499729K(932352K), 0.0326884 secs] [Times: user=0.24 sys=0.00, real=0.03 secs] 
15.758: Total time for which application threads were stopped: 0.0328216 seconds
15.767: [GC (Allocation Failure) 
Desired survivor size 119013376 bytes, new threshold 1 (max 15)
[PSYoungGen: 232960K->78496K(232960K)] 616465K->587797K(932352K), 0.0296907 secs] [Times: user=0.21 sys=0.00, real=0.03 secs] 
15.797: Total time for which application threads were stopped: 0.0297911 seconds
15.806: [GC (Allocation Failure) 
Desired survivor size 119013376 bytes, new threshold 1 (max 15)
[PSYoungGen: 195232K->116224K(232960K)] 704533K->709137K(932352K), 0.0310352 secs] [Times: user=0.22 sys=0.01, real=0.03 secs] 
15.837: [Full GC (Ergonomics) [PSYoungGen: 116224K->0K(232960K)] [ParOldGen: 592913K->194921K(699392K)] 709137K->194921K(932352K), [Metaspace: 4213K->4213K(1056768K)], 0.0447935 secs] [Times: user=0.30 sys=0.00, real=0.05 secs] 
15.882: Total time for which application threads were stopped: 0.0760093 seconds
15.893: [GC (Allocation Failure) 
Desired survivor size 119013376 bytes, new threshold 1 (max 15)
[PSYoungGen: 116736K->116224K(232960K)] 311657K->318668K(932352K), 0.0166874 secs] [Times: user=0.10 sys=0.00, real=0.02 secs] 
15.910: Total time for which application threads were stopped: 0.0167929 seconds
15.919: [GC (Allocation Failure) 
Desired survivor size 119013376 bytes, new threshold 1 (max 15)
[PSYoungGen: 232960K->116224K(232960K)] 435404K->413777K(932352K), 0.0320964 secs] [Times: user=0.22 sys=0.00, real=0.03 secs] 
15.951: Total time for which application threads were stopped: 0.0322210 seconds
15.960: [GC (Allocation Failure) 
Desired survivor size 119013376 bytes, new threshold 1 (max 15)
[PSYoungGen: 232960K->116224K(232960K)] 530513K->501477K(932352K), 0.0314563 secs] [Times: user=0.19 sys=0.00, real=0.03 secs] 
15.992: Total time for which application threads were stopped: 0.0315616 seconds
16.003: [GC (Allocation Failure) 
Desired survivor size 119013376 bytes, new threshold 1 (max 15)
[PSYoungGen: 232960K->116224K(232960K)] 618213K->589227K(932352K), 0.0296823 secs] [Times: user=0.21 sys=0.00, real=0.03 secs] 
16.032: Total time for which application threads were stopped: 0.0298065 seconds
16.042: [GC (Allocation Failure) 
Desired survivor size 119013376 bytes, new threshold 1 (max 15)
[PSYoungGen: 232960K->116224K(232960K)] 705963K->676821K(932352K), 0.0310450 secs] [Times: user=0.22 sys=0.00, real=0.03 secs] 
16.073: [Full GC (Ergonomics) [PSYoungGen: 116224K->0K(232960K)] [ParOldGen: 560597K->194921K(699392K)] 676821K->194921K(932352K), [Metaspace: 4213K->4213K(1056768K)], 0.0435338 secs] [Times: user=0.28 sys=0.00, real=0.04 secs] 
16.116: Total time for which application threads were stopped: 0.0747829 seconds
16.127: [GC (Allocation Failure) 
Desired survivor size 119013376 bytes, new threshold 1 (max 15)
[PSYoungGen: 116736K->116224K(232960K)] 311657K->318694K(932352K), 0.0171099 secs] [Times: user=0.12 sys=0.00, real=0.02 secs] 
16.144: Total time for which application threads were stopped: 0.0172233 seconds
16.153: [GC (Allocation Failure) 
Desired survivor size 119013376 bytes, new threshold 1 (max 15)
[PSYoungGen: 232960K->116224K(232960K)] 435430K->413551K(932352K), 0.0317898 secs] [Times: user=0.25 sys=0.01, real=0.03 secs] 
16.185: Total time for which application threads were stopped: 0.0319105 seconds
16.195: [GC (Allocation Failure) 
Desired survivor size 119013376 bytes, new threshold 1 (max 15)
[PSYoungGen: 232960K->116224K(232960K)] 530287K->501275K(932352K), 0.0311029 secs] [Times: user=0.22 sys=0.00, real=0.03 secs] 
16.226: Total time for which application threads were stopped: 0.0312340 seconds
16.235: [GC (Allocation Failure) 
Desired survivor size 119013376 bytes, new threshold 1 (max 15)
[PSYoungGen: 232960K->116224K(232960K)] 618011K->589063K(932352K), 0.0296166 secs] [Times: user=0.22 sys=0.00, real=0.03 secs] 
16.265: Total time for which application threads were stopped: 0.0297203 seconds
16.274: [GC (Allocation Failure) 
Desired survivor size 119013376 bytes, new threshold 1 (max 15)
[PSYoungGen: 232960K->116224K(232960K)] 705799K->676613K(932352K), 0.0306250 secs] [Times: user=0.22 sys=0.00, real=0.03 secs] 
16.305: [Full GC (Ergonomics) [PSYoungGen: 116224K->0K(232960K)] [ParOldGen: 560389K->194921K(699392K)] 676613K->194921K(932352K), [Metaspace: 4213K->4213K(1056768K)], 0.0449591 secs] [Times: user=0.31 sys=0.00, real=0.05 secs] 
16.350: Total time for which application threads were stopped: 0.0757988 seconds
16.361: [GC (Allocation Failure) 
Desired survivor size 119013376 bytes, new threshold 1 (max 15)
[PSYoungGen: 116736K->116224K(232960K)] 311657K->318644K(932352K), 0.0172073 secs] [Times: user=0.12 sys=0.00, real=0.01 secs] 
16.378: Total time for which application threads were stopped: 0.0173281 seconds
16.387: [GC (Allocation Failure) 
Desired survivor size 119013376 bytes, new threshold 1 (max 15)
[PSYoungGen: 232960K->116224K(232960K)] 435380K->413841K(932352K), 0.0316006 secs] [Times: user=0.23 sys=0.00, real=0.04 secs] 
16.419: Total time for which application threads were stopped: 0.0317160 seconds
16.428: [GC (Allocation Failure) 
Desired survivor size 119013376 bytes, new threshold 1 (max 15)
[PSYoungGen: 232960K->116224K(232960K)] 530577K->501413K(932352K), 0.0307827 secs] [Times: user=0.22 sys=0.00, real=0.03 secs] 
16.459: Total time for which application threads were stopped: 0.0308985 seconds
16.470: [GC (Allocation Failure) 
Desired survivor size 119013376 bytes, new threshold 1 (max 15)
[PSYoungGen: 232960K->116224K(232960K)] 618149K->588862K(932352K), 0.0297860 secs] [Times: user=0.22 sys=0.00, real=0.03 secs] 
16.500: Total time for which application threads were stopped: 0.0299203 seconds
16.509: [GC (Allocation Failure) 
Desired survivor size 119013376 bytes, new threshold 1 (max 15)
[PSYoungGen: 232960K->116224K(232960K)] 705598K->679033K(932352K), 0.0311456 secs] [Times: user=0.24 sys=0.00, real=0.04 secs] 
16.540: [Full GC (Ergonomics) [PSYoungGen: 116224K->0K(232960K)] [ParOldGen: 562809K->194921K(699392K)] 679033K->194921K(932352K), [Metaspace: 4213K->4213K(1056768K)], 0.0424625 secs] [Times: user=0.27 sys=0.01, real=0.04 secs] 
16.583: Total time for which application threads were stopped: 0.0738236 seconds
16.593: [GC (Allocation Failure) 
Desired survivor size 119013376 bytes, new threshold 1 (max 15)
[PSYoungGen: 116736K->116224K(232960K)] 311657K->318834K(932352K), 0.0173918 secs] [Times: user=0.12 sys=0.00, real=0.02 secs] 
16.611: Total time for which application threads were stopped: 0.0174924 seconds
16.620: [GC (Allocation Failure) 
Desired survivor size 119013376 bytes, new threshold 1 (max 15)
[PSYoungGen: 232960K->116224K(232960K)] 435570K->413784K(932352K), 0.0314593 secs] [Times: user=0.23 sys=0.00, real=0.03 secs] 
16.652: Total time for which application threads were stopped: 0.0316194 seconds
16.661: [GC (Allocation Failure) 
Desired survivor size 119013376 bytes, new threshold 1 (max 15)
[PSYoungGen: 232960K->116224K(232960K)] 530520K->501446K(932352K), 0.0309060 secs] [Times: user=0.23 sys=0.00, real=0.03 secs] 
16.692: Total time for which application threads were stopped: 0.0310390 seconds
16.701: [GC (Allocation Failure) 
Desired survivor size 119013376 bytes, new threshold 1 (max 15)
[PSYoungGen: 232960K->116224K(232960K)] 618182K->589028K(932352K), 0.0293973 secs] [Times: user=0.21 sys=0.00, real=0.03 secs] 
16.731: Total time for which application threads were stopped: 0.0295238 seconds
16.740: [GC (Allocation Failure) 
Desired survivor size 119013376 bytes, new threshold 1 (max 15)
[PSYoungGen: 232960K->116224K(232960K)] 705764K->681868K(932352K), 0.0315456 secs] [Times: user=0.24 sys=0.00, real=0.03 secs] 
16.772: [Full GC (Ergonomics) [PSYoungGen: 116224K->0K(232960K)] [ParOldGen: 565644K->194921K(699392K)] 681868K->194921K(932352K), [Metaspace: 4213K->4213K(1056768K)], 0.0472428 secs] [Times: user=0.33 sys=0.00, real=0.05 secs] 
16.819: Total time for which application threads were stopped: 0.0789836 seconds
16.829: [GC (Allocation Failure) 
Desired survivor size 119013376 bytes, new threshold 1 (max 15)
[PSYoungGen: 116736K->116224K(232960K)] 311657K->318733K(932352K), 0.0178667 secs] [Times: user=0.12 sys=0.00, real=0.01 secs] 
16.847: Total time for which application threads were stopped: 0.0179729 seconds
16.856: [GC (Allocation Failure) 
Desired survivor size 119013376 bytes, new threshold 1 (max 15)
[PSYoungGen: 232960K->116224K(232960K)] 435469K->413837K(932352K), 0.0316308 secs] [Times: user=0.23 sys=0.00, real=0.03 secs] 
16.888: Total time for which application threads were stopped: 0.0317493 seconds
16.897: [GC (Allocation Failure) 
Desired survivor size 119013376 bytes, new threshold 1 (max 15)
[PSYoungGen: 232960K->116224K(232960K)] 530573K->501333K(932352K), 0.0309978 secs] [Times: user=0.24 sys=0.00, real=0.03 secs] 
16.928: Total time for which application threads were stopped: 0.0311140 seconds
16.938: [GC (Allocation Failure) 
Desired survivor size 119013376 bytes, new threshold 1 (max 15)
[PSYoungGen: 232960K->114816K(232960K)] 618069K->589409K(932352K), 0.0300497 secs] [Times: user=0.23 sys=0.01, real=0.03 secs] 
16.968: Total time for which application threads were stopped: 0.0301629 seconds
16.977: [GC (Allocation Failure) 
Desired survivor size 119013376 bytes, new threshold 1 (max 15)
[PSYoungGen: 231552K->116224K(232960K)] 706145K->674676K(932352K), 0.0306946 secs] [Times: user=0.22 sys=0.00, real=0.03 secs] 
17.008: [Full GC (Ergonomics) [PSYoungGen: 116224K->0K(232960K)] [ParOldGen: 558452K->194921K(699392K)] 674676K->194921K(932352K), [Metaspace: 4213K->4213K(1056768K)], 0.0431306 secs] [Times: user=0.28 sys=0.00, real=0.05 secs] 
17.051: Total time for which application threads were stopped: 0.0740468 seconds
17.061: [GC (Allocation Failure) 
Desired survivor size 119013376 bytes, new threshold 1 (max 15)
[PSYoungGen: 116736K->116224K(232960K)] 311657K->318671K(932352K), 0.0166974 secs] [Times: user=0.11 sys=0.00, real=0.01 secs] 
17.078: Total time for which application threads were stopped: 0.0167981 seconds
17.087: [GC (Allocation Failure) 
Desired survivor size 119013376 bytes, new threshold 1 (max 15)
[PSYoungGen: 232960K->116224K(232960K)] 435407K->406318K(932352K), 0.0310865 secs] [Times: user=0.23 sys=0.00, real=0.03 secs] 
17.118: Total time for which application threads were stopped: 0.0311901 seconds
17.127: [GC (Allocation Failure) 
Desired survivor size 119013376 bytes, new threshold 1 (max 15)
[PSYoungGen: 232960K->116224K(232960K)] 523054K->493986K(932352K), 0.0299619 secs] [Times: user=0.21 sys=0.00, real=0.03 secs] 
17.157: Total time for which application threads were stopped: 0.0300732 seconds
17.167: [GC (Allocation Failure) 
Desired survivor size 119013376 bytes, new threshold 1 (max 15)
[PSYoungGen: 232960K->116224K(232960K)] 610722K->589195K(932352K), 0.0327831 secs] [Times: user=0.23 sys=0.00, real=0.04 secs] 
17.200: Total time for which application threads were stopped: 0.0329723 seconds
17.209: [GC (Allocation Failure) 
Desired survivor size 119013376 bytes, new threshold 1 (max 15)
[PSYoungGen: 232960K->116224K(232960K)] 705931K->676522K(932352K), 0.0311889 secs] [Times: user=0.23 sys=0.00, real=0.03 secs] 
17.241: [Full GC (Ergonomics) [PSYoungGen: 116224K->0K(232960K)] [ParOldGen: 560298K->194921K(699392K)] 676522K->194921K(932352K), [Metaspace: 4213K->4213K(1056768K)], 0.0389381 secs] [Times: user=0.24 sys=0.01, real=0.04 secs] 
17.280: Total time for which application threads were stopped: 0.0703137 seconds
17.290: [GC (Allocation Failure) 
Desired survivor size 119013376 bytes, new threshold 1 (max 15)
[PSYoungGen: 116736K->116224K(232960K)] 311657K->318713K(932352K), 0.0165446 secs] [Times: user=0.10 sys=0.00, real=0.01 secs] 
17.307: Total time for which application threads were stopped: 0.0166878 seconds
17.316: [GC (Allocation Failure) 
Desired survivor size 119013376 bytes, new threshold 1 (max 15)
[PSYoungGen: 232960K->116224K(232960K)] 435449K->406324K(932352K), 0.0310722 secs] [Times: user=0.23 sys=0.00, real=0.03 secs] 
17.347: Total time for which application threads were stopped: 0.0311916 seconds
17.356: [GC (Allocation Failure) 
Desired survivor size 119013376 bytes, new threshold 1 (max 15)
[PSYoungGen: 232960K->116224K(232960K)] 523060K->494272K(932352K), 0.0296034 secs] [Times: user=0.22 sys=0.00, real=0.03 secs] 
17.386: Total time for which application threads were stopped: 0.0297251 seconds
17.397: [GC (Allocation Failure) 
Desired survivor size 119013376 bytes, new threshold 1 (max 15)
[PSYoungGen: 232960K->116224K(232960K)] 611008K->589607K(932352K), 0.0300789 secs] [Times: user=0.21 sys=0.00, real=0.03 secs] 
17.427: Total time for which application threads were stopped: 0.0301983 seconds
17.436: [GC (Allocation Failure) 
Desired survivor size 119013376 bytes, new threshold 1 (max 15)
[PSYoungGen: 232960K->116224K(232960K)] 706343K->676868K(932352K), 0.0314242 secs] [Times: user=0.24 sys=0.00, real=0.03 secs] 
17.467: [Full GC (Ergonomics) [PSYoungGen: 116224K->0K(232960K)] [ParOldGen: 560644K->194921K(699392K)] 676868K->194921K(932352K), [Metaspace: 4213K->4213K(1056768K)], 0.0435968 secs] [Times: user=0.30 sys=0.00, real=0.05 secs] 
17.511: Total time for which application threads were stopped: 0.0752644 seconds
17.522: [GC (Allocation Failure) 
Desired survivor size 119013376 bytes, new threshold 1 (max 15)
[PSYoungGen: 116736K->116224K(232960K)] 311657K->318711K(932352K), 0.0161539 secs] [Times: user=0.11 sys=0.00, real=0.01 secs] 
17.538: Total time for which application threads were stopped: 0.0162603 seconds
17.547: [GC (Allocation Failure) 
Desired survivor size 119013376 bytes, new threshold 1 (max 15)
[PSYoungGen: 232960K->116224K(232960K)] 435447K->406316K(932352K), 0.0312782 secs] [Times: user=0.21 sys=0.00, real=0.03 secs] 
17.578: Total time for which application threads were stopped: 0.0313869 seconds
17.588: [GC (Allocation Failure) 
Desired survivor size 119013376 bytes, new threshold 1 (max 15)
[PSYoungGen: 232960K->116224K(232960K)] 523052K->494126K(932352K), 0.0298736 secs] [Times: user=0.21 sys=0.01, real=0.03 secs] 
17.618: Total time for which application threads were stopped: 0.0299870 seconds
17.627: [GC (Allocation Failure) 
Desired survivor size 119013376 bytes, new threshold 1 (max 15)
[PSYoungGen: 232960K->116224K(232960K)] 610862K->589231K(932352K), 0.0312953 secs] [Times: user=0.23 sys=0.00, real=0.04 secs] 
17.659: Total time for which application threads were stopped: 0.0314288 seconds
17.668: [GC (Allocation Failure) 
Desired survivor size 119013376 bytes, new threshold 1 (max 15)
[PSYoungGen: 232960K->116224K(232960K)] 705967K->676762K(932352K), 0.0314121 secs] [Times: user=0.23 sys=0.00, real=0.04 secs] 
17.699: [Full GC (Ergonomics) [PSYoungGen: 116224K->0K(232960K)] [ParOldGen: 560538K->194921K(699392K)] 676762K->194921K(932352K), [Metaspace: 4213K->4213K(1056768K)], 0.0447431 secs] [Times: user=0.31 sys=0.00, real=0.04 secs] 
17.744: Total time for which application threads were stopped: 0.0765309 seconds
17.755: [GC (Allocation Failure) 
Desired survivor size 119013376 bytes, new threshold 1 (max 15)
[PSYoungGen: 116736K->116224K(232960K)] 311657K->318635K(932352K), 0.0169823 secs] [Times: user=0.10 sys=0.00, real=0.02 secs] 
17.772: Total time for which application threads were stopped: 0.0170937 seconds
17.781: [GC (Allocation Failure) 
Desired survivor size 119013376 bytes, new threshold 1 (max 15)
[PSYoungGen: 232960K->116224K(232960K)] 435371K->408701K(932352K), 0.0313031 secs] [Times: user=0.24 sys=0.00, real=0.03 secs] 
17.812: Total time for which application threads were stopped: 0.0314163 seconds
17.822: [GC (Allocation Failure) 
Desired survivor size 119013376 bytes, new threshold 1 (max 15)
[PSYoungGen: 232960K->116224K(232960K)] 525437K->496594K(932352K), 0.0295057 secs] [Times: user=0.21 sys=0.00, real=0.03 secs] 
17.851: Total time for which application threads were stopped: 0.0296182 seconds
17.862: [GC (Allocation Failure) 
Desired survivor size 119013376 bytes, new threshold 1 (max 15)
[PSYoungGen: 232960K->116224K(232960K)] 613330K->591748K(932352K), 0.0308313 secs] [Times: user=0.21 sys=0.00, real=0.03 secs] 
17.893: Total time for which application threads were stopped: 0.0309816 seconds
17.901: [GC (Allocation Failure) 
Desired survivor size 119013376 bytes, new threshold 1 (max 15)
[PSYoungGen: 232960K->116224K(232960K)] 708484K->679159K(932352K), 0.0313201 secs] [Times: user=0.23 sys=0.00, real=0.03 secs] 
17.933: [Full GC (Ergonomics) [PSYoungGen: 116224K->0K(232960K)] [ParOldGen: 562935K->194921K(699392K)] 679159K->194921K(932352K), [Metaspace: 4213K->4213K(1056768K)], 0.0423348 secs] [Times: user=0.29 sys=0.00, real=0.04 secs] 
17.975: Total time for which application threads were stopped: 0.0738563 seconds
17.986: [GC (Allocation Failure) 
Desired survivor size 119013376 bytes, new threshold 1 (max 15)
[PSYoungGen: 116736K->116224K(232960K)] 311657K->318527K(932352K), 0.0169906 secs] [Times: user=0.11 sys=0.00, real=0.02 secs] 
18.003: Total time for which application threads were stopped: 0.0171273 seconds
18.012: [GC (Allocation Failure) 
Desired survivor size 119013376 bytes, new threshold 1 (max 15)
[PSYoungGen: 232960K->116224K(232960K)] 435263K->411313K(932352K), 0.0316382 secs] [Times: user=0.24 sys=0.00, real=0.03 secs] 
18.044: Total time for which application threads were stopped: 0.0317599 seconds
18.053: [GC (Allocation Failure) 
Desired survivor size 119013376 bytes, new threshold 1 (max 15)
[PSYoungGen: 232960K->116224K(232960K)] 528049K->498964K(932352K), 0.0303399 secs] [Times: user=0.22 sys=0.00, real=0.03 secs] 
18.083: Total time for which application threads were stopped: 0.0304585 seconds
18.093: [GC (Allocation Failure) 
Desired survivor size 119013376 bytes, new threshold 1 (max 15)
[PSYoungGen: 232960K->116224K(232960K)] 615700K->587553K(932352K), 0.0302964 secs] [Times: user=0.22 sys=0.00, real=0.03 secs] 
18.123: Total time for which application threads were stopped: 0.0304188 seconds
18.132: [GC (Allocation Failure) 
Desired survivor size 119013376 bytes, new threshold 1 (max 15)
[PSYoungGen: 232960K->95488K(232960K)] 704289K->665384K(932352K), 0.0284427 secs] [Times: user=0.18 sys=0.00, real=0.03 secs] 
18.161: [Full GC (Ergonomics) [PSYoungGen: 95488K->0K(232960K)] [ParOldGen: 569896K->194921K(699392K)] 665384K->194921K(932352K), [Metaspace: 4213K->4213K(1056768K)], 0.0425657 secs] [Times: user=0.27 sys=0.00, real=0.04 secs] 
18.204: Total time for which application threads were stopped: 0.0711932 seconds
18.214: [GC (Allocation Failure) 
Desired survivor size 119013376 bytes, new threshold 1 (max 15)
[PSYoungGen: 116736K->116224K(232960K)] 311657K->318626K(932352K), 0.0170333 secs] [Times: user=0.10 sys=0.00, real=0.02 secs] 
18.231: Total time for which application threads were stopped: 0.0171377 seconds
18.240: [GC (Allocation Failure) 
Desired survivor size 119013376 bytes, new threshold 1 (max 15)
[PSYoungGen: 232960K->116224K(232960K)] 435362K->406213K(932352K), 0.0306198 secs] [Times: user=0.23 sys=0.00, real=0.03 secs] 
18.271: Total time for which application threads were stopped: 0.0307504 seconds
18.281: [GC (Allocation Failure) 
Desired survivor size 119013376 bytes, new threshold 1 (max 15)
[PSYoungGen: 232960K->116224K(232960K)] 522949K->494128K(932352K), 0.0294884 secs] [Times: user=0.22 sys=0.00, real=0.03 secs] 
18.310: Total time for which application threads were stopped: 0.0296008 seconds
18.319: [GC (Allocation Failure) 
Desired survivor size 119013376 bytes, new threshold 1 (max 15)
[PSYoungGen: 232960K->116224K(232960K)] 610864K->584680K(932352K), 0.0331566 secs] [Times: user=0.22 sys=0.01, real=0.03 secs] 
18.352: Total time for which application threads were stopped: 0.0332731 seconds
18.362: [GC (Allocation Failure) 
Desired survivor size 119013376 bytes, new threshold 1 (max 15)
[PSYoungGen: 232960K->116224K(232960K)] 701416K->672507K(932352K), 0.0301030 secs] [Times: user=0.22 sys=0.00, real=0.03 secs] 
18.392: [Full GC (Ergonomics) [PSYoungGen: 116224K->0K(232960K)] [ParOldGen: 556283K->194921K(699392K)] 672507K->194921K(932352K), [Metaspace: 4213K->4213K(1056768K)], 0.0476703 secs] [Times: user=0.34 sys=0.00, real=0.05 secs] 
18.440: Total time for which application threads were stopped: 0.0779709 seconds
18.451: [GC (Allocation Failure) 
Desired survivor size 119013376 bytes, new threshold 1 (max 15)
[PSYoungGen: 116736K->116224K(232960K)] 311657K->318687K(932352K), 0.0173327 secs] [Times: user=0.12 sys=0.00, real=0.01 secs] 
18.468: Total time for which application threads were stopped: 0.0174385 seconds
18.477: [GC (Allocation Failure) 
Desired survivor size 119013376 bytes, new threshold 1 (max 15)
[PSYoungGen: 232960K->116224K(232960K)] 435423K->406176K(932352K), 0.0305762 secs] [Times: user=0.23 sys=0.00, real=0.03 secs] 
18.508: Total time for which application threads were stopped: 0.0307001 seconds
18.517: [GC (Allocation Failure) 
Desired survivor size 119013376 bytes, new threshold 1 (max 15)
[PSYoungGen: 232960K->116224K(232960K)] 522912K->493921K(932352K), 0.0294138 secs] [Times: user=0.22 sys=0.00, real=0.03 secs] 
18.547: Total time for which application threads were stopped: 0.0295294 seconds
18.556: [GC (Allocation Failure) 
Desired survivor size 119013376 bytes, new threshold 1 (max 15)
[PSYoungGen: 232960K->116224K(232960K)] 610657K->588520K(932352K), 0.0325568 secs] [Times: user=0.22 sys=0.00, real=0.04 secs] 
18.589: Total time for which application threads were stopped: 0.0326712 seconds
18.598: [GC (Allocation Failure) 
Desired survivor size 119013376 bytes, new threshold 1 (max 15)
[PSYoungGen: 232960K->116224K(232960K)] 705256K->676301K(932352K), 0.0300851 secs] [Times: user=0.22 sys=0.00, real=0.04 secs] 
18.628: [Full GC (Ergonomics) [PSYoungGen: 116224K->0K(232960K)] [ParOldGen: 560077K->194921K(699392K)] 676301K->194921K(932352K), [Metaspace: 4213K->4213K(1056768K)], 0.0448217 secs] [Times: user=0.30 sys=0.01, real=0.04 secs] 
18.673: Total time for which application threads were stopped: 0.0751115 seconds
18.683: [GC (Allocation Failure) 
Desired survivor size 119013376 bytes, new threshold 1 (max 15)
[PSYoungGen: 116736K->116224K(232960K)] 311657K->318649K(932352K), 0.0165551 secs] [Times: user=0.11 sys=0.00, real=0.02 secs] 
18.700: Total time for which application threads were stopped: 0.0166649 seconds
18.709: [GC (Allocation Failure) 
Desired survivor size 119013376 bytes, new threshold 1 (max 15)
[PSYoungGen: 232960K->116224K(232960K)] 435385K->406250K(932352K), 0.0308384 secs] [Times: user=0.22 sys=0.00, real=0.03 secs] 
18.740: Total time for which application threads were stopped: 0.0309461 seconds
18.750: [GC (Allocation Failure) 
Desired survivor size 119013376 bytes, new threshold 1 (max 15)
[PSYoungGen: 232960K->116224K(232960K)] 522986K->493910K(932352K), 0.0296430 secs] [Times: user=0.21 sys=0.00, real=0.03 secs] 
18.779: Total time for which application threads were stopped: 0.0297529 seconds
18.789: [GC (Allocation Failure) 
Desired survivor size 119013376 bytes, new threshold 1 (max 15)
[PSYoungGen: 232960K->116224K(232960K)] 610646K->589140K(932352K), 0.0328162 secs] [Times: user=0.24 sys=0.00, real=0.03 secs] 
18.822: Total time for which application threads were stopped: 0.0329503 seconds
18.831: [GC (Allocation Failure) 
Desired survivor size 119013376 bytes, new threshold 1 (max 15)
[PSYoungGen: 232960K->116224K(232960K)] 705876K->677010K(932352K), 0.0305150 secs] [Times: user=0.22 sys=0.00, real=0.03 secs] 
18.862: [Full GC (Ergonomics) [PSYoungGen: 116224K->0K(232960K)] [ParOldGen: 560786K->194921K(699392K)] 677010K->194921K(932352K), [Metaspace: 4213K->4213K(1056768K)], 0.0454439 secs] [Times: user=0.30 sys=0.00, real=0.04 secs] 
18.907: Total time for which application threads were stopped: 0.0761590 seconds
18.919: [GC (Allocation Failure) 
Desired survivor size 119013376 bytes, new threshold 1 (max 15)
[PSYoungGen: 116736K->116224K(232960K)] 311657K->318708K(932352K), 0.0177576 secs] [Times: user=0.10 sys=0.00, real=0.01 secs] 
18.937: Total time for which application threads were stopped: 0.0178668 seconds
18.946: [GC (Allocation Failure) 
Desired survivor size 119013376 bytes, new threshold 1 (max 15)
[PSYoungGen: 232960K->116224K(232960K)] 435444K->406443K(932352K), 0.0307166 secs] [Times: user=0.22 sys=0.01, real=0.03 secs] 
18.976: Total time for which application threads were stopped: 0.0308286 seconds
18.986: [GC (Allocation Failure) 
Desired survivor size 119013376 bytes, new threshold 1 (max 15)
[PSYoungGen: 232960K->116224K(232960K)] 523179K->494086K(932352K), 0.0295081 secs] [Times: user=0.23 sys=0.00, real=0.03 secs] 
19.016: Total time for which application threads were stopped: 0.0296291 seconds
19.025: [GC (Allocation Failure) 
Desired survivor size 119013376 bytes, new threshold 1 (max 15)
[PSYoungGen: 232960K->116224K(232960K)] 610822K->589232K(932352K), 0.0320210 secs] [Times: user=0.22 sys=0.00, real=0.03 secs] 
19.057: Total time for which application threads were stopped: 0.0321517 seconds
19.066: [GC (Allocation Failure) 
Desired survivor size 119013376 bytes, new threshold 1 (max 15)
[PSYoungGen: 232960K->116224K(232960K)] 705968K->676957K(932352K), 0.0312168 secs] [Times: user=0.22 sys=0.00, real=0.03 secs] 
19.098: [Full GC (Ergonomics) [PSYoungGen: 116224K->0K(232960K)] [ParOldGen: 560733K->194921K(699392K)] 676957K->194921K(932352K), [Metaspace: 4213K->4213K(1056768K)], 0.0419278 secs] [Times: user=0.28 sys=0.00, real=0.05 secs] 
19.140: Total time for which application threads were stopped: 0.0733359 seconds
19.150: [GC (Allocation Failure) 
Desired survivor size 119013376 bytes, new threshold 1 (max 15)
[PSYoungGen: 116736K->116224K(232960K)] 311657K->318789K(932352K), 0.0169089 secs] [Times: user=0.12 sys=0.00, real=0.01 secs] 
19.167: Total time for which application threads were stopped: 0.0170060 seconds
19.176: [GC (Allocation Failure) 
Desired survivor size 119013376 bytes, new threshold 1 (max 15)
[PSYoungGen: 232960K->116224K(232960K)] 435525K->406263K(932352K), 0.0310647 secs] [Times: user=0.22 sys=0.00, real=0.03 secs] 
19.207: Total time for which application threads were stopped: 0.0311716 seconds
19.218: [GC (Allocation Failure) 
Desired survivor size 119013376 bytes, new threshold 1 (max 15)
[PSYoungGen: 232960K->116224K(232960K)] 522999K->493933K(932352K), 0.0289355 secs] [Times: user=0.21 sys=0.00, real=0.03 secs] 
19.247: Total time for which application threads were stopped: 0.0290469 seconds
19.256: [GC (Allocation Failure) 
Desired survivor size 119013376 bytes, new threshold 1 (max 15)
[PSYoungGen: 232960K->116224K(232960K)] 610669K->589314K(932352K), 0.0326327 secs] [Times: user=0.23 sys=0.00, real=0.04 secs] 
19.289: Total time for which application threads were stopped: 0.0327594 seconds
19.298: [GC (Allocation Failure) 
Desired survivor size 119013376 bytes, new threshold 1 (max 15)
[PSYoungGen: 232960K->70592K(232960K)] 706050K->669409K(932352K), 0.0278688 secs] [Times: user=0.19 sys=0.01, real=0.02 secs] 
19.326: [Full GC (Ergonomics) [PSYoungGen: 70592K->0K(232960K)] [ParOldGen: 598817K->194921K(699392K)] 669409K->194921K(932352K), [Metaspace: 4213K->4213K(1056768K)], 0.0454282 secs] [Times: user=0.31 sys=0.00, real=0.05 secs] 
19.371: Total time for which application threads were stopped: 0.0735223 seconds
19.382: [GC (Allocation Failure) 
Desired survivor size 119013376 bytes, new threshold 1 (max 15)
[PSYoungGen: 116736K->116224K(232960K)] 311657K->318730K(932352K), 0.0170865 secs] [Times: user=0.11 sys=0.00, real=0.02 secs] 
19.399: Total time for which application threads were stopped: 0.0171868 seconds
19.408: [GC (Allocation Failure) 
Desired survivor size 119013376 bytes, new threshold 1 (max 15)
[PSYoungGen: 232960K->116224K(232960K)] 435466K->406528K(932352K), 0.0288446 secs] [Times: user=0.21 sys=0.00, real=0.02 secs] 
19.437: Total time for which application threads were stopped: 0.0289678 seconds
19.448: [GC (Allocation Failure) 
Desired survivor size 119013376 bytes, new threshold 1 (max 15)
[PSYoungGen: 232960K->116224K(232960K)] 523264K->501935K(932352K), 0.0306699 secs] [Times: user=0.20 sys=0.00, real=0.04 secs] 
19.478: Total time for which application threads were stopped: 0.0307758 seconds
19.488: [GC (Allocation Failure) 
Desired survivor size 119013376 bytes, new threshold 1 (max 15)
[PSYoungGen: 232960K->116224K(232960K)] 618671K->589402K(932352K), 0.0322688 secs] [Times: user=0.21 sys=0.00, real=0.04 secs] 
19.520: Total time for which application threads were stopped: 0.0323931 seconds
19.531: [GC (Allocation Failure) 
Desired survivor size 119013376 bytes, new threshold 1 (max 15)
[PSYoungGen: 232960K->116224K(232960K)] 706138K->677325K(932352K), 0.0317342 secs] [Times: user=0.17 sys=0.00, real=0.03 secs] 
19.563: [Full GC (Ergonomics) [PSYoungGen: 116224K->0K(232960K)] [ParOldGen: 561101K->194921K(699392K)] 677325K->194921K(932352K), [Metaspace: 4213K->4213K(1056768K)], 0.0490152 secs] [Times: user=0.29 sys=0.01, real=0.05 secs] 
19.612: Total time for which application threads were stopped: 0.0809326 seconds
19.623: [GC (Allocation Failure) 
Desired survivor size 119013376 bytes, new threshold 1 (max 15)
[PSYoungGen: 116736K->116224K(232960K)] 311657K->318643K(932352K), 0.0184280 secs] [Times: user=0.13 sys=0.00, real=0.02 secs] 
19.641: Total time for which application threads were stopped: 0.0185932 seconds
19.651: [GC (Allocation Failure) 
Desired survivor size 119013376 bytes, new threshold 1 (max 15)
[PSYoungGen: 232960K->116224K(232960K)] 435379K->406481K(932352K), 0.0293200 secs] [Times: user=0.21 sys=0.00, real=0.03 secs] 
19.680: Total time for which application threads were stopped: 0.0294409 seconds
19.691: [GC (Allocation Failure) 
Desired survivor size 119013376 bytes, new threshold 1 (max 15)
[PSYoungGen: 232960K->116224K(232960K)] 523217K->501805K(932352K), 0.0315230 secs] [Times: user=0.21 sys=0.00, real=0.03 secs] 
19.723: Total time for which application threads were stopped: 0.0316810 seconds
19.733: [GC (Allocation Failure) 
Desired survivor size 119013376 bytes, new threshold 1 (max 15)
[PSYoungGen: 232960K->116224K(232960K)] 618541K->589234K(932352K), 0.0307198 secs] [Times: user=0.19 sys=0.00, real=0.03 secs] 
19.764: Total time for which application threads were stopped: 0.0309011 seconds
19.776: [GC (Allocation Failure) 
Desired survivor size 119013376 bytes, new threshold 1 (max 15)
[PSYoungGen: 232960K->116224K(232960K)] 705970K->676855K(932352K), 0.0302919 secs] [Times: user=0.21 sys=0.00, real=0.03 secs] 
19.806: [Full GC (Ergonomics) [PSYoungGen: 116224K->0K(232960K)] [ParOldGen: 560631K->194840K(699392K)] 676855K->194840K(932352K), [Metaspace: 4213K->4213K(1056768K)], 0.0427538 secs] [Times: user=0.24 sys=0.00, real=0.05 secs] 
19.849: Total time for which application threads were stopped: 0.0732678 seconds
19.860: [GC (Allocation Failure) 
Desired survivor size 119013376 bytes, new threshold 1 (max 15)
[PSYoungGen: 116736K->116224K(232960K)] 311576K->318726K(932352K), 0.0176019 secs] [Times: user=0.12 sys=0.00, real=0.02 secs] 
19.878: Total time for which application threads were stopped: 0.0177093 seconds
19.888: [GC (Allocation Failure) 
Desired survivor size 119013376 bytes, new threshold 1 (max 15)
[PSYoungGen: 232960K->116224K(232960K)] 435462K->406182K(932352K), 0.0307434 secs] [Times: user=0.17 sys=0.01, real=0.03 secs] 
19.918: Total time for which application threads were stopped: 0.0308611 seconds
19.930: [GC (Allocation Failure) 
Desired survivor size 119013376 bytes, new threshold 1 (max 15)
[PSYoungGen: 232960K->116224K(232960K)] 522918K->493650K(932352K), 0.0299505 secs] [Times: user=0.16 sys=0.00, real=0.03 secs] 
19.960: Total time for which application threads were stopped: 0.0300997 seconds
19.969: [GC (Allocation Failure) 
Desired survivor size 119013376 bytes, new threshold 1 (max 15)
[PSYoungGen: 232960K->116224K(232960K)] 610386K->581431K(932352K), 0.0329247 secs] [Times: user=0.15 sys=0.00, real=0.03 secs] 
20.002: Total time for which application threads were stopped: 0.0330591 seconds
20.013: [GC (Allocation Failure) 
Desired survivor size 119013376 bytes, new threshold 1 (max 15)
[PSYoungGen: 232960K->116224K(232960K)] 698167K->669072K(932352K), 0.0317420 secs] [Times: user=0.16 sys=0.00, real=0.03 secs] 
20.044: Total time for which application threads were stopped: 0.0318721 seconds
20.054: [GC (Allocation Failure) 
Desired survivor size 119013376 bytes, new threshold 1 (max 15)
[PSYoungGen: 232960K->116224K(232960K)] 785808K->764135K(932352K), 0.0328911 secs] [Times: user=0.24 sys=0.00, real=0.03 secs] 
20.087: [Full GC (Ergonomics) [PSYoungGen: 116224K->0K(232960K)] [ParOldGen: 647911K->194921K(699392K)] 764135K->194921K(932352K), [Metaspace: 4213K->4213K(1056768K)], 0.0478390 secs] [Times: user=0.33 sys=0.00, real=0.05 secs] 
20.135: Total time for which application threads were stopped: 0.0809426 seconds
20.145: [GC (Allocation Failure) 
Desired survivor size 119013376 bytes, new threshold 1 (max 15)
[PSYoungGen: 116736K->116224K(232960K)] 311657K->318731K(932352K), 0.0175791 secs] [Times: user=0.12 sys=0.00, real=0.02 secs] 
20.163: Total time for which application threads were stopped: 0.0176980 seconds
20.173: [GC (Allocation Failure) 
Desired survivor size 119013376 bytes, new threshold 1 (max 15)
[PSYoungGen: 232960K->116224K(232960K)] 435467K->406361K(932352K), 0.0299427 secs] [Times: user=0.21 sys=0.00, real=0.03 secs] 
20.203: Total time for which application threads were stopped: 0.0300574 seconds
20.212: [GC (Allocation Failure) 
Desired survivor size 119013376 bytes, new threshold 1 (max 15)
[PSYoungGen: 232960K->116224K(232960K)] 523097K->493914K(932352K), 0.0308656 secs] [Times: user=0.22 sys=0.00, real=0.03 secs] 
20.243: Total time for which application threads were stopped: 0.0309813 seconds
20.253: [GC (Allocation Failure) 
Desired survivor size 119013376 bytes, new threshold 1 (max 15)
[PSYoungGen: 232960K->116224K(232960K)] 610650K->581811K(932352K), 0.0300128 secs] [Times: user=0.19 sys=0.01, real=0.03 secs] 
20.283: Total time for which application threads were stopped: 0.0301191 seconds
20.292: [GC (Allocation Failure) 
Desired survivor size 119013376 bytes, new threshold 1 (max 15)
[PSYoungGen: 232960K->116224K(232960K)] 698547K->677125K(932352K), 0.0320999 secs] [Times: user=0.21 sys=0.00, real=0.03 secs] 
20.325: [Full GC (Ergonomics) [PSYoungGen: 116224K->0K(232960K)] [ParOldGen: 560901K->194921K(699392K)] 677125K->194921K(932352K), [Metaspace: 4213K->4213K(1056768K)], 0.0450401 secs] [Times: user=0.24 sys=0.00, real=0.05 secs] 
20.370: Total time for which application threads were stopped: 0.0773028 seconds
20.381: [GC (Allocation Failure) 
Desired survivor size 119013376 bytes, new threshold 1 (max 15)
[PSYoungGen: 116736K->116224K(232960K)] 311657K->318732K(932352K), 0.0178652 secs] [Times: user=0.13 sys=0.00, real=0.02 secs] 
20.398: Total time for which application threads were stopped: 0.0179690 seconds
20.408: [GC (Allocation Failure) 
Desired survivor size 119013376 bytes, new threshold 1 (max 15)
[PSYoungGen: 232960K->116224K(232960K)] 435468K->406414K(932352K), 0.0298707 secs] [Times: user=0.19 sys=0.00, real=0.03 secs] 
20.438: Total time for which application threads were stopped: 0.0299843 seconds
20.447: [GC (Allocation Failure) 
Desired survivor size 119013376 bytes, new threshold 1 (max 15)
[PSYoungGen: 232960K->116224K(232960K)] 523150K->494091K(932352K), 0.0310987 secs] [Times: user=0.22 sys=0.00, real=0.04 secs] 
20.478: Total time for which application threads were stopped: 0.0312442 seconds
20.488: [GC (Allocation Failure) 
Desired survivor size 119013376 bytes, new threshold 1 (max 15)
[PSYoungGen: 232960K->100480K(232960K)] 610827K->583352K(932352K), 0.0297282 secs] [Times: user=0.22 sys=0.01, real=0.03 secs] 
20.518: Total time for which application threads were stopped: 0.0298630 seconds
20.528: [GC (Allocation Failure) 
Desired survivor size 119013376 bytes, new threshold 1 (max 15)
[PSYoungGen: 217216K->116224K(232960K)] 700088K->682918K(932352K), 0.0303515 secs] [Times: user=0.23 sys=0.00, real=0.03 secs] 
20.559: [Full GC (Ergonomics) [PSYoungGen: 116224K->0K(232960K)] [ParOldGen: 566694K->194921K(699392K)] 682918K->194921K(932352K), [Metaspace: 4213K->4213K(1056768K)], 0.0447094 secs] [Times: user=0.30 sys=0.00, real=0.04 secs] 
20.604: Total time for which application threads were stopped: 0.0753064 seconds
20.615: [GC (Allocation Failure) 
Desired survivor size 119013376 bytes, new threshold 1 (max 15)
[PSYoungGen: 116736K->116224K(232960K)] 311657K->318781K(932352K), 0.0169954 secs] [Times: user=0.11 sys=0.00, real=0.02 secs] 
20.632: Total time for which application threads were stopped: 0.0171022 seconds
20.641: [GC (Allocation Failure) 
Desired survivor size 119013376 bytes, new threshold 1 (max 15)
[PSYoungGen: 232960K->116224K(232960K)] 435517K->413835K(932352K), 0.0321213 secs] [Times: user=0.22 sys=0.00, real=0.03 secs] 
20.673: Total time for which application threads were stopped: 0.0322736 seconds
20.684: [GC (Allocation Failure) 
Desired survivor size 119013376 bytes, new threshold 1 (max 15)
[PSYoungGen: 232960K->116224K(232960K)] 530571K->501242K(932352K), 0.0300158 secs] [Times: user=0.18 sys=0.00, real=0.03 secs] 
20.714: Total time for which application threads were stopped: 0.0301277 seconds
20.725: [GC (Allocation Failure) 
Desired survivor size 119013376 bytes, new threshold 1 (max 15)
[PSYoungGen: 232960K->116224K(232960K)] 617978K->590897K(932352K), 0.0308397 secs] [Times: user=0.21 sys=0.00, real=0.03 secs] 
20.755: Total time for which application threads were stopped: 0.0309689 seconds
20.764: [GC (Allocation Failure) 
Desired survivor size 119013376 bytes, new threshold 1 (max 15)
[PSYoungGen: 232960K->116224K(232960K)] 707633K->678274K(932352K), 0.0309153 secs] [Times: user=0.22 sys=0.00, real=0.03 secs] 
20.795: [Full GC (Ergonomics) [PSYoungGen: 116224K->0K(232960K)] [ParOldGen: 562050K->194921K(699392K)] 678274K->194921K(932352K), [Metaspace: 4213K->4213K(1056768K)], 0.0461259 secs] [Times: user=0.30 sys=0.01, real=0.05 secs] 
20.842: Total time for which application threads were stopped: 0.0772806 seconds
20.852: [GC (Allocation Failure) 
Desired survivor size 119013376 bytes, new threshold 1 (max 15)
[PSYoungGen: 116736K->116224K(232960K)] 311657K->318706K(932352K), 0.0169510 secs] [Times: user=0.13 sys=0.00, real=0.02 secs] 
20.869: Total time for which application threads were stopped: 0.0170565 seconds
20.879: [GC (Allocation Failure) 
Desired survivor size 119013376 bytes, new threshold 1 (max 15)
[PSYoungGen: 232960K->116224K(232960K)] 435442K->414150K(932352K), 0.0325526 secs] [Times: user=0.22 sys=0.00, real=0.03 secs] 
20.911: Total time for which application threads were stopped: 0.0326766 seconds
20.921: [GC (Allocation Failure) 
Desired survivor size 119013376 bytes, new threshold 1 (max 15)
[PSYoungGen: 232960K->116224K(232960K)] 530886K->501678K(932352K), 0.0292440 secs] [Times: user=0.20 sys=0.00, real=0.03 secs] 
20.950: Total time for which application threads were stopped: 0.0293503 seconds
20.962: [GC (Allocation Failure) 
Desired survivor size 119013376 bytes, new threshold 1 (max 15)
[PSYoungGen: 232960K->116224K(232960K)] 618414K->589893K(932352K), 0.0293676 secs] [Times: user=0.20 sys=0.00, real=0.03 secs] 
20.991: Total time for which application threads were stopped: 0.0294966 seconds
21.000: [GC (Allocation Failure) 
Desired survivor size 119013376 bytes, new threshold 1 (max 15)
[PSYoungGen: 232960K->116224K(232960K)] 706629K->677284K(932352K), 0.0314476 secs] [Times: user=0.22 sys=0.00, real=0.03 secs] 
21.032: [Full GC (Ergonomics) [PSYoungGen: 116224K->0K(232960K)] [ParOldGen: 561060K->194921K(699392K)] 677284K->194921K(932352K), [Metaspace: 4213K->4213K(1056768K)], 0.0474155 secs] [Times: user=0.33 sys=0.00, real=0.05 secs] 
21.079: Total time for which application threads were stopped: 0.0790807 seconds
21.090: [GC (Allocation Failure) 
Desired survivor size 119013376 bytes, new threshold 1 (max 15)
[PSYoungGen: 116736K->116224K(232960K)] 311657K->318676K(932352K), 0.0173408 secs] [Times: user=0.12 sys=0.01, real=0.02 secs] 
21.108: Total time for which application threads were stopped: 0.0174461 seconds
21.117: [GC (Allocation Failure) 
Desired survivor size 119013376 bytes, new threshold 1 (max 15)
[PSYoungGen: 232960K->116224K(232960K)] 435412K->414142K(932352K), 0.0326498 secs] [Times: user=0.23 sys=0.00, real=0.04 secs] 
21.149: Total time for which application threads were stopped: 0.0327502 seconds
21.159: [GC (Allocation Failure) 
Desired survivor size 119013376 bytes, new threshold 1 (max 15)
[PSYoungGen: 232960K->116224K(232960K)] 530878K->501717K(932352K), 0.0292706 secs] [Times: user=0.22 sys=0.00, real=0.03 secs] 
21.188: Total time for which application threads were stopped: 0.0293765 seconds
21.199: [GC (Allocation Failure) 
Desired survivor size 119013376 bytes, new threshold 1 (max 15)
[PSYoungGen: 232960K->116224K(232960K)] 618453K->592397K(932352K), 0.0292085 secs] [Times: user=0.20 sys=0.00, real=0.03 secs] 
21.229: Total time for which application threads were stopped: 0.0293277 seconds
21.238: [GC (Allocation Failure) 
Desired survivor size 119013376 bytes, new threshold 1 (max 15)
[PSYoungGen: 232960K->116224K(232960K)] 709133K->680088K(932352K), 0.0313100 secs] [Times: user=0.23 sys=0.00, real=0.03 secs] 
21.269: [Full GC (Ergonomics) [PSYoungGen: 116224K->0K(232960K)] [ParOldGen: 563864K->194921K(699392K)] 680088K->194921K(932352K), [Metaspace: 4213K->4213K(1056768K)], 0.0484552 secs] [Times: user=0.33 sys=0.00, real=0.05 secs] 
21.318: Total time for which application threads were stopped: 0.0799582 seconds
21.329: [GC (Allocation Failure) 
Desired survivor size 119013376 bytes, new threshold 1 (max 15)
[PSYoungGen: 116736K->116224K(232960K)] 311657K->318679K(932352K), 0.0175467 secs] [Times: user=0.11 sys=0.00, real=0.01 secs] 
21.346: Total time for which application threads were stopped: 0.0176628 seconds
21.356: [GC (Allocation Failure) 
Desired survivor size 119013376 bytes, new threshold 1 (max 15)
[PSYoungGen: 232960K->116224K(232960K)] 435415K->413930K(932352K), 0.0329213 secs] [Times: user=0.24 sys=0.01, real=0.04 secs] 
21.389: Total time for which application threads were stopped: 0.0330475 seconds
21.399: [GC (Allocation Failure) 
Desired survivor size 119013376 bytes, new threshold 1 (max 15)
[PSYoungGen: 232960K->116224K(232960K)] 530666K->501639K(932352K), 0.0313971 secs] [Times: user=0.23 sys=0.00, real=0.03 secs] 
21.431: Total time for which application threads were stopped: 0.0315479 seconds
21.441: [GC (Allocation Failure) 
Desired survivor size 119013376 bytes, new threshold 1 (max 15)
[PSYoungGen: 232960K->116224K(232960K)] 618375K->589259K(932352K), 0.0310559 secs] [Times: user=0.22 sys=0.00, real=0.03 secs] 
21.472: Total time for which application threads were stopped: 0.0312005 seconds
21.482: [GC (Allocation Failure) 
Desired survivor size 119013376 bytes, new threshold 1 (max 15)
[PSYoungGen: 232960K->116224K(232960K)] 705995K->676630K(932352K), 0.0318659 secs] [Times: user=0.24 sys=0.00, real=0.03 secs] 
21.514: [Full GC (Ergonomics) [PSYoungGen: 116224K->0K(232960K)] [ParOldGen: 560406K->194921K(699392K)] 676630K->194921K(932352K), [Metaspace: 4213K->4213K(1056768K)], 0.0420593 secs] [Times: user=0.24 sys=0.00, real=0.04 secs] 
21.556: Total time for which application threads were stopped: 0.0741719 seconds
21.567: [GC (Allocation Failure) 
Desired survivor size 119013376 bytes, new threshold 1 (max 15)
[PSYoungGen: 116736K->116224K(232960K)] 311657K->318788K(932352K), 0.0188472 secs] [Times: user=0.12 sys=0.00, real=0.01 secs] 
21.586: Total time for which application threads were stopped: 0.0189508 seconds
21.596: [GC (Allocation Failure) 
Desired survivor size 119013376 bytes, new threshold 1 (max 15)
[PSYoungGen: 232960K->116224K(232960K)] 435524K->414156K(932352K), 0.0336935 secs] [Times: user=0.22 sys=0.00, real=0.04 secs] 
21.630: Total time for which application threads were stopped: 0.0338152 seconds
21.639: [GC (Allocation Failure) 
Desired survivor size 119013376 bytes, new threshold 1 (max 15)
[PSYoungGen: 232960K->116224K(232960K)] 530892K->501575K(932352K), 0.0314854 secs] [Times: user=0.21 sys=0.01, real=0.03 secs] 
21.671: Total time for which application threads were stopped: 0.0316001 seconds
21.680: [GC (Allocation Failure) 
Desired survivor size 119013376 bytes, new threshold 1 (max 15)
[PSYoungGen: 232960K->116224K(232960K)] 618311K->589215K(932352K), 0.0301527 secs] [Times: user=0.21 sys=0.00, real=0.03 secs] 
21.711: Total time for which application threads were stopped: 0.0302513 seconds
21.721: [GC (Allocation Failure) 
Desired survivor size 119013376 bytes, new threshold 1 (max 15)
[PSYoungGen: 232960K->109792K(232960K)] 705951K->665913K(932352K), 0.0298108 secs] [Times: user=0.19 sys=0.00, real=0.03 secs] 
21.751: Total time for which application threads were stopped: 0.0299465 seconds
21.760: [GC (Allocation Failure) 
Desired survivor size 119013376 bytes, new threshold 1 (max 15)
[PSYoungGen: 226528K->116224K(232960K)] 782649K->767652K(932352K), 0.0343170 secs] [Times: user=0.21 sys=0.01, real=0.03 secs] 
21.795: [Full GC (Ergonomics) [PSYoungGen: 116224K->0K(232960K)] [ParOldGen: 651428K->194921K(699392K)] 767652K->194921K(932352K), [Metaspace: 4213K->4213K(1056768K)], 0.0474033 secs] [Times: user=0.30 sys=0.00, real=0.05 secs] 
21.842: Total time for which application threads were stopped: 0.0820145 seconds
21.853: [GC (Allocation Failure) 
Desired survivor size 119013376 bytes, new threshold 1 (max 15)
[PSYoungGen: 116736K->116224K(232960K)] 311657K->318733K(932352K), 0.0177496 secs] [Times: user=0.12 sys=0.00, real=0.02 secs] 
21.871: Total time for which application threads were stopped: 0.0178754 seconds
21.882: [GC (Allocation Failure) 
Desired survivor size 119013376 bytes, new threshold 1 (max 15)
[PSYoungGen: 232960K->116224K(232960K)] 435469K->406247K(932352K), 0.0298909 secs] [Times: user=0.22 sys=0.00, real=0.03 secs] 
21.912: Total time for which application threads were stopped: 0.0300507 seconds
21.922: [GC (Allocation Failure) 
Desired survivor size 119013376 bytes, new threshold 1 (max 15)
[PSYoungGen: 232960K->116224K(232960K)] 522983K->501501K(932352K), 0.0327894 secs] [Times: user=0.21 sys=0.00, real=0.03 secs] 
21.955: Total time for which application threads were stopped: 0.0329012 seconds
21.964: [GC (Allocation Failure) 
Desired survivor size 119013376 bytes, new threshold 1 (max 15)
[PSYoungGen: 232960K->116224K(232960K)] 618237K->589244K(932352K), 0.0305021 secs] [Times: user=0.22 sys=0.01, real=0.03 secs] 
21.995: Total time for which application threads were stopped: 0.0306205 seconds
22.004: [GC (Allocation Failure) 
Desired survivor size 119013376 bytes, new threshold 1 (max 15)
[PSYoungGen: 232960K->116224K(232960K)] 705980K->676583K(932352K), 0.0306485 secs] [Times: user=0.23 sys=0.00, real=0.03 secs] 
22.035: [Full GC (Ergonomics) [PSYoungGen: 116224K->0K(232960K)] [ParOldGen: 560359K->194921K(699392K)] 676583K->194921K(932352K), [Metaspace: 4213K->4213K(1056768K)], 0.0443498 secs] [Times: user=0.29 sys=0.00, real=0.05 secs] 
22.080: Total time for which application threads were stopped: 0.0752245 seconds
22.090: [GC (Allocation Failure) 
Desired survivor size 119013376 bytes, new threshold 1 (max 15)
[PSYoungGen: 116736K->116224K(232960K)] 311657K->318740K(932352K), 0.0176621 secs] [Times: user=0.12 sys=0.00, real=0.02 secs] 
22.108: Total time for which application threads were stopped: 0.0177864 seconds
22.117: [GC (Allocation Failure) 
Desired survivor size 119013376 bytes, new threshold 1 (max 15)
[PSYoungGen: 232960K->116224K(232960K)] 435476K->406285K(932352K), 0.0288101 secs] [Times: user=0.22 sys=0.00, real=0.02 secs] 
22.146: Total time for which application threads were stopped: 0.0289395 seconds
22.155: [GC (Allocation Failure) 
Desired survivor size 119013376 bytes, new threshold 1 (max 15)
[PSYoungGen: 232960K->116224K(232960K)] 523021K->501643K(932352K), 0.0332251 secs] [Times: user=0.23 sys=0.00, real=0.04 secs] 
22.188: Total time for which application threads were stopped: 0.0333335 seconds
22.198: [GC (Allocation Failure) 
Desired survivor size 119013376 bytes, new threshold 1 (max 15)
[PSYoungGen: 232960K->116224K(232960K)] 618379K->589338K(932352K), 0.0305670 secs] [Times: user=0.22 sys=0.00, real=0.03 secs] 
22.228: Total time for which application threads were stopped: 0.0306927 seconds
22.238: [GC (Allocation Failure) 
Desired survivor size 119013376 bytes, new threshold 1 (max 15)
[PSYoungGen: 232960K->116224K(232960K)] 706074K->676836K(932352K), 0.0303657 secs] [Times: user=0.22 sys=0.00, real=0.03 secs] 
22.269: [Full GC (Ergonomics) [PSYoungGen: 116224K->0K(232960K)] [ParOldGen: 560612K->194921K(699392K)] 676836K->194921K(932352K), [Metaspace: 4213K->4213K(1056768K)], 0.0420067 secs] [Times: user=0.28 sys=0.00, real=0.04 secs] 
22.311: Total time for which application threads were stopped: 0.0725706 seconds
22.322: [GC (Allocation Failure) 
Desired survivor size 119013376 bytes, new threshold 1 (max 15)
[PSYoungGen: 116736K->116224K(232960K)] 311657K->318633K(932352K), 0.0169455 secs] [Times: user=0.12 sys=0.01, real=0.02 secs] 
22.339: Total time for which application threads were stopped: 0.0170587 seconds
22.348: [GC (Allocation Failure) 
Desired survivor size 119013376 bytes, new threshold 1 (max 15)
[PSYoungGen: 232960K->116224K(232960K)] 435369K->406344K(932352K), 0.0290361 secs] [Times: user=0.20 sys=0.00, real=0.03 secs] 
22.377: Total time for which application threads were stopped: 0.0291425 seconds
22.386: [GC (Allocation Failure) 
Desired survivor size 119013376 bytes, new threshold 1 (max 15)
[PSYoungGen: 232960K->116224K(232960K)] 523080K->501719K(932352K), 0.0327954 secs] [Times: user=0.24 sys=0.00, real=0.04 secs] 
22.419: Total time for which application threads were stopped: 0.0329007 seconds
22.428: [GC (Allocation Failure) 
Desired survivor size 119013376 bytes, new threshold 1 (max 15)
[PSYoungGen: 232960K->116224K(232960K)] 618455K->589266K(932352K), 0.0305953 secs] [Times: user=0.21 sys=0.00, real=0.03 secs] 
22.459: Total time for which application threads were stopped: 0.0307313 seconds
22.469: [GC (Allocation Failure) 
Desired survivor size 119013376 bytes, new threshold 1 (max 15)
[PSYoungGen: 232960K->116224K(232960K)] 706002K->676684K(932352K), 0.0301480 secs] [Times: user=0.22 sys=0.00, real=0.03 secs] 
22.499: [Full GC (Ergonomics) [PSYoungGen: 116224K->0K(232960K)] [ParOldGen: 560460K->194921K(699392K)] 676684K->194921K(932352K), [Metaspace: 4213K->4213K(1056768K)], 0.0458569 secs] [Times: user=0.32 sys=0.00, real=0.04 secs] 
22.545: Total time for which application threads were stopped: 0.0761876 seconds
22.556: [GC (Allocation Failure) 
Desired survivor size 119013376 bytes, new threshold 1 (max 15)
[PSYoungGen: 116736K->116224K(232960K)] 311657K->318874K(932352K), 0.0173258 secs] [Times: user=0.11 sys=0.00, real=0.02 secs] 
22.573: Total time for which application threads were stopped: 0.0174278 seconds
22.582: [GC (Allocation Failure) 
Desired survivor size 119013376 bytes, new threshold 1 (max 15)
[PSYoungGen: 232960K->116224K(232960K)] 435610K->406249K(932352K), 0.0289431 secs] [Times: user=0.20 sys=0.00, real=0.03 secs] 
22.611: Total time for which application threads were stopped: 0.0290520 seconds
22.621: [GC (Allocation Failure) 
Desired survivor size 119013376 bytes, new threshold 1 (max 15)
[PSYoungGen: 232960K->116224K(232960K)] 522985K->501558K(932352K), 0.0325943 secs] [Times: user=0.23 sys=0.00, real=0.03 secs] 
22.654: Total time for which application threads were stopped: 0.0327784 seconds
22.663: [GC (Allocation Failure) 
Desired survivor size 119013376 bytes, new threshold 1 (max 15)
[PSYoungGen: 232960K->116224K(232960K)] 618294K->589044K(932352K), 0.0306089 secs] [Times: user=0.21 sys=0.00, real=0.03 secs] 
22.694: Total time for which application threads were stopped: 0.0307106 seconds
22.703: [GC (Allocation Failure) 
Desired survivor size 119013376 bytes, new threshold 1 (max 15)
[PSYoungGen: 232960K->116224K(232960K)] 705780K->676839K(932352K), 0.0303244 secs] [Times: user=0.22 sys=0.01, real=0.03 secs] 
22.734: [Full GC (Ergonomics) [PSYoungGen: 116224K->0K(232960K)] [ParOldGen: 560615K->194921K(699392K)] 676839K->194921K(932352K), [Metaspace: 4213K->4213K(1056768K)], 0.0433460 secs] [Times: user=0.28 sys=0.00, real=0.05 secs] 
22.777: Total time for which application threads were stopped: 0.0738737 seconds
22.788: [GC (Allocation Failure) 
Desired survivor size 119013376 bytes, new threshold 1 (max 15)
[PSYoungGen: 116736K->116224K(232960K)] 311657K->318648K(932352K), 0.0171021 secs] [Times: user=0.09 sys=0.00, real=0.01 secs] 
22.805: Total time for which application threads were stopped: 0.0172259 seconds
22.814: [GC (Allocation Failure) 
Desired survivor size 119013376 bytes, new threshold 1 (max 15)
[PSYoungGen: 232960K->116224K(232960K)] 435384K->406267K(932352K), 0.0295500 secs] [Times: user=0.22 sys=0.00, real=0.03 secs] 
22.844: Total time for which application threads were stopped: 0.0296609 seconds
22.854: [GC (Allocation Failure) 
Desired survivor size 119013376 bytes, new threshold 1 (max 15)
[PSYoungGen: 232960K->116224K(232960K)] 523003K->501514K(932352K), 0.0321917 secs] [Times: user=0.24 sys=0.00, real=0.03 secs] 
22.886: Total time for which application threads were stopped: 0.0323062 seconds
22.896: [GC (Allocation Failure) 
Desired survivor size 119013376 bytes, new threshold 1 (max 15)
[PSYoungGen: 232960K->73472K(232960K)] 618250K->581435K(932352K), 0.0277380 secs] [Times: user=0.20 sys=0.00, real=0.03 secs] 
22.924: Total time for which application threads were stopped: 0.0278684 seconds
22.935: [GC (Allocation Failure) 
Desired survivor size 119013376 bytes, new threshold 1 (max 15)
[PSYoungGen: 190208K->116224K(232960K)] 698171K->711333K(932352K), 0.0307155 secs] [Times: user=0.22 sys=0.00, real=0.03 secs] 
22.966: [Full GC (Ergonomics) [PSYoungGen: 116224K->0K(232960K)] [ParOldGen: 595109K->194921K(699392K)] 711333K->194921K(932352K), [Metaspace: 4213K->4213K(1056768K)], 0.0480866 secs] [Times: user=0.33 sys=0.00, real=0.05 secs] 
23.014: Total time for which application threads were stopped: 0.0789890 seconds
23.024: [GC (Allocation Failure) 
Desired survivor size 119013376 bytes, new threshold 1 (max 15)
[PSYoungGen: 116736K->116224K(232960K)] 311657K->318835K(932352K), 0.0196446 secs] [Times: user=0.13 sys=0.00, real=0.02 secs] 
23.044: Total time for which application threads were stopped: 0.0197476 seconds
23.054: [GC (Allocation Failure) 
Desired survivor size 119013376 bytes, new threshold 1 (max 15)
[PSYoungGen: 232960K->116224K(232960K)] 435571K->406470K(932352K), 0.0308067 secs] [Times: user=0.21 sys=0.00, real=0.03 secs] 
23.085: Total time for which application threads were stopped: 0.0309202 seconds
23.094: [GC (Allocation Failure) 
Desired survivor size 119013376 bytes, new threshold 1 (max 15)
[PSYoungGen: 232960K->116224K(232960K)] 523206K->494039K(932352K), 0.0332831 secs] [Times: user=0.23 sys=0.00, real=0.04 secs] 
23.127: Total time for which application threads were stopped: 0.0333886 seconds
23.138: [GC (Allocation Failure) 
Desired survivor size 119013376 bytes, new threshold 1 (max 15)
[PSYoungGen: 232960K->116224K(232960K)] 610775K->581818K(932352K), 0.0304135 secs] [Times: user=0.21 sys=0.00, real=0.03 secs] 
23.169: Total time for which application threads were stopped: 0.0305565 seconds
23.179: [GC (Allocation Failure) 
Desired survivor size 119013376 bytes, new threshold 1 (max 15)
[PSYoungGen: 232960K->116224K(232960K)] 698554K->677081K(932352K), 0.0323052 secs] [Times: user=0.24 sys=0.00, real=0.03 secs] 
23.211: [Full GC (Ergonomics) [PSYoungGen: 116224K->0K(232960K)] [ParOldGen: 560857K->194921K(699392K)] 677081K->194921K(932352K), [Metaspace: 4213K->4213K(1056768K)], 0.0431080 secs] [Times: user=0.28 sys=0.00, real=0.04 secs] 
23.254: Total time for which application threads were stopped: 0.0756392 seconds
23.265: [GC (Allocation Failure) 
Desired survivor size 119013376 bytes, new threshold 1 (max 15)
[PSYoungGen: 116736K->116224K(232960K)] 311657K->318774K(932352K), 0.0173566 secs] [Times: user=0.10 sys=0.00, real=0.02 secs] 
23.282: Total time for which application threads were stopped: 0.0174654 seconds
23.292: [GC (Allocation Failure) 
Desired survivor size 119013376 bytes, new threshold 1 (max 15)
[PSYoungGen: 232960K->116224K(232960K)] 435510K->406444K(932352K), 0.0302521 secs] [Times: user=0.21 sys=0.00, real=0.03 secs] 
23.322: Total time for which application threads were stopped: 0.0303814 seconds
23.332: [GC (Allocation Failure) 
Desired survivor size 119013376 bytes, new threshold 1 (max 15)
[PSYoungGen: 232960K->116224K(232960K)] 523180K->494079K(932352K), 0.0333022 secs] [Times: user=0.22 sys=0.01, real=0.03 secs] 
23.365: Total time for which application threads were stopped: 0.0334451 seconds
23.375: [GC (Allocation Failure) 
Desired survivor size 119013376 bytes, new threshold 1 (max 15)
[PSYoungGen: 232960K->116224K(232960K)] 610815K->582011K(932352K), 0.0301283 secs] [Times: user=0.19 sys=0.00, real=0.03 secs] 
23.405: Total time for which application threads were stopped: 0.0302727 seconds
23.415: [GC (Allocation Failure) 
Desired survivor size 119013376 bytes, new threshold 1 (max 15)
[PSYoungGen: 232960K->116224K(232960K)] 698747K->677327K(932352K), 0.0328670 secs] [Times: user=0.22 sys=0.00, real=0.04 secs] 
23.448: [Full GC (Ergonomics) [PSYoungGen: 116224K->0K(232960K)] [ParOldGen: 561103K->194921K(699392K)] 677327K->194921K(932352K), [Metaspace: 4213K->4213K(1056768K)], 0.0417587 secs] [Times: user=0.27 sys=0.00, real=0.04 secs] 
23.490: Total time for which application threads were stopped: 0.0748087 seconds
23.500: [GC (Allocation Failure) 
Desired survivor size 119013376 bytes, new threshold 1 (max 15)
[PSYoungGen: 116736K->116224K(232960K)] 311657K->318696K(932352K), 0.0173486 secs] [Times: user=0.13 sys=0.00, real=0.02 secs] 
23.517: Total time for which application threads were stopped: 0.0174540 seconds
23.527: [GC (Allocation Failure) 
Desired survivor size 119013376 bytes, new threshold 1 (max 15)
[PSYoungGen: 232960K->116224K(232960K)] 435432K->406437K(932352K), 0.0297958 secs] [Times: user=0.21 sys=0.00, real=0.03 secs] 
23.557: Total time for which application threads were stopped: 0.0299310 seconds
23.566: [GC (Allocation Failure) 
Desired survivor size 119013376 bytes, new threshold 1 (max 15)
[PSYoungGen: 232960K->116224K(232960K)] 523173K->494260K(932352K), 0.0308352 secs] [Times: user=0.21 sys=0.00, real=0.04 secs] 
23.597: Total time for which application threads were stopped: 0.0309641 seconds
23.607: [GC (Allocation Failure) 
Desired survivor size 119013376 bytes, new threshold 1 (max 15)
[PSYoungGen: 232960K->116224K(232960K)] 610996K->581832K(932352K), 0.0298168 secs] [Times: user=0.22 sys=0.00, real=0.03 secs] 
23.637: Total time for which application threads were stopped: 0.0299289 seconds
23.647: [GC (Allocation Failure) 
Desired survivor size 119013376 bytes, new threshold 1 (max 15)
[PSYoungGen: 232960K->116224K(232960K)] 698568K->677353K(932352K), 0.0317022 secs] [Times: user=0.24 sys=0.00, real=0.03 secs] 
23.679: [Full GC (Ergonomics) [PSYoungGen: 116224K->0K(232960K)] [ParOldGen: 561129K->194921K(699392K)] 677353K->194921K(932352K), [Metaspace: 4213K->4213K(1056768K)], 0.0423677 secs] [Times: user=0.28 sys=0.01, real=0.04 secs] 
23.721: Total time for which application threads were stopped: 0.0742664 seconds
23.732: [GC (Allocation Failure) 
Desired survivor size 119013376 bytes, new threshold 1 (max 15)
[PSYoungGen: 116736K->116224K(232960K)] 311657K->318687K(932352K), 0.0173873 secs] [Times: user=0.11 sys=0.00, real=0.02 secs] 
23.749: Total time for which application threads were stopped: 0.0175172 seconds
23.758: [GC (Allocation Failure) 
Desired survivor size 119013376 bytes, new threshold 1 (max 15)
[PSYoungGen: 232960K->116224K(232960K)] 435423K->406233K(932352K), 0.0299205 secs] [Times: user=0.22 sys=0.00, real=0.03 secs] 
23.788: Total time for which application threads were stopped: 0.0300381 seconds
23.798: [GC (Allocation Failure) 
Desired survivor size 119013376 bytes, new threshold 1 (max 15)
[PSYoungGen: 232960K->116224K(232960K)] 522969K->493884K(932352K), 0.0309221 secs] [Times: user=0.20 sys=0.00, real=0.03 secs] 
23.829: Total time for which application threads were stopped: 0.0310417 seconds
23.839: [GC (Allocation Failure) 
Desired survivor size 119013376 bytes, new threshold 1 (max 15)
[PSYoungGen: 232960K->116224K(232960K)] 610620K->581571K(932352K), 0.0293956 secs] [Times: user=0.21 sys=0.00, real=0.03 secs] 
23.868: Total time for which application threads were stopped: 0.0295231 seconds
23.879: [GC (Allocation Failure) 
Desired survivor size 119013376 bytes, new threshold 1 (max 15)
[PSYoungGen: 232960K->116224K(232960K)] 698307K->676836K(932352K), 0.0310279 secs] [Times: user=0.22 sys=0.00, real=0.03 secs] 
23.910: [Full GC (Ergonomics) [PSYoungGen: 116224K->0K(232960K)] [ParOldGen: 560612K->194921K(699392K)] 676836K->194921K(932352K), [Metaspace: 4213K->4213K(1056768K)], 0.0432533 secs] [Times: user=0.28 sys=0.00, real=0.04 secs] 
23.953: Total time for which application threads were stopped: 0.0744676 seconds
23.963: [GC (Allocation Failure) 
Desired survivor size 119013376 bytes, new threshold 1 (max 15)
[PSYoungGen: 116736K->116224K(232960K)] 311657K->318758K(932352K), 0.0181531 secs] [Times: user=0.12 sys=0.00, real=0.02 secs] 
23.981: Total time for which application threads were stopped: 0.0182711 seconds
23.991: [GC (Allocation Failure) 
Desired survivor size 119013376 bytes, new threshold 1 (max 15)
[PSYoungGen: 232960K->116224K(232960K)] 435494K->406205K(932352K), 0.0298348 secs] [Times: user=0.21 sys=0.00, real=0.03 secs] 
24.021: Total time for which application threads were stopped: 0.0299527 seconds
24.030: [GC (Allocation Failure) 
Desired survivor size 119013376 bytes, new threshold 1 (max 15)
[PSYoungGen: 232960K->116224K(232960K)] 522941K->494169K(932352K), 0.0305666 secs] [Times: user=0.22 sys=0.01, real=0.03 secs] 
24.060: Total time for which application threads were stopped: 0.0307017 seconds
24.070: [GC (Allocation Failure) 
Desired survivor size 119013376 bytes, new threshold 1 (max 15)
[PSYoungGen: 232960K->86176K(232960K)] 610905K->584277K(932352K), 0.0301402 secs] [Times: user=0.21 sys=0.00, real=0.03 secs] 
24.100: Total time for which application threads were stopped: 0.0302505 seconds
24.110: [GC (Allocation Failure) 
Desired survivor size 119013376 bytes, new threshold 1 (max 15)
[PSYoungGen: 202912K->116224K(232960K)] 701013K->698223K(932352K), 0.0306658 secs] [Times: user=0.23 sys=0.00, real=0.03 secs] 
24.140: [Full GC (Ergonomics) [PSYoungGen: 116224K->0K(232960K)] [ParOldGen: 581999K->194921K(699392K)] 698223K->194921K(932352K), [Metaspace: 4213K->4213K(1056768K)], 0.0404835 secs] [Times: user=0.24 sys=0.00, real=0.04 secs] 
24.181: Total time for which application threads were stopped: 0.0713434 seconds
24.192: [GC (Allocation Failure) 
Desired survivor size 119013376 bytes, new threshold 1 (max 15)
[PSYoungGen: 116736K->116224K(232960K)] 311657K->318698K(932352K), 0.0166745 secs] [Times: user=0.13 sys=0.00, real=0.02 secs] 
24.208: Total time for which application threads were stopped: 0.0167782 seconds
24.217: [GC (Allocation Failure) 
Desired survivor size 119013376 bytes, new threshold 1 (max 15)
[PSYoungGen: 232960K->116224K(232960K)] 435434K->414091K(932352K), 0.0322360 secs] [Times: user=0.23 sys=0.00, real=0.03 secs] 
24.250: Total time for which application threads were stopped: 0.0323347 seconds
24.259: [GC (Allocation Failure) 
Desired survivor size 119013376 bytes, new threshold 1 (max 15)
[PSYoungGen: 232960K->116224K(232960K)] 530827K->501668K(932352K), 0.0310299 secs] [Times: user=0.20 sys=0.00, real=0.03 secs] 
24.290: Total time for which application threads were stopped: 0.0311937 seconds
24.300: [GC (Allocation Failure) 
Desired survivor size 119013376 bytes, new threshold 1 (max 15)
[PSYoungGen: 232960K->116224K(232960K)] 618404K->589236K(932352K), 0.0303079 secs] [Times: user=0.21 sys=0.00, real=0.03 secs] 
24.331: Total time for which application threads were stopped: 0.0304162 seconds
24.340: [GC (Allocation Failure) 
Desired survivor size 119013376 bytes, new threshold 1 (max 15)
[PSYoungGen: 232960K->116224K(232960K)] 705972K->676761K(932352K), 0.0313394 secs] [Times: user=0.22 sys=0.00, real=0.03 secs] 
24.371: [Full GC (Ergonomics) [PSYoungGen: 116224K->0K(232960K)] [ParOldGen: 560537K->194921K(699392K)] 676761K->194921K(932352K), [Metaspace: 4213K->4213K(1056768K)], 0.0423065 secs] [Times: user=0.29 sys=0.01, real=0.04 secs] 
24.413: Total time for which application threads were stopped: 0.0738722 seconds
24.424: [GC (Allocation Failure) 
Desired survivor size 119013376 bytes, new threshold 1 (max 15)
[PSYoungGen: 116736K->116224K(232960K)] 311657K->318605K(932352K), 0.0169437 secs] [Times: user=0.10 sys=0.00, real=0.02 secs] 
24.441: Total time for which application threads were stopped: 0.0170424 seconds
24.450: [GC (Allocation Failure) 
Desired survivor size 119013376 bytes, new threshold 1 (max 15)
[PSYoungGen: 232960K->116224K(232960K)] 435341K->413763K(932352K), 0.0318665 secs] [Times: user=0.24 sys=0.00, real=0.03 secs] 
24.482: Total time for which application threads were stopped: 0.0319768 seconds
24.491: [GC (Allocation Failure) 
Desired survivor size 119013376 bytes, new threshold 1 (max 15)
[PSYoungGen: 232960K->116224K(232960K)] 530499K->501485K(932352K), 0.0303903 secs] [Times: user=0.22 sys=0.00, real=0.03 secs] 
24.522: Total time for which application threads were stopped: 0.0304967 seconds
24.532: [GC (Allocation Failure) 
Desired survivor size 119013376 bytes, new threshold 1 (max 15)
[PSYoungGen: 232960K->116224K(232960K)] 618221K->589125K(932352K), 0.0298963 secs] [Times: user=0.21 sys=0.00, real=0.03 secs] 
24.562: Total time for which application threads were stopped: 0.0300194 seconds
24.571: [GC (Allocation Failure) 
Desired survivor size 119013376 bytes, new threshold 1 (max 15)
[PSYoungGen: 232960K->116224K(232960K)] 705861K->676631K(932352K), 0.0315912 secs] [Times: user=0.21 sys=0.00, real=0.03 secs] 
24.603: [Full GC (Ergonomics) [PSYoungGen: 116224K->0K(232960K)] [ParOldGen: 560407K->194921K(699392K)] 676631K->194921K(932352K), [Metaspace: 4213K->4213K(1056768K)], 0.0464006 secs] [Times: user=0.29 sys=0.01, real=0.05 secs] 
24.649: Total time for which application threads were stopped: 0.0781798 seconds
24.659: [GC (Allocation Failure) 
Desired survivor size 119013376 bytes, new threshold 1 (max 15)
[PSYoungGen: 116736K->116224K(232960K)] 311657K->318735K(932352K), 0.0164427 secs] [Times: user=0.11 sys=0.00, real=0.01 secs] 
24.676: Total time for which application threads were stopped: 0.0165601 seconds
24.685: [GC (Allocation Failure) 
Desired survivor size 119013376 bytes, new threshold 1 (max 15)
[PSYoungGen: 232960K->116224K(232960K)] 435471K->414091K(932352K), 0.0320737 secs] [Times: user=0.21 sys=0.00, real=0.04 secs] 
24.717: Total time for which application threads were stopped: 0.0322066 seconds
24.727: [GC (Allocation Failure) 
Desired survivor size 119013376 bytes, new threshold 1 (max 15)
[PSYoungGen: 232960K->116224K(232960K)] 530827K->501748K(932352K), 0.0303696 secs] [Times: user=0.22 sys=0.00, real=0.03 secs] 
24.757: Total time for which application threads were stopped: 0.0305080 seconds
24.767: [GC (Allocation Failure) 
Desired survivor size 119013376 bytes, new threshold 1 (max 15)
[PSYoungGen: 232960K->116224K(232960K)] 618484K->589359K(932352K), 0.0299241 secs] [Times: user=0.20 sys=0.00, real=0.03 secs] 
24.797: Total time for which application threads were stopped: 0.0300443 seconds
24.806: [GC (Allocation Failure) 
Desired survivor size 119013376 bytes, new threshold 1 (max 15)
[PSYoungGen: 232960K->116224K(232960K)] 706095K->677015K(932352K), 0.0311787 secs] [Times: user=0.22 sys=0.00, real=0.03 secs] 
24.837: [Full GC (Ergonomics) [PSYoungGen: 116224K->0K(232960K)] [ParOldGen: 560791K->194807K(699392K)] 677015K->194807K(932352K), [Metaspace: 4213K->4213K(1056768K)], 0.0482376 secs] [Times: user=0.28 sys=0.01, real=0.04 secs] 
24.885: Total time for which application threads were stopped: 0.0796386 seconds
24.896: [GC (Allocation Failure) 
Desired survivor size 119013376 bytes, new threshold 1 (max 15)
[PSYoungGen: 116736K->116224K(232960K)] 311543K->318680K(932352K), 0.0166270 secs] [Times: user=0.11 sys=0.00, real=0.01 secs] 
24.913: Total time for which application threads were stopped: 0.0167413 seconds
24.922: [GC (Allocation Failure) 
Desired survivor size 119013376 bytes, new threshold 1 (max 15)
[PSYoungGen: 232960K->116224K(232960K)] 435416K->413948K(932352K), 0.0325202 secs] [Times: user=0.22 sys=0.00, real=0.03 secs] 
24.955: Total time for which application threads were stopped: 0.0326262 seconds
24.964: [GC (Allocation Failure) 
Desired survivor size 119013376 bytes, new threshold 1 (max 15)
[PSYoungGen: 232960K->116224K(232960K)] 530684K->501399K(932352K), 0.0299983 secs] [Times: user=0.21 sys=0.00, real=0.03 secs] 
24.994: Total time for which application threads were stopped: 0.0301103 seconds
25.006: [GC (Allocation Failure) 
Desired survivor size 119013376 bytes, new threshold 1 (max 15)
[PSYoungGen: 232960K->116224K(232960K)] 618135K->589124K(932352K), 0.0281868 secs] [Times: user=0.19 sys=0.00, real=0.03 secs] 
25.034: Total time for which application threads were stopped: 0.0282981 seconds
25.043: [GC (Allocation Failure) 
Desired survivor size 119013376 bytes, new threshold 1 (max 15)
[PSYoungGen: 232960K->116224K(232960K)] 705860K->676627K(932352K), 0.0312310 secs] [Times: user=0.22 sys=0.00, real=0.03 secs] 
25.074: [Full GC (Ergonomics) [PSYoungGen: 116224K->0K(232960K)] [ParOldGen: 560403K->194921K(699392K)] 676627K->194921K(932352K), [Metaspace: 4213K->4213K(1056768K)], 0.0407231 secs] [Times: user=0.26 sys=0.00, real=0.04 secs] 
25.115: Total time for which application threads were stopped: 0.0721681 seconds
25.126: [GC (Allocation Failure) 
Desired survivor size 119013376 bytes, new threshold 1 (max 15)
[PSYoungGen: 116736K->116224K(232960K)] 311657K->318617K(932352K), 0.0171657 secs] [Times: user=0.12 sys=0.00, real=0.02 secs] 
25.143: Total time for which application threads were stopped: 0.0172771 seconds
25.153: [GC (Allocation Failure) 
Desired survivor size 119013376 bytes, new threshold 1 (max 15)
[PSYoungGen: 232960K->116224K(232960K)] 435353K->413896K(932352K), 0.0315328 secs] [Times: user=0.24 sys=0.00, real=0.03 secs] 
25.184: Total time for which application threads were stopped: 0.0316488 seconds
25.193: [GC (Allocation Failure) 
Desired survivor size 119013376 bytes, new threshold 1 (max 15)
[PSYoungGen: 232960K->116224K(232960K)] 530632K->501420K(932352K), 0.0305907 secs] [Times: user=0.23 sys=0.00, real=0.03 secs] 
25.224: Total time for which application threads were stopped: 0.0306904 seconds
25.234: [GC (Allocation Failure) 
Desired survivor size 119013376 bytes, new threshold 1 (max 15)
[PSYoungGen: 232960K->116224K(232960K)] 618156K->589118K(932352K), 0.0298427 secs] [Times: user=0.20 sys=0.01, real=0.03 secs] 
25.264: Total time for which application threads were stopped: 0.0299642 seconds
25.273: [GC (Allocation Failure) 
Desired survivor size 119013376 bytes, new threshold 1 (max 15)
[PSYoungGen: 232960K->116224K(232960K)] 705854K->666171K(932352K), 0.0293512 secs] [Times: user=0.22 sys=0.00, real=0.03 secs] 
25.303: Total time for which application threads were stopped: 0.0294943 seconds
25.312: [GC (Allocation Failure) 
Desired survivor size 119013376 bytes, new threshold 1 (max 15)
[PSYoungGen: 232960K->116224K(232960K)] 782907K->754106K(932352K), 0.0301052 secs] [Times: user=0.22 sys=0.00, real=0.03 secs] 
25.342: [Full GC (Ergonomics) [PSYoungGen: 116224K->0K(232960K)] [ParOldGen: 637882K->194921K(699392K)] 754106K->194921K(932352K), [Metaspace: 4213K->4213K(1056768K)], 0.0425608 secs] [Times: user=0.28 sys=0.00, real=0.04 secs] 
25.385: Total time for which application threads were stopped: 0.0728783 seconds
25.396: [GC (Allocation Failure) 
Desired survivor size 119013376 bytes, new threshold 1 (max 15)
[PSYoungGen: 116736K->116224K(232960K)] 311657K->318823K(932352K), 0.0171539 secs] [Times: user=0.11 sys=0.00, real=0.01 secs] 
25.413: Total time for which application threads were stopped: 0.0172593 seconds
25.422: [GC (Allocation Failure) 
Desired survivor size 119013376 bytes, new threshold 1 (max 15)
[PSYoungGen: 232960K->116224K(232960K)] 435559K->406510K(932352K), 0.0297433 secs] [Times: user=0.20 sys=0.00, real=0.03 secs] 
25.452: Total time for which application threads were stopped: 0.0298708 seconds
25.463: [GC (Allocation Failure) 
Desired survivor size 119013376 bytes, new threshold 1 (max 15)
[PSYoungGen: 232960K->116224K(232960K)] 523246K->501680K(932352K), 0.0321764 secs] [Times: user=0.22 sys=0.00, real=0.03 secs] 
25.495: Total time for which application threads were stopped: 0.0323109 seconds
25.504: [GC (Allocation Failure) 
Desired survivor size 119013376 bytes, new threshold 1 (max 15)
[PSYoungGen: 232960K->116224K(232960K)] 618416K->589119K(932352K), 0.0310270 secs] [Times: user=0.22 sys=0.00, real=0.03 secs] 
25.535: Total time for which application threads were stopped: 0.0311463 seconds
25.545: [GC (Allocation Failure) 
Desired survivor size 119013376 bytes, new threshold 1 (max 15)
[PSYoungGen: 232960K->116224K(232960K)] 705855K->677050K(932352K), 0.0297763 secs] [Times: user=0.20 sys=0.00, real=0.03 secs] 
25.575: [Full GC (Ergonomics) [PSYoungGen: 116224K->0K(232960K)] [ParOldGen: 560826K->194921K(699392K)] 677050K->194921K(932352K), [Metaspace: 4213K->4213K(1056768K)], 0.0428919 secs] [Times: user=0.26 sys=0.01, real=0.05 secs] 
25.618: Total time for which application threads were stopped: 0.0728630 seconds
25.628: [GC (Allocation Failure) 
Desired survivor size 119013376 bytes, new threshold 1 (max 15)
[PSYoungGen: 116736K->116224K(232960K)] 311657K->318722K(932352K), 0.0176978 secs] [Times: user=0.12 sys=0.00, real=0.02 secs] 
25.646: Total time for which application threads were stopped: 0.0178233 seconds
25.656: [GC (Allocation Failure) 
Desired survivor size 119013376 bytes, new threshold 1 (max 15)
[PSYoungGen: 232960K->116224K(232960K)] 435458K->406647K(932352K), 0.0285894 secs] [Times: user=0.20 sys=0.00, real=0.02 secs] 
25.684: Total time for which application threads were stopped: 0.0287074 seconds
25.694: [GC (Allocation Failure) 
Desired survivor size 119013376 bytes, new threshold 1 (max 15)
[PSYoungGen: 232960K->116224K(232960K)] 523383K->501947K(932352K), 0.0322103 secs] [Times: user=0.23 sys=0.00, real=0.04 secs] 
25.726: Total time for which application threads were stopped: 0.0324165 seconds
25.736: [GC (Allocation Failure) 
Desired survivor size 119013376 bytes, new threshold 1 (max 15)
[PSYoungGen: 232960K->116224K(232960K)] 618683K->589274K(932352K), 0.0315464 secs] [Times: user=0.21 sys=0.00, real=0.03 secs] 
25.767: Total time for which application threads were stopped: 0.0316732 seconds
25.778: [GC (Allocation Failure) 
Desired survivor size 119013376 bytes, new threshold 1 (max 15)
[PSYoungGen: 232960K->116224K(232960K)] 706010K->677035K(932352K), 0.0284902 secs] [Times: user=0.19 sys=0.00, real=0.03 secs] 
25.807: [Full GC (Ergonomics) [PSYoungGen: 116224K->0K(232960K)] [ParOldGen: 560811K->194921K(699392K)] 677035K->194921K(932352K), [Metaspace: 4213K->4213K(1056768K)], 0.0448197 secs] [Times: user=0.30 sys=0.01, real=0.04 secs] 
25.852: Total time for which application threads were stopped: 0.0735299 seconds
25.863: [GC (Allocation Failure) 
Desired survivor size 119013376 bytes, new threshold 1 (max 15)
[PSYoungGen: 116736K->116224K(232960K)] 311657K->318760K(932352K), 0.0174122 secs] [Times: user=0.11 sys=0.00, real=0.02 secs] 
25.880: Total time for which application threads were stopped: 0.0175245 seconds
25.889: [GC (Allocation Failure) 
Desired survivor size 119013376 bytes, new threshold 1 (max 15)
[PSYoungGen: 232960K->116224K(232960K)] 435496K->406356K(932352K), 0.0295876 secs] [Times: user=0.20 sys=0.00, real=0.03 secs] 
25.919: Total time for which application threads were stopped: 0.0297194 seconds
25.929: [GC (Allocation Failure) 
Desired survivor size 119013376 bytes, new threshold 1 (max 15)
[PSYoungGen: 232960K->116224K(232960K)] 523092K->501628K(932352K), 0.0304274 secs] [Times: user=0.22 sys=0.00, real=0.03 secs] 
25.960: Total time for which application threads were stopped: 0.0305339 seconds
25.969: [GC (Allocation Failure) 
Desired survivor size 119013376 bytes, new threshold 1 (max 15)
[PSYoungGen: 232960K->116224K(232960K)] 618364K->588991K(932352K), 0.0315937 secs] [Times: user=0.22 sys=0.00, real=0.03 secs] 
26.001: Total time for which application threads were stopped: 0.0317749 seconds
26.011: [GC (Allocation Failure) 
Desired survivor size 119013376 bytes, new threshold 1 (max 15)
[PSYoungGen: 232960K->116224K(232960K)] 705727K->676739K(932352K), 0.0322280 secs] [Times: user=0.22 sys=0.00, real=0.03 secs] 
26.043: [Full GC (Ergonomics) [PSYoungGen: 116224K->0K(232960K)] [ParOldGen: 560515K->194921K(699392K)] 676739K->194921K(932352K), [Metaspace: 4213K->4213K(1056768K)], 0.0426754 secs] [Times: user=0.25 sys=0.00, real=0.05 secs] 
26.086: Total time for which application threads were stopped: 0.0751162 seconds
26.097: [GC (Allocation Failure) 
Desired survivor size 119013376 bytes, new threshold 1 (max 15)
[PSYoungGen: 116736K->116224K(232960K)] 311657K->318605K(932352K), 0.0185758 secs] [Times: user=0.14 sys=0.00, real=0.02 secs] 
26.116: Total time for which application threads were stopped: 0.0186935 seconds
26.126: [GC (Allocation Failure) 
Desired survivor size 119013376 bytes, new threshold 1 (max 15)
[PSYoungGen: 232960K->116224K(232960K)] 435341K->406406K(932352K), 0.0306023 secs] [Times: user=0.18 sys=0.01, real=0.03 secs] 
26.157: Total time for which application threads were stopped: 0.0307141 seconds
26.168: [GC (Allocation Failure) 
Desired survivor size 119013376 bytes, new threshold 1 (max 15)
[PSYoungGen: 232960K->116224K(232960K)] 523142K->496332K(932352K), 0.0318445 secs] [Times: user=0.20 sys=0.00, real=0.03 secs] 
26.200: Total time for which application threads were stopped: 0.0319583 seconds
26.209: [GC (Allocation Failure) 
Desired survivor size 119013376 bytes, new threshold 1 (max 15)
[PSYoungGen: 232960K->116224K(232960K)] 613068K->583921K(932352K), 0.0320023 secs] [Times: user=0.22 sys=0.00, real=0.03 secs] 
26.241: Total time for which application threads were stopped: 0.0321310 seconds
26.251: [GC (Allocation Failure) 
Desired survivor size 119013376 bytes, new threshold 1 (max 15)
[PSYoungGen: 232960K->116224K(232960K)] 700657K->671607K(932352K), 0.0304386 secs] [Times: user=0.20 sys=0.00, real=0.03 secs] 
26.282: Total time for which application threads were stopped: 0.0305469 seconds
26.291: [GC (Allocation Failure) 
Desired survivor size 119013376 bytes, new threshold 1 (max 15)
[PSYoungGen: 232960K->116224K(232960K)] 788343K->763371K(932352K), 0.0331772 secs] [Times: user=0.22 sys=0.00, real=0.03 secs] 
26.325: [Full GC (Ergonomics) [PSYoungGen: 116224K->0K(232960K)] [ParOldGen: 647147K->194921K(699392K)] 763371K->194921K(932352K), [Metaspace: 4213K->4213K(1056768K)], 0.0424594 secs] [Times: user=0.27 sys=0.00, real=0.05 secs] 
26.367: Total time for which application threads were stopped: 0.0758583 seconds
26.378: [GC (Allocation Failure) 
Desired survivor size 119013376 bytes, new threshold 1 (max 15)
[PSYoungGen: 116736K->116224K(232960K)] 311657K->318692K(932352K), 0.0168353 secs] [Times: user=0.12 sys=0.00, real=0.01 secs] 
26.395: Total time for which application threads were stopped: 0.0169463 seconds
26.404: [GC (Allocation Failure) 
Desired survivor size 119013376 bytes, new threshold 1 (max 15)
[PSYoungGen: 232960K->116224K(232960K)] 435428K->414030K(932352K), 0.0314642 secs] [Times: user=0.24 sys=0.00, real=0.04 secs] 
26.436: Total time for which application threads were stopped: 0.0315758 seconds
26.445: [GC (Allocation Failure) 
Desired survivor size 119013376 bytes, new threshold 1 (max 15)
[PSYoungGen: 232960K->87936K(232960K)] 530766K->492647K(932352K), 0.0275919 secs] [Times: user=0.20 sys=0.00, real=0.03 secs] 
26.473: Total time for which application threads were stopped: 0.0277036 seconds
26.484: [GC (Allocation Failure) 
Desired survivor size 119013376 bytes, new threshold 1 (max 15)
[PSYoungGen: 204672K->116224K(232960K)] 609383K->616131K(932352K), 0.0303814 secs] [Times: user=0.21 sys=0.01, real=0.03 secs] 
26.515: Total time for which application threads were stopped: 0.0305027 seconds
26.524: [GC (Allocation Failure) 
Desired survivor size 119013376 bytes, new threshold 1 (max 15)
[PSYoungGen: 232960K->116224K(232960K)] 732867K->703868K(932352K), 0.0311715 secs] [Times: user=0.23 sys=0.00, real=0.03 secs] 
26.555: [Full GC (Ergonomics) [PSYoungGen: 116224K->0K(232960K)] [ParOldGen: 587644K->194921K(699392K)] 703868K->194921K(932352K), [Metaspace: 4213K->4213K(1056768K)], 0.0418902 secs] [Times: user=0.28 sys=0.00, real=0.05 secs] 
26.597: Total time for which application threads were stopped: 0.0732790 seconds
26.608: [GC (Allocation Failure) 
Desired survivor size 119013376 bytes, new threshold 1 (max 15)
[PSYoungGen: 116736K->116224K(232960K)] 311657K->318648K(932352K), 0.0165834 secs] [Times: user=0.12 sys=0.00, real=0.01 secs] 
26.625: Total time for which application threads were stopped: 0.0166989 seconds
26.634: [GC (Allocation Failure) 
Desired survivor size 119013376 bytes, new threshold 1 (max 15)
[PSYoungGen: 232960K->116224K(232960K)] 435384K->406175K(932352K), 0.0324030 secs] [Times: user=0.20 sys=0.00, real=0.04 secs] 
26.666: Total time for which application threads were stopped: 0.0325163 seconds
26.676: [GC (Allocation Failure) 
Desired survivor size 119013376 bytes, new threshold 1 (max 15)
[PSYoungGen: 232960K->116224K(232960K)] 522911K->493787K(932352K), 0.0293424 secs] [Times: user=0.21 sys=0.00, real=0.03 secs] 
26.706: Total time for which application threads were stopped: 0.0294543 seconds
26.717: [GC (Allocation Failure) 
Desired survivor size 119013376 bytes, new threshold 1 (max 15)
[PSYoungGen: 232960K->116224K(232960K)] 610523K->588978K(932352K), 0.0312848 secs] [Times: user=0.21 sys=0.00, real=0.03 secs] 
26.748: Total time for which application threads were stopped: 0.0314002 seconds
26.757: [GC (Allocation Failure) 
Desired survivor size 119013376 bytes, new threshold 1 (max 15)
[PSYoungGen: 232960K->116224K(232960K)] 705714K->676536K(932352K), 0.0313254 secs] [Times: user=0.23 sys=0.00, real=0.03 secs] 
26.788: [Full GC (Ergonomics) [PSYoungGen: 116224K->0K(232960K)] [ParOldGen: 560312K->194921K(699392K)] 676536K->194921K(932352K), [Metaspace: 4213K->4213K(1056768K)], 0.0425664 secs] [Times: user=0.28 sys=0.01, real=0.04 secs] 
26.831: Total time for which application threads were stopped: 0.0740825 seconds
26.842: [GC (Allocation Failure) 
Desired survivor size 119013376 bytes, new threshold 1 (max 15)
[PSYoungGen: 116736K->116224K(232960K)] 311657K->318702K(932352K), 0.0172204 secs] [Times: user=0.10 sys=0.00, real=0.02 secs] 
26.859: Total time for which application threads were stopped: 0.0173265 seconds
26.868: [GC (Allocation Failure) 
Desired survivor size 119013376 bytes, new threshold 1 (max 15)
[PSYoungGen: 232960K->116224K(232960K)] 435438K->406168K(932352K), 0.0316317 secs] [Times: user=0.22 sys=0.00, real=0.03 secs] 
26.900: Total time for which application threads were stopped: 0.0317401 seconds
26.909: [GC (Allocation Failure) 
Desired survivor size 119013376 bytes, new threshold 1 (max 15)
[PSYoungGen: 232960K->116224K(232960K)] 522904K->493892K(932352K), 0.0296585 secs] [Times: user=0.20 sys=0.00, real=0.03 secs] 
26.939: Total time for which application threads were stopped: 0.0297784 seconds
26.949: [GC (Allocation Failure) 
Desired survivor size 119013376 bytes, new threshold 1 (max 15)
[PSYoungGen: 232960K->116224K(232960K)] 610628K->589236K(932352K), 0.0321293 secs] [Times: user=0.21 sys=0.00, real=0.03 secs] 
26.982: Total time for which application threads were stopped: 0.0322508 seconds
26.991: [GC (Allocation Failure) 
Desired survivor size 119013376 bytes, new threshold 1 (max 15)
[PSYoungGen: 232960K->116224K(232960K)] 705972K->676778K(932352K), 0.0321470 secs] [Times: user=0.23 sys=0.00, real=0.03 secs] 
27.024: [Full GC (Ergonomics) [PSYoungGen: 116224K->0K(232960K)] [ParOldGen: 560554K->194921K(699392K)] 676778K->194921K(932352K), [Metaspace: 4213K->4213K(1056768K)], 0.0464652 secs] [Times: user=0.32 sys=0.00, real=0.05 secs] 
27.070: Total time for which application threads were stopped: 0.0788143 seconds
27.081: [GC (Allocation Failure) 
Desired survivor size 119013376 bytes, new threshold 1 (max 15)
[PSYoungGen: 116736K->116224K(232960K)] 311657K->318701K(932352K), 0.0160940 secs] [Times: user=0.11 sys=0.00, real=0.02 secs] 
27.097: Total time for which application threads were stopped: 0.0162047 seconds
27.106: [GC (Allocation Failure) 
Desired survivor size 119013376 bytes, new threshold 1 (max 15)
[PSYoungGen: 232960K->116224K(232960K)] 435437K->406310K(932352K), 0.0307306 secs] [Times: user=0.22 sys=0.00, real=0.03 secs] 
27.137: Total time for which application threads were stopped: 0.0308387 seconds
27.147: [GC (Allocation Failure) 
Desired survivor size 119013376 bytes, new threshold 1 (max 15)
[PSYoungGen: 232960K->116224K(232960K)] 523046K->494032K(932352K), 0.0295306 secs] [Times: user=0.22 sys=0.01, real=0.03 secs] 
27.176: Total time for which application threads were stopped: 0.0296466 seconds
27.186: [GC (Allocation Failure) 
Desired survivor size 119013376 bytes, new threshold 1 (max 15)
[PSYoungGen: 232960K->116224K(232960K)] 610768K->589261K(932352K), 0.0312271 secs] [Times: user=0.24 sys=0.00, real=0.03 secs] 
27.217: Total time for which application threads were stopped: 0.0313358 seconds
27.227: [GC (Allocation Failure) 
Desired survivor size 119013376 bytes, new threshold 1 (max 15)
[PSYoungGen: 232960K->116224K(232960K)] 705997K->676808K(932352K), 0.0314244 secs] [Times: user=0.23 sys=0.00, real=0.03 secs] 
27.258: [Full GC (Ergonomics) [PSYoungGen: 116224K->0K(232960K)] [ParOldGen: 560584K->194921K(699392K)] 676808K->194921K(932352K), [Metaspace: 4213K->4213K(1056768K)], 0.0458033 secs] [Times: user=0.31 sys=0.00, real=0.04 secs] 
27.304: Total time for which application threads were stopped: 0.0774540 seconds
27.315: [GC (Allocation Failure) 
Desired survivor size 119013376 bytes, new threshold 1 (max 15)
[PSYoungGen: 116736K->116224K(232960K)] 311657K->318727K(932352K), 0.0166964 secs] [Times: user=0.09 sys=0.00, real=0.02 secs] 
27.331: Total time for which application threads were stopped: 0.0168003 seconds
27.341: [GC (Allocation Failure) 
Desired survivor size 119013376 bytes, new threshold 1 (max 15)
[PSYoungGen: 232960K->116224K(232960K)] 435463K->406758K(932352K), 0.0315803 secs] [Times: user=0.22 sys=0.00, real=0.03 secs] 
27.372: Total time for which application threads were stopped: 0.0316780 seconds
27.382: [GC (Allocation Failure) 
Desired survivor size 119013376 bytes, new threshold 1 (max 15)
[PSYoungGen: 232960K->116224K(232960K)] 523494K->494382K(932352K), 0.0297002 secs] [Times: user=0.20 sys=0.00, real=0.03 secs] 
27.412: Total time for which application threads were stopped: 0.0299255 seconds
27.423: [GC (Allocation Failure) 
Desired survivor size 119013376 bytes, new threshold 1 (max 15)
[PSYoungGen: 232960K->116224K(232960K)] 611118K->589570K(932352K), 0.0331444 secs] [Times: user=0.21 sys=0.00, real=0.04 secs] 
27.456: Total time for which application threads were stopped: 0.0332706 seconds
27.466: [GC (Allocation Failure) 
Desired survivor size 119013376 bytes, new threshold 1 (max 15)
[PSYoungGen: 232960K->116224K(232960K)] 706306K->676966K(932352K), 0.0305679 secs] [Times: user=0.22 sys=0.01, real=0.03 secs] 
27.497: [Full GC (Ergonomics) [PSYoungGen: 116224K->0K(232960K)] [ParOldGen: 560742K->194921K(699392K)] 676966K->194921K(932352K), [Metaspace: 4213K->4213K(1056768K)], 0.0471915 secs] [Times: user=0.32 sys=0.00, real=0.04 secs] 
27.544: Total time for which application threads were stopped: 0.0779564 seconds
27.555: [GC (Allocation Failure) 
Desired survivor size 119013376 bytes, new threshold 1 (max 15)
[PSYoungGen: 116736K->116224K(232960K)] 311657K->318760K(932352K), 0.0162898 secs] [Times: user=0.10 sys=0.00, real=0.02 secs] 
27.571: Total time for which application threads were stopped: 0.0164037 seconds
27.580: [GC (Allocation Failure) 
Desired survivor size 119013376 bytes, new threshold 1 (max 15)
[PSYoungGen: 232960K->116224K(232960K)] 435496K->411142K(932352K), 0.0322474 secs] [Times: user=0.20 sys=0.00, real=0.03 secs] 
27.613: Total time for which application threads were stopped: 0.0323489 seconds
27.622: [GC (Allocation Failure) 
Desired survivor size 119013376 bytes, new threshold 1 (max 15)
[PSYoungGen: 232960K->71872K(232960K)] 527878K->492373K(932352K), 0.0284414 secs] [Times: user=0.20 sys=0.00, real=0.03 secs] 
27.651: Total time for which application threads were stopped: 0.0285733 seconds
27.661: [GC (Allocation Failure) 
Desired survivor size 119013376 bytes, new threshold 1 (max 15)
[PSYoungGen: 188608K->116224K(232960K)] 609109K->620550K(932352K), 0.0304286 secs] [Times: user=0.22 sys=0.00, real=0.03 secs] 
27.692: Total time for which application threads were stopped: 0.0305318 seconds
27.701: [GC (Allocation Failure) 
Desired survivor size 119013376 bytes, new threshold 1 (max 15)
[PSYoungGen: 232960K->116224K(232960K)] 737286K->708375K(932352K), 0.0296311 secs] [Times: user=0.22 sys=0.00, real=0.03 secs] 
27.731: [Full GC (Ergonomics) [PSYoungGen: 116224K->0K(232960K)] [ParOldGen: 592151K->194921K(699392K)] 708375K->194921K(932352K), [Metaspace: 4213K->4213K(1056768K)], 0.0458159 secs] [Times: user=0.32 sys=0.00, real=0.05 secs] 
27.777: Total time for which application threads were stopped: 0.0756395 seconds
27.787: [GC (Allocation Failure) 
Desired survivor size 119013376 bytes, new threshold 1 (max 15)
[PSYoungGen: 116736K->116224K(232960K)] 311657K->318845K(932352K), 0.0169854 secs] [Times: user=0.12 sys=0.01, real=0.01 secs] 
27.804: Total time for which application threads were stopped: 0.0171050 seconds
27.814: [GC (Allocation Failure) 
Desired survivor size 119013376 bytes, new threshold 1 (max 15)
[PSYoungGen: 232960K->116224K(232960K)] 435581K->406295K(932352K), 0.0315341 secs] [Times: user=0.19 sys=0.00, real=0.04 secs] 
27.845: Total time for which application threads were stopped: 0.0316646 seconds
27.856: [GC (Allocation Failure) 
Desired survivor size 119013376 bytes, new threshold 1 (max 15)
[PSYoungGen: 232960K->116224K(232960K)] 523031K->494051K(932352K), 0.0283869 secs] [Times: user=0.19 sys=0.00, real=0.02 secs] 
27.885: Total time for which application threads were stopped: 0.0285514 seconds
27.895: [GC (Allocation Failure) 
Desired survivor size 119013376 bytes, new threshold 1 (max 15)
[PSYoungGen: 232960K->116224K(232960K)] 610787K->584910K(932352K), 0.0311929 secs] [Times: user=0.21 sys=0.00, real=0.04 secs] 
27.926: Total time for which application threads were stopped: 0.0313245 seconds
27.935: [GC (Allocation Failure) 
Desired survivor size 119013376 bytes, new threshold 1 (max 15)
[PSYoungGen: 232960K->116224K(232960K)] 701646K->672768K(932352K), 0.0302022 secs] [Times: user=0.22 sys=0.00, real=0.03 secs] 
27.966: [Full GC (Ergonomics) [PSYoungGen: 116224K->0K(232960K)] [ParOldGen: 556544K->194921K(699392K)] 672768K->194921K(932352K), [Metaspace: 4213K->4213K(1056768K)], 0.0383328 secs] [Times: user=0.23 sys=0.00, real=0.03 secs] 
28.004: Total time for which application threads were stopped: 0.0687346 seconds
28.015: [GC (Allocation Failure) 
Desired survivor size 119013376 bytes, new threshold 1 (max 15)
[PSYoungGen: 116736K->116224K(232960K)] 311657K->318695K(932352K), 0.0175576 secs] [Times: user=0.12 sys=0.00, real=0.02 secs] 
28.032: Total time for which application threads were stopped: 0.0176624 seconds
28.042: [GC (Allocation Failure) 
Desired survivor size 119013376 bytes, new threshold 1 (max 15)
[PSYoungGen: 232960K->116224K(232960K)] 435431K->406341K(932352K), 0.0302016 secs] [Times: user=0.23 sys=0.00, real=0.03 secs] 
28.072: Total time for which application threads were stopped: 0.0303295 seconds
28.083: [GC (Allocation Failure) 
Desired survivor size 119013376 bytes, new threshold 1 (max 15)
[PSYoungGen: 232960K->116224K(232960K)] 523077K->493906K(932352K), 0.0281026 secs] [Times: user=0.20 sys=0.00, real=0.03 secs] 
28.111: Total time for which application threads were stopped: 0.0282167 seconds
28.120: [GC (Allocation Failure) 
Desired survivor size 119013376 bytes, new threshold 1 (max 15)
[PSYoungGen: 232960K->116224K(232960K)] 610642K->587985K(932352K), 0.0317372 secs] [Times: user=0.22 sys=0.01, real=0.03 secs] 
28.152: Total time for which application threads were stopped: 0.0318797 seconds
28.163: [GC (Allocation Failure) 
Desired survivor size 119013376 bytes, new threshold 1 (max 15)
[PSYoungGen: 232960K->116224K(232960K)] 704721K->675583K(932352K), 0.0318839 secs] [Times: user=0.21 sys=0.00, real=0.03 secs] 
28.195: [Full GC (Ergonomics) [PSYoungGen: 116224K->0K(232960K)] [ParOldGen: 559359K->194921K(699392K)] 675583K->194921K(932352K), [Metaspace: 4213K->4213K(1056768K)], 0.0448307 secs] [Times: user=0.27 sys=0.00, real=0.05 secs] 
28.239: Total time for which application threads were stopped: 0.0769133 seconds
28.250: [GC (Allocation Failure) 
Desired survivor size 119013376 bytes, new threshold 1 (max 15)
[PSYoungGen: 116736K->116224K(232960K)] 311657K->318725K(932352K), 0.0183019 secs] [Times: user=0.12 sys=0.00, real=0.02 secs] 
28.268: Total time for which application threads were stopped: 0.0184151 seconds
28.279: [GC (Allocation Failure) 
Desired survivor size 119013376 bytes, new threshold 1 (max 15)
[PSYoungGen: 232960K->116224K(232960K)] 435461K->406315K(932352K), 0.0311747 secs] [Times: user=0.23 sys=0.00, real=0.03 secs] 
28.310: Total time for which application threads were stopped: 0.0312928 seconds
28.321: [GC (Allocation Failure) 
Desired survivor size 119013376 bytes, new threshold 1 (max 15)
[PSYoungGen: 232960K->116224K(232960K)] 523051K->493764K(932352K), 0.0280556 secs] [Times: user=0.19 sys=0.00, real=0.03 secs] 
28.349: Total time for which application threads were stopped: 0.0281628 seconds
28.358: [GC (Allocation Failure) 
Desired survivor size 119013376 bytes, new threshold 1 (max 15)
[PSYoungGen: 232960K->116224K(232960K)] 610500K->589030K(932352K), 0.0324796 secs] [Times: user=0.25 sys=0.00, real=0.03 secs] 
28.390: Total time for which application threads were stopped: 0.0325924 seconds
28.400: [GC (Allocation Failure) 
Desired survivor size 119013376 bytes, new threshold 1 (max 15)
[PSYoungGen: 232960K->116224K(232960K)] 705766K->676743K(932352K), 0.0302425 secs] [Times: user=0.22 sys=0.00, real=0.03 secs] 
28.430: [Full GC (Ergonomics) [PSYoungGen: 116224K->0K(232960K)] [ParOldGen: 560519K->194921K(699392K)] 676743K->194921K(932352K), [Metaspace: 4213K->4213K(1056768K)], 0.0430566 secs] [Times: user=0.29 sys=0.01, real=0.04 secs] 
28.473: Total time for which application threads were stopped: 0.0734996 seconds
28.484: [GC (Allocation Failure) 
Desired survivor size 119013376 bytes, new threshold 1 (max 15)
[PSYoungGen: 116736K->116224K(232960K)] 311657K->318749K(932352K), 0.0170602 secs] [Times: user=0.12 sys=0.00, real=0.02 secs] 
28.502: Total time for which application threads were stopped: 0.0171692 seconds
28.511: [GC (Allocation Failure) 
Desired survivor size 119013376 bytes, new threshold 1 (max 15)
[PSYoungGen: 232960K->116224K(232960K)] 435485K->406289K(932352K), 0.0310356 secs] [Times: user=0.21 sys=0.00, real=0.03 secs] 
28.542: Total time for which application threads were stopped: 0.0311522 seconds
28.552: [GC (Allocation Failure) 
Desired survivor size 119013376 bytes, new threshold 1 (max 15)
[PSYoungGen: 232960K->116224K(232960K)] 523025K->493942K(932352K), 0.0291535 secs] [Times: user=0.22 sys=0.00, real=0.03 secs] 
28.581: Total time for which application threads were stopped: 0.0292996 seconds
28.590: [GC (Allocation Failure) 
Desired survivor size 119013376 bytes, new threshold 1 (max 15)
[PSYoungGen: 232960K->116224K(232960K)] 610678K->589272K(932352K), 0.0323175 secs] [Times: user=0.22 sys=0.00, real=0.03 secs] 
28.623: Total time for which application threads were stopped: 0.0324407 seconds
28.632: [GC (Allocation Failure) 
Desired survivor size 119013376 bytes, new threshold 1 (max 15)
[PSYoungGen: 232960K->116224K(232960K)] 706008K->676768K(932352K), 0.0303967 secs] [Times: user=0.22 sys=0.00, real=0.03 secs] 
28.662: [Full GC (Ergonomics) [PSYoungGen: 116224K->0K(232960K)] [ParOldGen: 560544K->194921K(699392K)] 676768K->194921K(932352K), [Metaspace: 4213K->4213K(1056768K)], 0.0423188 secs] [Times: user=0.27 sys=0.00, real=0.05 secs] 
28.705: Total time for which application threads were stopped: 0.0729480 seconds
28.716: [GC (Allocation Failure) 
Desired survivor size 119013376 bytes, new threshold 1 (max 15)
[PSYoungGen: 116736K->116224K(232960K)] 311657K->318881K(932352K), 0.0166288 secs] [Times: user=0.09 sys=0.00, real=0.01 secs] 
28.732: Total time for which application threads were stopped: 0.0167264 seconds
28.741: [GC (Allocation Failure) 
Desired survivor size 119013376 bytes, new threshold 1 (max 15)
[PSYoungGen: 232960K->116224K(232960K)] 435617K->406273K(932352K), 0.0307029 secs] [Times: user=0.21 sys=0.00, real=0.03 secs] 
28.772: Total time for which application threads were stopped: 0.0308272 seconds
28.782: [GC (Allocation Failure) 
Desired survivor size 119013376 bytes, new threshold 1 (max 15)
[PSYoungGen: 232960K->108064K(232960K)] 523009K->494839K(932352K), 0.0295223 secs] [Times: user=0.22 sys=0.01, real=0.03 secs] 
28.812: Total time for which application threads were stopped: 0.0296357 seconds
28.821: [GC (Allocation Failure) 
Desired survivor size 119013376 bytes, new threshold 1 (max 15)
[PSYoungGen: 224800K->116224K(232960K)] 611575K->586844K(932352K), 0.0306410 secs] [Times: user=0.20 sys=0.00, real=0.03 secs] 
28.852: Total time for which application threads were stopped: 0.0307686 seconds
28.863: [GC (Allocation Failure) 
Desired survivor size 119013376 bytes, new threshold 1 (max 15)
[PSYoungGen: 232960K->116224K(232960K)] 703580K->674407K(932352K), 0.0287562 secs] [Times: user=0.22 sys=0.00, real=0.03 secs] 
28.891: [Full GC (Ergonomics) [PSYoungGen: 116224K->0K(232960K)] [ParOldGen: 558183K->194921K(699392K)] 674407K->194921K(932352K), [Metaspace: 4214K->4214K(1056768K)], 0.0463750 secs] [Times: user=0.32 sys=0.00, real=0.05 secs] 
28.938: Total time for which application threads were stopped: 0.0754242 seconds
28.948: [GC (Allocation Failure) 
Desired survivor size 119013376 bytes, new threshold 1 (max 15)
[PSYoungGen: 116736K->116224K(232960K)] 311657K->318708K(932352K), 0.0176371 secs] [Times: user=0.10 sys=0.00, real=0.02 secs] 
28.966: Total time for which application threads were stopped: 0.0177608 seconds
28.975: [GC (Allocation Failure) 
Desired survivor size 119013376 bytes, new threshold 1 (max 15)
[PSYoungGen: 232960K->116224K(232960K)] 435444K->406516K(932352K), 0.0306598 secs] [Times: user=0.20 sys=0.00, real=0.03 secs] 
29.006: Total time for which application threads were stopped: 0.0307750 seconds
29.016: [GC (Allocation Failure) 
Desired survivor size 119013376 bytes, new threshold 1 (max 15)
[PSYoungGen: 232960K->116224K(232960K)] 523252K->501746K(932352K), 0.0324164 secs] [Times: user=0.23 sys=0.00, real=0.03 secs] 
29.048: Total time for which application threads were stopped: 0.0325429 seconds
29.057: [GC (Allocation Failure) 
Desired survivor size 119013376 bytes, new threshold 1 (max 15)
[PSYoungGen: 232960K->116224K(232960K)] 618482K->589169K(932352K), 0.0311305 secs] [Times: user=0.22 sys=0.00, real=0.03 secs] 
29.088: Total time for which application threads were stopped: 0.0312468 seconds
29.099: [GC (Allocation Failure) 
Desired survivor size 119013376 bytes, new threshold 1 (max 15)
[PSYoungGen: 232960K->116224K(232960K)] 705905K->676845K(932352K), 0.0285099 secs] [Times: user=0.21 sys=0.00, real=0.03 secs] 
29.128: [Full GC (Ergonomics) [PSYoungGen: 116224K->0K(232960K)] [ParOldGen: 560621K->194921K(699392K)] 676845K->194921K(932352K), [Metaspace: 4214K->4214K(1056768K)], 0.0458966 secs] [Times: user=0.31 sys=0.01, real=0.04 secs] 
29.174: Total time for which application threads were stopped: 0.0746183 seconds
29.184: [GC (Allocation Failure) 
Desired survivor size 119013376 bytes, new threshold 1 (max 15)
[PSYoungGen: 116736K->116224K(232960K)] 311657K->318685K(932352K), 0.0180147 secs] [Times: user=0.11 sys=0.00, real=0.02 secs] 
29.202: Total time for which application threads were stopped: 0.0181219 seconds
29.212: [GC (Allocation Failure) 
Desired survivor size 119013376 bytes, new threshold 1 (max 15)
[PSYoungGen: 232960K->116224K(232960K)] 435421K->406481K(932352K), 0.0292644 secs] [Times: user=0.21 sys=0.00, real=0.03 secs] 
29.241: Total time for which application threads were stopped: 0.0293949 seconds
29.252: [GC (Allocation Failure) 
Desired survivor size 119013376 bytes, new threshold 1 (max 15)
[PSYoungGen: 232960K->116224K(232960K)] 523217K->501649K(932352K), 0.0297995 secs] [Times: user=0.23 sys=0.00, real=0.03 secs] 
29.282: Total time for which application threads were stopped: 0.0299232 seconds
29.291: [GC (Allocation Failure) 
Desired survivor size 119013376 bytes, new threshold 1 (max 15)
[PSYoungGen: 232960K->116224K(232960K)] 618385K->589353K(932352K), 0.0313658 secs] [Times: user=0.22 sys=0.00, real=0.03 secs] 
29.323: Total time for which application threads were stopped: 0.0314909 seconds
29.332: [GC (Allocation Failure) 
Desired survivor size 119013376 bytes, new threshold 1 (max 15)
[PSYoungGen: 232960K->116224K(232960K)] 706089K->676926K(932352K), 0.0294767 secs] [Times: user=0.20 sys=0.00, real=0.03 secs] 
29.362: [Full GC (Ergonomics) [PSYoungGen: 116224K->0K(232960K)] [ParOldGen: 560702K->194921K(699392K)] 676926K->194921K(932352K), [Metaspace: 4214K->4214K(1056768K)], 0.0417177 secs] [Times: user=0.26 sys=0.00, real=0.04 secs] 
29.404: Total time for which application threads were stopped: 0.0713837 seconds
29.415: [GC (Allocation Failure) 
Desired survivor size 119013376 bytes, new threshold 1 (max 15)
[PSYoungGen: 116736K->116224K(232960K)] 311657K->318870K(932352K), 0.0169652 secs] [Times: user=0.12 sys=0.00, real=0.01 secs] 
29.432: Total time for which application threads were stopped: 0.0171014 seconds
29.442: [GC (Allocation Failure) 
Desired survivor size 119013376 bytes, new threshold 1 (max 15)
[PSYoungGen: 232960K->116224K(232960K)] 435606K->406421K(932352K), 0.0288459 secs] [Times: user=0.20 sys=0.01, real=0.03 secs] 
29.471: Total time for which application threads were stopped: 0.0289664 seconds
29.482: [GC (Allocation Failure) 
Desired survivor size 119013376 bytes, new threshold 1 (max 15)
[PSYoungGen: 232960K->116224K(232960K)] 523157K->501095K(932352K), 0.0293844 secs] [Times: user=0.21 sys=0.00, real=0.03 secs] 
29.511: Total time for which application threads were stopped: 0.0294990 seconds
29.520: [GC (Allocation Failure) 
Desired survivor size 119013376 bytes, new threshold 1 (max 15)
[PSYoungGen: 232960K->116224K(232960K)] 617831K->588781K(932352K), 0.0308507 secs] [Times: user=0.23 sys=0.00, real=0.03 secs] 
29.551: Total time for which application threads were stopped: 0.0309841 seconds
29.562: [GC (Allocation Failure) 
Desired survivor size 119013376 bytes, new threshold 1 (max 15)
[PSYoungGen: 232960K->116224K(232960K)] 705517K->676300K(932352K), 0.0290157 secs] [Times: user=0.20 sys=0.00, real=0.03 secs] 
29.592: [Full GC (Ergonomics) [PSYoungGen: 116224K->0K(232960K)] [ParOldGen: 560076K->194921K(699392K)] 676300K->194921K(932352K), [Metaspace: 4214K->4214K(1056768K)], 0.0444764 secs] [Times: user=0.29 sys=0.00, real=0.05 secs] 
29.636: Total time for which application threads were stopped: 0.0737197 seconds
29.647: [GC (Allocation Failure) 
Desired survivor size 119013376 bytes, new threshold 1 (max 15)
[PSYoungGen: 116736K->116224K(232960K)] 311657K->318708K(932352K), 0.0177598 secs] [Times: user=0.12 sys=0.00, real=0.02 secs] 
29.665: Total time for which application threads were stopped: 0.0178669 seconds
29.674: [GC (Allocation Failure) 
Desired survivor size 119013376 bytes, new threshold 1 (max 15)
[PSYoungGen: 232960K->116224K(232960K)] 435444K->406324K(932352K), 0.0295202 secs] [Times: user=0.17 sys=0.01, real=0.02 secs] 
29.704: Total time for which application threads were stopped: 0.0296356 seconds
29.714: [GC (Allocation Failure) 
Desired survivor size 119013376 bytes, new threshold 1 (max 15)
[PSYoungGen: 232960K->116224K(232960K)] 523060K->494666K(932352K), 0.0298224 secs] [Times: user=0.22 sys=0.00, real=0.03 secs] 
29.744: Total time for which application threads were stopped: 0.0299474 seconds
29.753: [GC (Allocation Failure) 
Desired survivor size 119013376 bytes, new threshold 1 (max 15)
[PSYoungGen: 232960K->116224K(232960K)] 611402K->582357K(932352K), 0.0312440 secs] [Times: user=0.22 sys=0.00, real=0.03 secs] 
29.784: Total time for which application threads were stopped: 0.0313440 seconds
29.794: [GC (Allocation Failure) 
Desired survivor size 119013376 bytes, new threshold 1 (max 15)
[PSYoungGen: 232960K->116224K(232960K)] 699093K->670107K(932352K), 0.0296028 secs] [Times: user=0.22 sys=0.00, real=0.03 secs] 
29.823: Total time for which application threads were stopped: 0.0297320 seconds
29.833: [GC (Allocation Failure) 
Desired survivor size 119013376 bytes, new threshold 1 (max 15)
[PSYoungGen: 232960K->116224K(232960K)] 786843K->765393K(932352K), 0.0333687 secs] [Times: user=0.23 sys=0.00, real=0.04 secs] 
29.866: [Full GC (Ergonomics) [PSYoungGen: 116224K->0K(232960K)] [ParOldGen: 649169K->194807K(699392K)] 765393K->194807K(932352K), [Metaspace: 4214K->4214K(1056768K)], 0.0471278 secs] [Times: user=0.31 sys=0.00, real=0.04 secs] 
29.913: Total time for which application threads were stopped: 0.0806953 seconds
29.924: [GC (Allocation Failure) 
Desired survivor size 119013376 bytes, new threshold 1 (max 15)
[PSYoungGen: 116736K->116224K(232960K)] 311543K->318630K(932352K), 0.0169312 secs] [Times: user=0.12 sys=0.00, real=0.02 secs] 
29.941: Total time for which application threads were stopped: 0.0170310 seconds
29.950: [GC (Allocation Failure) 
Desired survivor size 119013376 bytes, new threshold 1 (max 15)
[PSYoungGen: 232960K->116224K(232960K)] 435366K->410663K(932352K), 0.0308708 secs] [Times: user=0.22 sys=0.00, real=0.03 secs] 
29.981: Total time for which application threads were stopped: 0.0309796 seconds
29.990: [GC (Allocation Failure) 
Desired survivor size 119013376 bytes, new threshold 1 (max 15)
[PSYoungGen: 232960K->102368K(232960K)] 527399K->488070K(932352K), 0.0271499 secs] [Times: user=0.19 sys=0.00, real=0.03 secs] 
30.017: Total time for which application threads were stopped: 0.0272613 seconds
30.029: [GC (Allocation Failure) 
Desired survivor size 119013376 bytes, new threshold 1 (max 15)
[PSYoungGen: 219104K->116224K(232960K)] 604806K->597137K(932352K), 0.0295314 secs] [Times: user=0.22 sys=0.01, real=0.03 secs] 
30.058: Total time for which application threads were stopped: 0.0296608 seconds
30.068: [GC (Allocation Failure) 
Desired survivor size 119013376 bytes, new threshold 1 (max 15)
[PSYoungGen: 232960K->116224K(232960K)] 713873K->684665K(932352K), 0.0312227 secs] [Times: user=0.23 sys=0.00, real=0.03 secs] 
30.099: [Full GC (Ergonomics) [PSYoungGen: 116224K->0K(232960K)] [ParOldGen: 568441K->194921K(699392K)] 684665K->194921K(932352K), [Metaspace: 4214K->4214K(1056768K)], 0.0491637 secs] [Times: user=0.35 sys=0.00, real=0.05 secs] 
30.148: Total time for which application threads were stopped: 0.0805730 seconds
30.159: [GC (Allocation Failure) 
Desired survivor size 119013376 bytes, new threshold 1 (max 15)
[PSYoungGen: 116736K->116224K(232960K)] 311657K->318784K(932352K), 0.0164870 secs] [Times: user=0.11 sys=0.00, real=0.02 secs] 
30.176: Total time for which application threads were stopped: 0.0166009 seconds
30.185: [GC (Allocation Failure) 
Desired survivor size 119013376 bytes, new threshold 1 (max 15)
[PSYoungGen: 232960K->116224K(232960K)] 435520K->410360K(932352K), 0.0339646 secs] [Times: user=0.24 sys=0.00, real=0.03 secs] 
30.219: Total time for which application threads were stopped: 0.0340713 seconds
30.229: [GC (Allocation Failure) 
Desired survivor size 119013376 bytes, new threshold 1 (max 15)
[PSYoungGen: 232960K->116224K(232960K)] 527096K->497886K(932352K), 0.0297563 secs] [Times: user=0.20 sys=0.00, real=0.03 secs] 
30.258: Total time for which application threads were stopped: 0.0298768 seconds
30.268: [GC (Allocation Failure) 
Desired survivor size 119013376 bytes, new threshold 1 (max 15)
[PSYoungGen: 232960K->116224K(232960K)] 614622K->592783K(932352K), 0.0313299 secs] [Times: user=0.23 sys=0.00, real=0.03 secs] 
30.299: Total time for which application threads were stopped: 0.0314491 seconds
30.308: [GC (Allocation Failure) 
Desired survivor size 119013376 bytes, new threshold 1 (max 15)
[PSYoungGen: 232960K->116224K(232960K)] 709519K->680420K(932352K), 0.0314381 secs] [Times: user=0.23 sys=0.01, real=0.03 secs] 
30.340: [Full GC (Ergonomics) [PSYoungGen: 116224K->0K(232960K)] [ParOldGen: 564196K->194921K(699392K)] 680420K->194921K(932352K), [Metaspace: 4214K->4214K(1056768K)], 0.0446043 secs] [Times: user=0.29 sys=0.00, real=0.05 secs] 
30.385: Total time for which application threads were stopped: 0.0762451 seconds
30.396: [GC (Allocation Failure) 
Desired survivor size 119013376 bytes, new threshold 1 (max 15)
[PSYoungGen: 116736K->116224K(232960K)] 311657K->318777K(932352K), 0.0165433 secs] [Times: user=0.12 sys=0.00, real=0.01 secs] 
30.412: Total time for which application threads were stopped: 0.0166642 seconds
30.421: [GC (Allocation Failure) 
Desired survivor size 119013376 bytes, new threshold 1 (max 15)
[PSYoungGen: 232960K->116224K(232960K)] 435513K->412991K(932352K), 0.0323853 secs] [Times: user=0.22 sys=0.00, real=0.03 secs] 
30.454: Total time for which application threads were stopped: 0.0324865 seconds
30.463: [GC (Allocation Failure) 
Desired survivor size 119013376 bytes, new threshold 1 (max 15)
[PSYoungGen: 232960K->116224K(232960K)] 529727K->500668K(932352K), 0.0292334 secs] [Times: user=0.19 sys=0.00, real=0.03 secs] 
30.492: Total time for which application threads were stopped: 0.0293622 seconds
30.504: [GC (Allocation Failure) 
Desired survivor size 119013376 bytes, new threshold 1 (max 15)
[PSYoungGen: 232960K->116224K(232960K)] 617404K->591071K(932352K), 0.0287124 secs] [Times: user=0.20 sys=0.00, real=0.03 secs] 
30.533: Total time for which application threads were stopped: 0.0288296 seconds
30.542: [GC (Allocation Failure) 
Desired survivor size 119013376 bytes, new threshold 1 (max 15)
[PSYoungGen: 232960K->116224K(232960K)] 707807K->678638K(932352K), 0.0317579 secs] [Times: user=0.22 sys=0.00, real=0.03 secs] 
30.574: [Full GC (Ergonomics) [PSYoungGen: 116224K->0K(232960K)] [ParOldGen: 562414K->194921K(699392K)] 678638K->194921K(932352K), [Metaspace: 4214K->4214K(1056768K)], 0.0453655 secs] [Times: user=0.28 sys=0.01, real=0.05 secs] 
30.619: Total time for which application threads were stopped: 0.0773436 seconds
30.628: [GC (Allocation Failure) 
Desired survivor size 119013376 bytes, new threshold 1 (max 15)
[PSYoungGen: 116736K->116224K(232960K)] 311657K->318509K(932352K), 0.0156515 secs] [Times: user=0.10 sys=0.00, real=0.02 secs] 
30.644: Total time for which application threads were stopped: 0.0157685 seconds
30.654: [GC (Allocation Failure) 
Desired survivor size 119013376 bytes, new threshold 1 (max 15)
[PSYoungGen: 232960K->116224K(232960K)] 435245K->413814K(932352K), 0.0326261 secs] [Times: user=0.24 sys=0.00, real=0.04 secs] 
30.687: Total time for which application threads were stopped: 0.0327524 seconds
30.696: [GC (Allocation Failure) 
Desired survivor size 119013376 bytes, new threshold 1 (max 15)
[PSYoungGen: 232960K->116224K(232960K)] 530550K->501469K(932352K), 0.0298419 secs] [Times: user=0.23 sys=0.00, real=0.03 secs] 
30.726: Total time for which application threads were stopped: 0.0299516 seconds
30.736: [GC (Allocation Failure) 
Desired survivor size 119013376 bytes, new threshold 1 (max 15)
[PSYoungGen: 232960K->116224K(232960K)] 618205K->590339K(932352K), 0.0306401 secs] [Times: user=0.21 sys=0.00, real=0.03 secs] 
30.767: Total time for which application threads were stopped: 0.0307520 seconds
30.776: [GC (Allocation Failure) 
Desired survivor size 119013376 bytes, new threshold 1 (max 15)
[PSYoungGen: 232960K->116224K(232960K)] 707075K->678165K(932352K), 0.0315455 secs] [Times: user=0.22 sys=0.00, real=0.03 secs] 
30.807: [Full GC (Ergonomics) [PSYoungGen: 116224K->0K(232960K)] [ParOldGen: 561941K->194921K(699392K)] 678165K->194921K(932352K), [Metaspace: 4214K->4214K(1056768K)], 0.0440904 secs] [Times: user=0.28 sys=0.00, real=0.04 secs] 
30.851: Total time for which application threads were stopped: 0.0758358 seconds
30.862: [GC (Allocation Failure) 
Desired survivor size 119013376 bytes, new threshold 1 (max 15)
[PSYoungGen: 116736K->116224K(232960K)] 311657K->318712K(932352K), 0.0168595 secs] [Times: user=0.10 sys=0.00, real=0.02 secs] 
30.879: Total time for which application threads were stopped: 0.0169877 seconds
30.889: [GC (Allocation Failure) 
Desired survivor size 119013376 bytes, new threshold 1 (max 15)
[PSYoungGen: 232960K->116224K(232960K)] 435448K->413875K(932352K), 0.0326015 secs] [Times: user=0.23 sys=0.01, real=0.03 secs] 
30.922: Total time for which application threads were stopped: 0.0327060 seconds
30.931: [GC (Allocation Failure) 
Desired survivor size 119013376 bytes, new threshold 1 (max 15)
[PSYoungGen: 232960K->116224K(232960K)] 530611K->501351K(932352K), 0.0299562 secs] [Times: user=0.21 sys=0.00, real=0.03 secs] 
30.961: Total time for which application threads were stopped: 0.0300644 seconds
30.971: [GC (Allocation Failure) 
Desired survivor size 119013376 bytes, new threshold 1 (max 15)
[PSYoungGen: 232960K->116224K(232960K)] 618087K->594352K(932352K), 0.0307244 secs] [Times: user=0.21 sys=0.00, real=0.03 secs] 
31.002: Total time for which application threads were stopped: 0.0308529 seconds
31.011: [GC (Allocation Failure) 
Desired survivor size 119013376 bytes, new threshold 1 (max 15)
[PSYoungGen: 232960K->116224K(232960K)] 711088K->682003K(932352K), 0.0314169 secs] [Times: user=0.23 sys=0.00, real=0.03 secs] 
31.043: [Full GC (Ergonomics) [PSYoungGen: 116224K->0K(232960K)] [ParOldGen: 565779K->194921K(699392K)] 682003K->194921K(932352K), [Metaspace: 4214K->4214K(1056768K)], 0.0431752 secs] [Times: user=0.27 sys=0.00, real=0.05 secs] 
31.086: Total time for which application threads were stopped: 0.0747699 seconds
31.096: [GC (Allocation Failure) 
Desired survivor size 119013376 bytes, new threshold 1 (max 15)
[PSYoungGen: 116736K->116224K(232960K)] 311657K->318807K(932352K), 0.0167786 secs] [Times: user=0.10 sys=0.00, real=0.01 secs] 
31.113: Total time for which application threads were stopped: 0.0168848 seconds
31.122: [GC (Allocation Failure) 
Desired survivor size 119013376 bytes, new threshold 1 (max 15)
[PSYoungGen: 232960K->116224K(232960K)] 435543K->414161K(932352K), 0.0332900 secs] [Times: user=0.22 sys=0.00, real=0.04 secs] 
31.155: Total time for which application threads were stopped: 0.0334133 seconds
31.165: [GC (Allocation Failure) 
Desired survivor size 119013376 bytes, new threshold 1 (max 15)
[PSYoungGen: 232960K->70656K(232960K)] 530897K->494317K(932352K), 0.0280556 secs] [Times: user=0.20 sys=0.00, real=0.02 secs] 
31.193: Total time for which application threads were stopped: 0.0281686 seconds
31.204: [GC (Allocation Failure) 
Desired survivor size 119013376 bytes, new threshold 1 (max 15)
[PSYoungGen: 187392K->116224K(232960K)] 611053K->623902K(932352K), 0.0288233 secs] [Times: user=0.20 sys=0.01, real=0.02 secs] 
31.233: Total time for which application threads were stopped: 0.0289331 seconds
31.242: [GC (Allocation Failure) 
Desired survivor size 119013376 bytes, new threshold 1 (max 15)
[PSYoungGen: 232960K->116224K(232960K)] 740638K->711358K(932352K), 0.0312838 secs] [Times: user=0.19 sys=0.00, real=0.03 secs] 
31.274: [Full GC (Ergonomics) [PSYoungGen: 116224K->0K(232960K)] [ParOldGen: 595134K->194921K(699392K)] 711358K->194921K(932352K), [Metaspace: 4214K->4214K(1056768K)], 0.0421561 secs] [Times: user=0.26 sys=0.00, real=0.04 secs] 
31.316: Total time for which application threads were stopped: 0.0736510 seconds
31.327: [GC (Allocation Failure) 
Desired survivor size 119013376 bytes, new threshold 1 (max 15)
[PSYoungGen: 116736K->116224K(232960K)] 311657K->318781K(932352K), 0.0168536 secs] [Times: user=0.12 sys=0.00, real=0.01 secs] 
31.344: Total time for which application threads were stopped: 0.0169753 seconds
31.353: [GC (Allocation Failure) 
Desired survivor size 119013376 bytes, new threshold 1 (max 15)
[PSYoungGen: 232960K->116224K(232960K)] 435517K->406228K(932352K), 0.0317849 secs] [Times: user=0.20 sys=0.00, real=0.04 secs] 
31.385: Total time for which application threads were stopped: 0.0319184 seconds
31.395: [GC (Allocation Failure) 
Desired survivor size 119013376 bytes, new threshold 1 (max 15)
[PSYoungGen: 232960K->116224K(232960K)] 522964K->493865K(932352K), 0.0295266 secs] [Times: user=0.21 sys=0.00, real=0.03 secs] 
31.424: Total time for which application threads were stopped: 0.0296417 seconds
31.434: [GC (Allocation Failure) 
Desired survivor size 119013376 bytes, new threshold 1 (max 15)
[PSYoungGen: 232960K->116224K(232960K)] 610601K->588895K(932352K), 0.0329904 secs] [Times: user=0.24 sys=0.00, real=0.03 secs] 
31.467: Total time for which application threads were stopped: 0.0331265 seconds
31.476: [GC (Allocation Failure) 
Desired survivor size 119013376 bytes, new threshold 1 (max 15)
[PSYoungGen: 232960K->116224K(232960K)] 705631K->676512K(932352K), 0.0308717 secs] [Times: user=0.22 sys=0.00, real=0.03 secs] 
31.507: [Full GC (Ergonomics) [PSYoungGen: 116224K->0K(232960K)] [ParOldGen: 560288K->194921K(699392K)] 676512K->194921K(932352K), [Metaspace: 4214K->4214K(1056768K)], 0.0441936 secs] [Times: user=0.29 sys=0.01, real=0.04 secs] 
31.551: Total time for which application threads were stopped: 0.0752725 seconds
31.562: [GC (Allocation Failure) 
Desired survivor size 119013376 bytes, new threshold 1 (max 15)
[PSYoungGen: 116736K->116224K(232960K)] 311657K->318673K(932352K), 0.0174207 secs] [Times: user=0.11 sys=0.00, real=0.02 secs] 
31.580: Total time for which application threads were stopped: 0.0175321 seconds
31.589: [GC (Allocation Failure) 
Desired survivor size 119013376 bytes, new threshold 1 (max 15)
[PSYoungGen: 232960K->116224K(232960K)] 435409K->406346K(932352K), 0.0310780 secs] [Times: user=0.23 sys=0.00, real=0.03 secs] 
31.620: Total time for which application threads were stopped: 0.0311974 seconds
31.630: [GC (Allocation Failure) 
Desired survivor size 119013376 bytes, new threshold 1 (max 15)
[PSYoungGen: 232960K->116224K(232960K)] 523082K->493977K(932352K), 0.0290161 secs] [Times: user=0.20 sys=0.00, real=0.03 secs] 
31.659: Total time for which application threads were stopped: 0.0291311 seconds
31.668: [GC (Allocation Failure) 
Desired survivor size 119013376 bytes, new threshold 1 (max 15)
[PSYoungGen: 232960K->116224K(232960K)] 610713K->589269K(932352K), 0.0325541 secs] [Times: user=0.22 sys=0.00, real=0.03 secs] 
31.701: Total time for which application threads were stopped: 0.0326733 seconds
31.711: [GC (Allocation Failure) 
Desired survivor size 119013376 bytes, new threshold 1 (max 15)
[PSYoungGen: 232960K->116224K(232960K)] 706005K->676844K(932352K), 0.0306928 secs] [Times: user=0.21 sys=0.00, real=0.03 secs] 
31.742: [Full GC (Ergonomics) [PSYoungGen: 116224K->0K(232960K)] [ParOldGen: 560620K->194921K(699392K)] 676844K->194921K(932352K), [Metaspace: 4214K->4214K(1056768K)], 0.0427812 secs] [Times: user=0.25 sys=0.00, real=0.05 secs] 
31.785: Total time for which application threads were stopped: 0.0737348 seconds
31.795: [GC (Allocation Failure) 
Desired survivor size 119013376 bytes, new threshold 1 (max 15)
[PSYoungGen: 116736K->116224K(232960K)] 311657K->318657K(932352K), 0.0168250 secs] [Times: user=0.11 sys=0.00, real=0.01 secs] 
31.812: Total time for which application threads were stopped: 0.0169333 seconds
31.821: [GC (Allocation Failure) 
Desired survivor size 119013376 bytes, new threshold 1 (max 15)
[PSYoungGen: 232960K->116224K(232960K)] 435393K->406045K(932352K), 0.0314680 secs] [Times: user=0.21 sys=0.00, real=0.03 secs] 
31.853: Total time for which application threads were stopped: 0.0316082 seconds
31.863: [GC (Allocation Failure) 
Desired survivor size 119013376 bytes, new threshold 1 (max 15)
[PSYoungGen: 232960K->116224K(232960K)] 522781K->493919K(932352K), 0.0293436 secs] [Times: user=0.21 sys=0.01, real=0.03 secs] 
31.892: Total time for which application threads were stopped: 0.0295174 seconds
31.902: [GC (Allocation Failure) 
Desired survivor size 119013376 bytes, new threshold 1 (max 15)
[PSYoungGen: 232960K->116224K(232960K)] 610655K->589157K(932352K), 0.0324931 secs] [Times: user=0.22 sys=0.00, real=0.04 secs] 
31.934: Total time for which application threads were stopped: 0.0325996 seconds
31.943: [GC (Allocation Failure) 
Desired survivor size 119013376 bytes, new threshold 1 (max 15)
[PSYoungGen: 232960K->116224K(232960K)] 705893K->676780K(932352K), 0.0295460 secs] [Times: user=0.22 sys=0.00, real=0.03 secs] 
31.973: [Full GC (Ergonomics) [PSYoungGen: 116224K->0K(232960K)] [ParOldGen: 560556K->194921K(699392K)] 676780K->194921K(932352K), [Metaspace: 4214K->4214K(1056768K)], 0.0470903 secs] [Times: user=0.31 sys=0.00, real=0.05 secs] 
32.020: Total time for which application threads were stopped: 0.0768957 seconds
32.031: [GC (Allocation Failure) 
Desired survivor size 119013376 bytes, new threshold 1 (max 15)
[PSYoungGen: 116736K->116224K(232960K)] 311657K->318762K(932352K), 0.0167277 secs] [Times: user=0.11 sys=0.00, real=0.02 secs] 
32.048: Total time for which application threads were stopped: 0.0168468 seconds
32.057: [GC (Allocation Failure) 
Desired survivor size 119013376 bytes, new threshold 1 (max 15)
[PSYoungGen: 232960K->116224K(232960K)] 435498K->406299K(932352K), 0.0314058 secs] [Times: user=0.21 sys=0.00, real=0.03 secs] 
32.088: Total time for which application threads were stopped: 0.0315152 seconds
32.098: [GC (Allocation Failure) 
Desired survivor size 119013376 bytes, new threshold 1 (max 15)
[PSYoungGen: 232960K->116224K(232960K)] 523035K->493796K(932352K), 0.0286892 secs] [Times: user=0.21 sys=0.00, real=0.03 secs] 
32.127: Total time for which application threads were stopped: 0.0287983 seconds
32.136: [GC (Allocation Failure) 
Desired survivor size 119013376 bytes, new threshold 1 (max 15)
[PSYoungGen: 232960K->116224K(232960K)] 610532K->589016K(932352K), 0.0328312 secs] [Times: user=0.23 sys=0.00, real=0.03 secs] 
32.169: Total time for which application threads were stopped: 0.0329661 seconds
32.178: [GC (Allocation Failure) 
Desired survivor size 119013376 bytes, new threshold 1 (max 15)
[PSYoungGen: 232960K->116224K(232960K)] 705752K->676382K(932352K), 0.0311132 secs] [Times: user=0.21 sys=0.01, real=0.03 secs] 
32.209: [Full GC (Ergonomics) [PSYoungGen: 116224K->0K(232960K)] [ParOldGen: 560158K->194921K(699392K)] 676382K->194921K(932352K), [Metaspace: 4214K->4214K(1056768K)], 0.0440345 secs] [Times: user=0.30 sys=0.00, real=0.04 secs] 
32.253: Total time for which application threads were stopped: 0.0753594 seconds
32.264: [GC (Allocation Failure) 
Desired survivor size 119013376 bytes, new threshold 1 (max 15)
[PSYoungGen: 116736K->116224K(232960K)] 311657K->318741K(932352K), 0.0163973 secs] [Times: user=0.09 sys=0.00, real=0.02 secs] 
32.280: Total time for which application threads were stopped: 0.0165080 seconds
32.289: [GC (Allocation Failure) 
Desired survivor size 119013376 bytes, new threshold 1 (max 15)
[PSYoungGen: 232960K->116224K(232960K)] 435477K->406455K(932352K), 0.0311022 secs] [Times: user=0.20 sys=0.00, real=0.03 secs] 
32.320: Total time for which application threads were stopped: 0.0312373 seconds
32.330: [GC (Allocation Failure) 
Desired survivor size 119013376 bytes, new threshold 1 (max 15)
[PSYoungGen: 232960K->93760K(232960K)] 523191K->496232K(932352K), 0.0292464 secs] [Times: user=0.19 sys=0.00, real=0.03 secs] 
32.359: Total time for which application threads were stopped: 0.0293606 seconds
32.369: [GC (Allocation Failure) 
Desired survivor size 119013376 bytes, new threshold 1 (max 15)
[PSYoungGen: 210496K->116224K(232960K)] 612968K->602532K(932352K), 0.0308340 secs] [Times: user=0.23 sys=0.00, real=0.03 secs] 
32.400: Total time for which application threads were stopped: 0.0309677 seconds
32.410: [GC (Allocation Failure) 
Desired survivor size 119013376 bytes, new threshold 1 (max 15)
[PSYoungGen: 232960K->116224K(232960K)] 719268K->690102K(932352K), 0.0296560 secs] [Times: user=0.21 sys=0.00, real=0.03 secs] 
32.439: [Full GC (Ergonomics) [PSYoungGen: 116224K->0K(232960K)] [ParOldGen: 573878K->194921K(699392K)] 690102K->194921K(932352K), [Metaspace: 4214K->4214K(1056768K)], 0.0453804 secs] [Times: user=0.31 sys=0.00, real=0.05 secs] 
32.485: Total time for which application threads were stopped: 0.0752589 seconds
32.495: [GC (Allocation Failure) 
Desired survivor size 119013376 bytes, new threshold 1 (max 15)
[PSYoungGen: 116736K->116224K(232960K)] 311657K->318757K(932352K), 0.0171073 secs] [Times: user=0.13 sys=0.00, real=0.01 secs] 
32.512: Total time for which application threads were stopped: 0.0172148 seconds
32.522: [GC (Allocation Failure) 
Desired survivor size 119013376 bytes, new threshold 1 (max 15)
[PSYoungGen: 232960K->116224K(232960K)] 435493K->406304K(932352K), 0.0304670 secs] [Times: user=0.20 sys=0.01, real=0.03 secs] 
32.553: Total time for which application threads were stopped: 0.0305781 seconds
32.563: [GC (Allocation Failure) 
Desired survivor size 119013376 bytes, new threshold 1 (max 15)
[PSYoungGen: 232960K->116224K(232960K)] 523040K->495251K(932352K), 0.0298491 secs] [Times: user=0.21 sys=0.00, real=0.03 secs] 
32.593: Total time for which application threads were stopped: 0.0299667 seconds
32.602: [GC (Allocation Failure) 
Desired survivor size 119013376 bytes, new threshold 1 (max 15)
[PSYoungGen: 232960K->116224K(232960K)] 611987K->582863K(932352K), 0.0309129 secs] [Times: user=0.23 sys=0.00, real=0.03 secs] 
32.633: Total time for which application threads were stopped: 0.0310215 seconds
32.644: [GC (Allocation Failure) 
Desired survivor size 119013376 bytes, new threshold 1 (max 15)
[PSYoungGen: 232960K->116224K(232960K)] 699599K->670390K(932352K), 0.0279242 secs] [Times: user=0.22 sys=0.00, real=0.02 secs] 
32.672: Total time for which application threads were stopped: 0.0280249 seconds
32.682: [GC (Allocation Failure) 
Desired survivor size 119013376 bytes, new threshold 1 (max 15)
[PSYoungGen: 232960K->116224K(232960K)] 787126K->765846K(932352K), 0.0322912 secs] [Times: user=0.23 sys=0.00, real=0.04 secs] 
32.714: [Full GC (Ergonomics) [PSYoungGen: 116224K->0K(232960K)] [ParOldGen: 649622K->194921K(699392K)] 765846K->194921K(932352K), [Metaspace: 4214K->4214K(1056768K)], 0.0468601 secs] [Times: user=0.32 sys=0.00, real=0.04 secs] 
32.761: Total time for which application threads were stopped: 0.0793526 seconds
32.772: [GC (Allocation Failure) 
Desired survivor size 119013376 bytes, new threshold 1 (max 15)
[PSYoungGen: 116736K->116224K(232960K)] 311657K->318721K(932352K), 0.0171863 secs] [Times: user=0.13 sys=0.00, real=0.02 secs] 
32.789: Total time for which application threads were stopped: 0.0172953 seconds
32.799: [GC (Allocation Failure) 
Desired survivor size 119013376 bytes, new threshold 1 (max 15)
[PSYoungGen: 232960K->116224K(232960K)] 435457K->406570K(932352K), 0.0309053 secs] [Times: user=0.19 sys=0.00, real=0.03 secs] 
32.830: Total time for which application threads were stopped: 0.0310131 seconds
32.839: [GC (Allocation Failure) 
Desired survivor size 119013376 bytes, new threshold 1 (max 15)
[PSYoungGen: 232960K->116224K(232960K)] 523306K->494208K(932352K), 0.0312439 secs] [Times: user=0.21 sys=0.00, real=0.03 secs] 
32.871: Total time for which application threads were stopped: 0.0313744 seconds
32.882: [GC (Allocation Failure) 
Desired survivor size 119013376 bytes, new threshold 1 (max 15)
[PSYoungGen: 232960K->116224K(232960K)] 610944K->581702K(932352K), 0.0293769 secs] [Times: user=0.21 sys=0.01, real=0.03 secs] 
32.911: Total time for which application threads were stopped: 0.0294798 seconds
32.920: [GC (Allocation Failure) 
Desired survivor size 119013376 bytes, new threshold 1 (max 15)
[PSYoungGen: 232960K->116224K(232960K)] 698438K->676899K(932352K), 0.0331505 secs] [Times: user=0.23 sys=0.00, real=0.04 secs] 
32.953: [Full GC (Ergonomics) [PSYoungGen: 116224K->0K(232960K)] [ParOldGen: 560675K->194921K(699392K)] 676899K->194921K(932352K), [Metaspace: 4214K->4214K(1056768K)], 0.0451037 secs] [Times: user=0.31 sys=0.00, real=0.04 secs] 
32.999: Total time for which application threads were stopped: 0.0784877 seconds
33.009: [GC (Allocation Failure) 
Desired survivor size 119013376 bytes, new threshold 1 (max 15)
[PSYoungGen: 116736K->116224K(232960K)] 311657K->318708K(932352K), 0.0175425 secs] [Times: user=0.12 sys=0.00, real=0.02 secs] 
33.027: Total time for which application threads were stopped: 0.0176435 seconds
33.036: [GC (Allocation Failure) 
Desired survivor size 119013376 bytes, new threshold 1 (max 15)
[PSYoungGen: 232960K->116224K(232960K)] 435444K->406619K(932352K), 0.0302366 secs] [Times: user=0.20 sys=0.00, real=0.03 secs] 
33.067: Total time for which application threads were stopped: 0.0303452 seconds
33.076: [GC (Allocation Failure) 
Desired survivor size 119013376 bytes, new threshold 1 (max 15)
[PSYoungGen: 232960K->116224K(232960K)] 523355K->494140K(932352K), 0.0312604 secs] [Times: user=0.21 sys=0.00, real=0.03 secs] 
33.107: Total time for which application threads were stopped: 0.0313681 seconds
33.116: [GC (Allocation Failure) 
Desired survivor size 119013376 bytes, new threshold 1 (max 15)
[PSYoungGen: 232960K->116224K(232960K)] 610876K->581831K(932352K), 0.0299529 secs] [Times: user=0.22 sys=0.00, real=0.03 secs] 
33.146: Total time for which application threads were stopped: 0.0300590 seconds
33.156: [GC (Allocation Failure) 
Desired survivor size 119013376 bytes, new threshold 1 (max 15)
[PSYoungGen: 232960K->116224K(232960K)] 698567K->676998K(932352K), 0.0326374 secs] [Times: user=0.25 sys=0.00, real=0.03 secs] 
33.189: [Full GC (Ergonomics) [PSYoungGen: 116224K->0K(232960K)] [ParOldGen: 560774K->194921K(699392K)] 676998K->194921K(932352K), [Metaspace: 4214K->4214K(1056768K)], 0.0460641 secs] [Times: user=0.31 sys=0.01, real=0.05 secs] 
33.235: Total time for which application threads were stopped: 0.0788925 seconds
33.245: [GC (Allocation Failure) 
Desired survivor size 119013376 bytes, new threshold 1 (max 15)
[PSYoungGen: 116736K->116224K(232960K)] 311657K->318863K(932352K), 0.0169977 secs] [Times: user=0.12 sys=0.00, real=0.01 secs] 
33.262: Total time for which application threads were stopped: 0.0171105 seconds
33.272: [GC (Allocation Failure) 
Desired survivor size 119013376 bytes, new threshold 1 (max 15)
[PSYoungGen: 232960K->116224K(232960K)] 435599K->406395K(932352K), 0.0298490 secs] [Times: user=0.20 sys=0.00, real=0.03 secs] 
33.302: Total time for which application threads were stopped: 0.0299649 seconds
33.311: [GC (Allocation Failure) 
Desired survivor size 119013376 bytes, new threshold 1 (max 15)
[PSYoungGen: 232960K->116224K(232960K)] 523131K->493962K(932352K), 0.0305044 secs] [Times: user=0.23 sys=0.00, real=0.03 secs] 
33.341: Total time for which application threads were stopped: 0.0306133 seconds
33.351: [GC (Allocation Failure) 
Desired survivor size 119013376 bytes, new threshold 1 (max 15)
[PSYoungGen: 232960K->116224K(232960K)] 610698K->581695K(932352K), 0.0296709 secs] [Times: user=0.22 sys=0.00, real=0.03 secs] 
33.381: Total time for which application threads were stopped: 0.0298199 seconds
33.390: [GC (Allocation Failure) 
Desired survivor size 119013376 bytes, new threshold 1 (max 15)
[PSYoungGen: 232960K->116224K(232960K)] 698431K->676999K(932352K), 0.0319934 secs] [Times: user=0.23 sys=0.00, real=0.03 secs] 
33.422: [Full GC (Ergonomics) [PSYoungGen: 116224K->0K(232960K)] [ParOldGen: 560775K->194921K(699392K)] 676999K->194921K(932352K), [Metaspace: 4214K->4214K(1056768K)], 0.0441958 secs] [Times: user=0.30 sys=0.00, real=0.05 secs] 
33.466: Total time for which application threads were stopped: 0.0763692 seconds
33.477: [GC (Allocation Failure) 
Desired survivor size 119013376 bytes, new threshold 1 (max 15)
[PSYoungGen: 116736K->116224K(232960K)] 311657K->318876K(932352K), 0.0171771 secs] [Times: user=0.12 sys=0.00, real=0.02 secs] 
33.494: Total time for which application threads were stopped: 0.0172839 seconds
33.503: [GC (Allocation Failure) 
Desired survivor size 119013376 bytes, new threshold 1 (max 15)
[PSYoungGen: 232960K->116224K(232960K)] 435612K->406245K(932352K), 0.0291834 secs] [Times: user=0.21 sys=0.00, real=0.02 secs] 
33.533: Total time for which application threads were stopped: 0.0293079 seconds
33.542: [GC (Allocation Failure) 
Desired survivor size 119013376 bytes, new threshold 1 (max 15)
[PSYoungGen: 232960K->116224K(232960K)] 522981K->482745K(932352K), 0.0272714 secs] [Times: user=0.18 sys=0.00, real=0.03 secs] 
33.570: Total time for which application threads were stopped: 0.0273884 seconds
33.580: [GC (Allocation Failure) 
Desired survivor size 119013376 bytes, new threshold 1 (max 15)
[PSYoungGen: 232960K->116224K(232960K)] 599481K->577845K(932352K), 0.0299584 secs] [Times: user=0.19 sys=0.01, real=0.03 secs] 
33.610: Total time for which application threads were stopped: 0.0300634 seconds
33.619: [GC (Allocation Failure) 
Desired survivor size 119013376 bytes, new threshold 1 (max 15)
[PSYoungGen: 232960K->116224K(232960K)] 694581K->665451K(932352K), 0.0316787 secs] [Times: user=0.21 sys=0.00, real=0.03 secs] 
33.651: Total time for which application threads were stopped: 0.0317873 seconds
33.662: [GC (Allocation Failure) 
Desired survivor size 119013376 bytes, new threshold 1 (max 15)
[PSYoungGen: 232960K->116224K(232960K)] 782187K->752907K(932352K), 0.0286343 secs] [Times: user=0.21 sys=0.00, real=0.03 secs] 
33.690: [Full GC (Ergonomics) [PSYoungGen: 116224K->0K(232960K)] [ParOldGen: 636683K->194921K(699392K)] 752907K->194921K(932352K), [Metaspace: 4214K->4214K(1056768K)], 0.0416103 secs] [Times: user=0.26 sys=0.00, real=0.04 secs] 
33.732: Total time for which application threads were stopped: 0.0704690 seconds
33.743: [GC (Allocation Failure) 
Desired survivor size 119013376 bytes, new threshold 1 (max 15)
[PSYoungGen: 116736K->116224K(232960K)] 311657K->318867K(932352K), 0.0190863 secs] [Times: user=0.12 sys=0.00, real=0.01 secs] 
33.763: Total time for which application threads were stopped: 0.0192218 seconds
33.772: [GC (Allocation Failure) 
Desired survivor size 119013376 bytes, new threshold 1 (max 15)
[PSYoungGen: 232960K->116224K(232960K)] 435603K->406404K(932352K), 0.0297132 secs] [Times: user=0.22 sys=0.00, real=0.03 secs] 
33.802: Total time for which application threads were stopped: 0.0298336 seconds
33.813: [GC (Allocation Failure) 
Desired survivor size 119013376 bytes, new threshold 1 (max 15)
[PSYoungGen: 232960K->116224K(232960K)] 523140K->494174K(932352K), 0.0289577 secs] [Times: user=0.18 sys=0.00, real=0.02 secs] 
33.842: Total time for which application threads were stopped: 0.0290559 seconds
33.851: [GC (Allocation Failure) 
Desired survivor size 119013376 bytes, new threshold 1 (max 15)
[PSYoungGen: 232960K->116224K(232960K)] 610910K->581593K(932352K), 0.0314059 secs] [Times: user=0.24 sys=0.00, real=0.03 secs] 
33.883: Total time for which application threads were stopped: 0.0315357 seconds
33.892: [GC (Allocation Failure) 
Desired survivor size 119013376 bytes, new threshold 1 (max 15)
[PSYoungGen: 232960K->116224K(232960K)] 698329K->669314K(932352K), 0.0303971 secs] [Times: user=0.22 sys=0.00, real=0.03 secs] 
33.923: Total time for which application threads were stopped: 0.0305181 seconds
33.932: [GC (Allocation Failure) 
Desired survivor size 119013376 bytes, new threshold 1 (max 15)
[PSYoungGen: 232960K->116224K(232960K)] 786050K->764513K(932352K), 0.0328525 secs] [Times: user=0.24 sys=0.01, real=0.04 secs] 
33.965: [Full GC (Ergonomics) [PSYoungGen: 116224K->0K(232960K)] [ParOldGen: 648289K->194921K(699392K)] 764513K->194921K(932352K), [Metaspace: 4214K->4214K(1056768K)], 0.0458394 secs] [Times: user=0.30 sys=0.00, real=0.04 secs] 
34.011: Total time for which application threads were stopped: 0.0789119 seconds
34.022: [GC (Allocation Failure) 
Desired survivor size 119013376 bytes, new threshold 1 (max 15)
[PSYoungGen: 116736K->116224K(232960K)] 311657K->318685K(932352K), 0.0168506 secs] [Times: user=0.11 sys=0.00, real=0.02 secs] 
34.039: Total time for which application threads were stopped: 0.0169876 seconds
34.048: [GC (Allocation Failure) 
Desired survivor size 119013376 bytes, new threshold 1 (max 15)
[PSYoungGen: 232960K->116224K(232960K)] 435421K->406424K(932352K), 0.0294774 secs] [Times: user=0.22 sys=0.00, real=0.03 secs] 
34.078: Total time for which application threads were stopped: 0.0296123 seconds
34.087: [GC (Allocation Failure) 
Desired survivor size 119013376 bytes, new threshold 1 (max 15)
[PSYoungGen: 232960K->116224K(232960K)] 523160K->494204K(932352K), 0.0309922 secs] [Times: user=0.21 sys=0.00, real=0.03 secs] 
34.118: Total time for which application threads were stopped: 0.0310893 seconds
34.128: [GC (Allocation Failure) 
Desired survivor size 119013376 bytes, new threshold 1 (max 15)
[PSYoungGen: 232960K->116224K(232960K)] 610940K->581734K(932352K), 0.0294201 secs] [Times: user=0.19 sys=0.00, real=0.03 secs] 
34.158: Total time for which application threads were stopped: 0.0295496 seconds
34.167: [GC (Allocation Failure) 
Desired survivor size 119013376 bytes, new threshold 1 (max 15)
[PSYoungGen: 232960K->116224K(232960K)] 698470K->677008K(932352K), 0.0324538 secs] [Times: user=0.23 sys=0.00, real=0.03 secs] 
34.200: [Full GC (Ergonomics) [PSYoungGen: 116224K->0K(232960K)] [ParOldGen: 560784K->194921K(699392K)] 677008K->194921K(932352K), [Metaspace: 4214K->4214K(1056768K)], 0.0464076 secs] [Times: user=0.33 sys=0.00, real=0.05 secs] 
34.246: Total time for which application threads were stopped: 0.0790418 seconds
34.257: [GC (Allocation Failure) 
Desired survivor size 119013376 bytes, new threshold 1 (max 15)
[PSYoungGen: 116736K->116224K(232960K)] 311657K->318844K(932352K), 0.0175659 secs] [Times: user=0.12 sys=0.00, real=0.02 secs] 
34.275: Total time for which application threads were stopped: 0.0176734 seconds
34.284: [GC (Allocation Failure) 
Desired survivor size 119013376 bytes, new threshold 1 (max 15)
[PSYoungGen: 232960K->116224K(232960K)] 435580K->406518K(932352K), 0.0294745 secs] [Times: user=0.21 sys=0.00, real=0.03 secs] 
34.314: Total time for which application threads were stopped: 0.0295922 seconds
34.323: [GC (Allocation Failure) 
Desired survivor size 119013376 bytes, new threshold 1 (max 15)
[PSYoungGen: 232960K->116224K(232960K)] 523254K->494044K(932352K), 0.0299839 secs] [Times: user=0.22 sys=0.00, real=0.03 secs] 
34.353: Total time for which application threads were stopped: 0.0300962 seconds
34.364: [GC (Allocation Failure) 
Desired survivor size 119013376 bytes, new threshold 1 (max 15)
[PSYoungGen: 232960K->116224K(232960K)] 610780K->581521K(932352K), 0.0287873 secs] [Times: user=0.21 sys=0.00, real=0.02 secs] 
34.393: Total time for which application threads were stopped: 0.0289018 seconds
34.402: [GC (Allocation Failure) 
Desired survivor size 119013376 bytes, new threshold 1 (max 15)
[PSYoungGen: 232960K->116224K(232960K)] 698257K->676665K(932352K), 0.0319683 secs] [Times: user=0.24 sys=0.00, real=0.04 secs] 
34.434: [Full GC (Ergonomics) [PSYoungGen: 116224K->0K(232960K)] [ParOldGen: 560441K->194921K(699392K)] 676665K->194921K(932352K), [Metaspace: 4214K->4214K(1056768K)], 0.0482634 secs] [Times: user=0.33 sys=0.00, real=0.04 secs] 
34.483: Total time for which application threads were stopped: 0.0804113 seconds
34.493: [GC (Allocation Failure) 
Desired survivor size 119013376 bytes, new threshold 1 (max 15)
[PSYoungGen: 116736K->116224K(232960K)] 311657K->318655K(932352K), 0.0174675 secs] [Times: user=0.11 sys=0.00, real=0.01 secs] 
34.511: Total time for which application threads were stopped: 0.0175733 seconds
34.520: [GC (Allocation Failure) 
Desired survivor size 119013376 bytes, new threshold 1 (max 15)
[PSYoungGen: 232960K->116224K(232960K)] 435391K->406509K(932352K), 0.0295174 secs] [Times: user=0.22 sys=0.00, real=0.03 secs] 
34.550: Total time for which application threads were stopped: 0.0296329 seconds
34.559: [GC (Allocation Failure) 
Desired survivor size 119013376 bytes, new threshold 1 (max 15)
[PSYoungGen: 232960K->116224K(232960K)] 523245K->495422K(932352K), 0.0313165 secs] [Times: user=0.22 sys=0.00, real=0.03 secs] 
34.590: Total time for which application threads were stopped: 0.0314220 seconds
34.600: [GC (Allocation Failure) 
Desired survivor size 119013376 bytes, new threshold 1 (max 15)
[PSYoungGen: 232960K->116224K(232960K)] 612158K->582981K(932352K), 0.0297629 secs] [Times: user=0.22 sys=0.01, real=0.03 secs] 
34.629: Total time for which application threads were stopped: 0.0298904 seconds
34.639: [GC (Allocation Failure) 
Desired survivor size 119013376 bytes, new threshold 1 (max 15)
[PSYoungGen: 232960K->116224K(232960K)] 699717K->677933K(932352K), 0.0316025 secs] [Times: user=0.21 sys=0.00, real=0.03 secs] 
34.671: [Full GC (Ergonomics) [PSYoungGen: 116224K->0K(232960K)] [ParOldGen: 561709K->194921K(699392K)] 677933K->194921K(932352K), [Metaspace: 4214K->4214K(1056768K)], 0.0476820 secs] [Times: user=0.32 sys=0.00, real=0.05 secs] 
34.718: Total time for which application threads were stopped: 0.0794651 seconds
34.728: [GC (Allocation Failure) 
Desired survivor size 119013376 bytes, new threshold 1 (max 15)
[PSYoungGen: 116736K->80576K(232960K)] 311657K->275497K(932352K), 0.0089079 secs] [Times: user=0.05 sys=0.00, real=0.01 secs] 
34.737: Total time for which application threads were stopped: 0.0090274 seconds
34.747: [GC (Allocation Failure) 
Desired survivor size 119013376 bytes, new threshold 1 (max 15)
[PSYoungGen: 197312K->116224K(232960K)] 392233K->405640K(932352K), 0.0324555 secs] [Times: user=0.22 sys=0.00, real=0.03 secs] 
34.779: Total time for which application threads were stopped: 0.0325651 seconds
34.788: [GC (Allocation Failure) 
Desired survivor size 119013376 bytes, new threshold 1 (max 15)
[PSYoungGen: 232960K->116224K(232960K)] 522376K->493301K(932352K), 0.0293489 secs] [Times: user=0.20 sys=0.00, real=0.03 secs] 
34.818: Total time for which application threads were stopped: 0.0294790 seconds
34.829: [GC (Allocation Failure) 
Desired survivor size 119013376 bytes, new threshold 1 (max 15)
[PSYoungGen: 232960K->116224K(232960K)] 610037K->580882K(932352K), 0.0288184 secs] [Times: user=0.21 sys=0.01, real=0.03 secs] 
34.858: Total time for which application threads were stopped: 0.0289265 seconds
34.867: [GC (Allocation Failure) 
Desired survivor size 119013376 bytes, new threshold 1 (max 15)
[PSYoungGen: 232960K->116224K(232960K)] 697618K->668478K(932352K), 0.0311651 secs] [Times: user=0.22 sys=0.00, real=0.03 secs] 
34.898: Total time for which application threads were stopped: 0.0312780 seconds
34.908: [GC (Allocation Failure) 
Desired survivor size 119013376 bytes, new threshold 1 (max 15)
[PSYoungGen: 232960K->116224K(232960K)] 785214K->756283K(932352K), 0.0299021 secs] [Times: user=0.21 sys=0.00, real=0.03 secs] 
34.938: [Full GC (Ergonomics) [PSYoungGen: 116224K->0K(232960K)] [ParOldGen: 640059K->194774K(699392K)] 756283K->194774K(932352K), [Metaspace: 4214K->4214K(1056768K)], 0.0497259 secs] [Times: user=0.27 sys=0.00, real=0.05 secs] 
34.988: Total time for which application threads were stopped: 0.0798166 seconds
34.998: [GC (Allocation Failure) 
Desired survivor size 119013376 bytes, new threshold 1 (max 15)
[PSYoungGen: 116736K->116224K(232960K)] 311510K->318673K(932352K), 0.0169702 secs] [Times: user=0.13 sys=0.00, real=0.02 secs] 
35.015: Total time for which application threads were stopped: 0.0170832 seconds
35.025: [GC (Allocation Failure) 
Desired survivor size 119013376 bytes, new threshold 1 (max 15)
[PSYoungGen: 232960K->116224K(232960K)] 435409K->406142K(932352K), 0.0304664 secs] [Times: user=0.21 sys=0.00, real=0.03 secs] 
35.055: Total time for which application threads were stopped: 0.0305919 seconds
35.065: [GC (Allocation Failure) 
Desired survivor size 119013376 bytes, new threshold 1 (max 15)
[PSYoungGen: 232960K->116224K(232960K)] 522878K->493863K(932352K), 0.0296130 secs] [Times: user=0.22 sys=0.00, real=0.03 secs] 
35.095: Total time for which application threads were stopped: 0.0297222 seconds
35.104: [GC (Allocation Failure) 
Desired survivor size 119013376 bytes, new threshold 1 (max 15)
[PSYoungGen: 232960K->116224K(232960K)] 610599K->581428K(932352K), 0.0305247 secs] [Times: user=0.23 sys=0.00, real=0.03 secs] 
35.134: Total time for which application threads were stopped: 0.0306531 seconds
35.145: [GC (Allocation Failure) 
Desired survivor size 119013376 bytes, new threshold 1 (max 15)
[PSYoungGen: 232960K->116224K(232960K)] 698164K->669008K(932352K), 0.0284927 secs] [Times: user=0.20 sys=0.00, real=0.03 secs] 
35.174: Total time for which application threads were stopped: 0.0286223 seconds
35.183: [GC (Allocation Failure) 
Desired survivor size 119013376 bytes, new threshold 1 (max 15)
[PSYoungGen: 232960K->116224K(232960K)] 785744K->764033K(932352K), 0.0324902 secs] [Times: user=0.23 sys=0.01, real=0.03 secs] 
35.216: [Full GC (Ergonomics) [PSYoungGen: 116224K->0K(232960K)] [ParOldGen: 647809K->194921K(699392K)] 764033K->194921K(932352K), [Metaspace: 4214K->4214K(1056768K)], 0.0462348 secs] [Times: user=0.32 sys=0.00, real=0.04 secs] 
35.262: Total time for which application threads were stopped: 0.0789352 seconds
35.273: [GC (Allocation Failure) 
Desired survivor size 119013376 bytes, new threshold 1 (max 15)
[PSYoungGen: 116736K->116224K(232960K)] 311657K->318671K(932352K), 0.0171414 secs] [Times: user=0.12 sys=0.00, real=0.01 secs] 
35.290: Total time for which application threads were stopped: 0.0172557 seconds
35.299: [GC (Allocation Failure) 
Desired survivor size 119013376 bytes, new threshold 1 (max 15)
[PSYoungGen: 232960K->116224K(232960K)] 435407K->406431K(932352K), 0.0290407 secs] [Times: user=0.21 sys=0.00, real=0.03 secs] 
35.329: Total time for which application threads were stopped: 0.0291796 seconds
35.338: [GC (Allocation Failure) 
Desired survivor size 119013376 bytes, new threshold 1 (max 15)
[PSYoungGen: 232960K->116224K(232960K)] 523167K->494210K(932352K), 0.0320150 secs] [Times: user=0.21 sys=0.00, real=0.03 secs] 
35.370: Total time for which application threads were stopped: 0.0321322 seconds
35.379: [GC (Allocation Failure) 
Desired survivor size 119013376 bytes, new threshold 1 (max 15)
[PSYoungGen: 232960K->116224K(232960K)] 610946K->581783K(932352K), 0.0298392 secs] [Times: user=0.21 sys=0.00, real=0.03 secs] 
35.409: Total time for which application threads were stopped: 0.0299925 seconds
35.419: [GC (Allocation Failure) 
Desired survivor size 119013376 bytes, new threshold 1 (max 15)
[PSYoungGen: 232960K->116224K(232960K)] 698519K->676923K(932352K), 0.0311859 secs] [Times: user=0.22 sys=0.00, real=0.03 secs] 
35.450: [Full GC (Ergonomics) [PSYoungGen: 116224K->0K(232960K)] [ParOldGen: 560699K->194921K(699392K)] 676923K->194921K(932352K), [Metaspace: 4214K->4214K(1056768K)], 0.0454202 secs] [Times: user=0.30 sys=0.00, real=0.05 secs] 
35.496: Total time for which application threads were stopped: 0.0768325 seconds
35.507: [GC (Allocation Failure) 
Desired survivor size 119013376 bytes, new threshold 1 (max 15)
[PSYoungGen: 116736K->116224K(232960K)] 311657K->318765K(932352K), 0.0178454 secs] [Times: user=0.11 sys=0.00, real=0.02 secs] 
35.524: Total time for which application threads were stopped: 0.0179502 seconds
35.534: [GC (Allocation Failure) 
Desired survivor size 119013376 bytes, new threshold 1 (max 15)
[PSYoungGen: 232960K->116224K(232960K)] 435501K->406465K(932352K), 0.0295090 secs] [Times: user=0.22 sys=0.00, real=0.03 secs] 
35.563: Total time for which application threads were stopped: 0.0296867 seconds
35.573: [GC (Allocation Failure) 
Desired survivor size 119013376 bytes, new threshold 1 (max 15)
[PSYoungGen: 232960K->116224K(232960K)] 523201K->494079K(932352K), 0.0320176 secs] [Times: user=0.20 sys=0.00, real=0.03 secs] 
35.605: Total time for which application threads were stopped: 0.0321347 seconds
35.615: [GC (Allocation Failure) 
Desired survivor size 119013376 bytes, new threshold 1 (max 15)
[PSYoungGen: 232960K->116224K(232960K)] 610815K->581794K(932352K), 0.0292091 secs] [Times: user=0.21 sys=0.00, real=0.03 secs] 
35.644: Total time for which application threads were stopped: 0.0293193 seconds
35.655: [GC (Allocation Failure) 
Desired survivor size 119013376 bytes, new threshold 1 (max 15)
[PSYoungGen: 232960K->116224K(232960K)] 698530K->676977K(932352K), 0.0308420 secs] [Times: user=0.23 sys=0.00, real=0.03 secs] 
35.686: [Full GC (Ergonomics) [PSYoungGen: 116224K->0K(232960K)] [ParOldGen: 560753K->194921K(699392K)] 676977K->194921K(932352K), [Metaspace: 4214K->4214K(1056768K)], 0.0440940 secs] [Times: user=0.29 sys=0.00, real=0.04 secs] 
35.730: Total time for which application threads were stopped: 0.0751675 seconds
35.741: [GC (Allocation Failure) 
Desired survivor size 119013376 bytes, new threshold 1 (max 15)
[PSYoungGen: 116736K->116224K(232960K)] 311657K->318589K(932352K), 0.0169726 secs] [Times: user=0.12 sys=0.00, real=0.02 secs] 
35.758: Total time for which application threads were stopped: 0.0170908 seconds
35.767: [GC (Allocation Failure) 
Desired survivor size 119013376 bytes, new threshold 1 (max 15)
[PSYoungGen: 232960K->116224K(232960K)] 435325K->406406K(932352K), 0.0290086 secs] [Times: user=0.22 sys=0.00, real=0.03 secs] 
35.796: Total time for which application threads were stopped: 0.0291266 seconds
35.806: [GC (Allocation Failure) 
Desired survivor size 119013376 bytes, new threshold 1 (max 15)
[PSYoungGen: 232960K->116224K(232960K)] 523142K->493957K(932352K), 0.0301506 secs] [Times: user=0.21 sys=0.00, real=0.03 secs] 
35.836: Total time for which application threads were stopped: 0.0302679 seconds
Heap
 PSYoungGen      total 232960K, used 195661K [0x00000007aab00000, 0x00000007c0000000, 0x00000007c0000000)
  eden space 116736K, 68% used [0x00000007aab00000,0x00000007af893728,0x00000007b1d00000)
  from space 116224K, 100% used [0x00000007b1d00000,0x00000007b8e80000,0x00000007b8e80000)
  to   space 116224K, 0% used [0x00000007b8e80000,0x00000007b8e80000,0x00000007c0000000)
 ParOldGen       total 699392K, used 377733K [0x0000000780000000, 0x00000007aab00000, 0x00000007aab00000)
  object space 699392K, 54% used [0x0000000780000000,0x00000007970e15a0,0x00000007aab00000)
 Metaspace       used 4220K, capacity 4640K, committed 4864K, reserved 1056768K
  class space    used 470K, capacity 495K, committed 512K, reserved 1048576K
