2012-10-19T18:28:46.210+0100: 2.193: [GC 2.193: [DefNew: 17024K->643K(19136K), 0.0084810 secs] 17024K->643K(260032K), 0.0085510 secs] [Times: user=0.00 sys=0.00, real=0.01 secs] 
2012-10-19T18:28:46.678+0100: 2.661: [GC 2.661: [DefNew: 17667K->1170K(19136K), 0.0102170 secs] 17667K->1170K(260032K), 0.0102800 secs] [Times: user=0.01 sys=0.00, real=0.01 secs] 
2012-10-19T18:28:47.529+0100: 3.512: [GC 3.512: [DefNew: 18194K->1895K(19136K), 0.0343810 secs] 18194K->2537K(260032K), 0.0344840 secs] [Times: user=0.03 sys=0.01, real=0.03 secs] 
2012-10-19T18:28:48.202+0100: 4.185: [GC 4.185: [DefNew: 18919K->1263K(19136K), 0.0185200 secs] 19561K->3743K(260032K), 0.0186110 secs] [Times: user=0.02 sys=0.00, real=0.02 secs] 
2012-10-19T18:28:48.814+0100: 4.797: [GC 4.797: [DefNew: 18287K->892K(19136K), 0.0179510 secs] 20767K->4653K(260032K), 0.0180490 secs] [Times: user=0.01 sys=0.00, real=0.02 secs] 
2012-10-19T18:28:50.572+0100: 6.555: [GC 6.555: [DefNew: 17916K->2112K(19136K), 0.0215640 secs] 21677K->6636K(260032K), 0.0216780 secs] [Times: user=0.02 sys=0.00, real=0.02 secs] 
2012-10-19T18:28:51.213+0100: 7.196: [GC 7.196: [DefNew: 19136K->2111K(19136K), 0.0530560 secs] 23660K->9676K(260032K), 0.0531760 secs] [Times: user=0.05 sys=0.00, real=0.05 secs] 
2012-10-19T18:29:00.865+0100: 16.848: [GC 16.848: [DefNew: 19135K->1876K(19136K), 0.0180060 secs] 26700K->10541K(260032K), 0.0181450 secs] [Times: user=0.02 sys=0.00, real=0.02 secs] 
2012-10-19T18:29:35.833+0100: 51.816: [GC 51.816: [DefNew: 18900K->2112K(19136K), 0.0284370 secs] 27565K->11673K(260032K), 0.0286140 secs] [Times: user=0.01 sys=0.00, real=0.03 secs] 
2012-10-19T18:30:06.935+0100: 82.918: [GC 82.918: [DefNew: 19134K->1693K(19136K), 0.0080920 secs] 28695K->12017K(260032K), 0.0081910 secs] [Times: user=0.01 sys=0.00, real=0.01 secs] 
2012-10-19T18:30:09.292+0100: 85.275: [GC 85.275: [DefNew: 18716K->1773K(19136K), 0.0346030 secs] 29040K->12843K(260032K), 0.0347440 secs] [Times: user=0.03 sys=0.00, real=0.03 secs] 
2012-10-19T18:30:12.223+0100: 88.206: [GC 88.206: [DefNew: 18797K->1187K(19136K), 0.0263410 secs] 29867K->14088K(260032K), 0.0265070 secs] [Times: user=0.02 sys=0.01, real=0.03 secs] 
2012-10-19T18:30:14.610+0100: 90.593: [GC 90.593: [DefNew: 18211K->1316K(19136K), 0.0192040 secs] 31112K->15352K(260032K), 0.0193520 secs] [Times: user=0.01 sys=0.00, real=0.02 secs] 
2012-10-19T18:30:20.712+0100: 96.695: [GC 96.695: [DefNew: 18340K->1049K(19136K), 0.0329620 secs] 32376K->16141K(260032K), 0.0332480 secs] [Times: user=0.02 sys=0.00, real=0.03 secs] 
2012-10-19T18:30:50.471+0100: 126.454: [GC 126.454: [DefNew: 18073K->1709K(19136K), 0.0109790 secs] 33165K->16801K(260032K), 0.0112280 secs] [Times: user=0.01 sys=0.00, real=0.01 secs] 
2012-10-19T18:31:35.525+0100: 171.508: [GC 171.508: [DefNew: 18728K->829K(19136K), 0.0097530 secs] 33819K->16583K(260032K), 0.0098620 secs] [Times: user=0.01 sys=0.00, real=0.01 secs] 
2012-10-19T18:32:15.752+0100: 211.735: [GC 211.735: [DefNew: 17853K->1502K(19136K), 0.0075820 secs] 33607K->17256K(260032K), 0.0076880 secs] [Times: user=0.01 sys=0.00, real=0.01 secs] 
2012-10-19T18:33:00.635+0100: 256.618: [GC 256.618: [DefNew: 18526K->1137K(19136K), 0.0090690 secs] 34280K->17448K(260032K), 0.0091930 secs] [Times: user=0.01 sys=0.00, real=0.01 secs] 
2012-10-19T18:33:45.476+0100: 301.459: [GC 301.459: [DefNew: 18161K->1193K(19136K), 0.0065180 secs] 34472K->17603K(260032K), 0.0066310 secs] [Times: user=0.00 sys=0.00, real=0.01 secs] 
2012-10-19T18:34:35.508+0100: 351.491: [GC 351.491: [DefNew: 18192K->307K(19136K), 0.0054880 secs] 34603K->16878K(260032K), 0.0055840 secs] [Times: user=0.00 sys=0.00, real=0.00 secs] 
2012-10-19T18:35:15.966+0100: 391.949: [GC 391.949: [DefNew: 17331K->1379K(19136K), 0.0071530 secs] 33902K->17949K(260032K), 0.0072670 secs] [Times: user=0.01 sys=0.00, real=0.01 secs] 
2012-10-19T18:36:05.742+0100: 441.725: [GC 441.725: [DefNew: 18403K->370K(19136K), 0.0046740 secs] 34973K->17008K(260032K), 0.0047690 secs] [Times: user=0.00 sys=0.00, real=0.00 secs] 
2012-10-19T18:36:50.472+0100: 486.455: [GC 486.455: [DefNew: 17394K->1000K(19136K), 0.0060540 secs] 34032K->17637K(260032K), 0.0062220 secs] [Times: user=0.01 sys=0.00, real=0.01 secs] 
2012-10-19T18:37:40.696+0100: 536.679: [GC 536.679: [DefNew: 18009K->564K(19136K), 0.0060720 secs] 34647K->17201K(260032K), 0.0067770 secs] [Times: user=0.01 sys=0.00, real=0.01 secs] 
2012-10-19T18:38:25.481+0100: 581.463: [GC 581.464: [DefNew: 17580K->847K(19136K), 0.0112040 secs] 34218K->17485K(260032K), 0.0133260 secs] [Times: user=0.00 sys=0.00, real=0.01 secs] 
2012-10-19T18:39:10.538+0100: 626.521: [GC 626.521: [DefNew: 17871K->848K(19136K), 0.0100010 secs] 34509K->17518K(260032K), 0.0101270 secs] [Times: user=0.00 sys=0.00, real=0.01 secs] 
2012-10-19T18:39:55.411+0100: 671.394: [GC 671.394: [DefNew: 17852K->1221K(19136K), 0.0064730 secs] 34522K->17891K(260032K), 0.0066080 secs] [Times: user=0.01 sys=0.00, real=0.01 secs] 
2012-10-19T18:40:41.450+0100: 717.433: [GC 717.433: [DefNew: 18245K->1248K(19136K), 0.0067910 secs] 34915K->18044K(260032K), 0.0069070 secs] [Times: user=0.00 sys=0.00, real=0.00 secs] 
2012-10-19T18:41:30.642+0100: 766.624: [GC 766.625: [DefNew: 18272K->825K(19136K), 0.0085580 secs] 35068K->17746K(260032K), 0.0086930 secs] [Times: user=0.00 sys=0.00, real=0.01 secs] 
2012-10-19T18:42:20.491+0100: 816.474: [GC 816.474: [DefNew: 17841K->342K(19136K), 0.0043480 secs] 34763K->17264K(260032K), 0.0044470 secs] [Times: user=0.00 sys=0.01, real=0.00 secs] 
2012-10-19T18:43:05.649+0100: 861.632: [GC 861.632: [DefNew: 17366K->815K(19136K), 0.0073830 secs] 34288K->17736K(260032K), 0.0074910 secs] [Times: user=0.00 sys=0.01, real=0.00 secs] 
2012-10-19T18:43:50.917+0100: 906.900: [GC 906.900: [DefNew: 17839K->1067K(19136K), 0.0099780 secs] 34760K->17989K(260032K), 0.0101190 secs] [Times: user=0.01 sys=0.00, real=0.01 secs] 
2012-10-19T18:44:40.457+0100: 956.440: [GC 956.440: [DefNew: 18081K->527K(19136K), 0.0048470 secs] 35002K->17479K(260032K), 0.0049510 secs] [Times: user=0.00 sys=0.00, real=0.01 secs] 
2012-10-19T18:45:25.627+0100: 1001.610: [GC 1001.610: [DefNew: 17544K->847K(19136K), 0.0057910 secs] 34496K->17799K(260032K), 0.0059050 secs] [Times: user=0.00 sys=0.00, real=0.01 secs] 
2012-10-19T18:46:10.800+0100: 1046.783: [GC 1046.783: [DefNew: 17871K->1106K(19136K), 0.0070350 secs] 34823K->18058K(260032K), 0.0071580 secs] [Times: user=0.00 sys=0.00, real=0.00 secs] 
2012-10-19T18:46:59.770+0100: 1095.753: [GC 1095.753: [DefNew: 18130K->455K(19136K), 0.0044470 secs] 35082K->17407K(260032K), 0.0045490 secs] [Times: user=0.00 sys=0.00, real=0.00 secs] 
2012-10-19T18:47:46.019+0100: 1142.002: [GC 1142.002: [DefNew: 17473K->940K(19136K), 0.0057710 secs] 34425K->17893K(260032K), 0.0058730 secs] [Times: user=0.00 sys=0.00, real=0.00 secs] 
2012-10-19T18:48:30.897+0100: 1186.880: [GC 1186.880: [DefNew: 17964K->1348K(19136K), 0.0066730 secs] 34917K->18300K(260032K), 0.0068010 secs] [Times: user=0.01 sys=0.00, real=0.01 secs] 
2012-10-19T18:49:20.891+0100: 1236.874: [GC 1236.874: [DefNew: 18347K->247K(19136K), 0.0052730 secs] 35299K->17545K(260032K), 0.0053670 secs] [Times: user=0.00 sys=0.00, real=0.00 secs] 
2012-10-19T18:50:05.531+0100: 1281.514: [GC 1281.514: [DefNew: 17271K->842K(19136K), 0.0112410 secs] 34569K->18140K(260032K), 0.0113530 secs] [Times: user=0.00 sys=0.00, real=0.01 secs] 
2012-10-19T18:50:55.563+0100: 1331.546: [GC 1331.546: [DefNew: 17860K->340K(19136K), 0.0076140 secs] 35158K->17638K(260032K), 0.0080060 secs] [Times: user=0.00 sys=0.00, real=0.01 secs] 
2012-10-19T18:51:41.006+0100: 1376.989: [GC 1376.990: [DefNew: 17364K->1130K(19136K), 0.0058230 secs] 34662K->18428K(260032K), 0.0059330 secs] [Times: user=0.00 sys=0.00, real=0.01 secs] 
2012-10-19T18:52:30.632+0100: 1426.615: [GC 1426.615: [DefNew: 18154K->274K(19136K), 0.0047380 secs] 35452K->17700K(260032K), 0.0048420 secs] [Times: user=0.01 sys=0.00, real=0.00 secs] 
2012-10-19T18:53:15.876+0100: 1471.859: [GC 1471.859: [DefNew: 17286K->688K(19136K), 0.0056630 secs] 34712K->18114K(260032K), 0.0058060 secs] [Times: user=0.01 sys=0.00, real=0.01 secs] 
2012-10-19T18:54:00.647+0100: 1516.630: [GC 1516.630: [DefNew: 17712K->911K(19136K), 0.0055180 secs] 35138K->18337K(260032K), 0.0056300 secs] [Times: user=0.00 sys=0.00, real=0.01 secs] 
2012-10-19T18:54:50.600+0100: 1566.583: [GC 1566.583: [DefNew: 17927K->593K(19136K), 0.0047150 secs] 35353K->18019K(260032K), 0.0048130 secs] [Times: user=0.00 sys=0.00, real=0.00 secs] 
2012-10-19T18:55:36.375+0100: 1612.358: [GC 1612.358: [DefNew: 17596K->1036K(19136K), 0.0056640 secs] 35023K->18462K(260032K), 0.0057660 secs] [Times: user=0.01 sys=0.00, real=0.01 secs] 
2012-10-19T18:56:25.762+0100: 1661.744: [GC 1661.745: [DefNew: 18037K->528K(19136K), 0.0048110 secs] 35464K->17954K(260032K), 0.0049100 secs] [Times: user=0.01 sys=0.00, real=0.00 secs] 
2012-10-19T18:57:11.219+0100: 1707.201: [GC 1707.202: [DefNew: 17552K->1124K(19136K), 0.0114740 secs] 34978K->18551K(260032K), 0.0115990 secs] [Times: user=0.01 sys=0.00, real=0.01 secs] 
2012-10-19T18:58:00.561+0100: 1756.544: [GC 1756.544: [DefNew: 18137K->592K(19136K), 0.0052500 secs] 35563K->18143K(260032K), 0.0053690 secs] [Times: user=0.01 sys=0.00, real=0.00 secs] 
2012-10-19T18:58:45.908+0100: 1801.891: [GC 1801.891: [DefNew: 17616K->1123K(19136K), 0.0057230 secs] 35167K->18674K(260032K), 0.0058320 secs] [Times: user=0.00 sys=0.00, real=0.00 secs] 
2012-10-19T18:59:35.715+0100: 1851.698: [GC 1851.698: [DefNew: 18118K->214K(19136K), 0.0048400 secs] 35669K->17891K(260032K), 0.0049390 secs] [Times: user=0.00 sys=0.00, real=0.01 secs] 
2012-10-19T19:00:20.732+0100: 1896.715: [GC 1896.715: [DefNew: 17238K->674K(19136K), 0.0072970 secs] 34915K->18351K(260032K), 0.0074080 secs] [Times: user=0.01 sys=0.00, real=0.01 secs] 
2012-10-19T19:01:05.834+0100: 1941.817: [GC 1941.817: [DefNew: 17698K->853K(19136K), 0.0054930 secs] 35375K->18530K(260032K), 0.0055980 secs] [Times: user=0.01 sys=0.00, real=0.01 secs] 
2012-10-19T19:01:55.078+0100: 1991.060: [GC 1991.061: [DefNew: 17873K->597K(19136K), 0.0050790 secs] 35550K->18274K(260032K), 0.0051920 secs] [Times: user=0.00 sys=0.00, real=0.00 secs] 
2012-10-19T19:02:41.121+0100: 2037.104: [GC 2037.104: [DefNew: 17621K->1001K(19136K), 0.0063720 secs] 35298K->18678K(260032K), 0.0065020 secs] [Times: user=0.00 sys=0.00, real=0.01 secs] 
2012-10-19T19:03:30.837+0100: 2086.820: [GC 2086.820: [DefNew: 18025K->688K(19136K), 0.0051610 secs] 35702K->18365K(260032K), 0.0052570 secs] [Times: user=0.00 sys=0.00, real=0.01 secs] 
2012-10-19T19:04:15.692+0100: 2131.675: [GC 2131.675: [DefNew: 17712K->884K(19136K), 0.0055620 secs] 35389K->18561K(260032K), 0.0056730 secs] [Times: user=0.01 sys=0.00, real=0.01 secs] 
2012-10-19T19:05:01.810+0100: 2177.793: [GC 2177.793: [DefNew: 17908K->1173K(19136K), 0.0058270 secs] 35585K->18850K(260032K), 0.0059260 secs] [Times: user=0.00 sys=0.00, real=0.00 secs] 
2012-10-19T19:05:51.226+0100: 2227.209: [GC 2227.209: [DefNew: 18197K->972K(19136K), 0.0060610 secs] 35874K->18806K(260032K), 0.0061800 secs] [Times: user=0.00 sys=0.00, real=0.01 secs] 
2012-10-19T19:06:41.028+0100: 2277.011: [GC 2277.011: [DefNew: 17996K->439K(19136K), 0.0047210 secs] 35830K->18273K(260032K), 0.0048190 secs] [Times: user=0.00 sys=0.00, real=0.00 secs] 
2012-10-19T19:07:26.240+0100: 2322.223: [GC 2322.223: [DefNew: 17463K->1253K(19136K), 0.0062700 secs] 35297K->19087K(260032K), 0.0063710 secs] [Times: user=0.00 sys=0.00, real=0.00 secs] 
2012-10-19T19:08:15.745+0100: 2371.728: [GC 2371.728: [DefNew: 18274K->405K(19136K), 0.0048720 secs] 36108K->18333K(260032K), 0.0049750 secs] [Times: user=0.01 sys=0.00, real=0.01 secs] 
2012-10-19T19:09:01.023+0100: 2417.006: [GC 2417.006: [DefNew: 17425K->911K(19136K), 0.0054630 secs] 35353K->18840K(260032K), 0.0055690 secs] [Times: user=0.00 sys=0.01, real=0.01 secs] 
2012-10-19T19:09:50.780+0100: 2466.763: [GC 2466.763: [DefNew: 17909K->753K(19136K), 0.0052400 secs] 35838K->18682K(260032K), 0.0053400 secs] [Times: user=0.00 sys=0.00, real=0.00 secs] 
2012-10-19T19:10:36.147+0100: 2512.130: [GC 2512.130: [DefNew: 17777K->1160K(19136K), 0.0213080 secs] 35706K->19088K(260032K), 0.0214350 secs] [Times: user=0.00 sys=0.00, real=0.03 secs] 
2012-10-19T19:11:25.742+0100: 2561.724: [GC 2561.725: [DefNew: 18181K->625K(19136K), 0.0053300 secs] 36110K->18709K(260032K), 0.0054310 secs] [Times: user=0.00 sys=0.00, real=0.00 secs] 
2012-10-19T19:12:11.429+0100: 2607.412: [GC 2607.412: [DefNew: 17643K->1033K(19136K), 0.0057380 secs] 35727K->19117K(260032K), 0.0058450 secs] [Times: user=0.00 sys=0.00, real=0.00 secs] 
2012-10-19T19:13:00.754+0100: 2656.737: [GC 2656.737: [DefNew: 18057K->748K(19136K), 0.0064260 secs] 36141K->18832K(260032K), 0.0065360 secs] [Times: user=0.00 sys=0.00, real=0.01 secs] 
2012-10-19T19:13:46.265+0100: 2702.248: [GC 2702.248: [DefNew: 17772K->1196K(19136K), 0.0092750 secs] 35856K->19280K(260032K), 0.0094100 secs] [Times: user=0.01 sys=0.00, real=0.01 secs] 
2012-10-19T19:14:35.746+0100: 2751.729: [GC 2751.729: [DefNew: 18188K->216K(19136K), 0.0052820 secs] 36272K->18519K(260032K), 0.0054520 secs] [Times: user=0.00 sys=0.00, real=0.01 secs] 
2012-10-19T19:15:21.312+0100: 2797.294: [GC 2797.295: [DefNew: 17240K->943K(19136K), 0.0057560 secs] 35543K->19246K(260032K), 0.0058630 secs] [Times: user=0.00 sys=0.00, real=0.01 secs] 
2012-10-19T19:16:10.865+0100: 2846.848: [GC 2846.848: [DefNew: 17967K->525K(19136K), 0.0049580 secs] 36270K->18828K(260032K), 0.0050640 secs] [Times: user=0.00 sys=0.00, real=0.01 secs] 
2012-10-19T19:16:56.137+0100: 2892.120: [GC 2892.120: [DefNew: 17543K->1065K(19136K), 0.0125620 secs] 35846K->19368K(260032K), 0.0127020 secs] [Times: user=0.01 sys=0.00, real=0.02 secs] 
2012-10-19T19:17:45.775+0100: 2941.758: [GC 2941.758: [DefNew: 18089K->588K(19136K), 0.0049800 secs] 36392K->18891K(260032K), 0.0050800 secs] [Times: user=0.00 sys=0.00, real=0.01 secs] 
2012-10-19T19:18:35.848+0100: 2991.831: [GC 2991.831: [DefNew: 17582K->462K(19136K), 0.0048010 secs] 35885K->18766K(260032K), 0.0048980 secs] [Times: user=0.01 sys=0.00, real=0.00 secs] 
2012-10-19T19:19:21.050+0100: 3037.033: [GC 3037.033: [DefNew: 17480K->371K(19136K), 0.0055050 secs] 35784K->18674K(260032K), 0.0055970 secs] [Times: user=0.00 sys=0.00, real=0.00 secs] 
2012-10-19T19:20:05.880+0100: 3081.863: [GC 3081.863: [DefNew: 17395K->943K(19136K), 0.0058240 secs] 35698K->19248K(260032K), 0.0059450 secs] [Times: user=0.00 sys=0.00, real=0.00 secs] 
2012-10-19T19:20:54.786+0100: 3130.769: [GC 3130.769: [DefNew: 17942K->404K(19136K), 0.0047130 secs] 36247K->18737K(260032K), 0.0048160 secs] [Times: user=0.01 sys=0.00, real=0.01 secs] 
2012-10-19T19:21:40.854+0100: 3176.837: [GC 3176.837: [DefNew: 17428K->817K(19136K), 0.0055640 secs] 35761K->19212K(260032K), 0.0056680 secs] [Times: user=0.01 sys=0.00, real=0.01 secs] 
2012-10-19T19:22:26.226+0100: 3222.209: [GC 3222.209: [DefNew: 17841K->1100K(19136K), 0.0060990 secs] 36236K->19496K(260032K), 0.0062020 secs] [Times: user=0.01 sys=0.00, real=0.01 secs] 
2012-10-19T19:23:16.355+0100: 3272.338: [GC 3272.338: [DefNew: 18118K->1098K(19136K), 0.0060050 secs] 36513K->19494K(260032K), 0.0061100 secs] [Times: user=0.00 sys=0.00, real=0.01 secs] 
2012-10-19T19:24:01.262+0100: 3317.245: [GC 3317.245: [DefNew: 18122K->975K(19136K), 0.0061410 secs] 36518K->19497K(260032K), 0.0062400 secs] [Times: user=0.01 sys=0.00, real=0.01 secs] 
2012-10-19T19:24:52.843+0100: 3368.826: [GC 3368.826: [DefNew: 17999K->825K(19136K), 0.0057540 secs] 36521K->19348K(260032K), 0.0058550 secs] [Times: user=0.00 sys=0.00, real=0.01 secs] 
2012-10-19T19:25:38.075+0100: 3414.058: [GC 3414.058: [DefNew: 17824K->1201K(19136K), 0.0062280 secs] 36347K->19723K(260032K), 0.0063350 secs] [Times: user=0.01 sys=0.00, real=0.01 secs] 
2012-10-19T19:26:25.916+0100: 3461.899: [GC 3461.899: [DefNew: 18225K->923K(19136K), 0.0112140 secs] 36747K->19538K(260032K), 0.0113510 secs] [Times: user=0.01 sys=0.00, real=0.01 secs] 
2012-10-19T19:27:11.203+0100: 3507.186: [GC 3507.186: [DefNew: 17947K->1119K(19136K), 0.0114080 secs] 36562K->19734K(260032K), 0.0115310 secs] [Times: user=0.00 sys=0.01, real=0.01 secs] 
2012-10-19T19:28:01.213+0100: 3557.196: [GC 3557.196: [DefNew: 18139K->939K(19136K), 0.0059450 secs] 36753K->19628K(260032K), 0.0060740 secs] [Times: user=0.01 sys=0.00, real=0.01 secs] 
2012-10-19T19:28:47.373+0100: 3603.356: [GC 3603.356: [DefNew: 17963K->1154K(19136K), 0.0060280 secs] 36652K->19842K(260032K), 0.0061320 secs] [Times: user=0.00 sys=0.00, real=0.01 secs] 
2012-10-19T19:29:16.136+0100: 3632.119: [GC 3632.119: [DefNew: 18171K->1138K(19136K), 0.0065510 secs] 36860K->19984K(260032K), 0.0066480 secs] [Times: user=0.01 sys=0.00, real=0.01 secs] 
2012-10-19T19:30:00.902+0100: 3676.885: [GC 3676.885: [DefNew: 18131K->1299K(19136K), 0.0091020 secs] 36977K->20518K(260032K), 0.0095430 secs] [Times: user=0.01 sys=0.00, real=0.01 secs] 
2012-10-19T19:30:50.951+0100: 3726.934: [GC 3726.934: [DefNew: 18320K->318K(19136K), 0.0062850 secs] 37540K->20029K(260032K), 0.0063880 secs] [Times: user=0.00 sys=0.01, real=0.01 secs] 
2012-10-19T19:31:36.062+0100: 3772.045: [GC 3772.045: [DefNew: 17342K->1036K(19136K), 0.0073420 secs] 37053K->20747K(260032K), 0.0074560 secs] [Times: user=0.00 sys=0.01, real=0.01 secs] 
2012-10-19T19:32:26.090+0100: 3822.073: [GC 3822.073: [DefNew: 18059K->607K(19136K), 0.0053210 secs] 37770K->20318K(260032K), 0.0054210 secs] [Times: user=0.01 sys=0.00, real=0.00 secs] 
2012-10-19T19:33:11.464+0100: 3867.447: [GC 3867.447: [DefNew: 17631K->1215K(19136K), 0.0060800 secs] 37342K->20926K(260032K), 0.0061880 secs] [Times: user=0.00 sys=0.00, real=0.01 secs] 
2012-10-19T19:33:58.097+0100: 3914.080: [GC 3914.080: [DefNew: 18239K->874K(19136K), 0.0058660 secs] 37950K->20692K(260032K), 0.0059660 secs] [Times: user=0.00 sys=0.00, real=0.01 secs] 
2012-10-19T19:34:44.238+0100: 3960.221: [GC 3960.221: [DefNew: 17898K->861K(19136K), 0.0054140 secs] 37716K->20679K(260032K), 0.0055360 secs] [Times: user=0.01 sys=0.00, real=0.00 secs] 
2012-10-19T19:35:31.731+0100: 4007.714: [GC 4007.714: [DefNew: 17885K->1060K(19136K), 0.0054870 secs] 37703K->20877K(260032K), 0.0055860 secs] [Times: user=0.00 sys=0.00, real=0.00 secs] 
2012-10-19T19:36:20.938+0100: 4056.920: [GC 4056.921: [DefNew: 18055K->655K(19136K), 0.0053550 secs] 37873K->20535K(260032K), 0.0054510 secs] [Times: user=0.00 sys=0.00, real=0.00 secs] 
2012-10-19T19:37:06.470+0100: 4102.453: [GC 4102.453: [DefNew: 17679K->1196K(19136K), 0.0062780 secs] 37559K->21076K(260032K), 0.0063870 secs] [Times: user=0.00 sys=0.00, real=0.00 secs] 
2012-10-19T19:37:56.389+0100: 4152.371: [GC 4152.372: [DefNew: 18220K->1043K(19136K), 0.0112690 secs] 38100K->20988K(260032K), 0.0114020 secs] [Times: user=0.00 sys=0.00, real=0.01 secs] 
2012-10-19T19:38:46.025+0100: 4202.008: [GC 4202.008: [DefNew: 18067K->1033K(19136K), 0.0057370 secs] 38012K->20978K(260032K), 0.0058430 secs] [Times: user=0.01 sys=0.00, real=0.01 secs] 
2012-10-19T19:39:31.350+0100: 4247.333: [GC 4247.333: [DefNew: 18057K->1161K(19136K), 0.0061850 secs] 38002K->21106K(260032K), 0.0063050 secs] [Times: user=0.00 sys=0.00, real=0.00 secs] 
2012-10-19T19:40:20.959+0100: 4296.942: [GC 4296.943: [DefNew: 18185K->783K(19136K), 0.0061780 secs] 38130K->20852K(260032K), 0.0063020 secs] [Times: user=0.01 sys=0.00, real=0.00 secs] 
2012-10-19T19:41:06.123+0100: 4342.106: [GC 4342.106: [DefNew: 17807K->1314K(19136K), 0.0106670 secs] 37876K->21384K(260032K), 0.0107680 secs] [Times: user=0.00 sys=0.00, real=0.01 secs] 
2012-10-19T19:41:54.362+0100: 4390.345: [GC 4390.345: [DefNew: 18307K->247K(19136K), 0.0050290 secs] 38377K->20535K(260032K), 0.0051280 secs] [Times: user=0.01 sys=0.00, real=0.01 secs] 
2012-10-19T19:42:41.380+0100: 4437.363: [GC 4437.363: [DefNew: 17271K->1005K(19136K), 0.0061740 secs] 37559K->21293K(260032K), 0.0062820 secs] [Times: user=0.01 sys=0.00, real=0.00 secs] 
2012-10-19T19:43:31.183+0100: 4487.166: [GC 4487.166: [DefNew: 18029K->879K(19136K), 0.0059000 secs] 38317K->21168K(260032K), 0.0064760 secs] [Times: user=0.01 sys=0.00, real=0.01 secs] 
2012-10-19T19:44:20.909+0100: 4536.892: [GC 4536.892: [DefNew: 17903K->594K(19136K), 0.0057620 secs] 38192K->20883K(260032K), 0.0058660 secs] [Times: user=0.00 sys=0.00, real=0.00 secs] 
2012-10-19T19:45:05.995+0100: 4581.978: [GC 4581.978: [DefNew: 17618K->886K(19136K), 0.0056650 secs] 37907K->21175K(260032K), 0.0057730 secs] [Times: user=0.01 sys=0.00, real=0.01 secs] 
2012-10-19T19:45:54.321+0100: 4630.304: [GC 4630.304: [DefNew: 17909K->704K(19136K), 0.0052880 secs] 38198K->20993K(260032K), 0.0053990 secs] [Times: user=0.00 sys=0.00, real=0.00 secs] 
2012-10-19T19:46:41.338+0100: 4677.321: [GC 4677.321: [DefNew: 17728K->1069K(19136K), 0.0067610 secs] 38017K->21358K(260032K), 0.0068780 secs] [Times: user=0.01 sys=0.00, real=0.00 secs] 
2012-10-19T19:47:30.965+0100: 4726.948: [GC 4726.948: [DefNew: 18088K->718K(19136K), 0.0090670 secs] 38377K->21007K(260032K), 0.0091820 secs] [Times: user=0.00 sys=0.00, real=0.01 secs] 
2012-10-19T19:48:16.010+0100: 4771.993: [GC 4771.993: [DefNew: 17742K->908K(19136K), 0.0071520 secs] 38031K->21197K(260032K), 0.0072570 secs] [Times: user=0.01 sys=0.00, real=0.01 secs] 
2012-10-19T19:49:01.760+0100: 4817.743: [GC 4817.743: [DefNew: 17913K->1223K(19136K), 0.0074250 secs] 38202K->21512K(260032K), 0.0075660 secs] [Times: user=0.00 sys=0.00, real=0.00 secs] 
2012-10-19T19:49:51.161+0100: 4867.144: [GC 4867.144: [DefNew: 18241K->528K(19136K), 0.0066440 secs] 38530K->21163K(260032K), 0.0067460 secs] [Times: user=0.01 sys=0.00, real=0.01 secs] 
2012-10-19T19:50:36.485+0100: 4912.468: [GC 4912.468: [DefNew: 17552K->1129K(19136K), 0.0066610 secs] 38187K->21764K(260032K), 0.0067730 secs] [Times: user=0.00 sys=0.00, real=0.01 secs] 
2012-10-19T19:51:26.113+0100: 4962.096: [GC 4962.096: [DefNew: 18153K->699K(19136K), 0.0057200 secs] 38788K->21492K(260032K), 0.0058170 secs] [Times: user=0.01 sys=0.00, real=0.01 secs] 
2012-10-19T19:52:11.432+0100: 5007.415: [GC 5007.415: [DefNew: 17723K->1004K(19136K), 0.0088910 secs] 38516K->21796K(260032K), 0.0090060 secs] [Times: user=0.00 sys=0.00, real=0.01 secs] 
2012-10-19T19:53:01.073+0100: 5057.056: [GC 5057.056: [DefNew: 18028K->815K(19136K), 0.0053500 secs] 38820K->21608K(260032K), 0.0055980 secs] [Times: user=0.01 sys=0.00, real=0.01 secs] 
2012-10-19T19:53:46.249+0100: 5102.232: [GC 5102.233: [DefNew: 17839K->1131K(19136K), 0.0063210 secs] 38632K->21924K(260032K), 0.0064400 secs] [Times: user=0.01 sys=0.00, real=0.00 secs] 
2012-10-19T19:54:36.334+0100: 5152.317: [GC 5152.317: [DefNew: 18137K->402K(19136K), 0.0069980 secs] 38930K->21320K(260032K), 0.0070970 secs] [Times: user=0.01 sys=0.00, real=0.01 secs] 
2012-10-19T19:55:21.470+0100: 5197.453: [GC 5197.453: [DefNew: 17426K->1163K(19136K), 0.0084430 secs] 38344K->22082K(260032K), 0.0085640 secs] [Times: user=0.01 sys=0.00, real=0.01 secs] 
2012-10-19T19:56:11.173+0100: 5247.156: [GC 5247.156: [DefNew: 18183K->687K(19136K), 0.0066070 secs] 39101K->21638K(260032K), 0.0067150 secs] [Times: user=0.00 sys=0.00, real=0.01 secs] 
2012-10-19T19:56:55.160+0100: 5291.142: [GC 5291.143: [DefNew: 17711K->1006K(19136K), 0.0058310 secs] 38662K->21956K(260032K), 0.0059400 secs] [Times: user=0.00 sys=0.00, real=0.00 secs] 
2012-10-19T19:57:46.369+0100: 5342.352: [GC 5342.352: [DefNew: 18028K->605K(19136K), 0.0053030 secs] 38979K->21555K(260032K), 0.0054530 secs] [Times: user=0.01 sys=0.00, real=0.00 secs] 
2012-10-19T19:58:31.195+0100: 5387.177: [GC 5387.178: [DefNew: 17601K->821K(19136K), 0.0054830 secs] 38552K->21771K(260032K), 0.0055840 secs] [Times: user=0.01 sys=0.00, real=0.01 secs] 
2012-10-19T19:59:16.490+0100: 5432.473: [GC 5432.473: [DefNew: 17845K->1178K(19136K), 0.0060380 secs] 38795K->22128K(260032K), 0.0061530 secs] [Times: user=0.00 sys=0.00, real=0.00 secs] 
2012-10-19T20:00:06.100+0100: 5482.083: [GC 5482.083: [DefNew: 18199K->611K(19136K), 0.0098210 secs] 39149K->21636K(260032K), 0.0099710 secs] [Times: user=0.00 sys=0.00, real=0.01 secs] 
2012-10-19T20:00:54.738+0100: 5530.721: [GC 5530.721: [DefNew: 17635K->720K(19136K), 0.0051150 secs] 38660K->21744K(260032K), 0.0052110 secs] [Times: user=0.00 sys=0.00, real=0.00 secs] 
2012-10-19T20:01:41.535+0100: 5577.518: [GC 5577.518: [DefNew: 17744K->1129K(19136K), 0.0039890 secs] 38768K->22154K(260032K), 0.0040810 secs] [Times: user=0.01 sys=0.00, real=0.01 secs] 
2012-10-19T20:02:31.518+0100: 5627.501: [GC 5627.501: [DefNew: 18153K->1112K(19136K), 0.0067570 secs] 39178K->22262K(260032K), 0.0068770 secs] [Times: user=0.01 sys=0.00, real=0.00 secs] 
2012-10-19T20:03:21.214+0100: 5677.197: [GC 5677.197: [DefNew: 18136K->844K(19136K), 0.0132140 secs] 39286K->22026K(260032K), 0.0133290 secs] [Times: user=0.01 sys=0.00, real=0.02 secs] 
2012-10-19T20:04:06.462+0100: 5722.445: [GC 5722.445: [DefNew: 17868K->1072K(19136K), 0.0065780 secs] 39050K->22254K(260032K), 0.0066870 secs] [Times: user=0.01 sys=0.00, real=0.01 secs] 
2012-10-19T20:04:54.989+0100: 5770.972: [GC 5770.972: [DefNew: 18064K->1005K(19136K), 0.0055770 secs] 39246K->22187K(260032K), 0.0056740 secs] [Times: user=0.00 sys=0.00, real=0.00 secs] 
2012-10-19T20:05:46.219+0100: 5822.202: [GC 5822.202: [DefNew: 18015K->526K(19136K), 0.0047650 secs] 39197K->21708K(260032K), 0.0048590 secs] [Times: user=0.00 sys=0.00, real=0.00 secs] 
2012-10-19T20:06:31.513+0100: 5867.496: [GC 5867.496: [DefNew: 17537K->1030K(19136K), 0.0070090 secs] 38719K->22212K(260032K), 0.0071610 secs] [Times: user=0.00 sys=0.00, real=0.01 secs] 
2012-10-19T20:07:21.398+0100: 5917.381: [GC 5917.381: [DefNew: 18054K->913K(19136K), 0.0084640 secs] 39236K->22095K(260032K), 0.0085750 secs] [Times: user=0.00 sys=0.00, real=0.00 secs] 
2012-10-19T20:08:06.799+0100: 5962.782: [GC 5962.782: [DefNew: 17937K->1097K(19136K), 0.0140460 secs] 39119K->22279K(260032K), 0.0141550 secs] [Times: user=0.01 sys=0.00, real=0.01 secs] 
2012-10-19T20:08:54.498+0100: 6010.481: [GC 6010.481: [DefNew: 18121K->1102K(19136K), 0.0057430 secs] 39303K->22285K(260032K), 0.0058400 secs] [Times: user=0.00 sys=0.00, real=0.00 secs] 
2012-10-19T20:09:46.373+0100: 6062.356: [GC 6062.356: [DefNew: 18119K->528K(19136K), 0.0048380 secs] 39301K->21711K(260032K), 0.0051830 secs] [Times: user=0.00 sys=0.01, real=0.01 secs] 
2012-10-19T20:10:31.549+0100: 6107.532: [GC 6107.532: [DefNew: 17552K->1104K(19136K), 0.0062070 secs] 38735K->22286K(260032K), 0.0063250 secs] [Times: user=0.00 sys=0.00, real=0.00 secs] 
2012-10-19T20:11:21.544+0100: 6157.527: [GC 6157.527: [DefNew: 18128K->758K(19136K), 0.0054240 secs] 39310K->22003K(260032K), 0.0055320 secs] [Times: user=0.00 sys=0.00, real=0.01 secs] 
2012-10-19T20:12:11.585+0100: 6207.568: [GC 6207.568: [DefNew: 17782K->793K(19136K), 0.0063550 secs] 39027K->22038K(260032K), 0.0064640 secs] [Times: user=0.00 sys=0.00, real=0.01 secs] 
2012-10-19T20:12:56.619+0100: 6252.602: [GC 6252.602: [DefNew: 17806K->1032K(19136K), 0.0057020 secs] 39051K->22277K(260032K), 0.0058030 secs] [Times: user=0.00 sys=0.00, real=0.00 secs] 
2012-10-19T20:13:41.599+0100: 6297.582: [GC 6297.582: [DefNew: 18056K->967K(19136K), 0.0054770 secs] 39301K->22212K(260032K), 0.0055780 secs] [Times: user=0.00 sys=0.00, real=0.00 secs] 
2012-10-19T20:14:31.343+0100: 6347.325: [GC 6347.326: [DefNew: 17991K->750K(19136K), 0.0055000 secs] 39236K->21995K(260032K), 0.0056090 secs] [Times: user=0.01 sys=0.00, real=0.01 secs] 
2012-10-19T20:15:16.682+0100: 6392.665: [GC 6392.665: [DefNew: 17749K->1001K(19136K), 0.0056420 secs] 38994K->22246K(260032K), 0.0058830 secs] [Times: user=0.01 sys=0.00, real=0.01 secs] 
2012-10-19T20:16:06.268+0100: 6442.251: [GC 6442.251: [DefNew: 18025K->783K(19136K), 0.0052860 secs] 39270K->22028K(260032K), 0.0053800 secs] [Times: user=0.00 sys=0.00, real=0.00 secs] 
2012-10-19T20:16:51.663+0100: 6487.646: [GC 6487.646: [DefNew: 17807K->1088K(19136K), 0.0102100 secs] 39052K->22333K(260032K), 0.0103440 secs] [Times: user=0.00 sys=0.01, real=0.01 secs] 
2012-10-19T20:17:41.219+0100: 6537.202: [GC 6537.202: [DefNew: 18112K->1071K(19136K), 0.0058790 secs] 39357K->22316K(260032K), 0.0059900 secs] [Times: user=0.01 sys=0.00, real=0.00 secs] 
2012-10-19T20:18:31.253+0100: 6587.236: [GC 6587.236: [DefNew: 18095K->276K(19136K), 0.0049770 secs] 39340K->21676K(260032K), 0.0050710 secs] [Times: user=0.01 sys=0.00, real=0.01 secs] 
2012-10-19T20:19:16.297+0100: 6632.280: [GC 6632.280: [DefNew: 17282K->813K(19136K), 0.0052710 secs] 38681K->22212K(260032K), 0.0053730 secs] [Times: user=0.00 sys=0.00, real=0.01 secs] 
2012-10-19T20:20:01.928+0100: 6677.911: [GC 6677.911: [DefNew: 17837K->1157K(19136K), 0.0068190 secs] 39236K->22557K(260032K), 0.0069250 secs] [Times: user=0.00 sys=0.01, real=0.00 secs] 
2012-10-19T20:20:51.486+0100: 6727.469: [GC 6727.469: [DefNew: 18164K->840K(19136K), 0.0054880 secs] 39563K->22361K(260032K), 0.0055900 secs] [Times: user=0.00 sys=0.00, real=0.01 secs] 
2012-10-19T20:21:41.548+0100: 6777.531: [GC 6777.531: [DefNew: 17839K->655K(19136K), 0.0059110 secs] 39360K->22176K(260032K), 0.0060180 secs] [Times: user=0.01 sys=0.00, real=0.00 secs] 
2012-10-19T20:22:30.830+0100: 6826.813: [GC 6826.813: [DefNew: 17679K->301K(19136K), 0.0042560 secs] 39200K->21822K(260032K), 0.0043490 secs] [Times: user=0.01 sys=0.00, real=0.00 secs] 
2012-10-19T20:23:16.273+0100: 6872.256: [GC 6872.256: [DefNew: 17325K->466K(19136K), 0.0064350 secs] 38846K->21987K(260032K), 0.0065530 secs] [Times: user=0.01 sys=0.00, real=0.01 secs] 
2012-10-19T20:24:01.365+0100: 6917.348: [GC 6917.348: [DefNew: 17490K->942K(19136K), 0.0064400 secs] 39011K->22464K(260032K), 0.0065350 secs] [Times: user=0.01 sys=0.00, real=0.01 secs] 
2012-10-19T20:24:51.285+0100: 6967.268: [GC 6967.268: [DefNew: 17961K->531K(19136K), 0.0047930 secs] 39482K->22052K(260032K), 0.0048940 secs] [Times: user=0.01 sys=0.00, real=0.01 secs] 
2012-10-19T20:25:36.309+0100: 7012.291: [GC 7012.292: [DefNew: 17551K->601K(19136K), 0.0048210 secs] 39073K->22122K(260032K), 0.0049200 secs] [Times: user=0.00 sys=0.00, real=0.00 secs] 
2012-10-19T20:26:21.636+0100: 7057.619: [GC 7057.619: [DefNew: 17625K->1180K(19136K), 0.0062090 secs] 39146K->22731K(260032K), 0.0063170 secs] [Times: user=0.01 sys=0.00, real=0.01 secs] 
2012-10-19T20:27:11.512+0100: 7107.495: [GC 7107.495: [DefNew: 18196K->751K(19136K), 0.0084160 secs] 39747K->22375K(260032K), 0.0089760 secs] [Times: user=0.01 sys=0.00, real=0.01 secs] 
2012-10-19T20:27:56.579+0100: 7152.562: [GC 7152.562: [DefNew: 17775K->1101K(19136K), 0.0057400 secs] 39399K->22725K(260032K), 0.0058420 secs] [Times: user=0.00 sys=0.00, real=0.00 secs] 
2012-10-19T20:28:44.115+0100: 7200.098: [GC 7200.098: [DefNew: 18125K->1003K(19136K), 0.0057650 secs] 39749K->22628K(260032K), 0.0058660 secs] [Times: user=0.00 sys=0.00, real=0.01 secs] 
2012-10-19T20:29:11.970+0100: 7227.953: [GC 7227.953: [DefNew: 18027K->1374K(19136K), 0.0070730 secs] 39652K->23000K(260032K), 0.0071830 secs] [Times: user=0.00 sys=0.00, real=0.00 secs] 
2012-10-19T20:29:56.349+0100: 7272.331: [GC 7272.332: [DefNew: 18398K->1316K(19136K), 0.0077780 secs] 40024K->23229K(260032K), 0.0079000 secs] [Times: user=0.00 sys=0.00, real=0.00 secs] 
2012-10-19T20:30:46.377+0100: 7322.360: [GC 7322.360: [DefNew: 18334K->585K(19136K), 0.0093270 secs] 40247K->22783K(260032K), 0.0094320 secs] [Times: user=0.01 sys=0.00, real=0.01 secs] 
2012-10-19T20:31:31.714+0100: 7367.697: [GC 7367.697: [DefNew: 17609K->1221K(19136K), 0.0064480 secs] 39807K->23418K(260032K), 0.0065510 secs] [Times: user=0.01 sys=0.00, real=0.01 secs] 
2012-10-19T20:32:21.633+0100: 7417.616: [GC 7417.616: [DefNew: 18245K->1166K(19136K), 0.0072710 secs] 40442K->23512K(260032K), 0.0073810 secs] [Times: user=0.01 sys=0.00, real=0.01 secs] 
2012-10-19T20:33:11.486+0100: 7467.469: [GC 7467.469: [DefNew: 18178K->476K(19136K), 0.0052060 secs] 40524K->22988K(260032K), 0.0053070 secs] [Times: user=0.01 sys=0.00, real=0.01 secs] 
2012-10-19T20:33:56.310+0100: 7512.293: [GC 7512.293: [DefNew: 17500K->948K(19136K), 0.0054370 secs] 40012K->23461K(260032K), 0.0055380 secs] [Times: user=0.01 sys=0.00, real=0.00 secs] 
2012-10-19T20:34:46.537+0100: 7562.520: [GC 7562.520: [DefNew: 17972K->885K(19136K), 0.0055690 secs] 40485K->23397K(260032K), 0.0056630 secs] [Times: user=0.01 sys=0.00, real=0.01 secs] 
2012-10-19T20:35:31.768+0100: 7607.751: [GC 7607.751: [DefNew: 17909K->1174K(19136K), 0.0058430 secs] 40421K->23687K(260032K), 0.0059500 secs] [Times: user=0.00 sys=0.00, real=0.00 secs] 
2012-10-19T20:36:21.384+0100: 7657.367: [GC 7657.367: [DefNew: 18198K->740K(19136K), 0.0075990 secs] 40711K->23389K(260032K), 0.0077120 secs] [Times: user=0.00 sys=0.00, real=0.01 secs] 
2012-10-19T20:37:06.917+0100: 7702.900: [GC 7702.900: [DefNew: 17764K->1215K(19136K), 0.0062220 secs] 40413K->23865K(260032K), 0.0063440 secs] [Times: user=0.01 sys=0.00, real=0.01 secs] 
2012-10-19T20:37:56.325+0100: 7752.308: [GC 7752.308: [DefNew: 18239K->850K(19136K), 0.0062780 secs] 40889K->23563K(260032K), 0.0063910 secs] [Times: user=0.00 sys=0.00, real=0.01 secs] 
2012-10-19T20:38:44.180+0100: 7800.163: [GC 7800.163: [DefNew: 17874K->1038K(19136K), 0.0056320 secs] 40587K->23751K(260032K), 0.0057290 secs] [Times: user=0.00 sys=0.00, real=0.00 secs] 
2012-10-19T20:39:31.770+0100: 7847.753: [GC 7847.753: [DefNew: 18062K->1095K(19136K), 0.0058090 secs] 40775K->23808K(260032K), 0.0059120 secs] [Times: user=0.01 sys=0.00, real=0.00 secs] 
2012-10-19T20:40:16.860+0100: 7892.843: [GC 7892.843: [DefNew: 18119K->1030K(19136K), 0.0057580 secs] 40832K->23805K(260032K), 0.0058580 secs] [Times: user=0.00 sys=0.00, real=0.00 secs] 
2012-10-19T20:41:06.495+0100: 7942.478: [GC 7942.478: [DefNew: 18054K->906K(19136K), 0.0054870 secs] 40829K->23681K(260032K), 0.0055890 secs] [Times: user=0.00 sys=0.00, real=0.01 secs] 
2012-10-19T20:41:55.029+0100: 7991.012: [GC 7991.012: [DefNew: 17930K->1034K(19136K), 0.0058780 secs] 40705K->23810K(260032K), 0.0059910 secs] [Times: user=0.00 sys=0.00, real=0.00 secs] 
2012-10-19T20:42:46.457+0100: 8042.440: [GC 8042.440: [DefNew: 18058K->749K(19136K), 0.0051680 secs] 40834K->23524K(260032K), 0.0052670 secs] [Times: user=0.01 sys=0.00, real=0.01 secs] 
2012-10-19T20:43:31.913+0100: 8087.896: [GC 8087.896: [DefNew: 17773K->1100K(19136K), 0.0058100 secs] 40548K->23875K(260032K), 0.0059210 secs] [Times: user=0.00 sys=0.00, real=0.01 secs] 
2012-10-19T20:44:16.902+0100: 8132.885: [GC 8132.885: [DefNew: 18123K->1038K(19136K), 0.0062880 secs] 40899K->23906K(260032K), 0.0064000 secs] [Times: user=0.01 sys=0.00, real=0.01 secs] 
2012-10-19T20:45:06.442+0100: 8182.425: [GC 8182.425: [DefNew: 18062K->788K(19136K), 0.0052220 secs] 40930K->23655K(260032K), 0.0053210 secs] [Times: user=0.01 sys=0.00, real=0.01 secs] 
2012-10-19T20:45:54.772+0100: 8230.755: [GC 8230.755: [DefNew: 17794K->719K(19136K), 0.0050640 secs] 40662K->23586K(260032K), 0.0051580 secs] [Times: user=0.01 sys=0.00, real=0.01 secs] 
2012-10-19T20:46:42.111+0100: 8278.094: [GC 8278.094: [DefNew: 17743K->1070K(19136K), 0.0057850 secs] 40610K->23938K(260032K), 0.0058910 secs] [Times: user=0.01 sys=0.00, real=0.00 secs] 
2012-10-19T20:46:56.590+0100: 8292.573: [GC 8292.574: [DefNew: 18094K->1000K(19136K), 0.0072460 secs] 40961K->23897K(260032K), 0.0073850 secs] [Times: user=0.01 sys=0.00, real=0.01 secs] 
2012-10-19T20:47:41.905+0100: 8337.888: [GC 8337.888: [DefNew: 18024K->1430K(19136K), 0.0075530 secs] 40921K->24327K(260032K), 0.0076880 secs] [Times: user=0.00 sys=0.00, real=0.01 secs] 
2012-10-19T20:48:31.405+0100: 8387.388: [GC 8387.388: [DefNew: 18454K->913K(19136K), 0.0070910 secs] 41351K->24058K(260032K), 0.0072080 secs] [Times: user=0.00 sys=0.00, real=0.01 secs] 
2012-10-19T20:49:16.646+0100: 8432.629: [GC 8432.629: [DefNew: 17911K->588K(19136K), 0.0049070 secs] 41056K->23733K(260032K), 0.0050030 secs] [Times: user=0.00 sys=0.00, real=0.01 secs] 
2012-10-19T20:50:01.619+0100: 8477.601: [GC 8477.602: [DefNew: 17589K->1032K(19136K), 0.0062470 secs] 40734K->24176K(260032K), 0.0063570 secs] [Times: user=0.00 sys=0.00, real=0.00 secs] 
2012-10-19T20:50:51.694+0100: 8527.677: [GC 8527.677: [DefNew: 18024K->903K(19136K), 0.0075170 secs] 41169K->24048K(260032K), 0.0076300 secs] [Times: user=0.00 sys=0.00, real=0.01 secs] 
2012-10-19T20:51:36.533+0100: 8572.516: [GC 8572.516: [DefNew: 17927K->1190K(19136K), 0.0062600 secs] 41072K->24336K(260032K), 0.0063620 secs] [Times: user=0.00 sys=0.00, real=0.01 secs] 
2012-10-19T20:52:26.588+0100: 8622.571: [GC 8622.571: [DefNew: 18214K->467K(19136K), 0.0079060 secs] 41360K->23833K(260032K), 0.0085890 secs] [Times: user=0.01 sys=0.00, real=0.00 secs] 
2012-10-19T20:53:11.993+0100: 8667.976: [GC 8667.976: [DefNew: 17491K->1128K(19136K), 0.0058570 secs] 40857K->24494K(260032K), 0.0059560 secs] [Times: user=0.01 sys=0.00, real=0.01 secs] 
2012-10-19T20:53:56.931+0100: 8712.914: [GC 8712.914: [DefNew: 18152K->1097K(19136K), 0.0056960 secs] 41518K->24526K(260032K), 0.0058820 secs] [Times: user=0.01 sys=0.00, real=0.01 secs] 
2012-10-19T20:54:46.642+0100: 8762.625: [GC 8762.625: [DefNew: 18121K->407K(19136K), 0.0045610 secs] 41550K->23866K(260032K), 0.0046570 secs] [Times: user=0.00 sys=0.00, real=0.00 secs] 
2012-10-19T20:55:32.031+0100: 8808.014: [GC 8808.014: [DefNew: 17431K->1105K(19136K), 0.0062710 secs] 40890K->24564K(260032K), 0.0063740 secs] [Times: user=0.01 sys=0.00, real=0.00 secs] 
2012-10-19T20:56:16.875+0100: 8852.858: [GC 8852.858: [DefNew: 18098K->1097K(19136K), 0.0058500 secs] 41557K->24556K(260032K), 0.0059610 secs] [Times: user=0.00 sys=0.00, real=0.01 secs] 
2012-10-19T20:57:06.624+0100: 8902.607: [GC 8902.607: [DefNew: 18121K->750K(19136K), 0.0054770 secs] 41580K->24209K(260032K), 0.0055740 secs] [Times: user=0.01 sys=0.00, real=0.01 secs] 
2012-10-19T20:57:56.555+0100: 8952.538: [GC 8952.538: [DefNew: 17751K->715K(19136K), 0.0050640 secs] 41210K->24174K(260032K), 0.0051620 secs] [Times: user=0.00 sys=0.00, real=0.01 secs] 
2012-10-19T20:58:44.265+0100: 9000.247: [GC 9000.248: [DefNew: 17712K->495K(19136K), 0.0047860 secs] 41171K->23954K(260032K), 0.0048830 secs] [Times: user=0.01 sys=0.00, real=0.01 secs] 
2012-10-19T20:59:31.671+0100: 9047.654: [GC 9047.654: [DefNew: 17504K->432K(19136K), 0.0047750 secs] 40963K->23891K(260032K), 0.0049110 secs] [Times: user=0.00 sys=0.00, real=0.00 secs] 
2012-10-19T21:00:16.521+0100: 9092.504: [GC 9092.504: [DefNew: 17456K->777K(19136K), 0.0075810 secs] 40915K->24236K(260032K), 0.0076870 secs] [Times: user=0.00 sys=0.00, real=0.01 secs] 
2012-10-19T21:01:02.058+0100: 9138.040: [GC 9138.041: [DefNew: 17801K->1166K(19136K), 0.0059240 secs] 41260K->24626K(260032K), 0.0060210 secs] [Times: user=0.00 sys=0.00, real=0.00 secs] 
2012-10-19T21:01:52.017+0100: 9187.999: [GC 9188.000: [DefNew: 18190K->695K(19136K), 0.0077170 secs] 41650K->24281K(260032K), 0.0078400 secs] [Times: user=0.01 sys=0.00, real=0.01 secs] 
2012-10-19T21:02:41.690+0100: 9237.673: [GC 9237.673: [DefNew: 17712K->307K(19136K), 0.0047390 secs] 41297K->23892K(260032K), 0.0050730 secs] [Times: user=0.01 sys=0.00, real=0.00 secs] 
2012-10-19T21:03:27.157+0100: 9283.140: [GC 9283.141: [DefNew: 17331K->1225K(19136K), 0.0062760 secs] 40916K->24811K(260032K), 0.0063950 secs] [Times: user=0.01 sys=0.00, real=0.00 secs] 
2012-10-19T21:04:11.752+0100: 9327.735: [GC 9327.735: [DefNew: 18243K->720K(19136K), 0.0091360 secs] 41829K->24493K(260032K), 0.0092460 secs] [Times: user=0.01 sys=0.00, real=0.01 secs] 
2012-10-19T21:04:56.644+0100: 9372.627: [GC 9372.627: [DefNew: 17744K->1196K(19136K), 0.0059630 secs] 41517K->24968K(260032K), 0.0060740 secs] [Times: user=0.00 sys=0.00, real=0.01 secs] 
2012-10-19T21:05:46.597+0100: 9422.579: [GC 9422.580: [DefNew: 18219K->575K(19136K), 0.0060040 secs] 41991K->24442K(260032K), 0.0061060 secs] [Times: user=0.00 sys=0.00, real=0.01 secs] 
2012-10-19T21:06:31.682+0100: 9467.665: [GC 9467.665: [DefNew: 17588K->718K(19136K), 0.0050800 secs] 41454K->24584K(260032K), 0.0051860 secs] [Times: user=0.01 sys=0.00, real=0.01 secs] 
2012-10-19T21:07:17.197+0100: 9513.180: [GC 9513.180: [DefNew: 17742K->876K(19136K), 0.0056160 secs] 41608K->24742K(260032K), 0.0057090 secs] [Times: user=0.00 sys=0.00, real=0.01 secs] 
2012-10-19T21:08:06.767+0100: 9562.750: [GC 9562.750: [DefNew: 17874K->813K(19136K), 0.0055430 secs] 41740K->24679K(260032K), 0.0056420 secs] [Times: user=0.00 sys=0.00, real=0.00 secs] 
2012-10-19T21:08:51.583+0100: 9607.566: [GC 9607.566: [DefNew: 17819K->843K(19136K), 0.0058260 secs] 41685K->24709K(260032K), 0.0059300 secs] [Times: user=0.01 sys=0.00, real=0.01 secs] 
2012-10-19T21:09:37.102+0100: 9653.085: [GC 9653.085: [DefNew: 17846K->1062K(19136K), 0.0058250 secs] 41712K->24928K(260032K), 0.0059410 secs] [Times: user=0.01 sys=0.00, real=0.01 secs] 
2012-10-19T21:10:26.727+0100: 9702.710: [GC 9702.710: [DefNew: 18077K->218K(19136K), 0.0045830 secs] 41943K->24238K(260032K), 0.0046770 secs] [Times: user=0.01 sys=0.00, real=0.01 secs] 
2012-10-19T21:11:11.705+0100: 9747.687: [GC 9747.688: [DefNew: 17238K->814K(19136K), 0.0059850 secs] 41259K->24835K(260032K), 0.0060840 secs] [Times: user=0.00 sys=0.00, real=0.01 secs] 
2012-10-19T21:11:56.735+0100: 9792.718: [GC 9792.718: [DefNew: 17838K->1043K(19136K), 0.0057760 secs] 41859K->25064K(260032K), 0.0058860 secs] [Times: user=0.01 sys=0.00, real=0.01 secs] 
2012-10-19T21:12:46.734+0100: 9842.717: [GC 9842.717: [DefNew: 18067K->844K(19136K), 0.0055230 secs] 42088K->24865K(260032K), 0.0056240 secs] [Times: user=0.00 sys=0.00, real=0.01 secs] 
2012-10-19T21:13:36.793+0100: 9892.776: [GC 9892.776: [DefNew: 17859K->430K(19136K), 0.0044740 secs] 41879K->24450K(260032K), 0.0045680 secs] [Times: user=0.00 sys=0.01, real=0.01 secs] 
2012-10-19T21:14:17.120+0100: 9933.103: [GC 9933.103: [DefNew: 17454K->1129K(19136K), 0.0059920 secs] 41474K->25150K(260032K), 0.0061380 secs] [Times: user=0.00 sys=0.00, real=0.00 secs] 
2012-10-19T21:15:06.665+0100: 9982.648: [GC 9982.648: [DefNew: 18142K->308K(19136K), 0.0047720 secs] 42163K->24483K(260032K), 0.0048800 secs] [Times: user=0.01 sys=0.00, real=0.01 secs] 
2012-10-19T21:15:52.081+0100: 10028.064: [GC 10028.064: [DefNew: 17315K->875K(19136K), 0.0054690 secs] 41490K->25051K(260032K), 0.0055700 secs] [Times: user=0.00 sys=0.00, real=0.00 secs] 
2012-10-19T21:16:37.119+0100: 10073.102: [GC 10073.102: [DefNew: 17899K->1096K(19136K), 0.0063140 secs] 42075K->25271K(260032K), 0.0064190 secs] [Times: user=0.01 sys=0.00, real=0.00 secs] 
2012-10-19T21:17:26.762+0100: 10122.745: [GC 10122.745: [DefNew: 18120K->810K(19136K), 0.0052010 secs] 42295K->24985K(260032K), 0.0053410 secs] [Times: user=0.01 sys=0.00, real=0.01 secs] 
2012-10-19T21:18:11.750+0100: 10167.733: [GC 10167.733: [DefNew: 17829K->745K(19136K), 0.0058150 secs] 42004K->24921K(260032K), 0.0059130 secs] [Times: user=0.01 sys=0.00, real=0.00 secs] 
2012-10-19T21:18:57.437+0100: 10213.420: [GC 10213.420: [DefNew: 17769K->1169K(19136K), 0.0060590 secs] 41945K->25345K(260032K), 0.0062070 secs] [Times: user=0.00 sys=0.00, real=0.01 secs] 
2012-10-19T21:19:46.697+0100: 10262.679: [GC 10262.680: [DefNew: 18189K->372K(19136K), 0.0048180 secs] 42364K->24674K(260032K), 0.0049160 secs] [Times: user=0.01 sys=0.00, real=0.01 secs] 
2012-10-19T21:20:31.893+0100: 10307.876: [GC 10307.876: [DefNew: 17396K->973K(19136K), 0.0056060 secs] 41698K->25275K(260032K), 0.0057130 secs] [Times: user=0.01 sys=0.00, real=0.01 secs] 
2012-10-19T21:21:16.930+0100: 10352.913: [GC 10352.913: [DefNew: 17997K->527K(19136K), 0.0046820 secs] 42299K->24829K(260032K), 0.0047760 secs] [Times: user=0.00 sys=0.00, real=0.00 secs] 
2012-10-19T21:22:02.967+0100: 10398.950: [GC 10398.950: [DefNew: 17551K->1122K(19136K), 0.0056970 secs] 41853K->25424K(260032K), 0.0057990 secs] [Times: user=0.01 sys=0.00, real=0.01 secs] 
2012-10-19T21:22:52.034+0100: 10448.017: [GC 10448.017: [DefNew: 18119K->688K(19136K), 0.0070250 secs] 42421K->25118K(260032K), 0.0071350 secs] [Times: user=0.00 sys=0.00, real=0.01 secs] 
2012-10-19T21:23:41.902+0100: 10497.884: [GC 10497.885: [DefNew: 17712K->273K(19136K), 0.0049390 secs] 42142K->24703K(260032K), 0.0050300 secs] [Times: user=0.01 sys=0.00, real=0.00 secs] 
2012-10-19T21:24:26.814+0100: 10542.797: [GC 10542.797: [DefNew: 17297K->503K(19136K), 0.0046570 secs] 41727K->24932K(260032K), 0.0049330 secs] [Times: user=0.00 sys=0.00, real=0.01 secs] 
2012-10-19T21:25:13.910+0100: 10589.892: [GC 10589.893: [DefNew: 17527K->974K(19136K), 0.0055040 secs] 41956K->25404K(260032K), 0.0055980 secs] [Times: user=0.00 sys=0.00, real=0.00 secs] 
2012-10-19T21:25:57.263+0100: 10633.246: [GC 10633.246: [DefNew: 17998K->1406K(19136K), 0.0066760 secs] 42428K->25836K(260032K), 0.0068120 secs] [Times: user=0.00 sys=0.00, real=0.01 secs] 
2012-10-19T21:26:47.231+0100: 10683.214: [GC 10683.214: [DefNew: 18401K->980K(19136K), 0.0058620 secs] 42831K->25505K(260032K), 0.0059630 secs] [Times: user=0.01 sys=0.00, real=0.01 secs] 
2012-10-19T21:27:36.632+0100: 10732.615: [GC 10732.615: [DefNew: 18004K->894K(19136K), 0.0057430 secs] 42529K->25419K(260032K), 0.0058420 secs] [Times: user=0.01 sys=0.00, real=0.01 secs] 
2012-10-19T21:28:26.733+0100: 10782.716: [GC 10782.716: [DefNew: 17918K->540K(19136K), 0.0048080 secs] 42443K->25064K(260032K), 0.0049050 secs] [Times: user=0.01 sys=0.00, real=0.01 secs] 
2012-10-19T21:28:53.972+0100: 10809.955: [GC 10809.955: [DefNew: 17564K->2112K(19136K), 0.0088600 secs] 42088K->26665K(260032K), 0.0089800 secs] [Times: user=0.00 sys=0.00, real=0.01 secs] 
2012-10-19T21:29:37.182+0100: 10853.165: [GC 10853.165: [DefNew: 19136K->1052K(19136K), 0.0074420 secs] 43689K->25993K(260032K), 0.0075790 secs] [Times: user=0.00 sys=0.00, real=0.01 secs] 
2012-10-19T21:30:22.024+0100: 10898.007: [GC 10898.007: [DefNew: 18076K->1255K(19136K), 0.0064400 secs] 43017K->26196K(260032K), 0.0065480 secs] [Times: user=0.01 sys=0.00, real=0.01 secs] 
2012-10-19T21:31:11.798+0100: 10947.781: [GC 10947.781: [DefNew: 18279K->959K(19136K), 0.0084380 secs] 43220K->25977K(260032K), 0.0085550 secs] [Times: user=0.00 sys=0.01, real=0.00 secs] 
2012-10-19T21:31:56.767+0100: 10992.750: [GC 10992.750: [DefNew: 17972K->1114K(19136K), 0.0069160 secs] 42990K->26132K(260032K), 0.0070870 secs] [Times: user=0.00 sys=0.00, real=0.01 secs] 
2012-10-19T21:32:46.886+0100: 11042.869: [GC 11042.869: [DefNew: 18125K->658K(19136K), 0.0074640 secs] 43143K->26043K(260032K), 0.0076680 secs] [Times: user=0.01 sys=0.00, real=0.01 secs] 
2012-10-19T21:33:32.028+0100: 11088.011: [GC 11088.011: [DefNew: 17682K->913K(19136K), 0.0062300 secs] 43067K->26298K(260032K), 0.0063350 secs] [Times: user=0.00 sys=0.00, real=0.00 secs] 
2012-10-19T21:34:16.822+0100: 11132.804: [GC 11132.805: [DefNew: 17937K->1056K(19136K), 0.0062030 secs] 43322K->26442K(260032K), 0.0063290 secs] [Times: user=0.01 sys=0.00, real=0.01 secs] 
2012-10-19T21:35:02.665+0100: 11178.648: [GC 11178.648: [DefNew: 18080K->1253K(19136K), 0.0044990 secs] 43466K->26701K(260032K), 0.0045820 secs] [Times: user=0.01 sys=0.00, real=0.01 secs] 
2012-10-19T21:35:51.980+0100: 11227.963: [GC 11227.963: [DefNew: 18277K->941K(19136K), 0.0047460 secs] 43725K->26538K(260032K), 0.0048500 secs] [Times: user=0.00 sys=0.00, real=0.00 secs] 
2012-10-19T21:36:41.885+0100: 11277.868: [GC 11277.869: [DefNew: 17965K->911K(19136K), 0.0059770 secs] 43562K->26507K(260032K), 0.0060850 secs] [Times: user=0.00 sys=0.00, real=0.01 secs] 
2012-10-19T21:37:27.355+0100: 11323.338: [GC 11323.338: [DefNew: 17911K->938K(19136K), 0.0098590 secs] 43507K->26535K(260032K), 0.0099910 secs] [Times: user=0.00 sys=0.00, real=0.01 secs] 
2012-10-19T21:38:16.940+0100: 11372.923: [GC 11372.923: [DefNew: 17939K->847K(19136K), 0.0056980 secs] 43535K->26475K(260032K), 0.0057990 secs] [Times: user=0.00 sys=0.01, real=0.00 secs] 
2012-10-19T21:39:07.023+0100: 11423.006: [GC 11423.006: [DefNew: 17871K->502K(19136K), 0.0048970 secs] 43499K->26131K(260032K), 0.0049940 secs] [Times: user=0.01 sys=0.00, real=0.01 secs] 
2012-10-19T21:39:51.896+0100: 11467.879: [GC 11467.879: [DefNew: 17509K->906K(19136K), 0.0053430 secs] 43137K->26535K(260032K), 0.0054430 secs] [Times: user=0.01 sys=0.00, real=0.01 secs] 
2012-10-19T21:40:37.302+0100: 11513.285: [GC 11513.285: [DefNew: 17911K->1282K(19136K), 0.0044070 secs] 43540K->26911K(260032K), 0.0044840 secs] [Times: user=0.00 sys=0.00, real=0.00 secs] 
2012-10-19T21:41:22.119+0100: 11558.102: [GC 11558.102: [DefNew: 18299K->433K(19136K), 0.0036530 secs] 43928K->26250K(260032K), 0.0037220 secs] [Times: user=0.00 sys=0.00, real=0.00 secs] 
2012-10-19T21:42:12.281+0100: 11608.264: [GC 11608.264: [DefNew: 17449K->370K(19136K), 0.0042410 secs] 43266K->26187K(260032K), 0.0043320 secs] [Times: user=0.00 sys=0.00, real=0.00 secs] 
2012-10-19T21:42:57.430+0100: 11653.413: [GC 11653.413: [DefNew: 17364K->973K(19136K), 0.0085080 secs] 43182K->26791K(260032K), 0.0086650 secs] [Times: user=0.01 sys=0.00, real=0.01 secs] 
2012-10-19T21:43:44.303+0100: 11700.286: [GC 11700.286: [DefNew: 17994K->843K(19136K), 0.0032880 secs] 43811K->26660K(260032K), 0.0033600 secs] [Times: user=0.00 sys=0.00, real=0.00 secs] 
2012-10-19T21:44:32.035+0100: 11748.018: [GC 11748.018: [DefNew: 17853K->751K(19136K), 0.0051310 secs] 43671K->26568K(260032K), 0.0053380 secs] [Times: user=0.01 sys=0.00, real=0.01 secs] 
2012-10-19T21:45:17.849+0100: 11793.831: [GC 11793.832: [DefNew: 17775K->1104K(19136K), 0.0066170 secs] 43592K->26921K(260032K), 0.0067210 secs] [Times: user=0.01 sys=0.00, real=0.00 secs] 
2012-10-19T21:46:07.246+0100: 11843.229: [GC 11843.229: [DefNew: 18128K->757K(19136K), 0.0053470 secs] 43945K->26637K(260032K), 0.0054450 secs] [Times: user=0.00 sys=0.00, real=0.01 secs] 
2012-10-19T21:46:52.395+0100: 11888.378: [GC 11888.378: [DefNew: 17781K->1177K(19136K), 0.0060950 secs] 43661K->27056K(260032K), 0.0062000 secs] [Times: user=0.00 sys=0.00, real=0.01 secs] 
2012-10-19T21:47:42.315+0100: 11938.298: [GC 11938.298: [DefNew: 18201K->975K(19136K), 0.0063480 secs] 44080K->27054K(260032K), 0.0064490 secs] [Times: user=0.01 sys=0.00, real=0.01 secs] 
2012-10-19T21:48:31.963+0100: 11987.946: [GC 11987.946: [DefNew: 17974K->751K(19136K), 0.0106600 secs] 44054K->26831K(260032K), 0.0107770 secs] [Times: user=0.00 sys=0.00, real=0.01 secs] 
2012-10-19T21:49:12.099+0100: 12028.082: [GC 12028.082: [DefNew: 17775K->1193K(19136K), 0.0066090 secs] 43855K->27272K(260032K), 0.0067300 secs] [Times: user=0.00 sys=0.00, real=0.00 secs] 
2012-10-19T21:50:01.901+0100: 12077.884: [GC 12077.884: [DefNew: 18187K->747K(19136K), 0.0059430 secs] 44267K->26827K(260032K), 0.0061090 secs] [Times: user=0.01 sys=0.00, real=0.01 secs] 
2012-10-19T21:50:47.378+0100: 12123.361: [GC 12123.361: [DefNew: 17771K->1317K(19136K), 0.0091250 secs] 43851K->27397K(260032K), 0.0092420 secs] [Times: user=0.01 sys=0.00, real=0.00 secs] 
2012-10-19T21:51:37.121+0100: 12173.104: [GC 12173.104: [DefNew: 18321K->713K(19136K), 0.0060660 secs] 44401K->27015K(260032K), 0.0061650 secs] [Times: user=0.00 sys=0.00, real=0.00 secs] 
2012-10-19T21:52:26.965+0100: 12222.948: [GC 12222.948: [DefNew: 17710K->338K(19136K), 0.0056230 secs] 44012K->26640K(260032K), 0.0057220 secs] [Times: user=0.01 sys=0.00, real=0.01 secs] 
2012-10-19T21:53:12.124+0100: 12268.107: [GC 12268.107: [DefNew: 17345K->653K(19136K), 0.0049480 secs] 43647K->26955K(260032K), 0.0055620 secs] [Times: user=0.00 sys=0.00, real=0.01 secs] 
2012-10-19T21:53:56.915+0100: 12312.898: [GC 12312.898: [DefNew: 17677K->856K(19136K), 0.0072390 secs] 43979K->27158K(260032K), 0.0073590 secs] [Times: user=0.01 sys=0.00, real=0.01 secs] 
2012-10-19T21:54:42.384+0100: 12358.367: [GC 12358.367: [DefNew: 17856K->1758K(19136K), 0.0072980 secs] 44158K->28060K(260032K), 0.0074210 secs] [Times: user=0.00 sys=0.00, real=0.01 secs] 
2012-10-19T21:55:27.001+0100: 12402.984: [GC 12402.984: [DefNew: 18782K->659K(19136K), 0.0061920 secs] 45084K->27240K(260032K), 0.0062970 secs] [Times: user=0.00 sys=0.00, real=0.01 secs] 
2012-10-19T21:56:17.131+0100: 12453.114: [GC 12453.114: [DefNew: 17663K->466K(19136K), 0.0046070 secs] 44245K->27048K(260032K), 0.0047020 secs] [Times: user=0.00 sys=0.00, real=0.00 secs] 
2012-10-19T21:57:06.973+0100: 12502.956: [GC 12502.956: [DefNew: 17490K->401K(19136K), 0.0044960 secs] 44072K->26983K(260032K), 0.0045960 secs] [Times: user=0.01 sys=0.00, real=0.01 secs] 
2012-10-19T21:57:52.428+0100: 12548.411: [GC 12548.411: [DefNew: 17425K->1170K(19136K), 0.0061640 secs] 44007K->27752K(260032K), 0.0062760 secs] [Times: user=0.00 sys=0.00, real=0.00 secs] 
2012-10-19T21:58:42.460+0100: 12598.443: [GC 12598.443: [DefNew: 18194K->1073K(19136K), 0.0064720 secs] 44776K->27748K(260032K), 0.0065770 secs] [Times: user=0.00 sys=0.00, real=0.00 secs] 
2012-10-19T21:59:31.980+0100: 12647.963: [GC 12647.963: [DefNew: 18066K->307K(19136K), 0.0047560 secs] 44741K->27107K(260032K), 0.0048590 secs] [Times: user=0.00 sys=0.01, real=0.00 secs] 
2012-10-19T22:00:17.023+0100: 12693.006: [GC 12693.006: [DefNew: 17328K->914K(19136K), 0.0073920 secs] 44129K->27714K(260032K), 0.0075160 secs] [Times: user=0.00 sys=0.00, real=0.01 secs] 
2012-10-19T22:01:02.465+0100: 12738.448: [GC 12738.448: [DefNew: 17938K->1041K(19136K), 0.0068100 secs] 44738K->27841K(260032K), 0.0069140 secs] [Times: user=0.01 sys=0.00, real=0.01 secs] 
2012-10-19T22:01:52.116+0100: 12788.099: [GC 12788.099: [DefNew: 18065K->1066K(19136K), 0.0041100 secs] 44865K->27866K(260032K), 0.0042040 secs] [Times: user=0.02 sys=0.00, real=0.01 secs] 
2012-10-19T22:02:42.243+0100: 12838.226: [GC 12838.226: [DefNew: 18090K->665K(19136K), 0.0056010 secs] 44890K->27623K(260032K), 0.0057070 secs] [Times: user=0.01 sys=0.00, real=0.01 secs] 
2012-10-19T22:03:27.062+0100: 12883.045: [GC 12883.045: [DefNew: 17689K->782K(19136K), 0.0054310 secs] 44647K->27740K(260032K), 0.0055380 secs] [Times: user=0.01 sys=0.00, real=0.01 secs] 
2012-10-19T22:04:12.467+0100: 12928.450: [GC 12928.450: [DefNew: 17806K->1164K(19136K), 0.0059590 secs] 44764K->28122K(260032K), 0.0060660 secs] [Times: user=0.01 sys=0.00, real=0.01 secs] 
2012-10-19T22:05:01.662+0100: 12977.645: [GC 12977.645: [DefNew: 18188K->369K(19136K), 0.0048060 secs] 45146K->27389K(260032K), 0.0049000 secs] [Times: user=0.00 sys=0.00, real=0.00 secs] 
2012-10-19T22:05:47.209+0100: 13023.192: [GC 13023.192: [DefNew: 17393K->778K(19136K), 0.0061900 secs] 44413K->27799K(260032K), 0.0063220 secs] [Times: user=0.00 sys=0.00, real=0.00 secs] 
2012-10-19T22:06:32.175+0100: 13068.158: [GC 13068.158: [DefNew: 17802K->769K(19136K), 0.0055250 secs] 44823K->27789K(260032K), 0.0056230 secs] [Times: user=0.00 sys=0.00, real=0.01 secs] 
2012-10-19T22:07:22.418+0100: 13118.401: [GC 13118.401: [DefNew: 17776K->400K(19136K), 0.0045050 secs] 44797K->27420K(260032K), 0.0046200 secs] [Times: user=0.00 sys=0.00, real=0.00 secs] 
2012-10-19T22:08:03.035+0100: 13159.018: [GC 13159.018: [DefNew: 17424K->1035K(19136K), 0.0057220 secs] 44444K->28056K(260032K), 0.0058360 secs] [Times: user=0.00 sys=0.00, real=0.01 secs] 
2012-10-19T22:08:52.565+0100: 13208.548: [GC 13208.548: [DefNew: 18048K->527K(19136K), 0.0050500 secs] 45069K->27548K(260032K), 0.0051590 secs] [Times: user=0.00 sys=0.00, real=0.01 secs] 
2012-10-19T22:09:40.144+0100: 13256.127: [GC 13256.127: [DefNew: 17551K->393K(19136K), 0.0044630 secs] 44572K->27413K(260032K), 0.0045650 secs] [Times: user=0.00 sys=0.00, real=0.01 secs] 
2012-10-19T22:10:22.554+0100: 13298.537: [GC 13298.537: [DefNew: 17417K->1033K(19136K), 0.0058040 secs] 44437K->28054K(260032K), 0.0059200 secs] [Times: user=0.01 sys=0.00, real=0.01 secs] 
2012-10-19T22:11:12.386+0100: 13348.369: [GC 13348.369: [DefNew: 18057K->778K(19136K), 0.0051280 secs] 45078K->27799K(260032K), 0.0052440 secs] [Times: user=0.00 sys=0.00, real=0.01 secs] 
2012-10-19T22:11:57.262+0100: 13393.245: [GC 13393.245: [DefNew: 17802K->1225K(19136K), 0.0061740 secs] 44823K->28245K(260032K), 0.0122890 secs] [Times: user=0.01 sys=0.00, real=0.01 secs] 
2012-10-19T22:12:46.309+0100: 13442.292: [GC 13442.292: [DefNew: 18229K->398K(19136K), 0.0048540 secs] 45250K->27545K(260032K), 0.0049550 secs] [Times: user=0.00 sys=0.00, real=0.00 secs] 
2012-10-19T22:13:32.474+0100: 13488.457: [GC 13488.457: [DefNew: 17422K->922K(19136K), 0.0058190 secs] 44569K->28069K(260032K), 0.0059250 secs] [Times: user=0.01 sys=0.00, real=0.01 secs] 
2012-10-19T22:14:17.218+0100: 13533.201: [GC 13533.201: [DefNew: 17946K->1080K(19136K), 0.0076930 secs] 45093K->28227K(260032K), 0.0077980 secs] [Times: user=0.00 sys=0.00, real=0.00 secs] 
2012-10-19T22:15:07.177+0100: 13583.160: [GC 13583.160: [DefNew: 18104K->540K(19136K), 0.0049350 secs] 45251K->27717K(260032K), 0.0050300 secs] [Times: user=0.00 sys=0.00, real=0.01 secs] 
2012-10-19T22:15:52.424+0100: 13628.407: [GC 13628.407: [DefNew: 17564K->1072K(19136K), 0.0059220 secs] 44741K->28250K(260032K), 0.0060310 secs] [Times: user=0.00 sys=0.00, real=0.01 secs] 
2012-10-19T22:16:42.297+0100: 13678.280: [GC 13678.280: [DefNew: 18093K->783K(19136K), 0.0054990 secs] 45270K->28034K(260032K), 0.0056380 secs] [Times: user=0.01 sys=0.00, real=0.01 secs] 
2012-10-19T22:17:27.401+0100: 13723.384: [GC 13723.384: [DefNew: 17802K->716K(19136K), 0.0050770 secs] 45053K->27967K(260032K), 0.0051730 secs] [Times: user=0.00 sys=0.00, real=0.00 secs] 
2012-10-19T22:18:12.709+0100: 13768.692: [GC 13768.692: [DefNew: 17733K->1098K(19136K), 0.0061890 secs] 44984K->28349K(260032K), 0.0062880 secs] [Times: user=0.00 sys=0.00, real=0.00 secs] 
2012-10-19T22:19:02.351+0100: 13818.334: [GC 13818.334: [DefNew: 18122K->690K(19136K), 0.0056230 secs] 45373K->28003K(260032K), 0.0057260 secs] [Times: user=0.00 sys=0.00, real=0.00 secs] 
2012-10-19T22:19:48.223+0100: 13864.206: [GC 13864.206: [DefNew: 17714K->1094K(19136K), 0.0072110 secs] 45027K->28408K(260032K), 0.0073330 secs] [Times: user=0.00 sys=0.00, real=0.01 secs] 
2012-10-19T22:20:37.184+0100: 13913.167: [GC 13913.167: [DefNew: 18104K->527K(19136K), 0.0046340 secs] 45418K->27841K(260032K), 0.0047350 secs] [Times: user=0.02 sys=0.00, real=0.01 secs] 
2012-10-19T22:21:22.579+0100: 13958.562: [GC 13958.562: [DefNew: 17551K->1126K(19136K), 0.0055970 secs] 44865K->28440K(260032K), 0.0057010 secs] [Times: user=0.01 sys=0.00, real=0.00 secs] 
2012-10-19T22:22:12.207+0100: 14008.190: [GC 14008.190: [DefNew: 18150K->628K(19136K), 0.0048130 secs] 45464K->27941K(260032K), 0.0049080 secs] [Times: user=0.00 sys=0.00, real=0.01 secs] 
2012-10-19T22:22:57.609+0100: 14053.592: [GC 14053.592: [DefNew: 17652K->1066K(19136K), 0.0063420 secs] 44965K->28380K(260032K), 0.0064470 secs] [Times: user=0.01 sys=0.00, real=0.00 secs] 
2012-10-19T22:23:47.216+0100: 14103.199: [GC 14103.199: [DefNew: 18076K->777K(19136K), 0.0051020 secs] 45390K->28091K(260032K), 0.0052000 secs] [Times: user=0.00 sys=0.00, real=0.01 secs] 
2012-10-19T22:24:37.191+0100: 14153.174: [GC 14153.174: [DefNew: 17796K->561K(19136K), 0.0077900 secs] 45110K->27875K(260032K), 0.0078960 secs] [Times: user=0.01 sys=0.00, real=0.01 secs] 
2012-10-19T22:25:22.157+0100: 14198.140: [GC 14198.140: [DefNew: 17585K->397K(19136K), 0.0050050 secs] 44899K->27711K(260032K), 0.0051040 secs] [Times: user=0.01 sys=0.00, real=0.01 secs] 
2012-10-19T22:26:07.179+0100: 14243.162: [GC 14243.162: [DefNew: 17419K->686K(19136K), 0.0048680 secs] 44733K->28000K(260032K), 0.0049600 secs] [Times: user=0.01 sys=0.00, real=0.00 secs] 
2012-10-19T22:26:52.728+0100: 14288.711: [GC 14288.711: [DefNew: 17691K->1168K(19136K), 0.0061480 secs] 45005K->28482K(260032K), 0.0062550 secs] [Times: user=0.00 sys=0.01, real=0.00 secs] 
2012-10-19T22:27:42.207+0100: 14338.190: [GC 14338.190: [DefNew: 18162K->936K(19136K), 0.0061040 secs] 45476K->28450K(260032K), 0.0062210 secs] [Times: user=0.01 sys=0.00, real=0.01 secs] 
2012-10-19T22:28:32.265+0100: 14388.248: [GC 14388.248: [DefNew: 17958K->814K(19136K), 0.0119760 secs] 45471K->28328K(260032K), 0.0120920 secs] [Times: user=0.01 sys=0.00, real=0.02 secs] 
2012-10-19T22:29:02.219+0100: 14418.202: [GC 14418.202: [DefNew: 17838K->870K(19136K), 0.0055310 secs] 45352K->28383K(260032K), 0.0056350 secs] [Times: user=0.00 sys=0.00, real=0.00 secs] 
2012-10-19T22:29:47.960+0100: 14463.943: [GC 14463.943: [DefNew: 17894K->1256K(19136K), 0.0061100 secs] 45407K->28770K(260032K), 0.0062140 secs] [Times: user=0.01 sys=0.00, real=0.00 secs] 
2012-10-19T22:30:37.257+0100: 14513.240: [GC 14513.241: [DefNew: 18280K->515K(19136K), 0.0055620 secs] 45794K->28220K(260032K), 0.0056630 secs] [Times: user=0.00 sys=0.00, real=0.00 secs] 
2012-10-19T22:31:22.251+0100: 14558.234: [GC 14558.234: [DefNew: 17539K->1341K(19136K), 0.0063320 secs] 45244K->29046K(260032K), 0.0064410 secs] [Times: user=0.01 sys=0.00, real=0.00 secs] 
2012-10-19T22:32:07.416+0100: 14603.399: [GC 14603.399: [DefNew: 18365K->1017K(19136K), 0.0094260 secs] 46070K->29119K(260032K), 0.0095400 secs] [Times: user=0.01 sys=0.00, real=0.01 secs] 
2012-10-19T22:32:54.907+0100: 14650.890: [GC 14650.890: [DefNew: 18041K->687K(19136K), 0.0050940 secs] 46143K->28789K(260032K), 0.0051960 secs] [Times: user=0.01 sys=0.00, real=0.01 secs] 
2012-10-19T22:33:42.274+0100: 14698.257: [GC 14698.257: [DefNew: 17711K->1302K(19136K), 0.0065090 secs] 45813K->29404K(260032K), 0.0066380 secs] [Times: user=0.00 sys=0.00, real=0.01 secs] 
2012-10-19T22:34:27.369+0100: 14743.352: [GC 14743.352: [DefNew: 18326K->960K(19136K), 0.0067710 secs] 46428K->29357K(260032K), 0.0069230 secs] [Times: user=0.00 sys=0.00, real=0.00 secs] 
2012-10-19T22:35:17.492+0100: 14793.475: [GC 14793.475: [DefNew: 17984K->829K(19136K), 0.0052570 secs] 46381K->29227K(260032K), 0.0053730 secs] [Times: user=0.00 sys=0.00, real=0.01 secs] 
2012-10-19T22:36:02.476+0100: 14838.459: [GC 14838.459: [DefNew: 17853K->1152K(19136K), 0.0060060 secs] 46251K->29549K(260032K), 0.0061050 secs] [Times: user=0.00 sys=0.00, real=0.01 secs] 
2012-10-19T22:36:52.288+0100: 14888.271: [GC 14888.271: [DefNew: 18168K->583K(19136K), 0.0077850 secs] 46566K->29083K(260032K), 0.0078920 secs] [Times: user=0.00 sys=0.00, real=0.00 secs] 
2012-10-19T22:37:37.309+0100: 14933.292: [GC 14933.292: [DefNew: 17606K->822K(19136K), 0.0055540 secs] 46106K->29397K(260032K), 0.0056590 secs] [Times: user=0.01 sys=0.00, real=0.00 secs] 
2012-10-19T22:38:22.303+0100: 14978.286: [GC 14978.286: [DefNew: 17842K->602K(19136K), 0.0087020 secs] 46417K->29177K(260032K), 0.0088420 secs] [Times: user=0.00 sys=0.00, real=0.01 secs] 
2012-10-19T22:39:07.351+0100: 15023.334: [GC 15023.334: [DefNew: 17612K->568K(19136K), 0.0052270 secs] 46187K->29143K(260032K), 0.0053230 secs] [Times: user=0.00 sys=0.00, real=0.00 secs] 
2012-10-19T22:39:52.600+0100: 15068.583: [GC 15068.583: [DefNew: 17592K->1163K(19136K), 0.0062920 secs] 46167K->29811K(260032K), 0.0064010 secs] [Times: user=0.01 sys=0.00, real=0.00 secs] 
2012-10-19T22:40:42.599+0100: 15118.582: [GC 15118.582: [DefNew: 18187K->856K(19136K), 0.0055490 secs] 46835K->29597K(260032K), 0.0056530 secs] [Times: user=0.00 sys=0.00, real=0.00 secs] 
2012-10-19T22:41:32.332+0100: 15168.315: [GC 15168.315: [DefNew: 17880K->655K(19136K), 0.0048010 secs] 46621K->29396K(260032K), 0.0048950 secs] [Times: user=0.00 sys=0.00, real=0.00 secs] 
2012-10-19T22:42:17.788+0100: 15213.771: [GC 15213.771: [DefNew: 17679K->1078K(19136K), 0.0056870 secs] 46420K->29819K(260032K), 0.0057900 secs] [Times: user=0.00 sys=0.00, real=0.00 secs] 
2012-10-19T22:43:07.336+0100: 15263.319: [GC 15263.319: [DefNew: 18087K->747K(19136K), 0.0051770 secs] 46828K->29490K(260032K), 0.0052780 secs] [Times: user=0.01 sys=0.00, real=0.01 secs] 
2012-10-19T22:43:52.908+0100: 15308.891: [GC 15308.891: [DefNew: 17771K->1096K(19136K), 0.0063680 secs] 46514K->29840K(260032K), 0.0064730 secs] [Times: user=0.01 sys=0.00, real=0.00 secs] 
2012-10-19T22:44:42.405+0100: 15358.388: [GC 15358.388: [DefNew: 18117K->832K(19136K), 0.0054750 secs] 46861K->29638K(260032K), 0.0055800 secs] [Times: user=0.01 sys=0.00, real=0.01 secs] 
2012-10-19T22:45:27.529+0100: 15403.512: [GC 15403.512: [DefNew: 17856K->971K(19136K), 0.0058460 secs] 46662K->29777K(260032K), 0.0059560 secs] [Times: user=0.00 sys=0.00, real=0.00 secs] 
2012-10-19T22:46:17.468+0100: 15453.451: [GC 15453.451: [DefNew: 17990K->658K(19136K), 0.0055960 secs] 46796K->29464K(260032K), 0.0056890 secs] [Times: user=0.00 sys=0.00, real=0.00 secs] 
2012-10-19T22:47:02.447+0100: 15498.430: [GC 15498.430: [DefNew: 17682K->853K(19136K), 0.0054180 secs] 46488K->29659K(260032K), 0.0055220 secs] [Times: user=0.00 sys=0.00, real=0.01 secs] 
2012-10-19T22:47:52.369+0100: 15548.352: [GC 15548.352: [DefNew: 17867K->498K(19136K), 0.0046660 secs] 46673K->29304K(260032K), 0.0047620 secs] [Times: user=0.00 sys=0.01, real=0.00 secs] 
2012-10-19T22:48:37.403+0100: 15593.386: [GC 15593.386: [DefNew: 17522K->841K(19136K), 0.0052400 secs] 46328K->29647K(260032K), 0.0053450 secs] [Times: user=0.00 sys=0.00, real=0.01 secs] 
2012-10-19T22:49:27.425+0100: 15643.408: [GC 15643.408: [DefNew: 17862K->561K(19136K), 0.0057580 secs] 46668K->29367K(260032K), 0.0058630 secs] [Times: user=0.00 sys=0.00, real=0.01 secs] 
2012-10-19T22:50:12.395+0100: 15688.378: [GC 15688.378: [DefNew: 17585K->954K(19136K), 0.0059170 secs] 46391K->29822K(260032K), 0.0060200 secs] [Times: user=0.00 sys=0.00, real=0.01 secs] 
2012-10-19T22:50:57.759+0100: 15733.742: [GC 15733.742: [DefNew: 17978K->1308K(19136K), 0.0111590 secs] 46846K->30176K(260032K), 0.0112850 secs] [Times: user=0.01 sys=0.00, real=0.01 secs] 
2012-10-19T22:51:47.928+0100: 15783.911: [GC 15783.911: [DefNew: 18332K->939K(19136K), 0.0065070 secs] 47200K->30070K(260032K), 0.0066080 secs] [Times: user=0.00 sys=0.00, real=0.00 secs] 
2012-10-19T22:52:37.413+0100: 15833.396: [GC 15833.396: [DefNew: 17963K->892K(19136K), 0.0093610 secs] 47094K->30023K(260032K), 0.0094760 secs] [Times: user=0.00 sys=0.00, real=0.01 secs] 
2012-10-19T22:53:22.691+0100: 15878.674: [GC 15878.674: [DefNew: 17904K->970K(19136K), 0.0063970 secs] 47035K->30101K(260032K), 0.0065000 secs] [Times: user=0.01 sys=0.00, real=0.01 secs] 
2012-10-19T22:54:11.325+0100: 15927.308: [GC 15927.308: [DefNew: 17994K->486K(19136K), 0.0045930 secs] 47125K->29617K(260032K), 0.0047360 secs] [Times: user=0.00 sys=0.00, real=0.01 secs] 
2012-10-19T22:54:57.445+0100: 15973.428: [GC 15973.428: [DefNew: 17510K->1158K(19136K), 0.0072040 secs] 46641K->30319K(260032K), 0.0073190 secs] [Times: user=0.01 sys=0.00, real=0.01 secs] 
2012-10-19T22:55:47.443+0100: 16023.426: [GC 16023.426: [DefNew: 18155K->598K(19136K), 0.0052240 secs] 47316K->29882K(260032K), 0.0053750 secs] [Times: user=0.00 sys=0.00, real=0.01 secs] 
2012-10-19T22:56:32.576+0100: 16068.559: [GC 16068.559: [DefNew: 17622K->847K(19136K), 0.0055580 secs] 46906K->30132K(260032K), 0.0056560 secs] [Times: user=0.00 sys=0.00, real=0.01 secs] 
2012-10-19T22:57:22.402+0100: 16118.385: [GC 16118.385: [DefNew: 17860K->639K(19136K), 0.0048780 secs] 47145K->29924K(260032K), 0.0049780 secs] [Times: user=0.00 sys=0.00, real=0.00 secs] 
2012-10-19T22:58:07.891+0100: 16163.874: [GC 16163.874: [DefNew: 17659K->1114K(19136K), 0.0058010 secs] 46944K->30399K(260032K), 0.0059020 secs] [Times: user=0.01 sys=0.00, real=0.00 secs] 
2012-10-19T22:58:57.464+0100: 16213.447: [GC 16213.447: [DefNew: 18108K->814K(19136K), 0.0061000 secs] 47393K->30246K(260032K), 0.0062060 secs] [Times: user=0.01 sys=0.00, real=0.01 secs] 
2012-10-19T22:59:42.882+0100: 16258.865: [GC 16258.865: [DefNew: 17838K->1100K(19136K), 0.0059700 secs] 47270K->30531K(260032K), 0.0060740 secs] [Times: user=0.00 sys=0.00, real=0.01 secs] 
2012-10-19T23:00:32.937+0100: 16308.920: [GC 16308.920: [DefNew: 18124K->727K(19136K), 0.0065670 secs] 47555K->30221K(260032K), 0.0067040 secs] [Times: user=0.00 sys=0.00, real=0.01 secs] 
2012-10-19T23:01:17.928+0100: 16353.911: [GC 16353.911: [DefNew: 17751K->1191K(19136K), 0.0061400 secs] 47245K->30685K(260032K), 0.0062420 secs] [Times: user=0.00 sys=0.00, real=0.00 secs] 
2012-10-19T23:02:07.538+0100: 16403.521: [GC 16403.521: [DefNew: 18215K->750K(19136K), 0.0055040 secs] 47709K->30402K(260032K), 0.0056000 secs] [Times: user=0.00 sys=0.00, real=0.00 secs] 
2012-10-19T23:02:56.701+0100: 16452.684: [GC 16452.684: [DefNew: 17774K->404K(19136K), 0.0046740 secs] 47426K->30056K(260032K), 0.0047700 secs] [Times: user=0.00 sys=0.00, real=0.00 secs] 
2012-10-19T23:03:42.946+0100: 16498.929: [GC 16498.929: [DefNew: 17403K->1101K(19136K), 0.0108720 secs] 47055K->30753K(260032K), 0.0110010 secs] [Times: user=0.01 sys=0.00, real=0.01 secs] 
2012-10-19T23:04:32.581+0100: 16548.564: [GC 16548.564: [DefNew: 18101K->339K(19136K), 0.0045610 secs] 47753K->30053K(260032K), 0.0046600 secs] [Times: user=0.00 sys=0.00, real=0.00 secs] 
2012-10-19T23:05:13.069+0100: 16589.052: [GC 16589.052: [DefNew: 17363K->1197K(19136K), 0.0059340 secs] 47077K->30911K(260032K), 0.0060290 secs] [Times: user=0.00 sys=0.00, real=0.00 secs] 
2012-10-19T23:06:03.124+0100: 16639.107: [GC 16639.107: [DefNew: 18221K->1036K(19136K), 0.0059660 secs] 47935K->30842K(260032K), 0.0060750 secs] [Times: user=0.01 sys=0.00, real=0.01 secs] 
2012-10-19T23:06:52.742+0100: 16688.725: [GC 16688.725: [DefNew: 18060K->948K(19136K), 0.0054440 secs] 47866K->30755K(260032K), 0.0055430 secs] [Times: user=0.00 sys=0.00, real=0.01 secs] 
2012-10-19T23:07:42.584+0100: 16738.567: [GC 16738.567: [DefNew: 17972K->927K(19136K), 0.0054850 secs] 47779K->30734K(260032K), 0.0055840 secs] [Times: user=0.00 sys=0.00, real=0.01 secs] 
2012-10-19T23:08:27.572+0100: 16783.555: [GC 16783.555: [DefNew: 17949K->843K(19136K), 0.0054760 secs] 47756K->30649K(260032K), 0.0055760 secs] [Times: user=0.01 sys=0.00, real=0.01 secs] 
2012-10-19T23:09:12.958+0100: 16828.941: [GC 16828.941: [DefNew: 17867K->1253K(19136K), 0.0063180 secs] 47673K->31059K(260032K), 0.0064180 secs] [Times: user=0.00 sys=0.00, real=0.00 secs] 
2012-10-19T23:10:01.522+0100: 16877.505: [GC 16877.505: [DefNew: 18276K->866K(19136K), 0.0060060 secs] 48083K->30891K(260032K), 0.0061200 secs] [Times: user=0.01 sys=0.00, real=0.01 secs] 
2012-10-19T23:10:52.752+0100: 16928.734: [GC 16928.735: [DefNew: 17890K->791K(19136K), 0.0056580 secs] 47915K->30816K(260032K), 0.0058140 secs] [Times: user=0.00 sys=0.00, real=0.01 secs] 
2012-10-19T23:11:37.719+0100: 16973.702: [GC 16973.702: [DefNew: 17815K->1073K(19136K), 0.0062440 secs] 47840K->31098K(260032K), 0.0063440 secs] [Times: user=0.00 sys=0.00, real=0.00 secs] 
2012-10-19T23:12:27.739+0100: 17023.722: [GC 17023.722: [DefNew: 18097K->918K(19136K), 0.0055250 secs] 48122K->30944K(260032K), 0.0056170 secs] [Times: user=0.01 sys=0.00, real=0.00 secs] 
2012-10-19T23:13:17.629+0100: 17073.612: [GC 17073.612: [DefNew: 17941K->792K(19136K), 0.0056010 secs] 47967K->30817K(260032K), 0.0057020 secs] [Times: user=0.00 sys=0.01, real=0.00 secs] 
2012-10-19T23:14:02.764+0100: 17118.747: [GC 17118.747: [DefNew: 17816K->854K(19136K), 0.0055090 secs] 47841K->30879K(260032K), 0.0056200 secs] [Times: user=0.01 sys=0.00, real=0.01 secs] 
2012-10-19T23:14:52.728+0100: 17168.711: [GC 17168.711: [DefNew: 17850K->503K(19136K), 0.0047650 secs] 47876K->30529K(260032K), 0.0052930 secs] [Times: user=0.00 sys=0.00, real=0.00 secs] 
2012-10-19T23:15:37.920+0100: 17213.903: [GC 17213.903: [DefNew: 17527K->1108K(19136K), 0.0097720 secs] 47553K->31134K(260032K), 0.0119760 secs] [Times: user=0.01 sys=0.00, real=0.01 secs] 
2012-10-19T23:16:27.758+0100: 17263.741: [GC 17263.741: [DefNew: 18132K->810K(19136K), 0.0058100 secs] 48158K->30910K(260032K), 0.0059460 secs] [Times: user=0.01 sys=0.00, real=0.00 secs] 
2012-10-19T23:17:17.726+0100: 17313.709: [GC 17313.709: [DefNew: 17808K->780K(19136K), 0.0053000 secs] 47908K->30910K(260032K), 0.0054050 secs] [Times: user=0.01 sys=0.00, real=0.01 secs] 
2012-10-19T23:18:03.052+0100: 17359.034: [GC 17359.035: [DefNew: 17781K->537K(19136K), 0.0048200 secs] 47911K->30667K(260032K), 0.0049170 secs] [Times: user=0.00 sys=0.00, real=0.00 secs] 
2012-10-19T23:18:47.608+0100: 17403.591: [GC 17403.591: [DefNew: 17561K->986K(19136K), 0.0060940 secs] 47691K->31178K(260032K), 0.0061950 secs] [Times: user=0.00 sys=0.00, real=0.00 secs] 
2012-10-19T23:19:37.673+0100: 17453.656: [GC 17453.656: [DefNew: 18010K->894K(19136K), 0.0067700 secs] 48202K->31086K(260032K), 0.0068830 secs] [Times: user=0.01 sys=0.00, real=0.01 secs] 
2012-10-19T23:20:23.066+0100: 17499.049: [GC 17499.049: [DefNew: 17918K->1182K(19136K), 0.0063310 secs] 48110K->31374K(260032K), 0.0064700 secs] [Times: user=0.01 sys=0.00, real=0.01 secs] 
2012-10-19T23:21:12.680+0100: 17548.663: [GC 17548.663: [DefNew: 18206K->526K(19136K), 0.0052480 secs] 48398K->30794K(260032K), 0.0053700 secs] [Times: user=0.01 sys=0.00, real=0.00 secs] 
2012-10-19T23:21:58.046+0100: 17594.029: [GC 17594.029: [DefNew: 17550K->1144K(19136K), 0.0075490 secs] 47818K->31412K(260032K), 0.0076710 secs] [Times: user=0.00 sys=0.00, real=0.01 secs] 
2012-10-19T23:22:46.263+0100: 17642.246: [GC 17642.246: [DefNew: 18168K->971K(19136K), 0.0057480 secs] 48436K->31238K(260032K), 0.0058470 secs] [Times: user=0.01 sys=0.00, real=0.01 secs] 
2012-10-19T23:23:32.663+0100: 17688.646: [GC 17688.646: [DefNew: 17995K->947K(19136K), 0.0069370 secs] 48262K->31214K(260032K), 0.0070590 secs] [Times: user=0.01 sys=0.00, real=0.01 secs] 
2012-10-19T23:24:22.740+0100: 17738.723: [GC 17738.723: [DefNew: 17970K->606K(19136K), 0.0050340 secs] 48237K->30874K(260032K), 0.0051330 secs] [Times: user=0.00 sys=0.00, real=0.00 secs] 
2012-10-19T23:25:09.302+0100: 17785.285: [GC 17785.285: [DefNew: 17622K->964K(19136K), 0.0042350 secs] 47890K->31232K(260032K), 0.0043190 secs] [Times: user=0.01 sys=0.00, real=0.00 secs] 
2012-10-19T23:25:57.743+0100: 17833.726: [GC 17833.726: [DefNew: 17988K->839K(19136K), 0.0056170 secs] 48256K->31136K(260032K), 0.0057170 secs] [Times: user=0.00 sys=0.00, real=0.01 secs] 
2012-10-19T23:26:47.774+0100: 17883.756: [GC 17883.757: [DefNew: 17851K->590K(19136K), 0.0057070 secs] 48148K->30887K(260032K), 0.0058270 secs] [Times: user=0.00 sys=0.00, real=0.01 secs] 
2012-10-19T23:27:33.192+0100: 17929.175: [GC 17929.175: [DefNew: 17614K->1193K(19136K), 0.0051320 secs] 47911K->31490K(260032K), 0.0052270 secs] [Times: user=0.01 sys=0.00, real=0.01 secs] 
2012-10-19T23:28:22.687+0100: 17978.670: [GC 17978.671: [DefNew: 18217K->822K(19136K), 0.0072480 secs] 48514K->31212K(260032K), 0.0073590 secs] [Times: user=0.01 sys=0.00, real=0.00 secs] 
2012-10-19T23:28:54.030+0100: 18010.013: [GC 18010.013: [DefNew: 17846K->2035K(19136K), 0.0082090 secs] 48236K->32425K(260032K), 0.0083510 secs] [Times: user=0.01 sys=0.00, real=0.01 secs] 
2012-10-19T23:29:42.815+0100: 18058.798: [GC 18058.798: [DefNew: 19059K->718K(19136K), 0.0061750 secs] 49449K->31403K(260032K), 0.0063820 secs] [Times: user=0.00 sys=0.00, real=0.01 secs] 
2012-10-19T23:30:27.690+0100: 18103.673: [GC 18103.673: [DefNew: 17742K->954K(19136K), 0.0055260 secs] 48427K->31639K(260032K), 0.0056480 secs] [Times: user=0.00 sys=0.00, real=0.00 secs] 
2012-10-19T23:31:17.748+0100: 18153.731: [GC 18153.731: [DefNew: 17978K->697K(19136K), 0.0049680 secs] 48663K->31382K(260032K), 0.0050680 secs] [Times: user=0.00 sys=0.00, real=0.00 secs] 
2012-10-19T23:32:02.757+0100: 18198.740: [GC 18198.740: [DefNew: 17703K->1217K(19136K), 0.0059670 secs] 48388K->31902K(260032K), 0.0061110 secs] [Times: user=0.01 sys=0.00, real=0.01 secs] 
2012-10-19T23:32:47.684+0100: 18243.667: [GC 18243.667: [DefNew: 18241K->1598K(19136K), 0.0092620 secs] 48926K->32387K(260032K), 0.0094120 secs] [Times: user=0.01 sys=0.00, real=0.01 secs] 
2012-10-19T23:33:37.798+0100: 18293.781: [GC 18293.781: [DefNew: 18610K->571K(19136K), 0.0070660 secs] 49399K->31989K(260032K), 0.0071750 secs] [Times: user=0.00 sys=0.00, real=0.00 secs] 
2012-10-19T23:34:22.875+0100: 18338.858: [GC 18338.858: [DefNew: 17595K->956K(19136K), 0.0057100 secs] 49013K->32375K(260032K), 0.0058170 secs] [Times: user=0.01 sys=0.00, real=0.01 secs] 
2012-10-19T23:35:12.671+0100: 18388.653: [GC 18388.654: [DefNew: 17965K->728K(19136K), 0.0050710 secs] 49384K->32146K(260032K), 0.0051650 secs] [Times: user=0.01 sys=0.00, real=0.00 secs] 
2012-10-19T23:35:58.398+0100: 18434.381: [GC 18434.381: [DefNew: 17740K->1231K(19136K), 0.0065750 secs] 49158K->32649K(260032K), 0.0066790 secs] [Times: user=0.00 sys=0.01, real=0.00 secs] 
2012-10-19T23:36:47.922+0100: 18483.905: [GC 18483.905: [DefNew: 18255K->834K(19136K), 0.0064040 secs] 49673K->32454K(260032K), 0.0065140 secs] [Times: user=0.01 sys=0.00, real=0.01 secs] 
2012-10-19T23:37:37.847+0100: 18533.830: [GC 18533.831: [DefNew: 17858K->761K(19136K), 0.0054520 secs] 49478K->32381K(260032K), 0.0061810 secs] [Times: user=0.00 sys=0.00, real=0.00 secs] 
2012-10-19T23:38:22.838+0100: 18578.821: [GC 18578.821: [DefNew: 17785K->970K(19136K), 0.0056860 secs] 49405K->32590K(260032K), 0.0057910 secs] [Times: user=0.00 sys=0.00, real=0.00 secs] 
2012-10-19T23:39:12.777+0100: 18628.760: [GC 18628.760: [DefNew: 17985K->735K(19136K), 0.0050390 secs] 49605K->32356K(260032K), 0.0051350 secs] [Times: user=0.00 sys=0.00, real=0.01 secs] 
2012-10-19T23:39:58.319+0100: 18674.302: [GC 18674.302: [DefNew: 17759K->1344K(19136K), 0.0062070 secs] 49380K->32964K(260032K), 0.0063650 secs] [Times: user=0.01 sys=0.00, real=0.00 secs] 
2012-10-19T23:40:48.168+0100: 18724.151: [GC 18724.151: [DefNew: 18356K->556K(19136K), 0.0046060 secs] 49976K->32386K(260032K), 0.0046800 secs] [Times: user=0.01 sys=0.00, real=0.00 secs] 
2012-10-19T23:41:33.219+0100: 18769.202: [GC 18769.202: [DefNew: 17578K->1064K(19136K), 0.0057160 secs] 49408K->32894K(260032K), 0.0058240 secs] [Times: user=0.00 sys=0.00, real=0.00 secs] 
2012-10-19T23:42:22.794+0100: 18818.777: [GC 18818.777: [DefNew: 18075K->309K(19136K), 0.0047840 secs] 49905K->32202K(260032K), 0.0049010 secs] [Times: user=0.00 sys=0.00, real=0.01 secs] 
2012-10-19T23:43:08.063+0100: 18864.046: [GC 18864.046: [DefNew: 17333K->857K(19136K), 0.0055020 secs] 49226K->32749K(260032K), 0.0056120 secs] [Times: user=0.01 sys=0.00, real=0.01 secs] 
2012-10-19T23:43:52.832+0100: 18908.815: [GC 18908.815: [DefNew: 17879K->1118K(19136K), 0.0043720 secs] 49772K->33010K(260032K), 0.0044750 secs] [Times: user=0.00 sys=0.00, real=0.00 secs] 
2012-10-19T23:44:42.971+0100: 18958.954: [GC 18958.954: [DefNew: 18142K->855K(19136K), 0.0055700 secs] 50034K->32810K(260032K), 0.0056770 secs] [Times: user=0.00 sys=0.00, real=0.00 secs] 
2012-10-19T23:45:32.942+0100: 19008.925: [GC 19008.925: [DefNew: 17879K->598K(19136K), 0.0048190 secs] 49834K->32554K(260032K), 0.0049130 secs] [Times: user=0.00 sys=0.00, real=0.00 secs] 
2012-10-19T23:46:18.280+0100: 19054.263: [GC 19054.263: [DefNew: 17622K->1091K(19136K), 0.0057220 secs] 49578K->33046K(260032K), 0.0058260 secs] [Times: user=0.00 sys=0.00, real=0.00 secs] 
2012-10-19T23:47:08.250+0100: 19104.233: [GC 19104.233: [DefNew: 18084K->590K(19136K), 0.0061260 secs] 50040K->32608K(260032K), 0.0062230 secs] [Times: user=0.00 sys=0.00, real=0.00 secs] 
2012-10-19T23:47:58.104+0100: 19154.087: [GC 19154.087: [DefNew: 17614K->502K(19136K), 0.0051230 secs] 49632K->32519K(260032K), 0.0056850 secs] [Times: user=0.00 sys=0.00, real=0.01 secs] 
2012-10-19T23:48:44.250+0100: 19200.233: [GC 19200.233: [DefNew: 17526K->1156K(19136K), 0.0061960 secs] 49543K->33173K(260032K), 0.0062970 secs] [Times: user=0.00 sys=0.00, real=0.00 secs] 
2012-10-19T23:49:32.831+0100: 19248.814: [GC 19248.814: [DefNew: 18180K->815K(19136K), 0.0050560 secs] 50197K->32833K(260032K), 0.0051510 secs] [Times: user=0.00 sys=0.00, real=0.00 secs] 
2012-10-19T23:50:22.974+0100: 19298.957: [GC 19298.957: [DefNew: 17838K->591K(19136K), 0.0048480 secs] 49855K->32609K(260032K), 0.0049440 secs] [Times: user=0.01 sys=0.00, real=0.01 secs] 
2012-10-19T23:51:08.083+0100: 19344.066: [GC 19344.066: [DefNew: 17615K->867K(19136K), 0.0075000 secs] 49633K->32885K(260032K), 0.0076050 secs] [Times: user=0.00 sys=0.00, real=0.01 secs] 
2012-10-19T23:51:54.367+0100: 19390.350: [GC 19390.350: [DefNew: 17891K->1301K(19136K), 0.0062700 secs] 49909K->33319K(260032K), 0.0063720 secs] [Times: user=0.00 sys=0.00, real=0.01 secs] 
2012-10-19T23:52:42.837+0100: 19438.820: [GC 19438.820: [DefNew: 18320K->809K(19136K), 0.0060670 secs] 50338K->33027K(260032K), 0.0061680 secs] [Times: user=0.01 sys=0.00, real=0.01 secs] 
2012-10-19T23:53:32.858+0100: 19488.841: [GC 19488.841: [DefNew: 17829K->639K(19136K), 0.0048820 secs] 50047K->32857K(260032K), 0.0049900 secs] [Times: user=0.01 sys=0.00, real=0.00 secs] 
2012-10-19T23:54:17.799+0100: 19533.782: [GC 19533.782: [DefNew: 17650K->877K(19136K), 0.0073680 secs] 49868K->33095K(260032K), 0.0074740 secs] [Times: user=0.01 sys=0.00, real=0.00 secs] 
2012-10-19T23:55:07.815+0100: 19583.798: [GC 19583.798: [DefNew: 17901K->558K(19136K), 0.0051030 secs] 50119K->32776K(260032K), 0.0052040 secs] [Times: user=0.01 sys=0.00, real=0.01 secs] 
2012-10-19T23:55:54.451+0100: 19630.434: [GC 19630.434: [DefNew: 17582K->1067K(19136K), 0.0058340 secs] 49800K->33284K(260032K), 0.0059340 secs] [Times: user=0.01 sys=0.00, real=0.01 secs] 
2012-10-19T23:56:43.396+0100: 19679.379: [GC 19679.379: [DefNew: 18091K->968K(19136K), 0.0054350 secs] 50308K->33186K(260032K), 0.0055380 secs] [Times: user=0.00 sys=0.00, real=0.01 secs] 
2012-10-19T23:57:33.072+0100: 19729.055: [GC 19729.055: [DefNew: 17992K->466K(19136K), 0.0047680 secs] 50210K->32685K(260032K), 0.0048640 secs] [Times: user=0.00 sys=0.00, real=0.00 secs] 
2012-10-19T23:58:17.861+0100: 19773.844: [GC 19773.844: [DefNew: 17490K->972K(19136K), 0.0078740 secs] 49709K->33190K(260032K), 0.0079990 secs] [Times: user=0.00 sys=0.00, real=0.01 secs] 
2012-10-19T23:59:03.066+0100: 19819.049: [GC 19819.049: [DefNew: 17996K->876K(19136K), 0.0046220 secs] 50214K->33095K(260032K), 0.0047090 secs] [Times: user=0.00 sys=0.00, real=0.01 secs] 
2012-10-19T23:59:48.339+0100: 19864.322: [GC 19864.322: [DefNew: 17900K->1173K(19136K), 0.0060690 secs] 50119K->33391K(260032K), 0.0061820 secs] [Times: user=0.00 sys=0.01, real=0.00 secs] 
2012-10-20T00:00:37.873+0100: 19913.856: [GC 19913.856: [DefNew: 18178K->1221K(19136K), 0.0068930 secs] 50396K->33502K(260032K), 0.0070220 secs] [Times: user=0.00 sys=0.00, real=0.01 secs] 
2012-10-20T00:01:27.953+0100: 19963.936: [GC 19963.936: [DefNew: 18245K->403K(19136K), 0.0069490 secs] 50526K->32841K(260032K), 0.0070490 secs] [Times: user=0.00 sys=0.00, real=0.01 secs] 
2012-10-20T00:02:13.289+0100: 20009.271: [GC 20009.272: [DefNew: 17427K->1124K(19136K), 0.0059870 secs] 49865K->33562K(260032K), 0.0060870 secs] [Times: user=0.00 sys=0.00, real=0.00 secs] 
2012-10-20T00:03:03.281+0100: 20059.264: [GC 20059.264: [DefNew: 18146K->804K(19136K), 0.0056800 secs] 50585K->33242K(260032K), 0.0057790 secs] [Times: user=0.00 sys=0.00, real=0.00 secs] 
2012-10-20T00:03:48.311+0100: 20104.294: [GC 20104.294: [DefNew: 17806K->812K(19136K), 0.0053300 secs] 50245K->33251K(260032K), 0.0054360 secs] [Times: user=0.00 sys=0.01, real=0.00 secs] 
2012-10-20T00:04:33.467+0100: 20149.450: [GC 20149.450: [DefNew: 17836K->1527K(19136K), 0.0088310 secs] 50275K->33965K(260032K), 0.0089560 secs] [Times: user=0.01 sys=0.00, real=0.01 secs] 
2012-10-20T00:05:18.370+0100: 20194.353: [GC 20194.353: [DefNew: 18551K->944K(19136K), 0.0060610 secs] 50989K->33601K(260032K), 0.0061690 secs] [Times: user=0.00 sys=0.00, real=0.00 secs] 
2012-10-20T00:06:03.391+0100: 20239.374: [GC 20239.374: [DefNew: 17968K->1095K(19136K), 0.0061000 secs] 50625K->33752K(260032K), 0.0062040 secs] [Times: user=0.01 sys=0.00, real=0.00 secs] 
2012-10-20T00:06:53.743+0100: 20289.725: [GC 20289.726: [DefNew: 18119K->932K(19136K), 0.0066110 secs] 50776K->33683K(260032K), 0.0067340 secs] [Times: user=0.00 sys=0.00, real=0.01 secs] 
2012-10-20T00:07:43.225+0100: 20339.208: [GC 20339.208: [DefNew: 17956K->850K(19136K), 0.0104090 secs] 50707K->33601K(260032K), 0.0105280 secs] [Times: user=0.01 sys=0.00, real=0.01 secs] 
2012-10-20T00:08:28.556+0100: 20384.539: [GC 20384.539: [DefNew: 17851K->1095K(19136K), 0.0061700 secs] 50602K->33846K(260032K), 0.0062750 secs] [Times: user=0.00 sys=0.00, real=0.01 secs] 
2012-10-20T00:09:18.212+0100: 20434.195: [GC 20434.195: [DefNew: 18112K->751K(19136K), 0.0110720 secs] 50862K->33531K(260032K), 0.0112220 secs] [Times: user=0.00 sys=0.00, real=0.01 secs] 
2012-10-20T00:10:03.421+0100: 20479.404: [GC 20479.404: [DefNew: 17775K->1039K(19136K), 0.0058830 secs] 50555K->33819K(260032K), 0.0059900 secs] [Times: user=0.00 sys=0.00, real=0.00 secs] 
2012-10-20T00:10:53.159+0100: 20529.142: [GC 20529.143: [DefNew: 18063K->367K(19136K), 0.0043980 secs] 50843K->33148K(260032K), 0.0044920 secs] [Times: user=0.00 sys=0.00, real=0.00 secs] 
2012-10-20T00:11:38.320+0100: 20574.303: [GC 20574.303: [DefNew: 17391K->842K(19136K), 0.0065590 secs] 50172K->33623K(260032K), 0.0066790 secs] [Times: user=0.00 sys=0.00, real=0.00 secs] 
2012-10-20T00:12:23.806+0100: 20619.789: [GC 20619.789: [DefNew: 17866K->1097K(19136K), 0.0103410 secs] 50647K->33878K(260032K), 0.0104790 secs] [Times: user=0.00 sys=0.00, real=0.01 secs] 
2012-10-20T00:13:13.072+0100: 20669.055: [GC 20669.055: [DefNew: 18118K->918K(19136K), 0.0111200 secs] 50899K->33760K(260032K), 0.0112390 secs] [Times: user=0.00 sys=0.00, real=0.01 secs] 
2012-10-20T00:13:58.186+0100: 20714.169: [GC 20714.169: [DefNew: 17923K->1177K(19136K), 0.0063730 secs] 50766K->34019K(260032K), 0.0064830 secs] [Times: user=0.00 sys=0.00, real=0.01 secs] 
2012-10-20T00:14:48.040+0100: 20764.023: [GC 20764.023: [DefNew: 18201K->408K(19136K), 0.0053400 secs] 51043K->33323K(260032K), 0.0054370 secs] [Times: user=0.01 sys=0.00, real=0.00 secs] 
2012-10-20T00:15:32.994+0100: 20808.977: [GC 20808.977: [DefNew: 17432K->979K(19136K), 0.0060910 secs] 50347K->33895K(260032K), 0.0061990 secs] [Times: user=0.01 sys=0.00, real=0.01 secs] 
2012-10-20T00:16:23.140+0100: 20859.123: [GC 20859.123: [DefNew: 18003K->341K(19136K), 0.0050380 secs] 50919K->33256K(260032K), 0.0051310 secs] [Times: user=0.00 sys=0.00, real=0.00 secs] 
2012-10-20T00:17:08.835+0100: 20904.818: [GC 20904.818: [DefNew: 17365K->1106K(19136K), 0.0059060 secs] 50280K->34021K(260032K), 0.0060130 secs] [Times: user=0.01 sys=0.00, real=0.01 secs] 
2012-10-20T00:17:58.081+0100: 20954.064: [GC 20954.064: [DefNew: 18125K->380K(19136K), 0.0046250 secs] 51041K->33362K(260032K), 0.0047200 secs] [Times: user=0.00 sys=0.00, real=0.00 secs] 
2012-10-20T00:18:43.608+0100: 20999.590: [GC 20999.591: [DefNew: 17404K->1174K(19136K), 0.0057930 secs] 50386K->34155K(260032K), 0.0058920 secs] [Times: user=0.01 sys=0.00, real=0.00 secs] 
2012-10-20T00:19:33.062+0100: 21049.045: [GC 21049.045: [DefNew: 18167K->371K(19136K), 0.0069500 secs] 51149K->33427K(260032K), 0.0070510 secs] [Times: user=0.01 sys=0.00, real=0.01 secs] 
2012-10-20T00:20:18.151+0100: 21094.134: [GC 21094.134: [DefNew: 17395K->887K(19136K), 0.0054130 secs] 50451K->33942K(260032K), 0.0055100 secs] [Times: user=0.00 sys=0.00, real=0.00 secs] 
2012-10-20T00:21:03.590+0100: 21139.573: [GC 21139.573: [DefNew: 17904K->1221K(19136K), 0.0058430 secs] 50959K->34277K(260032K), 0.0059520 secs] [Times: user=0.00 sys=0.00, real=0.00 secs] 
2012-10-20T00:21:53.450+0100: 21189.433: [GC 21189.433: [DefNew: 18245K->1032K(19136K), 0.0072490 secs] 51301K->34152K(260032K), 0.0073630 secs] [Times: user=0.01 sys=0.00, real=0.00 secs] 
2012-10-20T00:22:43.456+0100: 21239.439: [GC 21239.439: [DefNew: 18056K->1040K(19136K), 0.0057750 secs] 51176K->34160K(260032K), 0.0059050 secs] [Times: user=0.01 sys=0.00, real=0.01 secs] 
2012-10-20T00:23:28.098+0100: 21284.081: [GC 21284.081: [DefNew: 18064K->1036K(19136K), 0.0058950 secs] 51184K->34156K(260032K), 0.0059950 secs] [Times: user=0.00 sys=0.00, real=0.00 secs] 
2012-10-20T00:24:15.870+0100: 21331.853: [GC 21331.853: [DefNew: 18060K->394K(19136K), 0.0044720 secs] 51180K->33514K(260032K), 0.0045670 secs] [Times: user=0.00 sys=0.00, real=0.00 secs] 
2012-10-20T00:25:01.480+0100: 21377.463: [GC 21377.463: [DefNew: 17418K->969K(19136K), 0.0055620 secs] 50538K->34090K(260032K), 0.0056650 secs] [Times: user=0.00 sys=0.00, real=0.00 secs] 
2012-10-20T00:25:48.144+0100: 21424.127: [GC 21424.127: [DefNew: 17962K->877K(19136K), 0.0054730 secs] 51082K->33997K(260032K), 0.0055800 secs] [Times: user=0.00 sys=0.00, real=0.01 secs] 
2012-10-20T00:26:38.034+0100: 21474.017: [GC 21474.017: [DefNew: 17878K->623K(19136K), 0.0051110 secs] 50999K->33743K(260032K), 0.0052120 secs] [Times: user=0.01 sys=0.00, real=0.01 secs] 
2012-10-20T00:27:23.993+0100: 21519.976: [GC 21519.976: [DefNew: 17647K->1162K(19136K), 0.0059600 secs] 50767K->34282K(260032K), 0.0060600 secs] [Times: user=0.00 sys=0.00, real=0.01 secs] 
2012-10-20T00:28:13.545+0100: 21569.528: [GC 21569.528: [DefNew: 18185K->976K(19136K), 0.0056690 secs] 51305K->34096K(260032K), 0.0057710 secs] [Times: user=0.00 sys=0.00, real=0.01 secs] 
2012-10-20T00:28:53.151+0100: 21609.134: [GC 21609.134: [DefNew: 18000K->1086K(19136K), 0.0062330 secs] 51120K->34207K(260032K), 0.0063340 secs] [Times: user=0.00 sys=0.00, real=0.00 secs] 
2012-10-20T00:29:18.249+0100: 21634.232: [GC 21634.232: [DefNew: 18110K->461K(19136K), 0.0050310 secs] 51231K->33706K(260032K), 0.0051310 secs] [Times: user=0.00 sys=0.00, real=0.00 secs] 
2012-10-20T00:30:03.546+0100: 21679.529: [GC 21679.529: [DefNew: 17485K->1142K(19136K), 0.0065740 secs] 50730K->34387K(260032K), 0.0066870 secs] [Times: user=0.01 sys=0.00, real=0.01 secs] 
2012-10-20T00:30:53.471+0100: 21729.454: [GC 21729.454: [DefNew: 18166K->986K(19136K), 0.0073750 secs] 51411K->34298K(260032K), 0.0075020 secs] [Times: user=0.02 sys=0.00, real=0.01 secs] 
2012-10-20T00:31:38.599+0100: 21774.582: [GC 21774.582: [DefNew: 18010K->1376K(19136K), 0.0065310 secs] 51322K->34688K(260032K), 0.0066440 secs] [Times: user=0.00 sys=0.00, real=0.00 secs] 
2012-10-20T00:32:29.903+0100: 21825.886: [GC 21825.887: [DefNew: 18400K->1036K(19136K), 0.0066990 secs] 51712K->34654K(260032K), 0.0068060 secs] [Times: user=0.00 sys=0.00, real=0.01 secs] 
2012-10-20T00:33:18.501+0100: 21874.484: [GC 21874.484: [DefNew: 18035K->920K(19136K), 0.0058950 secs] 51654K->34538K(260032K), 0.0059910 secs] [Times: user=0.00 sys=0.00, real=0.00 secs] 
2012-10-20T00:34:03.213+0100: 21919.196: [GC 21919.196: [DefNew: 17941K->1026K(19136K), 0.0063950 secs] 51559K->34644K(260032K), 0.0065060 secs] [Times: user=0.00 sys=0.00, real=0.01 secs] 
2012-10-20T00:34:53.421+0100: 21969.404: [GC 21969.404: [DefNew: 18050K->1026K(19136K), 0.0057190 secs] 51668K->34644K(260032K), 0.0058140 secs] [Times: user=0.00 sys=0.00, real=0.00 secs] 
2012-10-20T00:35:43.136+0100: 22019.119: [GC 22019.119: [DefNew: 18050K->764K(19136K), 0.0095120 secs] 51668K->34392K(260032K), 0.0096240 secs] [Times: user=0.01 sys=0.00, real=0.01 secs] 
2012-10-20T00:36:28.177+0100: 22064.160: [GC 22064.160: [DefNew: 17788K->1217K(19136K), 0.0156390 secs] 51416K->34845K(260032K), 0.0157680 secs] [Times: user=0.01 sys=0.00, real=0.02 secs] 
2012-10-20T00:37:18.214+0100: 22114.197: [GC 22114.197: [DefNew: 18237K->463K(19136K), 0.0068910 secs] 51864K->34551K(260032K), 0.0077910 secs] [Times: user=0.00 sys=0.00, real=0.01 secs] 
2012-10-20T00:38:03.675+0100: 22159.658: [GC 22159.658: [DefNew: 17487K->1256K(19136K), 0.0061420 secs] 51575K->35344K(260032K), 0.0062450 secs] [Times: user=0.01 sys=0.00, real=0.01 secs] 
2012-10-20T00:38:53.248+0100: 22209.231: [GC 22209.231: [DefNew: 18265K->725K(19136K), 0.0040140 secs] 52353K->34877K(260032K), 0.0040900 secs] [Times: user=0.00 sys=0.00, real=0.00 secs] 
2012-10-20T00:39:38.250+0100: 22254.233: [GC 22254.233: [DefNew: 17749K->1095K(19136K), 0.0127890 secs] 51901K->35246K(260032K), 0.0129130 secs] [Times: user=0.00 sys=0.00, real=0.01 secs] 
2012-10-20T00:40:23.579+0100: 22299.562: [GC 22299.562: [DefNew: 18119K->1110K(19136K), 0.0061330 secs] 52270K->35336K(260032K), 0.0062330 secs] [Times: user=0.00 sys=0.00, real=0.00 secs] 
2012-10-20T00:41:13.693+0100: 22349.676: [GC 22349.676: [DefNew: 18134K->934K(19136K), 0.0060330 secs] 52360K->35233K(260032K), 0.0061420 secs] [Times: user=0.01 sys=0.00, real=0.01 secs] 
2012-10-20T00:42:03.280+0100: 22399.263: [GC 22399.263: [DefNew: 17958K->596K(19136K), 0.0049490 secs] 52257K->34896K(260032K), 0.0050410 secs] [Times: user=0.01 sys=0.00, real=0.00 secs] 
2012-10-20T00:42:53.578+0100: 22449.561: [GC 22449.561: [DefNew: 17604K->525K(19136K), 0.0047620 secs] 51903K->34825K(260032K), 0.0048700 secs] [Times: user=0.00 sys=0.00, real=0.00 secs] 
2012-10-20T00:43:38.282+0100: 22494.265: [GC 22494.265: [DefNew: 17537K->909K(19136K), 0.0067200 secs] 51837K->35208K(260032K), 0.0068390 secs] [Times: user=0.00 sys=0.00, real=0.01 secs] 
2012-10-20T00:44:23.761+0100: 22539.744: [GC 22539.744: [DefNew: 17906K->1161K(19136K), 0.0141630 secs] 52205K->35461K(260032K), 0.0142930 secs] [Times: user=0.00 sys=0.01, real=0.01 secs] 
2012-10-20T00:45:13.357+0100: 22589.340: [GC 22589.340: [DefNew: 18182K->501K(19136K), 0.0051410 secs] 52482K->34894K(260032K), 0.0052420 secs] [Times: user=0.01 sys=0.00, real=0.01 secs] 
2012-10-20T00:45:58.697+0100: 22634.680: [GC 22634.680: [DefNew: 17511K->1035K(19136K), 0.0070680 secs] 51904K->35428K(260032K), 0.0071970 secs] [Times: user=0.00 sys=0.00, real=0.01 secs] 
2012-10-20T00:46:48.518+0100: 22684.501: [GC 22684.501: [DefNew: 18059K->827K(19136K), 0.0055140 secs] 52452K->35220K(260032K), 0.0056140 secs] [Times: user=0.00 sys=0.00, real=0.00 secs] 
2012-10-20T00:47:38.108+0100: 22734.091: [GC 22734.091: [DefNew: 17843K->466K(19136K), 0.0067800 secs] 52236K->34859K(260032K), 0.0069500 secs] [Times: user=0.00 sys=0.00, real=0.00 secs] 
2012-10-20T00:48:23.787+0100: 22779.770: [GC 22779.771: [DefNew: 17490K->1417K(19136K), 0.0067530 secs] 51883K->35810K(260032K), 0.0068740 secs] [Times: user=0.00 sys=0.00, real=0.00 secs] 
2012-10-20T00:49:13.513+0100: 22829.496: [GC 22829.496: [DefNew: 18441K->626K(19136K), 0.0056300 secs] 52834K->35207K(260032K), 0.0057290 secs] [Times: user=0.01 sys=0.00, real=0.01 secs] 
2012-10-20T00:49:58.617+0100: 22874.600: [GC 22874.600: [DefNew: 17639K->1000K(19136K), 0.0072760 secs] 52220K->35581K(260032K), 0.0073970 secs] [Times: user=0.00 sys=0.00, real=0.01 secs] 
2012-10-20T00:50:48.543+0100: 22924.526: [GC 22924.526: [DefNew: 18024K->970K(19136K), 0.0055220 secs] 52605K->35551K(260032K), 0.0056230 secs] [Times: user=0.01 sys=0.00, real=0.01 secs] 
2012-10-20T00:51:33.348+0100: 22969.331: [GC 22969.331: [DefNew: 17994K->990K(19136K), 0.0057060 secs] 52575K->35571K(260032K), 0.0058410 secs] [Times: user=0.00 sys=0.00, real=0.00 secs] 
2012-10-20T00:52:18.738+0100: 23014.721: [GC 23014.721: [DefNew: 18014K->1244K(19136K), 0.0063890 secs] 52595K->35825K(260032K), 0.0064850 secs] [Times: user=0.00 sys=0.01, real=0.00 secs] 
2012-10-20T00:53:08.772+0100: 23064.755: [GC 23064.755: [DefNew: 18256K->936K(19136K), 0.0106280 secs] 52837K->35729K(260032K), 0.0107540 secs] [Times: user=0.00 sys=0.00, real=0.01 secs] 
2012-10-20T00:53:56.298+0100: 23112.281: [GC 23112.281: [DefNew: 17960K->813K(19136K), 0.0052760 secs] 52753K->35605K(260032K), 0.0053690 secs] [Times: user=0.01 sys=0.00, real=0.00 secs] 
2012-10-20T00:54:43.810+0100: 23159.793: [GC 23159.793: [DefNew: 17826K->939K(19136K), 0.0056000 secs] 52619K->35732K(260032K), 0.0057010 secs] [Times: user=0.00 sys=0.00, real=0.00 secs] 
2012-10-20T00:55:33.279+0100: 23209.262: [GC 23209.262: [DefNew: 17963K->717K(19136K), 0.0050210 secs] 52756K->35510K(260032K), 0.0051190 secs] [Times: user=0.01 sys=0.00, real=0.00 secs] 
2012-10-20T00:56:18.779+0100: 23254.762: [GC 23254.763: [DefNew: 17741K->1135K(19136K), 0.0057570 secs] 52534K->35927K(260032K), 0.0058870 secs] [Times: user=0.00 sys=0.00, real=0.00 secs] 
2012-10-20T00:57:08.122+0100: 23304.105: [GC 23304.105: [DefNew: 18159K->361K(19136K), 0.0046280 secs] 52951K->35183K(260032K), 0.0048030 secs] [Times: user=0.00 sys=0.00, real=0.00 secs] 
2012-10-20T00:57:53.836+0100: 23349.819: [GC 23349.819: [DefNew: 17385K->1156K(19136K), 0.0059760 secs] 52207K->35978K(260032K), 0.0060760 secs] [Times: user=0.01 sys=0.00, real=0.01 secs] 
2012-10-20T00:58:43.462+0100: 23399.445: [GC 23399.445: [DefNew: 18180K->910K(19136K), 0.0079140 secs] 53002K->35763K(260032K), 0.0080230 secs] [Times: user=0.01 sys=0.00, real=0.01 secs] 
2012-10-20T00:59:28.716+0100: 23444.699: [GC 23444.699: [DefNew: 17934K->1098K(19136K), 0.0057990 secs] 52787K->35950K(260032K), 0.0059060 secs] [Times: user=0.01 sys=0.00, real=0.01 secs] 
2012-10-20T01:00:13.759+0100: 23489.742: [GC 23489.742: [DefNew: 18116K->1391K(19136K), 0.0070750 secs] 52969K->36371K(260032K), 0.0071910 secs] [Times: user=0.00 sys=0.00, real=0.00 secs] 
2012-10-20T01:01:03.405+0100: 23539.388: [GC 23539.388: [DefNew: 18415K->727K(19136K), 0.0114320 secs] 53395K->35998K(260032K), 0.0115550 secs] [Times: user=0.01 sys=0.00, real=0.01 secs] 
2012-10-20T01:01:53.324+0100: 23589.307: [GC 23589.307: [DefNew: 17751K->473K(19136K), 0.0046810 secs] 53022K->35745K(260032K), 0.0047780 secs] [Times: user=0.01 sys=0.00, real=0.01 secs] 
2012-10-20T01:02:39.090+0100: 23635.073: [GC 23635.073: [DefNew: 17497K->1005K(19136K), 0.0056280 secs] 52769K->36277K(260032K), 0.0057390 secs] [Times: user=0.00 sys=0.00, real=0.00 secs] 
2012-10-20T01:03:28.403+0100: 23684.386: [GC 23684.386: [DefNew: 18005K->342K(19136K), 0.0043890 secs] 53277K->35613K(260032K), 0.0044860 secs] [Times: user=0.01 sys=0.00, real=0.01 secs] 
2012-10-20T01:04:13.739+0100: 23729.722: [GC 23729.722: [DefNew: 17366K->921K(19136K), 0.0054680 secs] 52637K->36196K(260032K), 0.0055650 secs] [Times: user=0.01 sys=0.00, real=0.00 secs] 
2012-10-20T01:05:01.397+0100: 23777.380: [GC 23777.380: [DefNew: 17939K->404K(19136K), 0.0047130 secs] 53215K->35679K(260032K), 0.0048210 secs] [Times: user=0.00 sys=0.00, real=0.01 secs] 
2012-10-20T01:05:48.475+0100: 23824.458: [GC 23824.458: [DefNew: 17428K->465K(19136K), 0.0049090 secs] 52703K->35741K(260032K), 0.0050470 secs] [Times: user=0.01 sys=0.00, real=0.01 secs] 
2012-10-20T01:06:38.479+0100: 23874.462: [GC 23874.462: [DefNew: 17487K->415K(19136K), 0.0047550 secs] 52763K->35690K(260032K), 0.0048560 secs] [Times: user=0.00 sys=0.00, real=0.00 secs] 
2012-10-20T01:07:23.737+0100: 23919.720: [GC 23919.720: [DefNew: 17438K->1030K(19136K), 0.0058010 secs] 52714K->36306K(260032K), 0.0059080 secs] [Times: user=0.01 sys=0.00, real=0.01 secs] 
2012-10-20T01:08:08.883+0100: 23964.866: [GC 23964.866: [DefNew: 18054K->1254K(19136K), 0.0044630 secs] 53330K->36529K(260032K), 0.0045740 secs] [Times: user=0.02 sys=0.00, real=0.01 secs] 
2012-10-20T01:08:58.472+0100: 24014.455: [GC 24014.455: [DefNew: 18264K->938K(19136K), 0.0061360 secs] 53539K->36243K(260032K), 0.0062450 secs] [Times: user=0.00 sys=0.00, real=0.01 secs] 
2012-10-20T01:09:48.887+0100: 24064.870: [GC 24064.870: [DefNew: 17962K->467K(19136K), 0.0048950 secs] 53267K->35772K(260032K), 0.0054130 secs] [Times: user=0.00 sys=0.01, real=0.01 secs] 
2012-10-20T01:10:33.650+0100: 24109.633: [GC 24109.633: [DefNew: 17477K->935K(19136K), 0.0059530 secs] 52782K->36240K(260032K), 0.0060570 secs] [Times: user=0.00 sys=0.01, real=0.00 secs] 
2012-10-20T01:11:18.888+0100: 24154.871: [GC 24154.871: [DefNew: 17959K->1127K(19136K), 0.0063280 secs] 53264K->36432K(260032K), 0.0064270 secs] [Times: user=0.00 sys=0.01, real=0.00 secs] 
2012-10-20T01:12:09.047+0100: 24205.029: [GC 24205.030: [DefNew: 18144K->1159K(19136K), 0.0067780 secs] 53450K->36528K(260032K), 0.0068830 secs] [Times: user=0.01 sys=0.00, real=0.01 secs] 
2012-10-20T01:12:53.860+0100: 24249.843: [GC 24249.844: [DefNew: 18183K->839K(19136K), 0.0103840 secs] 53552K->36366K(260032K), 0.0105100 secs] [Times: user=0.00 sys=0.00, real=0.01 secs] 
2012-10-20T01:13:43.735+0100: 24299.718: [GC 24299.718: [DefNew: 17854K->623K(19136K), 0.0052230 secs] 53381K->36150K(260032K), 0.0053230 secs] [Times: user=0.01 sys=0.00, real=0.01 secs] 
2012-10-20T01:14:28.493+0100: 24344.476: [GC 24344.476: [DefNew: 17634K->813K(19136K), 0.0072350 secs] 53161K->36340K(260032K), 0.0073640 secs] [Times: user=0.00 sys=0.00, real=0.01 secs] 
2012-10-20T01:15:13.901+0100: 24389.884: [GC 24389.884: [DefNew: 17812K->1282K(19136K), 0.0066400 secs] 53339K->36808K(260032K), 0.0067560 secs] [Times: user=0.01 sys=0.00, real=0.01 secs] 
2012-10-20T01:16:03.528+0100: 24439.511: [GC 24439.511: [DefNew: 18287K->560K(19136K), 0.0062200 secs] 53814K->36244K(260032K), 0.0063230 secs] [Times: user=0.00 sys=0.00, real=0.00 secs] 
2012-10-20T01:16:48.498+0100: 24484.481: [GC 24484.481: [DefNew: 17554K->716K(19136K), 0.0069250 secs] 53238K->36400K(260032K), 0.0070340 secs] [Times: user=0.01 sys=0.00, real=0.00 secs] 
2012-10-20T01:17:33.671+0100: 24529.654: [GC 24529.654: [DefNew: 17740K->1005K(19136K), 0.0055060 secs] 53424K->36689K(260032K), 0.0056040 secs] [Times: user=0.00 sys=0.00, real=0.00 secs] 
2012-10-20T01:18:23.494+0100: 24579.477: [GC 24579.477: [DefNew: 18029K->900K(19136K), 0.0054600 secs] 53713K->36584K(260032K), 0.0055590 secs] [Times: user=0.01 sys=0.00, real=0.01 secs] 
2012-10-20T01:19:09.062+0100: 24625.045: [GC 24625.045: [DefNew: 17924K->1105K(19136K), 0.0050060 secs] 53608K->36789K(260032K), 0.0051010 secs] [Times: user=0.01 sys=0.00, real=0.01 secs] 
2012-10-20T01:19:58.892+0100: 24674.875: [GC 24674.875: [DefNew: 18104K->527K(19136K), 0.0052640 secs] 53788K->36316K(260032K), 0.0053620 secs] [Times: user=0.01 sys=0.00, real=0.01 secs] 
2012-10-20T01:20:43.619+0100: 24719.602: [GC 24719.602: [DefNew: 17551K->953K(19136K), 0.0064300 secs] 53340K->36741K(260032K), 0.0065320 secs] [Times: user=0.00 sys=0.01, real=0.00 secs] 
2012-10-20T01:21:28.928+0100: 24764.911: [GC 24764.911: [DefNew: 17977K->1168K(19136K), 0.0058970 secs] 53765K->36956K(260032K), 0.0060010 secs] [Times: user=0.01 sys=0.00, real=0.00 secs] 
2012-10-20T01:22:18.580+0100: 24814.563: [GC 24814.563: [DefNew: 18180K->533K(19136K), 0.0056910 secs] 53968K->36549K(260032K), 0.0057880 secs] [Times: user=0.00 sys=0.01, real=0.00 secs] 
2012-10-20T01:23:03.940+0100: 24859.923: [GC 24859.923: [DefNew: 17528K->1002K(19136K), 0.0056990 secs] 53544K->37018K(260032K), 0.0058040 secs] [Times: user=0.00 sys=0.00, real=0.00 secs] 
2012-10-20T01:23:53.670+0100: 24909.653: [GC 24909.653: [DefNew: 18006K->749K(19136K), 0.0051560 secs] 54022K->36765K(260032K), 0.0052520 secs] [Times: user=0.00 sys=0.00, real=0.00 secs] 
2012-10-20T01:24:44.301+0100: 24960.284: [GC 24960.285: [DefNew: 17773K->407K(19136K), 0.0046780 secs] 53789K->36423K(260032K), 0.0048310 secs] [Times: user=0.00 sys=0.00, real=0.00 secs] 
2012-10-20T01:25:29.790+0100: 25005.773: [GC 25005.773: [DefNew: 17431K->727K(19136K), 0.0050490 secs] 53447K->36743K(260032K), 0.0051490 secs] [Times: user=0.00 sys=0.00, real=0.00 secs] 
2012-10-20T01:26:18.733+0100: 25054.716: [GC 25054.716: [DefNew: 17721K->590K(19136K), 0.0052170 secs] 53738K->36607K(260032K), 0.0053490 secs] [Times: user=0.01 sys=0.00, real=0.01 secs] 
2012-10-20T01:27:04.042+0100: 25100.025: [GC 25100.025: [DefNew: 17612K->1116K(19136K), 0.0066130 secs] 53629K->37132K(260032K), 0.0067260 secs] [Times: user=0.01 sys=0.00, real=0.01 secs] 
2012-10-20T01:27:49.397+0100: 25145.380: [GC 25145.380: [DefNew: 18140K->1122K(19136K), 0.0058790 secs] 54156K->37169K(260032K), 0.0059800 secs] [Times: user=0.00 sys=0.00, real=0.01 secs] 
2012-10-20T01:28:38.965+0100: 25194.948: [GC 25194.948: [DefNew: 18132K->1032K(19136K), 0.0061210 secs] 54179K->37142K(260032K), 0.0062190 secs] [Times: user=0.01 sys=0.00, real=0.01 secs] 
2012-10-20T01:28:59.425+0100: 25215.408: [GC 25215.408: [DefNew: 18056K->1842K(19136K), 0.0073340 secs] 54166K->37951K(260032K), 0.0074480 secs] [Times: user=0.01 sys=0.00, real=0.01 secs] 
2012-10-20T01:29:43.669+0100: 25259.652: [GC 25259.652: [DefNew: 18866K->725K(19136K), 0.0093290 secs] 54975K->37008K(260032K), 0.0094680 secs] [Times: user=0.00 sys=0.00, real=0.01 secs] 
2012-10-20T01:30:28.605+0100: 25304.588: [GC 25304.588: [DefNew: 17749K->885K(19136K), 0.0054980 secs] 54032K->37167K(260032K), 0.0056020 secs] [Times: user=0.01 sys=0.00, real=0.01 secs] 
2012-10-20T01:31:18.672+0100: 25354.655: [GC 25354.655: [DefNew: 17909K->748K(19136K), 0.0051900 secs] 54191K->37031K(260032K), 0.0055620 secs] [Times: user=0.00 sys=0.01, real=0.00 secs] 
2012-10-20T01:32:03.865+0100: 25399.848: [GC 25399.848: [DefNew: 17742K->728K(19136K), 0.0053620 secs] 54024K->37011K(260032K), 0.0054650 secs] [Times: user=0.01 sys=0.00, real=0.01 secs] 
2012-10-20T01:32:48.819+0100: 25444.802: [GC 25444.802: [DefNew: 17752K->864K(19136K), 0.0054540 secs] 54035K->37146K(260032K), 0.0055570 secs] [Times: user=0.01 sys=0.00, real=0.00 secs] 
2012-10-20T01:33:34.095+0100: 25490.078: [GC 25490.078: [DefNew: 17888K->1246K(19136K), 0.0060150 secs] 54170K->37529K(260032K), 0.0061220 secs] [Times: user=0.00 sys=0.00, real=0.01 secs] 
2012-10-20T01:34:19.351+0100: 25535.334: [GC 25535.334: [DefNew: 18270K->1134K(19136K), 0.0069340 secs] 54553K->37656K(260032K), 0.0070430 secs] [Times: user=0.00 sys=0.00, real=0.01 secs] 
2012-10-20T01:35:08.682+0100: 25584.665: [GC 25584.665: [DefNew: 18138K->403K(19136K), 0.0053560 secs] 54660K->37187K(260032K), 0.0054620 secs] [Times: user=0.01 sys=0.00, real=0.01 secs] 
2012-10-20T01:35:58.045+0100: 25634.028: [GC 25634.028: [DefNew: 17424K->522K(19136K), 0.0046740 secs] 54208K->37305K(260032K), 0.0047680 secs] [Times: user=0.01 sys=0.00, real=0.01 secs] 
2012-10-20T01:36:43.803+0100: 25679.786: [GC 25679.786: [DefNew: 17546K->1102K(19136K), 0.0058010 secs] 54329K->37885K(260032K), 0.0059060 secs] [Times: user=0.01 sys=0.00, real=0.01 secs] 
2012-10-20T01:37:29.007+0100: 25724.990: [GC 25724.990: [DefNew: 18126K->1200K(19136K), 0.0078140 secs] 54909K->38426K(260032K), 0.0079180 secs] [Times: user=0.00 sys=0.01, real=0.00 secs] 
2012-10-20T01:38:18.666+0100: 25774.649: [GC 25774.649: [DefNew: 18221K->816K(19136K), 0.0078120 secs] 55447K->38074K(260032K), 0.0079330 secs] [Times: user=0.01 sys=0.00, real=0.01 secs] 
2012-10-20T01:39:08.799+0100: 25824.782: [GC 25824.782: [DefNew: 17816K->342K(19136K), 0.0043410 secs] 55074K->37600K(260032K), 0.0044390 secs] [Times: user=0.01 sys=0.00, real=0.00 secs] 
2012-10-20T01:39:53.853+0100: 25869.836: [GC 25869.836: [DefNew: 17366K->1015K(19136K), 0.0077170 secs] 54624K->38273K(260032K), 0.0078480 secs] [Times: user=0.01 sys=0.00, real=0.01 secs] 
2012-10-20T01:40:43.733+0100: 25919.716: [GC 25919.716: [DefNew: 18039K->797K(19136K), 0.0066050 secs] 55297K->38054K(260032K), 0.0066710 secs] [Times: user=0.01 sys=0.00, real=0.01 secs] 
2012-10-20T01:41:28.706+0100: 25964.689: [GC 25964.689: [DefNew: 17821K->1201K(19136K), 0.0042990 secs] 55078K->38458K(260032K), 0.0043940 secs] [Times: user=0.01 sys=0.00, real=0.01 secs] 
2012-10-20T01:42:18.820+0100: 26014.803: [GC 26014.803: [DefNew: 18225K->965K(19136K), 0.0081670 secs] 55482K->38297K(260032K), 0.0083050 secs] [Times: user=0.00 sys=0.00, real=0.01 secs] 
2012-10-20T01:43:04.152+0100: 26060.135: [GC 26060.135: [DefNew: 17989K->1094K(19136K), 0.0041610 secs] 55321K->38426K(260032K), 0.0042670 secs] [Times: user=0.01 sys=0.00, real=0.00 secs] 
2012-10-20T01:43:53.923+0100: 26109.906: [GC 26109.906: [DefNew: 18116K->775K(19136K), 0.0036820 secs] 55448K->38137K(260032K), 0.0037520 secs] [Times: user=0.00 sys=0.00, real=0.00 secs] 
2012-10-20T01:44:43.959+0100: 26159.942: [GC 26159.942: [DefNew: 17799K->361K(19136K), 0.0045200 secs] 55161K->37723K(260032K), 0.0046470 secs] [Times: user=0.00 sys=0.00, real=0.00 secs] 
2012-10-20T01:45:28.832+0100: 26204.815: [GC 26204.815: [DefNew: 17385K->904K(19136K), 0.0055720 secs] 54747K->38266K(260032K), 0.0057450 secs] [Times: user=0.01 sys=0.00, real=0.01 secs] 
2012-10-20T01:46:13.930+0100: 26249.913: [GC 26249.913: [DefNew: 17926K->844K(19136K), 0.0053070 secs] 55288K->38205K(260032K), 0.0054920 secs] [Times: user=0.00 sys=0.00, real=0.00 secs] 
2012-10-20T01:47:04.079+0100: 26300.062: [GC 26300.063: [DefNew: 17868K->846K(19136K), 0.0053140 secs] 55229K->38207K(260032K), 0.0054330 secs] [Times: user=0.00 sys=0.00, real=0.00 secs] 
2012-10-20T01:47:49.308+0100: 26345.291: [GC 26345.291: [DefNew: 17841K->905K(19136K), 0.0055190 secs] 55203K->38267K(260032K), 0.0056370 secs] [Times: user=0.00 sys=0.00, real=0.00 secs] 
2012-10-20T01:48:34.366+0100: 26390.349: [GC 26390.349: [DefNew: 17917K->1122K(19136K), 0.0056300 secs] 55278K->38484K(260032K), 0.0057280 secs] [Times: user=0.00 sys=0.00, real=0.01 secs] 
2012-10-20T01:49:23.856+0100: 26439.839: [GC 26439.839: [DefNew: 18146K->940K(19136K), 0.0055180 secs] 55508K->38302K(260032K), 0.0056180 secs] [Times: user=0.00 sys=0.00, real=0.01 secs] 
2012-10-20T01:50:08.914+0100: 26484.897: [GC 26484.897: [DefNew: 17934K->907K(19136K), 0.0055480 secs] 55296K->38269K(260032K), 0.0056500 secs] [Times: user=0.00 sys=0.00, real=0.01 secs] 
2012-10-20T01:50:58.742+0100: 26534.725: [GC 26534.725: [DefNew: 17931K->988K(19136K), 0.0057530 secs] 55293K->38350K(260032K), 0.0058580 secs] [Times: user=0.01 sys=0.00, real=0.01 secs] 
2012-10-20T01:51:48.832+0100: 26584.815: [GC 26584.815: [DefNew: 17987K->536K(19136K), 0.0065960 secs] 55349K->37898K(260032K), 0.0067020 secs] [Times: user=0.00 sys=0.00, real=0.01 secs] 
2012-10-20T01:52:34.172+0100: 26630.155: [GC 26630.155: [DefNew: 17560K->1268K(19136K), 0.0089320 secs] 54922K->38630K(260032K), 0.0090720 secs] [Times: user=0.01 sys=0.00, real=0.01 secs] 
2012-10-20T01:53:18.816+0100: 26674.799: [GC 26674.799: [DefNew: 18292K->1013K(19136K), 0.0070060 secs] 55654K->38679K(260032K), 0.0071120 secs] [Times: user=0.00 sys=0.00, real=0.01 secs] 
2012-10-20T01:54:09.178+0100: 26725.161: [GC 26725.161: [DefNew: 18037K->875K(19136K), 0.0053340 secs] 55703K->38541K(260032K), 0.0054280 secs] [Times: user=0.00 sys=0.00, real=0.00 secs] 
2012-10-20T01:54:58.785+0100: 26774.768: [GC 26774.768: [DefNew: 17899K->561K(19136K), 0.0048970 secs] 55565K->38227K(260032K), 0.0049950 secs] [Times: user=0.01 sys=0.00, real=0.01 secs] 
2012-10-20T01:55:44.152+0100: 26820.135: [GC 26820.135: [DefNew: 17585K->878K(19136K), 0.0077420 secs] 55251K->38544K(260032K), 0.0079470 secs] [Times: user=0.01 sys=0.00, real=0.01 secs] 
2012-10-20T01:56:29.280+0100: 26865.263: [GC 26865.263: [DefNew: 17902K->1160K(19136K), 0.0058540 secs] 55568K->38826K(260032K), 0.0059600 secs] [Times: user=0.00 sys=0.00, real=0.00 secs] 
2012-10-20T01:57:19.106+0100: 26915.089: [GC 26915.089: [DefNew: 18184K->347K(19136K), 0.0047580 secs] 55850K->38105K(260032K), 0.0048560 secs] [Times: user=0.01 sys=0.00, real=0.01 secs] 
2012-10-20T01:57:59.304+0100: 26955.287: [GC 26955.287: [DefNew: 17371K->1131K(19136K), 0.0062820 secs] 55129K->38889K(260032K), 0.0068690 secs] [Times: user=0.00 sys=0.00, real=0.01 secs] 
2012-10-20T01:58:49.013+0100: 27004.996: [GC 27004.996: [DefNew: 18149K->592K(19136K), 0.0036850 secs] 55907K->38475K(260032K), 0.0037760 secs] [Times: user=0.00 sys=0.00, real=0.00 secs] 
2012-10-20T01:59:34.190+0100: 27050.173: [GC 27050.173: [DefNew: 17616K->1158K(19136K), 0.0062070 secs] 55499K->39040K(260032K), 0.0063100 secs] [Times: user=0.00 sys=0.00, real=0.00 secs] 
2012-10-20T02:00:23.893+0100: 27099.876: [GC 27099.876: [DefNew: 18182K->694K(19136K), 0.0052230 secs] 56064K->38671K(260032K), 0.0053220 secs] [Times: user=0.00 sys=0.00, real=0.01 secs] 
2012-10-20T02:01:09.371+0100: 27145.354: [GC 27145.354: [DefNew: 17718K->1418K(19136K), 0.0067740 secs] 55695K->39395K(260032K), 0.0069000 secs] [Times: user=0.01 sys=0.00, real=0.01 secs] 
2012-10-20T02:01:57.545+0100: 27193.528: [GC 27193.528: [DefNew: 18442K->561K(19136K), 0.0045270 secs] 56419K->39021K(260032K), 0.0046010 secs] [Times: user=0.01 sys=0.00, real=0.01 secs] 
2012-10-20T02:02:44.290+0100: 27240.273: [GC 27240.273: [DefNew: 17585K->1133K(19136K), 0.0058470 secs] 56045K->39593K(260032K), 0.0059460 secs] [Times: user=0.00 sys=0.00, real=0.00 secs] 
2012-10-20T02:03:34.092+0100: 27290.075: [GC 27290.075: [DefNew: 18156K->527K(19136K), 0.0048000 secs] 56616K->38987K(260032K), 0.0048980 secs] [Times: user=0.00 sys=0.00, real=0.00 secs] 
2012-10-20T02:04:19.309+0100: 27335.292: [GC 27335.292: [DefNew: 17551K->1069K(19136K), 0.0065350 secs] 56011K->39529K(260032K), 0.0066740 secs] [Times: user=0.01 sys=0.00, real=0.00 secs] 
2012-10-20T02:05:04.114+0100: 27380.097: [GC 27380.098: [DefNew: 18093K->1099K(19136K), 0.0057770 secs] 56553K->39559K(260032K), 0.0065600 secs] [Times: user=0.00 sys=0.00, real=0.01 secs] 
2012-10-20T02:05:54.242+0100: 27430.225: [GC 27430.225: [DefNew: 18123K->1058K(19136K), 0.0068110 secs] 56583K->39584K(260032K), 0.0069160 secs] [Times: user=0.01 sys=0.00, real=0.01 secs] 
2012-10-20T02:06:43.882+0100: 27479.865: [GC 27479.865: [DefNew: 18082K->587K(19136K), 0.0051610 secs] 56608K->39238K(260032K), 0.0052580 secs] [Times: user=0.00 sys=0.00, real=0.00 secs] 
2012-10-20T02:07:34.095+0100: 27530.078: [GC 27530.078: [DefNew: 17610K->657K(19136K), 0.0048350 secs] 56260K->39308K(260032K), 0.0049380 secs] [Times: user=0.01 sys=0.00, real=0.01 secs] 
2012-10-20T02:08:18.903+0100: 27574.886: [GC 27574.886: [DefNew: 17679K->909K(19136K), 0.0056930 secs] 56330K->39560K(260032K), 0.0057990 secs] [Times: user=0.00 sys=0.00, real=0.01 secs] 
2012-10-20T02:09:03.940+0100: 27619.923: [GC 27619.923: [DefNew: 17919K->904K(19136K), 0.0053540 secs] 56570K->39555K(260032K), 0.0054520 secs] [Times: user=0.00 sys=0.00, real=0.00 secs] 
2012-10-20T02:09:48.940+0100: 27664.923: [GC 27664.923: [DefNew: 17928K->943K(19136K), 0.0056110 secs] 56579K->39623K(260032K), 0.0057090 secs] [Times: user=0.01 sys=0.00, real=0.00 secs] 
2012-10-20T02:10:34.172+0100: 27710.154: [GC 27710.155: [DefNew: 17967K->1229K(19136K), 0.0065410 secs] 56647K->39910K(260032K), 0.0066570 secs] [Times: user=0.00 sys=0.00, real=0.01 secs] 
2012-10-20T02:11:24.251+0100: 27760.234: [GC 27760.234: [DefNew: 18242K->402K(19136K), 0.0057890 secs] 56922K->39249K(260032K), 0.0058830 secs] [Times: user=0.01 sys=0.00, real=0.00 secs] 
2012-10-20T02:12:09.310+0100: 27805.293: [GC 27805.294: [DefNew: 17426K->1035K(19136K), 0.0075320 secs] 56273K->39883K(260032K), 0.0076480 secs] [Times: user=0.01 sys=0.00, real=0.01 secs] 
2012-10-20T02:12:59.010+0100: 27854.993: [GC 27854.993: [DefNew: 18057K->464K(19136K), 0.0058690 secs] 56904K->39312K(260032K), 0.0059610 secs] [Times: user=0.00 sys=0.00, real=0.00 secs] 
2012-10-20T02:13:49.019+0100: 27905.002: [GC 27905.002: [DefNew: 17488K->338K(19136K), 0.0044250 secs] 56336K->39185K(260032K), 0.0045540 secs] [Times: user=0.01 sys=0.00, real=0.00 secs] 
2012-10-20T02:14:34.021+0100: 27950.004: [GC 27950.004: [DefNew: 17362K->920K(19136K), 0.0054700 secs] 56209K->39767K(260032K), 0.0055700 secs] [Times: user=0.00 sys=0.00, real=0.00 secs] 
2012-10-20T02:15:23.983+0100: 27999.965: [GC 27999.966: [DefNew: 17944K->438K(19136K), 0.0049110 secs] 56791K->39286K(260032K), 0.0050170 secs] [Times: user=0.01 sys=0.00, real=0.01 secs] 
2012-10-20T02:16:09.304+0100: 28045.287: [GC 28045.287: [DefNew: 17458K->862K(19136K), 0.0052880 secs] 56306K->39709K(260032K), 0.0053880 secs] [Times: user=0.00 sys=0.00, real=0.01 secs] 
2012-10-20T02:16:58.935+0100: 28094.917: [GC 28094.918: [DefNew: 17868K->749K(19136K), 0.0051980 secs] 56715K->39596K(260032K), 0.0053010 secs] [Times: user=0.00 sys=0.00, real=0.01 secs] 
2012-10-20T02:17:44.219+0100: 28140.202: [GC 28140.202: [DefNew: 17773K->1295K(19136K), 0.0061170 secs] 56620K->40142K(260032K), 0.0062250 secs] [Times: user=0.00 sys=0.00, real=0.00 secs] 
2012-10-20T02:18:34.024+0100: 28190.007: [GC 28190.007: [DefNew: 18319K->945K(19136K), 0.0078600 secs] 57166K->39858K(260032K), 0.0079780 secs] [Times: user=0.01 sys=0.00, real=0.01 secs] 
2012-10-20T02:19:19.236+0100: 28235.219: [GC 28235.219: [DefNew: 17969K->1428K(19136K), 0.0063950 secs] 56882K->40340K(260032K), 0.0065050 secs] [Times: user=0.00 sys=0.00, real=0.01 secs] 
2012-10-20T02:20:09.040+0100: 28285.023: [GC 28285.023: [DefNew: 18452K->884K(19136K), 0.0070020 secs] 57364K->40026K(260032K), 0.0071030 secs] [Times: user=0.00 sys=0.00, real=0.00 secs] 
2012-10-20T02:20:59.066+0100: 28335.049: [GC 28335.049: [DefNew: 17885K->476K(19136K), 0.0048990 secs] 57027K->39619K(260032K), 0.0049980 secs] [Times: user=0.00 sys=0.00, real=0.01 secs] 
2012-10-20T02:21:44.051+0100: 28380.034: [GC 28380.034: [DefNew: 17500K->949K(19136K), 0.0107630 secs] 56643K->40091K(260032K), 0.0108720 secs] [Times: user=0.00 sys=0.00, real=0.01 secs] 
2012-10-20T02:22:29.285+0100: 28425.268: [GC 28425.268: [DefNew: 17946K->1262K(19136K), 0.0072650 secs] 57088K->40405K(260032K), 0.0073930 secs] [Times: user=0.00 sys=0.01, real=0.01 secs] 
2012-10-20T02:23:19.181+0100: 28475.164: [GC 28475.164: [DefNew: 18275K->534K(19136K), 0.0053790 secs] 57418K->39780K(260032K), 0.0054780 secs] [Times: user=0.01 sys=0.00, real=0.00 secs] 
2012-10-20T02:24:04.346+0100: 28520.329: [GC 28520.329: [DefNew: 17553K->731K(19136K), 0.0078860 secs] 56799K->39977K(260032K), 0.0079880 secs] [Times: user=0.01 sys=0.00, real=0.01 secs] 
2012-10-20T02:24:49.281+0100: 28565.264: [GC 28565.265: [DefNew: 17755K->1229K(19136K), 0.0101520 secs] 57001K->40475K(260032K), 0.0106240 secs] [Times: user=0.01 sys=0.00, real=0.01 secs] 
2012-10-20T02:25:39.641+0100: 28615.624: [GC 28615.624: [DefNew: 18253K->1042K(19136K), 0.0072200 secs] 57499K->40486K(260032K), 0.0073390 secs] [Times: user=0.00 sys=0.00, real=0.01 secs] 
2012-10-20T02:26:24.339+0100: 28660.322: [GC 28660.322: [DefNew: 18060K->1061K(19136K), 0.0060210 secs] 57504K->40505K(260032K), 0.0061330 secs] [Times: user=0.00 sys=0.00, real=0.00 secs] 
2012-10-20T02:27:09.327+0100: 28705.310: [GC 28705.310: [DefNew: 18085K->1543K(19136K), 0.0065860 secs] 57529K->40987K(260032K), 0.0066960 secs] [Times: user=0.01 sys=0.00, real=0.01 secs] 
2012-10-20T02:27:59.200+0100: 28755.183: [GC 28755.183: [DefNew: 18567K->691K(19136K), 0.0068680 secs] 58011K->40680K(260032K), 0.0069720 secs] [Times: user=0.00 sys=0.00, real=0.00 secs] 
2012-10-20T02:28:49.082+0100: 28805.065: [GC 28805.065: [DefNew: 17715K->528K(19136K), 0.0047400 secs] 57704K->40517K(260032K), 0.0048400 secs] [Times: user=0.00 sys=0.00, real=0.00 secs] 
2012-10-20T02:29:19.217+0100: 28835.200: [GC 28835.201: [DefNew: 17544K->1087K(19136K), 0.0062070 secs] 57534K->41077K(260032K), 0.0063140 secs] [Times: user=0.00 sys=0.00, real=0.00 secs] 
2012-10-20T02:30:04.419+0100: 28880.401: [GC 28880.402: [DefNew: 18111K->1160K(19136K), 0.0059450 secs] 58101K->41181K(260032K), 0.0060480 secs] [Times: user=0.00 sys=0.00, real=0.00 secs] 
2012-10-20T02:30:54.385+0100: 28930.368: [GC 28930.368: [DefNew: 18184K->877K(19136K), 0.0067770 secs] 58205K->41025K(260032K), 0.0068800 secs] [Times: user=0.01 sys=0.00, real=0.01 secs] 
2012-10-20T02:31:44.282+0100: 28980.265: [GC 28980.265: [DefNew: 17874K->587K(19136K), 0.0048200 secs] 58022K->40734K(260032K), 0.0049280 secs] [Times: user=0.00 sys=0.00, real=0.00 secs] 
2012-10-20T02:32:32.821+0100: 29028.804: [GC 29028.804: [DefNew: 17611K->454K(19136K), 0.0045740 secs] 57758K->40601K(260032K), 0.0046700 secs] [Times: user=0.00 sys=0.00, real=0.00 secs] 
2012-10-20T02:33:19.364+0100: 29075.347: [GC 29075.347: [DefNew: 17453K->1065K(19136K), 0.0062450 secs] 57600K->41242K(260032K), 0.0063790 secs] [Times: user=0.01 sys=0.00, real=0.01 secs] 
2012-10-20T02:34:09.247+0100: 29125.230: [GC 29125.230: [DefNew: 18088K->613K(19136K), 0.0051790 secs] 58266K->40855K(260032K), 0.0052810 secs] [Times: user=0.00 sys=0.00, real=0.01 secs] 
2012-10-20T02:34:54.344+0100: 29170.327: [GC 29170.327: [DefNew: 17637K->1102K(19136K), 0.0076590 secs] 57879K->41344K(260032K), 0.0078000 secs] [Times: user=0.01 sys=0.00, real=0.01 secs] 
2012-10-20T02:35:44.253+0100: 29220.236: [GC 29220.236: [DefNew: 18117K->368K(19136K), 0.0067610 secs] 58359K->40675K(260032K), 0.0070050 secs] [Times: user=0.01 sys=0.00, real=0.01 secs] 
2012-10-20T02:36:29.117+0100: 29265.100: [GC 29265.100: [DefNew: 17392K->850K(19136K), 0.0058810 secs] 57699K->41157K(260032K), 0.0059800 secs] [Times: user=0.02 sys=0.00, real=0.01 secs] 
2012-10-20T02:37:19.162+0100: 29315.145: [GC 29315.145: [DefNew: 17873K->722K(19136K), 0.0049510 secs] 58179K->41029K(260032K), 0.0050470 secs] [Times: user=0.00 sys=0.00, real=0.00 secs] 
2012-10-20T02:38:09.267+0100: 29365.250: [GC 29365.251: [DefNew: 17729K->375K(19136K), 0.0123170 secs] 58036K->40682K(260032K), 0.0128540 secs] [Times: user=0.00 sys=0.00, real=0.02 secs] 
2012-10-20T02:38:49.123+0100: 29405.106: [GC 29405.106: [DefNew: 17399K->1102K(19136K), 0.0078250 secs] 57706K->41409K(260032K), 0.0079410 secs] [Times: user=0.01 sys=0.00, real=0.01 secs] 
2012-10-20T02:39:39.283+0100: 29455.266: [GC 29455.266: [DefNew: 18124K->543K(19136K), 0.0049350 secs] 58431K->40913K(260032K), 0.0051000 secs] [Times: user=0.01 sys=0.00, real=0.01 secs] 
2012-10-20T02:40:24.376+0100: 29500.359: [GC 29500.359: [DefNew: 17545K->1050K(19136K), 0.0060540 secs] 57915K->41420K(260032K), 0.0061750 secs] [Times: user=0.00 sys=0.00, real=0.01 secs] 
2012-10-20T02:41:09.225+0100: 29545.207: [GC 29545.208: [DefNew: 18043K->1006K(19136K), 0.0055340 secs] 58413K->41376K(260032K), 0.0056370 secs] [Times: user=0.00 sys=0.00, real=0.01 secs] 
2012-10-20T02:41:59.270+0100: 29595.253: [GC 29595.253: [DefNew: 18030K->947K(19136K), 0.0039960 secs] 58400K->41317K(260032K), 0.0040870 secs] [Times: user=0.00 sys=0.00, real=0.00 secs] 
2012-10-20T02:42:49.185+0100: 29645.168: [GC 29645.168: [DefNew: 17954K->527K(19136K), 0.0049890 secs] 58324K->40971K(260032K), 0.0050920 secs] [Times: user=0.00 sys=0.00, real=0.01 secs] 
2012-10-20T02:43:34.491+0100: 29690.474: [GC 29690.474: [DefNew: 17550K->1223K(19136K), 0.0062200 secs] 57994K->41697K(260032K), 0.0064010 secs] [Times: user=0.01 sys=0.00, real=0.01 secs] 
2012-10-20T02:44:24.218+0100: 29740.201: [GC 29740.201: [DefNew: 18239K->431K(19136K), 0.0058320 secs] 58713K->41190K(260032K), 0.0059380 secs] [Times: user=0.01 sys=0.00, real=0.00 secs] 
2012-10-20T02:45:09.229+0100: 29785.212: [GC 29785.212: [DefNew: 17440K->876K(19136K), 0.0119150 secs] 58199K->41635K(260032K), 0.0120240 secs] [Times: user=0.00 sys=0.00, real=0.01 secs] 
2012-10-20T02:45:59.240+0100: 29835.223: [GC 29835.223: [DefNew: 17900K->653K(19136K), 0.0049110 secs] 58659K->41412K(260032K), 0.0050340 secs] [Times: user=0.01 sys=0.00, real=0.00 secs] 
2012-10-20T02:46:44.918+0100: 29880.901: [GC 29880.902: [DefNew: 17677K->1154K(19136K), 0.0119350 secs] 58436K->41913K(260032K), 0.0120820 secs] [Times: user=0.01 sys=0.00, real=0.01 secs] 
2012-10-20T02:47:34.564+0100: 29930.547: [GC 29930.547: [DefNew: 18170K->401K(19136K), 0.0048940 secs] 58929K->41254K(260032K), 0.0054680 secs] [Times: user=0.00 sys=0.00, real=0.01 secs] 
2012-10-20T02:48:19.480+0100: 29975.463: [GC 29975.463: [DefNew: 17425K->1208K(19136K), 0.0059990 secs] 58278K->42060K(260032K), 0.0061040 secs] [Times: user=0.00 sys=0.00, real=0.00 secs] 
2012-10-20T02:49:06.465+0100: 30022.448: [GC 30022.448: [DefNew: 18232K->1185K(19136K), 0.0057990 secs] 59084K->42038K(260032K), 0.0059070 secs] [Times: user=0.01 sys=0.00, real=0.01 secs] 
2012-10-20T02:49:54.252+0100: 30070.235: [GC 30070.235: [DefNew: 18209K->882K(19136K), 0.0057110 secs] 59062K->41767K(260032K), 0.0058090 secs] [Times: user=0.01 sys=0.00, real=0.01 secs] 
2012-10-20T02:50:44.464+0100: 30120.447: [GC 30120.447: [DefNew: 17906K->821K(19136K), 0.0053270 secs] 58791K->41706K(260032K), 0.0054210 secs] [Times: user=0.01 sys=0.00, real=0.01 secs] 
2012-10-20T02:51:29.433+0100: 30165.416: [GC 30165.416: [DefNew: 17845K->982K(19136K), 0.0057840 secs] 58730K->41866K(260032K), 0.0058910 secs] [Times: user=0.01 sys=0.00, real=0.01 secs] 
2012-10-20T02:52:14.533+0100: 30210.516: [GC 30210.516: [DefNew: 18006K->1170K(19136K), 0.0094900 secs] 58890K->42055K(260032K), 0.0096180 secs] [Times: user=0.01 sys=0.00, real=0.01 secs] 
2012-10-20T02:53:04.248+0100: 30260.231: [GC 30260.231: [DefNew: 18194K->801K(19136K), 0.0064910 secs] 59079K->41748K(260032K), 0.0065900 secs] [Times: user=0.00 sys=0.00, real=0.00 secs] 
2012-10-20T02:53:49.283+0100: 30305.266: [GC 30305.266: [DefNew: 17825K->1112K(19136K), 0.0070600 secs] 58772K->42059K(260032K), 0.0071650 secs] [Times: user=0.01 sys=0.00, real=0.01 secs] 
2012-10-20T02:54:39.457+0100: 30355.440: [GC 30355.440: [DefNew: 18107K->887K(19136K), 0.0071890 secs] 59054K->41908K(260032K), 0.0072900 secs] [Times: user=0.01 sys=0.00, real=0.01 secs] 
2012-10-20T02:55:24.624+0100: 30400.607: [GC 30400.607: [DefNew: 17911K->1136K(19136K), 0.0062810 secs] 58932K->42157K(260032K), 0.0063950 secs] [Times: user=0.00 sys=0.00, real=0.01 secs] 
2012-10-20T02:56:14.353+0100: 30450.336: [GC 30450.336: [DefNew: 18160K->826K(19136K), 0.0075200 secs] 59181K->41923K(260032K), 0.0076420 secs] [Times: user=0.00 sys=0.00, real=0.01 secs] 
2012-10-20T02:57:01.961+0100: 30497.944: [GC 30497.944: [DefNew: 17850K->453K(19136K), 0.0046840 secs] 58947K->41551K(260032K), 0.0047870 secs] [Times: user=0.01 sys=0.00, real=0.00 secs] 
2012-10-20T02:57:49.255+0100: 30545.238: [GC 30545.238: [DefNew: 17477K->1028K(19136K), 0.0187450 secs] 58575K->42125K(260032K), 0.0188870 secs] [Times: user=0.00 sys=0.00, real=0.02 secs] 
2012-10-20T02:58:34.612+0100: 30590.595: [GC 30590.595: [DefNew: 18052K->1183K(19136K), 0.0064190 secs] 59149K->42280K(260032K), 0.0065560 secs] [Times: user=0.01 sys=0.00, real=0.01 secs] 
2012-10-20T02:59:20.477+0100: 30636.460: [GC 30636.460: [DefNew: 18207K->1027K(19136K), 0.0065380 secs] 59304K->42311K(260032K), 0.0066450 secs] [Times: user=0.00 sys=0.00, real=0.01 secs] 
2012-10-20T03:00:09.436+0100: 30685.419: [GC 30685.419: [DefNew: 18050K->746K(19136K), 0.0054010 secs] 59334K->42029K(260032K), 0.0056340 secs] [Times: user=0.01 sys=0.00, real=0.01 secs] 
2012-10-20T03:00:54.426+0100: 30730.409: [GC 30730.409: [DefNew: 17770K->1231K(19136K), 0.0066990 secs] 59053K->42515K(260032K), 0.0068060 secs] [Times: user=0.01 sys=0.00, real=0.01 secs] 
2012-10-20T03:01:44.553+0100: 30780.536: [GC 30780.536: [DefNew: 18230K->633K(19136K), 0.0061180 secs] 59513K->42084K(260032K), 0.0062210 secs] [Times: user=0.00 sys=0.00, real=0.01 secs] 
2012-10-20T03:02:29.287+0100: 30825.269: [GC 30825.270: [DefNew: 17657K->1172K(19136K), 0.0086250 secs] 59108K->42623K(260032K), 0.0087530 secs] [Times: user=0.00 sys=0.00, real=0.01 secs] 
2012-10-20T03:03:19.289+0100: 30875.272: [GC 30875.272: [DefNew: 18192K->402K(19136K), 0.0054710 secs] 59644K->41992K(260032K), 0.0055660 secs] [Times: user=0.00 sys=0.00, real=0.00 secs] 
2012-10-20T03:04:04.367+0100: 30920.350: [GC 30920.350: [DefNew: 17426K->751K(19136K), 0.0054980 secs] 59016K->42341K(260032K), 0.0056010 secs] [Times: user=0.00 sys=0.00, real=0.01 secs] 
2012-10-20T03:04:54.467+0100: 30970.450: [GC 30970.450: [DefNew: 17775K->523K(19136K), 0.0047720 secs] 59365K->42114K(260032K), 0.0048720 secs] [Times: user=0.00 sys=0.00, real=0.01 secs] 
2012-10-20T03:05:39.299+0100: 31015.282: [GC 31015.282: [DefNew: 17538K->842K(19136K), 0.0060130 secs] 59128K->42432K(260032K), 0.0061590 secs] [Times: user=0.00 sys=0.01, real=0.00 secs] 
2012-10-20T03:06:24.723+0100: 31060.706: [GC 31060.706: [DefNew: 17866K->1250K(19136K), 0.0064330 secs] 59456K->42841K(260032K), 0.0065510 secs] [Times: user=0.01 sys=0.00, real=0.01 secs] 
2012-10-20T03:07:14.338+0100: 31110.321: [GC 31110.321: [DefNew: 18274K->847K(19136K), 0.0057820 secs] 59865K->42470K(260032K), 0.0059250 secs] [Times: user=0.00 sys=0.00, real=0.00 secs] 
2012-10-20T03:07:59.632+0100: 31155.615: [GC 31155.615: [DefNew: 17850K->1030K(19136K), 0.0058680 secs] 59472K->42652K(260032K), 0.0059730 secs] [Times: user=0.01 sys=0.00, real=0.01 secs] 
2012-10-20T03:08:49.530+0100: 31205.513: [GC 31205.513: [DefNew: 18054K->532K(19136K), 0.0046990 secs] 59676K->42154K(260032K), 0.0047970 secs] [Times: user=0.00 sys=0.00, real=0.00 secs] 
2012-10-20T03:09:34.549+0100: 31250.532: [GC 31250.532: [DefNew: 17533K->1031K(19136K), 0.0057250 secs] 59155K->42653K(260032K), 0.0058660 secs] [Times: user=0.00 sys=0.00, real=0.00 secs] 
2012-10-20T03:10:19.462+0100: 31295.445: [GC 31295.445: [DefNew: 18055K->1095K(19136K), 0.0090930 secs] 59677K->42717K(260032K), 0.0092070 secs] [Times: user=0.01 sys=0.00, real=0.01 secs] 
2012-10-20T03:11:09.591+0100: 31345.574: [GC 31345.574: [DefNew: 18112K->510K(19136K), 0.0049280 secs] 59734K->42224K(260032K), 0.0050280 secs] [Times: user=0.00 sys=0.00, real=0.00 secs] 
2012-10-20T03:11:54.605+0100: 31390.588: [GC 31390.588: [DefNew: 17534K->1201K(19136K), 0.0063050 secs] 59248K->42916K(260032K), 0.0065280 secs] [Times: user=0.00 sys=0.00, real=0.01 secs] 
2012-10-20T03:12:44.433+0100: 31440.416: [GC 31440.417: [DefNew: 18225K->812K(19136K), 0.0066270 secs] 59940K->42694K(260032K), 0.0071040 secs] [Times: user=0.00 sys=0.00, real=0.01 secs] 
2012-10-20T03:13:34.514+0100: 31490.497: [GC 31490.497: [DefNew: 17836K->308K(19136K), 0.0059850 secs] 59718K->42190K(260032K), 0.0060880 secs] [Times: user=0.01 sys=0.00, real=0.01 secs] 
2012-10-20T03:14:14.706+0100: 31530.689: [GC 31530.689: [DefNew: 17332K->1196K(19136K), 0.0060540 secs] 59214K->43078K(260032K), 0.0061610 secs] [Times: user=0.01 sys=0.00, real=0.01 secs] 
2012-10-20T03:15:04.539+0100: 31580.522: [GC 31580.522: [DefNew: 18193K->657K(19136K), 0.0052530 secs] 60075K->42664K(260032K), 0.0053510 secs] [Times: user=0.01 sys=0.00, real=0.00 secs] 
2012-10-20T03:15:54.326+0100: 31630.309: [GC 31630.309: [DefNew: 17658K->624K(19136K), 0.0049350 secs] 59666K->42632K(260032K), 0.0050320 secs] [Times: user=0.00 sys=0.00, real=0.01 secs] 
2012-10-20T03:16:39.601+0100: 31675.584: [GC 31675.584: [DefNew: 17648K->1011K(19136K), 0.0061780 secs] 59656K->43019K(260032K), 0.0062770 secs] [Times: user=0.01 sys=0.00, real=0.00 secs] 
2012-10-20T03:17:29.470+0100: 31725.453: [GC 31725.453: [DefNew: 18026K->972K(19136K), 0.0056090 secs] 60034K->42979K(260032K), 0.0057140 secs] [Times: user=0.01 sys=0.00, real=0.00 secs] 
2012-10-20T03:18:15.089+0100: 31771.072: [GC 31771.072: [DefNew: 17996K->1095K(19136K), 0.0056670 secs] 60003K->43103K(260032K), 0.0057700 secs] [Times: user=0.01 sys=0.00, real=0.00 secs] 
2012-10-20T03:19:04.493+0100: 31820.476: [GC 31820.476: [DefNew: 18099K->524K(19136K), 0.0048710 secs] 60107K->42532K(260032K), 0.0049730 secs] [Times: user=0.00 sys=0.00, real=0.01 secs] 
2012-10-20T03:19:54.510+0100: 31870.493: [GC 31870.493: [DefNew: 17524K->433K(19136K), 0.0050840 secs] 59532K->42441K(260032K), 0.0051790 secs] [Times: user=0.00 sys=0.01, real=0.00 secs] 
2012-10-20T03:20:39.656+0100: 31915.639: [GC 31915.639: [DefNew: 17429K->745K(19136K), 0.0060590 secs] 59437K->42753K(260032K), 0.0061640 secs] [Times: user=0.00 sys=0.00, real=0.01 secs] 
2012-10-20T03:21:24.587+0100: 31960.570: [GC 31960.570: [DefNew: 17769K->1049K(19136K), 0.0057400 secs] 59777K->43057K(260032K), 0.0058380 secs] [Times: user=0.01 sys=0.00, real=0.01 secs] 
2012-10-20T03:22:12.122+0100: 32008.105: [GC 32008.105: [DefNew: 18073K->527K(19136K), 0.0047060 secs] 60081K->42535K(260032K), 0.0047990 secs] [Times: user=0.01 sys=0.00, real=0.00 secs] 
2012-10-20T03:22:59.626+0100: 32055.609: [GC 32055.609: [DefNew: 17546K->799K(19136K), 0.0052030 secs] 59553K->42807K(260032K), 0.0091660 secs] [Times: user=0.00 sys=0.00, real=0.01 secs] 
2012-10-20T03:23:44.466+0100: 32100.449: [GC 32100.449: [DefNew: 17792K->1116K(19136K), 0.0057850 secs] 59800K->43124K(260032K), 0.0058900 secs] [Times: user=0.01 sys=0.00, real=0.01 secs] 
2012-10-20T03:24:34.512+0100: 32150.495: [GC 32150.496: [DefNew: 18113K->884K(19136K), 0.0066150 secs] 60121K->42965K(260032K), 0.0067450 secs] [Times: user=0.01 sys=0.00, real=0.01 secs] 
2012-10-20T03:25:21.366+0100: 32197.349: [GC 32197.350: [DefNew: 17883K->693K(19136K), 0.0051780 secs] 59965K->42804K(260032K), 0.0060460 secs] [Times: user=0.00 sys=0.00, real=0.01 secs] 
2012-10-20T03:26:04.783+0100: 32240.766: [GC 32240.766: [DefNew: 17717K->1170K(19136K), 0.0155440 secs] 59828K->43354K(260032K), 0.0156740 secs] [Times: user=0.01 sys=0.00, real=0.02 secs] 
2012-10-20T03:26:49.629+0100: 32285.612: [GC 32285.612: [DefNew: 18194K->1484K(19136K), 0.0065770 secs] 60378K->43669K(260032K), 0.0066870 secs] [Times: user=0.00 sys=0.00, real=0.00 secs] 
2012-10-20T03:27:39.583+0100: 32335.566: [GC 32335.566: [DefNew: 18499K->628K(19136K), 0.0072620 secs] 60685K->43489K(260032K), 0.0073690 secs] [Times: user=0.00 sys=0.00, real=0.01 secs] 
2012-10-20T03:28:29.566+0100: 32385.549: [GC 32385.549: [DefNew: 17643K->627K(19136K), 0.0055670 secs] 60504K->43488K(260032K), 0.0056660 secs] [Times: user=0.00 sys=0.00, real=0.01 secs] 
2012-10-20T03:28:59.531+0100: 32415.514: [GC 32415.514: [DefNew: 17629K->585K(19136K), 0.0055070 secs] 60490K->43446K(260032K), 0.0056120 secs] [Times: user=0.00 sys=0.00, real=0.00 secs] 
2012-10-20T03:29:44.813+0100: 32460.796: [GC 32460.796: [DefNew: 17582K->974K(19136K), 0.0076620 secs] 60444K->43835K(260032K), 0.0077780 secs] [Times: user=0.01 sys=0.00, real=0.01 secs] 
2012-10-20T03:30:29.908+0100: 32505.891: [GC 32505.891: [DefNew: 17998K->1223K(19136K), 0.0061440 secs] 60859K->44085K(260032K), 0.0062490 secs] [Times: user=0.00 sys=0.00, real=0.00 secs] 
2012-10-20T03:31:19.791+0100: 32555.774: [GC 32555.774: [DefNew: 18247K->767K(19136K), 0.0059420 secs] 61109K->43789K(260032K), 0.0060580 secs] [Times: user=0.00 sys=0.00, real=0.00 secs] 
2012-10-20T03:32:04.838+0100: 32600.821: [GC 32600.821: [DefNew: 17791K->947K(19136K), 0.0060850 secs] 60813K->43970K(260032K), 0.0062350 secs] [Times: user=0.01 sys=0.00, real=0.00 secs] 
2012-10-20T03:32:54.750+0100: 32650.733: [GC 32650.733: [DefNew: 17971K->440K(19136K), 0.0048160 secs] 60994K->43462K(260032K), 0.0049130 secs] [Times: user=0.00 sys=0.00, real=0.00 secs] 
2012-10-20T03:33:39.859+0100: 32695.842: [GC 32695.842: [DefNew: 17464K->1104K(19136K), 0.0057120 secs] 60486K->44126K(260032K), 0.0058140 secs] [Times: user=0.01 sys=0.00, real=0.00 secs] 
2012-10-20T03:34:29.676+0100: 32745.659: [GC 32745.659: [DefNew: 18128K->597K(19136K), 0.0049090 secs] 61150K->43619K(260032K), 0.0050140 secs] [Times: user=0.00 sys=0.00, real=0.01 secs] 
2012-10-20T03:35:09.994+0100: 32785.977: [GC 32785.977: [DefNew: 17621K->1716K(19136K), 0.0075100 secs] 60643K->44739K(260032K), 0.0076360 secs] [Times: user=0.01 sys=0.00, real=0.01 secs] 
2012-10-20T03:35:59.729+0100: 32835.712: [GC 32835.712: [DefNew: 18740K->584K(19136K), 0.0077030 secs] 61762K->43745K(260032K), 0.0078300 secs] [Times: user=0.01 sys=0.00, real=0.00 secs] 
2012-10-20T03:36:49.669+0100: 32885.652: [GC 32885.652: [DefNew: 17608K->365K(19136K), 0.0063180 secs] 60769K->43526K(260032K), 0.0064170 secs] [Times: user=0.00 sys=0.00, real=0.00 secs] 
2012-10-20T03:37:34.857+0100: 32930.840: [GC 32930.840: [DefNew: 17389K->1103K(19136K), 0.0060330 secs] 60550K->44265K(260032K), 0.0062830 secs] [Times: user=0.01 sys=0.00, real=0.01 secs] 
2012-10-20T03:38:24.573+0100: 32980.556: [GC 32980.556: [DefNew: 18127K->851K(19136K), 0.0075120 secs] 61289K->44106K(260032K), 0.0076250 secs] [Times: user=0.01 sys=0.00, real=0.01 secs] 
2012-10-20T03:39:10.111+0100: 33026.094: [GC 33026.094: [DefNew: 17866K->1159K(19136K), 0.0058650 secs] 61121K->44414K(260032K), 0.0059770 secs] [Times: user=0.00 sys=0.00, real=0.00 secs] 
2012-10-20T03:39:59.961+0100: 33075.944: [GC 33075.944: [DefNew: 18183K->502K(19136K), 0.0050270 secs] 61438K->43759K(260032K), 0.0051310 secs] [Times: user=0.00 sys=0.00, real=0.00 secs] 
2012-10-20T03:40:45.157+0100: 33121.140: [GC 33121.140: [DefNew: 17526K->1319K(19136K), 0.0098670 secs] 60783K->44576K(260032K), 0.0099670 secs] [Times: user=0.00 sys=0.00, real=0.01 secs] 
2012-10-20T03:41:34.703+0100: 33170.686: [GC 33170.686: [DefNew: 18343K->688K(19136K), 0.0055140 secs] 61600K->44134K(260032K), 0.0056140 secs] [Times: user=0.00 sys=0.00, real=0.01 secs] 
2012-10-20T03:42:24.619+0100: 33220.602: [GC 33220.602: [DefNew: 17706K->623K(19136K), 0.0050440 secs] 61151K->44069K(260032K), 0.0051480 secs] [Times: user=0.00 sys=0.00, real=0.00 secs] 
2012-10-20T03:43:09.823+0100: 33265.806: [GC 33265.806: [DefNew: 17647K->1156K(19136K), 0.0040520 secs] 61093K->44602K(260032K), 0.0041330 secs] [Times: user=0.00 sys=0.00, real=0.00 secs] 
2012-10-20T03:43:59.654+0100: 33315.637: [GC 33315.637: [DefNew: 18180K->843K(19136K), 0.0049740 secs] 61626K->44289K(260032K), 0.0050840 secs] [Times: user=0.01 sys=0.00, real=0.01 secs] 
2012-10-20T03:44:49.639+0100: 33365.622: [GC 33365.622: [DefNew: 17867K->653K(19136K), 0.0050650 secs] 61313K->44099K(260032K), 0.0051640 secs] [Times: user=0.00 sys=0.01, real=0.00 secs] 
2012-10-20T03:45:34.723+0100: 33410.706: [GC 33410.706: [DefNew: 17650K->871K(19136K), 0.0054250 secs] 61096K->44317K(260032K), 0.0059730 secs] [Times: user=0.00 sys=0.01, real=0.01 secs] 
2012-10-20T03:46:19.900+0100: 33455.882: [GC 33455.883: [DefNew: 17895K->1291K(19136K), 0.0060910 secs] 61341K->44737K(260032K), 0.0061900 secs] [Times: user=0.00 sys=0.00, real=0.00 secs] 
2012-10-20T03:47:09.844+0100: 33505.827: [GC 33505.827: [DefNew: 18291K->843K(19136K), 0.0111860 secs] 61737K->44509K(260032K), 0.0113270 secs] [Times: user=0.01 sys=0.00, real=0.01 secs] 
2012-10-20T03:47:59.848+0100: 33555.830: [GC 33555.831: [DefNew: 17867K->371K(19136K), 0.0049460 secs] 61533K->44037K(260032K), 0.0050410 secs] [Times: user=0.00 sys=0.00, real=0.00 secs] 
2012-10-20T03:48:39.919+0100: 33595.901: [GC 33595.902: [DefNew: 17395K->1664K(19136K), 0.0075220 secs] 61061K->45330K(260032K), 0.0076510 secs] [Times: user=0.01 sys=0.00, real=0.00 secs] 
2012-10-20T03:49:30.012+0100: 33645.995: [GC 33645.995: [DefNew: 18673K->315K(19136K), 0.0052510 secs] 62339K->44234K(260032K), 0.0053470 secs] [Times: user=0.00 sys=0.00, real=0.00 secs] 
2012-10-20T03:50:14.579+0100: 33690.562: [GC 33690.562: [DefNew: 17339K->716K(19136K), 0.0052110 secs] 61258K->44635K(260032K), 0.0053100 secs] [Times: user=0.00 sys=0.00, real=0.00 secs] 
2012-10-20T03:50:59.950+0100: 33735.933: [GC 33735.933: [DefNew: 17740K->1175K(19136K), 0.0061030 secs] 61659K->45093K(260032K), 0.0062070 secs] [Times: user=0.00 sys=0.00, real=0.00 secs] 
2012-10-20T03:51:49.767+0100: 33785.750: [GC 33785.750: [DefNew: 18173K->812K(19136K), 0.0057340 secs] 62092K->44866K(260032K), 0.0058420 secs] [Times: user=0.01 sys=0.00, real=0.01 secs] 
2012-10-20T03:52:39.667+0100: 33835.650: [GC 33835.651: [DefNew: 17836K->621K(19136K), 0.0051230 secs] 61890K->44675K(260032K), 0.0055150 secs] [Times: user=0.00 sys=0.00, real=0.00 secs] 
2012-10-20T03:53:24.704+0100: 33880.686: [GC 33880.687: [DefNew: 17645K->916K(19136K), 0.0056350 secs] 61699K->44970K(260032K), 0.0057370 secs] [Times: user=0.01 sys=0.00, real=0.01 secs] 
2012-10-20T03:54:12.021+0100: 33928.004: [GC 33928.004: [DefNew: 17940K->424K(19136K), 0.0045940 secs] 61994K->44478K(260032K), 0.0046880 secs] [Times: user=0.00 sys=0.00, real=0.00 secs] 
2012-10-20T03:54:59.652+0100: 33975.635: [GC 33975.635: [DefNew: 17448K->944K(19136K), 0.0059670 secs] 61502K->44998K(260032K), 0.0060700 secs] [Times: user=0.00 sys=0.01, real=0.01 secs] 
2012-10-20T03:55:45.008+0100: 34020.991: [GC 34020.991: [DefNew: 17961K->1144K(19136K), 0.0060790 secs] 62015K->45198K(260032K), 0.0061920 secs] [Times: user=0.00 sys=0.00, real=0.00 secs] 
2012-10-20T03:56:34.695+0100: 34070.678: [GC 34070.678: [DefNew: 18168K->958K(19136K), 0.0058580 secs] 62222K->45104K(260032K), 0.0059570 secs] [Times: user=0.00 sys=0.00, real=0.01 secs] 
2012-10-20T03:57:24.756+0100: 34120.738: [GC 34120.739: [DefNew: 17982K->980K(19136K), 0.0056220 secs] 62128K->45126K(260032K), 0.0057180 secs] [Times: user=0.00 sys=0.00, real=0.01 secs] 
2012-10-20T03:58:14.795+0100: 34170.778: [GC 34170.778: [DefNew: 17993K->782K(19136K), 0.0057640 secs] 62139K->45001K(260032K), 0.0058810 secs] [Times: user=0.01 sys=0.00, real=0.01 secs] 
2012-10-20T03:59:00.031+0100: 34216.014: [GC 34216.014: [DefNew: 17806K->1161K(19136K), 0.0061360 secs] 62025K->45381K(260032K), 0.0062430 secs] [Times: user=0.01 sys=0.00, real=0.01 secs] 
2012-10-20T03:59:50.232+0100: 34266.215: [GC 34266.215: [DefNew: 18158K->1030K(19136K), 0.0059220 secs] 62379K->45281K(260032K), 0.0060580 secs] [Times: user=0.01 sys=0.00, real=0.01 secs] 
2012-10-20T04:00:39.786+0100: 34315.769: [GC 34315.769: [DefNew: 18052K->485K(19136K), 0.0060690 secs] 62302K->44736K(260032K), 0.0061690 secs] [Times: user=0.00 sys=0.00, real=0.01 secs] 
2012-10-20T04:01:24.709+0100: 34360.692: [GC 34360.692: [DefNew: 17508K->879K(19136K), 0.0054220 secs] 61759K->45130K(260032K), 0.0055260 secs] [Times: user=0.01 sys=0.00, real=0.00 secs] 
2012-10-20T04:02:10.044+0100: 34406.027: [GC 34406.027: [DefNew: 17903K->1259K(19136K), 0.0062740 secs] 62154K->45510K(260032K), 0.0063850 secs] [Times: user=0.01 sys=0.00, real=0.01 secs] 
2012-10-20T04:02:59.697+0100: 34455.680: [GC 34455.680: [DefNew: 18283K->434K(19136K), 0.0054160 secs] 62534K->44853K(260032K), 0.0055120 secs] [Times: user=0.01 sys=0.00, real=0.01 secs] 
2012-10-20T04:03:44.886+0100: 34500.869: [GC 34500.870: [DefNew: 17458K->1137K(19136K), 0.0064970 secs] 61877K->45555K(260032K), 0.0066180 secs] [Times: user=0.00 sys=0.00, real=0.01 secs] 
2012-10-20T04:04:30.117+0100: 34546.099: [GC 34546.100: [DefNew: 18161K->1129K(19136K), 0.0064940 secs] 62579K->45713K(260032K), 0.0065950 secs] [Times: user=0.01 sys=0.00, real=0.01 secs] 
2012-10-20T04:05:15.440+0100: 34591.423: [GC 34591.423: [DefNew: 18153K->969K(19136K), 0.0058660 secs] 62737K->45618K(260032K), 0.0059680 secs] [Times: user=0.00 sys=0.00, real=0.00 secs] 
2012-10-20T04:06:04.932+0100: 34640.915: [GC 34640.915: [DefNew: 17990K->558K(19136K), 0.0077510 secs] 62639K->45207K(260032K), 0.0078750 secs] [Times: user=0.01 sys=0.00, real=0.01 secs] 
2012-10-20T04:06:50.070+0100: 34686.053: [GC 34686.053: [DefNew: 17570K->1217K(19136K), 0.0110510 secs] 62219K->45865K(260032K), 0.0112380 secs] [Times: user=0.01 sys=0.00, real=0.01 secs] 
2012-10-20T04:07:39.893+0100: 34735.876: [GC 34735.876: [DefNew: 18241K->715K(19136K), 0.0058930 secs] 62889K->45674K(260032K), 0.0059960 secs] [Times: user=0.00 sys=0.00, real=0.01 secs] 
2012-10-20T04:08:29.950+0100: 34785.933: [GC 34785.933: [DefNew: 17739K->656K(19136K), 0.0058640 secs] 62698K->45615K(260032K), 0.0059750 secs] [Times: user=0.00 sys=0.00, real=0.00 secs] 
2012-10-20T04:09:14.730+0100: 34830.713: [GC 34830.713: [DefNew: 17659K->911K(19136K), 0.0058350 secs] 62618K->45870K(260032K), 0.0059400 secs] [Times: user=0.00 sys=0.00, real=0.00 secs] 
2012-10-20T04:10:00.057+0100: 34876.040: [GC 34876.040: [DefNew: 17935K->1839K(19136K), 0.0093210 secs] 62894K->46798K(260032K), 0.0094660 secs] [Times: user=0.01 sys=0.00, real=0.01 secs] 
2012-10-20T04:10:50.023+0100: 34926.006: [GC 34926.006: [DefNew: 18853K->689K(19136K), 0.0059750 secs] 63812K->45900K(260032K), 0.0060890 secs] [Times: user=0.01 sys=0.00, real=0.01 secs] 
2012-10-20T04:11:34.961+0100: 34970.944: [GC 34970.944: [DefNew: 17709K->1683K(19136K), 0.0072950 secs] 62920K->46894K(260032K), 0.0074290 secs] [Times: user=0.01 sys=0.00, real=0.01 secs] 
2012-10-20T04:12:24.713+0100: 35020.696: [GC 35020.696: [DefNew: 18707K->759K(19136K), 0.0056930 secs] 63918K->46067K(260032K), 0.0057960 secs] [Times: user=0.01 sys=0.00, real=0.01 secs] 
2012-10-20T04:13:14.863+0100: 35070.846: [GC 35070.846: [DefNew: 17783K->853K(19136K), 0.0054880 secs] 63091K->46160K(260032K), 0.0055910 secs] [Times: user=0.00 sys=0.00, real=0.01 secs] 
2012-10-20T04:14:00.065+0100: 35116.048: [GC 35116.048: [DefNew: 17877K->1202K(19136K), 0.0067660 secs] 63184K->46510K(260032K), 0.0068750 secs] [Times: user=0.00 sys=0.00, real=0.01 secs] 
2012-10-20T04:14:49.982+0100: 35165.964: [GC 35165.965: [DefNew: 18226K->465K(19136K), 0.0074500 secs] 63534K->45876K(260032K), 0.0075600 secs] [Times: user=0.00 sys=0.00, real=0.01 secs] 
2012-10-20T04:15:35.143+0100: 35211.126: [GC 35211.126: [DefNew: 17489K->1170K(19136K), 0.0137920 secs] 62900K->46581K(260032K), 0.0139350 secs] [Times: user=0.00 sys=0.00, real=0.01 secs] 
2012-10-20T04:16:24.835+0100: 35260.818: [GC 35260.818: [DefNew: 18194K->885K(19136K), 0.0035430 secs] 63605K->46325K(260032K), 0.0036110 secs] [Times: user=0.00 sys=0.00, real=0.01 secs] 
2012-10-20T04:17:14.893+0100: 35310.876: [GC 35310.876: [DefNew: 17909K->460K(19136K), 0.0050610 secs] 63349K->45901K(260032K), 0.0051650 secs] [Times: user=0.01 sys=0.00, real=0.01 secs] 
2012-10-20T04:17:59.926+0100: 35355.909: [GC 35355.909: [DefNew: 17484K->827K(19136K), 0.0053630 secs] 62925K->46268K(260032K), 0.0054650 secs] [Times: user=0.00 sys=0.00, real=0.01 secs] 
2012-10-20T04:18:45.211+0100: 35401.194: [GC 35401.194: [DefNew: 17851K->1395K(19136K), 0.0065150 secs] 63292K->46836K(260032K), 0.0066420 secs] [Times: user=0.00 sys=0.00, real=0.01 secs] 
2012-10-20T04:19:34.888+0100: 35450.871: [GC 35450.871: [DefNew: 18415K->747K(19136K), 0.0059350 secs] 63856K->46285K(260032K), 0.0060560 secs] [Times: user=0.00 sys=0.00, real=0.00 secs] 
2012-10-20T04:20:20.022+0100: 35496.005: [GC 35496.005: [DefNew: 17767K->1058K(19136K), 0.0057020 secs] 63305K->46596K(260032K), 0.0058140 secs] [Times: user=0.00 sys=0.00, real=0.01 secs] 
2012-10-20T04:21:09.890+0100: 35545.873: [GC 35545.873: [DefNew: 18082K->852K(19136K), 0.0082960 secs] 63620K->46450K(260032K), 0.0084150 secs] [Times: user=0.01 sys=0.00, real=0.01 secs] 
2012-10-20T04:21:58.391+0100: 35594.374: [GC 35594.374: [DefNew: 17876K->489K(19136K), 0.0046090 secs] 63474K->46086K(260032K), 0.0047060 secs] [Times: user=0.00 sys=0.00, real=0.00 secs] 
2012-10-20T04:22:45.106+0100: 35641.089: [GC 35641.090: [DefNew: 17513K->969K(19136K), 0.0056530 secs] 63110K->46566K(260032K), 0.0057550 secs] [Times: user=0.00 sys=0.00, real=0.01 secs] 
2012-10-20T04:23:32.604+0100: 35688.587: [GC 35688.587: [DefNew: 17993K->498K(19136K), 0.0049740 secs] 63590K->46095K(260032K), 0.0051320 secs] [Times: user=0.01 sys=0.00, real=0.01 secs] 
2012-10-20T04:24:20.184+0100: 35736.167: [GC 35736.167: [DefNew: 17522K->1151K(19136K), 0.0082100 secs] 63119K->46749K(260032K), 0.0083400 secs] [Times: user=0.01 sys=0.00, real=0.01 secs] 
2012-10-20T04:25:09.892+0100: 35785.875: [GC 35785.875: [DefNew: 18160K->467K(19136K), 0.0070520 secs] 63757K->46169K(260032K), 0.0071540 secs] [Times: user=0.00 sys=0.00, real=0.01 secs] 
2012-10-20T04:25:55.034+0100: 35831.017: [GC 35831.017: [DefNew: 17491K->1125K(19136K), 0.0059300 secs] 63193K->46827K(260032K), 0.0060310 secs] [Times: user=0.00 sys=0.00, real=0.01 secs] 
2012-10-20T04:26:44.999+0100: 35880.982: [GC 35880.982: [DefNew: 18145K->718K(19136K), 0.0055170 secs] 63847K->46483K(260032K), 0.0056350 secs] [Times: user=0.00 sys=0.00, real=0.00 secs] 
2012-10-20T04:27:30.202+0100: 35926.184: [GC 35926.185: [DefNew: 17742K->946K(19136K), 0.0087860 secs] 63507K->46712K(260032K), 0.0089120 secs] [Times: user=0.00 sys=0.01, real=0.01 secs] 
2012-10-20T04:28:20.030+0100: 35976.013: [GC 35976.013: [DefNew: 17967K->479K(19136K), 0.0049070 secs] 63732K->46245K(260032K), 0.0050050 secs] [Times: user=0.00 sys=0.01, real=0.00 secs] 
2012-10-20T04:28:53.882+0100: 36009.865: [GC 36009.865: [DefNew: 17498K->1205K(19136K), 0.0059160 secs] 63264K->46970K(260032K), 0.0060200 secs] [Times: user=0.01 sys=0.00, real=0.01 secs] 
2012-10-20T04:29:35.259+0100: 36051.242: [GC 36051.242: [DefNew: 18229K->937K(19136K), 0.0068580 secs] 63994K->46905K(260032K), 0.0069890 secs] [Times: user=0.00 sys=0.00, real=0.00 secs] 
2012-10-20T04:30:23.873+0100: 36099.855: [GC 36099.856: [DefNew: 17961K->392K(19136K), 0.0043740 secs] 63929K->46360K(260032K), 0.0044670 secs] [Times: user=0.00 sys=0.00, real=0.00 secs] 
2012-10-20T04:31:10.111+0100: 36146.094: [GC 36146.094: [DefNew: 17405K->937K(19136K), 0.0060850 secs] 63373K->46905K(260032K), 0.0061910 secs] [Times: user=0.00 sys=0.00, real=0.00 secs] 
2012-10-20T04:31:55.821+0100: 36191.804: [GC 36191.804: [DefNew: 17961K->1121K(19136K), 0.0057820 secs] 63929K->47089K(260032K), 0.0058840 secs] [Times: user=0.00 sys=0.01, real=0.00 secs] 
2012-10-20T04:32:45.305+0100: 36241.288: [GC 36241.288: [DefNew: 18145K->1162K(19136K), 0.0061210 secs] 64113K->47130K(260032K), 0.0062520 secs] [Times: user=0.01 sys=0.00, real=0.01 secs] 
2012-10-20T04:33:34.965+0100: 36290.948: [GC 36290.948: [DefNew: 18181K->876K(19136K), 0.0058000 secs] 64149K->46969K(260032K), 0.0059070 secs] [Times: user=0.00 sys=0.00, real=0.01 secs] 
2012-10-20T04:34:20.223+0100: 36336.206: [GC 36336.206: [DefNew: 17900K->1130K(19136K), 0.0105670 secs] 63993K->47223K(260032K), 0.0106950 secs] [Times: user=0.01 sys=0.00, real=0.01 secs] 
2012-10-20T04:35:10.087+0100: 36386.070: [GC 36386.070: [DefNew: 18154K->888K(19136K), 0.0055080 secs] 64247K->46980K(260032K), 0.0056060 secs] [Times: user=0.00 sys=0.00, real=0.01 secs] 
2012-10-20T04:35:55.263+0100: 36431.246: [GC 36431.246: [DefNew: 17912K->1137K(19136K), 0.0061460 secs] 64004K->47230K(260032K), 0.0062540 secs] [Times: user=0.01 sys=0.00, real=0.01 secs] 
2012-10-20T04:36:45.348+0100: 36481.331: [GC 36481.331: [DefNew: 18161K->913K(19136K), 0.0063250 secs] 64254K->47141K(260032K), 0.0064550 secs] [Times: user=0.00 sys=0.01, real=0.00 secs] 
2012-10-20T04:37:30.172+0100: 36526.155: [GC 36526.155: [DefNew: 17937K->1831K(19136K), 0.0090120 secs] 64165K->48060K(260032K), 0.0091530 secs] [Times: user=0.01 sys=0.00, real=0.01 secs] 
2012-10-20T04:38:20.184+0100: 36576.167: [GC 36576.167: [DefNew: 18855K->802K(19136K), 0.0063080 secs] 65084K->47308K(260032K), 0.0064040 secs] [Times: user=0.01 sys=0.00, real=0.01 secs] 
2012-10-20T04:39:05.329+0100: 36621.312: [GC 36621.312: [DefNew: 17826K->1086K(19136K), 0.0058560 secs] 64332K->47592K(260032K), 0.0059540 secs] [Times: user=0.01 sys=0.00, real=0.00 secs] 
2012-10-20T04:39:54.962+0100: 36670.945: [GC 36670.946: [DefNew: 18110K->910K(19136K), 0.0059150 secs] 64616K->47431K(260032K), 0.0065800 secs] [Times: user=0.01 sys=0.00, real=0.01 secs] 
2012-10-20T04:40:45.001+0100: 36720.984: [GC 36720.984: [DefNew: 17933K->846K(19136K), 0.0071860 secs] 64455K->47367K(260032K), 0.0072830 secs] [Times: user=0.00 sys=0.00, real=0.01 secs] 
2012-10-20T04:41:35.177+0100: 36771.160: [GC 36771.160: [DefNew: 17852K->564K(19136K), 0.0048590 secs] 64373K->47086K(260032K), 0.0049550 secs] [Times: user=0.01 sys=0.00, real=0.01 secs] 
2012-10-20T04:42:20.259+0100: 36816.242: [GC 36816.242: [DefNew: 17585K->1072K(19136K), 0.0058280 secs] 64106K->47593K(260032K), 0.0059530 secs] [Times: user=0.01 sys=0.00, real=0.00 secs] 
2012-10-20T04:43:10.047+0100: 36866.030: [GC 36866.030: [DefNew: 18096K->906K(19136K), 0.0056860 secs] 64617K->47492K(260032K), 0.0057840 secs] [Times: user=0.00 sys=0.00, real=0.01 secs] 
2012-10-20T04:43:57.123+0100: 36913.105: [GC 36913.106: [DefNew: 17930K->1164K(19136K), 0.0059000 secs] 64516K->47750K(260032K), 0.0059990 secs] [Times: user=0.01 sys=0.00, real=0.01 secs] 
2012-10-20T04:44:45.032+0100: 36961.015: [GC 36961.015: [DefNew: 18188K->910K(19136K), 0.0043560 secs] 64774K->47652K(260032K), 0.0044410 secs] [Times: user=0.00 sys=0.00, real=0.00 secs] 
2012-10-20T04:45:35.215+0100: 37011.198: [GC 37011.198: [DefNew: 17927K->843K(19136K), 0.0060890 secs] 64669K->47584K(260032K), 0.0061960 secs] [Times: user=0.01 sys=0.00, real=0.01 secs] 
2012-10-20T04:46:20.445+0100: 37056.428: [GC 37056.428: [DefNew: 17867K->1354K(19136K), 0.0069260 secs] 64608K->48095K(260032K), 0.0070350 secs] [Times: user=0.00 sys=0.00, real=0.01 secs] 
2012-10-20T04:47:10.075+0100: 37106.058: [GC 37106.058: [DefNew: 18378K->822K(19136K), 0.0066170 secs] 65119K->47782K(260032K), 0.0067380 secs] [Times: user=0.01 sys=0.00, real=0.01 secs] 
2012-10-20T04:48:00.184+0100: 37156.167: [GC 37156.167: [DefNew: 17826K->586K(19136K), 0.0053430 secs] 64786K->47547K(260032K), 0.0054430 secs] [Times: user=0.00 sys=0.00, real=0.01 secs] 
2012-10-20T04:48:45.417+0100: 37201.400: [GC 37201.400: [DefNew: 17610K->1158K(19136K), 0.0062500 secs] 64571K->48118K(260032K), 0.0063630 secs] [Times: user=0.00 sys=0.00, real=0.00 secs] 
2012-10-20T04:49:35.210+0100: 37251.193: [GC 37251.193: [DefNew: 18182K->944K(19136K), 0.0058230 secs] 65142K->47905K(260032K), 0.0059230 secs] [Times: user=0.00 sys=0.00, real=0.00 secs] 
2012-10-20T04:50:25.277+0100: 37301.260: [GC 37301.260: [DefNew: 17953K->369K(19136K), 0.0046800 secs] 64914K->47330K(260032K), 0.0047790 secs] [Times: user=0.01 sys=0.00, real=0.01 secs] 
2012-10-20T04:51:10.234+0100: 37346.217: [GC 37346.217: [DefNew: 17393K->1073K(19136K), 0.0065510 secs] 64354K->48034K(260032K), 0.0066580 secs] [Times: user=0.01 sys=0.00, real=0.01 secs] 
2012-10-20T04:51:58.070+0100: 37394.053: [GC 37394.053: [DefNew: 18097K->585K(19136K), 0.0051170 secs] 65058K->47577K(260032K), 0.0052140 secs] [Times: user=0.00 sys=0.00, real=0.00 secs] 
2012-10-20T04:52:45.357+0100: 37441.340: [GC 37441.340: [DefNew: 17609K->1031K(19136K), 0.0066190 secs] 64601K->48022K(260032K), 0.0067640 secs] [Times: user=0.02 sys=0.00, real=0.01 secs] 
2012-10-20T04:53:35.028+0100: 37491.011: [GC 37491.011: [DefNew: 18033K->753K(19136K), 0.0060280 secs] 65024K->47744K(260032K), 0.0061300 secs] [Times: user=0.00 sys=0.00, real=0.00 secs] 
2012-10-20T04:54:20.416+0100: 37536.399: [GC 37536.399: [DefNew: 17774K->1094K(19136K), 0.0057030 secs] 64765K->48087K(260032K), 0.0058050 secs] [Times: user=0.00 sys=0.00, real=0.01 secs] 
2012-10-20T04:55:10.257+0100: 37586.240: [GC 37586.240: [DefNew: 18097K->750K(19136K), 0.0058590 secs] 65091K->47744K(260032K), 0.0065240 secs] [Times: user=0.00 sys=0.00, real=0.01 secs] 
2012-10-20T04:56:00.370+0100: 37636.353: [GC 37636.353: [DefNew: 17754K->590K(19136K), 0.0048270 secs] 64747K->47583K(260032K), 0.0049240 secs] [Times: user=0.00 sys=0.00, real=0.00 secs] 
2012-10-20T04:56:50.120+0100: 37686.102: [GC 37686.103: [DefNew: 17612K->401K(19136K), 0.0068260 secs] 64605K->47394K(260032K), 0.0069280 secs] [Times: user=0.00 sys=0.00, real=0.00 secs] 
2012-10-20T04:57:35.158+0100: 37731.141: [GC 37731.141: [DefNew: 17425K->1100K(19136K), 0.0059750 secs] 64418K->48094K(260032K), 0.0060860 secs] [Times: user=0.00 sys=0.00, real=0.00 secs] 
2012-10-20T04:58:25.278+0100: 37781.261: [GC 37781.261: [DefNew: 18110K->748K(19136K), 0.0052490 secs] 65104K->47772K(260032K), 0.0053500 secs] [Times: user=0.00 sys=0.00, real=0.00 secs] 
2012-10-20T04:59:10.545+0100: 37826.528: [GC 37826.528: [DefNew: 17746K->1034K(19136K), 0.0108530 secs] 64770K->48058K(260032K), 0.0109760 secs] [Times: user=0.00 sys=0.00, real=0.01 secs] 
2012-10-20T05:00:00.140+0100: 37876.123: [GC 37876.123: [DefNew: 18058K->597K(19136K), 0.0059030 secs] 65082K->47621K(260032K), 0.0060040 secs] [Times: user=0.00 sys=0.00, real=0.00 secs] 
2012-10-20T05:00:45.582+0100: 37921.565: [GC 37921.565: [DefNew: 17621K->1227K(19136K), 0.0114180 secs] 64645K->48251K(260032K), 0.0115500 secs] [Times: user=0.01 sys=0.00, real=0.01 secs] 
2012-10-20T05:01:35.428+0100: 37971.411: [GC 37971.411: [DefNew: 18251K->608K(19136K), 0.0060630 secs] 65275K->47832K(260032K), 0.0068140 secs] [Times: user=0.01 sys=0.00, real=0.00 secs] 
2012-10-20T05:02:20.462+0100: 38016.445: [GC 38016.445: [DefNew: 17632K->1147K(19136K), 0.0059530 secs] 64856K->48371K(260032K), 0.0060560 secs] [Times: user=0.01 sys=0.00, real=0.01 secs] 
2012-10-20T05:03:10.346+0100: 38066.329: [GC 38066.329: [DefNew: 18171K->944K(19136K), 0.0083710 secs] 65395K->48244K(260032K), 0.0084780 secs] [Times: user=0.00 sys=0.01, real=0.01 secs] 
2012-10-20T05:03:54.355+0100: 38110.338: [GC 38110.338: [DefNew: 17968K->1090K(19136K), 0.0058340 secs] 65268K->48390K(260032K), 0.0059320 secs] [Times: user=0.01 sys=0.00, real=0.01 secs] 
2012-10-20T05:04:40.454+0100: 38156.437: [GC 38156.437: [DefNew: 18095K->1299K(19136K), 0.0069750 secs] 65395K->48599K(260032K), 0.0071040 secs] [Times: user=0.01 sys=0.00, real=0.01 secs] 
2012-10-20T05:05:30.272+0100: 38206.255: [GC 38206.255: [DefNew: 18312K->558K(19136K), 0.0052830 secs] 65612K->47964K(260032K), 0.0054000 secs] [Times: user=0.01 sys=0.00, real=0.01 secs] 
2012-10-20T05:06:15.448+0100: 38251.431: [GC 38251.431: [DefNew: 17582K->1135K(19136K), 0.0088520 secs] 64988K->48542K(260032K), 0.0089650 secs] [Times: user=0.01 sys=0.00, real=0.01 secs] 
2012-10-20T05:07:05.390+0100: 38301.373: [GC 38301.373: [DefNew: 18159K->1096K(19136K), 0.0064750 secs] 65566K->48503K(260032K), 0.0066960 secs] [Times: user=0.00 sys=0.01, real=0.00 secs] 
2012-10-20T05:07:55.322+0100: 38351.305: [GC 38351.305: [DefNew: 18120K->869K(19136K), 0.0041090 secs] 65527K->48276K(260032K), 0.0041990 secs] [Times: user=0.00 sys=0.00, real=0.00 secs] 
2012-10-20T05:08:44.284+0100: 38400.267: [GC 38400.267: [DefNew: 17893K->899K(19136K), 0.0059500 secs] 65300K->48306K(260032K), 0.0060450 secs] [Times: user=0.01 sys=0.00, real=0.01 secs] 
2012-10-20T05:09:30.433+0100: 38446.416: [GC 38446.416: [DefNew: 17923K->999K(19136K), 0.0096300 secs] 65330K->48406K(260032K), 0.0097680 secs] [Times: user=0.00 sys=0.00, real=0.01 secs] 
2012-10-20T05:10:20.194+0100: 38496.177: [GC 38496.177: [DefNew: 18023K->846K(19136K), 0.0058450 secs] 65430K->48253K(260032K), 0.0059540 secs] [Times: user=0.00 sys=0.00, real=0.01 secs] 
2012-10-20T05:11:05.473+0100: 38541.456: [GC 38541.456: [DefNew: 17838K->1095K(19136K), 0.0061010 secs] 65246K->48532K(260032K), 0.0062140 secs] [Times: user=0.01 sys=0.00, real=0.01 secs] 
2012-10-20T05:11:55.230+0100: 38591.213: [GC 38591.213: [DefNew: 18119K->912K(19136K), 0.0057070 secs] 65556K->48474K(260032K), 0.0058070 secs] [Times: user=0.00 sys=0.00, real=0.00 secs] 
2012-10-20T05:12:45.213+0100: 38641.196: [GC 38641.196: [DefNew: 17936K->817K(19136K), 0.0054540 secs] 65498K->48379K(260032K), 0.0055540 secs] [Times: user=0.01 sys=0.00, real=0.01 secs] 
2012-10-20T05:13:35.612+0100: 38691.595: [GC 38691.595: [DefNew: 17829K->683K(19136K), 0.0059760 secs] 65391K->48245K(260032K), 0.0060800 secs] [Times: user=0.00 sys=0.00, real=0.01 secs] 
2012-10-20T05:14:20.548+0100: 38736.531: [GC 38736.531: [DefNew: 17707K->947K(19136K), 0.0056290 secs] 65269K->48509K(260032K), 0.0057330 secs] [Times: user=0.00 sys=0.00, real=0.00 secs] 
2012-10-20T05:15:08.268+0100: 38784.251: [GC 38784.251: [DefNew: 17971K->530K(19136K), 0.0048240 secs] 65533K->48122K(260032K), 0.0049240 secs] [Times: user=0.00 sys=0.00, real=0.00 secs] 
2012-10-20T05:15:55.472+0100: 38831.455: [GC 38831.455: [DefNew: 17554K->1231K(19136K), 0.0059430 secs] 65146K->48823K(260032K), 0.0060560 secs] [Times: user=0.02 sys=0.00, real=0.01 secs] 
2012-10-20T05:16:45.448+0100: 38881.431: [GC 38881.431: [DefNew: 18255K->848K(19136K), 0.0060760 secs] 65847K->48610K(260032K), 0.0061740 secs] [Times: user=0.00 sys=0.00, real=0.00 secs] 
2012-10-20T05:17:35.296+0100: 38931.279: [GC 38931.279: [DefNew: 17872K->432K(19136K), 0.0064860 secs] 65634K->48193K(260032K), 0.0065900 secs] [Times: user=0.01 sys=0.00, real=0.01 secs] 
2012-10-20T05:18:20.519+0100: 38976.502: [GC 38976.502: [DefNew: 17456K->1128K(19136K), 0.0060060 secs] 65217K->48890K(260032K), 0.0061300 secs] [Times: user=0.00 sys=0.00, real=0.00 secs] 
2012-10-20T05:19:05.422+0100: 39021.405: [GC 39021.405: [DefNew: 18152K->1074K(19136K), 0.0059800 secs] 65914K->48868K(260032K), 0.0060820 secs] [Times: user=0.01 sys=0.00, real=0.01 secs] 
2012-10-20T05:19:55.446+0100: 39071.429: [GC 39071.429: [DefNew: 18098K->474K(19136K), 0.0053040 secs] 65892K->48331K(260032K), 0.0054060 secs] [Times: user=0.00 sys=0.00, real=0.01 secs] 
2012-10-20T05:20:40.587+0100: 39116.570: [GC 39116.570: [DefNew: 17498K->1178K(19136K), 0.0140240 secs] 65355K->49034K(260032K), 0.0141920 secs] [Times: user=0.00 sys=0.00, real=0.02 secs] 
2012-10-20T05:21:30.325+0100: 39166.308: [GC 39166.309: [DefNew: 18202K->972K(19136K), 0.0062130 secs] 66058K->48902K(260032K), 0.0063510 secs] [Times: user=0.01 sys=0.00, real=0.01 secs] 
2012-10-20T05:22:20.337+0100: 39216.320: [GC 39216.320: [DefNew: 17992K->466K(19136K), 0.0047690 secs] 65923K->48396K(260032K), 0.0048660 secs] [Times: user=0.00 sys=0.00, real=0.01 secs] 
2012-10-20T05:23:05.627+0100: 39261.610: [GC 39261.610: [DefNew: 17490K->560K(19136K), 0.0057310 secs] 65420K->48491K(260032K), 0.0058390 secs] [Times: user=0.01 sys=0.00, real=0.01 secs] 
2012-10-20T05:23:50.515+0100: 39306.497: [GC 39306.498: [DefNew: 17554K->877K(19136K), 0.0061040 secs] 65485K->48807K(260032K), 0.0062230 secs] [Times: user=0.01 sys=0.00, real=0.01 secs] 
2012-10-20T05:24:41.380+0100: 39357.363: [GC 39357.363: [DefNew: 17901K->372K(19136K), 0.0043750 secs] 65831K->48303K(260032K), 0.0044660 secs] [Times: user=0.00 sys=0.00, real=0.00 secs] 
2012-10-20T05:25:27.359+0100: 39403.342: [GC 39403.342: [DefNew: 17382K->1003K(19136K), 0.0059940 secs] 65313K->48934K(260032K), 0.0061000 secs] [Times: user=0.00 sys=0.00, real=0.00 secs] 
2012-10-20T05:26:10.596+0100: 39446.579: [GC 39446.579: [DefNew: 18027K->1063K(19136K), 0.0063450 secs] 65958K->48995K(260032K), 0.0064580 secs] [Times: user=0.01 sys=0.00, real=0.01 secs] 
2012-10-20T05:27:00.304+0100: 39496.287: [GC 39496.287: [DefNew: 18087K->1101K(19136K), 0.0060050 secs] 66019K->49034K(260032K), 0.0061100 secs] [Times: user=0.02 sys=0.00, real=0.01 secs] 
2012-10-20T05:27:46.299+0100: 39542.281: [GC 39542.282: [DefNew: 18094K->1159K(19136K), 0.0060310 secs] 66027K->49092K(260032K), 0.0061350 secs] [Times: user=0.00 sys=0.00, real=0.00 secs] 
2012-10-20T05:28:35.579+0100: 39591.562: [GC 39591.562: [DefNew: 18179K->905K(19136K), 0.0057580 secs] 66113K->48901K(260032K), 0.0058560 secs] [Times: user=0.00 sys=0.00, real=0.00 secs] 
2012-10-20T05:29:05.439+0100: 39621.422: [GC 39621.422: [DefNew: 17929K->867K(19136K), 0.0053020 secs] 65925K->48862K(260032K), 0.0054140 secs] [Times: user=0.00 sys=0.00, real=0.00 secs] 
2012-10-20T05:29:54.620+0100: 39670.603: [GC 39670.603: [DefNew: 17891K->921K(19136K), 0.0055620 secs] 65886K->48916K(260032K), 0.0056570 secs] [Times: user=0.01 sys=0.00, real=0.00 secs] 
2012-10-20T05:30:40.585+0100: 39716.568: [GC 39716.568: [DefNew: 17945K->1150K(19136K), 0.0063870 secs] 65940K->49145K(260032K), 0.0065050 secs] [Times: user=0.01 sys=0.00, real=0.01 secs] 
2012-10-20T05:31:30.549+0100: 39766.532: [GC 39766.532: [DefNew: 18151K->621K(19136K), 0.0059810 secs] 66146K->48681K(260032K), 0.0066110 secs] [Times: user=0.00 sys=0.00, real=0.00 secs] 
2012-10-20T05:32:20.564+0100: 39816.547: [GC 39816.547: [DefNew: 17644K->777K(19136K), 0.0051350 secs] 65705K->48837K(260032K), 0.0054160 secs] [Times: user=0.01 sys=0.00, real=0.01 secs] 
2012-10-20T05:33:05.697+0100: 39861.680: [GC 39861.680: [DefNew: 17801K->1162K(19136K), 0.0111100 secs] 65861K->49223K(260032K), 0.0112350 secs] [Times: user=0.00 sys=0.00, real=0.01 secs] 
2012-10-20T05:33:54.519+0100: 39910.502: [GC 39910.502: [DefNew: 18186K->1005K(19136K), 0.0057730 secs] 66247K->49066K(260032K), 0.0058660 secs] [Times: user=0.00 sys=0.00, real=0.00 secs] 
2012-10-20T05:34:45.527+0100: 39961.510: [GC 39961.510: [DefNew: 18007K->557K(19136K), 0.0048140 secs] 66068K->48618K(260032K), 0.0049120 secs] [Times: user=0.01 sys=0.00, real=0.01 secs] 
2012-10-20T05:35:30.395+0100: 40006.378: [GC 40006.378: [DefNew: 17581K->980K(19136K), 0.0074490 secs] 65642K->49041K(260032K), 0.0075610 secs] [Times: user=0.01 sys=0.00, real=0.01 secs] 
2012-10-20T05:36:15.742+0100: 40051.725: [GC 40051.725: [DefNew: 18003K->1263K(19136K), 0.0060660 secs] 66065K->49324K(260032K), 0.0061720 secs] [Times: user=0.01 sys=0.00, real=0.01 secs] 
2012-10-20T05:37:05.655+0100: 40101.638: [GC 40101.638: [DefNew: 18287K->1062K(19136K), 0.0069120 secs] 66348K->49354K(260032K), 0.0070350 secs] [Times: user=0.01 sys=0.00, real=0.01 secs] 
2012-10-20T05:37:55.446+0100: 40151.429: [GC 40151.429: [DefNew: 18073K->697K(19136K), 0.0071420 secs] 66366K->49145K(260032K), 0.0073390 secs] [Times: user=0.01 sys=0.00, real=0.01 secs] 
2012-10-20T05:38:44.346+0100: 40200.329: [GC 40200.329: [DefNew: 17717K->616K(19136K), 0.0049480 secs] 66165K->49064K(260032K), 0.0050440 secs] [Times: user=0.01 sys=0.00, real=0.01 secs] 
2012-10-20T05:39:30.818+0100: 40246.801: [GC 40246.801: [DefNew: 17640K->1199K(19136K), 0.0065730 secs] 66088K->49647K(260032K), 0.0066780 secs] [Times: user=0.00 sys=0.00, real=0.00 secs] 
2012-10-20T05:40:20.606+0100: 40296.589: [GC 40296.589: [DefNew: 18210K->625K(19136K), 0.0064670 secs] 66658K->49239K(260032K), 0.0065830 secs] [Times: user=0.01 sys=0.00, real=0.01 secs] 
2012-10-20T05:41:05.693+0100: 40341.676: [GC 40341.676: [DefNew: 17649K->1073K(19136K), 0.0070540 secs] 66263K->49687K(260032K), 0.0071370 secs] [Times: user=0.00 sys=0.01, real=0.01 secs] 
2012-10-20T05:41:55.641+0100: 40391.624: [GC 40391.624: [DefNew: 18088K->779K(19136K), 0.0062360 secs] 66702K->49394K(260032K), 0.0063320 secs] [Times: user=0.00 sys=0.00, real=0.00 secs] 
2012-10-20T05:42:45.778+0100: 40441.761: [GC 40441.761: [DefNew: 17803K->593K(19136K), 0.0034810 secs] 66418K->49207K(260032K), 0.0035700 secs] [Times: user=0.00 sys=0.00, real=0.00 secs] 
2012-10-20T05:43:30.713+0100: 40486.696: [GC 40486.696: [DefNew: 17617K->1033K(19136K), 0.0132020 secs] 66231K->49648K(260032K), 0.0133320 secs] [Times: user=0.00 sys=0.01, real=0.01 secs] 
2012-10-20T05:44:20.501+0100: 40536.484: [GC 40536.484: [DefNew: 18028K->719K(19136K), 0.0054410 secs] 66643K->49334K(260032K), 0.0055410 secs] [Times: user=0.00 sys=0.00, real=0.00 secs] 
2012-10-20T05:45:05.802+0100: 40581.785: [GC 40581.785: [DefNew: 17743K->1160K(19136K), 0.0061460 secs] 66358K->49775K(260032K), 0.0062500 secs] [Times: user=0.01 sys=0.00, real=0.01 secs] 
2012-10-20T05:45:54.784+0100: 40630.767: [GC 40630.767: [DefNew: 18183K->842K(19136K), 0.0054860 secs] 66798K->49520K(260032K), 0.0056240 secs] [Times: user=0.01 sys=0.00, real=0.01 secs] 
2012-10-20T05:46:40.442+0100: 40676.425: [GC 40676.425: [DefNew: 17859K->1158K(19136K), 0.0059390 secs] 66537K->49835K(260032K), 0.0060570 secs] [Times: user=0.01 sys=0.00, real=0.01 secs] 
2012-10-20T05:47:30.494+0100: 40726.477: [GC 40726.477: [DefNew: 18182K->660K(19136K), 0.0061030 secs] 66859K->49558K(260032K), 0.0062100 secs] [Times: user=0.01 sys=0.00, real=0.01 secs] 
2012-10-20T05:48:20.413+0100: 40776.396: [GC 40776.396: [DefNew: 17684K->463K(19136K), 0.0047600 secs] 66582K->49360K(260032K), 0.0048530 secs] [Times: user=0.01 sys=0.00, real=0.01 secs] 
2012-10-20T05:49:05.511+0100: 40821.494: [GC 40821.494: [DefNew: 17481K->878K(19136K), 0.0053910 secs] 66379K->49775K(260032K), 0.0054900 secs] [Times: user=0.00 sys=0.00, real=0.00 secs] 
2012-10-20T05:49:55.500+0100: 40871.483: [GC 40871.483: [DefNew: 17872K->463K(19136K), 0.0044680 secs] 66770K->49362K(260032K), 0.0045600 secs] [Times: user=0.00 sys=0.00, real=0.00 secs] 
2012-10-20T05:50:40.886+0100: 40916.869: [GC 40916.869: [DefNew: 17487K->1287K(19136K), 0.0061690 secs] 66386K->50186K(260032K), 0.0062720 secs] [Times: user=0.00 sys=0.00, real=0.01 secs] 
2012-10-20T05:51:30.485+0100: 40966.468: [GC 40966.468: [DefNew: 18303K->750K(19136K), 0.0060180 secs] 67202K->49806K(260032K), 0.0061230 secs] [Times: user=0.01 sys=0.00, real=0.01 secs] 
2012-10-20T05:52:15.862+0100: 41011.845: [GC 41011.846: [DefNew: 17774K->1101K(19136K), 0.0059010 secs] 66830K->50157K(260032K), 0.0060140 secs] [Times: user=0.01 sys=0.00, real=0.01 secs] 
2012-10-20T05:53:00.837+0100: 41056.820: [GC 41056.820: [DefNew: 18125K->1295K(19136K), 0.0072300 secs] 67181K->50414K(260032K), 0.0073520 secs] [Times: user=0.01 sys=0.00, real=0.01 secs] 
2012-10-20T05:53:51.120+0100: 41107.102: [GC 41107.103: [DefNew: 18318K->907K(19136K), 0.0066330 secs] 67436K->50255K(260032K), 0.0067470 secs] [Times: user=0.00 sys=0.00, real=0.00 secs] 
2012-10-20T05:54:40.614+0100: 41156.597: [GC 41156.597: [DefNew: 17931K->879K(19136K), 0.0055080 secs] 67279K->50226K(260032K), 0.0056040 secs] [Times: user=0.02 sys=0.00, real=0.01 secs] 
2012-10-20T05:55:30.858+0100: 41206.841: [GC 41206.841: [DefNew: 17881K->372K(19136K), 0.0044290 secs] 67228K->49720K(260032K), 0.0045610 secs] [Times: user=0.01 sys=0.00, real=0.00 secs] 
2012-10-20T05:56:15.745+0100: 41251.728: [GC 41251.728: [DefNew: 17377K->964K(19136K), 0.0054180 secs] 66725K->50311K(260032K), 0.0055220 secs] [Times: user=0.00 sys=0.00, real=0.01 secs] 
2012-10-20T05:57:05.542+0100: 41301.525: [GC 41301.525: [DefNew: 17988K->623K(19136K), 0.0049200 secs] 67335K->49971K(260032K), 0.0050210 secs] [Times: user=0.00 sys=0.00, real=0.00 secs] 
2012-10-20T05:57:50.595+0100: 41346.578: [GC 41346.578: [DefNew: 17647K->839K(19136K), 0.0073810 secs] 66995K->50187K(260032K), 0.0074850 secs] [Times: user=0.00 sys=0.00, real=0.01 secs] 
2012-10-20T05:58:40.683+0100: 41396.666: [GC 41396.666: [DefNew: 17841K->589K(19136K), 0.0049140 secs] 67189K->49937K(260032K), 0.0055940 secs] [Times: user=0.00 sys=0.01, real=0.01 secs] 
2012-10-20T05:59:26.293+0100: 41442.276: [GC 41442.276: [DefNew: 17596K->1063K(19136K), 0.0060640 secs] 66944K->50411K(260032K), 0.0061800 secs] [Times: user=0.01 sys=0.00, real=0.01 secs] 
2012-10-20T06:00:15.770+0100: 41491.753: [GC 41491.753: [DefNew: 18087K->913K(19136K), 0.0058780 secs] 67435K->50291K(260032K), 0.0059800 secs] [Times: user=0.01 sys=0.00, real=0.00 secs] 
2012-10-20T06:01:05.854+0100: 41541.837: [GC 41541.837: [DefNew: 17905K->722K(19136K), 0.0061620 secs] 67283K->50100K(260032K), 0.0081900 secs] [Times: user=0.00 sys=0.00, real=0.01 secs] 
2012-10-20T06:01:54.921+0100: 41590.904: [GC 41590.904: [DefNew: 17746K->433K(19136K), 0.0031960 secs] 67124K->49811K(260032K), 0.0032700 secs] [Times: user=0.01 sys=0.00, real=0.00 secs] 
2012-10-20T06:02:41.041+0100: 41637.024: [GC 41637.024: [DefNew: 17457K->1201K(19136K), 0.0068080 secs] 66835K->50579K(260032K), 0.0069210 secs] [Times: user=0.00 sys=0.00, real=0.01 secs] 
2012-10-20T06:03:30.934+0100: 41686.917: [GC 41686.917: [DefNew: 18225K->858K(19136K), 0.0062230 secs] 67603K->50339K(260032K), 0.0063320 secs] [Times: user=0.00 sys=0.00, real=0.01 secs] 
2012-10-20T06:04:15.686+0100: 41731.669: [GC 41731.669: [DefNew: 17882K->1023K(19136K), 0.0057310 secs] 67363K->50504K(260032K), 0.0058400 secs] [Times: user=0.00 sys=0.00, real=0.01 secs] 
2012-10-20T06:05:01.419+0100: 41777.402: [GC 41777.402: [DefNew: 18047K->1256K(19136K), 0.0059900 secs] 67528K->50737K(260032K), 0.0060980 secs] [Times: user=0.00 sys=0.01, real=0.00 secs] 
2012-10-20T06:05:55.938+0100: 41831.921: [GC 41831.921: [DefNew: 18280K->442K(19136K), 0.0053380 secs] 67761K->50028K(260032K), 0.0055750 secs] [Times: user=0.01 sys=0.00, real=0.00 secs] 
2012-10-20T06:06:35.629+0100: 41871.611: [GC 41871.612: [DefNew: 17451K->1006K(19136K), 0.0057640 secs] 67038K->50593K(260032K), 0.0058730 secs] [Times: user=0.00 sys=0.00, real=0.00 secs] 
2012-10-20T06:07:25.918+0100: 41921.901: [GC 41921.901: [DefNew: 18023K->953K(19136K), 0.0077390 secs] 67610K->50539K(260032K), 0.0078540 secs] [Times: user=0.00 sys=0.00, real=0.00 secs] 
2012-10-20T06:08:15.823+0100: 41971.806: [GC 41971.806: [DefNew: 17973K->575K(19136K), 0.0048480 secs] 67560K->50161K(260032K), 0.0049480 secs] [Times: user=0.01 sys=0.00, real=0.01 secs] 
2012-10-20T06:09:00.680+0100: 42016.662: [GC 42016.663: [DefNew: 17599K->1108K(19136K), 0.0059930 secs] 67185K->50756K(260032K), 0.0061040 secs] [Times: user=0.00 sys=0.00, real=0.00 secs] 
2012-10-20T06:09:50.655+0100: 42066.638: [GC 42066.638: [DefNew: 18128K->941K(19136K), 0.0078210 secs] 67776K->50664K(260032K), 0.0079430 secs] [Times: user=0.01 sys=0.00, real=0.01 secs] 
2012-10-20T06:10:40.648+0100: 42116.631: [GC 42116.631: [DefNew: 17965K->306K(19136K), 0.0042490 secs] 67688K->50029K(260032K), 0.0043420 secs] [Times: user=0.00 sys=0.00, real=0.00 secs] 
2012-10-20T06:11:25.845+0100: 42161.828: [GC 42161.828: [DefNew: 17330K->979K(19136K), 0.0064280 secs] 67053K->50701K(260032K), 0.0065460 secs] [Times: user=0.01 sys=0.00, real=0.01 secs] 
2012-10-20T06:12:15.752+0100: 42211.735: [GC 42211.735: [DefNew: 17986K->651K(19136K), 0.0050560 secs] 67708K->50373K(260032K), 0.0051480 secs] [Times: user=0.01 sys=0.00, real=0.01 secs] 
2012-10-20T06:13:05.743+0100: 42261.726: [GC 42261.726: [DefNew: 17675K->400K(19136K), 0.0045390 secs] 67397K->50123K(260032K), 0.0046310 secs] [Times: user=0.01 sys=0.00, real=0.01 secs] 
2012-10-20T06:13:50.805+0100: 42306.788: [GC 42306.788: [DefNew: 17424K->969K(19136K), 0.0073870 secs] 67147K->50691K(260032K), 0.0075000 secs] [Times: user=0.00 sys=0.00, real=0.01 secs] 
2012-10-20T06:14:35.998+0100: 42351.981: [GC 42351.981: [DefNew: 17993K->977K(19136K), 0.0057120 secs] 67715K->50730K(260032K), 0.0058210 secs] [Times: user=0.00 sys=0.00, real=0.00 secs] 
2012-10-20T06:15:25.744+0100: 42401.727: [GC 42401.727: [DefNew: 18001K->601K(19136K), 0.0082950 secs] 67754K->50354K(260032K), 0.0086930 secs] [Times: user=0.00 sys=0.00, real=0.01 secs] 
2012-10-20T06:16:11.102+0100: 42447.085: [GC 42447.085: [DefNew: 17625K->1098K(19136K), 0.0057820 secs] 67378K->50851K(260032K), 0.0058970 secs] [Times: user=0.01 sys=0.00, real=0.01 secs] 
2012-10-20T06:17:00.864+0100: 42496.847: [GC 42496.848: [DefNew: 18114K->749K(19136K), 0.0055820 secs] 67867K->50575K(260032K), 0.0062310 secs] [Times: user=0.00 sys=0.00, real=0.01 secs] 
2012-10-20T06:17:50.788+0100: 42546.771: [GC 42546.771: [DefNew: 17753K->401K(19136K), 0.0044500 secs] 67579K->50227K(260032K), 0.0045440 secs] [Times: user=0.00 sys=0.00, real=0.00 secs] 
2012-10-20T06:18:35.859+0100: 42591.842: [GC 42591.842: [DefNew: 17421K->937K(19136K), 0.0055520 secs] 67247K->50763K(260032K), 0.0056470 secs] [Times: user=0.00 sys=0.00, real=0.00 secs] 
2012-10-20T06:19:25.650+0100: 42641.633: [GC 42641.633: [DefNew: 17954K->620K(19136K), 0.0049920 secs] 67781K->50447K(260032K), 0.0050920 secs] [Times: user=0.00 sys=0.01, real=0.00 secs] 
2012-10-20T06:20:10.927+0100: 42686.910: [GC 42686.910: [DefNew: 17637K->876K(19136K), 0.0055350 secs] 67463K->50703K(260032K), 0.0056290 secs] [Times: user=0.00 sys=0.00, real=0.01 secs] 
2012-10-20T06:20:55.973+0100: 42731.956: [GC 42731.956: [DefNew: 17900K->1509K(19136K), 0.0072860 secs] 67727K->51365K(260032K), 0.0074030 secs] [Times: user=0.00 sys=0.00, real=0.01 secs] 
2012-10-20T06:21:45.721+0100: 42781.703: [GC 42781.704: [DefNew: 18533K->719K(19136K), 0.0052300 secs] 68389K->50670K(260032K), 0.0053430 secs] [Times: user=0.00 sys=0.00, real=0.00 secs] 
2012-10-20T06:22:30.937+0100: 42826.920: [GC 42826.920: [DefNew: 17743K->1320K(19136K), 0.0065090 secs] 67694K->51271K(260032K), 0.0066570 secs] [Times: user=0.01 sys=0.00, real=0.01 secs] 
2012-10-20T06:23:20.759+0100: 42876.742: [GC 42876.742: [DefNew: 18344K->680K(19136K), 0.0075290 secs] 68295K->50821K(260032K), 0.0076390 secs] [Times: user=0.00 sys=0.00, real=0.00 secs] 
2012-10-20T06:24:06.276+0100: 42922.259: [GC 42922.259: [DefNew: 17704K->1070K(19136K), 0.0058100 secs] 67845K->51210K(260032K), 0.0059450 secs] [Times: user=0.01 sys=0.00, real=0.01 secs] 
2012-10-20T06:24:56.062+0100: 42972.045: [GC 42972.045: [DefNew: 18094K->908K(19136K), 0.0060280 secs] 68234K->51110K(260032K), 0.0062720 secs] [Times: user=0.02 sys=0.00, real=0.01 secs] 
2012-10-20T06:25:41.086+0100: 43017.069: [GC 43017.069: [DefNew: 17932K->1026K(19136K), 0.0106440 secs] 68134K->51229K(260032K), 0.0108210 secs] [Times: user=0.00 sys=0.00, real=0.01 secs] 
2012-10-20T06:26:30.774+0100: 43066.757: [GC 43066.757: [DefNew: 18050K->941K(19136K), 0.0063090 secs] 68253K->51143K(260032K), 0.0064220 secs] [Times: user=0.00 sys=0.00, real=0.01 secs] 
2012-10-20T06:27:20.773+0100: 43116.756: [GC 43116.756: [DefNew: 17962K->942K(19136K), 0.0059480 secs] 68165K->51144K(260032K), 0.0060860 secs] [Times: user=0.00 sys=0.00, real=0.01 secs] 
2012-10-20T06:28:10.804+0100: 43166.786: [GC 43166.787: [DefNew: 17956K->496K(19136K), 0.0083720 secs] 68158K->50761K(260032K), 0.0084830 secs] [Times: user=0.01 sys=0.00, real=0.01 secs] 
2012-10-20T06:28:51.496+0100: 43207.479: [GC 43207.479: [DefNew: 17520K->1266K(19136K), 0.0064490 secs] 67785K->51530K(260032K), 0.0065580 secs] [Times: user=0.00 sys=0.00, real=0.01 secs] 
2012-10-20T06:29:10.836+0100: 43226.819: [GC 43226.819: [DefNew: 18290K->734K(19136K), 0.0081820 secs] 68554K->51203K(260032K), 0.0082880 secs] [Times: user=0.00 sys=0.00, real=0.01 secs] 
2012-10-20T06:30:00.882+0100: 43276.865: [GC 43276.865: [DefNew: 17756K->663K(19136K), 0.0053030 secs] 68224K->51132K(260032K), 0.0059290 secs] [Times: user=0.01 sys=0.00, real=0.01 secs] 
2012-10-20T06:30:51.004+0100: 43326.987: [GC 43326.987: [DefNew: 17670K->533K(19136K), 0.0048190 secs] 68138K->51001K(260032K), 0.0049160 secs] [Times: user=0.00 sys=0.00, real=0.01 secs] 
2012-10-20T06:31:36.064+0100: 43372.047: [GC 43372.047: [DefNew: 17536K->1101K(19136K), 0.0059280 secs] 68005K->51569K(260032K), 0.0060820 secs] [Times: user=0.00 sys=0.00, real=0.01 secs] 
2012-10-20T06:32:25.860+0100: 43421.843: [GC 43421.843: [DefNew: 18102K->811K(19136K), 0.0088890 secs] 68570K->51286K(260032K), 0.0090240 secs] [Times: user=0.01 sys=0.00, real=0.01 secs] 
2012-10-20T06:33:11.128+0100: 43467.111: [GC 43467.111: [DefNew: 17806K->1155K(19136K), 0.0057160 secs] 68281K->51630K(260032K), 0.0058200 secs] [Times: user=0.00 sys=0.00, real=0.00 secs] 
2012-10-20T06:34:00.933+0100: 43516.916: [GC 43516.916: [DefNew: 18179K->873K(19136K), 0.0059550 secs] 68654K->51378K(260032K), 0.0060590 secs] [Times: user=0.00 sys=0.00, real=0.01 secs] 
2012-10-20T06:34:46.153+0100: 43562.136: [GC 43562.136: [DefNew: 17897K->1197K(19136K), 0.0066930 secs] 68402K->51703K(260032K), 0.0068010 secs] [Times: user=0.00 sys=0.00, real=0.01 secs] 
2012-10-20T06:35:35.881+0100: 43611.864: [GC 43611.864: [DefNew: 18221K->891K(19136K), 0.0069650 secs] 68727K->51459K(260032K), 0.0070840 secs] [Times: user=0.00 sys=0.01, real=0.01 secs] 
2012-10-20T06:36:26.082+0100: 43662.065: [GC 43662.065: [DefNew: 17888K->825K(19136K), 0.0058380 secs] 68456K->51393K(260032K), 0.0059650 secs] [Times: user=0.01 sys=0.00, real=0.01 secs] 
2012-10-20T06:37:16.103+0100: 43712.086: [GC 43712.086: [DefNew: 17849K->444K(19136K), 0.0048070 secs] 68417K->51011K(260032K), 0.0049030 secs] [Times: user=0.01 sys=0.00, real=0.01 secs] 
2012-10-20T06:38:00.893+0100: 43756.876: [GC 43756.876: [DefNew: 17468K->1054K(19136K), 0.0105840 secs] 68035K->51622K(260032K), 0.0106910 secs] [Times: user=0.01 sys=0.00, real=0.01 secs] 
2012-10-20T06:38:50.858+0100: 43806.841: [GC 43806.841: [DefNew: 18076K->714K(19136K), 0.0062260 secs] 68644K->51356K(260032K), 0.0063290 secs] [Times: user=0.01 sys=0.00, real=0.00 secs] 
2012-10-20T06:39:36.280+0100: 43852.263: [GC 43852.263: [DefNew: 17729K->1074K(19136K), 0.0060840 secs] 68371K->51746K(260032K), 0.0061870 secs] [Times: user=0.00 sys=0.00, real=0.00 secs] 
2012-10-20T06:40:25.938+0100: 43901.921: [GC 43901.921: [DefNew: 18098K->816K(19136K), 0.0060660 secs] 68770K->51561K(260032K), 0.0061710 secs] [Times: user=0.00 sys=0.00, real=0.00 secs] 
2012-10-20T06:41:16.033+0100: 43952.016: [GC 43952.016: [DefNew: 17840K->369K(19136K), 0.0049270 secs] 68585K->51114K(260032K), 0.0050310 secs] [Times: user=0.01 sys=0.00, real=0.01 secs] 
2012-10-20T06:42:01.449+0100: 43997.432: [GC 43997.432: [DefNew: 17387K->1062K(19136K), 0.0062810 secs] 68131K->51807K(260032K), 0.0064030 secs] [Times: user=0.01 sys=0.00, real=0.00 secs] 
2012-10-20T06:42:50.882+0100: 44046.865: [GC 44046.865: [DefNew: 18086K->781K(19136K), 0.0092410 secs] 68831K->51589K(260032K), 0.0094500 secs] [Times: user=0.00 sys=0.01, real=0.01 secs] 
2012-10-20T06:43:40.956+0100: 44096.938: [GC 44096.939: [DefNew: 17778K->306K(19136K), 0.0042610 secs] 68585K->51114K(260032K), 0.0043560 secs] [Times: user=0.00 sys=0.00, real=0.01 secs] 
2012-10-20T06:44:25.893+0100: 44141.876: [GC 44141.876: [DefNew: 17316K->777K(19136K), 0.0061430 secs] 68124K->51585K(260032K), 0.0062590 secs] [Times: user=0.01 sys=0.00, real=0.01 secs] 
2012-10-20T06:45:11.355+0100: 44187.338: [GC 44187.338: [DefNew: 17801K->1221K(19136K), 0.0062130 secs] 68609K->52028K(260032K), 0.0063460 secs] [Times: user=0.01 sys=0.00, real=0.01 secs] 
2012-10-20T06:45:56.645+0100: 44232.628: [GC 44232.628: [DefNew: 18245K->1512K(19136K), 0.0073030 secs] 69052K->52475K(260032K), 0.0074130 secs] [Times: user=0.01 sys=0.00, real=0.01 secs] 
2012-10-20T06:46:46.248+0100: 44282.231: [GC 44282.231: [DefNew: 18532K->1194K(19136K), 0.0122220 secs] 69496K->52381K(260032K), 0.0123530 secs] [Times: user=0.00 sys=0.00, real=0.01 secs] 
2012-10-20T06:47:31.285+0100: 44327.268: [GC 44327.268: [DefNew: 18218K->993K(19136K), 0.0067260 secs] 69405K->52425K(260032K), 0.0068370 secs] [Times: user=0.01 sys=0.00, real=0.01 secs] 
2012-10-20T06:48:22.253+0100: 44378.235: [GC 44378.236: [DefNew: 18017K->1076K(19136K), 0.0058340 secs] 69449K->52508K(260032K), 0.0059350 secs] [Times: user=0.00 sys=0.00, real=0.01 secs] 
2012-10-20T06:49:11.072+0100: 44427.055: [GC 44427.055: [DefNew: 18089K->465K(19136K), 0.0048060 secs] 69521K->51945K(260032K), 0.0049000 secs] [Times: user=0.00 sys=0.00, real=0.00 secs] 
2012-10-20T06:49:56.368+0100: 44472.351: [GC 44472.351: [DefNew: 17489K->1126K(19136K), 0.0058930 secs] 68969K->52606K(260032K), 0.0059950 secs] [Times: user=0.00 sys=0.00, real=0.00 secs] 
2012-10-20T06:50:45.906+0100: 44521.889: [GC 44521.889: [DefNew: 18150K->1044K(19136K), 0.0062770 secs] 69630K->52586K(260032K), 0.0064310 secs] [Times: user=0.00 sys=0.00, real=0.01 secs] 
2012-10-20T06:51:31.226+0100: 44567.209: [GC 44567.209: [DefNew: 18068K->1060K(19136K), 0.0062750 secs] 69610K->52602K(260032K), 0.0063930 secs] [Times: user=0.01 sys=0.00, real=0.01 secs] 
2012-10-20T06:52:20.950+0100: 44616.933: [GC 44616.933: [DefNew: 18084K->973K(19136K), 0.0057570 secs] 69626K->52515K(260032K), 0.0058530 secs] [Times: user=0.00 sys=0.00, real=0.00 secs] 
2012-10-20T06:53:11.134+0100: 44667.117: [GC 44667.117: [DefNew: 17990K->624K(19136K), 0.0051690 secs] 69532K->52166K(260032K), 0.0052720 secs] [Times: user=0.00 sys=0.00, real=0.01 secs] 
2012-10-20T06:53:55.999+0100: 44711.982: [GC 44711.982: [DefNew: 17648K->1126K(19136K), 0.0066350 secs] 69190K->52698K(260032K), 0.0067490 secs] [Times: user=0.00 sys=0.00, real=0.00 secs] 
2012-10-20T06:54:45.980+0100: 44761.963: [GC 44761.963: [DefNew: 18134K->622K(19136K), 0.0051620 secs] 69706K->52194K(260032K), 0.0052670 secs] [Times: user=0.00 sys=0.00, real=0.00 secs] 
2012-10-20T06:55:31.312+0100: 44807.295: [GC 44807.295: [DefNew: 17646K->1197K(19136K), 0.0060800 secs] 69218K->52769K(260032K), 0.0061860 secs] [Times: user=0.01 sys=0.00, real=0.01 secs] 
2012-10-20T06:56:21.048+0100: 44857.031: [GC 44857.031: [DefNew: 18202K->434K(19136K), 0.0050080 secs] 69775K->52162K(260032K), 0.0051030 secs] [Times: user=0.00 sys=0.00, real=0.00 secs] 
2012-10-20T06:57:10.998+0100: 44906.981: [GC 44906.981: [DefNew: 17458K->274K(19136K), 0.0043500 secs] 69186K->52002K(260032K), 0.0044490 secs] [Times: user=0.01 sys=0.00, real=0.00 secs] 
2012-10-20T06:57:56.022+0100: 44952.004: [GC 44952.005: [DefNew: 17298K->653K(19136K), 0.0051100 secs] 69026K->52381K(260032K), 0.0052070 secs] [Times: user=0.00 sys=0.00, real=0.00 secs] 
2012-10-20T06:58:44.252+0100: 45000.235: [GC 45000.235: [DefNew: 17677K->686K(19136K), 0.0049800 secs] 69405K->52414K(260032K), 0.0050750 secs] [Times: user=0.00 sys=0.00, real=0.00 secs] 
2012-10-20T06:59:31.122+0100: 45047.104: [GC 45047.105: [DefNew: 17688K->781K(19136K), 0.0075850 secs] 69416K->52509K(260032K), 0.0076930 secs] [Times: user=0.00 sys=0.00, real=0.01 secs] 
2012-10-20T07:00:16.373+0100: 45092.356: [GC 45092.356: [DefNew: 17805K->1096K(19136K), 0.0058040 secs] 69533K->52825K(260032K), 0.0059110 secs] [Times: user=0.00 sys=0.00, real=0.01 secs] 
2012-10-20T07:01:06.040+0100: 45142.023: [GC 45142.023: [DefNew: 18120K->1030K(19136K), 0.0065630 secs] 69849K->52851K(260032K), 0.0066600 secs] [Times: user=0.01 sys=0.00, real=0.00 secs] 
2012-10-20T07:01:56.069+0100: 45192.052: [GC 45192.052: [DefNew: 18051K->1004K(19136K), 0.0057740 secs] 69871K->52824K(260032K), 0.0058780 secs] [Times: user=0.00 sys=0.01, real=0.00 secs] 
2012-10-20T07:02:41.357+0100: 45237.340: [GC 45237.340: [DefNew: 18028K->1262K(19136K), 0.0061770 secs] 69848K->53082K(260032K), 0.0062820 secs] [Times: user=0.00 sys=0.00, real=0.01 secs] 
2012-10-20T07:03:31.145+0100: 45287.128: [GC 45287.128: [DefNew: 18272K->402K(19136K), 0.0053570 secs] 70092K->52483K(260032K), 0.0054640 secs] [Times: user=0.01 sys=0.00, real=0.01 secs] 
2012-10-20T07:04:16.602+0100: 45332.585: [GC 45332.585: [DefNew: 17426K->1065K(19136K), 0.0129820 secs] 69507K->53146K(260032K), 0.0131070 secs] [Times: user=0.01 sys=0.00, real=0.01 secs] 
2012-10-20T07:05:06.213+0100: 45382.196: [GC 45382.196: [DefNew: 18081K->506K(19136K), 0.0050880 secs] 70162K->52651K(260032K), 0.0051880 secs] [Times: user=0.01 sys=0.00, real=0.01 secs] 
2012-10-20T07:05:51.461+0100: 45427.444: [GC 45427.444: [DefNew: 17530K->1206K(19136K), 0.0061960 secs] 69675K->53351K(260032K), 0.0063060 secs] [Times: user=0.00 sys=0.00, real=0.00 secs] 
2012-10-20T07:06:41.406+0100: 45477.389: [GC 45477.389: [DefNew: 18200K->1043K(19136K), 0.0114810 secs] 70345K->53354K(260032K), 0.0116150 secs] [Times: user=0.02 sys=0.00, real=0.02 secs] 
2012-10-20T07:07:31.234+0100: 45527.217: [GC 45527.217: [DefNew: 18067K->1147K(19136K), 0.0061920 secs] 70378K->53459K(260032K), 0.0062940 secs] [Times: user=0.01 sys=0.00, real=0.01 secs] 
2012-10-20T07:08:16.633+0100: 45572.616: [GC 45572.616: [DefNew: 18171K->1126K(19136K), 0.0063790 secs] 70483K->53575K(260032K), 0.0064770 secs] [Times: user=0.00 sys=0.00, real=0.01 secs] 
2012-10-20T07:09:06.199+0100: 45622.182: [GC 45622.182: [DefNew: 18150K->885K(19136K), 0.0060880 secs] 70599K->53396K(260032K), 0.0061940 secs] [Times: user=0.00 sys=0.00, real=0.00 secs] 
2012-10-20T07:09:54.422+0100: 45670.405: [GC 45670.405: [DefNew: 17909K->787K(19136K), 0.0053110 secs] 70420K->53298K(260032K), 0.0054070 secs] [Times: user=0.01 sys=0.00, real=0.01 secs] 
2012-10-20T07:10:41.005+0100: 45716.988: [GC 45716.988: [DefNew: 17811K->469K(19136K), 0.0046170 secs] 70322K->52980K(260032K), 0.0047140 secs] [Times: user=0.01 sys=0.00, real=0.01 secs] 
2012-10-20T07:11:26.682+0100: 45762.665: [GC 45762.665: [DefNew: 17481K->969K(19136K), 0.0056110 secs] 69991K->53479K(260032K), 0.0057100 secs] [Times: user=0.01 sys=0.00, real=0.01 secs] 
2012-10-20T07:12:16.211+0100: 45812.194: [GC 45812.194: [DefNew: 17993K->909K(19136K), 0.0060870 secs] 70503K->53420K(260032K), 0.0061880 secs] [Times: user=0.00 sys=0.01, real=0.00 secs] 
2012-10-20T07:13:06.414+0100: 45862.397: [GC 45862.397: [DefNew: 17926K->591K(19136K), 0.0048240 secs] 70437K->53102K(260032K), 0.0049150 secs] [Times: user=0.01 sys=0.00, real=0.01 secs] 
2012-10-20T07:13:51.469+0100: 45907.452: [GC 45907.452: [DefNew: 17615K->1129K(19136K), 0.0092490 secs] 70126K->53670K(260032K), 0.0093710 secs] [Times: user=0.01 sys=0.00, real=0.01 secs] 
2012-10-20T07:14:41.335+0100: 45957.318: [GC 45957.318: [DefNew: 18153K->858K(19136K), 0.0078850 secs] 70694K->53430K(260032K), 0.0080550 secs] [Times: user=0.01 sys=0.00, real=0.01 secs] 
2012-10-20T07:15:26.471+0100: 46002.454: [GC 46002.454: [DefNew: 17882K->1147K(19136K), 0.0059740 secs] 70454K->53719K(260032K), 0.0060750 secs] [Times: user=0.00 sys=0.00, real=0.00 secs] 
2012-10-20T07:16:16.623+0100: 46052.606: [GC 46052.606: [DefNew: 18171K->1096K(19136K), 0.0068890 secs] 70743K->53742K(260032K), 0.0070000 secs] [Times: user=0.01 sys=0.00, real=0.01 secs] 
2012-10-20T07:17:06.412+0100: 46102.395: [GC 46102.395: [DefNew: 18115K->467K(19136K), 0.0052440 secs] 70761K->53302K(260032K), 0.0053400 secs] [Times: user=0.01 sys=0.00, real=0.01 secs] 
2012-10-20T07:17:56.224+0100: 46152.207: [GC 46152.207: [DefNew: 17488K->373K(19136K), 0.0044580 secs] 70323K->53208K(260032K), 0.0046640 secs] [Times: user=0.00 sys=0.00, real=0.01 secs] 
2012-10-20T07:18:41.761+0100: 46197.744: [GC 46197.744: [DefNew: 17397K->1101K(19136K), 0.0058140 secs] 70232K->53936K(260032K), 0.0059160 secs] [Times: user=0.01 sys=0.00, real=0.00 secs] 
2012-10-20T07:19:31.445+0100: 46247.428: [GC 46247.428: [DefNew: 18117K->746K(19136K), 0.0051530 secs] 70952K->53581K(260032K), 0.0052470 secs] [Times: user=0.01 sys=0.00, real=0.01 secs] 
2012-10-20T07:20:16.493+0100: 46292.476: [GC 46292.476: [DefNew: 17770K->1099K(19136K), 0.0097340 secs] 70605K->53934K(260032K), 0.0098550 secs] [Times: user=0.00 sys=0.00, real=0.01 secs] 
2012-10-20T07:21:06.255+0100: 46342.238: [GC 46342.238: [DefNew: 18123K->940K(19136K), 0.0060740 secs] 70958K->53837K(260032K), 0.0061750 secs] [Times: user=0.01 sys=0.00, real=0.01 secs] 
2012-10-20T07:21:54.548+0100: 46390.531: [GC 46390.531: [DefNew: 17964K->975K(19136K), 0.0056820 secs] 70861K->53872K(260032K), 0.0057740 secs] [Times: user=0.00 sys=0.00, real=0.00 secs] 
2012-10-20T07:22:41.668+0100: 46437.651: [GC 46437.651: [DefNew: 17975K->1103K(19136K), 0.0057970 secs] 70872K->54001K(260032K), 0.0059010 secs] [Times: user=0.00 sys=0.00, real=0.00 secs] 
2012-10-20T07:23:31.544+0100: 46487.527: [GC 46487.527: [DefNew: 18127K->1166K(19136K), 0.0059740 secs] 71025K->54064K(260032K), 0.0060820 secs] [Times: user=0.01 sys=0.00, real=0.01 secs] 
2012-10-20T07:24:21.194+0100: 46537.177: [GC 46537.177: [DefNew: 18186K->496K(19136K), 0.0052890 secs] 71084K->53561K(260032K), 0.0053960 secs] [Times: user=0.00 sys=0.00, real=0.01 secs] 
2012-10-20T07:25:08.211+0100: 46584.194: [GC 46584.194: [DefNew: 17520K->1132K(19136K), 0.0058330 secs] 70585K->54197K(260032K), 0.0059340 secs] [Times: user=0.00 sys=0.00, real=0.00 secs] 
2012-10-20T07:25:56.208+0100: 46632.191: [GC 46632.191: [DefNew: 18156K->902K(19136K), 0.0056260 secs] 71221K->53999K(260032K), 0.0057580 secs] [Times: user=0.00 sys=0.00, real=0.00 secs] 
2012-10-20T07:26:46.353+0100: 46682.336: [GC 46682.336: [DefNew: 17911K->749K(19136K), 0.0054370 secs] 71009K->53846K(260032K), 0.0055350 secs] [Times: user=0.00 sys=0.00, real=0.01 secs] 
2012-10-20T07:27:36.174+0100: 46732.157: [GC 46732.157: [DefNew: 17773K->308K(19136K), 0.0050230 secs] 70870K->53406K(260032K), 0.0051190 secs] [Times: user=0.00 sys=0.00, real=0.01 secs] 
2012-10-20T07:28:21.734+0100: 46777.717: [GC 46777.717: [DefNew: 17332K->1189K(19136K), 0.0088100 secs] 70430K->54286K(260032K), 0.0089190 secs] [Times: user=0.00 sys=0.00, real=0.01 secs] 
2012-10-20T07:28:54.951+0100: 46810.934: [GC 46810.934: [DefNew: 18213K->1510K(19136K), 0.0082020 secs] 71310K->54891K(260032K), 0.0084840 secs] [Times: user=0.01 sys=0.00, real=0.01 secs] 
2012-10-20T07:29:41.248+0100: 46857.231: [GC 46857.231: [DefNew: 18534K->854K(19136K), 0.0059100 secs] 71915K->54345K(260032K), 0.0060130 secs] [Times: user=0.00 sys=0.00, real=0.00 secs] 
2012-10-20T07:30:31.318+0100: 46907.301: [GC 46907.301: [DefNew: 17860K->528K(19136K), 0.0049620 secs] 71350K->54018K(260032K), 0.0056680 secs] [Times: user=0.00 sys=0.00, real=0.00 secs] 
2012-10-20T07:31:16.811+0100: 46952.794: [GC 46952.794: [DefNew: 17552K->1095K(19136K), 0.0057330 secs] 71042K->54585K(260032K), 0.0058370 secs] [Times: user=0.00 sys=0.00, real=0.00 secs] 
2012-10-20T07:32:06.266+0100: 47002.249: [GC 47002.249: [DefNew: 18119K->847K(19136K), 0.0056460 secs] 71609K->54338K(260032K), 0.0057670 secs] [Times: user=0.01 sys=0.00, real=0.01 secs] 
2012-10-20T07:32:56.275+0100: 47052.258: [GC 47052.258: [DefNew: 17871K->873K(19136K), 0.0068820 secs] 71362K->54363K(260032K), 0.0076850 secs] [Times: user=0.00 sys=0.01, real=0.01 secs] 
2012-10-20T07:33:44.216+0100: 47100.199: [GC 47100.199: [DefNew: 17897K->714K(19136K), 0.0053530 secs] 71387K->54205K(260032K), 0.0054510 secs] [Times: user=0.01 sys=0.00, real=0.01 secs] 
2012-10-20T07:34:31.455+0100: 47147.438: [GC 47147.438: [DefNew: 17714K->712K(19136K), 0.0050880 secs] 71205K->54203K(260032K), 0.0051890 secs] [Times: user=0.01 sys=0.00, real=0.01 secs] 
2012-10-20T07:35:16.538+0100: 47192.521: [GC 47192.521: [DefNew: 17736K->951K(19136K), 0.0055000 secs] 71227K->54442K(260032K), 0.0056000 secs] [Times: user=0.00 sys=0.00, real=0.00 secs] 
2012-10-20T07:36:06.401+0100: 47242.384: [GC 47242.384: [DefNew: 17975K->525K(19136K), 0.0050440 secs] 71466K->54016K(260032K), 0.0051470 secs] [Times: user=0.00 sys=0.00, real=0.00 secs] 
2012-10-20T07:36:54.491+0100: 47290.474: [GC 47290.474: [DefNew: 17526K->465K(19136K), 0.0044590 secs] 71017K->53956K(260032K), 0.0045520 secs] [Times: user=0.00 sys=0.00, real=0.00 secs] 
2012-10-20T07:37:41.682+0100: 47337.665: [GC 47337.665: [DefNew: 17489K->999K(19136K), 0.0057840 secs] 70980K->54490K(260032K), 0.0087720 secs] [Times: user=0.01 sys=0.00, real=0.01 secs] 
2012-10-20T07:38:31.371+0100: 47387.354: [GC 47387.354: [DefNew: 18023K->923K(19136K), 0.0075200 secs] 71514K->54415K(260032K), 0.0076300 secs] [Times: user=0.00 sys=0.00, real=0.01 secs] 
2012-10-20T07:39:16.392+0100: 47432.375: [GC 47432.375: [DefNew: 17947K->917K(19136K), 0.0055240 secs] 71439K->54438K(260032K), 0.0056680 secs] [Times: user=0.00 sys=0.00, real=0.01 secs] 
2012-10-20T07:40:06.479+0100: 47482.462: [GC 47482.462: [DefNew: 17919K->536K(19136K), 0.0046820 secs] 71439K->54056K(260032K), 0.0047770 secs] [Times: user=0.00 sys=0.00, real=0.00 secs] 
2012-10-20T07:40:51.808+0100: 47527.791: [GC 47527.791: [DefNew: 17560K->1312K(19136K), 0.0079800 secs] 71080K->54832K(260032K), 0.0080990 secs] [Times: user=0.00 sys=0.00, real=0.00 secs] 
2012-10-20T07:41:41.456+0100: 47577.439: [GC 47577.439: [DefNew: 18312K->276K(19136K), 0.0054340 secs] 71833K->54152K(260032K), 0.0055390 secs] [Times: user=0.01 sys=0.00, real=0.01 secs] 
2012-10-20T07:42:26.724+0100: 47622.707: [GC 47622.707: [DefNew: 17281K->1033K(19136K), 0.0064600 secs] 71156K->54909K(260032K), 0.0065710 secs] [Times: user=0.00 sys=0.00, real=0.01 secs] 
2012-10-20T07:43:16.414+0100: 47672.397: [GC 47672.397: [DefNew: 18047K->810K(19136K), 0.0052850 secs] 71922K->54685K(260032K), 0.0053830 secs] [Times: user=0.00 sys=0.00, real=0.01 secs] 
2012-10-20T07:44:06.880+0100: 47722.863: [GC 47722.863: [DefNew: 17834K->590K(19136K), 0.0055310 secs] 71709K->54465K(260032K), 0.0063780 secs] [Times: user=0.00 sys=0.00, real=0.00 secs] 
2012-10-20T07:44:51.563+0100: 47767.545: [GC 47767.546: [DefNew: 17614K->1004K(19136K), 0.0058360 secs] 71489K->54879K(260032K), 0.0059350 secs] [Times: user=0.00 sys=0.00, real=0.01 secs] 
2012-10-20T07:45:41.453+0100: 47817.436: [GC 47817.436: [DefNew: 18028K->502K(19136K), 0.0050670 secs] 71903K->54408K(260032K), 0.0051710 secs] [Times: user=0.00 sys=0.00, real=0.01 secs] 
2012-10-20T07:46:26.440+0100: 47862.423: [GC 47862.423: [DefNew: 17526K->1094K(19136K), 0.0059850 secs] 71432K->54999K(260032K), 0.0060900 secs] [Times: user=0.00 sys=0.00, real=0.00 secs] 
2012-10-20T07:47:16.419+0100: 47912.402: [GC 47912.402: [DefNew: 18118K->505K(19136K), 0.0057710 secs] 72023K->54663K(260032K), 0.0058730 secs] [Times: user=0.00 sys=0.00, real=0.00 secs] 
2012-10-20T07:48:02.000+0100: 47957.983: [GC 47957.983: [DefNew: 17504K->1168K(19136K), 0.0058310 secs] 71661K->55325K(260032K), 0.0059330 secs] [Times: user=0.01 sys=0.00, real=0.00 secs] 
2012-10-20T07:48:51.545+0100: 48007.527: [GC 48007.528: [DefNew: 18171K->528K(19136K), 0.0052430 secs] 72329K->54822K(260032K), 0.0053390 secs] [Times: user=0.01 sys=0.00, real=0.01 secs] 
2012-10-20T07:49:36.812+0100: 48052.795: [GC 48052.795: [DefNew: 17552K->1059K(19136K), 0.0058570 secs] 71846K->55353K(260032K), 0.0059580 secs] [Times: user=0.01 sys=0.00, real=0.01 secs] 
2012-10-20T07:50:21.797+0100: 48097.780: [GC 48097.780: [DefNew: 18083K->1099K(19136K), 0.0061700 secs] 72377K->55424K(260032K), 0.0062710 secs] [Times: user=0.01 sys=0.00, real=0.01 secs] 
2012-10-20T07:51:11.669+0100: 48147.652: [GC 48147.652: [DefNew: 18123K->998K(19136K), 0.0056840 secs] 72448K->55323K(260032K), 0.0058020 secs] [Times: user=0.00 sys=0.00, real=0.00 secs] 
2012-10-20T07:52:01.462+0100: 48197.445: [GC 48197.445: [DefNew: 18022K->938K(19136K), 0.0056200 secs] 72347K->55263K(260032K), 0.0057240 secs] [Times: user=0.01 sys=0.00, real=0.01 secs] 
2012-10-20T07:52:51.477+0100: 48247.460: [GC 48247.460: [DefNew: 17962K->527K(19136K), 0.0046910 secs] 72287K->54852K(260032K), 0.0053300 secs] [Times: user=0.00 sys=0.00, real=0.01 secs] 
2012-10-20T07:53:41.541+0100: 48297.524: [GC 48297.524: [DefNew: 17551K->556K(19136K), 0.0052690 secs] 71876K->54881K(260032K), 0.0053790 secs] [Times: user=0.00 sys=0.00, real=0.00 secs] 
2012-10-20T07:54:26.518+0100: 48342.501: [GC 48342.501: [DefNew: 17567K->748K(19136K), 0.0050670 secs] 71891K->55073K(260032K), 0.0051640 secs] [Times: user=0.00 sys=0.00, real=0.00 secs] 
2012-10-20T07:55:11.735+0100: 48387.718: [GC 48387.718: [DefNew: 17772K->876K(19136K), 0.0060720 secs] 72097K->55201K(260032K), 0.0062280 secs] [Times: user=0.01 sys=0.00, real=0.01 secs] 
2012-10-20T07:55:56.892+0100: 48432.875: [GC 48432.875: [DefNew: 17900K->1191K(19136K), 0.0060200 secs] 72225K->55516K(260032K), 0.0061390 secs] [Times: user=0.01 sys=0.00, real=0.01 secs] 
2012-10-20T07:56:46.851+0100: 48482.834: [GC 48482.834: [DefNew: 18215K->1041K(19136K), 0.0059640 secs] 72540K->55458K(260032K), 0.0060680 secs] [Times: user=0.01 sys=0.00, real=0.01 secs] 
2012-10-20T07:57:36.770+0100: 48532.753: [GC 48532.753: [DefNew: 18065K->654K(19136K), 0.0050530 secs] 72482K->55070K(260032K), 0.0057150 secs] [Times: user=0.01 sys=0.00, real=0.00 secs] 
2012-10-20T07:58:26.423+0100: 48582.406: [GC 48582.406: [DefNew: 17648K->462K(19136K), 0.0045970 secs] 72065K->54879K(260032K), 0.0047190 secs] [Times: user=0.00 sys=0.00, real=0.01 secs] 
2012-10-20T07:59:11.665+0100: 48627.648: [GC 48627.649: [DefNew: 17482K->514K(19136K), 0.0046280 secs] 71898K->54931K(260032K), 0.0047250 secs] [Times: user=0.01 sys=0.00, real=0.01 secs] 
2012-10-20T07:59:56.798+0100: 48672.781: [GC 48672.781: [DefNew: 17538K->909K(19136K), 0.0057970 secs] 71955K->55325K(260032K), 0.0059430 secs] [Times: user=0.01 sys=0.00, real=0.00 secs] 
2012-10-20T08:00:46.529+0100: 48722.512: [GC 48722.512: [DefNew: 17933K->748K(19136K), 0.0050300 secs] 72349K->55165K(260032K), 0.0051310 secs] [Times: user=0.00 sys=0.00, real=0.00 secs] 
2012-10-20T08:01:31.805+0100: 48767.788: [GC 48767.788: [DefNew: 17772K->1103K(19136K), 0.0058410 secs] 72189K->55520K(260032K), 0.0059430 secs] [Times: user=0.01 sys=0.00, real=0.01 secs] 
2012-10-20T08:02:21.523+0100: 48817.505: [GC 48817.506: [DefNew: 18099K->474K(19136K), 0.0051500 secs] 72516K->55079K(260032K), 0.0094490 secs] [Times: user=0.01 sys=0.00, real=0.01 secs] 
2012-10-20T08:03:11.480+0100: 48867.463: [GC 48867.463: [DefNew: 17498K->286K(19136K), 0.0050640 secs] 72103K->54890K(260032K), 0.0051600 secs] [Times: user=0.00 sys=0.00, real=0.00 secs] 
2012-10-20T08:03:56.519+0100: 48912.502: [GC 48912.502: [DefNew: 17283K->537K(19136K), 0.0048570 secs] 71888K->55142K(260032K), 0.0049510 secs] [Times: user=0.00 sys=0.00, real=0.00 secs] 
2012-10-20T08:04:41.874+0100: 48957.857: [GC 48957.857: [DefNew: 17561K->1115K(19136K), 0.0060710 secs] 72166K->55720K(260032K), 0.0061740 secs] [Times: user=0.01 sys=0.00, real=0.01 secs] 
2012-10-20T08:05:26.809+0100: 49002.792: [GC 49002.792: [DefNew: 18139K->1066K(19136K), 0.0064470 secs] 72744K->55743K(260032K), 0.0065550 secs] [Times: user=0.00 sys=0.00, real=0.00 secs] 
2012-10-20T08:06:16.825+0100: 49052.808: [GC 49052.808: [DefNew: 18090K->1011K(19136K), 0.0058140 secs] 72767K->55690K(260032K), 0.0059200 secs] [Times: user=0.00 sys=0.00, real=0.01 secs] 
2012-10-20T08:07:06.599+0100: 49102.582: [GC 49102.582: [DefNew: 18020K->792K(19136K), 0.0089550 secs] 72699K->55471K(260032K), 0.0091010 secs] [Times: user=0.00 sys=0.00, real=0.01 secs] 
2012-10-20T08:07:51.805+0100: 49147.788: [GC 49147.789: [DefNew: 17816K->925K(19136K), 0.0057790 secs] 72495K->55604K(260032K), 0.0065240 secs] [Times: user=0.01 sys=0.00, real=0.01 secs] 
2012-10-20T08:08:36.836+0100: 49192.819: [GC 49192.819: [DefNew: 17949K->1494K(19136K), 0.0064740 secs] 72628K->56172K(260032K), 0.0065780 secs] [Times: user=0.00 sys=0.00, real=0.01 secs] 
2012-10-20T08:09:21.852+0100: 49237.835: [GC 49237.835: [DefNew: 18518K->1149K(19136K), 0.0075980 secs] 73196K->56226K(260032K), 0.0077210 secs] [Times: user=0.00 sys=0.00, real=0.01 secs] 
2012-10-20T08:10:06.891+0100: 49282.874: [GC 49282.874: [DefNew: 18173K->949K(19136K), 0.0068760 secs] 73250K->56244K(260032K), 0.0069860 secs] [Times: user=0.00 sys=0.00, real=0.01 secs] 
2012-10-20T08:10:56.613+0100: 49332.596: [GC 49332.596: [DefNew: 17973K->656K(19136K), 0.0049940 secs] 73268K->55951K(260032K), 0.0051870 secs] [Times: user=0.01 sys=0.00, real=0.01 secs] 
2012-10-20T08:11:41.860+0100: 49377.843: [GC 49377.843: [DefNew: 17649K->1159K(19136K), 0.0099740 secs] 72944K->56454K(260032K), 0.0101380 secs] [Times: user=0.00 sys=0.00, real=0.01 secs] 
2012-10-20T08:12:31.623+0100: 49427.606: [GC 49427.606: [DefNew: 18183K->759K(19136K), 0.0053530 secs] 73478K->56054K(260032K), 0.0054570 secs] [Times: user=0.01 sys=0.00, real=0.01 secs] 
2012-10-20T08:13:16.803+0100: 49472.786: [GC 49472.786: [DefNew: 17783K->1133K(19136K), 0.0066570 secs] 73078K->56428K(260032K), 0.0067740 secs] [Times: user=0.01 sys=0.00, real=0.01 secs] 
2012-10-20T08:14:01.854+0100: 49517.837: [GC 49517.837: [DefNew: 18157K->1084K(19136K), 0.0064380 secs] 73452K->56534K(260032K), 0.0065540 secs] [Times: user=0.01 sys=0.00, real=0.01 secs] 
2012-10-20T08:14:51.678+0100: 49567.661: [GC 49567.661: [DefNew: 18100K->477K(19136K), 0.0046770 secs] 73549K->55926K(260032K), 0.0047710 secs] [Times: user=0.00 sys=0.00, real=0.00 secs] 
2012-10-20T08:15:36.911+0100: 49612.894: [GC 49612.894: [DefNew: 17501K->1108K(19136K), 0.0059630 secs] 72950K->56558K(260032K), 0.0061490 secs] [Times: user=0.00 sys=0.01, real=0.01 secs] 
2012-10-20T08:16:21.647+0100: 49657.630: [GC 49657.630: [DefNew: 18132K->937K(19136K), 0.0080970 secs] 73582K->56460K(260032K), 0.0081960 secs] [Times: user=0.00 sys=0.00, real=0.00 secs] 
2012-10-20T08:17:11.675+0100: 49707.658: [GC 49707.658: [DefNew: 17961K->875K(19136K), 0.0057280 secs] 73484K->56398K(260032K), 0.0058800 secs] [Times: user=0.01 sys=0.00, real=0.01 secs] 
2012-10-20T08:18:02.005+0100: 49757.988: [GC 49757.988: [DefNew: 17885K->622K(19136K), 0.0049850 secs] 73408K->56146K(260032K), 0.0051000 secs] [Times: user=0.00 sys=0.00, real=0.01 secs] 
2012-10-20T08:18:46.643+0100: 49802.626: [GC 49802.626: [DefNew: 17646K->971K(19136K), 0.0055120 secs] 73170K->56495K(260032K), 0.0056210 secs] [Times: user=0.00 sys=0.00, real=0.01 secs] 
2012-10-20T08:19:31.860+0100: 49847.843: [GC 49847.843: [DefNew: 17975K->854K(19136K), 0.0057710 secs] 73498K->56408K(260032K), 0.0059030 secs] [Times: user=0.01 sys=0.00, real=0.00 secs] 
2012-10-20T08:20:17.102+0100: 49893.085: [GC 49893.085: [DefNew: 17878K->1144K(19136K), 0.0059720 secs] 73432K->56697K(260032K), 0.0060810 secs] [Times: user=0.00 sys=0.00, real=0.01 secs] 
2012-10-20T08:21:01.814+0100: 49937.797: [GC 49937.797: [DefNew: 18168K->917K(19136K), 0.0061560 secs] 73721K->56544K(260032K), 0.0062570 secs] [Times: user=0.00 sys=0.00, real=0.01 secs] 
2012-10-20T08:21:47.065+0100: 49983.048: [GC 49983.048: [DefNew: 17925K->1063K(19136K), 0.0057520 secs] 73552K->56689K(260032K), 0.0058570 secs] [Times: user=0.01 sys=0.00, real=0.01 secs] 
2012-10-20T08:22:36.821+0100: 50032.803: [GC 50032.804: [DefNew: 18087K->939K(19136K), 0.0037670 secs] 73713K->56566K(260032K), 0.0038780 secs] [Times: user=0.00 sys=0.00, real=0.00 secs] 
2012-10-20T08:23:26.673+0100: 50082.656: [GC 50082.656: [DefNew: 17956K->403K(19136K), 0.0048590 secs] 73583K->56030K(260032K), 0.0049650 secs] [Times: user=0.00 sys=0.00, real=0.01 secs] 
2012-10-20T08:24:11.695+0100: 50127.678: [GC 50127.678: [DefNew: 17427K->781K(19136K), 0.0063270 secs] 73054K->56408K(260032K), 0.0064380 secs] [Times: user=0.00 sys=0.00, real=0.01 secs] 
2012-10-20T08:24:56.821+0100: 50172.804: [GC 50172.804: [DefNew: 17805K->846K(19136K), 0.0060490 secs] 73432K->56536K(260032K), 0.0061510 secs] [Times: user=0.01 sys=0.00, real=0.00 secs] 
2012-10-20T08:25:46.735+0100: 50222.718: [GC 50222.718: [DefNew: 17870K->466K(19136K), 0.0085570 secs] 73560K->56156K(260032K), 0.0086690 secs] [Times: user=0.01 sys=0.00, real=0.01 secs] 
2012-10-20T08:26:32.228+0100: 50268.211: [GC 50268.211: [DefNew: 17490K->1112K(19136K), 0.0065580 secs] 73180K->56802K(260032K), 0.0066970 secs] [Times: user=0.01 sys=0.00, real=0.00 secs] 
2012-10-20T08:27:22.006+0100: 50317.989: [GC 50317.989: [DefNew: 18136K->976K(19136K), 0.0062790 secs] 73826K->56666K(260032K), 0.0063920 secs] [Times: user=0.00 sys=0.00, real=0.01 secs] 
2012-10-20T08:28:11.904+0100: 50367.887: [GC 50367.887: [DefNew: 17975K->403K(19136K), 0.0047500 secs] 73665K->56093K(260032K), 0.0048490 secs] [Times: user=0.00 sys=0.00, real=0.01 secs] 
2012-10-20T08:28:51.916+0100: 50407.899: [GC 50407.899: [DefNew: 17427K->1089K(19136K), 0.0071580 secs] 73117K->56779K(260032K), 0.0072570 secs] [Times: user=0.01 sys=0.00, real=0.01 secs] 
2012-10-20T08:29:11.948+0100: 50427.931: [GC 50427.931: [DefNew: 18113K->870K(19136K), 0.0058110 secs] 73803K->56659K(260032K), 0.0059090 secs] [Times: user=0.01 sys=0.00, real=0.00 secs] 
2012-10-20T08:29:57.039+0100: 50473.022: [GC 50473.022: [DefNew: 17894K->1084K(19136K), 0.0060850 secs] 73683K->56874K(260032K), 0.0061960 secs] [Times: user=0.00 sys=0.00, real=0.00 secs] 
2012-10-20T08:30:42.174+0100: 50518.157: [GC 50518.157: [DefNew: 18108K->1139K(19136K), 0.0070560 secs] 73898K->57058K(260032K), 0.0071850 secs] [Times: user=0.00 sys=0.00, real=0.01 secs] 
2012-10-20T08:31:31.995+0100: 50567.978: [GC 50567.978: [DefNew: 18163K->532K(19136K), 0.0094540 secs] 74082K->56546K(260032K), 0.0095960 secs] [Times: user=0.00 sys=0.00, real=0.01 secs] 
2012-10-20T08:32:17.246+0100: 50613.229: [GC 50613.229: [DefNew: 17556K->1220K(19136K), 0.0097510 secs] 73570K->57234K(260032K), 0.0098760 secs] [Times: user=0.00 sys=0.00, real=0.01 secs] 
2012-10-20T08:33:06.927+0100: 50662.910: [GC 50662.910: [DefNew: 18215K->653K(19136K), 0.0051480 secs] 74229K->56700K(260032K), 0.0052500 secs] [Times: user=0.00 sys=0.00, real=0.01 secs] 
2012-10-20T08:33:52.007+0100: 50707.990: [GC 50707.990: [DefNew: 17648K->779K(19136K), 0.0052160 secs] 73694K->56825K(260032K), 0.0053140 secs] [Times: user=0.01 sys=0.00, real=0.01 secs] 
2012-10-20T08:34:42.032+0100: 50758.015: [GC 50758.015: [DefNew: 17803K->590K(19136K), 0.0049530 secs] 73849K->56636K(260032K), 0.0050530 secs] [Times: user=0.01 sys=0.00, real=0.01 secs] 
2012-10-20T08:35:22.058+0100: 50798.041: [GC 50798.041: [DefNew: 17614K->1158K(19136K), 0.0061560 secs] 73660K->57204K(260032K), 0.0062650 secs] [Times: user=0.00 sys=0.00, real=0.00 secs] 
2012-10-20T08:36:12.036+0100: 50848.019: [GC 50848.019: [DefNew: 18182K->559K(19136K), 0.0050970 secs] 74228K->56697K(260032K), 0.0051960 secs] [Times: user=0.01 sys=0.00, real=0.01 secs] 
2012-10-20T08:37:00.340+0100: 50896.323: [GC 50896.323: [DefNew: 17583K->456K(19136K), 0.0045860 secs] 73721K->56594K(260032K), 0.0046850 secs] [Times: user=0.00 sys=0.00, real=0.00 secs] 
2012-10-20T08:37:46.936+0100: 50942.919: [GC 50942.919: [DefNew: 17480K->1103K(19136K), 0.0060780 secs] 73618K->57241K(260032K), 0.0061880 secs] [Times: user=0.01 sys=0.00, real=0.01 secs] 
2012-10-20T08:38:32.091+0100: 50988.074: [GC 50988.074: [DefNew: 18127K->1944K(19136K), 0.0085260 secs] 74265K->58082K(260032K), 0.0086550 secs] [Times: user=0.01 sys=0.00, real=0.01 secs] 
2012-10-20T08:39:22.067+0100: 51038.050: [GC 51038.050: [DefNew: 18968K->766K(19136K), 0.0090710 secs] 75106K->57212K(260032K), 0.0091950 secs] [Times: user=0.01 sys=0.00, real=0.01 secs] 
2012-10-20T08:40:11.793+0100: 51087.776: [GC 51087.776: [DefNew: 17790K->482K(19136K), 0.0054310 secs] 74236K->56928K(260032K), 0.0055290 secs] [Times: user=0.01 sys=0.00, real=0.01 secs] 
2012-10-20T08:40:57.656+0100: 51133.639: [GC 51133.639: [DefNew: 17506K->1117K(19136K), 0.0067320 secs] 73952K->57563K(260032K), 0.0068370 secs] [Times: user=0.01 sys=0.00, real=0.01 secs] 
2012-10-20T08:41:47.120+0100: 51183.103: [GC 51183.103: [DefNew: 18141K->903K(19136K), 0.0042430 secs] 74587K->57459K(260032K), 0.0043880 secs] [Times: user=0.00 sys=0.00, real=0.00 secs] 
2012-10-20T08:42:36.725+0100: 51232.708: [GC 51232.708: [DefNew: 17926K->589K(19136K), 0.0085180 secs] 74482K->57145K(260032K), 0.0086410 secs] [Times: user=0.01 sys=0.00, real=0.01 secs] 
2012-10-20T08:43:26.778+0100: 51282.761: [GC 51282.761: [DefNew: 17587K->371K(19136K), 0.0043800 secs] 74143K->56926K(260032K), 0.0044760 secs] [Times: user=0.00 sys=0.00, real=0.00 secs] 
2012-10-20T08:44:11.802+0100: 51327.785: [GC 51327.785: [DefNew: 17395K->462K(19136K), 0.0045890 secs] 73950K->57018K(260032K), 0.0046880 secs] [Times: user=0.00 sys=0.00, real=0.00 secs] 
2012-10-20T08:44:56.923+0100: 51372.906: [GC 51372.906: [DefNew: 17486K->825K(19136K), 0.0061410 secs] 74042K->57380K(260032K), 0.0062500 secs] [Times: user=0.01 sys=0.00, real=0.01 secs] 
2012-10-20T08:45:47.002+0100: 51422.985: [GC 51422.985: [DefNew: 17849K->683K(19136K), 0.0048750 secs] 74404K->57238K(260032K), 0.0049690 secs] [Times: user=0.00 sys=0.00, real=0.00 secs] 
2012-10-20T08:46:31.926+0100: 51467.909: [GC 51467.909: [DefNew: 17688K->906K(19136K), 0.0059220 secs] 74243K->57461K(260032K), 0.0060250 secs] [Times: user=0.01 sys=0.00, real=0.01 secs] 
2012-10-20T08:47:17.086+0100: 51513.069: [GC 51513.069: [DefNew: 17929K->997K(19136K), 0.0055860 secs] 74485K->57552K(260032K), 0.0056930 secs] [Times: user=0.00 sys=0.00, real=0.01 secs] 
2012-10-20T08:48:06.833+0100: 51562.816: [GC 51562.817: [DefNew: 18003K->687K(19136K), 0.0071630 secs] 74559K->57242K(260032K), 0.0077920 secs] [Times: user=0.00 sys=0.00, real=0.01 secs] 
2012-10-20T08:48:47.143+0100: 51603.126: [GC 51603.126: [DefNew: 17708K->1426K(19136K), 0.0124930 secs] 74264K->58011K(260032K), 0.0126360 secs] [Times: user=0.01 sys=0.00, real=0.01 secs] 
2012-10-20T08:49:37.154+0100: 51653.136: [GC 51653.137: [DefNew: 18450K->940K(19136K), 0.0099390 secs] 75035K->57664K(260032K), 0.0100640 secs] [Times: user=0.01 sys=0.00, real=0.01 secs] 
2012-10-20T08:50:22.054+0100: 51698.037: [GC 51698.037: [DefNew: 17958K->913K(19136K), 0.0058300 secs] 74681K->57637K(260032K), 0.0059340 secs] [Times: user=0.01 sys=0.00, real=0.01 secs] 
2012-10-20T08:51:11.957+0100: 51747.940: [GC 51747.940: [DefNew: 17924K->589K(19136K), 0.0048400 secs] 74647K->57313K(260032K), 0.0049760 secs] [Times: user=0.00 sys=0.00, real=0.01 secs] 
2012-10-20T08:51:54.568+0100: 51790.551: [GC 51790.551: [DefNew: 17611K->1039K(19136K), 0.0056070 secs] 74335K->57762K(260032K), 0.0057080 secs] [Times: user=0.00 sys=0.00, real=0.00 secs] 
2012-10-20T08:52:42.159+0100: 51838.142: [GC 51838.143: [DefNew: 18042K->1037K(19136K), 0.0111810 secs] 74766K->57761K(260032K), 0.0113370 secs] [Times: user=0.00 sys=0.00, real=0.01 secs] 
2012-10-20T08:53:31.879+0100: 51887.862: [GC 51887.863: [DefNew: 18058K->812K(19136K), 0.0054430 secs] 74782K->57536K(260032K), 0.0055460 secs] [Times: user=0.00 sys=0.00, real=0.00 secs] 
2012-10-20T08:54:17.235+0100: 51933.218: [GC 51933.218: [DefNew: 17836K->1068K(19136K), 0.0058900 secs] 74560K->57792K(260032K), 0.0059930 secs] [Times: user=0.00 sys=0.00, real=0.01 secs] 
2012-10-20T08:55:06.909+0100: 51982.892: [GC 51982.892: [DefNew: 18092K->309K(19136K), 0.0049420 secs] 74816K->57095K(260032K), 0.0050400 secs] [Times: user=0.01 sys=0.00, real=0.00 secs] 
2012-10-20T08:55:54.479+0100: 52030.462: [GC 52030.462: [DefNew: 17306K->402K(19136K), 0.0045800 secs] 74092K->57189K(260032K), 0.0046720 secs] [Times: user=0.01 sys=0.00, real=0.00 secs] 
2012-10-20T08:56:41.870+0100: 52077.853: [GC 52077.853: [DefNew: 17402K->685K(19136K), 0.0049660 secs] 74188K->57472K(260032K), 0.0050770 secs] [Times: user=0.01 sys=0.00, real=0.00 secs] 
2012-10-20T08:57:27.150+0100: 52123.133: [GC 52123.133: [DefNew: 17709K->788K(19136K), 0.0058470 secs] 74496K->57574K(260032K), 0.0059880 secs] [Times: user=0.00 sys=0.00, real=0.00 secs] 
2012-10-20T08:58:17.075+0100: 52173.058: [GC 52173.058: [DefNew: 17782K->779K(19136K), 0.0052270 secs] 74568K->57566K(260032K), 0.0053370 secs] [Times: user=0.00 sys=0.00, real=0.01 secs] 
2012-10-20T08:59:01.898+0100: 52217.881: [GC 52217.881: [DefNew: 17803K->584K(19136K), 0.0047890 secs] 74589K->57370K(260032K), 0.0048840 secs] [Times: user=0.01 sys=0.00, real=0.00 secs] 
2012-10-20T08:59:46.901+0100: 52262.884: [GC 52262.885: [DefNew: 17606K->1127K(19136K), 0.0056730 secs] 74393K->57913K(260032K), 0.0057750 secs] [Times: user=0.00 sys=0.01, real=0.01 secs] 
2012-10-20T09:00:36.948+0100: 52312.931: [GC 52312.931: [DefNew: 18151K->812K(19136K), 0.0058030 secs] 74937K->57725K(260032K), 0.0059020 secs] [Times: user=0.01 sys=0.00, real=0.00 secs] 
2012-10-20T09:01:26.906+0100: 52362.889: [GC 52362.889: [DefNew: 17828K->306K(19136K), 0.0060120 secs] 74741K->57219K(260032K), 0.0061220 secs] [Times: user=0.01 sys=0.00, real=0.01 secs] 
2012-10-20T09:02:11.935+0100: 52407.918: [GC 52407.918: [DefNew: 17330K->641K(19136K), 0.0048140 secs] 74242K->57553K(260032K), 0.0049120 secs] [Times: user=0.00 sys=0.00, real=0.01 secs] 
2012-10-20T09:03:02.046+0100: 52458.029: [GC 52458.029: [DefNew: 17664K->515K(19136K), 0.0046960 secs] 74576K->57427K(260032K), 0.0047950 secs] [Times: user=0.01 sys=0.00, real=0.01 secs] 
2012-10-20T09:03:47.092+0100: 52503.075: [GC 52503.075: [DefNew: 17539K->934K(19136K), 0.0055030 secs] 74451K->57846K(260032K), 0.0056040 secs] [Times: user=0.00 sys=0.00, real=0.01 secs] 
2012-10-20T09:04:31.956+0100: 52547.939: [GC 52547.939: [DefNew: 17936K->936K(19136K), 0.0060320 secs] 74848K->57848K(260032K), 0.0062540 secs] [Times: user=0.00 sys=0.00, real=0.01 secs] 
2012-10-20T09:05:16.946+0100: 52592.929: [GC 52592.929: [DefNew: 17960K->969K(19136K), 0.0055450 secs] 74872K->57882K(260032K), 0.0056510 secs] [Times: user=0.00 sys=0.00, real=0.01 secs] 
2012-10-20T09:06:02.417+0100: 52638.400: [GC 52638.400: [DefNew: 17993K->1072K(19136K), 0.0059990 secs] 74906K->58047K(260032K), 0.0060980 secs] [Times: user=0.01 sys=0.00, real=0.01 secs] 
2012-10-20T09:06:52.177+0100: 52688.160: [GC 52688.160: [DefNew: 18093K->849K(19136K), 0.0053540 secs] 75068K->57823K(260032K), 0.0054560 secs] [Times: user=0.00 sys=0.00, real=0.01 secs] 
2012-10-20T09:07:37.380+0100: 52733.363: [GC 52733.363: [DefNew: 17857K->1271K(19136K), 0.0041290 secs] 74832K->58245K(260032K), 0.0042070 secs] [Times: user=0.00 sys=0.00, real=0.00 secs] 
2012-10-20T09:08:26.904+0100: 52782.887: [GC 52782.887: [DefNew: 18295K->704K(19136K), 0.0061890 secs] 75269K->58030K(260032K), 0.0062930 secs] [Times: user=0.02 sys=0.00, real=0.01 secs] 
2012-10-20T09:09:12.374+0100: 52828.357: [GC 52828.357: [DefNew: 17728K->1273K(19136K), 0.0063400 secs] 75054K->58599K(260032K), 0.0064430 secs] [Times: user=0.00 sys=0.00, real=0.01 secs] 
2012-10-20T09:10:01.620+0100: 52877.603: [GC 52877.603: [DefNew: 18297K->676K(19136K), 0.0059790 secs] 75623K->58262K(260032K), 0.0060810 secs] [Times: user=0.00 sys=0.00, real=0.00 secs] 
2012-10-20T09:10:47.386+0100: 52923.369: [GC 52923.369: [DefNew: 17670K->1186K(19136K), 0.0061700 secs] 75256K->58773K(260032K), 0.0063120 secs] [Times: user=0.00 sys=0.00, real=0.01 secs] 
2012-10-20T09:11:36.948+0100: 52972.931: [GC 52972.931: [DefNew: 18209K->572K(19136K), 0.0065780 secs] 75795K->58501K(260032K), 0.0066780 secs] [Times: user=0.00 sys=0.00, real=0.00 secs] 
2012-10-20T09:12:22.418+0100: 53018.401: [GC 53018.401: [DefNew: 17596K->1112K(19136K), 0.0058580 secs] 75525K->59041K(260032K), 0.0059650 secs] [Times: user=0.00 sys=0.00, real=0.00 secs] 
2012-10-20T09:13:11.990+0100: 53067.973: [GC 53067.973: [DefNew: 18107K->973K(19136K), 0.0061030 secs] 76037K->58980K(260032K), 0.0062160 secs] [Times: user=0.01 sys=0.00, real=0.00 secs] 
2012-10-20T09:13:55.829+0100: 53111.812: [GC 53111.812: [DefNew: 17997K->1080K(19136K), 0.0057490 secs] 76004K->59087K(260032K), 0.0058470 secs] [Times: user=0.00 sys=0.00, real=0.00 secs] 
2012-10-20T09:14:47.111+0100: 53163.094: [GC 53163.094: [DefNew: 18077K->528K(19136K), 0.0046580 secs] 76084K->58535K(260032K), 0.0047520 secs] [Times: user=0.00 sys=0.00, real=0.00 secs] 
2012-10-20T09:15:32.054+0100: 53208.037: [GC 53208.037: [DefNew: 17550K->955K(19136K), 0.0055080 secs] 75557K->58962K(260032K), 0.0056250 secs] [Times: user=0.01 sys=0.00, real=0.01 secs] 
2012-10-20T09:16:17.589+0100: 53253.572: [GC 53253.572: [DefNew: 17979K->970K(19136K), 0.0055710 secs] 75986K->58978K(260032K), 0.0056720 secs] [Times: user=0.00 sys=0.01, real=0.00 secs] 
2012-10-20T09:17:07.171+0100: 53303.154: [GC 53303.154: [DefNew: 17969K->525K(19136K), 0.0048450 secs] 75976K->58532K(260032K), 0.0049430 secs] [Times: user=0.00 sys=0.00, real=0.00 secs] 
2012-10-20T09:17:54.868+0100: 53350.851: [GC 53350.851: [DefNew: 17548K->628K(19136K), 0.0049610 secs] 75555K->58635K(260032K), 0.0050590 secs] [Times: user=0.01 sys=0.00, real=0.00 secs] 
2012-10-20T09:18:42.078+0100: 53398.061: [GC 53398.061: [DefNew: 17649K->715K(19136K), 0.0057540 secs] 75657K->58723K(260032K), 0.0058680 secs] [Times: user=0.00 sys=0.00, real=0.00 secs] 
2012-10-20T09:19:27.132+0100: 53443.115: [GC 53443.115: [DefNew: 17733K->588K(19136K), 0.0046420 secs] 75741K->58595K(260032K), 0.0047410 secs] [Times: user=0.00 sys=0.00, real=0.00 secs] 
2012-10-20T09:20:12.533+0100: 53488.516: [GC 53488.516: [DefNew: 17611K->1030K(19136K), 0.0061740 secs] 75618K->59038K(260032K), 0.0062810 secs] [Times: user=0.00 sys=0.00, real=0.01 secs] 
2012-10-20T09:20:57.554+0100: 53533.537: [GC 53533.537: [DefNew: 18054K->1184K(19136K), 0.0058680 secs] 76062K->59192K(260032K), 0.0059790 secs] [Times: user=0.01 sys=0.00, real=0.01 secs] 
2012-10-20T09:21:47.406+0100: 53583.389: [GC 53583.389: [DefNew: 18208K->1109K(19136K), 0.0108100 secs] 76216K->59179K(260032K), 0.0109510 secs] [Times: user=0.01 sys=0.00, real=0.01 secs] 
2012-10-20T09:22:37.400+0100: 53633.383: [GC 53633.383: [DefNew: 18133K->918K(19136K), 0.0058050 secs] 76203K->59019K(260032K), 0.0059380 secs] [Times: user=0.00 sys=0.00, real=0.00 secs] 
2012-10-20T09:23:27.115+0100: 53683.098: [GC 53683.098: [DefNew: 17942K->668K(19136K), 0.0051230 secs] 76043K->58768K(260032K), 0.0052200 secs] [Times: user=0.00 sys=0.00, real=0.01 secs] 
2012-10-20T09:24:12.136+0100: 53728.119: [GC 53728.119: [DefNew: 17669K->821K(19136K), 0.0054250 secs] 75769K->58921K(260032K), 0.0055210 secs] [Times: user=0.00 sys=0.00, real=0.01 secs] 
2012-10-20T09:24:59.212+0100: 53775.195: [GC 53775.195: [DefNew: 17845K->1001K(19136K), 0.0064180 secs] 75945K->59175K(260032K), 0.0065270 secs] [Times: user=0.00 sys=0.00, real=0.01 secs] 
2012-10-20T09:25:48.016+0100: 53823.999: [GC 53823.999: [DefNew: 18025K->872K(19136K), 0.0053540 secs] 76199K->59046K(260032K), 0.0054520 secs] [Times: user=0.01 sys=0.00, real=0.01 secs] 
2012-10-20T09:26:32.112+0100: 53868.095: [GC 53868.095: [DefNew: 17892K->501K(19136K), 0.0063820 secs] 76066K->58675K(260032K), 0.0070740 secs] [Times: user=0.00 sys=0.00, real=0.01 secs] 
2012-10-20T09:27:17.612+0100: 53913.595: [GC 53913.595: [DefNew: 17525K->1169K(19136K), 0.0060940 secs] 75699K->59343K(260032K), 0.0062110 secs] [Times: user=0.00 sys=0.00, real=0.01 secs] 
2012-10-20T09:28:07.155+0100: 53963.138: [GC 53963.138: [DefNew: 18193K->755K(19136K), 0.0054150 secs] 76367K->59021K(260032K), 0.0055150 secs] [Times: user=0.01 sys=0.00, real=0.01 secs] 
2012-10-20T09:28:51.873+0100: 54007.856: [GC 54007.856: [DefNew: 17779K->574K(19136K), 0.0049390 secs] 76045K->58840K(260032K), 0.0050360 secs] [Times: user=0.01 sys=0.00, real=0.01 secs] 
2012-10-20T09:29:27.112+0100: 54043.095: [GC 54043.095: [DefNew: 17598K->581K(19136K), 0.0046740 secs] 75864K->58847K(260032K), 0.0047720 secs] [Times: user=0.00 sys=0.00, real=0.00 secs] 
2012-10-20T09:30:12.143+0100: 54088.126: [GC 54088.126: [DefNew: 17605K->1023K(19136K), 0.0058340 secs] 75871K->59290K(260032K), 0.0059350 secs] [Times: user=0.00 sys=0.00, real=0.01 secs] 
2012-10-20T09:30:58.182+0100: 54134.165: [GC 54134.165: [DefNew: 18047K->1260K(19136K), 0.0061000 secs] 76314K->59526K(260032K), 0.0062070 secs] [Times: user=0.00 sys=0.00, real=0.01 secs] 
2012-10-20T09:31:47.561+0100: 54183.544: [GC 54183.544: [DefNew: 18284K->1098K(19136K), 0.0065740 secs] 76550K->59535K(260032K), 0.0066750 secs] [Times: user=0.00 sys=0.00, real=0.01 secs] 
2012-10-20T09:32:37.284+0100: 54233.266: [GC 54233.267: [DefNew: 18122K->850K(19136K), 0.0061280 secs] 76559K->59475K(260032K), 0.0062420 secs] [Times: user=0.01 sys=0.00, real=0.01 secs] 
2012-10-20T09:33:27.112+0100: 54283.095: [GC 54283.095: [DefNew: 17850K->433K(19136K), 0.0045720 secs] 76475K->59058K(260032K), 0.0046720 secs] [Times: user=0.00 sys=0.00, real=0.00 secs] 
2012-10-20T09:34:12.746+0100: 54328.729: [GC 54328.729: [DefNew: 17457K->1096K(19136K), 0.0060910 secs] 76082K->59721K(260032K), 0.0061960 secs] [Times: user=0.01 sys=0.00, real=0.01 secs] 
2012-10-20T09:35:01.441+0100: 54377.424: [GC 54377.424: [DefNew: 18088K->911K(19136K), 0.0038010 secs] 76713K->59537K(260032K), 0.0038710 secs] [Times: user=0.00 sys=0.01, real=0.00 secs] 
2012-10-20T09:35:47.623+0100: 54423.606: [GC 54423.606: [DefNew: 17935K->1194K(19136K), 0.0043910 secs] 76561K->59819K(260032K), 0.0044920 secs] [Times: user=0.01 sys=0.00, real=0.01 secs] 
2012-10-20T09:36:37.165+0100: 54473.148: [GC 54473.148: [DefNew: 18218K->1204K(19136K), 0.0066860 secs] 76843K->59956K(260032K), 0.0068060 secs] [Times: user=0.01 sys=0.00, real=0.01 secs] 
2012-10-20T09:37:27.378+0100: 54523.361: [GC 54523.361: [DefNew: 18221K->560K(19136K), 0.0049330 secs] 76973K->59375K(260032K), 0.0050270 secs] [Times: user=0.00 sys=0.00, real=0.00 secs] 
2012-10-20T09:38:12.132+0100: 54568.114: [GC 54568.115: [DefNew: 17578K->750K(19136K), 0.0051760 secs] 76393K->59565K(260032K), 0.0052710 secs] [Times: user=0.00 sys=0.00, real=0.00 secs] 
2012-10-20T09:38:57.804+0100: 54613.787: [GC 54613.787: [DefNew: 17774K->1088K(19136K), 0.0060150 secs] 76589K->59903K(260032K), 0.0061170 secs] [Times: user=0.01 sys=0.00, real=0.01 secs] 
2012-10-20T09:39:48.000+0100: 54663.983: [GC 54663.983: [DefNew: 18112K->1085K(19136K), 0.0058070 secs] 76927K->59901K(260032K), 0.0059100 secs] [Times: user=0.00 sys=0.00, real=0.00 secs] 
2012-10-20T09:40:32.137+0100: 54708.120: [GC 54708.120: [DefNew: 18109K->979K(19136K), 0.0062150 secs] 76925K->59869K(260032K), 0.0063230 secs] [Times: user=0.01 sys=0.00, real=0.01 secs] 
2012-10-20T09:41:17.201+0100: 54753.183: [GC 54753.184: [DefNew: 18003K->939K(19136K), 0.0079200 secs] 76893K->59828K(260032K), 0.0080230 secs] [Times: user=0.01 sys=0.00, real=0.01 secs] 
2012-10-20T09:42:07.284+0100: 54803.267: [GC 54803.267: [DefNew: 17963K->936K(19136K), 0.0056780 secs] 76852K->59826K(260032K), 0.0057920 secs] [Times: user=0.01 sys=0.00, real=0.01 secs] 
2012-10-20T09:42:57.192+0100: 54853.175: [GC 54853.175: [DefNew: 17960K->428K(19136K), 0.0047650 secs] 76850K->59317K(260032K), 0.0048610 secs] [Times: user=0.00 sys=0.01, real=0.00 secs] 
2012-10-20T09:43:44.301+0100: 54900.284: [GC 54900.284: [DefNew: 17452K->1097K(19136K), 0.0039950 secs] 76341K->59986K(260032K), 0.0040970 secs] [Times: user=0.00 sys=0.00, real=0.00 secs] 
2012-10-20T09:44:32.204+0100: 54948.187: [GC 54948.187: [DefNew: 18116K->472K(19136K), 0.0069900 secs] 77006K->59362K(260032K), 0.0076840 secs] [Times: user=0.00 sys=0.00, real=0.01 secs] 
2012-10-20T09:45:17.272+0100: 54993.255: [GC 54993.255: [DefNew: 17496K->939K(19136K), 0.0055750 secs] 76386K->59829K(260032K), 0.0057310 secs] [Times: user=0.00 sys=0.00, real=0.01 secs] 
2012-10-20T09:46:07.279+0100: 55043.262: [GC 55043.262: [DefNew: 17963K->496K(19136K), 0.0045870 secs] 76853K->59385K(260032K), 0.0047090 secs] [Times: user=0.00 sys=0.01, real=0.00 secs] 
2012-10-20T09:46:52.658+0100: 55088.641: [GC 55088.641: [DefNew: 17520K->1282K(19136K), 0.0064180 secs] 76409K->60172K(260032K), 0.0065550 secs] [Times: user=0.00 sys=0.00, real=0.00 secs] 
2012-10-20T09:47:42.674+0100: 55138.657: [GC 55138.658: [DefNew: 18306K->905K(19136K), 0.0063350 secs] 77196K->60013K(260032K), 0.0064590 secs] [Times: user=0.00 sys=0.00, real=0.01 secs] 
2012-10-20T09:48:27.723+0100: 55183.706: [GC 55183.706: [DefNew: 17929K->1062K(19136K), 0.0058380 secs] 77037K->60170K(260032K), 0.0059380 secs] [Times: user=0.01 sys=0.00, real=0.01 secs] 
2012-10-20T09:49:17.232+0100: 55233.215: [GC 55233.216: [DefNew: 18066K->447K(19136K), 0.0075040 secs] 77173K->59709K(260032K), 0.0076060 secs] [Times: user=0.00 sys=0.00, real=0.01 secs] 
2012-10-20T09:50:01.297+0100: 55277.280: [GC 55277.280: [DefNew: 17471K->826K(19136K), 0.0053210 secs] 76733K->60088K(260032K), 0.0054150 secs] [Times: user=0.01 sys=0.00, real=0.00 secs] 
2012-10-20T09:50:52.505+0100: 55328.488: [GC 55328.489: [DefNew: 17846K->452K(19136K), 0.0087530 secs] 77108K->59714K(260032K), 0.0088600 secs] [Times: user=0.01 sys=0.00, real=0.01 secs] 
2012-10-20T09:51:42.269+0100: 55378.252: [GC 55378.252: [DefNew: 17448K->571K(19136K), 0.0055000 secs] 76710K->59833K(260032K), 0.0056020 secs] [Times: user=0.00 sys=0.00, real=0.00 secs] 
2012-10-20T09:52:32.209+0100: 55428.192: [GC 55428.192: [DefNew: 17590K->338K(19136K), 0.0048440 secs] 76852K->59674K(260032K), 0.0049370 secs] [Times: user=0.00 sys=0.00, real=0.00 secs] 
2012-10-20T09:53:17.661+0100: 55473.644: [GC 55473.644: [DefNew: 17360K->807K(19136K), 0.0052860 secs] 76696K->60143K(260032K), 0.0053920 secs] [Times: user=0.00 sys=0.00, real=0.00 secs] 
2012-10-20T09:54:07.516+0100: 55523.499: [GC 55523.499: [DefNew: 17831K->366K(19136K), 0.0054620 secs] 77167K->59702K(260032K), 0.0055570 secs] [Times: user=0.01 sys=0.00, real=0.01 secs] 
2012-10-20T09:54:52.829+0100: 55568.812: [GC 55568.812: [DefNew: 17390K->1030K(19136K), 0.0057030 secs] 76726K->60366K(260032K), 0.0058040 secs] [Times: user=0.00 sys=0.00, real=0.00 secs] 
2012-10-20T09:55:37.339+0100: 55613.322: [GC 55613.322: [DefNew: 18054K->959K(19136K), 0.0060140 secs] 77390K->60295K(260032K), 0.0061170 secs] [Times: user=0.01 sys=0.00, real=0.00 secs] 
2012-10-20T09:56:23.030+0100: 55659.013: [GC 55659.013: [DefNew: 17983K->1131K(19136K), 0.0065710 secs] 77319K->60497K(260032K), 0.0066780 secs] [Times: user=0.00 sys=0.00, real=0.00 secs] 
2012-10-20T09:57:12.294+0100: 55708.277: [GC 55708.277: [DefNew: 18138K->562K(19136K), 0.0053940 secs] 77504K->59991K(260032K), 0.0054960 secs] [Times: user=0.01 sys=0.00, real=0.01 secs] 
2012-10-20T09:57:57.649+0100: 55753.632: [GC 55753.632: [DefNew: 17558K->1035K(19136K), 0.0064460 secs] 76987K->60465K(260032K), 0.0065480 secs] [Times: user=0.00 sys=0.00, real=0.00 secs] 
2012-10-20T09:58:47.514+0100: 55803.496: [GC 55803.497: [DefNew: 18035K->874K(19136K), 0.0053860 secs] 77464K->60304K(260032K), 0.0054860 secs] [Times: user=0.00 sys=0.00, real=0.01 secs] 
2012-10-20T09:59:37.283+0100: 55853.266: [GC 55853.266: [DefNew: 17898K->433K(19136K), 0.0047610 secs] 77328K->59894K(260032K), 0.0048570 secs] [Times: user=0.01 sys=0.00, real=0.01 secs] 
2012-10-20T10:00:22.313+0100: 55898.296: [GC 55898.296: [DefNew: 17428K->717K(19136K), 0.0052120 secs] 76890K->60179K(260032K), 0.0053130 secs] [Times: user=0.01 sys=0.00, real=0.01 secs] 
2012-10-20T10:01:07.310+0100: 55943.293: [GC 55943.293: [DefNew: 17741K->1037K(19136K), 0.0057030 secs] 77203K->60498K(260032K), 0.0058160 secs] [Times: user=0.00 sys=0.00, real=0.00 secs] 
2012-10-20T10:01:57.360+0100: 55993.343: [GC 55993.343: [DefNew: 18037K->940K(19136K), 0.0056020 secs] 77498K->60402K(260032K), 0.0057010 secs] [Times: user=0.00 sys=0.00, real=0.00 secs] 
2012-10-20T10:02:46.233+0100: 56042.216: [GC 56042.216: [DefNew: 17964K->938K(19136K), 0.0057340 secs] 77426K->60400K(260032K), 0.0058300 secs] [Times: user=0.00 sys=0.00, real=0.01 secs] 
2012-10-20T10:03:37.330+0100: 56093.313: [GC 56093.313: [DefNew: 17952K->557K(19136K), 0.0052070 secs] 77414K->60018K(260032K), 0.0053040 secs] [Times: user=0.00 sys=0.00, real=0.00 secs] 
2012-10-20T10:04:22.506+0100: 56138.489: [GC 56138.489: [DefNew: 17581K->811K(19136K), 0.0055330 secs] 77042K->60273K(260032K), 0.0056330 secs] [Times: user=0.00 sys=0.00, real=0.01 secs] 
2012-10-20T10:05:07.792+0100: 56183.775: [GC 56183.775: [DefNew: 17835K->1099K(19136K), 0.0059040 secs] 77297K->60561K(260032K), 0.0060040 secs] [Times: user=0.01 sys=0.00, real=0.01 secs] 
2012-10-20T10:05:57.322+0100: 56233.305: [GC 56233.305: [DefNew: 18107K->461K(19136K), 0.0047240 secs] 77568K->59985K(260032K), 0.0048480 secs] [Times: user=0.00 sys=0.00, real=0.00 secs] 
2012-10-20T10:06:42.722+0100: 56278.705: [GC 56278.705: [DefNew: 17485K->1179K(19136K), 0.0070010 secs] 77009K->60702K(260032K), 0.0071150 secs] [Times: user=0.01 sys=0.00, real=0.01 secs] 
2012-10-20T10:07:32.450+0100: 56328.433: [GC 56328.433: [DefNew: 18199K->1057K(19136K), 0.0062540 secs] 77723K->60735K(260032K), 0.0063590 secs] [Times: user=0.01 sys=0.00, real=0.00 secs] 
2012-10-20T10:08:17.988+0100: 56373.971: [GC 56373.971: [DefNew: 18081K->1401K(19136K), 0.0066530 secs] 77759K->61153K(260032K), 0.0067560 secs] [Times: user=0.00 sys=0.00, real=0.00 secs] 
2012-10-20T10:09:07.325+0100: 56423.307: [GC 56423.308: [DefNew: 18425K->844K(19136K), 0.0064010 secs] 78177K->60796K(260032K), 0.0064990 secs] [Times: user=0.01 sys=0.00, real=0.01 secs] 
2012-10-20T10:09:54.524+0100: 56470.507: [GC 56470.508: [DefNew: 17868K->1341K(19136K), 0.0063260 secs] 77820K->61293K(260032K), 0.0064270 secs] [Times: user=0.00 sys=0.00, real=0.01 secs] 
2012-10-20T10:10:42.522+0100: 56518.505: [GC 56518.505: [DefNew: 18365K->757K(19136K), 0.0061940 secs] 78317K->60921K(260032K), 0.0062940 secs] [Times: user=0.01 sys=0.00, real=0.01 secs] 
2012-10-20T10:11:32.553+0100: 56568.536: [GC 56568.536: [DefNew: 17781K->750K(19136K), 0.0055500 secs] 77945K->60914K(260032K), 0.0056580 secs] [Times: user=0.00 sys=0.00, real=0.01 secs] 
2012-10-20T10:12:18.260+0100: 56614.243: [GC 56614.243: [DefNew: 17766K->1211K(19136K), 0.0069500 secs] 77930K->61375K(260032K), 0.0070610 secs] [Times: user=0.01 sys=0.00, real=0.00 secs] 
2012-10-20T10:13:07.410+0100: 56663.393: [GC 56663.393: [DefNew: 18235K->906K(19136K), 0.0068890 secs] 78399K->61133K(260032K), 0.0071810 secs] [Times: user=0.00 sys=0.01, real=0.01 secs] 
2012-10-20T10:13:57.533+0100: 56713.516: [GC 56713.516: [DefNew: 17930K->455K(19136K), 0.0044170 secs] 78157K->60682K(260032K), 0.0045000 secs] [Times: user=0.00 sys=0.01, real=0.00 secs] 
2012-10-20T10:14:42.850+0100: 56758.833: [GC 56758.833: [DefNew: 17479K->1180K(19136K), 0.0096090 secs] 77706K->61407K(260032K), 0.0097420 secs] [Times: user=0.01 sys=0.00, real=0.01 secs] 
2012-10-20T10:15:32.541+0100: 56808.524: [GC 56808.524: [DefNew: 18191K->653K(19136K), 0.0060110 secs] 78418K->61027K(260032K), 0.0061200 secs] [Times: user=0.01 sys=0.00, real=0.01 secs] 
2012-10-20T10:16:17.866+0100: 56853.849: [GC 56853.849: [DefNew: 17677K->1077K(19136K), 0.0095930 secs] 78051K->61451K(260032K), 0.0097100 secs] [Times: user=0.00 sys=0.00, real=0.01 secs] 
2012-10-20T10:17:07.488+0100: 56903.471: [GC 56903.471: [DefNew: 18101K->820K(19136K), 0.0059420 secs] 78475K->61258K(260032K), 0.0060560 secs] [Times: user=0.00 sys=0.01, real=0.00 secs] 
2012-10-20T10:17:52.934+0100: 56948.917: [GC 56948.917: [DefNew: 17844K->1443K(19136K), 0.0072730 secs] 78282K->61882K(260032K), 0.0073970 secs] [Times: user=0.01 sys=0.00, real=0.01 secs] 
2012-10-20T10:18:42.435+0100: 56998.418: [GC 56998.418: [DefNew: 18459K->809K(19136K), 0.0060620 secs] 78898K->61373K(260032K), 0.0061710 secs] [Times: user=0.00 sys=0.00, real=0.01 secs] 
2012-10-20T10:19:32.583+0100: 57048.566: [GC 57048.566: [DefNew: 17833K->309K(19136K), 0.0046380 secs] 78397K->60874K(260032K), 0.0047360 secs] [Times: user=0.00 sys=0.00, real=0.01 secs] 
2012-10-20T10:20:17.425+0100: 57093.407: [GC 57093.408: [DefNew: 17333K->790K(19136K), 0.0057540 secs] 77898K->61355K(260032K), 0.0058630 secs] [Times: user=0.01 sys=0.00, real=0.01 secs] 
2012-10-20T10:21:02.440+0100: 57138.423: [GC 57138.423: [DefNew: 17814K->943K(19136K), 0.0058790 secs] 78379K->61508K(260032K), 0.0059900 secs] [Times: user=0.00 sys=0.00, real=0.00 secs] 
2012-10-20T10:21:52.444+0100: 57188.427: [GC 57188.427: [DefNew: 17967K->815K(19136K), 0.0117830 secs] 78532K->61380K(260032K), 0.0120610 secs] [Times: user=0.00 sys=0.01, real=0.01 secs] 
2012-10-20T10:22:42.596+0100: 57238.579: [GC 57238.579: [DefNew: 17839K->470K(19136K), 0.0033520 secs] 78404K->61036K(260032K), 0.0034530 secs] [Times: user=0.00 sys=0.00, real=0.01 secs] 
2012-10-20T10:23:27.406+0100: 57283.389: [GC 57283.389: [DefNew: 17484K->982K(19136K), 0.0066820 secs] 78049K->61547K(260032K), 0.0068050 secs] [Times: user=0.01 sys=0.00, real=0.01 secs] 
2012-10-20T10:24:13.039+0100: 57329.022: [GC 57329.022: [DefNew: 18006K->1206K(19136K), 0.0060420 secs] 78571K->61771K(260032K), 0.0061490 secs] [Times: user=0.01 sys=0.00, real=0.00 secs] 
2012-10-20T10:25:02.493+0100: 57378.476: [GC 57378.476: [DefNew: 18229K->397K(19136K), 0.0051180 secs] 78794K->61067K(260032K), 0.0052120 secs] [Times: user=0.01 sys=0.00, real=0.01 secs] 
2012-10-20T10:25:48.453+0100: 57424.436: [GC 57424.436: [DefNew: 17421K->1097K(19136K), 0.0060370 secs] 78091K->61766K(260032K), 0.0061390 secs] [Times: user=0.00 sys=0.00, real=0.01 secs] 
2012-10-20T10:26:37.785+0100: 57473.767: [GC 57473.768: [DefNew: 18121K->811K(19136K), 0.0057600 secs] 78790K->61481K(260032K), 0.0058580 secs] [Times: user=0.00 sys=0.00, real=0.01 secs] 
2012-10-20T10:27:27.421+0100: 57523.404: [GC 57523.404: [DefNew: 17835K->336K(19136K), 0.0050810 secs] 78505K->61006K(260032K), 0.0051830 secs] [Times: user=0.00 sys=0.00, real=0.00 secs] 
2012-10-20T10:28:12.935+0100: 57568.918: [GC 57568.918: [DefNew: 17360K->1094K(19136K), 0.0061590 secs] 78030K->61764K(260032K), 0.0062690 secs] [Times: user=0.01 sys=0.00, real=0.01 secs] 
2012-10-20T10:28:52.951+0100: 57608.934: [GC 57608.934: [DefNew: 18118K->1519K(19136K), 0.0108320 secs] 78788K->62346K(260032K), 0.0109710 secs] [Times: user=0.01 sys=0.00, real=0.01 secs] 
2012-10-20T10:29:32.512+0100: 57648.495: [GC 57648.495: [DefNew: 18543K->787K(19136K), 0.0058510 secs] 79370K->61736K(260032K), 0.0059550 secs] [Times: user=0.01 sys=0.00, real=0.01 secs] 
2012-10-20T10:30:22.491+0100: 57698.474: [GC 57698.474: [DefNew: 17792K->531K(19136K), 0.0047310 secs] 78741K->61480K(260032K), 0.0048300 secs] [Times: user=0.00 sys=0.00, real=0.00 secs] 
2012-10-20T10:31:07.876+0100: 57743.859: [GC 57743.859: [DefNew: 17555K->981K(19136K), 0.0061490 secs] 78504K->61930K(260032K), 0.0062490 secs] [Times: user=0.00 sys=0.00, real=0.01 secs] 
2012-10-20T10:31:57.484+0100: 57793.467: [GC 57793.467: [DefNew: 18005K->590K(19136K), 0.0088470 secs] 78954K->61539K(260032K), 0.0092080 secs] [Times: user=0.00 sys=0.00, real=0.01 secs] 
2012-10-20T10:32:42.960+0100: 57838.943: [GC 57838.943: [DefNew: 17614K->1239K(19136K), 0.0062230 secs] 78563K->62189K(260032K), 0.0063290 secs] [Times: user=0.00 sys=0.00, real=0.00 secs] 
2012-10-20T10:33:33.022+0100: 57889.004: [GC 57889.005: [DefNew: 18263K->746K(19136K), 0.0061940 secs] 79213K->61986K(260032K), 0.0062940 secs] [Times: user=0.01 sys=0.00, real=0.01 secs] 
2012-10-20T10:34:22.799+0100: 57938.782: [GC 57938.782: [DefNew: 17770K->561K(19136K), 0.0050800 secs] 79010K->61801K(260032K), 0.0051790 secs] [Times: user=0.00 sys=0.01, real=0.00 secs] 
2012-10-20T10:35:07.999+0100: 57983.982: [GC 57983.982: [DefNew: 17585K->1133K(19136K), 0.0062600 secs] 78825K->62373K(260032K), 0.0063640 secs] [Times: user=0.00 sys=0.01, real=0.00 secs] 
2012-10-20T10:35:57.719+0100: 58033.702: [GC 58033.702: [DefNew: 18141K->494K(19136K), 0.0048830 secs] 79381K->61735K(260032K), 0.0049810 secs] [Times: user=0.00 sys=0.00, real=0.00 secs] 
2012-10-20T10:36:42.924+0100: 58078.906: [GC 58078.907: [DefNew: 17518K->1141K(19136K), 0.0065340 secs] 78759K->62382K(260032K), 0.0066510 secs] [Times: user=0.00 sys=0.00, real=0.01 secs] 
2012-10-20T10:37:32.903+0100: 58128.886: [GC 58128.886: [DefNew: 18144K->811K(19136K), 0.0075470 secs] 79385K->62177K(260032K), 0.0076620 secs] [Times: user=0.01 sys=0.00, real=0.01 secs] 
2012-10-20T10:38:22.514+0100: 58178.497: [GC 58178.497: [DefNew: 17835K->871K(19136K), 0.0054300 secs] 79201K->62237K(260032K), 0.0055340 secs] [Times: user=0.01 sys=0.00, real=0.01 secs] 
2012-10-20T10:39:08.103+0100: 58224.086: [GC 58224.086: [DefNew: 17871K->1001K(19136K), 0.0061000 secs] 79237K->62367K(260032K), 0.0062100 secs] [Times: user=0.00 sys=0.00, real=0.01 secs] 
2012-10-20T10:39:57.672+0100: 58273.655: [GC 58273.655: [DefNew: 18005K->661K(19136K), 0.0051440 secs] 79371K->62027K(260032K), 0.0052420 secs] [Times: user=0.00 sys=0.00, real=0.01 secs] 
2012-10-20T10:40:43.215+0100: 58319.198: [GC 58319.198: [DefNew: 17685K->1200K(19136K), 0.0062180 secs] 79051K->62566K(260032K), 0.0063270 secs] [Times: user=0.01 sys=0.00, real=0.01 secs] 
2012-10-20T10:41:32.567+0100: 58368.550: [GC 58368.550: [DefNew: 18224K->722K(19136K), 0.0058640 secs] 79590K->62286K(260032K), 0.0059640 secs] [Times: user=0.00 sys=0.00, real=0.01 secs] 
2012-10-20T10:42:22.610+0100: 58418.593: [GC 58418.593: [DefNew: 17723K->371K(19136K), 0.0048290 secs] 79287K->61935K(260032K), 0.0049230 secs] [Times: user=0.00 sys=0.00, real=0.00 secs] 
2012-10-20T10:43:08.061+0100: 58464.044: [GC 58464.044: [DefNew: 17395K->1159K(19136K), 0.0104520 secs] 78959K->62723K(260032K), 0.0105740 secs] [Times: user=0.01 sys=0.00, real=0.01 secs] 
2012-10-20T10:43:57.776+0100: 58513.759: [GC 58513.759: [DefNew: 18183K->909K(19136K), 0.0056640 secs] 79747K->62536K(260032K), 0.0057670 secs] [Times: user=0.01 sys=0.00, real=0.01 secs] 
2012-10-20T10:44:44.154+0100: 58560.137: [GC 58560.137: [DefNew: 17933K->1035K(19136K), 0.0058700 secs] 79560K->62662K(260032K), 0.0059820 secs] [Times: user=0.00 sys=0.00, real=0.01 secs] 
2012-10-20T10:45:33.144+0100: 58609.127: [GC 58609.127: [DefNew: 18059K->1034K(19136K), 0.0099860 secs] 79686K->62661K(260032K), 0.0101030 secs] [Times: user=0.01 sys=0.00, real=0.01 secs] 
2012-10-20T10:46:22.614+0100: 58658.597: [GC 58658.597: [DefNew: 18040K->844K(19136K), 0.0056820 secs] 79667K->62471K(260032K), 0.0057850 secs] [Times: user=0.01 sys=0.00, real=0.01 secs] 
2012-10-20T10:47:08.008+0100: 58703.991: [GC 58703.991: [DefNew: 17864K->927K(19136K), 0.0056450 secs] 79491K->62554K(260032K), 0.0057710 secs] [Times: user=0.01 sys=0.00, real=0.00 secs] 
2012-10-20T10:47:57.760+0100: 58753.742: [GC 58753.743: [DefNew: 17951K->844K(19136K), 0.0052240 secs] 79578K->62470K(260032K), 0.0053410 secs] [Times: user=0.00 sys=0.00, real=0.00 secs] 
2012-10-20T10:48:47.766+0100: 58803.749: [GC 58803.749: [DefNew: 17853K->525K(19136K), 0.0047190 secs] 79480K->62152K(260032K), 0.0048190 secs] [Times: user=0.00 sys=0.00, real=0.01 secs] 
2012-10-20T10:49:32.682+0100: 58848.665: [GC 58848.665: [DefNew: 17549K->980K(19136K), 0.0067060 secs] 79176K->62606K(260032K), 0.0082160 secs] [Times: user=0.00 sys=0.00, real=0.01 secs] 
2012-10-20T10:50:22.601+0100: 58898.584: [GC 58898.584: [DefNew: 18004K->946K(19136K), 0.0057220 secs] 79630K->62573K(260032K), 0.0058240 secs] [Times: user=0.00 sys=0.00, real=0.00 secs] 
2012-10-20T10:51:08.329+0100: 58944.312: [GC 58944.312: [DefNew: 17970K->1241K(19136K), 0.0067280 secs] 79597K->62898K(260032K), 0.0068520 secs] [Times: user=0.00 sys=0.00, real=0.00 secs] 
2012-10-20T10:51:57.635+0100: 58993.618: [GC 58993.618: [DefNew: 18265K->879K(19136K), 0.0061600 secs] 79922K->62673K(260032K), 0.0062730 secs] [Times: user=0.01 sys=0.00, real=0.01 secs] 
2012-10-20T10:52:47.652+0100: 59043.635: [GC 59043.635: [DefNew: 17899K->717K(19136K), 0.0051970 secs] 79693K->62512K(260032K), 0.0052970 secs] [Times: user=0.01 sys=0.00, real=0.00 secs] 
2012-10-20T10:53:33.136+0100: 59089.119: [GC 59089.119: [DefNew: 17719K->1098K(19136K), 0.0068480 secs] 79513K->62892K(260032K), 0.0069870 secs] [Times: user=0.01 sys=0.00, real=0.01 secs] 
2012-10-20T10:54:22.680+0100: 59138.662: [GC 59138.663: [DefNew: 18104K->846K(19136K), 0.0080790 secs] 79898K->62640K(260032K), 0.0081960 secs] [Times: user=0.01 sys=0.00, real=0.01 secs] 
2012-10-20T10:55:12.792+0100: 59188.775: [GC 59188.775: [DefNew: 17868K->467K(19136K), 0.0044480 secs] 79662K->62261K(260032K), 0.0045450 secs] [Times: user=0.00 sys=0.00, real=0.00 secs] 
2012-10-20T10:55:58.590+0100: 59234.573: [GC 59234.573: [DefNew: 17491K->1170K(19136K), 0.0060980 secs] 79285K->62964K(260032K), 0.0061990 secs] [Times: user=0.00 sys=0.00, real=0.00 secs] 
2012-10-20T10:56:47.883+0100: 59283.866: [GC 59283.866: [DefNew: 18194K->935K(19136K), 0.0055720 secs] 79988K->62732K(260032K), 0.0056720 secs] [Times: user=0.00 sys=0.00, real=0.01 secs] 
2012-10-20T10:57:37.755+0100: 59333.738: [GC 59333.738: [DefNew: 17959K->779K(19136K), 0.0054970 secs] 79756K->62576K(260032K), 0.0055990 secs] [Times: user=0.01 sys=0.00, real=0.01 secs] 
2012-10-20T10:58:27.641+0100: 59383.624: [GC 59383.624: [DefNew: 17780K->339K(19136K), 0.0045770 secs] 79577K->62135K(260032K), 0.0046710 secs] [Times: user=0.00 sys=0.00, real=0.00 secs] 
2012-10-20T10:59:12.690+0100: 59428.673: [GC 59428.673: [DefNew: 17361K->750K(19136K), 0.0051710 secs] 79158K->62547K(260032K), 0.0052710 secs] [Times: user=0.00 sys=0.00, real=0.00 secs] 
2012-10-20T10:59:58.232+0100: 59474.214: [GC 59474.215: [DefNew: 17774K->1126K(19136K), 0.0063600 secs] 79571K->62923K(260032K), 0.0064610 secs] [Times: user=0.01 sys=0.00, real=0.01 secs] 
2012-10-20T11:00:48.033+0100: 59524.015: [GC 59524.016: [DefNew: 18133K->752K(19136K), 0.0056540 secs] 79930K->62676K(260032K), 0.0057540 secs] [Times: user=0.01 sys=0.00, real=0.01 secs] 
2012-10-20T11:01:37.764+0100: 59573.747: [GC 59573.747: [DefNew: 17774K->527K(19136K), 0.0047860 secs] 79697K->62450K(260032K), 0.0048800 secs] [Times: user=0.00 sys=0.00, real=0.01 secs] 
2012-10-20T11:02:22.769+0100: 59618.752: [GC 59618.752: [DefNew: 17551K->1167K(19136K), 0.0064370 secs] 79474K->63091K(260032K), 0.0065430 secs] [Times: user=0.00 sys=0.00, real=0.00 secs] 
2012-10-20T11:03:08.287+0100: 59664.270: [GC 59664.270: [DefNew: 18191K->906K(19136K), 0.0084490 secs] 80115K->63309K(260032K), 0.0086080 secs] [Times: user=0.00 sys=0.00, real=0.01 secs] 
2012-10-20T11:03:57.905+0100: 59713.888: [GC 59713.888: [DefNew: 17899K->500K(19136K), 0.0048070 secs] 80302K->62903K(260032K), 0.0049010 secs] [Times: user=0.02 sys=0.00, real=0.01 secs] 
2012-10-20T11:04:43.091+0100: 59759.074: [GC 59759.074: [DefNew: 17524K->1098K(19136K), 0.0060040 secs] 79927K->63501K(260032K), 0.0061060 secs] [Times: user=0.01 sys=0.00, real=0.01 secs] 
2012-10-20T11:05:33.075+0100: 59809.058: [GC 59809.058: [DefNew: 18122K->760K(19136K), 0.0057380 secs] 80525K->63226K(260032K), 0.0058450 secs] [Times: user=0.01 sys=0.00, real=0.01 secs] 
2012-10-20T11:06:17.789+0100: 59853.772: [GC 59853.772: [DefNew: 17782K->1162K(19136K), 0.0059590 secs] 80248K->63629K(260032K), 0.0060630 secs] [Times: user=0.00 sys=0.00, real=0.00 secs] 
2012-10-20T11:07:08.038+0100: 59904.021: [GC 59904.021: [DefNew: 18186K->892K(19136K), 0.0060220 secs] 80653K->63422K(260032K), 0.0061250 secs] [Times: user=0.00 sys=0.00, real=0.00 secs] 
2012-10-20T11:07:56.859+0100: 59952.842: [GC 59952.842: [DefNew: 17915K->990K(19136K), 0.0042340 secs] 80445K->63519K(260032K), 0.0043590 secs] [Times: user=0.00 sys=0.00, real=0.00 secs] 
2012-10-20T11:08:43.339+0100: 59999.322: [GC 59999.322: [DefNew: 18014K->1241K(19136K), 0.0067340 secs] 80543K->63770K(260032K), 0.0068610 secs] [Times: user=0.00 sys=0.00, real=0.00 secs] 
2012-10-20T11:09:32.839+0100: 60048.822: [GC 60048.822: [DefNew: 18265K->885K(19136K), 0.0060680 secs] 80794K->63561K(260032K), 0.0061690 secs] [Times: user=0.00 sys=0.00, real=0.00 secs] 
2012-10-20T11:10:18.773+0100: 60094.755: [GC 60094.756: [DefNew: 17909K->1155K(19136K), 0.0058070 secs] 80585K->63831K(260032K), 0.0059110 secs] [Times: user=0.01 sys=0.00, real=0.01 secs] 
2012-10-20T11:11:08.348+0100: 60144.331: [GC 60144.331: [DefNew: 18179K->869K(19136K), 0.0056800 secs] 80855K->63610K(260032K), 0.0057810 secs] [Times: user=0.01 sys=0.00, real=0.00 secs] 
2012-10-20T11:11:57.798+0100: 60193.781: [GC 60193.781: [DefNew: 17893K->974K(19136K), 0.0057400 secs] 80634K->63715K(260032K), 0.0058430 secs] [Times: user=0.00 sys=0.01, real=0.00 secs] 
2012-10-20T11:12:46.230+0100: 60242.213: [GC 60242.213: [DefNew: 17993K->1130K(19136K), 0.0058270 secs] 80733K->63870K(260032K), 0.0059280 secs] [Times: user=0.00 sys=0.00, real=0.00 secs] 
2012-10-20T11:13:37.914+0100: 60293.897: [GC 60293.897: [DefNew: 18154K->763K(19136K), 0.0073500 secs] 80894K->63536K(260032K), 0.0074580 secs] [Times: user=0.00 sys=0.01, real=0.01 secs] 
2012-10-20T11:14:23.406+0100: 60339.389: [GC 60339.389: [DefNew: 17787K->1133K(19136K), 0.0061040 secs] 80560K->63906K(260032K), 0.0062070 secs] [Times: user=0.01 sys=0.00, real=0.01 secs] 
2012-10-20T11:15:08.292+0100: 60384.275: [GC 60384.275: [DefNew: 18157K->1307K(19136K), 0.0069700 secs] 80930K->64207K(260032K), 0.0070920 secs] [Times: user=0.01 sys=0.00, real=0.01 secs] 
2012-10-20T11:15:58.243+0100: 60434.226: [GC 60434.226: [DefNew: 18318K->635K(19136K), 0.0072470 secs] 81217K->64006K(260032K), 0.0073540 secs] [Times: user=0.00 sys=0.00, real=0.01 secs] 
2012-10-20T11:16:48.146+0100: 60484.128: [GC 60484.129: [DefNew: 17635K->443K(19136K), 0.0049230 secs] 81006K->63813K(260032K), 0.0050450 secs] [Times: user=0.00 sys=0.00, real=0.01 secs] 
2012-10-20T11:17:33.284+0100: 60529.267: [GC 60529.267: [DefNew: 17467K->1110K(19136K), 0.0062280 secs] 80837K->64481K(260032K), 0.0063450 secs] [Times: user=0.01 sys=0.00, real=0.01 secs] 
2012-10-20T11:18:22.857+0100: 60578.840: [GC 60578.840: [DefNew: 18116K->782K(19136K), 0.0058770 secs] 81486K->64290K(260032K), 0.0059850 secs] [Times: user=0.00 sys=0.00, real=0.01 secs] 
2012-10-20T11:19:08.735+0100: 60624.718: [GC 60624.718: [DefNew: 17806K->1110K(19136K), 0.0060020 secs] 81314K->64619K(260032K), 0.0061070 secs] [Times: user=0.01 sys=0.00, real=0.01 secs] 
2012-10-20T11:19:57.848+0100: 60673.831: [GC 60673.831: [DefNew: 18134K->1033K(19136K), 0.0060880 secs] 81643K->64574K(260032K), 0.0062050 secs] [Times: user=0.01 sys=0.00, real=0.00 secs] 
2012-10-20T11:20:47.937+0100: 60723.920: [GC 60723.920: [DefNew: 18057K->912K(19136K), 0.0057980 secs] 81598K->64453K(260032K), 0.0058980 secs] [Times: user=0.00 sys=0.00, real=0.01 secs] 
2012-10-20T11:21:37.886+0100: 60773.869: [GC 60773.869: [DefNew: 17923K->528K(19136K), 0.0048730 secs] 81464K->64069K(260032K), 0.0049720 secs] [Times: user=0.00 sys=0.00, real=0.01 secs] 
2012-10-20T11:22:27.883+0100: 60823.866: [GC 60823.866: [DefNew: 17548K->501K(19136K), 0.0066980 secs] 81089K->64042K(260032K), 0.0068030 secs] [Times: user=0.01 sys=0.00, real=0.01 secs] 
2012-10-20T11:23:12.927+0100: 60868.910: [GC 60868.910: [DefNew: 17520K->935K(19136K), 0.0053810 secs] 81061K->64476K(260032K), 0.0055190 secs] [Times: user=0.00 sys=0.00, real=0.01 secs] 
2012-10-20T11:24:04.200+0100: 60920.183: [GC 60920.183: [DefNew: 17959K->458K(19136K), 0.0045530 secs] 81500K->63998K(260032K), 0.0046480 secs] [Times: user=0.00 sys=0.00, real=0.00 secs] 
2012-10-20T11:24:50.432+0100: 60966.415: [GC 60966.415: [DefNew: 17482K->1033K(19136K), 0.0039400 secs] 81022K->64574K(260032K), 0.0040180 secs] [Times: user=0.00 sys=0.00, real=0.00 secs] 
2012-10-20T11:25:39.980+0100: 61015.963: [GC 61015.963: [DefNew: 18057K->844K(19136K), 0.0058450 secs] 81598K->64385K(260032K), 0.0059460 secs] [Times: user=0.00 sys=0.00, real=0.00 secs] 
2012-10-20T11:26:23.491+0100: 61059.474: [GC 61059.474: [DefNew: 17868K->1161K(19136K), 0.0064280 secs] 81409K->64702K(260032K), 0.0065490 secs] [Times: user=0.01 sys=0.00, real=0.01 secs] 
2012-10-20T11:27:13.494+0100: 61109.477: [GC 61109.477: [DefNew: 18185K->1128K(19136K), 0.0071530 secs] 81726K->64670K(260032K), 0.0072610 secs] [Times: user=0.00 sys=0.00, real=0.01 secs] 
2012-10-20T11:28:03.241+0100: 61159.224: [GC 61159.224: [DefNew: 18152K->872K(19136K), 0.0053700 secs] 81694K->64443K(260032K), 0.0054660 secs] [Times: user=0.00 sys=0.00, real=0.00 secs] 
2012-10-20T11:28:51.361+0100: 61207.344: [GC 61207.344: [DefNew: 17896K->474K(19136K), 0.0051810 secs] 81467K->64045K(260032K), 0.0052760 secs] [Times: user=0.00 sys=0.00, real=0.00 secs] 
2012-10-20T11:29:08.253+0100: 61224.236: [GC 61224.237: [DefNew: 17487K->641K(19136K), 0.0049170 secs] 81058K->64212K(260032K), 0.0055840 secs] [Times: user=0.01 sys=0.00, real=0.01 secs] 
2012-10-20T11:29:53.525+0100: 61269.508: [GC 61269.508: [DefNew: 17648K->1037K(19136K), 0.0059820 secs] 81220K->64671K(260032K), 0.0060910 secs] [Times: user=0.00 sys=0.00, real=0.01 secs] 
2012-10-20T11:30:42.924+0100: 61318.907: [GC 61318.907: [DefNew: 18061K->851K(19136K), 0.0063000 secs] 81695K->64547K(260032K), 0.0064130 secs] [Times: user=0.01 sys=0.00, real=0.01 secs] 
2012-10-20T11:31:32.945+0100: 61368.928: [GC 61368.928: [DefNew: 17853K->506K(19136K), 0.0048910 secs] 81549K->64203K(260032K), 0.0049910 secs] [Times: user=0.01 sys=0.00, real=0.01 secs] 
2012-10-20T11:32:18.354+0100: 61414.337: [GC 61414.337: [DefNew: 17530K->1206K(19136K), 0.0064530 secs] 81227K->64904K(260032K), 0.0065710 secs] [Times: user=0.01 sys=0.00, real=0.01 secs] 
2012-10-20T11:33:07.922+0100: 61463.905: [GC 61463.905: [DefNew: 18223K->402K(19136K), 0.0049790 secs] 81922K->64239K(260032K), 0.0051190 secs] [Times: user=0.01 sys=0.00, real=0.01 secs] 
2012-10-20T11:33:53.522+0100: 61509.505: [GC 61509.505: [DefNew: 17426K->1074K(19136K), 0.0057890 secs] 81263K->64911K(260032K), 0.0058920 secs] [Times: user=0.02 sys=0.00, real=0.01 secs] 
2012-10-20T11:34:43.353+0100: 61559.336: [GC 61559.336: [DefNew: 18098K->1075K(19136K), 0.0089490 secs] 81935K->64973K(260032K), 0.0090660 secs] [Times: user=0.00 sys=0.00, real=0.01 secs] 
2012-10-20T11:35:33.069+0100: 61609.052: [GC 61609.052: [DefNew: 18090K->432K(19136K), 0.0044940 secs] 81989K->64331K(260032K), 0.0045880 secs] [Times: user=0.00 sys=0.00, real=0.00 secs] 
2012-10-20T11:36:18.429+0100: 61654.411: [GC 61654.412: [DefNew: 17456K->1008K(19136K), 0.0059340 secs] 81355K->64907K(260032K), 0.0060370 secs] [Times: user=0.01 sys=0.00, real=0.00 secs] 
2012-10-20T11:37:08.298+0100: 61704.281: [GC 61704.281: [DefNew: 18032K->810K(19136K), 0.0052320 secs] 81931K->64710K(260032K), 0.0053280 secs] [Times: user=0.00 sys=0.00, real=0.00 secs] 
2012-10-20T11:37:58.036+0100: 61754.019: [GC 61754.019: [DefNew: 17818K->371K(19136K), 0.0045880 secs] 81718K->64270K(260032K), 0.0046890 secs] [Times: user=0.00 sys=0.00, real=0.01 secs] 
2012-10-20T11:38:43.429+0100: 61799.412: [GC 61799.412: [DefNew: 17395K->971K(19136K), 0.0057720 secs] 81294K->64871K(260032K), 0.0058780 secs] [Times: user=0.00 sys=0.00, real=0.00 secs] 
2012-10-20T11:39:32.988+0100: 61848.971: [GC 61848.971: [DefNew: 17994K->587K(19136K), 0.0061880 secs] 81893K->64486K(260032K), 0.0063090 secs] [Times: user=0.00 sys=0.00, real=0.00 secs] 
2012-10-20T11:40:17.959+0100: 61893.942: [GC 61893.942: [DefNew: 17608K->633K(19136K), 0.0073350 secs] 81507K->64532K(260032K), 0.0074540 secs] [Times: user=0.00 sys=0.00, real=0.00 secs] 
2012-10-20T11:41:03.048+0100: 61939.031: [GC 61939.031: [DefNew: 17657K->1323K(19136K), 0.0101370 secs] 81556K->65222K(260032K), 0.0102380 secs] [Times: user=0.00 sys=0.00, real=0.01 secs] 
2012-10-20T11:41:52.985+0100: 61988.968: [GC 61988.968: [DefNew: 18347K->406K(19136K), 0.0058560 secs] 82246K->64567K(260032K), 0.0059610 secs] [Times: user=0.00 sys=0.00, real=0.01 secs] 
2012-10-20T11:42:43.059+0100: 62039.041: [GC 62039.042: [DefNew: 17430K->526K(19136K), 0.0042460 secs] 81591K->64688K(260032K), 0.0043220 secs] [Times: user=0.00 sys=0.00, real=0.00 secs] 
2012-10-20T11:43:28.008+0100: 62083.991: [GC 62083.991: [DefNew: 17550K->914K(19136K), 0.0053460 secs] 81712K->65075K(260032K), 0.0054480 secs] [Times: user=0.01 sys=0.00, real=0.00 secs] 
2012-10-20T11:44:17.990+0100: 62133.973: [GC 62133.973: [DefNew: 17933K->532K(19136K), 0.0031950 secs] 82094K->64693K(260032K), 0.0032620 secs] [Times: user=0.00 sys=0.00, real=0.00 secs] 
2012-10-20T11:45:01.355+0100: 62177.338: [GC 62177.338: [DefNew: 17556K->1130K(19136K), 0.0058070 secs] 81717K->65292K(260032K), 0.0059170 secs] [Times: user=0.01 sys=0.00, real=0.01 secs] 
2012-10-20T11:45:53.343+0100: 62229.326: [GC 62229.326: [DefNew: 18152K->780K(19136K), 0.0052790 secs] 82313K->64971K(260032K), 0.0053750 secs] [Times: user=0.00 sys=0.00, real=0.01 secs] 
2012-10-20T11:46:38.757+0100: 62274.740: [GC 62274.740: [DefNew: 17804K->1136K(19136K), 0.0061130 secs] 81995K->65327K(260032K), 0.0062100 secs] [Times: user=0.01 sys=0.00, real=0.01 secs] 
2012-10-20T11:47:30.573+0100: 62326.556: [GC 62326.556: [DefNew: 18160K->331K(19136K), 0.0045740 secs] 82351K->64647K(260032K), 0.0047400 secs] [Times: user=0.00 sys=0.00, real=0.01 secs] 
2012-10-20T11:48:18.124+0100: 62374.107: [GC 62374.107: [DefNew: 17334K->717K(19136K), 0.0087500 secs] 81649K->65032K(260032K), 0.0088620 secs] [Times: user=0.00 sys=0.00, real=0.01 secs] 
2012-10-20T11:49:03.376+0100: 62419.358: [GC 62419.359: [DefNew: 17741K->1170K(19136K), 0.0058320 secs] 82056K->65485K(260032K), 0.0059300 secs] [Times: user=0.01 sys=0.00, real=0.01 secs] 
2012-10-20T11:49:53.185+0100: 62469.167: [GC 62469.168: [DefNew: 18162K->976K(19136K), 0.0056560 secs] 82478K->65384K(260032K), 0.0057610 secs] [Times: user=0.00 sys=0.00, real=0.01 secs] 
2012-10-20T11:50:38.608+0100: 62514.591: [GC 62514.592: [DefNew: 17991K->1231K(19136K), 0.0063980 secs] 82398K->65638K(260032K), 0.0065130 secs] [Times: user=0.00 sys=0.00, real=0.00 secs] 
2012-10-20T11:51:28.110+0100: 62564.093: [GC 62564.093: [DefNew: 18234K->717K(19136K), 0.0058470 secs] 82641K->65323K(260032K), 0.0059530 secs] [Times: user=0.01 sys=0.00, real=0.00 secs] 
2012-10-20T11:52:18.216+0100: 62614.199: [GC 62614.199: [DefNew: 17741K->433K(19136K), 0.0046530 secs] 82347K->65039K(260032K), 0.0047470 secs] [Times: user=0.01 sys=0.00, real=0.01 secs] 
2012-10-20T11:53:03.080+0100: 62659.063: [GC 62659.064: [DefNew: 17457K->931K(19136K), 0.0080850 secs] 82063K->65537K(260032K), 0.0082030 secs] [Times: user=0.01 sys=0.00, real=0.01 secs] 
2012-10-20T11:53:48.555+0100: 62704.538: [GC 62704.538: [DefNew: 17955K->1348K(19136K), 0.0063730 secs] 82561K->65984K(260032K), 0.0064860 secs] [Times: user=0.01 sys=0.00, real=0.01 secs] 
2012-10-20T11:54:38.179+0100: 62754.162: [GC 62754.162: [DefNew: 18365K->755K(19136K), 0.0070360 secs] 83001K->65677K(260032K), 0.0071430 secs] [Times: user=0.00 sys=0.00, real=0.00 secs] 
2012-10-20T11:55:28.181+0100: 62804.164: [GC 62804.164: [DefNew: 17766K->338K(19136K), 0.0043930 secs] 82687K->65259K(260032K), 0.0044830 secs] [Times: user=0.00 sys=0.00, real=0.00 secs] 
2012-10-20T11:56:13.655+0100: 62849.638: [GC 62849.638: [DefNew: 17362K->968K(19136K), 0.0059750 secs] 82283K->65889K(260032K), 0.0060960 secs] [Times: user=0.01 sys=0.00, real=0.01 secs] 
2012-10-20T11:57:03.447+0100: 62899.430: [GC 62899.430: [DefNew: 17992K->943K(19136K), 0.0055770 secs] 82913K->65865K(260032K), 0.0056740 secs] [Times: user=0.00 sys=0.00, real=0.01 secs] 
2012-10-20T11:57:53.220+0100: 62949.203: [GC 62949.203: [DefNew: 17967K->750K(19136K), 0.0051140 secs] 82889K->65671K(260032K), 0.0052140 secs] [Times: user=0.00 sys=0.00, real=0.00 secs] 
2012-10-20T11:58:38.891+0100: 62994.874: [GC 62994.874: [DefNew: 17774K->1107K(19136K), 0.0059760 secs] 82695K->66028K(260032K), 0.0060790 secs] [Times: user=0.01 sys=0.00, real=0.01 secs] 
2012-10-20T11:59:28.220+0100: 63044.203: [GC 63044.203: [DefNew: 18117K->431K(19136K), 0.0051610 secs] 83038K->65478K(260032K), 0.0052660 secs] [Times: user=0.01 sys=0.00, real=0.00 secs] 
2012-10-20T12:00:13.602+0100: 63089.585: [GC 63089.585: [DefNew: 17455K->1125K(19136K), 0.0064540 secs] 82502K->66172K(260032K), 0.0065660 secs] [Times: user=0.00 sys=0.01, real=0.01 secs] 
2012-10-20T12:01:03.386+0100: 63139.369: [GC 63139.369: [DefNew: 18149K->721K(19136K), 0.0057620 secs] 83196K->65798K(260032K), 0.0058600 secs] [Times: user=0.00 sys=0.00, real=0.01 secs] 
2012-10-20T12:01:53.213+0100: 63189.196: [GC 63189.196: [DefNew: 17745K->651K(19136K), 0.0044360 secs] 82822K->65728K(260032K), 0.0045840 secs] [Times: user=0.00 sys=0.01, real=0.00 secs] 
2012-10-20T12:02:38.471+0100: 63234.454: [GC 63234.454: [DefNew: 17663K->1136K(19136K), 0.0061470 secs] 82741K->66214K(260032K), 0.0062520 secs] [Times: user=0.00 sys=0.00, real=0.01 secs] 
2012-10-20T12:03:28.833+0100: 63284.816: [GC 63284.816: [DefNew: 18143K->1074K(19136K), 0.0065540 secs] 83221K->66213K(260032K), 0.0066810 secs] [Times: user=0.01 sys=0.00, real=0.01 secs] 
2012-10-20T12:04:18.234+0100: 63334.217: [GC 63334.217: [DefNew: 18098K->727K(19136K), 0.0062240 secs] 83237K->65896K(260032K), 0.0063260 secs] [Times: user=0.01 sys=0.00, real=0.01 secs] 
2012-10-20T12:05:03.644+0100: 63379.627: [GC 63379.627: [DefNew: 17751K->1205K(19136K), 0.0071730 secs] 82920K->66374K(260032K), 0.0072820 secs] [Times: user=0.00 sys=0.00, real=0.01 secs] 
2012-10-20T12:05:53.435+0100: 63429.418: [GC 63429.418: [DefNew: 18229K->979K(19136K), 0.0092720 secs] 83398K->66410K(260032K), 0.0093990 secs] [Times: user=0.00 sys=0.00, real=0.01 secs] 
2012-10-20T12:06:43.227+0100: 63479.210: [GC 63479.210: [DefNew: 18003K->1012K(19136K), 0.0065410 secs] 83434K->66443K(260032K), 0.0066410 secs] [Times: user=0.01 sys=0.00, real=0.01 secs] 
2012-10-20T12:07:33.406+0100: 63529.389: [GC 63529.389: [DefNew: 18036K->573K(19136K), 0.0053880 secs] 83467K->66005K(260032K), 0.0054890 secs] [Times: user=0.01 sys=0.00, real=0.01 secs] 
2012-10-20T12:08:18.421+0100: 63574.404: [GC 63574.404: [DefNew: 17597K->1121K(19136K), 0.0061830 secs] 83029K->66552K(260032K), 0.0062880 secs] [Times: user=0.01 sys=0.00, real=0.01 secs] 
2012-10-20T12:09:03.461+0100: 63619.443: [GC 63619.444: [DefNew: 18145K->1208K(19136K), 0.0095850 secs] 83576K->66743K(260032K), 0.0097190 secs] [Times: user=0.00 sys=0.00, real=0.01 secs] 
2012-10-20T12:09:53.792+0100: 63669.775: [GC 63669.775: [DefNew: 18232K->1123K(19136K), 0.0091470 secs] 83767K->66762K(260032K), 0.0092670 secs] [Times: user=0.02 sys=0.00, real=0.01 secs] 
2012-10-20T12:10:43.345+0100: 63719.328: [GC 63719.328: [DefNew: 18147K->914K(19136K), 0.0055520 secs] 83786K->66553K(260032K), 0.0056550 secs] [Times: user=0.00 sys=0.00, real=0.01 secs] 
2012-10-20T12:11:33.250+0100: 63769.233: [GC 63769.233: [DefNew: 17932K->465K(19136K), 0.0053710 secs] 83572K->66104K(260032K), 0.0054680 secs] [Times: user=0.01 sys=0.00, real=0.00 secs] 
2012-10-20T12:12:18.617+0100: 63814.600: [GC 63814.600: [DefNew: 17489K->1221K(19136K), 0.0064120 secs] 83128K->66861K(260032K), 0.0065270 secs] [Times: user=0.01 sys=0.00, real=0.01 secs] 
2012-10-20T12:13:08.277+0100: 63864.260: [GC 63864.260: [DefNew: 18237K->560K(19136K), 0.0068460 secs] 83876K->66325K(260032K), 0.0069560 secs] [Times: user=0.02 sys=0.00, real=0.01 secs] 
2012-10-20T12:13:53.782+0100: 63909.765: [GC 63909.765: [DefNew: 17584K->1064K(19136K), 0.0060810 secs] 83349K->66829K(260032K), 0.0061890 secs] [Times: user=0.01 sys=0.00, real=0.01 secs] 
2012-10-20T12:14:43.316+0100: 63959.299: [GC 63959.299: [DefNew: 18088K->687K(19136K), 0.0057880 secs] 83853K->66453K(260032K), 0.0058890 secs] [Times: user=0.01 sys=0.00, real=0.01 secs] 
2012-10-20T12:15:28.235+0100: 64004.218: [GC 64004.218: [DefNew: 17711K->916K(19136K), 0.0066210 secs] 83477K->66682K(260032K), 0.0067320 secs] [Times: user=0.00 sys=0.00, real=0.01 secs] 
2012-10-20T12:16:18.324+0100: 64054.306: [GC 64054.307: [DefNew: 17936K->783K(19136K), 0.0053130 secs] 83702K->66549K(260032K), 0.0054100 secs] [Times: user=0.00 sys=0.00, real=0.01 secs] 
2012-10-20T12:17:08.706+0100: 64104.689: [GC 64104.689: [DefNew: 17807K->653K(19136K), 0.0050090 secs] 83573K->66419K(260032K), 0.0133560 secs] [Times: user=0.00 sys=0.00, real=0.02 secs] 
2012-10-20T12:17:53.284+0100: 64149.267: [GC 64149.267: [DefNew: 17677K->880K(19136K), 0.0071240 secs] 83443K->66646K(260032K), 0.0072250 secs] [Times: user=0.01 sys=0.00, real=0.01 secs] 
2012-10-20T12:18:38.268+0100: 64194.250: [GC 64194.251: [DefNew: 17904K->981K(19136K), 0.0056180 secs] 83670K->66747K(260032K), 0.0108440 secs] [Times: user=0.01 sys=0.00, real=0.01 secs] 
2012-10-20T12:19:23.778+0100: 64239.761: [GC 64239.761: [DefNew: 18005K->1167K(19136K), 0.0060830 secs] 83771K->66933K(260032K), 0.0061800 secs] [Times: user=0.01 sys=0.00, real=0.00 secs] 
2012-10-20T12:20:13.472+0100: 64289.455: [GC 64289.455: [DefNew: 18191K->473K(19136K), 0.0060960 secs] 83957K->66342K(260032K), 0.0062070 secs] [Times: user=0.01 sys=0.00, real=0.01 secs] 
2012-10-20T12:21:03.391+0100: 64339.374: [GC 64339.374: [DefNew: 17497K->333K(19136K), 0.0043770 secs] 83366K->66203K(260032K), 0.0044750 secs] [Times: user=0.00 sys=0.00, real=0.00 secs] 
2012-10-20T12:21:48.415+0100: 64384.397: [GC 64384.398: [DefNew: 17357K->1138K(19136K), 0.0082610 secs] 83227K->67008K(260032K), 0.0083950 secs] [Times: user=0.00 sys=0.00, real=0.01 secs] 
2012-10-20T12:22:38.349+0100: 64434.332: [GC 64434.332: [DefNew: 18162K->746K(19136K), 0.0042610 secs] 84032K->66805K(260032K), 0.0043480 secs] [Times: user=0.00 sys=0.00, real=0.00 secs] 
2012-10-20T12:23:24.028+0100: 64480.010: [GC 64480.011: [DefNew: 17768K->975K(19136K), 0.0061900 secs] 83828K->67034K(260032K), 0.0062890 secs] [Times: user=0.00 sys=0.00, real=0.00 secs] 
2012-10-20T12:24:13.465+0100: 64529.448: [GC 64529.448: [DefNew: 17999K->789K(19136K), 0.0057460 secs] 84058K->66849K(260032K), 0.0058450 secs] [Times: user=0.00 sys=0.01, real=0.01 secs] 
2012-10-20T12:24:58.754+0100: 64574.737: [GC 64574.737: [DefNew: 17813K->1199K(19136K), 0.0060650 secs] 83873K->67258K(260032K), 0.0062160 secs] [Times: user=0.00 sys=0.00, real=0.01 secs] 
2012-10-20T12:25:48.357+0100: 64624.340: [GC 64624.340: [DefNew: 18222K->626K(19136K), 0.0052950 secs] 84281K->66811K(260032K), 0.0054020 secs] [Times: user=0.01 sys=0.00, real=0.01 secs] 
2012-10-20T12:26:33.753+0100: 64669.736: [GC 64669.736: [DefNew: 17650K->1199K(19136K), 0.0063570 secs] 83835K->67384K(260032K), 0.0064580 secs] [Times: user=0.01 sys=0.00, real=0.01 secs] 
2012-10-20T12:27:23.834+0100: 64719.816: [GC 64719.817: [DefNew: 18223K->903K(19136K), 0.0067370 secs] 84408K->67368K(260032K), 0.0108940 secs] [Times: user=0.01 sys=0.00, real=0.01 secs] 
2012-10-20T12:28:13.443+0100: 64769.426: [GC 64769.426: [DefNew: 17902K->910K(19136K), 0.0056150 secs] 84367K->67375K(260032K), 0.0057190 secs] [Times: user=0.01 sys=0.00, real=0.01 secs] 
2012-10-20T12:28:53.461+0100: 64809.444: [GC 64809.444: [DefNew: 17934K->1277K(19136K), 0.0075490 secs] 84399K->67742K(260032K), 0.0076820 secs] [Times: user=0.01 sys=0.00, real=0.01 secs] 
2012-10-20T12:29:33.388+0100: 64849.371: [GC 64849.371: [DefNew: 18301K->528K(19136K), 0.0052750 secs] 84766K->67133K(260032K), 0.0053750 secs] [Times: user=0.01 sys=0.00, real=0.00 secs] 
2012-10-20T12:30:18.836+0100: 64894.819: [GC 64894.819: [DefNew: 17552K->1066K(19136K), 0.0059810 secs] 84157K->67671K(260032K), 0.0060860 secs] [Times: user=0.00 sys=0.00, real=0.01 secs] 
2012-10-20T12:31:03.761+0100: 64939.744: [GC 64939.744: [DefNew: 18090K->1232K(19136K), 0.0070620 secs] 84695K->67838K(260032K), 0.0071950 secs] [Times: user=0.01 sys=0.00, real=0.01 secs] 
2012-10-20T12:31:54.144+0100: 64990.127: [GC 64990.127: [DefNew: 18239K->884K(19136K), 0.0073090 secs] 84845K->67774K(260032K), 0.0074250 secs] [Times: user=0.01 sys=0.00, real=0.01 secs] 
2012-10-20T12:32:43.518+0100: 65039.501: [GC 65039.501: [DefNew: 17900K->727K(19136K), 0.0051290 secs] 84790K->67618K(260032K), 0.0052240 secs] [Times: user=0.00 sys=0.00, real=0.00 secs] 
2012-10-20T12:33:33.694+0100: 65089.677: [GC 65089.677: [DefNew: 17751K->891K(19136K), 0.0054870 secs] 84642K->67782K(260032K), 0.0055840 secs] [Times: user=0.01 sys=0.00, real=0.01 secs] 
2012-10-20T12:34:18.370+0100: 65134.353: [GC 65134.353: [DefNew: 17915K->1042K(19136K), 0.0059520 secs] 84806K->67933K(260032K), 0.0060570 secs] [Times: user=0.00 sys=0.00, real=0.00 secs] 
2012-10-20T12:35:08.640+0100: 65184.623: [GC 65184.623: [DefNew: 18049K->431K(19136K), 0.0046130 secs] 84939K->67328K(260032K), 0.0047100 secs] [Times: user=0.00 sys=0.00, real=0.00 secs] 
2012-10-20T12:35:55.060+0100: 65231.043: [GC 65231.043: [DefNew: 17450K->1097K(19136K), 0.0053630 secs] 84348K->67995K(260032K), 0.0054500 secs] [Times: user=0.00 sys=0.00, real=0.00 secs] 
2012-10-20T12:36:43.844+0100: 65279.827: [GC 65279.827: [DefNew: 18104K->1000K(19136K), 0.0058960 secs] 85002K->67928K(260032K), 0.0059970 secs] [Times: user=0.01 sys=0.00, real=0.01 secs] 
2012-10-20T12:37:33.477+0100: 65329.460: [GC 65329.460: [DefNew: 18024K->816K(19136K), 0.0060040 secs] 84952K->67744K(260032K), 0.0061200 secs] [Times: user=0.00 sys=0.00, real=0.01 secs] 
2012-10-20T12:38:23.564+0100: 65379.547: [GC 65379.547: [DefNew: 17839K->876K(19136K), 0.0054650 secs] 84767K->67804K(260032K), 0.0055690 secs] [Times: user=0.00 sys=0.00, real=0.01 secs] 
2012-10-20T12:39:08.524+0100: 65424.507: [GC 65424.507: [DefNew: 17899K->831K(19136K), 0.0054430 secs] 84827K->67759K(260032K), 0.0055390 secs] [Times: user=0.00 sys=0.00, real=0.01 secs] 
2012-10-20T12:39:53.930+0100: 65469.913: [GC 65469.913: [DefNew: 17855K->1201K(19136K), 0.0104160 secs] 84783K->68129K(260032K), 0.0105410 secs] [Times: user=0.01 sys=0.00, real=0.01 secs] 
2012-10-20T12:40:44.185+0100: 65520.168: [GC 65520.168: [DefNew: 18214K->910K(19136K), 0.0064400 secs] 85142K->68039K(260032K), 0.0065530 secs] [Times: user=0.01 sys=0.00, real=0.01 secs] 
2012-10-20T12:41:33.552+0100: 65569.535: [GC 65569.535: [DefNew: 17934K->878K(19136K), 0.0091690 secs] 85063K->68007K(260032K), 0.0092930 secs] [Times: user=0.01 sys=0.00, real=0.01 secs] 
2012-10-20T12:42:18.882+0100: 65614.865: [GC 65614.865: [DefNew: 17902K->1137K(19136K), 0.0059670 secs] 85031K->68266K(260032K), 0.0060660 secs] [Times: user=0.00 sys=0.00, real=0.01 secs] 
2012-10-20T12:43:08.866+0100: 65664.849: [GC 65664.849: [DefNew: 18129K->968K(19136K), 0.0059020 secs] 85258K->68223K(260032K), 0.0060110 secs] [Times: user=0.00 sys=0.00, real=0.01 secs] 
2012-10-20T12:43:58.442+0100: 65714.425: [GC 65714.425: [DefNew: 17980K->558K(19136K), 0.0066640 secs] 85235K->67813K(260032K), 0.0067890 secs] [Times: user=0.00 sys=0.00, real=0.01 secs] 
2012-10-20T12:44:44.259+0100: 65760.242: [GC 65760.242: [DefNew: 17582K->1157K(19136K), 0.0058830 secs] 84837K->68412K(260032K), 0.0059890 secs] [Times: user=0.00 sys=0.00, real=0.00 secs] 
2012-10-20T12:45:33.941+0100: 65809.924: [GC 65809.924: [DefNew: 18180K->926K(19136K), 0.0060500 secs] 85435K->68336K(260032K), 0.0061500 secs] [Times: user=0.01 sys=0.00, real=0.01 secs] 
2012-10-20T12:46:23.535+0100: 65859.518: [GC 65859.518: [DefNew: 17919K->752K(19136K), 0.0054050 secs] 85328K->68161K(260032K), 0.0055040 secs] [Times: user=0.00 sys=0.00, real=0.01 secs] 
2012-10-20T12:47:08.919+0100: 65904.902: [GC 65904.902: [DefNew: 17776K->1129K(19136K), 0.0058210 secs] 85185K->68538K(260032K), 0.0059250 secs] [Times: user=0.00 sys=0.00, real=0.00 secs] 
2012-10-20T12:47:58.931+0100: 65954.913: [GC 65954.914: [DefNew: 18153K->1000K(19136K), 0.0059860 secs] 85562K->68503K(260032K), 0.0060860 secs] [Times: user=0.01 sys=0.00, real=0.00 secs] 
2012-10-20T12:48:48.934+0100: 66004.917: [GC 66004.917: [DefNew: 18024K->945K(19136K), 0.0063220 secs] 85527K->68448K(260032K), 0.0064210 secs] [Times: user=0.00 sys=0.00, real=0.01 secs] 
2012-10-20T12:49:33.585+0100: 66049.568: [GC 66049.568: [DefNew: 17969K->1101K(19136K), 0.0058020 secs] 85472K->68604K(260032K), 0.0059060 secs] [Times: user=0.01 sys=0.00, real=0.01 secs] 
2012-10-20T12:50:23.575+0100: 66099.558: [GC 66099.558: [DefNew: 18111K->822K(19136K), 0.0068220 secs] 85614K->68355K(260032K), 0.0069320 secs] [Times: user=0.00 sys=0.00, real=0.01 secs] 
2012-10-20T12:51:09.555+0100: 66145.538: [GC 66145.538: [DefNew: 17846K->1133K(19136K), 0.0057220 secs] 85379K->68666K(260032K), 0.0058260 secs] [Times: user=0.01 sys=0.00, real=0.01 secs] 
2012-10-20T12:51:58.637+0100: 66194.620: [GC 66194.620: [DefNew: 18157K->970K(19136K), 0.0059430 secs] 85690K->68576K(260032K), 0.0060480 secs] [Times: user=0.00 sys=0.00, real=0.01 secs] 
2012-10-20T12:52:48.700+0100: 66244.683: [GC 66244.683: [DefNew: 17994K->813K(19136K), 0.0053180 secs] 85600K->68419K(260032K), 0.0054160 secs] [Times: user=0.00 sys=0.00, real=0.00 secs] 
2012-10-20T12:53:38.959+0100: 66294.942: [GC 66294.942: [DefNew: 17837K->749K(19136K), 0.0149290 secs] 85443K->68356K(260032K), 0.0150450 secs] [Times: user=0.01 sys=0.00, real=0.01 secs] 
2012-10-20T12:54:23.619+0100: 66339.602: [GC 66339.602: [DefNew: 17773K->591K(19136K), 0.0052760 secs] 85380K->68198K(260032K), 0.0053760 secs] [Times: user=0.00 sys=0.00, real=0.00 secs] 
2012-10-20T12:55:08.786+0100: 66384.769: [GC 66384.769: [DefNew: 17615K->1003K(19136K), 0.0060480 secs] 85222K->68610K(260032K), 0.0061960 secs] [Times: user=0.01 sys=0.00, real=0.01 secs] 
2012-10-20T12:55:55.858+0100: 66431.841: [GC 66431.841: [DefNew: 18015K->746K(19136K), 0.0050560 secs] 85622K->68353K(260032K), 0.0051560 secs] [Times: user=0.00 sys=0.00, real=0.00 secs] 
2012-10-20T12:56:43.585+0100: 66479.568: [GC 66479.568: [DefNew: 17741K->965K(19136K), 0.0054590 secs] 85348K->68572K(260032K), 0.0056540 secs] [Times: user=0.01 sys=0.00, real=0.01 secs] 
2012-10-20T12:57:29.285+0100: 66525.268: [GC 66525.269: [DefNew: 17989K->1346K(19136K), 0.0105070 secs] 85596K->68983K(260032K), 0.0106240 secs] [Times: user=0.01 sys=0.00, real=0.01 secs] 
2012-10-20T12:58:18.984+0100: 66574.966: [GC 66574.967: [DefNew: 18370K->689K(19136K), 0.0060260 secs] 86007K->68578K(260032K), 0.0061240 secs] [Times: user=0.01 sys=0.00, real=0.01 secs] 
2012-10-20T12:59:04.230+0100: 66620.213: [GC 66620.214: [DefNew: 17713K->1101K(19136K), 0.0060140 secs] 85602K->68989K(260032K), 0.0061140 secs] [Times: user=0.00 sys=0.00, real=0.00 secs] 
2012-10-20T12:59:53.699+0100: 66669.682: [GC 66669.683: [DefNew: 18124K->750K(19136K), 0.0078070 secs] 86012K->68638K(260032K), 0.0079280 secs] [Times: user=0.01 sys=0.00, real=0.01 secs] 
2012-10-20T13:00:39.003+0100: 66714.986: [GC 66714.986: [DefNew: 17774K->1132K(19136K), 0.0060380 secs] 85662K->69020K(260032K), 0.0061510 secs] [Times: user=0.01 sys=0.00, real=0.01 secs] 
2012-10-20T13:01:28.643+0100: 66764.626: [GC 66764.626: [DefNew: 18156K->749K(19136K), 0.0056460 secs] 86044K->68700K(260032K), 0.0057430 secs] [Times: user=0.00 sys=0.00, real=0.01 secs] 
2012-10-20T13:02:18.798+0100: 66814.781: [GC 66814.781: [DefNew: 17755K->341K(19136K), 0.0043990 secs] 85705K->68292K(260032K), 0.0044920 secs] [Times: user=0.00 sys=0.00, real=0.00 secs] 
2012-10-20T13:02:59.050+0100: 66855.033: [GC 66855.033: [DefNew: 17365K->1137K(19136K), 0.0066270 secs] 85316K->69087K(260032K), 0.0067350 secs] [Times: user=0.00 sys=0.00, real=0.00 secs] 
2012-10-20T13:03:48.978+0100: 66904.961: [GC 66904.961: [DefNew: 18161K->854K(19136K), 0.0054040 secs] 86111K->68867K(260032K), 0.0055030 secs] [Times: user=0.00 sys=0.00, real=0.00 secs] 
2012-10-20T13:04:38.836+0100: 66954.818: [GC 66954.819: [DefNew: 17873K->886K(19136K), 0.0056910 secs] 85886K->68899K(260032K), 0.0058280 secs] [Times: user=0.01 sys=0.00, real=0.01 secs] 
2012-10-20T13:05:24.061+0100: 67000.044: [GC 67000.044: [DefNew: 17901K->1166K(19136K), 0.0060880 secs] 85914K->69179K(260032K), 0.0062190 secs] [Times: user=0.01 sys=0.00, real=0.00 secs] 
2012-10-20T13:06:13.678+0100: 67049.661: [GC 67049.661: [DefNew: 18164K->556K(19136K), 0.0051330 secs] 86177K->68643K(260032K), 0.0052260 secs] [Times: user=0.00 sys=0.01, real=0.00 secs] 
2012-10-20T13:06:59.068+0100: 67095.051: [GC 67095.051: [DefNew: 17580K->1237K(19136K), 0.0068640 secs] 85667K->69324K(260032K), 0.0069650 secs] [Times: user=0.01 sys=0.00, real=0.00 secs] 
2012-10-20T13:07:46.305+0100: 67142.288: [GC 67142.288: [DefNew: 18260K->1073K(19136K), 0.0063010 secs] 86347K->69265K(260032K), 0.0063980 secs] [Times: user=0.00 sys=0.00, real=0.01 secs] 
2012-10-20T13:08:34.130+0100: 67190.113: [GC 67190.113: [DefNew: 18097K->917K(19136K), 0.0072530 secs] 86289K->69464K(260032K), 0.0073670 secs] [Times: user=0.01 sys=0.00, real=0.01 secs] 
2012-10-20T13:09:23.954+0100: 67239.937: [GC 67239.937: [DefNew: 17941K->362K(19136K), 0.0048970 secs] 86488K->68909K(260032K), 0.0049980 secs] [Times: user=0.00 sys=0.00, real=0.01 secs] 
2012-10-20T13:10:08.716+0100: 67284.699: [GC 67284.699: [DefNew: 17386K->873K(19136K), 0.0054070 secs] 85933K->69420K(260032K), 0.0055080 secs] [Times: user=0.00 sys=0.00, real=0.01 secs] 
2012-10-20T13:10:58.858+0100: 67334.841: [GC 67334.841: [DefNew: 17897K->495K(19136K), 0.0047280 secs] 86444K->69042K(260032K), 0.0052580 secs] [Times: user=0.01 sys=0.00, real=0.00 secs] 
2012-10-20T13:11:44.159+0100: 67380.142: [GC 67380.142: [DefNew: 17506K->1216K(19136K), 0.0058560 secs] 86053K->69762K(260032K), 0.0059610 secs] [Times: user=0.00 sys=0.00, real=0.00 secs] 
2012-10-20T13:12:33.769+0100: 67429.752: [GC 67429.752: [DefNew: 18215K->909K(19136K), 0.0057410 secs] 86762K->69486K(260032K), 0.0058380 secs] [Times: user=0.00 sys=0.00, real=0.00 secs] 
2012-10-20T13:13:23.681+0100: 67479.663: [GC 67479.664: [DefNew: 17933K->786K(19136K), 0.0051790 secs] 86510K->69363K(260032K), 0.0052790 secs] [Times: user=0.00 sys=0.00, real=0.00 secs] 
2012-10-20T13:14:08.983+0100: 67524.966: [GC 67524.966: [DefNew: 17794K->1001K(19136K), 0.0056360 secs] 86371K->69578K(260032K), 0.0057400 secs] [Times: user=0.00 sys=0.00, real=0.01 secs] 
2012-10-20T13:14:58.768+0100: 67574.751: [GC 67574.751: [DefNew: 18025K->841K(19136K), 0.0054730 secs] 86602K->69419K(260032K), 0.0055740 secs] [Times: user=0.00 sys=0.00, real=0.00 secs] 
2012-10-20T13:15:48.747+0100: 67624.730: [GC 67624.730: [DefNew: 17851K->780K(19136K), 0.0052590 secs] 86429K->69357K(260032K), 0.0053620 secs] [Times: user=0.01 sys=0.00, real=0.01 secs] 
2012-10-20T13:16:33.736+0100: 67669.719: [GC 67669.719: [DefNew: 17804K->1062K(19136K), 0.0158320 secs] 86381K->69640K(260032K), 0.0159520 secs] [Times: user=0.01 sys=0.00, real=0.02 secs] 
2012-10-20T13:17:23.818+0100: 67719.800: [GC 67719.801: [DefNew: 18086K->818K(19136K), 0.0052900 secs] 86664K->69425K(260032K), 0.0053880 secs] [Times: user=0.01 sys=0.00, real=0.00 secs] 
2012-10-20T13:18:13.724+0100: 67769.706: [GC 67769.707: [DefNew: 17824K->719K(19136K), 0.0051300 secs] 86432K->69327K(260032K), 0.0052310 secs] [Times: user=0.01 sys=0.00, real=0.01 secs] 
2012-10-20T13:18:58.866+0100: 67814.849: [GC 67814.849: [DefNew: 17731K->850K(19136K), 0.0054280 secs] 86338K->69458K(260032K), 0.0055790 secs] [Times: user=0.01 sys=0.00, real=0.01 secs] 
2012-10-20T13:19:44.190+0100: 67860.173: [GC 67860.173: [DefNew: 17874K->1323K(19136K), 0.0146240 secs] 86482K->69931K(260032K), 0.0149820 secs] [Times: user=0.00 sys=0.01, real=0.01 secs] 
2012-10-20T13:20:34.616+0100: 67910.599: [GC 67910.599: [DefNew: 18347K->1009K(19136K), 0.0066230 secs] 86955K->69877K(260032K), 0.0067260 secs] [Times: user=0.00 sys=0.00, real=0.01 secs] 
2012-10-20T13:21:23.932+0100: 67959.915: [GC 67959.915: [DefNew: 18032K->845K(19136K), 0.0060600 secs] 86899K->69713K(260032K), 0.0061600 secs] [Times: user=0.01 sys=0.00, real=0.01 secs] 
2012-10-20T13:22:13.951+0100: 68009.934: [GC 68009.934: [DefNew: 17865K->438K(19136K), 0.0047160 secs] 86733K->69305K(260032K), 0.0048170 secs] [Times: user=0.00 sys=0.00, real=0.00 secs] 
2012-10-20T13:23:03.831+0100: 68059.814: [GC 68059.814: [DefNew: 17459K->339K(19136K), 0.0048150 secs] 86326K->69206K(260032K), 0.0049110 secs] [Times: user=0.01 sys=0.00, real=0.00 secs] 
2012-10-20T13:23:48.837+0100: 68104.820: [GC 68104.820: [DefNew: 17363K->973K(19136K), 0.0072060 secs] 86230K->69840K(260032K), 0.0073150 secs] [Times: user=0.01 sys=0.00, real=0.01 secs] 
2012-10-20T13:24:38.797+0100: 68154.780: [GC 68154.780: [DefNew: 17997K->503K(19136K), 0.0047850 secs] 86864K->69371K(260032K), 0.0048850 secs] [Times: user=0.00 sys=0.00, real=0.01 secs] 
2012-10-20T13:25:26.307+0100: 68202.290: [GC 68202.290: [DefNew: 17527K->1074K(19136K), 0.0037530 secs] 86395K->69942K(260032K), 0.0038290 secs] [Times: user=0.01 sys=0.00, real=0.00 secs] 
2012-10-20T13:26:13.779+0100: 68249.762: [GC 68249.762: [DefNew: 18095K->779K(19136K), 0.0053470 secs] 86964K->69709K(260032K), 0.0054510 secs] [Times: user=0.00 sys=0.00, real=0.00 secs] 
2012-10-20T13:26:59.057+0100: 68295.039: [GC 68295.040: [DefNew: 17803K->1129K(19136K), 0.0093460 secs] 86733K->70059K(260032K), 0.0094620 secs] [Times: user=0.01 sys=0.00, real=0.01 secs] 
2012-10-20T13:27:49.184+0100: 68345.167: [GC 68345.167: [DefNew: 18153K->972K(19136K), 0.0063000 secs] 87083K->69967K(260032K), 0.0064080 secs] [Times: user=0.01 sys=0.00, real=0.01 secs] 
2012-10-20T13:28:39.138+0100: 68395.121: [GC 68395.121: [DefNew: 17996K->818K(19136K), 0.0075050 secs] 86991K->69812K(260032K), 0.0076110 secs] [Times: user=0.01 sys=0.00, real=0.00 secs] 
2012-10-20T13:28:58.873+0100: 68414.856: [GC 68414.856: [DefNew: 17842K->1692K(19136K), 0.0071910 secs] 86836K->70686K(260032K), 0.0073170 secs] [Times: user=0.00 sys=0.00, real=0.01 secs] 
2012-10-20T13:29:38.848+0100: 68454.831: [GC 68454.832: [DefNew: 18716K->752K(19136K), 0.0069820 secs] 87710K->70044K(260032K), 0.0070920 secs] [Times: user=0.00 sys=0.00, real=0.00 secs] 
2012-10-20T13:30:28.902+0100: 68504.885: [GC 68504.885: [DefNew: 17753K->690K(19136K), 0.0053470 secs] 87045K->69981K(260032K), 0.0054490 secs] [Times: user=0.00 sys=0.00, real=0.00 secs] 
2012-10-20T13:31:14.299+0100: 68550.282: [GC 68550.282: [DefNew: 17705K->1074K(19136K), 0.0059370 secs] 86997K->70365K(260032K), 0.0060410 secs] [Times: user=0.00 sys=0.01, real=0.00 secs] 
2012-10-20T13:32:04.280+0100: 68600.263: [GC 68600.263: [DefNew: 18098K->1078K(19136K), 0.0081330 secs] 87389K->70370K(260032K), 0.0082610 secs] [Times: user=0.01 sys=0.00, real=0.01 secs] 
2012-10-20T13:32:53.928+0100: 68649.911: [GC 68649.911: [DefNew: 18102K->918K(19136K), 0.0084230 secs] 87394K->70284K(260032K), 0.0085330 secs] [Times: user=0.01 sys=0.00, real=0.00 secs] 
2012-10-20T13:33:44.054+0100: 68700.037: [GC 68700.037: [DefNew: 17942K->944K(19136K), 0.0056430 secs] 87308K->70311K(260032K), 0.0057470 secs] [Times: user=0.00 sys=0.00, real=0.01 secs] 
2012-10-20T13:34:29.284+0100: 68745.267: [GC 68745.267: [DefNew: 17968K->1222K(19136K), 0.0072400 secs] 87335K->70589K(260032K), 0.0073610 secs] [Times: user=0.01 sys=0.00, real=0.01 secs] 
2012-10-20T13:35:18.974+0100: 68794.957: [GC 68794.958: [DefNew: 18246K->911K(19136K), 0.0060810 secs] 87613K->70371K(260032K), 0.0061870 secs] [Times: user=0.01 sys=0.00, real=0.01 secs] 
2012-10-20T13:36:09.199+0100: 68845.182: [GC 68845.182: [DefNew: 17911K->653K(19136K), 0.0041200 secs] 87371K->70113K(260032K), 0.0042230 secs] [Times: user=0.00 sys=0.01, real=0.00 secs] 
2012-10-20T13:36:54.455+0100: 68890.438: [GC 68890.438: [DefNew: 17677K->1204K(19136K), 0.0060150 secs] 87137K->70664K(260032K), 0.0061190 secs] [Times: user=0.01 sys=0.00, real=0.01 secs] 
2012-10-20T13:37:44.447+0100: 68940.430: [GC 68940.430: [DefNew: 18228K->978K(19136K), 0.0110330 secs] 87688K->70564K(260032K), 0.0111400 secs] [Times: user=0.02 sys=0.00, real=0.02 secs] 
2012-10-20T13:38:33.964+0100: 68989.947: [GC 68989.947: [DefNew: 18002K->914K(19136K), 0.0054910 secs] 87588K->70499K(260032K), 0.0055900 secs] [Times: user=0.00 sys=0.00, real=0.01 secs] 
2012-10-20T13:39:19.306+0100: 69035.289: [GC 69035.289: [DefNew: 17938K->1072K(19136K), 0.0057910 secs] 87523K->70657K(260032K), 0.0058960 secs] [Times: user=0.00 sys=0.00, real=0.01 secs] 
2012-10-20T13:40:04.091+0100: 69080.074: [GC 69080.074: [DefNew: 18074K->853K(19136K), 0.0054190 secs] 87659K->70533K(260032K), 0.0055020 secs] [Times: user=0.00 sys=0.01, real=0.00 secs] 
2012-10-20T13:40:49.302+0100: 69125.285: [GC 69125.285: [DefNew: 17877K->1325K(19136K), 0.0075050 secs] 87557K->71005K(260032K), 0.0075930 secs] [Times: user=0.01 sys=0.00, real=0.01 secs] 
2012-10-20T13:41:38.942+0100: 69174.925: [GC 69174.925: [DefNew: 18321K->340K(19136K), 0.0052770 secs] 88001K->70281K(260032K), 0.0053730 secs] [Times: user=0.00 sys=0.00, real=0.00 secs] 
2012-10-20T13:42:29.137+0100: 69225.119: [GC 69225.120: [DefNew: 17338K->462K(19136K), 0.0047630 secs] 87280K->70404K(260032K), 0.0048570 secs] [Times: user=0.00 sys=0.00, real=0.01 secs] 
2012-10-20T13:43:13.959+0100: 69269.942: [GC 69269.942: [DefNew: 17486K->786K(19136K), 0.0052930 secs] 87428K->70728K(260032K), 0.0053930 secs] [Times: user=0.01 sys=0.00, real=0.00 secs] 
2012-10-20T13:43:59.319+0100: 69315.302: [GC 69315.302: [DefNew: 17810K->1134K(19136K), 0.0060700 secs] 87752K->71075K(260032K), 0.0061710 secs] [Times: user=0.00 sys=0.00, real=0.00 secs] 
2012-10-20T13:44:49.007+0100: 69364.990: [GC 69364.990: [DefNew: 18158K->886K(19136K), 0.0057470 secs] 88099K->70920K(260032K), 0.0058530 secs] [Times: user=0.01 sys=0.00, real=0.01 secs] 
2012-10-20T13:45:39.217+0100: 69415.200: [GC 69415.200: [DefNew: 17906K->669K(19136K), 0.0055710 secs] 87940K->70703K(260032K), 0.0057170 secs] [Times: user=0.01 sys=0.00, real=0.01 secs] 
2012-10-20T13:46:24.528+0100: 69460.511: [GC 69460.511: [DefNew: 17693K->1191K(19136K), 0.0059380 secs] 87727K->71226K(260032K), 0.0061450 secs] [Times: user=0.00 sys=0.00, real=0.00 secs] 
2012-10-20T13:47:13.943+0100: 69509.926: [GC 69509.926: [DefNew: 18215K->786K(19136K), 0.0057090 secs] 88250K->70883K(260032K), 0.0058240 secs] [Times: user=0.00 sys=0.00, real=0.01 secs] 
2012-10-20T13:47:59.444+0100: 69555.427: [GC 69555.427: [DefNew: 17810K->1103K(19136K), 0.0063170 secs] 87907K->71200K(260032K), 0.0064630 secs] [Times: user=0.01 sys=0.00, real=0.01 secs] 
2012-10-20T13:48:49.062+0100: 69605.045: [GC 69605.045: [DefNew: 18096K->750K(19136K), 0.0053090 secs] 88193K->70847K(260032K), 0.0057750 secs] [Times: user=0.01 sys=0.00, real=0.01 secs] 
2012-10-20T13:49:38.993+0100: 69654.976: [GC 69654.976: [DefNew: 17774K->380K(19136K), 0.0050550 secs] 87871K->70478K(260032K), 0.0051510 secs] [Times: user=0.01 sys=0.00, real=0.01 secs] 
2012-10-20T13:50:24.484+0100: 69700.467: [GC 69700.467: [DefNew: 17386K->1139K(19136K), 0.0064830 secs] 87484K->71237K(260032K), 0.0065980 secs] [Times: user=0.00 sys=0.00, real=0.01 secs] 
2012-10-20T13:51:14.038+0100: 69750.021: [GC 69750.021: [DefNew: 18162K->337K(19136K), 0.0052600 secs] 88260K->70539K(260032K), 0.0053800 secs] [Times: user=0.00 sys=0.00, real=0.00 secs] 
2012-10-20T13:51:58.966+0100: 69794.949: [GC 69794.949: [DefNew: 17361K->1073K(19136K), 0.0091100 secs] 87563K->71274K(260032K), 0.0092290 secs] [Times: user=0.01 sys=0.00, real=0.01 secs] 
2012-10-20T13:52:48.993+0100: 69844.976: [GC 69844.976: [DefNew: 18091K->568K(19136K), 0.0063970 secs] 88293K->70832K(260032K), 0.0064980 secs] [Times: user=0.00 sys=0.00, real=0.01 secs] 
2012-10-20T13:53:34.166+0100: 69890.149: [GC 69890.149: [DefNew: 17592K->1101K(19136K), 0.0062500 secs] 87856K->71365K(260032K), 0.0063460 secs] [Times: user=0.01 sys=0.00, real=0.01 secs] 
2012-10-20T13:54:19.454+0100: 69935.437: [GC 69935.437: [DefNew: 18125K->1128K(19136K), 0.0091190 secs] 88389K->71686K(260032K), 0.0092380 secs] [Times: user=0.01 sys=0.00, real=0.01 secs] 
2012-10-20T13:55:09.079+0100: 69985.062: [GC 69985.062: [DefNew: 18150K->831K(19136K), 0.0077690 secs] 88708K->71390K(260032K), 0.0078690 secs] [Times: user=0.00 sys=0.01, real=0.00 secs] 
2012-10-20T13:55:58.025+0100: 70034.008: [GC 70034.008: [DefNew: 17855K->908K(19136K), 0.0059450 secs] 88414K->71466K(260032K), 0.0060430 secs] [Times: user=0.00 sys=0.00, real=0.01 secs] 
2012-10-20T13:56:49.145+0100: 70085.128: [GC 70085.128: [DefNew: 17909K->525K(19136K), 0.0051760 secs] 88467K->71083K(260032K), 0.0052970 secs] [Times: user=0.01 sys=0.00, real=0.01 secs] 
2012-10-20T13:57:34.563+0100: 70130.546: [GC 70130.546: [DefNew: 17549K->1099K(19136K), 0.0061480 secs] 88107K->71658K(260032K), 0.0062590 secs] [Times: user=0.00 sys=0.00, real=0.01 secs] 
2012-10-20T13:58:24.103+0100: 70180.086: [GC 70180.086: [DefNew: 18096K->940K(19136K), 0.0060790 secs] 88655K->71529K(260032K), 0.0061830 secs] [Times: user=0.01 sys=0.00, real=0.01 secs] 
2012-10-20T13:59:09.483+0100: 70225.466: [GC 70225.466: [DefNew: 17964K->1130K(19136K), 0.0061430 secs] 88553K->71719K(260032K), 0.0062630 secs] [Times: user=0.00 sys=0.00, real=0.01 secs] 
2012-10-20T13:59:59.276+0100: 70275.259: [GC 70275.260: [DefNew: 18154K->781K(19136K), 0.0065210 secs] 88743K->71434K(260032K), 0.0072230 secs] [Times: user=0.01 sys=0.00, real=0.01 secs] 
2012-10-20T14:00:49.187+0100: 70325.170: [GC 70325.170: [DefNew: 17784K->716K(19136K), 0.0090930 secs] 88437K->71369K(260032K), 0.0092010 secs] [Times: user=0.01 sys=0.00, real=0.01 secs] 
2012-10-20T14:01:34.215+0100: 70370.198: [GC 70370.198: [DefNew: 17740K->836K(19136K), 0.0093290 secs] 88393K->71489K(260032K), 0.0094820 secs] [Times: user=0.01 sys=0.00, real=0.01 secs] 
2012-10-20T14:02:19.360+0100: 70415.343: [GC 70415.344: [DefNew: 17860K->1229K(19136K), 0.0061220 secs] 88513K->71882K(260032K), 0.0062220 secs] [Times: user=0.01 sys=0.00, real=0.00 secs] 
2012-10-20T14:03:09.220+0100: 70465.203: [GC 70465.203: [DefNew: 18252K->594K(19136K), 0.0038240 secs] 88905K->71505K(260032K), 0.0038970 secs] [Times: user=0.00 sys=0.00, real=0.00 secs] 
2012-10-20T14:03:54.326+0100: 70510.308: [GC 70510.309: [DefNew: 17610K->883K(19136K), 0.0063420 secs] 88520K->71793K(260032K), 0.0064520 secs] [Times: user=0.00 sys=0.00, real=0.01 secs] 
2012-10-20T14:04:44.233+0100: 70560.216: [GC 70560.216: [DefNew: 17894K->608K(19136K), 0.0055350 secs] 88805K->71519K(260032K), 0.0056300 secs] [Times: user=0.00 sys=0.00, real=0.01 secs] 
2012-10-20T14:05:24.151+0100: 70600.134: [GC 70600.134: [DefNew: 17632K->883K(19136K), 0.0054770 secs] 88543K->71794K(260032K), 0.0055790 secs] [Times: user=0.00 sys=0.00, real=0.00 secs] 
2012-10-20T14:06:09.497+0100: 70645.480: [GC 70645.480: [DefNew: 17907K->1233K(19136K), 0.0066120 secs] 88818K->72145K(260032K), 0.0067220 secs] [Times: user=0.01 sys=0.00, real=0.01 secs] 
2012-10-20T14:06:59.233+0100: 70695.216: [GC 70695.216: [DefNew: 18245K->938K(19136K), 0.0066680 secs] 89158K->71989K(260032K), 0.0067780 secs] [Times: user=0.01 sys=0.00, real=0.01 secs] 
2012-10-20T14:07:49.296+0100: 70745.279: [GC 70745.279: [DefNew: 17943K->568K(19136K), 0.0049570 secs] 88993K->71619K(260032K), 0.0050580 secs] [Times: user=0.00 sys=0.00, real=0.01 secs] 
2012-10-20T14:08:34.664+0100: 70790.647: [GC 70790.647: [DefNew: 17592K->1179K(19136K), 0.0059950 secs] 88643K->72230K(260032K), 0.0060930 secs] [Times: user=0.00 sys=0.00, real=0.01 secs] 
2012-10-20T14:09:24.199+0100: 70840.182: [GC 70840.182: [DefNew: 18183K->719K(19136K), 0.0053310 secs] 89234K->71844K(260032K), 0.0054270 secs] [Times: user=0.00 sys=0.00, real=0.00 secs] 
2012-10-20T14:10:09.537+0100: 70885.520: [GC 70885.520: [DefNew: 17743K->1065K(19136K), 0.0059320 secs] 88868K->72189K(260032K), 0.0060290 secs] [Times: user=0.00 sys=0.00, real=0.01 secs] 
2012-10-20T14:10:59.389+0100: 70935.372: [GC 70935.373: [DefNew: 18061K->369K(19136K), 0.0046430 secs] 89186K->71494K(260032K), 0.0047370 secs] [Times: user=0.00 sys=0.00, real=0.00 secs] 
2012-10-20T14:11:44.540+0100: 70980.523: [GC 70980.523: [DefNew: 17393K->1127K(19136K), 0.0059380 secs] 88518K->72252K(260032K), 0.0060380 secs] [Times: user=0.00 sys=0.00, real=0.00 secs] 
2012-10-20T14:12:34.482+0100: 71030.465: [GC 71030.465: [DefNew: 18130K->784K(19136K), 0.0056360 secs] 89255K->72003K(260032K), 0.0058010 secs] [Times: user=0.01 sys=0.00, real=0.01 secs] 
2012-10-20T14:13:24.187+0100: 71080.170: [GC 71080.170: [DefNew: 17791K->400K(19136K), 0.0046550 secs] 89010K->71619K(260032K), 0.0047530 secs] [Times: user=0.01 sys=0.00, real=0.01 secs] 
2012-10-20T14:14:09.233+0100: 71125.216: [GC 71125.216: [DefNew: 17423K->897K(19136K), 0.0054280 secs] 88642K->72116K(260032K), 0.0055300 secs] [Times: user=0.00 sys=0.00, real=0.01 secs] 
2012-10-20T14:14:54.891+0100: 71170.874: [GC 71170.874: [DefNew: 17921K->1170K(19136K), 0.0063200 secs] 89140K->72389K(260032K), 0.0064290 secs] [Times: user=0.01 sys=0.00, real=0.01 secs] 
2012-10-20T14:15:44.248+0100: 71220.231: [GC 71220.231: [DefNew: 18194K->655K(19136K), 0.0078110 secs] 89413K->71936K(260032K), 0.0079340 secs] [Times: user=0.01 sys=0.00, real=0.00 secs] 
2012-10-20T14:16:29.602+0100: 71265.585: [GC 71265.585: [DefNew: 17679K->1143K(19136K), 0.0061240 secs] 88960K->72423K(260032K), 0.0062330 secs] [Times: user=0.01 sys=0.00, real=0.01 secs] 
2012-10-20T14:17:19.624+0100: 71315.607: [GC 71315.607: [DefNew: 18167K->1094K(19136K), 0.0107880 secs] 89447K->72405K(260032K), 0.0109260 secs] [Times: user=0.00 sys=0.00, real=0.01 secs] 
2012-10-20T14:18:09.143+0100: 71365.126: [GC 71365.126: [DefNew: 18097K->780K(19136K), 0.0063410 secs] 89408K->72091K(260032K), 0.0064850 secs] [Times: user=0.01 sys=0.00, real=0.01 secs] 
2012-10-20T14:18:54.546+0100: 71410.529: [GC 71410.529: [DefNew: 17804K->1135K(19136K), 0.0062650 secs] 89115K->72446K(260032K), 0.0063680 secs] [Times: user=0.00 sys=0.00, real=0.01 secs] 
2012-10-20T14:19:44.376+0100: 71460.359: [GC 71460.359: [DefNew: 18140K->719K(19136K), 0.0058340 secs] 89451K->72186K(260032K), 0.0059520 secs] [Times: user=0.00 sys=0.00, real=0.01 secs] 
2012-10-20T14:20:34.411+0100: 71510.394: [GC 71510.394: [DefNew: 17743K->466K(19136K), 0.0055110 secs] 89210K->71933K(260032K), 0.0056110 secs] [Times: user=0.01 sys=0.00, real=0.00 secs] 
2012-10-20T14:21:19.352+0100: 71555.335: [GC 71555.335: [DefNew: 17490K->1001K(19136K), 0.0058150 secs] 88957K->72468K(260032K), 0.0059180 secs] [Times: user=0.00 sys=0.00, real=0.01 secs] 
2012-10-20T14:22:09.530+0100: 71605.513: [GC 71605.513: [DefNew: 18018K->593K(19136K), 0.0048320 secs] 89485K->72060K(260032K), 0.0049290 secs] [Times: user=0.01 sys=0.00, real=0.00 secs] 
2012-10-20T14:22:54.738+0100: 71650.721: [GC 71650.721: [DefNew: 17617K->1221K(19136K), 0.0060140 secs] 89084K->72689K(260032K), 0.0061140 secs] [Times: user=0.00 sys=0.00, real=0.00 secs] 
2012-10-20T14:23:44.249+0100: 71700.232: [GC 71700.232: [DefNew: 18234K->496K(19136K), 0.0051970 secs] 89701K->72119K(260032K), 0.0052960 secs] [Times: user=0.00 sys=0.00, real=0.00 secs] 
2012-10-20T14:24:29.696+0100: 71745.679: [GC 71745.679: [DefNew: 17520K->1092K(19136K), 0.0104090 secs] 89143K->72715K(260032K), 0.0105500 secs] [Times: user=0.01 sys=0.00, real=0.01 secs] 
2012-10-20T14:25:14.237+0100: 71790.220: [GC 71790.220: [DefNew: 18116K->842K(19136K), 0.0055810 secs] 89739K->72465K(260032K), 0.0057060 secs] [Times: user=0.01 sys=0.00, real=0.00 secs] 
2012-10-20T14:25:59.691+0100: 71835.674: [GC 71835.674: [DefNew: 17851K->971K(19136K), 0.0056140 secs] 89475K->72594K(260032K), 0.0057180 secs] [Times: user=0.00 sys=0.00, real=0.00 secs] 
2012-10-20T14:26:49.323+0100: 71885.306: [GC 71885.306: [DefNew: 17992K->836K(19136K), 0.0052820 secs] 89615K->72459K(260032K), 0.0053820 secs] [Times: user=0.00 sys=0.00, real=0.01 secs] 
2012-10-20T14:27:39.424+0100: 71935.407: [GC 71935.407: [DefNew: 17860K->860K(19136K), 0.0123080 secs] 89483K->72484K(260032K), 0.0124250 secs] [Times: user=0.00 sys=0.00, real=0.01 secs] 
2012-10-20T14:28:29.312+0100: 71985.295: [GC 71985.295: [DefNew: 17872K->466K(19136K), 0.0052710 secs] 89495K->72090K(260032K), 0.0053710 secs] [Times: user=0.00 sys=0.00, real=0.01 secs] 
2012-10-20T14:28:56.282+0100: 72012.265: [GC 72012.265: [DefNew: 17490K->2032K(19136K), 0.0080090 secs] 89114K->73656K(260032K), 0.0081300 secs] [Times: user=0.01 sys=0.00, real=0.01 secs] 
2012-10-20T14:29:44.366+0100: 72060.349: [GC 72060.349: [DefNew: 19056K->920K(19136K), 0.0063870 secs] 90680K->72714K(260032K), 0.0064980 secs] [Times: user=0.01 sys=0.00, real=0.01 secs] 
2012-10-20T14:30:34.440+0100: 72110.423: [GC 72110.423: [DefNew: 17939K->463K(19136K), 0.0047120 secs] 89733K->72257K(260032K), 0.0048100 secs] [Times: user=0.00 sys=0.01, real=0.00 secs] 
2012-10-20T14:31:19.609+0100: 72155.592: [GC 72155.592: [DefNew: 17487K->1016K(19136K), 0.0077880 secs] 89281K->72810K(260032K), 0.0079050 secs] [Times: user=0.01 sys=0.00, real=0.00 secs] 
2012-10-20T14:32:09.424+0100: 72205.406: [GC 72205.407: [DefNew: 18040K->926K(19136K), 0.0072770 secs] 89834K->72720K(260032K), 0.0073830 secs] [Times: user=0.01 sys=0.00, real=0.01 secs] 
2012-10-20T14:32:54.856+0100: 72250.839: [GC 72250.839: [DefNew: 17950K->1264K(19136K), 0.0067980 secs] 89744K->73059K(260032K), 0.0069030 secs] [Times: user=0.01 sys=0.00, real=0.01 secs] 
2012-10-20T14:33:44.222+0100: 72300.205: [GC 72300.205: [DefNew: 18288K->844K(19136K), 0.0058680 secs] 90083K->72807K(260032K), 0.0059650 secs] [Times: user=0.01 sys=0.00, real=0.01 secs] 
2012-10-20T14:34:34.459+0100: 72350.442: [GC 72350.442: [DefNew: 17852K->715K(19136K), 0.0094610 secs] 89815K->72677K(260032K), 0.0095890 secs] [Times: user=0.01 sys=0.00, real=0.01 secs] 
2012-10-20T14:35:19.376+0100: 72395.359: [GC 72395.359: [DefNew: 17735K->747K(19136K), 0.0051870 secs] 89697K->72710K(260032K), 0.0052930 secs] [Times: user=0.00 sys=0.00, real=0.01 secs] 
2012-10-20T14:36:09.360+0100: 72445.343: [GC 72445.343: [DefNew: 17771K->434K(19136K), 0.0045050 secs] 89734K->72396K(260032K), 0.0046010 secs] [Times: user=0.01 sys=0.00, real=0.00 secs] 
2012-10-20T14:36:59.335+0100: 72495.318: [GC 72495.318: [DefNew: 17458K->531K(19136K), 0.0048210 secs] 89420K->72493K(260032K), 0.0049170 secs] [Times: user=0.01 sys=0.00, real=0.01 secs] 
2012-10-20T14:37:46.204+0100: 72542.187: [GC 72542.187: [DefNew: 17535K->1000K(19136K), 0.0058640 secs] 89497K->73025K(260032K), 0.0059650 secs] [Times: user=0.02 sys=0.00, real=0.01 secs] 
2012-10-20T14:38:29.817+0100: 72585.800: [GC 72585.800: [DefNew: 18024K->1111K(19136K), 0.0063780 secs] 90049K->73165K(260032K), 0.0064850 secs] [Times: user=0.01 sys=0.00, real=0.01 secs] 
2012-10-20T14:39:19.457+0100: 72635.440: [GC 72635.440: [DefNew: 18135K->833K(19136K), 0.0072020 secs] 90189K->72887K(260032K), 0.0073190 secs] [Times: user=0.00 sys=0.00, real=0.01 secs] 
2012-10-20T14:40:04.455+0100: 72680.438: [GC 72680.438: [DefNew: 17857K->1093K(19136K), 0.0059170 secs] 89911K->73148K(260032K), 0.0060340 secs] [Times: user=0.00 sys=0.00, real=0.01 secs] 
2012-10-20T14:40:54.489+0100: 72730.472: [GC 72730.472: [DefNew: 18116K->952K(19136K), 0.0060460 secs] 90170K->73080K(260032K), 0.0061460 secs] [Times: user=0.01 sys=0.00, real=0.00 secs] 
2012-10-20T14:41:44.495+0100: 72780.478: [GC 72780.478: [DefNew: 17963K->950K(19136K), 0.0104910 secs] 90091K->73078K(260032K), 0.0127230 secs] [Times: user=0.01 sys=0.00, real=0.02 secs] 
2012-10-20T14:42:34.427+0100: 72830.410: [GC 72830.410: [DefNew: 17972K->618K(19136K), 0.0049660 secs] 90100K->72746K(260032K), 0.0050610 secs] [Times: user=0.01 sys=0.00, real=0.01 secs] 
2012-10-20T14:43:20.283+0100: 72876.266: [GC 72876.266: [DefNew: 17642K->1062K(19136K), 0.0061440 secs] 89770K->73264K(260032K), 0.0062430 secs] [Times: user=0.00 sys=0.00, real=0.01 secs] 
2012-10-20T14:44:09.663+0100: 72925.645: [GC 72925.646: [DefNew: 18085K->882K(19136K), 0.0056150 secs] 90288K->73114K(260032K), 0.0057110 secs] [Times: user=0.02 sys=0.00, real=0.01 secs] 
2012-10-20T14:44:54.395+0100: 72970.378: [GC 72970.378: [DefNew: 17906K->1168K(19136K), 0.0104980 secs] 90138K->73400K(260032K), 0.0106130 secs] [Times: user=0.01 sys=0.00, real=0.01 secs] 
2012-10-20T14:45:44.545+0100: 73020.528: [GC 73020.528: [DefNew: 18183K->750K(19136K), 0.0054540 secs] 90415K->73044K(260032K), 0.0055550 secs] [Times: user=0.01 sys=0.00, real=0.01 secs] 
2012-10-20T14:46:34.716+0100: 73070.699: [GC 73070.699: [DefNew: 17769K->882K(19136K), 0.0058900 secs] 90063K->73176K(260032K), 0.0059940 secs] [Times: user=0.00 sys=0.00, real=0.01 secs] 
2012-10-20T14:47:19.860+0100: 73115.843: [GC 73115.843: [DefNew: 17906K->1063K(19136K), 0.0066970 secs] 90200K->73357K(260032K), 0.0068180 secs] [Times: user=0.01 sys=0.00, real=0.00 secs] 
2012-10-20T14:48:09.792+0100: 73165.775: [GC 73165.775: [DefNew: 18067K->783K(19136K), 0.0051940 secs] 90361K->73077K(260032K), 0.0053060 secs] [Times: user=0.01 sys=0.00, real=0.01 secs] 
2012-10-20T14:48:59.383+0100: 73215.366: [GC 73215.367: [DefNew: 17801K->407K(19136K), 0.0045650 secs] 90095K->72701K(260032K), 0.0046590 secs] [Times: user=0.01 sys=0.00, real=0.01 secs] 
2012-10-20T14:49:44.426+0100: 73260.409: [GC 73260.409: [DefNew: 17428K->1031K(19136K), 0.0066710 secs] 89722K->73325K(260032K), 0.0067780 secs] [Times: user=0.01 sys=0.00, real=0.01 secs] 
2012-10-20T14:50:29.913+0100: 73305.896: [GC 73305.896: [DefNew: 18055K->1113K(19136K), 0.0060540 secs] 90349K->73408K(260032K), 0.0061600 secs] [Times: user=0.00 sys=0.00, real=0.01 secs] 
2012-10-20T14:51:19.939+0100: 73355.922: [GC 73355.922: [DefNew: 18137K->1043K(19136K), 0.0058780 secs] 90432K->73399K(260032K), 0.0059940 secs] [Times: user=0.00 sys=0.01, real=0.00 secs] 
2012-10-20T14:52:09.445+0100: 73405.428: [GC 73405.428: [DefNew: 18045K->886K(19136K), 0.0055270 secs] 90401K->73242K(260032K), 0.0056300 secs] [Times: user=0.01 sys=0.00, real=0.01 secs] 
2012-10-20T14:52:54.903+0100: 73450.886: [GC 73450.886: [DefNew: 17910K->1274K(19136K), 0.0085170 secs] 90266K->73631K(260032K), 0.0090240 secs] [Times: user=0.00 sys=0.00, real=0.01 secs] 
2012-10-20T14:53:44.197+0100: 73500.179: [GC 73500.180: [DefNew: 18298K->978K(19136K), 0.0065740 secs] 90655K->73535K(260032K), 0.0066750 secs] [Times: user=0.01 sys=0.00, real=0.01 secs] 
2012-10-20T14:54:30.024+0100: 73546.007: [GC 73546.007: [DefNew: 18002K->1222K(19136K), 0.0061720 secs] 90559K->73779K(260032K), 0.0062880 secs] [Times: user=0.01 sys=0.00, real=0.01 secs] 
2012-10-20T14:55:19.482+0100: 73595.465: [GC 73595.465: [DefNew: 18246K->881K(19136K), 0.0064850 secs] 90803K->73658K(260032K), 0.0065900 secs] [Times: user=0.01 sys=0.00, real=0.01 secs] 
2012-10-20T14:56:04.997+0100: 73640.980: [GC 73640.980: [DefNew: 17905K->1098K(19136K), 0.0062950 secs] 90682K->73875K(260032K), 0.0064280 secs] [Times: user=0.01 sys=0.00, real=0.01 secs] 
2012-10-20T14:56:54.949+0100: 73690.932: [GC 73690.932: [DefNew: 18122K->1137K(19136K), 0.0064750 secs] 90899K->73915K(260032K), 0.0065860 secs] [Times: user=0.00 sys=0.01, real=0.00 secs] 
2012-10-20T14:57:44.493+0100: 73740.476: [GC 73740.476: [DefNew: 18161K->751K(19136K), 0.0063850 secs] 90939K->73593K(260032K), 0.0065030 secs] [Times: user=0.01 sys=0.00, real=0.01 secs] 
2012-10-20T14:58:34.536+0100: 73790.519: [GC 73790.519: [DefNew: 17774K->850K(19136K), 0.0056410 secs] 90616K->73692K(260032K), 0.0057850 secs] [Times: user=0.01 sys=0.00, real=0.01 secs] 
2012-10-20T14:59:19.520+0100: 73835.503: [GC 73835.503: [DefNew: 17874K->871K(19136K), 0.0054150 secs] 90716K->73713K(260032K), 0.0055110 secs] [Times: user=0.00 sys=0.00, real=0.00 secs] 
2012-10-20T15:00:04.899+0100: 73880.882: [GC 73880.882: [DefNew: 17895K->1073K(19136K), 0.0061110 secs] 90737K->73915K(260032K), 0.0062440 secs] [Times: user=0.01 sys=0.00, real=0.00 secs] 
2012-10-20T15:00:54.679+0100: 73930.662: [GC 73930.662: [DefNew: 18097K->1099K(19136K), 0.0058980 secs] 90939K->73941K(260032K), 0.0061170 secs] [Times: user=0.00 sys=0.01, real=0.00 secs] 
2012-10-20T15:01:44.564+0100: 73980.547: [GC 73980.547: [DefNew: 18123K->910K(19136K), 0.0055350 secs] 90965K->73752K(260032K), 0.0056380 secs] [Times: user=0.01 sys=0.00, real=0.01 secs] 
2012-10-20T15:02:30.029+0100: 74026.011: [GC 74026.012: [DefNew: 17934K->1250K(19136K), 0.0064790 secs] 90776K->74092K(260032K), 0.0065970 secs] [Times: user=0.00 sys=0.01, real=0.00 secs] 
2012-10-20T15:03:19.574+0100: 74075.557: [GC 74075.557: [DefNew: 18274K->876K(19136K), 0.0064900 secs] 91116K->73958K(260032K), 0.0066050 secs] [Times: user=0.00 sys=0.00, real=0.01 secs] 
2012-10-20T15:04:09.628+0100: 74125.611: [GC 74125.611: [DefNew: 17900K->538K(19136K), 0.0053900 secs] 90982K->73620K(260032K), 0.0054950 secs] [Times: user=0.01 sys=0.00, real=0.00 secs] 
2012-10-20T15:04:54.664+0100: 74170.647: [GC 74170.647: [DefNew: 17562K->1054K(19136K), 0.0079310 secs] 90644K->74136K(260032K), 0.0080430 secs] [Times: user=0.01 sys=0.00, real=0.01 secs] 
2012-10-20T15:05:40.051+0100: 74216.034: [GC 74216.034: [DefNew: 18078K->1211K(19136K), 0.0061290 secs] 91160K->74293K(260032K), 0.0062260 secs] [Times: user=0.00 sys=0.00, real=0.00 secs] 
2012-10-20T15:06:29.705+0100: 74265.688: [GC 74265.688: [DefNew: 18232K->873K(19136K), 0.0059240 secs] 91314K->74124K(260032K), 0.0060960 secs] [Times: user=0.01 sys=0.00, real=0.01 secs] 
2012-10-20T15:07:19.808+0100: 74315.791: [GC 74315.791: [DefNew: 17889K->780K(19136K), 0.0055980 secs] 91140K->74031K(260032K), 0.0057060 secs] [Times: user=0.00 sys=0.00, real=0.00 secs] 
2012-10-20T15:08:04.724+0100: 74360.707: [GC 74360.708: [DefNew: 17784K->1114K(19136K), 0.0060070 secs] 91034K->74365K(260032K), 0.0061360 secs] [Times: user=0.01 sys=0.00, real=0.01 secs] 
2012-10-20T15:08:50.091+0100: 74406.074: [GC 74406.074: [DefNew: 18138K->1230K(19136K), 0.0064590 secs] 91389K->74574K(260032K), 0.0065760 secs] [Times: user=0.01 sys=0.00, real=0.01 secs] 
2012-10-20T15:09:39.943+0100: 74455.926: [GC 74455.926: [DefNew: 18246K->340K(19136K), 0.0060050 secs] 91589K->73851K(260032K), 0.0061100 secs] [Times: user=0.01 sys=0.00, real=0.01 secs] 
2012-10-20T15:10:24.919+0100: 74500.902: [GC 74500.902: [DefNew: 17359K->945K(19136K), 0.0058070 secs] 90871K->74457K(260032K), 0.0059200 secs] [Times: user=0.00 sys=0.00, real=0.00 secs] 
2012-10-20T15:11:14.793+0100: 74550.776: [GC 74550.776: [DefNew: 17969K->814K(19136K), 0.0054390 secs] 91481K->74326K(260032K), 0.0055350 secs] [Times: user=0.01 sys=0.00, real=0.01 secs] 
2012-10-20T15:12:04.824+0100: 74600.807: [GC 74600.807: [DefNew: 17832K->780K(19136K), 0.0109470 secs] 91344K->74292K(260032K), 0.0110970 secs] [Times: user=0.01 sys=0.00, real=0.01 secs] 
2012-10-20T15:12:49.858+0100: 74645.841: [GC 74645.841: [DefNew: 17804K->1010K(19136K), 0.0056250 secs] 91316K->74522K(260032K), 0.0057210 secs] [Times: user=0.00 sys=0.00, real=0.00 secs] 
2012-10-20T15:13:39.807+0100: 74695.790: [GC 74695.790: [DefNew: 18034K->840K(19136K), 0.0059670 secs] 91546K->74352K(260032K), 0.0060780 secs] [Times: user=0.01 sys=0.00, real=0.01 secs] 
2012-10-20T15:14:24.819+0100: 74740.802: [GC 74740.802: [DefNew: 17854K->813K(19136K), 0.0053740 secs] 91366K->74354K(260032K), 0.0054680 secs] [Times: user=0.00 sys=0.00, real=0.00 secs] 
2012-10-20T15:15:09.935+0100: 74785.918: [GC 74785.918: [DefNew: 17836K->1132K(19136K), 0.0061510 secs] 91378K->74674K(260032K), 0.0062490 secs] [Times: user=0.01 sys=0.00, real=0.01 secs] 
2012-10-20T15:15:59.910+0100: 74835.893: [GC 74835.893: [DefNew: 18156K->1031K(19136K), 0.0056300 secs] 91698K->74573K(260032K), 0.0057270 secs] [Times: user=0.00 sys=0.00, real=0.00 secs] 
2012-10-20T15:16:49.956+0100: 74885.939: [GC 74885.939: [DefNew: 18045K->685K(19136K), 0.0050210 secs] 91587K->74227K(260032K), 0.0051200 secs] [Times: user=0.01 sys=0.00, real=0.01 secs] 
2012-10-20T15:17:35.479+0100: 74931.462: [GC 74931.462: [DefNew: 17709K->1036K(19136K), 0.0055550 secs] 91251K->74578K(260032K), 0.0056490 secs] [Times: user=0.00 sys=0.00, real=0.00 secs] 
2012-10-20T15:18:25.127+0100: 74981.110: [GC 74981.110: [DefNew: 18028K->972K(19136K), 0.0066830 secs] 91570K->74514K(260032K), 0.0067860 secs] [Times: user=0.01 sys=0.00, real=0.01 secs] 
2012-10-20T15:19:10.218+0100: 75026.201: [GC 75026.201: [DefNew: 17996K->1104K(19136K), 0.0057140 secs] 91538K->74646K(260032K), 0.0058150 secs] [Times: user=0.00 sys=0.00, real=0.00 secs] 
2012-10-20T15:20:00.138+0100: 75076.121: [GC 75076.121: [DefNew: 18126K->623K(19136K), 0.0051580 secs] 91668K->74165K(260032K), 0.0053140 secs] [Times: user=0.01 sys=0.00, real=0.00 secs] 
2012-10-20T15:20:45.295+0100: 75121.278: [GC 75121.278: [DefNew: 17639K->1091K(19136K), 0.0056450 secs] 91181K->74633K(260032K), 0.0057470 secs] [Times: user=0.01 sys=0.00, real=0.01 secs] 
2012-10-20T15:21:35.027+0100: 75171.010: [GC 75171.010: [DefNew: 18115K->903K(19136K), 0.0037470 secs] 91657K->74475K(260032K), 0.0038200 secs] [Times: user=0.00 sys=0.00, real=0.01 secs] 
2012-10-20T15:22:20.128+0100: 75216.111: [GC 75216.111: [DefNew: 17927K->1097K(19136K), 0.0057480 secs] 91499K->74669K(260032K), 0.0058490 secs] [Times: user=0.01 sys=0.00, real=0.00 secs] 
2012-10-20T15:23:09.937+0100: 75265.920: [GC 75265.920: [DefNew: 18121K->720K(19136K), 0.0057140 secs] 91693K->74418K(260032K), 0.0058090 secs] [Times: user=0.01 sys=0.00, real=0.01 secs] 
2012-10-20T15:23:59.835+0100: 75315.818: [GC 75315.818: [DefNew: 17744K->561K(19136K), 0.0054800 secs] 91442K->74259K(260032K), 0.0055900 secs] [Times: user=0.01 sys=0.00, real=0.01 secs] 
2012-10-20T15:24:47.115+0100: 75363.098: [GC 75363.098: [DefNew: 17585K->907K(19136K), 0.0098620 secs] 91283K->74605K(260032K), 0.0099820 secs] [Times: user=0.00 sys=0.00, real=0.01 secs] 
2012-10-20T15:25:36.730+0100: 75412.712: [GC 75412.713: [DefNew: 17924K->753K(19136K), 0.0035190 secs] 91621K->74450K(260032K), 0.0036020 secs] [Times: user=0.00 sys=0.00, real=0.00 secs] 
2012-10-20T15:26:20.482+0100: 75456.465: [GC 75456.465: [DefNew: 17777K->1159K(19136K), 0.0058850 secs] 91474K->74856K(260032K), 0.0059850 secs] [Times: user=0.00 sys=0.00, real=0.01 secs] 
2012-10-20T15:27:10.132+0100: 75506.115: [GC 75506.115: [DefNew: 18183K->1123K(19136K), 0.0065130 secs] 91880K->74945K(260032K), 0.0066150 secs] [Times: user=0.01 sys=0.00, real=0.01 secs] 
2012-10-20T15:27:59.297+0100: 75555.280: [GC 75555.280: [DefNew: 18129K->307K(19136K), 0.0048560 secs] 91951K->74194K(260032K), 0.0049500 secs] [Times: user=0.01 sys=0.00, real=0.01 secs] 
2012-10-20T15:28:44.307+0100: 75600.290: [GC 75600.290: [DefNew: 17329K->922K(19136K), 0.0056830 secs] 91215K->74809K(260032K), 0.0057820 secs] [Times: user=0.01 sys=0.00, real=0.01 secs] 
2012-10-20T15:29:14.953+0100: 75630.935: [GC 75630.936: [DefNew: 17946K->989K(19136K), 0.0058900 secs] 91833K->74876K(260032K), 0.0060160 secs] [Times: user=0.01 sys=0.00, real=0.01 secs] 
2012-10-20T15:30:00.714+0100: 75676.697: [GC 75676.697: [DefNew: 18013K->1157K(19136K), 0.0059370 secs] 91900K->75044K(260032K), 0.0060430 secs] [Times: user=0.00 sys=0.00, real=0.01 secs] 
2012-10-20T15:30:49.931+0100: 75725.914: [GC 75725.914: [DefNew: 18181K->623K(19136K), 0.0052600 secs] 92068K->74606K(260032K), 0.0053600 secs] [Times: user=0.01 sys=0.00, real=0.00 secs] 
2012-10-20T15:31:35.130+0100: 75771.113: [GC 75771.113: [DefNew: 17647K->1115K(19136K), 0.0110190 secs] 91630K->75098K(260032K), 0.0112740 secs] [Times: user=0.01 sys=0.00, real=0.01 secs] 
2012-10-20T15:32:25.214+0100: 75821.197: [GC 75821.197: [DefNew: 18109K->1139K(19136K), 0.0064010 secs] 92092K->75122K(260032K), 0.0065050 secs] [Times: user=0.01 sys=0.00, real=0.01 secs] 
2012-10-20T15:33:14.898+0100: 75870.881: [GC 75870.881: [DefNew: 18140K->560K(19136K), 0.0052360 secs] 92123K->74616K(260032K), 0.0053480 secs] [Times: user=0.00 sys=0.00, real=0.00 secs] 
2012-10-20T15:34:00.074+0100: 75916.057: [GC 75916.057: [DefNew: 17570K->909K(19136K), 0.0055780 secs] 91627K->74966K(260032K), 0.0056720 secs] [Times: user=0.00 sys=0.01, real=0.01 secs] 
2012-10-20T15:34:49.883+0100: 75965.866: [GC 75965.866: [DefNew: 17933K->780K(19136K), 0.0066830 secs] 91990K->74837K(260032K), 0.0067940 secs] [Times: user=0.00 sys=0.00, real=0.01 secs] 
2012-10-20T15:35:35.692+0100: 76011.675: [GC 76011.675: [DefNew: 17804K->1067K(19136K), 0.0057730 secs] 91861K->75124K(260032K), 0.0058770 secs] [Times: user=0.01 sys=0.00, real=0.01 secs] 
2012-10-20T15:36:24.892+0100: 76060.875: [GC 76060.875: [DefNew: 18091K->718K(19136K), 0.0053630 secs] 92148K->74804K(260032K), 0.0059970 secs] [Times: user=0.01 sys=0.00, real=0.01 secs] 
2012-10-20T15:37:14.944+0100: 76110.927: [GC 76110.927: [DefNew: 17741K->583K(19136K), 0.0087360 secs] 91827K->74669K(260032K), 0.0088450 secs] [Times: user=0.00 sys=0.00, real=0.01 secs] 
2012-10-20T15:38:00.248+0100: 76156.231: [GC 76156.231: [DefNew: 17590K->1005K(19136K), 0.0066660 secs] 91676K->75091K(260032K), 0.0067810 secs] [Times: user=0.01 sys=0.00, real=0.00 secs] 
2012-10-20T15:38:49.937+0100: 76205.920: [GC 76205.920: [DefNew: 18025K->531K(19136K), 0.0050590 secs] 92111K->74617K(260032K), 0.0051600 secs] [Times: user=0.01 sys=0.00, real=0.01 secs] 
2012-10-20T15:39:34.976+0100: 76250.959: [GC 76250.959: [DefNew: 17555K->960K(19136K), 0.0064220 secs] 91641K->75046K(260032K), 0.0065430 secs] [Times: user=0.01 sys=0.00, real=0.01 secs] 
2012-10-20T15:40:20.680+0100: 76296.663: [GC 76296.663: [DefNew: 17984K->1547K(19136K), 0.0073180 secs] 92070K->75633K(260032K), 0.0074380 secs] [Times: user=0.01 sys=0.00, real=0.01 secs] 
2012-10-20T15:41:09.925+0100: 76345.908: [GC 76345.908: [DefNew: 18553K->525K(19136K), 0.0053110 secs] 92639K->74811K(260032K), 0.0054020 secs] [Times: user=0.01 sys=0.00, real=0.01 secs] 
2012-10-20T15:41:56.998+0100: 76392.981: [GC 76392.981: [DefNew: 17549K->1096K(19136K), 0.0068090 secs] 91835K->75382K(260032K), 0.0069140 secs] [Times: user=0.00 sys=0.00, real=0.00 secs] 
2012-10-20T15:42:45.313+0100: 76441.296: [GC 76441.296: [DefNew: 18120K->1091K(19136K), 0.0039640 secs] 92406K->75377K(260032K), 0.0040360 secs] [Times: user=0.00 sys=0.00, real=0.00 secs] 
2012-10-20T15:43:35.716+0100: 76491.699: [GC 76491.699: [DefNew: 18115K->977K(19136K), 0.0069820 secs] 92401K->75325K(260032K), 0.0070900 secs] [Times: user=0.00 sys=0.00, real=0.01 secs] 
2012-10-20T15:44:24.938+0100: 76540.921: [GC 76540.921: [DefNew: 17997K->685K(19136K), 0.0039740 secs] 92345K->75033K(260032K), 0.0040840 secs] [Times: user=0.00 sys=0.01, real=0.00 secs] 
2012-10-20T15:45:10.416+0100: 76586.399: [GC 76586.399: [DefNew: 17709K->1071K(19136K), 0.0061950 secs] 92057K->75419K(260032K), 0.0062970 secs] [Times: user=0.01 sys=0.00, real=0.01 secs] 
2012-10-20T15:46:00.004+0100: 76635.986: [GC 76635.987: [DefNew: 18072K->751K(19136K), 0.0055430 secs] 92420K->75100K(260032K), 0.0056480 secs] [Times: user=0.00 sys=0.00, real=0.01 secs] 
2012-10-20T15:46:45.322+0100: 76681.305: [GC 76681.305: [DefNew: 17775K->1095K(19136K), 0.0059510 secs] 92124K->75444K(260032K), 0.0060610 secs] [Times: user=0.00 sys=0.00, real=0.01 secs] 
2012-10-20T15:47:35.058+0100: 76731.040: [GC 76731.041: [DefNew: 18119K->848K(19136K), 0.0062360 secs] 92468K->75291K(260032K), 0.0069750 secs] [Times: user=0.01 sys=0.00, real=0.00 secs] 
2012-10-20T15:48:24.988+0100: 76780.971: [GC 76780.971: [DefNew: 17872K->816K(19136K), 0.0053800 secs] 92315K->75259K(260032K), 0.0054810 secs] [Times: user=0.00 sys=0.00, real=0.00 secs] 
2012-10-20T15:49:10.061+0100: 76826.044: [GC 76826.044: [DefNew: 17816K->969K(19136K), 0.0060060 secs] 92259K->75411K(260032K), 0.0061460 secs] [Times: user=0.00 sys=0.00, real=0.00 secs] 
2012-10-20T15:49:58.315+0100: 76874.298: [GC 76874.298: [DefNew: 17993K->675K(19136K), 0.0049060 secs] 92435K->75118K(260032K), 0.0050030 secs] [Times: user=0.00 sys=0.00, real=0.01 secs] 
2012-10-20T15:50:45.349+0100: 76921.332: [GC 76921.332: [DefNew: 17696K->1353K(19136K), 0.0064070 secs] 92138K->75795K(260032K), 0.0065120 secs] [Times: user=0.00 sys=0.00, real=0.00 secs] 
2012-10-20T15:51:35.176+0100: 76971.159: [GC 76971.159: [DefNew: 18375K->597K(19136K), 0.0058970 secs] 92818K->75290K(260032K), 0.0059960 secs] [Times: user=0.00 sys=0.00, real=0.01 secs] 
2012-10-20T15:52:20.275+0100: 77016.258: [GC 77016.258: [DefNew: 17621K->1198K(19136K), 0.0066580 secs] 92314K->75891K(260032K), 0.0067630 secs] [Times: user=0.01 sys=0.00, real=0.01 secs] 
2012-10-20T15:53:09.913+0100: 77065.896: [GC 77065.897: [DefNew: 18201K->663K(19136K), 0.0055930 secs] 92894K->75522K(260032K), 0.0056970 secs] [Times: user=0.01 sys=0.00, real=0.01 secs] 
2012-10-20T15:53:55.395+0100: 77111.378: [GC 77111.378: [DefNew: 17687K->1168K(19136K), 0.0062940 secs] 92546K->76027K(260032K), 0.0063980 secs] [Times: user=0.01 sys=0.00, real=0.01 secs] 
2012-10-20T15:54:44.116+0100: 77160.099: [GC 77160.099: [DefNew: 18186K->874K(19136K), 0.0066440 secs] 93045K->75933K(260032K), 0.0067600 secs] [Times: user=0.01 sys=0.00, real=0.01 secs] 
2012-10-20T15:55:35.024+0100: 77211.007: [GC 77211.007: [DefNew: 17898K->466K(19136K), 0.0032750 secs] 92957K->75525K(260032K), 0.0033480 secs] [Times: user=0.01 sys=0.00, real=0.00 secs] 
2012-10-20T15:56:20.024+0100: 77256.007: [GC 77256.007: [DefNew: 17490K->1062K(19136K), 0.0059800 secs] 92549K->76121K(260032K), 0.0060870 secs] [Times: user=0.01 sys=0.00, real=0.01 secs] 
2012-10-20T15:57:10.166+0100: 77306.149: [GC 77306.149: [DefNew: 18066K->526K(19136K), 0.0049130 secs] 93125K->75647K(260032K), 0.0050120 secs] [Times: user=0.00 sys=0.00, real=0.01 secs] 
2012-10-20T15:57:55.124+0100: 77351.107: [GC 77351.107: [DefNew: 17550K->1125K(19136K), 0.0143860 secs] 92671K->76247K(260032K), 0.0145130 secs] [Times: user=0.01 sys=0.00, real=0.02 secs] 
2012-10-20T15:58:44.193+0100: 77400.176: [GC 77400.176: [DefNew: 18122K->748K(19136K), 0.0059220 secs] 93243K->76058K(260032K), 0.0060220 secs] [Times: user=0.01 sys=0.00, real=0.01 secs] 
2012-10-20T15:59:30.388+0100: 77446.370: [GC 77446.371: [DefNew: 17772K->1073K(19136K), 0.0057500 secs] 93082K->76382K(260032K), 0.0058550 secs] [Times: user=0.00 sys=0.00, real=0.00 secs] 
2012-10-20T16:00:20.166+0100: 77496.149: [GC 77496.149: [DefNew: 18096K->812K(19136K), 0.0056470 secs] 93405K->76152K(260032K), 0.0084800 secs] [Times: user=0.01 sys=0.00, real=0.01 secs] 
2012-10-20T16:01:10.067+0100: 77546.050: [GC 77546.050: [DefNew: 17836K->461K(19136K), 0.0044720 secs] 93176K->75801K(260032K), 0.0045710 secs] [Times: user=0.01 sys=0.00, real=0.01 secs] 
2012-10-20T16:01:55.151+0100: 77591.133: [GC 77591.134: [DefNew: 17485K->1069K(19136K), 0.0042250 secs] 92825K->76409K(260032K), 0.0043230 secs] [Times: user=0.00 sys=0.01, real=0.00 secs] 
2012-10-20T16:02:45.156+0100: 77641.139: [GC 77641.139: [DefNew: 18093K->1017K(19136K), 0.0058810 secs] 93433K->76387K(260032K), 0.0059780 secs] [Times: user=0.00 sys=0.00, real=0.01 secs] 
2012-10-20T16:03:30.288+0100: 77686.271: [GC 77686.271: [DefNew: 18041K->1073K(19136K), 0.0066400 secs] 93411K->76443K(260032K), 0.0067450 secs] [Times: user=0.00 sys=0.00, real=0.00 secs] 
2012-10-20T16:04:15.404+0100: 77731.387: [GC 77731.387: [DefNew: 18097K->1139K(19136K), 0.0063970 secs] 93467K->76583K(260032K), 0.0065000 secs] [Times: user=0.01 sys=0.00, real=0.01 secs] 
2012-10-20T16:05:02.548+0100: 77778.531: [GC 77778.531: [DefNew: 18159K->887K(19136K), 0.0057240 secs] 93603K->76456K(260032K), 0.0058200 secs] [Times: user=0.01 sys=0.00, real=0.00 secs] 
2012-10-20T16:05:50.198+0100: 77826.181: [GC 77826.181: [DefNew: 17911K->978K(19136K), 0.0066880 secs] 93480K->76546K(260032K), 0.0067930 secs] [Times: user=0.01 sys=0.00, real=0.00 secs] 
2012-10-20T16:06:40.296+0100: 77876.279: [GC 77876.279: [DefNew: 18002K->978K(19136K), 0.0037380 secs] 93570K->76547K(260032K), 0.0038200 secs] [Times: user=0.01 sys=0.00, real=0.01 secs] 
2012-10-20T16:07:30.207+0100: 77926.190: [GC 77926.190: [DefNew: 18002K->898K(19136K), 0.0078730 secs] 93571K->76540K(260032K), 0.0079870 secs] [Times: user=0.00 sys=0.00, real=0.01 secs] 
2012-10-20T16:08:15.305+0100: 77971.288: [GC 77971.288: [DefNew: 17922K->918K(19136K), 0.0059680 secs] 93564K->76560K(260032K), 0.0060750 secs] [Times: user=0.00 sys=0.00, real=0.01 secs] 
2012-10-20T16:09:05.065+0100: 78021.048: [GC 78021.048: [DefNew: 17916K->474K(19136K), 0.0046620 secs] 93558K->76116K(260032K), 0.0047560 secs] [Times: user=0.01 sys=0.00, real=0.01 secs] 
2012-10-20T16:09:50.500+0100: 78066.483: [GC 78066.483: [DefNew: 17498K->1177K(19136K), 0.0059380 secs] 93140K->76819K(260032K), 0.0060520 secs] [Times: user=0.00 sys=0.00, real=0.00 secs] 
2012-10-20T16:10:35.405+0100: 78111.388: [GC 78111.388: [DefNew: 18201K->1190K(19136K), 0.0065840 secs] 93843K->76937K(260032K), 0.0066850 secs] [Times: user=0.01 sys=0.00, real=0.01 secs] 
2012-10-20T16:11:25.161+0100: 78161.144: [GC 78161.144: [DefNew: 18214K->623K(19136K), 0.0052830 secs] 93961K->76464K(260032K), 0.0053850 secs] [Times: user=0.00 sys=0.00, real=0.00 secs] 
2012-10-20T16:12:15.177+0100: 78211.160: [GC 78211.161: [DefNew: 17641K->748K(19136K), 0.0052010 secs] 93481K->76588K(260032K), 0.0055410 secs] [Times: user=0.00 sys=0.00, real=0.00 secs] 
2012-10-20T16:13:00.571+0100: 78256.554: [GC 78256.554: [DefNew: 17772K->1197K(19136K), 0.0064170 secs] 93612K->77037K(260032K), 0.0066640 secs] [Times: user=0.00 sys=0.01, real=0.01 secs] 
2012-10-20T16:13:50.108+0100: 78306.091: [GC 78306.091: [DefNew: 18221K->812K(19136K), 0.0078840 secs] 94061K->76717K(260032K), 0.0080150 secs] [Times: user=0.01 sys=0.00, real=0.00 secs] 
2012-10-20T16:14:35.459+0100: 78351.442: [GC 78351.442: [DefNew: 17836K->1156K(19136K), 0.0058880 secs] 93741K->77062K(260032K), 0.0059970 secs] [Times: user=0.00 sys=0.00, real=0.00 secs] 
2012-10-20T16:15:25.105+0100: 78401.088: [GC 78401.088: [DefNew: 18171K->530K(19136K), 0.0037790 secs] 94076K->76653K(260032K), 0.0038560 secs] [Times: user=0.00 sys=0.00, real=0.01 secs] 
2012-10-20T16:16:10.458+0100: 78446.441: [GC 78446.441: [DefNew: 17554K->1041K(19136K), 0.0082720 secs] 93677K->77164K(260032K), 0.0084030 secs] [Times: user=0.00 sys=0.00, real=0.00 secs] 
2012-10-20T16:17:00.201+0100: 78496.183: [GC 78496.184: [DefNew: 18065K->789K(19136K), 0.0052310 secs] 94188K->76912K(260032K), 0.0053320 secs] [Times: user=0.00 sys=0.00, real=0.00 secs] 
2012-10-20T16:17:50.353+0100: 78546.336: [GC 78546.336: [DefNew: 17813K->718K(19136K), 0.0056520 secs] 93936K->76841K(260032K), 0.0061800 secs] [Times: user=0.01 sys=0.00, real=0.01 secs] 
2012-10-20T16:18:35.580+0100: 78591.563: [GC 78591.563: [DefNew: 17736K->1094K(19136K), 0.0061740 secs] 93859K->77217K(260032K), 0.0062830 secs] [Times: user=0.00 sys=0.00, real=0.00 secs] 
2012-10-20T16:19:20.875+0100: 78636.858: [GC 78636.858: [DefNew: 18118K->1187K(19136K), 0.0065540 secs] 94241K->77310K(260032K), 0.0066590 secs] [Times: user=0.00 sys=0.00, real=0.01 secs] 
2012-10-20T16:20:10.421+0100: 78686.404: [GC 78686.404: [DefNew: 18211K->964K(19136K), 0.0059460 secs] 94334K->77117K(260032K), 0.0060520 secs] [Times: user=0.00 sys=0.00, real=0.00 secs] 
2012-10-20T16:21:00.319+0100: 78736.302: [GC 78736.302: [DefNew: 17984K->718K(19136K), 0.0091840 secs] 94138K->76872K(260032K), 0.0092920 secs] [Times: user=0.02 sys=0.00, real=0.01 secs] 
2012-10-20T16:21:45.360+0100: 78781.343: [GC 78781.343: [DefNew: 17742K->1637K(19136K), 0.0072030 secs] 93896K->77790K(260032K), 0.0073300 secs] [Times: user=0.01 sys=0.00, real=0.00 secs] 
2012-10-20T16:22:35.155+0100: 78831.138: [GC 78831.138: [DefNew: 18661K->635K(19136K), 0.0056020 secs] 94814K->76977K(260032K), 0.0057010 secs] [Times: user=0.00 sys=0.00, real=0.01 secs] 
2012-10-20T16:23:25.247+0100: 78881.230: [GC 78881.230: [DefNew: 17640K->498K(19136K), 0.0071390 secs] 93982K->76840K(260032K), 0.0073520 secs] [Times: user=0.00 sys=0.01, real=0.01 secs] 
2012-10-20T16:24:10.493+0100: 78926.476: [GC 78926.476: [DefNew: 17522K->976K(19136K), 0.0057630 secs] 93864K->77318K(260032K), 0.0058710 secs] [Times: user=0.01 sys=0.00, real=0.01 secs] 
2012-10-20T16:24:57.420+0100: 78973.403: [GC 78973.403: [DefNew: 18000K->654K(19136K), 0.0048860 secs] 94342K->76996K(260032K), 0.0049840 secs] [Times: user=0.00 sys=0.00, real=0.00 secs] 
2012-10-20T16:25:45.177+0100: 79021.160: [GC 79021.160: [DefNew: 17678K->1002K(19136K), 0.0057700 secs] 94020K->77344K(260032K), 0.0059120 secs] [Times: user=0.00 sys=0.01, real=0.01 secs] 
2012-10-20T16:26:35.258+0100: 79071.241: [GC 79071.241: [DefNew: 17999K->651K(19136K), 0.0048680 secs] 94341K->76993K(260032K), 0.0049660 secs] [Times: user=0.00 sys=0.00, real=0.00 secs] 
2012-10-20T16:27:25.368+0100: 79121.351: [GC 79121.352: [DefNew: 17675K->624K(19136K), 0.0049840 secs] 94017K->76966K(260032K), 0.0056570 secs] [Times: user=0.01 sys=0.00, real=0.00 secs] 
2012-10-20T16:28:10.571+0100: 79166.553: [GC 79166.554: [DefNew: 17648K->966K(19136K), 0.0055770 secs] 93990K->77338K(260032K), 0.0056820 secs] [Times: user=0.01 sys=0.00, real=0.00 secs] 
2012-10-20T16:28:52.777+0100: 79208.760: [GC 79208.760: [DefNew: 17990K->825K(19136K), 0.0051760 secs] 94362K->77197K(260032K), 0.0053510 secs] [Times: user=0.00 sys=0.00, real=0.01 secs] 
2012-10-20T16:29:30.214+0100: 79246.197: [GC 79246.197: [DefNew: 17849K->735K(19136K), 0.0053370 secs] 94221K->77107K(260032K), 0.0054710 secs] [Times: user=0.01 sys=0.00, real=0.01 secs] 
2012-10-20T16:30:20.224+0100: 79296.207: [GC 79296.207: [DefNew: 17759K->311K(19136K), 0.0044960 secs] 94131K->76683K(260032K), 0.0046360 secs] [Times: user=0.01 sys=0.00, real=0.01 secs] 
2012-10-20T16:31:05.317+0100: 79341.300: [GC 79341.300: [DefNew: 17304K->873K(19136K), 0.0061090 secs] 93676K->77307K(260032K), 0.0062190 secs] [Times: user=0.00 sys=0.00, real=0.00 secs] 
2012-10-20T16:31:55.229+0100: 79391.212: [GC 79391.212: [DefNew: 17897K->861K(19136K), 0.0060630 secs] 94331K->77296K(260032K), 0.0061980 secs] [Times: user=0.00 sys=0.00, real=0.00 secs] 
2012-10-20T16:32:45.405+0100: 79441.387: [GC 79441.388: [DefNew: 17885K->786K(19136K), 0.0052720 secs] 94320K->77222K(260032K), 0.0053720 secs] [Times: user=0.01 sys=0.00, real=0.01 secs] 
2012-10-20T16:33:30.737+0100: 79486.719: [GC 79486.720: [DefNew: 17810K->1230K(19136K), 0.0062540 secs] 94246K->77666K(260032K), 0.0063580 secs] [Times: user=0.00 sys=0.00, real=0.01 secs] 
2012-10-20T16:34:20.457+0100: 79536.439: [GC 79536.440: [DefNew: 18254K->721K(19136K), 0.0056730 secs] 94690K->77262K(260032K), 0.0057690 secs] [Times: user=0.01 sys=0.00, real=0.01 secs] 
2012-10-20T16:35:06.007+0100: 79581.990: [GC 79581.991: [DefNew: 17745K->1137K(19136K), 0.0059800 secs] 94286K->77678K(260032K), 0.0061000 secs] [Times: user=0.01 sys=0.00, real=0.00 secs] 
2012-10-20T16:35:56.780+0100: 79632.762: [GC 79632.763: [DefNew: 18161K->1006K(19136K), 0.0058950 secs] 94702K->77671K(260032K), 0.0059900 secs] [Times: user=0.00 sys=0.00, real=0.00 secs] 
2012-10-20T16:36:45.646+0100: 79681.629: [GC 79681.629: [DefNew: 18030K->1062K(19136K), 0.0101980 secs] 94695K->77727K(260032K), 0.0103490 secs] [Times: user=0.01 sys=0.00, real=0.01 secs] 
2012-10-20T16:37:35.681+0100: 79731.664: [GC 79731.664: [DefNew: 18086K->1056K(19136K), 0.0099500 secs] 94751K->77813K(260032K), 0.0100820 secs] [Times: user=0.01 sys=0.00, real=0.01 secs] 
2012-10-20T16:38:25.277+0100: 79781.260: [GC 79781.261: [DefNew: 18055K->498K(19136K), 0.0048810 secs] 94812K->77318K(260032K), 0.0055000 secs] [Times: user=0.00 sys=0.00, real=0.00 secs] 
2012-10-20T16:39:10.679+0100: 79826.662: [GC 79826.662: [DefNew: 17522K->1097K(19136K), 0.0081060 secs] 94342K->77916K(260032K), 0.0082250 secs] [Times: user=0.00 sys=0.00, real=0.01 secs] 
2012-10-20T16:40:00.269+0100: 79876.252: [GC 79876.252: [DefNew: 18106K->853K(19136K), 0.0063140 secs] 94925K->77737K(260032K), 0.0064140 secs] [Times: user=0.00 sys=0.00, real=0.00 secs] 
2012-10-20T16:40:45.428+0100: 79921.411: [GC 79921.411: [DefNew: 17877K->922K(19136K), 0.0065500 secs] 94761K->77806K(260032K), 0.0066690 secs] [Times: user=0.00 sys=0.00, real=0.00 secs] 
2012-10-20T16:41:35.710+0100: 79971.693: [GC 79971.693: [DefNew: 17919K->605K(19136K), 0.0035250 secs] 94803K->77489K(260032K), 0.0040570 secs] [Times: user=0.00 sys=0.00, real=0.00 secs] 
2012-10-20T16:42:25.327+0100: 80021.310: [GC 80021.310: [DefNew: 17604K->760K(19136K), 0.0052550 secs] 94488K->77644K(260032K), 0.0053520 secs] [Times: user=0.00 sys=0.00, real=0.01 secs] 
2012-10-20T16:43:11.250+0100: 80067.233: [GC 80067.233: [DefNew: 17784K->1012K(19136K), 0.0064720 secs] 94668K->77969K(260032K), 0.0065790 secs] [Times: user=0.00 sys=0.00, real=0.00 secs] 
2012-10-20T16:44:00.341+0100: 80116.324: [GC 80116.324: [DefNew: 18021K->342K(19136K), 0.0043100 secs] 94978K->77301K(260032K), 0.0044050 secs] [Times: user=0.00 sys=0.00, real=0.00 secs] 
2012-10-20T16:44:45.387+0100: 80161.370: [GC 80161.370: [DefNew: 17345K->874K(19136K), 0.0054560 secs] 94303K->77832K(260032K), 0.0055620 secs] [Times: user=0.00 sys=0.00, real=0.01 secs] 
2012-10-20T16:45:35.628+0100: 80211.611: [GC 80211.611: [DefNew: 17898K->557K(19136K), 0.0049000 secs] 94856K->77515K(260032K), 0.0049930 secs] [Times: user=0.00 sys=0.00, real=0.00 secs] 
2012-10-20T16:46:20.823+0100: 80256.806: [GC 80256.806: [DefNew: 17579K->965K(19136K), 0.0053630 secs] 94537K->77923K(260032K), 0.0054640 secs] [Times: user=0.01 sys=0.00, real=0.01 secs] 
2012-10-20T16:47:10.414+0100: 80306.397: [GC 80306.397: [DefNew: 17969K->1031K(19136K), 0.0117500 secs] 94927K->77989K(260032K), 0.0118720 secs] [Times: user=0.01 sys=0.00, real=0.01 secs] 
2012-10-20T16:47:58.199+0100: 80354.182: [GC 80354.182: [DefNew: 18055K->622K(19136K), 0.0048840 secs] 95013K->77610K(260032K), 0.0049780 secs] [Times: user=0.00 sys=0.00, real=0.00 secs] 
2012-10-20T16:48:44.196+0100: 80400.179: [GC 80400.179: [DefNew: 17646K->908K(19136K), 0.0055430 secs] 94634K->77896K(260032K), 0.0056420 secs] [Times: user=0.01 sys=0.00, real=0.01 secs] 
2012-10-20T16:49:35.638+0100: 80451.621: [GC 80451.621: [DefNew: 17910K->402K(19136K), 0.0052660 secs] 94898K->77390K(260032K), 0.0053640 secs] [Times: user=0.00 sys=0.00, real=0.00 secs] 
2012-10-20T16:50:20.415+0100: 80496.398: [GC 80496.398: [DefNew: 17426K->939K(19136K), 0.0054710 secs] 94414K->77927K(260032K), 0.0055700 secs] [Times: user=0.01 sys=0.00, real=0.01 secs] 
2012-10-20T16:51:06.231+0100: 80542.214: [GC 80542.214: [DefNew: 17963K->1162K(19136K), 0.0059120 secs] 94951K->78150K(260032K), 0.0060150 secs] [Times: user=0.00 sys=0.00, real=0.00 secs] 
2012-10-20T16:51:56.232+0100: 80592.215: [GC 80592.215: [DefNew: 18186K->1175K(19136K), 0.0061150 secs] 95174K->78193K(260032K), 0.0062120 secs] [Times: user=0.00 sys=0.00, real=0.01 secs] 
2012-10-20T16:52:45.374+0100: 80641.357: [GC 80641.357: [DefNew: 18199K->936K(19136K), 0.0079560 secs] 95217K->78028K(260032K), 0.0080690 secs] [Times: user=0.00 sys=0.00, real=0.01 secs] 
2012-10-20T16:53:30.971+0100: 80686.954: [GC 80686.954: [DefNew: 17960K->1485K(19136K), 0.0066870 secs] 95052K->78577K(260032K), 0.0067900 secs] [Times: user=0.01 sys=0.00, real=0.01 secs] 
2012-10-20T16:54:20.404+0100: 80736.386: [GC 80736.387: [DefNew: 18491K->559K(19136K), 0.0062790 secs] 95583K->77977K(260032K), 0.0069220 secs] [Times: user=0.00 sys=0.00, real=0.01 secs] 
2012-10-20T16:55:05.721+0100: 80781.704: [GC 80781.704: [DefNew: 17583K->1067K(19136K), 0.0059790 secs] 95001K->78486K(260032K), 0.0060790 secs] [Times: user=0.01 sys=0.00, real=0.00 secs] 
2012-10-20T16:55:55.515+0100: 80831.498: [GC 80831.498: [DefNew: 18091K->1094K(19136K), 0.0081270 secs] 95510K->78514K(260032K), 0.0082340 secs] [Times: user=0.02 sys=0.00, real=0.01 secs] 
2012-10-20T16:56:45.645+0100: 80881.628: [GC 80881.628: [DefNew: 18118K->748K(19136K), 0.0070160 secs] 95538K->78167K(260032K), 0.0074130 secs] [Times: user=0.01 sys=0.00, real=0.01 secs] 
2012-10-20T16:57:35.599+0100: 80931.582: [GC 80931.582: [DefNew: 17764K->534K(19136K), 0.0046920 secs] 95184K->77953K(260032K), 0.0047880 secs] [Times: user=0.01 sys=0.00, real=0.00 secs] 
2012-10-20T16:58:20.409+0100: 80976.392: [GC 80976.392: [DefNew: 17558K->909K(19136K), 0.0057190 secs] 94977K->78328K(260032K), 0.0058220 secs] [Times: user=0.00 sys=0.00, real=0.00 secs] 
2012-10-20T16:59:05.614+0100: 81021.597: [GC 81021.597: [DefNew: 17933K->1001K(19136K), 0.0066530 secs] 95352K->78420K(260032K), 0.0067720 secs] [Times: user=0.00 sys=0.00, real=0.01 secs] 
2012-10-20T16:59:54.320+0100: 81070.303: [GC 81070.303: [DefNew: 18011K->943K(19136K), 0.0056070 secs] 95431K->78363K(260032K), 0.0057250 secs] [Times: user=0.00 sys=0.00, real=0.00 secs] 
2012-10-20T17:00:45.462+0100: 81121.445: [GC 81121.445: [DefNew: 17967K->751K(19136K), 0.0050830 secs] 95386K->78171K(260032K), 0.0052540 secs] [Times: user=0.00 sys=0.00, real=0.01 secs] 
2012-10-20T17:01:30.607+0100: 81166.590: [GC 81166.590: [DefNew: 17775K->885K(19136K), 0.0057480 secs] 95195K->78305K(260032K), 0.0058520 secs] [Times: user=0.00 sys=0.00, real=0.01 secs] 
2012-10-20T17:02:20.682+0100: 81216.665: [GC 81216.665: [DefNew: 17899K->412K(19136K), 0.0046690 secs] 95319K->77832K(260032K), 0.0047630 secs] [Times: user=0.00 sys=0.00, real=0.00 secs] 
2012-10-20T17:03:10.457+0100: 81266.440: [GC 81266.440: [DefNew: 17436K->567K(19136K), 0.0049080 secs] 94856K->77987K(260032K), 0.0050060 secs] [Times: user=0.00 sys=0.00, real=0.01 secs] 
2012-10-20T17:03:55.091+0100: 81311.074: [GC 81311.074: [DefNew: 17572K->768K(19136K), 0.0051530 secs] 94992K->78188K(260032K), 0.0052540 secs] [Times: user=0.01 sys=0.00, real=0.00 secs] 
2012-10-20T17:04:40.863+0100: 81356.846: [GC 81356.846: [DefNew: 17792K->1242K(19136K), 0.0063350 secs] 95212K->78662K(260032K), 0.0064360 secs] [Times: user=0.00 sys=0.00, real=0.01 secs] 
2012-10-20T17:05:30.623+0100: 81406.606: [GC 81406.606: [DefNew: 18266K->794K(19136K), 0.0060430 secs] 95686K->78392K(260032K), 0.0061560 secs] [Times: user=0.00 sys=0.00, real=0.01 secs] 
2012-10-20T17:06:15.972+0100: 81451.955: [GC 81451.955: [DefNew: 17818K->1090K(19136K), 0.0065670 secs] 95416K->78688K(260032K), 0.0066740 secs] [Times: user=0.01 sys=0.00, real=0.01 secs] 
2012-10-20T17:07:05.536+0100: 81501.519: [GC 81501.519: [DefNew: 18114K->718K(19136K), 0.0053970 secs] 95712K->78315K(260032K), 0.0061190 secs] [Times: user=0.01 sys=0.00, real=0.01 secs] 
2012-10-20T17:07:55.616+0100: 81551.598: [GC 81551.599: [DefNew: 17742K->701K(19136K), 0.0044170 secs] 95339K->78299K(260032K), 0.0044970 secs] [Times: user=0.00 sys=0.00, real=0.01 secs] 
2012-10-20T17:08:40.926+0100: 81596.909: [GC 81596.909: [DefNew: 17725K->1208K(19136K), 0.0061670 secs] 95323K->78805K(260032K), 0.0063430 secs] [Times: user=0.01 sys=0.00, real=0.01 secs] 
2012-10-20T17:09:30.551+0100: 81646.534: [GC 81646.534: [DefNew: 18220K->720K(19136K), 0.0073280 secs] 95818K->78392K(260032K), 0.0074430 secs] [Times: user=0.00 sys=0.01, real=0.01 secs] 
2012-10-20T17:10:15.864+0100: 81691.846: [GC 81691.847: [DefNew: 17744K->1141K(19136K), 0.0066450 secs] 95416K->78813K(260032K), 0.0067560 secs] [Times: user=0.01 sys=0.00, real=0.01 secs] 
2012-10-20T17:11:05.638+0100: 81741.621: [GC 81741.621: [DefNew: 18137K->532K(19136K), 0.0056030 secs] 95808K->78483K(260032K), 0.0057020 secs] [Times: user=0.00 sys=0.00, real=0.00 secs] 
2012-10-20T17:11:54.798+0100: 81790.781: [GC 81790.781: [DefNew: 17556K->592K(19136K), 0.0048230 secs] 95507K->78543K(260032K), 0.0049190 secs] [Times: user=0.00 sys=0.00, real=0.00 secs] 
2012-10-20T17:12:40.751+0100: 81836.733: [GC 81836.734: [DefNew: 17616K->917K(19136K), 0.0054760 secs] 95567K->78868K(260032K), 0.0055700 secs] [Times: user=0.01 sys=0.00, real=0.00 secs] 
2012-10-20T17:13:30.702+0100: 81886.685: [GC 81886.685: [DefNew: 17916K->682K(19136K), 0.0049760 secs] 95867K->78633K(260032K), 0.0050710 secs] [Times: user=0.00 sys=0.00, real=0.00 secs] 
2012-10-20T17:14:15.884+0100: 81931.867: [GC 81931.867: [DefNew: 17680K->1063K(19136K), 0.0059610 secs] 95632K->79014K(260032K), 0.0060650 secs] [Times: user=0.00 sys=0.00, real=0.01 secs] 
2012-10-20T17:15:05.825+0100: 81981.808: [GC 81981.808: [DefNew: 18087K->885K(19136K), 0.0057600 secs] 96038K->78836K(260032K), 0.0058630 secs] [Times: user=0.00 sys=0.00, real=0.01 secs] 
2012-10-20T17:15:55.543+0100: 82031.525: [GC 82031.526: [DefNew: 17909K->912K(19136K), 0.0060260 secs] 95860K->78863K(260032K), 0.0061270 secs] [Times: user=0.01 sys=0.00, real=0.01 secs] 
2012-10-20T17:16:40.678+0100: 82076.661: [GC 82076.661: [DefNew: 17934K->592K(19136K), 0.0053590 secs] 95885K->78543K(260032K), 0.0054580 secs] [Times: user=0.00 sys=0.00, real=0.00 secs] 
2012-10-20T17:17:25.483+0100: 82121.466: [GC 82121.466: [DefNew: 17593K->1117K(19136K), 0.0058660 secs] 95545K->79068K(260032K), 0.0059640 secs] [Times: user=0.00 sys=0.00, real=0.01 secs] 
2012-10-20T17:18:15.579+0100: 82171.562: [GC 82171.562: [DefNew: 18129K->631K(19136K), 0.0056110 secs] 96080K->78685K(260032K), 0.0057090 secs] [Times: user=0.00 sys=0.00, real=0.00 secs] 
2012-10-20T17:19:00.927+0100: 82216.910: [GC 82216.910: [DefNew: 17655K->1073K(19136K), 0.0061830 secs] 95709K->79127K(260032K), 0.0063010 secs] [Times: user=0.00 sys=0.00, real=0.00 secs] 
2012-10-20T17:19:45.900+0100: 82261.883: [GC 82261.883: [DefNew: 18097K->1228K(19136K), 0.0063760 secs] 96151K->79357K(260032K), 0.0064750 secs] [Times: user=0.00 sys=0.00, real=0.00 secs] 
2012-10-20T17:20:35.620+0100: 82311.603: [GC 82311.603: [DefNew: 18245K->693K(19136K), 0.0056980 secs] 96374K->79009K(260032K), 0.0057970 secs] [Times: user=0.00 sys=0.00, real=0.00 secs] 
2012-10-20T17:21:25.667+0100: 82361.650: [GC 82361.650: [DefNew: 17687K->339K(19136K), 0.0043710 secs] 96003K->78655K(260032K), 0.0044660 secs] [Times: user=0.00 sys=0.00, real=0.01 secs] 
2012-10-20T17:22:11.092+0100: 82407.075: [GC 82407.075: [DefNew: 17354K->1062K(19136K), 0.0060880 secs] 95670K->79378K(260032K), 0.0061930 secs] [Times: user=0.01 sys=0.00, real=0.01 secs] 
2012-10-20T17:23:00.577+0100: 82456.560: [GC 82456.560: [DefNew: 18086K->944K(19136K), 0.0061710 secs] 96402K->79260K(260032K), 0.0062820 secs] [Times: user=0.01 sys=0.00, real=0.01 secs] 
2012-10-20T17:23:50.778+0100: 82506.761: [GC 82506.761: [DefNew: 17958K->715K(19136K), 0.0054220 secs] 96274K->79031K(260032K), 0.0055210 secs] [Times: user=0.01 sys=0.00, real=0.00 secs] 
2012-10-20T17:24:36.341+0100: 82552.324: [GC 82552.324: [DefNew: 17707K->1093K(19136K), 0.0059770 secs] 96023K->79438K(260032K), 0.0060850 secs] [Times: user=0.01 sys=0.00, real=0.00 secs] 
2012-10-20T17:25:27.432+0100: 82603.415: [GC 82603.415: [DefNew: 18113K->817K(19136K), 0.0060230 secs] 96459K->79287K(260032K), 0.0061260 secs] [Times: user=0.00 sys=0.01, real=0.01 secs] 
2012-10-20T17:26:15.691+0100: 82651.674: [GC 82651.675: [DefNew: 17840K->623K(19136K), 0.0053020 secs] 96310K->79093K(260032K), 0.0054430 secs] [Times: user=0.00 sys=0.00, real=0.00 secs] 
2012-10-20T17:27:01.188+0100: 82697.171: [GC 82697.171: [DefNew: 17647K->1125K(19136K), 0.0063940 secs] 96117K->79595K(260032K), 0.0065080 secs] [Times: user=0.00 sys=0.00, real=0.00 secs] 
2012-10-20T17:27:50.749+0100: 82746.732: [GC 82746.732: [DefNew: 18149K->845K(19136K), 0.0059370 secs] 96619K->79316K(260032K), 0.0060400 secs] [Times: user=0.00 sys=0.00, real=0.00 secs] 
2012-10-20T17:28:40.769+0100: 82796.752: [GC 82796.752: [DefNew: 17863K->654K(19136K), 0.0052780 secs] 96333K->79125K(260032K), 0.0053960 secs] [Times: user=0.00 sys=0.00, real=0.00 secs] 
2012-10-20T17:29:10.683+0100: 82826.666: [GC 82826.666: [DefNew: 17662K->520K(19136K), 0.0071960 secs] 96132K->78991K(260032K), 0.0073060 secs] [Times: user=0.01 sys=0.00, real=0.01 secs] 
2012-10-20T17:29:56.119+0100: 82872.102: [GC 82872.102: [DefNew: 17543K->1074K(19136K), 0.0071320 secs] 96014K->79545K(260032K), 0.0072390 secs] [Times: user=0.00 sys=0.00, real=0.00 secs] 
2012-10-20T17:30:45.657+0100: 82921.640: [GC 82921.640: [DefNew: 18096K->561K(19136K), 0.0053530 secs] 96567K->79096K(260032K), 0.0054520 secs] [Times: user=0.01 sys=0.00, real=0.01 secs] 
2012-10-20T17:31:31.003+0100: 82966.986: [GC 82966.986: [DefNew: 17585K->1108K(19136K), 0.0105780 secs] 96120K->79644K(260032K), 0.0107100 secs] [Times: user=0.00 sys=0.00, real=0.01 secs] 
2012-10-20T17:32:20.991+0100: 83016.974: [GC 83016.974: [DefNew: 18132K->1064K(19136K), 0.0063100 secs] 96668K->79600K(260032K), 0.0064210 secs] [Times: user=0.00 sys=0.00, real=0.01 secs] 
2012-10-20T17:33:10.849+0100: 83066.832: [GC 83066.832: [DefNew: 18088K->689K(19136K), 0.0058170 secs] 96624K->79287K(260032K), 0.0059170 secs] [Times: user=0.00 sys=0.01, real=0.00 secs] 
2012-10-20T17:33:56.039+0100: 83112.022: [GC 83112.022: [DefNew: 17713K->1098K(19136K), 0.0061490 secs] 96311K->79696K(260032K), 0.0062520 secs] [Times: user=0.01 sys=0.00, real=0.00 secs] 
2012-10-20T17:34:46.304+0100: 83162.287: [GC 83162.287: [DefNew: 18122K->969K(19136K), 0.0137050 secs] 96720K->79567K(260032K), 0.0138320 secs] [Times: user=0.02 sys=0.00, real=0.02 secs] 
2012-10-20T17:35:30.960+0100: 83206.943: [GC 83206.943: [DefNew: 17993K->1097K(19136K), 0.0059990 secs] 96591K->79695K(260032K), 0.0061310 secs] [Times: user=0.00 sys=0.01, real=0.00 secs] 
2012-10-20T17:36:20.739+0100: 83256.722: [GC 83256.722: [DefNew: 18121K->941K(19136K), 0.0054130 secs] 96719K->79539K(260032K), 0.0055110 secs] [Times: user=0.00 sys=0.00, real=0.00 secs] 
2012-10-20T17:37:10.778+0100: 83306.761: [GC 83306.761: [DefNew: 17945K->995K(19136K), 0.0053930 secs] 96543K->79593K(260032K), 0.0055010 secs] [Times: user=0.00 sys=0.00, real=0.00 secs] 
2012-10-20T17:38:00.758+0100: 83356.741: [GC 83356.741: [DefNew: 18011K->659K(19136K), 0.0048780 secs] 96609K->79257K(260032K), 0.0049710 secs] [Times: user=0.00 sys=0.00, real=0.00 secs] 
2012-10-20T17:38:46.079+0100: 83402.062: [GC 83402.063: [DefNew: 17683K->1194K(19136K), 0.0061740 secs] 96281K->79822K(260032K), 0.0062780 secs] [Times: user=0.00 sys=0.00, real=0.00 secs] 
2012-10-20T17:39:35.733+0100: 83451.716: [GC 83451.716: [DefNew: 18216K->816K(19136K), 0.0057600 secs] 96844K->79509K(260032K), 0.0058670 secs] [Times: user=0.00 sys=0.00, real=0.01 secs] 
2012-10-20T17:40:21.185+0100: 83497.168: [GC 83497.168: [DefNew: 17840K->1229K(19136K), 0.0062510 secs] 96533K->79922K(260032K), 0.0063570 secs] [Times: user=0.01 sys=0.00, real=0.01 secs] 
2012-10-20T17:41:10.904+0100: 83546.887: [GC 83546.887: [DefNew: 18222K->212K(19136K), 0.0147400 secs] 96915K->79229K(260032K), 0.0148590 secs] [Times: user=0.01 sys=0.00, real=0.02 secs] 
2012-10-20T17:41:56.144+0100: 83592.127: [GC 83592.127: [DefNew: 17236K->944K(19136K), 0.0060250 secs] 96253K->79961K(260032K), 0.0061330 secs] [Times: user=0.01 sys=0.00, real=0.01 secs] 
2012-10-20T17:42:46.168+0100: 83642.151: [GC 83642.151: [DefNew: 17968K->1008K(19136K), 0.0059490 secs] 96985K->80025K(260032K), 0.0060520 secs] [Times: user=0.00 sys=0.00, real=0.00 secs] 
2012-10-20T17:43:35.923+0100: 83691.906: [GC 83691.906: [DefNew: 18012K->844K(19136K), 0.0063050 secs] 97029K->79861K(260032K), 0.0064240 secs] [Times: user=0.00 sys=0.01, real=0.01 secs] 
2012-10-20T17:44:20.786+0100: 83736.769: [GC 83736.769: [DefNew: 17868K->1069K(19136K), 0.0051820 secs] 96885K->80086K(260032K), 0.0052930 secs] [Times: user=0.01 sys=0.00, real=0.01 secs] 
2012-10-20T17:45:10.839+0100: 83786.822: [GC 83786.823: [DefNew: 18093K->686K(19136K), 0.0049940 secs] 97110K->79733K(260032K), 0.0050960 secs] [Times: user=0.00 sys=0.00, real=0.00 secs] 
2012-10-20T17:45:56.078+0100: 83832.061: [GC 83832.061: [DefNew: 17710K->1194K(19136K), 0.0067470 secs] 96757K->80241K(260032K), 0.0068860 secs] [Times: user=0.01 sys=0.00, real=0.00 secs] 
2012-10-20T17:46:46.106+0100: 83882.089: [GC 83882.089: [DefNew: 18218K->1095K(19136K), 0.0060270 secs] 97265K->80205K(260032K), 0.0063350 secs] [Times: user=0.01 sys=0.00, real=0.01 secs] 
2012-10-20T17:47:35.923+0100: 83931.906: [GC 83931.906: [DefNew: 18116K->830K(19136K), 0.0059570 secs] 97227K->80034K(260032K), 0.0060630 secs] [Times: user=0.00 sys=0.00, real=0.01 secs] 
2012-10-20T17:48:26.056+0100: 83982.039: [GC 83982.039: [DefNew: 17830K->402K(19136K), 0.0045600 secs] 97035K->79607K(260032K), 0.0047040 secs] [Times: user=0.01 sys=0.00, real=0.01 secs] 
2012-10-20T17:49:06.125+0100: 84022.108: [GC 84022.108: [DefNew: 17426K->1191K(19136K), 0.0062090 secs] 96631K->80396K(260032K), 0.0065530 secs] [Times: user=0.00 sys=0.00, real=0.01 secs] 
2012-10-20T17:49:56.181+0100: 84072.164: [GC 84072.164: [DefNew: 18215K->850K(19136K), 0.0057520 secs] 97420K->80212K(260032K), 0.0058520 secs] [Times: user=0.00 sys=0.00, real=0.00 secs] 
2012-10-20T17:50:45.503+0100: 84121.486: [GC 84121.486: [DefNew: 17874K->702K(19136K), 0.0052990 secs] 97236K->80064K(260032K), 0.0054010 secs] [Times: user=0.00 sys=0.00, real=0.01 secs] 
2012-10-20T17:51:31.027+0100: 84167.009: [GC 84167.010: [DefNew: 17726K->934K(19136K), 0.0059770 secs] 97088K->80295K(260032K), 0.0060820 secs] [Times: user=0.01 sys=0.00, real=0.01 secs] 
2012-10-20T17:52:16.302+0100: 84212.285: [GC 84212.285: [DefNew: 17947K->1241K(19136K), 0.0061560 secs] 97309K->80603K(260032K), 0.0062650 secs] [Times: user=0.01 sys=0.00, real=0.01 secs] 
2012-10-20T17:53:05.881+0100: 84261.864: [GC 84261.864: [DefNew: 18246K->845K(19136K), 0.0083700 secs] 97608K->80355K(260032K), 0.0084890 secs] [Times: user=0.01 sys=0.00, real=0.01 secs] 
2012-10-20T17:53:54.261+0100: 84310.244: [GC 84310.244: [DefNew: 17847K->816K(19136K), 0.0058630 secs] 97356K->80325K(260032K), 0.0059620 secs] [Times: user=0.00 sys=0.00, real=0.00 secs] 
2012-10-20T17:54:41.065+0100: 84357.047: [GC 84357.048: [DefNew: 17818K->1054K(19136K), 0.0082970 secs] 97328K->80564K(260032K), 0.0084370 secs] [Times: user=0.01 sys=0.00, real=0.01 secs] 
2012-10-20T17:55:25.989+0100: 84401.972: [GC 84401.972: [DefNew: 18078K->1165K(19136K), 0.0065340 secs] 97588K->80674K(260032K), 0.0066400 secs] [Times: user=0.01 sys=0.00, real=0.00 secs] 
2012-10-20T17:56:11.109+0100: 84447.092: [GC 84447.092: [DefNew: 18189K->1169K(19136K), 0.0068520 secs] 97698K->80918K(260032K), 0.0069600 secs] [Times: user=0.01 sys=0.00, real=0.00 secs] 
2012-10-20T17:57:00.798+0100: 84496.781: [GC 84496.781: [DefNew: 18193K->560K(19136K), 0.0052800 secs] 97942K->80382K(260032K), 0.0053760 secs] [Times: user=0.00 sys=0.01, real=0.00 secs] 
2012-10-20T17:57:50.798+0100: 84546.781: [GC 84546.781: [DefNew: 17557K->474K(19136K), 0.0045060 secs] 97379K->80296K(260032K), 0.0046010 secs] [Times: user=0.00 sys=0.00, real=0.00 secs] 
2012-10-20T17:58:36.118+0100: 84592.101: [GC 84592.101: [DefNew: 17498K->1269K(19136K), 0.0061120 secs] 97320K->81091K(260032K), 0.0062130 secs] [Times: user=0.00 sys=0.01, real=0.00 secs] 
2012-10-20T17:59:25.749+0100: 84641.732: [GC 84641.732: [DefNew: 18293K->564K(19136K), 0.0071740 secs] 98115K->80551K(260032K), 0.0072810 secs] [Times: user=0.00 sys=0.00, real=0.00 secs] 
2012-10-20T18:00:11.077+0100: 84687.060: [GC 84687.060: [DefNew: 17588K->887K(19136K), 0.0059100 secs] 97575K->80875K(260032K), 0.0060190 secs] [Times: user=0.01 sys=0.00, real=0.01 secs] 
2012-10-20T18:01:01.043+0100: 84737.026: [GC 84737.026: [DefNew: 17905K->597K(19136K), 0.0049970 secs] 97892K->80584K(260032K), 0.0055480 secs] [Times: user=0.01 sys=0.00, real=0.01 secs] 
2012-10-20T18:01:46.201+0100: 84782.184: [GC 84782.184: [DefNew: 17621K->1280K(19136K), 0.0063620 secs] 97608K->81269K(260032K), 0.0064890 secs] [Times: user=0.01 sys=0.00, real=0.01 secs] 
2012-10-20T18:02:35.895+0100: 84831.878: [GC 84831.878: [DefNew: 18304K->844K(19136K), 0.0058310 secs] 98293K->80960K(260032K), 0.0059450 secs] [Times: user=0.01 sys=0.00, real=0.01 secs] 
2012-10-20T18:03:21.205+0100: 84877.188: [GC 84877.188: [DefNew: 17868K->1225K(19136K), 0.0060720 secs] 97984K->81340K(260032K), 0.0061790 secs] [Times: user=0.00 sys=0.00, real=0.01 secs] 
2012-10-20T18:04:06.152+0100: 84922.135: [GC 84922.135: [DefNew: 18249K->1159K(19136K), 0.0064610 secs] 98364K->81370K(260032K), 0.0065730 secs] [Times: user=0.01 sys=0.00, real=0.01 secs] 
2012-10-20T18:04:55.925+0100: 84971.908: [GC 84971.908: [DefNew: 18183K->876K(19136K), 0.0084370 secs] 98394K->81089K(260032K), 0.0085450 secs] [Times: user=0.00 sys=0.00, real=0.01 secs] 
2012-10-20T18:05:45.886+0100: 85021.869: [GC 85021.869: [DefNew: 17900K->811K(19136K), 0.0095560 secs] 98113K->81024K(260032K), 0.0096960 secs] [Times: user=0.01 sys=0.00, real=0.01 secs] 
2012-10-20T18:06:31.364+0100: 85067.347: [GC 85067.347: [DefNew: 17835K->1155K(19136K), 0.0064950 secs] 98048K->81368K(260032K), 0.0066060 secs] [Times: user=0.00 sys=0.00, real=0.01 secs] 
2012-10-20T18:07:21.096+0100: 85117.079: [GC 85117.079: [DefNew: 18171K->846K(19136K), 0.0057840 secs] 98384K->81121K(260032K), 0.0058840 secs] [Times: user=0.00 sys=0.00, real=0.01 secs] 
2012-10-20T18:08:06.146+0100: 85162.129: [GC 85162.129: [DefNew: 17870K->1335K(19136K), 0.0069040 secs] 98145K->81610K(260032K), 0.0070190 secs] [Times: user=0.01 sys=0.00, real=0.01 secs] 
2012-10-20T18:08:54.658+0100: 85210.641: [GC 85210.641: [DefNew: 18355K->656K(19136K), 0.0058530 secs] 98630K->81193K(260032K), 0.0059510 secs] [Times: user=0.01 sys=0.00, real=0.00 secs] 
2012-10-20T18:09:41.182+0100: 85257.165: [GC 85257.165: [DefNew: 17680K->1038K(19136K), 0.0061700 secs] 98217K->81575K(260032K), 0.0062940 secs] [Times: user=0.00 sys=0.00, real=0.01 secs] 
2012-10-20T18:10:31.024+0100: 85307.006: [GC 85307.007: [DefNew: 18057K->653K(19136K), 0.0094750 secs] 98594K->81190K(260032K), 0.0096670 secs] [Times: user=0.01 sys=0.00, real=0.01 secs] 
2012-10-20T18:11:16.064+0100: 85352.047: [GC 85352.047: [DefNew: 17677K->1009K(19136K), 0.0067010 secs] 98214K->81546K(260032K), 0.0068130 secs] [Times: user=0.01 sys=0.00, real=0.01 secs] 
2012-10-20T18:12:06.142+0100: 85402.125: [GC 85402.125: [DefNew: 18033K->976K(19136K), 0.0050220 secs] 98570K->81513K(260032K), 0.0051260 secs] [Times: user=0.00 sys=0.00, real=0.00 secs] 
2012-10-20T18:12:56.048+0100: 85452.031: [GC 85452.031: [DefNew: 17973K->1004K(19136K), 0.0060700 secs] 98510K->81541K(260032K), 0.0061680 secs] [Times: user=0.00 sys=0.01, real=0.00 secs] 
2012-10-20T18:13:44.311+0100: 85500.294: [GC 85500.294: [DefNew: 18022K->843K(19136K), 0.0054320 secs] 98559K->81380K(260032K), 0.0055300 secs] [Times: user=0.01 sys=0.00, real=0.00 secs] 
2012-10-20T18:14:31.398+0100: 85547.381: [GC 85547.381: [DefNew: 17866K->1001K(19136K), 0.0056920 secs] 98403K->81539K(260032K), 0.0058380 secs] [Times: user=0.00 sys=0.00, real=0.00 secs] 
2012-10-20T18:15:21.076+0100: 85597.059: [GC 85597.059: [DefNew: 18023K->709K(19136K), 0.0059290 secs] 98560K->81276K(260032K), 0.0060320 secs] [Times: user=0.01 sys=0.00, real=0.01 secs] 
2012-10-20T18:16:06.001+0100: 85641.984: [GC 85641.984: [DefNew: 17733K->845K(19136K), 0.0054170 secs] 98300K->81412K(260032K), 0.0055090 secs] [Times: user=0.00 sys=0.00, real=0.00 secs] 
2012-10-20T18:16:56.082+0100: 85692.065: [GC 85692.065: [DefNew: 17852K->791K(19136K), 0.0037290 secs] 98420K->81358K(260032K), 0.0038080 secs] [Times: user=0.01 sys=0.00, real=0.00 secs] 
2012-10-20T18:17:46.109+0100: 85742.092: [GC 85742.092: [DefNew: 17790K->800K(19136K), 0.0054270 secs] 98357K->81367K(260032K), 0.0055250 secs] [Times: user=0.01 sys=0.00, real=0.00 secs] 
2012-10-20T18:18:31.182+0100: 85787.165: [GC 85787.165: [DefNew: 17824K->1058K(19136K), 0.0056250 secs] 98391K->81625K(260032K), 0.0057250 secs] [Times: user=0.01 sys=0.00, real=0.01 secs] 
2012-10-20T18:19:21.084+0100: 85837.067: [GC 85837.067: [DefNew: 18053K->951K(19136K), 0.0060630 secs] 98620K->81592K(260032K), 0.0061640 secs] [Times: user=0.01 sys=0.00, real=0.01 secs] 
2012-10-20T18:20:06.325+0100: 85882.308: [GC 85882.308: [DefNew: 17975K->1243K(19136K), 0.0109700 secs] 98616K->81884K(260032K), 0.0110920 secs] [Times: user=0.01 sys=0.00, real=0.01 secs] 
2012-10-20T18:20:56.068+0100: 85932.051: [GC 85932.051: [DefNew: 18267K->1122K(19136K), 0.0065330 secs] 98908K->81931K(260032K), 0.0066430 secs] [Times: user=0.01 sys=0.00, real=0.00 secs] 
2012-10-20T18:21:46.169+0100: 85982.152: [GC 85982.152: [DefNew: 18146K->559K(19136K), 0.0052170 secs] 98955K->81462K(260032K), 0.0053160 secs] [Times: user=0.00 sys=0.01, real=0.00 secs] 
2012-10-20T18:22:31.165+0100: 86027.148: [GC 86027.148: [DefNew: 17583K->1035K(19136K), 0.0057200 secs] 98486K->81938K(260032K), 0.0058180 secs] [Times: user=0.01 sys=0.00, real=0.01 secs] 
2012-10-20T18:23:20.999+0100: 86076.982: [GC 86076.982: [DefNew: 18059K->967K(19136K), 0.0060250 secs] 98962K->81870K(260032K), 0.0061830 secs] [Times: user=0.01 sys=0.00, real=0.00 secs] 
2012-10-20T18:24:06.201+0100: 86122.184: [GC 86122.184: [DefNew: 17991K->1011K(19136K), 0.0063650 secs] 98894K->81914K(260032K), 0.0064670 secs] [Times: user=0.01 sys=0.00, real=0.01 secs] 
2012-10-20T18:24:54.472+0100: 86170.455: [GC 86170.455: [DefNew: 18035K->974K(19136K), 0.0056810 secs] 98938K->81877K(260032K), 0.0057790 secs] [Times: user=0.01 sys=0.00, real=0.01 secs] 
2012-10-20T18:25:46.031+0100: 86222.014: [GC 86222.014: [DefNew: 17991K->496K(19136K), 0.0050890 secs] 98894K->81399K(260032K), 0.0051830 secs] [Times: user=0.00 sys=0.00, real=0.00 secs] 
2012-10-20T18:26:31.063+0100: 86267.046: [GC 86267.046: [DefNew: 17520K->1036K(19136K), 0.0057620 secs] 98423K->81939K(260032K), 0.0058680 secs] [Times: user=0.01 sys=0.00, real=0.01 secs] 
2012-10-20T18:27:21.154+0100: 86317.137: [GC 86317.137: [DefNew: 18034K->685K(19136K), 0.0055360 secs] 98937K->81588K(260032K), 0.0056390 secs] [Times: user=0.01 sys=0.00, real=0.01 secs] 
2012-10-20T18:28:11.141+0100: 86367.124: [GC 86367.124: [DefNew: 17685K->401K(19136K), 0.0044340 secs] 98587K->81304K(260032K), 0.0045280 secs] [Times: user=0.00 sys=0.00, real=0.00 secs] 
2012-10-20T18:28:52.619+0100: 86408.602: [GC 86408.602: [DefNew: 17423K->1429K(19136K), 0.0067960 secs] 98325K->82362K(260032K), 0.0069090 secs] [Times: user=0.01 sys=0.00, real=0.00 secs] 
2012-10-20T18:29:04.860+0100: 86420.843: [GC 86420.844: [DefNew: 18453K->532K(19136K), 0.0061910 secs] 99386K->81950K(260032K), 0.0062980 secs] [Times: user=0.01 sys=0.00, real=0.00 secs] 
2012-10-20T18:29:41.296+0100: 86457.279: [GC 86457.279: [DefNew: 17537K->886K(19136K), 0.0138290 secs] 98956K->82304K(260032K), 0.0139590 secs] [Times: user=0.01 sys=0.00, real=0.02 secs] 
2012-10-20T18:30:31.209+0100: 86507.192: [GC 86507.192: [DefNew: 17910K->825K(19136K), 0.0081540 secs] 99328K->82243K(260032K), 0.0082820 secs] [Times: user=0.00 sys=0.00, real=0.01 secs] 
2012-10-20T18:31:16.296+0100: 86552.279: [GC 86552.279: [DefNew: 17849K->1131K(19136K), 0.0060970 secs] 99267K->82549K(260032K), 0.0062020 secs] [Times: user=0.01 sys=0.00, real=0.01 secs] 
2012-10-20T18:32:06.140+0100: 86602.123: [GC 86602.123: [DefNew: 18153K->837K(19136K), 0.0056830 secs] 99571K->82351K(260032K), 0.0057900 secs] [Times: user=0.00 sys=0.00, real=0.00 secs] 
2012-10-20T18:32:56.195+0100: 86652.178: [GC 86652.178: [DefNew: 17849K->750K(19136K), 0.0054620 secs] 99363K->82264K(260032K), 0.0055640 secs] [Times: user=0.01 sys=0.00, real=0.01 secs] 
2012-10-20T18:33:41.330+0100: 86697.313: [GC 86697.313: [DefNew: 17774K->1157K(19136K), 0.0057700 secs] 99288K->82671K(260032K), 0.0058800 secs] [Times: user=0.00 sys=0.00, real=0.00 secs] 
2012-10-20T18:34:31.122+0100: 86747.105: [GC 86747.105: [DefNew: 18178K->465K(19136K), 0.0068430 secs] 99692K->82135K(260032K), 0.0069600 secs] [Times: user=0.01 sys=0.00, real=0.01 secs] 
2012-10-20T18:35:16.027+0100: 86792.009: [GC 86792.010: [DefNew: 17489K->999K(19136K), 0.0082640 secs] 99159K->82669K(260032K), 0.0083870 secs] [Times: user=0.01 sys=0.00, real=0.01 secs] 
2012-10-20T18:36:06.037+0100: 86842.019: [GC 86842.020: [DefNew: 18000K->401K(19136K), 0.0065420 secs] 99670K->82072K(260032K), 0.0066670 secs] [Times: user=0.02 sys=0.00, real=0.01 secs] 
2012-10-20T18:36:51.062+0100: 86887.044: [GC 86887.045: [DefNew: 17424K->905K(19136K), 0.0053560 secs] 99094K->82575K(260032K), 0.0054560 secs] [Times: user=0.01 sys=0.00, real=0.00 secs] 
2012-10-20T18:37:41.108+0100: 86937.091: [GC 86937.091: [DefNew: 17929K->399K(19136K), 0.0045790 secs] 99599K->82099K(260032K), 0.0046740 secs] [Times: user=0.00 sys=0.00, real=0.00 secs] 
2012-10-20T18:38:26.441+0100: 86982.424: [GC 86982.424: [DefNew: 17423K->1137K(19136K), 0.0087470 secs] 99123K->82837K(260032K), 0.0088640 secs] [Times: user=0.01 sys=0.00, real=0.01 secs] 
2012-10-20T18:39:16.069+0100: 87032.052: [GC 87032.052: [DefNew: 18136K->527K(19136K), 0.0051210 secs] 99837K->82354K(260032K), 0.0052130 secs] [Times: user=0.00 sys=0.00, real=0.00 secs] 
2012-10-20T18:40:01.552+0100: 87077.535: [GC 87077.535: [DefNew: 17551K->1271K(19136K), 0.0068420 secs] 99378K->83098K(260032K), 0.0069580 secs] [Times: user=0.00 sys=0.00, real=0.01 secs] 
2012-10-20T18:40:51.415+0100: 87127.398: [GC 87127.398: [DefNew: 18295K->1003K(19136K), 0.0063440 secs] 100122K->83029K(260032K), 0.0064470 secs] [Times: user=0.01 sys=0.00, real=0.01 secs] 
2012-10-20T18:41:36.459+0100: 87172.442: [GC 87172.442: [DefNew: 18027K->1037K(19136K), 0.0058620 secs] 100053K->83063K(260032K), 0.0059670 secs] [Times: user=0.00 sys=0.00, real=0.00 secs] 
2012-10-20T18:42:26.049+0100: 87222.031: [GC 87222.032: [DefNew: 18061K->882K(19136K), 0.0079870 secs] 100087K->82908K(260032K), 0.0080980 secs] [Times: user=0.01 sys=0.00, real=0.00 secs] 
2012-10-20T18:43:16.071+0100: 87272.054: [GC 87272.054: [DefNew: 17877K->812K(19136K), 0.0057710 secs] 99903K->82838K(260032K), 0.0058700 secs] [Times: user=0.01 sys=0.00, real=0.00 secs] 
2012-10-20T18:44:01.130+0100: 87317.113: [GC 87317.113: [DefNew: 17833K->817K(19136K), 0.0052490 secs] 99859K->82844K(260032K), 0.0053500 secs] [Times: user=0.00 sys=0.00, real=0.00 secs] 
2012-10-20T18:44:46.567+0100: 87362.550: [GC 87362.550: [DefNew: 17841K->1130K(19136K), 0.0061900 secs] 99867K->83156K(260032K), 0.0062980 secs] [Times: user=0.01 sys=0.00, real=0.01 secs] 
2012-10-20T18:45:36.544+0100: 87412.527: [GC 87412.527: [DefNew: 18154K->974K(19136K), 0.0059840 secs] 100180K->83127K(260032K), 0.0062360 secs] [Times: user=0.01 sys=0.00, real=0.01 secs] 
2012-10-20T18:46:26.609+0100: 87462.592: [GC 87462.592: [DefNew: 17975K->1064K(19136K), 0.0062430 secs] 100128K->83217K(260032K), 0.0063500 secs] [Times: user=0.00 sys=0.00, real=0.00 secs] 
2012-10-20T18:47:16.350+0100: 87512.333: [GC 87512.333: [DefNew: 18075K->465K(19136K), 0.0048310 secs] 100229K->82680K(260032K), 0.0049250 secs] [Times: user=0.00 sys=0.00, real=0.00 secs] 
2012-10-20T18:48:06.289+0100: 87562.272: [GC 87562.272: [DefNew: 17489K->439K(19136K), 0.0083770 secs] 99704K->82654K(260032K), 0.0084740 secs] [Times: user=0.00 sys=0.00, real=0.01 secs] 
2012-10-20T18:48:51.121+0100: 87607.103: [GC 87607.104: [DefNew: 17453K->662K(19136K), 0.0049320 secs] 99669K->82877K(260032K), 0.0050260 secs] [Times: user=0.00 sys=0.00, real=0.00 secs] 
2012-10-20T18:49:36.497+0100: 87652.480: [GC 87652.480: [DefNew: 17686K->1081K(19136K), 0.0062240 secs] 99901K->83296K(260032K), 0.0063290 secs] [Times: user=0.01 sys=0.00, real=0.01 secs] 
2012-10-20T18:50:26.125+0100: 87702.108: [GC 87702.108: [DefNew: 18078K->980K(19136K), 0.0056090 secs] 100294K->83195K(260032K), 0.0057160 secs] [Times: user=0.01 sys=0.00, real=0.01 secs] 
2012-10-20T18:51:11.516+0100: 87747.499: [GC 87747.499: [DefNew: 18004K->1178K(19136K), 0.0060750 secs] 100219K->83393K(260032K), 0.0061820 secs] [Times: user=0.00 sys=0.00, real=0.01 secs] 
2012-10-20T18:52:01.050+0100: 87797.033: [GC 87797.033: [DefNew: 18202K->1008K(19136K), 0.0087760 secs] 100417K->83298K(260032K), 0.0088950 secs] [Times: user=0.01 sys=0.00, real=0.01 secs] 
2012-10-20T18:52:51.218+0100: 87847.200: [GC 87847.201: [DefNew: 18032K->940K(19136K), 0.0055000 secs] 100322K->83229K(260032K), 0.0056010 secs] [Times: user=0.01 sys=0.00, real=0.00 secs] 
2012-10-20T18:53:41.163+0100: 87897.145: [GC 87897.146: [DefNew: 17963K->805K(19136K), 0.0055670 secs] 100252K->83094K(260032K), 0.0056730 secs] [Times: user=0.00 sys=0.00, real=0.01 secs] 
2012-10-20T18:54:26.495+0100: 87942.478: [GC 87942.478: [DefNew: 17818K->1039K(19136K), 0.0060260 secs] 100107K->83359K(260032K), 0.0061300 secs] [Times: user=0.01 sys=0.00, real=0.01 secs] 
2012-10-20T18:55:11.243+0100: 87987.226: [GC 87987.226: [DefNew: 18054K->1290K(19136K), 0.0062800 secs] 100373K->83609K(260032K), 0.0063960 secs] [Times: user=0.00 sys=0.00, real=0.01 secs] 
2012-10-20T18:56:01.134+0100: 88037.116: [GC 88037.117: [DefNew: 18296K->375K(19136K), 0.0074280 secs] 100615K->82986K(260032K), 0.0075290 secs] [Times: user=0.00 sys=0.00, real=0.01 secs] 
2012-10-20T18:56:46.504+0100: 88082.487: [GC 88082.487: [DefNew: 17399K->1130K(19136K), 0.0057900 secs] 100010K->83741K(260032K), 0.0058910 secs] [Times: user=0.01 sys=0.00, real=0.01 secs] 
2012-10-20T18:57:36.485+0100: 88132.468: [GC 88132.468: [DefNew: 18154K->1284K(19136K), 0.0126770 secs] 100765K->83960K(260032K), 0.0128120 secs] [Times: user=0.00 sys=0.00, real=0.02 secs] 
2012-10-20T18:58:26.196+0100: 88182.179: [GC 88182.179: [DefNew: 18308K->907K(19136K), 0.0060520 secs] 100984K->83645K(260032K), 0.0068190 secs] [Times: user=0.01 sys=0.00, real=0.01 secs] 
2012-10-20T18:59:11.381+0100: 88227.364: [GC 88227.364: [DefNew: 17931K->1177K(19136K), 0.0110200 secs] 100669K->83915K(260032K), 0.0111500 secs] [Times: user=0.00 sys=0.00, real=0.01 secs] 
2012-10-20T19:00:01.196+0100: 88277.179: [GC 88277.179: [DefNew: 18201K->1007K(19136K), 0.0063560 secs] 100939K->83883K(260032K), 0.0064700 secs] [Times: user=0.00 sys=0.00, real=0.01 secs] 
2012-10-20T19:00:51.205+0100: 88327.188: [GC 88327.188: [DefNew: 18028K->908K(19136K), 0.0056540 secs] 100904K->83784K(260032K), 0.0057900 secs] [Times: user=0.00 sys=0.00, real=0.01 secs] 
2012-10-20T19:01:41.352+0100: 88377.335: [GC 88377.335: [DefNew: 17913K->463K(19136K), 0.0047630 secs] 100789K->83339K(260032K), 0.0048550 secs] [Times: user=0.01 sys=0.00, real=0.00 secs] 
2012-10-20T19:02:26.498+0100: 88422.481: [GC 88422.481: [DefNew: 17487K->1189K(19136K), 0.0058670 secs] 100363K->84065K(260032K), 0.0059730 secs] [Times: user=0.00 sys=0.00, real=0.00 secs] 
2012-10-20T19:03:16.276+0100: 88472.259: [GC 88472.259: [DefNew: 18213K->816K(19136K), 0.0055550 secs] 101089K->83722K(260032K), 0.0056550 secs] [Times: user=0.00 sys=0.00, real=0.01 secs] 
2012-10-20T19:04:01.551+0100: 88517.534: [GC 88517.534: [DefNew: 17840K->1189K(19136K), 0.0060970 secs] 100746K->84095K(260032K), 0.0062100 secs] [Times: user=0.00 sys=0.00, real=0.00 secs] 
2012-10-20T19:04:51.279+0100: 88567.262: [GC 88567.262: [DefNew: 18181K->907K(19136K), 0.0062830 secs] 101087K->83878K(260032K), 0.0063950 secs] [Times: user=0.00 sys=0.00, real=0.00 secs] 
2012-10-20T19:05:36.915+0100: 88612.898: [GC 88612.898: [DefNew: 17902K->1094K(19136K), 0.0125680 secs] 100873K->84065K(260032K), 0.0126910 secs] [Times: user=0.01 sys=0.00, real=0.02 secs] 
2012-10-20T19:06:26.431+0100: 88662.414: [GC 88662.414: [DefNew: 18118K->866K(19136K), 0.0055810 secs] 101089K->83929K(260032K), 0.0056770 secs] [Times: user=0.00 sys=0.01, real=0.00 secs] 
2012-10-20T19:07:16.486+0100: 88712.469: [GC 88712.469: [DefNew: 17890K->820K(19136K), 0.0052660 secs] 100953K->83884K(260032K), 0.0053660 secs] [Times: user=0.02 sys=0.00, real=0.01 secs] 
2012-10-20T19:08:01.473+0100: 88757.456: [GC 88757.456: [DefNew: 17844K->598K(19136K), 0.0051380 secs] 100908K->83661K(260032K), 0.0052360 secs] [Times: user=0.00 sys=0.00, real=0.01 secs] 
2012-10-20T19:08:46.727+0100: 88802.710: [GC 88802.711: [DefNew: 17622K->1391K(19136K), 0.0139870 secs] 100685K->84455K(260032K), 0.0141200 secs] [Times: user=0.01 sys=0.00, real=0.01 secs] 
2012-10-20T19:09:36.556+0100: 88852.539: [GC 88852.539: [DefNew: 18415K->1103K(19136K), 0.0067160 secs] 101479K->84397K(260032K), 0.0068380 secs] [Times: user=0.00 sys=0.00, real=0.01 secs] 
2012-10-20T19:10:26.446+0100: 88902.429: [GC 88902.429: [DefNew: 18127K->746K(19136K), 0.0104010 secs] 101421K->84133K(260032K), 0.0105130 secs] [Times: user=0.01 sys=0.00, real=0.01 secs] 
2012-10-20T19:11:11.627+0100: 88947.610: [GC 88947.610: [DefNew: 17755K->1002K(19136K), 0.0057020 secs] 101142K->84389K(260032K), 0.0058080 secs] [Times: user=0.00 sys=0.00, real=0.01 secs] 
2012-10-20T19:12:01.410+0100: 88997.393: [GC 88997.393: [DefNew: 17996K->666K(19136K), 0.0050600 secs] 101383K->84053K(260032K), 0.0051540 secs] [Times: user=0.00 sys=0.00, real=0.00 secs] 
2012-10-20T19:12:46.652+0100: 89042.634: [GC 89042.635: [DefNew: 17690K->1212K(19136K), 0.0069180 secs] 101077K->84600K(260032K), 0.0070310 secs] [Times: user=0.00 sys=0.00, real=0.01 secs] 
2012-10-20T19:13:36.749+0100: 89092.732: [GC 89092.732: [DefNew: 18236K->1103K(19136K), 0.0063880 secs] 101624K->84565K(260032K), 0.0064910 secs] [Times: user=0.00 sys=0.00, real=0.00 secs] 
2012-10-20T19:14:26.559+0100: 89142.542: [GC 89142.542: [DefNew: 18127K->625K(19136K), 0.0059040 secs] 101589K->84213K(260032K), 0.0060190 secs] [Times: user=0.00 sys=0.00, real=0.00 secs] 
2012-10-20T19:15:16.480+0100: 89192.463: [GC 89192.463: [DefNew: 17649K->366K(19136K), 0.0051600 secs] 101237K->83954K(260032K), 0.0052630 secs] [Times: user=0.00 sys=0.00, real=0.00 secs] 
2012-10-20T19:16:01.323+0100: 89237.306: [GC 89237.306: [DefNew: 17390K->902K(19136K), 0.0060480 secs] 100978K->84490K(260032K), 0.0061650 secs] [Times: user=0.00 sys=0.00, real=0.01 secs] 
2012-10-20T19:16:51.331+0100: 89287.314: [GC 89287.314: [DefNew: 17902K->811K(19136K), 0.0130320 secs] 101490K->84399K(260032K), 0.0146940 secs] [Times: user=0.01 sys=0.00, real=0.01 secs] 
2012-10-20T19:17:41.378+0100: 89337.361: [GC 89337.361: [DefNew: 17804K->431K(19136K), 0.0049930 secs] 101392K->84081K(260032K), 0.0050900 secs] [Times: user=0.00 sys=0.00, real=0.00 secs] 
2012-10-20T19:18:21.616+0100: 89377.598: [GC 89377.599: [DefNew: 17455K->1324K(19136K), 0.0126310 secs] 101105K->84974K(260032K), 0.0127500 secs] [Times: user=0.01 sys=0.00, real=0.02 secs] 
2012-10-20T19:19:11.486+0100: 89427.469: [GC 89427.469: [DefNew: 18348K->762K(19136K), 0.0067880 secs] 101998K->84704K(260032K), 0.0068930 secs] [Times: user=0.01 sys=0.00, real=0.01 secs] 
2012-10-20T19:20:01.678+0100: 89477.661: [GC 89477.661: [DefNew: 17786K->528K(19136K), 0.0050910 secs] 101728K->84471K(260032K), 0.0051890 secs] [Times: user=0.00 sys=0.00, real=0.00 secs] 
2012-10-20T19:20:46.771+0100: 89522.754: [GC 89522.754: [DefNew: 17552K->1026K(19136K), 0.0060800 secs] 101495K->84968K(260032K), 0.0061830 secs] [Times: user=0.00 sys=0.00, real=0.00 secs] 
2012-10-20T19:21:36.567+0100: 89572.550: [GC 89572.550: [DefNew: 18050K->949K(19136K), 0.0061120 secs] 101992K->84892K(260032K), 0.0062220 secs] [Times: user=0.02 sys=0.00, real=0.01 secs] 
2012-10-20T19:22:26.687+0100: 89622.670: [GC 89622.670: [DefNew: 17973K->818K(19136K), 0.0059300 secs] 101916K->84791K(260032K), 0.0060720 secs] [Times: user=0.00 sys=0.00, real=0.01 secs] 
2012-10-20T19:23:12.107+0100: 89668.090: [GC 89668.090: [DefNew: 17842K->1105K(19136K), 0.0063650 secs] 101815K->85077K(260032K), 0.0064730 secs] [Times: user=0.00 sys=0.00, real=0.01 secs] 
2012-10-20T19:24:01.351+0100: 89717.334: [GC 89717.334: [DefNew: 18129K->363K(19136K), 0.0085140 secs] 102101K->84335K(260032K), 0.0086210 secs] [Times: user=0.01 sys=0.00, real=0.01 secs] 
2012-10-20T19:24:47.953+0100: 89763.935: [GC 89763.936: [DefNew: 17387K->1290K(19136K), 0.0065690 secs] 101359K->85262K(260032K), 0.0066790 secs] [Times: user=0.00 sys=0.00, real=0.01 secs] 
2012-10-20T19:25:33.723+0100: 89809.706: [GC 89809.706: [DefNew: 18314K->854K(19136K), 0.0062950 secs] 102286K->85107K(260032K), 0.0063990 secs] [Times: user=0.00 sys=0.00, real=0.01 secs] 
2012-10-20T19:26:21.387+0100: 89857.370: [GC 89857.370: [DefNew: 17857K->400K(19136K), 0.0065930 secs] 102110K->84653K(260032K), 0.0067190 secs] [Times: user=0.00 sys=0.00, real=0.01 secs] 
2012-10-20T19:27:06.805+0100: 89902.788: [GC 89902.788: [DefNew: 17424K->1101K(19136K), 0.0059750 secs] 101677K->85354K(260032K), 0.0060810 secs] [Times: user=0.01 sys=0.00, real=0.01 secs] 
2012-10-20T19:27:56.390+0100: 89952.373: [GC 89952.373: [DefNew: 18125K->881K(19136K), 0.0063940 secs] 102378K->85227K(260032K), 0.0065250 secs] [Times: user=0.00 sys=0.00, real=0.00 secs] 
2012-10-20T19:28:44.313+0100: 90000.296: [GC 90000.296: [DefNew: 17896K->780K(19136K), 0.0053420 secs] 102242K->85126K(260032K), 0.0054420 secs] [Times: user=0.00 sys=0.00, real=0.01 secs] 
2012-10-20T19:29:12.151+0100: 90028.134: [GC 90028.134: [DefNew: 17804K->1098K(19136K), 0.0067880 secs] 102150K->85444K(260032K), 0.0068990 secs] [Times: user=0.00 sys=0.00, real=0.01 secs] 
2012-10-20T19:30:01.492+0100: 90077.475: [GC 90077.475: [DefNew: 18121K->691K(19136K), 0.0052120 secs] 102467K->85037K(260032K), 0.0053110 secs] [Times: user=0.00 sys=0.00, real=0.01 secs] 
2012-10-20T19:30:51.665+0100: 90127.647: [GC 90127.648: [DefNew: 17689K->435K(19136K), 0.0048750 secs] 102035K->84781K(260032K), 0.0049720 secs] [Times: user=0.01 sys=0.00, real=0.01 secs] 
2012-10-20T19:31:36.621+0100: 90172.604: [GC 90172.604: [DefNew: 17459K->858K(19136K), 0.0055660 secs] 101805K->85204K(260032K), 0.0056640 secs] [Times: user=0.00 sys=0.00, real=0.00 secs] 
2012-10-20T19:32:26.496+0100: 90222.479: [GC 90222.479: [DefNew: 17872K->651K(19136K), 0.0085970 secs] 102218K->85000K(260032K), 0.0087320 secs] [Times: user=0.01 sys=0.00, real=0.01 secs] 
2012-10-20T19:33:11.835+0100: 90267.818: [GC 90267.818: [DefNew: 17675K->1060K(19136K), 0.0057950 secs] 102023K->85409K(260032K), 0.0059020 secs] [Times: user=0.00 sys=0.00, real=0.01 secs] 
2012-10-20T19:33:56.638+0100: 90312.621: [GC 90312.622: [DefNew: 18084K->1256K(19136K), 0.0060900 secs] 102433K->85634K(260032K), 0.0061930 secs] [Times: user=0.00 sys=0.00, real=0.00 secs] 
2012-10-20T19:34:46.686+0100: 90362.669: [GC 90362.669: [DefNew: 18280K->848K(19136K), 0.0060980 secs] 102658K->85320K(260032K), 0.0062010 secs] [Times: user=0.00 sys=0.00, real=0.01 secs] 
2012-10-20T19:35:36.540+0100: 90412.523: [GC 90412.523: [DefNew: 17857K->401K(19136K), 0.0044200 secs] 102329K->84873K(260032K), 0.0045230 secs] [Times: user=0.00 sys=0.00, real=0.00 secs] 
2012-10-20T19:36:21.852+0100: 90457.835: [GC 90457.835: [DefNew: 17425K->1066K(19136K), 0.0085900 secs] 101897K->85539K(260032K), 0.0121120 secs] [Times: user=0.01 sys=0.00, real=0.01 secs] 
2012-10-20T19:37:11.736+0100: 90507.719: [GC 90507.719: [DefNew: 18072K->965K(19136K), 0.0057400 secs] 102544K->85437K(260032K), 0.0058380 secs] [Times: user=0.01 sys=0.00, real=0.01 secs] 
2012-10-20T19:38:01.522+0100: 90557.505: [GC 90557.505: [DefNew: 17989K->624K(19136K), 0.0049120 secs] 102461K->85097K(260032K), 0.0050090 secs] [Times: user=0.00 sys=0.00, real=0.00 secs] 
2012-10-20T19:38:46.521+0100: 90602.504: [GC 90602.505: [DefNew: 17648K->906K(19136K), 0.0054470 secs] 102121K->85408K(260032K), 0.0055450 secs] [Times: user=0.00 sys=0.00, real=0.00 secs] 
2012-10-20T19:39:36.537+0100: 90652.520: [GC 90652.520: [DefNew: 17930K->629K(19136K), 0.0051090 secs] 102432K->85131K(260032K), 0.0052060 secs] [Times: user=0.00 sys=0.00, real=0.01 secs] 
2012-10-20T19:40:21.540+0100: 90697.523: [GC 90697.523: [DefNew: 17653K->986K(19136K), 0.0058030 secs] 102155K->85489K(260032K), 0.0059060 secs] [Times: user=0.01 sys=0.00, real=0.00 secs] 
2012-10-20T19:41:06.641+0100: 90742.624: [GC 90742.624: [DefNew: 18010K->1204K(19136K), 0.0158200 secs] 102513K->85706K(260032K), 0.0159720 secs] [Times: user=0.01 sys=0.00, real=0.01 secs] 
2012-10-20T19:41:56.625+0100: 90792.608: [GC 90792.608: [DefNew: 18228K->337K(19136K), 0.0051550 secs] 102730K->85039K(260032K), 0.0052650 secs] [Times: user=0.00 sys=0.00, real=0.01 secs] 
2012-10-20T19:42:46.328+0100: 90842.310: [GC 90842.311: [DefNew: 17360K->312K(19136K), 0.0043890 secs] 102061K->85013K(260032K), 0.0044880 secs] [Times: user=0.00 sys=0.00, real=0.00 secs] 
2012-10-20T19:43:31.689+0100: 90887.672: [GC 90887.672: [DefNew: 17336K->932K(19136K), 0.0057840 secs] 102037K->85634K(260032K), 0.0058870 secs] [Times: user=0.00 sys=0.00, real=0.00 secs] 
2012-10-20T19:44:16.851+0100: 90932.834: [GC 90932.834: [DefNew: 17956K->1006K(19136K), 0.0059080 secs] 102658K->85708K(260032K), 0.0060200 secs] [Times: user=0.00 sys=0.00, real=0.01 secs] 
2012-10-20T19:45:01.884+0100: 90977.867: [GC 90977.867: [DefNew: 18030K->1440K(19136K), 0.0087270 secs] 102732K->86171K(260032K), 0.0089360 secs] [Times: user=0.01 sys=0.00, real=0.01 secs] 
2012-10-20T19:45:51.698+0100: 91027.681: [GC 91027.681: [DefNew: 18459K->899K(19136K), 0.0068010 secs] 103191K->85977K(260032K), 0.0069070 secs] [Times: user=0.00 sys=0.00, real=0.00 secs] 
2012-10-20T19:46:36.857+0100: 91072.840: [GC 91072.840: [DefNew: 17923K->1167K(19136K), 0.0062240 secs] 103001K->86246K(260032K), 0.0063430 secs] [Times: user=0.01 sys=0.00, real=0.01 secs] 
2012-10-20T19:47:26.675+0100: 91122.658: [GC 91122.658: [DefNew: 18191K->1014K(19136K), 0.0063540 secs] 103270K->86163K(260032K), 0.0064570 secs] [Times: user=0.01 sys=0.00, real=0.01 secs] 
2012-10-20T19:48:12.287+0100: 91168.270: [GC 91168.270: [DefNew: 18038K->1211K(19136K), 0.0063930 secs] 103187K->86360K(260032K), 0.0065010 secs] [Times: user=0.00 sys=0.00, real=0.01 secs] 
2012-10-20T19:49:01.826+0100: 91217.809: [GC 91217.809: [DefNew: 18235K->657K(19136K), 0.0058490 secs] 103384K->86038K(260032K), 0.0059540 secs] [Times: user=0.00 sys=0.00, real=0.01 secs] 
2012-10-20T19:49:51.588+0100: 91267.571: [GC 91267.571: [DefNew: 17679K->469K(19136K), 0.0067360 secs] 103060K->85850K(260032K), 0.0068340 secs] [Times: user=0.00 sys=0.00, real=0.00 secs] 
2012-10-20T19:50:36.934+0100: 91312.917: [GC 91312.917: [DefNew: 17493K->440K(19136K), 0.0047750 secs] 102874K->85821K(260032K), 0.0048720 secs] [Times: user=0.01 sys=0.00, real=0.01 secs] 
2012-10-20T19:51:21.568+0100: 91357.551: [GC 91357.551: [DefNew: 17464K->909K(19136K), 0.0055260 secs] 102845K->86290K(260032K), 0.0061210 secs] [Times: user=0.00 sys=0.00, real=0.00 secs] 
2012-10-20T19:52:11.165+0100: 91407.148: [GC 91407.148: [DefNew: 17933K->331K(19136K), 0.0042930 secs] 103314K->85713K(260032K), 0.0043910 secs] [Times: user=0.00 sys=0.00, real=0.01 secs] 
2012-10-20T19:52:57.022+0100: 91453.005: [GC 91453.005: [DefNew: 17355K->942K(19136K), 0.0087470 secs] 102737K->86324K(260032K), 0.0088760 secs] [Times: user=0.00 sys=0.00, real=0.01 secs] 
2012-10-20T19:53:44.259+0100: 91500.242: [GC 91500.242: [DefNew: 17963K->1018K(19136K), 0.0056000 secs] 103345K->86400K(260032K), 0.0056960 secs] [Times: user=0.00 sys=0.00, real=0.00 secs] 
2012-10-20T19:54:31.999+0100: 91547.982: [GC 91547.982: [DefNew: 18042K->1064K(19136K), 0.0058920 secs] 103424K->86446K(260032K), 0.0059990 secs] [Times: user=0.00 sys=0.00, real=0.00 secs] 
2012-10-20T19:55:21.893+0100: 91597.876: [GC 91597.876: [DefNew: 18079K->623K(19136K), 0.0065300 secs] 103461K->86035K(260032K), 0.0066540 secs] [Times: user=0.00 sys=0.01, real=0.01 secs] 
2012-10-20T19:56:07.142+0100: 91643.125: [GC 91643.126: [DefNew: 17618K->1033K(19136K), 0.0103810 secs] 103030K->86445K(260032K), 0.0105100 secs] [Times: user=0.01 sys=0.00, real=0.01 secs] 
2012-10-20T19:56:55.056+0100: 91691.039: [GC 91691.039: [DefNew: 18040K->966K(19136K), 0.0055920 secs] 103452K->86378K(260032K), 0.0057020 secs] [Times: user=0.01 sys=0.00, real=0.01 secs] 
2012-10-20T19:57:46.548+0100: 91742.531: [GC 91742.531: [DefNew: 17965K->401K(19136K), 0.0045240 secs] 103377K->85813K(260032K), 0.0046880 secs] [Times: user=0.00 sys=0.00, real=0.00 secs] 
2012-10-20T19:58:31.683+0100: 91787.666: [GC 91787.666: [DefNew: 17425K->945K(19136K), 0.0055880 secs] 102837K->86357K(260032K), 0.0056900 secs] [Times: user=0.01 sys=0.00, real=0.01 secs] 
2012-10-20T19:59:17.314+0100: 91833.297: [GC 91833.297: [DefNew: 17955K->1002K(19136K), 0.0091320 secs] 103367K->86444K(260032K), 0.0092650 secs] [Times: user=0.01 sys=0.00, real=0.01 secs] 
2012-10-20T20:00:06.686+0100: 91882.669: [GC 91882.669: [DefNew: 18026K->633K(19136K), 0.0049920 secs] 103468K->86076K(260032K), 0.0050910 secs] [Times: user=0.00 sys=0.00, real=0.01 secs] 
2012-10-20T20:00:52.094+0100: 91928.077: [GC 91928.077: [DefNew: 17649K->1208K(19136K), 0.0059400 secs] 103091K->86650K(260032K), 0.0060410 secs] [Times: user=0.00 sys=0.00, real=0.01 secs] 
2012-10-20T20:01:41.770+0100: 91977.753: [GC 91977.753: [DefNew: 18232K->888K(19136K), 0.0083840 secs] 103674K->86405K(260032K), 0.0085030 secs] [Times: user=0.01 sys=0.00, real=0.01 secs] 
2012-10-20T20:02:31.824+0100: 92027.807: [GC 92027.807: [DefNew: 17897K->852K(19136K), 0.0057170 secs] 103414K->86369K(260032K), 0.0058240 secs] [Times: user=0.01 sys=0.00, real=0.01 secs] 
2012-10-20T20:03:16.766+0100: 92072.749: [GC 92072.749: [DefNew: 17876K->1104K(19136K), 0.0064240 secs] 103393K->86621K(260032K), 0.0065250 secs] [Times: user=0.00 sys=0.00, real=0.01 secs] 
2012-10-20T20:04:02.036+0100: 92118.019: [GC 92118.019: [DefNew: 18128K->1093K(19136K), 0.0065630 secs] 103645K->86713K(260032K), 0.0066730 secs] [Times: user=0.01 sys=0.00, real=0.01 secs] 
2012-10-20T20:04:52.079+0100: 92168.062: [GC 92168.062: [DefNew: 18092K->942K(19136K), 0.0089220 secs] 103712K->86624K(260032K), 0.0090340 secs] [Times: user=0.01 sys=0.00, real=0.01 secs] 
2012-10-20T20:05:41.777+0100: 92217.760: [GC 92217.760: [DefNew: 17942K->528K(19136K), 0.0047650 secs] 103624K->86210K(260032K), 0.0048720 secs] [Times: user=0.01 sys=0.00, real=0.01 secs] 
2012-10-20T20:06:31.725+0100: 92267.708: [GC 92267.708: [DefNew: 17549K->406K(19136K), 0.0051440 secs] 103231K->86088K(260032K), 0.0052400 secs] [Times: user=0.00 sys=0.01, real=0.01 secs] 
2012-10-20T20:07:17.037+0100: 92313.020: [GC 92313.020: [DefNew: 17430K->1192K(19136K), 0.0061410 secs] 103112K->86875K(260032K), 0.0062830 secs] [Times: user=0.00 sys=0.00, real=0.01 secs] 
2012-10-20T20:08:02.099+0100: 92358.082: [GC 92358.082: [DefNew: 18213K->1081K(19136K), 0.0058800 secs] 103895K->86764K(260032K), 0.0059850 secs] [Times: user=0.00 sys=0.00, real=0.00 secs] 
2012-10-20T20:08:51.803+0100: 92407.786: [GC 92407.786: [DefNew: 18087K->556K(19136K), 0.0049510 secs] 103770K->86301K(260032K), 0.0050490 secs] [Times: user=0.00 sys=0.00, real=0.01 secs] 
2012-10-20T20:09:42.050+0100: 92458.033: [GC 92458.033: [DefNew: 17580K->651K(19136K), 0.0052080 secs] 103325K->86396K(260032K), 0.0053040 secs] [Times: user=0.00 sys=0.01, real=0.00 secs] 
2012-10-20T20:10:26.941+0100: 92502.924: [GC 92502.924: [DefNew: 17675K->466K(19136K), 0.0049640 secs] 103420K->86211K(260032K), 0.0050710 secs] [Times: user=0.00 sys=0.00, real=0.00 secs] 
2012-10-20T20:11:12.053+0100: 92548.036: [GC 92548.036: [DefNew: 17490K->1063K(19136K), 0.0059570 secs] 103235K->86838K(260032K), 0.0060650 secs] [Times: user=0.00 sys=0.00, real=0.01 secs] 
2012-10-20T20:12:01.992+0100: 92597.975: [GC 92597.975: [DefNew: 18081K->728K(19136K), 0.0053840 secs] 103856K->86566K(260032K), 0.0054890 secs] [Times: user=0.01 sys=0.00, real=0.01 secs] 
2012-10-20T20:12:47.054+0100: 92643.037: [GC 92643.037: [DefNew: 17752K->1338K(19136K), 0.0137610 secs] 103590K->87176K(260032K), 0.0138940 secs] [Times: user=0.01 sys=0.00, real=0.02 secs] 
2012-10-20T20:13:36.835+0100: 92692.818: [GC 92692.818: [DefNew: 18361K->844K(19136K), 0.0061620 secs] 104198K->86849K(260032K), 0.0062670 secs] [Times: user=0.01 sys=0.00, real=0.01 secs] 
2012-10-20T20:14:22.053+0100: 92738.036: [GC 92738.036: [DefNew: 17859K->1128K(19136K), 0.0062560 secs] 103865K->87134K(260032K), 0.0063660 secs] [Times: user=0.00 sys=0.00, real=0.01 secs] 
2012-10-20T20:15:06.908+0100: 92782.891: [GC 92782.891: [DefNew: 18152K->466K(19136K), 0.0052230 secs] 104158K->86691K(260032K), 0.0053190 secs] [Times: user=0.00 sys=0.00, real=0.00 secs] 
2012-10-20T20:15:52.232+0100: 92828.215: [GC 92828.215: [DefNew: 17490K->1065K(19136K), 0.0059880 secs] 103715K->87291K(260032K), 0.0060980 secs] [Times: user=0.01 sys=0.00, real=0.01 secs] 
2012-10-20T20:16:42.036+0100: 92878.019: [GC 92878.019: [DefNew: 18072K->242K(19136K), 0.0047550 secs] 104297K->86593K(260032K), 0.0048490 secs] [Times: user=0.00 sys=0.00, real=0.01 secs] 
2012-10-20T20:17:27.124+0100: 92923.107: [GC 92923.107: [DefNew: 17266K->1126K(19136K), 0.0061000 secs] 103617K->87478K(260032K), 0.0062660 secs] [Times: user=0.02 sys=0.00, real=0.01 secs] 
2012-10-20T20:18:16.863+0100: 92972.846: [GC 92972.846: [DefNew: 18147K->560K(19136K), 0.0048720 secs] 104498K->86941K(260032K), 0.0049730 secs] [Times: user=0.01 sys=0.00, real=0.01 secs] 
2012-10-20T20:19:01.808+0100: 93017.791: [GC 93017.791: [DefNew: 17584K->1010K(19136K), 0.0059300 secs] 103965K->87392K(260032K), 0.0060300 secs] [Times: user=0.00 sys=0.01, real=0.00 secs] 
2012-10-20T20:19:46.922+0100: 93062.905: [GC 93062.905: [DefNew: 18034K->965K(19136K), 0.0054200 secs] 104416K->87347K(260032K), 0.0056620 secs] [Times: user=0.00 sys=0.00, real=0.01 secs] 
2012-10-20T20:20:31.898+0100: 93107.881: [GC 93107.881: [DefNew: 17970K->939K(19136K), 0.0055480 secs] 104351K->87321K(260032K), 0.0056540 secs] [Times: user=0.00 sys=0.00, real=0.00 secs] 
2012-10-20T20:21:17.476+0100: 93153.459: [GC 93153.459: [DefNew: 17961K->1186K(19136K), 0.0062060 secs] 104343K->87568K(260032K), 0.0063140 secs] [Times: user=0.01 sys=0.00, real=0.01 secs] 
2012-10-20T20:22:07.227+0100: 93203.210: [GC 93203.210: [DefNew: 18208K->1056K(19136K), 0.0060140 secs] 104590K->87564K(260032K), 0.0061160 secs] [Times: user=0.00 sys=0.00, real=0.00 secs] 
2012-10-20T20:22:56.899+0100: 93252.882: [GC 93252.882: [DefNew: 18080K->905K(19136K), 0.0061820 secs] 104588K->87506K(260032K), 0.0063110 secs] [Times: user=0.00 sys=0.00, real=0.00 secs] 
2012-10-20T20:23:46.882+0100: 93302.865: [GC 93302.865: [DefNew: 17928K->449K(19136K), 0.0045250 secs] 104530K->87051K(260032K), 0.0046260 secs] [Times: user=0.00 sys=0.00, real=0.00 secs] 
2012-10-20T20:24:32.208+0100: 93348.191: [GC 93348.191: [DefNew: 17473K->1094K(19136K), 0.0060020 secs] 104075K->87696K(260032K), 0.0061050 secs] [Times: user=0.01 sys=0.00, real=0.00 secs] 
2012-10-20T20:25:17.322+0100: 93393.305: [GC 93393.305: [DefNew: 18118K->1097K(19136K), 0.0059440 secs] 104720K->87761K(260032K), 0.0060470 secs] [Times: user=0.01 sys=0.00, real=0.01 secs] 
2012-10-20T20:26:02.228+0100: 93438.211: [GC 93438.211: [DefNew: 18121K->1361K(19136K), 0.0062820 secs] 104785K->88025K(260032K), 0.0063860 secs] [Times: user=0.00 sys=0.00, real=0.00 secs] 
2012-10-20T20:26:51.870+0100: 93487.853: [GC 93487.853: [DefNew: 18385K->939K(19136K), 0.0106780 secs] 105049K->88049K(260032K), 0.0108220 secs] [Times: user=0.01 sys=0.00, real=0.01 secs] 
2012-10-20T20:27:41.934+0100: 93537.917: [GC 93537.917: [DefNew: 17963K->868K(19136K), 0.0053940 secs] 105073K->87979K(260032K), 0.0054970 secs] [Times: user=0.01 sys=0.00, real=0.01 secs] 
2012-10-20T20:28:27.279+0100: 93583.262: [GC 93583.262: [DefNew: 17892K->1290K(19136K), 0.0062080 secs] 105003K->88400K(260032K), 0.0063120 secs] [Times: user=0.00 sys=0.00, real=0.00 secs] 
2012-10-20T20:28:56.992+0100: 93612.975: [GC 93612.975: [DefNew: 18303K->1800K(19136K), 0.0083950 secs] 105413K->89165K(260032K), 0.0085230 secs] [Times: user=0.01 sys=0.00, real=0.01 secs] 
2012-10-20T20:29:27.235+0100: 93643.218: [GC 93643.218: [DefNew: 18824K->986K(19136K), 0.0071320 secs] 106189K->88462K(260032K), 0.0072520 secs] [Times: user=0.01 sys=0.00, real=0.01 secs] 
2012-10-20T20:30:16.821+0100: 93692.804: [GC 93692.804: [DefNew: 18004K->781K(19136K), 0.0068920 secs] 105479K->88257K(260032K), 0.0070030 secs] [Times: user=0.01 sys=0.00, real=0.01 secs] 
2012-10-20T20:31:02.255+0100: 93738.238: [GC 93738.238: [DefNew: 17805K->1136K(19136K), 0.0060520 secs] 105281K->88611K(260032K), 0.0061630 secs] [Times: user=0.01 sys=0.00, real=0.01 secs] 
2012-10-20T20:31:52.181+0100: 93788.164: [GC 93788.164: [DefNew: 18160K->756K(19136K), 0.0057730 secs] 105635K->88325K(260032K), 0.0058770 secs] [Times: user=0.00 sys=0.00, real=0.00 secs] 
2012-10-20T20:32:42.066+0100: 93838.049: [GC 93838.049: [DefNew: 17780K->622K(19136K), 0.0049580 secs] 105349K->88191K(260032K), 0.0056350 secs] [Times: user=0.00 sys=0.00, real=0.01 secs] 
2012-10-20T20:33:27.297+0100: 93883.280: [GC 93883.280: [DefNew: 17646K->1071K(19136K), 0.0058880 secs] 105215K->88640K(260032K), 0.0059910 secs] [Times: user=0.01 sys=0.00, real=0.01 secs] 
2012-10-20T20:34:12.730+0100: 93928.713: [GC 93928.713: [DefNew: 18095K->999K(19136K), 0.0062310 secs] 105664K->88568K(260032K), 0.0063350 secs] [Times: user=0.00 sys=0.00, real=0.00 secs] 
2012-10-20T20:35:01.963+0100: 93977.946: [GC 93977.947: [DefNew: 17993K->874K(19136K), 0.0056900 secs] 105563K->88444K(260032K), 0.0058060 secs] [Times: user=0.00 sys=0.00, real=0.01 secs] 
2012-10-20T20:35:51.914+0100: 94027.897: [GC 94027.897: [DefNew: 17898K->933K(19136K), 0.0055680 secs] 105468K->88503K(260032K), 0.0056780 secs] [Times: user=0.01 sys=0.00, real=0.01 secs] 
2012-10-20T20:36:37.076+0100: 94073.059: [GC 94073.059: [DefNew: 17957K->1061K(19136K), 0.0097760 secs] 105527K->88631K(260032K), 0.0098980 secs] [Times: user=0.01 sys=0.00, real=0.01 secs] 
2012-10-20T20:37:27.089+0100: 94123.072: [GC 94123.072: [DefNew: 18085K->751K(19136K), 0.0056860 secs] 105655K->88475K(260032K), 0.0058130 secs] [Times: user=0.01 sys=0.00, real=0.00 secs] 
2012-10-20T20:38:12.358+0100: 94168.341: [GC 94168.341: [DefNew: 17775K->1035K(19136K), 0.0059420 secs] 105499K->88759K(260032K), 0.0060440 secs] [Times: user=0.00 sys=0.00, real=0.00 secs] 
2012-10-20T20:39:01.982+0100: 94217.965: [GC 94217.965: [DefNew: 18028K->780K(19136K), 0.0052120 secs] 105752K->88504K(260032K), 0.0054410 secs] [Times: user=0.00 sys=0.00, real=0.01 secs] 
2012-10-20T20:39:51.954+0100: 94267.937: [GC 94267.937: [DefNew: 17804K->829K(19136K), 0.0073440 secs] 105528K->88553K(260032K), 0.0074590 secs] [Times: user=0.00 sys=0.00, real=0.01 secs] 
2012-10-20T20:40:32.293+0100: 94308.276: [GC 94308.276: [DefNew: 17853K->1306K(19136K), 0.0068720 secs] 105577K->89030K(260032K), 0.0069740 secs] [Times: user=0.00 sys=0.00, real=0.01 secs] 
2012-10-20T20:41:22.402+0100: 94358.385: [GC 94358.385: [DefNew: 18330K->1067K(19136K), 0.0073890 secs] 106054K->88992K(260032K), 0.0075000 secs] [Times: user=0.00 sys=0.00, real=0.01 secs] 
2012-10-20T20:42:07.369+0100: 94403.352: [GC 94403.352: [DefNew: 18091K->1077K(19136K), 0.0114420 secs] 106016K->89158K(260032K), 0.0115590 secs] [Times: user=0.01 sys=0.00, real=0.01 secs] 
2012-10-20T20:42:57.097+0100: 94453.080: [GC 94453.080: [DefNew: 18101K->825K(19136K), 0.0061420 secs] 106182K->89105K(260032K), 0.0062460 secs] [Times: user=0.00 sys=0.00, real=0.00 secs] 
2012-10-20T20:43:47.011+0100: 94502.993: [GC 94502.994: [DefNew: 17849K->746K(19136K), 0.0051230 secs] 106129K->89026K(260032K), 0.0052350 secs] [Times: user=0.00 sys=0.01, real=0.00 secs] 
2012-10-20T20:44:32.481+0100: 94548.464: [GC 94548.464: [DefNew: 17770K->1133K(19136K), 0.0061850 secs] 106050K->89413K(260032K), 0.0062980 secs] [Times: user=0.00 sys=0.00, real=0.00 secs] 
2012-10-20T20:45:22.141+0100: 94598.124: [GC 94598.125: [DefNew: 18136K->750K(19136K), 0.0055940 secs] 106416K->89124K(260032K), 0.0056940 secs] [Times: user=0.00 sys=0.00, real=0.00 secs] 
2012-10-20T20:46:07.219+0100: 94643.201: [GC 94643.202: [DefNew: 17774K->940K(19136K), 0.0056610 secs] 106148K->89313K(260032K), 0.0057590 secs] [Times: user=0.00 sys=0.00, real=0.00 secs] 
2012-10-20T20:46:57.174+0100: 94693.157: [GC 94693.157: [DefNew: 17964K->859K(19136K), 0.0053820 secs] 106337K->89232K(260032K), 0.0054760 secs] [Times: user=0.00 sys=0.00, real=0.01 secs] 
2012-10-20T20:47:42.642+0100: 94738.625: [GC 94738.625: [DefNew: 17883K->1197K(19136K), 0.0067600 secs] 106256K->89571K(260032K), 0.0068830 secs] [Times: user=0.01 sys=0.00, real=0.01 secs] 
2012-10-20T20:48:32.031+0100: 94788.014: [GC 94788.014: [DefNew: 18221K->783K(19136K), 0.0057410 secs] 106595K->89280K(260032K), 0.0058520 secs] [Times: user=0.00 sys=0.00, real=0.00 secs] 
2012-10-20T20:49:17.259+0100: 94833.242: [GC 94833.242: [DefNew: 17786K->785K(19136K), 0.0056220 secs] 106283K->89282K(260032K), 0.0057210 secs] [Times: user=0.00 sys=0.00, real=0.00 secs] 
2012-10-20T20:50:02.614+0100: 94878.597: [GC 94878.597: [DefNew: 17809K->1094K(19136K), 0.0058620 secs] 106306K->89591K(260032K), 0.0059920 secs] [Times: user=0.01 sys=0.00, real=0.01 secs] 
2012-10-20T20:50:52.602+0100: 94928.585: [GC 94928.585: [DefNew: 18118K->1037K(19136K), 0.0059120 secs] 106615K->89596K(260032K), 0.0060160 secs] [Times: user=0.01 sys=0.00, real=0.01 secs] 
2012-10-20T20:51:42.109+0100: 94978.092: [GC 94978.092: [DefNew: 18061K->437K(19136K), 0.0050780 secs] 106620K->88996K(260032K), 0.0051870 secs] [Times: user=0.00 sys=0.00, real=0.00 secs] 
2012-10-20T20:52:27.121+0100: 95023.104: [GC 95023.104: [DefNew: 17443K->779K(19136K), 0.0056750 secs] 106003K->89338K(260032K), 0.0057790 secs] [Times: user=0.00 sys=0.00, real=0.00 secs] 
2012-10-20T20:53:17.033+0100: 95073.015: [GC 95073.016: [DefNew: 17784K->696K(19136K), 0.0053170 secs] 106344K->89256K(260032K), 0.0054240 secs] [Times: user=0.01 sys=0.00, real=0.01 secs] 
2012-10-20T20:54:02.515+0100: 95118.497: [GC 95118.498: [DefNew: 17691K->1075K(19136K), 0.0069770 secs] 106251K->89635K(260032K), 0.0070960 secs] [Times: user=0.01 sys=0.00, real=0.01 secs] 
2012-10-20T20:54:47.500+0100: 95163.483: [GC 95163.483: [DefNew: 18099K->1222K(19136K), 0.0060910 secs] 106659K->89812K(260032K), 0.0062020 secs] [Times: user=0.00 sys=0.00, real=0.00 secs] 
2012-10-20T20:55:37.242+0100: 95213.225: [GC 95213.225: [DefNew: 18246K->871K(19136K), 0.0058440 secs] 106836K->89597K(260032K), 0.0059490 secs] [Times: user=0.01 sys=0.00, real=0.01 secs] 
2012-10-20T20:56:22.797+0100: 95258.779: [GC 95258.780: [DefNew: 17895K->1101K(19136K), 0.0060170 secs] 106621K->89827K(260032K), 0.0061200 secs] [Times: user=0.00 sys=0.00, real=0.01 secs] 
2012-10-20T20:57:12.142+0100: 95308.125: [GC 95308.125: [DefNew: 18125K->813K(19136K), 0.0058510 secs] 106851K->89569K(260032K), 0.0059600 secs] [Times: user=0.00 sys=0.00, real=0.01 secs] 
2012-10-20T20:57:57.456+0100: 95353.438: [GC 95353.439: [DefNew: 17837K->1194K(19136K), 0.0106460 secs] 106593K->89950K(260032K), 0.0107730 secs] [Times: user=0.00 sys=0.00, real=0.01 secs] 
2012-10-20T20:58:47.144+0100: 95403.127: [GC 95403.127: [DefNew: 18201K->750K(19136K), 0.0058480 secs] 106958K->89724K(260032K), 0.0059520 secs] [Times: user=0.01 sys=0.00, real=0.01 secs] 
2012-10-20T20:59:37.270+0100: 95453.253: [GC 95453.253: [DefNew: 17774K->535K(19136K), 0.0070900 secs] 106748K->89509K(260032K), 0.0072050 secs] [Times: user=0.01 sys=0.00, real=0.00 secs] 
2012-10-20T21:00:22.340+0100: 95498.323: [GC 95498.323: [DefNew: 17559K->981K(19136K), 0.0055780 secs] 106533K->89955K(260032K), 0.0056780 secs] [Times: user=0.00 sys=0.00, real=0.00 secs] 
2012-10-20T21:01:07.179+0100: 95543.162: [GC 95543.162: [DefNew: 18005K->959K(19136K), 0.0060700 secs] 106979K->89933K(260032K), 0.0061840 secs] [Times: user=0.00 sys=0.01, real=0.00 secs] 
2012-10-20T21:01:54.876+0100: 95590.859: [GC 95590.859: [DefNew: 17983K->615K(19136K), 0.0050090 secs] 106957K->89651K(260032K), 0.0051080 secs] [Times: user=0.00 sys=0.00, real=0.01 secs] 
2012-10-20T21:02:42.353+0100: 95638.336: [GC 95638.336: [DefNew: 17639K->600K(19136K), 0.0053260 secs] 106675K->89709K(260032K), 0.0054260 secs] [Times: user=0.00 sys=0.00, real=0.01 secs] 
2012-10-20T21:03:30.821+0100: 95686.804: [GC 95686.804: [DefNew: 17624K->466K(19136K), 0.0047390 secs] 106733K->89577K(260032K), 0.0048330 secs] [Times: user=0.00 sys=0.00, real=0.00 secs] 
2012-10-20T21:04:12.449+0100: 95728.432: [GC 95728.432: [DefNew: 17490K->847K(19136K), 0.0061140 secs] 106601K->90031K(260032K), 0.0062130 secs] [Times: user=0.01 sys=0.00, real=0.00 secs] 
2012-10-20T21:04:57.774+0100: 95773.756: [GC 95773.757: [DefNew: 17871K->1135K(19136K), 0.0062590 secs] 107055K->90319K(260032K), 0.0063650 secs] [Times: user=0.00 sys=0.00, real=0.01 secs] 
2012-10-20T21:05:42.533+0100: 95818.516: [GC 95818.516: [DefNew: 18132K->1197K(19136K), 0.0072010 secs] 107316K->90536K(260032K), 0.0073490 secs] [Times: user=0.02 sys=0.00, real=0.01 secs] 
2012-10-20T21:06:32.510+0100: 95868.493: [GC 95868.493: [DefNew: 18221K->282K(19136K), 0.0101230 secs] 107560K->89787K(260032K), 0.0102680 secs] [Times: user=0.00 sys=0.01, real=0.01 secs] 
2012-10-20T21:07:17.392+0100: 95913.375: [GC 95913.375: [DefNew: 17306K->760K(19136K), 0.0055840 secs] 106811K->90264K(260032K), 0.0056920 secs] [Times: user=0.00 sys=0.00, real=0.01 secs] 
2012-10-20T21:08:07.441+0100: 95963.424: [GC 95963.424: [DefNew: 17784K->369K(19136K), 0.0049020 secs] 107288K->89873K(260032K), 0.0049950 secs] [Times: user=0.01 sys=0.00, real=0.00 secs] 
2012-10-20T21:08:52.323+0100: 96008.306: [GC 96008.306: [DefNew: 17384K->843K(19136K), 0.0076750 secs] 106889K->90348K(260032K), 0.0077820 secs] [Times: user=0.01 sys=0.00, real=0.01 secs] 
2012-10-20T21:09:42.325+0100: 96058.308: [GC 96058.309: [DefNew: 17864K->398K(19136K), 0.0048130 secs] 107369K->89904K(260032K), 0.0049220 secs] [Times: user=0.00 sys=0.00, real=0.01 secs] 
2012-10-20T21:10:27.425+0100: 96103.408: [GC 96103.408: [DefNew: 17422K->962K(19136K), 0.0059180 secs] 106928K->90468K(260032K), 0.0060190 secs] [Times: user=0.00 sys=0.00, real=0.01 secs] 
2012-10-20T21:11:12.422+0100: 96148.405: [GC 96148.405: [DefNew: 17986K->1159K(19136K), 0.0069790 secs] 107492K->90665K(260032K), 0.0070890 secs] [Times: user=0.01 sys=0.00, real=0.01 secs] 
2012-10-20T21:12:02.342+0100: 96198.325: [GC 96198.325: [DefNew: 18163K->755K(19136K), 0.0060110 secs] 107669K->90445K(260032K), 0.0061300 secs] [Times: user=0.00 sys=0.00, real=0.01 secs] 
2012-10-20T21:12:52.457+0100: 96248.440: [GC 96248.441: [DefNew: 17779K->655K(19136K), 0.0057230 secs] 107469K->90345K(260032K), 0.0058250 secs] [Times: user=0.00 sys=0.00, real=0.00 secs] 
2012-10-20T21:13:42.437+0100: 96298.420: [GC 96298.420: [DefNew: 17675K->449K(19136K), 0.0049230 secs] 107365K->90139K(260032K), 0.0050250 secs] [Times: user=0.01 sys=0.00, real=0.01 secs] 
2012-10-20T21:14:22.977+0100: 96338.960: [GC 96338.960: [DefNew: 17473K->1133K(19136K), 0.0058660 secs] 107163K->90823K(260032K), 0.0059660 secs] [Times: user=0.01 sys=0.00, real=0.01 secs] 
2012-10-20T21:15:12.459+0100: 96388.442: [GC 96388.442: [DefNew: 18137K->879K(19136K), 0.0059170 secs] 107827K->90600K(260032K), 0.0066910 secs] [Times: user=0.01 sys=0.00, real=0.00 secs] 
2012-10-20T21:15:57.466+0100: 96433.449: [GC 96433.449: [DefNew: 17903K->908K(19136K), 0.0056030 secs] 107624K->90628K(260032K), 0.0057320 secs] [Times: user=0.00 sys=0.00, real=0.01 secs] 
2012-10-20T21:16:42.438+0100: 96478.421: [GC 96478.421: [DefNew: 17932K->1578K(19136K), 0.0074020 secs] 107652K->91299K(260032K), 0.0075700 secs] [Times: user=0.01 sys=0.00, real=0.00 secs] 
2012-10-20T21:17:32.533+0100: 96528.516: [GC 96528.516: [DefNew: 18592K->560K(19136K), 0.0053620 secs] 108313K->90437K(260032K), 0.0054620 secs] [Times: user=0.01 sys=0.00, real=0.01 secs] 
2012-10-20T21:18:22.306+0100: 96578.289: [GC 96578.289: [DefNew: 17584K->717K(19136K), 0.0100520 secs] 107461K->90595K(260032K), 0.0101770 secs] [Times: user=0.01 sys=0.00, real=0.01 secs] 
2012-10-20T21:19:07.311+0100: 96623.294: [GC 96623.294: [DefNew: 17741K->822K(19136K), 0.0059290 secs] 107619K->90700K(260032K), 0.0060310 secs] [Times: user=0.00 sys=0.00, real=0.00 secs] 
2012-10-20T21:19:52.592+0100: 96668.575: [GC 96668.575: [DefNew: 17844K->880K(19136K), 0.0065690 secs] 107722K->90758K(260032K), 0.0105770 secs] [Times: user=0.01 sys=0.00, real=0.01 secs] 
2012-10-20T21:20:42.542+0100: 96718.524: [GC 96718.525: [DefNew: 17897K->535K(19136K), 0.0050210 secs] 107775K->90413K(260032K), 0.0051200 secs] [Times: user=0.00 sys=0.00, real=0.00 secs] 
2012-10-20T21:21:27.680+0100: 96763.663: [GC 96763.663: [DefNew: 17529K->1168K(19136K), 0.0061920 secs] 107407K->91046K(260032K), 0.0062930 secs] [Times: user=0.00 sys=0.00, real=0.00 secs] 
2012-10-20T21:22:17.522+0100: 96813.505: [GC 96813.506: [DefNew: 18192K->870K(19136K), 0.0070430 secs] 108070K->90852K(260032K), 0.0071480 secs] [Times: user=0.01 sys=0.00, real=0.01 secs] 
2012-10-20T21:23:07.361+0100: 96863.344: [GC 96863.344: [DefNew: 17894K->433K(19136K), 0.0063540 secs] 107876K->90415K(260032K), 0.0065570 secs] [Times: user=0.01 sys=0.00, real=0.01 secs] 
2012-10-20T21:23:52.359+0100: 96908.342: [GC 96908.342: [DefNew: 17446K->936K(19136K), 0.0053680 secs] 107428K->90917K(260032K), 0.0054690 secs] [Times: user=0.00 sys=0.00, real=0.00 secs] 
2012-10-20T21:24:37.864+0100: 96953.847: [GC 96953.847: [DefNew: 17953K->1125K(19136K), 0.0108940 secs] 107935K->91107K(260032K), 0.0110260 secs] [Times: user=0.01 sys=0.00, real=0.01 secs] 
2012-10-20T21:25:28.793+0100: 97004.776: [GC 97004.776: [DefNew: 18149K->905K(19136K), 0.0055680 secs] 108131K->90886K(260032K), 0.0056710 secs] [Times: user=0.01 sys=0.00, real=0.01 secs] 
2012-10-20T21:26:12.553+0100: 97048.536: [GC 97048.536: [DefNew: 17929K->1294K(19136K), 0.0063640 secs] 107910K->91276K(260032K), 0.0064650 secs] [Times: user=0.01 sys=0.00, real=0.01 secs] 
2012-10-20T21:27:02.344+0100: 97098.327: [GC 97098.328: [DefNew: 18318K->749K(19136K), 0.0065880 secs] 108300K->91118K(260032K), 0.0066910 secs] [Times: user=0.01 sys=0.00, real=0.01 secs] 
2012-10-20T21:27:52.430+0100: 97148.413: [GC 97148.413: [DefNew: 17763K->466K(19136K), 0.0045330 secs] 108133K->90835K(260032K), 0.0046370 secs] [Times: user=0.00 sys=0.00, real=0.00 secs] 
2012-10-20T21:28:37.797+0100: 97193.779: [GC 97193.780: [DefNew: 17490K->1099K(19136K), 0.0057810 secs] 107859K->91469K(260032K), 0.0058810 secs] [Times: user=0.00 sys=0.00, real=0.01 secs] 
2012-10-20T21:29:07.493+0100: 97223.476: [GC 97223.476: [DefNew: 18093K->805K(19136K), 0.0064480 secs] 108462K->91238K(260032K), 0.0065700 secs] [Times: user=0.00 sys=0.00, real=0.01 secs] 
2012-10-20T21:29:57.431+0100: 97273.414: [GC 97273.414: [DefNew: 17823K->497K(19136K), 0.0047010 secs] 108256K->90930K(260032K), 0.0047940 secs] [Times: user=0.00 sys=0.00, real=0.00 secs] 
2012-10-20T21:30:47.477+0100: 97323.460: [GC 97323.460: [DefNew: 17520K->715K(19136K), 0.0052940 secs] 107953K->91147K(260032K), 0.0053980 secs] [Times: user=0.00 sys=0.00, real=0.01 secs] 
2012-10-20T21:31:32.716+0100: 97368.699: [GC 97368.699: [DefNew: 17739K->1002K(19136K), 0.0062310 secs] 108171K->91464K(260032K), 0.0063380 secs] [Times: user=0.01 sys=0.00, real=0.01 secs] 
2012-10-20T21:32:22.535+0100: 97418.518: [GC 97418.518: [DefNew: 18026K->556K(19136K), 0.0048900 secs] 108488K->91021K(260032K), 0.0049950 secs] [Times: user=0.00 sys=0.00, real=0.01 secs] 
2012-10-20T21:33:07.826+0100: 97463.809: [GC 97463.809: [DefNew: 17580K->1095K(19136K), 0.0063650 secs] 108045K->91560K(260032K), 0.0064780 secs] [Times: user=0.01 sys=0.00, real=0.01 secs] 
2012-10-20T21:33:57.384+0100: 97513.367: [GC 97513.367: [DefNew: 18119K->879K(19136K), 0.0064850 secs] 108584K->91374K(260032K), 0.0065860 secs] [Times: user=0.00 sys=0.00, real=0.01 secs] 
2012-10-20T21:34:47.447+0100: 97563.430: [GC 97563.431: [DefNew: 17903K->429K(19136K), 0.0047100 secs] 108398K->90924K(260032K), 0.0048050 secs] [Times: user=0.00 sys=0.00, real=0.00 secs] 
2012-10-20T21:35:32.722+0100: 97608.705: [GC 97608.705: [DefNew: 17453K->965K(19136K), 0.0056630 secs] 107948K->91460K(260032K), 0.0057710 secs] [Times: user=0.01 sys=0.00, real=0.01 secs] 
2012-10-20T21:36:18.080+0100: 97654.063: [GC 97654.063: [DefNew: 17989K->1231K(19136K), 0.0061830 secs] 108484K->91726K(260032K), 0.0065120 secs] [Times: user=0.00 sys=0.00, real=0.00 secs] 
2012-10-20T21:37:07.860+0100: 97703.843: [GC 97703.843: [DefNew: 18244K->937K(19136K), 0.0102540 secs] 108739K->91529K(260032K), 0.0103740 secs] [Times: user=0.01 sys=0.00, real=0.01 secs] 
2012-10-20T21:37:57.398+0100: 97753.381: [GC 97753.381: [DefNew: 17961K->394K(19136K), 0.0047470 secs] 108553K->90986K(260032K), 0.0048470 secs] [Times: user=0.00 sys=0.00, real=0.00 secs] 
2012-10-20T21:38:42.765+0100: 97798.748: [GC 97798.748: [DefNew: 17418K->1168K(19136K), 0.0089330 secs] 108010K->91761K(260032K), 0.0090370 secs] [Times: user=0.00 sys=0.00, real=0.01 secs] 
2012-10-20T21:39:32.512+0100: 97848.495: [GC 97848.495: [DefNew: 18169K->495K(19136K), 0.0046890 secs] 108762K->91147K(260032K), 0.0047880 secs] [Times: user=0.00 sys=0.00, real=0.00 secs] 
2012-10-20T21:40:17.433+0100: 97893.416: [GC 97893.416: [DefNew: 17519K->915K(19136K), 0.0088860 secs] 108171K->91568K(260032K), 0.0089990 secs] [Times: user=0.00 sys=0.00, real=0.01 secs] 
2012-10-20T21:41:02.813+0100: 97938.796: [GC 97938.796: [DefNew: 17936K->823K(19136K), 0.0135390 secs] 108589K->91475K(260032K), 0.0136460 secs] [Times: user=0.00 sys=0.00, real=0.01 secs] 
2012-10-20T21:41:47.588+0100: 97983.571: [GC 97983.571: [DefNew: 17847K->935K(19136K), 0.0058890 secs] 108499K->91588K(260032K), 0.0059900 secs] [Times: user=0.00 sys=0.00, real=0.00 secs] 
2012-10-20T21:42:37.623+0100: 98033.606: [GC 98033.606: [DefNew: 17935K->821K(19136K), 0.0059570 secs] 108588K->91504K(260032K), 0.0066190 secs] [Times: user=0.00 sys=0.00, real=0.01 secs] 
2012-10-20T21:43:22.648+0100: 98078.631: [GC 98078.631: [DefNew: 17845K->1203K(19136K), 0.0095270 secs] 108528K->91886K(260032K), 0.0097710 secs] [Times: user=0.00 sys=0.01, real=0.01 secs] 
2012-10-20T21:44:12.643+0100: 98128.626: [GC 98128.626: [DefNew: 18227K->407K(19136K), 0.0099490 secs] 108910K->91443K(260032K), 0.0100710 secs] [Times: user=0.00 sys=0.00, real=0.01 secs] 
2012-10-20T21:44:57.559+0100: 98173.542: [GC 98173.542: [DefNew: 17431K->917K(19136K), 0.0058410 secs] 108467K->91954K(260032K), 0.0059440 secs] [Times: user=0.00 sys=0.00, real=0.00 secs] 
2012-10-20T21:45:47.651+0100: 98223.634: [GC 98223.634: [DefNew: 17941K->948K(19136K), 0.0056550 secs] 108978K->91984K(260032K), 0.0057600 secs] [Times: user=0.01 sys=0.00, real=0.00 secs] 
2012-10-20T21:46:32.581+0100: 98268.564: [GC 98268.564: [DefNew: 17972K->652K(19136K), 0.0051620 secs] 109008K->91688K(260032K), 0.0052740 secs] [Times: user=0.00 sys=0.01, real=0.00 secs] 
2012-10-20T21:47:17.823+0100: 98313.806: [GC 98313.806: [DefNew: 17676K->1135K(19136K), 0.0106170 secs] 108712K->92171K(260032K), 0.0107440 secs] [Times: user=0.01 sys=0.00, real=0.01 secs] 
2012-10-20T21:48:07.514+0100: 98363.497: [GC 98363.497: [DefNew: 18128K->624K(19136K), 0.0062660 secs] 109164K->91753K(260032K), 0.0063900 secs] [Times: user=0.00 sys=0.00, real=0.01 secs] 
2012-10-20T21:48:52.888+0100: 98408.871: [GC 98408.871: [DefNew: 17648K->1099K(19136K), 0.0066600 secs] 108777K->92228K(260032K), 0.0067820 secs] [Times: user=0.01 sys=0.00, real=0.00 secs] 
2012-10-20T21:49:42.604+0100: 98458.587: [GC 98458.587: [DefNew: 18123K->1189K(19136K), 0.0059480 secs] 109252K->92317K(260032K), 0.0060600 secs] [Times: user=0.01 sys=0.00, real=0.01 secs] 
2012-10-20T21:50:27.727+0100: 98503.710: [GC 98503.710: [DefNew: 18213K->785K(19136K), 0.0057280 secs] 109341K->92007K(260032K), 0.0058290 secs] [Times: user=0.00 sys=0.00, real=0.00 secs] 
2012-10-20T21:51:17.738+0100: 98553.721: [GC 98553.721: [DefNew: 17795K->505K(19136K), 0.0047320 secs] 109017K->91728K(260032K), 0.0048270 secs] [Times: user=0.00 sys=0.00, real=0.00 secs] 
2012-10-20T21:52:02.570+0100: 98598.552: [GC 98598.553: [DefNew: 17510K->1110K(19136K), 0.0062700 secs] 108733K->92332K(260032K), 0.0063770 secs] [Times: user=0.01 sys=0.00, real=0.00 secs] 
2012-10-20T21:52:47.601+0100: 98643.584: [GC 98643.584: [DefNew: 18134K->1220K(19136K), 0.0070160 secs] 109356K->92515K(260032K), 0.0071230 secs] [Times: user=0.00 sys=0.01, real=0.01 secs] 
2012-10-20T21:53:37.598+0100: 98693.581: [GC 98693.581: [DefNew: 18244K->280K(19136K), 0.0050140 secs] 109539K->91764K(260032K), 0.0051140 secs] [Times: user=0.00 sys=0.00, real=0.00 secs] 
2012-10-20T21:54:23.002+0100: 98738.985: [GC 98738.985: [DefNew: 17304K->969K(19136K), 0.0057210 secs] 108788K->92454K(260032K), 0.0058230 secs] [Times: user=0.00 sys=0.00, real=0.01 secs] 
2012-10-20T21:55:12.629+0100: 98788.612: [GC 98788.612: [DefNew: 17968K->747K(19136K), 0.0059330 secs] 109453K->92232K(260032K), 0.0060560 secs] [Times: user=0.00 sys=0.01, real=0.00 secs] 
2012-10-20T21:55:58.218+0100: 98834.201: [GC 98834.201: [DefNew: 17771K->1248K(19136K), 0.0060270 secs] 109256K->92733K(260032K), 0.0061310 secs] [Times: user=0.00 sys=0.00, real=0.00 secs] 
2012-10-20T21:56:47.913+0100: 98883.896: [GC 98883.896: [DefNew: 18266K->1043K(19136K), 0.0099870 secs] 109751K->92620K(260032K), 0.0101100 secs] [Times: user=0.00 sys=0.00, real=0.01 secs] 
2012-10-20T21:57:37.906+0100: 98933.889: [GC 98933.889: [DefNew: 18067K->1036K(19136K), 0.0059000 secs] 109644K->92613K(260032K), 0.0060830 secs] [Times: user=0.01 sys=0.00, real=0.01 secs] 
2012-10-20T21:58:27.913+0100: 98983.896: [GC 98983.896: [DefNew: 18060K->694K(19136K), 0.0071530 secs] 109637K->92271K(260032K), 0.0072630 secs] [Times: user=0.00 sys=0.00, real=0.01 secs] 
2012-10-20T21:59:12.628+0100: 99028.611: [GC 99028.611: [DefNew: 17718K->605K(19136K), 0.0071400 secs] 109295K->92213K(260032K), 0.0072600 secs] [Times: user=0.00 sys=0.01, real=0.00 secs] 
2012-10-20T21:59:58.151+0100: 99074.134: [GC 99074.134: [DefNew: 17629K->1188K(19136K), 0.0078980 secs] 109237K->92868K(260032K), 0.0080140 secs] [Times: user=0.01 sys=0.00, real=0.01 secs] 
2012-10-20T22:00:47.675+0100: 99123.658: [GC 99123.658: [DefNew: 18207K->916K(19136K), 0.0055790 secs] 109887K->92626K(260032K), 0.0056810 secs] [Times: user=0.00 sys=0.00, real=0.01 secs] 
2012-10-20T22:01:33.078+0100: 99169.060: [GC 99169.061: [DefNew: 17940K->1294K(19136K), 0.0113820 secs] 109650K->93003K(260032K), 0.0115120 secs] [Times: user=0.01 sys=0.00, real=0.01 secs] 
2012-10-20T22:02:22.840+0100: 99218.823: [GC 99218.823: [DefNew: 18318K->1009K(19136K), 0.0054030 secs] 110027K->92948K(260032K), 0.0055180 secs] [Times: user=0.00 sys=0.00, real=0.00 secs] 
2012-10-20T22:03:12.682+0100: 99268.665: [GC 99268.665: [DefNew: 18015K->499K(19136K), 0.0046810 secs] 109954K->92438K(260032K), 0.0047770 secs] [Times: user=0.00 sys=0.00, real=0.00 secs] 
2012-10-20T22:03:58.313+0100: 99314.296: [GC 99314.296: [DefNew: 17523K->1004K(19136K), 0.0059690 secs] 109462K->92943K(260032K), 0.0061040 secs] [Times: user=0.01 sys=0.00, real=0.01 secs] 
2012-10-20T22:04:47.963+0100: 99363.946: [GC 99363.946: [DefNew: 18026K->1033K(19136K), 0.0059460 secs] 109964K->92971K(260032K), 0.0060530 secs] [Times: user=0.01 sys=0.00, real=0.01 secs] 
2012-10-20T22:05:37.659+0100: 99413.642: [GC 99413.642: [DefNew: 18036K->746K(19136K), 0.0058870 secs] 109974K->92685K(260032K), 0.0059920 secs] [Times: user=0.01 sys=0.00, real=0.00 secs] 
2012-10-20T22:06:22.967+0100: 99458.950: [GC 99458.950: [DefNew: 17770K->1356K(19136K), 0.0064920 secs] 109709K->93295K(260032K), 0.0066000 secs] [Times: user=0.01 sys=0.00, real=0.01 secs] 
2012-10-20T22:07:12.798+0100: 99508.781: [GC 99508.781: [DefNew: 18380K->685K(19136K), 0.0060080 secs] 110319K->92917K(260032K), 0.0061070 secs] [Times: user=0.00 sys=0.00, real=0.00 secs] 
2012-10-20T22:07:57.748+0100: 99553.731: [GC 99553.731: [DefNew: 17709K->1065K(19136K), 0.0060030 secs] 109941K->93297K(260032K), 0.0061100 secs] [Times: user=0.00 sys=0.00, real=0.00 secs] 
2012-10-20T22:08:47.772+0100: 99603.755: [GC 99603.755: [DefNew: 18089K->813K(19136K), 0.0056410 secs] 110321K->93044K(260032K), 0.0057410 secs] [Times: user=0.00 sys=0.00, real=0.01 secs] 
2012-10-20T22:09:37.747+0100: 99653.730: [GC 99653.730: [DefNew: 17837K->865K(19136K), 0.0055110 secs] 110068K->93097K(260032K), 0.0056110 secs] [Times: user=0.00 sys=0.00, real=0.00 secs] 
2012-10-20T22:10:22.914+0100: 99698.897: [GC 99698.897: [DefNew: 17889K->1036K(19136K), 0.0058860 secs] 110121K->93268K(260032K), 0.0060720 secs] [Times: user=0.01 sys=0.00, real=0.01 secs] 
2012-10-20T22:11:12.743+0100: 99748.726: [GC 99748.726: [DefNew: 18057K->960K(19136K), 0.0066100 secs] 110289K->93191K(260032K), 0.0067410 secs] [Times: user=0.01 sys=0.00, real=0.01 secs] 
2012-10-20T22:12:02.854+0100: 99798.837: [GC 99798.837: [DefNew: 17984K->882K(19136K), 0.0061440 secs] 110215K->93113K(260032K), 0.0062750 secs] [Times: user=0.01 sys=0.00, real=0.01 secs] 
2012-10-20T22:12:52.919+0100: 99848.902: [GC 99848.902: [DefNew: 17906K->493K(19136K), 0.0059990 secs] 110137K->92724K(260032K), 0.0061100 secs] [Times: user=0.00 sys=0.00, real=0.00 secs] 
2012-10-20T22:13:37.784+0100: 99893.767: [GC 99893.767: [DefNew: 17485K->839K(19136K), 0.0052520 secs] 109716K->93071K(260032K), 0.0053650 secs] [Times: user=0.00 sys=0.00, real=0.01 secs] 
2012-10-20T22:14:27.852+0100: 99943.835: [GC 99943.835: [DefNew: 17857K->437K(19136K), 0.0056250 secs] 110089K->92699K(260032K), 0.0057260 secs] [Times: user=0.00 sys=0.00, real=0.01 secs] 
2012-10-20T22:15:13.015+0100: 99988.998: [GC 99988.998: [DefNew: 17445K->689K(19136K), 0.0055650 secs] 109707K->92980K(260032K), 0.0056840 secs] [Times: user=0.01 sys=0.00, real=0.01 secs] 
2012-10-20T22:15:56.968+0100: 100032.951: [GC 100032.951: [DefNew: 17691K->948K(19136K), 0.0055650 secs] 109982K->93240K(260032K), 0.0056640 secs] [Times: user=0.00 sys=0.00, real=0.00 secs] 
2012-10-20T22:16:42.962+0100: 100078.945: [GC 100078.945: [DefNew: 17972K->1169K(19136K), 0.0074590 secs] 110264K->93461K(260032K), 0.0075850 secs] [Times: user=0.01 sys=0.00, real=0.01 secs] 
2012-10-20T22:17:32.945+0100: 100128.928: [GC 100128.928: [DefNew: 18167K->781K(19136K), 0.0061420 secs] 110458K->93211K(260032K), 0.0062610 secs] [Times: user=0.01 sys=0.00, real=0.01 secs] 
2012-10-20T22:18:18.463+0100: 100174.446: [GC 100174.446: [DefNew: 17805K->1096K(19136K), 0.0058340 secs] 110235K->93525K(260032K), 0.0059350 secs] [Times: user=0.01 sys=0.00, real=0.01 secs] 
2012-10-20T22:19:07.781+0100: 100223.764: [GC 100223.764: [DefNew: 18120K->845K(19136K), 0.0059390 secs] 110549K->93401K(260032K), 0.0060470 secs] [Times: user=0.01 sys=0.00, real=0.01 secs] 
2012-10-20T22:19:57.905+0100: 100273.888: [GC 100273.889: [DefNew: 17866K->470K(19136K), 0.0046690 secs] 110422K->93026K(260032K), 0.0047740 secs] [Times: user=0.00 sys=0.00, real=0.01 secs] 
2012-10-20T22:20:42.829+0100: 100318.812: [GC 100318.812: [DefNew: 17486K->812K(19136K), 0.0052680 secs] 110042K->93369K(260032K), 0.0053700 secs] [Times: user=0.00 sys=0.00, real=0.00 secs] 
2012-10-20T22:21:33.106+0100: 100369.089: [GC 100369.089: [DefNew: 17836K->367K(19136K), 0.0048950 secs] 110393K->92923K(260032K), 0.0049950 secs] [Times: user=0.00 sys=0.00, real=0.01 secs] 
2012-10-20T22:22:18.110+0100: 100414.093: [GC 100414.093: [DefNew: 17391K->1064K(19136K), 0.0080230 secs] 109947K->93650K(260032K), 0.0081350 secs] [Times: user=0.01 sys=0.00, real=0.01 secs] 
2012-10-20T22:23:07.890+0100: 100463.873: [GC 100463.873: [DefNew: 18064K->723K(19136K), 0.0050150 secs] 110650K->93434K(260032K), 0.0051210 secs] [Times: user=0.01 sys=0.00, real=0.00 secs] 
2012-10-20T22:23:53.115+0100: 100509.098: [GC 100509.099: [DefNew: 17747K->1090K(19136K), 0.0057920 secs] 110458K->93801K(260032K), 0.0058940 secs] [Times: user=0.00 sys=0.00, real=0.01 secs] 
2012-10-20T22:24:42.847+0100: 100558.830: [GC 100558.830: [DefNew: 18114K->810K(19136K), 0.0058600 secs] 110825K->93522K(260032K), 0.0059620 secs] [Times: user=0.00 sys=0.00, real=0.01 secs] 
2012-10-20T22:25:27.819+0100: 100603.802: [GC 100603.802: [DefNew: 17834K->1136K(19136K), 0.0059660 secs] 110546K->93847K(260032K), 0.0060760 secs] [Times: user=0.00 sys=0.00, real=0.00 secs] 
2012-10-20T22:26:17.940+0100: 100653.922: [GC 100653.923: [DefNew: 18156K->527K(19136K), 0.0050170 secs] 110867K->93330K(260032K), 0.0051150 secs] [Times: user=0.00 sys=0.00, real=0.00 secs] 
2012-10-20T22:27:03.342+0100: 100699.325: [GC 100699.325: [DefNew: 17523K->1065K(19136K), 0.0059470 secs] 110326K->93868K(260032K), 0.0060510 secs] [Times: user=0.01 sys=0.00, real=0.01 secs] 
2012-10-20T22:27:52.907+0100: 100748.890: [GC 100748.890: [DefNew: 18089K->749K(19136K), 0.0066960 secs] 110892K->93552K(260032K), 0.0068090 secs] [Times: user=0.01 sys=0.00, real=0.01 secs] 
2012-10-20T22:28:42.902+0100: 100798.885: [GC 100798.885: [DefNew: 17755K->749K(19136K), 0.0065210 secs] 110559K->93553K(260032K), 0.0066310 secs] [Times: user=0.00 sys=0.00, real=0.01 secs] 
2012-10-20T22:29:00.875+0100: 100816.858: [GC 100816.858: [DefNew: 17773K->1111K(19136K), 0.0056400 secs] 110577K->93914K(260032K), 0.0057420 secs] [Times: user=0.00 sys=0.00, real=0.01 secs] 
2012-10-20T22:29:42.824+0100: 100858.807: [GC 100858.807: [DefNew: 18116K->723K(19136K), 0.0052890 secs] 110920K->93589K(260032K), 0.0053960 secs] [Times: user=0.00 sys=0.00, real=0.01 secs] 
2012-10-20T22:30:27.834+0100: 100903.817: [GC 100903.817: [DefNew: 17747K->1177K(19136K), 0.0063250 secs] 110613K->94043K(260032K), 0.0064430 secs] [Times: user=0.01 sys=0.00, real=0.01 secs] 
2012-10-20T22:31:18.064+0100: 100954.047: [GC 100954.047: [DefNew: 18197K->600K(19136K), 0.0051670 secs] 111063K->93561K(260032K), 0.0052670 secs] [Times: user=0.01 sys=0.00, real=0.01 secs] 
2012-10-20T22:32:03.222+0100: 100999.205: [GC 100999.205: [DefNew: 17618K->1385K(19136K), 0.0062660 secs] 110578K->94346K(260032K), 0.0063890 secs] [Times: user=0.01 sys=0.00, real=0.01 secs] 
2012-10-20T22:32:53.118+0100: 101049.101: [GC 101049.101: [DefNew: 18409K->913K(19136K), 0.0067150 secs] 111370K->94168K(260032K), 0.0068290 secs] [Times: user=0.00 sys=0.00, real=0.00 secs] 
2012-10-20T22:33:42.901+0100: 101098.884: [GC 101098.884: [DefNew: 17932K->685K(19136K), 0.0050660 secs] 111186K->93939K(260032K), 0.0051690 secs] [Times: user=0.00 sys=0.00, real=0.00 secs] 
2012-10-20T22:34:32.901+0100: 101148.884: [GC 101148.884: [DefNew: 17709K->426K(19136K), 0.0054560 secs] 110963K->93680K(260032K), 0.0055610 secs] [Times: user=0.00 sys=0.00, real=0.00 secs] 
2012-10-20T22:35:18.176+0100: 101194.159: [GC 101194.159: [DefNew: 17441K->782K(19136K), 0.0053280 secs] 110695K->94036K(260032K), 0.0055320 secs] [Times: user=0.00 sys=0.00, real=0.01 secs] 
2012-10-20T22:36:03.268+0100: 101239.251: [GC 101239.251: [DefNew: 17806K->1158K(19136K), 0.0064640 secs] 111060K->94412K(260032K), 0.0066470 secs] [Times: user=0.01 sys=0.00, real=0.00 secs] 
2012-10-20T22:36:52.887+0100: 101288.870: [GC 101288.870: [DefNew: 18182K->1006K(19136K), 0.0059390 secs] 111436K->94354K(260032K), 0.0060430 secs] [Times: user=0.00 sys=0.00, real=0.01 secs] 
2012-10-20T22:37:43.044+0100: 101339.027: [GC 101339.027: [DefNew: 18026K->652K(19136K), 0.0049600 secs] 111373K->94000K(260032K), 0.0050550 secs] [Times: user=0.00 sys=0.00, real=0.01 secs] 
2012-10-20T22:38:28.227+0100: 101384.210: [GC 101384.210: [DefNew: 17676K->1067K(19136K), 0.0058400 secs] 111024K->94415K(260032K), 0.0059620 secs] [Times: user=0.00 sys=0.00, real=0.01 secs] 
2012-10-20T22:39:17.908+0100: 101433.891: [GC 101433.891: [DefNew: 18091K->398K(19136K), 0.0096220 secs] 111439K->93809K(260032K), 0.0097400 secs] [Times: user=0.00 sys=0.01, real=0.01 secs] 
2012-10-20T22:40:03.048+0100: 101479.031: [GC 101479.031: [DefNew: 17422K->821K(19136K), 0.0061470 secs] 110833K->94231K(260032K), 0.0062600 secs] [Times: user=0.01 sys=0.00, real=0.00 secs] 
2012-10-20T22:40:53.092+0100: 101529.075: [GC 101529.075: [DefNew: 17845K->594K(19136K), 0.0049530 secs] 111255K->94005K(260032K), 0.0056270 secs] [Times: user=0.01 sys=0.00, real=0.01 secs] 
2012-10-20T22:41:37.920+0100: 101573.903: [GC 101573.903: [DefNew: 17618K->982K(19136K), 0.0038560 secs] 111029K->94392K(260032K), 0.0039620 secs] [Times: user=0.00 sys=0.00, real=0.00 secs] 
2012-10-20T22:42:27.948+0100: 101623.931: [GC 101623.931: [DefNew: 17998K->474K(19136K), 0.0055070 secs] 111408K->93884K(260032K), 0.0056090 secs] [Times: user=0.00 sys=0.00, real=0.00 secs] 
2012-10-20T22:43:13.418+0100: 101669.401: [GC 101669.401: [DefNew: 17497K->1277K(19136K), 0.0063880 secs] 110908K->94687K(260032K), 0.0065000 secs] [Times: user=0.01 sys=0.00, real=0.00 secs] 
2012-10-20T22:43:59.330+0100: 101715.313: [GC 101715.313: [DefNew: 18301K->1033K(19136K), 0.0067650 secs] 111711K->94678K(260032K), 0.0068640 secs] [Times: user=0.00 sys=0.00, real=0.00 secs] 
2012-10-20T22:44:48.001+0100: 101763.984: [GC 101763.984: [DefNew: 18056K->1090K(19136K), 0.0063130 secs] 111700K->94734K(260032K), 0.0064240 secs] [Times: user=0.01 sys=0.00, real=0.01 secs] 
2012-10-20T22:45:38.009+0100: 101813.992: [GC 101813.992: [DefNew: 18106K->810K(19136K), 0.0069200 secs] 111750K->94549K(260032K), 0.0112040 secs] [Times: user=0.01 sys=0.00, real=0.01 secs] 
2012-10-20T22:46:23.256+0100: 101859.239: [GC 101859.239: [DefNew: 17834K->1396K(19136K), 0.0064060 secs] 111573K->95135K(260032K), 0.0065100 secs] [Times: user=0.01 sys=0.00, real=0.01 secs] 
2012-10-20T22:47:13.164+0100: 101909.147: [GC 101909.147: [DefNew: 18407K->716K(19136K), 0.0062750 secs] 112146K->94728K(260032K), 0.0063900 secs] [Times: user=0.01 sys=0.00, real=0.01 secs] 
2012-10-20T22:48:03.002+0100: 101958.985: [GC 101958.985: [DefNew: 17740K->619K(19136K), 0.0049500 secs] 111752K->94631K(260032K), 0.0050750 secs] [Times: user=0.01 sys=0.00, real=0.00 secs] 
2012-10-20T22:48:48.281+0100: 102004.264: [GC 102004.264: [DefNew: 17643K->1162K(19136K), 0.0062930 secs] 111655K->95174K(260032K), 0.0064570 secs] [Times: user=0.00 sys=0.00, real=0.01 secs] 
2012-10-20T22:49:37.992+0100: 102053.975: [GC 102053.975: [DefNew: 18156K->784K(19136K), 0.0055400 secs] 112168K->94889K(260032K), 0.0056950 secs] [Times: user=0.00 sys=0.00, real=0.01 secs] 
2012-10-20T22:50:28.018+0100: 102104.001: [GC 102104.001: [DefNew: 17794K->633K(19136K), 0.0051960 secs] 111899K->94738K(260032K), 0.0052920 secs] [Times: user=0.01 sys=0.00, real=0.00 secs] 
2012-10-20T22:51:13.482+0100: 102149.465: [GC 102149.465: [DefNew: 17657K->1174K(19136K), 0.0063790 secs] 111762K->95279K(260032K), 0.0064780 secs] [Times: user=0.00 sys=0.00, real=0.01 secs] 
2012-10-20T22:52:03.029+0100: 102199.012: [GC 102199.012: [DefNew: 18167K->590K(19136K), 0.0052300 secs] 112273K->94768K(260032K), 0.0053260 secs] [Times: user=0.00 sys=0.00, real=0.00 secs] 
2012-10-20T22:52:53.199+0100: 102249.182: [GC 102249.182: [DefNew: 17614K->560K(19136K), 0.0049800 secs] 111792K->94739K(260032K), 0.0050800 secs] [Times: user=0.00 sys=0.00, real=0.00 secs] 
2012-10-20T22:53:38.065+0100: 102294.048: [GC 102294.048: [DefNew: 17584K->1035K(19136K), 0.0060610 secs] 111763K->95213K(260032K), 0.0061660 secs] [Times: user=0.01 sys=0.00, real=0.01 secs] 
2012-10-20T22:54:23.452+0100: 102339.435: [GC 102339.435: [DefNew: 18059K->1158K(19136K), 0.0066030 secs] 112237K->95337K(260032K), 0.0067400 secs] [Times: user=0.01 sys=0.00, real=0.01 secs] 
2012-10-20T22:55:08.085+0100: 102384.068: [GC 102384.068: [DefNew: 18182K->959K(19136K), 0.0059940 secs] 112361K->95201K(260032K), 0.0060940 secs] [Times: user=0.00 sys=0.00, real=0.01 secs] 
2012-10-20T22:55:58.123+0100: 102434.106: [GC 102434.106: [DefNew: 17983K->914K(19136K), 0.0060920 secs] 112225K->95156K(260032K), 0.0062020 secs] [Times: user=0.00 sys=0.00, real=0.01 secs] 
2012-10-20T22:56:48.076+0100: 102484.059: [GC 102484.059: [DefNew: 17920K->822K(19136K), 0.0057010 secs] 112162K->95064K(260032K), 0.0058590 secs] [Times: user=0.00 sys=0.00, real=0.01 secs] 
2012-10-20T22:57:33.426+0100: 102529.409: [GC 102529.409: [DefNew: 17846K->1360K(19136K), 0.0067100 secs] 112088K->95603K(260032K), 0.0068200 secs] [Times: user=0.01 sys=0.00, real=0.01 secs] 
2012-10-20T22:58:23.111+0100: 102579.094: [GC 102579.094: [DefNew: 18384K->756K(19136K), 0.0066550 secs] 112627K->95271K(260032K), 0.0067610 secs] [Times: user=0.01 sys=0.00, real=0.01 secs] 
2012-10-20T22:59:08.397+0100: 102624.380: [GC 102624.380: [DefNew: 17777K->940K(19136K), 0.0064050 secs] 112292K->95455K(260032K), 0.0065390 secs] [Times: user=0.00 sys=0.00, real=0.01 secs] 
2012-10-20T22:59:58.080+0100: 102674.063: [GC 102674.063: [DefNew: 17960K->716K(19136K), 0.0081100 secs] 112474K->95230K(260032K), 0.0082390 secs] [Times: user=0.00 sys=0.00, real=0.01 secs] 
2012-10-20T23:00:48.152+0100: 102724.135: [GC 102724.135: [DefNew: 17736K->641K(19136K), 0.0055280 secs] 112250K->95156K(260032K), 0.0056270 secs] [Times: user=0.01 sys=0.00, real=0.01 secs] 
2012-10-20T23:01:33.186+0100: 102769.169: [GC 102769.169: [DefNew: 17659K->851K(19136K), 0.0061030 secs] 112173K->95366K(260032K), 0.0062020 secs] [Times: user=0.01 sys=0.00, real=0.01 secs] 
2012-10-20T23:02:23.217+0100: 102819.200: [GC 102819.200: [DefNew: 17867K->535K(19136K), 0.0051250 secs] 112383K->95051K(260032K), 0.0052220 secs] [Times: user=0.01 sys=0.00, real=0.01 secs] 
2012-10-20T23:03:08.405+0100: 102864.388: [GC 102864.388: [DefNew: 17559K->1204K(19136K), 0.0062070 secs] 112075K->95719K(260032K), 0.0063190 secs] [Times: user=0.00 sys=0.00, real=0.01 secs] 
2012-10-20T23:03:58.337+0100: 102914.320: [GC 102914.320: [DefNew: 18228K->714K(19136K), 0.0075320 secs] 112743K->95304K(260032K), 0.0076540 secs] [Times: user=0.00 sys=0.00, real=0.01 secs] 
2012-10-20T23:04:43.463+0100: 102959.446: [GC 102959.446: [DefNew: 17738K->1130K(19136K), 0.0058350 secs] 112328K->95719K(260032K), 0.0059440 secs] [Times: user=0.01 sys=0.00, real=0.01 secs] 
2012-10-20T23:05:33.220+0100: 103009.203: [GC 103009.203: [DefNew: 18122K->680K(19136K), 0.0053480 secs] 112712K->95362K(260032K), 0.0054480 secs] [Times: user=0.00 sys=0.00, real=0.00 secs] 
2012-10-20T23:06:18.429+0100: 103054.412: [GC 103054.412: [DefNew: 17704K->1064K(19136K), 0.0058030 secs] 112386K->95747K(260032K), 0.0059100 secs] [Times: user=0.00 sys=0.00, real=0.00 secs] 
2012-10-20T23:07:08.448+0100: 103104.431: [GC 103104.431: [DefNew: 18088K->450K(19136K), 0.0045690 secs] 112770K->95132K(260032K), 0.0046630 secs] [Times: user=0.00 sys=0.00, real=0.00 secs] 
2012-10-20T23:07:53.467+0100: 103149.450: [GC 103149.450: [DefNew: 17474K->1036K(19136K), 0.0052600 secs] 112156K->95718K(260032K), 0.0053580 secs] [Times: user=0.00 sys=0.00, real=0.01 secs] 
2012-10-20T23:08:44.262+0100: 103200.245: [GC 103200.245: [DefNew: 18060K->1096K(19136K), 0.0062460 secs] 112742K->95778K(260032K), 0.0064060 secs] [Times: user=0.01 sys=0.00, real=0.01 secs] 
2012-10-20T23:09:33.503+0100: 103249.486: [GC 103249.486: [DefNew: 18096K->686K(19136K), 0.0054380 secs] 112779K->95430K(260032K), 0.0055360 secs] [Times: user=0.01 sys=0.00, real=0.01 secs] 
2012-10-20T23:10:18.293+0100: 103294.275: [GC 103294.276: [DefNew: 17710K->810K(19136K), 0.0070310 secs] 112454K->95555K(260032K), 0.0071380 secs] [Times: user=0.00 sys=0.00, real=0.01 secs] 
2012-10-20T23:11:03.543+0100: 103339.525: [GC 103339.526: [DefNew: 17834K->1168K(19136K), 0.0063980 secs] 112579K->95913K(260032K), 0.0065130 secs] [Times: user=0.01 sys=0.00, real=0.01 secs] 
2012-10-20T23:11:53.462+0100: 103389.445: [GC 103389.445: [DefNew: 18192K->602K(19136K), 0.0069280 secs] 112937K->95439K(260032K), 0.0070330 secs] [Times: user=0.01 sys=0.00, real=0.01 secs] 
2012-10-20T23:12:38.477+0100: 103434.460: [GC 103434.460: [DefNew: 17626K->1115K(19136K), 0.0061690 secs] 112463K->95952K(260032K), 0.0063090 secs] [Times: user=0.00 sys=0.00, real=0.01 secs] 
2012-10-20T23:13:28.362+0100: 103484.345: [GC 103484.345: [DefNew: 18139K->1115K(19136K), 0.0066480 secs] 112976K->96026K(260032K), 0.0067510 secs] [Times: user=0.01 sys=0.00, real=0.01 secs] 
2012-10-20T23:14:18.429+0100: 103534.412: [GC 103534.412: [DefNew: 18119K->462K(19136K), 0.0048170 secs] 113029K->95373K(260032K), 0.0049110 secs] [Times: user=0.01 sys=0.00, real=0.00 secs] 
2012-10-20T23:15:03.540+0100: 103579.523: [GC 103579.523: [DefNew: 17486K->1249K(19136K), 0.0091340 secs] 112397K->96160K(260032K), 0.0092720 secs] [Times: user=0.00 sys=0.00, real=0.01 secs] 
2012-10-20T23:15:53.538+0100: 103629.521: [GC 103629.521: [DefNew: 18273K->1052K(19136K), 0.0062750 secs] 113184K->96117K(260032K), 0.0063910 secs] [Times: user=0.00 sys=0.00, real=0.00 secs] 
2012-10-20T23:16:43.280+0100: 103679.263: [GC 103679.263: [DefNew: 18056K->634K(19136K), 0.0049020 secs] 113121K->95699K(260032K), 0.0049980 secs] [Times: user=0.00 sys=0.00, real=0.00 secs] 
2012-10-20T23:17:28.506+0100: 103724.489: [GC 103724.489: [DefNew: 17628K->1075K(19136K), 0.0064210 secs] 112694K->96140K(260032K), 0.0065170 secs] [Times: user=0.01 sys=0.00, real=0.01 secs] 
2012-10-20T23:18:13.504+0100: 103769.487: [GC 103769.487: [DefNew: 18099K->1159K(19136K), 0.0139680 secs] 113164K->96298K(260032K), 0.0141160 secs] [Times: user=0.00 sys=0.00, real=0.02 secs] 
2012-10-20T23:19:03.207+0100: 103819.190: [GC 103819.190: [DefNew: 18153K->846K(19136K), 0.0094810 secs] 113292K->96015K(260032K), 0.0096070 secs] [Times: user=0.01 sys=0.00, real=0.01 secs] 
2012-10-20T23:19:48.534+0100: 103864.517: [GC 103864.517: [DefNew: 17843K->1192K(19136K), 0.0094810 secs] 113013K->96361K(260032K), 0.0096180 secs] [Times: user=0.00 sys=0.00, real=0.01 secs] 
2012-10-20T23:20:38.227+0100: 103914.210: [GC 103914.210: [DefNew: 18216K->215K(19136K), 0.0111470 secs] 113385K->95573K(260032K), 0.0114360 secs] [Times: user=0.01 sys=0.00, real=0.02 secs] 
2012-10-20T23:21:23.256+0100: 103959.239: [GC 103959.239: [DefNew: 17239K->789K(19136K), 0.0055820 secs] 112597K->96146K(260032K), 0.0056800 secs] [Times: user=0.00 sys=0.00, real=0.01 secs] 
2012-10-20T23:22:13.403+0100: 104009.386: [GC 104009.386: [DefNew: 17813K->893K(19136K), 0.0055070 secs] 113170K->96251K(260032K), 0.0056230 secs] [Times: user=0.00 sys=0.00, real=0.01 secs] 
2012-10-20T23:22:58.216+0100: 104054.199: [GC 104054.199: [DefNew: 17901K->498K(19136K), 0.0057380 secs] 113258K->95856K(260032K), 0.0058500 secs] [Times: user=0.01 sys=0.00, real=0.01 secs] 
2012-10-20T23:23:43.517+0100: 104099.500: [GC 104099.500: [DefNew: 17494K->1127K(19136K), 0.0063390 secs] 112852K->96485K(260032K), 0.0064390 secs] [Times: user=0.01 sys=0.00, real=0.01 secs] 
2012-10-20T23:24:33.340+0100: 104149.322: [GC 104149.323: [DefNew: 18140K->430K(19136K), 0.0047240 secs] 113498K->95852K(260032K), 0.0048170 secs] [Times: user=0.00 sys=0.00, real=0.00 secs] 
2012-10-20T23:25:15.360+0100: 104191.343: [GC 104191.343: [DefNew: 17454K->903K(19136K), 0.0055020 secs] 112876K->96325K(260032K), 0.0056130 secs] [Times: user=0.01 sys=0.00, real=0.00 secs] 
2012-10-20T23:26:03.302+0100: 104239.285: [GC 104239.285: [DefNew: 17907K->618K(19136K), 0.0070130 secs] 113328K->96040K(260032K), 0.0071340 secs] [Times: user=0.01 sys=0.00, real=0.01 secs] 
2012-10-20T23:26:48.541+0100: 104284.524: [GC 104284.524: [DefNew: 17642K->1064K(19136K), 0.0057510 secs] 113064K->96486K(260032K), 0.0058530 secs] [Times: user=0.00 sys=0.00, real=0.00 secs] 
2012-10-20T23:27:38.667+0100: 104334.650: [GC 104334.650: [DefNew: 18064K->1190K(19136K), 0.0061100 secs] 113486K->96612K(260032K), 0.0062130 secs] [Times: user=0.01 sys=0.00, real=0.01 secs] 
2012-10-20T23:28:28.436+0100: 104384.419: [GC 104384.419: [DefNew: 18207K->718K(19136K), 0.0056510 secs] 113630K->96329K(260032K), 0.0057590 secs] [Times: user=0.01 sys=0.00, real=0.01 secs] 
2012-10-20T23:28:58.319+0100: 104414.302: [GC 104414.302: [DefNew: 17742K->834K(19136K), 0.0068040 secs] 113353K->96445K(260032K), 0.0069190 secs] [Times: user=0.00 sys=0.00, real=0.00 secs] 
2012-10-20T23:29:48.330+0100: 104464.313: [GC 104464.313: [DefNew: 17844K->497K(19136K), 0.0047310 secs] 113454K->96108K(260032K), 0.0048600 secs] [Times: user=0.00 sys=0.01, real=0.00 secs] 
2012-10-20T23:30:33.788+0100: 104509.771: [GC 104509.771: [DefNew: 17521K->1067K(19136K), 0.0068010 secs] 113132K->96678K(260032K), 0.0069050 secs] [Times: user=0.00 sys=0.00, real=0.00 secs] 
2012-10-20T23:31:23.360+0100: 104559.343: [GC 104559.343: [DefNew: 18087K->528K(19136K), 0.0048000 secs] 113698K->96171K(260032K), 0.0048950 secs] [Times: user=0.00 sys=0.00, real=0.00 secs] 
2012-10-20T23:32:08.601+0100: 104604.584: [GC 104604.584: [DefNew: 17521K->1400K(19136K), 0.0066810 secs] 113164K->97043K(260032K), 0.0068120 secs] [Times: user=0.01 sys=0.00, real=0.01 secs] 
2012-10-20T23:32:58.568+0100: 104654.551: [GC 104654.551: [DefNew: 18424K->557K(19136K), 0.0057610 secs] 114067K->96477K(260032K), 0.0058590 secs] [Times: user=0.00 sys=0.00, real=0.00 secs] 
2012-10-20T23:33:43.677+0100: 104699.660: [GC 104699.660: [DefNew: 17578K->1048K(19136K), 0.0059360 secs] 113499K->96969K(260032K), 0.0060400 secs] [Times: user=0.01 sys=0.00, real=0.01 secs] 
2012-10-20T23:34:28.317+0100: 104744.300: [GC 104744.300: [DefNew: 18057K->503K(19136K), 0.0055260 secs] 113977K->96423K(260032K), 0.0056210 secs] [Times: user=0.01 sys=0.00, real=0.01 secs] 
2012-10-20T23:35:13.694+0100: 104789.677: [GC 104789.677: [DefNew: 17527K->1229K(19136K), 0.0059570 secs] 113447K->97149K(260032K), 0.0060630 secs] [Times: user=0.00 sys=0.00, real=0.01 secs] 
2012-10-20T23:36:03.578+0100: 104839.561: [GC 104839.561: [DefNew: 18253K->884K(19136K), 0.0058790 secs] 114173K->96937K(260032K), 0.0059800 secs] [Times: user=0.00 sys=0.00, real=0.00 secs] 
2012-10-20T23:36:48.656+0100: 104884.639: [GC 104884.639: [DefNew: 17885K->1227K(19136K), 0.0100980 secs] 113938K->97281K(260032K), 0.0102250 secs] [Times: user=0.01 sys=0.00, real=0.01 secs] 
2012-10-20T23:37:38.336+0100: 104934.319: [GC 104934.319: [DefNew: 18234K->657K(19136K), 0.0055770 secs] 114288K->96867K(260032K), 0.0057000 secs] [Times: user=0.00 sys=0.00, real=0.01 secs] 
2012-10-20T23:38:23.725+0100: 104979.708: [GC 104979.708: [DefNew: 17665K->938K(19136K), 0.0058340 secs] 113875K->97148K(260032K), 0.0059340 secs] [Times: user=0.00 sys=0.00, real=0.01 secs] 
2012-10-20T23:39:13.390+0100: 105029.373: [GC 105029.373: [DefNew: 17962K->594K(19136K), 0.0049820 secs] 114172K->96804K(260032K), 0.0050940 secs] [Times: user=0.00 sys=0.00, real=0.00 secs] 
2012-10-20T23:39:58.943+0100: 105074.926: [GC 105074.926: [DefNew: 17618K->1061K(19136K), 0.0064880 secs] 113828K->97271K(260032K), 0.0065930 secs] [Times: user=0.00 sys=0.00, real=0.01 secs] 
2012-10-20T23:40:48.377+0100: 105124.360: [GC 105124.360: [DefNew: 18085K->682K(19136K), 0.0046560 secs] 114295K->96954K(260032K), 0.0047280 secs] [Times: user=0.00 sys=0.00, real=0.00 secs] 
2012-10-20T23:41:33.308+0100: 105169.291: [GC 105169.291: [DefNew: 17684K->842K(19136K), 0.0059860 secs] 113956K->97115K(260032K), 0.0060830 secs] [Times: user=0.00 sys=0.00, real=0.00 secs] 
2012-10-20T23:42:18.650+0100: 105214.633: [GC 105214.633: [DefNew: 17866K->1264K(19136K), 0.0063090 secs] 114139K->97536K(260032K), 0.0064130 secs] [Times: user=0.00 sys=0.00, real=0.00 secs] 
2012-10-20T23:43:08.410+0100: 105264.393: [GC 105264.393: [DefNew: 18288K->619K(19136K), 0.0036900 secs] 114560K->97018K(260032K), 0.0038020 secs] [Times: user=0.00 sys=0.00, real=0.00 secs] 
2012-10-20T23:43:54.132+0100: 105310.115: [GC 105310.115: [DefNew: 17643K->1104K(19136K), 0.0043250 secs] 114042K->97504K(260032K), 0.0044070 secs] [Times: user=0.00 sys=0.00, real=0.00 secs] 
2012-10-20T23:44:43.915+0100: 105359.898: [GC 105359.898: [DefNew: 18128K->926K(19136K), 0.0105390 secs] 114528K->97482K(260032K), 0.0106630 secs] [Times: user=0.00 sys=0.00, real=0.01 secs] 
2012-10-20T23:45:33.407+0100: 105409.390: [GC 105409.390: [DefNew: 17950K->810K(19136K), 0.0054570 secs] 114506K->97365K(260032K), 0.0055600 secs] [Times: user=0.01 sys=0.00, real=0.01 secs] 
2012-10-20T23:46:18.737+0100: 105454.720: [GC 105454.720: [DefNew: 17834K->1066K(19136K), 0.0063310 secs] 114389K->97621K(260032K), 0.0064360 secs] [Times: user=0.01 sys=0.00, real=0.00 secs] 
2012-10-20T23:47:08.910+0100: 105504.893: [GC 105504.893: [DefNew: 18090K->1131K(19136K), 0.0071330 secs] 114645K->97687K(260032K), 0.0072460 secs] [Times: user=0.00 sys=0.01, real=0.00 secs] 
2012-10-20T23:47:57.492+0100: 105553.475: [GC 105553.475: [DefNew: 18155K->372K(19136K), 0.0049600 secs] 114711K->97116K(260032K), 0.0050540 secs] [Times: user=0.01 sys=0.00, real=0.00 secs] 
2012-10-20T23:48:43.972+0100: 105599.955: [GC 105599.955: [DefNew: 17388K->1092K(19136K), 0.0058710 secs] 114132K->97836K(260032K), 0.0059780 secs] [Times: user=0.01 sys=0.00, real=0.01 secs] 
2012-10-20T23:49:33.587+0100: 105649.570: [GC 105649.570: [DefNew: 18089K->685K(19136K), 0.0051640 secs] 114833K->97430K(260032K), 0.0052610 secs] [Times: user=0.00 sys=0.00, real=0.01 secs] 
2012-10-20T23:50:18.490+0100: 105694.473: [GC 105694.473: [DefNew: 17679K->797K(19136K), 0.0052480 secs] 114423K->97541K(260032K), 0.0053630 secs] [Times: user=0.00 sys=0.00, real=0.00 secs] 
2012-10-20T23:51:03.637+0100: 105739.620: [GC 105739.620: [DefNew: 17821K->1190K(19136K), 0.0061010 secs] 114565K->97934K(260032K), 0.0062020 secs] [Times: user=0.01 sys=0.00, real=0.00 secs] 
2012-10-20T23:51:53.772+0100: 105789.755: [GC 105789.755: [DefNew: 18214K->1073K(19136K), 0.0075520 secs] 114958K->98025K(260032K), 0.0076690 secs] [Times: user=0.01 sys=0.00, real=0.01 secs] 
2012-10-20T23:52:43.773+0100: 105839.756: [GC 105839.756: [DefNew: 18097K->1015K(19136K), 0.0062710 secs] 115049K->98134K(260032K), 0.0063800 secs] [Times: user=0.01 sys=0.00, real=0.01 secs] 
2012-10-20T23:53:29.137+0100: 105885.120: [GC 105885.120: [DefNew: 18039K->1162K(19136K), 0.0064140 secs] 115158K->98280K(260032K), 0.0065310 secs] [Times: user=0.01 sys=0.00, real=0.01 secs] 
2012-10-20T23:54:18.540+0100: 105934.523: [GC 105934.523: [DefNew: 18186K->830K(19136K), 0.0054040 secs] 115304K->97948K(260032K), 0.0055070 secs] [Times: user=0.01 sys=0.00, real=0.00 secs] 
2012-10-20T23:55:03.623+0100: 105979.606: [GC 105979.606: [DefNew: 17854K->1137K(19136K), 0.0059550 secs] 114972K->98255K(260032K), 0.0060740 secs] [Times: user=0.01 sys=0.00, real=0.01 secs] 
2012-10-20T23:55:53.436+0100: 106029.419: [GC 106029.419: [DefNew: 18160K->763K(19136K), 0.0054090 secs] 115278K->97913K(260032K), 0.0055070 secs] [Times: user=0.00 sys=0.00, real=0.01 secs] 
2012-10-20T23:56:38.777+0100: 106074.760: [GC 106074.760: [DefNew: 17760K->1235K(19136K), 0.0062800 secs] 114911K->98385K(260032K), 0.0063830 secs] [Times: user=0.01 sys=0.00, real=0.01 secs] 
2012-10-20T23:57:28.763+0100: 106124.746: [GC 106124.746: [DefNew: 18259K->814K(19136K), 0.0078150 secs] 115409K->98192K(260032K), 0.0079330 secs] [Times: user=0.00 sys=0.00, real=0.01 secs] 
2012-10-20T23:58:18.465+0100: 106174.448: [GC 106174.448: [DefNew: 17835K->751K(19136K), 0.0052250 secs] 115214K->98130K(260032K), 0.0053240 secs] [Times: user=0.00 sys=0.00, real=0.01 secs] 
2012-10-20T23:59:04.112+0100: 106220.095: [GC 106220.095: [DefNew: 17765K->1065K(19136K), 0.0108650 secs] 115143K->98444K(260032K), 0.0110040 secs] [Times: user=0.00 sys=0.01, real=0.01 secs] 
2012-10-20T23:59:53.549+0100: 106269.532: [GC 106269.532: [DefNew: 18089K->937K(19136K), 0.0094050 secs] 115468K->98316K(260032K), 0.0095220 secs] [Times: user=0.01 sys=0.00, real=0.01 secs] 
2012-10-21T00:00:43.612+0100: 106319.595: [GC 106319.595: [DefNew: 17958K->468K(19136K), 0.0045700 secs] 115337K->97847K(260032K), 0.0046640 secs] [Times: user=0.00 sys=0.00, real=0.00 secs] 
2012-10-21T00:01:28.864+0100: 106364.847: [GC 106364.847: [DefNew: 17492K->1000K(19136K), 0.0066140 secs] 114871K->98379K(260032K), 0.0067220 secs] [Times: user=0.00 sys=0.00, real=0.01 secs] 
2012-10-21T00:02:13.779+0100: 106409.761: [GC 106409.762: [DefNew: 18024K->1200K(19136K), 0.0062340 secs] 115403K->98579K(260032K), 0.0063330 secs] [Times: user=0.00 sys=0.00, real=0.00 secs] 
2012-10-21T00:02:58.758+0100: 106454.741: [GC 106454.741: [DefNew: 18224K->1195K(19136K), 0.0063720 secs] 115603K->98648K(260032K), 0.0064720 secs] [Times: user=0.00 sys=0.00, real=0.00 secs] 
2012-10-21T00:03:48.740+0100: 106504.723: [GC 106504.723: [DefNew: 18219K->723K(19136K), 0.0062330 secs] 115672K->98207K(260032K), 0.0082940 secs] [Times: user=0.00 sys=0.00, real=0.01 secs] 
2012-10-21T00:04:33.808+0100: 106549.791: [GC 106549.791: [DefNew: 17747K->943K(19136K), 0.0059760 secs] 115231K->98427K(260032K), 0.0060850 secs] [Times: user=0.00 sys=0.01, real=0.00 secs] 
2012-10-21T00:05:23.905+0100: 106599.888: [GC 106599.888: [DefNew: 17938K->401K(19136K), 0.0044740 secs] 115422K->97886K(260032K), 0.0045720 secs] [Times: user=0.01 sys=0.00, real=0.01 secs] 
2012-10-21T00:06:08.721+0100: 106644.704: [GC 106644.704: [DefNew: 17425K->964K(19136K), 0.0054770 secs] 114910K->98479K(260032K), 0.0055800 secs] [Times: user=0.00 sys=0.00, real=0.00 secs] 
2012-10-21T00:06:58.524+0100: 106694.507: [GC 106694.507: [DefNew: 17988K->1010K(19136K), 0.0039960 secs] 115503K->98524K(260032K), 0.0040730 secs] [Times: user=0.00 sys=0.00, real=0.01 secs] 
2012-10-21T00:07:46.295+0100: 106742.278: [GC 106742.278: [DefNew: 18030K->814K(19136K), 0.0052490 secs] 115544K->98328K(260032K), 0.0053480 secs] [Times: user=0.01 sys=0.00, real=0.01 secs] 
2012-10-21T00:08:33.626+0100: 106789.609: [GC 106789.609: [DefNew: 17829K->462K(19136K), 0.0063440 secs] 115344K->97976K(260032K), 0.0064690 secs] [Times: user=0.00 sys=0.01, real=0.01 secs] 
2012-10-21T00:09:18.824+0100: 106834.807: [GC 106834.807: [DefNew: 17486K->787K(19136K), 0.0064720 secs] 115000K->98302K(260032K), 0.0065870 secs] [Times: user=0.01 sys=0.00, real=0.01 secs] 
2012-10-21T00:10:03.893+0100: 106879.876: [GC 106879.876: [DefNew: 17784K->1156K(19136K), 0.0059420 secs] 115298K->98671K(260032K), 0.0060430 secs] [Times: user=0.01 sys=0.00, real=0.01 secs] 
2012-10-21T00:10:53.873+0100: 106929.856: [GC 106929.856: [DefNew: 18180K->713K(19136K), 0.0057670 secs] 115695K->98351K(260032K), 0.0058760 secs] [Times: user=0.01 sys=0.00, real=0.01 secs] 
2012-10-21T00:11:38.902+0100: 106974.885: [GC 106974.885: [DefNew: 17737K->1138K(19136K), 0.0061160 secs] 115375K->98777K(260032K), 0.0062230 secs] [Times: user=0.01 sys=0.00, real=0.01 secs] 
2012-10-21T00:12:28.609+0100: 107024.592: [GC 107024.592: [DefNew: 18149K->529K(19136K), 0.0057020 secs] 115788K->98429K(260032K), 0.0057990 secs] [Times: user=0.00 sys=0.00, real=0.00 secs] 
2012-10-21T00:13:18.768+0100: 107074.751: [GC 107074.751: [DefNew: 17539K->716K(19136K), 0.0052090 secs] 115439K->98616K(260032K), 0.0059670 secs] [Times: user=0.00 sys=0.00, real=0.00 secs] 
2012-10-21T00:14:03.805+0100: 107119.788: [GC 107119.788: [DefNew: 17714K->967K(19136K), 0.0059690 secs] 115614K->98867K(260032K), 0.0060870 secs] [Times: user=0.00 sys=0.00, real=0.01 secs] 
2012-10-21T00:14:53.748+0100: 107169.731: [GC 107169.732: [DefNew: 17991K->485K(19136K), 0.0046750 secs] 115891K->98386K(260032K), 0.0047710 secs] [Times: user=0.00 sys=0.00, real=0.00 secs] 
2012-10-21T00:15:38.851+0100: 107214.833: [GC 107214.834: [DefNew: 17509K->1202K(19136K), 0.0070580 secs] 115410K->99134K(260032K), 0.0071640 secs] [Times: user=0.02 sys=0.00, real=0.01 secs] 
2012-10-21T00:16:23.767+0100: 107259.750: [GC 107259.750: [DefNew: 18226K->887K(19136K), 0.0077600 secs] 116158K->99018K(260032K), 0.0078900 secs] [Times: user=0.01 sys=0.00, real=0.01 secs] 
2012-10-21T00:17:13.625+0100: 107309.608: [GC 107309.609: [DefNew: 17906K->630K(19136K), 0.0054350 secs] 116037K->98761K(260032K), 0.0062340 secs] [Times: user=0.00 sys=0.00, real=0.01 secs] 
2012-10-21T00:18:03.702+0100: 107359.685: [GC 107359.685: [DefNew: 17633K->629K(19136K), 0.0052310 secs] 115765K->98761K(260032K), 0.0053330 secs] [Times: user=0.00 sys=0.00, real=0.00 secs] 
2012-10-21T00:18:48.952+0100: 107404.935: [GC 107404.935: [DefNew: 17653K->1203K(19136K), 0.0062660 secs] 115785K->99334K(260032K), 0.0063710 secs] [Times: user=0.01 sys=0.00, real=0.01 secs] 
2012-10-21T00:19:38.781+0100: 107454.764: [GC 107454.764: [DefNew: 18227K->877K(19136K), 0.0062230 secs] 116358K->99237K(260032K), 0.0063200 secs] [Times: user=0.01 sys=0.00, real=0.00 secs] 
2012-10-21T00:20:28.839+0100: 107504.822: [GC 107504.822: [DefNew: 17901K->824K(19136K), 0.0052290 secs] 116261K->99184K(260032K), 0.0053230 secs] [Times: user=0.00 sys=0.00, real=0.00 secs] 
2012-10-21T00:21:13.958+0100: 107549.941: [GC 107549.942: [DefNew: 17848K->1221K(19136K), 0.0060030 secs] 116208K->99581K(260032K), 0.0061410 secs] [Times: user=0.00 sys=0.00, real=0.00 secs] 
2012-10-21T00:22:03.733+0100: 107599.716: [GC 107599.716: [DefNew: 18245K->848K(19136K), 0.0039310 secs] 116605K->99300K(260032K), 0.0040200 secs] [Times: user=0.00 sys=0.00, real=0.00 secs] 
2012-10-21T00:22:53.729+0100: 107649.712: [GC 107649.712: [DefNew: 17845K->844K(19136K), 0.0044060 secs] 116296K->99296K(260032K), 0.0045020 secs] [Times: user=0.00 sys=0.00, real=0.00 secs] 
2012-10-21T00:23:43.690+0100: 107699.673: [GC 107699.673: [DefNew: 17868K->817K(19136K), 0.0055050 secs] 116320K->99269K(260032K), 0.0056020 secs] [Times: user=0.00 sys=0.00, real=0.00 secs] 
2012-10-21T00:24:28.993+0100: 107744.976: [GC 107744.976: [DefNew: 17841K->1129K(19136K), 0.0088370 secs] 116293K->99580K(260032K), 0.0089520 secs] [Times: user=0.01 sys=0.00, real=0.01 secs] 
2012-10-21T00:25:18.689+0100: 107794.672: [GC 107794.672: [DefNew: 18148K->686K(19136K), 0.0075740 secs] 116600K->99264K(260032K), 0.0076920 secs] [Times: user=0.01 sys=0.00, real=0.00 secs] 
2012-10-21T00:26:08.811+0100: 107844.794: [GC 107844.794: [DefNew: 17691K->432K(19136K), 0.0045020 secs] 116269K->99010K(260032K), 0.0046030 secs] [Times: user=0.00 sys=0.00, real=0.00 secs] 
2012-10-21T00:26:53.871+0100: 107889.854: [GC 107889.854: [DefNew: 17456K->1165K(19136K), 0.0108070 secs] 116034K->99743K(260032K), 0.0114780 secs] [Times: user=0.01 sys=0.00, real=0.01 secs] 
2012-10-21T00:27:43.951+0100: 107939.934: [GC 107939.934: [DefNew: 18189K->784K(19136K), 0.0058990 secs] 116767K->99518K(260032K), 0.0059950 secs] [Times: user=0.00 sys=0.00, real=0.00 secs] 
2012-10-21T00:28:33.792+0100: 107989.775: [GC 107989.775: [DefNew: 17777K->687K(19136K), 0.0053950 secs] 116511K->99421K(260032K), 0.0055000 secs] [Times: user=0.00 sys=0.00, real=0.00 secs] 
2012-10-21T00:28:58.978+0100: 108014.961: [GC 108014.961: [DefNew: 17711K->1056K(19136K), 0.0057440 secs] 116445K->99790K(260032K), 0.0058500 secs] [Times: user=0.00 sys=0.00, real=0.00 secs] 
2012-10-21T00:29:33.930+0100: 108049.913: [GC 108049.913: [DefNew: 18051K->790K(19136K), 0.0078270 secs] 116785K->99524K(260032K), 0.0079420 secs] [Times: user=0.01 sys=0.00, real=0.01 secs] 
2012-10-21T00:30:19.102+0100: 108095.085: [GC 108095.085: [DefNew: 17814K->1108K(19136K), 0.0136070 secs] 116548K->99842K(260032K), 0.0137290 secs] [Times: user=0.00 sys=0.00, real=0.01 secs] 
2012-10-21T00:31:08.685+0100: 108144.668: [GC 108144.668: [DefNew: 18118K->587K(19136K), 0.0057880 secs] 116853K->99419K(260032K), 0.0058910 secs] [Times: user=0.00 sys=0.00, real=0.01 secs] 
2012-10-21T00:31:54.323+0100: 108190.306: [GC 108190.306: [DefNew: 17611K->1202K(19136K), 0.0062090 secs] 116443K->100034K(260032K), 0.0063120 secs] [Times: user=0.00 sys=0.00, real=0.01 secs] 
2012-10-21T00:32:43.825+0100: 108239.808: [GC 108239.808: [DefNew: 18226K->714K(19136K), 0.0059380 secs] 117058K->99777K(260032K), 0.0061100 secs] [Times: user=0.01 sys=0.00, real=0.01 secs] 
2012-10-21T00:33:33.921+0100: 108289.904: [GC 108289.904: [DefNew: 17738K->875K(19136K), 0.0059010 secs] 116801K->99937K(260032K), 0.0060100 secs] [Times: user=0.01 sys=0.00, real=0.01 secs] 
2012-10-21T00:34:18.772+0100: 108334.755: [GC 108334.755: [DefNew: 17899K->911K(19136K), 0.0062500 secs] 116961K->99973K(260032K), 0.0063470 secs] [Times: user=0.01 sys=0.00, real=0.01 secs] 
2012-10-21T00:35:08.770+0100: 108384.753: [GC 108384.753: [DefNew: 17935K->459K(19136K), 0.0045640 secs] 116997K->99521K(260032K), 0.0046620 secs] [Times: user=0.00 sys=0.00, real=0.00 secs] 
2012-10-21T00:35:53.950+0100: 108429.932: [GC 108429.933: [DefNew: 17483K->1096K(19136K), 0.0076400 secs] 116545K->100158K(260032K), 0.0081990 secs] [Times: user=0.01 sys=0.00, real=0.01 secs] 
2012-10-21T00:36:43.948+0100: 108479.931: [GC 108479.931: [DefNew: 18120K->846K(19136K), 0.0065740 secs] 117182K->100001K(260032K), 0.0066910 secs] [Times: user=0.00 sys=0.00, real=0.00 secs] 
2012-10-21T00:37:29.057+0100: 108525.040: [GC 108525.040: [DefNew: 17870K->1260K(19136K), 0.0061640 secs] 117025K->100415K(260032K), 0.0062670 secs] [Times: user=0.00 sys=0.00, real=0.01 secs] 
2012-10-21T00:38:19.102+0100: 108575.085: [GC 108575.085: [DefNew: 18284K->1140K(19136K), 0.0061790 secs] 117439K->100359K(260032K), 0.0063340 secs] [Times: user=0.01 sys=0.00, real=0.01 secs] 
2012-10-21T00:39:08.816+0100: 108624.799: [GC 108624.799: [DefNew: 18164K->531K(19136K), 0.0050600 secs] 117383K->99846K(260032K), 0.0051630 secs] [Times: user=0.01 sys=0.00, real=0.01 secs] 
2012-10-21T00:39:54.227+0100: 108670.210: [GC 108670.210: [DefNew: 17555K->1032K(19136K), 0.0056820 secs] 116870K->100347K(260032K), 0.0057860 secs] [Times: user=0.01 sys=0.00, real=0.01 secs] 
2012-10-21T00:40:44.035+0100: 108720.018: [GC 108720.018: [DefNew: 18027K->1033K(19136K), 0.0057830 secs] 117342K->100348K(260032K), 0.0058850 secs] [Times: user=0.00 sys=0.00, real=0.01 secs] 
2012-10-21T00:41:34.091+0100: 108770.074: [GC 108770.074: [DefNew: 18057K->819K(19136K), 0.0077780 secs] 117372K->100135K(260032K), 0.0079020 secs] [Times: user=0.01 sys=0.00, real=0.01 secs] 
2012-10-21T00:42:18.931+0100: 108814.914: [GC 108814.914: [DefNew: 17829K->1214K(19136K), 0.0066650 secs] 117144K->100529K(260032K), 0.0067880 secs] [Times: user=0.01 sys=0.00, real=0.01 secs] 
2012-10-21T00:43:09.043+0100: 108865.026: [GC 108865.026: [DefNew: 18225K->310K(19136K), 0.0056400 secs] 117541K->99937K(260032K), 0.0057580 secs] [Times: user=0.00 sys=0.01, real=0.01 secs] 
2012-10-21T00:43:54.152+0100: 108910.135: [GC 108910.135: [DefNew: 17334K->768K(19136K), 0.0060450 secs] 116961K->100395K(260032K), 0.0061540 secs] [Times: user=0.01 sys=0.00, real=0.01 secs] 
2012-10-21T00:44:43.970+0100: 108959.953: [GC 108959.953: [DefNew: 17792K->659K(19136K), 0.0053040 secs] 117419K->100286K(260032K), 0.0054000 secs] [Times: user=0.00 sys=0.01, real=0.00 secs] 
2012-10-21T00:45:28.809+0100: 109004.792: [GC 109004.792: [DefNew: 17683K->593K(19136K), 0.0073560 secs] 117310K->100220K(260032K), 0.0074790 secs] [Times: user=0.00 sys=0.00, real=0.00 secs] 
2012-10-21T00:46:19.033+0100: 109055.016: [GC 109055.016: [DefNew: 17609K->336K(19136K), 0.0047980 secs] 117236K->99966K(260032K), 0.0049600 secs] [Times: user=0.01 sys=0.00, real=0.01 secs] 
2012-10-21T00:47:03.831+0100: 109099.814: [GC 109099.814: [DefNew: 17350K->681K(19136K), 0.0080740 secs] 116980K->100312K(260032K), 0.0082070 secs] [Times: user=0.00 sys=0.00, real=0.01 secs] 
2012-10-21T00:47:49.041+0100: 109145.024: [GC 109145.024: [DefNew: 17703K->638K(19136K), 0.0051550 secs] 117333K->100269K(260032K), 0.0052670 secs] [Times: user=0.01 sys=0.00, real=0.00 secs] 
2012-10-21T00:48:38.950+0100: 109194.933: [GC 109194.933: [DefNew: 17636K->432K(19136K), 0.0052450 secs] 117267K->100063K(260032K), 0.0053420 secs] [Times: user=0.01 sys=0.00, real=0.00 secs] 
2012-10-21T00:49:23.923+0100: 109239.906: [GC 109239.906: [DefNew: 17456K->873K(19136K), 0.0071100 secs] 117087K->100504K(260032K), 0.0072180 secs] [Times: user=0.01 sys=0.00, real=0.01 secs] 
2012-10-21T00:50:09.427+0100: 109285.410: [GC 109285.410: [DefNew: 17873K->1065K(19136K), 0.0060680 secs] 117504K->100725K(260032K), 0.0061770 secs] [Times: user=0.01 sys=0.00, real=0.01 secs] 
2012-10-21T00:50:58.882+0100: 109334.865: [GC 109334.865: [DefNew: 18083K->513K(19136K), 0.0049380 secs] 117744K->100174K(260032K), 0.0050380 secs] [Times: user=0.01 sys=0.00, real=0.01 secs] 
2012-10-21T00:51:44.694+0100: 109380.677: [GC 109380.677: [DefNew: 17537K->1169K(19136K), 0.0059800 secs] 117198K->100829K(260032K), 0.0060850 secs] [Times: user=0.02 sys=0.00, real=0.01 secs] 
2012-10-21T00:52:34.155+0100: 109430.138: [GC 109430.138: [DefNew: 18193K->744K(19136K), 0.0062760 secs] 117853K->100543K(260032K), 0.0064470 secs] [Times: user=0.01 sys=0.00, real=0.01 secs] 
2012-10-21T00:53:19.008+0100: 109474.991: [GC 109474.991: [DefNew: 17751K->874K(19136K), 0.0055210 secs] 117549K->100672K(260032K), 0.0056210 secs] [Times: user=0.01 sys=0.00, real=0.00 secs] 
2012-10-21T00:54:09.037+0100: 109525.020: [GC 109525.020: [DefNew: 17898K->595K(19136K), 0.0050000 secs] 117696K->100394K(260032K), 0.0051640 secs] [Times: user=0.00 sys=0.00, real=0.01 secs] 
2012-10-21T00:54:54.505+0100: 109570.488: [GC 109570.488: [DefNew: 17619K->1205K(19136K), 0.0061090 secs] 117418K->101003K(260032K), 0.0062220 secs] [Times: user=0.01 sys=0.00, real=0.01 secs] 
2012-10-21T00:55:43.957+0100: 109619.940: [GC 109619.940: [DefNew: 18229K->273K(19136K), 0.0054630 secs] 118027K->100271K(260032K), 0.0055690 secs] [Times: user=0.00 sys=0.00, real=0.01 secs] 
2012-10-21T00:56:29.178+0100: 109665.161: [GC 109665.161: [DefNew: 17297K->840K(19136K), 0.0052650 secs] 117295K->100838K(260032K), 0.0053660 secs] [Times: user=0.00 sys=0.00, real=0.00 secs] 
2012-10-21T00:57:14.245+0100: 109710.228: [GC 109710.228: [DefNew: 17864K->1289K(19136K), 0.0065210 secs] 117862K->101287K(260032K), 0.0066530 secs] [Times: user=0.01 sys=0.00, real=0.01 secs] 
2012-10-21T00:58:04.050+0100: 109760.033: [GC 109760.033: [DefNew: 18296K->906K(19136K), 0.0067790 secs] 118294K->100968K(260032K), 0.0068910 secs] [Times: user=0.00 sys=0.01, real=0.00 secs] 
2012-10-21T00:58:53.988+0100: 109809.971: [GC 109809.971: [DefNew: 17930K->687K(19136K), 0.0050610 secs] 117992K->100748K(260032K), 0.0051630 secs] [Times: user=0.01 sys=0.00, real=0.00 secs] 
2012-10-21T00:59:41.253+0100: 109857.236: [GC 109857.236: [DefNew: 17711K->423K(19136K), 0.0052050 secs] 117772K->100485K(260032K), 0.0053060 secs] [Times: user=0.01 sys=0.00, real=0.01 secs] 
2012-10-21T01:00:29.161+0100: 109905.144: [GC 109905.144: [DefNew: 17440K->755K(19136K), 0.0061700 secs] 117502K->100817K(260032K), 0.0062780 secs] [Times: user=0.00 sys=0.00, real=0.00 secs] 
2012-10-21T01:01:14.229+0100: 109950.212: [GC 109950.212: [DefNew: 17779K->1190K(19136K), 0.0060590 secs] 117840K->101252K(260032K), 0.0061620 secs] [Times: user=0.00 sys=0.00, real=0.00 secs] 
2012-10-21T01:02:04.024+0100: 110000.007: [GC 110000.007: [DefNew: 18202K->632K(19136K), 0.0096840 secs] 118264K->100986K(260032K), 0.0097990 secs] [Times: user=0.01 sys=0.00, real=0.01 secs] 
2012-10-21T01:02:49.333+0100: 110045.316: [GC 110045.316: [DefNew: 17656K->1232K(19136K), 0.0061930 secs] 118010K->101586K(260032K), 0.0062990 secs] [Times: user=0.00 sys=0.00, real=0.01 secs] 
2012-10-21T01:03:39.234+0100: 110095.217: [GC 110095.217: [DefNew: 18256K->1114K(19136K), 0.0104170 secs] 118610K->101544K(260032K), 0.0105650 secs] [Times: user=0.01 sys=0.00, real=0.01 secs] 
2012-10-21T01:04:24.498+0100: 110140.481: [GC 110140.481: [DefNew: 18135K->1094K(19136K), 0.0089210 secs] 118565K->101524K(260032K), 0.0090660 secs] [Times: user=0.01 sys=0.00, real=0.00 secs] 
2012-10-21T01:05:14.248+0100: 110190.230: [GC 110190.231: [DefNew: 18118K->875K(19136K), 0.0055990 secs] 118548K->101368K(260032K), 0.0057360 secs] [Times: user=0.01 sys=0.00, real=0.00 secs] 
2012-10-21T01:05:59.207+0100: 110235.190: [GC 110235.190: [DefNew: 17899K->1129K(19136K), 0.0113400 secs] 118392K->101622K(260032K), 0.0114750 secs] [Times: user=0.02 sys=0.00, real=0.02 secs] 
2012-10-21T01:06:49.199+0100: 110285.182: [GC 110285.182: [DefNew: 18132K->847K(19136K), 0.0057000 secs] 118625K->101431K(260032K), 0.0058000 secs] [Times: user=0.00 sys=0.00, real=0.00 secs] 
2012-10-21T01:07:39.187+0100: 110335.169: [GC 110335.170: [DefNew: 17866K->842K(19136K), 0.0035960 secs] 118451K->101426K(260032K), 0.0036840 secs] [Times: user=0.00 sys=0.00, real=0.01 secs] 
2012-10-21T01:08:24.435+0100: 110380.418: [GC 110380.418: [DefNew: 17866K->1000K(19136K), 0.0058200 secs] 118450K->101585K(260032K), 0.0059300 secs] [Times: user=0.00 sys=0.00, real=0.01 secs] 
2012-10-21T01:09:14.104+0100: 110430.087: [GC 110430.087: [DefNew: 18024K->822K(19136K), 0.0054020 secs] 118609K->101436K(260032K), 0.0055030 secs] [Times: user=0.00 sys=0.00, real=0.01 secs] 
2012-10-21T01:09:59.580+0100: 110475.563: [GC 110475.563: [DefNew: 17846K->1131K(19136K), 0.0061530 secs] 118460K->101745K(260032K), 0.0062630 secs] [Times: user=0.01 sys=0.00, real=0.00 secs] 
2012-10-21T01:10:49.139+0100: 110525.122: [GC 110525.122: [DefNew: 18155K->768K(19136K), 0.0065920 secs] 118769K->101448K(260032K), 0.0067110 secs] [Times: user=0.00 sys=0.00, real=0.00 secs] 
2012-10-21T01:11:34.096+0100: 110570.079: [GC 110570.079: [DefNew: 17781K->948K(19136K), 0.0056930 secs] 118461K->101628K(260032K), 0.0058030 secs] [Times: user=0.01 sys=0.00, real=0.01 secs] 
2012-10-21T01:12:24.287+0100: 110620.270: [GC 110620.270: [DefNew: 17972K->921K(19136K), 0.0058720 secs] 118652K->101600K(260032K), 0.0059840 secs] [Times: user=0.00 sys=0.00, real=0.01 secs] 
2012-10-21T01:13:09.071+0100: 110665.054: [GC 110665.054: [DefNew: 17914K->1010K(19136K), 0.0057220 secs] 118593K->101690K(260032K), 0.0058380 secs] [Times: user=0.00 sys=0.01, real=0.00 secs] 
2012-10-21T01:13:59.064+0100: 110715.047: [GC 110715.047: [DefNew: 18034K->730K(19136K), 0.0060080 secs] 118714K->101440K(260032K), 0.0061180 secs] [Times: user=0.01 sys=0.00, real=0.01 secs] 
2012-10-21T01:14:49.348+0100: 110765.331: [GC 110765.331: [DefNew: 17745K->719K(19136K), 0.0054520 secs] 118455K->101503K(260032K), 0.0055480 secs] [Times: user=0.00 sys=0.00, real=0.00 secs] 
2012-10-21T01:15:34.138+0100: 110810.121: [GC 110810.121: [DefNew: 17732K->903K(19136K), 0.0052900 secs] 118516K->101686K(260032K), 0.0054120 secs] [Times: user=0.00 sys=0.00, real=0.00 secs] 
2012-10-21T01:16:24.169+0100: 110860.152: [GC 110860.152: [DefNew: 17927K->440K(19136K), 0.0050870 secs] 118710K->101224K(260032K), 0.0051890 secs] [Times: user=0.00 sys=0.00, real=0.00 secs] 
2012-10-21T01:17:09.396+0100: 110905.379: [GC 110905.379: [DefNew: 17464K->1167K(19136K), 0.0059560 secs] 118248K->101951K(260032K), 0.0060560 secs] [Times: user=0.00 sys=0.00, real=0.01 secs] 
2012-10-21T01:17:59.103+0100: 110955.086: [GC 110955.086: [DefNew: 18191K->759K(19136K), 0.0070890 secs] 118975K->101605K(260032K), 0.0071990 secs] [Times: user=0.01 sys=0.00, real=0.01 secs] 
2012-10-21T01:18:44.168+0100: 111000.151: [GC 111000.151: [DefNew: 17783K->1366K(19136K), 0.0066750 secs] 118629K->102212K(260032K), 0.0067840 secs] [Times: user=0.01 sys=0.00, real=0.00 secs] 
2012-10-21T01:19:34.161+0100: 111050.144: [GC 111050.144: [DefNew: 18384K->500K(19136K), 0.0052250 secs] 119230K->101451K(260032K), 0.0053190 secs] [Times: user=0.00 sys=0.00, real=0.00 secs] 
2012-10-21T01:20:19.549+0100: 111095.532: [GC 111095.532: [DefNew: 17524K->1101K(19136K), 0.0061060 secs] 118475K->102052K(260032K), 0.0062050 secs] [Times: user=0.01 sys=0.00, real=0.00 secs] 
2012-10-21T01:21:09.089+0100: 111145.072: [GC 111145.072: [DefNew: 18125K->849K(19136K), 0.0074400 secs] 119076K->101801K(260032K), 0.0076170 secs] [Times: user=0.01 sys=0.00, real=0.00 secs] 
2012-10-21T01:21:59.158+0100: 111195.141: [GC 111195.141: [DefNew: 17873K->812K(19136K), 0.0052550 secs] 118825K->101764K(260032K), 0.0053550 secs] [Times: user=0.01 sys=0.00, real=0.00 secs] 
2012-10-21T01:22:46.155+0100: 111242.138: [GC 111242.138: [DefNew: 17836K->1158K(19136K), 0.0058140 secs] 118788K->102110K(260032K), 0.0059140 secs] [Times: user=0.01 sys=0.00, real=0.01 secs] 
2012-10-21T01:23:33.309+0100: 111289.292: [GC 111289.292: [DefNew: 18182K->392K(19136K), 0.0044250 secs] 119134K->101374K(260032K), 0.0045180 secs] [Times: user=0.00 sys=0.00, real=0.00 secs] 
2012-10-21T01:24:19.563+0100: 111335.546: [GC 111335.546: [DefNew: 17416K->1098K(19136K), 0.0060830 secs] 118398K->102080K(260032K), 0.0061880 secs] [Times: user=0.00 sys=0.00, real=0.01 secs] 
2012-10-21T01:25:11.280+0100: 111387.263: [GC 111387.263: [DefNew: 18107K->531K(19136K), 0.0048140 secs] 119089K->101513K(260032K), 0.0049080 secs] [Times: user=0.00 sys=0.00, real=0.00 secs] 
2012-10-21T01:25:54.882+0100: 111430.865: [GC 111430.865: [DefNew: 17555K->1130K(19136K), 0.0062320 secs] 118537K->102112K(260032K), 0.0063460 secs] [Times: user=0.00 sys=0.00, real=0.01 secs] 
2012-10-21T01:26:44.279+0100: 111480.262: [GC 111480.263: [DefNew: 18148K->533K(19136K), 0.0098940 secs] 119130K->101578K(260032K), 0.0100210 secs] [Times: user=0.01 sys=0.00, real=0.01 secs] 
2012-10-21T01:27:29.728+0100: 111525.711: [GC 111525.711: [DefNew: 17557K->1224K(19136K), 0.0061610 secs] 118602K->102269K(260032K), 0.0062680 secs] [Times: user=0.00 sys=0.00, real=0.00 secs] 
2012-10-21T01:28:14.546+0100: 111570.529: [GC 111570.529: [DefNew: 18248K->1359K(19136K), 0.0064910 secs] 119293K->102406K(260032K), 0.0066030 secs] [Times: user=0.01 sys=0.00, real=0.01 secs] 
2012-10-21T01:28:54.529+0100: 111610.512: [GC 111610.512: [DefNew: 18383K->1411K(19136K), 0.0082820 secs] 119430K->102911K(260032K), 0.0083980 secs] [Times: user=0.01 sys=0.00, real=0.00 secs] 
2012-10-21T01:29:34.323+0100: 111650.306: [GC 111650.306: [DefNew: 18435K->881K(19136K), 0.0058490 secs] 119935K->102477K(260032K), 0.0059510 secs] [Times: user=0.00 sys=0.00, real=0.01 secs] 
2012-10-21T01:30:24.246+0100: 111700.229: [GC 111700.229: [DefNew: 17883K->402K(19136K), 0.0095940 secs] 119479K->101998K(260032K), 0.0097410 secs] [Times: user=0.00 sys=0.00, real=0.01 secs] 
2012-10-21T01:31:09.679+0100: 111745.662: [GC 111745.662: [DefNew: 17426K->1006K(19136K), 0.0057160 secs] 119022K->102602K(260032K), 0.0058150 secs] [Times: user=0.00 sys=0.00, real=0.00 secs] 
2012-10-21T01:31:59.235+0100: 111795.218: [GC 111795.218: [DefNew: 18030K->877K(19136K), 0.0056480 secs] 119626K->102473K(260032K), 0.0057710 secs] [Times: user=0.01 sys=0.00, real=0.01 secs] 
2012-10-21T01:32:49.415+0100: 111845.398: [GC 111845.398: [DefNew: 17897K->716K(19136K), 0.0050030 secs] 119493K->102312K(260032K), 0.0051630 secs] [Times: user=0.01 sys=0.00, real=0.01 secs] 
2012-10-21T01:33:37.621+0100: 111893.604: [GC 111893.604: [DefNew: 17740K->392K(19136K), 0.0046030 secs] 119336K->102019K(260032K), 0.0046970 secs] [Times: user=0.00 sys=0.00, real=0.00 secs] 
2012-10-21T01:34:24.271+0100: 111940.254: [GC 111940.254: [DefNew: 17416K->748K(19136K), 0.0055370 secs] 119043K->102375K(260032K), 0.0056430 secs] [Times: user=0.01 sys=0.00, real=0.00 secs] 
2012-10-21T01:35:09.352+0100: 111985.334: [GC 111985.335: [DefNew: 17772K->1192K(19136K), 0.0081800 secs] 119399K->102820K(260032K), 0.0082870 secs] [Times: user=0.01 sys=0.00, real=0.01 secs] 
2012-10-21T01:35:59.321+0100: 112035.304: [GC 112035.304: [DefNew: 18216K->897K(19136K), 0.0059590 secs] 119844K->102713K(260032K), 0.0060590 secs] [Times: user=0.00 sys=0.00, real=0.00 secs] 
2012-10-21T01:36:49.253+0100: 112085.236: [GC 112085.236: [DefNew: 17913K->874K(19136K), 0.0175840 secs] 119728K->102690K(260032K), 0.0176940 secs] [Times: user=0.00 sys=0.00, real=0.02 secs] 
2012-10-21T01:37:39.176+0100: 112135.158: [GC 112135.159: [DefNew: 17898K->589K(19136K), 0.0049300 secs] 119714K->102405K(260032K), 0.0050290 secs] [Times: user=0.00 sys=0.00, real=0.01 secs] 
2012-10-21T01:38:24.909+0100: 112180.892: [GC 112180.892: [DefNew: 17613K->1160K(19136K), 0.0095840 secs] 119429K->102975K(260032K), 0.0097110 secs] [Times: user=0.00 sys=0.00, real=0.01 secs] 
2012-10-21T01:39:14.317+0100: 112230.300: [GC 112230.300: [DefNew: 18184K->591K(19136K), 0.0053050 secs] 119999K->102500K(260032K), 0.0054050 secs] [Times: user=0.01 sys=0.00, real=0.01 secs] 
2012-10-21T01:39:59.949+0100: 112275.932: [GC 112275.932: [DefNew: 17615K->1156K(19136K), 0.0062200 secs] 119524K->103065K(260032K), 0.0063230 secs] [Times: user=0.01 sys=0.00, real=0.00 secs] 
2012-10-21T01:40:49.347+0100: 112325.330: [GC 112325.330: [DefNew: 18174K->879K(19136K), 0.0041250 secs] 120083K->102977K(260032K), 0.0042260 secs] [Times: user=0.00 sys=0.00, real=0.01 secs] 
2012-10-21T01:41:34.955+0100: 112370.938: [GC 112370.938: [DefNew: 17903K->1004K(19136K), 0.0101030 secs] 120001K->103101K(260032K), 0.0102270 secs] [Times: user=0.01 sys=0.00, real=0.01 secs] 
2012-10-21T01:42:24.975+0100: 112420.958: [GC 112420.958: [DefNew: 18022K->970K(19136K), 0.0058860 secs] 120120K->103068K(260032K), 0.0059960 secs] [Times: user=0.00 sys=0.00, real=0.01 secs] 
2012-10-21T01:43:14.520+0100: 112470.503: [GC 112470.503: [DefNew: 17992K->531K(19136K), 0.0047710 secs] 120089K->102629K(260032K), 0.0048690 secs] [Times: user=0.01 sys=0.00, real=0.00 secs] 
2012-10-21T01:43:59.457+0100: 112515.440: [GC 112515.440: [DefNew: 17555K->951K(19136K), 0.0042870 secs] 119653K->103049K(260032K), 0.0043730 secs] [Times: user=0.00 sys=0.00, real=0.00 secs] 
2012-10-21T01:44:49.382+0100: 112565.365: [GC 112565.365: [DefNew: 17975K->893K(19136K), 0.0055180 secs] 120073K->102991K(260032K), 0.0056260 secs] [Times: user=0.00 sys=0.00, real=0.01 secs] 
2012-10-21T01:45:34.498+0100: 112610.481: [GC 112610.481: [DefNew: 17917K->914K(19136K), 0.0054530 secs] 120015K->103012K(260032K), 0.0055510 secs] [Times: user=0.00 sys=0.00, real=0.00 secs] 
2012-10-21T01:46:24.333+0100: 112660.316: [GC 112660.316: [DefNew: 17937K->690K(19136K), 0.0050980 secs] 120035K->102788K(260032K), 0.0052070 secs] [Times: user=0.00 sys=0.00, real=0.01 secs] 
2012-10-21T01:47:14.538+0100: 112710.521: [GC 112710.521: [DefNew: 17703K->370K(19136K), 0.0047320 secs] 119801K->102468K(260032K), 0.0048540 secs] [Times: user=0.00 sys=0.00, real=0.00 secs] 
2012-10-21T01:47:59.354+0100: 112755.337: [GC 112755.337: [DefNew: 17394K->975K(19136K), 0.0055850 secs] 119492K->103073K(260032K), 0.0056830 secs] [Times: user=0.01 sys=0.00, real=0.01 secs] 
2012-10-21T01:48:49.025+0100: 112805.008: [GC 112805.008: [DefNew: 17999K->302K(19136K), 0.0043060 secs] 120097K->102400K(260032K), 0.0043990 secs] [Times: user=0.00 sys=0.00, real=0.01 secs] 
2012-10-21T01:49:34.306+0100: 112850.289: [GC 112850.289: [DefNew: 17326K->685K(19136K), 0.0050680 secs] 119424K->102783K(260032K), 0.0051720 secs] [Times: user=0.01 sys=0.00, real=0.01 secs] 
2012-10-21T01:50:19.848+0100: 112895.831: [GC 112895.831: [DefNew: 17709K->1128K(19136K), 0.0060380 secs] 119807K->103227K(260032K), 0.0061390 secs] [Times: user=0.00 sys=0.00, real=0.00 secs] 
2012-10-21T01:51:09.452+0100: 112945.435: [GC 112945.435: [DefNew: 18152K->720K(19136K), 0.0055340 secs] 120251K->102819K(260032K), 0.0056540 secs] [Times: user=0.01 sys=0.00, real=0.01 secs] 
2012-10-21T01:51:59.313+0100: 112995.296: [GC 112995.296: [DefNew: 17744K->494K(19136K), 0.0048120 secs] 119843K->102593K(260032K), 0.0049280 secs] [Times: user=0.01 sys=0.00, real=0.01 secs] 
2012-10-21T01:52:44.590+0100: 113040.573: [GC 113040.573: [DefNew: 17489K->937K(19136K), 0.0054420 secs] 119588K->103036K(260032K), 0.0055420 secs] [Times: user=0.01 sys=0.00, real=0.00 secs] 
2012-10-21T01:53:29.765+0100: 113085.748: [GC 113085.748: [DefNew: 17961K->1040K(19136K), 0.0057060 secs] 120060K->103139K(260032K), 0.0058080 secs] [Times: user=0.00 sys=0.00, real=0.01 secs] 
2012-10-21T01:54:19.288+0100: 113135.271: [GC 113135.271: [DefNew: 18064K->907K(19136K), 0.0094680 secs] 120163K->103006K(260032K), 0.0095920 secs] [Times: user=0.01 sys=0.00, real=0.01 secs] 
2012-10-21T01:55:04.378+0100: 113180.361: [GC 113180.361: [DefNew: 17931K->1175K(19136K), 0.0059840 secs] 120030K->103273K(260032K), 0.0060830 secs] [Times: user=0.00 sys=0.00, real=0.00 secs] 
2012-10-21T01:55:54.479+0100: 113230.462: [GC 113230.463: [DefNew: 18199K->814K(19136K), 0.0059470 secs] 120297K->103081K(260032K), 0.0066550 secs] [Times: user=0.00 sys=0.00, real=0.00 secs] 
2012-10-21T01:56:44.319+0100: 113280.302: [GC 113280.302: [DefNew: 17834K->670K(19136K), 0.0058030 secs] 120101K->102937K(260032K), 0.0059280 secs] [Times: user=0.00 sys=0.00, real=0.00 secs] 
2012-10-21T01:57:34.628+0100: 113330.611: [GC 113330.611: [DefNew: 17693K->466K(19136K), 0.0060510 secs] 119960K->102733K(260032K), 0.0061500 secs] [Times: user=0.00 sys=0.00, real=0.00 secs] 
2012-10-21T01:58:19.362+0100: 113375.345: [GC 113375.345: [DefNew: 17490K->906K(19136K), 0.0082190 secs] 119757K->103173K(260032K), 0.0083390 secs] [Times: user=0.01 sys=0.00, real=0.01 secs] 
2012-10-21T01:59:04.644+0100: 113420.627: [GC 113420.627: [DefNew: 17927K->817K(19136K), 0.0058630 secs] 120194K->103084K(260032K), 0.0059600 secs] [Times: user=0.01 sys=0.00, real=0.01 secs] 
2012-10-21T01:59:54.409+0100: 113470.392: [GC 113470.392: [DefNew: 17822K->748K(19136K), 0.0118840 secs] 120089K->103015K(260032K), 0.0120060 secs] [Times: user=0.01 sys=0.00, real=0.01 secs] 
2012-10-21T02:00:40.029+0100: 113516.012: [GC 113516.012: [DefNew: 17772K->1247K(19136K), 0.0063850 secs] 120039K->103514K(260032K), 0.0065090 secs] [Times: user=0.00 sys=0.00, real=0.00 secs] 
2012-10-21T02:01:25.100+0100: 113561.083: [GC 113561.083: [DefNew: 18271K->1201K(19136K), 0.0067730 secs] 120538K->103686K(260032K), 0.0068830 secs] [Times: user=0.00 sys=0.00, real=0.00 secs] 
2012-10-21T02:02:14.473+0100: 113610.456: [GC 113610.456: [DefNew: 18225K->906K(19136K), 0.0109210 secs] 120710K->103777K(260032K), 0.0110350 secs] [Times: user=0.01 sys=0.00, real=0.01 secs] 
2012-10-21T02:03:04.694+0100: 113660.677: [GC 113660.677: [DefNew: 17900K->687K(19136K), 0.0091150 secs] 120771K->103558K(260032K), 0.0092310 secs] [Times: user=0.01 sys=0.00, real=0.01 secs] 
2012-10-21T02:03:49.856+0100: 113705.839: [GC 113705.839: [DefNew: 17710K->1035K(19136K), 0.0064160 secs] 120581K->103906K(260032K), 0.0065210 secs] [Times: user=0.00 sys=0.00, real=0.01 secs] 
2012-10-21T02:04:34.453+0100: 113750.436: [GC 113750.436: [DefNew: 18059K->1200K(19136K), 0.0063640 secs] 120930K->104072K(260032K), 0.0064800 secs] [Times: user=0.01 sys=0.00, real=0.01 secs] 
2012-10-21T02:05:24.486+0100: 113800.469: [GC 113800.469: [DefNew: 18224K->744K(19136K), 0.0056020 secs] 121096K->103712K(260032K), 0.0057010 secs] [Times: user=0.01 sys=0.00, real=0.01 secs] 
2012-10-21T02:06:09.872+0100: 113845.855: [GC 113845.855: [DefNew: 17768K->1098K(19136K), 0.0060990 secs] 120736K->104065K(260032K), 0.0061970 secs] [Times: user=0.00 sys=0.00, real=0.01 secs] 
2012-10-21T02:06:59.599+0100: 113895.582: [GC 113895.582: [DefNew: 18122K->846K(19136K), 0.0057240 secs] 121089K->103813K(260032K), 0.0058340 secs] [Times: user=0.00 sys=0.00, real=0.00 secs] 
2012-10-21T02:07:49.535+0100: 113945.518: [GC 113945.518: [DefNew: 17870K->910K(19136K), 0.0054740 secs] 120837K->103878K(260032K), 0.0055730 secs] [Times: user=0.00 sys=0.00, real=0.01 secs] 
2012-10-21T02:08:39.380+0100: 113995.363: [GC 113995.363: [DefNew: 17907K->721K(19136K), 0.0050640 secs] 120875K->103689K(260032K), 0.0051660 secs] [Times: user=0.00 sys=0.00, real=0.00 secs] 
2012-10-21T02:09:24.845+0100: 114040.828: [GC 114040.828: [DefNew: 17745K->976K(19136K), 0.0057850 secs] 120713K->103944K(260032K), 0.0058900 secs] [Times: user=0.01 sys=0.00, real=0.01 secs] 
2012-10-21T02:10:14.701+0100: 114090.684: [GC 114090.684: [DefNew: 18000K->718K(19136K), 0.0052250 secs] 120968K->103686K(260032K), 0.0053270 secs] [Times: user=0.00 sys=0.00, real=0.00 secs] 
2012-10-21T02:10:59.970+0100: 114135.953: [GC 114135.953: [DefNew: 17742K->1165K(19136K), 0.0061570 secs] 120710K->104133K(260032K), 0.0062840 secs] [Times: user=0.00 sys=0.00, real=0.00 secs] 
2012-10-21T02:11:49.518+0100: 114185.501: [GC 114185.501: [DefNew: 18177K->602K(19136K), 0.0055220 secs] 121145K->103726K(260032K), 0.0056220 secs] [Times: user=0.00 sys=0.00, real=0.00 secs] 
2012-10-21T02:12:34.996+0100: 114230.979: [GC 114230.979: [DefNew: 17626K->1171K(19136K), 0.0042610 secs] 120750K->104295K(260032K), 0.0043500 secs] [Times: user=0.01 sys=0.00, real=0.01 secs] 
2012-10-21T02:13:24.548+0100: 114280.531: [GC 114280.531: [DefNew: 18195K->907K(19136K), 0.0083620 secs] 121319K->104105K(260032K), 0.0084820 secs] [Times: user=0.00 sys=0.00, real=0.00 secs] 
2012-10-21T02:14:09.543+0100: 114325.526: [GC 114325.526: [DefNew: 17931K->949K(19136K), 0.0057130 secs] 121129K->104147K(260032K), 0.0058220 secs] [Times: user=0.01 sys=0.00, real=0.01 secs] 
2012-10-21T02:14:59.503+0100: 114375.486: [GC 114375.486: [DefNew: 17973K->816K(19136K), 0.0070600 secs] 121171K->104014K(260032K), 0.0071750 secs] [Times: user=0.00 sys=0.00, real=0.01 secs] 
2012-10-21T02:15:49.620+0100: 114425.603: [GC 114425.603: [DefNew: 17840K->407K(19136K), 0.0047420 secs] 121038K->103605K(260032K), 0.0048360 secs] [Times: user=0.00 sys=0.00, real=0.00 secs] 
2012-10-21T02:16:34.511+0100: 114470.494: [GC 114470.494: [DefNew: 17431K->1012K(19136K), 0.0062760 secs] 120629K->104210K(260032K), 0.0063750 secs] [Times: user=0.00 sys=0.00, real=0.00 secs] 
2012-10-21T02:17:24.656+0100: 114520.639: [GC 114520.639: [DefNew: 18036K->1074K(19136K), 0.0075660 secs] 121234K->104272K(260032K), 0.0076830 secs] [Times: user=0.01 sys=0.00, real=0.01 secs] 
2012-10-21T02:18:14.576+0100: 114570.559: [GC 114570.559: [DefNew: 18073K->631K(19136K), 0.0048720 secs] 121271K->103829K(260032K), 0.0049670 secs] [Times: user=0.01 sys=0.00, real=0.01 secs] 
2012-10-21T02:18:59.865+0100: 114615.848: [GC 114615.848: [DefNew: 17653K->934K(19136K), 0.0058480 secs] 120851K->104133K(260032K), 0.0059690 secs] [Times: user=0.01 sys=0.00, real=0.01 secs] 
2012-10-21T02:19:49.681+0100: 114665.663: [GC 114665.664: [DefNew: 17934K->750K(19136K), 0.0055990 secs] 121132K->104052K(260032K), 0.0057020 secs] [Times: user=0.00 sys=0.00, real=0.00 secs] 
2012-10-21T02:20:39.600+0100: 114715.583: [GC 114715.583: [DefNew: 17754K->433K(19136K), 0.0045580 secs] 121056K->103735K(260032K), 0.0046490 secs] [Times: user=0.00 sys=0.00, real=0.00 secs] 
2012-10-21T02:21:24.513+0100: 114760.496: [GC 114760.496: [DefNew: 17457K->876K(19136K), 0.0053940 secs] 120759K->104178K(260032K), 0.0054930 secs] [Times: user=0.00 sys=0.00, real=0.01 secs] 
2012-10-21T02:22:14.643+0100: 114810.626: [GC 114810.626: [DefNew: 17887K->846K(19136K), 0.0073620 secs] 121189K->104148K(260032K), 0.0074610 secs] [Times: user=0.01 sys=0.00, real=0.01 secs] 
2012-10-21T02:23:00.223+0100: 114856.206: [GC 114856.206: [DefNew: 17870K->1101K(19136K), 0.0059580 secs] 121172K->104403K(260032K), 0.0060800 secs] [Times: user=0.00 sys=0.00, real=0.01 secs] 
2012-10-21T02:23:49.706+0100: 114905.689: [GC 114905.690: [DefNew: 18125K->854K(19136K), 0.0055210 secs] 121427K->104156K(260032K), 0.0056260 secs] [Times: user=0.00 sys=0.00, real=0.01 secs] 
2012-10-21T02:24:34.974+0100: 114950.957: [GC 114950.957: [DefNew: 17878K->1108K(19136K), 0.0061430 secs] 121180K->104410K(260032K), 0.0062590 secs] [Times: user=0.01 sys=0.00, real=0.01 secs] 
2012-10-21T02:25:24.605+0100: 115000.588: [GC 115000.588: [DefNew: 18132K->914K(19136K), 0.0054260 secs] 121434K->104216K(260032K), 0.0055300 secs] [Times: user=0.01 sys=0.00, real=0.01 secs] 
2012-10-21T02:26:14.590+0100: 115050.573: [GC 115050.574: [DefNew: 17920K->466K(19136K), 0.0048570 secs] 121222K->103768K(260032K), 0.0049590 secs] [Times: user=0.00 sys=0.00, real=0.00 secs] 
2012-10-21T02:27:03.321+0100: 115099.304: [GC 115099.304: [DefNew: 17490K->393K(19136K), 0.0046050 secs] 120792K->103696K(260032K), 0.0047000 secs] [Times: user=0.00 sys=0.00, real=0.00 secs] 
2012-10-21T02:27:49.638+0100: 115145.621: [GC 115145.621: [DefNew: 17417K->1074K(19136K), 0.0059530 secs] 120720K->104376K(260032K), 0.0060580 secs] [Times: user=0.00 sys=0.00, real=0.00 secs] 
2012-10-21T02:28:35.025+0100: 115191.008: [GC 115191.008: [DefNew: 18098K->1378K(19136K), 0.0051340 secs] 121400K->104680K(260032K), 0.0052240 secs] [Times: user=0.01 sys=0.00, real=0.01 secs] 
2012-10-21T02:28:59.932+0100: 115215.915: [GC 115215.916: [DefNew: 18396K->1262K(19136K), 0.0076290 secs] 121698K->104914K(260032K), 0.0077420 secs] [Times: user=0.02 sys=0.00, real=0.01 secs] 
2012-10-21T02:29:39.773+0100: 115255.756: [GC 115255.756: [DefNew: 18283K->601K(19136K), 0.0051250 secs] 121935K->104333K(260032K), 0.0052260 secs] [Times: user=0.01 sys=0.00, real=0.01 secs] 
2012-10-21T02:30:25.231+0100: 115301.214: [GC 115301.214: [DefNew: 17609K->1036K(19136K), 0.0061110 secs] 121341K->104768K(260032K), 0.0062480 secs] [Times: user=0.01 sys=0.00, real=0.01 secs] 
2012-10-21T02:31:14.714+0100: 115350.697: [GC 115350.697: [DefNew: 18046K->747K(19136K), 0.0056030 secs] 121778K->104480K(260032K), 0.0057100 secs] [Times: user=0.01 sys=0.00, real=0.01 secs] 
2012-10-21T02:32:00.479+0100: 115396.462: [GC 115396.462: [DefNew: 17771K->1160K(19136K), 0.0062640 secs] 121504K->104892K(260032K), 0.0063850 secs] [Times: user=0.00 sys=0.00, real=0.00 secs] 
2012-10-21T02:32:50.237+0100: 115446.220: [GC 115446.220: [DefNew: 18184K->971K(19136K), 0.0070270 secs] 121916K->104796K(260032K), 0.0071320 secs] [Times: user=0.01 sys=0.00, real=0.01 secs] 
2012-10-21T02:33:39.798+0100: 115495.781: [GC 115495.781: [DefNew: 17995K->786K(19136K), 0.0054530 secs] 121820K->104611K(260032K), 0.0055510 secs] [Times: user=0.00 sys=0.00, real=0.00 secs] 
2012-10-21T02:34:24.613+0100: 115540.596: [GC 115540.596: [DefNew: 17782K->527K(19136K), 0.0066190 secs] 121607K->104352K(260032K), 0.0067260 secs] [Times: user=0.00 sys=0.00, real=0.01 secs] 
2012-10-21T02:35:05.166+0100: 115581.149: [GC 115581.149: [DefNew: 17551K->1075K(19136K), 0.0062230 secs] 121376K->104900K(260032K), 0.0063260 secs] [Times: user=0.00 sys=0.00, real=0.01 secs] 
2012-10-21T02:35:54.770+0100: 115630.753: [GC 115630.753: [DefNew: 18099K->1068K(19136K), 0.0062280 secs] 121924K->104893K(260032K), 0.0063260 secs] [Times: user=0.00 sys=0.00, real=0.00 secs] 
2012-10-21T02:36:44.749+0100: 115680.732: [GC 115680.732: [DefNew: 18092K->876K(19136K), 0.0060580 secs] 121917K->104701K(260032K), 0.0061610 secs] [Times: user=0.01 sys=0.00, real=0.00 secs] 
2012-10-21T02:37:34.700+0100: 115730.683: [GC 115730.683: [DefNew: 17884K->749K(19136K), 0.0054810 secs] 121710K->104575K(260032K), 0.0055800 secs] [Times: user=0.00 sys=0.00, real=0.00 secs] 
2012-10-21T02:38:20.059+0100: 115776.042: [GC 115776.042: [DefNew: 17765K->1008K(19136K), 0.0058390 secs] 121590K->104834K(260032K), 0.0059810 secs] [Times: user=0.01 sys=0.00, real=0.00 secs] 
2012-10-21T02:39:05.207+0100: 115821.190: [GC 115821.190: [DefNew: 18032K->1185K(19136K), 0.0065480 secs] 121858K->105010K(260032K), 0.0066530 secs] [Times: user=0.01 sys=0.00, real=0.01 secs] 
2012-10-21T02:39:54.686+0100: 115870.669: [GC 115870.669: [DefNew: 18209K->1096K(19136K), 0.0104420 secs] 122034K->105024K(260032K), 0.0105670 secs] [Times: user=0.01 sys=0.00, real=0.01 secs] 
2012-10-21T02:40:45.068+0100: 115921.051: [GC 115921.051: [DefNew: 18120K->686K(19136K), 0.0034690 secs] 122048K->104616K(260032K), 0.0035400 secs] [Times: user=0.00 sys=0.00, real=0.00 secs] 
2012-10-21T02:41:30.102+0100: 115966.085: [GC 115966.085: [DefNew: 17710K->1161K(19136K), 0.0064660 secs] 121640K->105091K(260032K), 0.0065800 secs] [Times: user=0.01 sys=0.00, real=0.01 secs] 
2012-10-21T02:42:20.060+0100: 116016.043: [GC 116016.043: [DefNew: 18185K->1060K(19136K), 0.0064180 secs] 122115K->105054K(260032K), 0.0065180 secs] [Times: user=0.01 sys=0.00, real=0.00 secs] 
2012-10-21T02:43:09.733+0100: 116065.716: [GC 116065.716: [DefNew: 18084K->626K(19136K), 0.0062600 secs] 122078K->104746K(260032K), 0.0063690 secs] [Times: user=0.01 sys=0.00, real=0.01 secs] 
2012-10-21T02:43:59.698+0100: 116115.681: [GC 116115.681: [DefNew: 17647K->433K(19136K), 0.0053830 secs] 121767K->104552K(260032K), 0.0054820 secs] [Times: user=0.00 sys=0.00, real=0.00 secs] 
2012-10-21T02:44:49.627+0100: 116165.610: [GC 116165.610: [DefNew: 17438K->338K(19136K), 0.0043930 secs] 121558K->104458K(260032K), 0.0044920 secs] [Times: user=0.00 sys=0.00, real=0.01 secs] 
2012-10-21T02:45:34.986+0100: 116210.969: [GC 116210.969: [DefNew: 17338K->686K(19136K), 0.0035160 secs] 121457K->104806K(260032K), 0.0035930 secs] [Times: user=0.01 sys=0.00, real=0.01 secs] 
2012-10-21T02:46:20.387+0100: 116256.370: [GC 116256.370: [DefNew: 17710K->1062K(19136K), 0.0056820 secs] 121830K->105182K(260032K), 0.0057850 secs] [Times: user=0.00 sys=0.00, real=0.01 secs] 
2012-10-21T02:47:09.918+0100: 116305.901: [GC 116305.901: [DefNew: 18085K->993K(19136K), 0.0057010 secs] 122205K->105143K(260032K), 0.0058050 secs] [Times: user=0.00 sys=0.00, real=0.00 secs] 
2012-10-21T02:47:59.861+0100: 116355.844: [GC 116355.844: [DefNew: 18017K->751K(19136K), 0.0062740 secs] 122167K->104901K(260032K), 0.0063840 secs] [Times: user=0.00 sys=0.00, real=0.00 secs] 
2012-10-21T02:48:45.191+0100: 116401.174: [GC 116401.174: [DefNew: 17775K->1223K(19136K), 0.0077550 secs] 121925K->105373K(260032K), 0.0078730 secs] [Times: user=0.00 sys=0.00, real=0.01 secs] 
2012-10-21T02:49:34.731+0100: 116450.714: [GC 116450.715: [DefNew: 18247K->623K(19136K), 0.0055640 secs] 122397K->104898K(260032K), 0.0056630 secs] [Times: user=0.00 sys=0.00, real=0.00 secs] 
2012-10-21T02:50:19.701+0100: 116495.684: [GC 116495.684: [DefNew: 17647K->968K(19136K), 0.0089140 secs] 121922K->105243K(260032K), 0.0090240 secs] [Times: user=0.01 sys=0.00, real=0.01 secs] 
2012-10-21T02:51:05.184+0100: 116541.167: [GC 116541.167: [DefNew: 17992K->1132K(19136K), 0.0060740 secs] 122267K->105408K(260032K), 0.0061770 secs] [Times: user=0.01 sys=0.00, real=0.01 secs] 
2012-10-21T02:51:55.218+0100: 116591.201: [GC 116591.201: [DefNew: 18156K->971K(19136K), 0.0058160 secs] 122432K->105277K(260032K), 0.0059250 secs] [Times: user=0.01 sys=0.00, real=0.00 secs] 
2012-10-21T02:52:44.876+0100: 116640.859: [GC 116640.859: [DefNew: 17990K->935K(19136K), 0.0095380 secs] 122296K->105241K(260032K), 0.0096740 secs] [Times: user=0.00 sys=0.00, real=0.01 secs] 
2012-10-21T02:53:34.993+0100: 116690.976: [GC 116690.976: [DefNew: 17930K->876K(19136K), 0.0055820 secs] 122236K->105181K(260032K), 0.0057050 secs] [Times: user=0.01 sys=0.00, real=0.01 secs] 
2012-10-21T02:54:19.949+0100: 116735.932: [GC 116735.932: [DefNew: 17900K->919K(19136K), 0.0056350 secs] 122205K->105225K(260032K), 0.0057340 secs] [Times: user=0.00 sys=0.00, real=0.00 secs] 
2012-10-21T02:55:10.053+0100: 116786.036: [GC 116786.037: [DefNew: 17943K->712K(19136K), 0.0051250 secs] 122249K->105018K(260032K), 0.0052320 secs] [Times: user=0.00 sys=0.00, real=0.01 secs] 
2012-10-21T02:56:00.071+0100: 116836.054: [GC 116836.054: [DefNew: 17732K->485K(19136K), 0.0049380 secs] 122037K->104790K(260032K), 0.0056390 secs] [Times: user=0.00 sys=0.01, real=0.00 secs] 
2012-10-21T02:56:49.819+0100: 116885.802: [GC 116885.802: [DefNew: 17499K->494K(19136K), 0.0052130 secs] 121805K->104800K(260032K), 0.0053130 secs] [Times: user=0.01 sys=0.00, real=0.00 secs] 
2012-10-21T02:57:35.751+0100: 116931.734: [GC 116931.734: [DefNew: 17518K->1090K(19136K), 0.0058040 secs] 121824K->105396K(260032K), 0.0059100 secs] [Times: user=0.00 sys=0.00, real=0.00 secs] 
2012-10-21T02:58:24.992+0100: 116980.975: [GC 116980.975: [DefNew: 18114K->872K(19136K), 0.0055870 secs] 122419K->105179K(260032K), 0.0057560 secs] [Times: user=0.01 sys=0.00, real=0.01 secs] 
2012-10-21T02:59:15.062+0100: 117031.045: [GC 117031.045: [DefNew: 17889K->564K(19136K), 0.0042760 secs] 122196K->104870K(260032K), 0.0043630 secs] [Times: user=0.00 sys=0.00, real=0.00 secs] 
2012-10-21T02:59:59.891+0100: 117075.874: [GC 117075.874: [DefNew: 17588K->939K(19136K), 0.0055070 secs] 121894K->105246K(260032K), 0.0056180 secs] [Times: user=0.00 sys=0.00, real=0.00 secs] 
2012-10-21T03:00:45.261+0100: 117121.244: [GC 117121.244: [DefNew: 17963K->1123K(19136K), 0.0059810 secs] 122270K->105430K(260032K), 0.0060820 secs] [Times: user=0.00 sys=0.00, real=0.00 secs] 
2012-10-21T03:01:35.137+0100: 117171.120: [GC 117171.120: [DefNew: 18147K->1003K(19136K), 0.0059170 secs] 122454K->105339K(260032K), 0.0060210 secs] [Times: user=0.01 sys=0.00, real=0.01 secs] 
2012-10-21T03:02:25.072+0100: 117221.055: [GC 117221.055: [DefNew: 18020K->795K(19136K), 0.0062540 secs] 122356K->105131K(260032K), 0.0063940 secs] [Times: user=0.01 sys=0.00, real=0.01 secs] 
2012-10-21T03:03:10.003+0100: 117265.986: [GC 117265.986: [DefNew: 17819K->1135K(19136K), 0.0070790 secs] 122155K->105472K(260032K), 0.0071950 secs] [Times: user=0.01 sys=0.00, real=0.01 secs] 
2012-10-21T03:03:55.370+0100: 117311.353: [GC 117311.353: [DefNew: 18159K->1233K(19136K), 0.0071330 secs] 122496K->105790K(260032K), 0.0072930 secs] [Times: user=0.01 sys=0.00, real=0.01 secs] 
2012-10-21T03:04:45.443+0100: 117361.426: [GC 117361.426: [DefNew: 18257K->1045K(19136K), 0.0065540 secs] 122814K->105768K(260032K), 0.0066720 secs] [Times: user=0.00 sys=0.00, real=0.01 secs] 
2012-10-21T03:05:30.387+0100: 117406.370: [GC 117406.370: [DefNew: 18069K->1131K(19136K), 0.0061810 secs] 122792K->105854K(260032K), 0.0062950 secs] [Times: user=0.01 sys=0.00, real=0.01 secs] 
2012-10-21T03:06:19.939+0100: 117455.922: [GC 117455.922: [DefNew: 18155K->744K(19136K), 0.0062760 secs] 122878K->105503K(260032K), 0.0064000 secs] [Times: user=0.00 sys=0.00, real=0.00 secs] 
2012-10-21T03:07:09.914+0100: 117505.897: [GC 117505.897: [DefNew: 17768K->652K(19136K), 0.0083500 secs] 122527K->105411K(260032K), 0.0084830 secs] [Times: user=0.00 sys=0.00, real=0.01 secs] 
2012-10-21T03:07:55.312+0100: 117551.295: [GC 117551.295: [DefNew: 17676K->1092K(19136K), 0.0057920 secs] 122435K->105850K(260032K), 0.0059160 secs] [Times: user=0.01 sys=0.00, real=0.01 secs] 
2012-10-21T03:08:44.350+0100: 117600.333: [GC 117600.333: [DefNew: 18113K->929K(19136K), 0.0056310 secs] 122871K->105688K(260032K), 0.0057240 secs] [Times: user=0.00 sys=0.00, real=0.00 secs] 
2012-10-21T03:09:30.082+0100: 117646.065: [GC 117646.065: [DefNew: 17953K->940K(19136K), 0.0056310 secs] 122712K->105699K(260032K), 0.0057390 secs] [Times: user=0.00 sys=0.00, real=0.01 secs] 
2012-10-21T03:10:19.964+0100: 117695.947: [GC 117695.947: [DefNew: 17952K->719K(19136K), 0.0054300 secs] 122711K->105478K(260032K), 0.0055320 secs] [Times: user=0.01 sys=0.00, real=0.01 secs] 
2012-10-21T03:11:05.339+0100: 117741.322: [GC 117741.322: [DefNew: 17743K->1101K(19136K), 0.0058770 secs] 122502K->105861K(260032K), 0.0059770 secs] [Times: user=0.00 sys=0.00, real=0.00 secs] 
2012-10-21T03:11:55.010+0100: 117790.993: [GC 117790.993: [DefNew: 18125K->820K(19136K), 0.0056670 secs] 122885K->105643K(260032K), 0.0057610 secs] [Times: user=0.00 sys=0.00, real=0.00 secs] 
2012-10-21T03:12:45.055+0100: 117841.038: [GC 117841.038: [DefNew: 17842K->922K(19136K), 0.0054750 secs] 122665K->105746K(260032K), 0.0055770 secs] [Times: user=0.00 sys=0.00, real=0.01 secs] 
2012-10-21T03:13:30.485+0100: 117886.468: [GC 117886.468: [DefNew: 17936K->1168K(19136K), 0.0061760 secs] 122759K->105991K(260032K), 0.0062780 secs] [Times: user=0.00 sys=0.00, real=0.01 secs] 
2012-10-21T03:14:19.962+0100: 117935.945: [GC 117935.945: [DefNew: 18191K->938K(19136K), 0.0062010 secs] 123014K->105835K(260032K), 0.0063000 secs] [Times: user=0.01 sys=0.00, real=0.01 secs] 
2012-10-21T03:15:05.363+0100: 117981.346: [GC 117981.346: [DefNew: 17962K->1031K(19136K), 0.0075290 secs] 122859K->105929K(260032K), 0.0076410 secs] [Times: user=0.01 sys=0.00, real=0.01 secs] 
2012-10-21T03:15:54.795+0100: 118030.777: [GC 118030.778: [DefNew: 18051K->639K(19136K), 0.0048320 secs] 122948K->105536K(260032K), 0.0049300 secs] [Times: user=0.00 sys=0.00, real=0.01 secs] 
2012-10-21T03:16:40.335+0100: 118076.318: [GC 118076.318: [DefNew: 17663K->1226K(19136K), 0.0112580 secs] 122560K->106153K(260032K), 0.0113850 secs] [Times: user=0.01 sys=0.00, real=0.01 secs] 
2012-10-21T03:17:26.364+0100: 118122.347: [GC 118122.347: [DefNew: 18250K->1096K(19136K), 0.0061680 secs] 123177K->106128K(260032K), 0.0062740 secs] [Times: user=0.01 sys=0.00, real=0.01 secs] 
2012-10-21T03:18:15.089+0100: 118171.072: [GC 118171.072: [DefNew: 18119K->800K(19136K), 0.0059000 secs] 123151K->106031K(260032K), 0.0059990 secs] [Times: user=0.00 sys=0.00, real=0.00 secs] 
2012-10-21T03:19:00.609+0100: 118216.592: [GC 118216.592: [DefNew: 17824K->1099K(19136K), 0.0058710 secs] 123055K->106329K(260032K), 0.0059700 secs] [Times: user=0.01 sys=0.00, real=0.00 secs] 
2012-10-21T03:19:50.406+0100: 118266.389: [GC 118266.389: [DefNew: 18123K->1131K(19136K), 0.0060250 secs] 123353K->106363K(260032K), 0.0061240 secs] [Times: user=0.01 sys=0.00, real=0.01 secs] 
2012-10-21T03:20:40.092+0100: 118316.075: [GC 118316.075: [DefNew: 18132K->652K(19136K), 0.0051750 secs] 123363K->106010K(260032K), 0.0052760 secs] [Times: user=0.00 sys=0.00, real=0.00 secs] 
2012-10-21T03:21:25.374+0100: 118361.357: [GC 118361.357: [DefNew: 17676K->1167K(19136K), 0.0059700 secs] 123034K->106525K(260032K), 0.0060790 secs] [Times: user=0.00 sys=0.00, real=0.01 secs] 
2012-10-21T03:22:15.080+0100: 118411.063: [GC 118411.063: [DefNew: 18191K->887K(19136K), 0.0057730 secs] 123549K->106309K(260032K), 0.0059200 secs] [Times: user=0.01 sys=0.00, real=0.00 secs] 
2012-10-21T03:23:05.078+0100: 118461.061: [GC 118461.061: [DefNew: 17902K->659K(19136K), 0.0050500 secs] 123325K->106081K(260032K), 0.0051510 secs] [Times: user=0.00 sys=0.00, real=0.00 secs] 
2012-10-21T03:23:50.315+0100: 118506.298: [GC 118506.298: [DefNew: 17683K->1137K(19136K), 0.0059950 secs] 123105K->106560K(260032K), 0.0060990 secs] [Times: user=0.01 sys=0.00, real=0.01 secs] 
2012-10-21T03:24:40.657+0100: 118556.640: [GC 118556.640: [DefNew: 18154K->969K(19136K), 0.0058840 secs] 123576K->106392K(260032K), 0.0060300 secs] [Times: user=0.01 sys=0.00, real=0.01 secs] 
2012-10-21T03:25:32.295+0100: 118608.278: [GC 118608.278: [DefNew: 17993K->850K(19136K), 0.0053560 secs] 123416K->106273K(260032K), 0.0054530 secs] [Times: user=0.00 sys=0.00, real=0.01 secs] 
2012-10-21T03:26:20.103+0100: 118656.086: [GC 118656.086: [DefNew: 17874K->496K(19136K), 0.0047150 secs] 123297K->105919K(260032K), 0.0048090 secs] [Times: user=0.01 sys=0.00, real=0.01 secs] 
2012-10-21T03:27:05.561+0100: 118701.544: [GC 118701.544: [DefNew: 17520K->1195K(19136K), 0.0106550 secs] 122943K->106648K(260032K), 0.0107750 secs] [Times: user=0.00 sys=0.00, real=0.01 secs] 
2012-10-21T03:27:55.369+0100: 118751.352: [GC 118751.352: [DefNew: 18219K->747K(19136K), 0.0058550 secs] 123672K->106326K(260032K), 0.0059540 secs] [Times: user=0.01 sys=0.00, real=0.00 secs] 
2012-10-21T03:28:40.567+0100: 118796.550: [GC 118796.550: [DefNew: 17771K->1267K(19136K), 0.0063500 secs] 123350K->106846K(260032K), 0.0064600 secs] [Times: user=0.00 sys=0.00, real=0.01 secs] 
2012-10-21T03:29:10.168+0100: 118826.151: [GC 118826.151: [DefNew: 18291K->778K(19136K), 0.0064750 secs] 123870K->106713K(260032K), 0.0065870 secs] [Times: user=0.00 sys=0.00, real=0.00 secs] 
2012-10-21T03:30:00.099+0100: 118876.082: [GC 118876.082: [DefNew: 17802K->808K(19136K), 0.0053000 secs] 123737K->106744K(260032K), 0.0054050 secs] [Times: user=0.00 sys=0.00, real=0.00 secs] 
2012-10-21T03:30:50.111+0100: 118926.094: [GC 118926.094: [DefNew: 17832K->689K(19136K), 0.0074680 secs] 123768K->106624K(260032K), 0.0075860 secs] [Times: user=0.00 sys=0.01, real=0.01 secs] 
2012-10-21T03:31:35.247+0100: 118971.230: [GC 118971.230: [DefNew: 17696K->1051K(19136K), 0.0058920 secs] 123631K->106986K(260032K), 0.0059920 secs] [Times: user=0.00 sys=0.00, real=0.01 secs] 
2012-10-21T03:32:25.151+0100: 119021.134: [GC 119021.134: [DefNew: 18064K->833K(19136K), 0.0055400 secs] 124000K->106771K(260032K), 0.0056360 secs] [Times: user=0.00 sys=0.00, real=0.00 secs] 
2012-10-21T03:33:10.101+0100: 119066.084: [GC 119066.084: [DefNew: 17850K->958K(19136K), 0.0080240 secs] 123788K->106896K(260032K), 0.0081390 secs] [Times: user=0.00 sys=0.00, real=0.01 secs] 
2012-10-21T03:33:55.451+0100: 119111.434: [GC 119111.434: [DefNew: 17982K->1333K(19136K), 0.0113580 secs] 123920K->107271K(260032K), 0.0116210 secs] [Times: user=0.00 sys=0.00, real=0.01 secs] 
2012-10-21T03:34:45.342+0100: 119161.325: [GC 119161.325: [DefNew: 18357K->912K(19136K), 0.0063900 secs] 124295K->107090K(260032K), 0.0064900 secs] [Times: user=0.01 sys=0.00, real=0.01 secs] 
2012-10-21T03:35:30.806+0100: 119206.789: [GC 119206.789: [DefNew: 17916K->1097K(19136K), 0.0063980 secs] 124094K->107275K(260032K), 0.0065100 secs] [Times: user=0.01 sys=0.00, real=0.01 secs] 
2012-10-21T03:36:20.223+0100: 119256.206: [GC 119256.207: [DefNew: 18121K->748K(19136K), 0.0075690 secs] 124299K->106988K(260032K), 0.0082730 secs] [Times: user=0.01 sys=0.00, real=0.01 secs] 
2012-10-21T03:37:10.210+0100: 119306.193: [GC 119306.193: [DefNew: 17768K->669K(19136K), 0.0048950 secs] 124008K->106909K(260032K), 0.0049940 secs] [Times: user=0.00 sys=0.00, real=0.00 secs] 
2012-10-21T03:37:55.535+0100: 119351.518: [GC 119351.518: [DefNew: 17693K->1101K(19136K), 0.0041540 secs] 123933K->107371K(260032K), 0.0042370 secs] [Times: user=0.00 sys=0.00, real=0.01 secs] 
2012-10-21T03:38:45.330+0100: 119401.313: [GC 119401.313: [DefNew: 18125K->1228K(19136K), 0.0062820 secs] 124395K->107560K(260032K), 0.0063880 secs] [Times: user=0.00 sys=0.00, real=0.00 secs] 
2012-10-21T03:39:30.335+0100: 119446.318: [GC 119446.318: [DefNew: 18252K->806K(19136K), 0.0059390 secs] 124584K->107295K(260032K), 0.0060540 secs] [Times: user=0.00 sys=0.00, real=0.01 secs] 
2012-10-21T03:40:20.201+0100: 119496.184: [GC 119496.184: [DefNew: 17814K->756K(19136K), 0.0051260 secs] 124303K->107245K(260032K), 0.0052280 secs] [Times: user=0.00 sys=0.00, real=0.00 secs] 
2012-10-21T03:41:05.567+0100: 119541.549: [GC 119541.550: [DefNew: 17780K->1262K(19136K), 0.0078050 secs] 124269K->107751K(260032K), 0.0079120 secs] [Times: user=0.01 sys=0.00, real=0.01 secs] 
2012-10-21T03:41:55.326+0100: 119591.309: [GC 119591.309: [DefNew: 18286K->665K(19136K), 0.0064450 secs] 124775K->107448K(260032K), 0.0065660 secs] [Times: user=0.01 sys=0.00, real=0.01 secs] 
2012-10-21T03:42:45.453+0100: 119641.435: [GC 119641.436: [DefNew: 17684K->761K(19136K), 0.0054380 secs] 124468K->107544K(260032K), 0.0056950 secs] [Times: user=0.01 sys=0.00, real=0.01 secs] 
2012-10-21T03:43:30.657+0100: 119686.639: [GC 119686.640: [DefNew: 17785K->1113K(19136K), 0.0063060 secs] 124568K->107896K(260032K), 0.0064090 secs] [Times: user=0.00 sys=0.00, real=0.01 secs] 
2012-10-21T03:44:20.594+0100: 119736.577: [GC 119736.577: [DefNew: 18137K->1086K(19136K), 0.0113390 secs] 124920K->108006K(260032K), 0.0114610 secs] [Times: user=0.01 sys=0.00, real=0.01 secs] 
2012-10-21T03:45:10.439+0100: 119786.422: [GC 119786.423: [DefNew: 18101K->559K(19136K), 0.0047920 secs] 125021K->107481K(260032K), 0.0048870 secs] [Times: user=0.00 sys=0.00, real=0.00 secs] 
2012-10-21T03:45:55.385+0100: 119831.368: [GC 119831.368: [DefNew: 17583K->1162K(19136K), 0.0061930 secs] 124505K->108083K(260032K), 0.0067920 secs] [Times: user=0.01 sys=0.00, real=0.01 secs] 
2012-10-21T03:46:45.515+0100: 119881.498: [GC 119881.498: [DefNew: 18186K->882K(19136K), 0.0055110 secs] 125107K->107804K(260032K), 0.0056190 secs] [Times: user=0.01 sys=0.00, real=0.01 secs] 
2012-10-21T03:47:35.540+0100: 119931.523: [GC 119931.523: [DefNew: 17882K->686K(19136K), 0.0050310 secs] 124804K->107608K(260032K), 0.0051270 secs] [Times: user=0.01 sys=0.00, real=0.00 secs] 
2012-10-21T03:48:25.413+0100: 119981.396: [GC 119981.396: [DefNew: 17699K->369K(19136K), 0.0047410 secs] 124621K->107292K(260032K), 0.0048330 secs] [Times: user=0.00 sys=0.00, real=0.01 secs] 
2012-10-21T03:49:10.320+0100: 120026.303: [GC 120026.303: [DefNew: 17393K->876K(19136K), 0.0054760 secs] 124316K->107798K(260032K), 0.0056110 secs] [Times: user=0.00 sys=0.00, real=0.00 secs] 
2012-10-21T03:50:00.299+0100: 120076.282: [GC 120076.282: [DefNew: 17900K->654K(19136K), 0.0053410 secs] 124822K->107638K(260032K), 0.0054480 secs] [Times: user=0.00 sys=0.00, real=0.00 secs] 
2012-10-21T03:50:45.379+0100: 120121.362: [GC 120121.362: [DefNew: 17674K->876K(19136K), 0.0054430 secs] 124658K->107860K(260032K), 0.0055420 secs] [Times: user=0.00 sys=0.00, real=0.00 secs] 
2012-10-21T03:51:30.808+0100: 120166.791: [GC 120166.791: [DefNew: 17900K->1037K(19136K), 0.0058680 secs] 124884K->108051K(260032K), 0.0059660 secs] [Times: user=0.00 sys=0.00, real=0.00 secs] 
2012-10-21T03:52:20.623+0100: 120216.606: [GC 120216.606: [DefNew: 18061K->1104K(19136K), 0.0058960 secs] 125075K->108119K(260032K), 0.0059960 secs] [Times: user=0.01 sys=0.00, real=0.01 secs] 
2012-10-21T03:53:10.458+0100: 120266.441: [GC 120266.441: [DefNew: 18128K->527K(19136K), 0.0048260 secs] 125142K->107541K(260032K), 0.0049230 secs] [Times: user=0.00 sys=0.00, real=0.00 secs] 
2012-10-21T03:53:55.346+0100: 120311.329: [GC 120311.329: [DefNew: 17542K->966K(19136K), 0.0055680 secs] 124556K->107980K(260032K), 0.0056690 secs] [Times: user=0.01 sys=0.00, real=0.01 secs] 
2012-10-21T03:54:45.367+0100: 120361.350: [GC 120361.350: [DefNew: 17990K->749K(19136K), 0.0052140 secs] 125004K->107763K(260032K), 0.0053130 secs] [Times: user=0.00 sys=0.00, real=0.01 secs] 
2012-10-21T03:55:30.640+0100: 120406.623: [GC 120406.623: [DefNew: 17773K->1100K(19136K), 0.0057930 secs] 124787K->108115K(260032K), 0.0058960 secs] [Times: user=0.00 sys=0.00, real=0.00 secs] 
2012-10-21T03:56:20.721+0100: 120456.704: [GC 120456.704: [DefNew: 18124K->903K(19136K), 0.0060130 secs] 125139K->107918K(260032K), 0.0066840 secs] [Times: user=0.00 sys=0.00, real=0.01 secs] 
2012-10-21T03:57:05.749+0100: 120501.732: [GC 120501.732: [DefNew: 17927K->1192K(19136K), 0.0064730 secs] 124942K->108207K(260032K), 0.0065750 secs] [Times: user=0.00 sys=0.00, real=0.00 secs] 
2012-10-21T03:57:55.594+0100: 120551.577: [GC 120551.577: [DefNew: 18202K->938K(19136K), 0.0062320 secs] 125217K->108016K(260032K), 0.0063460 secs] [Times: user=0.00 sys=0.00, real=0.01 secs] 
2012-10-21T03:58:43.799+0100: 120599.782: [GC 120599.782: [DefNew: 17962K->521K(19136K), 0.0046600 secs] 125040K->107599K(260032K), 0.0047600 secs] [Times: user=0.00 sys=0.00, real=0.00 secs] 
2012-10-21T03:59:30.661+0100: 120646.644: [GC 120646.644: [DefNew: 17545K->1033K(19136K), 0.0063760 secs] 124623K->108111K(260032K), 0.0064960 secs] [Times: user=0.00 sys=0.00, real=0.00 secs] 
2012-10-21T04:00:15.691+0100: 120691.674: [GC 120691.674: [DefNew: 18057K->1291K(19136K), 0.0072640 secs] 125135K->108369K(260032K), 0.0073680 secs] [Times: user=0.01 sys=0.00, real=0.01 secs] 
2012-10-21T04:01:05.438+0100: 120741.421: [GC 120741.421: [DefNew: 18313K->911K(19136K), 0.0056800 secs] 125391K->108083K(260032K), 0.0058030 secs] [Times: user=0.01 sys=0.00, real=0.00 secs] 
2012-10-21T04:01:55.340+0100: 120791.323: [GC 120791.323: [DefNew: 17935K->913K(19136K), 0.0060440 secs] 125107K->108085K(260032K), 0.0061540 secs] [Times: user=0.00 sys=0.01, real=0.00 secs] 
2012-10-21T04:02:40.516+0100: 120836.499: [GC 120836.499: [DefNew: 17937K->1136K(19136K), 0.0068240 secs] 125109K->108308K(260032K), 0.0069260 secs] [Times: user=0.01 sys=0.00, real=0.01 secs] 
2012-10-21T04:03:30.428+0100: 120886.411: [GC 120886.411: [DefNew: 18157K->941K(19136K), 0.0054780 secs] 125330K->108140K(260032K), 0.0055800 secs] [Times: user=0.00 sys=0.00, real=0.00 secs] 
2012-10-21T04:04:15.707+0100: 120931.690: [GC 120931.690: [DefNew: 17958K->1291K(19136K), 0.0140990 secs] 125157K->108490K(260032K), 0.0142290 secs] [Times: user=0.01 sys=0.00, real=0.02 secs] 
2012-10-21T04:05:05.618+0100: 120981.601: [GC 120981.601: [DefNew: 18289K->785K(19136K), 0.0066290 secs] 125488K->108303K(260032K), 0.0067420 secs] [Times: user=0.00 sys=0.00, real=0.00 secs] 
2012-10-21T04:05:50.473+0100: 121026.456: [GC 121026.456: [DefNew: 17807K->1847K(19136K), 0.0082060 secs] 125325K->109364K(260032K), 0.0083570 secs] [Times: user=0.01 sys=0.00, real=0.01 secs] 
2012-10-21T04:06:40.612+0100: 121076.595: [GC 121076.595: [DefNew: 18871K->754K(19136K), 0.0058070 secs] 126388K->108400K(260032K), 0.0059040 secs] [Times: user=0.02 sys=0.00, real=0.01 secs] 
2012-10-21T04:07:30.543+0100: 121126.526: [GC 121126.526: [DefNew: 17778K->850K(19136K), 0.0053480 secs] 125424K->108496K(260032K), 0.0054460 secs] [Times: user=0.00 sys=0.00, real=0.01 secs] 
2012-10-21T04:08:20.478+0100: 121176.461: [GC 121176.461: [DefNew: 17874K->371K(19136K), 0.0043410 secs] 125520K->108016K(260032K), 0.0044400 secs] [Times: user=0.00 sys=0.00, real=0.00 secs] 
2012-10-21T04:09:05.628+0100: 121221.611: [GC 121221.611: [DefNew: 17381K->494K(19136K), 0.0047690 secs] 125027K->108140K(260032K), 0.0048680 secs] [Times: user=0.01 sys=0.00, real=0.00 secs] 
2012-10-21T04:09:55.384+0100: 121271.367: [GC 121271.367: [DefNew: 17513K->403K(19136K), 0.0047060 secs] 125159K->108110K(260032K), 0.0047990 secs] [Times: user=0.00 sys=0.00, real=0.01 secs] 
2012-10-21T04:10:40.601+0100: 121316.584: [GC 121316.584: [DefNew: 17427K->950K(19136K), 0.0055070 secs] 125134K->108657K(260032K), 0.0056100 secs] [Times: user=0.01 sys=0.00, real=0.00 secs] 
2012-10-21T04:11:30.481+0100: 121366.464: [GC 121366.465: [DefNew: 17966K->778K(19136K), 0.0051730 secs] 125673K->108485K(260032K), 0.0052820 secs] [Times: user=0.00 sys=0.00, real=0.00 secs] 
2012-10-21T04:12:18.021+0100: 121414.004: [GC 121414.004: [DefNew: 17802K->455K(19136K), 0.0046290 secs] 125509K->108192K(260032K), 0.0047210 secs] [Times: user=0.00 sys=0.00, real=0.00 secs] 
2012-10-21T04:13:05.856+0100: 121461.839: [GC 121461.839: [DefNew: 17475K->750K(19136K), 0.0053040 secs] 125212K->108488K(260032K), 0.0060870 secs] [Times: user=0.01 sys=0.00, real=0.01 secs] 
2012-10-21T04:13:50.985+0100: 121506.967: [GC 121506.968: [DefNew: 17771K->1155K(19136K), 0.0060840 secs] 125509K->108892K(260032K), 0.0061900 secs] [Times: user=0.00 sys=0.00, real=0.01 secs] 
2012-10-21T04:14:40.657+0100: 121556.640: [GC 121556.640: [DefNew: 18178K->1040K(19136K), 0.0096530 secs] 125915K->108840K(260032K), 0.0098560 secs] [Times: user=0.01 sys=0.00, real=0.01 secs] 
2012-10-21T04:15:25.792+0100: 121601.775: [GC 121601.775: [DefNew: 18043K->1200K(19136K), 0.0065380 secs] 125843K->108999K(260032K), 0.0066710 secs] [Times: user=0.01 sys=0.00, real=0.01 secs] 
2012-10-21T04:16:11.062+0100: 121647.045: [GC 121647.045: [DefNew: 18224K->1130K(19136K), 0.0063010 secs] 126023K->109033K(260032K), 0.0064030 secs] [Times: user=0.00 sys=0.00, real=0.01 secs] 
2012-10-21T04:17:00.624+0100: 121696.606: [GC 121696.607: [DefNew: 18154K->1028K(19136K), 0.0059010 secs] 126057K->108995K(260032K), 0.0060050 secs] [Times: user=0.01 sys=0.00, real=0.01 secs] 
2012-10-21T04:17:45.749+0100: 121741.732: [GC 121741.732: [DefNew: 18052K->1211K(19136K), 0.0067200 secs] 126019K->109177K(260032K), 0.0068240 secs] [Times: user=0.00 sys=0.00, real=0.00 secs] 
2012-10-21T04:18:36.064+0100: 121792.047: [GC 121792.047: [DefNew: 18235K->1037K(19136K), 0.0067970 secs] 126201K->109181K(260032K), 0.0069030 secs] [Times: user=0.02 sys=0.00, real=0.01 secs] 
2012-10-21T04:19:25.568+0100: 121841.551: [GC 121841.551: [DefNew: 18048K->372K(19136K), 0.0091690 secs] 126192K->108515K(260032K), 0.0092750 secs] [Times: user=0.00 sys=0.00, real=0.01 secs] 
2012-10-21T04:20:10.782+0100: 121886.765: [GC 121886.765: [DefNew: 17396K->950K(19136K), 0.0058320 secs] 125539K->109094K(260032K), 0.0059500 secs] [Times: user=0.01 sys=0.00, real=0.01 secs] 
2012-10-21T04:20:56.078+0100: 121932.061: [GC 121932.061: [DefNew: 17974K->1185K(19136K), 0.0064280 secs] 126118K->109362K(260032K), 0.0065970 secs] [Times: user=0.00 sys=0.00, real=0.00 secs] 
2012-10-21T04:21:45.584+0100: 121981.567: [GC 121981.567: [DefNew: 18203K->754K(19136K), 0.0060480 secs] 126380K->109087K(260032K), 0.0061650 secs] [Times: user=0.01 sys=0.00, real=0.01 secs] 
2012-10-21T04:22:35.818+0100: 122031.801: [GC 122031.801: [DefNew: 17778K->763K(19136K), 0.0055800 secs] 126111K->109096K(260032K), 0.0057090 secs] [Times: user=0.00 sys=0.00, real=0.00 secs] 
2012-10-21T04:23:25.841+0100: 122081.824: [GC 122081.824: [DefNew: 17787K->597K(19136K), 0.0089690 secs] 126120K->108930K(260032K), 0.0090970 secs] [Times: user=0.01 sys=0.00, real=0.01 secs] 
2012-10-21T04:24:09.625+0100: 122125.608: [GC 122125.608: [DefNew: 17621K->588K(19136K), 0.0052440 secs] 125954K->108921K(260032K), 0.0053460 secs] [Times: user=0.01 sys=0.00, real=0.01 secs] 
2012-10-21T04:24:55.623+0100: 122171.606: [GC 122171.606: [DefNew: 17612K->1028K(19136K), 0.0061940 secs] 125945K->109360K(260032K), 0.0063000 secs] [Times: user=0.01 sys=0.00, real=0.01 secs] 
2012-10-21T04:25:45.694+0100: 122221.677: [GC 122221.677: [DefNew: 18041K->536K(19136K), 0.0058480 secs] 126373K->108868K(260032K), 0.0059600 secs] [Times: user=0.00 sys=0.00, real=0.01 secs] 
2012-10-21T04:26:30.699+0100: 122266.682: [GC 122266.682: [DefNew: 17560K->1110K(19136K), 0.0062270 secs] 125892K->109472K(260032K), 0.0063320 secs] [Times: user=0.01 sys=0.00, real=0.00 secs] 
2012-10-21T04:27:20.771+0100: 122316.754: [GC 122316.754: [DefNew: 18119K->560K(19136K), 0.0052590 secs] 126481K->108996K(260032K), 0.0060190 secs] [Times: user=0.01 sys=0.00, real=0.01 secs] 
2012-10-21T04:28:00.631+0100: 122356.614: [GC 122356.614: [DefNew: 17579K->2112K(19136K), 0.0087400 secs] 126015K->110581K(260032K), 0.0088730 secs] [Times: user=0.01 sys=0.00, real=0.01 secs] 
2012-10-21T04:28:50.702+0100: 122406.685: [GC 122406.685: [DefNew: 19128K->687K(19136K), 0.0079610 secs] 127598K->109283K(260032K), 0.0080850 secs] [Times: user=0.00 sys=0.00, real=0.01 secs] 
2012-10-21T04:29:20.917+0100: 122436.900: [GC 122436.900: [DefNew: 17681K->1087K(19136K), 0.0058880 secs] 126276K->109682K(260032K), 0.0060390 secs] [Times: user=0.00 sys=0.01, real=0.01 secs] 
2012-10-21T04:30:07.593+0100: 122483.576: [GC 122483.576: [DefNew: 18111K->1250K(19136K), 0.0064820 secs] 126706K->109876K(260032K), 0.0066470 secs] [Times: user=0.00 sys=0.00, real=0.01 secs] 
2012-10-21T04:30:55.762+0100: 122531.745: [GC 122531.745: [DefNew: 18274K->1032K(19136K), 0.0094480 secs] 126900K->109785K(260032K), 0.0095870 secs] [Times: user=0.01 sys=0.00, real=0.01 secs] 
2012-10-21T04:31:45.617+0100: 122581.600: [GC 122581.600: [DefNew: 18028K->599K(19136K), 0.0088870 secs] 126782K->109353K(260032K), 0.0089970 secs] [Times: user=0.00 sys=0.00, real=0.01 secs] 
2012-10-21T04:32:35.755+0100: 122631.738: [GC 122631.738: [DefNew: 17605K->569K(19136K), 0.0081610 secs] 126359K->109323K(260032K), 0.0082690 secs] [Times: user=0.00 sys=0.00, real=0.01 secs] 
2012-10-21T04:33:20.867+0100: 122676.850: [GC 122676.851: [DefNew: 17593K->852K(19136K), 0.0058360 secs] 126347K->109606K(260032K), 0.0059510 secs] [Times: user=0.00 sys=0.00, real=0.00 secs] 
2012-10-21T04:34:05.698+0100: 122721.681: [GC 122721.681: [DefNew: 17876K->976K(19136K), 0.0054960 secs] 126630K->109730K(260032K), 0.0056040 secs] [Times: user=0.00 sys=0.00, real=0.00 secs] 
2012-10-21T04:34:54.674+0100: 122770.657: [GC 122770.658: [DefNew: 18000K->750K(19136K), 0.0054600 secs] 126754K->109577K(260032K), 0.0055580 secs] [Times: user=0.01 sys=0.00, real=0.01 secs] 
2012-10-21T04:35:41.328+0100: 122817.311: [GC 122817.311: [DefNew: 17774K->1183K(19136K), 0.0060050 secs] 126601K->110011K(260032K), 0.0061100 secs] [Times: user=0.00 sys=0.00, real=0.00 secs] 
2012-10-21T04:36:31.329+0100: 122867.312: [GC 122867.312: [DefNew: 18204K->985K(19136K), 0.0089860 secs] 127032K->109874K(260032K), 0.0091550 secs] [Times: user=0.01 sys=0.00, real=0.01 secs] 
2012-10-21T04:37:20.886+0100: 122916.869: [GC 122916.869: [DefNew: 17987K->530K(19136K), 0.0049170 secs] 126876K->109419K(260032K), 0.0056250 secs] [Times: user=0.00 sys=0.00, real=0.01 secs] 
2012-10-21T04:38:10.600+0100: 122966.583: [GC 122966.583: [DefNew: 17554K->401K(19136K), 0.0047690 secs] 126443K->109290K(260032K), 0.0048600 secs] [Times: user=0.01 sys=0.00, real=0.00 secs] 
2012-10-21T04:38:55.616+0100: 123011.599: [GC 123011.599: [DefNew: 17425K->1037K(19136K), 0.0060770 secs] 126314K->109926K(260032K), 0.0062050 secs] [Times: user=0.01 sys=0.00, real=0.01 secs] 
2012-10-21T04:39:41.236+0100: 123057.219: [GC 123057.219: [DefNew: 18061K->1172K(19136K), 0.0113330 secs] 126950K->110061K(260032K), 0.0114560 secs] [Times: user=0.01 sys=0.00, real=0.01 secs] 
2012-10-21T04:40:30.639+0100: 123106.622: [GC 123106.622: [DefNew: 18195K->1002K(19136K), 0.0076640 secs] 127085K->109891K(260032K), 0.0077810 secs] [Times: user=0.01 sys=0.00, real=0.00 secs] 
2012-10-21T04:41:20.765+0100: 123156.748: [GC 123156.748: [DefNew: 18002K->600K(19136K), 0.0050440 secs] 126891K->109489K(260032K), 0.0051480 secs] [Times: user=0.01 sys=0.00, real=0.01 secs] 
2012-10-21T04:42:06.066+0100: 123202.049: [GC 123202.049: [DefNew: 17624K->1206K(19136K), 0.0065560 secs] 126513K->110095K(260032K), 0.0066680 secs] [Times: user=0.01 sys=0.00, real=0.01 secs] 
2012-10-21T04:42:55.682+0100: 123251.664: [GC 123251.665: [DefNew: 18230K->719K(19136K), 0.0122790 secs] 127119K->109900K(260032K), 0.0124530 secs] [Times: user=0.00 sys=0.01, real=0.01 secs] 
2012-10-21T04:43:41.031+0100: 123297.014: [GC 123297.014: [DefNew: 17714K->1065K(19136K), 0.0058910 secs] 126895K->110247K(260032K), 0.0060040 secs] [Times: user=0.01 sys=0.00, real=0.00 secs] 
2012-10-21T04:44:30.843+0100: 123346.826: [GC 123346.826: [DefNew: 18088K->646K(19136K), 0.0051480 secs] 127269K->109828K(260032K), 0.0053540 secs] [Times: user=0.00 sys=0.00, real=0.01 secs] 
2012-10-21T04:45:15.764+0100: 123391.747: [GC 123391.747: [DefNew: 17670K->1054K(19136K), 0.0065120 secs] 126852K->110237K(260032K), 0.0066200 secs] [Times: user=0.01 sys=0.00, real=0.01 secs] 
2012-10-21T04:46:04.546+0100: 123440.529: [GC 123440.529: [DefNew: 18078K->1054K(19136K), 0.0057290 secs] 127261K->110236K(260032K), 0.0058450 secs] [Times: user=0.00 sys=0.00, real=0.01 secs] 
2012-10-21T04:46:55.695+0100: 123491.678: [GC 123491.678: [DefNew: 18078K->546K(19136K), 0.0056930 secs] 127260K->109728K(260032K), 0.0057910 secs] [Times: user=0.00 sys=0.00, real=0.01 secs] 
2012-10-21T04:47:41.802+0100: 123537.785: [GC 123537.785: [DefNew: 17570K->1061K(19136K), 0.0063910 secs] 126752K->110388K(260032K), 0.0064960 secs] [Times: user=0.00 sys=0.00, real=0.01 secs] 
2012-10-21T04:48:30.954+0100: 123586.937: [GC 123586.937: [DefNew: 18085K->941K(19136K), 0.0057840 secs] 127412K->110271K(260032K), 0.0058860 secs] [Times: user=0.01 sys=0.00, real=0.01 secs] 
2012-10-21T04:49:16.313+0100: 123632.296: [GC 123632.296: [DefNew: 17965K->1104K(19136K), 0.0060420 secs] 127295K->110433K(260032K), 0.0061540 secs] [Times: user=0.00 sys=0.00, real=0.01 secs] 
2012-10-21T04:50:05.630+0100: 123681.613: [GC 123681.613: [DefNew: 18096K->686K(19136K), 0.0052590 secs] 127426K->110016K(260032K), 0.0053590 secs] [Times: user=0.00 sys=0.00, real=0.00 secs] 
2012-10-21T04:50:54.375+0100: 123730.358: [GC 123730.358: [DefNew: 17710K->497K(19136K), 0.0048090 secs] 127040K->109827K(260032K), 0.0049030 secs] [Times: user=0.01 sys=0.00, real=0.01 secs] 
2012-10-21T04:51:41.476+0100: 123777.459: [GC 123777.460: [DefNew: 17518K->1030K(19136K), 0.0064010 secs] 126848K->110360K(260032K), 0.0065570 secs] [Times: user=0.01 sys=0.00, real=0.01 secs] 
2012-10-21T04:52:30.736+0100: 123826.719: [GC 123826.719: [DefNew: 18034K->812K(19136K), 0.0053710 secs] 127364K->110142K(260032K), 0.0054730 secs] [Times: user=0.00 sys=0.00, real=0.01 secs] 
2012-10-21T04:53:21.036+0100: 123877.019: [GC 123877.019: [DefNew: 17836K->465K(19136K), 0.0047210 secs] 127166K->109796K(260032K), 0.0048110 secs] [Times: user=0.01 sys=0.00, real=0.01 secs] 
2012-10-21T04:54:00.598+0100: 123916.581: [GC 123916.581: [DefNew: 17473K->915K(19136K), 0.0058850 secs] 126803K->110275K(260032K), 0.0059950 secs] [Times: user=0.00 sys=0.00, real=0.00 secs] 
2012-10-21T04:54:46.088+0100: 123962.071: [GC 123962.071: [DefNew: 17939K->1358K(19136K), 0.0065250 secs] 127299K->110718K(260032K), 0.0066300 secs] [Times: user=0.00 sys=0.00, real=0.00 secs] 
2012-10-21T04:55:35.693+0100: 124011.676: [GC 124011.676: [DefNew: 18382K->437K(19136K), 0.0062210 secs] 127742K->110027K(260032K), 0.0063240 secs] [Times: user=0.00 sys=0.00, real=0.01 secs] 
2012-10-21T04:56:21.228+0100: 124057.211: [GC 124057.211: [DefNew: 17437K->1032K(19136K), 0.0066240 secs] 127027K->110622K(260032K), 0.0067390 secs] [Times: user=0.00 sys=0.00, real=0.00 secs] 
2012-10-21T04:57:11.071+0100: 124107.054: [GC 124107.054: [DefNew: 18056K->1065K(19136K), 0.0060170 secs] 127646K->110655K(260032K), 0.0061410 secs] [Times: user=0.00 sys=0.01, real=0.00 secs] 
2012-10-21T04:57:58.719+0100: 124154.702: [GC 124154.702: [DefNew: 18071K->589K(19136K), 0.0048910 secs] 127661K->110179K(260032K), 0.0049840 secs] [Times: user=0.01 sys=0.00, real=0.00 secs] 
2012-10-21T04:58:44.298+0100: 124200.281: [GC 124200.281: [DefNew: 17601K->934K(19136K), 0.0056550 secs] 127191K->110524K(260032K), 0.0057540 secs] [Times: user=0.01 sys=0.00, real=0.00 secs] 
2012-10-21T04:59:30.998+0100: 124246.980: [GC 124246.981: [DefNew: 17958K->1094K(19136K), 0.0062440 secs] 127548K->110684K(260032K), 0.0063500 secs] [Times: user=0.00 sys=0.00, real=0.00 secs] 
2012-10-21T05:00:20.736+0100: 124296.718: [GC 124296.719: [DefNew: 18108K->340K(19136K), 0.0046470 secs] 127698K->109993K(260032K), 0.0047450 secs] [Times: user=0.00 sys=0.00, real=0.01 secs] 
2012-10-21T05:01:05.926+0100: 124341.909: [GC 124341.910: [DefNew: 17364K->907K(19136K), 0.0055130 secs] 127017K->110559K(260032K), 0.0061280 secs] [Times: user=0.00 sys=0.00, real=0.01 secs] 
2012-10-21T05:01:56.095+0100: 124392.078: [GC 124392.078: [DefNew: 17903K->716K(19136K), 0.0061340 secs] 127556K->110398K(260032K), 0.0062370 secs] [Times: user=0.00 sys=0.00, real=0.01 secs] 
2012-10-21T05:02:40.860+0100: 124436.843: [GC 124436.843: [DefNew: 17725K->1144K(19136K), 0.0063110 secs] 127408K->110827K(260032K), 0.0064660 secs] [Times: user=0.00 sys=0.00, real=0.00 secs] 
2012-10-21T05:03:31.105+0100: 124487.088: [GC 124487.088: [DefNew: 18150K->676K(19136K), 0.0073550 secs] 127832K->110447K(260032K), 0.0074770 secs] [Times: user=0.01 sys=0.00, real=0.01 secs] 
2012-10-21T05:04:16.453+0100: 124532.436: [GC 124532.436: [DefNew: 17700K->1156K(19136K), 0.0060550 secs] 127471K->110927K(260032K), 0.0061560 secs] [Times: user=0.01 sys=0.00, real=0.01 secs] 
2012-10-21T05:05:01.081+0100: 124577.064: [GC 124577.064: [DefNew: 18180K->1863K(19136K), 0.0125980 secs] 127951K->111754K(260032K), 0.0133210 secs] [Times: user=0.01 sys=0.00, real=0.01 secs] 
2012-10-21T05:05:50.842+0100: 124626.825: [GC 124626.825: [DefNew: 18872K->620K(19136K), 0.0055730 secs] 128763K->110701K(260032K), 0.0056800 secs] [Times: user=0.01 sys=0.00, real=0.01 secs] 
2012-10-21T05:06:40.852+0100: 124676.835: [GC 124676.835: [DefNew: 17644K->750K(19136K), 0.0059200 secs] 127725K->110831K(260032K), 0.0060540 secs] [Times: user=0.00 sys=0.00, real=0.01 secs] 
2012-10-21T05:07:26.199+0100: 124722.182: [GC 124722.182: [DefNew: 17757K->1095K(19136K), 0.0057020 secs] 127838K->111176K(260032K), 0.0058050 secs] [Times: user=0.00 sys=0.00, real=0.00 secs] 
2012-10-21T05:08:15.869+0100: 124771.852: [GC 124771.852: [DefNew: 18119K->822K(19136K), 0.0060400 secs] 128200K->111000K(260032K), 0.0061450 secs] [Times: user=0.00 sys=0.00, real=0.00 secs] 
2012-10-21T05:09:06.178+0100: 124822.161: [GC 124822.161: [DefNew: 17846K->404K(19136K), 0.0045850 secs] 128024K->110583K(260032K), 0.0046790 secs] [Times: user=0.00 sys=0.00, real=0.00 secs] 
2012-10-21T05:09:51.091+0100: 124867.074: [GC 124867.074: [DefNew: 17419K->1194K(19136K), 0.0059770 secs] 127598K->111373K(260032K), 0.0060880 secs] [Times: user=0.00 sys=0.00, real=0.00 secs] 
2012-10-21T05:10:40.670+0100: 124916.652: [GC 124916.653: [DefNew: 18207K->747K(19136K), 0.0053910 secs] 128386K->111022K(260032K), 0.0055050 secs] [Times: user=0.00 sys=0.00, real=0.00 secs] 
2012-10-21T05:11:30.938+0100: 124966.921: [GC 124966.921: [DefNew: 17743K->712K(19136K), 0.0050470 secs] 128018K->110987K(260032K), 0.0051410 secs] [Times: user=0.01 sys=0.00, real=0.00 secs] 
2012-10-21T05:12:16.250+0100: 125012.233: [GC 125012.233: [DefNew: 17736K->1261K(19136K), 0.0062030 secs] 128011K->111535K(260032K), 0.0063280 secs] [Times: user=0.00 sys=0.00, real=0.00 secs] 
2012-10-21T05:13:05.781+0100: 125061.764: [GC 125061.764: [DefNew: 18285K->945K(19136K), 0.0073430 secs] 128559K->111313K(260032K), 0.0074460 secs] [Times: user=0.00 sys=0.00, real=0.01 secs] 
2012-10-21T05:13:55.876+0100: 125111.859: [GC 125111.859: [DefNew: 17969K->748K(19136K), 0.0053130 secs] 128337K->111116K(260032K), 0.0054790 secs] [Times: user=0.00 sys=0.00, real=0.01 secs] 
2012-10-21T05:14:44.308+0100: 125160.291: [GC 125160.291: [DefNew: 17772K->872K(19136K), 0.0054340 secs] 128140K->111240K(260032K), 0.0055300 secs] [Times: user=0.00 sys=0.00, real=0.00 secs] 
2012-10-21T05:15:31.410+0100: 125207.393: [GC 125207.393: [DefNew: 17896K->1123K(19136K), 0.0058650 secs] 128264K->111491K(260032K), 0.0059690 secs] [Times: user=0.01 sys=0.00, real=0.00 secs] 
2012-10-21T05:16:21.173+0100: 125257.156: [GC 125257.156: [DefNew: 18122K->783K(19136K), 0.0057830 secs] 128490K->111214K(260032K), 0.0058830 secs] [Times: user=0.01 sys=0.00, real=0.01 secs] 
2012-10-21T05:17:06.302+0100: 125302.285: [GC 125302.285: [DefNew: 17793K->1146K(19136K), 0.0065950 secs] 128224K->111577K(260032K), 0.0067150 secs] [Times: user=0.00 sys=0.00, real=0.01 secs] 
2012-10-21T05:17:55.919+0100: 125351.902: [GC 125351.903: [DefNew: 18170K->936K(19136K), 0.0084580 secs] 128601K->111517K(260032K), 0.0150200 secs] [Times: user=0.01 sys=0.00, real=0.01 secs] 
2012-10-21T05:18:44.169+0100: 125400.152: [GC 125400.152: [DefNew: 17960K->885K(19136K), 0.0055010 secs] 128541K->111466K(260032K), 0.0055970 secs] [Times: user=0.00 sys=0.00, real=0.00 secs] 
2012-10-21T05:19:35.880+0100: 125451.863: [GC 125451.863: [DefNew: 17906K->638K(19136K), 0.0050910 secs] 128487K->111219K(260032K), 0.0051900 secs] [Times: user=0.00 sys=0.00, real=0.00 secs] 
2012-10-21T05:20:20.786+0100: 125496.769: [GC 125496.769: [DefNew: 17662K->905K(19136K), 0.0098310 secs] 128243K->111486K(260032K), 0.0099700 secs] [Times: user=0.00 sys=0.00, real=0.01 secs] 
2012-10-21T05:21:10.914+0100: 125546.897: [GC 125546.897: [DefNew: 17918K->309K(19136K), 0.0044550 secs] 128499K->110890K(260032K), 0.0045510 secs] [Times: user=0.01 sys=0.00, real=0.01 secs] 
2012-10-21T05:21:56.301+0100: 125592.284: [GC 125592.284: [DefNew: 17333K->1105K(19136K), 0.0065820 secs] 127914K->111686K(260032K), 0.0067080 secs] [Times: user=0.01 sys=0.00, real=0.01 secs] 
2012-10-21T05:22:46.252+0100: 125642.235: [GC 125642.235: [DefNew: 18129K->1097K(19136K), 0.0068460 secs] 128710K->111678K(260032K), 0.0069700 secs] [Times: user=0.01 sys=0.00, real=0.01 secs] 
2012-10-21T05:23:36.011+0100: 125691.994: [GC 125691.994: [DefNew: 18121K->1004K(19136K), 0.0056310 secs] 128702K->111585K(260032K), 0.0057270 secs] [Times: user=0.00 sys=0.00, real=0.00 secs] 
2012-10-21T05:24:21.533+0100: 125737.516: [GC 125737.516: [DefNew: 18028K->1186K(19136K), 0.0115200 secs] 128609K->111767K(260032K), 0.0116640 secs] [Times: user=0.00 sys=0.01, real=0.01 secs] 
2012-10-21T05:25:12.782+0100: 125788.765: [GC 125788.765: [DefNew: 18210K->559K(19136K), 0.0062240 secs] 128791K->111486K(260032K), 0.0063260 secs] [Times: user=0.01 sys=0.00, real=0.01 secs] 
2012-10-21T05:25:58.521+0100: 125834.504: [GC 125834.504: [DefNew: 17583K->489K(19136K), 0.0048300 secs] 128510K->111416K(260032K), 0.0049270 secs] [Times: user=0.00 sys=0.00, real=0.00 secs] 
2012-10-21T05:26:46.314+0100: 125882.297: [GC 125882.297: [DefNew: 17513K->1032K(19136K), 0.0058310 secs] 128440K->111959K(260032K), 0.0059330 secs] [Times: user=0.01 sys=0.00, real=0.01 secs] 
2012-10-21T05:27:36.228+0100: 125932.211: [GC 125932.211: [DefNew: 18047K->1192K(19136K), 0.0061050 secs] 128974K->112119K(260032K), 0.0062050 secs] [Times: user=0.01 sys=0.00, real=0.00 secs] 
2012-10-21T05:28:26.105+0100: 125982.088: [GC 125982.088: [DefNew: 18210K->592K(19136K), 0.0049360 secs] 129137K->111521K(260032K), 0.0050400 secs] [Times: user=0.01 sys=0.00, real=0.01 secs] 
2012-10-21T05:28:56.445+0100: 126012.428: [GC 126012.428: [DefNew: 17616K->1963K(19136K), 0.0157210 secs] 128545K->112892K(260032K), 0.0158540 secs] [Times: user=0.01 sys=0.00, real=0.02 secs] 
2012-10-21T05:29:25.885+0100: 126041.868: [GC 126041.868: [DefNew: 18987K->848K(19136K), 0.0062020 secs] 129916K->112014K(260032K), 0.0063190 secs] [Times: user=0.00 sys=0.00, real=0.01 secs] 
2012-10-21T05:30:15.870+0100: 126091.853: [GC 126091.853: [DefNew: 17843K->531K(19136K), 0.0058680 secs] 129008K->111697K(260032K), 0.0059690 secs] [Times: user=0.00 sys=0.00, real=0.00 secs] 
2012-10-21T05:31:01.666+0100: 126137.649: [GC 126137.649: [DefNew: 17555K->1070K(19136K), 0.0060310 secs] 128721K->112235K(260032K), 0.0061680 secs] [Times: user=0.00 sys=0.00, real=0.01 secs] 
2012-10-21T05:31:51.396+0100: 126187.379: [GC 126187.379: [DefNew: 18094K->977K(19136K), 0.0058730 secs] 129259K->112143K(260032K), 0.0059810 secs] [Times: user=0.01 sys=0.00, real=0.01 secs] 
2012-10-21T05:32:41.215+0100: 126237.197: [GC 126237.198: [DefNew: 18001K->914K(19136K), 0.0057620 secs] 129167K->112080K(260032K), 0.0058590 secs] [Times: user=0.01 sys=0.00, real=0.01 secs] 
2012-10-21T05:33:30.991+0100: 126286.974: [GC 126286.974: [DefNew: 17921K->371K(19136K), 0.0043130 secs] 129087K->111537K(260032K), 0.0044040 secs] [Times: user=0.00 sys=0.00, real=0.00 secs] 
2012-10-21T05:34:16.687+0100: 126332.670: [GC 126332.670: [DefNew: 17377K->1001K(19136K), 0.0055720 secs] 128543K->112167K(260032K), 0.0056740 secs] [Times: user=0.01 sys=0.00, real=0.01 secs] 
2012-10-21T05:35:02.642+0100: 126378.625: [GC 126378.625: [DefNew: 18025K->1067K(19136K), 0.0041290 secs] 129191K->112296K(260032K), 0.0042070 secs] [Times: user=0.00 sys=0.00, real=0.00 secs] 
2012-10-21T05:35:51.434+0100: 126427.417: [GC 126427.417: [DefNew: 18091K->917K(19136K), 0.0062560 secs] 129320K->112302K(260032K), 0.0063590 secs] [Times: user=0.01 sys=0.00, real=0.01 secs] 
2012-10-21T05:36:40.955+0100: 126476.938: [GC 126476.938: [DefNew: 17941K->939K(19136K), 0.0062870 secs] 129326K->112324K(260032K), 0.0063900 secs] [Times: user=0.01 sys=0.00, real=0.01 secs] 
2012-10-21T05:37:31.113+0100: 126527.096: [GC 126527.096: [DefNew: 17961K->812K(19136K), 0.0053740 secs] 129346K->112197K(260032K), 0.0054710 secs] [Times: user=0.01 sys=0.00, real=0.01 secs] 
2012-10-21T05:38:21.107+0100: 126577.090: [GC 126577.090: [DefNew: 17817K->558K(19136K), 0.0046620 secs] 129202K->111943K(260032K), 0.0047560 secs] [Times: user=0.00 sys=0.00, real=0.00 secs] 
2012-10-21T05:39:06.304+0100: 126622.287: [GC 126622.287: [DefNew: 17582K->945K(19136K), 0.0064460 secs] 128967K->112330K(260032K), 0.0065560 secs] [Times: user=0.01 sys=0.00, real=0.01 secs] 
2012-10-21T05:39:51.560+0100: 126667.542: [GC 126667.543: [DefNew: 17967K->1381K(19136K), 0.0065850 secs] 129353K->112766K(260032K), 0.0066980 secs] [Times: user=0.00 sys=0.00, real=0.00 secs] 
2012-10-21T05:40:41.023+0100: 126717.006: [GC 126717.006: [DefNew: 18405K->745K(19136K), 0.0078240 secs] 129790K->112653K(260032K), 0.0079690 secs] [Times: user=0.00 sys=0.00, real=0.01 secs] 
2012-10-21T05:41:26.010+0100: 126761.993: [GC 126761.993: [DefNew: 17769K->941K(19136K), 0.0038570 secs] 129677K->112849K(260032K), 0.0039390 secs] [Times: user=0.00 sys=0.00, real=0.00 secs] 
2012-10-21T05:42:16.075+0100: 126812.058: [GC 126812.058: [DefNew: 17965K->431K(19136K), 0.0069230 secs] 129873K->112338K(260032K), 0.0070250 secs] [Times: user=0.00 sys=0.01, real=0.01 secs] 
2012-10-21T05:43:01.327+0100: 126857.310: [GC 126857.310: [DefNew: 17455K->944K(19136K), 0.0056930 secs] 129362K->112852K(260032K), 0.0057980 secs] [Times: user=0.00 sys=0.00, real=0.01 secs] 
2012-10-21T05:43:51.131+0100: 126907.114: [GC 126907.114: [DefNew: 17952K->752K(19136K), 0.0053250 secs] 129860K->112661K(260032K), 0.0054700 secs] [Times: user=0.00 sys=0.00, real=0.00 secs] 
2012-10-21T05:44:41.007+0100: 126956.990: [GC 126956.990: [DefNew: 17770K->400K(19136K), 0.0048610 secs] 129679K->112339K(260032K), 0.0049600 secs] [Times: user=0.00 sys=0.00, real=0.01 secs] 
2012-10-21T05:45:26.138+0100: 127002.121: [GC 127002.121: [DefNew: 17424K->885K(19136K), 0.0057720 secs] 129363K->112823K(260032K), 0.0059050 secs] [Times: user=0.00 sys=0.00, real=0.00 secs] 
2012-10-21T05:46:11.865+0100: 127047.848: [GC 127047.848: [DefNew: 17891K->1541K(19136K), 0.0139580 secs] 129830K->113480K(260032K), 0.0140880 secs] [Times: user=0.01 sys=0.00, real=0.02 secs] 
2012-10-21T05:47:01.015+0100: 127096.998: [GC 127096.998: [DefNew: 18538K->781K(19136K), 0.0074330 secs] 130477K->112817K(260032K), 0.0075420 secs] [Times: user=0.00 sys=0.00, real=0.01 secs] 
2012-10-21T05:47:51.019+0100: 127147.002: [GC 127147.002: [DefNew: 17778K->659K(19136K), 0.0051540 secs] 129813K->112695K(260032K), 0.0052540 secs] [Times: user=0.01 sys=0.00, real=0.00 secs] 
2012-10-21T05:48:36.583+0100: 127192.566: [GC 127192.566: [DefNew: 17683K->1072K(19136K), 0.0058240 secs] 129719K->113108K(260032K), 0.0059270 secs] [Times: user=0.01 sys=0.00, real=0.01 secs] 
2012-10-21T05:49:26.217+0100: 127242.200: [GC 127242.200: [DefNew: 18096K->910K(19136K), 0.0057000 secs] 130132K->112945K(260032K), 0.0058030 secs] [Times: user=0.00 sys=0.00, real=0.01 secs] 
2012-10-21T05:50:11.269+0100: 127287.252: [GC 127287.252: [DefNew: 17915K->1257K(19136K), 0.0063690 secs] 129950K->113293K(260032K), 0.0064880 secs] [Times: user=0.00 sys=0.00, real=0.00 secs] 
2012-10-21T05:51:01.076+0100: 127337.059: [GC 127337.059: [DefNew: 18258K->592K(19136K), 0.0054040 secs] 130293K->112783K(260032K), 0.0055000 secs] [Times: user=0.01 sys=0.00, real=0.01 secs] 
2012-10-21T05:51:51.025+0100: 127387.008: [GC 127387.008: [DefNew: 17603K->782K(19136K), 0.0056390 secs] 129794K->112973K(260032K), 0.0057400 secs] [Times: user=0.01 sys=0.00, real=0.01 secs] 
2012-10-21T05:52:36.518+0100: 127432.501: [GC 127432.501: [DefNew: 17806K->1137K(19136K), 0.0062860 secs] 129997K->113328K(260032K), 0.0064100 secs] [Times: user=0.00 sys=0.00, real=0.00 secs] 
2012-10-21T05:53:26.044+0100: 127482.027: [GC 127482.027: [DefNew: 18161K->848K(19136K), 0.0061930 secs] 130352K->113101K(260032K), 0.0063080 secs] [Times: user=0.00 sys=0.00, real=0.01 secs] 
2012-10-21T05:54:11.577+0100: 127527.560: [GC 127527.560: [DefNew: 17872K->1222K(19136K), 0.0060540 secs] 130125K->113475K(260032K), 0.0061610 secs] [Times: user=0.00 sys=0.00, real=0.01 secs] 
2012-10-21T05:55:01.252+0100: 127577.235: [GC 127577.235: [DefNew: 18241K->505K(19136K), 0.0056450 secs] 130494K->112916K(260032K), 0.0057490 secs] [Times: user=0.00 sys=0.00, real=0.01 secs] 
2012-10-21T05:55:51.110+0100: 127627.093: [GC 127627.093: [DefNew: 17515K->382K(19136K), 0.0045790 secs] 129927K->112793K(260032K), 0.0046740 secs] [Times: user=0.00 sys=0.00, real=0.00 secs] 
2012-10-21T05:56:36.165+0100: 127672.148: [GC 127672.148: [DefNew: 17406K->944K(19136K), 0.0059490 secs] 129817K->113355K(260032K), 0.0060550 secs] [Times: user=0.01 sys=0.00, real=0.01 secs] 
2012-10-21T05:57:26.442+0100: 127722.425: [GC 127722.425: [DefNew: 17968K->991K(19136K), 0.0055810 secs] 130379K->113403K(260032K), 0.0056740 secs] [Times: user=0.00 sys=0.00, real=0.01 secs] 
2012-10-21T05:58:16.088+0100: 127772.071: [GC 127772.071: [DefNew: 18003K->528K(19136K), 0.0051010 secs] 130414K->113013K(260032K), 0.0051950 secs] [Times: user=0.00 sys=0.00, real=0.00 secs] 
2012-10-21T05:59:01.224+0100: 127817.207: [GC 127817.207: [DefNew: 17552K->1034K(19136K), 0.0066810 secs] 130037K->113519K(260032K), 0.0067930 secs] [Times: user=0.00 sys=0.00, real=0.01 secs] 
2012-10-21T05:59:51.124+0100: 127867.107: [GC 127867.107: [DefNew: 18056K->942K(19136K), 0.0092630 secs] 130541K->113428K(260032K), 0.0093790 secs] [Times: user=0.00 sys=0.00, real=0.01 secs] 
2012-10-21T06:00:36.650+0100: 127912.633: [GC 127912.633: [DefNew: 17966K->1106K(19136K), 0.0060580 secs] 130452K->113591K(260032K), 0.0061830 secs] [Times: user=0.00 sys=0.00, real=0.00 secs] 
2012-10-21T06:01:26.260+0100: 127962.243: [GC 127962.243: [DefNew: 18121K->935K(19136K), 0.0054160 secs] 130606K->113421K(260032K), 0.0055240 secs] [Times: user=0.00 sys=0.00, real=0.00 secs] 
2012-10-21T06:02:16.252+0100: 128012.235: [GC 128012.235: [DefNew: 17939K->853K(19136K), 0.0054040 secs] 130424K->113338K(260032K), 0.0078760 secs] [Times: user=0.01 sys=0.00, real=0.01 secs] 
2012-10-21T06:03:01.094+0100: 128057.076: [GC 128057.077: [DefNew: 17877K->1457K(19136K), 0.0066700 secs] 130362K->113942K(260032K), 0.0067890 secs] [Times: user=0.01 sys=0.00, real=0.01 secs] 
2012-10-21T06:03:46.881+0100: 128102.864: [GC 128102.864: [DefNew: 18481K->1247K(19136K), 0.0069840 secs] 130966K->113995K(260032K), 0.0070970 secs] [Times: user=0.01 sys=0.00, real=0.01 secs] 
2012-10-21T06:04:36.622+0100: 128152.605: [GC 128152.605: [DefNew: 18249K->875K(19136K), 0.0062610 secs] 130998K->113748K(260032K), 0.0063610 secs] [Times: user=0.01 sys=0.00, real=0.01 secs] 
2012-10-21T06:05:26.371+0100: 128202.354: [GC 128202.354: [DefNew: 17877K->782K(19136K), 0.0056620 secs] 130750K->113656K(260032K), 0.0057680 secs] [Times: user=0.00 sys=0.00, real=0.00 secs] 
2012-10-21T06:06:11.488+0100: 128247.471: [GC 128247.471: [DefNew: 17806K->1014K(19136K), 0.0055680 secs] 130680K->113888K(260032K), 0.0056820 secs] [Times: user=0.00 sys=0.00, real=0.00 secs] 
2012-10-21T06:07:01.580+0100: 128297.563: [GC 128297.563: [DefNew: 18038K->1012K(19136K), 0.0057980 secs] 130912K->113885K(260032K), 0.0058930 secs] [Times: user=0.00 sys=0.00, real=0.00 secs] 
2012-10-21T06:07:51.120+0100: 128347.103: [GC 128347.103: [DefNew: 18036K->923K(19136K), 0.0058650 secs] 130909K->113796K(260032K), 0.0059830 secs] [Times: user=0.00 sys=0.00, real=0.00 secs] 
2012-10-21T06:08:41.298+0100: 128397.281: [GC 128397.281: [DefNew: 17925K->474K(19136K), 0.0061910 secs] 130799K->113348K(260032K), 0.0063090 secs] [Times: user=0.00 sys=0.01, real=0.00 secs] 
2012-10-21T06:09:26.220+0100: 128442.202: [GC 128442.203: [DefNew: 17481K->527K(19136K), 0.0053890 secs] 130354K->113504K(260032K), 0.0055100 secs] [Times: user=0.00 sys=0.00, real=0.00 secs] 
2012-10-21T06:10:11.637+0100: 128487.620: [GC 128487.620: [DefNew: 17551K->1154K(19136K), 0.0067190 secs] 130528K->114131K(260032K), 0.0068660 secs] [Times: user=0.01 sys=0.00, real=0.01 secs] 
2012-10-21T06:11:01.145+0100: 128537.128: [GC 128537.128: [DefNew: 18178K->850K(19136K), 0.0060100 secs] 131155K->113890K(260032K), 0.0061160 secs] [Times: user=0.00 sys=0.00, real=0.01 secs] 
2012-10-21T06:11:51.388+0100: 128587.371: [GC 128587.371: [DefNew: 17874K->659K(19136K), 0.0054020 secs] 130914K->113699K(260032K), 0.0055040 secs] [Times: user=0.00 sys=0.00, real=0.00 secs] 
2012-10-21T06:12:40.830+0100: 128636.813: [GC 128636.813: [DefNew: 17683K->268K(19136K), 0.0043310 secs] 130723K->113309K(260032K), 0.0044260 secs] [Times: user=0.00 sys=0.00, real=0.00 secs] 
2012-10-21T06:13:26.202+0100: 128682.185: [GC 128682.185: [DefNew: 17292K->820K(19136K), 0.0075390 secs] 130333K->113861K(260032K), 0.0076590 secs] [Times: user=0.00 sys=0.01, real=0.01 secs] 
2012-10-21T06:14:11.776+0100: 128727.758: [GC 128727.759: [DefNew: 17844K->1002K(19136K), 0.0060430 secs] 130885K->114043K(260032K), 0.0061500 secs] [Times: user=0.00 sys=0.00, real=0.01 secs] 
2012-10-21T06:15:01.506+0100: 128777.489: [GC 128777.489: [DefNew: 18001K->782K(19136K), 0.0057320 secs] 131041K->113823K(260032K), 0.0058350 secs] [Times: user=0.00 sys=0.00, real=0.01 secs] 
2012-10-21T06:15:51.413+0100: 128827.396: [GC 128827.396: [DefNew: 17803K->400K(19136K), 0.0049080 secs] 130843K->113503K(260032K), 0.0051900 secs] [Times: user=0.00 sys=0.00, real=0.01 secs] 
2012-10-21T06:16:41.421+0100: 128877.404: [GC 128877.404: [DefNew: 17424K->456K(19136K), 0.0047100 secs] 130527K->113559K(260032K), 0.0048540 secs] [Times: user=0.00 sys=0.00, real=0.00 secs] 
2012-10-21T06:17:26.669+0100: 128922.652: [GC 128922.653: [DefNew: 17448K->1107K(19136K), 0.0097370 secs] 130551K->114210K(260032K), 0.0098570 secs] [Times: user=0.00 sys=0.00, real=0.01 secs] 
2012-10-21T06:18:11.727+0100: 128967.710: [GC 128967.710: [DefNew: 18109K->1169K(19136K), 0.0064190 secs] 131212K->114302K(260032K), 0.0065330 secs] [Times: user=0.01 sys=0.00, real=0.01 secs] 
2012-10-21T06:19:01.368+0100: 129017.351: [GC 129017.351: [DefNew: 18193K->365K(19136K), 0.0050410 secs] 131326K->113634K(260032K), 0.0066330 secs] [Times: user=0.01 sys=0.00, real=0.00 secs] 
2012-10-21T06:19:46.405+0100: 129062.388: [GC 129062.388: [DefNew: 17389K->899K(19136K), 0.0085140 secs] 130658K->114168K(260032K), 0.0086320 secs] [Times: user=0.00 sys=0.00, real=0.01 secs] 
2012-10-21T06:20:36.005+0100: 129111.988: [GC 129111.988: [DefNew: 17923K->394K(19136K), 0.0043960 secs] 131192K->113663K(260032K), 0.0044910 secs] [Times: user=0.00 sys=0.00, real=0.01 secs] 
2012-10-21T06:21:21.989+0100: 129157.972: [GC 129157.972: [DefNew: 17418K->1066K(19136K), 0.0057310 secs] 130687K->114365K(260032K), 0.0058290 secs] [Times: user=0.00 sys=0.00, real=0.00 secs] 
2012-10-21T06:22:11.335+0100: 129207.318: [GC 129207.318: [DefNew: 18076K->783K(19136K), 0.0057000 secs] 131375K->114082K(260032K), 0.0057990 secs] [Times: user=0.00 sys=0.00, real=0.01 secs] 
2012-10-21T06:23:01.445+0100: 129257.428: [GC 129257.428: [DefNew: 17805K->639K(19136K), 0.0049520 secs] 131104K->113938K(260032K), 0.0050590 secs] [Times: user=0.01 sys=0.00, real=0.01 secs] 
2012-10-21T06:23:46.294+0100: 129302.276: [GC 129302.277: [DefNew: 17663K->1259K(19136K), 0.0065430 secs] 130962K->114558K(260032K), 0.0066590 secs] [Times: user=0.01 sys=0.00, real=0.01 secs] 
2012-10-21T06:24:36.271+0100: 129352.253: [GC 129352.254: [DefNew: 18283K->839K(19136K), 0.0055430 secs] 131582K->114235K(260032K), 0.0056490 secs] [Times: user=0.00 sys=0.00, real=0.00 secs] 
2012-10-21T06:25:28.830+0100: 129404.813: [GC 129404.813: [DefNew: 17863K->506K(19136K), 0.0048170 secs] 131259K->113902K(260032K), 0.0049100 secs] [Times: user=0.01 sys=0.00, real=0.00 secs] 
2012-10-21T06:26:11.995+0100: 129447.978: [GC 129447.978: [DefNew: 17530K->1229K(19136K), 0.0068190 secs] 130926K->114625K(260032K), 0.0069250 secs] [Times: user=0.01 sys=0.00, real=0.01 secs] 
2012-10-21T06:27:01.658+0100: 129497.641: [GC 129497.641: [DefNew: 18253K->937K(19136K), 0.0088010 secs] 131649K->114406K(260032K), 0.0089500 secs] [Times: user=0.00 sys=0.01, real=0.01 secs] 
2012-10-21T06:27:51.313+0100: 129547.296: [GC 129547.296: [DefNew: 17955K->815K(19136K), 0.0051850 secs] 131424K->114284K(260032K), 0.0052840 secs] [Times: user=0.01 sys=0.00, real=0.01 secs] 
2012-10-21T06:28:41.316+0100: 129597.299: [GC 129597.299: [DefNew: 17839K->791K(19136K), 0.0053810 secs] 131308K->114260K(260032K), 0.0054760 secs] [Times: user=0.01 sys=0.00, real=0.01 secs] 
2012-10-21T06:29:07.134+0100: 129623.117: [GC 129623.117: [DefNew: 17815K->1056K(19136K), 0.0061410 secs] 131284K->114588K(260032K), 0.0062480 secs] [Times: user=0.00 sys=0.00, real=0.01 secs] 
2012-10-21T06:29:54.289+0100: 129670.272: [GC 129670.272: [DefNew: 18080K->982K(19136K), 0.0060610 secs] 131612K->114514K(260032K), 0.0061620 secs] [Times: user=0.01 sys=0.00, real=0.00 secs] 
2012-10-21T06:30:46.363+0100: 129722.346: [GC 129722.346: [DefNew: 18005K->585K(19136K), 0.0049050 secs] 131537K->114117K(260032K), 0.0050010 secs] [Times: user=0.01 sys=0.00, real=0.01 secs] 
2012-10-21T06:31:31.839+0100: 129767.821: [GC 129767.822: [DefNew: 17609K->1137K(19136K), 0.0068550 secs] 131141K->114669K(260032K), 0.0069610 secs] [Times: user=0.00 sys=0.00, real=0.00 secs] 
2012-10-21T06:32:21.409+0100: 129817.392: [GC 129817.392: [DefNew: 18161K->818K(19136K), 0.0060170 secs] 131693K->114417K(260032K), 0.0061200 secs] [Times: user=0.01 sys=0.00, real=0.00 secs] 
2012-10-21T06:33:11.550+0100: 129867.533: [GC 129867.533: [DefNew: 17842K->595K(19136K), 0.0049660 secs] 131441K->114194K(260032K), 0.0130760 secs] [Times: user=0.00 sys=0.00, real=0.01 secs] 
2012-10-21T06:33:57.291+0100: 129913.274: [GC 129913.274: [DefNew: 17619K->1096K(19136K), 0.0063010 secs] 131218K->114695K(260032K), 0.0064040 secs] [Times: user=0.01 sys=0.00, real=0.01 secs] 
2012-10-21T06:34:46.476+0100: 129962.459: [GC 129962.459: [DefNew: 18119K->526K(19136K), 0.0049600 secs] 131719K->114188K(260032K), 0.0050640 secs] [Times: user=0.00 sys=0.00, real=0.01 secs] 
2012-10-21T06:35:32.085+0100: 130008.068: [GC 130008.068: [DefNew: 17550K->1162K(19136K), 0.0059730 secs] 131212K->114824K(260032K), 0.0060840 secs] [Times: user=0.01 sys=0.00, real=0.01 secs] 
2012-10-21T06:36:21.951+0100: 130057.934: [GC 130057.934: [DefNew: 18186K->1093K(19136K), 0.0068640 secs] 131848K->114819K(260032K), 0.0069730 secs] [Times: user=0.01 sys=0.00, real=0.01 secs] 
2012-10-21T06:37:11.495+0100: 130107.478: [GC 130107.478: [DefNew: 18117K->753K(19136K), 0.0057240 secs] 131843K->114604K(260032K), 0.0058310 secs] [Times: user=0.00 sys=0.00, real=0.01 secs] 
2012-10-21T06:38:01.292+0100: 130157.275: [GC 130157.275: [DefNew: 17748K->309K(19136K), 0.0044480 secs] 131599K->114160K(260032K), 0.0045430 secs] [Times: user=0.00 sys=0.00, real=0.00 secs] 
2012-10-21T06:38:44.357+0100: 130200.340: [GC 130200.340: [DefNew: 17333K->1039K(19136K), 0.0058260 secs] 131184K->114891K(260032K), 0.0059860 secs] [Times: user=0.01 sys=0.00, real=0.01 secs] 
2012-10-21T06:39:36.373+0100: 130252.356: [GC 130252.356: [DefNew: 18063K->371K(19136K), 0.0046670 secs] 131915K->114223K(260032K), 0.0047660 secs] [Times: user=0.01 sys=0.00, real=0.01 secs] 
2012-10-21T06:40:17.178+0100: 130293.161: [GC 130293.161: [DefNew: 17395K->1421K(19136K), 0.0066630 secs] 131247K->115272K(260032K), 0.0067690 secs] [Times: user=0.00 sys=0.00, real=0.00 secs] 
2012-10-21T06:41:06.391+0100: 130342.374: [GC 130342.374: [DefNew: 18445K->819K(19136K), 0.0091890 secs] 132296K->115097K(260032K), 0.0093090 secs] [Times: user=0.00 sys=0.00, real=0.01 secs] 
2012-10-21T06:41:54.934+0100: 130390.917: [GC 130390.917: [DefNew: 17828K->1005K(19136K), 0.0039590 secs] 132107K->115284K(260032K), 0.0040440 secs] [Times: user=0.01 sys=0.00, real=0.01 secs] 
2012-10-21T06:42:42.046+0100: 130438.029: [GC 130438.029: [DefNew: 18029K->1140K(19136K), 0.0059060 secs] 132308K->115419K(260032K), 0.0060060 secs] [Times: user=0.01 sys=0.00, real=0.01 secs] 
2012-10-21T06:43:31.726+0100: 130487.709: [GC 130487.709: [DefNew: 18164K->911K(19136K), 0.0062290 secs] 132443K->115286K(260032K), 0.0063290 secs] [Times: user=0.01 sys=0.00, real=0.01 secs] 
2012-10-21T06:44:18.089+0100: 130534.071: [GC 130534.072: [DefNew: 17935K->1060K(19136K), 0.0056060 secs] 132310K->115435K(260032K), 0.0057070 secs] [Times: user=0.00 sys=0.00, real=0.00 secs] 
2012-10-21T06:45:06.441+0100: 130582.424: [GC 130582.424: [DefNew: 18069K->528K(19136K), 0.0077070 secs] 132444K->115028K(260032K), 0.0078210 secs] [Times: user=0.01 sys=0.00, real=0.01 secs] 
2012-10-21T06:45:55.972+0100: 130631.955: [GC 130631.956: [DefNew: 17552K->810K(19136K), 0.0053420 secs] 132052K->115310K(260032K), 0.0054380 secs] [Times: user=0.01 sys=0.00, real=0.01 secs] 
2012-10-21T06:46:41.586+0100: 130677.569: [GC 130677.569: [DefNew: 17808K->1292K(19136K), 0.0063430 secs] 132308K->115791K(260032K), 0.0064470 secs] [Times: user=0.01 sys=0.00, real=0.01 secs] 
2012-10-21T06:47:26.908+0100: 130722.891: [GC 130722.891: [DefNew: 18316K->1042K(19136K), 0.0081870 secs] 132815K->115701K(260032K), 0.0083330 secs] [Times: user=0.00 sys=0.00, real=0.00 secs] 
2012-10-21T06:48:16.936+0100: 130772.919: [GC 130772.919: [DefNew: 18066K->1125K(19136K), 0.0060180 secs] 132725K->115784K(260032K), 0.0061200 secs] [Times: user=0.00 sys=0.00, real=0.01 secs] 
2012-10-21T06:49:01.980+0100: 130817.963: [GC 130817.963: [DefNew: 18149K->1013K(19136K), 0.0067190 secs] 132808K->115765K(260032K), 0.0068240 secs] [Times: user=0.01 sys=0.00, real=0.00 secs] 
2012-10-21T06:49:51.546+0100: 130867.529: [GC 130867.529: [DefNew: 18037K->276K(19136K), 0.0051520 secs] 132789K->115028K(260032K), 0.0052470 secs] [Times: user=0.01 sys=0.00, real=0.01 secs] 
2012-10-21T06:50:41.431+0100: 130917.413: [GC 130917.414: [DefNew: 17280K->560K(19136K), 0.0047390 secs] 132033K->115312K(260032K), 0.0048410 secs] [Times: user=0.00 sys=0.00, real=0.00 secs] 
2012-10-21T06:51:27.012+0100: 130962.995: [GC 130962.995: [DefNew: 17552K->1033K(19136K), 0.0058000 secs] 132304K->115785K(260032K), 0.0059000 secs] [Times: user=0.01 sys=0.00, real=0.01 secs] 
2012-10-21T06:52:16.435+0100: 131012.418: [GC 131012.418: [DefNew: 18053K->544K(19136K), 0.0048800 secs] 132805K->115296K(260032K), 0.0049850 secs] [Times: user=0.01 sys=0.00, real=0.01 secs] 
2012-10-21T06:53:01.438+0100: 131057.421: [GC 131057.421: [DefNew: 17568K->1163K(19136K), 0.0064020 secs] 132320K->115915K(260032K), 0.0065030 secs] [Times: user=0.00 sys=0.00, real=0.00 secs] 
2012-10-21T06:53:46.996+0100: 131102.979: [GC 131102.979: [DefNew: 18187K->1096K(19136K), 0.0059590 secs] 132939K->115848K(260032K), 0.0060820 secs] [Times: user=0.01 sys=0.00, real=0.01 secs] 
2012-10-21T06:54:36.629+0100: 131152.612: [GC 131152.612: [DefNew: 18120K->949K(19136K), 0.0093780 secs] 132872K->115702K(260032K), 0.0095020 secs] [Times: user=0.00 sys=0.00, real=0.01 secs] 
2012-10-21T06:55:21.923+0100: 131197.906: [GC 131197.906: [DefNew: 17973K->1141K(19136K), 0.0061430 secs] 132726K->115894K(260032K), 0.0062460 secs] [Times: user=0.00 sys=0.00, real=0.01 secs] 
2012-10-21T06:56:11.513+0100: 131247.496: [GC 131247.496: [DefNew: 18165K->902K(19136K), 0.0065650 secs] 132918K->115730K(260032K), 0.0066790 secs] [Times: user=0.00 sys=0.00, real=0.01 secs] 
2012-10-21T06:57:01.751+0100: 131297.734: [GC 131297.734: [DefNew: 17898K->493K(19136K), 0.0048170 secs] 132725K->115321K(260032K), 0.0049090 secs] [Times: user=0.01 sys=0.00, real=0.00 secs] 
2012-10-21T06:57:47.011+0100: 131342.994: [GC 131342.994: [DefNew: 17517K->1169K(19136K), 0.0060410 secs] 132345K->115996K(260032K), 0.0061590 secs] [Times: user=0.00 sys=0.00, real=0.00 secs] 
2012-10-21T06:58:37.006+0100: 131392.989: [GC 131392.989: [DefNew: 18193K->971K(19136K), 0.0059820 secs] 133020K->115925K(260032K), 0.0061040 secs] [Times: user=0.01 sys=0.00, real=0.01 secs] 
2012-10-21T06:59:21.738+0100: 131437.721: [GC 131437.721: [DefNew: 17986K->940K(19136K), 0.0056170 secs] 132939K->115894K(260032K), 0.0057140 secs] [Times: user=0.00 sys=0.00, real=0.00 secs] 
2012-10-21T07:00:11.678+0100: 131487.661: [GC 131487.661: [DefNew: 17964K->498K(19136K), 0.0050130 secs] 132917K->115452K(260032K), 0.0056820 secs] [Times: user=0.00 sys=0.00, real=0.00 secs] 
2012-10-21T07:00:57.067+0100: 131533.050: [GC 131533.050: [DefNew: 17522K->1096K(19136K), 0.0066340 secs] 132476K->116050K(260032K), 0.0067670 secs] [Times: user=0.00 sys=0.00, real=0.01 secs] 
2012-10-21T07:01:46.768+0100: 131582.751: [GC 131582.751: [DefNew: 18120K->934K(19136K), 0.0061110 secs] 133074K->115888K(260032K), 0.0062250 secs] [Times: user=0.00 sys=0.00, real=0.00 secs] 
2012-10-21T07:02:36.545+0100: 131632.528: [GC 131632.528: [DefNew: 17942K->527K(19136K), 0.0049920 secs] 132896K->115481K(260032K), 0.0050940 secs] [Times: user=0.01 sys=0.00, real=0.01 secs] 
2012-10-21T07:03:22.273+0100: 131678.256: [GC 131678.256: [DefNew: 17551K->1108K(19136K), 0.0060750 secs] 132505K->116061K(260032K), 0.0061890 secs] [Times: user=0.00 sys=0.00, real=0.01 secs] 
2012-10-21T07:04:11.730+0100: 131727.713: [GC 131727.713: [DefNew: 18130K->655K(19136K), 0.0052970 secs] 133084K->115734K(260032K), 0.0054330 secs] [Times: user=0.00 sys=0.00, real=0.00 secs] 
2012-10-21T07:04:56.601+0100: 131772.584: [GC 131772.584: [DefNew: 17679K->1182K(19136K), 0.0062600 secs] 132758K->116261K(260032K), 0.0063740 secs] [Times: user=0.01 sys=0.00, real=0.01 secs] 
2012-10-21T07:05:41.708+0100: 131817.691: [GC 131817.691: [DefNew: 18206K->780K(19136K), 0.0060790 secs] 133285K->116121K(260032K), 0.0061800 secs] [Times: user=0.01 sys=0.00, real=0.00 secs] 
2012-10-21T07:06:31.745+0100: 131867.727: [GC 131867.728: [DefNew: 17785K->382K(19136K), 0.0048420 secs] 133127K->115724K(260032K), 0.0049420 secs] [Times: user=0.01 sys=0.00, real=0.01 secs] 
2012-10-21T07:07:17.301+0100: 131913.284: [GC 131913.284: [DefNew: 17406K->1167K(19136K), 0.0061750 secs] 132748K->116509K(260032K), 0.0062780 secs] [Times: user=0.01 sys=0.00, real=0.01 secs] 
2012-10-21T07:08:06.766+0100: 131962.749: [GC 131962.750: [DefNew: 18191K->654K(19136K), 0.0039190 secs] 133533K->116070K(260032K), 0.0040110 secs] [Times: user=0.00 sys=0.00, real=0.01 secs] 
2012-10-21T07:08:51.589+0100: 132007.571: [GC 132007.572: [DefNew: 17678K->948K(19136K), 0.0054860 secs] 133094K->116364K(260032K), 0.0055850 secs] [Times: user=0.00 sys=0.00, real=0.00 secs] 
2012-10-21T07:09:42.042+0100: 132058.025: [GC 132058.025: [DefNew: 17964K->876K(19136K), 0.0056120 secs] 133380K->116292K(260032K), 0.0057070 secs] [Times: user=0.01 sys=0.00, real=0.01 secs] 
2012-10-21T07:10:27.092+0100: 132103.075: [GC 132103.075: [DefNew: 17900K->1169K(19136K), 0.0065990 secs] 133316K->116615K(260032K), 0.0067050 secs] [Times: user=0.01 sys=0.00, real=0.01 secs] 
2012-10-21T07:11:16.748+0100: 132152.731: [GC 132152.731: [DefNew: 18192K->622K(19136K), 0.0050790 secs] 133638K->116132K(260032K), 0.0051780 secs] [Times: user=0.01 sys=0.00, real=0.00 secs] 
2012-10-21T07:12:02.159+0100: 132198.142: [GC 132198.142: [DefNew: 17646K->1089K(19136K), 0.0061700 secs] 133156K->116599K(260032K), 0.0062760 secs] [Times: user=0.01 sys=0.00, real=0.00 secs] 
2012-10-21T07:12:51.738+0100: 132247.721: [GC 132247.721: [DefNew: 18113K->817K(19136K), 0.0058890 secs] 133623K->116390K(260032K), 0.0059980 secs] [Times: user=0.00 sys=0.00, real=0.00 secs] 
2012-10-21T07:13:41.711+0100: 132297.694: [GC 132297.694: [DefNew: 17841K->688K(19136K), 0.0052140 secs] 133414K->116261K(260032K), 0.0053140 secs] [Times: user=0.00 sys=0.00, real=0.00 secs] 
2012-10-21T07:14:26.680+0100: 132342.663: [GC 132342.663: [DefNew: 17712K->594K(19136K), 0.0063680 secs] 133285K->116167K(260032K), 0.0064770 secs] [Times: user=0.00 sys=0.00, real=0.00 secs] 
2012-10-21T07:15:11.685+0100: 132387.668: [GC 132387.668: [DefNew: 17592K->749K(19136K), 0.0051950 secs] 133165K->116322K(260032K), 0.0052940 secs] [Times: user=0.01 sys=0.00, real=0.01 secs] 
2012-10-21T07:15:57.245+0100: 132433.228: [GC 132433.228: [DefNew: 17773K->1162K(19136K), 0.0059380 secs] 133346K->116735K(260032K), 0.0060410 secs] [Times: user=0.02 sys=0.00, real=0.01 secs] 
2012-10-21T07:16:47.484+0100: 132483.467: [GC 132483.467: [DefNew: 18186K->1001K(19136K), 0.0061350 secs] 133759K->116733K(260032K), 0.0062370 secs] [Times: user=0.01 sys=0.00, real=0.01 secs] 
2012-10-21T07:17:37.110+0100: 132533.093: [GC 132533.093: [DefNew: 18021K->889K(19136K), 0.0098240 secs] 133753K->116620K(260032K), 0.0099440 secs] [Times: user=0.00 sys=0.00, real=0.01 secs] 
2012-10-21T07:18:26.777+0100: 132582.760: [GC 132582.760: [DefNew: 17913K->860K(19136K), 0.0054150 secs] 133644K->116592K(260032K), 0.0055400 secs] [Times: user=0.01 sys=0.00, real=0.01 secs] 
2012-10-21T07:19:11.990+0100: 132627.973: [GC 132627.973: [DefNew: 17884K->632K(19136K), 0.0049300 secs] 133616K->116364K(260032K), 0.0050310 secs] [Times: user=0.00 sys=0.00, real=0.00 secs] 
2012-10-21T07:19:56.801+0100: 132672.784: [GC 132672.784: [DefNew: 17656K->1230K(19136K), 0.0083450 secs] 133388K->116961K(260032K), 0.0084720 secs] [Times: user=0.00 sys=0.01, real=0.01 secs] 
2012-10-21T07:20:46.895+0100: 132722.878: [GC 132722.878: [DefNew: 18224K->846K(19136K), 0.0058230 secs] 133955K->116652K(260032K), 0.0059180 secs] [Times: user=0.01 sys=0.00, real=0.01 secs] 
2012-10-21T07:21:32.205+0100: 132768.188: [GC 132768.188: [DefNew: 17870K->1107K(19136K), 0.0059540 secs] 133676K->116913K(260032K), 0.0060580 secs] [Times: user=0.02 sys=0.00, real=0.01 secs] 
2012-10-21T07:22:22.192+0100: 132818.175: [GC 132818.175: [DefNew: 18117K->1002K(19136K), 0.0056730 secs] 133923K->116808K(260032K), 0.0057760 secs] [Times: user=0.01 sys=0.00, real=0.01 secs] 
2012-10-21T07:23:11.666+0100: 132867.648: [GC 132867.649: [DefNew: 18026K->855K(19136K), 0.0112760 secs] 133832K->116662K(260032K), 0.0113980 secs] [Times: user=0.01 sys=0.00, real=0.01 secs] 
2012-10-21T07:23:54.399+0100: 132910.382: [GC 132910.382: [DefNew: 17879K->985K(19136K), 0.0055210 secs] 133686K->116791K(260032K), 0.0056160 secs] [Times: user=0.00 sys=0.00, real=0.00 secs] 
2012-10-21T07:24:42.740+0100: 132958.723: [GC 132958.723: [DefNew: 18009K->1100K(19136K), 0.0058510 secs] 133815K->116907K(260032K), 0.0059650 secs] [Times: user=0.00 sys=0.01, real=0.00 secs] 
2012-10-21T07:25:33.871+0100: 133009.854: [GC 133009.854: [DefNew: 18124K->1084K(19136K), 0.0061440 secs] 133931K->116890K(260032K), 0.0062490 secs] [Times: user=0.00 sys=0.00, real=0.01 secs] 
2012-10-21T07:26:16.683+0100: 133052.666: [GC 133052.666: [DefNew: 18101K->820K(19136K), 0.0053820 secs] 133907K->116626K(260032K), 0.0054780 secs] [Times: user=0.01 sys=0.00, real=0.01 secs] 
2012-10-21T07:27:02.564+0100: 133098.547: [GC 133098.547: [DefNew: 17844K->1392K(19136K), 0.0068390 secs] 133650K->117198K(260032K), 0.0069500 secs] [Times: user=0.01 sys=0.00, real=0.01 secs] 
2012-10-21T07:27:51.982+0100: 133147.965: [GC 133147.965: [DefNew: 18416K->728K(19136K), 0.0061020 secs] 134222K->116827K(260032K), 0.0062090 secs] [Times: user=0.01 sys=0.00, real=0.01 secs] 
2012-10-21T07:28:42.569+0100: 133198.552: [GC 133198.552: [DefNew: 17752K->1003K(19136K), 0.0058920 secs] 133851K->117102K(260032K), 0.0060010 secs] [Times: user=0.00 sys=0.00, real=0.00 secs] 
2012-10-21T07:29:11.812+0100: 133227.795: [GC 133227.795: [DefNew: 18027K->713K(19136K), 0.0053410 secs] 134126K->116812K(260032K), 0.0054410 secs] [Times: user=0.00 sys=0.00, real=0.01 secs] 
2012-10-21T07:29:57.312+0100: 133273.295: [GC 133273.295: [DefNew: 17737K->1067K(19136K), 0.0060620 secs] 133836K->117166K(260032K), 0.0061720 secs] [Times: user=0.00 sys=0.00, real=0.01 secs] 
2012-10-21T07:30:47.183+0100: 133323.166: [GC 133323.166: [DefNew: 18079K->1004K(19136K), 0.0058840 secs] 134178K->117106K(260032K), 0.0059890 secs] [Times: user=0.00 sys=0.00, real=0.01 secs] 
2012-10-21T07:31:36.719+0100: 133372.702: [GC 133372.702: [DefNew: 18028K->810K(19136K), 0.0054550 secs] 134130K->116912K(260032K), 0.0055550 secs] [Times: user=0.00 sys=0.00, real=0.00 secs] 
2012-10-21T07:32:22.228+0100: 133418.211: [GC 133418.212: [DefNew: 17813K->1004K(19136K), 0.0055580 secs] 133915K->117106K(260032K), 0.0056600 secs] [Times: user=0.00 sys=0.00, real=0.00 secs] 
2012-10-21T07:33:12.044+0100: 133468.027: [GC 133468.027: [DefNew: 18028K->885K(19136K), 0.0067300 secs] 134130K->116987K(260032K), 0.0068410 secs] [Times: user=0.00 sys=0.01, real=0.01 secs] 
2012-10-21T07:33:57.301+0100: 133513.283: [GC 133513.284: [DefNew: 17909K->1191K(19136K), 0.0060700 secs] 134011K->117292K(260032K), 0.0061720 secs] [Times: user=0.00 sys=0.01, real=0.00 secs] 
2012-10-21T07:34:46.736+0100: 133562.719: [GC 133562.719: [DefNew: 18202K->306K(19136K), 0.0048140 secs] 134304K->116534K(260032K), 0.0049400 secs] [Times: user=0.01 sys=0.00, real=0.01 secs] 
2012-10-21T07:35:36.791+0100: 133612.774: [GC 133612.774: [DefNew: 17330K->428K(19136K), 0.0048670 secs] 133558K->116656K(260032K), 0.0049640 secs] [Times: user=0.01 sys=0.00, real=0.00 secs] 
2012-10-21T07:36:22.274+0100: 133658.257: [GC 133658.257: [DefNew: 17429K->1033K(19136K), 0.0056290 secs] 133657K->117261K(260032K), 0.0057310 secs] [Times: user=0.01 sys=0.00, real=0.01 secs] 
2012-10-21T07:37:07.368+0100: 133703.351: [GC 133703.351: [DefNew: 18057K->1068K(19136K), 0.0055740 secs] 134285K->117296K(260032K), 0.0056720 secs] [Times: user=0.00 sys=0.00, real=0.00 secs] 
2012-10-21T07:37:57.658+0100: 133753.641: [GC 133753.641: [DefNew: 18092K->1138K(19136K), 0.0081060 secs] 134320K->117366K(260032K), 0.0082190 secs] [Times: user=0.00 sys=0.00, real=0.00 secs] 
2012-10-21T07:38:46.759+0100: 133802.742: [GC 133802.743: [DefNew: 18151K->432K(19136K), 0.0047500 secs] 134379K->116722K(260032K), 0.0048550 secs] [Times: user=0.00 sys=0.00, real=0.00 secs] 
2012-10-21T07:39:31.825+0100: 133847.807: [GC 133847.808: [DefNew: 17456K->978K(19136K), 0.0089620 secs] 133746K->117268K(260032K), 0.0090850 secs] [Times: user=0.00 sys=0.00, real=0.01 secs] 
2012-10-21T07:40:16.759+0100: 133892.742: [GC 133892.742: [DefNew: 18001K->1186K(19136K), 0.0060840 secs] 134292K->117476K(260032K), 0.0061850 secs] [Times: user=0.00 sys=0.00, real=0.00 secs] 
2012-10-21T07:41:02.055+0100: 133938.038: [GC 133938.038: [DefNew: 18210K->802K(19136K), 0.0146150 secs] 134500K->117575K(260032K), 0.0147790 secs] [Times: user=0.01 sys=0.00, real=0.02 secs] 
2012-10-21T07:41:47.295+0100: 133983.278: [GC 133983.278: [DefNew: 17826K->1176K(19136K), 0.0096070 secs] 134599K->117949K(260032K), 0.0097590 secs] [Times: user=0.00 sys=0.00, real=0.01 secs] 
2012-10-21T07:42:36.824+0100: 134032.807: [GC 134032.807: [DefNew: 18200K->847K(19136K), 0.0060730 secs] 134973K->117756K(260032K), 0.0061710 secs] [Times: user=0.00 sys=0.00, real=0.01 secs] 
2012-10-21T07:43:27.050+0100: 134083.033: [GC 134083.033: [DefNew: 17871K->824K(19136K), 0.0054140 secs] 134780K->117733K(260032K), 0.0055110 secs] [Times: user=0.01 sys=0.00, real=0.00 secs] 
2012-10-21T07:44:11.876+0100: 134127.859: [GC 134127.859: [DefNew: 17820K->848K(19136K), 0.0044750 secs] 134729K->117758K(260032K), 0.0045560 secs] [Times: user=0.01 sys=0.00, real=0.01 secs] 
2012-10-21T07:44:57.361+0100: 134173.344: [GC 134173.345: [DefNew: 17872K->1135K(19136K), 0.0059460 secs] 134782K->118045K(260032K), 0.0060960 secs] [Times: user=0.01 sys=0.00, real=0.01 secs] 
2012-10-21T07:45:47.325+0100: 134223.308: [GC 134223.308: [DefNew: 18159K->1035K(19136K), 0.0058790 secs] 135069K->118008K(260032K), 0.0059800 secs] [Times: user=0.01 sys=0.00, real=0.01 secs] 
2012-10-21T07:46:32.624+0100: 134268.607: [GC 134268.607: [DefNew: 18059K->1067K(19136K), 0.0060090 secs] 135032K->118040K(260032K), 0.0061170 secs] [Times: user=0.00 sys=0.00, real=0.01 secs] 
2012-10-21T07:47:21.976+0100: 134317.959: [GC 134317.959: [DefNew: 18091K->374K(19136K), 0.0046380 secs] 135064K->117409K(260032K), 0.0047340 secs] [Times: user=0.01 sys=0.00, real=0.01 secs] 
2012-10-21T07:48:07.069+0100: 134363.052: [GC 134363.052: [DefNew: 17398K->796K(19136K), 0.0051860 secs] 134433K->117831K(260032K), 0.0052860 secs] [Times: user=0.00 sys=0.00, real=0.00 secs] 
2012-10-21T07:48:56.911+0100: 134412.894: [GC 134412.895: [DefNew: 17820K->432K(19136K), 0.0050630 secs] 134855K->117468K(260032K), 0.0052280 secs] [Times: user=0.00 sys=0.01, real=0.00 secs] 
2012-10-21T07:49:44.114+0100: 134460.097: [GC 134460.097: [DefNew: 17439K->401K(19136K), 0.0044920 secs] 134475K->117436K(260032K), 0.0045860 secs] [Times: user=0.01 sys=0.00, real=0.01 secs] 
2012-10-21T07:50:27.488+0100: 134503.471: [GC 134503.471: [DefNew: 17425K->1003K(19136K), 0.0058970 secs] 134460K->118101K(260032K), 0.0065850 secs] [Times: user=0.00 sys=0.01, real=0.00 secs] 
2012-10-21T07:51:17.081+0100: 134553.064: [GC 134553.064: [DefNew: 18027K->439K(19136K), 0.0046240 secs] 135125K->117537K(260032K), 0.0047180 secs] [Times: user=0.00 sys=0.00, real=0.00 secs] 
2012-10-21T07:52:06.899+0100: 134602.882: [GC 134602.882: [DefNew: 17463K->432K(19136K), 0.0058920 secs] 134561K->117530K(260032K), 0.0059940 secs] [Times: user=0.00 sys=0.00, real=0.00 secs] 
2012-10-21T07:52:52.517+0100: 134648.500: [GC 134648.500: [DefNew: 17456K->1036K(19136K), 0.0058070 secs] 134554K->118133K(260032K), 0.0059120 secs] [Times: user=0.01 sys=0.00, real=0.01 secs] 
2012-10-21T07:53:42.034+0100: 134698.017: [GC 134698.017: [DefNew: 18034K->432K(19136K), 0.0048210 secs] 135131K->117530K(260032K), 0.0049190 secs] [Times: user=0.00 sys=0.00, real=0.01 secs] 
2012-10-21T07:54:27.639+0100: 134743.622: [GC 134743.622: [DefNew: 17456K->1091K(19136K), 0.0061610 secs] 134554K->118188K(260032K), 0.0062790 secs] [Times: user=0.01 sys=0.00, real=0.00 secs] 
2012-10-21T07:55:17.006+0100: 134792.989: [GC 134792.989: [DefNew: 18115K->523K(19136K), 0.0049680 secs] 135212K->117620K(260032K), 0.0050690 secs] [Times: user=0.01 sys=0.00, real=0.01 secs] 
2012-10-21T07:56:06.933+0100: 134842.916: [GC 134842.916: [DefNew: 17529K->445K(19136K), 0.0047040 secs] 134627K->117542K(260032K), 0.0048240 secs] [Times: user=0.01 sys=0.00, real=0.01 secs] 
2012-10-21T07:56:52.004+0100: 134887.987: [GC 134887.987: [DefNew: 17469K->951K(19136K), 0.0058450 secs] 134566K->118048K(260032K), 0.0059500 secs] [Times: user=0.01 sys=0.00, real=0.01 secs] 
2012-10-21T07:57:42.073+0100: 134938.056: [GC 134938.056: [DefNew: 17968K->511K(19136K), 0.0058410 secs] 135066K->117609K(260032K), 0.0060880 secs] [Times: user=0.01 sys=0.00, real=0.01 secs] 
2012-10-21T07:58:27.501+0100: 134983.484: [GC 134983.484: [DefNew: 17516K->1030K(19136K), 0.0112560 secs] 134614K->118231K(260032K), 0.0113970 secs] [Times: user=0.01 sys=0.00, real=0.01 secs] 
2012-10-21T07:59:12.800+0100: 135028.783: [GC 135028.783: [DefNew: 18054K->1075K(19136K), 0.0060770 secs] 135255K->118276K(260032K), 0.0062020 secs] [Times: user=0.00 sys=0.00, real=0.00 secs] 
2012-10-21T07:59:57.011+0100: 135072.994: [GC 135072.995: [DefNew: 18096K->908K(19136K), 0.0067350 secs] 135297K->118110K(260032K), 0.0068420 secs] [Times: user=0.00 sys=0.00, real=0.01 secs] 
2012-10-21T08:00:47.068+0100: 135123.051: [GC 135123.052: [DefNew: 17932K->686K(19136K), 0.0054290 secs] 135134K->117887K(260032K), 0.0127140 secs] [Times: user=0.01 sys=0.00, real=0.01 secs] 
2012-10-21T08:01:32.267+0100: 135168.250: [GC 135168.250: [DefNew: 17710K->752K(19136K), 0.0054060 secs] 134911K->117953K(260032K), 0.0055430 secs] [Times: user=0.00 sys=0.01, real=0.01 secs] 
2012-10-21T08:02:17.181+0100: 135213.164: [GC 135213.164: [DefNew: 17774K->900K(19136K), 0.0056430 secs] 134975K->118102K(260032K), 0.0057490 secs] [Times: user=0.00 sys=0.00, real=0.00 secs] 
2012-10-21T08:03:02.570+0100: 135258.553: [GC 135258.553: [DefNew: 17924K->1133K(19136K), 0.0067980 secs] 135126K->118334K(260032K), 0.0069140 secs] [Times: user=0.00 sys=0.00, real=0.00 secs] 
2012-10-21T08:03:47.581+0100: 135303.564: [GC 135303.564: [DefNew: 18157K->1187K(19136K), 0.0068450 secs] 135358K->118451K(260032K), 0.0069580 secs] [Times: user=0.00 sys=0.00, real=0.01 secs] 
2012-10-21T08:04:37.516+0100: 135353.499: [GC 135353.499: [DefNew: 18211K->976K(19136K), 0.0066040 secs] 135475K->118304K(260032K), 0.0067130 secs] [Times: user=0.00 sys=0.00, real=0.01 secs] 
2012-10-21T08:05:22.141+0100: 135398.124: [GC 135398.124: [DefNew: 17984K->980K(19136K), 0.0057250 secs] 135312K->118308K(260032K), 0.0058260 secs] [Times: user=0.01 sys=0.00, real=0.00 secs] 
2012-10-21T08:06:12.152+0100: 135448.134: [GC 135448.135: [DefNew: 18004K->956K(19136K), 0.0055680 secs] 135332K->118284K(260032K), 0.0056640 secs] [Times: user=0.00 sys=0.00, real=0.00 secs] 
2012-10-21T08:06:57.466+0100: 135493.449: [GC 135493.449: [DefNew: 17980K->1179K(19136K), 0.0042270 secs] 135308K->118506K(260032K), 0.0043080 secs] [Times: user=0.00 sys=0.00, real=0.01 secs] 
2012-10-21T08:07:46.327+0100: 135542.309: [GC 135542.310: [DefNew: 18203K->948K(19136K), 0.0061610 secs] 135530K->118411K(260032K), 0.0062650 secs] [Times: user=0.00 sys=0.00, real=0.01 secs] 
2012-10-21T08:08:32.582+0100: 135588.565: [GC 135588.565: [DefNew: 17972K->1209K(19136K), 0.0060980 secs] 135435K->118671K(260032K), 0.0062130 secs] [Times: user=0.01 sys=0.00, real=0.01 secs] 
2012-10-21T08:09:22.406+0100: 135638.389: [GC 135638.389: [DefNew: 18233K->848K(19136K), 0.0059120 secs] 135695K->118447K(260032K), 0.0060150 secs] [Times: user=0.01 sys=0.00, real=0.01 secs] 
2012-10-21T08:10:07.537+0100: 135683.520: [GC 135683.520: [DefNew: 17872K->910K(19136K), 0.0056030 secs] 135471K->118509K(260032K), 0.0057080 secs] [Times: user=0.00 sys=0.00, real=0.01 secs] 
2012-10-21T08:10:57.516+0100: 135733.499: [GC 135733.499: [DefNew: 17916K->1031K(19136K), 0.0056820 secs] 135516K->118631K(260032K), 0.0057830 secs] [Times: user=0.01 sys=0.00, real=0.01 secs] 
2012-10-21T08:11:47.113+0100: 135783.095: [GC 135783.096: [DefNew: 18055K->1038K(19136K), 0.0057320 secs] 135655K->118638K(260032K), 0.0058340 secs] [Times: user=0.00 sys=0.00, real=0.01 secs] 
2012-10-21T08:12:37.152+0100: 135833.135: [GC 135833.135: [DefNew: 18062K->560K(19136K), 0.0049590 secs] 135662K->118160K(260032K), 0.0050520 secs] [Times: user=0.00 sys=0.00, real=0.00 secs] 
2012-10-21T08:13:22.023+0100: 135878.006: [GC 135878.007: [DefNew: 17584K->969K(19136K), 0.0090920 secs] 135184K->118569K(260032K), 0.0092110 secs] [Times: user=0.01 sys=0.00, real=0.01 secs] 
2012-10-21T08:14:07.597+0100: 135923.580: [GC 135923.580: [DefNew: 17993K->1091K(19136K), 0.0058840 secs] 135593K->118691K(260032K), 0.0059870 secs] [Times: user=0.01 sys=0.00, real=0.01 secs] 
2012-10-21T08:14:54.867+0100: 135970.850: [GC 135970.850: [DefNew: 18113K->745K(19136K), 0.0053490 secs] 135713K->118408K(260032K), 0.0055020 secs] [Times: user=0.00 sys=0.00, real=0.01 secs] 
2012-10-21T08:15:42.306+0100: 136018.289: [GC 136018.289: [DefNew: 17760K->780K(19136K), 0.0054660 secs] 135423K->118443K(260032K), 0.0061270 secs] [Times: user=0.01 sys=0.00, real=0.01 secs] 
2012-10-21T08:16:27.297+0100: 136063.280: [GC 136063.280: [DefNew: 17777K->875K(19136K), 0.0053710 secs] 135440K->118538K(260032K), 0.0054700 secs] [Times: user=0.00 sys=0.01, real=0.01 secs] 
2012-10-21T08:17:17.079+0100: 136113.062: [GC 136113.062: [DefNew: 17899K->923K(19136K), 0.0056200 secs] 135562K->118586K(260032K), 0.0057200 secs] [Times: user=0.00 sys=0.01, real=0.00 secs] 
2012-10-21T08:18:04.508+0100: 136160.491: [GC 136160.491: [DefNew: 17947K->496K(19136K), 0.0046020 secs] 135610K->118159K(260032K), 0.0046970 secs] [Times: user=0.00 sys=0.00, real=0.00 secs] 
2012-10-21T08:18:52.245+0100: 136208.228: [GC 136208.228: [DefNew: 17520K->1116K(19136K), 0.0061090 secs] 135183K->118779K(260032K), 0.0062150 secs] [Times: user=0.00 sys=0.00, real=0.01 secs] 
2012-10-21T08:19:37.683+0100: 136253.665: [GC 136253.666: [DefNew: 18140K->1182K(19136K), 0.0063950 secs] 135803K->118937K(260032K), 0.0065000 secs] [Times: user=0.01 sys=0.00, real=0.01 secs] 
2012-10-21T08:20:28.057+0100: 136304.039: [GC 136304.040: [DefNew: 18206K->875K(19136K), 0.0059330 secs] 135961K->118766K(260032K), 0.0060390 secs] [Times: user=0.00 sys=0.00, real=0.01 secs] 
2012-10-21T08:21:17.105+0100: 136353.088: [GC 136353.088: [DefNew: 17899K->844K(19136K), 0.0053340 secs] 135790K->118736K(260032K), 0.0054370 secs] [Times: user=0.00 sys=0.00, real=0.01 secs] 
2012-10-21T08:22:07.165+0100: 136403.147: [GC 136403.148: [DefNew: 17864K->527K(19136K), 0.0047820 secs] 135756K->118418K(260032K), 0.0048810 secs] [Times: user=0.00 sys=0.00, real=0.01 secs] 
2012-10-21T08:22:52.570+0100: 136448.553: [GC 136448.554: [DefNew: 17551K->1160K(19136K), 0.0047370 secs] 135442K->119051K(260032K), 0.0048230 secs] [Times: user=0.00 sys=0.00, real=0.00 secs] 
2012-10-21T08:23:42.867+0100: 136498.850: [GC 136498.850: [DefNew: 18184K->1133K(19136K), 0.0062280 secs] 136075K->119087K(260032K), 0.0063370 secs] [Times: user=0.01 sys=0.00, real=0.01 secs] 
2012-10-21T08:24:27.246+0100: 136543.229: [GC 136543.230: [DefNew: 18157K->935K(19136K), 0.0061330 secs] 136111K->118986K(260032K), 0.0062360 secs] [Times: user=0.00 sys=0.00, real=0.01 secs] 
2012-10-21T08:25:17.447+0100: 136593.430: [GC 136593.430: [DefNew: 17951K->749K(19136K), 0.0052090 secs] 136002K->118800K(260032K), 0.0059260 secs] [Times: user=0.01 sys=0.00, real=0.01 secs] 
2012-10-21T08:26:02.963+0100: 136638.946: [GC 136638.946: [DefNew: 17773K->1144K(19136K), 0.0060830 secs] 135824K->119195K(260032K), 0.0061880 secs] [Times: user=0.00 sys=0.00, real=0.01 secs] 
2012-10-21T08:26:52.619+0100: 136688.602: [GC 136688.602: [DefNew: 18145K->906K(19136K), 0.0062510 secs] 136196K->119157K(260032K), 0.0063600 secs] [Times: user=0.01 sys=0.00, real=0.00 secs] 
2012-10-21T08:27:42.293+0100: 136738.276: [GC 136738.276: [DefNew: 17930K->948K(19136K), 0.0057770 secs] 136181K->119198K(260032K), 0.0066170 secs] [Times: user=0.01 sys=0.00, real=0.01 secs] 
2012-10-21T08:28:27.419+0100: 136783.402: [GC 136783.402: [DefNew: 17971K->987K(19136K), 0.0056100 secs] 136222K->119238K(260032K), 0.0057130 secs] [Times: user=0.01 sys=0.00, real=0.00 secs] 
2012-10-21T08:28:57.262+0100: 136813.245: [GC 136813.245: [DefNew: 18010K->1862K(19136K), 0.0072150 secs] 136260K->120112K(260032K), 0.0073280 secs] [Times: user=0.00 sys=0.00, real=0.01 secs] 
2012-10-21T08:29:47.135+0100: 136863.118: [GC 136863.118: [DefNew: 18885K->494K(19136K), 0.0094650 secs] 137135K->118917K(260032K), 0.0095940 secs] [Times: user=0.00 sys=0.00, real=0.01 secs] 
2012-10-21T08:30:32.288+0100: 136908.271: [GC 136908.271: [DefNew: 17518K->808K(19136K), 0.0057440 secs] 135941K->119230K(260032K), 0.0058510 secs] [Times: user=0.00 sys=0.00, real=0.00 secs] 
2012-10-21T08:31:22.253+0100: 136958.236: [GC 136958.236: [DefNew: 17817K->339K(19136K), 0.0062830 secs] 136239K->118761K(260032K), 0.0063910 secs] [Times: user=0.00 sys=0.00, real=0.01 secs] 
2012-10-21T08:32:07.738+0100: 137003.721: [GC 137003.721: [DefNew: 17363K->1096K(19136K), 0.0058500 secs] 135785K->119518K(260032K), 0.0059500 secs] [Times: user=0.00 sys=0.00, real=0.00 secs] 
2012-10-21T08:32:54.879+0100: 137050.861: [GC 137050.862: [DefNew: 18120K->852K(19136K), 0.0061270 secs] 136542K->119463K(260032K), 0.0062380 secs] [Times: user=0.00 sys=0.00, real=0.00 secs] 
2012-10-21T08:33:44.359+0100: 137100.342: [GC 137100.342: [DefNew: 17876K->941K(19136K), 0.0055940 secs] 136487K->119552K(260032K), 0.0057190 secs] [Times: user=0.00 sys=0.00, real=0.00 secs] 
2012-10-21T08:34:33.022+0100: 137149.005: [GC 137149.005: [DefNew: 17936K->1001K(19136K), 0.0057930 secs] 136547K->119612K(260032K), 0.0058980 secs] [Times: user=0.01 sys=0.00, real=0.01 secs] 
2012-10-21T08:35:17.790+0100: 137193.773: [GC 137193.773: [DefNew: 18025K->1134K(19136K), 0.0059410 secs] 136636K->119745K(260032K), 0.0060450 secs] [Times: user=0.00 sys=0.00, real=0.00 secs] 
2012-10-21T08:36:07.207+0100: 137243.190: [GC 137243.190: [DefNew: 18158K->464K(19136K), 0.0047710 secs] 136769K->119138K(260032K), 0.0048670 secs] [Times: user=0.00 sys=0.00, real=0.00 secs] 
2012-10-21T08:36:57.308+0100: 137293.291: [GC 137293.291: [DefNew: 17462K->592K(19136K), 0.0049740 secs] 136136K->119265K(260032K), 0.0050710 secs] [Times: user=0.00 sys=0.00, real=0.00 secs] 
2012-10-21T08:37:46.121+0100: 137342.104: [GC 137342.104: [DefNew: 17615K->519K(19136K), 0.0048140 secs] 136288K->119192K(260032K), 0.0049210 secs] [Times: user=0.01 sys=0.00, real=0.00 secs] 
2012-10-21T08:38:32.259+0100: 137388.242: [GC 137388.242: [DefNew: 17535K->683K(19136K), 0.0050480 secs] 136208K->119356K(260032K), 0.0058680 secs] [Times: user=0.00 sys=0.00, real=0.00 secs] 
2012-10-21T08:39:17.696+0100: 137433.679: [GC 137433.679: [DefNew: 17685K->1283K(19136K), 0.0110140 secs] 136358K->119956K(260032K), 0.0111530 secs] [Times: user=0.01 sys=0.00, real=0.01 secs] 
2012-10-21T08:40:07.198+0100: 137483.181: [GC 137483.181: [DefNew: 18304K->658K(19136K), 0.0060680 secs] 136978K->119425K(260032K), 0.0061830 secs] [Times: user=0.00 sys=0.01, real=0.00 secs] 
2012-10-21T08:40:57.199+0100: 137533.182: [GC 137533.182: [DefNew: 17671K->560K(19136K), 0.0048810 secs] 136438K->119327K(260032K), 0.0050200 secs] [Times: user=0.00 sys=0.00, real=0.00 secs] 
2012-10-21T08:41:42.232+0100: 137578.215: [GC 137578.215: [DefNew: 17584K->1168K(19136K), 0.0098310 secs] 136351K->119935K(260032K), 0.0099500 secs] [Times: user=0.00 sys=0.00, real=0.01 secs] 
2012-10-21T08:42:27.223+0100: 137623.206: [GC 137623.206: [DefNew: 18192K->1182K(19136K), 0.0062860 secs] 136959K->120012K(260032K), 0.0063860 secs] [Times: user=0.00 sys=0.00, real=0.01 secs] 
2012-10-21T08:43:17.224+0100: 137673.207: [GC 137673.207: [DefNew: 18179K->883K(19136K), 0.0066450 secs] 137010K->120005K(260032K), 0.0131080 secs] [Times: user=0.00 sys=0.00, real=0.02 secs] 
2012-10-21T08:44:02.911+0100: 137718.894: [GC 137718.894: [DefNew: 17907K->1203K(19136K), 0.0061120 secs] 137029K->120325K(260032K), 0.0062120 secs] [Times: user=0.00 sys=0.00, real=0.00 secs] 
2012-10-21T08:44:52.625+0100: 137768.608: [GC 137768.608: [DefNew: 18227K->902K(19136K), 0.0058920 secs] 137349K->120161K(260032K), 0.0059930 secs] [Times: user=0.01 sys=0.00, real=0.01 secs] 
2012-10-21T08:45:37.816+0100: 137813.799: [GC 137813.799: [DefNew: 17897K->1098K(19136K), 0.0063320 secs] 137156K->120357K(260032K), 0.0064350 secs] [Times: user=0.01 sys=0.00, real=0.01 secs] 
2012-10-21T08:46:27.414+0100: 137863.397: [GC 137863.397: [DefNew: 18117K->465K(19136K), 0.0067600 secs] 137376K->119725K(260032K), 0.0068680 secs] [Times: user=0.01 sys=0.00, real=0.01 secs] 
2012-10-21T08:47:13.026+0100: 137909.009: [GC 137909.009: [DefNew: 17489K->1107K(19136K), 0.0058670 secs] 136749K->120368K(260032K), 0.0059860 secs] [Times: user=0.01 sys=0.00, real=0.01 secs] 
2012-10-21T08:48:02.579+0100: 137958.562: [GC 137958.562: [DefNew: 18131K->941K(19136K), 0.0055770 secs] 137392K->120202K(260032K), 0.0056720 secs] [Times: user=0.00 sys=0.00, real=0.00 secs] 
2012-10-21T08:48:52.424+0100: 138008.407: [GC 138008.407: [DefNew: 17965K->788K(19136K), 0.0052410 secs] 137226K->120049K(260032K), 0.0053380 secs] [Times: user=0.00 sys=0.00, real=0.01 secs] 
2012-10-21T08:49:37.931+0100: 138053.914: [GC 138053.914: [DefNew: 17812K->1109K(19136K), 0.0063270 secs] 137073K->120370K(260032K), 0.0064280 secs] [Times: user=0.01 sys=0.00, real=0.01 secs] 
2012-10-21T08:50:27.551+0100: 138103.534: [GC 138103.534: [DefNew: 18131K->836K(19136K), 0.0054860 secs] 137392K->120160K(260032K), 0.0055810 secs] [Times: user=0.00 sys=0.00, real=0.00 secs] 
2012-10-21T08:51:17.384+0100: 138153.367: [GC 138153.367: [DefNew: 17850K->339K(19136K), 0.0047970 secs] 137175K->119663K(260032K), 0.0048950 secs] [Times: user=0.01 sys=0.00, real=0.01 secs] 
2012-10-21T08:52:02.406+0100: 138198.389: [GC 138198.389: [DefNew: 17363K->690K(19136K), 0.0056540 secs] 136687K->120014K(260032K), 0.0057470 secs] [Times: user=0.00 sys=0.00, real=0.01 secs] 
2012-10-21T08:52:47.859+0100: 138243.842: [GC 138243.842: [DefNew: 17714K->1064K(19136K), 0.0089300 secs] 137038K->120451K(260032K), 0.0090620 secs] [Times: user=0.00 sys=0.01, real=0.01 secs] 
2012-10-21T08:53:37.334+0100: 138293.317: [GC 138293.317: [DefNew: 18088K->913K(19136K), 0.0077390 secs] 137475K->120300K(260032K), 0.0078650 secs] [Times: user=0.01 sys=0.00, real=0.01 secs] 
2012-10-21T08:54:27.506+0100: 138343.489: [GC 138343.489: [DefNew: 17936K->371K(19136K), 0.0045900 secs] 137323K->119758K(260032K), 0.0046830 secs] [Times: user=0.00 sys=0.00, real=0.01 secs] 
2012-10-21T08:55:12.472+0100: 138388.455: [GC 138388.455: [DefNew: 17395K->969K(19136K), 0.0059900 secs] 136782K->120356K(260032K), 0.0061900 secs] [Times: user=0.01 sys=0.00, real=0.01 secs] 
2012-10-21T08:56:02.374+0100: 138438.357: [GC 138438.357: [DefNew: 17993K->337K(19136K), 0.0046020 secs] 137380K->119724K(260032K), 0.0046990 secs] [Times: user=0.01 sys=0.00, real=0.01 secs] 
2012-10-21T08:56:47.940+0100: 138483.923: [GC 138483.923: [DefNew: 17361K->1099K(19136K), 0.0058850 secs] 136748K->120485K(260032K), 0.0059860 secs] [Times: user=0.00 sys=0.00, real=0.00 secs] 
2012-10-21T08:57:32.438+0100: 138528.421: [GC 138528.421: [DefNew: 18122K->1566K(19136K), 0.0066070 secs] 137508K->120953K(260032K), 0.0067220 secs] [Times: user=0.00 sys=0.00, real=0.00 secs] 
2012-10-21T08:58:22.468+0100: 138578.451: [GC 138578.451: [DefNew: 18590K->819K(19136K), 0.0061210 secs] 137977K->120437K(260032K), 0.0062250 secs] [Times: user=0.01 sys=0.00, real=0.00 secs] 
2012-10-21T08:59:07.415+0100: 138623.398: [GC 138623.398: [DefNew: 17843K->808K(19136K), 0.0056150 secs] 137461K->120426K(260032K), 0.0057160 secs] [Times: user=0.00 sys=0.00, real=0.01 secs] 
2012-10-21T08:59:57.263+0100: 138673.246: [GC 138673.246: [DefNew: 17832K->362K(19136K), 0.0043640 secs] 137450K->119981K(260032K), 0.0044590 secs] [Times: user=0.01 sys=0.00, real=0.01 secs] 
2012-10-21T09:00:42.885+0100: 138718.868: [GC 138718.868: [DefNew: 17386K->1133K(19136K), 0.0058910 secs] 137005K->120751K(260032K), 0.0059950 secs] [Times: user=0.01 sys=0.00, real=0.01 secs] 
2012-10-21T09:01:32.423+0100: 138768.406: [GC 138768.406: [DefNew: 18157K->853K(19136K), 0.0065930 secs] 137775K->120564K(260032K), 0.0067490 secs] [Times: user=0.00 sys=0.00, real=0.01 secs] 
2012-10-21T09:02:22.466+0100: 138818.449: [GC 138818.449: [DefNew: 17877K->688K(19136K), 0.0036530 secs] 137588K->120399K(260032K), 0.0037240 secs] [Times: user=0.01 sys=0.00, real=0.01 secs] 
2012-10-21T09:03:07.796+0100: 138863.779: [GC 138863.779: [DefNew: 17712K->1024K(19136K), 0.0055250 secs] 137423K->120735K(260032K), 0.0056300 secs] [Times: user=0.00 sys=0.00, real=0.01 secs] 
2012-10-21T09:03:56.582+0100: 138912.565: [GC 138912.565: [DefNew: 18028K->908K(19136K), 0.0054340 secs] 137739K->120619K(260032K), 0.0055340 secs] [Times: user=0.01 sys=0.00, real=0.01 secs] 
2012-10-21T09:04:42.995+0100: 138958.978: [GC 138958.978: [DefNew: 17932K->1102K(19136K), 0.0060270 secs] 137643K->120813K(260032K), 0.0062340 secs] [Times: user=0.01 sys=0.00, real=0.01 secs] 
2012-10-21T09:05:32.525+0100: 139008.508: [GC 139008.508: [DefNew: 18115K->880K(19136K), 0.0058050 secs] 137826K->120621K(260032K), 0.0059060 secs] [Times: user=0.00 sys=0.00, real=0.01 secs] 
2012-10-21T09:06:17.934+0100: 139053.917: [GC 139053.917: [DefNew: 17882K->1295K(19136K), 0.0062320 secs] 137623K->121036K(260032K), 0.0063510 secs] [Times: user=0.00 sys=0.00, real=0.01 secs] 
2012-10-21T09:07:07.617+0100: 139103.600: [GC 139103.600: [DefNew: 18319K->1230K(19136K), 0.0068730 secs] 138060K->121142K(260032K), 0.0069960 secs] [Times: user=0.01 sys=0.00, real=0.01 secs] 
2012-10-21T09:07:57.529+0100: 139153.512: [GC 139153.512: [DefNew: 18254K->758K(19136K), 0.0038620 secs] 138166K->120799K(260032K), 0.0039360 secs] [Times: user=0.00 sys=0.00, real=0.00 secs] 
2012-10-21T09:08:44.184+0100: 139200.167: [GC 139200.167: [DefNew: 17782K->1237K(19136K), 0.0063130 secs] 137823K->121278K(260032K), 0.0064170 secs] [Times: user=0.01 sys=0.00, real=0.01 secs] 
2012-10-21T09:09:32.683+0100: 139248.666: [GC 139248.666: [DefNew: 18247K->463K(19136K), 0.0055990 secs] 138288K->120671K(260032K), 0.0056950 secs] [Times: user=0.00 sys=0.00, real=0.01 secs] 
2012-10-21T09:10:17.966+0100: 139293.949: [GC 139293.949: [DefNew: 17487K->1097K(19136K), 0.0059560 secs] 137695K->121306K(260032K), 0.0060560 secs] [Times: user=0.00 sys=0.00, real=0.01 secs] 
2012-10-21T09:11:07.573+0100: 139343.556: [GC 139343.556: [DefNew: 18121K->756K(19136K), 0.0053540 secs] 138330K->121027K(260032K), 0.0054510 secs] [Times: user=0.01 sys=0.00, real=0.01 secs] 
2012-10-21T09:11:54.449+0100: 139390.432: [GC 139390.432: [DefNew: 17780K->1288K(19136K), 0.0063010 secs] 138051K->121559K(260032K), 0.0064030 secs] [Times: user=0.00 sys=0.00, real=0.00 secs] 
2012-10-21T09:12:43.099+0100: 139439.082: [GC 139439.082: [DefNew: 18312K->956K(19136K), 0.0063140 secs] 138583K->121415K(260032K), 0.0064160 secs] [Times: user=0.01 sys=0.00, real=0.00 secs] 
2012-10-21T09:12:43.112+0100: 139439.095: [GC [1 CMS-initial-mark: 120458K(240896K)] 121786K(260032K), 0.0055970 secs] [Times: user=0.01 sys=0.00, real=0.01 secs] 
2012-10-21T09:12:43.118+0100: 139439.101: [CMS-concurrent-mark-start]
2012-10-21T09:12:43.243+0100: 139439.226: [CMS-concurrent-mark: 0.125/0.125 secs] [Times: user=0.11 sys=0.00, real=0.12 secs] 
2012-10-21T09:12:43.243+0100: 139439.226: [CMS-concurrent-preclean-start]
2012-10-21T09:12:43.245+0100: 139439.228: [CMS-concurrent-preclean: 0.002/0.002 secs] [Times: user=0.00 sys=0.00, real=0.00 secs] 
2012-10-21T09:12:43.246+0100: 139439.228: [GC[YG occupancy: 1370 K (19136 K)]139439.229: [Rescan (non-parallel) 139439.229: [grey object rescan, 0.0013400 secs]139439.230: [root rescan, 0.0051750 secs], 0.0065730 secs]139439.235: [weak refs processing, 0.0601980 secs] [1 CMS-remark: 120458K(240896K)] 121829K(260032K), 0.0674900 secs] [Times: user=0.07 sys=0.00, real=0.07 secs] 
2012-10-21T09:12:43.313+0100: 139439.296: [CMS-concurrent-sweep-start]
2012-10-21T09:12:43.442+0100: 139439.425: [CMS-concurrent-sweep: 0.123/0.129 secs] [Times: user=0.13 sys=0.00, real=0.13 secs] 
2012-10-21T09:12:43.442+0100: 139439.425: [CMS-concurrent-reset-start]
2012-10-21T09:12:43.445+0100: 139439.427: [CMS-concurrent-reset: 0.002/0.002 secs] [Times: user=0.00 sys=0.00, real=0.00 secs] 
2012-10-21T09:13:27.511+0100: 139483.494: [GC 139483.494: [DefNew: 17980K->1092K(19136K), 0.0126670 secs] 49684K->32796K(260032K), 0.0128160 secs] [Times: user=0.01 sys=0.00, real=0.01 secs] 
2012-10-21T09:14:13.012+0100: 139528.995: [GC 139528.995: [DefNew: 18116K->1163K(19136K), 0.0095300 secs] 49820K->32941K(260032K), 0.0097160 secs] [Times: user=0.01 sys=0.00, real=0.01 secs] 
2012-10-21T09:15:03.024+0100: 139579.007: [GC 139579.007: [DefNew: 18187K->757K(19136K), 0.0060530 secs] 49965K->32628K(260032K), 0.0061820 secs] [Times: user=0.00 sys=0.00, real=0.01 secs] 
2012-10-21T09:15:52.858+0100: 139628.841: [GC 139628.841: [DefNew: 17770K->686K(19136K), 0.0050980 secs] 49641K->32557K(260032K), 0.0051940 secs] [Times: user=0.00 sys=0.00, real=0.00 secs] 
2012-10-21T09:16:37.569+0100: 139673.552: [GC 139673.552: [DefNew: 17710K->877K(19136K), 0.0057630 secs] 49581K->32747K(260032K), 0.0058640 secs] [Times: user=0.00 sys=0.00, real=0.00 secs] 
2012-10-21T09:17:23.085+0100: 139719.068: [GC 139719.068: [DefNew: 17901K->1222K(19136K), 0.0065520 secs] 49771K->33092K(260032K), 0.0066670 secs] [Times: user=0.00 sys=0.00, real=0.01 secs] 
2012-10-21T09:18:13.108+0100: 139769.091: [GC 139769.091: [DefNew: 18217K->1002K(19136K), 0.0063700 secs] 50088K->33009K(260032K), 0.0064750 secs] [Times: user=0.00 sys=0.01, real=0.00 secs] 
2012-10-21T09:19:02.605+0100: 139818.588: [GC 139818.588: [DefNew: 18009K->561K(19136K), 0.0048720 secs] 50016K->32569K(260032K), 0.0049710 secs] [Times: user=0.01 sys=0.00, real=0.01 secs] 
2012-10-21T09:19:48.469+0100: 139864.452: [GC 139864.452: [DefNew: 17580K->1035K(19136K), 0.0057900 secs] 49587K->33042K(260032K), 0.0058990 secs] [Times: user=0.00 sys=0.00, real=0.00 secs] 
2012-10-21T09:20:37.500+0100: 139913.483: [GC 139913.483: [DefNew: 18059K->880K(19136K), 0.0054150 secs] 50066K->32887K(260032K), 0.0055180 secs] [Times: user=0.00 sys=0.00, real=0.00 secs] 
2012-10-21T09:21:23.043+0100: 139959.026: [GC 139959.026: [DefNew: 17904K->1228K(19136K), 0.0061900 secs] 49911K->33237K(260032K), 0.0063130 secs] [Times: user=0.00 sys=0.00, real=0.01 secs] 
2012-10-21T09:22:12.577+0100: 140008.560: [GC 140008.560: [DefNew: 18251K->454K(19136K), 0.0055590 secs] 50260K->32527K(260032K), 0.0057040 secs] [Times: user=0.02 sys=0.00, real=0.01 secs] 
2012-10-21T09:22:58.373+0100: 140054.356: [GC 140054.356: [DefNew: 17478K->1166K(19136K), 0.0061040 secs] 49551K->33239K(260032K), 0.0062070 secs] [Times: user=0.01 sys=0.00, real=0.01 secs] 
2012-10-21T09:23:48.290+0100: 140104.273: [GC 140104.273: [DefNew: 18190K->906K(19136K), 0.0071440 secs] 50263K->33105K(260032K), 0.0072600 secs] [Times: user=0.01 sys=0.00, real=0.01 secs] 
2012-10-21T09:24:37.867+0100: 140153.850: [GC 140153.850: [DefNew: 17930K->730K(19136K), 0.0052480 secs] 50129K->32929K(260032K), 0.0053490 secs] [Times: user=0.01 sys=0.00, real=0.01 secs] 
2012-10-21T09:25:24.968+0100: 140200.951: [GC 140200.951: [DefNew: 17754K->1252K(19136K), 0.0068430 secs] 49953K->33451K(260032K), 0.0069610 secs] [Times: user=0.00 sys=0.00, real=0.00 secs] 
2012-10-21T09:26:12.642+0100: 140248.625: [GC 140248.625: [DefNew: 18276K->670K(19136K), 0.0106190 secs] 50475K->33150K(260032K), 0.0107360 secs] [Times: user=0.00 sys=0.00, real=0.01 secs] 
2012-10-21T09:26:57.743+0100: 140293.726: [GC 140293.726: [DefNew: 17694K->973K(19136K), 0.0059250 secs] 50174K->33453K(260032K), 0.0060340 secs] [Times: user=0.01 sys=0.00, real=0.01 secs] 
2012-10-21T09:27:48.358+0100: 140344.341: [GC 140344.341: [DefNew: 17997K->949K(19136K), 0.0058010 secs] 50477K->33429K(260032K), 0.0059580 secs] [Times: user=0.00 sys=0.01, real=0.00 secs] 
2012-10-21T09:28:37.573+0100: 140393.556: [GC 140393.556: [DefNew: 17973K->987K(19136K), 0.0058350 secs] 50453K->33466K(260032K), 0.0059390 secs] [Times: user=0.00 sys=0.00, real=0.01 secs] 
2012-10-21T09:29:07.637+0100: 140423.620: [GC 140423.620: [DefNew: 17983K->622K(19136K), 0.0060540 secs] 50462K->33175K(260032K), 0.0061620 secs] [Times: user=0.01 sys=0.00, real=0.01 secs] 
2012-10-21T09:29:53.216+0100: 140469.199: [GC 140469.199: [DefNew: 17646K->1136K(19136K), 0.0088450 secs] 50199K->33690K(260032K), 0.0089640 secs] [Times: user=0.01 sys=0.00, real=0.01 secs] 
2012-10-21T09:30:43.189+0100: 140519.172: [GC 140519.172: [DefNew: 18160K->1113K(19136K), 0.0064450 secs] 50714K->33728K(260032K), 0.0065560 secs] [Times: user=0.01 sys=0.00, real=0.00 secs] 
2012-10-21T09:31:32.690+0100: 140568.673: [GC 140568.673: [DefNew: 18137K->852K(19136K), 0.0061450 secs] 50752K->33540K(260032K), 0.0062570 secs] [Times: user=0.00 sys=0.00, real=0.00 secs] 
2012-10-21T09:32:18.600+0100: 140614.583: [GC 140614.583: [DefNew: 17876K->1219K(19136K), 0.0062120 secs] 50564K->33907K(260032K), 0.0063150 secs] [Times: user=0.00 sys=0.00, real=0.00 secs] 
2012-10-21T09:33:08.126+0100: 140664.109: [GC 140664.109: [DefNew: 18243K->1038K(19136K), 0.0067400 secs] 50931K->33820K(260032K), 0.0068540 secs] [Times: user=0.01 sys=0.00, real=0.01 secs] 
2012-10-21T09:33:57.662+0100: 140713.645: [GC 140713.645: [DefNew: 18062K->689K(19136K), 0.0050610 secs] 50844K->33470K(260032K), 0.0051610 secs] [Times: user=0.00 sys=0.00, real=0.00 secs] 
2012-10-21T09:34:44.324+0100: 140760.307: [GC 140760.307: [DefNew: 17713K->1132K(19136K), 0.0061580 secs] 50494K->33914K(260032K), 0.0062580 secs] [Times: user=0.00 sys=0.00, real=0.01 secs] 
2012-10-21T09:35:32.793+0100: 140808.776: [GC 140808.777: [DefNew: 18156K->1032K(19136K), 0.0058480 secs] 50938K->33814K(260032K), 0.0059540 secs] [Times: user=0.00 sys=0.00, real=0.01 secs] 
2012-10-21T09:36:22.730+0100: 140858.713: [GC 140858.713: [DefNew: 18042K->528K(19136K), 0.0051490 secs] 50824K->33310K(260032K), 0.0052470 secs] [Times: user=0.00 sys=0.01, real=0.00 secs] 
2012-10-21T09:37:07.745+0100: 140903.728: [GC 140903.728: [DefNew: 17528K->779K(19136K), 0.0058600 secs] 50310K->33561K(260032K), 0.0059630 secs] [Times: user=0.01 sys=0.00, real=0.01 secs] 
2012-10-21T09:37:57.705+0100: 140953.688: [GC 140953.688: [DefNew: 17803K->683K(19136K), 0.0051430 secs] 50585K->33465K(260032K), 0.0052530 secs] [Times: user=0.00 sys=0.00, real=0.01 secs] 
2012-10-21T09:38:44.300+0100: 141000.283: [GC 141000.283: [DefNew: 17707K->1127K(19136K), 0.0060480 secs] 50489K->33909K(260032K), 0.0061450 secs] [Times: user=0.00 sys=0.01, real=0.00 secs] 
2012-10-21T09:39:32.658+0100: 141048.641: [GC 141048.641: [DefNew: 18147K->687K(19136K), 0.0052150 secs] 50929K->33500K(260032K), 0.0053250 secs] [Times: user=0.00 sys=0.00, real=0.00 secs] 
2012-10-21T09:40:18.482+0100: 141094.465: [GC 141094.465: [DefNew: 17711K->1002K(19136K), 0.0058150 secs] 50524K->33815K(260032K), 0.0059260 secs] [Times: user=0.00 sys=0.00, real=0.01 secs] 
2012-10-21T09:41:03.185+0100: 141139.168: [GC 141139.168: [DefNew: 18026K->1249K(19136K), 0.0060210 secs] 50839K->34061K(260032K), 0.0061630 secs] [Times: user=0.01 sys=0.00, real=0.01 secs] 
2012-10-21T09:41:53.223+0100: 141189.206: [GC 141189.206: [DefNew: 18273K->928K(19136K), 0.0068420 secs] 51085K->33804K(260032K), 0.0069580 secs] [Times: user=0.01 sys=0.00, real=0.01 secs] 
2012-10-21T09:42:38.459+0100: 141234.442: [GC 141234.442: [DefNew: 17951K->1404K(19136K), 0.0066470 secs] 50828K->34281K(260032K), 0.0067500 secs] [Times: user=0.00 sys=0.00, real=0.00 secs] 
2012-10-21T09:43:27.980+0100: 141283.963: [GC 141283.963: [DefNew: 18428K->871K(19136K), 0.0068690 secs] 51305K->34057K(260032K), 0.0069700 secs] [Times: user=0.01 sys=0.00, real=0.00 secs] 
2012-10-21T09:44:12.915+0100: 141328.898: [GC 141328.898: [DefNew: 17895K->804K(19136K), 0.0058130 secs] 51081K->33990K(260032K), 0.0059180 secs] [Times: user=0.00 sys=0.00, real=0.01 secs] 
2012-10-21T09:44:58.227+0100: 141374.210: [GC 141374.210: [DefNew: 17828K->1082K(19136K), 0.0061520 secs] 51014K->34268K(260032K), 0.0062720 secs] [Times: user=0.01 sys=0.00, real=0.01 secs] 
2012-10-21T09:45:48.257+0100: 141424.240: [GC 141424.240: [DefNew: 18077K->1032K(19136K), 0.0063800 secs] 51263K->34267K(260032K), 0.0064880 secs] [Times: user=0.01 sys=0.00, real=0.01 secs] 
2012-10-21T09:46:37.899+0100: 141473.882: [GC 141473.882: [DefNew: 18056K->817K(19136K), 0.0057420 secs] 51291K->34053K(260032K), 0.0059260 secs] [Times: user=0.00 sys=0.00, real=0.00 secs] 
2012-10-21T09:47:27.900+0100: 141523.883: [GC 141523.883: [DefNew: 17819K->339K(19136K), 0.0047260 secs] 51055K->33575K(260032K), 0.0048230 secs] [Times: user=0.00 sys=0.00, real=0.00 secs] 
2012-10-21T09:48:13.312+0100: 141569.295: [GC 141569.295: [DefNew: 17363K->1030K(19136K), 0.0105460 secs] 50599K->34266K(260032K), 0.0106740 secs] [Times: user=0.01 sys=0.00, real=0.01 secs] 
2012-10-21T09:48:57.807+0100: 141613.789: [GC 141613.790: [DefNew: 18023K->1189K(19136K), 0.0068760 secs] 51259K->34425K(260032K), 0.0069820 secs] [Times: user=0.00 sys=0.00, real=0.01 secs] 
2012-10-21T09:49:47.794+0100: 141663.777: [GC 141663.777: [DefNew: 18198K->557K(19136K), 0.0072030 secs] 51434K->34012K(260032K), 0.0073430 secs] [Times: user=0.01 sys=0.00, real=0.01 secs] 
2012-10-21T09:50:37.901+0100: 141713.884: [GC 141713.884: [DefNew: 17581K->715K(19136K), 0.0056760 secs] 51036K->34170K(260032K), 0.0057870 secs] [Times: user=0.00 sys=0.00, real=0.00 secs] 
2012-10-21T09:51:23.185+0100: 141759.168: [GC 141759.168: [DefNew: 17739K->1128K(19136K), 0.0099070 secs] 51194K->34583K(260032K), 0.0100520 secs] [Times: user=0.01 sys=0.00, real=0.01 secs] 
2012-10-21T09:52:08.170+0100: 141804.153: [GC 141804.153: [DefNew: 18124K->1800K(19136K), 0.0099440 secs] 51579K->35347K(260032K), 0.0101490 secs] [Times: user=0.01 sys=0.00, real=0.01 secs] 
2012-10-21T09:52:53.273+0100: 141849.256: [GC 141849.256: [DefNew: 18824K->1009K(19136K), 0.0077390 secs] 52371K->34713K(260032K), 0.0078550 secs] [Times: user=0.00 sys=0.00, real=0.01 secs] 
2012-10-21T09:53:43.271+0100: 141899.254: [GC 141899.254: [DefNew: 18003K->784K(19136K), 0.0076620 secs] 51707K->34488K(260032K), 0.0077760 secs] [Times: user=0.01 sys=0.00, real=0.01 secs] 
2012-10-21T09:54:28.222+0100: 141944.204: [GC 141944.205: [DefNew: 17808K->1160K(19136K), 0.0060680 secs] 51512K->34863K(260032K), 0.0061740 secs] [Times: user=0.01 sys=0.00, real=0.01 secs] 
2012-10-21T09:55:17.923+0100: 141993.906: [GC 141993.906: [DefNew: 18165K->590K(19136K), 0.0052050 secs] 51869K->34357K(260032K), 0.0053080 secs] [Times: user=0.00 sys=0.00, real=0.01 secs] 
2012-10-21T09:56:03.310+0100: 142039.293: [GC 142039.293: [DefNew: 17612K->1001K(19136K), 0.0058880 secs] 51380K->34769K(260032K), 0.0059950 secs] [Times: user=0.00 sys=0.00, real=0.00 secs] 
2012-10-21T09:56:53.088+0100: 142089.071: [GC 142089.071: [DefNew: 18025K->942K(19136K), 0.0054510 secs] 51793K->34710K(260032K), 0.0055570 secs] [Times: user=0.00 sys=0.00, real=0.00 secs] 
2012-10-21T09:57:42.912+0100: 142138.895: [GC 142138.895: [DefNew: 17966K->856K(19136K), 0.0054870 secs] 51734K->34624K(260032K), 0.0055880 secs] [Times: user=0.01 sys=0.00, real=0.01 secs] 
2012-10-21T09:58:28.026+0100: 142184.009: [GC 142184.009: [DefNew: 17880K->1112K(19136K), 0.0062220 secs] 51648K->34910K(260032K), 0.0063430 secs] [Times: user=0.00 sys=0.00, real=0.01 secs] 
2012-10-21T09:59:17.980+0100: 142233.963: [GC 142233.963: [DefNew: 18107K->1038K(19136K), 0.0063640 secs] 51905K->34909K(260032K), 0.0064640 secs] [Times: user=0.00 sys=0.00, real=0.00 secs] 
2012-10-21T10:00:03.287+0100: 142279.270: [GC 142279.270: [DefNew: 18062K->1194K(19136K), 0.0064690 secs] 51933K->35065K(260032K), 0.0065820 secs] [Times: user=0.00 sys=0.00, real=0.01 secs] 
2012-10-21T10:00:52.928+0100: 142328.911: [GC 142328.911: [DefNew: 18218K->842K(19136K), 0.0059000 secs] 52089K->34778K(260032K), 0.0060010 secs] [Times: user=0.00 sys=0.00, real=0.00 secs] 
2012-10-21T10:01:42.852+0100: 142378.834: [GC 142378.835: [DefNew: 17840K->527K(19136K), 0.0049100 secs] 51776K->34463K(260032K), 0.0050060 secs] [Times: user=0.01 sys=0.00, real=0.00 secs] 
2012-10-21T10:02:33.043+0100: 142429.026: [GC 142429.026: [DefNew: 17523K->556K(19136K), 0.0058120 secs] 51459K->34492K(260032K), 0.0059160 secs] [Times: user=0.01 sys=0.00, real=0.01 secs] 
2012-10-21T10:03:17.999+0100: 142473.982: [GC 142473.982: [DefNew: 17580K->982K(19136K), 0.0058020 secs] 51516K->34918K(260032K), 0.0058950 secs] [Times: user=0.00 sys=0.01, real=0.00 secs] 
2012-10-21T10:04:08.007+0100: 142523.990: [GC 142523.990: [DefNew: 18006K->653K(19136K), 0.0050160 secs] 51942K->34589K(260032K), 0.0051450 secs] [Times: user=0.00 sys=0.00, real=0.01 secs] 
2012-10-21T10:04:54.832+0100: 142570.815: [GC 142570.815: [DefNew: 17651K->1194K(19136K), 0.0062380 secs] 51587K->35130K(260032K), 0.0063430 secs] [Times: user=0.00 sys=0.00, real=0.01 secs] 
2012-10-21T10:05:43.005+0100: 142618.988: [GC 142618.988: [DefNew: 18218K->847K(19136K), 0.0074250 secs] 52154K->34848K(260032K), 0.0075370 secs] [Times: user=0.01 sys=0.00, real=0.01 secs] 
2012-10-21T10:06:32.918+0100: 142668.901: [GC 142668.901: [DefNew: 17855K->600K(19136K), 0.0050350 secs] 51855K->34601K(260032K), 0.0051330 secs] [Times: user=0.00 sys=0.00, real=0.00 secs] 
2012-10-21T10:07:23.065+0100: 142719.048: [GC 142719.048: [DefNew: 17624K->726K(19136K), 0.0052790 secs] 51624K->34726K(260032K), 0.0053850 secs] [Times: user=0.01 sys=0.00, real=0.01 secs] 
2012-10-21T10:08:08.483+0100: 142764.466: [GC 142764.466: [DefNew: 17735K->1169K(19136K), 0.0064020 secs] 51736K->35169K(260032K), 0.0065040 secs] [Times: user=0.01 sys=0.00, real=0.01 secs] 
2012-10-21T10:08:58.055+0100: 142814.038: [GC 142814.038: [DefNew: 18193K->823K(19136K), 0.0061320 secs] 52193K->34927K(260032K), 0.0062690 secs] [Times: user=0.01 sys=0.00, real=0.01 secs] 
2012-10-21T10:09:43.371+0100: 142859.354: [GC 142859.354: [DefNew: 17847K->1305K(19136K), 0.0045230 secs] 51951K->35410K(260032K), 0.0046200 secs] [Times: user=0.00 sys=0.00, real=0.00 secs] 
2012-10-21T10:10:28.365+0100: 142904.348: [GC 142904.348: [DefNew: 18329K->1065K(19136K), 0.0072310 secs] 52434K->35369K(260032K), 0.0073410 secs] [Times: user=0.00 sys=0.00, real=0.01 secs] 
2012-10-21T10:11:17.878+0100: 142953.861: [GC 142953.861: [DefNew: 18078K->405K(19136K), 0.0052100 secs] 52382K->34835K(260032K), 0.0053190 secs] [Times: user=0.00 sys=0.00, real=0.00 secs] 
2012-10-21T10:12:03.436+0100: 142999.419: [GC 142999.419: [DefNew: 17429K->1032K(19136K), 0.0060540 secs] 51859K->35462K(260032K), 0.0061620 secs] [Times: user=0.00 sys=0.00, real=0.01 secs] 
2012-10-21T10:12:53.420+0100: 143049.403: [GC 143049.403: [DefNew: 18056K->1123K(19136K), 0.0080410 secs] 52486K->35553K(260032K), 0.0085320 secs] [Times: user=0.01 sys=0.00, real=0.01 secs] 
2012-10-21T10:13:43.251+0100: 143099.234: [GC 143099.234: [DefNew: 18143K->715K(19136K), 0.0052020 secs] 52574K->35146K(260032K), 0.0053070 secs] [Times: user=0.01 sys=0.00, real=0.00 secs] 
2012-10-21T10:14:32.888+0100: 143148.871: [GC 143148.871: [DefNew: 17720K->433K(19136K), 0.0046200 secs] 52151K->34864K(260032K), 0.0047120 secs] [Times: user=0.00 sys=0.00, real=0.00 secs] 
2012-10-21T10:15:17.989+0100: 143193.972: [GC 143193.972: [DefNew: 17457K->934K(19136K), 0.0075930 secs] 51888K->35366K(260032K), 0.0083390 secs] [Times: user=0.01 sys=0.00, real=0.01 secs] 
2012-10-21T10:16:03.371+0100: 143239.354: [GC 143239.354: [DefNew: 17958K->1169K(19136K), 0.0062730 secs] 52390K->35601K(260032K), 0.0063870 secs] [Times: user=0.00 sys=0.00, real=0.01 secs] 
2012-10-21T10:16:53.432+0100: 143289.415: [GC 143289.415: [DefNew: 18193K->1233K(19136K), 0.0077600 secs] 52625K->35690K(260032K), 0.0078830 secs] [Times: user=0.00 sys=0.00, real=0.01 secs] 
2012-10-21T10:17:43.327+0100: 143339.310: [GC 143339.310: [DefNew: 18257K->1069K(19136K), 0.0065710 secs] 52714K->35667K(260032K), 0.0066770 secs] [Times: user=0.01 sys=0.00, real=0.01 secs] 
2012-10-21T10:18:33.127+0100: 143389.110: [GC 143389.110: [DefNew: 18087K->443K(19136K), 0.0055770 secs] 52684K->35104K(260032K), 0.0056810 secs] [Times: user=0.01 sys=0.00, real=0.01 secs] 
2012-10-21T10:19:17.979+0100: 143433.962: [GC 143433.962: [DefNew: 17465K->991K(19136K), 0.0059220 secs] 52126K->35652K(260032K), 0.0060380 secs] [Times: user=0.00 sys=0.00, real=0.00 secs] 
2012-10-21T10:20:03.374+0100: 143479.357: [GC 143479.357: [DefNew: 18015K->1464K(19136K), 0.0118470 secs] 52676K->36126K(260032K), 0.0119790 secs] [Times: user=0.01 sys=0.00, real=0.01 secs] 
2012-10-21T10:20:52.984+0100: 143528.967: [GC 143528.967: [DefNew: 18488K->906K(19136K), 0.0067130 secs] 53150K->35777K(260032K), 0.0068380 secs] [Times: user=0.00 sys=0.00, real=0.01 secs] 
2012-10-21T10:21:43.024+0100: 143579.007: [GC 143579.007: [DefNew: 17930K->920K(19136K), 0.0063390 secs] 52801K->35791K(260032K), 0.0064470 secs] [Times: user=0.01 sys=0.00, real=0.01 secs] 
2012-10-21T10:22:33.340+0100: 143629.323: [GC 143629.323: [DefNew: 17944K->884K(19136K), 0.0037840 secs] 52815K->35755K(260032K), 0.0038630 secs] [Times: user=0.00 sys=0.00, real=0.00 secs] 
2012-10-21T10:23:22.993+0100: 143678.976: [GC 143678.976: [DefNew: 17890K->403K(19136K), 0.0051840 secs] 52761K->35275K(260032K), 0.0052850 secs] [Times: user=0.01 sys=0.00, real=0.01 secs] 
2012-10-21T10:24:08.117+0100: 143724.100: [GC 143724.100: [DefNew: 17427K->886K(19136K), 0.0080850 secs] 52299K->35759K(260032K), 0.0082140 secs] [Times: user=0.00 sys=0.00, real=0.01 secs] 
2012-10-21T10:24:58.255+0100: 143774.238: [GC 143774.238: [DefNew: 17890K->463K(19136K), 0.0047300 secs] 52763K->35335K(260032K), 0.0048290 secs] [Times: user=0.00 sys=0.00, real=0.01 secs] 
2012-10-21T10:25:43.453+0100: 143819.436: [GC 143819.436: [DefNew: 17487K->1127K(19136K), 0.0091910 secs] 52359K->35999K(260032K), 0.0093450 secs] [Times: user=0.00 sys=0.00, real=0.01 secs] 
2012-10-21T10:26:33.147+0100: 143869.130: [GC 143869.130: [DefNew: 18151K->1073K(19136K), 0.0060510 secs] 53023K->35946K(260032K), 0.0061580 secs] [Times: user=0.00 sys=0.00, real=0.01 secs] 
2012-10-21T10:27:23.405+0100: 143919.388: [GC 143919.388: [DefNew: 18097K->794K(19136K), 0.0078690 secs] 52969K->35867K(260032K), 0.0083810 secs] [Times: user=0.00 sys=0.00, real=0.01 secs] 
2012-10-21T10:28:08.479+0100: 143964.462: [GC 143964.462: [DefNew: 17818K->1766K(19136K), 0.0078760 secs] 52891K->36839K(260032K), 0.0080170 secs] [Times: user=0.00 sys=0.00, real=0.00 secs] 
2012-10-21T10:28:54.149+0100: 144010.132: [GC 144010.132: [DefNew: 18789K->1017K(19136K), 0.0076800 secs] 53862K->36309K(260032K), 0.0077910 secs] [Times: user=0.01 sys=0.00, real=0.00 secs] 
2012-10-21T10:29:28.366+0100: 144044.349: [GC 144044.349: [DefNew: 18041K->981K(19136K), 0.0156340 secs] 53333K->36274K(260032K), 0.0157660 secs] [Times: user=0.00 sys=0.00, real=0.02 secs] 
2012-10-21T10:30:13.455+0100: 144089.438: [GC 144089.438: [DefNew: 18005K->1142K(19136K), 0.0102850 secs] 53298K->36434K(260032K), 0.0104110 secs] [Times: user=0.00 sys=0.00, real=0.01 secs] 
2012-10-21T10:31:03.505+0100: 144139.488: [GC 144139.488: [DefNew: 18166K->911K(19136K), 0.0063890 secs] 53458K->36332K(260032K), 0.0064960 secs] [Times: user=0.01 sys=0.00, real=0.01 secs] 
2012-10-21T10:31:53.510+0100: 144189.493: [GC 144189.493: [DefNew: 17935K->996K(19136K), 0.0057420 secs] 53356K->36418K(260032K), 0.0058450 secs] [Times: user=0.00 sys=0.00, real=0.00 secs] 
2012-10-21T10:32:43.432+0100: 144239.415: [GC 144239.415: [DefNew: 18017K->914K(19136K), 0.0103030 secs] 53438K->36335K(260032K), 0.0104310 secs] [Times: user=0.01 sys=0.00, real=0.01 secs] 
2012-10-21T10:33:33.380+0100: 144289.363: [GC 144289.363: [DefNew: 17938K->838K(19136K), 0.0056320 secs] 53359K->36259K(260032K), 0.0057480 secs] [Times: user=0.01 sys=0.00, real=0.00 secs] 
2012-10-21T10:34:18.185+0100: 144334.168: [GC 144334.168: [DefNew: 17858K->965K(19136K), 0.0055280 secs] 53279K->36386K(260032K), 0.0056400 secs] [Times: user=0.00 sys=0.00, real=0.01 secs] 
2012-10-21T10:35:03.708+0100: 144379.691: [GC 144379.691: [DefNew: 17989K->1098K(19136K), 0.0060910 secs] 53410K->36549K(260032K), 0.0061930 secs] [Times: user=0.00 sys=0.00, real=0.00 secs] 
2012-10-21T10:35:53.157+0100: 144429.140: [GC 144429.140: [DefNew: 18116K->883K(19136K), 0.0059900 secs] 53567K->36396K(260032K), 0.0060910 secs] [Times: user=0.01 sys=0.00, real=0.01 secs] 
2012-10-21T10:36:38.569+0100: 144474.552: [GC 144474.552: [DefNew: 17907K->1296K(19136K), 0.0072180 secs] 53420K->36809K(260032K), 0.0073240 secs] [Times: user=0.01 sys=0.00, real=0.00 secs] 
2012-10-21T10:37:28.297+0100: 144524.280: [GC 144524.280: [DefNew: 18320K->917K(19136K), 0.0118840 secs] 53833K->36724K(260032K), 0.0121270 secs] [Times: user=0.01 sys=0.00, real=0.02 secs] 
2012-10-21T10:38:13.469+0100: 144569.452: [GC 144569.452: [DefNew: 17941K->1109K(19136K), 0.0060260 secs] 53748K->36915K(260032K), 0.0061360 secs] [Times: user=0.00 sys=0.00, real=0.00 secs] 
2012-10-21T10:39:03.295+0100: 144619.278: [GC 144619.278: [DefNew: 18117K->970K(19136K), 0.0061600 secs] 53923K->36778K(260032K), 0.0062650 secs] [Times: user=0.01 sys=0.00, real=0.01 secs] 
2012-10-21T10:39:53.287+0100: 144669.270: [GC 144669.270: [DefNew: 17989K->782K(19136K), 0.0055170 secs] 53797K->36590K(260032K), 0.0056150 secs] [Times: user=0.00 sys=0.00, real=0.00 secs] 
2012-10-21T10:40:38.729+0100: 144714.712: [GC 144714.712: [DefNew: 17806K->1095K(19136K), 0.0059170 secs] 53614K->36903K(260032K), 0.0060190 secs] [Times: user=0.01 sys=0.00, real=0.00 secs] 
2012-10-21T10:41:28.278+0100: 144764.261: [GC 144764.261: [DefNew: 18119K->758K(19136K), 0.0057000 secs] 53927K->36628K(260032K), 0.0057980 secs] [Times: user=0.00 sys=0.00, real=0.00 secs] 
2012-10-21T10:42:18.440+0100: 144814.423: [GC 144814.423: [DefNew: 17767K->599K(19136K), 0.0070780 secs] 53637K->36469K(260032K), 0.0071850 secs] [Times: user=0.00 sys=0.00, real=0.00 secs] 
2012-10-21T10:43:03.854+0100: 144859.837: [GC 144859.837: [DefNew: 17623K->1243K(19136K), 0.0063700 secs] 53493K->37113K(260032K), 0.0064800 secs] [Times: user=0.01 sys=0.00, real=0.01 secs] 
2012-10-21T10:43:53.496+0100: 144909.479: [GC 144909.479: [DefNew: 18249K->907K(19136K), 0.0060040 secs] 54119K->36850K(260032K), 0.0061060 secs] [Times: user=0.01 sys=0.00, real=0.01 secs] 
2012-10-21T10:44:41.122+0100: 144957.105: [GC 144957.105: [DefNew: 17931K->457K(19136K), 0.0046960 secs] 53874K->36401K(260032K), 0.0047910 secs] [Times: user=0.01 sys=0.00, real=0.00 secs] 
2012-10-21T10:45:28.223+0100: 145004.206: [GC 145004.206: [DefNew: 17466K->1001K(19136K), 0.0057990 secs] 53410K->36945K(260032K), 0.0059050 secs] [Times: user=0.01 sys=0.00, real=0.01 secs] 
2012-10-21T10:46:16.728+0100: 145052.711: [GC 145052.712: [DefNew: 18025K->426K(19136K), 0.0046470 secs] 53969K->36400K(260032K), 0.0047470 secs] [Times: user=0.00 sys=0.00, real=0.00 secs] 
2012-10-21T10:47:03.240+0100: 145099.223: [GC 145099.223: [DefNew: 17450K->914K(19136K), 0.0109640 secs] 53424K->36888K(260032K), 0.0110800 secs] [Times: user=0.01 sys=0.00, real=0.01 secs] 
2012-10-21T10:47:53.389+0100: 145149.372: [GC 145149.372: [DefNew: 17926K->686K(19136K), 0.0051150 secs] 53900K->36660K(260032K), 0.0052130 secs] [Times: user=0.00 sys=0.00, real=0.00 secs] 
2012-10-21T10:48:39.000+0100: 145194.983: [GC 145194.983: [DefNew: 17710K->1068K(19136K), 0.0059060 secs] 53684K->37043K(260032K), 0.0060060 secs] [Times: user=0.01 sys=0.00, real=0.00 secs] 
2012-10-21T10:49:28.291+0100: 145244.274: [GC 145244.274: [DefNew: 18066K->873K(19136K), 0.0065560 secs] 54040K->36910K(260032K), 0.0068190 secs] [Times: user=0.01 sys=0.00, real=0.01 secs] 
2012-10-21T10:50:18.203+0100: 145294.186: [GC 145294.186: [DefNew: 17897K->335K(19136K), 0.0044780 secs] 53934K->36372K(260032K), 0.0045710 secs] [Times: user=0.01 sys=0.00, real=0.01 secs] 
2012-10-21T10:51:03.144+0100: 145339.127: [GC 145339.127: [DefNew: 17359K->910K(19136K), 0.0056410 secs] 53396K->36947K(260032K), 0.0057430 secs] [Times: user=0.01 sys=0.00, real=0.01 secs] 
2012-10-21T10:51:53.144+0100: 145389.127: [GC 145389.127: [DefNew: 17934K->592K(19136K), 0.0056120 secs] 53971K->36630K(260032K), 0.0057100 secs] [Times: user=0.00 sys=0.01, real=0.01 secs] 
2012-10-21T10:52:43.392+0100: 145439.375: [GC 145439.375: [DefNew: 17616K->501K(19136K), 0.0047350 secs] 53654K->36538K(260032K), 0.0048280 secs] [Times: user=0.00 sys=0.00, real=0.00 secs] 
2012-10-21T10:53:28.759+0100: 145484.742: [GC 145484.742: [DefNew: 17525K->1099K(19136K), 0.0061590 secs] 53562K->37136K(260032K), 0.0062730 secs] [Times: user=0.00 sys=0.00, real=0.00 secs] 
2012-10-21T10:54:18.221+0100: 145534.204: [GC 145534.204: [DefNew: 18092K->560K(19136K), 0.0049960 secs] 54129K->36598K(260032K), 0.0050960 secs] [Times: user=0.01 sys=0.00, real=0.00 secs] 
2012-10-21T10:55:03.356+0100: 145579.339: [GC 145579.339: [DefNew: 17584K->908K(19136K), 0.0076750 secs] 53622K->36946K(260032K), 0.0077970 secs] [Times: user=0.00 sys=0.00, real=0.01 secs] 
2012-10-21T10:55:53.282+0100: 145629.265: [GC 145629.265: [DefNew: 17932K->780K(19136K), 0.0060920 secs] 53970K->36818K(260032K), 0.0061950 secs] [Times: user=0.01 sys=0.00, real=0.01 secs] 
2012-10-21T10:56:38.376+0100: 145674.359: [GC 145674.359: [DefNew: 17804K->914K(19136K), 0.0056740 secs] 53842K->36951K(260032K), 0.0057820 secs] [Times: user=0.01 sys=0.00, real=0.01 secs] 
2012-10-21T10:57:28.264+0100: 145724.247: [GC 145724.247: [DefNew: 17938K->430K(19136K), 0.0049240 secs] 53975K->36467K(260032K), 0.0050230 secs] [Times: user=0.01 sys=0.00, real=0.01 secs] 
2012-10-21T10:58:13.757+0100: 145769.740: [GC 145769.740: [DefNew: 17454K->1139K(19136K), 0.0061720 secs] 53491K->37177K(260032K), 0.0062890 secs] [Times: user=0.01 sys=0.00, real=0.01 secs] 
2012-10-21T10:59:03.330+0100: 145819.313: [GC 145819.313: [DefNew: 18163K->762K(19136K), 0.0053980 secs] 54201K->36829K(260032K), 0.0055520 secs] [Times: user=0.01 sys=0.00, real=0.00 secs] 
2012-10-21T10:59:48.780+0100: 145864.763: [GC 145864.763: [DefNew: 17786K->1204K(19136K), 0.0065670 secs] 53853K->37272K(260032K), 0.0066830 secs] [Times: user=0.00 sys=0.00, real=0.00 secs] 
2012-10-21T11:00:38.691+0100: 145914.674: [GC 145914.674: [DefNew: 18228K->1009K(19136K), 0.0066120 secs] 54296K->37213K(260032K), 0.0067280 secs] [Times: user=0.01 sys=0.00, real=0.01 secs] 
2012-10-21T11:01:28.553+0100: 145964.535: [GC 145964.536: [DefNew: 18021K->783K(19136K), 0.0058800 secs] 54224K->36986K(260032K), 0.0059910 secs] [Times: user=0.01 sys=0.00, real=0.01 secs] 
2012-10-21T11:02:18.499+0100: 146014.482: [GC 146014.482: [DefNew: 17800K->400K(19136K), 0.0045950 secs] 54004K->36604K(260032K), 0.0046860 secs] [Times: user=0.00 sys=0.01, real=0.00 secs] 
2012-10-21T11:03:03.452+0100: 146059.435: [GC 146059.435: [DefNew: 17424K->1001K(19136K), 0.0059320 secs] 53628K->37205K(260032K), 0.0060460 secs] [Times: user=0.00 sys=0.00, real=0.01 secs] 
2012-10-21T11:03:53.400+0100: 146109.383: [GC 146109.383: [DefNew: 18025K->720K(19136K), 0.0051630 secs] 54229K->36924K(260032K), 0.0052670 secs] [Times: user=0.00 sys=0.00, real=0.00 secs] 
2012-10-21T11:04:43.520+0100: 146159.503: [GC 146159.503: [DefNew: 17713K->400K(19136K), 0.0048460 secs] 53917K->36603K(260032K), 0.0049440 secs] [Times: user=0.01 sys=0.00, real=0.00 secs] 
2012-10-21T11:05:28.601+0100: 146204.584: [GC 146204.584: [DefNew: 17394K->875K(19136K), 0.0055240 secs] 53598K->37078K(260032K), 0.0056210 secs] [Times: user=0.00 sys=0.00, real=0.00 secs] 
2012-10-21T11:06:18.470+0100: 146254.453: [GC 146254.453: [DefNew: 17895K->695K(19136K), 0.0052020 secs] 54099K->36899K(260032K), 0.0058280 secs] [Times: user=0.00 sys=0.00, real=0.00 secs] 
2012-10-21T11:07:03.521+0100: 146299.504: [GC 146299.504: [DefNew: 17719K->989K(19136K), 0.0039850 secs] 53923K->37192K(260032K), 0.0040680 secs] [Times: user=0.00 sys=0.00, real=0.00 secs] 
2012-10-21T11:07:48.782+0100: 146344.765: [GC 146344.765: [DefNew: 18012K->1260K(19136K), 0.0045100 secs] 54216K->37464K(260032K), 0.0046000 secs] [Times: user=0.00 sys=0.00, real=0.00 secs] 
2012-10-21T11:08:38.415+0100: 146394.398: [GC 146394.398: [DefNew: 18279K->788K(19136K), 0.0064210 secs] 54483K->37220K(260032K), 0.0065390 secs] [Times: user=0.01 sys=0.00, real=0.01 secs] 
2012-10-21T11:09:23.836+0100: 146439.819: [GC 146439.819: [DefNew: 17812K->1003K(19136K), 0.0058990 secs] 54244K->37435K(260032K), 0.0059960 secs] [Times: user=0.00 sys=0.00, real=0.01 secs] 
2012-10-21T11:10:13.561+0100: 146489.544: [GC 146489.544: [DefNew: 18027K->914K(19136K), 0.0062380 secs] 54459K->37346K(260032K), 0.0063450 secs] [Times: user=0.00 sys=0.00, real=0.00 secs] 
2012-10-21T11:11:03.564+0100: 146539.547: [GC 146539.547: [DefNew: 17934K->473K(19136K), 0.0063370 secs] 54367K->36905K(260032K), 0.0071200 secs] [Times: user=0.00 sys=0.00, real=0.01 secs] 
2012-10-21T11:11:48.968+0100: 146584.951: [GC 146584.951: [DefNew: 17497K->1160K(19136K), 0.0059630 secs] 53929K->37592K(260032K), 0.0060670 secs] [Times: user=0.01 sys=0.00, real=0.00 secs] 
2012-10-21T11:12:38.573+0100: 146634.556: [GC 146634.556: [DefNew: 18184K->752K(19136K), 0.0058840 secs] 54616K->37310K(260032K), 0.0059900 secs] [Times: user=0.01 sys=0.00, real=0.01 secs] 
2012-10-21T11:13:23.892+0100: 146679.875: [GC 146679.875: [DefNew: 17765K->968K(19136K), 0.0057000 secs] 54323K->37526K(260032K), 0.0058580 secs] [Times: user=0.01 sys=0.00, real=0.01 secs] 
2012-10-21T11:14:08.847+0100: 146724.830: [GC 146724.830: [DefNew: 17992K->1260K(19136K), 0.0068170 secs] 54550K->37818K(260032K), 0.0069730 secs] [Times: user=0.01 sys=0.00, real=0.01 secs] 
2012-10-21T11:14:58.459+0100: 146774.442: [GC 146774.442: [DefNew: 18284K->878K(19136K), 0.0064070 secs] 54842K->37625K(260032K), 0.0065350 secs] [Times: user=0.00 sys=0.00, real=0.00 secs] 
2012-10-21T11:15:48.538+0100: 146824.521: [GC 146824.521: [DefNew: 17902K->880K(19136K), 0.0055490 secs] 54649K->37627K(260032K), 0.0056490 secs] [Times: user=0.00 sys=0.01, real=0.00 secs] 
2012-10-21T11:16:38.458+0100: 146874.441: [GC 146874.441: [DefNew: 17878K->432K(19136K), 0.0046570 secs] 54625K->37179K(260032K), 0.0047530 secs] [Times: user=0.01 sys=0.00, real=0.00 secs] 
2012-10-21T11:17:23.943+0100: 146919.926: [GC 146919.926: [DefNew: 17456K->1102K(19136K), 0.0063840 secs] 54203K->37849K(260032K), 0.0064890 secs] [Times: user=0.01 sys=0.00, real=0.01 secs] 
2012-10-21T11:18:13.675+0100: 146969.658: [GC 146969.658: [DefNew: 18126K->885K(19136K), 0.0054980 secs] 54873K->37632K(260032K), 0.0055990 secs] [Times: user=0.01 sys=0.00, real=0.01 secs] 
2012-10-21T11:18:58.490+0100: 147014.473: [GC 147014.473: [DefNew: 17897K->789K(19136K), 0.0055000 secs] 54644K->37536K(260032K), 0.0055990 secs] [Times: user=0.01 sys=0.00, real=0.00 secs] 
2012-10-21T11:19:48.491+0100: 147064.474: [GC 147064.474: [DefNew: 17796K->825K(19136K), 0.0111400 secs] 54543K->37572K(260032K), 0.0112860 secs] [Times: user=0.00 sys=0.01, real=0.01 secs] 
2012-10-21T11:20:38.552+0100: 147114.535: [GC 147114.535: [DefNew: 17845K->588K(19136K), 0.0049130 secs] 54592K->37335K(260032K), 0.0050080 secs] [Times: user=0.01 sys=0.00, real=0.00 secs] 
2012-10-21T11:21:23.634+0100: 147159.617: [GC 147159.617: [DefNew: 17612K->982K(19136K), 0.0061570 secs] 54359K->37802K(260032K), 0.0062600 secs] [Times: user=0.01 sys=0.00, real=0.01 secs] 
2012-10-21T11:22:13.505+0100: 147209.488: [GC 147209.489: [DefNew: 18000K->946K(19136K), 0.0090230 secs] 54820K->37766K(260032K), 0.0091620 secs] [Times: user=0.00 sys=0.00, real=0.01 secs] 
2012-10-21T11:22:57.031+0100: 147253.014: [GC 147253.014: [DefNew: 17970K->1079K(19136K), 0.0058590 secs] 54790K->37900K(260032K), 0.0059560 secs] [Times: user=0.00 sys=0.00, real=0.00 secs] 
2012-10-21T11:23:44.360+0100: 147300.343: [GC 147300.343: [DefNew: 18103K->1128K(19136K), 0.0067410 secs] 54924K->38052K(260032K), 0.0068470 secs] [Times: user=0.00 sys=0.00, real=0.00 secs] 
2012-10-21T11:24:34.085+0100: 147350.068: [GC 147350.068: [DefNew: 18152K->1094K(19136K), 0.0066700 secs] 55076K->38173K(260032K), 0.0067780 secs] [Times: user=0.00 sys=0.00, real=0.01 secs] 
2012-10-21T11:25:21.002+0100: 147396.985: [GC 147396.986: [DefNew: 18118K->980K(19136K), 0.0042760 secs] 55197K->38186K(260032K), 0.0043590 secs] [Times: user=0.00 sys=0.00, real=0.00 secs] 
2012-10-21T11:26:08.579+0100: 147444.561: [GC 147444.562: [DefNew: 17982K->750K(19136K), 0.0052360 secs] 55187K->37956K(260032K), 0.0053360 secs] [Times: user=0.00 sys=0.00, real=0.00 secs] 
2012-10-21T11:26:58.675+0100: 147494.658: [GC 147494.658: [DefNew: 17774K->630K(19136K), 0.0050990 secs] 54979K->37836K(260032K), 0.0051960 secs] [Times: user=0.01 sys=0.00, real=0.01 secs] 
2012-10-21T11:27:46.103+0100: 147542.086: [GC 147542.087: [DefNew: 17643K->914K(19136K), 0.0054760 secs] 54849K->38119K(260032K), 0.0055750 secs] [Times: user=0.00 sys=0.00, real=0.01 secs] 
2012-10-21T11:28:33.652+0100: 147589.635: [GC 147589.635: [DefNew: 17938K->1015K(19136K), 0.0065240 secs] 55143K->38251K(260032K), 0.0066280 secs] [Times: user=0.00 sys=0.00, real=0.01 secs] 
2012-10-21T11:28:59.012+0100: 147614.995: [GC 147614.995: [DefNew: 18039K->1361K(19136K), 0.0066400 secs] 55275K->38597K(260032K), 0.0067580 secs] [Times: user=0.01 sys=0.00, real=0.01 secs] 
2012-10-21T11:29:48.945+0100: 147664.928: [GC 147664.928: [DefNew: 18385K->1032K(19136K), 0.0069150 secs] 55621K->38471K(260032K), 0.0070280 secs] [Times: user=0.00 sys=0.00, real=0.01 secs] 
2012-10-21T11:30:38.658+0100: 147714.641: [GC 147714.641: [DefNew: 18056K->856K(19136K), 0.0054150 secs] 55495K->38296K(260032K), 0.0055130 secs] [Times: user=0.00 sys=0.00, real=0.00 secs] 
2012-10-21T11:31:23.932+0100: 147759.915: [GC 147759.915: [DefNew: 17880K->1304K(19136K), 0.0065740 secs] 55320K->38743K(260032K), 0.0066830 secs] [Times: user=0.01 sys=0.00, real=0.01 secs] 
2012-10-21T11:32:13.603+0100: 147809.586: [GC 147809.586: [DefNew: 18298K->873K(19136K), 0.0070530 secs] 55737K->38556K(260032K), 0.0071590 secs] [Times: user=0.01 sys=0.00, real=0.01 secs] 
2012-10-21T11:32:58.597+0100: 147854.580: [GC 147854.580: [DefNew: 17897K->1187K(19136K), 0.0066620 secs] 55580K->38869K(260032K), 0.0067780 secs] [Times: user=0.01 sys=0.00, real=0.01 secs] 
2012-10-21T11:33:48.679+0100: 147904.662: [GC 147904.662: [DefNew: 18181K->591K(19136K), 0.0056210 secs] 55863K->38336K(260032K), 0.0062220 secs] [Times: user=0.00 sys=0.00, real=0.00 secs] 
2012-10-21T11:34:38.692+0100: 147954.675: [GC 147954.675: [DefNew: 17602K->682K(19136K), 0.0055010 secs] 55347K->38427K(260032K), 0.0061070 secs] [Times: user=0.00 sys=0.00, real=0.01 secs] 
2012-10-21T11:35:23.808+0100: 147999.791: [GC 147999.791: [DefNew: 17706K->966K(19136K), 0.0067700 secs] 55451K->38711K(260032K), 0.0069210 secs] [Times: user=0.00 sys=0.01, real=0.00 secs] 
2012-10-21T11:36:13.812+0100: 148049.795: [GC 148049.795: [DefNew: 17990K->774K(19136K), 0.0095920 secs] 55735K->38518K(260032K), 0.0097140 secs] [Times: user=0.00 sys=0.00, real=0.01 secs] 
2012-10-21T11:36:58.856+0100: 148094.839: [GC 148094.839: [DefNew: 17798K->1349K(19136K), 0.0067740 secs] 55542K->39094K(260032K), 0.0068800 secs] [Times: user=0.00 sys=0.00, real=0.01 secs] 
2012-10-21T11:37:46.329+0100: 148142.312: [GC 148142.312: [DefNew: 18373K->812K(19136K), 0.0068230 secs] 56118K->38806K(260032K), 0.0069240 secs] [Times: user=0.00 sys=0.01, real=0.00 secs] 
2012-10-21T11:38:33.732+0100: 148189.715: [GC 148189.715: [DefNew: 17836K->878K(19136K), 0.0064040 secs] 55830K->38872K(260032K), 0.0065040 secs] [Times: user=0.01 sys=0.00, real=0.01 secs] 
2012-10-21T11:39:23.659+0100: 148239.642: [GC 148239.642: [DefNew: 17894K->440K(19136K), 0.0048850 secs] 55888K->38434K(260032K), 0.0049880 secs] [Times: user=0.01 sys=0.00, real=0.00 secs] 
2012-10-21T11:40:08.789+0100: 148284.772: [GC 148284.772: [DefNew: 17464K->812K(19136K), 0.0056690 secs] 55458K->38808K(260032K), 0.0057690 secs] [Times: user=0.00 sys=0.00, real=0.00 secs] 
2012-10-21T11:40:53.681+0100: 148329.664: [GC 148329.664: [DefNew: 17836K->1095K(19136K), 0.0125770 secs] 55832K->39091K(260032K), 0.0126940 secs] [Times: user=0.01 sys=0.00, real=0.01 secs] 
2012-10-21T11:41:39.015+0100: 148374.998: [GC 148374.998: [DefNew: 18119K->1002K(19136K), 0.0066350 secs] 56115K->39091K(260032K), 0.0067480 secs] [Times: user=0.01 sys=0.00, real=0.01 secs] 
2012-10-21T11:42:28.656+0100: 148424.639: [GC 148424.639: [DefNew: 18026K->984K(19136K), 0.0059780 secs] 56115K->39073K(260032K), 0.0060900 secs] [Times: user=0.01 sys=0.00, real=0.01 secs] 
2012-10-21T11:43:14.417+0100: 148470.399: [GC 148470.400: [DefNew: 17984K->1195K(19136K), 0.0066530 secs] 56073K->39284K(260032K), 0.0067700 secs] [Times: user=0.00 sys=0.00, real=0.01 secs] 
2012-10-21T11:44:04.178+0100: 148520.161: [GC 148520.161: [DefNew: 18219K->908K(19136K), 0.0069860 secs] 56308K->39224K(260032K), 0.0071050 secs] [Times: user=0.00 sys=0.00, real=0.00 secs] 
2012-10-21T11:44:53.803+0100: 148569.786: [GC 148569.786: [DefNew: 17903K->470K(19136K), 0.0048790 secs] 56219K->38786K(260032K), 0.0054900 secs] [Times: user=0.00 sys=0.00, real=0.01 secs] 
2012-10-21T11:45:39.038+0100: 148615.020: [GC 148615.021: [DefNew: 17494K->1125K(19136K), 0.0061950 secs] 55810K->39441K(260032K), 0.0063370 secs] [Times: user=0.00 sys=0.00, real=0.00 secs] 
2012-10-21T11:46:29.086+0100: 148665.069: [GC 148665.069: [DefNew: 18149K->1003K(19136K), 0.0061870 secs] 56465K->39384K(260032K), 0.0063100 secs] [Times: user=0.01 sys=0.00, real=0.01 secs] 
2012-10-21T11:47:18.751+0100: 148714.733: [GC 148714.734: [DefNew: 18026K->432K(19136K), 0.0046040 secs] 56407K->38813K(260032K), 0.0046970 secs] [Times: user=0.00 sys=0.00, real=0.00 secs] 
2012-10-21T11:48:03.837+0100: 148759.820: [GC 148759.820: [DefNew: 17456K->820K(19136K), 0.0058290 secs] 55837K->39201K(260032K), 0.0059330 secs] [Times: user=0.01 sys=0.00, real=0.01 secs] 
2012-10-21T11:48:49.363+0100: 148805.346: [GC 148805.346: [DefNew: 17844K->1350K(19136K), 0.0063580 secs] 56225K->39731K(260032K), 0.0064640 secs] [Times: user=0.01 sys=0.00, real=0.01 secs] 
2012-10-21T11:49:38.681+0100: 148854.664: [GC 148854.664: [DefNew: 18366K->786K(19136K), 0.0060320 secs] 56747K->39323K(260032K), 0.0061510 secs] [Times: user=0.00 sys=0.00, real=0.00 secs] 
2012-10-21T11:50:24.255+0100: 148900.238: [GC 148900.238: [DefNew: 17779K->1033K(19136K), 0.0104640 secs] 56316K->39570K(260032K), 0.0106030 secs] [Times: user=0.00 sys=0.00, real=0.01 secs] 
2012-10-21T11:51:14.024+0100: 148950.007: [GC 148950.007: [DefNew: 18057K->949K(19136K), 0.0059120 secs] 56594K->39486K(260032K), 0.0060080 secs] [Times: user=0.00 sys=0.00, real=0.01 secs] 
2012-10-21T11:51:58.675+0100: 148994.658: [GC 148994.658: [DefNew: 17955K->1010K(19136K), 0.0074080 secs] 56492K->39548K(260032K), 0.0081840 secs] [Times: user=0.00 sys=0.00, real=0.01 secs] 
2012-10-21T11:52:46.290+0100: 149042.272: [GC 149042.273: [DefNew: 18034K->988K(19136K), 0.0060260 secs] 56572K->39525K(260032K), 0.0061260 secs] [Times: user=0.00 sys=0.00, real=0.00 secs] 
2012-10-21T11:53:34.154+0100: 149090.137: [GC 149090.137: [DefNew: 18012K->1190K(19136K), 0.0069040 secs] 56549K->39727K(260032K), 0.0070090 secs] [Times: user=0.01 sys=0.00, real=0.01 secs] 
2012-10-21T11:54:23.694+0100: 149139.677: [GC 149139.677: [DefNew: 18214K->556K(19136K), 0.0054000 secs] 56751K->39167K(260032K), 0.0055100 secs] [Times: user=0.00 sys=0.00, real=0.01 secs] 
2012-10-21T11:55:08.802+0100: 149184.785: [GC 149184.785: [DefNew: 17580K->935K(19136K), 0.0056440 secs] 56191K->39546K(260032K), 0.0057470 secs] [Times: user=0.01 sys=0.00, real=0.01 secs] 
2012-10-21T11:55:58.675+0100: 149234.658: [GC 149234.658: [DefNew: 17959K->502K(19136K), 0.0054790 secs] 56570K->39113K(260032K), 0.0055760 secs] [Times: user=0.01 sys=0.00, real=0.01 secs] 
2012-10-21T11:56:44.693+0100: 149280.676: [GC 149280.676: [DefNew: 17526K->1182K(19136K), 0.0058990 secs] 56137K->39793K(260032K), 0.0060030 secs] [Times: user=0.01 sys=0.00, real=0.01 secs] 
2012-10-21T11:57:34.272+0100: 149330.255: [GC 149330.255: [DefNew: 18206K->1170K(19136K), 0.0073930 secs] 56817K->39936K(260032K), 0.0075420 secs] [Times: user=0.01 sys=0.00, real=0.01 secs] 
2012-10-21T11:58:23.751+0100: 149379.734: [GC 149379.734: [DefNew: 18194K->500K(19136K), 0.0090800 secs] 56960K->39403K(260032K), 0.0091890 secs] [Times: user=0.00 sys=0.00, real=0.01 secs] 
2012-10-21T11:59:09.123+0100: 149425.106: [GC 149425.106: [DefNew: 17524K->823K(19136K), 0.0065740 secs] 56427K->39726K(260032K), 0.0067040 secs] [Times: user=0.00 sys=0.00, real=0.01 secs] 
2012-10-21T11:59:54.995+0100: 149470.978: [GC 149470.978: [DefNew: 17847K->1183K(19136K), 0.0042020 secs] 56750K->40086K(260032K), 0.0042920 secs] [Times: user=0.00 sys=0.00, real=0.01 secs] 
2012-10-21T12:00:43.854+0100: 149519.837: [GC 149519.837: [DefNew: 18207K->944K(19136K), 0.0060740 secs] 57110K->39878K(260032K), 0.0061790 secs] [Times: user=0.00 sys=0.00, real=0.01 secs] 
2012-10-21T12:01:29.177+0100: 149565.160: [GC 149565.160: [DefNew: 17947K->1127K(19136K), 0.0064510 secs] 56881K->40061K(260032K), 0.0065950 secs] [Times: user=0.00 sys=0.00, real=0.01 secs] 
2012-10-21T12:02:18.825+0100: 149614.808: [GC 149614.809: [DefNew: 18151K->792K(19136K), 0.0062670 secs] 57085K->39788K(260032K), 0.0063800 secs] [Times: user=0.01 sys=0.00, real=0.01 secs] 
2012-10-21T12:03:04.625+0100: 149660.608: [GC 149660.608: [DefNew: 17816K->1129K(19136K), 0.0060260 secs] 56812K->40125K(260032K), 0.0061350 secs] [Times: user=0.00 sys=0.00, real=0.01 secs] 
2012-10-21T12:03:53.868+0100: 149709.851: [GC 149709.851: [DefNew: 18153K->884K(19136K), 0.0058650 secs] 57149K->39942K(260032K), 0.0059660 secs] [Times: user=0.00 sys=0.00, real=0.00 secs] 
2012-10-21T12:04:43.957+0100: 149759.940: [GC 149759.940: [DefNew: 17908K->560K(19136K), 0.0049560 secs] 56966K->39619K(260032K), 0.0050520 secs] [Times: user=0.01 sys=0.00, real=0.01 secs] 
2012-10-21T12:05:29.085+0100: 149805.068: [GC 149805.068: [DefNew: 17584K->1061K(19136K), 0.0059020 secs] 56643K->40119K(260032K), 0.0060000 secs] [Times: user=0.01 sys=0.00, real=0.01 secs] 
2012-10-21T12:06:18.839+0100: 149854.822: [GC 149854.822: [DefNew: 18085K->696K(19136K), 0.0059550 secs] 57143K->39818K(260032K), 0.0060630 secs] [Times: user=0.00 sys=0.00, real=0.00 secs] 
2012-10-21T12:07:08.825+0100: 149904.808: [GC 149904.808: [DefNew: 17688K->412K(19136K), 0.0045560 secs] 56810K->39534K(260032K), 0.0046480 secs] [Times: user=0.00 sys=0.00, real=0.01 secs] 
2012-10-21T12:07:53.913+0100: 149949.896: [GC 149949.896: [DefNew: 17417K->818K(19136K), 0.0053810 secs] 56539K->39939K(260032K), 0.0054810 secs] [Times: user=0.00 sys=0.00, real=0.01 secs] 
2012-10-21T12:08:39.499+0100: 149995.482: [GC 149995.482: [DefNew: 17842K->1109K(19136K), 0.0060370 secs] 56963K->40231K(260032K), 0.0061320 secs] [Times: user=0.00 sys=0.00, real=0.00 secs] 
2012-10-21T12:09:29.140+0100: 150045.123: [GC 150045.123: [DefNew: 18103K->1001K(19136K), 0.0063410 secs] 57225K->40227K(260032K), 0.0064500 secs] [Times: user=0.01 sys=0.00, real=0.00 secs] 
2012-10-21T12:10:14.235+0100: 150090.218: [GC 150090.218: [DefNew: 18025K->1135K(19136K), 0.0069070 secs] 57251K->40361K(260032K), 0.0070490 secs] [Times: user=0.01 sys=0.00, real=0.01 secs] 
2012-10-21T12:11:03.892+0100: 150139.875: [GC 150139.875: [DefNew: 18159K->856K(19136K), 0.0061490 secs] 57385K->40144K(260032K), 0.0062710 secs] [Times: user=0.01 sys=0.00, real=0.01 secs] 
2012-10-21T12:11:53.981+0100: 150189.964: [GC 150189.964: [DefNew: 17880K->880K(19136K), 0.0076480 secs] 57168K->40168K(260032K), 0.0077590 secs] [Times: user=0.01 sys=0.00, real=0.01 secs] 
2012-10-21T12:12:44.278+0100: 150240.261: [GC 150240.261: [DefNew: 17904K->656K(19136K), 0.0052850 secs] 57192K->39944K(260032K), 0.0053830 secs] [Times: user=0.00 sys=0.00, real=0.00 secs] 
2012-10-21T12:13:29.180+0100: 150285.163: [GC 150285.163: [DefNew: 17650K->1065K(19136K), 0.0060730 secs] 56938K->40353K(260032K), 0.0061790 secs] [Times: user=0.01 sys=0.00, real=0.00 secs] 
2012-10-21T12:14:14.297+0100: 150330.280: [GC 150330.280: [DefNew: 18089K->1040K(19136K), 0.0063220 secs] 57377K->40390K(260032K), 0.0064360 secs] [Times: user=0.01 sys=0.00, real=0.01 secs] 
2012-10-21T12:15:04.119+0100: 150380.102: [GC 150380.102: [DefNew: 18064K->815K(19136K), 0.0055400 secs] 57414K->40165K(260032K), 0.0056480 secs] [Times: user=0.01 sys=0.00, real=0.00 secs] 
2012-10-21T12:15:54.078+0100: 150430.061: [GC 150430.061: [DefNew: 17830K->779K(19136K), 0.0052780 secs] 57180K->40130K(260032K), 0.0053790 secs] [Times: user=0.00 sys=0.00, real=0.00 secs] 
2012-10-21T12:16:42.727+0100: 150478.710: [GC 150478.710: [DefNew: 17803K->423K(19136K), 0.0045560 secs] 57154K->39774K(260032K), 0.0046510 secs] [Times: user=0.01 sys=0.00, real=0.01 secs] 
2012-10-21T12:17:28.924+0100: 150524.907: [GC 150524.907: [DefNew: 17429K->747K(19136K), 0.0051550 secs] 56779K->40098K(260032K), 0.0052520 secs] [Times: user=0.01 sys=0.00, real=0.01 secs] 
2012-10-21T12:18:14.344+0100: 150570.327: [GC 150570.327: [DefNew: 17771K->1270K(19136K), 0.0067540 secs] 57122K->40682K(260032K), 0.0068620 secs] [Times: user=0.00 sys=0.00, real=0.01 secs] 
2012-10-21T12:19:03.907+0100: 150619.890: [GC 150619.890: [DefNew: 18294K->854K(19136K), 0.0071180 secs] 57706K->40372K(260032K), 0.0072300 secs] [Times: user=0.00 sys=0.00, real=0.01 secs] 
2012-10-21T12:19:53.969+0100: 150669.952: [GC 150669.952: [DefNew: 17878K->684K(19136K), 0.0060760 secs] 57396K->40203K(260032K), 0.0061760 secs] [Times: user=0.00 sys=0.01, real=0.00 secs] 
2012-10-21T12:20:44.104+0100: 150720.087: [GC 150720.087: [DefNew: 17708K->625K(19136K), 0.0070340 secs] 57227K->40143K(260032K), 0.0071290 secs] [Times: user=0.01 sys=0.00, real=0.01 secs] 
2012-10-21T12:21:28.899+0100: 150764.882: [GC 150764.883: [DefNew: 17644K->847K(19136K), 0.0054050 secs] 57163K->40365K(260032K), 0.0055160 secs] [Times: user=0.01 sys=0.00, real=0.00 secs] 
2012-10-21T12:22:13.973+0100: 150809.956: [GC 150809.956: [DefNew: 17871K->1178K(19136K), 0.0066960 secs] 57389K->40727K(260032K), 0.0068150 secs] [Times: user=0.00 sys=0.00, real=0.01 secs] 
2012-10-21T12:23:03.922+0100: 150859.905: [GC 150859.905: [DefNew: 18175K->593K(19136K), 0.0045310 secs] 57723K->40434K(260032K), 0.0046250 secs] [Times: user=0.00 sys=0.00, real=0.00 secs] 
2012-10-21T12:23:49.425+0100: 150905.408: [GC 150905.408: [DefNew: 17616K->1119K(19136K), 0.0062030 secs] 57457K->40959K(260032K), 0.0063150 secs] [Times: user=0.01 sys=0.00, real=0.01 secs] 
2012-10-21T12:24:39.552+0100: 150955.535: [GC 150955.535: [DefNew: 18143K->1128K(19136K), 0.0060950 secs] 57983K->40968K(260032K), 0.0061930 secs] [Times: user=0.00 sys=0.00, real=0.01 secs] 
2012-10-21T12:25:28.908+0100: 151004.890: [GC 151004.891: [DefNew: 18149K->593K(19136K), 0.0054450 secs] 57990K->40464K(260032K), 0.0055410 secs] [Times: user=0.00 sys=0.00, real=0.00 secs] 
2012-10-21T12:26:14.462+0100: 151050.445: [GC 151050.445: [DefNew: 17617K->1148K(19136K), 0.0060630 secs] 57488K->41019K(260032K), 0.0061720 secs] [Times: user=0.01 sys=0.00, real=0.01 secs] 
2012-10-21T12:27:03.985+0100: 151099.968: [GC 151099.968: [DefNew: 18169K->808K(19136K), 0.0073270 secs] 58040K->40746K(260032K), 0.0074560 secs] [Times: user=0.00 sys=0.00, real=0.01 secs] 
2012-10-21T12:27:49.403+0100: 151145.386: [GC 151145.386: [DefNew: 17815K->1108K(19136K), 0.0060640 secs] 57752K->41045K(260032K), 0.0061690 secs] [Times: user=0.01 sys=0.00, real=0.01 secs] 
2012-10-21T12:28:39.060+0100: 151195.043: [GC 151195.044: [DefNew: 18132K->977K(19136K), 0.0069850 secs] 58069K->40989K(260032K), 0.0071020 secs] [Times: user=0.01 sys=0.00, real=0.01 secs] 
2012-10-21T12:29:09.286+0100: 151225.269: [GC 151225.269: [DefNew: 18001K->550K(19136K), 0.0073280 secs] 58012K->40562K(260032K), 0.0074540 secs] [Times: user=0.00 sys=0.00, real=0.01 secs] 
2012-10-21T12:29:54.297+0100: 151270.280: [GC 151270.280: [DefNew: 17574K->1105K(19136K), 0.0070120 secs] 57586K->41117K(260032K), 0.0071280 secs] [Times: user=0.00 sys=0.00, real=0.01 secs] 
2012-10-21T12:30:44.276+0100: 151320.259: [GC 151320.259: [DefNew: 18129K->911K(19136K), 0.0063690 secs] 58141K->40958K(260032K), 0.0064660 secs] [Times: user=0.00 sys=0.00, real=0.01 secs] 
2012-10-21T12:31:34.039+0100: 151370.022: [GC 151370.022: [DefNew: 17935K->875K(19136K), 0.0070470 secs] 57982K->40921K(260032K), 0.0071510 secs] [Times: user=0.00 sys=0.00, real=0.00 secs] 
2012-10-21T12:32:24.346+0100: 151420.329: [GC 151420.329: [DefNew: 17899K->786K(19136K), 0.0056900 secs] 57945K->40833K(260032K), 0.0057930 secs] [Times: user=0.00 sys=0.00, real=0.01 secs] 
2012-10-21T12:33:09.442+0100: 151465.425: [GC 151465.425: [DefNew: 17810K->1189K(19136K), 0.0061160 secs] 57857K->41235K(260032K), 0.0062330 secs] [Times: user=0.00 sys=0.00, real=0.01 secs] 
2012-10-21T12:33:58.977+0100: 151514.960: [GC 151514.960: [DefNew: 18194K->401K(19136K), 0.0048290 secs] 58241K->40450K(260032K), 0.0049220 secs] [Times: user=0.00 sys=0.00, real=0.01 secs] 
2012-10-21T12:34:49.028+0100: 151565.011: [GC 151565.011: [DefNew: 17417K->370K(19136K), 0.0044230 secs] 57465K->40418K(260032K), 0.0045150 secs] [Times: user=0.00 sys=0.00, real=0.00 secs] 
2012-10-21T12:35:34.187+0100: 151610.170: [GC 151610.170: [DefNew: 17394K->940K(19136K), 0.0058410 secs] 57442K->40989K(260032K), 0.0059510 secs] [Times: user=0.01 sys=0.00, real=0.01 secs] 
2012-10-21T12:36:24.092+0100: 151660.075: [GC 151660.075: [DefNew: 17964K->688K(19136K), 0.0051540 secs] 58013K->40736K(260032K), 0.0052510 secs] [Times: user=0.00 sys=0.00, real=0.00 secs] 
2012-10-21T12:37:14.201+0100: 151710.184: [GC 151710.184: [DefNew: 17682K->371K(19136K), 0.0046650 secs] 57731K->40420K(260032K), 0.0047790 secs] [Times: user=0.00 sys=0.00, real=0.00 secs] 
2012-10-21T12:37:59.114+0100: 151755.097: [GC 151755.097: [DefNew: 17393K->908K(19136K), 0.0057920 secs] 57441K->40956K(260032K), 0.0058900 secs] [Times: user=0.01 sys=0.00, real=0.01 secs] 
2012-10-21T12:38:44.174+0100: 151800.157: [GC 151800.158: [DefNew: 17932K->1773K(19136K), 0.0078540 secs] 57980K->41822K(260032K), 0.0079750 secs] [Times: user=0.01 sys=0.00, real=0.01 secs] 
2012-10-21T12:39:29.613+0100: 151845.596: [GC 151845.596: [DefNew: 18797K->1233K(19136K), 0.0071960 secs] 58846K->41465K(260032K), 0.0073260 secs] [Times: user=0.01 sys=0.00, real=0.01 secs] 
2012-10-21T12:40:19.072+0100: 151895.055: [GC 151895.055: [DefNew: 18257K->780K(19136K), 0.0063100 secs] 58489K->41196K(260032K), 0.0066430 secs] [Times: user=0.01 sys=0.00, real=0.01 secs] 
2012-10-21T12:41:04.705+0100: 151940.688: [GC 151940.688: [DefNew: 17804K->1155K(19136K), 0.0060400 secs] 58220K->41570K(260032K), 0.0061460 secs] [Times: user=0.01 sys=0.00, real=0.01 secs] 
2012-10-21T12:41:54.548+0100: 151990.531: [GC 151990.531: [DefNew: 18179K->1028K(19136K), 0.0063880 secs] 58594K->41538K(260032K), 0.0064940 secs] [Times: user=0.00 sys=0.00, real=0.00 secs] 
2012-10-21T12:42:44.855+0100: 152040.838: [GC 152040.838: [DefNew: 18052K->1043K(19136K), 0.0060470 secs] 58562K->41553K(260032K), 0.0061800 secs] [Times: user=0.01 sys=0.00, real=0.01 secs] 
2012-10-21T12:43:34.304+0100: 152090.287: [GC 152090.287: [DefNew: 18062K->861K(19136K), 0.0057800 secs] 58573K->41372K(260032K), 0.0059310 secs] [Times: user=0.01 sys=0.00, real=0.01 secs] 
2012-10-21T12:44:19.630+0100: 152135.613: [GC 152135.613: [DefNew: 17885K->1185K(19136K), 0.0065150 secs] 58396K->41695K(260032K), 0.0066210 secs] [Times: user=0.00 sys=0.00, real=0.00 secs] 
2012-10-21T12:45:09.242+0100: 152185.225: [GC 152185.225: [DefNew: 18197K->718K(19136K), 0.0060430 secs] 58708K->41385K(260032K), 0.0061490 secs] [Times: user=0.01 sys=0.00, real=0.01 secs] 
2012-10-21T12:45:54.562+0100: 152230.545: [GC 152230.545: [DefNew: 17740K->1290K(19136K), 0.0063960 secs] 58407K->41956K(260032K), 0.0065160 secs] [Times: user=0.01 sys=0.00, real=0.01 secs] 
2012-10-21T12:46:44.565+0100: 152280.548: [GC 152280.548: [DefNew: 18314K->948K(19136K), 0.0071510 secs] 58980K->41679K(260032K), 0.0073240 secs] [Times: user=0.01 sys=0.00, real=0.01 secs] 
2012-10-21T12:47:39.151+0100: 152335.133: [GC 152335.134: [DefNew: 17972K->274K(19136K), 0.0045650 secs] 58703K->41006K(260032K), 0.0046590 secs] [Times: user=0.01 sys=0.00, real=0.00 secs] 
2012-10-21T12:48:24.141+0100: 152380.124: [GC 152380.124: [DefNew: 17296K->685K(19136K), 0.0052540 secs] 58028K->41416K(260032K), 0.0053510 secs] [Times: user=0.00 sys=0.00, real=0.00 secs] 
2012-10-21T12:49:09.286+0100: 152425.269: [GC 152425.269: [DefNew: 17709K->948K(19136K), 0.0060840 secs] 58440K->41680K(260032K), 0.0061910 secs] [Times: user=0.01 sys=0.00, real=0.01 secs] 
2012-10-21T12:49:54.574+0100: 152470.557: [GC 152470.557: [DefNew: 17972K->1159K(19136K), 0.0064940 secs] 58704K->41891K(260032K), 0.0066220 secs] [Times: user=0.00 sys=0.00, real=0.01 secs] 
2012-10-21T12:50:44.621+0100: 152520.604: [GC 152520.604: [DefNew: 18175K->1030K(19136K), 0.0060530 secs] 58906K->41791K(260032K), 0.0061610 secs] [Times: user=0.00 sys=0.00, real=0.01 secs] 
2012-10-21T12:51:29.886+0100: 152565.869: [GC 152565.869: [DefNew: 18054K->1165K(19136K), 0.0060710 secs] 58815K->41926K(260032K), 0.0062200 secs] [Times: user=0.00 sys=0.00, real=0.01 secs] 
2012-10-21T12:52:19.791+0100: 152615.773: [GC 152615.774: [DefNew: 18189K->1066K(19136K), 0.0062510 secs] 58950K->41858K(260032K), 0.0063580 secs] [Times: user=0.01 sys=0.00, real=0.00 secs] 
2012-10-21T12:53:09.318+0100: 152665.301: [GC 152665.301: [DefNew: 18090K->780K(19136K), 0.0089160 secs] 58882K->41634K(260032K), 0.0090230 secs] [Times: user=0.00 sys=0.00, real=0.00 secs] 
2012-10-21T12:53:54.659+0100: 152710.642: [GC 152710.642: [DefNew: 17804K->1102K(19136K), 0.0059410 secs] 58658K->41955K(260032K), 0.0060420 secs] [Times: user=0.00 sys=0.00, real=0.00 secs] 
2012-10-21T12:54:44.308+0100: 152760.291: [GC 152760.291: [DefNew: 18123K->799K(19136K), 0.0056300 secs] 58977K->41653K(260032K), 0.0057300 secs] [Times: user=0.00 sys=0.00, real=0.00 secs] 
2012-10-21T12:55:29.634+0100: 152805.617: [GC 152805.617: [DefNew: 17823K->1112K(19136K), 0.0068620 secs] 58677K->41966K(260032K), 0.0069770 secs] [Times: user=0.00 sys=0.00, real=0.01 secs] 
2012-10-21T12:56:19.919+0100: 152855.902: [GC 152855.902: [DefNew: 18136K->1140K(19136K), 0.0061810 secs] 58990K->41994K(260032K), 0.0062830 secs] [Times: user=0.00 sys=0.00, real=0.00 secs] 
2012-10-21T12:57:09.186+0100: 152905.169: [GC 152905.170: [DefNew: 18164K->792K(19136K), 0.0054960 secs] 59018K->41650K(260032K), 0.0056090 secs] [Times: user=0.00 sys=0.00, real=0.01 secs] 
2012-10-21T12:57:54.670+0100: 152950.653: [GC 152950.653: [DefNew: 17804K->1138K(19136K), 0.0110960 secs] 58663K->41996K(260032K), 0.0112460 secs] [Times: user=0.01 sys=0.00, real=0.01 secs] 
2012-10-21T12:58:44.152+0100: 153000.134: [GC 153000.135: [DefNew: 18162K->888K(19136K), 0.0062020 secs] 59020K->41808K(260032K), 0.0063030 secs] [Times: user=0.00 sys=0.00, real=0.01 secs] 
2012-10-21T12:59:34.270+0100: 153050.253: [GC 153050.253: [DefNew: 17902K->382K(19136K), 0.0045770 secs] 58822K->41303K(260032K), 0.0046840 secs] [Times: user=0.00 sys=0.00, real=0.00 secs] 
2012-10-21T13:00:19.202+0100: 153095.185: [GC 153095.185: [DefNew: 17406K->762K(19136K), 0.0052500 secs] 58327K->41682K(260032K), 0.0053520 secs] [Times: user=0.00 sys=0.00, real=0.00 secs] 
2012-10-21T13:01:04.641+0100: 153140.624: [GC 153140.624: [DefNew: 17786K->1095K(19136K), 0.0075580 secs] 58706K->42090K(260032K), 0.0077080 secs] [Times: user=0.01 sys=0.00, real=0.01 secs] 
2012-10-21T13:01:54.361+0100: 153190.344: [GC 153190.344: [DefNew: 18119K->972K(19136K), 0.0112030 secs] 59114K->42029K(260032K), 0.0113290 secs] [Times: user=0.01 sys=0.00, real=0.01 secs] 
2012-10-21T13:02:44.409+0100: 153240.392: [GC 153240.392: [DefNew: 17974K->719K(19136K), 0.0060670 secs] 59031K->41776K(260032K), 0.0061660 secs] [Times: user=0.00 sys=0.00, real=0.00 secs] 
2012-10-21T13:03:29.195+0100: 153285.178: [GC 153285.178: [DefNew: 17743K->1043K(19136K), 0.0061330 secs] 58800K->42100K(260032K), 0.0081640 secs] [Times: user=0.01 sys=0.00, real=0.01 secs] 
2012-10-21T13:04:19.249+0100: 153335.232: [GC 153335.232: [DefNew: 18067K->750K(19136K), 0.0113850 secs] 59124K->41807K(260032K), 0.0115320 secs] [Times: user=0.01 sys=0.00, real=0.01 secs] 
2012-10-21T13:05:04.321+0100: 153380.304: [GC 153380.305: [DefNew: 17774K->1131K(19136K), 0.0108910 secs] 58831K->42188K(260032K), 0.0110260 secs] [Times: user=0.00 sys=0.00, real=0.01 secs] 
2012-10-21T13:05:54.504+0100: 153430.486: [GC 153430.487: [DefNew: 18136K->917K(19136K), 0.0061330 secs] 59193K->42036K(260032K), 0.0062340 secs] [Times: user=0.01 sys=0.00, real=0.01 secs] 
2012-10-21T13:06:39.298+0100: 153475.281: [GC 153475.281: [DefNew: 17941K->1516K(19136K), 0.0075310 secs] 59060K->42635K(260032K), 0.0076510 secs] [Times: user=0.00 sys=0.00, real=0.00 secs] 
2012-10-21T13:07:29.311+0100: 153525.294: [GC 153525.294: [DefNew: 18540K->622K(19136K), 0.0087090 secs] 59659K->42055K(260032K), 0.0088350 secs] [Times: user=0.00 sys=0.00, real=0.01 secs] 
2012-10-21T13:08:14.474+0100: 153570.457: [GC 153570.457: [DefNew: 17625K->727K(19136K), 0.0053230 secs] 59058K->42159K(260032K), 0.0054210 secs] [Times: user=0.00 sys=0.00, real=0.01 secs] 
2012-10-21T13:09:00.046+0100: 153616.029: [GC 153616.029: [DefNew: 17751K->1231K(19136K), 0.0063940 secs] 59183K->42664K(260032K), 0.0064960 secs] [Times: user=0.01 sys=0.00, real=0.01 secs] 
2012-10-21T13:09:50.076+0100: 153666.059: [GC 153666.059: [DefNew: 18255K->810K(19136K), 0.0062800 secs] 59688K->42409K(260032K), 0.0063830 secs] [Times: user=0.01 sys=0.00, real=0.01 secs] 
2012-10-21T13:10:39.444+0100: 153715.427: [GC 153715.427: [DefNew: 17834K->335K(19136K), 0.0046680 secs] 59433K->41934K(260032K), 0.0047730 secs] [Times: user=0.01 sys=0.00, real=0.01 secs] 
2012-10-21T13:11:24.657+0100: 153760.640: [GC 153760.640: [DefNew: 17359K->1128K(19136K), 0.0094940 secs] 58958K->42727K(260032K), 0.0096800 secs] [Times: user=0.01 sys=0.00, real=0.01 secs] 
2012-10-21T13:12:14.353+0100: 153810.336: [GC 153810.336: [DefNew: 18126K->815K(19136K), 0.0063660 secs] 59725K->42539K(260032K), 0.0064720 secs] [Times: user=0.01 sys=0.00, real=0.01 secs] 
2012-10-21T13:13:00.621+0100: 153856.603: [GC 153856.604: [DefNew: 17839K->1089K(19136K), 0.0060000 secs] 59563K->42814K(260032K), 0.0061030 secs] [Times: user=0.00 sys=0.00, real=0.00 secs] 
2012-10-21T13:13:49.392+0100: 153905.375: [GC 153905.375: [DefNew: 18113K->1016K(19136K), 0.0072660 secs] 59838K->42740K(260032K), 0.0073820 secs] [Times: user=0.01 sys=0.00, real=0.01 secs] 
2012-10-21T13:14:39.464+0100: 153955.447: [GC 153955.447: [DefNew: 18040K->955K(19136K), 0.0073660 secs] 59764K->42679K(260032K), 0.0079730 secs] [Times: user=0.01 sys=0.00, real=0.01 secs] 
2012-10-21T13:15:24.743+0100: 154000.726: [GC 154000.727: [DefNew: 17968K->1013K(19136K), 0.0058520 secs] 59692K->42738K(260032K), 0.0059590 secs] [Times: user=0.00 sys=0.00, real=0.01 secs] 
2012-10-21T13:16:14.524+0100: 154050.507: [GC 154050.507: [DefNew: 18037K->821K(19136K), 0.0056110 secs] 59762K->42546K(260032K), 0.0057250 secs] [Times: user=0.01 sys=0.00, real=0.01 secs] 
2012-10-21T13:16:59.731+0100: 154095.714: [GC 154095.714: [DefNew: 17816K->1158K(19136K), 0.0070950 secs] 59540K->42956K(260032K), 0.0072600 secs] [Times: user=0.01 sys=0.00, real=0.01 secs] 
2012-10-21T13:17:49.497+0100: 154145.480: [GC 154145.480: [DefNew: 18182K->938K(19136K), 0.0061830 secs] 59980K->42830K(260032K), 0.0062870 secs] [Times: user=0.01 sys=0.00, real=0.01 secs] 
2012-10-21T13:18:39.466+0100: 154195.449: [GC 154195.449: [DefNew: 17947K->843K(19136K), 0.0056310 secs] 59839K->42735K(260032K), 0.0057340 secs] [Times: user=0.00 sys=0.00, real=0.01 secs] 
2012-10-21T13:19:24.800+0100: 154240.783: [GC 154240.783: [DefNew: 17867K->1162K(19136K), 0.0061970 secs] 59759K->43054K(260032K), 0.0063170 secs] [Times: user=0.00 sys=0.00, real=0.00 secs] 
2012-10-21T13:20:14.433+0100: 154290.416: [GC 154290.416: [DefNew: 18186K->848K(19136K), 0.0063470 secs] 60078K->42835K(260032K), 0.0064490 secs] [Times: user=0.01 sys=0.00, real=0.01 secs] 
2012-10-21T13:21:04.437+0100: 154340.420: [GC 154340.421: [DefNew: 17856K->594K(19136K), 0.0053060 secs] 59842K->42580K(260032K), 0.0054080 secs] [Times: user=0.01 sys=0.00, real=0.00 secs] 
2012-10-21T13:21:49.801+0100: 154385.784: [GC 154385.784: [DefNew: 17618K->1360K(19136K), 0.0067320 secs] 59604K->43347K(260032K), 0.0068410 secs] [Times: user=0.00 sys=0.00, real=0.01 secs] 
2012-10-21T13:22:39.556+0100: 154435.539: [GC 154435.539: [DefNew: 18377K->379K(19136K), 0.0077810 secs] 60364K->42845K(260032K), 0.0079060 secs] [Times: user=0.01 sys=0.00, real=0.01 secs] 
2012-10-21T13:23:25.234+0100: 154481.217: [GC 154481.217: [DefNew: 17403K->1046K(19136K), 0.0069430 secs] 59869K->43512K(260032K), 0.0070600 secs] [Times: user=0.00 sys=0.00, real=0.01 secs] 
2012-10-21T13:24:14.490+0100: 154530.473: [GC 154530.473: [DefNew: 18051K->722K(19136K), 0.0058150 secs] 60517K->43187K(260032K), 0.0059490 secs] [Times: user=0.00 sys=0.00, real=0.00 secs] 
2012-10-21T13:25:01.417+0100: 154577.400: [GC 154577.400: [DefNew: 17743K->948K(19136K), 0.0066070 secs] 60209K->43413K(260032K), 0.0067210 secs] [Times: user=0.01 sys=0.00, real=0.01 secs] 
2012-10-21T13:25:49.956+0100: 154625.939: [GC 154625.939: [DefNew: 17960K->969K(19136K), 0.0068280 secs] 60425K->43438K(260032K), 0.0069690 secs] [Times: user=0.01 sys=0.00, real=0.01 secs] 
2012-10-21T13:26:34.842+0100: 154670.825: [GC 154670.825: [DefNew: 17993K->1377K(19136K), 0.0069220 secs] 60462K->43846K(260032K), 0.0070430 secs] [Times: user=0.00 sys=0.00, real=0.01 secs] 
2012-10-21T13:27:24.593+0100: 154720.576: [GC 154720.576: [DefNew: 18370K->536K(19136K), 0.0069590 secs] 60839K->43162K(260032K), 0.0076110 secs] [Times: user=0.01 sys=0.00, real=0.01 secs] 
2012-10-21T13:28:09.925+0100: 154765.908: [GC 154765.908: [DefNew: 17540K->982K(19136K), 0.0062890 secs] 60165K->43607K(260032K), 0.0063960 secs] [Times: user=0.01 sys=0.00, real=0.01 secs] 
2012-10-21T13:28:54.772+0100: 154810.755: [GC 154810.755: [DefNew: 18006K->1069K(19136K), 0.0065530 secs] 60631K->43694K(260032K), 0.0066970 secs] [Times: user=0.00 sys=0.00, real=0.01 secs] 
2012-10-21T13:29:29.559+0100: 154845.541: [GC 154845.542: [DefNew: 18088K->728K(19136K), 0.0063250 secs] 60713K->43427K(260032K), 0.0064370 secs] [Times: user=0.00 sys=0.00, real=0.00 secs] 
2012-10-21T13:30:14.633+0100: 154890.616: [GC 154890.616: [DefNew: 17746K->915K(19136K), 0.0065950 secs] 60446K->43614K(260032K), 0.0066990 secs] [Times: user=0.01 sys=0.00, real=0.01 secs] 
2012-10-21T13:31:04.614+0100: 154940.597: [GC 154940.597: [DefNew: 17939K->843K(19136K), 0.0056380 secs] 60638K->43543K(260032K), 0.0057390 secs] [Times: user=0.01 sys=0.00, real=0.01 secs] 
2012-10-21T13:31:54.702+0100: 154990.685: [GC 154990.685: [DefNew: 17867K->749K(19136K), 0.0057110 secs] 60567K->43451K(260032K), 0.0058060 secs] [Times: user=0.01 sys=0.00, real=0.01 secs] 
2012-10-21T13:32:44.854+0100: 155040.837: [GC 155040.837: [DefNew: 17773K->431K(19136K), 0.0050290 secs] 60475K->43132K(260032K), 0.0051390 secs] [Times: user=0.00 sys=0.00, real=0.01 secs] 
2012-10-21T13:33:29.550+0100: 155085.533: [GC 155085.533: [DefNew: 17455K->972K(19136K), 0.0062100 secs] 60156K->43674K(260032K), 0.0063090 secs] [Times: user=0.01 sys=0.00, real=0.00 secs] 
2012-10-21T13:34:14.988+0100: 155130.971: [GC 155130.971: [DefNew: 17996K->1193K(19136K), 0.0064390 secs] 60698K->43895K(260032K), 0.0065660 secs] [Times: user=0.00 sys=0.00, real=0.00 secs] 
2012-10-21T13:35:04.669+0100: 155180.652: [GC 155180.652: [DefNew: 18217K->782K(19136K), 0.0064580 secs] 60919K->43579K(260032K), 0.0065580 secs] [Times: user=0.00 sys=0.01, real=0.00 secs] 
2012-10-21T13:35:54.872+0100: 155230.855: [GC 155230.855: [DefNew: 17778K->585K(19136K), 0.0098080 secs] 60574K->43381K(260032K), 0.0099300 secs] [Times: user=0.01 sys=0.00, real=0.01 secs] 
2012-10-21T13:36:34.991+0100: 155270.974: [GC 155270.974: [DefNew: 17606K->1215K(19136K), 0.0061590 secs] 60402K->44011K(260032K), 0.0062630 secs] [Times: user=0.02 sys=0.00, real=0.01 secs] 
2012-10-21T13:37:24.946+0100: 155320.929: [GC 155320.929: [DefNew: 18239K->1116K(19136K), 0.0072760 secs] 61035K->44005K(260032K), 0.0074350 secs] [Times: user=0.01 sys=0.00, real=0.01 secs] 
2012-10-21T13:38:14.550+0100: 155370.533: [GC 155370.533: [DefNew: 18113K->656K(19136K), 0.0083700 secs] 61002K->43681K(260032K), 0.0084700 secs] [Times: user=0.01 sys=0.00, real=0.01 secs] 
2012-10-21T13:38:59.696+0100: 155415.679: [GC 155415.679: [DefNew: 17680K->909K(19136K), 0.0070360 secs] 60705K->43934K(260032K), 0.0071500 secs] [Times: user=0.00 sys=0.00, real=0.01 secs] 
2012-10-21T13:39:49.620+0100: 155465.603: [GC 155465.603: [DefNew: 17933K->622K(19136K), 0.0049750 secs] 60958K->43647K(260032K), 0.0051190 secs] [Times: user=0.00 sys=0.00, real=0.00 secs] 
2012-10-21T13:40:34.775+0100: 155510.758: [GC 155510.758: [DefNew: 17646K->1014K(19136K), 0.0063990 secs] 60671K->44039K(260032K), 0.0064960 secs] [Times: user=0.01 sys=0.00, real=0.01 secs] 
2012-10-21T13:41:19.450+0100: 155555.433: [GC 155555.433: [DefNew: 18038K->1108K(19136K), 0.0077660 secs] 61063K->44132K(260032K), 0.0078730 secs] [Times: user=0.01 sys=0.00, real=0.01 secs] 
2012-10-21T13:42:09.726+0100: 155605.709: [GC 155605.710: [DefNew: 18132K->1052K(19136K), 0.0067760 secs] 61156K->44107K(260032K), 0.0068780 secs] [Times: user=0.00 sys=0.00, real=0.01 secs] 
2012-10-21T13:42:59.716+0100: 155655.699: [GC 155655.699: [DefNew: 18052K->918K(19136K), 0.0059190 secs] 61106K->43973K(260032K), 0.0060200 secs] [Times: user=0.01 sys=0.00, real=0.01 secs] 
2012-10-21T13:43:49.562+0100: 155705.545: [GC 155705.545: [DefNew: 17941K->485K(19136K), 0.0046840 secs] 60996K->43613K(260032K), 0.0047910 secs] [Times: user=0.01 sys=0.00, real=0.00 secs] 
2012-10-21T13:44:34.971+0100: 155750.954: [GC 155750.955: [DefNew: 17509K->1098K(19136K), 0.0061630 secs] 60637K->44227K(260032K), 0.0062840 secs] [Times: user=0.01 sys=0.00, real=0.01 secs] 
2012-10-21T13:45:24.867+0100: 155800.849: [GC 155800.850: [DefNew: 18122K->940K(19136K), 0.0058360 secs] 61251K->44068K(260032K), 0.0059570 secs] [Times: user=0.00 sys=0.00, real=0.01 secs] 
2012-10-21T13:46:14.788+0100: 155850.771: [GC 155850.771: [DefNew: 17964K->619K(19136K), 0.0064810 secs] 61092K->43748K(260032K), 0.0065970 secs] [Times: user=0.00 sys=0.00, real=0.00 secs] 
2012-10-21T13:47:04.597+0100: 155900.580: [GC 155900.580: [DefNew: 17620K->462K(19136K), 0.0049280 secs] 60749K->43591K(260032K), 0.0050210 secs] [Times: user=0.01 sys=0.00, real=0.01 secs] 
2012-10-21T13:47:49.957+0100: 155945.940: [GC 155945.941: [DefNew: 17455K->1158K(19136K), 0.0060330 secs] 60583K->44287K(260032K), 0.0061520 secs] [Times: user=0.00 sys=0.00, real=0.00 secs] 
2012-10-21T13:48:39.886+0100: 155995.868: [GC 155995.869: [DefNew: 18182K->841K(19136K), 0.0100390 secs] 61311K->44218K(260032K), 0.0101430 secs] [Times: user=0.01 sys=0.00, real=0.01 secs] 
2012-10-21T13:49:24.665+0100: 156040.648: [GC 156040.648: [DefNew: 17865K->879K(19136K), 0.0065920 secs] 61242K->44256K(260032K), 0.0067000 secs] [Times: user=0.00 sys=0.00, real=0.01 secs] 
2012-10-21T13:50:14.820+0100: 156090.803: [GC 156090.803: [DefNew: 17898K->560K(19136K), 0.0050350 secs] 61275K->43937K(260032K), 0.0051710 secs] [Times: user=0.00 sys=0.01, real=0.00 secs] 
2012-10-21T13:50:59.913+0100: 156135.896: [GC 156135.896: [DefNew: 17584K->1059K(19136K), 0.0059490 secs] 60961K->44437K(260032K), 0.0060650 secs] [Times: user=0.01 sys=0.00, real=0.01 secs] 
2012-10-21T13:51:49.617+0100: 156185.600: [GC 156185.600: [DefNew: 18071K->934K(19136K), 0.0059920 secs] 61448K->44312K(260032K), 0.0061120 secs] [Times: user=0.01 sys=0.00, real=0.01 secs] 
2012-10-21T13:52:39.692+0100: 156235.675: [GC 156235.675: [DefNew: 17958K->908K(19136K), 0.0061800 secs] 61336K->44285K(260032K), 0.0062800 secs] [Times: user=0.02 sys=0.00, real=0.01 secs] 
2012-10-21T13:53:24.964+0100: 156280.947: [GC 156280.947: [DefNew: 17932K->1127K(19136K), 0.0061930 secs] 61309K->44505K(260032K), 0.0063010 secs] [Times: user=0.01 sys=0.00, real=0.01 secs] 
2012-10-21T13:54:14.664+0100: 156330.647: [GC 156330.647: [DefNew: 18142K->840K(19136K), 0.0059810 secs] 61520K->44310K(260032K), 0.0060830 secs] [Times: user=0.00 sys=0.00, real=0.01 secs] 
2012-10-21T13:55:00.310+0100: 156376.293: [GC 156376.293: [DefNew: 17864K->1167K(19136K), 0.0071770 secs] 61334K->44637K(260032K), 0.0072890 secs] [Times: user=0.01 sys=0.00, real=0.01 secs] 
2012-10-21T13:55:49.647+0100: 156425.630: [GC 156425.630: [DefNew: 18169K->368K(19136K), 0.0047360 secs] 61639K->43901K(260032K), 0.0048300 secs] [Times: user=0.00 sys=0.00, real=0.00 secs] 
2012-10-21T13:56:35.066+0100: 156471.049: [GC 156471.049: [DefNew: 17392K->1042K(19136K), 0.0059220 secs] 60925K->44576K(260032K), 0.0062260 secs] [Times: user=0.00 sys=0.00, real=0.01 secs] 
2012-10-21T13:57:24.617+0100: 156520.600: [GC 156520.600: [DefNew: 18066K->1009K(19136K), 0.0058710 secs] 61600K->44542K(260032K), 0.0059800 secs] [Times: user=0.00 sys=0.00, real=0.01 secs] 
2012-10-21T13:58:14.844+0100: 156570.827: [GC 156570.827: [DefNew: 18030K->726K(19136K), 0.0059140 secs] 61564K->44260K(260032K), 0.0060350 secs] [Times: user=0.00 sys=0.00, real=0.01 secs] 
2012-10-21T13:59:00.374+0100: 156616.357: [GC 156616.357: [DefNew: 17750K->1238K(19136K), 0.0111430 secs] 61284K->44772K(260032K), 0.0112610 secs] [Times: user=0.00 sys=0.00, real=0.01 secs] 
2012-10-21T13:59:49.781+0100: 156665.764: [GC 156665.764: [DefNew: 18259K->745K(19136K), 0.0062560 secs] 61793K->44479K(260032K), 0.0063610 secs] [Times: user=0.01 sys=0.00, real=0.00 secs] 
2012-10-21T14:00:35.043+0100: 156711.026: [GC 156711.026: [DefNew: 17769K->1229K(19136K), 0.0064060 secs] 61503K->44962K(260032K), 0.0065160 secs] [Times: user=0.01 sys=0.00, real=0.01 secs] 
2012-10-21T14:01:24.748+0100: 156760.731: [GC 156760.731: [DefNew: 18253K->592K(19136K), 0.0063110 secs] 61986K->44452K(260032K), 0.0064270 secs] [Times: user=0.01 sys=0.00, real=0.00 secs] 
2012-10-21T14:02:10.282+0100: 156806.265: [GC 156806.265: [DefNew: 17616K->1029K(19136K), 0.0039090 secs] 61476K->44888K(260032K), 0.0039900 secs] [Times: user=0.00 sys=0.00, real=0.00 secs] 
2012-10-21T14:03:04.741+0100: 156860.723: [GC 156860.724: [DefNew: 18030K->400K(19136K), 0.0053300 secs] 61890K->44260K(260032K), 0.0054270 secs] [Times: user=0.00 sys=0.00, real=0.00 secs] 
2012-10-21T14:03:49.771+0100: 156905.754: [GC 156905.754: [DefNew: 17411K->694K(19136K), 0.0062390 secs] 61270K->44554K(260032K), 0.0063860 secs] [Times: user=0.01 sys=0.00, real=0.01 secs] 
2012-10-21T14:04:34.804+0100: 156950.787: [GC 156950.787: [DefNew: 17718K->884K(19136K), 0.0055820 secs] 61578K->44744K(260032K), 0.0057400 secs] [Times: user=0.00 sys=0.00, real=0.01 secs] 
2012-10-21T14:05:19.934+0100: 156995.917: [GC 156995.917: [DefNew: 17908K->1620K(19136K), 0.0073400 secs] 61768K->45480K(260032K), 0.0074700 secs] [Times: user=0.00 sys=0.00, real=0.01 secs] 
2012-10-21T14:06:05.235+0100: 157041.217: [GC 157041.218: [DefNew: 18644K->968K(19136K), 0.0078170 secs] 62504K->45219K(260032K), 0.0079260 secs] [Times: user=0.01 sys=0.00, real=0.01 secs] 
2012-10-21T14:06:54.702+0100: 157090.685: [GC 157090.686: [DefNew: 17992K->1053K(19136K), 0.0061860 secs] 62243K->45303K(260032K), 0.0062940 secs] [Times: user=0.01 sys=0.00, real=0.01 secs] 
2012-10-21T14:07:44.690+0100: 157140.673: [GC 157140.673: [DefNew: 18077K->433K(19136K), 0.0046090 secs] 62327K->44683K(260032K), 0.0047060 secs] [Times: user=0.00 sys=0.00, real=0.00 secs] 
2012-10-21T14:08:30.147+0100: 157186.130: [GC 157186.130: [DefNew: 17442K->967K(19136K), 0.0057910 secs] 61692K->45217K(260032K), 0.0059030 secs] [Times: user=0.00 sys=0.00, real=0.00 secs] 
2012-10-21T14:09:14.723+0100: 157230.706: [GC 157230.706: [DefNew: 17983K->1040K(19136K), 0.0118920 secs] 62233K->45320K(260032K), 0.0120130 secs] [Times: user=0.01 sys=0.00, real=0.01 secs] 
2012-10-21T14:10:04.725+0100: 157280.708: [GC 157280.708: [DefNew: 18064K->569K(19136K), 0.0048770 secs] 62344K->44848K(260032K), 0.0049720 secs] [Times: user=0.01 sys=0.00, real=0.01 secs] 
2012-10-21T14:10:54.775+0100: 157330.758: [GC 157330.758: [DefNew: 17593K->504K(19136K), 0.0048960 secs] 61872K->44784K(260032K), 0.0049870 secs] [Times: user=0.00 sys=0.00, real=0.01 secs] 
2012-10-21T14:11:39.788+0100: 157375.771: [GC 157375.771: [DefNew: 17528K->1049K(19136K), 0.0057670 secs] 61808K->45329K(260032K), 0.0058670 secs] [Times: user=0.00 sys=0.00, real=0.00 secs] 
2012-10-21T14:12:29.851+0100: 157425.833: [GC 157425.834: [DefNew: 18073K->527K(19136K), 0.0053730 secs] 62353K->44880K(260032K), 0.0054700 secs] [Times: user=0.00 sys=0.00, real=0.00 secs] 
2012-10-21T14:13:15.361+0100: 157471.344: [GC 157471.344: [DefNew: 17551K->1230K(19136K), 0.0071570 secs] 61904K->45584K(260032K), 0.0072680 secs] [Times: user=0.00 sys=0.00, real=0.01 secs] 
2012-10-21T14:14:04.857+0100: 157520.840: [GC 157520.840: [DefNew: 18254K->412K(19136K), 0.0065070 secs] 62608K->44828K(260032K), 0.0066150 secs] [Times: user=0.00 sys=0.00, real=0.00 secs] 
2012-10-21T14:14:50.310+0100: 157566.293: [GC 157566.293: [DefNew: 17436K->1043K(19136K), 0.0061170 secs] 61852K->45459K(260032K), 0.0062580 secs] [Times: user=0.00 sys=0.00, real=0.00 secs] 
2012-10-21T14:15:39.806+0100: 157615.789: [GC 157615.789: [DefNew: 18067K->985K(19136K), 0.0058220 secs] 62483K->45401K(260032K), 0.0059200 secs] [Times: user=0.01 sys=0.00, real=0.01 secs] 
2012-10-21T14:16:29.758+0100: 157665.741: [GC 157665.741: [DefNew: 18004K->591K(19136K), 0.0054730 secs] 62419K->45080K(260032K), 0.0055730 secs] [Times: user=0.00 sys=0.00, real=0.00 secs] 
2012-10-21T14:17:14.694+0100: 157710.677: [GC 157710.677: [DefNew: 17610K->1068K(19136K), 0.0059180 secs] 62099K->45557K(260032K), 0.0060230 secs] [Times: user=0.01 sys=0.00, real=0.01 secs] 
2012-10-21T14:18:04.956+0100: 157760.939: [GC 157760.939: [DefNew: 18064K->905K(19136K), 0.0061880 secs] 62553K->45395K(260032K), 0.0063120 secs] [Times: user=0.00 sys=0.00, real=0.01 secs] 
2012-10-21T14:18:54.933+0100: 157810.916: [GC 157810.916: [DefNew: 17929K->652K(19136K), 0.0053840 secs] 62419K->45141K(260032K), 0.0054790 secs] [Times: user=0.00 sys=0.00, real=0.01 secs] 
2012-10-21T14:19:40.678+0100: 157856.661: [GC 157856.661: [DefNew: 17676K->1153K(19136K), 0.0060780 secs] 62165K->45672K(260032K), 0.0061790 secs] [Times: user=0.00 sys=0.00, real=0.00 secs] 
2012-10-21T14:20:29.776+0100: 157905.759: [GC 157905.759: [DefNew: 18177K->1011K(19136K), 0.0064100 secs] 62696K->45656K(260032K), 0.0065200 secs] [Times: user=0.00 sys=0.00, real=0.01 secs] 
2012-10-21T14:21:19.875+0100: 157955.858: [GC 157955.858: [DefNew: 18035K->436K(19136K), 0.0049570 secs] 62680K->45081K(260032K), 0.0050570 secs] [Times: user=0.01 sys=0.00, real=0.01 secs] 
2012-10-21T14:22:04.890+0100: 158000.873: [GC 158000.873: [DefNew: 17460K->878K(19136K), 0.0039380 secs] 62105K->45523K(260032K), 0.0040280 secs] [Times: user=0.00 sys=0.00, real=0.00 secs] 
2012-10-21T14:22:54.785+0100: 158050.768: [GC 158050.768: [DefNew: 17902K->811K(19136K), 0.0046530 secs] 62547K->45455K(260032K), 0.0047500 secs] [Times: user=0.00 sys=0.00, real=0.01 secs] 
2012-10-21T14:23:40.305+0100: 158096.288: [GC 158096.288: [DefNew: 17835K->1293K(19136K), 0.0065000 secs] 62479K->45938K(260032K), 0.0066170 secs] [Times: user=0.00 sys=0.00, real=0.01 secs] 
2012-10-21T14:24:25.311+0100: 158141.294: [GC 158141.294: [DefNew: 18317K->1159K(19136K), 0.0065070 secs] 62962K->45881K(260032K), 0.0066110 secs] [Times: user=0.00 sys=0.00, real=0.01 secs] 
2012-10-21T14:25:14.916+0100: 158190.899: [GC 158190.899: [DefNew: 18183K->816K(19136K), 0.0059170 secs] 62905K->45601K(260032K), 0.0060240 secs] [Times: user=0.01 sys=0.00, real=0.01 secs] 
2012-10-21T14:26:04.831+0100: 158240.814: [GC 158240.814: [DefNew: 17822K->653K(19136K), 0.0048860 secs] 62607K->45438K(260032K), 0.0049840 secs] [Times: user=0.00 sys=0.00, real=0.00 secs] 
2012-10-21T14:26:54.422+0100: 158290.405: [GC 158290.405: [DefNew: 17671K->632K(19136K), 0.0051220 secs] 62456K->45418K(260032K), 0.0052170 secs] [Times: user=0.00 sys=0.00, real=0.01 secs] 
2012-10-21T14:27:40.318+0100: 158336.301: [GC 158336.301: [DefNew: 17637K->1168K(19136K), 0.0061510 secs] 62423K->45953K(260032K), 0.0062510 secs] [Times: user=0.00 sys=0.00, real=0.00 secs] 
2012-10-21T14:28:30.298+0100: 158386.281: [GC 158386.281: [DefNew: 18189K->939K(19136K), 0.0139880 secs] 62974K->45798K(260032K), 0.0141260 secs] [Times: user=0.01 sys=0.00, real=0.01 secs] 
2012-10-21T14:29:00.174+0100: 158416.156: [GC 158416.157: [DefNew: 17963K->966K(19136K), 0.0058220 secs] 62822K->45825K(260032K), 0.0059270 secs] [Times: user=0.01 sys=0.00, real=0.01 secs] 
2012-10-21T14:29:49.888+0100: 158465.871: [GC 158465.871: [DefNew: 17965K->497K(19136K), 0.0058270 secs] 62824K->45357K(260032K), 0.0059340 secs] [Times: user=0.00 sys=0.00, real=0.00 secs] 
2012-10-21T14:30:35.310+0100: 158511.293: [GC 158511.293: [DefNew: 17511K->1096K(19136K), 0.0062800 secs] 62370K->45956K(260032K), 0.0063940 secs] [Times: user=0.00 sys=0.00, real=0.00 secs] 
2012-10-21T14:31:24.943+0100: 158560.925: [GC 158560.926: [DefNew: 18118K->468K(19136K), 0.0047980 secs] 62977K->45327K(260032K), 0.0052180 secs] [Times: user=0.00 sys=0.00, real=0.01 secs] 
2012-10-21T14:32:09.809+0100: 158605.792: [GC 158605.795: [DefNew: 17492K->847K(19136K), 0.0058820 secs] 62351K->45709K(260032K), 0.0089410 secs] [Times: user=0.01 sys=0.00, real=0.01 secs] 
2012-10-21T14:32:59.882+0100: 158655.865: [GC 158655.865: [DefNew: 17871K->591K(19136K), 0.0050310 secs] 62733K->45453K(260032K), 0.0051300 secs] [Times: user=0.01 sys=0.00, real=0.00 secs] 
2012-10-21T14:33:45.412+0100: 158701.395: [GC 158701.395: [DefNew: 17615K->1187K(19136K), 0.0064580 secs] 62477K->46049K(260032K), 0.0065690 secs] [Times: user=0.01 sys=0.00, real=0.01 secs] 
2012-10-21T14:34:35.050+0100: 158751.032: [GC 158751.033: [DefNew: 18202K->306K(19136K), 0.0049000 secs] 63064K->45262K(260032K), 0.0049990 secs] [Times: user=0.00 sys=0.00, real=0.00 secs] 
2012-10-21T14:35:20.012+0100: 158795.995: [GC 158795.995: [DefNew: 17330K->816K(19136K), 0.0077590 secs] 62286K->45772K(260032K), 0.0078580 secs] [Times: user=0.01 sys=0.00, real=0.01 secs] 
2012-10-21T14:36:05.354+0100: 158841.337: [GC 158841.337: [DefNew: 17840K->1141K(19136K), 0.0066170 secs] 62796K->46097K(260032K), 0.0124310 secs] [Times: user=0.01 sys=0.00, real=0.01 secs] 
2012-10-21T14:36:55.473+0100: 158891.456: [GC 158891.456: [DefNew: 18165K->967K(19136K), 0.0064230 secs] 63121K->46062K(260032K), 0.0065300 secs] [Times: user=0.00 sys=0.00, real=0.01 secs] 
2012-10-21T14:37:44.973+0100: 158940.956: [GC 158940.957: [DefNew: 17991K->878K(19136K), 0.0128700 secs] 63086K->45973K(260032K), 0.0130720 secs] [Times: user=0.01 sys=0.00, real=0.01 secs] 
2012-10-21T14:38:34.802+0100: 158990.785: [GC 158990.785: [DefNew: 17899K->502K(19136K), 0.0047970 secs] 62994K->45597K(260032K), 0.0048960 secs] [Times: user=0.00 sys=0.00, real=0.00 secs] 
2012-10-21T14:39:20.020+0100: 159036.003: [GC 159036.003: [DefNew: 17518K->782K(19136K), 0.0053300 secs] 62613K->45877K(260032K), 0.0054310 secs] [Times: user=0.00 sys=0.00, real=0.00 secs] 
2012-10-21T14:40:09.938+0100: 159085.921: [GC 159085.921: [DefNew: 17802K->432K(19136K), 0.0048420 secs] 62897K->45527K(260032K), 0.0049370 secs] [Times: user=0.01 sys=0.00, real=0.00 secs] 
2012-10-21T14:40:54.992+0100: 159130.975: [GC 159130.975: [DefNew: 17456K->1139K(19136K), 0.0060560 secs] 62551K->46234K(260032K), 0.0062230 secs] [Times: user=0.01 sys=0.00, real=0.01 secs] 
2012-10-21T14:41:45.016+0100: 159180.999: [GC 159180.999: [DefNew: 18163K->845K(19136K), 0.0062780 secs] 63258K->46002K(260032K), 0.0064430 secs] [Times: user=0.01 sys=0.00, real=0.01 secs] 
2012-10-21T14:42:34.912+0100: 159230.895: [GC 159230.895: [DefNew: 17847K->590K(19136K), 0.0049760 secs] 63004K->45747K(260032K), 0.0050710 secs] [Times: user=0.00 sys=0.00, real=0.00 secs] 
2012-10-21T14:43:23.299+0100: 159279.282: [GC 159279.282: [DefNew: 17614K->393K(19136K), 0.0044740 secs] 62771K->45550K(260032K), 0.0045720 secs] [Times: user=0.01 sys=0.00, real=0.00 secs] 
2012-10-21T14:44:10.250+0100: 159326.233: [GC 159326.233: [DefNew: 17417K->842K(19136K), 0.0093980 secs] 62574K->46000K(260032K), 0.0095120 secs] [Times: user=0.01 sys=0.00, real=0.01 secs] 
2012-10-21T14:44:55.497+0100: 159371.480: [GC 159371.480: [DefNew: 17866K->1256K(19136K), 0.0062500 secs] 63024K->46413K(260032K), 0.0063570 secs] [Times: user=0.01 sys=0.00, real=0.01 secs] 
2012-10-21T14:45:45.465+0100: 159421.447: [GC 159421.448: [DefNew: 18266K->907K(19136K), 0.0063700 secs] 63424K->46128K(260032K), 0.0064960 secs] [Times: user=0.01 sys=0.00, real=0.01 secs] 
2012-10-21T14:46:35.195+0100: 159471.178: [GC 159471.178: [DefNew: 17924K->716K(19136K), 0.0054550 secs] 63145K->45937K(260032K), 0.0060490 secs] [Times: user=0.01 sys=0.00, real=0.01 secs] 
2012-10-21T14:47:20.131+0100: 159516.114: [GC 159516.114: [DefNew: 17740K->913K(19136K), 0.0055000 secs] 62961K->46134K(260032K), 0.0055950 secs] [Times: user=0.00 sys=0.00, real=0.00 secs] 
2012-10-21T14:48:10.054+0100: 159566.037: [GC 159566.037: [DefNew: 17937K->918K(19136K), 0.0062370 secs] 63158K->46139K(260032K), 0.0063480 secs] [Times: user=0.01 sys=0.00, real=0.01 secs] 
2012-10-21T14:49:00.098+0100: 159616.080: [GC 159616.081: [DefNew: 17911K->372K(19136K), 0.0044590 secs] 63132K->45593K(260032K), 0.0045520 secs] [Times: user=0.00 sys=0.00, real=0.00 secs] 
2012-10-21T14:49:44.953+0100: 159660.936: [GC 159660.936: [DefNew: 17396K->1064K(19136K), 0.0059170 secs] 62617K->46347K(260032K), 0.0060300 secs] [Times: user=0.00 sys=0.00, real=0.01 secs] 
2012-10-21T14:50:34.958+0100: 159710.941: [GC 159710.941: [DefNew: 18088K->760K(19136K), 0.0059140 secs] 63371K->46107K(260032K), 0.0060400 secs] [Times: user=0.01 sys=0.00, real=0.00 secs] 
2012-10-21T14:51:25.122+0100: 159761.105: [GC 159761.105: [DefNew: 17784K->370K(19136K), 0.0046720 secs] 63131K->45718K(260032K), 0.0047630 secs] [Times: user=0.00 sys=0.00, real=0.00 secs] 
2012-10-21T14:52:09.957+0100: 159805.940: [GC 159805.940: [DefNew: 17394K->902K(19136K), 0.0060860 secs] 62742K->46249K(260032K), 0.0062010 secs] [Times: user=0.00 sys=0.00, real=0.00 secs] 
2012-10-21T14:53:00.130+0100: 159856.113: [GC 159856.113: [DefNew: 17926K->811K(19136K), 0.0056700 secs] 63273K->46159K(260032K), 0.0057680 secs] [Times: user=0.00 sys=0.00, real=0.00 secs] 
2012-10-21T14:53:50.087+0100: 159906.070: [GC 159906.070: [DefNew: 17835K->403K(19136K), 0.0069690 secs] 63183K->45812K(260032K), 0.0070810 secs] [Times: user=0.02 sys=0.00, real=0.01 secs] 
2012-10-21T14:54:35.256+0100: 159951.239: [GC 159951.239: [DefNew: 17427K->842K(19136K), 0.0054130 secs] 62836K->46251K(260032K), 0.0055160 secs] [Times: user=0.00 sys=0.00, real=0.01 secs] 
2012-10-21T14:55:25.102+0100: 160001.085: [GC 160001.085: [DefNew: 17866K->369K(19136K), 0.0046480 secs] 63275K->45778K(260032K), 0.0047440 secs] [Times: user=0.00 sys=0.00, real=0.00 secs] 
2012-10-21T14:56:09.981+0100: 160045.964: [GC 160045.964: [DefNew: 17366K->409K(19136K), 0.0078410 secs] 62776K->45881K(260032K), 0.0079540 secs] [Times: user=0.01 sys=0.00, real=0.01 secs] 
2012-10-21T14:56:54.759+0100: 160090.742: [GC 160090.742: [DefNew: 17420K->1170K(19136K), 0.0060930 secs] 62891K->46642K(260032K), 0.0061910 secs] [Times: user=0.00 sys=0.00, real=0.00 secs] 
2012-10-21T14:57:44.122+0100: 160140.105: [GC 160140.105: [DefNew: 18194K->330K(19136K), 0.0064110 secs] 63666K->46190K(260032K), 0.0065100 secs] [Times: user=0.01 sys=0.00, real=0.01 secs] 
2012-10-21T14:58:30.397+0100: 160186.380: [GC 160186.380: [DefNew: 17350K->937K(19136K), 0.0056210 secs] 63210K->46797K(260032K), 0.0057320 secs] [Times: user=0.00 sys=0.00, real=0.01 secs] 
2012-10-21T14:59:20.144+0100: 160236.127: [GC 160236.127: [DefNew: 17961K->560K(19136K), 0.0075070 secs] 63821K->46420K(260032K), 0.0134950 secs] [Times: user=0.00 sys=0.01, real=0.02 secs] 
2012-10-21T15:00:05.745+0100: 160281.728: [GC 160281.728: [DefNew: 17584K->1129K(19136K), 0.0069100 secs] 63444K->46990K(260032K), 0.0070120 secs] [Times: user=0.00 sys=0.00, real=0.01 secs] 
2012-10-21T15:00:54.398+0100: 160330.381: [GC 160330.381: [DefNew: 18153K->942K(19136K), 0.0058800 secs] 64014K->46835K(260032K), 0.0059780 secs] [Times: user=0.00 sys=0.00, real=0.00 secs] 
2012-10-21T15:01:40.759+0100: 160376.742: [GC 160376.742: [DefNew: 17966K->1153K(19136K), 0.0058030 secs] 63859K->47046K(260032K), 0.0059090 secs] [Times: user=0.00 sys=0.00, real=0.00 secs] 
2012-10-21T15:02:30.209+0100: 160426.192: [GC 160426.192: [DefNew: 18177K->855K(19136K), 0.0063170 secs] 64070K->46874K(260032K), 0.0064290 secs] [Times: user=0.01 sys=0.00, real=0.00 secs] 
2012-10-21T15:03:20.168+0100: 160476.151: [GC 160476.152: [DefNew: 17879K->368K(19136K), 0.0046380 secs] 63898K->46386K(260032K), 0.0047390 secs] [Times: user=0.00 sys=0.00, real=0.00 secs] 
2012-10-21T15:04:05.194+0100: 160521.177: [GC 160521.178: [DefNew: 17368K->556K(19136K), 0.0051480 secs] 63386K->46575K(260032K), 0.0059410 secs] [Times: user=0.01 sys=0.00, real=0.01 secs] 
2012-10-21T15:04:50.558+0100: 160566.541: [GC 160566.542: [DefNew: 17580K->1128K(19136K), 0.0059030 secs] 63599K->47146K(260032K), 0.0060070 secs] [Times: user=0.01 sys=0.00, real=0.00 secs] 
2012-10-21T15:05:40.711+0100: 160616.694: [GC 160616.694: [DefNew: 18152K->1128K(19136K), 0.0066920 secs] 64170K->47177K(260032K), 0.0068060 secs] [Times: user=0.02 sys=0.00, real=0.01 secs] 
2012-10-21T15:06:30.267+0100: 160666.250: [GC 160666.250: [DefNew: 18142K->455K(19136K), 0.0050090 secs] 64191K->46504K(260032K), 0.0051180 secs] [Times: user=0.00 sys=0.01, real=0.00 secs] 
2012-10-21T15:07:15.113+0100: 160711.096: [GC 160711.096: [DefNew: 17465K->992K(19136K), 0.0061210 secs] 63514K->47041K(260032K), 0.0062310 secs] [Times: user=0.01 sys=0.00, real=0.01 secs] 
2012-10-21T15:08:05.303+0100: 160761.286: [GC 160761.286: [DefNew: 18016K->923K(19136K), 0.0056420 secs] 64065K->46972K(260032K), 0.0057430 secs] [Times: user=0.02 sys=0.00, real=0.01 secs] 
2012-10-21T15:08:50.371+0100: 160806.354: [GC 160806.354: [DefNew: 17931K->1176K(19136K), 0.0060280 secs] 63979K->47225K(260032K), 0.0062400 secs] [Times: user=0.00 sys=0.00, real=0.00 secs] 
2012-10-21T15:09:40.354+0100: 160856.337: [GC 160856.337: [DefNew: 18175K->884K(19136K), 0.0065190 secs] 64224K->47080K(260032K), 0.0066230 secs] [Times: user=0.00 sys=0.00, real=0.01 secs] 
2012-10-21T15:10:30.409+0100: 160906.392: [GC 160906.392: [DefNew: 17890K->630K(19136K), 0.0051470 secs] 64086K->46827K(260032K), 0.0052460 secs] [Times: user=0.00 sys=0.00, real=0.00 secs] 
2012-10-21T15:11:15.638+0100: 160951.620: [GC 160951.621: [DefNew: 17633K->1106K(19136K), 0.0072410 secs] 63829K->47302K(260032K), 0.0073640 secs] [Times: user=0.00 sys=0.01, real=0.00 secs] 
2012-10-21T15:12:05.376+0100: 161001.359: [GC 161001.359: [DefNew: 18130K->761K(19136K), 0.0069020 secs] 64326K->47123K(260032K), 0.0070050 secs] [Times: user=0.01 sys=0.00, real=0.01 secs] 
2012-10-21T15:12:55.390+0100: 161051.373: [GC 161051.373: [DefNew: 17785K->814K(19136K), 0.0057110 secs] 64147K->47176K(260032K), 0.0058310 secs] [Times: user=0.00 sys=0.00, real=0.00 secs] 
2012-10-21T15:13:40.262+0100: 161096.245: [GC 161096.245: [DefNew: 17838K->1082K(19136K), 0.0064170 secs] 64200K->47444K(260032K), 0.0065350 secs] [Times: user=0.01 sys=0.00, real=0.01 secs] 
2012-10-21T15:14:30.293+0100: 161146.276: [GC 161146.276: [DefNew: 18105K->383K(19136K), 0.0065500 secs] 64467K->46807K(260032K), 0.0066570 secs] [Times: user=0.01 sys=0.00, real=0.01 secs] 
2012-10-21T15:15:15.611+0100: 161191.594: [GC 161191.594: [DefNew: 17407K->1010K(19136K), 0.0069360 secs] 63831K->47434K(260032K), 0.0070500 secs] [Times: user=0.01 sys=0.00, real=0.01 secs] 
2012-10-21T15:16:05.291+0100: 161241.274: [GC 161241.274: [DefNew: 18025K->825K(19136K), 0.0084040 secs] 64450K->47249K(260032K), 0.0089150 secs] [Times: user=0.01 sys=0.00, real=0.01 secs] 
2012-10-21T15:16:55.522+0100: 161291.505: [GC 161291.505: [DefNew: 17849K->803K(19136K), 0.0061410 secs] 64273K->47301K(260032K), 0.0062410 secs] [Times: user=0.01 sys=0.00, real=0.01 secs] 
2012-10-21T15:17:45.585+0100: 161341.568: [GC 161341.568: [DefNew: 17803K->685K(19136K), 0.0055020 secs] 64301K->47184K(260032K), 0.0056100 secs] [Times: user=0.01 sys=0.00, real=0.01 secs] 
2012-10-21T15:18:30.321+0100: 161386.304: [GC 161386.304: [DefNew: 17709K->794K(19136K), 0.0060270 secs] 64208K->47293K(260032K), 0.0061330 secs] [Times: user=0.00 sys=0.00, real=0.00 secs] 
2012-10-21T15:19:15.924+0100: 161431.907: [GC 161431.907: [DefNew: 17818K->1128K(19136K), 0.0064880 secs] 64317K->47626K(260032K), 0.0065960 secs] [Times: user=0.01 sys=0.00, real=0.01 secs] 
2012-10-21T15:20:02.477+0100: 161478.460: [GC 161478.460: [DefNew: 18152K->905K(19136K), 0.0060240 secs] 64650K->47495K(260032K), 0.0061260 secs] [Times: user=0.01 sys=0.00, real=0.01 secs] 
2012-10-21T15:20:50.647+0100: 161526.630: [GC 161526.630: [DefNew: 17927K->1003K(19136K), 0.0062520 secs] 64517K->47594K(260032K), 0.0063580 secs] [Times: user=0.00 sys=0.01, real=0.00 secs] 
2012-10-21T15:21:40.146+0100: 161576.129: [GC 161576.129: [DefNew: 17999K->875K(19136K), 0.0066430 secs] 64589K->47465K(260032K), 0.0067500 secs] [Times: user=0.00 sys=0.00, real=0.01 secs] 
2012-10-21T15:22:30.614+0100: 161626.597: [GC 161626.597: [DefNew: 17887K->588K(19136K), 0.0050250 secs] 64477K->47179K(260032K), 0.0051220 secs] [Times: user=0.00 sys=0.00, real=0.01 secs] 
2012-10-21T15:23:15.167+0100: 161671.149: [GC 161671.150: [DefNew: 17610K->769K(19136K), 0.0071860 secs] 64201K->47360K(260032K), 0.0072880 secs] [Times: user=0.01 sys=0.00, real=0.01 secs] 
2012-10-21T15:24:00.658+0100: 161716.641: [GC 161716.641: [DefNew: 17793K->1095K(19136K), 0.0059260 secs] 64384K->47686K(260032K), 0.0060830 secs] [Times: user=0.01 sys=0.00, real=0.00 secs] 
2012-10-21T15:24:52.725+0100: 161768.707: [GC 161768.708: [DefNew: 18118K->940K(19136K), 0.0041560 secs] 64708K->47531K(260032K), 0.0042560 secs] [Times: user=0.01 sys=0.00, real=0.01 secs] 
2012-10-21T15:25:37.732+0100: 161813.715: [GC 161813.715: [DefNew: 17964K->1139K(19136K), 0.0063240 secs] 64555K->47730K(260032K), 0.0064530 secs] [Times: user=0.00 sys=0.00, real=0.01 secs] 
2012-10-21T15:26:25.225+0100: 161861.208: [GC 161861.208: [DefNew: 18163K->697K(19136K), 0.0058770 secs] 64754K->47415K(260032K), 0.0059920 secs] [Times: user=0.01 sys=0.00, real=0.01 secs] 
2012-10-21T15:27:15.419+0100: 161911.402: [GC 161911.402: [DefNew: 17721K->729K(19136K), 0.0053430 secs] 64439K->47447K(260032K), 0.0054450 secs] [Times: user=0.00 sys=0.01, real=0.00 secs] 
2012-10-21T15:28:00.294+0100: 161956.277: [GC 161956.277: [DefNew: 17753K->1055K(19136K), 0.0075010 secs] 64471K->47773K(260032K), 0.0076130 secs] [Times: user=0.00 sys=0.00, real=0.01 secs] 
2012-10-21T15:28:50.310+0100: 162006.293: [GC 162006.293: [DefNew: 18079K->825K(19136K), 0.0056860 secs] 64797K->47543K(260032K), 0.0057880 secs] [Times: user=0.00 sys=0.00, real=0.00 secs] 
2012-10-21T15:29:20.580+0100: 162036.563: [GC 162036.563: [DefNew: 17849K->1014K(19136K), 0.0061330 secs] 64567K->47731K(260032K), 0.0062520 secs] [Times: user=0.00 sys=0.00, real=0.00 secs] 
2012-10-21T15:30:05.550+0100: 162081.533: [GC 162081.533: [DefNew: 18020K->1006K(19136K), 0.0065490 secs] 64738K->47797K(260032K), 0.0066500 secs] [Times: user=0.01 sys=0.00, real=0.00 secs] 
2012-10-21T15:30:54.823+0100: 162130.806: [GC 162130.806: [DefNew: 18030K->881K(19136K), 0.0055480 secs] 64821K->47672K(260032K), 0.0056460 secs] [Times: user=0.00 sys=0.00, real=0.01 secs] 
2012-10-21T15:31:45.579+0100: 162181.561: [GC 162181.562: [DefNew: 17905K->432K(19136K), 0.0046690 secs] 64696K->47224K(260032K), 0.0047670 secs] [Times: user=0.00 sys=0.00, real=0.00 secs] 
2012-10-21T15:32:30.940+0100: 162226.922: [GC 162226.923: [DefNew: 17454K->1062K(19136K), 0.0062450 secs] 64245K->47856K(260032K), 0.0063880 secs] [Times: user=0.00 sys=0.01, real=0.00 secs] 
2012-10-21T15:33:20.370+0100: 162276.353: [GC 162276.353: [DefNew: 18086K->917K(19136K), 0.0057130 secs] 64880K->47711K(260032K), 0.0058080 secs] [Times: user=0.01 sys=0.00, real=0.00 secs] 
2012-10-21T15:34:05.334+0100: 162321.317: [GC 162321.317: [DefNew: 17941K->1036K(19136K), 0.0080770 secs] 64735K->47831K(260032K), 0.0081880 secs] [Times: user=0.00 sys=0.00, real=0.01 secs] 
2012-10-21T15:34:54.938+0100: 162370.921: [GC 162370.921: [DefNew: 18060K->977K(19136K), 0.0058560 secs] 64855K->47772K(260032K), 0.0059490 secs] [Times: user=0.00 sys=0.00, real=0.00 secs] 
2012-10-21T15:35:45.287+0100: 162421.270: [GC 162421.270: [DefNew: 18001K->527K(19136K), 0.0033640 secs] 64796K->47321K(260032K), 0.0034370 secs] [Times: user=0.00 sys=0.00, real=0.01 secs] 
2012-10-21T15:36:30.884+0100: 162466.867: [GC 162466.867: [DefNew: 17522K->1138K(19136K), 0.0061640 secs] 64317K->47933K(260032K), 0.0062780 secs] [Times: user=0.01 sys=0.00, real=0.01 secs] 
2012-10-21T15:37:20.449+0100: 162516.432: [GC 162516.432: [DefNew: 18162K->792K(19136K), 0.0066510 secs] 64957K->47724K(260032K), 0.0067630 secs] [Times: user=0.00 sys=0.00, real=0.00 secs] 
2012-10-21T15:38:06.171+0100: 162562.154: [GC 162562.154: [DefNew: 17816K->1156K(19136K), 0.0061020 secs] 64748K->48088K(260032K), 0.0062060 secs] [Times: user=0.01 sys=0.00, real=0.01 secs] 
2012-10-21T15:38:54.333+0100: 162610.316: [GC 162610.316: [DefNew: 18166K->879K(19136K), 0.0062730 secs] 65099K->47938K(260032K), 0.0063690 secs] [Times: user=0.01 sys=0.00, real=0.01 secs] 
2012-10-21T15:39:45.602+0100: 162661.585: [GC 162661.585: [DefNew: 17888K->688K(19136K), 0.0051580 secs] 64946K->47746K(260032K), 0.0053040 secs] [Times: user=0.00 sys=0.00, real=0.00 secs] 
2012-10-21T15:40:32.557+0100: 162708.540: [GC 162708.540: [DefNew: 17712K->1059K(19136K), 0.0060760 secs] 64770K->48118K(260032K), 0.0061800 secs] [Times: user=0.00 sys=0.00, real=0.00 secs] 
2012-10-21T15:41:15.994+0100: 162751.977: [GC 162751.977: [DefNew: 18083K->1093K(19136K), 0.0144230 secs] 65142K->48339K(260032K), 0.0146370 secs] [Times: user=0.01 sys=0.00, real=0.02 secs] 
2012-10-21T15:42:10.353+0100: 162806.336: [GC 162806.336: [DefNew: 18105K->307K(19136K), 0.0065750 secs] 65351K->47555K(260032K), 0.0066690 secs] [Times: user=0.00 sys=0.00, real=0.01 secs] 
2012-10-21T15:42:55.407+0100: 162851.390: [GC 162851.390: [DefNew: 17324K->942K(19136K), 0.0055960 secs] 64572K->48191K(260032K), 0.0057040 secs] [Times: user=0.01 sys=0.00, real=0.00 secs] 
2012-10-21T15:43:44.342+0100: 162900.325: [GC 162900.325: [DefNew: 17966K->1034K(19136K), 0.0039980 secs] 65215K->48283K(260032K), 0.0040700 secs] [Times: user=0.00 sys=0.00, real=0.00 secs] 
2012-10-21T15:44:31.821+0100: 162947.804: [GC 162947.804: [DefNew: 18058K->1058K(19136K), 0.0056890 secs] 65307K->48306K(260032K), 0.0057930 secs] [Times: user=0.00 sys=0.00, real=0.00 secs] 
2012-10-21T15:45:20.512+0100: 162996.495: [GC 162996.495: [DefNew: 18082K->919K(19136K), 0.0068910 secs] 65330K->48259K(260032K), 0.0070080 secs] [Times: user=0.00 sys=0.00, real=0.01 secs] 
2012-10-21T15:46:10.537+0100: 163046.520: [GC 163046.520: [DefNew: 17918K->593K(19136K), 0.0050620 secs] 65259K->47933K(260032K), 0.0051640 secs] [Times: user=0.00 sys=0.00, real=0.01 secs] 
2012-10-21T15:46:55.986+0100: 163091.969: [GC 163091.969: [DefNew: 17617K->1160K(19136K), 0.0062190 secs] 64957K->48500K(260032K), 0.0063410 secs] [Times: user=0.00 sys=0.00, real=0.01 secs] 
2012-10-21T15:47:45.918+0100: 163141.901: [GC 163141.901: [DefNew: 18160K->903K(19136K), 0.0062420 secs] 65501K->48340K(260032K), 0.0063690 secs] [Times: user=0.01 sys=0.00, real=0.00 secs] 
2012-10-21T15:48:35.408+0100: 163191.391: [GC 163191.391: [DefNew: 17927K->815K(19136K), 0.0074730 secs] 65364K->48251K(260032K), 0.0075790 secs] [Times: user=0.01 sys=0.00, real=0.00 secs] 
2012-10-21T15:49:20.908+0100: 163236.891: [GC 163236.891: [DefNew: 17809K->1189K(19136K), 0.0061560 secs] 65245K->48626K(260032K), 0.0062610 secs] [Times: user=0.00 sys=0.00, real=0.00 secs] 
2012-10-21T15:50:10.440+0100: 163286.423: [GC 163286.423: [DefNew: 18213K->837K(19136K), 0.0060910 secs] 65650K->48304K(260032K), 0.0061900 secs] [Times: user=0.01 sys=0.00, real=0.00 secs] 
2012-10-21T15:50:55.936+0100: 163331.919: [GC 163331.919: [DefNew: 17861K->1188K(19136K), 0.0061980 secs] 65328K->48656K(260032K), 0.0063030 secs] [Times: user=0.01 sys=0.00, real=0.01 secs] 
2012-10-21T15:51:46.304+0100: 163382.287: [GC 163382.287: [DefNew: 18212K->1060K(19136K), 0.0069340 secs] 65680K->48620K(260032K), 0.0070420 secs] [Times: user=0.01 sys=0.00, real=0.01 secs] 
2012-10-21T15:52:35.902+0100: 163431.885: [GC 163431.885: [DefNew: 18062K->874K(19136K), 0.0062170 secs] 65622K->48498K(260032K), 0.0063320 secs] [Times: user=0.00 sys=0.00, real=0.01 secs] 
2012-10-21T15:53:25.450+0100: 163481.433: [GC 163481.433: [DefNew: 17898K->432K(19136K), 0.0048480 secs] 65522K->48056K(260032K), 0.0049470 secs] [Times: user=0.01 sys=0.00, real=0.00 secs] 
2012-10-21T15:54:11.117+0100: 163527.100: [GC 163527.100: [DefNew: 17456K->937K(19136K), 0.0056890 secs] 65080K->48561K(260032K), 0.0057920 secs] [Times: user=0.00 sys=0.00, real=0.01 secs] 
2012-10-21T15:55:00.495+0100: 163576.478: [GC 163576.478: [DefNew: 17948K->658K(19136K), 0.0094330 secs] 65572K->48283K(260032K), 0.0095460 secs] [Times: user=0.00 sys=0.00, real=0.01 secs] 
2012-10-21T15:55:45.432+0100: 163621.415: [GC 163621.415: [DefNew: 17682K->748K(19136K), 0.0059110 secs] 65307K->48372K(260032K), 0.0060140 secs] [Times: user=0.01 sys=0.00, real=0.01 secs] 
2012-10-21T15:56:30.927+0100: 163666.910: [GC 163666.910: [DefNew: 17772K->1044K(19136K), 0.0059470 secs] 65396K->48668K(260032K), 0.0060490 secs] [Times: user=0.00 sys=0.00, real=0.01 secs] 
2012-10-21T15:57:20.853+0100: 163716.836: [GC 163716.836: [DefNew: 18068K->1129K(19136K), 0.0061750 secs] 65692K->48753K(260032K), 0.0062860 secs] [Times: user=0.00 sys=0.00, real=0.01 secs] 
2012-10-21T15:58:10.482+0100: 163766.465: [GC 163766.465: [DefNew: 18153K->884K(19136K), 0.0058880 secs] 65777K->48509K(260032K), 0.0060000 secs] [Times: user=0.01 sys=0.00, real=0.01 secs] 
2012-10-21T15:58:55.772+0100: 163811.755: [GC 163811.755: [DefNew: 17908K->1574K(19136K), 0.0072120 secs] 65533K->49198K(260032K), 0.0073250 secs] [Times: user=0.01 sys=0.00, real=0.01 secs] 
2012-10-21T15:59:45.574+0100: 163861.557: [GC 163861.557: [DefNew: 18598K->433K(19136K), 0.0046630 secs] 66222K->48416K(260032K), 0.0047350 secs] [Times: user=0.01 sys=0.00, real=0.01 secs] 
2012-10-21T16:00:31.050+0100: 163907.033: [GC 163907.033: [DefNew: 17457K->1004K(19136K), 0.0060360 secs] 65440K->48987K(260032K), 0.0061410 secs] [Times: user=0.00 sys=0.00, real=0.00 secs] 
2012-10-21T16:01:20.565+0100: 163956.548: [GC 163956.548: [DefNew: 18028K->879K(19136K), 0.0059030 secs] 66011K->48862K(260032K), 0.0060140 secs] [Times: user=0.01 sys=0.00, real=0.01 secs] 
2012-10-21T16:02:10.563+0100: 164006.546: [GC 164006.546: [DefNew: 17877K->653K(19136K), 0.0052660 secs] 65860K->48636K(260032K), 0.0053710 secs] [Times: user=0.01 sys=0.00, real=0.01 secs] 
2012-10-21T16:02:56.889+0100: 164052.871: [GC 164052.872: [DefNew: 17677K->1159K(19136K), 0.0060780 secs] 65660K->49142K(260032K), 0.0061800 secs] [Times: user=0.00 sys=0.00, real=0.00 secs] 
2012-10-21T16:03:44.303+0100: 164100.286: [GC 164100.286: [DefNew: 18183K->846K(19136K), 0.0062740 secs] 66166K->48955K(260032K), 0.0063860 secs] [Times: user=0.02 sys=0.00, real=0.01 secs] 
2012-10-21T16:04:35.576+0100: 164151.559: [GC 164151.559: [DefNew: 17858K->559K(19136K), 0.0051500 secs] 65966K->48668K(260032K), 0.0052510 secs] [Times: user=0.01 sys=0.00, real=0.01 secs] 
2012-10-21T16:05:20.843+0100: 164196.826: [GC 164196.826: [DefNew: 17583K->917K(19136K), 0.0056060 secs] 65692K->49026K(260032K), 0.0057020 secs] [Times: user=0.00 sys=0.00, real=0.01 secs] 
2012-10-21T16:06:10.809+0100: 164246.792: [GC 164246.792: [DefNew: 17941K->573K(19136K), 0.0056730 secs] 66050K->48681K(260032K), 0.0057760 secs] [Times: user=0.00 sys=0.00, real=0.00 secs] 
2012-10-21T16:06:56.136+0100: 164292.119: [GC 164292.119: [DefNew: 17597K->1267K(19136K), 0.0047180 secs] 65705K->49376K(260032K), 0.0048350 secs] [Times: user=0.01 sys=0.00, real=0.01 secs] 
2012-10-21T16:07:45.613+0100: 164341.595: [GC 164341.596: [DefNew: 18290K->852K(19136K), 0.0076200 secs] 66399K->49168K(260032K), 0.0077350 secs] [Times: user=0.01 sys=0.00, real=0.01 secs] 
2012-10-21T16:08:35.606+0100: 164391.589: [GC 164391.589: [DefNew: 17858K->374K(19136K), 0.0050820 secs] 66174K->48691K(260032K), 0.0051790 secs] [Times: user=0.01 sys=0.00, real=0.01 secs] 
2012-10-21T16:09:20.585+0100: 164436.567: [GC 164436.568: [DefNew: 17389K->937K(19136K), 0.0057530 secs] 65705K->49253K(260032K), 0.0059070 secs] [Times: user=0.00 sys=0.00, real=0.01 secs] 
2012-10-21T16:10:06.470+0100: 164482.453: [GC 164482.453: [DefNew: 17959K->1249K(19136K), 0.0063840 secs] 66276K->49567K(260032K), 0.0064910 secs] [Times: user=0.00 sys=0.00, real=0.00 secs] 
2012-10-21T16:10:54.875+0100: 164530.858: [GC 164530.858: [DefNew: 18252K->940K(19136K), 0.0066310 secs] 66570K->49397K(260032K), 0.0067410 secs] [Times: user=0.00 sys=0.00, real=0.01 secs] 
2012-10-21T16:11:45.587+0100: 164581.570: [GC 164581.570: [DefNew: 17957K->338K(19136K), 0.0045720 secs] 66414K->48795K(260032K), 0.0046720 secs] [Times: user=0.01 sys=0.00, real=0.01 secs] 
2012-10-21T16:12:31.211+0100: 164627.194: [GC 164627.194: [DefNew: 17359K->1007K(19136K), 0.0062880 secs] 65815K->49463K(260032K), 0.0063990 secs] [Times: user=0.01 sys=0.00, real=0.01 secs] 
2012-10-21T16:13:20.723+0100: 164676.705: [GC 164676.706: [DefNew: 18019K->876K(19136K), 0.0080830 secs] 66475K->49333K(260032K), 0.0082100 secs] [Times: user=0.01 sys=0.00, real=0.01 secs] 
2012-10-21T16:14:06.169+0100: 164722.152: [GC 164722.152: [DefNew: 17900K->1192K(19136K), 0.0063130 secs] 66357K->49649K(260032K), 0.0064280 secs] [Times: user=0.00 sys=0.00, real=0.00 secs] 
2012-10-21T16:14:55.638+0100: 164771.621: [GC 164771.621: [DefNew: 18216K->1176K(19136K), 0.0065010 secs] 66673K->49697K(260032K), 0.0066380 secs] [Times: user=0.01 sys=0.00, real=0.00 secs] 
2012-10-21T16:15:45.530+0100: 164821.513: [GC 164821.513: [DefNew: 18191K->654K(19136K), 0.0064350 secs] 66712K->49312K(260032K), 0.0065360 secs] [Times: user=0.01 sys=0.00, real=0.00 secs] 
2012-10-21T16:16:31.091+0100: 164867.074: [GC 164867.074: [DefNew: 17678K->1096K(19136K), 0.0058860 secs] 66336K->49754K(260032K), 0.0059950 secs] [Times: user=0.00 sys=0.00, real=0.00 secs] 
2012-10-21T16:17:20.676+0100: 164916.659: [GC 164916.659: [DefNew: 18094K->654K(19136K), 0.0060020 secs] 66752K->49376K(260032K), 0.0061180 secs] [Times: user=0.01 sys=0.00, real=0.01 secs] 
2012-10-21T16:18:06.086+0100: 164962.069: [GC 164962.070: [DefNew: 17678K->1064K(19136K), 0.0083250 secs] 66400K->49787K(260032K), 0.0084460 secs] [Times: user=0.01 sys=0.00, real=0.01 secs] 
2012-10-21T16:18:55.626+0100: 165011.609: [GC 165011.609: [DefNew: 18088K->846K(19136K), 0.0062850 secs] 66811K->49568K(260032K), 0.0064970 secs] [Times: user=0.01 sys=0.00, real=0.01 secs] 
2012-10-21T16:19:44.307+0100: 165060.290: [GC 165060.290: [DefNew: 17870K->779K(19136K), 0.0054180 secs] 66592K->49502K(260032K), 0.0055210 secs] [Times: user=0.01 sys=0.00, real=0.01 secs] 
2012-10-21T16:20:31.196+0100: 165107.179: [GC 165107.179: [DefNew: 17803K->1048K(19136K), 0.0061810 secs] 66526K->49770K(260032K), 0.0062880 secs] [Times: user=0.00 sys=0.00, real=0.01 secs] 
2012-10-21T16:21:20.857+0100: 165156.840: [GC 165156.840: [DefNew: 18068K->831K(19136K), 0.0061970 secs] 66790K->49553K(260032K), 0.0063000 secs] [Times: user=0.01 sys=0.00, real=0.01 secs] 
2012-10-21T16:22:10.816+0100: 165206.799: [GC 165206.799: [DefNew: 17849K->433K(19136K), 0.0053590 secs] 66572K->49155K(260032K), 0.0054550 secs] [Times: user=0.01 sys=0.00, real=0.01 secs] 
2012-10-21T16:22:56.322+0100: 165252.305: [GC 165252.305: [DefNew: 17439K->972K(19136K), 0.0058040 secs] 66162K->49694K(260032K), 0.0059050 secs] [Times: user=0.00 sys=0.00, real=0.01 secs] 
2012-10-21T16:23:44.331+0100: 165300.314: [GC 165300.314: [DefNew: 17981K->969K(19136K), 0.0056490 secs] 66704K->49692K(260032K), 0.0057740 secs] [Times: user=0.01 sys=0.00, real=0.00 secs] 
2012-10-21T16:24:31.277+0100: 165347.260: [GC 165347.260: [DefNew: 17993K->1008K(19136K), 0.0058240 secs] 66716K->49731K(260032K), 0.0059230 secs] [Times: user=0.00 sys=0.00, real=0.01 secs] 
2012-10-21T16:25:20.701+0100: 165396.684: [GC 165396.684: [DefNew: 18032K->1003K(19136K), 0.0057620 secs] 66755K->49726K(260032K), 0.0058720 secs] [Times: user=0.00 sys=0.00, real=0.00 secs] 
2012-10-21T16:26:10.665+0100: 165446.648: [GC 165446.648: [DefNew: 18027K->337K(19136K), 0.0046140 secs] 66750K->49059K(260032K), 0.0047080 secs] [Times: user=0.01 sys=0.00, real=0.01 secs] 
2012-10-21T16:26:56.002+0100: 165491.985: [GC 165491.985: [DefNew: 17342K->1012K(19136K), 0.0058380 secs] 66064K->49735K(260032K), 0.0059380 secs] [Times: user=0.01 sys=0.00, real=0.01 secs] 
2012-10-21T16:27:45.723+0100: 165541.706: [GC 165541.706: [DefNew: 18032K->1014K(19136K), 0.0059240 secs] 66755K->49737K(260032K), 0.0060530 secs] [Times: user=0.00 sys=0.00, real=0.01 secs] 
2012-10-21T16:28:35.948+0100: 165591.931: [GC 165591.931: [DefNew: 18038K->569K(19136K), 0.0050210 secs] 66761K->49292K(260032K), 0.0051180 secs] [Times: user=0.00 sys=0.00, real=0.00 secs] 
2012-10-21T16:29:01.180+0100: 165617.163: [GC 165617.163: [DefNew: 17593K->1264K(19136K), 0.0062290 secs] 66316K->49987K(260032K), 0.0063440 secs] [Times: user=0.01 sys=0.00, real=0.00 secs] 
2012-10-21T16:29:51.113+0100: 165667.096: [GC 165667.096: [DefNew: 18267K->1000K(19136K), 0.0151170 secs] 66989K->49926K(260032K), 0.0152470 secs] [Times: user=0.01 sys=0.00, real=0.02 secs] 
2012-10-21T16:30:40.711+0100: 165716.694: [GC 165716.694: [DefNew: 18024K->655K(19136K), 0.0053830 secs] 66950K->49581K(260032K), 0.0054850 secs] [Times: user=0.00 sys=0.00, real=0.00 secs] 
2012-10-21T16:31:26.234+0100: 165762.217: [GC 165762.217: [DefNew: 17679K->1096K(19136K), 0.0061200 secs] 66605K->50021K(260032K), 0.0062260 secs] [Times: user=0.01 sys=0.00, real=0.01 secs] 
2012-10-21T16:32:16.259+0100: 165812.242: [GC 165812.242: [DefNew: 18120K->1135K(19136K), 0.0061600 secs] 67045K->50061K(260032K), 0.0062680 secs] [Times: user=0.01 sys=0.00, real=0.00 secs] 
2012-10-21T16:33:06.135+0100: 165862.118: [GC 165862.119: [DefNew: 18152K->969K(19136K), 0.0063390 secs] 67078K->49897K(260032K), 0.0064440 secs] [Times: user=0.01 sys=0.00, real=0.01 secs] 
2012-10-21T16:33:54.466+0100: 165910.449: [GC 165910.449: [DefNew: 17993K->884K(19136K), 0.0054970 secs] 66921K->49811K(260032K), 0.0055960 secs] [Times: user=0.01 sys=0.00, real=0.01 secs] 
2012-10-21T16:34:41.359+0100: 165957.341: [GC 165957.342: [DefNew: 17908K->1130K(19136K), 0.0109250 secs] 66835K->50057K(260032K), 0.0110490 secs] [Times: user=0.00 sys=0.01, real=0.01 secs] 
2012-10-21T16:35:30.665+0100: 166006.648: [GC 166006.648: [DefNew: 18154K->852K(19136K), 0.0060970 secs] 67081K->49872K(260032K), 0.0062020 secs] [Times: user=0.00 sys=0.00, real=0.01 secs] 
2012-10-21T16:36:20.779+0100: 166056.762: [GC 166056.762: [DefNew: 17876K->566K(19136K), 0.0049040 secs] 66896K->49585K(260032K), 0.0050060 secs] [Times: user=0.00 sys=0.00, real=0.00 secs] 
2012-10-21T16:37:06.279+0100: 166102.262: [GC 166102.262: [DefNew: 17590K->1204K(19136K), 0.0117220 secs] 66609K->50223K(260032K), 0.0118420 secs] [Times: user=0.00 sys=0.00, real=0.01 secs] 
2012-10-21T16:37:56.217+0100: 166152.200: [GC 166152.200: [DefNew: 18228K->942K(19136K), 0.0070700 secs] 67247K->50161K(260032K), 0.0071770 secs] [Times: user=0.00 sys=0.00, real=0.01 secs] 
2012-10-21T16:38:44.334+0100: 166200.317: [GC 166200.317: [DefNew: 17966K->1006K(19136K), 0.0059170 secs] 67185K->50225K(260032K), 0.0060180 secs] [Times: user=0.01 sys=0.00, real=0.01 secs] 
2012-10-21T16:39:31.801+0100: 166247.783: [GC 166247.784: [DefNew: 18030K->1318K(19136K), 0.0064740 secs] 67249K->50537K(260032K), 0.0065820 secs] [Times: user=0.01 sys=0.00, real=0.00 secs] 
2012-10-21T16:40:16.279+0100: 166292.262: [GC 166292.262: [DefNew: 18342K->1038K(19136K), 0.0072780 secs] 67561K->50548K(260032K), 0.0073960 secs] [Times: user=0.01 sys=0.00, real=0.00 secs] 
2012-10-21T16:41:06.334+0100: 166342.317: [GC 166342.317: [DefNew: 18062K->938K(19136K), 0.0062810 secs] 67572K->50448K(260032K), 0.0063940 secs] [Times: user=0.01 sys=0.00, real=0.01 secs] 
2012-10-21T16:41:55.916+0100: 166391.899: [GC 166391.899: [DefNew: 17962K->976K(19136K), 0.0058440 secs] 67472K->50486K(260032K), 0.0059420 secs] [Times: user=0.00 sys=0.00, real=0.01 secs] 
2012-10-21T16:42:45.908+0100: 166441.891: [GC 166441.891: [DefNew: 18000K->910K(19136K), 0.0075460 secs] 67510K->50420K(260032K), 0.0076660 secs] [Times: user=0.01 sys=0.00, real=0.00 secs] 
2012-10-21T16:43:35.825+0100: 166491.808: [GC 166491.808: [DefNew: 17934K->467K(19136K), 0.0139560 secs] 67444K->49977K(260032K), 0.0140790 secs] [Times: user=0.01 sys=0.00, real=0.02 secs] 
2012-10-21T16:44:21.068+0100: 166537.051: [GC 166537.051: [DefNew: 17491K->748K(19136K), 0.0060520 secs] 67001K->50292K(260032K), 0.0061510 secs] [Times: user=0.00 sys=0.01, real=0.00 secs] 
2012-10-21T16:45:06.379+0100: 166582.362: [GC 166582.362: [DefNew: 17772K->1289K(19136K), 0.0090440 secs] 67316K->50833K(260032K), 0.0091650 secs] [Times: user=0.01 sys=0.00, real=0.01 secs] 
2012-10-21T16:45:55.804+0100: 166631.787: [GC 166631.787: [DefNew: 18313K->1099K(19136K), 0.0105700 secs] 67857K->50831K(260032K), 0.0107080 secs] [Times: user=0.00 sys=0.00, real=0.01 secs] 
2012-10-21T16:46:45.950+0100: 166681.933: [GC 166681.933: [DefNew: 18121K->355K(19136K), 0.0069930 secs] 67853K->50151K(260032K), 0.0071070 secs] [Times: user=0.01 sys=0.00, real=0.00 secs] 
2012-10-21T16:47:31.420+0100: 166727.403: [GC 166727.404: [DefNew: 17379K->1226K(19136K), 0.0062430 secs] 67175K->51023K(260032K), 0.0064080 secs] [Times: user=0.01 sys=0.00, real=0.00 secs] 
2012-10-21T16:48:16.715+0100: 166772.698: [GC 166772.698: [DefNew: 18250K->1043K(19136K), 0.0066030 secs] 68047K->50966K(260032K), 0.0067500 secs] [Times: user=0.02 sys=0.00, real=0.01 secs] 
2012-10-21T16:49:06.041+0100: 166822.024: [GC 166822.024: [DefNew: 18060K->757K(19136K), 0.0075510 secs] 67983K->50680K(260032K), 0.0076530 secs] [Times: user=0.01 sys=0.00, real=0.01 secs] 
2012-10-21T16:49:55.980+0100: 166871.963: [GC 166871.963: [DefNew: 17781K->793K(19136K), 0.0054390 secs] 67704K->50716K(260032K), 0.0055560 secs] [Times: user=0.00 sys=0.00, real=0.00 secs] 
2012-10-21T16:50:41.364+0100: 166917.347: [GC 166917.347: [DefNew: 17817K->1099K(19136K), 0.0067590 secs] 67740K->51022K(260032K), 0.0068710 secs] [Times: user=0.01 sys=0.00, real=0.01 secs] 
2012-10-21T16:51:31.120+0100: 166967.103: [GC 166967.103: [DefNew: 18123K->595K(19136K), 0.0050290 secs] 68046K->50518K(260032K), 0.0051260 secs] [Times: user=0.00 sys=0.00, real=0.00 secs] 
2012-10-21T16:52:20.933+0100: 167016.916: [GC 167016.916: [DefNew: 17619K->527K(19136K), 0.0050760 secs] 67542K->50450K(260032K), 0.0056520 secs] [Times: user=0.01 sys=0.00, real=0.01 secs] 
2012-10-21T16:53:06.379+0100: 167062.362: [GC 167062.362: [DefNew: 17526K->1000K(19136K), 0.0057690 secs] 67449K->50924K(260032K), 0.0058730 secs] [Times: user=0.00 sys=0.00, real=0.00 secs] 
2012-10-21T16:53:54.766+0100: 167110.749: [GC 167110.749: [DefNew: 18024K->854K(19136K), 0.0054440 secs] 67948K->50778K(260032K), 0.0055390 secs] [Times: user=0.01 sys=0.00, real=0.01 secs] 
2012-10-21T16:54:46.129+0100: 167162.112: [GC 167162.114: [DefNew: 17868K->561K(19136K), 0.0059360 secs] 67792K->50484K(260032K), 0.0074700 secs] [Times: user=0.00 sys=0.00, real=0.00 secs] 
2012-10-21T16:55:31.445+0100: 167207.428: [GC 167207.428: [DefNew: 17585K->1031K(19136K), 0.0065290 secs] 67508K->50955K(260032K), 0.0066500 secs] [Times: user=0.00 sys=0.00, real=0.01 secs] 
2012-10-21T16:56:20.832+0100: 167256.815: [GC 167256.815: [DefNew: 18048K->506K(19136K), 0.0048070 secs] 67971K->50429K(260032K), 0.0049100 secs] [Times: user=0.00 sys=0.00, real=0.00 secs] 
2012-10-21T16:57:05.988+0100: 167301.971: [GC 167301.971: [DefNew: 17530K->1142K(19136K), 0.0062450 secs] 67453K->51065K(260032K), 0.0063530 secs] [Times: user=0.01 sys=0.00, real=0.00 secs] 
2012-10-21T16:57:56.009+0100: 167351.992: [GC 167351.992: [DefNew: 18163K->955K(19136K), 0.0063790 secs] 68086K->50952K(260032K), 0.0064720 secs] [Times: user=0.00 sys=0.00, real=0.00 secs] 
2012-10-21T16:58:44.127+0100: 167400.109: [GC 167400.110: [DefNew: 17962K->939K(19136K), 0.0059020 secs] 67959K->50936K(260032K), 0.0060030 secs] [Times: user=0.01 sys=0.00, real=0.01 secs] 
2012-10-21T16:59:31.442+0100: 167447.425: [GC 167447.425: [DefNew: 17943K->1240K(19136K), 0.0064720 secs] 67940K->51237K(260032K), 0.0066960 secs] [Times: user=0.01 sys=0.00, real=0.01 secs] 
2012-10-21T17:00:20.883+0100: 167496.866: [GC 167496.866: [DefNew: 18264K->1041K(19136K), 0.0065470 secs] 68261K->51130K(260032K), 0.0066870 secs] [Times: user=0.00 sys=0.00, real=0.01 secs] 
2012-10-21T17:01:06.324+0100: 167542.307: [GC 167542.307: [DefNew: 18037K->1147K(19136K), 0.0088910 secs] 68126K->51236K(260032K), 0.0090230 secs] [Times: user=0.01 sys=0.00, real=0.01 secs] 
2012-10-21T17:01:54.375+0100: 167590.358: [GC 167590.358: [DefNew: 18171K->816K(19136K), 0.0065670 secs] 68260K->51113K(260032K), 0.0066870 secs] [Times: user=0.00 sys=0.00, real=0.01 secs] 
2012-10-21T17:02:46.086+0100: 167642.069: [GC 167642.069: [DefNew: 17840K->432K(19136K), 0.0048980 secs] 68137K->50729K(260032K), 0.0050020 secs] [Times: user=0.00 sys=0.00, real=0.01 secs] 
2012-10-21T17:03:31.737+0100: 167687.720: [GC 167687.720: [DefNew: 17442K->1032K(19136K), 0.0062410 secs] 67740K->51331K(260032K), 0.0063460 secs] [Times: user=0.00 sys=0.00, real=0.00 secs] 
2012-10-21T17:04:20.976+0100: 167736.959: [GC 167736.959: [DefNew: 18030K->371K(19136K), 0.0046470 secs] 68329K->50669K(260032K), 0.0047790 secs] [Times: user=0.00 sys=0.00, real=0.01 secs] 
2012-10-21T17:05:06.340+0100: 167782.323: [GC 167782.323: [DefNew: 17375K->1033K(19136K), 0.0062370 secs] 67673K->51332K(260032K), 0.0063440 secs] [Times: user=0.00 sys=0.00, real=0.00 secs] 
2012-10-21T17:05:56.025+0100: 167832.008: [GC 167832.008: [DefNew: 18057K->854K(19136K), 0.0064540 secs] 68356K->51215K(260032K), 0.0065580 secs] [Times: user=0.00 sys=0.00, real=0.01 secs] 
2012-10-21T17:06:46.163+0100: 167882.146: [GC 167882.146: [DefNew: 17878K->850K(19136K), 0.0062080 secs] 68239K->51211K(260032K), 0.0070360 secs] [Times: user=0.01 sys=0.00, real=0.01 secs] 
2012-10-21T17:07:36.148+0100: 167932.131: [GC 167932.131: [DefNew: 17866K->627K(19136K), 0.0051380 secs] 68227K->50988K(260032K), 0.0052330 secs] [Times: user=0.01 sys=0.00, real=0.00 secs] 
2012-10-21T17:08:21.505+0100: 167977.488: [GC 167977.488: [DefNew: 17651K->1103K(19136K), 0.0084090 secs] 68012K->51464K(260032K), 0.0085450 secs] [Times: user=0.01 sys=0.00, real=0.01 secs] 
2012-10-21T17:09:11.149+0100: 168027.132: [GC 168027.132: [DefNew: 18127K->591K(19136K), 0.0059440 secs] 68488K->51057K(260032K), 0.0060410 secs] [Times: user=0.00 sys=0.00, real=0.00 secs] 
2012-10-21T17:09:54.748+0100: 168070.731: [GC 168070.731: [DefNew: 17615K->1142K(19136K), 0.0061280 secs] 68081K->51607K(260032K), 0.0062320 secs] [Times: user=0.00 sys=0.00, real=0.00 secs] 
2012-10-21T17:10:46.183+0100: 168122.166: [GC 168122.166: [DefNew: 18159K->609K(19136K), 0.0052680 secs] 68625K->51108K(260032K), 0.0053670 secs] [Times: user=0.01 sys=0.00, real=0.01 secs] 
2012-10-21T17:11:36.080+0100: 168172.063: [GC 168172.063: [DefNew: 17628K->636K(19136K), 0.0064020 secs] 68127K->51135K(260032K), 0.0065140 secs] [Times: user=0.01 sys=0.00, real=0.00 secs] 
2012-10-21T17:12:21.739+0100: 168217.722: [GC 168217.722: [DefNew: 17630K->1205K(19136K), 0.0067150 secs] 68128K->51704K(260032K), 0.0068280 secs] [Times: user=0.00 sys=0.00, real=0.00 secs] 
2012-10-21T17:13:11.193+0100: 168267.176: [GC 168267.176: [DefNew: 18205K->686K(19136K), 0.0068140 secs] 68704K->51390K(260032K), 0.0069150 secs] [Times: user=0.01 sys=0.00, real=0.01 secs] 
2012-10-21T17:13:56.513+0100: 168312.496: [GC 168312.496: [DefNew: 17702K->1033K(19136K), 0.0059520 secs] 68406K->51738K(260032K), 0.0060660 secs] [Times: user=0.01 sys=0.00, real=0.01 secs] 
2012-10-21T17:14:44.182+0100: 168360.165: [GC 168360.165: [DefNew: 18057K->957K(19136K), 0.0057310 secs] 68762K->51662K(260032K), 0.0058320 secs] [Times: user=0.00 sys=0.00, real=0.01 secs] 
2012-10-21T17:15:31.907+0100: 168407.890: [GC 168407.890: [DefNew: 17981K->1218K(19136K), 0.0062130 secs] 68686K->51923K(260032K), 0.0063260 secs] [Times: user=0.01 sys=0.00, real=0.01 secs] 
2012-10-21T17:16:21.526+0100: 168457.509: [GC 168457.509: [DefNew: 18229K->1095K(19136K), 0.0064980 secs] 68934K->51876K(260032K), 0.0066100 secs] [Times: user=0.01 sys=0.00, real=0.01 secs] 
2012-10-21T17:17:11.147+0100: 168507.130: [GC 168507.130: [DefNew: 18115K->464K(19136K), 0.0063120 secs] 68896K->51433K(260032K), 0.0064740 secs] [Times: user=0.01 sys=0.00, real=0.01 secs] 
2012-10-21T17:17:56.984+0100: 168552.967: [GC 168552.967: [DefNew: 17488K->1129K(19136K), 0.0060530 secs] 68457K->52098K(260032K), 0.0061590 secs] [Times: user=0.01 sys=0.00, real=0.01 secs] 
2012-10-21T17:18:46.232+0100: 168602.215: [GC 168602.215: [DefNew: 18149K->813K(19136K), 0.0081420 secs] 69118K->52001K(260032K), 0.0082610 secs] [Times: user=0.01 sys=0.00, real=0.01 secs] 
2012-10-21T17:19:36.064+0100: 168652.047: [GC 168652.047: [DefNew: 17837K->657K(19136K), 0.0052550 secs] 69025K->51845K(260032K), 0.0053720 secs] [Times: user=0.01 sys=0.00, real=0.01 secs] 
2012-10-21T17:20:21.575+0100: 168697.558: [GC 168697.558: [DefNew: 17681K->1009K(19136K), 0.0059270 secs] 68869K->52197K(260032K), 0.0060540 secs] [Times: user=0.01 sys=0.00, real=0.01 secs] 
2012-10-21T17:21:11.251+0100: 168747.234: [GC 168747.234: [DefNew: 18033K->910K(19136K), 0.0063510 secs] 69221K->52098K(260032K), 0.0064770 secs] [Times: user=0.01 sys=0.00, real=0.01 secs] 
2012-10-21T17:22:01.117+0100: 168797.100: [GC 168797.100: [DefNew: 17934K->823K(19136K), 0.0061780 secs] 69122K->52011K(260032K), 0.0062820 secs] [Times: user=0.01 sys=0.00, real=0.01 secs] 
2012-10-21T17:22:46.208+0100: 168842.191: [GC 168842.191: [DefNew: 17847K->1128K(19136K), 0.0060070 secs] 69035K->52316K(260032K), 0.0061200 secs] [Times: user=0.01 sys=0.00, real=0.00 secs] 
2012-10-21T17:23:36.076+0100: 168892.059: [GC 168892.059: [DefNew: 18152K->591K(19136K), 0.0066700 secs] 69340K->51840K(260032K), 0.0067720 secs] [Times: user=0.01 sys=0.00, real=0.01 secs] 
2012-10-21T17:24:21.830+0100: 168937.813: [GC 168937.813: [DefNew: 17615K->1065K(19136K), 0.0061010 secs] 68864K->52314K(260032K), 0.0062020 secs] [Times: user=0.00 sys=0.00, real=0.00 secs] 
2012-10-21T17:25:13.030+0100: 168989.012: [GC 168989.013: [DefNew: 18081K->400K(19136K), 0.0047100 secs] 69331K->51651K(260032K), 0.0048240 secs] [Times: user=0.00 sys=0.00, real=0.00 secs] 
2012-10-21T17:25:58.229+0100: 169034.212: [GC 169034.212: [DefNew: 17397K->655K(19136K), 0.0052120 secs] 68647K->51905K(260032K), 0.0053080 secs] [Times: user=0.01 sys=0.00, real=0.00 secs] 
2012-10-21T17:26:46.195+0100: 169082.178: [GC 169082.178: [DefNew: 17658K->718K(19136K), 0.0052970 secs] 68909K->51969K(260032K), 0.0054020 secs] [Times: user=0.00 sys=0.00, real=0.01 secs] 
2012-10-21T17:27:31.641+0100: 169127.624: [GC 169127.624: [DefNew: 17742K->1110K(19136K), 0.0060800 secs] 68993K->52360K(260032K), 0.0061880 secs] [Times: user=0.01 sys=0.00, real=0.00 secs] 
2012-10-21T17:28:21.316+0100: 169177.299: [GC 169177.299: [DefNew: 18126K->1017K(19136K), 0.0068210 secs] 69377K->52330K(260032K), 0.0069400 secs] [Times: user=0.01 sys=0.00, real=0.01 secs] 
2012-10-21T17:28:56.306+0100: 169212.289: [GC 169212.289: [DefNew: 18041K->1737K(19136K), 0.0092340 secs] 69354K->53050K(260032K), 0.0093810 secs] [Times: user=0.01 sys=0.00, real=0.01 secs] 
2012-10-21T17:29:36.474+0100: 169252.457: [GC 169252.457: [DefNew: 18761K->1100K(19136K), 0.0078930 secs] 70074K->52689K(260032K), 0.0080120 secs] [Times: user=0.01 sys=0.00, real=0.01 secs] 
2012-10-21T17:30:26.165+0100: 169302.148: [GC 169302.148: [DefNew: 18116K->527K(19136K), 0.0051340 secs] 69705K->52183K(260032K), 0.0052360 secs] [Times: user=0.00 sys=0.00, real=0.01 secs] 
2012-10-21T17:31:11.680+0100: 169347.663: [GC 169347.663: [DefNew: 17551K->1031K(19136K), 0.0058770 secs] 69207K->52687K(260032K), 0.0060280 secs] [Times: user=0.00 sys=0.00, real=0.00 secs] 
2012-10-21T17:32:01.212+0100: 169397.195: [GC 169397.195: [DefNew: 18055K->882K(19136K), 0.0060720 secs] 69711K->52538K(260032K), 0.0061860 secs] [Times: user=0.00 sys=0.00, real=0.01 secs] 
2012-10-21T17:32:46.714+0100: 169442.697: [GC 169442.697: [DefNew: 17906K->1160K(19136K), 0.0065340 secs] 69562K->52816K(260032K), 0.0066520 secs] [Times: user=0.02 sys=0.00, real=0.01 secs] 
2012-10-21T17:33:36.228+0100: 169492.211: [GC 169492.211: [DefNew: 18184K->748K(19136K), 0.0057940 secs] 69840K->52434K(260032K), 0.0059040 secs] [Times: user=0.00 sys=0.00, real=0.00 secs] 
2012-10-21T17:34:21.707+0100: 169537.690: [GC 169537.690: [DefNew: 17763K->1004K(19136K), 0.0062740 secs] 69449K->52690K(260032K), 0.0063770 secs] [Times: user=0.01 sys=0.00, real=0.01 secs] 
2012-10-21T17:35:11.290+0100: 169587.273: [GC 169587.273: [DefNew: 18028K->814K(19136K), 0.0056360 secs] 69714K->52500K(260032K), 0.0057550 secs] [Times: user=0.01 sys=0.00, real=0.00 secs] 
2012-10-21T17:35:56.591+0100: 169632.574: [GC 169632.574: [DefNew: 17838K->911K(19136K), 0.0060110 secs] 69524K->52597K(260032K), 0.0061200 secs] [Times: user=0.00 sys=0.00, real=0.00 secs] 
2012-10-21T17:36:46.220+0100: 169682.203: [GC 169682.203: [DefNew: 17935K->601K(19136K), 0.0084720 secs] 69621K->52287K(260032K), 0.0086040 secs] [Times: user=0.00 sys=0.00, real=0.01 secs] 
2012-10-21T17:37:31.210+0100: 169727.193: [GC 169727.193: [DefNew: 17612K->883K(19136K), 0.0054910 secs] 69298K->52569K(260032K), 0.0055980 secs] [Times: user=0.00 sys=0.00, real=0.00 secs] 
2012-10-21T17:38:16.695+0100: 169772.678: [GC 169772.678: [DefNew: 17884K->1136K(19136K), 0.0063370 secs] 69570K->52822K(260032K), 0.0064420 secs] [Times: user=0.01 sys=0.00, real=0.01 secs] 
2012-10-21T17:39:06.698+0100: 169822.681: [GC 169822.681: [DefNew: 18135K->653K(19136K), 0.0055070 secs] 69821K->52442K(260032K), 0.0056030 secs] [Times: user=0.00 sys=0.00, real=0.00 secs] 
2012-10-21T17:39:51.985+0100: 169867.968: [GC 169867.968: [DefNew: 17677K->1158K(19136K), 0.0060120 secs] 69466K->52948K(260032K), 0.0061490 secs] [Times: user=0.00 sys=0.00, real=0.01 secs] 
2012-10-21T17:40:41.557+0100: 169917.540: [GC 169917.540: [DefNew: 18182K->781K(19136K), 0.0040060 secs] 69972K->52636K(260032K), 0.0040810 secs] [Times: user=0.00 sys=0.00, real=0.00 secs] 
2012-10-21T17:41:26.607+0100: 169962.590: [GC 169962.590: [DefNew: 17805K->980K(19136K), 0.0059320 secs] 69660K->52835K(260032K), 0.0060350 secs] [Times: user=0.00 sys=0.00, real=0.01 secs] 
2012-10-21T17:42:16.286+0100: 170012.269: [GC 170012.269: [DefNew: 18004K->1109K(19136K), 0.0067390 secs] 69859K->52964K(260032K), 0.0068650 secs] [Times: user=0.00 sys=0.00, real=0.01 secs] 
2012-10-21T17:43:01.961+0100: 170057.944: [GC 170057.944: [DefNew: 18133K->1187K(19136K), 0.0071030 secs] 69988K->53105K(260032K), 0.0072050 secs] [Times: user=0.00 sys=0.00, real=0.01 secs] 
2012-10-21T17:43:51.288+0100: 170107.271: [GC 170107.271: [DefNew: 18209K->642K(19136K), 0.0045380 secs] 70126K->52704K(260032K), 0.0046260 secs] [Times: user=0.00 sys=0.00, real=0.00 secs] 
2012-10-21T17:44:36.737+0100: 170152.720: [GC 170152.720: [DefNew: 17666K->1287K(19136K), 0.0110980 secs] 69728K->53350K(260032K), 0.0112730 secs] [Times: user=0.00 sys=0.00, real=0.02 secs] 
2012-10-21T17:45:21.819+0100: 170197.802: [GC 170197.802: [DefNew: 18311K->941K(19136K), 0.0076020 secs] 70374K->53131K(260032K), 0.0077110 secs] [Times: user=0.00 sys=0.00, real=0.00 secs] 
2012-10-21T17:46:11.346+0100: 170247.329: [GC 170247.329: [DefNew: 17963K->656K(19136K), 0.0052640 secs] 70154K->52846K(260032K), 0.0053650 secs] [Times: user=0.00 sys=0.00, real=0.01 secs] 
2012-10-21T17:46:56.959+0100: 170292.942: [GC 170292.942: [DefNew: 17680K->1169K(19136K), 0.0061270 secs] 69870K->53360K(260032K), 0.0062380 secs] [Times: user=0.00 sys=0.00, real=0.00 secs] 
2012-10-21T17:47:47.043+0100: 170343.026: [GC 170343.026: [DefNew: 18193K->1189K(19136K), 0.0061280 secs] 70384K->53380K(260032K), 0.0062390 secs] [Times: user=0.00 sys=0.00, real=0.01 secs] 
2012-10-21T17:48:36.394+0100: 170392.377: [GC 170392.377: [DefNew: 18213K->724K(19136K), 0.0092500 secs] 70404K->53104K(260032K), 0.0093700 secs] [Times: user=0.01 sys=0.00, real=0.01 secs] 
2012-10-21T17:49:21.572+0100: 170437.555: [GC 170437.555: [DefNew: 17748K->917K(19136K), 0.0077030 secs] 70128K->53296K(260032K), 0.0078170 secs] [Times: user=0.00 sys=0.00, real=0.01 secs] 
2012-10-21T17:50:08.549+0100: 170484.532: [GC 170484.532: [DefNew: 17941K->1059K(19136K), 0.0058190 secs] 70320K->53439K(260032K), 0.0059220 secs] [Times: user=0.00 sys=0.01, real=0.00 secs] 
2012-10-21T17:50:56.371+0100: 170532.354: [GC 170532.354: [DefNew: 18083K->907K(19136K), 0.0068100 secs] 70463K->53412K(260032K), 0.0069170 secs] [Times: user=0.01 sys=0.00, real=0.01 secs] 
2012-10-21T17:51:46.831+0100: 170582.814: [GC 170582.814: [DefNew: 17931K->1025K(19136K), 0.0058030 secs] 70436K->53529K(260032K), 0.0059040 secs] [Times: user=0.00 sys=0.01, real=0.00 secs] 
2012-10-21T17:52:36.682+0100: 170632.665: [GC 170632.665: [DefNew: 18049K->877K(19136K), 0.0055270 secs] 70553K->53381K(260032K), 0.0056310 secs] [Times: user=0.01 sys=0.00, real=0.01 secs] 
2012-10-21T17:53:26.399+0100: 170682.382: [GC 170682.382: [DefNew: 17901K->908K(19136K), 0.0062770 secs] 70405K->53442K(260032K), 0.0063780 secs] [Times: user=0.00 sys=0.00, real=0.00 secs] 
2012-10-21T17:54:11.425+0100: 170727.408: [GC 170727.408: [DefNew: 17932K->852K(19136K), 0.0056710 secs] 70466K->53386K(260032K), 0.0057780 secs] [Times: user=0.01 sys=0.00, real=0.01 secs] 
2012-10-21T17:54:56.453+0100: 170772.436: [GC 170772.436: [DefNew: 17876K->918K(19136K), 0.0075580 secs] 70410K->53452K(260032K), 0.0076630 secs] [Times: user=0.01 sys=0.00, real=0.01 secs] 
2012-10-21T17:55:46.727+0100: 170822.710: [GC 170822.710: [DefNew: 17942K->938K(19136K), 0.0064950 secs] 70476K->53472K(260032K), 0.0066060 secs] [Times: user=0.00 sys=0.00, real=0.01 secs] 
2012-10-21T17:56:31.931+0100: 170867.914: [GC 170867.914: [DefNew: 17962K->1011K(19136K), 0.0061940 secs] 70496K->53546K(260032K), 0.0063130 secs] [Times: user=0.00 sys=0.00, real=0.00 secs] 
2012-10-21T17:57:21.438+0100: 170917.421: [GC 170917.423: [DefNew: 18035K->763K(19136K), 0.0086600 secs] 70570K->53298K(260032K), 0.0088380 secs] [Times: user=0.01 sys=0.00, real=0.01 secs] 
2012-10-21T17:58:06.997+0100: 170962.979: [GC 170962.980: [DefNew: 17787K->1138K(19136K), 0.0077910 secs] 70322K->53672K(260032K), 0.0079110 secs] [Times: user=0.01 sys=0.00, real=0.01 secs] 
2012-10-21T17:58:55.003+0100: 171010.986: [GC 171010.986: [DefNew: 18151K->528K(19136K), 0.0043750 secs] 70685K->53135K(260032K), 0.0044710 secs] [Times: user=0.00 sys=0.00, real=0.01 secs] 
2012-10-21T17:59:41.941+0100: 171057.924: [GC 171057.924: [DefNew: 17552K->1159K(19136K), 0.0061940 secs] 70159K->53767K(260032K), 0.0063070 secs] [Times: user=0.00 sys=0.00, real=0.01 secs] 
2012-10-21T18:00:31.572+0100: 171107.555: [GC 171107.555: [DefNew: 18183K->434K(19136K), 0.0070880 secs] 70791K->53199K(260032K), 0.0071870 secs] [Times: user=0.01 sys=0.00, real=0.01 secs] 
2012-10-21T18:01:16.905+0100: 171152.888: [GC 171152.888: [DefNew: 17448K->1096K(19136K), 0.0059330 secs] 70214K->53861K(260032K), 0.0060410 secs] [Times: user=0.00 sys=0.00, real=0.01 secs] 
2012-10-21T18:02:06.493+0100: 171202.476: [GC 171202.476: [DefNew: 18105K->752K(19136K), 0.0079020 secs] 70870K->53580K(260032K), 0.0080070 secs] [Times: user=0.00 sys=0.00, real=0.01 secs] 
2012-10-21T18:02:56.580+0100: 171252.563: [GC 171252.563: [DefNew: 17753K->750K(19136K), 0.0100910 secs] 70581K->53577K(260032K), 0.0102200 secs] [Times: user=0.00 sys=0.00, real=0.01 secs] 
2012-10-21T18:03:44.122+0100: 171300.105: [GC 171300.105: [DefNew: 17774K->647K(19136K), 0.0049650 secs] 70601K->53475K(260032K), 0.0052190 secs] [Times: user=0.00 sys=0.00, real=0.01 secs] 
2012-10-21T18:04:31.502+0100: 171347.485: [GC 171347.485: [DefNew: 17655K->371K(19136K), 0.0046460 secs] 70482K->53199K(260032K), 0.0047430 secs] [Times: user=0.01 sys=0.00, real=0.00 secs] 
2012-10-21T18:05:16.583+0100: 171392.566: [GC 171392.566: [DefNew: 17385K->399K(19136K), 0.0045680 secs] 70213K->53227K(260032K), 0.0046710 secs] [Times: user=0.00 sys=0.01, real=0.01 secs] 
2012-10-21T18:06:01.525+0100: 171437.508: [GC 171437.508: [DefNew: 17423K->1010K(19136K), 0.0063090 secs] 70251K->53838K(260032K), 0.0064200 secs] [Times: user=0.00 sys=0.01, real=0.01 secs] 
2012-10-21T18:06:51.424+0100: 171487.407: [GC 171487.407: [DefNew: 18008K->752K(19136K), 0.0105880 secs] 70836K->53580K(260032K), 0.0107060 secs] [Times: user=0.01 sys=0.00, real=0.01 secs] 
2012-10-21T18:07:36.941+0100: 171532.924: [GC 171532.924: [DefNew: 17751K->1291K(19136K), 0.0086830 secs] 70579K->54118K(260032K), 0.0088170 secs] [Times: user=0.01 sys=0.00, real=0.01 secs] 
2012-10-21T18:08:26.423+0100: 171582.406: [GC 171582.406: [DefNew: 18315K->822K(19136K), 0.0109540 secs] 71142K->54035K(260032K), 0.0110800 secs] [Times: user=0.01 sys=0.00, real=0.01 secs] 
2012-10-21T18:09:11.741+0100: 171627.723: [GC 171627.724: [DefNew: 17846K->1018K(19136K), 0.0061610 secs] 71059K->54230K(260032K), 0.0062670 secs] [Times: user=0.00 sys=0.00, real=0.00 secs] 
2012-10-21T18:09:57.031+0100: 171673.014: [GC 171673.014: [DefNew: 18030K->1137K(19136K), 0.0062790 secs] 71242K->54349K(260032K), 0.0063830 secs] [Times: user=0.01 sys=0.00, real=0.00 secs] 
2012-10-21T18:10:46.928+0100: 171722.911: [GC 171722.911: [DefNew: 18138K->1014K(19136K), 0.0060230 secs] 71350K->54289K(260032K), 0.0061360 secs] [Times: user=0.00 sys=0.00, real=0.00 secs] 
2012-10-21T18:11:36.660+0100: 171772.643: [GC 171772.643: [DefNew: 18010K->853K(19136K), 0.0054550 secs] 71285K->54128K(260032K), 0.0055500 secs] [Times: user=0.00 sys=0.00, real=0.00 secs] 
2012-10-21T18:12:22.221+0100: 171818.204: [GC 171818.204: [DefNew: 17877K->1101K(19136K), 0.0061770 secs] 71152K->54376K(260032K), 0.0062830 secs] [Times: user=0.01 sys=0.00, real=0.01 secs] 
2012-10-21T18:13:12.154+0100: 171868.137: [GC 171868.137: [DefNew: 18125K->1162K(19136K), 0.0066950 secs] 71400K->54509K(260032K), 0.0069590 secs] [Times: user=0.01 sys=0.00, real=0.01 secs] 
2012-10-21T18:13:57.028+0100: 171913.011: [GC 171913.011: [DefNew: 18186K->972K(19136K), 0.0068540 secs] 71533K->54574K(260032K), 0.0069700 secs] [Times: user=0.01 sys=0.00, real=0.00 secs] 
2012-10-21T18:14:44.163+0100: 171960.146: [GC 171960.146: [DefNew: 17974K->1076K(19136K), 0.0060780 secs] 71576K->54678K(260032K), 0.0061870 secs] [Times: user=0.01 sys=0.00, real=0.01 secs] 
2012-10-21T18:15:32.026+0100: 172008.009: [GC 172008.009: [DefNew: 18100K->1170K(19136K), 0.0132510 secs] 71702K->54802K(260032K), 0.0133780 secs] [Times: user=0.01 sys=0.00, real=0.02 secs] 
2012-10-21T18:16:17.210+0100: 172053.193: [GC 172053.193: [DefNew: 18194K->876K(19136K), 0.0070240 secs] 71826K->54833K(260032K), 0.0071260 secs] [Times: user=0.00 sys=0.00, real=0.00 secs] 
2012-10-21T18:17:06.643+0100: 172102.626: [GC 172102.626: [DefNew: 17900K->790K(19136K), 0.0054590 secs] 71857K->54747K(260032K), 0.0055530 secs] [Times: user=0.01 sys=0.00, real=0.01 secs] 
2012-10-21T18:17:54.822+0100: 172150.805: [GC 172150.805: [DefNew: 17814K->941K(19136K), 0.0055780 secs] 71771K->54898K(260032K), 0.0056780 secs] [Times: user=0.01 sys=0.00, real=0.01 secs] 
2012-10-21T18:18:42.018+0100: 172198.001: [GC 172198.001: [DefNew: 17935K->1128K(19136K), 0.0059820 secs] 71892K->55085K(260032K), 0.0060960 secs] [Times: user=0.00 sys=0.00, real=0.00 secs] 
2012-10-21T18:19:31.521+0100: 172247.504: [GC 172247.504: [DefNew: 18152K->219K(19136K), 0.0052900 secs] 72109K->54363K(260032K), 0.0054110 secs] [Times: user=0.00 sys=0.00, real=0.00 secs] 
2012-10-21T18:20:12.420+0100: 172288.403: [GC 172288.403: [DefNew: 17243K->981K(19136K), 0.0058710 secs] 71387K->55126K(260032K), 0.0059710 secs] [Times: user=0.01 sys=0.00, real=0.00 secs] 
2012-10-21T18:21:01.631+0100: 172337.614: [GC 172337.614: [DefNew: 18005K->711K(19136K), 0.0051340 secs] 72150K->54856K(260032K), 0.0052390 secs] [Times: user=0.00 sys=0.00, real=0.00 secs] 
2012-10-21T18:21:51.726+0100: 172387.709: [GC 172387.709: [DefNew: 17704K->686K(19136K), 0.0051790 secs] 71849K->54830K(260032K), 0.0052800 secs] [Times: user=0.01 sys=0.00, real=0.01 secs] 
2012-10-21T18:22:41.636+0100: 172437.619: [GC 172437.619: [DefNew: 17692K->588K(19136K), 0.0032350 secs] 71837K->54733K(260032K), 0.0034470 secs] [Times: user=0.00 sys=0.00, real=0.01 secs] 
2012-10-21T18:23:26.606+0100: 172482.589: [GC 172482.589: [DefNew: 17612K->945K(19136K), 0.0059910 secs] 71757K->55090K(260032K), 0.0061020 secs] [Times: user=0.01 sys=0.00, real=0.01 secs] 
2012-10-21T18:24:16.620+0100: 172532.603: [GC 172532.603: [DefNew: 17969K->371K(19136K), 0.0046530 secs] 72114K->54516K(260032K), 0.0047580 secs] [Times: user=0.00 sys=0.00, real=0.00 secs] 
2012-10-21T18:25:02.204+0100: 172578.186: [GC 172578.187: [DefNew: 17395K->1000K(19136K), 0.0059320 secs] 71540K->55145K(260032K), 0.0060340 secs] [Times: user=0.01 sys=0.00, real=0.01 secs] 
2012-10-21T18:25:51.618+0100: 172627.601: [GC 172627.601: [DefNew: 18020K->592K(19136K), 0.0049410 secs] 72165K->54737K(260032K), 0.0050480 secs] [Times: user=0.00 sys=0.00, real=0.00 secs] 
2012-10-21T18:26:41.823+0100: 172677.806: [GC 172677.806: [DefNew: 17616K->432K(19136K), 0.0047800 secs] 71761K->54577K(260032K), 0.0048760 secs] [Times: user=0.01 sys=0.00, real=0.01 secs] 
2012-10-21T18:27:27.083+0100: 172723.066: [GC 172723.066: [DefNew: 17456K->1236K(19136K), 0.0065890 secs] 71601K->55381K(260032K), 0.0066980 secs] [Times: user=0.00 sys=0.00, real=0.01 secs] 
2012-10-21T18:28:16.661+0100: 172772.644: [GC 172772.644: [DefNew: 18260K->340K(19136K), 0.0122450 secs] 72405K->54652K(260032K), 0.0124730 secs] [Times: user=0.00 sys=0.01, real=0.01 secs] 
2012-10-21T18:28:55.712+0100: 172811.695: [GC 172811.695: [DefNew: 17364K->787K(19136K), 0.0053340 secs] 71676K->55099K(260032K), 0.0054320 secs] [Times: user=0.01 sys=0.00, real=0.01 secs] 
2012-10-21T18:29:31.710+0100: 172847.693: [GC 172847.693: [DefNew: 17811K->891K(19136K), 0.0078650 secs] 72123K->55203K(260032K), 0.0079890 secs] [Times: user=0.00 sys=0.00, real=0.01 secs] 
2012-10-21T18:30:16.756+0100: 172892.739: [GC 172892.739: [DefNew: 17915K->915K(19136K), 0.0065440 secs] 72227K->55227K(260032K), 0.0066600 secs] [Times: user=0.01 sys=0.00, real=0.01 secs] 
2012-10-21T18:31:02.205+0100: 172938.188: [GC 172938.188: [DefNew: 17939K->1137K(19136K), 0.0061590 secs] 72251K->55449K(260032K), 0.0062720 secs] [Times: user=0.01 sys=0.00, real=0.01 secs] 
2012-10-21T18:31:52.170+0100: 172988.153: [GC 172988.153: [DefNew: 18161K->1005K(19136K), 0.0068840 secs] 72473K->55413K(260032K), 0.0070090 secs] [Times: user=0.01 sys=0.00, real=0.00 secs] 
2012-10-21T18:32:42.107+0100: 173038.090: [GC 173038.090: [DefNew: 18029K->1045K(19136K), 0.0060640 secs] 72437K->55453K(260032K), 0.0061720 secs] [Times: user=0.01 sys=0.00, real=0.01 secs] 
2012-10-21T18:33:31.949+0100: 173087.932: [GC 173087.932: [DefNew: 18069K->822K(19136K), 0.0074670 secs] 72477K->55230K(260032K), 0.0075780 secs] [Times: user=0.00 sys=0.00, real=0.00 secs] 
2012-10-21T18:34:16.697+0100: 173132.680: [GC 173132.680: [DefNew: 17846K->514K(19136K), 0.0048850 secs] 72254K->54922K(260032K), 0.0050060 secs] [Times: user=0.00 sys=0.00, real=0.01 secs] 
2012-10-21T18:35:02.316+0100: 173178.299: [GC 173178.299: [DefNew: 17537K->1064K(19136K), 0.0059070 secs] 71945K->55472K(260032K), 0.0060080 secs] [Times: user=0.01 sys=0.00, real=0.01 secs] 
2012-10-21T18:35:51.799+0100: 173227.782: [GC 173227.782: [DefNew: 18088K->854K(19136K), 0.0072070 secs] 72496K->55324K(260032K), 0.0073240 secs] [Times: user=0.00 sys=0.01, real=0.00 secs] 
2012-10-21T18:36:41.868+0100: 173277.851: [GC 173277.851: [DefNew: 17878K->411K(19136K), 0.0058220 secs] 72348K->54881K(260032K), 0.0059210 secs] [Times: user=0.00 sys=0.00, real=0.00 secs] 
2012-10-21T18:37:26.825+0100: 173322.808: [GC 173322.808: [DefNew: 17435K->1045K(19136K), 0.0057570 secs] 71905K->55515K(260032K), 0.0058590 secs] [Times: user=0.01 sys=0.00, real=0.01 secs] 
2012-10-21T18:38:12.859+0100: 173368.842: [GC 173368.842: [DefNew: 18069K->1195K(19136K), 0.0061400 secs] 72539K->55665K(260032K), 0.0062420 secs] [Times: user=0.00 sys=0.00, real=0.00 secs] 
2012-10-21T18:38:57.180+0100: 173413.163: [GC 173413.163: [DefNew: 18219K->1050K(19136K), 0.0066880 secs] 72689K->55684K(260032K), 0.0068050 secs] [Times: user=0.00 sys=0.00, real=0.00 secs] 
2012-10-21T18:39:47.221+0100: 173463.204: [GC 173463.204: [DefNew: 18074K->1070K(19136K), 0.0078030 secs] 72708K->55705K(260032K), 0.0079210 secs] [Times: user=0.01 sys=0.00, real=0.01 secs] 
2012-10-21T18:40:36.695+0100: 173512.678: [GC 173512.678: [DefNew: 18094K->731K(19136K), 0.0056710 secs] 72729K->55429K(260032K), 0.0057710 secs] [Times: user=0.01 sys=0.00, real=0.01 secs] 
2012-10-21T18:41:21.963+0100: 173557.946: [GC 173557.946: [DefNew: 17755K->908K(19136K), 0.0055730 secs] 72453K->55606K(260032K), 0.0056790 secs] [Times: user=0.01 sys=0.00, real=0.01 secs] 
2012-10-21T18:42:11.895+0100: 173607.878: [GC 173607.878: [DefNew: 17932K->945K(19136K), 0.0060320 secs] 72630K->55643K(260032K), 0.0061450 secs] [Times: user=0.00 sys=0.00, real=0.01 secs] 
2012-10-21T18:43:01.866+0100: 173657.849: [GC 173657.849: [DefNew: 17937K->715K(19136K), 0.0052330 secs] 72636K->55414K(260032K), 0.0053410 secs] [Times: user=0.01 sys=0.00, real=0.01 secs] 
2012-10-21T18:43:46.905+0100: 173702.888: [GC 173702.888: [DefNew: 17739K->1067K(19136K), 0.0060380 secs] 72438K->55765K(260032K), 0.0061510 secs] [Times: user=0.01 sys=0.00, real=0.01 secs] 
2012-10-21T18:44:36.660+0100: 173752.643: [GC 173752.644: [DefNew: 18068K->275K(19136K), 0.0052400 secs] 72767K->55100K(260032K), 0.0053380 secs] [Times: user=0.01 sys=0.00, real=0.00 secs] 
2012-10-21T18:45:22.224+0100: 173798.207: [GC 173798.207: [DefNew: 17299K->938K(19136K), 0.0062940 secs] 72124K->55763K(260032K), 0.0064080 secs] [Times: user=0.01 sys=0.00, real=0.01 secs] 
2012-10-21T18:46:11.936+0100: 173847.919: [GC 173847.919: [DefNew: 17936K->463K(19136K), 0.0048770 secs] 72760K->55288K(260032K), 0.0049750 secs] [Times: user=0.00 sys=0.00, real=0.01 secs] 
2012-10-21T18:46:57.314+0100: 173893.297: [GC 173893.297: [DefNew: 17487K->1157K(19136K), 0.0060200 secs] 72312K->55981K(260032K), 0.0061280 secs] [Times: user=0.01 sys=0.00, real=0.01 secs] 
2012-10-21T18:47:46.138+0100: 173942.121: [GC 173942.121: [DefNew: 18181K->930K(19136K), 0.0064360 secs] 73005K->55909K(260032K), 0.0065400 secs] [Times: user=0.00 sys=0.01, real=0.00 secs] 
2012-10-21T18:48:37.145+0100: 173993.128: [GC 173993.128: [DefNew: 17939K->506K(19136K), 0.0065350 secs] 72919K->55485K(260032K), 0.0116120 secs] [Times: user=0.00 sys=0.00, real=0.01 secs] 
2012-10-21T18:49:22.173+0100: 174038.156: [GC 174038.156: [DefNew: 17530K->379K(19136K), 0.0049680 secs] 72509K->55359K(260032K), 0.0050680 secs] [Times: user=0.00 sys=0.00, real=0.01 secs] 
2012-10-21T18:50:01.863+0100: 174077.846: [GC 174077.846: [DefNew: 17383K->978K(19136K), 0.0061240 secs] 72362K->55957K(260032K), 0.0062740 secs] [Times: user=0.00 sys=0.00, real=0.01 secs] 
2012-10-21T18:50:51.803+0100: 174127.786: [GC 174127.786: [DefNew: 17985K->556K(19136K), 0.0066910 secs] 72964K->55609K(260032K), 0.0067940 secs] [Times: user=0.01 sys=0.00, real=0.01 secs] 
2012-10-21T18:51:37.506+0100: 174173.489: [GC 174173.489: [DefNew: 17580K->1104K(19136K), 0.0054860 secs] 72633K->56157K(260032K), 0.0055940 secs] [Times: user=0.00 sys=0.00, real=0.01 secs] 
2012-10-21T18:52:26.833+0100: 174222.816: [GC 174222.816: [DefNew: 18106K->782K(19136K), 0.0058030 secs] 73159K->55835K(260032K), 0.0059060 secs] [Times: user=0.01 sys=0.00, real=0.01 secs] 
2012-10-21T18:53:17.039+0100: 174273.022: [GC 174273.022: [DefNew: 17792K->560K(19136K), 0.0050940 secs] 72845K->55613K(260032K), 0.0052070 secs] [Times: user=0.00 sys=0.00, real=0.00 secs] 
2012-10-21T18:54:01.806+0100: 174317.789: [GC 174317.789: [DefNew: 17584K->531K(19136K), 0.0078500 secs] 72637K->55584K(260032K), 0.0079700 secs] [Times: user=0.00 sys=0.00, real=0.01 secs] 
2012-10-21T18:54:51.785+0100: 174367.768: [GC 174367.768: [DefNew: 17554K->462K(19136K), 0.0054040 secs] 72607K->55515K(260032K), 0.0055050 secs] [Times: user=0.00 sys=0.00, real=0.01 secs] 
2012-10-21T18:55:36.830+0100: 174412.813: [GC 174412.813: [DefNew: 17485K->402K(19136K), 0.0049040 secs] 72538K->55455K(260032K), 0.0050030 secs] [Times: user=0.00 sys=0.00, real=0.00 secs] 
2012-10-21T18:56:21.859+0100: 174457.842: [GC 174457.842: [DefNew: 17426K->822K(19136K), 0.0075150 secs] 72479K->55937K(260032K), 0.0076230 secs] [Times: user=0.01 sys=0.00, real=0.00 secs] 
2012-10-21T18:57:11.788+0100: 174507.771: [GC 174507.772: [DefNew: 17835K->662K(19136K), 0.0052540 secs] 72950K->55777K(260032K), 0.0053530 secs] [Times: user=0.01 sys=0.00, real=0.00 secs] 
2012-10-21T18:57:57.356+0100: 174553.339: [GC 174553.339: [DefNew: 17686K->1172K(19136K), 0.0107750 secs] 72801K->56287K(260032K), 0.0109070 secs] [Times: user=0.00 sys=0.00, real=0.01 secs] 
2012-10-21T18:58:46.844+0100: 174602.827: [GC 174602.827: [DefNew: 18196K->847K(19136K), 0.0121480 secs] 73311K->56099K(260032K), 0.0122670 secs] [Times: user=0.01 sys=0.00, real=0.01 secs] 
2012-10-21T18:59:32.416+0100: 174648.399: [GC 174648.399: [DefNew: 17871K->1168K(19136K), 0.0060660 secs] 73123K->56419K(260032K), 0.0061720 secs] [Times: user=0.01 sys=0.00, real=0.01 secs] 
2012-10-21T19:00:21.896+0100: 174697.878: [GC 174697.879: [DefNew: 18192K->841K(19136K), 0.0055220 secs] 73443K->56093K(260032K), 0.0092480 secs] [Times: user=0.01 sys=0.00, real=0.01 secs] 
2012-10-21T19:01:07.017+0100: 174743.000: [GC 174743.000: [DefNew: 17865K->912K(19136K), 0.0058340 secs] 73117K->56164K(260032K), 0.0059490 secs] [Times: user=0.01 sys=0.00, real=0.01 secs] 
2012-10-21T19:01:56.827+0100: 174792.810: [GC 174792.810: [DefNew: 17932K->941K(19136K), 0.0056890 secs] 73184K->56193K(260032K), 0.0057900 secs] [Times: user=0.00 sys=0.00, real=0.01 secs] 
2012-10-21T19:02:46.124+0100: 174842.107: [GC 174842.107: [DefNew: 17965K->882K(19136K), 0.0054550 secs] 73217K->56135K(260032K), 0.0055520 secs] [Times: user=0.00 sys=0.00, real=0.01 secs] 
2012-10-21T19:03:31.882+0100: 174887.864: [GC 174887.865: [DefNew: 17906K->824K(19136K), 0.0053990 secs] 73159K->56077K(260032K), 0.0054960 secs] [Times: user=0.01 sys=0.00, real=0.00 secs] 
2012-10-21T19:04:17.168+0100: 174933.151: [GC 174933.151: [DefNew: 17848K->1046K(19136K), 0.0058110 secs] 73101K->56299K(260032K), 0.0059180 secs] [Times: user=0.01 sys=0.00, real=0.00 secs] 
2012-10-21T19:05:02.410+0100: 174978.393: [GC 174978.393: [DefNew: 18070K->1292K(19136K), 0.0063990 secs] 73323K->56545K(260032K), 0.0065060 secs] [Times: user=0.00 sys=0.00, real=0.00 secs] 
2012-10-21T19:05:51.865+0100: 175027.848: [GC 175027.848: [DefNew: 18300K->591K(19136K), 0.0066830 secs] 73553K->55907K(260032K), 0.0075010 secs] [Times: user=0.00 sys=0.00, real=0.01 secs] 
2012-10-21T19:06:37.359+0100: 175073.342: [GC 175073.342: [DefNew: 17615K->1162K(19136K), 0.0061060 secs] 72931K->56479K(260032K), 0.0062120 secs] [Times: user=0.01 sys=0.00, real=0.00 secs] 
2012-10-21T19:07:26.788+0100: 175122.771: [GC 175122.771: [DefNew: 18186K->1037K(19136K), 0.0061740 secs] 73503K->56416K(260032K), 0.0063350 secs] [Times: user=0.00 sys=0.00, real=0.00 secs] 
2012-10-21T19:08:12.209+0100: 175168.192: [GC 175168.192: [DefNew: 18061K->1074K(19136K), 0.0059680 secs] 73440K->56453K(260032K), 0.0060790 secs] [Times: user=0.00 sys=0.00, real=0.00 secs] 
2012-10-21T19:08:57.393+0100: 175213.376: [GC 175213.376: [DefNew: 18091K->1096K(19136K), 0.0126270 secs] 73470K->56769K(260032K), 0.0128000 secs] [Times: user=0.01 sys=0.00, real=0.01 secs] 
2012-10-21T19:09:47.476+0100: 175263.459: [GC 175263.459: [DefNew: 18120K->932K(19136K), 0.0062670 secs] 73793K->56666K(260032K), 0.0063870 secs] [Times: user=0.01 sys=0.00, real=0.01 secs] 
2012-10-21T19:10:32.383+0100: 175308.366: [GC 175308.366: [DefNew: 17934K->1168K(19136K), 0.0067070 secs] 73669K->56903K(260032K), 0.0068180 secs] [Times: user=0.00 sys=0.00, real=0.01 secs] 
2012-10-21T19:11:22.281+0100: 175358.264: [GC 175358.264: [DefNew: 18192K->1043K(19136K), 0.0058770 secs] 73927K->56778K(260032K), 0.0060360 secs] [Times: user=0.00 sys=0.00, real=0.01 secs] 
2012-10-21T19:12:11.976+0100: 175407.959: [GC 175407.959: [DefNew: 18067K->473K(19136K), 0.0053020 secs] 73802K->56207K(260032K), 0.0054000 secs] [Times: user=0.00 sys=0.00, real=0.01 secs] 
2012-10-21T19:12:57.349+0100: 175453.332: [GC 175453.332: [DefNew: 17497K->1110K(19136K), 0.0061870 secs] 73231K->56845K(260032K), 0.0062870 secs] [Times: user=0.00 sys=0.01, real=0.00 secs] 
2012-10-21T19:13:47.066+0100: 175503.049: [GC 175503.049: [DefNew: 18134K->880K(19136K), 0.0061180 secs] 73869K->56689K(260032K), 0.0062250 secs] [Times: user=0.01 sys=0.00, real=0.01 secs] 
2012-10-21T19:14:32.467+0100: 175548.450: [GC 175548.450: [DefNew: 17904K->1096K(19136K), 0.0075640 secs] 73713K->56906K(260032K), 0.0076790 secs] [Times: user=0.01 sys=0.00, real=0.00 secs] 
2012-10-21T19:15:17.253+0100: 175593.236: [GC 175593.236: [DefNew: 18120K->918K(19136K), 0.0060540 secs] 73930K->56727K(260032K), 0.0061620 secs] [Times: user=0.01 sys=0.00, real=0.01 secs] 
2012-10-21T19:16:02.461+0100: 175638.444: [GC 175638.444: [DefNew: 17942K->1050K(19136K), 0.0063380 secs] 73751K->56860K(260032K), 0.0064630 secs] [Times: user=0.01 sys=0.00, real=0.01 secs] 
2012-10-21T19:16:51.890+0100: 175687.873: [GC 175687.873: [DefNew: 18065K->885K(19136K), 0.0058950 secs] 73875K->56695K(260032K), 0.0060160 secs] [Times: user=0.00 sys=0.00, real=0.00 secs] 
2012-10-21T19:17:37.772+0100: 175733.755: [GC 175733.755: [DefNew: 17909K->1132K(19136K), 0.0058360 secs] 73719K->56941K(260032K), 0.0059380 secs] [Times: user=0.01 sys=0.00, real=0.01 secs] 
2012-10-21T19:18:27.432+0100: 175783.415: [GC 175783.415: [DefNew: 18156K->1090K(19136K), 0.0113420 secs] 73965K->56974K(260032K), 0.0114620 secs] [Times: user=0.01 sys=0.00, real=0.01 secs] 
2012-10-21T19:19:12.130+0100: 175828.113: [GC 175828.113: [DefNew: 18114K->932K(19136K), 0.0062300 secs] 73998K->56878K(260032K), 0.0063330 secs] [Times: user=0.00 sys=0.00, real=0.00 secs] 
2012-10-21T19:19:57.623+0100: 175873.605: [GC 175873.606: [DefNew: 17956K->1188K(19136K), 0.0061850 secs] 73902K->57134K(260032K), 0.0062910 secs] [Times: user=0.01 sys=0.00, real=0.01 secs] 
2012-10-21T19:20:47.444+0100: 175923.427: [GC 175923.427: [DefNew: 18201K->1064K(19136K), 0.0061250 secs] 74147K->57041K(260032K), 0.0062320 secs] [Times: user=0.00 sys=0.00, real=0.01 secs] 
2012-10-21T19:21:36.999+0100: 175972.982: [GC 175972.983: [DefNew: 18074K->688K(19136K), 0.0055000 secs] 74050K->56727K(260032K), 0.0055990 secs] [Times: user=0.00 sys=0.01, real=0.00 secs] 
2012-10-21T19:22:22.627+0100: 176018.610: [GC 176018.610: [DefNew: 17702K->1033K(19136K), 0.0065180 secs] 73740K->57072K(260032K), 0.0066310 secs] [Times: user=0.01 sys=0.00, real=0.01 secs] 
2012-10-21T19:23:12.081+0100: 176068.064: [GC 176068.064: [DefNew: 18057K->971K(19136K), 0.0060330 secs] 74096K->57010K(260032K), 0.0061330 secs] [Times: user=0.00 sys=0.01, real=0.01 secs] 
2012-10-21T19:23:56.939+0100: 176112.922: [GC 176112.922: [DefNew: 17995K->874K(19136K), 0.0056460 secs] 74034K->56913K(260032K), 0.0057600 secs] [Times: user=0.00 sys=0.00, real=0.00 secs] 
2012-10-21T19:24:44.709+0100: 176160.692: [GC 176160.692: [DefNew: 17898K->1198K(19136K), 0.0060540 secs] 73937K->57236K(260032K), 0.0061590 secs] [Times: user=0.00 sys=0.00, real=0.00 secs] 
2012-10-21T19:25:34.309+0100: 176210.292: [GC 176210.292: [DefNew: 18222K->1035K(19136K), 0.0149780 secs] 74260K->57137K(260032K), 0.0151530 secs] [Times: user=0.01 sys=0.00, real=0.01 secs] 
2012-10-21T19:26:22.566+0100: 176258.549: [GC 176258.549: [DefNew: 18059K->1068K(19136K), 0.0069060 secs] 74161K->57170K(260032K), 0.0070150 secs] [Times: user=0.01 sys=0.00, real=0.01 secs] 
2012-10-21T19:27:11.994+0100: 176307.977: [GC 176307.977: [DefNew: 18061K->380K(19136K), 0.0049050 secs] 74164K->56545K(260032K), 0.0050040 secs] [Times: user=0.00 sys=0.00, real=0.01 secs] 
2012-10-21T19:28:01.977+0100: 176357.960: [GC 176357.960: [DefNew: 17404K->444K(19136K), 0.0045880 secs] 73569K->56609K(260032K), 0.0046830 secs] [Times: user=0.01 sys=0.00, real=0.01 secs] 
2012-10-21T19:28:47.130+0100: 176403.113: [GC 176403.113: [DefNew: 17459K->978K(19136K), 0.0090770 secs] 73624K->57143K(260032K), 0.0091970 secs] [Times: user=0.01 sys=0.00, real=0.01 secs] 
2012-10-21T19:29:17.051+0100: 176433.034: [GC 176433.034: [DefNew: 17986K->813K(19136K), 0.0054770 secs] 74151K->56978K(260032K), 0.0055770 secs] [Times: user=0.00 sys=0.00, real=0.00 secs] 
2012-10-21T19:30:02.166+0100: 176478.149: [GC 176478.149: [DefNew: 17837K->912K(19136K), 0.0062660 secs] 74002K->57150K(260032K), 0.0063750 secs] [Times: user=0.01 sys=0.00, real=0.01 secs] 
2012-10-21T19:30:52.107+0100: 176528.090: [GC 176528.090: [DefNew: 17934K->693K(19136K), 0.0051570 secs] 74172K->56931K(260032K), 0.0052640 secs] [Times: user=0.01 sys=0.00, real=0.01 secs] 
2012-10-21T19:31:37.091+0100: 176573.074: [GC 176573.074: [DefNew: 17717K->657K(19136K), 0.0052390 secs] 73955K->56896K(260032K), 0.0053430 secs] [Times: user=0.00 sys=0.00, real=0.00 secs] 
2012-10-21T19:32:22.615+0100: 176618.598: [GC 176618.598: [DefNew: 17681K->1037K(19136K), 0.0065620 secs] 73920K->57278K(260032K), 0.0067090 secs] [Times: user=0.01 sys=0.00, real=0.01 secs] 
2012-10-21T19:33:12.860+0100: 176668.843: [GC 176668.843: [DefNew: 18053K->942K(19136K), 0.0057280 secs] 74295K->57184K(260032K), 0.0058320 secs] [Times: user=0.00 sys=0.00, real=0.00 secs] 
2012-10-21T19:33:57.479+0100: 176713.462: [GC 176713.462: [DefNew: 17966K->1196K(19136K), 0.0060810 secs] 74208K->57437K(260032K), 0.0061870 secs] [Times: user=0.00 sys=0.00, real=0.00 secs] 
2012-10-21T19:34:47.017+0100: 176762.999: [GC 176763.000: [DefNew: 18204K->907K(19136K), 0.0083540 secs] 74445K->57212K(260032K), 0.0084580 secs] [Times: user=0.01 sys=0.00, real=0.01 secs] 
2012-10-21T19:35:37.165+0100: 176813.148: [GC 176813.148: [DefNew: 17931K->783K(19136K), 0.0058060 secs] 74236K->57088K(260032K), 0.0059140 secs] [Times: user=0.00 sys=0.00, real=0.01 secs] 
2012-10-21T19:36:22.179+0100: 176858.162: [GC 176858.162: [DefNew: 17806K->935K(19136K), 0.0055480 secs] 74112K->57241K(260032K), 0.0056490 secs] [Times: user=0.01 sys=0.00, real=0.00 secs] 
2012-10-21T19:37:12.047+0100: 176908.030: [GC 176908.030: [DefNew: 17940K->401K(19136K), 0.0050810 secs] 74246K->56706K(260032K), 0.0051890 secs] [Times: user=0.01 sys=0.00, real=0.01 secs] 
2012-10-21T19:37:59.967+0100: 176955.950: [GC 176955.950: [DefNew: 17425K->393K(19136K), 0.0045770 secs] 73730K->56699K(260032K), 0.0046730 secs] [Times: user=0.00 sys=0.01, real=0.01 secs] 
2012-10-21T19:38:47.121+0100: 177003.104: [GC 177003.104: [DefNew: 17417K->946K(19136K), 0.0059890 secs] 73723K->57314K(260032K), 0.0060960 secs] [Times: user=0.01 sys=0.00, real=0.00 secs] 
2012-10-21T19:39:32.750+0100: 177048.733: [GC 177048.733: [DefNew: 17970K->1176K(19136K), 0.0062730 secs] 74338K->57544K(260032K), 0.0063800 secs] [Times: user=0.00 sys=0.00, real=0.00 secs] 
2012-10-21T19:40:22.124+0100: 177098.107: [GC 177098.107: [DefNew: 18188K->444K(19136K), 0.0050110 secs] 74556K->56875K(260032K), 0.0051050 secs] [Times: user=0.01 sys=0.00, real=0.01 secs] 
2012-10-21T19:41:02.981+0100: 177138.964: [GC 177138.964: [DefNew: 17468K->1490K(19136K), 0.0111260 secs] 73899K->57921K(260032K), 0.0112410 secs] [Times: user=0.00 sys=0.00, real=0.01 secs] 
2012-10-21T19:41:52.702+0100: 177188.684: [GC 177188.685: [DefNew: 18514K->940K(19136K), 0.0075830 secs] 74945K->57509K(260032K), 0.0076940 secs] [Times: user=0.01 sys=0.00, real=0.01 secs] 
2012-10-21T19:42:42.371+0100: 177238.354: [GC 177238.354: [DefNew: 17964K->753K(19136K), 0.0037070 secs] 74533K->57322K(260032K), 0.0043620 secs] [Times: user=0.00 sys=0.00, real=0.00 secs] 
2012-10-21T19:43:32.230+0100: 177288.213: [GC 177288.213: [DefNew: 17777K->787K(19136K), 0.0055100 secs] 74346K->57356K(260032K), 0.0058770 secs] [Times: user=0.00 sys=0.00, real=0.00 secs] 
2012-10-21T19:44:17.223+0100: 177333.206: [GC 177333.206: [DefNew: 17811K->800K(19136K), 0.0084050 secs] 74380K->57369K(260032K), 0.0085520 secs] [Times: user=0.01 sys=0.00, real=0.01 secs] 
2012-10-21T19:45:02.695+0100: 177378.678: [GC 177378.678: [DefNew: 17824K->1221K(19136K), 0.0091970 secs] 74393K->57790K(260032K), 0.0093170 secs] [Times: user=0.00 sys=0.00, real=0.01 secs] 
2012-10-21T19:45:52.104+0100: 177428.087: [GC 177428.087: [DefNew: 18231K->906K(19136K), 0.0136470 secs] 74800K->57663K(260032K), 0.0137680 secs] [Times: user=0.02 sys=0.00, real=0.02 secs] 
2012-10-21T19:46:42.430+0100: 177478.413: [GC 177478.413: [DefNew: 17928K->456K(19136K), 0.0046290 secs] 74685K->57214K(260032K), 0.0047220 secs] [Times: user=0.00 sys=0.00, real=0.00 secs] 
2012-10-21T19:47:27.697+0100: 177523.680: [GC 177523.680: [DefNew: 17480K->1099K(19136K), 0.0061770 secs] 74238K->57856K(260032K), 0.0067920 secs] [Times: user=0.00 sys=0.00, real=0.01 secs] 
2012-10-21T19:48:17.104+0100: 177573.087: [GC 177573.087: [DefNew: 18123K->886K(19136K), 0.0056380 secs] 74880K->57644K(260032K), 0.0057370 secs] [Times: user=0.01 sys=0.00, real=0.01 secs] 
2012-10-21T19:49:02.261+0100: 177618.244: [GC 177618.244: [DefNew: 17910K->841K(19136K), 0.0108560 secs] 74668K->57598K(260032K), 0.0109960 secs] [Times: user=0.00 sys=0.00, real=0.01 secs] 
2012-10-21T19:49:52.135+0100: 177668.118: [GC 177668.118: [DefNew: 17865K->813K(19136K), 0.0062650 secs] 74622K->57570K(260032K), 0.0063720 secs] [Times: user=0.01 sys=0.00, real=0.01 secs] 
2012-10-21T19:50:42.397+0100: 177718.380: [GC 177718.380: [DefNew: 17816K->404K(19136K), 0.0051740 secs] 74574K->57162K(260032K), 0.0052690 secs] [Times: user=0.00 sys=0.00, real=0.01 secs] 
2012-10-21T19:51:27.180+0100: 177763.163: [GC 177763.163: [DefNew: 17428K->757K(19136K), 0.0051620 secs] 74186K->57515K(260032K), 0.0052590 secs] [Times: user=0.00 sys=0.00, real=0.00 secs] 
2012-10-21T19:52:17.295+0100: 177813.278: [GC 177813.278: [DefNew: 17764K->415K(19136K), 0.0047120 secs] 74522K->57173K(260032K), 0.0052270 secs] [Times: user=0.00 sys=0.00, real=0.01 secs] 
2012-10-21T19:53:02.441+0100: 177858.424: [GC 177858.424: [DefNew: 17439K->1046K(19136K), 0.0077340 secs] 74197K->57804K(260032K), 0.0078460 secs] [Times: user=0.00 sys=0.00, real=0.01 secs] 
2012-10-21T19:53:52.157+0100: 177908.140: [GC 177908.140: [DefNew: 18049K->477K(19136K), 0.0050310 secs] 74807K->57235K(260032K), 0.0058640 secs] [Times: user=0.00 sys=0.00, real=0.01 secs] 
2012-10-21T19:54:37.136+0100: 177953.118: [GC 177953.119: [DefNew: 17501K->972K(19136K), 0.0063730 secs] 74259K->57804K(260032K), 0.0064860 secs] [Times: user=0.01 sys=0.00, real=0.01 secs] 
2012-10-21T19:55:27.424+0100: 178003.407: [GC 178003.407: [DefNew: 17969K->531K(19136K), 0.0047850 secs] 74801K->57363K(260032K), 0.0049890 secs] [Times: user=0.01 sys=0.00, real=0.01 secs] 
2012-10-21T19:56:12.139+0100: 178048.122: [GC 178048.122: [DefNew: 17555K->1036K(19136K), 0.0060850 secs] 74387K->57868K(260032K), 0.0061920 secs] [Times: user=0.00 sys=0.00, real=0.00 secs] 
2012-10-21T19:57:02.283+0100: 178098.266: [GC 178098.266: [DefNew: 18060K->412K(19136K), 0.0098950 secs] 74892K->57244K(260032K), 0.0100080 secs] [Times: user=0.00 sys=0.00, real=0.01 secs] 
2012-10-21T19:57:47.885+0100: 178143.868: [GC 178143.868: [DefNew: 17436K->1271K(19136K), 0.0088270 secs] 74268K->58103K(260032K), 0.0089510 secs] [Times: user=0.01 sys=0.00, real=0.01 secs] 
2012-10-21T19:58:37.250+0100: 178193.233: [GC 178193.233: [DefNew: 18279K->686K(19136K), 0.0068840 secs] 75111K->57718K(260032K), 0.0070360 secs] [Times: user=0.01 sys=0.00, real=0.00 secs] 
2012-10-21T19:59:22.209+0100: 178238.192: [GC 178238.192: [DefNew: 17710K->308K(19136K), 0.0053610 secs] 74742K->57340K(260032K), 0.0054630 secs] [Times: user=0.01 sys=0.00, real=0.00 secs] 
2012-10-21T20:00:07.845+0100: 178283.828: [GC 178283.828: [DefNew: 17332K->1035K(19136K), 0.0058740 secs] 74364K->58067K(260032K), 0.0059740 secs] [Times: user=0.01 sys=0.00, real=0.01 secs] 
2012-10-21T20:00:54.858+0100: 178330.841: [GC 178330.841: [DefNew: 18059K->692K(19136K), 0.0051850 secs] 75091K->57725K(260032K), 0.0052860 secs] [Times: user=0.00 sys=0.00, real=0.00 secs] 
2012-10-21T20:01:42.212+0100: 178378.195: [GC 178378.195: [DefNew: 17716K->913K(19136K), 0.0060080 secs] 74749K->57945K(260032K), 0.0061090 secs] [Times: user=0.01 sys=0.00, real=0.01 secs] 
2012-10-21T20:02:27.819+0100: 178423.802: [GC 178423.802: [DefNew: 17937K->1136K(19136K), 0.0061200 secs] 74969K->58168K(260032K), 0.0062230 secs] [Times: user=0.00 sys=0.00, real=0.00 secs] 
2012-10-21T20:03:17.954+0100: 178473.937: [GC 178473.937: [DefNew: 18160K->972K(19136K), 0.0146260 secs] 75192K->58131K(260032K), 0.0147520 secs] [Times: user=0.00 sys=0.00, real=0.02 secs] 
2012-10-21T20:04:07.350+0100: 178523.332: [GC 178523.333: [DefNew: 17996K->825K(19136K), 0.0066000 secs] 75155K->57983K(260032K), 0.0066980 secs] [Times: user=0.01 sys=0.00, real=0.00 secs] 
2012-10-21T20:04:57.233+0100: 178573.216: [GC 178573.216: [DefNew: 17849K->342K(19136K), 0.0048410 secs] 75007K->57500K(260032K), 0.0049400 secs] [Times: user=0.00 sys=0.00, real=0.01 secs] 
2012-10-21T20:05:42.806+0100: 178618.789: [GC 178618.789: [DefNew: 17366K->1004K(19136K), 0.0059550 secs] 74524K->58162K(260032K), 0.0060680 secs] [Times: user=0.01 sys=0.00, real=0.01 secs] 
2012-10-21T20:06:32.198+0100: 178668.181: [GC 178668.181: [DefNew: 18011K->527K(19136K), 0.0047830 secs] 75169K->57685K(260032K), 0.0048790 secs] [Times: user=0.00 sys=0.00, real=0.00 secs] 
2012-10-21T20:07:17.429+0100: 178713.412: [GC 178713.412: [DefNew: 17551K->941K(19136K), 0.0088340 secs] 74709K->58099K(260032K), 0.0089560 secs] [Times: user=0.00 sys=0.00, real=0.01 secs] 
2012-10-21T20:08:02.600+0100: 178758.583: [GC 178758.583: [DefNew: 17939K->1040K(19136K), 0.0057190 secs] 75097K->58199K(260032K), 0.0058250 secs] [Times: user=0.00 sys=0.00, real=0.00 secs] 
2012-10-21T20:08:47.874+0100: 178803.857: [GC 178803.857: [DefNew: 18064K->1446K(19136K), 0.0066670 secs] 75223K->58605K(260032K), 0.0067830 secs] [Times: user=0.01 sys=0.00, real=0.01 secs] 
2012-10-21T20:09:37.258+0100: 178853.241: [GC 178853.241: [DefNew: 18462K->403K(19136K), 0.0079510 secs] 75620K->57948K(260032K), 0.0080640 secs] [Times: user=0.00 sys=0.00, real=0.00 secs] 
2012-10-21T20:10:22.863+0100: 178898.846: [GC 178898.846: [DefNew: 17427K->945K(19136K), 0.0064120 secs] 74972K->58489K(260032K), 0.0065140 secs] [Times: user=0.00 sys=0.00, real=0.01 secs] 
2012-10-21T20:11:12.268+0100: 178948.251: [GC 178948.251: [DefNew: 17969K->892K(19136K), 0.0055480 secs] 75513K->58436K(260032K), 0.0056480 secs] [Times: user=0.00 sys=0.00, real=0.00 secs] 
2012-10-21T20:12:02.333+0100: 178998.316: [GC 178998.316: [DefNew: 17913K->649K(19136K), 0.0071020 secs] 75457K->58193K(260032K), 0.0072400 secs] [Times: user=0.00 sys=0.00, real=0.01 secs] 
2012-10-21T20:12:48.209+0100: 179044.192: [GC 179044.192: [DefNew: 17673K->1201K(19136K), 0.0132760 secs] 75217K->58745K(260032K), 0.0134080 secs] [Times: user=0.00 sys=0.00, real=0.01 secs] 
2012-10-21T20:13:37.932+0100: 179093.915: [GC 179093.915: [DefNew: 18225K->909K(19136K), 0.0085900 secs] 75769K->58651K(260032K), 0.0087050 secs] [Times: user=0.00 sys=0.01, real=0.01 secs] 
2012-10-21T20:14:27.624+0100: 179143.606: [GC 179143.607: [DefNew: 17933K->689K(19136K), 0.0053180 secs] 75675K->58432K(260032K), 0.0054150 secs] [Times: user=0.01 sys=0.00, real=0.01 secs] 
2012-10-21T20:15:12.439+0100: 179188.422: [GC 179188.422: [DefNew: 17713K->988K(19136K), 0.0061860 secs] 75456K->58731K(260032K), 0.0063010 secs] [Times: user=0.01 sys=0.00, real=0.00 secs] 
2012-10-21T20:15:57.815+0100: 179233.798: [GC 179233.798: [DefNew: 17994K->1043K(19136K), 0.0068100 secs] 75737K->58786K(260032K), 0.0069300 secs] [Times: user=0.01 sys=0.00, real=0.01 secs] 
2012-10-21T20:16:47.329+0100: 179283.312: [GC 179283.312: [DefNew: 18055K->1008K(19136K), 0.0060160 secs] 75797K->58751K(260032K), 0.0061270 secs] [Times: user=0.00 sys=0.00, real=0.00 secs] 
2012-10-21T20:17:37.321+0100: 179333.303: [GC 179333.304: [DefNew: 18004K->1173K(19136K), 0.0062160 secs] 75746K->58916K(260032K), 0.0063380 secs] [Times: user=0.00 sys=0.00, real=0.00 secs] 
2012-10-21T20:18:27.451+0100: 179383.434: [GC 179383.434: [DefNew: 18197K->277K(19136K), 0.0056660 secs] 75940K->58157K(260032K), 0.0057700 secs] [Times: user=0.00 sys=0.00, real=0.00 secs] 
2012-10-21T20:19:08.212+0100: 179424.195: [GC 179424.195: [DefNew: 17301K->1191K(19136K), 0.0065890 secs] 75181K->59070K(260032K), 0.0067090 secs] [Times: user=0.00 sys=0.00, real=0.01 secs] 
2012-10-21T20:19:57.434+0100: 179473.417: [GC 179473.417: [DefNew: 18215K->877K(19136K), 0.0065740 secs] 76094K->58946K(260032K), 0.0066850 secs] [Times: user=0.01 sys=0.00, real=0.01 secs] 
2012-10-21T20:20:47.517+0100: 179523.500: [GC 179523.500: [DefNew: 17890K->719K(19136K), 0.0053200 secs] 75958K->58788K(260032K), 0.0054210 secs] [Times: user=0.01 sys=0.00, real=0.01 secs] 
2012-10-21T20:21:32.946+0100: 179568.929: [GC 179568.930: [DefNew: 17743K->1011K(19136K), 0.0058880 secs] 75812K->59079K(260032K), 0.0059900 secs] [Times: user=0.00 sys=0.00, real=0.01 secs] 
2012-10-21T20:22:22.583+0100: 179618.566: [GC 179618.566: [DefNew: 18035K->783K(19136K), 0.0053660 secs] 76103K->58851K(260032K), 0.0054610 secs] [Times: user=0.00 sys=0.00, real=0.01 secs] 
2012-10-21T20:23:12.373+0100: 179668.356: [GC 179668.356: [DefNew: 17805K->617K(19136K), 0.0051190 secs] 75873K->58685K(260032K), 0.0052140 secs] [Times: user=0.00 sys=0.00, real=0.01 secs] 
2012-10-21T20:23:58.184+0100: 179714.167: [GC 179714.167: [DefNew: 17641K->1101K(19136K), 0.0064530 secs] 75709K->59169K(260032K), 0.0065670 secs] [Times: user=0.01 sys=0.00, real=0.01 secs] 
2012-10-21T20:24:47.389+0100: 179763.372: [GC 179763.372: [DefNew: 18106K->775K(19136K), 0.0055950 secs] 76175K->58844K(260032K), 0.0058070 secs] [Times: user=0.01 sys=0.00, real=0.00 secs] 
2012-10-21T20:25:33.013+0100: 179808.996: [GC 179808.996: [DefNew: 17799K->1133K(19136K), 0.0070560 secs] 75868K->59202K(260032K), 0.0071710 secs] [Times: user=0.01 sys=0.00, real=0.01 secs] 
2012-10-21T20:26:22.868+0100: 179858.851: [GC 179858.851: [DefNew: 18157K->1132K(19136K), 0.0066240 secs] 76226K->59231K(260032K), 0.0067360 secs] [Times: user=0.00 sys=0.01, real=0.00 secs] 
2012-10-21T20:27:12.537+0100: 179908.520: [GC 179908.520: [DefNew: 18156K->815K(19136K), 0.0060830 secs] 76255K->58977K(260032K), 0.0061920 secs] [Times: user=0.00 sys=0.00, real=0.01 secs] 
2012-10-21T20:28:02.433+0100: 179958.416: [GC 179958.416: [DefNew: 17839K->477K(19136K), 0.0048740 secs] 76001K->58639K(260032K), 0.0049710 secs] [Times: user=0.01 sys=0.00, real=0.01 secs] 
2012-10-21T20:28:48.129+0100: 180004.112: [GC 180004.112: [DefNew: 17501K->1167K(19136K), 0.0065180 secs] 75663K->59329K(260032K), 0.0066280 secs] [Times: user=0.00 sys=0.00, real=0.00 secs] 
2012-10-21T20:29:17.390+0100: 180033.373: [GC 180033.373: [DefNew: 18191K->727K(19136K), 0.0101200 secs] 76353K->59153K(260032K), 0.0102380 secs] [Times: user=0.01 sys=0.00, real=0.01 secs] 
2012-10-21T20:30:03.022+0100: 180079.005: [GC 180079.005: [DefNew: 17720K->1133K(19136K), 0.0062290 secs] 76146K->59559K(260032K), 0.0063430 secs] [Times: user=0.01 sys=0.00, real=0.01 secs] 
2012-10-21T20:30:52.332+0100: 180128.314: [GC 180128.315: [DefNew: 18157K->944K(19136K), 0.0108490 secs] 76583K->59437K(260032K), 0.0109690 secs] [Times: user=0.01 sys=0.00, real=0.01 secs] 
2012-10-21T20:31:42.451+0100: 180178.434: [GC 180178.434: [DefNew: 17968K->911K(19136K), 0.0059860 secs] 76461K->59404K(260032K), 0.0060840 secs] [Times: user=0.00 sys=0.00, real=0.01 secs] 
2012-10-21T20:32:32.559+0100: 180228.542: [GC 180228.542: [DefNew: 17935K->593K(19136K), 0.0048810 secs] 76428K->59085K(260032K), 0.0049770 secs] [Times: user=0.00 sys=0.00, real=0.00 secs] 
2012-10-21T20:33:18.049+0100: 180274.032: [GC 180274.032: [DefNew: 17617K->1098K(19136K), 0.0094450 secs] 76109K->59590K(260032K), 0.0095600 secs] [Times: user=0.00 sys=0.00, real=0.01 secs] 
2012-10-21T20:34:07.546+0100: 180323.529: [GC 180323.530: [DefNew: 18122K->689K(19136K), 0.0066840 secs] 76614K->59309K(260032K), 0.0067890 secs] [Times: user=0.00 sys=0.00, real=0.01 secs] 
2012-10-21T20:34:57.409+0100: 180373.392: [GC 180373.392: [DefNew: 17704K->247K(19136K), 0.0043960 secs] 76323K->58866K(260032K), 0.0044930 secs] [Times: user=0.00 sys=0.00, real=0.00 secs] 
2012-10-21T20:35:42.482+0100: 180418.465: [GC 180418.465: [DefNew: 17271K->879K(19136K), 0.0083410 secs] 75890K->59498K(260032K), 0.0084680 secs] [Times: user=0.00 sys=0.01, real=0.01 secs] 
2012-10-21T20:36:32.471+0100: 180468.454: [GC 180468.454: [DefNew: 17903K->754K(19136K), 0.0051990 secs] 76522K->59374K(260032K), 0.0052990 secs] [Times: user=0.00 sys=0.00, real=0.00 secs] 
2012-10-21T20:37:18.176+0100: 180514.159: [GC 180514.159: [DefNew: 17778K->1068K(19136K), 0.0070990 secs] 76398K->59688K(260032K), 0.0072160 secs] [Times: user=0.00 sys=0.00, real=0.01 secs] 
2012-10-21T20:38:07.782+0100: 180563.765: [GC 180563.765: [DefNew: 18076K->653K(19136K), 0.0066190 secs] 76695K->59335K(260032K), 0.0067300 secs] [Times: user=0.01 sys=0.00, real=0.01 secs] 
2012-10-21T20:38:53.241+0100: 180609.224: [GC 180609.224: [DefNew: 17677K->1037K(19136K), 0.0043360 secs] 76359K->59719K(260032K), 0.0044290 secs] [Times: user=0.01 sys=0.00, real=0.00 secs] 
2012-10-21T20:39:42.465+0100: 180658.448: [GC 180658.448: [DefNew: 18061K->915K(19136K), 0.0060110 secs] 76743K->59597K(260032K), 0.0061170 secs] [Times: user=0.01 sys=0.00, real=0.01 secs] 
2012-10-21T20:40:28.138+0100: 180704.121: [GC 180704.121: [DefNew: 17939K->1228K(19136K), 0.0066090 secs] 76621K->59911K(260032K), 0.0067710 secs] [Times: user=0.00 sys=0.00, real=0.00 secs] 
2012-10-21T20:41:18.027+0100: 180754.010: [GC 180754.010: [DefNew: 18252K->974K(19136K), 0.0099350 secs] 76935K->59855K(260032K), 0.0100470 secs] [Times: user=0.00 sys=0.00, real=0.02 secs] 
2012-10-21T20:42:03.278+0100: 180799.261: [GC 180799.261: [DefNew: 17998K->1076K(19136K), 0.0064080 secs] 76879K->59957K(260032K), 0.0065120 secs] [Times: user=0.00 sys=0.01, real=0.00 secs] 
2012-10-21T20:42:52.564+0100: 180848.547: [GC 180848.547: [DefNew: 18100K->919K(19136K), 0.0062460 secs] 76981K->59800K(260032K), 0.0063570 secs] [Times: user=0.01 sys=0.00, real=0.01 secs] 
2012-10-21T20:43:42.731+0100: 180898.714: [GC 180898.714: [DefNew: 17943K->847K(19136K), 0.0065420 secs] 76824K->59728K(260032K), 0.0066440 secs] [Times: user=0.01 sys=0.00, real=0.01 secs] 
2012-10-21T20:44:28.197+0100: 180944.180: [GC 180944.180: [DefNew: 17871K->1068K(19136K), 0.0064970 secs] 76752K->59949K(260032K), 0.0066240 secs] [Times: user=0.01 sys=0.00, real=0.01 secs] 
2012-10-21T20:45:17.639+0100: 180993.622: [GC 180993.622: [DefNew: 18073K->370K(19136K), 0.0049600 secs] 76955K->59314K(260032K), 0.0050570 secs] [Times: user=0.00 sys=0.00, real=0.00 secs] 
2012-10-21T20:46:07.612+0100: 181043.595: [GC 181043.595: [DefNew: 17382K->371K(19136K), 0.0046430 secs] 76326K->59314K(260032K), 0.0047380 secs] [Times: user=0.00 sys=0.00, real=0.00 secs] 
2012-10-21T20:46:54.456+0100: 181090.439: [GC 181090.439: [DefNew: 17395K->1097K(19136K), 0.0061010 secs] 76338K->60041K(260032K), 0.0062070 secs] [Times: user=0.01 sys=0.00, real=0.01 secs] 
2012-10-21T20:47:42.523+0100: 181138.506: [GC 181138.506: [DefNew: 18114K->873K(19136K), 0.0057150 secs] 77058K->59879K(260032K), 0.0058210 secs] [Times: user=0.01 sys=0.00, real=0.01 secs] 
2012-10-21T20:48:32.657+0100: 181188.640: [GC 181188.640: [DefNew: 17895K->401K(19136K), 0.0046470 secs] 76901K->59407K(260032K), 0.0047430 secs] [Times: user=0.01 sys=0.00, real=0.01 secs] 
2012-10-21T20:49:18.369+0100: 181234.351: [GC 181234.352: [DefNew: 17425K->1130K(19136K), 0.0063970 secs] 76431K->60137K(260032K), 0.0064970 secs] [Times: user=0.01 sys=0.00, real=0.00 secs] 
2012-10-21T20:50:07.617+0100: 181283.600: [GC 181283.600: [DefNew: 18140K->562K(19136K), 0.0054100 secs] 77146K->59633K(260032K), 0.0055110 secs] [Times: user=0.01 sys=0.00, real=0.01 secs] 
2012-10-21T20:50:53.104+0100: 181329.087: [GC 181329.087: [DefNew: 17586K->1107K(19136K), 0.0066470 secs] 76657K->60178K(260032K), 0.0067680 secs] [Times: user=0.00 sys=0.00, real=0.01 secs] 
2012-10-21T20:51:43.288+0100: 181379.271: [GC 181379.271: [DefNew: 18131K->1107K(19136K), 0.0064250 secs] 77202K->60178K(260032K), 0.0065440 secs] [Times: user=0.01 sys=0.00, real=0.00 secs] 
2012-10-21T20:52:32.943+0100: 181428.926: [GC 181428.926: [DefNew: 18131K->988K(19136K), 0.0059130 secs] 77202K->60060K(260032K), 0.0060240 secs] [Times: user=0.00 sys=0.00, real=0.01 secs] 
2012-10-21T20:53:18.135+0100: 181474.118: [GC 181474.118: [DefNew: 18012K->1203K(19136K), 0.0090460 secs] 77084K->60275K(260032K), 0.0091590 secs] [Times: user=0.00 sys=0.00, real=0.01 secs] 
2012-10-21T20:54:07.535+0100: 181523.518: [GC 181523.518: [DefNew: 18227K->851K(19136K), 0.0083580 secs] 77299K->60059K(260032K), 0.0084860 secs] [Times: user=0.01 sys=0.00, real=0.01 secs] 
2012-10-21T20:54:57.898+0100: 181573.881: [GC 181573.881: [DefNew: 17875K->718K(19136K), 0.0053390 secs] 77083K->59926K(260032K), 0.0054380 secs] [Times: user=0.01 sys=0.00, real=0.00 secs] 
2012-10-21T20:55:42.821+0100: 181618.804: [GC 181618.804: [DefNew: 17742K->1108K(19136K), 0.0058950 secs] 76950K->60316K(260032K), 0.0060040 secs] [Times: user=0.00 sys=0.00, real=0.00 secs] 
2012-10-21T20:56:32.827+0100: 181668.810: [GC 181668.810: [DefNew: 18132K->924K(19136K), 0.0062210 secs] 77340K->60195K(260032K), 0.0063540 secs] [Times: user=0.01 sys=0.00, real=0.01 secs] 
2012-10-21T20:57:22.769+0100: 181718.752: [GC 181718.752: [DefNew: 17945K->1022K(19136K), 0.0059620 secs] 77215K->60292K(260032K), 0.0060660 secs] [Times: user=0.00 sys=0.00, real=0.00 secs] 
2012-10-21T20:58:12.673+0100: 181768.656: [GC 181768.656: [DefNew: 18023K->540K(19136K), 0.0048830 secs] 77293K->59810K(260032K), 0.0049800 secs] [Times: user=0.00 sys=0.00, real=0.01 secs] 
2012-10-21T20:58:57.632+0100: 181813.615: [GC 181813.615: [DefNew: 17564K->1069K(19136K), 0.0071910 secs] 76834K->60340K(260032K), 0.0073150 secs] [Times: user=0.01 sys=0.00, real=0.01 secs] 
2012-10-21T20:59:48.031+0100: 181864.014: [GC 181864.014: [DefNew: 18093K->783K(19136K), 0.0058310 secs] 77364K->60127K(260032K), 0.0059270 secs] [Times: user=0.01 sys=0.00, real=0.00 secs] 
2012-10-21T21:00:33.240+0100: 181909.223: [GC 181909.223: [DefNew: 17807K->1102K(19136K), 0.0060260 secs] 77151K->60447K(260032K), 0.0061330 secs] [Times: user=0.01 sys=0.00, real=0.00 secs] 
2012-10-21T21:01:22.758+0100: 181958.741: [GC 181958.741: [DefNew: 18126K->756K(19136K), 0.0055680 secs] 77471K->60163K(260032K), 0.0056690 secs] [Times: user=0.00 sys=0.00, real=0.00 secs] 
2012-10-21T21:02:12.890+0100: 182008.873: [GC 182008.873: [DefNew: 17780K->683K(19136K), 0.0054230 secs] 77187K->60090K(260032K), 0.0055330 secs] [Times: user=0.00 sys=0.01, real=0.00 secs] 
2012-10-21T21:02:58.561+0100: 182054.544: [GC 182054.544: [DefNew: 17707K->1099K(19136K), 0.0061540 secs] 77114K->60506K(260032K), 0.0062640 secs] [Times: user=0.01 sys=0.00, real=0.01 secs] 
2012-10-21T21:03:47.823+0100: 182103.806: [GC 182103.806: [DefNew: 18123K->1007K(19136K), 0.0070070 secs] 77530K->60414K(260032K), 0.0071490 secs] [Times: user=0.01 sys=0.00, real=0.01 secs] 
2012-10-21T21:04:37.779+0100: 182153.762: [GC 182153.762: [DefNew: 18031K->466K(19136K), 0.0049600 secs] 77438K->59873K(260032K), 0.0050590 secs] [Times: user=0.00 sys=0.01, real=0.00 secs] 
2012-10-21T21:05:23.266+0100: 182199.249: [GC 182199.249: [DefNew: 17490K->1121K(19136K), 0.0060970 secs] 76897K->60528K(260032K), 0.0061990 secs] [Times: user=0.01 sys=0.00, real=0.01 secs] 
2012-10-21T21:06:12.659+0100: 182248.642: [GC 182248.642: [DefNew: 18145K->753K(19136K), 0.0120620 secs] 77552K->60286K(260032K), 0.0121860 secs] [Times: user=0.00 sys=0.01, real=0.01 secs] 
2012-10-21T21:07:02.799+0100: 182298.782: [GC 182298.782: [DefNew: 17777K->845K(19136K), 0.0038740 secs] 77310K->60378K(260032K), 0.0039500 secs] [Times: user=0.00 sys=0.01, real=0.00 secs] 
2012-10-21T21:07:52.807+0100: 182348.790: [GC 182348.790: [DefNew: 17867K->832K(19136K), 0.0058070 secs] 77400K->60366K(260032K), 0.0059070 secs] [Times: user=0.00 sys=0.00, real=0.01 secs] 
2012-10-21T21:08:42.786+0100: 182398.769: [GC 182398.769: [DefNew: 17856K->502K(19136K), 0.0047770 secs] 77390K->60036K(260032K), 0.0048920 secs] [Times: user=0.00 sys=0.00, real=0.01 secs] 
2012-10-21T21:09:27.970+0100: 182443.953: [GC 182443.953: [DefNew: 17520K->813K(19136K), 0.0085170 secs] 77053K->60346K(260032K), 0.0086430 secs] [Times: user=0.00 sys=0.01, real=0.01 secs] 
2012-10-21T21:10:12.800+0100: 182488.782: [GC 182488.783: [DefNew: 17837K->825K(19136K), 0.0054200 secs] 77370K->60359K(260032K), 0.0055190 secs] [Times: user=0.00 sys=0.01, real=0.00 secs] 
2012-10-21T21:11:02.893+0100: 182538.876: [GC 182538.876: [DefNew: 17849K->701K(19136K), 0.0052930 secs] 77383K->60234K(260032K), 0.0053940 secs] [Times: user=0.01 sys=0.00, real=0.01 secs] 
2012-10-21T21:11:48.496+0100: 182584.479: [GC 182584.479: [DefNew: 17725K->1618K(19136K), 0.0078300 secs] 77258K->61152K(260032K), 0.0079490 secs] [Times: user=0.01 sys=0.00, real=0.01 secs] 
2012-10-21T21:12:37.808+0100: 182633.791: [GC 182633.791: [DefNew: 18642K->632K(19136K), 0.0094890 secs] 78176K->60721K(260032K), 0.0095980 secs] [Times: user=0.00 sys=0.00, real=0.01 secs] 
2012-10-21T21:13:27.617+0100: 182683.600: [GC 182683.600: [DefNew: 17627K->562K(19136K), 0.0069820 secs] 77716K->60652K(260032K), 0.0071040 secs] [Times: user=0.02 sys=0.00, real=0.01 secs] 
2012-10-21T21:14:12.809+0100: 182728.792: [GC 182728.792: [DefNew: 17586K->977K(19136K), 0.0057530 secs] 77676K->61066K(260032K), 0.0058540 secs] [Times: user=0.00 sys=0.00, real=0.00 secs] 
2012-10-21T21:15:03.038+0100: 182779.021: [GC 182779.021: [DefNew: 17978K->506K(19136K), 0.0051950 secs] 78068K->60596K(260032K), 0.0053080 secs] [Times: user=0.01 sys=0.00, real=0.00 secs] 
2012-10-21T21:15:48.454+0100: 182824.437: [GC 182824.437: [DefNew: 17530K->1106K(19136K), 0.0085170 secs] 77620K->61196K(260032K), 0.0086280 secs] [Times: user=0.00 sys=0.00, real=0.01 secs] 
2012-10-21T21:16:38.415+0100: 182874.398: [GC 182874.398: [DefNew: 18129K->1074K(19136K), 0.0058600 secs] 78219K->61163K(260032K), 0.0059700 secs] [Times: user=0.01 sys=0.00, real=0.01 secs] 
2012-10-21T21:17:27.734+0100: 182923.717: [GC 182923.717: [DefNew: 18098K->823K(19136K), 0.0064460 secs] 78187K->60988K(260032K), 0.0065480 secs] [Times: user=0.01 sys=0.00, real=0.01 secs] 
2012-10-21T21:18:17.985+0100: 182973.968: [GC 182973.968: [DefNew: 17845K->528K(19136K), 0.0048260 secs] 78009K->60692K(260032K), 0.0049250 secs] [Times: user=0.00 sys=0.00, real=0.01 secs] 
2012-10-21T21:19:02.740+0100: 183018.723: [GC 183018.723: [DefNew: 17540K->1003K(19136K), 0.0092740 secs] 77704K->61167K(260032K), 0.0095250 secs] [Times: user=0.01 sys=0.00, real=0.01 secs] 
2012-10-21T21:19:53.072+0100: 183069.054: [GC 183069.055: [DefNew: 18007K->623K(19136K), 0.0049140 secs] 78171K->60787K(260032K), 0.0050100 secs] [Times: user=0.00 sys=0.00, real=0.00 secs] 
2012-10-21T21:20:38.403+0100: 183114.386: [GC 183114.386: [DefNew: 17647K->1006K(19136K), 0.0057760 secs] 77811K->61170K(260032K), 0.0058880 secs] [Times: user=0.01 sys=0.00, real=0.01 secs] 
2012-10-21T21:21:27.814+0100: 183163.796: [GC 183163.797: [DefNew: 18030K->857K(19136K), 0.0056180 secs] 78194K->61021K(260032K), 0.0057220 secs] [Times: user=0.00 sys=0.00, real=0.01 secs] 
2012-10-21T21:22:14.351+0100: 183210.334: [GC 183210.334: [DefNew: 17881K->1227K(19136K), 0.0062310 secs] 78045K->61391K(260032K), 0.0063380 secs] [Times: user=0.00 sys=0.00, real=0.00 secs] 
2012-10-21T21:23:03.517+0100: 183259.500: [GC 183259.500: [DefNew: 18223K->970K(19136K), 0.0078950 secs] 78387K->61270K(260032K), 0.0079990 secs] [Times: user=0.01 sys=0.00, real=0.01 secs] 
2012-10-21T21:23:52.931+0100: 183308.914: [GC 183308.914: [DefNew: 17984K->814K(19136K), 0.0061910 secs] 78284K->61114K(260032K), 0.0096100 secs] [Times: user=0.01 sys=0.00, real=0.01 secs] 
2012-10-21T21:24:44.139+0100: 183360.122: [GC 183360.122: [DefNew: 17816K->748K(19136K), 0.0053430 secs] 78116K->61048K(260032K), 0.0054500 secs] [Times: user=0.01 sys=0.00, real=0.00 secs] 
2012-10-21T21:25:29.686+0100: 183405.669: [GC 183405.669: [DefNew: 17772K->909K(19136K), 0.0055440 secs] 78072K->61209K(260032K), 0.0056420 secs] [Times: user=0.01 sys=0.00, real=0.01 secs] 
2012-10-21T21:26:13.734+0100: 183449.717: [GC 183449.717: [DefNew: 17933K->1135K(19136K), 0.0092370 secs] 78233K->61435K(260032K), 0.0093570 secs] [Times: user=0.01 sys=0.00, real=0.01 secs] 
2012-10-21T21:27:02.894+0100: 183498.877: [GC 183498.877: [DefNew: 18158K->935K(19136K), 0.0057310 secs] 78458K->61265K(260032K), 0.0058320 secs] [Times: user=0.01 sys=0.00, real=0.01 secs] 
2012-10-21T21:27:53.170+0100: 183549.153: [GC 183549.153: [DefNew: 17959K->823K(19136K), 0.0054360 secs] 78289K->61153K(260032K), 0.0055380 secs] [Times: user=0.00 sys=0.00, real=0.00 secs] 
2012-10-21T21:28:38.665+0100: 183594.648: [GC 183594.648: [DefNew: 17847K->1197K(19136K), 0.0130450 secs] 78177K->61526K(260032K), 0.0131580 secs] [Times: user=0.01 sys=0.00, real=0.02 secs] 
2012-10-21T21:29:08.516+0100: 183624.499: [GC 183624.499: [DefNew: 18221K->1206K(19136K), 0.0082760 secs] 78550K->61727K(260032K), 0.0084300 secs] [Times: user=0.00 sys=0.00, real=0.01 secs] 
2012-10-21T21:29:57.808+0100: 183673.791: [GC 183673.791: [DefNew: 18220K->658K(19136K), 0.0085240 secs] 78740K->61368K(260032K), 0.0086740 secs] [Times: user=0.00 sys=0.00, real=0.00 secs] 
2012-10-21T21:30:48.036+0100: 183724.019: [GC 183724.019: [DefNew: 17682K->720K(19136K), 0.0054090 secs] 78392K->61431K(260032K), 0.0055090 secs] [Times: user=0.00 sys=0.00, real=0.01 secs] 
2012-10-21T21:31:38.009+0100: 183773.992: [GC 183773.992: [DefNew: 17744K->818K(19136K), 0.0054230 secs] 78455K->61529K(260032K), 0.0055270 secs] [Times: user=0.00 sys=0.00, real=0.00 secs] 
2012-10-21T21:32:23.499+0100: 183819.482: [GC 183819.482: [DefNew: 17842K->1096K(19136K), 0.0058970 secs] 78553K->61807K(260032K), 0.0060000 secs] [Times: user=0.00 sys=0.00, real=0.00 secs] 
2012-10-21T21:33:12.911+0100: 183868.894: [GC 183868.894: [DefNew: 18120K->852K(19136K), 0.0054390 secs] 78831K->61563K(260032K), 0.0055420 secs] [Times: user=0.00 sys=0.00, real=0.00 secs] 
2012-10-21T21:34:03.183+0100: 183919.166: [GC 183919.166: [DefNew: 17862K->369K(19136K), 0.0049680 secs] 78572K->61080K(260032K), 0.0050640 secs] [Times: user=0.01 sys=0.00, real=0.01 secs] 
2012-10-21T21:34:48.235+0100: 183964.218: [GC 183964.218: [DefNew: 17393K->969K(19136K), 0.0079020 secs] 78104K->61679K(260032K), 0.0086510 secs] [Times: user=0.01 sys=0.00, real=0.01 secs] 
2012-10-21T21:35:38.032+0100: 184014.015: [GC 184014.015: [DefNew: 17981K->743K(19136K), 0.0036240 secs] 78691K->61454K(260032K), 0.0037720 secs] [Times: user=0.00 sys=0.00, real=0.00 secs] 
2012-10-21T21:36:28.103+0100: 184064.086: [GC 184064.086: [DefNew: 17767K->657K(19136K), 0.0051490 secs] 78478K->61368K(260032K), 0.0052470 secs] [Times: user=0.01 sys=0.00, real=0.01 secs] 
2012-10-21T21:37:13.097+0100: 184109.080: [GC 184109.080: [DefNew: 17662K->744K(19136K), 0.0060780 secs] 78373K->61455K(260032K), 0.0061790 secs] [Times: user=0.01 sys=0.00, real=0.01 secs] 
2012-10-21T21:38:03.096+0100: 184159.079: [GC 184159.079: [DefNew: 17768K->307K(19136K), 0.0049920 secs] 78479K->61048K(260032K), 0.0050880 secs] [Times: user=0.00 sys=0.00, real=0.01 secs] 
2012-10-21T21:38:48.171+0100: 184204.154: [GC 184204.154: [DefNew: 17309K->1031K(19136K), 0.0059210 secs] 78050K->61772K(260032K), 0.0060160 secs] [Times: user=0.00 sys=0.01, real=0.00 secs] 
2012-10-21T21:39:37.845+0100: 184253.828: [GC 184253.828: [DefNew: 18037K->527K(19136K), 0.0050900 secs] 78778K->61267K(260032K), 0.0051890 secs] [Times: user=0.00 sys=0.00, real=0.01 secs] 
2012-10-21T21:40:23.079+0100: 184299.062: [GC 184299.062: [DefNew: 17523K->791K(19136K), 0.0053690 secs] 78263K->61532K(260032K), 0.0064550 secs] [Times: user=0.01 sys=0.00, real=0.00 secs] 
2012-10-21T21:41:08.571+0100: 184344.554: [GC 184344.554: [DefNew: 17803K->1292K(19136K), 0.0063830 secs] 78544K->62033K(260032K), 0.0064900 secs] [Times: user=0.00 sys=0.00, real=0.00 secs] 
2012-10-21T21:41:57.893+0100: 184393.876: [GC 184393.876: [DefNew: 18316K->787K(19136K), 0.0091050 secs] 79057K->61790K(260032K), 0.0092110 secs] [Times: user=0.01 sys=0.00, real=0.01 secs] 
2012-10-21T21:42:46.226+0100: 184442.209: [GC 184442.209: [DefNew: 17811K->942K(19136K), 0.0059180 secs] 78814K->61946K(260032K), 0.0060360 secs] [Times: user=0.00 sys=0.00, real=0.01 secs] 
2012-10-21T21:43:37.949+0100: 184493.932: [GC 184493.932: [DefNew: 17954K->499K(19136K), 0.0034980 secs] 78958K->61502K(260032K), 0.0035730 secs] [Times: user=0.00 sys=0.00, real=0.00 secs] 
2012-10-21T21:44:23.632+0100: 184539.615: [GC 184539.615: [DefNew: 17523K->1105K(19136K), 0.0060740 secs] 78526K->62109K(260032K), 0.0061850 secs] [Times: user=0.01 sys=0.00, real=0.01 secs] 
2012-10-21T21:45:13.073+0100: 184589.056: [GC 184589.056: [DefNew: 18129K->792K(19136K), 0.0053640 secs] 79133K->61796K(260032K), 0.0054620 secs] [Times: user=0.01 sys=0.00, real=0.01 secs] 
2012-10-21T21:45:59.221+0100: 184635.204: [GC 184635.204: [DefNew: 17816K->1092K(19136K), 0.0061220 secs] 78820K->62096K(260032K), 0.0062750 secs] [Times: user=0.00 sys=0.00, real=0.00 secs] 
2012-10-21T21:46:48.974+0100: 184684.957: [GC 184684.957: [DefNew: 18116K->940K(19136K), 0.0080140 secs] 79120K->62068K(260032K), 0.0081270 secs] [Times: user=0.01 sys=0.00, real=0.01 secs] 
2012-10-21T21:47:38.120+0100: 184734.102: [GC 184734.103: [DefNew: 17964K->812K(19136K), 0.0054860 secs] 79092K->61940K(260032K), 0.0055870 secs] [Times: user=0.00 sys=0.00, real=0.00 secs] 
2012-10-21T21:48:28.006+0100: 184783.989: [GC 184783.990: [DefNew: 17836K->335K(19136K), 0.0050890 secs] 78964K->61463K(260032K), 0.0052110 secs] [Times: user=0.00 sys=0.00, real=0.01 secs] 
2012-10-21T21:49:13.202+0100: 184829.185: [GC 184829.185: [DefNew: 17351K->1032K(19136K), 0.0163260 secs] 78479K->62160K(260032K), 0.0164690 secs] [Times: user=0.01 sys=0.00, real=0.02 secs] 
2012-10-21T21:50:02.512+0100: 184878.495: [GC 184878.495: [DefNew: 18056K->873K(19136K), 0.0054830 secs] 79184K->62001K(260032K), 0.0055800 secs] [Times: user=0.01 sys=0.00, real=0.01 secs] 
2012-10-21T21:50:52.962+0100: 184928.945: [GC 184928.945: [DefNew: 17895K->494K(19136K), 0.0068520 secs] 79023K->61622K(260032K), 0.0069730 secs] [Times: user=0.00 sys=0.00, real=0.01 secs] 
2012-10-21T21:51:38.001+0100: 184973.984: [GC 184973.984: [DefNew: 17518K->879K(19136K), 0.0075740 secs] 78646K->62007K(260032K), 0.0076920 secs] [Times: user=0.01 sys=0.00, real=0.01 secs] 
2012-10-21T21:52:28.031+0100: 185024.014: [GC 185024.014: [DefNew: 17888K->847K(19136K), 0.0056120 secs] 79016K->61975K(260032K), 0.0057110 secs] [Times: user=0.01 sys=0.00, real=0.00 secs] 
2012-10-21T21:53:18.039+0100: 185074.022: [GC 185074.022: [DefNew: 17871K->595K(19136K), 0.0050990 secs] 78999K->61723K(260032K), 0.0052710 secs] [Times: user=0.01 sys=0.00, real=0.00 secs] 
2012-10-21T21:54:03.106+0100: 185119.089: [GC 185119.089: [DefNew: 17619K->817K(19136K), 0.0054350 secs] 78747K->61945K(260032K), 0.0055370 secs] [Times: user=0.00 sys=0.00, real=0.01 secs] 
2012-10-21T21:54:48.663+0100: 185164.646: [GC 185164.646: [DefNew: 17841K->1167K(19136K), 0.0109010 secs] 78969K->62295K(260032K), 0.0110260 secs] [Times: user=0.00 sys=0.00, real=0.01 secs] 
2012-10-21T21:55:33.715+0100: 185209.698: [GC 185209.698: [DefNew: 18191K->1109K(19136K), 0.0087250 secs] 79319K->62238K(260032K), 0.0088310 secs] [Times: user=0.00 sys=0.00, real=0.01 secs] 
2012-10-21T21:56:23.238+0100: 185259.221: [GC 185259.221: [DefNew: 18133K->985K(19136K), 0.0071740 secs] 79262K->62115K(260032K), 0.0079740 secs] [Times: user=0.01 sys=0.00, real=0.00 secs] 
2012-10-21T21:57:12.622+0100: 185308.605: [GC 185308.605: [DefNew: 18009K->539K(19136K), 0.0049180 secs] 79139K->61668K(260032K), 0.0050120 secs] [Times: user=0.00 sys=0.00, real=0.00 secs] 
2012-10-21T21:57:58.275+0100: 185354.258: [GC 185354.258: [DefNew: 17563K->1410K(19136K), 0.0067170 secs] 78692K->62539K(260032K), 0.0068280 secs] [Times: user=0.00 sys=0.00, real=0.01 secs] 
2012-10-21T21:58:44.337+0100: 185400.320: [GC 185400.320: [DefNew: 18434K->1061K(19136K), 0.0078820 secs] 79563K->62497K(260032K), 0.0080030 secs] [Times: user=0.01 sys=0.00, real=0.01 secs] 
2012-10-21T21:59:33.184+0100: 185449.167: [GC 185449.167: [DefNew: 18085K->788K(19136K), 0.0072230 secs] 79521K->62350K(260032K), 0.0073340 secs] [Times: user=0.01 sys=0.00, real=0.01 secs] 
2012-10-21T22:00:23.175+0100: 185499.158: [GC 185499.158: [DefNew: 17812K->656K(19136K), 0.0055950 secs] 79374K->62218K(260032K), 0.0056950 secs] [Times: user=0.00 sys=0.00, real=0.01 secs] 
2012-10-21T22:01:08.275+0100: 185544.258: [GC 185544.258: [DefNew: 17680K->979K(19136K), 0.0057780 secs] 79242K->62541K(260032K), 0.0058760 secs] [Times: user=0.00 sys=0.00, real=0.01 secs] 
2012-10-21T22:01:58.521+0100: 185594.504: [GC 185594.504: [DefNew: 18003K->934K(19136K), 0.0039780 secs] 79565K->62496K(260032K), 0.0040700 secs] [Times: user=0.00 sys=0.00, real=0.00 secs] 
2012-10-21T22:02:46.212+0100: 185642.195: [GC 185642.195: [DefNew: 17958K->1071K(19136K), 0.0058820 secs] 79520K->62633K(260032K), 0.0059810 secs] [Times: user=0.00 sys=0.00, real=0.01 secs] 
2012-10-21T22:03:33.217+0100: 185689.200: [GC 185689.200: [DefNew: 18088K->502K(19136K), 0.0050190 secs] 79650K->62065K(260032K), 0.0051240 secs] [Times: user=0.01 sys=0.00, real=0.01 secs] 
2012-10-21T22:04:18.650+0100: 185734.633: [GC 185734.633: [DefNew: 17526K->1000K(19136K), 0.0104410 secs] 79088K->62562K(260032K), 0.0105550 secs] [Times: user=0.00 sys=0.00, real=0.01 secs] 
2012-10-21T22:05:08.285+0100: 185784.268: [GC 185784.268: [DefNew: 18020K->433K(19136K), 0.0049330 secs] 79583K->61995K(260032K), 0.0050310 secs] [Times: user=0.01 sys=0.00, real=0.01 secs] 
2012-10-21T22:05:53.748+0100: 185829.731: [GC 185829.731: [DefNew: 17457K->1127K(19136K), 0.0062080 secs] 79019K->62689K(260032K), 0.0063200 secs] [Times: user=0.00 sys=0.00, real=0.00 secs] 
2012-10-21T22:06:43.559+0100: 185879.542: [GC 185879.542: [DefNew: 18151K->904K(19136K), 0.0045320 secs] 79713K->62528K(260032K), 0.0046400 secs] [Times: user=0.00 sys=0.00, real=0.00 secs] 
2012-10-21T22:07:33.469+0100: 185929.452: [GC 185929.452: [DefNew: 17926K->531K(19136K), 0.0047940 secs] 79551K->62156K(260032K), 0.0048940 secs] [Times: user=0.00 sys=0.00, real=0.00 secs] 
2012-10-21T22:08:18.805+0100: 185974.788: [GC 185974.789: [DefNew: 17552K->1006K(19136K), 0.0101920 secs] 79177K->62630K(260032K), 0.0103210 secs] [Times: user=0.01 sys=0.00, real=0.01 secs] 
2012-10-21T22:09:08.394+0100: 186024.377: [GC 186024.377: [DefNew: 18030K->686K(19136K), 0.0053680 secs] 79654K->62340K(260032K), 0.0054760 secs] [Times: user=0.00 sys=0.00, real=0.01 secs] 
2012-10-21T22:09:54.518+0100: 186070.501: [GC 186070.501: [DefNew: 17710K->1174K(19136K), 0.0062480 secs] 79364K->62828K(260032K), 0.0063470 secs] [Times: user=0.01 sys=0.00, real=0.00 secs] 
2012-10-21T22:10:43.427+0100: 186119.410: [GC 186119.410: [DefNew: 18173K->886K(19136K), 0.0059650 secs] 79828K->62540K(260032K), 0.0060760 secs] [Times: user=0.01 sys=0.00, real=0.01 secs] 
2012-10-21T22:11:33.454+0100: 186169.437: [GC 186169.437: [DefNew: 17910K->792K(19136K), 0.0053140 secs] 79564K->62446K(260032K), 0.0054160 secs] [Times: user=0.01 sys=0.00, real=0.01 secs] 
2012-10-21T22:12:18.705+0100: 186214.688: [GC 186214.688: [DefNew: 17816K->1331K(19136K), 0.0066120 secs] 79470K->62986K(260032K), 0.0067350 secs] [Times: user=0.01 sys=0.00, real=0.01 secs] 
2012-10-21T22:13:04.091+0100: 186260.074: [GC 186260.075: [DefNew: 18355K->998K(19136K), 0.0082430 secs] 80010K->63084K(260032K), 0.0083580 secs] [Times: user=0.01 sys=0.00, real=0.01 secs] 
2012-10-21T22:13:53.263+0100: 186309.246: [GC 186309.246: [DefNew: 18022K->819K(19136K), 0.0077560 secs] 80108K->62905K(260032K), 0.0078620 secs] [Times: user=0.01 sys=0.00, real=0.01 secs] 
2012-10-21T22:14:43.269+0100: 186359.252: [GC 186359.252: [DefNew: 17814K->781K(19136K), 0.0062140 secs] 79900K->62867K(260032K), 0.0069200 secs] [Times: user=0.01 sys=0.00, real=0.00 secs] 
2012-10-21T22:15:28.744+0100: 186404.727: [GC 186404.727: [DefNew: 17784K->952K(19136K), 0.0057200 secs] 79871K->63038K(260032K), 0.0058220 secs] [Times: user=0.00 sys=0.00, real=0.01 secs] 
2012-10-21T22:16:18.229+0100: 186454.212: [GC 186454.212: [DefNew: 17976K->887K(19136K), 0.0056470 secs] 80062K->62974K(260032K), 0.0057450 secs] [Times: user=0.00 sys=0.00, real=0.00 secs] 
2012-10-21T22:17:03.727+0100: 186499.710: [GC 186499.710: [DefNew: 17911K->1213K(19136K), 0.0062980 secs] 79998K->63300K(260032K), 0.0063980 secs] [Times: user=0.00 sys=0.00, real=0.01 secs] 
2012-10-21T22:17:53.839+0100: 186549.822: [GC 186549.822: [DefNew: 18207K->1001K(19136K), 0.0062670 secs] 80294K->63162K(260032K), 0.0063730 secs] [Times: user=0.01 sys=0.00, real=0.00 secs] 
2012-10-21T22:18:43.346+0100: 186599.329: [GC 186599.329: [DefNew: 18025K->884K(19136K), 0.0056900 secs] 80186K->63046K(260032K), 0.0057900 secs] [Times: user=0.01 sys=0.00, real=0.01 secs] 
2012-10-21T22:19:28.838+0100: 186644.821: [GC 186644.821: [DefNew: 17908K->1314K(19136K), 0.0072320 secs] 80070K->63476K(260032K), 0.0073640 secs] [Times: user=0.00 sys=0.00, real=0.00 secs] 
2012-10-21T22:20:18.275+0100: 186694.258: [GC 186694.258: [DefNew: 18338K->589K(19136K), 0.0056460 secs] 80500K->62906K(260032K), 0.0057500 secs] [Times: user=0.01 sys=0.00, real=0.01 secs] 
2012-10-21T22:21:08.351+0100: 186744.334: [GC 186744.334: [DefNew: 17587K->432K(19136K), 0.0053150 secs] 79904K->62749K(260032K), 0.0054170 secs] [Times: user=0.00 sys=0.00, real=0.00 secs] 
2012-10-21T22:21:53.300+0100: 186789.283: [GC 186789.283: [DefNew: 17456K->1053K(19136K), 0.0058900 secs] 79773K->63370K(260032K), 0.0059900 secs] [Times: user=0.01 sys=0.00, real=0.00 secs] 
2012-10-21T22:22:43.315+0100: 186839.298: [GC 186839.298: [DefNew: 18076K->605K(19136K), 0.0050170 secs] 80393K->62922K(260032K), 0.0051110 secs] [Times: user=0.01 sys=0.00, real=0.01 secs] 
2012-10-21T22:23:28.403+0100: 186884.386: [GC 186884.386: [DefNew: 17628K->1009K(19136K), 0.0057830 secs] 79945K->63326K(260032K), 0.0058960 secs] [Times: user=0.01 sys=0.00, real=0.01 secs] 
2012-10-21T22:24:18.359+0100: 186934.342: [GC 186934.342: [DefNew: 18033K->861K(19136K), 0.0055230 secs] 80350K->63178K(260032K), 0.0056270 secs] [Times: user=0.00 sys=0.00, real=0.00 secs] 
2012-10-21T22:25:03.865+0100: 186979.848: [GC 186979.848: [DefNew: 17868K->1001K(19136K), 0.0115310 secs] 80186K->63392K(260032K), 0.0116670 secs] [Times: user=0.00 sys=0.00, real=0.01 secs] 
2012-10-21T22:25:53.967+0100: 187029.950: [GC 187029.950: [DefNew: 18025K->1004K(19136K), 0.0070670 secs] 80416K->63395K(260032K), 0.0071840 secs] [Times: user=0.00 sys=0.00, real=0.01 secs] 
2012-10-21T22:26:43.301+0100: 187079.284: [GC 187079.284: [DefNew: 18015K->812K(19136K), 0.0074190 secs] 80406K->63203K(260032K), 0.0075490 secs] [Times: user=0.01 sys=0.00, real=0.01 secs] 
2012-10-21T22:27:33.265+0100: 187129.248: [GC 187129.248: [DefNew: 17834K->437K(19136K), 0.0050930 secs] 80225K->62829K(260032K), 0.0052600 secs] [Times: user=0.00 sys=0.00, real=0.01 secs] 
2012-10-21T22:28:23.466+0100: 187179.449: [GC 187179.449: [DefNew: 17461K->337K(19136K), 0.0048880 secs] 79853K->62728K(260032K), 0.0049860 secs] [Times: user=0.00 sys=0.00, real=0.01 secs] 
2012-10-21T22:28:57.051+0100: 187213.034: [GC 187213.034: [DefNew: 17361K->1593K(19136K), 0.0072780 secs] 79752K->63985K(260032K), 0.0073890 secs] [Times: user=0.01 sys=0.00, real=0.01 secs] 
2012-10-21T22:29:38.878+0100: 187254.861: [GC 187254.861: [DefNew: 18617K->901K(19136K), 0.0064620 secs] 81009K->63403K(260032K), 0.0065790 secs] [Times: user=0.00 sys=0.00, real=0.00 secs] 
2012-10-21T22:30:28.368+0100: 187304.351: [GC 187304.351: [DefNew: 17906K->779K(19136K), 0.0057810 secs] 80408K->63281K(260032K), 0.0058860 secs] [Times: user=0.00 sys=0.00, real=0.00 secs] 
2012-10-21T22:31:13.993+0100: 187349.976: [GC 187349.976: [DefNew: 17803K->1315K(19136K), 0.0068370 secs] 80305K->63817K(260032K), 0.0069590 secs] [Times: user=0.01 sys=0.00, real=0.01 secs] 
2012-10-21T22:32:03.400+0100: 187399.382: [GC 187399.383: [DefNew: 18339K->694K(19136K), 0.0060900 secs] 80840K->63322K(260032K), 0.0061990 secs] [Times: user=0.00 sys=0.00, real=0.00 secs] 
2012-10-21T22:32:53.403+0100: 187449.386: [GC 187449.386: [DefNew: 17718K->779K(19136K), 0.0061830 secs] 80346K->63407K(260032K), 0.0063390 secs] [Times: user=0.01 sys=0.00, real=0.01 secs] 
2012-10-21T22:33:43.770+0100: 187499.753: [GC 187499.753: [DefNew: 17800K->514K(19136K), 0.0050040 secs] 80428K->63142K(260032K), 0.0051310 secs] [Times: user=0.00 sys=0.00, real=0.00 secs] 
2012-10-21T22:34:28.355+0100: 187544.338: [GC 187544.338: [DefNew: 17517K->782K(19136K), 0.0054140 secs] 80145K->63410K(260032K), 0.0055510 secs] [Times: user=0.00 sys=0.00, real=0.01 secs] 
2012-10-21T22:35:14.239+0100: 187590.222: [GC 187590.222: [DefNew: 17806K->1226K(19136K), 0.0067170 secs] 80434K->63854K(260032K), 0.0068370 secs] [Times: user=0.00 sys=0.00, real=0.00 secs] 
2012-10-21T22:36:03.537+0100: 187639.520: [GC 187639.520: [DefNew: 18250K->880K(19136K), 0.0065280 secs] 80878K->63634K(260032K), 0.0066360 secs] [Times: user=0.01 sys=0.00, real=0.01 secs] 
2012-10-21T22:36:53.425+0100: 187689.408: [GC 187689.408: [DefNew: 17889K->840K(19136K), 0.0055910 secs] 80644K->63595K(260032K), 0.0057340 secs] [Times: user=0.01 sys=0.00, real=0.01 secs] 
2012-10-21T22:37:43.479+0100: 187739.462: [GC 187739.462: [DefNew: 17864K->751K(19136K), 0.0054300 secs] 80619K->63506K(260032K), 0.0055290 secs] [Times: user=0.00 sys=0.00, real=0.00 secs] 
2012-10-21T22:38:29.134+0100: 187785.117: [GC 187785.117: [DefNew: 17775K->1065K(19136K), 0.0067150 secs] 80530K->63819K(260032K), 0.0068260 secs] [Times: user=0.00 sys=0.00, real=0.01 secs] 
2012-10-21T22:39:18.585+0100: 187834.568: [GC 187834.568: [DefNew: 18067K->722K(19136K), 0.0052110 secs] 80821K->63476K(260032K), 0.0053120 secs] [Times: user=0.01 sys=0.00, real=0.01 secs] 
2012-10-21T22:40:08.408+0100: 187884.390: [GC 187884.391: [DefNew: 17746K->466K(19136K), 0.0048060 secs] 80500K->63220K(260032K), 0.0050250 secs] [Times: user=0.01 sys=0.00, real=0.00 secs] 
2012-10-21T22:40:54.062+0100: 187930.045: [GC 187930.045: [DefNew: 17490K->1170K(19136K), 0.0123980 secs] 80244K->63924K(260032K), 0.0126480 secs] [Times: user=0.00 sys=0.00, real=0.01 secs] 
2012-10-21T22:41:43.441+0100: 187979.424: [GC 187979.424: [DefNew: 18194K->398K(19136K), 0.0057580 secs] 80948K->63354K(260032K), 0.0058630 secs] [Times: user=0.00 sys=0.00, real=0.00 secs] 
2012-10-21T22:42:33.540+0100: 188029.523: [GC 188029.523: [DefNew: 17392K->497K(19136K), 0.0048640 secs] 80348K->63452K(260032K), 0.0049600 secs] [Times: user=0.00 sys=0.00, real=0.00 secs] 
2012-10-21T22:43:18.428+0100: 188074.411: [GC 188074.411: [DefNew: 17521K->685K(19136K), 0.0063880 secs] 80476K->63641K(260032K), 0.0065010 secs] [Times: user=0.00 sys=0.01, real=0.00 secs] 
2012-10-21T22:44:03.433+0100: 188119.416: [GC 188119.416: [DefNew: 17709K->951K(19136K), 0.0057680 secs] 80665K->63907K(260032K), 0.0058720 secs] [Times: user=0.01 sys=0.00, real=0.01 secs] 
2012-10-21T22:44:53.729+0100: 188169.712: [GC 188169.712: [DefNew: 17975K->883K(19136K), 0.0055760 secs] 80931K->63839K(260032K), 0.0056760 secs] [Times: user=0.00 sys=0.00, real=0.00 secs] 
2012-10-21T22:45:43.761+0100: 188219.744: [GC 188219.744: [DefNew: 17881K->433K(19136K), 0.0049430 secs] 80837K->63389K(260032K), 0.0050430 secs] [Times: user=0.00 sys=0.01, real=0.00 secs] 
2012-10-21T22:46:29.043+0100: 188265.026: [GC 188265.026: [DefNew: 17457K->969K(19136K), 0.0145770 secs] 80413K->63925K(260032K), 0.0148550 secs] [Times: user=0.01 sys=0.00, real=0.02 secs] 
2012-10-21T22:47:18.579+0100: 188314.562: [GC 188314.562: [DefNew: 17972K->780K(19136K), 0.0052750 secs] 80928K->63736K(260032K), 0.0053770 secs] [Times: user=0.01 sys=0.00, real=0.00 secs] 
2012-10-21T22:48:04.073+0100: 188360.056: [GC 188360.056: [DefNew: 17804K->1134K(19136K), 0.0082150 secs] 80760K->64090K(260032K), 0.0083290 secs] [Times: user=0.01 sys=0.00, real=0.01 secs] 
2012-10-21T22:48:53.817+0100: 188409.800: [GC 188409.800: [DefNew: 18158K->875K(19136K), 0.0059320 secs] 81114K->63895K(260032K), 0.0060350 secs] [Times: user=0.00 sys=0.00, real=0.01 secs] 
2012-10-21T22:49:43.606+0100: 188459.589: [GC 188459.589: [DefNew: 17895K->563K(19136K), 0.0050990 secs] 80915K->63583K(260032K), 0.0052040 secs] [Times: user=0.01 sys=0.00, real=0.01 secs] 
2012-10-21T22:50:28.528+0100: 188504.511: [GC 188504.511: [DefNew: 17587K->999K(19136K), 0.0065190 secs] 80607K->64019K(260032K), 0.0066280 secs] [Times: user=0.00 sys=0.01, real=0.00 secs] 
2012-10-21T22:51:18.791+0100: 188554.774: [GC 188554.775: [DefNew: 18011K->623K(19136K), 0.0050400 secs] 81031K->63643K(260032K), 0.0051540 secs] [Times: user=0.00 sys=0.00, real=0.00 secs] 
2012-10-21T22:52:04.108+0100: 188600.091: [GC 188600.091: [DefNew: 17647K->1191K(19136K), 0.0060650 secs] 80667K->64211K(260032K), 0.0061740 secs] [Times: user=0.00 sys=0.00, real=0.00 secs] 
2012-10-21T22:52:53.729+0100: 188649.712: [GC 188649.713: [DefNew: 18215K->467K(19136K), 0.0054190 secs] 81235K->63642K(260032K), 0.0055180 secs] [Times: user=0.00 sys=0.00, real=0.00 secs] 
2012-10-21T22:53:38.699+0100: 188694.682: [GC 188694.682: [DefNew: 17491K->851K(19136K), 0.0054140 secs] 80666K->64027K(260032K), 0.0055150 secs] [Times: user=0.00 sys=0.00, real=0.00 secs] 
2012-10-21T22:54:28.569+0100: 188744.552: [GC 188744.552: [DefNew: 17862K->371K(19136K), 0.0043790 secs] 81037K->63546K(260032K), 0.0044720 secs] [Times: user=0.00 sys=0.00, real=0.00 secs] 
2012-10-21T22:55:13.625+0100: 188789.608: [GC 188789.608: [DefNew: 17379K->783K(19136K), 0.0053480 secs] 80555K->63958K(260032K), 0.0054590 secs] [Times: user=0.01 sys=0.00, real=0.01 secs] 
2012-10-21T22:55:59.356+0100: 188835.339: [GC 188835.339: [DefNew: 17807K->1257K(19136K), 0.0065360 secs] 80982K->64433K(260032K), 0.0066520 secs] [Times: user=0.00 sys=0.00, real=0.01 secs] 
2012-10-21T22:56:49.086+0100: 188885.069: [GC 188885.069: [DefNew: 18281K->1004K(19136K), 0.0065870 secs] 81457K->64306K(260032K), 0.0066960 secs] [Times: user=0.01 sys=0.00, real=0.01 secs] 
2012-10-21T22:57:38.527+0100: 188934.510: [GC 188934.510: [DefNew: 18028K->1134K(19136K), 0.0064770 secs] 81330K->64436K(260032K), 0.0065850 secs] [Times: user=0.01 sys=0.00, real=0.01 secs] 
2012-10-21T22:58:24.397+0100: 188980.380: [GC 188980.380: [DefNew: 18153K->954K(19136K), 0.0071050 secs] 81455K->64482K(260032K), 0.0072110 secs] [Times: user=0.02 sys=0.00, real=0.01 secs] 
2012-10-21T22:59:13.588+0100: 189029.571: [GC 189029.571: [DefNew: 17973K->426K(19136K), 0.0063300 secs] 81501K->63953K(260032K), 0.0064620 secs] [Times: user=0.01 sys=0.00, real=0.00 secs] 
2012-10-21T22:59:59.138+0100: 189075.120: [GC 189075.121: [DefNew: 17450K->1018K(19136K), 0.0063560 secs] 80977K->64546K(260032K), 0.0065070 secs] [Times: user=0.00 sys=0.00, real=0.00 secs] 
2012-10-21T23:00:49.064+0100: 189125.047: [GC 189125.047: [DefNew: 18014K->1047K(19136K), 0.0060190 secs] 81542K->64575K(260032K), 0.0061350 secs] [Times: user=0.01 sys=0.00, real=0.01 secs] 
2012-10-21T23:01:38.609+0100: 189174.592: [GC 189174.592: [DefNew: 18071K->844K(19136K), 0.0058370 secs] 81599K->64420K(260032K), 0.0059430 secs] [Times: user=0.00 sys=0.00, real=0.00 secs] 
2012-10-21T23:02:28.588+0100: 189224.571: [GC 189224.571: [DefNew: 17847K->588K(19136K), 0.0050350 secs] 81423K->64164K(260032K), 0.0052540 secs] [Times: user=0.00 sys=0.00, real=0.00 secs] 
2012-10-21T23:03:13.626+0100: 189269.609: [GC 189269.609: [DefNew: 17612K->719K(19136K), 0.0056740 secs] 81188K->64295K(260032K), 0.0057810 secs] [Times: user=0.01 sys=0.00, real=0.01 secs] 
2012-10-21T23:04:03.635+0100: 189319.618: [GC 189319.618: [DefNew: 17722K->433K(19136K), 0.0052210 secs] 81298K->64009K(260032K), 0.0053450 secs] [Times: user=0.01 sys=0.00, real=0.01 secs] 
2012-10-21T23:04:49.284+0100: 189365.267: [GC 189365.267: [DefNew: 17457K->1106K(19136K), 0.0062610 secs] 81033K->64682K(260032K), 0.0064030 secs] [Times: user=0.01 sys=0.00, real=0.01 secs] 
2012-10-21T23:05:38.804+0100: 189414.787: [GC 189414.787: [DefNew: 18113K->528K(19136K), 0.0049100 secs] 81689K->64104K(260032K), 0.0050090 secs] [Times: user=0.01 sys=0.00, real=0.01 secs] 
2012-10-21T23:06:28.964+0100: 189464.946: [GC 189464.947: [DefNew: 17552K->526K(19136K), 0.0057630 secs] 81128K->64102K(260032K), 0.0058610 secs] [Times: user=0.00 sys=0.00, real=0.01 secs] 
2012-10-21T23:07:18.760+0100: 189514.743: [GC 189514.743: [DefNew: 17548K->352K(19136K), 0.0047500 secs] 81124K->63991K(260032K), 0.0048480 secs] [Times: user=0.00 sys=0.00, real=0.00 secs] 
2012-10-21T23:07:58.823+0100: 189554.806: [GC 189554.806: [DefNew: 17376K->1062K(19136K), 0.0060520 secs] 81015K->64701K(260032K), 0.0064240 secs] [Times: user=0.00 sys=0.00, real=0.01 secs] 
2012-10-21T23:08:48.735+0100: 189604.717: [GC 189604.718: [DefNew: 18086K->655K(19136K), 0.0052430 secs] 81725K->64293K(260032K), 0.0054420 secs] [Times: user=0.00 sys=0.00, real=0.01 secs] 
2012-10-21T23:09:34.211+0100: 189650.194: [GC 189650.194: [DefNew: 17679K->1105K(19136K), 0.0060510 secs] 81317K->64744K(260032K), 0.0061570 secs] [Times: user=0.00 sys=0.00, real=0.00 secs] 
2012-10-21T23:10:23.654+0100: 189699.637: [GC 189699.637: [DefNew: 18099K->653K(19136K), 0.0051440 secs] 81737K->64291K(260032K), 0.0052480 secs] [Times: user=0.00 sys=0.00, real=0.01 secs] 
2012-10-21T23:11:08.711+0100: 189744.694: [GC 189744.694: [DefNew: 17677K->952K(19136K), 0.0058770 secs] 81315K->64590K(260032K), 0.0059750 secs] [Times: user=0.00 sys=0.00, real=0.00 secs] 
2012-10-21T23:11:58.615+0100: 189794.598: [GC 189794.598: [DefNew: 17949K->568K(19136K), 0.0057580 secs] 81588K->64207K(260032K), 0.0058540 secs] [Times: user=0.01 sys=0.00, real=0.01 secs] 
2012-10-21T23:12:46.140+0100: 189842.123: [GC 189842.123: [DefNew: 17587K->506K(19136K), 0.0046650 secs] 81226K->64144K(260032K), 0.0047600 secs] [Times: user=0.00 sys=0.00, real=0.00 secs] 
2012-10-21T23:13:33.841+0100: 189889.824: [GC 189889.824: [DefNew: 17530K->920K(19136K), 0.0056940 secs] 81168K->64559K(260032K), 0.0057920 secs] [Times: user=0.01 sys=0.00, real=0.00 secs] 
2012-10-21T23:14:19.155+0100: 189935.138: [GC 189935.138: [DefNew: 17944K->1072K(19136K), 0.0068230 secs] 81583K->64784K(260032K), 0.0069310 secs] [Times: user=0.01 sys=0.00, real=0.01 secs] 
2012-10-21T23:15:08.637+0100: 189984.620: [GC 189984.620: [DefNew: 18096K->887K(19136K), 0.0058430 secs] 81808K->64599K(260032K), 0.0059580 secs] [Times: user=0.00 sys=0.00, real=0.01 secs] 
2012-10-21T23:15:53.675+0100: 190029.658: [GC 190029.658: [DefNew: 17911K->1205K(19136K), 0.0062550 secs] 81623K->64918K(260032K), 0.0063730 secs] [Times: user=0.00 sys=0.00, real=0.01 secs] 
2012-10-21T23:16:43.782+0100: 190079.765: [GC 190079.765: [DefNew: 18212K->751K(19136K), 0.0106550 secs] 81925K->64663K(260032K), 0.0107800 secs] [Times: user=0.01 sys=0.00, real=0.01 secs] 
2012-10-21T23:17:33.693+0100: 190129.676: [GC 190129.676: [DefNew: 17774K->469K(19136K), 0.0051090 secs] 81686K->64381K(260032K), 0.0052110 secs] [Times: user=0.01 sys=0.00, real=0.01 secs] 
2012-10-21T23:18:19.077+0100: 190175.060: [GC 190175.060: [DefNew: 17493K->783K(19136K), 0.0053580 secs] 81405K->64695K(260032K), 0.0054570 secs] [Times: user=0.00 sys=0.00, real=0.01 secs] 
2012-10-21T23:19:04.319+0100: 190220.301: [GC 190220.302: [DefNew: 17794K->968K(19136K), 0.0057380 secs] 81706K->64881K(260032K), 0.0058720 secs] [Times: user=0.01 sys=0.00, real=0.00 secs] 
2012-10-21T23:19:54.128+0100: 190270.111: [GC 190270.111: [DefNew: 17987K->813K(19136K), 0.0083110 secs] 81899K->64725K(260032K), 0.0084220 secs] [Times: user=0.00 sys=0.00, real=0.00 secs] 
2012-10-21T23:20:39.242+0100: 190315.225: [GC 190315.225: [DefNew: 17837K->1126K(19136K), 0.0109310 secs] 81749K->65038K(260032K), 0.0111000 secs] [Times: user=0.01 sys=0.00, real=0.01 secs] 
2012-10-21T23:21:28.651+0100: 190364.634: [GC 190364.634: [DefNew: 18150K->833K(19136K), 0.0121010 secs] 82062K->64902K(260032K), 0.0122440 secs] [Times: user=0.01 sys=0.00, real=0.01 secs] 
2012-10-21T23:22:19.050+0100: 190415.033: [GC 190415.033: [DefNew: 17857K->987K(19136K), 0.0059240 secs] 81926K->65056K(260032K), 0.0060190 secs] [Times: user=0.00 sys=0.01, real=0.00 secs] 
2012-10-21T23:23:03.773+0100: 190459.756: [GC 190459.756: [DefNew: 18011K->986K(19136K), 0.0063120 secs] 82080K->65055K(260032K), 0.0064130 secs] [Times: user=0.00 sys=0.00, real=0.01 secs] 
2012-10-21T23:23:53.793+0100: 190509.776: [GC 190509.776: [DefNew: 18010K->701K(19136K), 0.0122610 secs] 82079K->64770K(260032K), 0.0124100 secs] [Times: user=0.00 sys=0.00, real=0.01 secs] 
2012-10-21T23:24:39.243+0100: 190555.226: [GC 190555.226: [DefNew: 17724K->1144K(19136K), 0.0072730 secs] 81793K->65287K(260032K), 0.0074030 secs] [Times: user=0.01 sys=0.00, real=0.01 secs] 
2012-10-21T23:25:31.141+0100: 190607.123: [GC 190607.124: [DefNew: 18168K->1085K(19136K), 0.0063170 secs] 82311K->65292K(260032K), 0.0064180 secs] [Times: user=0.00 sys=0.00, real=0.00 secs] 
2012-10-21T23:26:18.683+0100: 190654.666: [GC 190654.666: [DefNew: 18109K->530K(19136K), 0.0075230 secs] 82316K->64863K(260032K), 0.0076310 secs] [Times: user=0.00 sys=0.00, real=0.01 secs] 
2012-10-21T23:27:08.741+0100: 190704.724: [GC 190704.724: [DefNew: 17546K->465K(19136K), 0.0046950 secs] 81879K->64798K(260032K), 0.0047900 secs] [Times: user=0.00 sys=0.00, real=0.00 secs] 
2012-10-21T23:27:53.894+0100: 190749.877: [GC 190749.877: [DefNew: 17459K->779K(19136K), 0.0053650 secs] 81792K->65112K(260032K), 0.0054690 secs] [Times: user=0.01 sys=0.00, real=0.01 secs] 
2012-10-21T23:28:43.754+0100: 190799.737: [GC 190799.737: [DefNew: 17781K->652K(19136K), 0.0055240 secs] 82114K->64985K(260032K), 0.0056190 secs] [Times: user=0.01 sys=0.00, real=0.01 secs] 
2012-10-21T23:29:14.058+0100: 190830.041: [GC 190830.041: [DefNew: 17676K->390K(19136K), 0.0050020 secs] 82009K->64723K(260032K), 0.0051180 secs] [Times: user=0.00 sys=0.01, real=0.00 secs] 
2012-10-21T23:29:59.030+0100: 190875.013: [GC 190875.014: [DefNew: 17414K->1066K(19136K), 0.0059540 secs] 81747K->65400K(260032K), 0.0060580 secs] [Times: user=0.01 sys=0.00, real=0.00 secs] 
2012-10-21T23:30:48.866+0100: 190924.849: [GC 190924.849: [DefNew: 18086K->878K(19136K), 0.0069730 secs] 82419K->65277K(260032K), 0.0070750 secs] [Times: user=0.01 sys=0.00, real=0.01 secs] 
2012-10-21T23:31:38.867+0100: 190974.850: [GC 190974.850: [DefNew: 17873K->560K(19136K), 0.0049770 secs] 82273K->64960K(260032K), 0.0051380 secs] [Times: user=0.00 sys=0.00, real=0.01 secs] 
2012-10-21T23:32:24.381+0100: 191020.363: [GC 191020.364: [DefNew: 17556K->1033K(19136K), 0.0057310 secs] 81955K->65433K(260032K), 0.0058430 secs] [Times: user=0.00 sys=0.00, real=0.00 secs] 
2012-10-21T23:33:13.814+0100: 191069.797: [GC 191069.797: [DefNew: 18057K->932K(19136K), 0.0054440 secs] 82457K->65331K(260032K), 0.0055420 secs] [Times: user=0.00 sys=0.00, real=0.01 secs] 
2012-10-21T23:34:03.802+0100: 191119.785: [GC 191119.785: [DefNew: 17943K->526K(19136K), 0.0051750 secs] 82343K->64926K(260032K), 0.0052750 secs] [Times: user=0.00 sys=0.00, real=0.00 secs] 
2012-10-21T23:34:49.414+0100: 191165.397: [GC 191165.397: [DefNew: 17550K->1154K(19136K), 0.0066940 secs] 81950K->65553K(260032K), 0.0068100 secs] [Times: user=0.00 sys=0.00, real=0.01 secs] 
2012-10-21T23:35:39.335+0100: 191215.318: [GC 191215.318: [DefNew: 18178K->1079K(19136K), 0.0072690 secs] 82577K->65509K(260032K), 0.0073610 secs] [Times: user=0.00 sys=0.00, real=0.01 secs] 
2012-10-21T23:36:28.831+0100: 191264.814: [GC 191264.814: [DefNew: 18103K->340K(19136K), 0.0104940 secs] 82533K->64832K(260032K), 0.0106080 secs] [Times: user=0.00 sys=0.00, real=0.01 secs] 
2012-10-21T23:37:13.779+0100: 191309.762: [GC 191309.762: [DefNew: 17361K->765K(19136K), 0.0051830 secs] 81853K->65257K(260032K), 0.0052800 secs] [Times: user=0.00 sys=0.00, real=0.00 secs] 
2012-10-21T23:38:03.963+0100: 191359.946: [GC 191359.947: [DefNew: 17789K->625K(19136K), 0.0068410 secs] 82281K->65117K(260032K), 0.0069390 secs] [Times: user=0.01 sys=0.00, real=0.01 secs] 
2012-10-21T23:38:48.947+0100: 191404.930: [GC 191404.930: [DefNew: 17649K->847K(19136K), 0.0076920 secs] 82141K->65339K(260032K), 0.0078500 secs] [Times: user=0.01 sys=0.00, real=0.01 secs] 
2012-10-21T23:39:38.957+0100: 191454.940: [GC 191454.940: [DefNew: 17871K->846K(19136K), 0.0055520 secs] 82363K->65338K(260032K), 0.0056840 secs] [Times: user=0.02 sys=0.00, real=0.01 secs] 
2012-10-21T23:40:24.509+0100: 191500.492: [GC 191500.492: [DefNew: 17855K->1105K(19136K), 0.0057820 secs] 82348K->65597K(260032K), 0.0058850 secs] [Times: user=0.00 sys=0.00, real=0.00 secs] 
2012-10-21T23:41:14.086+0100: 191550.069: [GC 191550.069: [DefNew: 18123K->824K(19136K), 0.0139040 secs] 82615K->65316K(260032K), 0.0140110 secs] [Times: user=0.00 sys=0.00, real=0.02 secs] 
2012-10-21T23:42:03.776+0100: 191599.759: [GC 191599.759: [DefNew: 17848K->404K(19136K), 0.0046130 secs] 82340K->64896K(260032K), 0.0047100 secs] [Times: user=0.01 sys=0.00, real=0.01 secs] 
2012-10-21T23:42:49.226+0100: 191645.209: [GC 191645.209: [DefNew: 17428K->905K(19136K), 0.0037780 secs] 81920K->65397K(260032K), 0.0038700 secs] [Times: user=0.01 sys=0.00, real=0.01 secs] 
2012-10-21T23:43:39.051+0100: 191695.034: [GC 191695.034: [DefNew: 17929K->816K(19136K), 0.0042850 secs] 82421K->65381K(260032K), 0.0043550 secs] [Times: user=0.01 sys=0.00, real=0.00 secs] 
2012-10-21T23:44:24.651+0100: 191740.634: [GC 191740.634: [DefNew: 17840K->1130K(19136K), 0.0060500 secs] 82405K->65696K(260032K), 0.0061570 secs] [Times: user=0.00 sys=0.00, real=0.01 secs] 
2012-10-21T23:45:14.054+0100: 191790.037: [GC 191790.037: [DefNew: 18154K->721K(19136K), 0.0092610 secs] 82720K->65475K(260032K), 0.0093890 secs] [Times: user=0.01 sys=0.00, real=0.01 secs] 
2012-10-21T23:45:59.568+0100: 191835.551: [GC 191835.551: [DefNew: 17740K->1351K(19136K), 0.0066040 secs] 82495K->66105K(260032K), 0.0067170 secs] [Times: user=0.01 sys=0.00, real=0.00 secs] 
2012-10-21T23:46:48.846+0100: 191884.829: [GC 191884.829: [DefNew: 18375K->816K(19136K), 0.0083140 secs] 83129K->65667K(260032K), 0.0084180 secs] [Times: user=0.01 sys=0.00, real=0.01 secs] 
2012-10-21T23:47:34.561+0100: 191930.544: [GC 191930.544: [DefNew: 17828K->1221K(19136K), 0.0062670 secs] 82679K->66072K(260032K), 0.0063650 secs] [Times: user=0.00 sys=0.00, real=0.00 secs] 
2012-10-21T23:48:24.809+0100: 191980.792: [GC 191980.792: [DefNew: 18243K->1031K(19136K), 0.0064500 secs] 83094K->65883K(260032K), 0.0065500 secs] [Times: user=0.01 sys=0.00, real=0.00 secs] 
2012-10-21T23:49:13.882+0100: 192029.865: [GC 192029.865: [DefNew: 18030K->653K(19136K), 0.0049890 secs] 82882K->65505K(260032K), 0.0050840 secs] [Times: user=0.00 sys=0.00, real=0.00 secs] 
2012-10-21T23:49:59.658+0100: 192075.641: [GC 192075.641: [DefNew: 17677K->1065K(19136K), 0.0059980 secs] 82529K->65917K(260032K), 0.0061020 secs] [Times: user=0.01 sys=0.00, real=0.00 secs] 
2012-10-21T23:50:49.961+0100: 192125.944: [GC 192125.944: [DefNew: 18089K->939K(19136K), 0.0073640 secs] 82941K->65918K(260032K), 0.0074720 secs] [Times: user=0.00 sys=0.01, real=0.01 secs] 
2012-10-21T23:51:39.534+0100: 192175.517: [GC 192175.517: [DefNew: 17963K->970K(19136K), 0.0057800 secs] 82942K->65948K(260032K), 0.0059890 secs] [Times: user=0.01 sys=0.00, real=0.01 secs] 
2012-10-21T23:52:28.764+0100: 192224.747: [GC 192224.747: [DefNew: 17994K->711K(19136K), 0.0050710 secs] 82972K->65689K(260032K), 0.0051720 secs] [Times: user=0.00 sys=0.00, real=0.01 secs] 
2012-10-21T23:53:19.174+0100: 192275.157: [GC 192275.157: [DefNew: 17712K->716K(19136K), 0.0050850 secs] 82690K->65694K(260032K), 0.0051880 secs] [Times: user=0.02 sys=0.00, real=0.01 secs] 
2012-10-21T23:54:04.636+0100: 192320.618: [GC 192320.619: [DefNew: 17740K->1126K(19136K), 0.0060880 secs] 82718K->66104K(260032K), 0.0061900 secs] [Times: user=0.01 sys=0.00, real=0.01 secs] 
2012-10-21T23:54:53.906+0100: 192369.889: [GC 192369.889: [DefNew: 18150K->847K(19136K), 0.0073240 secs] 83128K->65917K(260032K), 0.0074370 secs] [Times: user=0.01 sys=0.00, real=0.01 secs] 
2012-10-21T23:55:44.268+0100: 192420.251: [GC 192420.251: [DefNew: 17859K->782K(19136K), 0.0088910 secs] 82930K->65852K(260032K), 0.0090190 secs] [Times: user=0.00 sys=0.01, real=0.00 secs] 
2012-10-21T23:56:29.795+0100: 192465.778: [GC 192465.778: [DefNew: 17806K->1127K(19136K), 0.0058810 secs] 82876K->66197K(260032K), 0.0059790 secs] [Times: user=0.01 sys=0.00, real=0.01 secs] 
2012-10-21T23:57:19.096+0100: 192515.078: [GC 192515.079: [DefNew: 18151K->829K(19136K), 0.0058690 secs] 83221K->65964K(260032K), 0.0059680 secs] [Times: user=0.02 sys=0.00, real=0.01 secs] 
2012-10-21T23:58:09.004+0100: 192564.987: [GC 192564.987: [DefNew: 17829K->723K(19136K), 0.0053120 secs] 82964K->65858K(260032K), 0.0054070 secs] [Times: user=0.00 sys=0.00, real=0.01 secs] 
2012-10-21T23:58:54.904+0100: 192610.887: [GC 192610.887: [DefNew: 17747K->1140K(19136K), 0.0061150 secs] 82882K->66275K(260032K), 0.0062130 secs] [Times: user=0.00 sys=0.00, real=0.01 secs] 
2012-10-21T23:59:44.198+0100: 192660.181: [GC 192660.181: [DefNew: 18164K->1055K(19136K), 0.0070910 secs] 83299K->66326K(260032K), 0.0072170 secs] [Times: user=0.01 sys=0.00, real=0.00 secs] 
2012-10-22T00:00:34.204+0100: 192710.187: [GC 192710.187: [DefNew: 18048K->463K(19136K), 0.0048200 secs] 83319K->65734K(260032K), 0.0049250 secs] [Times: user=0.00 sys=0.00, real=0.01 secs] 
2012-10-22T00:01:19.579+0100: 192755.562: [GC 192755.562: [DefNew: 17487K->1169K(19136K), 0.0061200 secs] 82758K->66440K(260032K), 0.0062370 secs] [Times: user=0.00 sys=0.00, real=0.00 secs] 
2012-10-22T00:02:09.605+0100: 192805.588: [GC 192805.588: [DefNew: 18164K->905K(19136K), 0.0116490 secs] 83435K->66332K(260032K), 0.0117610 secs] [Times: user=0.01 sys=0.00, real=0.01 secs] 
2012-10-22T00:02:59.564+0100: 192855.547: [GC 192855.547: [DefNew: 17913K->970K(19136K), 0.0061940 secs] 83340K->66397K(260032K), 0.0063010 secs] [Times: user=0.01 sys=0.00, real=0.01 secs] 
2012-10-22T00:03:49.189+0100: 192905.172: [GC 192905.172: [DefNew: 17980K->846K(19136K), 0.0054370 secs] 83407K->66273K(260032K), 0.0055360 secs] [Times: user=0.00 sys=0.00, real=0.00 secs] 
2012-10-22T00:04:39.168+0100: 192955.151: [GC 192955.151: [DefNew: 17851K->338K(19136K), 0.0045720 secs] 83278K->65764K(260032K), 0.0046620 secs] [Times: user=0.00 sys=0.00, real=0.00 secs] 
2012-10-22T00:05:23.976+0100: 192999.959: [GC 192999.959: [DefNew: 17362K->912K(19136K), 0.0078030 secs] 82788K->66339K(260032K), 0.0079160 secs] [Times: user=0.01 sys=0.00, real=0.01 secs] 
2012-10-22T00:06:13.959+0100: 193049.942: [GC 193049.942: [DefNew: 17907K->775K(19136K), 0.0052540 secs] 83334K->66202K(260032K), 0.0053590 secs] [Times: user=0.00 sys=0.01, real=0.00 secs] 
2012-10-22T00:06:59.652+0100: 193095.635: [GC 193095.635: [DefNew: 17799K->1133K(19136K), 0.0069730 secs] 83226K->66560K(260032K), 0.0070880 secs] [Times: user=0.01 sys=0.00, real=0.01 secs] 
2012-10-22T00:07:49.733+0100: 193145.716: [GC 193145.716: [DefNew: 18157K->937K(19136K), 0.0063310 secs] 83584K->66520K(260032K), 0.0064330 secs] [Times: user=0.00 sys=0.00, real=0.01 secs] 
2012-10-22T00:08:34.676+0100: 193190.659: [GC 193190.659: [DefNew: 17961K->1160K(19136K), 0.0063930 secs] 83544K->66743K(260032K), 0.0065000 secs] [Times: user=0.01 sys=0.00, real=0.01 secs] 
2012-10-22T00:09:24.072+0100: 193240.055: [GC 193240.055: [DefNew: 18184K->796K(19136K), 0.0060110 secs] 83767K->66442K(260032K), 0.0061120 secs] [Times: user=0.00 sys=0.00, real=0.01 secs] 
2012-10-22T00:10:14.096+0100: 193290.079: [GC 193290.079: [DefNew: 17813K->404K(19136K), 0.0045760 secs] 83458K->66050K(260032K), 0.0046760 secs] [Times: user=0.01 sys=0.00, real=0.01 secs] 
2012-10-22T00:10:59.093+0100: 193335.076: [GC 193335.076: [DefNew: 17408K->791K(19136K), 0.0067840 secs] 83054K->66437K(260032K), 0.0069120 secs] [Times: user=0.00 sys=0.00, real=0.01 secs] 
2012-10-22T00:11:49.010+0100: 193384.993: [GC 193384.993: [DefNew: 17807K->695K(19136K), 0.0053610 secs] 83452K->66340K(260032K), 0.0054660 secs] [Times: user=0.00 sys=0.00, real=0.00 secs] 
2012-10-22T00:12:38.959+0100: 193434.942: [GC 193434.942: [DefNew: 17716K->850K(19136K), 0.0096870 secs] 83361K->66496K(260032K), 0.0098150 secs] [Times: user=0.01 sys=0.00, real=0.01 secs] 
2012-10-22T00:13:24.770+0100: 193480.753: [GC 193480.753: [DefNew: 17874K->1300K(19136K), 0.0063720 secs] 83520K->66946K(260032K), 0.0064800 secs] [Times: user=0.01 sys=0.00, real=0.00 secs] 
2012-10-22T00:14:13.979+0100: 193529.962: [GC 193529.962: [DefNew: 18324K->750K(19136K), 0.0067840 secs] 83970K->66533K(260032K), 0.0068870 secs] [Times: user=0.00 sys=0.01, real=0.00 secs] 
2012-10-22T00:14:59.666+0100: 193575.649: [GC 193575.649: [DefNew: 17774K->1068K(19136K), 0.0063780 secs] 83557K->66852K(260032K), 0.0065030 secs] [Times: user=0.00 sys=0.00, real=0.01 secs] 
2012-10-22T00:15:49.680+0100: 193625.663: [GC 193625.664: [DefNew: 18092K->1107K(19136K), 0.0075090 secs] 83876K->66954K(260032K), 0.0076210 secs] [Times: user=0.01 sys=0.00, real=0.01 secs] 
2012-10-22T00:16:39.068+0100: 193675.051: [GC 193675.051: [DefNew: 18124K->853K(19136K), 0.0064270 secs] 83970K->66761K(260032K), 0.0065380 secs] [Times: user=0.00 sys=0.00, real=0.00 secs] 
2012-10-22T00:17:29.091+0100: 193725.074: [GC 193725.074: [DefNew: 17877K->856K(19136K), 0.0057670 secs] 83785K->66764K(260032K), 0.0058630 secs] [Times: user=0.01 sys=0.00, real=0.00 secs] 
2012-10-22T00:18:14.005+0100: 193769.988: [GC 193769.988: [DefNew: 17880K->889K(19136K), 0.0057210 secs] 83788K->66798K(260032K), 0.0058440 secs] [Times: user=0.00 sys=0.00, real=0.01 secs] 
2012-10-22T00:18:59.047+0100: 193815.030: [GC 193815.030: [DefNew: 17913K->812K(19136K), 0.0064790 secs] 83822K->66794K(260032K), 0.0065840 secs] [Times: user=0.01 sys=0.00, real=0.01 secs] 
2012-10-22T00:19:49.043+0100: 193865.026: [GC 193865.026: [DefNew: 17836K->813K(19136K), 0.0080540 secs] 83818K->66795K(260032K), 0.0081640 secs] [Times: user=0.01 sys=0.00, real=0.01 secs] 
2012-10-22T00:20:39.098+0100: 193915.081: [GC 193915.081: [DefNew: 17837K->338K(19136K), 0.0046270 secs] 83819K->66321K(260032K), 0.0047210 secs] [Times: user=0.00 sys=0.00, real=0.00 secs] 
2012-10-22T00:21:24.010+0100: 193959.993: [GC 193959.994: [DefNew: 17356K->920K(19136K), 0.0086070 secs] 83339K->66902K(260032K), 0.0087350 secs] [Times: user=0.00 sys=0.00, real=0.01 secs] 
2012-10-22T00:22:14.159+0100: 194010.141: [GC 194010.142: [DefNew: 17944K->992K(19136K), 0.0064900 secs] 83926K->67036K(260032K), 0.0065930 secs] [Times: user=0.00 sys=0.00, real=0.00 secs] 
2012-10-22T00:22:59.020+0100: 194055.003: [GC 194055.004: [DefNew: 18016K->1293K(19136K), 0.0069050 secs] 84060K->67338K(260032K), 0.0070150 secs] [Times: user=0.01 sys=0.00, real=0.01 secs] 
2012-10-22T00:23:49.017+0100: 194105.000: [GC 194105.000: [DefNew: 18317K->694K(19136K), 0.0066550 secs] 84362K->66877K(260032K), 0.0067690 secs] [Times: user=0.00 sys=0.00, real=0.01 secs] 
2012-10-22T00:24:39.150+0100: 194155.133: [GC 194155.133: [DefNew: 17704K->431K(19136K), 0.0061120 secs] 83887K->66614K(260032K), 0.0062110 secs] [Times: user=0.00 sys=0.00, real=0.00 secs] 
2012-10-22T00:25:24.020+0100: 194200.003: [GC 194200.003: [DefNew: 17455K->913K(19136K), 0.0057840 secs] 83638K->67096K(260032K), 0.0058850 secs] [Times: user=0.00 sys=0.00, real=0.00 secs] 
2012-10-22T00:26:14.115+0100: 194250.098: [GC 194250.098: [DefNew: 17937K->883K(19136K), 0.0060940 secs] 84120K->67066K(260032K), 0.0061920 secs] [Times: user=0.01 sys=0.00, real=0.01 secs] 
2012-10-22T00:27:04.003+0100: 194299.986: [GC 194299.986: [DefNew: 17907K->812K(19136K), 0.0053570 secs] 84090K->66995K(260032K), 0.0054600 secs] [Times: user=0.01 sys=0.00, real=0.01 secs] 
2012-10-22T00:27:54.013+0100: 194349.996: [GC 194349.996: [DefNew: 17835K->581K(19136K), 0.0050270 secs] 84018K->66764K(260032K), 0.0051240 secs] [Times: user=0.01 sys=0.00, real=0.01 secs] 
2012-10-22T00:28:39.792+0100: 194395.775: [GC 194395.775: [DefNew: 17605K->1096K(19136K), 0.0102100 secs] 83788K->67279K(260032K), 0.0103540 secs] [Times: user=0.01 sys=0.00, real=0.01 secs] 
2012-10-22T00:29:09.874+0100: 194425.857: [GC 194425.857: [DefNew: 18120K->1127K(19136K), 0.0061810 secs] 84303K->67310K(260032K), 0.0063130 secs] [Times: user=0.01 sys=0.00, real=0.01 secs] 
2012-10-22T00:29:59.752+0100: 194475.734: [GC 194475.735: [DefNew: 18151K->1133K(19136K), 0.0064870 secs] 84334K->67317K(260032K), 0.0066020 secs] [Times: user=0.00 sys=0.00, real=0.01 secs] 
2012-10-22T00:30:49.081+0100: 194525.064: [GC 194525.064: [DefNew: 18157K->809K(19136K), 0.0059720 secs] 84341K->66998K(260032K), 0.0060900 secs] [Times: user=0.00 sys=0.00, real=0.00 secs] 
2012-10-22T00:31:34.843+0100: 194570.826: [GC 194570.826: [DefNew: 17833K->1127K(19136K), 0.0064580 secs] 84022K->67317K(260032K), 0.0065750 secs] [Times: user=0.00 sys=0.00, real=0.01 secs] 
2012-10-22T00:32:24.867+0100: 194620.849: [GC 194620.850: [DefNew: 18131K->1001K(19136K), 0.0063600 secs] 84321K->67254K(260032K), 0.0064610 secs] [Times: user=0.00 sys=0.00, real=0.01 secs] 
2012-10-22T00:33:14.291+0100: 194670.274: [GC 194670.274: [DefNew: 18025K->746K(19136K), 0.0052430 secs] 84278K->66999K(260032K), 0.0053610 secs] [Times: user=0.00 sys=0.00, real=0.00 secs] 
2012-10-22T00:33:59.106+0100: 194715.089: [GC 194715.089: [DefNew: 17770K->975K(19136K), 0.0059630 secs] 84023K->67227K(260032K), 0.0060720 secs] [Times: user=0.01 sys=0.00, real=0.01 secs] 
2012-10-22T00:34:49.207+0100: 194765.190: [GC 194765.190: [DefNew: 17999K->909K(19136K), 0.0054780 secs] 84251K->67162K(260032K), 0.0055830 secs] [Times: user=0.00 sys=0.00, real=0.01 secs] 
2012-10-22T00:35:39.226+0100: 194815.209: [GC 194815.209: [DefNew: 17933K->793K(19136K), 0.0053210 secs] 84186K->67045K(260032K), 0.0054200 secs] [Times: user=0.01 sys=0.00, real=0.01 secs] 
2012-10-22T00:36:29.044+0100: 194865.027: [GC 194865.027: [DefNew: 17817K->335K(19136K), 0.0051660 secs] 84069K->66588K(260032K), 0.0052660 secs] [Times: user=0.01 sys=0.00, real=0.01 secs] 
2012-10-22T00:37:14.885+0100: 194910.868: [GC 194910.868: [DefNew: 17359K->970K(19136K), 0.0064850 secs] 83612K->67222K(260032K), 0.0066020 secs] [Times: user=0.00 sys=0.00, real=0.01 secs] 
2012-10-22T00:38:04.401+0100: 194960.384: [GC 194960.384: [DefNew: 17990K->907K(19136K), 0.0058610 secs] 84242K->67159K(260032K), 0.0093190 secs] [Times: user=0.00 sys=0.00, real=0.01 secs] 
2012-10-22T00:38:54.151+0100: 195010.134: [GC 195010.134: [DefNew: 17931K->654K(19136K), 0.0058140 secs] 84183K->66906K(260032K), 0.0059140 secs] [Times: user=0.01 sys=0.00, real=0.00 secs] 
2012-10-22T00:39:40.061+0100: 195056.044: [GC 195056.044: [DefNew: 17678K->1102K(19136K), 0.0058570 secs] 83930K->67354K(260032K), 0.0059620 secs] [Times: user=0.00 sys=0.00, real=0.00 secs] 
2012-10-22T00:40:29.158+0100: 195105.141: [GC 195105.141: [DefNew: 18126K->917K(19136K), 0.0060660 secs] 84378K->67169K(260032K), 0.0062110 secs] [Times: user=0.01 sys=0.00, real=0.00 secs] 
2012-10-22T00:41:19.122+0100: 195155.105: [GC 195155.105: [DefNew: 17931K->824K(19136K), 0.0082860 secs] 84183K->67076K(260032K), 0.0083980 secs] [Times: user=0.01 sys=0.00, real=0.01 secs] 
2012-10-22T00:42:04.909+0100: 195200.892: [GC 195200.892: [DefNew: 17848K->1147K(19136K), 0.0089170 secs] 84100K->67399K(260032K), 0.0090340 secs] [Times: user=0.00 sys=0.01, real=0.01 secs] 
2012-10-22T00:42:54.936+0100: 195250.919: [GC 195250.919: [DefNew: 18171K->1036K(19136K), 0.0070960 secs] 84423K->67423K(260032K), 0.0072130 secs] [Times: user=0.00 sys=0.00, real=0.01 secs] 
2012-10-22T00:43:44.157+0100: 195300.140: [GC 195300.140: [DefNew: 18060K->1199K(19136K), 0.0074360 secs] 84447K->67586K(260032K), 0.0075610 secs] [Times: user=0.01 sys=0.00, real=0.01 secs] 
2012-10-22T00:44:34.163+0100: 195350.146: [GC 195350.146: [DefNew: 18223K->587K(19136K), 0.0077730 secs] 84610K->67069K(260032K), 0.0079170 secs] [Times: user=0.00 sys=0.00, real=0.01 secs] 
2012-10-22T00:45:24.063+0100: 195400.046: [GC 195400.046: [DefNew: 17602K->401K(19136K), 0.0047960 secs] 84084K->66883K(260032K), 0.0048880 secs] [Times: user=0.00 sys=0.00, real=0.01 secs] 
2012-10-22T00:46:09.980+0100: 195445.963: [GC 195445.963: [DefNew: 17425K->1093K(19136K), 0.0060340 secs] 83907K->67574K(260032K), 0.0061360 secs] [Times: user=0.00 sys=0.00, real=0.00 secs] 
2012-10-22T00:46:59.308+0100: 195495.290: [GC 195495.291: [DefNew: 18117K->819K(19136K), 0.0053970 secs] 84598K->67300K(260032K), 0.0055220 secs] [Times: user=0.00 sys=0.00, real=0.00 secs] 
2012-10-22T00:47:49.244+0100: 195545.227: [GC 195545.227: [DefNew: 17829K->621K(19136K), 0.0051010 secs] 84311K->67103K(260032K), 0.0052120 secs] [Times: user=0.01 sys=0.00, real=0.01 secs] 
2012-10-22T00:48:34.982+0100: 195590.965: [GC 195590.965: [DefNew: 17645K->968K(19136K), 0.0069890 secs] 84127K->67512K(260032K), 0.0070950 secs] [Times: user=0.01 sys=0.00, real=0.01 secs] 
2012-10-22T00:49:19.959+0100: 195635.942: [GC 195635.942: [DefNew: 17992K->1186K(19136K), 0.0061770 secs] 84536K->67730K(260032K), 0.0063110 secs] [Times: user=0.00 sys=0.00, real=0.00 secs] 
2012-10-22T00:50:09.472+0100: 195685.455: [GC 195685.455: [DefNew: 18210K->625K(19136K), 0.0060530 secs] 84754K->67357K(260032K), 0.0061590 secs] [Times: user=0.00 sys=0.00, real=0.01 secs] 
2012-10-22T00:50:59.121+0100: 195735.104: [GC 195735.104: [DefNew: 17649K->240K(19136K), 0.0043850 secs] 84381K->66971K(260032K), 0.0044770 secs] [Times: user=0.00 sys=0.00, real=0.00 secs] 
2012-10-22T00:51:49.162+0100: 195785.145: [GC 195785.145: [DefNew: 17237K->432K(19136K), 0.0046710 secs] 83968K->67164K(260032K), 0.0047690 secs] [Times: user=0.01 sys=0.00, real=0.00 secs] 
2012-10-22T00:52:34.931+0100: 195830.914: [GC 195830.914: [DefNew: 17456K->1121K(19136K), 0.0058880 secs] 84188K->67853K(260032K), 0.0059970 secs] [Times: user=0.00 sys=0.00, real=0.00 secs] 
2012-10-22T00:53:24.391+0100: 195880.374: [GC 195880.374: [DefNew: 18125K->712K(19136K), 0.0052100 secs] 84857K->67444K(260032K), 0.0053110 secs] [Times: user=0.00 sys=0.00, real=0.00 secs] 
2012-10-22T00:54:10.035+0100: 195926.018: [GC 195926.018: [DefNew: 17736K->1091K(19136K), 0.0079310 secs] 84468K->67823K(260032K), 0.0080540 secs] [Times: user=0.00 sys=0.00, real=0.01 secs] 
2012-10-22T00:54:59.529+0100: 195975.511: [GC 195975.512: [DefNew: 18115K->468K(19136K), 0.0058290 secs] 84847K->67356K(260032K), 0.0059300 secs] [Times: user=0.00 sys=0.00, real=0.00 secs] 
2012-10-22T00:55:45.192+0100: 196021.175: [GC 196021.175: [DefNew: 17492K->1127K(19136K), 0.0058640 secs] 84380K->68015K(260032K), 0.0059700 secs] [Times: user=0.00 sys=0.00, real=0.01 secs] 
2012-10-22T00:56:34.330+0100: 196070.313: [GC 196070.314: [DefNew: 18150K->797K(19136K), 0.0080900 secs] 85038K->67748K(260032K), 0.0082030 secs] [Times: user=0.01 sys=0.00, real=0.01 secs] 
2012-10-22T00:57:20.074+0100: 196116.057: [GC 196116.057: [DefNew: 17821K->1172K(19136K), 0.0063510 secs] 84772K->68123K(260032K), 0.0064520 secs] [Times: user=0.00 sys=0.00, real=0.01 secs] 
2012-10-22T00:58:09.215+0100: 196165.198: [GC 196165.198: [DefNew: 18196K->685K(19136K), 0.0080510 secs] 85147K->67774K(260032K), 0.0081830 secs] [Times: user=0.01 sys=0.00, real=0.01 secs] 
2012-10-22T00:58:54.295+0100: 196210.278: [GC 196210.278: [DefNew: 17709K->1005K(19136K), 0.0094250 secs] 84798K->68094K(260032K), 0.0095360 secs] [Times: user=0.01 sys=0.00, real=0.01 secs] 
2012-10-22T00:59:40.091+0100: 196256.074: [GC 196256.074: [DefNew: 18025K->1095K(19136K), 0.0065120 secs] 85113K->68183K(260032K), 0.0066540 secs] [Times: user=0.01 sys=0.00, real=0.01 secs] 
2012-10-22T01:00:30.071+0100: 196306.054: [GC 196306.054: [DefNew: 18119K->1106K(19136K), 0.0060000 secs] 85207K->68194K(260032K), 0.0061060 secs] [Times: user=0.01 sys=0.00, real=0.00 secs] 
2012-10-22T01:01:19.297+0100: 196355.279: [GC 196355.280: [DefNew: 18127K->784K(19136K), 0.0057520 secs] 85216K->67936K(260032K), 0.0058550 secs] [Times: user=0.00 sys=0.00, real=0.01 secs] 
2012-10-22T01:02:09.661+0100: 196405.644: [GC 196405.644: [DefNew: 17782K->935K(19136K), 0.0054340 secs] 84934K->68086K(260032K), 0.0055340 secs] [Times: user=0.00 sys=0.00, real=0.00 secs] 
2012-10-22T01:02:59.313+0100: 196455.296: [GC 196455.296: [DefNew: 17959K->884K(19136K), 0.0060040 secs] 85110K->68035K(260032K), 0.0061110 secs] [Times: user=0.01 sys=0.00, real=0.01 secs] 
2012-10-22T01:03:45.137+0100: 196501.120: [GC 196501.120: [DefNew: 17908K->1169K(19136K), 0.0087080 secs] 85059K->68320K(260032K), 0.0088370 secs] [Times: user=0.01 sys=0.00, real=0.01 secs] 
2012-10-22T01:04:34.493+0100: 196550.476: [GC 196550.476: [DefNew: 18193K->913K(19136K), 0.0070400 secs] 85344K->68190K(260032K), 0.0071380 secs] [Times: user=0.01 sys=0.00, real=0.01 secs] 
2012-10-22T01:05:24.264+0100: 196600.247: [GC 196600.247: [DefNew: 17937K->626K(19136K), 0.0083710 secs] 85214K->67903K(260032K), 0.0084840 secs] [Times: user=0.00 sys=0.00, real=0.01 secs] 
2012-10-22T01:06:10.085+0100: 196646.068: [GC 196646.068: [DefNew: 17650K->1127K(19136K), 0.0061080 secs] 84927K->68404K(260032K), 0.0062280 secs] [Times: user=0.00 sys=0.00, real=0.01 secs] 
2012-10-22T01:07:00.181+0100: 196696.164: [GC 196696.164: [DefNew: 18151K->1094K(19136K), 0.0058860 secs] 85428K->68372K(260032K), 0.0059860 secs] [Times: user=0.00 sys=0.00, real=0.00 secs] 
2012-10-22T01:07:49.808+0100: 196745.791: [GC 196745.791: [DefNew: 18118K->875K(19136K), 0.0044670 secs] 85396K->68245K(260032K), 0.0045760 secs] [Times: user=0.00 sys=0.00, real=0.00 secs] 
2012-10-22T01:08:39.600+0100: 196795.583: [GC 196795.583: [DefNew: 17899K->497K(19136K), 0.0048120 secs] 85269K->67867K(260032K), 0.0049080 secs] [Times: user=0.00 sys=0.00, real=0.00 secs] 
2012-10-22T01:09:25.086+0100: 196841.069: [GC 196841.069: [DefNew: 17513K->906K(19136K), 0.0093520 secs] 84883K->68276K(260032K), 0.0094800 secs] [Times: user=0.00 sys=0.00, real=0.01 secs] 
2012-10-22T01:10:14.399+0100: 196890.382: [GC 196890.382: [DefNew: 17927K->715K(19136K), 0.0050010 secs] 85297K->68085K(260032K), 0.0051080 secs] [Times: user=0.00 sys=0.00, real=0.00 secs] 
2012-10-22T01:11:00.112+0100: 196936.095: [GC 196936.095: [DefNew: 17720K->1230K(19136K), 0.0067070 secs] 85090K->68600K(260032K), 0.0068180 secs] [Times: user=0.01 sys=0.00, real=0.01 secs] 
2012-10-22T01:11:50.251+0100: 196986.234: [GC 196986.234: [DefNew: 18254K->1149K(19136K), 0.0097420 secs] 85624K->68643K(260032K), 0.0099830 secs] [Times: user=0.02 sys=0.00, real=0.01 secs] 
2012-10-22T01:12:40.188+0100: 197036.171: [GC 197036.171: [DefNew: 18173K->971K(19136K), 0.0075380 secs] 85667K->68665K(260032K), 0.0076420 secs] [Times: user=0.01 sys=0.00, real=0.00 secs] 
2012-10-22T01:13:29.515+0100: 197085.498: [GC 197085.498: [DefNew: 17979K->879K(19136K), 0.0056900 secs] 85673K->68573K(260032K), 0.0057970 secs] [Times: user=0.00 sys=0.00, real=0.01 secs] 
2012-10-22T01:14:19.377+0100: 197135.360: [GC 197135.360: [DefNew: 17884K->371K(19136K), 0.0044920 secs] 85578K->68065K(260032K), 0.0045860 secs] [Times: user=0.00 sys=0.00, real=0.01 secs] 
2012-10-22T01:15:04.730+0100: 197180.713: [GC 197180.713: [DefNew: 17395K->1004K(19136K), 0.0099240 secs] 85089K->68698K(260032K), 0.0100420 secs] [Times: user=0.00 sys=0.00, real=0.01 secs] 
2012-10-22T01:15:54.380+0100: 197230.363: [GC 197230.363: [DefNew: 18018K->791K(19136K), 0.0053890 secs] 85712K->68486K(260032K), 0.0054810 secs] [Times: user=0.00 sys=0.00, real=0.00 secs] 
2012-10-22T01:16:40.283+0100: 197276.266: [GC 197276.266: [DefNew: 17815K->1197K(19136K), 0.0060020 secs] 85510K->68891K(260032K), 0.0061050 secs] [Times: user=0.01 sys=0.00, real=0.01 secs] 
2012-10-22T01:17:30.124+0100: 197326.107: [GC 197326.107: [DefNew: 18221K->906K(19136K), 0.0067420 secs] 85915K->68737K(260032K), 0.0068480 secs] [Times: user=0.01 sys=0.00, real=0.01 secs] 
2012-10-22T01:18:19.486+0100: 197375.469: [GC 197375.469: [DefNew: 17928K->527K(19136K), 0.0067470 secs] 85759K->68357K(260032K), 0.0068560 secs] [Times: user=0.01 sys=0.00, real=0.01 secs] 
2012-10-22T01:19:05.127+0100: 197421.110: [GC 197421.110: [DefNew: 17551K->1072K(19136K), 0.0058060 secs] 85381K->68903K(260032K), 0.0059130 secs] [Times: user=0.00 sys=0.00, real=0.01 secs] 
2012-10-22T01:19:54.896+0100: 197470.879: [GC 197470.879: [DefNew: 18091K->1041K(19136K), 0.0066640 secs] 85921K->68935K(260032K), 0.0067880 secs] [Times: user=0.01 sys=0.00, real=0.01 secs] 
2012-10-22T01:20:44.625+0100: 197520.608: [GC 197520.608: [DefNew: 18060K->589K(19136K), 0.0048900 secs] 85954K->68482K(260032K), 0.0049880 secs] [Times: user=0.00 sys=0.00, real=0.01 secs] 
2012-10-22T01:21:30.216+0100: 197566.199: [GC 197566.199: [DefNew: 17613K->1205K(19136K), 0.0064740 secs] 85506K->69098K(260032K), 0.0065760 secs] [Times: user=0.01 sys=0.00, real=0.01 secs] 
2012-10-22T01:22:20.159+0100: 197616.142: [GC 197616.142: [DefNew: 18229K->1001K(19136K), 0.0074600 secs] 86122K->69094K(260032K), 0.0075650 secs] [Times: user=0.01 sys=0.00, real=0.00 secs] 
2012-10-22T01:23:09.554+0100: 197665.537: [GC 197665.537: [DefNew: 18008K->719K(19136K), 0.0052560 secs] 86101K->68812K(260032K), 0.0053540 secs] [Times: user=0.01 sys=0.00, real=0.01 secs] 
2012-10-22T01:23:59.550+0100: 197715.533: [GC 197715.533: [DefNew: 17741K->466K(19136K), 0.0052680 secs] 85834K->68559K(260032K), 0.0053740 secs] [Times: user=0.01 sys=0.00, real=0.00 secs] 
2012-10-22T01:24:51.326+0100: 197767.309: [GC 197767.309: [DefNew: 17490K->430K(19136K), 0.0029720 secs] 85583K->68523K(260032K), 0.0030390 secs] [Times: user=0.00 sys=0.00, real=0.01 secs] 
2012-10-22T01:25:35.993+0100: 197811.976: [GC 197811.976: [DefNew: 17448K->717K(19136K), 0.0052010 secs] 85541K->68810K(260032K), 0.0052980 secs] [Times: user=0.00 sys=0.00, real=0.01 secs] 
2012-10-22T01:26:24.407+0100: 197860.390: [GC 197860.390: [DefNew: 17724K->744K(19136K), 0.0057800 secs] 85817K->68837K(260032K), 0.0058740 secs] [Times: user=0.00 sys=0.01, real=0.00 secs] 
2012-10-22T01:27:10.497+0100: 197906.480: [GC 197906.480: [DefNew: 17768K->1135K(19136K), 0.0060440 secs] 85861K->69228K(260032K), 0.0061890 secs] [Times: user=0.00 sys=0.00, real=0.01 secs] 
2012-10-22T01:27:59.667+0100: 197955.649: [GC 197955.650: [DefNew: 18159K->1033K(19136K), 0.0062770 secs] 86252K->69156K(260032K), 0.0063810 secs] [Times: user=0.01 sys=0.00, real=0.01 secs] 
2012-10-22T01:28:49.490+0100: 198005.473: [GC 198005.473: [DefNew: 18050K->690K(19136K), 0.0081370 secs] 86173K->68813K(260032K), 0.0082440 secs] [Times: user=0.00 sys=0.00, real=0.01 secs] 
2012-10-22T01:29:20.456+0100: 198036.439: [GC 198036.439: [DefNew: 17707K->1058K(19136K), 0.0058310 secs] 85830K->69181K(260032K), 0.0059350 secs] [Times: user=0.01 sys=0.00, real=0.01 secs] 
2012-10-22T01:30:09.535+0100: 198085.518: [GC 198085.518: [DefNew: 18082K->468K(19136K), 0.0047570 secs] 86205K->68591K(260032K), 0.0048580 secs] [Times: user=0.01 sys=0.00, real=0.01 secs] 
2012-10-22T01:30:59.879+0100: 198135.862: [GC 198135.862: [DefNew: 17492K->504K(19136K), 0.0048580 secs] 85615K->68627K(260032K), 0.0054410 secs] [Times: user=0.00 sys=0.00, real=0.00 secs] 
2012-10-22T01:31:45.241+0100: 198181.224: [GC 198181.224: [DefNew: 17528K->1161K(19136K), 0.0061290 secs] 85651K->69285K(260032K), 0.0062370 secs] [Times: user=0.02 sys=0.00, real=0.01 secs] 
2012-10-22T01:32:34.601+0100: 198230.584: [GC 198230.584: [DefNew: 18175K->719K(19136K), 0.0064170 secs] 86298K->68970K(260032K), 0.0065190 secs] [Times: user=0.01 sys=0.00, real=0.01 secs] 
2012-10-22T01:33:24.598+0100: 198280.580: [GC 198280.581: [DefNew: 17712K->247K(19136K), 0.0045580 secs] 85964K->68499K(260032K), 0.0046500 secs] [Times: user=0.00 sys=0.00, real=0.00 secs] 
2012-10-22T01:34:10.212+0100: 198326.195: [GC 198326.195: [DefNew: 17250K->1065K(19136K), 0.0094580 secs] 85502K->69316K(260032K), 0.0095760 secs] [Times: user=0.01 sys=0.00, real=0.01 secs] 
2012-10-22T01:34:59.503+0100: 198375.486: [GC 198375.486: [DefNew: 18072K->372K(19136K), 0.0125460 secs] 86324K->68747K(260032K), 0.0136570 secs] [Times: user=0.01 sys=0.00, real=0.01 secs] 
2012-10-22T01:35:46.966+0100: 198422.949: [GC 198422.949: [DefNew: 17396K->360K(19136K), 0.0043610 secs] 85771K->68736K(260032K), 0.0044560 secs] [Times: user=0.01 sys=0.00, real=0.01 secs] 
2012-10-22T01:36:34.656+0100: 198470.639: [GC 198470.639: [DefNew: 17382K->1019K(19136K), 0.0056950 secs] 85757K->69395K(260032K), 0.0057960 secs] [Times: user=0.00 sys=0.00, real=0.01 secs] 
2012-10-22T01:37:25.565+0100: 198521.548: [GC 198521.548: [DefNew: 18016K->1031K(19136K), 0.0083330 secs] 86392K->69406K(260032K), 0.0084540 secs] [Times: user=0.00 sys=0.00, real=0.01 secs] 
2012-10-22T01:38:10.240+0100: 198566.223: [GC 198566.223: [DefNew: 18055K->1097K(19136K), 0.0059440 secs] 86430K->69503K(260032K), 0.0060430 secs] [Times: user=0.01 sys=0.00, real=0.00 secs] 
2012-10-22T01:38:59.755+0100: 198615.738: [GC 198615.738: [DefNew: 18121K->975K(19136K), 0.0058110 secs] 86527K->69380K(260032K), 0.0059770 secs] [Times: user=0.00 sys=0.00, real=0.01 secs] 
2012-10-22T01:39:49.822+0100: 198665.805: [GC 198665.805: [DefNew: 17997K->908K(19136K), 0.0054970 secs] 86402K->69314K(260032K), 0.0055920 secs] [Times: user=0.02 sys=0.00, real=0.01 secs] 
2012-10-22T01:40:35.304+0100: 198711.286: [GC 198711.287: [DefNew: 17932K->1173K(19136K), 0.0042910 secs] 86338K->69579K(260032K), 0.0043760 secs] [Times: user=0.00 sys=0.00, real=0.01 secs] 
2012-10-22T01:41:20.201+0100: 198756.184: [GC 198756.184: [DefNew: 18174K->1222K(19136K), 0.0156500 secs] 86580K->69953K(260032K), 0.0157890 secs] [Times: user=0.01 sys=0.00, real=0.01 secs] 
2012-10-22T01:42:10.200+0100: 198806.183: [GC 198806.183: [DefNew: 18244K->1066K(19136K), 0.0066090 secs] 86975K->69861K(260032K), 0.0067110 secs] [Times: user=0.00 sys=0.00, real=0.00 secs] 
2012-10-22T01:42:59.747+0100: 198855.730: [GC 198855.730: [DefNew: 18082K->655K(19136K), 0.0051370 secs] 86877K->69452K(260032K), 0.0052360 secs] [Times: user=0.01 sys=0.00, real=0.01 secs] 
2012-10-22T01:43:45.728+0100: 198901.711: [GC 198901.712: [DefNew: 17679K->1159K(19136K), 0.0043370 secs] 86476K->69955K(260032K), 0.0049580 secs] [Times: user=0.00 sys=0.00, real=0.00 secs] 
2012-10-22T01:44:34.936+0100: 198950.919: [GC 198950.919: [DefNew: 18172K->814K(19136K), 0.0063720 secs] 86968K->69672K(260032K), 0.0064830 secs] [Times: user=0.00 sys=0.00, real=0.01 secs] 
2012-10-22T01:45:20.344+0100: 198996.327: [GC 198996.327: [DefNew: 17838K->1138K(19136K), 0.0061890 secs] 86696K->69997K(260032K), 0.0062940 secs] [Times: user=0.00 sys=0.00, real=0.01 secs] 
2012-10-22T01:46:09.779+0100: 199045.762: [GC 199045.762: [DefNew: 18160K->755K(19136K), 0.0064600 secs] 87019K->69739K(260032K), 0.0065620 secs] [Times: user=0.01 sys=0.00, real=0.00 secs] 
2012-10-22T01:46:59.728+0100: 199095.711: [GC 199095.711: [DefNew: 17767K->846K(19136K), 0.0056060 secs] 86751K->69830K(260032K), 0.0057100 secs] [Times: user=0.01 sys=0.00, real=0.00 secs] 
2012-10-22T01:47:49.981+0100: 199145.964: [GC 199145.964: [DefNew: 17862K->499K(19136K), 0.0047310 secs] 86846K->69482K(260032K), 0.0048320 secs] [Times: user=0.00 sys=0.00, real=0.00 secs] 
2012-10-22T01:48:34.867+0100: 199190.850: [GC 199190.850: [DefNew: 17499K->934K(19136K), 0.0054250 secs] 86482K->69918K(260032K), 0.0055290 secs] [Times: user=0.01 sys=0.00, real=0.00 secs] 
2012-10-22T01:49:24.650+0100: 199240.633: [GC 199240.633: [DefNew: 17958K->751K(19136K), 0.0054730 secs] 86942K->69735K(260032K), 0.0055730 secs] [Times: user=0.00 sys=0.00, real=0.00 secs] 
2012-10-22T01:50:09.555+0100: 199285.538: [GC 199285.538: [DefNew: 17775K->652K(19136K), 0.0050020 secs] 86759K->69636K(260032K), 0.0051020 secs] [Times: user=0.01 sys=0.00, real=0.01 secs] 
2012-10-22T01:50:55.436+0100: 199331.418: [GC 199331.419: [DefNew: 17676K->1132K(19136K), 0.0062330 secs] 86660K->70116K(260032K), 0.0063360 secs] [Times: user=0.01 sys=0.00, real=0.01 secs] 
2012-10-22T01:51:45.391+0100: 199381.374: [GC 199381.374: [DefNew: 18154K->1032K(19136K), 0.0077100 secs] 87138K->70017K(260032K), 0.0078200 secs] [Times: user=0.01 sys=0.00, real=0.01 secs] 
2012-10-22T01:52:35.326+0100: 199431.309: [GC 199431.310: [DefNew: 18056K->969K(19136K), 0.0065130 secs] 87041K->69953K(260032K), 0.0066250 secs] [Times: user=0.01 sys=0.00, real=0.01 secs] 
2012-10-22T01:53:24.625+0100: 199480.608: [GC 199480.608: [DefNew: 17993K->624K(19136K), 0.0050450 secs] 86977K->69609K(260032K), 0.0051520 secs] [Times: user=0.01 sys=0.00, real=0.01 secs] 
2012-10-22T01:54:10.266+0100: 199526.249: [GC 199526.249: [DefNew: 17648K->1257K(19136K), 0.0064670 secs] 86633K->70241K(260032K), 0.0065810 secs] [Times: user=0.00 sys=0.00, real=0.01 secs] 
2012-10-22T01:54:59.847+0100: 199575.830: [GC 199575.830: [DefNew: 18281K->1008K(19136K), 0.0067010 secs] 87265K->69994K(260032K), 0.0068140 secs] [Times: user=0.01 sys=0.00, real=0.01 secs] 
2012-10-22T01:55:49.955+0100: 199625.938: [GC 199625.938: [DefNew: 18032K->810K(19136K), 0.0061390 secs] 87018K->69797K(260032K), 0.0062610 secs] [Times: user=0.01 sys=0.00, real=0.01 secs] 
2012-10-22T01:56:39.633+0100: 199675.616: [GC 199675.617: [DefNew: 17834K->820K(19136K), 0.0072610 secs] 86821K->69806K(260032K), 0.0073650 secs] [Times: user=0.00 sys=0.00, real=0.01 secs] 
2012-10-22T01:57:25.378+0100: 199721.361: [GC 199721.361: [DefNew: 17844K->1203K(19136K), 0.0064330 secs] 86830K->70190K(260032K), 0.0065340 secs] [Times: user=0.00 sys=0.00, real=0.00 secs] 
2012-10-22T01:58:14.692+0100: 199770.675: [GC 199770.675: [DefNew: 18223K->782K(19136K), 0.0073910 secs] 87210K->69906K(260032K), 0.0075690 secs] [Times: user=0.01 sys=0.00, real=0.01 secs] 
2012-10-22T01:59:04.888+0100: 199820.871: [GC 199820.871: [DefNew: 17790K->560K(19136K), 0.0033850 secs] 86913K->69684K(260032K), 0.0034920 secs] [Times: user=0.00 sys=0.00, real=0.00 secs] 
2012-10-22T01:59:54.195+0100: 199870.178: [GC 199870.178: [DefNew: 17584K->401K(19136K), 0.0047790 secs] 86708K->69524K(260032K), 0.0048740 secs] [Times: user=0.00 sys=0.00, real=0.01 secs] 
2012-10-22T02:00:40.245+0100: 199916.228: [GC 199916.228: [DefNew: 17425K->1099K(19136K), 0.0100160 secs] 86548K->70223K(260032K), 0.0101470 secs] [Times: user=0.00 sys=0.00, real=0.01 secs] 
2012-10-22T02:01:29.755+0100: 199965.738: [GC 199965.738: [DefNew: 18123K->844K(19136K), 0.0054720 secs] 87247K->69968K(260032K), 0.0055800 secs] [Times: user=0.00 sys=0.00, real=0.01 secs] 
2012-10-22T02:02:19.952+0100: 200015.935: [GC 200015.935: [DefNew: 17868K->947K(19136K), 0.0097340 secs] 86992K->70071K(260032K), 0.0098670 secs] [Times: user=0.01 sys=0.00, real=0.01 secs] 
2012-10-22T02:03:09.777+0100: 200065.760: [GC 200065.760: [DefNew: 17954K->339K(19136K), 0.0047940 secs] 87078K->69463K(260032K), 0.0049020 secs] [Times: user=0.01 sys=0.00, real=0.01 secs] 
2012-10-22T02:03:55.250+0100: 200111.233: [GC 200111.233: [DefNew: 17348K->1000K(19136K), 0.0059160 secs] 86471K->70123K(260032K), 0.0060160 secs] [Times: user=0.00 sys=0.00, real=0.00 secs] 
2012-10-22T02:04:45.141+0100: 200161.124: [GC 200161.124: [DefNew: 18024K->819K(19136K), 0.0061910 secs] 87147K->69943K(260032K), 0.0062960 secs] [Times: user=0.00 sys=0.00, real=0.01 secs] 
2012-10-22T02:05:30.473+0100: 200206.456: [GC 200206.456: [DefNew: 17843K->1223K(19136K), 0.0072290 secs] 86967K->70347K(260032K), 0.0073640 secs] [Times: user=0.01 sys=0.00, real=0.01 secs] 
2012-10-22T02:06:19.780+0100: 200255.763: [GC 200255.763: [DefNew: 18247K->713K(19136K), 0.0083570 secs] 87371K->69900K(260032K), 0.0084670 secs] [Times: user=0.01 sys=0.00, real=0.01 secs] 
2012-10-22T02:07:10.018+0100: 200306.001: [GC 200306.001: [DefNew: 17737K->813K(19136K), 0.0073150 secs] 86924K->70000K(260032K), 0.0074140 secs] [Times: user=0.00 sys=0.00, real=0.00 secs] 
2012-10-22T02:07:55.393+0100: 200351.376: [GC 200351.376: [DefNew: 17819K->1061K(19136K), 0.0093960 secs] 87007K->70249K(260032K), 0.0095110 secs] [Times: user=0.00 sys=0.00, real=0.01 secs] 
2012-10-22T02:08:44.818+0100: 200400.800: [GC 200400.801: [DefNew: 18085K->1097K(19136K), 0.0066060 secs] 87273K->70285K(260032K), 0.0067060 secs] [Times: user=0.00 sys=0.00, real=0.00 secs] 
2012-10-22T02:09:34.841+0100: 200450.823: [GC 200450.824: [DefNew: 18121K->521K(19136K), 0.0050710 secs] 87308K->69709K(260032K), 0.0051840 secs] [Times: user=0.00 sys=0.00, real=0.00 secs] 
2012-10-22T02:10:20.509+0100: 200496.492: [GC 200496.492: [DefNew: 17534K->1092K(19136K), 0.0064480 secs] 86722K->70280K(260032K), 0.0065520 secs] [Times: user=0.01 sys=0.00, real=0.00 secs] 
2012-10-22T02:11:09.810+0100: 200545.793: [GC 200545.793: [DefNew: 18116K->662K(19136K), 0.0054510 secs] 87304K->69850K(260032K), 0.0055470 secs] [Times: user=0.01 sys=0.00, real=0.00 secs] 
2012-10-22T02:11:57.563+0100: 200593.546: [GC 200593.546: [DefNew: 17678K->632K(19136K), 0.0052140 secs] 86866K->69820K(260032K), 0.0053120 secs] [Times: user=0.01 sys=0.00, real=0.01 secs] 
2012-10-22T02:12:44.818+0100: 200640.801: [GC 200640.801: [DefNew: 17656K->919K(19136K), 0.0065140 secs] 86844K->70107K(260032K), 0.0066230 secs] [Times: user=0.00 sys=0.00, real=0.00 secs] 
2012-10-22T02:13:34.990+0100: 200690.973: [GC 200690.973: [DefNew: 17942K->594K(19136K), 0.0050740 secs] 87130K->69812K(260032K), 0.0051670 secs] [Times: user=0.00 sys=0.00, real=0.00 secs] 
2012-10-22T02:14:20.503+0100: 200736.486: [GC 200736.486: [DefNew: 17618K->977K(19136K), 0.0067750 secs] 86836K->70267K(260032K), 0.0068850 secs] [Times: user=0.01 sys=0.00, real=0.01 secs] 
2012-10-22T02:15:10.028+0100: 200786.010: [GC 200786.011: [DefNew: 18001K->724K(19136K), 0.0052300 secs] 87291K->70015K(260032K), 0.0053320 secs] [Times: user=0.00 sys=0.00, real=0.00 secs] 
2012-10-22T02:15:55.475+0100: 200831.458: [GC 200831.458: [DefNew: 17748K->1204K(19136K), 0.0070860 secs] 87039K->70496K(260032K), 0.0072040 secs] [Times: user=0.01 sys=0.00, real=0.01 secs] 
2012-10-22T02:16:44.896+0100: 200880.878: [GC 200880.879: [DefNew: 18228K->942K(19136K), 0.0070010 secs] 87520K->70372K(260032K), 0.0071300 secs] [Times: user=0.01 sys=0.00, real=0.01 secs] 
2012-10-22T02:17:34.918+0100: 200930.901: [GC 200930.901: [DefNew: 17963K->526K(19136K), 0.0063790 secs] 87393K->69957K(260032K), 0.0064950 secs] [Times: user=0.00 sys=0.00, real=0.00 secs] 
2012-10-22T02:18:20.534+0100: 200976.517: [GC 200976.517: [DefNew: 17550K->1064K(19136K), 0.0060360 secs] 86981K->70494K(260032K), 0.0061410 secs] [Times: user=0.01 sys=0.00, real=0.01 secs] 
2012-10-22T02:19:09.922+0100: 201025.905: [GC 201025.905: [DefNew: 18088K->693K(19136K), 0.0054970 secs] 87518K->70185K(260032K), 0.0056060 secs] [Times: user=0.02 sys=0.00, real=0.01 secs] 
2012-10-22T02:19:55.848+0100: 201071.831: [GC 201071.831: [DefNew: 17717K->1127K(19136K), 0.0063540 secs] 87209K->70619K(260032K), 0.0064630 secs] [Times: user=0.00 sys=0.00, real=0.00 secs] 
2012-10-22T02:20:45.673+0100: 201121.656: [GC 201121.656: [DefNew: 18151K->923K(19136K), 0.0063350 secs] 87643K->70542K(260032K), 0.0064420 secs] [Times: user=0.00 sys=0.00, real=0.01 secs] 
2012-10-22T02:21:35.087+0100: 201171.069: [GC 201171.070: [DefNew: 17947K->760K(19136K), 0.0061240 secs] 87566K->70379K(260032K), 0.0062240 secs] [Times: user=0.01 sys=0.00, real=0.01 secs] 
2012-10-22T02:22:20.650+0100: 201216.633: [GC 201216.633: [DefNew: 17772K->1138K(19136K), 0.0063210 secs] 87390K->70756K(260032K), 0.0064270 secs] [Times: user=0.00 sys=0.00, real=0.00 secs] 
2012-10-22T02:23:09.942+0100: 201265.925: [GC 201265.925: [DefNew: 18162K->757K(19136K), 0.0067510 secs] 87780K->70576K(260032K), 0.0068590 secs] [Times: user=0.01 sys=0.00, real=0.01 secs] 
2012-10-22T02:23:59.995+0100: 201315.978: [GC 201315.978: [DefNew: 17758K->436K(19136K), 0.0050780 secs] 87577K->70256K(260032K), 0.0051750 secs] [Times: user=0.00 sys=0.00, real=0.01 secs] 
2012-10-22T02:24:49.852+0100: 201365.835: [GC 201365.835: [DefNew: 17460K->465K(19136K), 0.0047440 secs] 87280K->70285K(260032K), 0.0049080 secs] [Times: user=0.01 sys=0.00, real=0.00 secs] 
2012-10-22T02:25:35.473+0100: 201411.456: [GC 201411.457: [DefNew: 17489K->1111K(19136K), 0.0071090 secs] 87309K->70930K(260032K), 0.0072360 secs] [Times: user=0.01 sys=0.00, real=0.01 secs] 
2012-10-22T02:26:24.994+0100: 201460.977: [GC 201460.977: [DefNew: 18130K->783K(19136K), 0.0065000 secs] 87950K->70727K(260032K), 0.0066000 secs] [Times: user=0.00 sys=0.00, real=0.01 secs] 
2012-10-22T02:27:15.002+0100: 201510.985: [GC 201510.985: [DefNew: 17807K->912K(19136K), 0.0059810 secs] 87751K->70855K(260032K), 0.0061190 secs] [Times: user=0.01 sys=0.00, real=0.01 secs] 
2012-10-22T02:28:05.124+0100: 201561.107: [GC 201561.107: [DefNew: 17934K->778K(19136K), 0.0056450 secs] 87878K->70721K(260032K), 0.0185270 secs] [Times: user=0.00 sys=0.00, real=0.02 secs] 
2012-10-22T02:28:50.605+0100: 201606.588: [GC 201606.588: [DefNew: 17802K->1036K(19136K), 0.0060250 secs] 87745K->70979K(260032K), 0.0061290 secs] [Times: user=0.00 sys=0.00, real=0.01 secs] 
2012-10-22T02:29:20.580+0100: 201636.563: [GC 201636.563: [DefNew: 18048K->1150K(19136K), 0.0061660 secs] 87991K->71094K(260032K), 0.0062850 secs] [Times: user=0.00 sys=0.00, real=0.00 secs] 
2012-10-22T02:30:09.918+0100: 201685.901: [GC 201685.901: [DefNew: 18174K->826K(19136K), 0.0054270 secs] 88118K->70769K(260032K), 0.0055250 secs] [Times: user=0.00 sys=0.00, real=0.00 secs] 
2012-10-22T02:30:59.932+0100: 201735.915: [GC 201735.915: [DefNew: 17850K->652K(19136K), 0.0051590 secs] 87793K->70596K(260032K), 0.0053190 secs] [Times: user=0.01 sys=0.00, real=0.01 secs] 
2012-10-22T02:31:50.023+0100: 201786.006: [GC 201786.006: [DefNew: 17672K->409K(19136K), 0.0046570 secs] 87616K->70353K(260032K), 0.0047590 secs] [Times: user=0.01 sys=0.00, real=0.01 secs] 
2012-10-22T02:32:40.132+0100: 201836.115: [GC 201836.115: [DefNew: 17408K->370K(19136K), 0.0045070 secs] 87352K->70316K(260032K), 0.0046020 secs] [Times: user=0.00 sys=0.00, real=0.00 secs] 
2012-10-22T02:33:25.242+0100: 201881.225: [GC 201881.225: [DefNew: 17368K->432K(19136K), 0.0046430 secs] 87315K->70378K(260032K), 0.0047530 secs] [Times: user=0.00 sys=0.00, real=0.00 secs] 
2012-10-22T02:34:10.163+0100: 201926.146: [GC 201926.146: [DefNew: 17456K->919K(19136K), 0.0055460 secs] 87402K->70866K(260032K), 0.0056420 secs] [Times: user=0.01 sys=0.00, real=0.01 secs] 
2012-10-22T02:34:55.552+0100: 201971.535: [GC 201971.535: [DefNew: 17943K->1101K(19136K), 0.0061210 secs] 87890K->71047K(260032K), 0.0062250 secs] [Times: user=0.01 sys=0.00, real=0.01 secs] 
2012-10-22T02:35:45.102+0100: 202021.085: [GC 202021.085: [DefNew: 18124K->430K(19136K), 0.0061810 secs] 88071K->70377K(260032K), 0.0062820 secs] [Times: user=0.00 sys=0.00, real=0.01 secs] 
2012-10-22T02:36:29.996+0100: 202065.979: [GC 202065.979: [DefNew: 17441K->934K(19136K), 0.0058710 secs] 87389K->70881K(260032K), 0.0060360 secs] [Times: user=0.01 sys=0.00, real=0.01 secs] 
2012-10-22T02:37:20.822+0100: 202116.805: [GC 202116.805: [DefNew: 17958K->998K(19136K), 0.0057190 secs] 87905K->70945K(260032K), 0.0059870 secs] [Times: user=0.01 sys=0.00, real=0.01 secs] 
2012-10-22T02:38:10.301+0100: 202166.284: [GC 202166.284: [DefNew: 18000K->370K(19136K), 0.0047240 secs] 87948K->70350K(260032K), 0.0048200 secs] [Times: user=0.01 sys=0.00, real=0.00 secs] 
2012-10-22T02:38:55.101+0100: 202211.084: [GC 202211.084: [DefNew: 17394K->915K(19136K), 0.0057620 secs] 87374K->70895K(260032K), 0.0058730 secs] [Times: user=0.00 sys=0.00, real=0.00 secs] 
2012-10-22T02:39:45.293+0100: 202261.276: [GC 202261.276: [DefNew: 17912K->813K(19136K), 0.0097000 secs] 87892K->70793K(260032K), 0.0098090 secs] [Times: user=0.01 sys=0.00, real=0.01 secs] 
2012-10-22T02:40:30.145+0100: 202306.128: [GC 202306.128: [DefNew: 17837K->882K(19136K), 0.0056890 secs] 87817K->70861K(260032K), 0.0057990 secs] [Times: user=0.01 sys=0.00, real=0.01 secs] 
2012-10-22T02:41:20.014+0100: 202355.997: [GC 202355.997: [DefNew: 17875K->694K(19136K), 0.0050590 secs] 87855K->70673K(260032K), 0.0051600 secs] [Times: user=0.00 sys=0.00, real=0.01 secs] 
2012-10-22T02:42:05.769+0100: 202401.752: [GC 202401.752: [DefNew: 17718K->1232K(19136K), 0.0068130 secs] 87697K->71212K(260032K), 0.0069180 secs] [Times: user=0.00 sys=0.00, real=0.00 secs] 
2012-10-22T02:42:55.749+0100: 202451.732: [GC 202451.732: [DefNew: 18256K->1033K(19136K), 0.0154400 secs] 88236K->71087K(260032K), 0.0155650 secs] [Times: user=0.01 sys=0.00, real=0.01 secs] 
2012-10-22T02:43:45.040+0100: 202501.023: [GC 202501.023: [DefNew: 18057K->1126K(19136K), 0.0040190 secs] 88111K->71180K(260032K), 0.0041000 secs] [Times: user=0.00 sys=0.00, real=0.00 secs] 
2012-10-22T02:44:35.237+0100: 202551.220: [GC 202551.220: [DefNew: 18150K->949K(19136K), 0.0073210 secs] 88204K->71003K(260032K), 0.0074360 secs] [Times: user=0.00 sys=0.00, real=0.00 secs] 
2012-10-22T02:45:20.686+0100: 202596.669: [GC 202596.669: [DefNew: 17973K->1163K(19136K), 0.0064460 secs] 88027K->71217K(260032K), 0.0065690 secs] [Times: user=0.00 sys=0.00, real=0.01 secs] 
2012-10-22T02:46:10.833+0100: 202646.816: [GC 202646.816: [DefNew: 18187K->917K(19136K), 0.0073350 secs] 88241K->71127K(260032K), 0.0074490 secs] [Times: user=0.02 sys=0.00, real=0.01 secs] 
2012-10-22T02:47:00.068+0100: 202696.051: [GC 202696.051: [DefNew: 17941K->753K(19136K), 0.0055500 secs] 88151K->70963K(260032K), 0.0056520 secs] [Times: user=0.00 sys=0.00, real=0.00 secs] 
2012-10-22T02:47:46.198+0100: 202742.181: [GC 202742.181: [DefNew: 17777K->1129K(19136K), 0.0060230 secs] 87987K->71339K(260032K), 0.0061400 secs] [Times: user=0.01 sys=0.00, real=0.00 secs] 
2012-10-22T02:48:40.484+0100: 202796.467: [GC 202796.467: [DefNew: 18151K->440K(19136K), 0.0055260 secs] 88361K->70744K(260032K), 0.0056470 secs] [Times: user=0.01 sys=0.00, real=0.01 secs] 
2012-10-22T02:49:25.750+0100: 202841.733: [GC 202841.733: [DefNew: 17464K->876K(19136K), 0.0057080 secs] 87768K->71180K(260032K), 0.0058100 secs] [Times: user=0.00 sys=0.01, real=0.00 secs] 
2012-10-22T02:50:15.362+0100: 202891.345: [GC 202891.345: [DefNew: 17900K->747K(19136K), 0.0052580 secs] 88204K->71051K(260032K), 0.0053520 secs] [Times: user=0.00 sys=0.00, real=0.00 secs] 
2012-10-22T02:51:00.894+0100: 202936.877: [GC 202936.877: [DefNew: 17771K->1190K(19136K), 0.0062150 secs] 88075K->71494K(260032K), 0.0063210 secs] [Times: user=0.01 sys=0.00, real=0.01 secs] 
2012-10-22T02:51:50.740+0100: 202986.723: [GC 202986.724: [DefNew: 18214K->923K(19136K), 0.0154750 secs] 88518K->71445K(260032K), 0.0156100 secs] [Times: user=0.00 sys=0.01, real=0.01 secs] 
2012-10-22T02:52:39.897+0100: 203035.880: [GC 203035.880: [DefNew: 17946K->900K(19136K), 0.0064790 secs] 88468K->71422K(260032K), 0.0065880 secs] [Times: user=0.00 sys=0.00, real=0.01 secs] 
2012-10-22T02:53:30.080+0100: 203086.063: [GC 203086.063: [DefNew: 17901K->750K(19136K), 0.0051480 secs] 88423K->71273K(260032K), 0.0052780 secs] [Times: user=0.00 sys=0.00, real=0.00 secs] 
2012-10-22T02:54:15.859+0100: 203131.842: [GC 203131.842: [DefNew: 17774K->1157K(19136K), 0.0060210 secs] 88297K->71679K(260032K), 0.0061310 secs] [Times: user=0.00 sys=0.00, real=0.00 secs] 
2012-10-22T02:55:05.258+0100: 203181.241: [GC 203181.241: [DefNew: 18176K->654K(19136K), 0.0063520 secs] 88699K->71365K(260032K), 0.0064590 secs] [Times: user=0.01 sys=0.00, real=0.00 secs] 
2012-10-22T02:55:54.499+0100: 203230.482: [GC 203230.482: [DefNew: 17664K->467K(19136K), 0.0047960 secs] 88374K->71177K(260032K), 0.0048910 secs] [Times: user=0.00 sys=0.00, real=0.00 secs] 
2012-10-22T02:56:40.738+0100: 203276.721: [GC 203276.721: [DefNew: 17491K->1008K(19136K), 0.0057680 secs] 88201K->71719K(260032K), 0.0058740 secs] [Times: user=0.00 sys=0.00, real=0.00 secs] 
2012-10-22T02:57:30.800+0100: 203326.783: [GC 203326.783: [DefNew: 18032K->1169K(19136K), 0.0098130 secs] 88743K->71880K(260032K), 0.0099400 secs] [Times: user=0.01 sys=0.00, real=0.01 secs] 
2012-10-22T02:58:20.287+0100: 203376.270: [GC 203376.270: [DefNew: 18177K->886K(19136K), 0.0094660 secs] 88887K->71659K(260032K), 0.0095920 secs] [Times: user=0.00 sys=0.00, real=0.01 secs] 
2012-10-22T02:59:05.981+0100: 203421.964: [GC 203421.964: [DefNew: 17910K->1055K(19136K), 0.0096000 secs] 88683K->71828K(260032K), 0.0097230 secs] [Times: user=0.00 sys=0.00, real=0.01 secs] 
2012-10-22T02:59:55.303+0100: 203471.286: [GC 203471.286: [DefNew: 18079K->985K(19136K), 0.0068510 secs] 88852K->71758K(260032K), 0.0069550 secs] [Times: user=0.01 sys=0.00, real=0.01 secs] 
2012-10-22T03:00:45.133+0100: 203521.116: [GC 203521.116: [DefNew: 17996K->434K(19136K), 0.0051870 secs] 88769K->71281K(260032K), 0.0052850 secs] [Times: user=0.00 sys=0.00, real=0.01 secs] 
2012-10-22T03:01:30.212+0100: 203566.195: [GC 203566.195: [DefNew: 17456K->925K(19136K), 0.0056810 secs] 88303K->71772K(260032K), 0.0057820 secs] [Times: user=0.00 sys=0.00, real=0.01 secs] 
2012-10-22T03:02:20.180+0100: 203616.162: [GC 203616.163: [DefNew: 17949K->876K(19136K), 0.0055620 secs] 88796K->71722K(260032K), 0.0056580 secs] [Times: user=0.00 sys=0.01, real=0.00 secs] 
2012-10-22T03:03:10.068+0100: 203666.051: [GC 203666.051: [DefNew: 17900K->393K(19136K), 0.0044780 secs] 88746K->71240K(260032K), 0.0045720 secs] [Times: user=0.00 sys=0.00, real=0.00 secs] 
2012-10-22T03:03:55.201+0100: 203711.184: [GC 203711.184: [DefNew: 17417K->980K(19136K), 0.0057560 secs] 88264K->71827K(260032K), 0.0058520 secs] [Times: user=0.01 sys=0.00, real=0.00 secs] 
2012-10-22T03:04:45.399+0100: 203761.382: [GC 203761.382: [DefNew: 18002K->702K(19136K), 0.0059590 secs] 88848K->71549K(260032K), 0.0060600 secs] [Times: user=0.00 sys=0.00, real=0.00 secs] 
2012-10-22T03:05:30.433+0100: 203806.416: [GC 203806.416: [DefNew: 17726K->1191K(19136K), 0.0061440 secs] 88573K->72038K(260032K), 0.0062510 secs] [Times: user=0.01 sys=0.00, real=0.01 secs] 
2012-10-22T03:06:20.249+0100: 203856.232: [GC 203856.232: [DefNew: 18215K->592K(19136K), 0.0061440 secs] 89062K->71441K(260032K), 0.0062440 secs] [Times: user=0.00 sys=0.00, real=0.00 secs] 
2012-10-22T03:07:10.440+0100: 203906.423: [GC 203906.423: [DefNew: 17615K->477K(19136K), 0.0051260 secs] 88464K->71325K(260032K), 0.0052170 secs] [Times: user=0.00 sys=0.01, real=0.00 secs] 
2012-10-22T03:07:55.887+0100: 203951.870: [GC 203951.870: [DefNew: 17501K->1039K(19136K), 0.0125190 secs] 88349K->71887K(260032K), 0.0126400 secs] [Times: user=0.01 sys=0.00, real=0.02 secs] 
2012-10-22T03:08:44.350+0100: 204000.333: [GC 204000.333: [DefNew: 18063K->969K(19136K), 0.0057680 secs] 88911K->71817K(260032K), 0.0058650 secs] [Times: user=0.01 sys=0.00, real=0.00 secs] 
2012-10-22T03:09:30.878+0100: 204046.861: [GC 204046.861: [DefNew: 17993K->1102K(19136K), 0.0059460 secs] 88841K->71950K(260032K), 0.0060450 secs] [Times: user=0.00 sys=0.00, real=0.00 secs] 
2012-10-22T03:10:20.273+0100: 204096.256: [GC 204096.256: [DefNew: 18122K->1034K(19136K), 0.0108040 secs] 88970K->71882K(260032K), 0.0109290 secs] [Times: user=0.01 sys=0.00, real=0.01 secs] 
2012-10-22T03:11:10.380+0100: 204146.363: [GC 204146.363: [DefNew: 18056K->592K(19136K), 0.0063940 secs] 88904K->71441K(260032K), 0.0065080 secs] [Times: user=0.00 sys=0.00, real=0.00 secs] 
2012-10-22T03:12:00.404+0100: 204196.387: [GC 204196.387: [DefNew: 17616K->409K(19136K), 0.0046550 secs] 88465K->71258K(260032K), 0.0047820 secs] [Times: user=0.01 sys=0.00, real=0.01 secs] 
2012-10-22T03:12:46.334+0100: 204242.317: [GC 204242.317: [DefNew: 17433K->1214K(19136K), 0.0066640 secs] 88282K->72063K(260032K), 0.0067700 secs] [Times: user=0.01 sys=0.00, real=0.01 secs] 
2012-10-22T03:13:35.268+0100: 204291.251: [GC 204291.252: [DefNew: 18238K->847K(19136K), 0.0066860 secs] 89087K->71896K(260032K), 0.0068490 secs] [Times: user=0.00 sys=0.00, real=0.00 secs] 
2012-10-22T03:14:25.366+0100: 204341.349: [GC 204341.349: [DefNew: 17846K->721K(19136K), 0.0054970 secs] 88895K->71770K(260032K), 0.0056000 secs] [Times: user=0.01 sys=0.00, real=0.01 secs] 
2012-10-22T03:15:10.280+0100: 204386.263: [GC 204386.263: [DefNew: 17743K->823K(19136K), 0.0066750 secs] 88792K->71872K(260032K), 0.0067820 secs] [Times: user=0.00 sys=0.00, real=0.00 secs] 
2012-10-22T03:15:56.045+0100: 204432.028: [GC 204432.028: [DefNew: 17847K->1203K(19136K), 0.0059170 secs] 88896K->72252K(260032K), 0.0060060 secs] [Times: user=0.00 sys=0.00, real=0.01 secs] 
2012-10-22T03:16:45.847+0100: 204481.830: [GC 204481.830: [DefNew: 18199K->938K(19136K), 0.0078900 secs] 89248K->72187K(260032K), 0.0080140 secs] [Times: user=0.02 sys=0.00, real=0.01 secs] 
2012-10-22T03:17:35.852+0100: 204531.835: [GC 204531.835: [DefNew: 17962K->1162K(19136K), 0.0078530 secs] 89211K->72412K(260032K), 0.0080140 secs] [Times: user=0.00 sys=0.00, real=0.01 secs] 
2012-10-22T03:18:25.307+0100: 204581.290: [GC 204581.290: [DefNew: 18169K->529K(19136K), 0.0076510 secs] 89418K->71905K(260032K), 0.0078280 secs] [Times: user=0.01 sys=0.00, real=0.01 secs] 
2012-10-22T03:19:10.976+0100: 204626.959: [GC 204626.959: [DefNew: 17553K->982K(19136K), 0.0057700 secs] 88929K->72357K(260032K), 0.0058700 secs] [Times: user=0.00 sys=0.00, real=0.01 secs] 
2012-10-22T03:20:00.886+0100: 204676.869: [GC 204676.869: [DefNew: 17999K->1130K(19136K), 0.0129830 secs] 89374K->72505K(260032K), 0.0131080 secs] [Times: user=0.00 sys=0.00, real=0.02 secs] 
2012-10-22T03:20:45.957+0100: 204721.940: [GC 204721.940: [DefNew: 18154K->1069K(19136K), 0.0067220 secs] 89529K->72480K(260032K), 0.0068350 secs] [Times: user=0.01 sys=0.00, real=0.01 secs] 
2012-10-22T03:21:35.415+0100: 204771.398: [GC 204771.398: [DefNew: 18093K->823K(19136K), 0.0071720 secs] 89504K->72360K(260032K), 0.0072700 secs] [Times: user=0.01 sys=0.00, real=0.01 secs] 
2012-10-22T03:22:25.349+0100: 204821.332: [GC 204821.332: [DefNew: 17847K->949K(19136K), 0.0056370 secs] 89384K->72485K(260032K), 0.0057340 secs] [Times: user=0.00 sys=0.00, real=0.00 secs] 
2012-10-22T03:23:15.496+0100: 204871.479: [GC 204871.479: [DefNew: 17941K->760K(19136K), 0.0052470 secs] 89477K->72296K(260032K), 0.0053490 secs] [Times: user=0.00 sys=0.00, real=0.01 secs] 
2012-10-22T03:24:00.351+0100: 204916.334: [GC 204916.334: [DefNew: 17784K->1197K(19136K), 0.0061170 secs] 89320K->72734K(260032K), 0.0062220 secs] [Times: user=0.01 sys=0.00, real=0.01 secs] 
2012-10-22T03:24:52.912+0100: 204968.895: [GC 204968.895: [DefNew: 18221K->915K(19136K), 0.0070590 secs] 89758K->72652K(260032K), 0.0071820 secs] [Times: user=0.01 sys=0.00, real=0.01 secs] 
2012-10-22T03:25:42.362+0100: 205018.345: [GC 205018.346: [DefNew: 17938K->813K(19136K), 0.0053680 secs] 89675K->72550K(260032K), 0.0054620 secs] [Times: user=0.01 sys=0.00, real=0.01 secs] 
2012-10-22T03:26:30.414+0100: 205066.397: [GC 205066.397: [DefNew: 17837K->845K(19136K), 0.0053620 secs] 89574K->72582K(260032K), 0.0054670 secs] [Times: user=0.00 sys=0.00, real=0.01 secs] 
2012-10-22T03:27:17.721+0100: 205113.704: [GC 205113.704: [DefNew: 17869K->394K(19136K), 0.0046370 secs] 89606K->72131K(260032K), 0.0047310 secs] [Times: user=0.00 sys=0.00, real=0.00 secs] 
2012-10-22T03:28:06.157+0100: 205162.140: [GC 205162.140: [DefNew: 17418K->1097K(19136K), 0.0059720 secs] 89155K->72834K(260032K), 0.0060920 secs] [Times: user=0.01 sys=0.00, real=0.01 secs] 
2012-10-22T03:28:54.420+0100: 205210.403: [GC 205210.403: [DefNew: 18098K->927K(19136K), 0.0056470 secs] 89835K->72663K(260032K), 0.0057730 secs] [Times: user=0.00 sys=0.00, real=0.00 secs] 
2012-10-22T03:29:26.000+0100: 205241.983: [GC 205241.983: [DefNew: 17951K->1177K(19136K), 0.0060350 secs] 89687K->72914K(260032K), 0.0061390 secs] [Times: user=0.00 sys=0.00, real=0.00 secs] 
2012-10-22T03:30:15.385+0100: 205291.368: [GC 205291.368: [DefNew: 18201K->694K(19136K), 0.0088710 secs] 89938K->72557K(260032K), 0.0089800 secs] [Times: user=0.01 sys=0.00, real=0.01 secs] 
2012-10-22T03:31:05.673+0100: 205341.656: [GC 205341.656: [DefNew: 17697K->496K(19136K), 0.0070820 secs] 89560K->72359K(260032K), 0.0072010 secs] [Times: user=0.01 sys=0.00, real=0.01 secs] 
2012-10-22T03:31:50.979+0100: 205386.962: [GC 205386.962: [DefNew: 17520K->1108K(19136K), 0.0099200 secs] 89383K->72970K(260032K), 0.0100390 secs] [Times: user=0.00 sys=0.01, real=0.01 secs] 
2012-10-22T03:32:41.434+0100: 205437.417: [GC 205437.417: [DefNew: 18132K->843K(19136K), 0.0068530 secs] 89994K->72832K(260032K), 0.0069700 secs] [Times: user=0.01 sys=0.00, real=0.01 secs] 
2012-10-22T03:33:31.035+0100: 205487.018: [GC 205487.018: [DefNew: 17849K->1002K(19136K), 0.0057900 secs] 89839K->72991K(260032K), 0.0058930 secs] [Times: user=0.00 sys=0.00, real=0.01 secs] 
2012-10-22T03:34:20.422+0100: 205536.405: [GC 205536.405: [DefNew: 18026K->655K(19136K), 0.0049720 secs] 90015K->72645K(260032K), 0.0051160 secs] [Times: user=0.00 sys=0.00, real=0.01 secs] 
2012-10-22T03:35:06.065+0100: 205582.048: [GC 205582.048: [DefNew: 17679K->1128K(19136K), 0.0061890 secs] 89669K->73118K(260032K), 0.0062870 secs] [Times: user=0.01 sys=0.00, real=0.01 secs] 
2012-10-22T03:35:55.398+0100: 205631.381: [GC 205631.381: [DefNew: 18152K->909K(19136K), 0.0078330 secs] 90142K->73148K(260032K), 0.0079380 secs] [Times: user=0.00 sys=0.00, real=0.00 secs] 
2012-10-22T03:36:45.450+0100: 205681.433: [GC 205681.433: [DefNew: 17933K->758K(19136K), 0.0058470 secs] 90172K->72998K(260032K), 0.0059500 secs] [Times: user=0.01 sys=0.00, real=0.00 secs] 
2012-10-22T03:37:31.040+0100: 205727.023: [GC 205727.023: [DefNew: 17782K->1107K(19136K), 0.0058610 secs] 90022K->73347K(260032K), 0.0059630 secs] [Times: user=0.01 sys=0.00, real=0.00 secs] 
2012-10-22T03:38:20.402+0100: 205776.385: [GC 205776.385: [DefNew: 18131K->1080K(19136K), 0.0059390 secs] 90371K->73319K(260032K), 0.0060560 secs] [Times: user=0.00 sys=0.00, real=0.01 secs] 
2012-10-22T03:39:10.395+0100: 205826.378: [GC 205826.378: [DefNew: 18100K->577K(19136K), 0.0048600 secs] 90340K->72817K(260032K), 0.0049550 secs] [Times: user=0.00 sys=0.00, real=0.01 secs] 
2012-10-22T03:39:56.921+0100: 205872.904: [GC 205872.904: [DefNew: 17601K->1090K(19136K), 0.0057150 secs] 89841K->73330K(260032K), 0.0058140 secs] [Times: user=0.00 sys=0.00, real=0.00 secs] 
2012-10-22T03:40:45.451+0100: 205921.434: [GC 205921.434: [DefNew: 18092K->1076K(19136K), 0.0102160 secs] 90332K->73441K(260032K), 0.0103220 secs] [Times: user=0.00 sys=0.00, real=0.01 secs] 
2012-10-22T03:41:31.070+0100: 205967.053: [GC 205967.053: [DefNew: 18100K->1082K(19136K), 0.0059200 secs] 90465K->73447K(260032K), 0.0060270 secs] [Times: user=0.00 sys=0.00, real=0.00 secs] 
2012-10-22T03:42:21.233+0100: 206017.216: [GC 206017.217: [DefNew: 18101K->1001K(19136K), 0.0063950 secs] 90466K->73439K(260032K), 0.0065130 secs] [Times: user=0.01 sys=0.00, real=0.01 secs] 
2012-10-22T03:43:10.499+0100: 206066.482: [GC 206066.482: [DefNew: 18025K->878K(19136K), 0.0037740 secs] 90463K->73317K(260032K), 0.0051150 secs] [Times: user=0.00 sys=0.00, real=0.00 secs] 
2012-10-22T03:44:00.736+0100: 206116.719: [GC 206116.719: [DefNew: 17899K->560K(19136K), 0.0053840 secs] 90338K->72999K(260032K), 0.0054860 secs] [Times: user=0.01 sys=0.00, real=0.01 secs] 
2012-10-22T03:44:50.490+0100: 206166.473: [GC 206166.473: [DefNew: 17584K->526K(19136K), 0.0046980 secs] 90023K->72965K(260032K), 0.0047950 secs] [Times: user=0.00 sys=0.00, real=0.00 secs] 
2012-10-22T03:45:35.506+0100: 206211.489: [GC 206211.489: [DefNew: 17550K->940K(19136K), 0.0060940 secs] 89989K->73379K(260032K), 0.0061930 secs] [Times: user=0.00 sys=0.00, real=0.01 secs] 
2012-10-22T03:46:25.575+0100: 206261.558: [GC 206261.558: [DefNew: 17947K->528K(19136K), 0.0046590 secs] 90385K->72966K(260032K), 0.0047540 secs] [Times: user=0.01 sys=0.00, real=0.01 secs] 
2012-10-22T03:47:15.672+0100: 206311.655: [GC 206311.655: [DefNew: 17550K->432K(19136K), 0.0045110 secs] 89988K->72871K(260032K), 0.0046060 secs] [Times: user=0.00 sys=0.00, real=0.00 secs] 
2012-10-22T03:48:00.505+0100: 206356.488: [GC 206356.488: [DefNew: 17456K->1035K(19136K), 0.0076160 secs] 89895K->73473K(260032K), 0.0077260 secs] [Times: user=0.01 sys=0.00, real=0.01 secs] 
2012-10-22T03:48:50.932+0100: 206406.914: [GC 206406.915: [DefNew: 18059K->498K(19136K), 0.0048040 secs] 90497K->72937K(260032K), 0.0049000 secs] [Times: user=0.00 sys=0.00, real=0.00 secs] 
2012-10-22T03:49:35.651+0100: 206451.634: [GC 206451.634: [DefNew: 17522K->874K(19136K), 0.0056600 secs] 89961K->73312K(260032K), 0.0057620 secs] [Times: user=0.01 sys=0.00, real=0.00 secs] 
2012-10-22T03:50:25.886+0100: 206501.869: [GC 206501.869: [DefNew: 17878K->560K(19136K), 0.0050520 secs] 90316K->72999K(260032K), 0.0051500 secs] [Times: user=0.00 sys=0.00, real=0.01 secs] 
2012-10-22T03:51:11.166+0100: 206547.149: [GC 206547.149: [DefNew: 17568K->1159K(19136K), 0.0130220 secs] 90007K->73598K(260032K), 0.0131710 secs] [Times: user=0.01 sys=0.00, real=0.02 secs] 
2012-10-22T03:52:01.328+0100: 206597.311: [GC 206597.311: [DefNew: 18183K->1107K(19136K), 0.0066810 secs] 90622K->73608K(260032K), 0.0068180 secs] [Times: user=0.01 sys=0.00, real=0.00 secs] 
2012-10-22T03:52:50.647+0100: 206646.630: [GC 206646.630: [DefNew: 18131K->847K(19136K), 0.0060610 secs] 90632K->73348K(260032K), 0.0061620 secs] [Times: user=0.01 sys=0.00, real=0.01 secs] 
2012-10-22T03:53:36.451+0100: 206692.434: [GC 206692.434: [DefNew: 17871K->1251K(19136K), 0.0069590 secs] 90372K->73752K(260032K), 0.0070850 secs] [Times: user=0.01 sys=0.00, real=0.01 secs] 
2012-10-22T03:54:25.563+0100: 206741.546: [GC 206741.546: [DefNew: 18275K->823K(19136K), 0.0079590 secs] 90776K->73451K(260032K), 0.0080580 secs] [Times: user=0.01 sys=0.00, real=0.01 secs] 
2012-10-22T03:55:15.592+0100: 206791.574: [GC 206791.575: [DefNew: 17835K->375K(19136K), 0.0045400 secs] 90462K->73002K(260032K), 0.0046600 secs] [Times: user=0.00 sys=0.00, real=0.00 secs] 
2012-10-22T03:56:00.767+0100: 206836.750: [GC 206836.750: [DefNew: 17399K->728K(19136K), 0.0053560 secs] 90026K->73355K(260032K), 0.0054960 secs] [Times: user=0.01 sys=0.00, real=0.01 secs] 
2012-10-22T03:56:46.309+0100: 206882.292: [GC 206882.292: [DefNew: 17752K->1166K(19136K), 0.0071380 secs] 90379K->73793K(260032K), 0.0072450 secs] [Times: user=0.00 sys=0.00, real=0.00 secs] 
2012-10-22T03:57:36.474+0100: 206932.457: [GC 206932.457: [DefNew: 18190K->981K(19136K), 0.0075530 secs] 90817K->73705K(260032K), 0.0081170 secs] [Times: user=0.02 sys=0.00, real=0.01 secs] 
2012-10-22T03:58:25.696+0100: 206981.679: [GC 206981.679: [DefNew: 18005K->599K(19136K), 0.0053350 secs] 90729K->73323K(260032K), 0.0054330 secs] [Times: user=0.00 sys=0.00, real=0.01 secs] 
2012-10-22T03:59:10.844+0100: 207026.827: [GC 207026.827: [DefNew: 17623K->980K(19136K), 0.0060000 secs] 90347K->73704K(260032K), 0.0061160 secs] [Times: user=0.01 sys=0.00, real=0.01 secs] 
2012-10-22T04:00:00.657+0100: 207076.639: [GC 207076.640: [DefNew: 17982K->565K(19136K), 0.0055950 secs] 90706K->73289K(260032K), 0.0056990 secs] [Times: user=0.01 sys=0.00, real=0.01 secs] 
2012-10-22T04:00:45.624+0100: 207121.607: [GC 207121.607: [DefNew: 17589K->1013K(19136K), 0.0067830 secs] 90313K->73840K(260032K), 0.0068990 secs] [Times: user=0.01 sys=0.00, real=0.01 secs] 
2012-10-22T04:01:35.807+0100: 207171.790: [GC 207171.790: [DefNew: 18005K->782K(19136K), 0.0054920 secs] 90833K->73610K(260032K), 0.0056010 secs] [Times: user=0.01 sys=0.00, real=0.01 secs] 
2012-10-22T04:02:25.779+0100: 207221.762: [GC 207221.762: [DefNew: 17786K->686K(19136K), 0.0050390 secs] 90613K->73513K(260032K), 0.0051330 secs] [Times: user=0.00 sys=0.00, real=0.00 secs] 
2012-10-22T04:03:11.342+0100: 207267.325: [GC 207267.325: [DefNew: 17689K->1001K(19136K), 0.0059030 secs] 90517K->73829K(260032K), 0.0060500 secs] [Times: user=0.00 sys=0.00, real=0.01 secs] 
2012-10-22T04:04:00.732+0100: 207316.715: [GC 207316.716: [DefNew: 18025K->878K(19136K), 0.0056060 secs] 90853K->73705K(260032K), 0.0057040 secs] [Times: user=0.01 sys=0.00, real=0.01 secs] 
2012-10-22T04:04:50.633+0100: 207366.616: [GC 207366.616: [DefNew: 17902K->750K(19136K), 0.0060030 secs] 90729K->73578K(260032K), 0.0061050 secs] [Times: user=0.01 sys=0.00, real=0.01 secs] 
2012-10-22T04:05:35.806+0100: 207411.789: [GC 207411.789: [DefNew: 17774K->981K(19136K), 0.0076010 secs] 90602K->73808K(260032K), 0.0077040 secs] [Times: user=0.00 sys=0.00, real=0.01 secs] 
2012-10-22T04:06:25.785+0100: 207461.768: [GC 207461.768: [DefNew: 18000K->527K(19136K), 0.0053260 secs] 90827K->73355K(260032K), 0.0054230 secs] [Times: user=0.00 sys=0.00, real=0.01 secs] 
2012-10-22T04:07:15.845+0100: 207511.828: [GC 207511.828: [DefNew: 17548K->653K(19136K), 0.0049150 secs] 90375K->73480K(260032K), 0.0050490 secs] [Times: user=0.01 sys=0.00, real=0.01 secs] 
2012-10-22T04:08:01.372+0100: 207557.355: [GC 207557.355: [DefNew: 17651K->938K(19136K), 0.0067920 secs] 90478K->73827K(260032K), 0.0069120 secs] [Times: user=0.01 sys=0.00, real=0.01 secs] 
2012-10-22T04:08:50.693+0100: 207606.676: [GC 207606.676: [DefNew: 17944K->659K(19136K), 0.0067900 secs] 90833K->73549K(260032K), 0.0069050 secs] [Times: user=0.00 sys=0.00, real=0.01 secs] 
2012-10-22T04:09:36.404+0100: 207652.387: [GC 207652.387: [DefNew: 17683K->1099K(19136K), 0.0059180 secs] 90573K->73988K(260032K), 0.0060190 secs] [Times: user=0.01 sys=0.00, real=0.01 secs] 
2012-10-22T04:10:25.718+0100: 207701.701: [GC 207701.701: [DefNew: 18123K->811K(19136K), 0.0074670 secs] 91012K->73701K(260032K), 0.0075700 secs] [Times: user=0.01 sys=0.00, real=0.00 secs] 
2012-10-22T04:11:11.329+0100: 207747.312: [GC 207747.312: [DefNew: 17835K->1165K(19136K), 0.0084250 secs] 90725K->74055K(260032K), 0.0085870 secs] [Times: user=0.00 sys=0.00, real=0.01 secs] 
2012-10-22T04:12:01.381+0100: 207797.364: [GC 207797.364: [DefNew: 18189K->1134K(19136K), 0.0068070 secs] 91079K->74086K(260032K), 0.0069140 secs] [Times: user=0.01 sys=0.00, real=0.01 secs] 
2012-10-22T04:12:50.675+0100: 207846.658: [GC 207846.658: [DefNew: 18132K->341K(19136K), 0.0049310 secs] 91084K->73367K(260032K), 0.0050260 secs] [Times: user=0.00 sys=0.00, real=0.01 secs] 
2012-10-22T04:13:35.732+0100: 207891.715: [GC 207891.715: [DefNew: 17347K->935K(19136K), 0.0056240 secs] 90373K->73961K(260032K), 0.0057270 secs] [Times: user=0.01 sys=0.00, real=0.01 secs] 
2012-10-22T04:14:25.867+0100: 207941.850: [GC 207941.850: [DefNew: 17959K->651K(19136K), 0.0050310 secs] 90985K->73677K(260032K), 0.0051350 secs] [Times: user=0.01 sys=0.00, real=0.01 secs] 
2012-10-22T04:15:10.866+0100: 207986.849: [GC 207986.849: [DefNew: 17675K->918K(19136K), 0.0056330 secs] 90701K->73945K(260032K), 0.0057360 secs] [Times: user=0.00 sys=0.00, real=0.01 secs] 
2012-10-22T04:16:01.118+0100: 208037.101: [GC 208037.101: [DefNew: 17915K->793K(19136K), 0.0054590 secs] 90941K->73820K(260032K), 0.0055630 secs] [Times: user=0.00 sys=0.00, real=0.00 secs] 
2012-10-22T04:16:50.704+0100: 208086.687: [GC 208086.687: [DefNew: 17817K->695K(19136K), 0.0058260 secs] 90844K->73722K(260032K), 0.0059260 secs] [Times: user=0.01 sys=0.00, real=0.01 secs] 
2012-10-22T04:17:41.045+0100: 208137.028: [GC 208137.028: [DefNew: 17689K->410K(19136K), 0.0045970 secs] 90715K->73437K(260032K), 0.0046880 secs] [Times: user=0.01 sys=0.00, real=0.01 secs] 
2012-10-22T04:18:25.693+0100: 208181.676: [GC 208181.676: [DefNew: 17434K->828K(19136K), 0.0059540 secs] 90461K->73855K(260032K), 0.0060580 secs] [Times: user=0.01 sys=0.00, real=0.01 secs] 
2012-10-22T04:19:11.401+0100: 208227.384: [GC 208227.384: [DefNew: 17852K->1223K(19136K), 0.0072920 secs] 90879K->74323K(260032K), 0.0074010 secs] [Times: user=0.00 sys=0.00, real=0.01 secs] 
2012-10-22T04:20:00.741+0100: 208276.724: [GC 208276.724: [DefNew: 18247K->913K(19136K), 0.0064890 secs] 91347K->74077K(260032K), 0.0065920 secs] [Times: user=0.01 sys=0.00, real=0.01 secs] 
2012-10-22T04:20:50.867+0100: 208326.850: [GC 208326.850: [DefNew: 17915K->781K(19136K), 0.0053080 secs] 91079K->73945K(260032K), 0.0054120 secs] [Times: user=0.01 sys=0.00, real=0.01 secs] 
2012-10-22T04:21:40.754+0100: 208376.737: [GC 208376.737: [DefNew: 17781K->504K(19136K), 0.0055550 secs] 90944K->73667K(260032K), 0.0056520 secs] [Times: user=0.01 sys=0.00, real=0.01 secs] 
2012-10-22T04:22:30.684+0100: 208426.666: [GC 208426.667: [DefNew: 17524K->542K(19136K), 0.0050030 secs] 90687K->73705K(260032K), 0.0051040 secs] [Times: user=0.01 sys=0.00, real=0.01 secs] 
2012-10-22T04:23:15.917+0100: 208471.900: [GC 208471.900: [DefNew: 17566K->831K(19136K), 0.0056750 secs] 90729K->73995K(260032K), 0.0057810 secs] [Times: user=0.01 sys=0.00, real=0.01 secs] 
2012-10-22T04:24:01.669+0100: 208517.652: [GC 208517.652: [DefNew: 17855K->1204K(19136K), 0.0060560 secs] 91019K->74367K(260032K), 0.0061570 secs] [Times: user=0.00 sys=0.00, real=0.00 secs] 
2012-10-22T04:24:51.504+0100: 208567.487: [GC 208567.487: [DefNew: 18228K->1101K(19136K), 0.0073460 secs] 91391K->74338K(260032K), 0.0074650 secs] [Times: user=0.00 sys=0.00, real=0.01 secs] 
2012-10-22T04:25:40.932+0100: 208616.915: [GC 208616.915: [DefNew: 18111K->750K(19136K), 0.0053430 secs] 91349K->73988K(260032K), 0.0055030 secs] [Times: user=0.01 sys=0.00, real=0.01 secs] 
2012-10-22T04:26:30.842+0100: 208666.825: [GC 208666.825: [DefNew: 17774K->755K(19136K), 0.0060320 secs] 91012K->73993K(260032K), 0.0061400 secs] [Times: user=0.00 sys=0.00, real=0.01 secs] 
2012-10-22T04:27:20.903+0100: 208716.886: [GC 208716.886: [DefNew: 17765K->436K(19136K), 0.0046560 secs] 91002K->73674K(260032K), 0.0047520 secs] [Times: user=0.00 sys=0.00, real=0.01 secs] 
2012-10-22T04:28:05.924+0100: 208761.907: [GC 208761.907: [DefNew: 17460K->944K(19136K), 0.0058410 secs] 90698K->74182K(260032K), 0.0059440 secs] [Times: user=0.01 sys=0.00, real=0.01 secs] 
2012-10-22T04:28:55.492+0100: 208811.475: [GC 208811.475: [DefNew: 17968K->533K(19136K), 0.0054970 secs] 91206K->73771K(260032K), 0.0055980 secs] [Times: user=0.01 sys=0.00, real=0.01 secs] 
2012-10-22T04:29:26.521+0100: 208842.504: [GC 208842.504: [DefNew: 17557K->1058K(19136K), 0.0057650 secs] 90795K->74296K(260032K), 0.0058670 secs] [Times: user=0.00 sys=0.00, real=0.00 secs] 
2012-10-22T04:30:15.819+0100: 208891.802: [GC 208891.802: [DefNew: 18082K->372K(19136K), 0.0047920 secs] 91320K->73612K(260032K), 0.0048870 secs] [Times: user=0.00 sys=0.00, real=0.00 secs] 
2012-10-22T04:31:01.754+0100: 208937.737: [GC 208937.737: [DefNew: 17370K->1033K(19136K), 0.0058340 secs] 90610K->74273K(260032K), 0.0059360 secs] [Times: user=0.01 sys=0.00, real=0.01 secs] 
2012-10-22T04:31:51.110+0100: 208987.093: [GC 208987.093: [DefNew: 18051K->912K(19136K), 0.0055550 secs] 91291K->74152K(260032K), 0.0056590 secs] [Times: user=0.00 sys=0.00, real=0.00 secs] 
2012-10-22T04:32:41.055+0100: 209037.038: [GC 209037.038: [DefNew: 17936K->919K(19136K), 0.0055980 secs] 91176K->74159K(260032K), 0.0056940 secs] [Times: user=0.01 sys=0.00, real=0.01 secs] 
2012-10-22T04:33:30.887+0100: 209086.870: [GC 209086.870: [DefNew: 17918K->527K(19136K), 0.0050640 secs] 91159K->73767K(260032K), 0.0052590 secs] [Times: user=0.00 sys=0.00, real=0.01 secs] 
2012-10-22T04:34:16.301+0100: 209132.284: [GC 209132.284: [DefNew: 17551K->947K(19136K), 0.0058760 secs] 90791K->74187K(260032K), 0.0059790 secs] [Times: user=0.00 sys=0.00, real=0.01 secs] 
2012-10-22T04:35:06.204+0100: 209182.187: [GC 209182.187: [DefNew: 17948K->751K(19136K), 0.0052550 secs] 91188K->73991K(260032K), 0.0053920 secs] [Times: user=0.00 sys=0.00, real=0.01 secs] 
2012-10-22T04:35:54.747+0100: 209230.730: [GC 209230.730: [DefNew: 17745K->782K(19136K), 0.0051930 secs] 90986K->74022K(260032K), 0.0052880 secs] [Times: user=0.00 sys=0.00, real=0.01 secs] 
2012-10-22T04:36:41.646+0100: 209277.629: [GC 209277.629: [DefNew: 17798K->1065K(19136K), 0.0059760 secs] 91039K->74305K(260032K), 0.0060740 secs] [Times: user=0.01 sys=0.00, real=0.01 secs] 
2012-10-22T04:37:30.941+0100: 209326.924: [GC 209326.924: [DefNew: 18080K->1000K(19136K), 0.0060550 secs] 91321K->74241K(260032K), 0.0061580 secs] [Times: user=0.01 sys=0.00, real=0.00 secs] 
2012-10-22T04:38:16.694+0100: 209372.677: [GC 209372.677: [DefNew: 18024K->1131K(19136K), 0.0089630 secs] 91265K->74372K(260032K), 0.0090810 secs] [Times: user=0.01 sys=0.00, real=0.01 secs] 
2012-10-22T04:39:06.100+0100: 209422.083: [GC 209422.083: [DefNew: 18127K->592K(19136K), 0.0062420 secs] 91368K->73959K(260032K), 0.0072190 secs] [Times: user=0.00 sys=0.00, real=0.01 secs] 
2012-10-22T04:39:54.891+0100: 209470.874: [GC 209470.874: [DefNew: 17609K->814K(19136K), 0.0054150 secs] 90976K->74181K(260032K), 0.0055090 secs] [Times: user=0.00 sys=0.00, real=0.00 secs] 
2012-10-22T04:40:40.956+0100: 209516.939: [GC 209516.939: [DefNew: 17838K->1039K(19136K), 0.0057860 secs] 91205K->74406K(260032K), 0.0058830 secs] [Times: user=0.00 sys=0.00, real=0.01 secs] 
2012-10-22T04:41:30.986+0100: 209566.969: [GC 209566.969: [DefNew: 18061K->729K(19136K), 0.0057030 secs] 91428K->74096K(260032K), 0.0058600 secs] [Times: user=0.01 sys=0.00, real=0.01 secs] 
2012-10-22T04:42:20.998+0100: 209616.981: [GC 209616.981: [DefNew: 17731K->726K(19136K), 0.0050920 secs] 91098K->74093K(260032K), 0.0051870 secs] [Times: user=0.00 sys=0.00, real=0.00 secs] 
2012-10-22T04:43:06.540+0100: 209662.523: [GC 209662.523: [DefNew: 17741K->1107K(19136K), 0.0058980 secs] 91109K->74474K(260032K), 0.0060000 secs] [Times: user=0.00 sys=0.00, real=0.00 secs] 
2012-10-22T04:43:55.964+0100: 209711.947: [GC 209711.947: [DefNew: 18131K->941K(19136K), 0.0094170 secs] 91498K->74382K(260032K), 0.0095380 secs] [Times: user=0.00 sys=0.00, real=0.01 secs] 
2012-10-22T04:44:46.017+0100: 209762.000: [GC 209762.000: [DefNew: 17965K->882K(19136K), 0.0059740 secs] 91406K->74323K(260032K), 0.0060790 secs] [Times: user=0.02 sys=0.00, real=0.01 secs] 
2012-10-22T04:45:31.598+0100: 209807.581: [GC 209807.581: [DefNew: 17906K->1129K(19136K), 0.0063480 secs] 91347K->74571K(260032K), 0.0064520 secs] [Times: user=0.00 sys=0.00, real=0.00 secs] 
2012-10-22T04:46:21.592+0100: 209857.575: [GC 209857.575: [DefNew: 18126K->1032K(19136K), 0.0071040 secs] 91567K->74536K(260032K), 0.0072230 secs] [Times: user=0.01 sys=0.00, real=0.01 secs] 
2012-10-22T04:47:11.590+0100: 209907.573: [GC 209907.573: [DefNew: 18039K->1000K(19136K), 0.0064730 secs] 91542K->74503K(260032K), 0.0065720 secs] [Times: user=0.00 sys=0.00, real=0.00 secs] 
2012-10-22T04:48:01.071+0100: 209957.054: [GC 209957.054: [DefNew: 18024K->686K(19136K), 0.0053000 secs] 91527K->74190K(260032K), 0.0053980 secs] [Times: user=0.00 sys=0.00, real=0.00 secs] 
2012-10-22T04:48:46.624+0100: 210002.607: [GC 210002.607: [DefNew: 17710K->1133K(19136K), 0.0084270 secs] 91214K->74636K(260032K), 0.0085560 secs] [Times: user=0.01 sys=0.00, real=0.01 secs] 
2012-10-22T04:49:36.721+0100: 210052.704: [GC 210052.704: [DefNew: 18157K->932K(19136K), 0.0063890 secs] 91660K->74594K(260032K), 0.0065000 secs] [Times: user=0.00 sys=0.00, real=0.01 secs] 
2012-10-22T04:50:26.307+0100: 210102.289: [GC 210102.290: [DefNew: 17956K->465K(19136K), 0.0049860 secs] 91618K->74127K(260032K), 0.0051070 secs] [Times: user=0.01 sys=0.00, real=0.01 secs] 
2012-10-22T04:51:11.008+0100: 210146.991: [GC 210146.991: [DefNew: 17489K->502K(19136K), 0.0048610 secs] 91151K->74164K(260032K), 0.0049580 secs] [Times: user=0.00 sys=0.00, real=0.00 secs] 
2012-10-22T04:52:01.210+0100: 210197.193: [GC 210197.193: [DefNew: 17526K->435K(19136K), 0.0046190 secs] 91188K->74096K(260032K), 0.0047230 secs] [Times: user=0.00 sys=0.00, real=0.00 secs] 
2012-10-22T04:52:46.763+0100: 210242.746: [GC 210242.746: [DefNew: 17459K->1193K(19136K), 0.0070890 secs] 91120K->74854K(260032K), 0.0071920 secs] [Times: user=0.01 sys=0.00, real=0.01 secs] 
2012-10-22T04:53:36.737+0100: 210292.720: [GC 210292.720: [DefNew: 18217K->971K(19136K), 0.0073120 secs] 91878K->74696K(260032K), 0.0074260 secs] [Times: user=0.00 sys=0.00, real=0.00 secs] 
2012-10-22T04:54:21.034+0100: 210337.017: [GC 210337.017: [DefNew: 17995K->820K(19136K), 0.0056150 secs] 91720K->74545K(260032K), 0.0057200 secs] [Times: user=0.00 sys=0.00, real=0.01 secs] 
2012-10-22T04:55:11.048+0100: 210387.030: [GC 210387.031: [DefNew: 17816K->527K(19136K), 0.0047220 secs] 91542K->74252K(260032K), 0.0048140 secs] [Times: user=0.00 sys=0.00, real=0.00 secs] 
2012-10-22T04:55:56.926+0100: 210432.909: [GC 210432.909: [DefNew: 17551K->1067K(19136K), 0.0058370 secs] 91276K->74792K(260032K), 0.0059350 secs] [Times: user=0.01 sys=0.00, real=0.01 secs] 
2012-10-22T04:56:46.726+0100: 210482.709: [GC 210482.709: [DefNew: 18091K->1160K(19136K), 0.0060960 secs] 91816K->74885K(260032K), 0.0061960 secs] [Times: user=0.01 sys=0.00, real=0.01 secs] 
2012-10-22T04:57:36.079+0100: 210532.062: [GC 210532.062: [DefNew: 18183K->751K(19136K), 0.0059880 secs] 91908K->74539K(260032K), 0.0060860 secs] [Times: user=0.01 sys=0.00, real=0.00 secs] 
2012-10-22T04:58:26.082+0100: 210582.065: [GC 210582.066: [DefNew: 17775K->570K(19136K), 0.0070410 secs] 91563K->74358K(260032K), 0.0071540 secs] [Times: user=0.01 sys=0.00, real=0.01 secs] 
2012-10-22T04:59:11.104+0100: 210627.086: [GC 210627.087: [DefNew: 17592K->951K(19136K), 0.0059610 secs] 91379K->74738K(260032K), 0.0061990 secs] [Times: user=0.01 sys=0.00, real=0.01 secs] 
2012-10-22T05:00:00.181+0100: 210676.164: [GC 210676.164: [DefNew: 17975K->466K(19136K), 0.0047210 secs] 91762K->74253K(260032K), 0.0048160 secs] [Times: user=0.00 sys=0.00, real=0.00 secs] 
2012-10-22T05:00:46.847+0100: 210722.830: [GC 210722.830: [DefNew: 17490K->1177K(19136K), 0.0060590 secs] 91277K->74965K(260032K), 0.0061600 secs] [Times: user=0.01 sys=0.00, real=0.01 secs] 
2012-10-22T05:01:36.095+0100: 210772.078: [GC 210772.078: [DefNew: 18201K->823K(19136K), 0.0074040 secs] 91989K->74684K(260032K), 0.0075160 secs] [Times: user=0.01 sys=0.00, real=0.01 secs] 
2012-10-22T05:02:26.082+0100: 210822.065: [GC 210822.065: [DefNew: 17847K->595K(19136K), 0.0049320 secs] 91708K->74456K(260032K), 0.0050270 secs] [Times: user=0.00 sys=0.00, real=0.00 secs] 
2012-10-22T05:03:16.367+0100: 210872.350: [GC 210872.350: [DefNew: 17619K->654K(19136K), 0.0054000 secs] 91480K->74515K(260032K), 0.0055030 secs] [Times: user=0.00 sys=0.00, real=0.01 secs] 
2012-10-22T05:04:01.172+0100: 210917.155: [GC 210917.155: [DefNew: 17673K->526K(19136K), 0.0057750 secs] 91535K->74388K(260032K), 0.0058730 secs] [Times: user=0.02 sys=0.00, real=0.01 secs] 
2012-10-22T05:04:46.236+0100: 210962.219: [GC 210962.219: [DefNew: 17550K->1098K(19136K), 0.0059050 secs] 91412K->74959K(260032K), 0.0060070 secs] [Times: user=0.00 sys=0.00, real=0.01 secs] 
2012-10-22T05:05:36.255+0100: 211012.238: [GC 211012.238: [DefNew: 18122K->875K(19136K), 0.0058570 secs] 91983K->74736K(260032K), 0.0059560 secs] [Times: user=0.01 sys=0.00, real=0.01 secs] 
2012-10-22T05:06:21.849+0100: 211057.832: [GC 211057.832: [DefNew: 17883K->1000K(19136K), 0.0058230 secs] 91745K->74861K(260032K), 0.0059230 secs] [Times: user=0.00 sys=0.00, real=0.00 secs] 
2012-10-22T05:07:11.420+0100: 211107.403: [GC 211107.403: [DefNew: 18005K->560K(19136K), 0.0050150 secs] 91866K->74421K(260032K), 0.0051140 secs] [Times: user=0.00 sys=0.00, real=0.00 secs] 
2012-10-22T05:08:01.462+0100: 211157.445: [GC 211157.445: [DefNew: 17572K->370K(19136K), 0.0050780 secs] 91433K->74231K(260032K), 0.0051810 secs] [Times: user=0.02 sys=0.00, real=0.01 secs] 
2012-10-22T05:08:46.278+0100: 211202.261: [GC 211202.261: [DefNew: 17394K->1131K(19136K), 0.0059810 secs] 91255K->74992K(260032K), 0.0060840 secs] [Times: user=0.00 sys=0.00, real=0.00 secs] 
2012-10-22T05:09:36.413+0100: 211252.396: [GC 211252.396: [DefNew: 18155K->627K(19136K), 0.0051350 secs] 92016K->74489K(260032K), 0.0057520 secs] [Times: user=0.01 sys=0.00, real=0.01 secs] 
2012-10-22T05:10:26.247+0100: 211302.230: [GC 211302.230: [DefNew: 17626K->339K(19136K), 0.0043940 secs] 91488K->74200K(260032K), 0.0044900 secs] [Times: user=0.01 sys=0.00, real=0.01 secs] 
2012-10-22T05:11:11.861+0100: 211347.844: [GC 211347.844: [DefNew: 17363K->1043K(19136K), 0.0064380 secs] 91224K->74904K(260032K), 0.0065490 secs] [Times: user=0.01 sys=0.00, real=0.01 secs] 
2012-10-22T05:12:01.319+0100: 211397.301: [GC 211397.302: [DefNew: 18067K->949K(19136K), 0.0059310 secs] 91928K->74810K(260032K), 0.0060350 secs] [Times: user=0.00 sys=0.00, real=0.00 secs] 
2012-10-22T05:12:51.225+0100: 211447.208: [GC 211447.208: [DefNew: 17973K->861K(19136K), 0.0068680 secs] 91834K->74723K(260032K), 0.0069720 secs] [Times: user=0.00 sys=0.00, real=0.01 secs] 
2012-10-22T05:13:41.399+0100: 211497.382: [GC 211497.382: [DefNew: 17885K->888K(19136K), 0.0054500 secs] 91747K->74749K(260032K), 0.0055480 secs] [Times: user=0.00 sys=0.00, real=0.00 secs] 
2012-10-22T05:14:26.257+0100: 211542.240: [GC 211542.240: [DefNew: 17893K->527K(19136K), 0.0058020 secs] 91755K->74463K(260032K), 0.0059010 secs] [Times: user=0.01 sys=0.00, real=0.01 secs] 
2012-10-22T05:15:12.099+0100: 211588.082: [GC 211588.082: [DefNew: 17551K->1067K(19136K), 0.0060840 secs] 91487K->75003K(260032K), 0.0061880 secs] [Times: user=0.00 sys=0.00, real=0.00 secs] 
2012-10-22T05:16:01.530+0100: 211637.513: [GC 211637.513: [DefNew: 18075K->1014K(19136K), 0.0058710 secs] 92010K->74950K(260032K), 0.0060350 secs] [Times: user=0.01 sys=0.00, real=0.00 secs] 
2012-10-22T05:16:51.195+0100: 211687.178: [GC 211687.178: [DefNew: 18038K->982K(19136K), 0.0056060 secs] 91974K->74917K(260032K), 0.0059170 secs] [Times: user=0.01 sys=0.00, real=0.01 secs] 
2012-10-22T05:17:41.213+0100: 211737.196: [GC 211737.196: [DefNew: 18006K->633K(19136K), 0.0051120 secs] 91941K->74569K(260032K), 0.0052070 secs] [Times: user=0.00 sys=0.00, real=0.01 secs] 
2012-10-22T05:18:26.905+0100: 211782.888: [GC 211782.888: [DefNew: 17657K->1206K(19136K), 0.0113140 secs] 91593K->75142K(260032K), 0.0114410 secs] [Times: user=0.01 sys=0.00, real=0.01 secs] 
2012-10-22T05:19:16.254+0100: 211832.237: [GC 211832.237: [DefNew: 18229K->560K(19136K), 0.0058290 secs] 92165K->74570K(260032K), 0.0059330 secs] [Times: user=0.01 sys=0.00, real=0.01 secs] 
2012-10-22T05:20:01.299+0100: 211877.282: [GC 211877.283: [DefNew: 17554K->934K(19136K), 0.0054560 secs] 91564K->74944K(260032K), 0.0055550 secs] [Times: user=0.00 sys=0.01, real=0.00 secs] 
2012-10-22T05:20:51.274+0100: 211927.257: [GC 211927.257: [DefNew: 17958K->1037K(19136K), 0.0058390 secs] 91968K->75047K(260032K), 0.0059420 secs] [Times: user=0.01 sys=0.00, real=0.01 secs] 
2012-10-22T05:21:41.310+0100: 211977.293: [GC 211977.293: [DefNew: 18035K->506K(19136K), 0.0048530 secs] 92045K->74515K(260032K), 0.0049540 secs] [Times: user=0.00 sys=0.00, real=0.00 secs] 
2012-10-22T05:22:26.996+0100: 212022.979: [GC 212022.979: [DefNew: 17530K->1139K(19136K), 0.0071320 secs] 91539K->75149K(260032K), 0.0072420 secs] [Times: user=0.00 sys=0.00, real=0.01 secs] 
2012-10-22T05:23:16.304+0100: 212072.287: [GC 212072.287: [DefNew: 18156K->694K(19136K), 0.0072480 secs] 92165K->74903K(260032K), 0.0073530 secs] [Times: user=0.01 sys=0.00, real=0.01 secs] 
2012-10-22T05:24:01.264+0100: 212117.247: [GC 212117.247: [DefNew: 17718K->1099K(19136K), 0.0059470 secs] 91927K->75308K(260032K), 0.0060610 secs] [Times: user=0.01 sys=0.00, real=0.01 secs] 
2012-10-22T05:24:53.331+0100: 212169.314: [GC 212169.314: [DefNew: 18115K->434K(19136K), 0.0055170 secs] 92324K->74706K(260032K), 0.0056230 secs] [Times: user=0.01 sys=0.00, real=0.00 secs] 
2012-10-22T05:25:41.942+0100: 212217.925: [GC 212217.925: [DefNew: 17456K->811K(19136K), 0.0054670 secs] 91729K->75084K(260032K), 0.0055620 secs] [Times: user=0.00 sys=0.00, real=0.01 secs] 
2012-10-22T05:26:27.086+0100: 212263.069: [GC 212263.069: [DefNew: 17835K->1077K(19136K), 0.0058270 secs] 92108K->75350K(260032K), 0.0059250 secs] [Times: user=0.01 sys=0.00, real=0.01 secs] 
2012-10-22T05:27:16.439+0100: 212312.422: [GC 212312.422: [DefNew: 18101K->689K(19136K), 0.0075830 secs] 92374K->75086K(260032K), 0.0077230 secs] [Times: user=0.01 sys=0.00, real=0.00 secs] 
2012-10-22T05:28:06.424+0100: 212362.407: [GC 212362.407: [DefNew: 17713K->819K(19136K), 0.0055310 secs] 92110K->75216K(260032K), 0.0056300 secs] [Times: user=0.01 sys=0.00, real=0.01 secs] 
2012-10-22T05:28:52.049+0100: 212408.032: [GC 212408.032: [DefNew: 17843K->1127K(19136K), 0.0062470 secs] 92240K->75524K(260032K), 0.0063480 secs] [Times: user=0.01 sys=0.00, real=0.00 secs] 
2012-10-22T05:29:26.597+0100: 212442.580: [GC 212442.580: [DefNew: 18151K->552K(19136K), 0.0050980 secs] 92548K->74950K(260032K), 0.0051960 secs] [Times: user=0.01 sys=0.00, real=0.01 secs] 
2012-10-22T05:30:11.354+0100: 212487.337: [GC 212487.337: [DefNew: 17576K->756K(19136K), 0.0053860 secs] 91974K->75153K(260032K), 0.0054920 secs] [Times: user=0.00 sys=0.00, real=0.01 secs] 
2012-10-22T05:31:01.384+0100: 212537.367: [GC 212537.367: [DefNew: 17780K->596K(19136K), 0.0050360 secs] 92177K->74994K(260032K), 0.0051470 secs] [Times: user=0.01 sys=0.00, real=0.01 secs] 
2012-10-22T05:31:51.654+0100: 212587.637: [GC 212587.637: [DefNew: 17620K->689K(19136K), 0.0052640 secs] 92018K->75087K(260032K), 0.0053620 secs] [Times: user=0.01 sys=0.00, real=0.01 secs] 
2012-10-22T05:32:36.493+0100: 212632.476: [GC 212632.476: [DefNew: 17687K->846K(19136K), 0.0056490 secs] 92085K->75246K(260032K), 0.0057520 secs] [Times: user=0.01 sys=0.00, real=0.01 secs] 
2012-10-22T05:33:26.460+0100: 212682.443: [GC 212682.443: [DefNew: 17863K->494K(19136K), 0.0046690 secs] 92264K->74894K(260032K), 0.0047610 secs] [Times: user=0.00 sys=0.00, real=0.00 secs] 
2012-10-22T05:34:12.056+0100: 212728.039: [GC 212728.039: [DefNew: 17512K->1030K(19136K), 0.0060760 secs] 91912K->75430K(260032K), 0.0061840 secs] [Times: user=0.00 sys=0.00, real=0.01 secs] 
2012-10-22T05:35:01.443+0100: 212777.426: [GC 212777.426: [DefNew: 18054K->909K(19136K), 0.0055480 secs] 92454K->75309K(260032K), 0.0056420 secs] [Times: user=0.00 sys=0.00, real=0.01 secs] 
2012-10-22T05:35:47.036+0100: 212823.019: [GC 212823.019: [DefNew: 17931K->1149K(19136K), 0.0126630 secs] 92332K->75549K(260032K), 0.0127830 secs] [Times: user=0.01 sys=0.00, real=0.02 secs] 
2012-10-22T05:36:36.335+0100: 212872.318: [GC 212872.318: [DefNew: 18173K->817K(19136K), 0.0068810 secs] 92573K->75344K(260032K), 0.0069900 secs] [Times: user=0.01 sys=0.00, real=0.01 secs] 
2012-10-22T05:37:26.657+0100: 212922.640: [GC 212922.640: [DefNew: 17841K->854K(19136K), 0.0060910 secs] 92368K->75381K(260032K), 0.0061970 secs] [Times: user=0.01 sys=0.00, real=0.01 secs] 
2012-10-22T05:38:16.710+0100: 212972.693: [GC 212972.693: [DefNew: 17878K->816K(19136K), 0.0054190 secs] 92405K->75342K(260032K), 0.0055160 secs] [Times: user=0.00 sys=0.00, real=0.00 secs] 
2012-10-22T05:39:02.122+0100: 213018.104: [GC 213018.105: [DefNew: 17840K->933K(19136K), 0.0058920 secs] 92366K->75459K(260032K), 0.0060020 secs] [Times: user=0.01 sys=0.00, real=0.01 secs] 
2012-10-22T05:39:51.445+0100: 213067.428: [GC 213067.428: [DefNew: 17957K->909K(19136K), 0.0055600 secs] 92483K->75435K(260032K), 0.0056590 secs] [Times: user=0.01 sys=0.00, real=0.01 secs] 
2012-10-22T05:40:41.516+0100: 213117.499: [GC 213117.499: [DefNew: 17923K->495K(19136K), 0.0047100 secs] 92450K->75022K(260032K), 0.0047850 secs] [Times: user=0.00 sys=0.00, real=0.01 secs] 
2012-10-22T05:41:26.465+0100: 213162.448: [GC 213162.448: [DefNew: 17519K->790K(19136K), 0.0063720 secs] 92046K->75317K(260032K), 0.0071650 secs] [Times: user=0.01 sys=0.00, real=0.01 secs] 
2012-10-22T05:42:12.073+0100: 213208.056: [GC 213208.056: [DefNew: 17814K->1173K(19136K), 0.0132200 secs] 92341K->75700K(260032K), 0.0133690 secs] [Times: user=0.01 sys=0.00, real=0.01 secs] 
2012-10-22T05:43:02.179+0100: 213258.162: [GC 213258.162: [DefNew: 18197K->1098K(19136K), 0.0051520 secs] 92724K->75699K(260032K), 0.0052690 secs] [Times: user=0.01 sys=0.00, real=0.00 secs] 
2012-10-22T05:43:51.476+0100: 213307.459: [GC 213307.459: [DefNew: 18122K->401K(19136K), 0.0105440 secs] 92723K->75066K(260032K), 0.0106670 secs] [Times: user=0.00 sys=0.00, real=0.01 secs] 
2012-10-22T05:44:36.468+0100: 213352.452: [GC 213352.452: [DefNew: 17425K->974K(19136K), 0.0079800 secs] 92090K->75639K(260032K), 0.0081130 secs] [Times: user=0.00 sys=0.00, real=0.00 secs] 
2012-10-22T05:45:22.045+0100: 213398.028: [GC 213398.028: [DefNew: 17998K->1128K(19136K), 0.0066620 secs] 92663K->75793K(260032K), 0.0067680 secs] [Times: user=0.00 sys=0.00, real=0.01 secs] 
2012-10-22T05:46:11.509+0100: 213447.492: [GC 213447.492: [DefNew: 18136K->782K(19136K), 0.0066660 secs] 92801K->75509K(260032K), 0.0067750 secs] [Times: user=0.00 sys=0.00, real=0.00 secs] 
2012-10-22T05:47:01.592+0100: 213497.575: [GC 213497.575: [DefNew: 17780K->591K(19136K), 0.0071440 secs] 92506K->75318K(260032K), 0.0072440 secs] [Times: user=0.01 sys=0.00, real=0.01 secs] 
2012-10-22T05:47:47.414+0100: 213543.397: [GC 213543.397: [DefNew: 17615K->1161K(19136K), 0.0075510 secs] 92342K->75888K(260032K), 0.0076670 secs] [Times: user=0.00 sys=0.00, real=0.01 secs] 
2012-10-22T05:48:36.472+0100: 213592.455: [GC 213592.455: [DefNew: 18163K->654K(19136K), 0.0064930 secs] 92890K->75478K(260032K), 0.0065890 secs] [Times: user=0.00 sys=0.00, real=0.01 secs] 
2012-10-22T05:49:21.596+0100: 213637.579: [GC 213637.579: [DefNew: 17678K->908K(19136K), 0.0059310 secs] 92502K->75732K(260032K), 0.0060340 secs] [Times: user=0.00 sys=0.00, real=0.01 secs] 
2012-10-22T05:50:06.556+0100: 213682.539: [GC 213682.539: [DefNew: 17932K->973K(19136K), 0.0059780 secs] 92756K->75797K(260032K), 0.0060900 secs] [Times: user=0.01 sys=0.00, real=0.01 secs] 
2012-10-22T05:50:56.631+0100: 213732.614: [GC 213732.614: [DefNew: 17996K->824K(19136K), 0.0106600 secs] 92819K->75648K(260032K), 0.0107680 secs] [Times: user=0.01 sys=0.00, real=0.01 secs] 
2012-10-22T05:51:46.602+0100: 213782.585: [GC 213782.585: [DefNew: 17839K->685K(19136K), 0.0051920 secs] 92663K->75509K(260032K), 0.0052900 secs] [Times: user=0.01 sys=0.00, real=0.01 secs] 
2012-10-22T05:52:32.437+0100: 213828.420: [GC 213828.420: [DefNew: 17697K->1065K(19136K), 0.0061490 secs] 92521K->75889K(260032K), 0.0062540 secs] [Times: user=0.00 sys=0.00, real=0.01 secs] 
2012-10-22T05:53:21.594+0100: 213877.577: [GC 213877.577: [DefNew: 18089K->883K(19136K), 0.0056050 secs] 92913K->75708K(260032K), 0.0057020 secs] [Times: user=0.01 sys=0.00, real=0.01 secs] 
2012-10-22T05:54:07.155+0100: 213923.138: [GC 213923.138: [DefNew: 17907K->1073K(19136K), 0.0099550 secs] 92732K->75898K(260032K), 0.0100630 secs] [Times: user=0.02 sys=0.00, real=0.01 secs] 
2012-10-22T05:54:54.779+0100: 213970.762: [GC 213970.762: [DefNew: 18097K->860K(19136K), 0.0060720 secs] 92922K->75746K(260032K), 0.0061710 secs] [Times: user=0.01 sys=0.00, real=0.00 secs] 
2012-10-22T05:55:46.577+0100: 214022.560: [GC 214022.560: [DefNew: 17884K->497K(19136K), 0.0048990 secs] 92770K->75384K(260032K), 0.0049980 secs] [Times: user=0.01 sys=0.00, real=0.01 secs] 
2012-10-22T05:56:32.224+0100: 214068.207: [GC 214068.207: [DefNew: 17521K->1021K(19136K), 0.0083400 secs] 92408K->75908K(260032K), 0.0084770 secs] [Times: user=0.00 sys=0.00, real=0.01 secs] 
2012-10-22T05:57:21.569+0100: 214117.552: [GC 214117.552: [DefNew: 18045K->1005K(19136K), 0.0037610 secs] 92932K->75892K(260032K), 0.0038570 secs] [Times: user=0.00 sys=0.00, real=0.00 secs] 
2012-10-22T05:58:11.643+0100: 214167.626: [GC 214167.626: [DefNew: 18007K->856K(19136K), 0.0055420 secs] 92893K->75742K(260032K), 0.0056500 secs] [Times: user=0.00 sys=0.00, real=0.01 secs] 
2012-10-22T05:58:56.807+0100: 214212.790: [GC 214212.790: [DefNew: 17880K->1208K(19136K), 0.0061130 secs] 92766K->76094K(260032K), 0.0062220 secs] [Times: user=0.00 sys=0.00, real=0.01 secs] 
2012-10-22T05:59:46.632+0100: 214262.615: [GC 214262.615: [DefNew: 18206K->652K(19136K), 0.0069060 secs] 93092K->75674K(260032K), 0.0070040 secs] [Times: user=0.01 sys=0.00, real=0.01 secs] 
2012-10-22T06:00:32.302+0100: 214308.285: [GC 214308.285: [DefNew: 17676K->1229K(19136K), 0.0064280 secs] 92698K->76251K(260032K), 0.0065360 secs] [Times: user=0.00 sys=0.00, real=0.01 secs] 
2012-10-22T06:01:22.153+0100: 214358.136: [GC 214358.136: [DefNew: 18253K->885K(19136K), 0.0081650 secs] 93275K->76095K(260032K), 0.0082670 secs] [Times: user=0.00 sys=0.00, real=0.01 secs] 
2012-10-22T06:02:12.356+0100: 214408.339: [GC 214408.339: [DefNew: 17909K->1069K(19136K), 0.0040170 secs] 93119K->76279K(260032K), 0.0040910 secs] [Times: user=0.01 sys=0.00, real=0.01 secs] 
2012-10-22T06:03:02.317+0100: 214458.300: [GC 214458.300: [DefNew: 18087K->938K(19136K), 0.0065270 secs] 93297K->76211K(260032K), 0.0066300 secs] [Times: user=0.01 sys=0.00, real=0.01 secs] 
2012-10-22T06:03:47.335+0100: 214503.318: [GC 214503.318: [DefNew: 17962K->1152K(19136K), 0.0059960 secs] 93235K->76425K(260032K), 0.0060960 secs] [Times: user=0.01 sys=0.00, real=0.01 secs] 
2012-10-22T06:04:36.613+0100: 214552.596: [GC 214552.596: [DefNew: 18176K->903K(19136K), 0.0064550 secs] 93449K->76238K(260032K), 0.0065590 secs] [Times: user=0.00 sys=0.00, real=0.01 secs] 
2012-10-22T06:05:22.213+0100: 214598.196: [GC 214598.196: [DefNew: 17927K->1098K(19136K), 0.0067280 secs] 93262K->76433K(260032K), 0.0068790 secs] [Times: user=0.01 sys=0.00, real=0.01 secs] 
2012-10-22T06:06:11.589+0100: 214647.572: [GC 214647.572: [DefNew: 18122K->910K(19136K), 0.0055480 secs] 93457K->76245K(260032K), 0.0056690 secs] [Times: user=0.00 sys=0.00, real=0.00 secs] 
2012-10-22T06:07:01.652+0100: 214697.635: [GC 214697.635: [DefNew: 17934K->853K(19136K), 0.0039260 secs] 93269K->76189K(260032K), 0.0040060 secs] [Times: user=0.00 sys=0.00, real=0.00 secs] 
2012-10-22T06:07:51.664+0100: 214747.647: [GC 214747.647: [DefNew: 17877K->598K(19136K), 0.0059080 secs] 93212K->75933K(260032K), 0.0060190 secs] [Times: user=0.00 sys=0.00, real=0.01 secs] 
2012-10-22T06:08:37.208+0100: 214793.191: [GC 214793.191: [DefNew: 17622K->1138K(19136K), 0.0064370 secs] 92957K->76474K(260032K), 0.0065420 secs] [Times: user=0.00 sys=0.00, real=0.00 secs] 
2012-10-22T06:09:26.610+0100: 214842.592: [GC 214842.593: [DefNew: 18162K->310K(19136K), 0.0066730 secs] 93498K->75833K(260032K), 0.0067790 secs] [Times: user=0.01 sys=0.00, real=0.00 secs] 
2012-10-22T06:10:11.573+0100: 214887.556: [GC 214887.556: [DefNew: 17334K->562K(19136K), 0.0048910 secs] 92857K->76085K(260032K), 0.0049890 secs] [Times: user=0.01 sys=0.00, real=0.01 secs] 
2012-10-22T06:10:56.739+0100: 214932.722: [GC 214932.722: [DefNew: 17586K->825K(19136K), 0.0065780 secs] 93109K->76348K(260032K), 0.0067380 secs] [Times: user=0.01 sys=0.00, real=0.00 secs] 
2012-10-22T06:11:46.664+0100: 214982.647: [GC 214982.647: [DefNew: 17849K->759K(19136K), 0.0053210 secs] 93372K->76282K(260032K), 0.0054200 secs] [Times: user=0.01 sys=0.00, real=0.01 secs] 
2012-10-22T06:12:36.683+0100: 215032.666: [GC 215032.667: [DefNew: 17783K->728K(19136K), 0.0066110 secs] 93306K->76252K(260032K), 0.0067310 secs] [Times: user=0.02 sys=0.00, real=0.01 secs] 
2012-10-22T06:13:21.667+0100: 215077.650: [GC 215077.650: [DefNew: 17752K->1051K(19136K), 0.0060060 secs] 93276K->76575K(260032K), 0.0061060 secs] [Times: user=0.01 sys=0.00, real=0.01 secs] 
2012-10-22T06:14:07.622+0100: 215123.605: [GC 215123.605: [DefNew: 18075K->1152K(19136K), 0.0065030 secs] 93599K->76689K(260032K), 0.0066060 secs] [Times: user=0.01 sys=0.00, real=0.01 secs] 
2012-10-22T06:14:56.982+0100: 215172.965: [GC 215172.965: [DefNew: 18176K->914K(19136K), 0.0084970 secs] 93713K->76511K(260032K), 0.0086110 secs] [Times: user=0.01 sys=0.00, real=0.01 secs] 
2012-10-22T06:15:42.267+0100: 215218.250: [GC 215218.250: [DefNew: 17938K->1394K(19136K), 0.0065530 secs] 93535K->76992K(260032K), 0.0066840 secs] [Times: user=0.01 sys=0.00, real=0.01 secs] 
2012-10-22T06:16:31.916+0100: 215267.898: [GC 215267.899: [DefNew: 18418K->788K(19136K), 0.0100690 secs] 94016K->76557K(260032K), 0.0101920 secs] [Times: user=0.00 sys=0.01, real=0.01 secs] 
2012-10-22T06:17:21.851+0100: 215317.834: [GC 215317.834: [DefNew: 17812K->847K(19136K), 0.0055720 secs] 93581K->76616K(260032K), 0.0056770 secs] [Times: user=0.00 sys=0.00, real=0.00 secs] 
2012-10-22T06:18:11.734+0100: 215367.717: [GC 215367.717: [DefNew: 17856K->403K(19136K), 0.0046970 secs] 93625K->76172K(260032K), 0.0047920 secs] [Times: user=0.01 sys=0.00, real=0.01 secs] 
2012-10-22T06:18:54.622+0100: 215410.605: [GC 215410.605: [DefNew: 17427K->877K(19136K), 0.0055140 secs] 93196K->76646K(260032K), 0.0056110 secs] [Times: user=0.00 sys=0.00, real=0.01 secs] 
2012-10-22T06:19:41.893+0100: 215457.876: [GC 215457.876: [DefNew: 17901K->964K(19136K), 0.0054910 secs] 93670K->76733K(260032K), 0.0055920 secs] [Times: user=0.01 sys=0.00, real=0.01 secs] 
2012-10-22T06:20:31.819+0100: 215507.802: [GC 215507.802: [DefNew: 17988K->337K(19136K), 0.0046550 secs] 93757K->76106K(260032K), 0.0047530 secs] [Times: user=0.00 sys=0.00, real=0.00 secs] 
2012-10-22T06:21:17.060+0100: 215553.043: [GC 215553.044: [DefNew: 17361K->794K(19136K), 0.0060200 secs] 93130K->76562K(260032K), 0.0061190 secs] [Times: user=0.00 sys=0.01, real=0.00 secs] 
2012-10-22T06:22:06.775+0100: 215602.758: [GC 215602.758: [DefNew: 17818K->587K(19136K), 0.0053120 secs] 93586K->76355K(260032K), 0.0054160 secs] [Times: user=0.01 sys=0.00, real=0.01 secs] 
2012-10-22T06:22:52.787+0100: 215648.770: [GC 215648.770: [DefNew: 17611K->1172K(19136K), 0.0044830 secs] 93379K->76941K(260032K), 0.0045900 secs] [Times: user=0.01 sys=0.00, real=0.01 secs] 
2012-10-22T06:23:42.472+0100: 215698.454: [GC 215698.455: [DefNew: 18196K->969K(19136K), 0.0121410 secs] 93965K->76812K(260032K), 0.0122720 secs] [Times: user=0.00 sys=0.00, real=0.01 secs] 
2012-10-22T06:24:31.764+0100: 215747.747: [GC 215747.747: [DefNew: 17993K->466K(19136K), 0.0048220 secs] 93836K->76309K(260032K), 0.0049170 secs] [Times: user=0.00 sys=0.00, real=0.01 secs] 
2012-10-22T06:25:16.755+0100: 215792.738: [GC 215792.738: [DefNew: 17490K->811K(19136K), 0.0054400 secs] 93333K->76654K(260032K), 0.0055360 secs] [Times: user=0.00 sys=0.00, real=0.01 secs] 
2012-10-22T06:26:06.825+0100: 215842.808: [GC 215842.808: [DefNew: 17833K->686K(19136K), 0.0058450 secs] 93676K->76529K(260032K), 0.0059430 secs] [Times: user=0.00 sys=0.00, real=0.01 secs] 
2012-10-22T06:26:54.379+0100: 215890.362: [GC 215890.362: [DefNew: 17710K->455K(19136K), 0.0046210 secs] 93553K->76298K(260032K), 0.0047180 secs] [Times: user=0.00 sys=0.00, real=0.00 secs] 
2012-10-22T06:27:42.599+0100: 215938.581: [GC 215938.582: [DefNew: 17479K->1126K(19136K), 0.0058010 secs] 93322K->76969K(260032K), 0.0059030 secs] [Times: user=0.00 sys=0.00, real=0.00 secs] 
2012-10-22T06:28:32.463+0100: 215988.446: [GC 215988.446: [DefNew: 18150K->908K(19136K), 0.0103810 secs] 93993K->76814K(260032K), 0.0105160 secs] [Times: user=0.01 sys=0.00, real=0.01 secs] 
2012-10-22T06:29:01.953+0100: 216017.936: [GC 216017.936: [DefNew: 17913K->896K(19136K), 0.0059250 secs] 93819K->76802K(260032K), 0.0060340 secs] [Times: user=0.00 sys=0.00, real=0.01 secs] 
2012-10-22T06:29:47.463+0100: 216063.446: [GC 216063.446: [DefNew: 17892K->1097K(19136K), 0.0060060 secs] 93798K->77002K(260032K), 0.0061110 secs] [Times: user=0.01 sys=0.00, real=0.01 secs] 
2012-10-22T06:30:36.874+0100: 216112.857: [GC 216112.857: [DefNew: 18105K->563K(19136K), 0.0058020 secs] 94011K->76531K(260032K), 0.0059030 secs] [Times: user=0.00 sys=0.00, real=0.01 secs] 
2012-10-22T06:31:26.796+0100: 216162.779: [GC 216162.779: [DefNew: 17557K->343K(19136K), 0.0058200 secs] 93525K->76311K(260032K), 0.0059180 secs] [Times: user=0.00 sys=0.00, real=0.01 secs] 
2012-10-22T06:32:12.103+0100: 216208.086: [GC 216208.086: [DefNew: 17367K->785K(19136K), 0.0063490 secs] 93335K->76817K(260032K), 0.0064520 secs] [Times: user=0.01 sys=0.00, real=0.01 secs] 
2012-10-22T06:32:57.722+0100: 216253.705: [GC 216253.705: [DefNew: 17805K->1032K(19136K), 0.0059660 secs] 93837K->77065K(260032K), 0.0060770 secs] [Times: user=0.00 sys=0.00, real=0.01 secs] 
2012-10-22T06:33:44.772+0100: 216300.755: [GC 216300.755: [DefNew: 18056K->993K(19136K), 0.0054280 secs] 94089K->77026K(260032K), 0.0055260 secs] [Times: user=0.00 sys=0.00, real=0.01 secs] 
2012-10-22T06:34:32.517+0100: 216348.500: [GC 216348.500: [DefNew: 18017K->1104K(19136K), 0.0060890 secs] 94050K->77137K(260032K), 0.0061930 secs] [Times: user=0.01 sys=0.00, real=0.01 secs] 
2012-10-22T06:35:21.738+0100: 216397.721: [GC 216397.721: [DefNew: 18113K->277K(19136K), 0.0054210 secs] 94146K->76371K(260032K), 0.0055410 secs] [Times: user=0.00 sys=0.00, real=0.00 secs] 
2012-10-22T06:36:11.958+0100: 216447.941: [GC 216447.941: [DefNew: 17301K->335K(19136K), 0.0044230 secs] 93395K->76430K(260032K), 0.0045170 secs] [Times: user=0.00 sys=0.00, real=0.00 secs] 
2012-10-22T06:36:54.894+0100: 216490.877: [GC 216490.877: [DefNew: 17354K->716K(19136K), 0.0051660 secs] 93449K->76811K(260032K), 0.0052790 secs] [Times: user=0.01 sys=0.00, real=0.01 secs] 
2012-10-22T06:37:41.909+0100: 216537.892: [GC 216537.892: [DefNew: 17740K->789K(19136K), 0.0052180 secs] 93835K->76884K(260032K), 0.0053130 secs] [Times: user=0.00 sys=0.00, real=0.00 secs] 
2012-10-22T06:38:27.760+0100: 216583.742: [GC 216583.743: [DefNew: 17813K->1101K(19136K), 0.0057920 secs] 93908K->77196K(260032K), 0.0058900 secs] [Times: user=0.00 sys=0.00, real=0.00 secs] 
2012-10-22T06:39:16.907+0100: 216632.889: [GC 216632.890: [DefNew: 18125K->650K(19136K), 0.0060880 secs] 94220K->76807K(260032K), 0.0061890 secs] [Times: user=0.01 sys=0.00, real=0.01 secs] 
2012-10-22T06:40:02.632+0100: 216678.615: [GC 216678.615: [DefNew: 17674K->1097K(19136K), 0.0058350 secs] 93831K->77254K(260032K), 0.0059340 secs] [Times: user=0.00 sys=0.00, real=0.01 secs] 
2012-10-22T06:40:51.973+0100: 216727.956: [GC 216727.956: [DefNew: 18121K->815K(19136K), 0.0055760 secs] 94278K->76973K(260032K), 0.0056750 secs] [Times: user=0.01 sys=0.00, real=0.01 secs] 
2012-10-22T06:41:41.865+0100: 216777.848: [GC 216777.848: [DefNew: 17836K->789K(19136K), 0.0056290 secs] 93993K->76947K(260032K), 0.0057430 secs] [Times: user=0.01 sys=0.00, real=0.01 secs] 
2012-10-22T06:42:26.845+0100: 216822.828: [GC 216822.828: [DefNew: 17813K->919K(19136K), 0.0056920 secs] 93971K->77076K(260032K), 0.0057970 secs] [Times: user=0.01 sys=0.00, real=0.01 secs] 
2012-10-22T06:43:16.854+0100: 216872.837: [GC 216872.837: [DefNew: 17924K->728K(19136K), 0.0067420 secs] 94081K->76885K(260032K), 0.0068610 secs] [Times: user=0.01 sys=0.00, real=0.01 secs] 
2012-10-22T06:44:01.889+0100: 216917.872: [GC 216917.872: [DefNew: 17742K->793K(19136K), 0.0067070 secs] 93899K->76950K(260032K), 0.0068260 secs] [Times: user=0.00 sys=0.00, real=0.00 secs] 
2012-10-22T06:44:51.783+0100: 216967.766: [GC 216967.766: [DefNew: 17817K->749K(19136K), 0.0084530 secs] 93974K->76979K(260032K), 0.0085810 secs] [Times: user=0.00 sys=0.00, real=0.01 secs] 
2012-10-22T06:45:37.603+0100: 217013.586: [GC 217013.586: [DefNew: 17773K->1066K(19136K), 0.0076240 secs] 94003K->77296K(260032K), 0.0077490 secs] [Times: user=0.01 sys=0.00, real=0.01 secs] 
2012-10-22T06:46:26.853+0100: 217062.836: [GC 217062.836: [DefNew: 18063K->653K(19136K), 0.0078800 secs] 94293K->76884K(260032K), 0.0079940 secs] [Times: user=0.01 sys=0.00, real=0.01 secs] 
2012-10-22T06:47:17.115+0100: 217113.098: [GC 217113.098: [DefNew: 17677K->305K(19136K), 0.0044290 secs] 93908K->76537K(260032K), 0.0045210 secs] [Times: user=0.00 sys=0.00, real=0.01 secs] 
2012-10-22T06:48:01.916+0100: 217157.899: [GC 217157.899: [DefNew: 17329K->909K(19136K), 0.0056480 secs] 93561K->77141K(260032K), 0.0057580 secs] [Times: user=0.00 sys=0.01, real=0.01 secs] 
2012-10-22T06:48:47.529+0100: 217203.512: [GC 217203.512: [DefNew: 17933K->1127K(19136K), 0.0067960 secs] 94165K->77359K(260032K), 0.0069100 secs] [Times: user=0.01 sys=0.00, real=0.00 secs] 
2012-10-22T06:49:36.965+0100: 217252.948: [GC 217252.948: [DefNew: 18151K->916K(19136K), 0.0058270 secs] 94383K->77147K(260032K), 0.0059570 secs] [Times: user=0.01 sys=0.00, real=0.01 secs] 
2012-10-22T06:50:22.671+0100: 217298.654: [GC 217298.654: [DefNew: 17940K->1125K(19136K), 0.0084370 secs] 94171K->77357K(260032K), 0.0086720 secs] [Times: user=0.01 sys=0.00, real=0.01 secs] 
2012-10-22T06:51:11.950+0100: 217347.933: [GC 217347.933: [DefNew: 18149K->500K(19136K), 0.0051620 secs] 94381K->76794K(260032K), 0.0052580 secs] [Times: user=0.00 sys=0.00, real=0.00 secs] 
2012-10-22T06:52:01.949+0100: 217397.932: [GC 217397.932: [DefNew: 17508K->494K(19136K), 0.0062310 secs] 93803K->76788K(260032K), 0.0063250 secs] [Times: user=0.01 sys=0.00, real=0.00 secs] 
2012-10-22T06:52:47.005+0100: 217442.988: [GC 217442.988: [DefNew: 17518K->1090K(19136K), 0.0057500 secs] 93812K->77384K(260032K), 0.0058520 secs] [Times: user=0.00 sys=0.00, real=0.01 secs] 
2012-10-22T06:53:37.164+0100: 217493.146: [GC 217493.147: [DefNew: 18088K->656K(19136K), 0.0063450 secs] 94382K->77074K(260032K), 0.0095520 secs] [Times: user=0.01 sys=0.00, real=0.01 secs] 
2012-10-22T06:54:22.019+0100: 217538.002: [GC 217538.002: [DefNew: 17680K->911K(19136K), 0.0055890 secs] 94098K->77329K(260032K), 0.0056900 secs] [Times: user=0.00 sys=0.00, real=0.00 secs] 
2012-10-22T06:55:07.702+0100: 217583.685: [GC 217583.685: [DefNew: 17935K->1099K(19136K), 0.0059740 secs] 94353K->77518K(260032K), 0.0060900 secs] [Times: user=0.00 sys=0.00, real=0.01 secs] 
2012-10-22T06:55:57.032+0100: 217633.015: [GC 217633.015: [DefNew: 18123K->527K(19136K), 0.0055840 secs] 94542K->76946K(260032K), 0.0056810 secs] [Times: user=0.00 sys=0.01, real=0.01 secs] 
2012-10-22T06:56:47.111+0100: 217683.094: [GC 217683.094: [DefNew: 17549K->572K(19136K), 0.0047730 secs] 93968K->76990K(260032K), 0.0048690 secs] [Times: user=0.00 sys=0.00, real=0.00 secs] 
2012-10-22T06:57:37.009+0100: 217732.992: [GC 217732.992: [DefNew: 17587K->559K(19136K), 0.0049410 secs] 94005K->76978K(260032K), 0.0050380 secs] [Times: user=0.01 sys=0.00, real=0.00 secs] 
2012-10-22T06:58:22.185+0100: 217778.168: [GC 217778.168: [DefNew: 17580K->492K(19136K), 0.0047820 secs] 93999K->76911K(260032K), 0.0048760 secs] [Times: user=0.01 sys=0.00, real=0.01 secs] 
2012-10-22T06:59:07.390+0100: 217823.373: [GC 217823.373: [DefNew: 17499K->381K(19136K), 0.0044650 secs] 93917K->76800K(260032K), 0.0045560 secs] [Times: user=0.00 sys=0.00, real=0.00 secs] 
2012-10-22T06:59:52.622+0100: 217868.605: [GC 217868.605: [DefNew: 17405K->1136K(19136K), 0.0101470 secs] 93824K->77555K(260032K), 0.0102590 secs] [Times: user=0.01 sys=0.00, real=0.01 secs] 
2012-10-22T07:00:37.675+0100: 217913.658: [GC 217913.658: [DefNew: 18160K->936K(19136K), 0.0068620 secs] 94579K->77555K(260032K), 0.0069660 secs] [Times: user=0.01 sys=0.00, real=0.01 secs] 
2012-10-22T07:01:27.229+0100: 217963.212: [GC 217963.212: [DefNew: 17958K->463K(19136K), 0.0054030 secs] 94577K->77083K(260032K), 0.0055000 secs] [Times: user=0.01 sys=0.00, real=0.00 secs] 
2012-10-22T07:02:17.199+0100: 218013.182: [GC 218013.182: [DefNew: 17461K->432K(19136K), 0.0046810 secs] 94080K->77051K(260032K), 0.0047730 secs] [Times: user=0.01 sys=0.00, real=0.00 secs] 
2012-10-22T07:03:02.360+0100: 218058.343: [GC 218058.343: [DefNew: 17424K->560K(19136K), 0.0047790 secs] 94043K->77179K(260032K), 0.0048700 secs] [Times: user=0.00 sys=0.00, real=0.00 secs] 
2012-10-22T07:03:47.806+0100: 218103.789: [GC 218103.789: [DefNew: 17584K->1158K(19136K), 0.0063820 secs] 94203K->77777K(260032K), 0.0064880 secs] [Times: user=0.01 sys=0.00, real=0.01 secs] 
2012-10-22T07:04:37.482+0100: 218153.465: [GC 218153.465: [DefNew: 18182K->784K(19136K), 0.0072810 secs] 94801K->77592K(260032K), 0.0075120 secs] [Times: user=0.00 sys=0.01, real=0.01 secs] 
2012-10-22T07:05:22.093+0100: 218198.076: [GC 218198.076: [DefNew: 17808K->851K(19136K), 0.0054910 secs] 94616K->77659K(260032K), 0.0055900 secs] [Times: user=0.00 sys=0.00, real=0.01 secs] 
2012-10-22T07:06:07.857+0100: 218243.840: [GC 218243.840: [DefNew: 17875K->972K(19136K), 0.0064730 secs] 94683K->77780K(260032K), 0.0065880 secs] [Times: user=0.01 sys=0.00, real=0.00 secs] 
2012-10-22T07:06:57.032+0100: 218293.015: [GC 218293.015: [DefNew: 17983K->934K(19136K), 0.0054070 secs] 94791K->77742K(260032K), 0.0055080 secs] [Times: user=0.00 sys=0.01, real=0.00 secs] 
2012-10-22T07:07:47.122+0100: 218343.105: [GC 218343.105: [DefNew: 17947K->1033K(19136K), 0.0057830 secs] 94755K->77841K(260032K), 0.0058860 secs] [Times: user=0.00 sys=0.00, real=0.01 secs] 
2012-10-22T07:08:37.410+0100: 218393.393: [GC 218393.393: [DefNew: 18032K->561K(19136K), 0.0047880 secs] 94840K->77369K(260032K), 0.0048810 secs] [Times: user=0.00 sys=0.00, real=0.00 secs] 
2012-10-22T07:09:22.841+0100: 218438.824: [GC 218438.824: [DefNew: 17585K->1064K(19136K), 0.0057350 secs] 94393K->77872K(260032K), 0.0058340 secs] [Times: user=0.00 sys=0.00, real=0.00 secs] 
2012-10-22T07:10:07.903+0100: 218483.886: [GC 218483.886: [DefNew: 18088K->1031K(19136K), 0.0064160 secs] 94896K->77904K(260032K), 0.0065480 secs] [Times: user=0.01 sys=0.00, real=0.01 secs] 
2012-10-22T07:10:57.304+0100: 218533.287: [GC 218533.288: [DefNew: 18055K->700K(19136K), 0.0055270 secs] 94928K->77572K(260032K), 0.0056360 secs] [Times: user=0.01 sys=0.00, real=0.01 secs] 
2012-10-22T07:11:47.318+0100: 218583.301: [GC 218583.301: [DefNew: 17724K->375K(19136K), 0.0048490 secs] 94596K->77248K(260032K), 0.0049460 secs] [Times: user=0.00 sys=0.00, real=0.00 secs] 
2012-10-22T07:12:33.033+0100: 218629.015: [GC 218629.016: [DefNew: 17399K->1171K(19136K), 0.0063250 secs] 94272K->78044K(260032K), 0.0064250 secs] [Times: user=0.00 sys=0.01, real=0.01 secs] 
2012-10-22T07:13:22.119+0100: 218678.102: [GC 218678.102: [DefNew: 18165K->845K(19136K), 0.0146650 secs] 95037K->77854K(260032K), 0.0148570 secs] [Times: user=0.00 sys=0.00, real=0.01 secs] 
2012-10-22T07:14:07.744+0100: 218723.727: [GC 218723.727: [DefNew: 17869K->978K(19136K), 0.0056940 secs] 94878K->77988K(260032K), 0.0057940 secs] [Times: user=0.01 sys=0.00, real=0.01 secs] 
2012-10-22T07:14:57.712+0100: 218773.695: [GC 218773.695: [DefNew: 17979K->400K(19136K), 0.0046280 secs] 94988K->77409K(260032K), 0.0047210 secs] [Times: user=0.00 sys=0.00, real=0.00 secs] 
2012-10-22T07:15:42.127+0100: 218818.110: [GC 218818.110: [DefNew: 17424K->1018K(19136K), 0.0067800 secs] 94433K->78027K(260032K), 0.0068820 secs] [Times: user=0.00 sys=0.00, real=0.01 secs] 
2012-10-22T07:16:27.765+0100: 218863.748: [GC 218863.748: [DefNew: 18041K->1270K(19136K), 0.0102360 secs] 95050K->78279K(260032K), 0.0103600 secs] [Times: user=0.01 sys=0.00, real=0.01 secs] 
2012-10-22T07:17:17.165+0100: 218913.148: [GC 218913.148: [DefNew: 18268K->621K(19136K), 0.0064130 secs] 95277K->77734K(260032K), 0.0065380 secs] [Times: user=0.01 sys=0.00, real=0.01 secs] 
2012-10-22T07:18:03.022+0100: 218959.005: [GC 218959.005: [DefNew: 17645K->1058K(19136K), 0.0056920 secs] 94758K->78171K(260032K), 0.0057930 secs] [Times: user=0.01 sys=0.00, real=0.01 secs] 
2012-10-22T07:18:52.997+0100: 219008.980: [GC 219008.980: [DefNew: 18082K->905K(19136K), 0.0065830 secs] 95195K->78081K(260032K), 0.0067030 secs] [Times: user=0.00 sys=0.01, real=0.01 secs] 
2012-10-22T07:19:42.112+0100: 219058.095: [GC 219058.095: [DefNew: 17907K->720K(19136K), 0.0051130 secs] 95083K->77895K(260032K), 0.0052130 secs] [Times: user=0.00 sys=0.00, real=0.00 secs] 
2012-10-22T07:20:32.200+0100: 219108.183: [GC 219108.183: [DefNew: 17744K->369K(19136K), 0.0048400 secs] 94919K->77544K(260032K), 0.0049430 secs] [Times: user=0.01 sys=0.00, real=0.00 secs] 
2012-10-22T07:21:17.867+0100: 219153.850: [GC 219153.850: [DefNew: 17393K->1132K(19136K), 0.0060190 secs] 94568K->78308K(260032K), 0.0061330 secs] [Times: user=0.00 sys=0.00, real=0.01 secs] 
2012-10-22T07:22:07.113+0100: 219203.096: [GC 219203.096: [DefNew: 18156K->347K(19136K), 0.0057140 secs] 95332K->77587K(260032K), 0.0058130 secs] [Times: user=0.00 sys=0.00, real=0.01 secs] 
2012-10-22T07:22:57.215+0100: 219253.198: [GC 219253.198: [DefNew: 17370K->542K(19136K), 0.0047910 secs] 94610K->77782K(260032K), 0.0048850 secs] [Times: user=0.01 sys=0.00, real=0.01 secs] 
2012-10-22T07:23:43.221+0100: 219299.204: [GC 219299.204: [DefNew: 17566K->1258K(19136K), 0.0063930 secs] 94806K->78498K(260032K), 0.0065330 secs] [Times: user=0.01 sys=0.00, real=0.01 secs] 
2012-10-22T07:24:32.131+0100: 219348.114: [GC 219348.114: [DefNew: 18282K->467K(19136K), 0.0070280 secs] 95522K->77969K(260032K), 0.0071320 secs] [Times: user=0.01 sys=0.00, real=0.01 secs] 
2012-10-22T07:25:20.100+0100: 219396.083: [GC 219396.083: [DefNew: 17491K->1091K(19136K), 0.0058360 secs] 94993K->78593K(260032K), 0.0059400 secs] [Times: user=0.00 sys=0.00, real=0.00 secs] 
2012-10-22T07:26:07.231+0100: 219443.214: [GC 219443.214: [DefNew: 18115K->730K(19136K), 0.0057830 secs] 95617K->78356K(260032K), 0.0058820 secs] [Times: user=0.01 sys=0.00, real=0.00 secs] 
2012-10-22T07:26:57.199+0100: 219493.182: [GC 219493.182: [DefNew: 17754K->787K(19136K), 0.0052540 secs] 95380K->78413K(260032K), 0.0053520 secs] [Times: user=0.00 sys=0.00, real=0.00 secs] 
2012-10-22T07:27:43.085+0100: 219539.067: [GC 219539.068: [DefNew: 17792K->1223K(19136K), 0.0065850 secs] 95418K->78850K(260032K), 0.0066920 secs] [Times: user=0.01 sys=0.00, real=0.01 secs] 
2012-10-22T07:28:32.240+0100: 219588.223: [GC 219588.223: [DefNew: 18247K->913K(19136K), 0.0061010 secs] 95874K->78634K(260032K), 0.0062030 secs] [Times: user=0.00 sys=0.00, real=0.00 secs] 
2012-10-22T07:29:02.269+0100: 219618.252: [GC 219618.252: [DefNew: 17905K->615K(19136K), 0.0050270 secs] 95626K->78336K(260032K), 0.0051290 secs] [Times: user=0.00 sys=0.00, real=0.00 secs] 
2012-10-22T07:29:47.939+0100: 219663.922: [GC 219663.922: [DefNew: 17639K->1514K(19136K), 0.0072050 secs] 95360K->79235K(260032K), 0.0073200 secs] [Times: user=0.01 sys=0.00, real=0.00 secs] 
2012-10-22T07:30:37.979+0100: 219713.962: [GC 219713.962: [DefNew: 18538K->1042K(19136K), 0.0068750 secs] 96259K->78863K(260032K), 0.0069900 secs] [Times: user=0.00 sys=0.00, real=0.00 secs] 
2012-10-22T07:31:27.836+0100: 219763.819: [GC 219763.819: [DefNew: 18066K->1025K(19136K), 0.0089640 secs] 95887K->78845K(260032K), 0.0091590 secs] [Times: user=0.00 sys=0.00, real=0.01 secs] 
2012-10-22T07:32:17.308+0100: 219813.290: [GC 219813.291: [DefNew: 18029K->876K(19136K), 0.0059020 secs] 95850K->78697K(260032K), 0.0060050 secs] [Times: user=0.00 sys=0.00, real=0.00 secs] 
2012-10-22T07:33:07.255+0100: 219863.238: [GC 219863.238: [DefNew: 17900K->967K(19136K), 0.0074860 secs] 95721K->78788K(260032K), 0.0075960 secs] [Times: user=0.01 sys=0.00, real=0.01 secs] 
2012-10-22T07:33:54.720+0100: 219910.703: [GC 219910.703: [DefNew: 17991K->563K(19136K), 0.0063780 secs] 95812K->78475K(260032K), 0.0071680 secs] [Times: user=0.00 sys=0.00, real=0.01 secs] 
2012-10-22T07:34:42.229+0100: 219958.212: [GC 219958.212: [DefNew: 17587K->753K(19136K), 0.0104720 secs] 95499K->78666K(260032K), 0.0106090 secs] [Times: user=0.01 sys=0.00, real=0.01 secs] 
2012-10-22T07:35:28.041+0100: 220004.024: [GC 220004.024: [DefNew: 17777K->1106K(19136K), 0.0062210 secs] 95690K->79018K(260032K), 0.0063620 secs] [Times: user=0.01 sys=0.00, real=0.01 secs] 
2012-10-22T07:36:17.245+0100: 220053.228: [GC 220053.228: [DefNew: 18126K->976K(19136K), 0.0075720 secs] 96038K->78951K(260032K), 0.0076950 secs] [Times: user=0.02 sys=0.00, real=0.01 secs] 
2012-10-22T07:37:02.992+0100: 220098.974: [GC 220098.975: [DefNew: 18000K->1035K(19136K), 0.0102770 secs] 95975K->79010K(260032K), 0.0103940 secs] [Times: user=0.00 sys=0.01, real=0.01 secs] 
2012-10-22T07:37:53.188+0100: 220149.170: [GC 220149.171: [DefNew: 18059K->1097K(19136K), 0.0061580 secs] 96034K->79072K(260032K), 0.0062820 secs] [Times: user=0.00 sys=0.01, real=0.00 secs] 
2012-10-22T07:38:43.106+0100: 220199.089: [GC 220199.089: [DefNew: 18109K->1001K(19136K), 0.0058780 secs] 96084K->78976K(260032K), 0.0059790 secs] [Times: user=0.01 sys=0.00, real=0.01 secs] 
2012-10-22T07:39:32.676+0100: 220248.659: [GC 220248.659: [DefNew: 18025K->810K(19136K), 0.0053830 secs] 96000K->78786K(260032K), 0.0055540 secs] [Times: user=0.01 sys=0.00, real=0.01 secs] 
2012-10-22T07:40:18.310+0100: 220294.293: [GC 220294.293: [DefNew: 17834K->1261K(19136K), 0.0063550 secs] 95810K->79237K(260032K), 0.0064570 secs] [Times: user=0.00 sys=0.00, real=0.00 secs] 
2012-10-22T07:41:07.289+0100: 220343.272: [GC 220343.273: [DefNew: 18279K->439K(19136K), 0.0080230 secs] 96254K->78726K(260032K), 0.0081270 secs] [Times: user=0.01 sys=0.00, real=0.01 secs] 
2012-10-22T07:41:57.427+0100: 220393.410: [GC 220393.410: [DefNew: 17462K->633K(19136K), 0.0051330 secs] 95749K->78920K(260032K), 0.0052440 secs] [Times: user=0.00 sys=0.00, real=0.00 secs] 
2012-10-22T07:42:46.240+0100: 220442.223: [GC 220442.223: [DefNew: 17657K->699K(19136K), 0.0051450 secs] 95944K->78986K(260032K), 0.0052400 secs] [Times: user=0.01 sys=0.00, real=0.00 secs] 
2012-10-22T07:43:32.557+0100: 220488.540: [GC 220488.540: [DefNew: 17721K->818K(19136K), 0.0055670 secs] 96009K->79105K(260032K), 0.0056720 secs] [Times: user=0.00 sys=0.00, real=0.01 secs] 
2012-10-22T07:44:22.419+0100: 220538.402: [GC 220538.403: [DefNew: 17839K->475K(19136K), 0.0048240 secs] 96126K->78762K(260032K), 0.0049190 secs] [Times: user=0.00 sys=0.00, real=0.00 secs] 
2012-10-22T07:45:07.341+0100: 220583.324: [GC 220583.324: [DefNew: 17499K->305K(19136K), 0.0068940 secs] 95786K->78667K(260032K), 0.0069940 secs] [Times: user=0.01 sys=0.00, real=0.01 secs] 
2012-10-22T07:45:53.043+0100: 220629.026: [GC 220629.026: [DefNew: 17329K->1185K(19136K), 0.0083980 secs] 95691K->79546K(260032K), 0.0085210 secs] [Times: user=0.01 sys=0.00, real=0.01 secs] 
2012-10-22T07:46:42.370+0100: 220678.353: [GC 220678.353: [DefNew: 18209K->656K(19136K), 0.0069200 secs] 96570K->79143K(260032K), 0.0070350 secs] [Times: user=0.01 sys=0.00, real=0.00 secs] 
2012-10-22T07:47:32.347+0100: 220728.330: [GC 220728.330: [DefNew: 17680K->697K(19136K), 0.0051630 secs] 96167K->79185K(260032K), 0.0052580 secs] [Times: user=0.01 sys=0.00, real=0.01 secs] 
2012-10-22T07:48:17.731+0100: 220773.714: [GC 220773.714: [DefNew: 17697K->748K(19136K), 0.0050480 secs] 96185K->79236K(260032K), 0.0051410 secs] [Times: user=0.00 sys=0.00, real=0.00 secs] 
2012-10-22T07:49:03.622+0100: 220819.604: [GC 220819.605: [DefNew: 17772K->1124K(19136K), 0.0058640 secs] 96260K->79611K(260032K), 0.0059680 secs] [Times: user=0.01 sys=0.00, real=0.01 secs] 
2012-10-22T07:49:53.072+0100: 220869.055: [GC 220869.055: [DefNew: 18148K->1008K(19136K), 0.0063180 secs] 96635K->79558K(260032K), 0.0064250 secs] [Times: user=0.00 sys=0.00, real=0.01 secs] 
2012-10-22T07:50:38.437+0100: 220914.420: [GC 220914.420: [DefNew: 18032K->1059K(19136K), 0.0057680 secs] 96582K->79609K(260032K), 0.0058670 secs] [Times: user=0.00 sys=0.00, real=0.00 secs] 
2012-10-22T07:51:28.179+0100: 220964.162: [GC 220964.163: [DefNew: 18071K->941K(19136K), 0.0055520 secs] 96621K->79491K(260032K), 0.0056520 secs] [Times: user=0.00 sys=0.00, real=0.00 secs] 
2012-10-22T07:52:18.121+0100: 221014.104: [GC 221014.104: [DefNew: 17965K->965K(19136K), 0.0057940 secs] 96515K->79515K(260032K), 0.0059000 secs] [Times: user=0.00 sys=0.00, real=0.00 secs] 
2012-10-22T07:53:03.171+0100: 221059.154: [GC 221059.154: [DefNew: 17989K->1065K(19136K), 0.0058030 secs] 96539K->79615K(260032K), 0.0059060 secs] [Times: user=0.00 sys=0.00, real=0.00 secs] 
2012-10-22T07:53:52.407+0100: 221108.390: [GC 221108.390: [DefNew: 18089K->909K(19136K), 0.0058510 secs] 96639K->79459K(260032K), 0.0059670 secs] [Times: user=0.00 sys=0.00, real=0.00 secs] 
2012-10-22T07:54:42.406+0100: 221158.389: [GC 221158.389: [DefNew: 17933K->807K(19136K), 0.0092560 secs] 96483K->79357K(260032K), 0.0093740 secs] [Times: user=0.01 sys=0.00, real=0.01 secs] 
2012-10-22T07:55:27.508+0100: 221203.491: [GC 221203.491: [DefNew: 17831K->490K(19136K), 0.0051130 secs] 96381K->79040K(260032K), 0.0052260 secs] [Times: user=0.00 sys=0.00, real=0.00 secs] 
2012-10-22T07:56:13.065+0100: 221249.048: [GC 221249.048: [DefNew: 17514K->1062K(19136K), 0.0057590 secs] 96064K->79612K(260032K), 0.0058680 secs] [Times: user=0.01 sys=0.00, real=0.01 secs] 
2012-10-22T07:57:02.651+0100: 221298.634: [GC 221298.634: [DefNew: 18076K->998K(19136K), 0.0060600 secs] 96626K->79611K(260032K), 0.0061630 secs] [Times: user=0.00 sys=0.00, real=0.00 secs] 
2012-10-22T07:57:52.400+0100: 221348.383: [GC 221348.383: [DefNew: 18022K->877K(19136K), 0.0054600 secs] 96635K->79489K(260032K), 0.0055570 secs] [Times: user=0.00 sys=0.00, real=0.00 secs] 
2012-10-22T07:58:42.392+0100: 221398.375: [GC 221398.375: [DefNew: 17875K->759K(19136K), 0.0034700 secs] 96487K->79371K(260032K), 0.0037960 secs] [Times: user=0.00 sys=0.00, real=0.00 secs] 
2012-10-22T07:59:28.193+0100: 221444.176: [GC 221444.176: [DefNew: 17783K->1138K(19136K), 0.0110520 secs] 96395K->79751K(260032K), 0.0111770 secs] [Times: user=0.00 sys=0.00, real=0.01 secs] 
2012-10-22T08:00:17.385+0100: 221493.368: [GC 221493.368: [DefNew: 18162K->781K(19136K), 0.0107450 secs] 96775K->79467K(260032K), 0.0108770 secs] [Times: user=0.01 sys=0.00, real=0.01 secs] 
2012-10-22T08:01:03.196+0100: 221539.179: [GC 221539.179: [DefNew: 17805K->1258K(19136K), 0.0064930 secs] 96491K->79944K(260032K), 0.0065970 secs] [Times: user=0.01 sys=0.00, real=0.01 secs] 
2012-10-22T08:01:53.178+0100: 221589.160: [GC 221589.160: [DefNew: 18282K->1006K(19136K), 0.0045650 secs] 96968K->79757K(260032K), 0.0046550 secs] [Times: user=0.00 sys=0.00, real=0.00 secs] 
2012-10-22T08:02:42.459+0100: 221638.441: [GC 221638.442: [DefNew: 18013K->655K(19136K), 0.0055770 secs] 96764K->79405K(260032K), 0.0056790 secs] [Times: user=0.00 sys=0.00, real=0.00 secs] 
2012-10-22T08:03:32.587+0100: 221688.570: [GC 221688.570: [DefNew: 17663K->433K(19136K), 0.0055180 secs] 96413K->79183K(260032K), 0.0057510 secs] [Times: user=0.01 sys=0.00, real=0.01 secs] 
2012-10-22T08:04:17.584+0100: 221733.567: [GC 221733.567: [DefNew: 17457K->902K(19136K), 0.0055140 secs] 96207K->79652K(260032K), 0.0056170 secs] [Times: user=0.00 sys=0.00, real=0.01 secs] 
2012-10-22T08:05:03.121+0100: 221779.104: [GC 221779.104: [DefNew: 17926K->1377K(19136K), 0.0065180 secs] 96676K->80127K(260032K), 0.0067590 secs] [Times: user=0.01 sys=0.00, real=0.01 secs] 
2012-10-22T08:05:52.532+0100: 221828.515: [GC 221828.515: [DefNew: 18401K->1040K(19136K), 0.0061450 secs] 97151K->79823K(260032K), 0.0062400 secs] [Times: user=0.01 sys=0.00, real=0.01 secs] 
2012-10-22T08:06:42.488+0100: 221878.471: [GC 221878.471: [DefNew: 18064K->796K(19136K), 0.0040930 secs] 96847K->79579K(260032K), 0.0041800 secs] [Times: user=0.00 sys=0.00, real=0.00 secs] 
2012-10-22T08:07:32.485+0100: 221928.468: [GC 221928.468: [DefNew: 17820K->689K(19136K), 0.0063580 secs] 96603K->79472K(260032K), 0.0064680 secs] [Times: user=0.00 sys=0.00, real=0.01 secs] 
2012-10-22T08:08:17.504+0100: 221973.487: [GC 221973.487: [DefNew: 17713K->821K(19136K), 0.0054200 secs] 96496K->79603K(260032K), 0.0055310 secs] [Times: user=0.01 sys=0.00, real=0.01 secs] 
2012-10-22T08:09:07.603+0100: 222023.586: [GC 222023.586: [DefNew: 17845K->419K(19136K), 0.0046400 secs] 96627K->79201K(260032K), 0.0047350 secs] [Times: user=0.00 sys=0.00, real=0.01 secs] 
2012-10-22T08:09:53.184+0100: 222069.167: [GC 222069.167: [DefNew: 17443K->1140K(19136K), 0.0061960 secs] 96225K->79923K(260032K), 0.0063110 secs] [Times: user=0.01 sys=0.00, real=0.01 secs] 
2012-10-22T08:10:38.257+0100: 222114.240: [GC 222114.240: [DefNew: 18164K->938K(19136K), 0.0075480 secs] 96947K->79909K(260032K), 0.0076550 secs] [Times: user=0.01 sys=0.00, real=0.01 secs] 
2012-10-22T08:11:27.522+0100: 222163.505: [GC 222163.505: [DefNew: 17962K->826K(19136K), 0.0058370 secs] 96933K->79796K(260032K), 0.0059410 secs] [Times: user=0.01 sys=0.00, real=0.01 secs] 
2012-10-22T08:12:17.797+0100: 222213.780: [GC 222213.780: [DefNew: 17850K->959K(19136K), 0.0057250 secs] 96820K->79930K(260032K), 0.0058230 secs] [Times: user=0.00 sys=0.00, real=0.01 secs] 
2012-10-22T08:13:03.228+0100: 222259.211: [GC 222259.211: [DefNew: 17983K->1510K(19136K), 0.0067660 secs] 96954K->80481K(260032K), 0.0068750 secs] [Times: user=0.01 sys=0.00, real=0.00 secs] 
2012-10-22T08:13:52.716+0100: 222308.699: [GC 222308.699: [DefNew: 18534K->724K(19136K), 0.0118730 secs] 97505K->79958K(260032K), 0.0120110 secs] [Times: user=0.01 sys=0.00, real=0.02 secs] 
2012-10-22T08:14:42.570+0100: 222358.553: [GC 222358.553: [DefNew: 17748K->403K(19136K), 0.0044880 secs] 96982K->79637K(260032K), 0.0045970 secs] [Times: user=0.00 sys=0.00, real=0.00 secs] 
2012-10-22T08:15:27.760+0100: 222403.743: [GC 222403.743: [DefNew: 17400K->1008K(19136K), 0.0056910 secs] 96634K->80242K(260032K), 0.0057880 secs] [Times: user=0.00 sys=0.00, real=0.00 secs] 
2012-10-22T08:16:17.756+0100: 222453.739: [GC 222453.739: [DefNew: 18004K->790K(19136K), 0.0071370 secs] 97238K->80024K(260032K), 0.0077620 secs] [Times: user=0.01 sys=0.00, real=0.01 secs] 
2012-10-22T08:17:07.724+0100: 222503.707: [GC 222503.707: [DefNew: 17814K->700K(19136K), 0.0053870 secs] 97048K->79934K(260032K), 0.0054860 secs] [Times: user=0.01 sys=0.00, real=0.01 secs] 
2012-10-22T08:17:53.229+0100: 222549.212: [GC 222549.212: [DefNew: 17724K->1139K(19136K), 0.0059860 secs] 96958K->80373K(260032K), 0.0060840 secs] [Times: user=0.00 sys=0.00, real=0.00 secs] 
2012-10-22T08:18:43.324+0100: 222599.307: [GC 222599.307: [DefNew: 18163K->1097K(19136K), 0.0074410 secs] 97397K->80406K(260032K), 0.0075600 secs] [Times: user=0.01 sys=0.00, real=0.01 secs] 
2012-10-22T08:19:32.508+0100: 222648.491: [GC 222648.491: [DefNew: 18121K->695K(19136K), 0.0062180 secs] 97430K->80128K(260032K), 0.0063140 secs] [Times: user=0.01 sys=0.00, real=0.00 secs] 
2012-10-22T08:20:18.222+0100: 222694.205: [GC 222694.205: [DefNew: 17719K->1064K(19136K), 0.0061890 secs] 97152K->80497K(260032K), 0.0062930 secs] [Times: user=0.01 sys=0.00, real=0.01 secs] 
2012-10-22T08:21:07.628+0100: 222743.611: [GC 222743.611: [DefNew: 18088K->886K(19136K), 0.0057290 secs] 97521K->80318K(260032K), 0.0058290 secs] [Times: user=0.00 sys=0.00, real=0.00 secs] 
2012-10-22T08:21:57.717+0100: 222793.700: [GC 222793.700: [DefNew: 17910K->893K(19136K), 0.0056440 secs] 97342K->80325K(260032K), 0.0057420 secs] [Times: user=0.01 sys=0.00, real=0.01 secs] 
2012-10-22T08:22:46.186+0100: 222842.169: [GC 222842.169: [DefNew: 17917K->956K(19136K), 0.0037480 secs] 97349K->80389K(260032K), 0.0038300 secs] [Times: user=0.00 sys=0.00, real=0.01 secs] 
2012-10-22T08:23:32.612+0100: 222888.595: [GC 222888.595: [DefNew: 17961K->976K(19136K), 0.0056900 secs] 97393K->80409K(260032K), 0.0057920 secs] [Times: user=0.01 sys=0.00, real=0.01 secs] 
2012-10-22T08:24:22.985+0100: 222938.968: [GC 222938.968: [DefNew: 18000K->893K(19136K), 0.0054870 secs] 97433K->80325K(260032K), 0.0055880 secs] [Times: user=0.00 sys=0.00, real=0.01 secs] 
2012-10-22T08:25:07.599+0100: 222983.582: [GC 222983.582: [DefNew: 17917K->786K(19136K), 0.0103510 secs] 97349K->80293K(260032K), 0.0104530 secs] [Times: user=0.01 sys=0.00, real=0.01 secs] 
2012-10-22T08:25:56.563+0100: 223032.546: [GC 223032.546: [DefNew: 17810K->393K(19136K), 0.0044320 secs] 97317K->79900K(260032K), 0.0045280 secs] [Times: user=0.01 sys=0.00, real=0.01 secs] 
2012-10-22T08:26:43.634+0100: 223079.617: [GC 223079.617: [DefNew: 17417K->1102K(19136K), 0.0061180 secs] 96924K->80608K(260032K), 0.0062260 secs] [Times: user=0.01 sys=0.00, real=0.01 secs] 
2012-10-22T08:27:33.380+0100: 223129.363: [GC 223129.364: [DefNew: 18112K->938K(19136K), 0.0061760 secs] 97618K->80506K(260032K), 0.0062820 secs] [Times: user=0.00 sys=0.01, real=0.00 secs] 
2012-10-22T08:28:22.645+0100: 223178.628: [GC 223178.628: [DefNew: 17962K->689K(19136K), 0.0052510 secs] 97530K->80258K(260032K), 0.0053510 secs] [Times: user=0.00 sys=0.00, real=0.01 secs] 
2012-10-22T08:28:58.255+0100: 223214.238: [GC 223214.238: [DefNew: 17713K->1744K(19136K), 0.0075190 secs] 97282K->81312K(260032K), 0.0076700 secs] [Times: user=0.00 sys=0.00, real=0.01 secs] 
2012-10-22T08:29:42.599+0100: 223258.582: [GC 223258.582: [DefNew: 18768K->816K(19136K), 0.0065300 secs] 98336K->80495K(260032K), 0.0066540 secs] [Times: user=0.01 sys=0.00, real=0.00 secs] 
2012-10-22T08:30:28.360+0100: 223304.343: [GC 223304.343: [DefNew: 17831K->1033K(19136K), 0.0080320 secs] 97510K->80711K(260032K), 0.0081500 secs] [Times: user=0.01 sys=0.00, real=0.01 secs] 
2012-10-22T08:31:18.405+0100: 223354.388: [GC 223354.388: [DefNew: 18048K->1064K(19136K), 0.0057640 secs] 97727K->80742K(260032K), 0.0058600 secs] [Times: user=0.00 sys=0.00, real=0.01 secs] 
2012-10-22T08:32:08.351+0100: 223404.334: [GC 223404.334: [DefNew: 18088K->973K(19136K), 0.0066870 secs] 97766K->80776K(260032K), 0.0067960 secs] [Times: user=0.00 sys=0.00, real=0.01 secs] 
2012-10-22T08:32:58.250+0100: 223454.233: [GC 223454.233: [DefNew: 17970K->1002K(19136K), 0.0100800 secs] 97773K->80806K(260032K), 0.0102100 secs] [Times: user=0.01 sys=0.00, real=0.01 secs] 
2012-10-22T08:33:47.645+0100: 223503.628: [GC 223503.628: [DefNew: 18022K->749K(19136K), 0.0053190 secs] 97825K->80552K(260032K), 0.0054200 secs] [Times: user=0.00 sys=0.00, real=0.01 secs] 
2012-10-22T08:34:37.643+0100: 223553.626: [GC 223553.626: [DefNew: 17773K->780K(19136K), 0.0053590 secs] 97576K->80583K(260032K), 0.0054680 secs] [Times: user=0.01 sys=0.00, real=0.01 secs] 
2012-10-22T08:35:22.596+0100: 223598.579: [GC 223598.579: [DefNew: 17804K->948K(19136K), 0.0061220 secs] 97607K->80751K(260032K), 0.0062290 secs] [Times: user=0.00 sys=0.00, real=0.01 secs] 
2012-10-22T08:36:12.745+0100: 223648.728: [GC 223648.728: [DefNew: 17961K->401K(19136K), 0.0045850 secs] 97764K->80204K(260032K), 0.0046970 secs] [Times: user=0.00 sys=0.00, real=0.01 secs] 
2012-10-22T08:36:58.416+0100: 223694.399: [GC 223694.399: [DefNew: 17425K->1261K(19136K), 0.0066320 secs] 97228K->81094K(260032K), 0.0067470 secs] [Times: user=0.01 sys=0.00, real=0.01 secs] 
2012-10-22T08:37:47.685+0100: 223743.668: [GC 223743.668: [DefNew: 18285K->1004K(19136K), 0.0118690 secs] 98118K->80934K(260032K), 0.0119840 secs] [Times: user=0.00 sys=0.01, real=0.02 secs] 
2012-10-22T08:38:37.735+0100: 223793.718: [GC 223793.718: [DefNew: 18006K->589K(19136K), 0.0051090 secs] 97937K->80519K(260032K), 0.0052190 secs] [Times: user=0.00 sys=0.00, real=0.01 secs] 
2012-10-22T08:39:23.450+0100: 223839.433: [GC 223839.433: [DefNew: 17613K->1099K(19136K), 0.0105610 secs] 97543K->81029K(260032K), 0.0106920 secs] [Times: user=0.01 sys=0.00, real=0.01 secs] 
2012-10-22T08:40:13.102+0100: 223889.085: [GC 223889.085: [DefNew: 18101K->653K(19136K), 0.0050590 secs] 98031K->80584K(260032K), 0.0051540 secs] [Times: user=0.00 sys=0.01, real=0.01 secs] 
2012-10-22T08:40:58.501+0100: 223934.484: [GC 223934.484: [DefNew: 17677K->1197K(19136K), 0.0087550 secs] 97608K->81127K(260032K), 0.0088860 secs] [Times: user=0.00 sys=0.01, real=0.01 secs] 
2012-10-22T08:41:48.583+0100: 223984.566: [GC 223984.566: [DefNew: 18221K->1021K(19136K), 0.0045980 secs] 98151K->81079K(260032K), 0.0046940 secs] [Times: user=0.01 sys=0.00, real=0.01 secs] 
2012-10-22T08:42:38.465+0100: 224034.448: [GC 224034.449: [DefNew: 18045K->1306K(19136K), 0.0090190 secs] 98103K->81363K(260032K), 0.0091600 secs] [Times: user=0.01 sys=0.00, real=0.01 secs] 
2012-10-22T08:43:27.758+0100: 224083.741: [GC 224083.741: [DefNew: 18322K->373K(19136K), 0.0072170 secs] 98379K->80692K(260032K), 0.0073210 secs] [Times: user=0.01 sys=0.00, real=0.00 secs] 
2012-10-22T08:44:13.522+0100: 224129.505: [GC 224129.505: [DefNew: 17397K->1039K(19136K), 0.0059100 secs] 97716K->81358K(260032K), 0.0060170 secs] [Times: user=0.01 sys=0.00, real=0.01 secs] 
2012-10-22T08:45:02.868+0100: 224178.851: [GC 224178.851: [DefNew: 18063K->976K(19136K), 0.0060640 secs] 98382K->81295K(260032K), 0.0061620 secs] [Times: user=0.00 sys=0.00, real=0.00 secs] 
2012-10-22T08:45:52.958+0100: 224228.941: [GC 224228.941: [DefNew: 18000K->787K(19136K), 0.0053040 secs] 98319K->81106K(260032K), 0.0054020 secs] [Times: user=0.00 sys=0.00, real=0.00 secs] 
2012-10-22T08:46:38.422+0100: 224274.404: [GC 224274.405: [DefNew: 17811K->1098K(19136K), 0.0060180 secs] 98130K->81417K(260032K), 0.0061270 secs] [Times: user=0.01 sys=0.00, real=0.01 secs] 
2012-10-22T08:47:28.524+0100: 224324.507: [GC 224324.507: [DefNew: 18099K->971K(19136K), 0.0109250 secs] 98419K->81291K(260032K), 0.0110890 secs] [Times: user=0.00 sys=0.00, real=0.01 secs] 
2012-10-22T08:48:13.745+0100: 224369.728: [GC 224369.728: [DefNew: 17981K->1033K(19136K), 0.0102830 secs] 98300K->81352K(260032K), 0.0104240 secs] [Times: user=0.01 sys=0.00, real=0.01 secs] 
2012-10-22T08:49:02.947+0100: 224418.930: [GC 224418.930: [DefNew: 18057K->782K(19136K), 0.0053380 secs] 98376K->81102K(260032K), 0.0054760 secs] [Times: user=0.01 sys=0.00, real=0.01 secs] 
2012-10-22T08:49:52.921+0100: 224468.904: [GC 224468.904: [DefNew: 17806K->527K(19136K), 0.0046880 secs] 98126K->80846K(260032K), 0.0047860 secs] [Times: user=0.00 sys=0.00, real=0.00 secs] 
2012-10-22T08:50:37.794+0100: 224513.777: [GC 224513.777: [DefNew: 17551K->1046K(19136K), 0.0062000 secs] 97870K->81365K(260032K), 0.0064290 secs] [Times: user=0.01 sys=0.00, real=0.01 secs] 
2012-10-22T08:51:27.886+0100: 224563.869: [GC 224563.869: [DefNew: 18068K->427K(19136K), 0.0045930 secs] 98387K->80746K(260032K), 0.0046900 secs] [Times: user=0.01 sys=0.00, real=0.01 secs] 
2012-10-22T08:52:17.797+0100: 224613.780: [GC 224613.780: [DefNew: 17430K->370K(19136K), 0.0047180 secs] 97749K->80690K(260032K), 0.0048140 secs] [Times: user=0.01 sys=0.00, real=0.01 secs] 
2012-10-22T08:53:02.998+0100: 224658.981: [GC 224658.981: [DefNew: 17374K->844K(19136K), 0.0054310 secs] 97694K->81163K(260032K), 0.0055280 secs] [Times: user=0.01 sys=0.00, real=0.00 secs] 
2012-10-22T08:53:52.830+0100: 224708.813: [GC 224708.813: [DefNew: 17868K->308K(19136K), 0.0043740 secs] 98187K->80628K(260032K), 0.0044690 secs] [Times: user=0.00 sys=0.00, real=0.00 secs] 
2012-10-22T08:54:38.538+0100: 224754.521: [GC 224754.521: [DefNew: 17332K->1133K(19136K), 0.0085560 secs] 97652K->81453K(260032K), 0.0103250 secs] [Times: user=0.01 sys=0.00, real=0.01 secs] 
2012-10-22T08:55:27.920+0100: 224803.903: [GC 224803.903: [DefNew: 18146K->686K(19136K), 0.0061390 secs] 98466K->81038K(260032K), 0.0062350 secs] [Times: user=0.01 sys=0.00, real=0.00 secs] 
2012-10-22T08:56:17.929+0100: 224853.912: [GC 224853.912: [DefNew: 17703K->368K(19136K), 0.0045180 secs] 98056K->80721K(260032K), 0.0046410 secs] [Times: user=0.00 sys=0.00, real=0.00 secs] 
2012-10-22T08:57:03.591+0100: 224899.573: [GC 224899.574: [DefNew: 17392K->1264K(19136K), 0.0060430 secs] 97744K->81616K(260032K), 0.0061570 secs] [Times: user=0.00 sys=0.00, real=0.00 secs] 
2012-10-22T08:57:53.047+0100: 224949.030: [GC 224949.030: [DefNew: 18288K->806K(19136K), 0.0056000 secs] 98640K->81188K(260032K), 0.0057010 secs] [Times: user=0.00 sys=0.00, real=0.01 secs] 
2012-10-22T08:58:38.480+0100: 224994.463: [GC 224994.463: [DefNew: 17830K->1203K(19136K), 0.0066950 secs] 98212K->81585K(260032K), 0.0068050 secs] [Times: user=0.00 sys=0.00, real=0.00 secs] 
2012-10-22T08:59:27.873+0100: 225043.856: [GC 225043.856: [DefNew: 18208K->877K(19136K), 0.0070500 secs] 98590K->81397K(260032K), 0.0071530 secs] [Times: user=0.01 sys=0.00, real=0.01 secs] 
2012-10-22T09:00:13.821+0100: 225089.804: [GC 225089.804: [DefNew: 17901K->1101K(19136K), 0.0101980 secs] 98421K->81621K(260032K), 0.0103240 secs] [Times: user=0.00 sys=0.00, real=0.01 secs] 
2012-10-22T09:01:03.614+0100: 225139.597: [GC 225139.597: [DefNew: 18125K->978K(19136K), 0.0071610 secs] 98645K->81561K(260032K), 0.0072660 secs] [Times: user=0.00 sys=0.00, real=0.01 secs] 
2012-10-22T09:01:54.969+0100: 225190.952: [GC 225190.952: [DefNew: 18002K->1131K(19136K), 0.0061270 secs] 98585K->81713K(260032K), 0.0062360 secs] [Times: user=0.01 sys=0.00, real=0.00 secs] 
2012-10-22T09:02:43.306+0100: 225239.289: [GC 225239.289: [DefNew: 18155K->1033K(19136K), 0.0039810 secs] 98737K->81615K(260032K), 0.0040670 secs] [Times: user=0.01 sys=0.00, real=0.01 secs] 
2012-10-22T09:03:33.016+0100: 225288.999: [GC 225288.999: [DefNew: 18057K->908K(19136K), 0.0062690 secs] 98639K->81490K(260032K), 0.0063770 secs] [Times: user=0.01 sys=0.00, real=0.01 secs] 
2012-10-22T09:04:22.927+0100: 225338.910: [GC 225338.910: [DefNew: 17932K->812K(19136K), 0.0057360 secs] 98514K->81394K(260032K), 0.0058510 secs] [Times: user=0.00 sys=0.00, real=0.01 secs] 
2012-10-22T09:05:07.870+0100: 225383.853: [GC 225383.853: [DefNew: 17836K->947K(19136K), 0.0057020 secs] 98418K->81529K(260032K), 0.0058010 secs] [Times: user=0.00 sys=0.00, real=0.00 secs] 
2012-10-22T09:05:57.996+0100: 225433.979: [GC 225433.979: [DefNew: 17954K->590K(19136K), 0.0057110 secs] 98537K->81172K(260032K), 0.0058120 secs] [Times: user=0.00 sys=0.00, real=0.01 secs] 
2012-10-22T09:06:47.855+0100: 225483.838: [GC 225483.838: [DefNew: 17612K->426K(19136K), 0.0046070 secs] 98195K->81008K(260032K), 0.0047030 secs] [Times: user=0.01 sys=0.00, real=0.01 secs] 
2012-10-22T09:07:33.880+0100: 225529.863: [GC 225529.863: [DefNew: 17450K->1072K(19136K), 0.0058420 secs] 98032K->81654K(260032K), 0.0059420 secs] [Times: user=0.00 sys=0.00, real=0.00 secs] 
2012-10-22T09:08:23.596+0100: 225579.579: [GC 225579.579: [DefNew: 18096K->1096K(19136K), 0.0116120 secs] 98678K->81741K(260032K), 0.0117370 secs] [Times: user=0.02 sys=0.00, real=0.02 secs] 
2012-10-22T09:09:12.906+0100: 225628.889: [GC 225628.890: [DefNew: 18120K->528K(19136K), 0.0048720 secs] 98765K->81173K(260032K), 0.0085590 secs] [Times: user=0.00 sys=0.00, real=0.01 secs] 
2012-10-22T09:09:58.645+0100: 225674.628: [GC 225674.628: [DefNew: 17552K->1103K(19136K), 0.0083790 secs] 98197K->81748K(260032K), 0.0085540 secs] [Times: user=0.01 sys=0.00, real=0.01 secs] 
2012-10-22T09:10:48.746+0100: 225724.729: [GC 225724.729: [DefNew: 18127K->1106K(19136K), 0.0062020 secs] 98772K->81751K(260032K), 0.0063020 secs] [Times: user=0.00 sys=0.00, real=0.01 secs] 
2012-10-22T09:11:37.892+0100: 225773.874: [GC 225773.875: [DefNew: 18130K->791K(19136K), 0.0061840 secs] 98775K->81498K(260032K), 0.0062880 secs] [Times: user=0.01 sys=0.00, real=0.01 secs] 
2012-10-22T09:12:23.614+0100: 225819.597: [GC 225819.597: [DefNew: 17815K->1209K(19136K), 0.0062740 secs] 98522K->81916K(260032K), 0.0063780 secs] [Times: user=0.01 sys=0.00, real=0.01 secs] 
2012-10-22T09:13:13.247+0100: 225869.230: [GC 225869.230: [DefNew: 18220K->812K(19136K), 0.0063400 secs] 98926K->81592K(260032K), 0.0064780 secs] [Times: user=0.01 sys=0.00, real=0.01 secs] 
2012-10-22T09:14:03.128+0100: 225919.111: [GC 225919.111: [DefNew: 17818K->654K(19136K), 0.0049960 secs] 98599K->81434K(260032K), 0.0050940 secs] [Times: user=0.00 sys=0.00, real=0.00 secs] 
2012-10-22T09:14:48.598+0100: 225964.581: [GC 225964.581: [DefNew: 17678K->1295K(19136K), 0.0064080 secs] 98458K->82076K(260032K), 0.0065190 secs] [Times: user=0.01 sys=0.00, real=0.00 secs] 
2012-10-22T09:15:38.143+0100: 226014.126: [GC 226014.126: [DefNew: 18319K->911K(19136K), 0.0056550 secs] 99100K->81694K(260032K), 0.0057620 secs] [Times: user=0.01 sys=0.00, real=0.01 secs] 
2012-10-22T09:16:28.174+0100: 226064.157: [GC 226064.157: [DefNew: 17913K->917K(19136K), 0.0056680 secs] 98696K->81700K(260032K), 0.0057870 secs] [Times: user=0.01 sys=0.00, real=0.01 secs] 
2012-10-22T09:17:13.766+0100: 226109.749: [GC 226109.749: [DefNew: 17941K->1175K(19136K), 0.0078760 secs] 98724K->81958K(260032K), 0.0081000 secs] [Times: user=0.00 sys=0.00, real=0.01 secs] 
2012-10-22T09:18:03.767+0100: 226159.750: [GC 226159.750: [DefNew: 18199K->1094K(19136K), 0.0074010 secs] 98982K->81951K(260032K), 0.0075140 secs] [Times: user=0.01 sys=0.00, real=0.01 secs] 
2012-10-22T09:18:53.056+0100: 226209.039: [GC 226209.039: [DefNew: 18118K->885K(19136K), 0.0114140 secs] 98975K->81742K(260032K), 0.0115390 secs] [Times: user=0.00 sys=0.01, real=0.01 secs] 
2012-10-22T09:19:43.071+0100: 226259.054: [GC 226259.054: [DefNew: 17887K->780K(19136K), 0.0080460 secs] 98744K->81637K(260032K), 0.0082190 secs] [Times: user=0.00 sys=0.00, real=0.01 secs] 
2012-10-22T09:20:28.406+0100: 226304.389: [GC 226304.389: [DefNew: 17804K->912K(19136K), 0.0071130 secs] 98661K->81769K(260032K), 0.0072190 secs] [Times: user=0.00 sys=0.00, real=0.01 secs] 
2012-10-22T09:21:18.042+0100: 226354.025: [GC 226354.025: [DefNew: 17934K->622K(19136K), 0.0053470 secs] 98791K->81479K(260032K), 0.0054480 secs] [Times: user=0.00 sys=0.00, real=0.01 secs] 
2012-10-22T09:22:03.659+0100: 226399.642: [GC 226399.642: [DefNew: 17643K->1311K(19136K), 0.0074470 secs] 98500K->82168K(260032K), 0.0075580 secs] [Times: user=0.00 sys=0.00, real=0.00 secs] 
2012-10-22T09:22:53.281+0100: 226449.264: [GC 226449.264: [DefNew: 18311K->751K(19136K), 0.0099480 secs] 99168K->81744K(260032K), 0.0100670 secs] [Times: user=0.01 sys=0.00, real=0.01 secs] 
2012-10-22T09:23:38.815+0100: 226494.797: [GC 226494.798: [DefNew: 17775K->1196K(19136K), 0.0065370 secs] 98768K->82189K(260032K), 0.0066420 secs] [Times: user=0.01 sys=0.00, real=0.01 secs] 
2012-10-22T09:24:28.103+0100: 226544.086: [GC 226544.086: [DefNew: 18220K->726K(19136K), 0.0090060 secs] 99213K->81908K(260032K), 0.0091150 secs] [Times: user=0.01 sys=0.00, real=0.01 secs] 
2012-10-22T09:25:15.635+0100: 226591.617: [GC 226591.618: [DefNew: 17750K->944K(19136K), 0.0063690 secs] 98932K->82127K(260032K), 0.0064850 secs] [Times: user=0.01 sys=0.00, real=0.01 secs] 
2012-10-22T09:26:03.203+0100: 226639.186: [GC 226639.186: [DefNew: 17965K->812K(19136K), 0.0057820 secs] 99147K->81994K(260032K), 0.0058780 secs] [Times: user=0.00 sys=0.00, real=0.01 secs] 
2012-10-22T09:26:53.115+0100: 226689.098: [GC 226689.098: [DefNew: 17836K->880K(19136K), 0.0058390 secs] 99018K->82063K(260032K), 0.0059390 secs] [Times: user=0.01 sys=0.00, real=0.01 secs] 
2012-10-22T09:27:43.242+0100: 226739.225: [GC 226739.225: [DefNew: 17904K->913K(19136K), 0.0055600 secs] 99087K->82096K(260032K), 0.0056620 secs] [Times: user=0.02 sys=0.00, real=0.01 secs] 
2012-10-22T09:28:31.322+0100: 226787.305: [GC 226787.305: [DefNew: 17937K->394K(19136K), 0.0051500 secs] 99120K->81607K(260032K), 0.0052490 secs] [Times: user=0.00 sys=0.00, real=0.01 secs] 
2012-10-22T09:29:01.732+0100: 226817.715: [GC 226817.715: [DefNew: 17415K->486K(19136K), 0.0047180 secs] 98628K->81699K(260032K), 0.0048130 secs] [Times: user=0.00 sys=0.00, real=0.00 secs] 
2012-10-22T09:29:33.005+0100: 226848.987: [GC 226848.988: [DefNew: 17482K->887K(19136K), 0.0057490 secs] 98695K->82099K(260032K), 0.0058570 secs] [Times: user=0.01 sys=0.00, real=0.01 secs] 
2012-10-22T09:30:18.861+0100: 226894.844: [GC 226894.844: [DefNew: 17911K->1268K(19136K), 0.0065410 secs] 99123K->82481K(260032K), 0.0066600 secs] [Times: user=0.01 sys=0.00, real=0.01 secs] 
2012-10-22T09:31:08.381+0100: 226944.364: [GC 226944.364: [DefNew: 18273K->718K(19136K), 0.0066190 secs] 99486K->81998K(260032K), 0.0067110 secs] [Times: user=0.01 sys=0.00, real=0.01 secs] 
2012-10-22T09:31:58.407+0100: 226994.390: [GC 226994.390: [DefNew: 17742K->652K(19136K), 0.0050210 secs] 99022K->81932K(260032K), 0.0051170 secs] [Times: user=0.01 sys=0.00, real=0.01 secs] 
2012-10-22T09:32:46.126+0100: 227042.109: [GC 227042.110: [DefNew: 17675K->688K(19136K), 0.0050100 secs] 98954K->81968K(260032K), 0.0051050 secs] [Times: user=0.01 sys=0.00, real=0.01 secs] 
2012-10-22T09:33:33.987+0100: 227089.970: [GC 227089.970: [DefNew: 17712K->945K(19136K), 0.0057660 secs] 98992K->82224K(260032K), 0.0058740 secs] [Times: user=0.01 sys=0.00, real=0.01 secs] 
2012-10-22T09:34:23.275+0100: 227139.258: [GC 227139.258: [DefNew: 17969K->824K(19136K), 0.0068120 secs] 99248K->82103K(260032K), 0.0069230 secs] [Times: user=0.00 sys=0.00, real=0.01 secs] 
2012-10-22T09:35:08.767+0100: 227184.750: [GC 227184.750: [DefNew: 17848K->1123K(19136K), 0.0061290 secs] 99127K->82402K(260032K), 0.0062390 secs] [Times: user=0.01 sys=0.00, real=0.01 secs] 
2012-10-22T09:35:58.147+0100: 227234.130: [GC 227234.130: [DefNew: 18147K->781K(19136K), 0.0083020 secs] 99426K->82249K(260032K), 0.0084400 secs] [Times: user=0.00 sys=0.01, real=0.01 secs] 
2012-10-22T09:36:48.107+0100: 227284.090: [GC 227284.090: [DefNew: 17805K->875K(19136K), 0.0059750 secs] 99273K->82343K(260032K), 0.0060960 secs] [Times: user=0.00 sys=0.00, real=0.01 secs] 
2012-10-22T09:37:38.216+0100: 227334.199: [GC 227334.200: [DefNew: 17899K->502K(19136K), 0.0056540 secs] 99367K->81970K(260032K), 0.0057480 secs] [Times: user=0.00 sys=0.00, real=0.01 secs] 
2012-10-22T09:38:28.136+0100: 227384.119: [GC 227384.119: [DefNew: 17526K->465K(19136K), 0.0046700 secs] 98994K->81933K(260032K), 0.0047680 secs] [Times: user=0.01 sys=0.00, real=0.01 secs] 
2012-10-22T09:39:13.113+0100: 227429.095: [GC 227429.096: [DefNew: 17483K->1051K(19136K), 0.0059390 secs] 98951K->82519K(260032K), 0.0060500 secs] [Times: user=0.00 sys=0.00, real=0.01 secs] 
2012-10-22T09:39:58.844+0100: 227474.827: [GC 227474.827: [DefNew: 18075K->1252K(19136K), 0.0061860 secs] 99543K->82720K(260032K), 0.0063190 secs] [Times: user=0.01 sys=0.00, real=0.01 secs] 
2012-10-22T09:40:48.591+0100: 227524.574: [GC 227524.574: [DefNew: 18276K->1291K(19136K), 0.0101350 secs] 99744K->82888K(260032K), 0.0102170 secs] [Times: user=0.01 sys=0.00, real=0.01 secs] 
2012-10-22T09:41:33.812+0100: 227569.795: [GC 227569.795: [DefNew: 18315K->858K(19136K), 0.0093750 secs] 99912K->82669K(260032K), 0.0095410 secs] [Times: user=0.01 sys=0.00, real=0.01 secs] 
2012-10-22T09:42:23.201+0100: 227619.184: [GC 227619.184: [DefNew: 17882K->985K(19136K), 0.0061300 secs] 99693K->82796K(260032K), 0.0062430 secs] [Times: user=0.00 sys=0.00, real=0.00 secs] 
2012-10-22T09:43:13.132+0100: 227669.115: [GC 227669.115: [DefNew: 18009K->950K(19136K), 0.0058060 secs] 99820K->82762K(260032K), 0.0059490 secs] [Times: user=0.00 sys=0.00, real=0.01 secs] 
2012-10-22T09:43:59.008+0100: 227714.991: [GC 227714.991: [DefNew: 17974K->1329K(19136K), 0.0067480 secs] 99786K->83141K(260032K), 0.0068660 secs] [Times: user=0.01 sys=0.00, real=0.00 secs] 
2012-10-22T09:44:48.982+0100: 227764.965: [GC 227764.965: [DefNew: 18353K->1001K(19136K), 0.0126190 secs] 100165K->82949K(260032K), 0.0127400 secs] [Times: user=0.01 sys=0.00, real=0.01 secs] 
2012-10-22T09:45:38.252+0100: 227814.235: [GC 227814.235: [DefNew: 18011K->904K(19136K), 0.0054670 secs] 99959K->82851K(260032K), 0.0055800 secs] [Times: user=0.00 sys=0.00, real=0.01 secs] 
2012-10-22T09:46:28.141+0100: 227864.124: [GC 227864.124: [DefNew: 17928K->687K(19136K), 0.0051710 secs] 99875K->82635K(260032K), 0.0052840 secs] [Times: user=0.00 sys=0.00, real=0.00 secs] 
2012-10-22T09:47:13.902+0100: 227909.885: [GC 227909.885: [DefNew: 17711K->966K(19136K), 0.0058730 secs] 99659K->82913K(260032K), 0.0059760 secs] [Times: user=0.01 sys=0.00, real=0.01 secs] 
2012-10-22T09:48:03.363+0100: 227959.346: [GC 227959.346: [DefNew: 17976K->310K(19136K), 0.0044950 secs] 99924K->82257K(260032K), 0.0045900 secs] [Times: user=0.00 sys=0.00, real=0.01 secs] 
2012-10-22T09:48:48.989+0100: 228004.972: [GC 228004.972: [DefNew: 17334K->1167K(19136K), 0.0062860 secs] 99281K->83114K(260032K), 0.0063890 secs] [Times: user=0.00 sys=0.00, real=0.00 secs] 
2012-10-22T09:49:38.948+0100: 228054.931: [GC 228054.931: [DefNew: 18191K->1031K(19136K), 0.0074850 secs] 100138K->83043K(260032K), 0.0076070 secs] [Times: user=0.01 sys=0.00, real=0.00 secs] 
2012-10-22T09:50:24.018+0100: 228100.001: [GC 228100.001: [DefNew: 18055K->1231K(19136K), 0.0062120 secs] 100067K->83243K(260032K), 0.0063120 secs] [Times: user=0.00 sys=0.00, real=0.00 secs] 
2012-10-22T09:51:13.936+0100: 228149.918: [GC 228149.919: [DefNew: 18255K->904K(19136K), 0.0062870 secs] 100267K->82980K(260032K), 0.0063890 secs] [Times: user=0.01 sys=0.00, real=0.01 secs] 
2012-10-22T09:52:03.256+0100: 228199.239: [GC 228199.240: [DefNew: 17908K->940K(19136K), 0.0070800 secs] 99984K->83016K(260032K), 0.0071950 secs] [Times: user=0.00 sys=0.00, real=0.01 secs] 
2012-10-22T09:52:48.512+0100: 228244.495: [GC 228244.495: [DefNew: 17964K->871K(19136K), 0.0055550 secs] 100040K->82947K(260032K), 0.0056580 secs] [Times: user=0.01 sys=0.00, real=0.01 secs] 
2012-10-22T09:53:38.256+0100: 228294.239: [GC 228294.239: [DefNew: 17879K->371K(19136K), 0.0045780 secs] 99955K->82447K(260032K), 0.0046740 secs] [Times: user=0.00 sys=0.00, real=0.01 secs] 
2012-10-22T09:54:23.184+0100: 228339.167: [GC 228339.168: [DefNew: 17393K->940K(19136K), 0.0056610 secs] 99469K->83016K(260032K), 0.0057660 secs] [Times: user=0.01 sys=0.00, real=0.01 secs] 
2012-10-22T09:55:09.066+0100: 228385.049: [GC 228385.049: [DefNew: 17964K->1263K(19136K), 0.0062530 secs] 100040K->83339K(260032K), 0.0066440 secs] [Times: user=0.02 sys=0.00, real=0.01 secs] 
2012-10-22T09:55:58.596+0100: 228434.579: [GC 228434.579: [DefNew: 18287K->783K(19136K), 0.0061130 secs] 100363K->82923K(260032K), 0.0062130 secs] [Times: user=0.00 sys=0.00, real=0.01 secs] 
2012-10-22T09:56:48.355+0100: 228484.338: [GC 228484.338: [DefNew: 17807K->809K(19136K), 0.0055470 secs] 99947K->82949K(260032K), 0.0056750 secs] [Times: user=0.00 sys=0.00, real=0.01 secs] 
2012-10-22T09:57:38.214+0100: 228534.197: [GC 228534.197: [DefNew: 17833K->873K(19136K), 0.0093450 secs] 99973K->83013K(260032K), 0.0094760 secs] [Times: user=0.00 sys=0.00, real=0.01 secs] 
2012-10-22T09:58:23.605+0100: 228579.588: [GC 228579.588: [DefNew: 17897K->791K(19136K), 0.0060600 secs] 100037K->82931K(260032K), 0.0061560 secs] [Times: user=0.01 sys=0.00, real=0.01 secs] 
2012-10-22T09:59:13.256+0100: 228629.238: [GC 228629.239: [DefNew: 17811K->539K(19136K), 0.0087580 secs] 99951K->82679K(260032K), 0.0088900 secs] [Times: user=0.00 sys=0.00, real=0.01 secs] 
2012-10-22T09:59:59.268+0100: 228675.251: [GC 228675.251: [DefNew: 17563K->1337K(19136K), 0.0146740 secs] 99703K->83477K(260032K), 0.0187240 secs] [Times: user=0.01 sys=0.00, real=0.01 secs] 
2012-10-22T10:00:48.252+0100: 228724.235: [GC 228724.235: [DefNew: 18361K->845K(19136K), 0.0098060 secs] 100501K->83185K(260032K), 0.0099240 secs] [Times: user=0.01 sys=0.00, real=0.01 secs] 
2012-10-22T10:01:38.299+0100: 228774.282: [GC 228774.282: [DefNew: 17869K->340K(19136K), 0.0066900 secs] 100209K->82680K(260032K), 0.0067870 secs] [Times: user=0.00 sys=0.00, real=0.00 secs] 
2012-10-22T10:02:28.359+0100: 228824.342: [GC 228824.342: [DefNew: 17364K->464K(19136K), 0.0049210 secs] 99704K->82804K(260032K), 0.0050520 secs] [Times: user=0.00 sys=0.00, real=0.00 secs] 
2012-10-22T10:03:13.282+0100: 228869.265: [GC 228869.265: [DefNew: 17475K->688K(19136K), 0.0051370 secs] 99815K->83029K(260032K), 0.0052360 secs] [Times: user=0.00 sys=0.00, real=0.00 secs] 
2012-10-22T10:03:59.092+0100: 228915.075: [GC 228915.075: [DefNew: 17712K->1090K(19136K), 0.0058440 secs] 100053K->83430K(260032K), 0.0059460 secs] [Times: user=0.01 sys=0.00, real=0.01 secs] 
2012-10-22T10:04:48.403+0100: 228964.386: [GC 228964.386: [DefNew: 18114K->756K(19136K), 0.0072740 secs] 100454K->83158K(260032K), 0.0073810 secs] [Times: user=0.01 sys=0.00, real=0.01 secs] 
2012-10-22T10:05:34.189+0100: 229010.172: [GC 229010.172: [DefNew: 17780K->1076K(19136K), 0.0061850 secs] 100182K->83478K(260032K), 0.0062930 secs] [Times: user=0.01 sys=0.00, real=0.00 secs] 
2012-10-22T10:06:23.569+0100: 229059.552: [GC 229059.552: [DefNew: 18099K->925K(19136K), 0.0055780 secs] 100502K->83327K(260032K), 0.0057010 secs] [Times: user=0.00 sys=0.00, real=0.00 secs] 
2012-10-22T10:07:13.306+0100: 229109.289: [GC 229109.289: [DefNew: 17949K->974K(19136K), 0.0063810 secs] 100351K->83377K(260032K), 0.0064950 secs] [Times: user=0.01 sys=0.00, real=0.01 secs] 
2012-10-22T10:08:03.509+0100: 229159.492: [GC 229159.492: [DefNew: 17978K->404K(19136K), 0.0045180 secs] 100381K->82806K(260032K), 0.0047350 secs] [Times: user=0.00 sys=0.00, real=0.00 secs] 
2012-10-22T10:08:49.460+0100: 229205.443: [GC 229205.443: [DefNew: 17428K->1088K(19136K), 0.0057830 secs] 99830K->83490K(260032K), 0.0058810 secs] [Times: user=0.00 sys=0.00, real=0.00 secs] 
2012-10-22T10:09:39.099+0100: 229255.081: [GC 229255.082: [DefNew: 18112K->1102K(19136K), 0.0060900 secs] 100514K->83505K(260032K), 0.0061910 secs] [Times: user=0.00 sys=0.01, real=0.00 secs] 
2012-10-22T10:10:28.403+0100: 229304.386: [GC 229304.386: [DefNew: 18117K->593K(19136K), 0.0052330 secs] 100519K->82995K(260032K), 0.0053300 secs] [Times: user=0.01 sys=0.00, real=0.01 secs] 
2012-10-22T10:11:13.338+0100: 229349.321: [GC 229349.321: [DefNew: 17611K->1138K(19136K), 0.0093770 secs] 100013K->83540K(260032K), 0.0094970 secs] [Times: user=0.01 sys=0.00, real=0.01 secs] 
2012-10-22T10:12:03.489+0100: 229399.472: [GC 229399.472: [DefNew: 18162K->835K(19136K), 0.0189810 secs] 100564K->83300K(260032K), 0.0190910 secs] [Times: user=0.01 sys=0.00, real=0.02 secs] 
2012-10-22T10:12:53.364+0100: 229449.347: [GC 229449.347: [DefNew: 17836K->477K(19136K), 0.0046880 secs] 100301K->82942K(260032K), 0.0047780 secs] [Times: user=0.01 sys=0.00, real=0.01 secs] 
2012-10-22T10:13:39.454+0100: 229495.437: [GC 229495.437: [DefNew: 17501K->1172K(19136K), 0.0065080 secs] 99966K->83637K(260032K), 0.0066080 secs] [Times: user=0.01 sys=0.00, real=0.01 secs] 
2012-10-22T10:14:28.530+0100: 229544.513: [GC 229544.513: [DefNew: 18172K->685K(19136K), 0.0093240 secs] 100637K->83286K(260032K), 0.0094410 secs] [Times: user=0.01 sys=0.00, real=0.01 secs] 
2012-10-22T10:15:13.315+0100: 229589.298: [GC 229589.298: [DefNew: 17709K->1074K(19136K), 0.0059290 secs] 100310K->83676K(260032K), 0.0060320 secs] [Times: user=0.01 sys=0.00, real=0.01 secs] 
2012-10-22T10:16:03.354+0100: 229639.337: [GC 229639.337: [DefNew: 18083K->633K(19136K), 0.0057420 secs] 100685K->83264K(260032K), 0.0058430 secs] [Times: user=0.01 sys=0.00, real=0.01 secs] 
2012-10-22T10:16:49.115+0100: 229685.098: [GC 229685.098: [DefNew: 17657K->1298K(19136K), 0.0063800 secs] 100288K->83930K(260032K), 0.0064830 secs] [Times: user=0.01 sys=0.00, real=0.01 secs] 
2012-10-22T10:17:43.338+0100: 229739.321: [GC 229739.321: [DefNew: 18320K->401K(19136K), 0.0075970 secs] 100951K->83233K(260032K), 0.0076980 secs] [Times: user=0.01 sys=0.00, real=0.00 secs] 
2012-10-22T10:18:29.246+0100: 229785.229: [GC 229785.229: [DefNew: 17425K->1044K(19136K), 0.0060070 secs] 100257K->83876K(260032K), 0.0061230 secs] [Times: user=0.01 sys=0.00, real=0.01 secs] 
2012-10-22T10:19:19.177+0100: 229835.160: [GC 229835.160: [DefNew: 18068K->971K(19136K), 0.0128370 secs] 100900K->83803K(260032K), 0.0129570 secs] [Times: user=0.01 sys=0.00, real=0.02 secs] 
2012-10-22T10:20:08.341+0100: 229884.324: [GC 229884.324: [DefNew: 17966K->371K(19136K), 0.0045140 secs] 100798K->83202K(260032K), 0.0046080 secs] [Times: user=0.00 sys=0.00, real=0.00 secs] 
2012-10-22T10:20:54.743+0100: 229930.726: [GC 229930.726: [DefNew: 17395K->1124K(19136K), 0.0059650 secs] 100226K->83956K(260032K), 0.0060660 secs] [Times: user=0.01 sys=0.00, real=0.01 secs] 
2012-10-22T10:21:43.732+0100: 229979.715: [GC 229979.715: [DefNew: 18148K->868K(19136K), 0.0064840 secs] 100980K->83764K(260032K), 0.0065860 secs] [Times: user=0.01 sys=0.00, real=0.01 secs] 
2012-10-22T10:22:33.413+0100: 230029.396: [GC 230029.396: [DefNew: 17892K->923K(19136K), 0.0046180 secs] 100788K->83820K(260032K), 0.0047010 secs] [Times: user=0.01 sys=0.00, real=0.01 secs] 
2012-10-22T10:23:18.325+0100: 230074.308: [GC 230074.308: [DefNew: 17947K->1014K(19136K), 0.0062290 secs] 100844K->83911K(260032K), 0.0063330 secs] [Times: user=0.01 sys=0.00, real=0.01 secs] 
2012-10-22T10:24:08.845+0100: 230124.828: [GC 230124.828: [DefNew: 18036K->824K(19136K), 0.0053970 secs] 100932K->83720K(260032K), 0.0054990 secs] [Times: user=0.01 sys=0.00, real=0.01 secs] 
2012-10-22T10:24:58.487+0100: 230174.470: [GC 230174.470: [DefNew: 17848K->983K(19136K), 0.0063840 secs] 100744K->83879K(260032K), 0.0064920 secs] [Times: user=0.00 sys=0.00, real=0.01 secs] 
2012-10-22T10:25:48.387+0100: 230224.370: [GC 230224.370: [DefNew: 17993K->594K(19136K), 0.0054620 secs] 100889K->83564K(260032K), 0.0055550 secs] [Times: user=0.00 sys=0.00, real=0.00 secs] 
2012-10-22T10:26:33.764+0100: 230269.747: [GC 230269.747: [DefNew: 17618K->1058K(19136K), 0.0057180 secs] 100588K->84029K(260032K), 0.0058190 secs] [Times: user=0.01 sys=0.00, real=0.01 secs] 
2012-10-22T10:27:23.892+0100: 230319.875: [GC 230319.875: [DefNew: 18082K->912K(19136K), 0.0055010 secs] 101053K->83883K(260032K), 0.0055990 secs] [Times: user=0.01 sys=0.00, real=0.01 secs] 
2012-10-22T10:28:09.265+0100: 230365.248: [GC 230365.248: [DefNew: 17936K->1033K(19136K), 0.0087530 secs] 100907K->84003K(260032K), 0.0088520 secs] [Times: user=0.01 sys=0.00, real=0.01 secs] 
2012-10-22T10:28:56.658+0100: 230412.641: [GC 230412.641: [DefNew: 18057K->634K(19136K), 0.0048990 secs] 101027K->83604K(260032K), 0.0049950 secs] [Times: user=0.00 sys=0.00, real=0.00 secs] 
2012-10-22T10:29:29.203+0100: 230445.186: [GC 230445.186: [DefNew: 17658K->1173K(19136K), 0.0064410 secs] 100628K->84143K(260032K), 0.0065570 secs] [Times: user=0.01 sys=0.00, real=0.01 secs] 
2012-10-22T10:30:18.542+0100: 230494.525: [GC 230494.525: [DefNew: 18169K->845K(19136K), 0.0054810 secs] 101139K->83817K(260032K), 0.0055770 secs] [Times: user=0.00 sys=0.00, real=0.00 secs] 
2012-10-22T10:31:04.266+0100: 230540.249: [GC 230540.249: [DefNew: 17869K->1095K(19136K), 0.0059870 secs] 100841K->84068K(260032K), 0.0061120 secs] [Times: user=0.00 sys=0.00, real=0.01 secs] 
2012-10-22T10:31:58.419+0100: 230594.402: [GC 230594.402: [DefNew: 18107K->527K(19136K), 0.0083290 secs] 101080K->83501K(260032K), 0.0084390 secs] [Times: user=0.01 sys=0.00, real=0.00 secs] 
2012-10-22T10:32:46.162+0100: 230642.145: [GC 230642.145: [DefNew: 17551K->1167K(19136K), 0.0061020 secs] 100525K->84140K(260032K), 0.0062040 secs] [Times: user=0.01 sys=0.00, real=0.01 secs] 
2012-10-22T10:33:33.801+0100: 230689.784: [GC 230689.784: [DefNew: 18191K->856K(19136K), 0.0061210 secs] 101164K->83894K(260032K), 0.0062230 secs] [Times: user=0.01 sys=0.00, real=0.00 secs] 
2012-10-22T10:34:23.503+0100: 230739.486: [GC 230739.486: [DefNew: 17880K->469K(19136K), 0.0049290 secs] 100918K->83507K(260032K), 0.0050270 secs] [Times: user=0.01 sys=0.00, real=0.01 secs] 
2012-10-22T10:35:09.116+0100: 230785.099: [GC 230785.099: [DefNew: 17482K->998K(19136K), 0.0058340 secs] 100520K->84035K(260032K), 0.0059770 secs] [Times: user=0.00 sys=0.00, real=0.01 secs] 
2012-10-22T10:35:58.493+0100: 230834.476: [GC 230834.476: [DefNew: 18022K->915K(19136K), 0.0055140 secs] 101059K->83952K(260032K), 0.0056210 secs] [Times: user=0.01 sys=0.00, real=0.01 secs] 
2012-10-22T10:36:48.555+0100: 230884.538: [GC 230884.538: [DefNew: 17939K->870K(19136K), 0.0061200 secs] 100976K->83908K(260032K), 0.0062320 secs] [Times: user=0.01 sys=0.00, real=0.01 secs] 
2012-10-22T10:37:38.587+0100: 230934.570: [GC 230934.570: [DefNew: 17894K->823K(19136K), 0.0056290 secs] 100932K->83890K(260032K), 0.0057340 secs] [Times: user=0.01 sys=0.00, real=0.01 secs] 
2012-10-22T10:38:23.499+0100: 230979.482: [GC 230979.482: [DefNew: 17844K->369K(19136K), 0.0068980 secs] 100912K->83499K(260032K), 0.0069920 secs] [Times: user=0.00 sys=0.01, real=0.00 secs] 
2012-10-22T10:39:09.305+0100: 231025.288: [GC 231025.288: [DefNew: 17381K->1000K(19136K), 0.0067630 secs] 100511K->84130K(260032K), 0.0068690 secs] [Times: user=0.01 sys=0.00, real=0.01 secs] 
2012-10-22T10:39:58.648+0100: 231074.631: [GC 231074.631: [DefNew: 18000K->940K(19136K), 0.0058110 secs] 101129K->84070K(260032K), 0.0059600 secs] [Times: user=0.01 sys=0.00, real=0.00 secs] 
2012-10-22T10:40:44.559+0100: 231120.542: [GC 231120.542: [DefNew: 17964K->1044K(19136K), 0.0060660 secs] 101094K->84174K(260032K), 0.0061790 secs] [Times: user=0.00 sys=0.00, real=0.00 secs] 
2012-10-22T10:41:33.647+0100: 231169.630: [GC 231169.630: [DefNew: 18068K->952K(19136K), 0.0058130 secs] 101198K->84082K(260032K), 0.0059290 secs] [Times: user=0.00 sys=0.00, real=0.01 secs] 
2012-10-22T10:42:23.524+0100: 231219.507: [GC 231219.507: [DefNew: 17976K->920K(19136K), 0.0073060 secs] 101106K->84050K(260032K), 0.0074230 secs] [Times: user=0.01 sys=0.00, real=0.01 secs] 
2012-10-22T10:43:09.347+0100: 231265.330: [GC 231265.330: [DefNew: 17944K->1175K(19136K), 0.0061060 secs] 101074K->84304K(260032K), 0.0062070 secs] [Times: user=0.01 sys=0.00, real=0.01 secs] 
2012-10-22T10:43:58.704+0100: 231314.686: [GC 231314.687: [DefNew: 18199K->757K(19136K), 0.0078760 secs] 101328K->84023K(260032K), 0.0080360 secs] [Times: user=0.01 sys=0.00, real=0.01 secs] 
2012-10-22T10:44:48.623+0100: 231364.606: [GC 231364.606: [DefNew: 17781K->814K(19136K), 0.0054570 secs] 101047K->84080K(260032K), 0.0055750 secs] [Times: user=0.01 sys=0.00, real=0.01 secs] 
2012-10-22T10:45:34.439+0100: 231410.422: [GC 231410.423: [DefNew: 17813K->1192K(19136K), 0.0062450 secs] 101079K->84458K(260032K), 0.0063480 secs] [Times: user=0.00 sys=0.00, real=0.00 secs] 
2012-10-22T10:46:23.558+0100: 231459.541: [GC 231459.541: [DefNew: 18211K->718K(19136K), 0.0063050 secs] 101477K->84047K(260032K), 0.0064040 secs] [Times: user=0.00 sys=0.00, real=0.00 secs] 
2012-10-22T10:47:13.636+0100: 231509.619: [GC 231509.620: [DefNew: 17742K->969K(19136K), 0.0058050 secs] 101071K->84299K(260032K), 0.0059050 secs] [Times: user=0.01 sys=0.00, real=0.01 secs] 
2012-10-22T10:48:03.823+0100: 231559.806: [GC 231559.806: [DefNew: 17969K->527K(19136K), 0.0051030 secs] 101298K->83856K(260032K), 0.0052020 secs] [Times: user=0.00 sys=0.00, real=0.01 secs] 
2012-10-22T10:48:49.420+0100: 231605.403: [GC 231605.403: [DefNew: 17551K->1139K(19136K), 0.0061020 secs] 100880K->84469K(260032K), 0.0062310 secs] [Times: user=0.00 sys=0.00, real=0.00 secs] 
2012-10-22T10:49:38.836+0100: 231654.818: [GC 231654.819: [DefNew: 18163K->814K(19136K), 0.0066260 secs] 101493K->84208K(260032K), 0.0067300 secs] [Times: user=0.00 sys=0.00, real=0.01 secs] 
2012-10-22T10:50:24.374+0100: 231700.357: [GC 231700.357: [DefNew: 17838K->1104K(19136K), 0.0060720 secs] 101232K->84498K(260032K), 0.0061840 secs] [Times: user=0.01 sys=0.00, real=0.01 secs] 
2012-10-22T10:51:14.315+0100: 231750.297: [GC 231750.298: [DefNew: 18128K->1029K(19136K), 0.0058900 secs] 101522K->84424K(260032K), 0.0059960 secs] [Times: user=0.01 sys=0.00, real=0.01 secs] 
2012-10-22T10:52:03.592+0100: 231799.575: [GC 231799.575: [DefNew: 18033K->748K(19136K), 0.0053000 secs] 101428K->84143K(260032K), 0.0054000 secs] [Times: user=0.01 sys=0.00, real=0.01 secs] 
2012-10-22T10:52:53.754+0100: 231849.737: [GC 231849.737: [DefNew: 17772K->747K(19136K), 0.0051360 secs] 101167K->84142K(260032K), 0.0052380 secs] [Times: user=0.01 sys=0.00, real=0.01 secs] 
2012-10-22T10:53:43.644+0100: 231899.627: [GC 231899.627: [DefNew: 17764K->468K(19136K), 0.0049330 secs] 101159K->83895K(260032K), 0.0050280 secs] [Times: user=0.00 sys=0.00, real=0.01 secs] 
2012-10-22T10:54:28.791+0100: 231944.774: [GC 231944.774: [DefNew: 17492K->819K(19136K), 0.0053550 secs] 100919K->84246K(260032K), 0.0054540 secs] [Times: user=0.00 sys=0.00, real=0.00 secs] 
2012-10-22T10:55:18.783+0100: 231994.766: [GC 231994.767: [DefNew: 17843K->590K(19136K), 0.0049200 secs] 101270K->84017K(260032K), 0.0055320 secs] [Times: user=0.01 sys=0.00, real=0.01 secs] 
2012-10-22T10:56:04.463+0100: 232040.446: [GC 232040.446: [DefNew: 17614K->1160K(19136K), 0.0059970 secs] 101041K->84587K(260032K), 0.0061000 secs] [Times: user=0.01 sys=0.00, real=0.01 secs] 
2012-10-22T10:56:54.320+0100: 232090.303: [GC 232090.303: [DefNew: 18184K->982K(19136K), 0.0070100 secs] 101611K->84534K(260032K), 0.0071070 secs] [Times: user=0.01 sys=0.00, real=0.00 secs] 
2012-10-22T10:57:43.676+0100: 232139.659: [GC 232139.659: [DefNew: 18006K->910K(19136K), 0.0055700 secs] 101558K->84462K(260032K), 0.0056710 secs] [Times: user=0.01 sys=0.00, real=0.01 secs] 
2012-10-22T10:58:33.714+0100: 232189.697: [GC 232189.697: [DefNew: 17934K->1009K(19136K), 0.0086190 secs] 101486K->84561K(260032K), 0.0087370 secs] [Times: user=0.01 sys=0.00, real=0.01 secs] 
2012-10-22T10:59:19.410+0100: 232235.393: [GC 232235.393: [DefNew: 18033K->1244K(19136K), 0.0068460 secs] 101585K->84855K(260032K), 0.0069480 secs] [Times: user=0.01 sys=0.00, real=0.00 secs] 
2012-10-22T11:00:09.385+0100: 232285.368: [GC 232285.368: [DefNew: 18268K->911K(19136K), 0.0080260 secs] 101879K->84783K(260032K), 0.0081370 secs] [Times: user=0.01 sys=0.00, real=0.01 secs] 
2012-10-22T11:00:58.652+0100: 232334.635: [GC 232334.635: [DefNew: 17930K->914K(19136K), 0.0058830 secs] 101802K->84786K(260032K), 0.0059950 secs] [Times: user=0.01 sys=0.00, real=0.01 secs] 
2012-10-22T11:01:48.880+0100: 232384.863: [GC 232384.863: [DefNew: 17938K->983K(19136K), 0.0056330 secs] 101810K->84855K(260032K), 0.0057300 secs] [Times: user=0.00 sys=0.00, real=0.00 secs] 
2012-10-22T11:02:38.912+0100: 232434.895: [GC 232434.895: [DefNew: 17987K->750K(19136K), 0.0086360 secs] 101859K->84622K(260032K), 0.0087530 secs] [Times: user=0.01 sys=0.00, real=0.01 secs] 
2012-10-22T11:03:24.476+0100: 232480.459: [GC 232480.459: [DefNew: 17774K->1097K(19136K), 0.0059140 secs] 101646K->84969K(260032K), 0.0060120 secs] [Times: user=0.01 sys=0.00, real=0.01 secs] 
2012-10-22T11:04:13.827+0100: 232529.810: [GC 232529.810: [DefNew: 18121K->918K(19136K), 0.0055090 secs] 101993K->84791K(260032K), 0.0056060 secs] [Times: user=0.00 sys=0.00, real=0.01 secs] 
2012-10-22T11:05:02.639+0100: 232578.622: [GC 232578.622: [DefNew: 17942K->783K(19136K), 0.0053400 secs] 101815K->84656K(260032K), 0.0054840 secs] [Times: user=0.01 sys=0.00, real=0.00 secs] 
2012-10-22T11:05:49.821+0100: 232625.804: [GC 232625.804: [DefNew: 17807K->1065K(19136K), 0.0058370 secs] 101680K->84938K(260032K), 0.0059370 secs] [Times: user=0.00 sys=0.00, real=0.00 secs] 
2012-10-22T11:06:39.510+0100: 232675.493: [GC 232675.493: [DefNew: 18089K->1131K(19136K), 0.0060170 secs] 101962K->85003K(260032K), 0.0061330 secs] [Times: user=0.00 sys=0.00, real=0.00 secs] 
2012-10-22T11:07:28.872+0100: 232724.854: [GC 232724.855: [DefNew: 18133K->777K(19136K), 0.0072250 secs] 102005K->84776K(260032K), 0.0073300 secs] [Times: user=0.01 sys=0.00, real=0.01 secs] 
2012-10-22T11:08:16.822+0100: 232772.805: [GC 232772.805: [DefNew: 17801K->331K(19136K), 0.0044740 secs] 101800K->84330K(260032K), 0.0045700 secs] [Times: user=0.00 sys=0.00, real=0.00 secs] 
2012-10-22T11:09:03.981+0100: 232819.964: [GC 232819.964: [DefNew: 17355K->891K(19136K), 0.0058730 secs] 101354K->84891K(260032K), 0.0059950 secs] [Times: user=0.00 sys=0.00, real=0.00 secs] 
2012-10-22T11:09:53.904+0100: 232869.887: [GC 232869.887: [DefNew: 17884K->748K(19136K), 0.0077300 secs] 101883K->84747K(260032K), 0.0078350 secs] [Times: user=0.01 sys=0.00, real=0.01 secs] 
2012-10-22T11:10:43.847+0100: 232919.830: [GC 232919.830: [DefNew: 17772K->432K(19136K), 0.0049580 secs] 101771K->84431K(260032K), 0.0050550 secs] [Times: user=0.00 sys=0.00, real=0.01 secs] 
2012-10-22T11:11:29.067+0100: 232965.050: [GC 232965.050: [DefNew: 17456K->950K(19136K), 0.0061010 secs] 101455K->84949K(260032K), 0.0062010 secs] [Times: user=0.00 sys=0.00, real=0.01 secs] 
2012-10-22T11:12:18.785+0100: 233014.768: [GC 233014.768: [DefNew: 17974K->989K(19136K), 0.0079960 secs] 101973K->84989K(260032K), 0.0081140 secs] [Times: user=0.01 sys=0.00, real=0.01 secs] 
2012-10-22T11:13:03.914+0100: 233059.897: [GC 233059.897: [DefNew: 18011K->1010K(19136K), 0.0060930 secs] 102010K->85009K(260032K), 0.0062360 secs] [Times: user=0.01 sys=0.00, real=0.01 secs] 
2012-10-22T11:13:53.861+0100: 233109.844: [GC 233109.844: [DefNew: 18034K->539K(19136K), 0.0050560 secs] 102033K->84538K(260032K), 0.0051520 secs] [Times: user=0.00 sys=0.00, real=0.00 secs] 
2012-10-22T11:14:39.546+0100: 233155.529: [GC 233155.529: [DefNew: 17563K->1064K(19136K), 0.0076930 secs] 101562K->85137K(260032K), 0.0078600 secs] [Times: user=0.00 sys=0.00, real=0.01 secs] 
2012-10-22T11:15:28.907+0100: 233204.890: [GC 233204.890: [DefNew: 18088K->559K(19136K), 0.0062200 secs] 102161K->84694K(260032K), 0.0069990 secs] [Times: user=0.00 sys=0.00, real=0.01 secs] 
2012-10-22T11:16:14.701+0100: 233250.684: [GC 233250.684: [DefNew: 17583K->1036K(19136K), 0.0102370 secs] 101718K->85172K(260032K), 0.0103700 secs] [Times: user=0.00 sys=0.00, real=0.01 secs] 
2012-10-22T11:17:04.032+0100: 233300.015: [GC 233300.015: [DefNew: 18060K->1018K(19136K), 0.0061240 secs] 102196K->85154K(260032K), 0.0062240 secs] [Times: user=0.01 sys=0.00, real=0.01 secs] 
2012-10-22T11:17:49.751+0100: 233345.734: [GC 233345.734: [DefNew: 18042K->1189K(19136K), 0.0063750 secs] 102178K->85324K(260032K), 0.0064850 secs] [Times: user=0.01 sys=0.00, real=0.01 secs] 
2012-10-22T11:18:39.691+0100: 233395.674: [GC 233395.674: [DefNew: 18213K->1046K(19136K), 0.0070660 secs] 102348K->85317K(260032K), 0.0071780 secs] [Times: user=0.01 sys=0.00, real=0.01 secs] 
2012-10-22T11:19:28.812+0100: 233444.795: [GC 233444.795: [DefNew: 18070K->882K(19136K), 0.0054460 secs] 102341K->85152K(260032K), 0.0055860 secs] [Times: user=0.01 sys=0.00, real=0.01 secs] 
2012-10-22T11:20:14.801+0100: 233490.784: [GC 233490.784: [DefNew: 17899K->1126K(19136K), 0.0060120 secs] 102169K->85398K(260032K), 0.0061250 secs] [Times: user=0.01 sys=0.00, real=0.00 secs] 
2012-10-22T11:21:03.872+0100: 233539.855: [GC 233539.855: [DefNew: 18150K->754K(19136K), 0.0074500 secs] 102422K->85090K(260032K), 0.0075500 secs] [Times: user=0.01 sys=0.00, real=0.01 secs] 
2012-10-22T11:21:53.867+0100: 233589.850: [GC 233589.850: [DefNew: 17756K->598K(19136K), 0.0082220 secs] 102092K->84934K(260032K), 0.0083390 secs] [Times: user=0.00 sys=0.01, real=0.00 secs] 
2012-10-22T11:22:38.838+0100: 233634.821: [GC 233634.821: [DefNew: 17622K->983K(19136K), 0.0056390 secs] 101958K->85319K(260032K), 0.0057680 secs] [Times: user=0.00 sys=0.00, real=0.00 secs] 
2012-10-22T11:23:27.745+0100: 233683.728: [GC 233683.728: [DefNew: 18007K->467K(19136K), 0.0047480 secs] 102343K->84803K(260032K), 0.0048420 secs] [Times: user=0.01 sys=0.00, real=0.01 secs] 
2012-10-22T11:24:14.723+0100: 233730.706: [GC 233730.706: [DefNew: 17469K->1011K(19136K), 0.0059200 secs] 101805K->85347K(260032K), 0.0060230 secs] [Times: user=0.00 sys=0.00, real=0.01 secs] 
2012-10-22T11:25:06.172+0100: 233782.155: [GC 233782.155: [DefNew: 18028K->624K(19136K), 0.0068900 secs] 102364K->85033K(260032K), 0.0069920 secs] [Times: user=0.01 sys=0.00, real=0.01 secs] 
2012-10-22T11:25:54.343+0100: 233830.326: [GC 233830.326: [DefNew: 17635K->562K(19136K), 0.0048150 secs] 102044K->84972K(260032K), 0.0049070 secs] [Times: user=0.01 sys=0.00, real=0.01 secs] 
2012-10-22T11:26:39.714+0100: 233875.697: [GC 233875.697: [DefNew: 17564K->1000K(19136K), 0.0059050 secs] 101974K->85410K(260032K), 0.0060200 secs] [Times: user=0.01 sys=0.00, real=0.01 secs] 
2012-10-22T11:27:29.041+0100: 233925.024: [GC 233925.024: [DefNew: 18024K->877K(19136K), 0.0053670 secs] 102434K->85287K(260032K), 0.0054650 secs] [Times: user=0.00 sys=0.00, real=0.00 secs] 
2012-10-22T11:28:13.981+0100: 233969.964: [GC 233969.964: [DefNew: 17901K->973K(19136K), 0.0072110 secs] 102311K->85383K(260032K), 0.0073140 secs] [Times: user=0.00 sys=0.00, real=0.01 secs] 
2012-10-22T11:28:57.717+0100: 234013.700: [GC 234013.700: [DefNew: 17996K->809K(19136K), 0.0053280 secs] 102407K->85219K(260032K), 0.0054290 secs] [Times: user=0.01 sys=0.00, real=0.01 secs] 
2012-10-22T11:29:34.992+0100: 234050.975: [GC 234050.975: [DefNew: 17833K->1169K(19136K), 0.0063350 secs] 102243K->85579K(260032K), 0.0064430 secs] [Times: user=0.01 sys=0.00, real=0.01 secs] 
2012-10-22T11:30:24.189+0100: 234100.172: [GC 234100.172: [DefNew: 18193K->822K(19136K), 0.0058090 secs] 102603K->85264K(260032K), 0.0059200 secs] [Times: user=0.00 sys=0.01, real=0.00 secs] 
2012-10-22T11:31:14.107+0100: 234150.090: [GC 234150.090: [DefNew: 17841K->514K(19136K), 0.0047270 secs] 102284K->84957K(260032K), 0.0048210 secs] [Times: user=0.01 sys=0.00, real=0.01 secs] 
2012-10-22T11:32:04.009+0100: 234199.992: [GC 234199.992: [DefNew: 17528K->559K(19136K), 0.0049340 secs] 101970K->85001K(260032K), 0.0050360 secs] [Times: user=0.00 sys=0.00, real=0.00 secs] 
2012-10-22T11:32:49.994+0100: 234245.977: [GC 234245.977: [DefNew: 17583K->1096K(19136K), 0.0066190 secs] 102025K->85539K(260032K), 0.0067380 secs] [Times: user=0.00 sys=0.01, real=0.01 secs] 
2012-10-22T11:33:38.898+0100: 234294.881: [GC 234294.881: [DefNew: 18120K->884K(19136K), 0.0054420 secs] 102563K->85327K(260032K), 0.0055380 secs] [Times: user=0.01 sys=0.00, real=0.00 secs] 
2012-10-22T11:34:29.002+0100: 234344.985: [GC 234344.985: [DefNew: 17894K->432K(19136K), 0.0045570 secs] 102337K->84875K(260032K), 0.0046510 secs] [Times: user=0.00 sys=0.00, real=0.00 secs] 
2012-10-22T11:35:13.956+0100: 234389.939: [GC 234389.939: [DefNew: 17426K->813K(19136K), 0.0054840 secs] 101869K->85256K(260032K), 0.0055940 secs] [Times: user=0.00 sys=0.00, real=0.01 secs] 
2012-10-22T11:36:04.260+0100: 234440.243: [GC 234440.243: [DefNew: 17835K->338K(19136K), 0.0045130 secs] 102277K->84780K(260032K), 0.0046060 secs] [Times: user=0.00 sys=0.00, real=0.00 secs] 
2012-10-22T11:36:49.746+0100: 234485.729: [GC 234485.729: [DefNew: 17362K->1163K(19136K), 0.0061310 secs] 101804K->85606K(260032K), 0.0062650 secs] [Times: user=0.01 sys=0.00, real=0.01 secs] 
2012-10-22T11:37:39.454+0100: 234535.437: [GC 234535.437: [DefNew: 18187K->1216K(19136K), 0.0060590 secs] 102630K->85660K(260032K), 0.0061660 secs] [Times: user=0.00 sys=0.00, real=0.01 secs] 
2012-10-22T11:38:29.152+0100: 234585.135: [GC 234585.135: [DefNew: 18235K->525K(19136K), 0.0076510 secs] 102678K->85032K(260032K), 0.0084380 secs] [Times: user=0.00 sys=0.00, real=0.01 secs] 
2012-10-22T11:39:13.988+0100: 234629.971: [GC 234629.971: [DefNew: 17549K->911K(19136K), 0.0054730 secs] 102056K->85418K(260032K), 0.0055780 secs] [Times: user=0.00 sys=0.00, real=0.00 secs] 
2012-10-22T11:39:59.816+0100: 234675.799: [GC 234675.799: [DefNew: 17935K->1724K(19136K), 0.0097200 secs] 102442K->86231K(260032K), 0.0098560 secs] [Times: user=0.01 sys=0.00, real=0.01 secs] 
2012-10-22T11:40:49.323+0100: 234725.306: [GC 234725.306: [DefNew: 18748K->817K(19136K), 0.0137720 secs] 103255K->85604K(260032K), 0.0139000 secs] [Times: user=0.00 sys=0.00, real=0.01 secs] 
2012-10-22T11:41:38.988+0100: 234774.971: [GC 234774.971: [DefNew: 17841K->302K(19136K), 0.0045430 secs] 102628K->85089K(260032K), 0.0046400 secs] [Times: user=0.01 sys=0.00, real=0.00 secs] 
2012-10-22T11:42:24.825+0100: 234820.808: [GC 234820.808: [DefNew: 17326K->1235K(19136K), 0.0116350 secs] 102113K->86022K(260032K), 0.0117600 secs] [Times: user=0.01 sys=0.00, real=0.01 secs] 
2012-10-22T11:43:14.080+0100: 234870.063: [GC 234870.063: [DefNew: 18259K->720K(19136K), 0.0095440 secs] 103046K->85737K(260032K), 0.0096660 secs] [Times: user=0.00 sys=0.01, real=0.01 secs] 
2012-10-22T11:44:04.028+0100: 234920.011: [GC 234920.011: [DefNew: 17743K->436K(19136K), 0.0051050 secs] 102761K->85454K(260032K), 0.0052000 secs] [Times: user=0.00 sys=0.00, real=0.00 secs] 
2012-10-22T11:44:54.063+0100: 234970.046: [GC 234970.046: [DefNew: 17443K->370K(19136K), 0.0045690 secs] 102461K->85388K(260032K), 0.0046670 secs] [Times: user=0.01 sys=0.00, real=0.01 secs] 
2012-10-22T11:45:39.093+0100: 235015.076: [GC 235015.076: [DefNew: 17394K->588K(19136K), 0.0083280 secs] 102412K->85606K(260032K), 0.0084390 secs] [Times: user=0.01 sys=0.00, real=0.01 secs] 
2012-10-22T11:46:24.947+0100: 235060.930: [GC 235060.930: [DefNew: 17612K->1049K(19136K), 0.0058530 secs] 102630K->86067K(260032K), 0.0059630 secs] [Times: user=0.00 sys=0.00, real=0.01 secs] 
2012-10-22T11:47:14.188+0100: 235110.171: [GC 235110.171: [DefNew: 18073K->912K(19136K), 0.0057630 secs] 103091K->85930K(260032K), 0.0058570 secs] [Times: user=0.00 sys=0.00, real=0.00 secs] 
2012-10-22T11:47:59.198+0100: 235155.181: [GC 235155.181: [DefNew: 17936K->934K(19136K), 0.0055020 secs] 102954K->85951K(260032K), 0.0056010 secs] [Times: user=0.00 sys=0.01, real=0.00 secs] 
2012-10-22T11:48:49.224+0100: 235205.207: [GC 235205.207: [DefNew: 17958K->403K(19136K), 0.0045500 secs] 102975K->85421K(260032K), 0.0046450 secs] [Times: user=0.01 sys=0.00, real=0.01 secs] 
2012-10-22T11:49:34.800+0100: 235250.783: [GC 235250.783: [DefNew: 17399K->1062K(19136K), 0.0073910 secs] 102417K->86079K(260032K), 0.0076030 secs] [Times: user=0.01 sys=0.00, real=0.01 secs] 
2012-10-22T11:50:24.090+0100: 235300.073: [GC 235300.073: [DefNew: 18073K->527K(19136K), 0.0049640 secs] 103091K->85544K(260032K), 0.0050580 secs] [Times: user=0.01 sys=0.00, real=0.00 secs] 
2012-10-22T11:51:09.895+0100: 235345.877: [GC 235345.878: [DefNew: 17551K->1164K(19136K), 0.0061170 secs] 102568K->86181K(260032K), 0.0062330 secs] [Times: user=0.00 sys=0.00, real=0.01 secs] 
2012-10-22T11:51:59.248+0100: 235395.231: [GC 235395.231: [DefNew: 18185K->782K(19136K), 0.0196470 secs] 103202K->85958K(260032K), 0.0197580 secs] [Times: user=0.01 sys=0.00, real=0.02 secs] 
2012-10-22T11:52:49.186+0100: 235445.169: [GC 235445.169: [DefNew: 17806K->877K(19136K), 0.0062500 secs] 102982K->86053K(260032K), 0.0063490 secs] [Times: user=0.00 sys=0.00, real=0.01 secs] 
2012-10-22T11:53:34.899+0100: 235490.882: [GC 235490.882: [DefNew: 17897K->1130K(19136K), 0.0060870 secs] 103073K->86306K(260032K), 0.0062150 secs] [Times: user=0.00 sys=0.00, real=0.00 secs] 
2012-10-22T11:54:24.151+0100: 235540.134: [GC 235540.134: [DefNew: 18153K->962K(19136K), 0.0061970 secs] 103329K->86138K(260032K), 0.0063000 secs] [Times: user=0.00 sys=0.00, real=0.00 secs] 
2012-10-22T11:55:09.821+0100: 235585.804: [GC 235585.804: [DefNew: 17986K->1262K(19136K), 0.0063890 secs] 103162K->86438K(260032K), 0.0065380 secs] [Times: user=0.01 sys=0.00, real=0.01 secs] 
2012-10-22T11:55:59.122+0100: 235635.105: [GC 235635.105: [DefNew: 18286K->779K(19136K), 0.0088510 secs] 103462K->86205K(260032K), 0.0089610 secs] [Times: user=0.00 sys=0.00, real=0.01 secs] 
2012-10-22T11:56:49.334+0100: 235685.317: [GC 235685.317: [DefNew: 17776K->624K(19136K), 0.0052110 secs] 103201K->86049K(260032K), 0.0053090 secs] [Times: user=0.00 sys=0.00, real=0.01 secs] 
2012-10-22T11:57:39.110+0100: 235735.093: [GC 235735.093: [DefNew: 17648K->528K(19136K), 0.0066390 secs] 103073K->85953K(260032K), 0.0067590 secs] [Times: user=0.00 sys=0.00, real=0.00 secs] 
2012-10-22T11:58:24.151+0100: 235780.134: [GC 235780.134: [DefNew: 17525K->1134K(19136K), 0.0094880 secs] 102951K->86560K(260032K), 0.0096010 secs] [Times: user=0.00 sys=0.00, real=0.01 secs] 
2012-10-22T11:59:14.223+0100: 235830.206: [GC 235830.207: [DefNew: 18158K->857K(19136K), 0.0066780 secs] 103584K->86345K(260032K), 0.0068360 secs] [Times: user=0.01 sys=0.00, real=0.01 secs] 
2012-10-22T12:00:02.463+0100: 235878.446: [GC 235878.446: [DefNew: 17881K->537K(19136K), 0.0049400 secs] 103369K->86025K(260032K), 0.0050350 secs] [Times: user=0.01 sys=0.00, real=0.01 secs] 
2012-10-22T12:00:49.363+0100: 235925.345: [GC 235925.346: [DefNew: 17561K->1082K(19136K), 0.0086200 secs] 103049K->86569K(260032K), 0.0087380 secs] [Times: user=0.01 sys=0.00, real=0.01 secs] 
2012-10-22T12:01:39.151+0100: 235975.134: [GC 235975.134: [DefNew: 18106K->748K(19136K), 0.0074820 secs] 103593K->86309K(260032K), 0.0075720 secs] [Times: user=0.00 sys=0.00, real=0.01 secs] 
2012-10-22T12:02:29.465+0100: 236025.448: [GC 236025.448: [DefNew: 17772K->436K(19136K), 0.0046680 secs] 103333K->85998K(260032K), 0.0047600 secs] [Times: user=0.00 sys=0.00, real=0.01 secs] 
2012-10-22T12:03:14.223+0100: 236070.206: [GC 236070.207: [DefNew: 17460K->844K(19136K), 0.0057000 secs] 103022K->86406K(260032K), 0.0058170 secs] [Times: user=0.00 sys=0.00, real=0.01 secs] 
2012-10-22T12:04:04.677+0100: 236120.660: [GC 236120.660: [DefNew: 17847K->492K(19136K), 0.0048700 secs] 103409K->86054K(260032K), 0.0049660 secs] [Times: user=0.01 sys=0.00, real=0.01 secs] 
2012-10-22T12:04:50.275+0100: 236166.258: [GC 236166.258: [DefNew: 17516K->1088K(19136K), 0.0057820 secs] 103078K->86650K(260032K), 0.0058880 secs] [Times: user=0.00 sys=0.00, real=0.01 secs] 
2012-10-22T12:05:39.235+0100: 236215.218: [GC 236215.218: [DefNew: 18109K->714K(19136K), 0.0067090 secs] 103671K->86369K(260032K), 0.0068140 secs] [Times: user=0.01 sys=0.00, real=0.01 secs] 
2012-10-22T12:06:29.208+0100: 236265.191: [GC 236265.191: [DefNew: 17718K->371K(19136K), 0.0048830 secs] 103372K->86025K(260032K), 0.0051780 secs] [Times: user=0.00 sys=0.00, real=0.00 secs] 
2012-10-22T12:07:15.014+0100: 236310.997: [GC 236310.997: [DefNew: 17363K->1063K(19136K), 0.0057440 secs] 103017K->86717K(260032K), 0.0058470 secs] [Times: user=0.00 sys=0.00, real=0.01 secs] 
2012-10-22T12:08:04.393+0100: 236360.376: [GC 236360.377: [DefNew: 18084K->921K(19136K), 0.0066400 secs] 103739K->86638K(260032K), 0.0067440 secs] [Times: user=0.01 sys=0.00, real=0.01 secs] 
2012-10-22T12:08:54.214+0100: 236410.197: [GC 236410.197: [DefNew: 17927K->846K(19136K), 0.0055930 secs] 103643K->86562K(260032K), 0.0057460 secs] [Times: user=0.00 sys=0.00, real=0.01 secs] 
2012-10-22T12:09:44.327+0100: 236460.310: [GC 236460.310: [DefNew: 17869K->627K(19136K), 0.0068800 secs] 103586K->86344K(260032K), 0.0069910 secs] [Times: user=0.00 sys=0.01, real=0.01 secs] 
2012-10-22T12:10:30.292+0100: 236506.275: [GC 236506.275: [DefNew: 17651K->1164K(19136K), 0.0061880 secs] 103368K->86881K(260032K), 0.0063110 secs] [Times: user=0.01 sys=0.00, real=0.01 secs] 
2012-10-22T12:11:19.230+0100: 236555.213: [GC 236555.213: [DefNew: 18188K->987K(19136K), 0.0056160 secs] 103905K->86704K(260032K), 0.0057250 secs] [Times: user=0.00 sys=0.00, real=0.00 secs] 
2012-10-22T12:12:09.399+0100: 236605.382: [GC 236605.382: [DefNew: 18004K->986K(19136K), 0.0055850 secs] 103721K->86703K(260032K), 0.0056840 secs] [Times: user=0.00 sys=0.00, real=0.00 secs] 
2012-10-22T12:12:59.093+0100: 236655.076: [GC 236655.076: [DefNew: 18010K->933K(19136K), 0.0057020 secs] 103727K->86650K(260032K), 0.0058050 secs] [Times: user=0.00 sys=0.00, real=0.01 secs] 
2012-10-22T12:13:45.124+0100: 236701.107: [GC 236701.107: [DefNew: 17930K->1170K(19136K), 0.0061680 secs] 103647K->86887K(260032K), 0.0062690 secs] [Times: user=0.01 sys=0.00, real=0.01 secs] 
2012-10-22T12:14:35.082+0100: 236751.065: [GC 236751.065: [DefNew: 18163K->1065K(19136K), 0.0099120 secs] 103880K->86856K(260032K), 0.0100140 secs] [Times: user=0.00 sys=0.01, real=0.01 secs] 
2012-10-22T12:15:20.102+0100: 236796.085: [GC 236796.085: [DefNew: 18089K->1264K(19136K), 0.0086720 secs] 103880K->87055K(260032K), 0.0087900 secs] [Times: user=0.00 sys=0.00, real=0.01 secs] 
2012-10-22T12:16:10.116+0100: 236846.099: [GC 236846.099: [DefNew: 18288K->911K(19136K), 0.0092800 secs] 104079K->86891K(260032K), 0.0094020 secs] [Times: user=0.02 sys=0.00, real=0.01 secs] 
2012-10-22T12:16:59.420+0100: 236895.403: [GC 236895.403: [DefNew: 17927K->890K(19136K), 0.0058180 secs] 103907K->86870K(260032K), 0.0059190 secs] [Times: user=0.00 sys=0.00, real=0.00 secs] 
2012-10-22T12:17:49.273+0100: 236945.256: [GC 236945.256: [DefNew: 17914K->697K(19136K), 0.0062130 secs] 103894K->86676K(260032K), 0.0063150 secs] [Times: user=0.01 sys=0.00, real=0.01 secs] 
2012-10-22T12:18:39.346+0100: 236995.329: [GC 236995.329: [DefNew: 17721K->350K(19136K), 0.0046980 secs] 103700K->86330K(260032K), 0.0047930 secs] [Times: user=0.01 sys=0.00, real=0.01 secs] 
2012-10-22T12:19:24.451+0100: 237040.434: [GC 237040.434: [DefNew: 17362K->894K(19136K), 0.0055260 secs] 103342K->86873K(260032K), 0.0056240 secs] [Times: user=0.00 sys=0.00, real=0.00 secs] 
2012-10-22T12:20:10.133+0100: 237086.116: [GC 237086.117: [DefNew: 17903K->1077K(19136K), 0.0136680 secs] 103883K->87131K(260032K), 0.0138410 secs] [Times: user=0.01 sys=0.00, real=0.02 secs] 
2012-10-22T12:20:59.399+0100: 237135.382: [GC 237135.382: [DefNew: 18101K->732K(19136K), 0.0067050 secs] 104155K->86848K(260032K), 0.0068040 secs] [Times: user=0.00 sys=0.01, real=0.00 secs] 
2012-10-22T12:21:49.471+0100: 237185.454: [GC 237185.454: [DefNew: 17750K->661K(19136K), 0.0049840 secs] 103865K->86777K(260032K), 0.0050810 secs] [Times: user=0.00 sys=0.00, real=0.00 secs] 
2012-10-22T12:22:35.130+0100: 237231.113: [GC 237231.113: [DefNew: 17685K->1651K(19136K), 0.0062770 secs] 103801K->87841K(260032K), 0.0063910 secs] [Times: user=0.00 sys=0.00, real=0.00 secs] 
2012-10-22T12:23:24.529+0100: 237280.512: [GC 237280.512: [DefNew: 18669K->651K(19136K), 0.0066790 secs] 104858K->86967K(260032K), 0.0067770 secs] [Times: user=0.01 sys=0.00, real=0.00 secs] 
2012-10-22T12:24:10.162+0100: 237326.145: [GC 237326.145: [DefNew: 17675K->1071K(19136K), 0.0062700 secs] 103991K->87386K(260032K), 0.0063760 secs] [Times: user=0.01 sys=0.00, real=0.01 secs] 
2012-10-22T12:25:00.124+0100: 237376.107: [GC 237376.107: [DefNew: 18095K->1097K(19136K), 0.0063450 secs] 104410K->87413K(260032K), 0.0064470 secs] [Times: user=0.01 sys=0.00, real=0.01 secs] 
2012-10-22T12:25:49.324+0100: 237425.307: [GC 237425.307: [DefNew: 18119K->881K(19136K), 0.0064180 secs] 104435K->87259K(260032K), 0.0066630 secs] [Times: user=0.01 sys=0.00, real=0.01 secs] 
2012-10-22T12:26:39.348+0100: 237475.331: [GC 237475.331: [DefNew: 17905K->848K(19136K), 0.0060780 secs] 104283K->87226K(260032K), 0.0061800 secs] [Times: user=0.01 sys=0.00, real=0.00 secs] 
2012-10-22T12:27:25.160+0100: 237521.143: [GC 237521.143: [DefNew: 17872K->1127K(19136K), 0.0098410 secs] 104250K->87505K(260032K), 0.0099730 secs] [Times: user=0.01 sys=0.00, real=0.01 secs] 
2012-10-22T12:28:14.385+0100: 237570.368: [GC 237570.368: [DefNew: 18151K->860K(19136K), 0.0050080 secs] 104529K->87238K(260032K), 0.0051060 secs] [Times: user=0.01 sys=0.00, real=0.01 secs] 
2012-10-22T12:28:56.986+0100: 237612.969: [GC 237612.969: [DefNew: 17884K->677K(19136K), 0.0053830 secs] 104262K->87055K(260032K), 0.0054810 secs] [Times: user=0.01 sys=0.00, real=0.01 secs] 
2012-10-22T12:29:34.616+0100: 237650.599: [GC 237650.599: [DefNew: 17677K->663K(19136K), 0.0051410 secs] 104055K->87041K(260032K), 0.0052360 secs] [Times: user=0.01 sys=0.00, real=0.01 secs] 
2012-10-22T12:30:20.171+0100: 237696.154: [GC 237696.154: [DefNew: 17687K->1196K(19136K), 0.0085900 secs] 104065K->87574K(260032K), 0.0087310 secs] [Times: user=0.01 sys=0.00, real=0.01 secs] 
2012-10-22T12:31:10.218+0100: 237746.201: [GC 237746.201: [DefNew: 18216K->877K(19136K), 0.0066240 secs] 104594K->87321K(260032K), 0.0067300 secs] [Times: user=0.01 sys=0.00, real=0.00 secs] 
2012-10-22T12:31:59.431+0100: 237795.414: [GC 237795.414: [DefNew: 17883K->461K(19136K), 0.0143870 secs] 104327K->86904K(260032K), 0.0145000 secs] [Times: user=0.00 sys=0.00, real=0.01 secs] 
2012-10-22T12:32:45.164+0100: 237841.147: [GC 237841.147: [DefNew: 17454K->1189K(19136K), 0.0101320 secs] 103897K->87632K(260032K), 0.0102590 secs] [Times: user=0.00 sys=0.00, real=0.01 secs] 
2012-10-22T12:33:35.178+0100: 237891.161: [GC 237891.161: [DefNew: 18213K->1033K(19136K), 0.0067360 secs] 104656K->87541K(260032K), 0.0068790 secs] [Times: user=0.01 sys=0.00, real=0.00 secs] 
2012-10-22T12:34:24.704+0100: 237940.687: [GC 237940.687: [DefNew: 18031K->685K(19136K), 0.0050360 secs] 104539K->87193K(260032K), 0.0051330 secs] [Times: user=0.01 sys=0.00, real=0.01 secs] 
2012-10-22T12:35:10.141+0100: 237986.124: [GC 237986.124: [DefNew: 17709K->1130K(19136K), 0.0105580 secs] 104217K->87637K(260032K), 0.0106800 secs] [Times: user=0.00 sys=0.00, real=0.01 secs] 
2012-10-22T12:35:59.459+0100: 238035.442: [GC 238035.442: [DefNew: 18154K->849K(19136K), 0.0059590 secs] 104661K->87451K(260032K), 0.0060560 secs] [Times: user=0.00 sys=0.01, real=0.00 secs] 
2012-10-22T12:36:49.421+0100: 238085.404: [GC 238085.404: [DefNew: 17849K->686K(19136K), 0.0090390 secs] 104451K->87288K(260032K), 0.0091490 secs] [Times: user=0.01 sys=0.00, real=0.01 secs] 
2012-10-22T12:37:35.237+0100: 238131.220: [GC 238131.220: [DefNew: 17710K->1093K(19136K), 0.0069210 secs] 104312K->87695K(260032K), 0.0070390 secs] [Times: user=0.01 sys=0.00, real=0.01 secs] 
2012-10-22T12:38:24.533+0100: 238180.516: [GC 238180.516: [DefNew: 18117K->850K(19136K), 0.0068930 secs] 104719K->87451K(260032K), 0.0069940 secs] [Times: user=0.00 sys=0.00, real=0.01 secs] 
2012-10-22T12:39:14.420+0100: 238230.403: [GC 238230.403: [DefNew: 17871K->655K(19136K), 0.0050570 secs] 104472K->87257K(260032K), 0.0051520 secs] [Times: user=0.00 sys=0.00, real=0.00 secs] 
2012-10-22T12:40:00.600+0100: 238276.583: [GC 238276.583: [DefNew: 17679K->1136K(19136K), 0.0062100 secs] 104281K->87738K(260032K), 0.0063160 secs] [Times: user=0.00 sys=0.00, real=0.00 secs] 
2012-10-22T12:40:49.508+0100: 238325.491: [GC 238325.491: [DefNew: 18154K->781K(19136K), 0.0091650 secs] 104755K->87383K(260032K), 0.0092690 secs] [Times: user=0.00 sys=0.00, real=0.01 secs] 
2012-10-22T12:41:39.520+0100: 238375.503: [GC 238375.503: [DefNew: 17805K->594K(19136K), 0.0060140 secs] 104407K->87196K(260032K), 0.0061420 secs] [Times: user=0.00 sys=0.00, real=0.00 secs] 
2012-10-22T12:42:25.265+0100: 238421.248: [GC 238421.248: [DefNew: 17615K->1048K(19136K), 0.0059460 secs] 104217K->87650K(260032K), 0.0060570 secs] [Times: user=0.01 sys=0.00, real=0.01 secs] 
2012-10-22T12:43:14.424+0100: 238470.407: [GC 238470.407: [DefNew: 18061K->825K(19136K), 0.0097720 secs] 104663K->87427K(260032K), 0.0098960 secs] [Times: user=0.00 sys=0.00, real=0.01 secs] 
2012-10-22T12:44:00.329+0100: 238516.312: [GC 238516.312: [DefNew: 17849K->1321K(19136K), 0.0064280 secs] 104451K->87923K(260032K), 0.0065390 secs] [Times: user=0.01 sys=0.00, real=0.00 secs] 
2012-10-22T12:44:50.257+0100: 238566.240: [GC 238566.240: [DefNew: 18332K->1001K(19136K), 0.0133740 secs] 104934K->87866K(260032K), 0.0135080 secs] [Times: user=0.01 sys=0.00, real=0.02 secs] 
2012-10-22T12:45:36.144+0100: 238612.127: [GC 238612.128: [DefNew: 18025K->1159K(19136K), 0.0060740 secs] 104890K->88024K(260032K), 0.0061780 secs] [Times: user=0.01 sys=0.00, real=0.01 secs] 
2012-10-22T12:46:24.564+0100: 238660.547: [GC 238660.547: [DefNew: 18183K->977K(19136K), 0.0056990 secs] 105048K->87842K(260032K), 0.0058060 secs] [Times: user=0.01 sys=0.00, real=0.01 secs] 
2012-10-22T12:47:14.548+0100: 238710.531: [GC 238710.531: [DefNew: 18001K->973K(19136K), 0.0058000 secs] 104866K->87838K(260032K), 0.0058980 secs] [Times: user=0.01 sys=0.00, real=0.00 secs] 
2012-10-22T12:48:04.625+0100: 238760.608: [GC 238760.608: [DefNew: 17997K->746K(19136K), 0.0052070 secs] 104862K->87611K(260032K), 0.0053080 secs] [Times: user=0.01 sys=0.00, real=0.01 secs] 
2012-10-22T12:48:49.581+0100: 238805.564: [GC 238805.564: [DefNew: 17744K->877K(19136K), 0.0054960 secs] 104610K->87742K(260032K), 0.0055980 secs] [Times: user=0.00 sys=0.00, real=0.00 secs] 
2012-10-22T12:49:39.319+0100: 238855.302: [GC 238855.302: [DefNew: 17901K->656K(19136K), 0.0074860 secs] 104766K->87521K(260032K), 0.0075950 secs] [Times: user=0.00 sys=0.00, real=0.00 secs] 
2012-10-22T12:50:29.591+0100: 238905.574: [GC 238905.574: [DefNew: 17676K->310K(19136K), 0.0043470 secs] 104541K->87175K(260032K), 0.0044410 secs] [Times: user=0.00 sys=0.00, real=0.00 secs] 
2012-10-22T12:51:14.578+0100: 238950.561: [GC 238950.561: [DefNew: 17334K->975K(19136K), 0.0055850 secs] 104199K->87840K(260032K), 0.0056840 secs] [Times: user=0.00 sys=0.00, real=0.00 secs] 
2012-10-22T12:52:00.399+0100: 238996.382: [GC 238996.382: [DefNew: 17999K->1071K(19136K), 0.0058590 secs] 104864K->87937K(260032K), 0.0059640 secs] [Times: user=0.01 sys=0.00, real=0.00 secs] 
2012-10-22T12:52:49.655+0100: 239045.638: [GC 239045.638: [DefNew: 18092K->782K(19136K), 0.0060640 secs] 104957K->87709K(260032K), 0.0061770 secs] [Times: user=0.01 sys=0.00, real=0.01 secs] 
2012-10-22T12:53:39.731+0100: 239095.714: [GC 239095.714: [DefNew: 17806K->846K(19136K), 0.0061750 secs] 104733K->87774K(260032K), 0.0062750 secs] [Times: user=0.01 sys=0.00, real=0.01 secs] 
2012-10-22T12:54:25.793+0100: 239141.776: [GC 239141.776: [DefNew: 17870K->1229K(19136K), 0.0064750 secs] 104798K->88156K(260032K), 0.0065780 secs] [Times: user=0.00 sys=0.00, real=0.01 secs] 
2012-10-22T12:55:15.686+0100: 239191.669: [GC 239191.669: [DefNew: 18233K->937K(19136K), 0.0063400 secs] 105160K->87928K(260032K), 0.0064490 secs] [Times: user=0.00 sys=0.00, real=0.01 secs] 
2012-10-22T12:56:00.432+0100: 239236.415: [GC 239236.415: [DefNew: 17958K->1002K(19136K), 0.0062610 secs] 104948K->87993K(260032K), 0.0063630 secs] [Times: user=0.00 sys=0.00, real=0.01 secs] 
2012-10-22T12:56:50.535+0100: 239286.518: [GC 239286.518: [DefNew: 18015K->1096K(19136K), 0.0064320 secs] 105006K->88087K(260032K), 0.0065390 secs] [Times: user=0.01 sys=0.00, real=0.01 secs] 
2012-10-22T12:57:39.881+0100: 239335.864: [GC 239335.864: [DefNew: 18120K->789K(19136K), 0.0056150 secs] 105111K->87780K(260032K), 0.0057340 secs] [Times: user=0.00 sys=0.00, real=0.00 secs] 
2012-10-22T12:58:29.700+0100: 239385.683: [GC 239385.683: [DefNew: 17813K->654K(19136K), 0.0052470 secs] 104804K->87645K(260032K), 0.0053450 secs] [Times: user=0.00 sys=0.00, real=0.00 secs] 
2012-10-22T12:59:15.422+0100: 239431.405: [GC 239431.405: [DefNew: 17678K->1039K(19136K), 0.0065830 secs] 104669K->88030K(260032K), 0.0066920 secs] [Times: user=0.01 sys=0.00, real=0.01 secs] 
2012-10-22T13:00:02.521+0100: 239478.503: [GC 239478.504: [DefNew: 18063K->1026K(19136K), 0.0061110 secs] 105054K->88017K(260032K), 0.0062100 secs] [Times: user=0.00 sys=0.00, real=0.00 secs] 
2012-10-22T13:00:50.373+0100: 239526.356: [GC 239526.356: [DefNew: 18050K->1182K(19136K), 0.0066460 secs] 105041K->88173K(260032K), 0.0067660 secs] [Times: user=0.00 sys=0.00, real=0.01 secs] 
2012-10-22T13:01:40.445+0100: 239576.428: [GC 239576.428: [DefNew: 18196K->1002K(19136K), 0.0070550 secs] 105187K->88128K(260032K), 0.0071690 secs] [Times: user=0.00 sys=0.00, real=0.01 secs] 
2012-10-22T13:02:29.932+0100: 239625.915: [GC 239625.915: [DefNew: 18024K->936K(19136K), 0.0061280 secs] 105151K->88062K(260032K), 0.0062670 secs] [Times: user=0.01 sys=0.00, real=0.01 secs] 
2012-10-22T13:03:20.445+0100: 239676.428: [GC 239676.428: [DefNew: 17960K->1092K(19136K), 0.0062960 secs] 105086K->88219K(260032K), 0.0064140 secs] [Times: user=0.01 sys=0.00, real=0.01 secs] 
2012-10-22T13:03:57.875+0100: 239713.858: [GC 239713.858: [DefNew: 18116K->1954K(19136K), 0.0089530 secs] 105243K->89205K(260032K), 0.0090800 secs] [Times: user=0.01 sys=0.00, real=0.01 secs] 
2012-10-22T13:04:25.686+0100: 239741.669: [GC 239741.670: [DefNew: 18978K->831K(19136K), 0.0083720 secs] 106229K->88343K(260032K), 0.0084960 secs] [Times: user=0.01 sys=0.00, real=0.01 secs] 
2012-10-22T13:05:15.614+0100: 239791.597: [GC 239791.597: [DefNew: 17836K->1040K(19136K), 0.0059630 secs] 105347K->88551K(260032K), 0.0060710 secs] [Times: user=0.01 sys=0.00, real=0.01 secs] 
2012-10-22T13:06:00.431+0100: 239836.414: [GC 239836.414: [DefNew: 18064K->1047K(19136K), 0.0058750 secs] 105575K->88559K(260032K), 0.0059810 secs] [Times: user=0.00 sys=0.00, real=0.00 secs] 
2012-10-22T13:06:50.378+0100: 239886.361: [GC 239886.362: [DefNew: 18071K->1139K(19136K), 0.0059090 secs] 105583K->88650K(260032K), 0.0060190 secs] [Times: user=0.00 sys=0.00, real=0.00 secs] 
2012-10-22T13:07:39.928+0100: 239935.911: [GC 239935.911: [DefNew: 18163K->686K(19136K), 0.0042110 secs] 105674K->88302K(260032K), 0.0042890 secs] [Times: user=0.00 sys=0.00, real=0.00 secs] 
2012-10-22T13:08:30.095+0100: 239986.078: [GC 239986.078: [DefNew: 17690K->497K(19136K), 0.0046400 secs] 105305K->88113K(260032K), 0.0047360 secs] [Times: user=0.00 sys=0.00, real=0.01 secs] 
2012-10-22T13:09:14.747+0100: 240030.730: [GC 240030.730: [DefNew: 17521K->685K(19136K), 0.0051000 secs] 105137K->88301K(260032K), 0.0051990 secs] [Times: user=0.00 sys=0.00, real=0.01 secs] 
2012-10-22T13:10:00.490+0100: 240076.473: [GC 240076.473: [DefNew: 17680K->1064K(19136K), 0.0058970 secs] 105296K->88680K(260032K), 0.0060010 secs] [Times: user=0.00 sys=0.00, real=0.00 secs] 
2012-10-22T13:10:49.666+0100: 240125.649: [GC 240125.649: [DefNew: 18088K->627K(19136K), 0.0055990 secs] 105704K->88243K(260032K), 0.0070170 secs] [Times: user=0.01 sys=0.00, real=0.01 secs] 
2012-10-22T13:11:39.959+0100: 240175.942: [GC 240175.942: [DefNew: 17651K->559K(19136K), 0.0049320 secs] 105267K->88175K(260032K), 0.0050460 secs] [Times: user=0.00 sys=0.00, real=0.00 secs] 
2012-10-22T13:12:25.423+0100: 240221.406: [GC 240221.406: [DefNew: 17583K->1108K(19136K), 0.0059220 secs] 105199K->88724K(260032K), 0.0060850 secs] [Times: user=0.01 sys=0.00, real=0.01 secs] 
2012-10-22T13:13:15.558+0100: 240271.541: [GC 240271.541: [DefNew: 18132K->1148K(19136K), 0.0150490 secs] 105748K->88899K(260032K), 0.0151710 secs] [Times: user=0.01 sys=0.00, real=0.01 secs] 
2012-10-22T13:14:04.689+0100: 240320.672: [GC 240320.672: [DefNew: 18157K->624K(19136K), 0.0051600 secs] 105909K->88409K(260032K), 0.0052570 secs] [Times: user=0.00 sys=0.00, real=0.00 secs] 
2012-10-22T13:14:54.658+0100: 240370.641: [GC 240370.641: [DefNew: 17621K->622K(19136K), 0.0061400 secs] 105406K->88407K(260032K), 0.0062520 secs] [Times: user=0.01 sys=0.00, real=0.00 secs] 
2012-10-22T13:15:39.766+0100: 240415.748: [GC 240415.749: [DefNew: 17640K->813K(19136K), 0.0052280 secs] 105425K->88598K(260032K), 0.0053340 secs] [Times: user=0.01 sys=0.00, real=0.01 secs] 
2012-10-22T13:16:25.479+0100: 240461.462: [GC 240461.462: [DefNew: 17837K->1397K(19136K), 0.0045640 secs] 105622K->89182K(260032K), 0.0046610 secs] [Times: user=0.00 sys=0.00, real=0.00 secs] 
2012-10-22T13:17:14.776+0100: 240510.759: [GC 240510.759: [DefNew: 18421K->817K(19136K), 0.0076340 secs] 106206K->88739K(260032K), 0.0077340 secs] [Times: user=0.01 sys=0.00, real=0.01 secs] 
2012-10-22T13:18:04.794+0100: 240560.777: [GC 240560.777: [DefNew: 17828K->751K(19136K), 0.0055300 secs] 105750K->88673K(260032K), 0.0056250 secs] [Times: user=0.01 sys=0.00, real=0.01 secs] 
2012-10-22T13:18:54.739+0100: 240610.722: [GC 240610.722: [DefNew: 17770K->339K(19136K), 0.0044290 secs] 105692K->88261K(260032K), 0.0045230 secs] [Times: user=0.00 sys=0.00, real=0.00 secs] 
2012-10-22T13:19:40.597+0100: 240656.580: [GC 240656.580: [DefNew: 17354K->1074K(19136K), 0.0058100 secs] 105276K->88996K(260032K), 0.0060010 secs] [Times: user=0.01 sys=0.00, real=0.01 secs] 
2012-10-22T13:20:24.771+0100: 240700.754: [GC 240700.754: [DefNew: 18098K->853K(19136K), 0.0077110 secs] 106020K->88838K(260032K), 0.0078190 secs] [Times: user=0.01 sys=0.00, real=0.01 secs] 
2012-10-22T13:21:14.889+0100: 240750.872: [GC 240750.872: [DefNew: 17870K->444K(19136K), 0.0047920 secs] 105856K->88429K(260032K), 0.0049470 secs] [Times: user=0.01 sys=0.00, real=0.00 secs] 
2012-10-22T13:21:59.805+0100: 240795.788: [GC 240795.788: [DefNew: 17468K->1202K(19136K), 0.0062860 secs] 105453K->89187K(260032K), 0.0063950 secs] [Times: user=0.01 sys=0.00, real=0.01 secs] 
2012-10-22T13:22:50.699+0100: 240846.681: [GC 240846.682: [DefNew: 18226K->969K(19136K), 0.0066630 secs] 106211K->89028K(260032K), 0.0067680 secs] [Times: user=0.01 sys=0.00, real=0.00 secs] 
2012-10-22T13:23:39.797+0100: 240895.780: [GC 240895.780: [DefNew: 17993K->881K(19136K), 0.0056050 secs] 106052K->88940K(260032K), 0.0057090 secs] [Times: user=0.00 sys=0.01, real=0.01 secs] 
2012-10-22T13:24:29.772+0100: 240945.755: [GC 240945.755: [DefNew: 17888K->403K(19136K), 0.0051790 secs] 105947K->88462K(260032K), 0.0052760 secs] [Times: user=0.01 sys=0.00, real=0.00 secs] 
2012-10-22T13:25:12.767+0100: 240988.750: [GC 240988.750: [DefNew: 17402K->1000K(19136K), 0.0039450 secs] 105461K->89060K(260032K), 0.0040240 secs] [Times: user=0.00 sys=0.00, real=0.01 secs] 
2012-10-22T13:25:59.873+0100: 241035.856: [GC 241035.856: [DefNew: 18012K->782K(19136K), 0.0054930 secs] 106071K->88841K(260032K), 0.0055900 secs] [Times: user=0.01 sys=0.00, real=0.01 secs] 
2012-10-22T13:26:50.132+0100: 241086.115: [GC 241086.115: [DefNew: 17797K->494K(19136K), 0.0046770 secs] 105856K->88553K(260032K), 0.0047710 secs] [Times: user=0.00 sys=0.00, real=0.00 secs] 
2012-10-22T13:27:39.979+0100: 241135.962: [GC 241135.962: [DefNew: 17518K->687K(19136K), 0.0070610 secs] 105577K->88746K(260032K), 0.0078400 secs] [Times: user=0.00 sys=0.00, real=0.00 secs] 
2012-10-22T13:28:29.024+0100: 241185.007: [GC 241185.007: [DefNew: 17711K->393K(19136K), 0.0045170 secs] 105770K->88452K(260032K), 0.0046130 secs] [Times: user=0.01 sys=0.00, real=0.01 secs] 
2012-10-22T13:28:59.931+0100: 241215.914: [GC 241215.914: [DefNew: 17415K->1759K(19136K), 0.0083080 secs] 105474K->89880K(260032K), 0.0084300 secs] [Times: user=0.00 sys=0.00, real=0.01 secs] 
2012-10-22T13:29:29.839+0100: 241245.822: [GC 241245.822: [DefNew: 18783K->225K(19136K), 0.0101590 secs] 106904K->88645K(260032K), 0.0102940 secs] [Times: user=0.00 sys=0.01, real=0.01 secs] 
2012-10-22T13:30:15.881+0100: 241291.864: [GC 241291.864: [DefNew: 17249K->979K(19136K), 0.0060120 secs] 105669K->89399K(260032K), 0.0061110 secs] [Times: user=0.00 sys=0.00, real=0.00 secs] 
2012-10-22T13:31:05.673+0100: 241341.656: [GC 241341.656: [DefNew: 18003K->1002K(19136K), 0.0060420 secs] 106423K->89421K(260032K), 0.0061590 secs] [Times: user=0.01 sys=0.00, real=0.01 secs] 
2012-10-22T13:31:54.780+0100: 241390.763: [GC 241390.763: [DefNew: 18026K->979K(19136K), 0.0056580 secs] 106445K->89399K(260032K), 0.0057540 secs] [Times: user=0.00 sys=0.00, real=0.00 secs] 
2012-10-22T13:32:44.975+0100: 241440.958: [GC 241440.958: [DefNew: 18003K->563K(19136K), 0.0034370 secs] 106423K->88984K(260032K), 0.0035110 secs] [Times: user=0.01 sys=0.00, real=0.01 secs] 
2012-10-22T13:33:34.868+0100: 241490.851: [GC 241490.851: [DefNew: 17586K->701K(19136K), 0.0051680 secs] 106007K->89122K(260032K), 0.0058670 secs] [Times: user=0.00 sys=0.00, real=0.00 secs] 
2012-10-22T13:34:20.674+0100: 241536.657: [GC 241536.657: [DefNew: 17725K->1142K(19136K), 0.0059600 secs] 106146K->89563K(260032K), 0.0060820 secs] [Times: user=0.01 sys=0.00, real=0.01 secs] 
2012-10-22T13:35:05.915+0100: 241581.898: [GC 241581.898: [DefNew: 18166K->964K(19136K), 0.0086190 secs] 106587K->89512K(260032K), 0.0087370 secs] [Times: user=0.01 sys=0.00, real=0.01 secs] 
2012-10-22T13:35:55.211+0100: 241631.194: [GC 241631.194: [DefNew: 17978K->907K(19136K), 0.0050590 secs] 106526K->89455K(260032K), 0.0051590 secs] [Times: user=0.00 sys=0.00, real=0.00 secs] 
2012-10-22T13:36:45.108+0100: 241681.091: [GC 241681.091: [DefNew: 17931K->850K(19136K), 0.0061120 secs] 106479K->89398K(260032K), 0.0062250 secs] [Times: user=0.00 sys=0.00, real=0.00 secs] 
2012-10-22T13:37:30.709+0100: 241726.692: [GC 241726.693: [DefNew: 17848K->1036K(19136K), 0.0056960 secs] 106396K->89583K(260032K), 0.0058500 secs] [Times: user=0.01 sys=0.00, real=0.00 secs] 
2012-10-22T13:38:20.747+0100: 241776.730: [GC 241776.730: [DefNew: 18060K->969K(19136K), 0.0060800 secs] 106607K->89517K(260032K), 0.0061950 secs] [Times: user=0.01 sys=0.00, real=0.00 secs] 
2012-10-22T13:39:05.754+0100: 241821.737: [GC 241821.737: [DefNew: 17993K->1163K(19136K), 0.0098400 secs] 106541K->89710K(260032K), 0.0099550 secs] [Times: user=0.01 sys=0.00, real=0.01 secs] 
2012-10-22T13:39:54.988+0100: 241870.971: [GC 241870.971: [DefNew: 18187K->1071K(19136K), 0.0112700 secs] 106734K->89682K(260032K), 0.0114010 secs] [Times: user=0.01 sys=0.00, real=0.01 secs] 
2012-10-22T13:40:45.160+0100: 241921.143: [GC 241921.143: [DefNew: 18090K->625K(19136K), 0.0101080 secs] 106700K->89297K(260032K), 0.0101870 secs] [Times: user=0.00 sys=0.00, real=0.01 secs] 
2012-10-22T13:41:30.705+0100: 241966.688: [GC 241966.688: [DefNew: 17649K->1130K(19136K), 0.0063860 secs] 106321K->89803K(260032K), 0.0065130 secs] [Times: user=0.01 sys=0.00, real=0.01 secs] 
2012-10-22T13:42:19.981+0100: 242015.964: [GC 242015.964: [DefNew: 18137K->852K(19136K), 0.0056960 secs] 106810K->89525K(260032K), 0.0058030 secs] [Times: user=0.00 sys=0.01, real=0.00 secs] 
2012-10-22T13:43:09.991+0100: 242065.974: [GC 242065.974: [DefNew: 17846K->791K(19136K), 0.0036310 secs] 106519K->89464K(260032K), 0.0037180 secs] [Times: user=0.00 sys=0.00, real=0.00 secs] 
2012-10-22T13:43:55.684+0100: 242111.667: [GC 242111.667: [DefNew: 17815K->1298K(19136K), 0.0065000 secs] 106488K->89971K(260032K), 0.0066120 secs] [Times: user=0.01 sys=0.00, real=0.01 secs] 
2012-10-22T13:44:45.738+0100: 242161.721: [GC 242161.721: [DefNew: 18322K->846K(19136K), 0.0077800 secs] 106995K->89716K(260032K), 0.0079020 secs] [Times: user=0.01 sys=0.00, real=0.00 secs] 
2012-10-22T13:45:35.144+0100: 242211.127: [GC 242211.127: [DefNew: 17870K->784K(19136K), 0.0056730 secs] 106740K->89655K(260032K), 0.0057810 secs] [Times: user=0.01 sys=0.00, real=0.01 secs] 
2012-10-22T13:46:20.740+0100: 242256.723: [GC 242256.723: [DefNew: 17808K->1097K(19136K), 0.0066120 secs] 106679K->89968K(260032K), 0.0067160 secs] [Times: user=0.01 sys=0.00, real=0.00 secs] 
2012-10-22T13:47:11.110+0100: 242307.093: [GC 242307.093: [DefNew: 18121K->973K(19136K), 0.0059910 secs] 106992K->89906K(260032K), 0.0060940 secs] [Times: user=0.00 sys=0.00, real=0.00 secs] 
2012-10-22T13:48:00.130+0100: 242356.112: [GC 242356.113: [DefNew: 17989K->912K(19136K), 0.0059200 secs] 106922K->89845K(260032K), 0.0060460 secs] [Times: user=0.00 sys=0.00, real=0.00 secs] 
2012-10-22T13:48:49.975+0100: 242405.958: [GC 242405.958: [DefNew: 17933K->832K(19136K), 0.0061330 secs] 106866K->89765K(260032K), 0.0062280 secs] [Times: user=0.00 sys=0.00, real=0.01 secs] 
2012-10-22T13:49:40.029+0100: 242456.012: [GC 242456.012: [DefNew: 17852K->819K(19136K), 0.0054690 secs] 106785K->89753K(260032K), 0.0055680 secs] [Times: user=0.00 sys=0.00, real=0.00 secs] 
2012-10-22T13:50:24.993+0100: 242500.976: [GC 242500.976: [DefNew: 17843K->912K(19136K), 0.0064700 secs] 106777K->89845K(260032K), 0.0065800 secs] [Times: user=0.00 sys=0.00, real=0.01 secs] 
2012-10-22T13:51:11.939+0100: 242547.922: [GC 242547.922: [DefNew: 17936K->1091K(19136K), 0.0058830 secs] 106869K->90025K(260032K), 0.0059860 secs] [Times: user=0.00 sys=0.00, real=0.00 secs] 
2012-10-22T13:52:00.784+0100: 242596.767: [GC 242596.767: [DefNew: 18115K->1092K(19136K), 0.0060570 secs] 107049K->90025K(260032K), 0.0061650 secs] [Times: user=0.01 sys=0.00, real=0.01 secs] 
2012-10-22T13:52:50.763+0100: 242646.745: [GC 242646.746: [DefNew: 18116K->1036K(19136K), 0.0068090 secs] 107049K->90033K(260032K), 0.0069170 secs] [Times: user=0.01 sys=0.00, real=0.01 secs] 
2012-10-22T13:53:40.102+0100: 242696.085: [GC 242696.085: [DefNew: 18059K->846K(19136K), 0.0055820 secs] 107057K->89843K(260032K), 0.0061380 secs] [Times: user=0.00 sys=0.00, real=0.01 secs] 
2012-10-22T13:54:30.075+0100: 242746.058: [GC 242746.058: [DefNew: 17870K->339K(19136K), 0.0045450 secs] 106867K->89336K(260032K), 0.0046360 secs] [Times: user=0.00 sys=0.00, real=0.01 secs] 
2012-10-22T13:55:15.017+0100: 242790.999: [GC 242791.000: [DefNew: 17363K->625K(19136K), 0.0059260 secs] 106360K->89622K(260032K), 0.0060180 secs] [Times: user=0.01 sys=0.00, real=0.01 secs] 
2012-10-22T13:56:00.852+0100: 242836.835: [GC 242836.835: [DefNew: 17649K->1063K(19136K), 0.0059480 secs] 106646K->90060K(260032K), 0.0060520 secs] [Times: user=0.00 sys=0.00, real=0.01 secs] 
2012-10-22T13:56:50.091+0100: 242886.074: [GC 242886.074: [DefNew: 18087K->880K(19136K), 0.0054740 secs] 107084K->89877K(260032K), 0.0055730 secs] [Times: user=0.00 sys=0.00, real=0.00 secs] 
2012-10-22T13:57:40.016+0100: 242935.999: [GC 242935.999: [DefNew: 17903K->839K(19136K), 0.0055050 secs] 106900K->89836K(260032K), 0.0056060 secs] [Times: user=0.00 sys=0.00, real=0.01 secs] 
2012-10-22T13:58:30.134+0100: 242986.117: [GC 242986.118: [DefNew: 17863K->627K(19136K), 0.0050020 secs] 106860K->89624K(260032K), 0.0050980 secs] [Times: user=0.01 sys=0.00, real=0.01 secs] 
2012-10-22T13:59:15.917+0100: 243031.900: [GC 243031.900: [DefNew: 17651K->1175K(19136K), 0.0063660 secs] 106648K->90172K(260032K), 0.0064800 secs] [Times: user=0.00 sys=0.00, real=0.01 secs] 
2012-10-22T14:00:05.074+0100: 243081.057: [GC 243081.057: [DefNew: 18184K->714K(19136K), 0.0060700 secs] 107181K->89786K(260032K), 0.0061730 secs] [Times: user=0.01 sys=0.00, real=0.01 secs] 
2012-10-22T14:00:55.263+0100: 243131.245: [GC 243131.246: [DefNew: 17738K->874K(19136K), 0.0056380 secs] 106810K->89947K(260032K), 0.0057410 secs] [Times: user=0.01 sys=0.00, real=0.01 secs] 
2012-10-22T14:01:45.186+0100: 243181.169: [GC 243181.169: [DefNew: 17898K->502K(19136K), 0.0033170 secs] 106971K->89575K(260032K), 0.0034060 secs] [Times: user=0.00 sys=0.00, real=0.01 secs] 
2012-10-22T14:02:31.068+0100: 243227.051: [GC 243227.051: [DefNew: 17526K->1033K(19136K), 0.0058080 secs] 106599K->90106K(260032K), 0.0059040 secs] [Times: user=0.00 sys=0.00, real=0.00 secs] 
2012-10-22T14:03:20.230+0100: 243276.213: [GC 243276.213: [DefNew: 18057K->920K(19136K), 0.0055040 secs] 107130K->89993K(260032K), 0.0056000 secs] [Times: user=0.00 sys=0.00, real=0.00 secs] 
2012-10-22T14:04:10.309+0100: 243326.292: [GC 243326.292: [DefNew: 17935K->653K(19136K), 0.0051180 secs] 107008K->89726K(260032K), 0.0052130 secs] [Times: user=0.00 sys=0.01, real=0.00 secs] 
2012-10-22T14:05:00.189+0100: 243376.172: [GC 243376.173: [DefNew: 17667K->309K(19136K), 0.0048270 secs] 106740K->89382K(260032K), 0.0049550 secs] [Times: user=0.00 sys=0.01, real=0.00 secs] 
2012-10-22T14:05:45.642+0100: 243421.624: [GC 243421.625: [DefNew: 17302K->1096K(19136K), 0.0062040 secs] 106375K->90169K(260032K), 0.0063160 secs] [Times: user=0.01 sys=0.00, real=0.01 secs] 
2012-10-22T14:06:35.342+0100: 243471.325: [GC 243471.325: [DefNew: 18110K->748K(19136K), 0.0055170 secs] 107183K->89947K(260032K), 0.0056320 secs] [Times: user=0.01 sys=0.00, real=0.01 secs] 
2012-10-22T14:07:25.161+0100: 243521.144: [GC 243521.144: [DefNew: 17741K->625K(19136K), 0.0050430 secs] 106940K->89824K(260032K), 0.0058290 secs] [Times: user=0.00 sys=0.00, real=0.00 secs] 
2012-10-22T14:08:10.910+0100: 243566.893: [GC 243566.893: [DefNew: 17624K->1097K(19136K), 0.0059680 secs] 106823K->90295K(260032K), 0.0060760 secs] [Times: user=0.00 sys=0.00, real=0.00 secs] 
2012-10-22T14:09:00.334+0100: 243616.317: [GC 243616.317: [DefNew: 18121K->934K(19136K), 0.0064700 secs] 107319K->90195K(260032K), 0.0065840 secs] [Times: user=0.00 sys=0.01, real=0.01 secs] 
2012-10-22T14:09:50.207+0100: 243666.190: [GC 243666.190: [DefNew: 17958K->970K(19136K), 0.0056680 secs] 107219K->90231K(260032K), 0.0057710 secs] [Times: user=0.01 sys=0.00, real=0.01 secs] 
2012-10-22T14:10:35.870+0100: 243711.853: [GC 243711.853: [DefNew: 17994K->1058K(19136K), 0.0108790 secs] 107255K->90319K(260032K), 0.0110160 secs] [Times: user=0.01 sys=0.00, real=0.01 secs] 
2012-10-22T14:11:25.229+0100: 243761.212: [GC 243761.212: [DefNew: 18066K->791K(19136K), 0.0044420 secs] 107327K->90051K(260032K), 0.0045350 secs] [Times: user=0.00 sys=0.00, real=0.00 secs] 
2012-10-22T14:12:15.395+0100: 243811.378: [GC 243811.378: [DefNew: 17789K->823K(19136K), 0.0053550 secs] 107049K->90084K(260032K), 0.0054710 secs] [Times: user=0.01 sys=0.00, real=0.01 secs] 
2012-10-22T14:13:05.391+0100: 243861.374: [GC 243861.374: [DefNew: 17822K->601K(19136K), 0.0048770 secs] 107083K->89862K(260032K), 0.0049720 secs] [Times: user=0.00 sys=0.00, real=0.00 secs] 
2012-10-22T14:13:53.122+0100: 243909.105: [GC 243909.105: [DefNew: 17625K->591K(19136K), 0.0047870 secs] 106886K->89852K(260032K), 0.0048820 secs] [Times: user=0.00 sys=0.00, real=0.00 secs] 
2012-10-22T14:14:40.910+0100: 243956.893: [GC 243956.893: [DefNew: 17587K->1002K(19136K), 0.0177420 secs] 106848K->90336K(260032K), 0.0178770 secs] [Times: user=0.00 sys=0.00, real=0.02 secs] 
2012-10-22T14:15:30.569+0100: 244006.552: [GC 244006.552: [DefNew: 18026K->908K(19136K), 0.0058430 secs] 107360K->90243K(260032K), 0.0059390 secs] [Times: user=0.00 sys=0.01, real=0.00 secs] 
2012-10-22T14:16:20.578+0100: 244056.561: [GC 244056.561: [DefNew: 17914K->567K(19136K), 0.0049730 secs] 107249K->89902K(260032K), 0.0051010 secs] [Times: user=0.00 sys=0.00, real=0.00 secs] 
2012-10-22T14:17:05.908+0100: 244101.891: [GC 244101.891: [DefNew: 17585K->1167K(19136K), 0.0089390 secs] 106920K->90502K(260032K), 0.0154600 secs] [Times: user=0.01 sys=0.00, real=0.01 secs] 
2012-10-22T14:17:55.922+0100: 244151.905: [GC 244151.906: [DefNew: 18190K->1033K(19136K), 0.0114200 secs] 107525K->90471K(260032K), 0.0115670 secs] [Times: user=0.00 sys=0.01, real=0.01 secs] 
2012-10-22T14:18:44.291+0100: 244200.274: [GC 244200.274: [DefNew: 18057K->942K(19136K), 0.0058460 secs] 107495K->90380K(260032K), 0.0059460 secs] [Times: user=0.01 sys=0.00, real=0.00 secs] 
2012-10-22T14:19:30.940+0100: 244246.923: [GC 244246.923: [DefNew: 17966K->1170K(19136K), 0.0062090 secs] 107404K->90609K(260032K), 0.0063120 secs] [Times: user=0.01 sys=0.00, real=0.00 secs] 
2012-10-22T14:20:20.553+0100: 244296.536: [GC 244296.536: [DefNew: 18194K->955K(19136K), 0.0067140 secs] 107633K->90456K(260032K), 0.0068190 secs] [Times: user=0.01 sys=0.00, real=0.01 secs] 
2012-10-22T14:21:10.231+0100: 244346.214: [GC 244346.214: [DefNew: 17958K->854K(19136K), 0.0053660 secs] 107459K->90355K(260032K), 0.0054640 secs] [Times: user=0.00 sys=0.00, real=0.00 secs] 
2012-10-22T14:21:56.138+0100: 244392.121: [GC 244392.121: [DefNew: 17878K->1303K(19136K), 0.0062920 secs] 107379K->90804K(260032K), 0.0063990 secs] [Times: user=0.00 sys=0.00, real=0.00 secs] 
2012-10-22T14:22:45.985+0100: 244441.968: [GC 244441.968: [DefNew: 18327K->875K(19136K), 0.0097700 secs] 107828K->90639K(260032K), 0.0098740 secs] [Times: user=0.01 sys=0.00, real=0.01 secs] 
2012-10-22T14:23:35.457+0100: 244491.440: [GC 244491.440: [DefNew: 17899K->885K(19136K), 0.0064920 secs] 107663K->90648K(260032K), 0.0065930 secs] [Times: user=0.00 sys=0.00, real=0.01 secs] 
2012-10-22T14:24:20.236+0100: 244536.219: [GC 244536.219: [DefNew: 17907K->1067K(19136K), 0.0062540 secs] 107671K->90831K(260032K), 0.0063690 secs] [Times: user=0.00 sys=0.00, real=0.01 secs] 
2012-10-22T14:25:10.422+0100: 244586.405: [GC 244586.405: [DefNew: 18065K->719K(19136K), 0.0051930 secs] 107829K->90483K(260032K), 0.0052860 secs] [Times: user=0.01 sys=0.00, real=0.00 secs] 
2012-10-22T14:25:55.976+0100: 244631.959: [GC 244631.959: [DefNew: 17743K->1128K(19136K), 0.0060180 secs] 107507K->90892K(260032K), 0.0061170 secs] [Times: user=0.00 sys=0.00, real=0.01 secs] 
2012-10-22T14:26:45.288+0100: 244681.271: [GC 244681.271: [DefNew: 18152K->853K(19136K), 0.0072350 secs] 107916K->90681K(260032K), 0.0073410 secs] [Times: user=0.00 sys=0.01, real=0.00 secs] 
2012-10-22T14:27:35.353+0100: 244731.336: [GC 244731.336: [DefNew: 17877K->937K(19136K), 0.0077960 secs] 107705K->90765K(260032K), 0.0079130 secs] [Times: user=0.01 sys=0.00, real=0.01 secs] 
2012-10-22T14:28:25.306+0100: 244781.289: [GC 244781.289: [DefNew: 17957K->747K(19136K), 0.0053090 secs] 107785K->90575K(260032K), 0.0054130 secs] [Times: user=0.01 sys=0.00, real=0.01 secs] 
2012-10-22T14:28:59.540+0100: 244815.523: [GC 244815.523: [DefNew: 17771K->1206K(19136K), 0.0058590 secs] 107599K->91034K(260032K), 0.0059610 secs] [Times: user=0.00 sys=0.00, real=0.00 secs] 
2012-10-22T14:29:25.233+0100: 244841.216: [GC 244841.216: [DefNew: 18230K->772K(19136K), 0.0063120 secs] 108058K->90755K(260032K), 0.0065730 secs] [Times: user=0.01 sys=0.00, real=0.01 secs] 
2012-10-22T14:30:11.226+0100: 244887.209: [GC 244887.209: [DefNew: 17796K->1103K(19136K), 0.0063540 secs] 107779K->91087K(260032K), 0.0064720 secs] [Times: user=0.01 sys=0.00, real=0.01 secs] 
2012-10-22T14:31:00.378+0100: 244936.361: [GC 244936.361: [DefNew: 18123K->872K(19136K), 0.0150890 secs] 108106K->90923K(260032K), 0.0152400 secs] [Times: user=0.00 sys=0.00, real=0.01 secs] 
2012-10-22T14:31:50.290+0100: 244986.273: [GC 244986.273: [DefNew: 17896K->810K(19136K), 0.0057090 secs] 107947K->90861K(260032K), 0.0058110 secs] [Times: user=0.00 sys=0.00, real=0.00 secs] 
2012-10-22T14:32:40.327+0100: 245036.310: [GC 245036.310: [DefNew: 17820K->749K(19136K), 0.0077840 secs] 107871K->90800K(260032K), 0.0079010 secs] [Times: user=0.00 sys=0.00, real=0.01 secs] 
2012-10-22T14:33:26.260+0100: 245082.243: [GC 245082.243: [DefNew: 17773K->1098K(19136K), 0.0058950 secs] 107824K->91149K(260032K), 0.0060030 secs] [Times: user=0.00 sys=0.00, real=0.00 secs] 
2012-10-22T14:34:15.409+0100: 245131.392: [GC 245131.392: [DefNew: 18120K->686K(19136K), 0.0051700 secs] 108171K->90736K(260032K), 0.0052650 secs] [Times: user=0.00 sys=0.00, real=0.00 secs] 
2012-10-22T14:35:02.546+0100: 245178.529: [GC 245178.529: [DefNew: 17700K->874K(19136K), 0.0053780 secs] 107751K->90925K(260032K), 0.0054780 secs] [Times: user=0.01 sys=0.00, real=0.01 secs] 
2012-10-22T14:35:50.286+0100: 245226.269: [GC 245226.269: [DefNew: 17898K->791K(19136K), 0.0063270 secs] 107949K->90842K(260032K), 0.0064320 secs] [Times: user=0.01 sys=0.00, real=0.01 secs] 
2012-10-22T14:36:35.860+0100: 245271.842: [GC 245271.843: [DefNew: 17815K->1065K(19136K), 0.0069570 secs] 107866K->91177K(260032K), 0.0070760 secs] [Times: user=0.00 sys=0.00, real=0.00 secs] 
2012-10-22T14:37:26.057+0100: 245322.039: [GC 245322.040: [DefNew: 18089K->911K(19136K), 0.0074090 secs] 108201K->91150K(260032K), 0.0075240 secs] [Times: user=0.01 sys=0.00, real=0.01 secs] 
2012-10-22T14:38:16.149+0100: 245372.132: [GC 245372.132: [DefNew: 17935K->907K(19136K), 0.0130210 secs] 108174K->91146K(260032K), 0.0131590 secs] [Times: user=0.01 sys=0.00, real=0.01 secs] 
2012-10-22T14:39:05.463+0100: 245421.446: [GC 245421.446: [DefNew: 17930K->433K(19136K), 0.0051590 secs] 108169K->90672K(260032K), 0.0052550 secs] [Times: user=0.01 sys=0.00, real=0.01 secs] 
2012-10-22T14:39:55.067+0100: 245471.050: [GC 245471.050: [DefNew: 17454K->479K(19136K), 0.0049690 secs] 107693K->90718K(260032K), 0.0050660 secs] [Times: user=0.01 sys=0.00, real=0.01 secs] 
2012-10-22T14:40:40.464+0100: 245516.447: [GC 245516.447: [DefNew: 17497K->464K(19136K), 0.0047510 secs] 107736K->90703K(260032K), 0.0048550 secs] [Times: user=0.01 sys=0.00, real=0.01 secs] 
2012-10-22T14:41:25.447+0100: 245561.430: [GC 245561.430: [DefNew: 17488K->1103K(19136K), 0.0084620 secs] 107727K->91342K(260032K), 0.0085910 secs] [Times: user=0.01 sys=0.00, real=0.01 secs] 
2012-10-22T14:42:11.035+0100: 245607.017: [GC 245607.018: [DefNew: 18127K->1170K(19136K), 0.0065370 secs] 108366K->91409K(260032K), 0.0066440 secs] [Times: user=0.00 sys=0.00, real=0.01 secs] 
2012-10-22T14:43:01.319+0100: 245657.302: [GC 245657.302: [DefNew: 18194K->1114K(19136K), 0.0085410 secs] 108433K->91415K(260032K), 0.0087670 secs] [Times: user=0.01 sys=0.00, real=0.01 secs] 
2012-10-22T14:43:51.135+0100: 245707.118: [GC 245707.118: [DefNew: 18138K->903K(19136K), 0.0074130 secs] 108439K->91279K(260032K), 0.0075240 secs] [Times: user=0.00 sys=0.00, real=0.01 secs] 
2012-10-22T14:44:40.457+0100: 245756.440: [GC 245756.440: [DefNew: 17919K->846K(19136K), 0.0060630 secs] 108295K->91222K(260032K), 0.0062060 secs] [Times: user=0.01 sys=0.00, real=0.01 secs] 
2012-10-22T14:45:30.484+0100: 245806.467: [GC 245806.467: [DefNew: 17870K->504K(19136K), 0.0053810 secs] 108246K->90880K(260032K), 0.0054830 secs] [Times: user=0.01 sys=0.00, real=0.01 secs] 
2012-10-22T14:46:16.404+0100: 245852.387: [GC 245852.387: [DefNew: 17522K->1032K(19136K), 0.0065060 secs] 107897K->91407K(260032K), 0.0066440 secs] [Times: user=0.00 sys=0.00, real=0.01 secs] 
2012-10-22T14:47:05.656+0100: 245901.639: [GC 245901.639: [DefNew: 18025K->653K(19136K), 0.0053630 secs] 108401K->91029K(260032K), 0.0054660 secs] [Times: user=0.02 sys=0.00, real=0.01 secs] 
2012-10-22T14:47:55.557+0100: 245951.540: [GC 245951.540: [DefNew: 17677K->594K(19136K), 0.0052480 secs] 108053K->90970K(260032K), 0.0059600 secs] [Times: user=0.00 sys=0.00, real=0.01 secs] 
2012-10-22T14:48:41.184+0100: 245997.167: [GC 245997.167: [DefNew: 17618K->1074K(19136K), 0.0062420 secs] 107994K->91450K(260032K), 0.0063460 secs] [Times: user=0.01 sys=0.00, real=0.01 secs] 
2012-10-22T14:49:30.777+0100: 246046.760: [GC 246046.760: [DefNew: 18070K->719K(19136K), 0.0055360 secs] 108446K->91095K(260032K), 0.0056380 secs] [Times: user=0.00 sys=0.00, real=0.01 secs] 
2012-10-22T14:50:16.540+0100: 246092.523: [GC 246092.523: [DefNew: 17743K->1128K(19136K), 0.0062380 secs] 108119K->91504K(260032K), 0.0063420 secs] [Times: user=0.01 sys=0.00, real=0.00 secs] 
2012-10-22T14:51:06.277+0100: 246142.260: [GC 246142.260: [DefNew: 18152K->1037K(19136K), 0.0070910 secs] 108528K->91475K(260032K), 0.0071970 secs] [Times: user=0.01 sys=0.00, real=0.01 secs] 
2012-10-22T14:51:55.546+0100: 246191.529: [GC 246191.529: [DefNew: 18061K->819K(19136K), 0.0057870 secs] 108499K->91256K(260032K), 0.0058860 secs] [Times: user=0.01 sys=0.00, real=0.01 secs] 
2012-10-22T14:52:45.554+0100: 246241.537: [GC 246241.537: [DefNew: 17825K->844K(19136K), 0.0056870 secs] 108263K->91282K(260032K), 0.0058180 secs] [Times: user=0.00 sys=0.00, real=0.01 secs] 
2012-10-22T14:53:31.238+0100: 246287.221: [GC 246287.221: [DefNew: 17868K->1230K(19136K), 0.0063500 secs] 108306K->91668K(260032K), 0.0064860 secs] [Times: user=0.00 sys=0.00, real=0.00 secs] 
2012-10-22T14:54:20.804+0100: 246336.787: [GC 246336.787: [DefNew: 18254K->607K(19136K), 0.0083400 secs] 108692K->91233K(260032K), 0.0084570 secs] [Times: user=0.01 sys=0.00, real=0.01 secs] 
2012-10-22T14:55:06.268+0100: 246382.251: [GC 246382.251: [DefNew: 17623K->906K(19136K), 0.0055020 secs] 108249K->91532K(260032K), 0.0056070 secs] [Times: user=0.00 sys=0.00, real=0.00 secs] 
2012-10-22T14:55:54.383+0100: 246430.366: [GC 246430.366: [DefNew: 17930K->1043K(19136K), 0.0059210 secs] 108556K->91669K(260032K), 0.0060210 secs] [Times: user=0.00 sys=0.00, real=0.01 secs] 
2012-10-22T14:56:45.944+0100: 246481.927: [GC 246481.927: [DefNew: 18067K->687K(19136K), 0.0050120 secs] 108693K->91313K(260032K), 0.0051100 secs] [Times: user=0.01 sys=0.00, real=0.01 secs] 
2012-10-22T14:57:35.600+0100: 246531.583: [GC 246531.583: [DefNew: 17688K->338K(19136K), 0.0054050 secs] 108314K->90964K(260032K), 0.0055060 secs] [Times: user=0.00 sys=0.00, real=0.00 secs] 
2012-10-22T14:58:21.130+0100: 246577.113: [GC 246577.114: [DefNew: 17362K->1006K(19136K), 0.0146070 secs] 107988K->91694K(260032K), 0.0148310 secs] [Times: user=0.01 sys=0.00, real=0.01 secs] 
2012-10-22T14:59:10.760+0100: 246626.743: [GC 246626.743: [DefNew: 18030K->697K(19136K), 0.0053270 secs] 108718K->91385K(260032K), 0.0054260 secs] [Times: user=0.01 sys=0.00, real=0.00 secs] 
2012-10-22T15:00:00.879+0100: 246676.862: [GC 246676.862: [DefNew: 17704K->415K(19136K), 0.0045160 secs] 108392K->91103K(260032K), 0.0046140 secs] [Times: user=0.00 sys=0.00, real=0.00 secs] 
2012-10-22T15:00:45.616+0100: 246721.599: [GC 246721.599: [DefNew: 17439K->992K(19136K), 0.0059030 secs] 108127K->91680K(260032K), 0.0060010 secs] [Times: user=0.01 sys=0.00, real=0.01 secs] 
2012-10-22T15:01:35.648+0100: 246771.631: [GC 246771.631: [DefNew: 18016K->825K(19136K), 0.0105510 secs] 108704K->91575K(260032K), 0.0106880 secs] [Times: user=0.01 sys=0.00, real=0.01 secs] 
2012-10-22T15:02:25.469+0100: 246821.451: [GC 246821.452: [DefNew: 17847K->432K(19136K), 0.0060270 secs] 108597K->91256K(260032K), 0.0061300 secs] [Times: user=0.01 sys=0.00, real=0.00 secs] 
2012-10-22T15:03:11.418+0100: 246867.401: [GC 246867.401: [DefNew: 17437K->1033K(19136K), 0.0065860 secs] 108261K->91857K(260032K), 0.0066990 secs] [Times: user=0.01 sys=0.00, real=0.00 secs] 
2012-10-22T15:04:00.604+0100: 246916.587: [GC 246916.587: [DefNew: 18031K->750K(19136K), 0.0052940 secs] 108855K->91574K(260032K), 0.0053900 secs] [Times: user=0.01 sys=0.00, real=0.01 secs] 
2012-10-22T15:04:50.615+0100: 246966.598: [GC 246966.598: [DefNew: 17745K->622K(19136K), 0.0051080 secs] 108569K->91446K(260032K), 0.0052030 secs] [Times: user=0.00 sys=0.01, real=0.01 secs] 
2012-10-22T15:05:36.251+0100: 247012.233: [GC 247012.234: [DefNew: 17646K->1035K(19136K), 0.0067980 secs] 108470K->91921K(260032K), 0.0069210 secs] [Times: user=0.01 sys=0.00, real=0.01 secs] 
2012-10-22T15:06:25.115+0100: 247061.098: [GC 247061.098: [DefNew: 18058K->1025K(19136K), 0.0059780 secs] 108944K->91911K(260032K), 0.0060820 secs] [Times: user=0.00 sys=0.00, real=0.01 secs] 
2012-10-22T15:07:15.651+0100: 247111.633: [GC 247111.634: [DefNew: 18031K->847K(19136K), 0.0056690 secs] 108918K->91733K(260032K), 0.0057770 secs] [Times: user=0.01 sys=0.00, real=0.00 secs] 
2012-10-22T15:08:01.469+0100: 247157.452: [GC 247157.452: [DefNew: 17871K->1158K(19136K), 0.0042620 secs] 108757K->92044K(260032K), 0.0043540 secs] [Times: user=0.00 sys=0.00, real=0.00 secs] 
2012-10-22T15:08:51.394+0100: 247207.377: [GC 247207.377: [DefNew: 18182K->844K(19136K), 0.0066630 secs] 109068K->91857K(260032K), 0.0067670 secs] [Times: user=0.01 sys=0.00, real=0.01 secs] 
2012-10-22T15:09:40.825+0100: 247256.808: [GC 247256.808: [DefNew: 17852K->689K(19136K), 0.0081570 secs] 108865K->91702K(260032K), 0.0082630 secs] [Times: user=0.00 sys=0.00, real=0.01 secs] 
2012-10-22T15:10:26.334+0100: 247302.317: [GC 247302.317: [DefNew: 17692K->1097K(19136K), 0.0067260 secs] 108705K->92110K(260032K), 0.0068310 secs] [Times: user=0.01 sys=0.00, real=0.01 secs] 
2012-10-22T15:11:15.685+0100: 247351.668: [GC 247351.668: [DefNew: 18121K->749K(19136K), 0.0052730 secs] 109134K->91762K(260032K), 0.0053700 secs] [Times: user=0.01 sys=0.00, real=0.01 secs] 
2012-10-22T15:12:01.515+0100: 247397.498: [GC 247397.498: [DefNew: 17773K->1208K(19136K), 0.0075000 secs] 108786K->92221K(260032K), 0.0076250 secs] [Times: user=0.01 sys=0.00, real=0.01 secs] 
2012-10-22T15:12:50.632+0100: 247446.615: [GC 247446.615: [DefNew: 18232K->815K(19136K), 0.0093830 secs] 109245K->92029K(260032K), 0.0095190 secs] [Times: user=0.00 sys=0.00, real=0.01 secs] 
2012-10-22T15:13:40.936+0100: 247496.919: [GC 247496.919: [DefNew: 17839K->793K(19136K), 0.0059290 secs] 109053K->92007K(260032K), 0.0060310 secs] [Times: user=0.00 sys=0.00, real=0.01 secs] 
2012-10-22T15:14:30.625+0100: 247546.608: [GC 247546.608: [DefNew: 17817K->337K(19136K), 0.0049110 secs] 109031K->91551K(260032K), 0.0050100 secs] [Times: user=0.01 sys=0.00, real=0.01 secs] 
2012-10-22T15:15:16.313+0100: 247592.296: [GC 247592.296: [DefNew: 17361K->1076K(19136K), 0.0060060 secs] 108575K->92290K(260032K), 0.0061130 secs] [Times: user=0.01 sys=0.00, real=0.01 secs] 
2012-10-22T15:16:05.643+0100: 247641.626: [GC 247641.626: [DefNew: 18086K->969K(19136K), 0.0070430 secs] 109300K->92183K(260032K), 0.0071590 secs] [Times: user=0.01 sys=0.00, real=0.01 secs] 
2012-10-22T15:16:51.376+0100: 247687.359: [GC 247687.359: [DefNew: 17993K->1177K(19136K), 0.0063520 secs] 109207K->92391K(260032K), 0.0064530 secs] [Times: user=0.00 sys=0.00, real=0.01 secs] 
2012-10-22T15:17:41.676+0100: 247737.659: [GC 247737.659: [DefNew: 18201K->1179K(19136K), 0.0061420 secs] 109415K->92393K(260032K), 0.0062420 secs] [Times: user=0.01 sys=0.00, real=0.01 secs] 
2012-10-22T15:18:30.596+0100: 247786.579: [GC 247786.579: [DefNew: 18175K->935K(19136K), 0.0079550 secs] 109390K->92224K(260032K), 0.0081050 secs] [Times: user=0.01 sys=0.00, real=0.01 secs] 
2012-10-22T15:19:20.700+0100: 247836.683: [GC 247836.683: [DefNew: 17959K->778K(19136K), 0.0095530 secs] 109248K->92067K(260032K), 0.0096660 secs] [Times: user=0.01 sys=0.00, real=0.01 secs] 
2012-10-22T15:20:05.861+0100: 247881.844: [GC 247881.844: [DefNew: 17802K->1115K(19136K), 0.0064960 secs] 109091K->92404K(260032K), 0.0066300 secs] [Times: user=0.01 sys=0.00, real=0.01 secs] 
2012-10-22T15:20:55.694+0100: 247931.677: [GC 247931.677: [DefNew: 18139K->987K(19136K), 0.0065560 secs] 109428K->92338K(260032K), 0.0066680 secs] [Times: user=0.01 sys=0.00, real=0.01 secs] 
2012-10-22T15:21:46.023+0100: 247982.005: [GC 247982.006: [DefNew: 18004K->726K(19136K), 0.0051040 secs] 109355K->92077K(260032K), 0.0051980 secs] [Times: user=0.01 sys=0.00, real=0.01 secs] 
2012-10-22T15:22:35.729+0100: 248031.712: [GC 248031.712: [DefNew: 17739K->853K(19136K), 0.0054020 secs] 109090K->92204K(260032K), 0.0055020 secs] [Times: user=0.00 sys=0.00, real=0.00 secs] 
2012-10-22T15:23:20.771+0100: 248076.754: [GC 248076.754: [DefNew: 17877K->872K(19136K), 0.0058080 secs] 109228K->92296K(260032K), 0.0059090 secs] [Times: user=0.00 sys=0.00, real=0.00 secs] 
2012-10-22T15:24:07.428+0100: 248123.411: [GC 248123.411: [DefNew: 17896K->1067K(19136K), 0.0067950 secs] 109320K->92492K(260032K), 0.0069200 secs] [Times: user=0.00 sys=0.00, real=0.00 secs] 
2012-10-22T15:24:57.637+0100: 248173.620: [GC 248173.620: [DefNew: 18091K->913K(19136K), 0.0082730 secs] 109516K->92400K(260032K), 0.0083890 secs] [Times: user=0.00 sys=0.00, real=0.01 secs] 
2012-10-22T15:25:46.014+0100: 248221.997: [GC 248221.997: [DefNew: 17937K->875K(19136K), 0.0058030 secs] 109424K->92362K(260032K), 0.0059050 secs] [Times: user=0.00 sys=0.00, real=0.01 secs] 
2012-10-22T15:26:30.825+0100: 248266.808: [GC 248266.808: [DefNew: 17899K->760K(19136K), 0.0053150 secs] 109386K->92247K(260032K), 0.0054100 secs] [Times: user=0.01 sys=0.00, real=0.01 secs] 
2012-10-22T15:27:20.963+0100: 248316.945: [GC 248316.946: [DefNew: 17784K->801K(19136K), 0.0053140 secs] 109271K->92288K(260032K), 0.0054130 secs] [Times: user=0.01 sys=0.00, real=0.01 secs] 
2012-10-22T15:28:10.924+0100: 248366.907: [GC 248366.907: [DefNew: 17816K->528K(19136K), 0.0047430 secs] 109303K->92015K(260032K), 0.0048400 secs] [Times: user=0.00 sys=0.00, real=0.01 secs] 
2012-10-22T15:28:56.382+0100: 248412.365: [GC 248412.365: [DefNew: 17552K->1144K(19136K), 0.0062710 secs] 109039K->92631K(260032K), 0.0063800 secs] [Times: user=0.01 sys=0.00, real=0.01 secs] 
2012-10-22T15:29:30.713+0100: 248446.696: [GC 248446.696: [DefNew: 18161K->474K(19136K), 0.0067060 secs] 109648K->92029K(260032K), 0.0068060 secs] [Times: user=0.01 sys=0.00, real=0.01 secs] 
2012-10-22T15:30:15.914+0100: 248491.897: [GC 248491.897: [DefNew: 17481K->719K(19136K), 0.0057030 secs] 109035K->92274K(260032K), 0.0058130 secs] [Times: user=0.01 sys=0.00, real=0.01 secs] 
2012-10-22T15:31:01.587+0100: 248537.569: [GC 248537.570: [DefNew: 17739K->1098K(19136K), 0.0061580 secs] 109294K->92653K(260032K), 0.0067570 secs] [Times: user=0.01 sys=0.00, real=0.01 secs] 
2012-10-22T15:31:51.603+0100: 248587.586: [GC 248587.586: [DefNew: 18122K->1039K(19136K), 0.0130260 secs] 109677K->92657K(260032K), 0.0131450 secs] [Times: user=0.02 sys=0.00, real=0.01 secs] 
2012-10-22T15:32:41.567+0100: 248637.550: [GC 248637.550: [DefNew: 18063K->1044K(19136K), 0.0067590 secs] 109681K->92662K(260032K), 0.0068620 secs] [Times: user=0.01 sys=0.00, real=0.01 secs] 
2012-10-22T15:33:31.588+0100: 248687.571: [GC 248687.571: [DefNew: 18068K->976K(19136K), 0.0056850 secs] 109686K->92594K(260032K), 0.0057940 secs] [Times: user=0.00 sys=0.00, real=0.00 secs] 
2012-10-22T15:34:20.902+0100: 248736.885: [GC 248736.885: [DefNew: 18000K->565K(19136K), 0.0056510 secs] 109618K->92183K(260032K), 0.0057790 secs] [Times: user=0.01 sys=0.00, real=0.01 secs] 
2012-10-22T15:35:06.591+0100: 248782.574: [GC 248782.574: [DefNew: 17589K->1124K(19136K), 0.0088760 secs] 109207K->92742K(260032K), 0.0090060 secs] [Times: user=0.01 sys=0.00, real=0.01 secs] 
2012-10-22T15:35:54.356+0100: 248830.339: [GC 248830.340: [DefNew: 18148K->778K(19136K), 0.0051840 secs] 109766K->92396K(260032K), 0.0052800 secs] [Times: user=0.00 sys=0.00, real=0.01 secs] 
2012-10-22T15:36:41.753+0100: 248877.735: [GC 248877.736: [DefNew: 17802K->1117K(19136K), 0.0086450 secs] 109420K->92735K(260032K), 0.0087640 secs] [Times: user=0.01 sys=0.00, real=0.01 secs] 
2012-10-22T15:37:30.992+0100: 248926.975: [GC 248926.975: [DefNew: 18141K->915K(19136K), 0.0101610 secs] 109759K->92596K(260032K), 0.0103430 secs] [Times: user=0.01 sys=0.00, real=0.01 secs] 
2012-10-22T15:38:20.813+0100: 248976.796: [GC 248976.796: [DefNew: 17939K->820K(19136K), 0.0054390 secs] 109620K->92501K(260032K), 0.0055370 secs] [Times: user=0.00 sys=0.00, real=0.01 secs] 
2012-10-22T15:39:06.859+0100: 249022.842: [GC 249022.842: [DefNew: 17844K->1186K(19136K), 0.0059870 secs] 109525K->92866K(260032K), 0.0060930 secs] [Times: user=0.00 sys=0.00, real=0.00 secs] 
2012-10-22T15:39:56.676+0100: 249072.659: [GC 249072.659: [DefNew: 18210K->915K(19136K), 0.0100820 secs] 109890K->92784K(260032K), 0.0101980 secs] [Times: user=0.01 sys=0.00, real=0.01 secs] 
2012-10-22T15:40:46.040+0100: 249122.023: [GC 249122.023: [DefNew: 17939K->913K(19136K), 0.0077020 secs] 109808K->92781K(260032K), 0.0077910 secs] [Times: user=0.00 sys=0.00, real=0.01 secs] 
2012-10-22T15:41:27.183+0100: 249163.166: [GC 249163.166: [DefNew: 17937K->1247K(19136K), 0.0060900 secs] 109805K->93116K(260032K), 0.0062070 secs] [Times: user=0.00 sys=0.00, real=0.01 secs] 
2012-10-22T15:42:16.894+0100: 249212.877: [GC 249212.877: [DefNew: 18271K->1051K(19136K), 0.0071630 secs] 110140K->93044K(260032K), 0.0073280 secs] [Times: user=0.00 sys=0.00, real=0.01 secs] 
2012-10-22T15:43:06.608+0100: 249262.591: [GC 249262.591: [DefNew: 18063K->1106K(19136K), 0.0063390 secs] 110056K->93099K(260032K), 0.0064570 secs] [Times: user=0.00 sys=0.01, real=0.00 secs] 
2012-10-22T15:43:56.061+0100: 249312.044: [GC 249312.044: [DefNew: 18130K->969K(19136K), 0.0045140 secs] 110123K->93036K(260032K), 0.0046140 secs] [Times: user=0.00 sys=0.00, real=0.00 secs] 
2012-10-22T15:44:45.775+0100: 249361.758: [GC 249361.758: [DefNew: 17993K->879K(19136K), 0.0055540 secs] 110060K->92946K(260032K), 0.0056580 secs] [Times: user=0.01 sys=0.00, real=0.01 secs] 
2012-10-22T15:45:31.631+0100: 249407.614: [GC 249407.614: [DefNew: 17875K->1126K(19136K), 0.0063050 secs] 109942K->93193K(260032K), 0.0064130 secs] [Times: user=0.01 sys=0.00, real=0.01 secs] 
2012-10-22T15:46:21.549+0100: 249457.532: [GC 249457.532: [DefNew: 18145K->878K(19136K), 0.0078230 secs] 110212K->93068K(260032K), 0.0079260 secs] [Times: user=0.00 sys=0.00, real=0.00 secs] 
2012-10-22T15:47:10.956+0100: 249506.939: [GC 249506.939: [DefNew: 17879K->814K(19136K), 0.0053120 secs] 110070K->93005K(260032K), 0.0054070 secs] [Times: user=0.01 sys=0.00, real=0.01 secs] 
2012-10-22T15:48:00.855+0100: 249556.838: [GC 249556.838: [DefNew: 17838K->748K(19136K), 0.0058320 secs] 110029K->92939K(260032K), 0.0059350 secs] [Times: user=0.01 sys=0.00, real=0.01 secs] 
2012-10-22T15:48:50.967+0100: 249606.950: [GC 249606.950: [DefNew: 17772K->334K(19136K), 0.0045810 secs] 109963K->92525K(260032K), 0.0047330 secs] [Times: user=0.01 sys=0.00, real=0.01 secs] 
2012-10-22T15:49:36.667+0100: 249652.650: [GC 249652.650: [DefNew: 17358K->1063K(19136K), 0.0057870 secs] 109549K->93254K(260032K), 0.0058950 secs] [Times: user=0.01 sys=0.00, real=0.01 secs] 
2012-10-22T15:50:26.216+0100: 249702.199: [GC 249702.199: [DefNew: 18082K->560K(19136K), 0.0053700 secs] 110273K->92751K(260032K), 0.0054680 secs] [Times: user=0.01 sys=0.00, real=0.01 secs] 
2012-10-22T15:51:10.942+0100: 249746.925: [GC 249746.925: [DefNew: 17584K->884K(19136K), 0.0055670 secs] 109775K->93075K(260032K), 0.0056720 secs] [Times: user=0.01 sys=0.00, real=0.01 secs] 
2012-10-22T15:52:01.008+0100: 249796.991: [GC 249796.991: [DefNew: 17908K->812K(19136K), 0.0060530 secs] 110099K->93003K(260032K), 0.0061510 secs] [Times: user=0.00 sys=0.01, real=0.00 secs] 
2012-10-22T15:52:50.891+0100: 249846.874: [GC 249846.874: [DefNew: 17827K->847K(19136K), 0.0053980 secs] 110018K->93038K(260032K), 0.0054930 secs] [Times: user=0.00 sys=0.00, real=0.00 secs] 
2012-10-22T15:53:41.072+0100: 249897.055: [GC 249897.055: [DefNew: 17871K->819K(19136K), 0.0056710 secs] 110062K->93010K(260032K), 0.0057790 secs] [Times: user=0.01 sys=0.00, real=0.01 secs] 
2012-10-22T15:54:26.664+0100: 249942.647: [GC 249942.648: [DefNew: 17843K->1168K(19136K), 0.0078190 secs] 110034K->93359K(260032K), 0.0079560 secs] [Times: user=0.00 sys=0.00, real=0.01 secs] 
2012-10-22T15:55:15.947+0100: 249991.930: [GC 249991.930: [DefNew: 18188K->851K(19136K), 0.0064720 secs] 110379K->93104K(260032K), 0.0065750 secs] [Times: user=0.01 sys=0.00, real=0.00 secs] 
2012-10-22T15:56:06.140+0100: 250042.123: [GC 250042.123: [DefNew: 17850K->750K(19136K), 0.0055560 secs] 110103K->93004K(260032K), 0.0056730 secs] [Times: user=0.01 sys=0.00, real=0.00 secs] 
2012-10-22T15:56:56.029+0100: 250092.012: [GC 250092.012: [DefNew: 17774K->528K(19136K), 0.0056000 secs] 110028K->92781K(260032K), 0.0057010 secs] [Times: user=0.00 sys=0.00, real=0.00 secs] 
2012-10-22T15:57:46.280+0100: 250142.263: [GC 250142.263: [DefNew: 17538K->431K(19136K), 0.0045000 secs] 109791K->92685K(260032K), 0.0045930 secs] [Times: user=0.00 sys=0.00, real=0.00 secs] 
2012-10-22T15:58:36.073+0100: 250192.056: [GC 250192.056: [DefNew: 17447K->465K(19136K), 0.0048160 secs] 109700K->92719K(260032K), 0.0049120 secs] [Times: user=0.01 sys=0.00, real=0.01 secs] 
2012-10-22T15:59:21.338+0100: 250237.321: [GC 250237.321: [DefNew: 17489K->993K(19136K), 0.0060580 secs] 109743K->93247K(260032K), 0.0062310 secs] [Times: user=0.01 sys=0.00, real=0.00 secs] 
2012-10-22T16:00:11.257+0100: 250287.240: [GC 250287.240: [DefNew: 18006K->635K(19136K), 0.0057130 secs] 110259K->92951K(260032K), 0.0058090 secs] [Times: user=0.00 sys=0.00, real=0.01 secs] 
2012-10-22T16:00:56.811+0100: 250332.794: [GC 250332.794: [DefNew: 17659K->1170K(19136K), 0.0060100 secs] 109975K->93486K(260032K), 0.0061120 secs] [Times: user=0.00 sys=0.00, real=0.00 secs] 
2012-10-22T16:01:46.304+0100: 250382.287: [GC 250382.287: [DefNew: 18194K->881K(19136K), 0.0040260 secs] 110510K->93271K(260032K), 0.0041180 secs] [Times: user=0.00 sys=0.00, real=0.01 secs] 
2012-10-22T16:02:36.153+0100: 250432.136: [GC 250432.137: [DefNew: 17903K->589K(19136K), 0.0050750 secs] 110292K->92979K(260032K), 0.0057700 secs] [Times: user=0.00 sys=0.00, real=0.01 secs] 
2012-10-22T16:03:25.998+0100: 250481.981: [GC 250481.981: [DefNew: 17613K->685K(19136K), 0.0053470 secs] 110003K->93074K(260032K), 0.0054460 secs] [Times: user=0.00 sys=0.00, real=0.00 secs] 
2012-10-22T16:04:11.345+0100: 250527.328: [GC 250527.328: [DefNew: 17709K->591K(19136K), 0.0048270 secs] 110098K->92981K(260032K), 0.0049200 secs] [Times: user=0.00 sys=0.00, real=0.01 secs] 
2012-10-22T16:04:56.798+0100: 250572.781: [GC 250572.781: [DefNew: 17615K->1218K(19136K), 0.0095600 secs] 110005K->93607K(260032K), 0.0097540 secs] [Times: user=0.00 sys=0.00, real=0.01 secs] 
2012-10-22T16:05:46.092+0100: 250622.075: [GC 250622.075: [DefNew: 18215K->685K(19136K), 0.0086230 secs] 110604K->93138K(260032K), 0.0087310 secs] [Times: user=0.01 sys=0.00, real=0.01 secs] 
2012-10-22T16:06:31.926+0100: 250667.909: [GC 250667.909: [DefNew: 17691K->909K(19136K), 0.0096300 secs] 110144K->93363K(260032K), 0.0097510 secs] [Times: user=0.00 sys=0.00, real=0.01 secs] 
2012-10-22T16:07:21.107+0100: 250717.090: [GC 250717.091: [DefNew: 17933K->949K(19136K), 0.0059380 secs] 110387K->93402K(260032K), 0.0060420 secs] [Times: user=0.01 sys=0.00, real=0.00 secs] 
2012-10-22T16:08:11.984+0100: 250767.967: [GC 250767.967: [DefNew: 17973K->975K(19136K), 0.0056410 secs] 110426K->93428K(260032K), 0.0057460 secs] [Times: user=0.01 sys=0.00, real=0.01 secs] 
2012-10-22T16:09:01.171+0100: 250817.154: [GC 250817.154: [DefNew: 17979K->656K(19136K), 0.0051500 secs] 110432K->93109K(260032K), 0.0060140 secs] [Times: user=0.00 sys=0.00, real=0.00 secs] 
2012-10-22T16:09:51.094+0100: 250867.077: [GC 250867.077: [DefNew: 17662K->431K(19136K), 0.0053520 secs] 110115K->92884K(260032K), 0.0054480 secs] [Times: user=0.00 sys=0.00, real=0.01 secs] 
2012-10-22T16:10:36.866+0100: 250912.849: [GC 250912.849: [DefNew: 17434K->1032K(19136K), 0.0057050 secs] 109887K->93485K(260032K), 0.0058060 secs] [Times: user=0.00 sys=0.00, real=0.01 secs] 
2012-10-22T16:11:25.177+0100: 250961.159: [GC 250961.160: [DefNew: 18052K->849K(19136K), 0.0055520 secs] 110505K->93302K(260032K), 0.0057510 secs] [Times: user=0.01 sys=0.00, real=0.01 secs] 
2012-10-22T16:12:16.396+0100: 251012.379: [GC 251012.379: [DefNew: 17847K->444K(19136K), 0.0047840 secs] 110300K->92897K(260032K), 0.0048840 secs] [Times: user=0.00 sys=0.00, real=0.01 secs] 
2012-10-22T16:13:01.236+0100: 251057.219: [GC 251057.219: [DefNew: 17458K->1009K(19136K), 0.0057000 secs] 109911K->93462K(260032K), 0.0058340 secs] [Times: user=0.01 sys=0.00, real=0.01 secs] 
2012-10-22T16:13:51.329+0100: 251107.312: [GC 251107.312: [DefNew: 18005K->788K(19136K), 0.0052780 secs] 110458K->93241K(260032K), 0.0058760 secs] [Times: user=0.00 sys=0.00, real=0.00 secs] 
2012-10-22T16:14:36.797+0100: 251152.780: [GC 251152.781: [DefNew: 17812K->1075K(19136K), 0.0069540 secs] 110265K->93601K(260032K), 0.0070800 secs] [Times: user=0.01 sys=0.00, real=0.00 secs] 
2012-10-22T16:15:26.987+0100: 251202.970: [GC 251202.970: [DefNew: 18099K->1062K(19136K), 0.0060370 secs] 110625K->93590K(260032K), 0.0061390 secs] [Times: user=0.01 sys=0.00, real=0.01 secs] 
2012-10-22T16:16:16.461+0100: 251252.444: [GC 251252.444: [DefNew: 18085K->779K(19136K), 0.0063540 secs] 110613K->93307K(260032K), 0.0064940 secs] [Times: user=0.01 sys=0.00, real=0.01 secs] 
2012-10-22T16:17:02.085+0100: 251298.068: [GC 251298.068: [DefNew: 17803K->1233K(19136K), 0.0062940 secs] 110331K->93761K(260032K), 0.0063950 secs] [Times: user=0.00 sys=0.00, real=0.01 secs] 
2012-10-22T16:17:51.917+0100: 251347.900: [GC 251347.900: [DefNew: 18257K->910K(19136K), 0.0080930 secs] 110785K->93700K(260032K), 0.0082170 secs] [Times: user=0.01 sys=0.00, real=0.01 secs] 
2012-10-22T16:18:41.105+0100: 251397.088: [GC 251397.088: [DefNew: 17927K->874K(19136K), 0.0072430 secs] 110717K->93663K(260032K), 0.0074040 secs] [Times: user=0.01 sys=0.00, real=0.01 secs] 
2012-10-22T16:19:31.231+0100: 251447.214: [GC 251447.214: [DefNew: 17898K->815K(19136K), 0.0053640 secs] 110687K->93605K(260032K), 0.0054610 secs] [Times: user=0.00 sys=0.00, real=0.00 secs] 
2012-10-22T16:20:16.918+0100: 251492.901: [GC 251492.901: [DefNew: 17839K->1192K(19136K), 0.0065950 secs] 110629K->93982K(260032K), 0.0067050 secs] [Times: user=0.00 sys=0.00, real=0.00 secs] 
2012-10-22T16:21:06.445+0100: 251542.428: [GC 251542.428: [DefNew: 18210K->437K(19136K), 0.0086840 secs] 111000K->93489K(260032K), 0.0087980 secs] [Times: user=0.01 sys=0.00, real=0.01 secs] 
2012-10-22T16:21:56.240+0100: 251592.223: [GC 251592.223: [DefNew: 17430K->526K(19136K), 0.0048670 secs] 110482K->93578K(260032K), 0.0049740 secs] [Times: user=0.00 sys=0.00, real=0.00 secs] 
2012-10-22T16:22:46.285+0100: 251642.268: [GC 251642.268: [DefNew: 17539K->338K(19136K), 0.0050720 secs] 110591K->93390K(260032K), 0.0051670 secs] [Times: user=0.00 sys=0.00, real=0.01 secs] 
2012-10-22T16:23:31.953+0100: 251687.936: [GC 251687.936: [DefNew: 17362K->1073K(19136K), 0.0070540 secs] 110414K->94125K(260032K), 0.0071690 secs] [Times: user=0.01 sys=0.00, real=0.01 secs] 
2012-10-22T16:24:21.183+0100: 251737.166: [GC 251737.166: [DefNew: 18078K->506K(19136K), 0.0056080 secs] 111130K->93621K(260032K), 0.0057060 secs] [Times: user=0.00 sys=0.00, real=0.01 secs] 
2012-10-22T16:25:07.250+0100: 251783.233: [GC 251783.233: [DefNew: 17530K->1233K(19136K), 0.0104900 secs] 110645K->94347K(260032K), 0.0106060 secs] [Times: user=0.00 sys=0.00, real=0.01 secs] 
2012-10-22T16:25:54.396+0100: 251830.379: [GC 251830.379: [DefNew: 18257K->1064K(19136K), 0.0066610 secs] 111371K->94252K(260032K), 0.0067600 secs] [Times: user=0.00 sys=0.00, real=0.01 secs] 
2012-10-22T16:26:41.956+0100: 251877.939: [GC 251877.939: [DefNew: 18088K->1007K(19136K), 0.0068520 secs] 111276K->94258K(260032K), 0.0069560 secs] [Times: user=0.00 sys=0.00, real=0.01 secs] 
2012-10-22T16:27:31.827+0100: 251927.810: [GC 251927.810: [DefNew: 18031K->1096K(19136K), 0.0059150 secs] 111282K->94347K(260032K), 0.0060180 secs] [Times: user=0.01 sys=0.00, real=0.01 secs] 
2012-10-22T16:28:21.326+0100: 251977.309: [GC 251977.309: [DefNew: 18120K->999K(19136K), 0.0070200 secs] 111371K->94315K(260032K), 0.0071330 secs] [Times: user=0.00 sys=0.01, real=0.01 secs] 
2012-10-22T16:28:59.628+0100: 252015.611: [GC 252015.611: [DefNew: 18023K->979K(19136K), 0.0055670 secs] 111339K->94294K(260032K), 0.0056660 secs] [Times: user=0.00 sys=0.00, real=0.00 secs] 
2012-10-22T16:29:41.275+0100: 252057.258: [GC 252057.258: [DefNew: 18003K->945K(19136K), 0.0055790 secs] 111318K->94261K(260032K), 0.0056820 secs] [Times: user=0.01 sys=0.00, real=0.01 secs] 
2012-10-22T16:30:31.270+0100: 252107.253: [GC 252107.253: [DefNew: 17969K->826K(19136K), 0.0055640 secs] 111285K->94141K(260032K), 0.0056620 secs] [Times: user=0.00 sys=0.00, real=0.00 secs] 
2012-10-22T16:31:21.309+0100: 252157.291: [GC 252157.292: [DefNew: 17832K->689K(19136K), 0.0051770 secs] 111148K->94004K(260032K), 0.0052720 secs] [Times: user=0.00 sys=0.00, real=0.00 secs] 
2012-10-22T16:32:11.362+0100: 252207.345: [GC 252207.345: [DefNew: 17682K->371K(19136K), 0.0044590 secs] 110997K->93688K(260032K), 0.0045510 secs] [Times: user=0.00 sys=0.00, real=0.00 secs] 
2012-10-22T16:32:56.358+0100: 252252.341: [GC 252252.341: [DefNew: 17395K->1139K(19136K), 0.0062530 secs] 110712K->94457K(260032K), 0.0064370 secs] [Times: user=0.00 sys=0.00, real=0.00 secs] 
2012-10-22T16:33:44.237+0100: 252300.220: [GC 252300.220: [DefNew: 18163K->817K(19136K), 0.0069190 secs] 111481K->94196K(260032K), 0.0070200 secs] [Times: user=0.01 sys=0.00, real=0.01 secs] 
2012-10-22T16:34:32.075+0100: 252348.058: [GC 252348.058: [DefNew: 17841K->973K(19136K), 0.0061100 secs] 111220K->94353K(260032K), 0.0062160 secs] [Times: user=0.01 sys=0.00, real=0.01 secs] 
2012-10-22T16:35:21.279+0100: 252397.262: [GC 252397.262: [DefNew: 17993K->718K(19136K), 0.0056070 secs] 111373K->94098K(260032K), 0.0057030 secs] [Times: user=0.00 sys=0.01, real=0.00 secs] 
2012-10-22T16:36:07.297+0100: 252443.279: [GC 252443.280: [DefNew: 17742K->1131K(19136K), 0.0064150 secs] 111122K->94511K(260032K), 0.0065880 secs] [Times: user=0.00 sys=0.00, real=0.01 secs] 
2012-10-22T16:36:56.235+0100: 252492.218: [GC 252492.218: [DefNew: 18155K->762K(19136K), 0.0086870 secs] 111535K->94268K(260032K), 0.0088060 secs] [Times: user=0.01 sys=0.00, real=0.01 secs] 
2012-10-22T16:37:46.239+0100: 252542.222: [GC 252542.222: [DefNew: 17772K->908K(19136K), 0.0060930 secs] 111278K->94414K(260032K), 0.0062080 secs] [Times: user=0.01 sys=0.00, real=0.00 secs] 
2012-10-22T16:38:36.519+0100: 252592.502: [GC 252592.502: [DefNew: 17912K->654K(19136K), 0.0053040 secs] 111419K->94160K(260032K), 0.0054070 secs] [Times: user=0.00 sys=0.00, real=0.00 secs] 
2012-10-22T16:39:26.628+0100: 252642.610: [GC 252642.611: [DefNew: 17678K->337K(19136K), 0.0047150 secs] 111184K->93843K(260032K), 0.0048130 secs] [Times: user=0.00 sys=0.00, real=0.00 secs] 
2012-10-22T16:40:11.641+0100: 252687.624: [GC 252687.624: [DefNew: 17361K->787K(19136K), 0.0055760 secs] 110867K->94293K(260032K), 0.0056740 secs] [Times: user=0.00 sys=0.00, real=0.00 secs] 
2012-10-22T16:40:57.106+0100: 252733.089: [GC 252733.089: [DefNew: 17811K->1136K(19136K), 0.0067480 secs] 111317K->94642K(260032K), 0.0068590 secs] [Times: user=0.01 sys=0.00, real=0.01 secs] 
2012-10-22T16:41:47.065+0100: 252783.048: [GC 252783.048: [DefNew: 18160K->1065K(19136K), 0.0068180 secs] 111666K->94571K(260032K), 0.0069300 secs] [Times: user=0.00 sys=0.00, real=0.01 secs] 
2012-10-22T16:42:37.192+0100: 252833.175: [GC 252833.175: [DefNew: 18089K->1074K(19136K), 0.0145860 secs] 111595K->94642K(260032K), 0.0147090 secs] [Times: user=0.01 sys=0.00, real=0.01 secs] 
2012-10-22T16:43:26.250+0100: 252882.233: [GC 252882.233: [DefNew: 18080K->812K(19136K), 0.0065680 secs] 111649K->94443K(260032K), 0.0066750 secs] [Times: user=0.00 sys=0.00, real=0.00 secs] 
2012-10-22T16:44:11.493+0100: 252927.476: [GC 252927.476: [DefNew: 17836K->656K(19136K), 0.0052490 secs] 111467K->94287K(260032K), 0.0053540 secs] [Times: user=0.01 sys=0.00, real=0.01 secs] 
2012-10-22T16:45:01.256+0100: 252977.239: [GC 252977.239: [DefNew: 17654K->653K(19136K), 0.0069510 secs] 111285K->94284K(260032K), 0.0070740 secs] [Times: user=0.01 sys=0.00, real=0.01 secs] 
2012-10-22T16:45:47.125+0100: 253023.108: [GC 253023.108: [DefNew: 17677K->1100K(19136K), 0.0100840 secs] 111308K->94731K(260032K), 0.0102010 secs] [Times: user=0.01 sys=0.00, real=0.01 secs] 
2012-10-22T16:46:36.479+0100: 253072.462: [GC 253072.462: [DefNew: 18124K->848K(19136K), 0.0078780 secs] 111755K->94542K(260032K), 0.0079920 secs] [Times: user=0.00 sys=0.00, real=0.00 secs] 
2012-10-22T16:47:26.408+0100: 253122.391: [GC 253122.391: [DefNew: 17872K->884K(19136K), 0.0056660 secs] 111566K->94578K(260032K), 0.0058080 secs] [Times: user=0.01 sys=0.00, real=0.00 secs] 
2012-10-22T16:48:16.468+0100: 253172.451: [GC 253172.451: [DefNew: 17908K->623K(19136K), 0.0076620 secs] 111602K->94316K(260032K), 0.0077660 secs] [Times: user=0.00 sys=0.00, real=0.00 secs] 
2012-10-22T16:49:01.505+0100: 253217.488: [GC 253217.488: [DefNew: 17623K->465K(19136K), 0.0056390 secs] 111316K->94159K(260032K), 0.0057330 secs] [Times: user=0.01 sys=0.00, real=0.01 secs] 
2012-10-22T16:49:47.334+0100: 253263.317: [GC 253263.317: [DefNew: 17489K->1074K(19136K), 0.0060580 secs] 111183K->94767K(260032K), 0.0061670 secs] [Times: user=0.00 sys=0.00, real=0.01 secs] 
2012-10-22T16:50:37.164+0100: 253313.147: [GC 253313.147: [DefNew: 18091K->974K(19136K), 0.0071640 secs] 111784K->94730K(260032K), 0.0073110 secs] [Times: user=0.01 sys=0.00, real=0.01 secs] 
2012-10-22T16:51:25.086+0100: 253361.069: [GC 253361.069: [DefNew: 17998K->842K(19136K), 0.0038460 secs] 111754K->94598K(260032K), 0.0039280 secs] [Times: user=0.00 sys=0.00, real=0.01 secs] 
2012-10-22T16:52:16.431+0100: 253412.414: [GC 253412.414: [DefNew: 17866K->452K(19136K), 0.0046070 secs] 111621K->94208K(260032K), 0.0047030 secs] [Times: user=0.00 sys=0.00, real=0.00 secs] 
2012-10-22T16:53:01.356+0100: 253457.339: [GC 253457.339: [DefNew: 17476K->880K(19136K), 0.0058040 secs] 111232K->94635K(260032K), 0.0059140 secs] [Times: user=0.01 sys=0.00, real=0.01 secs] 
2012-10-22T16:53:47.298+0100: 253503.281: [GC 253503.281: [DefNew: 17904K->1221K(19136K), 0.0086350 secs] 111659K->94977K(260032K), 0.0087500 secs] [Times: user=0.00 sys=0.00, real=0.00 secs] 
2012-10-22T16:54:36.261+0100: 253552.244: [GC 253552.244: [DefNew: 18245K->786K(19136K), 0.0076410 secs] 112001K->94669K(260032K), 0.0077400 secs] [Times: user=0.00 sys=0.00, real=0.01 secs] 
2012-10-22T16:55:26.274+0100: 253602.257: [GC 253602.257: [DefNew: 17799K->653K(19136K), 0.0093520 secs] 111681K->94535K(260032K), 0.0094610 secs] [Times: user=0.00 sys=0.00, real=0.01 secs] 
2012-10-22T16:56:12.190+0100: 253648.173: [GC 253648.174: [DefNew: 17677K->970K(19136K), 0.0077930 secs] 111559K->94853K(260032K), 0.0079070 secs] [Times: user=0.01 sys=0.00, real=0.01 secs] 
2012-10-22T16:57:01.597+0100: 253697.580: [GC 253697.580: [DefNew: 17994K->812K(19136K), 0.0118080 secs] 111877K->94695K(260032K), 0.0155240 secs] [Times: user=0.00 sys=0.01, real=0.01 secs] 
2012-10-22T16:57:47.149+0100: 253743.132: [GC 253743.132: [DefNew: 17836K->1100K(19136K), 0.0067420 secs] 111719K->94983K(260032K), 0.0068470 secs] [Times: user=0.00 sys=0.00, real=0.00 secs] 
2012-10-22T16:58:36.737+0100: 253792.720: [GC 253792.720: [DefNew: 18098K->720K(19136K), 0.0063150 secs] 111981K->94665K(260032K), 0.0064120 secs] [Times: user=0.00 sys=0.00, real=0.01 secs] 
2012-10-22T16:59:21.360+0100: 253837.343: [GC 253837.343: [DefNew: 17743K->893K(19136K), 0.0070170 secs] 111689K->94838K(260032K), 0.0071260 secs] [Times: user=0.00 sys=0.00, real=0.00 secs] 
2012-10-22T17:00:11.520+0100: 253887.503: [GC 253887.503: [DefNew: 17917K->860K(19136K), 0.0079800 secs] 111862K->94805K(260032K), 0.0080990 secs] [Times: user=0.01 sys=0.00, real=0.01 secs] 
2012-10-22T17:00:57.157+0100: 253933.140: [GC 253933.140: [DefNew: 17857K->1136K(19136K), 0.0065720 secs] 111802K->95081K(260032K), 0.0070970 secs] [Times: user=0.01 sys=0.00, real=0.01 secs] 
2012-10-22T17:01:46.635+0100: 253982.618: [GC 253982.618: [DefNew: 18160K->980K(19136K), 0.0071080 secs] 112105K->94999K(260032K), 0.0072130 secs] [Times: user=0.00 sys=0.00, real=0.01 secs] 
2012-10-22T17:02:37.283+0100: 254033.266: [GC 254033.266: [DefNew: 17987K->1001K(19136K), 0.0067260 secs] 112006K->95020K(260032K), 0.0068500 secs] [Times: user=0.01 sys=0.00, real=0.01 secs] 
2012-10-22T17:03:26.537+0100: 254082.520: [GC 254082.520: [DefNew: 18025K->822K(19136K), 0.0074610 secs] 112044K->94841K(260032K), 0.0075750 secs] [Times: user=0.01 sys=0.00, real=0.01 secs] 
2012-10-22T17:04:11.598+0100: 254127.581: [GC 254127.581: [DefNew: 17846K->846K(19136K), 0.0075160 secs] 111865K->94866K(260032K), 0.0076230 secs] [Times: user=0.00 sys=0.00, real=0.00 secs] 
2012-10-22T17:05:01.545+0100: 254177.528: [GC 254177.528: [DefNew: 17870K->905K(19136K), 0.0064820 secs] 111890K->94925K(260032K), 0.0065900 secs] [Times: user=0.00 sys=0.00, real=0.01 secs] 
2012-10-22T17:05:47.325+0100: 254223.308: [GC 254223.308: [DefNew: 17929K->1159K(19136K), 0.0059710 secs] 111949K->95178K(260032K), 0.0060900 secs] [Times: user=0.01 sys=0.00, real=0.01 secs] 
2012-10-22T17:06:36.476+0100: 254272.459: [GC 254272.459: [DefNew: 18177K->371K(19136K), 0.0055370 secs] 112196K->94452K(260032K), 0.0056420 secs] [Times: user=0.01 sys=0.00, real=0.01 secs] 
2012-10-22T17:07:22.253+0100: 254318.236: [GC 254318.236: [DefNew: 17395K->1102K(19136K), 0.0061880 secs] 111476K->95184K(260032K), 0.0062880 secs] [Times: user=0.01 sys=0.00, real=0.01 secs] 
2012-10-22T17:08:12.397+0100: 254368.380: [GC 254368.380: [DefNew: 18126K->1106K(19136K), 0.0061100 secs] 112208K->95188K(260032K), 0.0062240 secs] [Times: user=0.00 sys=0.00, real=0.01 secs] 
2012-10-22T17:08:57.370+0100: 254413.353: [GC 254413.353: [DefNew: 18130K->1192K(19136K), 0.0069480 secs] 112212K->95336K(260032K), 0.0071000 secs] [Times: user=0.00 sys=0.00, real=0.01 secs] 
2012-10-22T17:09:47.323+0100: 254463.306: [GC 254463.306: [DefNew: 18198K->970K(19136K), 0.0067510 secs] 112342K->95238K(260032K), 0.0068610 secs] [Times: user=0.01 sys=0.00, real=0.01 secs] 
2012-10-22T17:10:37.284+0100: 254513.267: [GC 254513.267: [DefNew: 17994K->1066K(19136K), 0.0065130 secs] 112262K->95335K(260032K), 0.0066240 secs] [Times: user=0.01 sys=0.00, real=0.01 secs] 
2012-10-22T17:11:25.176+0100: 254561.159: [GC 254561.159: [DefNew: 18082K->884K(19136K), 0.0072590 secs] 112351K->95214K(260032K), 0.0073750 secs] [Times: user=0.00 sys=0.00, real=0.01 secs] 
2012-10-22T17:12:12.391+0100: 254608.374: [GC 254608.374: [DefNew: 17908K->1148K(19136K), 0.0060250 secs] 112238K->95479K(260032K), 0.0061270 secs] [Times: user=0.00 sys=0.01, real=0.00 secs] 
2012-10-22T17:13:01.620+0100: 254657.603: [GC 254657.603: [DefNew: 18172K->876K(19136K), 0.0088300 secs] 112503K->95404K(260032K), 0.0089470 secs] [Times: user=0.01 sys=0.00, real=0.01 secs] 
2012-10-22T17:13:47.376+0100: 254703.359: [GC 254703.359: [DefNew: 17900K->1042K(19136K), 0.0067080 secs] 112428K->95569K(260032K), 0.0068140 secs] [Times: user=0.01 sys=0.00, real=0.01 secs] 
2012-10-22T17:14:37.369+0100: 254753.352: [GC 254753.352: [DefNew: 18066K->968K(19136K), 0.0054970 secs] 112593K->95495K(260032K), 0.0056000 secs] [Times: user=0.00 sys=0.00, real=0.00 secs] 
2012-10-22T17:15:26.618+0100: 254802.600: [GC 254802.601: [DefNew: 17992K->846K(19136K), 0.0069480 secs] 112519K->95375K(260032K), 0.0070550 secs] [Times: user=0.00 sys=0.00, real=0.00 secs] 
2012-10-22T17:16:12.747+0100: 254848.730: [GC 254848.730: [DefNew: 17870K->1102K(19136K), 0.0058740 secs] 112399K->95631K(260032K), 0.0060300 secs] [Times: user=0.00 sys=0.00, real=0.01 secs] 
2012-10-22T17:17:01.570+0100: 254897.553: [GC 254897.554: [DefNew: 18117K->952K(19136K), 0.0063610 secs] 112646K->95482K(260032K), 0.0064670 secs] [Times: user=0.00 sys=0.00, real=0.00 secs] 
2012-10-22T17:17:51.824+0100: 254947.807: [GC 254947.807: [DefNew: 17976K->1049K(19136K), 0.0061870 secs] 112506K->95579K(260032K), 0.0062920 secs] [Times: user=0.01 sys=0.00, real=0.01 secs] 
2012-10-22T17:18:41.878+0100: 254997.861: [GC 254997.861: [DefNew: 18049K->1015K(19136K), 0.0058000 secs] 112579K->95544K(260032K), 0.0058950 secs] [Times: user=0.00 sys=0.00, real=0.00 secs] 
2012-10-22T17:19:26.665+0100: 255042.648: [GC 255042.648: [DefNew: 18039K->1078K(19136K), 0.0063630 secs] 112568K->95608K(260032K), 0.0064910 secs] [Times: user=0.01 sys=0.00, real=0.01 secs] 
2012-10-22T17:20:16.859+0100: 255092.842: [GC 255092.842: [DefNew: 18102K->889K(19136K), 0.0111880 secs] 112632K->95493K(260032K), 0.0113050 secs] [Times: user=0.00 sys=0.00, real=0.01 secs] 
2012-10-22T17:21:02.466+0100: 255138.449: [GC 255138.449: [DefNew: 17913K->1208K(19136K), 0.0065070 secs] 112517K->95811K(260032K), 0.0066140 secs] [Times: user=0.00 sys=0.00, real=0.01 secs] 
2012-10-22T17:21:52.466+0100: 255188.449: [GC 255188.449: [DefNew: 18214K->880K(19136K), 0.0074810 secs] 112818K->95682K(260032K), 0.0075940 secs] [Times: user=0.01 sys=0.00, real=0.01 secs] 
2012-10-22T17:22:42.912+0100: 255238.895: [GC 255238.895: [DefNew: 17885K->972K(19136K), 0.0060610 secs] 112686K->95773K(260032K), 0.0062240 secs] [Times: user=0.01 sys=0.00, real=0.01 secs] 
2012-10-22T17:23:32.268+0100: 255288.251: [GC 255288.252: [DefNew: 17996K->1136K(19136K), 0.0060640 secs] 112797K->95938K(260032K), 0.0061620 secs] [Times: user=0.00 sys=0.00, real=0.00 secs] 
2012-10-22T17:24:21.705+0100: 255337.688: [GC 255337.688: [DefNew: 18160K->285K(19136K), 0.0087360 secs] 112962K->95212K(260032K), 0.0088460 secs] [Times: user=0.01 sys=0.00, real=0.01 secs] 
2012-10-22T17:25:08.903+0100: 255384.886: [GC 255384.887: [DefNew: 17294K->981K(19136K), 0.0060230 secs] 112220K->95907K(260032K), 0.0061400 secs] [Times: user=0.01 sys=0.00, real=0.01 secs] 
2012-10-22T17:25:57.495+0100: 255433.478: [GC 255433.478: [DefNew: 17999K->821K(19136K), 0.0053480 secs] 112925K->95748K(260032K), 0.0054430 secs] [Times: user=0.01 sys=0.00, real=0.01 secs] 
2012-10-22T17:26:46.664+0100: 255482.647: [GC 255482.647: [DefNew: 17845K->466K(19136K), 0.0105510 secs] 112772K->95466K(260032K), 0.0106690 secs] [Times: user=0.02 sys=0.00, real=0.01 secs] 
2012-10-22T17:27:36.549+0100: 255532.532: [GC 255532.532: [DefNew: 17490K->559K(19136K), 0.0088680 secs] 112490K->95559K(260032K), 0.0089890 secs] [Times: user=0.00 sys=0.00, real=0.01 secs] 
2012-10-22T17:28:22.701+0100: 255578.684: [GC 255578.684: [DefNew: 17583K->1140K(19136K), 0.0062370 secs] 112583K->96139K(260032K), 0.0063520 secs] [Times: user=0.01 sys=0.00, real=0.01 secs] 
2012-10-22T17:28:58.543+0100: 255614.526: [GC 255614.526: [DefNew: 18162K->1411K(19136K), 0.0077250 secs] 113162K->96535K(260032K), 0.0078350 secs] [Times: user=0.01 sys=0.00, real=0.01 secs] 
2012-10-22T17:29:41.809+0100: 255657.792: [GC 255657.792: [DefNew: 18428K->147K(19136K), 0.0056400 secs] 113552K->95443K(260032K), 0.0057400 secs] [Times: user=0.00 sys=0.00, real=0.00 secs] 
2012-10-22T17:30:26.737+0100: 255702.719: [GC 255702.720: [DefNew: 17145K->1000K(19136K), 0.0057300 secs] 112442K->96296K(260032K), 0.0058330 secs] [Times: user=0.00 sys=0.00, real=0.01 secs] 
2012-10-22T17:31:12.556+0100: 255748.539: [GC 255748.539: [DefNew: 18024K->1064K(19136K), 0.0061770 secs] 113320K->96360K(260032K), 0.0062790 secs] [Times: user=0.01 sys=0.00, real=0.01 secs] 
2012-10-22T17:32:01.708+0100: 255797.691: [GC 255797.691: [DefNew: 18088K->872K(19136K), 0.0060280 secs] 113384K->96231K(260032K), 0.0061240 secs] [Times: user=0.01 sys=0.00, real=0.00 secs] 
2012-10-22T17:32:52.513+0100: 255848.496: [GC 255848.496: [DefNew: 17896K->1128K(19136K), 0.0063710 secs] 113255K->96487K(260032K), 0.0064760 secs] [Times: user=0.01 sys=0.00, real=0.01 secs] 
2012-10-22T17:33:42.021+0100: 255898.004: [GC 255898.004: [DefNew: 18152K->903K(19136K), 0.0062670 secs] 113511K->96324K(260032K), 0.0063670 secs] [Times: user=0.00 sys=0.01, real=0.01 secs] 
2012-10-22T17:34:26.628+0100: 255942.611: [GC 255942.611: [DefNew: 17927K->863K(19136K), 0.0053910 secs] 113348K->96283K(260032K), 0.0054870 secs] [Times: user=0.00 sys=0.00, real=0.00 secs] 
2012-10-22T17:35:16.708+0100: 255992.691: [GC 255992.691: [DefNew: 17887K->462K(19136K), 0.0046110 secs] 113307K->95882K(260032K), 0.0047040 secs] [Times: user=0.00 sys=0.00, real=0.00 secs] 
2012-10-22T17:36:01.635+0100: 256037.618: [GC 256037.618: [DefNew: 17472K->838K(19136K), 0.0054260 secs] 112892K->96259K(260032K), 0.0055290 secs] [Times: user=0.00 sys=0.00, real=0.01 secs] 
2012-10-22T17:36:47.490+0100: 256083.473: [GC 256083.473: [DefNew: 17862K->1256K(19136K), 0.0063240 secs] 113283K->96677K(260032K), 0.0064260 secs] [Times: user=0.01 sys=0.00, real=0.00 secs] 
2012-10-22T17:37:37.469+0100: 256133.452: [GC 256133.452: [DefNew: 18271K->1000K(19136K), 0.0119660 secs] 113692K->96544K(260032K), 0.0121090 secs] [Times: user=0.00 sys=0.00, real=0.01 secs] 
2012-10-22T17:38:26.886+0100: 256182.869: [GC 256182.869: [DefNew: 18007K->971K(19136K), 0.0058820 secs] 113552K->96516K(260032K), 0.0059960 secs] [Times: user=0.00 sys=0.00, real=0.01 secs] 
2012-10-22T17:39:11.877+0100: 256227.860: [GC 256227.860: [DefNew: 17995K->906K(19136K), 0.0056320 secs] 113540K->96451K(260032K), 0.0057370 secs] [Times: user=0.01 sys=0.00, real=0.01 secs] 
2012-10-22T17:40:02.510+0100: 256278.493: [GC 256278.493: [DefNew: 17930K->939K(19136K), 0.0039140 secs] 113475K->96483K(260032K), 0.0039930 secs] [Times: user=0.00 sys=0.00, real=0.00 secs] 
2012-10-22T17:40:51.656+0100: 256327.639: [GC 256327.639: [DefNew: 17933K->777K(19136K), 0.0064330 secs] 113478K->96322K(260032K), 0.0065120 secs] [Times: user=0.01 sys=0.00, real=0.01 secs] 
2012-10-22T17:41:36.797+0100: 256372.780: [GC 256372.780: [DefNew: 17801K->950K(19136K), 0.0064670 secs] 113346K->96495K(260032K), 0.0066140 secs] [Times: user=0.01 sys=0.00, real=0.01 secs] 
2012-10-22T17:42:27.542+0100: 256423.525: [GC 256423.525: [DefNew: 17974K->1069K(19136K), 0.0059530 secs] 113519K->96613K(260032K), 0.0060560 secs] [Times: user=0.01 sys=0.00, real=0.01 secs] 
2012-10-22T17:43:16.832+0100: 256472.815: [GC 256472.815: [DefNew: 18061K->873K(19136K), 0.0046010 secs] 113605K->96480K(260032K), 0.0046810 secs] [Times: user=0.00 sys=0.00, real=0.00 secs] 
2012-10-22T17:44:01.962+0100: 256517.945: [GC 256517.945: [DefNew: 17897K->982K(19136K), 0.0060670 secs] 113504K->96589K(260032K), 0.0061710 secs] [Times: user=0.01 sys=0.00, real=0.01 secs] 
2012-10-22T17:44:51.670+0100: 256567.653: [GC 256567.653: [DefNew: 17997K->784K(19136K), 0.0053770 secs] 113604K->96390K(260032K), 0.0054730 secs] [Times: user=0.00 sys=0.00, real=0.00 secs] 
2012-10-22T17:45:41.723+0100: 256617.706: [GC 256617.706: [DefNew: 17808K->465K(19136K), 0.0047400 secs] 113414K->96072K(260032K), 0.0048370 secs] [Times: user=0.00 sys=0.00, real=0.01 secs] 
2012-10-22T17:46:26.765+0100: 256662.748: [GC 256662.748: [DefNew: 17489K->1161K(19136K), 0.0064310 secs] 113096K->96768K(260032K), 0.0065480 secs] [Times: user=0.01 sys=0.00, real=0.01 secs] 
2012-10-22T17:47:17.576+0100: 256713.559: [GC 256713.559: [DefNew: 18185K->1004K(19136K), 0.0067400 secs] 113792K->96672K(260032K), 0.0068410 secs] [Times: user=0.01 sys=0.00, real=0.01 secs] 
2012-10-22T17:48:06.716+0100: 256762.699: [GC 256762.699: [DefNew: 18024K->832K(19136K), 0.0056400 secs] 113693K->96501K(260032K), 0.0057460 secs] [Times: user=0.01 sys=0.00, real=0.01 secs] 
2012-10-22T17:48:56.759+0100: 256812.742: [GC 256812.742: [DefNew: 17838K->561K(19136K), 0.0053230 secs] 113507K->96229K(260032K), 0.0054310 secs] [Times: user=0.00 sys=0.00, real=0.00 secs] 
2012-10-22T17:49:47.047+0100: 256863.030: [GC 256863.030: [DefNew: 17574K->370K(19136K), 0.0044030 secs] 113243K->96039K(260032K), 0.0044930 secs] [Times: user=0.00 sys=0.00, real=0.01 secs] 
2012-10-22T17:50:31.991+0100: 256907.974: [GC 256907.974: [DefNew: 17372K->750K(19136K), 0.0054120 secs] 113041K->96419K(260032K), 0.0055150 secs] [Times: user=0.00 sys=0.00, real=0.00 secs] 
2012-10-22T17:51:16.937+0100: 256952.920: [GC 256952.920: [DefNew: 17774K->912K(19136K), 0.0057390 secs] 113443K->96580K(260032K), 0.0058360 secs] [Times: user=0.01 sys=0.00, real=0.01 secs] 
2012-10-22T17:52:06.930+0100: 257002.913: [GC 257002.913: [DefNew: 17936K->690K(19136K), 0.0050580 secs] 113604K->96359K(260032K), 0.0051550 secs] [Times: user=0.00 sys=0.00, real=0.00 secs] 
2012-10-22T17:52:54.692+0100: 257050.675: [GC 257050.675: [DefNew: 17704K->844K(19136K), 0.0054010 secs] 113373K->96513K(260032K), 0.0054980 secs] [Times: user=0.01 sys=0.00, real=0.01 secs] 
2012-10-22T17:53:41.892+0100: 257097.875: [GC 257097.875: [DefNew: 17845K->935K(19136K), 0.0056820 secs] 113514K->96604K(260032K), 0.0058260 secs] [Times: user=0.01 sys=0.00, real=0.01 secs] 
2012-10-22T17:54:31.809+0100: 257147.791: [GC 257147.792: [DefNew: 17941K->339K(19136K), 0.0044470 secs] 113610K->96008K(260032K), 0.0045450 secs] [Times: user=0.00 sys=0.00, real=0.00 secs] 
2012-10-22T17:55:12.629+0100: 257188.612: [GC 257188.612: [DefNew: 17363K->1188K(19136K), 0.0059330 secs] 113032K->96857K(260032K), 0.0060410 secs] [Times: user=0.00 sys=0.00, real=0.00 secs] 
2012-10-22T17:56:02.800+0100: 257238.783: [GC 257238.783: [DefNew: 18182K->906K(19136K), 0.0073940 secs] 113851K->96702K(260032K), 0.0075040 secs] [Times: user=0.01 sys=0.00, real=0.00 secs] 
2012-10-22T17:56:52.004+0100: 257287.986: [GC 257287.987: [DefNew: 17930K->814K(19136K), 0.0053100 secs] 113726K->96609K(260032K), 0.0054080 secs] [Times: user=0.00 sys=0.00, real=0.01 secs] 
2012-10-22T17:57:42.186+0100: 257338.169: [GC 257338.169: [DefNew: 17838K->465K(19136K), 0.0046140 secs] 113633K->96260K(260032K), 0.0047120 secs] [Times: user=0.00 sys=0.00, real=0.01 secs] 
2012-10-22T17:58:27.698+0100: 257383.681: [GC 257383.681: [DefNew: 17489K->1135K(19136K), 0.0059570 secs] 113284K->96931K(260032K), 0.0060570 secs] [Times: user=0.01 sys=0.00, real=0.00 secs] 
2012-10-22T17:59:17.043+0100: 257433.026: [GC 257433.026: [DefNew: 18157K->380K(19136K), 0.0071280 secs] 113952K->96363K(260032K), 0.0072290 secs] [Times: user=0.01 sys=0.00, real=0.01 secs] 
2012-10-22T18:00:02.524+0100: 257478.507: [GC 257478.507: [DefNew: 17404K->1172K(19136K), 0.0061390 secs] 113387K->97155K(260032K), 0.0062430 secs] [Times: user=0.01 sys=0.00, real=0.01 secs] 
2012-10-22T18:00:51.955+0100: 257527.938: [GC 257527.938: [DefNew: 18176K->811K(19136K), 0.0094180 secs] 114159K->96869K(260032K), 0.0095450 secs] [Times: user=0.01 sys=0.00, real=0.01 secs] 
2012-10-22T18:01:37.983+0100: 257573.966: [GC 257573.966: [DefNew: 17822K->1065K(19136K), 0.0040940 secs] 113880K->97123K(260032K), 0.0041730 secs] [Times: user=0.01 sys=0.00, real=0.01 secs] 
2012-10-22T18:02:27.772+0100: 257623.755: [GC 257623.755: [DefNew: 18089K->966K(19136K), 0.0052730 secs] 114147K->97148K(260032K), 0.0053960 secs] [Times: user=0.01 sys=0.00, real=0.01 secs] 
2012-10-22T18:03:17.069+0100: 257673.052: [GC 257673.052: [DefNew: 17990K->911K(19136K), 0.0056320 secs] 114172K->97094K(260032K), 0.0057250 secs] [Times: user=0.01 sys=0.00, real=0.00 secs] 
2012-10-22T18:04:02.774+0100: 257718.757: [GC 257718.757: [DefNew: 17935K->1077K(19136K), 0.0081510 secs] 114118K->97259K(260032K), 0.0083230 secs] [Times: user=0.01 sys=0.00, real=0.01 secs] 
2012-10-22T18:04:52.753+0100: 257768.736: [GC 257768.736: [DefNew: 18099K->1103K(19136K), 0.0065480 secs] 114281K->97348K(260032K), 0.0066720 secs] [Times: user=0.00 sys=0.00, real=0.01 secs] 
2012-10-22T18:05:41.915+0100: 257817.898: [GC 257817.898: [DefNew: 18127K->917K(19136K), 0.0065680 secs] 114372K->97162K(260032K), 0.0066730 secs] [Times: user=0.01 sys=0.00, real=0.01 secs] 
2012-10-22T18:06:27.721+0100: 257863.704: [GC 257863.704: [DefNew: 17941K->1200K(19136K), 0.0063280 secs] 114186K->97445K(260032K), 0.0064360 secs] [Times: user=0.00 sys=0.00, real=0.01 secs] 
2012-10-22T18:07:17.732+0100: 257913.715: [GC 257913.715: [DefNew: 18224K->1070K(19136K), 0.0041290 secs] 114469K->97315K(260032K), 0.0042070 secs] [Times: user=0.00 sys=0.00, real=0.00 secs] 
2012-10-22T18:08:06.962+0100: 257962.945: [GC 257962.945: [DefNew: 18094K->650K(19136K), 0.0050410 secs] 114339K->96895K(260032K), 0.0051560 secs] [Times: user=0.00 sys=0.00, real=0.01 secs] 
2012-10-22T18:08:52.000+0100: 258007.983: [GC 258007.983: [DefNew: 17674K->1100K(19136K), 0.0063530 secs] 113919K->97346K(260032K), 0.0064820 secs] [Times: user=0.00 sys=0.00, real=0.00 secs] 
2012-10-22T18:09:41.907+0100: 258057.890: [GC 258057.890: [DefNew: 18124K->721K(19136K), 0.0075110 secs] 114370K->97029K(260032K), 0.0076170 secs] [Times: user=0.01 sys=0.00, real=0.01 secs] 
2012-10-22T18:10:27.020+0100: 258103.003: [GC 258103.003: [DefNew: 17745K->866K(19136K), 0.0082750 secs] 114053K->97173K(260032K), 0.0084180 secs] [Times: user=0.01 sys=0.00, real=0.01 secs] 
2012-10-22T18:11:12.729+0100: 258148.712: [GC 258148.713: [DefNew: 17890K->1221K(19136K), 0.0060500 secs] 114197K->97528K(260032K), 0.0061700 secs] [Times: user=0.00 sys=0.00, real=0.00 secs] 
2012-10-22T18:12:01.975+0100: 258197.957: [GC 258197.958: [DefNew: 18245K->795K(19136K), 0.0068460 secs] 114552K->97291K(260032K), 0.0069650 secs] [Times: user=0.01 sys=0.00, real=0.01 secs] 
2012-10-22T18:12:52.781+0100: 258248.763: [GC 258248.764: [DefNew: 17819K->1142K(19136K), 0.0100310 secs] 114315K->97639K(260032K), 0.0101640 secs] [Times: user=0.01 sys=0.00, real=0.01 secs] 
2012-10-22T18:13:42.127+0100: 258298.110: [GC 258298.110: [DefNew: 18166K->334K(19136K), 0.0061360 secs] 114663K->96966K(260032K), 0.0062350 secs] [Times: user=0.00 sys=0.00, real=0.00 secs] 
2012-10-22T18:14:27.103+0100: 258343.086: [GC 258343.086: [DefNew: 17358K->498K(19136K), 0.0047210 secs] 113990K->97131K(260032K), 0.0048220 secs] [Times: user=0.01 sys=0.00, real=0.01 secs] 
2012-10-22T18:15:12.191+0100: 258388.174: [GC 258388.174: [DefNew: 17522K->791K(19136K), 0.0053620 secs] 114155K->97423K(260032K), 0.0054580 secs] [Times: user=0.00 sys=0.00, real=0.00 secs] 
2012-10-22T18:15:58.053+0100: 258434.036: [GC 258434.036: [DefNew: 17815K->1169K(19136K), 0.0074450 secs] 114447K->97801K(260032K), 0.0075560 secs] [Times: user=0.01 sys=0.00, real=0.01 secs] 
2012-10-22T18:16:46.987+0100: 258482.970: [GC 258482.970: [DefNew: 18193K->528K(19136K), 0.0074850 secs] 114825K->97234K(260032K), 0.0076150 secs] [Times: user=0.01 sys=0.00, real=0.01 secs] 
2012-10-22T18:17:37.060+0100: 258533.043: [GC 258533.043: [DefNew: 17537K->466K(19136K), 0.0045510 secs] 114242K->97171K(260032K), 0.0046450 secs] [Times: user=0.00 sys=0.00, real=0.00 secs] 
2012-10-22T18:18:22.027+0100: 258578.010: [GC 258578.010: [DefNew: 17490K->790K(19136K), 0.0055700 secs] 114195K->97496K(260032K), 0.0057090 secs] [Times: user=0.01 sys=0.00, real=0.01 secs] 
2012-10-22T18:19:07.127+0100: 258623.110: [GC 258623.110: [DefNew: 17814K->750K(19136K), 0.0076260 secs] 114520K->97457K(260032K), 0.0077310 secs] [Times: user=0.00 sys=0.01, real=0.01 secs] 
2012-10-22T18:19:57.227+0100: 258673.210: [GC 258673.210: [DefNew: 17749K->371K(19136K), 0.0045440 secs] 114456K->97077K(260032K), 0.0047460 secs] [Times: user=0.01 sys=0.00, real=0.01 secs] 
2012-10-22T18:20:42.768+0100: 258718.751: [GC 258718.751: [DefNew: 17395K->954K(19136K), 0.0062900 secs] 114101K->97661K(260032K), 0.0063840 secs] [Times: user=0.00 sys=0.00, real=0.00 secs] 
2012-10-22T18:21:27.820+0100: 258763.803: [GC 258763.803: [DefNew: 17978K->1304K(19136K), 0.0065980 secs] 114685K->98011K(260032K), 0.0067010 secs] [Times: user=0.00 sys=0.00, real=0.00 secs] 
2012-10-22T18:22:17.820+0100: 258813.803: [GC 258813.803: [DefNew: 18328K->979K(19136K), 0.0088600 secs] 115035K->97916K(260032K), 0.0090540 secs] [Times: user=0.01 sys=0.00, real=0.01 secs] 
2012-10-22T18:23:02.915+0100: 258858.898: [GC 258858.898: [DefNew: 18003K->1116K(19136K), 0.0060040 secs] 114940K->98052K(260032K), 0.0061720 secs] [Times: user=0.01 sys=0.00, real=0.01 secs] 
2012-10-22T18:23:52.123+0100: 258908.106: [GC 258908.106: [DefNew: 18140K->753K(19136K), 0.0093520 secs] 115076K->97889K(260032K), 0.0094790 secs] [Times: user=0.01 sys=0.00, real=0.01 secs] 
2012-10-22T18:24:42.183+0100: 258958.166: [GC 258958.166: [DefNew: 17777K->762K(19136K), 0.0098000 secs] 114913K->97898K(260032K), 0.0099100 secs] [Times: user=0.01 sys=0.00, real=0.01 secs] 
2012-10-22T18:25:27.829+0100: 259003.812: [GC 259003.812: [DefNew: 17786K->1065K(19136K), 0.0098360 secs] 114922K->98202K(260032K), 0.0099550 secs] [Times: user=0.01 sys=0.00, real=0.01 secs] 
2012-10-22T18:26:17.346+0100: 259053.329: [GC 259053.329: [DefNew: 18089K->784K(19136K), 0.0056920 secs] 115226K->97922K(260032K), 0.0057880 secs] [Times: user=0.01 sys=0.00, real=0.01 secs] 
2012-10-22T18:27:02.902+0100: 259098.885: [GC 259098.885: [DefNew: 17808K->1322K(19136K), 0.0070530 secs] 114946K->98460K(260032K), 0.0071700 secs] [Times: user=0.01 sys=0.00, real=0.01 secs] 
2012-10-22T18:27:52.888+0100: 259148.871: [GC 259148.871: [DefNew: 18346K->975K(19136K), 0.0079120 secs] 115484K->98239K(260032K), 0.0080290 secs] [Times: user=0.01 sys=0.00, real=0.00 secs] 
2012-10-22T18:28:43.037+0100: 259199.020: [GC 259199.020: [DefNew: 17999K->1137K(19136K), 0.0074670 secs] 115263K->98402K(260032K), 0.0075720 secs] [Times: user=0.00 sys=0.00, real=0.01 secs] 
2012-10-22T18:29:12.046+0100: 259228.029: [GC 259228.029: [DefNew: 18153K->646K(19136K), 0.0053240 secs] 115418K->97911K(260032K), 0.0054560 secs] [Times: user=0.00 sys=0.00, real=0.01 secs] 
2012-10-22T18:29:57.016+0100: 259272.999: [GC 259272.999: [DefNew: 17670K->977K(19136K), 0.0060150 secs] 114935K->98242K(260032K), 0.0061300 secs] [Times: user=0.00 sys=0.00, real=0.01 secs] 
2012-10-22T18:30:47.883+0100: 259323.866: [GC 259323.866: [DefNew: 18001K->1005K(19136K), 0.0068620 secs] 115266K->98269K(260032K), 0.0069860 secs] [Times: user=0.01 sys=0.00, real=0.01 secs] 
2012-10-22T18:31:37.447+0100: 259373.430: [GC 259373.430: [DefNew: 18029K->504K(19136K), 0.0052890 secs] 115293K->97769K(260032K), 0.0053880 secs] [Times: user=0.01 sys=0.00, real=0.01 secs] 
2012-10-22T18:32:27.360+0100: 259423.343: [GC 259423.343: [DefNew: 17507K->718K(19136K), 0.0052790 secs] 114772K->97985K(260032K), 0.0054240 secs] [Times: user=0.00 sys=0.00, real=0.00 secs] 
2012-10-22T18:33:12.412+0100: 259468.395: [GC 259468.395: [DefNew: 17742K->1043K(19136K), 0.0062570 secs] 115009K->98311K(260032K), 0.0063690 secs] [Times: user=0.01 sys=0.00, real=0.01 secs] 
2012-10-22T18:33:57.143+0100: 259513.126: [GC 259513.126: [DefNew: 18067K->975K(19136K), 0.0060030 secs] 115335K->98243K(260032K), 0.0061050 secs] [Times: user=0.00 sys=0.00, real=0.01 secs] 
2012-10-22T18:34:47.160+0100: 259563.143: [GC 259563.143: [DefNew: 17999K->812K(19136K), 0.0052870 secs] 115267K->98079K(260032K), 0.0053830 secs] [Times: user=0.00 sys=0.00, real=0.00 secs] 
2012-10-22T18:35:32.976+0100: 259608.959: [GC 259608.960: [DefNew: 17836K->1066K(19136K), 0.0065940 secs] 115103K->98395K(260032K), 0.0067060 secs] [Times: user=0.01 sys=0.00, real=0.01 secs] 
2012-10-22T18:36:22.099+0100: 259658.082: [GC 259658.082: [DefNew: 18090K->757K(19136K), 0.0052520 secs] 115419K->98086K(260032K), 0.0053640 secs] [Times: user=0.00 sys=0.00, real=0.00 secs] 
2012-10-22T18:37:12.185+0100: 259708.168: [GC 259708.168: [DefNew: 17772K->527K(19136K), 0.0048040 secs] 115101K->97856K(260032K), 0.0049010 secs] [Times: user=0.01 sys=0.00, real=0.01 secs] 
2012-10-22T18:37:57.244+0100: 259753.227: [GC 259753.227: [DefNew: 17540K->941K(19136K), 0.0056730 secs] 114869K->98270K(260032K), 0.0057730 secs] [Times: user=0.01 sys=0.00, real=0.01 secs] 
2012-10-22T18:38:47.538+0100: 259803.521: [GC 259803.521: [DefNew: 17965K->626K(19136K), 0.0050510 secs] 115294K->97955K(260032K), 0.0051610 secs] [Times: user=0.00 sys=0.00, real=0.00 secs] 
2012-10-22T18:39:32.973+0100: 259848.956: [GC 259848.956: [DefNew: 17650K->968K(19136K), 0.0057280 secs] 114979K->98298K(260032K), 0.0058300 secs] [Times: user=0.01 sys=0.00, real=0.01 secs] 
2012-10-22T18:40:22.686+0100: 259898.669: [GC 259898.669: [DefNew: 17992K->877K(19136K), 0.0057670 secs] 115322K->98207K(260032K), 0.0058650 secs] [Times: user=0.00 sys=0.00, real=0.01 secs] 
2012-10-22T18:41:12.170+0100: 259948.153: [GC 259948.153: [DefNew: 17901K->336K(19136K), 0.0045820 secs] 115231K->97665K(260032K), 0.0046840 secs] [Times: user=0.00 sys=0.00, real=0.00 secs] 
2012-10-22T18:41:57.259+0100: 259993.242: [GC 259993.242: [DefNew: 17330K->718K(19136K), 0.0053520 secs] 114659K->98047K(260032K), 0.0054500 secs] [Times: user=0.00 sys=0.00, real=0.00 secs] 
2012-10-22T18:42:47.535+0100: 260043.518: [GC 260043.518: [DefNew: 17742K->820K(19136K), 0.0056850 secs] 115071K->98150K(260032K), 0.0057870 secs] [Times: user=0.01 sys=0.00, real=0.01 secs] 
2012-10-22T18:43:32.184+0100: 260088.166: [GC 260088.167: [DefNew: 17823K->935K(19136K), 0.0056680 secs] 115153K->98264K(260032K), 0.0057760 secs] [Times: user=0.01 sys=0.00, real=0.01 secs] 
2012-10-22T18:44:17.963+0100: 260133.946: [GC 260133.946: [DefNew: 17959K->1099K(19136K), 0.0058920 secs] 115288K->98428K(260032K), 0.0060570 secs] [Times: user=0.01 sys=0.00, real=0.01 secs] 
2012-10-22T18:45:07.187+0100: 260183.170: [GC 260183.170: [DefNew: 18123K->730K(19136K), 0.0058100 secs] 115452K->98123K(260032K), 0.0059160 secs] [Times: user=0.00 sys=0.00, real=0.01 secs] 
2012-10-22T18:45:54.351+0100: 260230.334: [GC 260230.334: [DefNew: 17734K->591K(19136K), 0.0055720 secs] 115127K->97984K(260032K), 0.0056690 secs] [Times: user=0.00 sys=0.00, real=0.00 secs] 
2012-10-22T18:46:38.232+0100: 260274.215: [GC 260274.215: [DefNew: 17615K->1063K(19136K), 0.0062850 secs] 115008K->98456K(260032K), 0.0063920 secs] [Times: user=0.00 sys=0.00, real=0.01 secs] 
2012-10-22T18:47:27.995+0100: 260323.978: [GC 260323.978: [DefNew: 18071K->1064K(19136K), 0.0059970 secs] 115464K->98457K(260032K), 0.0060980 secs] [Times: user=0.01 sys=0.00, real=0.01 secs] 
2012-10-22T18:48:17.234+0100: 260373.217: [GC 260373.217: [DefNew: 18088K->939K(19136K), 0.0058980 secs] 115481K->98332K(260032K), 0.0060140 secs] [Times: user=0.00 sys=0.00, real=0.01 secs] 
2012-10-22T18:49:02.989+0100: 260418.971: [GC 260418.972: [DefNew: 17944K->1032K(19136K), 0.0056900 secs] 115337K->98426K(260032K), 0.0057890 secs] [Times: user=0.00 sys=0.00, real=0.00 secs] 
2012-10-22T18:49:52.283+0100: 260468.266: [GC 260468.266: [DefNew: 18056K->1007K(19136K), 0.0058590 secs] 115450K->98401K(260032K), 0.0059740 secs] [Times: user=0.01 sys=0.00, real=0.01 secs] 
2012-10-22T18:50:42.563+0100: 260518.546: [GC 260518.546: [DefNew: 18014K->498K(19136K), 0.0059650 secs] 115407K->97891K(260032K), 0.0065530 secs] [Times: user=0.01 sys=0.00, real=0.01 secs] 
2012-10-22T18:51:27.252+0100: 260563.235: [GC 260563.235: [DefNew: 17522K->1137K(19136K), 0.0096840 secs] 114915K->98531K(260032K), 0.0098210 secs] [Times: user=0.00 sys=0.00, real=0.01 secs] 
2012-10-22T18:52:17.282+0100: 260613.265: [GC 260613.265: [DefNew: 18130K->338K(19136K), 0.0064980 secs] 115523K->97921K(260032K), 0.0067050 secs] [Times: user=0.01 sys=0.00, real=0.01 secs] 
2012-10-22T18:53:02.309+0100: 260658.292: [GC 260658.292: [DefNew: 17362K->947K(19136K), 0.0057650 secs] 114945K->98529K(260032K), 0.0058680 secs] [Times: user=0.00 sys=0.00, real=0.00 secs] 
2012-10-22T18:53:52.280+0100: 260708.263: [GC 260708.263: [DefNew: 17962K->654K(19136K), 0.0049540 secs] 115545K->98236K(260032K), 0.0050500 secs] [Times: user=0.01 sys=0.00, real=0.00 secs] 
2012-10-22T18:54:42.408+0100: 260758.391: [GC 260758.391: [DefNew: 17647K->371K(19136K), 0.0044730 secs] 115229K->97953K(260032K), 0.0045650 secs] [Times: user=0.01 sys=0.00, real=0.00 secs] 
2012-10-22T18:55:27.279+0100: 260803.262: [GC 260803.262: [DefNew: 17370K->972K(19136K), 0.0057680 secs] 114952K->98554K(260032K), 0.0058750 secs] [Times: user=0.00 sys=0.01, real=0.00 secs] 
2012-10-22T18:56:13.123+0100: 260849.106: [GC 260849.106: [DefNew: 17996K->1097K(19136K), 0.0062640 secs] 115578K->98680K(260032K), 0.0063650 secs] [Times: user=0.01 sys=0.00, real=0.01 secs] 
2012-10-22T18:57:02.248+0100: 260898.231: [GC 260898.231: [DefNew: 18121K->437K(19136K), 0.0085230 secs] 115704K->98145K(260032K), 0.0086330 secs] [Times: user=0.01 sys=0.00, real=0.00 secs] 
2012-10-22T18:57:48.052+0100: 260944.035: [GC 260944.035: [DefNew: 17437K->1033K(19136K), 0.0061390 secs] 115145K->98741K(260032K), 0.0062460 secs] [Times: user=0.01 sys=0.00, real=0.01 secs] 
2012-10-22T18:58:37.325+0100: 260993.308: [GC 260993.308: [DefNew: 18041K->526K(19136K), 0.0089340 secs] 115749K->98234K(260032K), 0.0090490 secs] [Times: user=0.01 sys=0.00, real=0.01 secs] 
2012-10-22T18:59:23.072+0100: 261039.055: [GC 261039.055: [DefNew: 17550K->1207K(19136K), 0.0073630 secs] 115258K->98915K(260032K), 0.0074800 secs] [Times: user=0.01 sys=0.00, real=0.01 secs] 
2012-10-22T19:00:08.001+0100: 261083.984: [GC 261083.984: [DefNew: 18231K->1074K(19136K), 0.0076920 secs] 115939K->98921K(260032K), 0.0077990 secs] [Times: user=0.00 sys=0.01, real=0.01 secs] 
2012-10-22T19:00:57.470+0100: 261133.453: [GC 261133.453: [DefNew: 18098K->808K(19136K), 0.0072970 secs] 115945K->98781K(260032K), 0.0074240 secs] [Times: user=0.01 sys=0.00, real=0.01 secs] 
2012-10-22T19:01:47.524+0100: 261183.507: [GC 261183.507: [DefNew: 17825K->309K(19136K), 0.0046820 secs] 115798K->98281K(260032K), 0.0047780 secs] [Times: user=0.01 sys=0.00, real=0.01 secs] 
2012-10-22T19:02:37.374+0100: 261233.357: [GC 261233.357: [DefNew: 17330K->341K(19136K), 0.0044640 secs] 115303K->98313K(260032K), 0.0045590 secs] [Times: user=0.00 sys=0.00, real=0.01 secs] 
2012-10-22T19:03:23.053+0100: 261279.036: [GC 261279.036: [DefNew: 17333K->1065K(19136K), 0.0063250 secs] 115305K->99038K(260032K), 0.0064310 secs] [Times: user=0.00 sys=0.00, real=0.01 secs] 
2012-10-22T19:04:08.315+0100: 261324.298: [GC 261324.298: [DefNew: 18086K->1039K(19136K), 0.0103000 secs] 116058K->99012K(260032K), 0.0104420 secs] [Times: user=0.00 sys=0.00, real=0.01 secs] 
2012-10-22T19:04:58.184+0100: 261374.167: [GC 261374.167: [DefNew: 18063K->970K(19136K), 0.0056520 secs] 116035K->98942K(260032K), 0.0057550 secs] [Times: user=0.02 sys=0.00, real=0.01 secs] 
2012-10-22T19:05:47.624+0100: 261423.607: [GC 261423.607: [DefNew: 17980K->717K(19136K), 0.0090040 secs] 115952K->98690K(260032K), 0.0091220 secs] [Times: user=0.01 sys=0.00, real=0.01 secs] 
2012-10-22T19:06:33.027+0100: 261469.010: [GC 261469.010: [DefNew: 17740K->960K(19136K), 0.0056240 secs] 115712K->98932K(260032K), 0.0057650 secs] [Times: user=0.00 sys=0.00, real=0.01 secs] 
2012-10-22T19:07:23.160+0100: 261519.143: [GC 261519.143: [DefNew: 17983K->1126K(19136K), 0.0059110 secs] 115955K->99099K(260032K), 0.0060220 secs] [Times: user=0.00 sys=0.00, real=0.00 secs] 
2012-10-22T19:08:12.451+0100: 261568.434: [GC 261568.435: [DefNew: 18121K->463K(19136K), 0.0064200 secs] 116093K->98562K(260032K), 0.0065200 secs] [Times: user=0.00 sys=0.01, real=0.01 secs] 
2012-10-22T19:08:57.516+0100: 261613.499: [GC 261613.499: [DefNew: 17472K->589K(19136K), 0.0049140 secs] 115571K->98688K(260032K), 0.0050120 secs] [Times: user=0.01 sys=0.00, real=0.01 secs] 
2012-10-22T19:09:47.422+0100: 261663.405: [GC 261663.405: [DefNew: 17613K->432K(19136K), 0.0045530 secs] 115712K->98531K(260032K), 0.0046480 secs] [Times: user=0.00 sys=0.00, real=0.00 secs] 
2012-10-22T19:10:33.076+0100: 261709.059: [GC 261709.059: [DefNew: 17456K->1105K(19136K), 0.0062720 secs] 115555K->99204K(260032K), 0.0063820 secs] [Times: user=0.00 sys=0.00, real=0.01 secs] 
2012-10-22T19:11:22.467+0100: 261758.450: [GC 261758.450: [DefNew: 18129K->824K(19136K), 0.0069100 secs] 116228K->98923K(260032K), 0.0070180 secs] [Times: user=0.01 sys=0.00, real=0.01 secs] 
2012-10-22T19:12:08.033+0100: 261804.016: [GC 261804.016: [DefNew: 17848K->1248K(19136K), 0.0072020 secs] 115947K->99347K(260032K), 0.0073120 secs] [Times: user=0.01 sys=0.00, real=0.01 secs] 
2012-10-22T19:12:54.582+0100: 261850.565: [GC 261850.565: [DefNew: 18271K->940K(19136K), 0.0049010 secs] 116370K->99177K(260032K), 0.0049690 secs] [Times: user=0.01 sys=0.00, real=0.00 secs] 
2012-10-22T19:13:43.077+0100: 261899.060: [GC 261899.060: [DefNew: 17964K->1004K(19136K), 0.0057280 secs] 116201K->99241K(260032K), 0.0058350 secs] [Times: user=0.01 sys=0.00, real=0.01 secs] 
2012-10-22T19:14:32.835+0100: 261948.818: [GC 261948.818: [DefNew: 18028K->824K(19136K), 0.0055120 secs] 116265K->99061K(260032K), 0.0056140 secs] [Times: user=0.01 sys=0.00, real=0.01 secs] 
2012-10-22T19:15:18.122+0100: 261994.105: [GC 261994.105: [DefNew: 17848K->1080K(19136K), 0.0059390 secs] 116085K->99318K(260032K), 0.0060390 secs] [Times: user=0.01 sys=0.00, real=0.01 secs] 
2012-10-22T19:16:07.426+0100: 262043.409: [GC 262043.409: [DefNew: 18104K->981K(19136K), 0.0057290 secs] 116342K->99218K(260032K), 0.0058560 secs] [Times: user=0.00 sys=0.00, real=0.01 secs] 
2012-10-22T19:16:57.553+0100: 262093.536: [GC 262093.536: [DefNew: 18005K->888K(19136K), 0.0056650 secs] 116242K->99125K(260032K), 0.0057630 secs] [Times: user=0.01 sys=0.00, real=0.01 secs] 
2012-10-22T19:17:47.476+0100: 262143.459: [GC 262143.459: [DefNew: 17905K->412K(19136K), 0.0048660 secs] 116142K->98649K(260032K), 0.0049670 secs] [Times: user=0.00 sys=0.00, real=0.01 secs] 
2012-10-22T19:18:33.175+0100: 262189.158: [GC 262189.158: [DefNew: 17436K->998K(19136K), 0.0067610 secs] 115673K->99308K(260032K), 0.0068720 secs] [Times: user=0.01 sys=0.00, real=0.01 secs] 
2012-10-22T19:19:22.657+0100: 262238.640: [GC 262238.640: [DefNew: 18022K->879K(19136K), 0.0074900 secs] 116332K->99190K(260032K), 0.0076090 secs] [Times: user=0.00 sys=0.00, real=0.01 secs] 
2012-10-22T19:20:08.344+0100: 262284.327: [GC 262284.327: [DefNew: 17903K->1172K(19136K), 0.0063600 secs] 116214K->99483K(260032K), 0.0067360 secs] [Times: user=0.01 sys=0.00, real=0.01 secs] 
2012-10-22T19:20:58.274+0100: 262334.257: [GC 262334.257: [DefNew: 18196K->1076K(19136K), 0.0074550 secs] 116507K->99449K(260032K), 0.0075710 secs] [Times: user=0.01 sys=0.00, real=0.01 secs] 
2012-10-22T19:21:47.524+0100: 262383.507: [GC 262383.507: [DefNew: 18099K->498K(19136K), 0.0087310 secs] 116471K->98945K(260032K), 0.0112270 secs] [Times: user=0.00 sys=0.00, real=0.01 secs] 
2012-10-22T19:22:37.518+0100: 262433.501: [GC 262433.501: [DefNew: 17517K->468K(19136K), 0.0060180 secs] 115965K->98916K(260032K), 0.0061240 secs] [Times: user=0.00 sys=0.00, real=0.00 secs] 
2012-10-22T19:23:22.482+0100: 262478.465: [GC 262478.466: [DefNew: 17479K->600K(19136K), 0.0069050 secs] 115926K->99047K(260032K), 0.0070230 secs] [Times: user=0.01 sys=0.00, real=0.01 secs] 
2012-10-22T19:24:08.141+0100: 262524.124: [GC 262524.124: [DefNew: 17624K->1169K(19136K), 0.0059070 secs] 116071K->99617K(260032K), 0.0060180 secs] [Times: user=0.00 sys=0.00, real=0.01 secs] 
2012-10-22T19:24:59.315+0100: 262575.298: [GC 262575.298: [DefNew: 18193K->743K(19136K), 0.0066330 secs] 116641K->99265K(260032K), 0.0067370 secs] [Times: user=0.01 sys=0.00, real=0.01 secs] 
2012-10-22T19:25:48.409+0100: 262624.392: [GC 262624.392: [DefNew: 17758K->686K(19136K), 0.0050360 secs] 116279K->99207K(260032K), 0.0051390 secs] [Times: user=0.00 sys=0.00, real=0.00 secs] 
2012-10-22T19:26:32.627+0100: 262668.610: [GC 262668.611: [DefNew: 17710K->559K(19136K), 0.0048170 secs] 116231K->99081K(260032K), 0.0054390 secs] [Times: user=0.00 sys=0.00, real=0.00 secs] 
2012-10-22T19:27:22.523+0100: 262718.506: [GC 262718.506: [DefNew: 17553K->620K(19136K), 0.0053240 secs] 116075K->99142K(260032K), 0.0054310 secs] [Times: user=0.01 sys=0.00, real=0.01 secs] 
2012-10-22T19:28:12.549+0100: 262768.532: [GC 262768.533: [DefNew: 17625K->622K(19136K), 0.0068490 secs] 116146K->99144K(260032K), 0.0069490 secs] [Times: user=0.00 sys=0.00, real=0.00 secs] 
2012-10-22T19:28:57.587+0100: 262813.570: [GC 262813.570: [DefNew: 17630K->904K(19136K), 0.0098190 secs] 116151K->99426K(260032K), 0.0099430 secs] [Times: user=0.00 sys=0.00, real=0.01 secs] 
2012-10-22T19:29:32.552+0100: 262848.535: [GC 262848.535: [DefNew: 17928K->474K(19136K), 0.0072950 secs] 116450K->99028K(260032K), 0.0074260 secs] [Times: user=0.01 sys=0.00, real=0.01 secs] 
2012-10-22T19:30:17.827+0100: 262893.810: [GC 262893.810: [DefNew: 17498K->847K(19136K), 0.0056330 secs] 116052K->99431K(260032K), 0.0057350 secs] [Times: user=0.00 sys=0.00, real=0.01 secs] 
2012-10-22T19:31:07.589+0100: 262943.572: [GC 262943.572: [DefNew: 17851K->341K(19136K), 0.0044410 secs] 116435K->98925K(260032K), 0.0045370 secs] [Times: user=0.00 sys=0.00, real=0.00 secs] 
2012-10-22T19:31:52.735+0100: 262988.718: [GC 262988.718: [DefNew: 17365K->819K(19136K), 0.0057580 secs] 115949K->99405K(260032K), 0.0058550 secs] [Times: user=0.00 sys=0.00, real=0.01 secs] 
2012-10-22T19:32:42.668+0100: 263038.651: [GC 263038.651: [DefNew: 17821K->714K(19136K), 0.0056980 secs] 116407K->99300K(260032K), 0.0057970 secs] [Times: user=0.01 sys=0.00, real=0.00 secs] 
2012-10-22T19:33:32.708+0100: 263088.691: [GC 263088.691: [DefNew: 17721K->339K(19136K), 0.0044120 secs] 116307K->98925K(260032K), 0.0045070 secs] [Times: user=0.00 sys=0.00, real=0.00 secs] 
2012-10-22T19:34:17.635+0100: 263133.618: [GC 263133.618: [DefNew: 17363K->863K(19136K), 0.0061900 secs] 115949K->99450K(260032K), 0.0062960 secs] [Times: user=0.00 sys=0.00, real=0.01 secs] 
2012-10-22T19:35:03.147+0100: 263179.130: [GC 263179.130: [DefNew: 17887K->1106K(19136K), 0.0042590 secs] 116474K->99693K(260032K), 0.0043710 secs] [Times: user=0.00 sys=0.00, real=0.01 secs] 
2012-10-22T19:35:52.652+0100: 263228.635: [GC 263228.635: [DefNew: 18122K->1185K(19136K), 0.0111740 secs] 116708K->99772K(260032K), 0.0112840 secs] [Times: user=0.00 sys=0.00, real=0.01 secs] 
2012-10-22T19:36:38.295+0100: 263274.277: [GC 263274.278: [DefNew: 18209K->911K(19136K), 0.0066770 secs] 116796K->99685K(260032K), 0.0067810 secs] [Times: user=0.00 sys=0.00, real=0.01 secs] 
2012-10-22T19:37:29.482+0100: 263325.465: [GC 263325.465: [DefNew: 17935K->1091K(19136K), 0.0058540 secs] 116709K->99866K(260032K), 0.0059560 secs] [Times: user=0.01 sys=0.00, real=0.01 secs] 
2012-10-22T19:38:18.459+0100: 263374.442: [GC 263374.442: [DefNew: 18101K->1064K(19136K), 0.0059850 secs] 116875K->99838K(260032K), 0.0060940 secs] [Times: user=0.00 sys=0.00, real=0.00 secs] 
2012-10-22T19:39:07.644+0100: 263423.627: [GC 263423.627: [DefNew: 18088K->654K(19136K), 0.0099050 secs] 116862K->99555K(260032K), 0.0100250 secs] [Times: user=0.01 sys=0.00, real=0.01 secs] 
2012-10-22T19:39:57.951+0100: 263473.934: [GC 263473.934: [DefNew: 17678K->531K(19136K), 0.0049270 secs] 116579K->99432K(260032K), 0.0050230 secs] [Times: user=0.01 sys=0.00, real=0.00 secs] 
2012-10-22T19:40:42.658+0100: 263518.641: [GC 263518.641: [DefNew: 17555K->1126K(19136K), 0.0105420 secs] 116456K->100026K(260032K), 0.0106290 secs] [Times: user=0.00 sys=0.00, real=0.01 secs] 
2012-10-22T19:41:28.279+0100: 263564.262: [GC 263564.262: [DefNew: 18150K->877K(19136K), 0.0084260 secs] 117050K->100029K(260032K), 0.0085660 secs] [Times: user=0.01 sys=0.00, real=0.01 secs] 
2012-10-22T19:42:18.283+0100: 263614.266: [GC 263614.266: [DefNew: 17901K->1033K(19136K), 0.0058950 secs] 117053K->100185K(260032K), 0.0060000 secs] [Times: user=0.01 sys=0.00, real=0.01 secs] 
2012-10-22T19:43:07.832+0100: 263663.815: [GC 263663.815: [DefNew: 18029K->685K(19136K), 0.0035270 secs] 117182K->99837K(260032K), 0.0036010 secs] [Times: user=0.00 sys=0.00, real=0.00 secs] 
2012-10-22T19:43:57.648+0100: 263713.631: [GC 263713.631: [DefNew: 17706K->433K(19136K), 0.0049670 secs] 116858K->99585K(260032K), 0.0050620 secs] [Times: user=0.00 sys=0.00, real=0.00 secs] 
2012-10-22T19:44:43.515+0100: 263759.498: [GC 263759.498: [DefNew: 17457K->999K(19136K), 0.0065210 secs] 116609K->100183K(260032K), 0.0066360 secs] [Times: user=0.01 sys=0.00, real=0.01 secs] 
2012-10-22T19:45:33.075+0100: 263809.058: [GC 263809.058: [DefNew: 18023K->395K(19136K), 0.0047400 secs] 117207K->99579K(260032K), 0.0048340 secs] [Times: user=0.00 sys=0.00, real=0.01 secs] 
2012-10-22T19:46:18.460+0100: 263854.443: [GC 263854.443: [DefNew: 17419K->1136K(19136K), 0.0063180 secs] 116603K->100321K(260032K), 0.0064220 secs] [Times: user=0.00 sys=0.00, real=0.00 secs] 
2012-10-22T19:47:07.950+0100: 263903.933: [GC 263903.933: [DefNew: 18160K->400K(19136K), 0.0062340 secs] 117345K->99711K(260032K), 0.0063300 secs] [Times: user=0.01 sys=0.00, real=0.00 secs] 
2012-10-22T19:47:53.330+0100: 263949.313: [GC 263949.313: [DefNew: 17424K->1199K(19136K), 0.0064920 secs] 116735K->100510K(260032K), 0.0065970 secs] [Times: user=0.01 sys=0.00, real=0.00 secs] 
2012-10-22T19:48:42.963+0100: 263998.946: [GC 263998.946: [DefNew: 18223K->882K(19136K), 0.0064590 secs] 117534K->100226K(260032K), 0.0065570 secs] [Times: user=0.01 sys=0.00, real=0.01 secs] 
2012-10-22T19:49:32.717+0100: 264048.700: [GC 264048.700: [DefNew: 17906K->799K(19136K), 0.0056030 secs] 117250K->100143K(260032K), 0.0056980 secs] [Times: user=0.00 sys=0.00, real=0.00 secs] 
2012-10-22T19:50:18.438+0100: 264094.421: [GC 264094.421: [DefNew: 17823K->1127K(19136K), 0.0061400 secs] 117167K->100472K(260032K), 0.0062440 secs] [Times: user=0.00 sys=0.01, real=0.00 secs] 
2012-10-22T19:51:07.829+0100: 264143.812: [GC 264143.812: [DefNew: 18130K->809K(19136K), 0.0073280 secs] 117474K->100310K(260032K), 0.0074370 secs] [Times: user=0.00 sys=0.00, real=0.00 secs] 
2012-10-22T19:51:53.394+0100: 264189.377: [GC 264189.377: [DefNew: 17833K->1075K(19136K), 0.0103160 secs] 117334K->100575K(260032K), 0.0104640 secs] [Times: user=0.01 sys=0.00, real=0.01 secs] 
2012-10-22T19:52:42.601+0100: 264238.584: [GC 264238.584: [DefNew: 18099K->689K(19136K), 0.0077250 secs] 117599K->100377K(260032K), 0.0078270 secs] [Times: user=0.01 sys=0.00, real=0.01 secs] 
2012-10-22T19:53:32.731+0100: 264288.714: [GC 264288.714: [DefNew: 17713K->498K(19136K), 0.0048200 secs] 117401K->100187K(260032K), 0.0049180 secs] [Times: user=0.01 sys=0.00, real=0.00 secs] 
2012-10-22T19:54:17.726+0100: 264333.709: [GC 264333.709: [DefNew: 17522K->748K(19136K), 0.0061290 secs] 117211K->100437K(260032K), 0.0062330 secs] [Times: user=0.01 sys=0.00, real=0.01 secs] 
2012-10-22T19:55:03.530+0100: 264379.513: [GC 264379.513: [DefNew: 17772K->1254K(19136K), 0.0109410 secs] 117461K->100942K(260032K), 0.0110780 secs] [Times: user=0.00 sys=0.00, real=0.01 secs] 
2012-10-22T19:55:53.513+0100: 264429.496: [GC 264429.496: [DefNew: 18278K->949K(19136K), 0.0075620 secs] 117966K->100794K(260032K), 0.0076900 secs] [Times: user=0.01 sys=0.00, real=0.01 secs] 
2012-10-22T19:56:42.583+0100: 264478.566: [GC 264478.566: [DefNew: 17973K->789K(19136K), 0.0054170 secs] 117818K->100634K(260032K), 0.0055140 secs] [Times: user=0.01 sys=0.00, real=0.01 secs] 
2012-10-22T19:57:32.631+0100: 264528.614: [GC 264528.614: [DefNew: 17813K->762K(19136K), 0.0075220 secs] 117658K->100607K(260032K), 0.0076330 secs] [Times: user=0.00 sys=0.00, real=0.01 secs] 
2012-10-22T19:58:22.646+0100: 264578.629: [GC 264578.629: [DefNew: 17786K->822K(19136K), 0.0076420 secs] 117631K->100667K(260032K), 0.0077390 secs] [Times: user=0.01 sys=0.00, real=0.01 secs] 
2012-10-22T19:59:12.342+0100: 264628.325: [GC 264628.325: [DefNew: 17846K->466K(19136K), 0.0046270 secs] 117691K->100312K(260032K), 0.0047210 secs] [Times: user=0.01 sys=0.00, real=0.00 secs] 
2012-10-22T19:59:57.922+0100: 264673.905: [GC 264673.905: [DefNew: 17490K->1100K(19136K), 0.0059920 secs] 117336K->100946K(260032K), 0.0061390 secs] [Times: user=0.00 sys=0.00, real=0.01 secs] 
2012-10-22T20:00:43.491+0100: 264719.474: [GC 264719.474: [DefNew: 18124K->1527K(19136K), 0.0070730 secs] 117970K->101372K(260032K), 0.0071920 secs] [Times: user=0.00 sys=0.00, real=0.01 secs] 
2012-10-22T20:01:32.801+0100: 264768.784: [GC 264768.784: [DefNew: 18541K->464K(19136K), 0.0083810 secs] 118386K->100572K(260032K), 0.0084870 secs] [Times: user=0.00 sys=0.00, real=0.01 secs] 
2012-10-22T20:02:17.808+0100: 264813.791: [GC 264813.791: [DefNew: 17488K->912K(19136K), 0.0039720 secs] 117596K->101019K(260032K), 0.0040660 secs] [Times: user=0.00 sys=0.00, real=0.00 secs] 
2012-10-22T20:03:07.680+0100: 264863.663: [GC 264863.663: [DefNew: 17936K->816K(19136K), 0.0061220 secs] 118043K->100924K(260032K), 0.0062210 secs] [Times: user=0.00 sys=0.00, real=0.00 secs] 
2012-10-22T20:03:54.570+0100: 264910.553: [GC 264910.553: [DefNew: 17840K->1202K(19136K), 0.0060380 secs] 117948K->101310K(260032K), 0.0061350 secs] [Times: user=0.00 sys=0.00, real=0.00 secs] 
2012-10-22T20:04:43.461+0100: 264959.444: [GC 264959.444: [DefNew: 18226K->910K(19136K), 0.0135570 secs] 118334K->101205K(260032K), 0.0136960 secs] [Times: user=0.00 sys=0.00, real=0.01 secs] 
2012-10-22T20:05:32.754+0100: 265008.737: [GC 265008.737: [DefNew: 17934K->852K(19136K), 0.0094690 secs] 118229K->101148K(260032K), 0.0095950 secs] [Times: user=0.00 sys=0.00, real=0.01 secs] 
2012-10-22T20:06:18.674+0100: 265054.657: [GC 265054.657: [DefNew: 17876K->1102K(19136K), 0.0062160 secs] 118172K->101398K(260032K), 0.0063320 secs] [Times: user=0.00 sys=0.00, real=0.01 secs] 
2012-10-22T20:07:07.721+0100: 265103.704: [GC 265103.704: [DefNew: 18126K->625K(19136K), 0.0035880 secs] 118422K->100921K(260032K), 0.0036970 secs] [Times: user=0.00 sys=0.00, real=0.00 secs] 
2012-10-22T20:07:54.794+0100: 265150.777: [GC 265150.777: [DefNew: 17649K->1234K(19136K), 0.0061540 secs] 117945K->101530K(260032K), 0.0062570 secs] [Times: user=0.01 sys=0.00, real=0.01 secs] 
2012-10-22T20:08:44.288+0100: 265200.271: [GC 265200.271: [DefNew: 18258K->1133K(19136K), 0.0070920 secs] 118554K->101491K(260032K), 0.0072110 secs] [Times: user=0.00 sys=0.00, real=0.00 secs] 
2012-10-22T20:09:33.675+0100: 265249.658: [GC 265249.658: [DefNew: 18157K->1132K(19136K), 0.0071210 secs] 118515K->101554K(260032K), 0.0072270 secs] [Times: user=0.01 sys=0.00, real=0.01 secs] 
2012-10-22T20:10:22.196+0100: 265298.179: [GC 265298.179: [DefNew: 18151K->877K(19136K), 0.0072040 secs] 118574K->101425K(260032K), 0.0073050 secs] [Times: user=0.00 sys=0.00, real=0.01 secs] 
2012-10-22T20:11:08.530+0100: 265344.513: [GC 265344.513: [DefNew: 17901K->1130K(19136K), 0.0062910 secs] 118449K->101678K(260032K), 0.0063910 secs] [Times: user=0.00 sys=0.00, real=0.00 secs] 
2012-10-22T20:11:53.650+0100: 265389.633: [GC 265389.633: [DefNew: 18154K->1238K(19136K), 0.0076590 secs] 118702K->101849K(260032K), 0.0077810 secs] [Times: user=0.00 sys=0.01, real=0.01 secs] 
2012-10-22T20:12:43.623+0100: 265439.606: [GC 265439.606: [DefNew: 18262K->912K(19136K), 0.0076870 secs] 118873K->101661K(260032K), 0.0077990 secs] [Times: user=0.01 sys=0.00, real=0.01 secs] 
2012-10-22T20:13:33.697+0100: 265489.680: [GC 265489.680: [DefNew: 17936K->1227K(19136K), 0.0064330 secs] 118685K->101975K(260032K), 0.0065670 secs] [Times: user=0.00 sys=0.01, real=0.01 secs] 
2012-10-22T20:14:22.887+0100: 265538.870: [GC 265538.870: [DefNew: 18251K->496K(19136K), 0.0109600 secs] 118999K->101370K(260032K), 0.0110930 secs] [Times: user=0.01 sys=0.00, real=0.02 secs] 
2012-10-22T20:15:08.703+0100: 265584.686: [GC 265584.686: [DefNew: 17520K->1134K(19136K), 0.0065480 secs] 118394K->102008K(260032K), 0.0066600 secs] [Times: user=0.01 sys=0.00, real=0.01 secs] 
2012-10-22T20:15:58.020+0100: 265634.002: [GC 265634.003: [DefNew: 18138K->726K(19136K), 0.0080760 secs] 119012K->101730K(260032K), 0.0081760 secs] [Times: user=0.01 sys=0.00, real=0.01 secs] 
2012-10-22T20:16:43.903+0100: 265679.886: [GC 265679.886: [DefNew: 17750K->1072K(19136K), 0.0064180 secs] 118754K->102076K(260032K), 0.0065300 secs] [Times: user=0.01 sys=0.00, real=0.01 secs] 
2012-10-22T20:17:32.896+0100: 265728.879: [GC 265728.879: [DefNew: 18096K->1131K(19136K), 0.0066030 secs] 119100K->102144K(260032K), 0.0067120 secs] [Times: user=0.00 sys=0.00, real=0.01 secs] 
2012-10-22T20:18:23.720+0100: 265779.703: [GC 265779.703: [DefNew: 18129K->1032K(19136K), 0.0063980 secs] 119142K->102045K(260032K), 0.0065040 secs] [Times: user=0.00 sys=0.00, real=0.00 secs] 
2012-10-22T20:19:12.773+0100: 265828.756: [GC 265828.756: [DefNew: 18043K->935K(19136K), 0.0056000 secs] 119056K->101948K(260032K), 0.0057070 secs] [Times: user=0.00 sys=0.00, real=0.01 secs] 
2012-10-22T20:20:02.883+0100: 265878.866: [GC 265878.866: [DefNew: 17939K->1004K(19136K), 0.0080010 secs] 118952K->102017K(260032K), 0.0081360 secs] [Times: user=0.00 sys=0.00, real=0.01 secs] 
2012-10-22T20:20:53.078+0100: 265929.061: [GC 265929.061: [DefNew: 18019K->789K(19136K), 0.0097260 secs] 119032K->101803K(260032K), 0.0098320 secs] [Times: user=0.00 sys=0.00, real=0.01 secs] 
2012-10-22T20:21:42.914+0100: 265978.897: [GC 265978.897: [DefNew: 17813K->592K(19136K), 0.0052010 secs] 118826K->101606K(260032K), 0.0052960 secs] [Times: user=0.00 sys=0.00, real=0.01 secs] 
2012-10-22T20:22:32.818+0100: 266028.801: [GC 266028.801: [DefNew: 17616K->505K(19136K), 0.0035430 secs] 118630K->101518K(260032K), 0.0036150 secs] [Times: user=0.00 sys=0.00, real=0.00 secs] 
2012-10-22T20:23:18.690+0100: 266074.673: [GC 266074.673: [DefNew: 17529K->1178K(19136K), 0.0061060 secs] 118542K->102192K(260032K), 0.0062090 secs] [Times: user=0.00 sys=0.00, real=0.00 secs] 
2012-10-22T20:24:07.773+0100: 266123.756: [GC 266123.756: [DefNew: 18202K->730K(19136K), 0.0089440 secs] 119216K->101941K(260032K), 0.0090510 secs] [Times: user=0.00 sys=0.00, real=0.01 secs] 
2012-10-22T20:24:57.780+0100: 266173.763: [GC 266173.763: [DefNew: 17752K->905K(19136K), 0.0062960 secs] 118963K->102116K(260032K), 0.0064010 secs] [Times: user=0.01 sys=0.00, real=0.00 secs] 
2012-10-22T20:25:47.861+0100: 266223.844: [GC 266223.844: [DefNew: 17910K->634K(19136K), 0.0051540 secs] 119122K->101845K(260032K), 0.0052620 secs] [Times: user=0.00 sys=0.00, real=0.00 secs] 
2012-10-22T20:26:32.935+0100: 266268.918: [GC 266268.918: [DefNew: 17638K->751K(19136K), 0.0065800 secs] 118849K->102035K(260032K), 0.0066860 secs] [Times: user=0.01 sys=0.00, real=0.01 secs] 
2012-10-22T20:27:23.117+0100: 266319.100: [GC 266319.100: [DefNew: 17775K->592K(19136K), 0.0050210 secs] 119059K->101877K(260032K), 0.0052270 secs] [Times: user=0.00 sys=0.00, real=0.01 secs] 
2012-10-22T20:28:08.715+0100: 266364.698: [GC 266364.698: [DefNew: 17616K->1156K(19136K), 0.0068230 secs] 118901K->102442K(260032K), 0.0069350 secs] [Times: user=0.02 sys=0.00, real=0.01 secs] 
2012-10-22T20:28:57.595+0100: 266413.577: [GC 266413.578: [DefNew: 18180K->496K(19136K), 0.0055940 secs] 119465K->101878K(260032K), 0.0056930 secs] [Times: user=0.01 sys=0.00, real=0.01 secs] 
2012-10-22T20:29:28.706+0100: 266444.689: [GC 266444.689: [DefNew: 17520K->1085K(19136K), 0.0115850 secs] 118902K->102467K(260032K), 0.0117110 secs] [Times: user=0.01 sys=0.00, real=0.02 secs] 
2012-10-22T20:30:17.874+0100: 266493.857: [GC 266493.857: [DefNew: 18109K->979K(19136K), 0.0059170 secs] 119491K->102364K(260032K), 0.0060200 secs] [Times: user=0.00 sys=0.00, real=0.01 secs] 
2012-10-22T20:31:08.011+0100: 266543.994: [GC 266543.994: [DefNew: 18003K->657K(19136K), 0.0052270 secs] 119388K->102042K(260032K), 0.0053260 secs] [Times: user=0.00 sys=0.00, real=0.00 secs] 
2012-10-22T20:31:52.909+0100: 266588.892: [GC 266588.892: [DefNew: 17681K->782K(19136K), 0.0052420 secs] 119066K->102167K(260032K), 0.0053450 secs] [Times: user=0.00 sys=0.00, real=0.00 secs] 
2012-10-22T20:32:43.147+0100: 266639.130: [GC 266639.130: [DefNew: 17802K->617K(19136K), 0.0051200 secs] 119187K->102002K(260032K), 0.0052210 secs] [Times: user=0.00 sys=0.00, real=0.01 secs] 
2012-10-22T20:33:28.756+0100: 266684.739: [GC 266684.739: [DefNew: 17641K->1086K(19136K), 0.0061890 secs] 119026K->102472K(260032K), 0.0062940 secs] [Times: user=0.00 sys=0.00, real=0.01 secs] 
2012-10-22T20:34:17.835+0100: 266733.818: [GC 266733.818: [DefNew: 18110K->594K(19136K), 0.0065930 secs] 119496K->102103K(260032K), 0.0066960 secs] [Times: user=0.00 sys=0.01, real=0.01 secs] 
2012-10-22T20:35:08.005+0100: 266783.988: [GC 266783.988: [DefNew: 17618K->497K(19136K), 0.0049460 secs] 119127K->102007K(260032K), 0.0050430 secs] [Times: user=0.00 sys=0.00, real=0.01 secs] 
2012-10-22T20:35:54.439+0100: 266830.422: [GC 266830.422: [DefNew: 17521K->1258K(19136K), 0.0062010 secs] 119031K->102768K(260032K), 0.0063050 secs] [Times: user=0.00 sys=0.01, real=0.00 secs] 
2012-10-22T20:36:42.987+0100: 266878.970: [GC 266878.970: [DefNew: 18268K->463K(19136K), 0.0054280 secs] 119778K->102036K(260032K), 0.0055250 secs] [Times: user=0.00 sys=0.00, real=0.01 secs] 
2012-10-22T20:37:32.910+0100: 266928.893: [GC 266928.893: [DefNew: 17487K->714K(19136K), 0.0053350 secs] 119060K->102288K(260032K), 0.0054420 secs] [Times: user=0.01 sys=0.00, real=0.00 secs] 
2012-10-22T20:38:18.793+0100: 266974.776: [GC 266974.776: [DefNew: 17738K->1068K(19136K), 0.0061300 secs] 119312K->102642K(260032K), 0.0062370 secs] [Times: user=0.00 sys=0.00, real=0.01 secs] 
2012-10-22T20:39:08.830+0100: 267024.813: [GC 267024.813: [DefNew: 18092K->1035K(19136K), 0.0058840 secs] 119666K->102608K(260032K), 0.0059800 secs] [Times: user=0.01 sys=0.00, real=0.00 secs] 
2012-10-22T20:39:57.912+0100: 267073.895: [GC 267073.895: [DefNew: 18053K->1065K(19136K), 0.0058210 secs] 119627K->102639K(260032K), 0.0059240 secs] [Times: user=0.01 sys=0.00, real=0.01 secs] 
2012-10-22T20:40:47.972+0100: 267123.955: [GC 267123.955: [DefNew: 18074K->561K(19136K), 0.0056110 secs] 119647K->102196K(260032K), 0.0057110 secs] [Times: user=0.00 sys=0.00, real=0.01 secs] 
2012-10-22T20:41:32.893+0100: 267168.876: [GC 267168.876: [DefNew: 17585K->845K(19136K), 0.0054800 secs] 119220K->102481K(260032K), 0.0055810 secs] [Times: user=0.01 sys=0.00, real=0.01 secs] 
2012-10-22T20:42:23.355+0100: 267219.338: [GC 267219.338: [DefNew: 17869K->943K(19136K), 0.0056420 secs] 119505K->102578K(260032K), 0.0057440 secs] [Times: user=0.00 sys=0.00, real=0.01 secs] 
2012-10-22T20:43:08.672+0100: 267264.655: [GC 267264.655: [DefNew: 17967K->1222K(19136K), 0.0064670 secs] 119602K->102887K(260032K), 0.0065800 secs] [Times: user=0.00 sys=0.00, real=0.01 secs] 
2012-10-22T20:43:57.928+0100: 267313.911: [GC 267313.911: [DefNew: 18246K->792K(19136K), 0.0085510 secs] 119911K->102646K(260032K), 0.0086660 secs] [Times: user=0.01 sys=0.00, real=0.00 secs] 
2012-10-22T20:44:48.035+0100: 267364.018: [GC 267364.018: [DefNew: 17815K->695K(19136K), 0.0052800 secs] 119668K->102548K(260032K), 0.0053750 secs] [Times: user=0.01 sys=0.00, real=0.01 secs] 
2012-10-22T20:45:38.171+0100: 267414.154: [GC 267414.154: [DefNew: 17704K->433K(19136K), 0.0046730 secs] 119558K->102287K(260032K), 0.0047640 secs] [Times: user=0.00 sys=0.00, real=0.00 secs] 
2012-10-22T20:46:24.075+0100: 267460.058: [GC 267460.058: [DefNew: 17453K->1116K(19136K), 0.0065020 secs] 119306K->102970K(260032K), 0.0066140 secs] [Times: user=0.01 sys=0.00, real=0.01 secs] 
2012-10-22T20:47:13.016+0100: 267508.999: [GC 267508.999: [DefNew: 18140K->893K(19136K), 0.0055210 secs] 119994K->102747K(260032K), 0.0056200 secs] [Times: user=0.01 sys=0.00, real=0.01 secs] 
2012-10-22T20:48:02.910+0100: 267558.893: [GC 267558.893: [DefNew: 17917K->622K(19136K), 0.0048800 secs] 119771K->102476K(260032K), 0.0049770 secs] [Times: user=0.00 sys=0.00, real=0.00 secs] 
2012-10-22T20:48:48.900+0100: 267604.883: [GC 267604.883: [DefNew: 17646K->1162K(19136K), 0.0059870 secs] 119500K->103015K(260032K), 0.0060990 secs] [Times: user=0.00 sys=0.00, real=0.00 secs] 
2012-10-22T20:49:38.865+0100: 267654.848: [GC 267654.849: [DefNew: 18186K->1039K(19136K), 0.0070120 secs] 120039K->102955K(260032K), 0.0071300 secs] [Times: user=0.00 sys=0.00, real=0.01 secs] 
2012-10-22T20:50:27.928+0100: 267703.911: [GC 267703.911: [DefNew: 18061K->931K(19136K), 0.0055720 secs] 119977K->102847K(260032K), 0.0056770 secs] [Times: user=0.00 sys=0.00, real=0.00 secs] 
2012-10-22T20:51:17.883+0100: 267753.866: [GC 267753.866: [DefNew: 17955K->845K(19136K), 0.0058210 secs] 119871K->102761K(260032K), 0.0061730 secs] [Times: user=0.01 sys=0.00, real=0.01 secs] 
2012-10-22T20:52:08.265+0100: 267804.248: [GC 267804.248: [DefNew: 17838K->687K(19136K), 0.0054780 secs] 119754K->102603K(260032K), 0.0055780 secs] [Times: user=0.01 sys=0.00, real=0.01 secs] 
2012-10-22T20:52:57.926+0100: 267853.909: [GC 267853.909: [DefNew: 17711K->494K(19136K), 0.0047370 secs] 119627K->102410K(260032K), 0.0048350 secs] [Times: user=0.01 sys=0.00, real=0.01 secs] 
2012-10-22T20:53:43.905+0100: 267899.888: [GC 267899.888: [DefNew: 17518K->1030K(19136K), 0.0104820 secs] 119434K->102947K(260032K), 0.0106060 secs] [Times: user=0.01 sys=0.00, real=0.01 secs] 
2012-10-22T20:54:33.290+0100: 267949.273: [GC 267949.273: [DefNew: 18054K->432K(19136K), 0.0049260 secs] 119971K->102348K(260032K), 0.0050240 secs] [Times: user=0.00 sys=0.00, real=0.00 secs] 
2012-10-22T20:55:19.068+0100: 267995.051: [GC 267995.051: [DefNew: 17454K->972K(19136K), 0.0056700 secs] 119371K->102888K(260032K), 0.0057710 secs] [Times: user=0.01 sys=0.00, real=0.00 secs] 
2012-10-22T20:56:08.080+0100: 268044.063: [GC 268044.063: [DefNew: 17986K->935K(19136K), 0.0054880 secs] 119902K->102851K(260032K), 0.0055910 secs] [Times: user=0.00 sys=0.00, real=0.00 secs] 
2012-10-22T20:56:58.085+0100: 268094.068: [GC 268094.068: [DefNew: 17959K->430K(19136K), 0.0047880 secs] 119875K->102346K(260032K), 0.0049110 secs] [Times: user=0.01 sys=0.00, real=0.01 secs] 
2012-10-22T20:57:43.881+0100: 268139.864: [GC 268139.865: [DefNew: 17454K->1070K(19136K), 0.0058380 secs] 119370K->102986K(260032K), 0.0059390 secs] [Times: user=0.01 sys=0.00, real=0.01 secs] 
2012-10-22T20:58:33.001+0100: 268188.983: [GC 268188.984: [DefNew: 18094K->941K(19136K), 0.0065570 secs] 120010K->102954K(260032K), 0.0066630 secs] [Times: user=0.00 sys=0.00, real=0.00 secs] 
2012-10-22T20:59:23.329+0100: 268239.312: [GC 268239.312: [DefNew: 17961K->416K(19136K), 0.0047140 secs] 119974K->102428K(260032K), 0.0048140 secs] [Times: user=0.00 sys=0.00, real=0.00 secs] 
2012-10-22T21:00:08.800+0100: 268284.783: [GC 268284.783: [DefNew: 17440K->1169K(19136K), 0.0066130 secs] 119452K->103182K(260032K), 0.0067170 secs] [Times: user=0.01 sys=0.00, real=0.00 secs] 
2012-10-22T21:00:58.074+0100: 268334.057: [GC 268334.057: [DefNew: 18193K->848K(19136K), 0.0077680 secs] 120206K->103026K(260032K), 0.0078680 secs] [Times: user=0.01 sys=0.00, real=0.01 secs] 
2012-10-22T21:01:48.213+0100: 268384.196: [GC 268384.196: [DefNew: 17872K->731K(19136K), 0.0110210 secs] 120050K->102909K(260032K), 0.0111330 secs] [Times: user=0.01 sys=0.00, real=0.01 secs] 
2012-10-22T21:02:37.985+0100: 268433.968: [GC 268433.968: [DefNew: 17755K->592K(19136K), 0.0051660 secs] 119933K->102770K(260032K), 0.0052630 secs] [Times: user=0.01 sys=0.00, real=0.01 secs] 
2012-10-22T21:03:23.952+0100: 268479.935: [GC 268479.935: [DefNew: 17616K->1039K(19136K), 0.0061350 secs] 119794K->103218K(260032K), 0.0062350 secs] [Times: user=0.01 sys=0.00, real=0.01 secs] 
2012-10-22T21:04:13.150+0100: 268529.133: [GC 268529.133: [DefNew: 18063K->879K(19136K), 0.0086360 secs] 120242K->103057K(260032K), 0.0087480 secs] [Times: user=0.00 sys=0.00, real=0.01 secs] 
2012-10-22T21:04:58.849+0100: 268574.832: [GC 268574.832: [DefNew: 17899K->1345K(19136K), 0.0077160 secs] 120078K->103524K(260032K), 0.0078260 secs] [Times: user=0.01 sys=0.00, real=0.01 secs] 
2012-10-22T21:05:48.330+0100: 268624.313: [GC 268624.313: [DefNew: 18365K->911K(19136K), 0.0063280 secs] 120544K->103092K(260032K), 0.0064310 secs] [Times: user=0.00 sys=0.00, real=0.00 secs] 
2012-10-22T21:06:33.958+0100: 268669.941: [GC 268669.941: [DefNew: 17925K->1095K(19136K), 0.0093220 secs] 120106K->103276K(260032K), 0.0094460 secs] [Times: user=0.00 sys=0.00, real=0.00 secs] 
2012-10-22T21:07:24.090+0100: 268720.073: [GC 268720.073: [DefNew: 18119K->968K(19136K), 0.0064790 secs] 120300K->103212K(260032K), 0.0065830 secs] [Times: user=0.00 sys=0.01, real=0.00 secs] 
2012-10-22T21:08:13.217+0100: 268769.199: [GC 268769.200: [DefNew: 17981K->907K(19136K), 0.0090170 secs] 120224K->103151K(260032K), 0.0091220 secs] [Times: user=0.00 sys=0.00, real=0.01 secs] 
2012-10-22T21:09:03.159+0100: 268819.142: [GC 268819.142: [DefNew: 17931K->846K(19136K), 0.0062140 secs] 120175K->103089K(260032K), 0.0063450 secs] [Times: user=0.01 sys=0.00, real=0.00 secs] 
2012-10-22T21:09:53.214+0100: 268869.197: [GC 268869.198: [DefNew: 17870K->974K(19136K), 0.0102850 secs] 120113K->103218K(260032K), 0.0104140 secs] [Times: user=0.01 sys=0.00, real=0.01 secs] 
2012-10-22T21:10:38.899+0100: 268914.882: [GC 268914.882: [DefNew: 17992K->975K(19136K), 0.0060530 secs] 120235K->103219K(260032K), 0.0062040 secs] [Times: user=0.01 sys=0.00, real=0.00 secs] 
2012-10-22T21:11:25.313+0100: 268961.296: [GC 268961.296: [DefNew: 17999K->1034K(19136K), 0.0058410 secs] 120243K->103278K(260032K), 0.0059400 secs] [Times: user=0.01 sys=0.00, real=0.01 secs] 
2012-10-22T21:12:14.353+0100: 269010.336: [GC 269010.336: [DefNew: 18058K->1149K(19136K), 0.0063000 secs] 120302K->103392K(260032K), 0.0064180 secs] [Times: user=0.01 sys=0.00, real=0.01 secs] 
2012-10-22T21:13:03.929+0100: 269059.912: [GC 269059.912: [DefNew: 18173K->1210K(19136K), 0.0062350 secs] 120416K->103453K(260032K), 0.0063550 secs] [Times: user=0.00 sys=0.00, real=0.00 secs] 
2012-10-22T21:13:53.144+0100: 269109.127: [GC 269109.127: [DefNew: 18234K->845K(19136K), 0.0095730 secs] 120477K->103289K(260032K), 0.0096830 secs] [Times: user=0.01 sys=0.00, real=0.01 secs] 
2012-10-22T21:14:43.311+0100: 269159.294: [GC 269159.294: [DefNew: 17869K->623K(19136K), 0.0072470 secs] 120313K->103067K(260032K), 0.0073550 secs] [Times: user=0.01 sys=0.00, real=0.01 secs] 
2012-10-22T21:15:28.998+0100: 269204.980: [GC 269204.981: [DefNew: 17647K->1173K(19136K), 0.0062600 secs] 120091K->103617K(260032K), 0.0063730 secs] [Times: user=0.00 sys=0.00, real=0.00 secs] 
2012-10-22T21:16:18.278+0100: 269254.261: [GC 269254.261: [DefNew: 18182K->952K(19136K), 0.0068000 secs] 120626K->103458K(260032K), 0.0069610 secs] [Times: user=0.01 sys=0.00, real=0.00 secs] 
2012-10-22T21:17:03.990+0100: 269299.973: [GC 269299.973: [DefNew: 17976K->1155K(19136K), 0.0061120 secs] 120482K->103661K(260032K), 0.0062120 secs] [Times: user=0.01 sys=0.00, real=0.00 secs] 
2012-10-22T21:17:54.007+0100: 269349.990: [GC 269349.990: [DefNew: 18179K->1065K(19136K), 0.0113160 secs] 120685K->103708K(260032K), 0.0114380 secs] [Times: user=0.00 sys=0.00, real=0.02 secs] 
2012-10-22T21:18:43.372+0100: 269399.355: [GC 269399.355: [DefNew: 18089K->588K(19136K), 0.0059590 secs] 120732K->103293K(260032K), 0.0060550 secs] [Times: user=0.01 sys=0.00, real=0.01 secs] 
2012-10-22T21:19:29.012+0100: 269444.995: [GC 269444.995: [DefNew: 17612K->1101K(19136K), 0.0116980 secs] 120317K->103805K(260032K), 0.0118130 secs] [Times: user=0.01 sys=0.00, real=0.01 secs] 
2012-10-22T21:20:18.146+0100: 269494.129: [GC 269494.129: [DefNew: 18125K->1140K(19136K), 0.0063860 secs] 120829K->103845K(260032K), 0.0064900 secs] [Times: user=0.00 sys=0.00, real=0.01 secs] 
2012-10-22T21:21:08.140+0100: 269544.123: [GC 269544.123: [DefNew: 18160K->430K(19136K), 0.0064950 secs] 120865K->103274K(260032K), 0.0065950 secs] [Times: user=0.01 sys=0.00, real=0.00 secs] 
2012-10-22T21:21:54.026+0100: 269590.009: [GC 269590.009: [DefNew: 17454K->1106K(19136K), 0.0059740 secs] 120298K->103950K(260032K), 0.0060820 secs] [Times: user=0.01 sys=0.00, real=0.01 secs] 
2012-10-22T21:22:43.997+0100: 269639.980: [GC 269639.980: [DefNew: 18130K->845K(19136K), 0.0067870 secs] 120974K->103783K(260032K), 0.0069790 secs] [Times: user=0.01 sys=0.00, real=0.01 secs] 
2012-10-22T21:23:33.173+0100: 269689.156: [GC 269689.156: [DefNew: 17869K->944K(19136K), 0.0057670 secs] 120807K->103882K(260032K), 0.0058710 secs] [Times: user=0.01 sys=0.00, real=0.01 secs] 
2012-10-22T21:24:19.058+0100: 269735.041: [GC 269735.041: [DefNew: 17942K->1043K(19136K), 0.0057940 secs] 120880K->103981K(260032K), 0.0059040 secs] [Times: user=0.00 sys=0.00, real=0.00 secs] 
2012-10-22T21:25:05.820+0100: 269781.803: [GC 269781.803: [DefNew: 18054K->1171K(19136K), 0.0062580 secs] 120992K->104109K(260032K), 0.0064010 secs] [Times: user=0.00 sys=0.00, real=0.00 secs] 
2012-10-22T21:25:54.228+0100: 269830.210: [GC 269830.211: [DefNew: 18195K->1039K(19136K), 0.0082320 secs] 121133K->104113K(260032K), 0.0083460 secs] [Times: user=0.01 sys=0.00, real=0.00 secs] 
2012-10-22T21:26:43.103+0100: 269879.086: [GC 269879.086: [DefNew: 18063K->770K(19136K), 0.0052600 secs] 121137K->103844K(260032K), 0.0053560 secs] [Times: user=0.00 sys=0.00, real=0.01 secs] 
2012-10-22T21:27:33.404+0100: 269929.387: [GC 269929.387: [DefNew: 17786K->719K(19136K), 0.0053150 secs] 120860K->103793K(260032K), 0.0054200 secs] [Times: user=0.00 sys=0.00, real=0.01 secs] 
2012-10-22T21:28:23.203+0100: 269979.185: [GC 269979.186: [DefNew: 17743K->595K(19136K), 0.0051880 secs] 120817K->103669K(260032K), 0.0052830 secs] [Times: user=0.00 sys=0.00, real=0.01 secs] 
2012-10-22T21:28:59.103+0100: 270015.086: [GC 270015.086: [DefNew: 17619K->1659K(19136K), 0.0119060 secs] 120693K->104734K(260032K), 0.0120440 secs] [Times: user=0.01 sys=0.00, real=0.01 secs] 
2012-10-22T21:29:43.257+0100: 270059.240: [GC 270059.240: [DefNew: 18683K->748K(19136K), 0.0065710 secs] 121758K->103932K(260032K), 0.0067550 secs] [Times: user=0.00 sys=0.01, real=0.01 secs] 
2012-10-22T21:30:29.287+0100: 270105.270: [GC 270105.270: [DefNew: 17772K->1097K(19136K), 0.0063770 secs] 120956K->104282K(260032K), 0.0064930 secs] [Times: user=0.01 sys=0.00, real=0.01 secs] 
2012-10-22T21:31:18.240+0100: 270154.223: [GC 270154.223: [DefNew: 18115K->1321K(19136K), 0.0075370 secs] 121300K->104568K(260032K), 0.0076580 secs] [Times: user=0.01 sys=0.00, real=0.01 secs] 
2012-10-22T21:32:04.347+0100: 270200.330: [GC 270200.330: [DefNew: 18345K->1135K(19136K), 0.0077290 secs] 121592K->104508K(260032K), 0.0078360 secs] [Times: user=0.01 sys=0.00, real=0.00 secs] 
2012-10-22T21:32:54.254+0100: 270250.237: [GC 270250.237: [DefNew: 18159K->969K(19136K), 0.0077230 secs] 121532K->104468K(260032K), 0.0078290 secs] [Times: user=0.01 sys=0.00, real=0.01 secs] 
2012-10-22T21:33:44.287+0100: 270300.270: [GC 270300.270: [DefNew: 17993K->1064K(19136K), 0.0063930 secs] 121492K->104564K(260032K), 0.0064970 secs] [Times: user=0.00 sys=0.00, real=0.01 secs] 
2012-10-22T21:34:33.236+0100: 270349.219: [GC 270349.219: [DefNew: 18088K->843K(19136K), 0.0055120 secs] 121588K->104343K(260032K), 0.0056100 secs] [Times: user=0.00 sys=0.00, real=0.01 secs] 
2012-10-22T21:35:23.258+0100: 270399.241: [GC 270399.241: [DefNew: 17867K->470K(19136K), 0.0065640 secs] 121367K->103970K(260032K), 0.0066670 secs] [Times: user=0.00 sys=0.00, real=0.00 secs] 
2012-10-22T21:36:09.191+0100: 270445.174: [GC 270445.174: [DefNew: 17494K->1233K(19136K), 0.0069880 secs] 120994K->104733K(260032K), 0.0071410 secs] [Times: user=0.01 sys=0.00, real=0.01 secs] 
2012-10-22T21:36:58.163+0100: 270494.146: [GC 270494.146: [DefNew: 18229K->720K(19136K), 0.0089430 secs] 121728K->104470K(260032K), 0.0090790 secs] [Times: user=0.01 sys=0.00, real=0.01 secs] 
2012-10-22T21:37:49.216+0100: 270545.198: [GC 270545.199: [DefNew: 17731K->942K(19136K), 0.0057880 secs] 121482K->104692K(260032K), 0.0058900 secs] [Times: user=0.01 sys=0.00, real=0.01 secs] 
2012-10-22T21:38:39.281+0100: 270595.264: [GC 270595.264: [DefNew: 17966K->981K(19136K), 0.0057230 secs] 121716K->104731K(260032K), 0.0058810 secs] [Times: user=0.00 sys=0.01, real=0.01 secs] 
2012-10-22T21:39:28.295+0100: 270644.278: [GC 270644.278: [DefNew: 18005K->973K(19136K), 0.0057920 secs] 121755K->104723K(260032K), 0.0058930 secs] [Times: user=0.00 sys=0.00, real=0.01 secs] 
2012-10-22T21:40:18.291+0100: 270694.274: [GC 270694.274: [DefNew: 17997K->906K(19136K), 0.0063140 secs] 121747K->104656K(260032K), 0.0065740 secs] [Times: user=0.01 sys=0.00, real=0.01 secs] 
2012-10-22T21:41:03.428+0100: 270739.411: [GC 270739.411: [DefNew: 17930K->1197K(19136K), 0.0161150 secs] 121680K->104947K(260032K), 0.0162450 secs] [Times: user=0.01 sys=0.00, real=0.01 secs] 
2012-10-22T21:41:53.380+0100: 270789.362: [GC 270789.363: [DefNew: 18221K->876K(19136K), 0.0064040 secs] 121971K->104718K(260032K), 0.0144940 secs] [Times: user=0.00 sys=0.00, real=0.01 secs] 
2012-10-22T21:42:44.194+0100: 270840.177: [GC 270840.177: [DefNew: 17900K->818K(19136K), 0.0045110 secs] 121742K->104660K(260032K), 0.0046020 secs] [Times: user=0.00 sys=0.00, real=0.01 secs] 
2012-10-22T21:43:33.464+0100: 270889.447: [GC 270889.447: [DefNew: 17842K->623K(19136K), 0.0052740 secs] 121684K->104465K(260032K), 0.0053820 secs] [Times: user=0.02 sys=0.00, real=0.01 secs] 
2012-10-22T21:44:19.042+0100: 270935.025: [GC 270935.025: [DefNew: 17623K->1000K(19136K), 0.0095830 secs] 121465K->104842K(260032K), 0.0096960 secs] [Times: user=0.01 sys=0.00, real=0.01 secs] 
2012-10-22T21:45:08.311+0100: 270984.294: [GC 270984.294: [DefNew: 18015K->623K(19136K), 0.0054700 secs] 121857K->104465K(260032K), 0.0055630 secs] [Times: user=0.00 sys=0.00, real=0.00 secs] 
2012-10-22T21:45:54.237+0100: 271030.220: [GC 271030.220: [DefNew: 17647K->1251K(19136K), 0.0063260 secs] 121489K->105093K(260032K), 0.0064350 secs] [Times: user=0.01 sys=0.00, real=0.01 secs] 
2012-10-22T21:46:43.337+0100: 271079.320: [GC 271079.320: [DefNew: 18274K->693K(19136K), 0.0068760 secs] 122116K->104691K(260032K), 0.0069740 secs] [Times: user=0.01 sys=0.00, real=0.01 secs] 
2012-10-22T21:47:33.549+0100: 271129.532: [GC 271129.533: [DefNew: 17688K->686K(19136K), 0.0066420 secs] 121686K->104684K(260032K), 0.0072750 secs] [Times: user=0.01 sys=0.00, real=0.00 secs] 
2012-10-22T21:48:19.271+0100: 271175.254: [GC 271175.254: [DefNew: 17710K->1066K(19136K), 0.0117360 secs] 121708K->105064K(260032K), 0.0118810 secs] [Times: user=0.00 sys=0.00, real=0.01 secs] 
2012-10-22T21:49:08.423+0100: 271224.406: [GC 271224.406: [DefNew: 18088K->534K(19136K), 0.0071030 secs] 122085K->104532K(260032K), 0.0072300 secs] [Times: user=0.00 sys=0.00, real=0.01 secs] 
2012-10-22T21:49:58.375+0100: 271274.358: [GC 271274.358: [DefNew: 17527K->527K(19136K), 0.0047040 secs] 121525K->104525K(260032K), 0.0048010 secs] [Times: user=0.00 sys=0.00, real=0.01 secs] 
2012-10-22T21:50:43.372+0100: 271319.355: [GC 271319.355: [DefNew: 17551K->970K(19136K), 0.0061390 secs] 121549K->104968K(260032K), 0.0062570 secs] [Times: user=0.01 sys=0.00, real=0.01 secs] 
2012-10-22T21:51:33.545+0100: 271369.528: [GC 271369.528: [DefNew: 17994K->535K(19136K), 0.0054310 secs] 121992K->104533K(260032K), 0.0055280 secs] [Times: user=0.01 sys=0.00, real=0.01 secs] 
2012-10-22T21:52:23.554+0100: 271419.537: [GC 271419.537: [DefNew: 17559K->368K(19136K), 0.0046180 secs] 121557K->104366K(260032K), 0.0047420 secs] [Times: user=0.00 sys=0.00, real=0.01 secs] 
2012-10-22T21:53:09.186+0100: 271465.169: [GC 271465.169: [DefNew: 17392K->1155K(19136K), 0.0059850 secs] 121390K->105153K(260032K), 0.0060880 secs] [Times: user=0.00 sys=0.00, real=0.01 secs] 
2012-10-22T21:53:58.548+0100: 271514.531: [GC 271514.531: [DefNew: 18179K->595K(19136K), 0.0077490 secs] 122177K->104655K(260032K), 0.0078580 secs] [Times: user=0.00 sys=0.01, real=0.00 secs] 
2012-10-22T21:54:48.316+0100: 271564.299: [GC 271564.299: [DefNew: 17619K->488K(19136K), 0.0047800 secs] 121679K->104548K(260032K), 0.0049020 secs] [Times: user=0.01 sys=0.00, real=0.01 secs] 
2012-10-22T21:55:34.302+0100: 271610.285: [GC 271610.285: [DefNew: 17512K->1192K(19136K), 0.0060480 secs] 121572K->105253K(260032K), 0.0061520 secs] [Times: user=0.01 sys=0.00, real=0.01 secs] 
2012-10-22T21:56:23.428+0100: 271659.411: [GC 271659.411: [DefNew: 18216K->720K(19136K), 0.0080720 secs] 122277K->104998K(260032K), 0.0091680 secs] [Times: user=0.00 sys=0.00, real=0.01 secs] 
2012-10-22T21:57:13.505+0100: 271709.488: [GC 271709.488: [DefNew: 17743K->353K(19136K), 0.0044530 secs] 122021K->104631K(260032K), 0.0045470 secs] [Times: user=0.00 sys=0.00, real=0.01 secs] 
2012-10-22T21:57:59.404+0100: 271755.387: [GC 271755.387: [DefNew: 17377K->1062K(19136K), 0.0108780 secs] 121655K->105340K(260032K), 0.0110080 secs] [Times: user=0.01 sys=0.00, real=0.01 secs] 
2012-10-22T21:58:48.516+0100: 271804.499: [GC 271804.499: [DefNew: 18072K->844K(19136K), 0.0056700 secs] 122350K->105122K(260032K), 0.0057740 secs] [Times: user=0.01 sys=0.00, real=0.01 secs] 
2012-10-22T21:59:38.554+0100: 271854.537: [GC 271854.537: [DefNew: 17868K->921K(19136K), 0.0071870 secs] 122146K->105199K(260032K), 0.0072950 secs] [Times: user=0.00 sys=0.00, real=0.01 secs] 
2012-10-22T22:00:24.414+0100: 271900.396: [GC 271900.397: [DefNew: 17945K->1206K(19136K), 0.0069620 secs] 122223K->105485K(260032K), 0.0070770 secs] [Times: user=0.01 sys=0.00, real=0.01 secs] 
2012-10-22T22:01:15.246+0100: 271951.229: [GC 271951.229: [DefNew: 18230K->1092K(19136K), 0.0075940 secs] 122509K->105444K(260032K), 0.0077440 secs] [Times: user=0.00 sys=0.00, real=0.01 secs] 
2012-10-22T22:02:04.377+0100: 272000.359: [GC 272000.360: [DefNew: 18095K->967K(19136K), 0.0066390 secs] 122447K->105352K(260032K), 0.0067460 secs] [Times: user=0.01 sys=0.00, real=0.01 secs] 
2012-10-22T22:02:53.590+0100: 272049.573: [GC 272049.573: [DefNew: 17991K->918K(19136K), 0.0058900 secs] 122376K->105303K(260032K), 0.0060090 secs] [Times: user=0.00 sys=0.00, real=0.00 secs] 
2012-10-22T22:03:43.493+0100: 272099.476: [GC 272099.476: [DefNew: 17942K->433K(19136K), 0.0050610 secs] 122327K->104818K(260032K), 0.0051660 secs] [Times: user=0.01 sys=0.00, real=0.01 secs] 
2012-10-22T22:04:28.431+0100: 272144.414: [GC 272144.414: [DefNew: 17457K->906K(19136K), 0.0058450 secs] 121842K->105291K(260032K), 0.0059510 secs] [Times: user=0.00 sys=0.00, real=0.00 secs] 
2012-10-22T22:05:14.435+0100: 272190.418: [GC 272190.418: [DefNew: 17930K->1074K(19136K), 0.0067020 secs] 122315K->105459K(260032K), 0.0068200 secs] [Times: user=0.01 sys=0.00, real=0.01 secs] 
2012-10-22T22:06:04.222+0100: 272240.205: [GC 272240.205: [DefNew: 18098K->964K(19136K), 0.0041200 secs] 122483K->105350K(260032K), 0.0042060 secs] [Times: user=0.00 sys=0.00, real=0.00 secs] 
2012-10-22T22:06:53.474+0100: 272289.456: [GC 272289.457: [DefNew: 17988K->594K(19136K), 0.0063510 secs] 122374K->104980K(260032K), 0.0064470 secs] [Times: user=0.00 sys=0.00, real=0.01 secs] 
2012-10-22T22:07:43.498+0100: 272339.481: [GC 272339.481: [DefNew: 17618K->563K(19136K), 0.0052420 secs] 122004K->104949K(260032K), 0.0061610 secs] [Times: user=0.00 sys=0.01, real=0.00 secs] 
2012-10-22T22:08:29.413+0100: 272385.395: [GC 272385.396: [DefNew: 17587K->1107K(19136K), 0.0073510 secs] 121973K->105492K(260032K), 0.0074550 secs] [Times: user=0.00 sys=0.00, real=0.01 secs] 
2012-10-22T22:09:19.434+0100: 272435.417: [GC 272435.417: [DefNew: 18115K->1096K(19136K), 0.0094310 secs] 122500K->105481K(260032K), 0.0095490 secs] [Times: user=0.01 sys=0.00, real=0.01 secs] 
2012-10-22T22:10:08.519+0100: 272484.502: [GC 272484.502: [DefNew: 18120K->885K(19136K), 0.0055260 secs] 122505K->105270K(260032K), 0.0056190 secs] [Times: user=0.00 sys=0.00, real=0.00 secs] 
2012-10-22T22:10:58.573+0100: 272534.556: [GC 272534.556: [DefNew: 17909K->690K(19136K), 0.0052110 secs] 122294K->105076K(260032K), 0.0058830 secs] [Times: user=0.01 sys=0.00, real=0.01 secs] 
2012-10-22T22:11:44.432+0100: 272580.414: [GC 272580.415: [DefNew: 17714K->1140K(19136K), 0.0063510 secs] 122100K->105526K(260032K), 0.0064660 secs] [Times: user=0.00 sys=0.01, real=0.01 secs] 
2012-10-22T22:12:35.120+0100: 272631.103: [GC 272631.103: [DefNew: 18164K->964K(19136K), 0.0071610 secs] 122550K->105551K(260032K), 0.0072570 secs] [Times: user=0.00 sys=0.00, real=0.00 secs] 
2012-10-22T22:13:24.504+0100: 272680.487: [GC 272680.487: [DefNew: 17988K->1127K(19136K), 0.0059620 secs] 122575K->105714K(260032K), 0.0060650 secs] [Times: user=0.01 sys=0.00, real=0.01 secs] 
2012-10-22T22:14:13.757+0100: 272729.739: [GC 272729.740: [DefNew: 18133K->652K(19136K), 0.0058120 secs] 122719K->105271K(260032K), 0.0059130 secs] [Times: user=0.01 sys=0.00, real=0.01 secs] 
2012-10-22T22:14:59.429+0100: 272775.412: [GC 272775.412: [DefNew: 17675K->1468K(19136K), 0.0066550 secs] 122294K->106087K(260032K), 0.0067850 secs] [Times: user=0.00 sys=0.00, real=0.00 secs] 
2012-10-22T22:15:48.903+0100: 272824.886: [GC 272824.886: [DefNew: 18492K->883K(19136K), 0.0066460 secs] 123111K->105566K(260032K), 0.0067700 secs] [Times: user=0.01 sys=0.00, real=0.01 secs] 
2012-10-22T22:16:34.491+0100: 272870.473: [GC 272870.474: [DefNew: 17907K->1200K(19136K), 0.0060300 secs] 122590K->105882K(260032K), 0.0061340 secs] [Times: user=0.00 sys=0.00, real=0.00 secs] 
2012-10-22T22:17:24.522+0100: 272920.505: [GC 272920.505: [DefNew: 18213K->1126K(19136K), 0.0071810 secs] 122895K->105884K(260032K), 0.0072920 secs] [Times: user=0.01 sys=0.00, real=0.01 secs] 
2012-10-22T22:18:13.710+0100: 272969.693: [GC 272969.693: [DefNew: 18127K->878K(19136K), 0.0055950 secs] 122884K->105635K(260032K), 0.0064720 secs] [Times: user=0.00 sys=0.00, real=0.00 secs] 
2012-10-22T22:19:03.541+0100: 273019.524: [GC 273019.524: [DefNew: 17893K->372K(19136K), 0.0044240 secs] 122650K->105129K(260032K), 0.0045140 secs] [Times: user=0.00 sys=0.00, real=0.00 secs] 
2012-10-22T22:19:53.714+0100: 273069.697: [GC 273069.698: [DefNew: 17374K->370K(19136K), 0.0046440 secs] 122132K->105127K(260032K), 0.0047490 secs] [Times: user=0.00 sys=0.00, real=0.01 secs] 
2012-10-22T22:20:38.660+0100: 273114.643: [GC 273114.643: [DefNew: 17394K->988K(19136K), 0.0059500 secs] 122151K->105746K(260032K), 0.0060510 secs] [Times: user=0.01 sys=0.00, real=0.00 secs] 
2012-10-22T22:21:28.558+0100: 273164.541: [GC 273164.541: [DefNew: 18012K->566K(19136K), 0.0047900 secs] 122770K->105324K(260032K), 0.0048880 secs] [Times: user=0.00 sys=0.00, real=0.00 secs] 
2012-10-22T22:22:13.619+0100: 273209.602: [GC 273209.602: [DefNew: 17590K->896K(19136K), 0.0056070 secs] 122348K->105653K(260032K), 0.0057050 secs] [Times: user=0.00 sys=0.00, real=0.00 secs] 
2012-10-22T22:23:03.688+0100: 273259.671: [GC 273259.671: [DefNew: 17920K->726K(19136K), 0.0036460 secs] 122677K->105483K(260032K), 0.0044290 secs] [Times: user=0.00 sys=0.00, real=0.00 secs] 
2012-10-22T22:23:49.426+0100: 273305.409: [GC 273305.409: [DefNew: 17750K->1196K(19136K), 0.0111280 secs] 122507K->106027K(260032K), 0.0112600 secs] [Times: user=0.01 sys=0.00, real=0.01 secs] 
2012-10-22T22:24:38.739+0100: 273354.722: [GC 273354.722: [DefNew: 18199K->622K(19136K), 0.0063360 secs] 123030K->105590K(260032K), 0.0064610 secs] [Times: user=0.01 sys=0.00, real=0.00 secs] 
2012-10-22T22:25:24.508+0100: 273400.491: [GC 273400.491: [DefNew: 17624K->970K(19136K), 0.0056850 secs] 122593K->105939K(260032K), 0.0057980 secs] [Times: user=0.01 sys=0.00, real=0.00 secs] 
2012-10-22T22:26:13.629+0100: 273449.612: [GC 273449.612: [DefNew: 17994K->807K(19136K), 0.0055450 secs] 122963K->105776K(260032K), 0.0056510 secs] [Times: user=0.00 sys=0.00, real=0.00 secs] 
2012-10-22T22:26:59.553+0100: 273495.536: [GC 273495.536: [DefNew: 17831K->1125K(19136K), 0.0062990 secs] 122800K->106094K(260032K), 0.0064250 secs] [Times: user=0.00 sys=0.00, real=0.01 secs] 
2012-10-22T22:27:53.660+0100: 273549.643: [GC 273549.643: [DefNew: 18135K->339K(19136K), 0.0107360 secs] 123103K->105370K(260032K), 0.0108450 secs] [Times: user=0.01 sys=0.00, real=0.01 secs] 
2012-10-22T22:28:43.631+0100: 273599.614: [GC 273599.615: [DefNew: 17361K->727K(19136K), 0.0096650 secs] 122392K->105758K(260032K), 0.0097810 secs] [Times: user=0.00 sys=0.00, real=0.01 secs] 
2012-10-22T22:29:14.006+0100: 273629.989: [GC 273629.989: [DefNew: 17727K->644K(19136K), 0.0056240 secs] 122758K->105705K(260032K), 0.0057270 secs] [Times: user=0.00 sys=0.00, real=0.01 secs] 
2012-10-22T22:30:02.746+0100: 273678.729: [GC 273678.729: [DefNew: 17668K->954K(19136K), 0.0056860 secs] 122729K->106015K(260032K), 0.0057830 secs] [Times: user=0.00 sys=0.00, real=0.01 secs] 
2012-10-22T22:30:53.838+0100: 273729.821: [GC 273729.821: [DefNew: 17978K->822K(19136K), 0.0056100 secs] 123039K->105882K(260032K), 0.0057050 secs] [Times: user=0.01 sys=0.00, real=0.00 secs] 
2012-10-22T22:31:38.704+0100: 273774.687: [GC 273774.687: [DefNew: 17845K->975K(19136K), 0.0057620 secs] 122906K->106036K(260032K), 0.0058770 secs] [Times: user=0.01 sys=0.00, real=0.01 secs] 
2012-10-22T22:32:28.649+0100: 273824.632: [GC 273824.632: [DefNew: 17999K->1038K(19136K), 0.0062410 secs] 123060K->106101K(260032K), 0.0063500 secs] [Times: user=0.00 sys=0.00, real=0.00 secs] 
2012-10-22T22:33:19.519+0100: 273875.502: [GC 273875.502: [DefNew: 18062K->1131K(19136K), 0.0060590 secs] 123125K->106195K(260032K), 0.0061770 secs] [Times: user=0.00 sys=0.00, real=0.00 secs] 
2012-10-22T22:34:08.798+0100: 273924.781: [GC 273924.781: [DefNew: 18155K->736K(19136K), 0.0060240 secs] 123219K->105862K(260032K), 0.0061260 secs] [Times: user=0.00 sys=0.00, real=0.00 secs] 
2012-10-22T22:34:58.626+0100: 273974.609: [GC 273974.609: [DefNew: 17750K->750K(19136K), 0.0053020 secs] 122876K->105875K(260032K), 0.0054060 secs] [Times: user=0.01 sys=0.00, real=0.01 secs] 
2012-10-22T22:35:44.627+0100: 274020.610: [GC 274020.610: [DefNew: 17774K->1132K(19136K), 0.0060740 secs] 122899K->106257K(260032K), 0.0061770 secs] [Times: user=0.01 sys=0.00, real=0.01 secs] 
2012-10-22T22:36:33.819+0100: 274069.802: [GC 274069.802: [DefNew: 18152K->405K(19136K), 0.0057340 secs] 123277K->105595K(260032K), 0.0063160 secs] [Times: user=0.01 sys=0.00, real=0.00 secs] 
2012-10-22T22:37:20.377+0100: 274116.360: [GC 274116.360: [DefNew: 17429K->1058K(19136K), 0.0056960 secs] 122619K->106248K(260032K), 0.0058030 secs] [Times: user=0.00 sys=0.00, real=0.00 secs] 
2012-10-22T22:38:09.512+0100: 274165.495: [GC 274165.495: [DefNew: 18082K->1003K(19136K), 0.0062930 secs] 123272K->106287K(260032K), 0.0064010 secs] [Times: user=0.01 sys=0.00, real=0.01 secs] 
2012-10-22T22:38:59.651+0100: 274215.634: [GC 274215.634: [DefNew: 18015K->1062K(19136K), 0.0134250 secs] 123299K->106346K(260032K), 0.0135620 secs] [Times: user=0.01 sys=0.00, real=0.01 secs] 
2012-10-22T22:39:49.619+0100: 274265.602: [GC 274265.602: [DefNew: 18086K->1251K(19136K), 0.0099040 secs] 123370K->106564K(260032K), 0.0100240 secs] [Times: user=0.01 sys=0.00, real=0.01 secs] 
2012-10-22T22:40:38.852+0100: 274314.835: [GC 274314.835: [DefNew: 18248K->624K(19136K), 0.0063450 secs] 123561K->106064K(260032K), 0.0064450 secs] [Times: user=0.01 sys=0.00, real=0.01 secs] 
2012-10-22T22:41:28.801+0100: 274364.784: [GC 274364.784: [DefNew: 17645K->628K(19136K), 0.0049910 secs] 123085K->106067K(260032K), 0.0051080 secs] [Times: user=0.00 sys=0.00, real=0.00 secs] 
2012-10-22T22:42:18.730+0100: 274414.713: [GC 274414.713: [DefNew: 17652K->717K(19136K), 0.0036920 secs] 123091K->106157K(260032K), 0.0037890 secs] [Times: user=0.00 sys=0.00, real=0.00 secs] 
2012-10-22T22:43:08.942+0100: 274464.925: [GC 274464.925: [DefNew: 17741K->566K(19136K), 0.0048490 secs] 123181K->106006K(260032K), 0.0049430 secs] [Times: user=0.00 sys=0.00, real=0.00 secs] 
2012-10-22T22:43:54.807+0100: 274510.790: [GC 274510.790: [DefNew: 17590K->1065K(19136K), 0.0057880 secs] 123030K->106505K(260032K), 0.0058870 secs] [Times: user=0.01 sys=0.00, real=0.01 secs] 
2012-10-22T22:44:44.631+0100: 274560.614: [GC 274560.614: [DefNew: 18089K->1165K(19136K), 0.0064600 secs] 123529K->106605K(260032K), 0.0065660 secs] [Times: user=0.01 sys=0.00, real=0.01 secs] 
2012-10-22T22:45:33.973+0100: 274609.956: [GC 274609.957: [DefNew: 18185K->626K(19136K), 0.0068520 secs] 123625K->106191K(260032K), 0.0069510 secs] [Times: user=0.00 sys=0.00, real=0.01 secs] 
2012-10-22T22:46:19.986+0100: 274655.969: [GC 274655.969: [DefNew: 17650K->1192K(19136K), 0.0071650 secs] 123215K->106756K(260032K), 0.0073010 secs] [Times: user=0.00 sys=0.00, real=0.01 secs] 
2012-10-22T22:47:08.927+0100: 274704.909: [GC 274704.910: [DefNew: 18216K->1174K(19136K), 0.0085550 secs] 123780K->106866K(260032K), 0.0086740 secs] [Times: user=0.01 sys=0.00, real=0.01 secs] 
2012-10-22T22:47:58.892+0100: 274754.875: [GC 274754.875: [DefNew: 18198K->655K(19136K), 0.0064700 secs] 123890K->106410K(260032K), 0.0065680 secs] [Times: user=0.00 sys=0.00, real=0.01 secs] 
2012-10-22T22:48:48.825+0100: 274804.808: [GC 274804.808: [DefNew: 17679K->592K(19136K), 0.0051370 secs] 123434K->106347K(260032K), 0.0052350 secs] [Times: user=0.00 sys=0.00, real=0.01 secs] 
2012-10-22T22:49:34.699+0100: 274850.682: [GC 274850.682: [DefNew: 17616K->1128K(19136K), 0.0105230 secs] 123371K->106883K(260032K), 0.0106570 secs] [Times: user=0.01 sys=0.00, real=0.01 secs] 
2012-10-22T22:50:23.786+0100: 274899.769: [GC 274899.769: [DefNew: 18152K->786K(19136K), 0.0078540 secs] 123907K->106573K(260032K), 0.0082390 secs] [Times: user=0.01 sys=0.00, real=0.01 secs] 
2012-10-22T22:51:13.971+0100: 274949.954: [GC 274949.954: [DefNew: 17810K->783K(19136K), 0.0053450 secs] 123597K->106570K(260032K), 0.0054380 secs] [Times: user=0.01 sys=0.00, real=0.00 secs] 
2012-10-22T22:52:03.773+0100: 274999.756: [GC 274999.756: [DefNew: 17777K->432K(19136K), 0.0055720 secs] 123564K->106219K(260032K), 0.0056740 secs] [Times: user=0.01 sys=0.00, real=0.01 secs] 
2012-10-22T22:52:53.797+0100: 275049.780: [GC 275049.780: [DefNew: 17456K->397K(19136K), 0.0046210 secs] 123243K->106184K(260032K), 0.0047180 secs] [Times: user=0.00 sys=0.00, real=0.01 secs] 
2012-10-22T22:53:38.810+0100: 275094.793: [GC 275094.793: [DefNew: 17421K->1078K(19136K), 0.0060090 secs] 123208K->106865K(260032K), 0.0061140 secs] [Times: user=0.01 sys=0.00, real=0.00 secs] 
2012-10-22T22:54:28.898+0100: 275144.881: [GC 275144.881: [DefNew: 18099K->446K(19136K), 0.0050100 secs] 123886K->106233K(260032K), 0.0051150 secs] [Times: user=0.00 sys=0.00, real=0.00 secs] 
2012-10-22T22:55:15.184+0100: 275191.167: [GC 275191.167: [DefNew: 17470K->1127K(19136K), 0.0060090 secs] 123257K->106914K(260032K), 0.0061120 secs] [Times: user=0.00 sys=0.00, real=0.01 secs] 
2012-10-22T22:56:04.742+0100: 275240.725: [GC 275240.725: [DefNew: 18148K->1003K(19136K), 0.0069570 secs] 123935K->106882K(260032K), 0.0070680 secs] [Times: user=0.01 sys=0.00, real=0.01 secs] 
2012-10-22T22:56:53.852+0100: 275289.835: [GC 275289.835: [DefNew: 18027K->911K(19136K), 0.0060640 secs] 123906K->106790K(260032K), 0.0061670 secs] [Times: user=0.01 sys=0.00, real=0.01 secs] 
2012-10-22T22:57:44.080+0100: 275340.063: [GC 275340.063: [DefNew: 17935K->936K(19136K), 0.0060460 secs] 123814K->106815K(260032K), 0.0061540 secs] [Times: user=0.01 sys=0.00, real=0.00 secs] 
2012-10-22T22:58:33.878+0100: 275389.861: [GC 275389.861: [DefNew: 17935K->967K(19136K), 0.0055780 secs] 123814K->106847K(260032K), 0.0056860 secs] [Times: user=0.00 sys=0.00, real=0.00 secs] 
2012-10-22T22:59:19.909+0100: 275435.892: [GC 275435.892: [DefNew: 17991K->1428K(19136K), 0.0070760 secs] 123871K->107307K(260032K), 0.0071940 secs] [Times: user=0.00 sys=0.01, real=0.00 secs] 
2012-10-22T23:00:08.875+0100: 275484.858: [GC 275484.858: [DefNew: 18452K->756K(19136K), 0.0083800 secs] 124331K->106834K(260032K), 0.0084800 secs] [Times: user=0.01 sys=0.00, real=0.01 secs] 
2012-10-22T23:00:58.919+0100: 275534.902: [GC 275534.902: [DefNew: 17780K->722K(19136K), 0.0054040 secs] 123858K->106799K(260032K), 0.0055070 secs] [Times: user=0.00 sys=0.00, real=0.00 secs] 
2012-10-22T23:01:48.969+0100: 275584.952: [GC 275584.952: [DefNew: 17733K->814K(19136K), 0.0091510 secs] 123811K->106891K(260032K), 0.0092700 secs] [Times: user=0.01 sys=0.00, real=0.01 secs] 
2012-10-22T23:02:34.861+0100: 275630.844: [GC 275630.844: [DefNew: 17838K->1234K(19136K), 0.0066280 secs] 123915K->107311K(260032K), 0.0067490 secs] [Times: user=0.01 sys=0.00, real=0.01 secs] 
2012-10-22T23:03:24.869+0100: 275680.852: [GC 275680.852: [DefNew: 18258K->1138K(19136K), 0.0076090 secs] 124335K->107281K(260032K), 0.0077380 secs] [Times: user=0.01 sys=0.00, real=0.00 secs] 
2012-10-22T23:04:14.226+0100: 275730.209: [GC 275730.209: [DefNew: 18145K->557K(19136K), 0.0060910 secs] 124288K->106796K(260032K), 0.0061920 secs] [Times: user=0.01 sys=0.00, real=0.01 secs] 
2012-10-22T23:05:00.045+0100: 275776.027: [GC 275776.028: [DefNew: 17581K->1101K(19136K), 0.0060450 secs] 123820K->107340K(260032K), 0.0061520 secs] [Times: user=0.00 sys=0.00, real=0.01 secs] 
2012-10-22T23:05:49.854+0100: 275825.837: [GC 275825.837: [DefNew: 18124K->845K(19136K), 0.0065600 secs] 124363K->107178K(260032K), 0.0066740 secs] [Times: user=0.01 sys=0.00, real=0.01 secs] 
2012-10-22T23:06:39.161+0100: 275875.144: [GC 275875.144: [DefNew: 17869K->657K(19136K), 0.0050550 secs] 124202K->106989K(260032K), 0.0051620 secs] [Times: user=0.00 sys=0.00, real=0.00 secs] 
2012-10-22T23:07:29.000+0100: 275924.983: [GC 275924.983: [DefNew: 17664K->780K(19136K), 0.0054690 secs] 123996K->107113K(260032K), 0.0055860 secs] [Times: user=0.00 sys=0.00, real=0.00 secs] 
2012-10-22T23:08:19.018+0100: 275975.002: [GC 275975.002: [DefNew: 17777K->685K(19136K), 0.0059030 secs] 124109K->107017K(260032K), 0.0060040 secs] [Times: user=0.01 sys=0.00, real=0.00 secs] 
2012-10-22T23:09:04.868+0100: 276020.851: [GC 276020.851: [DefNew: 17709K->1160K(19136K), 0.0069490 secs] 124041K->107493K(260032K), 0.0070660 secs] [Times: user=0.00 sys=0.00, real=0.00 secs] 
2012-10-22T23:09:54.448+0100: 276070.431: [GC 276070.431: [DefNew: 18184K->1106K(19136K), 0.0060770 secs] 124517K->107439K(260032K), 0.0061750 secs] [Times: user=0.00 sys=0.00, real=0.00 secs] 
2012-10-22T23:10:44.843+0100: 276120.826: [GC 276120.826: [DefNew: 18130K->1139K(19136K), 0.0114170 secs] 124463K->107502K(260032K), 0.0116100 secs] [Times: user=0.01 sys=0.00, real=0.01 secs] 
2012-10-22T23:11:34.035+0100: 276170.017: [GC 276170.018: [DefNew: 18162K->663K(19136K), 0.0066850 secs] 124524K->107150K(260032K), 0.0067920 secs] [Times: user=0.01 sys=0.00, real=0.01 secs] 
2012-10-22T23:12:20.031+0100: 276216.014: [GC 276216.014: [DefNew: 17687K->1179K(19136K), 0.0073990 secs] 124174K->107666K(260032K), 0.0075170 secs] [Times: user=0.00 sys=0.00, real=0.01 secs] 
2012-10-22T23:13:13.991+0100: 276269.974: [GC 276269.974: [DefNew: 18203K->502K(19136K), 0.0083190 secs] 124690K->107190K(260032K), 0.0084260 secs] [Times: user=0.01 sys=0.00, real=0.01 secs] 
2012-10-22T23:13:59.935+0100: 276315.918: [GC 276315.918: [DefNew: 17526K->1007K(19136K), 0.0058980 secs] 124214K->107694K(260032K), 0.0060150 secs] [Times: user=0.00 sys=0.00, real=0.01 secs] 
2012-10-22T23:14:49.084+0100: 276365.067: [GC 276365.067: [DefNew: 18031K->1036K(19136K), 0.0060170 secs] 124718K->107723K(260032K), 0.0061170 secs] [Times: user=0.01 sys=0.00, real=0.01 secs] 
2012-10-22T23:15:39.120+0100: 276415.102: [GC 276415.103: [DefNew: 18051K->904K(19136K), 0.0054070 secs] 124739K->107591K(260032K), 0.0055070 secs] [Times: user=0.00 sys=0.00, real=0.00 secs] 
2012-10-22T23:16:25.215+0100: 276461.198: [GC 276461.198: [DefNew: 17928K->1428K(19136K), 0.0067110 secs] 124615K->108116K(260032K), 0.0069100 secs] [Times: user=0.00 sys=0.00, real=0.01 secs] 
2012-10-22T23:17:19.056+0100: 276515.039: [GC 276515.039: [DefNew: 18445K->337K(19136K), 0.0067500 secs] 125133K->107256K(260032K), 0.0068500 secs] [Times: user=0.01 sys=0.00, real=0.01 secs] 
2012-10-22T23:18:05.181+0100: 276561.164: [GC 276561.164: [DefNew: 17361K->1064K(19136K), 0.0063080 secs] 124280K->107983K(260032K), 0.0064240 secs] [Times: user=0.01 sys=0.00, real=0.01 secs] 
2012-10-22T23:18:54.371+0100: 276610.354: [GC 276610.354: [DefNew: 18069K->935K(19136K), 0.0054090 secs] 124989K->107855K(260032K), 0.0055060 secs] [Times: user=0.00 sys=0.00, real=0.00 secs] 
2012-10-22T23:19:44.183+0100: 276660.166: [GC 276660.166: [DefNew: 17958K->781K(19136K), 0.0053050 secs] 124878K->107701K(260032K), 0.0054170 secs] [Times: user=0.00 sys=0.00, real=0.01 secs] 
2012-10-22T23:20:30.196+0100: 276706.179: [GC 276706.179: [DefNew: 17805K->1199K(19136K), 0.0081910 secs] 124725K->108119K(260032K), 0.0083090 secs] [Times: user=0.00 sys=0.00, real=0.01 secs] 
2012-10-22T23:21:19.346+0100: 276755.329: [GC 276755.329: [DefNew: 18192K->817K(19136K), 0.0128470 secs] 125113K->108028K(260032K), 0.0129630 secs] [Times: user=0.01 sys=0.00, real=0.02 secs] 
2012-10-22T23:22:09.122+0100: 276805.105: [GC 276805.105: [DefNew: 17837K->593K(19136K), 0.0057530 secs] 125049K->107805K(260032K), 0.0058500 secs] [Times: user=0.02 sys=0.00, real=0.01 secs] 
2012-10-22T23:22:55.296+0100: 276851.279: [GC 276851.279: [DefNew: 17617K->1110K(19136K), 0.0060200 secs] 124829K->108321K(260032K), 0.0061450 secs] [Times: user=0.01 sys=0.00, real=0.01 secs] 
2012-10-22T23:23:44.147+0100: 276900.129: [GC 276900.130: [DefNew: 18134K->1139K(19136K), 0.0070670 secs] 125345K->108414K(260032K), 0.0071700 secs] [Times: user=0.01 sys=0.00, real=0.01 secs] 
2012-10-22T23:24:34.368+0100: 276950.351: [GC 276950.351: [DefNew: 18163K->793K(19136K), 0.0084930 secs] 125438K->108268K(260032K), 0.0086310 secs] [Times: user=0.00 sys=0.00, real=0.00 secs] 
2012-10-22T23:25:26.044+0100: 277002.027: [GC 277002.027: [DefNew: 17791K->434K(19136K), 0.0046150 secs] 125266K->107909K(260032K), 0.0047070 secs] [Times: user=0.01 sys=0.00, real=0.01 secs] 
2012-10-22T23:26:14.272+0100: 277050.255: [GC 277050.255: [DefNew: 17458K->595K(19136K), 0.0050160 secs] 124933K->108070K(260032K), 0.0058010 secs] [Times: user=0.01 sys=0.00, real=0.01 secs] 
2012-10-22T23:27:04.098+0100: 277100.081: [GC 277100.081: [DefNew: 17619K->466K(19136K), 0.0033210 secs] 125094K->107941K(260032K), 0.0034130 secs] [Times: user=0.00 sys=0.00, real=0.00 secs] 
2012-10-22T23:27:49.072+0100: 277145.055: [GC 277145.055: [DefNew: 17478K->906K(19136K), 0.0080320 secs] 124953K->108382K(260032K), 0.0081430 secs] [Times: user=0.01 sys=0.00, real=0.01 secs] 
2012-10-22T23:28:39.259+0100: 277195.242: [GC 277195.242: [DefNew: 17930K->811K(19136K), 0.0145210 secs] 125406K->108286K(260032K), 0.0146430 secs] [Times: user=0.01 sys=0.00, real=0.01 secs] 
2012-10-22T23:29:05.023+0100: 277221.006: [GC 277221.006: [DefNew: 17835K->1373K(19136K), 0.0072520 secs] 125310K->108848K(260032K), 0.0073960 secs] [Times: user=0.01 sys=0.00, real=0.01 secs] 
2012-10-22T23:29:55.155+0100: 277271.138: [GC 277271.138: [DefNew: 18397K->972K(19136K), 0.0061890 secs] 125872K->108637K(260032K), 0.0062630 secs] [Times: user=0.00 sys=0.00, real=0.01 secs] 
2012-10-22T23:30:45.381+0100: 277321.364: [GC 277321.364: [DefNew: 17996K->1160K(19136K), 0.0064100 secs] 125661K->108826K(260032K), 0.0065140 secs] [Times: user=0.01 sys=0.00, real=0.00 secs] 
2012-10-22T23:31:34.102+0100: 277370.085: [GC 277370.085: [DefNew: 18184K->1013K(19136K), 0.0064970 secs] 125850K->108679K(260032K), 0.0066030 secs] [Times: user=0.00 sys=0.00, real=0.01 secs] 
2012-10-22T23:32:24.301+0100: 277420.284: [GC 277420.284: [DefNew: 18025K->811K(19136K), 0.0058240 secs] 125691K->108477K(260032K), 0.0059250 secs] [Times: user=0.00 sys=0.00, real=0.00 secs] 
2012-10-22T23:33:14.166+0100: 277470.149: [GC 277470.149: [DefNew: 17835K->681K(19136K), 0.0058410 secs] 125501K->108347K(260032K), 0.0080470 secs] [Times: user=0.00 sys=0.00, real=0.01 secs] 
2012-10-22T23:33:59.968+0100: 277515.951: [GC 277515.951: [DefNew: 17670K->1094K(19136K), 0.0101280 secs] 125336K->108761K(260032K), 0.0102510 secs] [Times: user=0.01 sys=0.00, real=0.01 secs] 
2012-10-22T23:34:50.426+0100: 277566.409: [GC 277566.409: [DefNew: 18099K->968K(19136K), 0.0060180 secs] 125765K->108667K(260032K), 0.0061220 secs] [Times: user=0.01 sys=0.00, real=0.01 secs] 
2012-10-22T23:35:39.086+0100: 277615.068: [GC 277615.069: [DefNew: 17992K->751K(19136K), 0.0052010 secs] 125691K->108450K(260032K), 0.0053000 secs] [Times: user=0.01 sys=0.00, real=0.01 secs] 
2012-10-22T23:36:25.252+0100: 277661.235: [GC 277661.235: [DefNew: 17775K->1129K(19136K), 0.0064450 secs] 125474K->108828K(260032K), 0.0065690 secs] [Times: user=0.00 sys=0.00, real=0.01 secs] 
2012-10-22T23:37:15.292+0100: 277711.275: [GC 277711.275: [DefNew: 18153K->1077K(19136K), 0.0069190 secs] 125852K->108838K(260032K), 0.0070250 secs] [Times: user=0.00 sys=0.00, real=0.01 secs] 
2012-10-22T23:38:04.169+0100: 277760.152: [GC 277760.152: [DefNew: 18092K->559K(19136K), 0.0049640 secs] 125853K->108320K(260032K), 0.0050630 secs] [Times: user=0.01 sys=0.00, real=0.00 secs] 
2012-10-22T23:38:54.084+0100: 277810.067: [GC 277810.067: [DefNew: 17569K->434K(19136K), 0.0090690 secs] 125331K->108195K(260032K), 0.0091710 secs] [Times: user=0.01 sys=0.00, real=0.01 secs] 
2012-10-22T23:39:42.721+0100: 277858.704: [GC 277858.704: [DefNew: 17458K->393K(19136K), 0.0048150 secs] 125219K->108154K(260032K), 0.0049130 secs] [Times: user=0.01 sys=0.00, real=0.00 secs] 
2012-10-22T23:40:29.442+0100: 277905.425: [GC 277905.425: [DefNew: 17417K->946K(19136K), 0.0055070 secs] 125178K->108707K(260032K), 0.0056050 secs] [Times: user=0.00 sys=0.00, real=0.00 secs] 
2012-10-22T23:41:15.328+0100: 277951.311: [GC 277951.311: [DefNew: 17970K->1443K(19136K), 0.0163240 secs] 125731K->109205K(260032K), 0.0164520 secs] [Times: user=0.01 sys=0.00, real=0.01 secs] 
2012-10-22T23:42:04.198+0100: 278000.181: [GC 278000.181: [DefNew: 18467K->592K(19136K), 0.0066100 secs] 126229K->108541K(260032K), 0.0067140 secs] [Times: user=0.01 sys=0.00, real=0.00 secs] 
2012-10-22T23:42:54.217+0100: 278050.200: [GC 278050.200: [DefNew: 17616K->913K(19136K), 0.0078330 secs] 125565K->108862K(260032K), 0.0079940 secs] [Times: user=0.01 sys=0.00, real=0.01 secs] 
2012-10-22T23:43:44.260+0100: 278100.243: [GC 278100.243: [DefNew: 17937K->999K(19136K), 0.0046450 secs] 125886K->108947K(260032K), 0.0047390 secs] [Times: user=0.00 sys=0.00, real=0.00 secs] 
2012-10-22T23:44:34.239+0100: 278150.222: [GC 278150.222: [DefNew: 18015K->873K(19136K), 0.0055140 secs] 125963K->108822K(260032K), 0.0056200 secs] [Times: user=0.00 sys=0.00, real=0.00 secs] 
2012-10-22T23:45:20.571+0100: 278196.554: [GC 278196.554: [DefNew: 17897K->1161K(19136K), 0.0064310 secs] 125846K->109109K(260032K), 0.0065360 secs] [Times: user=0.00 sys=0.00, real=0.01 secs] 
2012-10-22T23:46:09.353+0100: 278245.336: [GC 278245.336: [DefNew: 18185K->1030K(19136K), 0.0059200 secs] 126133K->108979K(260032K), 0.0060280 secs] [Times: user=0.01 sys=0.00, real=0.01 secs] 
2012-10-22T23:46:59.383+0100: 278295.366: [GC 278295.366: [DefNew: 18040K->751K(19136K), 0.0053990 secs] 125989K->108700K(260032K), 0.0054980 secs] [Times: user=0.00 sys=0.00, real=0.01 secs] 
2012-10-22T23:47:49.287+0100: 278345.270: [GC 278345.270: [DefNew: 17775K->751K(19136K), 0.0136200 secs] 125724K->108700K(260032K), 0.0137410 secs] [Times: user=0.00 sys=0.00, real=0.01 secs] 
2012-10-22T23:48:39.420+0100: 278395.403: [GC 278395.403: [DefNew: 17765K->652K(19136K), 0.0053010 secs] 125714K->108601K(260032K), 0.0054490 secs] [Times: user=0.00 sys=0.00, real=0.00 secs] 
2012-10-22T23:49:24.324+0100: 278440.307: [GC 278440.307: [DefNew: 17676K->1056K(19136K), 0.0059360 secs] 125625K->109005K(260032K), 0.0060470 secs] [Times: user=0.01 sys=0.00, real=0.01 secs] 
2012-10-22T23:50:14.252+0100: 278490.235: [GC 278490.235: [DefNew: 18068K->400K(19136K), 0.0048110 secs] 126017K->108349K(260032K), 0.0049150 secs] [Times: user=0.00 sys=0.00, real=0.00 secs] 
2012-10-22T23:51:00.249+0100: 278536.232: [GC 278536.232: [DefNew: 17421K->1065K(19136K), 0.0065890 secs] 125370K->109014K(260032K), 0.0067220 secs] [Times: user=0.00 sys=0.00, real=0.00 secs] 
2012-10-22T23:51:49.377+0100: 278585.360: [GC 278585.360: [DefNew: 18083K->788K(19136K), 0.0070280 secs] 126032K->108737K(260032K), 0.0071350 secs] [Times: user=0.01 sys=0.00, real=0.00 secs] 
2012-10-22T23:52:39.314+0100: 278635.297: [GC 278635.297: [DefNew: 17798K->978K(19136K), 0.0062580 secs] 125747K->108927K(260032K), 0.0063720 secs] [Times: user=0.01 sys=0.00, real=0.01 secs] 
2012-10-22T23:53:29.300+0100: 278685.283: [GC 278685.283: [DefNew: 18000K->696K(19136K), 0.0053610 secs] 125949K->108645K(260032K), 0.0054620 secs] [Times: user=0.00 sys=0.00, real=0.00 secs] 
2012-10-22T23:54:14.409+0100: 278730.392: [GC 278730.392: [DefNew: 17720K->800K(19136K), 0.0059750 secs] 125669K->108811K(260032K), 0.0061140 secs] [Times: user=0.00 sys=0.00, real=0.00 secs] 
2012-10-22T23:55:04.318+0100: 278780.301: [GC 278780.301: [DefNew: 17824K->781K(19136K), 0.0070640 secs] 125835K->108865K(260032K), 0.0071740 secs] [Times: user=0.01 sys=0.00, real=0.00 secs] 
2012-10-22T23:55:54.266+0100: 278830.249: [GC 278830.249: [DefNew: 17784K->368K(19136K), 0.0047360 secs] 125869K->108452K(260032K), 0.0048690 secs] [Times: user=0.00 sys=0.00, real=0.01 secs] 
2012-10-22T23:56:39.303+0100: 278875.286: [GC 278875.286: [DefNew: 17360K->875K(19136K), 0.0054970 secs] 125445K->108959K(260032K), 0.0056000 secs] [Times: user=0.01 sys=0.00, real=0.01 secs] 
2012-10-22T23:57:29.335+0100: 278925.318: [GC 278925.318: [DefNew: 17878K->368K(19136K), 0.0046610 secs] 125963K->108453K(260032K), 0.0047560 secs] [Times: user=0.01 sys=0.00, real=0.01 secs] 
2012-10-22T23:58:19.427+0100: 278975.410: [GC 278975.410: [DefNew: 17361K->308K(19136K), 0.0045540 secs] 125445K->108423K(260032K), 0.0046880 secs] [Times: user=0.01 sys=0.00, real=0.01 secs] 
2012-10-22T23:59:04.333+0100: 279020.316: [GC 279020.316: [DefNew: 17332K->909K(19136K), 0.0076680 secs] 125447K->109024K(260032K), 0.0077800 secs] [Times: user=0.00 sys=0.00, real=0.01 secs] 
2012-10-22T23:59:54.285+0100: 279070.268: [GC 279070.268: [DefNew: 17933K->653K(19136K), 0.0057250 secs] 126048K->108830K(260032K), 0.0058370 secs] [Times: user=0.01 sys=0.00, real=0.01 secs] 
2012-10-23T00:00:40.287+0100: 279116.270: [GC 279116.270: [DefNew: 17677K->1102K(19136K), 0.0067480 secs] 125854K->109278K(260032K), 0.0068610 secs] [Times: user=0.01 sys=0.00, real=0.01 secs] 
2012-10-23T00:01:29.371+0100: 279165.354: [GC 279165.354: [DefNew: 18110K->773K(19136K), 0.0052330 secs] 126287K->108950K(260032K), 0.0053350 secs] [Times: user=0.00 sys=0.00, real=0.00 secs] 
2012-10-23T00:02:19.488+0100: 279215.471: [GC 279215.471: [DefNew: 17795K->803K(19136K), 0.0036020 secs] 125972K->108980K(260032K), 0.0036740 secs] [Times: user=0.00 sys=0.00, real=0.00 secs] 
2012-10-23T00:03:09.354+0100: 279265.337: [GC 279265.337: [DefNew: 17827K->775K(19136K), 0.0062560 secs] 126004K->108952K(260032K), 0.0064410 secs] [Times: user=0.01 sys=0.00, real=0.01 secs] 
2012-10-23T00:03:55.289+0100: 279311.272: [GC 279311.272: [DefNew: 17799K->1216K(19136K), 0.0067770 secs] 125976K->109418K(260032K), 0.0068920 secs] [Times: user=0.00 sys=0.00, real=0.00 secs] 
2012-10-23T00:04:45.334+0100: 279361.317: [GC 279361.317: [DefNew: 18240K->1035K(19136K), 0.0071900 secs] 126442K->109305K(260032K), 0.0072960 secs] [Times: user=0.01 sys=0.00, real=0.01 secs] 
2012-10-23T00:05:34.848+0100: 279410.831: [GC 279410.831: [DefNew: 18028K->749K(19136K), 0.0052570 secs] 126298K->109019K(260032K), 0.0053590 secs] [Times: user=0.00 sys=0.00, real=0.00 secs] 
2012-10-23T00:06:24.317+0100: 279460.300: [GC 279460.301: [DefNew: 17754K->371K(19136K), 0.0044430 secs] 126023K->108641K(260032K), 0.0045350 secs] [Times: user=0.00 sys=0.00, real=0.00 secs] 
2012-10-23T00:07:10.349+0100: 279506.332: [GC 279506.332: [DefNew: 17395K->1151K(19136K), 0.0042330 secs] 125665K->109421K(260032K), 0.0043370 secs] [Times: user=0.00 sys=0.00, real=0.00 secs] 
2012-10-23T00:07:59.438+0100: 279555.421: [GC 279555.421: [DefNew: 18175K->970K(19136K), 0.0069070 secs] 126445K->109302K(260032K), 0.0070190 secs] [Times: user=0.01 sys=0.00, real=0.00 secs] 
2012-10-23T00:08:49.437+0100: 279605.420: [GC 279605.420: [DefNew: 17987K->906K(19136K), 0.0058070 secs] 126319K->109238K(260032K), 0.0059130 secs] [Times: user=0.00 sys=0.00, real=0.01 secs] 
2012-10-23T00:09:39.575+0100: 279655.558: [GC 279655.558: [DefNew: 17929K->448K(19136K), 0.0048960 secs] 126261K->108780K(260032K), 0.0050020 secs] [Times: user=0.00 sys=0.00, real=0.01 secs] 
2012-10-23T00:10:24.391+0100: 279700.374: [GC 279700.374: [DefNew: 17472K->917K(19136K), 0.0055520 secs] 125804K->109249K(260032K), 0.0056590 secs] [Times: user=0.00 sys=0.00, real=0.00 secs] 
2012-10-23T00:11:14.850+0100: 279750.833: [GC 279750.833: [DefNew: 17941K->433K(19136K), 0.0053450 secs] 126273K->108794K(260032K), 0.0054470 secs] [Times: user=0.00 sys=0.00, real=0.00 secs] 
2012-10-23T00:11:59.632+0100: 279795.615: [GC 279795.615: [DefNew: 17426K->918K(19136K), 0.0058480 secs] 125787K->109280K(260032K), 0.0059590 secs] [Times: user=0.01 sys=0.00, real=0.01 secs] 
2012-10-23T00:12:49.396+0100: 279845.379: [GC 279845.379: [DefNew: 17942K->958K(19136K), 0.0064040 secs] 126304K->109319K(260032K), 0.0065150 secs] [Times: user=0.01 sys=0.00, real=0.01 secs] 
2012-10-23T00:13:39.643+0100: 279895.626: [GC 279895.626: [DefNew: 17982K->893K(19136K), 0.0060640 secs] 126343K->109254K(260032K), 0.0061630 secs] [Times: user=0.01 sys=0.00, real=0.01 secs] 
2012-10-23T00:14:25.396+0100: 279941.379: [GC 279941.379: [DefNew: 17913K->1202K(19136K), 0.0063170 secs] 126275K->109563K(260032K), 0.0064280 secs] [Times: user=0.00 sys=0.00, real=0.01 secs] 
2012-10-23T00:15:14.356+0100: 279990.339: [GC 279990.339: [DefNew: 18226K->719K(19136K), 0.0075250 secs] 126587K->109279K(260032K), 0.0076280 secs] [Times: user=0.01 sys=0.00, real=0.01 secs] 
2012-10-23T00:16:04.427+0100: 280040.410: [GC 280040.410: [DefNew: 17743K->538K(19136K), 0.0048610 secs] 126303K->109098K(260032K), 0.0049600 secs] [Times: user=0.01 sys=0.00, real=0.01 secs] 
2012-10-23T00:16:50.429+0100: 280086.412: [GC 280086.412: [DefNew: 17558K->1074K(19136K), 0.0058820 secs] 126118K->109634K(260032K), 0.0059910 secs] [Times: user=0.00 sys=0.01, real=0.00 secs] 
2012-10-23T00:17:40.541+0100: 280136.524: [GC 280136.524: [DefNew: 18098K->1224K(19136K), 0.0073010 secs] 126658K->109857K(260032K), 0.0074070 secs] [Times: user=0.01 sys=0.00, real=0.01 secs] 
2012-10-23T00:18:30.398+0100: 280186.381: [GC 280186.381: [DefNew: 18248K->1074K(19136K), 0.0065660 secs] 126881K->109770K(260032K), 0.0066670 secs] [Times: user=0.01 sys=0.00, real=0.00 secs] 
2012-10-23T00:19:19.551+0100: 280235.533: [GC 280235.534: [DefNew: 18098K->557K(19136K), 0.0069970 secs] 126794K->109254K(260032K), 0.0071060 secs] [Times: user=0.01 sys=0.00, real=0.01 secs] 
2012-10-23T00:20:09.321+0100: 280285.304: [GC 280285.304: [DefNew: 17581K->456K(19136K), 0.0045830 secs] 126278K->109153K(260032K), 0.0046810 secs] [Times: user=0.00 sys=0.00, real=0.00 secs] 
2012-10-23T00:20:55.463+0100: 280331.446: [GC 280331.446: [DefNew: 17480K->1201K(19136K), 0.0061350 secs] 126177K->109898K(260032K), 0.0062360 secs] [Times: user=0.01 sys=0.00, real=0.01 secs] 
2012-10-23T00:21:44.713+0100: 280380.696: [GC 280380.696: [DefNew: 18216K->729K(19136K), 0.0056510 secs] 126912K->109518K(260032K), 0.0057520 secs] [Times: user=0.00 sys=0.00, real=0.01 secs] 
2012-10-23T00:22:34.743+0100: 280430.726: [GC 280430.726: [DefNew: 17724K->567K(19136K), 0.0035250 secs] 126513K->109356K(260032K), 0.0035950 secs] [Times: user=0.00 sys=0.00, real=0.00 secs] 
2012-10-23T00:23:20.408+0100: 280476.391: [GC 280476.391: [DefNew: 17591K->1146K(19136K), 0.0065150 secs] 126380K->109935K(260032K), 0.0066170 secs] [Times: user=0.01 sys=0.00, real=0.00 secs] 
2012-10-23T00:24:09.693+0100: 280525.676: [GC 280525.676: [DefNew: 18144K->634K(19136K), 0.0070980 secs] 126933K->109496K(260032K), 0.0072040 secs] [Times: user=0.01 sys=0.00, real=0.01 secs] 
2012-10-23T00:24:59.514+0100: 280575.497: [GC 280575.497: [DefNew: 17654K->666K(19136K), 0.0051610 secs] 126517K->109528K(260032K), 0.0052630 secs] [Times: user=0.01 sys=0.00, real=0.01 secs] 
2012-10-23T00:25:45.639+0100: 280621.622: [GC 280621.622: [DefNew: 17690K->1153K(19136K), 0.0060200 secs] 126552K->110015K(260032K), 0.0061180 secs] [Times: user=0.00 sys=0.00, real=0.00 secs] 
2012-10-23T00:26:34.819+0100: 280670.802: [GC 280670.802: [DefNew: 18175K->371K(19136K), 0.0068450 secs] 127038K->109307K(260032K), 0.0069440 secs] [Times: user=0.01 sys=0.00, real=0.00 secs] 
2012-10-23T00:27:24.625+0100: 280720.608: [GC 280720.608: [DefNew: 17395K->465K(19136K), 0.0046900 secs] 126331K->109402K(260032K), 0.0047890 secs] [Times: user=0.00 sys=0.00, real=0.01 secs] 
2012-10-23T00:28:10.452+0100: 280766.435: [GC 280766.435: [DefNew: 17489K->1141K(19136K), 0.0062240 secs] 126426K->110078K(260032K), 0.0063320 secs] [Times: user=0.01 sys=0.00, real=0.01 secs] 
2012-10-23T00:28:58.158+0100: 280814.141: [GC 280814.141: [DefNew: 18161K->582K(19136K), 0.0060020 secs] 127097K->109581K(260032K), 0.0061010 secs] [Times: user=0.00 sys=0.00, real=0.00 secs] 
2012-10-23T00:29:30.558+0100: 280846.541: [GC 280846.541: [DefNew: 17594K->1043K(19136K), 0.0057580 secs] 126593K->110043K(260032K), 0.0058710 secs] [Times: user=0.00 sys=0.00, real=0.00 secs] 
2012-10-23T00:30:19.564+0100: 280895.547: [GC 280895.547: [DefNew: 18046K->715K(19136K), 0.0051400 secs] 127045K->109714K(260032K), 0.0052400 secs] [Times: user=0.00 sys=0.00, real=0.01 secs] 
2012-10-23T00:31:05.433+0100: 280941.416: [GC 280941.416: [DefNew: 17739K->1076K(19136K), 0.0100530 secs] 126738K->110076K(260032K), 0.0101790 secs] [Times: user=0.00 sys=0.00, real=0.01 secs] 
2012-10-23T00:31:54.720+0100: 280990.703: [GC 280990.703: [DefNew: 18100K->1198K(19136K), 0.0066600 secs] 127100K->110232K(260032K), 0.0067600 secs] [Times: user=0.01 sys=0.00, real=0.00 secs] 
2012-10-23T00:32:44.666+0100: 281040.649: [GC 281040.649: [DefNew: 18222K->674K(19136K), 0.0063880 secs] 127256K->109835K(260032K), 0.0064910 secs] [Times: user=0.01 sys=0.00, real=0.01 secs] 
2012-10-23T00:33:34.731+0100: 281090.714: [GC 281090.714: [DefNew: 17685K->431K(19136K), 0.0045430 secs] 126847K->109592K(260032K), 0.0046350 secs] [Times: user=0.00 sys=0.00, real=0.00 secs] 
2012-10-23T00:34:19.595+0100: 281135.578: [GC 281135.578: [DefNew: 17455K->976K(19136K), 0.0056750 secs] 126616K->110137K(260032K), 0.0057750 secs] [Times: user=0.00 sys=0.00, real=0.01 secs] 
2012-10-23T00:35:09.971+0100: 281185.954: [GC 281185.954: [DefNew: 17975K->557K(19136K), 0.0048190 secs] 127137K->109718K(260032K), 0.0049560 secs] [Times: user=0.00 sys=0.00, real=0.00 secs] 
2012-10-23T00:35:55.491+0100: 281231.474: [GC 281231.474: [DefNew: 17570K->1157K(19136K), 0.0068700 secs] 126731K->110319K(260032K), 0.0069770 secs] [Times: user=0.02 sys=0.00, real=0.01 secs] 
2012-10-23T00:36:44.811+0100: 281280.794: [GC 281280.794: [DefNew: 18150K->780K(19136K), 0.0051860 secs] 127311K->109941K(260032K), 0.0052860 secs] [Times: user=0.00 sys=0.00, real=0.00 secs] 
2012-10-23T00:37:30.487+0100: 281326.470: [GC 281326.470: [DefNew: 17804K->1106K(19136K), 0.0108080 secs] 126965K->110268K(260032K), 0.0109810 secs] [Times: user=0.01 sys=0.00, real=0.02 secs] 
2012-10-23T00:38:20.531+0100: 281376.514: [GC 281376.514: [DefNew: 18130K->1099K(19136K), 0.0060020 secs] 127292K->110261K(260032K), 0.0061070 secs] [Times: user=0.00 sys=0.00, real=0.00 secs] 
2012-10-23T00:39:09.898+0100: 281425.881: [GC 281425.881: [DefNew: 18123K->816K(19136K), 0.0054170 secs] 127285K->109978K(260032K), 0.0055130 secs] [Times: user=0.00 sys=0.00, real=0.00 secs] 
2012-10-23T00:39:59.645+0100: 281475.628: [GC 281475.628: [DefNew: 17810K->462K(19136K), 0.0048190 secs] 126972K->109624K(260032K), 0.0049220 secs] [Times: user=0.00 sys=0.00, real=0.01 secs] 
2012-10-23T00:40:50.045+0100: 281526.028: [GC 281526.028: [DefNew: 17456K->496K(19136K), 0.0047910 secs] 126618K->109658K(260032K), 0.0048850 secs] [Times: user=0.01 sys=0.00, real=0.01 secs] 
2012-10-23T00:41:34.784+0100: 281570.767: [GC 281570.767: [DefNew: 17520K->976K(19136K), 0.0039240 secs] 126682K->110138K(260032K), 0.0040200 secs] [Times: user=0.00 sys=0.00, real=0.01 secs] 
2012-10-23T00:42:25.013+0100: 281620.996: [GC 281620.996: [DefNew: 17981K->778K(19136K), 0.0053770 secs] 127144K->109941K(260032K), 0.0054860 secs] [Times: user=0.01 sys=0.00, real=0.01 secs] 
2012-10-23T00:43:10.608+0100: 281666.591: [GC 281666.591: [DefNew: 17802K->1223K(19136K), 0.0067510 secs] 126965K->110415K(260032K), 0.0068860 secs] [Times: user=0.00 sys=0.00, real=0.00 secs] 
2012-10-23T00:43:59.769+0100: 281715.752: [GC 281715.752: [DefNew: 18216K->656K(19136K), 0.0067770 secs] 127408K->110035K(260032K), 0.0069210 secs] [Times: user=0.01 sys=0.00, real=0.00 secs] 
2012-10-23T00:44:49.767+0100: 281765.750: [GC 281765.750: [DefNew: 17668K->561K(19136K), 0.0070660 secs] 127048K->109941K(260032K), 0.0071710 secs] [Times: user=0.00 sys=0.00, real=0.01 secs] 
2012-10-23T00:45:40.026+0100: 281816.009: [GC 281816.009: [DefNew: 17564K->309K(19136K), 0.0044140 secs] 126944K->109689K(260032K), 0.0045090 secs] [Times: user=0.00 sys=0.00, real=0.01 secs] 
2012-10-23T00:46:25.080+0100: 281861.063: [GC 281861.063: [DefNew: 17314K->879K(19136K), 0.0054130 secs] 126694K->110258K(260032K), 0.0055110 secs] [Times: user=0.00 sys=0.00, real=0.00 secs] 
2012-10-23T00:47:14.686+0100: 281910.669: [GC 281910.669: [DefNew: 17878K->560K(19136K), 0.0049340 secs] 127258K->109940K(260032K), 0.0050280 secs] [Times: user=0.01 sys=0.00, real=0.01 secs] 
2012-10-23T00:48:04.804+0100: 281960.787: [GC 281960.787: [DefNew: 17572K->592K(19136K), 0.0050010 secs] 126952K->109972K(260032K), 0.0051010 secs] [Times: user=0.00 sys=0.00, real=0.01 secs] 
2012-10-23T00:48:50.690+0100: 282006.673: [GC 282006.673: [DefNew: 17616K->1098K(19136K), 0.0058470 secs] 126996K->110477K(260032K), 0.0059640 secs] [Times: user=0.00 sys=0.00, real=0.00 secs] 
2012-10-23T00:49:39.957+0100: 282055.940: [GC 282055.940: [DefNew: 18122K->921K(19136K), 0.0057080 secs] 127501K->110301K(260032K), 0.0058250 secs] [Times: user=0.00 sys=0.00, real=0.01 secs] 
2012-10-23T00:50:29.694+0100: 282105.676: [GC 282105.677: [DefNew: 17921K->715K(19136K), 0.0058040 secs] 127301K->110095K(260032K), 0.0059130 secs] [Times: user=0.00 sys=0.00, real=0.01 secs] 
2012-10-23T00:51:15.763+0100: 282151.746: [GC 282151.746: [DefNew: 17739K->1167K(19136K), 0.0060720 secs] 127119K->110547K(260032K), 0.0061870 secs] [Times: user=0.01 sys=0.00, real=0.01 secs] 
2012-10-23T00:52:05.784+0100: 282201.767: [GC 282201.767: [DefNew: 18191K->1137K(19136K), 0.0067610 secs] 127571K->110579K(260032K), 0.0068730 secs] [Times: user=0.01 sys=0.00, real=0.01 secs] 
2012-10-23T00:52:59.777+0100: 282255.760: [GC 282255.760: [DefNew: 18149K->350K(19136K), 0.0062920 secs] 127591K->109854K(260032K), 0.0063990 secs] [Times: user=0.00 sys=0.00, real=0.01 secs] 
2012-10-23T00:53:50.066+0100: 282306.049: [GC 282306.049: [DefNew: 17368K->321K(19136K), 0.0091780 secs] 126872K->109825K(260032K), 0.0093500 secs] [Times: user=0.00 sys=0.00, real=0.01 secs] 
2012-10-23T00:54:34.723+0100: 282350.706: [GC 282350.706: [DefNew: 17345K->944K(19136K), 0.0058960 secs] 126849K->110448K(260032K), 0.0059980 secs] [Times: user=0.00 sys=0.00, real=0.01 secs] 
2012-10-23T00:55:24.698+0100: 282400.681: [GC 282400.681: [DefNew: 17968K->786K(19136K), 0.0061680 secs] 127472K->110364K(260032K), 0.0063270 secs] [Times: user=0.01 sys=0.00, real=0.00 secs] 
2012-10-23T00:56:09.711+0100: 282445.694: [GC 282445.694: [DefNew: 17810K->1129K(19136K), 0.0058330 secs] 127388K->110707K(260032K), 0.0059400 secs] [Times: user=0.00 sys=0.00, real=0.00 secs] 
2012-10-23T00:57:00.093+0100: 282496.076: [GC 282496.076: [DefNew: 18153K->612K(19136K), 0.0085860 secs] 127731K->110441K(260032K), 0.0086870 secs] [Times: user=0.01 sys=0.00, real=0.01 secs] 
2012-10-23T00:57:49.703+0100: 282545.686: [GC 282545.686: [DefNew: 17636K->846K(19136K), 0.0054660 secs] 127465K->110675K(260032K), 0.0055680 secs] [Times: user=0.00 sys=0.00, real=0.01 secs] 
2012-10-23T00:58:39.745+0100: 282595.728: [GC 282595.728: [DefNew: 17845K->845K(19136K), 0.0069890 secs] 127674K->110674K(260032K), 0.0071300 secs] [Times: user=0.01 sys=0.00, real=0.01 secs] 
2012-10-23T00:59:25.759+0100: 282641.742: [GC 282641.742: [DefNew: 17869K->1321K(19136K), 0.0064720 secs] 127698K->111150K(260032K), 0.0065890 secs] [Times: user=0.00 sys=0.00, real=0.00 secs] 
2012-10-23T01:00:15.726+0100: 282691.709: [GC 282691.709: [DefNew: 18318K->882K(19136K), 0.0072390 secs] 128146K->110991K(260032K), 0.0073770 secs] [Times: user=0.00 sys=0.00, real=0.01 secs] 
2012-10-23T01:01:04.631+0100: 282740.613: [GC 282740.614: [DefNew: 17906K->910K(19136K), 0.0081720 secs] 128015K->111019K(260032K), 0.0082780 secs] [Times: user=0.01 sys=0.00, real=0.01 secs] 
2012-10-23T01:01:54.830+0100: 282790.813: [GC 282790.813: [DefNew: 17934K->749K(19136K), 0.0054830 secs] 128043K->110858K(260032K), 0.0055820 secs] [Times: user=0.01 sys=0.00, real=0.00 secs] 
2012-10-23T01:02:44.757+0100: 282840.740: [GC 282840.740: [DefNew: 17753K->749K(19136K), 0.0051630 secs] 127862K->110858K(260032K), 0.0052610 secs] [Times: user=0.01 sys=0.00, real=0.01 secs] 
2012-10-23T01:03:34.921+0100: 282890.904: [GC 282890.904: [DefNew: 17772K->575K(19136K), 0.0051390 secs] 127882K->110685K(260032K), 0.0058730 secs] [Times: user=0.01 sys=0.00, real=0.00 secs] 
2012-10-23T01:04:19.810+0100: 282935.793: [GC 282935.793: [DefNew: 17599K->881K(19136K), 0.0060350 secs] 127709K->111052K(260032K), 0.0061300 secs] [Times: user=0.00 sys=0.00, real=0.00 secs] 
2012-10-23T01:05:09.805+0100: 282985.788: [GC 282985.788: [DefNew: 17891K->657K(19136K), 0.0052510 secs] 128063K->110828K(260032K), 0.0053480 secs] [Times: user=0.01 sys=0.00, real=0.01 secs] 
2012-10-23T01:06:00.263+0100: 283036.246: [GC 283036.246: [DefNew: 17670K->498K(19136K), 0.0048970 secs] 127841K->110670K(260032K), 0.0049920 secs] [Times: user=0.01 sys=0.00, real=0.01 secs] 
2012-10-23T01:06:45.799+0100: 283081.782: [GC 283081.782: [DefNew: 17522K->1066K(19136K), 0.0057740 secs] 127694K->111237K(260032K), 0.0058920 secs] [Times: user=0.00 sys=0.00, real=0.00 secs] 
2012-10-23T01:07:35.769+0100: 283131.752: [GC 283131.752: [DefNew: 18090K->1096K(19136K), 0.0063370 secs] 128261K->111267K(260032K), 0.0064260 secs] [Times: user=0.01 sys=0.00, real=0.00 secs] 
2012-10-23T01:08:24.913+0100: 283180.896: [GC 283180.896: [DefNew: 18120K->914K(19136K), 0.0064860 secs] 128291K->111148K(260032K), 0.0065880 secs] [Times: user=0.01 sys=0.00, real=0.01 secs] 
2012-10-23T01:09:14.867+0100: 283230.850: [GC 283230.850: [DefNew: 17919K->532K(19136K), 0.0055750 secs] 128152K->110765K(260032K), 0.0056760 secs] [Times: user=0.00 sys=0.00, real=0.01 secs] 
2012-10-23T01:10:02.792+0100: 283278.775: [GC 283278.775: [DefNew: 17556K->1321K(19136K), 0.0066230 secs] 127789K->111555K(260032K), 0.0067310 secs] [Times: user=0.01 sys=0.00, real=0.01 secs] 
2012-10-23T01:10:50.797+0100: 283326.780: [GC 283326.780: [DefNew: 18345K->919K(19136K), 0.0090340 secs] 128579K->111374K(260032K), 0.0091730 secs] [Times: user=0.01 sys=0.00, real=0.00 secs] 
2012-10-23T01:11:39.869+0100: 283375.852: [GC 283375.852: [DefNew: 17913K->751K(19136K), 0.0054110 secs] 128368K->111206K(260032K), 0.0055110 secs] [Times: user=0.01 sys=0.00, real=0.00 secs] 
2012-10-23T01:12:29.845+0100: 283425.828: [GC 283425.829: [DefNew: 17773K->786K(19136K), 0.0055180 secs] 128228K->111241K(260032K), 0.0056250 secs] [Times: user=0.00 sys=0.00, real=0.01 secs] 
2012-10-23T01:13:19.936+0100: 283475.919: [GC 283475.919: [DefNew: 17810K->983K(19136K), 0.0067320 secs] 128265K->111439K(260032K), 0.0068480 secs] [Times: user=0.01 sys=0.00, real=0.01 secs] 
2012-10-23T01:14:09.939+0100: 283525.922: [GC 283525.922: [DefNew: 18001K->416K(19136K), 0.0045770 secs] 128456K->110871K(260032K), 0.0046700 secs] [Times: user=0.00 sys=0.00, real=0.00 secs] 
2012-10-23T01:14:55.755+0100: 283571.738: [GC 283571.739: [DefNew: 17440K->1295K(19136K), 0.0064970 secs] 127895K->111750K(260032K), 0.0066060 secs] [Times: user=0.00 sys=0.00, real=0.01 secs] 
2012-10-23T01:15:45.756+0100: 283621.739: [GC 283621.739: [DefNew: 18319K->1129K(19136K), 0.0075540 secs] 128774K->111658K(260032K), 0.0076640 secs] [Times: user=0.01 sys=0.00, real=0.01 secs] 
2012-10-23T01:16:34.876+0100: 283670.859: [GC 283670.859: [DefNew: 18149K->601K(19136K), 0.0059730 secs] 128679K->111193K(260032K), 0.0060750 secs] [Times: user=0.01 sys=0.00, real=0.01 secs] 
2012-10-23T01:17:21.361+0100: 283717.344: [GC 283717.344: [DefNew: 17625K->1164K(19136K), 0.0059970 secs] 128217K->111756K(260032K), 0.0060980 secs] [Times: user=0.00 sys=0.00, real=0.00 secs] 
2012-10-23T01:18:14.990+0100: 283770.973: [GC 283770.973: [DefNew: 18183K->689K(19136K), 0.0060060 secs] 128775K->111355K(260032K), 0.0061040 secs] [Times: user=0.01 sys=0.00, real=0.00 secs] 
2012-10-23T01:19:00.961+0100: 283816.944: [GC 283816.944: [DefNew: 17713K->1132K(19136K), 0.0060090 secs] 128379K->111798K(260032K), 0.0061150 secs] [Times: user=0.00 sys=0.00, real=0.00 secs] 
2012-10-23T01:19:54.022+0100: 283870.005: [GC 283870.005: [DefNew: 18156K->332K(19136K), 0.0051370 secs] 128822K->111059K(260032K), 0.0052340 secs] [Times: user=0.01 sys=0.00, real=0.00 secs] 
2012-10-23T01:20:40.907+0100: 283916.890: [GC 283916.890: [DefNew: 17356K->1204K(19136K), 0.0132770 secs] 128083K->111931K(260032K), 0.0134100 secs] [Times: user=0.00 sys=0.00, real=0.01 secs] 
2012-10-23T01:21:30.041+0100: 283966.024: [GC 283966.024: [DefNew: 18218K->782K(19136K), 0.0126240 secs] 128946K->111743K(260032K), 0.0127580 secs] [Times: user=0.01 sys=0.00, real=0.01 secs] 
2012-10-23T01:22:19.878+0100: 284015.860: [GC 284015.861: [DefNew: 17806K->815K(19136K), 0.0053810 secs] 128767K->111775K(260032K), 0.0054880 secs] [Times: user=0.00 sys=0.00, real=0.00 secs] 
2012-10-23T01:23:09.959+0100: 284065.942: [GC 284065.942: [DefNew: 17839K->975K(19136K), 0.0056460 secs] 128799K->111935K(260032K), 0.0057530 secs] [Times: user=0.00 sys=0.00, real=0.00 secs] 
2012-10-23T01:23:59.883+0100: 284115.866: [GC 284115.866: [DefNew: 17999K->659K(19136K), 0.0059310 secs] 128959K->111619K(260032K), 0.0060330 secs] [Times: user=0.01 sys=0.00, real=0.01 secs] 
2012-10-23T01:24:48.021+0100: 284164.004: [GC 284164.004: [DefNew: 17683K->1165K(19136K), 0.0080410 secs] 128643K->112187K(260032K), 0.0081520 secs] [Times: user=0.01 sys=0.00, real=0.01 secs] 
2012-10-23T01:25:41.730+0100: 284217.713: [GC 284217.713: [DefNew: 18189K->506K(19136K), 0.0047860 secs] 129211K->111529K(260032K), 0.0048790 secs] [Times: user=0.00 sys=0.00, real=0.00 secs] 
2012-10-23T01:26:25.560+0100: 284261.543: [GC 284261.543: [DefNew: 17530K->1134K(19136K), 0.0057790 secs] 128553K->112156K(260032K), 0.0058810 secs] [Times: user=0.00 sys=0.00, real=0.00 secs] 
2012-10-23T01:27:16.168+0100: 284312.151: [GC 284312.151: [DefNew: 18158K->1055K(19136K), 0.0101870 secs] 129180K->112337K(260032K), 0.0103020 secs] [Times: user=0.01 sys=0.00, real=0.01 secs] 
2012-10-23T01:28:06.229+0100: 284362.212: [GC 284362.213: [DefNew: 18079K->1189K(19136K), 0.0061560 secs] 129361K->112471K(260032K), 0.0062620 secs] [Times: user=0.01 sys=0.00, real=0.00 secs] 
2012-10-23T01:28:54.908+0100: 284410.891: [GC 284410.891: [DefNew: 18213K->923K(19136K), 0.0076060 secs] 129495K->112360K(260032K), 0.0077180 secs] [Times: user=0.00 sys=0.01, real=0.00 secs] 
2012-10-23T01:29:26.135+0100: 284442.118: [GC 284442.118: [DefNew: 17947K->996K(19136K), 0.0059780 secs] 129384K->112433K(260032K), 0.0060810 secs] [Times: user=0.00 sys=0.00, real=0.01 secs] 
2012-10-23T01:30:13.563+0100: 284489.546: [GC 284489.546: [DefNew: 18020K->396K(19136K), 0.0045640 secs] 129457K->111833K(260032K), 0.0046580 secs] [Times: user=0.00 sys=0.00, real=0.01 secs] 
2012-10-23T01:31:04.900+0100: 284540.883: [GC 284540.883: [DefNew: 17420K->624K(19136K), 0.0098150 secs] 128857K->112061K(260032K), 0.0099400 secs] [Times: user=0.00 sys=0.00, real=0.01 secs] 
2012-10-23T01:31:51.036+0100: 284587.019: [GC 284587.019: [DefNew: 17647K->1148K(19136K), 0.0062140 secs] 129084K->112585K(260032K), 0.0063190 secs] [Times: user=0.01 sys=0.00, real=0.01 secs] 
2012-10-23T01:32:44.975+0100: 284640.958: [GC 284640.958: [DefNew: 18166K->719K(19136K), 0.0060280 secs] 129604K->112283K(260032K), 0.0061350 secs] [Times: user=0.00 sys=0.00, real=0.01 secs] 
2012-10-23T01:33:35.885+0100: 284691.868: [GC 284691.868: [DefNew: 17742K->1033K(19136K), 0.0059060 secs] 129306K->112596K(260032K), 0.0060090 secs] [Times: user=0.01 sys=0.00, real=0.01 secs] 
2012-10-23T01:34:25.046+0100: 284741.029: [GC 284741.029: [DefNew: 18057K->846K(19136K), 0.0059200 secs] 129620K->112409K(260032K), 0.0060340 secs] [Times: user=0.00 sys=0.00, real=0.01 secs] 
2012-10-23T01:35:14.997+0100: 284790.980: [GC 284790.980: [DefNew: 17870K->658K(19136K), 0.0063230 secs] 129433K->112346K(260032K), 0.0064350 secs] [Times: user=0.01 sys=0.00, real=0.01 secs] 
2012-10-23T01:36:04.946+0100: 284840.929: [GC 284840.929: [DefNew: 17668K->780K(19136K), 0.0055000 secs] 129355K->112468K(260032K), 0.0056010 secs] [Times: user=0.01 sys=0.00, real=0.01 secs] 
2012-10-23T01:36:50.989+0100: 284886.972: [GC 284886.972: [DefNew: 17804K->1163K(19136K), 0.0062080 secs] 129492K->112851K(260032K), 0.0063160 secs] [Times: user=0.00 sys=0.00, real=0.00 secs] 
2012-10-23T01:37:41.034+0100: 284937.017: [GC 284937.017: [DefNew: 18187K->1216K(19136K), 0.0083210 secs] 129875K->113028K(260032K), 0.0084310 secs] [Times: user=0.00 sys=0.00, real=0.01 secs] 
2012-10-23T01:38:34.945+0100: 284990.928: [GC 284990.929: [DefNew: 18232K->216K(19136K), 0.0063520 secs] 130044K->112217K(260032K), 0.0064720 secs] [Times: user=0.01 sys=0.00, real=0.01 secs] 
2012-10-23T01:39:20.040+0100: 285036.023: [GC 285036.023: [DefNew: 17214K->875K(19136K), 0.0058270 secs] 129215K->112876K(260032K), 0.0059350 secs] [Times: user=0.00 sys=0.00, real=0.00 secs] 
2012-10-23T01:40:09.976+0100: 285085.959: [GC 285085.960: [DefNew: 17883K->748K(19136K), 0.0063180 secs] 129884K->112749K(260032K), 0.0064350 secs] [Times: user=0.00 sys=0.00, real=0.01 secs] 
2012-10-23T01:40:56.456+0100: 285132.439: [GC 285132.439: [DefNew: 17772K->1309K(19136K), 0.0043960 secs] 129773K->113310K(260032K), 0.0044800 secs] [Times: user=0.01 sys=0.00, real=0.01 secs] 
2012-10-23T01:41:45.065+0100: 285181.048: [GC 285181.048: [DefNew: 18333K->658K(19136K), 0.0082860 secs] 130334K->112908K(260032K), 0.0083900 secs] [Times: user=0.01 sys=0.00, real=0.01 secs] 
2012-10-23T01:42:36.083+0100: 285232.066: [GC 285232.066: [DefNew: 17682K->981K(19136K), 0.0063510 secs] 129932K->113231K(260032K), 0.0064550 secs] [Times: user=0.00 sys=0.01, real=0.01 secs] 
2012-10-23T01:43:29.935+0100: 285285.918: [GC 285285.918: [DefNew: 18003K->598K(19136K), 0.0054210 secs] 130254K->112849K(260032K), 0.0055290 secs] [Times: user=0.01 sys=0.00, real=0.01 secs] 
2012-10-23T01:44:16.265+0100: 285332.248: [GC 285332.248: [DefNew: 17620K->1034K(19136K), 0.0042770 secs] 129870K->113284K(260032K), 0.0043670 secs] [Times: user=0.01 sys=0.00, real=0.01 secs] 
2012-10-23T01:45:05.009+0100: 285380.992: [GC 285380.992: [DefNew: 18058K->871K(19136K), 0.0056640 secs] 130308K->113121K(260032K), 0.0057910 secs] [Times: user=0.01 sys=0.00, real=0.00 secs] 
2012-10-23T01:45:54.359+0100: 285430.342: [GC 285430.342: [DefNew: 17895K->978K(19136K), 0.0055820 secs] 130145K->113229K(260032K), 0.0056810 secs] [Times: user=0.00 sys=0.00, real=0.00 secs] 
2012-10-23T01:46:45.054+0100: 285481.037: [GC 285481.037: [DefNew: 17982K->686K(19136K), 0.0061130 secs] 130233K->112998K(260032K), 0.0062250 secs] [Times: user=0.01 sys=0.00, real=0.01 secs] 
2012-10-23T01:47:35.181+0100: 285531.164: [GC 285531.164: [DefNew: 17710K->847K(19136K), 0.0060930 secs] 130022K->113160K(260032K), 0.0061990 secs] [Times: user=0.00 sys=0.00, real=0.00 secs] 
2012-10-23T01:48:25.014+0100: 285580.997: [GC 285580.997: [DefNew: 17842K->784K(19136K), 0.0054830 secs] 130155K->113096K(260032K), 0.0055920 secs] [Times: user=0.01 sys=0.00, real=0.01 secs] 
2012-10-23T01:49:11.066+0100: 285627.049: [GC 285627.049: [DefNew: 17808K->1098K(19136K), 0.0062300 secs] 130120K->113411K(260032K), 0.0063400 secs] [Times: user=0.01 sys=0.00, real=0.01 secs] 
2012-10-23T01:50:01.165+0100: 285677.148: [GC 285677.148: [DefNew: 18122K->1171K(19136K), 0.0117690 secs] 130435K->113546K(260032K), 0.0119060 secs] [Times: user=0.01 sys=0.00, real=0.01 secs] 
2012-10-23T01:50:50.329+0100: 285726.311: [GC 285726.312: [DefNew: 18195K->663K(19136K), 0.0065720 secs] 130570K->113196K(260032K), 0.0066700 secs] [Times: user=0.00 sys=0.00, real=0.00 secs] 
2012-10-23T01:51:36.155+0100: 285772.138: [GC 285772.138: [DefNew: 17687K->1109K(19136K), 0.0060210 secs] 130220K->113642K(260032K), 0.0061220 secs] [Times: user=0.01 sys=0.00, real=0.01 secs] 
2012-10-23T01:52:30.329+0100: 285826.312: [GC 285826.312: [DefNew: 18101K->540K(19136K), 0.0069390 secs] 130635K->113228K(260032K), 0.0070590 secs] [Times: user=0.00 sys=0.01, real=0.00 secs] 
2012-10-23T01:53:20.005+0100: 285875.988: [GC 285875.988: [DefNew: 17540K->1044K(19136K), 0.0061770 secs] 130228K->113731K(260032K), 0.0062980 secs] [Times: user=0.00 sys=0.00, real=0.01 secs] 
2012-10-23T01:54:10.406+0100: 285926.389: [GC 285926.389: [DefNew: 18042K->506K(19136K), 0.0058710 secs] 130729K->113193K(260032K), 0.0059730 secs] [Times: user=0.01 sys=0.00, real=0.01 secs] 
2012-10-23T01:55:00.111+0100: 285976.094: [GC 285976.094: [DefNew: 17530K->402K(19136K), 0.0068610 secs] 130217K->113255K(260032K), 0.0069620 secs] [Times: user=0.00 sys=0.00, real=0.01 secs] 
2012-10-23T01:55:50.071+0100: 286026.054: [GC 286026.054: [DefNew: 17426K->815K(19136K), 0.0128360 secs] 130279K->113667K(260032K), 0.0146140 secs] [Times: user=0.00 sys=0.00, real=0.01 secs] 
2012-10-23T01:56:36.517+0100: 286072.500: [GC 286072.500: [DefNew: 17808K->1190K(19136K), 0.0062230 secs] 130661K->114044K(260032K), 0.0063260 secs] [Times: user=0.01 sys=0.00, real=0.00 secs] 
2012-10-23T01:57:26.574+0100: 286122.557: [GC 286122.557: [DefNew: 18214K->974K(19136K), 0.0069480 secs] 131068K->113952K(260032K), 0.0070680 secs] [Times: user=0.01 sys=0.00, real=0.01 secs] 
2012-10-23T01:58:17.244+0100: 286173.227: [GC 286173.227: [DefNew: 17998K->1092K(19136K), 0.0058530 secs] 130976K->114070K(260032K), 0.0059560 secs] [Times: user=0.01 sys=0.00, real=0.01 secs] 
2012-10-23T01:59:05.179+0100: 286221.162: [GC 286221.162: [DefNew: 18116K->888K(19136K), 0.0051420 secs] 131094K->113928K(260032K), 0.0052570 secs] [Times: user=0.00 sys=0.00, real=0.00 secs] 
2012-10-23T01:59:55.276+0100: 286271.259: [GC 286271.259: [DefNew: 17912K->1232K(19136K), 0.0088220 secs] 130952K->114272K(260032K), 0.0089440 secs] [Times: user=0.00 sys=0.00, real=0.01 secs] 
2012-10-23T02:00:50.253+0100: 286326.236: [GC 286326.236: [DefNew: 18256K->278K(19136K), 0.0075880 secs] 131296K->113442K(260032K), 0.0076890 secs] [Times: user=0.01 sys=0.00, real=0.01 secs] 
2012-10-23T02:01:35.115+0100: 286371.098: [GC 286371.098: [DefNew: 17302K->913K(19136K), 0.0039170 secs] 130466K->114077K(260032K), 0.0040080 secs] [Times: user=0.01 sys=0.00, real=0.01 secs] 
2012-10-23T02:02:25.181+0100: 286421.164: [GC 286421.164: [DefNew: 17926K->813K(19136K), 0.0055230 secs] 131090K->113977K(260032K), 0.0056240 secs] [Times: user=0.00 sys=0.00, real=0.00 secs] 
2012-10-23T02:03:16.323+0100: 286472.306: [GC 286472.306: [DefNew: 17821K->1034K(19136K), 0.0061130 secs] 130986K->114198K(260032K), 0.0062180 secs] [Times: user=0.00 sys=0.00, real=0.01 secs] 
2012-10-23T02:04:01.270+0100: 286517.253: [GC 286517.253: [DefNew: 18058K->1475K(19136K), 0.0077250 secs] 131222K->114701K(260032K), 0.0079910 secs] [Times: user=0.01 sys=0.00, real=0.01 secs] 
2012-10-23T02:04:51.271+0100: 286567.254: [GC 286567.254: [DefNew: 18499K->935K(19136K), 0.0104890 secs] 131725K->114503K(260032K), 0.0106090 secs] [Times: user=0.01 sys=0.00, real=0.01 secs] 
2012-10-23T02:05:40.365+0100: 286616.348: [GC 286616.348: [DefNew: 17959K->728K(19136K), 0.0053190 secs] 131527K->114297K(260032K), 0.0054140 secs] [Times: user=0.01 sys=0.00, real=0.01 secs] 
2012-10-23T02:06:30.351+0100: 286666.334: [GC 286666.334: [DefNew: 17752K->564K(19136K), 0.0049800 secs] 131321K->114132K(260032K), 0.0050730 secs] [Times: user=0.00 sys=0.00, real=0.00 secs] 
2012-10-23T02:07:20.231+0100: 286716.214: [GC 286716.214: [DefNew: 17588K->885K(19136K), 0.0038740 secs] 131156K->114454K(260032K), 0.0039650 secs] [Times: user=0.00 sys=0.00, real=0.00 secs] 
2012-10-23T02:08:10.193+0100: 286766.176: [GC 286766.176: [DefNew: 17909K->1006K(19136K), 0.0059220 secs] 131478K->114575K(260032K), 0.0060350 secs] [Times: user=0.01 sys=0.00, real=0.01 secs] 
2012-10-23T02:08:56.584+0100: 286812.567: [GC 286812.567: [DefNew: 18002K->1096K(19136K), 0.0101180 secs] 131571K->114665K(260032K), 0.0102270 secs] [Times: user=0.00 sys=0.00, real=0.01 secs] 
2012-10-23T02:09:50.229+0100: 286866.212: [GC 286866.212: [DefNew: 18120K->433K(19136K), 0.0078640 secs] 131689K->114126K(260032K), 0.0079680 secs] [Times: user=0.01 sys=0.00, real=0.00 secs] 
2012-10-23T02:10:36.267+0100: 286912.250: [GC 286912.250: [DefNew: 17457K->1129K(19136K), 0.0067100 secs] 131150K->114822K(260032K), 0.0068160 secs] [Times: user=0.00 sys=0.00, real=0.01 secs] 
2012-10-23T02:11:26.307+0100: 286962.290: [GC 286962.290: [DefNew: 18147K->974K(19136K), 0.0116200 secs] 131840K->114791K(260032K), 0.0117770 secs] [Times: user=0.01 sys=0.00, real=0.02 secs] 
2012-10-23T02:12:16.163+0100: 287012.146: [GC 287012.146: [DefNew: 17998K->1046K(19136K), 0.0103170 secs] 131815K->114863K(260032K), 0.0104540 secs] [Times: user=0.01 sys=0.00, real=0.01 secs] 
2012-10-23T02:13:10.381+0100: 287066.364: [GC 287066.364: [DefNew: 18070K->444K(19136K), 0.0046690 secs] 131887K->114262K(260032K), 0.0047900 secs] [Times: user=0.00 sys=0.01, real=0.00 secs] 
2012-10-23T02:13:55.317+0100: 287111.300: [GC 287111.300: [DefNew: 17468K->1174K(19136K), 0.0060770 secs] 131286K->114991K(260032K), 0.0061880 secs] [Times: user=0.00 sys=0.00, real=0.01 secs] 
2012-10-23T02:14:46.430+0100: 287162.413: [GC 287162.413: [DefNew: 18198K->1037K(19136K), 0.0068260 secs] 132015K->114929K(260032K), 0.0069280 secs] [Times: user=0.00 sys=0.00, real=0.00 secs] 
2012-10-23T02:15:36.564+0100: 287212.547: [GC 287212.547: [DefNew: 18061K->971K(19136K), 0.0057050 secs] 131953K->114863K(260032K), 0.0058080 secs] [Times: user=0.00 sys=0.00, real=0.01 secs] 
2012-10-23T02:16:25.143+0100: 287261.126: [GC 287261.126: [DefNew: 17995K->539K(19136K), 0.0051300 secs] 131887K->114431K(260032K), 0.0052330 secs] [Times: user=0.01 sys=0.00, real=0.01 secs] 
2012-10-23T02:17:10.524+0100: 287306.507: [GC 287306.507: [DefNew: 17563K->890K(19136K), 0.0055700 secs] 131455K->114782K(260032K), 0.0056740 secs] [Times: user=0.01 sys=0.00, real=0.01 secs] 
2012-10-23T02:18:00.346+0100: 287356.329: [GC 287356.329: [DefNew: 17914K->1180K(19136K), 0.0138630 secs] 131806K->115072K(260032K), 0.0139830 secs] [Times: user=0.00 sys=0.00, real=0.02 secs] 
2012-10-23T02:18:51.411+0100: 287407.394: [GC 287407.394: [DefNew: 18204K->973K(19136K), 0.0099050 secs] 132096K->115125K(260032K), 0.0100290 secs] [Times: user=0.00 sys=0.00, real=0.01 secs] 
2012-10-23T02:19:40.458+0100: 287456.441: [GC 287456.441: [DefNew: 17997K->1043K(19136K), 0.0058840 secs] 132149K->115195K(260032K), 0.0059890 secs] [Times: user=0.00 sys=0.00, real=0.00 secs] 
2012-10-23T02:20:30.294+0100: 287506.277: [GC 287506.277: [DefNew: 18048K->663K(19136K), 0.0063590 secs] 132200K->114815K(260032K), 0.0064700 secs] [Times: user=0.00 sys=0.00, real=0.01 secs] 
2012-10-23T02:21:20.319+0100: 287556.302: [GC 287556.302: [DefNew: 17687K->634K(19136K), 0.0076870 secs] 131839K->114848K(260032K), 0.0077850 secs] [Times: user=0.01 sys=0.00, real=0.00 secs] 
2012-10-23T02:22:10.367+0100: 287606.350: [GC 287606.350: [DefNew: 17648K->507K(19136K), 0.0076060 secs] 131863K->114784K(260032K), 0.0077070 secs] [Times: user=0.01 sys=0.00, real=0.01 secs] 
2012-10-23T02:23:00.675+0100: 287656.658: [GC 287656.658: [DefNew: 17531K->761K(19136K), 0.0053940 secs] 131808K->115037K(260032K), 0.0055150 secs] [Times: user=0.00 sys=0.00, real=0.01 secs] 
2012-10-23T02:23:46.535+0100: 287702.518: [GC 287702.518: [DefNew: 17785K->1179K(19136K), 0.0073930 secs] 132061K->115528K(260032K), 0.0075010 secs] [Times: user=0.01 sys=0.00, real=0.01 secs] 
2012-10-23T02:24:40.434+0100: 287756.417: [GC 287756.417: [DefNew: 18203K->413K(19136K), 0.0059070 secs] 132552K->114919K(260032K), 0.0060020 secs] [Times: user=0.00 sys=0.00, real=0.01 secs] 
2012-10-23T02:25:30.497+0100: 287806.480: [GC 287806.480: [DefNew: 17409K->568K(19136K), 0.0051320 secs] 131915K->115075K(260032K), 0.0052580 secs] [Times: user=0.01 sys=0.00, real=0.01 secs] 
2012-10-23T02:26:16.305+0100: 287852.288: [GC 287852.288: [DefNew: 17592K->1173K(19136K), 0.0139260 secs] 132099K->115709K(260032K), 0.0140460 secs] [Times: user=0.00 sys=0.00, real=0.02 secs] 
2012-10-23T02:27:06.506+0100: 287902.489: [GC 287902.489: [DefNew: 18197K->972K(19136K), 0.0073960 secs] 132733K->115644K(260032K), 0.0075220 secs] [Times: user=0.01 sys=0.00, real=0.01 secs] 
2012-10-23T02:27:56.415+0100: 287952.398: [GC 287952.398: [DefNew: 17995K->1054K(19136K), 0.0071230 secs] 132668K->115726K(260032K), 0.0072330 secs] [Times: user=0.00 sys=0.00, real=0.01 secs] 
2012-10-23T02:28:46.353+0100: 288002.336: [GC 288002.336: [DefNew: 18070K->1132K(19136K), 0.0062720 secs] 132743K->115804K(260032K), 0.0063880 secs] [Times: user=0.00 sys=0.00, real=0.01 secs] 
2012-10-23T02:29:06.197+0100: 288022.180: [GC 288022.180: [DefNew: 18156K->1534K(19136K), 0.0069560 secs] 132828K->116268K(260032K), 0.0070840 secs] [Times: user=0.00 sys=0.00, real=0.00 secs] 
2012-10-23T02:29:50.632+0100: 288066.615: [GC 288066.615: [DefNew: 18547K->468K(19136K), 0.0075130 secs] 133282K->115436K(260032K), 0.0080910 secs] [Times: user=0.02 sys=0.00, real=0.01 secs] 
2012-10-23T02:30:40.281+0100: 288116.264: [GC 288116.264: [DefNew: 17492K->467K(19136K), 0.0078500 secs] 132460K->115435K(260032K), 0.0079510 secs] [Times: user=0.00 sys=0.00, real=0.01 secs] 
2012-10-23T02:31:30.381+0100: 288166.364: [GC 288166.364: [DefNew: 17491K->619K(19136K), 0.0049690 secs] 132459K->115587K(260032K), 0.0050610 secs] [Times: user=0.00 sys=0.00, real=0.00 secs] 
2012-10-23T02:32:16.568+0100: 288212.551: [GC 288212.551: [DefNew: 17643K->1104K(19136K), 0.0058500 secs] 132611K->116073K(260032K), 0.0059500 secs] [Times: user=0.00 sys=0.00, real=0.00 secs] 
2012-10-23T02:33:10.722+0100: 288266.705: [GC 288266.705: [DefNew: 18115K->498K(19136K), 0.0070530 secs] 133083K->115529K(260032K), 0.0071530 secs] [Times: user=0.00 sys=0.00, real=0.01 secs] 
2012-10-23T02:33:55.444+0100: 288311.427: [GC 288311.427: [DefNew: 17522K->1102K(19136K), 0.0058820 secs] 132553K->116132K(260032K), 0.0059900 secs] [Times: user=0.00 sys=0.00, real=0.01 secs] 
2012-10-23T02:34:45.518+0100: 288361.501: [GC 288361.501: [DefNew: 18118K->529K(19136K), 0.0099090 secs] 133149K->115622K(260032K), 0.0100160 secs] [Times: user=0.00 sys=0.00, real=0.01 secs] 
2012-10-23T02:35:35.468+0100: 288411.451: [GC 288411.451: [DefNew: 17543K->498K(19136K), 0.0047050 secs] 132636K->115591K(260032K), 0.0047980 secs] [Times: user=0.00 sys=0.00, real=0.00 secs] 
2012-10-23T02:36:25.155+0100: 288461.138: [GC 288461.138: [DefNew: 17521K->540K(19136K), 0.0050300 secs] 132614K->115633K(260032K), 0.0051330 secs] [Times: user=0.00 sys=0.00, real=0.01 secs] 
2012-10-23T02:37:15.528+0100: 288511.511: [GC 288511.511: [DefNew: 17564K->309K(19136K), 0.0044140 secs] 132657K->115402K(260032K), 0.0045080 secs] [Times: user=0.00 sys=0.00, real=0.00 secs] 
2012-10-23T02:38:01.500+0100: 288557.483: [GC 288557.483: [DefNew: 17333K->1163K(19136K), 0.0060890 secs] 132426K->116256K(260032K), 0.0062080 secs] [Times: user=0.01 sys=0.00, real=0.00 secs] 
2012-10-23T02:38:51.492+0100: 288607.475: [GC 288607.475: [DefNew: 18187K->1074K(19136K), 0.0068410 secs] 133280K->116229K(260032K), 0.0069590 secs] [Times: user=0.00 sys=0.00, real=0.01 secs] 
2012-10-23T02:39:41.434+0100: 288657.417: [GC 288657.417: [DefNew: 18098K->1013K(19136K), 0.0058430 secs] 133253K->116168K(260032K), 0.0059500 secs] [Times: user=0.00 sys=0.00, real=0.01 secs] 
2012-10-23T02:40:30.523+0100: 288706.506: [GC 288706.506: [DefNew: 18037K->339K(19136K), 0.0049590 secs] 133192K->115494K(260032K), 0.0050590 secs] [Times: user=0.01 sys=0.00, real=0.01 secs] 
2012-10-23T02:41:20.490+0100: 288756.473: [GC 288756.473: [DefNew: 17358K->654K(19136K), 0.0050150 secs] 132513K->115809K(260032K), 0.0051170 secs] [Times: user=0.00 sys=0.00, real=0.00 secs] 
2012-10-23T02:42:06.387+0100: 288802.370: [GC 288802.370: [DefNew: 17648K->1070K(19136K), 0.0058520 secs] 132803K->116225K(260032K), 0.0059590 secs] [Times: user=0.01 sys=0.00, real=0.01 secs] 
2012-10-23T02:42:55.745+0100: 288851.728: [GC 288851.728: [DefNew: 18094K->913K(19136K), 0.0058830 secs] 133249K->116068K(260032K), 0.0060040 secs] [Times: user=0.00 sys=0.00, real=0.01 secs] 
2012-10-23T02:43:44.320+0100: 288900.303: [GC 288900.303: [DefNew: 17937K->1040K(19136K), 0.0061740 secs] 133092K->116195K(260032K), 0.0062740 secs] [Times: user=0.01 sys=0.00, real=0.00 secs] 
2012-10-23T02:44:35.557+0100: 288951.540: [GC 288951.540: [DefNew: 18057K->565K(19136K), 0.0047850 secs] 133212K->115720K(260032K), 0.0048870 secs] [Times: user=0.00 sys=0.00, real=0.00 secs] 
2012-10-23T02:45:22.163+0100: 288998.146: [GC 288998.146: [DefNew: 17589K->1153K(19136K), 0.0061800 secs] 132744K->116308K(260032K), 0.0062940 secs] [Times: user=0.01 sys=0.00, real=0.01 secs] 
2012-10-23T02:46:11.429+0100: 289047.412: [GC 289047.412: [DefNew: 18177K->1094K(19136K), 0.0058780 secs] 133332K->116250K(260032K), 0.0059790 secs] [Times: user=0.00 sys=0.00, real=0.00 secs] 
2012-10-23T02:47:00.550+0100: 289096.533: [GC 289096.533: [DefNew: 18118K->818K(19136K), 0.0090860 secs] 133274K->116097K(260032K), 0.0091920 secs] [Times: user=0.01 sys=0.00, real=0.01 secs] 
2012-10-23T02:47:50.461+0100: 289146.444: [GC 289146.444: [DefNew: 17842K->1004K(19136K), 0.0059810 secs] 133121K->116284K(260032K), 0.0060850 secs] [Times: user=0.01 sys=0.00, real=0.01 secs] 
2012-10-23T02:48:40.724+0100: 289196.707: [GC 289196.707: [DefNew: 18028K->1034K(19136K), 0.0059160 secs] 133308K->116313K(260032K), 0.0060170 secs] [Times: user=0.01 sys=0.00, real=0.01 secs] 
2012-10-23T02:49:30.657+0100: 289246.640: [GC 289246.640: [DefNew: 18058K->499K(19136K), 0.0056240 secs] 133337K->115841K(260032K), 0.0057240 secs] [Times: user=0.00 sys=0.01, real=0.01 secs] 
2012-10-23T02:50:16.586+0100: 289292.569: [GC 289292.569: [DefNew: 17523K->1067K(19136K), 0.0059840 secs] 132865K->116409K(260032K), 0.0060890 secs] [Times: user=0.00 sys=0.00, real=0.01 secs] 
2012-10-23T02:51:06.566+0100: 289342.549: [GC 289342.549: [DefNew: 18091K->1039K(19136K), 0.0080870 secs] 133433K->116505K(260032K), 0.0081910 secs] [Times: user=0.01 sys=0.00, real=0.01 secs] 
2012-10-23T02:51:55.622+0100: 289391.605: [GC 289391.605: [DefNew: 18063K->1014K(19136K), 0.0095120 secs] 133529K->116480K(260032K), 0.0096390 secs] [Times: user=0.00 sys=0.00, real=0.01 secs] 
2012-10-23T02:52:46.599+0100: 289442.582: [GC 289442.582: [DefNew: 18038K->1264K(19136K), 0.0062770 secs] 133504K->116730K(260032K), 0.0064060 secs] [Times: user=0.00 sys=0.00, real=0.00 secs] 
2012-10-23T02:53:40.570+0100: 289496.553: [GC 289496.553: [DefNew: 18284K->440K(19136K), 0.0221510 secs] 133751K->116104K(260032K), 0.0222660 secs] [Times: user=0.01 sys=0.00, real=0.02 secs] 
2012-10-23T02:54:26.681+0100: 289542.664: [GC 289542.664: [DefNew: 17464K->1106K(19136K), 0.0059320 secs] 133128K->116771K(260032K), 0.0060370 secs] [Times: user=0.01 sys=0.00, real=0.00 secs] 
2012-10-23T02:55:16.588+0100: 289592.571: [GC 289592.571: [DefNew: 18116K->1003K(19136K), 0.0089080 secs] 133780K->116730K(260032K), 0.0090240 secs] [Times: user=0.00 sys=0.00, real=0.00 secs] 
2012-10-23T02:56:05.557+0100: 289641.540: [GC 289641.540: [DefNew: 18024K->956K(19136K), 0.0057250 secs] 133750K->116683K(260032K), 0.0058260 secs] [Times: user=0.01 sys=0.00, real=0.01 secs] 
2012-10-23T02:56:54.598+0100: 289690.581: [GC 289690.581: [DefNew: 17980K->916K(19136K), 0.0055490 secs] 133707K->116643K(260032K), 0.0056420 secs] [Times: user=0.01 sys=0.00, real=0.00 secs] 
2012-10-23T02:57:45.550+0100: 289741.533: [GC 289741.533: [DefNew: 17940K->528K(19136K), 0.0081270 secs] 133667K->116255K(260032K), 0.0082430 secs] [Times: user=0.00 sys=0.00, real=0.01 secs] 
2012-10-23T02:58:35.685+0100: 289791.668: [GC 289791.668: [DefNew: 17532K->656K(19136K), 0.0050010 secs] 133259K->116383K(260032K), 0.0050960 secs] [Times: user=0.01 sys=0.00, real=0.01 secs] 
2012-10-23T02:59:21.656+0100: 289837.639: [GC 289837.639: [DefNew: 17680K->1098K(19136K), 0.0068210 secs] 133407K->116886K(260032K), 0.0069300 secs] [Times: user=0.01 sys=0.00, real=0.01 secs] 
2012-10-23T03:00:10.918+0100: 289886.901: [GC 289886.901: [DefNew: 18122K->906K(19136K), 0.0068120 secs] 133910K->116819K(260032K), 0.0069140 secs] [Times: user=0.01 sys=0.00, real=0.00 secs] 
2012-10-23T03:01:00.784+0100: 289936.767: [GC 289936.767: [DefNew: 17930K->1012K(19136K), 0.0058250 secs] 133843K->116925K(260032K), 0.0059260 secs] [Times: user=0.00 sys=0.00, real=0.01 secs] 
2012-10-23T03:01:50.646+0100: 289986.629: [GC 289986.629: [DefNew: 18033K->882K(19136K), 0.0055190 secs] 133946K->116795K(260032K), 0.0056170 secs] [Times: user=0.00 sys=0.00, real=0.01 secs] 
2012-10-23T03:02:40.778+0100: 290036.761: [GC 290036.761: [DefNew: 17906K->906K(19136K), 0.0055520 secs] 133819K->116819K(260032K), 0.0056490 secs] [Times: user=0.00 sys=0.00, real=0.00 secs] 
2012-10-23T03:03:30.666+0100: 290086.649: [GC 290086.649: [DefNew: 17911K->938K(19136K), 0.0055790 secs] 133824K->116851K(260032K), 0.0056770 secs] [Times: user=0.00 sys=0.00, real=0.01 secs] 
2012-10-23T03:04:21.051+0100: 290137.034: [GC 290137.034: [DefNew: 17962K->755K(19136K), 0.0057830 secs] 133875K->116730K(260032K), 0.0058880 secs] [Times: user=0.00 sys=0.00, real=0.00 secs] 
2012-10-23T03:05:10.608+0100: 290186.591: [GC 290186.591: [DefNew: 17769K->781K(19136K), 0.0051850 secs] 133744K->116756K(260032K), 0.0052830 secs] [Times: user=0.00 sys=0.00, real=0.00 secs] 
2012-10-23T03:06:00.643+0100: 290236.626: [GC 290236.626: [DefNew: 17805K->1037K(19136K), 0.0073400 secs] 133780K->117012K(260032K), 0.0074520 secs] [Times: user=0.00 sys=0.00, real=0.01 secs] 
2012-10-23T03:06:50.646+0100: 290286.629: [GC 290286.629: [DefNew: 18061K->1094K(19136K), 0.0099930 secs] 134036K->117131K(260032K), 0.0101420 secs] [Times: user=0.01 sys=0.00, real=0.01 secs] 
2012-10-23T03:07:41.974+0100: 290337.956: [GC 290337.957: [DefNew: 18104K->1033K(19136K), 0.0044950 secs] 134141K->117132K(260032K), 0.0045840 secs] [Times: user=0.00 sys=0.00, real=0.01 secs] 
2012-10-23T03:08:35.668+0100: 290391.651: [GC 290391.651: [DefNew: 18057K->588K(19136K), 0.0048760 secs] 134156K->116687K(260032K), 0.0049710 secs] [Times: user=0.00 sys=0.00, real=0.00 secs] 
2012-10-23T03:09:21.887+0100: 290437.869: [GC 290437.870: [DefNew: 17612K->1106K(19136K), 0.0065760 secs] 133711K->117205K(260032K), 0.0066800 secs] [Times: user=0.00 sys=0.00, real=0.01 secs] 
2012-10-23T03:10:10.811+0100: 290486.794: [GC 290486.794: [DefNew: 18130K->1063K(19136K), 0.0057120 secs] 134229K->117162K(260032K), 0.0058200 secs] [Times: user=0.00 sys=0.00, real=0.00 secs] 
2012-10-23T03:11:01.025+0100: 290537.008: [GC 290537.008: [DefNew: 18087K->1001K(19136K), 0.0067370 secs] 134186K->117162K(260032K), 0.0069290 secs] [Times: user=0.00 sys=0.00, real=0.01 secs] 
2012-10-23T03:11:50.655+0100: 290586.638: [GC 290586.638: [DefNew: 18025K->723K(19136K), 0.0062420 secs] 134186K->116946K(260032K), 0.0063430 secs] [Times: user=0.01 sys=0.00, real=0.01 secs] 
2012-10-23T03:12:40.886+0100: 290636.868: [GC 290636.869: [DefNew: 17747K->899K(19136K), 0.0056900 secs] 133970K->117122K(260032K), 0.0057920 secs] [Times: user=0.01 sys=0.00, real=0.01 secs] 
2012-10-23T03:13:30.913+0100: 290686.896: [GC 290686.896: [DefNew: 17894K->506K(19136K), 0.0048170 secs] 134117K->116730K(260032K), 0.0049100 secs] [Times: user=0.00 sys=0.00, real=0.01 secs] 
2012-10-23T03:14:16.996+0100: 290732.979: [GC 290732.979: [DefNew: 17527K->1139K(19136K), 0.0059920 secs] 133751K->117363K(260032K), 0.0060940 secs] [Times: user=0.01 sys=0.00, real=0.01 secs] 
2012-10-23T03:15:06.682+0100: 290782.665: [GC 290782.665: [DefNew: 18140K->969K(19136K), 0.0138930 secs] 134363K->117266K(260032K), 0.0140230 secs] [Times: user=0.00 sys=0.00, real=0.01 secs] 
2012-10-23T03:15:55.721+0100: 290831.704: [GC 290831.704: [DefNew: 17993K->1108K(19136K), 0.0062170 secs] 134290K->117405K(260032K), 0.0063330 secs] [Times: user=0.01 sys=0.00, real=0.01 secs] 
2012-10-23T03:16:45.734+0100: 290881.717: [GC 290881.717: [DefNew: 18132K->1087K(19136K), 0.0069000 secs] 134429K->117384K(260032K), 0.0070030 secs] [Times: user=0.01 sys=0.00, real=0.01 secs] 
2012-10-23T03:17:36.725+0100: 290932.707: [GC 290932.708: [DefNew: 18111K->1074K(19136K), 0.0063450 secs] 134408K->117372K(260032K), 0.0064550 secs] [Times: user=0.00 sys=0.00, real=0.01 secs] 
2012-10-23T03:18:26.887+0100: 290982.869: [GC 290982.870: [DefNew: 18098K->1227K(19136K), 0.0061540 secs] 134396K->117525K(260032K), 0.0062540 secs] [Times: user=0.00 sys=0.00, real=0.01 secs] 
2012-10-23T03:19:15.784+0100: 291031.767: [GC 291031.767: [DefNew: 18250K->695K(19136K), 0.0110470 secs] 134548K->117441K(260032K), 0.0112080 secs] [Times: user=0.01 sys=0.00, real=0.01 secs] 
2012-10-23T03:20:05.785+0100: 291081.768: [GC 291081.768: [DefNew: 17719K->670K(19136K), 0.0053300 secs] 134465K->117416K(260032K), 0.0054550 secs] [Times: user=0.01 sys=0.00, real=0.01 secs] 
2012-10-23T03:20:54.429+0100: 291130.412: [GC 291130.412: [DefNew: 17694K->1012K(19136K), 0.0057310 secs] 134440K->117758K(260032K), 0.0058320 secs] [Times: user=0.00 sys=0.00, real=0.00 secs] 
2012-10-23T03:21:41.862+0100: 291177.845: [GC 291177.845: [DefNew: 18036K->1109K(19136K), 0.0060520 secs] 134782K->117854K(260032K), 0.0061540 secs] [Times: user=0.01 sys=0.00, real=0.01 secs] 
2012-10-23T03:22:35.790+0100: 291231.773: [GC 291231.773: [DefNew: 18123K->539K(19136K), 0.0056500 secs] 134868K->117346K(260032K), 0.0057500 secs] [Times: user=0.00 sys=0.00, real=0.00 secs] 
2012-10-23T03:23:25.721+0100: 291281.704: [GC 291281.704: [DefNew: 17563K->704K(19136K), 0.0064500 secs] 134370K->117512K(260032K), 0.0065520 secs] [Times: user=0.02 sys=0.00, real=0.01 secs] 
2012-10-23T03:24:11.040+0100: 291327.022: [GC 291327.023: [DefNew: 17728K->1135K(19136K), 0.0067160 secs] 134536K->118016K(260032K), 0.0068190 secs] [Times: user=0.00 sys=0.00, real=0.00 secs] 
2012-10-23T03:24:58.808+0100: 291374.791: [GC 291374.791: [DefNew: 18159K->1171K(19136K), 0.0071980 secs] 135040K->118120K(260032K), 0.0073140 secs] [Times: user=0.01 sys=0.00, real=0.00 secs] 
2012-10-23T03:25:47.664+0100: 291423.647: [GC 291423.647: [DefNew: 18195K->1037K(19136K), 0.0076560 secs] 135144K->118178K(260032K), 0.0077660 secs] [Times: user=0.00 sys=0.00, real=0.01 secs] 
2012-10-23T03:26:35.928+0100: 291471.911: [GC 291471.911: [DefNew: 18061K->847K(19136K), 0.0060530 secs] 135202K->117988K(260032K), 0.0061600 secs] [Times: user=0.00 sys=0.00, real=0.00 secs] 
2012-10-23T03:27:25.776+0100: 291521.759: [GC 291521.759: [DefNew: 17855K->657K(19136K), 0.0058890 secs] 134996K->117798K(260032K), 0.0060190 secs] [Times: user=0.01 sys=0.00, real=0.01 secs] 
2012-10-23T03:28:15.951+0100: 291571.934: [GC 291571.934: [DefNew: 17662K->749K(19136K), 0.0066930 secs] 134803K->117953K(260032K), 0.0067990 secs] [Times: user=0.00 sys=0.00, real=0.01 secs] 
2012-10-23T03:28:58.467+0100: 291614.450: [GC 291614.450: [DefNew: 17766K->645K(19136K), 0.0061170 secs] 134970K->117910K(260032K), 0.0062190 secs] [Times: user=0.01 sys=0.00, real=0.01 secs] 
2012-10-23T03:29:35.840+0100: 291651.823: [GC 291651.823: [DefNew: 17669K->727K(19136K), 0.0056850 secs] 134934K->117993K(260032K), 0.0057930 secs] [Times: user=0.00 sys=0.00, real=0.00 secs] 
2012-10-23T03:30:25.842+0100: 291701.825: [GC 291701.825: [DefNew: 17751K->752K(19136K), 0.0058050 secs] 135017K->118018K(260032K), 0.0065970 secs] [Times: user=0.00 sys=0.00, real=0.01 secs] 
2012-10-23T03:31:15.786+0100: 291751.769: [GC 291751.769: [DefNew: 17776K->501K(19136K), 0.0080750 secs] 135042K->117829K(260032K), 0.0082030 secs] [Times: user=0.01 sys=0.00, real=0.01 secs] 
2012-10-23T03:32:00.850+0100: 291796.833: [GC 291796.833: [DefNew: 17525K->1170K(19136K), 0.0067910 secs] 134853K->118500K(260032K), 0.0068960 secs] [Times: user=0.00 sys=0.00, real=0.00 secs] 
2012-10-23T03:32:52.097+0100: 291848.080: [GC 291848.080: [DefNew: 18194K->1035K(19136K), 0.0159540 secs] 135524K->118552K(260032K), 0.0160810 secs] [Times: user=0.01 sys=0.00, real=0.01 secs] 
2012-10-23T03:33:44.074+0100: 291900.057: [GC 291900.057: [DefNew: 18045K->310K(19136K), 0.0047490 secs] 135562K->117827K(260032K), 0.0048470 secs] [Times: user=0.01 sys=0.00, real=0.01 secs] 
2012-10-23T03:34:30.800+0100: 291946.782: [GC 291946.783: [DefNew: 17334K->946K(19136K), 0.0064440 secs] 134851K->118464K(260032K), 0.0065490 secs] [Times: user=0.00 sys=0.00, real=0.00 secs] 
2012-10-23T03:35:20.842+0100: 291996.825: [GC 291996.825: [DefNew: 17970K->876K(19136K), 0.0064400 secs] 135488K->118456K(260032K), 0.0065660 secs] [Times: user=0.00 sys=0.00, real=0.01 secs] 
2012-10-23T03:36:10.807+0100: 292046.790: [GC 292046.790: [DefNew: 17900K->821K(19136K), 0.0039560 secs] 135480K->118401K(260032K), 0.0040670 secs] [Times: user=0.00 sys=0.00, real=0.01 secs] 
2012-10-23T03:37:00.856+0100: 292096.839: [GC 292096.839: [DefNew: 17845K->969K(19136K), 0.0066830 secs] 135425K->118610K(260032K), 0.0068150 secs] [Times: user=0.01 sys=0.00, real=0.01 secs] 
2012-10-23T03:37:50.805+0100: 292146.788: [GC 292146.788: [DefNew: 17993K->847K(19136K), 0.0055730 secs] 135634K->118488K(260032K), 0.0056760 secs] [Times: user=0.00 sys=0.00, real=0.01 secs] 
2012-10-23T03:38:42.141+0100: 292198.124: [GC 292198.124: [DefNew: 17849K->1097K(19136K), 0.0066880 secs] 135491K->118739K(260032K), 0.0068090 secs] [Times: user=0.01 sys=0.00, real=0.01 secs] 
2012-10-23T03:39:31.095+0100: 292247.077: [GC 292247.078: [DefNew: 18121K->856K(19136K), 0.0102170 secs] 135763K->118560K(260032K), 0.0103420 secs] [Times: user=0.01 sys=0.00, real=0.01 secs] 
2012-10-23T03:40:20.845+0100: 292296.827: [GC 292296.828: [DefNew: 17860K->781K(19136K), 0.0054110 secs] 135563K->118484K(260032K), 0.0055080 secs] [Times: user=0.01 sys=0.00, real=0.01 secs] 
2012-10-23T03:41:05.975+0100: 292341.958: [GC 292341.958: [DefNew: 17805K->1165K(19136K), 0.0179400 secs] 135508K->118992K(260032K), 0.0180480 secs] [Times: user=0.01 sys=0.00, real=0.02 secs] 
2012-10-23T03:41:54.739+0100: 292390.722: [GC 292390.722: [DefNew: 18189K->471K(19136K), 0.0060970 secs] 136016K->118362K(260032K), 0.0061920 secs] [Times: user=0.00 sys=0.00, real=0.00 secs] 
2012-10-23T03:42:45.926+0100: 292441.909: [GC 292441.909: [DefNew: 17495K->339K(19136K), 0.0060530 secs] 135386K->118229K(260032K), 0.0061520 secs] [Times: user=0.01 sys=0.00, real=0.01 secs] 
2012-10-23T03:43:36.018+0100: 292492.001: [GC 292492.001: [DefNew: 17347K->370K(19136K), 0.0034550 secs] 135237K->118260K(260032K), 0.0035710 secs] [Times: user=0.00 sys=0.00, real=0.00 secs] 
2012-10-23T03:44:20.974+0100: 292536.957: [GC 292536.957: [DefNew: 17394K->1035K(19136K), 0.0040400 secs] 135284K->118925K(260032K), 0.0041150 secs] [Times: user=0.00 sys=0.00, real=0.01 secs] 
2012-10-23T03:45:10.935+0100: 292586.918: [GC 292586.918: [DefNew: 18059K->1008K(19136K), 0.0065860 secs] 135949K->118899K(260032K), 0.0067180 secs] [Times: user=0.01 sys=0.00, real=0.01 secs] 
2012-10-23T03:46:01.247+0100: 292637.230: [GC 292637.230: [DefNew: 18032K->469K(19136K), 0.0047220 secs] 135923K->118360K(260032K), 0.0048220 secs] [Times: user=0.00 sys=0.00, real=0.01 secs] 
2012-10-23T03:46:51.054+0100: 292687.037: [GC 292687.037: [DefNew: 17490K->465K(19136K), 0.0046670 secs] 135381K->118356K(260032K), 0.0047640 secs] [Times: user=0.01 sys=0.00, real=0.01 secs] 
2012-10-23T03:47:37.572+0100: 292733.554: [GC 292733.555: [DefNew: 17489K->1152K(19136K), 0.0058730 secs] 135380K->119043K(260032K), 0.0059780 secs] [Times: user=0.01 sys=0.00, real=0.01 secs] 
2012-10-23T03:48:31.102+0100: 292787.085: [GC 292787.085: [DefNew: 18176K->627K(19136K), 0.0060450 secs] 136067K->118580K(260032K), 0.0061550 secs] [Times: user=0.01 sys=0.00, real=0.01 secs] 
2012-10-23T03:49:17.111+0100: 292833.094: [GC 292833.094: [DefNew: 17651K->1099K(19136K), 0.0062130 secs] 135604K->119052K(260032K), 0.0063850 secs] [Times: user=0.01 sys=0.00, real=0.01 secs] 
2012-10-23T03:50:07.097+0100: 292883.080: [GC 292883.080: [DefNew: 18123K->975K(19136K), 0.0071130 secs] 136076K->119052K(260032K), 0.0072160 secs] [Times: user=0.01 sys=0.00, real=0.01 secs] 
2012-10-23T03:50:57.048+0100: 292933.031: [GC 292933.031: [DefNew: 17999K->1138K(19136K), 0.0061540 secs] 136076K->119215K(260032K), 0.0062680 secs] [Times: user=0.00 sys=0.01, real=0.00 secs] 
2012-10-23T03:51:47.079+0100: 292983.062: [GC 292983.062: [DefNew: 18146K->1046K(19136K), 0.0084250 secs] 136223K->119247K(260032K), 0.0108350 secs] [Times: user=0.01 sys=0.00, real=0.01 secs] 
2012-10-23T03:52:37.094+0100: 293033.077: [GC 293033.077: [DefNew: 18062K->1139K(19136K), 0.0059420 secs] 136263K->119340K(260032K), 0.0075790 secs] [Times: user=0.01 sys=0.00, real=0.01 secs] 
2012-10-23T03:53:26.011+0100: 293081.994: [GC 293081.994: [DefNew: 18138K->792K(19136K), 0.0059850 secs] 136339K->119026K(260032K), 0.0060940 secs] [Times: user=0.01 sys=0.00, real=0.01 secs] 
2012-10-23T03:54:12.113+0100: 293128.096: [GC 293128.096: [DefNew: 17816K->1176K(19136K), 0.0060800 secs] 136050K->119410K(260032K), 0.0061770 secs] [Times: user=0.01 sys=0.00, real=0.01 secs] 
2012-10-23T03:55:02.679+0100: 293178.662: [GC 293178.662: [DefNew: 18200K->1100K(19136K), 0.0071200 secs] 136434K->119470K(260032K), 0.0072190 secs] [Times: user=0.01 sys=0.00, real=0.00 secs] 
2012-10-23T03:55:54.792+0100: 293230.775: [GC 293230.775: [DefNew: 18124K->597K(19136K), 0.0053980 secs] 136494K->119030K(260032K), 0.0054950 secs] [Times: user=0.01 sys=0.00, real=0.01 secs] 
2012-10-23T03:56:42.081+0100: 293278.064: [GC 293278.064: [DefNew: 17621K->1129K(19136K), 0.0068230 secs] 136054K->119561K(260032K), 0.0069470 secs] [Times: user=0.00 sys=0.00, real=0.01 secs] 
2012-10-23T03:57:36.237+0100: 293332.219: [GC 293332.220: [DefNew: 18150K->528K(19136K), 0.0061060 secs] 136582K->119084K(260032K), 0.0062110 secs] [Times: user=0.00 sys=0.00, real=0.01 secs] 
2012-10-23T03:58:26.019+0100: 293382.002: [GC 293382.002: [DefNew: 17522K->846K(19136K), 0.0100440 secs] 136079K->119402K(260032K), 0.0101540 secs] [Times: user=0.01 sys=0.00, real=0.01 secs] 
2012-10-23T03:59:12.150+0100: 293428.133: [GC 293428.133: [DefNew: 17870K->1167K(19136K), 0.0062580 secs] 136426K->119723K(260032K), 0.0063620 secs] [Times: user=0.00 sys=0.00, real=0.00 secs] 
2012-10-23T04:00:02.886+0100: 293478.869: [GC 293478.869: [DefNew: 18191K->1167K(19136K), 0.0069340 secs] 136747K->119848K(260032K), 0.0070560 secs] [Times: user=0.01 sys=0.00, real=0.01 secs] 
2012-10-23T04:00:54.376+0100: 293530.359: [GC 293530.359: [DefNew: 18179K->565K(19136K), 0.0060540 secs] 136860K->119370K(260032K), 0.0061540 secs] [Times: user=0.01 sys=0.00, real=0.01 secs] 
2012-10-23T04:01:42.082+0100: 293578.065: [GC 293578.065: [DefNew: 17589K->912K(19136K), 0.0060080 secs] 136394K->119717K(260032K), 0.0061070 secs] [Times: user=0.00 sys=0.00, real=0.01 secs] 
2012-10-23T04:02:36.042+0100: 293632.025: [GC 293632.025: [DefNew: 17911K->342K(19136K), 0.0043800 secs] 136716K->119147K(260032K), 0.0044780 secs] [Times: user=0.00 sys=0.00, real=0.00 secs] 
2012-10-23T04:03:26.043+0100: 293682.026: [GC 293682.026: [DefNew: 17363K->341K(19136K), 0.0047670 secs] 136168K->119208K(260032K), 0.0048660 secs] [Times: user=0.01 sys=0.00, real=0.01 secs] 
2012-10-23T04:04:12.206+0100: 293728.189: [GC 293728.189: [DefNew: 17365K->1160K(19136K), 0.0061010 secs] 136232K->120027K(260032K), 0.0062080 secs] [Times: user=0.01 sys=0.00, real=0.01 secs] 
2012-10-23T04:05:01.192+0100: 293777.175: [GC 293777.175: [DefNew: 18184K->856K(19136K), 0.0056040 secs] 137051K->119724K(260032K), 0.0057010 secs] [Times: user=0.00 sys=0.00, real=0.01 secs] 
2012-10-23T04:05:50.901+0100: 293826.884: [GC 293826.884: [DefNew: 17875K->716K(19136K), 0.0051760 secs] 136742K->119583K(260032K), 0.0052740 secs] [Times: user=0.00 sys=0.00, real=0.00 secs] 
2012-10-23T04:06:37.158+0100: 293873.141: [GC 293873.141: [DefNew: 17715K->1127K(19136K), 0.0041450 secs] 136582K->119994K(260032K), 0.0042610 secs] [Times: user=0.00 sys=0.00, real=0.00 secs] 
2012-10-23T04:07:27.097+0100: 293923.080: [GC 293923.080: [DefNew: 18151K->1105K(19136K), 0.0061750 secs] 137018K->120034K(260032K), 0.0062800 secs] [Times: user=0.01 sys=0.00, real=0.01 secs] 
2012-10-23T04:08:17.170+0100: 293973.153: [GC 293973.153: [DefNew: 18129K->1007K(19136K), 0.0072090 secs] 137058K->119998K(260032K), 0.0073800 secs] [Times: user=0.01 sys=0.00, real=0.01 secs] 
2012-10-23T04:09:06.223+0100: 294022.206: [GC 294022.206: [DefNew: 18007K->624K(19136K), 0.0070620 secs] 136998K->119615K(260032K), 0.0078480 secs] [Times: user=0.00 sys=0.01, real=0.01 secs] 
2012-10-23T04:09:56.298+0100: 294072.281: [GC 294072.281: [DefNew: 17648K->719K(19136K), 0.0061280 secs] 136639K->119772K(260032K), 0.0067750 secs] [Times: user=0.00 sys=0.00, real=0.00 secs] 
2012-10-23T04:10:46.151+0100: 294122.134: [GC 294122.134: [DefNew: 17741K->722K(19136K), 0.0052710 secs] 136794K->119776K(260032K), 0.0053710 secs] [Times: user=0.00 sys=0.00, real=0.00 secs] 
2012-10-23T04:11:32.422+0100: 294168.405: [GC 294168.405: [DefNew: 17746K->1093K(19136K), 0.0065620 secs] 136800K->120147K(260032K), 0.0068170 secs] [Times: user=0.01 sys=0.00, real=0.01 secs] 
2012-10-23T04:12:22.303+0100: 294218.286: [GC 294218.286: [DefNew: 18117K->1233K(19136K), 0.0062880 secs] 137171K->120287K(260032K), 0.0063960 secs] [Times: user=0.01 sys=0.00, real=0.01 secs] 
2012-10-23T04:13:12.182+0100: 294268.164: [GC 294268.165: [DefNew: 18257K->729K(19136K), 0.0070370 secs] 137311K->120230K(260032K), 0.0071460 secs] [Times: user=0.00 sys=0.00, real=0.01 secs] 
2012-10-23T04:14:02.248+0100: 294318.231: [GC 294318.231: [DefNew: 17753K->974K(19136K), 0.0103880 secs] 137254K->120476K(260032K), 0.0105120 secs] [Times: user=0.00 sys=0.00, real=0.01 secs] 
2012-10-23T04:14:51.134+0100: 294367.117: [GC 294367.117: [DefNew: 17998K->966K(19136K), 0.0061970 secs] 137500K->120467K(260032K), 0.0062950 secs] [Times: user=0.01 sys=0.00, real=0.01 secs] 
2012-10-23T04:15:41.299+0100: 294417.281: [GC 294417.282: [DefNew: 17990K->878K(19136K), 0.0053440 secs] 137491K->120379K(260032K), 0.0054440 secs] [Times: user=0.00 sys=0.00, real=0.00 secs] 
2012-10-23T04:16:26.185+0100: 294462.168: [GC 294462.168: [DefNew: 17902K->1232K(19136K), 0.0063720 secs] 137403K->120734K(260032K), 0.0064720 secs] [Times: user=0.00 sys=0.00, real=0.01 secs] 
2012-10-23T04:17:16.307+0100: 294512.290: [GC 294512.290: [DefNew: 18230K->341K(19136K), 0.0059960 secs] 137732K->120322K(260032K), 0.0062310 secs] [Times: user=0.00 sys=0.01, real=0.01 secs] 
2012-10-23T04:18:06.239+0100: 294562.222: [GC 294562.222: [DefNew: 17365K->694K(19136K), 0.0051980 secs] 137346K->120675K(260032K), 0.0052940 secs] [Times: user=0.00 sys=0.00, real=0.00 secs] 
2012-10-23T04:18:54.361+0100: 294610.344: [GC 294610.344: [DefNew: 17718K->951K(19136K), 0.0054890 secs] 137699K->120932K(260032K), 0.0055890 secs] [Times: user=0.00 sys=0.00, real=0.00 secs] 
2012-10-23T04:19:46.314+0100: 294662.297: [GC 294662.297: [DefNew: 17944K->717K(19136K), 0.0051010 secs] 137925K->120698K(260032K), 0.0053430 secs] [Times: user=0.01 sys=0.00, real=0.01 secs] 
2012-10-23T04:20:36.548+0100: 294712.531: [GC 294712.531: [DefNew: 17723K->433K(19136K), 0.0064330 secs] 137704K->120415K(260032K), 0.0065260 secs] [Times: user=0.00 sys=0.00, real=0.00 secs] 
2012-10-23T04:21:22.247+0100: 294758.230: [GC 294758.230: [DefNew: 17457K->1234K(19136K), 0.0101490 secs] 137439K->121216K(260032K), 0.0102560 secs] [Times: user=0.00 sys=0.00, real=0.01 secs] 
2012-10-23T04:22:12.606+0100: 294808.589: [GC 294808.589: [DefNew: 18258K->1112K(19136K), 0.0062930 secs] 138240K->121157K(260032K), 0.0063910 secs] [Times: user=0.00 sys=0.00, real=0.01 secs] 
2012-10-23T04:23:06.510+0100: 294862.492: [GC 294862.493: [DefNew: 18108K->656K(19136K), 0.0043650 secs] 138153K->120899K(260032K), 0.0044480 secs] [Times: user=0.00 sys=0.00, real=0.00 secs] 
2012-10-23T04:23:52.330+0100: 294908.313: [GC 294908.313: [DefNew: 17680K->1271K(19136K), 0.0063400 secs] 137923K->121514K(260032K), 0.0064380 secs] [Times: user=0.00 sys=0.01, real=0.00 secs] 
2012-10-23T04:24:42.328+0100: 294958.311: [GC 294958.311: [DefNew: 18295K->755K(19136K), 0.0107260 secs] 138538K->121508K(260032K), 0.0108380 secs] [Times: user=0.00 sys=0.01, real=0.01 secs] 
2012-10-23T04:25:36.246+0100: 295012.229: [GC 295012.229: [DefNew: 17769K->91K(19136K), 0.0042540 secs] 138522K->120845K(260032K), 0.0043520 secs] [Times: user=0.01 sys=0.00, real=0.01 secs] 
2012-10-23T04:26:22.382+0100: 295058.365: [GC 295058.365: [DefNew: 17115K->954K(19136K), 0.0061460 secs] 137869K->121707K(260032K), 0.0062490 secs] [Times: user=0.02 sys=0.00, real=0.01 secs] 
2012-10-23T04:27:11.219+0100: 295107.202: [GC 295107.202: [DefNew: 17978K->878K(19136K), 0.0063760 secs] 138731K->121631K(260032K), 0.0064870 secs] [Times: user=0.00 sys=0.00, real=0.00 secs] 
2012-10-23T04:28:02.421+0100: 295158.404: [GC 295158.404: [DefNew: 17902K->1286K(19136K), 0.0112110 secs] 138655K->122039K(260032K), 0.0113490 secs] [Times: user=0.01 sys=0.00, real=0.01 secs] 
2012-10-23T04:28:52.391+0100: 295208.374: [GC 295208.374: [DefNew: 18310K->816K(19136K), 0.0059400 secs] 139063K->121757K(260032K), 0.0060520 secs] [Times: user=0.00 sys=0.00, real=0.00 secs] 
2012-10-23T04:29:22.373+0100: 295238.356: [GC 295238.356: [DefNew: 17840K->1004K(19136K), 0.0103730 secs] 138781K->121945K(260032K), 0.0105090 secs] [Times: user=0.00 sys=0.00, real=0.01 secs] 
2012-10-23T04:30:11.454+0100: 295287.437: [GC 295287.437: [DefNew: 18028K->968K(19136K), 0.0058690 secs] 138969K->121909K(260032K), 0.0059750 secs] [Times: user=0.00 sys=0.00, real=0.01 secs] 
2012-10-23T04:31:02.410+0100: 295338.393: [GC 295338.394: [DefNew: 17980K->974K(19136K), 0.0056550 secs] 138921K->121915K(260032K), 0.0057580 secs] [Times: user=0.00 sys=0.00, real=0.00 secs] 
2012-10-23T04:31:52.563+0100: 295388.546: [GC 295388.546: [DefNew: 17998K->1287K(19136K), 0.0107940 secs] 138939K->122228K(260032K), 0.0109270 secs] [Times: user=0.01 sys=0.00, real=0.01 secs] 
2012-10-23T04:32:42.351+0100: 295438.334: [GC 295438.334: [DefNew: 18293K->1005K(19136K), 0.0069070 secs] 139234K->122073K(260032K), 0.0070080 secs] [Times: user=0.01 sys=0.00, real=0.01 secs] 
2012-10-23T04:33:32.578+0100: 295488.561: [GC 295488.561: [DefNew: 18029K->948K(19136K), 0.0089670 secs] 139097K->122016K(260032K), 0.0107450 secs] [Times: user=0.01 sys=0.00, real=0.01 secs] 
2012-10-23T04:34:22.674+0100: 295538.657: [GC 295538.657: [DefNew: 17972K->973K(19136K), 0.0058430 secs] 139040K->122041K(260032K), 0.0059520 secs] [Times: user=0.00 sys=0.00, real=0.01 secs] 
2012-10-23T04:35:12.806+0100: 295588.789: [GC 295588.789: [DefNew: 17985K->907K(19136K), 0.0062430 secs] 139053K->122037K(260032K), 0.0063500 secs] [Times: user=0.00 sys=0.00, real=0.01 secs] 
2012-10-23T04:36:02.406+0100: 295638.389: [GC 295638.389: [DefNew: 17902K->1001K(19136K), 0.0057680 secs] 139032K->122193K(260032K), 0.0058670 secs] [Times: user=0.00 sys=0.00, real=0.01 secs] 
2012-10-23T04:36:52.379+0100: 295688.362: [GC 295688.362: [DefNew: 18025K->1097K(19136K), 0.0061870 secs] 139217K->122351K(260032K), 0.0062930 secs] [Times: user=0.01 sys=0.00, real=0.00 secs] 
2012-10-23T04:37:42.950+0100: 295738.932: [GC 295738.933: [DefNew: 18121K->1030K(19136K), 0.0060420 secs] 139375K->122379K(260032K), 0.0061430 secs] [Times: user=0.01 sys=0.00, real=0.00 secs] 
2012-10-23T04:38:36.236+0100: 295792.219: [GC 295792.219: [DefNew: 18037K->591K(19136K), 0.0055960 secs] 139386K->121969K(260032K), 0.0056920 secs] [Times: user=0.00 sys=0.00, real=0.01 secs] 
2012-10-23T04:39:21.670+0100: 295837.652: [GC 295837.653: [DefNew: 17615K->907K(19136K), 0.0054420 secs] 138993K->122286K(260032K), 0.0055470 secs] [Times: user=0.00 sys=0.00, real=0.00 secs] 
2012-10-23T04:40:11.318+0100: 295887.301: [GC 295887.301: [DefNew: 17931K->907K(19136K), 0.0059050 secs] 139310K->122347K(260032K), 0.0061090 secs] [Times: user=0.01 sys=0.00, real=0.00 secs] 
2012-10-23T04:41:01.338+0100: 295937.321: [GC 295937.321: [DefNew: 17924K->534K(19136K), 0.0051370 secs] 139365K->122037K(260032K), 0.0052420 secs] [Times: user=0.00 sys=0.00, real=0.00 secs] 
2012-10-23T04:41:51.346+0100: 295987.329: [GC 295987.329: [DefNew: 17556K->482K(19136K), 0.0052230 secs] 139059K->121985K(260032K), 0.0053740 secs] [Times: user=0.01 sys=0.00, real=0.01 secs] 
2012-10-23T04:42:41.725+0100: 296037.708: [GC 296037.708: [DefNew: 17506K->720K(19136K), 0.0054050 secs] 139009K->122284K(260032K), 0.0055020 secs] [Times: user=0.01 sys=0.00, real=0.01 secs] 
2012-10-23T04:43:31.314+0100: 296087.297: [GC 296087.297: [DefNew: 17744K->858K(19136K), 0.0055900 secs] 139308K->122422K(260032K), 0.0056870 secs] [Times: user=0.01 sys=0.00, real=0.01 secs] 
2012-10-23T04:44:21.488+0100: 296137.471: [GC 296137.471: [DefNew: 17863K->154K(19136K), 0.0048570 secs] 139428K->121781K(260032K), 0.0049590 secs] [Times: user=0.01 sys=0.00, real=0.00 secs] 
2012-10-23T04:45:07.407+0100: 296183.390: [GC 296183.390: [DefNew: 17178K->1108K(19136K), 0.0060270 secs] 138805K->122735K(260032K), 0.0061270 secs] [Times: user=0.01 sys=0.00, real=0.01 secs] 
2012-10-23T04:45:56.586+0100: 296232.569: [GC 296232.569: [DefNew: 18132K->848K(19136K), 0.0056420 secs] 139759K->122537K(260032K), 0.0057400 secs] [Times: user=0.01 sys=0.00, real=0.01 secs] 
2012-10-23T04:46:46.513+0100: 296282.496: [GC 296282.496: [DefNew: 17872K->839K(19136K), 0.0054030 secs] 139561K->122528K(260032K), 0.0055090 secs] [Times: user=0.00 sys=0.00, real=0.01 secs] 
2012-10-23T04:47:36.478+0100: 296332.461: [GC 296332.461: [DefNew: 17863K->940K(19136K), 0.0056180 secs] 139552K->122629K(260032K), 0.0057180 secs] [Times: user=0.00 sys=0.00, real=0.00 secs] 
2012-10-23T04:48:27.465+0100: 296383.448: [GC 296383.448: [DefNew: 17964K->1095K(19136K), 0.0066640 secs] 139653K->122785K(260032K), 0.0067810 secs] [Times: user=0.01 sys=0.00, real=0.01 secs] 
2012-10-23T04:49:12.518+0100: 296428.501: [GC 296428.501: [DefNew: 18119K->1035K(19136K), 0.0085080 secs] 139809K->122786K(260032K), 0.0086580 secs] [Times: user=0.01 sys=0.00, real=0.00 secs] 
2012-10-23T04:50:01.584+0100: 296477.567: [GC 296477.567: [DefNew: 18053K->1133K(19136K), 0.0063960 secs] 139804K->122884K(260032K), 0.0065100 secs] [Times: user=0.01 sys=0.00, real=0.01 secs] 
2012-10-23T04:50:52.499+0100: 296528.482: [GC 296528.482: [DefNew: 18157K->1012K(19136K), 0.0063600 secs] 139908K->122764K(260032K), 0.0064610 secs] [Times: user=0.00 sys=0.01, real=0.00 secs] 
2012-10-23T04:51:41.390+0100: 296577.373: [GC 296577.373: [DefNew: 18036K->1048K(19136K), 0.0066940 secs] 139788K->122800K(260032K), 0.0068100 secs] [Times: user=0.00 sys=0.00, real=0.00 secs] 
2012-10-23T04:52:32.500+0100: 296628.483: [GC 296628.483: [DefNew: 18072K->1178K(19136K), 0.0067100 secs] 139824K->122929K(260032K), 0.0068120 secs] [Times: user=0.01 sys=0.00, real=0.00 secs] 
2012-10-23T04:53:22.478+0100: 296678.461: [GC 296678.461: [DefNew: 18181K->1013K(19136K), 0.0062890 secs] 139933K->122826K(260032K), 0.0081030 secs] [Times: user=0.00 sys=0.00, real=0.00 secs] 
2012-10-23T04:54:12.570+0100: 296728.553: [GC 296728.553: [DefNew: 18037K->1108K(19136K), 0.0060160 secs] 139850K->122921K(260032K), 0.0061190 secs] [Times: user=0.00 sys=0.00, real=0.00 secs] 
2012-10-23T04:55:01.512+0100: 296777.495: [GC 296777.495: [DefNew: 18132K->915K(19136K), 0.0059550 secs] 139945K->122801K(260032K), 0.0060570 secs] [Times: user=0.01 sys=0.00, real=0.01 secs] 
2012-10-23T04:55:51.477+0100: 296827.460: [GC 296827.460: [DefNew: 17939K->911K(19136K), 0.0056480 secs] 139825K->122799K(260032K), 0.0057580 secs] [Times: user=0.01 sys=0.00, real=0.01 secs] 
2012-10-23T04:56:42.046+0100: 296878.029: [GC 296878.029: [DefNew: 17935K->995K(19136K), 0.0055840 secs] 139823K->122883K(260032K), 0.0056860 secs] [Times: user=0.00 sys=0.00, real=0.01 secs] 
2012-10-23T04:57:31.674+0100: 296927.657: [GC 296927.657: [DefNew: 18019K->944K(19136K), 0.0059510 secs] 139907K->122894K(260032K), 0.0060550 secs] [Times: user=0.01 sys=0.00, real=0.01 secs] 
2012-10-23T04:58:22.555+0100: 296978.538: [GC 296978.538: [DefNew: 17968K->943K(19136K), 0.0060290 secs] 139918K->123016K(260032K), 0.0061320 secs] [Times: user=0.01 sys=0.00, real=0.01 secs] 
2012-10-23T04:59:11.863+0100: 297027.846: [GC 297027.846: [DefNew: 17956K->591K(19136K), 0.0069760 secs] 140030K->122665K(260032K), 0.0077250 secs] [Times: user=0.01 sys=0.00, real=0.01 secs] 
2012-10-23T05:00:01.505+0100: 297077.488: [GC 297077.488: [DefNew: 17600K->434K(19136K), 0.0047480 secs] 139673K->122508K(260032K), 0.0048500 secs] [Times: user=0.00 sys=0.00, real=0.01 secs] 
2012-10-23T05:00:51.798+0100: 297127.781: [GC 297127.781: [DefNew: 17445K->526K(19136K), 0.0048170 secs] 139519K->122600K(260032K), 0.0049100 secs] [Times: user=0.00 sys=0.00, real=0.00 secs] 
2012-10-23T05:01:36.756+0100: 297172.739: [GC 297172.739: [DefNew: 17550K->877K(19136K), 0.0111940 secs] 139624K->122951K(260032K), 0.0113160 secs] [Times: user=0.01 sys=0.00, real=0.02 secs] 
2012-10-23T05:02:26.700+0100: 297222.682: [GC 297222.683: [DefNew: 17901K->813K(19136K), 0.0061750 secs] 139975K->122886K(260032K), 0.0063020 secs] [Times: user=0.00 sys=0.00, real=0.00 secs] 
2012-10-23T05:03:16.635+0100: 297272.618: [GC 297272.618: [DefNew: 17837K->884K(19136K), 0.0057320 secs] 139910K->122957K(260032K), 0.0058330 secs] [Times: user=0.00 sys=0.00, real=0.01 secs] 
2012-10-23T05:04:02.599+0100: 297318.582: [GC 297318.582: [DefNew: 17908K->1127K(19136K), 0.0059290 secs] 139981K->123201K(260032K), 0.0060360 secs] [Times: user=0.00 sys=0.00, real=0.00 secs] 
2012-10-23T05:04:56.683+0100: 297372.665: [GC 297372.666: [DefNew: 18151K->275K(19136K), 0.0046820 secs] 140225K->122411K(260032K), 0.0048090 secs] [Times: user=0.00 sys=0.00, real=0.01 secs] 
2012-10-23T05:05:42.650+0100: 297418.633: [GC 297418.633: [DefNew: 17299K->1159K(19136K), 0.0065000 secs] 139435K->123295K(260032K), 0.0066100 secs] [Times: user=0.00 sys=0.00, real=0.00 secs] 
2012-10-23T05:06:31.665+0100: 297467.648: [GC 297467.648: [DefNew: 18183K->878K(19136K), 0.0062410 secs] 140319K->123139K(260032K), 0.0063430 secs] [Times: user=0.01 sys=0.00, real=0.01 secs] 
2012-10-23T05:07:21.663+0100: 297517.646: [GC 297517.646: [DefNew: 17902K->750K(19136K), 0.0053960 secs] 140163K->123010K(260032K), 0.0054950 secs] [Times: user=0.01 sys=0.00, real=0.01 secs] 
2012-10-23T05:08:11.766+0100: 297567.749: [GC 297567.749: [DefNew: 17773K->530K(19136K), 0.0067670 secs] 140034K->122790K(260032K), 0.0068690 secs] [Times: user=0.01 sys=0.00, real=0.01 secs] 
2012-10-23T05:08:56.585+0100: 297612.568: [GC 297612.568: [DefNew: 17554K->919K(19136K), 0.0058160 secs] 139814K->123179K(260032K), 0.0059210 secs] [Times: user=0.01 sys=0.00, real=0.01 secs] 
2012-10-23T05:09:46.734+0100: 297662.717: [GC 297662.717: [DefNew: 17919K->686K(19136K), 0.0065420 secs] 140179K->122947K(260032K), 0.0066590 secs] [Times: user=0.00 sys=0.00, real=0.01 secs] 
2012-10-23T05:10:36.485+0100: 297712.468: [GC 297712.468: [DefNew: 17710K->761K(19136K), 0.0097520 secs] 139970K->123021K(260032K), 0.0098750 secs] [Times: user=0.01 sys=0.00, real=0.01 secs] 
2012-10-23T05:11:25.182+0100: 297761.165: [GC 297761.166: [DefNew: 17785K->565K(19136K), 0.0049550 secs] 140045K->122825K(260032K), 0.0050550 secs] [Times: user=0.01 sys=0.00, real=0.01 secs] 
2012-10-23T05:12:11.601+0100: 297807.584: [GC 297807.585: [DefNew: 17589K->1165K(19136K), 0.0093850 secs] 139849K->123425K(260032K), 0.0095230 secs] [Times: user=0.00 sys=0.00, real=0.01 secs] 
2012-10-23T05:13:01.621+0100: 297857.604: [GC 297857.604: [DefNew: 18186K->1017K(19136K), 0.0061160 secs] 140446K->123339K(260032K), 0.0062270 secs] [Times: user=0.00 sys=0.01, real=0.00 secs] 
2012-10-23T05:13:51.624+0100: 297907.607: [GC 297907.607: [DefNew: 18041K->697K(19136K), 0.0054560 secs] 140363K->123019K(260032K), 0.0055630 secs] [Times: user=0.01 sys=0.00, real=0.01 secs] 
2012-10-23T05:14:37.724+0100: 297953.707: [GC 297953.707: [DefNew: 17721K->1167K(19136K), 0.0089620 secs] 140043K->123489K(260032K), 0.0090760 secs] [Times: user=0.01 sys=0.00, real=0.01 secs] 
2012-10-23T05:15:27.593+0100: 298003.576: [GC 298003.576: [DefNew: 18191K->1062K(19136K), 0.0073760 secs] 140513K->123521K(260032K), 0.0075140 secs] [Times: user=0.00 sys=0.00, real=0.01 secs] 
2012-10-23T05:16:16.713+0100: 298052.696: [GC 298052.696: [DefNew: 18073K->755K(19136K), 0.0061970 secs] 140531K->123338K(260032K), 0.0062980 secs] [Times: user=0.01 sys=0.00, real=0.01 secs] 
2012-10-23T05:17:06.734+0100: 298102.717: [GC 298102.717: [DefNew: 17779K->762K(19136K), 0.0103590 secs] 140362K->123344K(260032K), 0.0104780 secs] [Times: user=0.01 sys=0.00, real=0.01 secs] 
2012-10-23T05:17:56.663+0100: 298152.646: [GC 298152.646: [DefNew: 17786K->1019K(19136K), 0.0062650 secs] 140368K->123601K(260032K), 0.0063680 secs] [Times: user=0.01 sys=0.00, real=0.01 secs] 
2012-10-23T05:18:46.821+0100: 298202.804: [GC 298202.804: [DefNew: 18013K->474K(19136K), 0.0051160 secs] 140596K->123058K(260032K), 0.0052140 secs] [Times: user=0.00 sys=0.00, real=0.00 secs] 
2012-10-23T05:19:36.771+0100: 298252.753: [GC 298252.754: [DefNew: 17498K->314K(19136K), 0.0049360 secs] 140082K->122959K(260032K), 0.0050510 secs] [Times: user=0.00 sys=0.00, real=0.00 secs] 
2012-10-23T05:20:21.633+0100: 298297.616: [GC 298297.616: [DefNew: 17338K->915K(19136K), 0.0065310 secs] 139983K->123634K(260032K), 0.0066390 secs] [Times: user=0.01 sys=0.00, real=0.01 secs] 
2012-10-23T05:21:11.802+0100: 298347.785: [GC 298347.785: [DefNew: 17931K->602K(19136K), 0.0074270 secs] 140650K->123321K(260032K), 0.0075560 secs] [Times: user=0.01 sys=0.00, real=0.01 secs] 
2012-10-23T05:21:57.830+0100: 298393.813: [GC 298393.813: [DefNew: 17626K->1150K(19136K), 0.0064510 secs] 140345K->123869K(260032K), 0.0065590 secs] [Times: user=0.00 sys=0.00, real=0.00 secs] 
2012-10-23T05:22:51.847+0100: 298447.830: [GC 298447.830: [DefNew: 18174K->638K(19136K), 0.0083490 secs] 140893K->123493K(260032K), 0.0084630 secs] [Times: user=0.00 sys=0.00, real=0.01 secs] 
2012-10-23T05:23:41.706+0100: 298497.689: [GC 298497.689: [DefNew: 17662K->715K(19136K), 0.0053110 secs] 140517K->123570K(260032K), 0.0054170 secs] [Times: user=0.00 sys=0.00, real=0.01 secs] 
2012-10-23T05:24:27.771+0100: 298543.754: [GC 298543.754: [DefNew: 17731K->1012K(19136K), 0.0079680 secs] 140586K->123867K(260032K), 0.0080930 secs] [Times: user=0.01 sys=0.00, real=0.01 secs] 
2012-10-23T05:25:19.032+0100: 298595.014: [GC 298595.015: [DefNew: 18036K->506K(19136K), 0.0048090 secs] 140891K->123361K(260032K), 0.0049090 secs] [Times: user=0.00 sys=0.00, real=0.00 secs] 
2012-10-23T05:26:02.859+0100: 298638.842: [GC 298638.842: [DefNew: 17530K->1140K(19136K), 0.0061290 secs] 140385K->124057K(260032K), 0.0062380 secs] [Times: user=0.00 sys=0.00, real=0.00 secs] 
2012-10-23T05:26:52.797+0100: 298688.780: [GC 298688.780: [DefNew: 18164K->1100K(19136K), 0.0065340 secs] 141081K->124153K(260032K), 0.0066390 secs] [Times: user=0.01 sys=0.00, real=0.01 secs] 
2012-10-23T05:27:41.760+0100: 298737.743: [GC 298737.743: [DefNew: 18124K->979K(19136K), 0.0061170 secs] 141177K->124156K(260032K), 0.0062230 secs] [Times: user=0.00 sys=0.00, real=0.00 secs] 
2012-10-23T05:28:33.068+0100: 298789.051: [GC 298789.051: [DefNew: 17973K->907K(19136K), 0.0055400 secs] 141150K->124084K(260032K), 0.0056510 secs] [Times: user=0.00 sys=0.00, real=0.00 secs] 
2012-10-23T05:29:04.679+0100: 298820.662: [GC 298820.662: [DefNew: 17931K->1188K(19136K), 0.0059640 secs] 141108K->124366K(260032K), 0.0060660 secs] [Times: user=0.00 sys=0.00, real=0.00 secs] 
2012-10-23T05:29:51.816+0100: 298867.799: [GC 298867.799: [DefNew: 18212K->473K(19136K), 0.0057610 secs] 141389K->123775K(260032K), 0.0058630 secs] [Times: user=0.00 sys=0.00, real=0.01 secs] 
2012-10-23T05:30:39.804+0100: 298915.787: [GC 298915.787: [DefNew: 17497K->1061K(19136K), 0.0058160 secs] 140799K->124364K(260032K), 0.0059180 secs] [Times: user=0.00 sys=0.00, real=0.01 secs] 
2012-10-23T05:31:25.315+0100: 298961.298: [GC 298961.298: [DefNew: 18085K->979K(19136K), 0.0059280 secs] 141388K->124314K(260032K), 0.0060260 secs] [Times: user=0.00 sys=0.00, real=0.01 secs] 
2012-10-23T05:32:16.884+0100: 299012.866: [GC 299012.867: [DefNew: 18003K->503K(19136K), 0.0067610 secs] 141338K->123838K(260032K), 0.0068600 secs] [Times: user=0.00 sys=0.00, real=0.01 secs] 
2012-10-23T05:33:06.868+0100: 299062.851: [GC 299062.851: [DefNew: 17527K->563K(19136K), 0.0049010 secs] 140862K->123898K(260032K), 0.0049960 secs] [Times: user=0.00 sys=0.00, real=0.00 secs] 
2012-10-23T05:33:52.017+0100: 299108.000: [GC 299108.000: [DefNew: 17587K->984K(19136K), 0.0061100 secs] 140922K->124319K(260032K), 0.0062320 secs] [Times: user=0.01 sys=0.00, real=0.01 secs] 
2012-10-23T05:34:41.977+0100: 299157.960: [GC 299157.960: [DefNew: 18008K->657K(19136K), 0.0057080 secs] 141343K->123992K(260032K), 0.0058040 secs] [Times: user=0.01 sys=0.00, real=0.01 secs] 
2012-10-23T05:35:31.830+0100: 299207.813: [GC 299207.813: [DefNew: 17681K->499K(19136K), 0.0051360 secs] 141016K->123834K(260032K), 0.0052550 secs] [Times: user=0.01 sys=0.00, real=0.00 secs] 
2012-10-23T05:36:17.093+0100: 299253.076: [GC 299253.076: [DefNew: 17523K->947K(19136K), 0.0056980 secs] 140858K->124283K(260032K), 0.0057990 secs] [Times: user=0.01 sys=0.00, real=0.01 secs] 
2012-10-23T05:37:06.775+0100: 299302.757: [GC 299302.758: [DefNew: 17971K->1044K(19136K), 0.0079570 secs] 141307K->124379K(260032K), 0.0080810 secs] [Times: user=0.00 sys=0.00, real=0.01 secs] 
2012-10-23T05:37:57.148+0100: 299353.131: [GC 299353.131: [DefNew: 18068K->1011K(19136K), 0.0062830 secs] 141403K->124470K(260032K), 0.0063890 secs] [Times: user=0.01 sys=0.00, real=0.00 secs] 
2012-10-23T05:38:47.233+0100: 299403.216: [GC 299403.216: [DefNew: 18028K->785K(19136K), 0.0055220 secs] 141488K->124244K(260032K), 0.0056480 secs] [Times: user=0.01 sys=0.00, real=0.01 secs] 
2012-10-23T05:39:32.833+0100: 299448.816: [GC 299448.816: [DefNew: 17809K->1032K(19136K), 0.0088150 secs] 141268K->124553K(260032K), 0.0089220 secs] [Times: user=0.00 sys=0.00, real=0.01 secs] 
2012-10-23T05:40:21.739+0100: 299497.722: [GC 299497.722: [DefNew: 18056K->876K(19136K), 0.0061650 secs] 141577K->124459K(260032K), 0.0062760 secs] [Times: user=0.00 sys=0.00, real=0.00 secs] 
2012-10-23T05:41:07.925+0100: 299543.908: [GC 299543.908: [DefNew: 17888K->1251K(19136K), 0.0063670 secs] 141471K->124834K(260032K), 0.0065090 secs] [Times: user=0.02 sys=0.00, real=0.01 secs] 
2012-10-23T05:41:57.818+0100: 299593.801: [GC 299593.801: [DefNew: 18275K->880K(19136K), 0.0069790 secs] 141858K->124806K(260032K), 0.0070830 secs] [Times: user=0.01 sys=0.00, real=0.00 secs] 
2012-10-23T05:42:51.791+0100: 299647.774: [GC 299647.774: [DefNew: 17875K->591K(19136K), 0.0035730 secs] 141801K->124517K(260032K), 0.0036880 secs] [Times: user=0.00 sys=0.00, real=0.00 secs] 
2012-10-23T05:43:41.913+0100: 299697.896: [GC 299697.896: [DefNew: 17612K->752K(19136K), 0.0035020 secs] 141538K->124678K(260032K), 0.0035980 secs] [Times: user=0.00 sys=0.00, real=0.00 secs] 
2012-10-23T05:44:31.836+0100: 299747.819: [GC 299747.819: [DefNew: 17774K->515K(19136K), 0.0049230 secs] 141700K->124441K(260032K), 0.0050270 secs] [Times: user=0.01 sys=0.00, real=0.01 secs] 
2012-10-23T05:45:21.797+0100: 299797.780: [GC 299797.780: [DefNew: 17527K->433K(19136K), 0.0049950 secs] 141453K->124421K(260032K), 0.0050970 secs] [Times: user=0.01 sys=0.00, real=0.01 secs] 
2012-10-23T05:46:08.135+0100: 299844.118: [GC 299844.118: [DefNew: 17457K->1231K(19136K), 0.0068490 secs] 141445K->125219K(260032K), 0.0069730 secs] [Times: user=0.02 sys=0.00, real=0.01 secs] 
2012-10-23T05:46:56.866+0100: 299892.849: [GC 299892.849: [DefNew: 18237K->1064K(19136K), 0.0061880 secs] 142225K->125176K(260032K), 0.0062960 secs] [Times: user=0.00 sys=0.00, real=0.01 secs] 
2012-10-23T05:47:46.851+0100: 299942.834: [GC 299942.834: [DefNew: 18087K->578K(19136K), 0.0051680 secs] 142199K->124753K(260032K), 0.0052680 secs] [Times: user=0.00 sys=0.00, real=0.00 secs] 
2012-10-23T05:48:37.079+0100: 299993.062: [GC 299993.062: [DefNew: 17600K->849K(19136K), 0.0053650 secs] 141775K->125024K(260032K), 0.0054660 secs] [Times: user=0.00 sys=0.00, real=0.00 secs] 
2012-10-23T05:49:21.910+0100: 300037.893: [GC 300037.893: [DefNew: 17873K->820K(19136K), 0.0052650 secs] 142048K->124995K(260032K), 0.0053620 secs] [Times: user=0.00 sys=0.00, real=0.00 secs] 
2012-10-23T05:50:11.861+0100: 300087.844: [GC 300087.844: [DefNew: 17844K->941K(19136K), 0.0055960 secs] 142019K->125116K(260032K), 0.0057400 secs] [Times: user=0.00 sys=0.00, real=0.00 secs] 
2012-10-23T05:51:02.057+0100: 300138.039: [GC 300138.040: [DefNew: 17965K->686K(19136K), 0.0052310 secs] 142140K->124861K(260032K), 0.0053320 secs] [Times: user=0.01 sys=0.00, real=0.01 secs] 
2012-10-23T05:51:51.934+0100: 300187.917: [GC 300187.917: [DefNew: 17710K->445K(19136K), 0.0053950 secs] 141885K->124682K(260032K), 0.0055010 secs] [Times: user=0.00 sys=0.00, real=0.01 secs] 
2012-10-23T05:52:42.060+0100: 300238.043: [GC 300238.043: [DefNew: 17469K->880K(19136K), 0.0058150 secs] 141706K->125179K(260032K), 0.0059160 secs] [Times: user=0.00 sys=0.00, real=0.00 secs] 
2012-10-23T05:53:31.958+0100: 300287.941: [GC 300287.942: [DefNew: 17904K->808K(19136K), 0.0055080 secs] 142203K->125170K(260032K), 0.0056090 secs] [Times: user=0.00 sys=0.00, real=0.00 secs] 
2012-10-23T05:54:20.121+0100: 300336.104: [GC 300336.104: [DefNew: 17832K->468K(19136K), 0.0046820 secs] 142194K->124830K(260032K), 0.0047770 secs] [Times: user=0.00 sys=0.00, real=0.00 secs] 
2012-10-23T05:55:07.992+0100: 300383.975: [GC 300383.975: [DefNew: 17492K->1197K(19136K), 0.0070310 secs] 141854K->125632K(260032K), 0.0071570 secs] [Times: user=0.01 sys=0.00, real=0.01 secs] 
2012-10-23T05:55:57.347+0100: 300433.330: [GC 300433.330: [DefNew: 18193K->941K(19136K), 0.0058570 secs] 142627K->125439K(260032K), 0.0059580 secs] [Times: user=0.00 sys=0.00, real=0.01 secs] 
2012-10-23T05:56:46.887+0100: 300482.870: [GC 300482.870: [DefNew: 17965K->528K(19136K), 0.0047830 secs] 142463K->125025K(260032K), 0.0048890 secs] [Times: user=0.00 sys=0.00, real=0.00 secs] 
2012-10-23T05:57:37.159+0100: 300533.142: [GC 300533.142: [DefNew: 17521K->876K(19136K), 0.0057430 secs] 142019K->125374K(260032K), 0.0058520 secs] [Times: user=0.00 sys=0.00, real=0.00 secs] 
2012-10-23T05:58:27.020+0100: 300583.003: [GC 300583.003: [DefNew: 17896K->925K(19136K), 0.0055290 secs] 142394K->125423K(260032K), 0.0056300 secs] [Times: user=0.00 sys=0.00, real=0.00 secs] 
2012-10-23T05:59:17.196+0100: 300633.179: [GC 300633.179: [DefNew: 17949K->750K(19136K), 0.0053400 secs] 142447K->125248K(260032K), 0.0054390 secs] [Times: user=0.02 sys=0.00, real=0.01 secs] 
2012-10-23T06:00:05.222+0100: 300681.205: [GC 300681.205: [DefNew: 17774K->579K(19136K), 0.0049630 secs] 142272K->125077K(260032K), 0.0050560 secs] [Times: user=0.01 sys=0.00, real=0.00 secs] 
2012-10-23T06:00:54.590+0100: 300730.573: [GC 300730.573: [DefNew: 17603K->1294K(19136K), 0.0063500 secs] 142101K->125791K(260032K), 0.0064510 secs] [Times: user=0.00 sys=0.00, real=0.00 secs] 
2012-10-23T06:01:43.104+0100: 300779.087: [GC 300779.087: [DefNew: 18318K->915K(19136K), 0.0064850 secs] 142815K->125599K(260032K), 0.0065870 secs] [Times: user=0.00 sys=0.00, real=0.01 secs] 
2012-10-23T06:02:37.161+0100: 300833.144: [GC 300833.144: [DefNew: 17939K->395K(19136K), 0.0043660 secs] 142623K->125079K(260032K), 0.0044640 secs] [Times: user=0.00 sys=0.00, real=0.00 secs] 
2012-10-23T06:03:27.167+0100: 300883.150: [GC 300883.150: [DefNew: 17400K->590K(19136K), 0.0049650 secs] 142084K->125274K(260032K), 0.0050870 secs] [Times: user=0.00 sys=0.00, real=0.00 secs] 
2012-10-23T06:04:13.293+0100: 300929.276: [GC 300929.276: [DefNew: 17614K->943K(19136K), 0.0063740 secs] 142298K->125628K(260032K), 0.0064810 secs] [Times: user=0.01 sys=0.00, real=0.01 secs] 
2012-10-23T06:04:58.010+0100: 300973.993: [GC 300973.993: [DefNew: 17967K->1098K(19136K), 0.0059970 secs] 142652K->125783K(260032K), 0.0061010 secs] [Times: user=0.00 sys=0.00, real=0.00 secs] 
2012-10-23T06:05:52.237+0100: 301028.220: [GC 301028.220: [DefNew: 18091K->339K(19136K), 0.0045900 secs] 142775K->125023K(260032K), 0.0046830 secs] [Times: user=0.00 sys=0.00, real=0.01 secs] 
2012-10-23T06:06:37.085+0100: 301073.068: [GC 301073.068: [DefNew: 17342K->875K(19136K), 0.0044640 secs] 142027K->125559K(260032K), 0.0045550 secs] [Times: user=0.01 sys=0.00, real=0.01 secs] 
2012-10-23T06:07:27.044+0100: 301123.027: [GC 301123.027: [DefNew: 17899K->973K(19136K), 0.0062850 secs] 142583K->125657K(260032K), 0.0063900 secs] [Times: user=0.01 sys=0.00, real=0.01 secs] 
2012-10-23T06:08:17.290+0100: 301173.273: [GC 301173.273: [DefNew: 17969K->1004K(19136K), 0.0058720 secs] 142654K->125688K(260032K), 0.0059830 secs] [Times: user=0.01 sys=0.00, real=0.00 secs] 
2012-10-23T06:09:07.216+0100: 301223.199: [GC 301223.199: [DefNew: 18028K->659K(19136K), 0.0052950 secs] 142712K->125343K(260032K), 0.0053940 secs] [Times: user=0.00 sys=0.00, real=0.01 secs] 
2012-10-23T06:09:54.462+0100: 301270.445: [GC 301270.445: [DefNew: 17661K->845K(19136K), 0.0052740 secs] 142345K->125529K(260032K), 0.0054400 secs] [Times: user=0.01 sys=0.00, real=0.00 secs] 
2012-10-23T06:10:42.104+0100: 301318.087: [GC 301318.087: [DefNew: 17869K->831K(19136K), 0.0068020 secs] 142553K->125516K(260032K), 0.0069030 secs] [Times: user=0.00 sys=0.00, real=0.01 secs] 
2012-10-23T06:11:28.168+0100: 301364.151: [GC 301364.151: [DefNew: 17855K->1128K(19136K), 0.0061920 secs] 142540K->125812K(260032K), 0.0062950 secs] [Times: user=0.00 sys=0.00, real=0.00 secs] 
2012-10-23T06:12:18.093+0100: 301414.076: [GC 301414.076: [DefNew: 18152K->980K(19136K), 0.0063840 secs] 142836K->125821K(260032K), 0.0064940 secs] [Times: user=0.00 sys=0.00, real=0.01 secs] 
2012-10-23T06:13:07.254+0100: 301463.237: [GC 301463.237: [DefNew: 18004K->913K(19136K), 0.0057960 secs] 142845K->125755K(260032K), 0.0059060 secs] [Times: user=0.01 sys=0.00, real=0.01 secs] 
2012-10-23T06:13:57.067+0100: 301513.050: [GC 301513.050: [DefNew: 17937K->974K(19136K), 0.0056570 secs] 142779K->125816K(260032K), 0.0057620 secs] [Times: user=0.00 sys=0.00, real=0.00 secs] 
2012-10-23T06:14:47.097+0100: 301563.080: [GC 301563.080: [DefNew: 17998K->954K(19136K), 0.0062720 secs] 142840K->125887K(260032K), 0.0063760 secs] [Times: user=0.00 sys=0.00, real=0.00 secs] 
2012-10-23T06:15:33.147+0100: 301609.129: [GC 301609.130: [DefNew: 17978K->1075K(19136K), 0.0114080 secs] 142911K->126143K(260032K), 0.0115180 secs] [Times: user=0.01 sys=0.00, real=0.02 secs] 
2012-10-23T06:16:22.194+0100: 301658.177: [GC 301658.177: [DefNew: 18074K->879K(19136K), 0.0055890 secs] 143142K->125948K(260032K), 0.0056860 secs] [Times: user=0.01 sys=0.00, real=0.01 secs] 
2012-10-23T06:17:12.111+0100: 301708.094: [GC 301708.094: [DefNew: 17903K->1019K(19136K), 0.0058380 secs] 142972K->126089K(260032K), 0.0059740 secs] [Times: user=0.00 sys=0.00, real=0.00 secs] 
2012-10-23T06:18:02.097+0100: 301758.080: [GC 301758.080: [DefNew: 18043K->1088K(19136K), 0.0100640 secs] 143113K->126157K(260032K), 0.0101880 secs] [Times: user=0.01 sys=0.00, real=0.01 secs] 
2012-10-23T06:18:52.396+0100: 301808.379: [GC 301808.379: [DefNew: 18091K->920K(19136K), 0.0057310 secs] 143160K->125990K(260032K), 0.0058260 secs] [Times: user=0.00 sys=0.00, real=0.01 secs] 
2012-10-23T06:19:42.148+0100: 301858.131: [GC 301858.131: [DefNew: 17944K->949K(19136K), 0.0060260 secs] 143014K->126019K(260032K), 0.0061270 secs] [Times: user=0.00 sys=0.00, real=0.00 secs] 
2012-10-23T06:20:32.094+0100: 301908.077: [GC 301908.077: [DefNew: 17957K->684K(19136K), 0.0054110 secs] 143026K->125827K(260032K), 0.0055090 secs] [Times: user=0.01 sys=0.00, real=0.01 secs] 
2012-10-23T06:21:22.231+0100: 301958.214: [GC 301958.214: [DefNew: 17708K->540K(19136K), 0.0049700 secs] 142851K->125746K(260032K), 0.0050650 secs] [Times: user=0.01 sys=0.00, real=0.00 secs] 
2012-10-23T06:22:12.319+0100: 302008.302: [GC 302008.302: [DefNew: 17535K->792K(19136K), 0.0053150 secs] 142741K->125997K(260032K), 0.0054130 secs] [Times: user=0.00 sys=0.00, real=0.00 secs] 
2012-10-23T06:23:02.395+0100: 302058.378: [GC 302058.378: [DefNew: 17812K->793K(19136K), 0.0057540 secs] 143017K->125999K(260032K), 0.0058520 secs] [Times: user=0.00 sys=0.00, real=0.01 secs] 
2012-10-23T06:23:52.069+0100: 302108.052: [GC 302108.052: [DefNew: 17795K->580K(19136K), 0.0058010 secs] 143000K->125909K(260032K), 0.0059020 secs] [Times: user=0.01 sys=0.00, real=0.00 secs] 
2012-10-23T06:24:42.542+0100: 302158.525: [GC 302158.525: [DefNew: 17595K->506K(19136K), 0.0105140 secs] 142924K->125910K(260032K), 0.0106460 secs] [Times: user=0.01 sys=0.00, real=0.01 secs] 
2012-10-23T06:25:28.265+0100: 302204.248: [GC 302204.248: [DefNew: 17530K->1173K(19136K), 0.0066570 secs] 142934K->126638K(260032K), 0.0067630 secs] [Times: user=0.01 sys=0.00, real=0.01 secs] 
2012-10-23T06:26:18.222+0100: 302254.205: [GC 302254.205: [DefNew: 18180K->1128K(19136K), 0.0090600 secs] 143645K->126667K(260032K), 0.0091970 secs] [Times: user=0.01 sys=0.00, real=0.01 secs] 
2012-10-23T06:27:07.160+0100: 302303.143: [GC 302303.143: [DefNew: 18152K->728K(19136K), 0.0080280 secs] 143691K->126516K(260032K), 0.0081330 secs] [Times: user=0.00 sys=0.00, real=0.01 secs] 
2012-10-23T06:27:58.225+0100: 302354.208: [GC 302354.208: [DefNew: 17732K->976K(19136K), 0.0077090 secs] 143519K->126764K(260032K), 0.0078250 secs] [Times: user=0.01 sys=0.00, real=0.01 secs] 
2012-10-23T06:28:48.182+0100: 302404.165: [GC 302404.165: [DefNew: 18000K->953K(19136K), 0.0092740 secs] 143788K->126741K(260032K), 0.0093930 secs] [Times: user=0.01 sys=0.00, real=0.01 secs] 
2012-10-23T06:29:17.196+0100: 302433.179: [GC 302433.179: [DefNew: 17977K->911K(19136K), 0.0057330 secs] 143765K->126699K(260032K), 0.0058420 secs] [Times: user=0.00 sys=0.00, real=0.01 secs] 
2012-10-23T06:30:07.257+0100: 302483.240: [GC 302483.240: [DefNew: 17935K->977K(19136K), 0.0058430 secs] 143723K->126765K(260032K), 0.0059400 secs] [Times: user=0.00 sys=0.00, real=0.01 secs] 
2012-10-23T06:30:57.547+0100: 302533.530: [GC 302533.530: [DefNew: 18001K->818K(19136K), 0.0060470 secs] 143789K->126668K(260032K), 0.0061650 secs] [Times: user=0.01 sys=0.00, real=0.01 secs] 
2012-10-23T06:31:47.257+0100: 302583.240: [GC 302583.240: [DefNew: 17842K->799K(19136K), 0.0055530 secs] 143692K->126649K(260032K), 0.0056600 secs] [Times: user=0.01 sys=0.00, real=0.01 secs] 
2012-10-23T06:32:37.264+0100: 302633.246: [GC 302633.247: [DefNew: 17823K->843K(19136K), 0.0055930 secs] 143673K->126696K(260032K), 0.0057240 secs] [Times: user=0.01 sys=0.00, real=0.01 secs] 
2012-10-23T06:33:27.268+0100: 302683.251: [GC 302683.251: [DefNew: 17861K->753K(19136K), 0.0071650 secs] 143713K->126667K(260032K), 0.0076760 secs] [Times: user=0.00 sys=0.00, real=0.00 secs] 
2012-10-23T06:34:17.224+0100: 302733.207: [GC 302733.207: [DefNew: 17756K->654K(19136K), 0.0052510 secs] 143671K->126631K(260032K), 0.0053660 secs] [Times: user=0.01 sys=0.00, real=0.01 secs] 
2012-10-23T06:35:07.429+0100: 302783.412: [GC 302783.412: [DefNew: 17670K->563K(19136K), 0.0048240 secs] 143647K->126540K(260032K), 0.0049180 secs] [Times: user=0.00 sys=0.00, real=0.00 secs] 
2012-10-23T06:35:56.914+0100: 302832.897: [GC 302832.897: [DefNew: 17587K->911K(19136K), 0.0055240 secs] 143564K->126888K(260032K), 0.0056190 secs] [Times: user=0.00 sys=0.00, real=0.01 secs] 
2012-10-23T06:36:47.239+0100: 302883.222: [GC 302883.222: [DefNew: 17935K->780K(19136K), 0.0052810 secs] 143912K->126757K(260032K), 0.0053820 secs] [Times: user=0.00 sys=0.00, real=0.00 secs] 
2012-10-23T06:37:37.333+0100: 302933.316: [GC 302933.316: [DefNew: 17801K->750K(19136K), 0.0054570 secs] 143778K->126727K(260032K), 0.0055640 secs] [Times: user=0.01 sys=0.00, real=0.01 secs] 
2012-10-23T06:38:28.435+0100: 302984.418: [GC 302984.418: [DefNew: 17774K->1126K(19136K), 0.0060080 secs] 143751K->127102K(260032K), 0.0061120 secs] [Times: user=0.00 sys=0.00, real=0.01 secs] 
2012-10-23T06:39:17.279+0100: 303033.262: [GC 303033.262: [DefNew: 18150K->880K(19136K), 0.0059720 secs] 144126K->126980K(260032K), 0.0060700 secs] [Times: user=0.00 sys=0.00, real=0.00 secs] 
2012-10-23T06:40:07.306+0100: 303083.289: [GC 303083.289: [DefNew: 17904K->976K(19136K), 0.0127420 secs] 144004K->127139K(260032K), 0.0128690 secs] [Times: user=0.01 sys=0.00, real=0.02 secs] 
2012-10-23T06:40:57.224+0100: 303133.207: [GC 303133.207: [DefNew: 17997K->466K(19136K), 0.0115570 secs] 144159K->126691K(260032K), 0.0116670 secs] [Times: user=0.00 sys=0.00, real=0.01 secs] 
2012-10-23T06:41:47.254+0100: 303183.237: [GC 303183.237: [DefNew: 17490K->623K(19136K), 0.0051680 secs] 143715K->126848K(260032K), 0.0052670 secs] [Times: user=0.00 sys=0.00, real=0.01 secs] 
2012-10-23T06:42:32.666+0100: 303228.649: [GC 303228.649: [DefNew: 17647K->945K(19136K), 0.0066060 secs] 143872K->127170K(260032K), 0.0067280 secs] [Times: user=0.00 sys=0.00, real=0.01 secs] 
2012-10-23T06:43:22.480+0100: 303278.463: [GC 303278.463: [DefNew: 17968K->879K(19136K), 0.0054830 secs] 144193K->127105K(260032K), 0.0055840 secs] [Times: user=0.00 sys=0.00, real=0.00 secs] 
2012-10-23T06:44:12.335+0100: 303328.318: [GC 303328.318: [DefNew: 17898K->811K(19136K), 0.0053420 secs] 144123K->127036K(260032K), 0.0054400 secs] [Times: user=0.00 sys=0.00, real=0.01 secs] 
2012-10-23T06:45:02.269+0100: 303378.252: [GC 303378.252: [DefNew: 17835K->1166K(19136K), 0.0061450 secs] 144060K->127453K(260032K), 0.0062450 secs] [Times: user=0.00 sys=0.00, real=0.00 secs] 
2012-10-23T06:45:52.351+0100: 303428.334: [GC 303428.334: [DefNew: 18190K->888K(19136K), 0.0060930 secs] 144477K->127299K(260032K), 0.0061900 secs] [Times: user=0.01 sys=0.00, real=0.01 secs] 
2012-10-23T06:46:42.453+0100: 303478.436: [GC 303478.436: [DefNew: 17912K->597K(19136K), 0.0058610 secs] 144323K->127008K(260032K), 0.0059650 secs] [Times: user=0.01 sys=0.00, real=0.01 secs] 
2012-10-23T06:47:32.537+0100: 303528.520: [GC 303528.520: [DefNew: 17621K->628K(19136K), 0.0073050 secs] 144032K->127101K(260032K), 0.0074040 secs] [Times: user=0.01 sys=0.00, real=0.01 secs] 
2012-10-23T06:48:22.259+0100: 303578.242: [GC 303578.242: [DefNew: 17652K->823K(19136K), 0.0074220 secs] 144125K->127359K(260032K), 0.0075340 secs] [Times: user=0.01 sys=0.00, real=0.00 secs] 
2012-10-23T06:49:07.386+0100: 303623.369: [GC 303623.369: [DefNew: 17847K->1060K(19136K), 0.0058780 secs] 144383K->127595K(260032K), 0.0059780 secs] [Times: user=0.01 sys=0.00, real=0.01 secs] 
2012-10-23T06:49:57.288+0100: 303673.271: [GC 303673.271: [DefNew: 18084K->968K(19136K), 0.0082740 secs] 144619K->127565K(260032K), 0.0083980 secs] [Times: user=0.00 sys=0.00, real=0.00 secs] 
2012-10-23T06:50:47.680+0100: 303723.663: [GC 303723.663: [DefNew: 17992K->1102K(19136K), 0.0059400 secs] 144589K->127700K(260032K), 0.0060400 secs] [Times: user=0.01 sys=0.00, real=0.00 secs] 
2012-10-23T06:51:33.489+0100: 303769.471: [GC 303769.472: [DefNew: 18126K->1140K(19136K), 0.0108580 secs] 144724K->127924K(260032K), 0.0109800 secs] [Times: user=0.00 sys=0.01, real=0.01 secs] 
2012-10-23T06:52:27.322+0100: 303823.305: [GC 303823.305: [DefNew: 18149K->695K(19136K), 0.0093130 secs] 144933K->127603K(260032K), 0.0094340 secs] [Times: user=0.00 sys=0.00, real=0.01 secs] 
2012-10-23T06:53:17.378+0100: 303873.361: [GC 303873.361: [DefNew: 17719K->962K(19136K), 0.0059470 secs] 144627K->127870K(260032K), 0.0060480 secs] [Times: user=0.01 sys=0.00, real=0.00 secs] 
2012-10-23T06:54:07.395+0100: 303923.378: [GC 303923.378: [DefNew: 17986K->835K(19136K), 0.0058130 secs] 144894K->127743K(260032K), 0.0059190 secs] [Times: user=0.00 sys=0.00, real=0.01 secs] 
2012-10-23T06:54:57.395+0100: 303973.378: [GC 303973.378: [DefNew: 17859K->820K(19136K), 0.0064580 secs] 144767K->127801K(260032K), 0.0065640 secs] [Times: user=0.01 sys=0.00, real=0.01 secs] 
2012-10-23T06:55:48.426+0100: 304024.409: [GC 304024.409: [DefNew: 17841K->1119K(19136K), 0.0107760 secs] 144823K->128101K(260032K), 0.0108990 secs] [Times: user=0.01 sys=0.00, real=0.01 secs] 
2012-10-23T06:56:37.542+0100: 304073.525: [GC 304073.525: [DefNew: 18143K->621K(19136K), 0.0050020 secs] 145125K->127636K(260032K), 0.0051340 secs] [Times: user=0.00 sys=0.00, real=0.00 secs] 
2012-10-23T06:57:27.449+0100: 304123.432: [GC 304123.432: [DefNew: 17637K->909K(19136K), 0.0058190 secs] 144652K->127924K(260032K), 0.0059230 secs] [Times: user=0.00 sys=0.01, real=0.00 secs] 
2012-10-23T06:58:18.470+0100: 304174.453: [GC 304174.453: [DefNew: 17933K->1130K(19136K), 0.0059260 secs] 144948K->128145K(260032K), 0.0060310 secs] [Times: user=0.00 sys=0.00, real=0.00 secs] 
2012-10-23T06:59:07.434+0100: 304223.416: [GC 304223.417: [DefNew: 18154K->785K(19136K), 0.0059190 secs] 145169K->127986K(260032K), 0.0060210 secs] [Times: user=0.01 sys=0.00, real=0.01 secs] 
2012-10-23T06:59:58.557+0100: 304274.540: [GC 304274.540: [DefNew: 17809K->981K(19136K), 0.0061940 secs] 145010K->128182K(260032K), 0.0063020 secs] [Times: user=0.00 sys=0.01, real=0.01 secs] 
2012-10-23T07:00:48.418+0100: 304324.401: [GC 304324.401: [DefNew: 18005K->1070K(19136K), 0.0059030 secs] 145206K->128271K(260032K), 0.0060230 secs] [Times: user=0.00 sys=0.00, real=0.00 secs] 
2012-10-23T07:01:37.455+0100: 304373.438: [GC 304373.438: [DefNew: 18094K->535K(19136K), 0.0048420 secs] 145295K->127736K(260032K), 0.0049410 secs] [Times: user=0.00 sys=0.00, real=0.01 secs] 
2012-10-23T07:02:27.581+0100: 304423.564: [GC 304423.564: [DefNew: 17559K->748K(19136K), 0.0057290 secs] 144760K->127949K(260032K), 0.0063720 secs] [Times: user=0.00 sys=0.00, real=0.01 secs] 
2012-10-23T07:03:12.608+0100: 304468.591: [GC 304468.591: [DefNew: 17772K->909K(19136K), 0.0064210 secs] 144973K->128111K(260032K), 0.0065260 secs] [Times: user=0.00 sys=0.00, real=0.00 secs] 
2012-10-23T07:04:02.565+0100: 304518.548: [GC 304518.548: [DefNew: 17930K->590K(19136K), 0.0055740 secs] 145131K->127853K(260032K), 0.0056770 secs] [Times: user=0.00 sys=0.00, real=0.01 secs] 
2012-10-23T07:04:52.433+0100: 304568.416: [GC 304568.416: [DefNew: 17614K->932K(19136K), 0.0063330 secs] 144877K->128196K(260032K), 0.0064690 secs] [Times: user=0.01 sys=0.00, real=0.01 secs] 
2012-10-23T07:05:42.583+0100: 304618.566: [GC 304618.566: [DefNew: 17931K->687K(19136K), 0.0056230 secs] 145194K->127950K(260032K), 0.0057240 secs] [Times: user=0.00 sys=0.00, real=0.01 secs] 
2012-10-23T07:06:32.624+0100: 304668.607: [GC 304668.607: [DefNew: 17705K->346K(19136K), 0.0049450 secs] 144968K->127671K(260032K), 0.0050410 secs] [Times: user=0.00 sys=0.00, real=0.01 secs] 
2012-10-23T07:07:22.500+0100: 304718.483: [GC 304718.483: [DefNew: 17369K->495K(19136K), 0.0048420 secs] 144694K->127820K(260032K), 0.0049390 secs] [Times: user=0.00 sys=0.00, real=0.00 secs] 
2012-10-23T07:08:12.581+0100: 304768.564: [GC 304768.564: [DefNew: 17516K->879K(19136K), 0.0127520 secs] 144841K->128204K(260032K), 0.0129350 secs] [Times: user=0.01 sys=0.00, real=0.01 secs] 
2012-10-23T07:09:02.531+0100: 304818.514: [GC 304818.515: [DefNew: 17903K->560K(19136K), 0.0052170 secs] 145228K->127948K(260032K), 0.0053210 secs] [Times: user=0.00 sys=0.00, real=0.00 secs] 
2012-10-23T07:09:52.541+0100: 304868.524: [GC 304868.524: [DefNew: 17584K->842K(19136K), 0.0062190 secs] 144972K->128292K(260032K), 0.0063990 secs] [Times: user=0.01 sys=0.00, real=0.00 secs] 
2012-10-23T07:10:42.523+0100: 304918.506: [GC 304918.506: [DefNew: 17866K->748K(19136K), 0.0067760 secs] 145316K->128198K(260032K), 0.0074040 secs] [Times: user=0.00 sys=0.00, real=0.01 secs] 
2012-10-23T07:11:28.624+0100: 304964.607: [GC 304964.607: [DefNew: 17772K->1103K(19136K), 0.0103590 secs] 145222K->128553K(260032K), 0.0104830 secs] [Times: user=0.00 sys=0.00, real=0.01 secs] 
2012-10-23T07:12:17.474+0100: 305013.457: [GC 305013.457: [DefNew: 18102K->688K(19136K), 0.0077390 secs] 145552K->128262K(260032K), 0.0078480 secs] [Times: user=0.01 sys=0.00, real=0.01 secs] 
2012-10-23T07:13:07.700+0100: 305063.683: [GC 305063.683: [DefNew: 17694K->891K(19136K), 0.0055820 secs] 145268K->128465K(260032K), 0.0056880 secs] [Times: user=0.00 sys=0.00, real=0.00 secs] 
2012-10-23T07:13:55.253+0100: 305111.236: [GC 305111.236: [DefNew: 17915K->1196K(19136K), 0.0063000 secs] 145489K->128770K(260032K), 0.0064050 secs] [Times: user=0.01 sys=0.00, real=0.01 secs] 
2012-10-23T07:14:47.509+0100: 305163.492: [GC 305163.492: [DefNew: 18220K->779K(19136K), 0.0058420 secs] 145794K->128442K(260032K), 0.0059510 secs] [Times: user=0.00 sys=0.00, real=0.00 secs] 
2012-10-23T07:15:37.571+0100: 305213.554: [GC 305213.554: [DefNew: 17797K->767K(19136K), 0.0058760 secs] 145460K->128429K(260032K), 0.0059740 secs] [Times: user=0.00 sys=0.00, real=0.00 secs] 
2012-10-23T07:16:23.720+0100: 305259.703: [GC 305259.703: [DefNew: 17791K->982K(19136K), 0.0067010 secs] 145453K->128754K(260032K), 0.0068040 secs] [Times: user=0.00 sys=0.00, real=0.00 secs] 
2012-10-23T07:17:13.829+0100: 305309.812: [GC 305309.813: [DefNew: 18006K->953K(19136K), 0.0060210 secs] 145778K->128725K(260032K), 0.0061310 secs] [Times: user=0.00 sys=0.00, real=0.00 secs] 
2012-10-23T07:18:03.627+0100: 305359.610: [GC 305359.610: [DefNew: 17977K->1170K(19136K), 0.0083550 secs] 145749K->128942K(260032K), 0.0084700 secs] [Times: user=0.00 sys=0.01, real=0.01 secs] 
2012-10-23T07:18:53.897+0100: 305409.880: [GC 305409.880: [DefNew: 18194K->1106K(19136K), 0.0070900 secs] 145966K->129069K(260032K), 0.0072160 secs] [Times: user=0.01 sys=0.00, real=0.00 secs] 
2012-10-23T07:19:43.715+0100: 305459.698: [GC 305459.698: [DefNew: 18130K->1038K(19136K), 0.0061570 secs] 146093K->129070K(260032K), 0.0062850 secs] [Times: user=0.01 sys=0.00, real=0.01 secs] 
2012-10-23T07:20:33.887+0100: 305509.869: [GC 305509.870: [DefNew: 18035K->1128K(19136K), 0.0060650 secs] 146067K->129160K(260032K), 0.0061670 secs] [Times: user=0.01 sys=0.00, real=0.01 secs] 
2012-10-23T07:21:23.709+0100: 305559.692: [GC 305559.692: [DefNew: 18140K->1078K(19136K), 0.0064300 secs] 146172K->129172K(260032K), 0.0065430 secs] [Times: user=0.01 sys=0.00, real=0.00 secs] 
2012-10-23T07:22:13.716+0100: 305609.699: [GC 305609.699: [DefNew: 18102K->895K(19136K), 0.0064370 secs] 146196K->129051K(260032K), 0.0066030 secs] [Times: user=0.01 sys=0.00, real=0.01 secs] 
2012-10-23T07:23:07.575+0100: 305663.558: [GC 305663.558: [DefNew: 17900K->537K(19136K), 0.0048480 secs] 146056K->128693K(260032K), 0.0049450 secs] [Times: user=0.00 sys=0.00, real=0.01 secs] 
2012-10-23T07:23:53.652+0100: 305709.635: [GC 305709.635: [DefNew: 17561K->1182K(19136K), 0.0068440 secs] 145717K->129401K(260032K), 0.0069620 secs] [Times: user=0.01 sys=0.00, real=0.01 secs] 
2012-10-23T07:24:44.258+0100: 305760.241: [GC 305760.241: [DefNew: 18176K->761K(19136K), 0.0057820 secs] 146395K->129115K(260032K), 0.0058870 secs] [Times: user=0.01 sys=0.00, real=0.00 secs] 
2012-10-23T07:25:34.959+0100: 305810.942: [GC 305810.942: [DefNew: 17777K->853K(19136K), 0.0057440 secs] 146132K->129208K(260032K), 0.0058930 secs] [Times: user=0.00 sys=0.00, real=0.00 secs] 
2012-10-23T07:26:22.639+0100: 305858.622: [GC 305858.622: [DefNew: 17874K->696K(19136K), 0.0051520 secs] 146229K->129051K(260032K), 0.0052490 secs] [Times: user=0.00 sys=0.00, real=0.00 secs] 
2012-10-23T07:27:12.688+0100: 305908.671: [GC 305908.671: [DefNew: 17696K->561K(19136K), 0.0060820 secs] 146050K->128989K(260032K), 0.0062270 secs] [Times: user=0.00 sys=0.00, real=0.00 secs] 
2012-10-23T07:27:57.792+0100: 305953.775: [GC 305953.775: [DefNew: 17585K->869K(19136K), 0.0059740 secs] 146013K->129298K(260032K), 0.0061320 secs] [Times: user=0.01 sys=0.00, real=0.01 secs] 
2012-10-23T07:28:47.642+0100: 306003.625: [GC 306003.625: [DefNew: 17893K->751K(19136K), 0.0060840 secs] 146322K->129180K(260032K), 0.0062160 secs] [Times: user=0.02 sys=0.00, real=0.01 secs] 
2012-10-23T07:29:17.718+0100: 306033.701: [GC 306033.701: [DefNew: 17748K->840K(19136K), 0.0064290 secs] 146176K->129330K(260032K), 0.0065370 secs] [Times: user=0.01 sys=0.00, real=0.00 secs] 
2012-10-23T07:30:07.726+0100: 306083.709: [GC 306083.709: [DefNew: 17864K->1013K(19136K), 0.0059900 secs] 146354K->129503K(260032K), 0.0060880 secs] [Times: user=0.01 sys=0.00, real=0.01 secs] 
2012-10-23T07:30:58.803+0100: 306134.786: [GC 306134.786: [DefNew: 18037K->1106K(19136K), 0.0062100 secs] 146527K->129596K(260032K), 0.0063180 secs] [Times: user=0.01 sys=0.00, real=0.01 secs] 
2012-10-23T07:31:43.845+0100: 306179.828: [GC 306179.828: [DefNew: 18130K->944K(19136K), 0.0067380 secs] 146620K->129624K(260032K), 0.0068450 secs] [Times: user=0.02 sys=0.00, real=0.01 secs] 
2012-10-23T07:32:37.778+0100: 306233.761: [GC 306233.761: [DefNew: 17968K->527K(19136K), 0.0047910 secs] 146648K->129207K(260032K), 0.0048870 secs] [Times: user=0.00 sys=0.00, real=0.00 secs] 
2012-10-23T07:33:27.744+0100: 306283.727: [GC 306283.727: [DefNew: 17545K->882K(19136K), 0.0055270 secs] 146225K->129562K(260032K), 0.0056340 secs] [Times: user=0.00 sys=0.00, real=0.01 secs] 
2012-10-23T07:34:17.699+0100: 306333.682: [GC 306333.682: [DefNew: 17906K->748K(19136K), 0.0057950 secs] 146586K->129552K(260032K), 0.0058950 secs] [Times: user=0.01 sys=0.00, real=0.00 secs] 
2012-10-23T07:35:07.725+0100: 306383.708: [GC 306383.708: [DefNew: 17772K->906K(19136K), 0.0055620 secs] 146576K->129710K(260032K), 0.0056620 secs] [Times: user=0.00 sys=0.00, real=0.01 secs] 
2012-10-23T07:35:57.800+0100: 306433.783: [GC 306433.783: [DefNew: 17930K->724K(19136K), 0.0056300 secs] 146734K->129590K(260032K), 0.0057260 secs] [Times: user=0.00 sys=0.00, real=0.00 secs] 
2012-10-23T07:36:47.692+0100: 306483.675: [GC 306483.675: [DefNew: 17728K->623K(19136K), 0.0063850 secs] 146594K->129489K(260032K), 0.0064870 secs] [Times: user=0.01 sys=0.00, real=0.01 secs] 
2012-10-23T07:37:37.782+0100: 306533.765: [GC 306533.765: [DefNew: 17647K->750K(19136K), 0.0054960 secs] 146513K->129679K(260032K), 0.0056090 secs] [Times: user=0.01 sys=0.00, real=0.01 secs] 
2012-10-23T07:38:27.823+0100: 306583.806: [GC 306583.806: [DefNew: 17774K->1097K(19136K), 0.0060650 secs] 146703K->130025K(260032K), 0.0061720 secs] [Times: user=0.01 sys=0.00, real=0.01 secs] 
2012-10-23T07:39:17.754+0100: 306633.737: [GC 306633.737: [DefNew: 18099K->719K(19136K), 0.0062000 secs] 147027K->129771K(260032K), 0.0067940 secs] [Times: user=0.01 sys=0.00, real=0.01 secs] 
2012-10-23T07:40:04.124+0100: 306680.107: [GC 306680.107: [DefNew: 17743K->1418K(19136K), 0.0073090 secs] 146795K->130471K(260032K), 0.0073950 secs] [Times: user=0.00 sys=0.00, real=0.01 secs] 
2012-10-23T07:40:53.765+0100: 306729.748: [GC 306729.748: [DefNew: 18442K->876K(19136K), 0.0062640 secs] 147495K->130274K(260032K), 0.0063740 secs] [Times: user=0.00 sys=0.00, real=0.01 secs] 
2012-10-23T07:41:42.844+0100: 306778.827: [GC 306778.827: [DefNew: 17886K->432K(19136K), 0.0047520 secs] 147284K->129830K(260032K), 0.0048490 secs] [Times: user=0.01 sys=0.00, real=0.01 secs] 
2012-10-23T07:42:34.258+0100: 306830.241: [GC 306830.242: [DefNew: 17456K->813K(19136K), 0.0037020 secs] 146854K->130211K(260032K), 0.0038120 secs] [Times: user=0.00 sys=0.00, real=0.00 secs] 
2012-10-23T07:43:23.967+0100: 306879.950: [GC 306879.950: [DefNew: 17837K->1036K(19136K), 0.0061210 secs] 147235K->130434K(260032K), 0.0062330 secs] [Times: user=0.00 sys=0.00, real=0.01 secs] 
2012-10-23T07:44:13.858+0100: 306929.841: [GC 306929.841: [DefNew: 18060K->1073K(19136K), 0.0042350 secs] 147458K->130562K(260032K), 0.0043380 secs] [Times: user=0.00 sys=0.00, real=0.00 secs] 
2012-10-23T07:45:04.281+0100: 306980.264: [GC 306980.264: [DefNew: 18097K->1067K(19136K), 0.0061510 secs] 147586K->130619K(260032K), 0.0062630 secs] [Times: user=0.01 sys=0.00, real=0.01 secs] 
2012-10-23T07:45:54.382+0100: 307030.365: [GC 307030.365: [DefNew: 18091K->1043K(19136K), 0.0064080 secs] 147643K->130690K(260032K), 0.0065100 secs] [Times: user=0.01 sys=0.00, real=0.01 secs] 
2012-10-23T07:46:43.884+0100: 307079.867: [GC 307079.867: [DefNew: 18067K->1199K(19136K), 0.0069200 secs] 147714K->130845K(260032K), 0.0070300 secs] [Times: user=0.01 sys=0.00, real=0.01 secs] 
2012-10-23T07:47:37.870+0100: 307133.853: [GC 307133.853: [DefNew: 18223K->462K(19136K), 0.0050110 secs] 147869K->130174K(260032K), 0.0051130 secs] [Times: user=0.01 sys=0.00, real=0.00 secs] 
2012-10-23T07:48:27.759+0100: 307183.742: [GC 307183.742: [DefNew: 17456K->338K(19136K), 0.0044020 secs] 147168K->130050K(260032K), 0.0044960 secs] [Times: user=0.01 sys=0.00, real=0.00 secs] 
2012-10-23T07:49:14.153+0100: 307230.136: [GC 307230.136: [DefNew: 17345K->939K(19136K), 0.0058670 secs] 147057K->130651K(260032K), 0.0060530 secs] [Times: user=0.01 sys=0.00, real=0.01 secs] 
2012-10-23T07:50:03.920+0100: 307279.903: [GC 307279.903: [DefNew: 17963K->974K(19136K), 0.0060950 secs] 147675K->130716K(260032K), 0.0061970 secs] [Times: user=0.01 sys=0.00, real=0.00 secs] 
2012-10-23T07:50:53.859+0100: 307329.842: [GC 307329.842: [DefNew: 17998K->1099K(19136K), 0.0062130 secs] 147740K->130840K(260032K), 0.0063310 secs] [Times: user=0.00 sys=0.00, real=0.00 secs] 
2012-10-23T07:51:38.864+0100: 307374.847: [GC 307374.847: [DefNew: 18123K->1119K(19136K), 0.0062960 secs] 147864K->130922K(260032K), 0.0064100 secs] [Times: user=0.01 sys=0.00, real=0.01 secs] 
2012-10-23T07:52:33.039+0100: 307429.022: [GC 307429.022: [DefNew: 18143K->834K(19136K), 0.0061300 secs] 147946K->130761K(260032K), 0.0062700 secs] [Times: user=0.01 sys=0.00, real=0.00 secs] 
2012-10-23T07:53:22.917+0100: 307478.900: [GC 307478.900: [DefNew: 17858K->760K(19136K), 0.0053220 secs] 147785K->130688K(260032K), 0.0054260 secs] [Times: user=0.00 sys=0.00, real=0.01 secs] 
2012-10-23T07:54:13.011+0100: 307528.994: [GC 307528.994: [DefNew: 17784K->695K(19136K), 0.0095060 secs] 147712K->130622K(260032K), 0.0096260 secs] [Times: user=0.01 sys=0.00, real=0.01 secs] 
2012-10-23T07:55:02.650+0100: 307578.633: [GC 307578.633: [DefNew: 17705K->726K(19136K), 0.0057550 secs] 147632K->130789K(260032K), 0.0058610 secs] [Times: user=0.01 sys=0.00, real=0.00 secs] 
2012-10-23T07:55:52.917+0100: 307628.899: [GC 307628.900: [DefNew: 17750K->810K(19136K), 0.0055310 secs] 147813K->130874K(260032K), 0.0056350 secs] [Times: user=0.00 sys=0.00, real=0.01 secs] 
2012-10-23T07:56:42.945+0100: 307678.928: [GC 307678.928: [DefNew: 17807K->685K(19136K), 0.0050610 secs] 147871K->130748K(260032K), 0.0051610 secs] [Times: user=0.01 sys=0.00, real=0.01 secs] 
2012-10-23T07:57:29.410+0100: 307725.393: [GC 307725.393: [DefNew: 17709K->1094K(19136K), 0.0059750 secs] 147772K->131219K(260032K), 0.0060740 secs] [Times: user=0.00 sys=0.00, real=0.00 secs] 
2012-10-23T07:58:23.060+0100: 307779.043: [GC 307779.043: [DefNew: 18103K->591K(19136K), 0.0049420 secs] 148229K->130779K(260032K), 0.0050360 secs] [Times: user=0.00 sys=0.00, real=0.00 secs] 
2012-10-23T07:59:07.975+0100: 307823.958: [GC 307823.958: [DefNew: 17615K->1095K(19136K), 0.0060790 secs] 147803K->131283K(260032K), 0.0061880 secs] [Times: user=0.01 sys=0.00, real=0.01 secs] 
2012-10-23T07:59:59.044+0100: 307875.027: [GC 307875.027: [DefNew: 18119K->1092K(19136K), 0.0058730 secs] 148307K->131280K(260032K), 0.0059740 secs] [Times: user=0.01 sys=0.00, real=0.01 secs] 
2012-10-23T08:00:49.122+0100: 307925.105: [GC 307925.105: [DefNew: 18116K->1006K(19136K), 0.0064690 secs] 148304K->131319K(260032K), 0.0065820 secs] [Times: user=0.01 sys=0.00, real=0.01 secs] 
2012-10-23T08:01:34.029+0100: 307970.012: [GC 307970.012: [DefNew: 18002K->1065K(19136K), 0.0060460 secs] 148314K->131377K(260032K), 0.0061510 secs] [Times: user=0.01 sys=0.00, real=0.00 secs] 
2012-10-23T08:02:28.050+0100: 308024.033: [GC 308024.033: [DefNew: 18068K->561K(19136K), 0.0087980 secs] 148380K->130935K(260032K), 0.0091720 secs] [Times: user=0.00 sys=0.00, real=0.01 secs] 
2012-10-23T08:03:13.996+0100: 308069.979: [GC 308069.979: [DefNew: 17585K->1133K(19136K), 0.0075580 secs] 147959K->131507K(260032K), 0.0076890 secs] [Times: user=0.00 sys=0.00, real=0.01 secs] 
2012-10-23T08:04:03.061+0100: 308119.044: [GC 308119.044: [DefNew: 18138K->912K(19136K), 0.0060070 secs] 148512K->131410K(260032K), 0.0061150 secs] [Times: user=0.00 sys=0.00, real=0.01 secs] 
2012-10-23T08:04:53.924+0100: 308169.907: [GC 308169.907: [DefNew: 17935K->972K(19136K), 0.0103640 secs] 148434K->131470K(260032K), 0.0105030 secs] [Times: user=0.00 sys=0.01, real=0.01 secs] 
2012-10-23T08:05:43.911+0100: 308219.894: [GC 308219.894: [DefNew: 17969K->1002K(19136K), 0.0057150 secs] 148468K->131501K(260032K), 0.0058160 secs] [Times: user=0.00 sys=0.00, real=0.00 secs] 
2012-10-23T08:06:29.721+0100: 308265.704: [GC 308265.704: [DefNew: 18026K->1186K(19136K), 0.0059500 secs] 148525K->131684K(260032K), 0.0060510 secs] [Times: user=0.00 sys=0.01, real=0.00 secs] 
2012-10-23T08:07:23.098+0100: 308319.081: [GC 308319.081: [DefNew: 18209K->591K(19136K), 0.0050650 secs] 148707K->131152K(260032K), 0.0051580 secs] [Times: user=0.00 sys=0.00, real=0.00 secs] 
2012-10-23T08:08:13.079+0100: 308369.062: [GC 308369.062: [DefNew: 17615K->782K(19136K), 0.0052550 secs] 148176K->131343K(260032K), 0.0053520 secs] [Times: user=0.00 sys=0.01, real=0.00 secs] 
2012-10-23T08:08:59.086+0100: 308415.069: [GC 308415.069: [DefNew: 17806K->1193K(19136K), 0.0066190 secs] 148367K->131754K(260032K), 0.0067620 secs] [Times: user=0.00 sys=0.00, real=0.01 secs] 
2012-10-23T08:09:53.347+0100: 308469.330: [GC 308469.330: [DefNew: 18207K->560K(19136K), 0.0048270 secs] 148768K->131121K(260032K), 0.0049220 secs] [Times: user=0.01 sys=0.00, real=0.01 secs] 
2012-10-23T08:10:39.089+0100: 308515.071: [GC 308515.072: [DefNew: 17584K->1101K(19136K), 0.0061870 secs] 148145K->131662K(260032K), 0.0063120 secs] [Times: user=0.00 sys=0.00, real=0.00 secs] 
2012-10-23T08:11:28.002+0100: 308563.985: [GC 308563.985: [DefNew: 18097K->845K(19136K), 0.0053850 secs] 148659K->131406K(260032K), 0.0054810 secs] [Times: user=0.00 sys=0.00, real=0.00 secs] 
2012-10-23T08:12:17.970+0100: 308613.953: [GC 308613.953: [DefNew: 17869K->976K(19136K), 0.0061870 secs] 148430K->131538K(260032K), 0.0062890 secs] [Times: user=0.01 sys=0.00, real=0.00 secs] 
2012-10-23T08:13:09.181+0100: 308665.164: [GC 308665.164: [DefNew: 18000K->1117K(19136K), 0.0067460 secs] 148562K->131678K(260032K), 0.0068560 secs] [Times: user=0.00 sys=0.00, real=0.01 secs] 
2012-10-23T08:13:58.085+0100: 308714.068: [GC 308714.068: [DefNew: 18141K->923K(19136K), 0.0061240 secs] 148702K->131547K(260032K), 0.0062450 secs] [Times: user=0.01 sys=0.00, real=0.01 secs] 
2012-10-23T08:14:49.521+0100: 308765.504: [GC 308765.504: [DefNew: 17947K->1136K(19136K), 0.0062980 secs] 148571K->131760K(260032K), 0.0064060 secs] [Times: user=0.01 sys=0.00, real=0.01 secs] 
2012-10-23T08:15:38.826+0100: 308814.809: [GC 308814.809: [DefNew: 18139K->971K(19136K), 0.0062210 secs] 148762K->131668K(260032K), 0.0063350 secs] [Times: user=0.01 sys=0.00, real=0.01 secs] 
2012-10-23T08:16:27.971+0100: 308863.954: [GC 308863.954: [DefNew: 17995K->663K(19136K), 0.0063100 secs] 148692K->131361K(260032K), 0.0064150 secs] [Times: user=0.01 sys=0.00, real=0.00 secs] 
2012-10-23T08:17:18.046+0100: 308914.029: [GC 308914.029: [DefNew: 17684K->914K(19136K), 0.0094350 secs] 148382K->131612K(260032K), 0.0095530 secs] [Times: user=0.00 sys=0.00, real=0.01 secs] 
2012-10-23T08:18:08.058+0100: 308964.041: [GC 308964.041: [DefNew: 17919K->760K(19136K), 0.0054990 secs] 148616K->131520K(260032K), 0.0055950 secs] [Times: user=0.00 sys=0.01, real=0.00 secs] 
2012-10-23T08:18:54.249+0100: 309010.232: [GC 309010.232: [DefNew: 17784K->1521K(19136K), 0.0076430 secs] 148544K->132281K(260032K), 0.0077510 secs] [Times: user=0.01 sys=0.00, real=0.00 secs] 
2012-10-23T08:19:48.039+0100: 309064.022: [GC 309064.022: [DefNew: 18516K->307K(19136K), 0.0097920 secs] 149276K->131609K(260032K), 0.0099140 secs] [Times: user=0.01 sys=0.00, real=0.01 secs] 
2012-10-23T08:20:38.042+0100: 309114.025: [GC 309114.025: [DefNew: 17299K->375K(19136K), 0.0046110 secs] 148602K->131677K(260032K), 0.0047080 secs] [Times: user=0.00 sys=0.00, real=0.00 secs] 
2012-10-23T08:21:24.198+0100: 309160.181: [GC 309160.181: [DefNew: 17369K->1047K(19136K), 0.0085130 secs] 148672K->132349K(260032K), 0.0086400 secs] [Times: user=0.01 sys=0.00, real=0.00 secs] 
2012-10-23T08:22:14.107+0100: 309210.089: [GC 309210.090: [DefNew: 18071K->1046K(19136K), 0.0060470 secs] 149373K->132349K(260032K), 0.0061590 secs] [Times: user=0.01 sys=0.00, real=0.01 secs] 
2012-10-23T08:23:08.150+0100: 309264.133: [GC 309264.134: [DefNew: 18058K->351K(19136K), 0.0046620 secs] 149361K->131654K(260032K), 0.0047530 secs] [Times: user=0.00 sys=0.00, real=0.00 secs] 
2012-10-23T08:23:54.167+0100: 309310.150: [GC 309310.150: [DefNew: 17375K->1181K(19136K), 0.0063100 secs] 148678K->132483K(260032K), 0.0064210 secs] [Times: user=0.00 sys=0.00, real=0.01 secs] 
2012-10-23T08:24:48.057+0100: 309364.039: [GC 309364.040: [DefNew: 18173K->446K(19136K), 0.0052600 secs] 149475K->131884K(260032K), 0.0053580 secs] [Times: user=0.01 sys=0.00, real=0.01 secs] 
2012-10-23T08:25:38.103+0100: 309414.086: [GC 309414.086: [DefNew: 17440K->510K(19136K), 0.0058160 secs] 148878K->132072K(260032K), 0.0064270 secs] [Times: user=0.01 sys=0.00, real=0.01 secs] 
2012-10-23T08:26:25.139+0100: 309461.122: [GC 309461.122: [DefNew: 17534K->1230K(19136K), 0.0043830 secs] 149096K->132793K(260032K), 0.0044740 secs] [Times: user=0.00 sys=0.00, real=0.00 secs] 
2012-10-23T08:27:18.127+0100: 309514.110: [GC 309514.111: [DefNew: 18242K->467K(19136K), 0.0100030 secs] 149804K->132165K(260032K), 0.0101200 secs] [Times: user=0.01 sys=0.00, real=0.01 secs] 
2012-10-23T08:28:08.140+0100: 309564.123: [GC 309564.123: [DefNew: 17491K->818K(19136K), 0.0053900 secs] 149189K->132516K(260032K), 0.0055170 secs] [Times: user=0.01 sys=0.00, real=0.00 secs] 
2012-10-23T08:28:54.332+0100: 309610.315: [GC 309610.315: [DefNew: 17842K->1143K(19136K), 0.0071160 secs] 149540K->132841K(260032K), 0.0072240 secs] [Times: user=0.01 sys=0.00, real=0.01 secs] 
2012-10-23T08:29:28.239+0100: 309644.222: [GC 309644.222: [DefNew: 18167K->710K(19136K), 0.0053810 secs] 149865K->132471K(260032K), 0.0054950 secs] [Times: user=0.01 sys=0.00, real=0.00 secs] 
2012-10-23T08:30:18.271+0100: 309694.254: [GC 309694.254: [DefNew: 17734K->720K(19136K), 0.0054520 secs] 149495K->132543K(260032K), 0.0055530 secs] [Times: user=0.00 sys=0.00, real=0.00 secs] 
2012-10-23T08:31:08.139+0100: 309744.122: [GC 309744.122: [DefNew: 17742K->562K(19136K), 0.0053380 secs] 149564K->132385K(260032K), 0.0054370 secs] [Times: user=0.00 sys=0.00, real=0.00 secs] 
2012-10-23T08:31:54.911+0100: 309790.894: [GC 309790.894: [DefNew: 17586K->983K(19136K), 0.0058660 secs] 149409K->132836K(260032K), 0.0059680 secs] [Times: user=0.00 sys=0.00, real=0.00 secs] 
2012-10-23T08:32:48.252+0100: 309844.235: [GC 309844.235: [DefNew: 18006K->533K(19136K), 0.0053120 secs] 149858K->132388K(260032K), 0.0054100 secs] [Times: user=0.00 sys=0.00, real=0.00 secs] 
2012-10-23T08:33:38.378+0100: 309894.361: [GC 309894.361: [DefNew: 17543K->688K(19136K), 0.0051090 secs] 149398K->132543K(260032K), 0.0052230 secs] [Times: user=0.00 sys=0.00, real=0.00 secs] 
2012-10-23T08:34:24.478+0100: 309940.461: [GC 309940.461: [DefNew: 17712K->1036K(19136K), 0.0058110 secs] 149567K->132891K(260032K), 0.0059100 secs] [Times: user=0.01 sys=0.00, real=0.00 secs] 
2012-10-23T08:35:14.404+0100: 309990.387: [GC 309990.387: [DefNew: 18060K->1224K(19136K), 0.0061310 secs] 149915K->133079K(260032K), 0.0062410 secs] [Times: user=0.00 sys=0.00, real=0.01 secs] 
2012-10-23T08:36:03.168+0100: 310039.151: [GC 310039.151: [DefNew: 18248K->975K(19136K), 0.0062390 secs] 150103K->133016K(260032K), 0.0063430 secs] [Times: user=0.00 sys=0.00, real=0.00 secs] 
2012-10-23T08:36:53.490+0100: 310089.473: [GC 310089.473: [DefNew: 17999K->782K(19136K), 0.0052750 secs] 150040K->132823K(260032K), 0.0053770 secs] [Times: user=0.00 sys=0.00, real=0.00 secs] 
2012-10-23T08:37:43.340+0100: 310139.323: [GC 310139.323: [DefNew: 17806K->1010K(19136K), 0.0071950 secs] 149847K->133051K(260032K), 0.0073110 secs] [Times: user=0.01 sys=0.00, real=0.00 secs] 
2012-10-23T08:38:33.180+0100: 310189.163: [GC 310189.163: [DefNew: 18018K->905K(19136K), 0.0055500 secs] 150059K->133009K(260032K), 0.0056490 secs] [Times: user=0.00 sys=0.01, real=0.00 secs] 
2012-10-23T08:39:19.178+0100: 310235.161: [GC 310235.161: [DefNew: 17929K->1225K(19136K), 0.0063720 secs] 150033K->133391K(260032K), 0.0064870 secs] [Times: user=0.00 sys=0.01, real=0.00 secs] 
2012-10-23T08:40:13.147+0100: 310289.130: [GC 310289.130: [DefNew: 18239K->464K(19136K), 0.0053590 secs] 150405K->132815K(260032K), 0.0055050 secs] [Times: user=0.00 sys=0.00, real=0.01 secs] 
2012-10-23T08:41:03.334+0100: 310339.317: [GC 310339.317: [DefNew: 17472K->343K(19136K), 0.0030970 secs] 149824K->132695K(260032K), 0.0117350 secs] [Times: user=0.00 sys=0.00, real=0.01 secs] 
2012-10-23T08:41:53.516+0100: 310389.498: [GC 310389.499: [DefNew: 17341K->153K(19136K), 0.0050050 secs] 149693K->132629K(260032K), 0.0051010 secs] [Times: user=0.00 sys=0.00, real=0.01 secs] 
2012-10-23T08:42:43.365+0100: 310439.348: [GC 310439.348: [DefNew: 17177K->310K(19136K), 0.0048970 secs] 149653K->132816K(260032K), 0.0049960 secs] [Times: user=0.01 sys=0.00, real=0.01 secs] 
2012-10-23T08:42:43.374+0100: 310439.357: [GC [1 CMS-initial-mark: 132505K(240896K)] 132875K(260032K), 0.0227390 secs] [Times: user=0.00 sys=0.00, real=0.02 secs] 
2012-10-23T08:42:43.397+0100: 310439.380: [CMS-concurrent-mark-start]
2012-10-23T08:42:43.619+0100: 310439.602: [CMS-concurrent-mark: 0.222/0.222 secs] [Times: user=0.10 sys=0.05, real=0.23 secs] 
2012-10-23T08:42:43.619+0100: 310439.602: [CMS-concurrent-preclean-start]
2012-10-23T08:42:43.621+0100: 310439.604: [CMS-concurrent-preclean: 0.002/0.002 secs] [Times: user=0.00 sys=0.00, real=0.00 secs] 
2012-10-23T08:42:43.622+0100: 310439.605: [GC[YG occupancy: 1495 K (19136 K)]310439.605: [Rescan (non-parallel) 310439.605: [grey object rescan, 0.0012820 secs]310439.606: [root rescan, 0.0055070 secs], 0.0068470 secs]310439.612: [weak refs processing, 0.0548980 secs] [1 CMS-remark: 132505K(240896K)] 134001K(260032K), 0.0622540 secs] [Times: user=0.06 sys=0.00, real=0.06 secs] 
2012-10-23T08:42:43.685+0100: 310439.668: [CMS-concurrent-sweep-start]
2012-10-23T08:42:43.844+0100: 310439.827: [CMS-concurrent-sweep: 0.160/0.160 secs] [Times: user=0.15 sys=0.00, real=0.16 secs] 
2012-10-23T08:42:43.845+0100: 310439.827: [CMS-concurrent-reset-start]
2012-10-23T08:42:43.846+0100: 310439.829: [CMS-concurrent-reset: 0.002/0.002 secs] [Times: user=0.00 sys=0.00, real=0.00 secs] 
2012-10-23T08:43:28.216+0100: 310484.199: [GC 310484.199: [DefNew: 17334K->371K(19136K), 0.0069120 secs] 42090K->25127K(260032K), 0.0070360 secs] [Times: user=0.01 sys=0.00, real=0.01 secs] 
2012-10-23T08:44:18.070+0100: 310534.053: [GC 310534.053: [DefNew: 17366K->625K(19136K), 0.0050840 secs] 42122K->25381K(260032K), 0.0051800 secs] [Times: user=0.00 sys=0.00, real=0.00 secs] 
2012-10-23T08:45:04.443+0100: 310580.426: [GC 310580.426: [DefNew: 17649K->1105K(19136K), 0.0061790 secs] 42405K->25861K(260032K), 0.0062820 secs] [Times: user=0.01 sys=0.00, real=0.01 secs] 
2012-10-23T08:45:58.438+0100: 310634.420: [GC 310634.421: [DefNew: 18118K->404K(19136K), 0.0050950 secs] 42874K->25222K(260032K), 0.0051890 secs] [Times: user=0.00 sys=0.00, real=0.00 secs] 
2012-10-23T08:46:48.257+0100: 310684.240: [GC 310684.240: [DefNew: 17428K->443K(19136K), 0.0054700 secs] 42246K->25325K(260032K), 0.0055730 secs] [Times: user=0.01 sys=0.00, real=0.01 secs] 
2012-10-23T08:47:38.041+0100: 310734.024: [GC 310734.024: [DefNew: 17467K->787K(19136K), 0.0062850 secs] 42349K->25669K(260032K), 0.0064020 secs] [Times: user=0.01 sys=0.00, real=0.01 secs] 
2012-10-23T08:48:28.208+0100: 310784.191: [GC 310784.191: [DefNew: 17780K->723K(19136K), 0.0053720 secs] 42662K->25605K(260032K), 0.0054700 secs] [Times: user=0.00 sys=0.01, real=0.00 secs] 
2012-10-23T08:49:14.675+0100: 310830.658: [GC 310830.659: [DefNew: 17747K->1295K(19136K), 0.0097660 secs] 42629K->26177K(260032K), 0.0098850 secs] [Times: user=0.00 sys=0.00, real=0.01 secs] 
2012-10-23T08:50:04.399+0100: 310880.382: [GC 310880.382: [DefNew: 18319K->849K(19136K), 0.0065700 secs] 43201K->25981K(260032K), 0.0066730 secs] [Times: user=0.00 sys=0.00, real=0.00 secs] 
2012-10-23T08:50:58.304+0100: 310934.287: [GC 310934.287: [DefNew: 17866K->409K(19136K), 0.0049110 secs] 42999K->25541K(260032K), 0.0050100 secs] [Times: user=0.01 sys=0.00, real=0.01 secs] 
2012-10-23T08:51:48.319+0100: 310984.302: [GC 310984.302: [DefNew: 17433K->749K(19136K), 0.0064440 secs] 42565K->25882K(260032K), 0.0065480 secs] [Times: user=0.01 sys=0.00, real=0.00 secs] 
2012-10-23T08:52:38.187+0100: 311034.170: [GC 311034.170: [DefNew: 17773K->1020K(19136K), 0.0063350 secs] 42906K->26152K(260032K), 0.0064430 secs] [Times: user=0.00 sys=0.00, real=0.01 secs] 
2012-10-23T08:53:28.315+0100: 311084.298: [GC 311084.298: [DefNew: 18039K->892K(19136K), 0.0061230 secs] 43171K->26086K(260032K), 0.0062710 secs] [Times: user=0.01 sys=0.00, real=0.01 secs] 
2012-10-23T08:54:14.587+0100: 311130.570: [GC 311130.570: [DefNew: 17902K->1386K(19136K), 0.0069260 secs] 43096K->26580K(260032K), 0.0070310 secs] [Times: user=0.00 sys=0.00, real=0.00 secs] 
2012-10-23T08:55:04.385+0100: 311180.368: [GC 311180.368: [DefNew: 18410K->820K(19136K), 0.0152470 secs] 43604K->26527K(260032K), 0.0154250 secs] [Times: user=0.01 sys=0.00, real=0.02 secs] 
2012-10-23T08:55:54.556+0100: 311230.538: [GC 311230.539: [DefNew: 17844K->793K(19136K), 0.0058350 secs] 43551K->26500K(260032K), 0.0059420 secs] [Times: user=0.01 sys=0.00, real=0.01 secs] 
2012-10-23T08:56:44.475+0100: 311280.458: [GC 311280.458: [DefNew: 17806K->848K(19136K), 0.0082710 secs] 43513K->26556K(260032K), 0.0083820 secs] [Times: user=0.00 sys=0.00, real=0.01 secs] 
2012-10-23T08:57:38.431+0100: 311334.414: [GC 311334.414: [DefNew: 17863K->214K(19136K), 0.0044530 secs] 43570K->25922K(260032K), 0.0045460 secs] [Times: user=0.00 sys=0.00, real=0.00 secs] 
2012-10-23T08:58:24.890+0100: 311380.873: [GC 311380.873: [DefNew: 17238K->1027K(19136K), 0.0063510 secs] 42946K->26767K(260032K), 0.0064720 secs] [Times: user=0.00 sys=0.00, real=0.00 secs] 
2012-10-23T08:59:14.492+0100: 311430.474: [GC 311430.475: [DefNew: 18043K->1004K(19136K), 0.0062470 secs] 43783K->26744K(260032K), 0.0063550 secs] [Times: user=0.01 sys=0.00, real=0.01 secs] 
2012-10-23T09:00:03.458+0100: 311479.441: [GC 311479.441: [DefNew: 18028K->1069K(19136K), 0.0059970 secs] 43768K->26809K(260032K), 0.0060970 secs] [Times: user=0.00 sys=0.00, real=0.00 secs] 
2012-10-23T09:00:54.210+0100: 311530.193: [GC 311530.193: [DefNew: 18093K->1103K(19136K), 0.0060750 secs] 43833K->26876K(260032K), 0.0061790 secs] [Times: user=0.00 sys=0.00, real=0.00 secs] 
2012-10-23T09:01:43.413+0100: 311579.396: [GC 311579.396: [DefNew: 18107K->784K(19136K), 0.0066880 secs] 43880K->26710K(260032K), 0.0067940 secs] [Times: user=0.00 sys=0.00, real=0.01 secs] 
2012-10-23T09:02:34.486+0100: 311630.469: [GC 311630.469: [DefNew: 17808K->1108K(19136K), 0.0061260 secs] 43734K->27035K(260032K), 0.0062370 secs] [Times: user=0.00 sys=0.00, real=0.01 secs] 
2012-10-23T09:03:24.469+0100: 311680.452: [GC 311680.452: [DefNew: 18132K->1013K(19136K), 0.0060390 secs] 44059K->27002K(260032K), 0.0061500 secs] [Times: user=0.00 sys=0.00, real=0.00 secs] 
2012-10-23T09:04:13.451+0100: 311729.434: [GC 311729.434: [DefNew: 18037K->983K(19136K), 0.0061180 secs] 44026K->26972K(260032K), 0.0062290 secs] [Times: user=0.00 sys=0.00, real=0.00 secs] 
2012-10-23T09:05:03.403+0100: 311779.386: [GC 311779.386: [DefNew: 17999K->1107K(19136K), 0.0059160 secs] 43988K->27096K(260032K), 0.0060220 secs] [Times: user=0.01 sys=0.00, real=0.01 secs] 
2012-10-23T09:05:54.366+0100: 311830.349: [GC 311830.349: [DefNew: 18131K->1181K(19136K), 0.0062700 secs] 44120K->27232K(260032K), 0.0063730 secs] [Times: user=0.00 sys=0.00, real=0.01 secs] 
2012-10-23T09:06:43.442+0100: 311879.425: [GC 311879.425: [DefNew: 18205K->811K(19136K), 0.0063030 secs] 44256K->27060K(260032K), 0.0064150 secs] [Times: user=0.01 sys=0.00, real=0.01 secs] 
2012-10-23T09:07:34.478+0100: 311930.461: [GC 311930.461: [DefNew: 17835K->1006K(19136K), 0.0065380 secs] 44084K->27255K(260032K), 0.0066500 secs] [Times: user=0.00 sys=0.00, real=0.00 secs] 
2012-10-23T09:08:24.438+0100: 311980.421: [GC 311980.421: [DefNew: 18030K->1074K(19136K), 0.0061690 secs] 44279K->27323K(260032K), 0.0062780 secs] [Times: user=0.00 sys=0.00, real=0.00 secs] 
2012-10-23T09:09:13.515+0100: 312029.498: [GC 312029.498: [DefNew: 18091K->719K(19136K), 0.0055290 secs] 44340K->27030K(260032K), 0.0056320 secs] [Times: user=0.01 sys=0.00, real=0.01 secs] 
2012-10-23T09:09:59.504+0100: 312075.487: [GC 312075.487: [DefNew: 17743K->1100K(19136K), 0.0059740 secs] 44054K->27411K(260032K), 0.0060850 secs] [Times: user=0.00 sys=0.00, real=0.01 secs] 
2012-10-23T09:10:49.445+0100: 312125.428: [GC 312125.428: [DefNew: 18124K->1042K(19136K), 0.0079060 secs] 44435K->27353K(260032K), 0.0080290 secs] [Times: user=0.01 sys=0.00, real=0.01 secs] 
2012-10-23T09:11:39.527+0100: 312175.510: [GC 312175.510: [DefNew: 18066K->1165K(19136K), 0.0062620 secs] 44377K->27476K(260032K), 0.0063810 secs] [Times: user=0.01 sys=0.00, real=0.01 secs] 
2012-10-23T09:12:29.720+0100: 312225.703: [GC 312225.703: [DefNew: 18189K->1159K(19136K), 0.0071500 secs] 44500K->27595K(260032K), 0.0072550 secs] [Times: user=0.00 sys=0.01, real=0.01 secs] 
2012-10-23T09:13:19.663+0100: 312275.645: [GC 312275.646: [DefNew: 18183K->1065K(19136K), 0.0065640 secs] 44619K->27718K(260032K), 0.0066730 secs] [Times: user=0.01 sys=0.00, real=0.01 secs] 
2012-10-23T09:14:13.559+0100: 312329.542: [GC 312329.542: [DefNew: 18068K->154K(19136K), 0.0044190 secs] 44721K->26868K(260032K), 0.0045260 secs] [Times: user=0.00 sys=0.00, real=0.00 secs] 
2012-10-23T09:14:59.632+0100: 312375.615: [GC 312375.615: [DefNew: 17178K->984K(19136K), 0.0065660 secs] 43892K->27698K(260032K), 0.0066790 secs] [Times: user=0.01 sys=0.00, real=0.01 secs] 
2012-10-23T09:15:53.487+0100: 312429.469: [GC 312429.470: [DefNew: 18008K->342K(19136K), 0.0045390 secs] 44722K->27057K(260032K), 0.0046410 secs] [Times: user=0.01 sys=0.00, real=0.01 secs] 
2012-10-23T09:16:39.554+0100: 312475.537: [GC 312475.537: [DefNew: 17366K->1145K(19136K), 0.0095820 secs] 44081K->27860K(260032K), 0.0097340 secs] [Times: user=0.01 sys=0.00, real=0.01 secs] 
2012-10-23T09:17:33.728+0100: 312529.711: [GC 312529.711: [DefNew: 18141K->476K(19136K), 0.0047480 secs] 44856K->27191K(260032K), 0.0048420 secs] [Times: user=0.00 sys=0.00, real=0.00 secs] 
2012-10-23T09:18:23.576+0100: 312579.559: [GC 312579.559: [DefNew: 17481K->445K(19136K), 0.0046610 secs] 44195K->27159K(260032K), 0.0047600 secs] [Times: user=0.00 sys=0.00, real=0.01 secs] 
2012-10-23T09:19:09.422+0100: 312625.405: [GC 312625.405: [DefNew: 17469K->1068K(19136K), 0.0057550 secs] 44183K->27783K(260032K), 0.0058590 secs] [Times: user=0.01 sys=0.00, real=0.01 secs] 
2012-10-23T09:19:59.599+0100: 312675.582: [GC 312675.582: [DefNew: 18092K->1098K(19136K), 0.0062000 secs] 44807K->27887K(260032K), 0.0063010 secs] [Times: user=0.00 sys=0.00, real=0.00 secs] 
2012-10-23T09:20:49.739+0100: 312725.722: [GC 312725.722: [DefNew: 18122K->1038K(19136K), 0.0063720 secs] 44911K->27889K(260032K), 0.0065120 secs] [Times: user=0.00 sys=0.00, real=0.00 secs] 
2012-10-23T09:21:38.541+0100: 312774.523: [GC 312774.524: [DefNew: 18062K->916K(19136K), 0.0061760 secs] 44913K->27767K(260032K), 0.0062910 secs] [Times: user=0.01 sys=0.00, real=0.00 secs] 
2012-10-23T09:22:28.530+0100: 312824.513: [GC 312824.513: [DefNew: 17940K->1108K(19136K), 0.0059910 secs] 44791K->27958K(260032K), 0.0060980 secs] [Times: user=0.00 sys=0.00, real=0.00 secs] 
2012-10-23T09:23:18.543+0100: 312874.526: [GC 312874.526: [DefNew: 18132K->955K(19136K), 0.0058730 secs] 44982K->27806K(260032K), 0.0059730 secs] [Times: user=0.01 sys=0.00, real=0.01 secs] 
2012-10-23T09:24:08.836+0100: 312924.819: [GC 312924.819: [DefNew: 17979K->555K(19136K), 0.0053120 secs] 44830K->27468K(260032K), 0.0054090 secs] [Times: user=0.01 sys=0.00, real=0.01 secs] 
2012-10-23T09:24:56.570+0100: 312972.553: [GC 312972.553: [DefNew: 17579K->1210K(19136K), 0.0064210 secs] 44492K->28196K(260032K), 0.0065270 secs] [Times: user=0.00 sys=0.00, real=0.00 secs] 
2012-10-23T09:25:45.849+0100: 313021.832: [GC 313021.832: [DefNew: 18234K->763K(19136K), 0.0063770 secs] 45220K->27948K(260032K), 0.0064810 secs] [Times: user=0.00 sys=0.00, real=0.00 secs] 
2012-10-23T09:26:33.576+0100: 313069.559: [GC 313069.559: [DefNew: 17773K->406K(19136K), 0.0110890 secs] 44957K->27591K(260032K), 0.0112130 secs] [Times: user=0.01 sys=0.00, real=0.02 secs] 
2012-10-23T09:27:23.578+0100: 313119.561: [GC 313119.561: [DefNew: 17430K->529K(19136K), 0.0050450 secs] 44615K->27714K(260032K), 0.0051450 secs] [Times: user=0.01 sys=0.00, real=0.00 secs] 
2012-10-23T09:28:13.923+0100: 313169.906: [GC 313169.906: [DefNew: 17553K->670K(19136K), 0.0054010 secs] 44738K->27916K(260032K), 0.0055020 secs] [Times: user=0.01 sys=0.00, real=0.01 secs] 
2012-10-23T09:28:58.986+0100: 313214.969: [GC 313214.969: [DefNew: 17694K->875K(19136K), 0.0060410 secs] 44940K->28121K(260032K), 0.0061400 secs] [Times: user=0.02 sys=0.00, real=0.01 secs] 
2012-10-23T09:29:33.891+0100: 313249.874: [GC 313249.874: [DefNew: 17890K->768K(19136K), 0.0056740 secs] 45137K->28015K(260032K), 0.0058120 secs] [Times: user=0.00 sys=0.00, real=0.00 secs] 
2012-10-23T09:30:23.514+0100: 313299.497: [GC 313299.497: [DefNew: 17791K->604K(19136K), 0.0052800 secs] 45038K->27851K(260032K), 0.0053800 secs] [Times: user=0.00 sys=0.00, real=0.01 secs] 
2012-10-23T09:31:09.599+0100: 313345.582: [GC 313345.582: [DefNew: 17628K->1229K(19136K), 0.0110440 secs] 44875K->28476K(260032K), 0.0111720 secs] [Times: user=0.01 sys=0.00, real=0.01 secs] 
2012-10-23T09:31:59.875+0100: 313395.857: [GC 313395.858: [DefNew: 18253K->1096K(19136K), 0.0073490 secs] 45500K->28478K(260032K), 0.0074730 secs] [Times: user=0.00 sys=0.00, real=0.01 secs] 
2012-10-23T09:32:49.857+0100: 313445.840: [GC 313445.840: [DefNew: 18120K->1166K(19136K), 0.0069000 secs] 45502K->28672K(260032K), 0.0070060 secs] [Times: user=0.01 sys=0.00, real=0.00 secs] 
2012-10-23T09:33:40.483+0100: 313496.465: [GC 313496.466: [DefNew: 18190K->1029K(19136K), 0.0066730 secs] 45696K->28753K(260032K), 0.0067830 secs] [Times: user=0.00 sys=0.00, real=0.01 secs] 
2012-10-23T09:34:29.722+0100: 313545.705: [GC 313545.705: [DefNew: 18053K->1034K(19136K), 0.0059080 secs] 45777K->28758K(260032K), 0.0060180 secs] [Times: user=0.00 sys=0.00, real=0.01 secs] 
2012-10-23T09:35:23.776+0100: 313599.759: [GC 313599.759: [DefNew: 18056K->895K(19136K), 0.0056910 secs] 45780K->28619K(260032K), 0.0057880 secs] [Times: user=0.00 sys=0.00, real=0.01 secs] 
2012-10-23T09:36:14.704+0100: 313650.687: [GC 313650.687: [DefNew: 17901K->1002K(19136K), 0.0061470 secs] 45625K->28789K(260032K), 0.0062650 secs] [Times: user=0.01 sys=0.00, real=0.01 secs] 
2012-10-23T09:37:03.642+0100: 313699.625: [GC 313699.625: [DefNew: 18026K->1100K(19136K), 0.0067220 secs] 45813K->29011K(260032K), 0.0068440 secs] [Times: user=0.01 sys=0.00, real=0.01 secs] 
2012-10-23T09:37:53.781+0100: 313749.764: [GC 313749.764: [DefNew: 18124K->851K(19136K), 0.0054880 secs] 46035K->28762K(260032K), 0.0055810 secs] [Times: user=0.00 sys=0.00, real=0.00 secs] 
2012-10-23T09:38:43.646+0100: 313799.629: [GC 313799.629: [DefNew: 17875K->1046K(19136K), 0.0059040 secs] 45786K->28957K(260032K), 0.0060120 secs] [Times: user=0.00 sys=0.00, real=0.01 secs] 
2012-10-23T09:39:33.664+0100: 313849.647: [GC 313849.647: [DefNew: 18070K->873K(19136K), 0.0058020 secs] 45981K->28783K(260032K), 0.0059080 secs] [Times: user=0.01 sys=0.00, real=0.01 secs] 
2012-10-23T09:40:19.773+0100: 313895.756: [GC 313895.756: [DefNew: 17897K->1199K(19136K), 0.0074380 secs] 45807K->29234K(260032K), 0.0075580 secs] [Times: user=0.00 sys=0.00, real=0.01 secs] 
2012-10-23T09:41:08.653+0100: 313944.636: [GC 313944.636: [DefNew: 18221K->777K(19136K), 0.0060590 secs] 46255K->28936K(260032K), 0.0061650 secs] [Times: user=0.01 sys=0.00, real=0.01 secs] 
2012-10-23T09:41:58.614+0100: 313994.596: [GC 313994.597: [DefNew: 17801K->778K(19136K), 0.0107640 secs] 45960K->28938K(260032K), 0.0108960 secs] [Times: user=0.01 sys=0.00, real=0.01 secs] 
2012-10-23T09:42:49.846+0100: 314045.829: [GC 314045.829: [DefNew: 17802K->1068K(19136K), 0.0060610 secs] 45962K->29228K(260032K), 0.0061980 secs] [Times: user=0.00 sys=0.00, real=0.01 secs] 
2012-10-23T09:43:39.958+0100: 314095.941: [GC 314095.941: [DefNew: 18092K->1000K(19136K), 0.0074780 secs] 46252K->29284K(260032K), 0.0075980 secs] [Times: user=0.00 sys=0.00, real=0.00 secs] 
2012-10-23T09:44:30.030+0100: 314146.013: [GC 314146.013: [DefNew: 18024K->815K(19136K), 0.0062700 secs] 46308K->29285K(260032K), 0.0063800 secs] [Times: user=0.00 sys=0.00, real=0.00 secs] 
2012-10-23T09:45:19.912+0100: 314195.895: [GC 314195.895: [DefNew: 17814K->847K(19136K), 0.0059550 secs] 46284K->29317K(260032K), 0.0060640 secs] [Times: user=0.00 sys=0.00, real=0.01 secs] 
2012-10-23T09:46:08.775+0100: 314244.758: [GC 314244.758: [DefNew: 17871K->846K(19136K), 0.0075950 secs] 46341K->29316K(260032K), 0.0077130 secs] [Times: user=0.01 sys=0.00, real=0.01 secs] 
2012-10-23T09:46:58.742+0100: 314294.725: [GC 314294.725: [DefNew: 17870K->917K(19136K), 0.0099780 secs] 46340K->29387K(260032K), 0.0100920 secs] [Times: user=0.00 sys=0.01, real=0.01 secs] 
2012-10-23T09:47:49.745+0100: 314345.727: [GC 314345.728: [DefNew: 17941K->1040K(19136K), 0.0058580 secs] 46411K->29510K(260032K), 0.0059680 secs] [Times: user=0.00 sys=0.00, real=0.01 secs] 
2012-10-23T09:48:38.772+0100: 314394.755: [GC 314394.755: [DefNew: 18064K->984K(19136K), 0.0059340 secs] 46534K->29454K(260032K), 0.0060360 secs] [Times: user=0.00 sys=0.00, real=0.01 secs] 
2012-10-23T09:49:28.858+0100: 314444.841: [GC 314444.841: [DefNew: 18003K->783K(19136K), 0.0052700 secs] 46473K->29254K(260032K), 0.0053650 secs] [Times: user=0.00 sys=0.00, real=0.00 secs] 
2012-10-23T09:50:18.821+0100: 314494.804: [GC 314494.804: [DefNew: 17790K->718K(19136K), 0.0054980 secs] 46260K->29188K(260032K), 0.0056010 secs] [Times: user=0.00 sys=0.00, real=0.00 secs] 
2012-10-23T09:51:04.858+0100: 314540.841: [GC 314540.841: [DefNew: 17742K->1072K(19136K), 0.0062250 secs] 46212K->29542K(260032K), 0.0063470 secs] [Times: user=0.01 sys=0.00, real=0.00 secs] 
2012-10-23T09:51:54.750+0100: 314590.733: [GC 314590.733: [DefNew: 18093K->1201K(19136K), 0.0126670 secs] 46564K->29734K(260032K), 0.0128130 secs] [Times: user=0.00 sys=0.00, real=0.01 secs] 
2012-10-23T09:52:44.780+0100: 314640.763: [GC 314640.763: [DefNew: 18225K->1024K(19136K), 0.0068900 secs] 46758K->29681K(260032K), 0.0069980 secs] [Times: user=0.00 sys=0.00, real=0.00 secs] 
2012-10-23T09:53:38.826+0100: 314694.808: [GC 314694.809: [DefNew: 18029K->508K(19136K), 0.0047760 secs] 46685K->29164K(260032K), 0.0048980 secs] [Times: user=0.01 sys=0.00, real=0.01 secs] 
2012-10-23T09:54:23.801+0100: 314739.784: [GC 314739.784: [DefNew: 17532K->1025K(19136K), 0.0057860 secs] 46188K->29682K(260032K), 0.0058860 secs] [Times: user=0.00 sys=0.00, real=0.00 secs] 
2012-10-23T09:55:13.775+0100: 314789.758: [GC 314789.758: [DefNew: 18049K->941K(19136K), 0.0061260 secs] 46706K->29701K(260032K), 0.0062330 secs] [Times: user=0.01 sys=0.00, real=0.01 secs] 
2012-10-23T09:56:03.806+0100: 314839.789: [GC 314839.789: [DefNew: 17962K->684K(19136K), 0.0114440 secs] 46722K->29444K(260032K), 0.0115680 secs] [Times: user=0.00 sys=0.01, real=0.01 secs] 
2012-10-23T09:56:53.821+0100: 314889.804: [GC 314889.804: [DefNew: 17688K->623K(19136K), 0.0063180 secs] 46448K->29383K(260032K), 0.0072140 secs] [Times: user=0.01 sys=0.00, real=0.01 secs] 
2012-10-23T09:57:44.202+0100: 314940.185: [GC 314940.185: [DefNew: 17647K->822K(19136K), 0.0076430 secs] 46407K->29645K(260032K), 0.0077850 secs] [Times: user=0.01 sys=0.00, real=0.01 secs] 
2012-10-23T09:58:33.890+0100: 314989.873: [GC 314989.873: [DefNew: 17846K->980K(19136K), 0.0057380 secs] 46669K->29803K(260032K), 0.0058340 secs] [Times: user=0.00 sys=0.00, real=0.00 secs] 
2012-10-23T09:59:22.252+0100: 315038.235: [GC 315038.235: [DefNew: 18004K->393K(19136K), 0.0045800 secs] 46827K->29215K(260032K), 0.0046800 secs] [Times: user=0.00 sys=0.00, real=0.00 secs] 
2012-10-23T10:00:08.776+0100: 315084.759: [GC 315084.759: [DefNew: 17395K->844K(19136K), 0.0058890 secs] 46218K->29729K(260032K), 0.0060120 secs] [Times: user=0.01 sys=0.00, real=0.01 secs] 
2012-10-23T10:00:58.985+0100: 315134.968: [GC 315134.968: [DefNew: 17868K->782K(19136K), 0.0074730 secs] 46753K->29667K(260032K), 0.0075830 secs] [Times: user=0.00 sys=0.00, real=0.01 secs] 
2012-10-23T10:01:49.066+0100: 315185.049: [GC 315185.049: [DefNew: 17802K->593K(19136K), 0.0054390 secs] 46686K->29478K(260032K), 0.0055410 secs] [Times: user=0.01 sys=0.00, real=0.01 secs] 
2012-10-23T10:02:38.867+0100: 315234.850: [GC 315234.850: [DefNew: 17617K->624K(19136K), 0.0050910 secs] 46502K->29509K(260032K), 0.0051910 secs] [Times: user=0.00 sys=0.00, real=0.01 secs] 
2012-10-23T10:03:25.295+0100: 315281.278: [GC 315281.278: [DefNew: 17648K->1102K(19136K), 0.0060060 secs] 46533K->29987K(260032K), 0.0061170 secs] [Times: user=0.01 sys=0.00, real=0.01 secs] 
2012-10-23T10:04:14.062+0100: 315330.045: [GC 315330.045: [DefNew: 18109K->954K(19136K), 0.0057650 secs] 46993K->29838K(260032K), 0.0058680 secs] [Times: user=0.02 sys=0.00, real=0.01 secs] 
2012-10-23T10:05:03.947+0100: 315379.930: [GC 315379.930: [DefNew: 17978K->1075K(19136K), 0.0059420 secs] 46862K->29959K(260032K), 0.0060520 secs] [Times: user=0.01 sys=0.00, real=0.01 secs] 
2012-10-23T10:05:54.083+0100: 315430.066: [GC 315430.066: [DefNew: 18099K->832K(19136K), 0.0058310 secs] 46983K->29779K(260032K), 0.0059320 secs] [Times: user=0.01 sys=0.00, real=0.01 secs] 
2012-10-23T10:06:40.013+0100: 315475.996: [GC 315475.996: [DefNew: 17856K->1205K(19136K), 0.0043380 secs] 46803K->30151K(260032K), 0.0044240 secs] [Times: user=0.01 sys=0.00, real=0.01 secs] 
2012-10-23T10:07:34.069+0100: 315530.052: [GC 315530.052: [DefNew: 18204K->247K(19136K), 0.0056330 secs] 47150K->29392K(260032K), 0.0057410 secs] [Times: user=0.00 sys=0.00, real=0.00 secs] 
2012-10-23T10:08:23.994+0100: 315579.977: [GC 315579.978: [DefNew: 17271K->308K(19136K), 0.0044110 secs] 46416K->29453K(260032K), 0.0045140 secs] [Times: user=0.01 sys=0.00, real=0.01 secs] 
2012-10-23T10:09:09.010+0100: 315624.993: [GC 315624.993: [DefNew: 17311K->845K(19136K), 0.0055430 secs] 46455K->29990K(260032K), 0.0056680 secs] [Times: user=0.00 sys=0.00, real=0.00 secs] 
2012-10-23T10:09:59.013+0100: 315674.996: [GC 315674.996: [DefNew: 17869K->788K(19136K), 0.0053070 secs] 47014K->29933K(260032K), 0.0054030 secs] [Times: user=0.01 sys=0.00, real=0.01 secs] 
2012-10-23T10:10:49.037+0100: 315725.019: [GC 315725.020: [DefNew: 17812K->808K(19136K), 0.0062720 secs] 46957K->30015K(260032K), 0.0063700 secs] [Times: user=0.01 sys=0.00, real=0.01 secs] 
2012-10-23T10:11:35.103+0100: 315771.086: [GC 315771.086: [DefNew: 17832K->1159K(19136K), 0.0055080 secs] 47039K->30366K(260032K), 0.0056120 secs] [Times: user=0.01 sys=0.00, real=0.01 secs] 
2012-10-23T10:12:25.021+0100: 315821.004: [GC 315821.004: [DefNew: 18183K->1069K(19136K), 0.0067340 secs] 47390K->30401K(260032K), 0.0068720 secs] [Times: user=0.01 sys=0.00, real=0.01 secs] 
2012-10-23T10:13:18.950+0100: 315874.933: [GC 315874.933: [DefNew: 18089K->218K(19136K), 0.0055220 secs] 47420K->29674K(260032K), 0.0056260 secs] [Times: user=0.00 sys=0.00, real=0.00 secs] 
2012-10-23T10:14:04.030+0100: 315920.013: [GC 315920.013: [DefNew: 17242K->845K(19136K), 0.0057390 secs] 46698K->30301K(260032K), 0.0058420 secs] [Times: user=0.00 sys=0.00, real=0.00 secs] 
2012-10-23T10:14:53.955+0100: 315969.938: [GC 315969.938: [DefNew: 17869K->1010K(19136K), 0.0078990 secs] 47325K->30466K(260032K), 0.0080210 secs] [Times: user=0.00 sys=0.00, real=0.01 secs] 
2012-10-23T10:15:44.029+0100: 316020.012: [GC 316020.012: [DefNew: 18032K->718K(19136K), 0.0064560 secs] 47488K->30175K(260032K), 0.0065550 secs] [Times: user=0.00 sys=0.00, real=0.00 secs] 
2012-10-23T10:16:30.003+0100: 316065.986: [GC 316065.986: [DefNew: 17742K->1163K(19136K), 0.0107140 secs] 47199K->30619K(260032K), 0.0108480 secs] [Times: user=0.01 sys=0.00, real=0.01 secs] 
2012-10-23T10:17:20.210+0100: 316116.193: [GC 316116.193: [DefNew: 18187K->1049K(19136K), 0.0069840 secs] 47643K->30725K(260032K), 0.0070910 secs] [Times: user=0.00 sys=0.00, real=0.01 secs] 
2012-10-23T10:18:09.058+0100: 316165.041: [GC 316165.041: [DefNew: 18073K->1014K(19136K), 0.0058330 secs] 47749K->30691K(260032K), 0.0059540 secs] [Times: user=0.00 sys=0.00, real=0.00 secs] 
2012-10-23T10:18:59.262+0100: 316215.245: [GC 316215.245: [DefNew: 18022K->510K(19136K), 0.0075510 secs] 47698K->30187K(260032K), 0.0083140 secs] [Times: user=0.00 sys=0.00, real=0.01 secs] 
2012-10-23T10:19:49.314+0100: 316265.297: [GC 316265.297: [DefNew: 17524K->859K(19136K), 0.0055480 secs] 47200K->30535K(260032K), 0.0056430 secs] [Times: user=0.01 sys=0.00, real=0.01 secs] 
2012-10-23T10:20:39.039+0100: 316315.022: [GC 316315.022: [DefNew: 17883K->884K(19136K), 0.0065560 secs] 47559K->30697K(260032K), 0.0066620 secs] [Times: user=0.01 sys=0.00, real=0.00 secs] 
2012-10-23T10:21:11.648+0100: 316347.631: [GC 316347.631: [DefNew: 17905K->1622K(19136K), 0.0099000 secs] 47718K->31435K(260032K), 0.0100160 secs] [Times: user=0.01 sys=0.00, real=0.01 secs] 
2012-10-23T10:21:21.077+0100: 316357.060: [GC 316357.061: [DefNew: 18646K->2111K(19136K), 0.0216630 secs] 48459K->32983K(260032K), 0.0219310 secs] [Times: user=0.02 sys=0.00, real=0.02 secs] 
2012-10-23T10:21:33.666+0100: 316369.649: [GC 316369.649: [DefNew: 19135K->2111K(19136K), 0.0182860 secs] 50007K->34088K(260032K), 0.0185960 secs] [Times: user=0.02 sys=0.00, real=0.02 secs] 
2012-10-23T10:21:45.641+0100: 316381.624: [GC 316381.624: [DefNew: 19135K->1309K(19136K), 0.0183820 secs] 51112K->34368K(260032K), 0.0188230 secs] [Times: user=0.02 sys=0.00, real=0.02 secs] 
2012-10-23T10:21:57.651+0100: 316393.634: [GC 316393.634: [DefNew: 18321K->2112K(19136K), 0.0163190 secs] 51380K->35649K(260032K), 0.0167830 secs] [Times: user=0.02 sys=0.00, real=0.02 secs] 
2012-10-23T10:22:09.651+0100: 316405.634: [GC 316405.634: [DefNew: 19136K->1314K(19136K), 0.0187140 secs] 52673K->35891K(260032K), 0.0192800 secs] [Times: user=0.02 sys=0.00, real=0.02 secs] 
2012-10-23T10:22:20.125+0100: 316416.108: [GC 316416.108: [DefNew: 18338K->1791K(19136K), 0.0167990 secs] 52915K->36769K(260032K), 0.0173610 secs] [Times: user=0.01 sys=0.00, real=0.02 secs] 
2012-10-23T10:22:32.452+0100: 316428.435: [GC 316428.436: [DefNew: 18815K->1919K(19136K), 0.0170060 secs] 53793K->37202K(260032K), 0.0176700 secs] [Times: user=0.02 sys=0.00, real=0.02 secs] 
2012-10-23T10:22:45.079+0100: 316441.062: [GC 316441.062: [DefNew: 18943K->1248K(19136K), 0.0122130 secs] 54226K->36916K(260032K), 0.0127040 secs] [Times: user=0.01 sys=0.00, real=0.01 secs] 
2012-10-23T10:22:57.713+0100: 316453.697: [GC 316453.697: [DefNew: 18272K->1806K(19136K), 0.0178850 secs] 53940K->37813K(260032K), 0.0184350 secs] [Times: user=0.02 sys=0.00, real=0.02 secs] 
2012-10-23T10:23:09.653+0100: 316465.636: [GC 316465.636: [DefNew: 18830K->1695K(19136K), 0.0157230 secs] 54837K->38040K(260032K), 0.0162630 secs] [Times: user=0.02 sys=0.00, real=0.02 secs] 
2012-10-23T10:23:23.971+0100: 316479.954: [GC 316479.955: [DefNew: 18719K->932K(19136K), 0.0141800 secs] 55064K->37531K(260032K), 0.0146900 secs] [Times: user=0.01 sys=0.00, real=0.01 secs] 
2012-10-23T10:23:37.653+0100: 316493.636: [GC 316493.636: [DefNew: 17956K->1476K(19136K), 0.0126940 secs] 54555K->38075K(260032K), 0.0131320 secs] [Times: user=0.02 sys=0.00, real=0.01 secs] 
2012-10-23T10:23:53.624+0100: 316509.607: [GC 316509.607: [DefNew: 18500K->1247K(19136K), 0.0133210 secs] 55099K->38234K(260032K), 0.0136600 secs] [Times: user=0.02 sys=0.00, real=0.02 secs] 
2012-10-23T10:24:03.658+0100: 316519.641: [GC 316519.642: [DefNew: 18271K->1537K(19136K), 0.0126760 secs] 55258K->38637K(260032K), 0.0131970 secs] [Times: user=0.01 sys=0.00, real=0.01 secs] 
2012-10-23T10:24:17.637+0100: 316533.620: [GC 316533.620: [DefNew: 18561K->444K(19136K), 0.0113740 secs] 55661K->37830K(260032K), 0.0117440 secs] [Times: user=0.01 sys=0.00, real=0.02 secs] 
2012-10-23T10:24:30.036+0100: 316546.019: [GC 316546.020: [DefNew: 17468K->1314K(19136K), 0.0124640 secs] 54854K->38700K(260032K), 0.0131120 secs] [Times: user=0.01 sys=0.00, real=0.02 secs] 
2012-10-23T10:24:47.635+0100: 316563.618: [GC 316563.619: [DefNew: 18316K->188K(19136K), 0.0114670 secs] 55702K->37921K(260032K), 0.0117510 secs] [Times: user=0.01 sys=0.00, real=0.01 secs] 
2012-10-23T10:24:59.425+0100: 316575.408: [GC 316575.409: [DefNew: 17212K->1211K(19136K), 0.0108910 secs] 54945K->38943K(260032K), 0.0112380 secs] [Times: user=0.01 sys=0.00, real=0.01 secs] 
2012-10-23T10:25:11.653+0100: 316587.636: [GC 316587.637: [DefNew: 18232K->1380K(19136K), 0.0158350 secs] 55964K->39533K(260032K), 0.0162820 secs] [Times: user=0.01 sys=0.00, real=0.02 secs] 
2012-10-23T10:25:20.488+0100: 316596.471: [GC 316596.471: [DefNew: 18404K->2111K(19136K), 0.0186300 secs] 56557K->40835K(260032K), 0.0191190 secs] [Times: user=0.02 sys=0.00, real=0.02 secs] 
2012-10-23T10:25:31.670+0100: 316607.653: [GC 316607.654: [DefNew: 19135K->1957K(19136K), 0.0173780 secs] 57859K->40991K(260032K), 0.0178870 secs] [Times: user=0.02 sys=0.00, real=0.02 secs] 
2012-10-23T10:25:45.690+0100: 316621.673: [GC 316621.673: [DefNew: 18981K->1334K(19136K), 0.0167420 secs] 58015K->40681K(260032K), 0.0172490 secs] [Times: user=0.02 sys=0.00, real=0.02 secs] 
2012-10-23T10:25:57.645+0100: 316633.628: [GC 316633.628: [DefNew: 18358K->1052K(19136K), 0.0157170 secs] 57705K->40598K(260032K), 0.0161970 secs] [Times: user=0.02 sys=0.00, real=0.02 secs] 
2012-10-23T10:26:09.664+0100: 316645.647: [GC 316645.648: [DefNew: 18076K->1525K(19136K), 0.0144940 secs] 57622K->41072K(260032K), 0.0149880 secs] [Times: user=0.01 sys=0.00, real=0.02 secs] 
2012-10-23T10:26:25.666+0100: 316661.649: [GC 316661.649: [DefNew: 18546K->978K(19136K), 0.0184280 secs] 58093K->41088K(260032K), 0.0188460 secs] [Times: user=0.02 sys=0.00, real=0.02 secs] 
2012-10-23T10:26:39.004+0100: 316674.987: [GC 316674.987: [DefNew: 17981K->1181K(19136K), 0.0153900 secs] 58090K->41291K(260032K), 0.0158340 secs] [Times: user=0.02 sys=0.00, real=0.02 secs] 
2012-10-23T10:26:50.727+0100: 316686.710: [GC 316686.710: [DefNew: 18205K->1730K(19136K), 0.0177060 secs] 58315K->42247K(260032K), 0.0181590 secs] [Times: user=0.02 sys=0.00, real=0.02 secs] 
2012-10-23T10:27:01.292+0100: 316697.275: [GC 316697.276: [DefNew: 18754K->1862K(19136K), 0.0188760 secs] 59271K->42662K(260032K), 0.0193660 secs] [Times: user=0.03 sys=0.00, real=0.02 secs] 
2012-10-23T10:27:11.811+0100: 316707.794: [GC 316707.794: [DefNew: 18886K->1803K(19136K), 0.0198330 secs] 59686K->42884K(260032K), 0.0203430 secs] [Times: user=0.02 sys=0.00, real=0.02 secs] 
2012-10-23T10:27:23.670+0100: 316719.653: [GC 316719.653: [DefNew: 18821K->1809K(19136K), 0.0161990 secs] 59903K->43132K(260032K), 0.0166940 secs] [Times: user=0.01 sys=0.00, real=0.01 secs] 
2012-10-23T10:27:35.660+0100: 316731.643: [GC 316731.643: [DefNew: 18833K->1895K(19136K), 0.0189000 secs] 60156K->43457K(260032K), 0.0194780 secs] [Times: user=0.01 sys=0.00, real=0.02 secs] 
2012-10-23T10:27:47.473+0100: 316743.457: [GC 316743.457: [DefNew: 18919K->437K(19136K), 0.0155830 secs] 60481K->42281K(260032K), 0.0160530 secs] [Times: user=0.02 sys=0.00, real=0.02 secs] 
2012-10-23T10:27:59.303+0100: 316755.286: [GC 316755.287: [DefNew: 17461K->2001K(19136K), 0.0161700 secs] 59305K->43845K(260032K), 0.0167490 secs] [Times: user=0.02 sys=0.00, real=0.02 secs] 
2012-10-23T10:28:10.192+0100: 316766.175: [GC 316766.175: [DefNew: 19025K->1802K(19136K), 0.0234500 secs] 60869K->44232K(260032K), 0.0240780 secs] [Times: user=0.02 sys=0.00, real=0.02 secs] 
2012-10-23T10:28:21.025+0100: 316777.009: [GC 316777.009: [DefNew: 18826K->1759K(19136K), 0.0180490 secs] 61256K->44486K(260032K), 0.0186160 secs] [Times: user=0.02 sys=0.00, real=0.02 secs] 
2012-10-23T10:28:34.157+0100: 316790.140: [GC 316790.140: [DefNew: 18783K->1669K(19136K), 0.0178580 secs] 61510K->44680K(260032K), 0.0184570 secs] [Times: user=0.02 sys=0.00, real=0.02 secs] 
2012-10-23T10:28:48.337+0100: 316804.320: [GC 316804.321: [DefNew: 18693K->1496K(19136K), 0.0152250 secs] 61704K->44750K(260032K), 0.0157560 secs] [Times: user=0.00 sys=0.01, real=0.01 secs] 
2012-10-23T10:28:58.959+0100: 316814.942: [GC 316814.942: [DefNew: 18520K->1802K(19136K), 0.0152830 secs] 61774K->45182K(260032K), 0.0157590 secs] [Times: user=0.01 sys=0.00, real=0.01 secs] 
2012-10-23T10:29:05.522+0100: 316821.505: [GC 316821.505: [DefNew: 18826K->1825K(19136K), 0.0162380 secs] 62206K->45531K(260032K), 0.0167660 secs] [Times: user=0.02 sys=0.00, real=0.02 secs] 
2012-10-23T10:29:13.655+0100: 316829.638: [GC 316829.639: [DefNew: 18846K->1349K(19136K), 0.0149280 secs] 62552K->45267K(260032K), 0.0154230 secs] [Times: user=0.01 sys=0.00, real=0.02 secs] 
2012-10-23T10:29:24.369+0100: 316840.352: [GC 316840.352: [DefNew: 18373K->2111K(19136K), 0.0210580 secs] 62291K->46356K(260032K), 0.0216920 secs] [Times: user=0.02 sys=0.00, real=0.02 secs] 
2012-10-23T10:29:36.649+0100: 316852.632: [GC 316852.632: [DefNew: 19135K->1819K(19136K), 0.0181000 secs] 63380K->46359K(260032K), 0.0189540 secs] [Times: user=0.03 sys=0.00, real=0.02 secs] 
2012-10-23T10:29:47.659+0100: 316863.642: [GC 316863.643: [DefNew: 18843K->988K(19136K), 0.0158760 secs] 63383K->45780K(260032K), 0.0164020 secs] [Times: user=0.01 sys=0.00, real=0.01 secs] 
2012-10-23T10:29:59.744+0100: 316875.727: [GC 316875.728: [DefNew: 18012K->1662K(19136K), 0.0161760 secs] 62804K->46454K(260032K), 0.0167500 secs] [Times: user=0.02 sys=0.00, real=0.02 secs] 
2012-10-23T10:30:13.640+0100: 316889.623: [GC 316889.623: [DefNew: 18686K->1152K(19136K), 0.0204930 secs] 63478K->46499K(260032K), 0.0211170 secs] [Times: user=0.02 sys=0.00, real=0.02 secs] 
2012-10-23T10:30:25.667+0100: 316901.650: [GC 316901.651: [DefNew: 18176K->1162K(19136K), 0.0172270 secs] 63523K->46894K(260032K), 0.0177280 secs] [Times: user=0.01 sys=0.01, real=0.01 secs] 
2012-10-23T10:30:41.767+0100: 316917.750: [GC 316917.751: [DefNew: 18186K->1209K(19136K), 0.0155050 secs] 63918K->47113K(260032K), 0.0159320 secs] [Times: user=0.02 sys=0.00, real=0.01 secs] 
2012-10-23T10:30:57.669+0100: 316933.652: [GC 316933.652: [DefNew: 18233K->1879K(19136K), 0.0154440 secs] 64137K->47934K(260032K), 0.0158980 secs] [Times: user=0.02 sys=0.00, real=0.01 secs] 
2012-10-23T10:31:07.655+0100: 316943.638: [GC 316943.638: [DefNew: 18903K->950K(19136K), 0.0131490 secs] 64958K->47150K(260032K), 0.0135030 secs] [Times: user=0.01 sys=0.00, real=0.02 secs] 
2012-10-23T10:31:21.665+0100: 316957.648: [GC 316957.648: [DefNew: 17972K->1428K(19136K), 0.0128260 secs] 64172K->47628K(260032K), 0.0131870 secs] [Times: user=0.02 sys=0.00, real=0.02 secs] 
2012-10-23T10:31:32.186+0100: 316968.169: [GC 316968.169: [DefNew: 18452K->450K(19136K), 0.0167930 secs] 64652K->47158K(260032K), 0.0171620 secs] [Times: user=0.02 sys=0.00, real=0.02 secs] 
2012-10-23T10:31:46.856+0100: 316982.839: [GC 316982.839: [DefNew: 17474K->1898K(19136K), 0.0142080 secs] 64182K->48606K(260032K), 0.0146020 secs] [Times: user=0.01 sys=0.00, real=0.02 secs] 
2012-10-23T10:31:57.648+0100: 316993.631: [GC 316993.631: [DefNew: 18911K->444K(19136K), 0.0165280 secs] 65619K->47630K(260032K), 0.0169580 secs] [Times: user=0.01 sys=0.00, real=0.01 secs] 
2012-10-23T10:32:07.672+0100: 317003.655: [GC 317003.655: [DefNew: 17468K->2112K(19136K), 0.0169860 secs] 64654K->49468K(260032K), 0.0174720 secs] [Times: user=0.02 sys=0.00, real=0.02 secs] 
2012-10-23T10:32:22.591+0100: 317018.574: [GC 317018.574: [DefNew: 19136K->1389K(19136K), 0.0196200 secs] 66492K->49197K(260032K), 0.0201090 secs] [Times: user=0.02 sys=0.00, real=0.02 secs] 
2012-10-23T10:32:34.140+0100: 317030.124: [GC 317030.124: [DefNew: 18411K->619K(19136K), 0.0165190 secs] 66219K->48700K(260032K), 0.0171540 secs] [Times: user=0.02 sys=0.00, real=0.02 secs] 
2012-10-23T10:32:45.685+0100: 317041.668: [GC 317041.668: [DefNew: 17643K->1569K(19136K), 0.0169330 secs] 65724K->49650K(260032K), 0.0174350 secs] [Times: user=0.02 sys=0.00, real=0.02 secs] 
2012-10-23T10:32:58.272+0100: 317054.255: [GC 317054.255: [DefNew: 18593K->1129K(19136K), 0.0212210 secs] 66674K->49813K(260032K), 0.0217810 secs] [Times: user=0.02 sys=0.00, real=0.02 secs] 
2012-10-23T10:33:09.268+0100: 317065.251: [GC 317065.252: [DefNew: 18126K->1121K(19136K), 0.0355000 secs] 66810K->50166K(260032K), 0.0361500 secs] [Times: user=0.02 sys=0.00, real=0.03 secs] 
2012-10-23T10:33:20.134+0100: 317076.118: [GC 317076.119: [DefNew: 18145K->1724K(19136K), 0.0203760 secs] 67190K->51076K(260032K), 0.0210760 secs] [Times: user=0.02 sys=0.00, real=0.02 secs] 
2012-10-23T10:33:30.249+0100: 317086.232: [GC 317086.233: [DefNew: 18748K->2112K(19136K), 0.0231480 secs] 68100K->52288K(260032K), 0.0238780 secs] [Times: user=0.02 sys=0.00, real=0.02 secs] 
2012-10-23T10:33:44.469+0100: 317100.452: [GC 317100.452: [DefNew: 19136K->1091K(19136K), 0.0157440 secs] 69312K->51454K(260032K), 0.0162910 secs] [Times: user=0.02 sys=0.00, real=0.01 secs] 
2012-10-23T10:33:55.122+0100: 317111.105: [GC 317111.105: [DefNew: 18115K->1747K(19136K), 0.0170530 secs] 68478K->52323K(260032K), 0.0175770 secs] [Times: user=0.03 sys=0.00, real=0.02 secs] 
2012-10-23T10:34:09.136+0100: 317125.119: [GC 317125.119: [DefNew: 18771K->917K(19136K), 0.0149280 secs] 69347K->51737K(260032K), 0.0154380 secs] [Times: user=0.01 sys=0.00, real=0.02 secs] 
2012-10-23T10:34:21.659+0100: 317137.642: [GC 317137.642: [DefNew: 17941K->1428K(19136K), 0.0130690 secs] 68761K->52248K(260032K), 0.0134780 secs] [Times: user=0.02 sys=0.00, real=0.01 secs] 
2012-10-23T10:34:31.649+0100: 317147.632: [GC 317147.632: [DefNew: 18452K->1340K(19136K), 0.0183450 secs] 69272K->52602K(260032K), 0.0188770 secs] [Times: user=0.02 sys=0.00, real=0.02 secs] 
2012-10-23T10:34:43.655+0100: 317159.638: [GC 317159.638: [DefNew: 18364K->1295K(19136K), 0.0170960 secs] 69626K->52834K(260032K), 0.0177150 secs] [Times: user=0.02 sys=0.00, real=0.02 secs] 
2012-10-23T10:34:55.663+0100: 317171.646: [GC 317171.646: [DefNew: 18319K->1728K(19136K), 0.0175870 secs] 69858K->53543K(260032K), 0.0180870 secs] [Times: user=0.02 sys=0.00, real=0.02 secs] 
2012-10-23T10:35:07.656+0100: 317183.639: [GC 317183.639: [DefNew: 18736K->1262K(19136K), 0.0157510 secs] 70551K->53251K(260032K), 0.0163210 secs] [Times: user=0.02 sys=0.00, real=0.02 secs] 
2012-10-23T10:35:18.975+0100: 317194.958: [GC 317194.959: [DefNew: 18286K->1131K(19136K), 0.0180910 secs] 70275K->53394K(260032K), 0.0186490 secs] [Times: user=0.02 sys=0.00, real=0.02 secs] 
2012-10-23T10:35:31.573+0100: 317207.557: [GC 317207.557: [DefNew: 18155K->1324K(19136K), 0.0174860 secs] 70418K->53915K(260032K), 0.0179700 secs] [Times: user=0.01 sys=0.00, real=0.02 secs] 
2012-10-23T10:35:42.022+0100: 317218.005: [GC 317218.005: [DefNew: 18348K->1799K(19136K), 0.0167360 secs] 70939K->54621K(260032K), 0.0172400 secs] [Times: user=0.02 sys=0.00, real=0.02 secs] 
2012-10-23T10:35:57.655+0100: 317233.639: [GC 317233.639: [DefNew: 18823K->1098K(19136K), 0.0149970 secs] 71645K->54157K(260032K), 0.0154740 secs] [Times: user=0.02 sys=0.00, real=0.02 secs] 
2012-10-23T10:36:10.254+0100: 317246.237: [GC 317246.237: [DefNew: 18122K->1056K(19136K), 0.0133530 secs] 71181K->54286K(260032K), 0.0139060 secs] [Times: user=0.01 sys=0.00, real=0.02 secs] 
2012-10-23T10:36:23.651+0100: 317259.634: [GC 317259.634: [DefNew: 18080K->807K(19136K), 0.0135370 secs] 71310K->54211K(260032K), 0.0139050 secs] [Times: user=0.01 sys=0.00, real=0.01 secs] 
2012-10-23T10:36:34.539+0100: 317270.522: [GC 317270.522: [DefNew: 17831K->1917K(19136K), 0.0143430 secs] 71235K->55321K(260032K), 0.0149390 secs] [Times: user=0.01 sys=0.00, real=0.01 secs] 
2012-10-23T10:36:45.365+0100: 317281.348: [GC 317281.348: [DefNew: 18941K->1841K(19136K), 0.0217000 secs] 72345K->55753K(260032K), 0.0222830 secs] [Times: user=0.03 sys=0.00, real=0.03 secs] 
2012-10-23T10:36:55.666+0100: 317291.649: [GC 317291.649: [DefNew: 18865K->2112K(19136K), 0.0223180 secs] 72777K->56648K(260032K), 0.0228950 secs] [Times: user=0.02 sys=0.00, real=0.03 secs] 
2012-10-23T10:37:08.148+0100: 317304.131: [GC 317304.131: [DefNew: 19136K->1035K(19136K), 0.0189400 secs] 73672K->55804K(260032K), 0.0194890 secs] [Times: user=0.02 sys=0.00, real=0.02 secs] 
2012-10-23T10:37:19.671+0100: 317315.654: [GC 317315.654: [DefNew: 18059K->2070K(19136K), 0.0162600 secs] 72828K->56839K(260032K), 0.0168300 secs] [Times: user=0.02 sys=0.00, real=0.02 secs] 
2012-10-23T10:37:33.422+0100: 317329.405: [GC 317329.406: [DefNew: 19094K->473K(19136K), 0.0203560 secs] 73863K->55777K(260032K), 0.0208790 secs] [Times: user=0.03 sys=0.00, real=0.02 secs] 
2012-10-23T10:37:43.889+0100: 317339.872: [GC 317339.872: [DefNew: 17497K->1327K(19136K), 0.0143940 secs] 72801K->56631K(260032K), 0.0149450 secs] [Times: user=0.02 sys=0.00, real=0.01 secs] 
2012-10-23T10:37:57.654+0100: 317353.637: [GC 317353.637: [DefNew: 18351K->980K(19136K), 0.0185010 secs] 73655K->56617K(260032K), 0.0189910 secs] [Times: user=0.02 sys=0.00, real=0.02 secs] 
2012-10-23T10:38:07.659+0100: 317363.642: [GC 317363.642: [DefNew: 17973K->1575K(19136K), 0.0149860 secs] 73610K->57212K(260032K), 0.0155230 secs] [Times: user=0.02 sys=0.00, real=0.01 secs] 
2012-10-23T10:38:17.672+0100: 317373.655: [GC 317373.655: [DefNew: 18599K->1743K(19136K), 0.0237400 secs] 74236K->58108K(260032K), 0.0243270 secs] [Times: user=0.02 sys=0.00, real=0.02 secs] 
2012-10-23T10:38:33.655+0100: 317389.638: [GC 317389.639: [DefNew: 18767K->696K(19136K), 0.0152980 secs] 75132K->57337K(260032K), 0.0157670 secs] [Times: user=0.02 sys=0.00, real=0.02 secs] 
2012-10-23T10:38:44.321+0100: 317400.304: [GC 317400.304: [DefNew: 17720K->1668K(19136K), 0.0142210 secs] 74361K->58309K(260032K), 0.0147280 secs] [Times: user=0.02 sys=0.00, real=0.01 secs] 
2012-10-23T10:38:55.671+0100: 317411.654: [GC 317411.655: [DefNew: 18692K->1310K(19136K), 0.0182850 secs] 75333K->58342K(260032K), 0.0187950 secs] [Times: user=0.02 sys=0.00, real=0.02 secs] 
2012-10-23T10:39:07.676+0100: 317423.659: [GC 317423.659: [DefNew: 18334K->2021K(19136K), 0.0179160 secs] 75366K->59337K(260032K), 0.0184630 secs] [Times: user=0.02 sys=0.00, real=0.02 secs] 
2012-10-23T10:39:20.491+0100: 317436.474: [GC 317436.474: [DefNew: 19045K->1313K(19136K), 0.0158530 secs] 76361K->58860K(260032K), 0.0162780 secs] [Times: user=0.01 sys=0.00, real=0.01 secs] 
2012-10-23T10:39:35.684+0100: 317451.667: [GC 317451.667: [DefNew: 18334K->1718K(19136K), 0.0156780 secs] 75882K->59476K(260032K), 0.0161530 secs] [Times: user=0.02 sys=0.00, real=0.02 secs] 
2012-10-23T10:39:47.665+0100: 317463.648: [GC 317463.648: [DefNew: 18742K->1281K(19136K), 0.0137670 secs] 76500K->59150K(260032K), 0.0142140 secs] [Times: user=0.01 sys=0.00, real=0.02 secs] 
2012-10-23T10:40:00.366+0100: 317476.349: [GC 317476.349: [DefNew: 18305K->1799K(19136K), 0.0155220 secs] 76174K->59879K(260032K), 0.0159120 secs] [Times: user=0.01 sys=0.00, real=0.02 secs] 
2012-10-23T10:40:11.700+0100: 317487.683: [GC 317487.683: [DefNew: 18823K->1939K(19136K), 0.0165560 secs] 76903K->60206K(260032K), 0.0169870 secs] [Times: user=0.01 sys=0.00, real=0.01 secs] 
2012-10-23T10:40:29.406+0100: 317505.389: [GC 317505.390: [DefNew: 18963K->942K(19136K), 0.0145660 secs] 77230K->59477K(260032K), 0.0150710 secs] [Times: user=0.01 sys=0.00, real=0.02 secs] 
2012-10-23T10:40:41.671+0100: 317517.654: [GC 317517.654: [DefNew: 17966K->1901K(19136K), 0.0133660 secs] 76501K->60436K(260032K), 0.0138430 secs] [Times: user=0.01 sys=0.00, real=0.01 secs] 
2012-10-23T10:40:59.195+0100: 317535.178: [GC 317535.179: [DefNew: 18925K->1383K(19136K), 0.0152300 secs] 77460K->60240K(260032K), 0.0155810 secs] [Times: user=0.02 sys=0.00, real=0.02 secs] 
2012-10-23T10:41:13.822+0100: 317549.805: [GC 317549.805: [DefNew: 18407K->787K(19136K), 0.0113550 secs] 77264K->59759K(260032K), 0.0116590 secs] [Times: user=0.01 sys=0.00, real=0.01 secs] 
2012-10-23T10:41:24.378+0100: 317560.361: [GC 317560.362: [DefNew: 17811K->1438K(19136K), 0.0129170 secs] 76783K->60410K(260032K), 0.0133160 secs] [Times: user=0.01 sys=0.00, real=0.01 secs] 
2012-10-23T10:41:36.945+0100: 317572.928: [GC 317572.928: [DefNew: 18462K->1375K(19136K), 0.0140180 secs] 77434K->60828K(260032K), 0.0144260 secs] [Times: user=0.02 sys=0.00, real=0.02 secs] 
2012-10-23T10:41:49.551+0100: 317585.534: [GC 317585.534: [DefNew: 18399K->1217K(19136K), 0.0131310 secs] 77852K->60988K(260032K), 0.0135780 secs] [Times: user=0.01 sys=0.00, real=0.01 secs] 
2012-10-23T10:42:02.174+0100: 317598.157: [GC 317598.157: [DefNew: 18241K->1445K(19136K), 0.0175010 secs] 78012K->61451K(260032K), 0.0180010 secs] [Times: user=0.01 sys=0.00, real=0.02 secs] 
2012-10-23T10:42:17.653+0100: 317613.636: [GC 317613.636: [DefNew: 18469K->215K(19136K), 0.0095590 secs] 78475K->60489K(260032K), 0.0099030 secs] [Times: user=0.01 sys=0.00, real=0.01 secs] 
2012-10-23T10:42:29.670+0100: 317625.653: [GC 317625.653: [DefNew: 17239K->1920K(19136K), 0.0143070 secs] 77513K->62194K(260032K), 0.0147980 secs] [Times: user=0.01 sys=0.00, real=0.01 secs] 
2012-10-23T10:42:42.033+0100: 317638.016: [GC 317638.017: [DefNew: 18944K->1558K(19136K), 0.0182670 secs] 79218K->62231K(260032K), 0.0187180 secs] [Times: user=0.02 sys=0.00, real=0.02 secs] 
2012-10-23T10:42:53.657+0100: 317649.640: [GC 317649.640: [DefNew: 18582K->792K(19136K), 0.0154370 secs] 79255K->61690K(260032K), 0.0158910 secs] [Times: user=0.01 sys=0.00, real=0.02 secs] 
2012-10-23T10:43:05.234+0100: 317661.217: [GC 317661.218: [DefNew: 17816K->1374K(19136K), 0.0156810 secs] 78714K->62272K(260032K), 0.0161950 secs] [Times: user=0.01 sys=0.00, real=0.02 secs] 
2012-10-23T10:43:15.735+0100: 317671.718: [GC 317671.718: [DefNew: 18398K->1821K(19136K), 0.0450850 secs] 79296K->63277K(260032K), 0.0456630 secs] [Times: user=0.02 sys=0.00, real=0.05 secs] 
2012-10-23T10:43:27.671+0100: 317683.654: [GC 317683.654: [DefNew: 18845K->829K(19136K), 0.0162850 secs] 80301K->62544K(260032K), 0.0167940 secs] [Times: user=0.02 sys=0.00, real=0.02 secs] 
2012-10-23T10:43:38.751+0100: 317694.734: [GC 317694.734: [DefNew: 17853K->2112K(19136K), 0.0207400 secs] 79568K->64397K(260032K), 0.0214190 secs] [Times: user=0.02 sys=0.00, real=0.02 secs] 
2012-10-23T10:43:54.258+0100: 317710.241: [GC 317710.241: [DefNew: 19136K->723K(19136K), 0.0265140 secs] 81421K->63489K(260032K), 0.0271340 secs] [Times: user=0.02 sys=0.00, real=0.02 secs] 
2012-10-23T10:44:06.061+0100: 317722.044: [GC 317722.044: [DefNew: 17747K->1904K(19136K), 0.0143770 secs] 80513K->64670K(260032K), 0.0148370 secs] [Times: user=0.01 sys=0.00, real=0.01 secs] 
2012-10-23T10:44:16.608+0100: 317732.591: [GC 317732.592: [DefNew: 18928K->1891K(19136K), 0.0185090 secs] 81694K->64937K(260032K), 0.0190400 secs] [Times: user=0.02 sys=0.00, real=0.02 secs] 
2012-10-23T10:44:33.323+0100: 317749.306: [GC 317749.306: [DefNew: 18915K->330K(19136K), 0.0142850 secs] 81961K->63665K(260032K), 0.0146740 secs] [Times: user=0.01 sys=0.00, real=0.02 secs] 
2012-10-23T10:44:43.684+0100: 317759.667: [GC 317759.668: [DefNew: 17354K->2027K(19136K), 0.0148950 secs] 80689K->65361K(260032K), 0.0153920 secs] [Times: user=0.01 sys=0.00, real=0.02 secs] 
2012-10-23T10:44:53.623+0100: 317769.606: [GC 317769.607: [DefNew: 19051K->827K(19136K), 0.0176200 secs] 82385K->64595K(260032K), 0.0180970 secs] [Times: user=0.02 sys=0.00, real=0.02 secs] 
2012-10-23T10:45:07.683+0100: 317783.666: [GC 317783.666: [DefNew: 17851K->1763K(19136K), 0.0149850 secs] 81619K->65531K(260032K), 0.0154720 secs] [Times: user=0.02 sys=0.00, real=0.02 secs] 
2012-10-23T10:45:21.644+0100: 317797.627: [GC 317797.627: [DefNew: 18787K->1296K(19136K), 0.0195340 secs] 82555K->65535K(260032K), 0.0200050 secs] [Times: user=0.02 sys=0.00, real=0.02 secs] 
2012-10-23T10:45:32.140+0100: 317808.123: [GC 317808.123: [DefNew: 18320K->433K(19136K), 0.0149490 secs] 82559K->64889K(260032K), 0.0153880 secs] [Times: user=0.01 sys=0.00, real=0.01 secs] 
2012-10-23T10:45:43.665+0100: 317819.648: [GC 317819.648: [DefNew: 17457K->1255K(19136K), 0.0137790 secs] 81913K->65711K(260032K), 0.0142660 secs] [Times: user=0.01 sys=0.00, real=0.02 secs] 
2012-10-23T10:45:55.225+0100: 317831.208: [GC 317831.209: [DefNew: 18279K->1271K(19136K), 0.0179350 secs] 82735K->65988K(260032K), 0.0184680 secs] [Times: user=0.02 sys=0.00, real=0.02 secs] 
2012-10-23T10:46:07.663+0100: 317843.646: [GC 317843.647: [DefNew: 18295K->822K(19136K), 0.0163340 secs] 83012K->65838K(260032K), 0.0168080 secs] [Times: user=0.01 sys=0.00, real=0.02 secs] 
2012-10-23T10:46:18.327+0100: 317854.310: [GC 317854.310: [DefNew: 17846K->1267K(19136K), 0.0139650 secs] 82862K->66284K(260032K), 0.0145530 secs] [Times: user=0.01 sys=0.00, real=0.02 secs] 
2012-10-23T10:46:31.671+0100: 317867.654: [GC 317867.654: [DefNew: 18291K->1532K(19136K), 0.0191880 secs] 83308K->66905K(260032K), 0.0197160 secs] [Times: user=0.02 sys=0.00, real=0.02 secs] 
2012-10-23T10:46:43.546+0100: 317879.529: [GC 317879.530: [DefNew: 18556K->498K(19136K), 0.0188160 secs] 83929K->66412K(260032K), 0.0193190 secs] [Times: user=0.02 sys=0.00, real=0.02 secs] 
2012-10-23T10:46:51.948+0100: 317887.931: [GC 317887.931: [DefNew: 17522K->2112K(19136K), 0.0206750 secs] 83436K->68717K(260032K), 0.0212810 secs] [Times: user=0.02 sys=0.00, real=0.02 secs] 
2012-10-23T10:47:03.674+0100: 317899.657: [GC 317899.657: [DefNew: 19136K->1777K(19136K), 0.0213220 secs] 85741K->68816K(260032K), 0.0219270 secs] [Times: user=0.03 sys=0.00, real=0.02 secs] 
2012-10-23T10:47:15.052+0100: 317911.035: [GC 317911.036: [DefNew: 18801K->1655K(19136K), 0.0196370 secs] 85840K->68983K(260032K), 0.0203830 secs] [Times: user=0.02 sys=0.00, real=0.02 secs] 
2012-10-23T10:47:25.675+0100: 317921.658: [GC 317921.658: [DefNew: 18674K->1779K(19136K), 0.0182560 secs] 86002K->69364K(260032K), 0.0189140 secs] [Times: user=0.02 sys=0.00, real=0.02 secs] 
2012-10-23T10:47:37.680+0100: 317933.663: [GC 317933.663: [DefNew: 18803K->1609K(19136K), 0.0174520 secs] 86388K->69391K(260032K), 0.0181490 secs] [Times: user=0.01 sys=0.00, real=0.02 secs] 
2012-10-23T10:47:47.675+0100: 317943.658: [GC 317943.658: [DefNew: 18619K->1446K(19136K), 0.0177770 secs] 86400K->69492K(260032K), 0.0183920 secs] [Times: user=0.02 sys=0.00, real=0.02 secs] 
2012-10-23T10:47:59.199+0100: 317955.182: [GC 317955.183: [DefNew: 18470K->1074K(19136K), 0.0181870 secs] 86516K->69377K(260032K), 0.0188590 secs] [Times: user=0.02 sys=0.00, real=0.02 secs] 
2012-10-23T10:48:09.665+0100: 317965.649: [GC 317965.649: [DefNew: 18098K->1853K(19136K), 0.0191340 secs] 86401K->70444K(260032K), 0.0198180 secs] [Times: user=0.02 sys=0.00, real=0.02 secs] 
2012-10-23T10:48:20.180+0100: 317976.163: [GC 317976.164: [DefNew: 18877K->1746K(19136K), 0.0193020 secs] 87468K->70600K(260032K), 0.0199360 secs] [Times: user=0.02 sys=0.00, real=0.02 secs] 
2012-10-23T10:48:32.771+0100: 317988.754: [GC 317988.754: [DefNew: 18770K->1396K(19136K), 0.0186440 secs] 87624K->70545K(260032K), 0.0192920 secs] [Times: user=0.02 sys=0.00, real=0.02 secs] 
2012-10-23T10:48:43.684+0100: 317999.667: [GC 317999.667: [DefNew: 18403K->1034K(19136K), 0.0182970 secs] 87553K->70505K(260032K), 0.0189880 secs] [Times: user=0.02 sys=0.00, real=0.02 secs] 
2012-10-23T10:48:55.291+0100: 318011.274: [GC 318011.275: [DefNew: 18058K->1432K(19136K), 0.0150720 secs] 87529K->70904K(260032K), 0.0156840 secs] [Times: user=0.01 sys=0.00, real=0.01 secs] 
2012-10-23T10:49:08.478+0100: 318024.461: [GC 318024.462: [DefNew: 18456K->1167K(19136K), 0.0203920 secs] 87928K->71148K(260032K), 0.0210300 secs] [Times: user=0.02 sys=0.00, real=0.02 secs] 
2012-10-23T10:49:19.683+0100: 318035.666: [GC 318035.667: [DefNew: 18191K->1811K(19136K), 0.0183270 secs] 88172K->72088K(260032K), 0.0190350 secs] [Times: user=0.02 sys=0.00, real=0.02 secs] 
2012-10-23T10:49:33.660+0100: 318049.643: [GC 318049.644: [DefNew: 18835K->393K(19136K), 0.0142000 secs] 89112K->70903K(260032K), 0.0146900 secs] [Times: user=0.01 sys=0.00, real=0.01 secs] 
2012-10-23T10:49:44.310+0100: 318060.293: [GC 318060.293: [DefNew: 17388K->1203K(19136K), 0.0132020 secs] 87898K->71712K(260032K), 0.0137470 secs] [Times: user=0.01 sys=0.00, real=0.01 secs] 
2012-10-23T10:49:57.660+0100: 318073.643: [GC 318073.643: [DefNew: 18227K->543K(19136K), 0.0144340 secs] 88736K->71277K(260032K), 0.0149060 secs] [Times: user=0.01 sys=0.00, real=0.01 secs] 
2012-10-23T10:50:13.552+0100: 318089.535: [GC 318089.536: [DefNew: 17567K->702K(19136K), 0.0118340 secs] 88301K->71436K(260032K), 0.0122580 secs] [Times: user=0.01 sys=0.00, real=0.01 secs] 
2012-10-23T10:50:24.048+0100: 318100.031: [GC 318100.032: [DefNew: 17726K->1579K(19136K), 0.0144740 secs] 88460K->72313K(260032K), 0.0149500 secs] [Times: user=0.02 sys=0.00, real=0.01 secs] 
2012-10-23T10:50:34.540+0100: 318110.523: [GC 318110.523: [DefNew: 18603K->2112K(19136K), 0.0236130 secs] 89337K->73402K(260032K), 0.0244040 secs] [Times: user=0.02 sys=0.00, real=0.02 secs] 
2012-10-23T10:50:47.679+0100: 318123.662: [GC 318123.663: [DefNew: 19136K->1536K(19136K), 0.0192500 secs] 90426K->73332K(260032K), 0.0197790 secs] [Times: user=0.02 sys=0.00, real=0.02 secs] 
2012-10-23T10:50:57.675+0100: 318133.658: [GC 318133.659: [DefNew: 18560K->758K(19136K), 0.0137240 secs] 90356K->72751K(260032K), 0.0141970 secs] [Times: user=0.01 sys=0.00, real=0.02 secs] 
2012-10-23T10:51:12.361+0100: 318148.344: [GC 318148.344: [DefNew: 17782K->2004K(19136K), 0.0150290 secs] 89775K->73997K(260032K), 0.0155850 secs] [Times: user=0.01 sys=0.00, real=0.01 secs] 
2012-10-23T10:51:24.975+0100: 318160.958: [GC 318160.958: [DefNew: 19028K->1097K(19136K), 0.0200020 secs] 91021K->73521K(260032K), 0.0205280 secs] [Times: user=0.02 sys=0.00, real=0.02 secs] 
2012-10-23T10:51:35.676+0100: 318171.659: [GC 318171.659: [DefNew: 18121K->2111K(19136K), 0.0200330 secs] 90545K->75141K(260032K), 0.0206690 secs] [Times: user=0.02 sys=0.00, real=0.02 secs] 
2012-10-23T10:51:48.056+0100: 318184.039: [GC 318184.039: [DefNew: 19135K->488K(19136K), 0.0152490 secs] 92165K->73759K(260032K), 0.0157610 secs] [Times: user=0.02 sys=0.00, real=0.02 secs] 
2012-10-23T10:51:58.550+0100: 318194.533: [GC 318194.534: [DefNew: 17512K->1372K(19136K), 0.0147350 secs] 90783K->74643K(260032K), 0.0153410 secs] [Times: user=0.01 sys=0.00, real=0.01 secs] 
2012-10-23T10:52:09.065+0100: 318205.048: [GC 318205.049: [DefNew: 18396K->1784K(19136K), 0.0220960 secs] 91667K->75696K(260032K), 0.0227650 secs] [Times: user=0.03 sys=0.00, real=0.03 secs] 
2012-10-23T10:52:19.556+0100: 318215.539: [GC 318215.540: [DefNew: 18808K->1158K(19136K), 0.0176300 secs] 92720K->75354K(260032K), 0.0182170 secs] [Times: user=0.02 sys=0.00, real=0.02 secs] 
2012-10-23T10:52:30.050+0100: 318226.034: [GC 318226.034: [DefNew: 18182K->2112K(19136K), 0.0212520 secs] 92378K->76745K(260032K), 0.0219540 secs] [Times: user=0.02 sys=0.00, real=0.02 secs] 
2012-10-23T10:52:43.690+0100: 318239.673: [GC 318239.674: [DefNew: 19136K->1744K(19136K), 0.0179840 secs] 93769K->76609K(260032K), 0.0186890 secs] [Times: user=0.02 sys=0.00, real=0.02 secs] 
2012-10-23T10:52:53.670+0100: 318249.653: [GC 318249.654: [DefNew: 18768K->1213K(19136K), 0.0167520 secs] 93633K->76326K(260032K), 0.0173450 secs] [Times: user=0.02 sys=0.00, real=0.02 secs] 
2012-10-23T10:53:03.693+0100: 318259.676: [GC 318259.677: [DefNew: 18237K->854K(19136K), 0.0161440 secs] 93350K->76241K(260032K), 0.0167150 secs] [Times: user=0.01 sys=0.00, real=0.02 secs] 
2012-10-23T10:53:17.693+0100: 318273.676: [GC 318273.676: [DefNew: 17878K->2112K(19136K), 0.0179760 secs] 93265K->77800K(260032K), 0.0185640 secs] [Times: user=0.02 sys=0.00, real=0.02 secs] 
2012-10-23T10:53:29.263+0100: 318285.246: [GC 318285.247: [DefNew: 19136K->1076K(19136K), 0.0287210 secs] 94824K->77171K(260032K), 0.0293950 secs] [Times: user=0.03 sys=0.00, real=0.03 secs] 
2012-10-23T10:53:41.682+0100: 318297.665: [GC 318297.665: [DefNew: 18082K->1302K(19136K), 0.0164400 secs] 94176K->77663K(260032K), 0.0169930 secs] [Times: user=0.02 sys=0.00, real=0.02 secs] 
2012-10-23T10:53:54.080+0100: 318310.063: [GC 318310.063: [DefNew: 18326K->1588K(19136K), 0.0166230 secs] 94687K->78211K(260032K), 0.0171840 secs] [Times: user=0.01 sys=0.00, real=0.02 secs] 
2012-10-23T10:54:04.543+0100: 318320.526: [GC 318320.526: [DefNew: 18612K->1684K(19136K), 0.0174330 secs] 95235K->78534K(260032K), 0.0180700 secs] [Times: user=0.01 sys=0.00, real=0.02 secs] 
2012-10-23T10:54:17.148+0100: 318333.131: [GC 318333.131: [DefNew: 18708K->414K(19136K), 0.0129000 secs] 95558K->77497K(260032K), 0.0134440 secs] [Times: user=0.01 sys=0.00, real=0.01 secs] 
2012-10-23T10:54:27.677+0100: 318343.660: [GC 318343.660: [DefNew: 17438K->836K(19136K), 0.0133100 secs] 94521K->77919K(260032K), 0.0139090 secs] [Times: user=0.02 sys=0.00, real=0.02 secs] 
2012-10-23T10:54:40.260+0100: 318356.243: [GC 318356.243: [DefNew: 17860K->2112K(19136K), 0.0213100 secs] 94943K->79761K(260032K), 0.0220000 secs] [Times: user=0.03 sys=0.00, real=0.02 secs] 
2012-10-23T10:54:50.759+0100: 318366.742: [GC 318366.742: [DefNew: 19136K->1340K(19136K), 0.0219250 secs] 96785K->79603K(260032K), 0.0224960 secs] [Times: user=0.02 sys=0.00, real=0.02 secs] 
2012-10-23T10:55:03.679+0100: 318379.662: [GC 318379.662: [DefNew: 18340K->1112K(19136K), 0.0160500 secs] 96604K->79642K(260032K), 0.0167200 secs] [Times: user=0.02 sys=0.00, real=0.01 secs] 
2012-10-23T10:55:17.682+0100: 318393.665: [GC 318393.666: [DefNew: 18136K->956K(19136K), 0.0152940 secs] 96666K->79724K(260032K), 0.0158710 secs] [Times: user=0.00 sys=0.01, real=0.02 secs] 
2012-10-23T10:55:27.686+0100: 318403.669: [GC 318403.669: [DefNew: 17980K->1722K(19136K), 0.0153010 secs] 96748K->80489K(260032K), 0.0158930 secs] [Times: user=0.02 sys=0.00, real=0.02 secs] 
2012-10-23T10:55:41.166+0100: 318417.149: [GC 318417.149: [DefNew: 18746K->1278K(19136K), 0.0192110 secs] 97513K->80544K(260032K), 0.0197550 secs] [Times: user=0.02 sys=0.00, real=0.02 secs] 
2012-10-23T10:55:54.466+0100: 318430.449: [GC 318430.450: [DefNew: 18302K->1078K(19136K), 0.0147800 secs] 97568K->80576K(260032K), 0.0153080 secs] [Times: user=0.00 sys=0.01, real=0.02 secs] 
2012-10-23T10:56:06.332+0100: 318442.315: [GC 318442.316: [DefNew: 18102K->1188K(19136K), 0.0146850 secs] 97600K->80875K(260032K), 0.0152790 secs] [Times: user=0.02 sys=0.00, real=0.02 secs] 
2012-10-23T10:56:16.922+0100: 318452.905: [GC 318452.905: [DefNew: 18212K->1611K(19136K), 0.0162680 secs] 97899K->81505K(260032K), 0.0168050 secs] [Times: user=0.03 sys=0.00, real=0.02 secs] 
2012-10-23T10:56:29.460+0100: 318465.443: [GC 318465.444: [DefNew: 18635K->998K(19136K), 0.0162650 secs] 98529K->81189K(260032K), 0.0167730 secs] [Times: user=0.01 sys=0.00, real=0.01 secs] 
2012-10-23T10:56:42.027+0100: 318478.010: [GC 318478.010: [DefNew: 18022K->1569K(19136K), 0.0142450 secs] 98213K->81759K(260032K), 0.0148280 secs] [Times: user=0.02 sys=0.00, real=0.02 secs] 
2012-10-23T10:56:52.574+0100: 318488.557: [GC 318488.558: [DefNew: 18593K->1353K(19136K), 0.0207010 secs] 98783K->82070K(260032K), 0.0213140 secs] [Times: user=0.02 sys=0.00, real=0.02 secs] 
2012-10-23T10:57:03.670+0100: 318499.653: [GC 318499.653: [DefNew: 18377K->576K(19136K), 0.0111690 secs] 99094K->81606K(260032K), 0.0116320 secs] [Times: user=0.01 sys=0.00, real=0.01 secs] 
2012-10-23T10:57:17.675+0100: 318513.658: [GC 318513.658: [DefNew: 17600K->1405K(19136K), 0.0099400 secs] 98630K->82435K(260032K), 0.0104500 secs] [Times: user=0.01 sys=0.00, real=0.01 secs] 
2012-10-23T10:57:27.672+0100: 318523.655: [GC 318523.656: [DefNew: 18429K->734K(19136K), 0.0187620 secs] 99459K->82279K(260032K), 0.0193700 secs] [Times: user=0.02 sys=0.00, real=0.02 secs] 
2012-10-23T10:57:38.735+0100: 318534.718: [GC 318534.718: [DefNew: 17758K->671K(19136K), 0.0092620 secs] 99303K->82217K(260032K), 0.0096920 secs] [Times: user=0.01 sys=0.00, real=0.01 secs] 
2012-10-23T10:57:49.679+0100: 318545.662: [GC 318545.662: [DefNew: 17695K->2111K(19136K), 0.0116630 secs] 99241K->83765K(260032K), 0.0121580 secs] [Times: user=0.01 sys=0.00, real=0.01 secs] 
2012-10-23T10:58:01.822+0100: 318557.805: [GC 318557.805: [DefNew: 19135K->1797K(19136K), 0.0181270 secs] 100789K->84212K(260032K), 0.0186930 secs] [Times: user=0.02 sys=0.00, real=0.02 secs] 
2012-10-23T10:58:12.375+0100: 318568.358: [GC 318568.358: [DefNew: 18821K->1826K(19136K), 0.0183250 secs] 101236K->84492K(260032K), 0.0189950 secs] [Times: user=0.03 sys=0.00, real=0.02 secs] 
2012-10-23T10:58:23.664+0100: 318579.647: [GC 318579.647: [DefNew: 18834K->1191K(19136K), 0.0176060 secs] 101500K->84150K(260032K), 0.0183370 secs] [Times: user=0.03 sys=0.00, real=0.02 secs] 
2012-10-23T10:58:35.460+0100: 318591.443: [GC 318591.444: [DefNew: 18215K->1149K(19136K), 0.0119430 secs] 101174K->84375K(260032K), 0.0124520 secs] [Times: user=0.01 sys=0.00, real=0.01 secs] 
2012-10-23T10:58:48.067+0100: 318604.050: [GC 318604.050: [DefNew: 18173K->1645K(19136K), 0.0165890 secs] 101399K->85123K(260032K), 0.0171750 secs] [Times: user=0.01 sys=0.00, real=0.02 secs] 
2012-10-23T10:59:03.673+0100: 318619.656: [GC 318619.656: [DefNew: 18669K->425K(19136K), 0.0135040 secs] 102147K->84050K(260032K), 0.0139720 secs] [Times: user=0.01 sys=0.00, real=0.01 secs] 
2012-10-23T10:59:15.685+0100: 318631.668: [GC 318631.668: [DefNew: 17449K->1311K(19136K), 0.0087670 secs] 101074K->84937K(260032K), 0.0091330 secs] [Times: user=0.01 sys=0.00, real=0.01 secs] 
2012-10-23T10:59:27.981+0100: 318643.964: [GC 318643.965: [DefNew: 18335K->2038K(19136K), 0.0183060 secs] 101961K->86039K(260032K), 0.0188500 secs] [Times: user=0.02 sys=0.00, real=0.02 secs] 
2012-10-23T10:59:40.550+0100: 318656.533: [GC 318656.534: [DefNew: 19062K->1784K(19136K), 0.0156270 secs] 103063K->85980K(260032K), 0.0161990 secs] [Times: user=0.01 sys=0.00, real=0.01 secs] 
2012-10-23T10:59:53.670+0100: 318669.653: [GC 318669.654: [DefNew: 18808K->358K(19136K), 0.0091530 secs] 103004K->84788K(260032K), 0.0094770 secs] [Times: user=0.01 sys=0.00, real=0.01 secs] 
2012-10-23T11:00:05.684+0100: 318681.667: [GC 318681.667: [DefNew: 17382K->2069K(19136K), 0.0101150 secs] 101812K->86499K(260032K), 0.0105210 secs] [Times: user=0.00 sys=0.00, real=0.01 secs] 
2012-10-23T11:00:15.687+0100: 318691.670: [GC 318691.670: [DefNew: 19093K->1769K(19136K), 0.0137020 secs] 103523K->86694K(260032K), 0.0142070 secs] [Times: user=0.01 sys=0.00, real=0.02 secs] 
2012-10-23T11:00:27.669+0100: 318703.652: [GC 318703.652: [DefNew: 18793K->450K(19136K), 0.0151580 secs] 103718K->85622K(260032K), 0.0157150 secs] [Times: user=0.01 sys=0.00, real=0.01 secs] 
2012-10-23T11:00:43.563+0100: 318719.546: [GC 318719.546: [DefNew: 17474K->712K(19136K), 0.0130610 secs] 102646K->85884K(260032K), 0.0135480 secs] [Times: user=0.01 sys=0.00, real=0.01 secs] 
2012-10-23T11:00:53.683+0100: 318729.666: [GC 318729.666: [DefNew: 17725K->1814K(19136K), 0.0157330 secs] 102897K->86986K(260032K), 0.0164080 secs] [Times: user=0.02 sys=0.00, real=0.02 secs] 
2012-10-23T11:01:06.627+0100: 318742.610: [GC 318742.610: [DefNew: 18838K->1111K(19136K), 0.0210940 secs] 104010K->87031K(260032K), 0.0216390 secs] [Times: user=0.02 sys=0.00, real=0.03 secs] 
2012-10-23T11:01:19.687+0100: 318755.670: [GC 318755.670: [DefNew: 18135K->1133K(19136K), 0.0152110 secs] 104055K->87244K(260032K), 0.0157670 secs] [Times: user=0.01 sys=0.00, real=0.02 secs] 
2012-10-23T11:01:31.695+0100: 318767.678: [GC 318767.678: [DefNew: 18157K->1626K(19136K), 0.0110370 secs] 104268K->87982K(260032K), 0.0114330 secs] [Times: user=0.01 sys=0.00, real=0.01 secs] 
2012-10-23T11:01:42.341+0100: 318778.324: [GC 318778.325: [DefNew: 18650K->461K(19136K), 0.0098440 secs] 105006K->87020K(260032K), 0.0103960 secs] [Times: user=0.01 sys=0.00, real=0.01 secs] 
2012-10-23T11:01:54.246+0100: 318790.229: [GC 318790.230: [DefNew: 17460K->1377K(19136K), 0.0189930 secs] 104018K->87936K(260032K), 0.0206870 secs] [Times: user=0.01 sys=0.00, real=0.02 secs] 
2012-10-23T11:02:05.689+0100: 318801.672: [GC 318801.672: [DefNew: 18401K->1719K(19136K), 0.0214670 secs] 104960K->88873K(260032K), 0.0221250 secs] [Times: user=0.02 sys=0.00, real=0.02 secs] 
2012-10-23T11:02:20.130+0100: 318816.113: [GC 318816.113: [DefNew: 18743K->1015K(19136K), 0.0150950 secs] 105897K->88428K(260032K), 0.0156180 secs] [Times: user=0.02 sys=0.00, real=0.01 secs] 
2012-10-23T11:02:30.626+0100: 318826.609: [GC 318826.610: [DefNew: 18039K->1973K(19136K), 0.0148100 secs] 105452K->89386K(260032K), 0.0153800 secs] [Times: user=0.02 sys=0.00, real=0.02 secs] 
2012-10-23T11:02:43.225+0100: 318839.208: [GC 318839.209: [DefNew: 18997K->422K(19136K), 0.0180330 secs] 106410K->88247K(260032K), 0.0185970 secs] [Times: user=0.02 sys=0.00, real=0.02 secs] 
2012-10-23T11:02:53.799+0100: 318849.782: [GC 318849.782: [DefNew: 17446K->2111K(19136K), 0.0230510 secs] 105271K->90455K(260032K), 0.0237180 secs] [Times: user=0.01 sys=0.01, real=0.02 secs] 
2012-10-23T11:03:06.338+0100: 318862.321: [GC 318862.322: [DefNew: 19135K->1234K(19136K), 0.0204820 secs] 107479K->90049K(260032K), 0.0211420 secs] [Times: user=0.02 sys=0.00, real=0.02 secs] 
2012-10-23T11:03:19.690+0100: 318875.673: [GC 318875.673: [DefNew: 18249K->1232K(19136K), 0.0178040 secs] 107064K->90350K(260032K), 0.0184610 secs] [Times: user=0.03 sys=0.00, real=0.02 secs] 
2012-10-23T11:03:33.686+0100: 318889.669: [GC 318889.670: [DefNew: 18256K->997K(19136K), 0.0164560 secs] 107374K->90363K(260032K), 0.0169930 secs] [Times: user=0.01 sys=0.00, real=0.02 secs] 
2012-10-23T11:03:43.679+0100: 318899.662: [GC 318899.662: [DefNew: 18021K->967K(19136K), 0.0124470 secs] 107387K->90333K(260032K), 0.0129340 secs] [Times: user=0.01 sys=0.00, real=0.01 secs] 
2012-10-23T11:03:53.697+0100: 318909.680: [GC 318909.681: [DefNew: 17989K->1834K(19136K), 0.0153640 secs] 107355K->91200K(260032K), 0.0159630 secs] [Times: user=0.01 sys=0.00, real=0.02 secs] 
2012-10-23T11:04:07.691+0100: 318923.674: [GC 318923.674: [DefNew: 18858K->926K(19136K), 0.0174280 secs] 108224K->90985K(260032K), 0.0179400 secs] [Times: user=0.03 sys=0.00, real=0.02 secs] 
2012-10-23T11:04:20.622+0100: 318936.605: [GC 318936.605: [DefNew: 17950K->1370K(19136K), 0.0125910 secs] 108009K->91428K(260032K), 0.0131140 secs] [Times: user=0.01 sys=0.00, real=0.01 secs] 
2012-10-23T11:04:33.677+0100: 318949.660: [GC 318949.661: [DefNew: 18363K->229K(19136K), 0.0144750 secs] 108421K->90703K(260032K), 0.0149290 secs] [Times: user=0.01 sys=0.01, real=0.01 secs] 
2012-10-23T11:04:51.674+0100: 318967.657: [GC 318967.657: [DefNew: 17253K->299K(19136K), 0.0087300 secs] 107727K->90774K(260032K), 0.0090330 secs] [Times: user=0.01 sys=0.00, real=0.01 secs] 
2012-10-23T11:05:03.944+0100: 318979.927: [GC 318979.927: [DefNew: 17323K->1131K(19136K), 0.0112220 secs] 107798K->91606K(260032K), 0.0115310 secs] [Times: user=0.01 sys=0.00, real=0.01 secs] 
2012-10-23T11:05:14.455+0100: 318990.438: [GC 318990.438: [DefNew: 18155K->2112K(19136K), 0.0204830 secs] 108630K->93203K(260032K), 0.0209490 secs] [Times: user=0.02 sys=0.00, real=0.02 secs] 
2012-10-23T11:05:33.681+0100: 319009.664: [GC 319009.665: [DefNew: 19136K->711K(19136K), 0.0160890 secs] 110227K->92272K(260032K), 0.0164850 secs] [Times: user=0.02 sys=0.00, real=0.02 secs] 
2012-10-23T11:05:43.684+0100: 319019.667: [GC 319019.667: [DefNew: 17735K->1219K(19136K), 0.0118380 secs] 109296K->92780K(260032K), 0.0122590 secs] [Times: user=0.01 sys=0.00, real=0.01 secs] 
2012-10-23T11:05:55.391+0100: 319031.374: [GC 319031.374: [DefNew: 18243K->1268K(19136K), 0.0155540 secs] 109804K->93019K(260032K), 0.0162050 secs] [Times: user=0.01 sys=0.00, real=0.01 secs] 
2012-10-23T11:06:10.425+0100: 319046.408: [GC 319046.408: [DefNew: 18292K->1538K(19136K), 0.0170600 secs] 110043K->93714K(260032K), 0.0174960 secs] [Times: user=0.02 sys=0.00, real=0.02 secs] 
2012-10-23T11:06:23.690+0100: 319059.673: [GC 319059.673: [DefNew: 18550K->910K(19136K), 0.0123630 secs] 110725K->93192K(260032K), 0.0127920 secs] [Times: user=0.01 sys=0.00, real=0.01 secs] 
2012-10-23T11:06:33.694+0100: 319069.677: [GC 319069.677: [DefNew: 17934K->1614K(19136K), 0.0134740 secs] 110216K->93895K(260032K), 0.0139550 secs] [Times: user=0.01 sys=0.00, real=0.02 secs] 
2012-10-23T11:06:44.434+0100: 319080.417: [GC 319080.418: [DefNew: 18638K->1677K(19136K), 0.0246470 secs] 110919K->94408K(260032K), 0.0253080 secs] [Times: user=0.02 sys=0.00, real=0.03 secs] 
2012-10-23T11:06:59.282+0100: 319095.265: [GC 319095.266: [DefNew: 18698K->1788K(19136K), 0.0169320 secs] 111429K->94778K(260032K), 0.0175260 secs] [Times: user=0.01 sys=0.00, real=0.02 secs] 
2012-10-23T11:07:09.926+0100: 319105.909: [GC 319105.910: [DefNew: 18812K->1176K(19136K), 0.0157640 secs] 111802K->94491K(260032K), 0.0163160 secs] [Times: user=0.01 sys=0.00, real=0.02 secs] 
2012-10-23T11:07:21.678+0100: 319117.661: [GC 319117.661: [DefNew: 18200K->1341K(19136K), 0.0157610 secs] 111515K->94841K(260032K), 0.0163320 secs] [Times: user=0.01 sys=0.00, real=0.01 secs] 
2012-10-23T11:07:34.416+0100: 319130.399: [GC 319130.400: [DefNew: 18365K->959K(19136K), 0.0263650 secs] 111865K->94768K(260032K), 0.0270480 secs] [Times: user=0.02 sys=0.00, real=0.03 secs] 
2012-10-23T11:07:45.353+0100: 319141.337: [GC 319141.337: [DefNew: 17983K->1955K(19136K), 0.0224690 secs] 111792K->95765K(260032K), 0.0231910 secs] [Times: user=0.02 sys=0.00, real=0.02 secs] 
2012-10-23T11:07:56.222+0100: 319152.205: [GC 319152.205: [DefNew: 18979K->1685K(19136K), 0.0146780 secs] 112789K->95990K(260032K), 0.0153950 secs] [Times: user=0.01 sys=0.00, real=0.02 secs] 
2012-10-23T11:08:08.744+0100: 319164.727: [GC 319164.727: [DefNew: 18709K->1740K(19136K), 0.0185280 secs] 113014K->96324K(260032K), 0.0191660 secs] [Times: user=0.03 sys=0.00, real=0.02 secs] 
2012-10-23T11:08:20.246+0100: 319176.229: [GC 319176.229: [DefNew: 18764K->1702K(19136K), 0.0254920 secs] 113348K->96562K(260032K), 0.0262580 secs] [Times: user=0.02 sys=0.00, real=0.03 secs] 
2012-10-23T11:08:31.704+0100: 319187.687: [GC 319187.687: [DefNew: 18726K->1854K(19136K), 0.0175290 secs] 113586K->96964K(260032K), 0.0181750 secs] [Times: user=0.02 sys=0.00, real=0.02 secs] 
2012-10-23T11:08:42.367+0100: 319198.350: [GC 319198.351: [DefNew: 18878K->1723K(19136K), 0.0173370 secs] 113988K->97021K(260032K), 0.0180710 secs] [Times: user=0.02 sys=0.00, real=0.02 secs] 
2012-10-23T11:08:55.463+0100: 319211.446: [GC 319211.447: [DefNew: 18747K->1104K(19136K), 0.0164870 secs] 114045K->96668K(260032K), 0.0171290 secs] [Times: user=0.02 sys=0.00, real=0.02 secs] 
2012-10-23T11:09:05.681+0100: 319221.664: [GC 319221.664: [DefNew: 18128K->1625K(19136K), 0.0171010 secs] 113692K->97478K(260032K), 0.0177360 secs] [Times: user=0.02 sys=0.00, real=0.02 secs] 
2012-10-23T11:09:22.249+0100: 319238.232: [GC 319238.233: [DefNew: 18649K->1204K(19136K), 0.0152060 secs] 114502K->97263K(260032K), 0.0157070 secs] [Times: user=0.02 sys=0.00, real=0.01 secs] 
2012-10-23T11:09:33.695+0100: 319249.678: [GC 319249.678: [DefNew: 18228K->793K(19136K), 0.0137170 secs] 114287K->97021K(260032K), 0.0143490 secs] [Times: user=0.02 sys=0.00, real=0.02 secs] 
2012-10-23T11:09:45.325+0100: 319261.308: [GC 319261.309: [DefNew: 17817K->1765K(19136K), 0.0136220 secs] 114045K->97993K(260032K), 0.0141260 secs] [Times: user=0.01 sys=0.00, real=0.02 secs] 
2012-10-23T11:09:59.691+0100: 319275.674: [GC 319275.674: [DefNew: 18789K->1048K(19136K), 0.0158730 secs] 115017K->97645K(260032K), 0.0163730 secs] [Times: user=0.02 sys=0.00, real=0.02 secs] 
2012-10-23T11:10:12.662+0100: 319288.645: [GC 319288.645: [DefNew: 18072K->2055K(19136K), 0.0141410 secs] 114669K->98651K(260032K), 0.0146740 secs] [Times: user=0.01 sys=0.00, real=0.01 secs] 
2012-10-23T11:10:23.712+0100: 319299.695: [GC 319299.696: [DefNew: 19074K->890K(19136K), 0.0170310 secs] 115671K->97883K(260032K), 0.0175300 secs] [Times: user=0.02 sys=0.00, real=0.02 secs] 
2012-10-23T11:10:34.701+0100: 319310.684: [GC 319310.685: [DefNew: 17914K->2112K(19136K), 0.0219490 secs] 114907K->99557K(260032K), 0.0225990 secs] [Times: user=0.02 sys=0.00, real=0.02 secs] 
2012-10-23T11:10:45.385+0100: 319321.368: [GC 319321.368: [DefNew: 19111K->1800K(19136K), 0.0198060 secs] 116557K->99664K(260032K), 0.0204000 secs] [Times: user=0.02 sys=0.00, real=0.02 secs] 
2012-10-23T11:10:57.681+0100: 319333.664: [GC 319333.665: [DefNew: 18822K->496K(19136K), 0.0152980 secs] 116686K->98653K(260032K), 0.0158660 secs] [Times: user=0.01 sys=0.00, real=0.01 secs] 
2012-10-23T11:11:10.505+0100: 319346.488: [GC 319346.489: [DefNew: 17520K->1861K(19136K), 0.0147720 secs] 115677K->100017K(260032K), 0.0153820 secs] [Times: user=0.02 sys=0.00, real=0.02 secs] 
2012-10-23T11:11:24.075+0100: 319360.058: [GC 319360.059: [DefNew: 18885K->456K(19136K), 0.0162690 secs] 117041K->98985K(260032K), 0.0167650 secs] [Times: user=0.02 sys=0.00, real=0.02 secs] 
2012-10-23T11:11:36.661+0100: 319372.644: [GC 319372.644: [DefNew: 17480K->1468K(19136K), 0.0138750 secs] 116009K->99997K(260032K), 0.0143820 secs] [Times: user=0.01 sys=0.00, real=0.01 secs] 
2012-10-23T11:11:47.702+0100: 319383.685: [GC 319383.686: [DefNew: 18492K->1557K(19136K), 0.0191330 secs] 117021K->100564K(260032K), 0.0196800 secs] [Times: user=0.02 sys=0.00, real=0.02 secs] 
2012-10-23T11:11:57.700+0100: 319393.683: [GC 319393.683: [DefNew: 18581K->1573K(19136K), 0.0158850 secs] 117588K->100802K(260032K), 0.0164820 secs] [Times: user=0.01 sys=0.00, real=0.01 secs] 
2012-10-23T11:12:11.698+0100: 319407.681: [GC 319407.682: [DefNew: 18597K->1133K(19136K), 0.0154290 secs] 117826K->100618K(260032K), 0.0159490 secs] [Times: user=0.01 sys=0.00, real=0.01 secs] 
2012-10-23T11:12:24.959+0100: 319420.942: [GC 319420.942: [DefNew: 18157K->1069K(19136K), 0.0151930 secs] 117642K->100754K(260032K), 0.0157290 secs] [Times: user=0.01 sys=0.00, real=0.01 secs] 
2012-10-23T11:12:35.448+0100: 319431.431: [GC 319431.431: [DefNew: 18093K->2112K(19136K), 0.0131400 secs] 117778K->102202K(260032K), 0.0136100 secs] [Times: user=0.02 sys=0.00, real=0.01 secs] 
2012-10-23T11:12:47.692+0100: 319443.675: [GC 319443.675: [DefNew: 19136K->1400K(19136K), 0.0173100 secs] 119226K->101742K(260032K), 0.0178860 secs] [Times: user=0.01 sys=0.00, real=0.02 secs] 
2012-10-23T11:12:59.449+0100: 319455.432: [GC 319455.432: [DefNew: 18424K->1102K(19136K), 0.0172520 secs] 118766K->101740K(260032K), 0.0179240 secs] [Times: user=0.02 sys=0.00, real=0.01 secs] 
2012-10-23T11:13:09.692+0100: 319465.675: [GC 319465.675: [DefNew: 18117K->1123K(19136K), 0.0169730 secs] 118755K->102068K(260032K), 0.0175800 secs] [Times: user=0.01 sys=0.00, real=0.02 secs] 
2012-10-23T11:13:21.683+0100: 319477.666: [GC 319477.666: [DefNew: 18147K->1160K(19136K), 0.0172820 secs] 119092K->102359K(260032K), 0.0178870 secs] [Times: user=0.01 sys=0.00, real=0.02 secs] 
2012-10-23T11:13:33.699+0100: 319489.682: [GC 319489.683: [DefNew: 18184K->850K(19136K), 0.0159910 secs] 119383K->102288K(260032K), 0.0165720 secs] [Times: user=0.01 sys=0.00, real=0.01 secs] 
2012-10-23T11:13:47.708+0100: 319503.691: [GC 319503.691: [DefNew: 17874K->2059K(19136K), 0.0146630 secs] 119312K->103496K(260032K), 0.0152150 secs] [Times: user=0.01 sys=0.00, real=0.01 secs] 
2012-10-23T11:14:03.625+0100: 319519.608: [GC 319519.609: [DefNew: 19083K->262K(19136K), 0.0148400 secs] 120520K->102094K(260032K), 0.0152580 secs] [Times: user=0.01 sys=0.00, real=0.02 secs] 
2012-10-23T11:14:17.700+0100: 319533.684: [GC 319533.684: [DefNew: 17286K->1675K(19136K), 0.0127700 secs] 119118K->103507K(260032K), 0.0131760 secs] [Times: user=0.01 sys=0.00, real=0.01 secs] 
2012-10-23T11:14:27.689+0100: 319543.672: [GC 319543.673: [DefNew: 18679K->510K(19136K), 0.0148250 secs] 120511K->102703K(260032K), 0.0152620 secs] [Times: user=0.01 sys=0.00, real=0.01 secs] 
2012-10-23T11:14:37.704+0100: 319553.688: [GC 319553.688: [DefNew: 17534K->1969K(19136K), 0.0136870 secs] 119727K->104163K(260032K), 0.0141680 secs] [Times: user=0.02 sys=0.00, real=0.02 secs] 
2012-10-23T11:14:51.703+0100: 319567.686: [GC 319567.686: [DefNew: 18993K->1505K(19136K), 0.0183600 secs] 121187K->104144K(260032K), 0.0188790 secs] [Times: user=0.02 sys=0.00, real=0.02 secs] 
2012-10-23T11:15:07.688+0100: 319583.671: [GC 319583.671: [DefNew: 18529K->538K(19136K), 0.0119840 secs] 121167K->103327K(260032K), 0.0124740 secs] [Times: user=0.02 sys=0.00, real=0.01 secs] 
2012-10-23T11:15:19.251+0100: 319595.234: [GC 319595.234: [DefNew: 17562K->1823K(19136K), 0.0300480 secs] 120351K->104613K(260032K), 0.0305960 secs] [Times: user=0.01 sys=0.00, real=0.03 secs] 
2012-10-23T11:15:29.766+0100: 319605.749: [GC 319605.749: [DefNew: 18847K->1789K(19136K), 0.0185440 secs] 121637K->104986K(260032K), 0.0191300 secs] [Times: user=0.02 sys=0.00, real=0.02 secs] 
2012-10-23T11:15:42.346+0100: 319618.329: [GC 319618.329: [DefNew: 18813K->456K(19136K), 0.0174860 secs] 122010K->103905K(260032K), 0.0179670 secs] [Times: user=0.02 sys=0.00, real=0.02 secs] 
2012-10-23T11:15:53.701+0100: 319629.684: [GC 319629.685: [DefNew: 17480K->1796K(19136K), 0.0141440 secs] 120929K->105245K(260032K), 0.0146680 secs] [Times: user=0.01 sys=0.00, real=0.01 secs] 
2012-10-23T11:16:03.693+0100: 319639.676: [GC 319639.677: [DefNew: 18820K->757K(19136K), 0.0174470 secs] 122269K->104665K(260032K), 0.0181280 secs] [Times: user=0.02 sys=0.00, real=0.02 secs] 
2012-10-23T11:16:13.712+0100: 319649.695: [GC 319649.696: [DefNew: 17781K->1802K(19136K), 0.0144920 secs] 121689K->105709K(260032K), 0.0151090 secs] [Times: user=0.03 sys=0.00, real=0.02 secs] 
2012-10-23T11:16:24.344+0100: 319660.327: [GC 319660.327: [DefNew: 18826K->2112K(19136K), 0.0240850 secs] 122733K->106750K(260032K), 0.0247730 secs] [Times: user=0.02 sys=0.00, real=0.03 secs] 
2012-10-23T11:16:35.656+0100: 319671.639: [GC 319671.640: [DefNew: 19136K->1473K(19136K), 0.0184710 secs] 123774K->106362K(260032K), 0.0191520 secs] [Times: user=0.02 sys=0.00, real=0.02 secs] 
2012-10-23T11:16:47.489+0100: 319683.472: [GC 319683.473: [DefNew: 18497K->524K(19136K), 0.0165040 secs] 123386K->105716K(260032K), 0.0171200 secs] [Times: user=0.01 sys=0.01, real=0.01 secs] 
2012-10-23T11:16:59.527+0100: 319695.511: [GC 319695.511: [DefNew: 17527K->822K(19136K), 0.0138420 secs] 122719K->106015K(260032K), 0.0144080 secs] [Times: user=0.01 sys=0.00, real=0.01 secs] 
2012-10-23T11:17:09.700+0100: 319705.683: [GC 319705.683: [DefNew: 17846K->1879K(19136K), 0.0161690 secs] 123039K->107071K(260032K), 0.0167910 secs] [Times: user=0.02 sys=0.00, real=0.01 secs] 
2012-10-23T11:17:23.704+0100: 319719.687: [GC 319719.687: [DefNew: 18903K->777K(19136K), 0.0215660 secs] 124095K->106806K(260032K), 0.0221730 secs] [Times: user=0.02 sys=0.00, real=0.02 secs] 
2012-10-23T11:17:37.847+0100: 319733.830: [GC 319733.831: [DefNew: 17801K->1136K(19136K), 0.0128740 secs] 123830K->107164K(260032K), 0.0133540 secs] [Times: user=0.01 sys=0.00, real=0.01 secs] 
2012-10-23T11:17:49.704+0100: 319745.687: [GC 319745.688: [DefNew: 18160K->1936K(19136K), 0.0168990 secs] 124188K->108107K(260032K), 0.0174620 secs] [Times: user=0.01 sys=0.01, real=0.02 secs] 
2012-10-23T11:18:03.687+0100: 319759.670: [GC 319759.670: [DefNew: 18960K->304K(19136K), 0.0163750 secs] 125131K->106987K(260032K), 0.0168310 secs] [Times: user=0.01 sys=0.00, real=0.02 secs] 
2012-10-23T11:18:13.707+0100: 319769.690: [GC 319769.690: [DefNew: 17328K->1719K(19136K), 0.0140930 secs] 124011K->108402K(260032K), 0.0146840 secs] [Times: user=0.01 sys=0.00, real=0.02 secs] 
2012-10-23T11:18:25.566+0100: 319781.549: [GC 319781.549: [DefNew: 18743K->1767K(19136K), 0.0272690 secs] 125426K->108876K(260032K), 0.0279790 secs] [Times: user=0.02 sys=0.00, real=0.03 secs] 
2012-10-23T11:18:39.741+0100: 319795.724: [GC 319795.724: [DefNew: 18791K->1100K(19136K), 0.0151900 secs] 125900K->108458K(260032K), 0.0157160 secs] [Times: user=0.01 sys=0.00, real=0.01 secs] 
2012-10-23T11:18:53.693+0100: 319809.676: [GC 319809.677: [DefNew: 18099K->618K(19136K), 0.0128040 secs] 125456K->108132K(260032K), 0.0132930 secs] [Times: user=0.02 sys=0.00, real=0.01 secs] 
2012-10-23T11:19:07.704+0100: 319823.687: [GC 319823.688: [DefNew: 17642K->877K(19136K), 0.0111920 secs] 125156K->108391K(260032K), 0.0116550 secs] [Times: user=0.01 sys=0.00, real=0.01 secs] 
2012-10-23T11:19:21.710+0100: 319837.693: [GC 319837.694: [DefNew: 17901K->2024K(19136K), 0.0132180 secs] 125415K->109538K(260032K), 0.0136650 secs] [Times: user=0.01 sys=0.00, real=0.01 secs] 
2012-10-23T11:19:35.845+0100: 319851.828: [GC 319851.829: [DefNew: 19048K->1132K(19136K), 0.0161560 secs] 126562K->109130K(260032K), 0.0165570 secs] [Times: user=0.02 sys=0.00, real=0.02 secs] 
2012-10-23T11:19:53.694+0100: 319869.677: [GC 319869.677: [DefNew: 18156K->566K(19136K), 0.0072420 secs] 126154K->108708K(260032K), 0.0074690 secs] [Times: user=0.00 sys=0.00, real=0.01 secs] 
2012-10-23T11:20:02.788+0100: 319878.771: [GC 319878.772: [DefNew: 17590K->1072K(19136K), 0.0110250 secs] 125732K->109214K(260032K), 0.0113870 secs] [Times: user=0.01 sys=0.00, real=0.01 secs] 
2012-10-23T11:20:15.392+0100: 319891.375: [GC 319891.375: [DefNew: 18096K->1930K(19136K), 0.0149160 secs] 126238K->110164K(260032K), 0.0154110 secs] [Times: user=0.01 sys=0.00, real=0.02 secs] 
2012-10-23T11:20:27.705+0100: 319903.689: [GC 319903.689: [DefNew: 18954K->1621K(19136K), 0.0176270 secs] 127188K->110256K(260032K), 0.0180930 secs] [Times: user=0.02 sys=0.00, real=0.02 secs] 
2012-10-23T11:20:40.546+0100: 319916.529: [GC 319916.529: [DefNew: 18645K->1151K(19136K), 0.0148170 secs] 127280K->110039K(260032K), 0.0152340 secs] [Times: user=0.01 sys=0.00, real=0.02 secs] 
2012-10-23T11:20:53.764+0100: 319929.747: [GC 319929.747: [DefNew: 18175K->998K(19136K), 0.0133940 secs] 127063K->110055K(260032K), 0.0138560 secs] [Times: user=0.02 sys=0.00, real=0.02 secs] 
2012-10-23T11:21:05.758+0100: 319941.741: [GC 319941.742: [DefNew: 18022K->1315K(19136K), 0.0124540 secs] 127079K->110372K(260032K), 0.0129000 secs] [Times: user=0.01 sys=0.00, real=0.01 secs] 
2012-10-23T11:21:17.703+0100: 319953.686: [GC 319953.686: [DefNew: 18337K->1327K(19136K), 0.0182700 secs] 127394K->110720K(260032K), 0.0187650 secs] [Times: user=0.02 sys=0.00, real=0.02 secs] 
2012-10-23T11:21:29.468+0100: 319965.451: [GC 319965.451: [DefNew: 18321K->1451K(19136K), 0.0180430 secs] 127714K->111245K(260032K), 0.0186220 secs] [Times: user=0.02 sys=0.00, real=0.01 secs] 
2012-10-23T11:21:43.526+0100: 319979.509: [GC 319979.510: [DefNew: 18475K->450K(19136K), 0.0086140 secs] 128269K->110488K(260032K), 0.0089840 secs] [Times: user=0.02 sys=0.00, real=0.01 secs] 
2012-10-23T11:21:54.994+0100: 319990.977: [GC 319990.978: [DefNew: 17474K->1500K(19136K), 0.0105530 secs] 127512K->111537K(260032K), 0.0110350 secs] [Times: user=0.00 sys=0.00, real=0.01 secs] 
2012-10-23T11:22:05.446+0100: 320001.429: [GC 320001.430: [DefNew: 18524K->1152K(19136K), 0.0128780 secs] 128561K->111799K(260032K), 0.0134220 secs] [Times: user=0.01 sys=0.00, real=0.02 secs] 
2012-10-23T11:22:17.697+0100: 320013.680: [GC 320013.680: [DefNew: 18163K->1197K(19136K), 0.0099790 secs] 128810K->112078K(260032K), 0.0104240 secs] [Times: user=0.01 sys=0.00, real=0.02 secs] 
2012-10-23T11:22:30.385+0100: 320026.368: [GC 320026.368: [DefNew: 18221K->1898K(19136K), 0.0104210 secs] 129102K->112927K(260032K), 0.0108930 secs] [Times: user=0.02 sys=0.00, real=0.01 secs] 
2012-10-23T11:22:41.713+0100: 320037.696: [GC 320037.696: [DefNew: 18922K->1742K(19136K), 0.0107950 secs] 129951K->113046K(260032K), 0.0112970 secs] [Times: user=0.01 sys=0.00, real=0.01 secs] 
2012-10-23T11:22:52.828+0100: 320048.811: [GC 320048.812: [DefNew: 18766K->1289K(19136K), 0.0156820 secs] 130070K->112837K(260032K), 0.0162110 secs] [Times: user=0.01 sys=0.00, real=0.01 secs] 
2012-10-23T11:23:04.477+0100: 320060.460: [GC 320060.461: [DefNew: 18307K->887K(19136K), 0.0156690 secs] 129855K->112683K(260032K), 0.0162510 secs] [Times: user=0.01 sys=0.01, real=0.01 secs] 
2012-10-23T11:23:17.705+0100: 320073.689: [GC 320073.689: [DefNew: 17894K->1106K(19136K), 0.0125850 secs] 129691K->112903K(260032K), 0.0130420 secs] [Times: user=0.01 sys=0.00, real=0.02 secs] 
2012-10-23T11:23:28.570+0100: 320084.553: [GC 320084.553: [DefNew: 18130K->1204K(19136K), 0.0162230 secs] 129927K->113298K(260032K), 0.0167250 secs] [Times: user=0.02 sys=0.00, real=0.01 secs] 
2012-10-23T11:23:41.168+0100: 320097.151: [GC 320097.151: [DefNew: 18228K->1990K(19136K), 0.0175010 secs] 130322K->114300K(260032K), 0.0181360 secs] [Times: user=0.02 sys=0.00, real=0.01 secs] 
2012-10-23T11:23:57.705+0100: 320113.688: [GC 320113.688: [DefNew: 19014K->356K(19136K), 0.0158200 secs] 131324K->113140K(260032K), 0.0162900 secs] [Times: user=0.02 sys=0.00, real=0.02 secs] 
2012-10-23T11:24:09.458+0100: 320125.441: [GC 320125.441: [DefNew: 17360K->814K(19136K), 0.0082210 secs] 130144K->113598K(260032K), 0.0085820 secs] [Times: user=0.00 sys=0.00, real=0.00 secs] 
2012-10-23T11:24:21.713+0100: 320137.696: [GC 320137.696: [DefNew: 17836K->1754K(19136K), 0.0143470 secs] 130620K->114538K(260032K), 0.0148410 secs] [Times: user=0.01 sys=0.00, real=0.02 secs] 
2012-10-23T11:24:35.694+0100: 320151.677: [GC 320151.677: [DefNew: 18778K->1621K(19136K), 0.0190200 secs] 131562K->114946K(260032K), 0.0195220 secs] [Times: user=0.01 sys=0.00, real=0.02 secs] 
2012-10-23T11:24:45.706+0100: 320161.689: [GC 320161.690: [DefNew: 18645K->1690K(19136K), 0.0155580 secs] 131970K->115202K(260032K), 0.0161000 secs] [Times: user=0.02 sys=0.00, real=0.02 secs] 
2012-10-23T11:25:02.421+0100: 320178.404: [GC 320178.404: [DefNew: 18714K->986K(19136K), 0.0135250 secs] 132226K->114746K(260032K), 0.0140180 secs] [Times: user=0.01 sys=0.00, real=0.01 secs] 
2012-10-23T11:25:13.719+0100: 320189.702: [GC 320189.702: [DefNew: 18010K->1486K(19136K), 0.0136100 secs] 131770K->115246K(260032K), 0.0141180 secs] [Times: user=0.01 sys=0.00, real=0.01 secs] 
2012-10-23T11:25:24.058+0100: 320200.041: [GC 320200.041: [DefNew: 18510K->2112K(19136K), 0.0210420 secs] 132270K->116470K(260032K), 0.0216160 secs] [Times: user=0.02 sys=0.00, real=0.02 secs] 
2012-10-23T11:25:35.695+0100: 320211.678: [GC 320211.678: [DefNew: 19132K->1114K(19136K), 0.0109600 secs] 133490K->115711K(260032K), 0.0114440 secs] [Times: user=0.02 sys=0.00, real=0.01 secs] 
2012-10-23T11:25:47.174+0100: 320223.157: [GC 320223.157: [DefNew: 18138K->1676K(19136K), 0.0197630 secs] 132735K->116613K(260032K), 0.0204600 secs] [Times: user=0.02 sys=0.00, real=0.02 secs] 
2012-10-23T11:25:59.754+0100: 320235.737: [GC 320235.737: [DefNew: 18700K->2053K(19136K), 0.0169550 secs] 133637K->117201K(260032K), 0.0175290 secs] [Times: user=0.01 sys=0.00, real=0.02 secs] 
2012-10-23T11:26:10.483+0100: 320246.467: [GC 320246.467: [DefNew: 19077K->2112K(19136K), 0.0191880 secs] 134225K->117724K(260032K), 0.0198730 secs] [Times: user=0.01 sys=0.01, real=0.02 secs] 
2012-10-23T11:26:20.762+0100: 320256.745: [GC 320256.745: [DefNew: 19136K->1872K(19136K), 0.0178910 secs] 134748K->117728K(260032K), 0.0188150 secs] [Times: user=0.02 sys=0.00, real=0.02 secs] 
2012-10-23T11:26:33.359+0100: 320269.342: [GC 320269.343: [DefNew: 18896K->1679K(19136K), 0.0121250 secs] 134752K->117768K(260032K), 0.0127100 secs] [Times: user=0.01 sys=0.00, real=0.01 secs] 
2012-10-23T11:26:43.885+0100: 320279.868: [GC 320279.869: [DefNew: 18703K->1688K(19136K), 0.0172750 secs] 134792K->118026K(260032K), 0.0181420 secs] [Times: user=0.01 sys=0.00, real=0.02 secs] 
2012-10-23T11:26:56.430+0100: 320292.413: [GC 320292.414: [DefNew: 18712K->1802K(19136K), 0.0182310 secs] 135050K->118404K(260032K), 0.0189590 secs] [Times: user=0.03 sys=0.00, real=0.02 secs] 
2012-10-23T11:27:05.715+0100: 320301.698: [GC 320301.698: [DefNew: 18826K->2111K(19136K), 0.0213310 secs] 135428K->119309K(260032K), 0.0220890 secs] [Times: user=0.02 sys=0.00, real=0.02 secs] 
2012-10-23T11:27:21.636+0100: 320317.619: [GC 320317.619: [DefNew: 19135K->1204K(19136K), 0.0166730 secs] 136333K->118619K(260032K), 0.0173580 secs] [Times: user=0.01 sys=0.00, real=0.02 secs] 
2012-10-23T11:27:32.137+0100: 320328.120: [GC 320328.120: [DefNew: 18228K->1968K(19136K), 0.0183910 secs] 135643K->119592K(260032K), 0.0190770 secs] [Times: user=0.02 sys=0.00, real=0.02 secs] 
2012-10-23T11:27:44.761+0100: 320340.744: [GC 320340.745: [DefNew: 18992K->1154K(19136K), 0.0178120 secs] 136616K->119018K(260032K), 0.0184570 secs] [Times: user=0.02 sys=0.00, real=0.02 secs] 
2012-10-23T11:27:57.708+0100: 320353.691: [GC 320353.691: [DefNew: 18160K->1147K(19136K), 0.0166760 secs] 136023K->119332K(260032K), 0.0172780 secs] [Times: user=0.02 sys=0.00, real=0.01 secs] 
2012-10-23T11:28:09.710+0100: 320365.693: [GC 320365.694: [DefNew: 18171K->1755K(19136K), 0.0162790 secs] 136356K->120098K(260032K), 0.0169160 secs] [Times: user=0.02 sys=0.00, real=0.02 secs] 
2012-10-23T11:28:20.442+0100: 320376.425: [GC 320376.426: [DefNew: 18779K->1274K(19136K), 0.0166240 secs] 137122K->119862K(260032K), 0.0172090 secs] [Times: user=0.02 sys=0.00, real=0.02 secs] 
2012-10-23T11:28:29.714+0100: 320385.697: [GC 320385.697: [DefNew: 18298K->1624K(19136K), 0.0173790 secs] 136886K->120461K(260032K), 0.0180850 secs] [Times: user=0.02 sys=0.00, real=0.02 secs] 
2012-10-23T11:28:43.714+0100: 320399.697: [GC 320399.698: [DefNew: 18648K->1372K(19136K), 0.0160180 secs] 137485K->120437K(260032K), 0.0165580 secs] [Times: user=0.01 sys=0.00, real=0.02 secs] 
2012-10-23T11:28:55.718+0100: 320411.701: [GC 320411.702: [DefNew: 18394K->1116K(19136K), 0.0143920 secs] 137460K->120376K(260032K), 0.0149300 secs] [Times: user=0.01 sys=0.00, real=0.01 secs] 
2012-10-23T11:29:04.567+0100: 320420.550: [GC 320420.551: [DefNew: 18140K->1726K(19136K), 0.0224660 secs] 137400K->121136K(260032K), 0.0230990 secs] [Times: user=0.00 sys=0.01, real=0.02 secs] 
2012-10-23T11:29:10.854+0100: 320426.837: [GC 320426.838: [DefNew: 18750K->1806K(19136K), 0.0168210 secs] 138160K->121395K(260032K), 0.0173550 secs] [Times: user=0.02 sys=0.00, real=0.02 secs] 
2012-10-23T11:29:18.022+0100: 320434.005: [GC 320434.005: [DefNew: 18830K->1575K(19136K), 0.0144620 secs] 138419K->121363K(260032K), 0.0149700 secs] [Times: user=0.01 sys=0.00, real=0.01 secs] 
2012-10-23T11:29:25.709+0100: 320441.693: [GC 320441.693: [DefNew: 18591K->1809K(19136K), 0.0145670 secs] 138379K->121766K(260032K), 0.0150570 secs] [Times: user=0.01 sys=0.00, real=0.01 secs] 
2012-10-23T11:29:32.022+0100: 320448.005: [GC 320448.005: [DefNew: 18833K->2112K(19136K), 0.0199280 secs] 138790K->123167K(260032K), 0.0204610 secs] [Times: user=0.02 sys=0.00, real=0.02 secs] 
2012-10-23T11:29:39.709+0100: 320455.692: [GC 320455.692: [DefNew: 19136K->844K(19136K), 0.0126560 secs] 140191K->122023K(260032K), 0.0131470 secs] [Times: user=0.01 sys=0.00, real=0.01 secs] 
2012-10-23T11:29:46.537+0100: 320462.520: [GC 320462.521: [DefNew: 17868K->1311K(19136K), 0.0090670 secs] 139047K->122491K(260032K), 0.0096160 secs] [Times: user=0.00 sys=0.01, real=0.00 secs] 
2012-10-23T11:29:54.252+0100: 320470.235: [GC 320470.236: [DefNew: 18335K->1297K(19136K), 0.0164700 secs] 139515K->122826K(260032K), 0.0171630 secs] [Times: user=0.02 sys=0.00, real=0.02 secs] 
2012-10-23T11:30:03.339+0100: 320479.322: [GC 320479.322: [DefNew: 18321K->344K(19136K), 0.0129890 secs] 139850K->122046K(260032K), 0.0134700 secs] [Times: user=0.01 sys=0.00, real=0.01 secs] 
2012-10-23T11:30:15.716+0100: 320491.699: [GC 320491.699: [DefNew: 17368K->1318K(19136K), 0.0132610 secs] 139070K->123020K(260032K), 0.0138260 secs] [Times: user=0.02 sys=0.00, real=0.02 secs] 
2012-10-23T11:30:26.476+0100: 320502.459: [GC 320502.460: [DefNew: 18342K->1387K(19136K), 0.0196740 secs] 140044K->123512K(260032K), 0.0202920 secs] [Times: user=0.02 sys=0.00, real=0.02 secs] 
2012-10-23T11:30:37.719+0100: 320513.702: [GC 320513.702: [DefNew: 18392K->918K(19136K), 0.0160010 secs] 140517K->123308K(260032K), 0.0165680 secs] [Times: user=0.01 sys=0.00, real=0.01 secs] 
2012-10-23T11:30:51.724+0100: 320527.707: [GC 320527.708: [DefNew: 17942K->1303K(19136K), 0.0137680 secs] 140332K->123693K(260032K), 0.0142940 secs] [Times: user=0.02 sys=0.00, real=0.02 secs] 
2012-10-23T11:31:05.716+0100: 320541.699: [GC 320541.700: [DefNew: 18327K->1243K(19136K), 0.0168650 secs] 140717K->123988K(260032K), 0.0174240 secs] [Times: user=0.02 sys=0.00, real=0.02 secs] 
2012-10-23T11:31:14.734+0100: 320550.717: [GC 320550.717: [DefNew: 18267K->1619K(19136K), 0.0108970 secs] 141012K->124565K(260032K), 0.0113270 secs] [Times: user=0.02 sys=0.00, real=0.01 secs] 
2012-10-23T11:31:29.434+0100: 320565.417: [GC 320565.417: [DefNew: 18643K->1532K(19136K), 0.0149080 secs] 141589K->124683K(260032K), 0.0153790 secs] [Times: user=0.02 sys=0.00, real=0.02 secs] 
2012-10-23T11:31:37.857+0100: 320573.840: [GC 320573.841: [DefNew: 18556K->973K(19136K), 0.0138120 secs] 141707K->124304K(260032K), 0.0142770 secs] [Times: user=0.00 sys=0.01, real=0.01 secs] 
2012-10-23T11:31:50.476+0100: 320586.459: [GC 320586.459: [DefNew: 17997K->1570K(19136K), 0.0140530 secs] 141328K->124901K(260032K), 0.0145570 secs] [Times: user=0.01 sys=0.00, real=0.02 secs] 
2012-10-23T11:32:00.975+0100: 320596.958: [GC 320596.959: [DefNew: 18594K->2111K(19136K), 0.0234660 secs] 141925K->126173K(260032K), 0.0241670 secs] [Times: user=0.03 sys=0.00, real=0.03 secs] 
2012-10-23T11:32:19.548+0100: 320615.531: [GC 320615.532: [DefNew: 19135K->962K(19136K), 0.0155600 secs] 143197K->125259K(260032K), 0.0161170 secs] [Times: user=0.02 sys=0.00, real=0.01 secs] 
2012-10-23T11:32:29.799+0100: 320625.782: [GC 320625.783: [DefNew: 17986K->1374K(19136K), 0.0137150 secs] 142283K->125671K(260032K), 0.0143160 secs] [Times: user=0.01 sys=0.00, real=0.01 secs] 
2012-10-23T11:32:42.965+0100: 320638.948: [GC 320638.948: [DefNew: 18398K->480K(19136K), 0.0171340 secs] 142695K->125199K(260032K), 0.0176670 secs] [Times: user=0.02 sys=0.00, real=0.02 secs] 
2012-10-23T11:32:53.451+0100: 320649.434: [GC 320649.435: [DefNew: 17504K->589K(19136K), 0.0117430 secs] 142223K->125307K(260032K), 0.0121810 secs] [Times: user=0.01 sys=0.00, real=0.01 secs] 
2012-10-23T11:33:03.973+0100: 320659.956: [GC 320659.957: [DefNew: 17613K->915K(19136K), 0.0134730 secs] 142331K->125633K(260032K), 0.0139740 secs] [Times: user=0.02 sys=0.00, real=0.02 secs] 
2012-10-23T11:33:14.466+0100: 320670.449: [GC 320670.450: [DefNew: 17939K->2112K(19136K), 0.0190110 secs] 142657K->127085K(260032K), 0.0196070 secs] [Times: user=0.02 sys=0.00, real=0.02 secs] 
2012-10-23T11:33:27.066+0100: 320683.049: [GC 320683.049: [DefNew: 19136K->539K(19136K), 0.0233580 secs] 144109K->126340K(260032K), 0.0240270 secs] [Times: user=0.02 sys=0.00, real=0.03 secs] 
2012-10-23T11:33:39.677+0100: 320695.661: [GC 320695.661: [DefNew: 17563K->1305K(19136K), 0.0138960 secs] 143364K->127105K(260032K), 0.0144330 secs] [Times: user=0.01 sys=0.00, real=0.01 secs] 
2012-10-23T11:33:54.493+0100: 320710.476: [GC 320710.476: [DefNew: 18329K->1178K(19136K), 0.0163190 secs] 144129K->127293K(260032K), 0.0169220 secs] [Times: user=0.01 sys=0.00, real=0.02 secs] 
2012-10-23T11:34:07.724+0100: 320723.707: [GC 320723.707: [DefNew: 18202K->1404K(19136K), 0.0143070 secs] 144317K->127669K(260032K), 0.0148150 secs] [Times: user=0.01 sys=0.00, real=0.02 secs] 
2012-10-23T11:34:21.677+0100: 320737.660: [GC 320737.660: [DefNew: 18428K->1245K(19136K), 0.0160130 secs] 144693K->127804K(260032K), 0.0165010 secs] [Times: user=0.01 sys=0.01, real=0.02 secs] 
2012-10-23T11:34:31.830+0100: 320747.813: [GC 320747.813: [DefNew: 18269K->1270K(19136K), 0.0153760 secs] 144828K->128098K(260032K), 0.0158660 secs] [Times: user=0.00 sys=0.01, real=0.01 secs] 
2012-10-23T11:34:42.659+0100: 320758.642: [GC 320758.642: [DefNew: 18294K->1832K(19136K), 0.0160620 secs] 145122K->128858K(260032K), 0.0165880 secs] [Times: user=0.01 sys=0.01, real=0.01 secs] 
2012-10-23T11:34:53.162+0100: 320769.145: [GC 320769.146: [DefNew: 18856K->1892K(19136K), 0.0165730 secs] 145882K->129174K(260032K), 0.0171330 secs] [Times: user=0.02 sys=0.00, real=0.02 secs] 
2012-10-23T11:35:03.724+0100: 320779.707: [GC 320779.707: [DefNew: 18915K->1424K(19136K), 0.0159470 secs] 146198K->128925K(260032K), 0.0165810 secs] [Times: user=0.01 sys=0.00, real=0.02 secs] 
2012-10-23T11:35:15.719+0100: 320791.702: [GC 320791.702: [DefNew: 18448K->1582K(19136K), 0.0158850 secs] 145949K->129293K(260032K), 0.0165410 secs] [Times: user=0.01 sys=0.00, real=0.01 secs] 
2012-10-23T11:35:27.719+0100: 320803.702: [GC 320803.703: [DefNew: 18606K->974K(19136K), 0.0149950 secs] 146317K->128886K(260032K), 0.0156760 secs] [Times: user=0.02 sys=0.00, real=0.01 secs] 
2012-10-23T11:35:37.742+0100: 320813.725: [GC 320813.726: [DefNew: 17998K->2112K(19136K), 0.0178900 secs] 145910K->130447K(260032K), 0.0185110 secs] [Times: user=0.02 sys=0.00, real=0.02 secs] 
2012-10-23T11:35:49.667+0100: 320825.650: [GC 320825.650: [DefNew: 19136K->1453K(19136K), 0.0328260 secs] 147471K->130226K(260032K), 0.0334740 secs] [Times: user=0.00 sys=0.01, real=0.04 secs] 
2012-10-23T11:36:03.728+0100: 320839.711: [GC 320839.711: [DefNew: 18475K->1811K(19136K), 0.0166460 secs] 147248K->130816K(260032K), 0.0172110 secs] [Times: user=0.02 sys=0.00, real=0.01 secs] 
2012-10-23T11:36:14.754+0100: 320850.737: [GC 320850.738: [DefNew: 18835K->1054K(19136K), 0.0108790 secs] 147840K->130272K(260032K), 0.0114670 secs] [Times: user=0.01 sys=0.00, real=0.01 secs] 
2012-10-23T11:36:29.771+0100: 320865.754: [GC 320865.754: [DefNew: 18078K->1865K(19136K), 0.0138780 secs] 147296K->131084K(260032K), 0.0143720 secs] [Times: user=0.02 sys=0.00, real=0.01 secs] 
2012-10-23T11:36:40.477+0100: 320876.460: [GC 320876.461: [DefNew: 18881K->1223K(19136K), 0.0161810 secs] 148099K->130816K(260032K), 0.0167290 secs] [Times: user=0.01 sys=0.00, real=0.01 secs] 
2012-10-23T11:36:53.720+0100: 320889.703: [GC 320889.703: [DefNew: 18247K->887K(19136K), 0.0139310 secs] 147840K->130724K(260032K), 0.0144190 secs] [Times: user=0.01 sys=0.00, real=0.01 secs] 
2012-10-23T11:37:07.711+0100: 320903.694: [GC 320903.694: [DefNew: 17903K->797K(19136K), 0.0106970 secs] 147740K->130633K(260032K), 0.0110940 secs] [Times: user=0.01 sys=0.00, real=0.01 secs] 
2012-10-23T11:37:19.720+0100: 320915.703: [GC 320915.703: [DefNew: 17821K->2097K(19136K), 0.0146550 secs] 147657K->131934K(260032K), 0.0151950 secs] [Times: user=0.01 sys=0.00, real=0.01 secs] 
2012-10-23T11:37:34.876+0100: 320930.859: [GC 320930.859: [DefNew: 19121K->1704K(19136K), 0.0190500 secs] 148958K->132067K(260032K), 0.0196120 secs] [Times: user=0.02 sys=0.00, real=0.02 secs] 
2012-10-23T11:37:45.464+0100: 320941.447: [GC 320941.447: [DefNew: 18728K->1114K(19136K), 0.0216100 secs] 149091K->131661K(260032K), 0.0222000 secs] [Times: user=0.02 sys=0.00, real=0.02 secs] 
2012-10-23T11:37:59.615+0100: 320955.598: [GC 320955.598: [DefNew: 18138K->1079K(19136K), 0.0197580 secs] 148685K->131886K(260032K), 0.0204130 secs] [Times: user=0.01 sys=0.00, real=0.02 secs] 
2012-10-23T11:38:12.627+0100: 320968.610: [GC 320968.610: [DefNew: 18103K->2112K(19136K), 0.0174820 secs] 148910K->133367K(260032K), 0.0180650 secs] [Times: user=0.01 sys=0.00, real=0.02 secs] 
2012-10-23T11:38:25.242+0100: 320981.226: [GC 320981.227: [DefNew: 19136K->1093K(19136K), 0.0224220 secs] 150391K->132484K(260032K), 0.0230370 secs] [Times: user=0.02 sys=0.00, real=0.02 secs] 
2012-10-23T11:38:35.776+0100: 320991.759: [GC 320991.760: [DefNew: 18117K->2112K(19136K), 0.0190140 secs] 149508K->134052K(260032K), 0.0196350 secs] [Times: user=0.02 sys=0.00, real=0.02 secs] 
2012-10-23T11:38:49.753+0100: 321005.736: [GC 321005.737: [DefNew: 19136K->1574K(19136K), 0.0151460 secs] 151076K->133688K(260032K), 0.0156940 secs] [Times: user=0.01 sys=0.00, real=0.02 secs] 
2012-10-23T11:38:59.732+0100: 321015.715: [GC 321015.715: [DefNew: 18598K->1254K(19136K), 0.0147130 secs] 150712K->133542K(260032K), 0.0152590 secs] [Times: user=0.02 sys=0.00, real=0.01 secs] 
2012-10-23T11:39:14.539+0100: 321030.522: [GC 321030.522: [DefNew: 18278K->1488K(19136K), 0.0192910 secs] 150566K->134014K(260032K), 0.0197780 secs] [Times: user=0.01 sys=0.00, real=0.02 secs] 
2012-10-23T11:39:14.564+0100: 321030.547: [GC [1 CMS-initial-mark: 132526K(240896K)] 134390K(260032K), 0.0147480 secs] [Times: user=0.02 sys=0.00, real=0.02 secs] 
2012-10-23T11:39:14.579+0100: 321030.562: [CMS-concurrent-mark-start]
2012-10-23T11:39:14.716+0100: 321030.699: [CMS-concurrent-mark: 0.136/0.136 secs] [Times: user=0.13 sys=0.00, real=0.13 secs] 
2012-10-23T11:39:14.716+0100: 321030.699: [CMS-concurrent-preclean-start]
2012-10-23T11:39:14.720+0100: 321030.703: [CMS-concurrent-preclean: 0.004/0.004 secs] [Times: user=0.01 sys=0.00, real=0.01 secs] 
2012-10-23T11:39:14.720+0100: 321030.703: [GC[YG occupancy: 1874 K (19136 K)]321030.703: [Rescan (non-parallel) 321030.704: [grey object rescan, 0.0009120 secs]321030.704: [root rescan, 0.0068140 secs], 0.0077710 secs]321030.711: [weak refs processing, 0.0836750 secs] [1 CMS-remark: 132526K(240896K)] 134400K(260032K), 0.0948430 secs] [Times: user=0.10 sys=0.00, real=0.09 secs] 
2012-10-23T11:39:14.821+0100: 321030.804: [CMS-concurrent-sweep-start]
2012-10-23T11:39:15.205+0100: 321031.188: [CMS-concurrent-sweep: 0.382/0.384 secs] [Times: user=0.39 sys=0.00, real=0.38 secs] 
2012-10-23T11:39:15.205+0100: 321031.188: [CMS-concurrent-reset-start]
2012-10-23T11:39:15.208+0100: 321031.191: [CMS-concurrent-reset: 0.003/0.003 secs] [Times: user=0.01 sys=0.00, real=0.01 secs] 
2012-10-23T11:39:24.053+0100: 321040.036: [GC 321040.036: [DefNew: 18512K->1181K(19136K), 0.0526520 secs] 62706K->45467K(260032K), 0.0532450 secs] [Times: user=0.03 sys=0.01, real=0.05 secs] 
2012-10-23T11:39:35.730+0100: 321051.713: [GC 321051.713: [DefNew: 18205K->1790K(19136K), 0.0224410 secs] 62491K->47826K(260032K), 0.0229890 secs] [Times: user=0.03 sys=0.00, real=0.02 secs] 
2012-10-23T11:39:45.553+0100: 321061.536: [GC 321061.537: [DefNew: 18814K->2112K(19136K), 0.0237200 secs] 64850K->48651K(260032K), 0.0244180 secs] [Times: user=0.01 sys=0.01, real=0.03 secs] 
2012-10-23T11:39:59.759+0100: 321075.742: [GC 321075.742: [DefNew: 19136K->1131K(19136K), 0.0129990 secs] 65675K->47847K(260032K), 0.0134610 secs] [Times: user=0.01 sys=0.01, real=0.01 secs] 
2012-10-23T11:40:12.373+0100: 321088.356: [GC 321088.356: [DefNew: 18155K->1466K(19136K), 0.0151620 secs] 64871K->48357K(260032K), 0.0157440 secs] [Times: user=0.02 sys=0.00, real=0.02 secs] 
2012-10-23T11:40:24.018+0100: 321100.002: [GC 321100.002: [DefNew: 18490K->1216K(19136K), 0.0147160 secs] 65381K->48406K(260032K), 0.0152890 secs] [Times: user=0.01 sys=0.00, real=0.01 secs] 
2012-10-23T11:40:37.730+0100: 321113.713: [GC 321113.714: [DefNew: 18240K->773K(19136K), 0.0156490 secs] 65430K->48184K(260032K), 0.0161030 secs] [Times: user=0.01 sys=0.00, real=0.01 secs] 
2012-10-23T11:40:52.270+0100: 321128.253: [GC 321128.253: [DefNew: 17797K->2071K(19136K), 0.0175640 secs] 65208K->49482K(260032K), 0.0194510 secs] [Times: user=0.03 sys=0.00, real=0.02 secs] 
2012-10-23T11:41:02.790+0100: 321138.774: [GC 321138.783: [DefNew: 19095K->1459K(19136K), 0.0454280 secs] 66506K->49204K(260032K), 0.0546430 secs] [Times: user=0.00 sys=0.01, real=0.05 secs] 
2012-10-23T11:41:13.728+0100: 321149.711: [GC 321149.711: [DefNew: 18483K->823K(19136K), 0.0224570 secs] 66228K->48842K(260032K), 0.0251700 secs] [Times: user=0.02 sys=0.00, real=0.02 secs] 
2012-10-23T11:41:27.715+0100: 321163.698: [GC 321163.699: [DefNew: 17847K->662K(19136K), 0.0108630 secs] 65866K->48681K(260032K), 0.0112660 secs] [Times: user=0.01 sys=0.00, real=0.01 secs] 
2012-10-23T11:41:39.724+0100: 321175.707: [GC 321175.708: [DefNew: 17686K->2097K(19136K), 0.0160010 secs] 65705K->50117K(260032K), 0.0165470 secs] [Times: user=0.02 sys=0.00, real=0.02 secs] 
2012-10-23T11:41:49.715+0100: 321185.698: [GC 321185.699: [DefNew: 19121K->1067K(19136K), 0.0175930 secs] 67141K->49719K(260032K), 0.0183610 secs] [Times: user=0.02 sys=0.00, real=0.02 secs] 
2012-10-23T11:42:01.622+0100: 321197.605: [GC 321197.605: [DefNew: 18091K->1259K(19136K), 0.0103080 secs] 66743K->50147K(260032K), 0.0108220 secs] [Times: user=0.00 sys=0.00, real=0.01 secs] 
2012-10-23T11:42:13.737+0100: 321209.721: [GC 321209.721: [DefNew: 18283K->1969K(19136K), 0.0165470 secs] 67171K->51157K(260032K), 0.0171170 secs] [Times: user=0.01 sys=0.01, real=0.01 secs] 
2012-10-23T11:42:23.730+0100: 321219.713: [GC 321219.714: [DefNew: 18992K->1539K(19136K), 0.0154920 secs] 68180K->50923K(260032K), 0.0161520 secs] [Times: user=0.02 sys=0.00, real=0.01 secs] 
2012-10-23T11:42:35.548+0100: 321231.531: [GC 321231.532: [DefNew: 18563K->1842K(19136K), 0.0116010 secs] 67947K->51471K(260032K), 0.0122940 secs] [Times: user=0.01 sys=0.00, real=0.01 secs] 
2012-10-23T11:42:47.718+0100: 321243.701: [GC 321243.702: [DefNew: 18866K->744K(19136K), 0.0107420 secs] 68495K->50686K(260032K), 0.0114270 secs] [Times: user=0.01 sys=0.01, real=0.01 secs] 
2012-10-23T11:42:57.733+0100: 321253.716: [GC 321253.716: [DefNew: 17768K->1554K(19136K), 0.0142660 secs] 67710K->51495K(260032K), 0.0149020 secs] [Times: user=0.01 sys=0.00, real=0.02 secs] 
2012-10-23T11:43:08.760+0100: 321264.743: [GC 321264.744: [DefNew: 18578K->1004K(19136K), 0.0160590 secs] 68519K->51373K(260032K), 0.0166400 secs] [Times: user=0.01 sys=0.01, real=0.01 secs] 
2012-10-23T11:43:24.015+0100: 321279.998: [GC 321279.998: [DefNew: 18016K->628K(19136K), 0.0127120 secs] 68385K->50997K(260032K), 0.0132320 secs] [Times: user=0.01 sys=0.00, real=0.02 secs] 
2012-10-23T11:43:37.716+0100: 321293.700: [GC 321293.700: [DefNew: 17649K->839K(19136K), 0.0083990 secs] 68017K->51207K(260032K), 0.0088830 secs] [Times: user=0.01 sys=0.00, real=0.01 secs] 
2012-10-23T11:43:47.724+0100: 321303.707: [GC 321303.707: [DefNew: 17863K->2070K(19136K), 0.0106360 secs] 68231K->52438K(260032K), 0.0111410 secs] [Times: user=0.01 sys=0.00, real=0.01 secs] 
2012-10-23T11:43:57.719+0100: 321313.702: [GC 321313.703: [DefNew: 19094K->684K(19136K), 0.0136920 secs] 69462K->51898K(260032K), 0.0142410 secs] [Times: user=0.01 sys=0.00, real=0.01 secs] 
2012-10-23T11:44:13.729+0100: 321329.712: [GC 321329.712: [DefNew: 17678K->904K(19136K), 0.0115770 secs] 68891K->52118K(260032K), 0.0120290 secs] [Times: user=0.01 sys=0.00, real=0.01 secs] 
2012-10-23T11:44:23.722+0100: 321339.705: [GC 321339.705: [DefNew: 17928K->1168K(19136K), 0.0128440 secs] 69142K->52382K(260032K), 0.0134410 secs] [Times: user=0.02 sys=0.00, real=0.01 secs] 
2012-10-23T11:44:33.737+0100: 321349.721: [GC 321349.721: [DefNew: 18192K->1964K(19136K), 0.0174600 secs] 69406K->53412K(260032K), 0.0180410 secs] [Times: user=0.01 sys=0.00, real=0.01 secs] 
2012-10-23T11:44:47.467+0100: 321363.450: [GC 321363.451: [DefNew: 18988K->361K(19136K), 0.0151590 secs] 70436K->52409K(260032K), 0.0156310 secs] [Times: user=0.01 sys=0.00, real=0.02 secs] 
2012-10-23T11:45:00.026+0100: 321376.009: [GC 321376.009: [DefNew: 17385K->1816K(19136K), 0.0131080 secs] 69433K->53863K(260032K), 0.0135870 secs] [Times: user=0.02 sys=0.00, real=0.02 secs] 
2012-10-23T11:45:12.633+0100: 321388.616: [GC 321388.617: [DefNew: 18840K->1164K(19136K), 0.0150400 secs] 70887K->53532K(260032K), 0.0156060 secs] [Times: user=0.02 sys=0.00, real=0.02 secs] 
2012-10-23T11:45:21.063+0100: 321397.046: [GC 321397.046: [DefNew: 18188K->1867K(19136K), 0.0261480 secs] 70556K->54529K(260032K), 0.0269280 secs] [Times: user=0.02 sys=0.00, real=0.03 secs] 
2012-10-23T11:45:31.732+0100: 321407.715: [GC 321407.715: [DefNew: 18891K->2112K(19136K), 0.0181260 secs] 71553K->55418K(260032K), 0.0187460 secs] [Times: user=0.01 sys=0.00, real=0.02 secs] 
2012-10-23T11:45:46.261+0100: 321422.244: [GC 321422.244: [DefNew: 19136K->2111K(19136K), 0.0165330 secs] 72442K->55896K(260032K), 0.0171310 secs] [Times: user=0.02 sys=0.00, real=0.02 secs] 
2012-10-23T11:45:56.787+0100: 321432.770: [GC 321432.770: [DefNew: 19135K->1841K(19136K), 0.0152840 secs] 72920K->55752K(260032K), 0.0158650 secs] [Times: user=0.02 sys=0.00, real=0.02 secs] 
2012-10-23T11:46:15.556+0100: 321451.539: [GC 321451.540: [DefNew: 18865K->902K(19136K), 0.0177180 secs] 72776K->55095K(260032K), 0.0182020 secs] [Times: user=0.01 sys=0.00, real=0.02 secs] 
2012-10-23T11:46:26.163+0100: 321462.146: [GC 321462.146: [DefNew: 17926K->1231K(19136K), 0.0115040 secs] 72119K->55424K(260032K), 0.0119060 secs] [Times: user=0.01 sys=0.00, real=0.01 secs] 
2012-10-23T11:46:38.778+0100: 321474.761: [GC 321474.761: [DefNew: 18255K->1048K(19136K), 0.0135780 secs] 72448K->55521K(260032K), 0.0140370 secs] [Times: user=0.01 sys=0.00, real=0.01 secs] 
2012-10-23T11:46:51.339+0100: 321487.322: [GC 321487.322: [DefNew: 18072K->1394K(19136K), 0.0128900 secs] 72545K->55866K(260032K), 0.0133540 secs] [Times: user=0.02 sys=0.00, real=0.01 secs] 
2012-10-23T11:47:01.826+0100: 321497.809: [GC 321497.809: [DefNew: 18418K->1275K(19136K), 0.0157570 secs] 72890K->56245K(260032K), 0.0162840 secs] [Times: user=0.02 sys=0.00, real=0.02 secs] 
2012-10-23T11:47:12.327+0100: 321508.310: [GC 321508.310: [DefNew: 18299K->1768K(19136K), 0.0151400 secs] 73269K->56973K(260032K), 0.0157190 secs] [Times: user=0.01 sys=0.00, real=0.02 secs] 
2012-10-23T11:47:23.722+0100: 321519.705: [GC 321519.705: [DefNew: 18792K->577K(19136K), 0.0127300 secs] 73997K->56014K(260032K), 0.0132520 secs] [Times: user=0.01 sys=0.00, real=0.01 secs] 
2012-10-23T11:47:37.712+0100: 321533.695: [GC 321533.695: [DefNew: 17601K->1028K(19136K), 0.0124870 secs] 73038K->56465K(260032K), 0.0129930 secs] [Times: user=0.01 sys=0.00, real=0.01 secs] 
2012-10-23T11:47:49.667+0100: 321545.650: [GC 321545.652: [DefNew: 18044K->895K(19136K), 0.0174230 secs] 73481K->56332K(260032K), 0.0198990 secs] [Times: user=0.01 sys=0.00, real=0.03 secs] 
2012-10-23T11:47:59.718+0100: 321555.702: [GC 321555.702: [DefNew: 17919K->2112K(19136K), 0.0217540 secs] 73356K->57946K(260032K), 0.0224310 secs] [Times: user=0.02 sys=0.00, real=0.02 secs] 
2012-10-23T11:48:11.736+0100: 321567.719: [GC 321567.719: [DefNew: 19136K->1742K(19136K), 0.0205950 secs] 74970K->58425K(260032K), 0.0212540 secs] [Times: user=0.02 sys=0.00, real=0.03 secs] 
2012-10-23T11:48:23.736+0100: 321579.719: [GC 321579.719: [DefNew: 18766K->1127K(19136K), 0.0154010 secs] 75449K->58090K(260032K), 0.0159630 secs] [Times: user=0.01 sys=0.00, real=0.02 secs] 
2012-10-23T11:48:34.704+0100: 321590.687: [GC 321590.688: [DefNew: 18151K->1859K(19136K), 0.0184940 secs] 75114K->59068K(260032K), 0.0194140 secs] [Times: user=0.02 sys=0.00, real=0.02 secs] 
2012-10-23T11:48:44.742+0100: 321600.725: [GC 321600.726: [DefNew: 18883K->1714K(19136K), 0.0160470 secs] 76092K->59149K(260032K), 0.0169200 secs] [Times: user=0.03 sys=0.00, real=0.02 secs] 
2012-10-23T11:48:57.717+0100: 321613.700: [GC 321613.700: [DefNew: 18738K->338K(19136K), 0.0126150 secs] 76173K->57980K(260032K), 0.0132030 secs] [Times: user=0.01 sys=0.00, real=0.02 secs] 
2012-10-23T11:49:09.741+0100: 321625.724: [GC 321625.724: [DefNew: 17362K->1787K(19136K), 0.0138950 secs] 75004K->59429K(260032K), 0.0144280 secs] [Times: user=0.01 sys=0.00, real=0.01 secs] 
2012-10-23T11:49:19.876+0100: 321635.859: [GC 321635.859: [DefNew: 18811K->1849K(19136K), 0.0339720 secs] 76453K->59854K(260032K), 0.0346440 secs] [Times: user=0.01 sys=0.00, real=0.04 secs] 
2012-10-23T11:49:30.809+0100: 321646.792: [GC 321646.792: [DefNew: 18873K->1621K(19136K), 0.0150650 secs] 76878K->59872K(260032K), 0.0156490 secs] [Times: user=0.01 sys=0.00, real=0.01 secs] 
2012-10-23T11:49:41.837+0100: 321657.820: [GC 321657.820: [DefNew: 18617K->1326K(19136K), 0.0150620 secs] 76868K->59815K(260032K), 0.0157360 secs] [Times: user=0.01 sys=0.00, real=0.02 secs] 
2012-10-23T11:49:54.682+0100: 321670.665: [GC 321670.666: [DefNew: 18350K->1614K(19136K), 0.0154590 secs] 76839K->60456K(260032K), 0.0162110 secs] [Times: user=0.02 sys=0.00, real=0.02 secs] 
2012-10-23T11:50:07.709+0100: 321683.692: [GC 321683.693: [DefNew: 18628K->744K(19136K), 0.0135230 secs] 77471K->59790K(260032K), 0.0140630 secs] [Times: user=0.01 sys=0.00, real=0.01 secs] 
2012-10-23T11:50:19.722+0100: 321695.705: [GC 321695.705: [DefNew: 17768K->1319K(19136K), 0.0141140 secs] 76814K->60364K(260032K), 0.0147530 secs] [Times: user=0.01 sys=0.00, real=0.01 secs] 
2012-10-23T11:50:31.744+0100: 321707.727: [GC 321707.727: [DefNew: 18343K->1381K(19136K), 0.0166370 secs] 77388K->60951K(260032K), 0.0172670 secs] [Times: user=0.02 sys=0.00, real=0.02 secs] 
2012-10-23T11:50:46.526+0100: 321722.509: [GC 321722.509: [DefNew: 18405K->1396K(19136K), 0.0135550 secs] 77975K->61156K(260032K), 0.0140820 secs] [Times: user=0.02 sys=0.00, real=0.02 secs] 
2012-10-23T11:50:59.126+0100: 321735.109: [GC 321735.110: [DefNew: 18420K->2025K(19136K), 0.0146560 secs] 78180K->61926K(260032K), 0.0152240 secs] [Times: user=0.01 sys=0.00, real=0.02 secs] 
2012-10-23T11:51:13.722+0100: 321749.705: [GC 321749.705: [DefNew: 19029K->522K(19136K), 0.0116980 secs] 78929K->60652K(260032K), 0.0121100 secs] [Times: user=0.01 sys=0.00, real=0.01 secs] 
2012-10-23T11:51:22.254+0100: 321758.237: [GC 321758.237: [DefNew: 17546K->2112K(19136K), 0.0119110 secs] 77676K->62657K(260032K), 0.0124990 secs] [Times: user=0.00 sys=0.00, real=0.01 secs] 
2012-10-23T11:51:32.770+0100: 321768.753: [GC 321768.753: [DefNew: 19136K->1932K(19136K), 0.0177070 secs] 79681K->62869K(260032K), 0.0183030 secs] [Times: user=0.01 sys=0.00, real=0.02 secs] 
2012-10-23T11:51:43.271+0100: 321779.254: [GC 321779.255: [DefNew: 18956K->453K(19136K), 0.0140630 secs] 79893K->61690K(260032K), 0.0145680 secs] [Times: user=0.01 sys=0.00, real=0.01 secs] 
2012-10-23T11:51:57.950+0100: 321793.933: [GC 321793.934: [DefNew: 17477K->1197K(19136K), 0.0136370 secs] 78714K->62434K(260032K), 0.0142620 secs] [Times: user=0.01 sys=0.00, real=0.01 secs] 
2012-10-23T11:52:09.756+0100: 321805.739: [GC 321805.739: [DefNew: 18221K->1343K(19136K), 0.0161070 secs] 79458K->62812K(260032K), 0.0167150 secs] [Times: user=0.02 sys=0.00, real=0.02 secs] 
2012-10-23T11:52:24.312+0100: 321820.295: [GC 321820.295: [DefNew: 18367K->2096K(19136K), 0.0123640 secs] 79836K->64037K(260032K), 0.0128150 secs] [Times: user=0.01 sys=0.00, real=0.01 secs] 
2012-10-23T11:52:33.746+0100: 321829.729: [GC 321829.729: [DefNew: 19119K->1629K(19136K), 0.0148220 secs] 81060K->63748K(260032K), 0.0153670 secs] [Times: user=0.02 sys=0.00, real=0.02 secs] 
2012-10-23T11:52:47.727+0100: 321843.710: [GC 321843.710: [DefNew: 18653K->379K(19136K), 0.0130810 secs] 80772K->62788K(260032K), 0.0135470 secs] [Times: user=0.02 sys=0.00, real=0.02 secs] 
2012-10-23T11:52:57.721+0100: 321853.704: [GC 321853.704: [DefNew: 17403K->1094K(19136K), 0.0128910 secs] 79812K->63503K(260032K), 0.0134040 secs] [Times: user=0.01 sys=0.00, real=0.01 secs] 
2012-10-23T11:53:09.346+0100: 321865.329: [GC 321865.330: [DefNew: 18118K->1767K(19136K), 0.0159180 secs] 80527K->64410K(260032K), 0.0164560 secs] [Times: user=0.01 sys=0.00, real=0.02 secs] 
2012-10-23T11:53:54.613+0100: 321910.596: [GC 321910.596: [DefNew: 18791K->509K(19136K), 0.0074110 secs] 81434K->63518K(260032K), 0.0077010 secs] [Times: user=0.00 sys=0.00, real=0.01 secs] 
2012-10-23T11:54:29.228+0100: 321945.211: [GC 321945.211: [DefNew: 17533K->1997K(19136K), 0.0087200 secs] 80542K->65006K(260032K), 0.0090180 secs] [Times: user=0.01 sys=0.00, real=0.01 secs] 
2012-10-23T11:54:41.323+0100: 321957.306: [GC 321957.306: [DefNew: 19021K->1228K(19136K), 0.0102140 secs] 82030K->64794K(260032K), 0.0104450 secs] [Times: user=0.01 sys=0.00, real=0.01 secs] 
2012-10-23T11:54:52.264+0100: 321968.247: [GC 321968.248: [DefNew: 18252K->1786K(19136K), 0.0137960 secs] 81818K->65654K(260032K), 0.0141020 secs] [Times: user=0.02 sys=0.00, real=0.02 secs] 
2012-10-23T11:55:06.926+0100: 321982.909: [GC 321982.909: [DefNew: 18810K->2112K(19136K), 0.0151120 secs] 82678K->66379K(260032K), 0.0155370 secs] [Times: user=0.01 sys=0.00, real=0.02 secs] 
2012-10-23T11:55:20.790+0100: 321996.773: [GC 321996.773: [DefNew: 19115K->1277K(19136K), 0.0129960 secs] 83383K->65701K(260032K), 0.0134230 secs] [Times: user=0.01 sys=0.00, real=0.01 secs] 
2012-10-23T11:55:32.159+0100: 322008.142: [GC 322008.143: [DefNew: 18301K->1325K(19136K), 0.0150120 secs] 82725K->66013K(260032K), 0.0155070 secs] [Times: user=0.01 sys=0.00, real=0.01 secs] 
2012-10-23T11:55:42.964+0100: 322018.947: [GC 322018.947: [DefNew: 18349K->1414K(19136K), 0.0151870 secs] 83037K->66373K(260032K), 0.0156910 secs] [Times: user=0.02 sys=0.00, real=0.02 secs] 
2012-10-23T11:55:57.368+0100: 322033.351: [GC 322033.351: [DefNew: 18438K->1242K(19136K), 0.0142480 secs] 83397K->66470K(260032K), 0.0147050 secs] [Times: user=0.01 sys=0.00, real=0.01 secs] 
2012-10-23T11:56:08.622+0100: 322044.605: [GC 322044.605: [DefNew: 18263K->884K(19136K), 0.0136270 secs] 83491K->66280K(260032K), 0.0141230 secs] [Times: user=0.01 sys=0.01, real=0.01 secs] 
2012-10-23T11:56:22.622+0100: 322058.605: [GC 322058.605: [DefNew: 17908K->598K(19136K), 0.0120180 secs] 83304K->65994K(260032K), 0.0124960 secs] [Times: user=0.02 sys=0.00, real=0.01 secs] 
2012-10-23T11:56:34.677+0100: 322070.660: [GC 322070.660: [DefNew: 17622K->1417K(19136K), 0.0165350 secs] 83018K->66813K(260032K), 0.0171420 secs] [Times: user=0.01 sys=0.00, real=0.02 secs] 
2012-10-23T11:56:44.652+0100: 322080.635: [GC 322080.636: [DefNew: 18441K->1190K(19136K), 0.0273870 secs] 83837K->67073K(260032K), 0.0281420 secs] [Times: user=0.02 sys=0.00, real=0.03 secs] 
2012-10-23T11:56:56.148+0100: 322092.131: [GC 322092.131: [DefNew: 18214K->1521K(19136K), 0.0162150 secs] 84097K->67634K(260032K), 0.0168060 secs] [Times: user=0.02 sys=0.00, real=0.01 secs] 
2012-10-23T11:57:08.644+0100: 322104.627: [GC 322104.627: [DefNew: 18545K->1082K(19136K), 0.0181120 secs] 84658K->67733K(260032K), 0.0186270 secs] [Times: user=0.02 sys=0.00, real=0.02 secs] 
2012-10-23T11:57:20.632+0100: 322116.615: [GC 322116.616: [DefNew: 18106K->1536K(19136K), 0.0162180 secs] 84757K->68444K(260032K), 0.0168040 secs] [Times: user=0.02 sys=0.00, real=0.02 secs] 
2012-10-23T11:57:31.841+0100: 322127.825: [GC 322127.825: [DefNew: 18560K->1882K(19136K), 0.0167470 secs] 85468K->69028K(260032K), 0.0174400 secs] [Times: user=0.02 sys=0.00, real=0.02 secs] 
2012-10-23T11:57:44.459+0100: 322140.442: [GC 322140.442: [DefNew: 18906K->518K(19136K), 0.0143360 secs] 86052K->67907K(260032K), 0.0148240 secs] [Times: user=0.02 sys=0.00, real=0.01 secs] 
2012-10-23T11:57:54.976+0100: 322150.959: [GC 322150.959: [DefNew: 17542K->2043K(19136K), 0.0111830 secs] 84931K->69433K(260032K), 0.0116860 secs] [Times: user=0.01 sys=0.00, real=0.02 secs] 
2012-10-23T11:58:05.736+0100: 322161.719: [GC 322161.719: [DefNew: 19067K->1731K(19136K), 0.0187900 secs] 86457K->69668K(260032K), 0.0194180 secs] [Times: user=0.02 sys=0.00, real=0.02 secs] 
2012-10-23T11:58:18.067+0100: 322174.050: [GC 322174.050: [DefNew: 18755K->976K(19136K), 0.0144730 secs] 86692K->69156K(260032K), 0.0150340 secs] [Times: user=0.02 sys=0.00, real=0.02 secs] 
2012-10-23T11:58:34.973+0100: 322190.956: [GC 322190.957: [DefNew: 18000K->1169K(19136K), 0.0090000 secs] 86180K->69350K(260032K), 0.0093940 secs] [Times: user=0.01 sys=0.00, real=0.01 secs] 
2012-10-23T11:58:44.671+0100: 322200.654: [GC 322200.654: [DefNew: 18193K->1460K(19136K), 0.0100540 secs] 86374K->69813K(260032K), 0.0104660 secs] [Times: user=0.01 sys=0.00, real=0.01 secs] 
2012-10-23T11:58:57.922+0100: 322213.905: [GC 322213.905: [DefNew: 18484K->1398K(19136K), 0.0157530 secs] 86837K->70102K(260032K), 0.0161990 secs] [Times: user=0.01 sys=0.00, real=0.02 secs] 
2012-10-23T11:59:33.657+0100: 322249.640: [GC 322249.640: [DefNew: 18422K->421K(19136K), 0.0110500 secs] 87126K->69349K(260032K), 0.0113290 secs] [Times: user=0.01 sys=0.00, real=0.02 secs] 
2012-10-23T11:59:52.992+0100: 322268.975: [GC 322268.975: [DefNew: 17445K->1707K(19136K), 0.0108700 secs] 86373K->70634K(260032K), 0.0111130 secs] [Times: user=0.01 sys=0.00, real=0.01 secs] 
2012-10-23T12:00:05.150+0100: 322281.133: [GC 322281.133: [DefNew: 18731K->1936K(19136K), 0.0101840 secs] 87658K->71615K(260032K), 0.0105350 secs] [Times: user=0.01 sys=0.00, real=0.01 secs] 
2012-10-23T12:00:49.823+0100: 322325.806: [GC 322325.807: [DefNew: 18960K->538K(19136K), 0.0100060 secs] 88639K->70509K(260032K), 0.0102260 secs] [Times: user=0.00 sys=0.00, real=0.01 secs] 
2012-10-23T12:01:39.714+0100: 322375.697: [GC 322375.697: [DefNew: 17562K->345K(19136K), 0.0035510 secs] 87533K->70316K(260032K), 0.0036400 secs] [Times: user=0.00 sys=0.00, real=0.01 secs] 
2012-10-23T12:02:29.888+0100: 322425.871: [GC 322425.871: [DefNew: 17364K->576K(19136K), 0.0055460 secs] 87335K->70547K(260032K), 0.0056450 secs] [Times: user=0.00 sys=0.01, real=0.00 secs] 
2012-10-23T12:03:19.725+0100: 322475.708: [GC 322475.708: [DefNew: 17589K->447K(19136K), 0.0052700 secs] 87560K->70419K(260032K), 0.0053850 secs] [Times: user=0.01 sys=0.00, real=0.01 secs] 
2012-10-23T12:04:05.714+0100: 322521.697: [GC 322521.697: [DefNew: 17451K->1192K(19136K), 0.0070550 secs] 87422K->71239K(260032K), 0.0071750 secs] [Times: user=0.01 sys=0.00, real=0.01 secs] 
2012-10-23T12:04:54.894+0100: 322570.877: [GC 322570.877: [DefNew: 18216K->938K(19136K), 0.0065750 secs] 88263K->71146K(260032K), 0.0067110 secs] [Times: user=0.01 sys=0.00, real=0.01 secs] 
2012-10-23T12:05:44.670+0100: 322620.653: [GC 322620.653: [DefNew: 17962K->947K(19136K), 0.0060400 secs] 88170K->71155K(260032K), 0.0061500 secs] [Times: user=0.00 sys=0.00, real=0.00 secs] 
2012-10-23T12:06:30.767+0100: 322666.750: [GC 322666.750: [DefNew: 17971K->1109K(19136K), 0.0062950 secs] 88179K->71317K(260032K), 0.0063990 secs] [Times: user=0.00 sys=0.00, real=0.01 secs] 
2012-10-23T12:07:24.668+0100: 322720.651: [GC 322720.651: [DefNew: 18132K->486K(19136K), 0.0053490 secs] 88340K->70756K(260032K), 0.0054490 secs] [Times: user=0.00 sys=0.00, real=0.00 secs] 
2012-10-23T12:07:45.754+0100: 322741.737: [GC 322741.737: [DefNew: 17480K->2112K(19136K), 0.0092310 secs] 87750K->72482K(260032K), 0.0093890 secs] [Times: user=0.01 sys=0.00, real=0.01 secs] 
2012-10-23T12:07:55.711+0100: 322751.694: [GC 322751.694: [DefNew: 19136K->1298K(19136K), 0.0126320 secs] 89506K->72311K(260032K), 0.0128500 secs] [Times: user=0.01 sys=0.00, real=0.01 secs] 
2012-10-23T12:08:10.694+0100: 322766.677: [GC 322766.678: [DefNew: 18322K->1925K(19136K), 0.0123580 secs] 89335K->73227K(260032K), 0.0126190 secs] [Times: user=0.01 sys=0.00, real=0.01 secs] 
2012-10-23T12:08:21.577+0100: 322777.560: [GC 322777.560: [DefNew: 18949K->1865K(19136K), 0.0131220 secs] 90251K->73340K(260032K), 0.0134990 secs] [Times: user=0.01 sys=0.01, real=0.01 secs] 
2012-10-23T12:08:33.360+0100: 322789.343: [GC 322789.343: [DefNew: 18889K->469K(19136K), 0.0117290 secs] 90364K->72173K(260032K), 0.0120700 secs] [Times: user=0.01 sys=0.00, real=0.01 secs] 
2012-10-23T12:08:43.858+0100: 322799.841: [GC 322799.842: [DefNew: 17493K->2042K(19136K), 0.0143920 secs] 89197K->73746K(260032K), 0.0148810 secs] [Times: user=0.01 sys=0.00, real=0.01 secs] 
2012-10-23T12:08:56.469+0100: 322812.452: [GC 322812.452: [DefNew: 19066K->1105K(19136K), 0.0159200 secs] 90770K->73299K(260032K), 0.0164000 secs] [Times: user=0.01 sys=0.00, real=0.01 secs] 
2012-10-23T12:09:09.122+0100: 322825.105: [GC 322825.106: [DefNew: 18129K->374K(19136K), 0.0125610 secs] 90323K->72761K(260032K), 0.0130200 secs] [Times: user=0.01 sys=0.00, real=0.01 secs] 
2012-10-23T12:09:21.547+0100: 322837.530: [GC 322837.530: [DefNew: 17398K->2112K(19136K), 0.0153340 secs] 89785K->74526K(260032K), 0.0159710 secs] [Times: user=0.02 sys=0.00, real=0.02 secs] 
2012-10-23T12:09:32.133+0100: 322848.117: [GC 322848.117: [DefNew: 19136K->1290K(19136K), 0.0168990 secs] 91550K->74214K(260032K), 0.0174190 secs] [Times: user=0.02 sys=0.00, real=0.02 secs] 
2012-10-23T12:09:44.773+0100: 322860.756: [GC 322860.757: [DefNew: 18314K->1669K(19136K), 0.0156850 secs] 91238K->74848K(260032K), 0.0161870 secs] [Times: user=0.02 sys=0.00, real=0.02 secs] 
2012-10-23T12:09:57.550+0100: 322873.533: [GC 322873.534: [DefNew: 18693K->1236K(19136K), 0.0146450 secs] 91872K->74638K(260032K), 0.0152100 secs] [Times: user=0.01 sys=0.00, real=0.01 secs] 
2012-10-23T12:10:09.532+0100: 322885.515: [GC 322885.516: [DefNew: 18255K->379K(19136K), 0.0130750 secs] 91656K->74018K(260032K), 0.0135250 secs] [Times: user=0.01 sys=0.00, real=0.01 secs] 
2012-10-23T12:10:21.533+0100: 322897.516: [GC 322897.516: [DefNew: 17403K->1909K(19136K), 0.0105060 secs] 91042K->75549K(260032K), 0.0110410 secs] [Times: user=0.01 sys=0.00, real=0.01 secs] 
2012-10-23T12:10:33.536+0100: 322909.519: [GC 322909.519: [DefNew: 18924K->647K(19136K), 0.0154400 secs] 92563K->74749K(260032K), 0.0159380 secs] [Times: user=0.02 sys=0.00, real=0.02 secs] 
2012-10-23T12:10:43.557+0100: 322919.540: [GC 322919.540: [DefNew: 17671K->1898K(19136K), 0.0153680 secs] 91773K->76000K(260032K), 0.0160960 secs] [Times: user=0.02 sys=0.00, real=0.02 secs] 
2012-10-23T12:10:55.654+0100: 322931.637: [GC 322931.637: [DefNew: 18922K->1873K(19136K), 0.0192330 secs] 93024K->76441K(260032K), 0.0198420 secs] [Times: user=0.01 sys=0.01, real=0.02 secs] 
2012-10-23T12:11:08.731+0100: 322944.714: [GC 322944.714: [DefNew: 18897K->360K(19136K), 0.0119600 secs] 93465K->75063K(260032K), 0.0125110 secs] [Times: user=0.02 sys=0.00, real=0.01 secs] 
2012-10-23T12:11:21.532+0100: 322957.515: [GC 322957.516: [DefNew: 17384K->1843K(19136K), 0.0140460 secs] 92087K->76546K(260032K), 0.0145360 secs] [Times: user=0.01 sys=0.00, real=0.01 secs] 
2012-10-23T12:11:33.539+0100: 322969.522: [GC 322969.522: [DefNew: 18843K->484K(19136K), 0.0133540 secs] 93546K->75617K(260032K), 0.0137720 secs] [Times: user=0.01 sys=0.00, real=0.01 secs] 
2012-10-23T12:11:43.550+0100: 322979.533: [GC 322979.533: [DefNew: 17508K->1563K(19136K), 0.0139890 secs] 92641K->76696K(260032K), 0.0145030 secs] [Times: user=0.02 sys=0.00, real=0.01 secs] 
2012-10-23T12:11:53.561+0100: 322989.544: [GC 322989.545: [DefNew: 18575K->1617K(19136K), 0.0174880 secs] 93708K->77200K(260032K), 0.0181120 secs] [Times: user=0.02 sys=0.00, real=0.02 secs] 
2012-10-23T12:12:03.548+0100: 322999.531: [GC 322999.531: [DefNew: 18641K->838K(19136K), 0.0099010 secs] 94224K->76665K(260032K), 0.0103640 secs] [Times: user=0.01 sys=0.00, real=0.01 secs] 
2012-10-23T12:12:15.965+0100: 323011.948: [GC 323011.948: [DefNew: 17862K->1954K(19136K), 0.0149890 secs] 93689K->77781K(260032K), 0.0155870 secs] [Times: user=0.02 sys=0.00, real=0.02 secs] 
2012-10-23T12:12:29.560+0100: 323025.543: [GC 323025.544: [DefNew: 18978K->1545K(19136K), 0.0172030 secs] 94805K->77783K(260032K), 0.0178110 secs] [Times: user=0.02 sys=0.00, real=0.02 secs] 
2012-10-23T12:12:43.242+0100: 323039.225: [GC 323039.226: [DefNew: 18569K->362K(19136K), 0.0125600 secs] 94807K->76800K(260032K), 0.0130380 secs] [Times: user=0.01 sys=0.00, real=0.01 secs] 
2012-10-23T12:12:53.556+0100: 323049.539: [GC 323049.540: [DefNew: 17386K->1117K(19136K), 0.0127660 secs] 93824K->77555K(260032K), 0.0132760 secs] [Times: user=0.01 sys=0.00, real=0.02 secs] 
2012-10-23T12:13:04.222+0100: 323060.205: [GC 323060.205: [DefNew: 18141K->1855K(19136K), 0.0106540 secs] 94579K->78493K(260032K), 0.0111510 secs] [Times: user=0.00 sys=0.00, real=0.01 secs] 
2012-10-23T12:13:15.555+0100: 323071.538: [GC 323071.539: [DefNew: 18855K->1941K(19136K), 0.0186530 secs] 95493K->79029K(260032K), 0.0193200 secs] [Times: user=0.03 sys=0.00, real=0.02 secs] 
2012-10-23T12:13:29.431+0100: 323085.414: [GC 323085.415: [DefNew: 18965K->364K(19136K), 0.0128270 secs] 96053K->77739K(260032K), 0.0133420 secs] [Times: user=0.01 sys=0.00, real=0.01 secs] 
2012-10-23T12:13:39.952+0100: 323095.936: [GC 323095.936: [DefNew: 17388K->1846K(19136K), 0.0234100 secs] 94763K->79221K(260032K), 0.0243230 secs] [Times: user=0.01 sys=0.00, real=0.02 secs] 
2012-10-23T12:13:53.560+0100: 323109.543: [GC 323109.543: [DefNew: 18870K->833K(19136K), 0.0149590 secs] 96245K->78639K(260032K), 0.0155230 secs] [Times: user=0.02 sys=0.00, real=0.01 secs] 
2012-10-23T12:14:07.578+0100: 323123.561: [GC 323123.561: [DefNew: 17857K->1402K(19136K), 0.0130500 secs] 95663K->79208K(260032K), 0.0135530 secs] [Times: user=0.01 sys=0.00, real=0.01 secs] 
2012-10-23T12:14:20.994+0100: 323136.977: [GC 323136.978: [DefNew: 18426K->1529K(19136K), 0.0222810 secs] 96232K->79741K(260032K), 0.0228600 secs] [Times: user=0.01 sys=0.00, real=0.03 secs] 
2012-10-23T12:14:31.556+0100: 323147.539: [GC 323147.540: [DefNew: 18553K->1174K(19136K), 0.0133500 secs] 96765K->79530K(260032K), 0.0138720 secs] [Times: user=0.02 sys=0.00, real=0.02 secs] 
2012-10-23T12:14:42.953+0100: 323158.936: [GC 323158.936: [DefNew: 18198K->448K(19136K), 0.0129850 secs] 96554K->79041K(260032K), 0.0134650 secs] [Times: user=0.01 sys=0.00, real=0.01 secs] 
2012-10-23T12:14:53.554+0100: 323169.537: [GC 323169.538: [DefNew: 17472K->1649K(19136K), 0.0141870 secs] 96065K->80243K(260032K), 0.0148790 secs] [Times: user=0.01 sys=0.00, real=0.02 secs] 
2012-10-23T12:15:03.560+0100: 323179.543: [GC 323179.543: [DefNew: 18648K->1515K(19136K), 0.0169230 secs] 97242K->80614K(260032K), 0.0175830 secs] [Times: user=0.02 sys=0.00, real=0.02 secs] 
2012-10-23T12:15:15.560+0100: 323191.544: [GC 323191.544: [DefNew: 18539K->1934K(19136K), 0.0159340 secs] 97638K->81226K(260032K), 0.0165830 secs] [Times: user=0.01 sys=0.00, real=0.02 secs] 
2012-10-23T12:15:27.547+0100: 323203.530: [GC 323203.530: [DefNew: 18958K->623K(19136K), 0.0137200 secs] 98250K->80147K(260032K), 0.0142910 secs] [Times: user=0.01 sys=0.00, real=0.02 secs] 
2012-10-23T12:15:37.526+0100: 323213.509: [GC 323213.510: [DefNew: 17647K->1968K(19136K), 0.0150420 secs] 97171K->81492K(260032K), 0.0156640 secs] [Times: user=0.01 sys=0.00, real=0.02 secs] 
2012-10-23T12:15:47.560+0100: 323223.543: [GC 323223.544: [DefNew: 18990K->1310K(19136K), 0.0162470 secs] 98513K->81244K(260032K), 0.0170100 secs] [Times: user=0.01 sys=0.00, real=0.02 secs] 
2012-10-23T12:15:56.459+0100: 323232.442: [GC 323232.443: [DefNew: 18334K->1862K(19136K), 0.0164090 secs] 98268K->82026K(260032K), 0.0170130 secs] [Times: user=0.02 sys=0.00, real=0.01 secs] 
2012-10-23T12:16:07.559+0100: 323243.542: [GC 323243.543: [DefNew: 18886K->1255K(19136K), 0.0152220 secs] 99050K->81632K(260032K), 0.0158300 secs] [Times: user=0.02 sys=0.00, real=0.01 secs] 
2012-10-23T12:16:17.560+0100: 323253.543: [GC 323253.543: [DefNew: 18279K->1870K(19136K), 0.0168160 secs] 98656K->82501K(260032K), 0.0175560 secs] [Times: user=0.01 sys=0.00, real=0.02 secs] 
2012-10-23T12:16:27.979+0100: 323263.962: [GC 323263.963: [DefNew: 18894K->1884K(19136K), 0.0164230 secs] 99525K->82752K(260032K), 0.0171520 secs] [Times: user=0.02 sys=0.00, real=0.01 secs] 
2012-10-23T12:16:38.455+0100: 323274.438: [GC 323274.439: [DefNew: 18908K->1920K(19136K), 0.0166360 secs] 99776K->83014K(260032K), 0.0173040 secs] [Times: user=0.01 sys=0.00, real=0.02 secs] 
2012-10-23T12:16:49.541+0100: 323285.524: [GC 323285.525: [DefNew: 18944K->396K(19136K), 0.0136270 secs] 100038K->81715K(260032K), 0.0142160 secs] [Times: user=0.01 sys=0.00, real=0.01 secs] 
2012-10-23T12:17:01.551+0100: 323297.534: [GC 323297.535: [DefNew: 17420K->1474K(19136K), 0.0140260 secs] 98739K->82793K(260032K), 0.0146620 secs] [Times: user=0.02 sys=0.00, real=0.01 secs] 
2012-10-23T12:17:11.565+0100: 323307.548: [GC 323307.548: [DefNew: 18498K->1712K(19136K), 0.0181310 secs] 99817K->83467K(260032K), 0.0188140 secs] [Times: user=0.02 sys=0.00, real=0.02 secs] 
2012-10-23T12:17:27.552+0100: 323323.535: [GC 323323.536: [DefNew: 18736K->1101K(19136K), 0.0139870 secs] 100491K->83048K(260032K), 0.0145830 secs] [Times: user=0.01 sys=0.00, real=0.01 secs] 
2012-10-23T12:17:40.936+0100: 323336.919: [GC 323336.920: [DefNew: 18125K->1171K(19136K), 0.0180530 secs] 100072K->83343K(260032K), 0.0186520 secs] [Times: user=0.02 sys=0.00, real=0.02 secs] 
2012-10-23T12:17:54.072+0100: 323350.055: [GC 323350.056: [DefNew: 18195K->1750K(19136K), 0.0146330 secs] 100367K->84148K(260032K), 0.0151500 secs] [Times: user=0.01 sys=0.00, real=0.02 secs] 
2012-10-23T12:18:05.591+0100: 323361.574: [GC 323361.574: [DefNew: 18774K->1366K(19136K), 0.0146120 secs] 101172K->83945K(260032K), 0.0152330 secs] [Times: user=0.01 sys=0.00, real=0.01 secs] 
2012-10-23T12:18:17.139+0100: 323373.122: [GC 323373.123: [DefNew: 18390K->1887K(19136K), 0.0170390 secs] 100969K->84765K(260032K), 0.0175940 secs] [Times: user=0.02 sys=0.00, real=0.01 secs] 
2012-10-23T12:18:27.673+0100: 323383.656: [GC 323383.656: [DefNew: 18911K->1968K(19136K), 0.0161950 secs] 101789K->85096K(260032K), 0.0167890 secs] [Times: user=0.03 sys=0.00, real=0.02 secs] 
2012-10-23T12:18:38.122+0100: 323394.105: [GC 323394.105: [DefNew: 18992K->1733K(19136K), 0.0149910 secs] 102120K->85081K(260032K), 0.0156000 secs] [Times: user=0.01 sys=0.01, real=0.02 secs] 
2012-10-23T12:18:48.636+0100: 323404.619: [GC 323404.619: [DefNew: 18757K->1871K(19136K), 0.0160570 secs] 102105K->85419K(260032K), 0.0167690 secs] [Times: user=0.01 sys=0.00, real=0.02 secs] 
2012-10-23T12:18:57.560+0100: 323413.543: [GC 323413.543: [DefNew: 18895K->1934K(19136K), 0.0174720 secs] 102443K->85741K(260032K), 0.0182070 secs] [Times: user=0.03 sys=0.00, real=0.02 secs] 
2012-10-23T12:19:13.555+0100: 323429.538: [GC 323429.539: [DefNew: 18958K->1172K(19136K), 0.0140230 secs] 102765K->85204K(260032K), 0.0145710 secs] [Times: user=0.01 sys=0.00, real=0.02 secs] 
2012-10-23T12:19:22.262+0100: 323438.245: [GC 323438.245: [DefNew: 18196K->1859K(19136K), 0.0155570 secs] 102228K->86034K(260032K), 0.0161290 secs] [Times: user=0.02 sys=0.00, real=0.02 secs] 
2012-10-23T12:19:33.566+0100: 323449.549: [GC 323449.550: [DefNew: 18879K->1679K(19136K), 0.0152820 secs] 103055K->86068K(260032K), 0.0158500 secs] [Times: user=0.01 sys=0.00, real=0.02 secs] 
2012-10-23T12:19:45.788+0100: 323461.771: [GC 323461.772: [DefNew: 18703K->1530K(19136K), 0.0193540 secs] 103092K->86135K(260032K), 0.0200320 secs] [Times: user=0.02 sys=0.00, real=0.02 secs] 
2012-10-23T12:19:57.564+0100: 323473.547: [GC 323473.548: [DefNew: 18529K->1175K(19136K), 0.0140490 secs] 103135K->85968K(260032K), 0.0145560 secs] [Times: user=0.02 sys=0.00, real=0.02 secs] 
2012-10-23T12:20:07.560+0100: 323483.543: [GC 323483.543: [DefNew: 18199K->1734K(19136K), 0.0160370 secs] 102992K->86769K(260032K), 0.0167080 secs] [Times: user=0.02 sys=0.00, real=0.01 secs] 
2012-10-23T12:20:18.964+0100: 323494.947: [GC 323494.947: [DefNew: 18758K->1125K(19136K), 0.0131280 secs] 103793K->86389K(260032K), 0.0138280 secs] [Times: user=0.02 sys=0.00, real=0.02 secs] 
2012-10-23T12:20:42.063+0100: 323518.046: [GC 323518.046: [DefNew: 18149K->1103K(19136K), 0.0135910 secs] 103413K->86635K(260032K), 0.0141210 secs] [Times: user=0.01 sys=0.00, real=0.02 secs] 
2012-10-23T12:20:54.320+0100: 323530.303: [GC 323530.303: [DefNew: 18118K->978K(19136K), 0.0122920 secs] 103649K->86657K(260032K), 0.0127430 secs] [Times: user=0.01 sys=0.00, real=0.01 secs] 
2012-10-23T12:21:13.543+0100: 323549.526: [GC 323549.526: [DefNew: 17975K->834K(19136K), 0.0100500 secs] 103654K->86513K(260032K), 0.0104790 secs] [Times: user=0.01 sys=0.00, real=0.01 secs] 
2012-10-23T12:21:27.578+0100: 323563.561: [GC 323563.561: [DefNew: 17858K->1741K(19136K), 0.0135450 secs] 103537K->87420K(260032K), 0.0139400 secs] [Times: user=0.01 sys=0.00, real=0.01 secs] 
2012-10-23T12:21:39.568+0100: 323575.551: [GC 323575.551: [DefNew: 18765K->1983K(19136K), 0.0130970 secs] 104444K->88375K(260032K), 0.0135360 secs] [Times: user=0.01 sys=0.00, real=0.01 secs] 
2012-10-23T12:21:49.566+0100: 323585.549: [GC 323585.549: [DefNew: 19007K->2112K(19136K), 0.0108510 secs] 105399K->88850K(260032K), 0.0114320 secs] [Times: user=0.00 sys=0.01, real=0.02 secs] 
2012-10-23T12:21:59.748+0100: 323595.731: [GC 323595.732: [DefNew: 19136K->1646K(19136K), 0.0140000 secs] 105874K->88625K(260032K), 0.0145910 secs] [Times: user=0.01 sys=0.00, real=0.01 secs] 
2012-10-23T12:22:11.559+0100: 323607.542: [GC 323607.543: [DefNew: 18670K->1872K(19136K), 0.0151510 secs] 105649K->89067K(260032K), 0.0158060 secs] [Times: user=0.01 sys=0.01, real=0.01 secs] 
2012-10-23T12:22:23.548+0100: 323619.531: [GC 323619.532: [DefNew: 18896K->735K(19136K), 0.0137270 secs] 106091K->88186K(260032K), 0.0143080 secs] [Times: user=0.01 sys=0.00, real=0.01 secs] 
2012-10-23T12:22:37.548+0100: 323633.531: [GC 323633.532: [DefNew: 17759K->1597K(19136K), 0.0155210 secs] 105210K->89048K(260032K), 0.0161910 secs] [Times: user=0.01 sys=0.01, real=0.01 secs] 
2012-10-23T12:22:49.567+0100: 323645.550: [GC 323645.550: [DefNew: 18621K->1519K(19136K), 0.0167130 secs] 106072K->89540K(260032K), 0.0174380 secs] [Times: user=0.01 sys=0.00, real=0.02 secs] 
2012-10-23T12:22:59.547+0100: 323655.530: [GC 323655.531: [DefNew: 18519K->596K(19136K), 0.0143000 secs] 106541K->88918K(260032K), 0.0148870 secs] [Times: user=0.00 sys=0.01, real=0.02 secs] 
2012-10-23T12:23:13.241+0100: 323669.224: [GC 323669.225: [DefNew: 17620K->594K(19136K), 0.0119690 secs] 105942K->88916K(260032K), 0.0124690 secs] [Times: user=0.01 sys=0.00, real=0.01 secs] 
2012-10-23T12:23:27.941+0100: 323683.924: [GC 323683.924: [DefNew: 17618K->1660K(19136K), 0.0142140 secs] 105940K->89982K(260032K), 0.0147770 secs] [Times: user=0.01 sys=0.01, real=0.01 secs] 
2012-10-23T12:23:36.371+0100: 323692.354: [GC 323692.355: [DefNew: 18684K->1956K(19136K), 0.0185280 secs] 107006K->90922K(260032K), 0.0191000 secs] [Times: user=0.01 sys=0.00, real=0.02 secs] 
2012-10-23T12:23:47.570+0100: 323703.553: [GC 323703.553: [DefNew: 18980K->1296K(19136K), 0.0147630 secs] 107946K->90553K(260032K), 0.0153260 secs] [Times: user=0.01 sys=0.01, real=0.01 secs] 
2012-10-23T12:23:57.376+0100: 323713.360: [GC 323713.360: [DefNew: 18320K->1764K(19136K), 0.0166810 secs] 107577K->91344K(260032K), 0.0172540 secs] [Times: user=0.02 sys=0.00, real=0.02 secs] 
2012-10-23T12:24:09.549+0100: 323725.532: [GC 323725.533: [DefNew: 18788K->675K(19136K), 0.0142450 secs] 108368K->90487K(260032K), 0.0148030 secs] [Times: user=0.01 sys=0.00, real=0.01 secs] 
2012-10-23T12:24:20.466+0100: 323736.449: [GC 323736.450: [DefNew: 17699K->2089K(19136K), 0.0154050 secs] 107511K->91902K(260032K), 0.0161370 secs] [Times: user=0.02 sys=0.00, real=0.02 secs] 
2012-10-23T12:24:39.357+0100: 323755.340: [GC 323755.341: [DefNew: 19113K->352K(19136K), 0.0139670 secs] 108926K->90630K(260032K), 0.0145080 secs] [Times: user=0.01 sys=0.00, real=0.02 secs] 
2012-10-23T12:24:49.825+0100: 323765.808: [GC 323765.809: [DefNew: 17376K->2112K(19136K), 0.0153580 secs] 107654K->92584K(260032K), 0.0159430 secs] [Times: user=0.02 sys=0.00, real=0.02 secs] 
2012-10-23T12:25:00.356+0100: 323776.340: [GC 323776.340: [DefNew: 19136K->1205K(19136K), 0.0163540 secs] 109608K->92052K(260032K), 0.0169030 secs] [Times: user=0.02 sys=0.00, real=0.02 secs] 
2012-10-23T12:25:13.551+0100: 323789.534: [GC 323789.534: [DefNew: 18229K->734K(19136K), 0.0134410 secs] 109076K->91849K(260032K), 0.0140010 secs] [Times: user=0.02 sys=0.00, real=0.01 secs] 
2012-10-23T12:25:29.567+0100: 323805.550: [GC 323805.551: [DefNew: 17758K->1913K(19136K), 0.0133550 secs] 108873K->93028K(260032K), 0.0138850 secs] [Times: user=0.01 sys=0.00, real=0.01 secs] 
2012-10-23T12:25:40.040+0100: 323816.023: [GC 323816.023: [DefNew: 18937K->1148K(19136K), 0.0237200 secs] 110052K->92656K(260032K), 0.0244340 secs] [Times: user=0.01 sys=0.00, real=0.02 secs] 
2012-10-23T12:25:50.009+0100: 323825.992: [GC 323825.992: [DefNew: 18172K->2112K(19136K), 0.0170410 secs] 109680K->94063K(260032K), 0.0176160 secs] [Times: user=0.01 sys=0.00, real=0.01 secs] 
2012-10-23T12:26:00.783+0100: 323836.766: [GC 323836.766: [DefNew: 19136K->946K(19136K), 0.0214430 secs] 111087K->93098K(260032K), 0.0220890 secs] [Times: user=0.02 sys=0.00, real=0.02 secs] 
2012-10-23T12:26:13.567+0100: 323849.550: [GC 323849.550: [DefNew: 17970K->1521K(19136K), 0.0126630 secs] 110122K->93672K(260032K), 0.0131170 secs] [Times: user=0.01 sys=0.00, real=0.02 secs] 
2012-10-23T12:26:25.940+0100: 323861.923: [GC 323861.924: [DefNew: 18542K->1143K(19136K), 0.0156310 secs] 110694K->93661K(260032K), 0.0162690 secs] [Times: user=0.01 sys=0.01, real=0.01 secs] 
2012-10-23T12:26:41.143+0100: 323877.126: [GC 323877.126: [DefNew: 18167K->1074K(19136K), 0.0139660 secs] 110685K->93835K(260032K), 0.0145290 secs] [Times: user=0.02 sys=0.00, real=0.02 secs] 
2012-10-23T12:26:53.768+0100: 323889.751: [GC 323889.751: [DefNew: 18098K->1010K(19136K), 0.0141170 secs] 110859K->94018K(260032K), 0.0146000 secs] [Times: user=0.01 sys=0.00, real=0.01 secs] 
2012-10-23T12:27:03.572+0100: 323899.555: [GC 323899.555: [DefNew: 18034K->1880K(19136K), 0.0097350 secs] 111042K->94889K(260032K), 0.0102010 secs] [Times: user=0.02 sys=0.00, real=0.01 secs] 
2012-10-23T12:27:17.549+0100: 323913.532: [GC 323913.532: [DefNew: 18904K->1209K(19136K), 0.0157350 secs] 111913K->94617K(260032K), 0.0163580 secs] [Times: user=0.01 sys=0.00, real=0.01 secs] 
2012-10-23T12:27:33.555+0100: 323929.538: [GC 323929.538: [DefNew: 18233K->501K(19136K), 0.0119770 secs] 111641K->94178K(260032K), 0.0124360 secs] [Times: user=0.00 sys=0.01, real=0.02 secs] 
2012-10-23T12:27:43.565+0100: 323939.548: [GC 323939.549: [DefNew: 17525K->1496K(19136K), 0.0129450 secs] 111202K->95173K(260032K), 0.0134670 secs] [Times: user=0.01 sys=0.00, real=0.02 secs] 
2012-10-23T12:27:53.565+0100: 323949.548: [GC 323949.549: [DefNew: 18520K->1326K(19136K), 0.0156930 secs] 112197K->95378K(260032K), 0.0163300 secs] [Times: user=0.02 sys=0.00, real=0.02 secs] 
2012-10-23T12:28:03.569+0100: 323959.552: [GC 323959.552: [DefNew: 18350K->1483K(19136K), 0.0155120 secs] 112402K->95766K(260032K), 0.0161920 secs] [Times: user=0.01 sys=0.01, real=0.01 secs] 
2012-10-23T12:28:15.979+0100: 323971.963: [GC 323971.963: [DefNew: 18507K->1179K(19136K), 0.0144140 secs] 112790K->95687K(260032K), 0.0152560 secs] [Times: user=0.02 sys=0.00, real=0.01 secs] 
2012-10-23T12:28:26.180+0100: 323982.163: [GC 323982.164: [DefNew: 18203K->1919K(19136K), 0.0164060 secs] 112711K->96652K(260032K), 0.0170720 secs] [Times: user=0.02 sys=0.00, real=0.02 secs] 
2012-10-23T12:28:45.573+0100: 324001.556: [GC 324001.556: [DefNew: 18943K->1146K(19136K), 0.0139170 secs] 113676K->96107K(260032K), 0.0144690 secs] [Times: user=0.01 sys=0.00, real=0.02 secs] 
2012-10-23T12:28:57.673+0100: 324013.656: [GC 324013.657: [DefNew: 18170K->2112K(19136K), 0.0231060 secs] 113131K->97509K(260032K), 0.0236430 secs] [Times: user=0.01 sys=0.00, real=0.03 secs] 
2012-10-23T12:29:03.967+0100: 324019.950: [GC 324019.950: [DefNew: 19136K->1605K(19136K), 0.0156440 secs] 114533K->97189K(260032K), 0.0161280 secs] [Times: user=0.02 sys=0.00, real=0.02 secs] 
2012-10-23T12:29:11.006+0100: 324026.989: [GC 324026.989: [DefNew: 18627K->1223K(19136K), 0.0134400 secs] 114212K->97019K(260032K), 0.0139610 secs] [Times: user=0.02 sys=0.00, real=0.02 secs] 
2012-10-23T12:29:18.345+0100: 324034.328: [GC 324034.328: [DefNew: 18247K->2112K(19136K), 0.0145610 secs] 114043K->98205K(260032K), 0.0151200 secs] [Times: user=0.01 sys=0.00, real=0.02 secs] 
2012-10-23T12:29:25.542+0100: 324041.525: [GC 324041.525: [DefNew: 19136K->1605K(19136K), 0.0137310 secs] 115229K->97830K(260032K), 0.0142330 secs] [Times: user=0.02 sys=0.00, real=0.01 secs] 
2012-10-23T12:29:33.580+0100: 324049.563: [GC 324049.564: [DefNew: 18629K->1578K(19136K), 0.0144380 secs] 114854K->98025K(260032K), 0.0149710 secs] [Times: user=0.01 sys=0.00, real=0.01 secs] 
2012-10-23T12:29:45.567+0100: 324061.550: [GC 324061.550: [DefNew: 18602K->1107K(19136K), 0.0149740 secs] 115049K->97736K(260032K), 0.0156530 secs] [Times: user=0.01 sys=0.00, real=0.02 secs] 
2012-10-23T12:29:54.805+0100: 324070.788: [GC 324070.788: [DefNew: 18131K->2111K(19136K), 0.0183910 secs] 114760K->99133K(260032K), 0.0190830 secs] [Times: user=0.01 sys=0.00, real=0.02 secs] 
2012-10-23T12:30:05.563+0100: 324081.546: [GC 324081.546: [DefNew: 19135K->1187K(19136K), 0.0154240 secs] 116157K->98426K(260032K), 0.0160480 secs] [Times: user=0.01 sys=0.00, real=0.02 secs] 
2012-10-23T12:30:17.567+0100: 324093.550: [GC 324093.551: [DefNew: 18211K->1714K(19136K), 0.0164490 secs] 115450K->99178K(260032K), 0.0173280 secs] [Times: user=0.01 sys=0.01, real=0.01 secs] 
2012-10-23T12:30:30.048+0100: 324106.031: [GC 324106.031: [DefNew: 18738K->924K(19136K), 0.0143950 secs] 116202K->98614K(260032K), 0.0150490 secs] [Times: user=0.01 sys=0.00, real=0.01 secs] 
2012-10-23T12:30:45.999+0100: 324121.983: [GC 324121.983: [DefNew: 17948K->1360K(19136K), 0.0215350 secs] 115638K->99050K(260032K), 0.0221920 secs] [Times: user=0.01 sys=0.00, real=0.02 secs] 
2012-10-23T12:30:59.460+0100: 324135.443: [GC 324135.443: [DefNew: 18384K->404K(19136K), 0.0150570 secs] 116074K->98519K(260032K), 0.0156690 secs] [Times: user=0.00 sys=0.02, real=0.01 secs] 
2012-10-23T12:31:07.922+0100: 324143.905: [GC 324143.905: [DefNew: 17428K->1701K(19136K), 0.0135090 secs] 115543K->99816K(260032K), 0.0140380 secs] [Times: user=0.01 sys=0.00, real=0.01 secs] 
2012-10-23T12:31:21.566+0100: 324157.549: [GC 324157.549: [DefNew: 18725K->1051K(19136K), 0.0153570 secs] 116840K->99570K(260032K), 0.0158850 secs] [Times: user=0.02 sys=0.00, real=0.02 secs] 
2012-10-23T12:31:35.157+0100: 324171.140: [GC 324171.140: [DefNew: 18074K->1928K(19136K), 0.0161670 secs] 116593K->100448K(260032K), 0.0167960 secs] [Times: user=0.02 sys=0.00, real=0.02 secs] 
2012-10-23T12:31:45.658+0100: 324181.641: [GC 324181.641: [DefNew: 18952K->1275K(19136K), 0.0121570 secs] 117472K->100201K(260032K), 0.0126440 secs] [Times: user=0.01 sys=0.00, real=0.01 secs] 
2012-10-23T12:31:55.585+0100: 324191.568: [GC 324191.568: [DefNew: 18299K->1278K(19136K), 0.0103740 secs] 117225K->100439K(260032K), 0.0108470 secs] [Times: user=0.00 sys=0.00, real=0.01 secs] 
2012-10-23T12:32:05.137+0100: 324201.120: [GC 324201.120: [DefNew: 18287K->1606K(19136K), 0.0139380 secs] 117448K->100986K(260032K), 0.0145180 secs] [Times: user=0.02 sys=0.00, real=0.02 secs] 
2012-10-23T12:32:16.921+0100: 324212.904: [GC 324212.905: [DefNew: 18630K->1480K(19136K), 0.0123300 secs] 118010K->101082K(260032K), 0.0129490 secs] [Times: user=0.01 sys=0.00, real=0.01 secs] 
2012-10-23T12:32:30.038+0100: 324226.021: [GC 324226.022: [DefNew: 18504K->1039K(19136K), 0.0168070 secs] 118106K->100870K(260032K), 0.0174770 secs] [Times: user=0.01 sys=0.00, real=0.01 secs] 
2012-10-23T12:32:45.576+0100: 324241.559: [GC 324241.559: [DefNew: 18055K->1347K(19136K), 0.0135850 secs] 117887K->101178K(260032K), 0.0143570 secs] [Times: user=0.01 sys=0.00, real=0.02 secs] 
2012-10-23T12:32:57.566+0100: 324253.549: [GC 324253.549: [DefNew: 18371K->1221K(19136K), 0.0110360 secs] 118202K->101457K(260032K), 0.0115070 secs] [Times: user=0.02 sys=0.00, real=0.02 secs] 
2012-10-23T12:33:09.554+0100: 324265.537: [GC 324265.538: [DefNew: 18245K->282K(19136K), 0.0123910 secs] 118481K->100789K(260032K), 0.0128600 secs] [Times: user=0.01 sys=0.00, real=0.01 secs] 
2012-10-23T12:33:20.913+0100: 324276.896: [GC 324276.897: [DefNew: 17306K->1229K(19136K), 0.0132070 secs] 117813K->101736K(260032K), 0.0138320 secs] [Times: user=0.02 sys=0.00, real=0.02 secs] 
2012-10-23T12:33:34.841+0100: 324290.825: [GC 324290.825: [DefNew: 18253K->1875K(19136K), 0.0172350 secs] 118760K->102563K(260032K), 0.0182800 secs] [Times: user=0.02 sys=0.00, real=0.02 secs] 
2012-10-23T12:33:43.575+0100: 324299.558: [GC 324299.558: [DefNew: 18881K->1441K(19136K), 0.0167520 secs] 119568K->102564K(260032K), 0.0173630 secs] [Times: user=0.01 sys=0.00, real=0.02 secs] 
2012-10-23T12:33:53.726+0100: 324309.709: [GC 324309.710: [DefNew: 18465K->1552K(19136K), 0.0153870 secs] 119588K->102893K(260032K), 0.0159510 secs] [Times: user=0.01 sys=0.00, real=0.02 secs] 
2012-10-23T12:34:03.580+0100: 324319.563: [GC 324319.564: [DefNew: 18576K->918K(19136K), 0.0136740 secs] 119917K->102444K(260032K), 0.0142980 secs] [Times: user=0.02 sys=0.00, real=0.01 secs] 
2012-10-23T12:34:15.567+0100: 324331.550: [GC 324331.550: [DefNew: 17942K->1431K(19136K), 0.0144440 secs] 119468K->102958K(260032K), 0.0151040 secs] [Times: user=0.01 sys=0.00, real=0.02 secs] 
2012-10-23T12:34:29.584+0100: 324345.567: [GC 324345.567: [DefNew: 18455K->756K(19136K), 0.0167090 secs] 119982K->102801K(260032K), 0.0173110 secs] [Times: user=0.02 sys=0.00, real=0.02 secs] 
2012-10-23T12:34:46.260+0100: 324362.243: [GC 324362.243: [DefNew: 17780K->1277K(19136K), 0.0123060 secs] 119825K->103321K(260032K), 0.0127810 secs] [Times: user=0.02 sys=0.00, real=0.01 secs] 
2012-10-23T12:34:59.572+0100: 324375.555: [GC 324375.556: [DefNew: 18301K->901K(19136K), 0.0138040 secs] 120345K->103243K(260032K), 0.0143150 secs] [Times: user=0.02 sys=0.00, real=0.01 secs] 
2012-10-23T12:35:09.577+0100: 324385.560: [GC 324385.560: [DefNew: 17925K->1460K(19136K), 0.0133800 secs] 120267K->103803K(260032K), 0.0140400 secs] [Times: user=0.02 sys=0.00, real=0.02 secs] 
2012-10-23T12:35:21.573+0100: 324397.556: [GC 324397.556: [DefNew: 18484K->1683K(19136K), 0.0170380 secs] 120827K->104509K(260032K), 0.0175510 secs] [Times: user=0.02 sys=0.00, real=0.02 secs] 
2012-10-23T12:35:34.571+0100: 324410.554: [GC 324410.555: [DefNew: 18707K->1580K(19136K), 0.0155290 secs] 121533K->104631K(260032K), 0.0161480 secs] [Times: user=0.01 sys=0.00, real=0.02 secs] 
2012-10-23T12:35:45.056+0100: 324421.039: [GC 324421.039: [DefNew: 18604K->1797K(19136K), 0.0164620 secs] 121655K->105065K(260032K), 0.0170680 secs] [Times: user=0.03 sys=0.00, real=0.02 secs] 
2012-10-23T12:35:54.983+0100: 324430.966: [GC 324430.966: [DefNew: 18821K->2111K(19136K), 0.0141370 secs] 122089K->105829K(260032K), 0.0150730 secs] [Times: user=0.01 sys=0.00, real=0.02 secs] 
2012-10-23T12:36:03.591+0100: 324439.574: [GC 324439.574: [DefNew: 19135K->2111K(19136K), 0.0178140 secs] 122853K->106184K(260032K), 0.0184500 secs] [Times: user=0.01 sys=0.00, real=0.02 secs] 
2012-10-23T12:36:16.551+0100: 324452.534: [GC 324452.534: [DefNew: 19135K->1330K(19136K), 0.0150720 secs] 123208K->105586K(260032K), 0.0156500 secs] [Times: user=0.01 sys=0.00, real=0.01 secs] 
2012-10-23T12:36:27.577+0100: 324463.560: [GC 324463.561: [DefNew: 18354K->1188K(19136K), 0.0150620 secs] 122610K->105697K(260032K), 0.0157220 secs] [Times: user=0.02 sys=0.00, real=0.02 secs] 
2012-10-23T12:36:40.833+0100: 324476.816: [GC 324476.816: [DefNew: 18212K->1048K(19136K), 0.0240780 secs] 122721K->105818K(260032K), 0.0249040 secs] [Times: user=0.00 sys=0.01, real=0.03 secs] 
2012-10-23T12:36:53.559+0100: 324489.542: [GC 324489.542: [DefNew: 18072K->672K(19136K), 0.0126820 secs] 122842K->105442K(260032K), 0.0132470 secs] [Times: user=0.01 sys=0.00, real=0.01 secs] 
2012-10-23T12:37:03.570+0100: 324499.553: [GC 324499.554: [DefNew: 17696K->1686K(19136K), 0.0156940 secs] 122466K->106456K(260032K), 0.0163300 secs] [Times: user=0.01 sys=0.00, real=0.01 secs] 
2012-10-23T12:37:17.427+0100: 324513.410: [GC 324513.411: [DefNew: 18710K->1185K(19136K), 0.0187140 secs] 123480K->106750K(260032K), 0.0193080 secs] [Times: user=0.01 sys=0.01, real=0.01 secs] 
2012-10-23T12:37:29.575+0100: 324525.558: [GC 324525.559: [DefNew: 18209K->1232K(19136K), 0.0143060 secs] 123774K->106945K(260032K), 0.0149730 secs] [Times: user=0.01 sys=0.00, real=0.02 secs] 
2012-10-23T12:37:42.650+0100: 324538.633: [GC 324538.633: [DefNew: 18256K->1758K(19136K), 0.0157950 secs] 123969K->107748K(260032K), 0.0163530 secs] [Times: user=0.01 sys=0.00, real=0.01 secs] 
2012-10-23T12:37:53.137+0100: 324549.121: [GC 324549.121: [DefNew: 18782K->386K(19136K), 0.0127070 secs] 124772K->106575K(260032K), 0.0131960 secs] [Times: user=0.01 sys=0.00, real=0.01 secs] 
2012-10-23T12:38:03.722+0100: 324559.705: [GC 324559.705: [DefNew: 17410K->1834K(19136K), 0.0138220 secs] 123599K->108023K(260032K), 0.0143380 secs] [Times: user=0.01 sys=0.01, real=0.01 secs] 
2012-10-23T12:38:15.580+0100: 324571.563: [GC 324571.563: [DefNew: 18856K->1113K(19136K), 0.0163770 secs] 125045K->107698K(260032K), 0.0169870 secs] [Times: user=0.01 sys=0.00, real=0.01 secs] 
2012-10-23T12:38:25.573+0100: 324581.556: [GC 324581.556: [DefNew: 18137K->1163K(19136K), 0.0145460 secs] 124722K->107980K(260032K), 0.0151330 secs] [Times: user=0.01 sys=0.00, real=0.02 secs] 
2012-10-23T12:38:37.227+0100: 324593.210: [GC 324593.210: [DefNew: 18187K->1800K(19136K), 0.0160090 secs] 125004K->108855K(260032K), 0.0166830 secs] [Times: user=0.02 sys=0.00, real=0.02 secs] 
2012-10-23T12:38:50.005+0100: 324605.989: [GC 324605.989: [DefNew: 18821K->848K(19136K), 0.0149560 secs] 125876K->108133K(260032K), 0.0155950 secs] [Times: user=0.02 sys=0.00, real=0.02 secs] 
2012-10-23T12:39:05.586+0100: 324621.569: [GC 324621.570: [DefNew: 17872K->1371K(19136K), 0.0139750 secs] 125157K->108656K(260032K), 0.0146180 secs] [Times: user=0.01 sys=0.00, real=0.02 secs] 
2012-10-23T12:39:15.047+0100: 324631.030: [GC 324631.030: [DefNew: 18395K->1739K(19136K), 0.0172530 secs] 125680K->109456K(260032K), 0.0178890 secs] [Times: user=0.02 sys=0.00, real=0.02 secs] 
2012-10-23T12:39:23.584+0100: 324639.567: [GC 324639.567: [DefNew: 18763K->1723K(19136K), 0.0155710 secs] 126480K->109652K(260032K), 0.0161890 secs] [Times: user=0.02 sys=0.00, real=0.02 secs] 
2012-10-23T12:39:40.128+0100: 324656.111: [GC 324656.111: [DefNew: 18747K->1786K(19136K), 0.0163750 secs] 126676K->109933K(260032K), 0.0169560 secs] [Times: user=0.02 sys=0.00, real=0.01 secs] 
2012-10-23T12:39:50.746+0100: 324666.729: [GC 324666.730: [DefNew: 18810K->1202K(19136K), 0.0145540 secs] 126957K->109541K(260032K), 0.0151440 secs] [Times: user=0.01 sys=0.00, real=0.02 secs] 
2012-10-23T12:40:01.279+0100: 324677.262: [GC 324677.263: [DefNew: 18226K->1108K(19136K), 0.0152570 secs] 126565K->109696K(260032K), 0.0158650 secs] [Times: user=0.01 sys=0.00, real=0.01 secs] 
2012-10-23T12:40:11.745+0100: 324687.729: [GC 324687.729: [DefNew: 18132K->2112K(19136K), 0.0166730 secs] 126720K->110981K(260032K), 0.0172520 secs] [Times: user=0.02 sys=0.00, real=0.02 secs] 
2012-10-23T12:40:23.564+0100: 324699.547: [GC 324699.547: [DefNew: 19136K->1631K(19136K), 0.0150080 secs] 128005K->110672K(260032K), 0.0155750 secs] [Times: user=0.01 sys=0.00, real=0.02 secs] 
2012-10-23T12:40:33.576+0100: 324709.559: [GC 324709.559: [DefNew: 18655K->1378K(19136K), 0.0160550 secs] 127696K->110691K(260032K), 0.0167580 secs] [Times: user=0.02 sys=0.00, real=0.02 secs] 
2012-10-23T12:40:45.559+0100: 324721.542: [GC 324721.542: [DefNew: 18402K->950K(19136K), 0.0138810 secs] 127715K->110489K(260032K), 0.0144340 secs] [Times: user=0.01 sys=0.00, real=0.01 secs] 
2012-10-23T12:40:57.971+0100: 324733.955: [GC 324733.955: [DefNew: 17974K->658K(19136K), 0.0127970 secs] 127513K->110196K(260032K), 0.0133170 secs] [Times: user=0.01 sys=0.00, real=0.01 secs] 
2012-10-23T12:41:09.602+0100: 324745.585: [GC 324745.585: [DefNew: 17666K->2111K(19136K), 0.0179290 secs] 127204K->111938K(260032K), 0.0186530 secs] [Times: user=0.03 sys=0.00, real=0.02 secs] 
2012-10-23T12:41:19.999+0100: 324755.982: [GC 324755.982: [DefNew: 19135K->1002K(19136K), 0.0210290 secs] 128962K->111524K(260032K), 0.0217720 secs] [Times: user=0.02 sys=0.00, real=0.02 secs] 
2012-10-23T12:41:33.655+0100: 324769.638: [GC 324769.638: [DefNew: 18026K->1163K(19136K), 0.0128790 secs] 128548K->111684K(260032K), 0.0133800 secs] [Times: user=0.02 sys=0.00, real=0.02 secs] 
2012-10-23T12:41:44.139+0100: 324780.122: [GC 324780.122: [DefNew: 18187K->1912K(19136K), 0.0110510 secs] 128708K->112668K(260032K), 0.0115370 secs] [Times: user=0.01 sys=0.00, real=0.01 secs] 
2012-10-23T12:41:54.957+0100: 324790.940: [GC 324790.941: [DefNew: 18913K->1024K(19136K), 0.0158740 secs] 129669K->112166K(260032K), 0.0165840 secs] [Times: user=0.00 sys=0.01, real=0.01 secs] 
2012-10-23T12:42:05.125+0100: 324801.108: [GC 324801.109: [DefNew: 18048K->1827K(19136K), 0.0098470 secs] 129190K->112969K(260032K), 0.0104130 secs] [Times: user=0.01 sys=0.00, real=0.01 secs] 
2012-10-23T12:42:16.185+0100: 324812.168: [GC 324812.168: [DefNew: 18851K->1241K(19136K), 0.0249690 secs] 129993K->112779K(260032K), 0.0256440 secs] [Times: user=0.02 sys=0.00, real=0.03 secs] 
2012-10-23T12:42:30.363+0100: 324826.346: [GC 324826.346: [DefNew: 18265K->1150K(19136K), 0.0213920 secs] 129803K->112968K(260032K), 0.0220490 secs] [Times: user=0.01 sys=0.00, real=0.02 secs] 
2012-10-23T12:42:43.596+0100: 324839.579: [GC 324839.579: [DefNew: 18172K->2076K(19136K), 0.0161620 secs] 129990K->114132K(260032K), 0.0167270 secs] [Times: user=0.02 sys=0.00, real=0.02 secs] 
2012-10-23T12:42:59.726+0100: 324855.709: [GC 324855.709: [DefNew: 19100K->291K(19136K), 0.0118510 secs] 131156K->112511K(260032K), 0.0123150 secs] [Times: user=0.01 sys=0.00, real=0.02 secs] 
2012-10-23T12:43:10.260+0100: 324866.243: [GC 324866.243: [DefNew: 17315K->2045K(19136K), 0.0144650 secs] 129535K->114265K(260032K), 0.0150030 secs] [Times: user=0.02 sys=0.00, real=0.01 secs] 
2012-10-23T12:43:20.135+0100: 324876.118: [GC 324876.118: [DefNew: 19069K->1035K(19136K), 0.0176990 secs] 131289K->113701K(260032K), 0.0183080 secs] [Times: user=0.01 sys=0.00, real=0.02 secs] 
2012-10-23T12:43:33.326+0100: 324889.309: [GC 324889.309: [DefNew: 18059K->549K(19136K), 0.0110940 secs] 130725K->113215K(260032K), 0.0115680 secs] [Times: user=0.01 sys=0.00, real=0.02 secs] 
2012-10-23T12:43:41.779+0100: 324897.763: [GC 324897.763: [DefNew: 17573K->2112K(19136K), 0.0162280 secs] 130239K->114898K(260032K), 0.0168070 secs] [Times: user=0.01 sys=0.00, real=0.01 secs] 
2012-10-23T12:43:53.589+0100: 324909.572: [GC 324909.573: [DefNew: 19136K->1524K(19136K), 0.0190320 secs] 131922K->114967K(260032K), 0.0196880 secs] [Times: user=0.02 sys=0.00, real=0.02 secs] 
2012-10-23T12:44:09.055+0100: 324925.039: [GC 324925.039: [DefNew: 18548K->312K(19136K), 0.0129980 secs] 131991K->114000K(260032K), 0.0135250 secs] [Times: user=0.02 sys=0.00, real=0.02 secs] 
2012-10-23T12:44:20.333+0100: 324936.316: [GC 324936.316: [DefNew: 17336K->1136K(19136K), 0.0122450 secs] 131024K->114825K(260032K), 0.0127470 secs] [Times: user=0.02 sys=0.00, real=0.01 secs] 
2012-10-23T12:44:30.097+0100: 324946.080: [GC 324946.080: [DefNew: 18160K->1321K(19136K), 0.0312360 secs] 131849K->115161K(260032K), 0.0318890 secs] [Times: user=0.03 sys=0.00, real=0.04 secs] 
2012-10-23T12:44:41.584+0100: 324957.567: [GC 324957.567: [DefNew: 18345K->1278K(19136K), 0.0180650 secs] 132185K->115512K(260032K), 0.0186440 secs] [Times: user=0.03 sys=0.00, real=0.02 secs] 
2012-10-23T12:44:53.588+0100: 324969.571: [GC 324969.571: [DefNew: 18302K->1532K(19136K), 0.0155080 secs] 132536K->116005K(260032K), 0.0161040 secs] [Times: user=0.01 sys=0.00, real=0.01 secs] 
2012-10-23T12:45:07.881+0100: 324983.865: [GC 324983.865: [DefNew: 18556K->1249K(19136K), 0.0159750 secs] 133029K->115947K(260032K), 0.0165170 secs] [Times: user=0.02 sys=0.00, real=0.02 secs] 
2012-10-23T12:45:19.583+0100: 324995.566: [GC 324995.567: [DefNew: 18266K->942K(19136K), 0.0148200 secs] 132964K->115868K(260032K), 0.0153820 secs] [Times: user=0.02 sys=0.00, real=0.02 secs] 
2012-10-23T12:45:33.060+0100: 325009.043: [GC 325009.044: [DefNew: 17966K->631K(19136K), 0.0123190 secs] 132892K->115557K(260032K), 0.0128020 secs] [Times: user=0.01 sys=0.00, real=0.01 secs] 
2012-10-23T12:45:47.735+0100: 325023.718: [GC 325023.718: [DefNew: 17655K->2111K(19136K), 0.0180890 secs] 132581K->117513K(260032K), 0.0187330 secs] [Times: user=0.02 sys=0.00, real=0.02 secs] 
2012-10-23T12:45:57.592+0100: 325033.575: [GC 325033.575: [DefNew: 19135K->1933K(19136K), 0.0189910 secs] 134537K->117878K(260032K), 0.0195900 secs] [Times: user=0.02 sys=0.00, real=0.02 secs] 
2012-10-23T12:46:09.587+0100: 325045.570: [GC 325045.570: [DefNew: 18957K->1545K(19136K), 0.0175000 secs] 134902K->117731K(260032K), 0.0181120 secs] [Times: user=0.02 sys=0.00, real=0.02 secs] 
2012-10-23T12:46:23.600+0100: 325059.583: [GC 325059.583: [DefNew: 18569K->2112K(19136K), 0.0169150 secs] 134754K->118603K(260032K), 0.0174530 secs] [Times: user=0.02 sys=0.00, real=0.01 secs] 
2012-10-23T12:46:36.061+0100: 325072.044: [GC 325072.045: [DefNew: 19136K->2112K(19136K), 0.0184720 secs] 135627K->119124K(260032K), 0.0190170 secs] [Times: user=0.01 sys=0.00, real=0.02 secs] 
2012-10-23T12:46:47.581+0100: 325083.564: [GC 325083.565: [DefNew: 19114K->1348K(19136K), 0.0150170 secs] 136126K->118540K(260032K), 0.0156230 secs] [Times: user=0.01 sys=0.00, real=0.01 secs] 
2012-10-23T12:47:00.982+0100: 325096.965: [GC 325096.966: [DefNew: 18357K->882K(19136K), 0.0156490 secs] 135550K->118355K(260032K), 0.0162720 secs] [Times: user=0.02 sys=0.00, real=0.02 secs] 
2012-10-23T12:47:13.588+0100: 325109.571: [GC 325109.572: [DefNew: 17883K->1608K(19136K), 0.0130130 secs] 135356K->119081K(260032K), 0.0134820 secs] [Times: user=0.01 sys=0.00, real=0.01 secs] 
2012-10-23T12:47:28.543+0100: 325124.526: [GC 325124.527: [DefNew: 18632K->1627K(19136K), 0.0178100 secs] 136105K->119540K(260032K), 0.0183930 secs] [Times: user=0.01 sys=0.00, real=0.02 secs] 
2012-10-23T12:47:39.593+0100: 325135.576: [GC 325135.577: [DefNew: 18651K->858K(19136K), 0.0157920 secs] 136564K->119014K(260032K), 0.0163980 secs] [Times: user=0.01 sys=0.00, real=0.02 secs] 
2012-10-23T12:47:51.675+0100: 325147.659: [GC 325147.659: [DefNew: 17882K->2112K(19136K), 0.0185970 secs] 136038K->120743K(260032K), 0.0191730 secs] [Times: user=0.03 sys=0.00, real=0.02 secs] 
2012-10-23T12:48:03.571+0100: 325159.554: [GC 325159.555: [DefNew: 19132K->433K(19136K), 0.0175360 secs] 137764K->119487K(260032K), 0.0181160 secs] [Times: user=0.02 sys=0.00, real=0.02 secs] 
2012-10-23T12:48:15.997+0100: 325171.980: [GC 325171.980: [DefNew: 17457K->1335K(19136K), 0.0139550 secs] 136511K->120389K(260032K), 0.0145680 secs] [Times: user=0.02 sys=0.00, real=0.02 secs] 
2012-10-23T12:48:29.632+0100: 325185.615: [GC 325185.616: [DefNew: 18359K->1521K(19136K), 0.0187770 secs] 137413K->121021K(260032K), 0.0193820 secs] [Times: user=0.01 sys=0.00, real=0.02 secs] 
2012-10-23T12:48:39.585+0100: 325195.568: [GC 325195.569: [DefNew: 18538K->1362K(19136K), 0.0159670 secs] 138037K->121087K(260032K), 0.0165430 secs] [Times: user=0.01 sys=0.00, real=0.02 secs] 
2012-10-23T12:48:50.440+0100: 325206.423: [GC 325206.423: [DefNew: 18386K->1641K(19136K), 0.0166120 secs] 138111K->121555K(260032K), 0.0173110 secs] [Times: user=0.01 sys=0.00, real=0.02 secs] 
2012-10-23T12:49:05.589+0100: 325221.572: [GC 325221.572: [DefNew: 18665K->1274K(19136K), 0.0157180 secs] 138579K->121424K(260032K), 0.0163450 secs] [Times: user=0.01 sys=0.00, real=0.01 secs] 
2012-10-23T12:49:16.065+0100: 325232.048: [GC 325232.048: [DefNew: 18298K->1243K(19136K), 0.0163460 secs] 138448K->121617K(260032K), 0.0169760 secs] [Times: user=0.01 sys=0.00, real=0.02 secs] 
2012-10-23T12:49:28.254+0100: 325244.237: [GC 325244.238: [DefNew: 18267K->1278K(19136K), 0.0155730 secs] 138641K->121877K(260032K), 0.0162040 secs] [Times: user=0.01 sys=0.00, real=0.02 secs] 
2012-10-23T12:49:39.590+0100: 325255.573: [GC 325255.573: [DefNew: 18302K->1553K(19136K), 0.0160690 secs] 138901K->122363K(260032K), 0.0167380 secs] [Times: user=0.01 sys=0.00, real=0.01 secs] 
2012-10-23T12:49:53.575+0100: 325269.558: [GC 325269.559: [DefNew: 18574K->517K(19136K), 0.0122030 secs] 139384K->121535K(260032K), 0.0126580 secs] [Times: user=0.02 sys=0.00, real=0.02 secs] 
2012-10-23T12:50:03.592+0100: 325279.575: [GC 325279.576: [DefNew: 17541K->2066K(19136K), 0.0143180 secs] 138559K->123084K(260032K), 0.0149190 secs] [Times: user=0.02 sys=0.00, real=0.02 secs] 
2012-10-23T12:50:13.596+0100: 325289.579: [GC 325289.579: [DefNew: 19090K->1683K(19136K), 0.0163220 secs] 140108K->123017K(260032K), 0.0170080 secs] [Times: user=0.01 sys=0.00, real=0.02 secs] 
2012-10-23T12:50:23.590+0100: 325299.573: [GC 325299.574: [DefNew: 18707K->1475K(19136K), 0.0163230 secs] 140041K->123049K(260032K), 0.0169680 secs] [Times: user=0.03 sys=0.00, real=0.02 secs] 
2012-10-23T12:50:33.577+0100: 325309.560: [GC 325309.560: [DefNew: 18499K->601K(19136K), 0.0137460 secs] 140073K->122401K(260032K), 0.0143610 secs] [Times: user=0.01 sys=0.00, real=0.02 secs] 
2012-10-23T12:50:47.591+0100: 325323.574: [GC 325323.574: [DefNew: 17620K->1508K(19136K), 0.0142630 secs] 139421K->123308K(260032K), 0.0148180 secs] [Times: user=0.01 sys=0.00, real=0.01 secs] 
2012-10-23T12:50:57.587+0100: 325333.570: [GC 325333.570: [DefNew: 18532K->1745K(19136K), 0.0187170 secs] 140332K->123951K(260032K), 0.0194290 secs] [Times: user=0.03 sys=0.00, real=0.02 secs] 
2012-10-23T12:51:11.573+0100: 325347.556: [GC 325347.556: [DefNew: 18769K->1021K(19136K), 0.0150940 secs] 140975K->123454K(260032K), 0.0156460 secs] [Times: user=0.02 sys=0.00, real=0.02 secs] 
2012-10-23T12:51:23.609+0100: 325359.592: [GC 325359.592: [DefNew: 18045K->528K(19136K), 0.0119840 secs] 140478K->122961K(260032K), 0.0124830 secs] [Times: user=0.01 sys=0.00, real=0.01 secs] 
2012-10-23T12:51:36.093+0100: 325372.076: [GC 325372.076: [DefNew: 17552K->1497K(19136K), 0.0229150 secs] 139985K->123930K(260032K), 0.0235550 secs] [Times: user=0.02 sys=0.00, real=0.02 secs] 
2012-10-23T12:51:50.165+0100: 325386.148: [GC 325386.148: [DefNew: 18521K->2112K(19136K), 0.0328630 secs] 140954K->125206K(260032K), 0.0336870 secs] [Times: user=0.02 sys=0.00, real=0.04 secs] 
2012-10-23T12:52:00.224+0100: 325396.207: [GC 325396.207: [DefNew: 19136K->1717K(19136K), 0.0163200 secs] 142230K->125061K(260032K), 0.0169330 secs] [Times: user=0.02 sys=0.00, real=0.02 secs] 
2012-10-23T12:52:12.061+0100: 325408.044: [GC 325408.044: [DefNew: 18741K->2111K(19136K), 0.0196590 secs] 142085K->126064K(260032K), 0.0203010 secs] [Times: user=0.01 sys=0.00, real=0.02 secs] 
2012-10-23T12:52:23.591+0100: 325419.574: [GC 325419.574: [DefNew: 19129K->1484K(19136K), 0.0165050 secs] 143082K->125650K(260032K), 0.0171720 secs] [Times: user=0.02 sys=0.00, real=0.02 secs] 
2012-10-23T12:52:39.343+0100: 325435.326: [GC 325435.330: [DefNew: 18508K->371K(19136K), 0.0258360 secs] 142674K->124808K(260032K), 0.0302420 secs] [Times: user=0.01 sys=0.00, real=0.03 secs] 
2012-10-23T12:52:49.832+0100: 325445.815: [GC 325445.816: [DefNew: 17395K->1630K(19136K), 0.0133920 secs] 141832K->126067K(260032K), 0.0139980 secs] [Times: user=0.02 sys=0.00, real=0.01 secs] 
2012-10-23T12:53:00.325+0100: 325456.309: [GC 325456.309: [DefNew: 18654K->1509K(19136K), 0.0174370 secs] 143091K->126375K(260032K), 0.0181050 secs] [Times: user=0.01 sys=0.00, real=0.02 secs] 
2012-10-23T12:53:13.579+0100: 325469.562: [GC 325469.563: [DefNew: 18533K->602K(19136K), 0.0136340 secs] 143399K->125689K(260032K), 0.0141470 secs] [Times: user=0.01 sys=0.00, real=0.01 secs] 
2012-10-23T12:53:25.526+0100: 325481.509: [GC 325481.509: [DefNew: 17626K->1768K(19136K), 0.0141370 secs] 142713K->126856K(260032K), 0.0146350 secs] [Times: user=0.01 sys=0.00, real=0.02 secs] 
2012-10-23T12:53:36.065+0100: 325492.048: [GC 325492.048: [DefNew: 18792K->1340K(19136K), 0.0167960 secs] 143880K->126793K(260032K), 0.0173790 secs] [Times: user=0.01 sys=0.00, real=0.02 secs] 
2012-10-23T12:53:46.555+0100: 325502.538: [GC 325502.538: [DefNew: 18364K->1834K(19136K), 0.0171160 secs] 143817K->127548K(260032K), 0.0177320 secs] [Times: user=0.02 sys=0.00, real=0.02 secs] 
2012-10-23T12:54:00.238+0100: 325516.222: [GC 325516.222: [DefNew: 18855K->1648K(19136K), 0.0163510 secs] 144569K->127589K(260032K), 0.0169840 secs] [Times: user=0.02 sys=0.00, real=0.01 secs] 
2012-10-23T12:54:11.778+0100: 325527.761: [GC 325527.761: [DefNew: 18672K->1310K(19136K), 0.0146800 secs] 144613K->127477K(260032K), 0.0152040 secs] [Times: user=0.01 sys=0.00, real=0.01 secs] 
2012-10-23T12:54:23.581+0100: 325539.564: [GC 325539.564: [DefNew: 18334K->1046K(19136K), 0.0146450 secs] 144501K->127424K(260032K), 0.0152140 secs] [Times: user=0.01 sys=0.00, real=0.01 secs] 
2012-10-23T12:54:36.926+0100: 325552.909: [GC 325552.909: [DefNew: 18070K->1831K(19136K), 0.0135680 secs] 144448K->128209K(260032K), 0.0141000 secs] [Times: user=0.01 sys=0.00, real=0.02 secs] 
2012-10-23T12:54:49.591+0100: 325565.574: [GC 325565.574: [DefNew: 18855K->1386K(19136K), 0.0171410 secs] 145233K->128150K(260032K), 0.0177610 secs] [Times: user=0.02 sys=0.00, real=0.02 secs] 
2012-10-23T12:55:00.057+0100: 325576.040: [GC 325576.041: [DefNew: 18410K->1654K(19136K), 0.0161700 secs] 145174K->128650K(260032K), 0.0167430 secs] [Times: user=0.01 sys=0.00, real=0.02 secs] 
2012-10-23T12:55:13.594+0100: 325589.577: [GC 325589.577: [DefNew: 18678K->868K(19136K), 0.0139600 secs] 145674K->128077K(260032K), 0.0144830 secs] [Times: user=0.02 sys=0.00, real=0.02 secs] 
2012-10-23T12:55:25.451+0100: 325601.434: [GC 325601.434: [DefNew: 17892K->1089K(19136K), 0.0129470 secs] 145101K->128298K(260032K), 0.0134700 secs] [Times: user=0.01 sys=0.00, real=0.01 secs] 
2012-10-23T12:55:37.886+0100: 325613.869: [GC 325613.869: [DefNew: 18113K->1490K(19136K), 0.0163430 secs] 145322K->128912K(260032K), 0.0169160 secs] [Times: user=0.02 sys=0.00, real=0.02 secs] 
2012-10-23T12:55:50.435+0100: 325626.418: [GC 325626.418: [DefNew: 18514K->964K(19136K), 0.0269640 secs] 145936K->128841K(260032K), 0.0276300 secs] [Times: user=0.00 sys=0.01, real=0.03 secs] 
2012-10-23T12:56:01.594+0100: 325637.578: [GC 325637.578: [DefNew: 17988K->1612K(19136K), 0.0145460 secs] 145865K->129489K(260032K), 0.0152040 secs] [Times: user=0.01 sys=0.00, real=0.02 secs] 
2012-10-23T12:56:17.773+0100: 325653.756: [GC 325653.756: [DefNew: 18636K->1602K(19136K), 0.0185600 secs] 146513K->129946K(260032K), 0.0190960 secs] [Times: user=0.02 sys=0.00, real=0.02 secs] 
2012-10-23T12:56:28.272+0100: 325664.255: [GC 325664.256: [DefNew: 18626K->1869K(19136K), 0.0153770 secs] 146970K->130298K(260032K), 0.0160540 secs] [Times: user=0.02 sys=0.00, real=0.02 secs] 
2012-10-23T12:56:40.878+0100: 325676.861: [GC 325676.862: [DefNew: 18893K->1106K(19136K), 0.0160910 secs] 147322K->129780K(260032K), 0.0166670 secs] [Times: user=0.02 sys=0.00, real=0.01 secs] 
2012-10-23T12:56:51.361+0100: 325687.344: [GC 325687.344: [DefNew: 18130K->1834K(19136K), 0.0175610 secs] 146804K->130795K(260032K), 0.0181710 secs] [Times: user=0.01 sys=0.00, real=0.02 secs] 
2012-10-23T12:57:03.925+0100: 325699.908: [GC 325699.909: [DefNew: 18858K->1552K(19136K), 0.0147930 secs] 147819K->130728K(260032K), 0.0153270 secs] [Times: user=0.02 sys=0.00, real=0.02 secs] 
2012-10-23T12:57:16.526+0100: 325712.509: [GC 325712.509: [DefNew: 18576K->1867K(19136K), 0.0176020 secs] 147752K->131213K(260032K), 0.0183180 secs] [Times: user=0.02 sys=0.00, real=0.02 secs] 
2012-10-23T12:57:29.163+0100: 325725.146: [GC 325725.147: [DefNew: 18891K->505K(19136K), 0.0151630 secs] 148237K->130121K(260032K), 0.0157180 secs] [Times: user=0.01 sys=0.00, real=0.02 secs] 
2012-10-23T12:57:41.254+0100: 325737.237: [GC 325737.237: [DefNew: 17529K->2011K(19136K), 0.0154960 secs] 147145K->131626K(260032K), 0.0165180 secs] [Times: user=0.02 sys=0.00, real=0.02 secs] 
2012-10-23T12:57:54.763+0100: 325750.746: [GC 325750.746: [DefNew: 19009K->663K(19136K), 0.0177500 secs] 148624K->130798K(260032K), 0.0183330 secs] [Times: user=0.02 sys=0.00, real=0.02 secs] 
2012-10-23T12:58:04.825+0100: 325760.808: [GC 325760.809: [DefNew: 17687K->1821K(19136K), 0.0143670 secs] 147822K->131955K(260032K), 0.0150130 secs] [Times: user=0.02 sys=0.00, real=0.02 secs] 
2012-10-23T12:58:17.598+0100: 325773.581: [GC 325773.581: [DefNew: 18841K->1298K(19136K), 0.0181380 secs] 148976K->131844K(260032K), 0.0187300 secs] [Times: user=0.02 sys=0.00, real=0.01 secs] 
2012-10-23T12:58:27.949+0100: 325783.932: [GC 325783.932: [DefNew: 18322K->1996K(19136K), 0.0176290 secs] 148868K->132774K(260032K), 0.0182530 secs] [Times: user=0.01 sys=0.00, real=0.01 secs] 
2012-10-23T12:58:43.587+0100: 325799.570: [GC 325799.570: [DefNew: 19018K->990K(19136K), 0.0130110 secs] 149796K->132040K(260032K), 0.0135070 secs] [Times: user=0.02 sys=0.00, real=0.02 secs] 
2012-10-23T12:58:55.242+0100: 325811.225: [GC 325811.225: [DefNew: 18014K->1521K(19136K), 0.0130720 secs] 149064K->132570K(260032K), 0.0137380 secs] [Times: user=0.01 sys=0.00, real=0.01 secs] 
2012-10-23T12:59:06.128+0100: 325822.111: [GC 325822.112: [DefNew: 18545K->1736K(19136K), 0.0148260 secs] 149594K->133010K(260032K), 0.0153310 secs] [Times: user=0.01 sys=0.00, real=0.01 secs] 
2012-10-23T12:59:20.473+0100: 325836.456: [GC 325836.456: [DefNew: 18760K->1725K(19136K), 0.0166070 secs] 150034K->133181K(260032K), 0.0171460 secs] [Times: user=0.02 sys=0.00, real=0.02 secs] 
2012-10-23T12:59:30.966+0100: 325846.949: [GC 325846.950: [DefNew: 18749K->1682K(19136K), 0.0154100 secs] 150205K->133363K(260032K), 0.0158920 secs] [Times: user=0.01 sys=0.00, real=0.02 secs] 
2012-10-23T12:59:45.651+0100: 325861.634: [GC 325861.635: [DefNew: 18706K->989K(19136K), 0.0155740 secs] 150387K->132900K(260032K), 0.0162230 secs] [Times: user=0.02 sys=0.00, real=0.02 secs] 
2012-10-23T12:59:56.141+0100: 325872.124: [GC 325872.125: [DefNew: 18013K->1373K(19136K), 0.0142410 secs] 149924K->133283K(260032K), 0.0147840 secs] [Times: user=0.01 sys=0.00, real=0.01 secs] 
2012-10-23T13:00:08.739+0100: 325884.722: [GC 325884.723: [DefNew: 18397K->1837K(19136K), 0.0192740 secs] 150307K->134191K(260032K), 0.0201280 secs] [Times: user=0.03 sys=0.00, real=0.02 secs] 
2012-10-23T13:00:21.338+0100: 325897.321: [GC 325897.322: [DefNew: 18861K->1769K(19136K), 0.0169410 secs] 151215K->134359K(260032K), 0.0175030 secs] [Times: user=0.01 sys=0.01, real=0.01 secs] 
2012-10-23T13:00:21.375+0100: 325897.358: [GC [1 CMS-initial-mark: 132590K(240896K)] 134619K(260032K), 0.0155250 secs] [Times: user=0.01 sys=0.00, real=0.02 secs] 
2012-10-23T13:00:21.393+0100: 325897.376: [CMS-concurrent-mark-start]
2012-10-23T13:00:21.553+0100: 325897.536: [CMS-concurrent-mark: 0.160/0.160 secs] [Times: user=0.15 sys=0.00, real=0.16 secs] 
2012-10-23T13:00:21.553+0100: 325897.536: [CMS-concurrent-preclean-start]
2012-10-23T13:00:21.558+0100: 325897.541: [CMS-concurrent-preclean: 0.005/0.005 secs] [Times: user=0.00 sys=0.00, real=0.01 secs] 
2012-10-23T13:00:21.559+0100: 325897.542: [GC[YG occupancy: 2819 K (19136 K)]325897.542: [Rescan (non-parallel) 325897.542: [grey object rescan, 0.0014870 secs]325897.544: [root rescan, 0.0127380 secs], 0.0142990 secs]325897.557: [weak refs processing, 0.1040180 secs] [1 CMS-remark: 132590K(240896K)] 135409K(260032K), 0.1216680 secs] [Times: user=0.13 sys=0.00, real=0.12 secs] 
2012-10-23T13:00:21.688+0100: 325897.671: [CMS-concurrent-sweep-start]
2012-10-23T13:00:22.020+0100: 325898.003: [CMS-concurrent-sweep: 0.333/0.333 secs] [Times: user=0.34 sys=0.00, real=0.33 secs] 
2012-10-23T13:00:22.021+0100: 325898.004: [CMS-concurrent-reset-start]
2012-10-23T13:00:22.024+0100: 325898.007: [CMS-concurrent-reset: 0.003/0.003 secs] [Times: user=0.00 sys=0.00, real=0.00 secs] 
2012-10-23T13:00:29.606+0100: 325905.589: [GC 325905.589: [DefNew: 18793K->2112K(19136K), 0.0416860 secs] 60814K->44403K(260032K), 0.0423500 secs] [Times: user=0.04 sys=0.00, real=0.05 secs] 
2012-10-23T13:00:41.154+0100: 325917.137: [GC 325917.138: [DefNew: 19136K->1491K(19136K), 0.0306400 secs] 61427K->45130K(260032K), 0.0313610 secs] [Times: user=0.03 sys=0.00, real=0.03 secs] 
2012-10-23T13:00:51.583+0100: 325927.566: [GC 325927.567: [DefNew: 18515K->1120K(19136K), 0.0141610 secs] 62154K->44991K(260032K), 0.0147440 secs] [Times: user=0.02 sys=0.00, real=0.02 secs] 
2012-10-23T13:01:03.601+0100: 325939.584: [GC 325939.584: [DefNew: 18141K->1830K(19136K), 0.0154200 secs] 62012K->45934K(260032K), 0.0160670 secs] [Times: user=0.01 sys=0.01, real=0.01 secs] 
2012-10-23T13:01:19.602+0100: 325955.585: [GC 325955.586: [DefNew: 18854K->1293K(19136K), 0.0134610 secs] 62958K->45578K(260032K), 0.0139600 secs] [Times: user=0.01 sys=0.00, real=0.01 secs] 
2012-10-23T13:01:33.594+0100: 325969.577: [GC 325969.578: [DefNew: 18317K->810K(19136K), 0.0113930 secs] 62602K->45233K(260032K), 0.0118590 secs] [Times: user=0.01 sys=0.00, real=0.01 secs] 
2012-10-23T13:01:47.473+0100: 325983.456: [GC 325983.456: [DefNew: 17834K->1937K(19136K), 0.0143510 secs] 62257K->46360K(260032K), 0.0149270 secs] [Times: user=0.01 sys=0.00, real=0.02 secs] 
2012-10-23T13:01:59.581+0100: 325995.564: [GC 325995.564: [DefNew: 18933K->373K(19136K), 0.0125350 secs] 63356K->45195K(260032K), 0.0129710 secs] [Times: user=0.01 sys=0.00, real=0.01 secs] 
2012-10-23T13:02:10.268+0100: 326006.251: [GC 326006.251: [DefNew: 17397K->1223K(19136K), 0.0173980 secs] 62219K->46044K(260032K), 0.0179840 secs] [Times: user=0.01 sys=0.00, real=0.01 secs] 
2012-10-23T13:02:21.476+0100: 326017.459: [GC 326017.459: [DefNew: 18247K->1809K(19136K), 0.0167560 secs] 63068K->46884K(260032K), 0.0174390 secs] [Times: user=0.02 sys=0.00, real=0.02 secs] 
2012-10-23T13:02:31.609+0100: 326027.592: [GC 326027.592: [DefNew: 18830K->1335K(19136K), 0.0167320 secs] 63905K->46872K(260032K), 0.0173790 secs] [Times: user=0.02 sys=0.00, real=0.01 secs] 
2012-10-23T13:02:43.592+0100: 326039.575: [GC 326039.576: [DefNew: 18359K->1095K(19136K), 0.0147060 secs] 63896K->46864K(260032K), 0.0154010 secs] [Times: user=0.02 sys=0.00, real=0.02 secs] 
2012-10-23T13:02:53.628+0100: 326049.611: [GC 326049.612: [DefNew: 18119K->1706K(19136K), 0.0159170 secs] 63888K->47706K(260032K), 0.0166080 secs] [Times: user=0.01 sys=0.00, real=0.01 secs] 
2012-10-23T13:03:09.598+0100: 326065.581: [GC 326065.582: [DefNew: 18701K->369K(19136K), 0.0121400 secs] 64701K->46595K(260032K), 0.0127040 secs] [Times: user=0.01 sys=0.00, real=0.01 secs] 
2012-10-23T13:03:24.051+0100: 326080.034: [GC 326080.034: [DefNew: 17393K->1113K(19136K), 0.0127460 secs] 63619K->47338K(260032K), 0.0132480 secs] [Times: user=0.01 sys=0.00, real=0.01 secs] 
2012-10-23T13:03:34.622+0100: 326090.605: [GC 326090.605: [DefNew: 18137K->1803K(19136K), 0.0151530 secs] 64362K->48214K(260032K), 0.0157330 secs] [Times: user=0.02 sys=0.00, real=0.02 secs] 
2012-10-23T13:03:49.247+0100: 326105.230: [GC 326105.231: [DefNew: 18827K->409K(19136K), 0.0232180 secs] 65238K->47224K(260032K), 0.0237520 secs] [Times: user=0.01 sys=0.00, real=0.03 secs] 
2012-10-23T13:04:01.585+0100: 326117.568: [GC 326117.568: [DefNew: 17433K->1260K(19136K), 0.0120050 secs] 64248K->48075K(260032K), 0.0124850 secs] [Times: user=0.01 sys=0.00, real=0.02 secs] 
2012-10-23T13:04:12.336+0100: 326128.319: [GC 326128.320: [DefNew: 18284K->1405K(19136K), 0.0154650 secs] 65099K->48459K(260032K), 0.0160350 secs] [Times: user=0.02 sys=0.00, real=0.02 secs] 
2012-10-23T13:04:25.448+0100: 326141.431: [GC 326141.431: [DefNew: 18429K->1708K(19136K), 0.0165810 secs] 65483K->49160K(260032K), 0.0172270 secs] [Times: user=0.01 sys=0.00, real=0.01 secs] 
2012-10-23T13:04:33.901+0100: 326149.885: [GC 326149.885: [DefNew: 18732K->1590K(19136K), 0.0146210 secs] 66184K->49263K(260032K), 0.0152010 secs] [Times: user=0.01 sys=0.00, real=0.01 secs] 
2012-10-23T13:04:43.873+0100: 326159.856: [GC 326159.857: [DefNew: 18614K->1694K(19136K), 0.0155010 secs] 66287K->49547K(260032K), 0.0161120 secs] [Times: user=0.01 sys=0.00, real=0.02 secs] 
2012-10-23T13:04:56.451+0100: 326172.434: [GC 326172.434: [DefNew: 18718K->1290K(19136K), 0.0161510 secs] 66571K->49359K(260032K), 0.0168210 secs] [Times: user=0.02 sys=0.00, real=0.02 secs] 
2012-10-23T13:05:09.074+0100: 326185.057: [GC 326185.057: [DefNew: 18314K->469K(19136K), 0.0139640 secs] 66383K->48759K(260032K), 0.0145110 secs] [Times: user=0.02 sys=0.00, real=0.02 secs] 
2012-10-23T13:05:21.680+0100: 326197.663: [GC 326197.664: [DefNew: 17493K->1420K(19136K), 0.0136580 secs] 65783K->49710K(260032K), 0.0152710 secs] [Times: user=0.01 sys=0.01, real=0.01 secs] 
2012-10-23T13:05:32.146+0100: 326208.129: [GC 326208.129: [DefNew: 18444K->2112K(19136K), 0.0181460 secs] 66734K->50968K(260032K), 0.0187950 secs] [Times: user=0.01 sys=0.00, real=0.02 secs] 
2012-10-23T13:05:44.772+0100: 326220.755: [GC 326220.755: [DefNew: 19136K->1108K(19136K), 0.0156690 secs] 67992K->50175K(260032K), 0.0164560 secs] [Times: user=0.02 sys=0.00, real=0.02 secs] 
2012-10-23T13:05:59.608+0100: 326235.591: [GC 326235.591: [DefNew: 18121K->795K(19136K), 0.0137050 secs] 67188K->50160K(260032K), 0.0142700 secs] [Times: user=0.02 sys=0.00, real=0.01 secs] 
2012-10-23T13:06:11.327+0100: 326247.310: [GC 326247.310: [DefNew: 17819K->1712K(19136K), 0.0190420 secs] 67184K->51077K(260032K), 0.0197610 secs] [Times: user=0.02 sys=0.00, real=0.02 secs] 
2012-10-23T13:06:23.607+0100: 326259.590: [GC 326259.590: [DefNew: 18736K->1433K(19136K), 0.0152010 secs] 68101K->51189K(260032K), 0.0158450 secs] [Times: user=0.02 sys=0.00, real=0.02 secs] 
2012-10-23T13:06:33.599+0100: 326269.582: [GC 326269.583: [DefNew: 18457K->806K(19136K), 0.0129060 secs] 68213K->50744K(260032K), 0.0134770 secs] [Times: user=0.02 sys=0.00, real=0.01 secs] 
2012-10-23T13:06:43.594+0100: 326279.577: [GC 326279.578: [DefNew: 17830K->1151K(19136K), 0.0130830 secs] 67768K->51089K(260032K), 0.0136230 secs] [Times: user=0.02 sys=0.00, real=0.02 secs] 
2012-10-23T13:06:53.612+0100: 326289.595: [GC 326289.595: [DefNew: 18175K->1753K(19136K), 0.0159700 secs] 68113K->51916K(260032K), 0.0166200 secs] [Times: user=0.02 sys=0.00, real=0.02 secs] 
2012-10-23T13:07:05.292+0100: 326301.275: [GC 326301.275: [DefNew: 18777K->1041K(19136K), 0.0162770 secs] 68939K->51607K(260032K), 0.0169000 secs] [Times: user=0.02 sys=0.00, real=0.02 secs] 
2012-10-23T13:07:17.589+0100: 326313.572: [GC 326313.573: [DefNew: 18065K->1793K(19136K), 0.0144460 secs] 68631K->52360K(260032K), 0.0151000 secs] [Times: user=0.01 sys=0.00, real=0.01 secs] 
2012-10-23T13:07:33.595+0100: 326329.578: [GC 326329.578: [DefNew: 18810K->1071K(19136K), 0.0108430 secs] 69376K->52089K(260032K), 0.0113240 secs] [Times: user=0.01 sys=0.00, real=0.01 secs] 
2012-10-23T13:07:45.270+0100: 326341.253: [GC 326341.253: [DefNew: 18095K->1141K(19136K), 0.0113900 secs] 69113K->52304K(260032K), 0.0119060 secs] [Times: user=0.01 sys=0.00, real=0.01 secs] 
2012-10-23T13:07:57.069+0100: 326353.052: [GC 326353.053: [DefNew: 18165K->1232K(19136K), 0.0148620 secs] 69328K->52669K(260032K), 0.0154560 secs] [Times: user=0.02 sys=0.00, real=0.01 secs] 
2012-10-23T13:08:11.212+0100: 326367.195: [GC 326367.195: [DefNew: 18256K->1663K(19136K), 0.0141230 secs] 69693K->53317K(260032K), 0.0146750 secs] [Times: user=0.01 sys=0.00, real=0.01 secs] 
2012-10-23T13:08:22.243+0100: 326378.226: [GC 326378.226: [DefNew: 18687K->1708K(19136K), 0.0155850 secs] 70341K->53559K(260032K), 0.0161800 secs] [Times: user=0.02 sys=0.00, real=0.02 secs] 
2012-10-23T13:08:35.360+0100: 326391.344: [GC 326391.344: [DefNew: 18732K->1091K(19136K), 0.0142980 secs] 70583K->53181K(260032K), 0.0149830 secs] [Times: user=0.01 sys=0.00, real=0.01 secs] 
2012-10-23T13:08:44.294+0100: 326400.277: [GC 326400.277: [DefNew: 18097K->979K(19136K), 0.0143860 secs] 70186K->53328K(260032K), 0.0150000 secs] [Times: user=0.01 sys=0.00, real=0.02 secs] 
2012-10-23T13:08:55.591+0100: 326411.574: [GC 326411.574: [DefNew: 18003K->1890K(19136K), 0.0148890 secs] 70352K->54239K(260032K), 0.0154700 secs] [Times: user=0.01 sys=0.00, real=0.01 secs] 
2012-10-23T13:09:06.266+0100: 326422.249: [GC 326422.249: [DefNew: 18914K->1649K(19136K), 0.0165000 secs] 71263K->54360K(260032K), 0.0171230 secs] [Times: user=0.01 sys=0.00, real=0.02 secs] 
2012-10-23T13:09:15.611+0100: 326431.594: [GC 326431.594: [DefNew: 18673K->2112K(19136K), 0.0182080 secs] 71384K->55369K(260032K), 0.0189090 secs] [Times: user=0.01 sys=0.00, real=0.02 secs] 
2012-10-23T13:09:25.378+0100: 326441.361: [GC 326441.361: [DefNew: 19136K->1579K(19136K), 0.0154570 secs] 72393K->55053K(260032K), 0.0161380 secs] [Times: user=0.01 sys=0.01, real=0.01 secs] 
2012-10-23T13:09:35.755+0100: 326451.738: [GC 326451.739: [DefNew: 18603K->1743K(19136K), 0.0158190 secs] 72077K->55442K(260032K), 0.0164970 secs] [Times: user=0.01 sys=0.00, real=0.02 secs] 
2012-10-23T13:09:47.607+0100: 326463.590: [GC 326463.590: [DefNew: 18752K->1198K(19136K), 0.0150880 secs] 72452K->55102K(260032K), 0.0157180 secs] [Times: user=0.02 sys=0.00, real=0.02 secs] 
2012-10-23T13:10:03.588+0100: 326479.571: [GC 326479.572: [DefNew: 18222K->222K(19136K), 0.0117070 secs] 72126K->54379K(260032K), 0.0122140 secs] [Times: user=0.01 sys=0.00, real=0.01 secs] 
2012-10-23T13:10:13.612+0100: 326489.595: [GC 326489.595: [DefNew: 17246K->1739K(19136K), 0.0144170 secs] 71403K->55897K(260032K), 0.0150480 secs] [Times: user=0.01 sys=0.00, real=0.01 secs] 
2012-10-23T13:10:25.612+0100: 326501.595: [GC 326501.595: [DefNew: 18763K->1744K(19136K), 0.0167980 secs] 72920K->56262K(260032K), 0.0174690 secs] [Times: user=0.02 sys=0.00, real=0.02 secs] 
2012-10-23T13:10:38.726+0100: 326514.709: [GC 326514.710: [DefNew: 18768K->1227K(19136K), 0.0150770 secs] 73286K->55976K(260032K), 0.0158340 secs] [Times: user=0.01 sys=0.00, real=0.02 secs] 
2012-10-23T13:10:47.582+0100: 326523.565: [GC 326523.566: [DefNew: 18251K->2112K(19136K), 0.0161930 secs] 73000K->57275K(260032K), 0.0168080 secs] [Times: user=0.02 sys=0.00, real=0.02 secs] 
2012-10-23T13:10:59.749+0100: 326535.732: [GC 326535.733: [DefNew: 19136K->902K(19136K), 0.0136600 secs] 74299K->56281K(260032K), 0.0142330 secs] [Times: user=0.02 sys=0.00, real=0.01 secs] 
2012-10-23T13:11:12.346+0100: 326548.330: [GC 326548.330: [DefNew: 17926K->1497K(19136K), 0.0138940 secs] 73305K->56876K(260032K), 0.0144730 secs] [Times: user=0.01 sys=0.00, real=0.02 secs] 
2012-10-23T13:11:24.960+0100: 326560.943: [GC 326560.943: [DefNew: 18521K->1616K(19136K), 0.0171680 secs] 73900K->57373K(260032K), 0.0178820 secs] [Times: user=0.01 sys=0.01, real=0.02 secs] 
2012-10-23T13:11:35.614+0100: 326571.597: [GC 326571.597: [DefNew: 18640K->1839K(19136K), 0.0159430 secs] 74397K->57801K(260032K), 0.0165710 secs] [Times: user=0.01 sys=0.00, real=0.02 secs] 
2012-10-23T13:11:48.077+0100: 326584.060: [GC 326584.060: [DefNew: 18863K->488K(19136K), 0.0132930 secs] 74825K->56708K(260032K), 0.0138110 secs] [Times: user=0.02 sys=0.00, real=0.02 secs] 
2012-10-23T13:12:03.596+0100: 326599.579: [GC 326599.579: [DefNew: 17512K->778K(19136K), 0.0120870 secs] 73732K->56999K(260032K), 0.0126410 secs] [Times: user=0.02 sys=0.00, real=0.02 secs] 
2012-10-23T13:12:17.451+0100: 326613.434: [GC 326613.435: [DefNew: 17802K->2112K(19136K), 0.0155940 secs] 74023K->58487K(260032K), 0.0161720 secs] [Times: user=0.01 sys=0.00, real=0.02 secs] 
2012-10-23T13:12:30.064+0100: 326626.048: [GC 326626.048: [DefNew: 19136K->1065K(19136K), 0.0172200 secs] 75511K->58038K(260032K), 0.0177770 secs] [Times: user=0.02 sys=0.00, real=0.02 secs] 
2012-10-23T13:12:40.558+0100: 326636.541: [GC 326636.542: [DefNew: 18089K->1651K(19136K), 0.0151910 secs] 75062K->58884K(260032K), 0.0157500 secs] [Times: user=0.01 sys=0.00, real=0.01 secs] 
2012-10-23T13:12:49.616+0100: 326645.599: [GC 326645.599: [DefNew: 18675K->1546K(19136K), 0.0149120 secs] 75908K->59005K(260032K), 0.0155440 secs] [Times: user=0.02 sys=0.00, real=0.02 secs] 
2012-10-23T13:13:01.562+0100: 326657.545: [GC 326657.545: [DefNew: 18570K->1747K(19136K), 0.0149270 secs] 76029K->59412K(260032K), 0.0155490 secs] [Times: user=0.01 sys=0.00, real=0.02 secs] 
2012-10-23T13:13:13.608+0100: 326669.591: [GC 326669.592: [DefNew: 18771K->1485K(19136K), 0.0153810 secs] 76436K->59359K(260032K), 0.0160010 secs] [Times: user=0.02 sys=0.00, real=0.01 secs] 
2012-10-23T13:13:23.609+0100: 326679.592: [GC 326679.593: [DefNew: 18509K->1392K(19136K), 0.0155800 secs] 76383K->59522K(260032K), 0.0162760 secs] [Times: user=0.02 sys=0.00, real=0.01 secs] 
2012-10-23T13:13:33.621+0100: 326689.604: [GC 326689.604: [DefNew: 18398K->1586K(19136K), 0.0159340 secs] 76528K->59949K(260032K), 0.0166210 secs] [Times: user=0.02 sys=0.00, real=0.02 secs] 
2012-10-23T13:13:50.457+0100: 326706.440: [GC 326706.440: [DefNew: 18588K->470K(19136K), 0.0133670 secs] 76951K->59076K(260032K), 0.0141570 secs] [Times: user=0.01 sys=0.00, real=0.02 secs] 
2012-10-23T13:14:06.659+0100: 326722.643: [GC 326722.643: [DefNew: 17494K->1361K(19136K), 0.0127600 secs] 76100K->59968K(260032K), 0.0132790 secs] [Times: user=0.02 sys=0.00, real=0.01 secs] 
2012-10-23T13:14:19.595+0100: 326735.578: [GC 326735.578: [DefNew: 18385K->321K(19136K), 0.0127850 secs] 76992K->59334K(260032K), 0.0132420 secs] [Times: user=0.02 sys=0.00, real=0.02 secs] 
2012-10-23T13:14:31.849+0100: 326747.833: [GC 326747.833: [DefNew: 17345K->1380K(19136K), 0.0125980 secs] 76358K->60393K(260032K), 0.0130890 secs] [Times: user=0.01 sys=0.00, real=0.01 secs] 
2012-10-23T13:14:43.617+0100: 326759.600: [GC 326759.601: [DefNew: 18404K->1234K(19136K), 0.0155360 secs] 77417K->60673K(260032K), 0.0162080 secs] [Times: user=0.01 sys=0.00, real=0.01 secs] 
2012-10-23T13:14:51.615+0100: 326767.598: [GC 326767.598: [DefNew: 18258K->2111K(19136K), 0.0169310 secs] 77697K->62153K(260032K), 0.0175670 secs] [Times: user=0.02 sys=0.00, real=0.02 secs] 
2012-10-23T13:15:03.615+0100: 326779.598: [GC 326779.599: [DefNew: 19121K->1814K(19136K), 0.0148690 secs] 79162K->62031K(260032K), 0.0154780 secs] [Times: user=0.01 sys=0.01, real=0.02 secs] 
2012-10-23T13:15:16.442+0100: 326792.425: [GC 326792.425: [DefNew: 18838K->1743K(19136K), 0.0156250 secs] 79055K->62179K(260032K), 0.0163230 secs] [Times: user=0.01 sys=0.01, real=0.02 secs] 
2012-10-23T13:15:25.620+0100: 326801.603: [GC 326801.604: [DefNew: 18767K->1483K(19136K), 0.0150770 secs] 79203K->62150K(260032K), 0.0157200 secs] [Times: user=0.01 sys=0.00, real=0.01 secs] 
2012-10-23T13:15:37.598+0100: 326813.581: [GC 326813.581: [DefNew: 18507K->1819K(19136K), 0.0152770 secs] 79174K->62704K(260032K), 0.0159000 secs] [Times: user=0.02 sys=0.00, real=0.01 secs] 
2012-10-23T13:15:50.294+0100: 326826.277: [GC 326826.277: [DefNew: 18843K->750K(19136K), 0.0125960 secs] 79728K->61860K(260032K), 0.0131320 secs] [Times: user=0.01 sys=0.00, real=0.01 secs] 
2012-10-23T13:16:04.275+0100: 326840.258: [GC 326840.258: [DefNew: 17774K->1308K(19136K), 0.0142520 secs] 78884K->62419K(260032K), 0.0151890 secs] [Times: user=0.01 sys=0.00, real=0.02 secs] 
2012-10-23T13:16:16.265+0100: 326852.248: [GC 326852.248: [DefNew: 18332K->1213K(19136K), 0.0215950 secs] 79443K->62783K(260032K), 0.0253680 secs] [Times: user=0.02 sys=0.00, real=0.03 secs] 
2012-10-23T13:16:29.619+0100: 326865.602: [GC 326865.603: [DefNew: 18237K->1406K(19136K), 0.0143740 secs] 79807K->63216K(260032K), 0.0149500 secs] [Times: user=0.02 sys=0.00, real=0.01 secs] 
2012-10-23T13:16:41.614+0100: 326877.597: [GC 326877.598: [DefNew: 18430K->1038K(19136K), 0.0133400 secs] 80240K->63043K(260032K), 0.0138940 secs] [Times: user=0.02 sys=0.00, real=0.02 secs] 
2012-10-23T13:16:51.616+0100: 326887.599: [GC 326887.599: [DefNew: 18062K->1407K(19136K), 0.0140100 secs] 80067K->63412K(260032K), 0.0146630 secs] [Times: user=0.03 sys=0.00, real=0.02 secs] 
2012-10-23T13:17:01.626+0100: 326897.609: [GC 326897.610: [DefNew: 18416K->1492K(19136K), 0.0173510 secs] 80421K->63960K(260032K), 0.0179820 secs] [Times: user=0.02 sys=0.00, real=0.02 secs] 
2012-10-23T13:17:15.405+0100: 326911.388: [GC 326911.388: [DefNew: 18516K->921K(19136K), 0.0177250 secs] 80984K->63621K(260032K), 0.0183750 secs] [Times: user=0.02 sys=0.00, real=0.02 secs] 
2012-10-23T13:17:25.618+0100: 326921.601: [GC 326921.602: [DefNew: 17945K->1987K(19136K), 0.0155260 secs] 80645K->64687K(260032K), 0.0163350 secs] [Times: user=0.01 sys=0.00, real=0.01 secs] 
2012-10-23T13:17:34.558+0100: 326930.541: [GC 326930.542: [DefNew: 19011K->1558K(19136K), 0.0171570 secs] 81711K->64714K(260032K), 0.0178140 secs] [Times: user=0.02 sys=0.00, real=0.01 secs] 
2012-10-23T13:17:49.628+0100: 326945.611: [GC 326945.612: [DefNew: 18582K->1802K(19136K), 0.0151230 secs] 81738K->65171K(260032K), 0.0157560 secs] [Times: user=0.01 sys=0.00, real=0.01 secs] 
2012-10-23T13:18:03.600+0100: 326959.583: [GC 326959.583: [DefNew: 18826K->419K(19136K), 0.0116750 secs] 82195K->63951K(260032K), 0.0121810 secs] [Times: user=0.01 sys=0.00, real=0.01 secs] 
2012-10-23T13:18:15.538+0100: 326971.521: [GC 326971.522: [DefNew: 17443K->1406K(19136K), 0.0140600 secs] 80975K->64938K(260032K), 0.0147160 secs] [Times: user=0.01 sys=0.00, real=0.01 secs] 
2012-10-23T13:18:24.967+0100: 326980.950: [GC 326980.950: [DefNew: 18430K->2111K(19136K), 0.0203950 secs] 81962K->66613K(260032K), 0.0211230 secs] [Times: user=0.03 sys=0.00, real=0.03 secs] 
2012-10-23T13:18:39.613+0100: 326995.596: [GC 326995.597: [DefNew: 19135K->1213K(19136K), 0.0149270 secs] 83637K->65991K(260032K), 0.0155650 secs] [Times: user=0.02 sys=0.00, real=0.02 secs] 
2012-10-23T13:18:49.626+0100: 327005.609: [GC 327005.609: [DefNew: 18237K->1596K(19136K), 0.0149320 secs] 83015K->66594K(260032K), 0.0155970 secs] [Times: user=0.01 sys=0.00, real=0.02 secs] 
2012-10-23T13:18:58.574+0100: 327014.557: [GC 327014.558: [DefNew: 18620K->2112K(19136K), 0.0175300 secs] 83618K->67609K(260032K), 0.0181800 secs] [Times: user=0.02 sys=0.00, real=0.02 secs] 
2012-10-23T13:19:09.610+0100: 327025.593: [GC 327025.593: [DefNew: 19136K->837K(19136K), 0.0143690 secs] 84633K->66563K(260032K), 0.0149470 secs] [Times: user=0.02 sys=0.00, real=0.01 secs] 
2012-10-23T13:19:21.649+0100: 327037.632: [GC 327037.632: [DefNew: 17861K->1448K(19136K), 0.0147810 secs] 83587K->67174K(260032K), 0.0153470 secs] [Times: user=0.01 sys=0.00, real=0.01 secs] 
2012-10-23T13:19:31.625+0100: 327047.608: [GC 327047.608: [DefNew: 18472K->1855K(19136K), 0.0176660 secs] 84198K->68050K(260032K), 0.0183690 secs] [Times: user=0.01 sys=0.00, real=0.02 secs] 
2012-10-23T13:19:43.607+0100: 327059.590: [GC 327059.590: [DefNew: 18875K->526K(19136K), 0.0140390 secs] 85070K->66935K(260032K), 0.0148080 secs] [Times: user=0.01 sys=0.01, real=0.02 secs] 
2012-10-23T13:19:53.167+0100: 327069.151: [GC 327069.151: [DefNew: 17550K->864K(19136K), 0.0133990 secs] 83959K->67274K(260032K), 0.0139890 secs] [Times: user=0.01 sys=0.00, real=0.01 secs] 
2012-10-23T13:20:07.858+0100: 327083.841: [GC 327083.842: [DefNew: 17888K->2112K(19136K), 0.0170360 secs] 84298K->68722K(260032K), 0.0208740 secs] [Times: user=0.01 sys=0.00, real=0.02 secs] 
2012-10-23T13:20:20.479+0100: 327096.463: [GC 327096.463: [DefNew: 19136K->1128K(19136K), 0.0198730 secs] 85746K->68564K(260032K), 0.0205320 secs] [Times: user=0.03 sys=0.00, real=0.02 secs] 
2012-10-23T13:20:33.607+0100: 327109.590: [GC 327109.590: [DefNew: 18152K->592K(19136K), 0.0139050 secs] 85588K->68334K(260032K), 0.0144280 secs] [Times: user=0.01 sys=0.00, real=0.02 secs] 
2012-10-23T13:20:45.661+0100: 327121.644: [GC 327121.644: [DefNew: 17616K->1443K(19136K), 0.0142000 secs] 85358K->69185K(260032K), 0.0147620 secs] [Times: user=0.01 sys=0.00, real=0.01 secs] 
2012-10-23T13:20:58.264+0100: 327134.247: [GC 327134.247: [DefNew: 18467K->1850K(19136K), 0.0161260 secs] 86209K->69982K(260032K), 0.0166620 secs] [Times: user=0.02 sys=0.00, real=0.02 secs] 
2012-10-23T13:21:08.773+0100: 327144.756: [GC 327144.757: [DefNew: 18874K->1363K(19136K), 0.0146050 secs] 87006K->69691K(260032K), 0.0152770 secs] [Times: user=0.01 sys=0.00, real=0.02 secs] 
2012-10-23T13:21:20.726+0100: 327156.709: [GC 327156.709: [DefNew: 18384K->782K(19136K), 0.0132140 secs] 86712K->69352K(260032K), 0.0137160 secs] [Times: user=0.02 sys=0.00, real=0.02 secs] 
2012-10-23T13:21:33.609+0100: 327169.592: [GC 327169.593: [DefNew: 17793K->744K(19136K), 0.0128920 secs] 86363K->69314K(260032K), 0.0133610 secs] [Times: user=0.01 sys=0.00, real=0.01 secs] 
2012-10-23T13:21:43.620+0100: 327179.603: [GC 327179.603: [DefNew: 17768K->1499K(19136K), 0.0146440 secs] 86338K->70069K(260032K), 0.0151920 secs] [Times: user=0.01 sys=0.00, real=0.01 secs] 
2012-10-23T13:21:53.611+0100: 327189.595: [GC 327189.595: [DefNew: 18523K->1779K(19136K), 0.0186660 secs] 87093K->70855K(260032K), 0.0193270 secs] [Times: user=0.01 sys=0.00, real=0.02 secs] 
2012-10-23T13:22:07.527+0100: 327203.510: [GC 327203.510: [DefNew: 18803K->1741K(19136K), 0.0167900 secs] 87879K->71406K(260032K), 0.0174500 secs] [Times: user=0.03 sys=0.00, real=0.02 secs] 
2012-10-23T13:22:19.620+0100: 327215.603: [GC 327215.604: [DefNew: 18765K->1360K(19136K), 0.0149970 secs] 88430K->71250K(260032K), 0.0155910 secs] [Times: user=0.01 sys=0.00, real=0.01 secs] 
2012-10-23T13:22:30.633+0100: 327226.616: [GC 327226.616: [DefNew: 18384K->1109K(19136K), 0.0142940 secs] 88274K->71229K(260032K), 0.0148840 secs] [Times: user=0.02 sys=0.00, real=0.02 secs] 
2012-10-23T13:22:41.678+0100: 327237.661: [GC 327237.662: [DefNew: 18133K->1899K(19136K), 0.0166170 secs] 88253K->72250K(260032K), 0.0174170 secs] [Times: user=0.02 sys=0.00, real=0.01 secs] 
2012-10-23T13:22:53.633+0100: 327249.616: [GC 327249.617: [DefNew: 18920K->2085K(19136K), 0.0161530 secs] 89271K->72703K(260032K), 0.0167760 secs] [Times: user=0.02 sys=0.00, real=0.02 secs] 
2012-10-23T13:23:03.619+0100: 327259.602: [GC 327259.602: [DefNew: 19109K->1310K(19136K), 0.0144450 secs] 89727K->72172K(260032K), 0.0151140 secs] [Times: user=0.02 sys=0.00, real=0.01 secs] 
2012-10-23T13:23:13.605+0100: 327269.588: [GC 327269.589: [DefNew: 18332K->764K(19136K), 0.0139770 secs] 89194K->71863K(260032K), 0.0146210 secs] [Times: user=0.01 sys=0.00, real=0.02 secs] 
2012-10-23T13:23:27.331+0100: 327283.314: [GC 327283.314: [DefNew: 17788K->1472K(19136K), 0.0139390 secs] 88887K->72571K(260032K), 0.0145940 secs] [Times: user=0.01 sys=0.00, real=0.01 secs] 
2012-10-23T13:23:35.737+0100: 327291.720: [GC 327291.720: [DefNew: 18496K->1926K(19136K), 0.0181610 secs] 89595K->73554K(260032K), 0.0188420 secs] [Times: user=0.02 sys=0.00, real=0.02 secs] 
2012-10-23T13:23:47.631+0100: 327303.614: [GC 327303.614: [DefNew: 18950K->1893K(19136K), 0.0164270 secs] 90578K->73783K(260032K), 0.0170430 secs] [Times: user=0.02 sys=0.00, real=0.02 secs] 
2012-10-23T13:23:56.769+0100: 327312.753: [GC 327312.753: [DefNew: 18917K->1708K(19136K), 0.0158830 secs] 90807K->73886K(260032K), 0.0165270 secs] [Times: user=0.00 sys=0.00, real=0.01 secs] 
2012-10-23T13:24:15.639+0100: 327331.622: [GC 327331.622: [DefNew: 18732K->949K(19136K), 0.0291530 secs] 90910K->73352K(260032K), 0.0298870 secs] [Times: user=0.02 sys=0.00, real=0.03 secs] 
2012-10-23T13:24:27.617+0100: 327343.600: [GC 327343.601: [DefNew: 17973K->1491K(19136K), 0.0143650 secs] 90376K->73894K(260032K), 0.0149250 secs] [Times: user=0.00 sys=0.01, real=0.01 secs] 
2012-10-23T13:24:38.822+0100: 327354.805: [GC 327354.806: [DefNew: 18515K->1461K(19136K), 0.0161230 secs] 90918K->74345K(260032K), 0.0166650 secs] [Times: user=0.01 sys=0.00, real=0.02 secs] 
2012-10-23T13:24:51.621+0100: 327367.604: [GC 327367.604: [DefNew: 18485K->1350K(19136K), 0.0144000 secs] 91369K->74457K(260032K), 0.0149390 secs] [Times: user=0.02 sys=0.00, real=0.01 secs] 
2012-10-23T13:24:59.779+0100: 327375.762: [GC 327375.763: [DefNew: 18374K->1837K(19136K), 0.0148750 secs] 91481K->75169K(260032K), 0.0154240 secs] [Times: user=0.01 sys=0.00, real=0.01 secs] 
2012-10-23T13:25:11.610+0100: 327387.593: [GC 327387.593: [DefNew: 18861K->711K(19136K), 0.0131390 secs] 92193K->74226K(260032K), 0.0137170 secs] [Times: user=0.01 sys=0.01, real=0.01 secs] 
2012-10-23T13:25:21.612+0100: 327397.595: [GC 327397.596: [DefNew: 17735K->1180K(19136K), 0.0136290 secs] 91250K->74695K(260032K), 0.0142570 secs] [Times: user=0.01 sys=0.00, real=0.01 secs] 
2012-10-23T13:25:31.618+0100: 327407.601: [GC 327407.601: [DefNew: 18189K->1649K(19136K), 0.0174810 secs] 91704K->75391K(260032K), 0.0182250 secs] [Times: user=0.01 sys=0.00, real=0.01 secs] 
2012-10-23T13:25:41.630+0100: 327417.613: [GC 327417.614: [DefNew: 18673K->1737K(19136K), 0.0179870 secs] 92415K->76079K(260032K), 0.0186270 secs] [Times: user=0.02 sys=0.00, real=0.02 secs] 
2012-10-23T13:25:53.624+0100: 327429.608: [GC 327429.608: [DefNew: 18761K->1179K(19136K), 0.0152660 secs] 93103K->75804K(260032K), 0.0158870 secs] [Times: user=0.01 sys=0.00, real=0.02 secs] 
2012-10-23T13:26:07.626+0100: 327443.609: [GC 327443.609: [DefNew: 18203K->1823K(19136K), 0.0159970 secs] 92828K->76749K(260032K), 0.0166100 secs] [Times: user=0.01 sys=0.01, real=0.02 secs] 
2012-10-23T13:26:20.786+0100: 327456.769: [GC 327456.769: [DefNew: 18824K->1607K(19136K), 0.0139220 secs] 93749K->76715K(260032K), 0.0144650 secs] [Times: user=0.01 sys=0.01, real=0.02 secs] 
2012-10-23T13:26:32.179+0100: 327468.162: [GC 327468.162: [DefNew: 18631K->1342K(19136K), 0.0139820 secs] 93739K->76631K(260032K), 0.0145020 secs] [Times: user=0.01 sys=0.00, real=0.01 secs] 
2012-10-23T13:26:44.725+0100: 327480.708: [GC 327480.708: [DefNew: 18366K->1581K(19136K), 0.0154170 secs] 93655K->77098K(260032K), 0.0159610 secs] [Times: user=0.02 sys=0.00, real=0.02 secs] 
2012-10-23T13:26:56.305+0100: 327492.289: [GC 327492.289: [DefNew: 18605K->1964K(19136K), 0.0246950 secs] 94122K->77717K(260032K), 0.0253500 secs] [Times: user=0.02 sys=0.00, real=0.03 secs] 
2012-10-23T13:27:05.389+0100: 327501.372: [GC 327501.372: [DefNew: 18988K->2112K(19136K), 0.0166370 secs] 94741K->78362K(260032K), 0.0172600 secs] [Times: user=0.01 sys=0.00, real=0.01 secs] 
2012-10-23T13:27:15.630+0100: 327511.613: [GC 327511.613: [DefNew: 19136K->1684K(19136K), 0.0157210 secs] 95386K->78169K(260032K), 0.0163730 secs] [Times: user=0.02 sys=0.00, real=0.01 secs] 
2012-10-23T13:27:26.776+0100: 327522.759: [GC 327522.760: [DefNew: 18708K->2112K(19136K), 0.0179660 secs] 95193K->79231K(260032K), 0.0185900 secs] [Times: user=0.01 sys=0.00, real=0.02 secs] 
2012-10-23T13:27:41.465+0100: 327537.449: [GC 327537.449: [DefNew: 19136K->2111K(19136K), 0.0168050 secs] 96255K->79492K(260032K), 0.0174510 secs] [Times: user=0.02 sys=0.00, real=0.02 secs] 
2012-10-23T13:27:53.627+0100: 327549.610: [GC 327549.610: [DefNew: 19135K->939K(19136K), 0.0134690 secs] 96516K->78464K(260032K), 0.0140440 secs] [Times: user=0.02 sys=0.00, real=0.02 secs] 
2012-10-23T13:28:05.522+0100: 327561.506: [GC 327561.506: [DefNew: 17963K->1191K(19136K), 0.0132580 secs] 95488K->78716K(260032K), 0.0138160 secs] [Times: user=0.01 sys=0.00, real=0.01 secs] 
2012-10-23T13:28:17.626+0100: 327573.609: [GC 327573.610: [DefNew: 18215K->1612K(19136K), 0.0153350 secs] 95740K->79347K(260032K), 0.0159470 secs] [Times: user=0.02 sys=0.00, real=0.02 secs] 
2012-10-23T13:28:32.230+0100: 327588.214: [GC 327588.214: [DefNew: 18636K->1238K(19136K), 0.0169440 secs] 96371K->79537K(260032K), 0.0175270 secs] [Times: user=0.02 sys=0.00, real=0.02 secs] 
2012-10-23T13:28:46.547+0100: 327602.530: [GC 327602.530: [DefNew: 18262K->1153K(19136K), 0.0134780 secs] 96561K->79678K(260032K), 0.0140010 secs] [Times: user=0.02 sys=0.00, real=0.02 secs] 
2012-10-23T13:28:57.725+0100: 327613.708: [GC 327613.709: [DefNew: 18177K->1245K(19136K), 0.0138200 secs] 96702K->79884K(260032K), 0.0144270 secs] [Times: user=0.02 sys=0.00, real=0.02 secs] 
2012-10-23T13:29:03.631+0100: 327619.614: [GC 327619.615: [DefNew: 18269K->2111K(19136K), 0.0177180 secs] 96908K->81409K(260032K), 0.0183610 secs] [Times: user=0.02 sys=0.00, real=0.02 secs] 
2012-10-23T13:29:15.682+0100: 327631.665: [GC 327631.665: [DefNew: 19135K->1670K(19136K), 0.0139070 secs] 98433K->81202K(260032K), 0.0146170 secs] [Times: user=0.02 sys=0.00, real=0.01 secs] 
2012-10-23T13:29:25.642+0100: 327641.625: [GC 327641.625: [DefNew: 18687K->1246K(19136K), 0.0140280 secs] 98219K->81015K(260032K), 0.0145390 secs] [Times: user=0.01 sys=0.00, real=0.01 secs] 
2012-10-23T13:29:36.347+0100: 327652.331: [GC 327652.331: [DefNew: 18270K->1086K(19136K), 0.0138860 secs] 98039K->81082K(260032K), 0.0144490 secs] [Times: user=0.02 sys=0.00, real=0.01 secs] 
2012-10-23T13:29:45.647+0100: 327661.630: [GC 327661.631: [DefNew: 18110K->1579K(19136K), 0.0168390 secs] 98106K->81800K(260032K), 0.0176090 secs] [Times: user=0.01 sys=0.01, real=0.02 secs] 
2012-10-23T13:30:00.684+0100: 327676.667: [GC 327676.668: [DefNew: 18603K->1497K(19136K), 0.0150850 secs] 98824K->81905K(260032K), 0.0156930 secs] [Times: user=0.02 sys=0.00, real=0.02 secs] 
2012-10-23T13:30:16.879+0100: 327692.862: [GC 327692.863: [DefNew: 18521K->1646K(19136K), 0.0147540 secs] 98929K->82236K(260032K), 0.0218470 secs] [Times: user=0.01 sys=0.00, real=0.02 secs] 
2012-10-23T13:30:33.681+0100: 327709.664: [GC 327709.664: [DefNew: 18670K->1651K(19136K), 0.0153290 secs] 99260K->82621K(260032K), 0.0162570 secs] [Times: user=0.02 sys=0.00, real=0.02 secs] 
2012-10-23T13:30:44.639+0100: 327720.622: [GC 327720.622: [DefNew: 18675K->1160K(19136K), 0.0126020 secs] 99645K->82266K(260032K), 0.0130780 secs] [Times: user=0.01 sys=0.00, real=0.01 secs] 
2012-10-23T13:30:55.645+0100: 327731.628: [GC 327731.628: [DefNew: 18184K->1127K(19136K), 0.0142380 secs] 99290K->82489K(260032K), 0.0147900 secs] [Times: user=0.01 sys=0.00, real=0.02 secs] 
2012-10-23T13:31:07.226+0100: 327743.209: [GC 327743.210: [DefNew: 18151K->1736K(19136K), 0.0145700 secs] 99513K->83330K(260032K), 0.0151320 secs] [Times: user=0.01 sys=0.00, real=0.02 secs] 
2012-10-23T13:31:19.622+0100: 327755.605: [GC 327755.606: [DefNew: 18759K->1333K(19136K), 0.0128790 secs] 100352K->83063K(260032K), 0.0133670 secs] [Times: user=0.00 sys=0.00, real=0.01 secs] 
2012-10-23T13:31:29.616+0100: 327765.599: [GC 327765.599: [DefNew: 18352K->1227K(19136K), 0.0139500 secs] 100082K->83152K(260032K), 0.0145350 secs] [Times: user=0.02 sys=0.00, real=0.02 secs] 
2012-10-23T13:31:40.857+0100: 327776.841: [GC 327776.841: [DefNew: 18251K->1175K(19136K), 0.0149880 secs] 100176K->83326K(260032K), 0.0156020 secs] [Times: user=0.02 sys=0.00, real=0.01 secs] 
2012-10-23T13:31:51.422+0100: 327787.405: [GC 327787.405: [DefNew: 18199K->977K(19136K), 0.0143410 secs] 100350K->83378K(260032K), 0.0149790 secs] [Times: user=0.01 sys=0.00, real=0.01 secs] 
2012-10-23T13:32:06.026+0100: 327802.009: [GC 327802.009: [DefNew: 18001K->1773K(19136K), 0.0137190 secs] 100402K->84175K(260032K), 0.0142820 secs] [Times: user=0.02 sys=0.00, real=0.02 secs] 
2012-10-23T13:32:18.682+0100: 327814.665: [GC 327814.665: [DefNew: 18797K->1886K(19136K), 0.0179700 secs] 101199K->84681K(260032K), 0.0186710 secs] [Times: user=0.01 sys=0.01, real=0.02 secs] 
2012-10-23T13:32:30.650+0100: 327826.633: [GC 327826.633: [DefNew: 18910K->1717K(19136K), 0.0160050 secs] 101705K->84783K(260032K), 0.0166240 secs] [Times: user=0.01 sys=0.00, real=0.01 secs] 
2012-10-23T13:32:43.826+0100: 327839.809: [GC 327839.810: [DefNew: 18741K->875K(19136K), 0.0125820 secs] 101807K->84129K(260032K), 0.0130770 secs] [Times: user=0.01 sys=0.00, real=0.02 secs] 
2012-10-23T13:32:54.342+0100: 327850.325: [GC 327850.326: [DefNew: 17899K->1927K(19136K), 0.0146890 secs] 101153K->85180K(260032K), 0.0153240 secs] [Times: user=0.02 sys=0.00, real=0.02 secs] 
2012-10-23T13:33:07.647+0100: 327863.630: [GC 327863.630: [DefNew: 18947K->1687K(19136K), 0.0163370 secs] 102201K->85370K(260032K), 0.0168920 secs] [Times: user=0.02 sys=0.00, real=0.02 secs] 
2012-10-23T13:33:17.664+0100: 327873.647: [GC 327873.647: [DefNew: 18711K->1801K(19136K), 0.0147710 secs] 102394K->85661K(260032K), 0.0154250 secs] [Times: user=0.02 sys=0.00, real=0.02 secs] 
2012-10-23T13:33:29.633+0100: 327885.616: [GC 327885.616: [DefNew: 18825K->1869K(19136K), 0.0151660 secs] 102685K->85912K(260032K), 0.0158370 secs] [Times: user=0.02 sys=0.00, real=0.02 secs] 
2012-10-23T13:33:40.552+0100: 327896.535: [GC 327896.535: [DefNew: 18893K->1048K(19136K), 0.0149780 secs] 102936K->85318K(260032K), 0.0155560 secs] [Times: user=0.01 sys=0.00, real=0.02 secs] 
2012-10-23T13:33:51.516+0100: 327907.499: [GC 327907.499: [DefNew: 18072K->2112K(19136K), 0.0164350 secs] 102342K->86865K(260032K), 0.0170630 secs] [Times: user=0.01 sys=0.00, real=0.02 secs] 
2012-10-23T13:34:03.653+0100: 327919.636: [GC 327919.637: [DefNew: 19136K->1137K(19136K), 0.0152350 secs] 103889K->86278K(260032K), 0.0157540 secs] [Times: user=0.02 sys=0.00, real=0.02 secs] 
2012-10-23T13:34:22.548+0100: 327938.532: [GC 327938.532: [DefNew: 18161K->1245K(19136K), 0.0138670 secs] 103302K->86590K(260032K), 0.0143160 secs] [Times: user=0.00 sys=0.00, real=0.01 secs] 
2012-10-23T13:34:33.637+0100: 327949.620: [GC 327949.620: [DefNew: 18269K->855K(19136K), 0.0127010 secs] 103614K->86339K(260032K), 0.0132050 secs] [Times: user=0.01 sys=0.00, real=0.02 secs] 
2012-10-23T13:34:45.625+0100: 327961.608: [GC 327961.608: [DefNew: 17879K->1381K(19136K), 0.0136660 secs] 103363K->86864K(260032K), 0.0142010 secs] [Times: user=0.02 sys=0.00, real=0.02 secs] 
2012-10-23T13:34:56.126+0100: 327972.109: [GC 327972.109: [DefNew: 18405K->1141K(19136K), 0.0154910 secs] 103888K->87125K(260032K), 0.0160780 secs] [Times: user=0.02 sys=0.00, real=0.02 secs] 
2012-10-23T13:35:06.625+0100: 327982.608: [GC 327982.609: [DefNew: 18165K->1739K(19136K), 0.0149960 secs] 104149K->87946K(260032K), 0.0156430 secs] [Times: user=0.02 sys=0.00, real=0.02 secs] 
2012-10-23T13:35:15.074+0100: 327991.057: [GC 327991.058: [DefNew: 18763K->2111K(19136K), 0.0175250 secs] 104970K->88725K(260032K), 0.0182150 secs] [Times: user=0.02 sys=0.00, real=0.02 secs] 
2012-10-23T13:35:25.640+0100: 328001.623: [GC 328001.623: [DefNew: 19135K->1085K(19136K), 0.0162970 secs] 105749K->87919K(260032K), 0.0183470 secs] [Times: user=0.01 sys=0.00, real=0.02 secs] 
2012-10-23T13:35:36.045+0100: 328012.028: [GC 328012.029: [DefNew: 18109K->1774K(19136K), 0.0126590 secs] 104943K->88816K(260032K), 0.0132820 secs] [Times: user=0.02 sys=0.00, real=0.02 secs] 
2012-10-23T13:35:47.592+0100: 328023.575: [GC 328023.575: [DefNew: 18798K->1233K(19136K), 0.0110080 secs] 105840K->88479K(260032K), 0.0116490 secs] [Times: user=0.01 sys=0.00, real=0.01 secs] 
2012-10-23T13:35:57.978+0100: 328033.962: [GC 328033.962: [DefNew: 18257K->1325K(19136K), 0.0156180 secs] 105503K->88830K(260032K), 0.0163100 secs] [Times: user=0.01 sys=0.00, real=0.01 secs] 
2012-10-23T13:36:09.623+0100: 328045.606: [GC 328045.607: [DefNew: 18349K->1626K(19136K), 0.0116320 secs] 105854K->89361K(260032K), 0.0122570 secs] [Times: user=0.00 sys=0.00, real=0.01 secs] 
2012-10-23T13:36:21.665+0100: 328057.648: [GC 328057.649: [DefNew: 18650K->1759K(19136K), 0.0170410 secs] 106385K->89718K(260032K), 0.0178390 secs] [Times: user=0.02 sys=0.00, real=0.02 secs] 
2012-10-23T13:36:35.632+0100: 328071.615: [GC 328071.616: [DefNew: 18775K->1751K(19136K), 0.0165580 secs] 106734K->89987K(260032K), 0.0173220 secs] [Times: user=0.02 sys=0.00, real=0.02 secs] 
2012-10-23T13:36:51.643+0100: 328087.626: [GC 328087.627: [DefNew: 18763K->1550K(19136K), 0.0155620 secs] 106998K->90012K(260032K), 0.0164210 secs] [Times: user=0.02 sys=0.00, real=0.02 secs] 
2012-10-23T13:37:02.164+0100: 328098.147: [GC 328098.147: [DefNew: 18574K->1799K(19136K), 0.0146640 secs] 107036K->90359K(260032K), 0.0152120 secs] [Times: user=0.02 sys=0.00, real=0.02 secs] 
2012-10-23T13:37:11.639+0100: 328107.622: [GC 328107.622: [DefNew: 18818K->1762K(19136K), 0.0159100 secs] 107378K->90581K(260032K), 0.0165680 secs] [Times: user=0.02 sys=0.00, real=0.01 secs] 
2012-10-23T13:37:21.732+0100: 328117.715: [GC 328117.716: [DefNew: 18786K->1227K(19136K), 0.0139430 secs] 107605K->90249K(260032K), 0.0145140 secs] [Times: user=0.01 sys=0.00, real=0.01 secs] 
2012-10-23T13:37:31.647+0100: 328127.630: [GC 328127.630: [DefNew: 18221K->1802K(19136K), 0.0153050 secs] 107242K->91051K(260032K), 0.0159310 secs] [Times: user=0.02 sys=0.00, real=0.02 secs] 
2012-10-23T13:37:43.628+0100: 328139.611: [GC 328139.611: [DefNew: 18826K->628K(19136K), 0.0135400 secs] 108075K->90101K(260032K), 0.0141320 secs] [Times: user=0.02 sys=0.00, real=0.01 secs] 
2012-10-23T13:37:52.568+0100: 328148.552: [GC 328148.552: [DefNew: 17652K->2111K(19136K), 0.0178690 secs] 107125K->92026K(260032K), 0.0185660 secs] [Times: user=0.01 sys=0.00, real=0.02 secs] 
2012-10-23T13:38:05.181+0100: 328161.164: [GC 328161.165: [DefNew: 19135K->1668K(19136K), 0.0185590 secs] 109050K->92012K(260032K), 0.0192710 secs] [Times: user=0.02 sys=0.00, real=0.02 secs] 
2012-10-23T13:38:20.501+0100: 328176.484: [GC 328176.484: [DefNew: 18692K->1070K(19136K), 0.0178650 secs] 109036K->91668K(260032K), 0.0185160 secs] [Times: user=0.02 sys=0.00, real=0.02 secs] 
2012-10-23T13:38:33.640+0100: 328189.623: [GC 328189.623: [DefNew: 18094K->826K(19136K), 0.0128420 secs] 108692K->91609K(260032K), 0.0133490 secs] [Times: user=0.01 sys=0.00, real=0.01 secs] 
2012-10-23T13:38:47.150+0100: 328203.133: [GC 328203.133: [DefNew: 17850K->2111K(19136K), 0.0158560 secs] 108633K->93254K(260032K), 0.0164180 secs] [Times: user=0.01 sys=0.00, real=0.01 secs] 
2012-10-23T13:38:57.658+0100: 328213.641: [GC 328213.641: [DefNew: 19135K->1789K(19136K), 0.0165770 secs] 110278K->93295K(260032K), 0.0214060 secs] [Times: user=0.02 sys=0.00, real=0.02 secs] 
2012-10-23T13:39:09.634+0100: 328225.617: [GC 328225.617: [DefNew: 18813K->973K(19136K), 0.0136820 secs] 110319K->92723K(260032K), 0.0143650 secs] [Times: user=0.03 sys=0.00, real=0.02 secs] 
2012-10-23T13:39:19.614+0100: 328235.597: [GC 328235.597: [DefNew: 17991K->1165K(19136K), 0.0128090 secs] 109741K->92915K(260032K), 0.0133580 secs] [Times: user=0.01 sys=0.00, real=0.02 secs] 
2012-10-23T13:39:31.385+0100: 328247.368: [GC 328247.368: [DefNew: 18189K->1305K(19136K), 0.0166260 secs] 109939K->93331K(260032K), 0.0172570 secs] [Times: user=0.02 sys=0.00, real=0.02 secs] 
2012-10-23T13:39:43.628+0100: 328259.611: [GC 328259.611: [DefNew: 18329K->1028K(19136K), 0.0155910 secs] 110355K->93505K(260032K), 0.0161850 secs] [Times: user=0.01 sys=0.00, real=0.01 secs] 
2012-10-23T13:39:53.643+0100: 328269.626: [GC 328269.627: [DefNew: 18052K->1795K(19136K), 0.0143380 secs] 110529K->94272K(260032K), 0.0150060 secs] [Times: user=0.02 sys=0.00, real=0.02 secs] 
2012-10-23T13:40:06.942+0100: 328282.925: [GC 328282.925: [DefNew: 18819K->1675K(19136K), 0.0165700 secs] 111296K->94513K(260032K), 0.0171440 secs] [Times: user=0.02 sys=0.00, real=0.02 secs] 
2012-10-23T13:40:17.471+0100: 328293.454: [GC 328293.454: [DefNew: 18699K->1908K(19136K), 0.0157930 secs] 111537K->94970K(260032K), 0.0164080 secs] [Times: user=0.02 sys=0.00, real=0.02 secs] 
2012-10-23T13:40:35.635+0100: 328311.618: [GC 328311.619: [DefNew: 18932K->1227K(19136K), 0.0184900 secs] 111994K->94540K(260032K), 0.0188640 secs] [Times: user=0.01 sys=0.00, real=0.02 secs] 
2012-10-23T13:40:49.022+0100: 328325.005: [GC 328325.005: [DefNew: 18251K->1355K(19136K), 0.0241420 secs] 111564K->94778K(260032K), 0.0246380 secs] [Times: user=0.02 sys=0.00, real=0.02 secs] 
2012-10-23T13:40:59.656+0100: 328335.639: [GC 328335.640: [DefNew: 18379K->1465K(19136K), 0.0215130 secs] 111802K->95109K(260032K), 0.0219500 secs] [Times: user=0.01 sys=0.00, real=0.03 secs] 
2012-10-23T13:41:12.025+0100: 328348.008: [GC 328348.009: [DefNew: 18489K->2111K(19136K), 0.0282280 secs] 112133K->96316K(260032K), 0.0288770 secs] [Times: user=0.02 sys=0.00, real=0.03 secs] 
2012-10-23T13:41:22.536+0100: 328358.519: [GC 328358.519: [DefNew: 19135K->2040K(19136K), 0.0152970 secs] 113340K->96373K(260032K), 0.0158580 secs] [Times: user=0.02 sys=0.00, real=0.02 secs] 
2012-10-23T13:41:33.062+0100: 328369.045: [GC 328369.046: [DefNew: 19064K->470K(19136K), 0.0129720 secs] 113397K->95036K(260032K), 0.0134940 secs] [Times: user=0.02 sys=0.00, real=0.01 secs] 
2012-10-23T13:41:43.580+0100: 328379.563: [GC 328379.563: [DefNew: 17494K->590K(19136K), 0.0117530 secs] 112060K->95156K(260032K), 0.0122550 secs] [Times: user=0.02 sys=0.00, real=0.01 secs] 
2012-10-23T13:41:55.652+0100: 328391.635: [GC 328391.635: [DefNew: 17614K->2112K(19136K), 0.0174070 secs] 112180K->97236K(260032K), 0.0185170 secs] [Times: user=0.02 sys=0.00, real=0.02 secs] 
2012-10-23T13:42:07.656+0100: 328403.639: [GC 328403.639: [DefNew: 19136K->1752K(19136K), 0.0192870 secs] 114260K->97470K(260032K), 0.0199290 secs] [Times: user=0.02 sys=0.00, real=0.02 secs] 
2012-10-23T13:42:20.779+0100: 328416.762: [GC 328416.763: [DefNew: 18775K->599K(19136K), 0.0129630 secs] 114493K->96543K(260032K), 0.0134930 secs] [Times: user=0.01 sys=0.00, real=0.01 secs] 
2012-10-23T13:42:36.063+0100: 328432.046: [GC 328432.046: [DefNew: 17623K->1400K(19136K), 0.0091050 secs] 113567K->97344K(260032K), 0.0095810 secs] [Times: user=0.01 sys=0.00, real=0.01 secs] 
2012-10-23T13:42:49.633+0100: 328445.616: [GC 328445.616: [DefNew: 18424K->406K(19136K), 0.0104910 secs] 114368K->96757K(260032K), 0.0110800 secs] [Times: user=0.01 sys=0.00, real=0.01 secs] 
2012-10-23T13:43:05.482+0100: 328461.465: [GC 328461.465: [DefNew: 17430K->986K(19136K), 0.0080930 secs] 113781K->97337K(260032K), 0.0084730 secs] [Times: user=0.01 sys=0.00, real=0.01 secs] 
2012-10-23T13:43:18.068+0100: 328474.051: [GC 328474.051: [DefNew: 18010K->1974K(19136K), 0.0137490 secs] 114361K->98325K(260032K), 0.0141660 secs] [Times: user=0.01 sys=0.00, real=0.01 secs] 
2012-10-23T13:43:30.657+0100: 328486.640: [GC 328486.641: [DefNew: 18998K->2112K(19136K), 0.0262100 secs] 115349K->99042K(260032K), 0.0277710 secs] [Times: user=0.03 sys=0.00, real=0.02 secs] 
2012-10-23T13:43:39.648+0100: 328495.631: [GC 328495.631: [DefNew: 19136K->1953K(19136K), 0.0099940 secs] 116066K->99070K(260032K), 0.0104040 secs] [Times: user=0.01 sys=0.00, real=0.01 secs] 
2012-10-23T13:43:49.559+0100: 328505.542: [GC 328505.542: [DefNew: 18977K->387K(19136K), 0.0120050 secs] 116094K->97732K(260032K), 0.0124060 secs] [Times: user=0.01 sys=0.01, real=0.01 secs] 
2012-10-23T13:43:59.638+0100: 328515.621: [GC 328515.622: [DefNew: 17399K->1425K(19136K), 0.0122190 secs] 114744K->98770K(260032K), 0.0129400 secs] [Times: user=0.01 sys=0.00, real=0.01 secs] 
2012-10-23T13:44:10.574+0100: 328526.558: [GC 328526.558: [DefNew: 18449K->1662K(19136K), 0.0168620 secs] 115794K->99422K(260032K), 0.0174810 secs] [Times: user=0.02 sys=0.00, real=0.02 secs] 
2012-10-23T13:44:23.640+0100: 328539.623: [GC 328539.624: [DefNew: 18686K->787K(19136K), 0.0084480 secs] 116446K->98763K(260032K), 0.0088420 secs] [Times: user=0.01 sys=0.00, real=0.01 secs] 
2012-10-23T13:44:40.659+0100: 328556.642: [GC 328556.643: [DefNew: 17805K->1165K(19136K), 0.0137510 secs] 115780K->99141K(260032K), 0.0142890 secs] [Times: user=0.01 sys=0.00, real=0.01 secs] 
2012-10-23T13:44:51.551+0100: 328567.534: [GC 328567.534: [DefNew: 18189K->1913K(19136K), 0.0173310 secs] 116165K->100113K(260032K), 0.0179460 secs] [Times: user=0.03 sys=0.00, real=0.02 secs] 
2012-10-23T13:45:03.073+0100: 328579.056: [GC 328579.057: [DefNew: 18937K->976K(19136K), 0.0150220 secs] 117137K->99647K(260032K), 0.0154990 secs] [Times: user=0.02 sys=0.00, real=0.02 secs] 
2012-10-23T13:45:11.647+0100: 328587.630: [GC 328587.631: [DefNew: 18000K->2004K(19136K), 0.0141300 secs] 116671K->100675K(260032K), 0.0148010 secs] [Times: user=0.01 sys=0.01, real=0.01 secs] 
2012-10-23T13:45:26.156+0100: 328602.139: [GC 328602.139: [DefNew: 19028K->1235K(19136K), 0.0158890 secs] 117699K->100265K(260032K), 0.0164420 secs] [Times: user=0.01 sys=0.00, real=0.02 secs] 
2012-10-23T13:45:38.768+0100: 328614.751: [GC 328614.751: [DefNew: 18259K->1441K(19136K), 0.0152170 secs] 117289K->100720K(260032K), 0.0157780 secs] [Times: user=0.01 sys=0.00, real=0.01 secs] 
2012-10-23T13:45:50.497+0100: 328626.480: [GC 328626.481: [DefNew: 18465K->1001K(19136K), 0.0142580 secs] 117744K->100520K(260032K), 0.0148680 secs] [Times: user=0.02 sys=0.00, real=0.02 secs] 
2012-10-23T13:46:23.636+0100: 328659.619: [GC 328659.619: [DefNew: 18025K->611K(19136K), 0.0087220 secs] 117544K->100129K(260032K), 0.0091130 secs] [Times: user=0.01 sys=0.00, real=0.01 secs] 
2012-10-23T13:46:35.450+0100: 328671.433: [GC 328671.434: [DefNew: 17635K->2112K(19136K), 0.0135470 secs] 117153K->101960K(260032K), 0.0139850 secs] [Times: user=0.01 sys=0.00, real=0.01 secs] 
2012-10-23T13:46:45.645+0100: 328681.628: [GC 328681.629: [DefNew: 19109K->1289K(19136K), 0.0128380 secs] 118957K->101407K(260032K), 0.0131730 secs] [Times: user=0.02 sys=0.00, real=0.02 secs] 
2012-10-23T13:46:56.426+0100: 328692.409: [GC 328692.409: [DefNew: 18313K->1940K(19136K), 0.0135750 secs] 118431K->102248K(260032K), 0.0139700 secs] [Times: user=0.02 sys=0.00, real=0.02 secs] 
2012-10-23T13:47:07.630+0100: 328703.613: [GC 328703.613: [DefNew: 18964K->1904K(19136K), 0.0140980 secs] 119272K->102442K(260032K), 0.0145960 secs] [Times: user=0.01 sys=0.00, real=0.01 secs] 
2012-10-23T13:47:19.555+0100: 328715.538: [GC 328715.538: [DefNew: 18928K->380K(19136K), 0.0123060 secs] 119466K->101145K(260032K), 0.0128330 secs] [Times: user=0.01 sys=0.00, real=0.02 secs] 
2012-10-23T13:47:31.665+0100: 328727.648: [GC 328727.648: [DefNew: 17377K->2112K(19136K), 0.0165720 secs] 118142K->103295K(260032K), 0.0172800 secs] [Times: user=0.02 sys=0.00, real=0.02 secs] 
2012-10-23T13:47:41.655+0100: 328737.638: [GC 328737.638: [DefNew: 19136K->1815K(19136K), 0.0176270 secs] 120319K->103422K(260032K), 0.0184170 secs] [Times: user=0.02 sys=0.00, real=0.02 secs] 
2012-10-23T13:47:53.060+0100: 328749.043: [GC 328749.043: [DefNew: 18839K->337K(19136K), 0.0123990 secs] 120446K->102169K(260032K), 0.0129170 secs] [Times: user=0.02 sys=0.00, real=0.01 secs] 
2012-10-23T13:48:05.708+0100: 328761.691: [GC 328761.691: [DefNew: 17361K->1308K(19136K), 0.0132030 secs] 119193K->103139K(260032K), 0.0137350 secs] [Times: user=0.02 sys=0.00, real=0.01 secs] 
2012-10-23T13:48:24.626+0100: 328780.609: [GC 328780.609: [DefNew: 18332K->913K(19136K), 0.0142330 secs] 120163K->103155K(260032K), 0.0147360 secs] [Times: user=0.02 sys=0.00, real=0.02 secs] 
2012-10-23T13:48:37.657+0100: 328793.640: [GC 328793.640: [DefNew: 17937K->1869K(19136K), 0.0134850 secs] 120179K->104112K(260032K), 0.0139600 secs] [Times: user=0.01 sys=0.00, real=0.02 secs] 
2012-10-23T13:48:45.694+0100: 328801.677: [GC 328801.677: [DefNew: 18893K->1644K(19136K), 0.0157990 secs] 121136K->104315K(260032K), 0.0163490 secs] [Times: user=0.01 sys=0.00, real=0.02 secs] 
2012-10-23T13:48:57.644+0100: 328813.628: [GC 328813.628: [DefNew: 18668K->1850K(19136K), 0.0148280 secs] 121339K->104694K(260032K), 0.0154360 secs] [Times: user=0.02 sys=0.00, real=0.02 secs] 
2012-10-23T13:49:09.630+0100: 328825.613: [GC 328825.613: [DefNew: 18874K->413K(19136K), 0.0128040 secs] 121718K->103505K(260032K), 0.0133460 secs] [Times: user=0.02 sys=0.00, real=0.01 secs] 
2012-10-23T13:49:17.654+0100: 328833.638: [GC 328833.638: [DefNew: 17437K->2038K(19136K), 0.0153160 secs] 120529K->105129K(260032K), 0.0160660 secs] [Times: user=0.02 sys=0.00, real=0.02 secs] 
2012-10-23T13:49:31.854+0100: 328847.837: [GC 328847.837: [DefNew: 19062K->1569K(19136K), 0.0167630 secs] 122153K->105117K(260032K), 0.0174280 secs] [Times: user=0.02 sys=0.00, real=0.02 secs] 
2012-10-23T13:49:44.426+0100: 328860.409: [GC 328860.409: [DefNew: 18593K->1564K(19136K), 0.0144770 secs] 122141K->105347K(260032K), 0.0150590 secs] [Times: user=0.01 sys=0.00, real=0.02 secs] 
2012-10-23T13:49:54.947+0100: 328870.930: [GC 328870.931: [DefNew: 18588K->1728K(19136K), 0.0163530 secs] 122371K->105679K(260032K), 0.0170310 secs] [Times: user=0.01 sys=0.00, real=0.01 secs] 
2012-10-23T13:50:05.615+0100: 328881.599: [GC 328881.599: [DefNew: 18752K->1724K(19136K), 0.0163740 secs] 122703K->105928K(260032K), 0.0171090 secs] [Times: user=0.02 sys=0.00, real=0.02 secs] 
2012-10-23T13:50:20.151+0100: 328896.134: [GC 328896.135: [DefNew: 18748K->1667K(19136K), 0.0145360 secs] 122952K->106084K(260032K), 0.0150380 secs] [Times: user=0.02 sys=0.00, real=0.01 secs] 
2012-10-23T13:50:31.641+0100: 328907.624: [GC 328907.624: [DefNew: 18691K->1278K(19136K), 0.0154790 secs] 123108K->105917K(260032K), 0.0161040 secs] [Times: user=0.01 sys=0.00, real=0.01 secs] 
2012-10-23T13:50:43.322+0100: 328919.305: [GC 328919.305: [DefNew: 18302K->404K(19136K), 0.0133730 secs] 122941K->105333K(260032K), 0.0139250 secs] [Times: user=0.02 sys=0.00, real=0.01 secs] 
2012-10-23T13:50:53.746+0100: 328929.729: [GC 328929.730: [DefNew: 17428K->1946K(19136K), 0.0154530 secs] 122357K->106876K(260032K), 0.0160280 secs] [Times: user=0.01 sys=0.00, real=0.02 secs] 
2012-10-23T13:51:03.654+0100: 328939.637: [GC 328939.637: [DefNew: 18964K->876K(19136K), 0.0157360 secs] 123893K->106273K(260032K), 0.0163900 secs] [Times: user=0.02 sys=0.00, real=0.02 secs] 
2012-10-23T13:51:15.648+0100: 328951.631: [GC 328951.631: [DefNew: 17900K->1513K(19136K), 0.0160200 secs] 123297K->106910K(260032K), 0.0167270 secs] [Times: user=0.01 sys=0.00, real=0.01 secs] 
2012-10-23T13:51:25.639+0100: 328961.622: [GC 328961.623: [DefNew: 18537K->1572K(19136K), 0.0181290 secs] 123934K->107457K(260032K), 0.0189690 secs] [Times: user=0.02 sys=0.00, real=0.02 secs] 
2012-10-23T13:51:37.658+0100: 328973.641: [GC 328973.641: [DefNew: 18596K->1733K(19136K), 0.0160680 secs] 124481K->107850K(260032K), 0.0166830 secs] [Times: user=0.02 sys=0.00, real=0.01 secs] 
2012-10-23T13:51:50.459+0100: 328986.442: [GC 328986.443: [DefNew: 18757K->1711K(19136K), 0.0157120 secs] 124874K->107966K(260032K), 0.0163160 secs] [Times: user=0.02 sys=0.00, real=0.01 secs] 
2012-10-23T13:52:00.976+0100: 328996.959: [GC 328996.959: [DefNew: 18735K->1741K(19136K), 0.0162750 secs] 124990K->108248K(260032K), 0.0169050 secs] [Times: user=0.01 sys=0.00, real=0.02 secs] 
2012-10-23T13:52:13.651+0100: 329009.634: [GC 329009.634: [DefNew: 18765K->880K(19136K), 0.0152630 secs] 125272K->107636K(260032K), 0.0159180 secs] [Times: user=0.02 sys=0.00, real=0.01 secs] 
2012-10-23T13:52:29.805+0100: 329025.788: [GC 329025.788: [DefNew: 17883K->1071K(19136K), 0.0125390 secs] 124640K->107828K(260032K), 0.0131940 secs] [Times: user=0.02 sys=0.00, real=0.02 secs] 
2012-10-23T13:52:40.868+0100: 329036.851: [GC 329036.851: [DefNew: 18095K->2028K(19136K), 0.0178840 secs] 124852K->109064K(260032K), 0.0185120 secs] [Times: user=0.02 sys=0.00, real=0.01 secs] 
2012-10-23T13:52:51.633+0100: 329047.616: [GC 329047.616: [DefNew: 19052K->1724K(19136K), 0.0167840 secs] 126088K->109198K(260032K), 0.0174450 secs] [Times: user=0.02 sys=0.00, real=0.02 secs] 
2012-10-23T13:53:01.633+0100: 329057.617: [GC 329057.617: [DefNew: 18748K->1581K(19136K), 0.0151400 secs] 126222K->109299K(260032K), 0.0158130 secs] [Times: user=0.03 sys=0.00, real=0.02 secs] 
2012-10-23T13:53:11.651+0100: 329067.634: [GC 329067.635: [DefNew: 18605K->1689K(19136K), 0.0152420 secs] 126323K->109593K(260032K), 0.0158420 secs] [Times: user=0.02 sys=0.00, real=0.02 secs] 
2012-10-23T13:53:21.612+0100: 329077.595: [GC 329077.595: [DefNew: 18713K->2112K(19136K), 0.0199490 secs] 126617K->110541K(260032K), 0.0207080 secs] [Times: user=0.02 sys=0.00, real=0.02 secs] 
2012-10-23T13:53:31.696+0100: 329087.679: [GC 329087.679: [DefNew: 19136K->1701K(19136K), 0.0208470 secs] 127565K->110347K(260032K), 0.0216790 secs] [Times: user=0.03 sys=0.00, real=0.03 secs] 
2012-10-23T13:53:43.639+0100: 329099.623: [GC 329099.623: [DefNew: 18717K->598K(19136K), 0.0135720 secs] 127364K->109469K(260032K), 0.0141790 secs] [Times: user=0.02 sys=0.00, real=0.01 secs] 
2012-10-23T13:53:55.661+0100: 329111.644: [GC 329111.644: [DefNew: 17622K->1846K(19136K), 0.0232480 secs] 126493K->110717K(260032K), 0.0239500 secs] [Times: user=0.02 sys=0.00, real=0.02 secs] 
2012-10-23T13:54:06.963+0100: 329122.946: [GC 329122.946: [DefNew: 18870K->1685K(19136K), 0.0164790 secs] 127741K->110917K(260032K), 0.0170590 secs] [Times: user=0.02 sys=0.00, real=0.02 secs] 
2012-10-23T13:54:23.649+0100: 329139.632: [GC 329139.632: [DefNew: 18709K->1127K(19136K), 0.0137440 secs] 127941K->110575K(260032K), 0.0142570 secs] [Times: user=0.01 sys=0.00, real=0.01 secs] 
2012-10-23T13:54:39.652+0100: 329155.635: [GC 329155.636: [DefNew: 18151K->769K(19136K), 0.0119340 secs] 127599K->110421K(260032K), 0.0123940 secs] [Times: user=0.01 sys=0.00, real=0.01 secs] 
2012-10-23T13:54:51.564+0100: 329167.547: [GC 329167.547: [DefNew: 17793K->1208K(19136K), 0.0125290 secs] 127445K->110859K(260032K), 0.0131190 secs] [Times: user=0.02 sys=0.00, real=0.02 secs] 
2012-10-23T13:55:00.626+0100: 329176.609: [GC 329176.609: [DefNew: 18232K->2111K(19136K), 0.0165830 secs] 127883K->112253K(260032K), 0.0171600 secs] [Times: user=0.02 sys=0.00, real=0.02 secs] 
2012-10-23T13:55:11.776+0100: 329187.759: [GC 329187.759: [DefNew: 19134K->1327K(19136K), 0.0136510 secs] 129276K->111652K(260032K), 0.0141440 secs] [Times: user=0.02 sys=0.00, real=0.02 secs] 
2012-10-23T13:55:22.065+0100: 329198.048: [GC 329198.049: [DefNew: 18351K->1804K(19136K), 0.0150340 secs] 128676K->112355K(260032K), 0.0156300 secs] [Times: user=0.01 sys=0.00, real=0.02 secs] 
2012-10-23T13:55:31.662+0100: 329207.645: [GC 329207.646: [DefNew: 18828K->1642K(19136K), 0.0150750 secs] 129379K->112418K(260032K), 0.0157250 secs] [Times: user=0.02 sys=0.00, real=0.02 secs] 
2012-10-23T13:55:43.549+0100: 329219.532: [GC 329219.533: [DefNew: 18666K->433K(19136K), 0.0141140 secs] 129442K->111432K(260032K), 0.0146910 secs] [Times: user=0.01 sys=0.00, real=0.01 secs] 
2012-10-23T13:55:55.655+0100: 329231.638: [GC 329231.638: [DefNew: 17457K->1348K(19136K), 0.0140390 secs] 128456K->112347K(260032K), 0.0146320 secs] [Times: user=0.01 sys=0.00, real=0.02 secs] 
2012-10-23T13:56:05.811+0100: 329241.794: [GC 329241.794: [DefNew: 18372K->1136K(19136K), 0.0172640 secs] 129371K->112592K(260032K), 0.0179340 secs] [Times: user=0.01 sys=0.00, real=0.02 secs] 
2012-10-23T13:56:19.269+0100: 329255.252: [GC 329255.253: [DefNew: 18160K->389K(19136K), 0.0188060 secs] 129616K->112071K(260032K), 0.0193770 secs] [Times: user=0.02 sys=0.00, real=0.02 secs] 
2012-10-23T13:56:31.868+0100: 329267.852: [GC 329267.852: [DefNew: 17413K->1388K(19136K), 0.0147900 secs] 129095K->113069K(260032K), 0.0209500 secs] [Times: user=0.02 sys=0.00, real=0.02 secs] 
2012-10-23T13:56:44.522+0100: 329280.505: [GC 329280.506: [DefNew: 18412K->1030K(19136K), 0.0156440 secs] 130093K->113155K(260032K), 0.0163230 secs] [Times: user=0.01 sys=0.00, real=0.02 secs] 
2012-10-23T13:56:55.657+0100: 329291.640: [GC 329291.640: [DefNew: 18054K->1979K(19136K), 0.0152940 secs] 130179K->114104K(260032K), 0.0159860 secs] [Times: user=0.01 sys=0.00, real=0.02 secs] 
2012-10-23T13:57:05.647+0100: 329301.630: [GC 329301.631: [DefNew: 19003K->1515K(19136K), 0.0266900 secs] 131128K->114109K(260032K), 0.0276830 secs] [Times: user=0.02 sys=0.00, real=0.03 secs] 
2012-10-23T13:57:18.026+0100: 329314.009: [GC 329314.010: [DefNew: 18539K->1521K(19136K), 0.0146940 secs] 131133K->114349K(260032K), 0.0152570 secs] [Times: user=0.02 sys=0.00, real=0.02 secs] 
2012-10-23T13:57:26.515+0100: 329322.498: [GC 329322.499: [DefNew: 18545K->2112K(19136K), 0.0213320 secs] 131373K->115199K(260032K), 0.0220650 secs] [Times: user=0.03 sys=0.00, real=0.03 secs] 
2012-10-23T13:57:39.069+0100: 329335.052: [GC 329335.052: [DefNew: 19136K->481K(19136K), 0.0136120 secs] 132223K->113794K(260032K), 0.0141680 secs] [Times: user=0.01 sys=0.00, real=0.01 secs] 
2012-10-23T13:57:51.683+0100: 329347.667: [GC 329347.667: [DefNew: 17505K->1429K(19136K), 0.0145880 secs] 130818K->114743K(260032K), 0.0153250 secs] [Times: user=0.02 sys=0.00, real=0.02 secs] 
2012-10-23T13:58:06.380+0100: 329362.363: [GC 329362.364: [DefNew: 18453K->1230K(19136K), 0.0158150 secs] 131767K->114976K(260032K), 0.0163670 secs] [Times: user=0.01 sys=0.00, real=0.01 secs] 
2012-10-23T13:58:16.862+0100: 329372.845: [GC 329372.845: [DefNew: 18254K->1815K(19136K), 0.0158340 secs] 132000K->115812K(260032K), 0.0164610 secs] [Times: user=0.02 sys=0.00, real=0.02 secs] 
2012-10-23T13:58:33.658+0100: 329389.641: [GC 329389.641: [DefNew: 18839K->898K(19136K), 0.0133660 secs] 132836K->115108K(260032K), 0.0139080 secs] [Times: user=0.02 sys=0.00, real=0.01 secs] 
2012-10-23T13:58:48.332+0100: 329404.316: [GC 329404.316: [DefNew: 17922K->1464K(19136K), 0.0142100 secs] 132132K->115675K(260032K), 0.0147750 secs] [Times: user=0.01 sys=0.00, real=0.02 secs] 
2012-10-23T13:58:58.842+0100: 329414.825: [GC 329414.825: [DefNew: 18488K->1349K(19136K), 0.0132500 secs] 132699K->115993K(260032K), 0.0137600 secs] [Times: user=0.02 sys=0.00, real=0.01 secs] 
2012-10-23T13:59:07.261+0100: 329423.244: [GC 329423.244: [DefNew: 18373K->1477K(19136K), 0.0153900 secs] 133017K->116361K(260032K), 0.0159510 secs] [Times: user=0.01 sys=0.00, real=0.01 secs] 
2012-10-23T13:59:17.738+0100: 329433.721: [GC 329433.721: [DefNew: 18501K->1805K(19136K), 0.0153480 secs] 133385K->116955K(260032K), 0.0159000 secs] [Times: user=0.01 sys=0.00, real=0.01 secs] 
2012-10-23T13:59:26.530+0100: 329442.513: [GC 329442.513: [DefNew: 18829K->2112K(19136K), 0.0185650 secs] 133979K->118055K(260032K), 0.0193200 secs] [Times: user=0.01 sys=0.00, real=0.02 secs] 
2012-10-23T13:59:37.679+0100: 329453.662: [GC 329453.662: [DefNew: 19136K->1755K(19136K), 0.0163030 secs] 135079K->117910K(260032K), 0.0169920 secs] [Times: user=0.02 sys=0.00, real=0.01 secs] 
2012-10-23T13:59:51.606+0100: 329467.589: [GC 329467.590: [DefNew: 18779K->1529K(19136K), 0.0150290 secs] 134934K->117914K(260032K), 0.0156150 secs] [Times: user=0.02 sys=0.00, real=0.02 secs] 
2012-10-23T14:00:03.652+0100: 329479.635: [GC 329479.635: [DefNew: 18553K->1462K(19136K), 0.0149410 secs] 134938K->118036K(260032K), 0.0155210 secs] [Times: user=0.02 sys=0.00, real=0.02 secs] 
2012-10-23T14:00:13.661+0100: 329489.644: [GC 329489.645: [DefNew: 18486K->933K(19136K), 0.0134690 secs] 135060K->117738K(260032K), 0.0140390 secs] [Times: user=0.01 sys=0.00, real=0.01 secs] 
2012-10-23T14:00:27.039+0100: 329503.022: [GC 329503.022: [DefNew: 17957K->1461K(19136K), 0.0143330 secs] 134762K->118266K(260032K), 0.0149220 secs] [Times: user=0.01 sys=0.00, real=0.01 secs] 
2012-10-23T14:00:40.820+0100: 329516.803: [GC 329516.803: [DefNew: 18485K->903K(19136K), 0.0259430 secs] 135290K->118176K(260032K), 0.0265990 secs] [Times: user=0.02 sys=0.00, real=0.02 secs] 
2012-10-23T14:00:53.668+0100: 329529.651: [GC 329529.651: [DefNew: 17927K->1789K(19136K), 0.0144970 secs] 135200K->119062K(260032K), 0.0151030 secs] [Times: user=0.02 sys=0.00, real=0.01 secs] 
2012-10-23T14:01:03.646+0100: 329539.629: [GC 329539.629: [DefNew: 18806K->395K(19136K), 0.0149610 secs] 136080K->118224K(260032K), 0.0155270 secs] [Times: user=0.01 sys=0.00, real=0.02 secs] 
2012-10-23T14:01:13.240+0100: 329549.223: [GC 329549.223: [DefNew: 17419K->593K(19136K), 0.0118220 secs] 135248K->118423K(260032K), 0.0123180 secs] [Times: user=0.01 sys=0.00, real=0.01 secs] 
2012-10-23T14:01:23.767+0100: 329559.751: [GC 329559.751: [DefNew: 17617K->907K(19136K), 0.0143590 secs] 135447K->118736K(260032K), 0.0149020 secs] [Times: user=0.01 sys=0.00, real=0.01 secs] 
2012-10-23T14:01:33.663+0100: 329569.646: [GC 329569.646: [DefNew: 17931K->2112K(19136K), 0.0165880 secs] 135760K->119990K(260032K), 0.0172230 secs] [Times: user=0.02 sys=0.00, real=0.02 secs] 
2012-10-23T14:01:45.629+0100: 329581.612: [GC 329581.613: [DefNew: 19136K->1140K(19136K), 0.0298460 secs] 137014K->120032K(260032K), 0.0306400 secs] [Times: user=0.02 sys=0.00, real=0.03 secs] 
2012-10-23T14:01:57.368+0100: 329593.351: [GC 329593.352: [DefNew: 18164K->1288K(19136K), 0.0152960 secs] 137056K->120403K(260032K), 0.0158570 secs] [Times: user=0.02 sys=0.00, real=0.01 secs] 
2012-10-23T14:02:09.959+0100: 329605.942: [GC 329605.942: [DefNew: 18312K->1637K(19136K), 0.0167090 secs] 137427K->120972K(260032K), 0.0173020 secs] [Times: user=0.01 sys=0.00, real=0.01 secs] 
2012-10-23T14:02:21.746+0100: 329617.729: [GC 329617.729: [DefNew: 18661K->1119K(19136K), 0.0168320 secs] 137996K->120687K(260032K), 0.0176080 secs] [Times: user=0.02 sys=0.00, real=0.02 secs] 
2012-10-23T14:02:35.755+0100: 329631.738: [GC 329631.738: [DefNew: 18143K->1480K(19136K), 0.0148970 secs] 137711K->121297K(260032K), 0.0155190 secs] [Times: user=0.03 sys=0.00, real=0.02 secs] 
2012-10-23T14:02:51.926+0100: 329647.909: [GC 329647.909: [DefNew: 18504K->1767K(19136K), 0.0147990 secs] 138321K->121794K(260032K), 0.0153690 secs] [Times: user=0.02 sys=0.00, real=0.02 secs] 
2012-10-23T14:03:02.443+0100: 329658.426: [GC 329658.426: [DefNew: 18791K->1876K(19136K), 0.0163850 secs] 138818K->122128K(260032K), 0.0169790 secs] [Times: user=0.02 sys=0.00, real=0.02 secs] 
2012-10-23T14:03:11.661+0100: 329667.644: [GC 329667.644: [DefNew: 18900K->2111K(19136K), 0.0166820 secs] 139152K->122807K(260032K), 0.0173200 secs] [Times: user=0.03 sys=0.00, real=0.02 secs] 
2012-10-23T14:03:23.426+0100: 329679.409: [GC 329679.409: [DefNew: 19135K->326K(19136K), 0.0115130 secs] 139831K->121189K(260032K), 0.0120970 secs] [Times: user=0.02 sys=0.00, real=0.02 secs] 
2012-10-23T14:03:31.826+0100: 329687.809: [GC 329687.809: [DefNew: 17350K->2112K(19136K), 0.0160720 secs] 138213K->123486K(260032K), 0.0166900 secs] [Times: user=0.02 sys=0.00, real=0.02 secs] 
2012-10-23T14:03:42.340+0100: 329698.323: [GC 329698.323: [DefNew: 19136K->1994K(19136K), 0.0174800 secs] 140510K->123719K(260032K), 0.0181170 secs] [Times: user=0.02 sys=0.00, real=0.02 secs] 
2012-10-23T14:03:54.934+0100: 329710.918: [GC 329710.918: [DefNew: 19018K->1668K(19136K), 0.0161380 secs] 140743K->123658K(260032K), 0.0167840 secs] [Times: user=0.01 sys=0.00, real=0.02 secs] 
2012-10-23T14:04:07.658+0100: 329723.641: [GC 329723.642: [DefNew: 18678K->1215K(19136K), 0.0145530 secs] 140669K->123431K(260032K), 0.0151140 secs] [Times: user=0.01 sys=0.00, real=0.01 secs] 
2012-10-23T14:04:19.654+0100: 329735.637: [GC 329735.638: [DefNew: 18239K->720K(19136K), 0.0138980 secs] 140455K->123164K(260032K), 0.0145290 secs] [Times: user=0.02 sys=0.00, real=0.02 secs] 
2012-10-23T14:04:30.665+0100: 329746.648: [GC 329746.649: [DefNew: 17744K->1810K(19136K), 0.0145570 secs] 140188K->124254K(260032K), 0.0151090 secs] [Times: user=0.01 sys=0.00, real=0.02 secs] 
2012-10-23T14:04:49.653+0100: 329765.636: [GC 329765.636: [DefNew: 18808K->475K(19136K), 0.0131420 secs] 141252K->123306K(260032K), 0.0136630 secs] [Times: user=0.01 sys=0.00, real=0.01 secs] 
2012-10-23T14:04:59.672+0100: 329775.655: [GC 329775.656: [DefNew: 17498K->1748K(19136K), 0.0130450 secs] 140329K->124579K(260032K), 0.0136790 secs] [Times: user=0.01 sys=0.00, real=0.01 secs] 
2012-10-23T14:05:10.540+0100: 329786.523: [GC 329786.523: [DefNew: 18772K->1009K(19136K), 0.0144160 secs] 141603K->124178K(260032K), 0.0149070 secs] [Times: user=0.02 sys=0.00, real=0.01 secs] 
2012-10-23T14:05:20.680+0100: 329796.663: [GC 329796.665: [DefNew: 18009K->1066K(19136K), 0.0157150 secs] 141178K->124235K(260032K), 0.0179890 secs] [Times: user=0.02 sys=0.00, real=0.02 secs] 
2012-10-23T14:05:30.881+0100: 329806.864: [GC 329806.865: [DefNew: 18090K->1765K(19136K), 0.0176920 secs] 141259K->125166K(260032K), 0.0182540 secs] [Times: user=0.02 sys=0.00, real=0.02 secs] 
2012-10-23T14:05:39.933+0100: 329815.916: [GC 329815.916: [DefNew: 18789K->1555K(19136K), 0.0160510 secs] 142190K->125354K(260032K), 0.0166270 secs] [Times: user=0.02 sys=0.00, real=0.02 secs] 
2012-10-23T14:05:52.526+0100: 329828.509: [GC 329828.509: [DefNew: 18579K->1831K(19136K), 0.0150550 secs] 142378K->125823K(260032K), 0.0156450 secs] [Times: user=0.02 sys=0.00, real=0.02 secs] 
2012-10-23T14:06:03.664+0100: 329839.647: [GC 329839.648: [DefNew: 18855K->898K(19136K), 0.0096740 secs] 142847K->125067K(260032K), 0.0101720 secs] [Times: user=0.01 sys=0.00, real=0.01 secs] 
2012-10-23T14:06:15.665+0100: 329851.648: [GC 329851.649: [DefNew: 17922K->1896K(19136K), 0.0150480 secs] 142091K->126065K(260032K), 0.0156210 secs] [Times: user=0.01 sys=0.00, real=0.02 secs] 
2012-10-23T14:06:31.671+0100: 329867.654: [GC 329867.654: [DefNew: 18916K->1069K(19136K), 0.0138230 secs] 143086K->125643K(260032K), 0.0142880 secs] [Times: user=0.01 sys=0.00, real=0.01 secs] 
2012-10-23T14:06:43.676+0100: 329879.659: [GC 329879.659: [DefNew: 18093K->1573K(19136K), 0.0141150 secs] 142667K->126285K(260032K), 0.0147510 secs] [Times: user=0.01 sys=0.00, real=0.02 secs] 
2012-10-23T14:06:59.654+0100: 329895.637: [GC 329895.638: [DefNew: 18597K->704K(19136K), 0.0126000 secs] 143309K->125640K(260032K), 0.0130830 secs] [Times: user=0.01 sys=0.00, real=0.02 secs] 
2012-10-23T14:07:10.225+0100: 329906.208: [GC 329906.209: [DefNew: 17728K->1672K(19136K), 0.0090450 secs] 142664K->126608K(260032K), 0.0094940 secs] [Times: user=0.01 sys=0.00, real=0.01 secs] 
2012-10-23T14:07:19.671+0100: 329915.654: [GC 329915.654: [DefNew: 18672K->1372K(19136K), 0.0152650 secs] 143608K->126682K(260032K), 0.0158360 secs] [Times: user=0.01 sys=0.00, real=0.01 secs] 
2012-10-23T14:07:33.326+0100: 329929.309: [GC 329929.309: [DefNew: 18396K->303K(19136K), 0.0116730 secs] 143706K->125838K(260032K), 0.0121540 secs] [Times: user=0.01 sys=0.00, real=0.02 secs] 
2012-10-23T14:07:41.760+0100: 329937.743: [GC 329937.743: [DefNew: 17327K->1327K(19136K), 0.0130920 secs] 142862K->126862K(260032K), 0.0136020 secs] [Times: user=0.01 sys=0.00, real=0.01 secs] 
2012-10-23T14:07:53.649+0100: 329949.632: [GC 329949.632: [DefNew: 18351K->692K(19136K), 0.0152690 secs] 143886K->126612K(260032K), 0.0159720 secs] [Times: user=0.01 sys=0.00, real=0.01 secs] 
2012-10-23T14:08:04.871+0100: 329960.854: [GC 329960.855: [DefNew: 17716K->1333K(19136K), 0.0158920 secs] 143636K->127253K(260032K), 0.0169380 secs] [Times: user=0.02 sys=0.00, real=0.02 secs] 
2012-10-23T14:08:17.467+0100: 329973.450: [GC 329973.450: [DefNew: 18357K->1294K(19136K), 0.0182870 secs] 144277K->127724K(260032K), 0.0188960 secs] [Times: user=0.02 sys=0.00, real=0.02 secs] 
2012-10-23T14:08:30.057+0100: 329986.040: [GC 329986.040: [DefNew: 18318K->410K(19136K), 0.0136790 secs] 144748K->127069K(260032K), 0.0142890 secs] [Times: user=0.02 sys=0.00, real=0.02 secs] 
2012-10-23T14:08:41.672+0100: 329997.655: [GC 329997.656: [DefNew: 17434K->1429K(19136K), 0.0153360 secs] 144093K->128087K(260032K), 0.0159510 secs] [Times: user=0.02 sys=0.00, real=0.02 secs] 
2012-10-23T14:08:57.670+0100: 330013.653: [GC 330013.654: [DefNew: 18453K->1345K(19136K), 0.0171230 secs] 145111K->128473K(260032K), 0.0177530 secs] [Times: user=0.01 sys=0.00, real=0.02 secs] 
2012-10-23T14:09:07.826+0100: 330023.809: [GC 330023.809: [DefNew: 18369K->1835K(19136K), 0.0167630 secs] 145497K->129234K(260032K), 0.0173950 secs] [Times: user=0.01 sys=0.00, real=0.02 secs] 
2012-10-23T14:09:17.674+0100: 330033.657: [GC 330033.657: [DefNew: 18859K->1261K(19136K), 0.0157200 secs] 146258K->128901K(260032K), 0.0163100 secs] [Times: user=0.02 sys=0.00, real=0.02 secs] 
2012-10-23T14:09:27.672+0100: 330043.655: [GC 330043.655: [DefNew: 18285K->1802K(19136K), 0.0167270 secs] 145925K->129708K(260032K), 0.0173870 secs] [Times: user=0.02 sys=0.00, real=0.02 secs] 
2012-10-23T14:09:37.674+0100: 330053.657: [GC 330053.657: [DefNew: 18826K->1894K(19136K), 0.0162700 secs] 146732K->129986K(260032K), 0.0169510 secs] [Times: user=0.01 sys=0.00, real=0.02 secs] 
2012-10-23T14:09:47.763+0100: 330063.746: [GC 330063.747: [DefNew: 18918K->1940K(19136K), 0.0176500 secs] 147010K->130257K(260032K), 0.0182820 secs] [Times: user=0.02 sys=0.00, real=0.02 secs] 
2012-10-23T14:10:01.674+0100: 330077.657: [GC 330077.658: [DefNew: 18964K->1318K(19136K), 0.0157470 secs] 147281K->129844K(260032K), 0.0163550 secs] [Times: user=0.02 sys=0.00, real=0.02 secs] 
2012-10-23T14:10:15.656+0100: 330091.640: [GC 330091.640: [DefNew: 18327K->2093K(19136K), 0.0170660 secs] 146854K->130823K(260032K), 0.0177250 secs] [Times: user=0.02 sys=0.00, real=0.02 secs] 
2012-10-23T14:10:25.982+0100: 330101.965: [GC 330101.965: [DefNew: 19117K->2111K(19136K), 0.0174670 secs] 147847K->131081K(260032K), 0.0180580 secs] [Times: user=0.02 sys=0.00, real=0.02 secs] 
2012-10-23T14:10:39.666+0100: 330115.649: [GC 330115.649: [DefNew: 19126K->1224K(19136K), 0.0162520 secs] 148096K->130418K(260032K), 0.0168610 secs] [Times: user=0.02 sys=0.00, real=0.02 secs] 
2012-10-23T14:10:59.153+0100: 330135.136: [GC 330135.136: [DefNew: 18248K->324K(19136K), 0.0130350 secs] 147442K->129812K(260032K), 0.0134890 secs] [Times: user=0.01 sys=0.00, real=0.01 secs] 
2012-10-23T14:11:10.871+0100: 330146.854: [GC 330146.854: [DefNew: 17348K->1169K(19136K), 0.0135060 secs] 146836K->130656K(260032K), 0.0140180 secs] [Times: user=0.01 sys=0.00, real=0.01 secs] 
2012-10-23T14:11:20.126+0100: 330156.109: [GC 330156.109: [DefNew: 18193K->2111K(19136K), 0.0173250 secs] 147680K->132201K(260032K), 0.0178760 secs] [Times: user=0.02 sys=0.00, real=0.02 secs] 
2012-10-23T14:11:30.656+0100: 330166.639: [GC 330166.640: [DefNew: 19135K->1683K(19136K), 0.0165300 secs] 149225K->132230K(260032K), 0.0170730 secs] [Times: user=0.02 sys=0.00, real=0.02 secs] 
2012-10-23T14:11:41.019+0100: 330177.002: [GC 330177.002: [DefNew: 18707K->1527K(19136K), 0.0146780 secs] 149254K->132313K(260032K), 0.0152180 secs] [Times: user=0.01 sys=0.00, real=0.01 secs] 
2012-10-23T14:11:55.674+0100: 330191.657: [GC 330191.658: [DefNew: 18551K->1268K(19136K), 0.0147230 secs] 149337K->132259K(260032K), 0.0152910 secs] [Times: user=0.02 sys=0.00, real=0.02 secs] 
2012-10-23T14:12:08.437+0100: 330204.420: [GC 330204.421: [DefNew: 18292K->1188K(19136K), 0.0121190 secs] 149283K->132316K(260032K), 0.0126280 secs] [Times: user=0.00 sys=0.01, real=0.01 secs] 
2012-10-23T14:12:21.039+0100: 330217.022: [GC 330217.022: [DefNew: 18212K->1544K(19136K), 0.0146450 secs] 149340K->132905K(260032K), 0.0152120 secs] [Times: user=0.01 sys=0.00, real=0.01 secs] 
2012-10-23T14:12:31.558+0100: 330227.541: [GC 330227.541: [DefNew: 18568K->1770K(19136K), 0.0156540 secs] 149929K->133274K(260032K), 0.0161800 secs] [Times: user=0.01 sys=0.00, real=0.01 secs] 
2012-10-23T14:12:44.125+0100: 330240.108: [GC 330240.109: [DefNew: 18794K->410K(19136K), 0.0130990 secs] 150298K->132159K(260032K), 0.0135800 secs] [Times: user=0.01 sys=0.00, real=0.02 secs] 
2012-10-23T14:12:57.679+0100: 330253.662: [GC 330253.663: [DefNew: 17417K->1630K(19136K), 0.0147090 secs] 149165K->133378K(260032K), 0.0153270 secs] [Times: user=0.02 sys=0.00, real=0.01 secs] 
2012-10-23T14:13:07.686+0100: 330263.669: [GC 330263.670: [DefNew: 18654K->1908K(19136K), 0.0201740 secs] 150402K->134183K(260032K), 0.0211150 secs] [Times: user=0.02 sys=0.00, real=0.03 secs] 
2012-10-23T14:13:19.682+0100: 330275.665: [GC 330275.665: [DefNew: 18932K->1465K(19136K), 0.0160010 secs] 151207K->134028K(260032K), 0.0168610 secs] [Times: user=0.02 sys=0.00, real=0.02 secs] 
2012-10-23T14:13:19.703+0100: 330275.686: [GC [1 CMS-initial-mark: 132563K(240896K)] 134197K(260032K), 0.0100750 secs] [Times: user=0.00 sys=0.00, real=0.01 secs] 
2012-10-23T14:13:19.713+0100: 330275.696: [CMS-concurrent-mark-start]
2012-10-23T14:13:19.877+0100: 330275.860: [CMS-concurrent-mark: 0.163/0.163 secs] [Times: user=0.16 sys=0.00, real=0.16 secs] 
2012-10-23T14:13:19.877+0100: 330275.860: [CMS-concurrent-preclean-start]
2012-10-23T14:13:19.882+0100: 330275.865: [CMS-concurrent-preclean: 0.005/0.005 secs] [Times: user=0.01 sys=0.00, real=0.01 secs] 
2012-10-23T14:13:19.886+0100: 330275.869: [GC[YG occupancy: 3046 K (19136 K)]330275.869: [Rescan (non-parallel) 330275.869: [grey object rescan, 0.0009470 secs]330275.870: [root rescan, 0.0093330 secs], 0.0103370 secs]330275.879: [weak refs processing, 0.0713800 secs] [1 CMS-remark: 132563K(240896K)] 135610K(260032K), 0.0841570 secs] [Times: user=0.09 sys=0.00, real=0.09 secs] 
2012-10-23T14:13:19.973+0100: 330275.955: [CMS-concurrent-sweep-start]
2012-10-23T14:13:20.253+0100: 330276.236: [CMS-concurrent-sweep: 0.281/0.281 secs] [Times: user=0.28 sys=0.00, real=0.28 secs] 
2012-10-23T14:13:20.254+0100: 330276.237: [CMS-concurrent-reset-start]
2012-10-23T14:13:20.254+0100: 330276.237: [CMS-concurrent-reset: 0.001/0.001 secs] [Times: user=0.00 sys=0.00, real=0.00 secs] 
2012-10-23T14:13:26.175+0100: 330282.158: [GC 330282.159: [DefNew: 18489K->2112K(19136K), 0.0446300 secs] 62046K->47021K(260032K), 0.0454050 secs] [Times: user=0.05 sys=0.00, real=0.05 secs] 
2012-10-23T14:13:37.682+0100: 330293.665: [GC 330293.666: [DefNew: 19136K->1878K(19136K), 0.0323830 secs] 64045K->48114K(260032K), 0.0332290 secs] [Times: user=0.04 sys=0.00, real=0.03 secs] 
2012-10-23T14:13:47.143+0100: 330303.126: [GC 330303.127: [DefNew: 18902K->1702K(19136K), 0.0158820 secs] 65138K->48224K(260032K), 0.0165040 secs] [Times: user=0.02 sys=0.00, real=0.02 secs] 
2012-10-23T14:13:58.638+0100: 330314.621: [GC 330314.622: [DefNew: 18726K->1956K(19136K), 0.0167320 secs] 65248K->48672K(260032K), 0.0175170 secs] [Times: user=0.02 sys=0.00, real=0.01 secs] 
2012-10-23T14:14:11.126+0100: 330327.109: [GC 330327.109: [DefNew: 18980K->1137K(19136K), 0.0162360 secs] 65696K->48113K(260032K), 0.0169210 secs] [Times: user=0.02 sys=0.00, real=0.02 secs] 
2012-10-23T14:14:21.668+0100: 330337.651: [GC 330337.652: [DefNew: 18161K->1690K(19136K), 0.0163210 secs] 65137K->48934K(260032K), 0.0170510 secs] [Times: user=0.01 sys=0.00, real=0.01 secs] 
2012-10-23T14:14:31.677+0100: 330347.660: [GC 330347.660: [DefNew: 18714K->2111K(19136K), 0.0181170 secs] 65958K->49889K(260032K), 0.0191260 secs] [Times: user=0.02 sys=0.00, real=0.02 secs] 
2012-10-23T14:14:43.685+0100: 330359.668: [GC 330359.668: [DefNew: 19135K->1588K(19136K), 0.0169560 secs] 66913K->49582K(260032K), 0.0179090 secs] [Times: user=0.01 sys=0.00, real=0.02 secs] 
2012-10-23T14:14:57.060+0100: 330373.043: [GC 330373.044: [DefNew: 18612K->1165K(19136K), 0.0247290 secs] 66606K->49412K(260032K), 0.0254900 secs] [Times: user=0.02 sys=0.00, real=0.02 secs] 
2012-10-23T14:15:09.672+0100: 330385.655: [GC 330385.655: [DefNew: 18180K->1151K(19136K), 0.0156030 secs] 66427K->49713K(260032K), 0.0163320 secs] [Times: user=0.02 sys=0.00, real=0.02 secs] 
2012-10-23T14:15:19.659+0100: 330395.642: [GC 330395.643: [DefNew: 18175K->358K(19136K), 0.0134280 secs] 66737K->49208K(260032K), 0.0140430 secs] [Times: user=0.01 sys=0.00, real=0.01 secs] 
2012-10-23T14:15:27.946+0100: 330403.929: [GC 330403.930: [DefNew: 17382K->2111K(19136K), 0.0170310 secs] 66232K->51425K(260032K), 0.0177050 secs] [Times: user=0.01 sys=0.00, real=0.02 secs] 
2012-10-23T14:15:39.682+0100: 330415.665: [GC 330415.666: [DefNew: 19135K->1444K(19136K), 0.0172680 secs] 68449K->51198K(260032K), 0.0179720 secs] [Times: user=0.01 sys=0.00, real=0.02 secs] 
2012-10-23T14:15:49.680+0100: 330425.663: [GC 330425.664: [DefNew: 18468K->1412K(19136K), 0.0149870 secs] 68222K->51399K(260032K), 0.0156780 secs] [Times: user=0.01 sys=0.00, real=0.01 secs] 
2012-10-23T14:15:59.697+0100: 330435.680: [GC 330435.680: [DefNew: 18436K->2111K(19136K), 0.0167840 secs] 68423K->52433K(260032K), 0.0177710 secs] [Times: user=0.03 sys=0.00, real=0.02 secs] 
2012-10-23T14:16:12.027+0100: 330448.010: [GC 330448.010: [DefNew: 19135K->1242K(19136K), 0.0146460 secs] 69457K->51784K(260032K), 0.0152330 secs] [Times: user=0.02 sys=0.00, real=0.02 secs] 
2012-10-23T14:16:23.661+0100: 330459.644: [GC 330459.645: [DefNew: 18266K->408K(19136K), 0.0131590 secs] 68808K->51176K(260032K), 0.0137350 secs] [Times: user=0.01 sys=0.00, real=0.01 secs] 
2012-10-23T14:16:33.073+0100: 330469.056: [GC 330469.057: [DefNew: 17432K->680K(19136K), 0.0135870 secs] 68200K->51448K(260032K), 0.0142100 secs] [Times: user=0.02 sys=0.00, real=0.02 secs] 
2012-10-23T14:16:45.672+0100: 330481.655: [GC 330481.656: [DefNew: 17704K->1710K(19136K), 0.0159800 secs] 68472K->52478K(260032K), 0.0166650 secs] [Times: user=0.02 sys=0.00, real=0.02 secs] 
2012-10-23T14:17:01.666+0100: 330497.649: [GC 330497.649: [DefNew: 18711K->1051K(19136K), 0.0183780 secs] 69478K->52541K(260032K), 0.0190040 secs] [Times: user=0.02 sys=0.00, real=0.02 secs] 
2012-10-23T14:17:11.709+0100: 330507.693: [GC 330507.693: [DefNew: 18075K->1571K(19136K), 0.0213630 secs] 69565K->53061K(260032K), 0.0222080 secs] [Times: user=0.02 sys=0.00, real=0.02 secs] 
2012-10-23T14:17:21.679+0100: 330517.663: [GC 330517.663: [DefNew: 18595K->1747K(19136K), 0.0178090 secs] 70085K->53754K(260032K), 0.0185240 secs] [Times: user=0.02 sys=0.00, real=0.02 secs] 
2012-10-23T14:17:31.859+0100: 330527.842: [GC 330527.843: [DefNew: 18771K->1697K(19136K), 0.0152980 secs] 70778K->53930K(260032K), 0.0159350 secs] [Times: user=0.01 sys=0.00, real=0.01 secs] 
2012-10-23T14:17:43.680+0100: 330539.663: [GC 330539.663: [DefNew: 18721K->1403K(19136K), 0.0141070 secs] 70954K->53799K(260032K), 0.0146500 secs] [Times: user=0.01 sys=0.00, real=0.01 secs] 
2012-10-23T14:17:53.668+0100: 330549.652: [GC 330549.652: [DefNew: 18395K->732K(19136K), 0.0135720 secs] 70791K->53334K(260032K), 0.0142100 secs] [Times: user=0.01 sys=0.00, real=0.01 secs] 
2012-10-23T14:18:05.477+0100: 330561.460: [GC 330561.460: [DefNew: 17756K->1858K(19136K), 0.0150440 secs] 70358K->54460K(260032K), 0.0157510 secs] [Times: user=0.01 sys=0.01, real=0.02 secs] 
2012-10-23T14:18:20.137+0100: 330576.120: [GC 330576.120: [DefNew: 18882K->1077K(19136K), 0.0168800 secs] 71484K->54132K(260032K), 0.0175110 secs] [Times: user=0.02 sys=0.00, real=0.02 secs] 
2012-10-23T14:18:31.201+0100: 330587.184: [GC 330587.185: [DefNew: 18101K->890K(19136K), 0.0142580 secs] 71156K->54220K(260032K), 0.0148600 secs] [Times: user=0.01 sys=0.00, real=0.01 secs] 
2012-10-23T14:18:41.677+0100: 330597.660: [GC 330597.660: [DefNew: 17914K->1507K(19136K), 0.0142200 secs] 71244K->54837K(260032K), 0.0148670 secs] [Times: user=0.01 sys=0.00, real=0.02 secs] 
2012-10-23T14:18:55.841+0100: 330611.824: [GC 330611.825: [DefNew: 18531K->1109K(19136K), 0.0266900 secs] 71861K->55003K(260032K), 0.0273980 secs] [Times: user=0.02 sys=0.00, real=0.03 secs] 
2012-10-23T14:19:09.682+0100: 330625.665: [GC 330625.665: [DefNew: 18133K->1409K(19136K), 0.0143180 secs] 72027K->55451K(260032K), 0.0148880 secs] [Times: user=0.01 sys=0.00, real=0.01 secs] 
2012-10-23T14:19:19.676+0100: 330635.660: [GC 330635.660: [DefNew: 18433K->1513K(19136K), 0.0156470 secs] 72475K->55824K(260032K), 0.0162920 secs] [Times: user=0.01 sys=0.00, real=0.02 secs] 
2012-10-23T14:19:29.683+0100: 330645.666: [GC 330645.667: [DefNew: 18508K->1727K(19136K), 0.0147070 secs] 72819K->56327K(260032K), 0.0152760 secs] [Times: user=0.02 sys=0.00, real=0.02 secs] 
2012-10-23T14:19:42.033+0100: 330658.016: [GC 330658.016: [DefNew: 18751K->1682K(19136K), 0.0142470 secs] 73351K->56455K(260032K), 0.0147830 secs] [Times: user=0.01 sys=0.00, real=0.02 secs] 
2012-10-23T14:19:51.666+0100: 330667.649: [GC 330667.650: [DefNew: 18706K->1737K(19136K), 0.0101950 secs] 73479K->56698K(260032K), 0.0106690 secs] [Times: user=0.02 sys=0.00, real=0.01 secs] 
2012-10-23T14:20:01.743+0100: 330677.726: [GC 330677.727: [DefNew: 18761K->1707K(19136K), 0.0194010 secs] 73722K->56890K(260032K), 0.0202560 secs] [Times: user=0.02 sys=0.00, real=0.02 secs] 
2012-10-23T14:20:13.526+0100: 330689.509: [GC 330689.509: [DefNew: 18731K->372K(19136K), 0.0132590 secs] 73914K->55781K(260032K), 0.0138830 secs] [Times: user=0.01 sys=0.00, real=0.02 secs] 
2012-10-23T14:20:25.683+0100: 330701.666: [GC 330701.666: [DefNew: 17396K->1720K(19136K), 0.0155910 secs] 72805K->57129K(260032K), 0.0162140 secs] [Times: user=0.01 sys=0.00, real=0.02 secs] 
2012-10-23T14:20:33.688+0100: 330709.671: [GC 330709.671: [DefNew: 18744K->2111K(19136K), 0.0194660 secs] 74153K->58368K(260032K), 0.0201200 secs] [Times: user=0.02 sys=0.00, real=0.02 secs] 
2012-10-23T14:20:46.030+0100: 330722.013: [GC 330722.013: [DefNew: 19135K->920K(19136K), 0.0198770 secs] 75392K->57352K(260032K), 0.0205860 secs] [Times: user=0.01 sys=0.01, real=0.02 secs] 
2012-10-23T14:21:01.844+0100: 330737.827: [GC 330737.827: [DefNew: 17944K->1232K(19136K), 0.0141630 secs] 74376K->57664K(260032K), 0.0147630 secs] [Times: user=0.01 sys=0.00, real=0.02 secs] 
2012-10-23T14:21:13.687+0100: 330749.670: [GC 330749.671: [DefNew: 18248K->1685K(19136K), 0.0159410 secs] 74680K->58343K(260032K), 0.0166260 secs] [Times: user=0.01 sys=0.00, real=0.02 secs] 
2012-10-23T14:21:25.243+0100: 330761.226: [GC 330761.226: [DefNew: 18709K->1258K(19136K), 0.0147410 secs] 75367K->58307K(260032K), 0.0153090 secs] [Times: user=0.02 sys=0.00, real=0.02 secs] 
2012-10-23T14:21:35.697+0100: 330771.680: [GC 330771.680: [DefNew: 18272K->2112K(19136K), 0.0185430 secs] 75321K->59852K(260032K), 0.0192040 secs] [Times: user=0.02 sys=0.00, real=0.02 secs] 
2012-10-23T14:21:45.979+0100: 330781.962: [GC 330781.962: [DefNew: 19136K->1561K(19136K), 0.0145520 secs] 76876K->59528K(260032K), 0.0151000 secs] [Times: user=0.01 sys=0.00, real=0.01 secs] 
2012-10-23T14:21:56.482+0100: 330792.465: [GC 330792.466: [DefNew: 18585K->1362K(19136K), 0.0150570 secs] 76552K->59549K(260032K), 0.0156840 secs] [Times: user=0.03 sys=0.00, real=0.02 secs] 
2012-10-23T14:22:07.667+0100: 330803.650: [GC 330803.651: [DefNew: 18386K->1762K(19136K), 0.0161110 secs] 76573K->60305K(260032K), 0.0167870 secs] [Times: user=0.00 sys=0.01, real=0.01 secs] 
2012-10-23T14:22:21.685+0100: 330817.668: [GC 330817.668: [DefNew: 18786K->1204K(19136K), 0.0141260 secs] 77329K->59988K(260032K), 0.0147130 secs] [Times: user=0.02 sys=0.00, real=0.02 secs] 
2012-10-23T14:22:32.159+0100: 330828.142: [GC 330828.142: [DefNew: 18228K->1974K(19136K), 0.0113870 secs] 77012K->60968K(260032K), 0.0118980 secs] [Times: user=0.01 sys=0.00, real=0.01 secs] 
2012-10-23T14:22:43.683+0100: 330839.666: [GC 330839.666: [DefNew: 18998K->1161K(19136K), 0.0143440 secs] 77992K->60379K(260032K), 0.0149840 secs] [Times: user=0.02 sys=0.00, real=0.02 secs] 
2012-10-23T14:22:55.281+0100: 330851.264: [GC 330851.264: [DefNew: 18185K->1615K(19136K), 0.0156960 secs] 77403K->61074K(260032K), 0.0163300 secs] [Times: user=0.02 sys=0.00, real=0.02 secs] 
2012-10-23T14:23:12.055+0100: 330868.038: [GC 330868.038: [DefNew: 18639K->1860K(19136K), 0.0167370 secs] 78098K->61543K(260032K), 0.0173590 secs] [Times: user=0.02 sys=0.00, real=0.02 secs] 
2012-10-23T14:23:24.630+0100: 330880.614: [GC 330880.614: [DefNew: 18884K->1803K(19136K), 0.0156560 secs] 78567K->61757K(260032K), 0.0163110 secs] [Times: user=0.02 sys=0.00, real=0.01 secs] 
2012-10-23T14:23:35.845+0100: 330891.828: [GC 330891.829: [DefNew: 18827K->1644K(19136K), 0.0189170 secs] 78781K->61815K(260032K), 0.0197460 secs] [Times: user=0.02 sys=0.00, real=0.02 secs] 
2012-10-23T14:23:47.760+0100: 330903.743: [GC 330903.743: [DefNew: 18668K->2111K(19136K), 0.0158780 secs] 78839K->62720K(260032K), 0.0163840 secs] [Times: user=0.02 sys=0.00, real=0.01 secs] 
2012-10-23T14:24:03.650+0100: 330919.633: [GC 330919.634: [DefNew: 19135K->1213K(19136K), 0.0140020 secs] 79744K->62111K(260032K), 0.0145140 secs] [Times: user=0.02 sys=0.00, real=0.01 secs] 
2012-10-23T14:24:10.834+0100: 330926.817: [GC 330926.818: [DefNew: 18237K->2111K(19136K), 0.0198060 secs] 79135K->63423K(260032K), 0.0203700 secs] [Times: user=0.03 sys=0.00, real=0.02 secs] 
2012-10-23T14:24:21.690+0100: 330937.673: [GC 330937.673: [DefNew: 19135K->1489K(19136K), 0.0148860 secs] 80447K->63008K(260032K), 0.0154440 secs] [Times: user=0.02 sys=0.00, real=0.01 secs] 
2012-10-23T14:24:39.708+0100: 330955.691: [GC 330955.691: [DefNew: 18513K->1251K(19136K), 0.0138150 secs] 80032K->62992K(260032K), 0.0143740 secs] [Times: user=0.02 sys=0.00, real=0.01 secs] 
2012-10-23T14:24:52.030+0100: 330968.013: [GC 330968.013: [DefNew: 18275K->1532K(19136K), 0.0094320 secs] 80016K->63368K(260032K), 0.0098260 secs] [Times: user=0.01 sys=0.00, real=0.01 secs] 
2012-10-23T14:25:05.473+0100: 330981.456: [GC 330981.456: [DefNew: 18556K->494K(19136K), 0.0120870 secs] 80392K->62466K(260032K), 0.0126040 secs] [Times: user=0.01 sys=0.00, real=0.01 secs] 
2012-10-23T14:25:21.724+0100: 330997.707: [GC 330997.707: [DefNew: 17518K->1706K(19136K), 0.0167840 secs] 79490K->63678K(260032K), 0.0171820 secs] [Times: user=0.01 sys=0.00, real=0.02 secs] 
2012-10-23T14:25:33.692+0100: 331009.675: [GC 331009.676: [DefNew: 18715K->1267K(19136K), 0.0133460 secs] 80688K->63557K(260032K), 0.0137740 secs] [Times: user=0.01 sys=0.00, real=0.01 secs] 
2012-10-23T14:25:47.678+0100: 331023.661: [GC 331023.662: [DefNew: 18291K->1184K(19136K), 0.0124470 secs] 80581K->63655K(260032K), 0.0132060 secs] [Times: user=0.01 sys=0.00, real=0.01 secs] 
2012-10-23T14:25:57.690+0100: 331033.673: [GC 331033.673: [DefNew: 18208K->1959K(19136K), 0.0141360 secs] 80679K->64620K(260032K), 0.0146080 secs] [Times: user=0.01 sys=0.00, real=0.01 secs] 
2012-10-23T14:26:10.526+0100: 331046.509: [GC 331046.510: [DefNew: 18983K->1456K(19136K), 0.0137600 secs] 81644K->64372K(260032K), 0.0142530 secs] [Times: user=0.02 sys=0.00, real=0.02 secs] 
2012-10-23T14:26:23.701+0100: 331059.685: [GC 331059.685: [DefNew: 18480K->1852K(19136K), 0.0151710 secs] 81396K->64948K(260032K), 0.0158650 secs] [Times: user=0.01 sys=0.00, real=0.02 secs] 
2012-10-23T14:26:37.835+0100: 331073.818: [GC 331073.819: [DefNew: 18876K->1835K(19136K), 0.0154630 secs] 81972K->65227K(260032K), 0.0159820 secs] [Times: user=0.02 sys=0.00, real=0.02 secs] 
2012-10-23T14:26:58.883+0100: 331094.866: [GC 331094.866: [DefNew: 18859K->1962K(19136K), 0.0134550 secs] 82251K->65510K(260032K), 0.0138480 secs] [Times: user=0.01 sys=0.00, real=0.01 secs] 
2012-10-23T14:27:09.691+0100: 331105.674: [GC 331105.674: [DefNew: 18986K->726K(19136K), 0.0110890 secs] 82534K->64402K(260032K), 0.0114880 secs] [Times: user=0.01 sys=0.00, real=0.01 secs] 
2012-10-23T14:27:23.672+0100: 331119.655: [GC 331119.656: [DefNew: 17746K->484K(19136K), 0.0093630 secs] 81422K->64161K(260032K), 0.0096840 secs] [Times: user=0.00 sys=0.00, real=0.01 secs] 
2012-10-23T14:27:33.690+0100: 331129.673: [GC 331129.674: [DefNew: 17508K->1891K(19136K), 0.0136860 secs] 81185K->65567K(260032K), 0.0142780 secs] [Times: user=0.02 sys=0.00, real=0.01 secs] 
2012-10-23T14:27:45.057+0100: 331141.040: [GC 331141.041: [DefNew: 18915K->1782K(19136K), 0.0163510 secs] 82591K->66010K(260032K), 0.0168870 secs] [Times: user=0.00 sys=0.01, real=0.01 secs] 
2012-10-23T14:27:55.693+0100: 331151.676: [GC 331151.677: [DefNew: 18806K->1875K(19136K), 0.0161020 secs] 83034K->66353K(260032K), 0.0167560 secs] [Times: user=0.02 sys=0.00, real=0.02 secs] 
2012-10-23T14:28:08.174+0100: 331164.157: [GC 331164.158: [DefNew: 18899K->1658K(19136K), 0.0165700 secs] 83377K->66387K(260032K), 0.0171840 secs] [Times: user=0.01 sys=0.00, real=0.02 secs] 
2012-10-23T14:28:20.749+0100: 331176.732: [GC 331176.732: [DefNew: 18682K->1061K(19136K), 0.0154330 secs] 83411K->66054K(260032K), 0.0160760 secs] [Times: user=0.01 sys=0.00, real=0.01 secs] 
2012-10-23T14:28:31.693+0100: 331187.677: [GC 331187.677: [DefNew: 18085K->1742K(19136K), 0.0170640 secs] 83078K->66993K(260032K), 0.0178080 secs] [Times: user=0.02 sys=0.00, real=0.02 secs] 
2012-10-23T14:28:43.922+0100: 331199.905: [GC 331199.905: [DefNew: 18766K->1690K(19136K), 0.0165990 secs] 84017K->67204K(260032K), 0.0173240 secs] [Times: user=0.02 sys=0.00, real=0.02 secs] 
2012-10-23T14:28:59.727+0100: 331215.710: [GC 331215.710: [DefNew: 18714K->1221K(19136K), 0.0143480 secs] 84228K->66960K(260032K), 0.0148980 secs] [Times: user=0.01 sys=0.00, real=0.02 secs] 
2012-10-23T14:29:06.960+0100: 331222.943: [GC 331222.944: [DefNew: 18245K->1849K(19136K), 0.0153250 secs] 83984K->67803K(260032K), 0.0159080 secs] [Times: user=0.01 sys=0.00, real=0.01 secs] 
2012-10-23T14:29:21.691+0100: 331237.674: [GC 331237.674: [DefNew: 18873K->1513K(19136K), 0.0212780 secs] 84827K->67632K(260032K), 0.0218730 secs] [Times: user=0.01 sys=0.00, real=0.02 secs] 
2012-10-23T14:29:35.697+0100: 331251.680: [GC 331251.680: [DefNew: 18536K->1507K(19136K), 0.0122620 secs] 84655K->67787K(260032K), 0.0127050 secs] [Times: user=0.01 sys=0.00, real=0.02 secs] 
2012-10-23T14:29:47.700+0100: 331263.683: [GC 331263.684: [DefNew: 18531K->2011K(19136K), 0.0151890 secs] 84811K->68428K(260032K), 0.0157170 secs] [Times: user=0.01 sys=0.00, real=0.01 secs] 
2012-10-23T14:29:59.695+0100: 331275.679: [GC 331275.679: [DefNew: 19033K->1381K(19136K), 0.0140270 secs] 85450K->68023K(260032K), 0.0146080 secs] [Times: user=0.01 sys=0.00, real=0.02 secs] 
2012-10-23T14:30:13.680+0100: 331289.663: [GC 331289.664: [DefNew: 18389K->468K(19136K), 0.0114390 secs] 85030K->67409K(260032K), 0.0118530 secs] [Times: user=0.01 sys=0.00, real=0.01 secs] 
2012-10-23T14:30:24.627+0100: 331300.610: [GC 331300.610: [DefNew: 17492K->1318K(19136K), 0.0134100 secs] 84433K->68259K(260032K), 0.0139780 secs] [Times: user=0.02 sys=0.00, real=0.02 secs] 
2012-10-23T14:30:33.692+0100: 331309.675: [GC 331309.676: [DefNew: 18342K->1724K(19136K), 0.0168880 secs] 85283K->69068K(260032K), 0.0175170 secs] [Times: user=0.01 sys=0.00, real=0.02 secs] 
2012-10-23T14:30:51.980+0100: 331327.963: [GC 331327.963: [DefNew: 18748K->1161K(19136K), 0.0134470 secs] 86092K->68731K(260032K), 0.0139420 secs] [Times: user=0.01 sys=0.00, real=0.01 secs] 
2012-10-23T14:31:02.448+0100: 331338.431: [GC 331338.432: [DefNew: 18185K->1716K(19136K), 0.0129710 secs] 85755K->69430K(260032K), 0.0136900 secs] [Times: user=0.02 sys=0.00, real=0.01 secs] 
2012-10-23T14:31:15.070+0100: 331351.053: [GC 331351.054: [DefNew: 18740K->1773K(19136K), 0.0154980 secs] 86454K->69696K(260032K), 0.0160800 secs] [Times: user=0.01 sys=0.00, real=0.01 secs] 
2012-10-23T14:31:25.690+0100: 331361.673: [GC 331361.673: [DefNew: 18797K->1800K(19136K), 0.0156530 secs] 86720K->69976K(260032K), 0.0162370 secs] [Times: user=0.01 sys=0.00, real=0.01 secs] 
2012-10-23T14:31:37.678+0100: 331373.661: [GC 331373.661: [DefNew: 18822K->1117K(19136K), 0.0092490 secs] 86998K->69536K(260032K), 0.0096710 secs] [Times: user=0.01 sys=0.00, real=0.01 secs] 
2012-10-23T14:31:49.674+0100: 331385.657: [GC 331385.657: [DefNew: 18141K->356K(19136K), 0.0091860 secs] 86560K->69002K(260032K), 0.0097240 secs] [Times: user=0.00 sys=0.00, real=0.01 secs] 
2012-10-23T14:31:59.688+0100: 331395.671: [GC 331395.672: [DefNew: 17373K->1506K(19136K), 0.0103020 secs] 86018K->70152K(260032K), 0.0108900 secs] [Times: user=0.01 sys=0.00, real=0.01 secs] 
2012-10-23T14:32:15.688+0100: 331411.671: [GC 331411.671: [DefNew: 18530K->1718K(19136K), 0.0106260 secs] 87176K->70784K(260032K), 0.0110330 secs] [Times: user=0.01 sys=0.00, real=0.01 secs] 
2012-10-23T14:32:26.460+0100: 331422.443: [GC 331422.443: [DefNew: 18742K->1740K(19136K), 0.0140670 secs] 87808K->70899K(260032K), 0.0147350 secs] [Times: user=0.01 sys=0.00, real=0.01 secs] 
2012-10-23T14:32:39.041+0100: 331435.024: [GC 331435.024: [DefNew: 18764K->432K(19136K), 0.0119610 secs] 87923K->69764K(260032K), 0.0123910 secs] [Times: user=0.01 sys=0.00, real=0.01 secs] 
2012-10-23T14:32:51.699+0100: 331447.682: [GC 331447.682: [DefNew: 17456K->1993K(19136K), 0.0142450 secs] 86788K->71325K(260032K), 0.0147610 secs] [Times: user=0.02 sys=0.00, real=0.01 secs] 
2012-10-23T14:33:03.684+0100: 331459.667: [GC 331459.668: [DefNew: 19017K->1030K(19136K), 0.0141810 secs] 88349K->70787K(260032K), 0.0146630 secs] [Times: user=0.02 sys=0.00, real=0.02 secs] 
2012-10-23T14:33:15.686+0100: 331471.669: [GC 331471.669: [DefNew: 18035K->1595K(19136K), 0.0135160 secs] 87791K->71351K(260032K), 0.0140830 secs] [Times: user=0.01 sys=0.00, real=0.02 secs] 
2012-10-23T14:33:26.020+0100: 331482.003: [GC 331482.003: [DefNew: 18606K->1703K(19136K), 0.0278680 secs] 88363K->71911K(260032K), 0.0285750 secs] [Times: user=0.02 sys=0.00, real=0.03 secs] 
2012-10-23T14:33:37.868+0100: 331493.851: [GC 331493.851: [DefNew: 18727K->1367K(19136K), 0.0150120 secs] 88935K->71798K(260032K), 0.0155790 secs] [Times: user=0.01 sys=0.00, real=0.01 secs] 
2012-10-23T14:33:49.688+0100: 331505.671: [GC 331505.672: [DefNew: 18391K->815K(19136K), 0.0139480 secs] 88822K->71504K(260032K), 0.0145390 secs] [Times: user=0.00 sys=0.01, real=0.01 secs] 
2012-10-23T14:34:01.697+0100: 331517.681: [GC 331517.681: [DefNew: 17839K->1487K(19136K), 0.0141780 secs] 88528K->72176K(260032K), 0.0147600 secs] [Times: user=0.01 sys=0.00, real=0.01 secs] 
2012-10-23T14:34:15.681+0100: 331531.665: [GC 331531.665: [DefNew: 18509K->470K(19136K), 0.0139340 secs] 89198K->71583K(260032K), 0.0145000 secs] [Times: user=0.01 sys=0.00, real=0.01 secs] 
2012-10-23T14:34:25.911+0100: 331541.894: [GC 331541.894: [DefNew: 17494K->1258K(19136K), 0.0224260 secs] 88607K->72370K(260032K), 0.0230740 secs] [Times: user=0.02 sys=0.00, real=0.02 secs] 
2012-10-23T14:34:36.626+0100: 331552.609: [GC 331552.609: [DefNew: 18282K->1938K(19136K), 0.0161710 secs] 89394K->73274K(260032K), 0.0167570 secs] [Times: user=0.00 sys=0.01, real=0.02 secs] 
2012-10-23T14:34:49.246+0100: 331565.229: [GC 331565.229: [DefNew: 18962K->403K(19136K), 0.0291600 secs] 90298K->72140K(260032K), 0.0297720 secs] [Times: user=0.02 sys=0.00, real=0.03 secs] 
2012-10-23T14:34:59.779+0100: 331575.762: [GC 331575.762: [DefNew: 17427K->1241K(19136K), 0.0144420 secs] 89164K->72978K(260032K), 0.0149850 secs] [Times: user=0.01 sys=0.00, real=0.01 secs] 
2012-10-23T14:35:11.056+0100: 331587.039: [GC 331587.040: [DefNew: 18265K->2111K(19136K), 0.0194040 secs] 90002K->74598K(260032K), 0.0201160 secs] [Times: user=0.02 sys=0.00, real=0.02 secs] 
2012-10-23T14:35:21.859+0100: 331597.843: [GC 331597.843: [DefNew: 19135K->1172K(19136K), 0.0169540 secs] 91622K->74115K(260032K), 0.0177140 secs] [Times: user=0.02 sys=0.00, real=0.02 secs] 
2012-10-23T14:35:35.478+0100: 331611.461: [GC 331611.461: [DefNew: 18196K->367K(19136K), 0.0135580 secs] 91139K->73536K(260032K), 0.0140980 secs] [Times: user=0.01 sys=0.00, real=0.01 secs] 
2012-10-23T14:35:45.958+0100: 331621.941: [GC 331621.941: [DefNew: 17391K->2112K(19136K), 0.0166360 secs] 90560K->75812K(260032K), 0.0172670 secs] [Times: user=0.01 sys=0.00, real=0.01 secs] 
2012-10-23T14:35:56.477+0100: 331632.460: [GC 331632.461: [DefNew: 19136K->1843K(19136K), 0.0172330 secs] 92836K->75883K(260032K), 0.0179600 secs] [Times: user=0.02 sys=0.00, real=0.02 secs] 
2012-10-23T14:36:06.926+0100: 331642.909: [GC 331642.910: [DefNew: 18867K->1657K(19136K), 0.0165140 secs] 92907K->75957K(260032K), 0.0171310 secs] [Times: user=0.02 sys=0.00, real=0.02 secs] 
2012-10-23T14:36:19.557+0100: 331655.540: [GC 331655.540: [DefNew: 18681K->439K(19136K), 0.0126970 secs] 92981K->74930K(260032K), 0.0132090 secs] [Times: user=0.01 sys=0.00, real=0.02 secs] 
2012-10-23T14:36:30.042+0100: 331666.025: [GC 331666.025: [DefNew: 17463K->1876K(19136K), 0.0142230 secs] 91954K->76367K(260032K), 0.0147660 secs] [Times: user=0.01 sys=0.00, real=0.01 secs] 
2012-10-23T14:36:40.942+0100: 331676.925: [GC 331676.926: [DefNew: 18900K->1094K(19136K), 0.0178220 secs] 93391K->76000K(260032K), 0.0185900 secs] [Times: user=0.01 sys=0.00, real=0.02 secs] 
2012-10-23T14:36:55.694+0100: 331691.677: [GC 331691.678: [DefNew: 18118K->1188K(19136K), 0.0145070 secs] 93024K->76360K(260032K), 0.0151280 secs] [Times: user=0.02 sys=0.00, real=0.02 secs] 
2012-10-23T14:37:09.962+0100: 331705.945: [GC 331705.946: [DefNew: 18212K->942K(19136K), 0.0131430 secs] 93384K->76295K(260032K), 0.0136700 secs] [Times: user=0.01 sys=0.00, real=0.01 secs] 
2012-10-23T14:37:25.680+0100: 331721.663: [GC 331721.663: [DefNew: 17966K->406K(19136K), 0.0106040 secs] 93319K->75759K(260032K), 0.0110140 secs] [Times: user=0.01 sys=0.00, real=0.01 secs] 
2012-10-23T14:37:35.698+0100: 331731.681: [GC 331731.681: [DefNew: 17425K->1600K(19136K), 0.0129600 secs] 92778K->76953K(260032K), 0.0134550 secs] [Times: user=0.02 sys=0.00, real=0.01 secs] 
2012-10-23T14:37:49.681+0100: 331745.664: [GC 331745.664: [DefNew: 18624K->358K(19136K), 0.0132320 secs] 93977K->76207K(260032K), 0.0136680 secs] [Times: user=0.01 sys=0.00, real=0.01 secs] 
2012-10-23T14:37:59.701+0100: 331755.684: [GC 331755.684: [DefNew: 17382K->2112K(19136K), 0.0144440 secs] 93231K->77964K(260032K), 0.0150140 secs] [Times: user=0.01 sys=0.00, real=0.01 secs] 
2012-10-23T14:38:09.686+0100: 331765.669: [GC 331765.669: [DefNew: 19108K->694K(19136K), 0.0149320 secs] 94961K->77028K(260032K), 0.0154900 secs] [Times: user=0.01 sys=0.00, real=0.02 secs] 
2012-10-23T14:38:21.701+0100: 331777.685: [GC 331777.685: [DefNew: 17718K->2024K(19136K), 0.0149990 secs] 94052K->78358K(260032K), 0.0156150 secs] [Times: user=0.02 sys=0.00, real=0.02 secs] 
2012-10-23T14:38:33.930+0100: 331789.913: [GC 331789.913: [DefNew: 19048K->1226K(19136K), 0.0161970 secs] 95382K->78008K(260032K), 0.0168450 secs] [Times: user=0.01 sys=0.01, real=0.01 secs] 
2012-10-23T14:38:45.699+0100: 331801.682: [GC 331801.682: [DefNew: 18250K->1848K(19136K), 0.0158960 secs] 95032K->78859K(260032K), 0.0165630 secs] [Times: user=0.02 sys=0.00, real=0.01 secs] 
2012-10-23T14:38:59.686+0100: 331815.669: [GC 331815.669: [DefNew: 18862K->666K(19136K), 0.0133450 secs] 95873K->77901K(260032K), 0.0139290 secs] [Times: user=0.02 sys=0.00, real=0.02 secs] 
2012-10-23T14:39:11.747+0100: 331827.730: [GC 331827.731: [DefNew: 17690K->1930K(19136K), 0.0144240 secs] 94925K->79166K(260032K), 0.0150100 secs] [Times: user=0.02 sys=0.00, real=0.02 secs] 
2012-10-23T14:39:27.026+0100: 331843.009: [GC 331843.009: [DefNew: 18954K->1057K(19136K), 0.0142440 secs] 96190K->78670K(260032K), 0.0147380 secs] [Times: user=0.02 sys=0.00, real=0.02 secs] 
2012-10-23T14:39:39.059+0100: 331855.042: [GC 331855.042: [DefNew: 18080K->390K(19136K), 0.0114580 secs] 95694K->78171K(260032K), 0.0119420 secs] [Times: user=0.01 sys=0.00, real=0.01 secs] 
2012-10-23T14:39:51.684+0100: 331867.667: [GC 331867.667: [DefNew: 17414K->1888K(19136K), 0.0139310 secs] 95195K->79669K(260032K), 0.0144360 secs] [Times: user=0.01 sys=0.00, real=0.02 secs] 
2012-10-23T14:40:03.686+0100: 331879.669: [GC 331879.669: [DefNew: 18912K->291K(19136K), 0.0123300 secs] 96693K->78484K(260032K), 0.0127540 secs] [Times: user=0.02 sys=0.00, real=0.02 secs] 
2012-10-23T14:40:12.671+0100: 331888.654: [GC 331888.655: [DefNew: 17315K->2062K(19136K), 0.0146020 secs] 95508K->80256K(260032K), 0.0151260 secs] [Times: user=0.02 sys=0.00, real=0.01 secs] 
2012-10-23T14:40:25.700+0100: 331901.683: [GC 331901.684: [DefNew: 19074K->852K(19136K), 0.0141890 secs] 97268K->79443K(260032K), 0.0147060 secs] [Times: user=0.00 sys=0.00, real=0.01 secs] 
2012-10-23T14:40:37.826+0100: 331913.809: [GC 331913.810: [DefNew: 17876K->1331K(19136K), 0.0130500 secs] 96467K->79923K(260032K), 0.0136110 secs] [Times: user=0.01 sys=0.00, real=0.02 secs] 
2012-10-23T14:40:49.689+0100: 331925.672: [GC 331925.673: [DefNew: 18334K->647K(19136K), 0.0144730 secs] 96925K->79668K(260032K), 0.0150070 secs] [Times: user=0.02 sys=0.00, real=0.01 secs] 
2012-10-23T14:41:01.202+0100: 331937.185: [GC 331937.186: [DefNew: 17671K->1344K(19136K), 0.0151940 secs] 96692K->80366K(260032K), 0.0158530 secs] [Times: user=0.02 sys=0.00, real=0.02 secs] 
2012-10-23T14:41:15.675+0100: 331951.658: [GC 331951.658: [DefNew: 18368K->408K(19136K), 0.0152480 secs] 97390K->79930K(260032K), 0.0157780 secs] [Times: user=0.03 sys=0.00, real=0.02 secs] 
2012-10-23T14:41:26.181+0100: 331962.164: [GC 331962.164: [DefNew: 17432K->1898K(19136K), 0.0151400 secs] 96954K->81420K(260032K), 0.0157430 secs] [Times: user=0.02 sys=0.00, real=0.01 secs] 
2012-10-23T14:41:36.641+0100: 331972.624: [GC 331972.624: [DefNew: 18922K->1711K(19136K), 0.0118550 secs] 98444K->81639K(260032K), 0.0123340 secs] [Times: user=0.01 sys=0.00, real=0.01 secs] 
2012-10-23T14:41:51.706+0100: 331987.689: [GC 331987.689: [DefNew: 18735K->1126K(19136K), 0.0144750 secs] 98663K->81254K(260032K), 0.0150360 secs] [Times: user=0.01 sys=0.00, real=0.02 secs] 
2012-10-23T14:42:01.862+0100: 331997.845: [GC 331997.845: [DefNew: 18150K->1877K(19136K), 0.0157990 secs] 98278K->82176K(260032K), 0.0163690 secs] [Times: user=0.01 sys=0.00, real=0.02 secs] 
2012-10-23T14:42:11.761+0100: 332007.744: [GC 332007.744: [DefNew: 18901K->2112K(19136K), 0.0116020 secs] 99200K->82830K(260032K), 0.0120890 secs] [Times: user=0.01 sys=0.00, real=0.01 secs] 
2012-10-23T14:42:24.971+0100: 332020.954: [GC 332020.954: [DefNew: 19136K->1632K(19136K), 0.0156100 secs] 99854K->82538K(260032K), 0.0162060 secs] [Times: user=0.01 sys=0.00, real=0.02 secs] 
2012-10-23T14:42:35.703+0100: 332031.686: [GC 332031.687: [DefNew: 18656K->1596K(19136K), 0.0151180 secs] 99562K->82722K(260032K), 0.0157240 secs] [Times: user=0.02 sys=0.00, real=0.02 secs] 
2012-10-23T14:42:47.017+0100: 332043.000: [GC 332043.000: [DefNew: 18620K->1102K(19136K), 0.0151790 secs] 99746K->82471K(260032K), 0.0157730 secs] [Times: user=0.02 sys=0.00, real=0.02 secs] 
2012-10-23T14:42:59.904+0100: 332055.887: [GC 332055.888: [DefNew: 18126K->866K(19136K), 0.0148750 secs] 99495K->82460K(260032K), 0.0155320 secs] [Times: user=0.02 sys=0.00, real=0.02 secs] 
2012-10-23T14:43:11.707+0100: 332067.690: [GC 332067.691: [DefNew: 17890K->1431K(19136K), 0.0140600 secs] 99484K->83025K(260032K), 0.0146680 secs] [Times: user=0.00 sys=0.01, real=0.01 secs] 
2012-10-23T14:43:25.692+0100: 332081.675: [GC 332081.675: [DefNew: 18455K->394K(19136K), 0.0145550 secs] 100049K->82485K(260032K), 0.0151270 secs] [Times: user=0.01 sys=0.00, real=0.01 secs] 
2012-10-23T14:43:34.261+0100: 332090.244: [GC 332090.245: [DefNew: 17418K->1950K(19136K), 0.0155680 secs] 99509K->84041K(260032K), 0.0162610 secs] [Times: user=0.03 sys=0.00, real=0.02 secs] 
2012-10-23T14:43:45.993+0100: 332101.976: [GC 332101.976: [DefNew: 18974K->1139K(19136K), 0.0163100 secs] 101065K->83664K(260032K), 0.0169710 secs] [Times: user=0.02 sys=0.00, real=0.02 secs] 
2012-10-23T14:43:59.693+0100: 332115.676: [GC 332115.676: [DefNew: 18147K->587K(19136K), 0.0132480 secs] 100672K->83358K(260032K), 0.0138020 secs] [Times: user=0.02 sys=0.00, real=0.01 secs] 
2012-10-23T14:44:09.926+0100: 332125.909: [GC 332125.909: [DefNew: 17611K->1834K(19136K), 0.0144280 secs] 100382K->84605K(260032K), 0.0150450 secs] [Times: user=0.02 sys=0.00, real=0.02 secs] 
2012-10-23T14:44:21.056+0100: 332137.039: [GC 332137.039: [DefNew: 18858K->1142K(19136K), 0.0162540 secs] 101629K->84322K(260032K), 0.0169510 secs] [Times: user=0.02 sys=0.00, real=0.02 secs] 
2012-10-23T14:44:35.141+0100: 332151.124: [GC 332151.125: [DefNew: 18166K->1339K(19136K), 0.0111630 secs] 101346K->84789K(260032K), 0.0118410 secs] [Times: user=0.01 sys=0.00, real=0.01 secs] 
2012-10-23T14:44:45.694+0100: 332161.677: [GC 332161.677: [DefNew: 18353K->1269K(19136K), 0.0145420 secs] 101803K->84920K(260032K), 0.0151650 secs] [Times: user=0.01 sys=0.00, real=0.02 secs] 
2012-10-23T14:44:59.703+0100: 332175.686: [GC 332175.686: [DefNew: 18291K->784K(19136K), 0.0132740 secs] 101942K->84694K(260032K), 0.0137820 secs] [Times: user=0.01 sys=0.00, real=0.01 secs] 
2012-10-23T14:45:12.109+0100: 332188.092: [GC 332188.092: [DefNew: 17808K->1351K(19136K), 0.0139640 secs] 101718K->85261K(260032K), 0.0145530 secs] [Times: user=0.01 sys=0.00, real=0.01 secs] 
2012-10-23T14:45:23.426+0100: 332199.409: [GC 332199.409: [DefNew: 18375K->1811K(19136K), 0.0173340 secs] 102285K->86177K(260032K), 0.0179680 secs] [Times: user=0.02 sys=0.00, real=0.02 secs] 
2012-10-23T14:45:35.686+0100: 332211.669: [GC 332211.669: [DefNew: 18835K->504K(19136K), 0.0134950 secs] 103201K->85095K(260032K), 0.0140520 secs] [Times: user=0.02 sys=0.00, real=0.02 secs] 
2012-10-23T14:45:46.007+0100: 332221.990: [GC 332221.991: [DefNew: 17528K->1240K(19136K), 0.0149670 secs] 102119K->85832K(260032K), 0.0158460 secs] [Times: user=0.01 sys=0.00, real=0.01 secs] 
2012-10-23T14:45:59.154+0100: 332235.137: [GC 332235.138: [DefNew: 18264K->1606K(19136K), 0.0169020 secs] 102856K->86467K(260032K), 0.0175110 secs] [Times: user=0.01 sys=0.00, real=0.02 secs] 
2012-10-23T14:46:09.674+0100: 332245.657: [GC 332245.657: [DefNew: 18630K->429K(19136K), 0.0157420 secs] 103491K->85717K(260032K), 0.0163650 secs] [Times: user=0.02 sys=0.00, real=0.02 secs] 
2012-10-23T14:46:19.707+0100: 332255.690: [GC 332255.690: [DefNew: 17453K->1464K(19136K), 0.0137420 secs] 102741K->86753K(260032K), 0.0145130 secs] [Times: user=0.01 sys=0.00, real=0.02 secs] 
2012-10-23T14:46:32.748+0100: 332268.731: [GC 332268.731: [DefNew: 18488K->2112K(19136K), 0.0180180 secs] 103777K->87995K(260032K), 0.0186030 secs] [Times: user=0.02 sys=0.00, real=0.01 secs] 
2012-10-23T14:46:43.253+0100: 332279.237: [GC 332279.237: [DefNew: 19136K->1359K(19136K), 0.0142060 secs] 105019K->87391K(260032K), 0.0147600 secs] [Times: user=0.02 sys=0.00, real=0.02 secs] 
2012-10-23T14:46:55.858+0100: 332291.841: [GC 332291.841: [DefNew: 18383K->1280K(19136K), 0.0151060 secs] 104415K->87566K(260032K), 0.0156970 secs] [Times: user=0.01 sys=0.00, real=0.01 secs] 
2012-10-23T14:47:07.680+0100: 332303.663: [GC 332303.663: [DefNew: 18304K->1187K(19136K), 0.0147400 secs] 104590K->87700K(260032K), 0.0153240 secs] [Times: user=0.01 sys=0.00, real=0.01 secs] 
2012-10-23T14:47:19.699+0100: 332315.682: [GC 332315.682: [DefNew: 18196K->789K(19136K), 0.0138660 secs] 104709K->87560K(260032K), 0.0145690 secs] [Times: user=0.01 sys=0.00, real=0.01 secs] 
2012-10-23T14:47:31.716+0100: 332327.699: [GC 332327.699: [DefNew: 17813K->2021K(19136K), 0.0158420 secs] 104584K->88792K(260032K), 0.0165970 secs] [Times: user=0.02 sys=0.00, real=0.02 secs] 
2012-10-23T14:47:42.081+0100: 332338.064: [GC 332338.065: [DefNew: 19045K->1255K(19136K), 0.0166560 secs] 105816K->88521K(260032K), 0.0173070 secs] [Times: user=0.03 sys=0.00, real=0.02 secs] 
2012-10-23T14:47:54.627+0100: 332350.610: [GC 332350.610: [DefNew: 18279K->1678K(19136K), 0.0158370 secs] 105545K->89171K(260032K), 0.0164760 secs] [Times: user=0.01 sys=0.00, real=0.02 secs] 
2012-10-23T14:48:05.711+0100: 332361.694: [GC 332361.694: [DefNew: 18702K->1382K(19136K), 0.0155150 secs] 106195K->89099K(260032K), 0.0161850 secs] [Times: user=0.02 sys=0.00, real=0.01 secs] 
2012-10-23T14:48:17.708+0100: 332373.691: [GC 332373.692: [DefNew: 18406K->2026K(19136K), 0.0151860 secs] 106123K->89968K(260032K), 0.0158340 secs] [Times: user=0.02 sys=0.00, real=0.01 secs] 
2012-10-23T14:48:29.714+0100: 332385.697: [GC 332385.698: [DefNew: 19050K->1611K(19136K), 0.0149180 secs] 106992K->89646K(260032K), 0.0155170 secs] [Times: user=0.02 sys=0.00, real=0.02 secs] 
2012-10-23T14:48:41.719+0100: 332397.702: [GC 332397.702: [DefNew: 18612K->1263K(19136K), 0.0153290 secs] 106647K->89567K(260032K), 0.0159260 secs] [Times: user=0.01 sys=0.01, real=0.01 secs] 
2012-10-23T14:48:51.377+0100: 332407.360: [GC 332407.360: [DefNew: 18287K->1806K(19136K), 0.0156010 secs] 106591K->90336K(260032K), 0.0162670 secs] [Times: user=0.02 sys=0.00, real=0.02 secs] 
2012-10-23T14:49:03.939+0100: 332419.922: [GC 332419.922: [DefNew: 18830K->1414K(19136K), 0.0151180 secs] 107360K->90165K(260032K), 0.0159270 secs] [Times: user=0.02 sys=0.00, real=0.01 secs] 
2012-10-23T14:49:18.655+0100: 332434.638: [GC 332434.638: [DefNew: 18438K->1732K(19136K), 0.0157320 secs] 107189K->90688K(260032K), 0.0163370 secs] [Times: user=0.02 sys=0.00, real=0.02 secs] 
2012-10-23T14:49:29.160+0100: 332445.143: [GC 332445.143: [DefNew: 18756K->420K(19136K), 0.0126560 secs] 107712K->89576K(260032K), 0.0132080 secs] [Times: user=0.02 sys=0.00, real=0.01 secs] 
2012-10-23T14:49:41.696+0100: 332457.679: [GC 332457.679: [DefNew: 17444K->1900K(19136K), 0.0142810 secs] 106600K->91056K(260032K), 0.0148330 secs] [Times: user=0.02 sys=0.00, real=0.02 secs] 
2012-10-23T14:49:51.718+0100: 332467.701: [GC 332467.701: [DefNew: 18906K->1163K(19136K), 0.0105580 secs] 108062K->90748K(260032K), 0.0109980 secs] [Times: user=0.00 sys=0.00, real=0.01 secs] 
2012-10-23T14:50:02.738+0100: 332478.722: [GC 332478.722: [DefNew: 18187K->1834K(19136K), 0.0155920 secs] 107772K->91644K(260032K), 0.0161620 secs] [Times: user=0.02 sys=0.00, real=0.01 secs] 
2012-10-23T14:50:13.277+0100: 332489.260: [GC 332489.261: [DefNew: 18858K->1499K(19136K), 0.0162140 secs] 108668K->91501K(260032K), 0.0168640 secs] [Times: user=0.00 sys=0.01, real=0.02 secs] 
2012-10-23T14:50:23.747+0100: 332499.730: [GC 332499.730: [DefNew: 18523K->1487K(19136K), 0.0155170 secs] 108525K->91742K(260032K), 0.0161260 secs] [Times: user=0.02 sys=0.00, real=0.02 secs] 
2012-10-23T14:50:35.715+0100: 332511.698: [GC 332511.698: [DefNew: 18506K->1721K(19136K), 0.0155850 secs] 108761K->92190K(260032K), 0.0162010 secs] [Times: user=0.02 sys=0.00, real=0.02 secs] 
2012-10-23T14:50:45.735+0100: 332521.718: [GC 332521.719: [DefNew: 18745K->2111K(19136K), 0.0175020 secs] 109214K->92861K(260032K), 0.0183100 secs] [Times: user=0.02 sys=0.00, real=0.02 secs] 
2012-10-23T14:50:57.725+0100: 332533.708: [GC 332533.708: [DefNew: 19135K->1902K(19136K), 0.0167320 secs] 109885K->92925K(260032K), 0.0174530 secs] [Times: user=0.02 sys=0.00, real=0.02 secs] 
2012-10-23T14:51:11.001+0100: 332546.984: [GC 332546.984: [DefNew: 18926K->1015K(19136K), 0.0142990 secs] 109949K->92270K(260032K), 0.0148920 secs] [Times: user=0.01 sys=0.00, real=0.01 secs] 
2012-10-23T14:51:28.827+0100: 332564.810: [GC 332564.810: [DefNew: 18039K->1351K(19136K), 0.0122790 secs] 109294K->92606K(260032K), 0.0127270 secs] [Times: user=0.01 sys=0.00, real=0.02 secs] 
2012-10-23T14:51:39.367+0100: 332575.350: [GC 332575.350: [DefNew: 18375K->491K(19136K), 0.0136010 secs] 109630K->92061K(260032K), 0.0142230 secs] [Times: user=0.02 sys=0.00, real=0.02 secs] 
2012-10-23T14:51:51.937+0100: 332587.920: [GC 332587.921: [DefNew: 17515K->2111K(19136K), 0.0161640 secs] 109085K->94080K(260032K), 0.0168400 secs] [Times: user=0.01 sys=0.01, real=0.02 secs] 
2012-10-23T14:52:01.921+0100: 332597.904: [GC 332597.905: [DefNew: 19135K->1711K(19136K), 0.0244980 secs] 111104K->94075K(260032K), 0.0250420 secs] [Times: user=0.01 sys=0.00, real=0.02 secs] 
2012-10-23T14:52:15.064+0100: 332611.047: [GC 332611.048: [DefNew: 18735K->1571K(19136K), 0.0166920 secs] 111099K->94159K(260032K), 0.0172520 secs] [Times: user=0.02 sys=0.00, real=0.02 secs] 
2012-10-23T14:52:23.718+0100: 332619.701: [GC 332619.702: [DefNew: 18595K->1971K(19136K), 0.0166980 secs] 111183K->94816K(260032K), 0.0174960 secs] [Times: user=0.01 sys=0.00, real=0.01 secs] 
2012-10-23T14:52:35.719+0100: 332631.702: [GC 332631.702: [DefNew: 18994K->938K(19136K), 0.0140360 secs] 111839K->93993K(260032K), 0.0146250 secs] [Times: user=0.01 sys=0.01, real=0.01 secs] 
2012-10-23T14:52:45.990+0100: 332641.973: [GC 332641.973: [DefNew: 17962K->1041K(19136K), 0.0221530 secs] 111017K->94096K(260032K), 0.0228270 secs] [Times: user=0.02 sys=0.00, real=0.02 secs] 
2012-10-23T14:52:59.153+0100: 332655.136: [GC 332655.136: [DefNew: 18065K->1955K(19136K), 0.0165240 secs] 111120K->95010K(260032K), 0.0171370 secs] [Times: user=0.02 sys=0.00, real=0.02 secs] 
2012-10-23T14:53:09.670+0100: 332665.653: [GC 332665.654: [DefNew: 18979K->457K(19136K), 0.0171740 secs] 112034K->94158K(260032K), 0.0177940 secs] [Times: user=0.02 sys=0.00, real=0.02 secs] 
2012-10-23T14:53:19.719+0100: 332675.702: [GC 332675.702: [DefNew: 17481K->1153K(19136K), 0.0138010 secs] 111182K->94853K(260032K), 0.0143610 secs] [Times: user=0.01 sys=0.00, real=0.01 secs] 
2012-10-23T14:53:29.722+0100: 332685.705: [GC 332685.706: [DefNew: 18174K->1805K(19136K), 0.0170500 secs] 111874K->95745K(260032K), 0.0177180 secs] [Times: user=0.02 sys=0.00, real=0.02 secs] 
2012-10-23T14:53:39.718+0100: 332695.701: [GC 332695.702: [DefNew: 18823K->856K(19136K), 0.0156920 secs] 112763K->95224K(260032K), 0.0163510 secs] [Times: user=0.01 sys=0.00, real=0.01 secs] 
2012-10-23T14:53:49.719+0100: 332705.702: [GC 332705.702: [DefNew: 17880K->1576K(19136K), 0.0145070 secs] 112248K->95944K(260032K), 0.0151150 secs] [Times: user=0.01 sys=0.00, real=0.01 secs] 
2012-10-23T14:54:09.787+0100: 332725.770: [GC 332725.771: [DefNew: 18600K->837K(19136K), 0.0146450 secs] 112968K->95654K(260032K), 0.0151730 secs] [Times: user=0.01 sys=0.01, real=0.01 secs] 
2012-10-23T14:54:19.730+0100: 332735.714: [GC 332735.714: [DefNew: 17861K->2111K(19136K), 0.0150910 secs] 112678K->96950K(260032K), 0.0156770 secs] [Times: user=0.01 sys=0.00, real=0.01 secs] 
2012-10-23T14:54:31.362+0100: 332747.346: [GC 332747.346: [DefNew: 19115K->1543K(19136K), 0.0184160 secs] 113954K->96817K(260032K), 0.0190180 secs] [Times: user=0.02 sys=0.00, real=0.02 secs] 
2012-10-23T14:54:42.046+0100: 332758.029: [GC 332758.030: [DefNew: 18567K->1210K(19136K), 0.0150180 secs] 113841K->96708K(260032K), 0.0156050 secs] [Times: user=0.01 sys=0.00, real=0.02 secs] 
2012-10-23T14:54:55.708+0100: 332771.691: [GC 332771.692: [DefNew: 18224K->797K(19136K), 0.0135020 secs] 113722K->96532K(260032K), 0.0140140 secs] [Times: user=0.02 sys=0.00, real=0.01 secs] 
2012-10-23T14:55:13.706+0100: 332789.689: [GC 332789.689: [DefNew: 17821K->1368K(19136K), 0.0126160 secs] 113556K->97103K(260032K), 0.0130660 secs] [Times: user=0.01 sys=0.00, real=0.02 secs] 
2012-10-23T14:55:25.696+0100: 332801.679: [GC 332801.679: [DefNew: 18392K->368K(19136K), 0.0129520 secs] 114127K->96459K(260032K), 0.0134380 secs] [Times: user=0.02 sys=0.00, real=0.02 secs] 
2012-10-23T14:55:39.771+0100: 332815.754: [GC 332815.755: [DefNew: 17392K->1330K(19136K), 0.0127910 secs] 113483K->97420K(260032K), 0.0132690 secs] [Times: user=0.01 sys=0.00, real=0.01 secs] 
2012-10-23T14:56:01.731+0100: 332837.714: [GC 332837.714: [DefNew: 18354K->1612K(19136K), 0.0136970 secs] 114444K->98142K(260032K), 0.0140280 secs] [Times: user=0.01 sys=0.00, real=0.01 secs] 
2012-10-23T14:56:11.725+0100: 332847.708: [GC 332847.708: [DefNew: 18636K->1166K(19136K), 0.0119440 secs] 115166K->97746K(260032K), 0.0124330 secs] [Times: user=0.02 sys=0.00, real=0.01 secs] 
2012-10-23T14:56:21.421+0100: 332857.404: [GC 332857.405: [DefNew: 18163K->1575K(19136K), 0.0140510 secs] 114743K->98379K(260032K), 0.0145480 secs] [Times: user=0.02 sys=0.00, real=0.01 secs] 
2012-10-23T14:56:31.724+0100: 332867.707: [GC 332867.707: [DefNew: 18594K->1352K(19136K), 0.0132130 secs] 115399K->98380K(260032K), 0.0137640 secs] [Times: user=0.01 sys=0.00, real=0.02 secs] 
2012-10-23T14:56:45.718+0100: 332881.701: [GC 332881.701: [DefNew: 18376K->1359K(19136K), 0.0142460 secs] 115404K->98611K(260032K), 0.0147660 secs] [Times: user=0.02 sys=0.00, real=0.01 secs] 
2012-10-23T14:56:56.479+0100: 332892.463: [GC 332892.463: [DefNew: 18383K->1490K(19136K), 0.0156760 secs] 115635K->98968K(260032K), 0.0163720 secs] [Times: user=0.01 sys=0.00, real=0.01 secs] 
2012-10-23T14:57:09.719+0100: 332905.702: [GC 332905.702: [DefNew: 18514K->775K(19136K), 0.0137620 secs] 115992K->98520K(260032K), 0.0143360 secs] [Times: user=0.01 sys=0.00, real=0.01 secs] 
2012-10-23T14:57:21.714+0100: 332917.697: [GC 332917.697: [DefNew: 17799K->1221K(19136K), 0.0138220 secs] 115544K->98965K(260032K), 0.0144120 secs] [Times: user=0.02 sys=0.00, real=0.02 secs] 
2012-10-23T14:57:35.705+0100: 332931.688: [GC 332931.689: [DefNew: 18245K->1009K(19136K), 0.0142700 secs] 115989K->98947K(260032K), 0.0147990 secs] [Times: user=0.02 sys=0.00, real=0.02 secs] 
2012-10-23T14:57:46.843+0100: 332942.826: [GC 332942.827: [DefNew: 18033K->1544K(19136K), 0.0152610 secs] 115971K->99481K(260032K), 0.0159280 secs] [Times: user=0.02 sys=0.00, real=0.02 secs] 
2012-10-23T14:57:57.359+0100: 332953.342: [GC 332953.342: [DefNew: 18568K->1141K(19136K), 0.0175170 secs] 116505K->99764K(260032K), 0.0181210 secs] [Times: user=0.01 sys=0.01, real=0.01 secs] 
2012-10-23T14:58:07.718+0100: 332963.702: [GC 332963.702: [DefNew: 18165K->1801K(19136K), 0.0156790 secs] 116788K->100669K(260032K), 0.0163330 secs] [Times: user=0.02 sys=0.00, real=0.01 secs] 
2012-10-23T14:58:22.552+0100: 332978.535: [GC 332978.536: [DefNew: 18825K->1247K(19136K), 0.0151800 secs] 117693K->100320K(260032K), 0.0157480 secs] [Times: user=0.02 sys=0.00, real=0.02 secs] 
2012-10-23T14:58:35.712+0100: 332991.695: [GC 332991.696: [DefNew: 18271K->1432K(19136K), 0.0151350 secs] 117344K->100714K(260032K), 0.0158210 secs] [Times: user=0.03 sys=0.00, real=0.02 secs] 
2012-10-23T14:58:47.736+0100: 333003.719: [GC 333003.719: [DefNew: 18456K->1567K(19136K), 0.0153030 secs] 117738K->101110K(260032K), 0.0158190 secs] [Times: user=0.00 sys=0.01, real=0.02 secs] 
2012-10-23T14:58:58.262+0100: 333014.245: [GC 333014.245: [DefNew: 18591K->1856K(19136K), 0.0164120 secs] 118134K->101541K(260032K), 0.0170900 secs] [Times: user=0.01 sys=0.00, real=0.02 secs] 
2012-10-23T14:59:10.879+0100: 333026.863: [GC 333026.863: [DefNew: 18880K->1714K(19136K), 0.0153710 secs] 118565K->101650K(260032K), 0.0158940 secs] [Times: user=0.01 sys=0.00, real=0.01 secs] 
2012-10-23T14:59:21.703+0100: 333037.686: [GC 333037.687: [DefNew: 18713K->1122K(19136K), 0.0136210 secs] 118649K->101267K(260032K), 0.0141520 secs] [Times: user=0.02 sys=0.00, real=0.02 secs] 
2012-10-23T14:59:33.728+0100: 333049.711: [GC 333049.712: [DefNew: 18144K->1727K(19136K), 0.0151280 secs] 118288K->102111K(260032K), 0.0156710 secs] [Times: user=0.01 sys=0.01, real=0.01 secs] 
2012-10-23T14:59:42.365+0100: 333058.348: [GC 333058.348: [DefNew: 18751K->1788K(19136K), 0.0154280 secs] 119135K->102353K(260032K), 0.0160250 secs] [Times: user=0.01 sys=0.00, real=0.02 secs] 
2012-10-23T14:59:53.725+0100: 333069.708: [GC 333069.708: [DefNew: 18800K->1167K(19136K), 0.0140020 secs] 119365K->101938K(260032K), 0.0145780 secs] [Times: user=0.01 sys=0.00, real=0.02 secs] 
2012-10-23T15:00:05.433+0100: 333081.416: [GC 333081.417: [DefNew: 18191K->310K(19136K), 0.0127820 secs] 118962K->101287K(260032K), 0.0132940 secs] [Times: user=0.01 sys=0.00, real=0.01 secs] 
2012-10-23T15:00:15.962+0100: 333091.946: [GC 333091.946: [DefNew: 17334K->1928K(19136K), 0.0151820 secs] 118311K->102905K(260032K), 0.0158010 secs] [Times: user=0.01 sys=0.00, real=0.02 secs] 
2012-10-23T15:00:27.712+0100: 333103.695: [GC 333103.695: [DefNew: 18944K->1252K(19136K), 0.0163920 secs] 119921K->102691K(260032K), 0.0170220 secs] [Times: user=0.02 sys=0.00, real=0.02 secs] 
2012-10-23T15:00:39.077+0100: 333115.060: [GC 333115.060: [DefNew: 18276K->506K(19136K), 0.0133580 secs] 119715K->102194K(260032K), 0.0138920 secs] [Times: user=0.01 sys=0.00, real=0.02 secs] 
2012-10-23T15:00:55.857+0100: 333131.840: [GC 333131.840: [DefNew: 17530K->1571K(19136K), 0.0094590 secs] 119218K->103259K(260032K), 0.0098810 secs] [Times: user=0.01 sys=0.00, real=0.01 secs] 
2012-10-23T15:01:14.778+0100: 333150.761: [GC 333150.761: [DefNew: 18595K->1507K(19136K), 0.0152120 secs] 120283K->103616K(260032K), 0.0156920 secs] [Times: user=0.01 sys=0.00, real=0.01 secs] 
2012-10-23T15:01:29.432+0100: 333165.415: [GC 333165.415: [DefNew: 18531K->1921K(19136K), 0.0145280 secs] 120640K->104234K(260032K), 0.0150950 secs] [Times: user=0.01 sys=0.00, real=0.01 secs] 
2012-10-23T15:01:46.100+0100: 333182.083: [GC 333182.083: [DefNew: 18945K->2112K(19136K), 0.0142940 secs] 121258K->104783K(260032K), 0.0147240 secs] [Times: user=0.01 sys=0.00, real=0.01 secs] 
2012-10-23T15:01:59.708+0100: 333195.691: [GC 333195.691: [DefNew: 19136K->423K(19136K), 0.0114410 secs] 121807K->103221K(260032K), 0.0118850 secs] [Times: user=0.01 sys=0.00, real=0.01 secs] 
2012-10-23T15:02:09.344+0100: 333205.327: [GC 333205.328: [DefNew: 17447K->613K(19136K), 0.0112760 secs] 120245K->103411K(260032K), 0.0118190 secs] [Times: user=0.01 sys=0.00, real=0.01 secs] 
2012-10-23T15:02:19.726+0100: 333215.709: [GC 333215.709: [DefNew: 17637K->1910K(19136K), 0.0149310 secs] 120435K->104708K(260032K), 0.0155190 secs] [Times: user=0.01 sys=0.00, real=0.02 secs] 
2012-10-23T15:02:33.729+0100: 333229.712: [GC 333229.713: [DefNew: 18934K->1699K(19136K), 0.0183520 secs] 121732K->105176K(260032K), 0.0189360 secs] [Times: user=0.02 sys=0.00, real=0.02 secs] 
2012-10-23T15:02:45.042+0100: 333241.025: [GC 333241.026: [DefNew: 18723K->1006K(19136K), 0.0133620 secs] 122200K->104664K(260032K), 0.0139260 secs] [Times: user=0.01 sys=0.00, real=0.01 secs] 
2012-10-23T15:02:57.637+0100: 333253.620: [GC 333253.621: [DefNew: 18030K->1546K(19136K), 0.0140540 secs] 121688K->105204K(260032K), 0.0147330 secs] [Times: user=0.01 sys=0.00, real=0.02 secs] 
2012-10-23T15:03:06.222+0100: 333262.205: [GC 333262.205: [DefNew: 18570K->1608K(19136K), 0.0175440 secs] 122228K->105731K(260032K), 0.0182650 secs] [Times: user=0.02 sys=0.00, real=0.02 secs] 
2012-10-23T15:03:20.767+0100: 333276.750: [GC 333276.750: [DefNew: 18632K->1689K(19136K), 0.0150530 secs] 122755K->106037K(260032K), 0.0155990 secs] [Times: user=0.02 sys=0.00, real=0.02 secs] 
2012-10-23T15:03:33.735+0100: 333289.718: [GC 333289.718: [DefNew: 18713K->1681K(19136K), 0.0145940 secs] 123061K->106197K(260032K), 0.0152110 secs] [Times: user=0.02 sys=0.00, real=0.02 secs] 
2012-10-23T15:03:47.119+0100: 333303.102: [GC 333303.102: [DefNew: 18705K->1777K(19136K), 0.0150590 secs] 123221K->106495K(260032K), 0.0158410 secs] [Times: user=0.01 sys=0.00, real=0.01 secs] 
2012-10-23T15:04:00.650+0100: 333316.633: [GC 333316.634: [DefNew: 18801K->1696K(19136K), 0.0151150 secs] 123519K->106640K(260032K), 0.0156710 secs] [Times: user=0.01 sys=0.00, real=0.01 secs] 
2012-10-23T15:04:12.107+0100: 333328.090: [GC 333328.090: [DefNew: 18720K->1750K(19136K), 0.0159450 secs] 123664K->106938K(260032K), 0.0165630 secs] [Times: user=0.02 sys=0.00, real=0.02 secs] 
2012-10-23T15:04:23.727+0100: 333339.710: [GC 333339.710: [DefNew: 18774K->1523K(19136K), 0.0154100 secs] 123962K->106966K(260032K), 0.0160040 secs] [Times: user=0.01 sys=0.00, real=0.02 secs] 
2012-10-23T15:04:35.729+0100: 333351.712: [GC 333351.712: [DefNew: 18547K->1362K(19136K), 0.0147800 secs] 123990K->107031K(260032K), 0.0153520 secs] [Times: user=0.01 sys=0.00, real=0.01 secs] 
2012-10-23T15:04:46.848+0100: 333362.831: [GC 333362.831: [DefNew: 18386K->1190K(19136K), 0.0151190 secs] 124055K->107084K(260032K), 0.0158590 secs] [Times: user=0.01 sys=0.00, real=0.01 secs] 
2012-10-23T15:04:55.731+0100: 333371.714: [GC 333371.714: [DefNew: 18214K->1522K(19136K), 0.0158200 secs] 124108K->107661K(260032K), 0.0165420 secs] [Times: user=0.01 sys=0.01, real=0.02 secs] 
2012-10-23T15:05:09.714+0100: 333385.697: [GC 333385.697: [DefNew: 18540K->458K(19136K), 0.0123550 secs] 124678K->106809K(260032K), 0.0128570 secs] [Times: user=0.01 sys=0.00, real=0.01 secs] 
2012-10-23T15:05:19.729+0100: 333395.712: [GC 333395.712: [DefNew: 17482K->1069K(19136K), 0.0134220 secs] 123833K->107420K(260032K), 0.0140220 secs] [Times: user=0.00 sys=0.01, real=0.01 secs] 
2012-10-23T15:05:31.729+0100: 333407.712: [GC 333407.712: [DefNew: 18093K->1293K(19136K), 0.0150110 secs] 124444K->107824K(260032K), 0.0156270 secs] [Times: user=0.02 sys=0.00, real=0.01 secs] 
2012-10-23T15:05:45.626+0100: 333421.609: [GC 333421.609: [DefNew: 18317K->244K(19136K), 0.0133780 secs] 124848K->107229K(260032K), 0.0140020 secs] [Times: user=0.01 sys=0.00, real=0.02 secs] 
2012-10-23T15:06:02.440+0100: 333438.423: [GC 333438.423: [DefNew: 17268K->1300K(19136K), 0.0122750 secs] 124253K->108285K(260032K), 0.0130100 secs] [Times: user=0.01 sys=0.00, real=0.01 secs] 
2012-10-23T15:06:15.731+0100: 333451.714: [GC 333451.715: [DefNew: 18324K->1841K(19136K), 0.0156290 secs] 125309K->109113K(260032K), 0.0162090 secs] [Times: user=0.02 sys=0.00, real=0.02 secs] 
2012-10-23T15:06:25.538+0100: 333461.521: [GC 333461.521: [DefNew: 18865K->981K(19136K), 0.0093830 secs] 126137K->108476K(260032K), 0.0099020 secs] [Times: user=0.02 sys=0.00, real=0.01 secs] 
2012-10-23T15:06:36.026+0100: 333472.009: [GC 333472.009: [DefNew: 18005K->1780K(19136K), 0.0135000 secs] 125500K->109274K(260032K), 0.0140310 secs] [Times: user=0.01 sys=0.00, real=0.02 secs] 
2012-10-23T15:06:46.531+0100: 333482.515: [GC 333482.515: [DefNew: 18804K->2112K(19136K), 0.0131480 secs] 126298K->110329K(260032K), 0.0136150 secs] [Times: user=0.01 sys=0.00, real=0.01 secs] 
2012-10-23T15:06:59.143+0100: 333495.126: [GC 333495.126: [DefNew: 19136K->2111K(19136K), 0.0183110 secs] 127353K->110607K(260032K), 0.0190580 secs] [Times: user=0.02 sys=0.00, real=0.02 secs] 
2012-10-23T15:07:11.724+0100: 333507.707: [GC 333507.708: [DefNew: 19135K->1085K(19136K), 0.0155520 secs] 127631K->109961K(260032K), 0.0161220 secs] [Times: user=0.02 sys=0.00, real=0.02 secs] 
2012-10-23T15:07:21.454+0100: 333517.437: [GC 333517.438: [DefNew: 18109K->1079K(19136K), 0.0146500 secs] 126985K->110084K(260032K), 0.0152670 secs] [Times: user=0.02 sys=0.00, real=0.02 secs] 
2012-10-23T15:07:41.130+0100: 333537.113: [GC 333537.113: [DefNew: 18103K->1350K(19136K), 0.0094380 secs] 127108K->110579K(260032K), 0.0098710 secs] [Times: user=0.01 sys=0.00, real=0.01 secs] 
2012-10-23T15:07:52.071+0100: 333548.054: [GC 333548.054: [DefNew: 18374K->1092K(19136K), 0.0086810 secs] 127603K->110416K(260032K), 0.0091000 secs] [Times: user=0.01 sys=0.00, real=0.01 secs] 
2012-10-23T15:08:04.248+0100: 333560.231: [GC 333560.231: [DefNew: 18116K->1790K(19136K), 0.0155490 secs] 127440K->111378K(260032K), 0.0161410 secs] [Times: user=0.01 sys=0.00, real=0.01 secs] 
2012-10-23T15:08:15.716+0100: 333571.699: [GC 333571.699: [DefNew: 18790K->702K(19136K), 0.0129170 secs] 128377K->110487K(260032K), 0.0134050 secs] [Times: user=0.02 sys=0.00, real=0.02 secs] 
2012-10-23T15:08:25.719+0100: 333581.703: [GC 333581.703: [DefNew: 17716K->811K(19136K), 0.0120840 secs] 127500K->110595K(260032K), 0.0127910 secs] [Times: user=0.01 sys=0.00, real=0.01 secs] 
2012-10-23T15:08:35.758+0100: 333591.741: [GC 333591.741: [DefNew: 17835K->1416K(19136K), 0.0141540 secs] 127619K->111200K(260032K), 0.0147140 secs] [Times: user=0.01 sys=0.00, real=0.01 secs] 
2012-10-23T15:08:47.720+0100: 333603.703: [GC 333603.704: [DefNew: 18440K->1659K(19136K), 0.0184910 secs] 128224K->111922K(260032K), 0.0213160 secs] [Times: user=0.01 sys=0.00, real=0.02 secs] 
2012-10-23T15:08:57.714+0100: 333613.698: [GC 333613.698: [DefNew: 18683K->1783K(19136K), 0.0173600 secs] 128946K->112452K(260032K), 0.0180780 secs] [Times: user=0.02 sys=0.00, real=0.02 secs] 
2012-10-23T15:09:09.717+0100: 333625.700: [GC 333625.700: [DefNew: 18806K->505K(19136K), 0.0131280 secs] 129475K->111398K(260032K), 0.0137100 secs] [Times: user=0.01 sys=0.00, real=0.02 secs] 
2012-10-23T15:09:19.839+0100: 333635.822: [GC 333635.822: [DefNew: 17529K->1126K(19136K), 0.0139670 secs] 128422K->112020K(260032K), 0.0145750 secs] [Times: user=0.01 sys=0.00, real=0.01 secs] 
2012-10-23T15:09:35.723+0100: 333651.706: [GC 333651.706: [DefNew: 18150K->776K(19136K), 0.0139560 secs] 129044K->111850K(260032K), 0.0145530 secs] [Times: user=0.01 sys=0.01, real=0.02 secs] 
2012-10-23T15:09:47.731+0100: 333663.714: [GC 333663.714: [DefNew: 17800K->2050K(19136K), 0.0147020 secs] 128874K->113123K(260032K), 0.0152440 secs] [Times: user=0.01 sys=0.00, real=0.01 secs] 
2012-10-23T15:10:03.958+0100: 333679.941: [GC 333679.942: [DefNew: 19074K->1627K(19136K), 0.0175480 secs] 130147K->113283K(260032K), 0.0180810 secs] [Times: user=0.01 sys=0.00, real=0.01 secs] 
2012-10-23T15:10:15.720+0100: 333691.703: [GC 333691.704: [DefNew: 18647K->894K(19136K), 0.0131370 secs] 130303K->112756K(260032K), 0.0136140 secs] [Times: user=0.01 sys=0.00, real=0.01 secs] 
2012-10-23T15:10:24.939+0100: 333700.922: [GC 333700.923: [DefNew: 17918K->2112K(19136K), 0.0180790 secs] 129780K->114499K(260032K), 0.0186750 secs] [Times: user=0.02 sys=0.00, real=0.02 secs] 
2012-10-23T15:10:33.736+0100: 333709.719: [GC 333709.719: [DefNew: 19136K->1799K(19136K), 0.0175460 secs] 131523K->114614K(260032K), 0.0182090 secs] [Times: user=0.02 sys=0.00, real=0.02 secs] 
2012-10-23T15:10:45.940+0100: 333721.923: [GC 333721.923: [DefNew: 18823K->953K(19136K), 0.0138990 secs] 131638K->113999K(260032K), 0.0144350 secs] [Times: user=0.02 sys=0.00, real=0.01 secs] 
2012-10-23T15:10:56.448+0100: 333732.431: [GC 333732.431: [DefNew: 17977K->2112K(19136K), 0.0176310 secs] 131023K->115709K(260032K), 0.0182980 secs] [Times: user=0.02 sys=0.00, real=0.01 secs] 
2012-10-23T15:11:09.049+0100: 333745.032: [GC 333745.033: [DefNew: 19136K->428K(19136K), 0.0150160 secs] 132733K->114439K(260032K), 0.0155730 secs] [Times: user=0.01 sys=0.00, real=0.01 secs] 
2012-10-23T15:11:17.791+0100: 333753.774: [GC 333753.775: [DefNew: 17452K->2043K(19136K), 0.0155840 secs] 131463K->116053K(260032K), 0.0162530 secs] [Times: user=0.02 sys=0.00, real=0.02 secs] 
2012-10-23T15:11:29.740+0100: 333765.723: [GC 333765.724: [DefNew: 19065K->1627K(19136K), 0.0176780 secs] 133076K->116090K(260032K), 0.0183280 secs] [Times: user=0.02 sys=0.00, real=0.02 secs] 
2012-10-23T15:11:43.734+0100: 333779.717: [GC 333779.717: [DefNew: 18651K->1203K(19136K), 0.0154030 secs] 133114K->115891K(260032K), 0.0160560 secs] [Times: user=0.02 sys=0.00, real=0.02 secs] 
2012-10-23T15:11:55.723+0100: 333791.706: [GC 333791.706: [DefNew: 18227K->763K(19136K), 0.0144370 secs] 132915K->115724K(260032K), 0.0150490 secs] [Times: user=0.01 sys=0.00, real=0.02 secs] 
2012-10-23T15:12:07.742+0100: 333803.725: [GC 333803.725: [DefNew: 17787K->1476K(19136K), 0.0148890 secs] 132748K->116436K(260032K), 0.0155210 secs] [Times: user=0.01 sys=0.00, real=0.02 secs] 
2012-10-23T15:12:18.379+0100: 333814.362: [GC 333814.363: [DefNew: 18500K->1860K(19136K), 0.0185790 secs] 133460K->117326K(260032K), 0.0192600 secs] [Times: user=0.02 sys=0.00, real=0.02 secs] 
2012-10-23T15:12:28.863+0100: 333824.846: [GC 333824.847: [DefNew: 18884K->2112K(19136K), 0.0185040 secs] 134350K->118192K(260032K), 0.0191900 secs] [Times: user=0.02 sys=0.00, real=0.02 secs] 
2012-10-23T15:12:39.326+0100: 333835.309: [GC 333835.310: [DefNew: 19136K->349K(19136K), 0.0243820 secs] 135216K->116644K(260032K), 0.0251040 secs] [Times: user=0.01 sys=0.00, real=0.03 secs] 
2012-10-23T15:12:51.748+0100: 333847.731: [GC 333847.731: [DefNew: 17373K->1310K(19136K), 0.0138450 secs] 133668K->117605K(260032K), 0.0143970 secs] [Times: user=0.01 sys=0.01, real=0.01 secs] 
2012-10-23T15:13:02.444+0100: 333858.428: [GC 333858.428: [DefNew: 18334K->1856K(19136K), 0.0178940 secs] 134629K->118554K(260032K), 0.0185510 secs] [Times: user=0.02 sys=0.00, real=0.02 secs] 
2012-10-23T15:13:12.979+0100: 333868.963: [GC 333868.963: [DefNew: 18880K->1814K(19136K), 0.0161330 secs] 135578K->118754K(260032K), 0.0167560 secs] [Times: user=0.01 sys=0.00, real=0.01 secs] 
2012-10-23T15:13:23.737+0100: 333879.720: [GC 333879.720: [DefNew: 18837K->1746K(19136K), 0.0161050 secs] 135777K->118944K(260032K), 0.0168210 secs] [Times: user=0.02 sys=0.00, real=0.02 secs] 
2012-10-23T15:13:36.071+0100: 333892.054: [GC 333892.054: [DefNew: 18770K->1852K(19136K), 0.0164060 secs] 135968K->119231K(260032K), 0.0171060 secs] [Times: user=0.01 sys=0.00, real=0.02 secs] 
2012-10-23T15:13:48.665+0100: 333904.648: [GC 333904.648: [DefNew: 18876K->1810K(19136K), 0.0171480 secs] 136255K->119451K(260032K), 0.0179110 secs] [Times: user=0.02 sys=0.00, real=0.02 secs] 
2012-10-23T15:14:05.741+0100: 333921.725: [GC 333921.725: [DefNew: 18834K->1302K(19136K), 0.0149240 secs] 136475K->119217K(260032K), 0.0154590 secs] [Times: user=0.01 sys=0.00, real=0.01 secs] 
2012-10-23T15:14:17.736+0100: 333933.719: [GC 333933.720: [DefNew: 18326K->1829K(19136K), 0.0151780 secs] 136241K->119902K(260032K), 0.0157990 secs] [Times: user=0.02 sys=0.00, real=0.02 secs] 
2012-10-23T15:14:27.743+0100: 333943.726: [GC 333943.726: [DefNew: 18853K->1276K(19136K), 0.0148660 secs] 136926K->119574K(260032K), 0.0154100 secs] [Times: user=0.02 sys=0.00, real=0.02 secs] 
2012-10-23T15:14:37.736+0100: 333953.720: [GC 333953.720: [DefNew: 18300K->1361K(19136K), 0.0152070 secs] 136598K->119886K(260032K), 0.0158620 secs] [Times: user=0.02 sys=0.00, real=0.02 secs] 
2012-10-23T15:14:49.566+0100: 333965.549: [GC 333965.550: [DefNew: 18385K->404K(19136K), 0.0141540 secs] 136910K->119155K(260032K), 0.0147080 secs] [Times: user=0.02 sys=0.00, real=0.02 secs] 
2012-10-23T15:15:00.063+0100: 333976.046: [GC 333976.046: [DefNew: 17428K->1833K(19136K), 0.0147250 secs] 136179K->120583K(260032K), 0.0153150 secs] [Times: user=0.01 sys=0.00, real=0.02 secs] 
2012-10-23T15:15:14.736+0100: 333990.719: [GC 333990.719: [DefNew: 18857K->1508K(19136K), 0.0166470 secs] 137607K->120647K(260032K), 0.0171970 secs] [Times: user=0.01 sys=0.00, real=0.02 secs] 
2012-10-23T15:15:23.739+0100: 333999.722: [GC 333999.722: [DefNew: 18532K->1930K(19136K), 0.0156980 secs] 137671K->121238K(260032K), 0.0163570 secs] [Times: user=0.02 sys=0.00, real=0.01 secs] 
2012-10-23T15:15:41.424+0100: 334017.407: [GC 334017.407: [DefNew: 18951K->438K(19136K), 0.0114710 secs] 138259K->119966K(260032K), 0.0119170 secs] [Times: user=0.01 sys=0.00, real=0.01 secs] 
2012-10-23T15:15:54.648+0100: 334030.631: [GC 334030.631: [DefNew: 17462K->1888K(19136K), 0.0137780 secs] 136990K->121416K(260032K), 0.0143220 secs] [Times: user=0.01 sys=0.00, real=0.01 secs] 
2012-10-23T15:16:17.110+0100: 334053.093: [GC 334053.093: [DefNew: 18912K->1001K(19136K), 0.0174510 secs] 138440K->120862K(260032K), 0.0178490 secs] [Times: user=0.00 sys=0.01, real=0.02 secs] 
2012-10-23T15:16:26.144+0100: 334062.127: [GC 334062.128: [DefNew: 18025K->1742K(19136K), 0.0132950 secs] 137886K->121603K(260032K), 0.0136890 secs] [Times: user=0.01 sys=0.00, real=0.02 secs] 
2012-10-23T15:16:35.731+0100: 334071.714: [GC 334071.715: [DefNew: 18735K->1298K(19136K), 0.0140090 secs] 138597K->121481K(260032K), 0.0146370 secs] [Times: user=0.01 sys=0.00, real=0.01 secs] 
2012-10-23T15:16:45.740+0100: 334081.723: [GC 334081.723: [DefNew: 18294K->1479K(19136K), 0.0148280 secs] 138478K->121876K(260032K), 0.0153660 secs] [Times: user=0.01 sys=0.00, real=0.01 secs] 
2012-10-23T15:16:57.737+0100: 334093.720: [GC 334093.720: [DefNew: 18503K->1839K(19136K), 0.0148910 secs] 138900K->122460K(260032K), 0.0155000 secs] [Times: user=0.01 sys=0.00, real=0.02 secs] 
2012-10-23T15:17:09.746+0100: 334105.729: [GC 334105.729: [DefNew: 18863K->1354K(19136K), 0.0145400 secs] 139484K->122200K(260032K), 0.0151760 secs] [Times: user=0.01 sys=0.00, real=0.02 secs] 
2012-10-23T15:17:19.754+0100: 334115.737: [GC 334115.737: [DefNew: 18378K->2111K(19136K), 0.0169430 secs] 139224K->123184K(260032K), 0.0176680 secs] [Times: user=0.02 sys=0.00, real=0.02 secs] 
2012-10-23T15:17:29.742+0100: 334125.726: [GC 334125.726: [DefNew: 19135K->932K(19136K), 0.0148610 secs] 140208K->122301K(260032K), 0.0154910 secs] [Times: user=0.02 sys=0.00, real=0.02 secs] 
2012-10-23T15:17:45.958+0100: 334141.941: [GC 334141.942: [DefNew: 17956K->1286K(19136K), 0.0100530 secs] 139325K->122655K(260032K), 0.0105300 secs] [Times: user=0.01 sys=0.00, real=0.01 secs] 
2012-10-23T15:17:57.141+0100: 334153.124: [GC 334153.125: [DefNew: 18310K->1913K(19136K), 0.0265600 secs] 139679K->123725K(260032K), 0.0272560 secs] [Times: user=0.03 sys=0.00, real=0.03 secs] 
2012-10-23T15:18:13.744+0100: 334169.727: [GC 334169.727: [DefNew: 18937K->1742K(19136K), 0.0159140 secs] 140749K->123808K(260032K), 0.0165780 secs] [Times: user=0.02 sys=0.00, real=0.02 secs] 
2012-10-23T15:18:26.308+0100: 334182.291: [GC 334182.291: [DefNew: 18766K->914K(19136K), 0.0221050 secs] 140832K->123207K(260032K), 0.0227170 secs] [Times: user=0.01 sys=0.00, real=0.02 secs] 
2012-10-23T15:18:35.752+0100: 334191.735: [GC 334191.736: [DefNew: 17938K->2044K(19136K), 0.0149960 secs] 140231K->124336K(260032K), 0.0155490 secs] [Times: user=0.02 sys=0.00, real=0.02 secs] 
2012-10-23T15:18:44.776+0100: 334200.759: [GC 334200.759: [DefNew: 19068K->1714K(19136K), 0.0173560 secs] 141360K->124444K(260032K), 0.0180140 secs] [Times: user=0.02 sys=0.00, real=0.02 secs] 
2012-10-23T15:18:57.748+0100: 334213.731: [GC 334213.731: [DefNew: 18731K->1803K(19136K), 0.0152030 secs] 141460K->124750K(260032K), 0.0157570 secs] [Times: user=0.01 sys=0.01, real=0.01 secs] 
2012-10-23T15:19:09.726+0100: 334225.709: [GC 334225.710: [DefNew: 18827K->377K(19136K), 0.0123040 secs] 141774K->123521K(260032K), 0.0128170 secs] [Times: user=0.02 sys=0.00, real=0.02 secs] 
2012-10-23T15:19:21.716+0100: 334237.699: [GC 334237.700: [DefNew: 17401K->1237K(19136K), 0.0130460 secs] 140545K->124380K(260032K), 0.0135900 secs] [Times: user=0.01 sys=0.00, real=0.02 secs] 
2012-10-23T15:19:31.733+0100: 334247.716: [GC 334247.716: [DefNew: 18261K->1502K(19136K), 0.0162000 secs] 141404K->124868K(260032K), 0.0168310 secs] [Times: user=0.02 sys=0.00, real=0.02 secs] 
2012-10-23T15:19:45.626+0100: 334261.609: [GC 334261.609: [DefNew: 18526K->431K(19136K), 0.0143080 secs] 141892K->124203K(260032K), 0.0148600 secs] [Times: user=0.01 sys=0.00, real=0.02 secs] 
2012-10-23T15:19:57.355+0100: 334273.338: [GC 334273.338: [DefNew: 17454K->1005K(19136K), 0.0145310 secs] 141226K->124776K(260032K), 0.0152340 secs] [Times: user=0.02 sys=0.00, real=0.02 secs] 
2012-10-23T15:20:12.947+0100: 334288.930: [GC 334288.930: [DefNew: 18029K->1748K(19136K), 0.0149780 secs] 141800K->125520K(260032K), 0.0155110 secs] [Times: user=0.01 sys=0.00, real=0.02 secs] 
2012-10-23T15:20:29.756+0100: 334305.739: [GC 334305.739: [DefNew: 18772K->1747K(19136K), 0.0179980 secs] 142544K->126294K(260032K), 0.0185840 secs] [Times: user=0.02 sys=0.00, real=0.02 secs] 
2012-10-23T15:20:39.747+0100: 334315.730: [GC 334315.731: [DefNew: 18771K->1518K(19136K), 0.0127540 secs] 143318K->126179K(260032K), 0.0132790 secs] [Times: user=0.00 sys=0.01, real=0.01 secs] 
2012-10-23T15:20:50.768+0100: 334326.751: [GC 334326.752: [DefNew: 18542K->1690K(19136K), 0.0147040 secs] 143203K->126562K(260032K), 0.0169430 secs] [Times: user=0.01 sys=0.01, real=0.01 secs] 
2012-10-23T15:21:05.426+0100: 334341.409: [GC 334341.409: [DefNew: 18714K->260K(19136K), 0.0114620 secs] 143586K->125391K(260032K), 0.0118530 secs] [Times: user=0.02 sys=0.00, real=0.02 secs] 
2012-10-23T15:21:15.981+0100: 334351.964: [GC 334351.964: [DefNew: 17284K->1152K(19136K), 0.0129510 secs] 142415K->126284K(260032K), 0.0135450 secs] [Times: user=0.01 sys=0.00, real=0.01 secs] 
2012-10-23T15:21:26.426+0100: 334362.409: [GC 334362.409: [DefNew: 18176K->1977K(19136K), 0.0167920 secs] 143308K->127262K(260032K), 0.0173410 secs] [Times: user=0.01 sys=0.00, real=0.02 secs] 
2012-10-23T15:21:37.195+0100: 334373.178: [GC 334373.178: [DefNew: 19001K->1102K(19136K), 0.0218470 secs] 144286K->126944K(260032K), 0.0225230 secs] [Times: user=0.03 sys=0.00, real=0.03 secs] 
2012-10-23T15:21:53.766+0100: 334389.749: [GC 334389.749: [DefNew: 18126K->1476K(19136K), 0.0159040 secs] 143968K->127585K(260032K), 0.0164320 secs] [Times: user=0.02 sys=0.00, real=0.02 secs] 
2012-10-23T15:22:06.358+0100: 334402.341: [GC 334402.342: [DefNew: 18500K->1065K(19136K), 0.0147710 secs] 144609K->127373K(260032K), 0.0153310 secs] [Times: user=0.01 sys=0.00, real=0.01 secs] 
2012-10-23T15:22:23.148+0100: 334419.131: [GC 334419.131: [DefNew: 18089K->1689K(19136K), 0.0162870 secs] 144397K->128257K(260032K), 0.0168960 secs] [Times: user=0.02 sys=0.00, real=0.01 secs] 
2012-10-23T15:22:33.671+0100: 334429.654: [GC 334429.655: [DefNew: 18713K->1321K(19136K), 0.0143690 secs] 145281K->128042K(260032K), 0.0148860 secs] [Times: user=0.02 sys=0.00, real=0.01 secs] 
2012-10-23T15:22:42.025+0100: 334438.009: [GC 334438.009: [DefNew: 18345K->1404K(19136K), 0.0136350 secs] 145066K->128399K(260032K), 0.0141210 secs] [Times: user=0.02 sys=0.00, real=0.02 secs] 
2012-10-23T15:22:54.626+0100: 334450.609: [GC 334450.610: [DefNew: 18428K->1328K(19136K), 0.0146350 secs] 145423K->128549K(260032K), 0.0152850 secs] [Times: user=0.01 sys=0.00, real=0.02 secs] 
2012-10-23T15:23:05.749+0100: 334461.732: [GC 334461.733: [DefNew: 18352K->1611K(19136K), 0.0158200 secs] 145573K->129102K(260032K), 0.0164410 secs] [Times: user=0.01 sys=0.00, real=0.01 secs] 
2012-10-23T15:23:17.748+0100: 334473.731: [GC 334473.731: [DefNew: 18623K->1678K(19136K), 0.0162510 secs] 146114K->129394K(260032K), 0.0168390 secs] [Times: user=0.01 sys=0.00, real=0.01 secs] 
2012-10-23T15:23:27.230+0100: 334483.213: [GC 334483.214: [DefNew: 18702K->2112K(19136K), 0.0206120 secs] 146418K->130184K(260032K), 0.0213450 secs] [Times: user=0.02 sys=0.00, real=0.02 secs] 
2012-10-23T15:23:38.737+0100: 334494.720: [GC 334494.721: [DefNew: 19136K->1094K(19136K), 0.0156620 secs] 147208K->129377K(260032K), 0.0165870 secs] [Times: user=0.01 sys=0.00, real=0.02 secs] 
2012-10-23T15:23:55.737+0100: 334511.720: [GC 334511.720: [DefNew: 18118K->869K(19136K), 0.0136880 secs] 146401K->129388K(260032K), 0.0141870 secs] [Times: user=0.01 sys=0.00, real=0.02 secs] 
2012-10-23T15:24:10.226+0100: 334526.209: [GC 334526.209: [DefNew: 17893K->1330K(19136K), 0.0126170 secs] 146412K->129849K(260032K), 0.0130880 secs] [Times: user=0.01 sys=0.00, real=0.02 secs] 
2012-10-23T15:24:22.433+0100: 334538.416: [GC 334538.417: [DefNew: 18354K->1651K(19136K), 0.0168700 secs] 146873K->130544K(260032K), 0.0174290 secs] [Times: user=0.02 sys=0.00, real=0.02 secs] 
2012-10-23T15:24:33.764+0100: 334549.747: [GC 334549.747: [DefNew: 18675K->1897K(19136K), 0.0179080 secs] 147568K->131132K(260032K), 0.0184690 secs] [Times: user=0.01 sys=0.00, real=0.02 secs] 
2012-10-23T15:24:43.741+0100: 334559.724: [GC 334559.724: [DefNew: 18921K->1203K(19136K), 0.0151560 secs] 148156K->130730K(260032K), 0.0156760 secs] [Times: user=0.02 sys=0.00, real=0.01 secs] 
2012-10-23T15:24:53.756+0100: 334569.739: [GC 334569.739: [DefNew: 18226K->1198K(19136K), 0.0151540 secs] 147753K->130987K(260032K), 0.0157800 secs] [Times: user=0.01 sys=0.00, real=0.02 secs] 
2012-10-23T15:25:04.882+0100: 334580.865: [GC 334580.865: [DefNew: 18222K->1836K(19136K), 0.0178170 secs] 148011K->131851K(260032K), 0.0186500 secs] [Times: user=0.02 sys=0.00, real=0.02 secs] 
2012-10-23T15:25:19.746+0100: 334595.729: [GC 334595.729: [DefNew: 18860K->1284K(19136K), 0.0163440 secs] 148875K->131569K(260032K), 0.0169520 secs] [Times: user=0.01 sys=0.00, real=0.02 secs] 
2012-10-23T15:25:30.062+0100: 334606.045: [GC 334606.045: [DefNew: 18308K->2112K(19136K), 0.0182790 secs] 148593K->132791K(260032K), 0.0189060 secs] [Times: user=0.02 sys=0.00, real=0.02 secs] 
2012-10-23T15:25:43.397+0100: 334619.380: [GC 334619.380: [DefNew: 19136K->1116K(19136K), 0.0108260 secs] 149815K->131999K(260032K), 0.0113120 secs] [Times: user=0.02 sys=0.00, real=0.02 secs] 
2012-10-23T15:25:57.754+0100: 334633.737: [GC 334633.738: [DefNew: 18140K->1743K(19136K), 0.0170170 secs] 149023K->132962K(260032K), 0.0176310 secs] [Times: user=0.03 sys=0.00, real=0.02 secs] 
2012-10-23T15:26:11.748+0100: 334647.731: [GC 334647.732: [DefNew: 18767K->1122K(19136K), 0.0143890 secs] 149986K->132524K(260032K), 0.0149030 secs] [Times: user=0.01 sys=0.00, real=0.01 secs] 
2012-10-23T15:26:25.745+0100: 334661.728: [GC 334661.728: [DefNew: 18141K->1621K(19136K), 0.0112930 secs] 149543K->133248K(260032K), 0.0117710 secs] [Times: user=0.01 sys=0.00, real=0.01 secs] 
2012-10-23T15:26:35.763+0100: 334671.746: [GC 334671.747: [DefNew: 18645K->1800K(19136K), 0.0168740 secs] 150272K->133651K(260032K), 0.0174660 secs] [Times: user=0.02 sys=0.00, real=0.02 secs] 
2012-10-23T15:26:45.741+0100: 334681.724: [GC 334681.724: [DefNew: 18824K->1089K(19136K), 0.0151180 secs] 150675K->133227K(260032K), 0.0156180 secs] [Times: user=0.01 sys=0.00, real=0.01 secs] 
2012-10-23T15:26:57.313+0100: 334693.296: [GC 334693.296: [DefNew: 18113K->1905K(19136K), 0.0176980 secs] 150251K->134345K(260032K), 0.0183740 secs] [Times: user=0.02 sys=0.00, real=0.02 secs] 
2012-10-23T15:27:07.757+0100: 334703.740: [GC 334703.740: [DefNew: 18912K->1228K(19136K), 0.0160830 secs] 151352K->133894K(260032K), 0.0166850 secs] [Times: user=0.03 sys=0.00, real=0.02 secs] 
2012-10-23T15:27:07.781+0100: 334703.764: [GC [1 CMS-initial-mark: 132666K(240896K)] 134430K(260032K), 0.0150070 secs] [Times: user=0.02 sys=0.00, real=0.01 secs] 
2012-10-23T15:27:07.796+0100: 334703.779: [CMS-concurrent-mark-start]
2012-10-23T15:27:07.942+0100: 334703.925: [CMS-concurrent-mark: 0.146/0.146 secs] [Times: user=0.14 sys=0.00, real=0.15 secs] 
2012-10-23T15:27:07.943+0100: 334703.926: [CMS-concurrent-preclean-start]
2012-10-23T15:27:07.948+0100: 334703.931: [CMS-concurrent-preclean: 0.005/0.005 secs] [Times: user=0.01 sys=0.00, real=0.01 secs] 
2012-10-23T15:27:07.948+0100: 334703.931: [GC[YG occupancy: 1778 K (19136 K)]334703.931: [Rescan (non-parallel) 334703.931: [grey object rescan, 0.0013910 secs]334703.933: [root rescan, 0.0102720 secs], 0.0117210 secs]334703.943: [weak refs processing, 0.0755140 secs] [1 CMS-remark: 132666K(240896K)] 134444K(260032K), 0.0897630 secs] [Times: user=0.10 sys=0.00, real=0.09 secs] 
2012-10-23T15:27:08.047+0100: 334704.030: [CMS-concurrent-sweep-start]
2012-10-23T15:27:08.318+0100: 334704.301: [CMS-concurrent-sweep: 0.271/0.271 secs] [Times: user=0.27 sys=0.00, real=0.27 secs] 
2012-10-23T15:27:08.319+0100: 334704.302: [CMS-concurrent-reset-start]
2012-10-23T15:27:08.322+0100: 334704.305: [CMS-concurrent-reset: 0.003/0.003 secs] [Times: user=0.00 sys=0.00, real=0.00 secs] 
2012-10-23T15:27:19.744+0100: 334715.727: [GC 334715.728: [DefNew: 18243K->1736K(19136K), 0.0401920 secs] 61938K->45657K(260032K), 0.0408960 secs] [Times: user=0.04 sys=0.00, real=0.04 secs] 
2012-10-23T15:27:29.787+0100: 334725.770: [GC 334725.771: [DefNew: 18760K->1796K(19136K), 0.0308560 secs] 62681K->47012K(260032K), 0.0317440 secs] [Times: user=0.03 sys=0.00, real=0.04 secs] 
2012-10-23T15:27:42.188+0100: 334738.171: [GC 334738.171: [DefNew: 18820K->1042K(19136K), 0.0138530 secs] 64036K->46475K(260032K), 0.0144220 secs] [Times: user=0.01 sys=0.00, real=0.01 secs] 
2012-10-23T15:27:59.742+0100: 334755.725: [GC 334755.726: [DefNew: 18066K->1159K(19136K), 0.0116750 secs] 63499K->46591K(260032K), 0.0121190 secs] [Times: user=0.01 sys=0.00, real=0.01 secs] 
2012-10-23T15:28:13.835+0100: 334769.818: [GC 334769.818: [DefNew: 18183K->1257K(19136K), 0.0133320 secs] 63615K->46881K(260032K), 0.0137640 secs] [Times: user=0.01 sys=0.00, real=0.02 secs] 
2012-10-23T15:28:26.425+0100: 334782.408: [GC 334782.408: [DefNew: 18281K->1581K(19136K), 0.0148840 secs] 63905K->47535K(260032K), 0.0153840 secs] [Times: user=0.01 sys=0.00, real=0.02 secs] 
2012-10-23T15:28:37.022+0100: 334793.005: [GC 334793.006: [DefNew: 18605K->1111K(19136K), 0.0134880 secs] 64559K->47328K(260032K), 0.0140040 secs] [Times: user=0.01 sys=0.00, real=0.01 secs] 
2012-10-23T15:28:46.588+0100: 334802.571: [GC 334802.572: [DefNew: 18135K->1851K(19136K), 0.0152560 secs] 64352K->48338K(260032K), 0.0159450 secs] [Times: user=0.01 sys=0.00, real=0.01 secs] 
2012-10-23T15:28:57.324+0100: 334813.307: [GC 334813.308: [DefNew: 18875K->1683K(19136K), 0.0159400 secs] 65362K->48350K(260032K), 0.0166640 secs] [Times: user=0.02 sys=0.00, real=0.02 secs] 
2012-10-23T15:29:04.223+0100: 334820.206: [GC 334820.207: [DefNew: 18707K->1735K(19136K), 0.0153180 secs] 65374K->48629K(260032K), 0.0159200 secs] [Times: user=0.02 sys=0.00, real=0.02 secs] 
2012-10-23T15:29:15.740+0100: 334831.723: [GC 334831.723: [DefNew: 18759K->641K(19136K), 0.0145960 secs] 65652K->47742K(260032K), 0.0153040 secs] [Times: user=0.01 sys=0.00, real=0.01 secs] 
2012-10-23T15:29:25.759+0100: 334841.742: [GC 334841.742: [DefNew: 17665K->1745K(19136K), 0.0152690 secs] 64766K->48846K(260032K), 0.0159270 secs] [Times: user=0.01 sys=0.00, real=0.01 secs] 
2012-10-23T15:29:36.292+0100: 334852.275: [GC 334852.275: [DefNew: 18769K->1004K(19136K), 0.0165300 secs] 65870K->48598K(260032K), 0.0172080 secs] [Times: user=0.02 sys=0.00, real=0.02 secs] 
2012-10-23T15:29:49.738+0100: 334865.721: [GC 334865.721: [DefNew: 17998K->641K(19136K), 0.0134020 secs] 65592K->48235K(260032K), 0.0140740 secs] [Times: user=0.01 sys=0.00, real=0.01 secs] 
2012-10-23T15:30:02.644+0100: 334878.627: [GC 334878.628: [DefNew: 17665K->2111K(19136K), 0.0162080 secs] 65259K->49773K(260032K), 0.0168300 secs] [Times: user=0.02 sys=0.00, real=0.02 secs] 
2012-10-23T15:30:19.852+0100: 334895.835: [GC 334895.836: [DefNew: 19135K->1037K(19136K), 0.0177090 secs] 66797K->49403K(260032K), 0.0182700 secs] [Times: user=0.02 sys=0.00, real=0.02 secs] 
2012-10-23T15:30:31.756+0100: 334907.739: [GC 334907.740: [DefNew: 18034K->1725K(19136K), 0.0143470 secs] 66401K->50092K(260032K), 0.0149480 secs] [Times: user=0.02 sys=0.00, real=0.02 secs] 
2012-10-23T15:30:40.874+0100: 334916.857: [GC 334916.858: [DefNew: 18749K->2111K(19136K), 0.0200980 secs] 67116K->51313K(260032K), 0.0212280 secs] [Times: user=0.02 sys=0.00, real=0.02 secs] 
2012-10-23T15:30:49.753+0100: 334925.736: [GC 334925.737: [DefNew: 19135K->1287K(19136K), 0.0151070 secs] 68337K->50783K(260032K), 0.0156640 secs] [Times: user=0.01 sys=0.00, real=0.02 secs] 
2012-10-23T15:31:01.843+0100: 334937.826: [GC 334937.826: [DefNew: 18311K->1380K(19136K), 0.0153740 secs] 67807K->51097K(260032K), 0.0159320 secs] [Times: user=0.01 sys=0.00, real=0.02 secs] 
2012-10-23T15:31:12.333+0100: 334948.316: [GC 334948.317: [DefNew: 18404K->1168K(19136K), 0.0135230 secs] 68121K->51038K(260032K), 0.0155850 secs] [Times: user=0.02 sys=0.00, real=0.02 secs] 
2012-10-23T15:31:22.863+0100: 334958.846: [GC 334958.847: [DefNew: 18192K->1764K(19136K), 0.0166970 secs] 68062K->51864K(260032K), 0.0175060 secs] [Times: user=0.03 sys=0.00, real=0.02 secs] 
2012-10-23T15:31:35.426+0100: 334971.409: [GC 334971.410: [DefNew: 18788K->411K(19136K), 0.0172230 secs] 68888K->50754K(260032K), 0.0179200 secs] [Times: user=0.01 sys=0.01, real=0.02 secs] 
2012-10-23T15:31:43.764+0100: 334979.747: [GC 334979.748: [DefNew: 17435K->2027K(19136K), 0.0150400 secs] 67778K->52370K(260032K), 0.0158070 secs] [Times: user=0.02 sys=0.00, real=0.02 secs] 
2012-10-23T15:32:00.639+0100: 334996.622: [GC 334996.622: [DefNew: 19051K->501K(19136K), 0.0149820 secs] 69394K->51273K(260032K), 0.0155350 secs] [Times: user=0.02 sys=0.00, real=0.01 secs] 
2012-10-23T15:32:13.247+0100: 335009.230: [GC 335009.230: [DefNew: 17525K->2112K(19136K), 0.0172240 secs] 68297K->53303K(260032K), 0.0178690 secs] [Times: user=0.02 sys=0.00, real=0.02 secs] 
2012-10-23T15:32:29.765+0100: 335025.748: [GC 335025.748: [DefNew: 19127K->1555K(19136K), 0.0163990 secs] 70318K->53230K(260032K), 0.0169230 secs] [Times: user=0.02 sys=0.00, real=0.02 secs] 
2012-10-23T15:32:40.564+0100: 335036.547: [GC 335036.547: [DefNew: 18579K->1052K(19136K), 0.0136520 secs] 70254K->52908K(260032K), 0.0141450 secs] [Times: user=0.02 sys=0.00, real=0.02 secs] 
2012-10-23T15:32:49.769+0100: 335045.752: [GC 335045.752: [DefNew: 18058K->2111K(19136K), 0.0160960 secs] 69914K->54251K(260032K), 0.0166540 secs] [Times: user=0.02 sys=0.00, real=0.01 secs] 
2012-10-23T15:33:01.740+0100: 335057.723: [GC 335057.723: [DefNew: 19135K->1758K(19136K), 0.0168490 secs] 71275K->54334K(260032K), 0.0174270 secs] [Times: user=0.02 sys=0.00, real=0.02 secs] 
2012-10-23T15:33:14.143+0100: 335070.126: [GC 335070.126: [DefNew: 18782K->1214K(19136K), 0.0147530 secs] 71358K->54026K(260032K), 0.0153310 secs] [Times: user=0.02 sys=0.00, real=0.02 secs] 
2012-10-23T15:33:23.755+0100: 335079.738: [GC 335079.738: [DefNew: 18238K->1842K(19136K), 0.0157400 secs] 71050K->54896K(260032K), 0.0163880 secs] [Times: user=0.01 sys=0.00, real=0.02 secs] 
2012-10-23T15:33:35.750+0100: 335091.733: [GC 335091.733: [DefNew: 18866K->1248K(19136K), 0.0147240 secs] 71920K->54517K(260032K), 0.0155060 secs] [Times: user=0.01 sys=0.00, real=0.01 secs] 
2012-10-23T15:33:44.323+0100: 335100.306: [GC 335100.306: [DefNew: 18241K->912K(19136K), 0.0142190 secs] 71509K->54407K(260032K), 0.0148330 secs] [Times: user=0.01 sys=0.00, real=0.02 secs] 
2012-10-23T15:34:02.448+0100: 335118.431: [GC 335118.431: [DefNew: 17936K->1223K(19136K), 0.0128640 secs] 71431K->54718K(260032K), 0.0133830 secs] [Times: user=0.02 sys=0.00, real=0.01 secs] 
2012-10-23T15:34:12.972+0100: 335128.955: [GC 335128.955: [DefNew: 18247K->1488K(19136K), 0.0151090 secs] 71742K->55162K(260032K), 0.0156820 secs] [Times: user=0.02 sys=0.00, real=0.02 secs] 
2012-10-23T15:34:29.736+0100: 335145.720: [GC 335145.720: [DefNew: 18512K->355K(19136K), 0.0141040 secs] 72186K->54426K(260032K), 0.0145790 secs] [Times: user=0.02 sys=0.00, real=0.02 secs] 
2012-10-23T15:34:39.757+0100: 335155.740: [GC 335155.740: [DefNew: 17379K->1568K(19136K), 0.0133190 secs] 71450K->55640K(260032K), 0.0140020 secs] [Times: user=0.00 sys=0.01, real=0.02 secs] 
2012-10-23T15:34:50.731+0100: 335166.714: [GC 335166.715: [DefNew: 18592K->968K(19136K), 0.0148760 secs] 72664K->55462K(260032K), 0.0155060 secs] [Times: user=0.01 sys=0.00, real=0.01 secs] 
2012-10-23T15:34:59.765+0100: 335175.748: [GC 335175.749: [DefNew: 17992K->1825K(19136K), 0.0151240 secs] 72486K->56319K(260032K), 0.0158390 secs] [Times: user=0.01 sys=0.00, real=0.02 secs] 
2012-10-23T15:35:09.766+0100: 335185.749: [GC 335185.750: [DefNew: 18843K->1585K(19136K), 0.0167920 secs] 73337K->56529K(260032K), 0.0174490 secs] [Times: user=0.01 sys=0.00, real=0.02 secs] 
2012-10-23T15:35:22.237+0100: 335198.220: [GC 335198.220: [DefNew: 18609K->1233K(19136K), 0.0144740 secs] 73553K->56403K(260032K), 0.0151370 secs] [Times: user=0.02 sys=0.00, real=0.02 secs] 
2012-10-23T15:35:33.754+0100: 335209.737: [GC 335209.737: [DefNew: 18256K->1713K(19136K), 0.0108320 secs] 73425K->57074K(260032K), 0.0113820 secs] [Times: user=0.01 sys=0.00, real=0.01 secs] 
2012-10-23T15:35:45.326+0100: 335221.309: [GC 335221.309: [DefNew: 18737K->362K(19136K), 0.0131660 secs] 74098K->55941K(260032K), 0.0138250 secs] [Times: user=0.01 sys=0.00, real=0.02 secs] 
2012-10-23T15:35:55.757+0100: 335231.740: [GC 335231.740: [DefNew: 17386K->1049K(19136K), 0.0088690 secs] 72965K->56629K(260032K), 0.0093490 secs] [Times: user=0.01 sys=0.00, real=0.01 secs] 
2012-10-23T15:36:10.526+0100: 335246.509: [GC 335246.509: [DefNew: 18073K->1391K(19136K), 0.0136730 secs] 73653K->56971K(260032K), 0.0142210 secs] [Times: user=0.00 sys=0.01, real=0.02 secs] 
2012-10-23T15:36:25.259+0100: 335261.242: [GC 335261.243: [DefNew: 18415K->639K(19136K), 0.0159130 secs] 73995K->56669K(260032K), 0.0164320 secs] [Times: user=0.02 sys=0.00, real=0.01 secs] 
2012-10-23T15:36:33.761+0100: 335269.744: [GC 335269.744: [DefNew: 17663K->2111K(19136K), 0.0165300 secs] 73693K->58286K(260032K), 0.0171850 secs] [Times: user=0.02 sys=0.00, real=0.02 secs] 
2012-10-23T15:36:43.765+0100: 335279.748: [GC 335279.749: [DefNew: 19130K->1716K(19136K), 0.0181240 secs] 75304K->58515K(260032K), 0.0187410 secs] [Times: user=0.02 sys=0.00, real=0.02 secs] 
2012-10-23T15:36:56.751+0100: 335292.734: [GC 335292.734: [DefNew: 18740K->1248K(19136K), 0.0149860 secs] 75539K->58230K(260032K), 0.0173140 secs] [Times: user=0.02 sys=0.00, real=0.02 secs] 
2012-10-23T15:37:09.758+0100: 335305.741: [GC 335305.741: [DefNew: 18272K->871K(19136K), 0.0135150 secs] 75254K->58097K(260032K), 0.0141210 secs] [Times: user=0.01 sys=0.00, real=0.01 secs] 
2012-10-23T15:37:21.925+0100: 335317.908: [GC 335317.909: [DefNew: 17895K->2034K(19136K), 0.0145950 secs] 75121K->59261K(260032K), 0.0151860 secs] [Times: user=0.01 sys=0.00, real=0.02 secs] 
2012-10-23T15:37:33.743+0100: 335329.726: [GC 335329.727: [DefNew: 19058K->1320K(19136K), 0.0161560 secs] 76285K->58935K(260032K), 0.0167530 secs] [Times: user=0.01 sys=0.00, real=0.02 secs] 
2012-10-23T15:37:45.058+0100: 335341.041: [GC 335341.041: [DefNew: 18344K->1920K(19136K), 0.0146230 secs] 75959K->59812K(260032K), 0.0151940 secs] [Times: user=0.01 sys=0.00, real=0.01 secs] 
2012-10-23T15:37:57.764+0100: 335353.747: [GC 335353.747: [DefNew: 18933K->1700K(19136K), 0.0155630 secs] 76825K->59837K(260032K), 0.0161610 secs] [Times: user=0.02 sys=0.00, real=0.02 secs] 
2012-10-23T15:38:08.127+0100: 335364.110: [GC 335364.110: [DefNew: 18724K->1667K(19136K), 0.0144610 secs] 76861K->60016K(260032K), 0.0150020 secs] [Times: user=0.01 sys=0.00, real=0.02 secs] 
2012-10-23T15:38:17.210+0100: 335373.193: [GC 335373.193: [DefNew: 18691K->1763K(19136K), 0.0158030 secs] 77040K->60291K(260032K), 0.0164860 secs] [Times: user=0.01 sys=0.00, real=0.01 secs] 
2012-10-23T15:38:27.292+0100: 335383.275: [GC 335383.276: [DefNew: 18787K->1101K(19136K), 0.0143160 secs] 77315K->59853K(260032K), 0.0153720 secs] [Times: user=0.01 sys=0.01, real=0.02 secs] 
2012-10-23T15:38:41.809+0100: 335397.792: [GC 335397.792: [DefNew: 18125K->1705K(19136K), 0.0145910 secs] 76877K->60682K(260032K), 0.0150980 secs] [Times: user=0.01 sys=0.00, real=0.01 secs] 
2012-10-23T15:38:52.226+0100: 335408.209: [GC 335408.209: [DefNew: 18729K->1689K(19136K), 0.0169950 secs] 77706K->60759K(260032K), 0.0176260 secs] [Times: user=0.01 sys=0.00, real=0.02 secs] 
2012-10-23T15:39:04.843+0100: 335420.826: [GC 335420.826: [DefNew: 18713K->460K(19136K), 0.0131630 secs] 77783K->59712K(260032K), 0.0139320 secs] [Times: user=0.01 sys=0.00, real=0.01 secs] 
2012-10-23T15:39:17.427+0100: 335433.410: [GC 335433.410: [DefNew: 17484K->1369K(19136K), 0.0126930 secs] 76736K->60620K(260032K), 0.0131590 secs] [Times: user=0.01 sys=0.00, real=0.02 secs] 
2012-10-23T15:39:27.769+0100: 335443.752: [GC 335443.752: [DefNew: 18393K->1745K(19136K), 0.0158910 secs] 77644K->61446K(260032K), 0.0164240 secs] [Times: user=0.02 sys=0.00, real=0.01 secs] 
2012-10-23T15:39:46.840+0100: 335462.823: [GC 335462.823: [DefNew: 18769K->1135K(19136K), 0.0131400 secs] 78470K->61015K(260032K), 0.0137150 secs] [Times: user=0.01 sys=0.01, real=0.01 secs] 
2012-10-23T15:40:01.473+0100: 335477.456: [GC 335477.456: [DefNew: 18135K->903K(19136K), 0.0258330 secs] 78015K->60977K(260032K), 0.0263790 secs] [Times: user=0.02 sys=0.00, real=0.03 secs] 
2012-10-23T15:40:19.747+0100: 335495.730: [GC 335495.730: [DefNew: 17927K->482K(19136K), 0.0099260 secs] 78001K->60556K(260032K), 0.0102690 secs] [Times: user=0.00 sys=0.00, real=0.01 secs] 
2012-10-23T15:40:29.749+0100: 335505.733: [GC 335505.733: [DefNew: 17506K->745K(19136K), 0.0111880 secs] 77580K->60819K(260032K), 0.0116360 secs] [Times: user=0.02 sys=0.00, real=0.01 secs] 
2012-10-23T15:40:41.765+0100: 335517.748: [GC 335517.748: [DefNew: 17769K->1819K(19136K), 0.0178000 secs] 77843K->61893K(260032K), 0.0181920 secs] [Times: user=0.01 sys=0.00, real=0.02 secs] 
2012-10-23T15:40:54.026+0100: 335530.009: [GC 335530.010: [DefNew: 18843K->1865K(19136K), 0.0146130 secs] 78917K->62617K(260032K), 0.0150910 secs] [Times: user=0.01 sys=0.00, real=0.02 secs] 
2012-10-23T15:41:05.748+0100: 335541.731: [GC 335541.732: [DefNew: 18889K->408K(19136K), 0.0134100 secs] 79641K->61384K(260032K), 0.0140110 secs] [Times: user=0.01 sys=0.00, real=0.01 secs] 
2012-10-23T15:41:21.338+0100: 335557.321: [GC 335557.321: [DefNew: 17432K->1748K(19136K), 0.0217650 secs] 78408K->62725K(260032K), 0.0224150 secs] [Times: user=0.02 sys=0.00, real=0.02 secs] 
2012-10-23T15:41:31.758+0100: 335567.741: [GC 335567.742: [DefNew: 18772K->1802K(19136K), 0.0111180 secs] 79749K->63190K(260032K), 0.0115440 secs] [Times: user=0.02 sys=0.00, real=0.01 secs] 
2012-10-23T15:41:43.765+0100: 335579.748: [GC 335579.749: [DefNew: 18826K->1201K(19136K), 0.0135780 secs] 80214K->62765K(260032K), 0.0141170 secs] [Times: user=0.02 sys=0.00, real=0.02 secs] 
2012-10-23T15:41:56.634+0100: 335592.617: [GC 335592.618: [DefNew: 18225K->1675K(19136K), 0.0142210 secs] 79789K->63463K(260032K), 0.0150220 secs] [Times: user=0.02 sys=0.00, real=0.02 secs] 
2012-10-23T15:42:09.673+0100: 335605.656: [GC 335605.657: [DefNew: 18699K->499K(19136K), 0.0123150 secs] 80487K->62469K(260032K), 0.0127500 secs] [Times: user=0.01 sys=0.00, real=0.01 secs] 
2012-10-23T15:42:21.771+0100: 335617.754: [GC 335617.754: [DefNew: 17523K->1389K(19136K), 0.0132690 secs] 79492K->63358K(260032K), 0.0137620 secs] [Times: user=0.01 sys=0.00, real=0.01 secs] 
2012-10-23T15:42:31.773+0100: 335627.756: [GC 335627.757: [DefNew: 18413K->1296K(19136K), 0.0161160 secs] 80382K->63713K(260032K), 0.0167150 secs] [Times: user=0.02 sys=0.00, real=0.02 secs] 
2012-10-23T15:42:43.262+0100: 335639.246: [GC 335639.246: [DefNew: 18320K->1358K(19136K), 0.0161320 secs] 80737K->64002K(260032K), 0.0169300 secs] [Times: user=0.02 sys=0.00, real=0.02 secs] 
2012-10-23T15:42:53.727+0100: 335649.710: [GC 335649.711: [DefNew: 18382K->1720K(19136K), 0.0159060 secs] 81026K->64629K(260032K), 0.0166010 secs] [Times: user=0.01 sys=0.01, real=0.02 secs] 
2012-10-23T15:43:03.747+0100: 335659.730: [GC 335659.730: [DefNew: 18744K->1833K(19136K), 0.0127840 secs] 81653K->64930K(260032K), 0.0135320 secs] [Times: user=0.01 sys=0.00, real=0.02 secs] 
2012-10-23T15:43:16.337+0100: 335672.320: [GC 335672.320: [DefNew: 18857K->872K(19136K), 0.0142500 secs] 81954K->64192K(260032K), 0.0148710 secs] [Times: user=0.02 sys=0.00, real=0.02 secs] 
2012-10-23T15:43:27.371+0100: 335683.354: [GC 335683.355: [DefNew: 17896K->2062K(19136K), 0.0165580 secs] 81216K->65383K(260032K), 0.0171680 secs] [Times: user=0.02 sys=0.00, real=0.02 secs] 
2012-10-23T15:43:39.754+0100: 335695.737: [GC 335695.737: [DefNew: 19086K->981K(19136K), 0.0104710 secs] 82407K->64787K(260032K), 0.0110020 secs] [Times: user=0.01 sys=0.00, real=0.01 secs] 
2012-10-23T15:43:51.754+0100: 335707.737: [GC 335707.737: [DefNew: 18005K->1404K(19136K), 0.0104620 secs] 81811K->65211K(260032K), 0.0110030 secs] [Times: user=0.01 sys=0.00, real=0.01 secs] 
2012-10-23T15:44:05.137+0100: 335721.120: [GC 335721.121: [DefNew: 18428K->1639K(19136K), 0.0140850 secs] 82235K->65950K(260032K), 0.0146730 secs] [Times: user=0.01 sys=0.01, real=0.01 secs] 
2012-10-23T15:44:17.769+0100: 335733.752: [GC 335733.753: [DefNew: 18663K->1078K(19136K), 0.0101190 secs] 82974K->65571K(260032K), 0.0106940 secs] [Times: user=0.00 sys=0.00, real=0.01 secs] 
2012-10-23T15:44:26.512+0100: 335742.495: [GC 335742.496: [DefNew: 18102K->2111K(19136K), 0.0168300 secs] 82595K->66955K(260032K), 0.0174750 secs] [Times: user=0.01 sys=0.00, real=0.02 secs] 
2012-10-23T15:44:37.758+0100: 335753.741: [GC 335753.741: [DefNew: 19135K->1467K(19136K), 0.0138500 secs] 83979K->66483K(260032K), 0.0144400 secs] [Times: user=0.01 sys=0.00, real=0.01 secs] 
2012-10-23T15:44:49.776+0100: 335765.759: [GC 335765.759: [DefNew: 18484K->1940K(19136K), 0.0146690 secs] 83499K->67137K(260032K), 0.0151880 secs] [Times: user=0.01 sys=0.00, real=0.02 secs] 
2012-10-23T15:45:01.402+0100: 335777.385: [GC 335777.386: [DefNew: 18964K->981K(19136K), 0.0132860 secs] 84161K->66360K(260032K), 0.0138040 secs] [Times: user=0.01 sys=0.00, real=0.01 secs] 
2012-10-23T15:45:11.764+0100: 335787.747: [GC 335787.747: [DefNew: 18005K->1871K(19136K), 0.0144780 secs] 83384K->67250K(260032K), 0.0150560 secs] [Times: user=0.01 sys=0.00, real=0.02 secs] 
2012-10-23T15:45:27.406+0100: 335803.389: [GC 335803.389: [DefNew: 18895K->1483K(19136K), 0.0153240 secs] 84274K->67312K(260032K), 0.0158490 secs] [Times: user=0.02 sys=0.00, real=0.02 secs] 
2012-10-23T15:45:39.670+0100: 335815.653: [GC 335815.653: [DefNew: 18507K->389K(19136K), 0.0113540 secs] 84336K->66353K(260032K), 0.0117840 secs] [Times: user=0.00 sys=0.00, real=0.01 secs] 
2012-10-23T15:45:54.350+0100: 335830.333: [GC 335830.334: [DefNew: 17413K->1334K(19136K), 0.0132870 secs] 83377K->67298K(260032K), 0.0137580 secs] [Times: user=0.02 sys=0.00, real=0.01 secs] 
2012-10-23T15:46:05.751+0100: 335841.734: [GC 335841.734: [DefNew: 18329K->419K(19136K), 0.0138480 secs] 84294K->66808K(260032K), 0.0143500 secs] [Times: user=0.01 sys=0.00, real=0.01 secs] 
2012-10-23T15:46:17.522+0100: 335853.505: [GC 335853.505: [DefNew: 17443K->1416K(19136K), 0.0133120 secs] 83832K->67805K(260032K), 0.0138460 secs] [Times: user=0.02 sys=0.00, real=0.01 secs] 
2012-10-23T15:46:29.770+0100: 335865.753: [GC 335865.753: [DefNew: 18422K->798K(19136K), 0.0153580 secs] 84811K->67709K(260032K), 0.0159620 secs] [Times: user=0.01 sys=0.00, real=0.01 secs] 
2012-10-23T15:46:39.755+0100: 335875.738: [GC 335875.738: [DefNew: 17807K->786K(19136K), 0.0124500 secs] 84718K->67697K(260032K), 0.0130160 secs] [Times: user=0.02 sys=0.00, real=0.02 secs] 
2012-10-23T15:46:51.758+0100: 335887.741: [GC 335887.741: [DefNew: 17795K->1533K(19136K), 0.0148630 secs] 84706K->68444K(260032K), 0.0154940 secs] [Times: user=0.01 sys=0.00, real=0.01 secs] 
2012-10-23T15:47:01.437+0100: 335897.421: [GC 335897.421: [DefNew: 18557K->2112K(19136K), 0.0301900 secs] 85468K->69804K(260032K), 0.0309010 secs] [Times: user=0.02 sys=0.00, real=0.03 secs] 
2012-10-23T15:47:12.056+0100: 335908.039: [GC 335908.039: [DefNew: 19136K->1247K(19136K), 0.0150770 secs] 86828K->69114K(260032K), 0.0156730 secs] [Times: user=0.02 sys=0.00, real=0.02 secs] 
2012-10-23T15:47:25.763+0100: 335921.746: [GC 335921.747: [DefNew: 18257K->1153K(19136K), 0.0153130 secs] 86124K->69268K(260032K), 0.0160850 secs] [Times: user=0.02 sys=0.00, real=0.02 secs] 
2012-10-23T15:47:35.757+0100: 335931.740: [GC 335931.740: [DefNew: 18166K->578K(19136K), 0.0137600 secs] 86281K->68989K(260032K), 0.0143900 secs] [Times: user=0.01 sys=0.00, real=0.02 secs] 
2012-10-23T15:47:49.757+0100: 335945.740: [GC 335945.740: [DefNew: 17585K->629K(19136K), 0.0119660 secs] 85995K->69040K(260032K), 0.0125480 secs] [Times: user=0.02 sys=0.00, real=0.02 secs] 
2012-10-23T15:48:01.613+0100: 335957.596: [GC 335957.597: [DefNew: 17653K->2112K(19136K), 0.0168050 secs] 86064K->70591K(260032K), 0.0174190 secs] [Times: user=0.01 sys=0.00, real=0.02 secs] 
2012-10-23T15:48:12.437+0100: 335968.420: [GC 335968.420: [DefNew: 19136K->1634K(19136K), 0.0195260 secs] 87615K->70792K(260032K), 0.0201950 secs] [Times: user=0.02 sys=0.00, real=0.02 secs] 
2012-10-23T15:48:25.579+0100: 335981.562: [GC 335981.562: [DefNew: 18658K->397K(19136K), 0.0125950 secs] 87816K->69778K(260032K), 0.0130760 secs] [Times: user=0.01 sys=0.00, real=0.01 secs] 
2012-10-23T15:48:36.076+0100: 335992.059: [GC 335992.059: [DefNew: 17421K->1164K(19136K), 0.0127120 secs] 86802K->70546K(260032K), 0.0131920 secs] [Times: user=0.01 sys=0.00, real=0.02 secs] 
2012-10-23T15:48:47.804+0100: 336003.787: [GC 336003.787: [DefNew: 18188K->1998K(19136K), 0.0165600 secs] 87570K->71603K(260032K), 0.0171580 secs] [Times: user=0.02 sys=0.00, real=0.02 secs] 
2012-10-23T15:48:59.127+0100: 336015.110: [GC 336015.111: [DefNew: 19022K->1968K(19136K), 0.0174670 secs] 88627K->71976K(260032K), 0.0180800 secs] [Times: user=0.00 sys=0.01, real=0.01 secs] 
2012-10-23T15:49:09.765+0100: 336025.748: [GC 336025.748: [DefNew: 18992K->937K(19136K), 0.0142510 secs] 89000K->71170K(260032K), 0.0148640 secs] [Times: user=0.02 sys=0.00, real=0.02 secs] 
2012-10-23T15:49:22.494+0100: 336038.477: [GC 336038.477: [DefNew: 17961K->1401K(19136K), 0.0143710 secs] 88194K->71635K(260032K), 0.0150000 secs] [Times: user=0.01 sys=0.00, real=0.02 secs] 
2012-10-23T15:49:36.622+0100: 336052.605: [GC 336052.605: [DefNew: 18425K->971K(19136K), 0.0155190 secs] 88659K->71699K(260032K), 0.0161540 secs] [Times: user=0.01 sys=0.00, real=0.02 secs] 
2012-10-23T15:49:49.541+0100: 336065.524: [GC 336065.524: [DefNew: 17995K->574K(19136K), 0.0128280 secs] 88723K->71302K(260032K), 0.0133730 secs] [Times: user=0.01 sys=0.00, real=0.01 secs] 
2012-10-23T15:49:59.782+0100: 336075.765: [GC 336075.765: [DefNew: 17598K->1936K(19136K), 0.0154950 secs] 88326K->72664K(260032K), 0.0161010 secs] [Times: user=0.02 sys=0.00, real=0.02 secs] 
2012-10-23T15:50:10.539+0100: 336086.522: [GC 336086.523: [DefNew: 18960K->1012K(19136K), 0.0172910 secs] 89688K->72366K(260032K), 0.0178840 secs] [Times: user=0.03 sys=0.00, real=0.02 secs] 
2012-10-23T15:50:25.761+0100: 336101.744: [GC 336101.744: [DefNew: 18016K->686K(19136K), 0.0119950 secs] 89371K->72040K(260032K), 0.0124910 secs] [Times: user=0.01 sys=0.00, real=0.01 secs] 
2012-10-23T15:50:35.751+0100: 336111.734: [GC 336111.735: [DefNew: 17710K->794K(19136K), 0.0136010 secs] 89064K->72149K(260032K), 0.0141090 secs] [Times: user=0.01 sys=0.00, real=0.01 secs] 
2012-10-23T15:50:44.157+0100: 336120.141: [GC 336120.141: [DefNew: 17818K->2111K(19136K), 0.0192350 secs] 89173K->74271K(260032K), 0.0199570 secs] [Times: user=0.02 sys=0.00, real=0.02 secs] 
2012-10-23T15:50:55.769+0100: 336131.752: [GC 336131.753: [DefNew: 19135K->1519K(19136K), 0.0194390 secs] 91295K->74306K(260032K), 0.0201040 secs] [Times: user=0.02 sys=0.00, real=0.02 secs] 
2012-10-23T15:51:05.771+0100: 336141.754: [GC 336141.754: [DefNew: 18543K->793K(19136K), 0.0141400 secs] 91330K->73846K(260032K), 0.0146850 secs] [Times: user=0.02 sys=0.00, real=0.01 secs] 
2012-10-23T15:51:17.788+0100: 336153.771: [GC 336153.772: [DefNew: 17817K->1988K(19136K), 0.0148780 secs] 90870K->75042K(260032K), 0.0155130 secs] [Times: user=0.01 sys=0.00, real=0.01 secs] 
2012-10-23T15:51:32.448+0100: 336168.431: [GC 336168.431: [DefNew: 19012K->1797K(19136K), 0.0170330 secs] 92066K->75250K(260032K), 0.0178990 secs] [Times: user=0.01 sys=0.00, real=0.01 secs] 
2012-10-23T15:51:42.968+0100: 336178.951: [GC 336178.952: [DefNew: 18821K->1844K(19136K), 0.0159370 secs] 92274K->75505K(260032K), 0.0165100 secs] [Times: user=0.01 sys=0.00, real=0.01 secs] 
2012-10-23T15:51:55.622+0100: 336191.605: [GC 336191.605: [DefNew: 18868K->427K(19136K), 0.0133690 secs] 92529K->74337K(260032K), 0.0139420 secs] [Times: user=0.01 sys=0.00, real=0.01 secs] 
2012-10-23T15:52:07.369+0100: 336203.352: [GC 336203.352: [DefNew: 17451K->1188K(19136K), 0.0175920 secs] 91361K->75098K(260032K), 0.0181630 secs] [Times: user=0.01 sys=0.00, real=0.02 secs] 
2012-10-23T15:52:19.773+0100: 336215.756: [GC 336215.756: [DefNew: 18208K->1034K(19136K), 0.0152170 secs] 92117K->75229K(260032K), 0.0157800 secs] [Times: user=0.01 sys=0.00, real=0.02 secs] 
2012-10-23T15:52:31.282+0100: 336227.265: [GC 336227.266: [DefNew: 18058K->2083K(19136K), 0.0162380 secs] 92253K->76278K(260032K), 0.0168360 secs] [Times: user=0.02 sys=0.00, real=0.02 secs] 
2012-10-23T15:52:41.795+0100: 336237.778: [GC 336237.778: [DefNew: 19107K->1788K(19136K), 0.0200400 secs] 93302K->76607K(260032K), 0.0207460 secs] [Times: user=0.02 sys=0.00, real=0.02 secs] 
2012-10-23T15:52:52.454+0100: 336248.437: [GC 336248.437: [DefNew: 18812K->1087K(19136K), 0.0152600 secs] 93631K->76135K(260032K), 0.0158590 secs] [Times: user=0.01 sys=0.00, real=0.02 secs] 
2012-10-23T15:53:02.744+0100: 336258.728: [GC 336258.728: [DefNew: 18111K->1716K(19136K), 0.0160220 secs] 93159K->77006K(260032K), 0.0166170 secs] [Times: user=0.01 sys=0.00, real=0.02 secs] 
2012-10-23T15:53:13.293+0100: 336269.277: [GC 336269.277: [DefNew: 18740K->1985K(19136K), 0.0307260 secs] 94030K->77478K(260032K), 0.0313750 secs] [Times: user=0.01 sys=0.00, real=0.03 secs] 
2012-10-23T15:53:25.835+0100: 336281.818: [GC 336281.819: [DefNew: 19009K->1007K(19136K), 0.0146430 secs] 94502K->76714K(260032K), 0.0152690 secs] [Times: user=0.02 sys=0.00, real=0.02 secs] 
2012-10-23T15:53:37.599+0100: 336293.582: [GC 336293.582: [DefNew: 18031K->2094K(19136K), 0.0231090 secs] 93738K->77802K(260032K), 0.0238120 secs] [Times: user=0.02 sys=0.00, real=0.02 secs] 
2012-10-23T15:53:49.763+0100: 336305.746: [GC 336305.747: [DefNew: 19101K->548K(19136K), 0.0153820 secs] 94809K->76760K(260032K), 0.0159760 secs] [Times: user=0.02 sys=0.00, real=0.02 secs] 
2012-10-23T15:54:01.759+0100: 336317.742: [GC 336317.743: [DefNew: 17572K->1876K(19136K), 0.0150050 secs] 93784K->78088K(260032K), 0.0156360 secs] [Times: user=0.01 sys=0.00, real=0.01 secs] 
2012-10-23T15:54:12.758+0100: 336328.742: [GC 336328.742: [DefNew: 18900K->1742K(19136K), 0.0175740 secs] 95112K->78446K(260032K), 0.0182280 secs] [Times: user=0.02 sys=0.00, real=0.01 secs] 
2012-10-23T15:54:29.759+0100: 336345.742: [GC 336345.743: [DefNew: 18766K->1245K(19136K), 0.0140780 secs] 95470K->78174K(260032K), 0.0146050 secs] [Times: user=0.01 sys=0.00, real=0.01 secs] 
2012-10-23T15:54:39.777+0100: 336355.760: [GC 336355.761: [DefNew: 18269K->1220K(19136K), 0.0140320 secs] 95198K->78329K(260032K), 0.0145760 secs] [Times: user=0.02 sys=0.00, real=0.01 secs] 
2012-10-23T15:54:49.847+0100: 336365.830: [GC 336365.830: [DefNew: 18244K->1566K(19136K), 0.0149550 secs] 95353K->78901K(260032K), 0.0154900 secs] [Times: user=0.02 sys=0.00, real=0.02 secs] 
2012-10-23T15:55:01.774+0100: 336377.757: [GC 336377.758: [DefNew: 18589K->2111K(19136K), 0.0172520 secs] 95924K->79970K(260032K), 0.0178570 secs] [Times: user=0.02 sys=0.00, real=0.02 secs] 
2012-10-23T15:55:11.783+0100: 336387.766: [GC 336387.766: [DefNew: 19135K->1425K(19136K), 0.0149430 secs] 96994K->79531K(260032K), 0.0155230 secs] [Times: user=0.01 sys=0.01, real=0.02 secs] 
2012-10-23T15:55:22.499+0100: 336398.482: [GC 336398.483: [DefNew: 18449K->1683K(19136K), 0.0150940 secs] 96555K->80014K(260032K), 0.0157030 secs] [Times: user=0.01 sys=0.00, real=0.01 secs] 
2012-10-23T15:55:35.767+0100: 336411.750: [GC 336411.750: [DefNew: 18707K->1093K(19136K), 0.0147320 secs] 97038K->79649K(260032K), 0.0153830 secs] [Times: user=0.01 sys=0.00, real=0.02 secs] 
2012-10-23T15:55:45.763+0100: 336421.746: [GC 336421.747: [DefNew: 18107K->757K(19136K), 0.0141160 secs] 96664K->79584K(260032K), 0.0147490 secs] [Times: user=0.02 sys=0.00, real=0.02 secs] 
2012-10-23T15:55:59.162+0100: 336435.145: [GC 336435.146: [DefNew: 17781K->689K(19136K), 0.0132460 secs] 96608K->79516K(260032K), 0.0138110 secs] [Times: user=0.01 sys=0.00, real=0.01 secs] 
2012-10-23T15:56:12.520+0100: 336448.503: [GC 336448.504: [DefNew: 17713K->1920K(19136K), 0.0149500 secs] 96540K->80747K(260032K), 0.0155570 secs] [Times: user=0.01 sys=0.00, real=0.01 secs] 
2012-10-23T15:56:25.765+0100: 336461.748: [GC 336461.748: [DefNew: 18944K->536K(19136K), 0.0156800 secs] 97771K->79992K(260032K), 0.0162250 secs] [Times: user=0.02 sys=0.00, real=0.02 secs] 
2012-10-23T15:56:37.781+0100: 336473.764: [GC 336473.765: [DefNew: 17560K->1411K(19136K), 0.0133650 secs] 97016K->80866K(260032K), 0.0139020 secs] [Times: user=0.01 sys=0.00, real=0.01 secs] 
2012-10-23T15:56:47.743+0100: 336483.726: [GC 336483.727: [DefNew: 18435K->2112K(19136K), 0.0250260 secs] 97890K->82322K(260032K), 0.0256740 secs] [Times: user=0.03 sys=0.00, real=0.03 secs] 
2012-10-23T15:56:59.766+0100: 336495.749: [GC 336495.750: [DefNew: 19133K->369K(19136K), 0.0119040 secs] 99343K->80792K(260032K), 0.0123850 secs] [Times: user=0.02 sys=0.00, real=0.02 secs] 
2012-10-23T15:57:09.778+0100: 336505.761: [GC 336505.761: [DefNew: 17386K->1891K(19136K), 0.0144690 secs] 97809K->82314K(260032K), 0.0150740 secs] [Times: user=0.01 sys=0.00, real=0.01 secs] 
2012-10-23T15:57:21.626+0100: 336517.609: [GC 336517.610: [DefNew: 18915K->1063K(19136K), 0.0243120 secs] 99338K->81891K(260032K), 0.0249610 secs] [Times: user=0.01 sys=0.00, real=0.03 secs] 
2012-10-23T15:57:36.508+0100: 336532.491: [GC 336532.491: [DefNew: 18087K->979K(19136K), 0.0141340 secs] 98915K->82033K(260032K), 0.0147170 secs] [Times: user=0.02 sys=0.00, real=0.01 secs] 
2012-10-23T15:57:47.512+0100: 336543.495: [GC 336543.496: [DefNew: 18003K->1788K(19136K), 0.0152500 secs] 99057K->82843K(260032K), 0.0158050 secs] [Times: user=0.02 sys=0.00, real=0.02 secs] 
2012-10-23T15:58:00.959+0100: 336556.942: [GC 336556.942: [DefNew: 18812K->1067K(19136K), 0.0155860 secs] 99867K->82483K(260032K), 0.0161200 secs] [Times: user=0.01 sys=0.00, real=0.01 secs] 
2012-10-23T15:58:13.784+0100: 336569.767: [GC 336569.767: [DefNew: 18091K->1803K(19136K), 0.0148780 secs] 99507K->83471K(260032K), 0.0154000 secs] [Times: user=0.01 sys=0.00, real=0.02 secs] 
2012-10-23T15:58:26.577+0100: 336582.560: [GC 336582.560: [DefNew: 18827K->1038K(19136K), 0.0130260 secs] 100495K->82869K(260032K), 0.0135290 secs] [Times: user=0.02 sys=0.00, real=0.02 secs] 
2012-10-23T15:58:38.759+0100: 336594.742: [GC 336594.742: [DefNew: 18062K->2111K(19136K), 0.0124840 secs] 99893K->84099K(260032K), 0.0131850 secs] [Times: user=0.01 sys=0.00, real=0.01 secs] 
2012-10-23T15:58:49.239+0100: 336605.222: [GC 336605.222: [DefNew: 19135K->401K(19136K), 0.0109670 secs] 101123K->82847K(260032K), 0.0114730 secs] [Times: user=0.01 sys=0.00, real=0.01 secs] 
2012-10-23T15:58:59.775+0100: 336615.758: [GC 336615.758: [DefNew: 17404K->1425K(19136K), 0.0097060 secs] 99850K->83871K(260032K), 0.0102140 secs] [Times: user=0.01 sys=0.00, real=0.01 secs] 
2012-10-23T15:59:09.769+0100: 336625.752: [GC 336625.752: [DefNew: 18435K->631K(19136K), 0.0097630 secs] 100882K->83511K(260032K), 0.0101660 secs] [Times: user=0.01 sys=0.00, real=0.01 secs] 
2012-10-23T15:59:19.783+0100: 336635.766: [GC 336635.766: [DefNew: 17655K->1650K(19136K), 0.0145040 secs] 100535K->84531K(260032K), 0.0151400 secs] [Times: user=0.02 sys=0.00, real=0.02 secs] 
2012-10-23T15:59:31.780+0100: 336647.763: [GC 336647.764: [DefNew: 18674K->1126K(19136K), 0.0162700 secs] 101555K->84410K(260032K), 0.0172360 secs] [Times: user=0.01 sys=0.00, real=0.02 secs] 
2012-10-23T15:59:46.928+0100: 336662.911: [GC 336662.911: [DefNew: 18142K->1010K(19136K), 0.0194160 secs] 101426K->84562K(260032K), 0.0200310 secs] [Times: user=0.02 sys=0.00, real=0.02 secs] 
2012-10-23T15:59:59.770+0100: 336675.753: [GC 336675.754: [DefNew: 18031K->839K(19136K), 0.0124070 secs] 101582K->84391K(260032K), 0.0130150 secs] [Times: user=0.02 sys=0.00, real=0.01 secs] 
2012-10-23T16:00:11.769+0100: 336687.752: [GC 336687.752: [DefNew: 17863K->2112K(19136K), 0.0160970 secs] 101415K->85762K(260032K), 0.0167040 secs] [Times: user=0.02 sys=0.00, real=0.01 secs] 
2012-10-23T16:00:23.747+0100: 336699.730: [GC 336699.731: [DefNew: 19136K->1736K(19136K), 0.0184930 secs] 102786K->86077K(260032K), 0.0190650 secs] [Times: user=0.01 sys=0.00, real=0.02 secs] 
2012-10-23T16:00:36.363+0100: 336712.346: [GC 336712.347: [DefNew: 18760K->2111K(19136K), 0.0163930 secs] 103101K->86803K(260032K), 0.0169560 secs] [Times: user=0.02 sys=0.00, real=0.02 secs] 
2012-10-23T16:00:47.783+0100: 336723.766: [GC 336723.767: [DefNew: 19135K->1744K(19136K), 0.0152870 secs] 103827K->86641K(260032K), 0.0158820 secs] [Times: user=0.02 sys=0.00, real=0.02 secs] 
2012-10-23T16:01:01.525+0100: 336737.508: [GC 336737.509: [DefNew: 18768K->1611K(19136K), 0.0111220 secs] 103665K->86797K(260032K), 0.0116410 secs] [Times: user=0.01 sys=0.00, real=0.01 secs] 
2012-10-23T16:01:09.947+0100: 336745.930: [GC 336745.930: [DefNew: 18635K->999K(19136K), 0.0130060 secs] 103821K->86364K(260032K), 0.0136180 secs] [Times: user=0.02 sys=0.00, real=0.02 secs] 
2012-10-23T16:01:21.580+0100: 336757.563: [GC 336757.564: [DefNew: 18023K->1244K(19136K), 0.0090860 secs] 103388K->86609K(260032K), 0.0095570 secs] [Times: user=0.01 sys=0.00, real=0.01 secs] 
2012-10-23T16:01:39.770+0100: 336775.753: [GC 336775.753: [DefNew: 18266K->460K(19136K), 0.0087970 secs] 103631K->86049K(260032K), 0.0091850 secs] [Times: user=0.01 sys=0.00, real=0.01 secs] 
2012-10-23T16:01:49.786+0100: 336785.769: [GC 336785.770: [DefNew: 17484K->1971K(19136K), 0.0103190 secs] 103073K->87560K(260032K), 0.0107930 secs] [Times: user=0.01 sys=0.00, real=0.02 secs] 
2012-10-23T16:02:02.624+0100: 336798.607: [GC 336798.608: [DefNew: 18995K->1208K(19136K), 0.0228790 secs] 104584K->87351K(260032K), 0.0235560 secs] [Times: user=0.02 sys=0.00, real=0.03 secs] 
2012-10-23T16:02:16.637+0100: 336812.620: [GC 336812.620: [DefNew: 18232K->976K(19136K), 0.0098140 secs] 104375K->87389K(260032K), 0.0102230 secs] [Times: user=0.01 sys=0.00, real=0.02 secs] 
2012-10-23T16:02:26.722+0100: 336822.705: [GC 336822.705: [DefNew: 17996K->1211K(19136K), 0.0127270 secs] 104408K->87623K(260032K), 0.0132560 secs] [Times: user=0.01 sys=0.00, real=0.01 secs] 
2012-10-23T16:02:41.783+0100: 336837.766: [GC 336837.767: [DefNew: 18235K->1746K(19136K), 0.0146220 secs] 104647K->88336K(260032K), 0.0151470 secs] [Times: user=0.02 sys=0.00, real=0.02 secs] 
2012-10-23T16:02:52.831+0100: 336848.814: [GC 336848.814: [DefNew: 18770K->1830K(19136K), 0.0160860 secs] 105360K->88779K(260032K), 0.0170680 secs] [Times: user=0.02 sys=0.00, real=0.02 secs] 
2012-10-23T16:03:03.793+0100: 336859.776: [GC 336859.777: [DefNew: 18829K->1833K(19136K), 0.0149880 secs] 105778K->88965K(260032K), 0.0155890 secs] [Times: user=0.01 sys=0.00, real=0.02 secs] 
2012-10-23T16:03:15.775+0100: 336871.758: [GC 336871.758: [DefNew: 18857K->659K(19136K), 0.0093030 secs] 105989K->88061K(260032K), 0.0097100 secs] [Times: user=0.01 sys=0.00, real=0.01 secs] 
2012-10-23T16:03:25.771+0100: 336881.754: [GC 336881.754: [DefNew: 17683K->575K(19136K), 0.0121020 secs] 105085K->87976K(260032K), 0.0125780 secs] [Times: user=0.01 sys=0.00, real=0.01 secs] 
2012-10-23T16:03:37.785+0100: 336893.768: [GC 336893.768: [DefNew: 17599K->1587K(19136K), 0.0147240 secs] 105000K->88989K(260032K), 0.0153280 secs] [Times: user=0.02 sys=0.00, real=0.02 secs] 
2012-10-23T16:03:49.791+0100: 336905.774: [GC 336905.774: [DefNew: 18611K->1321K(19136K), 0.0173770 secs] 106013K->89350K(260032K), 0.0180110 secs] [Times: user=0.02 sys=0.00, real=0.02 secs] 
2012-10-23T16:04:04.226+0100: 336920.209: [GC 336920.209: [DefNew: 18345K->1294K(19136K), 0.0147330 secs] 106374K->89555K(260032K), 0.0153310 secs] [Times: user=0.01 sys=0.00, real=0.02 secs] 
2012-10-23T16:04:15.772+0100: 336931.755: [GC 336931.755: [DefNew: 18295K->418K(19136K), 0.0127300 secs] 106555K->88900K(260032K), 0.0132580 secs] [Times: user=0.01 sys=0.00, real=0.01 secs] 
2012-10-23T16:04:27.787+0100: 336943.770: [GC 336943.770: [DefNew: 17442K->1378K(19136K), 0.0131940 secs] 105924K->89861K(260032K), 0.0137350 secs] [Times: user=0.03 sys=0.00, real=0.02 secs] 
2012-10-23T16:04:42.040+0100: 336958.023: [GC 336958.023: [DefNew: 18402K->1267K(19136K), 0.0156520 secs] 106885K->90194K(260032K), 0.0165000 secs] [Times: user=0.01 sys=0.00, real=0.01 secs] 
2012-10-23T16:04:53.794+0100: 336969.777: [GC 336969.778: [DefNew: 18291K->1303K(19136K), 0.0147020 secs] 107218K->90421K(260032K), 0.0153050 secs] [Times: user=0.01 sys=0.01, real=0.02 secs] 
2012-10-23T16:05:09.771+0100: 336985.754: [GC 336985.754: [DefNew: 18324K->479K(19136K), 0.0112810 secs] 107442K->89817K(260032K), 0.0116860 secs] [Times: user=0.01 sys=0.00, real=0.01 secs] 
2012-10-23T16:05:19.801+0100: 336995.785: [GC 336995.785: [DefNew: 17503K->2070K(19136K), 0.0137320 secs] 106841K->91409K(260032K), 0.0142220 secs] [Times: user=0.01 sys=0.00, real=0.01 secs] 
2012-10-23T16:05:29.776+0100: 337005.759: [GC 337005.759: [DefNew: 19094K->1093K(19136K), 0.0140310 secs] 108433K->90750K(260032K), 0.0145610 secs] [Times: user=0.02 sys=0.00, real=0.02 secs] 
2012-10-23T16:05:42.936+0100: 337018.919: [GC 337018.919: [DefNew: 18117K->1050K(19136K), 0.0141650 secs] 107774K->90932K(260032K), 0.0147420 secs] [Times: user=0.01 sys=0.00, real=0.02 secs] 
2012-10-23T16:05:57.770+0100: 337033.753: [GC 337033.753: [DefNew: 18074K->2100K(19136K), 0.0137110 secs] 107956K->91982K(260032K), 0.0145830 secs] [Times: user=0.02 sys=0.00, real=0.01 secs] 
2012-10-23T16:06:12.494+0100: 337048.477: [GC 337048.478: [DefNew: 19124K->1580K(19136K), 0.0164910 secs] 109006K->91933K(260032K), 0.0170560 secs] [Times: user=0.02 sys=0.00, real=0.02 secs] 
2012-10-23T16:06:25.302+0100: 337061.285: [GC 337061.286: [DefNew: 18604K->595K(19136K), 0.0132560 secs] 108957K->91173K(260032K), 0.0138150 secs] [Times: user=0.01 sys=0.00, real=0.01 secs] 
2012-10-23T16:06:37.790+0100: 337073.773: [GC 337073.774: [DefNew: 17592K->1291K(19136K), 0.0083870 secs] 108170K->91870K(260032K), 0.0088000 secs] [Times: user=0.01 sys=0.00, real=0.01 secs] 
2012-10-23T16:06:49.777+0100: 337085.760: [GC 337085.761: [DefNew: 18314K->546K(19136K), 0.0099470 secs] 108892K->91528K(260032K), 0.0104350 secs] [Times: user=0.01 sys=0.00, real=0.01 secs] 
2012-10-23T16:06:59.775+0100: 337095.758: [GC 337095.758: [DefNew: 17570K->574K(19136K), 0.0119970 secs] 108552K->91556K(260032K), 0.0124980 secs] [Times: user=0.01 sys=0.00, real=0.01 secs] 
2012-10-23T16:07:11.143+0100: 337107.126: [GC 337107.127: [DefNew: 17598K->1403K(19136K), 0.0156870 secs] 108580K->92385K(260032K), 0.0163200 secs] [Times: user=0.01 sys=0.00, real=0.02 secs] 
2012-10-23T16:07:21.638+0100: 337117.621: [GC 337117.621: [DefNew: 18427K->1178K(19136K), 0.0182100 secs] 109409K->92606K(260032K), 0.0190580 secs] [Times: user=0.02 sys=0.00, real=0.01 secs] 
2012-10-23T16:07:30.057+0100: 337126.040: [GC 337126.040: [DefNew: 18202K->1198K(19136K), 0.0156650 secs] 109630K->92859K(260032K), 0.0162440 secs] [Times: user=0.02 sys=0.00, real=0.02 secs] 
2012-10-23T16:07:41.797+0100: 337137.780: [GC 337137.780: [DefNew: 18222K->1328K(19136K), 0.0158890 secs] 109883K->93203K(260032K), 0.0165930 secs] [Times: user=0.02 sys=0.00, real=0.02 secs] 
2012-10-23T16:07:55.781+0100: 337151.765: [GC 337151.765: [DefNew: 18352K->934K(19136K), 0.0157080 secs] 110227K->93255K(260032K), 0.0162990 secs] [Times: user=0.02 sys=0.00, real=0.02 secs] 
2012-10-23T16:08:09.775+0100: 337165.758: [GC 337165.759: [DefNew: 17933K->535K(19136K), 0.0116440 secs] 110254K->92856K(260032K), 0.0121640 secs] [Times: user=0.02 sys=0.00, real=0.02 secs] 
2012-10-23T16:08:19.794+0100: 337175.777: [GC 337175.778: [DefNew: 17559K->1967K(19136K), 0.0155190 secs] 109880K->94288K(260032K), 0.0161790 secs] [Times: user=0.02 sys=0.00, real=0.02 secs] 
2012-10-23T16:08:29.781+0100: 337185.764: [GC 337185.764: [DefNew: 18991K->598K(19136K), 0.0156310 secs] 111312K->93547K(260032K), 0.0161920 secs] [Times: user=0.02 sys=0.00, real=0.01 secs] 
2012-10-23T16:08:41.454+0100: 337197.438: [GC 337197.438: [DefNew: 17622K->656K(19136K), 0.0130170 secs] 110571K->93605K(260032K), 0.0135420 secs] [Times: user=0.01 sys=0.00, real=0.02 secs] 
2012-10-23T16:08:51.794+0100: 337207.777: [GC 337207.777: [DefNew: 17670K->1715K(19136K), 0.0149240 secs] 110619K->94664K(260032K), 0.0154990 secs] [Times: user=0.01 sys=0.00, real=0.02 secs] 
2012-10-23T16:09:00.345+0100: 337216.328: [GC 337216.328: [DefNew: 18739K->1544K(19136K), 0.0186710 secs] 111688K->95161K(260032K), 0.0192940 secs] [Times: user=0.01 sys=0.00, real=0.02 secs] 
2012-10-23T16:09:12.987+0100: 337228.972: [GC 337228.972: [DefNew: 18568K->1687K(19136K), 0.0219740 secs] 112185K->95501K(260032K), 0.0226590 secs] [Times: user=0.01 sys=0.00, real=0.02 secs] 
2012-10-23T16:09:23.794+0100: 337239.777: [GC 337239.778: [DefNew: 18711K->1827K(19136K), 0.0156010 secs] 112525K->95854K(260032K), 0.0163460 secs] [Times: user=0.02 sys=0.00, real=0.02 secs] 
2012-10-23T16:09:33.926+0100: 337249.909: [GC 337249.910: [DefNew: 18851K->1641K(19136K), 0.0144820 secs] 112878K->95850K(260032K), 0.0150360 secs] [Times: user=0.01 sys=0.00, real=0.02 secs] 
2012-10-23T16:09:49.781+0100: 337265.764: [GC 337265.765: [DefNew: 18665K->706K(19136K), 0.0129810 secs] 112874K->95094K(260032K), 0.0134730 secs] [Times: user=0.01 sys=0.00, real=0.01 secs] 
2012-10-23T16:10:01.252+0100: 337277.235: [GC 337277.235: [DefNew: 17730K->2112K(19136K), 0.0158300 secs] 112118K->96872K(260032K), 0.0164670 secs] [Times: user=0.01 sys=0.00, real=0.02 secs] 
2012-10-23T16:10:17.474+0100: 337293.457: [GC 337293.457: [DefNew: 19136K->1632K(19136K), 0.0151600 secs] 113896K->96760K(260032K), 0.0156840 secs] [Times: user=0.02 sys=0.00, real=0.02 secs] 
2012-10-23T16:10:31.801+0100: 337307.784: [GC 337307.784: [DefNew: 18656K->2112K(19136K), 0.0156020 secs] 113784K->97555K(260032K), 0.0161110 secs] [Times: user=0.01 sys=0.00, real=0.02 secs] 
2012-10-23T16:10:47.446+0100: 337323.429: [GC 337323.429: [DefNew: 19136K->1552K(19136K), 0.0122120 secs] 114579K->97128K(260032K), 0.0126260 secs] [Times: user=0.01 sys=0.00, real=0.02 secs] 
2012-10-23T16:11:01.629+0100: 337337.612: [GC 337337.613: [DefNew: 18576K->1057K(19136K), 0.0206480 secs] 114152K->96766K(260032K), 0.0210970 secs] [Times: user=0.01 sys=0.00, real=0.02 secs] 
2012-10-23T16:11:11.785+0100: 337347.768: [GC 337347.768: [DefNew: 18073K->1184K(19136K), 0.0126870 secs] 113782K->97106K(260032K), 0.0131270 secs] [Times: user=0.02 sys=0.00, real=0.02 secs] 
2012-10-23T16:11:21.075+0100: 337357.058: [GC 337357.058: [DefNew: 18208K->2112K(19136K), 0.0151310 secs] 114130K->98292K(260032K), 0.0156160 secs] [Times: user=0.01 sys=0.00, real=0.02 secs] 
2012-10-23T16:11:31.800+0100: 337367.783: [GC 337367.783: [DefNew: 19112K->1183K(19136K), 0.0145910 secs] 115292K->97664K(260032K), 0.0151400 secs] [Times: user=0.01 sys=0.00, real=0.01 secs] 
2012-10-23T16:11:42.056+0100: 337378.039: [GC 337378.039: [DefNew: 18207K->1753K(19136K), 0.0158570 secs] 114688K->98471K(260032K), 0.0164440 secs] [Times: user=0.02 sys=0.00, real=0.02 secs] 
2012-10-23T16:12:03.783+0100: 337399.766: [GC 337399.767: [DefNew: 18777K->1764K(19136K), 0.0149240 secs] 115495K->98688K(260032K), 0.0155160 secs] [Times: user=0.01 sys=0.00, real=0.02 secs] 
2012-10-23T16:12:17.785+0100: 337413.768: [GC 337413.769: [DefNew: 18788K->1261K(19136K), 0.0151280 secs] 115712K->98481K(260032K), 0.0156840 secs] [Times: user=0.02 sys=0.00, real=0.02 secs] 
2012-10-23T16:12:31.784+0100: 337427.767: [GC 337427.767: [DefNew: 18285K->1605K(19136K), 0.0137720 secs] 115505K->99051K(260032K), 0.0142220 secs] [Times: user=0.02 sys=0.00, real=0.02 secs] 
2012-10-23T16:12:39.804+0100: 337435.787: [GC 337435.787: [DefNew: 18629K->1621K(19136K), 0.0142320 secs] 116075K->99262K(260032K), 0.0147290 secs] [Times: user=0.01 sys=0.00, real=0.02 secs] 
2012-10-23T16:12:51.807+0100: 337447.790: [GC 337447.790: [DefNew: 18645K->1217K(19136K), 0.0135830 secs] 116286K->99067K(260032K), 0.0140970 secs] [Times: user=0.02 sys=0.00, real=0.02 secs] 
2012-10-23T16:13:03.950+0100: 337459.933: [GC 337459.933: [DefNew: 18241K->1299K(19136K), 0.0150790 secs] 116091K->99378K(260032K), 0.0156330 secs] [Times: user=0.02 sys=0.00, real=0.01 secs] 
2012-10-23T16:13:12.422+0100: 337468.405: [GC 337468.405: [DefNew: 18323K->2112K(19136K), 0.0172300 secs] 116402K->100619K(260032K), 0.0178740 secs] [Times: user=0.02 sys=0.00, real=0.02 secs] 
2012-10-23T16:13:26.724+0100: 337482.707: [GC 337482.708: [DefNew: 19136K->954K(19136K), 0.0131010 secs] 117643K->99661K(260032K), 0.0136240 secs] [Times: user=0.01 sys=0.00, real=0.02 secs] 
2012-10-23T16:13:37.063+0100: 337493.046: [GC 337493.047: [DefNew: 17978K->1689K(19136K), 0.0139500 secs] 116685K->100396K(260032K), 0.0145080 secs] [Times: user=0.01 sys=0.00, real=0.02 secs] 
2012-10-23T16:13:47.800+0100: 337503.784: [GC 337503.784: [DefNew: 18713K->1097K(19136K), 0.0140070 secs] 117420K->100079K(260032K), 0.0146460 secs] [Times: user=0.02 sys=0.00, real=0.01 secs] 
2012-10-23T16:14:03.801+0100: 337519.784: [GC 337519.784: [DefNew: 18121K->1876K(19136K), 0.0151170 secs] 117103K->101084K(260032K), 0.0156590 secs] [Times: user=0.01 sys=0.00, real=0.01 secs] 
2012-10-23T16:14:15.792+0100: 337531.775: [GC 337531.775: [DefNew: 18900K->1257K(19136K), 0.0135720 secs] 118108K->100691K(260032K), 0.0140470 secs] [Times: user=0.01 sys=0.00, real=0.01 secs] 
2012-10-23T16:14:27.956+0100: 337543.939: [GC 337543.939: [DefNew: 18281K->1169K(19136K), 0.0136250 secs] 117715K->100829K(260032K), 0.0141490 secs] [Times: user=0.02 sys=0.00, real=0.02 secs] 
2012-10-23T16:14:40.564+0100: 337556.547: [GC 337556.547: [DefNew: 18193K->2111K(19136K), 0.0166400 secs] 117853K->102116K(260032K), 0.0171950 secs] [Times: user=0.02 sys=0.00, real=0.02 secs] 
2012-10-23T16:14:53.138+0100: 337569.121: [GC 337569.122: [DefNew: 19135K->1148K(19136K), 0.0148740 secs] 119140K->101361K(260032K), 0.0153870 secs] [Times: user=0.01 sys=0.00, real=0.01 secs] 
2012-10-23T16:15:07.786+0100: 337583.769: [GC 337583.770: [DefNew: 18172K->1116K(19136K), 0.0139720 secs] 118385K->101597K(260032K), 0.0144700 secs] [Times: user=0.01 sys=0.00, real=0.02 secs] 
2012-10-23T16:15:16.819+0100: 337592.802: [GC 337592.803: [DefNew: 18140K->2111K(19136K), 0.0166240 secs] 118621K->102922K(260032K), 0.0174970 secs] [Times: user=0.01 sys=0.00, real=0.01 secs] 
2012-10-23T16:15:29.793+0100: 337605.776: [GC 337605.777: [DefNew: 19135K->1332K(19136K), 0.0141660 secs] 119946K->102357K(260032K), 0.0147090 secs] [Times: user=0.01 sys=0.00, real=0.02 secs] 
2012-10-23T16:15:39.788+0100: 337615.771: [GC 337615.772: [DefNew: 18356K->660K(19136K), 0.0127430 secs] 119381K->101868K(260032K), 0.0133450 secs] [Times: user=0.01 sys=0.00, real=0.01 secs] 
2012-10-23T16:15:51.567+0100: 337627.550: [GC 337627.551: [DefNew: 17683K->1065K(19136K), 0.0167840 secs] 118891K->102272K(260032K), 0.0173590 secs] [Times: user=0.01 sys=0.00, real=0.01 secs] 
2012-10-23T16:16:02.426+0100: 337638.409: [GC 337638.410: [DefNew: 18089K->1335K(19136K), 0.0149610 secs] 119296K->102767K(260032K), 0.0155360 secs] [Times: user=0.01 sys=0.00, real=0.02 secs] 
2012-10-23T16:16:15.794+0100: 337651.778: [GC 337651.778: [DefNew: 18359K->829K(19136K), 0.0150410 secs] 119791K->102662K(260032K), 0.0156300 secs] [Times: user=0.02 sys=0.00, real=0.02 secs] 
2012-10-23T16:16:31.696+0100: 337667.679: [GC 337667.680: [DefNew: 17853K->1904K(19136K), 0.0143910 secs] 119686K->103736K(260032K), 0.0150210 secs] [Times: user=0.01 sys=0.00, real=0.02 secs] 
2012-10-23T16:16:39.808+0100: 337675.791: [GC 337675.791: [DefNew: 18920K->1592K(19136K), 0.0164270 secs] 120753K->103874K(260032K), 0.0170040 secs] [Times: user=0.02 sys=0.00, real=0.01 secs] 
2012-10-23T16:16:49.791+0100: 337685.774: [GC 337685.775: [DefNew: 18600K->959K(19136K), 0.0134270 secs] 120881K->103420K(260032K), 0.0140100 secs] [Times: user=0.01 sys=0.00, real=0.01 secs] 
2012-10-23T16:17:01.633+0100: 337697.616: [GC 337697.616: [DefNew: 17983K->1171K(19136K), 0.0131670 secs] 120444K->103632K(260032K), 0.0137220 secs] [Times: user=0.02 sys=0.00, real=0.01 secs] 
2012-10-23T16:17:11.786+0100: 337707.769: [GC 337707.769: [DefNew: 18195K->1404K(19136K), 0.0151860 secs] 120656K->104088K(260032K), 0.0157310 secs] [Times: user=0.01 sys=0.00, real=0.02 secs] 
2012-10-23T16:17:21.802+0100: 337717.786: [GC 337717.786: [DefNew: 18428K->1692K(19136K), 0.0168130 secs] 121112K->104890K(260032K), 0.0174360 secs] [Times: user=0.02 sys=0.00, real=0.02 secs] 
2012-10-23T16:17:32.749+0100: 337728.732: [GC 337728.732: [DefNew: 18716K->1546K(19136K), 0.0160610 secs] 121914K->104924K(260032K), 0.0167130 secs] [Times: user=0.01 sys=0.00, real=0.01 secs] 
2012-10-23T16:17:45.782+0100: 337741.765: [GC 337741.765: [DefNew: 18570K->455K(19136K), 0.0136640 secs] 121948K->104068K(260032K), 0.0142540 secs] [Times: user=0.02 sys=0.00, real=0.01 secs] 
2012-10-23T16:17:55.849+0100: 337751.833: [GC 337751.833: [DefNew: 17479K->2112K(19136K), 0.0161930 secs] 121092K->105732K(260032K), 0.0168650 secs] [Times: user=0.01 sys=0.00, real=0.01 secs] 
2012-10-23T16:18:06.631+0100: 337762.614: [GC 337762.614: [DefNew: 19136K->1710K(19136K), 0.0206790 secs] 122756K->105846K(260032K), 0.0214040 secs] [Times: user=0.02 sys=0.00, real=0.02 secs] 
2012-10-23T16:18:15.810+0100: 337771.793: [GC 337771.794: [DefNew: 18734K->1694K(19136K), 0.0160100 secs] 122870K->106084K(260032K), 0.0166570 secs] [Times: user=0.02 sys=0.00, real=0.01 secs] 
2012-10-23T16:18:25.801+0100: 337781.785: [GC 337781.785: [DefNew: 18718K->1350K(19136K), 0.0154100 secs] 123108K->105949K(260032K), 0.0161140 secs] [Times: user=0.01 sys=0.00, real=0.02 secs] 
2012-10-23T16:18:35.788+0100: 337791.771: [GC 337791.771: [DefNew: 18361K->555K(19136K), 0.0133830 secs] 122960K->105379K(260032K), 0.0139710 secs] [Times: user=0.01 sys=0.00, real=0.01 secs] 
2012-10-23T16:18:45.805+0100: 337801.788: [GC 337801.789: [DefNew: 17579K->2104K(19136K), 0.0155390 secs] 122403K->106928K(260032K), 0.0162310 secs] [Times: user=0.02 sys=0.00, real=0.02 secs] 
2012-10-23T16:18:55.792+0100: 337811.775: [GC 337811.776: [DefNew: 19128K->992K(19136K), 0.0162570 secs] 123952K->106220K(260032K), 0.0168950 secs] [Times: user=0.02 sys=0.00, real=0.02 secs] 
2012-10-23T16:19:05.144+0100: 337821.128: [GC 337821.128: [DefNew: 18016K->2072K(19136K), 0.0161400 secs] 123244K->107299K(260032K), 0.0168260 secs] [Times: user=0.02 sys=0.00, real=0.02 secs] 
2012-10-23T16:19:15.670+0100: 337831.653: [GC 337831.654: [DefNew: 19096K->468K(19136K), 0.0157830 secs] 124323K->106110K(260032K), 0.0164010 secs] [Times: user=0.02 sys=0.00, real=0.01 secs] 
2012-10-23T16:19:24.065+0100: 337840.048: [GC 337840.049: [DefNew: 17492K->1928K(19136K), 0.0152910 secs] 123134K->107571K(260032K), 0.0160890 secs] [Times: user=0.02 sys=0.00, real=0.02 secs] 
2012-10-23T16:19:34.542+0100: 337850.525: [GC 337850.525: [DefNew: 18952K->1764K(19136K), 0.0179600 secs] 124595K->107832K(260032K), 0.0186020 secs] [Times: user=0.02 sys=0.00, real=0.02 secs] 
2012-10-23T16:19:45.804+0100: 337861.788: [GC 337861.788: [DefNew: 18788K->904K(19136K), 0.0143500 secs] 124856K->107183K(260032K), 0.0149780 secs] [Times: user=0.01 sys=0.01, real=0.02 secs] 
2012-10-23T16:19:57.791+0100: 337873.774: [GC 337873.775: [DefNew: 17928K->1300K(19136K), 0.0137420 secs] 124207K->107579K(260032K), 0.0143170 secs] [Times: user=0.01 sys=0.00, real=0.01 secs] 
2012-10-23T16:20:07.804+0100: 337883.787: [GC 337883.787: [DefNew: 18324K->1771K(19136K), 0.0171050 secs] 124603K->108487K(260032K), 0.0177030 secs] [Times: user=0.02 sys=0.00, real=0.02 secs] 
2012-10-23T16:20:17.801+0100: 337893.784: [GC 337893.784: [DefNew: 18795K->1163K(19136K), 0.0224500 secs] 125511K->108061K(260032K), 0.0230850 secs] [Times: user=0.01 sys=0.00, real=0.02 secs] 
2012-10-23T16:20:27.052+0100: 337903.035: [GC 337903.036: [DefNew: 18187K->1705K(19136K), 0.0158130 secs] 125085K->108827K(260032K), 0.0164550 secs] [Times: user=0.02 sys=0.00, real=0.02 secs] 
2012-10-23T16:20:35.808+0100: 337911.791: [GC 337911.792: [DefNew: 18714K->1556K(19136K), 0.0154250 secs] 125837K->108880K(260032K), 0.0160670 secs] [Times: user=0.01 sys=0.00, real=0.01 secs] 
2012-10-23T16:20:47.590+0100: 337923.573: [GC 337923.573: [DefNew: 18580K->1599K(19136K), 0.0149730 secs] 125904K->109134K(260032K), 0.0156020 secs] [Times: user=0.01 sys=0.00, real=0.01 secs] 
2012-10-23T16:20:56.455+0100: 337932.438: [GC 337932.438: [DefNew: 18623K->1693K(19136K), 0.0156140 secs] 126158K->109409K(260032K), 0.0163930 secs] [Times: user=0.02 sys=0.00, real=0.02 secs] 
2012-10-23T16:21:06.965+0100: 337942.948: [GC 337942.948: [DefNew: 18717K->1153K(19136K), 0.0149140 secs] 126433K->109073K(260032K), 0.0154920 secs] [Times: user=0.02 sys=0.00, real=0.02 secs] 
2012-10-23T16:21:15.812+0100: 337951.795: [GC 337951.796: [DefNew: 18177K->1687K(19136K), 0.0158960 secs] 126097K->109842K(260032K), 0.0165560 secs] [Times: user=0.02 sys=0.00, real=0.02 secs] 
2012-10-23T16:21:25.811+0100: 337961.794: [GC 337961.794: [DefNew: 18693K->1530K(19136K), 0.0152670 secs] 126847K->109890K(260032K), 0.0159440 secs] [Times: user=0.02 sys=0.00, real=0.01 secs] 
2012-10-23T16:21:35.808+0100: 337971.791: [GC 337971.792: [DefNew: 18554K->1649K(19136K), 0.0163480 secs] 126914K->110189K(260032K), 0.0170240 secs] [Times: user=0.01 sys=0.00, real=0.01 secs] 
2012-10-23T16:21:45.790+0100: 337981.773: [GC 337981.774: [DefNew: 18673K->640K(19136K), 0.0149720 secs] 127213K->109534K(260032K), 0.0155660 secs] [Times: user=0.01 sys=0.00, real=0.01 secs] 
2012-10-23T16:21:59.807+0100: 337995.790: [GC 337995.791: [DefNew: 17664K->1599K(19136K), 0.0140460 secs] 126558K->110493K(260032K), 0.0148020 secs] [Times: user=0.01 sys=0.00, real=0.02 secs] 
2012-10-23T16:22:14.145+0100: 338010.128: [GC 338010.129: [DefNew: 18623K->1090K(19136K), 0.0148440 secs] 127517K->110385K(260032K), 0.0153780 secs] [Times: user=0.02 sys=0.00, real=0.02 secs] 
2012-10-23T16:22:24.626+0100: 338020.610: [GC 338020.610: [DefNew: 18114K->1708K(19136K), 0.0144640 secs] 127409K->111156K(260032K), 0.0149860 secs] [Times: user=0.02 sys=0.00, real=0.02 secs] 
2012-10-23T16:22:35.172+0100: 338031.155: [GC 338031.155: [DefNew: 18732K->1253K(19136K), 0.0126590 secs] 128180K->110912K(260032K), 0.0131800 secs] [Times: user=0.01 sys=0.00, real=0.01 secs] 
2012-10-23T16:22:46.642+0100: 338042.625: [GC 338042.625: [DefNew: 18249K->985K(19136K), 0.0099880 secs] 127907K->110868K(260032K), 0.0104640 secs] [Times: user=0.01 sys=0.00, real=0.01 secs] 
2012-10-23T16:23:02.438+0100: 338058.421: [GC 338058.422: [DefNew: 18009K->1456K(19136K), 0.0137480 secs] 127892K->111339K(260032K), 0.0142860 secs] [Times: user=0.01 sys=0.00, real=0.01 secs] 
2012-10-23T16:23:12.958+0100: 338068.941: [GC 338068.942: [DefNew: 18480K->2112K(19136K), 0.0128030 secs] 128363K->112500K(260032K), 0.0133540 secs] [Times: user=0.01 sys=0.00, real=0.01 secs] 
2012-10-23T16:23:23.806+0100: 338079.789: [GC 338079.790: [DefNew: 19136K->1744K(19136K), 0.0169850 secs] 129524K->112563K(260032K), 0.0176330 secs] [Times: user=0.01 sys=0.00, real=0.02 secs] 
2012-10-23T16:23:35.799+0100: 338091.782: [GC 338091.783: [DefNew: 18768K->1266K(19136K), 0.0143610 secs] 129587K->112331K(260032K), 0.0149640 secs] [Times: user=0.02 sys=0.00, real=0.01 secs] 
2012-10-23T16:23:47.624+0100: 338103.607: [GC 338103.608: [DefNew: 18290K->1406K(19136K), 0.0161690 secs] 129355K->112726K(260032K), 0.0168360 secs] [Times: user=0.01 sys=0.00, real=0.02 secs] 
2012-10-23T16:23:59.791+0100: 338115.774: [GC 338115.774: [DefNew: 18430K->411K(19136K), 0.0135120 secs] 129750K->112000K(260032K), 0.0140800 secs] [Times: user=0.01 sys=0.00, real=0.01 secs] 
2012-10-23T16:24:09.638+0100: 338125.622: [GC 338125.622: [DefNew: 17435K->607K(19136K), 0.0129950 secs] 129024K->112196K(260032K), 0.0135550 secs] [Times: user=0.01 sys=0.00, real=0.01 secs] 
2012-10-23T16:24:18.026+0100: 338134.009: [GC 338134.010: [DefNew: 17631K->2111K(19136K), 0.0229260 secs] 129220K->113738K(260032K), 0.0236940 secs] [Times: user=0.02 sys=0.00, real=0.03 secs] 
2012-10-23T16:24:27.824+0100: 338143.807: [GC 338143.807: [DefNew: 19135K->1899K(19136K), 0.0191770 secs] 130762K->114211K(260032K), 0.0198830 secs] [Times: user=0.02 sys=0.00, real=0.02 secs] 
2012-10-23T16:24:37.791+0100: 338153.774: [GC 338153.774: [DefNew: 18923K->1649K(19136K), 0.0160380 secs] 131235K->114185K(260032K), 0.0167240 secs] [Times: user=0.02 sys=0.00, real=0.02 secs] 
2012-10-23T16:24:47.467+0100: 338163.450: [GC 338163.450: [DefNew: 18673K->1858K(19136K), 0.0170460 secs] 131209K->114620K(260032K), 0.0177300 secs] [Times: user=0.02 sys=0.00, real=0.02 secs] 
2012-10-23T16:24:57.927+0100: 338173.910: [GC 338173.910: [DefNew: 18882K->1733K(19136K), 0.0203340 secs] 131644K->114781K(260032K), 0.0209670 secs] [Times: user=0.03 sys=0.00, real=0.03 secs] 
2012-10-23T16:25:09.809+0100: 338185.792: [GC 338185.792: [DefNew: 18756K->909K(19136K), 0.0141490 secs] 131804K->114113K(260032K), 0.0147590 secs] [Times: user=0.02 sys=0.00, real=0.01 secs] 
2012-10-23T16:25:27.343+0100: 338203.326: [GC 338203.326: [DefNew: 17933K->1841K(19136K), 0.0143500 secs] 131137K->115045K(260032K), 0.0149490 secs] [Times: user=0.03 sys=0.00, real=0.02 secs] 
2012-10-23T16:25:39.936+0100: 338215.919: [GC 338215.920: [DefNew: 18865K->1051K(19136K), 0.0151240 secs] 132069K->114673K(260032K), 0.0156380 secs] [Times: user=0.02 sys=0.00, real=0.02 secs] 
2012-10-23T16:25:50.463+0100: 338226.446: [GC 338226.446: [DefNew: 18075K->1542K(19136K), 0.0141900 secs] 131697K->115165K(260032K), 0.0147390 secs] [Times: user=0.01 sys=0.01, real=0.02 secs] 
2012-10-23T16:26:01.927+0100: 338237.910: [GC 338237.910: [DefNew: 18566K->1608K(19136K), 0.0171290 secs] 132189K->115768K(260032K), 0.0178670 secs] [Times: user=0.02 sys=0.00, real=0.02 secs] 
2012-10-23T16:26:13.810+0100: 338249.793: [GC 338249.793: [DefNew: 18632K->1319K(19136K), 0.0148120 secs] 132792K->115726K(260032K), 0.0153710 secs] [Times: user=0.02 sys=0.00, real=0.01 secs] 
2012-10-23T16:26:24.068+0100: 338260.051: [GC 338260.051: [DefNew: 18343K->1935K(19136K), 0.0165500 secs] 132750K->116568K(260032K), 0.0171560 secs] [Times: user=0.02 sys=0.00, real=0.01 secs] 
2012-10-23T16:26:34.560+0100: 338270.543: [GC 338270.544: [DefNew: 18959K->1986K(19136K), 0.0164470 secs] 133592K->116829K(260032K), 0.0171080 secs] [Times: user=0.02 sys=0.00, real=0.02 secs] 
2012-10-23T16:26:46.614+0100: 338282.597: [GC 338282.597: [DefNew: 19010K->1667K(19136K), 0.0253130 secs] 133853K->116741K(260032K), 0.0260030 secs] [Times: user=0.03 sys=0.00, real=0.03 secs] 
2012-10-23T16:27:01.810+0100: 338297.793: [GC 338297.794: [DefNew: 18691K->1725K(19136K), 0.0143600 secs] 133765K->117003K(260032K), 0.0148580 secs] [Times: user=0.01 sys=0.00, real=0.01 secs] 
2012-10-23T16:27:21.753+0100: 338317.736: [GC 338317.737: [DefNew: 18723K->402K(19136K), 0.0168950 secs] 134001K->115847K(260032K), 0.0181610 secs] [Times: user=0.00 sys=0.01, real=0.02 secs] 
2012-10-23T16:27:29.825+0100: 338325.808: [GC 338325.809: [DefNew: 17426K->2112K(19136K), 0.0162250 secs] 132871K->118019K(260032K), 0.0168300 secs] [Times: user=0.02 sys=0.00, real=0.02 secs] 
2012-10-23T16:27:41.658+0100: 338337.641: [GC 338337.641: [DefNew: 19136K->1735K(19136K), 0.0180970 secs] 135043K->118241K(260032K), 0.0186210 secs] [Times: user=0.02 sys=0.00, real=0.01 secs] 
2012-10-23T16:27:52.234+0100: 338348.217: [GC 338348.218: [DefNew: 18759K->1172K(19136K), 0.0145400 secs] 135265K->118007K(260032K), 0.0150370 secs] [Times: user=0.02 sys=0.00, real=0.02 secs] 
2012-10-23T16:28:02.938+0100: 338358.921: [GC 338358.921: [DefNew: 18196K->1769K(19136K), 0.0157890 secs] 135031K->118865K(260032K), 0.0165200 secs] [Times: user=0.01 sys=0.01, real=0.01 secs] 
2012-10-23T16:28:13.807+0100: 338369.791: [GC 338369.791: [DefNew: 18793K->1607K(19136K), 0.0154090 secs] 135889K->118969K(260032K), 0.0160610 secs] [Times: user=0.02 sys=0.00, real=0.01 secs] 
2012-10-23T16:28:25.798+0100: 338381.781: [GC 338381.782: [DefNew: 18631K->991K(19136K), 0.0133880 secs] 135993K->118534K(260032K), 0.0139140 secs] [Times: user=0.01 sys=0.00, real=0.01 secs] 
2012-10-23T16:28:35.810+0100: 338391.793: [GC 338391.794: [DefNew: 18015K->1601K(19136K), 0.0140540 secs] 135558K->119144K(260032K), 0.0146240 secs] [Times: user=0.01 sys=0.00, real=0.01 secs] 
2012-10-23T16:28:46.853+0100: 338402.836: [GC 338402.836: [DefNew: 18625K->1945K(19136K), 0.0178790 secs] 136168K->119847K(260032K), 0.0184880 secs] [Times: user=0.01 sys=0.00, real=0.02 secs] 
2012-10-23T16:28:57.695+0100: 338413.678: [GC 338413.678: [DefNew: 18969K->1750K(19136K), 0.0168190 secs] 136871K->119856K(260032K), 0.0174550 secs] [Times: user=0.01 sys=0.00, real=0.02 secs] 
2012-10-23T16:29:05.733+0100: 338421.716: [GC 338421.717: [DefNew: 18774K->298K(19136K), 0.0116750 secs] 136880K->118613K(260032K), 0.0121470 secs] [Times: user=0.01 sys=0.00, real=0.01 secs] 
2012-10-23T16:29:21.679+0100: 338437.662: [GC 338437.662: [DefNew: 17311K->1041K(19136K), 0.0136920 secs] 135626K->119356K(260032K), 0.0146960 secs] [Times: user=0.01 sys=0.00, real=0.01 secs] 
2012-10-23T16:29:33.826+0100: 338449.809: [GC 338449.809: [DefNew: 18061K->1712K(19136K), 0.0142210 secs] 136376K->120027K(260032K), 0.0147280 secs] [Times: user=0.01 sys=0.01, real=0.02 secs] 
2012-10-23T16:29:47.805+0100: 338463.788: [GC 338463.789: [DefNew: 18736K->1157K(19136K), 0.0172370 secs] 137051K->120110K(260032K), 0.0179010 secs] [Times: user=0.02 sys=0.00, real=0.02 secs] 
2012-10-23T16:29:59.797+0100: 338475.780: [GC 338475.781: [DefNew: 18160K->388K(19136K), 0.0120140 secs] 137113K->119596K(260032K), 0.0125500 secs] [Times: user=0.01 sys=0.00, real=0.02 secs] 
2012-10-23T16:30:09.800+0100: 338485.783: [GC 338485.783: [DefNew: 17411K->1239K(19136K), 0.0129700 secs] 136619K->120447K(260032K), 0.0135220 secs] [Times: user=0.01 sys=0.00, real=0.01 secs] 
2012-10-23T16:30:19.802+0100: 338495.785: [GC 338495.785: [DefNew: 18236K->1211K(19136K), 0.0146250 secs] 137444K->120641K(260032K), 0.0151950 secs] [Times: user=0.02 sys=0.00, real=0.02 secs] 
2012-10-23T16:30:29.811+0100: 338505.794: [GC 338505.794: [DefNew: 18229K->1155K(19136K), 0.0155790 secs] 137658K->120809K(260032K), 0.0164030 secs] [Times: user=0.02 sys=0.00, real=0.02 secs] 
2012-10-23T16:30:40.272+0100: 338516.255: [GC 338516.256: [DefNew: 18179K->1216K(19136K), 0.0160480 secs] 137833K->121094K(260032K), 0.0168930 secs] [Times: user=0.02 sys=0.00, real=0.02 secs] 
2012-10-23T16:30:51.799+0100: 338527.782: [GC 338527.782: [DefNew: 18240K->1634K(19136K), 0.0166180 secs] 138118K->121737K(260032K), 0.0173370 secs] [Times: user=0.02 sys=0.00, real=0.01 secs] 
2012-10-23T16:31:03.347+0100: 338539.330: [GC 338539.331: [DefNew: 18658K->1194K(19136K), 0.0137440 secs] 138761K->121745K(260032K), 0.0146340 secs] [Times: user=0.01 sys=0.00, real=0.02 secs] 
2012-10-23T16:31:13.846+0100: 338549.829: [GC 338549.829: [DefNew: 18218K->1820K(19136K), 0.0161040 secs] 138769K->122574K(260032K), 0.0167540 secs] [Times: user=0.02 sys=0.00, real=0.02 secs] 
2012-10-23T16:31:31.816+0100: 338567.799: [GC 338567.800: [DefNew: 18841K->1828K(19136K), 0.0179970 secs] 139595K->122807K(260032K), 0.0186790 secs] [Times: user=0.02 sys=0.00, real=0.02 secs] 
2012-10-23T16:31:41.159+0100: 338577.142: [GC 338577.143: [DefNew: 18852K->1124K(19136K), 0.0094250 secs] 139831K->122383K(260032K), 0.0098580 secs] [Times: user=0.01 sys=0.00, real=0.01 secs] 
2012-10-23T16:31:52.712+0100: 338588.695: [GC 338588.696: [DefNew: 18148K->1752K(19136K), 0.0185060 secs] 139407K->123308K(260032K), 0.0195080 secs] [Times: user=0.02 sys=0.00, real=0.02 secs] 
2012-10-23T16:32:06.325+0100: 338602.309: [GC 338602.309: [DefNew: 18776K->461K(19136K), 0.0085940 secs] 140332K->122203K(260032K), 0.0090010 secs] [Times: user=0.00 sys=0.00, real=0.01 secs] 
2012-10-23T16:32:15.817+0100: 338611.800: [GC 338611.801: [DefNew: 17485K->1219K(19136K), 0.0137640 secs] 139227K->122962K(260032K), 0.0143980 secs] [Times: user=0.01 sys=0.00, real=0.01 secs] 
2012-10-23T16:32:26.691+0100: 338622.674: [GC 338622.674: [DefNew: 18243K->1769K(19136K), 0.0114080 secs] 139986K->123810K(260032K), 0.0120760 secs] [Times: user=0.01 sys=0.00, real=0.01 secs] 
2012-10-23T16:32:36.782+0100: 338632.765: [GC 338632.766: [DefNew: 18793K->1674K(19136K), 0.0236270 secs] 140834K->124160K(260032K), 0.0243420 secs] [Times: user=0.02 sys=0.00, real=0.02 secs] 
2012-10-23T16:32:47.989+0100: 338643.972: [GC 338643.973: [DefNew: 18698K->1706K(19136K), 0.0165290 secs] 141184K->124416K(260032K), 0.0171730 secs] [Times: user=0.02 sys=0.00, real=0.01 secs] 
2012-10-23T16:33:00.941+0100: 338656.924: [GC 338656.924: [DefNew: 18730K->1509K(19136K), 0.0149730 secs] 141440K->124441K(260032K), 0.0155290 secs] [Times: user=0.02 sys=0.00, real=0.01 secs] 
2012-10-23T16:33:11.825+0100: 338667.808: [GC 338667.809: [DefNew: 18533K->2038K(19136K), 0.0164120 secs] 141465K->125164K(260032K), 0.0174800 secs] [Times: user=0.01 sys=0.01, real=0.02 secs] 
2012-10-23T16:33:30.338+0100: 338686.321: [GC 338686.322: [DefNew: 19062K->1645K(19136K), 0.0145220 secs] 142188K->124988K(260032K), 0.0150630 secs] [Times: user=0.01 sys=0.00, real=0.01 secs] 
2012-10-23T16:33:39.819+0100: 338695.802: [GC 338695.802: [DefNew: 18668K->957K(19136K), 0.0129540 secs] 142011K->124492K(260032K), 0.0134570 secs] [Times: user=0.01 sys=0.00, real=0.01 secs] 
2012-10-23T16:33:51.817+0100: 338707.800: [GC 338707.800: [DefNew: 17981K->1595K(19136K), 0.0236000 secs] 141516K->125130K(260032K), 0.0244970 secs] [Times: user=0.01 sys=0.01, real=0.03 secs] 
2012-10-23T16:34:03.816+0100: 338719.800: [GC 338719.800: [DefNew: 18619K->1258K(19136K), 0.0150770 secs] 142154K->125237K(260032K), 0.0156410 secs] [Times: user=0.01 sys=0.00, real=0.02 secs] 
2012-10-23T16:34:13.821+0100: 338729.804: [GC 338729.804: [DefNew: 18280K->1871K(19136K), 0.0150710 secs] 142258K->126030K(260032K), 0.0156400 secs] [Times: user=0.02 sys=0.00, real=0.01 secs] 
2012-10-23T16:34:23.821+0100: 338739.804: [GC 338739.804: [DefNew: 18895K->1692K(19136K), 0.0158140 secs] 143054K->126076K(260032K), 0.0165140 secs] [Times: user=0.02 sys=0.00, real=0.02 secs] 
2012-10-23T16:34:35.799+0100: 338751.782: [GC 338751.782: [DefNew: 18690K->283K(19136K), 0.0123210 secs] 143075K->124893K(260032K), 0.0128110 secs] [Times: user=0.01 sys=0.00, real=0.01 secs] 
2012-10-23T16:34:46.122+0100: 338762.105: [GC 338762.105: [DefNew: 17307K->1754K(19136K), 0.0137660 secs] 141917K->126364K(260032K), 0.0143270 secs] [Times: user=0.01 sys=0.00, real=0.01 secs] 
2012-10-23T16:34:58.526+0100: 338774.509: [GC 338774.510: [DefNew: 18778K->1727K(19136K), 0.0172990 secs] 143388K->126738K(260032K), 0.0181490 secs] [Times: user=0.01 sys=0.00, real=0.02 secs] 
2012-10-23T16:35:09.805+0100: 338785.789: [GC 338785.789: [DefNew: 18751K->992K(19136K), 0.0152030 secs] 143762K->126228K(260032K), 0.0158230 secs] [Times: user=0.01 sys=0.00, real=0.02 secs] 
2012-10-23T16:35:22.857+0100: 338798.840: [GC 338798.841: [DefNew: 18016K->1253K(19136K), 0.0145350 secs] 143252K->126489K(260032K), 0.0152010 secs] [Times: user=0.02 sys=0.00, real=0.02 secs] 
2012-10-23T16:35:38.438+0100: 338814.421: [GC 338814.422: [DefNew: 18277K->1500K(19136K), 0.0166100 secs] 143513K->126959K(260032K), 0.0171240 secs] [Times: user=0.02 sys=0.00, real=0.01 secs] 
2012-10-23T16:35:48.958+0100: 338824.942: [GC 338824.942: [DefNew: 18524K->1943K(19136K), 0.0188140 secs] 143983K->127951K(260032K), 0.0196120 secs] [Times: user=0.02 sys=0.00, real=0.02 secs] 
2012-10-23T16:36:01.821+0100: 338837.804: [GC 338837.804: [DefNew: 18967K->1302K(19136K), 0.0159770 secs] 144975K->127556K(260032K), 0.0166330 secs] [Times: user=0.02 sys=0.00, real=0.02 secs] 
2012-10-23T16:36:12.734+0100: 338848.717: [GC 338848.718: [DefNew: 18326K->1672K(19136K), 0.0163020 secs] 144580K->128175K(260032K), 0.0168940 secs] [Times: user=0.02 sys=0.00, real=0.02 secs] 
2012-10-23T16:36:23.822+0100: 338859.805: [GC 338859.805: [DefNew: 18696K->1411K(19136K), 0.0148680 secs] 145199K->128135K(260032K), 0.0154960 secs] [Times: user=0.01 sys=0.01, real=0.02 secs] 
2012-10-23T16:36:35.808+0100: 338871.792: [GC 338871.792: [DefNew: 18405K->1313K(19136K), 0.0147320 secs] 145130K->128217K(260032K), 0.0153650 secs] [Times: user=0.02 sys=0.00, real=0.01 secs] 
2012-10-23T16:36:47.673+0100: 338883.657: [GC 338883.657: [DefNew: 18337K->960K(19136K), 0.0151460 secs] 145241K->128089K(260032K), 0.0158480 secs] [Times: user=0.02 sys=0.00, real=0.02 secs] 
2012-10-23T16:36:57.815+0100: 338893.798: [GC 338893.798: [DefNew: 17984K->2111K(19136K), 0.0162420 secs] 145113K->129300K(260032K), 0.0168670 secs] [Times: user=0.02 sys=0.00, real=0.02 secs] 
2012-10-23T16:37:08.761+0100: 338904.744: [GC 338904.744: [DefNew: 19135K->1291K(19136K), 0.0186210 secs] 146324K->128991K(260032K), 0.0192310 secs] [Times: user=0.02 sys=0.00, real=0.02 secs] 
2012-10-23T16:37:19.807+0100: 338915.790: [GC 338915.791: [DefNew: 18315K->836K(19136K), 0.0150760 secs] 146015K->128816K(260032K), 0.0157450 secs] [Times: user=0.03 sys=0.00, real=0.02 secs] 
2012-10-23T16:37:39.817+0100: 338935.800: [GC 338935.800: [DefNew: 17860K->1558K(19136K), 0.0132320 secs] 145840K->129537K(260032K), 0.0137010 secs] [Times: user=0.01 sys=0.00, real=0.02 secs] 
2012-10-23T16:37:49.829+0100: 338945.812: [GC 338945.812: [DefNew: 18582K->1587K(19136K), 0.0163310 secs] 146561K->129912K(260032K), 0.0168300 secs] [Times: user=0.00 sys=0.01, real=0.01 secs] 
2012-10-23T16:38:01.801+0100: 338957.784: [GC 338957.785: [DefNew: 18611K->1769K(19136K), 0.0152880 secs] 146936K->130274K(260032K), 0.0158430 secs] [Times: user=0.01 sys=0.00, real=0.02 secs] 
2012-10-23T16:38:13.839+0100: 338969.822: [GC 338969.822: [DefNew: 18793K->1232K(19136K), 0.0156430 secs] 147298K->130004K(260032K), 0.0161230 secs] [Times: user=0.01 sys=0.00, real=0.01 secs] 
2012-10-23T16:38:24.354+0100: 338980.337: [GC 338980.338: [DefNew: 18256K->1887K(19136K), 0.0162430 secs] 147028K->130894K(260032K), 0.0167880 secs] [Times: user=0.02 sys=0.00, real=0.02 secs] 
2012-10-23T16:38:33.821+0100: 338989.804: [GC 338989.804: [DefNew: 18911K->1821K(19136K), 0.0165060 secs] 147918K->131067K(260032K), 0.0172690 secs] [Times: user=0.02 sys=0.00, real=0.02 secs] 
2012-10-23T16:38:49.548+0100: 339005.531: [GC 339005.531: [DefNew: 18845K->1457K(19136K), 0.0152340 secs] 148091K->130912K(260032K), 0.0157710 secs] [Times: user=0.01 sys=0.00, real=0.01 secs] 
2012-10-23T16:38:59.819+0100: 339015.802: [GC 339015.802: [DefNew: 18481K->1746K(19136K), 0.0151400 secs] 147936K->131355K(260032K), 0.0157270 secs] [Times: user=0.02 sys=0.00, real=0.01 secs] 
2012-10-23T16:39:10.526+0100: 339026.509: [GC 339026.510: [DefNew: 18770K->1725K(19136K), 0.0152420 secs] 148379K->131503K(260032K), 0.0157930 secs] [Times: user=0.02 sys=0.00, real=0.02 secs] 
2012-10-23T16:39:21.810+0100: 339037.793: [GC 339037.794: [DefNew: 18749K->1156K(19136K), 0.0159410 secs] 148527K->131156K(260032K), 0.0165460 secs] [Times: user=0.02 sys=0.00, real=0.01 secs] 
2012-10-23T16:39:39.934+0100: 339055.918: [GC 339055.918: [DefNew: 18180K->951K(19136K), 0.0151930 secs] 148180K->131222K(260032K), 0.0156940 secs] [Times: user=0.02 sys=0.00, real=0.02 secs] 
2012-10-23T16:39:50.433+0100: 339066.416: [GC 339066.416: [DefNew: 17975K->1913K(19136K), 0.0146690 secs] 148246K->132184K(260032K), 0.0152290 secs] [Times: user=0.01 sys=0.00, real=0.02 secs] 
2012-10-23T16:40:01.897+0100: 339077.880: [GC 339077.881: [DefNew: 18937K->1136K(19136K), 0.0177310 secs] 149208K->131910K(260032K), 0.0183890 secs] [Times: user=0.01 sys=0.00, real=0.02 secs] 
2012-10-23T16:40:15.824+0100: 339091.807: [GC 339091.807: [DefNew: 18155K->1362K(19136K), 0.0138100 secs] 148930K->132314K(260032K), 0.0142900 secs] [Times: user=0.02 sys=0.00, real=0.02 secs] 
2012-10-23T16:40:26.178+0100: 339102.161: [GC 339102.161: [DefNew: 18386K->1625K(19136K), 0.0142230 secs] 149338K->132713K(260032K), 0.0146930 secs] [Times: user=0.01 sys=0.00, real=0.01 secs] 
2012-10-23T16:40:37.683+0100: 339113.666: [GC 339113.666: [DefNew: 18649K->1144K(19136K), 0.0172080 secs] 149737K->132456K(260032K), 0.0177980 secs] [Times: user=0.02 sys=0.00, real=0.02 secs] 
2012-10-23T16:40:47.177+0100: 339123.160: [GC 339123.160: [DefNew: 18168K->2112K(19136K), 0.0181580 secs] 149480K->133909K(260032K), 0.0188460 secs] [Times: user=0.02 sys=0.00, real=0.02 secs] 
2012-10-23T16:40:58.029+0100: 339134.012: [GC 339134.013: [DefNew: 19136K->1208K(19136K), 0.0164310 secs] 150933K->133221K(260032K), 0.0171320 secs] [Times: user=0.01 sys=0.00, real=0.01 secs] 
2012-10-23T16:41:10.237+0100: 339146.220: [GC 339146.220: [DefNew: 18232K->988K(19136K), 0.0159270 secs] 150245K->133234K(260032K), 0.0165730 secs] [Times: user=0.01 sys=0.00, real=0.02 secs] 
2012-10-23T16:41:20.766+0100: 339156.749: [GC 339156.750: [DefNew: 18012K->1834K(19136K), 0.0164360 secs] 150258K->134080K(260032K), 0.0170930 secs] [Times: user=0.02 sys=0.00, real=0.02 secs] 
2012-10-23T16:41:43.787+0100: 339179.771: [GC 339179.771: [DefNew: 18858K->976K(19136K), 0.0164340 secs] 151104K->133704K(260032K), 0.0168830 secs] [Times: user=0.01 sys=0.00, real=0.01 secs] 
2012-10-23T16:41:43.813+0100: 339179.796: [GC [1 CMS-initial-mark: 132727K(240896K)] 134457K(260032K), 0.0139540 secs] [Times: user=0.01 sys=0.00, real=0.01 secs] 
2012-10-23T16:41:43.829+0100: 339179.811: [CMS-concurrent-mark-start]
2012-10-23T16:41:43.989+0100: 339179.972: [CMS-concurrent-mark: 0.161/0.161 secs] [Times: user=0.11 sys=0.04, real=0.16 secs] 
2012-10-23T16:41:43.989+0100: 339179.972: [CMS-concurrent-preclean-start]
2012-10-23T16:41:43.994+0100: 339179.977: [CMS-concurrent-preclean: 0.004/0.004 secs] [Times: user=0.01 sys=0.00, real=0.00 secs] 
2012-10-23T16:41:43.994+0100: 339179.977: [CMS-concurrent-abortable-preclean-start]
 CMS: abort preclean due to time 2012-10-23T16:41:49.069+0100: 339185.051: [CMS-concurrent-abortable-preclean: 0.502/5.075 secs] [Times: user=0.54 sys=0.08, real=5.08 secs] 
2012-10-23T16:41:49.070+0100: 339185.052: [GC[YG occupancy: 11202 K (19136 K)]339185.053: [Rescan (non-parallel) 339185.053: [grey object rescan, 0.0012990 secs]339185.054: [root rescan, 0.0349690 secs], 0.0363450 secs]339185.089: [weak refs processing, 0.1729320 secs] [1 CMS-remark: 132727K(240896K)] 143929K(260032K), 0.2122190 secs] [Times: user=0.14 sys=0.00, real=0.21 secs] 
2012-10-23T16:41:49.288+0100: 339185.270: [CMS-concurrent-sweep-start]
2012-10-23T16:41:49.571+0100: 339185.554: [CMS-concurrent-sweep: 0.283/0.283 secs] [Times: user=0.29 sys=0.00, real=0.28 secs] 
2012-10-23T16:41:49.571+0100: 339185.554: [CMS-concurrent-reset-start]
2012-10-23T16:41:49.574+0100: 339185.557: [CMS-concurrent-reset: 0.003/0.003 secs] [Times: user=0.00 sys=0.00, real=0.00 secs] 
2012-10-23T16:41:51.951+0100: 339187.934: [GC 339187.934: [DefNew: 17976K->2000K(19136K), 0.0425330 secs] 61916K->45940K(260032K), 0.0432180 secs] [Times: user=0.04 sys=0.00, real=0.04 secs] 
2012-10-23T16:42:03.793+0100: 339199.776: [GC 339199.776: [DefNew: 19024K->1167K(19136K), 0.0311330 secs] 62964K->46671K(260032K), 0.0317560 secs] [Times: user=0.03 sys=0.00, real=0.03 secs] 
2012-10-23T16:42:17.480+0100: 339213.463: [GC 339213.463: [DefNew: 18191K->951K(19136K), 0.0127240 secs] 63695K->46681K(260032K), 0.0131550 secs] [Times: user=0.02 sys=0.00, real=0.01 secs] 
2012-10-23T16:42:29.820+0100: 339225.803: [GC 339225.804: [DefNew: 17975K->1485K(19136K), 0.0126050 secs] 63705K->47215K(260032K), 0.0130390 secs] [Times: user=0.01 sys=0.00, real=0.01 secs] 
2012-10-23T16:42:39.870+0100: 339235.853: [GC 339235.854: [DefNew: 18509K->1087K(19136K), 0.0143980 secs] 64239K->47179K(260032K), 0.0149590 secs] [Times: user=0.01 sys=0.00, real=0.01 secs] 
2012-10-23T16:42:51.053+0100: 339247.036: [GC 339247.037: [DefNew: 18111K->1700K(19136K), 0.0150670 secs] 64203K->48018K(260032K), 0.0157160 secs] [Times: user=0.02 sys=0.00, real=0.02 secs] 
2012-10-23T16:43:01.816+0100: 339257.799: [GC 339257.799: [DefNew: 18724K->1032K(19136K), 0.0137870 secs] 65042K->47552K(260032K), 0.0144060 secs] [Times: user=0.02 sys=0.00, real=0.02 secs] 
2012-10-23T16:43:15.826+0100: 339271.809: [GC 339271.810: [DefNew: 18053K->1463K(19136K), 0.0131520 secs] 64572K->47983K(260032K), 0.0137630 secs] [Times: user=0.02 sys=0.00, real=0.02 secs] 
2012-10-23T16:43:26.710+0100: 339282.693: [GC 339282.694: [DefNew: 18487K->1739K(19136K), 0.0169880 secs] 65007K->48605K(260032K), 0.0175790 secs] [Times: user=0.02 sys=0.00, real=0.02 secs] 
2012-10-23T16:43:43.824+0100: 339299.807: [GC 339299.807: [DefNew: 18763K->1755K(19136K), 0.0154750 secs] 65629K->48843K(260032K), 0.0160570 secs] [Times: user=0.02 sys=0.00, real=0.02 secs] 
2012-10-23T16:43:54.025+0100: 339310.008: [GC 339310.009: [DefNew: 18779K->1484K(19136K), 0.0145500 secs] 65867K->48842K(260032K), 0.0151760 secs] [Times: user=0.01 sys=0.00, real=0.02 secs] 
2012-10-23T16:44:05.816+0100: 339321.799: [GC 339321.800: [DefNew: 18508K->1089K(19136K), 0.0139580 secs] 65866K->48626K(260032K), 0.0145010 secs] [Times: user=0.02 sys=0.00, real=0.02 secs] 
2012-10-23T16:44:15.831+0100: 339331.814: [GC 339331.814: [DefNew: 18113K->1560K(19136K), 0.0156770 secs] 65650K->49368K(260032K), 0.0163300 secs] [Times: user=0.01 sys=0.00, real=0.01 secs] 
2012-10-23T16:44:31.827+0100: 339347.810: [GC 339347.811: [DefNew: 18584K->1527K(19136K), 0.0140090 secs] 66392K->49560K(260032K), 0.0146000 secs] [Times: user=0.02 sys=0.00, real=0.02 secs] 
2012-10-23T16:44:41.721+0100: 339357.704: [GC 339357.705: [DefNew: 18551K->1543K(19136K), 0.0144850 secs] 66584K->49671K(260032K), 0.0150650 secs] [Times: user=0.02 sys=0.00, real=0.01 secs] 
2012-10-23T16:44:50.756+0100: 339366.739: [GC 339366.740: [DefNew: 18567K->2112K(19136K), 0.0161260 secs] 66695K->50555K(260032K), 0.0166980 secs] [Times: user=0.02 sys=0.00, real=0.02 secs] 
2012-10-23T16:45:01.236+0100: 339377.219: [GC 339377.219: [DefNew: 19136K->2112K(19136K), 0.0166980 secs] 67579K->50906K(260032K), 0.0172920 secs] [Times: user=0.01 sys=0.00, real=0.02 secs] 
2012-10-23T16:45:15.811+0100: 339391.794: [GC 339391.795: [DefNew: 19127K->358K(19136K), 0.0120870 secs] 67922K->49360K(260032K), 0.0125440 secs] [Times: user=0.01 sys=0.00, real=0.01 secs] 
2012-10-23T16:45:24.366+0100: 339400.349: [GC 339400.350: [DefNew: 17382K->2111K(19136K), 0.0155990 secs] 66384K->51184K(260032K), 0.0161600 secs] [Times: user=0.02 sys=0.00, real=0.02 secs] 
2012-10-23T16:45:41.162+0100: 339417.145: [GC 339417.145: [DefNew: 19135K->1638K(19136K), 0.0178020 secs] 68208K->51186K(260032K), 0.0183720 secs] [Times: user=0.02 sys=0.00, real=0.02 secs] 
2012-10-23T16:45:51.640+0100: 339427.623: [GC 339427.623: [DefNew: 18662K->2112K(19136K), 0.0178320 secs] 68210K->52200K(260032K), 0.0184310 secs] [Times: user=0.02 sys=0.00, real=0.02 secs] 
2012-10-23T16:46:04.267+0100: 339440.250: [GC 339440.251: [DefNew: 19136K->1410K(19136K), 0.0154740 secs] 69224K->51782K(260032K), 0.0160080 secs] [Times: user=0.01 sys=0.01, real=0.01 secs] 
2012-10-23T16:46:15.835+0100: 339451.818: [GC 339451.818: [DefNew: 18434K->1643K(19136K), 0.0163130 secs] 68806K->52338K(260032K), 0.0170070 secs] [Times: user=0.02 sys=0.00, real=0.02 secs] 
2012-10-23T16:46:29.426+0100: 339465.409: [GC 339465.410: [DefNew: 18667K->1233K(19136K), 0.0145730 secs] 69362K->52173K(260032K), 0.0150980 secs] [Times: user=0.02 sys=0.00, real=0.02 secs] 
2012-10-23T16:46:39.818+0100: 339475.801: [GC 339475.801: [DefNew: 18247K->865K(19136K), 0.0135050 secs] 69186K->52027K(260032K), 0.0140900 secs] [Times: user=0.01 sys=0.00, real=0.01 secs] 
2012-10-23T16:46:50.522+0100: 339486.506: [GC 339486.506: [DefNew: 17889K->622K(19136K), 0.0121380 secs] 69051K->51785K(260032K), 0.0126750 secs] [Times: user=0.01 sys=0.00, real=0.01 secs] 
2012-10-23T16:47:00.927+0100: 339496.910: [GC 339496.911: [DefNew: 17646K->2052K(19136K), 0.0159630 secs] 68809K->53215K(260032K), 0.0167440 secs] [Times: user=0.00 sys=0.02, real=0.02 secs] 
2012-10-23T16:47:13.830+0100: 339509.813: [GC 339509.813: [DefNew: 19076K->1231K(19136K), 0.0173940 secs] 70239K->53061K(260032K), 0.0179620 secs] [Times: user=0.02 sys=0.00, real=0.02 secs] 
2012-10-23T16:47:25.835+0100: 339521.818: [GC 339521.818: [DefNew: 18255K->1434K(19136K), 0.0150370 secs] 70085K->53446K(260032K), 0.0158590 secs] [Times: user=0.01 sys=0.00, real=0.02 secs] 
2012-10-23T16:47:41.895+0100: 339537.878: [GC 339537.878: [DefNew: 18458K->1711K(19136K), 0.0149780 secs] 70470K->53949K(260032K), 0.0155730 secs] [Times: user=0.02 sys=0.00, real=0.02 secs] 
2012-10-23T16:47:53.448+0100: 339549.431: [GC 339549.431: [DefNew: 18735K->2112K(19136K), 0.0180170 secs] 70973K->54982K(260032K), 0.0186020 secs] [Times: user=0.01 sys=0.00, real=0.01 secs] 
2012-10-23T16:48:06.055+0100: 339562.038: [GC 339562.038: [DefNew: 19136K->1645K(19136K), 0.0156140 secs] 72006K->54758K(260032K), 0.0161580 secs] [Times: user=0.02 sys=0.00, real=0.02 secs] 
2012-10-23T16:48:16.820+0100: 339572.803: [GC 339572.803: [DefNew: 18658K->1736K(19136K), 0.0242460 secs] 71771K->55055K(260032K), 0.0249110 secs] [Times: user=0.02 sys=0.00, real=0.02 secs] 
2012-10-23T16:48:27.037+0100: 339583.020: [GC 339583.020: [DefNew: 18760K->2112K(19136K), 0.0165820 secs] 72079K->55829K(260032K), 0.0173130 secs] [Times: user=0.02 sys=0.00, real=0.02 secs] 
2012-10-23T16:48:37.829+0100: 339593.812: [GC 339593.813: [DefNew: 19136K->2112K(19136K), 0.0166320 secs] 72853K->56126K(260032K), 0.0173680 secs] [Times: user=0.02 sys=0.00, real=0.01 secs] 
2012-10-23T16:48:51.842+0100: 339607.825: [GC 339607.825: [DefNew: 19136K->1366K(19136K), 0.0147930 secs] 73150K->55618K(260032K), 0.0153580 secs] [Times: user=0.02 sys=0.00, real=0.01 secs] 
2012-10-23T16:49:02.723+0100: 339618.706: [GC 339618.706: [DefNew: 18390K->1803K(19136K), 0.0150940 secs] 72642K->56236K(260032K), 0.0157430 secs] [Times: user=0.02 sys=0.00, real=0.02 secs] 
2012-10-23T16:49:13.243+0100: 339629.226: [GC 339629.226: [DefNew: 18827K->919K(19136K), 0.0217830 secs] 73260K->55576K(260032K), 0.0223860 secs] [Times: user=0.01 sys=0.00, real=0.02 secs] 
2012-10-23T16:49:25.838+0100: 339641.821: [GC 339641.821: [DefNew: 17930K->989K(19136K), 0.0126870 secs] 72587K->55646K(260032K), 0.0132270 secs] [Times: user=0.02 sys=0.00, real=0.01 secs] 
2012-10-23T16:49:37.834+0100: 339653.818: [GC 339653.818: [DefNew: 18013K->1495K(19136K), 0.0144680 secs] 72670K->56152K(260032K), 0.0150330 secs] [Times: user=0.01 sys=0.00, real=0.02 secs] 
2012-10-23T16:49:53.149+0100: 339669.132: [GC 339669.132: [DefNew: 18519K->1825K(19136K), 0.0179500 secs] 73176K->57111K(260032K), 0.0185020 secs] [Times: user=0.02 sys=0.00, real=0.01 secs] 
2012-10-23T16:50:05.827+0100: 339681.810: [GC 339681.810: [DefNew: 18835K->1142K(19136K), 0.0137890 secs] 74120K->56625K(260032K), 0.0143840 secs] [Times: user=0.01 sys=0.01, real=0.02 secs] 
2012-10-23T16:50:16.264+0100: 339692.247: [GC 339692.248: [DefNew: 18166K->1648K(19136K), 0.0146200 secs] 73649K->57344K(260032K), 0.0151220 secs] [Times: user=0.01 sys=0.00, real=0.02 secs] 
2012-10-23T16:50:28.839+0100: 339704.822: [GC 339704.822: [DefNew: 18672K->1226K(19136K), 0.0144120 secs] 74368K->57133K(260032K), 0.0150030 secs] [Times: user=0.02 sys=0.00, real=0.01 secs] 
2012-10-23T16:50:39.815+0100: 339715.798: [GC 339715.798: [DefNew: 18250K->586K(19136K), 0.0134190 secs] 74156K->56743K(260032K), 0.0140410 secs] [Times: user=0.02 sys=0.00, real=0.02 secs] 
2012-10-23T16:50:51.936+0100: 339727.919: [GC 339727.920: [DefNew: 17610K->1770K(19136K), 0.0143140 secs] 73767K->57927K(260032K), 0.0149360 secs] [Times: user=0.02 sys=0.00, real=0.02 secs] 
2012-10-23T16:51:00.377+0100: 339736.360: [GC 339736.361: [DefNew: 18794K->1757K(19136K), 0.0170110 secs] 74951K->58326K(260032K), 0.0176490 secs] [Times: user=0.01 sys=0.00, real=0.02 secs] 
2012-10-23T16:51:12.085+0100: 339748.068: [GC 339748.068: [DefNew: 18781K->2112K(19136K), 0.0242060 secs] 75350K->59253K(260032K), 0.0249430 secs] [Times: user=0.02 sys=0.00, real=0.03 secs] 
2012-10-23T16:51:25.821+0100: 339761.804: [GC 339761.804: [DefNew: 19136K->964K(19136K), 0.0135190 secs] 76277K->58335K(260032K), 0.0140820 secs] [Times: user=0.02 sys=0.00, real=0.01 secs] 
2012-10-23T16:51:37.865+0100: 339773.848: [GC 339773.848: [DefNew: 17988K->1721K(19136K), 0.0136740 secs] 75359K->59092K(260032K), 0.0142100 secs] [Times: user=0.02 sys=0.00, real=0.02 secs] 
2012-10-23T16:51:50.726+0100: 339786.710: [GC 339786.710: [DefNew: 18745K->424K(19136K), 0.0137170 secs] 76116K->58155K(260032K), 0.0142350 secs] [Times: user=0.02 sys=0.00, real=0.02 secs] 
2012-10-23T16:52:02.909+0100: 339798.892: [GC 339798.892: [DefNew: 17448K->1491K(19136K), 0.0218400 secs] 75179K->59222K(260032K), 0.0225210 secs] [Times: user=0.01 sys=0.00, real=0.02 secs] 
2012-10-23T16:52:18.069+0100: 339814.052: [GC 339814.052: [DefNew: 18515K->1177K(19136K), 0.0158070 secs] 76246K->59441K(260032K), 0.0162810 secs] [Times: user=0.02 sys=0.00, real=0.01 secs] 
2012-10-23T16:52:28.543+0100: 339824.526: [GC 339824.527: [DefNew: 18201K->1469K(19136K), 0.0140660 secs] 76465K->59861K(260032K), 0.0149440 secs] [Times: user=0.02 sys=0.00, real=0.02 secs] 
2012-10-23T16:52:51.828+0100: 339847.811: [GC 339847.812: [DefNew: 18493K->956K(19136K), 0.0122370 secs] 76885K->59561K(260032K), 0.0126420 secs] [Times: user=0.01 sys=0.00, real=0.01 secs] 
2012-10-23T16:53:09.838+0100: 339865.821: [GC 339865.821: [DefNew: 17980K->1812K(19136K), 0.0120050 secs] 76585K->60417K(260032K), 0.0123880 secs] [Times: user=0.01 sys=0.00, real=0.01 secs] 
2012-10-23T16:53:23.177+0100: 339879.160: [GC 339879.160: [DefNew: 18836K->1793K(19136K), 0.0138580 secs] 77441K->60658K(260032K), 0.0142360 secs] [Times: user=0.01 sys=0.00, real=0.02 secs] 
2012-10-23T16:53:39.978+0100: 339895.961: [GC 339895.961: [DefNew: 18817K->1938K(19136K), 0.0128650 secs] 77682K->61028K(260032K), 0.0132050 secs] [Times: user=0.01 sys=0.00, real=0.01 secs] 
2012-10-23T16:53:54.626+0100: 339910.609: [GC 339910.609: [DefNew: 18962K->1200K(19136K), 0.0106340 secs] 78052K->60338K(260032K), 0.0110410 secs] [Times: user=0.01 sys=0.00, real=0.02 secs] 
2012-10-23T16:54:07.833+0100: 339923.816: [GC 339923.817: [DefNew: 18224K->1222K(19136K), 0.0128760 secs] 77362K->60558K(260032K), 0.0133150 secs] [Times: user=0.02 sys=0.00, real=0.01 secs] 
2012-10-23T16:54:25.822+0100: 339941.805: [GC 339941.805: [DefNew: 18229K->712K(19136K), 0.0116830 secs] 77564K->60317K(260032K), 0.0120650 secs] [Times: user=0.00 sys=0.00, real=0.01 secs] 
2012-10-23T16:54:45.837+0100: 339961.820: [GC 339961.821: [DefNew: 17736K->1701K(19136K), 0.0119740 secs] 77341K->61306K(260032K), 0.0124900 secs] [Times: user=0.00 sys=0.01, real=0.01 secs] 
2012-10-23T16:54:59.727+0100: 339975.710: [GC 339975.711: [DefNew: 18725K->352K(19136K), 0.0117410 secs] 78330K->60276K(260032K), 0.0121940 secs] [Times: user=0.01 sys=0.00, real=0.01 secs] 
2012-10-23T16:55:10.256+0100: 339986.239: [GC 339986.240: [DefNew: 17376K->1237K(19136K), 0.0125210 secs] 77300K->61161K(260032K), 0.0129490 secs] [Times: user=0.02 sys=0.00, real=0.02 secs] 
2012-10-23T16:55:26.797+0100: 340002.780: [GC 340002.780: [DefNew: 18261K->1885K(19136K), 0.0152210 secs] 78185K->62034K(260032K), 0.0157360 secs] [Times: user=0.02 sys=0.00, real=0.02 secs] 
2012-10-23T16:55:43.833+0100: 340019.816: [GC 340019.816: [DefNew: 18909K->1736K(19136K), 0.0163260 secs] 79058K->62331K(260032K), 0.0169170 secs] [Times: user=0.01 sys=0.00, real=0.02 secs] 
2012-10-23T16:55:56.457+0100: 340032.440: [GC 340032.440: [DefNew: 18760K->1220K(19136K), 0.0138030 secs] 79355K->62000K(260032K), 0.0143190 secs] [Times: user=0.02 sys=0.00, real=0.02 secs] 
2012-10-23T16:56:08.052+0100: 340044.035: [GC 340044.035: [DefNew: 18244K->2112K(19136K), 0.0166940 secs] 79024K->63300K(260032K), 0.0172770 secs] [Times: user=0.02 sys=0.00, real=0.02 secs] 
2012-10-23T16:56:19.817+0100: 340055.800: [GC 340055.800: [DefNew: 19124K->377K(19136K), 0.0114070 secs] 80312K->61762K(260032K), 0.0118350 secs] [Times: user=0.01 sys=0.00, real=0.02 secs] 
2012-10-23T16:56:36.337+0100: 340072.320: [GC 340072.321: [DefNew: 17401K->1115K(19136K), 0.0126150 secs] 78786K->62500K(260032K), 0.0132360 secs] [Times: user=0.01 sys=0.00, real=0.02 secs] 
2012-10-23T16:56:46.859+0100: 340082.842: [GC 340082.842: [DefNew: 18139K->1936K(19136K), 0.0162400 secs] 79524K->63542K(260032K), 0.0168100 secs] [Times: user=0.01 sys=0.00, real=0.01 secs] 
2012-10-23T16:57:01.829+0100: 340097.812: [GC 340097.812: [DefNew: 18960K->1111K(19136K), 0.0154250 secs] 80566K->63150K(260032K), 0.0160080 secs] [Times: user=0.02 sys=0.00, real=0.01 secs] 
2012-10-23T16:57:17.826+0100: 340113.809: [GC 340113.810: [DefNew: 18135K->1502K(19136K), 0.0137330 secs] 80174K->63745K(260032K), 0.0141780 secs] [Times: user=0.01 sys=0.00, real=0.02 secs] 
2012-10-23T16:57:26.889+0100: 340122.873: [GC 340122.873: [DefNew: 18521K->1678K(19136K), 0.0144200 secs] 80764K->64103K(260032K), 0.0153240 secs] [Times: user=0.01 sys=0.00, real=0.01 secs] 
2012-10-23T16:57:35.847+0100: 340131.830: [GC 340131.830: [DefNew: 18701K->1540K(19136K), 0.0144610 secs] 81126K->64191K(260032K), 0.0150490 secs] [Times: user=0.02 sys=0.00, real=0.02 secs] 
2012-10-23T16:57:45.842+0100: 340141.825: [GC 340141.825: [DefNew: 18564K->1407K(19136K), 0.0144240 secs] 81215K->64238K(260032K), 0.0150110 secs] [Times: user=0.02 sys=0.00, real=0.01 secs] 
2012-10-23T16:57:55.834+0100: 340151.817: [GC 340151.817: [DefNew: 18425K->1153K(19136K), 0.0133930 secs] 81257K->64211K(260032K), 0.0139160 secs] [Times: user=0.02 sys=0.00, real=0.02 secs] 
2012-10-23T16:58:05.831+0100: 340161.814: [GC 340161.814: [DefNew: 18177K->1091K(19136K), 0.0139460 secs] 81235K->64329K(260032K), 0.0145510 secs] [Times: user=0.01 sys=0.00, real=0.01 secs] 
2012-10-23T16:58:15.060+0100: 340171.043: [GC 340171.043: [DefNew: 18115K->1936K(19136K), 0.0162990 secs] 81353K->65400K(260032K), 0.0169310 secs] [Times: user=0.01 sys=0.00, real=0.01 secs] 
2012-10-23T16:58:23.845+0100: 340179.828: [GC 340179.828: [DefNew: 18959K->1649K(19136K), 0.0159420 secs] 82422K->65326K(260032K), 0.0166370 secs] [Times: user=0.02 sys=0.00, real=0.02 secs] 
2012-10-23T16:58:33.846+0100: 340189.829: [GC 340189.830: [DefNew: 18673K->1756K(19136K), 0.0155830 secs] 82350K->65636K(260032K), 0.0162330 secs] [Times: user=0.01 sys=0.00, real=0.02 secs] 
2012-10-23T16:58:42.908+0100: 340198.891: [GC 340198.892: [DefNew: 18780K->1706K(19136K), 0.0238530 secs] 82660K->65767K(260032K), 0.0246090 secs] [Times: user=0.01 sys=0.00, real=0.02 secs] 
2012-10-23T16:58:52.843+0100: 340208.827: [GC 340208.827: [DefNew: 18730K->1085K(19136K), 0.0152680 secs] 82791K->65370K(260032K), 0.0161830 secs] [Times: user=0.03 sys=0.00, real=0.02 secs] 
2012-10-23T16:59:05.460+0100: 340221.443: [GC 340221.443: [DefNew: 18109K->375K(19136K), 0.0125350 secs] 82394K->64854K(260032K), 0.0130520 secs] [Times: user=0.01 sys=0.00, real=0.01 secs] 
2012-10-23T16:59:15.847+0100: 340231.830: [GC 340231.830: [DefNew: 17399K->1664K(19136K), 0.0144390 secs] 81878K->66142K(260032K), 0.0151190 secs] [Times: user=0.02 sys=0.00, real=0.02 secs] 
2012-10-23T16:59:26.477+0100: 340242.461: [GC 340242.461: [DefNew: 18688K->1684K(19136K), 0.0169520 secs] 83166K->66556K(260032K), 0.0176260 secs] [Times: user=0.01 sys=0.00, real=0.01 secs] 
2012-10-23T16:59:39.050+0100: 340255.033: [GC 340255.033: [DefNew: 18708K->1798K(19136K), 0.0160100 secs] 83580K->66939K(260032K), 0.0166180 secs] [Times: user=0.01 sys=0.01, real=0.01 secs] 
2012-10-23T16:59:51.663+0100: 340267.646: [GC 340267.646: [DefNew: 18822K->443K(19136K), 0.0130940 secs] 83963K->65791K(260032K), 0.0136380 secs] [Times: user=0.01 sys=0.00, real=0.01 secs] 
2012-10-23T17:00:02.176+0100: 340278.159: [GC 340278.159: [DefNew: 17467K->1198K(19136K), 0.0133200 secs] 82815K->66546K(260032K), 0.0138790 secs] [Times: user=0.01 sys=0.00, real=0.02 secs] 
2012-10-23T17:00:13.856+0100: 340289.839: [GC 340289.840: [DefNew: 18195K->1671K(19136K), 0.0165540 secs] 83542K->67248K(260032K), 0.0171730 secs] [Times: user=0.03 sys=0.00, real=0.02 secs] 
2012-10-23T17:00:23.177+0100: 340299.161: [GC 340299.161: [DefNew: 18695K->1366K(19136K), 0.0161450 secs] 84272K->67369K(260032K), 0.0167390 secs] [Times: user=0.01 sys=0.00, real=0.01 secs] 
2012-10-23T17:00:35.735+0100: 340311.718: [GC 340311.718: [DefNew: 18390K->273K(19136K), 0.0118790 secs] 84393K->66492K(260032K), 0.0124360 secs] [Times: user=0.01 sys=0.00, real=0.02 secs] 
2012-10-23T17:00:45.839+0100: 340321.822: [GC 340321.823: [DefNew: 17297K->1430K(19136K), 0.0130280 secs] 83516K->67649K(260032K), 0.0136160 secs] [Times: user=0.02 sys=0.00, real=0.01 secs] 
2012-10-23T17:00:56.749+0100: 340332.732: [GC 340332.733: [DefNew: 18454K->1888K(19136K), 0.0166750 secs] 84673K->68438K(260032K), 0.0173110 secs] [Times: user=0.02 sys=0.00, real=0.01 secs] 
2012-10-23T17:01:11.441+0100: 340347.424: [GC 340347.425: [DefNew: 18912K->382K(19136K), 0.0127080 secs] 85462K->67176K(260032K), 0.0131960 secs] [Times: user=0.01 sys=0.00, real=0.01 secs] 
2012-10-23T17:01:21.939+0100: 340357.922: [GC 340357.922: [DefNew: 17406K->1606K(19136K), 0.0134050 secs] 84200K->68399K(260032K), 0.0139520 secs] [Times: user=0.01 sys=0.00, real=0.01 secs] 
2012-10-23T17:01:39.847+0100: 340375.830: [GC 340375.830: [DefNew: 18630K->1026K(19136K), 0.0134290 secs] 85423K->68174K(260032K), 0.0139110 secs] [Times: user=0.02 sys=0.00, real=0.02 secs] 
2012-10-23T17:01:53.830+0100: 340389.813: [GC 340389.813: [DefNew: 18050K->1817K(19136K), 0.0129220 secs] 85198K->68965K(260032K), 0.0133750 secs] [Times: user=0.01 sys=0.00, real=0.01 secs] 
2012-10-23T17:02:07.926+0100: 340403.909: [GC 340403.910: [DefNew: 18841K->1707K(19136K), 0.0153230 secs] 85989K->69212K(260032K), 0.0157780 secs] [Times: user=0.02 sys=0.00, real=0.02 secs] 
2012-10-23T17:02:17.828+0100: 340413.811: [GC 340413.811: [DefNew: 18731K->2111K(19136K), 0.0159360 secs] 86236K->70128K(260032K), 0.0164660 secs] [Times: user=0.01 sys=0.00, real=0.01 secs] 
2012-10-23T17:02:27.828+0100: 340423.811: [GC 340423.811: [DefNew: 19135K->1630K(19136K), 0.0149590 secs] 87152K->69931K(260032K), 0.0154570 secs] [Times: user=0.01 sys=0.00, real=0.01 secs] 
2012-10-23T17:02:39.639+0100: 340435.622: [GC 340435.622: [DefNew: 18654K->1201K(19136K), 0.0142400 secs] 86955K->69728K(260032K), 0.0147930 secs] [Times: user=0.01 sys=0.00, real=0.01 secs] 
2012-10-23T17:02:50.126+0100: 340446.109: [GC 340446.109: [DefNew: 18225K->1773K(19136K), 0.0155160 secs] 86752K->70537K(260032K), 0.0161160 secs] [Times: user=0.01 sys=0.00, real=0.02 secs] 
2012-10-23T17:02:59.840+0100: 340455.823: [GC 340455.824: [DefNew: 18776K->823K(19136K), 0.0139200 secs] 87540K->69807K(260032K), 0.0145870 secs] [Times: user=0.01 sys=0.00, real=0.01 secs] 
2012-10-23T17:03:12.948+0100: 340468.931: [GC 340468.931: [DefNew: 17847K->1927K(19136K), 0.0227830 secs] 86831K->70911K(260032K), 0.0234480 secs] [Times: user=0.01 sys=0.00, real=0.02 secs] 
2012-10-23T17:03:23.758+0100: 340479.741: [GC 340479.742: [DefNew: 18951K->1090K(19136K), 0.0305090 secs] 87935K->70478K(260032K), 0.0386970 secs] [Times: user=0.02 sys=0.00, real=0.03 secs] 
2012-10-23T17:03:37.847+0100: 340493.830: [GC 340493.831: [DefNew: 18114K->1394K(19136K), 0.0148540 secs] 87502K->71033K(260032K), 0.0154360 secs] [Times: user=0.01 sys=0.01, real=0.01 secs] 
2012-10-23T17:03:48.965+0100: 340504.948: [GC 340504.948: [DefNew: 18418K->1745K(19136K), 0.0154530 secs] 88057K->71590K(260032K), 0.0160270 secs] [Times: user=0.02 sys=0.00, real=0.02 secs] 
2012-10-23T17:04:01.844+0100: 340517.827: [GC 340517.827: [DefNew: 18769K->1346K(19136K), 0.0155680 secs] 88614K->71447K(260032K), 0.0161880 secs] [Times: user=0.02 sys=0.00, real=0.02 secs] 
2012-10-23T17:04:13.843+0100: 340529.826: [GC 340529.827: [DefNew: 18370K->1534K(19136K), 0.0148690 secs] 88471K->71836K(260032K), 0.0154860 secs] [Times: user=0.01 sys=0.00, real=0.02 secs] 
2012-10-23T17:04:25.834+0100: 340541.817: [GC 340541.817: [DefNew: 18532K->957K(19136K), 0.0132850 secs] 88834K->71438K(260032K), 0.0139020 secs] [Times: user=0.02 sys=0.00, real=0.02 secs] 
2012-10-23T17:04:39.857+0100: 340555.841: [GC 340555.841: [DefNew: 17981K->2112K(19136K), 0.0152320 secs] 88462K->72748K(260032K), 0.0157920 secs] [Times: user=0.01 sys=0.00, real=0.01 secs] 
2012-10-23T17:04:49.881+0100: 340565.864: [GC 340565.865: [DefNew: 19136K->991K(19136K), 0.0151970 secs] 89772K->72032K(260032K), 0.0156940 secs] [Times: user=0.01 sys=0.01, real=0.01 secs] 
2012-10-23T17:05:01.823+0100: 340577.806: [GC 340577.807: [DefNew: 18015K->1720K(19136K), 0.0144480 secs] 89056K->72760K(260032K), 0.0150190 secs] [Times: user=0.01 sys=0.00, real=0.02 secs] 
2012-10-23T17:05:13.080+0100: 340589.063: [GC 340589.063: [DefNew: 18744K->1143K(19136K), 0.0156300 secs] 89784K->72638K(260032K), 0.0161900 secs] [Times: user=0.01 sys=0.00, real=0.01 secs] 
2012-10-23T17:05:25.836+0100: 340601.819: [GC 340601.819: [DefNew: 18151K->348K(19136K), 0.0124500 secs] 89646K->72068K(260032K), 0.0129720 secs] [Times: user=0.01 sys=0.00, real=0.02 secs] 
2012-10-23T17:05:37.988+0100: 340613.971: [GC 340613.972: [DefNew: 17372K->1929K(19136K), 0.0226940 secs] 89092K->73649K(260032K), 0.0233800 secs] [Times: user=0.01 sys=0.00, real=0.02 secs] 
2012-10-23T17:05:50.755+0100: 340626.738: [GC 340626.739: [DefNew: 18953K->1411K(19136K), 0.0170340 secs] 90673K->73581K(260032K), 0.0176530 secs] [Times: user=0.02 sys=0.00, real=0.02 secs] 
2012-10-23T17:06:03.335+0100: 340639.318: [GC 340639.319: [DefNew: 18435K->1121K(19136K), 0.0148400 secs] 90605K->73586K(260032K), 0.0154040 secs] [Times: user=0.01 sys=0.00, real=0.02 secs] 
2012-10-23T17:06:19.854+0100: 340655.838: [GC 340655.838: [DefNew: 18145K->1627K(19136K), 0.0139960 secs] 90610K->74308K(260032K), 0.0145820 secs] [Times: user=0.02 sys=0.00, real=0.02 secs] 
2012-10-23T17:06:30.648+0100: 340666.631: [GC 340666.632: [DefNew: 18651K->1029K(19136K), 0.0132920 secs] 91332K->73842K(260032K), 0.0137880 secs] [Times: user=0.01 sys=0.00, real=0.01 secs] 
2012-10-23T17:06:45.345+0100: 340681.328: [GC 340681.328: [DefNew: 18053K->572K(19136K), 0.0112750 secs] 90866K->73385K(260032K), 0.0116870 secs] [Times: user=0.01 sys=0.00, real=0.01 secs] 
2012-10-23T17:06:55.827+0100: 340691.810: [GC 340691.810: [DefNew: 17596K->750K(19136K), 0.0122230 secs] 90409K->73563K(260032K), 0.0126810 secs] [Times: user=0.02 sys=0.00, real=0.02 secs] 
2012-10-23T17:07:03.857+0100: 340699.840: [GC 340699.841: [DefNew: 17774K->2111K(19136K), 0.0174500 secs] 90587K->75706K(260032K), 0.0180080 secs] [Times: user=0.01 sys=0.01, real=0.01 secs] 
2012-10-23T17:07:17.842+0100: 340713.826: [GC 340713.826: [DefNew: 19135K->1104K(19136K), 0.0167950 secs] 92730K->75300K(260032K), 0.0173630 secs] [Times: user=0.02 sys=0.00, real=0.02 secs] 
2012-10-23T17:07:27.942+0100: 340723.925: [GC 340723.925: [DefNew: 18128K->1707K(19136K), 0.0161110 secs] 92324K->76084K(260032K), 0.0167890 secs] [Times: user=0.02 sys=0.00, real=0.02 secs] 
2012-10-23T17:07:39.935+0100: 340735.918: [GC 340735.918: [DefNew: 18731K->1507K(19136K), 0.0107170 secs] 93108K->76110K(260032K), 0.0112220 secs] [Times: user=0.00 sys=0.01, real=0.01 secs] 
2012-10-23T17:07:51.848+0100: 340747.831: [GC 340747.831: [DefNew: 18531K->1278K(19136K), 0.0109130 secs] 93134K->76114K(260032K), 0.0114460 secs] [Times: user=0.01 sys=0.00, real=0.01 secs] 
2012-10-23T17:08:03.845+0100: 340759.828: [GC 340759.829: [DefNew: 18295K->1221K(19136K), 0.0107440 secs] 93131K->76277K(260032K), 0.0113330 secs] [Times: user=0.01 sys=0.00, real=0.01 secs] 
2012-10-23T17:08:19.826+0100: 340775.809: [GC 340775.810: [DefNew: 18245K->1585K(19136K), 0.0150750 secs] 93301K->76908K(260032K), 0.0156740 secs] [Times: user=0.02 sys=0.00, real=0.02 secs] 
2012-10-23T17:08:28.267+0100: 340784.250: [GC 340784.251: [DefNew: 18609K->2112K(19136K), 0.0166000 secs] 93932K->77792K(260032K), 0.0175820 secs] [Times: user=0.01 sys=0.00, real=0.02 secs] 
2012-10-23T17:08:39.838+0100: 340795.821: [GC 340795.822: [DefNew: 19128K->730K(19136K), 0.0140540 secs] 94808K->76625K(260032K), 0.0146670 secs] [Times: user=0.02 sys=0.00, real=0.01 secs] 
2012-10-23T17:08:49.858+0100: 340805.841: [GC 340805.841: [DefNew: 17754K->2096K(19136K), 0.0153660 secs] 93649K->77990K(260032K), 0.0160350 secs] [Times: user=0.02 sys=0.00, real=0.01 secs] 
2012-10-23T17:09:01.901+0100: 340817.884: [GC 340817.884: [DefNew: 19120K->1742K(19136K), 0.0169110 secs] 95014K->78121K(260032K), 0.0174490 secs] [Times: user=0.02 sys=0.00, real=0.02 secs] 
2012-10-23T17:09:12.335+0100: 340828.319: [GC 340828.319: [DefNew: 18766K->1667K(19136K), 0.0152120 secs] 95145K->78226K(260032K), 0.0158040 secs] [Times: user=0.02 sys=0.00, real=0.02 secs] 
2012-10-23T17:09:24.965+0100: 340840.948: [GC 340840.949: [DefNew: 18691K->1838K(19136K), 0.0130800 secs] 95250K->78590K(260032K), 0.0137640 secs] [Times: user=0.01 sys=0.00, real=0.02 secs] 
2012-10-23T17:09:37.149+0100: 340853.133: [GC 340853.133: [DefNew: 18862K->880K(19136K), 0.0144080 secs] 95614K->77875K(260032K), 0.0150180 secs] [Times: user=0.01 sys=0.00, real=0.01 secs] 
2012-10-23T17:09:49.848+0100: 340865.831: [GC 340865.832: [DefNew: 17904K->1398K(19136K), 0.0145020 secs] 94899K->78393K(260032K), 0.0150710 secs] [Times: user=0.02 sys=0.00, real=0.01 secs] 
2012-10-23T17:10:01.844+0100: 340877.828: [GC 340877.828: [DefNew: 18394K->1384K(19136K), 0.0178690 secs] 95389K->78897K(260032K), 0.0185530 secs] [Times: user=0.02 sys=0.00, real=0.02 secs] 
2012-10-23T17:10:17.426+0100: 340893.409: [GC 340893.410: [DefNew: 18408K->908K(19136K), 0.0133800 secs] 95921K->78692K(260032K), 0.0138850 secs] [Times: user=0.01 sys=0.00, real=0.02 secs] 
2012-10-23T17:10:27.972+0100: 340903.955: [GC 340903.956: [DefNew: 17932K->1407K(19136K), 0.0135700 secs] 95716K->79191K(260032K), 0.0140880 secs] [Times: user=0.01 sys=0.00, real=0.01 secs] 
2012-10-23T17:10:39.850+0100: 340915.833: [GC 340915.834: [DefNew: 18431K->884K(19136K), 0.0149000 secs] 96214K->79015K(260032K), 0.0154640 secs] [Times: user=0.01 sys=0.00, real=0.01 secs] 
2012-10-23T17:10:49.851+0100: 340925.834: [GC 340925.835: [DefNew: 17903K->1714K(19136K), 0.0146430 secs] 96034K->79845K(260032K), 0.0151930 secs] [Times: user=0.01 sys=0.00, real=0.01 secs] 
2012-10-23T17:11:01.800+0100: 340937.783: [GC 340937.784: [DefNew: 18736K->500K(19136K), 0.0219350 secs] 96867K->79099K(260032K), 0.0225160 secs] [Times: user=0.02 sys=0.00, real=0.02 secs] 
2012-10-23T17:11:09.868+0100: 340945.851: [GC 340945.851: [DefNew: 17524K->1772K(19136K), 0.0137600 secs] 96123K->80371K(260032K), 0.0143210 secs] [Times: user=0.01 sys=0.00, real=0.01 secs] 
2012-10-23T17:11:21.858+0100: 340957.841: [GC 340957.841: [DefNew: 18796K->1621K(19136K), 0.0167420 secs] 97395K->80579K(260032K), 0.0174150 secs] [Times: user=0.02 sys=0.00, real=0.01 secs] 
2012-10-23T17:11:37.259+0100: 340973.242: [GC 340973.242: [DefNew: 18645K->1591K(19136K), 0.0140330 secs] 97603K->80816K(260032K), 0.0145530 secs] [Times: user=0.02 sys=0.00, real=0.01 secs] 
2012-10-23T17:11:49.891+0100: 340985.874: [GC 340985.875: [DefNew: 18615K->1595K(19136K), 0.0141060 secs] 97840K->80890K(260032K), 0.0146480 secs] [Times: user=0.01 sys=0.00, real=0.01 secs] 
2012-10-23T17:12:02.438+0100: 340998.421: [GC 340998.422: [DefNew: 18619K->1149K(19136K), 0.0146040 secs] 97914K->80696K(260032K), 0.0151020 secs] [Times: user=0.02 sys=0.00, real=0.01 secs] 
2012-10-23T17:12:13.860+0100: 341009.843: [GC 341009.843: [DefNew: 18159K->1195K(19136K), 0.0143940 secs] 97706K->80993K(260032K), 0.0149130 secs] [Times: user=0.01 sys=0.00, real=0.01 secs] 
2012-10-23T17:12:25.842+0100: 341021.825: [GC 341021.826: [DefNew: 18219K->997K(19136K), 0.0143330 secs] 98017K->81059K(260032K), 0.0149340 secs] [Times: user=0.02 sys=0.00, real=0.02 secs] 
2012-10-23T17:12:36.059+0100: 341032.042: [GC 341032.043: [DefNew: 18021K->1255K(19136K), 0.0138000 secs] 98083K->81316K(260032K), 0.0143850 secs] [Times: user=0.01 sys=0.00, real=0.01 secs] 
2012-10-23T17:12:48.641+0100: 341044.624: [GC 341044.625: [DefNew: 18279K->1396K(19136K), 0.0165010 secs] 98340K->81726K(260032K), 0.0171490 secs] [Times: user=0.02 sys=0.00, real=0.02 secs] 
2012-10-23T17:12:57.872+0100: 341053.856: [GC 341053.856: [DefNew: 18409K->936K(19136K), 0.0157750 secs] 98739K->81723K(260032K), 0.0164550 secs] [Times: user=0.02 sys=0.00, real=0.02 secs] 
2012-10-23T17:13:07.573+0100: 341063.556: [GC 341063.557: [DefNew: 17960K->2045K(19136K), 0.0158420 secs] 98747K->82831K(260032K), 0.0164950 secs] [Times: user=0.01 sys=0.00, real=0.02 secs] 
2012-10-23T17:13:17.990+0100: 341073.973: [GC 341073.973: [DefNew: 19069K->1686K(19136K), 0.0170880 secs] 99855K->82908K(260032K), 0.0177880 secs] [Times: user=0.02 sys=0.00, real=0.02 secs] 
2012-10-23T17:13:28.555+0100: 341084.538: [GC 341084.538: [DefNew: 18710K->1830K(19136K), 0.0162520 secs] 99932K->83249K(260032K), 0.0168900 secs] [Times: user=0.01 sys=0.00, real=0.02 secs] 
2012-10-23T17:13:41.132+0100: 341097.115: [GC 341097.115: [DefNew: 18854K->391K(19136K), 0.0141520 secs] 100273K->82059K(260032K), 0.0147300 secs] [Times: user=0.01 sys=0.00, real=0.01 secs] 
2012-10-23T17:13:55.851+0100: 341111.834: [GC 341111.835: [DefNew: 17415K->690K(19136K), 0.0130250 secs] 99083K->82358K(260032K), 0.0136260 secs] [Times: user=0.02 sys=0.00, real=0.01 secs] 
2012-10-23T17:14:05.848+0100: 341121.831: [GC 341121.832: [DefNew: 17714K->1533K(19136K), 0.0145820 secs] 99382K->83201K(260032K), 0.0152600 secs] [Times: user=0.01 sys=0.01, real=0.01 secs] 
2012-10-23T17:14:21.085+0100: 341137.068: [GC 341137.068: [DefNew: 18557K->1115K(19136K), 0.0164560 secs] 100225K->83434K(260032K), 0.0169680 secs] [Times: user=0.02 sys=0.00, real=0.02 secs] 
2012-10-23T17:14:31.873+0100: 341147.856: [GC 341147.856: [DefNew: 18139K->1178K(19136K), 0.0132770 secs] 100458K->83679K(260032K), 0.0137710 secs] [Times: user=0.01 sys=0.00, real=0.01 secs] 
2012-10-23T17:14:44.126+0100: 341160.109: [GC 341160.109: [DefNew: 18202K->1854K(19136K), 0.0152000 secs] 100703K->84540K(260032K), 0.0158290 secs] [Times: user=0.01 sys=0.00, real=0.02 secs] 
2012-10-23T17:14:55.858+0100: 341171.841: [GC 341171.841: [DefNew: 18877K->2111K(19136K), 0.0176020 secs] 101563K->85333K(260032K), 0.0182710 secs] [Times: user=0.02 sys=0.00, real=0.01 secs] 
2012-10-23T17:15:08.417+0100: 341184.400: [GC 341184.400: [DefNew: 19120K->1708K(19136K), 0.0144670 secs] 102341K->85147K(260032K), 0.0149860 secs] [Times: user=0.01 sys=0.00, real=0.02 secs] 
2012-10-23T17:15:17.750+0100: 341193.733: [GC 341193.733: [DefNew: 18732K->1762K(19136K), 0.0150570 secs] 102171K->85383K(260032K), 0.0156050 secs] [Times: user=0.01 sys=0.00, real=0.01 secs] 
2012-10-23T17:15:27.860+0100: 341203.843: [GC 341203.843: [DefNew: 18786K->1802K(19136K), 0.0154210 secs] 102406K->85621K(260032K), 0.0160200 secs] [Times: user=0.01 sys=0.00, real=0.01 secs] 
2012-10-23T17:15:38.779+0100: 341214.762: [GC 341214.763: [DefNew: 18826K->1401K(19136K), 0.0152060 secs] 102645K->85433K(260032K), 0.0157840 secs] [Times: user=0.01 sys=0.00, real=0.01 secs] 
2012-10-23T17:15:51.356+0100: 341227.339: [GC 341227.340: [DefNew: 18425K->449K(19136K), 0.0138630 secs] 102457K->84751K(260032K), 0.0143910 secs] [Times: user=0.02 sys=0.00, real=0.02 secs] 
2012-10-23T17:16:03.857+0100: 341239.840: [GC 341239.841: [DefNew: 17473K->1538K(19136K), 0.0139890 secs] 101775K->85840K(260032K), 0.0145930 secs] [Times: user=0.01 sys=0.00, real=0.01 secs] 
2012-10-23T17:16:16.571+0100: 341252.554: [GC 341252.554: [DefNew: 18562K->1612K(19136K), 0.0173480 secs] 102864K->86434K(260032K), 0.0180030 secs] [Times: user=0.02 sys=0.00, real=0.02 secs] 
2012-10-23T17:16:29.857+0100: 341265.840: [GC 341265.840: [DefNew: 18606K->816K(19136K), 0.0140240 secs] 103429K->85857K(260032K), 0.0146950 secs] [Times: user=0.02 sys=0.00, real=0.02 secs] 
2012-10-23T17:16:41.777+0100: 341277.760: [GC 341277.760: [DefNew: 17840K->1276K(19136K), 0.0140360 secs] 102881K->86317K(260032K), 0.0145760 secs] [Times: user=0.02 sys=0.00, real=0.02 secs] 
2012-10-23T17:16:53.863+0100: 341289.847: [GC 341289.847: [DefNew: 18300K->1959K(19136K), 0.0165990 secs] 103341K->87242K(260032K), 0.0172070 secs] [Times: user=0.02 sys=0.00, real=0.02 secs] 
2012-10-23T17:17:04.843+0100: 341300.827: [GC 341300.827: [DefNew: 18983K->1810K(19136K), 0.0177010 secs] 104266K->87543K(260032K), 0.0183940 secs] [Times: user=0.02 sys=0.00, real=0.02 secs] 
2012-10-23T17:17:13.869+0100: 341309.852: [GC 341309.853: [DefNew: 18820K->1743K(19136K), 0.0156760 secs] 104553K->87713K(260032K), 0.0163210 secs] [Times: user=0.02 sys=0.00, real=0.01 secs] 
2012-10-23T17:17:27.842+0100: 341323.825: [GC 341323.826: [DefNew: 18767K->1543K(19136K), 0.0145400 secs] 104737K->87728K(260032K), 0.0151460 secs] [Times: user=0.01 sys=0.00, real=0.02 secs] 
2012-10-23T17:17:38.445+0100: 341334.428: [GC 341334.429: [DefNew: 18567K->1804K(19136K), 0.0158840 secs] 104752K->88169K(260032K), 0.0165130 secs] [Times: user=0.02 sys=0.00, real=0.02 secs] 
2012-10-23T17:17:48.978+0100: 341344.961: [GC 341344.961: [DefNew: 18828K->2027K(19136K), 0.0166040 secs] 105193K->88632K(260032K), 0.0172130 secs] [Times: user=0.02 sys=0.00, real=0.01 secs] 
2012-10-23T17:18:05.734+0100: 341361.717: [GC 341361.718: [DefNew: 19051K->382K(19136K), 0.0132290 secs] 105656K->87244K(260032K), 0.0137360 secs] [Times: user=0.01 sys=0.00, real=0.02 secs] 
2012-10-23T17:18:17.860+0100: 341373.843: [GC 341373.844: [DefNew: 17406K->1613K(19136K), 0.0139200 secs] 104268K->88474K(260032K), 0.0144820 secs] [Times: user=0.01 sys=0.00, real=0.01 secs] 
2012-10-23T17:18:28.848+0100: 341384.831: [GC 341384.831: [DefNew: 18637K->1814K(19136K), 0.0174530 secs] 105498K->89131K(260032K), 0.0180570 secs] [Times: user=0.01 sys=0.00, real=0.01 secs] 
2012-10-23T17:18:39.865+0100: 341395.848: [GC 341395.848: [DefNew: 18838K->2112K(19136K), 0.0175800 secs] 106155K->89801K(260032K), 0.0182640 secs] [Times: user=0.02 sys=0.00, real=0.02 secs] 
2012-10-23T17:18:53.843+0100: 341409.826: [GC 341409.827: [DefNew: 19136K->1143K(19136K), 0.0143540 secs] 106825K->89041K(260032K), 0.0150620 secs] [Times: user=0.02 sys=0.00, real=0.02 secs] 
2012-10-23T17:19:02.469+0100: 341418.452: [GC 341418.452: [DefNew: 18167K->2112K(19136K), 0.0181530 secs] 106065K->90482K(260032K), 0.0188100 secs] [Times: user=0.02 sys=0.00, real=0.02 secs] 
2012-10-23T17:19:13.022+0100: 341429.005: [GC 341429.005: [DefNew: 19136K->1774K(19136K), 0.0160120 secs] 107506K->90369K(260032K), 0.0166680 secs] [Times: user=0.02 sys=0.00, real=0.02 secs] 
2012-10-23T17:19:23.857+0100: 341439.841: [GC 341439.841: [DefNew: 18798K->1607K(19136K), 0.0148800 secs] 107393K->90457K(260032K), 0.0154760 secs] [Times: user=0.01 sys=0.00, real=0.01 secs] 
2012-10-23T17:19:37.870+0100: 341453.853: [GC 341453.853: [DefNew: 18631K->1120K(19136K), 0.0128650 secs] 107481K->90107K(260032K), 0.0133970 secs] [Times: user=0.01 sys=0.00, real=0.01 secs] 
2012-10-23T17:19:48.677+0100: 341464.660: [GC 341464.661: [DefNew: 18144K->1434K(19136K), 0.0146870 secs] 107131K->90602K(260032K), 0.0152770 secs] [Times: user=0.01 sys=0.00, real=0.01 secs] 
2012-10-23T17:20:03.874+0100: 341479.857: [GC 341479.858: [DefNew: 18458K->1720K(19136K), 0.0150760 secs] 107626K->91154K(260032K), 0.0156020 secs] [Times: user=0.02 sys=0.00, real=0.02 secs] 
2012-10-23T17:20:19.865+0100: 341495.848: [GC 341495.848: [DefNew: 18744K->1203K(19136K), 0.0130600 secs] 108178K->90819K(260032K), 0.0135410 secs] [Times: user=0.01 sys=0.00, real=0.02 secs] 
2012-10-23T17:20:31.846+0100: 341507.829: [GC 341507.830: [DefNew: 18199K->503K(19136K), 0.0126910 secs] 107815K->90301K(260032K), 0.0132390 secs] [Times: user=0.01 sys=0.00, real=0.02 secs] 
2012-10-23T17:20:41.856+0100: 341517.839: [GC 341517.839: [DefNew: 17506K->1382K(19136K), 0.0134410 secs] 107303K->91180K(260032K), 0.0139780 secs] [Times: user=0.02 sys=0.00, real=0.02 secs] 
2012-10-23T17:20:55.864+0100: 341531.847: [GC 341531.847: [DefNew: 18406K->1244K(19136K), 0.0160440 secs] 108204K->91534K(260032K), 0.0166250 secs] [Times: user=0.02 sys=0.00, real=0.02 secs] 
2012-10-23T17:21:05.863+0100: 341541.846: [GC 341541.846: [DefNew: 18268K->758K(19136K), 0.0129490 secs] 108558K->91273K(260032K), 0.0135050 secs] [Times: user=0.01 sys=0.00, real=0.01 secs] 
2012-10-23T17:21:15.859+0100: 341551.843: [GC 341551.843: [DefNew: 17782K->1721K(19136K), 0.0146960 secs] 108297K->92236K(260032K), 0.0153580 secs] [Times: user=0.01 sys=0.00, real=0.01 secs] 
2012-10-23T17:21:26.117+0100: 341562.100: [GC 341562.100: [DefNew: 18729K->474K(19136K), 0.0142910 secs] 109244K->91392K(260032K), 0.0149560 secs] [Times: user=0.02 sys=0.00, real=0.02 secs] 
2012-10-23T17:21:37.866+0100: 341573.849: [GC 341573.849: [DefNew: 17498K->1516K(19136K), 0.0158900 secs] 108416K->92434K(260032K), 0.0164580 secs] [Times: user=0.01 sys=0.00, real=0.02 secs] 
2012-10-23T17:21:49.872+0100: 341585.855: [GC 341585.855: [DefNew: 18540K->1737K(19136K), 0.0366900 secs] 109458K->93220K(260032K), 0.0373910 secs] [Times: user=0.03 sys=0.00, real=0.04 secs] 
2012-10-23T17:22:02.285+0100: 341598.269: [GC 341598.271: [DefNew: 18746K->1031K(19136K), 0.0186670 secs] 110229K->92759K(260032K), 0.0196920 secs] [Times: user=0.02 sys=0.00, real=0.02 secs] 
2012-10-23T17:22:17.759+0100: 341613.742: [GC 341613.742: [DefNew: 18055K->1448K(19136K), 0.0146790 secs] 109783K->93176K(260032K), 0.0152580 secs] [Times: user=0.01 sys=0.00, real=0.01 secs] 
2012-10-23T17:22:31.853+0100: 341627.836: [GC 341627.837: [DefNew: 18472K->617K(19136K), 0.0136000 secs] 110200K->92820K(260032K), 0.0140990 secs] [Times: user=0.02 sys=0.00, real=0.02 secs] 
2012-10-23T17:22:41.860+0100: 341637.843: [GC 341637.843: [DefNew: 17637K->852K(19136K), 0.0116080 secs] 109840K->93055K(260032K), 0.0121570 secs] [Times: user=0.01 sys=0.00, real=0.01 secs] 
2012-10-23T17:22:54.824+0100: 341650.807: [GC 341650.808: [DefNew: 17876K->1547K(19136K), 0.0135710 secs] 110079K->93750K(260032K), 0.0141420 secs] [Times: user=0.02 sys=0.00, real=0.02 secs] 
2012-10-23T17:23:03.943+0100: 341659.926: [GC 341659.926: [DefNew: 18571K->1172K(19136K), 0.0170580 secs] 110774K->93984K(260032K), 0.0177040 secs] [Times: user=0.02 sys=0.00, real=0.02 secs] 
2012-10-23T17:23:14.445+0100: 341670.428: [GC 341670.428: [DefNew: 18196K->1246K(19136K), 0.0111570 secs] 111008K->94325K(260032K), 0.0117400 secs] [Times: user=0.01 sys=0.00, real=0.01 secs] 
2012-10-23T17:23:23.870+0100: 341679.853: [GC 341679.854: [DefNew: 18270K->1729K(19136K), 0.0153600 secs] 111349K->95035K(260032K), 0.0159760 secs] [Times: user=0.01 sys=0.00, real=0.01 secs] 
2012-10-23T17:23:35.870+0100: 341691.853: [GC 341691.854: [DefNew: 18753K->1447K(19136K), 0.0152350 secs] 112059K->95043K(260032K), 0.0159210 secs] [Times: user=0.02 sys=0.00, real=0.01 secs] 
2012-10-23T17:23:47.872+0100: 341703.855: [GC 341703.855: [DefNew: 18471K->1831K(19136K), 0.0151200 secs] 112067K->95611K(260032K), 0.0157010 secs] [Times: user=0.02 sys=0.00, real=0.02 secs] 
2012-10-23T17:24:05.865+0100: 341721.848: [GC 341721.849: [DefNew: 18855K->1213K(19136K), 0.0133400 secs] 112635K->95218K(260032K), 0.0138520 secs] [Times: user=0.01 sys=0.00, real=0.02 secs] 
2012-10-23T17:24:19.871+0100: 341735.854: [GC 341735.855: [DefNew: 18237K->1759K(19136K), 0.0142140 secs] 112242K->95902K(260032K), 0.0147130 secs] [Times: user=0.02 sys=0.00, real=0.01 secs] 
2012-10-23T17:24:33.223+0100: 341749.206: [GC 341749.207: [DefNew: 18763K->404K(19136K), 0.0108960 secs] 112906K->94802K(260032K), 0.0113830 secs] [Times: user=0.01 sys=0.00, real=0.01 secs] 
2012-10-23T17:24:42.645+0100: 341758.628: [GC 341758.629: [DefNew: 17428K->2112K(19136K), 0.0152070 secs] 111826K->96707K(260032K), 0.0157260 secs] [Times: user=0.02 sys=0.00, real=0.02 secs] 
2012-10-23T17:24:55.873+0100: 341771.856: [GC 341771.856: [DefNew: 19136K->1305K(19136K), 0.0148160 secs] 113731K->96279K(260032K), 0.0154120 secs] [Times: user=0.01 sys=0.00, real=0.02 secs] 
2012-10-23T17:25:07.880+0100: 341783.863: [GC 341783.864: [DefNew: 18325K->2096K(19136K), 0.0131950 secs] 113299K->97301K(260032K), 0.0137550 secs] [Times: user=0.01 sys=0.00, real=0.01 secs] 
2012-10-23T17:25:19.885+0100: 341795.868: [GC 341795.869: [DefNew: 19120K->1465K(19136K), 0.0133210 secs] 114325K->96824K(260032K), 0.0138310 secs] [Times: user=0.01 sys=0.00, real=0.02 secs] 
2012-10-23T17:25:28.876+0100: 341804.859: [GC 341804.860: [DefNew: 18489K->1816K(19136K), 0.0157240 secs] 113848K->97412K(260032K), 0.0162810 secs] [Times: user=0.02 sys=0.00, real=0.02 secs] 
2012-10-23T17:25:41.472+0100: 341817.455: [GC 341817.455: [DefNew: 18840K->1902K(19136K), 0.0155700 secs] 114436K->97712K(260032K), 0.0161200 secs] [Times: user=0.02 sys=0.00, real=0.02 secs] 
2012-10-23T17:25:53.869+0100: 341829.852: [GC 341829.853: [DefNew: 18926K->1581K(19136K), 0.0151400 secs] 114736K->97628K(260032K), 0.0157370 secs] [Times: user=0.01 sys=0.00, real=0.01 secs] 
2012-10-23T17:26:08.779+0100: 341844.762: [GC 341844.762: [DefNew: 18605K->1363K(19136K), 0.0142900 secs] 114652K->97657K(260032K), 0.0148490 secs] [Times: user=0.02 sys=0.00, real=0.01 secs] 
2012-10-23T17:26:26.980+0100: 341862.965: [GC 341862.965: [DefNew: 18387K->925K(19136K), 0.0157630 secs] 114681K->97471K(260032K), 0.0162700 secs] [Times: user=0.01 sys=0.00, real=0.02 secs] 
2012-10-23T17:26:39.877+0100: 341875.860: [GC 341875.860: [DefNew: 17949K->1999K(19136K), 0.0132180 secs] 114495K->98544K(260032K), 0.0136680 secs] [Times: user=0.02 sys=0.00, real=0.02 secs] 
2012-10-23T17:26:50.750+0100: 341886.733: [GC 341886.733: [DefNew: 19023K->1828K(19136K), 0.0157950 secs] 115568K->98699K(260032K), 0.0162730 secs] [Times: user=0.02 sys=0.00, real=0.01 secs] 
2012-10-23T17:27:01.871+0100: 341897.854: [GC 341897.855: [DefNew: 18852K->1523K(19136K), 0.0148680 secs] 115723K->98640K(260032K), 0.0154570 secs] [Times: user=0.02 sys=0.00, real=0.01 secs] 
2012-10-23T17:27:11.749+0100: 341907.732: [GC 341907.732: [DefNew: 18547K->432K(19136K), 0.0128150 secs] 115664K->97805K(260032K), 0.0132680 secs] [Times: user=0.01 sys=0.00, real=0.01 secs] 
2012-10-23T17:27:21.878+0100: 341917.861: [GC 341917.861: [DefNew: 17456K->2112K(19136K), 0.0151110 secs] 114829K->99487K(260032K), 0.0157520 secs] [Times: user=0.01 sys=0.00, real=0.01 secs] 
2012-10-23T17:27:31.855+0100: 341927.838: [GC 341927.839: [DefNew: 19133K->378K(19136K), 0.0149590 secs] 116509K->98256K(260032K), 0.0155570 secs] [Times: user=0.02 sys=0.00, real=0.02 secs] 
2012-10-23T17:27:43.232+0100: 341939.215: [GC 341939.216: [DefNew: 17402K->1290K(19136K), 0.0142610 secs] 115280K->99168K(260032K), 0.0148650 secs] [Times: user=0.01 sys=0.00, real=0.01 secs] 
2012-10-23T17:27:53.749+0100: 341949.732: [GC 341949.733: [DefNew: 18314K->1785K(19136K), 0.0183240 secs] 116192K->100189K(260032K), 0.0191200 secs] [Times: user=0.01 sys=0.00, real=0.02 secs] 
2012-10-23T17:28:12.025+0100: 341968.009: [GC 341968.009: [DefNew: 18809K->874K(19136K), 0.0129330 secs] 117213K->99518K(260032K), 0.0133960 secs] [Times: user=0.01 sys=0.00, real=0.02 secs] 
2012-10-23T17:28:25.243+0100: 341981.226: [GC 341981.227: [DefNew: 17898K->658K(19136K), 0.0128930 secs] 116542K->99302K(260032K), 0.0134380 secs] [Times: user=0.01 sys=0.00, real=0.01 secs] 
2012-10-23T17:28:37.069+0100: 341993.052: [GC 341993.052: [DefNew: 17682K->1493K(19136K), 0.0193870 secs] 116326K->100137K(260032K), 0.0199730 secs] [Times: user=0.02 sys=0.00, real=0.02 secs] 
2012-10-23T17:28:47.873+0100: 342003.856: [GC 342003.857: [DefNew: 18517K->1647K(19136K), 0.0169680 secs] 117161K->100763K(260032K), 0.0175540 secs] [Times: user=0.02 sys=0.00, real=0.02 secs] 
2012-10-23T17:28:59.749+0100: 342015.732: [GC 342015.733: [DefNew: 18671K->1918K(19136K), 0.0170240 secs] 117787K->101472K(260032K), 0.0176290 secs] [Times: user=0.01 sys=0.00, real=0.01 secs] 
2012-10-23T17:29:11.861+0100: 342027.844: [GC 342027.844: [DefNew: 18942K->880K(19136K), 0.0134090 secs] 118496K->100774K(260032K), 0.0138860 secs] [Times: user=0.01 sys=0.00, real=0.01 secs] 
2012-10-23T17:29:23.207+0100: 342039.190: [GC 342039.190: [DefNew: 17904K->2112K(19136K), 0.0141210 secs] 117798K->102045K(260032K), 0.0146590 secs] [Times: user=0.02 sys=0.00, real=0.02 secs] 
2012-10-23T17:29:32.427+0100: 342048.410: [GC 342048.411: [DefNew: 19136K->981K(19136K), 0.0131660 secs] 119069K->101179K(260032K), 0.0136460 secs] [Times: user=0.01 sys=0.00, real=0.01 secs] 
2012-10-23T17:29:42.947+0100: 342058.930: [GC 342058.930: [DefNew: 18005K->2112K(19136K), 0.0163790 secs] 118203K->102828K(260032K), 0.0169900 secs] [Times: user=0.02 sys=0.00, real=0.02 secs] 
2012-10-23T17:29:53.478+0100: 342069.461: [GC 342069.461: [DefNew: 19136K->1802K(19136K), 0.0174420 secs] 119852K->102929K(260032K), 0.0180210 secs] [Times: user=0.01 sys=0.01, real=0.01 secs] 
2012-10-23T17:30:05.874+0100: 342081.857: [GC 342081.857: [DefNew: 18826K->1333K(19136K), 0.0153620 secs] 119953K->102722K(260032K), 0.0160130 secs] [Times: user=0.03 sys=0.00, real=0.02 secs] 
2012-10-23T17:30:18.213+0100: 342094.196: [GC 342094.199: [DefNew: 18357K->1262K(19136K), 0.0206190 secs] 119746K->102883K(260032K), 0.0212940 secs] [Times: user=0.02 sys=0.00, real=0.02 secs] 
2012-10-23T17:30:27.878+0100: 342103.861: [GC 342103.861: [DefNew: 18286K->1810K(19136K), 0.0164060 secs] 119907K->103700K(260032K), 0.0170960 secs] [Times: user=0.01 sys=0.00, real=0.01 secs] 
2012-10-23T17:30:41.866+0100: 342117.849: [GC 342117.849: [DefNew: 18818K->1221K(19136K), 0.0153540 secs] 120708K->103335K(260032K), 0.0159620 secs] [Times: user=0.02 sys=0.00, real=0.02 secs] 
2012-10-23T17:30:52.235+0100: 342128.218: [GC 342128.218: [DefNew: 18245K->1013K(19136K), 0.0147240 secs] 120359K->103397K(260032K), 0.0154640 secs] [Times: user=0.01 sys=0.00, real=0.02 secs] 
2012-10-23T17:31:07.058+0100: 342143.041: [GC 342143.042: [DefNew: 18022K->1213K(19136K), 0.0145170 secs] 120406K->103597K(260032K), 0.0151240 secs] [Times: user=0.01 sys=0.00, real=0.01 secs] 
2012-10-23T17:31:17.464+0100: 342153.447: [GC 342153.448: [DefNew: 18237K->1925K(19136K), 0.0158710 secs] 120621K->104494K(260032K), 0.0164340 secs] [Times: user=0.01 sys=0.00, real=0.02 secs] 
2012-10-23T17:31:27.972+0100: 342163.955: [GC 342163.955: [DefNew: 18949K->1268K(19136K), 0.0161540 secs] 121518K->104265K(260032K), 0.0166820 secs] [Times: user=0.02 sys=0.00, real=0.02 secs] 
2012-10-23T17:31:39.868+0100: 342175.851: [GC 342175.851: [DefNew: 18292K->1670K(19136K), 0.0154400 secs] 121289K->104863K(260032K), 0.0160550 secs] [Times: user=0.02 sys=0.00, real=0.01 secs] 
2012-10-23T17:31:53.859+0100: 342189.842: [GC 342189.843: [DefNew: 18694K->1104K(19136K), 0.0135230 secs] 121887K->104537K(260032K), 0.0140570 secs] [Times: user=0.01 sys=0.00, real=0.01 secs] 
2012-10-23T17:32:05.863+0100: 342201.846: [GC 342201.847: [DefNew: 18108K->578K(19136K), 0.0126490 secs] 121541K->104268K(260032K), 0.0131640 secs] [Times: user=0.01 sys=0.00, real=0.01 secs] 
2012-10-23T17:32:18.326+0100: 342214.309: [GC 342214.309: [DefNew: 17602K->1227K(19136K), 0.0128100 secs] 121292K->104917K(260032K), 0.0132910 secs] [Times: user=0.02 sys=0.00, real=0.02 secs] 
2012-10-23T17:32:30.944+0100: 342226.927: [GC 342226.927: [DefNew: 18251K->585K(19136K), 0.0137630 secs] 121941K->104499K(260032K), 0.0142430 secs] [Times: user=0.02 sys=0.00, real=0.02 secs] 
2012-10-23T17:32:47.160+0100: 342243.143: [GC 342243.144: [DefNew: 17597K->1270K(19136K), 0.0133340 secs] 121510K->105183K(260032K), 0.0138110 secs] [Times: user=0.01 sys=0.00, real=0.01 secs] 
2012-10-23T17:33:00.377+0100: 342256.361: [GC 342256.361: [DefNew: 18294K->1438K(19136K), 0.0153990 secs] 122207K->105762K(260032K), 0.0158470 secs] [Times: user=0.01 sys=0.01, real=0.01 secs] 
2012-10-23T17:33:12.926+0100: 342268.909: [GC 342268.909: [DefNew: 18462K->2112K(19136K), 0.0171520 secs] 122786K->107048K(260032K), 0.0177220 secs] [Times: user=0.01 sys=0.00, real=0.02 secs] 
2012-10-23T17:33:23.471+0100: 342279.454: [GC 342279.454: [DefNew: 19136K->1829K(19136K), 0.0155220 secs] 124072K->106983K(260032K), 0.0161780 secs] [Times: user=0.01 sys=0.00, real=0.01 secs] 
2012-10-23T17:33:33.878+0100: 342289.861: [GC 342289.861: [DefNew: 18853K->2112K(19136K), 0.0157460 secs] 124007K->107661K(260032K), 0.0165670 secs] [Times: user=0.01 sys=0.00, real=0.01 secs] 
2012-10-23T17:33:43.878+0100: 342299.861: [GC 342299.861: [DefNew: 19136K->1342K(19136K), 0.0137610 secs] 124685K->107041K(260032K), 0.0143170 secs] [Times: user=0.01 sys=0.00, real=0.01 secs] 
2012-10-23T17:33:57.967+0100: 342313.950: [GC 342313.950: [DefNew: 18366K->1237K(19136K), 0.0145760 secs] 124065K->107185K(260032K), 0.0151650 secs] [Times: user=0.01 sys=0.00, real=0.02 secs] 
2012-10-23T17:34:11.762+0100: 342327.745: [GC 342327.745: [DefNew: 18261K->406K(19136K), 0.0125080 secs] 124209K->106581K(260032K), 0.0129700 secs] [Times: user=0.01 sys=0.00, real=0.01 secs] 
2012-10-23T17:34:22.255+0100: 342338.238: [GC 342338.239: [DefNew: 17430K->1197K(19136K), 0.0136500 secs] 123605K->107372K(260032K), 0.0142330 secs] [Times: user=0.02 sys=0.00, real=0.02 secs] 
2012-10-23T17:34:37.069+0100: 342353.052: [GC 342353.053: [DefNew: 18221K->1230K(19136K), 0.0157700 secs] 124396K->107607K(260032K), 0.0163630 secs] [Times: user=0.01 sys=0.00, real=0.01 secs] 
2012-10-23T17:34:52.107+0100: 342368.090: [GC 342368.090: [DefNew: 18254K->1177K(19136K), 0.0140250 secs] 124631K->107773K(260032K), 0.0145850 secs] [Times: user=0.01 sys=0.00, real=0.02 secs] 
2012-10-23T17:35:11.861+0100: 342387.844: [GC 342387.844: [DefNew: 18187K->523K(19136K), 0.0115750 secs] 124783K->107324K(260032K), 0.0119400 secs] [Times: user=0.01 sys=0.00, real=0.01 secs] 
2012-10-23T17:35:31.873+0100: 342407.856: [GC 342407.856: [DefNew: 17547K->1165K(19136K), 0.0110220 secs] 124348K->107966K(260032K), 0.0113520 secs] [Times: user=0.01 sys=0.00, real=0.01 secs] 
2012-10-23T17:35:50.427+0100: 342426.410: [GC 342426.410: [DefNew: 18189K->1574K(19136K), 0.0124230 secs] 124990K->108495K(260032K), 0.0127300 secs] [Times: user=0.01 sys=0.00, real=0.02 secs] 
2012-10-23T17:36:15.862+0100: 342451.845: [GC 342451.845: [DefNew: 18582K->577K(19136K), 0.0100910 secs] 125503K->107775K(260032K), 0.0103550 secs] [Times: user=0.01 sys=0.00, real=0.01 secs] 
2012-10-23T17:36:35.856+0100: 342471.839: [GC 342471.840: [DefNew: 17601K->359K(19136K), 0.0085090 secs] 124799K->107557K(260032K), 0.0088000 secs] [Times: user=0.01 sys=0.00, real=0.01 secs] 
2012-10-23T17:36:47.175+0100: 342483.158: [GC 342483.158: [DefNew: 17383K->2112K(19136K), 0.0140750 secs] 124581K->109622K(260032K), 0.0143970 secs] [Times: user=0.02 sys=0.00, real=0.02 secs] 
2012-10-23T17:36:57.077+0100: 342493.060: [GC 342493.060: [DefNew: 19136K->1046K(19136K), 0.0146100 secs] 126646K->108879K(260032K), 0.0150280 secs] [Times: user=0.01 sys=0.00, real=0.02 secs] 
2012-10-23T17:37:05.883+0100: 342501.866: [GC 342501.866: [DefNew: 18070K->2015K(19136K), 0.0132700 secs] 125903K->109848K(260032K), 0.0137850 secs] [Times: user=0.01 sys=0.00, real=0.01 secs] 
2012-10-23T17:37:15.862+0100: 342511.845: [GC 342511.845: [DefNew: 19039K->346K(19136K), 0.0128070 secs] 126872K->108570K(260032K), 0.0132690 secs] [Times: user=0.01 sys=0.00, real=0.01 secs] 
2012-10-23T17:37:24.940+0100: 342520.923: [GC 342520.924: [DefNew: 17370K->1719K(19136K), 0.0146460 secs] 125594K->109942K(260032K), 0.0152170 secs] [Times: user=0.01 sys=0.00, real=0.01 secs] 
2012-10-23T17:37:33.887+0100: 342529.870: [GC 342529.870: [DefNew: 18743K->1828K(19136K), 0.0167910 secs] 126966K->110469K(260032K), 0.0174450 secs] [Times: user=0.02 sys=0.00, real=0.02 secs] 
2012-10-23T17:37:48.026+0100: 342544.009: [GC 342544.009: [DefNew: 18852K->1583K(19136K), 0.0158120 secs] 127493K->110443K(260032K), 0.0164530 secs] [Times: user=0.02 sys=0.00, real=0.02 secs] 
2012-10-23T17:38:01.885+0100: 342557.868: [GC 342557.869: [DefNew: 18596K->1546K(19136K), 0.0159150 secs] 127456K->110631K(260032K), 0.0166410 secs] [Times: user=0.01 sys=0.00, real=0.02 secs] 
2012-10-23T17:38:09.405+0100: 342565.388: [GC 342565.389: [DefNew: 18570K->1865K(19136K), 0.0164050 secs] 127655K->111220K(260032K), 0.0170380 secs] [Times: user=0.02 sys=0.00, real=0.02 secs] 
2012-10-23T17:38:21.649+0100: 342577.633: [GC 342577.633: [DefNew: 18889K->393K(19136K), 0.0136260 secs] 128244K->109969K(260032K), 0.0141530 secs] [Times: user=0.02 sys=0.00, real=0.01 secs] 
2012-10-23T17:38:33.881+0100: 342589.864: [GC 342589.865: [DefNew: 17417K->1342K(19136K), 0.0133380 secs] 126993K->110918K(260032K), 0.0140790 secs] [Times: user=0.01 sys=0.01, real=0.01 secs] 
2012-10-23T17:38:45.893+0100: 342601.876: [GC 342601.876: [DefNew: 18366K->1596K(19136K), 0.0172280 secs] 127942K->111580K(260032K), 0.0178850 secs] [Times: user=0.02 sys=0.00, real=0.02 secs] 
2012-10-23T17:38:55.258+0100: 342611.241: [GC 342611.241: [DefNew: 18620K->1564K(19136K), 0.0156060 secs] 128604K->111817K(260032K), 0.0161820 secs] [Times: user=0.01 sys=0.00, real=0.01 secs] 
2012-10-23T17:39:05.748+0100: 342621.731: [GC 342621.731: [DefNew: 18588K->367K(19136K), 0.0127030 secs] 128841K->110824K(260032K), 0.0132790 secs] [Times: user=0.01 sys=0.00, real=0.01 secs] 
2012-10-23T17:39:12.069+0100: 342628.052: [GC 342628.052: [DefNew: 17391K->2111K(19136K), 0.0169670 secs] 127848K->112897K(260032K), 0.0177180 secs] [Times: user=0.01 sys=0.00, real=0.01 secs] 
2012-10-23T17:39:22.097+0100: 342638.080: [GC 342638.081: [DefNew: 19133K->1509K(19136K), 0.0246770 secs] 129918K->112668K(260032K), 0.0254930 secs] [Times: user=0.02 sys=0.00, real=0.03 secs] 
2012-10-23T17:39:33.890+0100: 342649.873: [GC 342649.874: [DefNew: 18533K->1334K(19136K), 0.0153890 secs] 129692K->112710K(260032K), 0.0160400 secs] [Times: user=0.01 sys=0.00, real=0.01 secs] 
2012-10-23T17:39:49.840+0100: 342665.823: [GC 342665.823: [DefNew: 18358K->1182K(19136K), 0.0152610 secs] 129734K->112825K(260032K), 0.0158490 secs] [Times: user=0.01 sys=0.00, real=0.01 secs] 
2012-10-23T17:40:08.276+0100: 342684.259: [GC 342684.259: [DefNew: 18206K->1697K(19136K), 0.0137690 secs] 129849K->113535K(260032K), 0.0142420 secs] [Times: user=0.02 sys=0.00, real=0.02 secs] 
2012-10-23T17:40:25.883+0100: 342701.866: [GC 342701.866: [DefNew: 18721K->990K(19136K), 0.0124920 secs] 130559K->112957K(260032K), 0.0129540 secs] [Times: user=0.01 sys=0.00, real=0.01 secs] 
2012-10-23T17:40:36.091+0100: 342712.074: [GC 342712.075: [DefNew: 18014K->2017K(19136K), 0.0204560 secs] 129981K->113985K(260032K), 0.0208530 secs] [Times: user=0.01 sys=0.00, real=0.02 secs] 
2012-10-23T17:40:48.669+0100: 342724.652: [GC 342724.652: [DefNew: 19041K->1915K(19136K), 0.0242480 secs] 131009K->114372K(260032K), 0.0247190 secs] [Times: user=0.01 sys=0.00, real=0.02 secs] 
2012-10-23T17:40:59.880+0100: 342735.863: [GC 342735.863: [DefNew: 18939K->1030K(19136K), 0.0227670 secs] 131396K->113760K(260032K), 0.0233140 secs] [Times: user=0.01 sys=0.00, real=0.02 secs] 
2012-10-23T17:41:07.550+0100: 342743.533: [GC 342743.534: [DefNew: 18054K->1080K(19136K), 0.0202880 secs] 130784K->113810K(260032K), 0.0208230 secs] [Times: user=0.01 sys=0.00, real=0.02 secs] 
2012-10-23T17:41:15.896+0100: 342751.879: [GC 342751.879: [DefNew: 18104K->1291K(19136K), 0.0162440 secs] 130834K->114221K(260032K), 0.0207120 secs] [Times: user=0.01 sys=0.00, real=0.02 secs] 
2012-10-23T17:41:25.884+0100: 342761.867: [GC 342761.868: [DefNew: 18315K->1178K(19136K), 0.0113140 secs] 131245K->114423K(260032K), 0.0118310 secs] [Times: user=0.00 sys=0.00, real=0.01 secs] 
2012-10-23T17:41:37.889+0100: 342773.872: [GC 342773.872: [DefNew: 18193K->1223K(19136K), 0.0143980 secs] 131437K->114648K(260032K), 0.0150430 secs] [Times: user=0.01 sys=0.01, real=0.01 secs] 
2012-10-23T17:41:51.645+0100: 342787.628: [GC 342787.628: [DefNew: 18247K->431K(19136K), 0.0134590 secs] 131672K->114108K(260032K), 0.0139650 secs] [Times: user=0.02 sys=0.00, real=0.02 secs] 
2012-10-23T17:42:06.326+0100: 342802.309: [GC 342802.310: [DefNew: 17455K->1270K(19136K), 0.0103620 secs] 131132K->114948K(260032K), 0.0109000 secs] [Times: user=0.02 sys=0.00, real=0.02 secs] 
2012-10-23T17:42:21.774+0100: 342817.757: [GC 342817.757: [DefNew: 18294K->2111K(19136K), 0.0172890 secs] 131972K->116215K(260032K), 0.0178660 secs] [Times: user=0.02 sys=0.00, real=0.02 secs] 
2012-10-23T17:42:35.662+0100: 342831.645: [GC 342831.645: [DefNew: 19135K->941K(19136K), 0.0148140 secs] 133239K->115471K(260032K), 0.0153110 secs] [Times: user=0.01 sys=0.00, real=0.01 secs] 
2012-10-23T17:42:48.360+0100: 342844.343: [GC 342844.344: [DefNew: 17965K->1403K(19136K), 0.0132840 secs] 132495K->115934K(260032K), 0.0140540 secs] [Times: user=0.01 sys=0.00, real=0.01 secs] 
2012-10-23T17:42:59.645+0100: 342855.628: [GC 342855.629: [DefNew: 18426K->2068K(19136K), 0.0119420 secs] 132956K->117031K(260032K), 0.0125140 secs] [Times: user=0.02 sys=0.00, real=0.02 secs] 
2012-10-23T17:43:11.432+0100: 342867.415: [GC 342867.416: [DefNew: 19092K->2021K(19136K), 0.0135470 secs] 134055K->117143K(260032K), 0.0140470 secs] [Times: user=0.02 sys=0.00, real=0.01 secs] 
2012-10-23T17:43:27.632+0100: 342883.615: [GC 342883.615: [DefNew: 19045K->1076K(19136K), 0.0128620 secs] 134167K->116383K(260032K), 0.0133860 secs] [Times: user=0.02 sys=0.00, real=0.01 secs] 
2012-10-23T17:43:43.759+0100: 342899.742: [GC 342899.742: [DefNew: 18100K->2111K(19136K), 0.0107980 secs] 133407K->117655K(260032K), 0.0112710 secs] [Times: user=0.02 sys=0.00, real=0.01 secs] 
2012-10-23T17:43:57.204+0100: 342913.187: [GC 342913.187: [DefNew: 19135K->2085K(19136K), 0.0136920 secs] 134679K->117819K(260032K), 0.0141530 secs] [Times: user=0.01 sys=0.00, real=0.02 secs] 
2012-10-23T17:44:05.634+0100: 342921.617: [GC 342921.617: [DefNew: 19109K->1222K(19136K), 0.0119930 secs] 134843K->117091K(260032K), 0.0123940 secs] [Times: user=0.01 sys=0.00, real=0.01 secs] 
2012-10-23T17:44:17.092+0100: 342933.075: [GC 342933.075: [DefNew: 18245K->836K(19136K), 0.0093050 secs] 134114K->116884K(260032K), 0.0098020 secs] [Times: user=0.01 sys=0.00, real=0.01 secs] 
2012-10-23T17:44:31.639+0100: 342947.622: [GC 342947.622: [DefNew: 17857K->1547K(19136K), 0.0207510 secs] 133906K->117596K(260032K), 0.0225590 secs] [Times: user=0.01 sys=0.00, real=0.02 secs] 
2012-10-23T17:44:41.629+0100: 342957.612: [GC 342957.612: [DefNew: 18549K->1257K(19136K), 0.0151320 secs] 134597K->117753K(260032K), 0.0156650 secs] [Times: user=0.00 sys=0.01, real=0.01 secs] 
2012-10-23T17:44:52.063+0100: 342968.046: [GC 342968.047: [DefNew: 18281K->915K(19136K), 0.0134560 secs] 134777K->117593K(260032K), 0.0140500 secs] [Times: user=0.02 sys=0.00, real=0.02 secs] 
2012-10-23T17:45:02.756+0100: 342978.739: [GC 342978.740: [DefNew: 17939K->1404K(19136K), 0.0143850 secs] 134617K->118081K(260032K), 0.0149530 secs] [Times: user=0.02 sys=0.00, real=0.02 secs] 
2012-10-23T17:45:19.634+0100: 342995.617: [GC 342995.618: [DefNew: 18428K->1175K(19136K), 0.0152730 secs] 135105K->118329K(260032K), 0.0157690 secs] [Times: user=0.02 sys=0.00, real=0.02 secs] 
2012-10-23T17:45:35.740+0100: 343011.723: [GC 343011.723: [DefNew: 18190K->599K(19136K), 0.0114730 secs] 135344K->117914K(260032K), 0.0119030 secs] [Times: user=0.01 sys=0.00, real=0.01 secs] 
2012-10-23T17:45:49.622+0100: 343025.605: [GC 343025.606: [DefNew: 17623K->1302K(19136K), 0.0123340 secs] 134938K->118617K(260032K), 0.0127840 secs] [Times: user=0.01 sys=0.00, real=0.01 secs] 
2012-10-23T17:46:05.756+0100: 343041.739: [GC 343041.740: [DefNew: 18326K->1073K(19136K), 0.0132220 secs] 135641K->118794K(260032K), 0.0135850 secs] [Times: user=0.01 sys=0.00, real=0.02 secs] 
2012-10-23T17:46:20.455+0100: 343056.438: [GC 343056.439: [DefNew: 18097K->1688K(19136K), 0.0138480 secs] 135818K->119519K(260032K), 0.0143120 secs] [Times: user=0.01 sys=0.00, real=0.02 secs] 
2012-10-23T17:46:45.625+0100: 343081.608: [GC 343081.609: [DefNew: 18712K->596K(19136K), 0.0103590 secs] 136543K->118705K(260032K), 0.0107340 secs] [Times: user=0.01 sys=0.00, real=0.01 secs] 
2012-10-23T17:47:02.466+0100: 343098.449: [GC 343098.450: [DefNew: 17620K->1513K(19136K), 0.0109950 secs] 135729K->119621K(260032K), 0.0113050 secs] [Times: user=0.01 sys=0.00, real=0.02 secs] 
2012-10-23T17:47:21.646+0100: 343117.629: [GC 343117.629: [DefNew: 18537K->1376K(19136K), 0.0107760 secs] 136645K->119667K(260032K), 0.0110200 secs] [Times: user=0.01 sys=0.00, real=0.01 secs] 
2012-10-23T17:47:42.353+0100: 343138.336: [GC 343138.336: [DefNew: 18400K->2056K(19136K), 0.0120810 secs] 136691K->120458K(260032K), 0.0124930 secs] [Times: user=0.02 sys=0.00, real=0.01 secs] 
2012-10-23T17:47:57.638+0100: 343153.621: [GC 343153.622: [DefNew: 19080K->1035K(19136K), 0.0107620 secs] 137482K->119547K(260032K), 0.0111500 secs] [Times: user=0.01 sys=0.00, real=0.01 secs] 
2012-10-23T17:48:18.299+0100: 343174.282: [GC 343174.282: [DefNew: 18059K->1899K(19136K), 0.0164560 secs] 136571K->120411K(260032K), 0.0168270 secs] [Times: user=0.01 sys=0.00, real=0.01 secs] 
2012-10-23T17:48:32.764+0100: 343188.747: [GC 343188.747: [DefNew: 18923K->1204K(19136K), 0.0136660 secs] 137435K->120068K(260032K), 0.0140540 secs] [Times: user=0.01 sys=0.00, real=0.02 secs] 
2012-10-23T17:48:43.347+0100: 343199.330: [GC 343199.330: [DefNew: 18228K->2111K(19136K), 0.0161860 secs] 137092K->121387K(260032K), 0.0167000 secs] [Times: user=0.02 sys=0.00, real=0.02 secs] 
2012-10-23T17:48:57.625+0100: 343213.608: [GC 343213.608: [DefNew: 19130K->830K(19136K), 0.0110700 secs] 138405K->120256K(260032K), 0.0114330 secs] [Times: user=0.00 sys=0.00, real=0.01 secs] 
2012-10-23T17:49:11.650+0100: 343227.633: [GC 343227.634: [DefNew: 17854K->703K(19136K), 0.0112340 secs] 137280K->120128K(260032K), 0.0116790 secs] [Times: user=0.01 sys=0.00, real=0.01 secs] 
2012-10-23T17:49:29.632+0100: 343245.615: [GC 343245.616: [DefNew: 17726K->1451K(19136K), 0.0121300 secs] 137152K->120877K(260032K), 0.0125300 secs] [Times: user=0.01 sys=0.00, real=0.01 secs] 
2012-10-23T17:49:45.629+0100: 343261.612: [GC 343261.613: [DefNew: 18475K->351K(19136K), 0.0123710 secs] 137901K->120205K(260032K), 0.0127460 secs] [Times: user=0.01 sys=0.00, real=0.01 secs] 
2012-10-23T17:50:07.637+0100: 343283.620: [GC 343283.620: [DefNew: 17361K->1011K(19136K), 0.0095060 secs] 137215K->120865K(260032K), 0.0098190 secs] [Times: user=0.01 sys=0.01, real=0.01 secs] 
2012-10-23T17:50:19.650+0100: 343295.633: [GC 343295.633: [DefNew: 18033K->1954K(19136K), 0.0121450 secs] 137888K->121809K(260032K), 0.0124730 secs] [Times: user=0.01 sys=0.00, real=0.01 secs] 
2012-10-23T17:50:35.672+0100: 343311.655: [GC 343311.655: [DefNew: 18978K->1422K(19136K), 0.0136670 secs] 138833K->121675K(260032K), 0.0140540 secs] [Times: user=0.02 sys=0.00, real=0.01 secs] 
2012-10-23T17:50:45.037+0100: 343321.020: [GC 343321.021: [DefNew: 18446K->2112K(19136K), 0.0100760 secs] 138699K->122733K(260032K), 0.0104610 secs] [Times: user=0.01 sys=0.00, real=0.01 secs] 
2012-10-23T17:51:07.063+0100: 343343.046: [GC 343343.046: [DefNew: 19116K->1495K(19136K), 0.0154110 secs] 139738K->122320K(260032K), 0.0159000 secs] [Times: user=0.02 sys=0.00, real=0.02 secs] 
2012-10-23T17:51:23.647+0100: 343359.630: [GC 343359.631: [DefNew: 18519K->1163K(19136K), 0.0123280 secs] 139344K->122142K(260032K), 0.0126820 secs] [Times: user=0.01 sys=0.00, real=0.01 secs] 
2012-10-23T17:51:43.861+0100: 343379.844: [GC 343379.844: [DefNew: 18187K->1790K(19136K), 0.0121170 secs] 139166K->122952K(260032K), 0.0124280 secs] [Times: user=0.01 sys=0.00, real=0.01 secs] 
2012-10-23T17:52:02.726+0100: 343398.709: [GC 343398.709: [DefNew: 18814K->949K(19136K), 0.0101270 secs] 139976K->122236K(260032K), 0.0104440 secs] [Times: user=0.01 sys=0.00, real=0.01 secs] 
2012-10-23T17:52:19.534+0100: 343415.517: [GC 343415.517: [DefNew: 17973K->1335K(19136K), 0.0112260 secs] 139260K->122621K(260032K), 0.0115610 secs] [Times: user=0.01 sys=0.00, real=0.01 secs] 
2012-10-23T17:52:35.644+0100: 343431.627: [GC 343431.627: [DefNew: 18359K->789K(19136K), 0.0121520 secs] 139645K->122375K(260032K), 0.0125820 secs] [Times: user=0.01 sys=0.00, real=0.01 secs] 
2012-10-23T17:52:53.125+0100: 343449.108: [GC 343449.109: [DefNew: 17813K->1893K(19136K), 0.0118610 secs] 139399K->123479K(260032K), 0.0122120 secs] [Times: user=0.02 sys=0.00, real=0.02 secs] 
2012-10-23T17:53:05.748+0100: 343461.731: [GC 343461.731: [DefNew: 18917K->2058K(19136K), 0.0147680 secs] 140503K->124000K(260032K), 0.0152240 secs] [Times: user=0.02 sys=0.00, real=0.01 secs] 
2012-10-23T17:53:15.633+0100: 343471.616: [GC 343471.617: [DefNew: 19069K->707K(19136K), 0.0112150 secs] 141011K->122804K(260032K), 0.0117140 secs] [Times: user=0.01 sys=0.00, real=0.01 secs] 
2012-10-23T17:53:29.657+0100: 343485.640: [GC 343485.641: [DefNew: 17722K->1505K(19136K), 0.0126000 secs] 139818K->123601K(260032K), 0.0131280 secs] [Times: user=0.00 sys=0.01, real=0.01 secs] 
2012-10-23T17:53:50.076+0100: 343506.059: [GC 343506.059: [DefNew: 18529K->1943K(19136K), 0.0146000 secs] 140625K->124431K(260032K), 0.0150050 secs] [Times: user=0.02 sys=0.00, real=0.02 secs] 
2012-10-23T17:54:02.457+0100: 343518.440: [GC 343518.441: [DefNew: 18967K->2111K(19136K), 0.0157210 secs] 141455K->125051K(260032K), 0.0162370 secs] [Times: user=0.00 sys=0.01, real=0.01 secs] 
2012-10-23T17:54:15.058+0100: 343531.041: [GC 343531.041: [DefNew: 19135K->514K(19136K), 0.0116420 secs] 142075K->123669K(260032K), 0.0120170 secs] [Times: user=0.01 sys=0.00, real=0.01 secs] 
2012-10-23T17:54:35.646+0100: 343551.629: [GC 343551.629: [DefNew: 17538K->1028K(19136K), 0.0109320 secs] 140693K->124183K(260032K), 0.0113350 secs] [Times: user=0.01 sys=0.00, real=0.02 secs] 
2012-10-23T17:54:52.922+0100: 343568.905: [GC 343568.905: [DefNew: 18052K->2040K(19136K), 0.0137990 secs] 141207K->125195K(260032K), 0.0142240 secs] [Times: user=0.01 sys=0.00, real=0.01 secs] 
2012-10-23T17:55:08.292+0100: 343584.275: [GC 343584.275: [DefNew: 19064K->2112K(19136K), 0.0168250 secs] 142219K->125905K(260032K), 0.0172800 secs] [Times: user=0.01 sys=0.00, real=0.02 secs] 
2012-10-23T17:55:19.879+0100: 343595.862: [GC 343595.863: [DefNew: 19133K->1287K(19136K), 0.0114650 secs] 142926K->125168K(260032K), 0.0118550 secs] [Times: user=0.01 sys=0.00, real=0.01 secs] 
2012-10-23T17:55:30.628+0100: 343606.611: [GC 343606.611: [DefNew: 18311K->1175K(19136K), 0.0128380 secs] 142192K->125286K(260032K), 0.0132650 secs] [Times: user=0.01 sys=0.00, real=0.01 secs] 
2012-10-23T17:55:41.639+0100: 343617.622: [GC 343617.622: [DefNew: 18199K->753K(19136K), 0.0123100 secs] 142310K->125089K(260032K), 0.0127800 secs] [Times: user=0.01 sys=0.00, real=0.01 secs] 
2012-10-23T17:55:51.692+0100: 343627.675: [GC 343627.676: [DefNew: 17765K->1761K(19136K), 0.0145180 secs] 142101K->126097K(260032K), 0.0151890 secs] [Times: user=0.01 sys=0.00, real=0.02 secs] 
2012-10-23T17:56:02.524+0100: 343638.507: [GC 343638.508: [DefNew: 18785K->931K(19136K), 0.0154640 secs] 143121K->125707K(260032K), 0.0160400 secs] [Times: user=0.02 sys=0.00, real=0.02 secs] 
2012-10-23T17:56:25.239+0100: 343661.222: [GC 343661.223: [DefNew: 17955K->1040K(19136K), 0.0080910 secs] 142731K->125816K(260032K), 0.0085480 secs] [Times: user=0.01 sys=0.00, real=0.01 secs] 
2012-10-23T17:56:37.648+0100: 343673.631: [GC 343673.631: [DefNew: 18064K->1413K(19136K), 0.0133260 secs] 142840K->126189K(260032K), 0.0138040 secs] [Times: user=0.02 sys=0.00, real=0.01 secs] 
2012-10-23T17:56:57.648+0100: 343693.631: [GC 343693.631: [DefNew: 18436K->840K(19136K), 0.0133150 secs] 143213K->126113K(260032K), 0.0137020 secs] [Times: user=0.02 sys=0.00, real=0.01 secs] 
2012-10-23T17:57:21.635+0100: 343717.618: [GC 343717.618: [DefNew: 17863K->600K(19136K), 0.0090180 secs] 143136K->125873K(260032K), 0.0093110 secs] [Times: user=0.01 sys=0.00, real=0.01 secs] 
2012-10-23T17:57:43.356+0100: 343739.339: [GC 343739.340: [DefNew: 17624K->1128K(19136K), 0.0120270 secs] 142897K->126401K(260032K), 0.0122740 secs] [Times: user=0.01 sys=0.00, real=0.02 secs] 
2012-10-23T17:57:57.653+0100: 343753.636: [GC 343753.636: [DefNew: 18152K->1107K(19136K), 0.0108150 secs] 143425K->126478K(260032K), 0.0110910 secs] [Times: user=0.00 sys=0.00, real=0.01 secs] 
2012-10-23T17:58:20.774+0100: 343776.757: [GC 343776.757: [DefNew: 18131K->1318K(19136K), 0.0112220 secs] 143502K->126825K(260032K), 0.0114940 secs] [Times: user=0.01 sys=0.00, real=0.01 secs] 
2012-10-23T17:58:35.791+0100: 343791.774: [GC 343791.774: [DefNew: 18342K->2111K(19136K), 0.0147030 secs] 143849K->127930K(260032K), 0.0151390 secs] [Times: user=0.01 sys=0.00, real=0.01 secs] 
2012-10-23T17:58:45.359+0100: 343801.342: [GC 343801.342: [DefNew: 19135K->2112K(19136K), 0.0144800 secs] 144954K->128223K(260032K), 0.0148950 secs] [Times: user=0.01 sys=0.00, real=0.01 secs] 
2012-10-23T17:58:54.352+0100: 343810.335: [GC 343810.336: [DefNew: 19136K->1275K(19136K), 0.0200850 secs] 145247K->127563K(260032K), 0.0205500 secs] [Times: user=0.01 sys=0.00, real=0.02 secs] 
2012-10-23T17:59:05.660+0100: 343821.643: [GC 343821.644: [DefNew: 18299K->1462K(19136K), 0.0129400 secs] 144587K->127947K(260032K), 0.0135430 secs] [Times: user=0.02 sys=0.00, real=0.01 secs] 
2012-10-23T17:59:23.758+0100: 343839.741: [GC 343839.741: [DefNew: 18486K->1021K(19136K), 0.0130990 secs] 144971K->127721K(260032K), 0.0135040 secs] [Times: user=0.01 sys=0.00, real=0.01 secs] 
2012-10-23T17:59:35.660+0100: 343851.643: [GC 343851.643: [DefNew: 18040K->1553K(19136K), 0.0134410 secs] 144740K->128254K(260032K), 0.0140120 secs] [Times: user=0.02 sys=0.00, real=0.01 secs] 
2012-10-23T17:59:51.064+0100: 343867.047: [GC 343867.047: [DefNew: 18577K->1425K(19136K), 0.0149520 secs] 145278K->128486K(260032K), 0.0153810 secs] [Times: user=0.02 sys=0.00, real=0.02 secs] 
2012-10-23T18:00:05.644+0100: 343881.627: [GC 343881.627: [DefNew: 18436K->414K(19136K), 0.0104410 secs] 145496K->127643K(260032K), 0.0108030 secs] [Times: user=0.01 sys=0.00, real=0.01 secs] 
2012-10-23T18:00:18.345+0100: 343894.328: [GC 343894.328: [DefNew: 17438K->1191K(19136K), 0.0121390 secs] 144667K->128420K(260032K), 0.0126200 secs] [Times: user=0.02 sys=0.00, real=0.02 secs] 
2012-10-23T18:00:31.659+0100: 343907.642: [GC 343907.642: [DefNew: 18215K->750K(19136K), 0.0132070 secs] 145444K->128338K(260032K), 0.0136940 secs] [Times: user=0.02 sys=0.00, real=0.01 secs] 
2012-10-23T18:00:43.659+0100: 343919.642: [GC 343919.643: [DefNew: 17774K->1919K(19136K), 0.0133100 secs] 145362K->129507K(260032K), 0.0139210 secs] [Times: user=0.01 sys=0.00, real=0.01 secs] 
2012-10-23T18:00:53.663+0100: 343929.646: [GC 343929.646: [DefNew: 18943K->2112K(19136K), 0.0166350 secs] 146531K->130136K(260032K), 0.0171890 secs] [Times: user=0.02 sys=0.00, real=0.02 secs] 
2012-10-23T18:01:02.490+0100: 343938.473: [GC 343938.473: [DefNew: 19136K->1711K(19136K), 0.0148170 secs] 147160K->129927K(260032K), 0.0153580 secs] [Times: user=0.01 sys=0.00, real=0.01 secs] 
2012-10-23T18:01:19.643+0100: 343955.626: [GC 343955.626: [DefNew: 18735K->960K(19136K), 0.0126480 secs] 146951K->129401K(260032K), 0.0130600 secs] [Times: user=0.01 sys=0.00, real=0.01 secs] 
2012-10-23T18:01:35.646+0100: 343971.629: [GC 343971.629: [DefNew: 17984K->546K(19136K), 0.0105660 secs] 146425K->128986K(260032K), 0.0109890 secs] [Times: user=0.01 sys=0.00, real=0.01 secs] 
2012-10-23T18:01:46.538+0100: 343982.521: [GC 343982.521: [DefNew: 17570K->1966K(19136K), 0.0143150 secs] 146010K->130407K(260032K), 0.0148070 secs] [Times: user=0.02 sys=0.00, real=0.01 secs] 
2012-10-23T18:01:57.660+0100: 343993.643: [GC 343993.644: [DefNew: 18990K->1849K(19136K), 0.0188230 secs] 147431K->130795K(260032K), 0.0195360 secs] [Times: user=0.02 sys=0.00, real=0.02 secs] 
2012-10-23T18:02:11.735+0100: 344007.718: [GC 344007.718: [DefNew: 18873K->914K(19136K), 0.0098710 secs] 147819K->130123K(260032K), 0.0103290 secs] [Times: user=0.01 sys=0.00, real=0.01 secs] 
2012-10-23T18:02:24.348+0100: 344020.331: [GC 344020.331: [DefNew: 17938K->2013K(19136K), 0.0117660 secs] 147147K->131222K(260032K), 0.0123610 secs] [Times: user=0.01 sys=0.00, real=0.01 secs] 
2012-10-23T18:02:37.288+0100: 344033.271: [GC 344033.272: [DefNew: 19037K->1639K(19136K), 0.0185660 secs] 148246K->131278K(260032K), 0.0192140 secs] [Times: user=0.02 sys=0.00, real=0.02 secs] 
2012-10-23T18:02:48.212+0100: 344044.195: [GC 344044.195: [DefNew: 18663K->1819K(19136K), 0.0169390 secs] 148302K->131714K(260032K), 0.0175430 secs] [Times: user=0.01 sys=0.00, real=0.02 secs] 
2012-10-23T18:02:56.351+0100: 344052.334: [GC 344052.335: [DefNew: 18843K->1324K(19136K), 0.0157970 secs] 148738K->131520K(260032K), 0.0164570 secs] [Times: user=0.02 sys=0.00, real=0.02 secs] 
2012-10-23T18:03:05.657+0100: 344061.640: [GC 344061.640: [DefNew: 18348K->1467K(19136K), 0.0154940 secs] 148544K->131844K(260032K), 0.0160930 secs] [Times: user=0.02 sys=0.00, real=0.02 secs] 
2012-10-23T18:03:16.863+0100: 344072.846: [GC 344072.846: [DefNew: 18491K->1078K(19136K), 0.0154950 secs] 148868K->131637K(260032K), 0.0160970 secs] [Times: user=0.01 sys=0.00, real=0.02 secs] 
2012-10-23T18:03:31.567+0100: 344087.550: [GC 344087.550: [DefNew: 18102K->463K(19136K), 0.0146750 secs] 148661K->131279K(260032K), 0.0151970 secs] [Times: user=0.02 sys=0.00, real=0.02 secs] 
2012-10-23T18:03:47.662+0100: 344103.645: [GC 344103.645: [DefNew: 17487K->1142K(19136K), 0.0121310 secs] 148303K->131959K(260032K), 0.0125780 secs] [Times: user=0.01 sys=0.00, real=0.01 secs] 
2012-10-23T18:04:01.652+0100: 344117.635: [GC 344117.635: [DefNew: 18166K->1077K(19136K), 0.0144100 secs] 148983K->132119K(260032K), 0.0148600 secs] [Times: user=0.01 sys=0.01, real=0.01 secs] 
2012-10-23T18:04:11.664+0100: 344127.647: [GC 344127.648: [DefNew: 18101K->1718K(19136K), 0.0141830 secs] 149143K->132873K(260032K), 0.0146990 secs] [Times: user=0.02 sys=0.00, real=0.02 secs] 
2012-10-23T18:04:32.268+0100: 344148.251: [GC 344148.251: [DefNew: 18735K->441K(19136K), 0.0125360 secs] 149890K->131957K(260032K), 0.0128640 secs] [Times: user=0.01 sys=0.00, real=0.01 secs] 
2012-10-23T18:04:43.677+0100: 344159.660: [GC 344159.660: [DefNew: 17465K->1777K(19136K), 0.0123190 secs] 148981K->133293K(260032K), 0.0127670 secs] [Times: user=0.01 sys=0.00, real=0.02 secs] 
2012-10-23T18:04:55.542+0100: 344171.525: [GC 344171.526: [DefNew: 18801K->348K(19136K), 0.0204490 secs] 150317K->132093K(260032K), 0.0209820 secs] [Times: user=0.01 sys=0.00, real=0.02 secs] 
2012-10-23T18:05:03.925+0100: 344179.908: [GC 344179.909: [DefNew: 17372K->1254K(19136K), 0.0113950 secs] 149117K->132999K(260032K), 0.0118330 secs] [Times: user=0.01 sys=0.00, real=0.02 secs] 
2012-10-23T18:05:13.663+0100: 344189.646: [GC 344189.647: [DefNew: 18278K->1386K(19136K), 0.0158890 secs] 150023K->133490K(260032K), 0.0163870 secs] [Times: user=0.02 sys=0.00, real=0.02 secs] 
2012-10-23T18:05:27.288+0100: 344203.271: [GC 344203.272: [DefNew: 18410K->1079K(19136K), 0.0159470 secs] 150514K->133408K(260032K), 0.0165120 secs] [Times: user=0.01 sys=0.00, real=0.01 secs] 
2012-10-23T18:05:43.893+0100: 344219.876: [GC 344219.876: [DefNew: 18103K->1754K(19136K), 0.0149060 secs] 150432K->134307K(260032K), 0.0154150 secs] [Times: user=0.01 sys=0.00, real=0.02 secs] 
2012-10-23T18:05:43.910+0100: 344219.893: [GC [1 CMS-initial-mark: 132552K(240896K)] 134351K(260032K), 0.0091240 secs] [Times: user=0.01 sys=0.00, real=0.01 secs] 
2012-10-23T18:05:43.920+0100: 344219.903: [CMS-concurrent-mark-start]
2012-10-23T18:05:44.066+0100: 344220.049: [CMS-concurrent-mark: 0.146/0.146 secs] [Times: user=0.14 sys=0.00, real=0.14 secs] 
2012-10-23T18:05:44.066+0100: 344220.049: [CMS-concurrent-preclean-start]
2012-10-23T18:05:44.072+0100: 344220.055: [CMS-concurrent-preclean: 0.005/0.006 secs] [Times: user=0.01 sys=0.00, real=0.01 secs] 
2012-10-23T18:05:44.073+0100: 344220.055: [GC[YG occupancy: 2673 K (19136 K)]344220.056: [Rescan (non-parallel) 344220.056: [grey object rescan, 0.0013770 secs]344220.057: [root rescan, 0.0118280 secs], 0.0132630 secs]344220.069: [weak refs processing, 0.0876240 secs] [1 CMS-remark: 132552K(240896K)] 135226K(260032K), 0.1033980 secs] [Times: user=0.10 sys=0.00, real=0.10 secs] 
2012-10-23T18:05:44.180+0100: 344220.163: [CMS-concurrent-sweep-start]
2012-10-23T18:05:44.453+0100: 344220.436: [CMS-concurrent-sweep: 0.273/0.273 secs] [Times: user=0.28 sys=0.00, real=0.27 secs] 
2012-10-23T18:05:44.453+0100: 344220.436: [CMS-concurrent-reset-start]
2012-10-23T18:05:44.454+0100: 344220.437: [CMS-concurrent-reset: 0.001/0.001 secs] [Times: user=0.00 sys=0.00, real=0.00 secs] 
2012-10-23T18:05:53.399+0100: 344229.383: [GC 344229.383: [DefNew: 18778K->2112K(19136K), 0.0511470 secs] 63265K->47136K(260032K), 0.0517920 secs] [Times: user=0.05 sys=0.00, real=0.05 secs] 
2012-10-23T18:06:03.925+0100: 344239.908: [GC 344239.908: [DefNew: 19136K->1507K(19136K), 0.0326110 secs] 64160K->47932K(260032K), 0.0333420 secs] [Times: user=0.04 sys=0.00, real=0.04 secs] 
2012-10-23T18:06:17.426+0100: 344253.409: [GC 344253.409: [DefNew: 18531K->1171K(19136K), 0.0139750 secs] 64956K->47820K(260032K), 0.0145180 secs] [Times: user=0.02 sys=0.00, real=0.02 secs] 
2012-10-23T18:06:29.911+0100: 344265.894: [GC 344265.894: [DefNew: 18172K->1613K(19136K), 0.0150500 secs] 64821K->48532K(260032K), 0.0156450 secs] [Times: user=0.01 sys=0.01, real=0.01 secs] 
2012-10-23T18:06:41.899+0100: 344277.882: [GC 344277.882: [DefNew: 18637K->803K(19136K), 0.0138200 secs] 65556K->47947K(260032K), 0.0143640 secs] [Times: user=0.02 sys=0.00, real=0.01 secs] 
2012-10-23T18:06:51.913+0100: 344287.896: [GC 344287.896: [DefNew: 17827K->2111K(19136K), 0.0161450 secs] 64971K->49454K(260032K), 0.0167610 secs] [Times: user=0.02 sys=0.00, real=0.02 secs] 
2012-10-23T18:07:01.908+0100: 344297.891: [GC 344297.891: [DefNew: 19135K->1939K(19136K), 0.0120990 secs] 66478K->49634K(260032K), 0.0126720 secs] [Times: user=0.01 sys=0.00, real=0.01 secs] 
2012-10-23T18:07:11.906+0100: 344307.889: [GC 344307.890: [DefNew: 18963K->1861K(19136K), 0.0116810 secs] 66658K->49737K(260032K), 0.0122940 secs] [Times: user=0.01 sys=0.00, real=0.02 secs] 
2012-10-23T18:07:25.896+0100: 344321.879: [GC 344321.879: [DefNew: 18868K->1157K(19136K), 0.0132490 secs] 66745K->49214K(260032K), 0.0137640 secs] [Times: user=0.01 sys=0.00, real=0.02 secs] 
2012-10-23T18:07:38.488+0100: 344334.471: [GC 344334.471: [DefNew: 18181K->1271K(19136K), 0.0137940 secs] 66238K->49509K(260032K), 0.0143820 secs] [Times: user=0.01 sys=0.00, real=0.01 secs] 
2012-10-23T18:07:51.915+0100: 344347.898: [GC 344347.899: [DefNew: 18295K->1555K(19136K), 0.0141170 secs] 66533K->50017K(260032K), 0.0146130 secs] [Times: user=0.03 sys=0.00, real=0.02 secs] 
2012-10-23T18:08:03.904+0100: 344359.887: [GC 344359.888: [DefNew: 18579K->1516K(19136K), 0.0144280 secs] 67041K->50159K(260032K), 0.0149600 secs] [Times: user=0.02 sys=0.00, real=0.02 secs] 
2012-10-23T18:08:13.906+0100: 344369.889: [GC 344369.890: [DefNew: 18513K->1513K(19136K), 0.0152060 secs] 67156K->50424K(260032K), 0.0157850 secs] [Times: user=0.02 sys=0.00, real=0.02 secs] 
2012-10-23T18:08:28.524+0100: 344384.507: [GC 344384.508: [DefNew: 18537K->1166K(19136K), 0.0174970 secs] 67448K->50301K(260032K), 0.0183520 secs] [Times: user=0.02 sys=0.00, real=0.02 secs] 
2012-10-23T18:08:42.292+0100: 344398.275: [GC 344398.275: [DefNew: 18190K->979K(19136K), 0.0204430 secs] 67325K->50382K(260032K), 0.0240050 secs] [Times: user=0.01 sys=0.00, real=0.02 secs] 
2012-10-23T18:08:52.221+0100: 344408.204: [GC 344408.204: [DefNew: 18003K->1761K(19136K), 0.0139300 secs] 67406K->51165K(260032K), 0.0144730 secs] [Times: user=0.02 sys=0.00, real=0.01 secs] 
2012-10-23T18:09:01.918+0100: 344417.901: [GC 344417.901: [DefNew: 18785K->2102K(19136K), 0.0171120 secs] 68189K->51864K(260032K), 0.0177570 secs] [Times: user=0.01 sys=0.00, real=0.01 secs] 
2012-10-23T18:09:11.903+0100: 344427.886: [GC 344427.887: [DefNew: 19126K->1594K(19136K), 0.0160040 secs] 68888K->51582K(260032K), 0.0166510 secs] [Times: user=0.03 sys=0.00, real=0.02 secs] 
2012-10-23T18:09:27.254+0100: 344443.237: [GC 344443.237: [DefNew: 18602K->851K(19136K), 0.0139060 secs] 68590K->51063K(260032K), 0.0145070 secs] [Times: user=0.02 sys=0.00, real=0.02 secs] 
2012-10-23T18:09:42.240+0100: 344458.223: [GC 344458.224: [DefNew: 17865K->692K(19136K), 0.0143400 secs] 68076K->50904K(260032K), 0.0149320 secs] [Times: user=0.01 sys=0.00, real=0.01 secs] 
2012-10-23T18:09:55.888+0100: 344471.871: [GC 344471.872: [DefNew: 17703K->763K(19136K), 0.0118270 secs] 67915K->50975K(260032K), 0.0122900 secs] [Times: user=0.01 sys=0.00, real=0.01 secs] 
2012-10-23T18:10:08.356+0100: 344484.339: [GC 344484.340: [DefNew: 17787K->2111K(19136K), 0.0151970 secs] 67999K->52508K(260032K), 0.0157260 secs] [Times: user=0.01 sys=0.00, real=0.02 secs] 
2012-10-23T18:10:19.903+0100: 344495.886: [GC 344495.886: [DefNew: 19135K->1871K(19136K), 0.0127100 secs] 69532K->52879K(260032K), 0.0131980 secs] [Times: user=0.01 sys=0.00, real=0.01 secs] 
2012-10-23T18:10:31.911+0100: 344507.894: [GC 344507.895: [DefNew: 18869K->1504K(19136K), 0.0134660 secs] 69878K->52780K(260032K), 0.0139440 secs] [Times: user=0.01 sys=0.00, real=0.01 secs] 
2012-10-23T18:10:47.890+0100: 344523.873: [GC 344523.873: [DefNew: 18528K->931K(19136K), 0.0118220 secs] 69804K->52387K(260032K), 0.0122530 secs] [Times: user=0.01 sys=0.00, real=0.01 secs] 
2012-10-23T18:10:55.905+0100: 344531.888: [GC 344531.888: [DefNew: 17934K->2092K(19136K), 0.0100840 secs] 69390K->53548K(260032K), 0.0105690 secs] [Times: user=0.01 sys=0.00, real=0.01 secs] 
2012-10-23T18:11:05.149+0100: 344541.133: [GC 344541.133: [DefNew: 19116K->412K(19136K), 0.0091700 secs] 70572K->52182K(260032K), 0.0095270 secs] [Times: user=0.01 sys=0.00, real=0.01 secs] 
2012-10-23T18:11:13.912+0100: 344549.895: [GC 344549.895: [DefNew: 17436K->1970K(19136K), 0.0144730 secs] 69206K->53740K(260032K), 0.0150480 secs] [Times: user=0.01 sys=0.00, real=0.01 secs] 
2012-10-23T18:11:24.078+0100: 344560.061: [GC 344560.061: [DefNew: 18994K->1132K(19136K), 0.0151280 secs] 70764K->53305K(260032K), 0.0156510 secs] [Times: user=0.01 sys=0.00, real=0.01 secs] 
2012-10-23T18:11:41.889+0100: 344577.872: [GC 344577.872: [DefNew: 18156K->360K(19136K), 0.0123350 secs] 70329K->52760K(260032K), 0.0128330 secs] [Times: user=0.01 sys=0.00, real=0.01 secs] 
2012-10-23T18:11:53.421+0100: 344589.404: [GC 344589.404: [DefNew: 17384K->1258K(19136K), 0.0139310 secs] 69784K->53657K(260032K), 0.0145320 secs] [Times: user=0.01 sys=0.00, real=0.01 secs] 
2012-10-23T18:12:08.178+0100: 344604.161: [GC 344604.161: [DefNew: 18282K->1713K(19136K), 0.0152800 secs] 70681K->54339K(260032K), 0.0158840 secs] [Times: user=0.01 sys=0.00, real=0.01 secs] 
2012-10-23T18:12:20.748+0100: 344616.731: [GC 344616.731: [DefNew: 18737K->433K(19136K), 0.0143720 secs] 71363K->53463K(260032K), 0.0148540 secs] [Times: user=0.01 sys=0.00, real=0.01 secs] 
2012-10-23T18:12:33.905+0100: 344629.888: [GC 344629.888: [DefNew: 17457K->1380K(19136K), 0.0126630 secs] 70487K->54410K(260032K), 0.0131280 secs] [Times: user=0.02 sys=0.00, real=0.02 secs] 
2012-10-23T18:12:47.278+0100: 344643.261: [GC 344643.261: [DefNew: 18404K->1017K(19136K), 0.0157560 secs] 71434K->54494K(260032K), 0.0162840 secs] [Times: user=0.02 sys=0.00, real=0.01 secs] 
2012-10-23T18:12:57.911+0100: 344653.894: [GC 344653.895: [DefNew: 18041K->1483K(19136K), 0.0134680 secs] 71518K->54961K(260032K), 0.0140020 secs] [Times: user=0.01 sys=0.00, real=0.01 secs] 
2012-10-23T18:13:06.943+0100: 344662.926: [GC 344662.926: [DefNew: 18507K->2112K(19136K), 0.0192050 secs] 71985K->56216K(260032K), 0.0198490 secs] [Times: user=0.01 sys=0.00, real=0.02 secs] 
2012-10-23T18:13:15.898+0100: 344671.881: [GC 344671.882: [DefNew: 19133K->949K(19136K), 0.0138890 secs] 73237K->55242K(260032K), 0.0144900 secs] [Times: user=0.01 sys=0.00, real=0.01 secs] 
2012-10-23T18:13:27.904+0100: 344683.887: [GC 344683.887: [DefNew: 17973K->1191K(19136K), 0.0134280 secs] 72266K->55484K(260032K), 0.0140690 secs] [Times: user=0.02 sys=0.00, real=0.02 secs] 
2012-10-23T18:13:41.907+0100: 344697.890: [GC 344697.891: [DefNew: 18211K->1084K(19136K), 0.0145280 secs] 72503K->55594K(260032K), 0.0151100 secs] [Times: user=0.01 sys=0.01, real=0.02 secs] 
2012-10-23T18:13:57.907+0100: 344713.890: [GC 344713.891: [DefNew: 18108K->1089K(19136K), 0.0130750 secs] 72618K->55778K(260032K), 0.0135460 secs] [Times: user=0.00 sys=0.01, real=0.01 secs] 
2012-10-23T18:14:11.890+0100: 344727.873: [GC 344727.874: [DefNew: 18090K->531K(19136K), 0.0124540 secs] 72779K->55442K(260032K), 0.0129110 secs] [Times: user=0.01 sys=0.00, real=0.01 secs] 
2012-10-23T18:14:26.750+0100: 344742.733: [GC 344742.733: [DefNew: 17555K->1226K(19136K), 0.0123380 secs] 72466K->56137K(260032K), 0.0127280 secs] [Times: user=0.01 sys=0.00, real=0.01 secs] 
2012-10-23T18:14:39.335+0100: 344755.318: [GC 344755.319: [DefNew: 18250K->1793K(19136K), 0.0156520 secs] 73161K->57060K(260032K), 0.0162700 secs] [Times: user=0.02 sys=0.00, real=0.02 secs] 
2012-10-23T18:14:51.918+0100: 344767.901: [GC 344767.902: [DefNew: 18817K->1591K(19136K), 0.0149700 secs] 74084K->57228K(260032K), 0.0154730 secs] [Times: user=0.01 sys=0.00, real=0.01 secs] 
2012-10-23T18:15:01.908+0100: 344777.891: [GC 344777.891: [DefNew: 18615K->1788K(19136K), 0.0150880 secs] 74252K->57644K(260032K), 0.0156340 secs] [Times: user=0.01 sys=0.00, real=0.01 secs] 
2012-10-23T18:15:09.914+0100: 344785.897: [GC 344785.898: [DefNew: 18812K->2111K(19136K), 0.0167660 secs] 74668K->58386K(260032K), 0.0173780 secs] [Times: user=0.02 sys=0.00, real=0.02 secs] 
2012-10-23T18:15:19.891+0100: 344795.874: [GC 344795.875: [DefNew: 19135K->1742K(19136K), 0.0155360 secs] 75410K->58196K(260032K), 0.0161470 secs] [Times: user=0.02 sys=0.00, real=0.02 secs] 
2012-10-23T18:15:31.894+0100: 344807.878: [GC 344807.878: [DefNew: 18759K->425K(19136K), 0.0128230 secs] 75213K->57105K(260032K), 0.0134340 secs] [Times: user=0.02 sys=0.00, real=0.02 secs] 
2012-10-23T18:15:44.438+0100: 344820.421: [GC 344820.421: [DefNew: 17449K->1413K(19136K), 0.0143760 secs] 74129K->58092K(260032K), 0.0150290 secs] [Times: user=0.01 sys=0.00, real=0.01 secs] 
2012-10-23T18:15:55.925+0100: 344831.908: [GC 344831.909: [DefNew: 18437K->1710K(19136K), 0.0180650 secs] 75116K->58847K(260032K), 0.0190540 secs] [Times: user=0.02 sys=0.00, real=0.03 secs] 
2012-10-23T18:16:11.898+0100: 344847.881: [GC 344847.881: [DefNew: 18734K->295K(19136K), 0.0125460 secs] 75871K->57653K(260032K), 0.0130110 secs] [Times: user=0.01 sys=0.00, real=0.01 secs] 
2012-10-23T18:16:24.342+0100: 344860.325: [GC 344860.325: [DefNew: 17319K->1679K(19136K), 0.0135690 secs] 74677K->59037K(260032K), 0.0141070 secs] [Times: user=0.01 sys=0.01, real=0.01 secs] 
2012-10-23T18:16:38.467+0100: 344874.450: [GC 344874.450: [DefNew: 18703K->1158K(19136K), 0.0144260 secs] 76061K->58845K(260032K), 0.0149850 secs] [Times: user=0.02 sys=0.00, real=0.02 secs] 
2012-10-23T18:16:52.441+0100: 344888.424: [GC 344888.424: [DefNew: 18182K->938K(19136K), 0.0130440 secs] 75869K->58843K(260032K), 0.0136390 secs] [Times: user=0.01 sys=0.00, real=0.01 secs] 
2012-10-23T18:17:02.294+0100: 344898.277: [GC 344898.277: [DefNew: 17962K->1786K(19136K), 0.0134880 secs] 75867K->59690K(260032K), 0.0139920 secs] [Times: user=0.01 sys=0.00, real=0.02 secs] 
2012-10-23T18:17:11.903+0100: 344907.886: [GC 344907.886: [DefNew: 18810K->1268K(19136K), 0.0153370 secs] 76714K->59622K(260032K), 0.0158550 secs] [Times: user=0.01 sys=0.00, real=0.02 secs] 
2012-10-23T18:17:19.916+0100: 344915.899: [GC 344915.899: [DefNew: 18292K->2111K(19136K), 0.0168440 secs] 76646K->61032K(260032K), 0.0175250 secs] [Times: user=0.02 sys=0.00, real=0.02 secs] 
2012-10-23T18:17:33.894+0100: 344929.877: [GC 344929.878: [DefNew: 19135K->1095K(19136K), 0.0132350 secs] 78056K->60190K(260032K), 0.0137310 secs] [Times: user=0.02 sys=0.00, real=0.02 secs] 
2012-10-23T18:17:47.897+0100: 344943.881: [GC 344943.881: [DefNew: 18119K->1113K(19136K), 0.0138900 secs] 77214K->60391K(260032K), 0.0145090 secs] [Times: user=0.02 sys=0.00, real=0.01 secs] 
2012-10-23T18:17:58.869+0100: 344954.852: [GC 344954.852: [DefNew: 18137K->1219K(19136K), 0.0153090 secs] 77415K->60764K(260032K), 0.0158860 secs] [Times: user=0.01 sys=0.00, real=0.01 secs] 
2012-10-23T18:18:11.922+0100: 344967.905: [GC 344967.905: [DefNew: 18230K->1542K(19136K), 0.0144600 secs] 77775K->61348K(260032K), 0.0149880 secs] [Times: user=0.01 sys=0.00, real=0.01 secs] 
2012-10-23T18:18:24.038+0100: 344980.021: [GC 344980.021: [DefNew: 18566K->1132K(19136K), 0.0136630 secs] 78372K->61091K(260032K), 0.0141870 secs] [Times: user=0.01 sys=0.00, real=0.01 secs] 
2012-10-23T18:18:36.660+0100: 344992.643: [GC 344992.643: [DefNew: 18156K->1110K(19136K), 0.0154220 secs] 78115K->61305K(260032K), 0.0160170 secs] [Times: user=0.01 sys=0.00, real=0.01 secs] 
2012-10-23T18:18:49.285+0100: 345005.268: [GC 345005.268: [DefNew: 18134K->1208K(19136K), 0.0198250 secs] 78329K->61691K(260032K), 0.0203930 secs] [Times: user=0.02 sys=0.00, real=0.02 secs] 
2012-10-23T18:18:59.915+0100: 345015.898: [GC 345015.899: [DefNew: 18232K->1464K(19136K), 0.0149030 secs] 78715K->62189K(260032K), 0.0154580 secs] [Times: user=0.01 sys=0.00, real=0.02 secs] 
2012-10-23T18:19:10.260+0100: 345026.243: [GC 345026.243: [DefNew: 18488K->2112K(19136K), 0.0173780 secs] 79213K->63339K(260032K), 0.0180930 secs] [Times: user=0.01 sys=0.00, real=0.02 secs] 
2012-10-23T18:19:19.909+0100: 345035.892: [GC 345035.892: [DefNew: 19136K->1237K(19136K), 0.0146390 secs] 80363K->62674K(260032K), 0.0152000 secs] [Times: user=0.01 sys=0.00, real=0.01 secs] 
2012-10-23T18:19:29.158+0100: 345045.141: [GC 345045.142: [DefNew: 18261K->1425K(19136K), 0.0153770 secs] 79698K->63080K(260032K), 0.0159630 secs] [Times: user=0.02 sys=0.00, real=0.01 secs] 
2012-10-23T18:19:45.916+0100: 345061.899: [GC 345061.899: [DefNew: 18449K->808K(19136K), 0.0133090 secs] 80104K->62665K(260032K), 0.0139710 secs] [Times: user=0.02 sys=0.00, real=0.02 secs] 
2012-10-23T18:20:02.560+0100: 345078.543: [GC 345078.544: [DefNew: 17832K->1246K(19136K), 0.0124140 secs] 79689K->63104K(260032K), 0.0128770 secs] [Times: user=0.01 sys=0.00, real=0.01 secs] 
2012-10-23T18:20:13.921+0100: 345089.904: [GC 345089.904: [DefNew: 18257K->1544K(19136K), 0.0151270 secs] 80115K->63703K(260032K), 0.0156320 secs] [Times: user=0.01 sys=0.00, real=0.01 secs] 
2012-10-23T18:20:25.861+0100: 345101.844: [GC 345101.844: [DefNew: 18568K->456K(19136K), 0.0137640 secs] 80727K->62884K(260032K), 0.0142330 secs] [Times: user=0.01 sys=0.00, real=0.01 secs] 
2012-10-23T18:20:37.358+0100: 345113.341: [GC 345113.341: [DefNew: 17480K->1977K(19136K), 0.0163610 secs] 79908K->64405K(260032K), 0.0175930 secs] [Times: user=0.02 sys=0.00, real=0.01 secs] 
2012-10-23T18:20:49.912+0100: 345125.895: [GC 345125.895: [DefNew: 19001K->1209K(19136K), 0.0162740 secs] 81429K->64131K(260032K), 0.0168910 secs] [Times: user=0.02 sys=0.00, real=0.02 secs] 
2012-10-23T18:21:01.528+0100: 345137.511: [GC 345137.511: [DefNew: 18233K->279K(19136K), 0.0120250 secs] 81155K->63426K(260032K), 0.0125330 secs] [Times: user=0.01 sys=0.00, real=0.01 secs] 
2012-10-23T18:21:11.937+0100: 345147.920: [GC 345147.920: [DefNew: 17303K->2103K(19136K), 0.0147150 secs] 80450K->65250K(260032K), 0.0152940 secs] [Times: user=0.03 sys=0.00, real=0.02 secs] 
2012-10-23T18:21:20.475+0100: 345156.458: [GC 345156.459: [DefNew: 19127K->2112K(19136K), 0.0188090 secs] 82274K->65897K(260032K), 0.0194390 secs] [Times: user=0.01 sys=0.00, real=0.02 secs] 
2012-10-23T18:21:31.899+0100: 345167.883: [GC 345167.883: [DefNew: 19136K->520K(19136K), 0.0141310 secs] 82921K->64521K(260032K), 0.0148460 secs] [Times: user=0.02 sys=0.00, real=0.01 secs] 
2012-10-23T18:21:47.340+0100: 345183.323: [GC 345183.324: [DefNew: 17544K->1236K(19136K), 0.0146450 secs] 81545K->65237K(260032K), 0.0152410 secs] [Times: user=0.02 sys=0.00, real=0.01 secs] 
2012-10-23T18:22:01.918+0100: 345197.901: [GC 345197.901: [DefNew: 18260K->1654K(19136K), 0.0113330 secs] 82261K->66035K(260032K), 0.0117740 secs] [Times: user=0.02 sys=0.00, real=0.01 secs] 
2012-10-23T18:22:13.899+0100: 345209.882: [GC 345209.882: [DefNew: 18678K->1711K(19136K), 0.0160250 secs] 83059K->66451K(260032K), 0.0165890 secs] [Times: user=0.02 sys=0.00, real=0.01 secs] 
2012-10-23T18:22:25.563+0100: 345221.546: [GC 345221.547: [DefNew: 18735K->460K(19136K), 0.0123970 secs] 83475K->65425K(260032K), 0.0128660 secs] [Times: user=0.01 sys=0.00, real=0.01 secs] 
2012-10-23T18:22:37.357+0100: 345233.340: [GC 345233.341: [DefNew: 17484K->1211K(19136K), 0.0133220 secs] 82449K->66176K(260032K), 0.0140870 secs] [Times: user=0.01 sys=0.00, real=0.02 secs] 
2012-10-23T18:22:49.924+0100: 345245.907: [GC 345245.907: [DefNew: 18235K->1442K(19136K), 0.0160600 secs] 83200K->66654K(260032K), 0.0167020 secs] [Times: user=0.01 sys=0.00, real=0.02 secs] 
2012-10-23T18:23:01.911+0100: 345257.894: [GC 345257.894: [DefNew: 18466K->1549K(19136K), 0.0124660 secs] 83678K->67229K(260032K), 0.0130770 secs] [Times: user=0.01 sys=0.01, real=0.01 secs] 
2012-10-23T18:23:13.855+0100: 345269.838: [GC 345269.838: [DefNew: 18573K->1768K(19136K), 0.0153200 secs] 84253K->67672K(260032K), 0.0159810 secs] [Times: user=0.02 sys=0.00, real=0.02 secs] 
2012-10-23T18:23:22.255+0100: 345278.238: [GC 345278.238: [DefNew: 18792K->2112K(19136K), 0.0173110 secs] 84696K->68569K(260032K), 0.0179700 secs] [Times: user=0.02 sys=0.00, real=0.02 secs] 
2012-10-23T18:23:32.401+0100: 345288.384: [GC 345288.384: [DefNew: 19136K->2110K(19136K), 0.0162920 secs] 85593K->68816K(260032K), 0.0169070 secs] [Times: user=0.02 sys=0.00, real=0.02 secs] 
2012-10-23T18:23:47.298+0100: 345303.282: [GC 345303.282: [DefNew: 19134K->1200K(19136K), 0.0145930 secs] 85840K->68125K(260032K), 0.0151810 secs] [Times: user=0.01 sys=0.01, real=0.01 secs] 
2012-10-23T18:24:02.168+0100: 345318.151: [GC 345318.151: [DefNew: 18224K->482K(19136K), 0.0134670 secs] 85149K->67678K(260032K), 0.0139790 secs] [Times: user=0.01 sys=0.00, real=0.01 secs] 
2012-10-23T18:24:12.631+0100: 345328.614: [GC 345328.614: [DefNew: 17506K->1166K(19136K), 0.0132060 secs] 84702K->68362K(260032K), 0.0137580 secs] [Times: user=0.01 sys=0.00, real=0.01 secs] 
2012-10-23T18:24:25.255+0100: 345341.238: [GC 345341.239: [DefNew: 18190K->609K(19136K), 0.0142910 secs] 85386K->68055K(260032K), 0.0148040 secs] [Times: user=0.02 sys=0.00, real=0.02 secs] 
2012-10-23T18:24:39.925+0100: 345355.908: [GC 345355.908: [DefNew: 17633K->1550K(19136K), 0.0144170 secs] 85079K->68996K(260032K), 0.0149470 secs] [Times: user=0.01 sys=0.00, real=0.02 secs] 
2012-10-23T18:24:52.575+0100: 345368.558: [GC 345368.558: [DefNew: 18574K->1712K(19136K), 0.0181440 secs] 86020K->69761K(260032K), 0.0187320 secs] [Times: user=0.01 sys=0.00, real=0.02 secs] 
2012-10-23T18:25:05.141+0100: 345381.124: [GC 345381.124: [DefNew: 18736K->1833K(19136K), 0.0162990 secs] 86785K->70103K(260032K), 0.0168580 secs] [Times: user=0.01 sys=0.00, real=0.02 secs] 
2012-10-23T18:25:13.926+0100: 345389.909: [GC 345389.909: [DefNew: 18857K->2112K(19136K), 0.0172080 secs] 87127K->70914K(260032K), 0.0177890 secs] [Times: user=0.02 sys=0.00, real=0.02 secs] 
2012-10-23T18:25:22.106+0100: 345398.089: [GC 345398.089: [DefNew: 19135K->2111K(19136K), 0.0173160 secs] 87937K->71630K(260032K), 0.0178810 secs] [Times: user=0.01 sys=0.00, real=0.02 secs] 
2012-10-23T18:25:32.458+0100: 345408.441: [GC 345408.441: [DefNew: 19135K->1084K(19136K), 0.0142880 secs] 88654K->70852K(260032K), 0.0148190 secs] [Times: user=0.01 sys=0.00, real=0.01 secs] 
2012-10-23T18:25:43.688+0100: 345419.671: [GC 345419.672: [DefNew: 18108K->1712K(19136K), 0.0164630 secs] 87876K->71690K(260032K), 0.0171500 secs] [Times: user=0.01 sys=0.00, real=0.01 secs] 
2012-10-23T18:25:59.750+0100: 345435.733: [GC 345435.733: [DefNew: 18736K->1070K(19136K), 0.0146430 secs] 88714K->71297K(260032K), 0.0152340 secs] [Times: user=0.01 sys=0.00, real=0.01 secs] 
2012-10-23T18:26:14.464+0100: 345450.447: [GC 345450.447: [DefNew: 18094K->1092K(19136K), 0.0138600 secs] 88321K->71515K(260032K), 0.0144610 secs] [Times: user=0.01 sys=0.00, real=0.02 secs] 
2012-10-23T18:26:27.035+0100: 345463.018: [GC 345463.018: [DefNew: 18116K->1136K(19136K), 0.0144800 secs] 88539K->71762K(260032K), 0.0150000 secs] [Times: user=0.02 sys=0.00, real=0.02 secs] 
2012-10-23T18:26:41.911+0100: 345477.894: [GC 345477.894: [DefNew: 18160K->542K(19136K), 0.0119540 secs] 88786K->71420K(260032K), 0.0124410 secs] [Times: user=0.00 sys=0.01, real=0.01 secs] 
2012-10-23T18:26:53.805+0100: 345489.788: [GC 345489.789: [DefNew: 17566K->1309K(19136K), 0.0128960 secs] 88444K->72188K(260032K), 0.0134710 secs] [Times: user=0.01 sys=0.00, real=0.02 secs] 
2012-10-23T18:27:03.929+0100: 345499.912: [GC 345499.913: [DefNew: 18333K->1841K(19136K), 0.0166080 secs] 89212K->73118K(260032K), 0.0172520 secs] [Times: user=0.01 sys=0.01, real=0.01 secs] 
2012-10-23T18:27:15.349+0100: 345511.333: [GC 345511.333: [DefNew: 18865K->490K(19136K), 0.0127820 secs] 90142K->71947K(260032K), 0.0133420 secs] [Times: user=0.02 sys=0.00, real=0.01 secs] 
2012-10-23T18:27:25.858+0100: 345521.841: [GC 345521.842: [DefNew: 17514K->737K(19136K), 0.0132430 secs] 88971K->72195K(260032K), 0.0137910 secs] [Times: user=0.01 sys=0.01, real=0.01 secs] 
2012-10-23T18:27:33.925+0100: 345529.908: [GC 345529.909: [DefNew: 17761K->2112K(19136K), 0.0173260 secs] 89219K->74131K(260032K), 0.0179490 secs] [Times: user=0.01 sys=0.00, real=0.02 secs] 
2012-10-23T18:27:45.910+0100: 345541.893: [GC 345541.893: [DefNew: 19130K->727K(19136K), 0.0173300 secs] 91150K->73409K(260032K), 0.0179980 secs] [Times: user=0.02 sys=0.00, real=0.02 secs] 
2012-10-23T18:28:02.402+0100: 345558.385: [GC 345558.385: [DefNew: 17751K->1131K(19136K), 0.0127400 secs] 90433K->73813K(260032K), 0.0132520 secs] [Times: user=0.01 sys=0.00, real=0.01 secs] 
2012-10-23T18:28:16.249+0100: 345572.232: [GC 345572.233: [DefNew: 18155K->496K(19136K), 0.0128380 secs] 90837K->73402K(260032K), 0.0133080 secs] [Times: user=0.01 sys=0.00, real=0.01 secs] 
2012-10-23T18:28:29.930+0100: 345585.913: [GC 345585.913: [DefNew: 17520K->1954K(19136K), 0.0132930 secs] 90426K->74860K(260032K), 0.0137720 secs] [Times: user=0.01 sys=0.00, real=0.01 secs] 
2012-10-23T18:28:42.422+0100: 345598.405: [GC 345598.406: [DefNew: 18978K->525K(19136K), 0.0131500 secs] 91884K->73881K(260032K), 0.0136470 secs] [Times: user=0.01 sys=0.00, real=0.01 secs] 
2012-10-23T18:28:54.252+0100: 345610.235: [GC 345610.236: [DefNew: 17549K->1424K(19136K), 0.0127240 secs] 90905K->74780K(260032K), 0.0131830 secs] [Times: user=0.02 sys=0.00, real=0.01 secs] 
2012-10-23T18:29:02.568+0100: 345618.551: [GC 345618.551: [DefNew: 18448K->1804K(19136K), 0.0186300 secs] 91804K->75649K(260032K), 0.0192150 secs] [Times: user=0.01 sys=0.00, real=0.01 secs] 
2012-10-23T18:29:08.728+0100: 345624.711: [GC 345624.711: [DefNew: 18828K->2112K(19136K), 0.0197580 secs] 92673K->77253K(260032K), 0.0205600 secs] [Times: user=0.02 sys=0.00, real=0.02 secs] 
2012-10-23T18:29:17.172+0100: 345633.155: [GC 345633.155: [DefNew: 19136K->1736K(19136K), 0.0149230 secs] 94277K->77068K(260032K), 0.0155080 secs] [Times: user=0.02 sys=0.00, real=0.02 secs] 
2012-10-23T18:29:26.822+0100: 345642.805: [GC 345642.806: [DefNew: 18760K->2112K(19136K), 0.0166080 secs] 94092K->77814K(260032K), 0.0172460 secs] [Times: user=0.02 sys=0.00, real=0.02 secs] 
2012-10-23T18:29:36.056+0100: 345652.039: [GC 345652.039: [DefNew: 19136K->959K(19136K), 0.0147810 secs] 94838K->76921K(260032K), 0.0153720 secs] [Times: user=0.02 sys=0.00, real=0.02 secs] 
2012-10-23T18:29:47.464+0100: 345663.447: [GC 345663.448: [DefNew: 17983K->1876K(19136K), 0.0246740 secs] 93945K->77838K(260032K), 0.0254480 secs] [Times: user=0.01 sys=0.00, real=0.03 secs] 
2012-10-23T18:30:01.256+0100: 345677.239: [GC 345677.239: [DefNew: 18900K->1364K(19136K), 0.0169060 secs] 94862K->77773K(260032K), 0.0175100 secs] [Times: user=0.01 sys=0.00, real=0.02 secs] 
2012-10-23T18:30:15.946+0100: 345691.929: [GC 345691.929: [DefNew: 18388K->814K(19136K), 0.0133420 secs] 94797K->77475K(260032K), 0.0138330 secs] [Times: user=0.01 sys=0.00, real=0.02 secs] 
2012-10-23T18:30:28.648+0100: 345704.631: [GC 345704.631: [DefNew: 17838K->1227K(19136K), 0.0140470 secs] 94499K->77888K(260032K), 0.0146070 secs] [Times: user=0.02 sys=0.00, real=0.01 secs] 
2012-10-23T18:30:45.915+0100: 345721.898: [GC 345721.898: [DefNew: 18236K->836K(19136K), 0.0131240 secs] 94897K->77840K(260032K), 0.0135670 secs] [Times: user=0.01 sys=0.00, real=0.02 secs] 
2012-10-23T18:30:57.908+0100: 345733.891: [GC 345733.892: [DefNew: 17860K->1215K(19136K), 0.0122980 secs] 94864K->78219K(260032K), 0.0127690 secs] [Times: user=0.01 sys=0.00, real=0.01 secs] 
2012-10-23T18:31:07.936+0100: 345743.919: [GC 345743.919: [DefNew: 18239K->1751K(19136K), 0.0159730 secs] 95243K->79117K(260032K), 0.0165180 secs] [Times: user=0.01 sys=0.00, real=0.02 secs] 
2012-10-23T18:31:17.924+0100: 345753.908: [GC 345753.908: [DefNew: 18775K->1736K(19136K), 0.0154400 secs] 96141K->79326K(260032K), 0.0160250 secs] [Times: user=0.01 sys=0.00, real=0.02 secs] 
2012-10-23T18:31:27.928+0100: 345763.911: [GC 345763.911: [DefNew: 18760K->1112K(19136K), 0.0145120 secs] 96350K->78926K(260032K), 0.0150870 secs] [Times: user=0.01 sys=0.00, real=0.01 secs] 
2012-10-23T18:31:35.931+0100: 345771.914: [GC 345771.914: [DefNew: 18136K->1882K(19136K), 0.0114730 secs] 95950K->79921K(260032K), 0.0119930 secs] [Times: user=0.01 sys=0.00, real=0.01 secs] 
2012-10-23T18:31:47.930+0100: 345783.913: [GC 345783.914: [DefNew: 18880K->1104K(19136K), 0.0143420 secs] 96920K->79326K(260032K), 0.0149140 secs] [Times: user=0.01 sys=0.00, real=0.01 secs] 
2012-10-23T18:32:03.640+0100: 345799.623: [GC 345799.624: [DefNew: 18128K->1650K(19136K), 0.0157270 secs] 96350K->80126K(260032K), 0.0163140 secs] [Times: user=0.01 sys=0.00, real=0.01 secs] 
2012-10-23T18:32:15.928+0100: 345811.911: [GC 345811.911: [DefNew: 18673K->1464K(19136K), 0.0102600 secs] 97149K->80119K(260032K), 0.0107550 secs] [Times: user=0.01 sys=0.00, real=0.01 secs] 
2012-10-23T18:32:29.935+0100: 345825.918: [GC 345825.918: [DefNew: 18487K->1080K(19136K), 0.0139470 secs] 97142K->79958K(260032K), 0.0144700 secs] [Times: user=0.02 sys=0.00, real=0.02 secs] 
2012-10-23T18:32:40.876+0100: 345836.859: [GC 345836.859: [DefNew: 18104K->2012K(19136K), 0.0157840 secs] 96982K->81068K(260032K), 0.0163380 secs] [Times: user=0.01 sys=0.00, real=0.02 secs] 
2012-10-23T18:32:53.935+0100: 345849.918: [GC 345849.919: [DefNew: 19036K->1182K(19136K), 0.0191940 secs] 98092K->80504K(260032K), 0.0199480 secs] [Times: user=0.02 sys=0.00, real=0.02 secs] 
2012-10-23T18:33:05.919+0100: 345861.902: [GC 345861.903: [DefNew: 18191K->484K(19136K), 0.0128280 secs] 97513K->80041K(260032K), 0.0134150 secs] [Times: user=0.01 sys=0.00, real=0.01 secs] 
2012-10-23T18:33:15.914+0100: 345871.897: [GC 345871.897: [DefNew: 17508K->818K(19136K), 0.0123700 secs] 97065K->80374K(260032K), 0.0128830 secs] [Times: user=0.01 sys=0.00, real=0.01 secs] 
2012-10-23T18:33:25.930+0100: 345881.913: [GC 345881.914: [DefNew: 17842K->1778K(19136K), 0.0158860 secs] 97398K->81334K(260032K), 0.0165510 secs] [Times: user=0.02 sys=0.00, real=0.01 secs] 
2012-10-23T18:33:35.923+0100: 345891.906: [GC 345891.907: [DefNew: 18802K->1197K(19136K), 0.0182210 secs] 98358K->81425K(260032K), 0.0189580 secs] [Times: user=0.02 sys=0.00, real=0.02 secs] 
2012-10-23T18:33:43.933+0100: 345899.916: [GC 345899.916: [DefNew: 18219K->2111K(19136K), 0.0174990 secs] 98447K->82854K(260032K), 0.0181900 secs] [Times: user=0.02 sys=0.00, real=0.02 secs] 
2012-10-23T18:34:01.919+0100: 345917.902: [GC 345917.902: [DefNew: 19130K->804K(19136K), 0.0127240 secs] 99872K->81719K(260032K), 0.0132200 secs] [Times: user=0.01 sys=0.00, real=0.01 secs] 
2012-10-23T18:34:12.574+0100: 345928.557: [GC 345928.558: [DefNew: 17828K->1785K(19136K), 0.0152820 secs] 98743K->82700K(260032K), 0.0158990 secs] [Times: user=0.02 sys=0.00, real=0.02 secs] 
2012-10-23T18:34:27.945+0100: 345943.928: [GC 345943.928: [DefNew: 18809K->1103K(19136K), 0.0147030 secs] 99724K->82379K(260032K), 0.0151520 secs] [Times: user=0.01 sys=0.00, real=0.02 secs] 
2012-10-23T18:34:37.934+0100: 345953.917: [GC 345953.917: [DefNew: 18111K->1107K(19136K), 0.0125930 secs] 99388K->82527K(260032K), 0.0131370 secs] [Times: user=0.01 sys=0.00, real=0.01 secs] 
2012-10-23T18:34:53.928+0100: 345969.911: [GC 345969.912: [DefNew: 18131K->1086K(19136K), 0.0131160 secs] 99551K->82727K(260032K), 0.0136110 secs] [Times: user=0.01 sys=0.00, real=0.01 secs] 
2012-10-23T18:35:05.928+0100: 345981.911: [GC 345981.911: [DefNew: 18104K->734K(19136K), 0.0124320 secs] 99745K->82600K(260032K), 0.0129450 secs] [Times: user=0.01 sys=0.00, real=0.01 secs] 
2012-10-23T18:35:16.262+0100: 345992.245: [GC 345992.245: [DefNew: 17758K->1843K(19136K), 0.0135720 secs] 99624K->83709K(260032K), 0.0140400 secs] [Times: user=0.01 sys=0.00, real=0.01 secs] 
2012-10-23T18:35:25.948+0100: 346001.931: [GC 346001.931: [DefNew: 18867K->2051K(19136K), 0.0169380 secs] 100733K->84307K(260032K), 0.0175280 secs] [Times: user=0.02 sys=0.00, real=0.01 secs] 
2012-10-23T18:35:35.947+0100: 346011.930: [GC 346011.931: [DefNew: 19075K->2084K(19136K), 0.0160960 secs] 101331K->84542K(260032K), 0.0167120 secs] [Times: user=0.01 sys=0.01, real=0.02 secs] 
2012-10-23T18:35:47.436+0100: 346023.419: [GC 346023.420: [DefNew: 19108K->1737K(19136K), 0.0244970 secs] 101566K->84420K(260032K), 0.0253520 secs] [Times: user=0.01 sys=0.00, real=0.03 secs] 
2012-10-23T18:35:58.235+0100: 346034.219: [GC 346034.219: [DefNew: 18761K->1084K(19136K), 0.0145750 secs] 101444K->83992K(260032K), 0.0152350 secs] [Times: user=0.01 sys=0.00, real=0.02 secs] 
2012-10-23T18:36:11.932+0100: 346047.915: [GC 346047.916: [DefNew: 18108K->795K(19136K), 0.0141140 secs] 101016K->83936K(260032K), 0.0147210 secs] [Times: user=0.01 sys=0.01, real=0.01 secs] 
2012-10-23T18:36:26.020+0100: 346062.003: [GC 346062.004: [DefNew: 17819K->1203K(19136K), 0.0128800 secs] 100960K->84344K(260032K), 0.0134900 secs] [Times: user=0.01 sys=0.00, real=0.01 secs] 
2012-10-23T18:36:36.042+0100: 346072.025: [GC 346072.026: [DefNew: 18227K->1655K(19136K), 0.0155500 secs] 101368K->85017K(260032K), 0.0161450 secs] [Times: user=0.02 sys=0.00, real=0.02 secs] 
2012-10-23T18:36:49.920+0100: 346085.903: [GC 346085.903: [DefNew: 18679K->1722K(19136K), 0.0165710 secs] 102041K->85458K(260032K), 0.0171730 secs] [Times: user=0.01 sys=0.01, real=0.01 secs] 
2012-10-23T18:37:02.446+0100: 346098.429: [GC 346098.429: [DefNew: 18743K->863K(19136K), 0.0160000 secs] 102478K->84902K(260032K), 0.0166200 secs] [Times: user=0.02 sys=0.00, real=0.02 secs] 
2012-10-23T18:37:13.819+0100: 346109.802: [GC 346109.803: [DefNew: 17887K->1343K(19136K), 0.0132750 secs] 101926K->85382K(260032K), 0.0138340 secs] [Times: user=0.01 sys=0.00, real=0.01 secs] 
2012-10-23T18:37:25.925+0100: 346121.908: [GC 346121.909: [DefNew: 18367K->933K(19136K), 0.0155720 secs] 102406K->85419K(260032K), 0.0162210 secs] [Times: user=0.01 sys=0.00, real=0.02 secs] 
2012-10-23T18:37:34.873+0100: 346130.856: [GC 346130.856: [DefNew: 17957K->1984K(19136K), 0.0164730 secs] 102443K->86471K(260032K), 0.0171050 secs] [Times: user=0.02 sys=0.00, real=0.02 secs] 
2012-10-23T18:37:43.932+0100: 346139.915: [GC 346139.916: [DefNew: 19008K->2112K(19136K), 0.0183050 secs] 103495K->87160K(260032K), 0.0189760 secs] [Times: user=0.02 sys=0.00, real=0.02 secs] 
2012-10-23T18:37:53.671+0100: 346149.654: [GC 346149.655: [DefNew: 19136K->2112K(19136K), 0.0168950 secs] 104184K->87554K(260032K), 0.0175280 secs] [Times: user=0.02 sys=0.00, real=0.02 secs] 
2012-10-23T18:38:06.326+0100: 346162.309: [GC 346162.309: [DefNew: 19136K->1595K(19136K), 0.0144240 secs] 104578K->87212K(260032K), 0.0149590 secs] [Times: user=0.01 sys=0.00, real=0.02 secs] 
2012-10-23T18:38:18.703+0100: 346174.686: [GC 346174.687: [DefNew: 18619K->1805K(19136K), 0.0154190 secs] 104236K->87609K(260032K), 0.0160260 secs] [Times: user=0.02 sys=0.00, real=0.02 secs] 
2012-10-23T18:38:33.626+0100: 346189.609: [GC 346189.610: [DefNew: 18829K->1075K(19136K), 0.0132760 secs] 104633K->87104K(260032K), 0.0137740 secs] [Times: user=0.01 sys=0.00, real=0.02 secs] 
2012-10-23T18:38:46.278+0100: 346202.261: [GC 346202.261: [DefNew: 18099K->379K(19136K), 0.0116080 secs] 104128K->86589K(260032K), 0.0121500 secs] [Times: user=0.01 sys=0.00, real=0.01 secs] 
2012-10-23T18:39:02.528+0100: 346218.511: [GC 346218.512: [DefNew: 17403K->1642K(19136K), 0.0125490 secs] 103613K->87853K(260032K), 0.0130330 secs] [Times: user=0.01 sys=0.00, real=0.01 secs] 
2012-10-23T18:39:13.936+0100: 346229.919: [GC 346229.919: [DefNew: 18666K->1716K(19136K), 0.0149950 secs] 104877K->88286K(260032K), 0.0154650 secs] [Times: user=0.02 sys=0.00, real=0.02 secs] 
2012-10-23T18:39:28.233+0100: 346244.216: [GC 346244.217: [DefNew: 18740K->1083K(19136K), 0.0120420 secs] 105310K->87834K(260032K), 0.0124690 secs] [Times: user=0.00 sys=0.00, real=0.01 secs] 
2012-10-23T18:39:39.941+0100: 346255.924: [GC 346255.924: [DefNew: 18107K->1335K(19136K), 0.0130210 secs] 104858K->88229K(260032K), 0.0134900 secs] [Times: user=0.01 sys=0.00, real=0.01 secs] 
2012-10-23T18:39:49.941+0100: 346265.924: [GC 346265.924: [DefNew: 18357K->1776K(19136K), 0.0139250 secs] 105251K->88849K(260032K), 0.0144470 secs] [Times: user=0.01 sys=0.01, real=0.01 secs] 
2012-10-23T18:40:02.612+0100: 346278.595: [GC 346278.596: [DefNew: 18800K->800K(19136K), 0.0123770 secs] 105873K->88053K(260032K), 0.0128590 secs] [Times: user=0.00 sys=0.00, real=0.01 secs] 
2012-10-23T18:40:15.927+0100: 346291.910: [GC 346291.910: [DefNew: 17800K->848K(19136K), 0.0120300 secs] 105053K->88100K(260032K), 0.0125170 secs] [Times: user=0.01 sys=0.00, real=0.02 secs] 
2012-10-23T18:40:29.932+0100: 346305.915: [GC 346305.916: [DefNew: 17870K->1525K(19136K), 0.0141010 secs] 105122K->88778K(260032K), 0.0146530 secs] [Times: user=0.01 sys=0.00, real=0.01 secs] 
2012-10-23T18:40:43.856+0100: 346319.839: [GC 346319.840: [DefNew: 18549K->1064K(19136K), 0.0167660 secs] 105802K->88991K(260032K), 0.0172680 secs] [Times: user=0.01 sys=0.00, real=0.02 secs] 
2012-10-23T18:40:59.923+0100: 346335.906: [GC 346335.907: [DefNew: 18088K->1189K(19136K), 0.0130350 secs] 106015K->89279K(260032K), 0.0135160 secs] [Times: user=0.00 sys=0.00, real=0.01 secs] 
2012-10-23T18:41:09.941+0100: 346345.924: [GC 346345.924: [DefNew: 18213K->1256K(19136K), 0.0143310 secs] 106303K->89598K(260032K), 0.0148830 secs] [Times: user=0.01 sys=0.00, real=0.01 secs] 
2012-10-23T18:41:21.939+0100: 346357.922: [GC 346357.922: [DefNew: 18280K->1335K(19136K), 0.0145090 secs] 106622K->89902K(260032K), 0.0150290 secs] [Times: user=0.02 sys=0.00, real=0.01 secs] 
2012-10-23T18:41:33.922+0100: 346369.905: [GC 346369.906: [DefNew: 18331K->1981K(19136K), 0.0144710 secs] 106898K->90775K(260032K), 0.0150470 secs] [Times: user=0.02 sys=0.00, real=0.02 secs] 
2012-10-23T18:41:42.668+0100: 346378.651: [GC 346378.651: [DefNew: 19005K->2111K(19136K), 0.0112680 secs] 107799K->91249K(260032K), 0.0118430 secs] [Times: user=0.02 sys=0.00, real=0.01 secs] 
2012-10-23T18:41:53.165+0100: 346389.148: [GC 346389.148: [DefNew: 19135K->1792K(19136K), 0.0161490 secs] 108273K->91151K(260032K), 0.0167600 secs] [Times: user=0.01 sys=0.00, real=0.02 secs] 
2012-10-23T18:42:05.769+0100: 346401.753: [GC 346401.753: [DefNew: 18816K->507K(19136K), 0.0144610 secs] 108175K->90100K(260032K), 0.0151010 secs] [Times: user=0.02 sys=0.00, real=0.01 secs] 
2012-10-23T18:42:20.454+0100: 346416.437: [GC 346416.437: [DefNew: 17531K->2079K(19136K), 0.0147900 secs] 107124K->91671K(260032K), 0.0153190 secs] [Times: user=0.02 sys=0.00, real=0.02 secs] 
2012-10-23T18:42:33.056+0100: 346429.039: [GC 346429.040: [DefNew: 19103K->1177K(19136K), 0.0161810 secs] 108695K->91217K(260032K), 0.0167580 secs] [Times: user=0.02 sys=0.00, real=0.02 secs] 
2012-10-23T18:42:45.925+0100: 346441.908: [GC 346441.908: [DefNew: 18200K->537K(19136K), 0.0133750 secs] 108240K->90855K(260032K), 0.0139070 secs] [Times: user=0.02 sys=0.00, real=0.02 secs] 
2012-10-23T18:43:00.368+0100: 346456.351: [GC 346456.352: [DefNew: 17561K->1515K(19136K), 0.0137870 secs] 107879K->91833K(260032K), 0.0144370 secs] [Times: user=0.01 sys=0.00, real=0.01 secs] 
2012-10-23T18:43:11.925+0100: 346467.908: [GC 346467.909: [DefNew: 18539K->503K(19136K), 0.0145150 secs] 108857K->91286K(260032K), 0.0150760 secs] [Times: user=0.02 sys=0.00, real=0.02 secs] 
2012-10-23T18:43:21.942+0100: 346477.925: [GC 346477.925: [DefNew: 17525K->1681K(19136K), 0.0146630 secs] 108308K->92464K(260032K), 0.0152320 secs] [Times: user=0.01 sys=0.00, real=0.01 secs] 
2012-10-23T18:43:33.654+0100: 346489.637: [GC 346489.637: [DefNew: 18705K->1609K(19136K), 0.0211920 secs] 109488K->92814K(260032K), 0.0220200 secs] [Times: user=0.02 sys=0.00, real=0.02 secs] 
2012-10-23T18:43:42.380+0100: 346498.363: [GC 346498.364: [DefNew: 18633K->1624K(19136K), 0.0153460 secs] 109838K->93053K(260032K), 0.0159410 secs] [Times: user=0.02 sys=0.00, real=0.01 secs] 
2012-10-23T18:43:52.703+0100: 346508.686: [GC 346508.686: [DefNew: 18648K->1683K(19136K), 0.0157760 secs] 110077K->93336K(260032K), 0.0183140 secs] [Times: user=0.02 sys=0.00, real=0.02 secs] 
2012-10-23T18:44:03.923+0100: 346519.906: [GC 346519.907: [DefNew: 18707K->1075K(19136K), 0.0144670 secs] 110360K->92910K(260032K), 0.0151640 secs] [Times: user=0.02 sys=0.00, real=0.02 secs] 
2012-10-23T18:44:17.921+0100: 346533.904: [GC 346533.905: [DefNew: 18099K->1741K(19136K), 0.0152040 secs] 109934K->93801K(260032K), 0.0158140 secs] [Times: user=0.02 sys=0.00, real=0.02 secs] 
2012-10-23T18:44:28.560+0100: 346544.543: [GC 346544.543: [DefNew: 18765K->1224K(19136K), 0.0152810 secs] 110825K->93509K(260032K), 0.0159420 secs] [Times: user=0.01 sys=0.00, real=0.01 secs] 
2012-10-23T18:44:41.932+0100: 346557.915: [GC 346557.915: [DefNew: 18248K->1124K(19136K), 0.0147540 secs] 110533K->93662K(260032K), 0.0153390 secs] [Times: user=0.01 sys=0.00, real=0.02 secs] 
2012-10-23T18:44:53.840+0100: 346569.823: [GC 346569.823: [DefNew: 18148K->1142K(19136K), 0.0159930 secs] 110686K->93928K(260032K), 0.0166290 secs] [Times: user=0.01 sys=0.00, real=0.01 secs] 
2012-10-23T18:45:08.431+0100: 346584.414: [GC 346584.415: [DefNew: 18166K->1416K(19136K), 0.0141730 secs] 110952K->94428K(260032K), 0.0146930 secs] [Times: user=0.01 sys=0.00, real=0.01 secs] 
2012-10-23T18:45:18.969+0100: 346594.952: [GC 346594.952: [DefNew: 18440K->1284K(19136K), 0.0144340 secs] 111452K->94479K(260032K), 0.0149500 secs] [Times: user=0.01 sys=0.00, real=0.01 secs] 
2012-10-23T18:45:31.566+0100: 346607.549: [GC 346607.549: [DefNew: 18308K->377K(19136K), 0.0126690 secs] 111503K->93787K(260032K), 0.0131350 secs] [Times: user=0.01 sys=0.00, real=0.02 secs] 
2012-10-23T18:45:41.927+0100: 346617.910: [GC 346617.910: [DefNew: 17378K->707K(19136K), 0.0116610 secs] 110788K->94117K(260032K), 0.0121370 secs] [Times: user=0.01 sys=0.00, real=0.02 secs] 
2012-10-23T18:45:51.927+0100: 346627.910: [GC 346627.910: [DefNew: 17727K->824K(19136K), 0.0123610 secs] 111137K->94233K(260032K), 0.0129030 secs] [Times: user=0.02 sys=0.00, real=0.02 secs] 
2012-10-23T18:46:00.959+0100: 346636.942: [GC 346636.942: [DefNew: 17848K->2112K(19136K), 0.0173410 secs] 111257K->95909K(260032K), 0.0179330 secs] [Times: user=0.01 sys=0.01, real=0.01 secs] 
2012-10-23T18:46:15.656+0100: 346651.639: [GC 346651.639: [DefNew: 19136K->1155K(19136K), 0.0201590 secs] 112933K->95724K(260032K), 0.0207890 secs] [Times: user=0.02 sys=0.00, real=0.02 secs] 
2012-10-23T18:46:30.349+0100: 346666.332: [GC 346666.333: [DefNew: 18179K->1021K(19136K), 0.0137910 secs] 112748K->95832K(260032K), 0.0143020 secs] [Times: user=0.01 sys=0.00, real=0.01 secs] 
2012-10-23T18:46:42.979+0100: 346678.962: [GC 346678.962: [DefNew: 18045K->1433K(19136K), 0.0149390 secs] 112856K->96244K(260032K), 0.0154920 secs] [Times: user=0.01 sys=0.01, real=0.01 secs] 
2012-10-23T18:46:59.945+0100: 346695.928: [GC 346695.928: [DefNew: 18427K->716K(19136K), 0.0131910 secs] 113239K->95953K(260032K), 0.0136960 secs] [Times: user=0.02 sys=0.00, real=0.02 secs] 
2012-10-23T18:47:16.526+0100: 346712.509: [GC 346712.509: [DefNew: 17740K->1516K(19136K), 0.0111740 secs] 112977K->96753K(260032K), 0.0115330 secs] [Times: user=0.02 sys=0.00, real=0.02 secs] 
2012-10-23T18:47:27.035+0100: 346723.018: [GC 346723.019: [DefNew: 18540K->1546K(19136K), 0.0137920 secs] 113777K->97021K(260032K), 0.0142690 secs] [Times: user=0.02 sys=0.00, real=0.02 secs] 
2012-10-23T18:47:37.945+0100: 346733.928: [GC 346733.928: [DefNew: 18570K->1832K(19136K), 0.0149650 secs] 114045K->97539K(260032K), 0.0155060 secs] [Times: user=0.02 sys=0.00, real=0.02 secs] 
2012-10-23T18:47:47.929+0100: 346743.913: [GC 346743.913: [DefNew: 18856K->887K(19136K), 0.0134070 secs] 114563K->96858K(260032K), 0.0138320 secs] [Times: user=0.02 sys=0.00, real=0.01 secs] 
2012-10-23T18:47:56.484+0100: 346752.467: [GC 346752.467: [DefNew: 17911K->2112K(19136K), 0.0166240 secs] 113882K->98751K(260032K), 0.0172040 secs] [Times: user=0.02 sys=0.00, real=0.02 secs] 
2012-10-23T18:48:06.972+0100: 346762.956: [GC 346762.956: [DefNew: 19136K->1018K(19136K), 0.0159160 secs] 115775K->98048K(260032K), 0.0164980 secs] [Times: user=0.01 sys=0.00, real=0.02 secs] 
2012-10-23T18:48:22.689+0100: 346778.672: [GC 346778.672: [DefNew: 18042K->1884K(19136K), 0.0152790 secs] 115072K->98914K(260032K), 0.0164130 secs] [Times: user=0.02 sys=0.00, real=0.01 secs] 
2012-10-23T18:48:35.946+0100: 346791.929: [GC 346791.929: [DefNew: 18908K->1401K(19136K), 0.0161550 secs] 115938K->98800K(260032K), 0.0167350 secs] [Times: user=0.02 sys=0.00, real=0.02 secs] 
2012-10-23T18:48:51.040+0100: 346807.023: [GC 346807.023: [DefNew: 18425K->1056K(19136K), 0.0128450 secs] 115824K->98681K(260032K), 0.0133840 secs] [Times: user=0.01 sys=0.00, real=0.01 secs] 
2012-10-23T18:49:07.942+0100: 346823.925: [GC 346823.925: [DefNew: 18080K->1375K(19136K), 0.0134530 secs] 115705K->99149K(260032K), 0.0138790 secs] [Times: user=0.01 sys=0.00, real=0.01 secs] 
2012-10-23T18:49:19.930+0100: 346835.913: [GC 346835.913: [DefNew: 18399K->1173K(19136K), 0.0129770 secs] 116173K->99167K(260032K), 0.0134210 secs] [Times: user=0.01 sys=0.00, real=0.01 secs] 
2012-10-23T18:49:28.884+0100: 346844.868: [GC 346844.868: [DefNew: 18197K->1619K(19136K), 0.0149290 secs] 116191K->99837K(260032K), 0.0155310 secs] [Times: user=0.02 sys=0.00, real=0.02 secs] 
2012-10-23T18:49:41.471+0100: 346857.454: [GC 346857.455: [DefNew: 18643K->503K(19136K), 0.0132190 secs] 116861K->98935K(260032K), 0.0139830 secs] [Times: user=0.01 sys=0.00, real=0.01 secs] 
2012-10-23T18:49:51.948+0100: 346867.931: [GC 346867.931: [DefNew: 17527K->841K(19136K), 0.0131710 secs] 115959K->99273K(260032K), 0.0136920 secs] [Times: user=0.01 sys=0.00, real=0.01 secs] 
2012-10-23T18:50:02.452+0100: 346878.435: [GC 346878.435: [DefNew: 17865K->1821K(19136K), 0.0160660 secs] 116297K->100253K(260032K), 0.0166750 secs] [Times: user=0.02 sys=0.00, real=0.02 secs] 
2012-10-23T18:50:17.550+0100: 346893.533: [GC 346893.533: [DefNew: 18840K->1108K(19136K), 0.0284840 secs] 117272K->100254K(260032K), 0.0293470 secs] [Times: user=0.02 sys=0.00, real=0.03 secs] 
2012-10-23T18:50:27.946+0100: 346903.929: [GC 346903.930: [DefNew: 18132K->1260K(19136K), 0.0153420 secs] 117278K->100659K(260032K), 0.0160240 secs] [Times: user=0.02 sys=0.00, real=0.02 secs] 
2012-10-23T18:50:42.326+0100: 346918.309: [GC 346918.310: [DefNew: 18284K->1524K(19136K), 0.0144420 secs] 117683K->101149K(260032K), 0.0149520 secs] [Times: user=0.01 sys=0.00, real=0.02 secs] 
2012-10-23T18:50:53.952+0100: 346929.935: [GC 346929.935: [DefNew: 18548K->1160K(19136K), 0.0146170 secs] 118173K->100919K(260032K), 0.0151970 secs] [Times: user=0.02 sys=0.00, real=0.02 secs] 
2012-10-23T18:51:09.947+0100: 346945.930: [GC 346945.930: [DefNew: 18184K->1327K(19136K), 0.0147480 secs] 117943K->101313K(260032K), 0.0152950 secs] [Times: user=0.02 sys=0.00, real=0.02 secs] 
2012-10-23T18:51:22.562+0100: 346958.545: [GC 346958.546: [DefNew: 18351K->1008K(19136K), 0.0187950 secs] 118337K->101261K(260032K), 0.0193820 secs] [Times: user=0.01 sys=0.00, real=0.02 secs] 
2012-10-23T18:51:33.945+0100: 346969.928: [GC 346969.929: [DefNew: 18032K->2075K(19136K), 0.0148560 secs] 118285K->102329K(260032K), 0.0154850 secs] [Times: user=0.02 sys=0.00, real=0.02 secs] 
2012-10-23T18:51:44.029+0100: 346980.013: [GC 346980.013: [DefNew: 19099K->2112K(19136K), 0.0229120 secs] 119353K->103019K(260032K), 0.0244480 secs] [Times: user=0.01 sys=0.01, real=0.02 secs] 
2012-10-23T18:51:53.950+0100: 346989.933: [GC 346989.934: [DefNew: 19136K->2111K(19136K), 0.0170670 secs] 120043K->103409K(260032K), 0.0177000 secs] [Times: user=0.02 sys=0.00, real=0.02 secs] 
2012-10-23T18:52:04.261+0100: 347000.244: [GC 347000.245: [DefNew: 19135K->1782K(19136K), 0.0151710 secs] 120433K->103254K(260032K), 0.0158040 secs] [Times: user=0.02 sys=0.00, real=0.02 secs] 
2012-10-23T18:52:19.941+0100: 347015.924: [GC 347015.924: [DefNew: 18806K->1192K(19136K), 0.0149710 secs] 120278K->102874K(260032K), 0.0155490 secs] [Times: user=0.01 sys=0.00, real=0.01 secs] 
2012-10-23T18:52:37.504+0100: 347033.487: [GC 347033.487: [DefNew: 18216K->883K(19136K), 0.0127230 secs] 119898K->102813K(260032K), 0.0131750 secs] [Times: user=0.01 sys=0.00, real=0.01 secs] 
2012-10-23T18:52:50.425+0100: 347046.409: [GC 347046.409: [DefNew: 17907K->1945K(19136K), 0.0131830 secs] 119837K->103874K(260032K), 0.0136650 secs] [Times: user=0.02 sys=0.00, real=0.02 secs] 
2012-10-23T18:53:05.937+0100: 347061.920: [GC 347061.920: [DefNew: 18948K->760K(19136K), 0.0128780 secs] 120878K->103004K(260032K), 0.0133080 secs] [Times: user=0.02 sys=0.00, real=0.02 secs] 
2012-10-23T18:53:17.741+0100: 347073.724: [GC 347073.724: [DefNew: 17784K->1780K(19136K), 0.0133780 secs] 120028K->104024K(260032K), 0.0138770 secs] [Times: user=0.01 sys=0.00, real=0.01 secs] 
2012-10-23T18:53:27.951+0100: 347083.934: [GC 347083.934: [DefNew: 18804K->2111K(19136K), 0.0171610 secs] 121048K->104928K(260032K), 0.0177620 secs] [Times: user=0.02 sys=0.00, real=0.02 secs] 
2012-10-23T18:53:37.539+0100: 347093.522: [GC 347093.522: [DefNew: 19135K->1608K(19136K), 0.0150830 secs] 121952K->104628K(260032K), 0.0157720 secs] [Times: user=0.01 sys=0.00, real=0.01 secs] 
2012-10-23T18:53:47.950+0100: 347103.933: [GC 347103.933: [DefNew: 18632K->1033K(19136K), 0.0141700 secs] 121652K->104277K(260032K), 0.0147860 secs] [Times: user=0.01 sys=0.01, real=0.01 secs] 
2012-10-23T18:53:59.727+0100: 347115.710: [GC 347115.710: [DefNew: 18057K->1990K(19136K), 0.0149110 secs] 121301K->105234K(260032K), 0.0155280 secs] [Times: user=0.02 sys=0.00, real=0.02 secs] 
2012-10-23T18:54:08.773+0100: 347124.756: [GC 347124.757: [DefNew: 19014K->1181K(19136K), 0.0216800 secs] 122258K->104876K(260032K), 0.0224130 secs] [Times: user=0.02 sys=0.00, real=0.02 secs] 
2012-10-23T18:54:23.784+0100: 347139.767: [GC 347139.767: [DefNew: 18205K->1548K(19136K), 0.0190640 secs] 121900K->105467K(260032K), 0.0202530 secs] [Times: user=0.02 sys=0.00, real=0.02 secs] 
2012-10-23T18:54:35.942+0100: 347151.925: [GC 347151.926: [DefNew: 18569K->727K(19136K), 0.0138390 secs] 122488K->104913K(260032K), 0.0144000 secs] [Times: user=0.01 sys=0.01, real=0.01 secs] 
2012-10-23T18:54:47.949+0100: 347163.932: [GC 347163.932: [DefNew: 17751K->1266K(19136K), 0.0145440 secs] 121937K->105452K(260032K), 0.0152280 secs] [Times: user=0.01 sys=0.00, real=0.01 secs] 
2012-10-23T18:55:01.946+0100: 347177.929: [GC 347177.929: [DefNew: 18287K->888K(19136K), 0.0139170 secs] 122473K->105299K(260032K), 0.0144010 secs] [Times: user=0.01 sys=0.00, real=0.02 secs] 
2012-10-23T18:55:17.952+0100: 347193.935: [GC 347193.935: [DefNew: 17912K->1567K(19136K), 0.0143570 secs] 122323K->105978K(260032K), 0.0150620 secs] [Times: user=0.01 sys=0.01, real=0.01 secs] 
2012-10-23T18:55:28.844+0100: 347204.827: [GC 347204.827: [DefNew: 18591K->1550K(19136K), 0.0181510 secs] 123002K->106542K(260032K), 0.0187130 secs] [Times: user=0.02 sys=0.00, real=0.02 secs] 
2012-10-23T18:55:39.952+0100: 347215.935: [GC 347215.935: [DefNew: 18573K->1844K(19136K), 0.0156660 secs] 123566K->107017K(260032K), 0.0163150 secs] [Times: user=0.02 sys=0.00, real=0.02 secs] 
2012-10-23T18:55:51.054+0100: 347227.037: [GC 347227.038: [DefNew: 18868K->2112K(19136K), 0.0170310 secs] 124041K->107819K(260032K), 0.0175870 secs] [Times: user=0.01 sys=0.00, real=0.02 secs] 
2012-10-23T18:56:01.960+0100: 347237.943: [GC 347237.944: [DefNew: 19136K->1539K(19136K), 0.0146970 secs] 124843K->107450K(260032K), 0.0152390 secs] [Times: user=0.01 sys=0.00, real=0.01 secs] 
2012-10-23T18:56:11.955+0100: 347247.938: [GC 347247.939: [DefNew: 18538K->1403K(19136K), 0.0145470 secs] 124449K->107540K(260032K), 0.0150870 secs] [Times: user=0.02 sys=0.00, real=0.02 secs] 
2012-10-23T18:56:23.956+0100: 347259.939: [GC 347259.940: [DefNew: 18427K->1439K(19136K), 0.0157340 secs] 124564K->107756K(260032K), 0.0164890 secs] [Times: user=0.02 sys=0.00, real=0.02 secs] 
2012-10-23T18:56:37.234+0100: 347273.217: [GC 347273.217: [DefNew: 18463K->947K(19136K), 0.0140810 secs] 124780K->107533K(260032K), 0.0146350 secs] [Times: user=0.02 sys=0.00, real=0.02 secs] 
2012-10-23T18:56:51.994+0100: 347287.977: [GC 347287.977: [DefNew: 17971K->2111K(19136K), 0.0163970 secs] 124557K->108728K(260032K), 0.0169680 secs] [Times: user=0.01 sys=0.00, real=0.02 secs] 
2012-10-23T18:57:05.937+0100: 347301.920: [GC 347301.921: [DefNew: 19135K->395K(19136K), 0.0150830 secs] 125752K->107525K(260032K), 0.0158070 secs] [Times: user=0.01 sys=0.00, real=0.02 secs] 
2012-10-23T18:57:21.937+0100: 347317.920: [GC 347317.920: [DefNew: 17419K->484K(19136K), 0.0108410 secs] 124549K->107614K(260032K), 0.0112540 secs] [Times: user=0.02 sys=0.00, real=0.02 secs] 
2012-10-23T18:57:31.954+0100: 347327.937: [GC 347327.937: [DefNew: 17508K->1755K(19136K), 0.0140830 secs] 124638K->108885K(260032K), 0.0150010 secs] [Times: user=0.01 sys=0.00, real=0.02 secs] 
2012-10-23T18:57:42.385+0100: 347338.368: [GC 347338.368: [DefNew: 18779K->997K(19136K), 0.0160140 secs] 125909K->108730K(260032K), 0.0165250 secs] [Times: user=0.02 sys=0.00, real=0.02 secs] 
2012-10-23T18:57:52.843+0100: 347348.826: [GC 347348.826: [DefNew: 18021K->1932K(19136K), 0.0148670 secs] 125754K->109665K(260032K), 0.0154150 secs] [Times: user=0.02 sys=0.00, real=0.02 secs] 
2012-10-23T18:58:03.942+0100: 347359.925: [GC 347359.926: [DefNew: 18956K->1379K(19136K), 0.0162100 secs] 126689K->109528K(260032K), 0.0167820 secs] [Times: user=0.01 sys=0.00, real=0.02 secs] 
2012-10-23T18:58:11.973+0100: 347367.956: [GC 347367.956: [DefNew: 18403K->2112K(19136K), 0.0170210 secs] 126552K->110676K(260032K), 0.0176680 secs] [Times: user=0.01 sys=0.00, real=0.02 secs] 
2012-10-23T18:58:25.941+0100: 347381.924: [GC 347381.924: [DefNew: 19136K->1060K(19136K), 0.0153550 secs] 127700K->109798K(260032K), 0.0159690 secs] [Times: user=0.01 sys=0.01, real=0.01 secs] 
2012-10-23T18:58:36.926+0100: 347392.909: [GC 347392.910: [DefNew: 18084K->1604K(19136K), 0.0160200 secs] 126822K->110614K(260032K), 0.0166990 secs] [Times: user=0.02 sys=0.00, real=0.02 secs] 
2012-10-23T18:58:49.269+0100: 347405.252: [GC 347405.252: [DefNew: 18614K->816K(19136K), 0.0237460 secs] 127624K->110049K(260032K), 0.0244120 secs] [Times: user=0.01 sys=0.01, real=0.02 secs] 
2012-10-23T18:59:00.026+0100: 347416.009: [GC 347416.009: [DefNew: 17840K->2111K(19136K), 0.0166870 secs] 127073K->111667K(260032K), 0.0173700 secs] [Times: user=0.01 sys=0.00, real=0.02 secs] 
2012-10-23T18:59:12.680+0100: 347428.663: [GC 347428.663: [DefNew: 19135K->1149K(19136K), 0.0166450 secs] 128691K->111090K(260032K), 0.0175320 secs] [Times: user=0.02 sys=0.00, real=0.02 secs] 
2012-10-23T18:59:25.281+0100: 347441.264: [GC 347441.264: [DefNew: 18173K->395K(19136K), 0.0138650 secs] 128114K->110648K(260032K), 0.0144050 secs] [Times: user=0.01 sys=0.00, real=0.01 secs] 
2012-10-23T18:59:37.877+0100: 347453.860: [GC 347453.860: [DefNew: 17419K->1416K(19136K), 0.0143210 secs] 127672K->111668K(260032K), 0.0148870 secs] [Times: user=0.02 sys=0.00, real=0.02 secs] 
2012-10-23T18:59:48.359+0100: 347464.342: [GC 347464.343: [DefNew: 18440K->1160K(19136K), 0.0167700 secs] 128692K->111909K(260032K), 0.0173520 secs] [Times: user=0.01 sys=0.00, real=0.01 secs] 
2012-10-23T18:59:57.669+0100: 347473.652: [GC 347473.653: [DefNew: 18184K->1716K(19136K), 0.0152650 secs] 128933K->112674K(260032K), 0.0159680 secs] [Times: user=0.00 sys=0.00, real=0.01 secs] 
2012-10-23T19:00:09.326+0100: 347485.309: [GC 347485.310: [DefNew: 18740K->2068K(19136K), 0.0151910 secs] 129698K->113234K(260032K), 0.0157660 secs] [Times: user=0.02 sys=0.00, real=0.02 secs] 
2012-10-23T19:00:19.840+0100: 347495.823: [GC 347495.823: [DefNew: 19092K->1766K(19136K), 0.0152730 secs] 130258K->113068K(260032K), 0.0158750 secs] [Times: user=0.01 sys=0.00, real=0.01 secs] 
2012-10-23T19:00:32.105+0100: 347508.088: [GC 347508.089: [DefNew: 18790K->1618K(19136K), 0.0156800 secs] 130092K->113149K(260032K), 0.0162960 secs] [Times: user=0.02 sys=0.00, real=0.02 secs] 
2012-10-23T19:00:44.399+0100: 347520.383: [GC 347520.383: [DefNew: 18642K->1171K(19136K), 0.0221490 secs] 130173K->112968K(260032K), 0.0230690 secs] [Times: user=0.02 sys=0.00, real=0.02 secs] 
2012-10-23T19:00:57.646+0100: 347533.629: [GC 347533.630: [DefNew: 18195K->498K(19136K), 0.0143430 secs] 129992K->112518K(260032K), 0.0148890 secs] [Times: user=0.01 sys=0.00, real=0.02 secs] 
2012-10-23T19:01:08.160+0100: 347544.143: [GC 347544.143: [DefNew: 17522K->1484K(19136K), 0.0153170 secs] 129542K->113505K(260032K), 0.0160830 secs] [Times: user=0.01 sys=0.00, real=0.01 secs] 
2012-10-23T19:01:22.847+0100: 347558.830: [GC 347558.830: [DefNew: 18508K->1487K(19136K), 0.0211890 secs] 130529K->114029K(260032K), 0.0218310 secs] [Times: user=0.02 sys=0.00, real=0.03 secs] 
2012-10-23T19:01:35.448+0100: 347571.431: [GC 347571.432: [DefNew: 18511K->426K(19136K), 0.0136710 secs] 131053K->113223K(260032K), 0.0143350 secs] [Times: user=0.01 sys=0.00, real=0.01 secs] 
2012-10-23T19:01:45.982+0100: 347581.965: [GC 347581.965: [DefNew: 17450K->1161K(19136K), 0.0138150 secs] 130247K->113957K(260032K), 0.0143540 secs] [Times: user=0.01 sys=0.00, real=0.01 secs] 
2012-10-23T19:01:57.713+0100: 347593.696: [GC 347593.697: [DefNew: 18185K->998K(19136K), 0.0155290 secs] 130981K->114028K(260032K), 0.0161510 secs] [Times: user=0.01 sys=0.00, real=0.02 secs] 
2012-10-23T19:02:07.963+0100: 347603.946: [GC 347603.946: [DefNew: 18009K->1648K(19136K), 0.0152370 secs] 131039K->114677K(260032K), 0.0158250 secs] [Times: user=0.02 sys=0.00, real=0.02 secs] 
2012-10-23T19:02:17.426+0100: 347613.410: [GC 347613.410: [DefNew: 18672K->2112K(19136K), 0.0189270 secs] 131701K->115835K(260032K), 0.0195550 secs] [Times: user=0.03 sys=0.00, real=0.02 secs] 
2012-10-23T19:02:32.171+0100: 347628.155: [GC 347628.155: [DefNew: 19136K->490K(19136K), 0.0138410 secs] 132859K->114452K(260032K), 0.0143780 secs] [Times: user=0.00 sys=0.00, real=0.01 secs] 
2012-10-23T19:02:43.990+0100: 347639.973: [GC 347639.974: [DefNew: 17514K->1255K(19136K), 0.0132820 secs] 131476K->115217K(260032K), 0.0138360 secs] [Times: user=0.02 sys=0.00, real=0.01 secs] 
2012-10-23T19:03:01.563+0100: 347657.546: [GC 347657.546: [DefNew: 18279K->1319K(19136K), 0.0141090 secs] 132241K->115535K(260032K), 0.0145900 secs] [Times: user=0.02 sys=0.00, real=0.02 secs] 
2012-10-23T19:03:16.284+0100: 347672.267: [GC 347672.267: [DefNew: 18343K->984K(19136K), 0.0150450 secs] 132559K->115585K(260032K), 0.0155400 secs] [Times: user=0.02 sys=0.00, real=0.02 secs] 
2012-10-23T19:03:28.879+0100: 347684.862: [GC 347684.863: [DefNew: 18008K->2112K(19136K), 0.0152600 secs] 132609K->117041K(260032K), 0.0157390 secs] [Times: user=0.01 sys=0.00, real=0.01 secs] 
2012-10-23T19:03:41.434+0100: 347697.417: [GC 347697.418: [DefNew: 19136K->1792K(19136K), 0.0160050 secs] 134065K->117137K(260032K), 0.0165570 secs] [Times: user=0.02 sys=0.00, real=0.02 secs] 
2012-10-23T19:03:49.962+0100: 347705.945: [GC 347705.945: [DefNew: 18816K->2111K(19136K), 0.0169230 secs] 134161K->117971K(260032K), 0.0175940 secs] [Times: user=0.02 sys=0.00, real=0.02 secs] 
2012-10-23T19:04:00.381+0100: 347716.364: [GC 347716.365: [DefNew: 19135K->1236K(19136K), 0.0141320 secs] 134995K->117307K(260032K), 0.0147280 secs] [Times: user=0.02 sys=0.00, real=0.01 secs] 
2012-10-23T19:04:11.948+0100: 347727.931: [GC 347727.932: [DefNew: 18253K->397K(19136K), 0.0129800 secs] 134324K->116692K(260032K), 0.0135200 secs] [Times: user=0.01 sys=0.00, real=0.01 secs] 
2012-10-23T19:04:21.362+0100: 347737.345: [GC 347737.345: [DefNew: 17421K->1825K(19136K), 0.0149300 secs] 133716K->118120K(260032K), 0.0155710 secs] [Times: user=0.02 sys=0.00, real=0.02 secs] 
2012-10-23T19:04:35.965+0100: 347751.948: [GC 347751.948: [DefNew: 18849K->1630K(19136K), 0.0171990 secs] 135144K->118363K(260032K), 0.0178250 secs] [Times: user=0.01 sys=0.00, real=0.02 secs] 
2012-10-23T19:04:51.945+0100: 347767.928: [GC 347767.928: [DefNew: 18654K->309K(19136K), 0.0133640 secs] 135387K->117295K(260032K), 0.0138440 secs] [Times: user=0.01 sys=0.00, real=0.02 secs] 
2012-10-23T19:05:03.348+0100: 347779.331: [GC 347779.331: [DefNew: 17333K->2112K(19136K), 0.0138400 secs] 134319K->119391K(260032K), 0.0143060 secs] [Times: user=0.01 sys=0.00, real=0.01 secs] 
2012-10-23T19:05:18.071+0100: 347794.054: [GC 347794.054: [DefNew: 19136K->1257K(19136K), 0.0160060 secs] 136415K->118840K(260032K), 0.0166510 secs] [Times: user=0.01 sys=0.01, real=0.02 secs] 
2012-10-23T19:05:32.732+0100: 347808.715: [GC 347808.715: [DefNew: 18281K->953K(19136K), 0.0215840 secs] 135864K->118802K(260032K), 0.0221960 secs] [Times: user=0.02 sys=0.00, real=0.02 secs] 
2012-10-23T19:05:43.247+0100: 347819.230: [GC 347819.230: [DefNew: 17977K->1378K(19136K), 0.0133830 secs] 135826K->119228K(260032K), 0.0138670 secs] [Times: user=0.01 sys=0.00, real=0.02 secs] 
2012-10-23T19:05:53.966+0100: 347829.949: [GC 347829.949: [DefNew: 18402K->1144K(19136K), 0.0167580 secs] 136252K->119469K(260032K), 0.0173710 secs] [Times: user=0.02 sys=0.00, real=0.02 secs] 
2012-10-23T19:06:03.981+0100: 347839.964: [GC 347839.964: [DefNew: 18168K->1762K(19136K), 0.0160080 secs] 136493K->120350K(260032K), 0.0167060 secs] [Times: user=0.02 sys=0.00, real=0.02 secs] 
2012-10-23T19:06:14.783+0100: 347850.766: [GC 347850.767: [DefNew: 18786K->2112K(19136K), 0.0168260 secs] 137374K->121022K(260032K), 0.0178810 secs] [Times: user=0.01 sys=0.00, real=0.02 secs] 
2012-10-23T19:06:23.964+0100: 347859.947: [GC 347859.947: [DefNew: 19136K->1734K(19136K), 0.0170370 secs] 138046K->120825K(260032K), 0.0177020 secs] [Times: user=0.02 sys=0.00, real=0.02 secs] 
2012-10-23T19:06:43.971+0100: 347879.954: [GC 347879.954: [DefNew: 18758K->1476K(19136K), 0.0139500 secs] 137849K->120767K(260032K), 0.0144650 secs] [Times: user=0.01 sys=0.00, real=0.01 secs] 
2012-10-23T19:06:55.958+0100: 347891.941: [GC 347891.942: [DefNew: 18487K->533K(19136K), 0.0115780 secs] 137778K->119962K(260032K), 0.0120290 secs] [Times: user=0.01 sys=0.00, real=0.01 secs] 
2012-10-23T19:07:07.239+0100: 347903.222: [GC 347903.222: [DefNew: 17557K->1777K(19136K), 0.0139600 secs] 136986K->121206K(260032K), 0.0144730 secs] [Times: user=0.02 sys=0.00, real=0.01 secs] 
2012-10-23T19:07:21.950+0100: 347917.933: [GC 347917.933: [DefNew: 18801K->708K(19136K), 0.0146350 secs] 138230K->120595K(260032K), 0.0151260 secs] [Times: user=0.01 sys=0.00, real=0.01 secs] 
2012-10-23T19:07:36.631+0100: 347932.614: [GC 347932.614: [DefNew: 17732K->1835K(19136K), 0.0086700 secs] 137619K->121721K(260032K), 0.0090490 secs] [Times: user=0.01 sys=0.00, real=0.01 secs] 
2012-10-23T19:07:47.156+0100: 347943.139: [GC 347943.139: [DefNew: 18859K->1710K(19136K), 0.0173590 secs] 138745K->122000K(260032K), 0.0179930 secs] [Times: user=0.03 sys=0.00, real=0.02 secs] 
2012-10-23T19:07:58.843+0100: 347954.826: [GC 347954.826: [DefNew: 18734K->1401K(19136K), 0.0147760 secs] 139024K->121934K(260032K), 0.0153000 secs] [Times: user=0.03 sys=0.00, real=0.02 secs] 
2012-10-23T19:08:10.222+0100: 347966.205: [GC 347966.205: [DefNew: 18425K->1803K(19136K), 0.0142720 secs] 138958K->122498K(260032K), 0.0147850 secs] [Times: user=0.01 sys=0.00, real=0.01 secs] 
2012-10-23T19:08:19.967+0100: 347975.950: [GC 347975.950: [DefNew: 18827K->1849K(19136K), 0.0154810 secs] 139522K->122766K(260032K), 0.0160890 secs] [Times: user=0.02 sys=0.00, real=0.02 secs] 
2012-10-23T19:08:33.966+0100: 347989.949: [GC 347989.949: [DefNew: 18854K->1060K(19136K), 0.0134400 secs] 139772K->122202K(260032K), 0.0139540 secs] [Times: user=0.02 sys=0.00, real=0.02 secs] 
2012-10-23T19:08:48.046+0100: 348004.029: [GC 348004.029: [DefNew: 18084K->1157K(19136K), 0.0127130 secs] 139226K->122434K(260032K), 0.0132010 secs] [Times: user=0.01 sys=0.00, real=0.02 secs] 
2012-10-23T19:09:00.669+0100: 348016.652: [GC 348016.652: [DefNew: 18181K->1435K(19136K), 0.0140080 secs] 139458K->122868K(260032K), 0.0145080 secs] [Times: user=0.01 sys=0.00, real=0.01 secs] 
2012-10-23T19:09:13.950+0100: 348029.933: [GC 348029.933: [DefNew: 18459K->1111K(19136K), 0.0140030 secs] 139892K->122793K(260032K), 0.0144770 secs] [Times: user=0.02 sys=0.00, real=0.01 secs] 
2012-10-23T19:09:27.978+0100: 348043.961: [GC 348043.961: [DefNew: 18135K->1359K(19136K), 0.0145680 secs] 139817K->123240K(260032K), 0.0150700 secs] [Times: user=0.01 sys=0.00, real=0.01 secs] 
2012-10-23T19:09:37.961+0100: 348053.944: [GC 348053.944: [DefNew: 18383K->1629K(19136K), 0.0156140 secs] 140264K->123766K(260032K), 0.0162170 secs] [Times: user=0.02 sys=0.00, real=0.01 secs] 
2012-10-23T19:09:51.956+0100: 348067.939: [GC 348067.939: [DefNew: 18629K->406K(19136K), 0.0121020 secs] 140767K->122748K(260032K), 0.0126050 secs] [Times: user=0.01 sys=0.00, real=0.02 secs] 
2012-10-23T19:10:01.553+0100: 348077.536: [GC 348077.537: [DefNew: 17430K->545K(19136K), 0.0116300 secs] 139772K->122887K(260032K), 0.0121660 secs] [Times: user=0.02 sys=0.00, real=0.01 secs] 
2012-10-23T19:10:12.025+0100: 348088.009: [GC 348088.009: [DefNew: 17569K->1889K(19136K), 0.0142940 secs] 139911K->124232K(260032K), 0.0148360 secs] [Times: user=0.02 sys=0.00, real=0.02 secs] 
2012-10-23T19:10:20.440+0100: 348096.423: [GC 348096.424: [DefNew: 18913K->1774K(19136K), 0.0174410 secs] 141256K->124655K(260032K), 0.0180090 secs] [Times: user=0.02 sys=0.00, real=0.02 secs] 
2012-10-23T19:10:33.804+0100: 348109.787: [GC 348109.787: [DefNew: 18798K->1026K(19136K), 0.0141040 secs] 141679K->124101K(260032K), 0.0146690 secs] [Times: user=0.02 sys=0.00, real=0.02 secs] 
2012-10-23T19:10:47.961+0100: 348123.944: [GC 348123.945: [DefNew: 18050K->1808K(19136K), 0.0143700 secs] 141125K->124882K(260032K), 0.0149880 secs] [Times: user=0.01 sys=0.00, real=0.01 secs] 
2012-10-23T19:11:00.366+0100: 348136.349: [GC 348136.349: [DefNew: 18832K->1219K(19136K), 0.0158220 secs] 141906K->124689K(260032K), 0.0163420 secs] [Times: user=0.02 sys=0.00, real=0.02 secs] 
2012-10-23T19:11:11.954+0100: 348147.937: [GC 348147.937: [DefNew: 18243K->503K(19136K), 0.0128200 secs] 141713K->124226K(260032K), 0.0133370 secs] [Times: user=0.01 sys=0.00, real=0.02 secs] 
2012-10-23T19:11:27.965+0100: 348163.948: [GC 348163.948: [DefNew: 17527K->1170K(19136K), 0.0125840 secs] 141250K->124893K(260032K), 0.0130400 secs] [Times: user=0.02 sys=0.00, real=0.02 secs] 
2012-10-23T19:11:39.951+0100: 348175.934: [GC 348175.934: [DefNew: 18194K->1837K(19136K), 0.0157590 secs] 141917K->125807K(260032K), 0.0163850 secs] [Times: user=0.01 sys=0.00, real=0.02 secs] 
2012-10-23T19:11:51.967+0100: 348187.950: [GC 348187.951: [DefNew: 18845K->920K(19136K), 0.0158250 secs] 142815K->125303K(260032K), 0.0165200 secs] [Times: user=0.02 sys=0.00, real=0.02 secs] 
2012-10-23T19:12:05.976+0100: 348201.959: [GC 348201.959: [DefNew: 17944K->2112K(19136K), 0.0146690 secs] 142327K->126504K(260032K), 0.0151760 secs] [Times: user=0.01 sys=0.00, real=0.02 secs] 
2012-10-23T19:12:15.971+0100: 348211.955: [GC 348211.955: [DefNew: 19136K->584K(19136K), 0.0145860 secs] 143528K->125441K(260032K), 0.0150920 secs] [Times: user=0.01 sys=0.01, real=0.01 secs] 
2012-10-23T19:12:31.962+0100: 348227.945: [GC 348227.945: [DefNew: 17608K->1277K(19136K), 0.0124910 secs] 142465K->126134K(260032K), 0.0129380 secs] [Times: user=0.01 sys=0.00, real=0.01 secs] 
2012-10-23T19:12:42.691+0100: 348238.674: [GC 348238.675: [DefNew: 18279K->527K(19136K), 0.0135520 secs] 143136K->125746K(260032K), 0.0140610 secs] [Times: user=0.01 sys=0.00, real=0.01 secs] 
2012-10-23T19:12:54.772+0100: 348250.755: [GC 348250.755: [DefNew: 17551K->1626K(19136K), 0.0126800 secs] 142770K->126845K(260032K), 0.0131360 secs] [Times: user=0.02 sys=0.00, real=0.01 secs] 
2012-10-23T19:13:10.526+0100: 348266.509: [GC 348266.510: [DefNew: 18650K->1225K(19136K), 0.0141480 secs] 143869K->126846K(260032K), 0.0146000 secs] [Times: user=0.01 sys=0.00, real=0.02 secs] 
2012-10-23T19:13:21.078+0100: 348277.061: [GC 348277.061: [DefNew: 18249K->1573K(19136K), 0.0145070 secs] 143870K->127372K(260032K), 0.0150150 secs] [Times: user=0.01 sys=0.00, real=0.01 secs] 
2012-10-23T19:13:37.670+0100: 348293.653: [GC 348293.654: [DefNew: 18596K->467K(19136K), 0.0142220 secs] 144396K->126532K(260032K), 0.0147050 secs] [Times: user=0.01 sys=0.00, real=0.01 secs] 
2012-10-23T19:13:47.986+0100: 348303.969: [GC 348303.969: [DefNew: 17491K->1361K(19136K), 0.0133390 secs] 143555K->127425K(260032K), 0.0138540 secs] [Times: user=0.02 sys=0.00, real=0.02 secs] 
2012-10-23T19:13:58.854+0100: 348314.837: [GC 348314.838: [DefNew: 18385K->2111K(19136K), 0.0276580 secs] 144449K->129064K(260032K), 0.0289290 secs] [Times: user=0.03 sys=0.00, real=0.03 secs] 
2012-10-23T19:14:09.985+0100: 348325.968: [GC 348325.968: [DefNew: 19135K->1389K(19136K), 0.0159950 secs] 146088K->128598K(260032K), 0.0168050 secs] [Times: user=0.02 sys=0.00, real=0.02 secs] 
2012-10-23T19:14:19.969+0100: 348335.952: [GC 348335.952: [DefNew: 18413K->1759K(19136K), 0.0165810 secs] 145622K->129261K(260032K), 0.0172180 secs] [Times: user=0.02 sys=0.00, real=0.01 secs] 
2012-10-23T19:14:31.979+0100: 348347.962: [GC 348347.963: [DefNew: 18783K->1715K(19136K), 0.0159350 secs] 146285K->129440K(260032K), 0.0166400 secs] [Times: user=0.01 sys=0.00, real=0.01 secs] 
2012-10-23T19:14:40.877+0100: 348356.860: [GC 348356.861: [DefNew: 18739K->1685K(19136K), 0.0161110 secs] 146464K->129635K(260032K), 0.0168720 secs] [Times: user=0.03 sys=0.00, real=0.02 secs] 
2012-10-23T19:14:52.086+0100: 348368.069: [GC 348368.070: [DefNew: 18706K->1702K(19136K), 0.0159270 secs] 146656K->129873K(260032K), 0.0165700 secs] [Times: user=0.01 sys=0.00, real=0.02 secs] 
2012-10-23T19:15:05.967+0100: 348381.950: [GC 348381.950: [DefNew: 18726K->1341K(19136K), 0.0151250 secs] 146897K->129749K(260032K), 0.0157160 secs] [Times: user=0.02 sys=0.00, real=0.02 secs] 
2012-10-23T19:15:17.650+0100: 348393.633: [GC 348393.634: [DefNew: 18365K->1615K(19136K), 0.0164730 secs] 146773K->130249K(260032K), 0.0173060 secs] [Times: user=0.02 sys=0.00, real=0.02 secs] 
2012-10-23T19:15:27.970+0100: 348403.953: [GC 348403.953: [DefNew: 18639K->1691K(19136K), 0.0152670 secs] 147273K->130504K(260032K), 0.0158960 secs] [Times: user=0.01 sys=0.01, real=0.01 secs] 
2012-10-23T19:15:43.845+0100: 348419.828: [GC 348419.829: [DefNew: 18715K->2093K(19136K), 0.0165900 secs] 147528K->131131K(260032K), 0.0171560 secs] [Times: user=0.02 sys=0.00, real=0.02 secs] 
2012-10-23T19:15:53.995+0100: 348429.978: [GC 348429.978: [DefNew: 19117K->1704K(19136K), 0.0160480 secs] 148155K->130939K(260032K), 0.0166090 secs] [Times: user=0.02 sys=0.00, real=0.02 secs] 
2012-10-23T19:16:05.965+0100: 348441.948: [GC 348441.948: [DefNew: 18728K->1278K(19136K), 0.0143980 secs] 147963K->130731K(260032K), 0.0149500 secs] [Times: user=0.02 sys=0.00, real=0.02 secs] 
2012-10-23T19:16:15.367+0100: 348451.350: [GC 348451.350: [DefNew: 18302K->427K(19136K), 0.0131940 secs] 147755K->130149K(260032K), 0.0136980 secs] [Times: user=0.01 sys=0.00, real=0.02 secs] 
2012-10-23T19:16:25.956+0100: 348461.939: [GC 348461.939: [DefNew: 17446K->571K(19136K), 0.0125280 secs] 147168K->130293K(260032K), 0.0130740 secs] [Times: user=0.01 sys=0.00, real=0.02 secs] 
2012-10-23T19:16:36.378+0100: 348472.361: [GC 348472.361: [DefNew: 17595K->2111K(19136K), 0.0168550 secs] 147317K->131952K(260032K), 0.0174730 secs] [Times: user=0.01 sys=0.00, real=0.01 secs] 
2012-10-23T19:16:48.976+0100: 348484.959: [GC 348484.959: [DefNew: 19135K->1281K(19136K), 0.0186120 secs] 148976K->131731K(260032K), 0.0192720 secs] [Times: user=0.02 sys=0.00, real=0.02 secs] 
2012-10-23T19:17:01.531+0100: 348497.514: [GC 348497.515: [DefNew: 18305K->307K(19136K), 0.0132870 secs] 148755K->131040K(260032K), 0.0138030 secs] [Times: user=0.01 sys=0.00, real=0.01 secs] 
2012-10-23T19:17:15.974+0100: 348511.957: [GC 348511.958: [DefNew: 17331K->1748K(19136K), 0.0141970 secs] 148064K->132481K(260032K), 0.0147230 secs] [Times: user=0.02 sys=0.00, real=0.02 secs] 
2012-10-23T19:17:26.742+0100: 348522.725: [GC 348522.725: [DefNew: 18772K->421K(19136K), 0.0141380 secs] 149505K->131527K(260032K), 0.0146360 secs] [Times: user=0.01 sys=0.00, real=0.01 secs] 
2012-10-23T19:17:41.958+0100: 348537.941: [GC 348537.942: [DefNew: 17445K->1620K(19136K), 0.0135740 secs] 148551K->132726K(260032K), 0.0140690 secs] [Times: user=0.01 sys=0.00, real=0.01 secs] 
2012-10-23T19:17:51.997+0100: 348547.980: [GC 348547.980: [DefNew: 18627K->891K(19136K), 0.0151870 secs] 149733K->132445K(260032K), 0.0157240 secs] [Times: user=0.02 sys=0.00, real=0.02 secs] 
2012-10-23T19:18:04.560+0100: 348560.543: [GC 348560.544: [DefNew: 17915K->1600K(19136K), 0.0143380 secs] 149469K->133154K(260032K), 0.0148640 secs] [Times: user=0.01 sys=0.00, real=0.01 secs] 
2012-10-23T19:18:15.049+0100: 348571.032: [GC 348571.033: [DefNew: 18624K->2112K(19136K), 0.0200440 secs] 150178K->134607K(260032K), 0.0212640 secs] [Times: user=0.02 sys=0.00, real=0.02 secs] 
2012-10-23T19:18:15.081+0100: 348571.064: [GC [1 CMS-initial-mark: 132495K(240896K)] 134826K(260032K), 0.0166460 secs] [Times: user=0.01 sys=0.00, real=0.02 secs] 
2012-10-23T19:18:15.103+0100: 348571.086: [CMS-concurrent-mark-start]
2012-10-23T19:18:15.225+0100: 348571.208: [CMS-concurrent-mark: 0.122/0.122 secs] [Times: user=0.12 sys=0.00, real=0.12 secs] 
2012-10-23T19:18:15.226+0100: 348571.209: [CMS-concurrent-preclean-start]
2012-10-23T19:18:15.229+0100: 348571.212: [CMS-concurrent-preclean: 0.004/0.004 secs] [Times: user=0.01 sys=0.00, real=0.01 secs] 
2012-10-23T19:18:15.230+0100: 348571.213: [GC[YG occupancy: 2839 K (19136 K)]348571.213: [Rescan (non-parallel) 348571.213: [grey object rescan, 0.0008650 secs]348571.214: [root rescan, 0.0086400 secs], 0.0095520 secs]348571.223: [weak refs processing, 0.0703370 secs] [1 CMS-remark: 132495K(240896K)] 135334K(260032K), 0.0822580 secs] [Times: user=0.08 sys=0.00, real=0.08 secs] 
2012-10-23T19:18:15.320+0100: 348571.303: [CMS-concurrent-sweep-start]
2012-10-23T19:18:15.583+0100: 348571.566: [CMS-concurrent-sweep: 0.263/0.263 secs] [Times: user=0.27 sys=0.00, real=0.26 secs] 
2012-10-23T19:18:15.584+0100: 348571.566: [CMS-concurrent-reset-start]
2012-10-23T19:18:15.587+0100: 348571.570: [CMS-concurrent-reset: 0.003/0.003 secs] [Times: user=0.00 sys=0.00, real=0.00 secs] 
2012-10-23T19:18:24.039+0100: 348580.022: [GC 348580.022: [DefNew: 19136K->2112K(19136K), 0.0495170 secs] 63405K->47197K(260032K), 0.0502400 secs] [Times: user=0.05 sys=0.00, real=0.05 secs] 
2012-10-23T19:18:37.953+0100: 348593.936: [GC 348593.936: [DefNew: 19136K->1747K(19136K), 0.0307160 secs] 64221K->48198K(260032K), 0.0314640 secs] [Times: user=0.04 sys=0.00, real=0.03 secs] 
2012-10-23T19:18:46.527+0100: 348602.510: [GC 348602.510: [DefNew: 18771K->1576K(19136K), 0.0151370 secs] 65222K->48260K(260032K), 0.0158140 secs] [Times: user=0.01 sys=0.00, real=0.02 secs] 
2012-10-23T19:18:59.173+0100: 348615.156: [GC 348615.156: [DefNew: 18600K->1975K(19136K), 0.0164060 secs] 65284K->48837K(260032K), 0.0170210 secs] [Times: user=0.01 sys=0.00, real=0.02 secs] 
2012-10-23T19:19:14.023+0100: 348630.006: [GC 348630.007: [DefNew: 18999K->1105K(19136K), 0.0156410 secs] 65861K->48225K(260032K), 0.0162470 secs] [Times: user=0.02 sys=0.00, real=0.02 secs] 
2012-10-23T19:19:25.968+0100: 348641.951: [GC 348641.951: [DefNew: 18129K->348K(19136K), 0.0138690 secs] 65249K->47711K(260032K), 0.0144460 secs] [Times: user=0.01 sys=0.00, real=0.01 secs] 
2012-10-23T19:19:41.175+0100: 348657.158: [GC 348657.159: [DefNew: 17372K->610K(19136K), 0.0117820 secs] 64735K->47974K(260032K), 0.0122600 secs] [Times: user=0.02 sys=0.00, real=0.02 secs] 
2012-10-23T19:19:53.065+0100: 348669.048: [GC 348669.048: [DefNew: 17634K->1540K(19136K), 0.0167280 secs] 64998K->48904K(260032K), 0.0173140 secs] [Times: user=0.01 sys=0.00, real=0.02 secs] 
2012-10-23T19:20:08.443+0100: 348684.426: [GC 348684.427: [DefNew: 18564K->1645K(19136K), 0.0169310 secs] 65928K->49632K(260032K), 0.0174270 secs] [Times: user=0.01 sys=0.00, real=0.02 secs] 
2012-10-23T19:20:18.942+0100: 348694.925: [GC 348694.925: [DefNew: 18669K->1710K(19136K), 0.0143710 secs] 66656K->49847K(260032K), 0.0148790 secs] [Times: user=0.02 sys=0.00, real=0.01 secs] 
2012-10-23T19:20:33.654+0100: 348709.637: [GC 348709.637: [DefNew: 18734K->964K(19136K), 0.0136400 secs] 66871K->49321K(260032K), 0.0144030 secs] [Times: user=0.02 sys=0.00, real=0.02 secs] 
2012-10-23T19:20:44.131+0100: 348720.114: [GC 348720.114: [DefNew: 17988K->1715K(19136K), 0.0136440 secs] 66345K->50072K(260032K), 0.0141110 secs] [Times: user=0.01 sys=0.00, real=0.01 secs] 
2012-10-23T19:20:56.726+0100: 348732.709: [GC 348732.710: [DefNew: 18739K->1165K(19136K), 0.0148620 secs] 67096K->49888K(260032K), 0.0153880 secs] [Times: user=0.01 sys=0.00, real=0.02 secs] 
2012-10-23T19:21:07.972+0100: 348743.955: [GC 348743.955: [DefNew: 18189K->974K(19136K), 0.0143010 secs] 66912K->49963K(260032K), 0.0148630 secs] [Times: user=0.01 sys=0.00, real=0.01 secs] 
2012-10-23T19:21:21.980+0100: 348757.964: [GC 348757.964: [DefNew: 17998K->1076K(19136K), 0.0135850 secs] 66987K->50065K(260032K), 0.0141210 secs] [Times: user=0.01 sys=0.00, real=0.01 secs] 
2012-10-23T19:21:33.984+0100: 348769.967: [GC 348769.968: [DefNew: 18100K->2021K(19136K), 0.0162090 secs] 67089K->51278K(260032K), 0.0167880 secs] [Times: user=0.01 sys=0.00, real=0.02 secs] 
2012-10-23T19:21:47.869+0100: 348783.852: [GC 348783.852: [DefNew: 19028K->1018K(19136K), 0.0250340 secs] 68284K->50634K(260032K), 0.0256490 secs] [Times: user=0.02 sys=0.00, real=0.02 secs] 
2012-10-23T19:21:57.961+0100: 348793.944: [GC 348793.944: [DefNew: 18042K->1919K(19136K), 0.0147680 secs] 67658K->51535K(260032K), 0.0153200 secs] [Times: user=0.02 sys=0.00, real=0.01 secs] 
2012-10-23T19:22:11.984+0100: 348807.967: [GC 348807.967: [DefNew: 18943K->1451K(19136K), 0.0167400 secs] 68559K->51636K(260032K), 0.0172810 secs] [Times: user=0.02 sys=0.00, real=0.02 secs] 
2012-10-23T19:22:21.968+0100: 348817.951: [GC 348817.952: [DefNew: 18459K->863K(19136K), 0.0121220 secs] 68644K->51183K(260032K), 0.0126400 secs] [Times: user=0.01 sys=0.00, real=0.01 secs] 
2012-10-23T19:22:31.980+0100: 348827.963: [GC 348827.963: [DefNew: 17887K->1115K(19136K), 0.0124310 secs] 68207K->51434K(260032K), 0.0129560 secs] [Times: user=0.01 sys=0.00, real=0.01 secs] 
2012-10-23T19:22:43.984+0100: 348839.967: [GC 348839.967: [DefNew: 18139K->2111K(19136K), 0.0164260 secs] 68458K->52658K(260032K), 0.0170620 secs] [Times: user=0.02 sys=0.00, real=0.02 secs] 
2012-10-23T19:22:55.980+0100: 348851.963: [GC 348851.963: [DefNew: 19135K->1188K(19136K), 0.0151590 secs] 69682K->52171K(260032K), 0.0157100 secs] [Times: user=0.02 sys=0.00, real=0.01 secs] 
2012-10-23T19:23:07.897+0100: 348863.880: [GC 348863.880: [DefNew: 18212K->1557K(19136K), 0.0147990 secs] 69195K->52765K(260032K), 0.0155090 secs] [Times: user=0.02 sys=0.00, real=0.02 secs] 
2012-10-23T19:23:22.012+0100: 348877.995: [GC 348877.995: [DefNew: 18581K->1587K(19136K), 0.0140900 secs] 69789K->52977K(260032K), 0.0146820 secs] [Times: user=0.01 sys=0.00, real=0.01 secs] 
2012-10-23T19:23:33.987+0100: 348889.970: [GC 348889.970: [DefNew: 18611K->1126K(19136K), 0.0133160 secs] 70001K->52695K(260032K), 0.0138210 secs] [Times: user=0.01 sys=0.00, real=0.02 secs] 
2012-10-23T19:23:48.984+0100: 348904.967: [GC 348904.967: [DefNew: 18150K->1734K(19136K), 0.0142720 secs] 69719K->53530K(260032K), 0.0147500 secs] [Times: user=0.02 sys=0.00, real=0.02 secs] 
2012-10-23T19:24:01.525+0100: 348917.508: [GC 348917.509: [DefNew: 18758K->402K(19136K), 0.0112070 secs] 70554K->52407K(260032K), 0.0117000 secs] [Times: user=0.01 sys=0.00, real=0.02 secs] 
2012-10-23T19:24:12.879+0100: 348928.862: [GC 348928.862: [DefNew: 17426K->1302K(19136K), 0.0205110 secs] 69431K->53306K(260032K), 0.0210480 secs] [Times: user=0.01 sys=0.00, real=0.02 secs] 
2012-10-23T19:24:24.047+0100: 348940.030: [GC 348940.030: [DefNew: 18326K->1865K(19136K), 0.0161160 secs] 70330K->54137K(260032K), 0.0166820 secs] [Times: user=0.01 sys=0.00, real=0.02 secs] 
2012-10-23T19:24:35.141+0100: 348951.124: [GC 348951.124: [DefNew: 18889K->1152K(19136K), 0.0152870 secs] 71161K->53829K(260032K), 0.0157680 secs] [Times: user=0.02 sys=0.00, real=0.01 secs] 
2012-10-23T19:24:46.097+0100: 348962.080: [GC 348962.081: [DefNew: 18176K->1765K(19136K), 0.0150640 secs] 70853K->54677K(260032K), 0.0156880 secs] [Times: user=0.00 sys=0.01, real=0.01 secs] 
2012-10-23T19:24:58.241+0100: 348974.225: [GC 348974.225: [DefNew: 18789K->1233K(19136K), 0.0100900 secs] 71701K->54367K(260032K), 0.0106020 secs] [Times: user=0.01 sys=0.00, real=0.01 secs] 
2012-10-23T19:25:12.960+0100: 348988.943: [GC 348988.943: [DefNew: 18257K->315K(19136K), 0.0118880 secs] 71391K->53686K(260032K), 0.0123310 secs] [Times: user=0.01 sys=0.00, real=0.01 secs] 
2012-10-23T19:25:26.025+0100: 349002.008: [GC 349002.008: [DefNew: 17322K->1378K(19136K), 0.0133940 secs] 70693K->54749K(260032K), 0.0139380 secs] [Times: user=0.02 sys=0.00, real=0.02 secs] 
2012-10-23T19:25:38.133+0100: 349014.116: [GC 349014.117: [DefNew: 18402K->888K(19136K), 0.0137110 secs] 71773K->54659K(260032K), 0.0141730 secs] [Times: user=0.02 sys=0.00, real=0.02 secs] 
2012-10-23T19:25:51.987+0100: 349027.970: [GC 349027.970: [DefNew: 17910K->1851K(19136K), 0.0140120 secs] 71682K->55622K(260032K), 0.0145800 secs] [Times: user=0.02 sys=0.00, real=0.02 secs] 
2012-10-23T19:26:03.983+0100: 349039.966: [GC 349039.966: [DefNew: 18875K->1590K(19136K), 0.0157690 secs] 72646K->55867K(260032K), 0.0162900 secs] [Times: user=0.01 sys=0.00, real=0.02 secs] 
2012-10-23T19:26:18.055+0100: 349054.038: [GC 349054.038: [DefNew: 18614K->1657K(19136K), 0.0148140 secs] 72891K->56233K(260032K), 0.0154730 secs] [Times: user=0.01 sys=0.00, real=0.02 secs] 
2012-10-23T19:26:28.563+0100: 349064.546: [GC 349064.547: [DefNew: 18681K->1310K(19136K), 0.0142250 secs] 73257K->56045K(260032K), 0.0149990 secs] [Times: user=0.02 sys=0.00, real=0.02 secs] 
2012-10-23T19:26:45.327+0100: 349081.310: [GC 349081.310: [DefNew: 18334K->272K(19136K), 0.0109680 secs] 73069K->55243K(260032K), 0.0113550 secs] [Times: user=0.02 sys=0.00, real=0.02 secs] 
2012-10-23T19:26:53.991+0100: 349089.974: [GC 349089.974: [DefNew: 17275K->1931K(19136K), 0.0145380 secs] 72247K->56902K(260032K), 0.0150910 secs] [Times: user=0.01 sys=0.01, real=0.01 secs] 
2012-10-23T19:27:06.376+0100: 349102.359: [GC 349102.359: [DefNew: 18955K->1741K(19136K), 0.0164970 secs] 73926K->57097K(260032K), 0.0173300 secs] [Times: user=0.02 sys=0.00, real=0.02 secs] 
2012-10-23T19:27:19.989+0100: 349115.972: [GC 349115.973: [DefNew: 18765K->1060K(19136K), 0.0144970 secs] 74121K->56681K(260032K), 0.0150670 secs] [Times: user=0.01 sys=0.01, real=0.01 secs] 
2012-10-23T19:27:32.969+0100: 349128.952: [GC 349128.952: [DefNew: 18084K->1412K(19136K), 0.0217710 secs] 73705K->57229K(260032K), 0.0223450 secs] [Times: user=0.01 sys=0.00, real=0.02 secs] 
2012-10-23T19:27:46.260+0100: 349142.244: [GC 349142.244: [DefNew: 18436K->1029K(19136K), 0.0142590 secs] 74253K->57143K(260032K), 0.0147940 secs] [Times: user=0.01 sys=0.00, real=0.01 secs] 
2012-10-23T19:27:57.978+0100: 349153.961: [GC 349153.962: [DefNew: 18026K->1300K(19136K), 0.0131550 secs] 74140K->57414K(260032K), 0.0138040 secs] [Times: user=0.01 sys=0.00, real=0.01 secs] 
2012-10-23T19:28:09.964+0100: 349165.947: [GC 349165.947: [DefNew: 18324K->1552K(19136K), 0.0163090 secs] 74438K->58115K(260032K), 0.0168910 secs] [Times: user=0.01 sys=0.00, real=0.02 secs] 
2012-10-23T19:28:22.843+0100: 349178.826: [GC 349178.827: [DefNew: 18576K->974K(19136K), 0.0144450 secs] 75139K->57760K(260032K), 0.0149720 secs] [Times: user=0.02 sys=0.00, real=0.02 secs] 
2012-10-23T19:28:31.994+0100: 349187.977: [GC 349187.977: [DefNew: 17966K->1724K(19136K), 0.0139050 secs] 74752K->58510K(260032K), 0.0144500 secs] [Times: user=0.02 sys=0.00, real=0.02 secs] 
2012-10-23T19:28:42.978+0100: 349198.961: [GC 349198.961: [DefNew: 18748K->1758K(19136K), 0.0187310 secs] 75534K->58947K(260032K), 0.0193510 secs] [Times: user=0.01 sys=0.00, real=0.02 secs] 
2012-10-23T19:28:52.944+0100: 349208.927: [GC 349208.928: [DefNew: 18753K->1623K(19136K), 0.0151850 secs] 75942K->59034K(260032K), 0.0158210 secs] [Times: user=0.01 sys=0.00, real=0.02 secs] 
2012-10-23T19:29:03.934+0100: 349219.917: [GC 349219.917: [DefNew: 18647K->1860K(19136K), 0.0148810 secs] 76058K->59461K(260032K), 0.0158290 secs] [Times: user=0.02 sys=0.00, real=0.02 secs] 
2012-10-23T19:29:12.378+0100: 349228.361: [GC 349228.362: [DefNew: 18884K->1547K(19136K), 0.0147420 secs] 76485K->59361K(260032K), 0.0152970 secs] [Times: user=0.02 sys=0.00, real=0.01 secs] 
2012-10-23T19:29:24.956+0100: 349240.939: [GC 349240.940: [DefNew: 18571K->1110K(19136K), 0.0148130 secs] 76385K->59143K(260032K), 0.0154040 secs] [Times: user=0.02 sys=0.00, real=0.02 secs] 
2012-10-23T19:29:39.203+0100: 349255.186: [GC 349255.186: [DefNew: 18134K->1587K(19136K), 0.0180590 secs] 76167K->59874K(260032K), 0.0186560 secs] [Times: user=0.02 sys=0.00, real=0.02 secs] 
2012-10-23T19:29:52.277+0100: 349268.260: [GC 349268.260: [DefNew: 18611K->1753K(19136K), 0.0150840 secs] 76898K->60274K(260032K), 0.0156000 secs] [Times: user=0.01 sys=0.00, real=0.02 secs] 
2012-10-23T19:30:05.970+0100: 349281.953: [GC 349281.953: [DefNew: 18777K->449K(19136K), 0.0123890 secs] 77298K->59183K(260032K), 0.0129000 secs] [Times: user=0.01 sys=0.00, real=0.01 secs] 
2012-10-23T19:30:17.860+0100: 349293.843: [GC 349293.844: [DefNew: 17473K->1093K(19136K), 0.0127690 secs] 76207K->59827K(260032K), 0.0133000 secs] [Times: user=0.01 sys=0.00, real=0.01 secs] 
2012-10-23T19:30:29.983+0100: 349305.966: [GC 349305.967: [DefNew: 18117K->2112K(19136K), 0.0178180 secs] 76851K->61738K(260032K), 0.0185670 secs] [Times: user=0.02 sys=0.00, real=0.02 secs] 
2012-10-23T19:30:41.987+0100: 349317.970: [GC 349317.970: [DefNew: 19136K->1480K(19136K), 0.0160010 secs] 78762K->61448K(260032K), 0.0165430 secs] [Times: user=0.01 sys=0.00, real=0.02 secs] 
2012-10-23T19:30:55.272+0100: 349331.255: [GC 349331.255: [DefNew: 18504K->1860K(19136K), 0.0158480 secs] 78472K->62096K(260032K), 0.0168210 secs] [Times: user=0.02 sys=0.00, real=0.02 secs] 
2012-10-23T19:31:05.988+0100: 349341.971: [GC 349341.971: [DefNew: 18883K->937K(19136K), 0.0140290 secs] 79120K->61387K(260032K), 0.0146080 secs] [Times: user=0.02 sys=0.00, real=0.01 secs] 
2012-10-23T19:31:17.972+0100: 349353.955: [GC 349353.956: [DefNew: 17957K->630K(19136K), 0.0114320 secs] 78408K->61080K(260032K), 0.0124270 secs] [Times: user=0.01 sys=0.00, real=0.01 secs] 
2012-10-23T19:31:27.987+0100: 349363.970: [GC 349363.970: [DefNew: 17646K->1405K(19136K), 0.0151200 secs] 78096K->61855K(260032K), 0.0158570 secs] [Times: user=0.02 sys=0.00, real=0.02 secs] 
2012-10-23T19:31:44.084+0100: 349380.067: [GC 349380.068: [DefNew: 18429K->1823K(19136K), 0.0169900 secs] 78879K->62695K(260032K), 0.0175400 secs] [Times: user=0.02 sys=0.00, real=0.02 secs] 
2012-10-23T19:32:02.891+0100: 349398.874: [GC 349398.874: [DefNew: 18847K->996K(19136K), 0.0196840 secs] 79719K->62229K(260032K), 0.0201620 secs] [Times: user=0.01 sys=0.00, real=0.02 secs] 
2012-10-23T19:32:12.924+0100: 349408.907: [GC 349408.907: [DefNew: 18020K->1868K(19136K), 0.0135880 secs] 79253K->63101K(260032K), 0.0141570 secs] [Times: user=0.02 sys=0.00, real=0.02 secs] 
2012-10-23T19:32:27.626+0100: 349423.609: [GC 349423.609: [DefNew: 18892K->348K(19136K), 0.0129670 secs] 80125K->62027K(260032K), 0.0134180 secs] [Times: user=0.01 sys=0.00, real=0.02 secs] 
2012-10-23T19:32:37.984+0100: 349433.967: [GC 349433.967: [DefNew: 17354K->1365K(19136K), 0.0127340 secs] 79033K->63045K(260032K), 0.0132470 secs] [Times: user=0.00 sys=0.01, real=0.02 secs] 
2012-10-23T19:32:49.986+0100: 349445.969: [GC 349445.969: [DefNew: 18385K->1107K(19136K), 0.0157710 secs] 80065K->63234K(260032K), 0.0164550 secs] [Times: user=0.02 sys=0.00, real=0.02 secs] 
2012-10-23T19:33:01.981+0100: 349457.965: [GC 349457.965: [DefNew: 18131K->1128K(19136K), 0.0142040 secs] 80258K->63524K(260032K), 0.0148210 secs] [Times: user=0.01 sys=0.00, real=0.01 secs] 
2012-10-23T19:33:13.996+0100: 349469.979: [GC 349469.979: [DefNew: 18152K->1403K(19136K), 0.0142230 secs] 80548K->63981K(260032K), 0.0147730 secs] [Times: user=0.02 sys=0.00, real=0.02 secs] 
2012-10-23T19:33:24.372+0100: 349480.355: [GC 349480.355: [DefNew: 18427K->1576K(19136K), 0.0148420 secs] 81005K->64335K(260032K), 0.0154910 secs] [Times: user=0.03 sys=0.00, real=0.02 secs] 
2012-10-23T19:33:41.127+0100: 349497.110: [GC 349497.110: [DefNew: 18600K->1157K(19136K), 0.0138410 secs] 81359K->64134K(260032K), 0.0143700 secs] [Times: user=0.01 sys=0.00, real=0.02 secs] 
2012-10-23T19:33:57.975+0100: 349513.958: [GC 349513.958: [DefNew: 18181K->805K(19136K), 0.0117390 secs] 81158K->63978K(260032K), 0.0121840 secs] [Times: user=0.01 sys=0.00, real=0.02 secs] 
2012-10-23T19:34:10.526+0100: 349526.509: [GC 349526.509: [DefNew: 17829K->1150K(19136K), 0.0103390 secs] 81002K->64324K(260032K), 0.0107060 secs] [Times: user=0.01 sys=0.00, real=0.01 secs] 
2012-10-23T19:34:29.053+0100: 349545.036: [GC 349545.036: [DefNew: 18174K->982K(19136K), 0.0183710 secs] 81348K->64382K(260032K), 0.0186880 secs] [Times: user=0.00 sys=0.00, real=0.02 secs] 
2012-10-23T19:34:41.985+0100: 349557.968: [GC 349557.968: [DefNew: 18006K->891K(19136K), 0.0096190 secs] 81406K->64291K(260032K), 0.0099230 secs] [Times: user=0.01 sys=0.00, real=0.01 secs] 
2012-10-23T19:34:52.564+0100: 349568.547: [GC 349568.548: [DefNew: 17915K->747K(19136K), 0.0112670 secs] 81315K->64146K(260032K), 0.0116500 secs] [Times: user=0.01 sys=0.00, real=0.01 secs] 
2012-10-23T19:35:04.095+0100: 349580.078: [GC 349580.079: [DefNew: 17771K->2024K(19136K), 0.0152900 secs] 81170K->65424K(260032K), 0.0157850 secs] [Times: user=0.01 sys=0.00, real=0.02 secs] 
2012-10-23T19:35:13.007+0100: 349588.990: [GC 349588.990: [DefNew: 19048K->2111K(19136K), 0.0182210 secs] 82448K->66188K(260032K), 0.0187960 secs] [Times: user=0.02 sys=0.00, real=0.02 secs] 
2012-10-23T19:35:22.259+0100: 349598.242: [GC 349598.242: [DefNew: 19135K->1174K(19136K), 0.0137380 secs] 83212K->65472K(260032K), 0.0142610 secs] [Times: user=0.02 sys=0.00, real=0.01 secs] 
2012-10-23T19:35:32.453+0100: 349608.436: [GC 349608.436: [DefNew: 18198K->913K(19136K), 0.0147400 secs] 82496K->65508K(260032K), 0.0153160 secs] [Times: user=0.03 sys=0.00, real=0.02 secs] 
2012-10-23T19:35:47.977+0100: 349623.960: [GC 349623.960: [DefNew: 17910K->705K(19136K), 0.0126360 secs] 82505K->65300K(260032K), 0.0132750 secs] [Times: user=0.01 sys=0.00, real=0.02 secs] 
2012-10-23T19:36:05.977+0100: 349641.960: [GC 349641.960: [DefNew: 17729K->1432K(19136K), 0.0090680 secs] 82324K->66027K(260032K), 0.0095460 secs] [Times: user=0.01 sys=0.00, real=0.01 secs] 
2012-10-23T19:36:15.977+0100: 349651.960: [GC 349651.960: [DefNew: 18456K->559K(19136K), 0.0137960 secs] 83051K->65600K(260032K), 0.0142660 secs] [Times: user=0.02 sys=0.00, real=0.02 secs] 
2012-10-23T19:36:27.122+0100: 349663.105: [GC 349663.105: [DefNew: 17583K->1928K(19136K), 0.0142870 secs] 82624K->66968K(260032K), 0.0148010 secs] [Times: user=0.01 sys=0.00, real=0.01 secs] 
2012-10-23T19:36:41.740+0100: 349677.723: [GC 349677.723: [DefNew: 18952K->368K(19136K), 0.0142670 secs] 83992K->65987K(260032K), 0.0146930 secs] [Times: user=0.01 sys=0.00, real=0.01 secs] 
2012-10-23T19:36:55.978+0100: 349691.961: [GC 349691.961: [DefNew: 17392K->812K(19136K), 0.0116860 secs] 83011K->66431K(260032K), 0.0121930 secs] [Times: user=0.01 sys=0.00, real=0.01 secs] 
2012-10-23T19:37:07.842+0100: 349703.825: [GC 349703.825: [DefNew: 17836K->924K(19136K), 0.0143070 secs] 83455K->66543K(260032K), 0.0149140 secs] [Times: user=0.00 sys=0.01, real=0.01 secs] 
2012-10-23T19:37:16.007+0100: 349711.990: [GC 349711.990: [DefNew: 17948K->2112K(19136K), 0.0181410 secs] 83567K->68273K(260032K), 0.0188890 secs] [Times: user=0.01 sys=0.00, real=0.02 secs] 
2012-10-23T19:37:29.981+0100: 349725.964: [GC 349725.964: [DefNew: 19136K->1138K(19136K), 0.0186890 secs] 85297K->68114K(260032K), 0.0192620 secs] [Times: user=0.02 sys=0.00, real=0.02 secs] 
2012-10-23T19:37:42.675+0100: 349738.658: [GC 349738.659: [DefNew: 18162K->1051K(19136K), 0.0136810 secs] 85138K->68210K(260032K), 0.0141780 secs] [Times: user=0.02 sys=0.00, real=0.02 secs] 
2012-10-23T19:38:01.566+0100: 349757.549: [GC 349757.549: [DefNew: 18075K->1357K(19136K), 0.0134830 secs] 85234K->68515K(260032K), 0.0139820 secs] [Times: user=0.01 sys=0.00, real=0.02 secs] 
2012-10-23T19:38:14.133+0100: 349770.116: [GC 349770.116: [DefNew: 18381K->2111K(19136K), 0.0174800 secs] 85539K->69758K(260032K), 0.0180160 secs] [Times: user=0.02 sys=0.00, real=0.02 secs] 
2012-10-23T19:38:24.663+0100: 349780.646: [GC 349780.647: [DefNew: 19135K->1811K(19136K), 0.0154440 secs] 86782K->69669K(260032K), 0.0164030 secs] [Times: user=0.02 sys=0.00, real=0.02 secs] 
2012-10-23T19:38:37.989+0100: 349793.972: [GC 349793.973: [DefNew: 18835K->1285K(19136K), 0.0242410 secs] 86693K->69398K(260032K), 0.0253730 secs] [Times: user=0.02 sys=0.00, real=0.02 secs] 
2012-10-23T19:38:48.000+0100: 349803.983: [GC 349803.983: [DefNew: 18291K->1566K(19136K), 0.0153020 secs] 86404K->69926K(260032K), 0.0158790 secs] [Times: user=0.01 sys=0.00, real=0.01 secs] 
2012-10-23T19:39:01.984+0100: 349817.967: [GC 349817.968: [DefNew: 18577K->676K(19136K), 0.0130760 secs] 86937K->69261K(260032K), 0.0136210 secs] [Times: user=0.03 sys=0.00, real=0.02 secs] 
2012-10-23T19:39:10.853+0100: 349826.836: [GC 349826.837: [DefNew: 17700K->2111K(19136K), 0.0177310 secs] 86285K->71326K(260032K), 0.0184550 secs] [Times: user=0.02 sys=0.00, real=0.02 secs] 
2012-10-23T19:39:19.983+0100: 349835.966: [GC 349835.966: [DefNew: 19135K->1873K(19136K), 0.0178020 secs] 88350K->71503K(260032K), 0.0185050 secs] [Times: user=0.02 sys=0.00, real=0.02 secs] 
2012-10-23T19:39:30.015+0100: 349845.998: [GC 349845.999: [DefNew: 18897K->1244K(19136K), 0.0150020 secs] 88527K->71095K(260032K), 0.0156010 secs] [Times: user=0.01 sys=0.00, real=0.02 secs] 
2012-10-23T19:39:41.998+0100: 349857.981: [GC 349857.982: [DefNew: 18265K->810K(19136K), 0.0136700 secs] 88117K->70884K(260032K), 0.0143000 secs] [Times: user=0.01 sys=0.00, real=0.01 secs] 
2012-10-23T19:40:01.254+0100: 349877.237: [GC 349877.237: [DefNew: 17834K->1373K(19136K), 0.0139250 secs] 87908K->71447K(260032K), 0.0149650 secs] [Times: user=0.02 sys=0.00, real=0.02 secs] 
2012-10-23T19:40:14.003+0100: 349889.986: [GC 349889.987: [DefNew: 18397K->1158K(19136K), 0.0147370 secs] 88471K->71617K(260032K), 0.0153100 secs] [Times: user=0.02 sys=0.00, real=0.02 secs] 
2012-10-23T19:40:24.326+0100: 349900.309: [GC 349900.309: [DefNew: 18182K->1513K(19136K), 0.0148680 secs] 88641K->72181K(260032K), 0.0154660 secs] [Times: user=0.01 sys=0.01, real=0.02 secs] 
2012-10-23T19:40:35.996+0100: 349911.979: [GC 349911.980: [DefNew: 18537K->1769K(19136K), 0.0187660 secs] 89205K->72572K(260032K), 0.0211440 secs] [Times: user=0.01 sys=0.00, real=0.03 secs] 
2012-10-23T19:40:48.016+0100: 349923.999: [GC 349923.999: [DefNew: 18793K->959K(19136K), 0.0154340 secs] 89596K->72028K(260032K), 0.0159140 secs] [Times: user=0.01 sys=0.00, real=0.02 secs] 
2012-10-23T19:41:02.144+0100: 349938.128: [GC 349938.137: [DefNew: 17983K->1763K(19136K), 0.0383900 secs] 89052K->72833K(260032K), 0.0391800 secs] [Times: user=0.02 sys=0.00, real=0.05 secs] 
2012-10-23T19:41:12.015+0100: 349947.999: [GC 349947.999: [DefNew: 18787K->1817K(19136K), 0.0368830 secs] 89857K->73258K(260032K), 0.0375990 secs] [Times: user=0.03 sys=0.00, real=0.04 secs] 
2012-10-23T19:41:21.981+0100: 349957.964: [GC 349957.964: [DefNew: 18841K->340K(19136K), 0.0125730 secs] 90282K->71996K(260032K), 0.0130280 secs] [Times: user=0.01 sys=0.00, real=0.01 secs] 
2012-10-23T19:41:32.010+0100: 349967.993: [GC 349967.993: [DefNew: 17353K->2111K(19136K), 0.0159460 secs] 89009K->73969K(260032K), 0.0165970 secs] [Times: user=0.01 sys=0.01, real=0.01 secs] 
2012-10-23T19:41:44.170+0100: 349980.153: [GC 349980.153: [DefNew: 19135K->1267K(19136K), 0.0250970 secs] 90993K->73523K(260032K), 0.0257490 secs] [Times: user=0.01 sys=0.00, real=0.02 secs] 
2012-10-23T19:41:56.007+0100: 349991.990: [GC 349991.991: [DefNew: 18291K->1754K(19136K), 0.0160470 secs] 90547K->74276K(260032K), 0.0166660 secs] [Times: user=0.00 sys=0.01, real=0.01 secs] 
2012-10-23T19:42:13.557+0100: 350009.540: [GC 350009.540: [DefNew: 18778K->1622K(19136K), 0.0148190 secs] 91300K->74391K(260032K), 0.0153310 secs] [Times: user=0.01 sys=0.00, real=0.02 secs] 
2012-10-23T19:42:24.004+0100: 350019.987: [GC 350019.987: [DefNew: 18646K->1715K(19136K), 0.0143010 secs] 91415K->74645K(260032K), 0.0148390 secs] [Times: user=0.02 sys=0.00, real=0.02 secs] 
2012-10-23T19:42:34.536+0100: 350030.519: [GC 350030.520: [DefNew: 18739K->1253K(19136K), 0.0105050 secs] 91669K->74389K(260032K), 0.0111180 secs] [Times: user=0.01 sys=0.00, real=0.02 secs] 
2012-10-23T19:42:48.093+0100: 350044.076: [GC 350044.077: [DefNew: 18277K->1127K(19136K), 0.0219140 secs] 91413K->74502K(260032K), 0.0225490 secs] [Times: user=0.01 sys=0.00, real=0.02 secs] 
2012-10-23T19:43:01.857+0100: 350057.840: [GC 350057.841: [DefNew: 18151K->430K(19136K), 0.0133780 secs] 91526K->74065K(260032K), 0.0140510 secs] [Times: user=0.01 sys=0.00, real=0.01 secs] 
2012-10-23T19:43:11.981+0100: 350067.964: [GC 350067.965: [DefNew: 17454K->651K(19136K), 0.0086360 secs] 91089K->74286K(260032K), 0.0090700 secs] [Times: user=0.01 sys=0.00, real=0.01 secs] 
2012-10-23T19:43:20.773+0100: 350076.757: [GC 350076.757: [DefNew: 17675K->2111K(19136K), 0.0194990 secs] 91310K->76456K(260032K), 0.0201760 secs] [Times: user=0.02 sys=0.00, real=0.02 secs] 
2012-10-23T19:43:29.156+0100: 350085.139: [GC 350085.140: [DefNew: 19135K->2112K(19136K), 0.0206800 secs] 93480K->77307K(260032K), 0.0213350 secs] [Times: user=0.02 sys=0.00, real=0.03 secs] 
2012-10-23T19:43:39.626+0100: 350095.609: [GC 350095.609: [DefNew: 19136K->1309K(19136K), 0.0106820 secs] 94331K->76692K(260032K), 0.0112110 secs] [Times: user=0.01 sys=0.00, real=0.01 secs] 
2012-10-23T19:43:56.000+0100: 350111.983: [GC 350111.983: [DefNew: 18333K->893K(19136K), 0.0137560 secs] 93716K->76497K(260032K), 0.0144040 secs] [Times: user=0.01 sys=0.00, real=0.01 secs] 
2012-10-23T19:44:07.931+0100: 350123.914: [GC 350123.914: [DefNew: 17917K->1154K(19136K), 0.0103230 secs] 93521K->76758K(260032K), 0.0108680 secs] [Times: user=0.00 sys=0.00, real=0.01 secs] 
2012-10-23T19:44:21.655+0100: 350137.638: [GC 350137.639: [DefNew: 18178K->640K(19136K), 0.0137490 secs] 93782K->76422K(260032K), 0.0143720 secs] [Times: user=0.02 sys=0.00, real=0.02 secs] 
2012-10-23T19:44:30.077+0100: 350146.060: [GC 350146.060: [DefNew: 17664K->2111K(19136K), 0.0162550 secs] 93446K->78082K(260032K), 0.0167940 secs] [Times: user=0.02 sys=0.00, real=0.02 secs] 
2012-10-23T19:44:42.000+0100: 350157.983: [GC 350157.983: [DefNew: 19135K->967K(19136K), 0.0164040 secs] 95106K->77554K(260032K), 0.0169300 secs] [Times: user=0.01 sys=0.00, real=0.01 secs] 
2012-10-23T19:44:53.987+0100: 350169.970: [GC 350169.970: [DefNew: 17965K->1456K(19136K), 0.0141670 secs] 94551K->78043K(260032K), 0.0148660 secs] [Times: user=0.01 sys=0.00, real=0.02 secs] 
2012-10-23T19:45:07.973+0100: 350183.956: [GC 350183.956: [DefNew: 18480K->440K(19136K), 0.0188690 secs] 95067K->77544K(260032K), 0.0194670 secs] [Times: user=0.02 sys=0.00, real=0.02 secs] 
2012-10-23T19:45:18.000+0100: 350193.983: [GC 350193.984: [DefNew: 17464K->1499K(19136K), 0.0137160 secs] 94568K->78603K(260032K), 0.0143070 secs] [Times: user=0.01 sys=0.00, real=0.01 secs] 
2012-10-23T19:45:27.990+0100: 350203.973: [GC 350203.973: [DefNew: 18508K->1100K(19136K), 0.0150920 secs] 95612K->78563K(260032K), 0.0156610 secs] [Times: user=0.01 sys=0.00, real=0.01 secs] 
2012-10-23T19:45:36.007+0100: 350211.990: [GC 350211.991: [DefNew: 18110K->2112K(19136K), 0.0172850 secs] 95573K->80121K(260032K), 0.0179300 secs] [Times: user=0.01 sys=0.01, real=0.01 secs] 
2012-10-23T19:45:48.005+0100: 350223.988: [GC 350223.988: [DefNew: 19136K->1053K(19136K), 0.0142770 secs] 97145K->79234K(260032K), 0.0152290 secs] [Times: user=0.02 sys=0.00, real=0.02 secs] 
2012-10-23T19:46:04.289+0100: 350240.272: [GC 350240.273: [DefNew: 18077K->1696K(19136K), 0.0212080 secs] 96258K->79877K(260032K), 0.0226420 secs] [Times: user=0.01 sys=0.00, real=0.02 secs] 
2012-10-23T19:46:17.999+0100: 350253.982: [GC 350253.983: [DefNew: 18720K->796K(19136K), 0.0139840 secs] 96901K->79337K(260032K), 0.0145330 secs] [Times: user=0.01 sys=0.01, real=0.01 secs] 
2012-10-23T19:46:30.007+0100: 350265.990: [GC 350265.991: [DefNew: 17820K->1236K(19136K), 0.0127720 secs] 96361K->79778K(260032K), 0.0133550 secs] [Times: user=0.00 sys=0.01, real=0.02 secs] 
2012-10-23T19:46:42.326+0100: 350278.309: [GC 350278.310: [DefNew: 18260K->1104K(19136K), 0.0134050 secs] 96802K->79868K(260032K), 0.0138590 secs] [Times: user=0.02 sys=0.00, real=0.02 secs] 
2012-10-23T19:46:54.005+0100: 350289.988: [GC 350289.988: [DefNew: 18128K->1383K(19136K), 0.0146590 secs] 96892K->80281K(260032K), 0.0152240 secs] [Times: user=0.01 sys=0.00, real=0.02 secs] 
2012-10-23T19:47:07.550+0100: 350303.533: [GC 350303.533: [DefNew: 18407K->346K(19136K), 0.0144360 secs] 97305K->79735K(260032K), 0.0148940 secs] [Times: user=0.01 sys=0.00, real=0.01 secs] 
2012-10-23T19:47:17.991+0100: 350313.974: [GC 350313.974: [DefNew: 17355K->1160K(19136K), 0.0126320 secs] 96744K->80549K(260032K), 0.0133060 secs] [Times: user=0.01 sys=0.01, real=0.01 secs] 
2012-10-23T19:47:27.995+0100: 350323.978: [GC 350323.978: [DefNew: 18184K->1043K(19136K), 0.0193250 secs] 97573K->80622K(260032K), 0.0200210 secs] [Times: user=0.01 sys=0.01, real=0.02 secs] 
2012-10-23T19:47:37.989+0100: 350333.972: [GC 350333.972: [DefNew: 18067K->937K(19136K), 0.0137210 secs] 97646K->80516K(260032K), 0.0142870 secs] [Times: user=0.01 sys=0.00, real=0.01 secs] 
2012-10-23T19:47:48.002+0100: 350343.985: [GC 350343.985: [DefNew: 17961K->1656K(19136K), 0.0164760 secs] 97540K->81235K(260032K), 0.0171210 secs] [Times: user=0.02 sys=0.00, real=0.02 secs] 
2012-10-23T19:48:04.503+0100: 350360.486: [GC 350360.487: [DefNew: 18678K->502K(19136K), 0.0157820 secs] 98257K->80732K(260032K), 0.0163830 secs] [Times: user=0.02 sys=0.00, real=0.02 secs] 
2012-10-23T19:48:16.878+0100: 350372.861: [GC 350372.862: [DefNew: 17526K->828K(19136K), 0.0131220 secs] 97756K->81059K(260032K), 0.0136930 secs] [Times: user=0.01 sys=0.00, real=0.01 secs] 
2012-10-23T19:48:28.046+0100: 350384.029: [GC 350384.029: [DefNew: 17852K->2111K(19136K), 0.0229760 secs] 98083K->82976K(260032K), 0.0236280 secs] [Times: user=0.02 sys=0.00, real=0.03 secs] 
2012-10-23T19:48:42.006+0100: 350397.989: [GC 350397.990: [DefNew: 19135K->1526K(19136K), 0.0177840 secs] 100000K->83120K(260032K), 0.0183450 secs] [Times: user=0.02 sys=0.00, real=0.02 secs] 
2012-10-23T19:48:52.531+0100: 350408.514: [GC 350408.514: [DefNew: 18550K->921K(19136K), 0.0126960 secs] 100144K->82696K(260032K), 0.0131720 secs] [Times: user=0.01 sys=0.00, real=0.01 secs] 
2012-10-23T19:49:07.241+0100: 350423.224: [GC 350423.225: [DefNew: 17945K->1765K(19136K), 0.0147610 secs] 99720K->83540K(260032K), 0.0154380 secs] [Times: user=0.02 sys=0.00, real=0.01 secs] 
2012-10-23T19:49:19.180+0100: 350435.163: [GC 350435.163: [DefNew: 18789K->1601K(19136K), 0.0157130 secs] 100564K->83795K(260032K), 0.0163060 secs] [Times: user=0.01 sys=0.00, real=0.01 secs] 
2012-10-23T19:49:31.990+0100: 350447.973: [GC 350447.973: [DefNew: 18595K->425K(19136K), 0.0114020 secs] 100789K->82792K(260032K), 0.0118570 secs] [Times: user=0.01 sys=0.00, real=0.01 secs] 
2012-10-23T19:49:40.013+0100: 350455.996: [GC 350455.997: [DefNew: 17449K->2112K(19136K), 0.0162020 secs] 99816K->84854K(260032K), 0.0168450 secs] [Times: user=0.02 sys=0.00, real=0.02 secs] 
2012-10-23T19:49:50.002+0100: 350465.985: [GC 350465.985: [DefNew: 19136K->1750K(19136K), 0.0170360 secs] 101878K->84885K(260032K), 0.0176800 secs] [Times: user=0.02 sys=0.00, real=0.02 secs] 
2012-10-23T19:50:02.758+0100: 350478.741: [GC 350478.741: [DefNew: 18774K->1196K(19136K), 0.0146280 secs] 101909K->84555K(260032K), 0.0152000 secs] [Times: user=0.01 sys=0.00, real=0.01 secs] 
2012-10-23T19:50:15.994+0100: 350491.978: [GC 350491.978: [DefNew: 18220K->1589K(19136K), 0.0161560 secs] 101579K->85215K(260032K), 0.0168360 secs] [Times: user=0.02 sys=0.00, real=0.02 secs] 
2012-10-23T19:50:28.006+0100: 350503.989: [GC 350503.990: [DefNew: 18611K->830K(19136K), 0.0149420 secs] 102237K->84787K(260032K), 0.0155800 secs] [Times: user=0.02 sys=0.00, real=0.02 secs] 
2012-10-23T19:50:38.132+0100: 350514.115: [GC 350514.131: [DefNew: 17854K->1166K(19136K), 0.0235440 secs] 101811K->85123K(260032K), 0.0243880 secs] [Times: user=0.02 sys=0.00, real=0.04 secs] 
2012-10-23T19:50:54.010+0100: 350529.993: [GC 350529.994: [DefNew: 18190K->1890K(19136K), 0.0162490 secs] 102147K->86074K(260032K), 0.0168600 secs] [Times: user=0.02 sys=0.00, real=0.02 secs] 
2012-10-23T19:51:04.854+0100: 350540.838: [GC 350540.838: [DefNew: 18914K->1831K(19136K), 0.0174530 secs] 103098K->86373K(260032K), 0.0180720 secs] [Times: user=0.02 sys=0.00, real=0.02 secs] 
2012-10-23T19:51:17.995+0100: 350553.978: [GC 350553.978: [DefNew: 18855K->654K(19136K), 0.0129100 secs] 103397K->85445K(260032K), 0.0134050 secs] [Times: user=0.02 sys=0.00, real=0.02 secs] 
2012-10-23T19:51:31.994+0100: 350567.977: [GC 350567.977: [DefNew: 17678K->816K(19136K), 0.0108050 secs] 102469K->85607K(260032K), 0.0112260 secs] [Times: user=0.01 sys=0.00, real=0.01 secs] 
2012-10-23T19:51:40.490+0100: 350576.473: [GC 350576.473: [DefNew: 17840K->1882K(19136K), 0.0135050 secs] 102631K->86673K(260032K), 0.0140240 secs] [Times: user=0.01 sys=0.00, real=0.01 secs] 
2012-10-23T19:51:49.293+0100: 350585.276: [GC 350585.277: [DefNew: 18906K->1706K(19136K), 0.0178840 secs] 103697K->87019K(260032K), 0.0185010 secs] [Times: user=0.01 sys=0.00, real=0.02 secs] 
2012-10-23T19:52:04.007+0100: 350599.990: [GC 350599.990: [DefNew: 18730K->1173K(19136K), 0.0139950 secs] 104043K->86710K(260032K), 0.0145490 secs] [Times: user=0.02 sys=0.00, real=0.02 secs] 
2012-10-23T19:52:22.025+0100: 350618.008: [GC 350618.009: [DefNew: 18197K->599K(19136K), 0.0123690 secs] 103734K->86363K(260032K), 0.0128740 secs] [Times: user=0.01 sys=0.00, real=0.02 secs] 
2012-10-23T19:52:31.996+0100: 350627.979: [GC 350627.980: [DefNew: 17623K->1247K(19136K), 0.0131660 secs] 103387K->87011K(260032K), 0.0137220 secs] [Times: user=0.02 sys=0.00, real=0.02 secs] 
2012-10-23T19:52:41.477+0100: 350637.460: [GC 350637.460: [DefNew: 18271K->438K(19136K), 0.0139850 secs] 104035K->86607K(260032K), 0.0144690 secs] [Times: user=0.02 sys=0.00, real=0.02 secs] 
2012-10-23T19:52:54.940+0100: 350650.923: [GC 350650.924: [DefNew: 17462K->1941K(19136K), 0.0137070 secs] 103631K->88111K(260032K), 0.0142250 secs] [Times: user=0.01 sys=0.01, real=0.01 secs] 
2012-10-23T19:53:08.003+0100: 350663.986: [GC 350663.987: [DefNew: 18964K->675K(19136K), 0.0143420 secs] 105134K->87205K(260032K), 0.0148720 secs] [Times: user=0.02 sys=0.00, real=0.02 secs] 
2012-10-23T19:53:18.174+0100: 350674.157: [GC 350674.158: [DefNew: 17699K->1252K(19136K), 0.0135660 secs] 104229K->87783K(260032K), 0.0142280 secs] [Times: user=0.01 sys=0.00, real=0.02 secs] 
2012-10-23T19:53:32.011+0100: 350687.994: [GC 350687.994: [DefNew: 18276K->1103K(19136K), 0.0138800 secs] 104806K->87858K(260032K), 0.0143700 secs] [Times: user=0.01 sys=0.00, real=0.01 secs] 
2012-10-23T19:53:42.029+0100: 350698.012: [GC 350698.013: [DefNew: 18123K->2111K(19136K), 0.0169520 secs] 104878K->89313K(260032K), 0.0174850 secs] [Times: user=0.01 sys=0.01, real=0.01 secs] 
2012-10-23T19:53:52.013+0100: 350707.996: [GC 350707.996: [DefNew: 19123K->1580K(19136K), 0.0160620 secs] 106324K->89126K(260032K), 0.0166580 secs] [Times: user=0.02 sys=0.00, real=0.02 secs] 
2012-10-23T19:54:06.017+0100: 350722.000: [GC 350722.001: [DefNew: 18594K->1156K(19136K), 0.0141830 secs] 106140K->88928K(260032K), 0.0147160 secs] [Times: user=0.01 sys=0.00, real=0.01 secs] 
2012-10-23T19:54:24.012+0100: 350739.995: [GC 350739.996: [DefNew: 18180K->985K(19136K), 0.0131840 secs] 105952K->88982K(260032K), 0.0137000 secs] [Times: user=0.01 sys=0.00, real=0.01 secs] 
2012-10-23T19:54:34.826+0100: 350750.809: [GC 350750.810: [DefNew: 18009K->1441K(19136K), 0.0132120 secs] 106006K->89439K(260032K), 0.0137600 secs] [Times: user=0.02 sys=0.00, real=0.02 secs] 
2012-10-23T19:54:45.360+0100: 350761.343: [GC 350761.343: [DefNew: 18465K->1082K(19136K), 0.0156170 secs] 106463K->89482K(260032K), 0.0161400 secs] [Times: user=0.01 sys=0.00, real=0.01 secs] 
2012-10-23T19:55:02.007+0100: 350777.990: [GC 350777.990: [DefNew: 18088K->1096K(19136K), 0.0129760 secs] 106487K->89747K(260032K), 0.0134850 secs] [Times: user=0.02 sys=0.00, real=0.02 secs] 
2012-10-23T19:55:14.015+0100: 350789.998: [GC 350789.998: [DefNew: 18120K->1111K(19136K), 0.0125460 secs] 106771K->89877K(260032K), 0.0130260 secs] [Times: user=0.02 sys=0.00, real=0.02 secs] 
2012-10-23T19:55:26.010+0100: 350801.993: [GC 350801.993: [DefNew: 18135K->1753K(19136K), 0.0151190 secs] 106901K->90744K(260032K), 0.0157150 secs] [Times: user=0.02 sys=0.00, real=0.01 secs] 
2012-10-23T19:55:39.926+0100: 350815.909: [GC 350815.909: [DefNew: 18777K->2111K(19136K), 0.0144020 secs] 107768K->91384K(260032K), 0.0148600 secs] [Times: user=0.01 sys=0.00, real=0.02 secs] 
2012-10-23T19:55:48.378+0100: 350824.361: [GC 350824.362: [DefNew: 19135K->1090K(19136K), 0.0119500 secs] 108408K->90453K(260032K), 0.0123790 secs] [Times: user=0.01 sys=0.00, real=0.01 secs] 
2012-10-23T19:55:58.853+0100: 350834.836: [GC 350834.836: [DefNew: 18114K->1103K(19136K), 0.0137280 secs] 107477K->90692K(260032K), 0.0142260 secs] [Times: user=0.01 sys=0.00, real=0.01 secs] 
2012-10-23T19:56:12.008+0100: 350847.991: [GC 350847.991: [DefNew: 18127K->1287K(19136K), 0.0142000 secs] 107716K->91079K(260032K), 0.0147490 secs] [Times: user=0.01 sys=0.00, real=0.01 secs] 
2012-10-23T19:56:26.016+0100: 350861.999: [GC 350862.000: [DefNew: 18311K->1109K(19136K), 0.0139700 secs] 108103K->91152K(260032K), 0.0145100 secs] [Times: user=0.02 sys=0.00, real=0.02 secs] 
2012-10-23T19:56:38.772+0100: 350874.755: [GC 350874.755: [DefNew: 18133K->1117K(19136K), 0.0142850 secs] 108176K->91385K(260032K), 0.0148140 secs] [Times: user=0.01 sys=0.00, real=0.01 secs] 
2012-10-23T19:56:49.248+0100: 350885.231: [GC 350885.232: [DefNew: 18141K->1071K(19136K), 0.0274040 secs] 108409K->91558K(260032K), 0.0280050 secs] [Times: user=0.01 sys=0.00, real=0.02 secs] 
2012-10-23T19:56:59.757+0100: 350895.740: [GC 350895.741: [DefNew: 18095K->1644K(19136K), 0.0154580 secs] 108582K->92346K(260032K), 0.0160070 secs] [Times: user=0.01 sys=0.00, real=0.01 secs] 
2012-10-23T19:57:12.022+0100: 350908.005: [GC 350908.005: [DefNew: 18668K->1532K(19136K), 0.0147350 secs] 109370K->92427K(260032K), 0.0153290 secs] [Times: user=0.02 sys=0.00, real=0.02 secs] 
2012-10-23T19:57:24.924+0100: 350920.907: [GC 350920.908: [DefNew: 18556K->1132K(19136K), 0.0140510 secs] 109451K->92234K(260032K), 0.0146540 secs] [Times: user=0.02 sys=0.00, real=0.02 secs] 
2012-10-23T19:57:37.541+0100: 350933.524: [GC 350933.524: [DefNew: 18156K->407K(19136K), 0.0131000 secs] 109258K->91733K(260032K), 0.0135980 secs] [Times: user=0.01 sys=0.00, real=0.01 secs] 
2012-10-23T19:57:48.008+0100: 350943.991: [GC 350943.992: [DefNew: 17431K->1570K(19136K), 0.0136140 secs] 108757K->92896K(260032K), 0.0141820 secs] [Times: user=0.01 sys=0.00, real=0.01 secs] 
2012-10-23T19:57:56.016+0100: 350951.999: [GC 350952.000: [DefNew: 18584K->1886K(19136K), 0.0166840 secs] 109910K->93617K(260032K), 0.0173060 secs] [Times: user=0.02 sys=0.00, real=0.02 secs] 
2012-10-23T19:58:11.132+0100: 350967.115: [GC 350967.116: [DefNew: 18910K->1605K(19136K), 0.0139610 secs] 110641K->93591K(260032K), 0.0145060 secs] [Times: user=0.01 sys=0.00, real=0.01 secs] 
2012-10-23T19:58:28.002+0100: 350983.985: [GC 350983.986: [DefNew: 18629K->641K(19136K), 0.0115420 secs] 110615K->92767K(260032K), 0.0119910 secs] [Times: user=0.01 sys=0.00, real=0.01 secs] 
2012-10-23T19:58:38.433+0100: 350994.416: [GC 350994.416: [DefNew: 17665K->1607K(19136K), 0.0088580 secs] 109791K->93732K(260032K), 0.0092880 secs] [Times: user=0.00 sys=0.00, real=0.01 secs] 
2012-10-23T19:58:51.999+0100: 351007.982: [GC 351007.982: [DefNew: 18631K->735K(19136K), 0.0111250 secs] 110756K->93273K(260032K), 0.0115130 secs] [Times: user=0.01 sys=0.00, real=0.01 secs] 
2012-10-23T19:59:01.623+0100: 351017.606: [GC 351017.606: [DefNew: 17759K->550K(19136K), 0.0111980 secs] 110297K->93088K(260032K), 0.0117440 secs] [Times: user=0.01 sys=0.00, real=0.01 secs] 
2012-10-23T19:59:12.062+0100: 351028.045: [GC 351028.046: [DefNew: 17574K->2112K(19136K), 0.0158770 secs] 110112K->94721K(260032K), 0.0166170 secs] [Times: user=0.02 sys=0.00, real=0.02 secs] 
2012-10-23T19:59:25.996+0100: 351041.979: [GC 351041.979: [DefNew: 19136K->1771K(19136K), 0.0181190 secs] 111745K->95059K(260032K), 0.0187220 secs] [Times: user=0.01 sys=0.00, real=0.02 secs] 
2012-10-23T19:59:37.227+0100: 351053.210: [GC 351053.211: [DefNew: 18795K->1211K(19136K), 0.0140000 secs] 112083K->94701K(260032K), 0.0150500 secs] [Times: user=0.01 sys=0.00, real=0.02 secs] 
2012-10-23T19:59:50.013+0100: 351065.996: [GC 351065.996: [DefNew: 18235K->1721K(19136K), 0.0162720 secs] 111725K->95438K(260032K), 0.0169130 secs] [Times: user=0.02 sys=0.00, real=0.02 secs] 
2012-10-23T19:59:58.026+0100: 351074.009: [GC 351074.009: [DefNew: 18745K->1864K(19136K), 0.0153450 secs] 112462K->95807K(260032K), 0.0159360 secs] [Times: user=0.02 sys=0.00, real=0.02 secs] 
2012-10-23T20:00:08.725+0100: 351084.708: [GC 351084.709: [DefNew: 18888K->1635K(19136K), 0.0142000 secs] 112831K->95746K(260032K), 0.0147400 secs] [Times: user=0.02 sys=0.00, real=0.02 secs] 
2012-10-23T20:00:22.026+0100: 351098.009: [GC 351098.010: [DefNew: 18630K->1747K(19136K), 0.0149270 secs] 112741K->96039K(260032K), 0.0154910 secs] [Times: user=0.02 sys=0.00, real=0.02 secs] 
2012-10-23T20:00:38.184+0100: 351114.167: [GC 351114.167: [DefNew: 18771K->971K(19136K), 0.0130770 secs] 113063K->95487K(260032K), 0.0135380 secs] [Times: user=0.01 sys=0.00, real=0.02 secs] 
2012-10-23T20:00:50.000+0100: 351125.983: [GC 351125.984: [DefNew: 17995K->1942K(19136K), 0.0146320 secs] 112511K->96458K(260032K), 0.0152100 secs] [Times: user=0.01 sys=0.00, real=0.01 secs] 
2012-10-23T20:00:59.289+0100: 351135.272: [GC 351135.273: [DefNew: 18966K->1553K(19136K), 0.0240180 secs] 113482K->96518K(260032K), 0.0246370 secs] [Times: user=0.01 sys=0.00, real=0.02 secs] 
2012-10-23T20:01:14.003+0100: 351149.986: [GC 351149.986: [DefNew: 18577K->1053K(19136K), 0.0136750 secs] 113542K->96243K(260032K), 0.0141630 secs] [Times: user=0.01 sys=0.00, real=0.02 secs] 
2012-10-23T20:01:30.670+0100: 351166.653: [GC 351166.653: [DefNew: 18077K->1845K(19136K), 0.0126580 secs] 113267K->97035K(260032K), 0.0131170 secs] [Times: user=0.01 sys=0.00, real=0.01 secs] 
2012-10-23T20:01:42.004+0100: 351177.987: [GC 351177.987: [DefNew: 18869K->713K(19136K), 0.0126970 secs] 114059K->96195K(260032K), 0.0131660 secs] [Times: user=0.01 sys=0.00, real=0.01 secs] 
2012-10-23T20:01:54.003+0100: 351189.986: [GC 351189.986: [DefNew: 17737K->2111K(19136K), 0.0153760 secs] 113219K->97881K(260032K), 0.0158680 secs] [Times: user=0.01 sys=0.00, real=0.02 secs] 
2012-10-23T20:02:02.157+0100: 351198.140: [GC 351198.141: [DefNew: 19135K->2088K(19136K), 0.0167040 secs] 114905K->98264K(260032K), 0.0171740 secs] [Times: user=0.01 sys=0.00, real=0.01 secs] 
2012-10-23T20:02:14.742+0100: 351210.725: [GC 351210.725: [DefNew: 19112K->1204K(19136K), 0.0144150 secs] 115288K->97540K(260032K), 0.0149490 secs] [Times: user=0.02 sys=0.00, real=0.01 secs] 
2012-10-23T20:02:33.266+0100: 351229.249: [GC 351229.250: [DefNew: 18228K->933K(19136K), 0.0193720 secs] 114564K->97533K(260032K), 0.0200090 secs] [Times: user=0.01 sys=0.00, real=0.02 secs] 
2012-10-23T20:02:46.258+0100: 351242.241: [GC 351242.241: [DefNew: 17957K->1939K(19136K), 0.0141670 secs] 114557K->98539K(260032K), 0.0146800 secs] [Times: user=0.01 sys=0.00, real=0.01 secs] 
2012-10-23T20:02:58.007+0100: 351253.990: [GC 351253.990: [DefNew: 18947K->1023K(19136K), 0.0143900 secs] 115547K->98048K(260032K), 0.0148800 secs] [Times: user=0.02 sys=0.00, real=0.02 secs] 
2012-10-23T20:03:08.014+0100: 351263.997: [GC 351263.998: [DefNew: 18047K->1549K(19136K), 0.0135560 secs] 115072K->98574K(260032K), 0.0141140 secs] [Times: user=0.02 sys=0.00, real=0.02 secs] 
2012-10-23T20:03:20.001+0100: 351275.984: [GC 351275.984: [DefNew: 18573K->1220K(19136K), 0.0157120 secs] 115598K->98672K(260032K), 0.0163370 secs] [Times: user=0.02 sys=0.00, real=0.02 secs] 
2012-10-23T20:03:31.999+0100: 351287.983: [GC 351287.983: [DefNew: 18244K->345K(19136K), 0.0126780 secs] 115696K->98067K(260032K), 0.0132150 secs] [Times: user=0.01 sys=0.00, real=0.01 secs] 
2012-10-23T20:03:42.964+0100: 351298.947: [GC 351298.948: [DefNew: 17369K->696K(19136K), 0.0137380 secs] 115091K->98418K(260032K), 0.0142890 secs] [Times: user=0.01 sys=0.00, real=0.02 secs] 
2012-10-23T20:03:54.032+0100: 351310.015: [GC 351310.015: [DefNew: 17720K->2112K(19136K), 0.0163100 secs] 115442K->99876K(260032K), 0.0169330 secs] [Times: user=0.01 sys=0.00, real=0.02 secs] 
2012-10-23T20:04:02.033+0100: 351318.016: [GC 351318.017: [DefNew: 19136K->2111K(19136K), 0.0202950 secs] 116900K->100728K(260032K), 0.0209690 secs] [Times: user=0.02 sys=0.00, real=0.02 secs] 
2012-10-23T20:04:12.379+0100: 351328.362: [GC 351328.362: [DefNew: 19135K->1681K(19136K), 0.0155660 secs] 117752K->100471K(260032K), 0.0161770 secs] [Times: user=0.01 sys=0.00, real=0.01 secs] 
2012-10-23T20:04:27.053+0100: 351343.037: [GC 351343.037: [DefNew: 18705K->1835K(19136K), 0.0160830 secs] 117495K->100848K(260032K), 0.0167750 secs] [Times: user=0.02 sys=0.00, real=0.02 secs] 
2012-10-23T20:04:43.826+0100: 351359.809: [GC 351359.809: [DefNew: 18859K->962K(19136K), 0.0132020 secs] 117872K->100226K(260032K), 0.0136890 secs] [Times: user=0.01 sys=0.00, real=0.02 secs] 
2012-10-23T20:04:54.032+0100: 351370.015: [GC 351370.015: [DefNew: 17986K->1990K(19136K), 0.0143630 secs] 117250K->101253K(260032K), 0.0149470 secs] [Times: user=0.01 sys=0.00, real=0.01 secs] 
2012-10-23T20:05:04.024+0100: 351380.007: [GC 351380.008: [DefNew: 19014K->1692K(19136K), 0.0162330 secs] 118277K->101342K(260032K), 0.0168320 secs] [Times: user=0.02 sys=0.00, real=0.02 secs] 
2012-10-23T20:05:15.339+0100: 351391.322: [GC 351391.323: [DefNew: 18716K->1208K(19136K), 0.0143470 secs] 118366K->101083K(260032K), 0.0148830 secs] [Times: user=0.01 sys=0.00, real=0.01 secs] 
2012-10-23T20:05:26.026+0100: 351402.009: [GC 351402.009: [DefNew: 18232K->1945K(19136K), 0.0161550 secs] 118107K->102055K(260032K), 0.0168090 secs] [Times: user=0.02 sys=0.00, real=0.02 secs] 
2012-10-23T20:05:38.310+0100: 351414.293: [GC 351414.293: [DefNew: 18969K->1487K(19136K), 0.0246210 secs] 119079K->101861K(260032K), 0.0253000 secs] [Times: user=0.01 sys=0.00, real=0.02 secs] 
2012-10-23T20:05:50.063+0100: 351426.046: [GC 351426.046: [DefNew: 18511K->1268K(19136K), 0.0136100 secs] 118885K->101778K(260032K), 0.0141820 secs] [Times: user=0.01 sys=0.00, real=0.01 secs] 
2012-10-23T20:06:00.023+0100: 351436.006: [GC 351436.007: [DefNew: 18292K->2112K(19136K), 0.0168500 secs] 118802K->103002K(260032K), 0.0174520 secs] [Times: user=0.01 sys=0.00, real=0.02 secs] 
2012-10-23T20:06:09.931+0100: 351445.914: [GC 351445.914: [DefNew: 19136K->1661K(19136K), 0.0150290 secs] 120026K->102732K(260032K), 0.0156980 secs] [Times: user=0.01 sys=0.00, real=0.01 secs] 
2012-10-23T20:06:20.471+0100: 351456.454: [GC 351456.455: [DefNew: 18685K->1304K(19136K), 0.0148540 secs] 119756K->102559K(260032K), 0.0154020 secs] [Times: user=0.01 sys=0.00, real=0.01 secs] 
2012-10-23T20:06:39.372+0100: 351475.355: [GC 351475.356: [DefNew: 18328K->1189K(19136K), 0.0093680 secs] 119583K->102705K(260032K), 0.0097980 secs] [Times: user=0.01 sys=0.00, real=0.01 secs] 
2012-10-23T20:06:51.977+0100: 351487.960: [GC 351487.960: [DefNew: 18213K->506K(19136K), 0.0136670 secs] 119729K->102265K(260032K), 0.0141840 secs] [Times: user=0.01 sys=0.00, real=0.02 secs] 
2012-10-23T20:07:02.023+0100: 351498.007: [GC 351498.007: [DefNew: 17529K->1589K(19136K), 0.0154900 secs] 119288K->103348K(260032K), 0.0162170 secs] [Times: user=0.02 sys=0.00, real=0.02 secs] 
2012-10-23T20:07:12.032+0100: 351508.015: [GC 351508.016: [DefNew: 18611K->1551K(19136K), 0.0172270 secs] 120370K->103761K(260032K), 0.0179520 secs] [Times: user=0.03 sys=0.00, real=0.02 secs] 
2012-10-23T20:07:26.029+0100: 351522.012: [GC 351522.013: [DefNew: 18567K->1317K(19136K), 0.0141000 secs] 120777K->103705K(260032K), 0.0146390 secs] [Times: user=0.02 sys=0.00, real=0.01 secs] 
2012-10-23T20:07:38.161+0100: 351534.144: [GC 351534.144: [DefNew: 18341K->1177K(19136K), 0.0147800 secs] 120729K->103791K(260032K), 0.0153170 secs] [Times: user=0.01 sys=0.01, real=0.01 secs] 
2012-10-23T20:07:50.026+0100: 351546.009: [GC 351546.009: [DefNew: 18201K->1488K(19136K), 0.0149940 secs] 120815K->104309K(260032K), 0.0156680 secs] [Times: user=0.00 sys=0.01, real=0.02 secs] 
2012-10-23T20:07:59.167+0100: 351555.150: [GC 351555.151: [DefNew: 18512K->2112K(19136K), 0.0190760 secs] 121333K->105535K(260032K), 0.0196910 secs] [Times: user=0.02 sys=0.00, real=0.02 secs] 
2012-10-23T20:08:08.030+0100: 351564.013: [GC 351564.014: [DefNew: 19136K->1693K(19136K), 0.0156050 secs] 122559K->105329K(260032K), 0.0162270 secs] [Times: user=0.01 sys=0.01, real=0.01 secs] 
2012-10-23T20:08:18.358+0100: 351574.341: [GC 351574.341: [DefNew: 18717K->876K(19136K), 0.0301540 secs] 122353K->104728K(260032K), 0.0308480 secs] [Times: user=0.01 sys=0.00, real=0.03 secs] 
2012-10-23T20:08:32.025+0100: 351588.008: [GC 351588.008: [DefNew: 17900K->1208K(19136K), 0.0146970 secs] 121752K->105060K(260032K), 0.0154010 secs] [Times: user=0.02 sys=0.00, real=0.02 secs] 
2012-10-23T20:08:49.537+0100: 351605.520: [GC 351605.521: [DefNew: 18232K->1709K(19136K), 0.0155950 secs] 122084K->105782K(260032K), 0.0162140 secs] [Times: user=0.02 sys=0.00, real=0.02 secs] 
2012-10-23T20:09:02.012+0100: 351617.995: [GC 351617.996: [DefNew: 18733K->698K(19136K), 0.0144170 secs] 122806K->105185K(260032K), 0.0149800 secs] [Times: user=0.00 sys=0.00, real=0.02 secs] 
2012-10-23T20:09:12.057+0100: 351628.040: [GC 351628.040: [DefNew: 17722K->1028K(19136K), 0.0125520 secs] 122209K->105514K(260032K), 0.0130970 secs] [Times: user=0.01 sys=0.00, real=0.02 secs] 
2012-10-23T20:09:24.020+0100: 351640.003: [GC 351640.003: [DefNew: 18052K->2112K(19136K), 0.0156760 secs] 122538K->106645K(260032K), 0.0163150 secs] [Times: user=0.02 sys=0.00, real=0.01 secs] 
2012-10-23T20:09:36.027+0100: 351652.010: [GC 351652.010: [DefNew: 19136K->1770K(19136K), 0.0188940 secs] 123669K->107038K(260032K), 0.0195220 secs] [Times: user=0.03 sys=0.00, real=0.02 secs] 
2012-10-23T20:09:48.033+0100: 351664.016: [GC 351664.016: [DefNew: 18792K->1493K(19136K), 0.0141750 secs] 124061K->106987K(260032K), 0.0146800 secs] [Times: user=0.01 sys=0.00, real=0.02 secs] 
2012-10-23T20:09:58.874+0100: 351674.857: [GC 351674.858: [DefNew: 18517K->2112K(19136K), 0.0172650 secs] 124011K->108003K(260032K), 0.0179060 secs] [Times: user=0.02 sys=0.00, real=0.02 secs] 
2012-10-23T20:10:08.024+0100: 351684.007: [GC 351684.007: [DefNew: 19136K->1490K(19136K), 0.0157270 secs] 125027K->107638K(260032K), 0.0162990 secs] [Times: user=0.01 sys=0.00, real=0.02 secs] 
2012-10-23T20:10:18.016+0100: 351693.999: [GC 351694.000: [DefNew: 18514K->768K(19136K), 0.0129870 secs] 124662K->107127K(260032K), 0.0135170 secs] [Times: user=0.02 sys=0.00, real=0.02 secs] 
2012-10-23T20:10:32.011+0100: 351707.994: [GC 351707.995: [DefNew: 17761K->520K(19136K), 0.0113070 secs] 124120K->106879K(260032K), 0.0117770 secs] [Times: user=0.00 sys=0.00, real=0.01 secs] 
2012-10-23T20:10:46.035+0100: 351722.018: [GC 351722.018: [DefNew: 17544K->1600K(19136K), 0.0154580 secs] 123903K->107959K(260032K), 0.0160460 secs] [Times: user=0.01 sys=0.00, real=0.02 secs] 
2012-10-23T20:10:58.004+0100: 351733.987: [GC 351733.988: [DefNew: 18624K->347K(19136K), 0.0158710 secs] 124983K->107379K(260032K), 0.0164240 secs] [Times: user=0.02 sys=0.00, real=0.02 secs] 
2012-10-23T20:11:08.266+0100: 351744.249: [GC 351744.249: [DefNew: 17371K->2112K(19136K), 0.0186770 secs] 124403K->109326K(260032K), 0.0192650 secs] [Times: user=0.01 sys=0.00, real=0.02 secs] 
2012-10-23T20:11:20.037+0100: 351756.020: [GC 351756.020: [DefNew: 19136K->1490K(19136K), 0.0158610 secs] 126350K->109049K(260032K), 0.0164700 secs] [Times: user=0.02 sys=0.00, real=0.02 secs] 
2012-10-23T20:11:32.021+0100: 351768.004: [GC 351768.004: [DefNew: 18514K->1320K(19136K), 0.0149490 secs] 126073K->109104K(260032K), 0.0155210 secs] [Times: user=0.02 sys=0.00, real=0.01 secs] 
2012-10-23T20:11:42.032+0100: 351778.015: [GC 351778.015: [DefNew: 18314K->1501K(19136K), 0.0159040 secs] 126099K->109555K(260032K), 0.0165060 secs] [Times: user=0.02 sys=0.00, real=0.02 secs] 
2012-10-23T20:11:56.027+0100: 351792.010: [GC 351792.010: [DefNew: 18525K->1056K(19136K), 0.0137080 secs] 126579K->109334K(260032K), 0.0142310 secs] [Times: user=0.02 sys=0.00, real=0.02 secs] 
2012-10-23T20:12:06.016+0100: 351801.999: [GC 351802.000: [DefNew: 18080K->2112K(19136K), 0.0165290 secs] 126358K->110754K(260032K), 0.0171780 secs] [Times: user=0.01 sys=0.00, real=0.02 secs] 
2012-10-23T20:12:16.031+0100: 351812.014: [GC 351812.014: [DefNew: 19136K->2111K(19136K), 0.0165110 secs] 127778K->111001K(260032K), 0.0171120 secs] [Times: user=0.02 sys=0.00, real=0.02 secs] 
2012-10-23T20:12:30.037+0100: 351826.020: [GC 351826.020: [DefNew: 19135K->1103K(19136K), 0.0136790 secs] 128025K->110205K(260032K), 0.0143590 secs] [Times: user=0.01 sys=0.00, real=0.02 secs] 
2012-10-23T20:12:43.249+0100: 351839.232: [GC 351839.232: [DefNew: 18127K->1100K(19136K), 0.0178990 secs] 127229K->110383K(260032K), 0.0187200 secs] [Times: user=0.01 sys=0.00, real=0.02 secs] 
2012-10-23T20:12:56.026+0100: 351852.009: [GC 351852.010: [DefNew: 18124K->1083K(19136K), 0.0141440 secs] 127407K->110635K(260032K), 0.0146750 secs] [Times: user=0.01 sys=0.00, real=0.02 secs] 
2012-10-23T20:13:07.839+0100: 351863.822: [GC 351863.822: [DefNew: 18107K->404K(19136K), 0.0127380 secs] 127659K->110180K(260032K), 0.0132260 secs] [Times: user=0.01 sys=0.00, real=0.01 secs] 
2012-10-23T20:13:18.027+0100: 351874.010: [GC 351874.011: [DefNew: 17428K->1601K(19136K), 0.0140250 secs] 127204K->111377K(260032K), 0.0146170 secs] [Times: user=0.01 sys=0.01, real=0.01 secs] 
2012-10-23T20:13:30.034+0100: 351886.017: [GC 351886.017: [DefNew: 18619K->1212K(19136K), 0.0161980 secs] 128395K->111436K(260032K), 0.0168240 secs] [Times: user=0.01 sys=0.01, real=0.02 secs] 
2012-10-23T20:13:44.037+0100: 351900.020: [GC 351900.021: [DefNew: 18236K->1092K(19136K), 0.0136670 secs] 128460K->111540K(260032K), 0.0141930 secs] [Times: user=0.01 sys=0.00, real=0.01 secs] 
2012-10-23T20:13:58.010+0100: 351913.993: [GC 351913.993: [DefNew: 18116K->284K(19136K), 0.0114460 secs] 128564K->110913K(260032K), 0.0118980 secs] [Times: user=0.01 sys=0.00, real=0.01 secs] 
2012-10-23T20:14:08.015+0100: 351923.998: [GC 351923.999: [DefNew: 17308K->1106K(19136K), 0.0124470 secs] 127937K->111735K(260032K), 0.0129620 secs] [Times: user=0.02 sys=0.00, real=0.02 secs] 
2012-10-23T20:14:18.015+0100: 351933.998: [GC 351933.998: [DefNew: 18130K->959K(19136K), 0.0135920 secs] 128759K->111768K(260032K), 0.0141060 secs] [Times: user=0.01 sys=0.00, real=0.02 secs] 
2012-10-23T20:14:28.228+0100: 351944.211: [GC 351944.211: [DefNew: 17983K->2111K(19136K), 0.0163970 secs] 128792K->112991K(260032K), 0.0172260 secs] [Times: user=0.02 sys=0.00, real=0.01 secs] 
2012-10-23T20:14:44.452+0100: 351960.435: [GC 351960.435: [DefNew: 19135K->1195K(19136K), 0.0187240 secs] 130015K->112791K(260032K), 0.0193040 secs] [Times: user=0.01 sys=0.00, real=0.02 secs] 
2012-10-23T20:14:59.132+0100: 351975.115: [GC 351975.116: [DefNew: 18219K->1611K(19136K), 0.0143340 secs] 129815K->113409K(260032K), 0.0148750 secs] [Times: user=0.01 sys=0.00, real=0.02 secs] 
2012-10-23T20:15:09.673+0100: 351985.656: [GC 351985.657: [DefNew: 18635K->1813K(19136K), 0.0151160 secs] 130433K->113781K(260032K), 0.0156280 secs] [Times: user=0.03 sys=0.00, real=0.02 secs] 
2012-10-23T20:15:20.015+0100: 351995.998: [GC 351995.999: [DefNew: 18835K->2111K(19136K), 0.0162040 secs] 130803K->114455K(260032K), 0.0167570 secs] [Times: user=0.02 sys=0.00, real=0.02 secs] 
2012-10-23T20:15:32.030+0100: 352008.013: [GC 352008.013: [DefNew: 19135K->1461K(19136K), 0.0147590 secs] 131479K->113994K(260032K), 0.0153140 secs] [Times: user=0.01 sys=0.00, real=0.01 secs] 
2012-10-23T20:15:45.347+0100: 352021.330: [GC 352021.331: [DefNew: 18485K->1097K(19136K), 0.0146670 secs] 131018K->113912K(260032K), 0.0152040 secs] [Times: user=0.01 sys=0.00, real=0.02 secs] 
2012-10-23T20:15:59.428+0100: 352035.411: [GC 352035.412: [DefNew: 18121K->1087K(19136K), 0.0205140 secs] 130936K->114102K(260032K), 0.0210870 secs] [Times: user=0.01 sys=0.00, real=0.02 secs] 
2012-10-23T20:16:10.547+0100: 352046.530: [GC 352046.530: [DefNew: 18111K->1813K(19136K), 0.0149490 secs] 131126K->114996K(260032K), 0.0156480 secs] [Times: user=0.01 sys=0.00, real=0.02 secs] 
2012-10-23T20:16:20.030+0100: 352056.013: [GC 352056.014: [DefNew: 18837K->1750K(19136K), 0.0149820 secs] 132020K->115129K(260032K), 0.0155730 secs] [Times: user=0.02 sys=0.00, real=0.01 secs] 
2012-10-23T20:16:31.568+0100: 352067.551: [GC 352067.551: [DefNew: 18774K->487K(19136K), 0.0136220 secs] 132153K->114079K(260032K), 0.0144980 secs] [Times: user=0.01 sys=0.00, real=0.01 secs] 
2012-10-23T20:16:54.039+0100: 352090.022: [GC 352090.022: [DefNew: 17509K->1117K(19136K), 0.0109710 secs] 131101K->114709K(260032K), 0.0113280 secs] [Times: user=0.01 sys=0.00, real=0.01 secs] 
2012-10-23T20:17:10.039+0100: 352106.022: [GC 352106.022: [DefNew: 18137K->1680K(19136K), 0.0140190 secs] 131728K->115523K(260032K), 0.0144400 secs] [Times: user=0.01 sys=0.00, real=0.01 secs] 
2012-10-23T20:17:22.019+0100: 352118.002: [GC 352118.003: [DefNew: 18704K->428K(19136K), 0.0105130 secs] 132547K->114429K(260032K), 0.0108480 secs] [Times: user=0.01 sys=0.00, real=0.01 secs] 
2012-10-23T20:17:34.370+0100: 352130.353: [GC 352130.353: [DefNew: 17452K->1298K(19136K), 0.0116090 secs] 131453K->115300K(260032K), 0.0120290 secs] [Times: user=0.01 sys=0.00, real=0.01 secs] 
2012-10-23T20:17:45.047+0100: 352141.031: [GC 352141.031: [DefNew: 18322K->1191K(19136K), 0.0150270 secs] 132324K->115595K(260032K), 0.0156790 secs] [Times: user=0.02 sys=0.00, real=0.01 secs] 
2012-10-23T20:17:55.552+0100: 352151.535: [GC 352151.536: [DefNew: 18215K->2112K(19136K), 0.0170680 secs] 132619K->116975K(260032K), 0.0176590 secs] [Times: user=0.02 sys=0.00, real=0.02 secs] 
2012-10-23T20:18:08.027+0100: 352164.010: [GC 352164.011: [DefNew: 19122K->913K(19136K), 0.0145260 secs] 133985K->116012K(260032K), 0.0151430 secs] [Times: user=0.01 sys=0.01, real=0.01 secs] 
2012-10-23T20:18:18.024+0100: 352174.007: [GC 352174.008: [DefNew: 17937K->1358K(19136K), 0.0145270 secs] 133036K->116457K(260032K), 0.0150800 secs] [Times: user=0.02 sys=0.00, real=0.02 secs] 
2012-10-23T20:18:28.025+0100: 352184.008: [GC 352184.008: [DefNew: 18382K->1004K(19136K), 0.0163260 secs] 133481K->116595K(260032K), 0.0169880 secs] [Times: user=0.02 sys=0.00, real=0.02 secs] 
2012-10-23T20:18:38.021+0100: 352194.004: [GC 352194.004: [DefNew: 18028K->544K(19136K), 0.0120100 secs] 133619K->116135K(260032K), 0.0125500 secs] [Times: user=0.01 sys=0.00, real=0.01 secs] 
2012-10-23T20:18:48.063+0100: 352204.046: [GC 352204.046: [DefNew: 17568K->797K(19136K), 0.0134520 secs] 133159K->116388K(260032K), 0.0139940 secs] [Times: user=0.01 sys=0.00, real=0.01 secs] 
2012-10-23T20:19:04.826+0100: 352220.809: [GC 352220.810: [DefNew: 17821K->2112K(19136K), 0.0179310 secs] 133412K->118036K(260032K), 0.0185990 secs] [Times: user=0.02 sys=0.00, real=0.02 secs] 
2012-10-23T20:19:14.040+0100: 352230.023: [GC 352230.023: [DefNew: 19136K->1691K(19136K), 0.0211090 secs] 135060K->118425K(260032K), 0.0218430 secs] [Times: user=0.02 sys=0.00, real=0.02 secs] 
2012-10-23T20:19:25.851+0100: 352241.834: [GC 352241.834: [DefNew: 18715K->2112K(19136K), 0.0180660 secs] 135449K->119319K(260032K), 0.0187380 secs] [Times: user=0.02 sys=0.00, real=0.02 secs] 
2012-10-23T20:19:38.443+0100: 352254.426: [GC 352254.427: [DefNew: 19136K->1725K(19136K), 0.0163390 secs] 136343K->119138K(260032K), 0.0169340 secs] [Times: user=0.02 sys=0.00, real=0.02 secs] 
2012-10-23T20:19:49.448+0100: 352265.431: [GC 352265.432: [DefNew: 18749K->1173K(19136K), 0.0153510 secs] 136162K->118827K(260032K), 0.0161950 secs] [Times: user=0.01 sys=0.00, real=0.01 secs] 
2012-10-23T20:19:59.487+0100: 352275.470: [GC 352275.471: [DefNew: 18197K->1774K(19136K), 0.0163420 secs] 135851K->119685K(260032K), 0.0172860 secs] [Times: user=0.01 sys=0.00, real=0.02 secs] 
2012-10-23T20:20:14.036+0100: 352290.019: [GC 352290.020: [DefNew: 18798K->2111K(19136K), 0.0162660 secs] 136709K->120336K(260032K), 0.0168300 secs] [Times: user=0.01 sys=0.00, real=0.02 secs] 
2012-10-23T20:20:26.034+0100: 352302.017: [GC 352302.017: [DefNew: 19135K->2112K(19136K), 0.0160730 secs] 137360K->120650K(260032K), 0.0166680 secs] [Times: user=0.02 sys=0.00, real=0.02 secs] 
2012-10-23T20:20:35.166+0100: 352311.149: [GC 352311.150: [DefNew: 19136K->1759K(19136K), 0.0180840 secs] 137674K->120471K(260032K), 0.0205030 secs] [Times: user=0.01 sys=0.01, real=0.02 secs] 
2012-10-23T20:20:47.744+0100: 352323.727: [GC 352323.727: [DefNew: 18783K->365K(19136K), 0.0124480 secs] 137495K->119286K(260032K), 0.0131310 secs] [Times: user=0.01 sys=0.01, real=0.01 secs] 
2012-10-23T20:21:04.542+0100: 352340.525: [GC 352340.525: [DefNew: 17389K->1316K(19136K), 0.0130380 secs] 136310K->120237K(260032K), 0.0135010 secs] [Times: user=0.01 sys=0.00, real=0.01 secs] 
2012-10-23T20:21:15.059+0100: 352351.042: [GC 352351.042: [DefNew: 18340K->1885K(19136K), 0.0174900 secs] 137261K->121199K(260032K), 0.0180950 secs] [Times: user=0.01 sys=0.00, real=0.02 secs] 
2012-10-23T20:21:28.029+0100: 352364.012: [GC 352364.012: [DefNew: 18909K->1088K(19136K), 0.0139970 secs] 138223K->120651K(260032K), 0.0144960 secs] [Times: user=0.02 sys=0.00, real=0.01 secs] 
2012-10-23T20:21:40.269+0100: 352376.252: [GC 352376.252: [DefNew: 18112K->1698K(19136K), 0.0163710 secs] 137675K->121465K(260032K), 0.0168840 secs] [Times: user=0.01 sys=0.00, real=0.01 secs] 
2012-10-23T20:21:52.026+0100: 352388.009: [GC 352388.010: [DefNew: 18710K->691K(19136K), 0.0144500 secs] 138478K->120814K(260032K), 0.0149800 secs] [Times: user=0.01 sys=0.00, real=0.02 secs] 
2012-10-23T20:22:02.027+0100: 352398.010: [GC 352398.010: [DefNew: 17715K->1284K(19136K), 0.0096880 secs] 137837K->121407K(260032K), 0.0101850 secs] [Times: user=0.01 sys=0.00, real=0.01 secs] 
2012-10-23T20:22:14.020+0100: 352410.003: [GC 352410.004: [DefNew: 18308K->1913K(19136K), 0.0161560 secs] 138431K->122273K(260032K), 0.0167900 secs] [Times: user=0.01 sys=0.00, real=0.02 secs] 
2012-10-23T20:22:26.026+0100: 352422.010: [GC 352422.010: [DefNew: 18937K->1180K(19136K), 0.0155740 secs] 139297K->121988K(260032K), 0.0161510 secs] [Times: user=0.02 sys=0.00, real=0.02 secs] 
2012-10-23T20:22:34.846+0100: 352430.829: [GC 352430.829: [DefNew: 18204K->1755K(19136K), 0.0113980 secs] 139012K->122753K(260032K), 0.0119830 secs] [Times: user=0.02 sys=0.00, real=0.02 secs] 
2012-10-23T20:22:46.039+0100: 352442.022: [GC 352442.022: [DefNew: 18779K->1873K(19136K), 0.0166050 secs] 139777K->123072K(260032K), 0.0173020 secs] [Times: user=0.02 sys=0.00, real=0.01 secs] 
2012-10-23T20:23:00.041+0100: 352456.024: [GC 352456.025: [DefNew: 18897K->1059K(19136K), 0.0142490 secs] 140096K->122512K(260032K), 0.0147950 secs] [Times: user=0.02 sys=0.00, real=0.01 secs] 
2012-10-23T20:23:16.879+0100: 352472.862: [GC 352472.863: [DefNew: 18083K->1252K(19136K), 0.0130310 secs] 139536K->122885K(260032K), 0.0135200 secs] [Times: user=0.01 sys=0.00, real=0.01 secs] 
2012-10-23T20:23:28.033+0100: 352484.016: [GC 352484.016: [DefNew: 18276K->1350K(19136K), 0.0140280 secs] 139909K->123165K(260032K), 0.0145890 secs] [Times: user=0.02 sys=0.00, real=0.02 secs] 
2012-10-23T20:23:43.515+0100: 352499.498: [GC 352499.498: [DefNew: 18347K->947K(19136K), 0.0123850 secs] 140162K->122988K(260032K), 0.0128410 secs] [Times: user=0.02 sys=0.00, real=0.02 secs] 
2012-10-23T20:23:52.545+0100: 352508.528: [GC 352508.528: [DefNew: 17971K->1629K(19136K), 0.0127940 secs] 140012K->123669K(260032K), 0.0132230 secs] [Times: user=0.02 sys=0.00, real=0.02 secs] 
2012-10-23T20:24:03.066+0100: 352519.049: [GC 352519.049: [DefNew: 18653K->2112K(19136K), 0.0182480 secs] 140693K->124756K(260032K), 0.0188190 secs] [Times: user=0.02 sys=0.00, real=0.02 secs] 
2012-10-23T20:24:18.028+0100: 352534.011: [GC 352534.011: [DefNew: 19136K->1060K(19136K), 0.0147210 secs] 141780K->123955K(260032K), 0.0152260 secs] [Times: user=0.01 sys=0.00, real=0.01 secs] 
2012-10-23T20:24:28.025+0100: 352544.008: [GC 352544.008: [DefNew: 18084K->411K(19136K), 0.0126120 secs] 140979K->123524K(260032K), 0.0131380 secs] [Times: user=0.01 sys=0.00, real=0.02 secs] 
2012-10-23T20:24:36.641+0100: 352552.624: [GC 352552.625: [DefNew: 17435K->2068K(19136K), 0.0150460 secs] 140548K->125180K(260032K), 0.0155920 secs] [Times: user=0.01 sys=0.00, real=0.01 secs] 
2012-10-23T20:24:48.029+0100: 352564.012: [GC 352564.012: [DefNew: 19090K->885K(19136K), 0.0147600 secs] 142202K->124444K(260032K), 0.0152800 secs] [Times: user=0.02 sys=0.00, real=0.01 secs] 
2012-10-23T20:25:04.022+0100: 352580.005: [GC 352580.006: [DefNew: 17909K->1165K(19136K), 0.0111860 secs] 141468K->124724K(260032K), 0.0116570 secs] [Times: user=0.01 sys=0.00, real=0.01 secs] 
2012-10-23T20:25:20.022+0100: 352596.005: [GC 352596.005: [DefNew: 18189K->1143K(19136K), 0.0126220 secs] 141748K->124874K(260032K), 0.0130300 secs] [Times: user=0.01 sys=0.00, real=0.01 secs] 
2012-10-23T20:25:32.026+0100: 352608.009: [GC 352608.009: [DefNew: 18164K->633K(19136K), 0.0113520 secs] 141896K->124455K(260032K), 0.0118020 secs] [Times: user=0.01 sys=0.00, real=0.02 secs] 
2012-10-23T20:25:44.039+0100: 352620.022: [GC 352620.023: [DefNew: 17657K->1537K(19136K), 0.0126600 secs] 141479K->125359K(260032K), 0.0131570 secs] [Times: user=0.01 sys=0.00, real=0.01 secs] 
2012-10-23T20:25:54.327+0100: 352630.310: [GC 352630.310: [DefNew: 18561K->2112K(19136K), 0.0183000 secs] 142383K->126878K(260032K), 0.0189390 secs] [Times: user=0.02 sys=0.00, real=0.02 secs] 
2012-10-23T20:26:06.046+0100: 352642.029: [GC 352642.030: [DefNew: 19136K->1422K(19136K), 0.0145360 secs] 143902K->126381K(260032K), 0.0151710 secs] [Times: user=0.01 sys=0.00, real=0.02 secs] 
2012-10-23T20:26:22.043+0100: 352658.026: [GC 352658.026: [DefNew: 18446K->719K(19136K), 0.0135210 secs] 143405K->126016K(260032K), 0.0139780 secs] [Times: user=0.01 sys=0.00, real=0.01 secs] 
2012-10-23T20:26:32.030+0100: 352668.013: [GC 352668.014: [DefNew: 17743K->1341K(19136K), 0.0124750 secs] 143040K->126637K(260032K), 0.0129710 secs] [Times: user=0.01 sys=0.00, real=0.01 secs] 
2012-10-23T20:26:42.025+0100: 352678.008: [GC 352678.008: [DefNew: 18357K->298K(19136K), 0.0131980 secs] 143654K->126065K(260032K), 0.0136540 secs] [Times: user=0.02 sys=0.00, real=0.02 secs] 
2012-10-23T20:26:52.025+0100: 352688.008: [GC 352688.009: [DefNew: 17316K->900K(19136K), 0.0124200 secs] 143082K->126666K(260032K), 0.0129230 secs] [Times: user=0.02 sys=0.00, real=0.02 secs] 
2012-10-23T20:27:05.739+0100: 352701.722: [GC 352701.723: [DefNew: 17924K->1562K(19136K), 0.0145050 secs] 143690K->127328K(260032K), 0.0153590 secs] [Times: user=0.02 sys=0.00, real=0.01 secs] 
2012-10-23T20:27:20.072+0100: 352716.055: [GC 352716.055: [DefNew: 18574K->1708K(19136K), 0.0180370 secs] 144341K->128112K(260032K), 0.0186470 secs] [Times: user=0.02 sys=0.00, real=0.02 secs] 
2012-10-23T20:27:30.948+0100: 352726.931: [GC 352726.931: [DefNew: 18732K->1525K(19136K), 0.0151850 secs] 145136K->128149K(260032K), 0.0157410 secs] [Times: user=0.01 sys=0.00, real=0.01 secs] 
2012-10-23T20:27:40.053+0100: 352736.036: [GC 352736.036: [DefNew: 18548K->1840K(19136K), 0.0159200 secs] 145172K->128708K(260032K), 0.0166100 secs] [Times: user=0.02 sys=0.00, real=0.02 secs] 
2012-10-23T20:27:56.173+0100: 352752.156: [GC 352752.156: [DefNew: 18864K->1195K(19136K), 0.0131950 secs] 145732K->128272K(260032K), 0.0136550 secs] [Times: user=0.01 sys=0.01, real=0.01 secs] 
2012-10-23T20:28:08.049+0100: 352764.032: [GC 352764.032: [DefNew: 18219K->1784K(19136K), 0.0141250 secs] 145296K->128986K(260032K), 0.0146650 secs] [Times: user=0.02 sys=0.00, real=0.01 secs] 
2012-10-23T20:28:22.060+0100: 352778.043: [GC 352778.044: [DefNew: 18808K->1941K(19136K), 0.0139660 secs] 146010K->129344K(260032K), 0.0146020 secs] [Times: user=0.02 sys=0.00, real=0.01 secs] 
2012-10-23T20:28:32.055+0100: 352788.038: [GC 352788.039: [DefNew: 18965K->2111K(19136K), 0.0151150 secs] 146368K->129714K(260032K), 0.0156410 secs] [Times: user=0.02 sys=0.00, real=0.02 secs] 
2012-10-23T20:28:42.053+0100: 352798.036: [GC 352798.037: [DefNew: 19135K->2045K(19136K), 0.0154010 secs] 146738K->129926K(260032K), 0.0160190 secs] [Times: user=0.02 sys=0.00, real=0.02 secs] 
2012-10-23T20:28:52.053+0100: 352808.036: [GC 352808.036: [DefNew: 19069K->1555K(19136K), 0.0138390 secs] 146950K->129617K(260032K), 0.0145300 secs] [Times: user=0.01 sys=0.00, real=0.02 secs] 
2012-10-23T20:29:02.290+0100: 352818.273: [GC 352818.274: [DefNew: 18574K->1564K(19136K), 0.0138330 secs] 146636K->129805K(260032K), 0.0143990 secs] [Times: user=0.01 sys=0.00, real=0.01 secs] 
2012-10-23T20:29:18.052+0100: 352834.035: [GC 352834.035: [DefNew: 18588K->381K(19136K), 0.0125540 secs] 146829K->128846K(260032K), 0.0130790 secs] [Times: user=0.02 sys=0.00, real=0.01 secs] 
2012-10-23T20:29:28.546+0100: 352844.529: [GC 352844.529: [DefNew: 17405K->1879K(19136K), 0.0155620 secs] 145870K->130344K(260032K), 0.0161430 secs] [Times: user=0.03 sys=0.00, real=0.02 secs] 
2012-10-23T20:29:39.027+0100: 352855.010: [GC 352855.010: [DefNew: 18903K->1688K(19136K), 0.0162300 secs] 147368K->130572K(260032K), 0.0168360 secs] [Times: user=0.02 sys=0.00, real=0.02 secs] 
2012-10-23T20:29:52.040+0100: 352868.023: [GC 352868.024: [DefNew: 18712K->1385K(19136K), 0.0148720 secs] 147596K->130481K(260032K), 0.0154500 secs] [Times: user=0.01 sys=0.00, real=0.01 secs] 
2012-10-23T20:30:02.183+0100: 352878.166: [GC 352878.167: [DefNew: 18409K->1111K(19136K), 0.0142560 secs] 147505K->130432K(260032K), 0.0148740 secs] [Times: user=0.01 sys=0.00, real=0.02 secs] 
2012-10-23T20:30:14.726+0100: 352890.709: [GC 352890.710: [DefNew: 18135K->1220K(19136K), 0.0149670 secs] 147456K->130837K(260032K), 0.0155780 secs] [Times: user=0.03 sys=0.00, real=0.02 secs] 
2012-10-23T20:30:28.054+0100: 352904.037: [GC 352904.037: [DefNew: 18244K->2068K(19136K), 0.0166690 secs] 147861K->131991K(260032K), 0.0172570 secs] [Times: user=0.01 sys=0.00, real=0.02 secs] 
2012-10-23T20:30:38.035+0100: 352914.018: [GC 352914.018: [DefNew: 19092K->899K(19136K), 0.0136690 secs] 149015K->131005K(260032K), 0.0142940 secs] [Times: user=0.01 sys=0.00, real=0.02 secs] 
2012-10-23T20:30:48.326+0100: 352924.309: [GC 352924.309: [DefNew: 17923K->1801K(19136K), 0.0138070 secs] 148029K->131906K(260032K), 0.0143350 secs] [Times: user=0.02 sys=0.00, real=0.02 secs] 
2012-10-23T20:30:58.845+0100: 352934.828: [GC 352934.829: [DefNew: 18825K->1808K(19136K), 0.0173130 secs] 148930K->132272K(260032K), 0.0179010 secs] [Times: user=0.01 sys=0.01, real=0.02 secs] 
2012-10-23T20:31:13.560+0100: 352949.543: [GC 352949.543: [DefNew: 18832K->1016K(19136K), 0.0146710 secs] 149296K->131718K(260032K), 0.0151820 secs] [Times: user=0.02 sys=0.00, real=0.01 secs] 
2012-10-23T20:31:29.458+0100: 352965.441: [GC 352965.441: [DefNew: 18040K->1296K(19136K), 0.0138230 secs] 148742K->131998K(260032K), 0.0144250 secs] [Times: user=0.01 sys=0.00, real=0.01 secs] 
2012-10-23T20:31:40.827+0100: 352976.811: [GC 352976.811: [DefNew: 18320K->1738K(19136K), 0.0127640 secs] 149022K->132878K(260032K), 0.0134290 secs] [Times: user=0.01 sys=0.00, real=0.01 secs] 
2012-10-23T20:31:54.048+0100: 352990.031: [GC 352990.031: [DefNew: 18762K->1660K(19136K), 0.0109220 secs] 149902K->132980K(260032K), 0.0114590 secs] [Times: user=0.01 sys=0.00, real=0.01 secs] 
2012-10-23T20:32:03.958+0100: 352999.941: [GC 352999.941: [DefNew: 18684K->1617K(19136K), 0.0151800 secs] 150004K->133181K(260032K), 0.0156990 secs] [Times: user=0.01 sys=0.00, real=0.01 secs] 
2012-10-23T20:32:14.465+0100: 353010.448: [GC 353010.448: [DefNew: 18641K->2112K(19136K), 0.0190540 secs] 150205K->134154K(260032K), 0.0196210 secs] [Times: user=0.01 sys=0.00, real=0.02 secs] 
2012-10-23T20:32:28.488+0100: 353024.472: [GC 353024.472: [DefNew: 19136K->1044K(19136K), 0.0169340 secs] 151178K->133350K(260032K), 0.0175150 secs] [Times: user=0.01 sys=0.00, real=0.01 secs] 
2012-10-23T20:32:38.055+0100: 353034.038: [GC 353034.038: [DefNew: 18048K->1920K(19136K), 0.0150020 secs] 150355K->134227K(260032K), 0.0156380 secs] [Times: user=0.01 sys=0.00, real=0.02 secs] 
2012-10-23T20:32:48.090+0100: 353044.073: [GC 353044.073: [DefNew: 18944K->1678K(19136K), 0.0197570 secs] 151251K->134468K(260032K), 0.0203160 secs] [Times: user=0.02 sys=0.00, real=0.02 secs] 
2012-10-23T20:32:48.118+0100: 353044.101: [GC [1 CMS-initial-mark: 132790K(240896K)] 134675K(260032K), 0.0162880 secs] [Times: user=0.01 sys=0.00, real=0.01 secs] 
2012-10-23T20:32:48.138+0100: 353044.121: [CMS-concurrent-mark-start]
2012-10-23T20:32:48.313+0100: 353044.296: [CMS-concurrent-mark: 0.170/0.175 secs] [Times: user=0.16 sys=0.01, real=0.17 secs] 
2012-10-23T20:32:48.313+0100: 353044.296: [CMS-concurrent-preclean-start]
2012-10-23T20:32:48.319+0100: 353044.302: [CMS-concurrent-preclean: 0.006/0.006 secs] [Times: user=0.00 sys=0.00, real=0.01 secs] 
2012-10-23T20:32:48.320+0100: 353044.302: [CMS-concurrent-abortable-preclean-start]
 CMS: abort preclean due to time 2012-10-23T20:32:53.386+0100: 353049.369: [CMS-concurrent-abortable-preclean: 0.958/5.066 secs] [Times: user=1.00 sys=0.05, real=5.06 secs] 
2012-10-23T20:32:53.387+0100: 353049.370: [GC[YG occupancy: 12325 K (19136 K)]353049.370: [Rescan (non-parallel) 353049.370: [grey object rescan, 0.0014240 secs]353049.371: [root rescan, 0.0372550 secs], 0.0387760 secs]353049.409: [weak refs processing, 0.1040240 secs] [1 CMS-remark: 132790K(240896K)] 145115K(260032K), 0.1458500 secs] [Times: user=0.14 sys=0.00, real=0.15 secs] 
2012-10-23T20:32:53.538+0100: 353049.520: [CMS-concurrent-sweep-start]
2012-10-23T20:32:53.869+0100: 353049.852: [CMS-concurrent-sweep: 0.331/0.331 secs] [Times: user=0.33 sys=0.00, real=0.33 secs] 
2012-10-23T20:32:53.869+0100: 353049.852: [CMS-concurrent-reset-start]
2012-10-23T20:32:53.872+0100: 353049.855: [CMS-concurrent-reset: 0.003/0.003 secs] [Times: user=0.00 sys=0.00, real=0.00 secs] 
2012-10-23T20:32:56.050+0100: 353052.033: [GC 353052.034: [DefNew: 18697K->2112K(19136K), 0.0419990 secs] 62787K->46713K(260032K), 0.0427290 secs] [Times: user=0.04 sys=0.00, real=0.04 secs] 
2012-10-23T20:33:12.030+0100: 353068.013: [GC 353068.014: [DefNew: 19132K->380K(19136K), 0.0271480 secs] 63733K->46318K(260032K), 0.0278540 secs] [Times: user=0.03 sys=0.00, real=0.03 secs] 
2012-10-23T20:33:32.041+0100: 353088.024: [GC 353088.024: [DefNew: 17404K->1180K(19136K), 0.0114410 secs] 63342K->47118K(260032K), 0.0118260 secs] [Times: user=0.01 sys=0.00, real=0.01 secs] 
2012-10-23T20:33:42.668+0100: 353098.651: [GC 353098.651: [DefNew: 18204K->1629K(19136K), 0.0139000 secs] 64142K->47749K(260032K), 0.0143080 secs] [Times: user=0.01 sys=0.00, real=0.01 secs] 
2012-10-23T20:33:55.262+0100: 353111.245: [GC 353111.246: [DefNew: 18653K->1245K(19136K), 0.0153640 secs] 64773K->47627K(260032K), 0.0159130 secs] [Times: user=0.03 sys=0.00, real=0.02 secs] 
2012-10-23T20:34:09.387+0100: 353125.370: [GC 353125.371: [DefNew: 18269K->920K(19136K), 0.0207430 secs] 64651K->47573K(260032K), 0.0212290 secs] [Times: user=0.01 sys=0.00, real=0.02 secs] 
2012-10-23T20:34:28.034+0100: 353144.017: [GC 353144.017: [DefNew: 17932K->434K(19136K), 0.0096930 secs] 64584K->47087K(260032K), 0.0100550 secs] [Times: user=0.01 sys=0.00, real=0.01 secs] 
2012-10-23T20:34:37.226+0100: 353153.209: [GC 353153.210: [DefNew: 17458K->2111K(19136K), 0.0151110 secs] 64111K->49137K(260032K), 0.0156580 secs] [Times: user=0.02 sys=0.00, real=0.02 secs] 
2012-10-23T20:34:47.738+0100: 353163.721: [GC 353163.721: [DefNew: 19135K->338K(19136K), 0.0137020 secs] 66161K->47814K(260032K), 0.0144990 secs] [Times: user=0.01 sys=0.00, real=0.01 secs] 
2012-10-23T20:34:56.053+0100: 353172.036: [GC 353172.036: [DefNew: 17362K->2005K(19136K), 0.0135460 secs] 64838K->49481K(260032K), 0.0140640 secs] [Times: user=0.01 sys=0.00, real=0.01 secs] 
2012-10-23T20:35:10.053+0100: 353186.036: [GC 353186.036: [DefNew: 19027K->1001K(19136K), 0.0136670 secs] 66504K->48836K(260032K), 0.0141210 secs] [Times: user=0.02 sys=0.00, real=0.01 secs] 
2012-10-23T20:35:26.049+0100: 353202.033: [GC 353202.033: [DefNew: 18025K->1874K(19136K), 0.0137730 secs] 65860K->49710K(260032K), 0.0142880 secs] [Times: user=0.00 sys=0.01, real=0.01 secs] 
2012-10-23T20:35:38.052+0100: 353214.035: [GC 353214.036: [DefNew: 18898K->1353K(19136K), 0.0151590 secs] 66734K->49549K(260032K), 0.0156700 secs] [Times: user=0.02 sys=0.00, real=0.02 secs] 
2012-10-23T20:35:48.040+0100: 353224.023: [GC 353224.023: [DefNew: 18377K->867K(19136K), 0.0132630 secs] 66573K->49289K(260032K), 0.0137650 secs] [Times: user=0.01 sys=0.00, real=0.01 secs] 
2012-10-23T20:36:00.052+0100: 353236.035: [GC 353236.035: [DefNew: 17891K->2008K(19136K), 0.0144340 secs] 66313K->50429K(260032K), 0.0149990 secs] [Times: user=0.01 sys=0.00, real=0.02 secs] 
2012-10-23T20:36:14.055+0100: 353250.039: [GC 353250.039: [DefNew: 19032K->1197K(19136K), 0.0148020 secs] 67453K->50129K(260032K), 0.0152750 secs] [Times: user=0.01 sys=0.00, real=0.02 secs] 
2012-10-23T20:36:28.551+0100: 353264.535: [GC 353264.535: [DefNew: 18221K->1087K(19136K), 0.0134830 secs] 67153K->50234K(260032K), 0.0139840 secs] [Times: user=0.01 sys=0.00, real=0.01 secs] 
2012-10-23T20:36:39.058+0100: 353275.041: [GC 353275.042: [DefNew: 18111K->1867K(19136K), 0.0150760 secs] 67258K->51215K(260032K), 0.0156150 secs] [Times: user=0.01 sys=0.01, real=0.01 secs] 
2012-10-23T20:36:49.467+0100: 353285.450: [GC 353285.451: [DefNew: 18891K->1738K(19136K), 0.0161040 secs] 68239K->51320K(260032K), 0.0166850 secs] [Times: user=0.01 sys=0.00, real=0.01 secs] 
2012-10-23T20:36:58.047+0100: 353294.030: [GC 353294.030: [DefNew: 18756K->1232K(19136K), 0.0148170 secs] 68338K->51084K(260032K), 0.0153670 secs] [Times: user=0.01 sys=0.00, real=0.02 secs] 
2012-10-23T20:37:12.053+0100: 353308.036: [GC 353308.037: [DefNew: 18256K->817K(19136K), 0.0138750 secs] 68108K->50895K(260032K), 0.0145440 secs] [Times: user=0.01 sys=0.00, real=0.02 secs] 
2012-10-23T20:37:33.626+0100: 353329.609: [GC 353329.609: [DefNew: 17841K->1106K(19136K), 0.0113320 secs] 67919K->51184K(260032K), 0.0117950 secs] [Times: user=0.01 sys=0.00, real=0.02 secs] 
2012-10-23T20:37:44.051+0100: 353340.034: [GC 353340.035: [DefNew: 18130K->1948K(19136K), 0.0155050 secs] 68208K->52252K(260032K), 0.0160420 secs] [Times: user=0.02 sys=0.00, real=0.02 secs] 
2012-10-23T20:37:54.642+0100: 353350.625: [GC 353350.625: [DefNew: 18972K->1062K(19136K), 0.0145390 secs] 69276K->51683K(260032K), 0.0150380 secs] [Times: user=0.01 sys=0.00, real=0.01 secs] 
2012-10-23T20:38:06.036+0100: 353362.019: [GC 353362.020: [DefNew: 18086K->1720K(19136K), 0.0142550 secs] 68707K->52578K(260032K), 0.0148310 secs] [Times: user=0.01 sys=0.00, real=0.02 secs] 
2012-10-23T20:38:18.066+0100: 353374.049: [GC 353374.050: [DefNew: 18744K->1698K(19136K), 0.0145150 secs] 69602K->52771K(260032K), 0.0150500 secs] [Times: user=0.01 sys=0.00, real=0.02 secs] 
2012-10-23T20:38:32.485+0100: 353388.468: [GC 353388.469: [DefNew: 18722K->2011K(19136K), 0.0152000 secs] 69795K->53264K(260032K), 0.0157620 secs] [Times: user=0.01 sys=0.00, real=0.02 secs] 
2012-10-23T20:38:44.050+0100: 353400.033: [GC 353400.034: [DefNew: 19028K->1524K(19136K), 0.0144210 secs] 70280K->52959K(260032K), 0.0149800 secs] [Times: user=0.02 sys=0.00, real=0.01 secs] 
2012-10-23T20:38:53.377+0100: 353409.360: [GC 353409.360: [DefNew: 18548K->2112K(19136K), 0.0169470 secs] 69983K->53884K(260032K), 0.0175280 secs] [Times: user=0.01 sys=0.00, real=0.02 secs] 
2012-10-23T20:39:02.056+0100: 353418.039: [GC 353418.039: [DefNew: 19134K->924K(19136K), 0.0132010 secs] 70907K->52890K(260032K), 0.0137570 secs] [Times: user=0.02 sys=0.00, real=0.02 secs] 
2012-10-23T20:39:24.052+0100: 353440.035: [GC 353440.036: [DefNew: 17948K->1215K(19136K), 0.0191060 secs] 69914K->53181K(260032K), 0.0195940 secs] [Times: user=0.01 sys=0.00, real=0.02 secs] 
2012-10-23T20:39:40.049+0100: 353456.032: [GC 353456.033: [DefNew: 18216K->1120K(19136K), 0.0124690 secs] 70182K->53308K(260032K), 0.0128640 secs] [Times: user=0.01 sys=0.00, real=0.01 secs] 
2012-10-23T20:39:50.061+0100: 353466.044: [GC 353466.044: [DefNew: 18144K->1973K(19136K), 0.0135810 secs] 70332K->54253K(260032K), 0.0140790 secs] [Times: user=0.01 sys=0.01, real=0.01 secs] 
2012-10-23T20:40:02.706+0100: 353478.689: [GC 353478.689: [DefNew: 18997K->1740K(19136K), 0.0140710 secs] 71277K->54337K(260032K), 0.0145180 secs] [Times: user=0.01 sys=0.00, real=0.02 secs] 
2012-10-23T20:40:13.230+0100: 353489.213: [GC 353489.214: [DefNew: 18764K->922K(19136K), 0.0127420 secs] 71361K->53742K(260032K), 0.0131810 secs] [Times: user=0.01 sys=0.00, real=0.01 secs] 
2012-10-23T20:40:23.763+0100: 353499.746: [GC 353499.747: [DefNew: 17946K->1962K(19136K), 0.0147900 secs] 70766K->54782K(260032K), 0.0154980 secs] [Times: user=0.02 sys=0.00, real=0.02 secs] 
2012-10-23T20:40:38.069+0100: 353514.052: [GC 353514.052: [DefNew: 18986K->2070K(19136K), 0.0180840 secs] 71806K->55368K(260032K), 0.0187240 secs] [Times: user=0.02 sys=0.00, real=0.02 secs] 
2012-10-23T20:40:48.926+0100: 353524.909: [GC 353524.909: [DefNew: 19094K->1136K(19136K), 0.0139680 secs] 72392K->54639K(260032K), 0.0146180 secs] [Times: user=0.01 sys=0.00, real=0.02 secs] 
2012-10-23T20:40:57.378+0100: 353533.361: [GC 353533.361: [DefNew: 18160K->1608K(19136K), 0.0155790 secs] 71663K->55335K(260032K), 0.0161970 secs] [Times: user=0.01 sys=0.00, real=0.01 secs] 
2012-10-23T20:41:08.063+0100: 353544.046: [GC 353544.046: [DefNew: 18624K->1651K(19136K), 0.0149570 secs] 72352K->55600K(260032K), 0.0155480 secs] [Times: user=0.02 sys=0.00, real=0.02 secs] 
2012-10-23T20:41:24.040+0100: 353560.023: [GC 353560.024: [DefNew: 18657K->1103K(19136K), 0.0138480 secs] 72605K->55242K(260032K), 0.0143930 secs] [Times: user=0.02 sys=0.00, real=0.01 secs] 
2012-10-23T20:41:39.565+0100: 353575.548: [GC 353575.548: [DefNew: 18127K->1618K(19136K), 0.0103140 secs] 72266K->56026K(260032K), 0.0108030 secs] [Times: user=0.01 sys=0.00, real=0.01 secs] 
2012-10-23T20:41:49.880+0100: 353585.863: [GC 353585.863: [DefNew: 18642K->1767K(19136K), 0.0146060 secs] 73050K->56312K(260032K), 0.0151450 secs] [Times: user=0.01 sys=0.00, real=0.01 secs] 
2012-10-23T20:42:02.058+0100: 353598.041: [GC 353598.041: [DefNew: 18791K->1382K(19136K), 0.0143870 secs] 73336K->56151K(260032K), 0.0149890 secs] [Times: user=0.02 sys=0.00, real=0.01 secs] 
2012-10-23T20:42:12.050+0100: 353608.033: [GC 353608.033: [DefNew: 18406K->1023K(19136K), 0.0097920 secs] 73175K->56021K(260032K), 0.0102390 secs] [Times: user=0.01 sys=0.00, real=0.01 secs] 
2012-10-23T20:42:22.066+0100: 353618.049: [GC 353618.049: [DefNew: 18045K->1902K(19136K), 0.0143710 secs] 73043K->56900K(260032K), 0.0149550 secs] [Times: user=0.02 sys=0.00, real=0.02 secs] 
2012-10-23T20:42:32.053+0100: 353628.036: [GC 353628.036: [DefNew: 18926K->1095K(19136K), 0.0160370 secs] 73924K->56538K(260032K), 0.0166680 secs] [Times: user=0.01 sys=0.00, real=0.02 secs] 
2012-10-23T20:42:42.063+0100: 353638.046: [GC 353638.046: [DefNew: 18119K->1535K(19136K), 0.0153120 secs] 73562K->57204K(260032K), 0.0159380 secs] [Times: user=0.02 sys=0.00, real=0.02 secs] 
2012-10-23T20:42:52.826+0100: 353648.809: [GC 353648.809: [DefNew: 18559K->973K(19136K), 0.0138490 secs] 74228K->56823K(260032K), 0.0144490 secs] [Times: user=0.01 sys=0.00, real=0.02 secs] 
2012-10-23T20:43:06.053+0100: 353662.036: [GC 353662.036: [DefNew: 17997K->1329K(19136K), 0.0138750 secs] 73847K->57179K(260032K), 0.0144700 secs] [Times: user=0.00 sys=0.00, real=0.02 secs] 
2012-10-23T20:43:20.185+0100: 353676.168: [GC 353676.168: [DefNew: 18353K->1710K(19136K), 0.0161540 secs] 74203K->58005K(260032K), 0.0166720 secs] [Times: user=0.02 sys=0.00, real=0.02 secs] 
2012-10-23T20:43:36.058+0100: 353692.041: [GC 353692.041: [DefNew: 18734K->1509K(19136K), 0.0140100 secs] 75029K->57938K(260032K), 0.0145270 secs] [Times: user=0.01 sys=0.00, real=0.01 secs] 
2012-10-23T20:43:48.072+0100: 353704.056: [GC 353704.056: [DefNew: 18525K->1891K(19136K), 0.0145830 secs] 74955K->58558K(260032K), 0.0150780 secs] [Times: user=0.01 sys=0.00, real=0.02 secs] 
2012-10-23T20:43:58.470+0100: 353714.453: [GC 353714.453: [DefNew: 18915K->941K(19136K), 0.0129380 secs] 75582K->57855K(260032K), 0.0134600 secs] [Times: user=0.01 sys=0.00, real=0.01 secs] 
2012-10-23T20:44:12.050+0100: 353728.033: [GC 353728.034: [DefNew: 17965K->786K(19136K), 0.0119990 secs] 74879K->57700K(260032K), 0.0125020 secs] [Times: user=0.01 sys=0.00, real=0.01 secs] 
2012-10-23T20:44:24.047+0100: 353740.030: [GC 353740.031: [DefNew: 17792K->1621K(19136K), 0.0137710 secs] 74706K->58535K(260032K), 0.0144540 secs] [Times: user=0.01 sys=0.00, real=0.02 secs] 
2012-10-23T20:44:33.626+0100: 353749.609: [GC 353749.609: [DefNew: 18645K->1646K(19136K), 0.0171160 secs] 75559K->59189K(260032K), 0.0176700 secs] [Times: user=0.02 sys=0.00, real=0.02 secs] 
2012-10-23T20:44:48.054+0100: 353764.037: [GC 353764.038: [DefNew: 18665K->1032K(19136K), 0.0128170 secs] 76208K->58755K(260032K), 0.0133310 secs] [Times: user=0.02 sys=0.00, real=0.02 secs] 
2012-10-23T20:45:00.047+0100: 353776.030: [GC 353776.030: [DefNew: 18056K->1202K(19136K), 0.0126450 secs] 75779K->58925K(260032K), 0.0131530 secs] [Times: user=0.01 sys=0.00, real=0.02 secs] 
2012-10-23T20:45:09.565+0100: 353785.548: [GC 353785.548: [DefNew: 18226K->1292K(19136K), 0.0144900 secs] 75949K->59195K(260032K), 0.0150800 secs] [Times: user=0.01 sys=0.00, real=0.02 secs] 
2012-10-23T20:45:21.959+0100: 353797.942: [GC 353797.943: [DefNew: 18316K->423K(19136K), 0.0139260 secs] 76219K->58774K(260032K), 0.0144040 secs] [Times: user=0.01 sys=0.00, real=0.01 secs] 
2012-10-23T20:45:38.060+0100: 353814.043: [GC 353814.043: [DefNew: 17424K->1919K(19136K), 0.0134420 secs] 75775K->60270K(260032K), 0.0139390 secs] [Times: user=0.02 sys=0.00, real=0.01 secs] 
2012-10-23T20:45:50.068+0100: 353826.051: [GC 353826.051: [DefNew: 18943K->1140K(19136K), 0.0153600 secs] 77294K->59885K(260032K), 0.0160340 secs] [Times: user=0.02 sys=0.00, real=0.01 secs] 
2012-10-23T20:46:01.845+0100: 353837.828: [GC 353837.828: [DefNew: 18164K->440K(19136K), 0.0130020 secs] 76909K->59413K(260032K), 0.0135000 secs] [Times: user=0.02 sys=0.00, real=0.02 secs] 
2012-10-23T20:46:14.093+0100: 353850.076: [GC 353850.076: [DefNew: 17464K->1419K(19136K), 0.0126920 secs] 76437K->60391K(260032K), 0.0131460 secs] [Times: user=0.01 sys=0.00, real=0.01 secs] 
2012-10-23T20:46:26.069+0100: 353862.052: [GC 353862.052: [DefNew: 18440K->1940K(19136K), 0.0163290 secs] 77412K->61345K(260032K), 0.0168760 secs] [Times: user=0.01 sys=0.00, real=0.01 secs] 
2012-10-23T20:46:36.060+0100: 353872.043: [GC 353872.044: [DefNew: 18964K->1800K(19136K), 0.0152710 secs] 78369K->61428K(260032K), 0.0158820 secs] [Times: user=0.02 sys=0.00, real=0.01 secs] 
2012-10-23T20:46:46.058+0100: 353882.041: [GC 353882.042: [DefNew: 18824K->1579K(19136K), 0.0154880 secs] 78452K->61434K(260032K), 0.0161240 secs] [Times: user=0.02 sys=0.00, real=0.01 secs] 
2012-10-23T20:46:58.509+0100: 353894.492: [GC 353894.492: [DefNew: 18603K->777K(19136K), 0.0136510 secs] 78458K->60856K(260032K), 0.0142250 secs] [Times: user=0.01 sys=0.00, real=0.01 secs] 
2012-10-23T20:47:08.440+0100: 353904.423: [GC 353904.423: [DefNew: 17776K->1194K(19136K), 0.0137140 secs] 77855K->61273K(260032K), 0.0143140 secs] [Times: user=0.01 sys=0.00, real=0.01 secs] 
2012-10-23T20:47:22.055+0100: 353918.038: [GC 353918.038: [DefNew: 18218K->1216K(19136K), 0.0145430 secs] 78297K->61519K(260032K), 0.0150850 secs] [Times: user=0.01 sys=0.00, real=0.02 secs] 
2012-10-23T20:47:39.581+0100: 353935.564: [GC 353935.564: [DefNew: 18240K->1080K(19136K), 0.0149910 secs] 78543K->61606K(260032K), 0.0154970 secs] [Times: user=0.01 sys=0.00, real=0.01 secs] 
2012-10-23T20:47:50.065+0100: 353946.048: [GC 353946.048: [DefNew: 18104K->1923K(19136K), 0.0149000 secs] 78630K->62585K(260032K), 0.0154960 secs] [Times: user=0.01 sys=0.00, real=0.02 secs] 
2012-10-23T20:47:59.467+0100: 353955.450: [GC 353955.450: [DefNew: 18947K->1723K(19136K), 0.0160890 secs] 79609K->62789K(260032K), 0.0166050 secs] [Times: user=0.02 sys=0.00, real=0.02 secs] 
2012-10-23T20:48:12.105+0100: 353968.088: [GC 353968.089: [DefNew: 18747K->1661K(19136K), 0.0142260 secs] 79813K->62939K(260032K), 0.0147030 secs] [Times: user=0.01 sys=0.00, real=0.02 secs] 
2012-10-23T20:48:24.758+0100: 353980.741: [GC 353980.742: [DefNew: 18685K->1167K(19136K), 0.0136140 secs] 79963K->62646K(260032K), 0.0142370 secs] [Times: user=0.01 sys=0.00, real=0.01 secs] 
2012-10-23T20:48:35.145+0100: 353991.128: [GC 353991.128: [DefNew: 18191K->1760K(19136K), 0.0153320 secs] 79670K->63469K(260032K), 0.0158830 secs] [Times: user=0.02 sys=0.00, real=0.02 secs] 
2012-10-23T20:48:44.066+0100: 354000.049: [GC 354000.049: [DefNew: 18784K->1716K(19136K), 0.0150070 secs] 80493K->63620K(260032K), 0.0156120 secs] [Times: user=0.02 sys=0.00, real=0.02 secs] 
2012-10-23T20:48:56.178+0100: 354012.161: [GC 354012.161: [DefNew: 18740K->1724K(19136K), 0.0155720 secs] 80644K->63842K(260032K), 0.0161490 secs] [Times: user=0.01 sys=0.00, real=0.01 secs] 
2012-10-23T20:49:08.075+0100: 354024.058: [GC 354024.059: [DefNew: 18748K->2062K(19136K), 0.0161660 secs] 80866K->64406K(260032K), 0.0168260 secs] [Times: user=0.02 sys=0.00, real=0.02 secs] 
2012-10-23T20:49:21.362+0100: 354037.345: [GC 354037.345: [DefNew: 19086K->408K(19136K), 0.0126010 secs] 81430K->62935K(260032K), 0.0130910 secs] [Times: user=0.02 sys=0.00, real=0.01 secs] 
2012-10-23T20:49:34.560+0100: 354050.543: [GC 354050.544: [DefNew: 17432K->1794K(19136K), 0.0131830 secs] 79959K->64322K(260032K), 0.0136940 secs] [Times: user=0.02 sys=0.00, real=0.01 secs] 
2012-10-23T20:49:50.068+0100: 354066.051: [GC 354066.052: [DefNew: 18818K->1319K(19136K), 0.0148610 secs] 81346K->64163K(260032K), 0.0153550 secs] [Times: user=0.01 sys=0.00, real=0.01 secs] 
2012-10-23T20:49:59.630+0100: 354075.613: [GC 354075.613: [DefNew: 18343K->1669K(19136K), 0.0152380 secs] 81187K->64782K(260032K), 0.0158000 secs] [Times: user=0.01 sys=0.01, real=0.01 secs] 
2012-10-23T20:50:13.837+0100: 354089.820: [GC 354089.821: [DefNew: 18693K->1468K(19136K), 0.0133330 secs] 81806K->64804K(260032K), 0.0138490 secs] [Times: user=0.01 sys=0.00, real=0.02 secs] 
2012-10-23T20:50:24.642+0100: 354100.625: [GC 354100.626: [DefNew: 18492K->1030K(19136K), 0.0130650 secs] 81828K->64512K(260032K), 0.0136030 secs] [Times: user=0.02 sys=0.00, real=0.01 secs] 
2012-10-23T20:50:34.852+0100: 354110.835: [GC 354110.835: [DefNew: 18054K->1948K(19136K), 0.0145410 secs] 81536K->65429K(260032K), 0.0150840 secs] [Times: user=0.00 sys=0.00, real=0.01 secs] 
2012-10-23T20:50:44.064+0100: 354120.047: [GC 354120.047: [DefNew: 18969K->1849K(19136K), 0.0169070 secs] 82450K->65751K(260032K), 0.0175440 secs] [Times: user=0.02 sys=0.00, real=0.02 secs] 
2012-10-23T20:50:56.071+0100: 354132.054: [GC 354132.054: [DefNew: 18868K->1221K(19136K), 0.0149760 secs] 82771K->65330K(260032K), 0.0155450 secs] [Times: user=0.01 sys=0.00, real=0.01 secs] 
2012-10-23T20:51:08.473+0100: 354144.456: [GC 354144.457: [DefNew: 18245K->2111K(19136K), 0.0176090 secs] 82354K->66762K(260032K), 0.0182220 secs] [Times: user=0.02 sys=0.00, real=0.02 secs] 
2012-10-23T20:51:21.067+0100: 354157.050: [GC 354157.050: [DefNew: 19135K->1566K(19136K), 0.0160430 secs] 83786K->66388K(260032K), 0.0167130 secs] [Times: user=0.02 sys=0.00, real=0.02 secs] 
2012-10-23T20:51:33.436+0100: 354169.419: [GC 354169.419: [DefNew: 18590K->753K(19136K), 0.0150240 secs] 83412K->65863K(260032K), 0.0155950 secs] [Times: user=0.02 sys=0.00, real=0.02 secs] 
2012-10-23T20:51:52.053+0100: 354188.036: [GC 354188.037: [DefNew: 17764K->618K(19136K), 0.0113260 secs] 82875K->65729K(260032K), 0.0118430 secs] [Times: user=0.01 sys=0.00, real=0.01 secs] 
2012-10-23T20:52:00.974+0100: 354196.957: [GC 354196.957: [DefNew: 17642K->2112K(19136K), 0.0163820 secs] 82753K->67454K(260032K), 0.0169120 secs] [Times: user=0.01 sys=0.00, real=0.02 secs] 
2012-10-23T20:52:14.625+0100: 354210.608: [GC 354210.609: [DefNew: 19136K->1742K(19136K), 0.0193240 secs] 84478K->67704K(260032K), 0.0200780 secs] [Times: user=0.02 sys=0.00, real=0.02 secs] 
2012-10-23T20:52:28.057+0100: 354224.040: [GC 354224.040: [DefNew: 18750K->580K(19136K), 0.0121310 secs] 84712K->66749K(260032K), 0.0126290 secs] [Times: user=0.01 sys=0.00, real=0.02 secs] 
2012-10-23T20:52:36.662+0100: 354232.645: [GC 354232.645: [DefNew: 17604K->2111K(19136K), 0.0147800 secs] 83773K->68288K(260032K), 0.0152980 secs] [Times: user=0.01 sys=0.00, real=0.02 secs] 
2012-10-23T20:52:46.074+0100: 354242.058: [GC 354242.058: [DefNew: 19135K->1893K(19136K), 0.0169260 secs] 85312K->68566K(260032K), 0.0177140 secs] [Times: user=0.03 sys=0.00, real=0.02 secs] 
2012-10-23T20:52:59.684+0100: 354255.667: [GC 354255.667: [DefNew: 18917K->1711K(19136K), 0.0148450 secs] 85590K->68587K(260032K), 0.0154210 secs] [Times: user=0.01 sys=0.00, real=0.02 secs] 
2012-10-23T20:53:10.281+0100: 354266.264: [GC 354266.265: [DefNew: 18735K->1828K(19136K), 0.0159110 secs] 85611K->68885K(260032K), 0.0166050 secs] [Times: user=0.02 sys=0.00, real=0.02 secs] 
2012-10-23T20:53:22.067+0100: 354278.050: [GC 354278.050: [DefNew: 18852K->1320K(19136K), 0.0144400 secs] 85909K->68601K(260032K), 0.0149950 secs] [Times: user=0.02 sys=0.00, real=0.02 secs] 
2012-10-23T20:53:32.062+0100: 354288.045: [GC 354288.045: [DefNew: 18323K->1186K(19136K), 0.0144500 secs] 85605K->68699K(260032K), 0.0151350 secs] [Times: user=0.02 sys=0.00, real=0.01 secs] 
2012-10-23T20:53:48.056+0100: 354304.039: [GC 354304.039: [DefNew: 18210K->654K(19136K), 0.0128210 secs] 85723K->68394K(260032K), 0.0133190 secs] [Times: user=0.01 sys=0.00, real=0.02 secs] 
2012-10-23T20:54:00.641+0100: 354316.624: [GC 354316.625: [DefNew: 17678K->2112K(19136K), 0.0161870 secs] 85418K->70298K(260032K), 0.0167600 secs] [Times: user=0.01 sys=0.00, real=0.02 secs] 
2012-10-23T20:54:13.257+0100: 354329.240: [GC 354329.245: [DefNew: 19136K->1625K(19136K), 0.0311840 secs] 87322K->70178K(260032K), 0.0318150 secs] [Times: user=0.01 sys=0.00, real=0.04 secs] 
2012-10-23T20:54:23.496+0100: 354339.479: [GC 354339.480: [DefNew: 18649K->1977K(19136K), 0.0246300 secs] 87202K->70782K(260032K), 0.0252310 secs] [Times: user=0.02 sys=0.00, real=0.03 secs] 
2012-10-23T20:54:36.069+0100: 354352.052: [GC 354352.052: [DefNew: 19001K->1765K(19136K), 0.0144950 secs] 87806K->70738K(260032K), 0.0150490 secs] [Times: user=0.00 sys=0.01, real=0.01 secs] 
2012-10-23T20:54:46.073+0100: 354362.056: [GC 354362.057: [DefNew: 18789K->1800K(19136K), 0.0153080 secs] 87762K->70998K(260032K), 0.0159190 secs] [Times: user=0.01 sys=0.00, real=0.02 secs] 
2012-10-23T20:54:57.365+0100: 354373.348: [GC 354373.349: [DefNew: 18824K->1022K(19136K), 0.0141500 secs] 88022K->70444K(260032K), 0.0146700 secs] [Times: user=0.01 sys=0.00, real=0.02 secs] 
2012-10-23T20:55:09.977+0100: 354385.960: [GC 354385.961: [DefNew: 18046K->2000K(19136K), 0.0144610 secs] 87468K->71422K(260032K), 0.0149960 secs] [Times: user=0.00 sys=0.01, real=0.02 secs] 
2012-10-23T20:55:20.445+0100: 354396.428: [GC 354396.429: [DefNew: 19024K->1109K(19136K), 0.0151990 secs] 88446K->70933K(260032K), 0.0157200 secs] [Times: user=0.02 sys=0.00, real=0.02 secs] 
2012-10-23T20:55:30.954+0100: 354406.937: [GC 354406.938: [DefNew: 18133K->2111K(19136K), 0.0176010 secs] 87957K->72486K(260032K), 0.0183050 secs] [Times: user=0.02 sys=0.00, real=0.02 secs] 
2012-10-23T20:55:42.059+0100: 354418.042: [GC 354418.042: [DefNew: 19117K->612K(19136K), 0.0135950 secs] 89492K->71222K(260032K), 0.0141880 secs] [Times: user=0.01 sys=0.00, real=0.01 secs] 
2012-10-23T20:55:58.575+0100: 354434.558: [GC 354434.559: [DefNew: 17636K->1904K(19136K), 0.0210660 secs] 88246K->72514K(260032K), 0.0216890 secs] [Times: user=0.01 sys=0.00, real=0.02 secs] 
2012-10-23T20:56:08.788+0100: 354444.771: [GC 354444.771: [DefNew: 18928K->1145K(19136K), 0.0159940 secs] 89538K->72199K(260032K), 0.0165540 secs] [Times: user=0.01 sys=0.00, real=0.01 secs] 
2012-10-23T20:56:21.339+0100: 354457.322: [GC 354457.322: [DefNew: 18169K->1749K(19136K), 0.0155090 secs] 89223K->73027K(260032K), 0.0160870 secs] [Times: user=0.01 sys=0.01, real=0.01 secs] 
2012-10-23T20:56:32.062+0100: 354468.045: [GC 354468.045: [DefNew: 18773K->986K(19136K), 0.0140780 secs] 90051K->72505K(260032K), 0.0146340 secs] [Times: user=0.01 sys=0.00, real=0.01 secs] 
2012-10-23T20:56:42.077+0100: 354478.061: [GC 354478.061: [DefNew: 18010K->1804K(19136K), 0.0141530 secs] 89529K->73323K(260032K), 0.0146970 secs] [Times: user=0.01 sys=0.00, real=0.01 secs] 
2012-10-23T20:56:52.079+0100: 354488.062: [GC 354488.062: [DefNew: 18828K->1493K(19136K), 0.0169880 secs] 90347K->73456K(260032K), 0.0176480 secs] [Times: user=0.01 sys=0.00, real=0.01 secs] 
2012-10-23T20:57:03.525+0100: 354499.508: [GC 354499.508: [DefNew: 18517K->1643K(19136K), 0.0191740 secs] 90480K->73831K(260032K), 0.0199240 secs] [Times: user=0.01 sys=0.00, real=0.02 secs] 
2012-10-23T20:57:18.068+0100: 354514.051: [GC 354514.052: [DefNew: 18667K->394K(19136K), 0.0147010 secs] 90855K->72850K(260032K), 0.0152550 secs] [Times: user=0.00 sys=0.00, real=0.01 secs] 
2012-10-23T20:57:30.627+0100: 354526.610: [GC 354526.610: [DefNew: 17418K->2112K(19136K), 0.0160780 secs] 89874K->74971K(260032K), 0.0166440 secs] [Times: user=0.02 sys=0.00, real=0.02 secs] 
2012-10-23T20:57:42.072+0100: 354538.055: [GC 354538.055: [DefNew: 19136K->867K(19136K), 0.0146100 secs] 91995K->74030K(260032K), 0.0152680 secs] [Times: user=0.02 sys=0.00, real=0.01 secs] 
2012-10-23T20:57:53.761+0100: 354549.744: [GC 354549.744: [DefNew: 17891K->2049K(19136K), 0.0153740 secs] 91054K->75211K(260032K), 0.0159500 secs] [Times: user=0.01 sys=0.00, real=0.01 secs] 
2012-10-23T20:58:08.092+0100: 354564.075: [GC 354564.076: [DefNew: 19073K->2107K(19136K), 0.0173230 secs] 92235K->75796K(260032K), 0.0179050 secs] [Times: user=0.01 sys=0.00, real=0.02 secs] 
2012-10-23T20:58:22.086+0100: 354578.069: [GC 354578.069: [DefNew: 19131K->2060K(19136K), 0.0147880 secs] 92820K->75939K(260032K), 0.0152950 secs] [Times: user=0.02 sys=0.00, real=0.02 secs] 
2012-10-23T20:58:33.675+0100: 354589.658: [GC 354589.658: [DefNew: 19084K->1131K(19136K), 0.0133160 secs] 92963K->75191K(260032K), 0.0137940 secs] [Times: user=0.01 sys=0.00, real=0.02 secs] 
2012-10-23T20:58:43.643+0100: 354599.626: [GC 354599.626: [DefNew: 18155K->2112K(19136K), 0.0166790 secs] 92215K->76450K(260032K), 0.0172400 secs] [Times: user=0.02 sys=0.00, real=0.02 secs] 
2012-10-23T20:58:52.623+0100: 354608.606: [GC 354608.606: [DefNew: 19136K->2081K(19136K), 0.0157330 secs] 93474K->76651K(260032K), 0.0162780 secs] [Times: user=0.02 sys=0.00, real=0.02 secs] 
2012-10-23T20:59:05.141+0100: 354621.125: [GC 354621.125: [DefNew: 19105K->1294K(19136K), 0.0151530 secs] 93675K->76089K(260032K), 0.0163770 secs] [Times: user=0.02 sys=0.00, real=0.02 secs] 
2012-10-23T20:59:17.739+0100: 354633.722: [GC 354633.722: [DefNew: 18318K->1219K(19136K), 0.0144740 secs] 93113K->76279K(260032K), 0.0150110 secs] [Times: user=0.02 sys=0.00, real=0.01 secs] 
2012-10-23T20:59:30.345+0100: 354646.328: [GC 354646.329: [DefNew: 18243K->1492K(19136K), 0.0153100 secs] 93303K->76772K(260032K), 0.0158900 secs] [Times: user=0.01 sys=0.00, real=0.02 secs] 
2012-10-23T20:59:40.822+0100: 354656.805: [GC 354656.806: [DefNew: 18516K->1619K(19136K), 0.0148280 secs] 93796K->77095K(260032K), 0.0154560 secs] [Times: user=0.01 sys=0.00, real=0.02 secs] 
2012-10-23T20:59:53.579+0100: 354669.562: [GC 354669.562: [DefNew: 18643K->906K(19136K), 0.0143830 secs] 94119K->76593K(260032K), 0.0149950 secs] [Times: user=0.01 sys=0.00, real=0.01 secs] 
2012-10-23T21:00:08.087+0100: 354684.070: [GC 354684.071: [DefNew: 17930K->2112K(19136K), 0.0156120 secs] 93617K->77953K(260032K), 0.0161590 secs] [Times: user=0.01 sys=0.00, real=0.01 secs] 
2012-10-23T21:00:18.062+0100: 354694.045: [GC 354694.045: [DefNew: 19135K->476K(19136K), 0.0141350 secs] 94977K->76761K(260032K), 0.0146350 secs] [Times: user=0.01 sys=0.00, real=0.01 secs] 
2012-10-23T21:00:28.732+0100: 354704.715: [GC 354704.715: [DefNew: 17500K->1991K(19136K), 0.0160260 secs] 93785K->78276K(260032K), 0.0166910 secs] [Times: user=0.02 sys=0.00, real=0.02 secs] 
2012-10-23T21:00:39.674+0100: 354715.657: [GC 354715.658: [DefNew: 19015K->1966K(19136K), 0.0266360 secs] 95300K->78703K(260032K), 0.0276310 secs] [Times: user=0.01 sys=0.00, real=0.03 secs] 
2012-10-23T21:00:50.144+0100: 354726.128: [GC 354726.128: [DefNew: 18990K->2112K(19136K), 0.0190430 secs] 95727K->79389K(260032K), 0.0197590 secs] [Times: user=0.01 sys=0.00, real=0.02 secs] 
2012-10-23T21:01:02.062+0100: 354738.045: [GC 354738.045: [DefNew: 19136K->395K(19136K), 0.0134060 secs] 96413K->77882K(260032K), 0.0140760 secs] [Times: user=0.01 sys=0.01, real=0.01 secs] 
2012-10-23T21:01:13.741+0100: 354749.724: [GC 354749.724: [DefNew: 17419K->1841K(19136K), 0.0174700 secs] 94906K->79328K(260032K), 0.0182890 secs] [Times: user=0.02 sys=0.00, real=0.02 secs] 
2012-10-23T21:01:28.063+0100: 354764.046: [GC 354764.047: [DefNew: 18846K->362K(19136K), 0.0137040 secs] 96333K->78299K(260032K), 0.0141990 secs] [Times: user=0.02 sys=0.00, real=0.02 secs] 
2012-10-23T21:01:38.079+0100: 354774.062: [GC 354774.062: [DefNew: 17382K->1759K(19136K), 0.0134890 secs] 95319K->79697K(260032K), 0.0140150 secs] [Times: user=0.01 sys=0.00, real=0.01 secs] 
2012-10-23T21:01:50.080+0100: 354786.063: [GC 354786.064: [DefNew: 18783K->1173K(19136K), 0.0154040 secs] 96721K->79470K(260032K), 0.0160370 secs] [Times: user=0.01 sys=0.01, real=0.01 secs] 
2012-10-23T21:02:05.751+0100: 354801.734: [GC 354801.734: [DefNew: 18197K->1727K(19136K), 0.0156260 secs] 96494K->80291K(260032K), 0.0161710 secs] [Times: user=0.02 sys=0.00, real=0.02 secs] 
2012-10-23T21:02:16.264+0100: 354812.247: [GC 354812.247: [DefNew: 18751K->1535K(19136K), 0.0142820 secs] 97315K->80301K(260032K), 0.0147900 secs] [Times: user=0.01 sys=0.00, real=0.02 secs] 
2012-10-23T21:02:28.835+0100: 354824.818: [GC 354824.819: [DefNew: 18559K->1813K(19136K), 0.0157080 secs] 97325K->80774K(260032K), 0.0163470 secs] [Times: user=0.01 sys=0.00, real=0.02 secs] 
2012-10-23T21:02:39.619+0100: 354835.602: [GC 354835.602: [DefNew: 18837K->1023K(19136K), 0.0154010 secs] 97798K->80238K(260032K), 0.0160060 secs] [Times: user=0.01 sys=0.00, real=0.01 secs] 
2012-10-23T21:02:49.866+0100: 354845.849: [GC 354845.849: [DefNew: 18047K->2106K(19136K), 0.0155610 secs] 97262K->81321K(260032K), 0.0161480 secs] [Times: user=0.01 sys=0.00, real=0.02 secs] 
2012-10-23T21:03:00.327+0100: 354856.310: [GC 354856.311: [DefNew: 19130K->1795K(19136K), 0.0168570 secs] 98345K->81488K(260032K), 0.0175160 secs] [Times: user=0.02 sys=0.00, real=0.02 secs] 
2012-10-23T21:03:12.096+0100: 354868.079: [GC 354868.079: [DefNew: 18819K->1603K(19136K), 0.0157480 secs] 98512K->81495K(260032K), 0.0163800 secs] [Times: user=0.01 sys=0.00, real=0.02 secs] 
2012-10-23T21:03:27.627+0100: 354883.610: [GC 354883.611: [DefNew: 18627K->311K(19136K), 0.0124590 secs] 98519K->80470K(260032K), 0.0130100 secs] [Times: user=0.01 sys=0.00, real=0.02 secs] 
2012-10-23T21:03:38.126+0100: 354894.109: [GC 354894.109: [DefNew: 17335K->1144K(19136K), 0.0132130 secs] 97494K->81303K(260032K), 0.0137640 secs] [Times: user=0.01 sys=0.00, real=0.02 secs] 
2012-10-23T21:03:48.643+0100: 354904.626: [GC 354904.627: [DefNew: 18168K->1422K(19136K), 0.0243630 secs] 98327K->81760K(260032K), 0.0250230 secs] [Times: user=0.02 sys=0.00, real=0.03 secs] 
2012-10-23T21:04:03.558+0100: 354919.541: [GC 354919.541: [DefNew: 18431K->894K(19136K), 0.0223120 secs] 98769K->81693K(260032K), 0.0229850 secs] [Times: user=0.02 sys=0.00, real=0.02 secs] 
2012-10-23T21:04:18.049+0100: 354934.032: [GC 354934.032: [DefNew: 17918K->539K(19136K), 0.0123440 secs] 98717K->81338K(260032K), 0.0128020 secs] [Times: user=0.01 sys=0.00, real=0.01 secs] 
2012-10-23T21:04:28.570+0100: 354944.553: [GC 354944.553: [DefNew: 17563K->872K(19136K), 0.0147370 secs] 98362K->81671K(260032K), 0.0152800 secs] [Times: user=0.01 sys=0.01, real=0.01 secs] 
2012-10-23T21:04:39.122+0100: 354955.105: [GC 354955.105: [DefNew: 17896K->1496K(19136K), 0.0139890 secs] 98695K->82295K(260032K), 0.0144970 secs] [Times: user=0.01 sys=0.00, real=0.01 secs] 
2012-10-23T21:04:49.552+0100: 354965.535: [GC 354965.535: [DefNew: 18520K->1794K(19136K), 0.0186490 secs] 99319K->83212K(260032K), 0.0192070 secs] [Times: user=0.02 sys=0.00, real=0.02 secs] 
2012-10-23T21:04:58.093+0100: 354974.076: [GC 354974.077: [DefNew: 18818K->2111K(19136K), 0.0176140 secs] 100236K->84017K(260032K), 0.0182080 secs] [Times: user=0.02 sys=0.00, real=0.02 secs] 
2012-10-23T21:05:12.085+0100: 354988.068: [GC 354988.068: [DefNew: 19135K->1907K(19136K), 0.0154380 secs] 101041K->84035K(260032K), 0.0161700 secs] [Times: user=0.02 sys=0.00, real=0.02 secs] 
2012-10-23T21:05:24.068+0100: 355000.051: [GC 355000.052: [DefNew: 18931K->932K(19136K), 0.0141870 secs] 101059K->83243K(260032K), 0.0147770 secs] [Times: user=0.01 sys=0.00, real=0.01 secs] 
2012-10-23T21:05:32.094+0100: 355008.077: [GC 355008.078: [DefNew: 17956K->2112K(19136K), 0.0164280 secs] 100267K->84687K(260032K), 0.0170660 secs] [Times: user=0.01 sys=0.00, real=0.02 secs] 
2012-10-23T21:05:44.079+0100: 355020.062: [GC 355020.062: [DefNew: 19136K->1776K(19136K), 0.0172300 secs] 101711K->84785K(260032K), 0.0179350 secs] [Times: user=0.02 sys=0.00, real=0.01 secs] 
2012-10-23T21:05:54.721+0100: 355030.704: [GC 355030.704: [DefNew: 18800K->1264K(19136K), 0.0197210 secs] 101809K->84501K(260032K), 0.0207490 secs] [Times: user=0.02 sys=0.00, real=0.02 secs] 
2012-10-23T21:06:12.082+0100: 355048.065: [GC 355048.065: [DefNew: 18288K->1369K(19136K), 0.0147620 secs] 101525K->84875K(260032K), 0.0153880 secs] [Times: user=0.02 sys=0.00, real=0.02 secs] 
2012-10-23T21:06:21.947+0100: 355057.930: [GC 355057.931: [DefNew: 18393K->344K(19136K), 0.0126430 secs] 101899K->84030K(260032K), 0.0131700 secs] [Times: user=0.01 sys=0.00, real=0.02 secs] 
2012-10-23T21:06:34.089+0100: 355070.072: [GC 355070.073: [DefNew: 17368K->1867K(19136K), 0.0144100 secs] 101054K->85553K(260032K), 0.0149590 secs] [Times: user=0.02 sys=0.00, real=0.01 secs] 
2012-10-23T21:06:47.135+0100: 355083.118: [GC 355083.119: [DefNew: 18891K->1281K(19136K), 0.0154420 secs] 102577K->85372K(260032K), 0.0159740 secs] [Times: user=0.02 sys=0.00, real=0.02 secs] 
2012-10-23T21:06:57.655+0100: 355093.638: [GC 355093.639: [DefNew: 18305K->440K(19136K), 0.0127210 secs] 102396K->84764K(260032K), 0.0131950 secs] [Times: user=0.01 sys=0.00, real=0.02 secs] 
2012-10-23T21:07:06.091+0100: 355102.074: [GC 355102.075: [DefNew: 17464K->2112K(19136K), 0.0153950 secs] 101788K->86477K(260032K), 0.0162060 secs] [Times: user=0.01 sys=0.00, real=0.02 secs] 
2012-10-23T21:07:22.070+0100: 355118.053: [GC 355118.053: [DefNew: 19136K->608K(19136K), 0.0149950 secs] 103501K->85475K(260032K), 0.0155250 secs] [Times: user=0.01 sys=0.00, real=0.01 secs] 
2012-10-23T21:07:34.095+0100: 355130.079: [GC 355130.079: [DefNew: 17632K->1379K(19136K), 0.0135240 secs] 102499K->86247K(260032K), 0.0140720 secs] [Times: user=0.02 sys=0.00, real=0.02 secs] 
2012-10-23T21:07:45.950+0100: 355141.933: [GC 355141.934: [DefNew: 18403K->1304K(19136K), 0.0178220 secs] 103271K->86581K(260032K), 0.0184940 secs] [Times: user=0.02 sys=0.00, real=0.02 secs] 
2012-10-23T21:08:03.922+0100: 355159.905: [GC 355159.906: [DefNew: 18328K->914K(19136K), 0.0125090 secs] 103604K->86432K(260032K), 0.0129600 secs] [Times: user=0.01 sys=0.00, real=0.01 secs] 
2012-10-23T21:08:20.067+0100: 355176.050: [GC 355176.050: [DefNew: 17938K->1186K(19136K), 0.0114650 secs] 103456K->86704K(260032K), 0.0119560 secs] [Times: user=0.01 sys=0.00, real=0.02 secs] 
2012-10-23T21:08:30.044+0100: 355186.027: [GC 355186.027: [DefNew: 18210K->1092K(19136K), 0.0209890 secs] 103728K->86915K(260032K), 0.0215030 secs] [Times: user=0.01 sys=0.00, real=0.02 secs] 
2012-10-23T21:08:40.562+0100: 355196.545: [GC 355196.545: [DefNew: 18116K->1981K(19136K), 0.0145470 secs] 103939K->87999K(260032K), 0.0150500 secs] [Times: user=0.02 sys=0.00, real=0.01 secs] 
2012-10-23T21:08:52.085+0100: 355208.068: [GC 355208.068: [DefNew: 19005K->1507K(19136K), 0.0135740 secs] 105023K->87727K(260032K), 0.0140610 secs] [Times: user=0.01 sys=0.00, real=0.02 secs] 
2012-10-23T21:09:04.081+0100: 355220.064: [GC 355220.064: [DefNew: 18531K->2054K(19136K), 0.0145500 secs] 104751K->88475K(260032K), 0.0151170 secs] [Times: user=0.01 sys=0.00, real=0.01 secs] 
2012-10-23T21:09:18.089+0100: 355234.072: [GC 355234.072: [DefNew: 19078K->2112K(19136K), 0.0150070 secs] 105499K->88754K(260032K), 0.0156170 secs] [Times: user=0.02 sys=0.00, real=0.01 secs] 
2012-10-23T21:09:28.870+0100: 355244.853: [GC 355244.854: [DefNew: 19136K->2112K(19136K), 0.0174060 secs] 105778K->89207K(260032K), 0.0184060 secs] [Times: user=0.02 sys=0.00, real=0.02 secs] 
2012-10-23T21:09:40.092+0100: 355256.075: [GC 355256.076: [DefNew: 19136K->1175K(19136K), 0.0145390 secs] 106231K->88535K(260032K), 0.0151040 secs] [Times: user=0.02 sys=0.00, real=0.02 secs] 
2012-10-23T21:09:51.953+0100: 355267.936: [GC 355267.936: [DefNew: 18199K->373K(19136K), 0.0133130 secs] 105559K->87990K(260032K), 0.0138000 secs] [Times: user=0.01 sys=0.00, real=0.01 secs] 
2012-10-23T21:10:08.660+0100: 355284.643: [GC 355284.644: [DefNew: 17397K->504K(19136K), 0.0158780 secs] 105014K->88121K(260032K), 0.0164360 secs] [Times: user=0.00 sys=0.00, real=0.01 secs] 
2012-10-23T21:10:20.089+0100: 355296.072: [GC 355296.072: [DefNew: 17528K->2020K(19136K), 0.0151800 secs] 105145K->89636K(260032K), 0.0157340 secs] [Times: user=0.01 sys=0.00, real=0.01 secs] 
2012-10-23T21:10:28.651+0100: 355304.634: [GC 355304.635: [DefNew: 19044K->2111K(19136K), 0.0262700 secs] 106660K->90354K(260032K), 0.0269300 secs] [Times: user=0.01 sys=0.00, real=0.03 secs] 
2012-10-23T21:10:40.263+0100: 355316.246: [GC 355316.246: [DefNew: 19135K->2112K(19136K), 0.0173450 secs] 107378K->90973K(260032K), 0.0179020 secs] [Times: user=0.01 sys=0.00, real=0.02 secs] 
2012-10-23T21:10:52.075+0100: 355328.058: [GC 355328.058: [DefNew: 19136K->998K(19136K), 0.0137050 secs] 107997K->90068K(260032K), 0.0142370 secs] [Times: user=0.01 sys=0.00, real=0.02 secs] 
2012-10-23T21:11:02.086+0100: 355338.069: [GC 355338.070: [DefNew: 18013K->1569K(19136K), 0.0144990 secs] 107083K->90639K(260032K), 0.0151090 secs] [Times: user=0.02 sys=0.00, real=0.02 secs] 
2012-10-23T21:11:12.088+0100: 355348.071: [GC 355348.071: [DefNew: 18592K->949K(19136K), 0.0162460 secs] 107662K->90504K(260032K), 0.0169370 secs] [Times: user=0.01 sys=0.01, real=0.01 secs] 
2012-10-23T21:11:24.355+0100: 355360.338: [GC 355360.338: [DefNew: 17973K->1327K(19136K), 0.0142910 secs] 107528K->90881K(260032K), 0.0148720 secs] [Times: user=0.01 sys=0.00, real=0.02 secs] 
2012-10-23T21:11:38.074+0100: 355374.057: [GC 355374.058: [DefNew: 18348K->375K(19136K), 0.0146080 secs] 107903K->90402K(260032K), 0.0151840 secs] [Times: user=0.02 sys=0.00, real=0.02 secs] 
2012-10-23T21:11:48.071+0100: 355384.054: [GC 355384.055: [DefNew: 17392K->558K(19136K), 0.0123100 secs] 107419K->90585K(260032K), 0.0129130 secs] [Times: user=0.01 sys=0.00, real=0.01 secs] 
2012-10-23T21:12:02.079+0100: 355398.062: [GC 355398.062: [DefNew: 17582K->1193K(19136K), 0.0130260 secs] 107609K->91219K(260032K), 0.0135070 secs] [Times: user=0.01 sys=0.00, real=0.01 secs] 
2012-10-23T21:12:18.849+0100: 355414.832: [GC 355414.833: [DefNew: 18217K->1891K(19136K), 0.0157260 secs] 108243K->92122K(260032K), 0.0162120 secs] [Times: user=0.01 sys=0.00, real=0.01 secs] 
2012-10-23T21:12:30.073+0100: 355426.056: [GC 355426.056: [DefNew: 18915K->1049K(19136K), 0.0150200 secs] 109146K->91774K(260032K), 0.0155090 secs] [Times: user=0.03 sys=0.00, real=0.02 secs] 
2012-10-23T21:12:42.100+0100: 355438.083: [GC 355438.083: [DefNew: 18073K->1861K(19136K), 0.0139280 secs] 108798K->92586K(260032K), 0.0144170 secs] [Times: user=0.01 sys=0.00, real=0.01 secs] 
2012-10-23T21:12:54.093+0100: 355450.076: [GC 355450.076: [DefNew: 18885K->1799K(19136K), 0.0157810 secs] 109610K->92929K(260032K), 0.0162950 secs] [Times: user=0.02 sys=0.00, real=0.02 secs] 
2012-10-23T21:13:04.087+0100: 355460.070: [GC 355460.071: [DefNew: 18808K->1767K(19136K), 0.0146120 secs] 109938K->93120K(260032K), 0.0151880 secs] [Times: user=0.02 sys=0.00, real=0.01 secs] 
2012-10-23T21:13:14.702+0100: 355470.685: [GC 355470.685: [DefNew: 18791K->1026K(19136K), 0.0138380 secs] 110144K->92604K(260032K), 0.0145090 secs] [Times: user=0.01 sys=0.00, real=0.01 secs] 
2012-10-23T21:13:26.178+0100: 355482.161: [GC 355482.161: [DefNew: 18050K->2112K(19136K), 0.0168780 secs] 109628K->94176K(260032K), 0.0175130 secs] [Times: user=0.01 sys=0.00, real=0.01 secs] 
2012-10-23T21:13:38.740+0100: 355494.723: [GC 355494.724: [DefNew: 19136K->952K(19136K), 0.0168290 secs] 111200K->93450K(260032K), 0.0177010 secs] [Times: user=0.02 sys=0.00, real=0.02 secs] 
2012-10-23T21:13:49.252+0100: 355505.235: [GC 355505.235: [DefNew: 17976K->1354K(19136K), 0.0299310 secs] 110474K->93852K(260032K), 0.0307910 secs] [Times: user=0.01 sys=0.00, real=0.03 secs] 
2012-10-23T21:14:02.084+0100: 355518.067: [GC 355518.067: [DefNew: 18378K->1129K(19136K), 0.0163610 secs] 110875K->94110K(260032K), 0.0169610 secs] [Times: user=0.01 sys=0.00, real=0.02 secs] 
2012-10-23T21:14:14.088+0100: 355530.071: [GC 355530.071: [DefNew: 18153K->1110K(19136K), 0.0151210 secs] 111134K->94298K(260032K), 0.0157800 secs] [Times: user=0.01 sys=0.00, real=0.01 secs] 
2012-10-23T21:14:26.098+0100: 355542.081: [GC 355542.082: [DefNew: 18128K->1870K(19136K), 0.0169560 secs] 111315K->95282K(260032K), 0.0176520 secs] [Times: user=0.01 sys=0.00, real=0.01 secs] 
2012-10-23T21:14:35.462+0100: 355551.445: [GC 355551.446: [DefNew: 18894K->2112K(19136K), 0.0178490 secs] 112306K->96037K(260032K), 0.0187250 secs] [Times: user=0.02 sys=0.00, real=0.02 secs] 
2012-10-23T21:14:49.926+0100: 355565.909: [GC 355565.909: [DefNew: 19136K->1115K(19136K), 0.0142080 secs] 113061K->95251K(260032K), 0.0147690 secs] [Times: user=0.02 sys=0.00, real=0.02 secs] 
2012-10-23T21:14:59.763+0100: 355575.746: [GC 355575.747: [DefNew: 18139K->1546K(19136K), 0.0149080 secs] 112275K->95895K(260032K), 0.0155360 secs] [Times: user=0.01 sys=0.00, real=0.02 secs] 
2012-10-23T21:15:09.760+0100: 355585.743: [GC 355585.744: [DefNew: 18570K->2112K(19136K), 0.0171390 secs] 112919K->96912K(260032K), 0.0178350 secs] [Times: user=0.01 sys=0.00, real=0.02 secs] 
2012-10-23T21:15:23.778+0100: 355599.761: [GC 355599.762: [DefNew: 19136K->1189K(19136K), 0.0224740 secs] 113936K->96203K(260032K), 0.0231370 secs] [Times: user=0.01 sys=0.00, real=0.02 secs] 
2012-10-23T21:15:36.089+0100: 355612.072: [GC 355612.073: [DefNew: 18213K->1151K(19136K), 0.0135820 secs] 113227K->96387K(260032K), 0.0140830 secs] [Times: user=0.01 sys=0.00, real=0.01 secs] 
2012-10-23T21:15:48.926+0100: 355624.909: [GC 355624.909: [DefNew: 18175K->1515K(19136K), 0.0136860 secs] 113411K->96945K(260032K), 0.0141730 secs] [Times: user=0.02 sys=0.00, real=0.02 secs] 
2012-10-23T21:16:00.089+0100: 355636.072: [GC 355636.072: [DefNew: 18539K->1179K(19136K), 0.0135680 secs] 113969K->96745K(260032K), 0.0141470 secs] [Times: user=0.01 sys=0.00, real=0.01 secs] 
2012-10-23T21:16:12.098+0100: 355648.081: [GC 355648.082: [DefNew: 18189K->1523K(19136K), 0.0144940 secs] 113755K->97359K(260032K), 0.0150610 secs] [Times: user=0.01 sys=0.00, real=0.01 secs] 
2012-10-23T21:16:30.958+0100: 355666.941: [GC 355666.941: [DefNew: 18547K->1204K(19136K), 0.0127000 secs] 114383K->97220K(260032K), 0.0131010 secs] [Times: user=0.01 sys=0.00, real=0.01 secs] 
2012-10-23T21:16:39.824+0100: 355675.807: [GC 355675.807: [DefNew: 18228K->1610K(19136K), 0.0212580 secs] 114244K->97744K(260032K), 0.0218140 secs] [Times: user=0.01 sys=0.00, real=0.02 secs] 
2012-10-23T21:16:54.046+0100: 355690.029: [GC 355690.029: [DefNew: 18634K->1715K(19136K), 0.0149820 secs] 114768K->98055K(260032K), 0.0159110 secs] [Times: user=0.02 sys=0.00, real=0.02 secs] 
2012-10-23T21:17:06.088+0100: 355702.071: [GC 355702.071: [DefNew: 18739K->1292K(19136K), 0.0141270 secs] 115079K->97873K(260032K), 0.0146420 secs] [Times: user=0.01 sys=0.00, real=0.01 secs] 
2012-10-23T21:17:16.100+0100: 355712.083: [GC 355712.084: [DefNew: 18316K->1771K(19136K), 0.0149760 secs] 114897K->98608K(260032K), 0.0155230 secs] [Times: user=0.01 sys=0.00, real=0.01 secs] 
2012-10-23T21:17:29.757+0100: 355725.740: [GC 355725.741: [DefNew: 18795K->1211K(19136K), 0.0144340 secs] 115632K->98228K(260032K), 0.0150280 secs] [Times: user=0.00 sys=0.01, real=0.02 secs] 
2012-10-23T21:17:44.443+0100: 355740.426: [GC 355740.426: [DefNew: 18235K->1143K(19136K), 0.0139890 secs] 115252K->98411K(260032K), 0.0145130 secs] [Times: user=0.02 sys=0.00, real=0.02 secs] 
2012-10-23T21:17:54.973+0100: 355750.956: [GC 355750.957: [DefNew: 18167K->1728K(19136K), 0.0162300 secs] 115435K->99171K(260032K), 0.0168610 secs] [Times: user=0.02 sys=0.00, real=0.02 secs] 
2012-10-23T21:18:09.633+0100: 355765.616: [GC 355765.616: [DefNew: 18752K->1121K(19136K), 0.0143950 secs] 116195K->98816K(260032K), 0.0149150 secs] [Times: user=0.01 sys=0.00, real=0.02 secs] 
2012-10-23T21:18:23.677+0100: 355779.660: [GC 355779.660: [DefNew: 18145K->1103K(19136K), 0.0169370 secs] 115840K->99044K(260032K), 0.0176130 secs] [Times: user=0.01 sys=0.00, real=0.02 secs] 
2012-10-23T21:18:38.104+0100: 355794.087: [GC 355794.088: [DefNew: 18127K->1940K(19136K), 0.0145810 secs] 116068K->100102K(260032K), 0.0150910 secs] [Times: user=0.01 sys=0.00, real=0.02 secs] 
2012-10-23T21:18:51.675+0100: 355807.658: [GC 355807.658: [DefNew: 18964K->373K(19136K), 0.0104520 secs] 117126K->98630K(260032K), 0.0108340 secs] [Times: user=0.01 sys=0.00, real=0.01 secs] 
2012-10-23T21:19:02.170+0100: 355818.153: [GC 355818.153: [DefNew: 17397K->1839K(19136K), 0.0134620 secs] 115654K->100096K(260032K), 0.0138980 secs] [Times: user=0.01 sys=0.00, real=0.01 secs] 
2012-10-23T21:19:18.083+0100: 355834.066: [GC 355834.067: [DefNew: 18863K->1111K(19136K), 0.0134050 secs] 117120K->99720K(260032K), 0.0138330 secs] [Times: user=0.01 sys=0.00, real=0.02 secs] 
2012-10-23T21:19:27.422+0100: 355843.405: [GC 355843.405: [DefNew: 18135K->1761K(19136K), 0.0142750 secs] 116744K->100571K(260032K), 0.0147630 secs] [Times: user=0.01 sys=0.00, real=0.01 secs] 
2012-10-23T21:19:44.167+0100: 355860.150: [GC 355860.150: [DefNew: 18785K->1082K(19136K), 0.0130820 secs] 117595K->100115K(260032K), 0.0134970 secs] [Times: user=0.02 sys=0.00, real=0.02 secs] 
2012-10-23T21:19:54.653+0100: 355870.636: [GC 355870.636: [DefNew: 18106K->1583K(19136K), 0.0137400 secs] 117139K->100739K(260032K), 0.0143180 secs] [Times: user=0.02 sys=0.00, real=0.02 secs] 
2012-10-23T21:20:08.085+0100: 355884.068: [GC 355884.069: [DefNew: 18607K->1126K(19136K), 0.0131640 secs] 117763K->100506K(260032K), 0.0136140 secs] [Times: user=0.02 sys=0.00, real=0.02 secs] 
2012-10-23T21:20:19.847+0100: 355895.830: [GC 355895.830: [DefNew: 18150K->1013K(19136K), 0.0130250 secs] 117530K->100600K(260032K), 0.0135390 secs] [Times: user=0.01 sys=0.00, real=0.02 secs] 
2012-10-23T21:20:30.376+0100: 355906.359: [GC 355906.360: [DefNew: 18037K->1854K(19136K), 0.0141910 secs] 117624K->101442K(260032K), 0.0147030 secs] [Times: user=0.01 sys=0.00, real=0.02 secs] 
2012-10-23T21:20:42.971+0100: 355918.954: [GC 355918.954: [DefNew: 18878K->967K(19136K), 0.0147930 secs] 118466K->100995K(260032K), 0.0153100 secs] [Times: user=0.01 sys=0.00, real=0.01 secs] 
2012-10-23T21:20:55.526+0100: 355931.509: [GC 355931.510: [DefNew: 17991K->1650K(19136K), 0.0129990 secs] 118019K->101678K(260032K), 0.0134920 secs] [Times: user=0.01 sys=0.00, real=0.02 secs] 
2012-10-23T21:21:08.093+0100: 355944.076: [GC 355944.077: [DefNew: 18671K->917K(19136K), 0.0141520 secs] 118699K->101276K(260032K), 0.0146850 secs] [Times: user=0.01 sys=0.00, real=0.02 secs] 
2012-10-23T21:21:22.096+0100: 355958.079: [GC 355958.080: [DefNew: 17941K->1628K(19136K), 0.0127070 secs] 118300K->101987K(260032K), 0.0131610 secs] [Times: user=0.02 sys=0.00, real=0.02 secs] 
2012-10-23T21:21:33.350+0100: 355969.333: [GC 355969.333: [DefNew: 18652K->1045K(19136K), 0.0140700 secs] 119011K->101718K(260032K), 0.0145150 secs] [Times: user=0.01 sys=0.00, real=0.01 secs] 
2012-10-23T21:21:48.103+0100: 355984.086: [GC 355984.086: [DefNew: 18069K->2029K(19136K), 0.0151190 secs] 118742K->102702K(260032K), 0.0156070 secs] [Times: user=0.02 sys=0.00, real=0.02 secs] 
2012-10-23T21:21:58.108+0100: 355994.091: [GC 355994.091: [DefNew: 19053K->1535K(19136K), 0.0170070 secs] 119726K->102794K(260032K), 0.0175100 secs] [Times: user=0.01 sys=0.00, real=0.01 secs] 
2012-10-23T21:22:08.853+0100: 356004.836: [GC 356004.836: [DefNew: 18558K->894K(19136K), 0.0120790 secs] 119817K->102331K(260032K), 0.0126210 secs] [Times: user=0.01 sys=0.00, real=0.01 secs] 
2012-10-23T21:22:19.560+0100: 356015.543: [GC 356015.543: [DefNew: 17918K->1285K(19136K), 0.0134440 secs] 119355K->102722K(260032K), 0.0139660 secs] [Times: user=0.01 sys=0.00, real=0.01 secs] 
2012-10-23T21:22:38.428+0100: 356034.411: [GC 356034.411: [DefNew: 18309K->855K(19136K), 0.0136960 secs] 119746K->102725K(260032K), 0.0142400 secs] [Times: user=0.01 sys=0.00, real=0.01 secs] 
2012-10-23T21:22:48.957+0100: 356044.940: [GC 356044.940: [DefNew: 17879K->1265K(19136K), 0.0292430 secs] 119749K->103134K(260032K), 0.0298290 secs] [Times: user=0.01 sys=0.00, real=0.03 secs] 
2012-10-23T21:23:02.087+0100: 356058.070: [GC 356058.070: [DefNew: 18289K->1070K(19136K), 0.0142790 secs] 120158K->103340K(260032K), 0.0147740 secs] [Times: user=0.01 sys=0.00, real=0.02 secs] 
2012-10-23T21:23:14.169+0100: 356070.152: [GC 356070.152: [DefNew: 18094K->1199K(19136K), 0.0146850 secs] 120364K->103680K(260032K), 0.0153370 secs] [Times: user=0.01 sys=0.01, real=0.01 secs] 
2012-10-23T21:23:26.778+0100: 356082.761: [GC 356082.761: [DefNew: 18223K->1868K(19136K), 0.0158000 secs] 120704K->104610K(260032K), 0.0163670 secs] [Times: user=0.01 sys=0.00, real=0.01 secs] 
2012-10-23T21:23:37.269+0100: 356093.253: [GC 356093.253: [DefNew: 18892K->1931K(19136K), 0.0159200 secs] 121634K->104909K(260032K), 0.0165110 secs] [Times: user=0.02 sys=0.00, real=0.01 secs] 
2012-10-23T21:23:52.082+0100: 356108.065: [GC 356108.065: [DefNew: 18939K->375K(19136K), 0.0112090 secs] 121917K->103583K(260032K), 0.0116290 secs] [Times: user=0.02 sys=0.00, real=0.01 secs] 
2012-10-23T21:24:02.103+0100: 356118.086: [GC 356118.086: [DefNew: 17399K->1510K(19136K), 0.0127290 secs] 120607K->104718K(260032K), 0.0132510 secs] [Times: user=0.01 sys=0.00, real=0.01 secs] 
2012-10-23T21:24:14.932+0100: 356130.915: [GC 356130.915: [DefNew: 18534K->1176K(19136K), 0.0202350 secs] 121742K->104672K(260032K), 0.0208310 secs] [Times: user=0.00 sys=0.01, real=0.02 secs] 
2012-10-23T21:24:28.083+0100: 356144.066: [GC 356144.066: [DefNew: 18198K->373K(19136K), 0.0113110 secs] 121695K->104095K(260032K), 0.0117390 secs] [Times: user=0.01 sys=0.00, real=0.01 secs] 
2012-10-23T21:24:42.326+0100: 356158.309: [GC 356158.309: [DefNew: 17397K->962K(19136K), 0.0107370 secs] 121119K->104684K(260032K), 0.0111420 secs] [Times: user=0.01 sys=0.00, real=0.01 secs] 
2012-10-23T21:24:54.083+0100: 356170.066: [GC 356170.066: [DefNew: 17986K->906K(19136K), 0.0083330 secs] 121708K->104628K(260032K), 0.0087890 secs] [Times: user=0.01 sys=0.00, real=0.01 secs] 
2012-10-23T21:25:06.891+0100: 356182.874: [GC 356182.874: [DefNew: 17930K->2112K(19136K), 0.0141880 secs] 121652K->105857K(260032K), 0.0146830 secs] [Times: user=0.01 sys=0.00, real=0.01 secs] 
2012-10-23T21:25:20.180+0100: 356196.163: [GC 356196.163: [DefNew: 19135K->1693K(19136K), 0.0167160 secs] 122881K->106083K(260032K), 0.0171720 secs] [Times: user=0.01 sys=0.00, real=0.01 secs] 
2012-10-23T21:25:30.679+0100: 356206.662: [GC 356206.663: [DefNew: 18717K->1830K(19136K), 0.0158320 secs] 123107K->106448K(260032K), 0.0164850 secs] [Times: user=0.01 sys=0.00, real=0.01 secs] 
2012-10-23T21:25:45.384+0100: 356221.367: [GC 356221.367: [DefNew: 18854K->931K(19136K), 0.0126570 secs] 123472K->105773K(260032K), 0.0131060 secs] [Times: user=0.01 sys=0.00, real=0.02 secs] 
2012-10-23T21:25:56.110+0100: 356232.093: [GC 356232.094: [DefNew: 17955K->1506K(19136K), 0.0130370 secs] 122797K->106348K(260032K), 0.0135150 secs] [Times: user=0.01 sys=0.00, real=0.01 secs] 
2012-10-23T21:26:06.372+0100: 356242.355: [GC 356242.355: [DefNew: 18530K->1977K(19136K), 0.0185680 secs] 123372K->107330K(260032K), 0.0191840 secs] [Times: user=0.02 sys=0.00, real=0.02 secs] 
2012-10-23T21:26:21.073+0100: 356257.056: [GC 356257.056: [DefNew: 19001K->1821K(19136K), 0.0149420 secs] 124354K->107400K(260032K), 0.0154820 secs] [Times: user=0.01 sys=0.00, real=0.02 secs] 
2012-10-23T21:26:38.092+0100: 356274.075: [GC 356274.076: [DefNew: 18828K->1084K(19136K), 0.0123250 secs] 124408K->106878K(260032K), 0.0127520 secs] [Times: user=0.01 sys=0.00, real=0.01 secs] 
2012-10-23T21:26:50.095+0100: 356286.078: [GC 356286.079: [DefNew: 18108K->1727K(19136K), 0.0147340 secs] 123902K->107724K(260032K), 0.0153240 secs] [Times: user=0.02 sys=0.00, real=0.02 secs] 
2012-10-23T21:26:59.906+0100: 356295.889: [GC 356295.890: [DefNew: 18751K->1705K(19136K), 0.0230990 secs] 124748K->107926K(260032K), 0.0237320 secs] [Times: user=0.01 sys=0.01, real=0.03 secs] 
2012-10-23T21:27:12.099+0100: 356308.082: [GC 356308.082: [DefNew: 18729K->794K(19136K), 0.0125900 secs] 124950K->107240K(260032K), 0.0130540 secs] [Times: user=0.01 sys=0.00, real=0.01 secs] 
2012-10-23T21:27:24.866+0100: 356320.849: [GC 356320.850: [DefNew: 17818K->1986K(19136K), 0.0146030 secs] 124264K->108432K(260032K), 0.0153090 secs] [Times: user=0.01 sys=0.00, real=0.02 secs] 
2012-10-23T21:27:34.579+0100: 356330.562: [GC 356330.562: [DefNew: 19010K->1880K(19136K), 0.0177790 secs] 125456K->108775K(260032K), 0.0184020 secs] [Times: user=0.01 sys=0.00, real=0.02 secs] 
2012-10-23T21:27:46.104+0100: 356342.087: [GC 356342.088: [DefNew: 18904K->1221K(19136K), 0.0150080 secs] 125799K->108411K(260032K), 0.0156030 secs] [Times: user=0.02 sys=0.00, real=0.02 secs] 
2012-10-23T21:27:58.105+0100: 356354.088: [GC 356354.089: [DefNew: 18245K->1728K(19136K), 0.0155970 secs] 125435K->109154K(260032K), 0.0161800 secs] [Times: user=0.02 sys=0.00, real=0.02 secs] 
2012-10-23T21:28:08.148+0100: 356364.131: [GC 356364.132: [DefNew: 18752K->899K(19136K), 0.0144220 secs] 126178K->108579K(260032K), 0.0149730 secs] [Times: user=0.01 sys=0.00, real=0.01 secs] 
2012-10-23T21:28:20.084+0100: 356376.067: [GC 356376.068: [DefNew: 17923K->1956K(19136K), 0.0148410 secs] 125603K->109636K(260032K), 0.0154370 secs] [Times: user=0.02 sys=0.00, real=0.02 secs] 
2012-10-23T21:28:33.326+0100: 356389.309: [GC 356389.310: [DefNew: 18980K->839K(19136K), 0.0145630 secs] 126660K->108967K(260032K), 0.0151070 secs] [Times: user=0.01 sys=0.00, real=0.02 secs] 
2012-10-23T21:28:45.926+0100: 356401.909: [GC 356401.909: [DefNew: 17863K->1333K(19136K), 0.0139470 secs] 125991K->109461K(260032K), 0.0145530 secs] [Times: user=0.01 sys=0.00, real=0.02 secs] 
2012-10-23T21:28:56.452+0100: 356412.435: [GC 356412.435: [DefNew: 18357K->1747K(19136K), 0.0170820 secs] 126485K->110322K(260032K), 0.0176770 secs] [Times: user=0.01 sys=0.00, real=0.02 secs] 
2012-10-23T21:29:04.022+0100: 356420.005: [GC 356420.006: [DefNew: 18771K->1980K(19136K), 0.0151910 secs] 127346K->110756K(260032K), 0.0157810 secs] [Times: user=0.01 sys=0.00, real=0.02 secs] 
2012-10-23T21:29:22.088+0100: 356438.071: [GC 356438.072: [DefNew: 19004K->535K(19136K), 0.0117410 secs] 127780K->109589K(260032K), 0.0122110 secs] [Times: user=0.01 sys=0.00, real=0.01 secs] 
2012-10-23T21:29:32.149+0100: 356448.132: [GC 356448.133: [DefNew: 17559K->1662K(19136K), 0.0136340 secs] 126613K->110716K(260032K), 0.0141230 secs] [Times: user=0.01 sys=0.00, real=0.01 secs] 
2012-10-23T21:29:42.676+0100: 356458.659: [GC 356458.660: [DefNew: 18686K->1060K(19136K), 0.0145750 secs] 127740K->110451K(260032K), 0.0150790 secs] [Times: user=0.02 sys=0.00, real=0.02 secs] 
2012-10-23T21:29:58.094+0100: 356474.077: [GC 356474.078: [DefNew: 18070K->398K(19136K), 0.0123660 secs] 127461K->110042K(260032K), 0.0128820 secs] [Times: user=0.02 sys=0.00, real=0.02 secs] 
2012-10-23T21:30:06.114+0100: 356482.097: [GC 356482.098: [DefNew: 17422K->2111K(19136K), 0.0160740 secs] 127066K->112215K(260032K), 0.0168490 secs] [Times: user=0.02 sys=0.00, real=0.02 secs] 
2012-10-23T21:30:18.109+0100: 356494.092: [GC 356494.092: [DefNew: 19129K->922K(19136K), 0.0158050 secs] 129233K->111482K(260032K), 0.0164190 secs] [Times: user=0.01 sys=0.00, real=0.01 secs] 
2012-10-23T21:30:28.104+0100: 356504.087: [GC 356504.088: [DefNew: 17946K->1124K(19136K), 0.0137020 secs] 128506K->111684K(260032K), 0.0143360 secs] [Times: user=0.02 sys=0.00, real=0.02 secs] 
2012-10-23T21:30:44.102+0100: 356520.085: [GC 356520.086: [DefNew: 18148K->1955K(19136K), 0.0155710 secs] 128708K->112740K(260032K), 0.0161430 secs] [Times: user=0.03 sys=0.00, real=0.02 secs] 
2012-10-23T21:30:58.090+0100: 356534.073: [GC 356534.073: [DefNew: 18974K->329K(19136K), 0.0128830 secs] 129760K->111549K(260032K), 0.0133410 secs] [Times: user=0.01 sys=0.00, real=0.01 secs] 
2012-10-23T21:31:08.102+0100: 356544.085: [GC 356544.086: [DefNew: 17353K->1072K(19136K), 0.0122310 secs] 128573K->112293K(260032K), 0.0127610 secs] [Times: user=0.01 sys=0.01, real=0.01 secs] 
2012-10-23T21:31:21.377+0100: 356557.360: [GC 356557.361: [DefNew: 18096K->642K(19136K), 0.0128190 secs] 129317K->112042K(260032K), 0.0132480 secs] [Times: user=0.00 sys=0.01, real=0.01 secs] 
2012-10-23T21:31:34.949+0100: 356570.932: [GC 356570.932: [DefNew: 17666K->1989K(19136K), 0.0144490 secs] 129066K->113388K(260032K), 0.0149330 secs] [Times: user=0.01 sys=0.00, real=0.01 secs] 
2012-10-23T21:31:44.475+0100: 356580.458: [GC 356580.458: [DefNew: 19013K->1864K(19136K), 0.0181480 secs] 130412K->113844K(260032K), 0.0187020 secs] [Times: user=0.02 sys=0.00, real=0.02 secs] 
2012-10-23T21:31:58.091+0100: 356594.074: [GC 356594.074: [DefNew: 18876K->616K(19136K), 0.0132720 secs] 130856K->112814K(260032K), 0.0138000 secs] [Times: user=0.01 sys=0.00, real=0.01 secs] 
2012-10-23T21:32:08.113+0100: 356604.097: [GC 356604.097: [DefNew: 17640K->1781K(19136K), 0.0141350 secs] 129838K->113980K(260032K), 0.0146560 secs] [Times: user=0.02 sys=0.00, real=0.02 secs] 
2012-10-23T21:32:22.250+0100: 356618.233: [GC 356618.233: [DefNew: 18805K->1622K(19136K), 0.0166380 secs] 131004K->114287K(260032K), 0.0171750 secs] [Times: user=0.01 sys=0.00, real=0.01 secs] 
2012-10-23T21:32:34.100+0100: 356630.083: [GC 356630.083: [DefNew: 18646K->1167K(19136K), 0.0141610 secs] 131311K->114031K(260032K), 0.0147480 secs] [Times: user=0.02 sys=0.00, real=0.01 secs] 
2012-10-23T21:32:46.111+0100: 356642.094: [GC 356642.094: [DefNew: 18191K->1305K(19136K), 0.0158810 secs] 131055K->114495K(260032K), 0.0165090 secs] [Times: user=0.02 sys=0.00, real=0.02 secs] 
2012-10-23T21:32:58.109+0100: 356654.092: [GC 356654.092: [DefNew: 18329K->1469K(19136K), 0.0152940 secs] 131519K->114928K(260032K), 0.0158900 secs] [Times: user=0.01 sys=0.00, real=0.01 secs] 
2012-10-23T21:33:12.105+0100: 356668.088: [GC 356668.089: [DefNew: 18493K->711K(19136K), 0.0125340 secs] 131952K->114394K(260032K), 0.0130910 secs] [Times: user=0.01 sys=0.00, real=0.02 secs] 
2012-10-23T21:33:25.276+0100: 356681.259: [GC 356681.259: [DefNew: 17735K->1356K(19136K), 0.0141160 secs] 131418K->115040K(260032K), 0.0146590 secs] [Times: user=0.02 sys=0.00, real=0.02 secs] 
2012-10-23T21:33:38.096+0100: 356694.079: [GC 356694.079: [DefNew: 18380K->726K(19136K), 0.0143680 secs] 132064K->114810K(260032K), 0.0148800 secs] [Times: user=0.02 sys=0.00, real=0.02 secs] 
2012-10-23T21:33:48.376+0100: 356704.359: [GC 356704.359: [DefNew: 17750K->1198K(19136K), 0.0125850 secs] 131834K->115283K(260032K), 0.0130530 secs] [Times: user=0.01 sys=0.00, real=0.02 secs] 
2012-10-23T21:34:00.104+0100: 356716.088: [GC 356716.088: [DefNew: 18221K->1803K(19136K), 0.0158110 secs] 132305K->116121K(260032K), 0.0163890 secs] [Times: user=0.02 sys=0.00, real=0.02 secs] 
2012-10-23T21:34:10.105+0100: 356726.088: [GC 356726.088: [DefNew: 18827K->1591K(19136K), 0.0163820 secs] 133145K->116311K(260032K), 0.0169690 secs] [Times: user=0.01 sys=0.00, real=0.02 secs] 
2012-10-23T21:34:26.122+0100: 356742.105: [GC 356742.105: [DefNew: 18615K->1363K(19136K), 0.0134100 secs] 133335K->116308K(260032K), 0.0139130 secs] [Times: user=0.01 sys=0.00, real=0.01 secs] 
2012-10-23T21:34:38.093+0100: 356754.076: [GC 356754.077: [DefNew: 18379K->629K(19136K), 0.0123670 secs] 133324K->115711K(260032K), 0.0128610 secs] [Times: user=0.01 sys=0.00, real=0.01 secs] 
2012-10-23T21:34:52.096+0100: 356768.079: [GC 356768.079: [DefNew: 17640K->923K(19136K), 0.0119840 secs] 132722K->116005K(260032K), 0.0124930 secs] [Times: user=0.02 sys=0.00, real=0.02 secs] 
2012-10-23T21:35:05.190+0100: 356781.173: [GC 356781.173: [DefNew: 17947K->2060K(19136K), 0.0140920 secs] 133029K->117142K(260032K), 0.0145520 secs] [Times: user=0.02 sys=0.00, real=0.01 secs] 
2012-10-23T21:35:18.626+0100: 356794.609: [GC 356794.609: [DefNew: 19084K->1571K(19136K), 0.0156990 secs] 134166K->117236K(260032K), 0.0161550 secs] [Times: user=0.02 sys=0.00, real=0.02 secs] 
2012-10-23T21:35:29.144+0100: 356805.127: [GC 356805.128: [DefNew: 18595K->1680K(19136K), 0.0146510 secs] 134260K->117525K(260032K), 0.0151660 secs] [Times: user=0.01 sys=0.00, real=0.02 secs] 
2012-10-23T21:35:39.651+0100: 356815.634: [GC 356815.635: [DefNew: 18704K->1284K(19136K), 0.0113360 secs] 134549K->117366K(260032K), 0.0119070 secs] [Times: user=0.01 sys=0.00, real=0.01 secs] 
2012-10-23T21:35:50.130+0100: 356826.113: [GC 356826.113: [DefNew: 18308K->1151K(19136K), 0.0144590 secs] 134390K->117478K(260032K), 0.0150310 secs] [Times: user=0.02 sys=0.00, real=0.01 secs] 
2012-10-23T21:36:03.950+0100: 356839.934: [GC 356839.934: [DefNew: 18175K->1678K(19136K), 0.0240530 secs] 134502K->118212K(260032K), 0.0248060 secs] [Times: user=0.02 sys=0.00, real=0.02 secs] 
2012-10-23T21:36:13.235+0100: 356849.218: [GC 356849.219: [DefNew: 18702K->1551K(19136K), 0.0111940 secs] 135236K->118311K(260032K), 0.0118670 secs] [Times: user=0.01 sys=0.00, real=0.02 secs] 
2012-10-23T21:36:26.105+0100: 356862.088: [GC 356862.089: [DefNew: 18575K->1106K(19136K), 0.0148350 secs] 135335K->118129K(260032K), 0.0154130 secs] [Times: user=0.02 sys=0.00, real=0.02 secs] 
2012-10-23T21:36:42.098+0100: 356878.081: [GC 356878.082: [DefNew: 18130K->633K(19136K), 0.0126800 secs] 135153K->117922K(260032K), 0.0131670 secs] [Times: user=0.01 sys=0.00, real=0.01 secs] 
2012-10-23T21:37:01.541+0100: 356897.524: [GC 356897.525: [DefNew: 17657K->335K(19136K), 0.0093220 secs] 134946K->117624K(260032K), 0.0096480 secs] [Times: user=0.01 sys=0.00, real=0.01 secs] 
2012-10-23T21:37:12.034+0100: 356908.017: [GC 356908.018: [DefNew: 17359K->593K(19136K), 0.0110950 secs] 134648K->117882K(260032K), 0.0115380 secs] [Times: user=0.01 sys=0.00, real=0.01 secs] 
2012-10-23T21:37:24.115+0100: 356920.098: [GC 356920.099: [DefNew: 17617K->1623K(19136K), 0.0131200 secs] 134906K->118911K(260032K), 0.0135620 secs] [Times: user=0.02 sys=0.00, real=0.02 secs] 
2012-10-23T21:37:39.336+0100: 356935.319: [GC 356935.319: [DefNew: 18647K->2057K(19136K), 0.0244650 secs] 135935K->119873K(260032K), 0.0249030 secs] [Times: user=0.01 sys=0.01, real=0.03 secs] 
2012-10-23T21:37:48.744+0100: 356944.727: [GC 356944.728: [DefNew: 19081K->1607K(19136K), 0.0133680 secs] 136897K->119565K(260032K), 0.0138520 secs] [Times: user=0.02 sys=0.00, real=0.02 secs] 
2012-10-23T21:38:03.789+0100: 356959.772: [GC 356959.772: [DefNew: 18625K->941K(19136K), 0.0138290 secs] 136583K->119120K(260032K), 0.0147150 secs] [Times: user=0.01 sys=0.00, real=0.01 secs] 
2012-10-23T21:38:12.115+0100: 356968.099: [GC 356968.099: [DefNew: 17965K->1772K(19136K), 0.0137820 secs] 136144K->119952K(260032K), 0.0143130 secs] [Times: user=0.01 sys=0.00, real=0.02 secs] 
2012-10-23T21:38:26.111+0100: 356982.094: [GC 356982.094: [DefNew: 18796K->1762K(19136K), 0.0165340 secs] 136976K->120391K(260032K), 0.0171260 secs] [Times: user=0.02 sys=0.00, real=0.02 secs] 
2012-10-23T21:38:38.110+0100: 356994.093: [GC 356994.093: [DefNew: 18755K->799K(19136K), 0.0129220 secs] 137384K->119652K(260032K), 0.0134440 secs] [Times: user=0.01 sys=0.00, real=0.01 secs] 
2012-10-23T21:38:50.767+0100: 357006.750: [GC 357006.751: [DefNew: 17823K->1688K(19136K), 0.0143290 secs] 136676K->120542K(260032K), 0.0148730 secs] [Times: user=0.02 sys=0.00, real=0.01 secs] 
2012-10-23T21:39:01.278+0100: 357017.261: [GC 357017.262: [DefNew: 18712K->1840K(19136K), 0.0170660 secs] 137566K->121134K(260032K), 0.0176660 secs] [Times: user=0.01 sys=0.00, real=0.01 secs] 
2012-10-23T21:39:15.437+0100: 357031.420: [GC 357031.420: [DefNew: 18863K->875K(19136K), 0.0130320 secs] 138156K->120412K(260032K), 0.0136310 secs] [Times: user=0.01 sys=0.00, real=0.02 secs] 
2012-10-23T21:39:26.460+0100: 357042.443: [GC 357042.444: [DefNew: 17899K->2112K(19136K), 0.0156550 secs] 137436K->121682K(260032K), 0.0162510 secs] [Times: user=0.02 sys=0.00, real=0.01 secs] 
2012-10-23T21:39:40.096+0100: 357056.079: [GC 357056.079: [DefNew: 19136K->1072K(19136K), 0.0169820 secs] 138706K->121164K(260032K), 0.0175990 secs] [Times: user=0.02 sys=0.00, real=0.02 secs] 
2012-10-23T21:39:49.623+0100: 357065.606: [GC 357065.606: [DefNew: 18096K->1614K(19136K), 0.0152860 secs] 138188K->121957K(260032K), 0.0158830 secs] [Times: user=0.02 sys=0.00, real=0.02 secs] 
2012-10-23T21:40:05.361+0100: 357081.344: [GC 357081.345: [DefNew: 18638K->755K(19136K), 0.0136650 secs] 138981K->121322K(260032K), 0.0141910 secs] [Times: user=0.01 sys=0.00, real=0.01 secs] 
2012-10-23T21:40:14.726+0100: 357090.709: [GC 357090.709: [DefNew: 17779K->2112K(19136K), 0.0158250 secs] 138346K->122991K(260032K), 0.0164650 secs] [Times: user=0.02 sys=0.00, real=0.02 secs] 
2012-10-23T21:40:25.226+0100: 357101.210: [GC 357101.210: [DefNew: 19136K->1281K(19136K), 0.0153740 secs] 140015K->122507K(260032K), 0.0164710 secs] [Times: user=0.01 sys=0.00, real=0.02 secs] 
2012-10-23T21:40:36.115+0100: 357112.098: [GC 357112.098: [DefNew: 18305K->1908K(19136K), 0.0205610 secs] 139531K->123369K(260032K), 0.0311860 secs] [Times: user=0.01 sys=0.00, real=0.03 secs] 
2012-10-23T21:40:54.626+0100: 357130.609: [GC 357130.609: [DefNew: 18932K->1834K(19136K), 0.0201870 secs] 140393K->123519K(260032K), 0.0206270 secs] [Times: user=0.01 sys=0.00, real=0.02 secs] 
2012-10-23T21:41:06.110+0100: 357142.093: [GC 357142.094: [DefNew: 18858K->1341K(19136K), 0.0278770 secs] 140543K->123073K(260032K), 0.0285340 secs] [Times: user=0.02 sys=0.00, real=0.03 secs] 
2012-10-23T21:41:20.196+0100: 357156.179: [GC 357156.179: [DefNew: 18365K->1068K(19136K), 0.0133870 secs] 140097K->123069K(260032K), 0.0138880 secs] [Times: user=0.01 sys=0.00, real=0.02 secs] 
2012-10-23T21:41:32.447+0100: 357168.430: [GC 357168.430: [DefNew: 18092K->988K(19136K), 0.0134250 secs] 140093K->123169K(260032K), 0.0139410 secs] [Times: user=0.02 sys=0.00, real=0.02 secs] 
2012-10-23T21:41:42.129+0100: 357178.112: [GC 357178.112: [DefNew: 18012K->2112K(19136K), 0.0160160 secs] 140193K->124612K(260032K), 0.0165650 secs] [Times: user=0.02 sys=0.00, real=0.01 secs] 
2012-10-23T21:41:52.104+0100: 357188.087: [GC 357188.088: [DefNew: 19136K->741K(19136K), 0.0150260 secs] 141636K->123680K(260032K), 0.0156330 secs] [Times: user=0.02 sys=0.00, real=0.02 secs] 
2012-10-23T21:42:06.078+0100: 357202.061: [GC 357202.062: [DefNew: 17765K->1804K(19136K), 0.0138820 secs] 140704K->124743K(260032K), 0.0144940 secs] [Times: user=0.01 sys=0.00, real=0.01 secs] 
2012-10-23T21:42:16.537+0100: 357212.520: [GC 357212.520: [DefNew: 18828K->1700K(19136K), 0.0168280 secs] 141767K->125045K(260032K), 0.0174560 secs] [Times: user=0.02 sys=0.00, real=0.02 secs] 
2012-10-23T21:42:30.119+0100: 357226.102: [GC 357226.103: [DefNew: 18724K->1178K(19136K), 0.0139900 secs] 142069K->124712K(260032K), 0.0174210 secs] [Times: user=0.01 sys=0.00, real=0.02 secs] 
2012-10-23T21:42:44.146+0100: 357240.129: [GC 357240.129: [DefNew: 18202K->952K(19136K), 0.0091880 secs] 141736K->124662K(260032K), 0.0095950 secs] [Times: user=0.01 sys=0.00, real=0.01 secs] 
2012-10-23T21:43:02.126+0100: 357258.109: [GC 357258.109: [DefNew: 17976K->1466K(19136K), 0.0126700 secs] 141686K->125176K(260032K), 0.0131770 secs] [Times: user=0.02 sys=0.00, real=0.02 secs] 
2012-10-23T21:43:12.118+0100: 357268.101: [GC 357268.101: [DefNew: 18490K->925K(19136K), 0.0135130 secs] 142200K->124905K(260032K), 0.0140860 secs] [Times: user=0.01 sys=0.00, real=0.01 secs] 
2012-10-23T21:43:26.116+0100: 357282.099: [GC 357282.100: [DefNew: 17949K->1540K(19136K), 0.0134400 secs] 141929K->125520K(260032K), 0.0139540 secs] [Times: user=0.02 sys=0.00, real=0.02 secs] 
2012-10-23T21:43:42.112+0100: 357298.095: [GC 357298.095: [DefNew: 18564K->738K(19136K), 0.0085910 secs] 142544K->125163K(260032K), 0.0089200 secs] [Times: user=0.01 sys=0.00, real=0.01 secs] 
2012-10-23T21:43:52.103+0100: 357308.086: [GC 357308.087: [DefNew: 17759K->648K(19136K), 0.0088530 secs] 142184K->125073K(260032K), 0.0098170 secs] [Times: user=0.01 sys=0.00, real=0.01 secs] 
2012-10-23T21:44:04.101+0100: 357320.085: [GC 357320.085: [DefNew: 17649K->1403K(19136K), 0.0143020 secs] 142073K->125828K(260032K), 0.0149050 secs] [Times: user=0.01 sys=0.01, real=0.01 secs] 
2012-10-23T21:44:16.125+0100: 357332.108: [GC 357332.109: [DefNew: 18427K->2112K(19136K), 0.0134260 secs] 142852K->127025K(260032K), 0.0139940 secs] [Times: user=0.02 sys=0.00, real=0.02 secs] 
2012-10-23T21:44:28.103+0100: 357344.086: [GC 357344.086: [DefNew: 19136K->1215K(19136K), 0.0163610 secs] 144049K->126594K(260032K), 0.0169380 secs] [Times: user=0.01 sys=0.00, real=0.02 secs] 
2012-10-23T21:44:38.128+0100: 357354.112: [GC 357354.112: [DefNew: 18239K->2112K(19136K), 0.0182130 secs] 143618K->127913K(260032K), 0.0191150 secs] [Times: user=0.02 sys=0.00, real=0.02 secs] 
2012-10-23T21:44:56.103+0100: 357372.086: [GC 357372.086: [DefNew: 19136K->1162K(19136K), 0.0137870 secs] 144937K->127186K(260032K), 0.0143320 secs] [Times: user=0.02 sys=0.00, real=0.02 secs] 
2012-10-23T21:45:06.922+0100: 357382.905: [GC 357382.905: [DefNew: 18186K->1638K(19136K), 0.0145240 secs] 144210K->127845K(260032K), 0.0152030 secs] [Times: user=0.01 sys=0.01, real=0.01 secs] 
2012-10-23T21:45:18.115+0100: 357394.098: [GC 357394.098: [DefNew: 18662K->729K(19136K), 0.0128960 secs] 144869K->127159K(260032K), 0.0133980 secs] [Times: user=0.01 sys=0.00, real=0.02 secs] 
2012-10-23T21:45:31.836+0100: 357407.819: [GC 357407.820: [DefNew: 17753K->564K(19136K), 0.0117090 secs] 144183K->126994K(260032K), 0.0125380 secs] [Times: user=0.01 sys=0.00, real=0.02 secs] 
2012-10-23T21:45:42.123+0100: 357418.106: [GC 357418.106: [DefNew: 17588K->2023K(19136K), 0.0147820 secs] 144018K->128453K(260032K), 0.0153600 secs] [Times: user=0.02 sys=0.00, real=0.02 secs] 
2012-10-23T21:45:52.131+0100: 357428.114: [GC 357428.114: [DefNew: 19036K->1841K(19136K), 0.0180940 secs] 145466K->128897K(260032K), 0.0186590 secs] [Times: user=0.02 sys=0.00, real=0.02 secs] 
2012-10-23T21:46:05.037+0100: 357441.020: [GC 357441.021: [DefNew: 18865K->1164K(19136K), 0.0136020 secs] 145921K->128402K(260032K), 0.0142200 secs] [Times: user=0.02 sys=0.00, real=0.02 secs] 
2012-10-23T21:46:16.124+0100: 357452.107: [GC 357452.107: [DefNew: 18188K->1858K(19136K), 0.0158340 secs] 145426K->129321K(260032K), 0.0164160 secs] [Times: user=0.02 sys=0.00, real=0.02 secs] 
2012-10-23T21:46:26.118+0100: 357462.101: [GC 357462.101: [DefNew: 18882K->1693K(19136K), 0.0149860 secs] 146345K->129381K(260032K), 0.0156220 secs] [Times: user=0.02 sys=0.00, real=0.01 secs] 
2012-10-23T21:46:39.045+0100: 357475.028: [GC 357475.028: [DefNew: 18717K->1591K(19136K), 0.0155360 secs] 146405K->129458K(260032K), 0.0161280 secs] [Times: user=0.01 sys=0.00, real=0.02 secs] 
2012-10-23T21:46:51.657+0100: 357487.640: [GC 357487.640: [DefNew: 18615K->1157K(19136K), 0.0155010 secs] 146482K->129264K(260032K), 0.0162650 secs] [Times: user=0.01 sys=0.00, real=0.02 secs] 
2012-10-23T21:47:04.244+0100: 357500.227: [GC 357500.227: [DefNew: 18181K->1338K(19136K), 0.0161970 secs] 146288K->129681K(260032K), 0.0167720 secs] [Times: user=0.01 sys=0.00, real=0.02 secs] 
2012-10-23T21:47:14.762+0100: 357510.745: [GC 357510.745: [DefNew: 18362K->1944K(19136K), 0.0167840 secs] 146705K->130508K(260032K), 0.0173870 secs] [Times: user=0.02 sys=0.00, real=0.02 secs] 
2012-10-23T21:47:28.115+0100: 357524.099: [GC 357524.099: [DefNew: 18968K->1214K(19136K), 0.0153330 secs] 147532K->130021K(260032K), 0.0161930 secs] [Times: user=0.02 sys=0.00, real=0.02 secs] 
2012-10-23T21:47:39.115+0100: 357535.098: [GC 357535.099: [DefNew: 18238K->1080K(19136K), 0.0275990 secs] 147045K->130135K(260032K), 0.0282590 secs] [Times: user=0.01 sys=0.00, real=0.03 secs] 
2012-10-23T21:47:50.108+0100: 357546.091: [GC 357546.092: [DefNew: 18104K->2112K(19136K), 0.0168880 secs] 147159K->131422K(260032K), 0.0175430 secs] [Times: user=0.01 sys=0.00, real=0.01 secs] 
2012-10-23T21:47:58.883+0100: 357554.866: [GC 357554.867: [DefNew: 19136K->2111K(19136K), 0.0198840 secs] 148446K->131831K(260032K), 0.0205680 secs] [Times: user=0.01 sys=0.00, real=0.02 secs] 
2012-10-23T21:48:13.573+0100: 357569.556: [GC 357569.557: [DefNew: 19135K->1136K(19136K), 0.0159100 secs] 148855K->131064K(260032K), 0.0165700 secs] [Times: user=0.01 sys=0.00, real=0.02 secs] 
2012-10-23T21:48:23.906+0100: 357579.889: [GC 357579.890: [DefNew: 18128K->765K(19136K), 0.0190410 secs] 148057K->130985K(260032K), 0.0196760 secs] [Times: user=0.02 sys=0.00, real=0.02 secs] 
2012-10-23T21:48:34.560+0100: 357590.544: [GC 357590.544: [DefNew: 17789K->1986K(19136K), 0.0156570 secs] 148009K->132206K(260032K), 0.0162600 secs] [Times: user=0.02 sys=0.00, real=0.01 secs] 
2012-10-23T21:48:45.051+0100: 357601.034: [GC 357601.034: [DefNew: 19010K->2111K(19136K), 0.0213010 secs] 149230K->132973K(260032K), 0.0219590 secs] [Times: user=0.02 sys=0.00, real=0.02 secs] 
2012-10-23T21:49:00.139+0100: 357616.122: [GC 357616.122: [DefNew: 19135K->1094K(19136K), 0.0159980 secs] 149997K->132190K(260032K), 0.0165760 secs] [Times: user=0.02 sys=0.00, real=0.01 secs] 
2012-10-23T21:49:14.130+0100: 357630.113: [GC 357630.113: [DefNew: 18101K->1085K(19136K), 0.0147060 secs] 149197K->132363K(260032K), 0.0152240 secs] [Times: user=0.01 sys=0.01, real=0.01 secs] 
2012-10-23T21:49:24.938+0100: 357640.921: [GC 357640.921: [DefNew: 18109K->1229K(19136K), 0.0151200 secs] 149387K->132688K(260032K), 0.0157730 secs] [Times: user=0.01 sys=0.01, real=0.01 secs] 
2012-10-23T21:49:36.125+0100: 357652.108: [GC 357652.109: [DefNew: 18253K->1819K(19136K), 0.0170680 secs] 149712K->133512K(260032K), 0.0176850 secs] [Times: user=0.01 sys=0.00, real=0.02 secs] 
2012-10-23T21:49:50.135+0100: 357666.118: [GC 357666.118: [DefNew: 18843K->1104K(19136K), 0.0150030 secs] 150536K->133062K(260032K), 0.0155550 secs] [Times: user=0.02 sys=0.00, real=0.02 secs] 
2012-10-23T21:50:00.081+0100: 357676.064: [GC 357676.064: [DefNew: 18128K->1600K(19136K), 0.0206830 secs] 150086K->133742K(260032K), 0.0216410 secs] [Times: user=0.01 sys=0.00, real=0.02 secs] 
2012-10-23T21:50:14.123+0100: 357690.106: [GC 357690.106: [DefNew: 18624K->1563K(19136K), 0.0164080 secs] 150766K->133927K(260032K), 0.0170270 secs] [Times: user=0.02 sys=0.00, real=0.02 secs] 
2012-10-23T21:50:25.847+0100: 357701.830: [GC 357701.831: [DefNew: 18587K->1122K(19136K), 0.0152300 secs] 150951K->133711K(260032K), 0.0158050 secs] [Times: user=0.00 sys=0.01, real=0.01 secs] 
2012-10-23T21:50:25.887+0100: 357701.870: [GC [1 CMS-initial-mark: 132588K(240896K)] 134117K(260032K), 0.0101410 secs] [Times: user=0.01 sys=0.00, real=0.01 secs] 
2012-10-23T21:50:25.897+0100: 357701.880: [CMS-concurrent-mark-start]
2012-10-23T21:50:26.035+0100: 357702.018: [CMS-concurrent-mark: 0.138/0.138 secs] [Times: user=0.13 sys=0.00, real=0.13 secs] 
2012-10-23T21:50:26.036+0100: 357702.019: [CMS-concurrent-preclean-start]
2012-10-23T21:50:26.039+0100: 357702.022: [CMS-concurrent-preclean: 0.004/0.004 secs] [Times: user=0.01 sys=0.00, real=0.01 secs] 
2012-10-23T21:50:26.040+0100: 357702.023: [GC[YG occupancy: 1957 K (19136 K)]357702.023: [Rescan (non-parallel) 357702.023: [grey object rescan, 0.0007890 secs]357702.024: [root rescan, 0.0073860 secs], 0.0082180 secs]357702.031: [weak refs processing, 0.0699320 secs] [1 CMS-remark: 132588K(240896K)] 134545K(260032K), 0.0806060 secs] [Times: user=0.08 sys=0.00, real=0.08 secs] 
2012-10-23T21:50:26.130+0100: 357702.113: [CMS-concurrent-sweep-start]
2012-10-23T21:50:26.415+0100: 357702.398: [CMS-concurrent-sweep: 0.285/0.285 secs] [Times: user=0.28 sys=0.00, real=0.28 secs] 
2012-10-23T21:50:26.416+0100: 357702.399: [CMS-concurrent-reset-start]
2012-10-23T21:50:26.416+0100: 357702.399: [CMS-concurrent-reset: 0.001/0.001 secs] [Times: user=0.00 sys=0.00, real=0.00 secs] 
2012-10-23T21:50:34.011+0100: 357709.994: [GC 357709.994: [DefNew: 18146K->1799K(19136K), 0.0509130 secs] 62251K->46102K(260032K), 0.0515630 secs] [Times: user=0.05 sys=0.00, real=0.05 secs] 
2012-10-23T21:50:44.134+0100: 357720.118: [GC 357720.118: [DefNew: 18823K->1824K(19136K), 0.0315460 secs] 63126K->47518K(260032K), 0.0322240 secs] [Times: user=0.03 sys=0.00, real=0.03 secs] 
2012-10-23T21:50:58.124+0100: 357734.107: [GC 357734.107: [DefNew: 18842K->1348K(19136K), 0.0147040 secs] 64536K->47269K(260032K), 0.0152860 secs] [Times: user=0.02 sys=0.00, real=0.02 secs] 
2012-10-23T21:51:08.140+0100: 357744.123: [GC 357744.124: [DefNew: 18372K->2048K(19136K), 0.0169730 secs] 64293K->48194K(260032K), 0.0176770 secs] [Times: user=0.02 sys=0.00, real=0.02 secs] 
2012-10-23T21:51:18.903+0100: 357754.886: [GC 357754.886: [DefNew: 19072K->1793K(19136K), 0.0159630 secs] 65218K->48164K(260032K), 0.0166290 secs] [Times: user=0.01 sys=0.00, real=0.02 secs] 
2012-10-23T21:51:32.131+0100: 357768.114: [GC 357768.114: [DefNew: 18817K->1597K(19136K), 0.0158850 secs] 65188K->48194K(260032K), 0.0165150 secs] [Times: user=0.02 sys=0.00, real=0.02 secs] 
2012-10-23T21:51:43.876+0100: 357779.859: [GC 357779.860: [DefNew: 18621K->1099K(19136K), 0.0143500 secs] 65218K->47876K(260032K), 0.0152110 secs] [Times: user=0.01 sys=0.00, real=0.02 secs] 
2012-10-23T21:51:54.129+0100: 357790.112: [GC 357790.112: [DefNew: 18123K->2112K(19136K), 0.0173460 secs] 64900K->49397K(260032K), 0.0179940 secs] [Times: user=0.02 sys=0.00, real=0.02 secs] 
2012-10-23T21:52:04.569+0100: 357800.552: [GC 357800.552: [DefNew: 19136K->1191K(19136K), 0.0142800 secs] 66421K->48609K(260032K), 0.0148260 secs] [Times: user=0.01 sys=0.00, real=0.01 secs] 
2012-10-23T21:52:17.172+0100: 357813.155: [GC 357813.156: [DefNew: 18215K->1718K(19136K), 0.0160960 secs] 65633K->49354K(260032K), 0.0170360 secs] [Times: user=0.01 sys=0.00, real=0.02 secs] 
2012-10-23T21:52:28.127+0100: 357824.110: [GC 357824.111: [DefNew: 18740K->1565K(19136K), 0.0158680 secs] 66376K->49479K(260032K), 0.0165990 secs] [Times: user=0.01 sys=0.00, real=0.02 secs] 
2012-10-23T21:52:38.915+0100: 357834.898: [GC 357834.898: [DefNew: 18589K->913K(19136K), 0.0144960 secs] 66503K->49066K(260032K), 0.0151080 secs] [Times: user=0.02 sys=0.00, real=0.02 secs] 
2012-10-23T21:52:52.113+0100: 357848.097: [GC 357848.097: [DefNew: 17937K->727K(19136K), 0.0122690 secs] 66090K->48879K(260032K), 0.0127810 secs] [Times: user=0.01 sys=0.00, real=0.01 secs] 
2012-10-23T21:53:05.452+0100: 357861.435: [GC 357861.436: [DefNew: 17751K->1688K(19136K), 0.0157000 secs] 65903K->49841K(260032K), 0.0162760 secs] [Times: user=0.02 sys=0.00, real=0.02 secs] 
2012-10-23T21:53:18.858+0100: 357874.841: [GC 357874.841: [DefNew: 18712K->1523K(19136K), 0.0184210 secs] 66865K->50328K(260032K), 0.0191190 secs] [Times: user=0.01 sys=0.01, real=0.01 secs] 
2012-10-23T21:53:30.652+0100: 357886.635: [GC 357886.636: [DefNew: 18547K->1204K(19136K), 0.0151120 secs] 67352K->50260K(260032K), 0.0156550 secs] [Times: user=0.02 sys=0.00, real=0.02 secs] 
2012-10-23T21:53:43.275+0100: 357899.258: [GC 357899.258: [DefNew: 18228K->544K(19136K), 0.0144350 secs] 67284K->49846K(260032K), 0.0150860 secs] [Times: user=0.02 sys=0.00, real=0.02 secs] 
2012-10-23T21:53:55.086+0100: 357911.069: [GC 357911.069: [DefNew: 17568K->1443K(19136K), 0.0099690 secs] 66870K->50745K(260032K), 0.0104260 secs] [Times: user=0.00 sys=0.00, real=0.01 secs] 
2012-10-23T21:54:05.171+0100: 357921.154: [GC 357921.154: [DefNew: 18467K->1642K(19136K), 0.0175460 secs] 67769K->51423K(260032K), 0.0182390 secs] [Times: user=0.01 sys=0.00, real=0.02 secs] 
2012-10-23T21:54:22.129+0100: 357938.112: [GC 357938.113: [DefNew: 18645K->1425K(19136K), 0.0144670 secs] 68426K->51429K(260032K), 0.0150610 secs] [Times: user=0.01 sys=0.00, real=0.01 secs] 
2012-10-23T21:54:32.134+0100: 357948.117: [GC 357948.117: [DefNew: 18440K->1840K(19136K), 0.0148430 secs] 68445K->51983K(260032K), 0.0154580 secs] [Times: user=0.02 sys=0.00, real=0.02 secs] 
2012-10-23T21:54:42.129+0100: 357958.112: [GC 357958.112: [DefNew: 18864K->1677K(19136K), 0.0151170 secs] 69007K->52045K(260032K), 0.0156680 secs] [Times: user=0.02 sys=0.00, real=0.01 secs] 
2012-10-23T21:54:54.109+0100: 357970.092: [GC 357970.092: [DefNew: 18701K->1082K(19136K), 0.0147360 secs] 69069K->51675K(260032K), 0.0153600 secs] [Times: user=0.02 sys=0.00, real=0.01 secs] 
2012-10-23T21:55:09.369+0100: 357985.352: [GC 357985.352: [DefNew: 18106K->997K(19136K), 0.0137690 secs] 68699K->51815K(260032K), 0.0142470 secs] [Times: user=0.01 sys=0.00, real=0.01 secs] 
2012-10-23T21:55:22.116+0100: 357998.099: [GC 357998.099: [DefNew: 18021K->968K(19136K), 0.0124570 secs] 68839K->51786K(260032K), 0.0129590 secs] [Times: user=0.01 sys=0.00, real=0.02 secs] 
2012-10-23T21:55:34.556+0100: 358010.539: [GC 358010.540: [DefNew: 17992K->1697K(19136K), 0.0151320 secs] 68810K->52516K(260032K), 0.0156440 secs] [Times: user=0.01 sys=0.00, real=0.02 secs] 
2012-10-23T21:55:46.129+0100: 358022.112: [GC 358022.112: [DefNew: 18720K->1718K(19136K), 0.0188290 secs] 69539K->53222K(260032K), 0.0196070 secs] [Times: user=0.02 sys=0.00, real=0.02 secs] 
2012-10-23T21:55:56.132+0100: 358032.115: [GC 358032.115: [DefNew: 18742K->1723K(19136K), 0.0159630 secs] 70246K->53477K(260032K), 0.0166040 secs] [Times: user=0.01 sys=0.00, real=0.02 secs] 
2012-10-23T21:56:06.075+0100: 358042.058: [GC 358042.058: [DefNew: 18747K->1457K(19136K), 0.0153180 secs] 70501K->53438K(260032K), 0.0158790 secs] [Times: user=0.01 sys=0.00, real=0.02 secs] 
2012-10-23T21:56:22.118+0100: 358058.101: [GC 358058.102: [DefNew: 18481K->887K(19136K), 0.0133740 secs] 70462K->53085K(260032K), 0.0139340 secs] [Times: user=0.01 sys=0.01, real=0.01 secs] 
2012-10-23T21:56:33.422+0100: 358069.405: [GC 358069.405: [DefNew: 17911K->535K(19136K), 0.0117500 secs] 70109K->52733K(260032K), 0.0122830 secs] [Times: user=0.01 sys=0.00, real=0.01 secs] 
2012-10-23T21:56:44.131+0100: 358080.114: [GC 358080.115: [DefNew: 17559K->1860K(19136K), 0.0152010 secs] 69757K->54058K(260032K), 0.0159250 secs] [Times: user=0.01 sys=0.00, real=0.02 secs] 
2012-10-23T21:56:54.350+0100: 358090.334: [GC 358090.334: [DefNew: 18884K->1199K(19136K), 0.0170980 secs] 71082K->54043K(260032K), 0.0176520 secs] [Times: user=0.02 sys=0.00, real=0.02 secs] 
2012-10-23T21:57:06.948+0100: 358102.932: [GC 358102.932: [DefNew: 18223K->1284K(19136K), 0.0149360 secs] 71067K->54330K(260032K), 0.0154840 secs] [Times: user=0.01 sys=0.00, real=0.01 secs] 
2012-10-23T21:57:19.543+0100: 358115.526: [GC 358115.527: [DefNew: 18308K->1813K(19136K), 0.0166720 secs] 71354K->55131K(260032K), 0.0173080 secs] [Times: user=0.01 sys=0.00, real=0.02 secs] 
2012-10-23T21:57:32.118+0100: 358128.101: [GC 358128.102: [DefNew: 18835K->363K(19136K), 0.0122370 secs] 72153K->53906K(260032K), 0.0127910 secs] [Times: user=0.01 sys=0.00, real=0.01 secs] 
2012-10-23T21:57:44.133+0100: 358140.116: [GC 358140.116: [DefNew: 17387K->1227K(19136K), 0.0127520 secs] 70930K->54770K(260032K), 0.0133050 secs] [Times: user=0.01 sys=0.01, real=0.01 secs] 
2012-10-23T21:57:57.056+0100: 358153.039: [GC 358153.039: [DefNew: 18251K->1336K(19136K), 0.0151600 secs] 71794K->55230K(260032K), 0.0156790 secs] [Times: user=0.01 sys=0.00, real=0.02 secs] 
2012-10-23T21:58:07.839+0100: 358163.822: [GC 358163.822: [DefNew: 18360K->416K(19136K), 0.0129440 secs] 72254K->54534K(260032K), 0.0134160 secs] [Times: user=0.01 sys=0.00, real=0.01 secs] 
2012-10-23T21:58:22.131+0100: 358178.114: [GC 358178.114: [DefNew: 17434K->1075K(19136K), 0.0123810 secs] 71552K->55193K(260032K), 0.0128570 secs] [Times: user=0.01 sys=0.00, real=0.01 secs] 
2012-10-23T21:58:32.149+0100: 358188.132: [GC 358188.133: [DefNew: 18099K->2112K(19136K), 0.0181770 secs] 72217K->56796K(260032K), 0.0188500 secs] [Times: user=0.02 sys=0.00, real=0.02 secs] 
2012-10-23T21:58:42.132+0100: 358198.115: [GC 358198.116: [DefNew: 19136K->1449K(19136K), 0.0170440 secs] 73820K->56555K(260032K), 0.0176560 secs] [Times: user=0.03 sys=0.00, real=0.02 secs] 
2012-10-23T21:58:53.928+0100: 358209.911: [GC 358209.912: [DefNew: 18471K->2035K(19136K), 0.0186050 secs] 73577K->57365K(260032K), 0.0193270 secs] [Times: user=0.02 sys=0.00, real=0.02 secs] 
2012-10-23T21:59:08.132+0100: 358224.115: [GC 358224.116: [DefNew: 19059K->846K(19136K), 0.0150510 secs] 74389K->56356K(260032K), 0.0158250 secs] [Times: user=0.01 sys=0.01, real=0.02 secs] 
2012-10-23T21:59:20.131+0100: 358236.114: [GC 358236.114: [DefNew: 17870K->1391K(19136K), 0.0137940 secs] 73380K->56901K(260032K), 0.0144130 secs] [Times: user=0.02 sys=0.00, real=0.01 secs] 
2012-10-23T21:59:30.279+0100: 358246.262: [GC 358246.262: [DefNew: 18415K->2112K(19136K), 0.0217830 secs] 73925K->58234K(260032K), 0.0224160 secs] [Times: user=0.01 sys=0.00, real=0.02 secs] 
2012-10-23T21:59:44.470+0100: 358260.453: [GC 358260.454: [DefNew: 19136K->1734K(19136K), 0.0148560 secs] 75258K->58030K(260032K), 0.0153830 secs] [Times: user=0.01 sys=0.00, real=0.01 secs] 
2012-10-23T21:59:58.144+0100: 358274.127: [GC 358274.127: [DefNew: 18727K->1952K(19136K), 0.0152690 secs] 75023K->58464K(260032K), 0.0158400 secs] [Times: user=0.02 sys=0.00, real=0.02 secs] 
2012-10-23T22:00:08.134+0100: 358284.117: [GC 358284.117: [DefNew: 18975K->1403K(19136K), 0.0142790 secs] 75487K->58114K(260032K), 0.0148540 secs] [Times: user=0.02 sys=0.00, real=0.02 secs] 
2012-10-23T22:00:20.193+0100: 358296.176: [GC 358296.176: [DefNew: 18427K->1214K(19136K), 0.0148360 secs] 75138K->58150K(260032K), 0.0153700 secs] [Times: user=0.02 sys=0.00, real=0.02 secs] 
2012-10-23T22:00:30.130+0100: 358306.113: [GC 358306.114: [DefNew: 18238K->2086K(19136K), 0.0166750 secs] 75174K->59237K(260032K), 0.0173610 secs] [Times: user=0.02 sys=0.00, real=0.02 secs] 
2012-10-23T22:00:40.144+0100: 358316.127: [GC 358316.127: [DefNew: 19110K->2112K(19136K), 0.0260490 secs] 76261K->59843K(260032K), 0.0268090 secs] [Times: user=0.01 sys=0.01, real=0.03 secs] 
2012-10-23T22:00:53.726+0100: 358329.709: [GC 358329.709: [DefNew: 19136K->1549K(19136K), 0.0152310 secs] 76867K->59499K(260032K), 0.0158510 secs] [Times: user=0.02 sys=0.00, real=0.02 secs] 
2012-10-23T22:01:04.243+0100: 358340.226: [GC 358340.227: [DefNew: 18573K->1895K(19136K), 0.0158450 secs] 76523K->60030K(260032K), 0.0165620 secs] [Times: user=0.02 sys=0.00, real=0.02 secs] 
2012-10-23T22:01:16.840+0100: 358352.823: [GC 358352.824: [DefNew: 18919K->461K(19136K), 0.0145450 secs] 77054K->58837K(260032K), 0.0150910 secs] [Times: user=0.01 sys=0.00, real=0.01 secs] 
2012-10-23T22:01:28.138+0100: 358364.121: [GC 358364.122: [DefNew: 17479K->1141K(19136K), 0.0136260 secs] 75855K->59517K(260032K), 0.0142960 secs] [Times: user=0.01 sys=0.00, real=0.01 secs] 
2012-10-23T22:01:40.308+0100: 358376.291: [GC 358376.291: [DefNew: 18165K->1313K(19136K), 0.0096350 secs] 76541K->59951K(260032K), 0.0100810 secs] [Times: user=0.01 sys=0.00, real=0.01 secs] 
2012-10-23T22:01:55.070+0100: 358391.053: [GC 358391.054: [DefNew: 18337K->1108K(19136K), 0.0194540 secs] 76975K->60100K(260032K), 0.0200370 secs] [Times: user=0.02 sys=0.00, real=0.02 secs] 
2012-10-23T22:02:06.137+0100: 358402.120: [GC 358402.120: [DefNew: 18132K->1684K(19136K), 0.0144850 secs] 77124K->60856K(260032K), 0.0151060 secs] [Times: user=0.02 sys=0.00, real=0.02 secs] 
2012-10-23T22:02:18.136+0100: 358414.119: [GC 358414.119: [DefNew: 18708K->890K(19136K), 0.0269930 secs] 77880K->60285K(260032K), 0.0275680 secs] [Times: user=0.01 sys=0.00, real=0.03 secs] 
2012-10-23T22:02:30.340+0100: 358426.323: [GC 358426.323: [DefNew: 17914K->1973K(19136K), 0.0150430 secs] 77309K->61368K(260032K), 0.0155810 secs] [Times: user=0.02 sys=0.00, real=0.01 secs] 
2012-10-23T22:02:42.140+0100: 358438.123: [GC 358438.124: [DefNew: 18997K->2111K(19136K), 0.0186600 secs] 78392K->62052K(260032K), 0.0193190 secs] [Times: user=0.02 sys=0.00, real=0.02 secs] 
2012-10-23T22:02:54.120+0100: 358450.103: [GC 358450.103: [DefNew: 19135K->948K(19136K), 0.0147550 secs] 79076K->61102K(260032K), 0.0153650 secs] [Times: user=0.01 sys=0.00, real=0.01 secs] 
2012-10-23T22:03:04.140+0100: 358460.124: [GC 358460.124: [DefNew: 17972K->1458K(19136K), 0.0145590 secs] 78126K->61611K(260032K), 0.0151320 secs] [Times: user=0.01 sys=0.00, real=0.01 secs] 
2012-10-23T22:03:19.198+0100: 358475.181: [GC 358475.182: [DefNew: 18476K->371K(19136K), 0.0151850 secs] 78630K->60973K(260032K), 0.0157690 secs] [Times: user=0.01 sys=0.00, real=0.01 secs] 
2012-10-23T22:03:29.192+0100: 358485.175: [GC 358485.175: [DefNew: 17373K->1226K(19136K), 0.0133620 secs] 77975K->61828K(260032K), 0.0139230 secs] [Times: user=0.01 sys=0.00, real=0.01 secs] 
2012-10-23T22:03:42.140+0100: 358498.123: [GC 358498.124: [DefNew: 18250K->1044K(19136K), 0.0154550 secs] 78851K->61868K(260032K), 0.0160600 secs] [Times: user=0.02 sys=0.00, real=0.01 secs] 
2012-10-23T22:03:54.537+0100: 358510.520: [GC 358510.521: [DefNew: 18068K->1968K(19136K), 0.0147590 secs] 78892K->62792K(260032K), 0.0153110 secs] [Times: user=0.01 sys=0.00, real=0.01 secs] 
2012-10-23T22:04:06.139+0100: 358522.122: [GC 358522.122: [DefNew: 18992K->1750K(19136K), 0.0174360 secs] 79816K->63156K(260032K), 0.0180300 secs] [Times: user=0.02 sys=0.00, real=0.01 secs] 
2012-10-23T22:04:18.138+0100: 358534.121: [GC 358534.121: [DefNew: 18774K->898K(19136K), 0.0129180 secs] 80180K->62483K(260032K), 0.0136210 secs] [Times: user=0.02 sys=0.00, real=0.01 secs] 
2012-10-23T22:04:32.147+0100: 358548.130: [GC 358548.131: [DefNew: 17922K->1498K(19136K), 0.0137000 secs] 79507K->63084K(260032K), 0.0143000 secs] [Times: user=0.02 sys=0.00, real=0.02 secs] 
2012-10-23T22:04:42.645+0100: 358558.628: [GC 358558.628: [DefNew: 18522K->1618K(19136K), 0.0157880 secs] 80108K->63625K(260032K), 0.0163050 secs] [Times: user=0.01 sys=0.00, real=0.02 secs] 
2012-10-23T22:04:53.162+0100: 358569.145: [GC 358569.145: [DefNew: 18642K->1215K(19136K), 0.0142950 secs] 80649K->63413K(260032K), 0.0149230 secs] [Times: user=0.01 sys=0.00, real=0.01 secs] 
2012-10-23T22:05:04.361+0100: 358580.344: [GC 358580.345: [DefNew: 18239K->812K(19136K), 0.0136010 secs] 80437K->63254K(260032K), 0.0141450 secs] [Times: user=0.01 sys=0.01, real=0.01 secs] 
2012-10-23T22:05:18.136+0100: 358594.119: [GC 358594.120: [DefNew: 17836K->944K(19136K), 0.0124130 secs] 80278K->63387K(260032K), 0.0129760 secs] [Times: user=0.01 sys=0.00, real=0.02 secs] 
2012-10-23T22:05:28.128+0100: 358604.111: [GC 358604.111: [DefNew: 17968K->1331K(19136K), 0.0138420 secs] 80411K->63773K(260032K), 0.0143730 secs] [Times: user=0.01 sys=0.00, real=0.01 secs] 
2012-10-23T22:05:39.228+0100: 358615.212: [GC 358615.212: [DefNew: 18355K->1356K(19136K), 0.0216000 secs] 80797K->64176K(260032K), 0.0222300 secs] [Times: user=0.01 sys=0.00, real=0.02 secs] 
2012-10-23T22:05:54.053+0100: 358630.036: [GC 358630.037: [DefNew: 18380K->373K(19136K), 0.0139410 secs] 81200K->63642K(260032K), 0.0144840 secs] [Times: user=0.02 sys=0.00, real=0.02 secs] 
2012-10-23T22:06:05.190+0100: 358641.173: [GC 358641.173: [DefNew: 17397K->1349K(19136K), 0.0132660 secs] 80666K->64618K(260032K), 0.0138610 secs] [Times: user=0.01 sys=0.00, real=0.01 secs] 
2012-10-23T22:06:16.125+0100: 358652.108: [GC 358652.108: [DefNew: 18373K->1681K(19136K), 0.0172450 secs] 81642K->65354K(260032K), 0.0178320 secs] [Times: user=0.02 sys=0.00, real=0.02 secs] 
2012-10-23T22:06:30.148+0100: 358666.131: [GC 358666.131: [DefNew: 18705K->1333K(19136K), 0.0147620 secs] 82378K->65230K(260032K), 0.0153270 secs] [Times: user=0.01 sys=0.00, real=0.01 secs] 
2012-10-23T22:06:42.148+0100: 358678.131: [GC 358678.132: [DefNew: 18351K->2098K(19136K), 0.0104790 secs] 82248K->66263K(260032K), 0.0109430 secs] [Times: user=0.02 sys=0.00, real=0.01 secs] 
2012-10-23T22:06:54.139+0100: 358690.122: [GC 358690.123: [DefNew: 19115K->1017K(19136K), 0.0094430 secs] 83280K->65319K(260032K), 0.0099080 secs] [Times: user=0.01 sys=0.00, real=0.01 secs] 
2012-10-23T22:07:07.522+0100: 358703.505: [GC 358703.506: [DefNew: 18041K->613K(19136K), 0.0128920 secs] 82343K->64915K(260032K), 0.0140200 secs] [Times: user=0.01 sys=0.00, real=0.01 secs] 
2012-10-23T22:07:20.137+0100: 358716.120: [GC 358716.121: [DefNew: 17637K->2111K(19136K), 0.0169310 secs] 81939K->66546K(260032K), 0.0176490 secs] [Times: user=0.01 sys=0.01, real=0.02 secs] 
2012-10-23T22:07:30.663+0100: 358726.646: [GC 358726.647: [DefNew: 19135K->1908K(19136K), 0.0194980 secs] 83570K->67043K(260032K), 0.0200780 secs] [Times: user=0.02 sys=0.00, real=0.02 secs] 
2012-10-23T22:07:41.136+0100: 358737.119: [GC 358737.119: [DefNew: 18932K->1657K(19136K), 0.0151160 secs] 84067K->67002K(260032K), 0.0156900 secs] [Times: user=0.01 sys=0.00, real=0.02 secs] 
2012-10-23T22:07:55.842+0100: 358751.825: [GC 358751.826: [DefNew: 18681K->1759K(19136K), 0.0103510 secs] 84026K->67316K(260032K), 0.0108440 secs] [Times: user=0.01 sys=0.00, real=0.01 secs] 
2012-10-23T22:08:08.131+0100: 358764.114: [GC 358764.114: [DefNew: 18783K->875K(19136K), 0.0130240 secs] 84340K->66581K(260032K), 0.0135350 secs] [Times: user=0.01 sys=0.00, real=0.01 secs] 
2012-10-23T22:08:18.131+0100: 358774.115: [GC 358774.115: [DefNew: 17879K->943K(19136K), 0.0130410 secs] 83585K->66649K(260032K), 0.0137600 secs] [Times: user=0.01 sys=0.00, real=0.01 secs] 
2012-10-23T22:08:32.134+0100: 358788.117: [GC 358788.117: [DefNew: 17954K->1777K(19136K), 0.0150600 secs] 83660K->67483K(260032K), 0.0157250 secs] [Times: user=0.02 sys=0.00, real=0.02 secs] 
2012-10-23T22:08:44.161+0100: 358800.144: [GC 358800.144: [DefNew: 18797K->2084K(19136K), 0.0179990 secs] 84503K->68494K(260032K), 0.0185590 secs] [Times: user=0.01 sys=0.00, real=0.02 secs] 
2012-10-23T22:08:54.631+0100: 358810.614: [GC 358810.614: [DefNew: 19108K->1690K(19136K), 0.0135890 secs] 85518K->68205K(260032K), 0.0141240 secs] [Times: user=0.01 sys=0.00, real=0.01 secs] 
2012-10-23T22:09:05.178+0100: 358821.161: [GC 358821.162: [DefNew: 18714K->1164K(19136K), 0.0161940 secs] 85229K->67861K(260032K), 0.0169250 secs] [Times: user=0.01 sys=0.00, real=0.01 secs] 
2012-10-23T22:09:19.153+0100: 358835.136: [GC 358835.136: [DefNew: 18188K->1038K(19136K), 0.0174270 secs] 84885K->67993K(260032K), 0.0179760 secs] [Times: user=0.02 sys=0.00, real=0.02 secs] 
2012-10-23T22:09:30.331+0100: 358846.314: [GC 358846.315: [DefNew: 18062K->1522K(19136K), 0.0131140 secs] 85017K->68478K(260032K), 0.0136610 secs] [Times: user=0.02 sys=0.00, real=0.01 secs] 
2012-10-23T22:09:40.192+0100: 358856.175: [GC 358856.175: [DefNew: 18546K->2112K(19136K), 0.0242330 secs] 85502K->69800K(260032K), 0.0249150 secs] [Times: user=0.00 sys=0.00, real=0.02 secs] 
2012-10-23T22:09:53.477+0100: 358869.460: [GC 358869.461: [DefNew: 19136K->1377K(19136K), 0.0153260 secs] 86824K->69276K(260032K), 0.0159550 secs] [Times: user=0.01 sys=0.00, real=0.02 secs] 
2012-10-23T22:10:08.192+0100: 358884.175: [GC 358884.175: [DefNew: 18401K->1670K(19136K), 0.0162910 secs] 86300K->69843K(260032K), 0.0168200 secs] [Times: user=0.02 sys=0.00, real=0.02 secs] 
2012-10-23T22:10:18.132+0100: 358894.115: [GC 358894.115: [DefNew: 18671K->391K(19136K), 0.0113420 secs] 86844K->68694K(260032K), 0.0118020 secs] [Times: user=0.01 sys=0.00, real=0.01 secs] 
2012-10-23T22:10:29.160+0100: 358905.143: [GC 358905.143: [DefNew: 17415K->1360K(19136K), 0.0199430 secs] 85718K->69663K(260032K), 0.0239580 secs] [Times: user=0.02 sys=0.00, real=0.02 secs] 
2012-10-23T22:10:39.655+0100: 358915.638: [GC 358915.638: [DefNew: 18384K->2112K(19136K), 0.0186220 secs] 86687K->71064K(260032K), 0.0192130 secs] [Times: user=0.01 sys=0.00, real=0.02 secs] 
2012-10-23T22:10:50.158+0100: 358926.141: [GC 358926.142: [DefNew: 19136K->2111K(19136K), 0.0182210 secs] 88088K->71518K(260032K), 0.0189000 secs] [Times: user=0.02 sys=0.00, real=0.02 secs] 
2012-10-23T22:11:04.035+0100: 358940.018: [GC 358940.018: [DefNew: 19135K->879K(19136K), 0.0144460 secs] 88542K->70510K(260032K), 0.0150400 secs] [Times: user=0.02 sys=0.00, real=0.02 secs] 
2012-10-23T22:11:15.202+0100: 358951.185: [GC 358951.185: [DefNew: 17903K->1918K(19136K), 0.0151270 secs] 87534K->71549K(260032K), 0.0157860 secs] [Times: user=0.00 sys=0.01, real=0.02 secs] 
2012-10-23T22:11:28.140+0100: 358964.123: [GC 358964.124: [DefNew: 18942K->1466K(19136K), 0.0164610 secs] 88573K->71546K(260032K), 0.0170600 secs] [Times: user=0.02 sys=0.00, real=0.02 secs] 
2012-10-23T22:11:38.472+0100: 358974.456: [GC 358974.456: [DefNew: 18490K->1818K(19136K), 0.0156240 secs] 88570K->72121K(260032K), 0.0162040 secs] [Times: user=0.02 sys=0.00, real=0.02 secs] 
2012-10-23T22:11:51.043+0100: 358987.026: [GC 358987.026: [DefNew: 18842K->1089K(19136K), 0.0144710 secs] 89145K->71612K(260032K), 0.0153400 secs] [Times: user=0.01 sys=0.00, real=0.02 secs] 
2012-10-23T22:12:01.559+0100: 358997.542: [GC 358997.542: [DefNew: 18113K->441K(19136K), 0.0137200 secs] 88636K->71217K(260032K), 0.0142500 secs] [Times: user=0.01 sys=0.00, real=0.01 secs] 
2012-10-23T22:12:16.148+0100: 359012.131: [GC 359012.131: [DefNew: 17465K->1848K(19136K), 0.0142530 secs] 88241K->72625K(260032K), 0.0148070 secs] [Times: user=0.01 sys=0.00, real=0.01 secs] 
2012-10-23T22:12:26.765+0100: 359022.748: [GC 359022.748: [DefNew: 18872K->1247K(19136K), 0.0154060 secs] 89649K->72375K(260032K), 0.0159420 secs] [Times: user=0.01 sys=0.00, real=0.02 secs] 
2012-10-23T22:12:39.325+0100: 359035.308: [GC 359035.308: [DefNew: 18271K->1708K(19136K), 0.0315270 secs] 89399K->73049K(260032K), 0.0322310 secs] [Times: user=0.01 sys=0.00, real=0.03 secs] 
2012-10-23T22:12:50.160+0100: 359046.143: [GC 359046.144: [DefNew: 18732K->2111K(19136K), 0.0180850 secs] 90073K->73878K(260032K), 0.0187500 secs] [Times: user=0.02 sys=0.00, real=0.02 secs] 
2012-10-23T22:13:02.146+0100: 359058.129: [GC 359058.129: [DefNew: 19135K->1059K(19136K), 0.0142210 secs] 90902K->73002K(260032K), 0.0147140 secs] [Times: user=0.01 sys=0.00, real=0.02 secs] 
2012-10-23T22:13:12.145+0100: 359068.128: [GC 359068.129: [DefNew: 18083K->1610K(19136K), 0.0151800 secs] 90026K->73779K(260032K), 0.0158510 secs] [Times: user=0.02 sys=0.00, real=0.02 secs] 
2012-10-23T22:13:26.148+0100: 359082.131: [GC 359082.132: [DefNew: 18634K->1218K(19136K), 0.0148690 secs] 90803K->73614K(260032K), 0.0155500 secs] [Times: user=0.02 sys=0.00, real=0.01 secs] 
2012-10-23T22:13:40.277+0100: 359096.260: [GC 359096.260: [DefNew: 18242K->1047K(19136K), 0.0138870 secs] 90638K->73667K(260032K), 0.0143750 secs] [Times: user=0.02 sys=0.00, real=0.02 secs] 
2012-10-23T22:13:52.149+0100: 359108.132: [GC 359108.133: [DefNew: 18071K->1069K(19136K), 0.0125580 secs] 90691K->73689K(260032K), 0.0130450 secs] [Times: user=0.01 sys=0.00, real=0.01 secs] 
2012-10-23T22:14:08.152+0100: 359124.135: [GC 359124.135: [DefNew: 18081K->1642K(19136K), 0.0143420 secs] 90701K->74441K(260032K), 0.0148200 secs] [Times: user=0.02 sys=0.00, real=0.01 secs] 
2012-10-23T22:14:20.164+0100: 359136.147: [GC 359136.147: [DefNew: 18661K->1800K(19136K), 0.0148170 secs] 91460K->74915K(260032K), 0.0152380 secs] [Times: user=0.02 sys=0.00, real=0.02 secs] 
2012-10-23T22:14:30.679+0100: 359146.662: [GC 359146.663: [DefNew: 18824K->1331K(19136K), 0.0139110 secs] 91939K->74589K(260032K), 0.0144000 secs] [Times: user=0.01 sys=0.00, real=0.01 secs] 
2012-10-23T22:14:44.134+0100: 359160.117: [GC 359160.118: [DefNew: 18355K->430K(19136K), 0.0131400 secs] 91613K->73954K(260032K), 0.0136240 secs] [Times: user=0.03 sys=0.00, real=0.02 secs] 
2012-10-23T22:14:53.822+0100: 359169.805: [GC 359169.805: [DefNew: 17454K->611K(19136K), 0.0115910 secs] 90978K->74135K(260032K), 0.0120960 secs] [Times: user=0.01 sys=0.00, real=0.01 secs] 
2012-10-23T22:15:04.175+0100: 359180.158: [GC 359180.158: [DefNew: 17635K->1494K(19136K), 0.0147460 secs] 91159K->75018K(260032K), 0.0153620 secs] [Times: user=0.02 sys=0.00, real=0.02 secs] 
2012-10-23T22:15:14.147+0100: 359190.130: [GC 359190.131: [DefNew: 18518K->1678K(19136K), 0.0190450 secs] 92042K->75704K(260032K), 0.0197170 secs] [Times: user=0.01 sys=0.00, real=0.02 secs] 
2012-10-23T22:15:29.327+0100: 359205.310: [GC 359205.311: [DefNew: 18702K->1074K(19136K), 0.0156160 secs] 92728K->75504K(260032K), 0.0162950 secs] [Times: user=0.02 sys=0.00, real=0.02 secs] 
2012-10-23T22:15:42.135+0100: 359218.118: [GC 359218.119: [DefNew: 18090K->704K(19136K), 0.0135620 secs] 92519K->75359K(260032K), 0.0140980 secs] [Times: user=0.01 sys=0.00, real=0.02 secs] 
2012-10-23T22:15:54.398+0100: 359230.381: [GC 359230.381: [DefNew: 17705K->970K(19136K), 0.0136740 secs] 92361K->75625K(260032K), 0.0142370 secs] [Times: user=0.02 sys=0.00, real=0.01 secs] 
2012-10-23T22:16:05.134+0100: 359241.117: [GC 359241.117: [DefNew: 17994K->2049K(19136K), 0.0158430 secs] 92649K->76705K(260032K), 0.0164420 secs] [Times: user=0.01 sys=0.00, real=0.02 secs] 
2012-10-23T22:16:19.846+0100: 359255.829: [GC 359255.830: [DefNew: 19073K->1329K(19136K), 0.0168390 secs] 93729K->76661K(260032K), 0.0173380 secs] [Times: user=0.02 sys=0.00, real=0.02 secs] 
2012-10-23T22:16:28.281+0100: 359264.264: [GC 359264.264: [DefNew: 18353K->1690K(19136K), 0.0151420 secs] 93685K->77171K(260032K), 0.0157610 secs] [Times: user=0.01 sys=0.00, real=0.01 secs] 
2012-10-23T22:16:42.142+0100: 359278.125: [GC 359278.126: [DefNew: 18714K->1158K(19136K), 0.0147530 secs] 94195K->76852K(260032K), 0.0153640 secs] [Times: user=0.02 sys=0.00, real=0.02 secs] 
2012-10-23T22:16:52.139+0100: 359288.122: [GC 359288.123: [DefNew: 18182K->1152K(19136K), 0.0147590 secs] 93876K->77121K(260032K), 0.0153820 secs] [Times: user=0.01 sys=0.00, real=0.01 secs] 
2012-10-23T22:17:02.147+0100: 359298.130: [GC 359298.130: [DefNew: 18176K->1686K(19136K), 0.0154520 secs] 94145K->77882K(260032K), 0.0161120 secs] [Times: user=0.02 sys=0.00, real=0.02 secs] 
2012-10-23T22:17:14.150+0100: 359310.133: [GC 359310.133: [DefNew: 18710K->1587K(19136K), 0.0154990 secs] 94906K->78006K(260032K), 0.0161400 secs] [Times: user=0.01 sys=0.00, real=0.01 secs] 
2012-10-23T22:17:28.137+0100: 359324.120: [GC 359324.121: [DefNew: 18611K->1019K(19136K), 0.0146160 secs] 95030K->77664K(260032K), 0.0152370 secs] [Times: user=0.01 sys=0.01, real=0.01 secs] 
2012-10-23T22:17:43.864+0100: 359339.847: [GC 359339.847: [DefNew: 18043K->693K(19136K), 0.0133520 secs] 94688K->77338K(260032K), 0.0138640 secs] [Times: user=0.01 sys=0.00, real=0.02 secs] 
2012-10-23T22:17:52.272+0100: 359348.255: [GC 359348.255: [DefNew: 17717K->1449K(19136K), 0.0147190 secs] 94362K->78093K(260032K), 0.0152510 secs] [Times: user=0.01 sys=0.00, real=0.01 secs] 
2012-10-23T22:18:06.132+0100: 359362.115: [GC 359362.116: [DefNew: 18473K->1389K(19136K), 0.0180460 secs] 95117K->78502K(260032K), 0.0186530 secs] [Times: user=0.02 sys=0.00, real=0.02 secs] 
2012-10-23T22:18:17.426+0100: 359373.409: [GC 359373.409: [DefNew: 18413K->1182K(19136K), 0.0157040 secs] 95526K->78767K(260032K), 0.0169320 secs] [Times: user=0.02 sys=0.00, real=0.02 secs] 
2012-10-23T22:18:27.961+0100: 359383.944: [GC 359383.944: [DefNew: 18206K->449K(19136K), 0.0144890 secs] 95791K->78256K(260032K), 0.0150680 secs] [Times: user=0.01 sys=0.00, real=0.01 secs] 
2012-10-23T22:18:44.156+0100: 359400.139: [GC 359400.139: [DefNew: 17467K->1589K(19136K), 0.0130720 secs] 95274K->79396K(260032K), 0.0135910 secs] [Times: user=0.01 sys=0.00, real=0.02 secs] 
2012-10-23T22:18:55.260+0100: 359411.243: [GC 359411.243: [DefNew: 18613K->1667K(19136K), 0.0160370 secs] 96420K->79791K(260032K), 0.0170090 secs] [Times: user=0.02 sys=0.00, real=0.02 secs] 
2012-10-23T22:19:05.318+0100: 359421.301: [GC 359421.302: [DefNew: 18677K->1006K(19136K), 0.0183340 secs] 96801K->79337K(260032K), 0.0189940 secs] [Times: user=0.01 sys=0.00, real=0.02 secs] 
2012-10-23T22:19:16.153+0100: 359432.136: [GC 359432.136: [DefNew: 18030K->1419K(19136K), 0.0135620 secs] 96361K->79751K(260032K), 0.0141440 secs] [Times: user=0.02 sys=0.00, real=0.01 secs] 
2012-10-23T22:19:28.154+0100: 359444.137: [GC 359444.137: [DefNew: 18435K->899K(19136K), 0.0146550 secs] 96766K->79659K(260032K), 0.0152520 secs] [Times: user=0.02 sys=0.00, real=0.02 secs] 
2012-10-23T22:19:39.361+0100: 359455.344: [GC 359455.345: [DefNew: 17923K->1421K(19136K), 0.0146210 secs] 96683K->80182K(260032K), 0.0151720 secs] [Times: user=0.01 sys=0.00, real=0.01 secs] 
2012-10-23T22:19:52.143+0100: 359468.126: [GC 359468.126: [DefNew: 18445K->786K(19136K), 0.0156830 secs] 97206K->80021K(260032K), 0.0162920 secs] [Times: user=0.02 sys=0.00, real=0.02 secs] 
2012-10-23T22:20:04.573+0100: 359480.556: [GC 359480.556: [DefNew: 17810K->1276K(19136K), 0.0132950 secs] 97045K->80512K(260032K), 0.0138640 secs] [Times: user=0.01 sys=0.00, real=0.01 secs] 
2012-10-23T22:20:16.137+0100: 359492.120: [GC 359492.120: [DefNew: 18300K->1758K(19136K), 0.0172880 secs] 97536K->81373K(260032K), 0.0179320 secs] [Times: user=0.03 sys=0.00, real=0.02 secs] 
2012-10-23T22:20:27.635+0100: 359503.618: [GC 359503.619: [DefNew: 18782K->382K(19136K), 0.0129770 secs] 98397K->80236K(260032K), 0.0137470 secs] [Times: user=0.01 sys=0.00, real=0.02 secs] 
2012-10-23T22:20:38.136+0100: 359514.119: [GC 359514.120: [DefNew: 17406K->604K(19136K), 0.0125820 secs] 97260K->80458K(260032K), 0.0131810 secs] [Times: user=0.02 sys=0.00, real=0.02 secs] 
2012-10-23T22:20:48.161+0100: 359524.144: [GC 359524.145: [DefNew: 17628K->2062K(19136K), 0.0165610 secs] 97482K->81916K(260032K), 0.0171820 secs] [Times: user=0.01 sys=0.00, real=0.02 secs] 
2012-10-23T22:20:59.266+0100: 359535.249: [GC 359535.250: [DefNew: 19086K->1077K(19136K), 0.0261780 secs] 98940K->81602K(260032K), 0.0269020 secs] [Times: user=0.03 sys=0.00, real=0.03 secs] 
2012-10-23T22:21:09.656+0100: 359545.639: [GC 359545.640: [DefNew: 18101K->1118K(19136K), 0.0144950 secs] 98626K->81869K(260032K), 0.0150700 secs] [Times: user=0.01 sys=0.00, real=0.02 secs] 
2012-10-23T22:21:20.126+0100: 359556.109: [GC 359556.110: [DefNew: 18142K->1608K(19136K), 0.0151320 secs] 98893K->82563K(260032K), 0.0157530 secs] [Times: user=0.03 sys=0.00, real=0.02 secs] 
2012-10-23T22:21:30.160+0100: 359566.143: [GC 359566.144: [DefNew: 18632K->1833K(19136K), 0.0155880 secs] 99587K->82949K(260032K), 0.0162310 secs] [Times: user=0.01 sys=0.01, real=0.01 secs] 
2012-10-23T22:21:40.178+0100: 359576.161: [GC 359576.161: [DefNew: 18848K->1462K(19136K), 0.0157860 secs] 99963K->82802K(260032K), 0.0164570 secs] [Times: user=0.01 sys=0.00, real=0.01 secs] 
2012-10-23T22:21:54.155+0100: 359590.138: [GC 359590.138: [DefNew: 18486K->1813K(19136K), 0.0168920 secs] 99826K->83379K(260032K), 0.0176210 secs] [Times: user=0.03 sys=0.00, real=0.02 secs] 
2012-10-23T22:22:08.154+0100: 359604.137: [GC 359604.137: [DefNew: 18831K->793K(19136K), 0.0149450 secs] 100397K->82724K(260032K), 0.0155100 secs] [Times: user=0.02 sys=0.00, real=0.02 secs] 
2012-10-23T22:22:18.954+0100: 359614.937: [GC 359614.937: [DefNew: 17817K->1248K(19136K), 0.0132630 secs] 99748K->83179K(260032K), 0.0139150 secs] [Times: user=0.02 sys=0.00, real=0.02 secs] 
2012-10-23T22:22:31.536+0100: 359627.519: [GC 359627.519: [DefNew: 18272K->1453K(19136K), 0.0105880 secs] 100203K->83603K(260032K), 0.0110580 secs] [Times: user=0.01 sys=0.00, real=0.01 secs] 
2012-10-23T22:22:44.153+0100: 359640.136: [GC 359640.136: [DefNew: 18477K->761K(19136K), 0.0138130 secs] 100627K->83371K(260032K), 0.0143080 secs] [Times: user=0.01 sys=0.00, real=0.01 secs] 
2012-10-23T22:22:54.168+0100: 359650.151: [GC 359650.151: [DefNew: 17785K->2105K(19136K), 0.0159650 secs] 100395K->84715K(260032K), 0.0166330 secs] [Times: user=0.01 sys=0.00, real=0.01 secs] 
2012-10-23T22:23:04.357+0100: 359660.340: [GC 359660.341: [DefNew: 19129K->1582K(19136K), 0.0120380 secs] 101739K->84632K(260032K), 0.0126300 secs] [Times: user=0.00 sys=0.01, real=0.02 secs] 
2012-10-23T22:23:16.161+0100: 359672.144: [GC 359672.145: [DefNew: 18604K->1795K(19136K), 0.0151960 secs] 101655K->85071K(260032K), 0.0158000 secs] [Times: user=0.01 sys=0.00, real=0.02 secs] 
2012-10-23T22:23:27.125+0100: 359683.108: [GC 359683.108: [DefNew: 18819K->1328K(19136K), 0.0140590 secs] 102095K->84784K(260032K), 0.0146290 secs] [Times: user=0.02 sys=0.00, real=0.02 secs] 
2012-10-23T22:23:42.149+0100: 359698.132: [GC 359698.133: [DefNew: 18352K->1157K(19136K), 0.0136670 secs] 101808K->84837K(260032K), 0.0142140 secs] [Times: user=0.01 sys=0.00, real=0.01 secs] 
2012-10-23T22:23:57.647+0100: 359713.630: [GC 359713.630: [DefNew: 18181K->1401K(19136K), 0.0125570 secs] 101861K->85217K(260032K), 0.0130410 secs] [Times: user=0.01 sys=0.00, real=0.02 secs] 
2012-10-23T22:24:12.150+0100: 359728.133: [GC 359728.133: [DefNew: 18408K->1168K(19136K), 0.0123240 secs] 102224K->85135K(260032K), 0.0128830 secs] [Times: user=0.01 sys=0.00, real=0.01 secs] 
2012-10-23T22:24:23.292+0100: 359739.275: [GC 359739.275: [DefNew: 18192K->1568K(19136K), 0.0128290 secs] 102159K->85748K(260032K), 0.0132530 secs] [Times: user=0.01 sys=0.00, real=0.01 secs] 
2012-10-23T22:24:34.142+0100: 359750.125: [GC 359750.125: [DefNew: 18574K->1630K(19136K), 0.0136070 secs] 102754K->85987K(260032K), 0.0141810 secs] [Times: user=0.01 sys=0.00, real=0.01 secs] 
2012-10-23T22:24:48.047+0100: 359764.030: [GC 359764.030: [DefNew: 18654K->357K(19136K), 0.0117720 secs] 103011K->84939K(260032K), 0.0122330 secs] [Times: user=0.02 sys=0.00, real=0.02 secs] 
2012-10-23T22:25:00.159+0100: 359776.142: [GC 359776.142: [DefNew: 17381K->1392K(19136K), 0.0127660 secs] 101963K->85974K(260032K), 0.0132550 secs] [Times: user=0.01 sys=0.00, real=0.01 secs] 
2012-10-23T22:25:10.299+0100: 359786.283: [GC 359786.283: [DefNew: 18416K->1782K(19136K), 0.0168970 secs] 102998K->86770K(260032K), 0.0175360 secs] [Times: user=0.02 sys=0.00, real=0.01 secs] 
2012-10-23T22:25:22.091+0100: 359798.075: [GC 359798.075: [DefNew: 18806K->718K(19136K), 0.0127940 secs] 103794K->85930K(260032K), 0.0132970 secs] [Times: user=0.01 sys=0.00, real=0.01 secs] 
2012-10-23T22:25:36.368+0100: 359812.351: [GC 359812.351: [DefNew: 17742K->2042K(19136K), 0.0143780 secs] 102954K->87255K(260032K), 0.0149390 secs] [Times: user=0.01 sys=0.00, real=0.01 secs] 
2012-10-23T22:25:48.146+0100: 359824.129: [GC 359824.130: [DefNew: 19057K->454K(19136K), 0.0130540 secs] 104269K->86007K(260032K), 0.0135780 secs] [Times: user=0.02 sys=0.00, real=0.02 secs] 
2012-10-23T22:25:59.475+0100: 359835.458: [GC 359835.458: [DefNew: 17478K->2057K(19136K), 0.0147500 secs] 103031K->87609K(260032K), 0.0152950 secs] [Times: user=0.02 sys=0.00, real=0.02 secs] 
2012-10-23T22:26:14.122+0100: 359850.105: [GC 359850.105: [DefNew: 19081K->1112K(19136K), 0.0159360 secs] 104633K->87134K(260032K), 0.0166830 secs] [Times: user=0.02 sys=0.00, real=0.02 secs] 
2012-10-23T22:26:24.161+0100: 359860.144: [GC 359860.144: [DefNew: 18136K->1162K(19136K), 0.0148100 secs] 104158K->87422K(260032K), 0.0153380 secs] [Times: user=0.01 sys=0.00, real=0.01 secs] 
2012-10-23T22:26:35.135+0100: 359871.118: [GC 359871.119: [DefNew: 18186K->1297K(19136K), 0.0104230 secs] 104446K->87839K(260032K), 0.0108860 secs] [Times: user=0.02 sys=0.00, real=0.01 secs] 
2012-10-23T22:26:46.157+0100: 359882.140: [GC 359882.140: [DefNew: 18321K->1246K(19136K), 0.0149940 secs] 104863K->88114K(260032K), 0.0156530 secs] [Times: user=0.01 sys=0.00, real=0.02 secs] 
2012-10-23T22:26:58.158+0100: 359894.141: [GC 359894.141: [DefNew: 18270K->830K(19136K), 0.0140830 secs] 105138K->87991K(260032K), 0.0147090 secs] [Times: user=0.02 sys=0.00, real=0.01 secs] 
2012-10-23T22:27:08.150+0100: 359904.133: [GC 359904.134: [DefNew: 17848K->1140K(19136K), 0.0136470 secs] 105010K->88301K(260032K), 0.0142860 secs] [Times: user=0.01 sys=0.00, real=0.01 secs] 
2012-10-23T22:27:21.335+0100: 359917.318: [GC 359917.318: [DefNew: 18164K->1895K(19136K), 0.0152750 secs] 105325K->89280K(260032K), 0.0157990 secs] [Times: user=0.01 sys=0.00, real=0.02 secs] 
2012-10-23T22:27:34.166+0100: 359930.149: [GC 359930.149: [DefNew: 18919K->1471K(19136K), 0.0202910 secs] 106304K->89174K(260032K), 0.0210000 secs] [Times: user=0.01 sys=0.01, real=0.02 secs] 
2012-10-23T22:27:46.163+0100: 359942.146: [GC 359942.146: [DefNew: 18495K->1191K(19136K), 0.0139940 secs] 106198K->89116K(260032K), 0.0145400 secs] [Times: user=0.02 sys=0.00, real=0.02 secs] 
2012-10-23T22:27:59.176+0100: 359955.159: [GC 359955.160: [DefNew: 18215K->1720K(19136K), 0.0153030 secs] 106140K->89870K(260032K), 0.0162160 secs] [Times: user=0.02 sys=0.00, real=0.02 secs] 
2012-10-23T22:28:11.736+0100: 359967.720: [GC 359967.720: [DefNew: 18744K->412K(19136K), 0.0125870 secs] 106894K->88784K(260032K), 0.0130510 secs] [Times: user=0.02 sys=0.00, real=0.02 secs] 
2012-10-23T22:28:22.169+0100: 359978.152: [GC 359978.152: [DefNew: 17435K->1748K(19136K), 0.0143730 secs] 105807K->90120K(260032K), 0.0149280 secs] [Times: user=0.01 sys=0.00, real=0.01 secs] 
2012-10-23T22:28:34.159+0100: 359990.142: [GC 359990.142: [DefNew: 18772K->1016K(19136K), 0.0162410 secs] 107144K->89849K(260032K), 0.0168390 secs] [Times: user=0.02 sys=0.00, real=0.01 secs] 
2012-10-23T22:28:46.160+0100: 360002.143: [GC 360002.143: [DefNew: 18040K->1483K(19136K), 0.0141240 secs] 106873K->90316K(260032K), 0.0146740 secs] [Times: user=0.01 sys=0.00, real=0.01 secs] 
2012-10-23T22:28:58.172+0100: 360014.155: [GC 360014.155: [DefNew: 18487K->1487K(19136K), 0.0172400 secs] 107321K->90840K(260032K), 0.0179920 secs] [Times: user=0.02 sys=0.00, real=0.02 secs] 
2012-10-23T22:29:04.282+0100: 360020.265: [GC 360020.265: [DefNew: 18511K->2112K(19136K), 0.0207780 secs] 107864K->92719K(260032K), 0.0214790 secs] [Times: user=0.03 sys=0.00, real=0.02 secs] 
2012-10-23T22:29:14.739+0100: 360030.722: [GC 360030.722: [DefNew: 19136K->1789K(19136K), 0.0154410 secs] 109743K->92588K(260032K), 0.0160160 secs] [Times: user=0.02 sys=0.00, real=0.01 secs] 
2012-10-23T22:29:26.146+0100: 360042.129: [GC 360042.129: [DefNew: 18813K->1772K(19136K), 0.0161250 secs] 109612K->92770K(260032K), 0.0168040 secs] [Times: user=0.02 sys=0.00, real=0.02 secs] 
2012-10-23T22:29:40.326+0100: 360056.309: [GC 360056.309: [DefNew: 18796K->1740K(19136K), 0.0147200 secs] 109794K->93002K(260032K), 0.0152500 secs] [Times: user=0.01 sys=0.00, real=0.02 secs] 
2012-10-23T22:29:52.223+0100: 360068.206: [GC 360068.206: [DefNew: 18764K->1252K(19136K), 0.0131450 secs] 110026K->92651K(260032K), 0.0136610 secs] [Times: user=0.01 sys=0.00, real=0.01 secs] 
2012-10-23T22:30:03.023+0100: 360079.006: [GC 360079.007: [DefNew: 18276K->1605K(19136K), 0.0144020 secs] 109675K->93185K(260032K), 0.0150060 secs] [Times: user=0.02 sys=0.00, real=0.02 secs] 
2012-10-23T22:30:20.168+0100: 360096.151: [GC 360096.151: [DefNew: 18629K->1640K(19136K), 0.0140700 secs] 110209K->93445K(260032K), 0.0145440 secs] [Times: user=0.02 sys=0.00, real=0.01 secs] 
2012-10-23T22:30:32.145+0100: 360108.128: [GC 360108.129: [DefNew: 18664K->335K(19136K), 0.0109840 secs] 110469K->92276K(260032K), 0.0114560 secs] [Times: user=0.01 sys=0.00, real=0.01 secs] 
2012-10-23T22:30:42.166+0100: 360118.149: [GC 360118.149: [DefNew: 17358K->2074K(19136K), 0.0147550 secs] 109299K->94015K(260032K), 0.0153040 secs] [Times: user=0.02 sys=0.00, real=0.02 secs] 
2012-10-23T22:30:55.323+0100: 360131.306: [GC 360131.306: [DefNew: 19098K->1722K(19136K), 0.0212890 secs] 111039K->94206K(260032K), 0.0218770 secs] [Times: user=0.01 sys=0.00, real=0.02 secs] 
2012-10-23T22:31:08.185+0100: 360144.168: [GC 360144.168: [DefNew: 18746K->1202K(19136K), 0.0137280 secs] 111230K->93922K(260032K), 0.0141570 secs] [Times: user=0.03 sys=0.00, real=0.02 secs] 
2012-10-23T22:31:18.664+0100: 360154.647: [GC 360154.647: [DefNew: 18226K->1027K(19136K), 0.0140670 secs] 110946K->93925K(260032K), 0.0146050 secs] [Times: user=0.02 sys=0.00, real=0.02 secs] 
2012-10-23T22:31:34.167+0100: 360170.150: [GC 360170.150: [DefNew: 18051K->1420K(19136K), 0.0127320 secs] 110949K->94318K(260032K), 0.0132450 secs] [Times: user=0.01 sys=0.00, real=0.02 secs] 
2012-10-23T22:31:46.170+0100: 360182.153: [GC 360182.154: [DefNew: 18444K->1907K(19136K), 0.0159810 secs] 111342K->95133K(260032K), 0.0167080 secs] [Times: user=0.00 sys=0.01, real=0.02 secs] 
2012-10-23T22:32:00.171+0100: 360196.154: [GC 360196.154: [DefNew: 18931K->1174K(19136K), 0.0135400 secs] 112157K->94579K(260032K), 0.0140430 secs] [Times: user=0.02 sys=0.00, real=0.01 secs] 
2012-10-23T22:32:10.169+0100: 360206.152: [GC 360206.153: [DefNew: 18198K->1051K(19136K), 0.0136720 secs] 111603K->94681K(260032K), 0.0142330 secs] [Times: user=0.01 sys=0.00, real=0.01 secs] 
2012-10-23T22:32:25.863+0100: 360221.846: [GC 360221.846: [DefNew: 18075K->1920K(19136K), 0.0139260 secs] 111705K->95550K(260032K), 0.0144350 secs] [Times: user=0.01 sys=0.00, real=0.02 secs] 
2012-10-23T22:32:36.182+0100: 360232.165: [GC 360232.165: [DefNew: 18932K->2112K(19136K), 0.0175100 secs] 112563K->96168K(260032K), 0.0180640 secs] [Times: user=0.02 sys=0.00, real=0.02 secs] 
2012-10-23T22:32:46.839+0100: 360242.822: [GC 360242.823: [DefNew: 19136K->2112K(19136K), 0.0175040 secs] 113192K->96637K(260032K), 0.0180970 secs] [Times: user=0.03 sys=0.00, real=0.02 secs] 
2012-10-23T22:32:59.426+0100: 360255.409: [GC 360255.409: [DefNew: 19136K->1154K(19136K), 0.0144010 secs] 113661K->95908K(260032K), 0.0149510 secs] [Times: user=0.02 sys=0.00, real=0.02 secs] 
2012-10-23T22:33:10.163+0100: 360266.146: [GC 360266.147: [DefNew: 18178K->1704K(19136K), 0.0158560 secs] 112932K->96720K(260032K), 0.0165060 secs] [Times: user=0.01 sys=0.00, real=0.02 secs] 
2012-10-23T22:33:20.151+0100: 360276.134: [GC 360276.135: [DefNew: 18728K->1554K(19136K), 0.0148520 secs] 113744K->96796K(260032K), 0.0154360 secs] [Times: user=0.01 sys=0.00, real=0.01 secs] 
2012-10-23T22:33:30.514+0100: 360286.497: [GC 360286.497: [DefNew: 18578K->1199K(19136K), 0.0224620 secs] 113820K->96621K(260032K), 0.0231170 secs] [Times: user=0.01 sys=0.00, real=0.03 secs] 
2012-10-23T22:33:43.526+0100: 360299.510: [GC 360299.510: [DefNew: 18223K->2111K(19136K), 0.0167620 secs] 113645K->97869K(260032K), 0.0174020 secs] [Times: user=0.00 sys=0.01, real=0.02 secs] 
2012-10-23T22:33:56.133+0100: 360312.116: [GC 360312.116: [DefNew: 19135K->1097K(19136K), 0.0148740 secs] 114893K->97085K(260032K), 0.0155740 secs] [Times: user=0.02 sys=0.00, real=0.02 secs] 
2012-10-23T22:34:08.168+0100: 360324.151: [GC 360324.151: [DefNew: 18113K->826K(19136K), 0.0136270 secs] 114101K->97088K(260032K), 0.0142360 secs] [Times: user=0.01 sys=0.01, real=0.01 secs] 
2012-10-23T22:34:23.424+0100: 360339.407: [GC 360339.407: [DefNew: 17850K->1427K(19136K), 0.0136090 secs] 114112K->97689K(260032K), 0.0142020 secs] [Times: user=0.01 sys=0.00, real=0.02 secs] 
2012-10-23T22:34:32.175+0100: 360348.158: [GC 360348.159: [DefNew: 18451K->1669K(19136K), 0.0165020 secs] 114713K->98330K(260032K), 0.0170810 secs] [Times: user=0.02 sys=0.00, real=0.02 secs] 
2012-10-23T22:34:44.168+0100: 360360.151: [GC 360360.152: [DefNew: 18667K->1383K(19136K), 0.0142370 secs] 115328K->98268K(260032K), 0.0147660 secs] [Times: user=0.01 sys=0.00, real=0.01 secs] 
2012-10-23T22:34:58.173+0100: 360374.156: [GC 360374.156: [DefNew: 18407K->886K(19136K), 0.0123480 secs] 115292K->97952K(260032K), 0.0128390 secs] [Times: user=0.02 sys=0.00, real=0.01 secs] 
2012-10-23T22:35:13.826+0100: 360389.809: [GC 360389.809: [DefNew: 17910K->418K(19136K), 0.0098840 secs] 114976K->97484K(260032K), 0.0102620 secs] [Times: user=0.00 sys=0.00, real=0.01 secs] 
2012-10-23T22:35:24.168+0100: 360400.151: [GC 360400.152: [DefNew: 17442K->1104K(19136K), 0.0130200 secs] 114508K->98170K(260032K), 0.0135510 secs] [Times: user=0.01 sys=0.00, real=0.01 secs] 
2012-10-23T22:35:34.176+0100: 360410.159: [GC 360410.159: [DefNew: 18122K->1202K(19136K), 0.0173480 secs] 115188K->98447K(260032K), 0.0198100 secs] [Times: user=0.02 sys=0.00, real=0.02 secs] 
2012-10-23T22:35:45.350+0100: 360421.333: [GC 360421.334: [DefNew: 18226K->2112K(19136K), 0.0192610 secs] 115471K->100221K(260032K), 0.0200050 secs] [Times: user=0.03 sys=0.00, real=0.02 secs] 
2012-10-23T22:35:58.081+0100: 360434.064: [GC 360434.065: [DefNew: 19136K->399K(19136K), 0.0147600 secs] 117245K->98955K(260032K), 0.0153970 secs] [Times: user=0.02 sys=0.00, real=0.01 secs] 
2012-10-23T22:36:08.175+0100: 360444.158: [GC 360444.159: [DefNew: 17423K->2111K(19136K), 0.0114840 secs] 115979K->100929K(260032K), 0.0120760 secs] [Times: user=0.02 sys=0.00, real=0.02 secs] 
2012-10-23T22:36:20.348+0100: 360456.331: [GC 360456.331: [DefNew: 19135K->882K(19136K), 0.0264070 secs] 117953K->100136K(260032K), 0.0274410 secs] [Times: user=0.01 sys=0.01, real=0.02 secs] 
2012-10-23T22:36:32.168+0100: 360468.152: [GC 360468.152: [DefNew: 17906K->1905K(19136K), 0.0146150 secs] 117160K->101159K(260032K), 0.0152530 secs] [Times: user=0.01 sys=0.00, real=0.01 secs] 
2012-10-23T22:36:44.194+0100: 360480.178: [GC 360480.178: [DefNew: 18929K->1478K(19136K), 0.0163970 secs] 118183K->101179K(260032K), 0.0169440 secs] [Times: user=0.02 sys=0.00, real=0.02 secs] 
2012-10-23T22:36:55.394+0100: 360491.377: [GC 360491.377: [DefNew: 18502K->1052K(19136K), 0.0189080 secs] 118203K->101009K(260032K), 0.0195050 secs] [Times: user=0.02 sys=0.00, real=0.02 secs] 
2012-10-23T22:37:09.206+0100: 360505.189: [GC 360505.189: [DefNew: 18076K->1092K(19136K), 0.0127470 secs] 118033K->101048K(260032K), 0.0132280 secs] [Times: user=0.02 sys=0.00, real=0.02 secs] 
2012-10-23T22:37:20.181+0100: 360516.164: [GC 360516.165: [DefNew: 18116K->1689K(19136K), 0.0145210 secs] 118072K->101829K(260032K), 0.0150530 secs] [Times: user=0.01 sys=0.00, real=0.01 secs] 
2012-10-23T22:37:30.185+0100: 360526.168: [GC 360526.168: [DefNew: 18713K->1822K(19136K), 0.0150580 secs] 118853K->102277K(260032K), 0.0155660 secs] [Times: user=0.02 sys=0.00, real=0.02 secs] 
2012-10-23T22:37:44.171+0100: 360540.154: [GC 360540.154: [DefNew: 18846K->933K(19136K), 0.0133030 secs] 119301K->101568K(260032K), 0.0138320 secs] [Times: user=0.01 sys=0.00, real=0.01 secs] 
2012-10-23T22:37:55.561+0100: 360551.544: [GC 360551.544: [DefNew: 17957K->1982K(19136K), 0.0142920 secs] 118592K->102617K(260032K), 0.0147990 secs] [Times: user=0.02 sys=0.00, real=0.01 secs] 
2012-10-23T22:38:10.184+0100: 360566.167: [GC 360566.168: [DefNew: 19006K->1858K(19136K), 0.0162550 secs] 119641K->102925K(260032K), 0.0168210 secs] [Times: user=0.01 sys=0.00, real=0.02 secs] 
2012-10-23T22:38:22.846+0100: 360578.829: [GC 360578.830: [DefNew: 18882K->471K(19136K), 0.0129070 secs] 119949K->101698K(260032K), 0.0133950 secs] [Times: user=0.02 sys=0.00, real=0.02 secs] 
2012-10-23T22:38:33.326+0100: 360589.309: [GC 360589.310: [DefNew: 17495K->1785K(19136K), 0.0140050 secs] 118722K->103012K(260032K), 0.0149050 secs] [Times: user=0.01 sys=0.00, real=0.02 secs] 
2012-10-23T22:38:44.401+0100: 360600.384: [GC 360600.384: [DefNew: 18809K->1455K(19136K), 0.0164010 secs] 120036K->103175K(260032K), 0.0170160 secs] [Times: user=0.02 sys=0.00, real=0.02 secs] 
2012-10-23T22:38:58.175+0100: 360614.159: [GC 360614.159: [DefNew: 18479K->1385K(19136K), 0.0141230 secs] 120199K->103330K(260032K), 0.0146540 secs] [Times: user=0.01 sys=0.00, real=0.02 secs] 
2012-10-23T22:39:09.034+0100: 360625.017: [GC 360625.017: [DefNew: 18409K->1683K(19136K), 0.0154250 secs] 120354K->103808K(260032K), 0.0160310 secs] [Times: user=0.02 sys=0.00, real=0.02 secs] 
2012-10-23T22:39:19.524+0100: 360635.507: [GC 360635.508: [DefNew: 18707K->1787K(19136K), 0.0156270 secs] 120832K->104144K(260032K), 0.0162100 secs] [Times: user=0.02 sys=0.00, real=0.02 secs] 
2012-10-23T22:39:32.177+0100: 360648.160: [GC 360648.160: [DefNew: 18811K->1578K(19136K), 0.0155650 secs] 121168K->104152K(260032K), 0.0161330 secs] [Times: user=0.03 sys=0.00, real=0.02 secs] 
2012-10-23T22:39:45.389+0100: 360661.372: [GC 360661.372: [DefNew: 18571K->1041K(19136K), 0.0137350 secs] 121145K->103822K(260032K), 0.0145100 secs] [Times: user=0.02 sys=0.00, real=0.01 secs] 
2012-10-23T22:39:55.276+0100: 360671.259: [GC 360671.259: [DefNew: 18065K->1941K(19136K), 0.0158100 secs] 120846K->104722K(260032K), 0.0164020 secs] [Times: user=0.02 sys=0.00, real=0.02 secs] 
2012-10-23T22:40:09.270+0100: 360685.253: [GC 360685.253: [DefNew: 18965K->1623K(19136K), 0.0290090 secs] 121746K->104831K(260032K), 0.0296490 secs] [Times: user=0.01 sys=0.00, real=0.03 secs] 
2012-10-23T22:40:20.176+0100: 360696.159: [GC 360696.159: [DefNew: 18647K->1651K(19136K), 0.0148450 secs] 121855K->105097K(260032K), 0.0153970 secs] [Times: user=0.02 sys=0.00, real=0.02 secs] 
2012-10-23T22:40:32.178+0100: 360708.161: [GC 360708.161: [DefNew: 18675K->2111K(19136K), 0.0175810 secs] 122121K->106121K(260032K), 0.0182880 secs] [Times: user=0.02 sys=0.00, real=0.01 secs] 
2012-10-23T22:40:44.164+0100: 360720.147: [GC 360720.147: [DefNew: 19135K->620K(19136K), 0.0133460 secs] 123145K->104845K(260032K), 0.0138880 secs] [Times: user=0.02 sys=0.00, real=0.02 secs] 
2012-10-23T22:40:55.411+0100: 360731.394: [GC 360731.394: [DefNew: 17644K->1160K(19136K), 0.0136920 secs] 121869K->105385K(260032K), 0.0142250 secs] [Times: user=0.01 sys=0.00, real=0.01 secs] 
2012-10-23T22:41:08.165+0100: 360744.148: [GC 360744.149: [DefNew: 18184K->1258K(19136K), 0.0150460 secs] 122409K->105731K(260032K), 0.0156330 secs] [Times: user=0.02 sys=0.00, real=0.02 secs] 
2012-10-23T22:41:18.180+0100: 360754.163: [GC 360754.163: [DefNew: 18282K->1870K(19136K), 0.0169250 secs] 122755K->106750K(260032K), 0.0175580 secs] [Times: user=0.02 sys=0.00, real=0.02 secs] 
2012-10-23T22:41:30.391+0100: 360766.374: [GC 360766.375: [DefNew: 18894K->1112K(19136K), 0.0233930 secs] 123774K->106219K(260032K), 0.0240200 secs] [Times: user=0.01 sys=0.00, real=0.02 secs] 
2012-10-23T22:41:42.333+0100: 360778.316: [GC 360778.316: [DefNew: 18136K->1793K(19136K), 0.0104660 secs] 123243K->107079K(260032K), 0.0109480 secs] [Times: user=0.01 sys=0.00, real=0.01 secs] 
2012-10-23T22:41:54.182+0100: 360790.165: [GC 360790.166: [DefNew: 18817K->1501K(19136K), 0.0146840 secs] 124103K->106975K(260032K), 0.0153140 secs] [Times: user=0.00 sys=0.01, real=0.02 secs] 
2012-10-23T22:42:10.171+0100: 360806.154: [GC 360806.154: [DefNew: 18525K->1092K(19136K), 0.0095060 secs] 123999K->106786K(260032K), 0.0099490 secs] [Times: user=0.01 sys=0.00, real=0.01 secs] 
2012-10-23T22:42:22.247+0100: 360818.230: [GC 360818.231: [DefNew: 18116K->1508K(19136K), 0.0134770 secs] 123810K->107382K(260032K), 0.0139210 secs] [Times: user=0.00 sys=0.02, real=0.01 secs] 
2012-10-23T22:42:34.171+0100: 360830.154: [GC 360830.154: [DefNew: 18532K->1488K(19136K), 0.0140150 secs] 124406K->107517K(260032K), 0.0146390 secs] [Times: user=0.01 sys=0.00, real=0.01 secs] 
2012-10-23T22:42:44.176+0100: 360840.159: [GC 360840.160: [DefNew: 18512K->1507K(19136K), 0.0146880 secs] 124541K->107793K(260032K), 0.0152470 secs] [Times: user=0.02 sys=0.00, real=0.02 secs] 
2012-10-23T22:42:55.827+0100: 360851.810: [GC 360851.810: [DefNew: 18531K->1075K(19136K), 0.0131450 secs] 124817K->107585K(260032K), 0.0137430 secs] [Times: user=0.01 sys=0.00, real=0.02 secs] 
2012-10-23T22:43:10.165+0100: 360866.148: [GC 360866.148: [DefNew: 18099K->1102K(19136K), 0.0137100 secs] 124609K->107792K(260032K), 0.0142290 secs] [Times: user=0.01 sys=0.00, real=0.02 secs] 
2012-10-23T22:43:20.187+0100: 360876.170: [GC 360876.171: [DefNew: 18126K->1182K(19136K), 0.0151010 secs] 124816K->108099K(260032K), 0.0156520 secs] [Times: user=0.01 sys=0.01, real=0.01 secs] 
2012-10-23T22:43:30.171+0100: 360886.154: [GC 360886.155: [DefNew: 18206K->2111K(19136K), 0.0172770 secs] 125123K->109545K(260032K), 0.0179000 secs] [Times: user=0.02 sys=0.00, real=0.02 secs] 
2012-10-23T22:43:44.256+0100: 360900.239: [GC 360900.239: [DefNew: 19135K->914K(19136K), 0.0131950 secs] 126569K->108520K(260032K), 0.0137580 secs] [Times: user=0.01 sys=0.00, real=0.02 secs] 
2012-10-23T22:43:56.332+0100: 360912.315: [GC 360912.316: [DefNew: 17938K->1253K(19136K), 0.0126740 secs] 125544K->108859K(260032K), 0.0131620 secs] [Times: user=0.01 sys=0.00, real=0.01 secs] 
2012-10-23T22:44:08.177+0100: 360924.160: [GC 360924.161: [DefNew: 18277K->862K(19136K), 0.0145700 secs] 125883K->108827K(260032K), 0.0152100 secs] [Times: user=0.01 sys=0.00, real=0.01 secs] 
2012-10-23T22:44:20.591+0100: 360936.574: [GC 360936.574: [DefNew: 17886K->2112K(19136K), 0.0153380 secs] 125851K->110334K(260032K), 0.0159140 secs] [Times: user=0.01 sys=0.01, real=0.01 secs] 
2012-10-23T22:44:34.184+0100: 360950.167: [GC 360950.167: [DefNew: 19126K->894K(19136K), 0.0144800 secs] 127349K->109503K(260032K), 0.0150180 secs] [Times: user=0.01 sys=0.00, real=0.02 secs] 
2012-10-23T22:44:44.270+0100: 360960.253: [GC 360960.253: [DefNew: 17918K->1190K(19136K), 0.0133810 secs] 126527K->109798K(260032K), 0.0139630 secs] [Times: user=0.01 sys=0.00, real=0.01 secs] 
2012-10-23T22:44:55.527+0100: 360971.510: [GC 360971.510: [DefNew: 18214K->2112K(19136K), 0.0189330 secs] 126822K->111435K(260032K), 0.0195770 secs] [Times: user=0.02 sys=0.00, real=0.02 secs] 
2012-10-23T22:45:08.172+0100: 360984.155: [GC 360984.156: [DefNew: 19136K->729K(19136K), 0.0159290 secs] 128459K->110480K(260032K), 0.0164830 secs] [Times: user=0.02 sys=0.00, real=0.02 secs] 
2012-10-23T22:45:18.677+0100: 360994.660: [GC 360994.661: [DefNew: 17753K->697K(19136K), 0.0129750 secs] 127504K->110448K(260032K), 0.0134830 secs] [Times: user=0.00 sys=0.01, real=0.02 secs] 
2012-10-23T22:45:29.178+0100: 361005.161: [GC 361005.162: [DefNew: 17721K->2051K(19136K), 0.0164270 secs] 127472K->111802K(260032K), 0.0174350 secs] [Times: user=0.01 sys=0.00, real=0.01 secs] 
2012-10-23T22:45:39.656+0100: 361015.639: [GC 361015.640: [DefNew: 19075K->2112K(19136K), 0.0210220 secs] 128826K->112805K(260032K), 0.0216590 secs] [Times: user=0.03 sys=0.00, real=0.03 secs] 
2012-10-23T22:45:54.169+0100: 361030.152: [GC 361030.153: [DefNew: 19136K->725K(19136K), 0.0131810 secs] 129829K->111626K(260032K), 0.0137490 secs] [Times: user=0.01 sys=0.00, real=0.01 secs] 
2012-10-23T22:46:04.180+0100: 361040.163: [GC 361040.164: [DefNew: 17733K->1488K(19136K), 0.0138460 secs] 128634K->112389K(260032K), 0.0143910 secs] [Times: user=0.01 sys=0.01, real=0.01 secs] 
2012-10-23T22:46:18.166+0100: 361054.149: [GC 361054.149: [DefNew: 18486K->597K(19136K), 0.0147310 secs] 129387K->111899K(260032K), 0.0152480 secs] [Times: user=0.01 sys=0.00, real=0.02 secs] 
2012-10-23T22:46:30.027+0100: 361066.010: [GC 361066.011: [DefNew: 17621K->1282K(19136K), 0.0132590 secs] 128923K->112584K(260032K), 0.0137540 secs] [Times: user=0.01 sys=0.01, real=0.01 secs] 
2012-10-23T22:46:40.573+0100: 361076.557: [GC 361076.557: [DefNew: 18306K->2009K(19136K), 0.0169150 secs] 129608K->113580K(260032K), 0.0175170 secs] [Times: user=0.01 sys=0.00, real=0.02 secs] 
2012-10-23T22:46:52.189+0100: 361088.172: [GC 361088.172: [DefNew: 19021K->1924K(19136K), 0.0166530 secs] 130591K->113893K(260032K), 0.0173250 secs] [Times: user=0.02 sys=0.00, real=0.01 secs] 
2012-10-23T22:47:04.168+0100: 361100.151: [GC 361100.152: [DefNew: 18948K->650K(19136K), 0.0130610 secs] 130917K->112815K(260032K), 0.0135840 secs] [Times: user=0.01 sys=0.00, real=0.01 secs] 
2012-10-23T22:47:18.173+0100: 361114.156: [GC 361114.157: [DefNew: 17674K->1185K(19136K), 0.0119870 secs] 129839K->113350K(260032K), 0.0125280 secs] [Times: user=0.01 sys=0.00, real=0.01 secs] 
2012-10-23T22:47:29.440+0100: 361125.423: [GC 361125.423: [DefNew: 18209K->1820K(19136K), 0.0216970 secs] 130374K->114209K(260032K), 0.0223120 secs] [Times: user=0.02 sys=0.00, real=0.02 secs] 
2012-10-23T22:47:40.165+0100: 361136.148: [GC 361136.149: [DefNew: 18844K->1692K(19136K), 0.0161350 secs] 131233K->114439K(260032K), 0.0167070 secs] [Times: user=0.02 sys=0.00, real=0.02 secs] 
2012-10-23T22:47:50.450+0100: 361146.433: [GC 361146.434: [DefNew: 18716K->1101K(19136K), 0.0180110 secs] 131463K->114072K(260032K), 0.0185660 secs] [Times: user=0.02 sys=0.00, real=0.02 secs] 
2012-10-23T22:48:04.471+0100: 361160.455: [GC 361160.455: [DefNew: 18125K->1556K(19136K), 0.0146630 secs] 131096K->114752K(260032K), 0.0151640 secs] [Times: user=0.01 sys=0.01, real=0.01 secs] 
2012-10-23T22:48:19.280+0100: 361175.263: [GC 361175.264: [DefNew: 18580K->1014K(19136K), 0.0171550 secs] 131776K->114346K(260032K), 0.0176540 secs] [Times: user=0.01 sys=0.00, real=0.02 secs] 
2012-10-23T22:48:29.763+0100: 361185.746: [GC 361185.746: [DefNew: 18038K->1360K(19136K), 0.0138130 secs] 131370K->114693K(260032K), 0.0146620 secs] [Times: user=0.01 sys=0.00, real=0.02 secs] 
2012-10-23T22:48:44.354+0100: 361200.337: [GC 361200.337: [DefNew: 18381K->1134K(19136K), 0.0150390 secs] 131713K->114900K(260032K), 0.0155840 secs] [Times: user=0.02 sys=0.00, real=0.02 secs] 
2012-10-23T22:48:56.171+0100: 361212.154: [GC 361212.154: [DefNew: 18158K->1412K(19136K), 0.0139280 secs] 131924K->115379K(260032K), 0.0144330 secs] [Times: user=0.01 sys=0.00, real=0.01 secs] 
2012-10-23T22:49:06.185+0100: 361222.168: [GC 361222.169: [DefNew: 18436K->1696K(19136K), 0.0152930 secs] 132403K->115887K(260032K), 0.0159780 secs] [Times: user=0.02 sys=0.00, real=0.02 secs] 
2012-10-23T22:49:18.174+0100: 361234.157: [GC 361234.158: [DefNew: 18711K->693K(19136K), 0.0261350 secs] 132902K->115108K(260032K), 0.0267510 secs] [Times: user=0.02 sys=0.00, real=0.03 secs] 
2012-10-23T22:49:29.373+0100: 361245.356: [GC 361245.356: [DefNew: 17717K->1909K(19136K), 0.0151680 secs] 132132K->116324K(260032K), 0.0157830 secs] [Times: user=0.01 sys=0.00, real=0.02 secs] 
2012-10-23T22:49:40.186+0100: 361256.169: [GC 361256.169: [DefNew: 18933K->1721K(19136K), 0.0178980 secs] 133348K->116629K(260032K), 0.0186850 secs] [Times: user=0.02 sys=0.00, real=0.02 secs] 
2012-10-23T22:49:51.638+0100: 361267.621: [GC 361267.621: [DefNew: 18745K->1831K(19136K), 0.0165820 secs] 133653K->116964K(260032K), 0.0172500 secs] [Times: user=0.02 sys=0.00, real=0.01 secs] 
2012-10-23T22:50:06.187+0100: 361282.170: [GC 361282.170: [DefNew: 18855K->1073K(19136K), 0.0144200 secs] 133988K->116441K(260032K), 0.0149900 secs] [Times: user=0.03 sys=0.00, real=0.02 secs] 
2012-10-23T22:50:22.199+0100: 361298.182: [GC 361298.182: [DefNew: 18097K->1020K(19136K), 0.0124980 secs] 133465K->116565K(260032K), 0.0129410 secs] [Times: user=0.01 sys=0.00, real=0.01 secs] 
2012-10-23T22:50:32.184+0100: 361308.167: [GC 361308.167: [DefNew: 18044K->2111K(19136K), 0.0154260 secs] 133589K->117898K(260032K), 0.0159840 secs] [Times: user=0.03 sys=0.00, real=0.02 secs] 
2012-10-23T22:50:44.193+0100: 361320.176: [GC 361320.177: [DefNew: 19135K->1608K(19136K), 0.0159050 secs] 134922K->117740K(260032K), 0.0164480 secs] [Times: user=0.02 sys=0.00, real=0.02 secs] 
2012-10-23T22:50:56.757+0100: 361332.740: [GC 361332.740: [DefNew: 18632K->1123K(19136K), 0.0138100 secs] 134764K->117482K(260032K), 0.0143530 secs] [Times: user=0.01 sys=0.00, real=0.02 secs] 
2012-10-23T22:51:07.282+0100: 361343.265: [GC 361343.265: [DefNew: 18147K->1402K(19136K), 0.0148250 secs] 134506K->117967K(260032K), 0.0153500 secs] [Times: user=0.01 sys=0.00, real=0.01 secs] 
2012-10-23T22:51:20.193+0100: 361356.176: [GC 361356.176: [DefNew: 18426K->2110K(19136K), 0.0160940 secs] 134991K->118926K(260032K), 0.0166830 secs] [Times: user=0.02 sys=0.00, real=0.02 secs] 
2012-10-23T22:51:32.447+0100: 361368.430: [GC 361368.430: [DefNew: 19134K->1858K(19136K), 0.0148770 secs] 135950K->118815K(260032K), 0.0154540 secs] [Times: user=0.01 sys=0.00, real=0.02 secs] 
2012-10-23T22:51:42.964+0100: 361378.947: [GC 361378.947: [DefNew: 18882K->1341K(19136K), 0.0145090 secs] 135839K->118495K(260032K), 0.0150240 secs] [Times: user=0.01 sys=0.00, real=0.02 secs] 
2012-10-23T22:51:54.173+0100: 361390.156: [GC 361390.156: [DefNew: 18343K->418K(19136K), 0.0133640 secs] 135497K->117817K(260032K), 0.0138940 secs] [Times: user=0.01 sys=0.00, real=0.01 secs] 
2012-10-23T22:52:04.369+0100: 361400.352: [GC 361400.352: [DefNew: 17442K->1215K(19136K), 0.0129510 secs] 134841K->118614K(260032K), 0.0137600 secs] [Times: user=0.01 sys=0.00, real=0.01 secs] 
2012-10-23T22:52:18.677+0100: 361414.660: [GC 361414.660: [DefNew: 18239K->1756K(19136K), 0.0157450 secs] 135638K->119400K(260032K), 0.0162920 secs] [Times: user=0.02 sys=0.00, real=0.02 secs] 
2012-10-23T22:52:30.198+0100: 361426.181: [GC 361426.181: [DefNew: 18772K->2111K(19136K), 0.0173560 secs] 136416K->120230K(260032K), 0.0179340 secs] [Times: user=0.02 sys=0.00, real=0.01 secs] 
2012-10-23T22:52:44.189+0100: 361440.172: [GC 361440.173: [DefNew: 19135K->1513K(19136K), 0.0145330 secs] 137254K->119818K(260032K), 0.0150710 secs] [Times: user=0.01 sys=0.00, real=0.01 secs] 
2012-10-23T22:52:56.437+0100: 361452.420: [GC 361452.420: [DefNew: 18537K->1043K(19136K), 0.0131920 secs] 136842K->119574K(260032K), 0.0137320 secs] [Times: user=0.01 sys=0.00, real=0.02 secs] 
2012-10-23T22:53:06.969+0100: 361462.953: [GC 361462.953: [DefNew: 18067K->2065K(19136K), 0.0149710 secs] 136598K->120596K(260032K), 0.0155290 secs] [Times: user=0.02 sys=0.00, real=0.01 secs] 
2012-10-23T22:53:19.542+0100: 361475.526: [GC 361475.526: [DefNew: 19089K->1059K(19136K), 0.0155470 secs] 137620K->120027K(260032K), 0.0160970 secs] [Times: user=0.02 sys=0.00, real=0.02 secs] 
2012-10-23T22:53:32.152+0100: 361488.135: [GC 361488.135: [DefNew: 18083K->336K(19136K), 0.0120150 secs] 137051K->119518K(260032K), 0.0124690 secs] [Times: user=0.01 sys=0.00, real=0.01 secs] 
2012-10-23T22:53:42.626+0100: 361498.609: [GC 361498.610: [DefNew: 17360K->2098K(19136K), 0.0144000 secs] 136542K->121280K(260032K), 0.0149310 secs] [Times: user=0.03 sys=0.00, real=0.02 secs] 
2012-10-23T22:53:54.192+0100: 361510.175: [GC 361510.176: [DefNew: 19122K->1162K(19136K), 0.0261950 secs] 138304K->120737K(260032K), 0.0267850 secs] [Times: user=0.01 sys=0.00, real=0.03 secs] 
2012-10-23T22:54:04.189+0100: 361520.172: [GC 361520.172: [DefNew: 18180K->1416K(19136K), 0.0155330 secs] 137755K->121217K(260032K), 0.0161160 secs] [Times: user=0.02 sys=0.00, real=0.01 secs] 
2012-10-23T22:54:16.248+0100: 361532.231: [GC 361532.232: [DefNew: 18440K->1154K(19136K), 0.0147180 secs] 138241K->121181K(260032K), 0.0152670 secs] [Times: user=0.01 sys=0.00, real=0.01 secs] 
2012-10-23T22:54:29.422+0100: 361545.405: [GC 361545.405: [DefNew: 18178K->797K(19136K), 0.0182310 secs] 138205K->121068K(260032K), 0.0188400 secs] [Times: user=0.02 sys=0.00, real=0.02 secs] 
2012-10-23T22:54:40.448+0100: 361556.431: [GC 361556.432: [DefNew: 17821K->1357K(19136K), 0.0140520 secs] 138092K->121627K(260032K), 0.0147360 secs] [Times: user=0.02 sys=0.00, real=0.01 secs] 
2012-10-23T22:54:54.191+0100: 361570.174: [GC 361570.174: [DefNew: 18377K->1473K(19136K), 0.0160120 secs] 138647K->122176K(260032K), 0.0165860 secs] [Times: user=0.03 sys=0.00, real=0.02 secs] 
2012-10-23T22:55:06.655+0100: 361582.638: [GC 361582.639: [DefNew: 18497K->1811K(19136K), 0.0154670 secs] 139200K->122694K(260032K), 0.0162090 secs] [Times: user=0.02 sys=0.00, real=0.02 secs] 
2012-10-23T22:55:17.169+0100: 361593.152: [GC 361593.152: [DefNew: 18835K->1287K(19136K), 0.0148410 secs] 139718K->122371K(260032K), 0.0154260 secs] [Times: user=0.01 sys=0.00, real=0.01 secs] 
