Java HotSpot(TM) 64-Bit Server VM (25.0-b70) for linux-amd64 JRE (1.8.0-b132), built on Mar  4 2014 03:07:25 by "java_re" with gcc 4.3.0 20080428 (Red Hat 4.3.0-8)
Memory: 4k page, physical 7629456k(54252k free), swap 0k(0k free)
CommandLine flags: -XX:+CMSClassUnloadingEnabled -XX:+DisableExplicitGC -XX:InitialHeapSize=5905580032 -XX:MaxHeapSize=5905580032 -XX:+PrintGC -XX:+PrintGCApplicationStoppedTime -XX:+PrintGCDateStamps -XX:+PrintGCDetails -XX:+PrintGCTimeStamps -XX:+PrintPromotionFailure -XX:+PrintTenuringDistribution -XX:+UseCompressedClassPointers -XX:+UseCompressedOops -XX:+UseG1GC 
2014-06-25T00:10:58.039+0000: 0.488: Total time for which application threads were stopped: 0.0001250 seconds
2014-06-25T00:10:58.058+0000: 0.507: Total time for which application threads were stopped: 0.0000719 seconds
2014-06-25T00:10:58.434+0000: 0.883: Total time for which application threads were stopped: 0.0001387 seconds
2014-06-25T00:10:58.436+0000: 0.885: Total time for which application threads were stopped: 0.0000687 seconds
2014-06-25T00:10:58.438+0000: 0.887: Total time for which application threads were stopped: 0.0000839 seconds
2014-06-25T00:10:58.561+0000: 1.010: Total time for which application threads were stopped: 0.0001232 seconds
2014-06-25T00:10:58.583+0000: 1.032: Total time for which application threads were stopped: 0.0000859 seconds
2014-06-25T00:10:58.635+0000: 1.085: Total time for which application threads were stopped: 0.0001062 seconds
2014-06-25T00:10:58.901+0000: 1.350: Total time for which application threads were stopped: 0.0001654 seconds
2014-06-25T00:10:59.126+0000: 1.575: Total time for which application threads were stopped: 0.0001557 seconds
2014-06-25T00:10:59.152+0000: 1.601: Total time for which application threads were stopped: 0.0001656 seconds
2014-06-25T00:10:59.872+0000: 2.321: Total time for which application threads were stopped: 0.0003392 seconds
2014-06-25T00:10:59.947+0000: 2.396: Total time for which application threads were stopped: 0.0002835 seconds
2014-06-25T00:11:00.113+0000: 2.562: Total time for which application threads were stopped: 0.0002109 seconds
2014-06-25T00:11:00.722+0000: 3.172: Total time for which application threads were stopped: 0.0002863 seconds
2014-06-25T00:11:00.769+0000: 3.218: Total time for which application threads were stopped: 0.0002941 seconds
2014-06-25T00:11:00.943+0000: 3.392: [Full GC (Metadata GC Threshold)  165M->72M(5632M), 0.2983033 secs]
   [Eden: 110.0M(280.0M)->0.0B(280.0M) Survivors: 0.0B->0.0B Heap: 165.7M(5632.0M)->72.1M(5632.0M)], [Metaspace: 21030K->21029K(1067008K)]
 [Times: user=0.20 sys=0.10, real=0.30 secs] 
2014-06-25T00:11:01.241+0000: 3.690: Total time for which application threads were stopped: 0.2986705 seconds
2014-06-25T00:11:01.768+0000: 4.217: Total time for which application threads were stopped: 0.0004143 seconds
2014-06-25T00:11:02.385+0000: 4.834: Total time for which application threads were stopped: 0.0001795 seconds
2014-06-25T00:11:02.385+0000: 4.834: Total time for which application threads were stopped: 0.0001579 seconds
2014-06-25T00:11:02.385+0000: 4.834: Total time for which application threads were stopped: 0.0001530 seconds
2014-06-25T00:11:02.385+0000: 4.834: Total time for which application threads were stopped: 0.0000918 seconds
2014-06-25T00:11:02.385+0000: 4.835: Total time for which application threads were stopped: 0.0001027 seconds
2014-06-25T00:11:02.386+0000: 4.835: Total time for which application threads were stopped: 0.0001155 seconds
2014-06-25T00:11:02.386+0000: 4.835: Total time for which application threads were stopped: 0.0001003 seconds
2014-06-25T00:11:02.386+0000: 4.835: Total time for which application threads were stopped: 0.0001023 seconds
2014-06-25T00:11:02.387+0000: 4.836: Total time for which application threads were stopped: 0.0001130 seconds
2014-06-25T00:11:02.387+0000: 4.836: Total time for which application threads were stopped: 0.0000795 seconds
2014-06-25T00:11:02.388+0000: 4.837: Total time for which application threads were stopped: 0.0001479 seconds
2014-06-25T00:11:03.388+0000: 5.837: Total time for which application threads were stopped: 0.0001266 seconds
2014-06-25T00:11:03.392+0000: 5.842: Total time for which application threads were stopped: 0.0023800 seconds
2014-06-25T00:11:03.393+0000: 5.842: Total time for which application threads were stopped: 0.0001240 seconds
2014-06-25T00:11:03.393+0000: 5.842: Total time for which application threads were stopped: 0.0000815 seconds
2014-06-25T00:11:03.393+0000: 5.842: Total time for which application threads were stopped: 0.0000796 seconds
2014-06-25T00:11:03.393+0000: 5.842: Total time for which application threads were stopped: 0.0000780 seconds
2014-06-25T00:11:03.394+0000: 5.843: Total time for which application threads were stopped: 0.0001167 seconds
2014-06-25T00:11:03.394+0000: 5.843: Total time for which application threads were stopped: 0.0000801 seconds
2014-06-25T00:11:03.394+0000: 5.843: Total time for which application threads were stopped: 0.0001157 seconds
2014-06-25T00:11:03.394+0000: 5.843: Total time for which application threads were stopped: 0.0001150 seconds
2014-06-25T00:11:03.394+0000: 5.844: Total time for which application threads were stopped: 0.0000793 seconds
2014-06-25T00:11:03.396+0000: 5.845: Total time for which application threads were stopped: 0.0006651 seconds
2014-06-25T00:11:04.396+0000: 6.845: Total time for which application threads were stopped: 0.0002461 seconds
2014-06-25T00:11:04.396+0000: 6.845: Total time for which application threads were stopped: 0.0001302 seconds
2014-06-25T00:11:04.396+0000: 6.845: Total time for which application threads were stopped: 0.0000797 seconds
2014-06-25T00:11:04.396+0000: 6.846: Total time for which application threads were stopped: 0.0002220 seconds
2014-06-25T00:11:04.397+0000: 6.846: Total time for which application threads were stopped: 0.0001360 seconds
2014-06-25T00:11:04.397+0000: 6.846: Total time for which application threads were stopped: 0.0001421 seconds
2014-06-25T00:11:05.398+0000: 7.847: Total time for which application threads were stopped: 0.0001815 seconds
2014-06-25T00:11:05.399+0000: 7.848: Total time for which application threads were stopped: 0.0001095 seconds
2014-06-25T00:11:05.399+0000: 7.848: Total time for which application threads were stopped: 0.0001048 seconds
2014-06-25T00:11:05.401+0000: 7.850: Total time for which application threads were stopped: 0.0001286 seconds
2014-06-25T00:11:05.401+0000: 7.850: Total time for which application threads were stopped: 0.0001002 seconds
2014-06-25T00:11:05.401+0000: 7.850: Total time for which application threads were stopped: 0.0001293 seconds
2014-06-25T00:11:05.402+0000: 7.851: Total time for which application threads were stopped: 0.0001426 seconds
2014-06-25T00:11:05.402+0000: 7.851: Total time for which application threads were stopped: 0.0000805 seconds
2014-06-25T00:11:05.402+0000: 7.851: Total time for which application threads were stopped: 0.0001152 seconds
2014-06-25T00:11:05.402+0000: 7.851: Total time for which application threads were stopped: 0.0000799 seconds
2014-06-25T00:11:05.402+0000: 7.852: Total time for which application threads were stopped: 0.0000819 seconds
2014-06-25T00:11:06.402+0000: 8.851: Total time for which application threads were stopped: 0.0001932 seconds
2014-06-25T00:11:06.403+0000: 8.852: Total time for which application threads were stopped: 0.0001131 seconds
2014-06-25T00:11:06.403+0000: 8.853: Total time for which application threads were stopped: 0.0001753 seconds
2014-06-25T00:11:06.404+0000: 8.853: Total time for which application threads were stopped: 0.0001982 seconds
2014-06-25T00:11:06.404+0000: 8.853: Total time for which application threads were stopped: 0.0001020 seconds
2014-06-25T00:11:06.405+0000: 8.854: Total time for which application threads were stopped: 0.0001075 seconds
2014-06-25T00:11:06.405+0000: 8.854: Total time for which application threads were stopped: 0.0001026 seconds
2014-06-25T00:11:06.405+0000: 8.854: Total time for which application threads were stopped: 0.0000981 seconds
2014-06-25T00:11:06.405+0000: 8.855: Total time for which application threads were stopped: 0.0000978 seconds
2014-06-25T00:11:06.406+0000: 8.855: Total time for which application threads were stopped: 0.0001028 seconds
2014-06-25T00:11:07.403+0000: 9.852: Total time for which application threads were stopped: 0.0001522 seconds
2014-06-25T00:11:07.404+0000: 9.853: Total time for which application threads were stopped: 0.0001372 seconds
2014-06-25T00:11:07.405+0000: 9.854: Total time for which application threads were stopped: 0.0001433 seconds
2014-06-25T00:11:07.405+0000: 9.854: Total time for which application threads were stopped: 0.0002852 seconds
2014-06-25T00:11:07.405+0000: 9.854: Total time for which application threads were stopped: 0.0001194 seconds
2014-06-25T00:11:07.406+0000: 9.855: Total time for which application threads were stopped: 0.0000768 seconds
2014-06-25T00:11:08.406+0000: 10.855: Total time for which application threads were stopped: 0.0007280 seconds
2014-06-25T00:11:08.408+0000: 10.857: Total time for which application threads were stopped: 0.0001054 seconds
2014-06-25T00:11:08.408+0000: 10.857: Total time for which application threads were stopped: 0.0001422 seconds
2014-06-25T00:11:09.408+0000: 11.857: Total time for which application threads were stopped: 0.0002042 seconds
2014-06-25T00:11:09.408+0000: 11.858: Total time for which application threads were stopped: 0.0001098 seconds
2014-06-25T00:11:09.410+0000: 11.859: Total time for which application threads were stopped: 0.0001443 seconds
2014-06-25T00:11:10.410+0000: 12.859: Total time for which application threads were stopped: 0.0002036 seconds
2014-06-25T00:11:10.411+0000: 12.860: Total time for which application threads were stopped: 0.0001382 seconds
2014-06-25T00:11:10.412+0000: 12.861: Total time for which application threads were stopped: 0.0001386 seconds
2014-06-25T00:11:11.412+0000: 13.862: Total time for which application threads were stopped: 0.0001745 seconds
2014-06-25T00:11:11.413+0000: 13.863: Total time for which application threads were stopped: 0.0007084 seconds
2014-06-25T00:11:11.414+0000: 13.863: Total time for which application threads were stopped: 0.0002827 seconds
2014-06-25T00:11:12.416+0000: 14.865: Total time for which application threads were stopped: 0.0001784 seconds
2014-06-25T00:11:12.417+0000: 14.866: Total time for which application threads were stopped: 0.0001054 seconds
2014-06-25T00:11:13.417+0000: 15.867: Total time for which application threads were stopped: 0.0002124 seconds
2014-06-25T00:11:13.418+0000: 15.867: Total time for which application threads were stopped: 0.0001645 seconds
2014-06-25T00:11:13.419+0000: 15.868: Total time for which application threads were stopped: 0.0001240 seconds
2014-06-25T00:11:14.420+0000: 16.869: Total time for which application threads were stopped: 0.0001921 seconds
2014-06-25T00:11:14.420+0000: 16.870: Total time for which application threads were stopped: 0.0000920 seconds
2014-06-25T00:11:15.421+0000: 17.870: Total time for which application threads were stopped: 0.0001872 seconds
2014-06-25T00:11:15.422+0000: 17.871: Total time for which application threads were stopped: 0.0003435 seconds
2014-06-25T00:11:15.424+0000: 17.873: Total time for which application threads were stopped: 0.0000838 seconds
2014-06-25T00:11:15.425+0000: 17.874: Total time for which application threads were stopped: 0.0000802 seconds
2014-06-25T00:11:16.424+0000: 18.874: Total time for which application threads were stopped: 0.0001934 seconds
2014-06-25T00:11:16.427+0000: 18.876: Total time for which application threads were stopped: 0.0001333 seconds
2014-06-25T00:11:17.427+0000: 19.876: Total time for which application threads were stopped: 0.0001924 seconds
2014-06-25T00:11:17.427+0000: 19.876: Total time for which application threads were stopped: 0.0000977 seconds
2014-06-25T00:11:18.427+0000: 20.876: Total time for which application threads were stopped: 0.0001408 seconds
2014-06-25T00:11:18.522+0000: 20.971: Total time for which application threads were stopped: 0.0003026 seconds
2014-06-25T00:11:18.529+0000: 20.978: Total time for which application threads were stopped: 0.0002189 seconds
2014-06-25T00:11:18.536+0000: 20.985: Total time for which application threads were stopped: 0.0003560 seconds
2014-06-25T00:11:18.552+0000: 21.001: Total time for which application threads were stopped: 0.0007929 seconds
2014-06-25T00:11:18.723+0000: 21.172: Total time for which application threads were stopped: 0.0002059 seconds
2014-06-25T00:11:18.723+0000: 21.173: Total time for which application threads were stopped: 0.0001506 seconds
2014-06-25T00:11:18.724+0000: 21.173: Total time for which application threads were stopped: 0.0001678 seconds
2014-06-25T00:11:18.732+0000: 21.182: Total time for which application threads were stopped: 0.0002088 seconds
2014-06-25T00:11:18.785+0000: 21.234: Total time for which application threads were stopped: 0.0002033 seconds
2014-06-25T00:11:18.786+0000: 21.235: Total time for which application threads were stopped: 0.0001228 seconds
2014-06-25T00:11:18.833+0000: 21.282: Total time for which application threads were stopped: 0.0001440 seconds
2014-06-25T00:11:18.833+0000: 21.282: Total time for which application threads were stopped: 0.0001132 seconds
2014-06-25T00:11:18.916+0000: 21.365: Total time for which application threads were stopped: 0.0001844 seconds
2014-06-25T00:11:18.916+0000: 21.365: Total time for which application threads were stopped: 0.0001115 seconds
2014-06-25T00:11:19.146+0000: 21.595: Total time for which application threads were stopped: 0.0003626 seconds
2014-06-25T00:11:19.146+0000: 21.595: Total time for which application threads were stopped: 0.0002800 seconds
2014-06-25T00:11:19.219+0000: 21.668: Total time for which application threads were stopped: 0.0002816 seconds
2014-06-25T00:11:19.219+0000: 21.668: Total time for which application threads were stopped: 0.0002058 seconds
2014-06-25T00:11:19.271+0000: 21.720: Total time for which application threads were stopped: 0.0002909 seconds
2014-06-25T00:11:19.272+0000: 21.721: Total time for which application threads were stopped: 0.0002137 seconds
2014-06-25T00:11:19.283+0000: 21.732: Total time for which application threads were stopped: 0.0002185 seconds
2014-06-25T00:11:19.334+0000: 21.783: Total time for which application threads were stopped: 0.0003715 seconds
2014-06-25T00:11:19.335+0000: 21.785: Total time for which application threads were stopped: 0.0010542 seconds
2014-06-25T00:11:19.390+0000: 21.839: Total time for which application threads were stopped: 0.0002887 seconds
2014-06-25T00:11:19.391+0000: 21.840: Total time for which application threads were stopped: 0.0007360 seconds
2014-06-25T00:11:19.518+0000: 21.967: Total time for which application threads were stopped: 0.0006796 seconds
2014-06-25T00:11:19.710+0000: 22.159: Total time for which application threads were stopped: 0.0005979 seconds
2014-06-25T00:11:19.750+0000: 22.199: Total time for which application threads were stopped: 0.0029026 seconds
2014-06-25T00:11:19.752+0000: 22.201: Total time for which application threads were stopped: 0.0003087 seconds
2014-06-25T00:11:19.863+0000: 22.313: Total time for which application threads were stopped: 0.0005434 seconds
2014-06-25T00:11:19.872+0000: 22.321: Total time for which application threads were stopped: 0.0002516 seconds
2014-06-25T00:11:19.936+0000: 22.385: Total time for which application threads were stopped: 0.0004010 seconds
2014-06-25T00:11:19.950+0000: 22.399: Total time for which application threads were stopped: 0.0002464 seconds
2014-06-25T00:11:19.959+0000: 22.408: Total time for which application threads were stopped: 0.0002466 seconds
2014-06-25T00:11:19.978+0000: 22.427: Total time for which application threads were stopped: 0.0002764 seconds
2014-06-25T00:11:20.002+0000: 22.451: Total time for which application threads were stopped: 0.0002694 seconds
2014-06-25T00:11:20.228+0000: 22.677: Total time for which application threads were stopped: 0.0004976 seconds
2014-06-25T00:11:20.856+0000: 23.305: Total time for which application threads were stopped: 0.0005255 seconds
2014-06-25T00:11:20.941+0000: 23.390: Total time for which application threads were stopped: 0.0005104 seconds
2014-06-25T00:11:21.114+0000: 23.563: Total time for which application threads were stopped: 0.0005342 seconds
2014-06-25T00:11:21.428+0000: 23.877: Total time for which application threads were stopped: 0.0008878 seconds
2014-06-25T00:11:21.502+0000: 23.951: Total time for which application threads were stopped: 0.0002900 seconds
2014-06-25T00:11:21.510+0000: 23.959: Total time for which application threads were stopped: 0.0046565 seconds
2014-06-25T00:11:21.520+0000: 23.969: Total time for which application threads were stopped: 0.0002302 seconds
2014-06-25T00:11:21.528+0000: 23.977: Total time for which application threads were stopped: 0.0032767 seconds
2014-06-25T00:11:21.529+0000: 23.979: [Full GC (Metadata GC Threshold)  239M->81M(5632M), 0.1993454 secs]
   [Eden: 168.0M(280.0M)->0.0B(280.0M) Survivors: 0.0B->0.0B Heap: 239.4M(5632.0M)->81.6M(5632.0M)], [Metaspace: 34979K->34979K(1079296K)]
 [Times: user=0.28 sys=0.01, real=0.20 secs] 
2014-06-25T00:11:21.729+0000: 24.178: Total time for which application threads were stopped: 0.1997509 seconds
2014-06-25T00:11:21.781+0000: 24.230: Total time for which application threads were stopped: 0.0005583 seconds
2014-06-25T00:11:21.914+0000: 24.363: Total time for which application threads were stopped: 0.0007827 seconds
2014-06-25T00:11:22.914+0000: 25.363: Total time for which application threads were stopped: 0.0002193 seconds
2014-06-25T00:11:23.914+0000: 26.364: Total time for which application threads were stopped: 0.0002332 seconds
2014-06-25T00:11:24.915+0000: 27.364: Total time for which application threads were stopped: 0.0002214 seconds
2014-06-25T00:11:26.915+0000: 29.364: Total time for which application threads were stopped: 0.0002406 seconds
2014-06-25T00:11:27.916+0000: 30.365: Total time for which application threads were stopped: 0.0002056 seconds
2014-06-25T00:11:28.812+0000: 31.261: Total time for which application threads were stopped: 0.0002249 seconds
2014-06-25T00:11:28.812+0000: 31.261: Total time for which application threads were stopped: 0.0002049 seconds
2014-06-25T00:11:29.813+0000: 32.262: Total time for which application threads were stopped: 0.0002173 seconds
2014-06-25T00:11:29.818+0000: 32.268: Total time for which application threads were stopped: 0.0001579 seconds
2014-06-25T00:11:29.819+0000: 32.268: Total time for which application threads were stopped: 0.0001884 seconds
2014-06-25T00:11:30.424+0000: 32.873: Total time for which application threads were stopped: 0.0006009 seconds
2014-06-25T00:11:30.432+0000: 32.881: Total time for which application threads were stopped: 0.0001327 seconds
2014-06-25T00:11:31.400+0000: 33.849: Total time for which application threads were stopped: 0.0004059 seconds
2014-06-25T00:11:31.637+0000: 34.086: Total time for which application threads were stopped: 0.0002390 seconds
2014-06-25T00:11:32.273+0000: 34.722: [GC pause (G1 Evacuation Pause) (young)
Desired survivor size 18874368 bytes, new threshold 15 (max 15)
, 0.0067459 secs]
   [Parallel Time: 3.8 ms, GC Workers: 2]
      [GC Worker Start (ms): Min: 34722.1, Avg: 34722.1, Max: 34722.1, Diff: 0.0]
      [Ext Root Scanning (ms): Min: 1.3, Avg: 1.3, Max: 1.4, Diff: 0.1, Sum: 2.7]
      [Update RS (ms): Min: 0.8, Avg: 0.9, Max: 1.0, Diff: 0.1, Sum: 1.8]
         [Processed Buffers: Min: 13, Avg: 15.0, Max: 17, Diff: 4, Sum: 30]
      [Scan RS (ms): Min: 0.1, Avg: 0.2, Max: 0.3, Diff: 0.1, Sum: 0.4]
      [Code Root Scanning (ms): Min: 0.1, Avg: 0.1, Max: 0.1, Diff: 0.1, Sum: 0.2]
      [Object Copy (ms): Min: 1.2, Avg: 1.2, Max: 1.2, Diff: 0.0, Sum: 2.4]
      [Termination (ms): Min: 0.0, Avg: 0.0, Max: 0.0, Diff: 0.0, Sum: 0.0]
      [GC Worker Other (ms): Min: 0.0, Avg: 0.0, Max: 0.0, Diff: 0.0, Sum: 0.1]
      [GC Worker Total (ms): Min: 3.8, Avg: 3.8, Max: 3.8, Diff: 0.0, Sum: 7.5]
      [GC Worker End (ms): Min: 34725.9, Avg: 34725.9, Max: 34725.9, Diff: 0.0]
   [Code Root Fixup: 0.1 ms]
   [Code Root Migration: 0.1 ms]
   [Clear CT: 0.1 ms]
   [Other: 2.6 ms]
      [Choose CSet: 0.0 ms]
      [Ref Proc: 2.4 ms]
      [Ref Enq: 0.0 ms]
      [Free CSet: 0.1 ms]
   [Eden: 280.0M(280.0M)->0.0B(282.0M) Survivors: 0.0B->2048.0K Heap: 361.6M(5632.0M)->83.3M(5632.0M)]
 [Times: user=0.01 sys=0.00, real=0.01 secs] 
2014-06-25T00:11:32.280+0000: 34.729: Total time for which application threads were stopped: 0.0072039 seconds
2014-06-25T00:11:32.283+0000: 34.732: Total time for which application threads were stopped: 0.0017559 seconds
2014-06-25T00:11:32.286+0000: 34.736: Total time for which application threads were stopped: 0.0002490 seconds
2014-06-25T00:11:32.288+0000: 34.738: Total time for which application threads were stopped: 0.0018763 seconds
2014-06-25T00:11:32.289+0000: 34.738: Total time for which application threads were stopped: 0.0001823 seconds
2014-06-25T00:11:37.290+0000: 39.739: Total time for which application threads were stopped: 0.0002315 seconds
2014-06-25T00:11:37.881+0000: 40.330: Total time for which application threads were stopped: 0.0002142 seconds
2014-06-25T00:11:37.928+0000: 40.377: Total time for which application threads were stopped: 0.0002057 seconds
2014-06-25T00:11:37.928+0000: 40.377: Total time for which application threads were stopped: 0.0001261 seconds
2014-06-25T00:11:37.928+0000: 40.377: Total time for which application threads were stopped: 0.0001236 seconds
2014-06-25T00:11:37.929+0000: 40.378: Total time for which application threads were stopped: 0.0001328 seconds
2014-06-25T00:11:37.948+0000: 40.397: Total time for which application threads were stopped: 0.0005210 seconds
2014-06-25T00:11:38.184+0000: 40.633: Total time for which application threads were stopped: 0.0002560 seconds
2014-06-25T00:11:38.184+0000: 40.633: Total time for which application threads were stopped: 0.0001825 seconds
2014-06-25T00:11:38.184+0000: 40.634: Total time for which application threads were stopped: 0.0001743 seconds
2014-06-25T00:11:38.189+0000: 40.638: Total time for which application threads were stopped: 0.0001903 seconds
2014-06-25T00:11:38.189+0000: 40.638: Total time for which application threads were stopped: 0.0001861 seconds
2014-06-25T00:11:38.189+0000: 40.639: Total time for which application threads were stopped: 0.0001752 seconds
2014-06-25T00:11:38.698+0000: 41.147: Total time for which application threads were stopped: 0.0002343 seconds
2014-06-25T00:11:38.698+0000: 41.147: Total time for which application threads were stopped: 0.0001231 seconds
2014-06-25T00:11:39.241+0000: 41.690: Total time for which application threads were stopped: 0.0003649 seconds
2014-06-25T00:11:39.245+0000: 41.694: Total time for which application threads were stopped: 0.0005754 seconds
2014-06-25T00:11:39.245+0000: 41.694: Total time for which application threads were stopped: 0.0001943 seconds
2014-06-25T00:11:39.246+0000: 41.695: Total time for which application threads were stopped: 0.0001861 seconds
2014-06-25T00:11:39.248+0000: 41.697: Total time for which application threads were stopped: 0.0002212 seconds
2014-06-25T00:11:39.248+0000: 41.697: Total time for which application threads were stopped: 0.0002514 seconds
2014-06-25T00:11:39.248+0000: 41.698: Total time for which application threads were stopped: 0.0001936 seconds
2014-06-25T00:11:39.250+0000: 41.699: Total time for which application threads were stopped: 0.0002662 seconds
2014-06-25T00:11:39.251+0000: 41.700: Total time for which application threads were stopped: 0.0003041 seconds
2014-06-25T00:11:39.254+0000: 41.703: Total time for which application threads were stopped: 0.0003474 seconds
2014-06-25T00:11:39.260+0000: 41.709: Total time for which application threads were stopped: 0.0038558 seconds
2014-06-25T00:11:39.261+0000: 41.710: Total time for which application threads were stopped: 0.0001925 seconds
2014-06-25T00:11:39.263+0000: 41.712: Total time for which application threads were stopped: 0.0001444 seconds
2014-06-25T00:11:39.266+0000: 41.715: Total time for which application threads were stopped: 0.0004334 seconds
2014-06-25T00:11:39.266+0000: 41.715: Total time for which application threads were stopped: 0.0002082 seconds
2014-06-25T00:11:39.280+0000: 41.729: Total time for which application threads were stopped: 0.0002065 seconds
2014-06-25T00:11:39.288+0000: 41.737: Total time for which application threads were stopped: 0.0006743 seconds
2014-06-25T00:11:39.296+0000: 41.745: Total time for which application threads were stopped: 0.0002921 seconds
2014-06-25T00:11:39.321+0000: 41.770: Total time for which application threads were stopped: 0.0049971 seconds
2014-06-25T00:11:39.340+0000: 41.789: Total time for which application threads were stopped: 0.0025604 seconds
2014-06-25T00:11:39.435+0000: 41.884: Total time for which application threads were stopped: 0.0003306 seconds
2014-06-25T00:11:39.435+0000: 41.884: Total time for which application threads were stopped: 0.0002429 seconds
2014-06-25T00:11:39.624+0000: 42.073: Total time for which application threads were stopped: 0.0035226 seconds
2014-06-25T00:11:39.624+0000: 42.073: Total time for which application threads were stopped: 0.0001812 seconds
2014-06-25T00:11:39.630+0000: 42.080: Total time for which application threads were stopped: 0.0019324 seconds
2014-06-25T00:11:39.631+0000: 42.080: Total time for which application threads were stopped: 0.0001839 seconds
2014-06-25T00:11:39.656+0000: 42.105: Total time for which application threads were stopped: 0.0002750 seconds
2014-06-25T00:11:39.674+0000: 42.123: Total time for which application threads were stopped: 0.0002940 seconds
2014-06-25T00:11:39.965+0000: 42.414: Total time for which application threads were stopped: 0.0006719 seconds
2014-06-25T00:11:40.182+0000: 42.631: Total time for which application threads were stopped: 0.0009675 seconds
2014-06-25T00:11:40.195+0000: 42.645: Total time for which application threads were stopped: 0.0005954 seconds
2014-06-25T00:11:40.786+0000: 43.235: Total time for which application threads were stopped: 0.0006979 seconds
2014-06-25T00:11:40.823+0000: 43.272: Total time for which application threads were stopped: 0.0005896 seconds
2014-06-25T00:11:41.823+0000: 44.272: Total time for which application threads were stopped: 0.0002143 seconds
2014-06-25T00:11:43.225+0000: 45.674: Total time for which application threads were stopped: 0.0002963 seconds
2014-06-25T00:11:43.225+0000: 45.674: Total time for which application threads were stopped: 0.0002136 seconds
2014-06-25T00:11:43.234+0000: 45.683: Total time for which application threads were stopped: 0.0001414 seconds
2014-06-25T00:11:43.322+0000: 45.771: Total time for which application threads were stopped: 0.0002405 seconds
2014-06-25T00:11:43.433+0000: 45.882: Total time for which application threads were stopped: 0.0008988 seconds
2014-06-25T00:11:44.265+0000: 46.714: Total time for which application threads were stopped: 0.0009850 seconds
2014-06-25T00:11:44.308+0000: 46.757: Total time for which application threads were stopped: 0.0002557 seconds
2014-06-25T00:11:44.314+0000: 46.763: [GC pause (G1 Evacuation Pause) (young)
Desired survivor size 18874368 bytes, new threshold 15 (max 15)
- age   1:     366376 bytes,     366376 total
, 0.0314581 secs]
   [Parallel Time: 15.3 ms, GC Workers: 2]
      [GC Worker Start (ms): Min: 46762.9, Avg: 46762.9, Max: 46762.9, Diff: 0.0]
      [Ext Root Scanning (ms): Min: 2.7, Avg: 2.7, Max: 2.7, Diff: 0.0, Sum: 5.4]
      [Update RS (ms): Min: 1.9, Avg: 2.3, Max: 2.8, Diff: 0.9, Sum: 4.7]
         [Processed Buffers: Min: 6, Avg: 14.0, Max: 22, Diff: 16, Sum: 28]
      [Scan RS (ms): Min: 0.1, Avg: 1.3, Max: 2.5, Diff: 2.4, Sum: 2.6]
      [Code Root Scanning (ms): Min: 0.0, Avg: 0.2, Max: 0.4, Diff: 0.4, Sum: 0.4]
      [Object Copy (ms): Min: 7.8, Avg: 8.7, Max: 9.6, Diff: 1.8, Sum: 17.4]
      [Termination (ms): Min: 0.0, Avg: 0.0, Max: 0.0, Diff: 0.0, Sum: 0.0]
      [GC Worker Other (ms): Min: 0.0, Avg: 0.0, Max: 0.0, Diff: 0.0, Sum: 0.0]
      [GC Worker Total (ms): Min: 15.3, Avg: 15.3, Max: 15.3, Diff: 0.0, Sum: 30.6]
      [GC Worker End (ms): Min: 46778.2, Avg: 46778.2, Max: 46778.2, Diff: 0.0]
   [Code Root Fixup: 0.2 ms]
   [Code Root Migration: 0.4 ms]
   [Clear CT: 0.1 ms]
   [Other: 15.5 ms]
      [Choose CSet: 0.0 ms]
      [Ref Proc: 15.1 ms]
      [Ref Enq: 0.0 ms]
      [Free CSet: 0.1 ms]
   [Eden: 280.0M(280.0M)->0.0B(264.0M) Survivors: 2048.0K->16.0M Heap: 363.3M(5632.0M)->96.9M(5632.0M)]
 [Times: user=0.02 sys=0.02, real=0.03 secs] 
2014-06-25T00:11:44.345+0000: 46.795: Total time for which application threads were stopped: 0.0319694 seconds
2014-06-25T00:11:44.361+0000: 46.810: Total time for which application threads were stopped: 0.0003691 seconds
2014-06-25T00:11:44.362+0000: 46.812: Total time for which application threads were stopped: 0.0001987 seconds
2014-06-25T00:11:44.363+0000: 46.812: Total time for which application threads were stopped: 0.0001733 seconds
2014-06-25T00:11:44.363+0000: 46.812: Total time for which application threads were stopped: 0.0001897 seconds
2014-06-25T00:11:44.363+0000: 46.812: Total time for which application threads were stopped: 0.0002167 seconds
2014-06-25T00:11:44.363+0000: 46.813: Total time for which application threads were stopped: 0.0001634 seconds
2014-06-25T00:11:44.372+0000: 46.821: Total time for which application threads were stopped: 0.0002640 seconds
2014-06-25T00:11:44.372+0000: 46.821: Total time for which application threads were stopped: 0.0002189 seconds
2014-06-25T00:11:44.372+0000: 46.821: Total time for which application threads were stopped: 0.0001784 seconds
2014-06-25T00:11:44.372+0000: 46.822: Total time for which application threads were stopped: 0.0002257 seconds
2014-06-25T00:11:44.373+0000: 46.822: Total time for which application threads were stopped: 0.0001972 seconds
2014-06-25T00:11:44.373+0000: 46.822: Total time for which application threads were stopped: 0.0001979 seconds
2014-06-25T00:11:44.373+0000: 46.822: Total time for which application threads were stopped: 0.0001386 seconds
2014-06-25T00:11:44.373+0000: 46.823: Total time for which application threads were stopped: 0.0002089 seconds
2014-06-25T00:11:44.374+0000: 46.823: Total time for which application threads were stopped: 0.0001387 seconds
2014-06-25T00:11:44.374+0000: 46.823: Total time for which application threads were stopped: 0.0001677 seconds
2014-06-25T00:11:44.374+0000: 46.823: Total time for which application threads were stopped: 0.0001361 seconds
2014-06-25T00:11:44.374+0000: 46.823: Total time for which application threads were stopped: 0.0001882 seconds
2014-06-25T00:11:44.375+0000: 46.824: Total time for which application threads were stopped: 0.0001878 seconds
2014-06-25T00:11:44.375+0000: 46.824: Total time for which application threads were stopped: 0.0007525 seconds
2014-06-25T00:11:44.384+0000: 46.833: Total time for which application threads were stopped: 0.0005345 seconds
2014-06-25T00:11:44.550+0000: 46.999: Total time for which application threads were stopped: 0.0002270 seconds
2014-06-25T00:11:44.554+0000: 47.003: Total time for which application threads were stopped: 0.0001352 seconds
2014-06-25T00:11:44.554+0000: 47.004: Total time for which application threads were stopped: 0.0001328 seconds
2014-06-25T00:11:44.555+0000: 47.004: Total time for which application threads were stopped: 0.0001325 seconds
2014-06-25T00:11:44.555+0000: 47.004: Total time for which application threads were stopped: 0.0001291 seconds
2014-06-25T00:11:44.556+0000: 47.005: Total time for which application threads were stopped: 0.0001280 seconds
2014-06-25T00:11:44.559+0000: 47.008: Total time for which application threads were stopped: 0.0001554 seconds
2014-06-25T00:11:44.564+0000: 47.013: Total time for which application threads were stopped: 0.0001361 seconds
2014-06-25T00:11:44.564+0000: 47.013: Total time for which application threads were stopped: 0.0001331 seconds
2014-06-25T00:11:44.565+0000: 47.014: Total time for which application threads were stopped: 0.0001328 seconds
2014-06-25T00:11:44.565+0000: 47.014: Total time for which application threads were stopped: 0.0001291 seconds
2014-06-25T00:11:44.566+0000: 47.015: Total time for which application threads were stopped: 0.0001331 seconds
2014-06-25T00:11:44.566+0000: 47.015: Total time for which application threads were stopped: 0.0001330 seconds
2014-06-25T00:11:44.567+0000: 47.016: Total time for which application threads were stopped: 0.0001292 seconds
2014-06-25T00:11:44.568+0000: 47.017: Total time for which application threads were stopped: 0.0002236 seconds
2014-06-25T00:11:44.568+0000: 47.017: Total time for which application threads were stopped: 0.0002178 seconds
2014-06-25T00:11:44.569+0000: 47.018: Total time for which application threads were stopped: 0.0002370 seconds
2014-06-25T00:11:44.569+0000: 47.018: Total time for which application threads were stopped: 0.0002408 seconds
2014-06-25T00:11:44.584+0000: 47.033: Total time for which application threads were stopped: 0.0002049 seconds
2014-06-25T00:11:44.586+0000: 47.035: Total time for which application threads were stopped: 0.0007015 seconds
2014-06-25T00:11:45.586+0000: 48.035: Total time for which application threads were stopped: 0.0002286 seconds
2014-06-25T00:11:47.587+0000: 50.036: Total time for which application threads were stopped: 0.0002307 seconds
2014-06-25T00:11:48.587+0000: 51.036: Total time for which application threads were stopped: 0.0001990 seconds
2014-06-25T00:11:49.587+0000: 52.036: Total time for which application threads were stopped: 0.0001950 seconds
2014-06-25T00:11:50.588+0000: 53.037: Total time for which application threads were stopped: 0.0002313 seconds
2014-06-25T00:11:52.588+0000: 55.037: Total time for which application threads were stopped: 0.0002009 seconds
2014-06-25T00:11:54.589+0000: 57.038: Total time for which application threads were stopped: 0.0002047 seconds
2014-06-25T00:11:55.589+0000: 58.038: Total time for which application threads were stopped: 0.0002356 seconds
2014-06-25T00:11:56.589+0000: 59.038: Total time for which application threads were stopped: 0.0002073 seconds
2014-06-25T00:11:56.599+0000: 59.048: Total time for which application threads were stopped: 0.0001521 seconds
2014-06-25T00:11:56.603+0000: 59.052: Total time for which application threads were stopped: 0.0001378 seconds
2014-06-25T00:11:56.603+0000: 59.053: Total time for which application threads were stopped: 0.0001508 seconds
2014-06-25T00:11:57.604+0000: 60.053: Total time for which application threads were stopped: 0.0002350 seconds
2014-06-25T00:12:04.605+0000: 67.054: Total time for which application threads were stopped: 0.0002710 seconds
2014-06-25T00:12:05.617+0000: 68.066: [GC pause (G1 Evacuation Pause) (young)
Desired survivor size 18874368 bytes, new threshold 15 (max 15)
- age   1:    2746880 bytes,    2746880 total
- age   2:     322696 bytes,    3069576 total
, 0.0115917 secs]
   [Parallel Time: 10.0 ms, GC Workers: 2]
      [GC Worker Start (ms): Min: 68066.0, Avg: 68066.0, Max: 68066.0, Diff: 0.0]
      [Ext Root Scanning (ms): Min: 1.7, Avg: 2.2, Max: 2.6, Diff: 0.9, Sum: 4.3]
      [Update RS (ms): Min: 0.6, Avg: 0.8, Max: 1.1, Diff: 0.5, Sum: 1.6]
         [Processed Buffers: Min: 5, Avg: 13.5, Max: 22, Diff: 17, Sum: 27]
      [Scan RS (ms): Min: 0.9, Avg: 1.0, Max: 1.0, Diff: 0.1, Sum: 2.0]
      [Code Root Scanning (ms): Min: 0.1, Avg: 0.2, Max: 0.3, Diff: 0.2, Sum: 0.4]
      [Object Copy (ms): Min: 5.5, Avg: 5.7, Max: 5.9, Diff: 0.4, Sum: 11.4]
      [Termination (ms): Min: 0.0, Avg: 0.0, Max: 0.0, Diff: 0.0, Sum: 0.0]
      [GC Worker Other (ms): Min: 0.0, Avg: 0.0, Max: 0.0, Diff: 0.0, Sum: 0.1]
      [GC Worker Total (ms): Min: 9.9, Avg: 9.9, Max: 9.9, Diff: 0.0, Sum: 19.8]
      [GC Worker End (ms): Min: 68075.9, Avg: 68075.9, Max: 68075.9, Diff: 0.0]
   [Code Root Fixup: 0.2 ms]
   [Code Root Migration: 0.3 ms]
   [Clear CT: 0.1 ms]
   [Other: 1.0 ms]
      [Choose CSet: 0.0 ms]
      [Ref Proc: 0.7 ms]
      [Ref Enq: 0.0 ms]
      [Free CSet: 0.2 ms]
   [Eden: 264.0M(264.0M)->0.0B(334.0M) Survivors: 16.0M->6144.0K Heap: 360.9M(5632.0M)->87.6M(5632.0M)]
 [Times: user=0.02 sys=0.00, real=0.01 secs] 
2014-06-25T00:12:05.629+0000: 68.078: Total time for which application threads were stopped: 0.0120719 seconds
2014-06-25T00:12:05.632+0000: 68.081: Total time for which application threads were stopped: 0.0002810 seconds
2014-06-25T00:12:05.632+0000: 68.082: Total time for which application threads were stopped: 0.0001431 seconds
2014-06-25T00:12:05.633+0000: 68.082: Total time for which application threads were stopped: 0.0001765 seconds
2014-06-25T00:12:05.633+0000: 68.082: Total time for which application threads were stopped: 0.0001704 seconds
2014-06-25T00:12:05.633+0000: 68.082: Total time for which application threads were stopped: 0.0001725 seconds
2014-06-25T00:12:05.633+0000: 68.083: Total time for which application threads were stopped: 0.0001699 seconds
2014-06-25T00:12:05.634+0000: 68.083: Total time for which application threads were stopped: 0.0001661 seconds
2014-06-25T00:12:05.634+0000: 68.083: Total time for which application threads were stopped: 0.0003390 seconds
2014-06-25T00:12:05.634+0000: 68.083: Total time for which application threads were stopped: 0.0001648 seconds
2014-06-25T00:12:05.634+0000: 68.084: Total time for which application threads were stopped: 0.0001640 seconds
2014-06-25T00:12:05.635+0000: 68.084: Total time for which application threads were stopped: 0.0001933 seconds
2014-06-25T00:12:05.635+0000: 68.084: Total time for which application threads were stopped: 0.0001678 seconds
2014-06-25T00:12:05.635+0000: 68.084: Total time for which application threads were stopped: 0.0002006 seconds
2014-06-25T00:12:05.635+0000: 68.085: Total time for which application threads were stopped: 0.0001640 seconds
2014-06-25T00:12:05.636+0000: 68.085: Total time for which application threads were stopped: 0.0001640 seconds
2014-06-25T00:12:05.636+0000: 68.085: Total time for which application threads were stopped: 0.0001639 seconds
2014-06-25T00:12:05.636+0000: 68.085: Total time for which application threads were stopped: 0.0001640 seconds
2014-06-25T00:12:05.636+0000: 68.086: Total time for which application threads were stopped: 0.0001639 seconds
2014-06-25T00:12:05.637+0000: 68.086: Total time for which application threads were stopped: 0.0001635 seconds
2014-06-25T00:12:05.637+0000: 68.086: Total time for which application threads were stopped: 0.0005316 seconds
2014-06-25T00:12:07.638+0000: 70.087: Total time for which application threads were stopped: 0.0002314 seconds
2014-06-25T00:12:09.638+0000: 72.087: Total time for which application threads were stopped: 0.0002396 seconds
2014-06-25T00:12:10.639+0000: 73.088: Total time for which application threads were stopped: 0.0002239 seconds
2014-06-25T00:12:11.639+0000: 74.088: Total time for which application threads were stopped: 0.0002382 seconds
2014-06-25T00:12:12.639+0000: 75.088: Total time for which application threads were stopped: 0.0002351 seconds
2014-06-25T00:12:13.640+0000: 76.089: Total time for which application threads were stopped: 0.0002777 seconds
2014-06-25T00:12:14.640+0000: 77.089: Total time for which application threads were stopped: 0.0002495 seconds
2014-06-25T00:12:14.986+0000: 77.435: [GC pause (G1 Evacuation Pause) (young)
Desired survivor size 22020096 bytes, new threshold 15 (max 15)
- age   1:     391048 bytes,     391048 total
- age   2:    2513904 bytes,    2904952 total
- age   3:     322488 bytes,    3227440 total
, 0.0154414 secs]
   [Parallel Time: 12.8 ms, GC Workers: 2]
      [GC Worker Start (ms): Min: 77435.2, Avg: 77435.2, Max: 77435.3, Diff: 0.0]
      [Ext Root Scanning (ms): Min: 1.1, Avg: 1.8, Max: 2.4, Diff: 1.2, Sum: 3.5]
      [Update RS (ms): Min: 0.5, Avg: 0.9, Max: 1.4, Diff: 0.9, Sum: 1.9]
         [Processed Buffers: Min: 2, Avg: 15.0, Max: 28, Diff: 26, Sum: 30]
      [Scan RS (ms): Min: 0.8, Avg: 0.8, Max: 0.8, Diff: 0.0, Sum: 1.5]
      [Code Root Scanning (ms): Min: 0.1, Avg: 0.3, Max: 0.4, Diff: 0.3, Sum: 0.5]
      [Object Copy (ms): Min: 8.9, Avg: 8.9, Max: 8.9, Diff: 0.0, Sum: 17.8]
      [Termination (ms): Min: 0.0, Avg: 0.0, Max: 0.0, Diff: 0.0, Sum: 0.0]
      [GC Worker Other (ms): Min: 0.0, Avg: 0.0, Max: 0.0, Diff: 0.0, Sum: 0.1]
      [GC Worker Total (ms): Min: 12.7, Avg: 12.7, Max: 12.7, Diff: 0.0, Sum: 25.4]
      [GC Worker End (ms): Min: 77447.9, Avg: 77447.9, Max: 77447.9, Diff: 0.0]
   [Code Root Fixup: 0.2 ms]
   [Code Root Migration: 0.5 ms]
   [Clear CT: 0.1 ms]
   [Other: 1.9 ms]
      [Choose CSet: 0.0 ms]
      [Ref Proc: 1.6 ms]
      [Ref Enq: 0.0 ms]
      [Free CSet: 0.2 ms]
   [Eden: 328.0M(328.0M)->0.0B(822.0M) Survivors: 6144.0K->6144.0K Heap: 415.6M(5632.0M)->87.6M(5632.0M)]
 [Times: user=0.02 sys=0.01, real=0.01 secs] 
2014-06-25T00:12:15.002+0000: 77.451: Total time for which application threads were stopped: 0.0159054 seconds
2014-06-25T00:12:15.006+0000: 77.456: Total time for which application threads were stopped: 0.0001956 seconds
2014-06-25T00:12:15.007+0000: 77.456: Total time for which application threads were stopped: 0.0001412 seconds
2014-06-25T00:12:15.007+0000: 77.456: Total time for which application threads were stopped: 0.0001385 seconds
2014-06-25T00:12:15.007+0000: 77.456: Total time for which application threads were stopped: 0.0001463 seconds
2014-06-25T00:12:15.007+0000: 77.456: Total time for which application threads were stopped: 0.0001384 seconds
2014-06-25T00:12:15.007+0000: 77.457: Total time for which application threads were stopped: 0.0001387 seconds
2014-06-25T00:12:15.008+0000: 77.457: Total time for which application threads were stopped: 0.0002952 seconds
2014-06-25T00:12:15.009+0000: 77.458: Total time for which application threads were stopped: 0.0005316 seconds
2014-06-25T00:12:15.009+0000: 77.458: Total time for which application threads were stopped: 0.0001464 seconds
2014-06-25T00:12:15.009+0000: 77.458: Total time for which application threads were stopped: 0.0001700 seconds
2014-06-25T00:12:15.010+0000: 77.459: Total time for which application threads were stopped: 0.0001428 seconds
2014-06-25T00:12:16.010+0000: 78.459: Total time for which application threads were stopped: 0.0002141 seconds
2014-06-25T00:12:17.010+0000: 79.459: Total time for which application threads were stopped: 0.0002204 seconds
2014-06-25T00:12:18.011+0000: 80.460: Total time for which application threads were stopped: 0.0002454 seconds
2014-06-25T00:12:19.011+0000: 81.460: Total time for which application threads were stopped: 0.0002045 seconds
2014-06-25T00:12:20.011+0000: 82.461: Total time for which application threads were stopped: 0.0002337 seconds
2014-06-25T00:12:21.012+0000: 83.461: Total time for which application threads were stopped: 0.0002055 seconds
2014-06-25T00:12:22.012+0000: 84.461: Total time for which application threads were stopped: 0.0002300 seconds
2014-06-25T00:12:23.324+0000: 85.773: Total time for which application threads were stopped: 0.0002241 seconds
2014-06-25T00:12:23.841+0000: 86.290: Total time for which application threads were stopped: 0.0001840 seconds
2014-06-25T00:12:24.097+0000: 86.546: Total time for which application threads were stopped: 0.0002384 seconds
2014-06-25T00:12:24.100+0000: 86.549: Total time for which application threads were stopped: 0.0001375 seconds
2014-06-25T00:12:24.303+0000: 86.752: Total time for which application threads were stopped: 0.0002987 seconds
2014-06-25T00:12:24.513+0000: 86.962: Total time for which application threads were stopped: 0.0001816 seconds
2014-06-25T00:12:24.711+0000: 87.160: Total time for which application threads were stopped: 0.0001929 seconds
2014-06-25T00:12:24.780+0000: 87.229: Total time for which application threads were stopped: 0.0077712 seconds
2014-06-25T00:12:24.781+0000: 87.230: Total time for which application threads were stopped: 0.0005910 seconds
2014-06-25T00:12:24.797+0000: 87.246: Total time for which application threads were stopped: 0.0002883 seconds
2014-06-25T00:12:24.797+0000: 87.247: Total time for which application threads were stopped: 0.0002684 seconds
2014-06-25T00:12:24.798+0000: 87.247: Total time for which application threads were stopped: 0.0002603 seconds
2014-06-25T00:12:24.798+0000: 87.247: Total time for which application threads were stopped: 0.0002607 seconds
2014-06-25T00:12:24.799+0000: 87.248: Total time for which application threads were stopped: 0.0002626 seconds
2014-06-25T00:12:24.813+0000: 87.262: Total time for which application threads were stopped: 0.0002150 seconds
2014-06-25T00:12:24.813+0000: 87.262: Total time for which application threads were stopped: 0.0002273 seconds
2014-06-25T00:12:24.813+0000: 87.262: Total time for which application threads were stopped: 0.0001961 seconds
2014-06-25T00:12:24.814+0000: 87.263: Total time for which application threads were stopped: 0.0002084 seconds
2014-06-25T00:12:24.814+0000: 87.263: Total time for which application threads were stopped: 0.0001581 seconds
2014-06-25T00:12:24.819+0000: 87.269: Total time for which application threads were stopped: 0.0003452 seconds
2014-06-25T00:12:24.820+0000: 87.269: Total time for which application threads were stopped: 0.0002178 seconds
2014-06-25T00:12:24.820+0000: 87.269: Total time for which application threads were stopped: 0.0002256 seconds
2014-06-25T00:12:24.820+0000: 87.269: Total time for which application threads were stopped: 0.0002275 seconds
2014-06-25T00:12:24.821+0000: 87.270: Total time for which application threads were stopped: 0.0002193 seconds
2014-06-25T00:12:25.821+0000: 88.270: Total time for which application threads were stopped: 0.0002196 seconds
2014-06-25T00:12:25.848+0000: 88.297: Total time for which application threads were stopped: 0.0001518 seconds
2014-06-25T00:12:26.052+0000: 88.501: Total time for which application threads were stopped: 0.0002688 seconds
2014-06-25T00:12:27.053+0000: 89.502: Total time for which application threads were stopped: 0.0002499 seconds
2014-06-25T00:12:30.903+0000: 93.352: Total time for which application threads were stopped: 0.0002537 seconds
2014-06-25T00:12:31.903+0000: 94.352: Total time for which application threads were stopped: 0.0002440 seconds
2014-06-25T00:12:34.904+0000: 97.353: Total time for which application threads were stopped: 0.0002322 seconds
2014-06-25T00:12:38.905+0000: 101.354: Total time for which application threads were stopped: 0.0002620 seconds
2014-06-25T00:12:42.905+0000: 105.355: Total time for which application threads were stopped: 0.0002358 seconds
2014-06-25T00:12:45.906+0000: 108.355: Total time for which application threads were stopped: 0.0002245 seconds
2014-06-25T00:12:49.907+0000: 112.356: Total time for which application threads were stopped: 0.0002221 seconds
2014-06-25T00:12:50.907+0000: 113.356: Total time for which application threads were stopped: 0.0002172 seconds
2014-06-25T00:12:52.907+0000: 115.357: Total time for which application threads were stopped: 0.0002206 seconds
2014-06-25T00:12:54.908+0000: 117.357: Total time for which application threads were stopped: 0.0002235 seconds
2014-06-25T00:12:58.909+0000: 121.358: Total time for which application threads were stopped: 0.0001919 seconds
2014-06-25T00:13:00.909+0000: 123.358: Total time for which application threads were stopped: 0.0001876 seconds
2014-06-25T00:13:04.910+0000: 127.359: Total time for which application threads were stopped: 0.0002325 seconds
2014-06-25T00:13:06.910+0000: 129.359: Total time for which application threads were stopped: 0.0002321 seconds
2014-06-25T00:13:10.415+0000: 132.865: [GC pause (G1 Evacuation Pause) (young)
Desired survivor size 51380224 bytes, new threshold 15 (max 15)
- age   1:     683448 bytes,     683448 total
- age   2:     252824 bytes,     936272 total
- age   3:    2512896 bytes,    3449168 total
- age   4:     322488 bytes,    3771656 total
, 0.0184976 secs]
   [Parallel Time: 15.0 ms, GC Workers: 2]
      [GC Worker Start (ms): Min: 132864.7, Avg: 132864.7, Max: 132864.7, Diff: 0.0]
      [Ext Root Scanning (ms): Min: 1.0, Avg: 1.7, Max: 2.4, Diff: 1.4, Sum: 3.4]
      [Update RS (ms): Min: 0.4, Avg: 0.9, Max: 1.4, Diff: 1.0, Sum: 1.8]
         [Processed Buffers: Min: 5, Avg: 16.0, Max: 27, Diff: 22, Sum: 32]
      [Scan RS (ms): Min: 1.4, Avg: 1.4, Max: 1.5, Diff: 0.0, Sum: 2.9]
      [Code Root Scanning (ms): Min: 0.2, Avg: 0.4, Max: 0.7, Diff: 0.4, Sum: 0.9]
      [Object Copy (ms): Min: 10.4, Avg: 10.4, Max: 10.5, Diff: 0.0, Sum: 20.9]
      [Termination (ms): Min: 0.0, Avg: 0.0, Max: 0.0, Diff: 0.0, Sum: 0.0]
      [GC Worker Other (ms): Min: 0.0, Avg: 0.0, Max: 0.0, Diff: 0.0, Sum: 0.0]
      [GC Worker Total (ms): Min: 14.9, Avg: 14.9, Max: 15.0, Diff: 0.0, Sum: 29.9]
      [GC Worker End (ms): Min: 132879.6, Avg: 132879.6, Max: 132879.6, Diff: 0.0]
   [Code Root Fixup: 0.3 ms]
   [Code Root Migration: 0.6 ms]
   [Clear CT: 0.2 ms]
   [Other: 2.3 ms]
      [Choose CSet: 0.0 ms]
      [Ref Proc: 1.8 ms]
      [Ref Enq: 0.0 ms]
      [Free CSet: 0.4 ms]
   [Eden: 764.0M(764.0M)->0.0B(1544.0M) Survivors: 6144.0K->8192.0K Heap: 851.6M(5632.0M)->89.6M(5632.0M)]
 [Times: user=0.02 sys=0.01, real=0.02 secs] 
2014-06-25T00:13:10.434+0000: 132.883: Total time for which application threads were stopped: 0.0189802 seconds
2014-06-25T00:13:10.437+0000: 132.886: Total time for which application threads were stopped: 0.0001836 seconds
2014-06-25T00:13:10.437+0000: 132.886: Total time for which application threads were stopped: 0.0001734 seconds
2014-06-25T00:13:10.437+0000: 132.886: Total time for which application threads were stopped: 0.0001584 seconds
2014-06-25T00:13:10.437+0000: 132.886: Total time for which application threads were stopped: 0.0001451 seconds
2014-06-25T00:13:10.438+0000: 132.887: Total time for which application threads were stopped: 0.0007826 seconds
2014-06-25T00:13:10.438+0000: 132.888: Total time for which application threads were stopped: 0.0001667 seconds
2014-06-25T00:13:11.439+0000: 133.888: Total time for which application threads were stopped: 0.0002265 seconds
2014-06-25T00:13:12.439+0000: 134.888: Total time for which application threads were stopped: 0.0002488 seconds
2014-06-25T00:13:14.440+0000: 136.889: Total time for which application threads were stopped: 0.0002082 seconds
2014-06-25T00:13:17.440+0000: 139.889: Total time for which application threads were stopped: 0.0002268 seconds
2014-06-25T00:13:19.441+0000: 141.890: Total time for which application threads were stopped: 0.0002312 seconds
2014-06-25T00:13:19.778+0000: 142.227: Total time for which application threads were stopped: 0.0002252 seconds
2014-06-25T00:13:24.714+0000: 147.163: Total time for which application threads were stopped: 0.0002410 seconds
2014-06-25T00:13:24.821+0000: 147.270: Total time for which application threads were stopped: 0.0001911 seconds
2014-06-25T00:13:26.821+0000: 149.271: Total time for which application threads were stopped: 0.0002042 seconds
2014-06-25T00:13:28.822+0000: 151.271: Total time for which application threads were stopped: 0.0002212 seconds
2014-06-25T00:13:34.823+0000: 157.272: Total time for which application threads were stopped: 0.0002205 seconds
2014-06-25T00:13:36.823+0000: 159.272: Total time for which application threads were stopped: 0.0001958 seconds
2014-06-25T00:13:38.824+0000: 161.273: Total time for which application threads were stopped: 0.0002326 seconds
2014-06-25T00:13:40.824+0000: 163.273: Total time for which application threads were stopped: 0.0002183 seconds
2014-06-25T00:13:42.825+0000: 165.274: Total time for which application threads were stopped: 0.0002158 seconds
2014-06-25T00:13:50.826+0000: 173.275: Total time for which application threads were stopped: 0.0002403 seconds
2014-06-25T00:13:58.827+0000: 181.276: Total time for which application threads were stopped: 0.0002269 seconds
2014-06-25T00:14:07.828+0000: 190.277: Total time for which application threads were stopped: 0.0001947 seconds
2014-06-25T00:14:10.829+0000: 193.278: Total time for which application threads were stopped: 0.0001914 seconds
2014-06-25T00:14:12.231+0000: 194.680: Total time for which application threads were stopped: 0.0003547 seconds
2014-06-25T00:14:12.390+0000: 194.839: Total time for which application threads were stopped: 0.0003656 seconds
2014-06-25T00:14:12.753+0000: 195.202: Total time for which application threads were stopped: 0.0002846 seconds
2014-06-25T00:14:13.073+0000: 195.522: Total time for which application threads were stopped: 0.0002963 seconds
2014-06-25T00:14:14.073+0000: 196.523: Total time for which application threads were stopped: 0.0002811 seconds
2014-06-25T00:14:16.074+0000: 198.523: Total time for which application threads were stopped: 0.0002198 seconds
2014-06-25T00:14:23.075+0000: 205.524: Total time for which application threads were stopped: 0.0002498 seconds
2014-06-25T00:14:32.076+0000: 214.525: Total time for which application threads were stopped: 0.0002102 seconds
2014-06-25T00:14:34.077+0000: 216.526: Total time for which application threads were stopped: 0.0002267 seconds
2014-06-25T00:14:35.077+0000: 217.526: Total time for which application threads were stopped: 0.0002135 seconds
2014-06-25T00:14:40.078+0000: 222.527: Total time for which application threads were stopped: 0.0002233 seconds
2014-06-25T00:14:41.078+0000: 223.527: Total time for which application threads were stopped: 0.0002042 seconds
2014-06-25T00:14:45.079+0000: 227.528: Total time for which application threads were stopped: 0.0002165 seconds
2014-06-25T00:14:46.079+0000: 228.528: Total time for which application threads were stopped: 0.0002354 seconds
2014-06-25T00:14:47.080+0000: 229.529: Total time for which application threads were stopped: 0.0002162 seconds
2014-06-25T00:14:51.080+0000: 233.529: Total time for which application threads were stopped: 0.0001999 seconds
2014-06-25T00:14:52.081+0000: 234.530: Total time for which application threads were stopped: 0.0002218 seconds
2014-06-25T00:14:54.081+0000: 236.530: Total time for which application threads were stopped: 0.0002131 seconds
2014-06-25T00:14:55.081+0000: 237.531: Total time for which application threads were stopped: 0.0002190 seconds
2014-06-25T00:14:57.082+0000: 239.531: Total time for which application threads were stopped: 0.0001988 seconds
2014-06-25T00:14:58.082+0000: 240.531: Total time for which application threads were stopped: 0.0002096 seconds
2014-06-25T00:15:01.083+0000: 243.532: Total time for which application threads were stopped: 0.0002025 seconds
2014-06-25T00:15:02.083+0000: 244.532: Total time for which application threads were stopped: 0.0001913 seconds
2014-06-25T00:15:07.084+0000: 249.533: Total time for which application threads were stopped: 0.0002174 seconds
2014-06-25T00:15:11.085+0000: 253.534: Total time for which application threads were stopped: 0.0002169 seconds
2014-06-25T00:15:14.085+0000: 256.534: Total time for which application threads were stopped: 0.0001928 seconds
2014-06-25T00:15:14.150+0000: 256.600: [GC pause (G1 Evacuation Pause) (young)
Desired survivor size 96468992 bytes, new threshold 15 (max 15)
- age   1:    1276304 bytes,    1276304 total
- age   2:     352344 bytes,    1628648 total
- age   3:     251976 bytes,    1880624 total
- age   4:    2498952 bytes,    4379576 total
- age   5:     317680 bytes,    4697256 total
, 0.0265125 secs]
   [Parallel Time: 20.3 ms, GC Workers: 2]
      [GC Worker Start (ms): Min: 256599.7, Avg: 256599.7, Max: 256599.8, Diff: 0.0]
      [Ext Root Scanning (ms): Min: 1.0, Avg: 1.7, Max: 2.5, Diff: 1.5, Sum: 3.5]
      [Update RS (ms): Min: 1.2, Avg: 1.7, Max: 2.3, Diff: 1.2, Sum: 3.5]
         [Processed Buffers: Min: 12, Avg: 12.5, Max: 13, Diff: 1, Sum: 25]
      [Scan RS (ms): Min: 2.0, Avg: 2.0, Max: 2.0, Diff: 0.0, Sum: 3.9]
      [Code Root Scanning (ms): Min: 0.6, Avg: 0.8, Max: 1.1, Diff: 0.5, Sum: 1.6]
      [Object Copy (ms): Min: 13.8, Avg: 13.9, Max: 14.0, Diff: 0.2, Sum: 27.8]
      [Termination (ms): Min: 0.0, Avg: 0.0, Max: 0.0, Diff: 0.0, Sum: 0.0]
      [GC Worker Other (ms): Min: 0.0, Avg: 0.0, Max: 0.0, Diff: 0.0, Sum: 0.1]
      [GC Worker Total (ms): Min: 20.2, Avg: 20.2, Max: 20.2, Diff: 0.0, Sum: 40.5]
      [GC Worker End (ms): Min: 256620.0, Avg: 256620.0, Max: 256620.0, Diff: 0.0]
   [Code Root Fixup: 0.6 ms]
   [Code Root Migration: 1.9 ms]
   [Clear CT: 0.4 ms]
   [Other: 3.4 ms]
      [Choose CSet: 0.0 ms]
      [Ref Proc: 2.5 ms]
      [Ref Enq: 0.0 ms]
      [Free CSet: 0.7 ms]
   [Eden: 1454.0M(1454.0M)->0.0B(3368.0M) Survivors: 8192.0K->10.0M Heap: 1543.6M(5632.0M)->90.6M(5632.0M)]
 [Times: user=0.04 sys=0.01, real=0.03 secs] 
2014-06-25T00:15:14.177+0000: 256.626: Total time for which application threads were stopped: 0.0268949 seconds
2014-06-25T00:15:22.179+0000: 264.628: Total time for which application threads were stopped: 0.0002353 seconds
2014-06-25T00:15:23.180+0000: 265.629: Total time for which application threads were stopped: 0.0002106 seconds
2014-06-25T00:15:25.180+0000: 267.629: Total time for which application threads were stopped: 0.0002293 seconds
2014-06-25T00:15:34.181+0000: 276.631: Total time for which application threads were stopped: 0.0002357 seconds
2014-06-25T00:15:35.182+0000: 277.631: Total time for which application threads were stopped: 0.0002049 seconds
2014-06-25T00:15:35.791+0000: 278.240: Total time for which application threads were stopped: 0.0043769 seconds
2014-06-25T00:15:35.842+0000: 278.291: Total time for which application threads were stopped: 0.0003566 seconds
2014-06-25T00:15:35.918+0000: 278.368: Total time for which application threads were stopped: 0.0009905 seconds
2014-06-25T00:15:35.996+0000: 278.445: Total time for which application threads were stopped: 0.0003431 seconds
2014-06-25T00:15:36.003+0000: 278.452: Total time for which application threads were stopped: 0.0002324 seconds
2014-06-25T00:15:36.031+0000: 278.480: Total time for which application threads were stopped: 0.0002453 seconds
2014-06-25T00:15:36.081+0000: 278.530: Total time for which application threads were stopped: 0.0003350 seconds
2014-06-25T00:15:36.082+0000: 278.531: Total time for which application threads were stopped: 0.0002114 seconds
2014-06-25T00:15:36.084+0000: 278.533: Total time for which application threads were stopped: 0.0002610 seconds
2014-06-25T00:15:36.100+0000: 278.549: Total time for which application threads were stopped: 0.0012203 seconds
2014-06-25T00:15:36.104+0000: 278.553: Total time for which application threads were stopped: 0.0009328 seconds
2014-06-25T00:15:36.115+0000: 278.565: Total time for which application threads were stopped: 0.0032739 seconds
2014-06-25T00:15:36.124+0000: 278.573: Total time for which application threads were stopped: 0.0002336 seconds
2014-06-25T00:15:36.129+0000: 278.578: Total time for which application threads were stopped: 0.0002079 seconds
2014-06-25T00:15:36.136+0000: 278.585: Total time for which application threads were stopped: 0.0016475 seconds
2014-06-25T00:15:36.137+0000: 278.586: Total time for which application threads were stopped: 0.0001468 seconds
2014-06-25T00:15:36.138+0000: 278.587: Total time for which application threads were stopped: 0.0002441 seconds
2014-06-25T00:15:36.138+0000: 278.587: Total time for which application threads were stopped: 0.0001859 seconds
2014-06-25T00:15:36.188+0000: 278.637: Total time for which application threads were stopped: 0.0028153 seconds
2014-06-25T00:15:36.190+0000: 278.639: Total time for which application threads were stopped: 0.0002296 seconds
2014-06-25T00:15:36.190+0000: 278.639: Total time for which application threads were stopped: 0.0001450 seconds
2014-06-25T00:15:36.207+0000: 278.656: Total time for which application threads were stopped: 0.0042140 seconds
2014-06-25T00:15:36.213+0000: 278.662: Total time for which application threads were stopped: 0.0032459 seconds
2014-06-25T00:15:36.216+0000: 278.665: Total time for which application threads were stopped: 0.0018894 seconds
2014-06-25T00:15:36.219+0000: 278.668: Total time for which application threads were stopped: 0.0016758 seconds
2014-06-25T00:15:36.220+0000: 278.669: Total time for which application threads were stopped: 0.0006862 seconds
2014-06-25T00:15:36.233+0000: 278.682: Total time for which application threads were stopped: 0.0002431 seconds
2014-06-25T00:15:36.253+0000: 278.702: Total time for which application threads were stopped: 0.0005605 seconds
2014-06-25T00:15:36.270+0000: 278.719: Total time for which application threads were stopped: 0.0042813 seconds
2014-06-25T00:15:36.271+0000: 278.720: Total time for which application threads were stopped: 0.0003138 seconds
2014-06-25T00:15:36.275+0000: 278.724: Total time for which application threads were stopped: 0.0018699 seconds
2014-06-25T00:15:36.275+0000: 278.724: Total time for which application threads were stopped: 0.0003317 seconds
2014-06-25T00:15:36.285+0000: 278.734: Total time for which application threads were stopped: 0.0025420 seconds
2014-06-25T00:15:36.288+0000: 278.737: Total time for which application threads were stopped: 0.0002146 seconds
2014-06-25T00:15:36.289+0000: 278.738: Total time for which application threads were stopped: 0.0002212 seconds
2014-06-25T00:15:36.291+0000: 278.740: Total time for which application threads were stopped: 0.0016952 seconds
2014-06-25T00:15:36.291+0000: 278.740: Total time for which application threads were stopped: 0.0001936 seconds
2014-06-25T00:15:36.302+0000: 278.751: Total time for which application threads were stopped: 0.0002620 seconds
2014-06-25T00:15:36.302+0000: 278.751: Total time for which application threads were stopped: 0.0002263 seconds
2014-06-25T00:15:36.326+0000: 278.775: Total time for which application threads were stopped: 0.0003347 seconds
2014-06-25T00:15:36.336+0000: 278.785: Total time for which application threads were stopped: 0.0002023 seconds
2014-06-25T00:15:36.391+0000: 278.840: Total time for which application threads were stopped: 0.0002674 seconds
2014-06-25T00:15:36.424+0000: 278.873: Total time for which application threads were stopped: 0.0003045 seconds
2014-06-25T00:15:36.507+0000: 278.956: Total time for which application threads were stopped: 0.0003026 seconds
2014-06-25T00:15:36.564+0000: 279.013: Total time for which application threads were stopped: 0.0003260 seconds
2014-06-25T00:15:36.580+0000: 279.029: Total time for which application threads were stopped: 0.0002344 seconds
2014-06-25T00:15:36.582+0000: 279.031: Total time for which application threads were stopped: 0.0002636 seconds
2014-06-25T00:15:36.642+0000: 279.091: Total time for which application threads were stopped: 0.0003060 seconds
2014-06-25T00:15:36.697+0000: 279.147: Total time for which application threads were stopped: 0.0002249 seconds
2014-06-25T00:15:36.751+0000: 279.200: Total time for which application threads were stopped: 0.0002293 seconds
2014-06-25T00:15:36.880+0000: 279.329: Total time for which application threads were stopped: 0.0068051 seconds
2014-06-25T00:15:37.196+0000: 279.645: Total time for which application threads were stopped: 0.0028611 seconds
2014-06-25T00:15:37.287+0000: 279.736: Total time for which application threads were stopped: 0.0023668 seconds
2014-06-25T00:15:37.381+0000: 279.830: Total time for which application threads were stopped: 0.0004592 seconds
2014-06-25T00:15:37.419+0000: 279.868: Total time for which application threads were stopped: 0.0005694 seconds
2014-06-25T00:15:37.425+0000: 279.874: Total time for which application threads were stopped: 0.0004335 seconds
2014-06-25T00:15:37.737+0000: 280.186: Total time for which application threads were stopped: 0.0005956 seconds
2014-06-25T00:15:37.817+0000: 280.266: Total time for which application threads were stopped: 0.0048139 seconds
2014-06-25T00:15:37.830+0000: 280.280: Total time for which application threads were stopped: 0.0002957 seconds
2014-06-25T00:15:37.852+0000: 280.301: Total time for which application threads were stopped: 0.0042408 seconds
2014-06-25T00:15:38.056+0000: 280.505: Total time for which application threads were stopped: 0.0086177 seconds
2014-06-25T00:15:38.076+0000: 280.525: Total time for which application threads were stopped: 0.0061519 seconds
2014-06-25T00:15:38.094+0000: 280.543: Total time for which application threads were stopped: 0.0037347 seconds
2014-06-25T00:15:38.439+0000: 280.889: Total time for which application threads were stopped: 0.0045438 seconds
2014-06-25T00:15:38.464+0000: 280.913: Total time for which application threads were stopped: 0.0093914 seconds
2014-06-25T00:15:39.218+0000: 281.667: Total time for which application threads were stopped: 0.0089046 seconds
2014-06-25T00:15:39.327+0000: 281.776: Total time for which application threads were stopped: 0.0068728 seconds
2014-06-25T00:15:39.484+0000: 281.934: Total time for which application threads were stopped: 0.0028854 seconds
2014-06-25T00:15:39.620+0000: 282.069: Total time for which application threads were stopped: 0.0044500 seconds
2014-06-25T00:15:39.699+0000: 282.148: Total time for which application threads were stopped: 0.0005216 seconds
2014-06-25T00:15:39.718+0000: 282.167: Total time for which application threads were stopped: 0.0044411 seconds
2014-06-25T00:15:39.726+0000: 282.175: Total time for which application threads were stopped: 0.0020395 seconds
2014-06-25T00:15:39.739+0000: 282.188: Total time for which application threads were stopped: 0.0016754 seconds
2014-06-25T00:15:39.740+0000: 282.189: Total time for which application threads were stopped: 0.0002703 seconds
2014-06-25T00:15:40.097+0000: 282.546: Total time for which application threads were stopped: 0.0045102 seconds
2014-06-25T00:15:40.161+0000: 282.611: Total time for which application threads were stopped: 0.0021320 seconds
2014-06-25T00:15:41.162+0000: 283.611: Total time for which application threads were stopped: 0.0003361 seconds
2014-06-25T00:15:42.162+0000: 284.611: Total time for which application threads were stopped: 0.0002098 seconds
2014-06-25T00:15:45.163+0000: 287.612: Total time for which application threads were stopped: 0.0002579 seconds
2014-06-25T00:15:49.168+0000: 291.618: Total time for which application threads were stopped: 0.0051335 seconds
2014-06-25T00:15:50.169+0000: 292.618: Total time for which application threads were stopped: 0.0003220 seconds
2014-06-25T00:15:52.169+0000: 294.619: Total time for which application threads were stopped: 0.0002360 seconds
2014-06-25T00:15:52.517+0000: 294.966: Total time for which application threads were stopped: 0.0012373 seconds
2014-06-25T00:15:52.525+0000: 294.974: Total time for which application threads were stopped: 0.0002559 seconds
2014-06-25T00:15:52.528+0000: 294.977: Total time for which application threads were stopped: 0.0006385 seconds
2014-06-25T00:15:52.532+0000: 294.981: Total time for which application threads were stopped: 0.0002515 seconds
2014-06-25T00:15:52.533+0000: 294.982: Total time for which application threads were stopped: 0.0002308 seconds
2014-06-25T00:15:52.533+0000: 294.982: Total time for which application threads were stopped: 0.0002265 seconds
2014-06-25T00:15:52.533+0000: 294.982: Total time for which application threads were stopped: 0.0002266 seconds
2014-06-25T00:15:52.533+0000: 294.983: Total time for which application threads were stopped: 0.0002302 seconds
2014-06-25T00:15:52.535+0000: 294.984: Total time for which application threads were stopped: 0.0002094 seconds
2014-06-25T00:15:52.536+0000: 294.985: Total time for which application threads were stopped: 0.0001422 seconds
2014-06-25T00:15:52.537+0000: 294.986: Total time for which application threads were stopped: 0.0001425 seconds
2014-06-25T00:15:52.540+0000: 294.989: Total time for which application threads were stopped: 0.0001908 seconds
2014-06-25T00:15:52.547+0000: 294.996: Total time for which application threads were stopped: 0.0002452 seconds
2014-06-25T00:15:52.547+0000: 294.997: Total time for which application threads were stopped: 0.0002475 seconds
2014-06-25T00:15:52.548+0000: 294.997: Total time for which application threads were stopped: 0.0002268 seconds
2014-06-25T00:15:52.552+0000: 295.001: Total time for which application threads were stopped: 0.0001896 seconds
2014-06-25T00:15:52.552+0000: 295.001: Total time for which application threads were stopped: 0.0001861 seconds
2014-06-25T00:15:52.556+0000: 295.005: Total time for which application threads were stopped: 0.0001899 seconds
2014-06-25T00:15:52.556+0000: 295.005: Total time for which application threads were stopped: 0.0006202 seconds
2014-06-25T00:15:53.479+0000: 295.928: [GC pause (G1 Evacuation Pause) (young)
Desired survivor size 47185920 bytes, new threshold 15 (max 15)
- age   1:    1186056 bytes,    1186056 total
- age   2:     795544 bytes,    1981600 total
- age   3:     348104 bytes,    2329704 total
- age   4:     246112 bytes,    2575816 total
- age   5:    2446760 bytes,    5022576 total
- age   6:     317608 bytes,    5340184 total
, 0.1004315 secs]
   [Parallel Time: 88.6 ms, GC Workers: 2]
      [GC Worker Start (ms): Min: 295927.9, Avg: 295927.9, Max: 295927.9, Diff: 0.0]
      [Ext Root Scanning (ms): Min: 1.6, Avg: 1.9, Max: 2.2, Diff: 0.6, Sum: 3.8]
      [Update RS (ms): Min: 8.5, Avg: 8.6, Max: 8.7, Diff: 0.3, Sum: 17.2]
         [Processed Buffers: Min: 8, Avg: 16.5, Max: 25, Diff: 17, Sum: 33]
      [Scan RS (ms): Min: 9.6, Avg: 10.1, Max: 10.5, Diff: 0.9, Sum: 20.2]
      [Code Root Scanning (ms): Min: 1.0, Avg: 1.1, Max: 1.1, Diff: 0.1, Sum: 2.1]
      [Object Copy (ms): Min: 60.2, Avg: 63.3, Max: 66.5, Diff: 6.3, Sum: 126.7]
      [Termination (ms): Min: 0.0, Avg: 3.5, Max: 7.0, Diff: 7.0, Sum: 7.0]
      [GC Worker Other (ms): Min: 0.0, Avg: 0.0, Max: 0.0, Diff: 0.0, Sum: 0.1]
      [GC Worker Total (ms): Min: 88.5, Avg: 88.5, Max: 88.6, Diff: 0.0, Sum: 177.1]
      [GC Worker End (ms): Min: 296016.5, Avg: 296016.5, Max: 296016.5, Diff: 0.0]
   [Code Root Fixup: 1.4 ms]
   [Code Root Migration: 8.0 ms]
   [Clear CT: 0.4 ms]
   [Other: 2.0 ms]
      [Choose CSet: 0.0 ms]
      [Ref Proc: 0.6 ms]
      [Ref Enq: 0.0 ms]
      [Free CSet: 1.1 ms]
   [Eden: 1364.0M(706.0M)->0.0B(2226.0M) Survivors: 10.0M->22.0M Heap: 1454.6M(5632.0M)->102.6M(5632.0M)]
 [Times: user=0.20 sys=0.01, real=0.10 secs] 
2014-06-25T00:15:53.579+0000: 296.028: Total time for which application threads were stopped: 0.1011484 seconds
2014-06-25T00:15:54.600+0000: 297.049: Total time for which application threads were stopped: 0.0003132 seconds
2014-06-25T00:15:55.600+0000: 298.049: Total time for which application threads were stopped: 0.0002746 seconds
2014-06-25T00:15:58.250+0000: 300.700: Total time for which application threads were stopped: 0.0003090 seconds
2014-06-25T00:15:58.251+0000: 300.700: Total time for which application threads were stopped: 0.0001358 seconds
2014-06-25T00:15:58.253+0000: 300.702: Total time for which application threads were stopped: 0.0001397 seconds
2014-06-25T00:15:58.259+0000: 300.708: Total time for which application threads were stopped: 0.0001540 seconds
2014-06-25T00:15:58.261+0000: 300.710: Total time for which application threads were stopped: 0.0001457 seconds
2014-06-25T00:15:58.261+0000: 300.710: Total time for which application threads were stopped: 0.0001343 seconds
2014-06-25T00:15:58.401+0000: 300.850: Total time for which application threads were stopped: 0.0003682 seconds
2014-06-25T00:15:58.408+0000: 300.857: Total time for which application threads were stopped: 0.0064135 seconds
2014-06-25T00:15:58.420+0000: 300.869: Total time for which application threads were stopped: 0.0002080 seconds
2014-06-25T00:15:58.421+0000: 300.870: Total time for which application threads were stopped: 0.0001982 seconds
2014-06-25T00:15:58.422+0000: 300.871: Total time for which application threads were stopped: 0.0002237 seconds
2014-06-25T00:15:58.425+0000: 300.874: Total time for which application threads were stopped: 0.0001979 seconds
2014-06-25T00:15:58.426+0000: 300.875: Total time for which application threads were stopped: 0.0001964 seconds
2014-06-25T00:15:58.427+0000: 300.876: Total time for which application threads were stopped: 0.0001947 seconds
2014-06-25T00:15:59.413+0000: 301.862: Total time for which application threads were stopped: 0.0002906 seconds
2014-06-25T00:15:59.487+0000: 301.936: Total time for which application threads were stopped: 0.0003070 seconds
2014-06-25T00:15:59.489+0000: 301.938: Total time for which application threads were stopped: 0.0002403 seconds
2014-06-25T00:15:59.490+0000: 301.939: Total time for which application threads were stopped: 0.0002489 seconds
2014-06-25T00:15:59.491+0000: 301.940: Total time for which application threads were stopped: 0.0002356 seconds
2014-06-25T00:15:59.491+0000: 301.940: Total time for which application threads were stopped: 0.0001929 seconds
2014-06-25T00:15:59.492+0000: 301.941: Total time for which application threads were stopped: 0.0005553 seconds
2014-06-25T00:15:59.602+0000: 302.051: Total time for which application threads were stopped: 0.0003004 seconds
2014-06-25T00:15:59.741+0000: 302.190: Total time for which application threads were stopped: 0.0003601 seconds
2014-06-25T00:16:00.741+0000: 303.190: Total time for which application threads were stopped: 0.0002739 seconds
2014-06-25T00:16:01.267+0000: 303.716: Total time for which application threads were stopped: 0.0003172 seconds
2014-06-25T00:16:02.267+0000: 304.716: Total time for which application threads were stopped: 0.0002447 seconds
2014-06-25T00:16:05.268+0000: 307.717: Total time for which application threads were stopped: 0.0002436 seconds
2014-06-25T00:16:07.268+0000: 309.717: Total time for which application threads were stopped: 0.0002922 seconds
2014-06-25T00:16:08.728+0000: 311.177: Total time for which application threads were stopped: 0.0003402 seconds
2014-06-25T00:16:08.756+0000: 311.205: Total time for which application threads were stopped: 0.0030862 seconds
2014-06-25T00:16:08.760+0000: 311.209: Total time for which application threads were stopped: 0.0008733 seconds
2014-06-25T00:16:09.760+0000: 312.210: Total time for which application threads were stopped: 0.0002832 seconds
2014-06-25T00:16:11.761+0000: 314.210: Total time for which application threads were stopped: 0.0003105 seconds
2014-06-25T00:16:12.761+0000: 315.210: Total time for which application threads were stopped: 0.0002601 seconds
2014-06-25T00:16:15.766+0000: 318.215: Total time for which application threads were stopped: 0.0043333 seconds
2014-06-25T00:16:16.270+0000: 318.719: Total time for which application threads were stopped: 0.0003646 seconds
2014-06-25T00:16:17.271+0000: 319.720: Total time for which application threads were stopped: 0.0002925 seconds
2014-06-25T00:16:20.272+0000: 322.721: Total time for which application threads were stopped: 0.0007396 seconds
2014-06-25T00:16:21.272+0000: 323.721: Total time for which application threads were stopped: 0.0003445 seconds
2014-06-25T00:16:22.273+0000: 324.722: Total time for which application threads were stopped: 0.0002456 seconds
2014-06-25T00:16:27.274+0000: 329.723: Total time for which application threads were stopped: 0.0002492 seconds
2014-06-25T00:16:31.274+0000: 333.723: Total time for which application threads were stopped: 0.0002824 seconds
2014-06-25T00:16:33.275+0000: 335.724: Total time for which application threads were stopped: 0.0003166 seconds
2014-06-25T00:16:34.275+0000: 336.724: Total time for which application threads were stopped: 0.0002907 seconds
2014-06-25T00:16:35.276+0000: 337.725: Total time for which application threads were stopped: 0.0002804 seconds
2014-06-25T00:16:37.276+0000: 339.725: Total time for which application threads were stopped: 0.0003082 seconds
2014-06-25T00:16:39.728+0000: 342.178: [GC pause (G1 Evacuation Pause) (young)
Desired survivor size 53477376 bytes, new threshold 15 (max 15)
- age   1:   13817296 bytes,   13817296 total
- age   2:    1091944 bytes,   14909240 total
- age   3:     787040 bytes,   15696280 total
- age   4:     348104 bytes,   16044384 total
- age   5:     245632 bytes,   16290016 total
- age   6:    2439312 bytes,   18729328 total
- age   7:     317408 bytes,   19046736 total
, 0.1265314 secs]
   [Parallel Time: 119.0 ms, GC Workers: 2]
      [GC Worker Start (ms): Min: 342177.7, Avg: 342177.7, Max: 342177.7, Diff: 0.0]
      [Ext Root Scanning (ms): Min: 1.1, Avg: 1.7, Max: 2.3, Diff: 1.1, Sum: 3.4]
      [Update RS (ms): Min: 14.6, Avg: 15.1, Max: 15.5, Diff: 0.9, Sum: 30.1]
         [Processed Buffers: Min: 15, Avg: 24.0, Max: 33, Diff: 18, Sum: 48]
      [Scan RS (ms): Min: 19.3, Avg: 22.4, Max: 25.4, Diff: 6.1, Sum: 44.7]
      [Code Root Scanning (ms): Min: 0.2, Avg: 1.0, Max: 1.7, Diff: 1.5, Sum: 2.0]
      [Object Copy (ms): Min: 74.8, Avg: 78.8, Max: 82.7, Diff: 7.8, Sum: 157.5]
      [Termination (ms): Min: 0.0, Avg: 0.0, Max: 0.0, Diff: 0.0, Sum: 0.0]
      [GC Worker Other (ms): Min: 0.0, Avg: 0.0, Max: 0.0, Diff: 0.0, Sum: 0.1]
      [GC Worker Total (ms): Min: 118.9, Avg: 118.9, Max: 118.9, Diff: 0.0, Sum: 237.8]
      [GC Worker End (ms): Min: 342296.6, Avg: 342296.6, Max: 342296.6, Diff: 0.0]
   [Code Root Fixup: 1.1 ms]
   [Code Root Migration: 4.8 ms]
   [Clear CT: 0.3 ms]
   [Other: 1.4 ms]
      [Choose CSet: 0.0 ms]
      [Ref Proc: 0.7 ms]
      [Ref Enq: 0.0 ms]
      [Free CSet: 0.5 ms]
   [Eden: 854.0M(790.0M)->0.0B(708.0M) Survivors: 22.0M->34.0M Heap: 957.6M(5632.0M)->115.6M(5632.0M)]
 [Times: user=0.24 sys=0.01, real=0.12 secs] 
2014-06-25T00:16:39.855+0000: 342.304: Total time for which application threads were stopped: 0.1272570 seconds
2014-06-25T00:16:40.876+0000: 343.325: Total time for which application threads were stopped: 0.0028939 seconds
2014-06-25T00:16:41.876+0000: 344.325: Total time for which application threads were stopped: 0.0003290 seconds
2014-06-25T00:16:42.876+0000: 345.326: Total time for which application threads were stopped: 0.0002503 seconds
2014-06-25T00:16:44.877+0000: 347.326: Total time for which application threads were stopped: 0.0003001 seconds
2014-06-25T00:16:45.878+0000: 348.327: Total time for which application threads were stopped: 0.0003535 seconds
2014-06-25T00:16:46.027+0000: 348.476: [GC pause (G1 Evacuation Pause) (young)
Desired survivor size 18874368 bytes, new threshold 2 (max 15)
- age   1:   12849616 bytes,   12849616 total
- age   2:   13083056 bytes,   25932672 total
- age   3:    1060248 bytes,   26992920 total
- age   4:     786376 bytes,   27779296 total
- age   5:     348104 bytes,   28127400 total
- age   6:     238632 bytes,   28366032 total
- age   7:    2437552 bytes,   30803584 total
- age   8:     317240 bytes,   31120824 total
, 0.1367299 secs]
   [Parallel Time: 129.7 ms, GC Workers: 2]
      [GC Worker Start (ms): Min: 348476.2, Avg: 348476.2, Max: 348476.2, Diff: 0.0]
      [Ext Root Scanning (ms): Min: 1.1, Avg: 2.0, Max: 2.9, Diff: 1.8, Sum: 4.0]
      [Update RS (ms): Min: 14.1, Avg: 14.4, Max: 14.8, Diff: 0.7, Sum: 28.8]
         [Processed Buffers: Min: 7, Avg: 15.5, Max: 24, Diff: 17, Sum: 31]
      [Scan RS (ms): Min: 11.4, Avg: 11.9, Max: 12.4, Diff: 1.0, Sum: 23.8]
      [Code Root Scanning (ms): Min: 0.2, Avg: 0.9, Max: 1.7, Diff: 1.5, Sum: 1.9]
      [Object Copy (ms): Min: 99.6, Avg: 100.3, Max: 101.0, Diff: 1.4, Sum: 200.6]
      [Termination (ms): Min: 0.0, Avg: 0.0, Max: 0.0, Diff: 0.0, Sum: 0.0]
      [GC Worker Other (ms): Min: 0.0, Avg: 0.0, Max: 0.0, Diff: 0.0, Sum: 0.1]
      [GC Worker Total (ms): Min: 129.6, Avg: 129.6, Max: 129.6, Diff: 0.0, Sum: 259.2]
      [GC Worker End (ms): Min: 348605.7, Avg: 348605.7, Max: 348605.7, Diff: 0.0]
   [Code Root Fixup: 1.1 ms]
   [Code Root Migration: 5.1 ms]
   [Clear CT: 0.1 ms]
   [Other: 0.7 ms]
      [Choose CSet: 0.0 ms]
      [Ref Proc: 0.2 ms]
      [Ref Enq: 0.0 ms]
      [Free CSet: 0.2 ms]
   [Eden: 246.0M(246.0M)->0.0B(254.0M) Survivors: 34.0M->26.0M Heap: 361.6M(5632.0M)->124.5M(5632.0M)]
 [Times: user=0.26 sys=0.01, real=0.14 secs] 
2014-06-25T00:16:46.164+0000: 348.613: Total time for which application threads were stopped: 0.1373103 seconds
2014-06-25T00:16:47.180+0000: 349.629: Total time for which application threads were stopped: 0.0002415 seconds
2014-06-25T00:16:54.181+0000: 356.630: Total time for which application threads were stopped: 0.0002735 seconds
2014-06-25T00:16:55.184+0000: 357.634: Total time for which application threads were stopped: 0.0035525 seconds
2014-06-25T00:16:56.185+0000: 358.634: Total time for which application threads were stopped: 0.0002695 seconds
2014-06-25T00:16:57.185+0000: 359.634: Total time for which application threads were stopped: 0.0002670 seconds
2014-06-25T00:16:59.005+0000: 361.455: [GC pause (G1 Evacuation Pause) (young)
Desired survivor size 18874368 bytes, new threshold 2 (max 15)
- age   1:   12465856 bytes,   12465856 total
- age   2:   12288168 bytes,   24754024 total
, 0.0740606 secs]
   [Parallel Time: 73.0 ms, GC Workers: 2]
      [GC Worker Start (ms): Min: 361454.7, Avg: 361454.7, Max: 361454.7, Diff: 0.0]
      [Ext Root Scanning (ms): Min: 1.0, Avg: 1.2, Max: 1.4, Diff: 0.4, Sum: 2.4]
      [Update RS (ms): Min: 5.6, Avg: 5.6, Max: 5.7, Diff: 0.2, Sum: 11.3]
         [Processed Buffers: Min: 16, Avg: 17.0, Max: 18, Diff: 2, Sum: 34]
      [Scan RS (ms): Min: 9.0, Avg: 9.0, Max: 9.0, Diff: 0.0, Sum: 18.0]
      [Code Root Scanning (ms): Min: 0.1, Avg: 0.1, Max: 0.2, Diff: 0.1, Sum: 0.2]
      [Object Copy (ms): Min: 56.9, Avg: 56.9, Max: 57.0, Diff: 0.1, Sum: 113.9]
      [Termination (ms): Min: 0.0, Avg: 0.0, Max: 0.0, Diff: 0.0, Sum: 0.0]
      [GC Worker Other (ms): Min: 0.0, Avg: 0.0, Max: 0.0, Diff: 0.0, Sum: 0.1]
      [GC Worker Total (ms): Min: 72.9, Avg: 72.9, Max: 72.9, Diff: 0.0, Sum: 145.9]
      [GC Worker End (ms): Min: 361527.7, Avg: 361527.7, Max: 361527.7, Diff: 0.0]
   [Code Root Fixup: 0.2 ms]
   [Code Root Migration: 0.2 ms]
   [Clear CT: 0.1 ms]
   [Other: 0.6 ms]
      [Choose CSet: 0.0 ms]
      [Ref Proc: 0.1 ms]
      [Ref Enq: 0.0 ms]
      [Free CSet: 0.2 ms]
   [Eden: 254.0M(254.0M)->0.0B(504.0M) Survivors: 26.0M->14.0M Heap: 378.5M(5632.0M)->125.6M(5632.0M)]
 [Times: user=0.15 sys=0.00, real=0.08 secs] 
2014-06-25T00:16:59.080+0000: 361.529: Total time for which application threads were stopped: 0.0746385 seconds
2014-06-25T00:17:00.080+0000: 362.529: Total time for which application threads were stopped: 0.0002639 seconds
2014-06-25T00:17:01.081+0000: 363.530: Total time for which application threads were stopped: 0.0002686 seconds
2014-06-25T00:17:02.081+0000: 364.530: Total time for which application threads were stopped: 0.0002742 seconds
2014-06-25T00:17:03.081+0000: 365.530: Total time for which application threads were stopped: 0.0002641 seconds
2014-06-25T00:17:07.082+0000: 369.532: Total time for which application threads were stopped: 0.0005060 seconds
2014-06-25T00:17:08.083+0000: 370.532: Total time for which application threads were stopped: 0.0002490 seconds
2014-06-25T00:17:17.084+0000: 379.533: Total time for which application threads were stopped: 0.0003118 seconds
2014-06-25T00:17:18.084+0000: 380.534: Total time for which application threads were stopped: 0.0002554 seconds
2014-06-25T00:17:19.085+0000: 381.534: Total time for which application threads were stopped: 0.0002467 seconds
2014-06-25T00:17:21.089+0000: 383.539: Total time for which application threads were stopped: 0.0043314 seconds
2014-06-25T00:17:22.090+0000: 384.539: Total time for which application threads were stopped: 0.0002668 seconds
2014-06-25T00:17:25.090+0000: 387.540: Total time for which application threads were stopped: 0.0002652 seconds
2014-06-25T00:17:27.091+0000: 389.540: Total time for which application threads were stopped: 0.0002645 seconds
2014-06-25T00:17:28.091+0000: 390.541: Total time for which application threads were stopped: 0.0002719 seconds
2014-06-25T00:17:29.092+0000: 391.541: Total time for which application threads were stopped: 0.0002440 seconds
2014-06-25T00:17:30.648+0000: 393.097: [GC pause (G1 Evacuation Pause) (young)
Desired survivor size 34603008 bytes, new threshold 15 (max 15)
- age   1:     814856 bytes,     814856 total
- age   2:   11847152 bytes,   12662008 total
, 0.0475119 secs]
   [Parallel Time: 46.5 ms, GC Workers: 2]
      [GC Worker Start (ms): Min: 393097.6, Avg: 393097.6, Max: 393097.6, Diff: 0.0]
      [Ext Root Scanning (ms): Min: 1.0, Avg: 1.2, Max: 1.3, Diff: 0.3, Sum: 2.3]
      [Update RS (ms): Min: 7.7, Avg: 7.9, Max: 8.1, Diff: 0.4, Sum: 15.7]
         [Processed Buffers: Min: 7, Avg: 23.0, Max: 39, Diff: 32, Sum: 46]
      [Scan RS (ms): Min: 6.4, Avg: 6.6, Max: 6.8, Diff: 0.5, Sum: 13.2]
      [Code Root Scanning (ms): Min: 0.1, Avg: 0.1, Max: 0.1, Diff: 0.0, Sum: 0.3]
      [Object Copy (ms): Min: 30.6, Avg: 30.7, Max: 30.8, Diff: 0.2, Sum: 61.4]
      [Termination (ms): Min: 0.0, Avg: 0.0, Max: 0.0, Diff: 0.0, Sum: 0.0]
      [GC Worker Other (ms): Min: 0.0, Avg: 0.0, Max: 0.0, Diff: 0.0, Sum: 0.1]
      [GC Worker Total (ms): Min: 46.5, Avg: 46.5, Max: 46.5, Diff: 0.0, Sum: 92.9]
      [GC Worker End (ms): Min: 393144.0, Avg: 393144.0, Max: 393144.0, Diff: 0.0]
   [Code Root Fixup: 0.1 ms]
   [Code Root Migration: 0.0 ms]
   [Clear CT: 0.2 ms]
   [Other: 0.6 ms]
      [Choose CSet: 0.0 ms]
      [Ref Proc: 0.1 ms]
      [Ref Enq: 0.0 ms]
      [Free CSet: 0.3 ms]
   [Eden: 504.0M(504.0M)->0.0B(734.0M) Survivors: 14.0M->16.0M Heap: 629.6M(5632.0M)->127.6M(5632.0M)]
 [Times: user=0.09 sys=0.00, real=0.05 secs] 
2014-06-25T00:17:30.696+0000: 393.145: Total time for which application threads were stopped: 0.0480642 seconds
2014-06-25T00:17:31.696+0000: 394.146: Total time for which application threads were stopped: 0.0002663 seconds
2014-06-25T00:17:32.697+0000: 395.146: Total time for which application threads were stopped: 0.0002775 seconds
2014-06-25T00:17:35.697+0000: 398.147: Total time for which application threads were stopped: 0.0002581 seconds
2014-06-25T00:17:37.698+0000: 400.147: Total time for which application threads were stopped: 0.0003250 seconds
2014-06-25T00:17:39.699+0000: 402.148: Total time for which application threads were stopped: 0.0002609 seconds
2014-06-25T00:17:40.699+0000: 403.148: Total time for which application threads were stopped: 0.0002551 seconds
2014-06-25T00:17:41.699+0000: 404.149: Total time for which application threads were stopped: 0.0002783 seconds
2014-06-25T00:17:43.700+0000: 406.149: Total time for which application threads were stopped: 0.0002584 seconds
2014-06-25T00:17:45.959+0000: 408.408: Total time for which application threads were stopped: 0.0030803 seconds
2014-06-25T00:17:46.959+0000: 409.408: Total time for which application threads were stopped: 0.0002287 seconds
2014-06-25T00:17:48.960+0000: 411.409: Total time for which application threads were stopped: 0.0002343 seconds
2014-06-25T00:17:50.960+0000: 413.409: Total time for which application threads were stopped: 0.0002379 seconds
2014-06-25T00:17:51.961+0000: 414.410: Total time for which application threads were stopped: 0.0002305 seconds
2014-06-25T00:17:52.961+0000: 415.410: Total time for which application threads were stopped: 0.0002671 seconds
2014-06-25T00:17:54.961+0000: 417.411: Total time for which application threads were stopped: 0.0002491 seconds
2014-06-25T00:17:55.962+0000: 418.411: Total time for which application threads were stopped: 0.0002464 seconds
2014-06-25T00:17:56.962+0000: 419.411: Total time for which application threads were stopped: 0.0002140 seconds
2014-06-25T00:17:58.963+0000: 421.412: Total time for which application threads were stopped: 0.0002143 seconds
2014-06-25T00:18:00.723+0000: 423.172: Total time for which application threads were stopped: 0.0002567 seconds
2014-06-25T00:18:00.723+0000: 423.172: Total time for which application threads were stopped: 0.0001380 seconds
2014-06-25T00:18:00.724+0000: 423.173: Total time for which application threads were stopped: 0.0001451 seconds
2014-06-25T00:18:01.724+0000: 424.174: Total time for which application threads were stopped: 0.0002497 seconds
2014-06-25T00:18:02.725+0000: 425.174: Total time for which application threads were stopped: 0.0002603 seconds
2014-06-25T00:18:03.725+0000: 426.174: Total time for which application threads were stopped: 0.0002568 seconds
2014-06-25T00:18:04.726+0000: 427.175: Total time for which application threads were stopped: 0.0002681 seconds
2014-06-25T00:18:05.726+0000: 428.175: Total time for which application threads were stopped: 0.0003810 seconds
2014-06-25T00:18:06.727+0000: 429.176: Total time for which application threads were stopped: 0.0002737 seconds
2014-06-25T00:18:07.727+0000: 430.176: Total time for which application threads were stopped: 0.0002586 seconds
2014-06-25T00:18:11.728+0000: 434.177: Total time for which application threads were stopped: 0.0003353 seconds
2014-06-25T00:18:12.728+0000: 435.177: Total time for which application threads were stopped: 0.0002614 seconds
2014-06-25T00:18:15.729+0000: 438.178: Total time for which application threads were stopped: 0.0002688 seconds
2014-06-25T00:18:17.729+0000: 440.178: Total time for which application threads were stopped: 0.0002733 seconds
2014-06-25T00:18:19.730+0000: 442.179: Total time for which application threads were stopped: 0.0002734 seconds
2014-06-25T00:18:20.730+0000: 443.179: Total time for which application threads were stopped: 0.0002722 seconds
2014-06-25T00:18:21.731+0000: 444.180: Total time for which application threads were stopped: 0.0002661 seconds
2014-06-25T00:18:22.731+0000: 445.180: Total time for which application threads were stopped: 0.0002518 seconds
2014-06-25T00:18:23.731+0000: 446.181: Total time for which application threads were stopped: 0.0003159 seconds
2014-06-25T00:18:26.732+0000: 449.181: Total time for which application threads were stopped: 0.0002357 seconds
2014-06-25T00:18:29.733+0000: 452.182: Total time for which application threads were stopped: 0.0002457 seconds
2014-06-25T00:18:33.258+0000: 455.707: Total time for which application threads were stopped: 0.0023947 seconds
2014-06-25T00:18:34.258+0000: 456.707: Total time for which application threads were stopped: 0.0003509 seconds
2014-06-25T00:18:42.259+0000: 464.709: Total time for which application threads were stopped: 0.0002744 seconds
2014-06-25T00:18:44.260+0000: 466.709: Total time for which application threads were stopped: 0.0002746 seconds
2014-06-25T00:18:45.260+0000: 467.709: Total time for which application threads were stopped: 0.0002606 seconds
2014-06-25T00:18:48.261+0000: 470.710: Total time for which application threads were stopped: 0.0002627 seconds
2014-06-25T00:18:51.262+0000: 473.711: Total time for which application threads were stopped: 0.0002479 seconds
2014-06-25T00:18:52.262+0000: 474.711: Total time for which application threads were stopped: 0.0002557 seconds
2014-06-25T00:18:54.262+0000: 476.712: Total time for which application threads were stopped: 0.0002699 seconds
2014-06-25T00:18:55.263+0000: 477.712: Total time for which application threads were stopped: 0.0002734 seconds
2014-06-25T00:19:02.264+0000: 484.713: Total time for which application threads were stopped: 0.0002789 seconds
2014-06-25T00:19:05.265+0000: 487.714: Total time for which application threads were stopped: 0.0002762 seconds
2014-06-25T00:19:06.265+0000: 488.714: Total time for which application threads were stopped: 0.0002661 seconds
2014-06-25T00:19:07.265+0000: 489.715: Total time for which application threads were stopped: 0.0002671 seconds
2014-06-25T00:19:09.670+0000: 492.119: Total time for which application threads were stopped: 0.0003434 seconds
2014-06-25T00:19:09.670+0000: 492.119: Total time for which application threads were stopped: 0.0002000 seconds
2014-06-25T00:19:09.939+0000: 492.388: Total time for which application threads were stopped: 0.0017926 seconds
2014-06-25T00:19:09.973+0000: 492.422: Total time for which application threads were stopped: 0.0043540 seconds
2014-06-25T00:19:09.974+0000: 492.423: Total time for which application threads were stopped: 0.0002329 seconds
2014-06-25T00:19:09.975+0000: 492.424: Total time for which application threads were stopped: 0.0010263 seconds
2014-06-25T00:19:10.460+0000: 492.909: [GC pause (G1 Evacuation Pause) (young)
Desired survivor size 49283072 bytes, new threshold 15 (max 15)
- age   1:    1715736 bytes,    1715736 total
- age   2:      83048 bytes,    1798784 total
- age   3:   11809040 bytes,   13607824 total
, 0.0779289 secs]
   [Parallel Time: 75.5 ms, GC Workers: 2]
      [GC Worker Start (ms): Min: 492909.1, Avg: 492909.1, Max: 492909.1, Diff: 0.0]
      [Ext Root Scanning (ms): Min: 1.0, Avg: 1.2, Max: 1.3, Diff: 0.3, Sum: 2.4]
      [Update RS (ms): Min: 10.3, Avg: 14.7, Max: 19.0, Diff: 8.7, Sum: 29.3]
         [Processed Buffers: Min: 8, Avg: 25.5, Max: 43, Diff: 35, Sum: 51]
      [Scan RS (ms): Min: 1.7, Avg: 5.8, Max: 9.9, Diff: 8.2, Sum: 11.5]
      [Code Root Scanning (ms): Min: 0.0, Avg: 0.2, Max: 0.5, Diff: 0.5, Sum: 0.5]
      [Object Copy (ms): Min: 45.1, Avg: 49.4, Max: 53.6, Diff: 8.6, Sum: 98.7]
      [Termination (ms): Min: 0.0, Avg: 4.2, Max: 8.4, Diff: 8.4, Sum: 8.4]
      [GC Worker Other (ms): Min: 0.0, Avg: 0.0, Max: 0.0, Diff: 0.0, Sum: 0.0]
      [GC Worker Total (ms): Min: 75.4, Avg: 75.4, Max: 75.4, Diff: 0.1, Sum: 150.8]
      [GC Worker End (ms): Min: 492984.5, Avg: 492984.5, Max: 492984.5, Diff: 0.0]
   [Code Root Fixup: 0.3 ms]
   [Code Root Migration: 0.3 ms]
   [Clear CT: 0.2 ms]
   [Other: 1.6 ms]
      [Choose CSet: 0.0 ms]
      [Ref Proc: 0.8 ms]
      [Ref Enq: 0.0 ms]
      [Free CSet: 0.6 ms]
   [Eden: 734.0M(734.0M)->0.0B(942.0M) Survivors: 16.0M->16.0M Heap: 861.6M(5632.0M)->128.6M(5632.0M)]
 [Times: user=0.15 sys=0.00, real=0.07 secs] 
2014-06-25T00:19:10.538+0000: 492.987: Total time for which application threads were stopped: 0.0786397 seconds
2014-06-25T00:19:10.765+0000: 493.214: Total time for which application threads were stopped: 0.0002802 seconds
2014-06-25T00:19:11.765+0000: 494.214: Total time for which application threads were stopped: 0.0002558 seconds
2014-06-25T00:19:11.941+0000: 494.390: Total time for which application threads were stopped: 0.0002476 seconds
2014-06-25T00:19:12.565+0000: 495.015: Total time for which application threads were stopped: 0.0008604 seconds
2014-06-25T00:19:13.566+0000: 496.015: Total time for which application threads were stopped: 0.0002531 seconds
2014-06-25T00:19:14.566+0000: 497.015: Total time for which application threads were stopped: 0.0002329 seconds
2014-06-25T00:19:17.568+0000: 500.017: Total time for which application threads were stopped: 0.0011526 seconds
2014-06-25T00:19:18.568+0000: 501.017: Total time for which application threads were stopped: 0.0003018 seconds
2014-06-25T00:19:20.568+0000: 503.018: Total time for which application threads were stopped: 0.0002398 seconds
2014-06-25T00:19:22.569+0000: 505.018: Total time for which application threads were stopped: 0.0002352 seconds
2014-06-25T00:19:25.570+0000: 508.019: Total time for which application threads were stopped: 0.0002456 seconds
2014-06-25T00:19:30.571+0000: 513.020: Total time for which application threads were stopped: 0.0003618 seconds
2014-06-25T00:19:30.762+0000: 513.211: Total time for which application threads were stopped: 0.0003375 seconds
2014-06-25T00:19:30.799+0000: 513.248: Total time for which application threads were stopped: 0.0002697 seconds
2014-06-25T00:19:31.799+0000: 514.248: Total time for which application threads were stopped: 0.0002749 seconds
2014-06-25T00:19:33.571+0000: 516.021: Total time for which application threads were stopped: 0.0002530 seconds
2014-06-25T00:19:33.868+0000: 516.317: Total time for which application threads were stopped: 0.0016482 seconds
2014-06-25T00:19:34.868+0000: 517.318: Total time for which application threads were stopped: 0.0004099 seconds
2014-06-25T00:19:34.994+0000: 517.443: [GC pause (G1 Evacuation Pause) (young)
Desired survivor size 62914560 bytes, new threshold 15 (max 15)
- age   1:    2427032 bytes,    2427032 total
- age   2:    1128992 bytes,    3556024 total
- age   3:      81448 bytes,    3637472 total
- age   4:   11367368 bytes,   15004840 total
, 0.0656504 secs]
   [Parallel Time: 63.8 ms, GC Workers: 2]
      [GC Worker Start (ms): Min: 517443.0, Avg: 517443.0, Max: 517443.1, Diff: 0.0]
      [Ext Root Scanning (ms): Min: 1.2, Avg: 1.4, Max: 1.5, Diff: 0.3, Sum: 2.7]
      [Update RS (ms): Min: 11.1, Avg: 11.4, Max: 11.6, Diff: 0.5, Sum: 22.7]
         [Processed Buffers: Min: 12, Avg: 27.0, Max: 42, Diff: 30, Sum: 54]
      [Scan RS (ms): Min: 2.9, Avg: 5.7, Max: 8.6, Diff: 5.7, Sum: 11.4]
      [Code Root Scanning (ms): Min: 0.4, Avg: 3.5, Max: 6.6, Diff: 6.2, Sum: 6.9]
      [Object Copy (ms): Min: 41.7, Avg: 41.8, Max: 42.0, Diff: 0.4, Sum: 83.7]
      [Termination (ms): Min: 0.0, Avg: 0.0, Max: 0.0, Diff: 0.0, Sum: 0.0]
      [GC Worker Other (ms): Min: 0.0, Avg: 0.0, Max: 0.0, Diff: 0.0, Sum: 0.1]
      [GC Worker Total (ms): Min: 63.8, Avg: 63.8, Max: 63.8, Diff: 0.0, Sum: 127.5]
      [GC Worker End (ms): Min: 517506.8, Avg: 517506.8, Max: 517506.8, Diff: 0.0]
   [Code Root Fixup: 0.3 ms]
   [Code Root Migration: 0.3 ms]
   [Clear CT: 0.3 ms]
   [Other: 0.9 ms]
      [Choose CSet: 0.0 ms]
      [Ref Proc: 0.2 ms]
      [Ref Enq: 0.0 ms]
      [Free CSet: 0.5 ms]
   [Eden: 942.0M(942.0M)->0.0B(1230.0M) Survivors: 16.0M->18.0M Heap: 1070.6M(5632.0M)->130.6M(5632.0M)]
 [Times: user=0.12 sys=0.01, real=0.07 secs] 
2014-06-25T00:19:35.060+0000: 517.509: Total time for which application threads were stopped: 0.0661832 seconds
2014-06-25T00:19:35.072+0000: 517.521: Total time for which application threads were stopped: 0.0003567 seconds
2014-06-25T00:19:35.078+0000: 517.527: Total time for which application threads were stopped: 0.0002150 seconds
2014-06-25T00:19:35.081+0000: 517.530: Total time for which application threads were stopped: 0.0002261 seconds
2014-06-25T00:19:36.081+0000: 518.530: Total time for which application threads were stopped: 0.0002740 seconds
2014-06-25T00:19:38.082+0000: 520.531: Total time for which application threads were stopped: 0.0002551 seconds
2014-06-25T00:19:39.082+0000: 521.531: Total time for which application threads were stopped: 0.0002949 seconds
2014-06-25T00:19:40.083+0000: 522.532: Total time for which application threads were stopped: 0.0003501 seconds
2014-06-25T00:19:40.383+0000: 522.832: Total time for which application threads were stopped: 0.0057267 seconds
2014-06-25T00:19:41.383+0000: 523.832: Total time for which application threads were stopped: 0.0004040 seconds
2014-06-25T00:19:42.344+0000: 524.793: [GC pause (G1 Evacuation Pause) (young)
Desired survivor size 81788928 bytes, new threshold 15 (max 15)
- age   1:    2837736 bytes,    2837736 total
- age   2:    2272376 bytes,    5110112 total
- age   3:    1123832 bytes,    6233944 total
- age   4:      66712 bytes,    6300656 total
- age   5:   11129944 bytes,   17430600 total
, 0.1026188 secs]
   [Parallel Time: 99.4 ms, GC Workers: 2]
      [GC Worker Start (ms): Min: 524793.4, Avg: 524793.4, Max: 524793.4, Diff: 0.0]
      [Ext Root Scanning (ms): Min: 1.1, Avg: 1.3, Max: 1.5, Diff: 0.4, Sum: 2.6]
      [Update RS (ms): Min: 11.3, Avg: 11.4, Max: 11.5, Diff: 0.2, Sum: 22.9]
         [Processed Buffers: Min: 14, Avg: 27.0, Max: 40, Diff: 26, Sum: 54]
      [Scan RS (ms): Min: 8.7, Avg: 8.7, Max: 8.7, Diff: 0.0, Sum: 17.4]
      [Code Root Scanning (ms): Min: 0.3, Avg: 0.4, Max: 0.5, Diff: 0.3, Sum: 0.8]
      [Object Copy (ms): Min: 77.3, Avg: 77.5, Max: 77.7, Diff: 0.4, Sum: 155.0]
      [Termination (ms): Min: 0.0, Avg: 0.0, Max: 0.0, Diff: 0.0, Sum: 0.0]
      [GC Worker Other (ms): Min: 0.0, Avg: 0.0, Max: 0.0, Diff: 0.0, Sum: 0.1]
      [GC Worker Total (ms): Min: 99.4, Avg: 99.4, Max: 99.4, Diff: 0.0, Sum: 198.7]
      [GC Worker End (ms): Min: 524892.8, Avg: 524892.8, Max: 524892.8, Diff: 0.0]
   [Code Root Fixup: 0.3 ms]
   [Code Root Migration: 0.4 ms]
   [Clear CT: 0.4 ms]
   [Other: 2.2 ms]
      [Choose CSet: 0.0 ms]
      [Ref Proc: 1.2 ms]
      [Ref Enq: 0.1 ms]
      [Free CSet: 0.6 ms]
   [Eden: 1230.0M(1230.0M)->0.0B(1148.0M) Survivors: 18.0M->30.0M Heap: 1360.6M(5632.0M)->142.6M(5632.0M)]
 [Times: user=0.20 sys=0.00, real=0.10 secs] 
2014-06-25T00:19:42.447+0000: 524.896: Total time for which application threads were stopped: 0.1032135 seconds
2014-06-25T00:19:43.464+0000: 525.913: Total time for which application threads were stopped: 0.0003731 seconds
2014-06-25T00:19:43.985+0000: 526.434: [GC pause (G1 Evacuation Pause) (young)
Desired survivor size 77594624 bytes, new threshold 15 (max 15)
- age   1:   14057768 bytes,   14057768 total
- age   2:    1341256 bytes,   15399024 total
- age   3:    2212488 bytes,   17611512 total
- age   4:    1102896 bytes,   18714408 total
- age   5:      65816 bytes,   18780224 total
- age   6:   10628512 bytes,   29408736 total
, 0.1000337 secs]
   [Parallel Time: 98.1 ms, GC Workers: 2]
      [GC Worker Start (ms): Min: 526434.1, Avg: 526434.1, Max: 526434.1, Diff: 0.0]
      [Ext Root Scanning (ms): Min: 1.1, Avg: 1.3, Max: 1.5, Diff: 0.4, Sum: 2.6]
      [Update RS (ms): Min: 9.5, Avg: 9.5, Max: 9.6, Diff: 0.1, Sum: 19.0]
         [Processed Buffers: Min: 7, Avg: 18.0, Max: 29, Diff: 22, Sum: 36]
      [Scan RS (ms): Min: 6.7, Avg: 6.8, Max: 6.9, Diff: 0.2, Sum: 13.6]
      [Code Root Scanning (ms): Min: 0.3, Avg: 0.4, Max: 0.4, Diff: 0.1, Sum: 0.8]
      [Object Copy (ms): Min: 79.8, Avg: 80.0, Max: 80.2, Diff: 0.4, Sum: 159.9]
      [Termination (ms): Min: 0.0, Avg: 0.0, Max: 0.0, Diff: 0.0, Sum: 0.0]
      [GC Worker Other (ms): Min: 0.0, Avg: 0.0, Max: 0.1, Diff: 0.0, Sum: 0.1]
      [GC Worker Total (ms): Min: 98.0, Avg: 98.0, Max: 98.0, Diff: 0.0, Sum: 196.0]
      [GC Worker End (ms): Min: 526532.1, Avg: 526532.1, Max: 526532.1, Diff: 0.0]
   [Code Root Fixup: 0.3 ms]
   [Code Root Migration: 0.4 ms]
   [Clear CT: 0.3 ms]
   [Other: 0.9 ms]
      [Choose CSet: 0.0 ms]
      [Ref Proc: 0.1 ms]
      [Ref Enq: 0.0 ms]
      [Free CSet: 0.6 ms]
   [Eden: 1148.0M(1148.0M)->0.0B(1416.0M) Survivors: 30.0M->32.0M Heap: 1290.6M(5632.0M)->144.6M(5632.0M)]
 [Times: user=0.19 sys=0.01, real=0.10 secs] 
2014-06-25T00:19:44.085+0000: 526.534: Total time for which application threads were stopped: 0.1005984 seconds
2014-06-25T00:19:45.086+0000: 527.535: Total time for which application threads were stopped: 0.0003548 seconds
2014-06-25T00:19:45.606+0000: 528.055: [GC pause (G1 Evacuation Pause) (young)
Desired survivor size 95420416 bytes, new threshold 15 (max 15)
- age   1:    1980888 bytes,    1980888 total
- age   2:   13804800 bytes,   15785688 total
- age   3:    1341184 bytes,   17126872 total
- age   4:    2192248 bytes,   19319120 total
- age   5:    1102896 bytes,   20422016 total
- age   6:      65816 bytes,   20487832 total
- age   7:   10625680 bytes,   31113512 total
, 0.1236174 secs]
   [Parallel Time: 121.4 ms, GC Workers: 2]
      [GC Worker Start (ms): Min: 528055.3, Avg: 528055.3, Max: 528055.3, Diff: 0.0]
      [Ext Root Scanning (ms): Min: 1.1, Avg: 1.3, Max: 1.5, Diff: 0.4, Sum: 2.6]
      [Update RS (ms): Min: 8.7, Avg: 8.8, Max: 8.9, Diff: 0.2, Sum: 17.6]
         [Processed Buffers: Min: 10, Avg: 17.0, Max: 24, Diff: 14, Sum: 34]
      [Scan RS (ms): Min: 7.1, Avg: 7.2, Max: 7.3, Diff: 0.2, Sum: 14.3]
      [Code Root Scanning (ms): Min: 0.4, Avg: 0.5, Max: 0.5, Diff: 0.1, Sum: 0.9]
      [Object Copy (ms): Min: 103.3, Avg: 103.6, Max: 103.8, Diff: 0.5, Sum: 207.2]
      [Termination (ms): Min: 0.0, Avg: 0.0, Max: 0.0, Diff: 0.0, Sum: 0.0]
      [GC Worker Other (ms): Min: 0.0, Avg: 0.1, Max: 0.1, Diff: 0.0, Sum: 0.1]
      [GC Worker Total (ms): Min: 121.3, Avg: 121.4, Max: 121.4, Diff: 0.0, Sum: 242.7]
      [GC Worker End (ms): Min: 528176.6, Avg: 528176.7, Max: 528176.7, Diff: 0.0]
   [Code Root Fixup: 0.3 ms]
   [Code Root Migration: 0.4 ms]
   [Clear CT: 0.4 ms]
   [Other: 1.0 ms]
      [Choose CSet: 0.0 ms]
      [Ref Proc: 0.1 ms]
      [Ref Enq: 0.0 ms]
      [Free CSet: 0.7 ms]
   [Eden: 1416.0M(1416.0M)->0.0B(1584.0M) Survivors: 32.0M->32.0M Heap: 1560.6M(5632.0M)->144.6M(5632.0M)]
 [Times: user=0.21 sys=0.04, real=0.13 secs] 
2014-06-25T00:19:45.730+0000: 528.179: Total time for which application threads were stopped: 0.1241189 seconds
2014-06-25T00:19:46.730+0000: 529.180: Total time for which application threads were stopped: 0.0003675 seconds
2014-06-25T00:19:46.757+0000: 529.206: Total time for which application threads were stopped: 0.0003757 seconds
2014-06-25T00:19:46.824+0000: 529.273: Total time for which application threads were stopped: 0.0051424 seconds
2014-06-25T00:19:46.837+0000: 529.286: Total time for which application threads were stopped: 0.0022019 seconds
2014-06-25T00:19:46.837+0000: 529.286: Total time for which application threads were stopped: 0.0002147 seconds
2014-06-25T00:19:46.838+0000: 529.287: Total time for which application threads were stopped: 0.0002469 seconds
2014-06-25T00:19:46.838+0000: 529.287: Total time for which application threads were stopped: 0.0002240 seconds
2014-06-25T00:19:46.877+0000: 529.326: Total time for which application threads were stopped: 0.0010663 seconds
2014-06-25T00:19:47.878+0000: 530.327: Total time for which application threads were stopped: 0.0004274 seconds
2014-06-25T00:19:48.234+0000: 530.684: [GC pause (G1 Evacuation Pause) (young)
Desired survivor size 105906176 bytes, new threshold 15 (max 15)
- age   1:    1658880 bytes,    1658880 total
- age   2:    1961360 bytes,    3620240 total
- age   3:   13638640 bytes,   17258880 total
- age   4:    1341160 bytes,   18600040 total
- age   5:    2167416 bytes,   20767456 total
- age   6:    1102896 bytes,   21870352 total
- age   7:      65816 bytes,   21936168 total
- age   8:   10624936 bytes,   32561104 total
, 0.1260326 secs]
   [Parallel Time: 123.6 ms, GC Workers: 2]
      [GC Worker Start (ms): Min: 530683.6, Avg: 530683.6, Max: 530683.6, Diff: 0.0]
      [Ext Root Scanning (ms): Min: 1.1, Avg: 1.3, Max: 1.5, Diff: 0.4, Sum: 2.6]
      [Update RS (ms): Min: 9.9, Avg: 10.0, Max: 10.1, Diff: 0.2, Sum: 20.0]
         [Processed Buffers: Min: 21, Avg: 24.0, Max: 27, Diff: 6, Sum: 48]
      [Scan RS (ms): Min: 6.5, Avg: 6.7, Max: 6.9, Diff: 0.3, Sum: 13.4]
      [Code Root Scanning (ms): Min: 0.3, Avg: 0.5, Max: 0.7, Diff: 0.3, Sum: 1.0]
      [Object Copy (ms): Min: 104.9, Avg: 104.9, Max: 105.0, Diff: 0.1, Sum: 209.9]
      [Termination (ms): Min: 0.0, Avg: 0.0, Max: 0.0, Diff: 0.0, Sum: 0.0]
      [GC Worker Other (ms): Min: 0.0, Avg: 0.0, Max: 0.1, Diff: 0.0, Sum: 0.1]
      [GC Worker Total (ms): Min: 123.5, Avg: 123.5, Max: 123.5, Diff: 0.0, Sum: 247.0]
      [GC Worker End (ms): Min: 530807.1, Avg: 530807.1, Max: 530807.2, Diff: 0.0]
   [Code Root Fixup: 0.3 ms]
   [Code Root Migration: 0.5 ms]
   [Clear CT: 0.4 ms]
   [Other: 1.3 ms]
      [Choose CSet: 0.0 ms]
      [Ref Proc: 0.2 ms]
      [Ref Enq: 0.0 ms]
      [Free CSet: 0.8 ms]
   [Eden: 1584.0M(1584.0M)->0.0B(3344.0M) Survivors: 32.0M->34.0M Heap: 1728.6M(5632.0M)->146.6M(5632.0M)]
 [Times: user=0.19 sys=0.06, real=0.13 secs] 
2014-06-25T00:19:48.361+0000: 530.810: Total time for which application threads were stopped: 0.1265800 seconds
2014-06-25T00:19:49.361+0000: 531.810: Total time for which application threads were stopped: 0.0003483 seconds
2014-06-25T00:19:50.695+0000: 533.145: Total time for which application threads were stopped: 0.0004682 seconds
2014-06-25T00:19:51.696+0000: 534.145: Total time for which application threads were stopped: 0.0003756 seconds
2014-06-25T00:19:53.697+0000: 536.146: Total time for which application threads were stopped: 0.0004130 seconds
2014-06-25T00:19:54.347+0000: 536.796: [GC pause (G1 Evacuation Pause) (young)
Desired survivor size 222298112 bytes, new threshold 15 (max 15)
- age   1:    1550616 bytes,    1550616 total
- age   2:    1642504 bytes,    3193120 total
- age   3:    1960320 bytes,    5153440 total
- age   4:   12713216 bytes,   17866656 total
- age   5:    1340712 bytes,   19207368 total
- age   6:    2159616 bytes,   21366984 total
- age   7:    1102896 bytes,   22469880 total
- age   8:      65056 bytes,   22534936 total
- age   9:   10624176 bytes,   33159112 total
, 0.1340402 secs]
   [Parallel Time: 130.2 ms, GC Workers: 2]
      [GC Worker Start (ms): Min: 536796.4, Avg: 536796.4, Max: 536796.4, Diff: 0.0]
      [Ext Root Scanning (ms): Min: 1.1, Avg: 1.3, Max: 1.5, Diff: 0.4, Sum: 2.6]
      [Update RS (ms): Min: 10.2, Avg: 10.5, Max: 10.8, Diff: 0.6, Sum: 20.9]
         [Processed Buffers: Min: 10, Avg: 26.0, Max: 42, Diff: 32, Sum: 52]
      [Scan RS (ms): Min: 7.4, Avg: 7.5, Max: 7.7, Diff: 0.3, Sum: 15.1]
      [Code Root Scanning (ms): Min: 0.8, Avg: 0.9, Max: 1.0, Diff: 0.2, Sum: 1.8]
      [Object Copy (ms): Min: 109.8, Avg: 109.8, Max: 109.9, Diff: 0.0, Sum: 219.7]
      [Termination (ms): Min: 0.0, Avg: 0.0, Max: 0.0, Diff: 0.0, Sum: 0.0]
      [GC Worker Other (ms): Min: 0.0, Avg: 0.1, Max: 0.1, Diff: 0.0, Sum: 0.1]
      [GC Worker Total (ms): Min: 130.1, Avg: 130.1, Max: 130.1, Diff: 0.0, Sum: 260.2]
      [GC Worker End (ms): Min: 536926.5, Avg: 536926.5, Max: 536926.6, Diff: 0.0]
   [Code Root Fixup: 0.3 ms]
   [Code Root Migration: 0.6 ms]
   [Clear CT: 0.9 ms]
   [Other: 2.1 ms]
      [Choose CSet: 0.0 ms]
      [Ref Proc: 0.2 ms]
      [Ref Enq: 0.0 ms]
      [Free CSet: 1.6 ms]
   [Eden: 3344.0M(3344.0M)->0.0B(3342.0M) Survivors: 34.0M->36.0M Heap: 3490.6M(5632.0M)->147.6M(5632.0M)]
 [Times: user=0.24 sys=0.03, real=0.13 secs] 
2014-06-25T00:19:54.481+0000: 536.930: Total time for which application threads were stopped: 0.1345865 seconds
2014-06-25T00:19:54.859+0000: 537.308: Total time for which application threads were stopped: 0.0004043 seconds
2014-06-25T00:19:54.864+0000: 537.313: Total time for which application threads were stopped: 0.0041983 seconds
2014-06-25T00:19:54.865+0000: 537.314: Total time for which application threads were stopped: 0.0002189 seconds
2014-06-25T00:19:54.866+0000: 537.315: Total time for which application threads were stopped: 0.0002151 seconds
2014-06-25T00:19:54.866+0000: 537.315: Total time for which application threads were stopped: 0.0002016 seconds
2014-06-25T00:19:54.866+0000: 537.315: Total time for which application threads were stopped: 0.0002065 seconds
2014-06-25T00:19:54.866+0000: 537.316: Total time for which application threads were stopped: 0.0002287 seconds
2014-06-25T00:19:57.867+0000: 540.316: Total time for which application threads were stopped: 0.0003884 seconds
2014-06-25T00:19:58.194+0000: 540.643: [GC pause (G1 Evacuation Pause) (young)
Desired survivor size 222298112 bytes, new threshold 15 (max 15)
- age   1:    1629928 bytes,    1629928 total
- age   2:    1517664 bytes,    3147592 total
- age   3:    1642480 bytes,    4790072 total
- age   4:    1960288 bytes,    6750360 total
- age   5:   12587008 bytes,   19337368 total
- age   6:    1338328 bytes,   20675696 total
- age   7:    2149784 bytes,   22825480 total
- age   8:    1102896 bytes,   23928376 total
- age   9:      65056 bytes,   23993432 total
- age  10:   10624176 bytes,   34617608 total
, 0.1134383 secs]
   [Parallel Time: 109.7 ms, GC Workers: 2]
      [GC Worker Start (ms): Min: 540643.3, Avg: 540643.3, Max: 540643.3, Diff: 0.0]
      [Ext Root Scanning (ms): Min: 1.1, Avg: 1.3, Max: 1.5, Diff: 0.4, Sum: 2.6]
      [Update RS (ms): Min: 10.9, Avg: 11.0, Max: 11.0, Diff: 0.2, Sum: 21.9]
         [Processed Buffers: Min: 16, Avg: 23.5, Max: 31, Diff: 15, Sum: 47]
      [Scan RS (ms): Min: 7.4, Avg: 7.5, Max: 7.5, Diff: 0.1, Sum: 14.9]
      [Code Root Scanning (ms): Min: 0.8, Avg: 0.9, Max: 1.0, Diff: 0.2, Sum: 1.8]
      [Object Copy (ms): Min: 89.0, Avg: 89.0, Max: 89.0, Diff: 0.0, Sum: 178.0]
      [Termination (ms): Min: 0.0, Avg: 0.0, Max: 0.0, Diff: 0.0, Sum: 0.0]
      [GC Worker Other (ms): Min: 0.0, Avg: 0.0, Max: 0.1, Diff: 0.0, Sum: 0.1]
      [GC Worker Total (ms): Min: 109.7, Avg: 109.7, Max: 109.7, Diff: 0.0, Sum: 219.4]
      [GC Worker End (ms): Min: 540753.0, Avg: 540753.0, Max: 540753.0, Diff: 0.0]
   [Code Root Fixup: 0.3 ms]
   [Code Root Migration: 0.6 ms]
   [Clear CT: 0.8 ms]
   [Other: 2.0 ms]
      [Choose CSet: 0.0 ms]
      [Ref Proc: 0.1 ms]
      [Ref Enq: 0.0 ms]
      [Free CSet: 1.7 ms]
   [Eden: 3342.0M(3342.0M)->0.0B(3342.0M) Survivors: 36.0M->36.0M Heap: 3489.6M(5632.0M)->147.6M(5632.0M)]
 [Times: user=0.23 sys=0.00, real=0.12 secs] 
2014-06-25T00:19:58.308+0000: 540.757: Total time for which application threads were stopped: 0.1140086 seconds
2014-06-25T00:20:01.308+0000: 543.758: Total time for which application threads were stopped: 0.0003008 seconds
2014-06-25T00:20:03.309+0000: 545.758: Total time for which application threads were stopped: 0.0003502 seconds
2014-06-25T00:20:03.576+0000: 546.025: Total time for which application threads were stopped: 0.0002673 seconds
2014-06-25T00:20:04.577+0000: 547.026: Total time for which application threads were stopped: 0.0002546 seconds
2014-06-25T00:20:05.577+0000: 548.026: Total time for which application threads were stopped: 0.0002449 seconds
2014-06-25T00:20:06.577+0000: 549.027: Total time for which application threads were stopped: 0.0002467 seconds
2014-06-25T00:20:07.292+0000: 549.741: Total time for which application threads were stopped: 0.0002716 seconds
2014-06-25T00:20:07.307+0000: 549.756: Total time for which application threads were stopped: 0.0002873 seconds
2014-06-25T00:20:07.308+0000: 549.757: Total time for which application threads were stopped: 0.0001962 seconds
2014-06-25T00:20:07.310+0000: 549.759: Total time for which application threads were stopped: 0.0001693 seconds
2014-06-25T00:20:07.313+0000: 549.762: Total time for which application threads were stopped: 0.0002681 seconds
2014-06-25T00:20:07.320+0000: 549.769: Total time for which application threads were stopped: 0.0002742 seconds
2014-06-25T00:20:07.320+0000: 549.770: Total time for which application threads were stopped: 0.0002716 seconds
2014-06-25T00:20:07.329+0000: 549.778: Total time for which application threads were stopped: 0.0004798 seconds
2014-06-25T00:20:07.332+0000: 549.781: Total time for which application threads were stopped: 0.0001921 seconds
2014-06-25T00:20:07.334+0000: 549.783: Total time for which application threads were stopped: 0.0001928 seconds
2014-06-25T00:20:07.334+0000: 549.783: Total time for which application threads were stopped: 0.0001845 seconds
2014-06-25T00:20:07.335+0000: 549.784: Total time for which application threads were stopped: 0.0001823 seconds
2014-06-25T00:20:07.335+0000: 549.784: Total time for which application threads were stopped: 0.0001787 seconds
2014-06-25T00:20:07.373+0000: 549.822: Total time for which application threads were stopped: 0.0001714 seconds
2014-06-25T00:20:09.872+0000: 552.322: Total time for which application threads were stopped: 0.0002807 seconds
2014-06-25T00:20:09.874+0000: 552.323: Total time for which application threads were stopped: 0.0001564 seconds
2014-06-25T00:20:09.875+0000: 552.324: Total time for which application threads were stopped: 0.0001499 seconds
2014-06-25T00:20:09.875+0000: 552.324: Total time for which application threads were stopped: 0.0001478 seconds
2014-06-25T00:20:09.875+0000: 552.324: Total time for which application threads were stopped: 0.0001465 seconds
2014-06-25T00:20:09.875+0000: 552.324: Total time for which application threads were stopped: 0.0001472 seconds
2014-06-25T00:20:09.875+0000: 552.325: Total time for which application threads were stopped: 0.0001466 seconds
2014-06-25T00:20:10.876+0000: 553.325: Total time for which application threads were stopped: 0.0002428 seconds
2014-06-25T00:20:11.122+0000: 553.571: Total time for which application threads were stopped: 0.0002438 seconds
2014-06-25T00:20:11.122+0000: 553.571: Total time for which application threads were stopped: 0.0001997 seconds
2014-06-25T00:20:12.122+0000: 554.571: Total time for which application threads were stopped: 0.0002551 seconds
2014-06-25T00:20:13.123+0000: 555.572: Total time for which application threads were stopped: 0.0002517 seconds
2014-06-25T00:20:14.123+0000: 556.572: Total time for which application threads were stopped: 0.0002243 seconds
2014-06-25T00:20:19.052+0000: 561.501: Total time for which application threads were stopped: 0.0005761 seconds
2014-06-25T00:20:19.053+0000: 561.503: Total time for which application threads were stopped: 0.0012407 seconds
2014-06-25T00:20:19.054+0000: 561.503: Total time for which application threads were stopped: 0.0002144 seconds
2014-06-25T00:20:20.054+0000: 562.503: Total time for which application threads were stopped: 0.0002574 seconds
2014-06-25T00:20:23.055+0000: 565.504: Total time for which application threads were stopped: 0.0002505 seconds
2014-06-25T00:20:39.057+0000: 581.506: Total time for which application threads were stopped: 0.0002593 seconds
2014-06-25T00:20:46.260+0000: 588.709: Total time for which application threads were stopped: 0.0091107 seconds
2014-06-25T00:20:47.260+0000: 589.709: Total time for which application threads were stopped: 0.0002386 seconds
2014-06-25T00:20:50.261+0000: 592.710: Total time for which application threads were stopped: 0.0002700 seconds
2014-06-25T00:21:01.272+0000: 603.721: Total time for which application threads were stopped: 0.0002761 seconds
2014-06-25T00:21:01.312+0000: 603.761: Total time for which application threads were stopped: 0.0002807 seconds
2014-06-25T00:21:02.313+0000: 604.762: Total time for which application threads were stopped: 0.0002594 seconds
2014-06-25T00:21:03.313+0000: 605.762: Total time for which application threads were stopped: 0.0002593 seconds
2014-06-25T00:21:04.313+0000: 606.763: Total time for which application threads were stopped: 0.0002810 seconds
2014-06-25T00:21:04.545+0000: 606.994: Total time for which application threads were stopped: 0.0003550 seconds
2014-06-25T00:21:04.548+0000: 606.997: Total time for which application threads were stopped: 0.0004686 seconds
2014-06-25T00:21:05.548+0000: 607.997: Total time for which application threads were stopped: 0.0003029 seconds
2014-06-25T00:21:08.549+0000: 610.998: Total time for which application threads were stopped: 0.0002923 seconds
2014-06-25T00:21:12.550+0000: 614.999: Total time for which application threads were stopped: 0.0002664 seconds
2014-06-25T00:21:15.584+0000: 618.033: Total time for which application threads were stopped: 0.0335508 seconds
2014-06-25T00:21:16.273+0000: 618.722: Total time for which application threads were stopped: 0.0002572 seconds
2014-06-25T00:21:19.550+0000: 621.999: Total time for which application threads were stopped: 0.0002870 seconds
2014-06-25T00:21:20.476+0000: 622.925: Total time for which application threads were stopped: 0.0003338 seconds
2014-06-25T00:21:20.477+0000: 622.926: Total time for which application threads were stopped: 0.0001510 seconds
2014-06-25T00:21:21.477+0000: 623.926: Total time for which application threads were stopped: 0.0002524 seconds
2014-06-25T00:21:22.478+0000: 624.927: Total time for which application threads were stopped: 0.0002757 seconds
2014-06-25T00:21:25.675+0000: 628.124: Total time for which application threads were stopped: 0.0002890 seconds
2014-06-25T00:21:25.687+0000: 628.136: Total time for which application threads were stopped: 0.0003079 seconds
2014-06-25T00:21:26.688+0000: 629.137: Total time for which application threads were stopped: 0.0003779 seconds
2014-06-25T00:21:28.169+0000: 630.618: Total time for which application threads were stopped: 0.4813386 seconds
2014-06-25T00:21:29.170+0000: 631.619: Total time for which application threads were stopped: 0.0003643 seconds
2014-06-25T00:21:30.170+0000: 632.619: Total time for which application threads were stopped: 0.0003530 seconds
2014-06-25T00:21:31.171+0000: 633.620: Total time for which application threads were stopped: 0.0003520 seconds
2014-06-25T00:21:31.395+0000: 633.844: [GC pause (G1 Evacuation Pause) (young)
Desired survivor size 222298112 bytes, new threshold 15 (max 15)
- age   1:     896128 bytes,     896128 total
- age   2:    1599824 bytes,    2495952 total
- age   3:    1517544 bytes,    4013496 total
- age   4:    1626080 bytes,    5639576 total
- age   5:    1960288 bytes,    7599864 total
- age   6:   12515536 bytes,   20115400 total
- age   7:    1338224 bytes,   21453624 total
- age   8:    2145528 bytes,   23599152 total
- age   9:    1102896 bytes,   24702048 total
- age  10:      65056 bytes,   24767104 total
- age  11:   10624176 bytes,   35391280 total
, 0.1248387 secs]
   [Parallel Time: 119.3 ms, GC Workers: 2]
      [GC Worker Start (ms): Min: 633844.3, Avg: 633844.3, Max: 633844.3, Diff: 0.0]
      [Ext Root Scanning (ms): Min: 1.7, Avg: 1.7, Max: 1.8, Diff: 0.0, Sum: 3.5]
      [Update RS (ms): Min: 13.5, Avg: 13.7, Max: 13.8, Diff: 0.3, Sum: 27.4]
         [Processed Buffers: Min: 33, Avg: 33.5, Max: 34, Diff: 1, Sum: 67]
      [Scan RS (ms): Min: 6.9, Avg: 6.9, Max: 7.0, Diff: 0.0, Sum: 13.9]
      [Code Root Scanning (ms): Min: 0.9, Avg: 1.0, Max: 1.2, Diff: 0.3, Sum: 2.0]
      [Object Copy (ms): Min: 95.8, Avg: 95.8, Max: 95.8, Diff: 0.0, Sum: 191.7]
      [Termination (ms): Min: 0.0, Avg: 0.0, Max: 0.0, Diff: 0.0, Sum: 0.0]
      [GC Worker Other (ms): Min: 0.0, Avg: 0.0, Max: 0.1, Diff: 0.0, Sum: 0.1]
      [GC Worker Total (ms): Min: 119.3, Avg: 119.3, Max: 119.3, Diff: 0.0, Sum: 238.5]
      [GC Worker End (ms): Min: 633963.5, Avg: 633963.6, Max: 633963.6, Diff: 0.0]
   [Code Root Fixup: 0.3 ms]
   [Code Root Migration: 0.7 ms]
   [Clear CT: 0.8 ms]
   [Other: 3.7 ms]
      [Choose CSet: 0.0 ms]
      [Ref Proc: 1.5 ms]
      [Ref Enq: 0.1 ms]
      [Free CSet: 1.8 ms]
   [Eden: 3342.0M(3342.0M)->0.0B(3342.0M) Survivors: 36.0M->36.0M Heap: 3489.6M(5632.0M)->148.6M(5632.0M)]
 [Times: user=0.23 sys=0.01, real=0.20 secs] 
2014-06-25T00:21:31.598+0000: 634.047: Total time for which application threads were stopped: 0.2030781 seconds
2014-06-25T00:21:31.629+0000: 634.078: Total time for which application threads were stopped: 0.0056237 seconds
2014-06-25T00:21:31.632+0000: 634.081: Total time for which application threads were stopped: 0.0005201 seconds
2014-06-25T00:21:35.735+0000: 638.184: [GC pause (G1 Evacuation Pause) (young)
Desired survivor size 222298112 bytes, new threshold 15 (max 15)
- age   1:   16265760 bytes,   16265760 total
- age   2:      68840 bytes,   16334600 total
- age   3:     316120 bytes,   16650720 total
- age   4:     139224 bytes,   16789944 total
- age   5:     166872 bytes,   16956816 total
- age   6:     222536 bytes,   17179352 total
- age   7:    3031952 bytes,   20211304 total
- age   8:    1275576 bytes,   21486880 total
- age   9:    2053264 bytes,   23540144 total
- age  10:    1102336 bytes,   24642480 total
- age  11:      63464 bytes,   24705944 total
- age  12:   10574544 bytes,   35280488 total
, 0.1290182 secs]
   [Parallel Time: 124.8 ms, GC Workers: 2]
      [GC Worker Start (ms): Min: 638184.6, Avg: 638184.6, Max: 638184.6, Diff: 0.0]
      [Ext Root Scanning (ms): Min: 1.1, Avg: 1.3, Max: 1.6, Diff: 0.5, Sum: 2.7]
      [Update RS (ms): Min: 14.2, Avg: 14.5, Max: 14.8, Diff: 0.6, Sum: 29.1]
         [Processed Buffers: Min: 13, Avg: 27.0, Max: 41, Diff: 28, Sum: 54]
      [Scan RS (ms): Min: 6.7, Avg: 7.1, Max: 7.5, Diff: 0.8, Sum: 14.2]
      [Code Root Scanning (ms): Min: 0.9, Avg: 1.2, Max: 1.4, Diff: 0.5, Sum: 2.3]
      [Object Copy (ms): Min: 100.4, Avg: 100.5, Max: 100.6, Diff: 0.2, Sum: 201.1]
      [Termination (ms): Min: 0.0, Avg: 0.0, Max: 0.0, Diff: 0.0, Sum: 0.0]
      [GC Worker Other (ms): Min: 0.0, Avg: 0.1, Max: 0.1, Diff: 0.0, Sum: 0.1]
      [GC Worker Total (ms): Min: 124.7, Avg: 124.7, Max: 124.8, Diff: 0.1, Sum: 249.5]
      [GC Worker End (ms): Min: 638309.4, Avg: 638309.4, Max: 638309.4, Diff: 0.0]
   [Code Root Fixup: 0.4 ms]
   [Code Root Migration: 0.6 ms]
   [Clear CT: 0.9 ms]
   [Other: 2.3 ms]
      [Choose CSet: 0.0 ms]
      [Ref Proc: 0.3 ms]
      [Ref Enq: 0.0 ms]
      [Free CSet: 1.8 ms]
   [Eden: 3342.0M(3342.0M)->0.0B(3340.0M) Survivors: 36.0M->38.0M Heap: 3490.6M(5632.0M)->149.6M(5632.0M)]
 [Times: user=0.24 sys=0.00, real=0.13 secs] 
2014-06-25T00:21:35.865+0000: 638.314: Total time for which application threads were stopped: 0.1295619 seconds
2014-06-25T00:21:37.872+0000: 640.322: Total time for which application threads were stopped: 0.0003731 seconds
2014-06-25T00:21:38.873+0000: 641.322: Total time for which application threads were stopped: 0.0002805 seconds
2014-06-25T00:21:41.527+0000: 643.976: Total time for which application threads were stopped: 0.0003125 seconds
2014-06-25T00:21:41.528+0000: 643.977: Total time for which application threads were stopped: 0.0001926 seconds
2014-06-25T00:21:41.528+0000: 643.977: Total time for which application threads were stopped: 0.0001691 seconds
2014-06-25T00:21:41.528+0000: 643.978: Total time for which application threads were stopped: 0.0001650 seconds
2014-06-25T00:21:43.531+0000: 645.980: Total time for which application threads were stopped: 0.0024712 seconds
2014-06-25T00:21:46.176+0000: 648.626: Total time for which application threads were stopped: 0.0004203 seconds
2014-06-25T00:21:46.539+0000: 648.988: Total time for which application threads were stopped: 0.0003210 seconds
2014-06-25T00:21:47.540+0000: 649.989: Total time for which application threads were stopped: 0.0003329 seconds
2014-06-25T00:21:49.551+0000: 652.000: Total time for which application threads were stopped: 0.0002760 seconds
2014-06-25T00:21:49.991+0000: 652.440: Total time for which application threads were stopped: 0.0002866 seconds
2014-06-25T00:21:49.991+0000: 652.440: Total time for which application threads were stopped: 0.0001711 seconds
2014-06-25T00:21:49.991+0000: 652.440: Total time for which application threads were stopped: 0.0001507 seconds
2014-06-25T00:21:49.991+0000: 652.441: Total time for which application threads were stopped: 0.0002036 seconds
2014-06-25T00:21:49.992+0000: 652.441: Total time for which application threads were stopped: 0.0001503 seconds
2014-06-25T00:21:50.031+0000: 652.481: [GC pause (G1 Evacuation Pause) (young)
Desired survivor size 222298112 bytes, new threshold 15 (max 15)
- age   1:    1874864 bytes,    1874864 total
- age   2:   16190128 bytes,   18064992 total
- age   3:      68744 bytes,   18133736 total
- age   4:     316120 bytes,   18449856 total
- age   5:     139224 bytes,   18589080 total
- age   6:     166872 bytes,   18755952 total
- age   7:     222536 bytes,   18978488 total
- age   8:    3031912 bytes,   22010400 total
- age   9:    1275504 bytes,   23285904 total
- age  10:    2053264 bytes,   25339168 total
- age  11:    1102336 bytes,   26441504 total
- age  12:      63464 bytes,   26504968 total
- age  13:   10574504 bytes,   37079472 total
, 0.0895149 secs]
   [Parallel Time: 85.2 ms, GC Workers: 2]
      [GC Worker Start (ms): Min: 652480.7, Avg: 652480.8, Max: 652480.8, Diff: 0.0]
      [Ext Root Scanning (ms): Min: 1.2, Avg: 1.4, Max: 1.6, Diff: 0.4, Sum: 2.8]
      [Update RS (ms): Min: 14.6, Avg: 14.8, Max: 15.0, Diff: 0.4, Sum: 29.6]
         [Processed Buffers: Min: 20, Avg: 30.0, Max: 40, Diff: 20, Sum: 60]
      [Scan RS (ms): Min: 7.6, Avg: 8.0, Max: 8.5, Diff: 0.9, Sum: 16.1]
      [Code Root Scanning (ms): Min: 0.8, Avg: 1.1, Max: 1.4, Diff: 0.6, Sum: 2.3]
      [Object Copy (ms): Min: 59.5, Avg: 59.7, Max: 59.9, Diff: 0.4, Sum: 119.4]
      [Termination (ms): Min: 0.0, Avg: 0.0, Max: 0.0, Diff: 0.0, Sum: 0.0]
      [GC Worker Other (ms): Min: 0.0, Avg: 0.1, Max: 0.1, Diff: 0.0, Sum: 0.1]
      [GC Worker Total (ms): Min: 85.1, Avg: 85.1, Max: 85.1, Diff: 0.0, Sum: 170.2]
      [GC Worker End (ms): Min: 652565.9, Avg: 652565.9, Max: 652565.9, Diff: 0.0]
   [Code Root Fixup: 0.3 ms]
   [Code Root Migration: 0.7 ms]
   [Clear CT: 0.8 ms]
   [Other: 2.5 ms]
      [Choose CSet: 0.0 ms]
      [Ref Proc: 0.4 ms]
      [Ref Enq: 0.0 ms]
      [Free CSet: 1.8 ms]
   [Eden: 3340.0M(3340.0M)->0.0B(3354.0M) Survivors: 38.0M->24.0M Heap: 3489.6M(5632.0M)->136.6M(5632.0M)]
 [Times: user=0.16 sys=0.00, real=0.09 secs] 
2014-06-25T00:21:50.121+0000: 652.570: Total time for which application threads were stopped: 0.0936382 seconds
2014-06-25T00:21:51.128+0000: 653.577: Total time for which application threads were stopped: 0.0003553 seconds
2014-06-25T00:21:52.128+0000: 654.577: Total time for which application threads were stopped: 0.0003444 seconds
2014-06-25T00:21:53.129+0000: 655.578: Total time for which application threads were stopped: 0.0003537 seconds
2014-06-25T00:21:56.129+0000: 658.579: Total time for which application threads were stopped: 0.0002722 seconds
2014-06-25T00:21:58.132+0000: 660.581: Total time for which application threads were stopped: 0.0023547 seconds
2014-06-25T00:22:06.133+0000: 668.582: Total time for which application threads were stopped: 0.0002663 seconds
2014-06-25T00:22:12.134+0000: 674.583: Total time for which application threads were stopped: 0.0002598 seconds
2014-06-25T00:22:13.113+0000: 675.562: Total time for which application threads were stopped: 0.0003493 seconds
2014-06-25T00:22:13.113+0000: 675.562: Total time for which application threads were stopped: 0.0002368 seconds
2014-06-25T00:22:13.164+0000: 675.613: [GC pause (G1 Evacuation Pause) (young)
Desired survivor size 222298112 bytes, new threshold 15 (max 15)
- age   1:    1905320 bytes,    1905320 total
- age   2:      25520 bytes,    1930840 total
- age   3:    1987128 bytes,    3917968 total
- age   4:      67880 bytes,    3985848 total
- age   5:     315360 bytes,    4301208 total
- age   6:     138336 bytes,    4439544 total
- age   7:     166872 bytes,    4606416 total
- age   8:     222536 bytes,    4828952 total
- age   9:    3028928 bytes,    7857880 total
- age  10:    1218864 bytes,    9076744 total
- age  11:    2041296 bytes,   11118040 total
- age  12:    1097456 bytes,   12215496 total
- age  13:      63464 bytes,   12278960 total
- age  14:   10503456 bytes,   22782416 total
, 0.0881913 secs]
   [Parallel Time: 83.6 ms, GC Workers: 2]
      [GC Worker Start (ms): Min: 675613.3, Avg: 675613.3, Max: 675613.3, Diff: 0.0]
      [Ext Root Scanning (ms): Min: 1.2, Avg: 1.4, Max: 1.6, Diff: 0.4, Sum: 2.8]
      [Update RS (ms): Min: 16.3, Avg: 16.6, Max: 16.9, Diff: 0.5, Sum: 33.2]
         [Processed Buffers: Min: 15, Avg: 31.0, Max: 47, Diff: 32, Sum: 62]
      [Scan RS (ms): Min: 6.5, Avg: 6.6, Max: 6.7, Diff: 0.1, Sum: 13.2]
      [Code Root Scanning (ms): Min: 0.8, Avg: 1.0, Max: 1.1, Diff: 0.2, Sum: 1.9]
      [Object Copy (ms): Min: 57.8, Avg: 58.0, Max: 58.1, Diff: 0.2, Sum: 115.9]
      [Termination (ms): Min: 0.0, Avg: 0.0, Max: 0.0, Diff: 0.0, Sum: 0.0]
      [GC Worker Other (ms): Min: 0.0, Avg: 0.1, Max: 0.1, Diff: 0.0, Sum: 0.1]
      [GC Worker Total (ms): Min: 83.5, Avg: 83.5, Max: 83.6, Diff: 0.0, Sum: 167.1]
      [GC Worker End (ms): Min: 675696.8, Avg: 675696.8, Max: 675696.8, Diff: 0.0]
   [Code Root Fixup: 0.4 ms]
   [Code Root Migration: 0.7 ms]
   [Clear CT: 0.9 ms]
   [Other: 2.7 ms]
      [Choose CSet: 0.0 ms]
      [Ref Proc: 0.7 ms]
      [Ref Enq: 0.1 ms]
      [Free CSet: 1.7 ms]
   [Eden: 3354.0M(3354.0M)->0.0B(3354.0M) Survivors: 24.0M->24.0M Heap: 3490.6M(5632.0M)->136.6M(5632.0M)]
 [Times: user=0.16 sys=0.00, real=0.11 secs] 
2014-06-25T00:22:13.274+0000: 675.723: Total time for which application threads were stopped: 0.1105210 seconds
2014-06-25T00:22:14.285+0000: 676.734: Total time for which application threads were stopped: 0.0004699 seconds
2014-06-25T00:22:14.884+0000: 677.333: Total time for which application threads were stopped: 0.0032597 seconds
2014-06-25T00:22:15.016+0000: 677.465: Total time for which application threads were stopped: 0.0013511 seconds
2014-06-25T00:22:16.016+0000: 678.465: Total time for which application threads were stopped: 0.0002689 seconds
2014-06-25T00:22:18.017+0000: 680.466: Total time for which application threads were stopped: 0.0003613 seconds
2014-06-25T00:22:21.018+0000: 683.467: Total time for which application threads were stopped: 0.0003047 seconds
2014-06-25T00:22:21.349+0000: 683.798: Total time for which application threads were stopped: 0.0058548 seconds
2014-06-25T00:22:21.349+0000: 683.798: Total time for which application threads were stopped: 0.0002107 seconds
2014-06-25T00:22:21.350+0000: 683.799: Total time for which application threads were stopped: 0.0002367 seconds
2014-06-25T00:22:22.350+0000: 684.799: Total time for which application threads were stopped: 0.0002606 seconds
2014-06-25T00:22:24.327+0000: 686.776: Total time for which application threads were stopped: 0.0013789 seconds
2014-06-25T00:22:25.327+0000: 687.776: Total time for which application threads were stopped: 0.0002703 seconds
2014-06-25T00:22:33.328+0000: 695.777: Total time for which application threads were stopped: 0.0002719 seconds
2014-06-25T00:22:41.226+0000: 703.675: Total time for which application threads were stopped: 1.8965478 seconds
2014-06-25T00:23:00.228+0000: 722.677: Total time for which application threads were stopped: 0.0003141 seconds
2014-06-25T00:23:01.229+0000: 723.678: Total time for which application threads were stopped: 0.0003868 seconds
2014-06-25T00:23:04.705+0000: 727.154: Total time for which application threads were stopped: 0.0006762 seconds
2014-06-25T00:23:04.705+0000: 727.154: Total time for which application threads were stopped: 0.0002571 seconds
2014-06-25T00:23:04.706+0000: 727.155: Total time for which application threads were stopped: 0.0002722 seconds
2014-06-25T00:23:04.706+0000: 727.155: Total time for which application threads were stopped: 0.0001924 seconds
2014-06-25T00:23:04.706+0000: 727.156: Total time for which application threads were stopped: 0.0001561 seconds
2014-06-25T00:23:05.241+0000: 727.690: Total time for which application threads were stopped: 0.0026633 seconds
2014-06-25T00:23:05.815+0000: 728.264: Total time for which application threads were stopped: 0.0003376 seconds
2014-06-25T00:23:06.711+0000: 729.160: Total time for which application threads were stopped: 0.0009551 seconds
2014-06-25T00:23:06.718+0000: 729.167: Total time for which application threads were stopped: 0.0002194 seconds
2014-06-25T00:23:06.720+0000: 729.169: Total time for which application threads were stopped: 0.0002219 seconds
2014-06-25T00:23:06.722+0000: 729.171: Total time for which application threads were stopped: 0.0002220 seconds
2014-06-25T00:23:06.723+0000: 729.172: Total time for which application threads were stopped: 0.0001951 seconds
2014-06-25T00:23:06.728+0000: 729.177: Total time for which application threads were stopped: 0.0001594 seconds
2014-06-25T00:23:10.729+0000: 733.178: Total time for which application threads were stopped: 0.0002560 seconds
2014-06-25T00:23:14.122+0000: 736.571: Total time for which application threads were stopped: 0.0003069 seconds
2014-06-25T00:23:14.122+0000: 736.572: Total time for which application threads were stopped: 0.0001472 seconds
2014-06-25T00:23:15.123+0000: 737.572: Total time for which application threads were stopped: 0.0002596 seconds
2014-06-25T00:23:16.639+0000: 739.088: Total time for which application threads were stopped: 0.0003058 seconds
2014-06-25T00:23:16.639+0000: 739.088: Total time for which application threads were stopped: 0.0001544 seconds
2014-06-25T00:23:17.639+0000: 740.088: Total time for which application threads were stopped: 0.0002849 seconds
2014-06-25T00:23:18.406+0000: 740.855: [GC pause (G1 Evacuation Pause) (young)
Desired survivor size 222298112 bytes, new threshold 15 (max 15)
- age   1:    1008920 bytes,    1008920 total
- age   2:     827720 bytes,    1836640 total
- age   3:      25480 bytes,    1862120 total
- age   4:    1956792 bytes,    3818912 total
- age   5:      67880 bytes,    3886792 total
- age   6:     315280 bytes,    4202072 total
- age   7:     138080 bytes,    4340152 total
- age   8:     166872 bytes,    4507024 total
- age   9:     221624 bytes,    4728648 total
- age  10:    3028928 bytes,    7757576 total
- age  11:    1190704 bytes,    8948280 total
- age  12:    2034424 bytes,   10982704 total
- age  13:    1093640 bytes,   12076344 total
- age  14:      63464 bytes,   12139808 total
- age  15:   10453408 bytes,   22593216 total
, 0.1044714 secs]
   [Parallel Time: 99.2 ms, GC Workers: 2]
      [GC Worker Start (ms): Min: 740855.1, Avg: 740855.1, Max: 740855.1, Diff: 0.0]
      [Ext Root Scanning (ms): Min: 1.1, Avg: 1.3, Max: 1.5, Diff: 0.3, Sum: 2.6]
      [Update RS (ms): Min: 16.8, Avg: 17.1, Max: 17.4, Diff: 0.6, Sum: 34.2]
         [Processed Buffers: Min: 17, Avg: 34.0, Max: 51, Diff: 34, Sum: 68]
      [Scan RS (ms): Min: 6.0, Avg: 6.1, Max: 6.3, Diff: 0.3, Sum: 12.2]
      [Code Root Scanning (ms): Min: 0.8, Avg: 1.0, Max: 1.2, Diff: 0.4, Sum: 2.0]
      [Object Copy (ms): Min: 73.3, Avg: 73.6, Max: 73.8, Diff: 0.5, Sum: 147.1]
      [Termination (ms): Min: 0.0, Avg: 0.0, Max: 0.0, Diff: 0.0, Sum: 0.0]
      [GC Worker Other (ms): Min: 0.0, Avg: 0.1, Max: 0.1, Diff: 0.0, Sum: 0.1]
      [GC Worker Total (ms): Min: 99.1, Avg: 99.1, Max: 99.1, Diff: 0.0, Sum: 198.3]
      [GC Worker End (ms): Min: 740954.3, Avg: 740954.3, Max: 740954.3, Diff: 0.0]
   [Code Root Fixup: 0.4 ms]
   [Code Root Migration: 1.0 ms]
   [Clear CT: 0.9 ms]
   [Other: 3.0 ms]
      [Choose CSet: 0.0 ms]
      [Ref Proc: 0.8 ms]
      [Ref Enq: 0.1 ms]
      [Free CSet: 1.7 ms]
   [Eden: 3354.0M(3354.0M)->0.0B(3360.0M) Survivors: 24.0M->18.0M Heap: 3490.6M(5632.0M)->140.7M(5632.0M)]
 [Times: user=0.19 sys=0.00, real=0.10 secs] 
2014-06-25T00:23:18.511+0000: 740.960: Total time for which application threads were stopped: 0.1073562 seconds
2014-06-25T00:23:19.511+0000: 741.960: Total time for which application threads were stopped: 0.0003347 seconds
2014-06-25T00:23:23.919+0000: 746.368: [GC pause (G1 Evacuation Pause) (young)
Desired survivor size 222298112 bytes, new threshold 15 (max 15)
- age   1:    5221240 bytes,    5221240 total
- age   2:     401392 bytes,    5622632 total
- age   3:     788072 bytes,    6410704 total
- age   4:      25288 bytes,    6435992 total
- age   5:    1872712 bytes,    8308704 total
- age   6:      67880 bytes,    8376584 total
- age   7:     314280 bytes,    8690864 total
- age   8:     137968 bytes,    8828832 total
- age   9:     165856 bytes,    8994688 total
- age  10:     221624 bytes,    9216312 total
- age  11:    3015576 bytes,   12231888 total
- age  12:    1188088 bytes,   13419976 total
- age  13:    2024768 bytes,   15444744 total
- age  14:    1091776 bytes,   16536520 total
- age  15:      63464 bytes,   16599984 total
, 0.1116817 secs]
   [Parallel Time: 105.9 ms, GC Workers: 2]
      [GC Worker Start (ms): Min: 746367.9, Avg: 746367.9, Max: 746367.9, Diff: 0.0]
      [Ext Root Scanning (ms): Min: 1.1, Avg: 1.3, Max: 1.5, Diff: 0.4, Sum: 2.6]
      [Update RS (ms): Min: 13.7, Avg: 13.8, Max: 13.9, Diff: 0.2, Sum: 27.6]
         [Processed Buffers: Min: 17, Avg: 33.0, Max: 49, Diff: 32, Sum: 66]
      [Scan RS (ms): Min: 8.2, Avg: 8.4, Max: 8.6, Diff: 0.4, Sum: 16.8]
      [Code Root Scanning (ms): Min: 0.8, Avg: 1.0, Max: 1.2, Diff: 0.4, Sum: 2.0]
      [Object Copy (ms): Min: 81.2, Avg: 81.3, Max: 81.4, Diff: 0.2, Sum: 162.6]
      [Termination (ms): Min: 0.0, Avg: 0.0, Max: 0.0, Diff: 0.0, Sum: 0.0]
      [GC Worker Other (ms): Min: 0.0, Avg: 0.0, Max: 0.1, Diff: 0.0, Sum: 0.1]
      [GC Worker Total (ms): Min: 105.9, Avg: 105.9, Max: 105.9, Diff: 0.0, Sum: 211.8]
      [GC Worker End (ms): Min: 746473.8, Avg: 746473.8, Max: 746473.8, Diff: 0.0]
   [Code Root Fixup: 0.4 ms]
   [Code Root Migration: 1.0 ms]
   [Clear CT: 0.9 ms]
   [Other: 3.5 ms]
      [Choose CSet: 0.0 ms]
      [Ref Proc: 1.1 ms]
      [Ref Enq: 0.2 ms]
      [Free CSet: 2.0 ms]
   [Eden: 3360.0M(3360.0M)->0.0B(3350.0M) Survivors: 18.0M->28.0M Heap: 3500.7M(5632.0M)->152.6M(5632.0M)]
 [Times: user=0.20 sys=0.00, real=0.34 secs] 
2014-06-25T00:23:24.254+0000: 746.703: Total time for which application threads were stopped: 0.3353747 seconds
2014-06-25T00:23:25.884+0000: 748.333: Total time for which application threads were stopped: 0.0029584 seconds
2014-06-25T00:23:25.885+0000: 748.334: Total time for which application threads were stopped: 0.0002184 seconds
2014-06-25T00:23:25.888+0000: 748.337: Total time for which application threads were stopped: 0.0021239 seconds
2014-06-25T00:23:25.888+0000: 748.338: Total time for which application threads were stopped: 0.0002537 seconds
2014-06-25T00:23:25.889+0000: 748.338: Total time for which application threads were stopped: 0.0001805 seconds
2014-06-25T00:23:25.889+0000: 748.338: Total time for which application threads were stopped: 0.0002151 seconds
2014-06-25T00:23:25.889+0000: 748.338: Total time for which application threads were stopped: 0.0001660 seconds
2014-06-25T00:23:25.890+0000: 748.339: Total time for which application threads were stopped: 0.0002258 seconds
2014-06-25T00:23:26.890+0000: 749.339: Total time for which application threads were stopped: 0.0004167 seconds
2014-06-25T00:23:29.324+0000: 751.774: [GC pause (G1 Evacuation Pause) (young)
Desired survivor size 222298112 bytes, new threshold 15 (max 15)
- age   1:   14597976 bytes,   14597976 total
- age   2:    1066280 bytes,   15664256 total
- age   3:     401392 bytes,   16065648 total
- age   4:     787056 bytes,   16852704 total
- age   5:      25288 bytes,   16877992 total
- age   6:    1872536 bytes,   18750528 total
- age   7:      67880 bytes,   18818408 total
- age   8:     314280 bytes,   19132688 total
- age   9:     137968 bytes,   19270656 total
- age  10:     165856 bytes,   19436512 total
- age  11:     221624 bytes,   19658136 total
- age  12:    3015576 bytes,   22673712 total
- age  13:    1188048 bytes,   23861760 total
- age  14:    2023784 bytes,   25885544 total
- age  15:    1091776 bytes,   26977320 total
, 0.1037448 secs]
   [Parallel Time: 99.3 ms, GC Workers: 2]
      [GC Worker Start (ms): Min: 751773.7, Avg: 751773.7, Max: 751773.7, Diff: 0.0]
      [Ext Root Scanning (ms): Min: 1.1, Avg: 1.3, Max: 1.5, Diff: 0.4, Sum: 2.6]
      [Update RS (ms): Min: 15.1, Avg: 15.3, Max: 15.6, Diff: 0.6, Sum: 30.7]
         [Processed Buffers: Min: 15, Avg: 33.0, Max: 51, Diff: 36, Sum: 66]
      [Scan RS (ms): Min: 2.8, Avg: 3.0, Max: 3.2, Diff: 0.4, Sum: 6.1]
      [Code Root Scanning (ms): Min: 0.8, Avg: 1.0, Max: 1.1, Diff: 0.3, Sum: 1.9]
      [Object Copy (ms): Min: 78.1, Avg: 78.5, Max: 78.8, Diff: 0.7, Sum: 156.9]
      [Termination (ms): Min: 0.0, Avg: 0.1, Max: 0.2, Diff: 0.2, Sum: 0.2]
      [GC Worker Other (ms): Min: 0.0, Avg: 0.0, Max: 0.0, Diff: 0.0, Sum: 0.1]
      [GC Worker Total (ms): Min: 99.2, Avg: 99.2, Max: 99.2, Diff: 0.0, Sum: 198.5]
      [GC Worker End (ms): Min: 751873.0, Avg: 751873.0, Max: 751873.0, Diff: 0.0]
   [Code Root Fixup: 0.5 ms]
   [Code Root Migration: 0.8 ms]
   [Clear CT: 0.9 ms]
   [Other: 2.3 ms]
      [Choose CSet: 0.0 ms]
      [Ref Proc: 0.4 ms]
      [Ref Enq: 0.0 ms]
      [Free CSet: 1.7 ms]
   [Eden: 3350.0M(3350.0M)->0.0B(3350.0M) Survivors: 28.0M->28.0M Heap: 3502.6M(5632.0M)->154.6M(5632.0M)]
 [Times: user=0.19 sys=0.00, real=0.10 secs] 
2014-06-25T00:23:29.428+0000: 751.878: Total time for which application threads were stopped: 0.1043254 seconds
2014-06-25T00:23:33.431+0000: 755.880: Total time for which application threads were stopped: 0.0003516 seconds
2014-06-25T00:23:33.984+0000: 756.433: Total time for which application threads were stopped: 0.0003719 seconds
2014-06-25T00:23:34.984+0000: 757.433: Total time for which application threads were stopped: 0.0002576 seconds
2014-06-25T00:23:36.985+0000: 759.434: Total time for which application threads were stopped: 0.0002804 seconds
2014-06-25T00:23:38.985+0000: 761.434: Total time for which application threads were stopped: 0.0002879 seconds
2014-06-25T00:23:41.751+0000: 764.200: [GC pause (G1 Evacuation Pause) (young)
Desired survivor size 222298112 bytes, new threshold 15 (max 15)
- age   1:    1462584 bytes,    1462584 total
- age   2:   13828240 bytes,   15290824 total
- age   3:    1047704 bytes,   16338528 total
- age   4:     401392 bytes,   16739920 total
- age   5:     785776 bytes,   17525696 total
- age   6:      25288 bytes,   17550984 total
- age   7:    1851624 bytes,   19402608 total
- age   8:      67752 bytes,   19470360 total
- age   9:     314152 bytes,   19784512 total
- age  10:     137904 bytes,   19922416 total
- age  11:     165856 bytes,   20088272 total
- age  12:     221624 bytes,   20309896 total
- age  13:    3015576 bytes,   23325472 total
- age  14:    1187344 bytes,   24512816 total
- age  15:    2023392 bytes,   26536208 total
, 0.0727265 secs]
   [Parallel Time: 68.1 ms, GC Workers: 2]
      [GC Worker Start (ms): Min: 764199.9, Avg: 764199.9, Max: 764199.9, Diff: 0.0]
      [Ext Root Scanning (ms): Min: 1.2, Avg: 1.4, Max: 1.6, Diff: 0.4, Sum: 2.7]
      [Update RS (ms): Min: 22.3, Avg: 22.4, Max: 22.5, Diff: 0.2, Sum: 44.7]
         [Processed Buffers: Min: 25, Avg: 35.5, Max: 46, Diff: 21, Sum: 71]
      [Scan RS (ms): Min: 2.7, Avg: 2.8, Max: 2.8, Diff: 0.0, Sum: 5.5]
      [Code Root Scanning (ms): Min: 0.8, Avg: 1.0, Max: 1.1, Diff: 0.3, Sum: 1.9]
      [Object Copy (ms): Min: 40.2, Avg: 40.5, Max: 40.7, Diff: 0.5, Sum: 81.0]
      [Termination (ms): Min: 0.0, Avg: 0.0, Max: 0.0, Diff: 0.0, Sum: 0.0]
      [GC Worker Other (ms): Min: 0.0, Avg: 0.1, Max: 0.1, Diff: 0.0, Sum: 0.1]
      [GC Worker Total (ms): Min: 68.0, Avg: 68.0, Max: 68.0, Diff: 0.0, Sum: 136.0]
      [GC Worker End (ms): Min: 764267.9, Avg: 764267.9, Max: 764268.0, Diff: 0.0]
   [Code Root Fixup: 0.4 ms]
   [Code Root Migration: 0.8 ms]
   [Clear CT: 0.8 ms]
   [Other: 2.7 ms]
      [Choose CSet: 0.0 ms]
      [Ref Proc: 0.7 ms]
      [Ref Enq: 0.1 ms]
      [Free CSet: 1.6 ms]
   [Eden: 3350.0M(3350.0M)->0.0B(3364.0M) Survivors: 28.0M->14.0M Heap: 3504.6M(5632.0M)->144.3M(5632.0M)]
 [Times: user=0.12 sys=0.01, real=0.08 secs] 
2014-06-25T00:23:41.824+0000: 764.273: Total time for which application threads were stopped: 0.0733729 seconds
2014-06-25T00:23:45.828+0000: 768.277: Total time for which application threads were stopped: 0.0040705 seconds
2014-06-25T00:23:46.832+0000: 769.281: Total time for which application threads were stopped: 0.0033432 seconds
2014-06-25T00:23:47.832+0000: 770.281: Total time for which application threads were stopped: 0.0004084 seconds
2014-06-25T00:23:53.836+0000: 776.285: Total time for which application threads were stopped: 0.0031315 seconds
2014-06-25T00:23:54.986+0000: 777.435: [GC pause (G1 Evacuation Pause) (young)
Desired survivor size 222298112 bytes, new threshold 15 (max 15)
- age   1:    2672416 bytes,    2672416 total
- age   2:      68072 bytes,    2740488 total
- age   3:      21552 bytes,    2762040 total
- age   4:     899768 bytes,    3661808 total
- age   5:     399624 bytes,    4061432 total
- age   6:     780848 bytes,    4842280 total
- age   7:      25288 bytes,    4867568 total
- age   8:    1851624 bytes,    6719192 total
- age   9:      67752 bytes,    6786944 total
- age  10:     314152 bytes,    7101096 total
- age  11:     137904 bytes,    7239000 total
- age  12:     165808 bytes,    7404808 total
- age  13:     221624 bytes,    7626432 total
- age  14:    3015576 bytes,   10642008 total
- age  15:    1186112 bytes,   11828120 total
, 0.0673167 secs]
   [Parallel Time: 62.7 ms, GC Workers: 2]
      [GC Worker Start (ms): Min: 777435.6, Avg: 777435.6, Max: 777435.6, Diff: 0.0]
      [Ext Root Scanning (ms): Min: 1.1, Avg: 1.3, Max: 1.5, Diff: 0.5, Sum: 2.6]
      [Update RS (ms): Min: 14.4, Avg: 14.5, Max: 14.6, Diff: 0.1, Sum: 29.0]
         [Processed Buffers: Min: 21, Avg: 33.5, Max: 46, Diff: 25, Sum: 67]
      [Scan RS (ms): Min: 4.2, Avg: 4.2, Max: 4.3, Diff: 0.1, Sum: 8.5]
      [Code Root Scanning (ms): Min: 0.8, Avg: 0.9, Max: 1.0, Diff: 0.2, Sum: 1.8]
      [Object Copy (ms): Min: 41.5, Avg: 41.7, Max: 41.9, Diff: 0.4, Sum: 83.3]
      [Termination (ms): Min: 0.0, Avg: 0.0, Max: 0.0, Diff: 0.0, Sum: 0.0]
      [GC Worker Other (ms): Min: 0.0, Avg: 0.0, Max: 0.0, Diff: 0.0, Sum: 0.1]
      [GC Worker Total (ms): Min: 62.6, Avg: 62.6, Max: 62.6, Diff: 0.0, Sum: 125.3]
      [GC Worker End (ms): Min: 777498.3, Avg: 777498.3, Max: 777498.3, Diff: 0.0]
   [Code Root Fixup: 0.3 ms]
   [Code Root Migration: 0.4 ms]
   [Clear CT: 0.9 ms]
   [Other: 3.0 ms]
      [Choose CSet: 0.0 ms]
      [Ref Proc: 1.1 ms]
      [Ref Enq: 0.1 ms]
      [Free CSet: 1.6 ms]
   [Eden: 3364.0M(3364.0M)->0.0B(3362.0M) Survivors: 14.0M->16.0M Heap: 3508.3M(5632.0M)->148.3M(5632.0M)]
 [Times: user=0.13 sys=0.00, real=0.07 secs] 
2014-06-25T00:23:55.054+0000: 777.503: Total time for which application threads were stopped: 0.0679048 seconds
2014-06-25T00:24:07.056+0000: 789.505: Total time for which application threads were stopped: 0.0003513 seconds
2014-06-25T00:24:08.056+0000: 790.505: Total time for which application threads were stopped: 0.0002539 seconds
2014-06-25T00:24:15.118+0000: 797.567: Total time for which application threads were stopped: 0.0002995 seconds
2014-06-25T00:24:15.118+0000: 797.567: Total time for which application threads were stopped: 0.0001557 seconds
2014-06-25T00:24:17.119+0000: 799.568: Total time for which application threads were stopped: 0.0003576 seconds
2014-06-25T00:24:18.119+0000: 800.568: Total time for which application threads were stopped: 0.0002590 seconds
2014-06-25T00:24:23.732+0000: 806.181: Total time for which application threads were stopped: 3.6124994 seconds
2014-06-25T00:24:29.733+0000: 812.182: Total time for which application threads were stopped: 0.0002494 seconds
2014-06-25T00:24:50.736+0000: 833.185: Total time for which application threads were stopped: 0.0002599 seconds
2014-06-25T00:24:51.439+0000: 833.888: Total time for which application threads were stopped: 0.0002455 seconds
2014-06-25T00:25:05.440+0000: 847.890: Total time for which application threads were stopped: 0.0002977 seconds
2014-06-25T00:25:08.441+0000: 850.890: Total time for which application threads were stopped: 0.0002524 seconds
2014-06-25T00:25:10.442+0000: 852.891: Total time for which application threads were stopped: 0.0002610 seconds
2014-06-25T00:25:17.071+0000: 859.520: Total time for which application threads were stopped: 0.9563754 seconds
2014-06-25T00:25:17.073+0000: 859.522: Total time for which application threads were stopped: 0.0001972 seconds
2014-06-25T00:25:18.074+0000: 860.523: Total time for which application threads were stopped: 0.0002704 seconds
2014-06-25T00:25:27.065+0000: 869.514: Total time for which application threads were stopped: 0.0003074 seconds
2014-06-25T00:25:30.066+0000: 872.515: Total time for which application threads were stopped: 0.0004464 seconds
2014-06-25T00:25:32.364+0000: 874.813: Total time for which application threads were stopped: 1.2973500 seconds
2014-06-25T00:25:32.392+0000: 874.841: Total time for which application threads were stopped: 0.0007536 seconds
2014-06-25T00:25:32.392+0000: 874.841: Total time for which application threads were stopped: 0.0002417 seconds
2014-06-25T00:25:32.432+0000: 874.881: Total time for which application threads were stopped: 0.0128847 seconds
2014-06-25T00:25:32.697+0000: 875.146: Total time for which application threads were stopped: 0.0005719 seconds
2014-06-25T00:25:35.710+0000: 878.159: Total time for which application threads were stopped: 0.0003598 seconds
2014-06-25T00:25:40.711+0000: 883.160: Total time for which application threads were stopped: 0.0002613 seconds
2014-06-25T00:25:50.712+0000: 893.161: Total time for which application threads were stopped: 0.0002838 seconds
2014-06-25T00:26:01.943+0000: 904.392: Total time for which application threads were stopped: 0.0024749 seconds
2014-06-25T00:26:02.943+0000: 905.392: Total time for which application threads were stopped: 0.0002556 seconds
2014-06-25T00:26:16.944+0000: 919.393: Total time for which application threads were stopped: 0.0003169 seconds
2014-06-25T00:26:32.339+0000: 934.788: Total time for which application threads were stopped: 0.0004140 seconds
2014-06-25T00:26:32.342+0000: 934.791: Total time for which application threads were stopped: 0.0002712 seconds
2014-06-25T00:26:32.349+0000: 934.799: Total time for which application threads were stopped: 0.0002500 seconds
2014-06-25T00:26:32.376+0000: 934.825: [Full GC (Metadata GC Threshold)  3436M->120M(5632M), 1.3004335 secs]
   [Eden: 3290.0M(3362.0M)->0.0B(3378.0M) Survivors: 16.0M->0.0B Heap: 3436.5M(5632.0M)->120.6M(5632.0M)], [Metaspace: 57951K->57951K(1097728K)]
 [Times: user=1.33 sys=0.01, real=1.30 secs] 
2014-06-25T00:26:33.676+0000: 936.126: Total time for which application threads were stopped: 1.3040783 seconds
2014-06-25T00:26:33.687+0000: 936.136: Total time for which application threads were stopped: 0.0033000 seconds
2014-06-25T00:26:33.688+0000: 936.137: Total time for which application threads were stopped: 0.0004355 seconds
2014-06-25T00:26:34.688+0000: 937.137: Total time for which application threads were stopped: 0.0002741 seconds
2014-06-25T00:26:35.688+0000: 938.137: Total time for which application threads were stopped: 0.0002190 seconds
2014-06-25T00:26:39.168+0000: 941.617: Total time for which application threads were stopped: 0.0003754 seconds
2014-06-25T00:26:39.168+0000: 941.617: Total time for which application threads were stopped: 0.0002504 seconds
2014-06-25T00:26:39.175+0000: 941.624: Total time for which application threads were stopped: 0.0001739 seconds
2014-06-25T00:26:39.212+0000: 941.661: Total time for which application threads were stopped: 0.0002498 seconds
2014-06-25T00:26:39.224+0000: 941.673: Total time for which application threads were stopped: 0.0002673 seconds
2014-06-25T00:26:39.233+0000: 941.683: Total time for which application threads were stopped: 0.0062709 seconds
2014-06-25T00:26:39.236+0000: 941.685: Total time for which application threads were stopped: 0.0002563 seconds
2014-06-25T00:26:39.239+0000: 941.689: Total time for which application threads were stopped: 0.0001645 seconds
2014-06-25T00:26:39.240+0000: 941.689: Total time for which application threads were stopped: 0.0001777 seconds
2014-06-25T00:26:39.240+0000: 941.689: Total time for which application threads were stopped: 0.0001683 seconds
2014-06-25T00:26:39.240+0000: 941.689: Total time for which application threads were stopped: 0.0001551 seconds
2014-06-25T00:26:39.242+0000: 941.691: Total time for which application threads were stopped: 0.0001636 seconds
2014-06-25T00:26:39.242+0000: 941.692: Total time for which application threads were stopped: 0.0001779 seconds
2014-06-25T00:26:39.243+0000: 941.692: Total time for which application threads were stopped: 0.0001572 seconds
2014-06-25T00:26:39.243+0000: 941.692: Total time for which application threads were stopped: 0.0001543 seconds
2014-06-25T00:26:39.260+0000: 941.709: Total time for which application threads were stopped: 0.0002082 seconds
2014-06-25T00:26:39.264+0000: 941.713: Total time for which application threads were stopped: 0.0002196 seconds
2014-06-25T00:26:39.265+0000: 941.714: Total time for which application threads were stopped: 0.0002028 seconds
2014-06-25T00:26:39.270+0000: 941.720: Total time for which application threads were stopped: 0.0008441 seconds
2014-06-25T00:26:39.272+0000: 941.721: Total time for which application threads were stopped: 0.0001756 seconds
2014-06-25T00:26:39.274+0000: 941.724: Total time for which application threads were stopped: 0.0002581 seconds
2014-06-25T00:26:39.276+0000: 941.725: Total time for which application threads were stopped: 0.0002196 seconds
2014-06-25T00:26:39.276+0000: 941.725: Total time for which application threads were stopped: 0.0002306 seconds
2014-06-25T00:26:39.276+0000: 941.726: Total time for which application threads were stopped: 0.0002086 seconds
2014-06-25T00:26:39.277+0000: 941.726: Total time for which application threads were stopped: 0.0004996 seconds
2014-06-25T00:26:39.326+0000: 941.776: Total time for which application threads were stopped: 0.0030953 seconds
2014-06-25T00:26:39.601+0000: 942.050: Total time for which application threads were stopped: 0.0003045 seconds
2014-06-25T00:26:39.601+0000: 942.050: Total time for which application threads were stopped: 0.0001561 seconds
2014-06-25T00:26:39.614+0000: 942.063: Total time for which application threads were stopped: 0.0036512 seconds
2014-06-25T00:26:39.614+0000: 942.064: Total time for which application threads were stopped: 0.0002510 seconds
2014-06-25T00:26:39.676+0000: 942.125: Total time for which application threads were stopped: 0.0076327 seconds
2014-06-25T00:26:39.681+0000: 942.130: Total time for which application threads were stopped: 0.0002899 seconds
2014-06-25T00:26:39.684+0000: 942.133: Total time for which application threads were stopped: 0.0003028 seconds
2014-06-25T00:26:39.698+0000: 942.147: Total time for which application threads were stopped: 0.0044251 seconds
2014-06-25T00:26:39.698+0000: 942.147: Total time for which application threads were stopped: 0.0002739 seconds
2014-06-25T00:26:39.699+0000: 942.149: Total time for which application threads were stopped: 0.0003106 seconds
2014-06-25T00:26:39.734+0000: 942.183: Total time for which application threads were stopped: 0.0003498 seconds
2014-06-25T00:26:39.735+0000: 942.184: Total time for which application threads were stopped: 0.0002334 seconds
2014-06-25T00:26:39.750+0000: 942.199: Total time for which application threads were stopped: 0.0001886 seconds
2014-06-25T00:26:39.753+0000: 942.202: Total time for which application threads were stopped: 0.0001770 seconds
2014-06-25T00:26:39.755+0000: 942.204: Total time for which application threads were stopped: 0.0001633 seconds
2014-06-25T00:26:39.759+0000: 942.208: Total time for which application threads were stopped: 0.0002741 seconds
2014-06-25T00:26:39.760+0000: 942.209: Total time for which application threads were stopped: 0.0005766 seconds
2014-06-25T00:26:39.760+0000: 942.209: Total time for which application threads were stopped: 0.0002494 seconds
2014-06-25T00:26:39.763+0000: 942.212: Total time for which application threads were stopped: 0.0002322 seconds
2014-06-25T00:26:39.763+0000: 942.212: Total time for which application threads were stopped: 0.0002254 seconds
2014-06-25T00:26:39.766+0000: 942.215: Total time for which application threads were stopped: 0.0002200 seconds
2014-06-25T00:26:39.766+0000: 942.215: Total time for which application threads were stopped: 0.0002506 seconds
2014-06-25T00:26:40.030+0000: 942.479: Total time for which application threads were stopped: 0.0554567 seconds
2014-06-25T00:26:40.030+0000: 942.479: Total time for which application threads were stopped: 0.0001602 seconds
2014-06-25T00:26:40.105+0000: 942.554: Total time for which application threads were stopped: 0.0003105 seconds
2014-06-25T00:26:40.105+0000: 942.554: Total time for which application threads were stopped: 0.0001561 seconds
2014-06-25T00:26:40.906+0000: 943.356: Total time for which application threads were stopped: 0.0003971 seconds
2014-06-25T00:26:40.908+0000: 943.357: Total time for which application threads were stopped: 0.0009206 seconds
2014-06-25T00:26:40.936+0000: 943.385: Total time for which application threads were stopped: 0.0031610 seconds
2014-06-25T00:26:40.938+0000: 943.387: Total time for which application threads were stopped: 0.0002184 seconds
2014-06-25T00:26:40.942+0000: 943.391: Total time for which application threads were stopped: 0.0025658 seconds
2014-06-25T00:26:40.950+0000: 943.399: Total time for which application threads were stopped: 0.0002403 seconds
2014-06-25T00:26:40.952+0000: 943.401: Total time for which application threads were stopped: 0.0015710 seconds
2014-06-25T00:26:40.952+0000: 943.401: Total time for which application threads were stopped: 0.0002063 seconds
2014-06-25T00:26:40.954+0000: 943.403: Total time for which application threads were stopped: 0.0002311 seconds
2014-06-25T00:26:40.956+0000: 943.405: Total time for which application threads were stopped: 0.0002156 seconds
2014-06-25T00:26:40.958+0000: 943.407: Total time for which application threads were stopped: 0.0002126 seconds
2014-06-25T00:26:40.965+0000: 943.414: Total time for which application threads were stopped: 0.0023942 seconds
2014-06-25T00:26:40.965+0000: 943.415: Total time for which application threads were stopped: 0.0002062 seconds
2014-06-25T00:26:40.966+0000: 943.415: Total time for which application threads were stopped: 0.0003143 seconds
2014-06-25T00:26:40.966+0000: 943.415: Total time for which application threads were stopped: 0.0002018 seconds
2014-06-25T00:26:40.966+0000: 943.416: Total time for which application threads were stopped: 0.0001969 seconds
2014-06-25T00:26:40.967+0000: 943.416: Total time for which application threads were stopped: 0.0002372 seconds
2014-06-25T00:26:40.967+0000: 943.416: Total time for which application threads were stopped: 0.0002483 seconds
2014-06-25T00:26:40.969+0000: 943.418: Total time for which application threads were stopped: 0.0021984 seconds
2014-06-25T00:26:40.999+0000: 943.448: Total time for which application threads were stopped: 0.0057381 seconds
2014-06-25T00:26:41.006+0000: 943.455: Total time for which application threads were stopped: 0.0023709 seconds
2014-06-25T00:26:41.056+0000: 943.505: Total time for which application threads were stopped: 0.0038189 seconds
2014-06-25T00:26:41.058+0000: 943.507: Total time for which application threads were stopped: 0.0002112 seconds
2014-06-25T00:26:41.060+0000: 943.509: Total time for which application threads were stopped: 0.0004139 seconds
2014-06-25T00:26:41.074+0000: 943.524: Total time for which application threads were stopped: 0.0003010 seconds
2014-06-25T00:26:41.086+0000: 943.535: Total time for which application threads were stopped: 0.0041916 seconds
2014-06-25T00:26:41.128+0000: 943.577: Total time for which application threads were stopped: 0.0025470 seconds
2014-06-25T00:26:41.140+0000: 943.590: Total time for which application threads were stopped: 0.0070975 seconds
2014-06-25T00:26:41.156+0000: 943.605: Total time for which application threads were stopped: 0.0042350 seconds
2014-06-25T00:26:41.165+0000: 943.614: Total time for which application threads were stopped: 0.0041497 seconds
2014-06-25T00:26:41.172+0000: 943.622: Total time for which application threads were stopped: 0.0030720 seconds
2014-06-25T00:26:41.173+0000: 943.622: Total time for which application threads were stopped: 0.0002285 seconds
2014-06-25T00:26:41.175+0000: 943.624: Total time for which application threads were stopped: 0.0001934 seconds
2014-06-25T00:26:41.200+0000: 943.649: Total time for which application threads were stopped: 0.0002417 seconds
2014-06-25T00:26:41.698+0000: 944.147: Total time for which application threads were stopped: 0.0002813 seconds
2014-06-25T00:26:41.698+0000: 944.147: Total time for which application threads were stopped: 0.0001559 seconds
2014-06-25T00:26:41.731+0000: 944.180: Total time for which application threads were stopped: 0.0002978 seconds
2014-06-25T00:26:41.731+0000: 944.180: Total time for which application threads were stopped: 0.0001522 seconds
2014-06-25T00:26:41.732+0000: 944.181: Total time for which application threads were stopped: 0.0001521 seconds
2014-06-25T00:26:41.732+0000: 944.182: Total time for which application threads were stopped: 0.0006917 seconds
2014-06-25T00:26:42.213+0000: 944.662: Total time for which application threads were stopped: 0.0004436 seconds
2014-06-25T00:26:42.213+0000: 944.662: Total time for which application threads were stopped: 0.0002430 seconds
2014-06-25T00:26:42.216+0000: 944.665: Total time for which application threads were stopped: 0.0023983 seconds
2014-06-25T00:26:42.242+0000: 944.691: Total time for which application threads were stopped: 0.0003298 seconds
2014-06-25T00:26:42.258+0000: 944.707: Total time for which application threads were stopped: 0.0008517 seconds
2014-06-25T00:26:42.273+0000: 944.722: Total time for which application threads were stopped: 0.0031914 seconds
2014-06-25T00:26:42.298+0000: 944.747: Total time for which application threads were stopped: 0.0042883 seconds
2014-06-25T00:26:42.303+0000: 944.752: Total time for which application threads were stopped: 0.0002822 seconds
2014-06-25T00:26:49.530+0000: 951.979: Total time for which application threads were stopped: 0.0002884 seconds
2014-06-25T00:26:49.625+0000: 952.074: Total time for which application threads were stopped: 0.0002361 seconds
2014-06-25T00:26:49.625+0000: 952.075: Total time for which application threads were stopped: 0.0001600 seconds
2014-06-25T00:26:51.626+0000: 954.075: Total time for which application threads were stopped: 0.0002408 seconds
2014-06-25T00:26:52.626+0000: 955.075: Total time for which application threads were stopped: 0.0002416 seconds
2014-06-25T00:26:53.627+0000: 956.076: Total time for which application threads were stopped: 0.0002658 seconds
2014-06-25T00:26:57.627+0000: 960.077: Total time for which application threads were stopped: 0.0002730 seconds
2014-06-25T00:27:09.629+0000: 972.078: Total time for which application threads were stopped: 0.0002703 seconds
2014-06-25T00:27:17.630+0000: 980.080: Total time for which application threads were stopped: 0.0002512 seconds
2014-06-25T00:27:44.998+0000: 1007.447: Total time for which application threads were stopped: 0.0003215 seconds
2014-06-25T00:27:44.998+0000: 1007.448: Total time for which application threads were stopped: 0.0001450 seconds
2014-06-25T00:27:55.000+0000: 1017.449: Total time for which application threads were stopped: 0.0002744 seconds
2014-06-25T00:28:05.001+0000: 1027.450: Total time for which application threads were stopped: 0.0002573 seconds
2014-06-25T00:28:08.002+0000: 1030.451: Total time for which application threads were stopped: 0.0002576 seconds
2014-06-25T00:28:17.080+0000: 1039.529: Total time for which application threads were stopped: 0.0002665 seconds
2014-06-25T00:28:42.083+0000: 1064.532: Total time for which application threads were stopped: 0.0003017 seconds
2014-06-25T00:28:44.084+0000: 1066.533: Total time for which application threads were stopped: 0.0002486 seconds
2014-06-25T00:28:44.403+0000: 1066.852: Total time for which application threads were stopped: 0.0002701 seconds
2014-06-25T00:28:44.403+0000: 1066.852: Total time for which application threads were stopped: 0.0001538 seconds
2014-06-25T00:28:44.422+0000: 1066.872: Total time for which application threads were stopped: 0.0001640 seconds
2014-06-25T00:28:44.456+0000: 1066.905: Total time for which application threads were stopped: 0.0026089 seconds
2014-06-25T00:28:44.456+0000: 1066.905: Total time for which application threads were stopped: 0.0002808 seconds
2014-06-25T00:28:44.463+0000: 1066.912: Total time for which application threads were stopped: 0.0002003 seconds
2014-06-25T00:28:44.499+0000: 1066.948: Total time for which application threads were stopped: 0.0003538 seconds
2014-06-25T00:28:44.500+0000: 1066.949: Total time for which application threads were stopped: 0.0002525 seconds
2014-06-25T00:28:44.527+0000: 1066.976: Total time for which application threads were stopped: 0.0002545 seconds
2014-06-25T00:28:44.719+0000: 1067.168: Total time for which application threads were stopped: 0.0002367 seconds
2014-06-25T00:28:44.719+0000: 1067.169: Total time for which application threads were stopped: 0.0001645 seconds
2014-06-25T00:28:44.720+0000: 1067.169: Total time for which application threads were stopped: 0.0001532 seconds
2014-06-25T00:28:44.781+0000: 1067.230: Total time for which application threads were stopped: 0.0003996 seconds
2014-06-25T00:28:44.784+0000: 1067.233: Total time for which application threads were stopped: 0.0023928 seconds
2014-06-25T00:28:44.810+0000: 1067.259: Total time for which application threads were stopped: 0.0002710 seconds
2014-06-25T00:28:44.818+0000: 1067.267: Total time for which application threads were stopped: 0.0002838 seconds
2014-06-25T00:28:44.860+0000: 1067.309: Total time for which application threads were stopped: 0.0026872 seconds
2014-06-25T00:28:44.862+0000: 1067.311: Total time for which application threads were stopped: 0.0021180 seconds
2014-06-25T00:28:44.896+0000: 1067.345: Total time for which application threads were stopped: 0.0002572 seconds
2014-06-25T00:28:45.086+0000: 1067.535: Total time for which application threads were stopped: 0.0002715 seconds
2014-06-25T00:28:45.086+0000: 1067.536: Total time for which application threads were stopped: 0.0001532 seconds
2014-06-25T00:28:45.115+0000: 1067.564: Total time for which application threads were stopped: 0.0001980 seconds
2014-06-25T00:28:45.121+0000: 1067.570: Total time for which application threads were stopped: 0.0001535 seconds
2014-06-25T00:28:45.121+0000: 1067.570: Total time for which application threads were stopped: 0.0001456 seconds
2014-06-25T00:28:45.121+0000: 1067.571: Total time for which application threads were stopped: 0.0001749 seconds
2014-06-25T00:28:45.122+0000: 1067.571: Total time for which application threads were stopped: 0.0001459 seconds
2014-06-25T00:28:45.122+0000: 1067.571: Total time for which application threads were stopped: 0.0001441 seconds
2014-06-25T00:28:45.149+0000: 1067.598: Total time for which application threads were stopped: 0.0001895 seconds
2014-06-25T00:28:45.149+0000: 1067.598: Total time for which application threads were stopped: 0.0001565 seconds
2014-06-25T00:28:45.239+0000: 1067.688: Total time for which application threads were stopped: 0.0009996 seconds
2014-06-25T00:28:45.264+0000: 1067.713: Total time for which application threads were stopped: 0.0021914 seconds
2014-06-25T00:28:45.284+0000: 1067.733: Total time for which application threads were stopped: 0.0016091 seconds
2014-06-25T00:28:45.406+0000: 1067.855: Total time for which application threads were stopped: 0.0003640 seconds
2014-06-25T00:28:45.406+0000: 1067.856: Total time for which application threads were stopped: 0.0002089 seconds
2014-06-25T00:28:45.447+0000: 1067.896: Total time for which application threads were stopped: 0.0002034 seconds
2014-06-25T00:28:45.447+0000: 1067.896: Total time for which application threads were stopped: 0.0001476 seconds
2014-06-25T00:28:45.447+0000: 1067.896: Total time for which application threads were stopped: 0.0001452 seconds
2014-06-25T00:28:45.448+0000: 1067.897: Total time for which application threads were stopped: 0.0001486 seconds
2014-06-25T00:28:45.448+0000: 1067.897: Total time for which application threads were stopped: 0.0001483 seconds
2014-06-25T00:28:45.473+0000: 1067.923: Total time for which application threads were stopped: 0.0003373 seconds
2014-06-25T00:28:45.477+0000: 1067.926: Total time for which application threads were stopped: 0.0031763 seconds
2014-06-25T00:28:45.500+0000: 1067.949: Total time for which application threads were stopped: 0.0002174 seconds
2014-06-25T00:28:45.566+0000: 1068.015: Total time for which application threads were stopped: 0.0002306 seconds
2014-06-25T00:28:45.566+0000: 1068.016: Total time for which application threads were stopped: 0.0001542 seconds
2014-06-25T00:28:45.590+0000: 1068.039: Total time for which application threads were stopped: 0.0002609 seconds
2014-06-25T00:28:45.774+0000: 1068.223: Total time for which application threads were stopped: 0.0004619 seconds
2014-06-25T00:28:45.776+0000: 1068.225: Total time for which application threads were stopped: 0.0017785 seconds
2014-06-25T00:28:45.808+0000: 1068.257: Total time for which application threads were stopped: 0.0003835 seconds
2014-06-25T00:28:45.836+0000: 1068.285: Total time for which application threads were stopped: 0.0002273 seconds
2014-06-25T00:28:45.852+0000: 1068.301: Total time for which application threads were stopped: 0.0009421 seconds
2014-06-25T00:28:45.856+0000: 1068.305: Total time for which application threads were stopped: 0.0001889 seconds
2014-06-25T00:28:48.857+0000: 1071.306: Total time for which application threads were stopped: 0.0002501 seconds
2014-06-25T00:28:49.317+0000: 1071.766: Total time for which application threads were stopped: 0.0004954 seconds
2014-06-25T00:28:49.318+0000: 1071.767: Total time for which application threads were stopped: 0.0002843 seconds
2014-06-25T00:28:54.791+0000: 1077.240: Total time for which application threads were stopped: 0.0002909 seconds
2014-06-25T00:28:54.899+0000: 1077.349: Total time for which application threads were stopped: 0.0002436 seconds
2014-06-25T00:28:54.900+0000: 1077.349: Total time for which application threads were stopped: 0.0001571 seconds
2014-06-25T00:28:55.665+0000: 1078.114: Total time for which application threads were stopped: 0.0003316 seconds
2014-06-25T00:28:56.666+0000: 1079.115: Total time for which application threads were stopped: 0.0002568 seconds
2014-06-25T00:29:12.446+0000: 1094.895: Total time for which application threads were stopped: 0.0002921 seconds
2014-06-25T00:29:12.816+0000: 1095.265: Total time for which application threads were stopped: 0.0004832 seconds
2014-06-25T00:29:13.816+0000: 1096.265: Total time for which application threads were stopped: 0.0002666 seconds
2014-06-25T00:29:28.818+0000: 1111.267: Total time for which application threads were stopped: 0.0002643 seconds
2014-06-25T00:29:32.819+0000: 1115.268: Total time for which application threads were stopped: 0.0002670 seconds
2014-06-25T00:29:33.819+0000: 1116.268: Total time for which application threads were stopped: 0.0002732 seconds
2014-06-25T00:29:41.820+0000: 1124.270: Total time for which application threads were stopped: 0.0002639 seconds
2014-06-25T00:29:45.871+0000: 1128.320: Total time for which application threads were stopped: 0.0002812 seconds
2014-06-25T00:30:14.686+0000: 1157.135: Total time for which application threads were stopped: 0.0002901 seconds
2014-06-25T00:30:14.688+0000: 1157.137: Total time for which application threads were stopped: 0.0002874 seconds
2014-06-25T00:30:14.693+0000: 1157.142: Total time for which application threads were stopped: 0.0001986 seconds
2014-06-25T00:30:14.695+0000: 1157.144: Total time for which application threads were stopped: 0.0002170 seconds
2014-06-25T00:30:17.805+0000: 1160.254: Total time for which application threads were stopped: 0.0003925 seconds
2014-06-25T00:30:17.805+0000: 1160.254: Total time for which application threads were stopped: 0.0002352 seconds
2014-06-25T00:30:17.859+0000: 1160.308: Total time for which application threads were stopped: 0.0002465 seconds
2014-06-25T00:30:17.878+0000: 1160.327: Total time for which application threads were stopped: 0.0001889 seconds
2014-06-25T00:30:17.885+0000: 1160.335: Total time for which application threads were stopped: 0.0002487 seconds
2014-06-25T00:30:17.889+0000: 1160.338: Total time for which application threads were stopped: 0.0002064 seconds
2014-06-25T00:30:17.893+0000: 1160.342: Total time for which application threads were stopped: 0.0035149 seconds
2014-06-25T00:30:17.893+0000: 1160.342: Total time for which application threads were stopped: 0.0001848 seconds
2014-06-25T00:30:17.895+0000: 1160.344: Total time for which application threads were stopped: 0.0006401 seconds
2014-06-25T00:30:18.153+0000: 1160.602: Total time for which application threads were stopped: 0.0002113 seconds
2014-06-25T00:30:18.153+0000: 1160.602: Total time for which application threads were stopped: 0.0001546 seconds
2014-06-25T00:30:18.172+0000: 1160.622: Total time for which application threads were stopped: 0.0002927 seconds
2014-06-25T00:30:18.175+0000: 1160.625: Total time for which application threads were stopped: 0.0025172 seconds
2014-06-25T00:30:18.195+0000: 1160.644: Total time for which application threads were stopped: 0.0042704 seconds
2014-06-25T00:30:18.214+0000: 1160.663: Total time for which application threads were stopped: 0.0043324 seconds
2014-06-25T00:30:18.214+0000: 1160.663: Total time for which application threads were stopped: 0.0002909 seconds
2014-06-25T00:30:18.218+0000: 1160.667: Total time for which application threads were stopped: 0.0002447 seconds
2014-06-25T00:30:18.276+0000: 1160.725: Total time for which application threads were stopped: 0.0035981 seconds
2014-06-25T00:30:18.328+0000: 1160.777: Total time for which application threads were stopped: 0.0010605 seconds
2014-06-25T00:30:18.564+0000: 1161.013: Total time for which application threads were stopped: 0.0002737 seconds
2014-06-25T00:30:18.564+0000: 1161.014: Total time for which application threads were stopped: 0.0001533 seconds
2014-06-25T00:30:18.565+0000: 1161.014: Total time for which application threads were stopped: 0.0001517 seconds
2014-06-25T00:30:18.595+0000: 1161.044: Total time for which application threads were stopped: 0.0001740 seconds
2014-06-25T00:30:18.606+0000: 1161.055: Total time for which application threads were stopped: 0.0001624 seconds
2014-06-25T00:30:18.606+0000: 1161.055: Total time for which application threads were stopped: 0.0001535 seconds
2014-06-25T00:30:18.607+0000: 1161.056: Total time for which application threads were stopped: 0.0001896 seconds
2014-06-25T00:30:18.610+0000: 1161.059: Total time for which application threads were stopped: 0.0002068 seconds
2014-06-25T00:30:18.643+0000: 1161.092: Total time for which application threads were stopped: 0.0003150 seconds
2014-06-25T00:30:18.654+0000: 1161.103: Total time for which application threads were stopped: 0.0002759 seconds
2014-06-25T00:30:18.678+0000: 1161.127: Total time for which application threads were stopped: 0.0004088 seconds
2014-06-25T00:30:18.729+0000: 1161.178: Total time for which application threads were stopped: 0.0012017 seconds
2014-06-25T00:30:18.731+0000: 1161.180: Total time for which application threads were stopped: 0.0003033 seconds
2014-06-25T00:30:18.737+0000: 1161.186: Total time for which application threads were stopped: 0.0003220 seconds
2014-06-25T00:30:18.789+0000: 1161.239: Total time for which application threads were stopped: 0.0043701 seconds
2014-06-25T00:30:18.978+0000: 1161.427: Total time for which application threads were stopped: 0.0024485 seconds
2014-06-25T00:30:18.980+0000: 1161.429: Total time for which application threads were stopped: 0.0013855 seconds
2014-06-25T00:30:19.023+0000: 1161.472: Total time for which application threads were stopped: 0.0004298 seconds
2014-06-25T00:30:19.060+0000: 1161.509: Total time for which application threads were stopped: 0.0003478 seconds
2014-06-25T00:30:19.060+0000: 1161.509: Total time for which application threads were stopped: 0.0002477 seconds
2014-06-25T00:30:19.060+0000: 1161.510: Total time for which application threads were stopped: 0.0002206 seconds
2014-06-25T00:30:19.061+0000: 1161.510: Total time for which application threads were stopped: 0.0002148 seconds
2014-06-25T00:30:19.061+0000: 1161.510: Total time for which application threads were stopped: 0.0002141 seconds
2014-06-25T00:30:19.062+0000: 1161.511: Total time for which application threads were stopped: 0.0008266 seconds
2014-06-25T00:30:19.086+0000: 1161.535: Total time for which application threads were stopped: 0.0003440 seconds
2014-06-25T00:30:19.086+0000: 1161.535: Total time for which application threads were stopped: 0.0002479 seconds
2014-06-25T00:30:19.102+0000: 1161.551: Total time for which application threads were stopped: 0.0003682 seconds
2014-06-25T00:30:19.160+0000: 1161.609: Total time for which application threads were stopped: 0.0003810 seconds
2014-06-25T00:30:19.166+0000: 1161.615: Total time for which application threads were stopped: 0.0002632 seconds
2014-06-25T00:30:19.384+0000: 1161.833: Total time for which application threads were stopped: 0.0002976 seconds
2014-06-25T00:30:19.384+0000: 1161.833: Total time for which application threads were stopped: 0.0001574 seconds
2014-06-25T00:30:19.407+0000: 1161.856: Total time for which application threads were stopped: 0.0001712 seconds
2014-06-25T00:30:19.411+0000: 1161.860: Total time for which application threads were stopped: 0.0002264 seconds
2014-06-25T00:30:27.569+0000: 1170.018: Total time for which application threads were stopped: 0.0003673 seconds
2014-06-25T00:30:27.652+0000: 1170.101: Total time for which application threads were stopped: 0.0003081 seconds
2014-06-25T00:30:27.652+0000: 1170.101: Total time for which application threads were stopped: 0.0001592 seconds
2014-06-25T00:30:28.653+0000: 1171.102: Total time for which application threads were stopped: 0.0003882 seconds
2014-06-25T00:30:29.653+0000: 1172.102: Total time for which application threads were stopped: 0.0003451 seconds
2014-06-25T00:30:34.654+0000: 1177.103: Total time for which application threads were stopped: 0.0003010 seconds
2014-06-25T00:31:01.270+0000: 1203.719: Total time for which application threads were stopped: 0.0003113 seconds
2014-06-25T00:31:02.271+0000: 1204.720: Total time for which application threads were stopped: 0.0002773 seconds
2014-06-25T00:31:10.272+0000: 1212.721: Total time for which application threads were stopped: 0.0003128 seconds
2014-06-25T00:31:16.272+0000: 1218.721: Total time for which application threads were stopped: 0.0003089 seconds
2014-06-25T00:31:21.307+0000: 1223.756: Total time for which application threads were stopped: 0.0002884 seconds
2014-06-25T00:31:21.452+0000: 1223.901: Total time for which application threads were stopped: 0.0003034 seconds
2014-06-25T00:31:21.452+0000: 1223.901: Total time for which application threads were stopped: 0.0001553 seconds
2014-06-25T00:31:22.286+0000: 1224.735: Total time for which application threads were stopped: 0.0067505 seconds
2014-06-25T00:31:23.528+0000: 1225.977: [GC pause (G1 Evacuation Pause) (young)
Desired survivor size 222298112 bytes, new threshold 15 (max 15)
- age   1:    6766984 bytes,    6766984 total
- age   2:     115032 bytes,    6882016 total
- age   3:      67008 bytes,    6949024 total
- age   4:      20952 bytes,    6969976 total
- age   5:     894056 bytes,    7864032 total
- age   6:     399496 bytes,    8263528 total
- age   7:     773528 bytes,    9037056 total
- age   8:      25288 bytes,    9062344 total
- age   9:    1847480 bytes,   10909824 total
- age  10:      67560 bytes,   10977384 total
- age  11:     313688 bytes,   11291072 total
- age  12:     137904 bytes,   11428976 total
- age  13:     165808 bytes,   11594784 total
- age  14:     221624 bytes,   11816408 total
- age  15:    3015336 bytes,   14831744 total
, 0.0275091 secs]
   [Parallel Time: 23.2 ms, GC Workers: 2]
      [GC Worker Start (ms): Min: 1225977.0, Avg: 1225977.0, Max: 1225977.0, Diff: 0.0]
      [Ext Root Scanning (ms): Min: 1.1, Avg: 1.2, Max: 1.4, Diff: 0.3, Sum: 2.5]
      [Update RS (ms): Min: 6.3, Avg: 6.4, Max: 6.4, Diff: 0.1, Sum: 12.7]
         [Processed Buffers: Min: 30, Avg: 30.5, Max: 31, Diff: 1, Sum: 61]
      [Scan RS (ms): Min: 2.1, Avg: 2.1, Max: 2.2, Diff: 0.1, Sum: 4.3]
      [Code Root Scanning (ms): Min: 0.8, Avg: 0.8, Max: 0.9, Diff: 0.1, Sum: 1.7]
      [Object Copy (ms): Min: 12.4, Avg: 12.6, Max: 12.7, Diff: 0.2, Sum: 25.1]
      [Termination (ms): Min: 0.0, Avg: 0.0, Max: 0.0, Diff: 0.0, Sum: 0.0]
      [GC Worker Other (ms): Min: 0.0, Avg: 0.0, Max: 0.1, Diff: 0.0, Sum: 0.1]
      [GC Worker Total (ms): Min: 23.2, Avg: 23.2, Max: 23.2, Diff: 0.0, Sum: 46.4]
      [GC Worker End (ms): Min: 1226000.2, Avg: 1226000.2, Max: 1226000.2, Diff: 0.0]
   [Code Root Fixup: 0.2 ms]
   [Code Root Migration: 0.2 ms]
   [Clear CT: 0.8 ms]
   [Other: 3.0 ms]
      [Choose CSet: 0.0 ms]
      [Ref Proc: 1.1 ms]
      [Ref Enq: 0.0 ms]
      [Free CSet: 1.6 ms]
   [Eden: 3378.0M(3378.0M)->0.0B(3370.0M) Survivors: 0.0B->8192.0K Heap: 3498.6M(5632.0M)->127.6M(5632.0M)]
 [Times: user=0.04 sys=0.00, real=0.03 secs] 
2014-06-25T00:31:23.555+0000: 1226.005: Total time for which application threads were stopped: 0.0280941 seconds
2014-06-25T00:31:23.566+0000: 1226.016: Total time for which application threads were stopped: 0.0030352 seconds
2014-06-25T00:31:23.580+0000: 1226.029: Total time for which application threads were stopped: 0.0047277 seconds
2014-06-25T00:31:23.759+0000: 1226.209: Total time for which application threads were stopped: 0.0043571 seconds
2014-06-25T00:31:27.666+0000: 1230.116: Total time for which application threads were stopped: 0.0003077 seconds
2014-06-25T00:31:27.676+0000: 1230.125: Total time for which application threads were stopped: 0.0001733 seconds
2014-06-25T00:31:28.676+0000: 1231.125: Total time for which application threads were stopped: 0.0002661 seconds
2014-06-25T00:31:33.677+0000: 1236.126: Total time for which application threads were stopped: 0.0002729 seconds
2014-06-25T00:31:35.677+0000: 1238.127: Total time for which application threads were stopped: 0.0002556 seconds
2014-06-25T00:31:36.573+0000: 1239.022: Total time for which application threads were stopped: 0.0003103 seconds
2014-06-25T00:31:36.576+0000: 1239.026: Total time for which application threads were stopped: 0.0001692 seconds
2014-06-25T00:31:37.577+0000: 1240.026: Total time for which application threads were stopped: 0.0002376 seconds
2014-06-25T00:31:42.369+0000: 1244.818: Total time for which application threads were stopped: 0.0003422 seconds
2014-06-25T00:31:42.370+0000: 1244.819: Total time for which application threads were stopped: 0.0001588 seconds
2014-06-25T00:31:42.586+0000: 1245.035: Total time for which application threads were stopped: 0.0002957 seconds
2014-06-25T00:31:44.278+0000: 1246.727: Total time for which application threads were stopped: 0.0002973 seconds
2014-06-25T00:31:57.000+0000: 1259.449: Total time for which application threads were stopped: 0.0004649 seconds
2014-06-25T00:31:57.011+0000: 1259.460: Total time for which application threads were stopped: 0.0032548 seconds
2014-06-25T00:31:57.011+0000: 1259.460: Total time for which application threads were stopped: 0.0002994 seconds
2014-06-25T00:31:57.011+0000: 1259.461: Total time for which application threads were stopped: 0.0003103 seconds
2014-06-25T00:31:57.012+0000: 1259.461: Total time for which application threads were stopped: 0.0002844 seconds
2014-06-25T00:31:57.012+0000: 1259.461: Total time for which application threads were stopped: 0.0002940 seconds
2014-06-25T00:31:57.013+0000: 1259.462: Total time for which application threads were stopped: 0.0002921 seconds
2014-06-25T00:31:58.013+0000: 1260.462: Total time for which application threads were stopped: 0.0003702 seconds
2014-06-25T00:32:01.014+0000: 1263.463: Total time for which application threads were stopped: 0.0002732 seconds
2014-06-25T00:32:12.716+0000: 1275.165: Total time for which application threads were stopped: 0.0002908 seconds
2014-06-25T00:32:12.724+0000: 1275.174: Total time for which application threads were stopped: 0.0001911 seconds
2014-06-25T00:32:13.129+0000: 1275.578: Total time for which application threads were stopped: 0.0002902 seconds
2014-06-25T00:32:13.980+0000: 1276.429: Total time for which application threads were stopped: 0.0003807 seconds
2014-06-25T00:32:15.221+0000: 1277.670: Total time for which application threads were stopped: 0.0003414 seconds
2014-06-25T00:32:16.034+0000: 1278.483: Total time for which application threads were stopped: 0.0003306 seconds
2014-06-25T00:32:16.035+0000: 1278.484: Total time for which application threads were stopped: 0.0007052 seconds
2014-06-25T00:32:17.803+0000: 1280.252: Total time for which application threads were stopped: 0.0004127 seconds
2014-06-25T00:32:17.807+0000: 1280.256: Total time for which application threads were stopped: 0.0002209 seconds
2014-06-25T00:32:17.822+0000: 1280.271: Total time for which application threads were stopped: 0.0001807 seconds
2014-06-25T00:32:17.822+0000: 1280.271: Total time for which application threads were stopped: 0.0002258 seconds
2014-06-25T00:32:17.876+0000: 1280.325: Total time for which application threads were stopped: 0.0004642 seconds
2014-06-25T00:32:17.918+0000: 1280.368: Total time for which application threads were stopped: 0.0004434 seconds
2014-06-25T00:32:17.927+0000: 1280.377: Total time for which application threads were stopped: 0.0003816 seconds
2014-06-25T00:32:17.928+0000: 1280.377: Total time for which application threads were stopped: 0.0002541 seconds
2014-06-25T00:32:17.964+0000: 1280.413: Total time for which application threads were stopped: 0.0003191 seconds
2014-06-25T00:32:18.204+0000: 1280.654: Total time for which application threads were stopped: 0.0002968 seconds
2014-06-25T00:32:18.205+0000: 1280.654: Total time for which application threads were stopped: 0.0001594 seconds
2014-06-25T00:32:18.219+0000: 1280.668: Total time for which application threads were stopped: 0.0002797 seconds
2014-06-25T00:32:18.222+0000: 1280.671: Total time for which application threads were stopped: 0.0002608 seconds
2014-06-25T00:32:18.244+0000: 1280.693: Total time for which application threads were stopped: 0.0003082 seconds
2014-06-25T00:32:18.253+0000: 1280.702: Total time for which application threads were stopped: 0.0002985 seconds
2014-06-25T00:32:18.268+0000: 1280.717: Total time for which application threads were stopped: 0.0085212 seconds
2014-06-25T00:32:18.295+0000: 1280.744: Total time for which application threads were stopped: 0.0023979 seconds
2014-06-25T00:32:18.296+0000: 1280.745: Total time for which application threads were stopped: 0.0002226 seconds
2014-06-25T00:32:19.296+0000: 1281.745: Total time for which application threads were stopped: 0.0002396 seconds
2014-06-25T00:32:19.610+0000: 1282.059: Total time for which application threads were stopped: 0.0003126 seconds
2014-06-25T00:32:19.625+0000: 1282.074: Total time for which application threads were stopped: 0.0002726 seconds
2014-06-25T00:32:19.626+0000: 1282.075: Total time for which application threads were stopped: 0.0002618 seconds
2014-06-25T00:32:19.626+0000: 1282.075: Total time for which application threads were stopped: 0.0002528 seconds
2014-06-25T00:32:19.626+0000: 1282.076: Total time for which application threads were stopped: 0.0002653 seconds
2014-06-25T00:32:19.627+0000: 1282.076: Total time for which application threads were stopped: 0.0002528 seconds
2014-06-25T00:32:19.627+0000: 1282.076: Total time for which application threads were stopped: 0.0002497 seconds
2014-06-25T00:32:19.628+0000: 1282.077: Total time for which application threads were stopped: 0.0002500 seconds
2014-06-25T00:32:19.628+0000: 1282.077: Total time for which application threads were stopped: 0.0002523 seconds
2014-06-25T00:32:19.693+0000: 1282.142: Total time for which application threads were stopped: 0.0044378 seconds
2014-06-25T00:32:19.696+0000: 1282.145: Total time for which application threads were stopped: 0.0025494 seconds
2014-06-25T00:32:19.706+0000: 1282.155: Total time for which application threads were stopped: 0.0024514 seconds
2014-06-25T00:32:19.731+0000: 1282.180: Total time for which application threads were stopped: 0.0008147 seconds
2014-06-25T00:32:19.784+0000: 1282.233: Total time for which application threads were stopped: 0.0003317 seconds
2014-06-25T00:32:19.784+0000: 1282.233: Total time for which application threads were stopped: 0.0002286 seconds
2014-06-25T00:32:19.785+0000: 1282.234: Total time for which application threads were stopped: 0.0002400 seconds
2014-06-25T00:32:20.785+0000: 1283.234: Total time for which application threads were stopped: 0.0002520 seconds
2014-06-25T00:32:21.314+0000: 1283.763: Total time for which application threads were stopped: 0.0003256 seconds
2014-06-25T00:32:21.367+0000: 1283.816: Total time for which application threads were stopped: 0.0003225 seconds
2014-06-25T00:32:21.368+0000: 1283.817: Total time for which application threads were stopped: 0.0008102 seconds
2014-06-25T00:32:21.436+0000: 1283.886: Total time for which application threads were stopped: 0.0043248 seconds
2014-06-25T00:32:21.493+0000: 1283.942: Total time for which application threads were stopped: 0.0002713 seconds
2014-06-25T00:32:21.506+0000: 1283.955: Total time for which application threads were stopped: 0.0034073 seconds
2014-06-25T00:32:21.507+0000: 1283.956: Total time for which application threads were stopped: 0.0002312 seconds
2014-06-25T00:32:21.512+0000: 1283.962: Total time for which application threads were stopped: 0.0001675 seconds
2014-06-25T00:32:22.037+0000: 1284.486: Total time for which application threads were stopped: 0.0002963 seconds
2014-06-25T00:32:22.073+0000: 1284.522: Total time for which application threads were stopped: 0.0003759 seconds
2014-06-25T00:32:24.073+0000: 1286.523: Total time for which application threads were stopped: 0.0002641 seconds
2014-06-25T00:32:29.074+0000: 1291.523: Total time for which application threads were stopped: 0.0002713 seconds
2014-06-25T00:32:30.075+0000: 1292.524: Total time for which application threads were stopped: 0.0002658 seconds
2014-06-25T00:32:32.075+0000: 1294.524: Total time for which application threads were stopped: 0.0002505 seconds
2014-06-25T00:32:41.076+0000: 1303.526: Total time for which application threads were stopped: 0.0002716 seconds
2014-06-25T00:32:49.636+0000: 1312.085: Total time for which application threads were stopped: 0.0007588 seconds
2014-06-25T00:32:50.636+0000: 1313.085: Total time for which application threads were stopped: 0.0002699 seconds
2014-06-25T00:32:55.637+0000: 1318.086: Total time for which application threads were stopped: 0.0002434 seconds
2014-06-25T00:33:00.638+0000: 1323.087: Total time for which application threads were stopped: 0.0002406 seconds
2014-06-25T00:33:04.638+0000: 1327.088: Total time for which application threads were stopped: 0.0002463 seconds
2014-06-25T00:33:10.640+0000: 1333.089: Total time for which application threads were stopped: 0.0004023 seconds
2014-06-25T00:33:15.640+0000: 1338.090: Total time for which application threads were stopped: 0.0003225 seconds
2014-06-25T00:33:17.575+0000: 1340.024: Total time for which application threads were stopped: 0.0003712 seconds
2014-06-25T00:33:18.575+0000: 1341.024: Total time for which application threads were stopped: 0.0002698 seconds
2014-06-25T00:33:19.576+0000: 1342.025: Total time for which application threads were stopped: 0.0002755 seconds
2014-06-25T00:33:19.692+0000: 1342.141: Total time for which application threads were stopped: 0.0002778 seconds
2014-06-25T00:33:19.701+0000: 1342.150: Total time for which application threads were stopped: 0.0002874 seconds
2014-06-25T00:33:19.717+0000: 1342.167: Total time for which application threads were stopped: 0.0002674 seconds
2014-06-25T00:33:19.764+0000: 1342.213: Total time for which application threads were stopped: 0.0043321 seconds
2014-06-25T00:33:19.975+0000: 1342.424: Total time for which application threads were stopped: 0.0003522 seconds
2014-06-25T00:33:19.996+0000: 1342.445: Total time for which application threads were stopped: 0.0045408 seconds
2014-06-25T00:33:20.007+0000: 1342.456: Total time for which application threads were stopped: 0.0054408 seconds
2014-06-25T00:33:20.008+0000: 1342.457: Total time for which application threads were stopped: 0.0002208 seconds
2014-06-25T00:33:20.008+0000: 1342.457: Total time for which application threads were stopped: 0.0002306 seconds
2014-06-25T00:33:20.008+0000: 1342.458: Total time for which application threads were stopped: 0.0002160 seconds
2014-06-25T00:33:20.009+0000: 1342.458: Total time for which application threads were stopped: 0.0002018 seconds
2014-06-25T00:33:20.010+0000: 1342.459: Total time for which application threads were stopped: 0.0002181 seconds
2014-06-25T00:33:20.080+0000: 1342.529: Total time for which application threads were stopped: 0.0043397 seconds
2014-06-25T00:33:20.298+0000: 1342.747: Total time for which application threads were stopped: 0.0003567 seconds
2014-06-25T00:33:20.305+0000: 1342.754: Total time for which application threads were stopped: 0.0001608 seconds
2014-06-25T00:33:20.305+0000: 1342.754: Total time for which application threads were stopped: 0.0001506 seconds
2014-06-25T00:33:20.305+0000: 1342.754: Total time for which application threads were stopped: 0.0001495 seconds
2014-06-25T00:33:20.305+0000: 1342.755: Total time for which application threads were stopped: 0.0001485 seconds
2014-06-25T00:33:20.306+0000: 1342.755: Total time for which application threads were stopped: 0.0001540 seconds
2014-06-25T00:33:20.306+0000: 1342.755: Total time for which application threads were stopped: 0.0001474 seconds
2014-06-25T00:33:20.307+0000: 1342.756: Total time for which application threads were stopped: 0.0007020 seconds
2014-06-25T00:33:20.612+0000: 1343.061: Total time for which application threads were stopped: 0.0026429 seconds
2014-06-25T00:33:20.695+0000: 1343.144: Total time for which application threads were stopped: 0.0035708 seconds
2014-06-25T00:33:20.727+0000: 1343.176: Total time for which application threads were stopped: 0.0030644 seconds
2014-06-25T00:33:20.761+0000: 1343.211: Total time for which application threads were stopped: 0.0053327 seconds
2014-06-25T00:33:20.915+0000: 1343.364: Total time for which application threads were stopped: 0.0003922 seconds
2014-06-25T00:33:20.922+0000: 1343.371: Total time for which application threads were stopped: 0.0002131 seconds
2014-06-25T00:33:20.922+0000: 1343.371: Total time for which application threads were stopped: 0.0001555 seconds
2014-06-25T00:33:21.923+0000: 1344.372: Total time for which application threads were stopped: 0.0002770 seconds
2014-06-25T00:33:23.923+0000: 1346.372: Total time for which application threads were stopped: 0.0002718 seconds
2014-06-25T00:33:24.924+0000: 1347.373: Total time for which application threads were stopped: 0.0002876 seconds
2014-06-25T00:33:26.924+0000: 1349.373: Total time for which application threads were stopped: 0.0002608 seconds
2014-06-25T00:33:29.925+0000: 1352.374: Total time for which application threads were stopped: 0.0002602 seconds
2014-06-25T00:33:30.925+0000: 1353.374: Total time for which application threads were stopped: 0.0002427 seconds
2014-06-25T00:33:33.926+0000: 1356.375: Total time for which application threads were stopped: 0.0002661 seconds
2014-06-25T00:33:45.719+0000: 1368.168: Total time for which application threads were stopped: 0.0004251 seconds
2014-06-25T00:33:45.730+0000: 1368.179: Total time for which application threads were stopped: 0.0003248 seconds
2014-06-25T00:33:50.731+0000: 1373.180: Total time for which application threads were stopped: 0.0002465 seconds
2014-06-25T00:33:58.350+0000: 1380.799: Total time for which application threads were stopped: 0.0002856 seconds
2014-06-25T00:33:58.357+0000: 1380.806: Total time for which application threads were stopped: 0.0002227 seconds
2014-06-25T00:33:58.357+0000: 1380.807: Total time for which application threads were stopped: 0.0001512 seconds
2014-06-25T00:33:58.358+0000: 1380.807: Total time for which application threads were stopped: 0.0001492 seconds
2014-06-25T00:33:58.358+0000: 1380.807: Total time for which application threads were stopped: 0.0001497 seconds
2014-06-25T00:33:58.358+0000: 1380.807: Total time for which application threads were stopped: 0.0001503 seconds
2014-06-25T00:33:58.358+0000: 1380.808: Total time for which application threads were stopped: 0.0001491 seconds
2014-06-25T00:33:58.359+0000: 1380.808: Total time for which application threads were stopped: 0.0001507 seconds
2014-06-25T00:33:58.359+0000: 1380.808: Total time for which application threads were stopped: 0.0001485 seconds
2014-06-25T00:33:59.359+0000: 1381.809: Total time for which application threads were stopped: 0.0002843 seconds
2014-06-25T00:33:59.902+0000: 1382.352: Total time for which application threads were stopped: 0.0003101 seconds
2014-06-25T00:33:59.921+0000: 1382.370: Total time for which application threads were stopped: 0.0002082 seconds
2014-06-25T00:34:00.338+0000: 1382.787: Total time for which application threads were stopped: 0.0009149 seconds
2014-06-25T00:34:05.548+0000: 1387.997: Total time for which application threads were stopped: 0.0002843 seconds
2014-06-25T00:34:05.554+0000: 1388.004: Total time for which application threads were stopped: 0.0007941 seconds
2014-06-25T00:34:05.867+0000: 1388.316: Total time for which application threads were stopped: 0.0002773 seconds
2014-06-25T00:34:05.867+0000: 1388.317: Total time for which application threads were stopped: 0.0001607 seconds
2014-06-25T00:34:05.868+0000: 1388.317: Total time for which application threads were stopped: 0.0001525 seconds
2014-06-25T00:34:05.868+0000: 1388.317: Total time for which application threads were stopped: 0.0001493 seconds
2014-06-25T00:34:05.868+0000: 1388.317: Total time for which application threads were stopped: 0.0001487 seconds
2014-06-25T00:34:05.869+0000: 1388.318: Total time for which application threads were stopped: 0.0001484 seconds
2014-06-25T00:34:05.869+0000: 1388.318: Total time for which application threads were stopped: 0.0006410 seconds
2014-06-25T00:34:06.870+0000: 1389.319: Total time for which application threads were stopped: 0.0002815 seconds
2014-06-25T00:34:07.016+0000: 1389.465: Total time for which application threads were stopped: 0.0002816 seconds
2014-06-25T00:34:07.983+0000: 1390.432: Total time for which application threads were stopped: 0.0002949 seconds
2014-06-25T00:34:07.988+0000: 1390.437: Total time for which application threads were stopped: 0.0002288 seconds
2014-06-25T00:34:11.510+0000: 1393.959: Total time for which application threads were stopped: 0.0004033 seconds
2014-06-25T00:34:11.520+0000: 1393.970: Total time for which application threads were stopped: 0.0002739 seconds
2014-06-25T00:34:11.521+0000: 1393.970: Total time for which application threads were stopped: 0.0002480 seconds
2014-06-25T00:34:11.521+0000: 1393.970: Total time for which application threads were stopped: 0.0002359 seconds
2014-06-25T00:34:11.994+0000: 1394.443: [GC pause (G1 Evacuation Pause) (young)
Desired survivor size 222298112 bytes, new threshold 15 (max 15)
- age   1:    5010696 bytes,    5010696 total
, 0.0287429 secs]
   [Parallel Time: 24.4 ms, GC Workers: 2]
      [GC Worker Start (ms): Min: 1394443.6, Avg: 1394443.6, Max: 1394443.6, Diff: 0.0]
      [Ext Root Scanning (ms): Min: 1.1, Avg: 1.3, Max: 1.4, Diff: 0.4, Sum: 2.5]
      [Update RS (ms): Min: 7.3, Avg: 7.5, Max: 7.7, Diff: 0.5, Sum: 15.0]
         [Processed Buffers: Min: 12, Avg: 29.5, Max: 47, Diff: 35, Sum: 59]
      [Scan RS (ms): Min: 2.1, Avg: 2.2, Max: 2.2, Diff: 0.2, Sum: 4.3]
      [Code Root Scanning (ms): Min: 0.8, Avg: 0.9, Max: 0.9, Diff: 0.1, Sum: 1.8]
      [Object Copy (ms): Min: 12.4, Avg: 12.5, Max: 12.6, Diff: 0.2, Sum: 24.9]
      [Termination (ms): Min: 0.0, Avg: 0.0, Max: 0.0, Diff: 0.0, Sum: 0.0]
      [GC Worker Other (ms): Min: 0.0, Avg: 0.1, Max: 0.1, Diff: 0.0, Sum: 0.1]
      [GC Worker Total (ms): Min: 24.3, Avg: 24.3, Max: 24.3, Diff: 0.0, Sum: 48.7]
      [GC Worker End (ms): Min: 1394467.9, Avg: 1394467.9, Max: 1394467.9, Diff: 0.0]
   [Code Root Fixup: 0.3 ms]
   [Code Root Migration: 0.3 ms]
   [Clear CT: 0.8 ms]
   [Other: 2.9 ms]
      [Choose CSet: 0.0 ms]
      [Ref Proc: 1.1 ms]
      [Ref Enq: 0.0 ms]
      [Free CSet: 1.6 ms]
   [Eden: 3370.0M(3370.0M)->0.0B(3370.0M) Survivors: 8192.0K->8192.0K Heap: 3497.6M(5632.0M)->127.6M(5632.0M)]
 [Times: user=0.05 sys=0.00, real=0.02 secs] 
2014-06-25T00:34:12.023+0000: 1394.472: Total time for which application threads were stopped: 0.0293088 seconds
2014-06-25T00:34:12.277+0000: 1394.726: Total time for which application threads were stopped: 0.0003357 seconds
2014-06-25T00:34:13.278+0000: 1395.727: Total time for which application threads were stopped: 0.0002622 seconds
2014-06-25T00:34:13.324+0000: 1395.773: Total time for which application threads were stopped: 0.0002903 seconds
2014-06-25T00:34:14.324+0000: 1396.774: Total time for which application threads were stopped: 0.0002362 seconds
2014-06-25T00:34:14.397+0000: 1396.846: Total time for which application threads were stopped: 0.0002592 seconds
2014-06-25T00:34:16.398+0000: 1398.847: Total time for which application threads were stopped: 0.0002348 seconds
2014-06-25T00:34:27.399+0000: 1409.849: Total time for which application threads were stopped: 0.0002955 seconds
2014-06-25T00:34:28.400+0000: 1410.849: Total time for which application threads were stopped: 0.0002800 seconds
2014-06-25T00:35:14.409+0000: 1456.858: Total time for which application threads were stopped: 0.0003468 seconds
2014-06-25T00:36:01.272+0000: 1503.721: Total time for which application threads were stopped: 0.0003329 seconds
2014-06-25T00:36:16.273+0000: 1518.722: Total time for which application threads were stopped: 0.0003574 seconds
2014-06-25T00:36:36.661+0000: 1539.110: Total time for which application threads were stopped: 0.0004127 seconds
2014-06-25T00:36:37.617+0000: 1540.066: Total time for which application threads were stopped: 0.0003958 seconds
2014-06-25T00:36:38.623+0000: 1541.072: Total time for which application threads were stopped: 0.0003369 seconds
2014-06-25T00:36:44.628+0000: 1547.078: Total time for which application threads were stopped: 0.0043748 seconds
2014-06-25T00:36:44.895+0000: 1547.344: Total time for which application threads were stopped: 0.0056440 seconds
2014-06-25T00:36:45.422+0000: 1547.871: Total time for which application threads were stopped: 0.0004138 seconds
2014-06-25T00:36:47.248+0000: 1549.697: Total time for which application threads were stopped: 0.0004154 seconds
2014-06-25T00:36:47.249+0000: 1549.698: Total time for which application threads were stopped: 0.0002488 seconds
2014-06-25T00:36:47.260+0000: 1549.709: Total time for which application threads were stopped: 0.0002504 seconds
2014-06-25T00:36:48.260+0000: 1550.709: Total time for which application threads were stopped: 0.0003341 seconds
2014-06-25T00:36:55.262+0000: 1557.711: Total time for which application threads were stopped: 0.0003527 seconds
2014-06-25T00:37:05.263+0000: 1567.712: Total time for which application threads were stopped: 0.0003477 seconds
2014-06-25T00:37:38.782+0000: 1601.231: [GC pause (G1 Evacuation Pause) (young)
Desired survivor size 222298112 bytes, new threshold 15 (max 15)
- age   1:    4123448 bytes,    4123448 total
- age   2:    1570136 bytes,    5693584 total
, 0.0770506 secs]
   [Parallel Time: 71.1 ms, GC Workers: 2]
      [GC Worker Start (ms): Min: 1601231.2, Avg: 1601233.8, Max: 1601236.5, Diff: 5.3]
      [Ext Root Scanning (ms): Min: 0.0, Avg: 1.3, Max: 2.5, Diff: 2.5, Sum: 2.6]
      [Update RS (ms): Min: 15.5, Avg: 19.3, Max: 23.1, Diff: 7.7, Sum: 38.6]
         [Processed Buffers: Min: 13, Avg: 30.0, Max: 47, Diff: 34, Sum: 60]
      [Scan RS (ms): Min: 0.1, Avg: 2.2, Max: 4.3, Diff: 4.2, Sum: 4.4]
      [Code Root Scanning (ms): Min: 0.0, Avg: 0.9, Max: 1.7, Diff: 1.7, Sum: 1.7]
      [Object Copy (ms): Min: 42.2, Avg: 44.6, Max: 47.0, Diff: 4.8, Sum: 89.2]
      [Termination (ms): Min: 0.0, Avg: 0.1, Max: 0.3, Diff: 0.3, Sum: 0.3]
      [GC Worker Other (ms): Min: 0.0, Avg: 0.0, Max: 0.0, Diff: 0.0, Sum: 0.1]
      [GC Worker Total (ms): Min: 65.8, Avg: 68.4, Max: 71.0, Diff: 5.2, Sum: 136.9]
      [GC Worker End (ms): Min: 1601302.2, Avg: 1601302.3, Max: 1601302.3, Diff: 0.0]
   [Code Root Fixup: 0.4 ms]
   [Code Root Migration: 0.5 ms]
   [Clear CT: 1.1 ms]
   [Other: 3.9 ms]
      [Choose CSet: 0.0 ms]
      [Ref Proc: 1.1 ms]
      [Ref Enq: 0.1 ms]
      [Free CSet: 2.4 ms]
   [Eden: 3370.0M(3370.0M)->0.0B(3366.0M) Survivors: 8192.0K->12.0M Heap: 3497.6M(5632.0M)->131.6M(5632.0M)]
 [Times: user=0.07 sys=0.00, real=0.07 secs] 
2014-06-25T00:37:38.859+0000: 1601.308: Total time for which application threads were stopped: 0.0777962 seconds
2014-06-25T00:37:44.870+0000: 1607.319: Total time for which application threads were stopped: 0.0043622 seconds
2014-06-25T00:37:54.411+0000: 1616.861: Total time for which application threads were stopped: 0.0003672 seconds
2014-06-25T00:38:11.414+0000: 1633.863: Total time for which application threads were stopped: 0.0003275 seconds
2014-06-25T00:38:12.414+0000: 1634.864: Total time for which application threads were stopped: 0.0003698 seconds
2014-06-25T00:38:13.372+0000: 1635.821: [GC pause (G1 Evacuation Pause) (young)
Desired survivor size 222298112 bytes, new threshold 15 (max 15)
- age   1:    4545184 bytes,    4545184 total
- age   2:    3632624 bytes,    8177808 total
- age   3:    1525720 bytes,    9703528 total
, 0.0613855 secs]
   [Parallel Time: 56.3 ms, GC Workers: 2]
      [GC Worker Start (ms): Min: 1635821.0, Avg: 1635823.6, Max: 1635826.2, Diff: 5.2]
      [Ext Root Scanning (ms): Min: 0.0, Avg: 1.5, Max: 2.9, Diff: 2.9, Sum: 2.9]
      [Update RS (ms): Min: 16.1, Avg: 20.2, Max: 24.4, Diff: 8.3, Sum: 40.5]
         [Processed Buffers: Min: 13, Avg: 27.0, Max: 41, Diff: 28, Sum: 54]
      [Scan RS (ms): Min: 0.1, Avg: 2.2, Max: 4.3, Diff: 4.2, Sum: 4.4]
      [Code Root Scanning (ms): Min: 0.0, Avg: 0.9, Max: 1.7, Diff: 1.7, Sum: 1.7]
      [Object Copy (ms): Min: 28.7, Avg: 28.7, Max: 28.8, Diff: 0.0, Sum: 57.5]
      [Termination (ms): Min: 0.0, Avg: 0.1, Max: 0.2, Diff: 0.1, Sum: 0.2]
      [GC Worker Other (ms): Min: 0.0, Avg: 0.0, Max: 0.0, Diff: 0.0, Sum: 0.1]
      [GC Worker Total (ms): Min: 51.0, Avg: 53.6, Max: 56.2, Diff: 5.2, Sum: 107.2]
      [GC Worker End (ms): Min: 1635877.1, Avg: 1635877.2, Max: 1635877.2, Diff: 0.0]
   [Code Root Fixup: 0.5 ms]
   [Code Root Migration: 0.5 ms]
   [Clear CT: 1.0 ms]
   [Other: 3.2 ms]
      [Choose CSet: 0.0 ms]
      [Ref Proc: 0.5 ms]
      [Ref Enq: 0.0 ms]
      [Free CSet: 2.4 ms]
   [Eden: 3366.0M(3366.0M)->0.0B(3368.0M) Survivors: 12.0M->10.0M Heap: 3497.6M(5632.0M)->129.6M(5632.0M)]
 [Times: user=0.06 sys=0.00, real=0.06 secs] 
2014-06-25T00:38:13.433+0000: 1635.882: Total time for which application threads were stopped: 0.0621023 seconds
2014-06-25T00:38:16.450+0000: 1638.899: Total time for which application threads were stopped: 0.0003194 seconds
2014-06-25T00:38:25.557+0000: 1648.006: Total time for which application threads were stopped: 0.0004145 seconds
2014-06-25T00:38:25.558+0000: 1648.007: Total time for which application threads were stopped: 0.0002742 seconds
2014-06-25T00:38:25.564+0000: 1648.013: Total time for which application threads were stopped: 0.0002668 seconds
2014-06-25T00:38:26.564+0000: 1649.014: Total time for which application threads were stopped: 0.0003115 seconds
2014-06-25T00:38:55.568+0000: 1678.017: Total time for which application threads were stopped: 0.0003362 seconds
2014-06-25T00:39:09.442+0000: 1691.891: Total time for which application threads were stopped: 0.0078344 seconds
2014-06-25T00:39:10.442+0000: 1692.891: Total time for which application threads were stopped: 0.0003411 seconds
2014-06-25T00:39:25.575+0000: 1708.024: Total time for which application threads were stopped: 0.0003282 seconds
2014-06-25T00:39:28.575+0000: 1711.025: Total time for which application threads were stopped: 0.0003259 seconds
2014-06-25T00:39:28.941+0000: 1711.390: Total time for which application threads were stopped: 0.0106993 seconds
2014-06-25T00:39:28.956+0000: 1711.405: Total time for which application threads were stopped: 0.0051270 seconds
2014-06-25T00:39:29.961+0000: 1712.410: Total time for which application threads were stopped: 0.0044186 seconds
2014-06-25T00:39:40.963+0000: 1723.412: Total time for which application threads were stopped: 0.0003238 seconds
2014-06-25T00:39:51.965+0000: 1734.414: Total time for which application threads were stopped: 0.0003171 seconds
2014-06-25T00:40:28.966+0000: 1771.415: Total time for which application threads were stopped: 0.0003272 seconds
2014-06-25T00:40:30.966+0000: 1773.415: Total time for which application threads were stopped: 0.0003418 seconds
2014-06-25T00:40:43.968+0000: 1786.417: Total time for which application threads were stopped: 0.0003263 seconds
2014-06-25T00:40:49.969+0000: 1792.418: Total time for which application threads were stopped: 0.0003179 seconds
2014-06-25T00:40:57.971+0000: 1800.420: Total time for which application threads were stopped: 0.0003671 seconds
2014-06-25T00:41:01.273+0000: 1803.722: Total time for which application threads were stopped: 0.0003518 seconds
2014-06-25T00:41:16.274+0000: 1818.724: Total time for which application threads were stopped: 0.0003206 seconds
2014-06-25T00:41:31.277+0000: 1833.726: Total time for which application threads were stopped: 0.0003151 seconds
2014-06-25T00:41:57.250+0000: 1859.699: Total time for which application threads were stopped: 0.0003780 seconds
2014-06-25T00:42:01.251+0000: 1863.700: Total time for which application threads were stopped: 0.0003367 seconds
2014-06-25T00:42:04.252+0000: 1866.701: Total time for which application threads were stopped: 0.0003206 seconds
2014-06-25T00:42:10.253+0000: 1872.702: Total time for which application threads were stopped: 0.0003369 seconds
2014-06-25T00:42:11.253+0000: 1873.702: Total time for which application threads were stopped: 0.0003121 seconds
2014-06-25T00:42:12.219+0000: 1874.668: Total time for which application threads were stopped: 0.0003105 seconds
2014-06-25T00:42:14.220+0000: 1876.669: Total time for which application threads were stopped: 0.0003126 seconds
2014-06-25T00:42:24.221+0000: 1886.671: Total time for which application threads were stopped: 0.0003488 seconds
2014-06-25T00:42:28.222+0000: 1890.671: Total time for which application threads were stopped: 0.0003146 seconds
2014-06-25T00:42:29.223+0000: 1891.672: Total time for which application threads were stopped: 0.0003078 seconds
2014-06-25T00:42:31.923+0000: 1894.372: Total time for which application threads were stopped: 0.0004270 seconds
2014-06-25T00:42:36.609+0000: 1899.058: Total time for which application threads were stopped: 0.0004044 seconds
2014-06-25T00:42:36.628+0000: 1899.077: Total time for which application threads were stopped: 0.0009655 seconds
2014-06-25T00:42:37.629+0000: 1900.078: Total time for which application threads were stopped: 0.0003344 seconds
2014-06-25T00:42:38.629+0000: 1901.078: Total time for which application threads were stopped: 0.0003120 seconds
2014-06-25T00:42:40.630+0000: 1903.079: Total time for which application threads were stopped: 0.0003117 seconds
2014-06-25T00:42:41.457+0000: 1903.906: Total time for which application threads were stopped: 0.0095703 seconds
2014-06-25T00:42:42.469+0000: 1904.918: Total time for which application threads were stopped: 0.0043846 seconds
2014-06-25T00:42:43.474+0000: 1905.923: Total time for which application threads were stopped: 0.0043652 seconds
2014-06-25T00:42:44.488+0000: 1906.937: [GC pause (G1 Evacuation Pause) (young)
Desired survivor size 222298112 bytes, new threshold 15 (max 15)
- age   1:     942296 bytes,     942296 total
- age   2:     878472 bytes,    1820768 total
- age   3:    3628144 bytes,    5448912 total
- age   4:    1524208 bytes,    6973120 total
, 0.0925252 secs]
   [Parallel Time: 86.2 ms, GC Workers: 2]
      [GC Worker Start (ms): Min: 1906937.4, Avg: 1906939.0, Max: 1906940.5, Diff: 3.0]
      [Ext Root Scanning (ms): Min: 0.0, Avg: 1.2, Max: 2.5, Diff: 2.5, Sum: 2.5]
      [Update RS (ms): Min: 19.5, Avg: 23.0, Max: 26.5, Diff: 7.1, Sum: 46.0]
         [Processed Buffers: Min: 20, Avg: 32.5, Max: 45, Diff: 25, Sum: 65]
      [Scan RS (ms): Min: 0.1, Avg: 2.2, Max: 4.4, Diff: 4.3, Sum: 4.5]
      [Code Root Scanning (ms): Min: 0.0, Avg: 1.0, Max: 2.1, Diff: 2.1, Sum: 2.1]
      [Object Copy (ms): Min: 54.2, Avg: 55.7, Max: 57.2, Diff: 3.0, Sum: 111.4]
      [Termination (ms): Min: 0.0, Avg: 1.4, Max: 2.9, Diff: 2.9, Sum: 2.9]
      [GC Worker Other (ms): Min: 0.0, Avg: 0.0, Max: 0.0, Diff: 0.0, Sum: 0.1]
      [GC Worker Total (ms): Min: 83.1, Avg: 84.6, Max: 86.2, Diff: 3.1, Sum: 169.3]
      [GC Worker End (ms): Min: 1907023.6, Avg: 1907023.6, Max: 1907023.6, Diff: 0.0]
   [Code Root Fixup: 0.5 ms]
   [Code Root Migration: 0.6 ms]
   [Clear CT: 1.1 ms]
   [Other: 4.2 ms]
      [Choose CSet: 0.0 ms]
      [Ref Proc: 1.4 ms]
      [Ref Enq: 0.1 ms]
      [Free CSet: 2.4 ms]
   [Eden: 3368.0M(3368.0M)->0.0B(3362.0M) Survivors: 10.0M->16.0M Heap: 3497.6M(5632.0M)->135.6M(5632.0M)]
 [Times: user=0.09 sys=0.01, real=0.10 secs] 
2014-06-25T00:42:44.581+0000: 1907.030: Total time for which application threads were stopped: 0.0932443 seconds
2014-06-25T00:42:46.590+0000: 1909.040: Total time for which application threads were stopped: 0.0003479 seconds
2014-06-25T00:42:48.595+0000: 1911.044: Total time for which application threads were stopped: 0.0043694 seconds
2014-06-25T00:42:51.596+0000: 1914.045: Total time for which application threads were stopped: 0.0003254 seconds
2014-06-25T00:42:54.081+0000: 1916.530: Total time for which application threads were stopped: 0.0003870 seconds
2014-06-25T00:42:54.081+0000: 1916.531: Total time for which application threads were stopped: 0.0002503 seconds
2014-06-25T00:42:54.082+0000: 1916.531: Total time for which application threads were stopped: 0.0002425 seconds
2014-06-25T00:43:00.083+0000: 1922.532: Total time for which application threads were stopped: 0.0002756 seconds
2014-06-25T00:43:01.087+0000: 1923.537: Total time for which application threads were stopped: 0.0043935 seconds
2014-06-25T00:43:05.088+0000: 1927.537: Total time for which application threads were stopped: 0.0003267 seconds
2014-06-25T00:43:07.105+0000: 1929.554: Total time for which application threads were stopped: 0.0167472 seconds
2014-06-25T00:43:08.843+0000: 1931.292: [GC pause (G1 Evacuation Pause) (young)
Desired survivor size 222298112 bytes, new threshold 15 (max 15)
- age   1:    7684240 bytes,    7684240 total
- age   2:     232736 bytes,    7916976 total
- age   3:     670600 bytes,    8587576 total
- age   4:    3512904 bytes,   12100480 total
- age   5:    1506136 bytes,   13606616 total
, 0.1029307 secs]
   [Parallel Time: 96.7 ms, GC Workers: 2]
      [GC Worker Start (ms): Min: 1931291.8, Avg: 1931294.1, Max: 1931296.5, Diff: 4.7]
      [Ext Root Scanning (ms): Min: 0.0, Avg: 1.2, Max: 2.5, Diff: 2.5, Sum: 2.5]
      [Update RS (ms): Min: 20.7, Avg: 20.9, Max: 21.1, Diff: 0.5, Sum: 41.8]
         [Processed Buffers: Min: 13, Avg: 28.0, Max: 43, Diff: 30, Sum: 56]
      [Scan RS (ms): Min: 4.0, Avg: 6.3, Max: 8.5, Diff: 4.5, Sum: 12.5]
      [Code Root Scanning (ms): Min: 0.2, Avg: 0.9, Max: 1.6, Diff: 1.4, Sum: 1.7]
      [Object Copy (ms): Min: 64.3, Avg: 64.9, Max: 65.5, Diff: 1.3, Sum: 129.8]
      [Termination (ms): Min: 0.0, Avg: 0.1, Max: 0.2, Diff: 0.2, Sum: 0.2]
      [GC Worker Other (ms): Min: 0.0, Avg: 0.0, Max: 0.0, Diff: 0.0, Sum: 0.1]
      [GC Worker Total (ms): Min: 92.0, Avg: 94.3, Max: 96.6, Diff: 4.6, Sum: 188.6]
      [GC Worker End (ms): Min: 1931388.4, Avg: 1931388.4, Max: 1931388.5, Diff: 0.1]
   [Code Root Fixup: 0.5 ms]
   [Code Root Migration: 0.6 ms]
   [Clear CT: 1.1 ms]
   [Other: 4.1 ms]
      [Choose CSet: 0.0 ms]
      [Ref Proc: 1.4 ms]
      [Ref Enq: 0.1 ms]
      [Free CSet: 2.4 ms]
   [Eden: 3362.0M(3362.0M)->0.0B(3362.0M) Survivors: 16.0M->16.0M Heap: 3497.6M(5632.0M)->135.6M(5632.0M)]
 [Times: user=0.09 sys=0.00, real=0.10 secs] 
2014-06-25T00:43:08.946+0000: 1931.395: Total time for which application threads were stopped: 0.1036253 seconds
2014-06-25T00:43:10.953+0000: 1933.402: Total time for which application threads were stopped: 0.0003310 seconds
2014-06-25T00:43:14.168+0000: 1936.617: Total time for which application threads were stopped: 0.0079607 seconds
2014-06-25T00:43:14.168+0000: 1936.617: Total time for which application threads were stopped: 0.0002353 seconds
2014-06-25T00:43:14.524+0000: 1936.973: Total time for which application threads were stopped: 0.0081872 seconds
2014-06-25T00:43:16.545+0000: 1938.994: Total time for which application threads were stopped: 0.0003457 seconds
2014-06-25T00:43:25.546+0000: 1947.995: Total time for which application threads were stopped: 0.0003455 seconds
2014-06-25T00:43:26.556+0000: 1949.005: Total time for which application threads were stopped: 0.0044347 seconds
2014-06-25T00:43:27.409+0000: 1949.858: [GC pause (G1 Evacuation Pause) (young)
Desired survivor size 222298112 bytes, new threshold 15 (max 15)
- age   1:    7755080 bytes,    7755080 total
- age   2:     640768 bytes,    8395848 total
- age   3:     231824 bytes,    8627672 total
- age   4:     667864 bytes,    9295536 total
- age   5:    3504112 bytes,   12799648 total
- age   6:    1504704 bytes,   14304352 total
, 0.0787436 secs]
   [Parallel Time: 72.6 ms, GC Workers: 2]
      [GC Worker Start (ms): Min: 1949858.3, Avg: 1949860.8, Max: 1949863.3, Diff: 5.0]
      [Ext Root Scanning (ms): Min: 0.0, Avg: 1.3, Max: 2.6, Diff: 2.6, Sum: 2.6]
      [Update RS (ms): Min: 19.5, Avg: 21.4, Max: 23.2, Diff: 3.7, Sum: 42.7]
         [Processed Buffers: Min: 14, Avg: 30.0, Max: 46, Diff: 32, Sum: 60]
      [Scan RS (ms): Min: 3.2, Avg: 6.3, Max: 9.3, Diff: 6.0, Sum: 12.5]
      [Code Root Scanning (ms): Min: 0.4, Avg: 0.9, Max: 1.3, Diff: 0.9, Sum: 1.8]
      [Object Copy (ms): Min: 38.3, Avg: 40.2, Max: 42.0, Diff: 3.7, Sum: 80.3]
      [Termination (ms): Min: 0.0, Avg: 0.1, Max: 0.2, Diff: 0.2, Sum: 0.2]
      [GC Worker Other (ms): Min: 0.0, Avg: 0.0, Max: 0.0, Diff: 0.0, Sum: 0.1]
      [GC Worker Total (ms): Min: 67.6, Avg: 70.1, Max: 72.6, Diff: 5.0, Sum: 140.1]
      [GC Worker End (ms): Min: 1949930.9, Avg: 1949930.9, Max: 1949930.9, Diff: 0.0]
   [Code Root Fixup: 0.4 ms]
   [Code Root Migration: 0.6 ms]
   [Clear CT: 1.1 ms]
   [Other: 4.1 ms]
      [Choose CSet: 0.0 ms]
      [Ref Proc: 1.2 ms]
      [Ref Enq: 0.1 ms]
      [Free CSet: 2.4 ms]
   [Eden: 3362.0M(3362.0M)->0.0B(3366.0M) Survivors: 16.0M->12.0M Heap: 3497.6M(5632.0M)->131.6M(5632.0M)]
 [Times: user=0.08 sys=0.01, real=0.08 secs] 
2014-06-25T00:43:27.488+0000: 1949.937: Total time for which application threads were stopped: 0.0795017 seconds
2014-06-25T00:43:28.508+0000: 1950.957: Total time for which application threads were stopped: 0.0043708 seconds
2014-06-25T00:43:29.512+0000: 1951.962: Total time for which application threads were stopped: 0.0043811 seconds
2014-06-25T00:43:31.401+0000: 1953.850: Total time for which application threads were stopped: 0.0076060 seconds
2014-06-25T00:43:31.409+0000: 1953.858: Total time for which application threads were stopped: 0.0021152 seconds
2014-06-25T00:43:31.409+0000: 1953.858: Total time for which application threads were stopped: 0.0002263 seconds
2014-06-25T00:43:48.177+0000: 1970.627: [GC pause (G1 Evacuation Pause) (young)
Desired survivor size 222298112 bytes, new threshold 15 (max 15)
- age   1:    1964512 bytes,    1964512 total
- age   2:     762680 bytes,    2727192 total
- age   3:     547816 bytes,    3275008 total
- age   4:     231600 bytes,    3506608 total
- age   5:     658672 bytes,    4165280 total
- age   6:    3497392 bytes,    7662672 total
- age   7:    1504576 bytes,    9167248 total
, 0.0670390 secs]
   [Parallel Time: 61.6 ms, GC Workers: 2]
      [GC Worker Start (ms): Min: 1970626.7, Avg: 1970627.8, Max: 1970628.9, Diff: 2.2]
      [Ext Root Scanning (ms): Min: 0.8, Avg: 3.3, Max: 5.7, Diff: 5.0, Sum: 6.5]
      [Update RS (ms): Min: 17.1, Avg: 18.3, Max: 19.4, Diff: 2.2, Sum: 36.5]
         [Processed Buffers: Min: 11, Avg: 28.5, Max: 46, Diff: 35, Sum: 57]
      [Scan RS (ms): Min: 2.0, Avg: 2.1, Max: 2.2, Diff: 0.2, Sum: 4.3]
      [Code Root Scanning (ms): Min: 1.0, Avg: 9.5, Max: 18.0, Diff: 17.0, Sum: 19.1]
      [Object Copy (ms): Min: 18.4, Avg: 27.1, Max: 35.7, Diff: 17.3, Sum: 54.2]
      [Termination (ms): Min: 0.0, Avg: 0.0, Max: 0.0, Diff: 0.0, Sum: 0.0]
      [GC Worker Other (ms): Min: 0.0, Avg: 0.1, Max: 0.2, Diff: 0.1, Sum: 0.2]
      [GC Worker Total (ms): Min: 59.3, Avg: 60.4, Max: 61.4, Diff: 2.1, Sum: 120.8]
      [GC Worker End (ms): Min: 1970688.1, Avg: 1970688.2, Max: 1970688.2, Diff: 0.1]
   [Code Root Fixup: 0.4 ms]
   [Code Root Migration: 0.6 ms]
   [Clear CT: 1.1 ms]
   [Other: 3.3 ms]
      [Choose CSet: 0.0 ms]
      [Ref Proc: 0.7 ms]
      [Ref Enq: 0.1 ms]
      [Free CSet: 2.3 ms]
   [Eden: 3366.0M(3366.0M)->0.0B(3368.0M) Survivors: 12.0M->10.0M Heap: 3497.6M(5632.0M)->130.6M(5632.0M)]
 [Times: user=0.08 sys=0.00, real=0.06 secs] 
2014-06-25T00:43:48.245+0000: 1970.694: Total time for which application threads were stopped: 0.0677537 seconds
2014-06-25T00:43:55.253+0000: 1977.702: Total time for which application threads were stopped: 0.0004652 seconds
2014-06-25T00:44:06.162+0000: 1988.611: [GC pause (G1 Evacuation Pause) (young)
Desired survivor size 222298112 bytes, new threshold 15 (max 15)
- age   1:    2521856 bytes,    2521856 total
- age   2:     154392 bytes,    2676248 total
- age   3:     761416 bytes,    3437664 total
- age   4:     538040 bytes,    3975704 total
- age   5:     231600 bytes,    4207304 total
- age   6:     658576 bytes,    4865880 total
- age   7:    3497392 bytes,    8363272 total
- age   8:    1504576 bytes,    9867848 total
, 0.0864816 secs]
   [Parallel Time: 80.0 ms, GC Workers: 2]
      [GC Worker Start (ms): Min: 1988611.0, Avg: 1988613.8, Max: 1988616.5, Diff: 5.4]
      [Ext Root Scanning (ms): Min: 0.0, Avg: 1.3, Max: 2.6, Diff: 2.6, Sum: 2.6]
      [Update RS (ms): Min: 18.7, Avg: 23.0, Max: 27.3, Diff: 8.6, Sum: 45.9]
         [Processed Buffers: Min: 14, Avg: 29.5, Max: 45, Diff: 31, Sum: 59]
      [Scan RS (ms): Min: 0.8, Avg: 2.3, Max: 3.9, Diff: 3.1, Sum: 4.7]
      [Code Root Scanning (ms): Min: 0.2, Avg: 4.6, Max: 9.0, Diff: 8.8, Sum: 9.2]
      [Object Copy (ms): Min: 42.9, Avg: 45.9, Max: 48.9, Diff: 6.0, Sum: 91.7]
      [Termination (ms): Min: 0.0, Avg: 0.1, Max: 0.2, Diff: 0.2, Sum: 0.2]
      [GC Worker Other (ms): Min: 0.0, Avg: 0.0, Max: 0.0, Diff: 0.0, Sum: 0.1]
      [GC Worker Total (ms): Min: 74.4, Avg: 77.2, Max: 79.9, Diff: 5.5, Sum: 154.4]
      [GC Worker End (ms): Min: 1988690.9, Avg: 1988690.9, Max: 1988691.0, Diff: 0.0]
   [Code Root Fixup: 0.4 ms]
   [Code Root Migration: 0.6 ms]
   [Clear CT: 1.1 ms]
   [Other: 4.4 ms]
      [Choose CSet: 0.0 ms]
      [Ref Proc: 1.5 ms]
      [Ref Enq: 0.1 ms]
      [Free CSet: 2.5 ms]
   [Eden: 3368.0M(3368.0M)->0.0B(3366.0M) Survivors: 10.0M->12.0M Heap: 3498.6M(5632.0M)->132.6M(5632.0M)]
 [Times: user=0.09 sys=0.00, real=0.09 secs] 
2014-06-25T00:44:06.248+0000: 1988.698: Total time for which application threads were stopped: 0.0872506 seconds
2014-06-25T00:44:10.332+0000: 1992.781: Total time for which application threads were stopped: 0.0003996 seconds
2014-06-25T00:44:10.333+0000: 1992.782: Total time for which application threads were stopped: 0.0002512 seconds
2014-06-25T00:44:10.349+0000: 1992.798: Total time for which application threads were stopped: 0.0003834 seconds
2014-06-25T00:44:10.353+0000: 1992.802: Total time for which application threads were stopped: 0.0002788 seconds
2014-06-25T00:44:10.353+0000: 1992.803: Total time for which application threads were stopped: 0.0002433 seconds
2014-06-25T00:44:11.560+0000: 1994.009: Total time for which application threads were stopped: 0.0003845 seconds
2014-06-25T00:44:12.560+0000: 1995.009: Total time for which application threads were stopped: 0.0003437 seconds
2014-06-25T00:44:14.567+0000: 1997.016: Total time for which application threads were stopped: 0.0033339 seconds
2014-06-25T00:44:24.568+0000: 2007.017: Total time for which application threads were stopped: 0.0003266 seconds
2014-06-25T00:44:31.569+0000: 2014.019: Total time for which application threads were stopped: 0.0002599 seconds
2014-06-25T00:44:47.572+0000: 2030.021: Total time for which application threads were stopped: 0.0003257 seconds
2014-06-25T00:44:59.804+0000: 2042.253: [GC pause (G1 Evacuation Pause) (young)
Desired survivor size 222298112 bytes, new threshold 15 (max 15)
- age   1:    2925928 bytes,    2925928 total
- age   2:      69912 bytes,    2995840 total
- age   3:     153944 bytes,    3149784 total
- age   4:     761344 bytes,    3911128 total
- age   5:     537712 bytes,    4448840 total
- age   6:     231600 bytes,    4680440 total
- age   7:     658576 bytes,    5339016 total
- age   8:    3497392 bytes,    8836408 total
- age   9:    1504576 bytes,   10340984 total
, 0.0962478 secs]
   [Parallel Time: 89.5 ms, GC Workers: 2]
      [GC Worker Start (ms): Min: 2042253.3, Avg: 2042256.4, Max: 2042259.5, Diff: 6.2]
      [Ext Root Scanning (ms): Min: 0.0, Avg: 1.3, Max: 2.5, Diff: 2.5, Sum: 2.5]
      [Update RS (ms): Min: 17.6, Avg: 23.2, Max: 28.8, Diff: 11.2, Sum: 46.4]
         [Processed Buffers: Min: 13, Avg: 30.0, Max: 47, Diff: 34, Sum: 60]
      [Scan RS (ms): Min: 0.1, Avg: 2.2, Max: 4.3, Diff: 4.2, Sum: 4.4]
      [Code Root Scanning (ms): Min: 0.0, Avg: 0.9, Max: 1.8, Diff: 1.8, Sum: 1.8]
      [Object Copy (ms): Min: 58.0, Avg: 58.7, Max: 59.4, Diff: 1.5, Sum: 117.4]
      [Termination (ms): Min: 0.0, Avg: 0.1, Max: 0.2, Diff: 0.2, Sum: 0.2]
      [GC Worker Other (ms): Min: 0.0, Avg: 0.0, Max: 0.0, Diff: 0.0, Sum: 0.1]
      [GC Worker Total (ms): Min: 83.3, Avg: 86.4, Max: 89.5, Diff: 6.2, Sum: 172.7]
      [GC Worker End (ms): Min: 2042342.7, Avg: 2042342.8, Max: 2042342.8, Diff: 0.0]
   [Code Root Fixup: 0.5 ms]
   [Code Root Migration: 0.6 ms]
   [Clear CT: 1.1 ms]
   [Other: 4.6 ms]
      [Choose CSet: 0.0 ms]
      [Ref Proc: 1.9 ms]
      [Ref Enq: 0.1 ms]
      [Free CSet: 2.4 ms]
   [Eden: 3366.0M(3366.0M)->0.0B(3364.0M) Survivors: 12.0M->14.0M Heap: 3498.6M(5632.0M)->134.6M(5632.0M)]
 [Times: user=0.10 sys=0.00, real=0.10 secs] 
2014-06-25T00:44:59.901+0000: 2042.350: Total time for which application threads were stopped: 0.0970152 seconds
2014-06-25T00:45:09.909+0000: 2052.359: Total time for which application threads were stopped: 0.0002473 seconds
2014-06-25T00:45:23.428+0000: 2065.877: Total time for which application threads were stopped: 0.0004010 seconds
2014-06-25T00:45:36.367+0000: 2078.816: Total time for which application threads were stopped: 0.0003946 seconds
2014-06-25T00:45:36.369+0000: 2078.818: Total time for which application threads were stopped: 0.0010018 seconds
2014-06-25T00:45:37.369+0000: 2079.819: Total time for which application threads were stopped: 0.0003299 seconds
2014-06-25T00:45:44.421+0000: 2086.870: Total time for which application threads were stopped: 0.0061849 seconds
2014-06-25T00:45:44.422+0000: 2086.871: Total time for which application threads were stopped: 0.0004133 seconds
2014-06-25T00:45:44.521+0000: 2086.970: [GC pause (G1 Evacuation Pause) (young)
Desired survivor size 222298112 bytes, new threshold 15 (max 15)
- age   1:    5145896 bytes,    5145896 total
- age   2:       5136 bytes,    5151032 total
- age   3:      24264 bytes,    5175296 total
- age   4:     113264 bytes,    5288560 total
- age   5:     758128 bytes,    6046688 total
- age   6:     432888 bytes,    6479576 total
- age   7:     231600 bytes,    6711176 total
- age   8:     658512 bytes,    7369688 total
- age   9:    3451952 bytes,   10821640 total
- age  10:    1504576 bytes,   12326216 total
, 0.0829871 secs]
   [Parallel Time: 73.6 ms, GC Workers: 2]
      [GC Worker Start (ms): Min: 2086970.4, Avg: 2086972.3, Max: 2086974.2, Diff: 3.8]
      [Ext Root Scanning (ms): Min: 0.0, Avg: 1.3, Max: 2.6, Diff: 2.6, Sum: 2.6]
      [Update RS (ms): Min: 21.1, Avg: 23.8, Max: 26.5, Diff: 5.4, Sum: 47.6]
         [Processed Buffers: Min: 15, Avg: 31.0, Max: 47, Diff: 32, Sum: 62]
      [Scan RS (ms): Min: 0.1, Avg: 6.2, Max: 12.4, Diff: 12.2, Sum: 12.5]
      [Code Root Scanning (ms): Min: 0.2, Avg: 0.9, Max: 1.6, Diff: 1.4, Sum: 1.8]
      [Object Copy (ms): Min: 35.8, Avg: 39.2, Max: 42.7, Diff: 6.9, Sum: 78.5]
      [Termination (ms): Min: 0.0, Avg: 0.1, Max: 0.2, Diff: 0.2, Sum: 0.2]
      [GC Worker Other (ms): Min: 0.0, Avg: 0.0, Max: 0.0, Diff: 0.0, Sum: 0.1]
      [GC Worker Total (ms): Min: 69.7, Avg: 71.6, Max: 73.5, Diff: 3.8, Sum: 143.2]
      [GC Worker End (ms): Min: 2087043.9, Avg: 2087043.9, Max: 2087043.9, Diff: 0.0]
   [Code Root Fixup: 0.5 ms]
   [Code Root Migration: 0.5 ms]
   [Clear CT: 1.0 ms]
   [Other: 7.4 ms]
      [Choose CSet: 0.0 ms]
      [Ref Proc: 4.7 ms]
      [Ref Enq: 0.1 ms]
      [Free CSet: 2.3 ms]
   [Eden: 3364.0M(3364.0M)->0.0B(3366.0M) Survivors: 14.0M->12.0M Heap: 3498.6M(5632.0M)->131.6M(5632.0M)]
 [Times: user=0.08 sys=0.01, real=0.08 secs] 
2014-06-25T00:45:44.604+0000: 2087.053: Total time for which application threads were stopped: 0.0880706 seconds
2014-06-25T00:45:44.842+0000: 2087.291: Total time for which application threads were stopped: 0.0064850 seconds
2014-06-25T00:45:44.851+0000: 2087.300: Total time for which application threads were stopped: 0.0031716 seconds
2014-06-25T00:45:44.855+0000: 2087.304: Total time for which application threads were stopped: 0.0024368 seconds
2014-06-25T00:45:44.865+0000: 2087.314: Total time for which application threads were stopped: 0.0026671 seconds
2014-06-25T00:45:44.875+0000: 2087.324: Total time for which application threads were stopped: 0.0026082 seconds
2014-06-25T00:45:46.883+0000: 2089.332: Total time for which application threads were stopped: 0.0003386 seconds
2014-06-25T00:45:47.884+0000: 2090.333: Total time for which application threads were stopped: 0.0003544 seconds
2014-06-25T00:46:01.291+0000: 2103.740: Total time for which application threads were stopped: 0.0088845 seconds
2014-06-25T00:46:02.297+0000: 2104.746: Total time for which application threads were stopped: 0.0044031 seconds
2014-06-25T00:46:03.303+0000: 2105.752: Total time for which application threads were stopped: 0.0006093 seconds
2014-06-25T00:46:04.087+0000: 2106.536: Total time for which application threads were stopped: 0.0081035 seconds
2014-06-25T00:46:16.293+0000: 2118.742: Total time for which application threads were stopped: 0.0003403 seconds
2014-06-25T00:46:23.294+0000: 2125.743: Total time for which application threads were stopped: 0.0002734 seconds
2014-06-25T00:46:34.296+0000: 2136.745: Total time for which application threads were stopped: 0.0002996 seconds
2014-06-25T00:46:54.859+0000: 2157.309: Total time for which application threads were stopped: 0.0003050 seconds
2014-06-25T00:47:18.386+0000: 2180.835: Total time for which application threads were stopped: 0.0002749 seconds
2014-06-25T00:47:26.388+0000: 2188.837: Total time for which application threads were stopped: 0.0002879 seconds
2014-06-25T00:47:43.301+0000: 2205.750: [GC pause (G1 Evacuation Pause) (young)
Desired survivor size 222298112 bytes, new threshold 15 (max 15)
- age   1:    2474912 bytes,    2474912 total
- age   2:     125536 bytes,    2600448 total
- age   3:       4688 bytes,    2605136 total
- age   4:      20464 bytes,    2625600 total
- age   5:     109712 bytes,    2735312 total
- age   6:     758064 bytes,    3493376 total
- age   7:     379080 bytes,    3872456 total
- age   8:     231600 bytes,    4104056 total
- age   9:     658304 bytes,    4762360 total
- age  10:    3447808 bytes,    8210168 total
- age  11:    1504576 bytes,    9714744 total
, 0.0369983 secs]
   [Parallel Time: 33.2 ms, GC Workers: 2]
      [GC Worker Start (ms): Min: 2205750.5, Avg: 2205750.5, Max: 2205750.5, Diff: 0.0]
      [Ext Root Scanning (ms): Min: 1.1, Avg: 1.2, Max: 1.4, Diff: 0.3, Sum: 2.5]
      [Update RS (ms): Min: 10.7, Avg: 10.7, Max: 10.8, Diff: 0.2, Sum: 21.5]
         [Processed Buffers: Min: 14, Avg: 32.5, Max: 51, Diff: 37, Sum: 65]
      [Scan RS (ms): Min: 2.4, Avg: 2.5, Max: 2.7, Diff: 0.3, Sum: 5.1]
      [Code Root Scanning (ms): Min: 0.8, Avg: 0.9, Max: 1.0, Diff: 0.2, Sum: 1.8]
      [Object Copy (ms): Min: 17.7, Avg: 17.7, Max: 17.7, Diff: 0.0, Sum: 35.5]
      [Termination (ms): Min: 0.0, Avg: 0.0, Max: 0.0, Diff: 0.0, Sum: 0.0]
      [GC Worker Other (ms): Min: 0.0, Avg: 0.0, Max: 0.1, Diff: 0.0, Sum: 0.1]
      [GC Worker Total (ms): Min: 33.2, Avg: 33.2, Max: 33.2, Diff: 0.0, Sum: 66.4]
      [GC Worker End (ms): Min: 2205783.7, Avg: 2205783.7, Max: 2205783.7, Diff: 0.0]
   [Code Root Fixup: 0.3 ms]
   [Code Root Migration: 0.4 ms]
   [Clear CT: 0.8 ms]
   [Other: 2.3 ms]
      [Choose CSet: 0.0 ms]
      [Ref Proc: 0.5 ms]
      [Ref Enq: 0.1 ms]
      [Free CSet: 1.6 ms]
   [Eden: 3366.0M(3366.0M)->0.0B(3368.0M) Survivors: 12.0M->10.0M Heap: 3497.6M(5632.0M)->129.6M(5632.0M)]
 [Times: user=0.07 sys=0.00, real=0.03 secs] 
2014-06-25T00:47:43.339+0000: 2205.788: Total time for which application threads were stopped: 0.0376344 seconds
2014-06-25T00:47:53.452+0000: 2215.901: Total time for which application threads were stopped: 0.0008740 seconds
2014-06-25T00:48:18.397+0000: 2240.846: Total time for which application threads were stopped: 0.0003060 seconds
2014-06-25T00:48:32.399+0000: 2254.848: Total time for which application threads were stopped: 0.0003545 seconds
2014-06-25T00:48:41.405+0000: 2263.854: Total time for which application threads were stopped: 0.0043625 seconds
2014-06-25T00:49:26.410+0000: 2308.859: Total time for which application threads were stopped: 0.0002629 seconds
2014-06-25T00:50:04.415+0000: 2346.864: Total time for which application threads were stopped: 0.0003195 seconds
2014-06-25T00:50:05.981+0000: 2348.430: Total time for which application threads were stopped: 0.0003580 seconds
2014-06-25T00:50:06.981+0000: 2349.430: Total time for which application threads were stopped: 0.0003599 seconds
2014-06-25T00:50:09.982+0000: 2352.431: Total time for which application threads were stopped: 0.0003339 seconds
2014-06-25T00:50:30.985+0000: 2373.434: Total time for which application threads were stopped: 0.0003367 seconds
2014-06-25T00:51:01.276+0000: 2403.725: Total time for which application threads were stopped: 0.0003540 seconds
2014-06-25T00:51:14.240+0000: 2416.689: Total time for which application threads were stopped: 0.0048773 seconds
2014-06-25T00:51:14.284+0000: 2416.733: Total time for which application threads were stopped: 0.0096521 seconds
2014-06-25T00:51:16.283+0000: 2418.732: Total time for which application threads were stopped: 0.0003410 seconds
2014-06-25T00:51:29.655+0000: 2432.105: Total time for which application threads were stopped: 0.0003540 seconds
2014-06-25T00:51:48.658+0000: 2451.107: Total time for which application threads were stopped: 0.0004698 seconds
2014-06-25T00:52:20.663+0000: 2483.112: Total time for which application threads were stopped: 0.0003181 seconds
2014-06-25T00:52:28.868+0000: 2491.317: [GC pause (G1 Evacuation Pause) (young)
Desired survivor size 222298112 bytes, new threshold 15 (max 15)
- age   1:    1010032 bytes,    1010032 total
- age   2:     129488 bytes,    1139520 total
- age   3:      90032 bytes,    1229552 total
- age   4:       3872 bytes,    1233424 total
- age   5:      20232 bytes,    1253656 total
- age   6:      69480 bytes,    1323136 total
- age   7:     757016 bytes,    2080152 total
- age   8:     353344 bytes,    2433496 total
- age   9:     231560 bytes,    2665056 total
- age  10:     645936 bytes,    3310992 total
- age  11:    3422120 bytes,    6733112 total
- age  12:    1493184 bytes,    8226296 total
, 0.0606067 secs]
   [Parallel Time: 55.9 ms, GC Workers: 2]
      [GC Worker Start (ms): Min: 2491317.3, Avg: 2491317.3, Max: 2491317.3, Diff: 0.0]
      [Ext Root Scanning (ms): Min: 1.2, Avg: 1.3, Max: 1.4, Diff: 0.2, Sum: 2.5]
      [Update RS (ms): Min: 11.6, Avg: 11.6, Max: 11.6, Diff: 0.0, Sum: 23.1]
         [Processed Buffers: Min: 26, Avg: 32.0, Max: 38, Diff: 12, Sum: 64]
      [Scan RS (ms): Min: 2.6, Avg: 2.6, Max: 2.6, Diff: 0.0, Sum: 5.2]
      [Code Root Scanning (ms): Min: 0.8, Avg: 0.9, Max: 1.0, Diff: 0.1, Sum: 1.8]
      [Object Copy (ms): Min: 39.2, Avg: 39.4, Max: 39.6, Diff: 0.4, Sum: 78.8]
      [Termination (ms): Min: 0.0, Avg: 0.0, Max: 0.0, Diff: 0.0, Sum: 0.0]
      [GC Worker Other (ms): Min: 0.0, Avg: 0.1, Max: 0.1, Diff: 0.0, Sum: 0.1]
      [GC Worker Total (ms): Min: 55.8, Avg: 55.8, Max: 55.8, Diff: 0.0, Sum: 111.6]
      [GC Worker End (ms): Min: 2491373.0, Avg: 2491373.1, Max: 2491373.1, Diff: 0.0]
   [Code Root Fixup: 0.3 ms]
   [Code Root Migration: 0.4 ms]
   [Clear CT: 0.8 ms]
   [Other: 3.2 ms]
      [Choose CSet: 0.0 ms]
      [Ref Proc: 1.1 ms]
      [Ref Enq: 0.1 ms]
      [Free CSet: 1.8 ms]
   [Eden: 3368.0M(3368.0M)->0.0B(3364.0M) Survivors: 10.0M->14.0M Heap: 3497.6M(5632.0M)->133.6M(5632.0M)]
 [Times: user=0.10 sys=0.00, real=0.11 secs] 
2014-06-25T00:52:28.978+0000: 2491.427: Total time for which application threads were stopped: 0.1102727 seconds
2014-06-25T00:52:29.077+0000: 2491.527: Total time for which application threads were stopped: 0.0003662 seconds
2014-06-25T00:52:30.078+0000: 2492.527: Total time for which application threads were stopped: 0.0003583 seconds
2014-06-25T00:52:43.080+0000: 2505.529: Total time for which application threads were stopped: 0.0003245 seconds
2014-06-25T00:52:55.082+0000: 2517.531: Total time for which application threads were stopped: 0.0003412 seconds
2014-06-25T00:53:05.935+0000: 2528.384: Total time for which application threads were stopped: 0.0003952 seconds
2014-06-25T00:53:06.935+0000: 2529.384: Total time for which application threads were stopped: 0.0003261 seconds
2014-06-25T00:53:14.937+0000: 2537.386: Total time for which application threads were stopped: 0.0003242 seconds
2014-06-25T00:53:28.939+0000: 2551.388: Total time for which application threads were stopped: 0.0003354 seconds
2014-06-25T00:53:32.272+0000: 2554.722: Total time for which application threads were stopped: 0.0051890 seconds
2014-06-25T00:53:37.273+0000: 2559.722: Total time for which application threads were stopped: 0.0003081 seconds
2014-06-25T00:53:47.275+0000: 2569.724: Total time for which application threads were stopped: 0.0003025 seconds
2014-06-25T00:53:50.276+0000: 2572.725: Total time for which application threads were stopped: 0.0003401 seconds
2014-06-25T00:53:51.276+0000: 2573.725: Total time for which application threads were stopped: 0.0003305 seconds
2014-06-25T00:53:53.277+0000: 2575.726: Total time for which application threads were stopped: 0.0003054 seconds
2014-06-25T00:53:56.277+0000: 2578.726: Total time for which application threads were stopped: 0.0003142 seconds
2014-06-25T00:54:04.279+0000: 2586.728: Total time for which application threads were stopped: 0.0003211 seconds
2014-06-25T00:54:14.280+0000: 2596.729: Total time for which application threads were stopped: 0.0003042 seconds
2014-06-25T00:54:15.281+0000: 2597.730: Total time for which application threads were stopped: 0.0003286 seconds
2014-06-25T00:54:29.623+0000: 2612.072: Total time for which application threads were stopped: 0.0003646 seconds
2014-06-25T00:54:34.620+0000: 2617.069: Total time for which application threads were stopped: 0.0010682 seconds
2014-06-25T00:54:40.621+0000: 2623.070: Total time for which application threads were stopped: 0.0003222 seconds
2014-06-25T00:54:54.623+0000: 2637.073: Total time for which application threads were stopped: 0.0003467 seconds
2014-06-25T00:55:17.627+0000: 2660.076: Total time for which application threads were stopped: 0.0003244 seconds
2014-06-25T00:55:34.629+0000: 2677.078: Total time for which application threads were stopped: 0.0003283 seconds
2014-06-25T00:55:41.541+0000: 2683.990: Total time for which application threads were stopped: 0.0004002 seconds
2014-06-25T00:55:42.541+0000: 2684.990: Total time for which application threads were stopped: 0.0003240 seconds
2014-06-25T00:55:46.295+0000: 2688.744: Total time for which application threads were stopped: 0.0075764 seconds
2014-06-25T00:55:46.413+0000: 2688.862: Total time for which application threads were stopped: 0.0055111 seconds
2014-06-25T00:56:00.415+0000: 2702.864: Total time for which application threads were stopped: 0.0003384 seconds
2014-06-25T00:56:01.277+0000: 2703.727: Total time for which application threads were stopped: 0.0003870 seconds
2014-06-25T00:56:02.278+0000: 2704.727: Total time for which application threads were stopped: 0.0003400 seconds
2014-06-25T00:56:16.279+0000: 2718.728: Total time for which application threads were stopped: 0.0003315 seconds
2014-06-25T00:56:20.280+0000: 2722.729: Total time for which application threads were stopped: 0.0002531 seconds
2014-06-25T00:57:02.285+0000: 2764.735: Total time for which application threads were stopped: 0.0003293 seconds
2014-06-25T00:57:04.031+0000: 2766.480: [GC pause (G1 Evacuation Pause) (young)
Desired survivor size 222298112 bytes, new threshold 15 (max 15)
- age   1:    5029184 bytes,    5029184 total
- age   2:     368968 bytes,    5398152 total
- age   3:      81432 bytes,    5479584 total
- age   4:      84496 bytes,    5564080 total
- age   5:       3872 bytes,    5567952 total
- age   6:      20232 bytes,    5588184 total
- age   7:      63264 bytes,    5651448 total
- age   8:     746776 bytes,    6398224 total
- age   9:     284104 bytes,    6682328 total
- age  10:     231560 bytes,    6913888 total
- age  11:     621360 bytes,    7535248 total
- age  12:    3400344 bytes,   10935592 total
- age  13:    1491072 bytes,   12426664 total
, 0.0679802 secs]
   [Parallel Time: 47.6 ms, GC Workers: 2]
      [GC Worker Start (ms): Min: 2766494.6, Avg: 2766494.6, Max: 2766494.6, Diff: 0.0]
      [Ext Root Scanning (ms): Min: 1.1, Avg: 1.2, Max: 1.3, Diff: 0.2, Sum: 2.4]
      [Update RS (ms): Min: 12.3, Avg: 14.4, Max: 16.4, Diff: 4.1, Sum: 28.7]
         [Processed Buffers: Min: 11, Avg: 35.0, Max: 59, Diff: 48, Sum: 70]
      [Scan RS (ms): Min: 1.2, Avg: 2.6, Max: 4.1, Diff: 2.9, Sum: 5.3]
      [Code Root Scanning (ms): Min: 0.2, Avg: 0.9, Max: 1.5, Diff: 1.3, Sum: 1.8]
      [Object Copy (ms): Min: 27.2, Avg: 27.9, Max: 28.6, Diff: 1.4, Sum: 55.9]
      [Termination (ms): Min: 0.0, Avg: 0.5, Max: 1.0, Diff: 1.0, Sum: 1.0]
      [GC Worker Other (ms): Min: 0.0, Avg: 0.0, Max: 0.0, Diff: 0.0, Sum: 0.1]
      [GC Worker Total (ms): Min: 47.5, Avg: 47.6, Max: 47.6, Diff: 0.1, Sum: 95.1]
      [GC Worker End (ms): Min: 2766542.1, Avg: 2766542.1, Max: 2766542.1, Diff: 0.0]
   [Code Root Fixup: 0.5 ms]
   [Code Root Migration: 0.6 ms]
   [Clear CT: 1.2 ms]
   [Other: 18.1 ms]
      [Choose CSet: 0.0 ms]
      [Ref Proc: 0.9 ms]
      [Ref Enq: 0.0 ms]
      [Free CSet: 2.5 ms]
   [Eden: 3364.0M(3364.0M)->0.0B(3368.0M) Survivors: 14.0M->10.0M Heap: 3497.6M(5632.0M)->129.6M(5632.0M)]
 [Times: user=0.07 sys=0.00, real=0.07 secs] 
2014-06-25T00:57:04.099+0000: 2766.548: Total time for which application threads were stopped: 0.0686935 seconds
2014-06-25T00:57:27.855+0000: 2790.304: Total time for which application threads were stopped: 0.0004056 seconds
2014-06-25T00:57:27.855+0000: 2790.304: Total time for which application threads were stopped: 0.0002501 seconds
2014-06-25T00:57:27.855+0000: 2790.304: Total time for which application threads were stopped: 0.0002582 seconds
2014-06-25T00:57:33.787+0000: 2796.237: Total time for which application threads were stopped: 0.0003700 seconds
2014-06-25T00:58:15.793+0000: 2838.242: Total time for which application threads were stopped: 0.0003299 seconds
2014-06-25T00:58:27.715+0000: 2850.164: Total time for which application threads were stopped: 0.0008313 seconds
2014-06-25T00:58:47.718+0000: 2870.167: Total time for which application threads were stopped: 0.0002678 seconds
2014-06-25T00:59:00.720+0000: 2883.169: Total time for which application threads were stopped: 0.0002671 seconds
2014-06-25T00:59:24.723+0000: 2907.172: Total time for which application threads were stopped: 0.0002836 seconds
2014-06-25T00:59:25.723+0000: 2908.172: Total time for which application threads were stopped: 0.0002387 seconds
2014-06-25T00:59:30.724+0000: 2913.173: Total time for which application threads were stopped: 0.0002338 seconds
2014-06-25T00:59:38.422+0000: 2920.871: Total time for which application threads were stopped: 0.0002861 seconds
2014-06-25T01:00:06.426+0000: 2948.875: Total time for which application threads were stopped: 0.0002871 seconds
2014-06-25T01:00:18.428+0000: 2960.877: Total time for which application threads were stopped: 0.0002494 seconds
2014-06-25T01:00:24.394+0000: 2966.843: Total time for which application threads were stopped: 0.0003023 seconds
2014-06-25T01:00:29.517+0000: 2971.966: Total time for which application threads were stopped: 0.0003069 seconds
2014-06-25T01:00:44.473+0000: 2986.922: Total time for which application threads were stopped: 0.0002793 seconds
2014-06-25T01:00:44.727+0000: 2987.176: Total time for which application threads were stopped: 0.0003022 seconds
2014-06-25T01:00:53.430+0000: 2995.879: [GC pause (G1 Evacuation Pause) (young)
Desired survivor size 222298112 bytes, new threshold 15 (max 15)
- age   1:     628088 bytes,     628088 total
- age   2:     328272 bytes,     956360 total
- age   3:     305008 bytes,    1261368 total
- age   4:      67072 bytes,    1328440 total
- age   5:      69800 bytes,    1398240 total
- age   6:       3872 bytes,    1402112 total
- age   7:      15016 bytes,    1417128 total
- age   8:      11360 bytes,    1428488 total
- age   9:     746568 bytes,    2175056 total
- age  10:     272344 bytes,    2447400 total
- age  11:     231560 bytes,    2678960 total
- age  12:     617280 bytes,    3296240 total
- age  13:    3399632 bytes,    6695872 total
- age  14:    1488960 bytes,    8184832 total
, 0.0478045 secs]
   [Parallel Time: 43.9 ms, GC Workers: 2]
      [GC Worker Start (ms): Min: 2995879.4, Avg: 2995879.9, Max: 2995880.3, Diff: 0.9]
      [Ext Root Scanning (ms): Min: 0.6, Avg: 1.1, Max: 1.6, Diff: 1.0, Sum: 2.3]
      [Update RS (ms): Min: 11.2, Avg: 11.2, Max: 11.3, Diff: 0.1, Sum: 22.5]
         [Processed Buffers: Min: 19, Avg: 32.0, Max: 45, Diff: 26, Sum: 64]
      [Scan RS (ms): Min: 2.3, Avg: 2.3, Max: 2.3, Diff: 0.0, Sum: 4.6]
      [Code Root Scanning (ms): Min: 0.8, Avg: 0.9, Max: 0.9, Diff: 0.1, Sum: 1.8]
      [Object Copy (ms): Min: 27.7, Avg: 27.7, Max: 27.8, Diff: 0.1, Sum: 55.5]
      [Termination (ms): Min: 0.0, Avg: 0.0, Max: 0.0, Diff: 0.0, Sum: 0.0]
      [GC Worker Other (ms): Min: 0.0, Avg: 0.1, Max: 0.1, Diff: 0.0, Sum: 0.1]
      [GC Worker Total (ms): Min: 42.9, Avg: 43.4, Max: 43.8, Diff: 0.9, Sum: 86.7]
      [GC Worker End (ms): Min: 2995923.2, Avg: 2995923.2, Max: 2995923.2, Diff: 0.0]
   [Code Root Fixup: 0.3 ms]
   [Code Root Migration: 0.4 ms]
   [Clear CT: 0.8 ms]
   [Other: 2.4 ms]
      [Choose CSet: 0.0 ms]
      [Ref Proc: 0.5 ms]
      [Ref Enq: 0.0 ms]
      [Free CSet: 1.6 ms]
   [Eden: 3368.0M(3368.0M)->0.0B(3364.0M) Survivors: 10.0M->14.0M Heap: 3497.6M(5632.0M)->133.6M(5632.0M)]
 [Times: user=0.08 sys=0.00, real=0.05 secs] 
2014-06-25T01:00:53.478+0000: 2995.927: Total time for which application threads were stopped: 0.0483899 seconds
2014-06-25T01:01:01.278+0000: 3003.727: Total time for which application threads were stopped: 0.0007598 seconds
2014-06-25T01:01:02.279+0000: 3004.728: Total time for which application threads were stopped: 0.0002713 seconds
2014-06-25T01:01:06.279+0000: 3008.729: Total time for which application threads were stopped: 0.0003135 seconds
2014-06-25T01:01:16.280+0000: 3018.729: Total time for which application threads were stopped: 0.0003074 seconds
2014-06-25T01:01:41.283+0000: 3043.732: Total time for which application threads were stopped: 0.0003027 seconds
2014-06-25T01:02:03.286+0000: 3065.735: Total time for which application threads were stopped: 0.0002989 seconds
2014-06-25T01:02:34.290+0000: 3096.739: Total time for which application threads were stopped: 0.0002603 seconds
2014-06-25T01:02:38.590+0000: 3101.039: [GC pause (G1 Evacuation Pause) (young)
Desired survivor size 222298112 bytes, new threshold 15 (max 15)
- age   1:    3956848 bytes,    3956848 total
- age   2:     252056 bytes,    4208904 total
- age   3:     297728 bytes,    4506632 total
- age   4:     302832 bytes,    4809464 total
- age   5:      65712 bytes,    4875176 total
- age   6:      69288 bytes,    4944464 total
- age   7:       3872 bytes,    4948336 total
- age   8:      15016 bytes,    4963352 total
- age   9:       7640 bytes,    4970992 total
- age  10:     746432 bytes,    5717424 total
- age  11:     272088 bytes,    5989512 total
- age  12:     231560 bytes,    6221072 total
- age  13:     616240 bytes,    6837312 total
- age  14:    3399632 bytes,   10236944 total
- age  15:    1487896 bytes,   11724840 total
, 0.0407464 secs]
   [Parallel Time: 36.9 ms, GC Workers: 2]
      [GC Worker Start (ms): Min: 3101038.9, Avg: 3101038.9, Max: 3101038.9, Diff: 0.0]
      [Ext Root Scanning (ms): Min: 1.1, Avg: 1.2, Max: 1.4, Diff: 0.3, Sum: 2.5]
      [Update RS (ms): Min: 12.1, Avg: 12.1, Max: 12.1, Diff: 0.0, Sum: 24.2]
         [Processed Buffers: Min: 18, Avg: 31.5, Max: 45, Diff: 27, Sum: 63]
      [Scan RS (ms): Min: 2.1, Avg: 2.1, Max: 2.1, Diff: 0.0, Sum: 4.2]
      [Code Root Scanning (ms): Min: 0.8, Avg: 0.9, Max: 1.0, Diff: 0.2, Sum: 1.8]
      [Object Copy (ms): Min: 20.4, Avg: 20.4, Max: 20.5, Diff: 0.1, Sum: 40.8]
      [Termination (ms): Min: 0.0, Avg: 0.0, Max: 0.0, Diff: 0.0, Sum: 0.0]
      [GC Worker Other (ms): Min: 0.0, Avg: 0.0, Max: 0.1, Diff: 0.0, Sum: 0.1]
      [GC Worker Total (ms): Min: 36.8, Avg: 36.8, Max: 36.8, Diff: 0.0, Sum: 73.6]
      [GC Worker End (ms): Min: 3101075.7, Avg: 3101075.7, Max: 3101075.7, Diff: 0.0]
   [Code Root Fixup: 0.3 ms]
   [Code Root Migration: 0.5 ms]
   [Clear CT: 0.8 ms]
   [Other: 2.2 ms]
      [Choose CSet: 0.0 ms]
      [Ref Proc: 0.4 ms]
      [Ref Enq: 0.0 ms]
      [Free CSet: 1.6 ms]
   [Eden: 3364.0M(3364.0M)->0.0B(3368.0M) Survivors: 14.0M->10.0M Heap: 3497.6M(5632.0M)->131.0M(5632.0M)]
 [Times: user=0.08 sys=0.00, real=0.04 secs] 
2014-06-25T01:02:38.631+0000: 3101.080: Total time for which application threads were stopped: 0.0413115 seconds
2014-06-25T01:02:38.693+0000: 3101.142: Total time for which application threads were stopped: 0.0002927 seconds
2014-06-25T01:03:06.101+0000: 3128.551: Total time for which application threads were stopped: 0.0003285 seconds
2014-06-25T01:03:06.102+0000: 3128.551: Total time for which application threads were stopped: 0.0001479 seconds
2014-06-25T01:03:06.140+0000: 3128.589: Total time for which application threads were stopped: 0.0002269 seconds
2014-06-25T01:03:06.141+0000: 3128.590: Total time for which application threads were stopped: 0.0001429 seconds
2014-06-25T01:03:06.957+0000: 3129.406: Total time for which application threads were stopped: 0.0002987 seconds
2014-06-25T01:03:06.957+0000: 3129.406: Total time for which application threads were stopped: 0.0001487 seconds
2014-06-25T01:03:06.957+0000: 3129.407: Total time for which application threads were stopped: 0.0001492 seconds
2014-06-25T01:03:22.459+0000: 3144.909: Total time for which application threads were stopped: 0.0002996 seconds
2014-06-25T01:03:37.461+0000: 3159.911: Total time for which application threads were stopped: 0.0002966 seconds
2014-06-25T01:04:04.465+0000: 3186.914: Total time for which application threads were stopped: 0.0003263 seconds
2014-06-25T01:04:11.466+0000: 3193.915: Total time for which application threads were stopped: 0.0002593 seconds
2014-06-25T01:04:41.480+0000: 3223.929: Total time for which application threads were stopped: 0.0003193 seconds
2014-06-25T01:05:01.482+0000: 3243.931: Total time for which application threads were stopped: 0.0002553 seconds
2014-06-25T01:05:25.168+0000: 3267.617: Total time for which application threads were stopped: 0.0002942 seconds
2014-06-25T01:05:25.170+0000: 3267.619: Total time for which application threads were stopped: 0.0001559 seconds
2014-06-25T01:05:25.173+0000: 3267.622: Total time for which application threads were stopped: 0.0002325 seconds
2014-06-25T01:05:25.189+0000: 3267.638: Total time for which application threads were stopped: 0.0018682 seconds
2014-06-25T01:05:31.190+0000: 3273.639: Total time for which application threads were stopped: 0.0002699 seconds
2014-06-25T01:05:34.201+0000: 3276.651: Total time for which application threads were stopped: 0.0002893 seconds
2014-06-25T01:05:36.587+0000: 3279.036: Total time for which application threads were stopped: 0.0002901 seconds
2014-06-25T01:05:36.590+0000: 3279.039: Total time for which application threads were stopped: 0.0001873 seconds
2014-06-25T01:05:41.591+0000: 3284.040: Total time for which application threads were stopped: 0.0002507 seconds
2014-06-25T01:06:01.279+0000: 3303.728: Total time for which application threads were stopped: 0.0002622 seconds
2014-06-25T01:06:12.578+0000: 3315.027: Total time for which application threads were stopped: 0.0002908 seconds
2014-06-25T01:06:12.581+0000: 3315.030: Total time for which application threads were stopped: 0.0002476 seconds
2014-06-25T01:06:12.587+0000: 3315.036: Total time for which application threads were stopped: 0.0003458 seconds
2014-06-25T01:06:13.587+0000: 3316.036: Total time for which application threads were stopped: 0.0002436 seconds
2014-06-25T01:06:16.280+0000: 3318.730: Total time for which application threads were stopped: 0.0002913 seconds
2014-06-25T01:06:20.281+0000: 3322.730: Total time for which application threads were stopped: 0.0002690 seconds
2014-06-25T01:06:23.282+0000: 3325.731: Total time for which application threads were stopped: 0.0002573 seconds
2014-06-25T01:06:23.333+0000: 3325.782: Total time for which application threads were stopped: 0.0006934 seconds
2014-06-25T01:06:24.333+0000: 3326.782: Total time for which application threads were stopped: 0.0002775 seconds
2014-06-25T01:06:31.334+0000: 3333.783: Total time for which application threads were stopped: 0.0002536 seconds
2014-06-25T01:06:34.335+0000: 3336.784: Total time for which application threads were stopped: 0.0002671 seconds
2014-06-25T01:07:03.907+0000: 3366.356: Total time for which application threads were stopped: 0.0003882 seconds
2014-06-25T01:07:23.676+0000: 3386.125: Total time for which application threads were stopped: 0.0002774 seconds
2014-06-25T01:08:12.354+0000: 3434.803: Total time for which application threads were stopped: 0.0002885 seconds
2014-06-25T01:08:12.358+0000: 3434.807: Total time for which application threads were stopped: 0.0001510 seconds
2014-06-25T01:08:12.366+0000: 3434.815: Total time for which application threads were stopped: 0.0002525 seconds
2014-06-25T01:08:13.366+0000: 3435.816: Total time for which application threads were stopped: 0.0002717 seconds
2014-06-25T01:08:14.367+0000: 3436.816: Total time for which application threads were stopped: 0.0003688 seconds
2014-06-25T01:08:14.597+0000: 3437.046: Total time for which application threads were stopped: 0.0002865 seconds
2014-06-25T01:08:14.967+0000: 3437.416: Total time for which application threads were stopped: 0.0003887 seconds
2014-06-25T01:08:14.969+0000: 3437.418: Total time for which application threads were stopped: 0.0002364 seconds
2014-06-25T01:08:14.991+0000: 3437.440: Total time for which application threads were stopped: 0.0002290 seconds
2014-06-25T01:08:15.014+0000: 3437.463: Total time for which application threads were stopped: 0.0003439 seconds
2014-06-25T01:08:15.037+0000: 3437.487: Total time for which application threads were stopped: 0.0002833 seconds
2014-06-25T01:08:15.333+0000: 3437.783: Total time for which application threads were stopped: 0.0034109 seconds
2014-06-25T01:08:15.340+0000: 3437.789: Total time for which application threads were stopped: 0.0013821 seconds
2014-06-25T01:08:15.368+0000: 3437.817: Total time for which application threads were stopped: 0.0044379 seconds
2014-06-25T01:08:15.407+0000: 3437.856: Total time for which application threads were stopped: 0.0003371 seconds
2014-06-25T01:08:15.648+0000: 3438.097: Total time for which application threads were stopped: 0.0002775 seconds
2014-06-25T01:08:15.655+0000: 3438.104: Total time for which application threads were stopped: 0.0001641 seconds
2014-06-25T01:08:15.655+0000: 3438.105: Total time for which application threads were stopped: 0.0001595 seconds
2014-06-25T01:08:15.656+0000: 3438.105: Total time for which application threads were stopped: 0.0001512 seconds
2014-06-25T01:08:15.728+0000: 3438.177: Total time for which application threads were stopped: 0.0003465 seconds
2014-06-25T01:08:15.757+0000: 3438.206: Total time for which application threads were stopped: 0.0002412 seconds
2014-06-25T01:08:15.760+0000: 3438.209: Total time for which application threads were stopped: 0.0002494 seconds
2014-06-25T01:08:15.964+0000: 3438.413: Total time for which application threads were stopped: 0.0003280 seconds
2014-06-25T01:08:15.970+0000: 3438.419: Total time for which application threads were stopped: 0.0001615 seconds
2014-06-25T01:08:15.970+0000: 3438.419: Total time for which application threads were stopped: 0.0001523 seconds
2014-06-25T01:08:15.971+0000: 3438.420: Total time for which application threads were stopped: 0.0001500 seconds
2014-06-25T01:08:15.971+0000: 3438.420: Total time for which application threads were stopped: 0.0006685 seconds
2014-06-25T01:08:16.048+0000: 3438.497: Total time for which application threads were stopped: 0.0008077 seconds
2014-06-25T01:08:16.085+0000: 3438.535: Total time for which application threads were stopped: 0.0003087 seconds
2014-06-25T01:08:16.283+0000: 3438.732: Total time for which application threads were stopped: 0.0002881 seconds
2014-06-25T01:08:16.288+0000: 3438.737: Total time for which application threads were stopped: 0.0002600 seconds
2014-06-25T01:08:17.289+0000: 3439.738: Total time for which application threads were stopped: 0.0002678 seconds
2014-06-25T01:08:24.290+0000: 3446.739: Total time for which application threads were stopped: 0.0002333 seconds
2014-06-25T01:08:26.290+0000: 3448.739: Total time for which application threads were stopped: 0.0003321 seconds
2014-06-25T01:09:10.296+0000: 3492.745: Total time for which application threads were stopped: 0.0002533 seconds
2014-06-25T01:09:11.908+0000: 3494.357: Total time for which application threads were stopped: 0.0003030 seconds
2014-06-25T01:09:11.920+0000: 3494.369: Total time for which application threads were stopped: 0.0002895 seconds
2014-06-25T01:09:11.921+0000: 3494.370: Total time for which application threads were stopped: 0.0001538 seconds
2014-06-25T01:09:11.921+0000: 3494.370: Total time for which application threads were stopped: 0.0001525 seconds
2014-06-25T01:09:12.921+0000: 3495.370: Total time for which application threads were stopped: 0.0002555 seconds
2014-06-25T01:09:21.895+0000: 3504.344: Total time for which application threads were stopped: 0.0002856 seconds
2014-06-25T01:09:22.188+0000: 3504.638: Total time for which application threads were stopped: 0.0003593 seconds
2014-06-25T01:09:23.189+0000: 3505.638: Total time for which application threads were stopped: 0.0002647 seconds
2014-06-25T01:09:57.193+0000: 3539.642: Total time for which application threads were stopped: 0.0002972 seconds
2014-06-25T01:10:22.209+0000: 3564.658: Total time for which application threads were stopped: 0.0003104 seconds
2014-06-25T01:10:44.212+0000: 3586.661: Total time for which application threads were stopped: 0.0002766 seconds
2014-06-25T01:10:49.545+0000: 3591.994: Total time for which application threads were stopped: 0.0002785 seconds
2014-06-25T01:10:50.545+0000: 3592.995: Total time for which application threads were stopped: 0.0002631 seconds
2014-06-25T01:11:01.282+0000: 3603.732: Total time for which application threads were stopped: 0.0027477 seconds
2014-06-25T01:11:01.283+0000: 3603.732: Total time for which application threads were stopped: 0.0001472 seconds
2014-06-25T01:11:16.284+0000: 3618.734: Total time for which application threads were stopped: 0.0002575 seconds
2014-06-25T01:11:49.562+0000: 3652.011: Total time for which application threads were stopped: 0.0003058 seconds
2014-06-25T01:11:57.564+0000: 3660.013: Total time for which application threads were stopped: 0.0002895 seconds
2014-06-25T01:12:28.568+0000: 3691.017: Total time for which application threads were stopped: 0.0007848 seconds
2014-06-25T01:12:28.584+0000: 3691.033: Total time for which application threads were stopped: 0.0003139 seconds
2014-06-25T01:12:28.598+0000: 3691.047: Total time for which application threads were stopped: 0.0029958 seconds
2014-06-25T01:12:32.615+0000: 3695.064: Total time for which application threads were stopped: 0.0002899 seconds
2014-06-25T01:12:33.034+0000: 3695.483: Total time for which application threads were stopped: 0.0002910 seconds
2014-06-25T01:12:34.036+0000: 3696.485: Total time for which application threads were stopped: 0.0017362 seconds
2014-06-25T01:13:01.039+0000: 3723.488: Total time for which application threads were stopped: 0.0003517 seconds
2014-06-25T01:13:17.044+0000: 3739.493: Total time for which application threads were stopped: 0.0025449 seconds
2014-06-25T01:13:17.434+0000: 3739.883: [GC pause (G1 Evacuation Pause) (young)
Desired survivor size 222298112 bytes, new threshold 15 (max 15)
- age   1:    1254096 bytes,    1254096 total
- age   2:     287640 bytes,    1541736 total
- age   3:     242824 bytes,    1784560 total
- age   4:     296984 bytes,    2081544 total
- age   5:     302832 bytes,    2384376 total
- age   6:      65712 bytes,    2450088 total
- age   7:      69288 bytes,    2519376 total
- age   8:       3872 bytes,    2523248 total
- age   9:      15016 bytes,    2538264 total
- age  10:       7576 bytes,    2545840 total
- age  11:     746432 bytes,    3292272 total
- age  12:     272088 bytes,    3564360 total
- age  13:     231560 bytes,    3795920 total
- age  14:     615384 bytes,    4411304 total
- age  15:    3399608 bytes,    7810912 total
, 0.0454745 secs]
   [Parallel Time: 41.0 ms, GC Workers: 2]
      [GC Worker Start (ms): Min: 3739882.9, Avg: 3739882.9, Max: 3739882.9, Diff: 0.0]
      [Ext Root Scanning (ms): Min: 1.1, Avg: 1.2, Max: 1.4, Diff: 0.3, Sum: 2.5]
      [Update RS (ms): Min: 12.7, Avg: 12.7, Max: 12.8, Diff: 0.1, Sum: 25.5]
         [Processed Buffers: Min: 35, Avg: 43.5, Max: 52, Diff: 17, Sum: 87]
      [Scan RS (ms): Min: 2.5, Avg: 2.5, Max: 2.5, Diff: 0.0, Sum: 5.0]
      [Code Root Scanning (ms): Min: 0.8, Avg: 0.9, Max: 1.0, Diff: 0.1, Sum: 1.8]
      [Object Copy (ms): Min: 23.3, Avg: 23.5, Max: 23.7, Diff: 0.4, Sum: 47.0]
      [Termination (ms): Min: 0.0, Avg: 0.0, Max: 0.0, Diff: 0.0, Sum: 0.0]
      [GC Worker Other (ms): Min: 0.0, Avg: 0.1, Max: 0.1, Diff: 0.0, Sum: 0.1]
      [GC Worker Total (ms): Min: 40.9, Avg: 40.9, Max: 40.9, Diff: 0.0, Sum: 81.9]
      [GC Worker End (ms): Min: 3739923.8, Avg: 3739923.8, Max: 3739923.9, Diff: 0.0]
   [Code Root Fixup: 0.3 ms]
   [Code Root Migration: 0.4 ms]
   [Clear CT: 0.8 ms]
   [Other: 2.9 ms]
      [Choose CSet: 0.0 ms]
      [Ref Proc: 1.1 ms]
      [Ref Enq: 0.0 ms]
      [Free CSet: 1.6 ms]
   [Eden: 3368.0M(3368.0M)->0.0B(3368.0M) Survivors: 10.0M->10.0M Heap: 3499.0M(5632.0M)->136.0M(5632.0M)]
 [Times: user=0.09 sys=0.00, real=0.05 secs] 
2014-06-25T01:13:17.479+0000: 3739.929: Total time for which application threads were stopped: 0.0460769 seconds
2014-06-25T01:13:28.589+0000: 3751.038: Total time for which application threads were stopped: 0.0003022 seconds
2014-06-25T01:15:27.603+0000: 3870.052: Total time for which application threads were stopped: 0.0002455 seconds
2014-06-25T01:16:01.281+0000: 3903.730: Total time for which application threads were stopped: 0.0002703 seconds
2014-06-25T01:16:16.282+0000: 3918.732: Total time for which application threads were stopped: 0.0003184 seconds
2014-06-25T01:16:34.285+0000: 3936.734: Total time for which application threads were stopped: 0.0002670 seconds
2014-06-25T01:16:57.288+0000: 3959.737: Total time for which application threads were stopped: 0.0003163 seconds
2014-06-25T01:18:40.671+0000: 4063.120: Total time for which application threads were stopped: 0.0008840 seconds
2014-06-25T01:18:54.019+0000: 4076.468: Total time for which application threads were stopped: 0.0003201 seconds
2014-06-25T01:19:45.823+0000: 4128.272: Total time for which application threads were stopped: 0.0002771 seconds
2014-06-25T01:19:46.227+0000: 4128.677: Total time for which application threads were stopped: 0.0003219 seconds
2014-06-25T01:19:49.228+0000: 4131.677: Total time for which application threads were stopped: 0.0002674 seconds
2014-06-25T01:19:54.418+0000: 4136.867: Total time for which application threads were stopped: 0.0003034 seconds
2014-06-25T01:19:56.022+0000: 4138.471: Total time for which application threads were stopped: 0.0002763 seconds
2014-06-25T01:19:57.022+0000: 4139.471: Total time for which application threads were stopped: 0.0003022 seconds
2014-06-25T01:20:03.023+0000: 4145.472: Total time for which application threads were stopped: 0.0002743 seconds
2014-06-25T01:20:17.027+0000: 4159.476: Total time for which application threads were stopped: 0.0024274 seconds
2014-06-25T01:20:21.028+0000: 4163.477: Total time for which application threads were stopped: 0.0002465 seconds
2014-06-25T01:20:34.852+0000: 4177.301: Total time for which application threads were stopped: 0.0031194 seconds
2014-06-25T01:20:41.853+0000: 4184.302: Total time for which application threads were stopped: 0.0002626 seconds
2014-06-25T01:20:43.853+0000: 4186.302: Total time for which application threads were stopped: 0.0002774 seconds
2014-06-25T01:21:01.282+0000: 4203.732: Total time for which application threads were stopped: 0.0003931 seconds
2014-06-25T01:21:07.271+0000: 4209.720: [GC pause (G1 Evacuation Pause) (young)
Desired survivor size 222298112 bytes, new threshold 15 (max 15)
- age   1:    4729648 bytes,    4729648 total
- age   2:     909536 bytes,    5639184 total
- age   3:     120224 bytes,    5759408 total
- age   4:     207504 bytes,    5966912 total
- age   5:     281768 bytes,    6248680 total
- age   6:     292048 bytes,    6540728 total
- age   7:      65392 bytes,    6606120 total
- age   8:      64128 bytes,    6670248 total
- age   9:       3672 bytes,    6673920 total
- age  10:      14816 bytes,    6688736 total
- age  11:       3400 bytes,    6692136 total
- age  12:     734152 bytes,    7426288 total
- age  13:     197752 bytes,    7624040 total
- age  14:     231392 bytes,    7855432 total
- age  15:     353944 bytes,    8209376 total
, 0.0439439 secs]
   [Parallel Time: 39.8 ms, GC Workers: 2]
      [GC Worker Start (ms): Min: 4209719.9, Avg: 4209719.9, Max: 4209719.9, Diff: 0.0]
      [Ext Root Scanning (ms): Min: 1.1, Avg: 1.3, Max: 1.4, Diff: 0.3, Sum: 2.5]
      [Update RS (ms): Min: 10.7, Avg: 10.7, Max: 10.8, Diff: 0.1, Sum: 21.5]
         [Processed Buffers: Min: 26, Avg: 37.5, Max: 49, Diff: 23, Sum: 75]
      [Scan RS (ms): Min: 2.1, Avg: 2.1, Max: 2.2, Diff: 0.1, Sum: 4.3]
      [Code Root Scanning (ms): Min: 0.8, Avg: 0.9, Max: 0.9, Diff: 0.1, Sum: 1.7]
      [Object Copy (ms): Min: 24.5, Avg: 24.7, Max: 24.8, Diff: 0.3, Sum: 49.3]
      [Termination (ms): Min: 0.0, Avg: 0.0, Max: 0.0, Diff: 0.0, Sum: 0.0]
      [GC Worker Other (ms): Min: 0.0, Avg: 0.1, Max: 0.1, Diff: 0.0, Sum: 0.1]
      [GC Worker Total (ms): Min: 39.7, Avg: 39.7, Max: 39.7, Diff: 0.0, Sum: 79.4]
      [GC Worker End (ms): Min: 4209759.6, Avg: 4209759.6, Max: 4209759.6, Diff: 0.0]
   [Code Root Fixup: 0.2 ms]
   [Code Root Migration: 0.3 ms]
   [Clear CT: 0.8 ms]
   [Other: 2.8 ms]
      [Choose CSet: 0.0 ms]
      [Ref Proc: 0.9 ms]
      [Ref Enq: 0.1 ms]
      [Free CSet: 1.6 ms]
   [Eden: 3368.0M(3368.0M)->0.0B(3366.0M) Survivors: 10.0M->12.0M Heap: 3504.0M(5632.0M)->140.6M(5632.0M)]
 [Times: user=0.08 sys=0.00, real=0.04 secs] 
2014-06-25T01:21:07.315+0000: 4209.764: Total time for which application threads were stopped: 0.0445392 seconds
2014-06-25T01:21:16.284+0000: 4218.733: Total time for which application threads were stopped: 0.0002684 seconds
2014-06-25T01:21:33.750+0000: 4236.199: Total time for which application threads were stopped: 0.0002825 seconds
2014-06-25T01:21:36.386+0000: 4238.835: Total time for which application threads were stopped: 0.0003599 seconds
2014-06-25T01:21:36.407+0000: 4238.856: Total time for which application threads were stopped: 0.0002434 seconds
2014-06-25T01:21:36.410+0000: 4238.859: Total time for which application threads were stopped: 0.0022638 seconds
2014-06-25T01:21:36.438+0000: 4238.887: Total time for which application threads were stopped: 0.0002254 seconds
2014-06-25T01:21:36.443+0000: 4238.892: Total time for which application threads were stopped: 0.0001768 seconds
2014-06-25T01:21:36.876+0000: 4239.325: Total time for which application threads were stopped: 0.0003196 seconds
2014-06-25T01:21:36.901+0000: 4239.350: Total time for which application threads were stopped: 0.0026374 seconds
2014-06-25T01:21:36.901+0000: 4239.350: Total time for which application threads were stopped: 0.0002052 seconds
2014-06-25T01:21:36.901+0000: 4239.350: Total time for which application threads were stopped: 0.0002195 seconds
2014-06-25T01:21:36.902+0000: 4239.351: Total time for which application threads were stopped: 0.0002302 seconds
2014-06-25T01:21:36.903+0000: 4239.352: Total time for which application threads were stopped: 0.0008305 seconds
2014-06-25T01:21:36.903+0000: 4239.352: Total time for which application threads were stopped: 0.0002402 seconds
2014-06-25T01:21:36.904+0000: 4239.353: Total time for which application threads were stopped: 0.0010662 seconds
2014-06-25T01:21:36.933+0000: 4239.382: Total time for which application threads were stopped: 0.0003959 seconds
2014-06-25T01:21:36.933+0000: 4239.382: Total time for which application threads were stopped: 0.0002510 seconds
2014-06-25T01:21:36.940+0000: 4239.389: Total time for which application threads were stopped: 0.0002447 seconds
2014-06-25T01:21:36.971+0000: 4239.420: Total time for which application threads were stopped: 0.0042782 seconds
2014-06-25T01:21:37.406+0000: 4239.855: Total time for which application threads were stopped: 0.0003086 seconds
2014-06-25T01:21:37.410+0000: 4239.859: Total time for which application threads were stopped: 0.0002524 seconds
2014-06-25T01:21:37.423+0000: 4239.872: Total time for which application threads were stopped: 0.0051247 seconds
2014-06-25T01:21:37.444+0000: 4239.893: Total time for which application threads were stopped: 0.0018297 seconds
2014-06-25T01:21:37.492+0000: 4239.941: Total time for which application threads were stopped: 0.0037782 seconds
2014-06-25T01:21:38.011+0000: 4240.460: Total time for which application threads were stopped: 0.0016211 seconds
2014-06-25T01:21:38.017+0000: 4240.467: Total time for which application threads were stopped: 0.0042844 seconds
2014-06-25T01:21:38.018+0000: 4240.467: Total time for which application threads were stopped: 0.0002274 seconds
2014-06-25T01:21:38.039+0000: 4240.488: Total time for which application threads were stopped: 0.0002581 seconds
2014-06-25T01:21:38.060+0000: 4240.510: Total time for which application threads were stopped: 0.0003277 seconds
2014-06-25T01:21:38.078+0000: 4240.527: Total time for which application threads were stopped: 0.0043514 seconds
2014-06-25T01:21:38.363+0000: 4240.812: Total time for which application threads were stopped: 0.0002886 seconds
2014-06-25T01:21:38.363+0000: 4240.812: Total time for which application threads were stopped: 0.0001541 seconds
2014-06-25T01:21:38.363+0000: 4240.812: Total time for which application threads were stopped: 0.0001523 seconds
2014-06-25T01:21:38.363+0000: 4240.813: Total time for which application threads were stopped: 0.0001519 seconds
2014-06-25T01:21:38.364+0000: 4240.813: Total time for which application threads were stopped: 0.0001530 seconds
2014-06-25T01:21:38.364+0000: 4240.813: Total time for which application threads were stopped: 0.0001807 seconds
2014-06-25T01:21:44.461+0000: 4246.910: Total time for which application threads were stopped: 0.0002975 seconds
2014-06-25T01:21:44.462+0000: 4246.911: Total time for which application threads were stopped: 0.0007329 seconds
2014-06-25T01:21:48.463+0000: 4250.912: Total time for which application threads were stopped: 0.0002497 seconds
2014-06-25T01:21:48.951+0000: 4251.400: Total time for which application threads were stopped: 0.0002698 seconds
2014-06-25T01:21:49.951+0000: 4252.400: Total time for which application threads were stopped: 0.0002413 seconds
2014-06-25T01:21:50.951+0000: 4253.401: Total time for which application threads were stopped: 0.0002738 seconds
2014-06-25T01:21:55.670+0000: 4258.119: Total time for which application threads were stopped: 0.0002712 seconds
2014-06-25T01:21:56.670+0000: 4259.119: Total time for which application threads were stopped: 0.0002550 seconds
2014-06-25T01:22:46.676+0000: 4309.126: Total time for which application threads were stopped: 0.0002653 seconds
2014-06-25T01:23:42.683+0000: 4365.132: Total time for which application threads were stopped: 0.0002528 seconds
2014-06-25T01:23:59.870+0000: 4382.319: Total time for which application threads were stopped: 0.0002688 seconds
2014-06-25T01:24:21.336+0000: 4403.785: Total time for which application threads were stopped: 0.0002623 seconds
2014-06-25T01:24:21.342+0000: 4403.791: Total time for which application threads were stopped: 0.0001505 seconds
2014-06-25T01:24:22.342+0000: 4404.792: Total time for which application threads were stopped: 0.0002432 seconds
2014-06-25T01:24:24.195+0000: 4406.644: Total time for which application threads were stopped: 0.0002610 seconds
2014-06-25T01:24:24.242+0000: 4406.692: Total time for which application threads were stopped: 0.0002128 seconds
2014-06-25T01:24:24.261+0000: 4406.710: Total time for which application threads were stopped: 0.0001724 seconds
2014-06-25T01:24:24.276+0000: 4406.725: Total time for which application threads were stopped: 0.0041811 seconds
2014-06-25T01:24:24.468+0000: 4406.917: Total time for which application threads were stopped: 0.0002723 seconds
2014-06-25T01:24:24.469+0000: 4406.918: Total time for which application threads were stopped: 0.0001461 seconds
2014-06-25T01:24:24.469+0000: 4406.918: Total time for which application threads were stopped: 0.0001457 seconds
2014-06-25T01:24:24.469+0000: 4406.918: Total time for which application threads were stopped: 0.0001484 seconds
2014-06-25T01:24:24.469+0000: 4406.918: Total time for which application threads were stopped: 0.0001477 seconds
2014-06-25T01:24:24.470+0000: 4406.919: Total time for which application threads were stopped: 0.0001470 seconds
2014-06-25T01:24:24.470+0000: 4406.919: Total time for which application threads were stopped: 0.0001470 seconds
2014-06-25T01:24:24.847+0000: 4407.296: Total time for which application threads were stopped: 0.0002686 seconds
2014-06-25T01:24:24.850+0000: 4407.299: Total time for which application threads were stopped: 0.0002638 seconds
2014-06-25T01:24:25.064+0000: 4407.513: Total time for which application threads were stopped: 0.0002818 seconds
2014-06-25T01:24:25.069+0000: 4407.518: Total time for which application threads were stopped: 0.0001571 seconds
2014-06-25T01:24:25.069+0000: 4407.519: Total time for which application threads were stopped: 0.0001502 seconds
2014-06-25T01:24:25.070+0000: 4407.519: Total time for which application threads were stopped: 0.0001484 seconds
2014-06-25T01:24:25.070+0000: 4407.519: Total time for which application threads were stopped: 0.0001480 seconds
2014-06-25T01:24:25.070+0000: 4407.519: Total time for which application threads were stopped: 0.0001470 seconds
2014-06-25T01:24:25.071+0000: 4407.520: Total time for which application threads were stopped: 0.0006287 seconds
2014-06-25T01:24:25.291+0000: 4407.740: Total time for which application threads were stopped: 0.0002728 seconds
2014-06-25T01:24:25.324+0000: 4407.773: Total time for which application threads were stopped: 0.0032236 seconds
2014-06-25T01:24:25.404+0000: 4407.853: Total time for which application threads were stopped: 0.0003993 seconds
2014-06-25T01:24:25.555+0000: 4408.005: Total time for which application threads were stopped: 0.0003024 seconds
2014-06-25T01:24:25.562+0000: 4408.011: Total time for which application threads were stopped: 0.0001582 seconds
2014-06-25T01:24:25.562+0000: 4408.011: Total time for which application threads were stopped: 0.0001515 seconds
2014-06-25T01:24:25.562+0000: 4408.011: Total time for which application threads were stopped: 0.0001497 seconds
2014-06-25T01:24:25.563+0000: 4408.012: Total time for which application threads were stopped: 0.0001484 seconds
2014-06-25T01:24:36.564+0000: 4419.013: Total time for which application threads were stopped: 0.0002401 seconds
2014-06-25T01:24:58.568+0000: 4441.017: Total time for which application threads were stopped: 0.0010134 seconds
2014-06-25T01:24:59.568+0000: 4442.017: Total time for which application threads were stopped: 0.0003683 seconds
2014-06-25T01:25:04.406+0000: 4446.855: [GC pause (G1 Evacuation Pause) (young)
Desired survivor size 222298112 bytes, new threshold 15 (max 15)
- age   1:    5918912 bytes,    5918912 total
- age   2:    1690704 bytes,    7609616 total
- age   3:     909264 bytes,    8518880 total
- age   4:     118328 bytes,    8637208 total
- age   5:     207120 bytes,    8844328 total
- age   6:     281640 bytes,    9125968 total
- age   7:     292016 bytes,    9417984 total
- age   8:      64424 bytes,    9482408 total
- age   9:      64128 bytes,    9546536 total
- age  10:       3672 bytes,    9550208 total
- age  11:      14816 bytes,    9565024 total
- age  12:       3272 bytes,    9568296 total
- age  13:     733640 bytes,   10301936 total
- age  14:     197520 bytes,   10499456 total
- age  15:     231392 bytes,   10730848 total
, 0.2725911 secs]
   [Parallel Time: 263.9 ms, GC Workers: 2]
      [GC Worker Start (ms): Min: 4446855.0, Avg: 4446855.0, Max: 4446855.0, Diff: 0.0]
      [Ext Root Scanning (ms): Min: 1.1, Avg: 1.2, Max: 1.4, Diff: 0.3, Sum: 2.5]
      [Update RS (ms): Min: 8.3, Avg: 8.3, Max: 8.3, Diff: 0.1, Sum: 16.6]
         [Processed Buffers: Min: 19, Avg: 31.0, Max: 43, Diff: 24, Sum: 62]
      [Scan RS (ms): Min: 2.1, Avg: 2.2, Max: 2.2, Diff: 0.1, Sum: 4.3]
      [Code Root Scanning (ms): Min: 0.8, Avg: 0.9, Max: 0.9, Diff: 0.1, Sum: 1.8]
      [Object Copy (ms): Min: 251.1, Avg: 251.2, Max: 251.2, Diff: 0.2, Sum: 502.3]
      [Termination (ms): Min: 0.0, Avg: 0.0, Max: 0.0, Diff: 0.0, Sum: 0.0]
      [GC Worker Other (ms): Min: 0.0, Avg: 0.1, Max: 0.1, Diff: 0.0, Sum: 0.1]
      [GC Worker Total (ms): Min: 263.8, Avg: 263.8, Max: 263.8, Diff: 0.0, Sum: 527.6]
      [GC Worker End (ms): Min: 4447118.8, Avg: 4447118.8, Max: 4447118.8, Diff: 0.0]
   [Code Root Fixup: 0.2 ms]
   [Code Root Migration: 0.3 ms]
   [Clear CT: 0.8 ms]
   [Other: 7.3 ms]
      [Choose CSet: 0.0 ms]
      [Ref Proc: 5.0 ms]
      [Ref Enq: 0.5 ms]
      [Free CSet: 1.6 ms]
   [Eden: 3366.0M(3366.0M)->0.0B(3304.0M) Survivors: 12.0M->74.0M Heap: 3506.6M(5632.0M)->202.3M(5632.0M)]
 [Times: user=0.49 sys=0.04, real=0.27 secs] 
2014-06-25T01:25:04.679+0000: 4447.128: Total time for which application threads were stopped: 0.2731812 seconds
2014-06-25T01:25:05.687+0000: 4448.136: Total time for which application threads were stopped: 0.0003170 seconds
2014-06-25T01:25:14.191+0000: 4456.640: [GC pause (G1 Evacuation Pause) (young)
Desired survivor size 222298112 bytes, new threshold 15 (max 15)
- age   1:   68686176 bytes,   68686176 total
- age   2:     482792 bytes,   69168968 total
- age   3:    1263768 bytes,   70432736 total
- age   4:     909264 bytes,   71342000 total
- age   5:     118328 bytes,   71460328 total
- age   6:     207120 bytes,   71667448 total
- age   7:     258496 bytes,   71925944 total
- age   8:     286368 bytes,   72212312 total
- age   9:      64360 bytes,   72276672 total
- age  10:      64000 bytes,   72340672 total
- age  11:       3672 bytes,   72344344 total
- age  12:      14816 bytes,   72359160 total
- age  13:       3272 bytes,   72362432 total
- age  14:     710328 bytes,   73072760 total
- age  15:     197520 bytes,   73270280 total
, 0.6567991 secs]
   [Parallel Time: 647.2 ms, GC Workers: 2]
      [GC Worker Start (ms): Min: 4456640.5, Avg: 4456640.5, Max: 4456640.5, Diff: 0.0]
      [Ext Root Scanning (ms): Min: 1.1, Avg: 1.2, Max: 1.4, Diff: 0.3, Sum: 2.5]
      [Update RS (ms): Min: 19.1, Avg: 19.1, Max: 19.2, Diff: 0.1, Sum: 38.3]
         [Processed Buffers: Min: 21, Avg: 27.5, Max: 34, Diff: 13, Sum: 55]
      [Scan RS (ms): Min: 2.1, Avg: 2.1, Max: 2.1, Diff: 0.0, Sum: 4.3]
      [Code Root Scanning (ms): Min: 0.8, Avg: 0.9, Max: 0.9, Diff: 0.1, Sum: 1.7]
      [Object Copy (ms): Min: 623.7, Avg: 623.7, Max: 623.7, Diff: 0.1, Sum: 1247.4]
      [Termination (ms): Min: 0.0, Avg: 0.0, Max: 0.0, Diff: 0.0, Sum: 0.0]
      [GC Worker Other (ms): Min: 0.0, Avg: 0.1, Max: 0.1, Diff: 0.0, Sum: 0.1]
      [GC Worker Total (ms): Min: 647.1, Avg: 647.1, Max: 647.2, Diff: 0.0, Sum: 1294.3]
      [GC Worker End (ms): Min: 4457287.6, Avg: 4457287.6, Max: 4457287.7, Diff: 0.0]
   [Code Root Fixup: 0.2 ms]
   [Code Root Migration: 0.3 ms]
   [Clear CT: 0.8 ms]
   [Other: 8.2 ms]
      [Choose CSet: 0.0 ms]
      [Ref Proc: 5.5 ms]
      [Ref Enq: 0.8 ms]
      [Free CSet: 1.7 ms]
   [Eden: 3304.0M(3304.0M)->0.0B(102.0M) Survivors: 74.0M->178.0M Heap: 3507.3M(5632.0M)->307.6M(5632.0M)]
 [Times: user=1.16 sys=0.14, real=0.66 secs] 
2014-06-25T01:25:14.848+0000: 4457.297: Total time for which application threads were stopped: 0.6573729 seconds
2014-06-25T01:25:15.174+0000: 4457.623: [GC pause (G1 Evacuation Pause) (young)
Desired survivor size 18874368 bytes, new threshold 1 (max 15)
- age   1:  115675288 bytes,  115675288 total
- age   2:   64857392 bytes,  180532680 total
- age   3:     482248 bytes,  181014928 total
- age   4:    1263768 bytes,  182278696 total
- age   5:     909264 bytes,  183187960 total
- age   6:     118328 bytes,  183306288 total
- age   7:     207120 bytes,  183513408 total
- age   8:     258496 bytes,  183771904 total
- age   9:     286368 bytes,  184058272 total
- age  10:      64360 bytes,  184122632 total
- age  11:      64000 bytes,  184186632 total
- age  12:       3672 bytes,  184190304 total
- age  13:      14816 bytes,  184205120 total
- age  14:       3272 bytes,  184208392 total
- age  15:     705688 bytes,  184914080 total
, 0.5439668 secs]
   [Parallel Time: 541.6 ms, GC Workers: 2]
      [GC Worker Start (ms): Min: 4457622.8, Avg: 4457622.8, Max: 4457622.8, Diff: 0.0]
      [Ext Root Scanning (ms): Min: 1.1, Avg: 1.3, Max: 1.4, Diff: 0.3, Sum: 2.5]
      [Update RS (ms): Min: 14.4, Avg: 14.7, Max: 15.0, Diff: 0.6, Sum: 29.4]
         [Processed Buffers: Min: 13, Avg: 19.5, Max: 26, Diff: 13, Sum: 39]
      [Scan RS (ms): Min: 0.0, Avg: 0.2, Max: 0.3, Diff: 0.3, Sum: 0.4]
      [Code Root Scanning (ms): Min: 0.0, Avg: 0.1, Max: 0.2, Diff: 0.2, Sum: 0.2]
      [Object Copy (ms): Min: 525.1, Avg: 525.2, Max: 525.3, Diff: 0.2, Sum: 1050.4]
      [Termination (ms): Min: 0.0, Avg: 0.0, Max: 0.0, Diff: 0.0, Sum: 0.0]
      [GC Worker Other (ms): Min: 0.0, Avg: 0.0, Max: 0.0, Diff: 0.0, Sum: 0.1]
      [GC Worker Total (ms): Min: 541.5, Avg: 541.5, Max: 541.5, Diff: 0.0, Sum: 1083.0]
      [GC Worker End (ms): Min: 4458164.3, Avg: 4458164.3, Max: 4458164.3, Diff: 0.0]
   [Code Root Fixup: 0.2 ms]
   [Code Root Migration: 0.1 ms]
   [Clear CT: 0.1 ms]
   [Other: 1.9 ms]
      [Choose CSet: 0.0 ms]
      [Ref Proc: 0.4 ms]
      [Ref Enq: 0.0 ms]
      [Free CSet: 0.2 ms]
   [Eden: 102.0M(102.0M)->0.0B(1010.0M) Survivors: 178.0M->6144.0K Heap: 409.6M(5632.0M)->310.4M(5632.0M)]
 [Times: user=1.09 sys=0.00, real=0.54 secs] 
2014-06-25T01:25:15.718+0000: 4458.167: Total time for which application threads were stopped: 0.5445422 seconds
2014-06-25T01:25:18.092+0000: 4460.541: [GC pause (G1 Evacuation Pause) (young)
Desired survivor size 50331648 bytes, new threshold 15 (max 15)
- age   1:    4435144 bytes,    4435144 total
, 0.1217975 secs]
   [Parallel Time: 119.1 ms, GC Workers: 2]
      [GC Worker Start (ms): Min: 4460541.1, Avg: 4460541.1, Max: 4460541.1, Diff: 0.0]
      [Ext Root Scanning (ms): Min: 1.1, Avg: 1.2, Max: 1.4, Diff: 0.3, Sum: 2.5]
      [Update RS (ms): Min: 21.0, Avg: 21.8, Max: 22.6, Diff: 1.6, Sum: 43.6]
         [Processed Buffers: Min: 29, Avg: 41.5, Max: 54, Diff: 25, Sum: 83]
      [Scan RS (ms): Min: 2.8, Avg: 3.6, Max: 4.3, Diff: 1.5, Sum: 7.2]
      [Code Root Scanning (ms): Min: 0.2, Avg: 0.2, Max: 0.2, Diff: 0.0, Sum: 0.4]
      [Object Copy (ms): Min: 92.1, Avg: 92.2, Max: 92.3, Diff: 0.2, Sum: 184.4]
      [Termination (ms): Min: 0.0, Avg: 0.0, Max: 0.0, Diff: 0.0, Sum: 0.0]
      [GC Worker Other (ms): Min: 0.0, Avg: 0.0, Max: 0.0, Diff: 0.0, Sum: 0.1]
      [GC Worker Total (ms): Min: 119.0, Avg: 119.0, Max: 119.0, Diff: 0.0, Sum: 238.1]
      [GC Worker End (ms): Min: 4460660.1, Avg: 4460660.1, Max: 4460660.1, Diff: 0.0]
   [Code Root Fixup: 0.2 ms]
   [Code Root Migration: 0.0 ms]
   [Clear CT: 0.3 ms]
   [Other: 2.2 ms]
      [Choose CSet: 0.0 ms]
      [Ref Proc: 1.5 ms]
      [Ref Enq: 0.2 ms]
      [Free CSet: 0.5 ms]
   [Eden: 752.0M(752.0M)->0.0B(540.0M) Survivors: 6144.0K->30.0M Heap: 1062.4M(5632.0M)->334.4M(5632.0M)]
 [Times: user=0.25 sys=0.00, real=0.12 secs] 
2014-06-25T01:25:18.214+0000: 4460.663: Total time for which application threads were stopped: 0.1223588 seconds
2014-06-25T01:25:19.757+0000: 4462.206: [GC pause (G1 Evacuation Pause) (young)
Desired survivor size 37748736 bytes, new threshold 15 (max 15)
- age   1:   27202960 bytes,   27202960 total
- age   2:    3948832 bytes,   31151792 total
, 0.1457074 secs]
   [Parallel Time: 143.7 ms, GC Workers: 2]
      [GC Worker Start (ms): Min: 4462206.0, Avg: 4462206.0, Max: 4462206.0, Diff: 0.0]
      [Ext Root Scanning (ms): Min: 1.1, Avg: 1.2, Max: 1.4, Diff: 0.3, Sum: 2.5]
      [Update RS (ms): Min: 9.1, Avg: 9.3, Max: 9.6, Diff: 0.5, Sum: 18.6]
         [Processed Buffers: Min: 6, Avg: 16.0, Max: 26, Diff: 20, Sum: 32]
      [Scan RS (ms): Min: 0.1, Avg: 0.4, Max: 0.6, Diff: 0.4, Sum: 0.7]
      [Code Root Scanning (ms): Min: 0.1, Avg: 0.1, Max: 0.2, Diff: 0.2, Sum: 0.3]
      [Object Copy (ms): Min: 132.4, Avg: 132.5, Max: 132.6, Diff: 0.2, Sum: 265.0]
      [Termination (ms): Min: 0.0, Avg: 0.0, Max: 0.0, Diff: 0.0, Sum: 0.0]
      [GC Worker Other (ms): Min: 0.0, Avg: 0.0, Max: 0.0, Diff: 0.0, Sum: 0.1]
      [GC Worker Total (ms): Min: 143.5, Avg: 143.6, Max: 143.6, Diff: 0.0, Sum: 287.1]
      [GC Worker End (ms): Min: 4462349.5, Avg: 4462349.5, Max: 4462349.5, Diff: 0.0]
   [Code Root Fixup: 0.2 ms]
   [Code Root Migration: 0.0 ms]
   [Clear CT: 0.2 ms]
   [Other: 1.7 ms]
      [Choose CSet: 0.0 ms]
      [Ref Proc: 1.0 ms]
      [Ref Enq: 0.1 ms]
      [Free CSet: 0.4 ms]
   [Eden: 540.0M(540.0M)->0.0B(238.0M) Survivors: 30.0M->46.0M Heap: 874.4M(5632.0M)->350.4M(5632.0M)]
 [Times: user=0.28 sys=0.00, real=0.15 secs] 
2014-06-25T01:25:19.904+0000: 4462.353: Total time for which application threads were stopped: 0.1479648 seconds
2014-06-25T01:25:20.594+0000: 4463.043: [GC pause (G1 Evacuation Pause) (young)
Desired survivor size 18874368 bytes, new threshold 1 (max 15)
- age   1:   19072744 bytes,   19072744 total
- age   2:   24727344 bytes,   43800088 total
- age   3:    3948832 bytes,   47748920 total
, 0.1708054 secs]
   [Parallel Time: 169.2 ms, GC Workers: 2]
      [GC Worker Start (ms): Min: 4463043.4, Avg: 4463043.4, Max: 4463043.4, Diff: 0.0]
      [Ext Root Scanning (ms): Min: 1.1, Avg: 1.3, Max: 1.4, Diff: 0.3, Sum: 2.5]
      [Update RS (ms): Min: 8.5, Avg: 8.5, Max: 8.6, Diff: 0.1, Sum: 17.1]
         [Processed Buffers: Min: 8, Avg: 16.5, Max: 25, Diff: 17, Sum: 33]
      [Scan RS (ms): Min: 0.1, Avg: 0.2, Max: 0.3, Diff: 0.2, Sum: 0.4]
      [Code Root Scanning (ms): Min: 0.0, Avg: 0.1, Max: 0.1, Diff: 0.1, Sum: 0.1]
      [Object Copy (ms): Min: 158.9, Avg: 159.0, Max: 159.1, Diff: 0.2, Sum: 318.0]
      [Termination (ms): Min: 0.0, Avg: 0.0, Max: 0.0, Diff: 0.0, Sum: 0.0]
      [GC Worker Other (ms): Min: 0.0, Avg: 0.0, Max: 0.0, Diff: 0.0, Sum: 0.1]
      [GC Worker Total (ms): Min: 169.1, Avg: 169.1, Max: 169.1, Diff: 0.0, Sum: 338.2]
      [GC Worker End (ms): Min: 4463212.5, Avg: 4463212.5, Max: 4463212.5, Diff: 0.0]
   [Code Root Fixup: 0.2 ms]
   [Code Root Migration: 0.0 ms]
   [Clear CT: 0.1 ms]
   [Other: 1.3 ms]
      [Choose CSet: 0.0 ms]
      [Ref Proc: 0.5 ms]
      [Ref Enq: 0.1 ms]
      [Free CSet: 0.2 ms]
   [Eden: 238.0M(238.0M)->0.0B(984.0M) Survivors: 46.0M->12.0M Heap: 588.4M(5632.0M)->360.6M(5632.0M)]
 [Times: user=0.34 sys=0.00, real=0.17 secs] 
2014-06-25T01:25:20.765+0000: 4463.214: Total time for which application threads were stopped: 0.1713694 seconds
2014-06-25T01:25:23.420+0000: 4465.870: [GC pause (G1 Evacuation Pause) (young)
Desired survivor size 57671680 bytes, new threshold 15 (max 15)
- age   1:   10179064 bytes,   10179064 total
, 0.1445307 secs]
   [Parallel Time: 141.4 ms, GC Workers: 2]
      [GC Worker Start (ms): Min: 4465869.7, Avg: 4465869.7, Max: 4465869.7, Diff: 0.0]
      [Ext Root Scanning (ms): Min: 1.1, Avg: 1.2, Max: 1.3, Diff: 0.2, Sum: 2.4]
      [Update RS (ms): Min: 22.3, Avg: 22.4, Max: 22.5, Diff: 0.2, Sum: 44.8]
         [Processed Buffers: Min: 28, Avg: 39.5, Max: 51, Diff: 23, Sum: 79]
      [Scan RS (ms): Min: 3.1, Avg: 3.2, Max: 3.4, Diff: 0.3, Sum: 6.5]
      [Code Root Scanning (ms): Min: 0.2, Avg: 0.2, Max: 0.2, Diff: 0.0, Sum: 0.4]
      [Object Copy (ms): Min: 114.2, Avg: 114.2, Max: 114.3, Diff: 0.1, Sum: 228.5]
      [Termination (ms): Min: 0.0, Avg: 0.0, Max: 0.0, Diff: 0.0, Sum: 0.0]
      [GC Worker Other (ms): Min: 0.0, Avg: 0.0, Max: 0.0, Diff: 0.0, Sum: 0.1]
      [GC Worker Total (ms): Min: 141.3, Avg: 141.3, Max: 141.3, Diff: 0.0, Sum: 282.6]
      [GC Worker End (ms): Min: 4466011.0, Avg: 4466011.0, Max: 4466011.0, Diff: 0.0]
   [Code Root Fixup: 0.2 ms]
   [Code Root Migration: 0.0 ms]
   [Clear CT: 0.3 ms]
   [Other: 2.6 ms]
      [Choose CSet: 0.0 ms]
      [Ref Proc: 1.8 ms]
      [Ref Enq: 0.2 ms]
      [Free CSet: 0.5 ms]
   [Eden: 864.0M(864.0M)->0.0B(498.0M) Survivors: 12.0M->38.0M Heap: 1224.6M(5632.0M)->387.6M(5632.0M)]
 [Times: user=0.29 sys=0.00, real=0.14 secs] 
2014-06-25T01:25:23.565+0000: 4466.014: Total time for which application threads were stopped: 0.1450989 seconds
2014-06-25T01:25:24.769+0000: 4467.218: [GC pause (G1 Evacuation Pause) (young)
Desired survivor size 18874368 bytes, new threshold 1 (max 15)
- age   1:   30428408 bytes,   30428408 total
- age   2:    8474880 bytes,   38903288 total
, 0.1824016 secs]
   [Parallel Time: 180.3 ms, GC Workers: 2]
      [GC Worker Start (ms): Min: 4467218.3, Avg: 4467218.3, Max: 4467218.3, Diff: 0.0]
      [Ext Root Scanning (ms): Min: 1.1, Avg: 1.2, Max: 1.4, Diff: 0.3, Sum: 2.4]
      [Update RS (ms): Min: 15.8, Avg: 15.8, Max: 15.8, Diff: 0.0, Sum: 31.7]
         [Processed Buffers: Min: 22, Avg: 30.5, Max: 39, Diff: 17, Sum: 61]
      [Scan RS (ms): Min: 10.0, Avg: 10.1, Max: 10.2, Diff: 0.1, Sum: 20.2]
      [Code Root Scanning (ms): Min: 0.1, Avg: 0.1, Max: 0.1, Diff: 0.0, Sum: 0.2]
      [Object Copy (ms): Min: 152.8, Avg: 152.9, Max: 153.0, Diff: 0.2, Sum: 305.9]
      [Termination (ms): Min: 0.0, Avg: 0.0, Max: 0.0, Diff: 0.0, Sum: 0.0]
      [GC Worker Other (ms): Min: 0.0, Avg: 0.0, Max: 0.0, Diff: 0.0, Sum: 0.1]
      [GC Worker Total (ms): Min: 180.2, Avg: 180.2, Max: 180.2, Diff: 0.0, Sum: 360.5]
      [GC Worker End (ms): Min: 4467398.5, Avg: 4467398.5, Max: 4467398.5, Diff: 0.0]
   [Code Root Fixup: 0.2 ms]
   [Code Root Migration: 0.0 ms]
   [Clear CT: 0.2 ms]
   [Other: 1.7 ms]
      [Choose CSet: 0.0 ms]
      [Ref Proc: 0.7 ms]
      [Ref Enq: 0.1 ms]
      [Free CSet: 0.4 ms]
   [Eden: 408.0M(242.0M)->0.0B(664.0M) Survivors: 38.0M->16.0M Heap: 797.6M(5632.0M)->403.6M(5632.0M)]
 [Times: user=0.37 sys=0.00, real=0.19 secs] 
2014-06-25T01:25:24.956+0000: 4467.405: Total time for which application threads were stopped: 0.1871469 seconds
2014-06-25T01:25:25.577+0000: 4468.026: Total time for which application threads were stopped: 0.0004290 seconds
2014-06-25T01:25:26.919+0000: 4469.368: [GC pause (G1 Evacuation Pause) (young)
Desired survivor size 45088768 bytes, new threshold 15 (max 15)
- age   1:   15406456 bytes,   15406456 total
, 0.1431504 secs]
   [Parallel Time: 140.6 ms, GC Workers: 2]
      [GC Worker Start (ms): Min: 4469368.2, Avg: 4469368.3, Max: 4469368.3, Diff: 0.0]
      [Ext Root Scanning (ms): Min: 1.1, Avg: 1.3, Max: 1.4, Diff: 0.3, Sum: 2.5]
      [Update RS (ms): Min: 23.0, Avg: 23.7, Max: 24.4, Diff: 1.4, Sum: 47.4]
         [Processed Buffers: Min: 29, Avg: 37.0, Max: 45, Diff: 16, Sum: 74]
      [Scan RS (ms): Min: 5.2, Avg: 5.8, Max: 6.4, Diff: 1.2, Sum: 11.6]
      [Code Root Scanning (ms): Min: 0.0, Avg: 0.2, Max: 0.4, Diff: 0.4, Sum: 0.4]
      [Object Copy (ms): Min: 109.5, Avg: 109.6, Max: 109.6, Diff: 0.2, Sum: 219.1]
      [Termination (ms): Min: 0.0, Avg: 0.0, Max: 0.0, Diff: 0.0, Sum: 0.0]
      [GC Worker Other (ms): Min: 0.0, Avg: 0.0, Max: 0.0, Diff: 0.0, Sum: 0.1]
      [GC Worker Total (ms): Min: 140.5, Avg: 140.5, Max: 140.5, Diff: 0.0, Sum: 281.0]
      [GC Worker End (ms): Min: 4469508.8, Avg: 4469508.8, Max: 4469508.8, Diff: 0.0]
   [Code Root Fixup: 0.2 ms]
   [Code Root Migration: 0.0 ms]
   [Clear CT: 0.3 ms]
   [Other: 2.1 ms]
      [Choose CSet: 0.0 ms]
      [Ref Proc: 1.3 ms]
      [Ref Enq: 0.2 ms]
      [Free CSet: 0.4 ms]
   [Eden: 664.0M(664.0M)->0.0B(340.0M) Survivors: 16.0M->38.0M Heap: 1067.6M(5632.0M)->425.6M(5632.0M)]
 [Times: user=0.29 sys=0.00, real=0.15 secs] 
2014-06-25T01:25:27.062+0000: 4469.511: Total time for which application threads were stopped: 0.1437059 seconds
2014-06-25T01:25:28.029+0000: 4470.478: [GC pause (G1 Evacuation Pause) (young)
Desired survivor size 25165824 bytes, new threshold 2 (max 15)
- age   1:   24505808 bytes,   24505808 total
- age   2:   13465656 bytes,   37971464 total
, 0.1598932 secs]
   [Parallel Time: 158.1 ms, GC Workers: 2]
      [GC Worker Start (ms): Min: 4470478.2, Avg: 4470478.2, Max: 4470478.2, Diff: 0.0]
      [Ext Root Scanning (ms): Min: 1.1, Avg: 1.2, Max: 1.4, Diff: 0.3, Sum: 2.5]
      [Update RS (ms): Min: 20.7, Avg: 20.8, Max: 20.8, Diff: 0.2, Sum: 41.5]
         [Processed Buffers: Min: 20, Avg: 33.0, Max: 46, Diff: 26, Sum: 66]
      [Scan RS (ms): Min: 0.2, Avg: 0.2, Max: 0.2, Diff: 0.0, Sum: 0.5]
      [Code Root Scanning (ms): Min: 0.1, Avg: 0.1, Max: 0.1, Diff: 0.0, Sum: 0.2]
      [Object Copy (ms): Min: 135.6, Avg: 135.7, Max: 135.7, Diff: 0.2, Sum: 271.3]
      [Termination (ms): Min: 0.0, Avg: 0.0, Max: 0.0, Diff: 0.0, Sum: 0.0]
      [GC Worker Other (ms): Min: 0.0, Avg: 0.0, Max: 0.0, Diff: 0.0, Sum: 0.1]
      [GC Worker Total (ms): Min: 158.0, Avg: 158.0, Max: 158.1, Diff: 0.0, Sum: 316.1]
      [GC Worker End (ms): Min: 4470636.3, Avg: 4470636.3, Max: 4470636.3, Diff: 0.0]
   [Code Root Fixup: 0.2 ms]
   [Code Root Migration: 0.0 ms]
   [Clear CT: 0.1 ms]
   [Other: 1.4 ms]
      [Choose CSet: 0.0 ms]
      [Ref Proc: 0.7 ms]
      [Ref Enq: 0.1 ms]
      [Free CSet: 0.3 ms]
   [Eden: 340.0M(340.0M)->0.0B(400.0M) Survivors: 38.0M->34.0M Heap: 765.6M(5632.0M)->435.6M(5632.0M)]
 [Times: user=0.31 sys=0.00, real=0.16 secs] 
2014-06-25T01:25:28.189+0000: 4470.638: Total time for which application threads were stopped: 0.1604725 seconds
2014-06-25T01:25:29.040+0000: 4471.489: Total time for which application threads were stopped: 0.0029499 seconds
2014-06-25T01:25:29.332+0000: 4471.781: [GC pause (G1 Evacuation Pause) (young)
Desired survivor size 29360128 bytes, new threshold 2 (max 15)
- age   1:   12330048 bytes,   12330048 total
- age   2:   22148112 bytes,   34478160 total
, 0.1692807 secs]
   [Parallel Time: 167.5 ms, GC Workers: 2]
      [GC Worker Start (ms): Min: 4471781.5, Avg: 4471781.5, Max: 4471781.5, Diff: 0.0]
      [Ext Root Scanning (ms): Min: 1.1, Avg: 1.2, Max: 1.4, Diff: 0.3, Sum: 2.5]
      [Update RS (ms): Min: 25.3, Avg: 25.4, Max: 25.4, Diff: 0.1, Sum: 50.7]
         [Processed Buffers: Min: 31, Avg: 35.5, Max: 40, Diff: 9, Sum: 71]
      [Scan RS (ms): Min: 3.6, Avg: 3.7, Max: 3.7, Diff: 0.0, Sum: 7.3]
      [Code Root Scanning (ms): Min: 0.1, Avg: 0.1, Max: 0.1, Diff: 0.0, Sum: 0.2]
      [Object Copy (ms): Min: 136.9, Avg: 137.0, Max: 137.0, Diff: 0.1, Sum: 274.0]
      [Termination (ms): Min: 0.0, Avg: 0.0, Max: 0.0, Diff: 0.0, Sum: 0.0]
      [GC Worker Other (ms): Min: 0.0, Avg: 0.0, Max: 0.0, Diff: 0.0, Sum: 0.1]
      [GC Worker Total (ms): Min: 167.4, Avg: 167.4, Max: 167.4, Diff: 0.0, Sum: 334.8]
      [GC Worker End (ms): Min: 4471948.9, Avg: 4471948.9, Max: 4471948.9, Diff: 0.0]
   [Code Root Fixup: 0.2 ms]
   [Code Root Migration: 0.0 ms]
   [Clear CT: 0.2 ms]
   [Other: 1.4 ms]
      [Choose CSet: 0.0 ms]
      [Ref Proc: 0.7 ms]
      [Ref Enq: 0.1 ms]
      [Free CSet: 0.3 ms]
   [Eden: 400.0M(400.0M)->0.0B(506.0M) Survivors: 34.0M->26.0M Heap: 835.6M(5632.0M)->449.6M(5632.0M)]
 [Times: user=0.34 sys=0.00, real=0.17 secs] 
2014-06-25T01:25:29.502+0000: 4471.951: Total time for which application threads were stopped: 0.1708324 seconds
2014-06-25T01:25:30.930+0000: 4473.379: [GC pause (G1 Evacuation Pause) (young)
Desired survivor size 35651584 bytes, new threshold 15 (max 15)
- age   1:   15232624 bytes,   15232624 total
- age   2:   10522864 bytes,   25755488 total
, 0.1421999 secs]
   [Parallel Time: 140.3 ms, GC Workers: 2]
      [GC Worker Start (ms): Min: 4473379.3, Avg: 4473379.3, Max: 4473379.3, Diff: 0.0]
      [Ext Root Scanning (ms): Min: 1.1, Avg: 1.2, Max: 1.3, Diff: 0.2, Sum: 2.4]
      [Update RS (ms): Min: 20.0, Avg: 20.0, Max: 20.1, Diff: 0.1, Sum: 40.1]
         [Processed Buffers: Min: 22, Avg: 32.5, Max: 43, Diff: 21, Sum: 65]
      [Scan RS (ms): Min: 4.0, Avg: 4.0, Max: 4.0, Diff: 0.0, Sum: 8.1]
      [Code Root Scanning (ms): Min: 0.1, Avg: 0.1, Max: 0.1, Diff: 0.0, Sum: 0.3]
      [Object Copy (ms): Min: 114.7, Avg: 114.7, Max: 114.8, Diff: 0.1, Sum: 229.5]
      [Termination (ms): Min: 0.0, Avg: 0.0, Max: 0.0, Diff: 0.0, Sum: 0.0]
      [GC Worker Other (ms): Min: 0.0, Avg: 0.0, Max: 0.0, Diff: 0.0, Sum: 0.1]
      [GC Worker Total (ms): Min: 140.2, Avg: 140.2, Max: 140.2, Diff: 0.0, Sum: 280.4]
      [GC Worker End (ms): Min: 4473519.5, Avg: 4473519.5, Max: 4473519.5, Diff: 0.0]
   [Code Root Fixup: 0.2 ms]
   [Code Root Migration: 0.0 ms]
   [Clear CT: 0.2 ms]
   [Other: 1.5 ms]
      [Choose CSet: 0.0 ms]
      [Ref Proc: 0.9 ms]
      [Ref Enq: 0.1 ms]
      [Free CSet: 0.4 ms]
   [Eden: 506.0M(506.0M)->0.0B(400.0M) Survivors: 26.0M->40.0M Heap: 955.6M(5632.0M)->464.6M(5632.0M)]
 [Times: user=0.29 sys=0.00, real=0.14 secs] 
2014-06-25T01:25:31.072+0000: 4473.522: Total time for which application threads were stopped: 0.1427631 seconds
2014-06-25T01:25:32.221+0000: 4474.670: [GC pause (G1 Evacuation Pause) (young)
Desired survivor size 29360128 bytes, new threshold 2 (max 15)
- age   1:   17088160 bytes,   17088160 total
- age   2:   13107632 bytes,   30195792 total
- age   3:   10522840 bytes,   40718632 total
, 0.1684157 secs]
   [Parallel Time: 166.5 ms, GC Workers: 2]
      [GC Worker Start (ms): Min: 4474670.2, Avg: 4474670.2, Max: 4474670.2, Diff: 0.0]
      [Ext Root Scanning (ms): Min: 1.1, Avg: 1.2, Max: 1.4, Diff: 0.3, Sum: 2.4]
      [Update RS (ms): Min: 13.5, Avg: 13.6, Max: 13.8, Diff: 0.3, Sum: 27.2]
         [Processed Buffers: Min: 10, Avg: 19.0, Max: 28, Diff: 18, Sum: 38]
      [Scan RS (ms): Min: 0.2, Avg: 0.3, Max: 0.3, Diff: 0.1, Sum: 0.6]
      [Code Root Scanning (ms): Min: 0.1, Avg: 0.1, Max: 0.1, Diff: 0.0, Sum: 0.2]
      [Object Copy (ms): Min: 151.0, Avg: 151.1, Max: 151.2, Diff: 0.2, Sum: 302.2]
      [Termination (ms): Min: 0.0, Avg: 0.0, Max: 0.0, Diff: 0.0, Sum: 0.0]
      [GC Worker Other (ms): Min: 0.0, Avg: 0.0, Max: 0.0, Diff: 0.0, Sum: 0.1]
      [GC Worker Total (ms): Min: 166.3, Avg: 166.4, Max: 166.4, Diff: 0.0, Sum: 332.7]
      [GC Worker End (ms): Min: 4474836.5, Avg: 4474836.5, Max: 4474836.5, Diff: 0.0]
   [Code Root Fixup: 0.2 ms]
   [Code Root Migration: 0.0 ms]
   [Clear CT: 0.2 ms]
   [Other: 1.6 ms]
      [Choose CSet: 0.0 ms]
      [Ref Proc: 0.9 ms]
      [Ref Enq: 0.1 ms]
      [Free CSet: 0.3 ms]
   [Eden: 400.0M(400.0M)->0.0B(498.0M) Survivors: 40.0M->30.0M Heap: 864.6M(5632.0M)->477.6M(5632.0M)]
 [Times: user=0.33 sys=0.00, real=0.17 secs] 
2014-06-25T01:25:32.390+0000: 4474.839: Total time for which application threads were stopped: 0.1689511 seconds
2014-06-25T01:25:33.856+0000: 4476.305: [GC pause (G1 Evacuation Pause) (young)
Desired survivor size 34603008 bytes, new threshold 15 (max 15)
- age   1:   14517832 bytes,   14517832 total
- age   2:   15076024 bytes,   29593856 total
, 0.1593190 secs]
   [Parallel Time: 157.2 ms, GC Workers: 2]
      [GC Worker Start (ms): Min: 4476304.9, Avg: 4476304.9, Max: 4476304.9, Diff: 0.0]
      [Ext Root Scanning (ms): Min: 1.1, Avg: 1.2, Max: 1.4, Diff: 0.3, Sum: 2.5]
      [Update RS (ms): Min: 21.0, Avg: 21.1, Max: 21.2, Diff: 0.1, Sum: 42.2]
         [Processed Buffers: Min: 19, Avg: 33.0, Max: 47, Diff: 28, Sum: 66]
      [Scan RS (ms): Min: 4.2, Avg: 4.2, Max: 4.2, Diff: 0.1, Sum: 8.4]
      [Code Root Scanning (ms): Min: 0.1, Avg: 0.1, Max: 0.1, Diff: 0.0, Sum: 0.3]
      [Object Copy (ms): Min: 130.3, Avg: 130.5, Max: 130.6, Diff: 0.2, Sum: 260.9]
      [Termination (ms): Min: 0.0, Avg: 0.0, Max: 0.0, Diff: 0.0, Sum: 0.0]
      [GC Worker Other (ms): Min: 0.0, Avg: 0.0, Max: 0.0, Diff: 0.0, Sum: 0.1]
      [GC Worker Total (ms): Min: 157.2, Avg: 157.2, Max: 157.2, Diff: 0.0, Sum: 314.4]
      [GC Worker End (ms): Min: 4476462.1, Avg: 4476462.1, Max: 4476462.1, Diff: 0.0]
   [Code Root Fixup: 0.2 ms]
   [Code Root Migration: 0.0 ms]
   [Clear CT: 0.2 ms]
   [Other: 1.7 ms]
      [Choose CSet: 0.0 ms]
      [Ref Proc: 1.0 ms]
      [Ref Enq: 0.1 ms]
      [Free CSet: 0.4 ms]
   [Eden: 498.0M(498.0M)->0.0B(406.0M) Survivors: 30.0M->46.0M Heap: 975.6M(5632.0M)->493.6M(5632.0M)]
 [Times: user=0.32 sys=0.00, real=0.16 secs] 
2014-06-25T01:25:34.015+0000: 4476.464: Total time for which application threads were stopped: 0.1599090 seconds
2014-06-25T01:25:35.187+0000: 4477.636: [GC pause (G1 Evacuation Pause) (young)
Desired survivor size 30408704 bytes, new threshold 2 (max 15)
- age   1:   17892336 bytes,   17892336 total
- age   2:   13307544 bytes,   31199880 total
- age   3:   15076024 bytes,   46275904 total
, 0.1878570 secs]
   [Parallel Time: 185.8 ms, GC Workers: 2]
      [GC Worker Start (ms): Min: 4477636.4, Avg: 4477636.4, Max: 4477636.4, Diff: 0.0]
      [Ext Root Scanning (ms): Min: 1.1, Avg: 1.3, Max: 1.4, Diff: 0.3, Sum: 2.5]
      [Update RS (ms): Min: 14.6, Avg: 14.6, Max: 14.7, Diff: 0.1, Sum: 29.3]
         [Processed Buffers: Min: 16, Avg: 20.5, Max: 25, Diff: 9, Sum: 41]
      [Scan RS (ms): Min: 0.3, Avg: 0.3, Max: 0.3, Diff: 0.0, Sum: 0.6]
      [Code Root Scanning (ms): Min: 0.1, Avg: 0.1, Max: 0.1, Diff: 0.0, Sum: 0.2]
      [Object Copy (ms): Min: 169.4, Avg: 169.5, Max: 169.5, Diff: 0.2, Sum: 338.9]
      [Termination (ms): Min: 0.0, Avg: 0.0, Max: 0.0, Diff: 0.0, Sum: 0.0]
      [GC Worker Other (ms): Min: 0.0, Avg: 0.0, Max: 0.0, Diff: 0.0, Sum: 0.1]
      [GC Worker Total (ms): Min: 185.8, Avg: 185.8, Max: 185.8, Diff: 0.0, Sum: 371.5]
      [GC Worker End (ms): Min: 4477822.2, Avg: 4477822.2, Max: 4477822.2, Diff: 0.0]
   [Code Root Fixup: 0.2 ms]
   [Code Root Migration: 0.0 ms]
   [Clear CT: 0.2 ms]
   [Other: 1.6 ms]
      [Choose CSet: 0.0 ms]
      [Ref Proc: 0.9 ms]
      [Ref Enq: 0.1 ms]
      [Free CSet: 0.3 ms]
   [Eden: 406.0M(406.0M)->0.0B(552.0M) Survivors: 46.0M->30.0M Heap: 899.6M(5632.0M)->506.6M(5632.0M)]
 [Times: user=0.37 sys=0.00, real=0.19 secs] 
2014-06-25T01:25:35.375+0000: 4477.824: Total time for which application threads were stopped: 0.1884208 seconds
2014-06-25T01:25:36.999+0000: 4479.448: [GC pause (G1 Evacuation Pause) (young)
Desired survivor size 38797312 bytes, new threshold 15 (max 15)
- age   1:   14967024 bytes,   14967024 total
- age   2:   16390312 bytes,   31357336 total
, 0.1710407 secs]
   [Parallel Time: 168.9 ms, GC Workers: 2]
      [GC Worker Start (ms): Min: 4479448.0, Avg: 4479448.0, Max: 4479448.0, Diff: 0.0]
      [Ext Root Scanning (ms): Min: 1.1, Avg: 1.3, Max: 1.4, Diff: 0.3, Sum: 2.5]
      [Update RS (ms): Min: 21.4, Avg: 22.0, Max: 22.6, Diff: 1.2, Sum: 44.1]
         [Processed Buffers: Min: 22, Avg: 29.0, Max: 36, Diff: 14, Sum: 58]
      [Scan RS (ms): Min: 4.2, Avg: 4.7, Max: 5.1, Diff: 0.8, Sum: 9.3]
      [Code Root Scanning (ms): Min: 0.0, Avg: 0.1, Max: 0.3, Diff: 0.3, Sum: 0.3]
      [Object Copy (ms): Min: 140.5, Avg: 140.6, Max: 140.7, Diff: 0.2, Sum: 281.3]
      [Termination (ms): Min: 0.0, Avg: 0.0, Max: 0.0, Diff: 0.0, Sum: 0.0]
      [GC Worker Other (ms): Min: 0.0, Avg: 0.0, Max: 0.0, Diff: 0.0, Sum: 0.1]
      [GC Worker Total (ms): Min: 168.8, Avg: 168.8, Max: 168.8, Diff: 0.0, Sum: 337.6]
      [GC Worker End (ms): Min: 4479616.8, Avg: 4479616.8, Max: 4479616.8, Diff: 0.0]
   [Code Root Fixup: 0.2 ms]
   [Code Root Migration: 0.0 ms]
   [Clear CT: 0.2 ms]
   [Other: 1.8 ms]
      [Choose CSet: 0.0 ms]
      [Ref Proc: 1.1 ms]
      [Ref Enq: 0.1 ms]
      [Free CSet: 0.4 ms]
   [Eden: 552.0M(552.0M)->0.0B(284.0M) Survivors: 30.0M->50.0M Heap: 1058.6M(5632.0M)->525.6M(5632.0M)]
 [Times: user=0.34 sys=0.00, real=0.18 secs] 
2014-06-25T01:25:37.170+0000: 4479.619: Total time for which application threads were stopped: 0.1716051 seconds
2014-06-25T01:25:37.997+0000: 4480.446: [GC pause (G1 Evacuation Pause) (young)
Desired survivor size 22020096 bytes, new threshold 2 (max 15)
- age   1:   19917992 bytes,   19917992 total
- age   2:   13939952 bytes,   33857944 total
- age   3:   16390280 bytes,   50248224 total
, 0.1843317 secs]
   [Parallel Time: 182.9 ms, GC Workers: 2]
      [GC Worker Start (ms): Min: 4480445.9, Avg: 4480445.9, Max: 4480445.9, Diff: 0.0]
      [Ext Root Scanning (ms): Min: 1.1, Avg: 1.2, Max: 1.4, Diff: 0.3, Sum: 2.5]
      [Update RS (ms): Min: 14.5, Avg: 14.6, Max: 14.7, Diff: 0.2, Sum: 29.2]
         [Processed Buffers: Min: 10, Avg: 21.5, Max: 33, Diff: 23, Sum: 43]
      [Scan RS (ms): Min: 0.2, Avg: 0.2, Max: 0.2, Diff: 0.1, Sum: 0.4]
      [Code Root Scanning (ms): Min: 0.1, Avg: 0.1, Max: 0.1, Diff: 0.0, Sum: 0.2]
      [Object Copy (ms): Min: 166.6, Avg: 166.6, Max: 166.7, Diff: 0.2, Sum: 333.3]
      [Termination (ms): Min: 0.0, Avg: 0.0, Max: 0.0, Diff: 0.0, Sum: 0.0]
      [GC Worker Other (ms): Min: 0.0, Avg: 0.0, Max: 0.0, Diff: 0.0, Sum: 0.1]
      [GC Worker Total (ms): Min: 182.8, Avg: 182.8, Max: 182.8, Diff: 0.0, Sum: 365.6]
      [GC Worker End (ms): Min: 4480628.7, Avg: 4480628.7, Max: 4480628.7, Diff: 0.0]
   [Code Root Fixup: 0.2 ms]
   [Code Root Migration: 0.0 ms]
   [Clear CT: 0.1 ms]
   [Other: 1.1 ms]
      [Choose CSet: 0.0 ms]
      [Ref Proc: 0.4 ms]
      [Ref Enq: 0.1 ms]
      [Free CSet: 0.3 ms]
   [Eden: 284.0M(284.0M)->0.0B(532.0M) Survivors: 50.0M->28.0M Heap: 809.6M(5632.0M)->534.6M(5632.0M)]
 [Times: user=0.37 sys=0.00, real=0.19 secs] 
2014-06-25T01:25:38.181+0000: 4480.630: Total time for which application threads were stopped: 0.1849026 seconds
2014-06-25T01:25:39.750+0000: 4482.199: [GC pause (G1 Evacuation Pause) (young)
Desired survivor size 36700160 bytes, new threshold 15 (max 15)
- age   1:   11070144 bytes,   11070144 total
- age   2:   17776480 bytes,   28846624 total
, 0.1610326 secs]
   [Parallel Time: 158.8 ms, GC Workers: 2]
      [GC Worker Start (ms): Min: 4482199.3, Avg: 4482199.3, Max: 4482199.4, Diff: 0.0]
      [Ext Root Scanning (ms): Min: 1.1, Avg: 1.3, Max: 1.5, Diff: 0.3, Sum: 2.6]
      [Update RS (ms): Min: 20.9, Avg: 20.9, Max: 21.0, Diff: 0.1, Sum: 41.9]
         [Processed Buffers: Min: 18, Avg: 28.0, Max: 38, Diff: 20, Sum: 56]
      [Scan RS (ms): Min: 3.6, Avg: 3.6, Max: 3.7, Diff: 0.1, Sum: 7.3]
      [Code Root Scanning (ms): Min: 0.1, Avg: 0.1, Max: 0.1, Diff: 0.0, Sum: 0.3]
      [Object Copy (ms): Min: 132.7, Avg: 132.7, Max: 132.8, Diff: 0.1, Sum: 265.4]
      [Termination (ms): Min: 0.0, Avg: 0.0, Max: 0.0, Diff: 0.0, Sum: 0.0]
      [GC Worker Other (ms): Min: 0.0, Avg: 0.0, Max: 0.0, Diff: 0.0, Sum: 0.1]
      [GC Worker Total (ms): Min: 158.7, Avg: 158.7, Max: 158.7, Diff: 0.0, Sum: 317.5]
      [GC Worker End (ms): Min: 4482358.1, Avg: 4482358.1, Max: 4482358.1, Diff: 0.0]
   [Code Root Fixup: 0.2 ms]
   [Code Root Migration: 0.0 ms]
   [Clear CT: 0.2 ms]
   [Other: 1.8 ms]
      [Choose CSet: 0.0 ms]
      [Ref Proc: 1.1 ms]
      [Ref Enq: 0.1 ms]
      [Free CSet: 0.4 ms]
   [Eden: 532.0M(532.0M)->0.0B(342.0M) Survivors: 28.0M->46.0M Heap: 1066.6M(5632.0M)->552.6M(5632.0M)]
 [Times: user=0.32 sys=0.00, real=0.16 secs] 
2014-06-25T01:25:39.911+0000: 4482.360: Total time for which application threads were stopped: 0.1616323 seconds
2014-06-25T01:25:40.901+0000: 4483.351: [GC pause (G1 Evacuation Pause) (young)
Desired survivor size 26214400 bytes, new threshold 2 (max 15)
- age   1:   18931464 bytes,   18931464 total
- age   2:   10166032 bytes,   29097496 total
- age   3:   17776352 bytes,   46873848 total
, 0.1841722 secs]
   [Parallel Time: 182.3 ms, GC Workers: 2]
      [GC Worker Start (ms): Min: 4483350.7, Avg: 4483350.7, Max: 4483350.7, Diff: 0.0]
      [Ext Root Scanning (ms): Min: 1.1, Avg: 1.2, Max: 1.4, Diff: 0.3, Sum: 2.5]
      [Update RS (ms): Min: 15.3, Avg: 15.5, Max: 15.7, Diff: 0.5, Sum: 31.0]
         [Processed Buffers: Min: 10, Avg: 21.0, Max: 32, Diff: 22, Sum: 42]
      [Scan RS (ms): Min: 0.1, Avg: 0.2, Max: 0.4, Diff: 0.2, Sum: 0.5]
      [Code Root Scanning (ms): Min: 0.0, Avg: 0.1, Max: 0.1, Diff: 0.1, Sum: 0.2]
      [Object Copy (ms): Min: 165.1, Avg: 165.1, Max: 165.2, Diff: 0.2, Sum: 330.3]
      [Termination (ms): Min: 0.0, Avg: 0.0, Max: 0.0, Diff: 0.0, Sum: 0.0]
      [GC Worker Other (ms): Min: 0.0, Avg: 0.0, Max: 0.0, Diff: 0.0, Sum: 0.1]
      [GC Worker Total (ms): Min: 182.2, Avg: 182.2, Max: 182.2, Diff: 0.0, Sum: 364.5]
      [GC Worker End (ms): Min: 4483532.9, Avg: 4483532.9, Max: 4483532.9, Diff: 0.0]
   [Code Root Fixup: 0.2 ms]
   [Code Root Migration: 0.0 ms]
   [Clear CT: 0.2 ms]
   [Other: 1.5 ms]
      [Choose CSet: 0.0 ms]
      [Ref Proc: 0.8 ms]
      [Ref Enq: 0.1 ms]
      [Free CSet: 0.3 ms]
   [Eden: 342.0M(342.0M)->0.0B(626.0M) Survivors: 46.0M->30.0M Heap: 894.6M(5632.0M)->564.6M(5632.0M)]
 [Times: user=0.37 sys=0.00, real=0.18 secs] 
2014-06-25T01:25:41.086+0000: 4483.535: Total time for which application threads were stopped: 0.1847560 seconds
2014-06-25T01:25:42.054+0000: 4484.503: [GC pause (G1 Evacuation Pause) (young)
Desired survivor size 37748736 bytes, new threshold 15 (max 15)
- age   1:   13111568 bytes,   13111568 total
- age   2:   17487584 bytes,   30599152 total
, 0.3702780 secs]
   [Parallel Time: 368.2 ms, GC Workers: 2]
      [GC Worker Start (ms): Min: 4484502.8, Avg: 4484502.8, Max: 4484502.8, Diff: 0.0]
      [Ext Root Scanning (ms): Min: 1.1, Avg: 1.2, Max: 1.4, Diff: 0.3, Sum: 2.5]
      [Update RS (ms): Min: 25.7, Avg: 25.9, Max: 26.2, Diff: 0.5, Sum: 51.9]
         [Processed Buffers: Min: 12, Avg: 22.0, Max: 32, Diff: 20, Sum: 44]
      [Scan RS (ms): Min: 5.0, Avg: 5.3, Max: 5.5, Diff: 0.5, Sum: 10.5]
      [Code Root Scanning (ms): Min: 0.1, Avg: 0.1, Max: 0.2, Diff: 0.0, Sum: 0.3]
      [Object Copy (ms): Min: 335.4, Avg: 335.5, Max: 335.7, Diff: 0.3, Sum: 671.1]
      [Termination (ms): Min: 0.0, Avg: 0.0, Max: 0.0, Diff: 0.0, Sum: 0.0]
      [GC Worker Other (ms): Min: 0.0, Avg: 0.0, Max: 0.0, Diff: 0.0, Sum: 0.1]
      [GC Worker Total (ms): Min: 368.1, Avg: 368.2, Max: 368.2, Diff: 0.0, Sum: 736.3]
      [GC Worker End (ms): Min: 4484871.0, Avg: 4484871.0, Max: 4484871.0, Diff: 0.0]
   [Code Root Fixup: 0.2 ms]
   [Code Root Migration: 0.0 ms]
   [Clear CT: 0.2 ms]
   [Other: 1.7 ms]
      [Choose CSet: 0.0 ms]
      [Ref Proc: 0.6 ms]
      [Ref Enq: 0.1 ms]
      [Free CSet: 0.4 ms]
   [Eden: 532.0M(532.0M)->0.0B(208.0M) Survivors: 30.0M->72.0M Heap: 1097.6M(5632.0M)->658.6M(5632.0M)]
 [Times: user=0.73 sys=0.00, real=0.37 secs] 
2014-06-25T01:25:42.426+0000: 4484.875: Total time for which application threads were stopped: 0.3730479 seconds
2014-06-25T01:25:42.654+0000: 4485.103: [GC pause (G1 Evacuation Pause) (young)
Desired survivor size 18874368 bytes, new threshold 1 (max 15)
- age   1:   98217088 bytes,   98217088 total
- age   2:   12211192 bytes,  110428280 total
- age   3:   17487552 bytes,  127915832 total
, 0.4029324 secs]
   [Parallel Time: 401.2 ms, GC Workers: 2]
      [GC Worker Start (ms): Min: 4485103.1, Avg: 4485103.1, Max: 4485103.2, Diff: 0.0]
      [Ext Root Scanning (ms): Min: 1.1, Avg: 1.3, Max: 1.4, Diff: 0.3, Sum: 2.5]
      [Update RS (ms): Min: 16.1, Avg: 17.4, Max: 18.8, Diff: 2.8, Sum: 34.9]
         [Processed Buffers: Min: 12, Avg: 21.5, Max: 31, Diff: 19, Sum: 43]
      [Scan RS (ms): Min: 18.1, Avg: 19.4, Max: 20.7, Diff: 2.6, Sum: 38.7]
      [Code Root Scanning (ms): Min: 0.1, Avg: 0.1, Max: 0.1, Diff: 0.0, Sum: 0.1]
      [Object Copy (ms): Min: 362.9, Avg: 363.0, Max: 363.1, Diff: 0.1, Sum: 726.0]
      [Termination (ms): Min: 0.0, Avg: 0.0, Max: 0.0, Diff: 0.0, Sum: 0.0]
      [GC Worker Other (ms): Min: 0.0, Avg: 0.0, Max: 0.0, Diff: 0.0, Sum: 0.1]
      [GC Worker Total (ms): Min: 401.2, Avg: 401.2, Max: 401.2, Diff: 0.0, Sum: 802.3]
      [GC Worker End (ms): Min: 4485504.3, Avg: 4485504.3, Max: 4485504.3, Diff: 0.0]
   [Code Root Fixup: 0.2 ms]
   [Code Root Migration: 0.0 ms]
   [Clear CT: 0.2 ms]
   [Other: 1.4 ms]
      [Choose CSet: 0.0 ms]
      [Ref Proc: 0.1 ms]
      [Ref Enq: 0.0 ms]
      [Free CSet: 0.3 ms]
   [Eden: 208.0M(208.0M)->0.0B(244.0M) Survivors: 72.0M->36.0M Heap: 866.6M(5632.0M)->724.6M(5632.0M)]
 [Times: user=0.80 sys=0.00, real=0.40 secs] 
2014-06-25T01:25:43.057+0000: 4485.506: Total time for which application threads were stopped: 0.4034774 seconds
2014-06-25T01:25:43.657+0000: 4486.106: [GC pause (G1 Evacuation Pause) (young)
Desired survivor size 18874368 bytes, new threshold 1 (max 15)
- age   1:   66478008 bytes,   66478008 total
, 0.2456037 secs]
   [Parallel Time: 244.4 ms, GC Workers: 2]
      [GC Worker Start (ms): Min: 4486106.4, Avg: 4486106.4, Max: 4486106.4, Diff: 0.0]
      [Ext Root Scanning (ms): Min: 1.1, Avg: 1.2, Max: 1.4, Diff: 0.3, Sum: 2.4]
      [Update RS (ms): Min: 21.1, Avg: 21.2, Max: 21.3, Diff: 0.1, Sum: 42.4]
         [Processed Buffers: Min: 12, Avg: 22.0, Max: 32, Diff: 20, Sum: 44]
      [Scan RS (ms): Min: 1.3, Avg: 1.4, Max: 1.4, Diff: 0.0, Sum: 2.7]
      [Code Root Scanning (ms): Min: 0.1, Avg: 0.1, Max: 0.1, Diff: 0.0, Sum: 0.1]
      [Object Copy (ms): Min: 220.4, Avg: 220.5, Max: 220.6, Diff: 0.2, Sum: 441.0]
      [Termination (ms): Min: 0.0, Avg: 0.0, Max: 0.0, Diff: 0.0, Sum: 0.0]
      [GC Worker Other (ms): Min: 0.0, Avg: 0.0, Max: 0.0, Diff: 0.0, Sum: 0.1]
      [GC Worker Total (ms): Min: 244.4, Avg: 244.4, Max: 244.4, Diff: 0.0, Sum: 488.7]
      [GC Worker End (ms): Min: 4486350.8, Avg: 4486350.8, Max: 4486350.8, Diff: 0.0]
   [Code Root Fixup: 0.2 ms]
   [Code Root Migration: 0.0 ms]
   [Clear CT: 0.1 ms]
   [Other: 0.9 ms]
      [Choose CSet: 0.0 ms]
      [Ref Proc: 0.1 ms]
      [Ref Enq: 0.0 ms]
      [Free CSet: 0.2 ms]
   [Eden: 244.0M(244.0M)->0.0B(244.0M) Survivors: 36.0M->36.0M Heap: 970.6M(5632.0M)->775.6M(5632.0M)]
 [Times: user=0.49 sys=0.00, real=0.25 secs] 
2014-06-25T01:25:43.903+0000: 4486.352: Total time for which application threads were stopped: 0.2461613 seconds
2014-06-25T01:25:44.653+0000: 4487.102: [GC pause (G1 Evacuation Pause) (young)
Desired survivor size 18874368 bytes, new threshold 1 (max 15)
- age   1:   49720880 bytes,   49720880 total
, 0.1691805 secs]
   [Parallel Time: 168.1 ms, GC Workers: 2]
      [GC Worker Start (ms): Min: 4487102.2, Avg: 4487102.2, Max: 4487102.3, Diff: 0.0]
      [Ext Root Scanning (ms): Min: 1.1, Avg: 1.2, Max: 1.3, Diff: 0.3, Sum: 2.4]
      [Update RS (ms): Min: 7.5, Avg: 7.6, Max: 7.6, Diff: 0.1, Sum: 15.2]
         [Processed Buffers: Min: 13, Avg: 22.0, Max: 31, Diff: 18, Sum: 44]
      [Scan RS (ms): Min: 1.6, Avg: 1.6, Max: 1.6, Diff: 0.0, Sum: 3.2]
      [Code Root Scanning (ms): Min: 0.1, Avg: 0.1, Max: 0.1, Diff: 0.0, Sum: 0.1]
      [Object Copy (ms): Min: 157.4, Avg: 157.5, Max: 157.6, Diff: 0.2, Sum: 315.1]
      [Termination (ms): Min: 0.0, Avg: 0.0, Max: 0.0, Diff: 0.0, Sum: 0.0]
      [GC Worker Other (ms): Min: 0.0, Avg: 0.0, Max: 0.0, Diff: 0.0, Sum: 0.1]
      [GC Worker Total (ms): Min: 168.0, Avg: 168.0, Max: 168.0, Diff: 0.0, Sum: 336.0]
      [GC Worker End (ms): Min: 4487270.3, Avg: 4487270.3, Max: 4487270.3, Diff: 0.0]
   [Code Root Fixup: 0.2 ms]
   [Code Root Migration: 0.0 ms]
   [Clear CT: 0.1 ms]
   [Other: 0.8 ms]
      [Choose CSet: 0.0 ms]
      [Ref Proc: 0.1 ms]
      [Ref Enq: 0.0 ms]
      [Free CSet: 0.2 ms]
   [Eden: 244.0M(244.0M)->0.0B(254.0M) Survivors: 36.0M->26.0M Heap: 1019.6M(5632.0M)->801.6M(5632.0M)]
 [Times: user=0.34 sys=0.00, real=0.17 secs] 
2014-06-25T01:25:44.822+0000: 4487.272: Total time for which application threads were stopped: 0.1697303 seconds
2014-06-25T01:25:45.577+0000: 4488.026: [GC pause (G1 Evacuation Pause) (young)
Desired survivor size 18874368 bytes, new threshold 1 (max 15)
- age   1:   24295112 bytes,   24295112 total
, 0.1437191 secs]
   [Parallel Time: 142.8 ms, GC Workers: 2]
      [GC Worker Start (ms): Min: 4488026.1, Avg: 4488026.1, Max: 4488026.1, Diff: 0.0]
      [Ext Root Scanning (ms): Min: 1.1, Avg: 1.2, Max: 1.3, Diff: 0.2, Sum: 2.3]
      [Update RS (ms): Min: 7.8, Avg: 7.9, Max: 8.1, Diff: 0.3, Sum: 15.9]
         [Processed Buffers: Min: 14, Avg: 21.5, Max: 29, Diff: 15, Sum: 43]
      [Scan RS (ms): Min: 0.1, Avg: 0.2, Max: 0.3, Diff: 0.2, Sum: 0.4]
      [Code Root Scanning (ms): Min: 0.0, Avg: 0.1, Max: 0.1, Diff: 0.1, Sum: 0.1]
      [Object Copy (ms): Min: 133.3, Avg: 133.3, Max: 133.4, Diff: 0.2, Sum: 266.7]
      [Termination (ms): Min: 0.0, Avg: 0.0, Max: 0.0, Diff: 0.0, Sum: 0.0]
      [GC Worker Other (ms): Min: 0.0, Avg: 0.0, Max: 0.0, Diff: 0.0, Sum: 0.1]
      [GC Worker Total (ms): Min: 142.7, Avg: 142.7, Max: 142.7, Diff: 0.0, Sum: 285.4]
      [GC Worker End (ms): Min: 4488168.8, Avg: 4488168.8, Max: 4488168.8, Diff: 0.0]
   [Code Root Fixup: 0.1 ms]
   [Code Root Migration: 0.0 ms]
   [Clear CT: 0.1 ms]
   [Other: 0.6 ms]
      [Choose CSet: 0.0 ms]
      [Ref Proc: 0.1 ms]
      [Ref Enq: 0.0 ms]
      [Free CSet: 0.2 ms]
   [Eden: 254.0M(254.0M)->0.0B(254.0M) Survivors: 26.0M->26.0M Heap: 1055.6M(5632.0M)->826.6M(5632.0M)]
 [Times: user=0.28 sys=0.00, real=0.15 secs] 
2014-06-25T01:25:45.721+0000: 4488.170: Total time for which application threads were stopped: 0.1442454 seconds
2014-06-25T01:25:46.463+0000: 4488.912: [GC pause (G1 Evacuation Pause) (young)
Desired survivor size 18874368 bytes, new threshold 1 (max 15)
- age   1:   25615176 bytes,   25615176 total
, 0.1499265 secs]
   [Parallel Time: 148.9 ms, GC Workers: 2]
      [GC Worker Start (ms): Min: 4488912.1, Avg: 4488912.1, Max: 4488912.1, Diff: 0.0]
      [Ext Root Scanning (ms): Min: 1.1, Avg: 1.3, Max: 1.4, Diff: 0.3, Sum: 2.5]
      [Update RS (ms): Min: 7.5, Avg: 7.6, Max: 7.7, Diff: 0.2, Sum: 15.3]
         [Processed Buffers: Min: 13, Avg: 21.0, Max: 29, Diff: 16, Sum: 42]
      [Scan RS (ms): Min: 2.6, Avg: 2.6, Max: 2.6, Diff: 0.0, Sum: 5.3]
      [Code Root Scanning (ms): Min: 0.1, Avg: 0.1, Max: 0.1, Diff: 0.0, Sum: 0.1]
      [Object Copy (ms): Min: 137.2, Avg: 137.2, Max: 137.3, Diff: 0.1, Sum: 274.5]
      [Termination (ms): Min: 0.0, Avg: 0.0, Max: 0.0, Diff: 0.0, Sum: 0.0]
      [GC Worker Other (ms): Min: 0.0, Avg: 0.0, Max: 0.0, Diff: 0.0, Sum: 0.1]
      [GC Worker Total (ms): Min: 148.8, Avg: 148.8, Max: 148.9, Diff: 0.0, Sum: 297.7]
      [GC Worker End (ms): Min: 4489061.0, Avg: 4489061.0, Max: 4489061.0, Diff: 0.0]
   [Code Root Fixup: 0.2 ms]
   [Code Root Migration: 0.0 ms]
   [Clear CT: 0.1 ms]
   [Other: 0.7 ms]
      [Choose CSet: 0.0 ms]
      [Ref Proc: 0.1 ms]
      [Ref Enq: 0.0 ms]
      [Free CSet: 0.2 ms]
   [Eden: 254.0M(254.0M)->0.0B(254.0M) Survivors: 26.0M->26.0M Heap: 1080.6M(5632.0M)->850.6M(5632.0M)]
 [Times: user=0.30 sys=0.00, real=0.15 secs] 
2014-06-25T01:25:46.613+0000: 4489.062: Total time for which application threads were stopped: 0.1504773 seconds
2014-06-25T01:25:47.358+0000: 4489.807: [GC pause (G1 Evacuation Pause) (young)
Desired survivor size 18874368 bytes, new threshold 1 (max 15)
- age   1:   25248808 bytes,   25248808 total
, 0.1579757 secs]
   [Parallel Time: 157.0 ms, GC Workers: 2]
      [GC Worker Start (ms): Min: 4489807.0, Avg: 4489807.0, Max: 4489807.0, Diff: 0.0]
      [Ext Root Scanning (ms): Min: 1.1, Avg: 1.2, Max: 1.4, Diff: 0.3, Sum: 2.5]
      [Update RS (ms): Min: 14.9, Avg: 15.0, Max: 15.1, Diff: 0.3, Sum: 30.0]
         [Processed Buffers: Min: 15, Avg: 22.5, Max: 30, Diff: 15, Sum: 45]
      [Scan RS (ms): Min: 1.6, Avg: 1.7, Max: 1.8, Diff: 0.3, Sum: 3.4]
      [Code Root Scanning (ms): Min: 0.0, Avg: 0.1, Max: 0.1, Diff: 0.1, Sum: 0.2]
      [Object Copy (ms): Min: 138.8, Avg: 138.9, Max: 139.0, Diff: 0.2, Sum: 277.8]
      [Termination (ms): Min: 0.0, Avg: 0.0, Max: 0.0, Diff: 0.0, Sum: 0.0]
      [GC Worker Other (ms): Min: 0.0, Avg: 0.0, Max: 0.0, Diff: 0.0, Sum: 0.1]
      [GC Worker Total (ms): Min: 156.9, Avg: 156.9, Max: 156.9, Diff: 0.0, Sum: 313.8]
      [GC Worker End (ms): Min: 4489963.9, Avg: 4489963.9, Max: 4489963.9, Diff: 0.0]
   [Code Root Fixup: 0.2 ms]
   [Code Root Migration: 0.0 ms]
   [Clear CT: 0.1 ms]
   [Other: 0.7 ms]
      [Choose CSet: 0.0 ms]
      [Ref Proc: 0.1 ms]
      [Ref Enq: 0.0 ms]
      [Free CSet: 0.2 ms]
   [Eden: 254.0M(254.0M)->0.0B(254.0M) Survivors: 26.0M->26.0M Heap: 1104.6M(5632.0M)->875.6M(5632.0M)]
 [Times: user=0.31 sys=0.01, real=0.16 secs] 
2014-06-25T01:25:47.516+0000: 4489.965: Total time for which application threads were stopped: 0.1585542 seconds
2014-06-25T01:25:48.286+0000: 4490.735: [GC pause (G1 Evacuation Pause) (young)
Desired survivor size 18874368 bytes, new threshold 1 (max 15)
- age   1:   25169192 bytes,   25169192 total
, 0.1613291 secs]
   [Parallel Time: 160.2 ms, GC Workers: 2]
      [GC Worker Start (ms): Min: 4490734.8, Avg: 4490734.8, Max: 4490734.8, Diff: 0.0]
      [Ext Root Scanning (ms): Min: 1.1, Avg: 1.2, Max: 1.4, Diff: 0.3, Sum: 2.5]
      [Update RS (ms): Min: 15.2, Avg: 15.4, Max: 15.6, Diff: 0.4, Sum: 30.9]
         [Processed Buffers: Min: 17, Avg: 28.0, Max: 39, Diff: 22, Sum: 56]
      [Scan RS (ms): Min: 4.6, Avg: 4.7, Max: 4.9, Diff: 0.3, Sum: 9.5]
      [Code Root Scanning (ms): Min: 0.1, Avg: 0.1, Max: 0.1, Diff: 0.0, Sum: 0.1]
      [Object Copy (ms): Min: 138.6, Avg: 138.6, Max: 138.7, Diff: 0.2, Sum: 277.3]
      [Termination (ms): Min: 0.0, Avg: 0.0, Max: 0.0, Diff: 0.0, Sum: 0.0]
      [GC Worker Other (ms): Min: 0.0, Avg: 0.0, Max: 0.0, Diff: 0.0, Sum: 0.1]
      [GC Worker Total (ms): Min: 160.1, Avg: 160.1, Max: 160.2, Diff: 0.0, Sum: 320.3]
      [GC Worker End (ms): Min: 4490894.9, Avg: 4490894.9, Max: 4490894.9, Diff: 0.0]
   [Code Root Fixup: 0.2 ms]
   [Code Root Migration: 0.0 ms]
   [Clear CT: 0.1 ms]
   [Other: 0.8 ms]
      [Choose CSet: 0.0 ms]
      [Ref Proc: 0.1 ms]
      [Ref Enq: 0.0 ms]
      [Free CSet: 0.3 ms]
   [Eden: 254.0M(254.0M)->0.0B(264.0M) Survivors: 26.0M->26.0M Heap: 1130.6M(5632.0M)->901.6M(5632.0M)]
 [Times: user=0.32 sys=0.00, real=0.16 secs] 
2014-06-25T01:25:48.447+0000: 4490.896: Total time for which application threads were stopped: 0.1618967 seconds
2014-06-25T01:25:49.225+0000: 4491.674: [GC pause (G1 Evacuation Pause) (young)
Desired survivor size 19922944 bytes, new threshold 1 (max 15)
- age   1:   25050536 bytes,   25050536 total
, 0.1626844 secs]
   [Parallel Time: 161.7 ms, GC Workers: 2]
      [GC Worker Start (ms): Min: 4491673.8, Avg: 4491673.8, Max: 4491673.8, Diff: 0.0]
      [Ext Root Scanning (ms): Min: 1.1, Avg: 1.2, Max: 1.4, Diff: 0.3, Sum: 2.5]
      [Update RS (ms): Min: 17.3, Avg: 17.7, Max: 18.1, Diff: 0.9, Sum: 35.4]
         [Processed Buffers: Min: 19, Avg: 26.5, Max: 34, Diff: 15, Sum: 53]
      [Scan RS (ms): Min: 2.5, Avg: 2.8, Max: 3.1, Diff: 0.6, Sum: 5.6]
      [Code Root Scanning (ms): Min: 0.0, Avg: 0.1, Max: 0.1, Diff: 0.1, Sum: 0.1]
      [Object Copy (ms): Min: 139.7, Avg: 139.8, Max: 139.9, Diff: 0.2, Sum: 279.6]
      [Termination (ms): Min: 0.0, Avg: 0.0, Max: 0.0, Diff: 0.0, Sum: 0.0]
      [GC Worker Other (ms): Min: 0.0, Avg: 0.0, Max: 0.0, Diff: 0.0, Sum: 0.0]
      [GC Worker Total (ms): Min: 161.6, Avg: 161.6, Max: 161.6, Diff: 0.0, Sum: 323.2]
      [GC Worker End (ms): Min: 4491835.4, Avg: 4491835.4, Max: 4491835.4, Diff: 0.0]
   [Code Root Fixup: 0.1 ms]
   [Code Root Migration: 0.0 ms]
   [Clear CT: 0.1 ms]
   [Other: 0.7 ms]
      [Choose CSet: 0.0 ms]
      [Ref Proc: 0.1 ms]
      [Ref Enq: 0.0 ms]
      [Free CSet: 0.3 ms]
   [Eden: 264.0M(264.0M)->0.0B(286.0M) Survivors: 26.0M->26.0M Heap: 1165.6M(5632.0M)->927.6M(5632.0M)]
 [Times: user=0.33 sys=0.00, real=0.17 secs] 
2014-06-25T01:25:49.387+0000: 4491.837: Total time for which application threads were stopped: 0.1632334 seconds
2014-06-25T01:25:50.216+0000: 4492.665: [GC pause (G1 Evacuation Pause) (young)
Desired survivor size 20971520 bytes, new threshold 1 (max 15)
- age   1:   26068184 bytes,   26068184 total
, 0.1754106 secs]
   [Parallel Time: 174.4 ms, GC Workers: 2]
      [GC Worker Start (ms): Min: 4492665.3, Avg: 4492665.3, Max: 4492665.3, Diff: 0.0]
      [Ext Root Scanning (ms): Min: 1.1, Avg: 1.2, Max: 1.3, Diff: 0.3, Sum: 2.4]
      [Update RS (ms): Min: 20.4, Avg: 20.9, Max: 21.4, Diff: 0.9, Sum: 41.8]
         [Processed Buffers: Min: 21, Avg: 29.5, Max: 38, Diff: 17, Sum: 59]
      [Scan RS (ms): Min: 2.2, Avg: 2.6, Max: 3.0, Diff: 0.8, Sum: 5.2]
      [Code Root Scanning (ms): Min: 0.1, Avg: 0.1, Max: 0.1, Diff: 0.0, Sum: 0.2]
      [Object Copy (ms): Min: 149.4, Avg: 149.5, Max: 149.5, Diff: 0.1, Sum: 298.9]
      [Termination (ms): Min: 0.0, Avg: 0.0, Max: 0.0, Diff: 0.0, Sum: 0.0]
      [GC Worker Other (ms): Min: 0.0, Avg: 0.0, Max: 0.0, Diff: 0.0, Sum: 0.1]
      [GC Worker Total (ms): Min: 174.3, Avg: 174.3, Max: 174.3, Diff: 0.0, Sum: 348.6]
      [GC Worker End (ms): Min: 4492839.6, Avg: 4492839.6, Max: 4492839.6, Diff: 0.0]
   [Code Root Fixup: 0.2 ms]
   [Code Root Migration: 0.0 ms]
   [Clear CT: 0.1 ms]
   [Other: 0.7 ms]
      [Choose CSet: 0.0 ms]
      [Ref Proc: 0.1 ms]
      [Ref Enq: 0.0 ms]
      [Free CSet: 0.3 ms]
   [Eden: 286.0M(286.0M)->0.0B(292.0M) Survivors: 26.0M->28.0M Heap: 1213.6M(5632.0M)->955.6M(5632.0M)]
 [Times: user=0.35 sys=0.00, real=0.18 secs] 
2014-06-25T01:25:50.392+0000: 4492.841: Total time for which application threads were stopped: 0.1759706 seconds
2014-06-25T01:25:51.235+0000: 4493.684: [GC pause (G1 Evacuation Pause) (young)
Desired survivor size 20971520 bytes, new threshold 1 (max 15)
- age   1:   28428016 bytes,   28428016 total
, 0.1810871 secs]
   [Parallel Time: 180.0 ms, GC Workers: 2]
      [GC Worker Start (ms): Min: 4493684.0, Avg: 4493684.0, Max: 4493684.0, Diff: 0.0]
      [Ext Root Scanning (ms): Min: 1.1, Avg: 1.2, Max: 1.4, Diff: 0.3, Sum: 2.5]
      [Update RS (ms): Min: 16.9, Avg: 17.7, Max: 18.5, Diff: 1.6, Sum: 35.5]
         [Processed Buffers: Min: 18, Avg: 26.0, Max: 34, Diff: 16, Sum: 52]
      [Scan RS (ms): Min: 2.0, Avg: 2.9, Max: 3.7, Diff: 1.7, Sum: 5.7]
      [Code Root Scanning (ms): Min: 0.0, Avg: 0.1, Max: 0.2, Diff: 0.1, Sum: 0.2]
      [Object Copy (ms): Min: 158.0, Avg: 158.0, Max: 158.0, Diff: 0.1, Sum: 316.0]
      [Termination (ms): Min: 0.0, Avg: 0.0, Max: 0.0, Diff: 0.0, Sum: 0.0]
      [GC Worker Other (ms): Min: 0.0, Avg: 0.0, Max: 0.0, Diff: 0.0, Sum: 0.1]
      [GC Worker Total (ms): Min: 180.0, Avg: 180.0, Max: 180.0, Diff: 0.0, Sum: 359.9]
      [GC Worker End (ms): Min: 4493863.9, Avg: 4493863.9, Max: 4493863.9, Diff: 0.0]
   [Code Root Fixup: 0.2 ms]
   [Code Root Migration: 0.0 ms]
   [Clear CT: 0.1 ms]
   [Other: 0.8 ms]
      [Choose CSet: 0.0 ms]
      [Ref Proc: 0.1 ms]
      [Ref Enq: 0.0 ms]
      [Free CSet: 0.3 ms]
   [Eden: 292.0M(292.0M)->0.0B(300.0M) Survivors: 28.0M->28.0M Heap: 1247.6M(5632.0M)->983.6M(5632.0M)]
 [Times: user=0.36 sys=0.00, real=0.18 secs] 
2014-06-25T01:25:51.416+0000: 4493.865: Total time for which application threads were stopped: 0.1816449 seconds
2014-06-25T01:25:52.209+0000: 4494.658: [GC pause (G1 Evacuation Pause) (young)
Desired survivor size 18874368 bytes, new threshold 1 (max 15)
- age   1:   28881400 bytes,   28881400 total
, 0.1891960 secs]
   [Parallel Time: 187.8 ms, GC Workers: 2]
      [GC Worker Start (ms): Min: 4494658.3, Avg: 4494658.3, Max: 4494658.4, Diff: 0.0]
      [Ext Root Scanning (ms): Min: 1.1, Avg: 1.2, Max: 1.3, Diff: 0.3, Sum: 2.4]
      [Update RS (ms): Min: 23.9, Avg: 24.1, Max: 24.3, Diff: 0.3, Sum: 48.2]
         [Processed Buffers: Min: 22, Avg: 29.0, Max: 36, Diff: 14, Sum: 58]
      [Scan RS (ms): Min: 10.8, Avg: 11.0, Max: 11.3, Diff: 0.5, Sum: 22.1]
      [Code Root Scanning (ms): Min: 0.0, Avg: 0.1, Max: 0.1, Diff: 0.1, Sum: 0.1]
      [Object Copy (ms): Min: 151.3, Avg: 151.4, Max: 151.4, Diff: 0.1, Sum: 302.7]
      [Termination (ms): Min: 0.0, Avg: 0.0, Max: 0.0, Diff: 0.0, Sum: 0.0]
      [GC Worker Other (ms): Min: 0.0, Avg: 0.0, Max: 0.0, Diff: 0.0, Sum: 0.1]
      [GC Worker Total (ms): Min: 187.8, Avg: 187.8, Max: 187.8, Diff: 0.0, Sum: 375.5]
      [GC Worker End (ms): Min: 4494846.1, Avg: 4494846.1, Max: 4494846.1, Diff: 0.0]
   [Code Root Fixup: 0.2 ms]
   [Code Root Migration: 0.0 ms]
   [Clear CT: 0.2 ms]
   [Other: 1.0 ms]
      [Choose CSet: 0.0 ms]
      [Ref Proc: 0.1 ms]
      [Ref Enq: 0.0 ms]
      [Free CSet: 0.4 ms]
   [Eden: 252.0M(252.0M)->0.0B(294.0M) Survivors: 28.0M->26.0M Heap: 1237.6M(5632.0M)->1011.6M(5632.0M)]
 [Times: user=0.39 sys=0.00, real=0.18 secs] 
2014-06-25T01:25:52.398+0000: 4494.848: Total time for which application threads were stopped: 0.1897413 seconds
2014-06-25T01:25:53.261+0000: 4495.710: [GC pause (G1 Evacuation Pause) (young)
Desired survivor size 20971520 bytes, new threshold 1 (max 15)
- age   1:   24868352 bytes,   24868352 total
, 0.1842979 secs]
   [Parallel Time: 183.1 ms, GC Workers: 2]
      [GC Worker Start (ms): Min: 4495709.8, Avg: 4495709.8, Max: 4495709.8, Diff: 0.0]
      [Ext Root Scanning (ms): Min: 1.1, Avg: 1.2, Max: 1.4, Diff: 0.3, Sum: 2.4]
      [Update RS (ms): Min: 25.7, Avg: 26.0, Max: 26.3, Diff: 0.6, Sum: 52.0]
         [Processed Buffers: Min: 20, Avg: 31.0, Max: 42, Diff: 22, Sum: 62]
      [Scan RS (ms): Min: 5.5, Avg: 5.7, Max: 6.0, Diff: 0.4, Sum: 11.5]
      [Code Root Scanning (ms): Min: 0.0, Avg: 0.1, Max: 0.1, Diff: 0.1, Sum: 0.2]
      [Object Copy (ms): Min: 149.9, Avg: 150.0, Max: 150.1, Diff: 0.2, Sum: 299.9]
      [Termination (ms): Min: 0.0, Avg: 0.0, Max: 0.0, Diff: 0.0, Sum: 0.0]
      [GC Worker Other (ms): Min: 0.0, Avg: 0.0, Max: 0.0, Diff: 0.0, Sum: 0.1]
      [GC Worker Total (ms): Min: 183.1, Avg: 183.1, Max: 183.1, Diff: 0.0, Sum: 366.1]
      [GC Worker End (ms): Min: 4495892.9, Avg: 4495892.9, Max: 4495892.9, Diff: 0.0]
   [Code Root Fixup: 0.2 ms]
   [Code Root Migration: 0.0 ms]
   [Clear CT: 0.2 ms]
   [Other: 0.8 ms]
      [Choose CSet: 0.0 ms]
      [Ref Proc: 0.1 ms]
      [Ref Enq: 0.0 ms]
      [Free CSet: 0.3 ms]
   [Eden: 294.0M(294.0M)->0.0B(282.0M) Survivors: 26.0M->30.0M Heap: 1305.6M(5632.0M)->1040.6M(5632.0M)]
 [Times: user=0.37 sys=0.00, real=0.18 secs] 
2014-06-25T01:25:53.446+0000: 4495.896: Total time for which application threads were stopped: 0.1862830 seconds
2014-06-25T01:25:54.262+0000: 4496.711: [GC pause (G1 Evacuation Pause) (young)
Desired survivor size 20971520 bytes, new threshold 1 (max 15)
- age   1:   29123704 bytes,   29123704 total
, 0.1891548 secs]
   [Parallel Time: 188.1 ms, GC Workers: 2]
      [GC Worker Start (ms): Min: 4496711.3, Avg: 4496711.3, Max: 4496711.3, Diff: 0.0]
      [Ext Root Scanning (ms): Min: 1.1, Avg: 1.2, Max: 1.4, Diff: 0.3, Sum: 2.5]
      [Update RS (ms): Min: 25.9, Avg: 26.0, Max: 26.0, Diff: 0.1, Sum: 51.9]
         [Processed Buffers: Min: 18, Avg: 28.0, Max: 38, Diff: 20, Sum: 56]
      [Scan RS (ms): Min: 4.2, Avg: 4.3, Max: 4.3, Diff: 0.1, Sum: 8.5]
      [Code Root Scanning (ms): Min: 0.1, Avg: 0.1, Max: 0.1, Diff: 0.0, Sum: 0.2]
      [Object Copy (ms): Min: 156.4, Avg: 156.5, Max: 156.5, Diff: 0.1, Sum: 312.9]
      [Termination (ms): Min: 0.0, Avg: 0.0, Max: 0.0, Diff: 0.0, Sum: 0.0]
      [GC Worker Other (ms): Min: 0.0, Avg: 0.0, Max: 0.0, Diff: 0.0, Sum: 0.1]
      [GC Worker Total (ms): Min: 188.0, Avg: 188.0, Max: 188.0, Diff: 0.0, Sum: 376.0]
      [GC Worker End (ms): Min: 4496899.3, Avg: 4496899.3, Max: 4496899.3, Diff: 0.0]
   [Code Root Fixup: 0.2 ms]
   [Code Root Migration: 0.0 ms]
   [Clear CT: 0.1 ms]
   [Other: 0.8 ms]
      [Choose CSet: 0.0 ms]
      [Ref Proc: 0.1 ms]
      [Ref Enq: 0.0 ms]
      [Free CSet: 0.3 ms]
   [Eden: 282.0M(282.0M)->0.0B(290.0M) Survivors: 30.0M->28.0M Heap: 1322.6M(5632.0M)->1067.6M(5632.0M)]
 [Times: user=0.38 sys=0.00, real=0.19 secs] 
2014-06-25T01:25:54.451+0000: 4496.900: Total time for which application threads were stopped: 0.1897054 seconds
2014-06-25T01:25:55.312+0000: 4497.761: [GC pause (G1 Evacuation Pause) (young)
Desired survivor size 20971520 bytes, new threshold 1 (max 15)
- age   1:   27765312 bytes,   27765312 total
, 0.1802351 secs]
   [Parallel Time: 179.1 ms, GC Workers: 2]
      [GC Worker Start (ms): Min: 4497761.4, Avg: 4497761.5, Max: 4497761.5, Diff: 0.0]
      [Ext Root Scanning (ms): Min: 1.1, Avg: 1.2, Max: 1.4, Diff: 0.3, Sum: 2.5]
      [Update RS (ms): Min: 16.5, Avg: 17.1, Max: 17.7, Diff: 1.2, Sum: 34.1]
         [Processed Buffers: Min: 13, Avg: 20.5, Max: 28, Diff: 15, Sum: 41]
      [Scan RS (ms): Min: 4.2, Avg: 4.8, Max: 5.4, Diff: 1.2, Sum: 9.6]
      [Code Root Scanning (ms): Min: 0.1, Avg: 0.1, Max: 0.1, Diff: 0.0, Sum: 0.2]
      [Object Copy (ms): Min: 155.7, Avg: 155.8, Max: 155.9, Diff: 0.2, Sum: 311.7]
      [Termination (ms): Min: 0.0, Avg: 0.0, Max: 0.0, Diff: 0.0, Sum: 0.0]
      [GC Worker Other (ms): Min: 0.0, Avg: 0.0, Max: 0.0, Diff: 0.0, Sum: 0.1]
      [GC Worker Total (ms): Min: 179.1, Avg: 179.1, Max: 179.1, Diff: 0.0, Sum: 358.1]
      [GC Worker End (ms): Min: 4497940.5, Avg: 4497940.5, Max: 4497940.5, Diff: 0.0]
   [Code Root Fixup: 0.2 ms]
   [Code Root Migration: 0.0 ms]
   [Clear CT: 0.1 ms]
   [Other: 0.8 ms]
      [Choose CSet: 0.0 ms]
      [Ref Proc: 0.1 ms]
      [Ref Enq: 0.0 ms]
      [Free CSet: 0.3 ms]
   [Eden: 290.0M(290.0M)->0.0B(304.0M) Survivors: 28.0M->28.0M Heap: 1357.6M(5632.0M)->1095.6M(5632.0M)]
 [Times: user=0.35 sys=0.00, real=0.18 secs] 
2014-06-25T01:25:55.493+0000: 4497.942: Total time for which application threads were stopped: 0.1808040 seconds
2014-06-25T01:25:56.374+0000: 4498.823: [GC pause (G1 Evacuation Pause) (young)
Desired survivor size 22020096 bytes, new threshold 1 (max 15)
- age   1:   28691320 bytes,   28691320 total
, 0.1895334 secs]
   [Parallel Time: 188.5 ms, GC Workers: 2]
      [GC Worker Start (ms): Min: 4498823.4, Avg: 4498823.4, Max: 4498823.4, Diff: 0.0]
      [Ext Root Scanning (ms): Min: 1.1, Avg: 1.2, Max: 1.4, Diff: 0.3, Sum: 2.4]
      [Update RS (ms): Min: 21.6, Avg: 21.9, Max: 22.2, Diff: 0.6, Sum: 43.7]
         [Processed Buffers: Min: 19, Avg: 25.0, Max: 31, Diff: 12, Sum: 50]
      [Scan RS (ms): Min: 3.2, Avg: 3.5, Max: 3.8, Diff: 0.6, Sum: 6.9]
      [Code Root Scanning (ms): Min: 0.1, Avg: 0.1, Max: 0.1, Diff: 0.0, Sum: 0.2]
      [Object Copy (ms): Min: 161.6, Avg: 161.7, Max: 161.9, Diff: 0.2, Sum: 323.5]
      [Termination (ms): Min: 0.0, Avg: 0.0, Max: 0.0, Diff: 0.0, Sum: 0.0]
      [GC Worker Other (ms): Min: 0.0, Avg: 0.0, Max: 0.0, Diff: 0.0, Sum: 0.1]
      [GC Worker Total (ms): Min: 188.4, Avg: 188.4, Max: 188.4, Diff: 0.0, Sum: 376.8]
      [GC Worker End (ms): Min: 4499011.8, Avg: 4499011.8, Max: 4499011.8, Diff: 0.0]
   [Code Root Fixup: 0.2 ms]
   [Code Root Migration: 0.0 ms]
   [Clear CT: 0.1 ms]
   [Other: 0.8 ms]
      [Choose CSet: 0.0 ms]
      [Ref Proc: 0.1 ms]
      [Ref Enq: 0.0 ms]
      [Free CSet: 0.3 ms]
   [Eden: 304.0M(304.0M)->0.0B(302.0M) Survivors: 28.0M->30.0M Heap: 1399.6M(5632.0M)->1125.6M(5632.0M)]
 [Times: user=0.38 sys=0.00, real=0.19 secs] 
2014-06-25T01:25:56.564+0000: 4499.013: Total time for which application threads were stopped: 0.1901111 seconds
2014-06-25T01:25:57.303+0000: 4499.752: [GC pause (G1 Evacuation Pause) (young)
Desired survivor size 22020096 bytes, new threshold 1 (max 15)
- age   1:   30143896 bytes,   30143896 total
, 0.2256776 secs]
   [Parallel Time: 224.6 ms, GC Workers: 2]
      [GC Worker Start (ms): Min: 4499752.3, Avg: 4499752.3, Max: 4499752.3, Diff: 0.0]
      [Ext Root Scanning (ms): Min: 1.1, Avg: 1.3, Max: 1.4, Diff: 0.3, Sum: 2.5]
      [Update RS (ms): Min: 20.8, Avg: 21.0, Max: 21.2, Diff: 0.3, Sum: 42.0]
         [Processed Buffers: Min: 17, Avg: 24.0, Max: 31, Diff: 14, Sum: 48]
      [Scan RS (ms): Min: 3.3, Avg: 3.5, Max: 3.6, Diff: 0.2, Sum: 6.9]
      [Code Root Scanning (ms): Min: 0.0, Avg: 0.1, Max: 0.1, Diff: 0.1, Sum: 0.2]
      [Object Copy (ms): Min: 198.6, Avg: 198.7, Max: 198.8, Diff: 0.2, Sum: 397.4]
      [Termination (ms): Min: 0.0, Avg: 0.0, Max: 0.0, Diff: 0.0, Sum: 0.0]
      [GC Worker Other (ms): Min: 0.0, Avg: 0.0, Max: 0.0, Diff: 0.0, Sum: 0.1]
      [GC Worker Total (ms): Min: 224.5, Avg: 224.5, Max: 224.5, Diff: 0.0, Sum: 449.1]
      [GC Worker End (ms): Min: 4499976.8, Avg: 4499976.8, Max: 4499976.8, Diff: 0.0]
   [Code Root Fixup: 0.2 ms]
   [Code Root Migration: 0.0 ms]
   [Clear CT: 0.1 ms]
   [Other: 0.8 ms]
      [Choose CSet: 0.0 ms]
      [Ref Proc: 0.1 ms]
      [Ref Enq: 0.0 ms]
      [Free CSet: 0.3 ms]
   [Eden: 302.0M(302.0M)->0.0B(238.0M) Survivors: 30.0M->42.0M Heap: 1427.6M(5632.0M)->1168.6M(5632.0M)]
 [Times: user=0.45 sys=0.00, real=0.23 secs] 
2014-06-25T01:25:57.529+0000: 4499.978: Total time for which application threads were stopped: 0.2262209 seconds
2014-06-25T01:25:57.740+0000: 4500.189: [GC pause (G1 Evacuation Pause) (young)
Desired survivor size 18874368 bytes, new threshold 1 (max 15)
- age   1:   44549808 bytes,   44549808 total
, 0.3378391 secs]
   [Parallel Time: 336.5 ms, GC Workers: 2]
      [GC Worker Start (ms): Min: 4500189.1, Avg: 4500189.1, Max: 4500189.1, Diff: 0.0]
      [Ext Root Scanning (ms): Min: 1.1, Avg: 1.2, Max: 1.4, Diff: 0.3, Sum: 2.5]
      [Update RS (ms): Min: 20.4, Avg: 21.3, Max: 22.2, Diff: 1.8, Sum: 42.6]
         [Processed Buffers: Min: 13, Avg: 24.0, Max: 35, Diff: 22, Sum: 48]
      [Scan RS (ms): Min: 2.6, Avg: 3.3, Max: 4.1, Diff: 1.5, Sum: 6.7]
      [Code Root Scanning (ms): Min: 0.0, Avg: 0.1, Max: 0.1, Diff: 0.1, Sum: 0.1]
      [Object Copy (ms): Min: 310.4, Avg: 310.5, Max: 310.5, Diff: 0.2, Sum: 620.9]
      [Termination (ms): Min: 0.0, Avg: 0.0, Max: 0.0, Diff: 0.0, Sum: 0.0]
      [GC Worker Other (ms): Min: 0.0, Avg: 0.0, Max: 0.0, Diff: 0.0, Sum: 0.1]
      [GC Worker Total (ms): Min: 336.4, Avg: 336.4, Max: 336.4, Diff: 0.0, Sum: 672.9]
      [GC Worker End (ms): Min: 4500525.5, Avg: 4500525.5, Max: 4500525.5, Diff: 0.0]
   [Code Root Fixup: 0.1 ms]
   [Code Root Migration: 0.0 ms]
   [Clear CT: 0.1 ms]
   [Other: 1.1 ms]
      [Choose CSet: 0.0 ms]
      [Ref Proc: 0.1 ms]
      [Ref Enq: 0.0 ms]
      [Free CSet: 0.2 ms]
   [Eden: 238.0M(238.0M)->0.0B(244.0M) Survivors: 42.0M->36.0M Heap: 1407.6M(5632.0M)->1243.6M(5632.0M)]
 [Times: user=0.67 sys=0.00, real=0.34 secs] 
2014-06-25T01:25:58.078+0000: 4500.527: Total time for which application threads were stopped: 0.3384016 seconds
2014-06-25T01:25:58.398+0000: 4500.847: [GC pause (G1 Evacuation Pause) (young)
Desired survivor size 18874368 bytes, new threshold 1 (max 15)
- age   1:   75557680 bytes,   75557680 total
, 0.3421642 secs]
   [Parallel Time: 340.8 ms, GC Workers: 2]
      [GC Worker Start (ms): Min: 4500847.6, Avg: 4500847.6, Max: 4500847.6, Diff: 0.0]
      [Ext Root Scanning (ms): Min: 1.1, Avg: 1.2, Max: 1.4, Diff: 0.3, Sum: 2.4]
      [Update RS (ms): Min: 37.6, Avg: 38.9, Max: 40.2, Diff: 2.6, Sum: 77.8]
         [Processed Buffers: Min: 17, Avg: 31.0, Max: 45, Diff: 28, Sum: 62]
      [Scan RS (ms): Min: 1.0, Avg: 2.3, Max: 3.7, Diff: 2.7, Sum: 4.7]
      [Code Root Scanning (ms): Min: 0.1, Avg: 0.1, Max: 0.1, Diff: 0.0, Sum: 0.2]
      [Object Copy (ms): Min: 298.1, Avg: 298.2, Max: 298.3, Diff: 0.1, Sum: 596.4]
      [Termination (ms): Min: 0.0, Avg: 0.0, Max: 0.0, Diff: 0.0, Sum: 0.0]
      [GC Worker Other (ms): Min: 0.0, Avg: 0.0, Max: 0.0, Diff: 0.0, Sum: 0.1]
      [GC Worker Total (ms): Min: 340.7, Avg: 340.7, Max: 340.7, Diff: 0.0, Sum: 681.5]
      [GC Worker End (ms): Min: 4501188.3, Avg: 4501188.3, Max: 4501188.3, Diff: 0.0]
   [Code Root Fixup: 0.2 ms]
   [Code Root Migration: 0.0 ms]
   [Clear CT: 0.1 ms]
   [Other: 1.1 ms]
      [Choose CSet: 0.0 ms]
      [Ref Proc: 0.1 ms]
      [Ref Enq: 0.0 ms]
      [Free CSet: 0.2 ms]
   [Eden: 244.0M(244.0M)->0.0B(244.0M) Survivors: 36.0M->36.0M Heap: 1489.6M(5632.0M)->1321.6M(5632.0M)]
 [Times: user=0.68 sys=0.01, real=0.34 secs] 
2014-06-25T01:25:58.741+0000: 4501.190: Total time for which application threads were stopped: 0.3427309 seconds
2014-06-25T01:25:59.228+0000: 4501.677: [GC pause (G1 Evacuation Pause) (young)
Desired survivor size 18874368 bytes, new threshold 1 (max 15)
- age   1:   77644928 bytes,   77644928 total
, 0.1985840 secs]
   [Parallel Time: 197.5 ms, GC Workers: 2]
      [GC Worker Start (ms): Min: 4501676.9, Avg: 4501676.9, Max: 4501676.9, Diff: 0.0]
      [Ext Root Scanning (ms): Min: 1.1, Avg: 1.2, Max: 1.4, Diff: 0.3, Sum: 2.5]
      [Update RS (ms): Min: 9.8, Avg: 10.7, Max: 11.7, Diff: 1.9, Sum: 21.4]
         [Processed Buffers: Min: 8, Avg: 17.0, Max: 26, Diff: 18, Sum: 34]
      [Scan RS (ms): Min: 0.4, Avg: 1.4, Max: 2.4, Diff: 2.0, Sum: 2.8]
      [Code Root Scanning (ms): Min: 0.0, Avg: 0.1, Max: 0.1, Diff: 0.1, Sum: 0.1]
      [Object Copy (ms): Min: 183.9, Avg: 183.9, Max: 184.0, Diff: 0.0, Sum: 367.9]
      [Termination (ms): Min: 0.0, Avg: 0.0, Max: 0.0, Diff: 0.0, Sum: 0.0]
      [GC Worker Other (ms): Min: 0.0, Avg: 0.0, Max: 0.0, Diff: 0.0, Sum: 0.1]
      [GC Worker Total (ms): Min: 197.4, Avg: 197.4, Max: 197.4, Diff: 0.0, Sum: 394.8]
      [GC Worker End (ms): Min: 4501874.3, Avg: 4501874.3, Max: 4501874.3, Diff: 0.0]
   [Code Root Fixup: 0.2 ms]
   [Code Root Migration: 0.0 ms]
   [Clear CT: 0.1 ms]
   [Other: 0.8 ms]
      [Choose CSet: 0.0 ms]
      [Ref Proc: 0.1 ms]
      [Ref Enq: 0.0 ms]
      [Free CSet: 0.2 ms]
   [Eden: 244.0M(244.0M)->0.0B(248.0M) Survivors: 36.0M->32.0M Heap: 1565.6M(5632.0M)->1354.6M(5632.0M)]
 [Times: user=0.40 sys=0.00, real=0.19 secs] 
2014-06-25T01:25:59.426+0000: 4501.876: Total time for which application threads were stopped: 0.1991652 seconds
2014-06-25T01:25:59.976+0000: 4502.426: [GC pause (G1 Evacuation Pause) (young)
Desired survivor size 18874368 bytes, new threshold 1 (max 15)
- age   1:   33060712 bytes,   33060712 total
, 0.0940876 secs]
   [Parallel Time: 93.1 ms, GC Workers: 2]
      [GC Worker Start (ms): Min: 4502425.7, Avg: 4502425.8, Max: 4502425.8, Diff: 0.0]
      [Ext Root Scanning (ms): Min: 1.1, Avg: 1.2, Max: 1.4, Diff: 0.3, Sum: 2.5]
      [Update RS (ms): Min: 5.7, Avg: 6.1, Max: 6.5, Diff: 0.8, Sum: 12.2]
         [Processed Buffers: Min: 9, Avg: 16.5, Max: 24, Diff: 15, Sum: 33]
      [Scan RS (ms): Min: 0.4, Avg: 0.8, Max: 1.1, Diff: 0.7, Sum: 1.5]
      [Code Root Scanning (ms): Min: 0.1, Avg: 0.1, Max: 0.1, Diff: 0.0, Sum: 0.1]
      [Object Copy (ms): Min: 84.7, Avg: 84.8, Max: 84.9, Diff: 0.1, Sum: 169.6]
      [Termination (ms): Min: 0.0, Avg: 0.0, Max: 0.0, Diff: 0.0, Sum: 0.0]
      [GC Worker Other (ms): Min: 0.0, Avg: 0.0, Max: 0.0, Diff: 0.0, Sum: 0.1]
      [GC Worker Total (ms): Min: 93.0, Avg: 93.0, Max: 93.0, Diff: 0.0, Sum: 185.9]
      [GC Worker End (ms): Min: 4502518.7, Avg: 4502518.7, Max: 4502518.7, Diff: 0.0]
   [Code Root Fixup: 0.2 ms]
   [Code Root Migration: 0.0 ms]
   [Clear CT: 0.1 ms]
   [Other: 0.7 ms]
      [Choose CSet: 0.0 ms]
      [Ref Proc: 0.1 ms]
      [Ref Enq: 0.0 ms]
      [Free CSet: 0.2 ms]
   [Eden: 248.0M(248.0M)->0.0B(312.0M) Survivors: 32.0M->2048.0K Heap: 1602.6M(5632.0M)->1356.6M(5632.0M)]
 [Times: user=0.19 sys=0.00, real=0.09 secs] 
2014-06-25T01:26:00.071+0000: 4502.520: Total time for which application threads were stopped: 0.0946337 seconds
2014-06-25T01:26:00.734+0000: 4503.183: [GC pause (G1 Evacuation Pause) (young)
Desired survivor size 20971520 bytes, new threshold 15 (max 15)
- age   1:     194808 bytes,     194808 total
, 0.0085885 secs]
   [Parallel Time: 7.8 ms, GC Workers: 2]
      [GC Worker Start (ms): Min: 4503183.0, Avg: 4503183.0, Max: 4503183.0, Diff: 0.0]
      [Ext Root Scanning (ms): Min: 1.1, Avg: 1.2, Max: 1.3, Diff: 0.2, Sum: 2.4]
      [Update RS (ms): Min: 5.0, Avg: 5.1, Max: 5.1, Diff: 0.1, Sum: 10.1]
         [Processed Buffers: Min: 9, Avg: 17.0, Max: 25, Diff: 16, Sum: 34]
      [Scan RS (ms): Min: 0.2, Avg: 0.2, Max: 0.2, Diff: 0.0, Sum: 0.4]
      [Code Root Scanning (ms): Min: 0.1, Avg: 0.1, Max: 0.1, Diff: 0.0, Sum: 0.2]
      [Object Copy (ms): Min: 1.1, Avg: 1.2, Max: 1.3, Diff: 0.2, Sum: 2.4]
      [Termination (ms): Min: 0.0, Avg: 0.0, Max: 0.0, Diff: 0.0, Sum: 0.0]
      [GC Worker Other (ms): Min: 0.0, Avg: 0.0, Max: 0.0, Diff: 0.0, Sum: 0.1]
      [GC Worker Total (ms): Min: 7.8, Avg: 7.8, Max: 7.8, Diff: 0.0, Sum: 15.5]
      [GC Worker End (ms): Min: 4503190.7, Avg: 4503190.7, Max: 4503190.7, Diff: 0.0]
   [Code Root Fixup: 0.2 ms]
   [Code Root Migration: 0.0 ms]
   [Clear CT: 0.1 ms]
   [Other: 0.5 ms]
      [Choose CSet: 0.0 ms]
      [Ref Proc: 0.1 ms]
      [Ref Enq: 0.0 ms]
      [Free CSet: 0.2 ms]
   [Eden: 312.0M(312.0M)->0.0B(448.0M) Survivors: 2048.0K->2048.0K Heap: 1668.6M(5632.0M)->1356.6M(5632.0M)]
 [Times: user=0.02 sys=0.00, real=0.01 secs] 
2014-06-25T01:26:00.742+0000: 4503.192: Total time for which application threads were stopped: 0.0091223 seconds
2014-06-25T01:26:01.283+0000: 4503.732: Total time for which application threads were stopped: 0.0005924 seconds
2014-06-25T01:26:01.611+0000: 4504.061: [GC pause (G1 Evacuation Pause) (young)
Desired survivor size 30408704 bytes, new threshold 15 (max 15)
- age   1:     248608 bytes,     248608 total
- age   2:     187104 bytes,     435712 total
, 0.0045835 secs]
   [Parallel Time: 3.7 ms, GC Workers: 2]
      [GC Worker Start (ms): Min: 4504060.7, Avg: 4504060.7, Max: 4504060.7, Diff: 0.0]
      [Ext Root Scanning (ms): Min: 1.1, Avg: 1.2, Max: 1.4, Diff: 0.3, Sum: 2.5]
      [Update RS (ms): Min: 0.0, Avg: 0.1, Max: 0.2, Diff: 0.1, Sum: 0.2]
         [Processed Buffers: Min: 9, Avg: 11.5, Max: 14, Diff: 5, Sum: 23]
      [Scan RS (ms): Min: 0.3, Avg: 0.3, Max: 0.3, Diff: 0.0, Sum: 0.6]
      [Code Root Scanning (ms): Min: 0.1, Avg: 0.1, Max: 0.1, Diff: 0.0, Sum: 0.2]
      [Object Copy (ms): Min: 1.8, Avg: 1.9, Max: 2.0, Diff: 0.2, Sum: 3.8]
      [Termination (ms): Min: 0.0, Avg: 0.0, Max: 0.0, Diff: 0.0, Sum: 0.0]
      [GC Worker Other (ms): Min: 0.0, Avg: 0.0, Max: 0.0, Diff: 0.0, Sum: 0.0]
      [GC Worker Total (ms): Min: 3.7, Avg: 3.7, Max: 3.7, Diff: 0.0, Sum: 7.3]
      [GC Worker End (ms): Min: 4504064.4, Avg: 4504064.4, Max: 4504064.4, Diff: 0.0]
   [Code Root Fixup: 0.2 ms]
   [Code Root Migration: 0.0 ms]
   [Clear CT: 0.2 ms]
   [Other: 0.5 ms]
      [Choose CSet: 0.0 ms]
      [Ref Proc: 0.1 ms]
      [Ref Enq: 0.0 ms]
      [Free CSet: 0.3 ms]
   [Eden: 448.0M(448.0M)->0.0B(684.0M) Survivors: 2048.0K->2048.0K Heap: 1804.6M(5632.0M)->1356.6M(5632.0M)]
 [Times: user=0.00 sys=0.00, real=0.01 secs] 
2014-06-25T01:26:01.616+0000: 4504.065: Total time for which application threads were stopped: 0.0050999 seconds
2014-06-25T01:26:03.102+0000: 4505.551: [GC pause (G1 Evacuation Pause) (young)
Desired survivor size 45088768 bytes, new threshold 15 (max 15)
- age   1:     352728 bytes,     352728 total
- age   2:     238648 bytes,     591376 total
- age   3:     187104 bytes,     778480 total
, 0.0059573 secs]
   [Parallel Time: 5.0 ms, GC Workers: 2]
      [GC Worker Start (ms): Min: 4505551.2, Avg: 4505551.3, Max: 4505551.3, Diff: 0.0]
      [Ext Root Scanning (ms): Min: 1.1, Avg: 1.2, Max: 1.4, Diff: 0.3, Sum: 2.5]
      [Update RS (ms): Min: 0.1, Avg: 0.2, Max: 0.2, Diff: 0.1, Sum: 0.3]
         [Processed Buffers: Min: 10, Avg: 11.5, Max: 13, Diff: 3, Sum: 23]
      [Scan RS (ms): Min: 0.4, Avg: 0.4, Max: 0.4, Diff: 0.0, Sum: 0.9]
      [Code Root Scanning (ms): Min: 0.2, Avg: 0.2, Max: 0.2, Diff: 0.0, Sum: 0.3]
      [Object Copy (ms): Min: 2.8, Avg: 2.9, Max: 3.0, Diff: 0.1, Sum: 5.8]
      [Termination (ms): Min: 0.0, Avg: 0.0, Max: 0.0, Diff: 0.0, Sum: 0.0]
      [GC Worker Other (ms): Min: 0.0, Avg: 0.0, Max: 0.0, Diff: 0.0, Sum: 0.1]
      [GC Worker Total (ms): Min: 4.9, Avg: 4.9, Max: 5.0, Diff: 0.0, Sum: 9.9]
      [GC Worker End (ms): Min: 4505556.2, Avg: 4505556.2, Max: 4505556.2, Diff: 0.0]
   [Code Root Fixup: 0.2 ms]
   [Code Root Migration: 0.0 ms]
   [Clear CT: 0.2 ms]
   [Other: 0.6 ms]
      [Choose CSet: 0.0 ms]
      [Ref Proc: 0.1 ms]
      [Ref Enq: 0.0 ms]
      [Free CSet: 0.4 ms]
   [Eden: 684.0M(684.0M)->0.0B(932.0M) Survivors: 2048.0K->2048.0K Heap: 2040.6M(5632.0M)->1356.3M(5632.0M)]
 [Times: user=0.01 sys=0.00, real=0.01 secs] 
2014-06-25T01:26:03.108+0000: 4505.557: Total time for which application threads were stopped: 0.0064649 seconds
2014-06-25T01:26:04.915+0000: 4507.365: [GC pause (G1 Evacuation Pause) (young)
Desired survivor size 61865984 bytes, new threshold 15 (max 15)
- age   1:     460672 bytes,     460672 total
- age   2:     336864 bytes,     797536 total
- age   3:     236584 bytes,    1034120 total
- age   4:     187072 bytes,    1221192 total
, 0.0075102 secs]
   [Parallel Time: 6.4 ms, GC Workers: 2]
      [GC Worker Start (ms): Min: 4507364.6, Avg: 4507364.6, Max: 4507364.7, Diff: 0.0]
      [Ext Root Scanning (ms): Min: 1.1, Avg: 1.2, Max: 1.4, Diff: 0.3, Sum: 2.5]
      [Update RS (ms): Min: 0.1, Avg: 0.1, Max: 0.2, Diff: 0.1, Sum: 0.3]
         [Processed Buffers: Min: 5, Avg: 9.5, Max: 14, Diff: 9, Sum: 19]
      [Scan RS (ms): Min: 0.6, Avg: 0.6, Max: 0.6, Diff: 0.0, Sum: 1.2]
      [Code Root Scanning (ms): Min: 0.2, Avg: 0.2, Max: 0.2, Diff: 0.0, Sum: 0.5]
      [Object Copy (ms): Min: 4.0, Avg: 4.1, Max: 4.2, Diff: 0.2, Sum: 8.2]
      [Termination (ms): Min: 0.0, Avg: 0.0, Max: 0.0, Diff: 0.0, Sum: 0.0]
      [GC Worker Other (ms): Min: 0.0, Avg: 0.0, Max: 0.0, Diff: 0.0, Sum: 0.1]
      [GC Worker Total (ms): Min: 6.3, Avg: 6.3, Max: 6.3, Diff: 0.0, Sum: 12.6]
      [GC Worker End (ms): Min: 4507371.0, Avg: 4507371.0, Max: 4507371.0, Diff: 0.0]
   [Code Root Fixup: 0.2 ms]
   [Code Root Migration: 0.0 ms]
   [Clear CT: 0.3 ms]
   [Other: 0.7 ms]
      [Choose CSet: 0.0 ms]
      [Ref Proc: 0.1 ms]
      [Ref Enq: 0.0 ms]
      [Free CSet: 0.5 ms]
   [Eden: 932.0M(932.0M)->0.0B(1250.0M) Survivors: 2048.0K->4096.0K Heap: 2288.3M(5632.0M)->1357.1M(5632.0M)]
 [Times: user=0.02 sys=0.00, real=0.00 secs] 
2014-06-25T01:26:04.923+0000: 4507.372: Total time for which application threads were stopped: 0.0080512 seconds
2014-06-25T01:26:07.338+0000: 4509.787: [GC pause (G1 Evacuation Pause) (young)
Desired survivor size 82837504 bytes, new threshold 15 (max 15)
- age   1:     547104 bytes,     547104 total
- age   2:     441592 bytes,     988696 total
- age   3:     336864 bytes,    1325560 total
- age   4:     236552 bytes,    1562112 total
- age   5:     187072 bytes,    1749184 total
, 0.0093042 secs]
   [Parallel Time: 7.9 ms, GC Workers: 2]
      [GC Worker Start (ms): Min: 4509786.8, Avg: 4509786.8, Max: 4509786.8, Diff: 0.0]
      [Ext Root Scanning (ms): Min: 1.1, Avg: 1.2, Max: 1.4, Diff: 0.3, Sum: 2.5]
      [Update RS (ms): Min: 0.1, Avg: 0.1, Max: 0.2, Diff: 0.1, Sum: 0.3]
         [Processed Buffers: Min: 1, Avg: 8.5, Max: 16, Diff: 15, Sum: 17]
      [Scan RS (ms): Min: 0.8, Avg: 0.8, Max: 0.8, Diff: 0.0, Sum: 1.6]
      [Code Root Scanning (ms): Min: 0.3, Avg: 0.3, Max: 0.3, Diff: 0.0, Sum: 0.6]
      [Object Copy (ms): Min: 5.2, Avg: 5.3, Max: 5.4, Diff: 0.2, Sum: 10.6]
      [Termination (ms): Min: 0.0, Avg: 0.0, Max: 0.0, Diff: 0.0, Sum: 0.0]
      [GC Worker Other (ms): Min: 0.0, Avg: 0.0, Max: 0.0, Diff: 0.0, Sum: 0.1]
      [GC Worker Total (ms): Min: 7.8, Avg: 7.8, Max: 7.8, Diff: 0.0, Sum: 15.7]
      [GC Worker End (ms): Min: 4509794.6, Avg: 4509794.6, Max: 4509794.6, Diff: 0.0]
   [Code Root Fixup: 0.2 ms]
   [Code Root Migration: 0.0 ms]
   [Clear CT: 0.3 ms]
   [Other: 0.9 ms]
      [Choose CSet: 0.0 ms]
      [Ref Proc: 0.2 ms]
      [Ref Enq: 0.0 ms]
      [Free CSet: 0.6 ms]
   [Eden: 1250.0M(1250.0M)->0.0B(1678.0M) Survivors: 4096.0K->4096.0K Heap: 2607.1M(5632.0M)->1358.1M(5632.0M)]
 [Times: user=0.01 sys=0.00, real=0.00 secs] 
2014-06-25T01:26:07.347+0000: 4509.796: Total time for which application threads were stopped: 0.0098242 seconds
2014-06-25T01:26:10.610+0000: 4513.060: [GC pause (G1 Evacuation Pause) (young)
Desired survivor size 111149056 bytes, new threshold 15 (max 15)
- age   1:     541688 bytes,     541688 total
- age   2:     534240 bytes,    1075928 total
- age   3:     441592 bytes,    1517520 total
- age   4:     336864 bytes,    1854384 total
- age   5:     236552 bytes,    2090936 total
- age   6:     187072 bytes,    2278008 total
, 0.0112517 secs]
   [Parallel Time: 9.6 ms, GC Workers: 2]
      [GC Worker Start (ms): Min: 4513059.7, Avg: 4513059.7, Max: 4513059.7, Diff: 0.0]
      [Ext Root Scanning (ms): Min: 1.1, Avg: 1.3, Max: 1.4, Diff: 0.3, Sum: 2.5]
      [Update RS (ms): Min: 0.1, Avg: 0.1, Max: 0.2, Diff: 0.1, Sum: 0.3]
         [Processed Buffers: Min: 3, Avg: 13.0, Max: 23, Diff: 20, Sum: 26]
      [Scan RS (ms): Min: 1.1, Avg: 1.1, Max: 1.1, Diff: 0.0, Sum: 2.1]
      [Code Root Scanning (ms): Min: 0.4, Avg: 0.4, Max: 0.4, Diff: 0.0, Sum: 0.8]
      [Object Copy (ms): Min: 6.5, Avg: 6.6, Max: 6.7, Diff: 0.2, Sum: 13.3]
      [Termination (ms): Min: 0.0, Avg: 0.0, Max: 0.0, Diff: 0.0, Sum: 0.0]
      [GC Worker Other (ms): Min: 0.0, Avg: 0.0, Max: 0.0, Diff: 0.0, Sum: 0.1]
      [GC Worker Total (ms): Min: 9.5, Avg: 9.5, Max: 9.5, Diff: 0.0, Sum: 19.1]
      [GC Worker End (ms): Min: 4513069.2, Avg: 4513069.2, Max: 4513069.2, Diff: 0.0]
   [Code Root Fixup: 0.2 ms]
   [Code Root Migration: 0.0 ms]
   [Clear CT: 0.4 ms]
   [Other: 1.0 ms]
      [Choose CSet: 0.0 ms]
      [Ref Proc: 0.1 ms]
      [Ref Enq: 0.0 ms]
      [Free CSet: 0.8 ms]
   [Eden: 1678.0M(1678.0M)->0.0B(2168.0M) Survivors: 4096.0K->4096.0K Heap: 3036.1M(5632.0M)->1358.6M(5632.0M)]
 [Times: user=0.02 sys=0.00, real=0.01 secs] 
2014-06-25T01:26:10.622+0000: 4513.071: Total time for which application threads were stopped: 0.0117771 seconds
2014-06-25T01:26:14.867+0000: 4517.316: [GC pause (G1 Evacuation Pause) (young)
Desired survivor size 142606336 bytes, new threshold 15 (max 15)
- age   1:     580400 bytes,     580400 total
- age   2:     532544 bytes,    1112944 total
- age   3:     534208 bytes,    1647152 total
- age   4:     439704 bytes,    2086856 total
- age   5:     336864 bytes,    2423720 total
- age   6:     236528 bytes,    2660248 total
- age   7:     187008 bytes,    2847256 total
, 0.0136726 secs]
   [Parallel Time: 11.4 ms, GC Workers: 2]
      [GC Worker Start (ms): Min: 4517315.9, Avg: 4517315.9, Max: 4517315.9, Diff: 0.0]
      [Ext Root Scanning (ms): Min: 1.1, Avg: 1.2, Max: 1.4, Diff: 0.3, Sum: 2.5]
      [Update RS (ms): Min: 0.1, Avg: 0.2, Max: 0.2, Diff: 0.1, Sum: 0.3]
         [Processed Buffers: Min: 8, Avg: 12.0, Max: 16, Diff: 8, Sum: 24]
      [Scan RS (ms): Min: 1.4, Avg: 1.4, Max: 1.4, Diff: 0.0, Sum: 2.8]
      [Code Root Scanning (ms): Min: 0.5, Avg: 0.5, Max: 0.5, Diff: 0.0, Sum: 1.1]
      [Object Copy (ms): Min: 7.9, Avg: 8.0, Max: 8.1, Diff: 0.2, Sum: 15.9]
      [Termination (ms): Min: 0.0, Avg: 0.0, Max: 0.0, Diff: 0.0, Sum: 0.0]
      [GC Worker Other (ms): Min: 0.0, Avg: 0.1, Max: 0.1, Diff: 0.0, Sum: 0.1]
      [GC Worker Total (ms): Min: 11.3, Avg: 11.3, Max: 11.4, Diff: 0.0, Sum: 22.7]
      [GC Worker End (ms): Min: 4517327.3, Avg: 4517327.3, Max: 4517327.3, Diff: 0.0]
   [Code Root Fixup: 0.2 ms]
   [Code Root Migration: 0.1 ms]
   [Clear CT: 0.6 ms]
   [Other: 1.4 ms]
      [Choose CSet: 0.0 ms]
      [Ref Proc: 0.1 ms]
      [Ref Enq: 0.0 ms]
      [Free CSet: 1.1 ms]
   [Eden: 2168.0M(2168.0M)->0.0B(2610.0M) Survivors: 4096.0K->4096.0K Heap: 3526.6M(5632.0M)->1358.6M(5632.0M)]
 [Times: user=0.02 sys=0.00, real=0.02 secs] 
2014-06-25T01:26:14.881+0000: 4517.330: Total time for which application threads were stopped: 0.0142484 seconds
2014-06-25T01:26:16.292+0000: 4518.741: Total time for which application threads were stopped: 0.0003886 seconds
2014-06-25T01:26:20.491+0000: 4522.940: [GC pause (G1 Evacuation Pause) (young)
Desired survivor size 171966464 bytes, new threshold 15 (max 15)
- age   1:     560992 bytes,     560992 total
- age   2:     566280 bytes,    1127272 total
- age   3:     532544 bytes,    1659816 total
- age   4:     534152 bytes,    2193968 total
- age   5:     439640 bytes,    2633608 total
- age   6:     336832 bytes,    2970440 total
- age   7:     236528 bytes,    3206968 total
- age   8:     187008 bytes,    3393976 total
, 0.0176313 secs]
   [Parallel Time: 15.1 ms, GC Workers: 2]
      [GC Worker Start (ms): Min: 4522940.2, Avg: 4522940.2, Max: 4522940.2, Diff: 0.0]
      [Ext Root Scanning (ms): Min: 1.1, Avg: 1.3, Max: 1.4, Diff: 0.3, Sum: 2.5]
      [Update RS (ms): Min: 0.1, Avg: 0.2, Max: 0.2, Diff: 0.1, Sum: 0.3]
         [Processed Buffers: Min: 8, Avg: 13.5, Max: 19, Diff: 11, Sum: 27]
      [Scan RS (ms): Min: 1.6, Avg: 1.6, Max: 1.7, Diff: 0.0, Sum: 3.3]
      [Code Root Scanning (ms): Min: 0.6, Avg: 0.6, Max: 0.6, Diff: 0.0, Sum: 1.3]
      [Object Copy (ms): Min: 11.2, Avg: 11.3, Max: 11.4, Diff: 0.2, Sum: 22.6]
      [Termination (ms): Min: 0.0, Avg: 0.0, Max: 0.0, Diff: 0.0, Sum: 0.0]
      [GC Worker Other (ms): Min: 0.0, Avg: 0.0, Max: 0.1, Diff: 0.0, Sum: 0.1]
      [GC Worker Total (ms): Min: 15.0, Avg: 15.0, Max: 15.1, Diff: 0.0, Sum: 30.1]
      [GC Worker End (ms): Min: 4522955.2, Avg: 4522955.3, Max: 4522955.3, Diff: 0.0]
   [Code Root Fixup: 0.2 ms]
   [Code Root Migration: 0.1 ms]
   [Clear CT: 0.7 ms]
   [Other: 1.6 ms]
      [Choose CSet: 0.0 ms]
      [Ref Proc: 0.1 ms]
      [Ref Enq: 0.0 ms]
      [Free CSet: 1.3 ms]
   [Eden: 2610.0M(2610.0M)->0.0B(3008.0M) Survivors: 4096.0K->6144.0K Heap: 3968.6M(5632.0M)->1359.6M(5632.0M)]
 [Times: user=0.03 sys=0.00, real=0.02 secs] 
2014-06-25T01:26:20.509+0000: 4522.958: Total time for which application threads were stopped: 0.0181856 seconds
2014-06-25T01:26:27.214+0000: 4529.663: [GC pause (G1 Evacuation Pause) (young)
Desired survivor size 198180864 bytes, new threshold 15 (max 15)
- age   1:     432720 bytes,     432720 total
- age   2:     534352 bytes,     967072 total
- age   3:     566000 bytes,    1533072 total
- age   4:     532512 bytes,    2065584 total
- age   5:     525944 bytes,    2591528 total
- age   6:     439640 bytes,    3031168 total
- age   7:     302000 bytes,    3333168 total
- age   8:     236504 bytes,    3569672 total
- age   9:     186976 bytes,    3756648 total
, 0.0194376 secs]
   [Parallel Time: 16.7 ms, GC Workers: 2]
      [GC Worker Start (ms): Min: 4529663.0, Avg: 4529663.0, Max: 4529663.0, Diff: 0.0]
      [Ext Root Scanning (ms): Min: 1.1, Avg: 1.2, Max: 1.4, Diff: 0.3, Sum: 2.5]
      [Update RS (ms): Min: 0.2, Avg: 0.3, Max: 0.4, Diff: 0.1, Sum: 0.6]
         [Processed Buffers: Min: 5, Avg: 15.5, Max: 26, Diff: 21, Sum: 31]
      [Scan RS (ms): Min: 1.9, Avg: 1.9, Max: 2.0, Diff: 0.1, Sum: 3.9]
      [Code Root Scanning (ms): Min: 0.7, Avg: 0.7, Max: 0.8, Diff: 0.0, Sum: 1.5]
      [Object Copy (ms): Min: 12.2, Avg: 12.3, Max: 12.4, Diff: 0.1, Sum: 24.6]
      [Termination (ms): Min: 0.0, Avg: 0.0, Max: 0.0, Diff: 0.0, Sum: 0.0]
      [GC Worker Other (ms): Min: 0.0, Avg: 0.1, Max: 0.1, Diff: 0.0, Sum: 0.1]
      [GC Worker Total (ms): Min: 16.6, Avg: 16.6, Max: 16.6, Diff: 0.0, Sum: 33.2]
      [GC Worker End (ms): Min: 4529679.6, Avg: 4529679.6, Max: 4529679.6, Diff: 0.0]
   [Code Root Fixup: 0.2 ms]
   [Code Root Migration: 0.1 ms]
   [Clear CT: 0.7 ms]
   [Other: 1.7 ms]
      [Choose CSet: 0.0 ms]
      [Ref Proc: 0.1 ms]
      [Ref Enq: 0.0 ms]
      [Free CSet: 1.5 ms]
   [Eden: 3008.0M(3008.0M)->0.0B(3086.0M) Survivors: 6144.0K->4096.0K Heap: 4367.6M(5632.0M)->1358.6M(5632.0M)]
 [Times: user=0.03 sys=0.02, real=0.02 secs] 
2014-06-25T01:26:27.233+0000: 4529.683: Total time for which application threads were stopped: 0.0200023 seconds
2014-06-25T01:26:33.380+0000: 4535.829: [GC pause (G1 Evacuation Pause) (young)
Desired survivor size 203423744 bytes, new threshold 15 (max 15)
- age   1:     345912 bytes,     345912 total
- age   2:     415928 bytes,     761840 total
- age   3:     534200 bytes,    1296040 total
- age   4:     566000 bytes,    1862040 total
- age   5:     532512 bytes,    2394552 total
- age   6:     525920 bytes,    2920472 total
- age   7:     439640 bytes,    3360112 total
- age   8:     301960 bytes,    3662072 total
- age   9:     236504 bytes,    3898576 total
- age  10:     186976 bytes,    4085552 total
, 0.0198306 secs]
   [Parallel Time: 17.1 ms, GC Workers: 2]
      [GC Worker Start (ms): Min: 4535829.1, Avg: 4535829.1, Max: 4535829.1, Diff: 0.0]
      [Ext Root Scanning (ms): Min: 1.1, Avg: 1.2, Max: 1.3, Diff: 0.2, Sum: 2.4]
      [Update RS (ms): Min: 0.2, Avg: 0.2, Max: 0.2, Diff: 0.0, Sum: 0.5]
         [Processed Buffers: Min: 1, Avg: 14.0, Max: 27, Diff: 26, Sum: 28]
      [Scan RS (ms): Min: 1.9, Avg: 1.9, Max: 2.0, Diff: 0.1, Sum: 3.8]
      [Code Root Scanning (ms): Min: 0.7, Avg: 0.7, Max: 0.8, Diff: 0.0, Sum: 1.5]
      [Object Copy (ms): Min: 12.8, Avg: 12.9, Max: 13.0, Diff: 0.2, Sum: 25.8]
      [Termination (ms): Min: 0.0, Avg: 0.0, Max: 0.0, Diff: 0.0, Sum: 0.0]
      [GC Worker Other (ms): Min: 0.0, Avg: 0.1, Max: 0.1, Diff: 0.0, Sum: 0.1]
      [GC Worker Total (ms): Min: 17.0, Avg: 17.0, Max: 17.0, Diff: 0.0, Sum: 34.1]
      [GC Worker End (ms): Min: 4535846.1, Avg: 4535846.1, Max: 4535846.1, Diff: 0.0]
   [Code Root Fixup: 0.2 ms]
   [Code Root Migration: 0.1 ms]
   [Clear CT: 0.7 ms]
   [Other: 1.7 ms]
      [Choose CSet: 0.0 ms]
      [Ref Proc: 0.1 ms]
      [Ref Enq: 0.0 ms]
      [Free CSet: 1.5 ms]
   [Eden: 3086.0M(3086.0M)->0.0B(3372.0M) Survivors: 4096.0K->6144.0K Heap: 4444.6M(5632.0M)->1360.6M(5632.0M)]
 [Times: user=0.03 sys=0.00, real=0.02 secs] 
2014-06-25T01:26:33.400+0000: 4535.849: Total time for which application threads were stopped: 0.0203883 seconds
2014-06-25T01:26:40.457+0000: 4542.906: [GC pause (G1 Evacuation Pause) (young)
Desired survivor size 222298112 bytes, new threshold 15 (max 15)
- age   1:     234968 bytes,     234968 total
- age   2:     332928 bytes,     567896 total
- age   3:     415616 bytes,     983512 total
- age   4:     534200 bytes,    1517712 total
- age   5:     565976 bytes,    2083688 total
- age   6:     532512 bytes,    2616200 total
- age   7:     525920 bytes,    3142120 total
- age   8:     439640 bytes,    3581760 total
- age   9:     301960 bytes,    3883720 total
- age  10:     236504 bytes,    4120224 total
- age  11:     186976 bytes,    4307200 total
, 0.0209273 secs]
   [Parallel Time: 17.9 ms, GC Workers: 2]
      [GC Worker Start (ms): Min: 4542906.0, Avg: 4542906.0, Max: 4542906.0, Diff: 0.0]
      [Ext Root Scanning (ms): Min: 1.1, Avg: 1.2, Max: 1.4, Diff: 0.3, Sum: 2.5]
      [Update RS (ms): Min: 0.2, Avg: 0.3, Max: 0.4, Diff: 0.2, Sum: 0.6]
         [Processed Buffers: Min: 3, Avg: 15.0, Max: 27, Diff: 24, Sum: 30]
      [Scan RS (ms): Min: 2.1, Avg: 2.1, Max: 2.2, Diff: 0.1, Sum: 4.3]
      [Code Root Scanning (ms): Min: 0.8, Avg: 0.8, Max: 0.8, Diff: 0.0, Sum: 1.6]
      [Object Copy (ms): Min: 13.2, Avg: 13.3, Max: 13.3, Diff: 0.2, Sum: 26.5]
      [Termination (ms): Min: 0.0, Avg: 0.0, Max: 0.0, Diff: 0.0, Sum: 0.0]
      [GC Worker Other (ms): Min: 0.0, Avg: 0.0, Max: 0.1, Diff: 0.0, Sum: 0.1]
      [GC Worker Total (ms): Min: 17.8, Avg: 17.8, Max: 17.8, Diff: 0.0, Sum: 35.6]
      [GC Worker End (ms): Min: 4542923.8, Avg: 4542923.8, Max: 4542923.8, Diff: 0.0]
   [Code Root Fixup: 0.2 ms]
   [Code Root Migration: 0.2 ms]
   [Clear CT: 0.8 ms]
   [Other: 1.9 ms]
      [Choose CSet: 0.0 ms]
      [Ref Proc: 0.1 ms]
      [Ref Enq: 0.0 ms]
      [Free CSet: 1.7 ms]
   [Eden: 3372.0M(3372.0M)->0.0B(3372.0M) Survivors: 6144.0K->6144.0K Heap: 4732.6M(5632.0M)->1360.6M(5632.0M)]
 [Times: user=0.03 sys=0.00, real=0.02 secs] 
2014-06-25T01:26:40.478+0000: 4542.927: Total time for which application threads were stopped: 0.0215047 seconds
2014-06-25T01:26:47.013+0000: 4549.462: [GC pause (G1 Evacuation Pause) (young)
Desired survivor size 222298112 bytes, new threshold 15 (max 15)
- age   1:     205080 bytes,     205080 total
- age   2:     203160 bytes,     408240 total
- age   3:     318752 bytes,     726992 total
- age   4:     415592 bytes,    1142584 total
- age   5:     534176 bytes,    1676760 total
- age   6:     565976 bytes,    2242736 total
- age   7:     532512 bytes,    2775248 total
- age   8:     525920 bytes,    3301168 total
- age   9:     439640 bytes,    3740808 total
- age  10:     301960 bytes,    4042768 total
- age  11:     236504 bytes,    4279272 total
- age  12:     186976 bytes,    4466248 total
, 0.0178683 secs]
   [Parallel Time: 15.0 ms, GC Workers: 2]
      [GC Worker Start (ms): Min: 4549461.8, Avg: 4549461.8, Max: 4549461.9, Diff: 0.0]
      [Ext Root Scanning (ms): Min: 1.1, Avg: 1.2, Max: 1.4, Diff: 0.3, Sum: 2.4]
      [Update RS (ms): Min: 0.2, Avg: 0.3, Max: 0.3, Diff: 0.1, Sum: 0.5]
         [Processed Buffers: Min: 1, Avg: 12.0, Max: 23, Diff: 22, Sum: 24]
      [Scan RS (ms): Min: 2.1, Avg: 2.2, Max: 2.2, Diff: 0.1, Sum: 4.3]
      [Code Root Scanning (ms): Min: 0.8, Avg: 0.8, Max: 0.8, Diff: 0.0, Sum: 1.6]
      [Object Copy (ms): Min: 10.4, Avg: 10.5, Max: 10.6, Diff: 0.2, Sum: 21.0]
      [Termination (ms): Min: 0.0, Avg: 0.0, Max: 0.0, Diff: 0.0, Sum: 0.0]
      [GC Worker Other (ms): Min: 0.0, Avg: 0.0, Max: 0.1, Diff: 0.0, Sum: 0.1]
      [GC Worker Total (ms): Min: 15.0, Avg: 15.0, Max: 15.0, Diff: 0.0, Sum: 29.9]
      [GC Worker End (ms): Min: 4549476.8, Avg: 4549476.8, Max: 4549476.8, Diff: 0.0]
   [Code Root Fixup: 0.2 ms]
   [Code Root Migration: 0.1 ms]
   [Clear CT: 0.8 ms]
   [Other: 1.8 ms]
      [Choose CSet: 0.0 ms]
      [Ref Proc: 0.1 ms]
      [Ref Enq: 0.0 ms]
      [Free CSet: 1.6 ms]
   [Eden: 3372.0M(3372.0M)->0.0B(3372.0M) Survivors: 6144.0K->6144.0K Heap: 4732.6M(5632.0M)->1360.6M(5632.0M)]
 [Times: user=0.03 sys=0.00, real=0.02 secs] 
2014-06-25T01:26:47.031+0000: 4549.480: Total time for which application threads were stopped: 0.0184145 seconds
2014-06-25T01:26:53.561+0000: 4556.010: [GC pause (G1 Evacuation Pause) (young)
Desired survivor size 222298112 bytes, new threshold 15 (max 15)
- age   1:     126160 bytes,     126160 total
- age   2:     188936 bytes,     315096 total
- age   3:     203064 bytes,     518160 total
- age   4:     318728 bytes,     836888 total
- age   5:     415592 bytes,    1252480 total
- age   6:     534176 bytes,    1786656 total
- age   7:     565976 bytes,    2352632 total
- age   8:     532512 bytes,    2885144 total
- age   9:     525920 bytes,    3411064 total
- age  10:     439640 bytes,    3850704 total
- age  11:     301960 bytes,    4152664 total
- age  12:     236504 bytes,    4389168 total
- age  13:     186976 bytes,    4576144 total
, 0.0180280 secs]
   [Parallel Time: 15.2 ms, GC Workers: 2]
      [GC Worker Start (ms): Min: 4556010.2, Avg: 4556010.3, Max: 4556010.3, Diff: 0.0]
      [Ext Root Scanning (ms): Min: 1.1, Avg: 1.2, Max: 1.3, Diff: 0.2, Sum: 2.4]
      [Update RS (ms): Min: 0.2, Avg: 0.3, Max: 0.3, Diff: 0.1, Sum: 0.5]
         [Processed Buffers: Min: 1, Avg: 12.0, Max: 23, Diff: 22, Sum: 24]
      [Scan RS (ms): Min: 2.1, Avg: 2.1, Max: 2.2, Diff: 0.1, Sum: 4.3]
      [Code Root Scanning (ms): Min: 0.8, Avg: 0.8, Max: 0.9, Diff: 0.1, Sum: 1.6]
      [Object Copy (ms): Min: 10.6, Avg: 10.7, Max: 10.7, Diff: 0.2, Sum: 21.3]
      [Termination (ms): Min: 0.0, Avg: 0.0, Max: 0.0, Diff: 0.0, Sum: 0.0]
      [GC Worker Other (ms): Min: 0.0, Avg: 0.0, Max: 0.1, Diff: 0.0, Sum: 0.1]
      [GC Worker Total (ms): Min: 15.1, Avg: 15.1, Max: 15.1, Diff: 0.0, Sum: 30.3]
      [GC Worker End (ms): Min: 4556025.4, Avg: 4556025.4, Max: 4556025.4, Diff: 0.0]
   [Code Root Fixup: 0.2 ms]
   [Code Root Migration: 0.1 ms]
   [Clear CT: 0.8 ms]
   [Other: 1.8 ms]
      [Choose CSet: 0.0 ms]
      [Ref Proc: 0.1 ms]
      [Ref Enq: 0.0 ms]
      [Free CSet: 1.6 ms]
   [Eden: 3372.0M(3372.0M)->0.0B(3372.0M) Survivors: 6144.0K->6144.0K Heap: 4732.6M(5632.0M)->1360.6M(5632.0M)]
 [Times: user=0.04 sys=0.00, real=0.02 secs] 
2014-06-25T01:26:53.579+0000: 4556.028: Total time for which application threads were stopped: 0.0185997 seconds
2014-06-25T01:27:00.107+0000: 4562.556: [GC pause (G1 Evacuation Pause) (young)
Desired survivor size 222298112 bytes, new threshold 15 (max 15)
- age   1:      97168 bytes,      97168 total
- age   2:     113616 bytes,     210784 total
- age   3:     188656 bytes,     399440 total
- age   4:     203008 bytes,     602448 total
- age   5:     318728 bytes,     921176 total
- age   6:     415592 bytes,    1336768 total
- age   7:     534176 bytes,    1870944 total
- age   8:     565976 bytes,    2436920 total
- age   9:     532512 bytes,    2969432 total
- age  10:     525920 bytes,    3495352 total
- age  11:     439640 bytes,    3934992 total
- age  12:     301960 bytes,    4236952 total
- age  13:     236504 bytes,    4473456 total
- age  14:     186976 bytes,    4660432 total
, 0.0185070 secs]
   [Parallel Time: 15.6 ms, GC Workers: 2]
      [GC Worker Start (ms): Min: 4562556.0, Avg: 4562556.0, Max: 4562556.0, Diff: 0.0]
      [Ext Root Scanning (ms): Min: 1.1, Avg: 1.2, Max: 1.4, Diff: 0.3, Sum: 2.5]
      [Update RS (ms): Min: 0.2, Avg: 0.3, Max: 0.3, Diff: 0.1, Sum: 0.5]
         [Processed Buffers: Min: 5, Avg: 12.5, Max: 20, Diff: 15, Sum: 25]
      [Scan RS (ms): Min: 2.2, Avg: 2.2, Max: 2.2, Diff: 0.0, Sum: 4.3]
      [Code Root Scanning (ms): Min: 0.8, Avg: 0.8, Max: 0.8, Diff: 0.0, Sum: 1.7]
      [Object Copy (ms): Min: 10.9, Avg: 11.0, Max: 11.0, Diff: 0.2, Sum: 21.9]
      [Termination (ms): Min: 0.0, Avg: 0.0, Max: 0.0, Diff: 0.0, Sum: 0.0]
      [GC Worker Other (ms): Min: 0.0, Avg: 0.0, Max: 0.1, Diff: 0.0, Sum: 0.1]
      [GC Worker Total (ms): Min: 15.5, Avg: 15.5, Max: 15.5, Diff: 0.0, Sum: 31.1]
      [GC Worker End (ms): Min: 4562571.5, Avg: 4562571.5, Max: 4562571.5, Diff: 0.0]
   [Code Root Fixup: 0.2 ms]
   [Code Root Migration: 0.1 ms]
   [Clear CT: 0.8 ms]
   [Other: 1.8 ms]
      [Choose CSet: 0.0 ms]
      [Ref Proc: 0.1 ms]
      [Ref Enq: 0.0 ms]
      [Free CSet: 1.6 ms]
   [Eden: 3372.0M(3372.0M)->0.0B(3372.0M) Survivors: 6144.0K->6144.0K Heap: 4732.6M(5632.0M)->1360.6M(5632.0M)]
 [Times: user=0.03 sys=0.00, real=0.02 secs] 
2014-06-25T01:27:00.125+0000: 4562.575: Total time for which application threads were stopped: 0.0190582 seconds
2014-06-25T01:27:06.991+0000: 4569.440: [GC pause (G1 Evacuation Pause) (young)
Desired survivor size 222298112 bytes, new threshold 15 (max 15)
- age   1:     130160 bytes,     130160 total
- age   2:      84848 bytes,     215008 total
- age   3:     113528 bytes,     328536 total
- age   4:     188632 bytes,     517168 total
- age   5:     202888 bytes,     720056 total
- age   6:     318728 bytes,    1038784 total
- age   7:     415592 bytes,    1454376 total
- age   8:     534176 bytes,    1988552 total
- age   9:     565976 bytes,    2554528 total
- age  10:     532512 bytes,    3087040 total
- age  11:     525920 bytes,    3612960 total
- age  12:     439640 bytes,    4052600 total
- age  13:     301960 bytes,    4354560 total
- age  14:     236504 bytes,    4591064 total
- age  15:     186976 bytes,    4778040 total
, 0.0193903 secs]
   [Parallel Time: 16.2 ms, GC Workers: 2]
      [GC Worker Start (ms): Min: 4569440.2, Avg: 4569440.2, Max: 4569440.2, Diff: 0.0]
      [Ext Root Scanning (ms): Min: 1.1, Avg: 1.3, Max: 1.4, Diff: 0.3, Sum: 2.5]
      [Update RS (ms): Min: 0.2, Avg: 0.3, Max: 0.3, Diff: 0.1, Sum: 0.5]
         [Processed Buffers: Min: 1, Avg: 12.0, Max: 23, Diff: 22, Sum: 24]
      [Scan RS (ms): Min: 2.1, Avg: 2.1, Max: 2.2, Diff: 0.2, Sum: 4.3]
      [Code Root Scanning (ms): Min: 0.8, Avg: 0.8, Max: 0.8, Diff: 0.0, Sum: 1.7]
      [Object Copy (ms): Min: 11.5, Avg: 11.6, Max: 11.7, Diff: 0.2, Sum: 23.1]
      [Termination (ms): Min: 0.0, Avg: 0.0, Max: 0.0, Diff: 0.0, Sum: 0.0]
      [GC Worker Other (ms): Min: 0.0, Avg: 0.1, Max: 0.1, Diff: 0.0, Sum: 0.1]
      [GC Worker Total (ms): Min: 16.1, Avg: 16.1, Max: 16.1, Diff: 0.0, Sum: 32.3]
      [GC Worker End (ms): Min: 4569456.3, Avg: 4569456.3, Max: 4569456.3, Diff: 0.0]
   [Code Root Fixup: 0.2 ms]
   [Code Root Migration: 0.2 ms]
   [Clear CT: 0.8 ms]
   [Other: 1.9 ms]
      [Choose CSet: 0.0 ms]
      [Ref Proc: 0.1 ms]
      [Ref Enq: 0.0 ms]
      [Free CSet: 1.7 ms]
   [Eden: 3372.0M(3372.0M)->0.0B(3372.0M) Survivors: 6144.0K->6144.0K Heap: 4732.6M(5632.0M)->1360.8M(5632.0M)]
 [Times: user=0.03 sys=0.01, real=0.02 secs] 
2014-06-25T01:27:07.011+0000: 4569.460: Total time for which application threads were stopped: 0.0200232 seconds
2014-06-25T01:27:13.628+0000: 4576.077: [GC pause (G1 Evacuation Pause) (young)
Desired survivor size 222298112 bytes, new threshold 15 (max 15)
- age   1:      99616 bytes,      99616 total
- age   2:     113696 bytes,     213312 total
- age   3:      84728 bytes,     298040 total
- age   4:     113504 bytes,     411544 total
- age   5:     188608 bytes,     600152 total
- age   6:     202888 bytes,     803040 total
- age   7:     318728 bytes,    1121768 total
- age   8:     415592 bytes,    1537360 total
- age   9:     534176 bytes,    2071536 total
- age  10:     565976 bytes,    2637512 total
- age  11:     532512 bytes,    3170024 total
- age  12:     525920 bytes,    3695944 total
- age  13:     439640 bytes,    4135584 total
- age  14:     301960 bytes,    4437544 total
- age  15:     236504 bytes,    4674048 total
, 0.0190560 secs]
   [Parallel Time: 16.0 ms, GC Workers: 2]
      [GC Worker Start (ms): Min: 4576077.6, Avg: 4576077.6, Max: 4576077.6, Diff: 0.0]
      [Ext Root Scanning (ms): Min: 1.1, Avg: 1.2, Max: 1.3, Diff: 0.2, Sum: 2.4]
      [Update RS (ms): Min: 0.7, Avg: 0.7, Max: 0.7, Diff: 0.1, Sum: 1.4]
         [Processed Buffers: Min: 8, Avg: 12.5, Max: 17, Diff: 9, Sum: 25]
      [Scan RS (ms): Min: 2.1, Avg: 2.1, Max: 2.1, Diff: 0.1, Sum: 4.2]
      [Code Root Scanning (ms): Min: 0.8, Avg: 0.8, Max: 0.8, Diff: 0.0, Sum: 1.6]
      [Object Copy (ms): Min: 10.9, Avg: 11.0, Max: 11.0, Diff: 0.1, Sum: 22.0]
      [Termination (ms): Min: 0.0, Avg: 0.0, Max: 0.0, Diff: 0.0, Sum: 0.0]
      [GC Worker Other (ms): Min: 0.0, Avg: 0.1, Max: 0.1, Diff: 0.0, Sum: 0.1]
      [GC Worker Total (ms): Min: 15.9, Avg: 15.9, Max: 15.9, Diff: 0.0, Sum: 31.8]
      [GC Worker End (ms): Min: 4576093.5, Avg: 4576093.5, Max: 4576093.5, Diff: 0.0]
   [Code Root Fixup: 0.2 ms]
   [Code Root Migration: 0.2 ms]
   [Clear CT: 0.8 ms]
   [Other: 1.9 ms]
      [Choose CSet: 0.0 ms]
      [Ref Proc: 0.1 ms]
      [Ref Enq: 0.0 ms]
      [Free CSet: 1.7 ms]
   [Eden: 3372.0M(3372.0M)->0.0B(3372.0M) Survivors: 6144.0K->6144.0K Heap: 4732.8M(5632.0M)->1361.0M(5632.0M)]
 [Times: user=0.03 sys=0.00, real=0.02 secs] 
2014-06-25T01:27:13.648+0000: 4576.097: Total time for which application threads were stopped: 0.0196269 seconds
2014-06-25T01:27:20.214+0000: 4582.663: [GC pause (G1 Evacuation Pause) (young)
Desired survivor size 222298112 bytes, new threshold 15 (max 15)
- age   1:     101296 bytes,     101296 total
- age   2:      87296 bytes,     188592 total
- age   3:     113408 bytes,     302000 total
- age   4:      84704 bytes,     386704 total
- age   5:     113504 bytes,     500208 total
- age   6:     188608 bytes,     688816 total
- age   7:     202888 bytes,     891704 total
- age   8:     318728 bytes,    1210432 total
- age   9:     415592 bytes,    1626024 total
- age  10:     534176 bytes,    2160200 total
- age  11:     565976 bytes,    2726176 total
- age  12:     532512 bytes,    3258688 total
- age  13:     525920 bytes,    3784608 total
- age  14:     439640 bytes,    4224248 total
- age  15:     301960 bytes,    4526208 total
, 0.0188634 secs]
   [Parallel Time: 15.8 ms, GC Workers: 2]
      [GC Worker Start (ms): Min: 4582663.4, Avg: 4582663.4, Max: 4582663.4, Diff: 0.0]
      [Ext Root Scanning (ms): Min: 1.1, Avg: 1.2, Max: 1.4, Diff: 0.3, Sum: 2.5]
      [Update RS (ms): Min: 0.7, Avg: 0.8, Max: 0.9, Diff: 0.2, Sum: 1.7]
         [Processed Buffers: Min: 3, Avg: 13.0, Max: 23, Diff: 20, Sum: 26]
      [Scan RS (ms): Min: 2.1, Avg: 2.1, Max: 2.2, Diff: 0.0, Sum: 4.3]
      [Code Root Scanning (ms): Min: 0.8, Avg: 0.8, Max: 0.9, Diff: 0.1, Sum: 1.6]
      [Object Copy (ms): Min: 10.6, Avg: 10.6, Max: 10.7, Diff: 0.1, Sum: 21.3]
      [Termination (ms): Min: 0.0, Avg: 0.0, Max: 0.0, Diff: 0.0, Sum: 0.0]
      [GC Worker Other (ms): Min: 0.0, Avg: 0.1, Max: 0.1, Diff: 0.0, Sum: 0.1]
      [GC Worker Total (ms): Min: 15.7, Avg: 15.7, Max: 15.7, Diff: 0.0, Sum: 31.4]
      [GC Worker End (ms): Min: 4582679.1, Avg: 4582679.1, Max: 4582679.2, Diff: 0.0]
   [Code Root Fixup: 0.2 ms]
   [Code Root Migration: 0.2 ms]
   [Clear CT: 0.8 ms]
   [Other: 1.9 ms]
      [Choose CSet: 0.0 ms]
      [Ref Proc: 0.1 ms]
      [Ref Enq: 0.0 ms]
      [Free CSet: 1.6 ms]
   [Eden: 3372.0M(3372.0M)->0.0B(3372.0M) Survivors: 6144.0K->6144.0K Heap: 4733.0M(5632.0M)->1361.4M(5632.0M)]
 [Times: user=0.03 sys=0.00, real=0.02 secs] 
2014-06-25T01:27:20.233+0000: 4582.682: Total time for which application threads were stopped: 0.0194188 seconds
2014-06-25T01:27:26.904+0000: 4589.353: [GC pause (G1 Evacuation Pause) (young)
Desired survivor size 222298112 bytes, new threshold 15 (max 15)
- age   1:      97680 bytes,      97680 total
- age   2:      84088 bytes,     181768 total
- age   3:      87208 bytes,     268976 total
- age   4:     113384 bytes,     382360 total
- age   5:      84704 bytes,     467064 total
- age   6:     113504 bytes,     580568 total
- age   7:     188608 bytes,     769176 total
- age   8:     202888 bytes,     972064 total
- age   9:     318728 bytes,    1290792 total
- age  10:     415496 bytes,    1706288 total
- age  11:     534176 bytes,    2240464 total
- age  12:     565976 bytes,    2806440 total
- age  13:     532512 bytes,    3338952 total
- age  14:     525920 bytes,    3864872 total
- age  15:     439640 bytes,    4304512 total
, 0.0182419 secs]
   [Parallel Time: 15.4 ms, GC Workers: 2]
      [GC Worker Start (ms): Min: 4589352.9, Avg: 4589352.9, Max: 4589352.9, Diff: 0.0]
      [Ext Root Scanning (ms): Min: 1.1, Avg: 1.2, Max: 1.3, Diff: 0.3, Sum: 2.4]
      [Update RS (ms): Min: 0.9, Avg: 1.0, Max: 1.2, Diff: 0.3, Sum: 2.1]
         [Processed Buffers: Min: 2, Avg: 13.0, Max: 24, Diff: 22, Sum: 26]
      [Scan RS (ms): Min: 2.0, Avg: 2.1, Max: 2.3, Diff: 0.3, Sum: 4.3]
      [Code Root Scanning (ms): Min: 0.8, Avg: 0.8, Max: 0.8, Diff: 0.1, Sum: 1.6]
      [Object Copy (ms): Min: 10.0, Avg: 10.1, Max: 10.2, Diff: 0.2, Sum: 20.2]
      [Termination (ms): Min: 0.0, Avg: 0.0, Max: 0.0, Diff: 0.0, Sum: 0.0]
      [GC Worker Other (ms): Min: 0.0, Avg: 0.1, Max: 0.1, Diff: 0.0, Sum: 0.1]
      [GC Worker Total (ms): Min: 15.3, Avg: 15.3, Max: 15.4, Diff: 0.0, Sum: 30.7]
      [GC Worker End (ms): Min: 4589368.2, Avg: 4589368.2, Max: 4589368.2, Diff: 0.0]
   [Code Root Fixup: 0.2 ms]
   [Code Root Migration: 0.1 ms]
   [Clear CT: 0.8 ms]
   [Other: 1.8 ms]
      [Choose CSet: 0.0 ms]
      [Ref Proc: 0.1 ms]
      [Ref Enq: 0.0 ms]
      [Free CSet: 1.5 ms]
   [Eden: 3372.0M(3372.0M)->0.0B(3374.0M) Survivors: 6144.0K->4096.0K Heap: 4733.4M(5632.0M)->1360.0M(5632.0M)]
 [Times: user=0.03 sys=0.00, real=0.01 secs] 
2014-06-25T01:27:26.922+0000: 4589.371: Total time for which application threads were stopped: 0.0188333 seconds
2014-06-25T01:27:33.481+0000: 4595.930: [GC pause (G1 Evacuation Pause) (young)
Desired survivor size 222298112 bytes, new threshold 15 (max 15)
- age   1:      76928 bytes,      76928 total
- age   2:      85608 bytes,     162536 total
- age   3:      83968 bytes,     246504 total
- age   4:      87160 bytes,     333664 total
- age   5:     113384 bytes,     447048 total
- age   6:      84704 bytes,     531752 total
- age   7:     113504 bytes,     645256 total
- age   8:     188608 bytes,     833864 total
- age   9:     202888 bytes,    1036752 total
- age  10:     318728 bytes,    1355480 total
- age  11:     415496 bytes,    1770976 total
- age  12:     534176 bytes,    2305152 total
- age  13:     565976 bytes,    2871128 total
- age  14:     532512 bytes,    3403640 total
- age  15:     525920 bytes,    3929560 total
, 0.0180079 secs]
   [Parallel Time: 15.0 ms, GC Workers: 2]
      [GC Worker Start (ms): Min: 4595930.4, Avg: 4595930.4, Max: 4595930.4, Diff: 0.0]
      [Ext Root Scanning (ms): Min: 1.1, Avg: 1.2, Max: 1.4, Diff: 0.3, Sum: 2.5]
      [Update RS (ms): Min: 1.3, Avg: 1.4, Max: 1.4, Diff: 0.0, Sum: 2.7]
         [Processed Buffers: Min: 3, Avg: 14.0, Max: 25, Diff: 22, Sum: 28]
      [Scan RS (ms): Min: 2.1, Avg: 2.2, Max: 2.2, Diff: 0.1, Sum: 4.3]
      [Code Root Scanning (ms): Min: 0.8, Avg: 0.8, Max: 0.9, Diff: 0.1, Sum: 1.6]
      [Object Copy (ms): Min: 9.2, Avg: 9.3, Max: 9.4, Diff: 0.2, Sum: 18.6]
      [Termination (ms): Min: 0.0, Avg: 0.0, Max: 0.0, Diff: 0.0, Sum: 0.0]
      [GC Worker Other (ms): Min: 0.0, Avg: 0.0, Max: 0.1, Diff: 0.0, Sum: 0.1]
      [GC Worker Total (ms): Min: 14.9, Avg: 14.9, Max: 14.9, Diff: 0.0, Sum: 29.8]
      [GC Worker End (ms): Min: 4595945.3, Avg: 4595945.3, Max: 4595945.3, Diff: 0.0]
   [Code Root Fixup: 0.2 ms]
   [Code Root Migration: 0.2 ms]
   [Clear CT: 0.8 ms]
   [Other: 1.9 ms]
      [Choose CSet: 0.0 ms]
      [Ref Proc: 0.1 ms]
      [Ref Enq: 0.0 ms]
      [Free CSet: 1.6 ms]
   [Eden: 3374.0M(3374.0M)->0.0B(3374.0M) Survivors: 4096.0K->4096.0K Heap: 4734.0M(5632.0M)->1360.8M(5632.0M)]
 [Times: user=0.04 sys=0.00, real=0.02 secs] 
2014-06-25T01:27:33.499+0000: 4595.949: Total time for which application threads were stopped: 0.0186188 seconds
2014-06-25T01:27:40.056+0000: 4602.506: [GC pause (G1 Evacuation Pause) (young)
Desired survivor size 222298112 bytes, new threshold 15 (max 15)
- age   1:      79536 bytes,      79536 total
- age   2:      62008 bytes,     141544 total
- age   3:      85352 bytes,     226896 total
- age   4:      83944 bytes,     310840 total
- age   5:      87160 bytes,     398000 total
- age   6:     113264 bytes,     511264 total
- age   7:      84704 bytes,     595968 total
- age   8:     113504 bytes,     709472 total
- age   9:     188608 bytes,     898080 total
- age  10:     202856 bytes,    1100936 total
- age  11:     318728 bytes,    1419664 total
- age  12:     415496 bytes,    1835160 total
- age  13:     534176 bytes,    2369336 total
- age  14:     565976 bytes,    2935312 total
- age  15:     532512 bytes,    3467824 total
, 0.0172966 secs]
   [Parallel Time: 14.3 ms, GC Workers: 2]
      [GC Worker Start (ms): Min: 4602505.7, Avg: 4602505.7, Max: 4602505.7, Diff: 0.0]
      [Ext Root Scanning (ms): Min: 1.1, Avg: 1.2, Max: 1.3, Diff: 0.2, Sum: 2.4]
      [Update RS (ms): Min: 1.6, Avg: 1.7, Max: 1.8, Diff: 0.1, Sum: 3.4]
         [Processed Buffers: Min: 3, Avg: 15.5, Max: 28, Diff: 25, Sum: 31]
      [Scan RS (ms): Min: 2.1, Avg: 2.2, Max: 2.2, Diff: 0.2, Sum: 4.3]
      [Code Root Scanning (ms): Min: 0.8, Avg: 0.8, Max: 0.8, Diff: 0.0, Sum: 1.6]
      [Object Copy (ms): Min: 8.2, Avg: 8.3, Max: 8.4, Diff: 0.2, Sum: 16.5]
      [Termination (ms): Min: 0.0, Avg: 0.0, Max: 0.0, Diff: 0.0, Sum: 0.0]
      [GC Worker Other (ms): Min: 0.0, Avg: 0.1, Max: 0.1, Diff: 0.0, Sum: 0.1]
      [GC Worker Total (ms): Min: 14.2, Avg: 14.2, Max: 14.2, Diff: 0.0, Sum: 28.4]
      [GC Worker End (ms): Min: 4602519.9, Avg: 4602519.9, Max: 4602519.9, Diff: 0.0]
   [Code Root Fixup: 0.2 ms]
   [Code Root Migration: 0.2 ms]
   [Clear CT: 0.8 ms]
   [Other: 1.9 ms]
      [Choose CSet: 0.0 ms]
      [Ref Proc: 0.1 ms]
      [Ref Enq: 0.0 ms]
      [Free CSet: 1.6 ms]
   [Eden: 3374.0M(3374.0M)->0.0B(3374.0M) Survivors: 4096.0K->4096.0K Heap: 4734.8M(5632.0M)->1361.7M(5632.0M)]
 [Times: user=0.03 sys=0.00, real=0.02 secs] 
2014-06-25T01:27:40.074+0000: 4602.523: Total time for which application threads were stopped: 0.0178529 seconds
2014-06-25T01:27:46.616+0000: 4609.066: [GC pause (G1 Evacuation Pause) (young)
Desired survivor size 222298112 bytes, new threshold 15 (max 15)
- age   1:      70888 bytes,      70888 total
- age   2:      65760 bytes,     136648 total
- age   3:      61920 bytes,     198568 total
- age   4:      85296 bytes,     283864 total
- age   5:      83944 bytes,     367808 total
- age   6:      87160 bytes,     454968 total
- age   7:     113264 bytes,     568232 total
- age   8:      84704 bytes,     652936 total
- age   9:     113504 bytes,     766440 total
- age  10:     188576 bytes,     955016 total
- age  11:     202856 bytes,    1157872 total
- age  12:     318696 bytes,    1476568 total
- age  13:     415360 bytes,    1891928 total
- age  14:     534176 bytes,    2426104 total
- age  15:     565976 bytes,    2992080 total
, 0.0165577 secs]
   [Parallel Time: 13.4 ms, GC Workers: 2]
      [GC Worker Start (ms): Min: 4609065.6, Avg: 4609065.6, Max: 4609065.6, Diff: 0.0]
      [Ext Root Scanning (ms): Min: 1.1, Avg: 1.2, Max: 1.4, Diff: 0.3, Sum: 2.5]
      [Update RS (ms): Min: 1.8, Avg: 1.8, Max: 1.9, Diff: 0.1, Sum: 3.7]
         [Processed Buffers: Min: 14, Avg: 15.0, Max: 16, Diff: 2, Sum: 30]
      [Scan RS (ms): Min: 2.1, Avg: 2.2, Max: 2.2, Diff: 0.0, Sum: 4.3]
      [Code Root Scanning (ms): Min: 0.8, Avg: 0.8, Max: 0.8, Diff: 0.0, Sum: 1.6]
      [Object Copy (ms): Min: 7.1, Avg: 7.2, Max: 7.3, Diff: 0.1, Sum: 14.4]
      [Termination (ms): Min: 0.0, Avg: 0.0, Max: 0.0, Diff: 0.0, Sum: 0.0]
      [GC Worker Other (ms): Min: 0.0, Avg: 0.1, Max: 0.1, Diff: 0.0, Sum: 0.1]
      [GC Worker Total (ms): Min: 13.3, Avg: 13.3, Max: 13.4, Diff: 0.0, Sum: 26.7]
      [GC Worker End (ms): Min: 4609079.0, Avg: 4609079.0, Max: 4609079.0, Diff: 0.0]
   [Code Root Fixup: 0.2 ms]
   [Code Root Migration: 0.2 ms]
   [Clear CT: 0.8 ms]
   [Other: 1.9 ms]
      [Choose CSet: 0.0 ms]
      [Ref Proc: 0.1 ms]
      [Ref Enq: 0.0 ms]
      [Free CSet: 1.7 ms]
   [Eden: 3374.0M(3374.0M)->0.0B(3374.0M) Survivors: 4096.0K->4096.0K Heap: 4735.7M(5632.0M)->1362.4M(5632.0M)]
 [Times: user=0.03 sys=0.00, real=0.02 secs] 
2014-06-25T01:27:46.633+0000: 4609.082: Total time for which application threads were stopped: 0.0171121 seconds
2014-06-25T01:27:53.189+0000: 4615.638: [GC pause (G1 Evacuation Pause) (young)
Desired survivor size 222298112 bytes, new threshold 15 (max 15)
- age   1:      67728 bytes,      67728 total
- age   2:      52064 bytes,     119792 total
- age   3:      65640 bytes,     185432 total
- age   4:      61872 bytes,     247304 total
- age   5:      85296 bytes,     332600 total
- age   6:      83944 bytes,     416544 total
- age   7:      87160 bytes,     503704 total
- age   8:     113264 bytes,     616968 total
- age   9:      84704 bytes,     701672 total
- age  10:     113504 bytes,     815176 total
- age  11:     188576 bytes,    1003752 total
- age  12:     202856 bytes,    1206608 total
- age  13:     318696 bytes,    1525304 total
- age  14:     415360 bytes,    1940664 total
- age  15:     534176 bytes,    2474840 total
, 0.0153842 secs]
   [Parallel Time: 12.4 ms, GC Workers: 2]
      [GC Worker Start (ms): Min: 4615637.8, Avg: 4615637.8, Max: 4615637.8, Diff: 0.0]
      [Ext Root Scanning (ms): Min: 1.1, Avg: 1.2, Max: 1.3, Diff: 0.2, Sum: 2.4]
      [Update RS (ms): Min: 1.9, Avg: 1.9, Max: 1.9, Diff: 0.1, Sum: 3.8]
         [Processed Buffers: Min: 8, Avg: 15.0, Max: 22, Diff: 14, Sum: 30]
      [Scan RS (ms): Min: 2.1, Avg: 2.2, Max: 2.2, Diff: 0.0, Sum: 4.3]
      [Code Root Scanning (ms): Min: 0.8, Avg: 0.8, Max: 0.8, Diff: 0.0, Sum: 1.6]
      [Object Copy (ms): Min: 6.1, Avg: 6.1, Max: 6.2, Diff: 0.1, Sum: 12.3]
      [Termination (ms): Min: 0.0, Avg: 0.0, Max: 0.0, Diff: 0.0, Sum: 0.0]
      [GC Worker Other (ms): Min: 0.0, Avg: 0.1, Max: 0.1, Diff: 0.0, Sum: 0.1]
      [GC Worker Total (ms): Min: 12.3, Avg: 12.3, Max: 12.3, Diff: 0.0, Sum: 24.6]
      [GC Worker End (ms): Min: 4615650.0, Avg: 4615650.1, Max: 4615650.1, Diff: 0.0]
   [Code Root Fixup: 0.2 ms]
   [Code Root Migration: 0.1 ms]
   [Clear CT: 0.8 ms]
   [Other: 1.9 ms]
      [Choose CSet: 0.0 ms]
      [Ref Proc: 0.1 ms]
      [Ref Enq: 0.0 ms]
      [Free CSet: 1.6 ms]
   [Eden: 3374.0M(3374.0M)->0.0B(3374.0M) Survivors: 4096.0K->4096.0K Heap: 4736.4M(5632.0M)->1362.7M(5632.0M)]
 [Times: user=0.03 sys=0.00, real=0.02 secs] 
2014-06-25T01:27:53.204+0000: 4615.653: Total time for which application threads were stopped: 0.0159469 seconds
2014-06-25T01:27:59.740+0000: 4622.190: [GC pause (G1 Evacuation Pause) (young)
Desired survivor size 222298112 bytes, new threshold 15 (max 15)
- age   1:      46136 bytes,      46136 total
- age   2:      54352 bytes,     100488 total
- age   3:      51776 bytes,     152264 total
- age   4:      65616 bytes,     217880 total
- age   5:      61872 bytes,     279752 total
- age   6:      85296 bytes,     365048 total
- age   7:      83944 bytes,     448992 total
- age   8:      87160 bytes,     536152 total
- age   9:     113264 bytes,     649416 total
- age  10:      84704 bytes,     734120 total
- age  11:     113504 bytes,     847624 total
- age  12:     188576 bytes,    1036200 total
- age  13:     202720 bytes,    1238920 total
- age  14:     318696 bytes,    1557616 total
- age  15:     415360 bytes,    1972976 total
, 0.0140076 secs]
   [Parallel Time: 11.0 ms, GC Workers: 2]
      [GC Worker Start (ms): Min: 4622189.6, Avg: 4622189.6, Max: 4622189.6, Diff: 0.0]
      [Ext Root Scanning (ms): Min: 1.1, Avg: 1.2, Max: 1.4, Diff: 0.3, Sum: 2.5]
      [Update RS (ms): Min: 1.8, Avg: 1.9, Max: 2.0, Diff: 0.1, Sum: 3.8]
         [Processed Buffers: Min: 12, Avg: 14.5, Max: 17, Diff: 5, Sum: 29]
      [Scan RS (ms): Min: 2.1, Avg: 2.2, Max: 2.2, Diff: 0.0, Sum: 4.3]
      [Code Root Scanning (ms): Min: 0.8, Avg: 0.8, Max: 0.8, Diff: 0.0, Sum: 1.6]
      [Object Copy (ms): Min: 4.6, Avg: 4.7, Max: 4.8, Diff: 0.2, Sum: 9.5]
      [Termination (ms): Min: 0.0, Avg: 0.0, Max: 0.0, Diff: 0.0, Sum: 0.0]
      [GC Worker Other (ms): Min: 0.0, Avg: 0.1, Max: 0.1, Diff: 0.0, Sum: 0.1]
      [GC Worker Total (ms): Min: 10.9, Avg: 10.9, Max: 10.9, Diff: 0.0, Sum: 21.8]
      [GC Worker End (ms): Min: 4622200.5, Avg: 4622200.5, Max: 4622200.6, Diff: 0.0]
   [Code Root Fixup: 0.2 ms]
   [Code Root Migration: 0.1 ms]
   [Clear CT: 0.8 ms]
   [Other: 1.9 ms]
      [Choose CSet: 0.0 ms]
      [Ref Proc: 0.1 ms]
      [Ref Enq: 0.0 ms]
      [Free CSet: 1.7 ms]
   [Eden: 3374.0M(3374.0M)->0.0B(3374.0M) Survivors: 4096.0K->4096.0K Heap: 4736.7M(5632.0M)->1362.1M(5632.0M)]
 [Times: user=0.02 sys=0.00, real=0.01 secs] 
2014-06-25T01:27:59.755+0000: 4622.204: Total time for which application threads were stopped: 0.0145753 seconds
2014-06-25T01:28:06.480+0000: 4628.929: [GC pause (G1 Evacuation Pause) (young)
Desired survivor size 222298112 bytes, new threshold 15 (max 15)
- age   1:      36296 bytes,      36296 total
- age   2:      32320 bytes,      68616 total
- age   3:      54264 bytes,     122880 total
- age   4:      51752 bytes,     174632 total
- age   5:      65496 bytes,     240128 total
- age   6:      61872 bytes,     302000 total
- age   7:      85296 bytes,     387296 total
- age   8:      83944 bytes,     471240 total
- age   9:      87160 bytes,     558400 total
- age  10:     113232 bytes,     671632 total
- age  11:      84704 bytes,     756336 total
- age  12:     113504 bytes,     869840 total
- age  13:     188576 bytes,    1058416 total
- age  14:     202720 bytes,    1261136 total
- age  15:     318696 bytes,    1579832 total
, 0.0125606 secs]
   [Parallel Time: 9.8 ms, GC Workers: 2]
      [GC Worker Start (ms): Min: 4628928.8, Avg: 4628928.8, Max: 4628928.8, Diff: 0.0]
      [Ext Root Scanning (ms): Min: 1.1, Avg: 1.2, Max: 1.3, Diff: 0.3, Sum: 2.4]
      [Update RS (ms): Min: 1.6, Avg: 1.6, Max: 1.6, Diff: 0.0, Sum: 3.2]
         [Processed Buffers: Min: 3, Avg: 14.5, Max: 26, Diff: 23, Sum: 29]
      [Scan RS (ms): Min: 2.1, Avg: 2.1, Max: 2.2, Diff: 0.1, Sum: 4.3]
      [Code Root Scanning (ms): Min: 0.8, Avg: 0.8, Max: 0.8, Diff: 0.0, Sum: 1.6]
      [Object Copy (ms): Min: 3.9, Avg: 3.9, Max: 4.0, Diff: 0.2, Sum: 7.9]
      [Termination (ms): Min: 0.0, Avg: 0.0, Max: 0.0, Diff: 0.0, Sum: 0.0]
      [GC Worker Other (ms): Min: 0.0, Avg: 0.0, Max: 0.1, Diff: 0.0, Sum: 0.1]
      [GC Worker Total (ms): Min: 9.7, Avg: 9.7, Max: 9.8, Diff: 0.0, Sum: 19.5]
      [GC Worker End (ms): Min: 4628938.6, Avg: 4628938.6, Max: 4628938.6, Diff: 0.0]
   [Code Root Fixup: 0.2 ms]
   [Code Root Migration: 0.1 ms]
   [Clear CT: 0.8 ms]
   [Other: 1.7 ms]
      [Choose CSet: 0.0 ms]
      [Ref Proc: 0.1 ms]
      [Ref Enq: 0.0 ms]
      [Free CSet: 1.5 ms]
   [Eden: 3374.0M(3374.0M)->0.0B(3376.0M) Survivors: 4096.0K->2048.0K Heap: 4736.1M(5632.0M)->1361.4M(5632.0M)]
 [Times: user=0.02 sys=0.01, real=0.01 secs] 
2014-06-25T01:28:06.492+0000: 4628.941: Total time for which application threads were stopped: 0.0131549 seconds
2014-06-25T01:28:10.493+0000: 4632.942: Total time for which application threads were stopped: 0.0003624 seconds
2014-06-25T01:28:13.061+0000: 4635.510: [GC pause (G1 Evacuation Pause) (young)
Desired survivor size 222298112 bytes, new threshold 15 (max 15)
- age   1:      56704 bytes,      56704 total
- age   2:      23840 bytes,      80544 total
- age   3:      32136 bytes,     112680 total
- age   4:      54216 bytes,     166896 total
- age   5:      51752 bytes,     218648 total
- age   6:      65496 bytes,     284144 total
- age   7:      61872 bytes,     346016 total
- age   8:      85296 bytes,     431312 total
- age   9:      83944 bytes,     515256 total
- age  10:      87160 bytes,     602416 total
- age  11:     113232 bytes,     715648 total
- age  12:      84704 bytes,     800352 total
- age  13:     113504 bytes,     913856 total
- age  14:     188576 bytes,    1102432 total
- age  15:     202720 bytes,    1305152 total
, 0.0116802 secs]
   [Parallel Time: 8.9 ms, GC Workers: 2]
      [GC Worker Start (ms): Min: 4635510.2, Avg: 4635510.2, Max: 4635510.2, Diff: 0.0]
      [Ext Root Scanning (ms): Min: 1.1, Avg: 1.2, Max: 1.4, Diff: 0.3, Sum: 2.4]
      [Update RS (ms): Min: 1.3, Avg: 1.3, Max: 1.4, Diff: 0.1, Sum: 2.7]
         [Processed Buffers: Min: 2, Avg: 14.0, Max: 26, Diff: 24, Sum: 28]
      [Scan RS (ms): Min: 2.1, Avg: 2.2, Max: 2.3, Diff: 0.2, Sum: 4.4]
      [Code Root Scanning (ms): Min: 0.8, Avg: 0.8, Max: 0.8, Diff: 0.0, Sum: 1.6]
      [Object Copy (ms): Min: 3.1, Avg: 3.2, Max: 3.3, Diff: 0.1, Sum: 6.4]
      [Termination (ms): Min: 0.0, Avg: 0.0, Max: 0.0, Diff: 0.0, Sum: 0.0]
      [GC Worker Other (ms): Min: 0.0, Avg: 0.1, Max: 0.1, Diff: 0.0, Sum: 0.1]
      [GC Worker Total (ms): Min: 8.8, Avg: 8.8, Max: 8.8, Diff: 0.0, Sum: 17.7]
      [GC Worker End (ms): Min: 4635519.0, Avg: 4635519.0, Max: 4635519.1, Diff: 0.0]
   [Code Root Fixup: 0.2 ms]
   [Code Root Migration: 0.1 ms]
   [Clear CT: 0.8 ms]
   [Other: 1.8 ms]
      [Choose CSet: 0.0 ms]
      [Ref Proc: 0.1 ms]
      [Ref Enq: 0.0 ms]
      [Free CSet: 1.6 ms]
   [Eden: 3376.0M(3376.0M)->0.0B(3376.0M) Survivors: 2048.0K->2048.0K Heap: 4737.4M(5632.0M)->1361.6M(5632.0M)]
 [Times: user=0.02 sys=0.00, real=0.01 secs] 
2014-06-25T01:28:13.073+0000: 4635.522: Total time for which application threads were stopped: 0.0122430 seconds
2014-06-25T01:28:19.648+0000: 4642.097: [GC pause (G1 Evacuation Pause) (young)
Desired survivor size 222298112 bytes, new threshold 15 (max 15)
- age   1:      36904 bytes,      36904 total
- age   2:      40864 bytes,      77768 total
- age   3:      23616 bytes,     101384 total
- age   4:      32080 bytes,     133464 total
- age   5:      54216 bytes,     187680 total
- age   6:      51752 bytes,     239432 total
- age   7:      65496 bytes,     304928 total
- age   8:      61872 bytes,     366800 total
- age   9:      85296 bytes,     452096 total
- age  10:      83944 bytes,     536040 total
- age  11:      87160 bytes,     623200 total
- age  12:     113232 bytes,     736432 total
- age  13:      84704 bytes,     821136 total
- age  14:     113504 bytes,     934640 total
- age  15:     188576 bytes,    1123216 total
, 0.0108389 secs]
   [Parallel Time: 8.2 ms, GC Workers: 2]
      [GC Worker Start (ms): Min: 4642097.6, Avg: 4642097.6, Max: 4642097.6, Diff: 0.0]
      [Ext Root Scanning (ms): Min: 1.1, Avg: 1.2, Max: 1.4, Diff: 0.3, Sum: 2.5]
      [Update RS (ms): Min: 0.8, Avg: 1.0, Max: 1.2, Diff: 0.4, Sum: 2.0]
         [Processed Buffers: Min: 2, Avg: 13.5, Max: 25, Diff: 23, Sum: 27]
      [Scan RS (ms): Min: 2.0, Avg: 2.1, Max: 2.3, Diff: 0.2, Sum: 4.3]
      [Code Root Scanning (ms): Min: 0.8, Avg: 0.8, Max: 0.8, Diff: 0.0, Sum: 1.6]
      [Object Copy (ms): Min: 2.8, Avg: 2.8, Max: 2.9, Diff: 0.2, Sum: 5.7]
      [Termination (ms): Min: 0.0, Avg: 0.0, Max: 0.0, Diff: 0.0, Sum: 0.0]
      [GC Worker Other (ms): Min: 0.0, Avg: 0.1, Max: 0.1, Diff: 0.0, Sum: 0.1]
      [GC Worker Total (ms): Min: 8.1, Avg: 8.1, Max: 8.1, Diff: 0.0, Sum: 16.1]
      [GC Worker End (ms): Min: 4642105.6, Avg: 4642105.6, Max: 4642105.6, Diff: 0.0]
   [Code Root Fixup: 0.2 ms]
   [Code Root Migration: 0.1 ms]
   [Clear CT: 0.8 ms]
   [Other: 1.7 ms]
      [Choose CSet: 0.0 ms]
      [Ref Proc: 0.1 ms]
      [Ref Enq: 0.0 ms]
      [Free CSet: 1.4 ms]
   [Eden: 3376.0M(3376.0M)->0.0B(3376.0M) Survivors: 2048.0K->2048.0K Heap: 4737.6M(5632.0M)->1361.7M(5632.0M)]
 [Times: user=0.02 sys=0.00, real=0.00 secs] 
2014-06-25T01:28:19.659+0000: 4642.108: Total time for which application threads were stopped: 0.0113855 seconds
2014-06-25T01:28:26.363+0000: 4648.812: [GC pause (G1 Evacuation Pause) (young)
Desired survivor size 222298112 bytes, new threshold 15 (max 15)
- age   1:      47608 bytes,      47608 total
- age   2:      25872 bytes,      73480 total
- age   3:      40776 bytes,     114256 total
- age   4:      23592 bytes,     137848 total
- age   5:      32080 bytes,     169928 total
- age   6:      54216 bytes,     224144 total
- age   7:      51752 bytes,     275896 total
- age   8:      65496 bytes,     341392 total
- age   9:      61872 bytes,     403264 total
- age  10:      85296 bytes,     488560 total
- age  11:      83944 bytes,     572504 total
- age  12:      87160 bytes,     659664 total
- age  13:     113232 bytes,     772896 total
- age  14:      84704 bytes,     857600 total
- age  15:     113504 bytes,     971104 total
, 0.0104117 secs]
   [Parallel Time: 7.7 ms, GC Workers: 2]
      [GC Worker Start (ms): Min: 4648812.4, Avg: 4648812.4, Max: 4648812.4, Diff: 0.0]
      [Ext Root Scanning (ms): Min: 1.1, Avg: 1.2, Max: 1.3, Diff: 0.2, Sum: 2.4]
      [Update RS (ms): Min: 0.8, Avg: 0.9, Max: 0.9, Diff: 0.1, Sum: 1.7]
         [Processed Buffers: Min: 2, Avg: 13.5, Max: 25, Diff: 23, Sum: 27]
      [Scan RS (ms): Min: 2.1, Avg: 2.1, Max: 2.2, Diff: 0.1, Sum: 4.2]
      [Code Root Scanning (ms): Min: 0.8, Avg: 0.8, Max: 0.9, Diff: 0.0, Sum: 1.7]
      [Object Copy (ms): Min: 2.4, Avg: 2.5, Max: 2.6, Diff: 0.2, Sum: 5.0]
      [Termination (ms): Min: 0.0, Avg: 0.0, Max: 0.0, Diff: 0.0, Sum: 0.0]
      [GC Worker Other (ms): Min: 0.0, Avg: 0.0, Max: 0.1, Diff: 0.0, Sum: 0.1]
      [GC Worker Total (ms): Min: 7.6, Avg: 7.6, Max: 7.6, Diff: 0.0, Sum: 15.2]
      [GC Worker End (ms): Min: 4648820.0, Avg: 4648820.0, Max: 4648820.0, Diff: 0.0]
   [Code Root Fixup: 0.2 ms]
   [Code Root Migration: 0.1 ms]
   [Clear CT: 0.8 ms]
   [Other: 1.7 ms]
      [Choose CSet: 0.0 ms]
      [Ref Proc: 0.1 ms]
      [Ref Enq: 0.0 ms]
      [Free CSet: 1.4 ms]
   [Eden: 3376.0M(3376.0M)->0.0B(3376.0M) Survivors: 2048.0K->2048.0K Heap: 4737.7M(5632.0M)->1361.8M(5632.0M)]
 [Times: user=0.01 sys=0.00, real=0.01 secs] 
2014-06-25T01:28:26.374+0000: 4648.823: Total time for which application threads were stopped: 0.0109603 seconds
2014-06-25T01:28:32.922+0000: 4655.371: [GC pause (G1 Evacuation Pause) (young)
Desired survivor size 222298112 bytes, new threshold 15 (max 15)
- age   1:      63512 bytes,      63512 total
- age   2:      34080 bytes,      97592 total
- age   3:      25720 bytes,     123312 total
- age   4:      40728 bytes,     164040 total
- age   5:      23592 bytes,     187632 total
- age   6:      32080 bytes,     219712 total
- age   7:      54216 bytes,     273928 total
- age   8:      51752 bytes,     325680 total
- age   9:      65496 bytes,     391176 total
- age  10:      61872 bytes,     453048 total
- age  11:      85296 bytes,     538344 total
- age  12:      83944 bytes,     622288 total
- age  13:      87160 bytes,     709448 total
- age  14:     113232 bytes,     822680 total
- age  15:      84704 bytes,     907384 total
, 0.0103721 secs]
   [Parallel Time: 7.4 ms, GC Workers: 2]
      [GC Worker Start (ms): Min: 4655371.4, Avg: 4655371.4, Max: 4655371.5, Diff: 0.0]
      [Ext Root Scanning (ms): Min: 1.1, Avg: 1.2, Max: 1.4, Diff: 0.3, Sum: 2.5]
      [Update RS (ms): Min: 0.7, Avg: 0.7, Max: 0.7, Diff: 0.0, Sum: 1.4]
         [Processed Buffers: Min: 1, Avg: 13.0, Max: 25, Diff: 24, Sum: 26]
      [Scan RS (ms): Min: 2.1, Avg: 2.1, Max: 2.2, Diff: 0.1, Sum: 4.3]
      [Code Root Scanning (ms): Min: 0.8, Avg: 0.8, Max: 0.8, Diff: 0.0, Sum: 1.6]
      [Object Copy (ms): Min: 2.3, Avg: 2.3, Max: 2.4, Diff: 0.1, Sum: 4.7]
      [Termination (ms): Min: 0.0, Avg: 0.0, Max: 0.0, Diff: 0.0, Sum: 0.0]
      [GC Worker Other (ms): Min: 0.0, Avg: 0.0, Max: 0.1, Diff: 0.0, Sum: 0.1]
      [GC Worker Total (ms): Min: 7.3, Avg: 7.3, Max: 7.4, Diff: 0.0, Sum: 14.7]
      [GC Worker End (ms): Min: 4655378.8, Avg: 4655378.8, Max: 4655378.8, Diff: 0.0]
   [Code Root Fixup: 0.2 ms]
   [Code Root Migration: 0.1 ms]
   [Clear CT: 0.8 ms]
   [Other: 1.8 ms]
      [Choose CSet: 0.0 ms]
      [Ref Proc: 0.1 ms]
      [Ref Enq: 0.0 ms]
      [Free CSet: 1.6 ms]
   [Eden: 3376.0M(3376.0M)->0.0B(3376.0M) Survivors: 2048.0K->2048.0K Heap: 4737.8M(5632.0M)->1361.8M(5632.0M)]
 [Times: user=0.01 sys=0.01, real=0.01 secs] 
2014-06-25T01:28:32.933+0000: 4655.382: Total time for which application threads were stopped: 0.0109348 seconds
2014-06-25T01:28:39.503+0000: 4661.952: [GC pause (G1 Evacuation Pause) (young)
Desired survivor size 222298112 bytes, new threshold 15 (max 15)
- age   1:      47840 bytes,      47840 total
- age   2:      50552 bytes,      98392 total
- age   3:      33824 bytes,     132216 total
- age   4:      25696 bytes,     157912 total
- age   5:      40728 bytes,     198640 total
- age   6:      23472 bytes,     222112 total
- age   7:      32080 bytes,     254192 total
- age   8:      54216 bytes,     308408 total
- age   9:      51752 bytes,     360160 total
- age  10:      65464 bytes,     425624 total
- age  11:      61872 bytes,     487496 total
- age  12:      85296 bytes,     572792 total
- age  13:      83944 bytes,     656736 total
- age  14:      87160 bytes,     743896 total
- age  15:     113232 bytes,     857128 total
, 0.0100691 secs]
   [Parallel Time: 7.1 ms, GC Workers: 2]
      [GC Worker Start (ms): Min: 4661952.4, Avg: 4661952.4, Max: 4661952.4, Diff: 0.0]
      [Ext Root Scanning (ms): Min: 1.1, Avg: 1.2, Max: 1.4, Diff: 0.3, Sum: 2.5]
      [Update RS (ms): Min: 0.6, Avg: 0.6, Max: 0.6, Diff: 0.1, Sum: 1.2]
         [Processed Buffers: Min: 11, Avg: 12.5, Max: 14, Diff: 3, Sum: 25]
      [Scan RS (ms): Min: 2.1, Avg: 2.1, Max: 2.2, Diff: 0.0, Sum: 4.3]
      [Code Root Scanning (ms): Min: 0.8, Avg: 0.8, Max: 0.8, Diff: 0.0, Sum: 1.6]
      [Object Copy (ms): Min: 2.1, Avg: 2.2, Max: 2.3, Diff: 0.2, Sum: 4.4]
      [Termination (ms): Min: 0.0, Avg: 0.0, Max: 0.0, Diff: 0.0, Sum: 0.0]
      [GC Worker Other (ms): Min: 0.0, Avg: 0.0, Max: 0.1, Diff: 0.0, Sum: 0.1]
      [GC Worker Total (ms): Min: 7.0, Avg: 7.1, Max: 7.1, Diff: 0.0, Sum: 14.1]
      [GC Worker End (ms): Min: 4661959.4, Avg: 4661959.5, Max: 4661959.5, Diff: 0.0]
   [Code Root Fixup: 0.2 ms]
   [Code Root Migration: 0.1 ms]
   [Clear CT: 0.8 ms]
   [Other: 1.9 ms]
      [Choose CSet: 0.0 ms]
      [Ref Proc: 0.1 ms]
      [Ref Enq: 0.0 ms]
      [Free CSet: 1.6 ms]
   [Eden: 3376.0M(3376.0M)->0.0B(3376.0M) Survivors: 2048.0K->2048.0K Heap: 4737.8M(5632.0M)->1361.9M(5632.0M)]
 [Times: user=0.01 sys=0.01, real=0.01 secs] 
2014-06-25T01:28:39.513+0000: 4661.963: Total time for which application threads were stopped: 0.0106682 seconds
2014-06-25T01:28:46.045+0000: 4668.495: [GC pause (G1 Evacuation Pause) (young)
Desired survivor size 222298112 bytes, new threshold 15 (max 15)
- age   1:      37576 bytes,      37576 total
- age   2:      25472 bytes,      63048 total
- age   3:      50496 bytes,     113544 total
- age   4:      33800 bytes,     147344 total
- age   5:      25696 bytes,     173040 total
- age   6:      40728 bytes,     213768 total
- age   7:      23472 bytes,     237240 total
- age   8:      32080 bytes,     269320 total
- age   9:      54216 bytes,     323536 total
- age  10:      51752 bytes,     375288 total
- age  11:      65464 bytes,     440752 total
- age  12:      61872 bytes,     502624 total
- age  13:      85296 bytes,     587920 total
- age  14:      83944 bytes,     671864 total
- age  15:      87160 bytes,     759024 total
, 0.0096905 secs]
   [Parallel Time: 7.0 ms, GC Workers: 2]
      [GC Worker Start (ms): Min: 4668494.7, Avg: 4668494.7, Max: 4668494.7, Diff: 0.0]
      [Ext Root Scanning (ms): Min: 1.1, Avg: 1.2, Max: 1.4, Diff: 0.3, Sum: 2.5]
      [Update RS (ms): Min: 0.6, Avg: 0.7, Max: 0.7, Diff: 0.1, Sum: 1.3]
         [Processed Buffers: Min: 1, Avg: 13.0, Max: 25, Diff: 24, Sum: 26]
      [Scan RS (ms): Min: 2.1, Avg: 2.1, Max: 2.1, Diff: 0.0, Sum: 4.3]
      [Code Root Scanning (ms): Min: 0.8, Avg: 0.8, Max: 0.8, Diff: 0.0, Sum: 1.6]
      [Object Copy (ms): Min: 1.9, Avg: 2.0, Max: 2.1, Diff: 0.2, Sum: 3.9]
      [Termination (ms): Min: 0.0, Avg: 0.0, Max: 0.0, Diff: 0.0, Sum: 0.0]
      [GC Worker Other (ms): Min: 0.0, Avg: 0.1, Max: 0.1, Diff: 0.0, Sum: 0.1]
      [GC Worker Total (ms): Min: 6.9, Avg: 6.9, Max: 6.9, Diff: 0.0, Sum: 13.7]
      [GC Worker End (ms): Min: 4668501.6, Avg: 4668501.6, Max: 4668501.6, Diff: 0.0]
   [Code Root Fixup: 0.2 ms]
   [Code Root Migration: 0.1 ms]
   [Clear CT: 0.8 ms]
   [Other: 1.7 ms]
      [Choose CSet: 0.0 ms]
      [Ref Proc: 0.1 ms]
      [Ref Enq: 0.0 ms]
      [Free CSet: 1.4 ms]
   [Eden: 3376.0M(3376.0M)->0.0B(3376.0M) Survivors: 2048.0K->2048.0K Heap: 4737.9M(5632.0M)->1362.0M(5632.0M)]
 [Times: user=0.01 sys=0.00, real=0.02 secs] 
2014-06-25T01:28:46.055+0000: 4668.505: Total time for which application threads were stopped: 0.0102390 seconds
2014-06-25T01:28:52.586+0000: 4675.035: [GC pause (G1 Evacuation Pause) (young)
Desired survivor size 222298112 bytes, new threshold 15 (max 15)
- age   1:      24952 bytes,      24952 total
- age   2:      25040 bytes,      49992 total
- age   3:      25320 bytes,      75312 total
- age   4:      50416 bytes,     125728 total
- age   5:      33800 bytes,     159528 total
- age   6:      25696 bytes,     185224 total
- age   7:      40728 bytes,     225952 total
- age   8:      23472 bytes,     249424 total
- age   9:      32080 bytes,     281504 total
- age  10:      54216 bytes,     335720 total
- age  11:      51752 bytes,     387472 total
- age  12:      65464 bytes,     452936 total
- age  13:      61872 bytes,     514808 total
- age  14:      85296 bytes,     600104 total
- age  15:      83944 bytes,     684048 total
, 0.0094084 secs]
   [Parallel Time: 6.8 ms, GC Workers: 2]
      [GC Worker Start (ms): Min: 4675034.8, Avg: 4675034.9, Max: 4675034.9, Diff: 0.0]
      [Ext Root Scanning (ms): Min: 1.1, Avg: 1.2, Max: 1.3, Diff: 0.3, Sum: 2.4]
      [Update RS (ms): Min: 0.6, Avg: 0.6, Max: 0.7, Diff: 0.1, Sum: 1.2]
         [Processed Buffers: Min: 8, Avg: 12.5, Max: 17, Diff: 9, Sum: 25]
      [Scan RS (ms): Min: 2.1, Avg: 2.1, Max: 2.2, Diff: 0.1, Sum: 4.3]
      [Code Root Scanning (ms): Min: 0.8, Avg: 0.8, Max: 0.8, Diff: 0.0, Sum: 1.6]
      [Object Copy (ms): Min: 1.8, Avg: 1.9, Max: 2.0, Diff: 0.2, Sum: 3.7]
      [Termination (ms): Min: 0.0, Avg: 0.0, Max: 0.0, Diff: 0.0, Sum: 0.0]
      [GC Worker Other (ms): Min: 0.0, Avg: 0.0, Max: 0.0, Diff: 0.0, Sum: 0.1]
      [GC Worker Total (ms): Min: 6.7, Avg: 6.7, Max: 6.7, Diff: 0.0, Sum: 13.4]
      [GC Worker End (ms): Min: 4675041.5, Avg: 4675041.5, Max: 4675041.6, Diff: 0.0]
   [Code Root Fixup: 0.2 ms]
   [Code Root Migration: 0.1 ms]
   [Clear CT: 0.8 ms]
   [Other: 1.6 ms]
      [Choose CSet: 0.0 ms]
      [Ref Proc: 0.1 ms]
      [Ref Enq: 0.0 ms]
      [Free CSet: 1.4 ms]
   [Eden: 3376.0M(3376.0M)->0.0B(3376.0M) Survivors: 2048.0K->2048.0K Heap: 4738.0M(5632.0M)->1362.0M(5632.0M)]
 [Times: user=0.02 sys=0.00, real=0.01 secs] 
2014-06-25T01:28:52.595+0000: 4675.044: Total time for which application threads were stopped: 0.0099500 seconds
2014-06-25T01:28:59.127+0000: 4681.576: [GC pause (G1 Evacuation Pause) (young)
Desired survivor size 222298112 bytes, new threshold 15 (max 15)
- age   1:      54432 bytes,      54432 total
- age   2:      10464 bytes,      64896 total
- age   3:      24816 bytes,      89712 total
- age   4:      25264 bytes,     114976 total
- age   5:      50416 bytes,     165392 total
- age   6:      33800 bytes,     199192 total
- age   7:      25696 bytes,     224888 total
- age   8:      40728 bytes,     265616 total
- age   9:      23472 bytes,     289088 total
- age  10:      32080 bytes,     321168 total
- age  11:      54216 bytes,     375384 total
- age  12:      51752 bytes,     427136 total
- age  13:      65464 bytes,     492600 total
- age  14:      61872 bytes,     554472 total
- age  15:      85296 bytes,     639768 total
, 0.0094101 secs]
   [Parallel Time: 6.6 ms, GC Workers: 2]
      [GC Worker Start (ms): Min: 4681576.0, Avg: 4681576.0, Max: 4681576.0, Diff: 0.0]
      [Ext Root Scanning (ms): Min: 1.1, Avg: 1.2, Max: 1.3, Diff: 0.3, Sum: 2.4]
      [Update RS (ms): Min: 0.6, Avg: 0.6, Max: 0.6, Diff: 0.1, Sum: 1.2]
         [Processed Buffers: Min: 8, Avg: 12.5, Max: 17, Diff: 9, Sum: 25]
      [Scan RS (ms): Min: 2.1, Avg: 2.2, Max: 2.2, Diff: 0.0, Sum: 4.3]
      [Code Root Scanning (ms): Min: 0.8, Avg: 0.8, Max: 0.8, Diff: 0.0, Sum: 1.6]
      [Object Copy (ms): Min: 1.7, Avg: 1.8, Max: 1.8, Diff: 0.1, Sum: 3.5]
      [Termination (ms): Min: 0.0, Avg: 0.0, Max: 0.0, Diff: 0.0, Sum: 0.0]
      [GC Worker Other (ms): Min: 0.0, Avg: 0.1, Max: 0.1, Diff: 0.0, Sum: 0.1]
      [GC Worker Total (ms): Min: 6.6, Avg: 6.6, Max: 6.6, Diff: 0.0, Sum: 13.2]
      [GC Worker End (ms): Min: 4681582.6, Avg: 4681582.6, Max: 4681582.6, Diff: 0.0]
   [Code Root Fixup: 0.2 ms]
   [Code Root Migration: 0.1 ms]
   [Clear CT: 0.8 ms]
   [Other: 1.7 ms]
      [Choose CSet: 0.0 ms]
      [Ref Proc: 0.1 ms]
      [Ref Enq: 0.0 ms]
      [Free CSet: 1.5 ms]
   [Eden: 3376.0M(3376.0M)->0.0B(3376.0M) Survivors: 2048.0K->2048.0K Heap: 4738.0M(5632.0M)->1362.1M(5632.0M)]
 [Times: user=0.02 sys=0.00, real=0.02 secs] 
2014-06-25T01:28:59.136+0000: 4681.585: Total time for which application threads were stopped: 0.0099538 seconds
2014-06-25T01:29:05.936+0000: 4688.385: [GC pause (G1 Evacuation Pause) (young)
Desired survivor size 222298112 bytes, new threshold 15 (max 15)
- age   1:      43688 bytes,      43688 total
- age   2:      42984 bytes,      86672 total
- age   3:      10344 bytes,      97016 total
- age   4:      24792 bytes,     121808 total
- age   5:      25144 bytes,     146952 total
- age   6:      50416 bytes,     197368 total
- age   7:      33800 bytes,     231168 total
- age   8:      25696 bytes,     256864 total
- age   9:      40728 bytes,     297592 total
- age  10:      23440 bytes,     321032 total
- age  11:      32080 bytes,     353112 total
- age  12:      54216 bytes,     407328 total
- age  13:      51616 bytes,     458944 total
- age  14:      65464 bytes,     524408 total
- age  15:      61872 bytes,     586280 total
, 0.0093445 secs]
   [Parallel Time: 6.5 ms, GC Workers: 2]
      [GC Worker Start (ms): Min: 4688384.9, Avg: 4688385.0, Max: 4688385.0, Diff: 0.0]
      [Ext Root Scanning (ms): Min: 1.1, Avg: 1.2, Max: 1.4, Diff: 0.3, Sum: 2.5]
      [Update RS (ms): Min: 0.6, Avg: 0.6, Max: 0.6, Diff: 0.0, Sum: 1.2]
         [Processed Buffers: Min: 1, Avg: 13.0, Max: 25, Diff: 24, Sum: 26]
      [Scan RS (ms): Min: 2.1, Avg: 2.1, Max: 2.2, Diff: 0.1, Sum: 4.2]
      [Code Root Scanning (ms): Min: 0.8, Avg: 0.8, Max: 0.8, Diff: 0.0, Sum: 1.6]
      [Object Copy (ms): Min: 1.5, Avg: 1.6, Max: 1.6, Diff: 0.1, Sum: 3.1]
      [Termination (ms): Min: 0.0, Avg: 0.0, Max: 0.0, Diff: 0.0, Sum: 0.0]
      [GC Worker Other (ms): Min: 0.1, Avg: 0.1, Max: 0.1, Diff: 0.0, Sum: 0.1]
      [GC Worker Total (ms): Min: 6.4, Avg: 6.4, Max: 6.4, Diff: 0.0, Sum: 12.8]
      [GC Worker End (ms): Min: 4688391.4, Avg: 4688391.4, Max: 4688391.4, Diff: 0.0]
   [Code Root Fixup: 0.2 ms]
   [Code Root Migration: 0.1 ms]
   [Clear CT: 0.8 ms]
   [Other: 1.8 ms]
      [Choose CSet: 0.0 ms]
      [Ref Proc: 0.1 ms]
      [Ref Enq: 0.0 ms]
      [Free CSet: 1.5 ms]
   [Eden: 3376.0M(3376.0M)->0.0B(3376.0M) Survivors: 2048.0K->2048.0K Heap: 4738.1M(5632.0M)->1362.1M(5632.0M)]
 [Times: user=0.01 sys=0.01, real=0.00 secs] 
2014-06-25T01:29:05.945+0000: 4688.394: Total time for which application threads were stopped: 0.0099537 seconds
2014-06-25T01:29:12.497+0000: 4694.946: [GC pause (G1 Evacuation Pause) (young)
Desired survivor size 222298112 bytes, new threshold 15 (max 15)
- age   1:      31248 bytes,      31248 total
- age   2:      30192 bytes,      61440 total
- age   3:      42864 bytes,     104304 total
- age   4:      10296 bytes,     114600 total
- age   5:      24792 bytes,     139392 total
- age   6:      25144 bytes,     164536 total
- age   7:      50416 bytes,     214952 total
- age   8:      33800 bytes,     248752 total
- age   9:      25696 bytes,     274448 total
- age  10:      40728 bytes,     315176 total
- age  11:      23440 bytes,     338616 total
- age  12:      32080 bytes,     370696 total
- age  13:      54216 bytes,     424912 total
- age  14:      51616 bytes,     476528 total
- age  15:      65464 bytes,     541992 total
, 0.0089760 secs]
   [Parallel Time: 6.3 ms, GC Workers: 2]
      [GC Worker Start (ms): Min: 4694946.0, Avg: 4694946.0, Max: 4694946.0, Diff: 0.0]
      [Ext Root Scanning (ms): Min: 1.1, Avg: 1.2, Max: 1.4, Diff: 0.3, Sum: 2.4]
      [Update RS (ms): Min: 0.5, Avg: 0.5, Max: 0.6, Diff: 0.1, Sum: 1.1]
         [Processed Buffers: Min: 1, Avg: 12.5, Max: 24, Diff: 23, Sum: 25]
      [Scan RS (ms): Min: 2.1, Avg: 2.1, Max: 2.1, Diff: 0.0, Sum: 4.2]
      [Code Root Scanning (ms): Min: 0.8, Avg: 0.8, Max: 0.8, Diff: 0.0, Sum: 1.6]
      [Object Copy (ms): Min: 1.4, Avg: 1.5, Max: 1.6, Diff: 0.2, Sum: 2.9]
      [Termination (ms): Min: 0.0, Avg: 0.0, Max: 0.0, Diff: 0.0, Sum: 0.0]
      [GC Worker Other (ms): Min: 0.0, Avg: 0.1, Max: 0.1, Diff: 0.0, Sum: 0.1]
      [GC Worker Total (ms): Min: 6.2, Avg: 6.2, Max: 6.2, Diff: 0.0, Sum: 12.4]
      [GC Worker End (ms): Min: 4694952.2, Avg: 4694952.2, Max: 4694952.2, Diff: 0.0]
   [Code Root Fixup: 0.2 ms]
   [Code Root Migration: 0.1 ms]
   [Clear CT: 0.8 ms]
   [Other: 1.6 ms]
      [Choose CSet: 0.0 ms]
      [Ref Proc: 0.1 ms]
      [Ref Enq: 0.0 ms]
      [Free CSet: 1.4 ms]
   [Eden: 3376.0M(3376.0M)->0.0B(3376.0M) Survivors: 2048.0K->2048.0K Heap: 4738.1M(5632.0M)->1362.2M(5632.0M)]
 [Times: user=0.01 sys=0.00, real=0.01 secs] 
2014-06-25T01:29:12.506+0000: 4694.955: Total time for which application threads were stopped: 0.0095123 seconds
2014-06-25T01:29:19.035+0000: 4701.484: [GC pause (G1 Evacuation Pause) (young)
Desired survivor size 222298112 bytes, new threshold 15 (max 15)
- age   1:      32304 bytes,      32304 total
- age   2:      16552 bytes,      48856 total
- age   3:      29968 bytes,      78824 total
- age   4:      42808 bytes,     121632 total
- age   5:      10296 bytes,     131928 total
- age   6:      24792 bytes,     156720 total
- age   7:      25144 bytes,     181864 total
- age   8:      50416 bytes,     232280 total
- age   9:      33800 bytes,     266080 total
- age  10:      25696 bytes,     291776 total
- age  11:      40728 bytes,     332504 total
- age  12:      23440 bytes,     355944 total
- age  13:      32080 bytes,     388024 total
- age  14:      54216 bytes,     442240 total
- age  15:      51616 bytes,     493856 total
, 0.0090918 secs]
   [Parallel Time: 6.3 ms, GC Workers: 2]
      [GC Worker Start (ms): Min: 4701484.2, Avg: 4701484.2, Max: 4701484.2, Diff: 0.0]
      [Ext Root Scanning (ms): Min: 1.1, Avg: 1.2, Max: 1.4, Diff: 0.3, Sum: 2.4]
      [Update RS (ms): Min: 0.5, Avg: 0.6, Max: 0.6, Diff: 0.1, Sum: 1.1]
         [Processed Buffers: Min: 5, Avg: 12.0, Max: 19, Diff: 14, Sum: 24]
      [Scan RS (ms): Min: 2.1, Avg: 2.1, Max: 2.2, Diff: 0.1, Sum: 4.3]
      [Code Root Scanning (ms): Min: 0.8, Avg: 0.8, Max: 0.8, Diff: 0.0, Sum: 1.6]
      [Object Copy (ms): Min: 1.3, Avg: 1.4, Max: 1.5, Diff: 0.2, Sum: 2.9]
      [Termination (ms): Min: 0.0, Avg: 0.0, Max: 0.0, Diff: 0.0, Sum: 0.0]
      [GC Worker Other (ms): Min: 0.1, Avg: 0.1, Max: 0.1, Diff: 0.0, Sum: 0.1]
      [GC Worker Total (ms): Min: 6.2, Avg: 6.2, Max: 6.2, Diff: 0.0, Sum: 12.4]
      [GC Worker End (ms): Min: 4701490.4, Avg: 4701490.4, Max: 4701490.4, Diff: 0.0]
   [Code Root Fixup: 0.2 ms]
   [Code Root Migration: 0.1 ms]
   [Clear CT: 0.8 ms]
   [Other: 1.7 ms]
      [Choose CSet: 0.0 ms]
      [Ref Proc: 0.1 ms]
      [Ref Enq: 0.0 ms]
      [Free CSet: 1.5 ms]
   [Eden: 3376.0M(3376.0M)->0.0B(3376.0M) Survivors: 2048.0K->2048.0K Heap: 4738.2M(5632.0M)->1362.5M(5632.0M)]
 [Times: user=0.02 sys=0.00, real=0.02 secs] 
2014-06-25T01:29:19.044+0000: 4701.493: Total time for which application threads were stopped: 0.0096421 seconds
2014-06-25T01:29:25.732+0000: 4708.181: [GC pause (G1 Evacuation Pause) (young)
Desired survivor size 222298112 bytes, new threshold 15 (max 15)
- age   1:      60504 bytes,      60504 total
- age   2:      20144 bytes,      80648 total
- age   3:      16432 bytes,      97080 total
- age   4:      29944 bytes,     127024 total
- age   5:      42808 bytes,     169832 total
- age   6:      10296 bytes,     180128 total
- age   7:      24792 bytes,     204920 total
- age   8:      25144 bytes,     230064 total
- age   9:      50416 bytes,     280480 total
- age  10:      33800 bytes,     314280 total
- age  11:      25696 bytes,     339976 total
- age  12:      40728 bytes,     380704 total
- age  13:      23440 bytes,     404144 total
- age  14:      31944 bytes,     436088 total
- age  15:      54216 bytes,     490304 total
, 0.0090218 secs]
   [Parallel Time: 6.2 ms, GC Workers: 2]
      [GC Worker Start (ms): Min: 4708181.3, Avg: 4708181.3, Max: 4708181.3, Diff: 0.0]
      [Ext Root Scanning (ms): Min: 1.1, Avg: 1.3, Max: 1.4, Diff: 0.3, Sum: 2.5]
      [Update RS (ms): Min: 0.5, Avg: 0.5, Max: 0.5, Diff: 0.0, Sum: 1.0]
         [Processed Buffers: Min: 1, Avg: 13.0, Max: 25, Diff: 24, Sum: 26]
      [Scan RS (ms): Min: 2.1, Avg: 2.1, Max: 2.2, Diff: 0.1, Sum: 4.3]
      [Code Root Scanning (ms): Min: 0.8, Avg: 0.8, Max: 0.8, Diff: 0.0, Sum: 1.6]
      [Object Copy (ms): Min: 1.3, Avg: 1.4, Max: 1.4, Diff: 0.1, Sum: 2.7]
      [Termination (ms): Min: 0.0, Avg: 0.0, Max: 0.0, Diff: 0.0, Sum: 0.0]
      [GC Worker Other (ms): Min: 0.0, Avg: 0.0, Max: 0.1, Diff: 0.0, Sum: 0.1]
      [GC Worker Total (ms): Min: 6.1, Avg: 6.1, Max: 6.1, Diff: 0.0, Sum: 12.3]
      [GC Worker End (ms): Min: 4708187.4, Avg: 4708187.4, Max: 4708187.4, Diff: 0.0]
   [Code Root Fixup: 0.2 ms]
   [Code Root Migration: 0.1 ms]
   [Clear CT: 0.8 ms]
   [Other: 1.8 ms]
      [Choose CSet: 0.0 ms]
      [Ref Proc: 0.1 ms]
      [Ref Enq: 0.0 ms]
      [Free CSet: 1.6 ms]
   [Eden: 3376.0M(3376.0M)->0.0B(3376.0M) Survivors: 2048.0K->2048.0K Heap: 4738.5M(5632.0M)->1362.3M(5632.0M)]
 [Times: user=0.01 sys=0.00, real=0.01 secs] 
2014-06-25T01:29:25.741+0000: 4708.190: Total time for which application threads were stopped: 0.0095853 seconds
2014-06-25T01:29:30.742+0000: 4713.191: Total time for which application threads were stopped: 0.0003661 seconds
2014-06-25T01:29:32.325+0000: 4714.774: [GC pause (G1 Evacuation Pause) (young)
Desired survivor size 222298112 bytes, new threshold 15 (max 15)
- age   1:      37536 bytes,      37536 total
- age   2:      44872 bytes,      82408 total
- age   3:      20024 bytes,     102432 total
- age   4:      16352 bytes,     118784 total
- age   5:      29944 bytes,     148728 total
- age   6:      42808 bytes,     191536 total
- age   7:      10296 bytes,     201832 total
- age   8:      24792 bytes,     226624 total
- age   9:      25144 bytes,     251768 total
- age  10:      50416 bytes,     302184 total
- age  11:      33800 bytes,     335984 total
- age  12:      25696 bytes,     361680 total
- age  13:      40728 bytes,     402408 total
- age  14:      23440 bytes,     425848 total
- age  15:      31944 bytes,     457792 total
, 0.0087662 secs]
   [Parallel Time: 6.1 ms, GC Workers: 2]
      [GC Worker Start (ms): Min: 4714774.0, Avg: 4714774.1, Max: 4714774.1, Diff: 0.0]
      [Ext Root Scanning (ms): Min: 1.1, Avg: 1.2, Max: 1.4, Diff: 0.3, Sum: 2.4]
      [Update RS (ms): Min: 0.5, Avg: 0.5, Max: 0.6, Diff: 0.1, Sum: 1.0]
         [Processed Buffers: Min: 11, Avg: 13.0, Max: 15, Diff: 4, Sum: 26]
      [Scan RS (ms): Min: 2.1, Avg: 2.1, Max: 2.2, Diff: 0.1, Sum: 4.3]
      [Code Root Scanning (ms): Min: 0.8, Avg: 0.8, Max: 0.8, Diff: 0.0, Sum: 1.6]
      [Object Copy (ms): Min: 1.2, Avg: 1.3, Max: 1.3, Diff: 0.1, Sum: 2.6]
      [Termination (ms): Min: 0.0, Avg: 0.0, Max: 0.0, Diff: 0.0, Sum: 0.0]
      [GC Worker Other (ms): Min: 0.0, Avg: 0.1, Max: 0.1, Diff: 0.0, Sum: 0.1]
      [GC Worker Total (ms): Min: 6.0, Avg: 6.0, Max: 6.0, Diff: 0.0, Sum: 12.1]
      [GC Worker End (ms): Min: 4714780.1, Avg: 4714780.1, Max: 4714780.1, Diff: 0.0]
   [Code Root Fixup: 0.2 ms]
   [Code Root Migration: 0.1 ms]
   [Clear CT: 0.8 ms]
   [Other: 1.6 ms]
      [Choose CSet: 0.0 ms]
      [Ref Proc: 0.1 ms]
      [Ref Enq: 0.0 ms]
      [Free CSet: 1.4 ms]
   [Eden: 3376.0M(3376.0M)->0.0B(3376.0M) Survivors: 2048.0K->2048.0K Heap: 4738.3M(5632.0M)->1362.3M(5632.0M)]
 [Times: user=0.01 sys=0.00, real=0.00 secs] 
2014-06-25T01:29:32.334+0000: 4714.783: Total time for which application threads were stopped: 0.0092831 seconds
2014-06-25T01:29:34.098+0000: 4716.547: Total time for which application threads were stopped: 0.0036915 seconds
2014-06-25T01:29:38.942+0000: 4721.391: [GC pause (G1 Evacuation Pause) (young)
Desired survivor size 222298112 bytes, new threshold 15 (max 15)
- age   1:      41120 bytes,      41120 total
- age   2:      21680 bytes,      62800 total
- age   3:      44648 bytes,     107448 total
- age   4:      20000 bytes,     127448 total
- age   5:      16352 bytes,     143800 total
- age   6:      29824 bytes,     173624 total
- age   7:      42808 bytes,     216432 total
- age   8:      10296 bytes,     226728 total
- age   9:      24792 bytes,     251520 total
- age  10:      25112 bytes,     276632 total
- age  11:      50416 bytes,     327048 total
- age  12:      33800 bytes,     360848 total
- age  13:      25696 bytes,     386544 total
- age  14:      40728 bytes,     427272 total
- age  15:      23440 bytes,     450712 total
, 0.0089604 secs]
   [Parallel Time: 6.1 ms, GC Workers: 2]
      [GC Worker Start (ms): Min: 4721390.9, Avg: 4721390.9, Max: 4721390.9, Diff: 0.0]
      [Ext Root Scanning (ms): Min: 1.1, Avg: 1.2, Max: 1.4, Diff: 0.3, Sum: 2.5]
      [Update RS (ms): Min: 0.4, Avg: 0.5, Max: 0.5, Diff: 0.1, Sum: 1.0]
         [Processed Buffers: Min: 3, Avg: 12.5, Max: 22, Diff: 19, Sum: 25]
      [Scan RS (ms): Min: 2.1, Avg: 2.2, Max: 2.2, Diff: 0.0, Sum: 4.3]
      [Code Root Scanning (ms): Min: 0.8, Avg: 0.8, Max: 0.8, Diff: 0.0, Sum: 1.6]
      [Object Copy (ms): Min: 1.2, Avg: 1.3, Max: 1.4, Diff: 0.2, Sum: 2.6]
      [Termination (ms): Min: 0.0, Avg: 0.0, Max: 0.0, Diff: 0.0, Sum: 0.0]
      [GC Worker Other (ms): Min: 0.0, Avg: 0.1, Max: 0.1, Diff: 0.0, Sum: 0.1]
      [GC Worker Total (ms): Min: 6.0, Avg: 6.0, Max: 6.1, Diff: 0.0, Sum: 12.1]
      [GC Worker End (ms): Min: 4721396.9, Avg: 4721396.9, Max: 4721396.9, Diff: 0.0]
   [Code Root Fixup: 0.2 ms]
   [Code Root Migration: 0.1 ms]
   [Clear CT: 0.8 ms]
   [Other: 1.8 ms]
      [Choose CSet: 0.0 ms]
      [Ref Proc: 0.1 ms]
      [Ref Enq: 0.0 ms]
      [Free CSet: 1.6 ms]
   [Eden: 3376.0M(3376.0M)->0.0B(3376.0M) Survivors: 2048.0K->2048.0K Heap: 4738.3M(5632.0M)->1362.3M(5632.0M)]
 [Times: user=0.01 sys=0.00, real=0.01 secs] 
2014-06-25T01:29:38.951+0000: 4721.400: Total time for which application threads were stopped: 0.0095355 seconds
2014-06-25T01:29:45.528+0000: 4727.977: [GC pause (G1 Evacuation Pause) (young)
Desired survivor size 222298112 bytes, new threshold 15 (max 15)
- age   1:      40856 bytes,      40856 total
- age   2:      23024 bytes,      63880 total
- age   3:      21560 bytes,      85440 total
- age   4:      44624 bytes,     130064 total
- age   5:      20000 bytes,     150064 total
- age   6:      16352 bytes,     166416 total
- age   7:      29824 bytes,     196240 total
- age   8:      42808 bytes,     239048 total
- age   9:      10296 bytes,     249344 total
- age  10:      24184 bytes,     273528 total
- age  11:      25112 bytes,     298640 total
- age  12:      50416 bytes,     349056 total
- age  13:      33800 bytes,     382856 total
- age  14:      25696 bytes,     408552 total
- age  15:      40728 bytes,     449280 total
, 0.0086982 secs]
   [Parallel Time: 6.0 ms, GC Workers: 2]
      [GC Worker Start (ms): Min: 4727977.4, Avg: 4727977.4, Max: 4727977.4, Diff: 0.0]
      [Ext Root Scanning (ms): Min: 1.1, Avg: 1.2, Max: 1.4, Diff: 0.3, Sum: 2.5]
      [Update RS (ms): Min: 0.4, Avg: 0.5, Max: 0.5, Diff: 0.1, Sum: 0.9]
         [Processed Buffers: Min: 1, Avg: 13.0, Max: 25, Diff: 24, Sum: 26]
      [Scan RS (ms): Min: 2.1, Avg: 2.1, Max: 2.1, Diff: 0.0, Sum: 4.3]
      [Code Root Scanning (ms): Min: 0.8, Avg: 0.8, Max: 0.8, Diff: 0.0, Sum: 1.6]
      [Object Copy (ms): Min: 1.1, Avg: 1.2, Max: 1.3, Diff: 0.2, Sum: 2.5]
      [Termination (ms): Min: 0.0, Avg: 0.0, Max: 0.0, Diff: 0.0, Sum: 0.0]
      [GC Worker Other (ms): Min: 0.0, Avg: 0.0, Max: 0.1, Diff: 0.0, Sum: 0.1]
      [GC Worker Total (ms): Min: 5.9, Avg: 5.9, Max: 5.9, Diff: 0.0, Sum: 11.9]
      [GC Worker End (ms): Min: 4727983.3, Avg: 4727983.3, Max: 4727983.3, Diff: 0.0]
   [Code Root Fixup: 0.2 ms]
   [Code Root Migration: 0.1 ms]
   [Clear CT: 0.8 ms]
   [Other: 1.6 ms]
      [Choose CSet: 0.0 ms]
      [Ref Proc: 0.1 ms]
      [Ref Enq: 0.0 ms]
      [Free CSet: 1.4 ms]
   [Eden: 3376.0M(3376.0M)->0.0B(3376.0M) Survivors: 2048.0K->2048.0K Heap: 4738.3M(5632.0M)->1362.4M(5632.0M)]
 [Times: user=0.01 sys=0.00, real=0.01 secs] 
2014-06-25T01:29:45.537+0000: 4727.986: Total time for which application threads were stopped: 0.0092248 seconds
2014-06-25T01:29:52.099+0000: 4734.548: [GC pause (G1 Evacuation Pause) (young)
Desired survivor size 222298112 bytes, new threshold 15 (max 15)
- age   1:      30232 bytes,      30232 total
- age   2:      26712 bytes,      56944 total
- age   3:      22936 bytes,      79880 total
- age   4:      21480 bytes,     101360 total
- age   5:      44624 bytes,     145984 total
- age   6:      20000 bytes,     165984 total
- age   7:      16352 bytes,     182336 total
- age   8:      29824 bytes,     212160 total
- age   9:      42808 bytes,     254968 total
- age  10:      10296 bytes,     265264 total
- age  11:      24184 bytes,     289448 total
- age  12:      25112 bytes,     314560 total
- age  13:      50416 bytes,     364976 total
- age  14:      33800 bytes,     398776 total
- age  15:      25696 bytes,     424472 total
, 0.0088295 secs]
   [Parallel Time: 6.0 ms, GC Workers: 2]
      [GC Worker Start (ms): Min: 4734547.8, Avg: 4734547.8, Max: 4734547.8, Diff: 0.0]
      [Ext Root Scanning (ms): Min: 1.1, Avg: 1.3, Max: 1.4, Diff: 0.3, Sum: 2.5]
      [Update RS (ms): Min: 0.4, Avg: 0.5, Max: 0.6, Diff: 0.1, Sum: 1.0]
         [Processed Buffers: Min: 5, Avg: 12.5, Max: 20, Diff: 15, Sum: 25]
      [Scan RS (ms): Min: 2.1, Avg: 2.1, Max: 2.2, Diff: 0.0, Sum: 4.3]
      [Code Root Scanning (ms): Min: 0.8, Avg: 0.8, Max: 0.8, Diff: 0.0, Sum: 1.6]
      [Object Copy (ms): Min: 1.1, Avg: 1.2, Max: 1.3, Diff: 0.2, Sum: 2.4]
      [Termination (ms): Min: 0.0, Avg: 0.0, Max: 0.0, Diff: 0.0, Sum: 0.0]
      [GC Worker Other (ms): Min: 0.0, Avg: 0.1, Max: 0.1, Diff: 0.0, Sum: 0.1]
      [GC Worker Total (ms): Min: 5.9, Avg: 6.0, Max: 6.0, Diff: 0.0, Sum: 11.9]
      [GC Worker End (ms): Min: 4734553.8, Avg: 4734553.8, Max: 4734553.8, Diff: 0.0]
   [Code Root Fixup: 0.2 ms]
   [Code Root Migration: 0.1 ms]
   [Clear CT: 0.8 ms]
   [Other: 1.7 ms]
      [Choose CSet: 0.0 ms]
      [Ref Proc: 0.1 ms]
      [Ref Enq: 0.0 ms]
      [Free CSet: 1.5 ms]
   [Eden: 3376.0M(3376.0M)->0.0B(3376.0M) Survivors: 2048.0K->2048.0K Heap: 4738.4M(5632.0M)->1362.4M(5632.0M)]
 [Times: user=0.01 sys=0.00, real=0.01 secs] 
2014-06-25T01:29:52.108+0000: 4734.557: Total time for which application threads were stopped: 0.0093764 seconds
2014-06-25T01:29:58.731+0000: 4741.180: [GC pause (G1 Evacuation Pause) (young)
Desired survivor size 222298112 bytes, new threshold 15 (max 15)
- age   1:      29624 bytes,      29624 total
- age   2:      15088 bytes,      44712 total
- age   3:      26488 bytes,      71200 total
- age   4:      22880 bytes,      94080 total
- age   5:      21480 bytes,     115560 total
- age   6:      44624 bytes,     160184 total
- age   7:      20000 bytes,     180184 total
- age   8:      16352 bytes,     196536 total
- age   9:      29824 bytes,     226360 total
- age  10:      42808 bytes,     269168 total
- age  11:      10296 bytes,     279464 total
- age  12:      24184 bytes,     303648 total
- age  13:      25112 bytes,     328760 total
- age  14:      50416 bytes,     379176 total
- age  15:      33800 bytes,     412976 total
, 0.0088354 secs]
   [Parallel Time: 6.0 ms, GC Workers: 2]
      [GC Worker Start (ms): Min: 4741180.6, Avg: 4741180.6, Max: 4741180.6, Diff: 0.0]
      [Ext Root Scanning (ms): Min: 1.1, Avg: 1.2, Max: 1.4, Diff: 0.3, Sum: 2.5]
      [Update RS (ms): Min: 0.4, Avg: 0.5, Max: 0.5, Diff: 0.1, Sum: 0.9]
         [Processed Buffers: Min: 4, Avg: 12.0, Max: 20, Diff: 16, Sum: 24]
      [Scan RS (ms): Min: 2.1, Avg: 2.1, Max: 2.2, Diff: 0.1, Sum: 4.3]
      [Code Root Scanning (ms): Min: 0.8, Avg: 0.8, Max: 0.8, Diff: 0.0, Sum: 1.6]
      [Object Copy (ms): Min: 1.1, Avg: 1.2, Max: 1.2, Diff: 0.1, Sum: 2.3]
      [Termination (ms): Min: 0.0, Avg: 0.0, Max: 0.0, Diff: 0.0, Sum: 0.0]
      [GC Worker Other (ms): Min: 0.0, Avg: 0.1, Max: 0.1, Diff: 0.0, Sum: 0.1]
      [GC Worker Total (ms): Min: 5.9, Avg: 5.9, Max: 5.9, Diff: 0.0, Sum: 11.7]
      [GC Worker End (ms): Min: 4741186.4, Avg: 4741186.4, Max: 4741186.4, Diff: 0.0]
   [Code Root Fixup: 0.2 ms]
   [Code Root Migration: 0.1 ms]
   [Clear CT: 0.8 ms]
   [Other: 1.8 ms]
      [Choose CSet: 0.0 ms]
      [Ref Proc: 0.1 ms]
      [Ref Enq: 0.0 ms]
      [Free CSet: 1.6 ms]
   [Eden: 3376.0M(3376.0M)->0.0B(3376.0M) Survivors: 2048.0K->2048.0K Heap: 4738.4M(5632.0M)->1362.4M(5632.0M)]
 [Times: user=0.01 sys=0.00, real=0.01 secs] 
2014-06-25T01:29:58.740+0000: 4741.189: Total time for which application threads were stopped: 0.0093887 seconds
2014-06-25T01:30:05.552+0000: 4748.001: [GC pause (G1 Evacuation Pause) (young)
Desired survivor size 222298112 bytes, new threshold 15 (max 15)
- age   1:      29160 bytes,      29160 total
- age   2:      16608 bytes,      45768 total
- age   3:      14968 bytes,      60736 total
- age   4:      26464 bytes,      87200 total
- age   5:      22880 bytes,     110080 total
- age   6:      21480 bytes,     131560 total
- age   7:      44624 bytes,     176184 total
- age   8:      20000 bytes,     196184 total
- age   9:      16352 bytes,     212536 total
- age  10:      29824 bytes,     242360 total
- age  11:      42808 bytes,     285168 total
- age  12:      10296 bytes,     295464 total
- age  13:      24184 bytes,     319648 total
- age  14:      25112 bytes,     344760 total
- age  15:      50416 bytes,     395176 total
, 0.0087332 secs]
   [Parallel Time: 5.9 ms, GC Workers: 2]
      [GC Worker Start (ms): Min: 4748001.4, Avg: 4748001.4, Max: 4748001.4, Diff: 0.0]
      [Ext Root Scanning (ms): Min: 1.1, Avg: 1.2, Max: 1.3, Diff: 0.2, Sum: 2.4]
      [Update RS (ms): Min: 0.4, Avg: 0.5, Max: 0.5, Diff: 0.1, Sum: 1.0]
         [Processed Buffers: Min: 6, Avg: 13.5, Max: 21, Diff: 15, Sum: 27]
      [Scan RS (ms): Min: 2.1, Avg: 2.1, Max: 2.2, Diff: 0.0, Sum: 4.3]
      [Code Root Scanning (ms): Min: 0.8, Avg: 0.8, Max: 0.8, Diff: 0.0, Sum: 1.6]
      [Object Copy (ms): Min: 1.1, Avg: 1.1, Max: 1.2, Diff: 0.1, Sum: 2.2]
      [Termination (ms): Min: 0.0, Avg: 0.0, Max: 0.0, Diff: 0.0, Sum: 0.0]
      [GC Worker Other (ms): Min: 0.0, Avg: 0.1, Max: 0.1, Diff: 0.0, Sum: 0.1]
      [GC Worker Total (ms): Min: 5.8, Avg: 5.8, Max: 5.8, Diff: 0.0, Sum: 11.6]
      [GC Worker End (ms): Min: 4748007.2, Avg: 4748007.2, Max: 4748007.2, Diff: 0.0]
   [Code Root Fixup: 0.2 ms]
   [Code Root Migration: 0.1 ms]
   [Clear CT: 0.8 ms]
   [Other: 1.8 ms]
      [Choose CSet: 0.0 ms]
      [Ref Proc: 0.1 ms]
      [Ref Enq: 0.0 ms]
      [Free CSet: 1.5 ms]
   [Eden: 3376.0M(3376.0M)->0.0B(3376.0M) Survivors: 2048.0K->2048.0K Heap: 4738.4M(5632.0M)->1362.5M(5632.0M)]
 [Times: user=0.00 sys=0.01, real=0.00 secs] 
2014-06-25T01:30:05.561+0000: 4748.010: Total time for which application threads were stopped: 0.0093284 seconds
2014-06-25T01:30:12.182+0000: 4754.632: [GC pause (G1 Evacuation Pause) (young)
Desired survivor size 222298112 bytes, new threshold 15 (max 15)
- age   1:      29752 bytes,      29752 total
- age   2:      16608 bytes,      46360 total
- age   3:      16456 bytes,      62816 total
- age   4:      14920 bytes,      77736 total
- age   5:      26464 bytes,     104200 total
- age   6:      22760 bytes,     126960 total
- age   7:      21480 bytes,     148440 total
- age   8:      44624 bytes,     193064 total
- age   9:      20000 bytes,     213064 total
- age  10:      16352 bytes,     229416 total
- age  11:      29792 bytes,     259208 total
- age  12:      42808 bytes,     302016 total
- age  13:      10296 bytes,     312312 total
- age  14:      24184 bytes,     336496 total
- age  15:      25112 bytes,     361608 total
, 0.0086709 secs]
   [Parallel Time: 5.9 ms, GC Workers: 2]
      [GC Worker Start (ms): Min: 4754631.7, Avg: 4754631.7, Max: 4754631.7, Diff: 0.0]
      [Ext Root Scanning (ms): Min: 1.1, Avg: 1.2, Max: 1.4, Diff: 0.3, Sum: 2.5]
      [Update RS (ms): Min: 0.4, Avg: 0.5, Max: 0.5, Diff: 0.1, Sum: 1.0]
         [Processed Buffers: Min: 9, Avg: 12.5, Max: 16, Diff: 7, Sum: 25]
      [Scan RS (ms): Min: 2.1, Avg: 2.1, Max: 2.2, Diff: 0.0, Sum: 4.3]
      [Code Root Scanning (ms): Min: 0.8, Avg: 0.8, Max: 0.8, Diff: 0.0, Sum: 1.6]
      [Object Copy (ms): Min: 1.0, Avg: 1.1, Max: 1.1, Diff: 0.1, Sum: 2.1]
      [Termination (ms): Min: 0.0, Avg: 0.0, Max: 0.0, Diff: 0.0, Sum: 0.0]
      [GC Worker Other (ms): Min: 0.0, Avg: 0.1, Max: 0.1, Diff: 0.0, Sum: 0.1]
      [GC Worker Total (ms): Min: 5.8, Avg: 5.8, Max: 5.8, Diff: 0.1, Sum: 11.6]
      [GC Worker End (ms): Min: 4754637.5, Avg: 4754637.5, Max: 4754637.5, Diff: 0.0]
   [Code Root Fixup: 0.2 ms]
   [Code Root Migration: 0.1 ms]
   [Clear CT: 0.8 ms]
   [Other: 1.7 ms]
      [Choose CSet: 0.0 ms]
      [Ref Proc: 0.1 ms]
      [Ref Enq: 0.0 ms]
      [Free CSet: 1.5 ms]
   [Eden: 3376.0M(3376.0M)->0.0B(3376.0M) Survivors: 2048.0K->2048.0K Heap: 4738.5M(5632.0M)->1362.5M(5632.0M)]
 [Times: user=0.02 sys=0.00, real=0.01 secs] 
2014-06-25T01:30:12.191+0000: 4754.640: Total time for which application threads were stopped: 0.0092161 seconds
2014-06-25T01:30:18.805+0000: 4761.254: [GC pause (G1 Evacuation Pause) (young)
Desired survivor size 222298112 bytes, new threshold 15 (max 15)
- age   1:      40208 bytes,      40208 total
- age   2:       9856 bytes,      50064 total
- age   3:      16416 bytes,      66480 total
- age   4:      16400 bytes,      82880 total
- age   5:      14920 bytes,      97800 total
- age   6:      26464 bytes,     124264 total
- age   7:      22760 bytes,     147024 total
- age   8:      21480 bytes,     168504 total
- age   9:      44624 bytes,     213128 total
- age  10:      20000 bytes,     233128 total
- age  11:      16352 bytes,     249480 total
- age  12:      29792 bytes,     279272 total
- age  13:      42808 bytes,     322080 total
- age  14:      10296 bytes,     332376 total
- age  15:      24184 bytes,     356560 total
, 0.0088137 secs]
   [Parallel Time: 5.8 ms, GC Workers: 2]
      [GC Worker Start (ms): Min: 4761254.5, Avg: 4761254.5, Max: 4761254.6, Diff: 0.0]
      [Ext Root Scanning (ms): Min: 1.1, Avg: 1.3, Max: 1.4, Diff: 0.3, Sum: 2.5]
      [Update RS (ms): Min: 0.4, Avg: 0.4, Max: 0.5, Diff: 0.2, Sum: 0.9]
         [Processed Buffers: Min: 5, Avg: 12.0, Max: 19, Diff: 14, Sum: 24]
      [Scan RS (ms): Min: 2.1, Avg: 2.2, Max: 2.2, Diff: 0.1, Sum: 4.4]
      [Code Root Scanning (ms): Min: 0.8, Avg: 0.8, Max: 0.9, Diff: 0.1, Sum: 1.6]
      [Object Copy (ms): Min: 0.9, Avg: 1.0, Max: 1.1, Diff: 0.2, Sum: 2.0]
      [Termination (ms): Min: 0.0, Avg: 0.0, Max: 0.0, Diff: 0.0, Sum: 0.0]
      [GC Worker Other (ms): Min: 0.0, Avg: 0.0, Max: 0.1, Diff: 0.0, Sum: 0.1]
      [GC Worker Total (ms): Min: 5.8, Avg: 5.8, Max: 5.8, Diff: 0.0, Sum: 11.6]
      [GC Worker End (ms): Min: 4761260.3, Avg: 4761260.3, Max: 4761260.3, Diff: 0.0]
   [Code Root Fixup: 0.2 ms]
   [Code Root Migration: 0.1 ms]
   [Clear CT: 0.8 ms]
   [Other: 1.8 ms]
      [Choose CSet: 0.0 ms]
      [Ref Proc: 0.1 ms]
      [Ref Enq: 0.0 ms]
      [Free CSet: 1.6 ms]
   [Eden: 3376.0M(3376.0M)->0.0B(3376.0M) Survivors: 2048.0K->2048.0K Heap: 4738.5M(5632.0M)->1362.5M(5632.0M)]
 [Times: user=0.01 sys=0.00, real=0.01 secs] 
2014-06-25T01:30:18.814+0000: 4761.263: Total time for which application threads were stopped: 0.0093851 seconds
2014-06-25T01:30:24.095+0000: 4766.544: Total time for which application threads were stopped: 0.0003666 seconds
2014-06-25T01:30:25.476+0000: 4767.925: [GC pause (G1 Evacuation Pause) (young)
Desired survivor size 222298112 bytes, new threshold 15 (max 15)
- age   1:      23256 bytes,      23256 total
- age   2:      19040 bytes,      42296 total
- age   3:       9736 bytes,      52032 total
- age   4:      16392 bytes,      68424 total
- age   5:      16400 bytes,      84824 total
- age   6:      14920 bytes,      99744 total
- age   7:      26464 bytes,     126208 total
- age   8:      22760 bytes,     148968 total
- age   9:      21480 bytes,     170448 total
- age  10:      44624 bytes,     215072 total
- age  11:      20000 bytes,     235072 total
- age  12:      16352 bytes,     251424 total
- age  13:      29656 bytes,     281080 total
- age  14:      42808 bytes,     323888 total
- age  15:      10296 bytes,     334184 total
, 0.0090976 secs]
   [Parallel Time: 6.5 ms, GC Workers: 2]
      [GC Worker Start (ms): Min: 4767925.0, Avg: 4767925.0, Max: 4767925.0, Diff: 0.0]
      [Ext Root Scanning (ms): Min: 1.1, Avg: 1.2, Max: 1.3, Diff: 0.2, Sum: 2.4]
      [Update RS (ms): Min: 1.0, Avg: 1.1, Max: 1.2, Diff: 0.2, Sum: 2.2]
         [Processed Buffers: Min: 3, Avg: 15.5, Max: 28, Diff: 25, Sum: 31]
      [Scan RS (ms): Min: 2.1, Avg: 2.2, Max: 2.3, Diff: 0.2, Sum: 4.3]
      [Code Root Scanning (ms): Min: 0.8, Avg: 0.8, Max: 0.8, Diff: 0.0, Sum: 1.6]
      [Object Copy (ms): Min: 1.0, Avg: 1.1, Max: 1.2, Diff: 0.2, Sum: 2.2]
      [Termination (ms): Min: 0.0, Avg: 0.0, Max: 0.0, Diff: 0.0, Sum: 0.0]
      [GC Worker Other (ms): Min: 0.0, Avg: 0.0, Max: 0.0, Diff: 0.0, Sum: 0.1]
      [GC Worker Total (ms): Min: 6.4, Avg: 6.4, Max: 6.4, Diff: 0.0, Sum: 12.9]
      [GC Worker End (ms): Min: 4767931.4, Avg: 4767931.4, Max: 4767931.4, Diff: 0.0]
   [Code Root Fixup: 0.2 ms]
   [Code Root Migration: 0.1 ms]
   [Clear CT: 0.8 ms]
   [Other: 1.6 ms]
      [Choose CSet: 0.0 ms]
      [Ref Proc: 0.1 ms]
      [Ref Enq: 0.0 ms]
      [Free CSet: 1.4 ms]
   [Eden: 3376.0M(3376.0M)->0.0B(3376.0M) Survivors: 2048.0K->2048.0K Heap: 4738.5M(5632.0M)->1362.8M(5632.0M)]
 [Times: user=0.01 sys=0.01, real=0.01 secs] 
2014-06-25T01:30:25.485+0000: 4767.934: Total time for which application threads were stopped: 0.0096269 seconds
2014-06-25T01:30:26.124+0000: 4768.573: Total time for which application threads were stopped: 0.0005623 seconds
2014-06-25T01:30:32.014+0000: 4774.463: [GC pause (G1 Evacuation Pause) (young)
Desired survivor size 222298112 bytes, new threshold 15 (max 15)
- age   1:     114424 bytes,     114424 total
- age   2:       9656 bytes,     124080 total
- age   3:      18888 bytes,     142968 total
- age   4:       9656 bytes,     152624 total
- age   5:      16392 bytes,     169016 total
- age   6:      16400 bytes,     185416 total
- age   7:      14920 bytes,     200336 total
- age   8:      26432 bytes,     226768 total
- age   9:      22760 bytes,     249528 total
- age  10:      21480 bytes,     271008 total
- age  11:      44624 bytes,     315632 total
- age  12:      20000 bytes,     335632 total
- age  13:      16352 bytes,     351984 total
- age  14:      29656 bytes,     381640 total
- age  15:      42808 bytes,     424448 total
, 0.0087475 secs]
   [Parallel Time: 6.1 ms, GC Workers: 2]
      [GC Worker Start (ms): Min: 4774463.3, Avg: 4774463.3, Max: 4774463.3, Diff: 0.0]
      [Ext Root Scanning (ms): Min: 1.1, Avg: 1.3, Max: 1.4, Diff: 0.3, Sum: 2.5]
      [Update RS (ms): Min: 0.5, Avg: 0.6, Max: 0.7, Diff: 0.1, Sum: 1.2]
         [Processed Buffers: Min: 11, Avg: 15.5, Max: 20, Diff: 9, Sum: 31]
      [Scan RS (ms): Min: 2.1, Avg: 2.1, Max: 2.2, Diff: 0.0, Sum: 4.3]
      [Code Root Scanning (ms): Min: 0.8, Avg: 0.8, Max: 0.8, Diff: 0.0, Sum: 1.6]
      [Object Copy (ms): Min: 1.1, Avg: 1.2, Max: 1.2, Diff: 0.2, Sum: 2.3]
      [Termination (ms): Min: 0.0, Avg: 0.0, Max: 0.0, Diff: 0.0, Sum: 0.0]
      [GC Worker Other (ms): Min: 0.0, Avg: 0.1, Max: 0.1, Diff: 0.0, Sum: 0.1]
      [GC Worker Total (ms): Min: 6.0, Avg: 6.0, Max: 6.0, Diff: 0.0, Sum: 12.0]
      [GC Worker End (ms): Min: 4774469.3, Avg: 4774469.3, Max: 4774469.3, Diff: 0.0]
   [Code Root Fixup: 0.2 ms]
   [Code Root Migration: 0.1 ms]
   [Clear CT: 0.8 ms]
   [Other: 1.6 ms]
      [Choose CSet: 0.0 ms]
      [Ref Proc: 0.1 ms]
      [Ref Enq: 0.0 ms]
      [Free CSet: 1.4 ms]
   [Eden: 3376.0M(3376.0M)->0.0B(3376.0M) Survivors: 2048.0K->2048.0K Heap: 4738.8M(5632.0M)->1362.8M(5632.0M)]
 [Times: user=0.02 sys=0.00, real=0.01 secs] 
2014-06-25T01:30:32.023+0000: 4774.472: Total time for which application threads were stopped: 0.0092684 seconds
2014-06-25T01:30:38.584+0000: 4781.033: [GC pause (G1 Evacuation Pause) (young)
Desired survivor size 222298112 bytes, new threshold 15 (max 15)
- age   1:      60528 bytes,      60528 total
- age   2:      83968 bytes,     144496 total
- age   3:       9464 bytes,     153960 total
- age   4:      18864 bytes,     172824 total
- age   5:       9536 bytes,     182360 total
- age   6:      16392 bytes,     198752 total
- age   7:      16400 bytes,     215152 total
- age   8:      14920 bytes,     230072 total
- age   9:      26432 bytes,     256504 total
- age  10:      22728 bytes,     279232 total
- age  11:      21480 bytes,     300712 total
- age  12:      44624 bytes,     345336 total
- age  13:      20000 bytes,     365336 total
- age  14:      16352 bytes,     381688 total
- age  15:      29656 bytes,     411344 total
, 0.0087998 secs]
   [Parallel Time: 6.1 ms, GC Workers: 2]
      [GC Worker Start (ms): Min: 4781033.1, Avg: 4781033.1, Max: 4781033.1, Diff: 0.0]
      [Ext Root Scanning (ms): Min: 1.1, Avg: 1.2, Max: 1.4, Diff: 0.3, Sum: 2.5]
      [Update RS (ms): Min: 0.5, Avg: 0.6, Max: 0.7, Diff: 0.1, Sum: 1.2]
         [Processed Buffers: Min: 12, Avg: 12.5, Max: 13, Diff: 1, Sum: 25]
      [Scan RS (ms): Min: 2.1, Avg: 2.1, Max: 2.2, Diff: 0.0, Sum: 4.3]
      [Code Root Scanning (ms): Min: 0.8, Avg: 0.8, Max: 0.8, Diff: 0.0, Sum: 1.7]
      [Object Copy (ms): Min: 1.0, Avg: 1.1, Max: 1.2, Diff: 0.2, Sum: 2.2]
      [Termination (ms): Min: 0.0, Avg: 0.0, Max: 0.0, Diff: 0.0, Sum: 0.0]
      [GC Worker Other (ms): Min: 0.0, Avg: 0.1, Max: 0.1, Diff: 0.0, Sum: 0.1]
      [GC Worker Total (ms): Min: 6.0, Avg: 6.0, Max: 6.0, Diff: 0.0, Sum: 11.9]
      [GC Worker End (ms): Min: 4781039.1, Avg: 4781039.1, Max: 4781039.1, Diff: 0.0]
   [Code Root Fixup: 0.2 ms]
   [Code Root Migration: 0.1 ms]
   [Clear CT: 0.8 ms]
   [Other: 1.7 ms]
      [Choose CSet: 0.0 ms]
      [Ref Proc: 0.1 ms]
      [Ref Enq: 0.0 ms]
      [Free CSet: 1.5 ms]
   [Eden: 3376.0M(3376.0M)->0.0B(3376.0M) Survivors: 2048.0K->2048.0K Heap: 4738.8M(5632.0M)->1362.8M(5632.0M)]
 [Times: user=0.02 sys=0.00, real=0.01 secs] 
2014-06-25T01:30:38.593+0000: 4781.042: Total time for which application threads were stopped: 0.0094017 seconds
2014-06-25T01:30:45.159+0000: 4787.608: [GC pause (G1 Evacuation Pause) (young)
Desired survivor size 222298112 bytes, new threshold 15 (max 15)
- age   1:      35992 bytes,      35992 total
- age   2:      46880 bytes,      82872 total
- age   3:      83768 bytes,     166640 total
- age   4:       9440 bytes,     176080 total
- age   5:      18864 bytes,     194944 total
- age   6:       9536 bytes,     204480 total
- age   7:      16392 bytes,     220872 total
- age   8:      16400 bytes,     237272 total
- age   9:      14920 bytes,     252192 total
- age  10:      26432 bytes,     278624 total
- age  11:      22728 bytes,     301352 total
- age  12:      21480 bytes,     322832 total
- age  13:      44488 bytes,     367320 total
- age  14:      20000 bytes,     387320 total
- age  15:      16352 bytes,     403672 total
, 0.0085916 secs]
   [Parallel Time: 5.9 ms, GC Workers: 2]
      [GC Worker Start (ms): Min: 4787608.0, Avg: 4787608.0, Max: 4787608.0, Diff: 0.0]
      [Ext Root Scanning (ms): Min: 1.1, Avg: 1.3, Max: 1.4, Diff: 0.3, Sum: 2.5]
      [Update RS (ms): Min: 0.5, Avg: 0.6, Max: 0.6, Diff: 0.1, Sum: 1.1]
         [Processed Buffers: Min: 10, Avg: 13.0, Max: 16, Diff: 6, Sum: 26]
      [Scan RS (ms): Min: 2.0, Avg: 2.1, Max: 2.1, Diff: 0.0, Sum: 4.1]
      [Code Root Scanning (ms): Min: 0.8, Avg: 0.8, Max: 0.8, Diff: 0.0, Sum: 1.6]
      [Object Copy (ms): Min: 1.0, Avg: 1.0, Max: 1.1, Diff: 0.2, Sum: 2.1]
      [Termination (ms): Min: 0.0, Avg: 0.0, Max: 0.0, Diff: 0.0, Sum: 0.0]
      [GC Worker Other (ms): Min: 0.0, Avg: 0.0, Max: 0.1, Diff: 0.0, Sum: 0.1]
      [GC Worker Total (ms): Min: 5.8, Avg: 5.8, Max: 5.8, Diff: 0.0, Sum: 11.6]
      [GC Worker End (ms): Min: 4787613.8, Avg: 4787613.8, Max: 4787613.8, Diff: 0.0]
   [Code Root Fixup: 0.2 ms]
   [Code Root Migration: 0.1 ms]
   [Clear CT: 0.8 ms]
   [Other: 1.7 ms]
      [Choose CSet: 0.0 ms]
      [Ref Proc: 0.1 ms]
      [Ref Enq: 0.0 ms]
      [Free CSet: 1.4 ms]
   [Eden: 3376.0M(3376.0M)->0.0B(3376.0M) Survivors: 2048.0K->2048.0K Heap: 4738.8M(5632.0M)->1362.9M(5632.0M)]
 [Times: user=0.02 sys=0.00, real=0.01 secs] 
2014-06-25T01:30:45.168+0000: 4787.617: Total time for which application threads were stopped: 0.0091341 seconds
2014-06-25T01:30:49.168+0000: 4791.618: Total time for which application threads were stopped: 0.0003722 seconds
2014-06-25T01:30:49.968+0000: 4792.417: Total time for which application threads were stopped: 0.0003650 seconds
2014-06-25T01:30:51.715+0000: 4794.164: [GC pause (G1 Evacuation Pause) (young)
Desired survivor size 222298112 bytes, new threshold 15 (max 15)
- age   1:      24800 bytes,      24800 total
- age   2:      21360 bytes,      46160 total
- age   3:      46728 bytes,      92888 total
- age   4:      83720 bytes,     176608 total
- age   5:       9440 bytes,     186048 total
- age   6:      18864 bytes,     204912 total
- age   7:       9536 bytes,     214448 total
- age   8:      16392 bytes,     230840 total
- age   9:      16400 bytes,     247240 total
- age  10:      14920 bytes,     262160 total
- age  11:      26432 bytes,     288592 total
- age  12:      22728 bytes,     311320 total
- age  13:      21480 bytes,     332800 total
- age  14:      44488 bytes,     377288 total
- age  15:      20000 bytes,     397288 total
, 0.0086805 secs]
   [Parallel Time: 6.0 ms, GC Workers: 2]
      [GC Worker Start (ms): Min: 4794163.8, Avg: 4794163.9, Max: 4794163.9, Diff: 0.0]
      [Ext Root Scanning (ms): Min: 1.1, Avg: 1.2, Max: 1.3, Diff: 0.2, Sum: 2.4]
      [Update RS (ms): Min: 0.5, Avg: 0.5, Max: 0.6, Diff: 0.0, Sum: 1.1]
         [Processed Buffers: Min: 6, Avg: 14.0, Max: 22, Diff: 16, Sum: 28]
      [Scan RS (ms): Min: 2.1, Avg: 2.2, Max: 2.2, Diff: 0.1, Sum: 4.4]
      [Code Root Scanning (ms): Min: 0.8, Avg: 0.8, Max: 0.8, Diff: 0.0, Sum: 1.7]
      [Object Copy (ms): Min: 1.0, Avg: 1.1, Max: 1.1, Diff: 0.1, Sum: 2.2]
      [Termination (ms): Min: 0.0, Avg: 0.0, Max: 0.0, Diff: 0.0, Sum: 0.0]
      [GC Worker Other (ms): Min: 0.0, Avg: 0.0, Max: 0.1, Diff: 0.0, Sum: 0.1]
      [GC Worker Total (ms): Min: 5.9, Avg: 5.9, Max: 5.9, Diff: 0.0, Sum: 11.8]
      [GC Worker End (ms): Min: 4794169.7, Avg: 4794169.8, Max: 4794169.8, Diff: 0.0]
   [Code Root Fixup: 0.2 ms]
   [Code Root Migration: 0.1 ms]
   [Clear CT: 0.8 ms]
   [Other: 1.6 ms]
      [Choose CSet: 0.0 ms]
      [Ref Proc: 0.1 ms]
      [Ref Enq: 0.0 ms]
      [Free CSet: 1.4 ms]
   [Eden: 3376.0M(3376.0M)->0.0B(3376.0M) Survivors: 2048.0K->2048.0K Heap: 4738.9M(5632.0M)->1363.1M(5632.0M)]
 [Times: user=0.02 sys=0.01, real=0.01 secs] 
2014-06-25T01:30:51.723+0000: 4794.173: Total time for which application threads were stopped: 0.0092325 seconds
2014-06-25T01:30:58.258+0000: 4800.707: [GC pause (G1 Evacuation Pause) (young)
Desired survivor size 222298112 bytes, new threshold 15 (max 15)
- age   1:      57064 bytes,      57064 total
- age   2:      11112 bytes,      68176 total
- age   3:      21168 bytes,      89344 total
- age   4:      28920 bytes,     118264 total
- age   5:      83624 bytes,     201888 total
- age   6:       9440 bytes,     211328 total
- age   7:      18864 bytes,     230192 total
- age   8:       9536 bytes,     239728 total
- age   9:      16392 bytes,     256120 total
- age  10:      16400 bytes,     272520 total
- age  11:      14920 bytes,     287440 total
- age  12:      26432 bytes,     313872 total
- age  13:      22728 bytes,     336600 total
- age  14:      21480 bytes,     358080 total
- age  15:      44488 bytes,     402568 total
, 0.0090452 secs]
   [Parallel Time: 6.0 ms, GC Workers: 2]
      [GC Worker Start (ms): Min: 4800706.8, Avg: 4800706.8, Max: 4800706.8, Diff: 0.0]
      [Ext Root Scanning (ms): Min: 1.1, Avg: 1.3, Max: 1.4, Diff: 0.3, Sum: 2.5]
      [Update RS (ms): Min: 0.5, Avg: 0.6, Max: 0.6, Diff: 0.1, Sum: 1.1]
         [Processed Buffers: Min: 1, Avg: 12.5, Max: 24, Diff: 23, Sum: 25]
      [Scan RS (ms): Min: 2.2, Avg: 2.2, Max: 2.2, Diff: 0.0, Sum: 4.3]
      [Code Root Scanning (ms): Min: 0.8, Avg: 0.8, Max: 0.8, Diff: 0.1, Sum: 1.6]
      [Object Copy (ms): Min: 1.0, Avg: 1.1, Max: 1.2, Diff: 0.2, Sum: 2.2]
      [Termination (ms): Min: 0.0, Avg: 0.0, Max: 0.0, Diff: 0.0, Sum: 0.0]
      [GC Worker Other (ms): Min: 0.0, Avg: 0.1, Max: 0.1, Diff: 0.0, Sum: 0.1]
      [GC Worker Total (ms): Min: 5.9, Avg: 5.9, Max: 5.9, Diff: 0.0, Sum: 11.8]
      [GC Worker End (ms): Min: 4800712.7, Avg: 4800712.8, Max: 4800712.8, Diff: 0.0]
   [Code Root Fixup: 0.2 ms]
   [Code Root Migration: 0.1 ms]
   [Clear CT: 0.8 ms]
   [Other: 1.9 ms]
      [Choose CSet: 0.0 ms]
      [Ref Proc: 0.1 ms]
      [Ref Enq: 0.0 ms]
      [Free CSet: 1.7 ms]
   [Eden: 3376.0M(3376.0M)->0.0B(3376.0M) Survivors: 2048.0K->2048.0K Heap: 4739.1M(5632.0M)->1362.8M(5632.0M)]
 [Times: user=0.01 sys=0.00, real=0.01 secs] 
2014-06-25T01:30:58.267+0000: 4800.716: Total time for which application threads were stopped: 0.0096064 seconds
2014-06-25T01:31:01.284+0000: 4803.734: Total time for which application threads were stopped: 0.0003640 seconds
2014-06-25T01:31:05.007+0000: 4807.456: [GC pause (G1 Evacuation Pause) (young)
Desired survivor size 222298112 bytes, new threshold 15 (max 15)
- age   1:      21072 bytes,      21072 total
- age   2:      42624 bytes,      63696 total
- age   3:      10992 bytes,      74688 total
- age   4:      21144 bytes,      95832 total
- age   5:      28848 bytes,     124680 total
- age   6:      83624 bytes,     208304 total
- age   7:       9440 bytes,     217744 total
- age   8:      18864 bytes,     236608 total
- age   9:       9536 bytes,     246144 total
- age  10:      16392 bytes,     262536 total
- age  11:      16400 bytes,     278936 total
- age  12:      14920 bytes,     293856 total
- age  13:      26432 bytes,     320288 total
- age  14:      22728 bytes,     343016 total
- age  15:      21480 bytes,     364496 total
, 0.0086630 secs]
   [Parallel Time: 5.9 ms, GC Workers: 2]
      [GC Worker Start (ms): Min: 4807456.1, Avg: 4807456.1, Max: 4807456.1, Diff: 0.0]
      [Ext Root Scanning (ms): Min: 1.1, Avg: 1.2, Max: 1.4, Diff: 0.3, Sum: 2.5]
      [Update RS (ms): Min: 0.6, Avg: 0.6, Max: 0.7, Diff: 0.1, Sum: 1.2]
         [Processed Buffers: Min: 14, Avg: 17.0, Max: 20, Diff: 6, Sum: 34]
      [Scan RS (ms): Min: 2.1, Avg: 2.1, Max: 2.1, Diff: 0.1, Sum: 4.2]
      [Code Root Scanning (ms): Min: 0.8, Avg: 0.8, Max: 0.8, Diff: 0.0, Sum: 1.6]
      [Object Copy (ms): Min: 0.9, Avg: 1.0, Max: 1.0, Diff: 0.1, Sum: 1.9]
      [Termination (ms): Min: 0.0, Avg: 0.0, Max: 0.0, Diff: 0.0, Sum: 0.0]
      [GC Worker Other (ms): Min: 0.0, Avg: 0.0, Max: 0.1, Diff: 0.0, Sum: 0.1]
      [GC Worker Total (ms): Min: 5.8, Avg: 5.8, Max: 5.8, Diff: 0.0, Sum: 11.6]
      [GC Worker End (ms): Min: 4807461.9, Avg: 4807461.9, Max: 4807461.9, Diff: 0.0]
   [Code Root Fixup: 0.2 ms]
   [Code Root Migration: 0.1 ms]
   [Clear CT: 0.8 ms]
   [Other: 1.7 ms]
      [Choose CSet: 0.0 ms]
      [Ref Proc: 0.1 ms]
      [Ref Enq: 0.0 ms]
      [Free CSet: 1.5 ms]
   [Eden: 3376.0M(3376.0M)->0.0B(3376.0M) Survivors: 2048.0K->2048.0K Heap: 4738.8M(5632.0M)->1363.0M(5632.0M)]
 [Times: user=0.02 sys=0.00, real=0.01 secs] 
2014-06-25T01:31:05.016+0000: 4807.465: Total time for which application threads were stopped: 0.0092627 seconds
2014-06-25T01:31:11.575+0000: 4814.024: [GC pause (G1 Evacuation Pause) (young)
Desired survivor size 222298112 bytes, new threshold 15 (max 15)
- age   1:      69568 bytes,      69568 total
- age   2:       8192 bytes,      77760 total
- age   3:      26640 bytes,     104400 total
- age   4:      10944 bytes,     115344 total
- age   5:      21144 bytes,     136488 total
- age   6:      28488 bytes,     164976 total
- age   7:      81496 bytes,     246472 total
- age   8:       9440 bytes,     255912 total
- age   9:      18864 bytes,     274776 total
- age  10:       9504 bytes,     284280 total
- age  11:      16392 bytes,     300672 total
- age  12:      16400 bytes,     317072 total
- age  13:      14920 bytes,     331992 total
- age  14:      26432 bytes,     358424 total
- age  15:      22728 bytes,     381152 total
, 0.0088916 secs]
   [Parallel Time: 5.9 ms, GC Workers: 2]
      [GC Worker Start (ms): Min: 4814023.8, Avg: 4814023.8, Max: 4814023.8, Diff: 0.0]
      [Ext Root Scanning (ms): Min: 1.1, Avg: 1.3, Max: 1.4, Diff: 0.2, Sum: 2.5]
      [Update RS (ms): Min: 0.5, Avg: 0.5, Max: 0.6, Diff: 0.1, Sum: 1.1]
         [Processed Buffers: Min: 14, Avg: 14.0, Max: 14, Diff: 0, Sum: 28]
      [Scan RS (ms): Min: 2.2, Avg: 2.2, Max: 2.2, Diff: 0.1, Sum: 4.4]
      [Code Root Scanning (ms): Min: 0.8, Avg: 0.8, Max: 0.8, Diff: 0.0, Sum: 1.6]
      [Object Copy (ms): Min: 0.9, Avg: 0.9, Max: 1.0, Diff: 0.1, Sum: 1.9]
      [Termination (ms): Min: 0.0, Avg: 0.0, Max: 0.0, Diff: 0.0, Sum: 0.0]
      [GC Worker Other (ms): Min: 0.0, Avg: 0.1, Max: 0.1, Diff: 0.0, Sum: 0.1]
      [GC Worker Total (ms): Min: 5.8, Avg: 5.8, Max: 5.8, Diff: 0.0, Sum: 11.6]
      [GC Worker End (ms): Min: 4814029.6, Avg: 4814029.6, Max: 4814029.7, Diff: 0.0]
   [Code Root Fixup: 0.2 ms]
   [Code Root Migration: 0.1 ms]
   [Clear CT: 0.8 ms]
   [Other: 1.9 ms]
      [Choose CSet: 0.0 ms]
      [Ref Proc: 0.1 ms]
      [Ref Enq: 0.0 ms]
      [Free CSet: 1.6 ms]
   [Eden: 3376.0M(3376.0M)->0.0B(3376.0M) Survivors: 2048.0K->2048.0K Heap: 4739.0M(5632.0M)->1362.9M(5632.0M)]
 [Times: user=0.02 sys=0.00, real=0.01 secs] 
2014-06-25T01:31:11.584+0000: 4814.033: Total time for which application threads were stopped: 0.0094583 seconds
2014-06-25T01:31:16.294+0000: 4818.743: Total time for which application threads were stopped: 0.0009244 seconds
2014-06-25T01:31:18.129+0000: 4820.578: [GC pause (G1 Evacuation Pause) (young)
Desired survivor size 222298112 bytes, new threshold 15 (max 15)
- age   1:      34480 bytes,      34480 total
- age   2:      40976 bytes,      75456 total
- age   3:       8000 bytes,      83456 total
- age   4:      26616 bytes,     110072 total
- age   5:      10944 bytes,     121016 total
- age   6:      21144 bytes,     142160 total
- age   7:      26800 bytes,     168960 total
- age   8:      81496 bytes,     250456 total
- age   9:       9440 bytes,     259896 total
- age  10:      18864 bytes,     278760 total
- age  11:       9504 bytes,     288264 total
- age  12:      16392 bytes,     304656 total
- age  13:      16400 bytes,     321056 total
- age  14:      14920 bytes,     335976 total
- age  15:      26432 bytes,     362408 total
, 0.0083073 secs]
   [Parallel Time: 5.7 ms, GC Workers: 2]
      [GC Worker Start (ms): Min: 4820578.6, Avg: 4820578.6, Max: 4820578.6, Diff: 0.0]
      [Ext Root Scanning (ms): Min: 1.1, Avg: 1.2, Max: 1.4, Diff: 0.3, Sum: 2.5]
      [Update RS (ms): Min: 0.5, Avg: 0.5, Max: 0.6, Diff: 0.1, Sum: 1.0]
         [Processed Buffers: Min: 1, Avg: 13.0, Max: 25, Diff: 24, Sum: 26]
      [Scan RS (ms): Min: 2.1, Avg: 2.1, Max: 2.2, Diff: 0.1, Sum: 4.3]
      [Code Root Scanning (ms): Min: 0.8, Avg: 0.8, Max: 0.8, Diff: 0.0, Sum: 1.6]
      [Object Copy (ms): Min: 0.8, Avg: 0.9, Max: 0.9, Diff: 0.2, Sum: 1.7]
      [Termination (ms): Min: 0.0, Avg: 0.0, Max: 0.0, Diff: 0.0, Sum: 0.0]
      [GC Worker Other (ms): Min: 0.0, Avg: 0.0, Max: 0.1, Diff: 0.0, Sum: 0.1]
      [GC Worker Total (ms): Min: 5.6, Avg: 5.6, Max: 5.6, Diff: 0.0, Sum: 11.2]
      [GC Worker End (ms): Min: 4820584.2, Avg: 4820584.2, Max: 4820584.2, Diff: 0.0]
   [Code Root Fixup: 0.2 ms]
   [Code Root Migration: 0.1 ms]
   [Clear CT: 0.8 ms]
   [Other: 1.6 ms]
      [Choose CSet: 0.0 ms]
      [Ref Proc: 0.1 ms]
      [Ref Enq: 0.0 ms]
      [Free CSet: 1.4 ms]
   [Eden: 3376.0M(3376.0M)->0.0B(3376.0M) Survivors: 2048.0K->2048.0K Heap: 4738.9M(5632.0M)->1362.9M(5632.0M)]
 [Times: user=0.01 sys=0.00, real=0.01 secs] 
2014-06-25T01:31:18.138+0000: 4820.587: Total time for which application threads were stopped: 0.0088289 seconds
2014-06-25T01:31:24.800+0000: 4827.249: [GC pause (G1 Evacuation Pause) (young)
Desired survivor size 222298112 bytes, new threshold 15 (max 15)
- age   1:      22256 bytes,      22256 total
- age   2:      16984 bytes,      39240 total
- age   3:       5992 bytes,      45232 total
- age   4:       7976 bytes,      53208 total
- age   5:      26616 bytes,      79824 total
- age   6:      10944 bytes,      90768 total
- age   7:      21144 bytes,     111912 total
- age   8:      26800 bytes,     138712 total
- age   9:      81496 bytes,     220208 total
- age  10:       9440 bytes,     229648 total
- age  11:      18864 bytes,     248512 total
- age  12:       9504 bytes,     258016 total
- age  13:      16392 bytes,     274408 total
- age  14:      16400 bytes,     290808 total
- age  15:      14920 bytes,     305728 total
, 0.0093097 secs]
   [Parallel Time: 6.3 ms, GC Workers: 2]
      [GC Worker Start (ms): Min: 4827249.1, Avg: 4827249.1, Max: 4827249.1, Diff: 0.0]
      [Ext Root Scanning (ms): Min: 1.1, Avg: 1.2, Max: 1.4, Diff: 0.3, Sum: 2.5]
      [Update RS (ms): Min: 0.7, Avg: 0.7, Max: 0.8, Diff: 0.1, Sum: 1.5]
         [Processed Buffers: Min: 2, Avg: 15.0, Max: 28, Diff: 26, Sum: 30]
      [Scan RS (ms): Min: 2.1, Avg: 2.2, Max: 2.2, Diff: 0.2, Sum: 4.3]
      [Code Root Scanning (ms): Min: 0.8, Avg: 0.8, Max: 0.9, Diff: 0.1, Sum: 1.7]
      [Object Copy (ms): Min: 1.1, Avg: 1.2, Max: 1.3, Diff: 0.2, Sum: 2.4]
      [Termination (ms): Min: 0.0, Avg: 0.0, Max: 0.0, Diff: 0.0, Sum: 0.0]
      [GC Worker Other (ms): Min: 0.1, Avg: 0.1, Max: 0.1, Diff: 0.0, Sum: 0.1]
      [GC Worker Total (ms): Min: 6.2, Avg: 6.3, Max: 6.3, Diff: 0.0, Sum: 12.5]
      [GC Worker End (ms): Min: 4827255.3, Avg: 4827255.3, Max: 4827255.4, Diff: 0.0]
   [Code Root Fixup: 0.2 ms]
   [Code Root Migration: 0.1 ms]
   [Clear CT: 0.8 ms]
   [Other: 1.9 ms]
      [Choose CSet: 0.0 ms]
      [Ref Proc: 0.1 ms]
      [Ref Enq: 0.0 ms]
      [Free CSet: 1.6 ms]
   [Eden: 3376.0M(3376.0M)->0.0B(3376.0M) Survivors: 2048.0K->2048.0K Heap: 4738.9M(5632.0M)->1363.1M(5632.0M)]
 [Times: user=0.02 sys=0.01, real=0.01 secs] 
2014-06-25T01:31:24.809+0000: 4827.259: Total time for which application threads were stopped: 0.0098857 seconds
2014-06-25T01:31:31.337+0000: 4833.786: [GC pause (G1 Evacuation Pause) (young)
Desired survivor size 222298112 bytes, new threshold 15 (max 15)
- age   1:     175376 bytes,     175376 total
- age   2:       8680 bytes,     184056 total
- age   3:       4136 bytes,     188192 total
- age   4:       5632 bytes,     193824 total
- age   5:       7976 bytes,     201800 total
- age   6:      22760 bytes,     224560 total
- age   7:      10944 bytes,     235504 total
- age   8:      21144 bytes,     256648 total
- age   9:      26728 bytes,     283376 total
- age  10:      81376 bytes,     364752 total
- age  11:       9440 bytes,     374192 total
- age  12:      18864 bytes,     393056 total
- age  13:       9504 bytes,     402560 total
- age  14:      16392 bytes,     418952 total
- age  15:      16400 bytes,     435352 total
, 0.0089906 secs]
   [Parallel Time: 6.2 ms, GC Workers: 2]
      [GC Worker Start (ms): Min: 4833786.5, Avg: 4833786.5, Max: 4833786.5, Diff: 0.0]
      [Ext Root Scanning (ms): Min: 1.1, Avg: 1.2, Max: 1.4, Diff: 0.3, Sum: 2.5]
      [Update RS (ms): Min: 0.6, Avg: 0.7, Max: 0.7, Diff: 0.1, Sum: 1.3]
         [Processed Buffers: Min: 8, Avg: 14.5, Max: 21, Diff: 13, Sum: 29]
      [Scan RS (ms): Min: 2.1, Avg: 2.2, Max: 2.2, Diff: 0.1, Sum: 4.3]
      [Code Root Scanning (ms): Min: 0.8, Avg: 0.8, Max: 0.8, Diff: 0.0, Sum: 1.6]
      [Object Copy (ms): Min: 1.1, Avg: 1.2, Max: 1.2, Diff: 0.2, Sum: 2.3]
      [Termination (ms): Min: 0.0, Avg: 0.0, Max: 0.0, Diff: 0.0, Sum: 0.0]
      [GC Worker Other (ms): Min: 0.0, Avg: 0.1, Max: 0.1, Diff: 0.0, Sum: 0.1]
      [GC Worker Total (ms): Min: 6.1, Avg: 6.1, Max: 6.1, Diff: 0.0, Sum: 12.2]
      [GC Worker End (ms): Min: 4833792.6, Avg: 4833792.6, Max: 4833792.6, Diff: 0.0]
   [Code Root Fixup: 0.2 ms]
   [Code Root Migration: 0.1 ms]
   [Clear CT: 0.8 ms]
   [Other: 1.7 ms]
      [Choose CSet: 0.0 ms]
      [Ref Proc: 0.1 ms]
      [Ref Enq: 0.0 ms]
      [Free CSet: 1.5 ms]
   [Eden: 3376.0M(3376.0M)->0.0B(3376.0M) Survivors: 2048.0K->2048.0K Heap: 4739.1M(5632.0M)->1363.3M(5632.0M)]
 [Times: user=0.02 sys=0.00, real=0.00 secs] 
2014-06-25T01:31:31.346+0000: 4833.796: Total time for which application threads were stopped: 0.0095173 seconds
2014-06-25T01:31:37.912+0000: 4840.362: [GC pause (G1 Evacuation Pause) (young)
Desired survivor size 222298112 bytes, new threshold 15 (max 15)
- age   1:      25200 bytes,      25200 total
- age   2:     161720 bytes,     186920 total
- age   3:       8488 bytes,     195408 total
- age   4:       4112 bytes,     199520 total
- age   5:       5512 bytes,     205032 total
- age   6:       7976 bytes,     213008 total
- age   7:      22760 bytes,     235768 total
- age   8:      10944 bytes,     246712 total
- age   9:      21144 bytes,     267856 total
- age  10:      26696 bytes,     294552 total
- age  11:      81376 bytes,     375928 total
- age  12:       9440 bytes,     385368 total
- age  13:      18864 bytes,     404232 total
- age  14:       9504 bytes,     413736 total
- age  15:      16392 bytes,     430128 total
, 0.0088006 secs]
   [Parallel Time: 6.1 ms, GC Workers: 2]
      [GC Worker Start (ms): Min: 4840361.7, Avg: 4840361.7, Max: 4840361.7, Diff: 0.0]
      [Ext Root Scanning (ms): Min: 1.1, Avg: 1.2, Max: 1.3, Diff: 0.3, Sum: 2.4]
      [Update RS (ms): Min: 0.6, Avg: 0.6, Max: 0.7, Diff: 0.1, Sum: 1.3]
         [Processed Buffers: Min: 1, Avg: 12.5, Max: 24, Diff: 23, Sum: 25]
      [Scan RS (ms): Min: 2.1, Avg: 2.1, Max: 2.2, Diff: 0.0, Sum: 4.3]
      [Code Root Scanning (ms): Min: 0.8, Avg: 0.8, Max: 0.8, Diff: 0.0, Sum: 1.7]
      [Object Copy (ms): Min: 1.1, Avg: 1.1, Max: 1.2, Diff: 0.2, Sum: 2.3]
      [Termination (ms): Min: 0.0, Avg: 0.0, Max: 0.0, Diff: 0.0, Sum: 0.0]
      [GC Worker Other (ms): Min: 0.0, Avg: 0.0, Max: 0.0, Diff: 0.0, Sum: 0.1]
      [GC Worker Total (ms): Min: 6.0, Avg: 6.0, Max: 6.0, Diff: 0.0, Sum: 12.0]
      [GC Worker End (ms): Min: 4840367.7, Avg: 4840367.7, Max: 4840367.7, Diff: 0.0]
   [Code Root Fixup: 0.2 ms]
   [Code Root Migration: 0.1 ms]
   [Clear CT: 0.8 ms]
   [Other: 1.7 ms]
      [Choose CSet: 0.0 ms]
      [Ref Proc: 0.1 ms]
      [Ref Enq: 0.0 ms]
      [Free CSet: 1.5 ms]
   [Eden: 3376.0M(3376.0M)->0.0B(3376.0M) Survivors: 2048.0K->2048.0K Heap: 4739.3M(5632.0M)->1363.0M(5632.0M)]
 [Times: user=0.01 sys=0.00, real=0.01 secs] 
2014-06-25T01:31:37.922+0000: 4840.371: Total time for which application threads were stopped: 0.0093928 seconds
2014-06-25T01:31:44.464+0000: 4846.913: [GC pause (G1 Evacuation Pause) (young)
Desired survivor size 222298112 bytes, new threshold 15 (max 15)
- age   1:      27840 bytes,      27840 total
- age   2:      13160 bytes,      41000 total
- age   3:     161568 bytes,     202568 total
- age   4:       8464 bytes,     211032 total
- age   5:       4112 bytes,     215144 total
- age   6:       5512 bytes,     220656 total
- age   7:       7976 bytes,     228632 total
- age   8:      22760 bytes,     251392 total
- age   9:      10944 bytes,     262336 total
- age  10:      21144 bytes,     283480 total
- age  11:      26696 bytes,     310176 total
- age  12:      81376 bytes,     391552 total
- age  13:       9440 bytes,     400992 total
- age  14:      18864 bytes,     419856 total
- age  15:       9504 bytes,     429360 total
, 0.0088322 secs]
   [Parallel Time: 6.1 ms, GC Workers: 2]
      [GC Worker Start (ms): Min: 4846912.8, Avg: 4846912.8, Max: 4846912.9, Diff: 0.0]
      [Ext Root Scanning (ms): Min: 1.1, Avg: 1.2, Max: 1.3, Diff: 0.2, Sum: 2.4]
      [Update RS (ms): Min: 0.6, Avg: 0.6, Max: 0.7, Diff: 0.1, Sum: 1.3]
         [Processed Buffers: Min: 1, Avg: 13.0, Max: 25, Diff: 24, Sum: 26]
      [Scan RS (ms): Min: 2.1, Avg: 2.1, Max: 2.1, Diff: 0.0, Sum: 4.3]
      [Code Root Scanning (ms): Min: 0.8, Avg: 0.8, Max: 0.8, Diff: 0.0, Sum: 1.6]
      [Object Copy (ms): Min: 1.1, Avg: 1.1, Max: 1.2, Diff: 0.2, Sum: 2.3]
      [Termination (ms): Min: 0.0, Avg: 0.0, Max: 0.0, Diff: 0.0, Sum: 0.0]
      [GC Worker Other (ms): Min: 0.0, Avg: 0.1, Max: 0.1, Diff: 0.0, Sum: 0.1]
      [GC Worker Total (ms): Min: 6.0, Avg: 6.0, Max: 6.0, Diff: 0.0, Sum: 12.0]
      [GC Worker End (ms): Min: 4846918.8, Avg: 4846918.8, Max: 4846918.9, Diff: 0.0]
   [Code Root Fixup: 0.2 ms]
   [Code Root Migration: 0.1 ms]
   [Clear CT: 0.8 ms]
   [Other: 1.7 ms]
      [Choose CSet: 0.0 ms]
      [Ref Proc: 0.1 ms]
      [Ref Enq: 0.0 ms]
      [Free CSet: 1.5 ms]
   [Eden: 3376.0M(3376.0M)->0.0B(3376.0M) Survivors: 2048.0K->2048.0K Heap: 4739.0M(5632.0M)->1363.3M(5632.0M)]
 [Times: user=0.02 sys=0.00, real=0.01 secs] 
2014-06-25T01:31:44.473+0000: 4846.922: Total time for which application threads were stopped: 0.0094169 seconds
2014-06-25T01:31:51.018+0000: 4853.467: [GC pause (G1 Evacuation Pause) (young)
Desired survivor size 222298112 bytes, new threshold 15 (max 15)
- age   1:      29856 bytes,      29856 total
- age   2:      17600 bytes,      47456 total
- age   3:      13072 bytes,      60528 total
- age   4:     161488 bytes,     222016 total
- age   5:       8464 bytes,     230480 total
- age   6:       4112 bytes,     234592 total
- age   7:       5512 bytes,     240104 total
- age   8:       7976 bytes,     248080 total
- age   9:      22760 bytes,     270840 total
- age  10:      10944 bytes,     281784 total
- age  11:      21144 bytes,     302928 total
- age  12:      26696 bytes,     329624 total
- age  13:      81376 bytes,     411000 total
- age  14:       9304 bytes,     420304 total
- age  15:      18864 bytes,     439168 total
, 0.0085521 secs]
   [Parallel Time: 6.0 ms, GC Workers: 2]
      [GC Worker Start (ms): Min: 4853467.4, Avg: 4853467.4, Max: 4853467.4, Diff: 0.0]
      [Ext Root Scanning (ms): Min: 1.1, Avg: 1.2, Max: 1.3, Diff: 0.3, Sum: 2.4]
      [Update RS (ms): Min: 0.6, Avg: 0.6, Max: 0.6, Diff: 0.0, Sum: 1.2]
         [Processed Buffers: Min: 2, Avg: 13.5, Max: 25, Diff: 23, Sum: 27]
      [Scan RS (ms): Min: 2.0, Avg: 2.0, Max: 2.0, Diff: 0.0, Sum: 4.0]
      [Code Root Scanning (ms): Min: 0.8, Avg: 0.8, Max: 0.8, Diff: 0.0, Sum: 1.6]
      [Object Copy (ms): Min: 1.1, Avg: 1.2, Max: 1.3, Diff: 0.2, Sum: 2.3]
      [Termination (ms): Min: 0.0, Avg: 0.0, Max: 0.0, Diff: 0.0, Sum: 0.0]
      [GC Worker Other (ms): Min: 0.0, Avg: 0.1, Max: 0.1, Diff: 0.0, Sum: 0.1]
      [GC Worker Total (ms): Min: 5.9, Avg: 5.9, Max: 5.9, Diff: 0.0, Sum: 11.7]
      [GC Worker End (ms): Min: 4853473.3, Avg: 4853473.3, Max: 4853473.3, Diff: 0.0]
   [Code Root Fixup: 0.2 ms]
   [Code Root Migration: 0.1 ms]
   [Clear CT: 0.8 ms]
   [Other: 1.6 ms]
      [Choose CSet: 0.0 ms]
      [Ref Proc: 0.1 ms]
      [Ref Enq: 0.0 ms]
      [Free CSet: 1.4 ms]
   [Eden: 3376.0M(3376.0M)->0.0B(3376.0M) Survivors: 2048.0K->2048.0K Heap: 4739.3M(5632.0M)->1363.1M(5632.0M)]
 [Times: user=0.01 sys=0.00, real=0.01 secs] 
2014-06-25T01:31:51.027+0000: 4853.476: Total time for which application threads were stopped: 0.0090904 seconds
2014-06-25T01:31:57.555+0000: 4860.004: [GC pause (G1 Evacuation Pause) (young)
Desired survivor size 222298112 bytes, new threshold 15 (max 15)
- age   1:      30352 bytes,      30352 total
- age   2:       9272 bytes,      39624 total
- age   3:      17408 bytes,      57032 total
- age   4:      13016 bytes,      70048 total
- age   5:     161488 bytes,     231536 total
- age   6:       8464 bytes,     240000 total
- age   7:       4112 bytes,     244112 total
- age   8:       5512 bytes,     249624 total
- age   9:       7976 bytes,     257600 total
- age  10:      22760 bytes,     280360 total
- age  11:      10944 bytes,     291304 total
- age  12:      21144 bytes,     312448 total
- age  13:      26696 bytes,     339144 total
- age  14:      81376 bytes,     420520 total
- age  15:       9304 bytes,     429824 total
, 0.0087840 secs]
   [Parallel Time: 6.1 ms, GC Workers: 2]
      [GC Worker Start (ms): Min: 4860003.9, Avg: 4860004.0, Max: 4860004.0, Diff: 0.0]
      [Ext Root Scanning (ms): Min: 1.1, Avg: 1.3, Max: 1.4, Diff: 0.3, Sum: 2.5]
      [Update RS (ms): Min: 0.6, Avg: 0.6, Max: 0.6, Diff: 0.0, Sum: 1.3]
         [Processed Buffers: Min: 2, Avg: 12.5, Max: 23, Diff: 21, Sum: 25]
      [Scan RS (ms): Min: 2.1, Avg: 2.1, Max: 2.2, Diff: 0.1, Sum: 4.2]
      [Code Root Scanning (ms): Min: 0.8, Avg: 0.8, Max: 0.8, Diff: 0.1, Sum: 1.6]
      [Object Copy (ms): Min: 1.0, Avg: 1.1, Max: 1.2, Diff: 0.2, Sum: 2.2]
      [Termination (ms): Min: 0.0, Avg: 0.0, Max: 0.0, Diff: 0.0, Sum: 0.0]
      [GC Worker Other (ms): Min: 0.0, Avg: 0.0, Max: 0.1, Diff: 0.0, Sum: 0.1]
      [GC Worker Total (ms): Min: 6.0, Avg: 6.0, Max: 6.0, Diff: 0.0, Sum: 12.0]
      [GC Worker End (ms): Min: 4860009.9, Avg: 4860010.0, Max: 4860010.0, Diff: 0.0]
   [Code Root Fixup: 0.2 ms]
   [Code Root Migration: 0.1 ms]
   [Clear CT: 0.8 ms]
   [Other: 1.7 ms]
      [Choose CSet: 0.0 ms]
      [Ref Proc: 0.1 ms]
      [Ref Enq: 0.0 ms]
      [Free CSet: 1.5 ms]
   [Eden: 3376.0M(3376.0M)->0.0B(3376.0M) Survivors: 2048.0K->2048.0K Heap: 4739.1M(5632.0M)->1363.3M(5632.0M)]
 [Times: user=0.01 sys=0.00, real=0.02 secs] 
2014-06-25T01:31:57.564+0000: 4860.013: Total time for which application threads were stopped: 0.0093266 seconds
2014-06-25T01:32:04.274+0000: 4866.723: [GC pause (G1 Evacuation Pause) (young)
Desired survivor size 222298112 bytes, new threshold 15 (max 15)
- age   1:      22400 bytes,      22400 total
- age   2:      17560 bytes,      39960 total
- age   3:       9120 bytes,      49080 total
- age   4:      17384 bytes,      66464 total
- age   5:      13016 bytes,      79480 total
- age   6:     161488 bytes,     240968 total
- age   7:       8464 bytes,     249432 total
- age   8:       4112 bytes,     253544 total
- age   9:       5512 bytes,     259056 total
- age  10:       7976 bytes,     267032 total
- age  11:      22760 bytes,     289792 total
- age  12:      10944 bytes,     300736 total
- age  13:      21008 bytes,     321744 total
- age  14:      26696 bytes,     348440 total
- age  15:      81376 bytes,     429816 total
, 0.0090519 secs]
   [Parallel Time: 6.2 ms, GC Workers: 2]
      [GC Worker Start (ms): Min: 4866722.9, Avg: 4866722.9, Max: 4866722.9, Diff: 0.0]
      [Ext Root Scanning (ms): Min: 1.1, Avg: 1.3, Max: 1.4, Diff: 0.3, Sum: 2.5]
      [Update RS (ms): Min: 0.6, Avg: 0.6, Max: 0.7, Diff: 0.1, Sum: 1.3]
         [Processed Buffers: Min: 1, Avg: 14.0, Max: 27, Diff: 26, Sum: 28]
      [Scan RS (ms): Min: 2.1, Avg: 2.1, Max: 2.1, Diff: 0.0, Sum: 4.2]
      [Code Root Scanning (ms): Min: 0.8, Avg: 0.8, Max: 0.8, Diff: 0.1, Sum: 1.6]
      [Object Copy (ms): Min: 1.2, Avg: 1.3, Max: 1.3, Diff: 0.2, Sum: 2.5]
      [Termination (ms): Min: 0.0, Avg: 0.0, Max: 0.0, Diff: 0.0, Sum: 0.0]
      [GC Worker Other (ms): Min: 0.0, Avg: 0.1, Max: 0.1, Diff: 0.0, Sum: 0.1]
      [GC Worker Total (ms): Min: 6.1, Avg: 6.1, Max: 6.2, Diff: 0.0, Sum: 12.3]
      [GC Worker End (ms): Min: 4866729.1, Avg: 4866729.1, Max: 4866729.1, Diff: 0.0]
   [Code Root Fixup: 0.2 ms]
   [Code Root Migration: 0.1 ms]
   [Clear CT: 0.8 ms]
   [Other: 1.8 ms]
      [Choose CSet: 0.0 ms]
      [Ref Proc: 0.1 ms]
      [Ref Enq: 0.0 ms]
      [Free CSet: 1.5 ms]
   [Eden: 3376.0M(3376.0M)->0.0B(3376.0M) Survivors: 2048.0K->2048.0K Heap: 4739.3M(5632.0M)->1363.2M(5632.0M)]
 [Times: user=0.02 sys=0.00, real=0.01 secs] 
2014-06-25T01:32:04.283+0000: 4866.732: Total time for which application threads were stopped: 0.0096518 seconds
2014-06-25T01:32:07.901+0000: 4870.350: Total time for which application threads were stopped: 0.0003948 seconds
2014-06-25T01:32:10.978+0000: 4873.427: [GC pause (G1 Evacuation Pause) (young)
Desired survivor size 222298112 bytes, new threshold 15 (max 15)
- age   1:      27872 bytes,      27872 total
- age   2:       9280 bytes,      37152 total
- age   3:      17248 bytes,      54400 total
- age   4:       9072 bytes,      63472 total
- age   5:      17384 bytes,      80856 total
- age   6:      12896 bytes,      93752 total
- age   7:     161488 bytes,     255240 total
- age   8:       8464 bytes,     263704 total
- age   9:       4112 bytes,     267816 total
- age  10:       5480 bytes,     273296 total
- age  11:       7976 bytes,     281272 total
- age  12:      22760 bytes,     304032 total
- age  13:      10944 bytes,     314976 total
- age  14:      21008 bytes,     335984 total
- age  15:      26696 bytes,     362680 total
, 0.0091485 secs]
   [Parallel Time: 6.5 ms, GC Workers: 2]
      [GC Worker Start (ms): Min: 4873427.3, Avg: 4873427.3, Max: 4873427.3, Diff: 0.0]
      [Ext Root Scanning (ms): Min: 1.1, Avg: 1.2, Max: 1.4, Diff: 0.3, Sum: 2.5]
      [Update RS (ms): Min: 0.8, Avg: 0.9, Max: 1.0, Diff: 0.1, Sum: 1.8]
         [Processed Buffers: Min: 4, Avg: 15.0, Max: 26, Diff: 22, Sum: 30]
      [Scan RS (ms): Min: 2.2, Avg: 2.2, Max: 2.2, Diff: 0.0, Sum: 4.3]
      [Code Root Scanning (ms): Min: 0.8, Avg: 0.8, Max: 0.8, Diff: 0.0, Sum: 1.6]
      [Object Copy (ms): Min: 1.1, Avg: 1.2, Max: 1.3, Diff: 0.2, Sum: 2.4]
      [Termination (ms): Min: 0.0, Avg: 0.0, Max: 0.0, Diff: 0.0, Sum: 0.0]
      [GC Worker Other (ms): Min: 0.0, Avg: 0.1, Max: 0.1, Diff: 0.0, Sum: 0.1]
      [GC Worker Total (ms): Min: 6.4, Avg: 6.4, Max: 6.4, Diff: 0.0, Sum: 12.7]
      [GC Worker End (ms): Min: 4873433.7, Avg: 4873433.7, Max: 4873433.7, Diff: 0.0]
   [Code Root Fixup: 0.2 ms]
   [Code Root Migration: 0.1 ms]
   [Clear CT: 0.8 ms]
   [Other: 1.7 ms]
      [Choose CSet: 0.0 ms]
      [Ref Proc: 0.1 ms]
      [Ref Enq: 0.0 ms]
      [Free CSet: 1.5 ms]
   [Eden: 3376.0M(3376.0M)->0.0B(3376.0M) Survivors: 2048.0K->2048.0K Heap: 4739.2M(5632.0M)->1363.3M(5632.0M)]
 [Times: user=0.01 sys=0.01, real=0.01 secs] 
2014-06-25T01:32:10.987+0000: 4873.437: Total time for which application threads were stopped: 0.0097026 seconds
2014-06-25T01:32:17.522+0000: 4879.971: [GC pause (G1 Evacuation Pause) (young)
Desired survivor size 222298112 bytes, new threshold 15 (max 15)
- age   1:     107656 bytes,     107656 total
- age   2:      15680 bytes,     123336 total
- age   3:       9248 bytes,     132584 total
- age   4:      17224 bytes,     149808 total
- age   5:       9072 bytes,     158880 total
- age   6:      17384 bytes,     176264 total
- age   7:      12896 bytes,     189160 total
- age   8:     145256 bytes,     334416 total
- age   9:       8464 bytes,     342880 total
- age  10:       4088 bytes,     346968 total
- age  11:       5384 bytes,     352352 total
- age  12:       7976 bytes,     360328 total
- age  13:      22480 bytes,     382808 total
- age  14:      10944 bytes,     393752 total
- age  15:      21008 bytes,     414760 total
, 0.0089795 secs]
   [Parallel Time: 6.3 ms, GC Workers: 2]
      [GC Worker Start (ms): Min: 4879971.6, Avg: 4879971.6, Max: 4879971.6, Diff: 0.0]
      [Ext Root Scanning (ms): Min: 1.1, Avg: 1.2, Max: 1.4, Diff: 0.3, Sum: 2.5]
      [Update RS (ms): Min: 0.7, Avg: 0.8, Max: 0.8, Diff: 0.1, Sum: 1.5]
         [Processed Buffers: Min: 9, Avg: 15.0, Max: 21, Diff: 12, Sum: 30]
      [Scan RS (ms): Min: 2.1, Avg: 2.2, Max: 2.2, Diff: 0.1, Sum: 4.3]
      [Code Root Scanning (ms): Min: 0.8, Avg: 0.8, Max: 0.8, Diff: 0.0, Sum: 1.6]
      [Object Copy (ms): Min: 1.1, Avg: 1.2, Max: 1.2, Diff: 0.1, Sum: 2.4]
      [Termination (ms): Min: 0.0, Avg: 0.0, Max: 0.0, Diff: 0.0, Sum: 0.0]
      [GC Worker Other (ms): Min: 0.0, Avg: 0.1, Max: 0.1, Diff: 0.0, Sum: 0.1]
      [GC Worker Total (ms): Min: 6.2, Avg: 6.2, Max: 6.3, Diff: 0.1, Sum: 12.5]
      [GC Worker End (ms): Min: 4879977.8, Avg: 4879977.8, Max: 4879977.8, Diff: 0.0]
   [Code Root Fixup: 0.2 ms]
   [Code Root Migration: 0.1 ms]
   [Clear CT: 0.8 ms]
   [Other: 1.6 ms]
      [Choose CSet: 0.0 ms]
      [Ref Proc: 0.1 ms]
      [Ref Enq: 0.0 ms]
      [Free CSet: 1.4 ms]
   [Eden: 3376.0M(3376.0M)->0.0B(3376.0M) Survivors: 2048.0K->2048.0K Heap: 4739.3M(5632.0M)->1363.3M(5632.0M)]
 [Times: user=0.01 sys=0.00, real=0.01 secs] 
2014-06-25T01:32:17.531+0000: 4879.981: Total time for which application threads were stopped: 0.0095069 seconds
2014-06-25T01:32:24.216+0000: 4886.665: [GC pause (G1 Evacuation Pause) (young)
Desired survivor size 222298112 bytes, new threshold 15 (max 15)
- age   1:      59496 bytes,      59496 total
- age   2:      75992 bytes,     135488 total
- age   3:      15528 bytes,     151016 total
- age   4:       9224 bytes,     160240 total
- age   5:      17224 bytes,     177464 total
- age   6:       9072 bytes,     186536 total
- age   7:      17384 bytes,     203920 total
- age   8:      12896 bytes,     216816 total
- age   9:     145112 bytes,     361928 total
- age  10:       8368 bytes,     370296 total
- age  11:       4040 bytes,     374336 total
- age  12:       4440 bytes,     378776 total
- age  13:       7976 bytes,     386752 total
- age  14:      22480 bytes,     409232 total
- age  15:      10944 bytes,     420176 total
, 0.0090326 secs]
   [Parallel Time: 6.2 ms, GC Workers: 2]
      [GC Worker Start (ms): Min: 4886665.0, Avg: 4886665.1, Max: 4886665.1, Diff: 0.0]
      [Ext Root Scanning (ms): Min: 1.1, Avg: 1.2, Max: 1.4, Diff: 0.3, Sum: 2.5]
      [Update RS (ms): Min: 0.7, Avg: 0.8, Max: 0.8, Diff: 0.1, Sum: 1.6]
         [Processed Buffers: Min: 8, Avg: 16.0, Max: 24, Diff: 16, Sum: 32]
      [Scan RS (ms): Min: 2.1, Avg: 2.2, Max: 2.2, Diff: 0.1, Sum: 4.3]
      [Code Root Scanning (ms): Min: 0.8, Avg: 0.8, Max: 0.8, Diff: 0.0, Sum: 1.6]
      [Object Copy (ms): Min: 1.1, Avg: 1.1, Max: 1.2, Diff: 0.1, Sum: 2.2]
      [Termination (ms): Min: 0.0, Avg: 0.0, Max: 0.0, Diff: 0.0, Sum: 0.0]
      [GC Worker Other (ms): Min: 0.0, Avg: 0.0, Max: 0.0, Diff: 0.0, Sum: 0.1]
      [GC Worker Total (ms): Min: 6.1, Avg: 6.1, Max: 6.1, Diff: 0.0, Sum: 12.3]
      [GC Worker End (ms): Min: 4886671.2, Avg: 4886671.2, Max: 4886671.2, Diff: 0.0]
   [Code Root Fixup: 0.2 ms]
   [Code Root Migration: 0.1 ms]
   [Clear CT: 0.8 ms]
   [Other: 1.8 ms]
      [Choose CSet: 0.0 ms]
      [Ref Proc: 0.1 ms]
      [Ref Enq: 0.0 ms]
      [Free CSet: 1.5 ms]
   [Eden: 3376.0M(3376.0M)->0.0B(3376.0M) Survivors: 2048.0K->2048.0K Heap: 4739.3M(5632.0M)->1363.3M(5632.0M)]
 [Times: user=0.01 sys=0.00, real=0.01 secs] 
2014-06-25T01:32:24.225+0000: 4886.674: Total time for which application threads were stopped: 0.0095859 seconds
2014-06-25T01:32:30.020+0000: 4892.469: Total time for which application threads were stopped: 0.0015712 seconds
2014-06-25T01:32:30.702+0000: 4893.151: [GC pause (G1 Evacuation Pause) (young)
Desired survivor size 222298112 bytes, new threshold 15 (max 15)
- age   1:      38128 bytes,      38128 total
- age   2:      30088 bytes,      68216 total
- age   3:      75664 bytes,     143880 total
- age   4:      15448 bytes,     159328 total
- age   5:       9224 bytes,     168552 total
- age   6:      17224 bytes,     185776 total
- age   7:       9072 bytes,     194848 total
- age   8:      17384 bytes,     212232 total
- age   9:      12896 bytes,     225128 total
- age  10:     145112 bytes,     370240 total
- age  11:       8368 bytes,     378608 total
- age  12:       4040 bytes,     382648 total
- age  13:       4440 bytes,     387088 total
- age  14:       7976 bytes,     395064 total
- age  15:      22480 bytes,     417544 total
, 0.0096734 secs]
   [Parallel Time: 6.9 ms, GC Workers: 2]
      [GC Worker Start (ms): Min: 4893151.3, Avg: 4893151.3, Max: 4893151.3, Diff: 0.0]
      [Ext Root Scanning (ms): Min: 1.1, Avg: 1.3, Max: 1.4, Diff: 0.3, Sum: 2.5]
      [Update RS (ms): Min: 1.0, Avg: 1.1, Max: 1.3, Diff: 0.3, Sum: 2.2]
         [Processed Buffers: Min: 4, Avg: 16.5, Max: 29, Diff: 25, Sum: 33]
      [Scan RS (ms): Min: 2.0, Avg: 2.2, Max: 2.3, Diff: 0.3, Sum: 4.3]
      [Code Root Scanning (ms): Min: 0.8, Avg: 0.8, Max: 0.9, Diff: 0.1, Sum: 1.6]
      [Object Copy (ms): Min: 1.3, Avg: 1.4, Max: 1.5, Diff: 0.2, Sum: 2.9]
      [Termination (ms): Min: 0.0, Avg: 0.0, Max: 0.0, Diff: 0.0, Sum: 0.0]
      [GC Worker Other (ms): Min: 0.0, Avg: 0.0, Max: 0.1, Diff: 0.0, Sum: 0.1]
      [GC Worker Total (ms): Min: 6.8, Avg: 6.8, Max: 6.8, Diff: 0.0, Sum: 13.7]
      [GC Worker End (ms): Min: 4893158.1, Avg: 4893158.1, Max: 4893158.1, Diff: 0.0]
   [Code Root Fixup: 0.2 ms]
   [Code Root Migration: 0.1 ms]
   [Clear CT: 0.8 ms]
   [Other: 1.7 ms]
      [Choose CSet: 0.0 ms]
      [Ref Proc: 0.1 ms]
      [Ref Enq: 0.0 ms]
      [Free CSet: 1.5 ms]
   [Eden: 3376.0M(3376.0M)->0.0B(3376.0M) Survivors: 2048.0K->2048.0K Heap: 4739.3M(5632.0M)->1363.6M(5632.0M)]
 [Times: user=0.01 sys=0.00, real=0.02 secs] 
2014-06-25T01:32:30.712+0000: 4893.161: Total time for which application threads were stopped: 0.0102214 seconds
2014-06-25T01:32:37.297+0000: 4899.746: [GC pause (G1 Evacuation Pause) (young)
Desired survivor size 222298112 bytes, new threshold 15 (max 15)
- age   1:     191144 bytes,     191144 total
- age   2:       7848 bytes,     198992 total
- age   3:      27672 bytes,     226664 total
- age   4:      75568 bytes,     302232 total
- age   5:      15328 bytes,     317560 total
- age   6:       9224 bytes,     326784 total
- age   7:      17224 bytes,     344008 total
- age   8:       9072 bytes,     353080 total
- age   9:      17384 bytes,     370464 total
- age  10:      12864 bytes,     383328 total
- age  11:     145112 bytes,     528440 total
- age  12:       8368 bytes,     536808 total
- age  13:       2888 bytes,     539696 total
- age  14:       4440 bytes,     544136 total
- age  15:       7976 bytes,     552112 total
, 0.0094186 secs]
   [Parallel Time: 6.7 ms, GC Workers: 2]
      [GC Worker Start (ms): Min: 4899746.5, Avg: 4899746.5, Max: 4899746.5, Diff: 0.0]
      [Ext Root Scanning (ms): Min: 1.1, Avg: 1.2, Max: 1.4, Diff: 0.3, Sum: 2.5]
      [Update RS (ms): Min: 1.0, Avg: 1.1, Max: 1.1, Diff: 0.1, Sum: 2.2]
         [Processed Buffers: Min: 2, Avg: 15.5, Max: 29, Diff: 27, Sum: 31]
      [Scan RS (ms): Min: 2.2, Avg: 2.2, Max: 2.2, Diff: 0.1, Sum: 4.4]
      [Code Root Scanning (ms): Min: 0.8, Avg: 0.8, Max: 0.8, Diff: 0.0, Sum: 1.6]
      [Object Copy (ms): Min: 1.2, Avg: 1.3, Max: 1.4, Diff: 0.1, Sum: 2.6]
      [Termination (ms): Min: 0.0, Avg: 0.0, Max: 0.0, Diff: 0.0, Sum: 0.0]
      [GC Worker Other (ms): Min: 0.0, Avg: 0.0, Max: 0.1, Diff: 0.0, Sum: 0.1]
      [GC Worker Total (ms): Min: 6.7, Avg: 6.7, Max: 6.7, Diff: 0.0, Sum: 13.3]
      [GC Worker End (ms): Min: 4899753.2, Avg: 4899753.2, Max: 4899753.2, Diff: 0.0]
   [Code Root Fixup: 0.2 ms]
   [Code Root Migration: 0.1 ms]
   [Clear CT: 0.8 ms]
   [Other: 1.7 ms]
      [Choose CSet: 0.0 ms]
      [Ref Proc: 0.1 ms]
      [Ref Enq: 0.0 ms]
      [Free CSet: 1.4 ms]
   [Eden: 3376.0M(3376.0M)->0.0B(3376.0M) Survivors: 2048.0K->2048.0K Heap: 4739.6M(5632.0M)->1363.5M(5632.0M)]
 [Times: user=0.01 sys=0.00, real=0.01 secs] 
2014-06-25T01:32:37.307+0000: 4899.756: Total time for which application threads were stopped: 0.0099674 seconds
2014-06-25T01:32:43.863+0000: 4906.312: [GC pause (G1 Evacuation Pause) (young)
Desired survivor size 222298112 bytes, new threshold 15 (max 15)
- age   1:      48280 bytes,      48280 total
- age   2:     134376 bytes,     182656 total
- age   3:       7592 bytes,     190248 total
- age   4:      27496 bytes,     217744 total
- age   5:      75568 bytes,     293312 total
- age   6:      15328 bytes,     308640 total
- age   7:       9224 bytes,     317864 total
- age   8:      17224 bytes,     335088 total
- age   9:       9072 bytes,     344160 total
- age  10:      17384 bytes,     361544 total
- age  11:      12864 bytes,     374408 total
- age  12:     145112 bytes,     519520 total
- age  13:       8368 bytes,     527888 total
- age  14:       2888 bytes,     530776 total
- age  15:       4440 bytes,     535216 total
, 0.0093540 secs]
   [Parallel Time: 6.6 ms, GC Workers: 2]
      [GC Worker Start (ms): Min: 4906312.1, Avg: 4906312.1, Max: 4906312.1, Diff: 0.0]
      [Ext Root Scanning (ms): Min: 1.1, Avg: 1.2, Max: 1.4, Diff: 0.3, Sum: 2.4]
      [Update RS (ms): Min: 0.9, Avg: 1.0, Max: 1.0, Diff: 0.1, Sum: 1.9]
         [Processed Buffers: Min: 6, Avg: 13.0, Max: 20, Diff: 14, Sum: 26]
      [Scan RS (ms): Min: 2.2, Avg: 2.2, Max: 2.2, Diff: 0.0, Sum: 4.4]
      [Code Root Scanning (ms): Min: 0.8, Avg: 0.8, Max: 0.8, Diff: 0.0, Sum: 1.6]
      [Object Copy (ms): Min: 1.3, Avg: 1.3, Max: 1.4, Diff: 0.1, Sum: 2.6]
      [Termination (ms): Min: 0.0, Avg: 0.0, Max: 0.0, Diff: 0.0, Sum: 0.0]
      [GC Worker Other (ms): Min: 0.0, Avg: 0.1, Max: 0.1, Diff: 0.0, Sum: 0.1]
      [GC Worker Total (ms): Min: 6.6, Avg: 6.6, Max: 6.6, Diff: 0.0, Sum: 13.1]
      [GC Worker End (ms): Min: 4906318.6, Avg: 4906318.6, Max: 4906318.6, Diff: 0.0]
   [Code Root Fixup: 0.2 ms]
   [Code Root Migration: 0.1 ms]
   [Clear CT: 0.8 ms]
   [Other: 1.7 ms]
      [Choose CSet: 0.0 ms]
      [Ref Proc: 0.1 ms]
      [Ref Enq: 0.0 ms]
      [Free CSet: 1.5 ms]
   [Eden: 3376.0M(3376.0M)->0.0B(3376.0M) Survivors: 2048.0K->2048.0K Heap: 4739.5M(5632.0M)->1363.6M(5632.0M)]
 [Times: user=0.01 sys=0.00, real=0.02 secs] 
2014-06-25T01:32:43.872+0000: 4906.322: Total time for which application threads were stopped: 0.0099486 seconds
2014-06-25T01:32:44.466+0000: 4906.915: Total time for which application threads were stopped: 0.0003504 seconds
2014-06-25T01:32:44.487+0000: 4906.936: Total time for which application threads were stopped: 0.0042631 seconds
2014-06-25T01:32:45.487+0000: 4907.937: Total time for which application threads were stopped: 0.0003949 seconds
2014-06-25T01:32:49.648+0000: 4912.097: Total time for which application threads were stopped: 0.0003937 seconds
2014-06-25T01:32:50.608+0000: 4913.058: [GC pause (G1 Evacuation Pause) (young)
Desired survivor size 222298112 bytes, new threshold 15 (max 15)
- age   1:      31920 bytes,      31920 total
- age   2:      34392 bytes,      66312 total
- age   3:     134096 bytes,     200408 total
- age   4:       7536 bytes,     207944 total
- age   5:      27496 bytes,     235440 total
- age   6:      75568 bytes,     311008 total
- age   7:      15328 bytes,     326336 total
- age   8:       9224 bytes,     335560 total
- age   9:      17224 bytes,     352784 total
- age  10:       9072 bytes,     361856 total
- age  11:      17384 bytes,     379240 total
- age  12:      12864 bytes,     392104 total
- age  13:     145112 bytes,     537216 total
- age  14:       8368 bytes,     545584 total
- age  15:       2888 bytes,     548472 total
, 0.0101032 secs]
   [Parallel Time: 7.3 ms, GC Workers: 2]
      [GC Worker Start (ms): Min: 4913057.7, Avg: 4913057.7, Max: 4913057.7, Diff: 0.0]
      [Ext Root Scanning (ms): Min: 1.1, Avg: 1.2, Max: 1.4, Diff: 0.3, Sum: 2.4]
      [Update RS (ms): Min: 1.3, Avg: 1.3, Max: 1.4, Diff: 0.1, Sum: 2.6]
         [Processed Buffers: Min: 3, Avg: 18.5, Max: 34, Diff: 31, Sum: 37]
      [Scan RS (ms): Min: 2.0, Avg: 2.1, Max: 2.2, Diff: 0.1, Sum: 4.2]
      [Code Root Scanning (ms): Min: 0.8, Avg: 0.8, Max: 0.8, Diff: 0.0, Sum: 1.6]
      [Object Copy (ms): Min: 1.6, Avg: 1.7, Max: 1.8, Diff: 0.2, Sum: 3.4]
      [Termination (ms): Min: 0.0, Avg: 0.0, Max: 0.0, Diff: 0.0, Sum: 0.0]
      [GC Worker Other (ms): Min: 0.0, Avg: 0.1, Max: 0.1, Diff: 0.1, Sum: 0.1]
      [GC Worker Total (ms): Min: 7.2, Avg: 7.3, Max: 7.3, Diff: 0.0, Sum: 14.5]
      [GC Worker End (ms): Min: 4913064.9, Avg: 4913064.9, Max: 4913064.9, Diff: 0.0]
   [Code Root Fixup: 0.2 ms]
   [Code Root Migration: 0.1 ms]
   [Clear CT: 0.8 ms]
   [Other: 1.7 ms]
      [Choose CSet: 0.0 ms]
      [Ref Proc: 0.2 ms]
      [Ref Enq: 0.0 ms]
      [Free CSet: 1.4 ms]
   [Eden: 3376.0M(3376.0M)->0.0B(3376.0M) Survivors: 2048.0K->2048.0K Heap: 4739.6M(5632.0M)->1364.1M(5632.0M)]
 [Times: user=0.01 sys=0.00, real=0.01 secs] 
2014-06-25T01:32:50.619+0000: 4913.068: Total time for which application threads were stopped: 0.0106471 seconds
2014-06-25T01:32:54.918+0000: 4917.367: Total time for which application threads were stopped: 0.0010437 seconds
2014-06-25T01:32:55.919+0000: 4918.368: Total time for which application threads were stopped: 0.0003620 seconds
2014-06-25T01:32:57.197+0000: 4919.647: [GC pause (G1 Evacuation Pause) (young)
Desired survivor size 222298112 bytes, new threshold 15 (max 15)
- age   1:     264976 bytes,     264976 total
- age   2:      17048 bytes,     282024 total
- age   3:      19344 bytes,     301368 total
- age   4:     131216 bytes,     432584 total
- age   5:       7456 bytes,     440040 total
- age   6:      27176 bytes,     467216 total
- age   7:      75416 bytes,     542632 total
- age   8:      15328 bytes,     557960 total
- age   9:       9224 bytes,     567184 total
- age  10:      17224 bytes,     584408 total
- age  11:       9072 bytes,     593480 total
- age  12:      17384 bytes,     610864 total
- age  13:      12864 bytes,     623728 total
- age  14:     145000 bytes,     768728 total
- age  15:       8368 bytes,     777096 total
, 0.0101714 secs]
   [Parallel Time: 7.5 ms, GC Workers: 2]
      [GC Worker Start (ms): Min: 4919646.7, Avg: 4919646.7, Max: 4919646.7, Diff: 0.0]
      [Ext Root Scanning (ms): Min: 1.1, Avg: 1.2, Max: 1.4, Diff: 0.3, Sum: 2.5]
      [Update RS (ms): Min: 1.2, Avg: 1.3, Max: 1.4, Diff: 0.1, Sum: 2.6]
         [Processed Buffers: Min: 3, Avg: 17.0, Max: 31, Diff: 28, Sum: 34]
      [Scan RS (ms): Min: 2.1, Avg: 2.1, Max: 2.1, Diff: 0.0, Sum: 4.2]
      [Code Root Scanning (ms): Min: 0.8, Avg: 0.8, Max: 0.8, Diff: 0.0, Sum: 1.6]
      [Object Copy (ms): Min: 1.9, Avg: 1.9, Max: 2.0, Diff: 0.2, Sum: 3.9]
      [Termination (ms): Min: 0.0, Avg: 0.0, Max: 0.0, Diff: 0.0, Sum: 0.0]
      [GC Worker Other (ms): Min: 0.0, Avg: 0.0, Max: 0.1, Diff: 0.0, Sum: 0.1]
      [GC Worker Total (ms): Min: 7.4, Avg: 7.4, Max: 7.4, Diff: 0.0, Sum: 14.9]
      [GC Worker End (ms): Min: 4919654.1, Avg: 4919654.1, Max: 4919654.1, Diff: 0.0]
   [Code Root Fixup: 0.2 ms]
   [Code Root Migration: 0.1 ms]
   [Clear CT: 0.8 ms]
   [Other: 1.7 ms]
      [Choose CSet: 0.0 ms]
      [Ref Proc: 0.1 ms]
      [Ref Enq: 0.0 ms]
      [Free CSet: 1.4 ms]
   [Eden: 3376.0M(3376.0M)->0.0B(3376.0M) Survivors: 2048.0K->2048.0K Heap: 4740.1M(5632.0M)->1364.6M(5632.0M)]
 [Times: user=0.02 sys=0.00, real=0.01 secs] 
2014-06-25T01:32:57.208+0000: 4919.657: Total time for which application threads were stopped: 0.0107177 seconds
2014-06-25T01:33:03.885+0000: 4926.335: [GC pause (G1 Evacuation Pause) (young)
Desired survivor size 222298112 bytes, new threshold 15 (max 15)
- age   1:     863416 bytes,     863416 total
- age   2:     189840 bytes,    1053256 total
- age   3:      16952 bytes,    1070208 total
- age   4:      19320 bytes,    1089528 total
- age   5:     128936 bytes,    1218464 total
- age   6:       7456 bytes,    1225920 total
- age   7:      27176 bytes,    1253096 total
- age   8:      75416 bytes,    1328512 total
- age   9:      15328 bytes,    1343840 total
- age  10:       9224 bytes,    1353064 total
- age  11:      17224 bytes,    1370288 total
- age  12:       9072 bytes,    1379360 total
- age  13:      17384 bytes,    1396744 total
- age  14:      12864 bytes,    1409608 total
- age  15:     145000 bytes,    1554608 total
, 0.0103968 secs]
   [Parallel Time: 7.5 ms, GC Workers: 2]
      [GC Worker Start (ms): Min: 4926334.6, Avg: 4926334.6, Max: 4926334.7, Diff: 0.0]
      [Ext Root Scanning (ms): Min: 1.1, Avg: 1.2, Max: 1.4, Diff: 0.3, Sum: 2.5]
      [Update RS (ms): Min: 1.1, Avg: 1.2, Max: 1.3, Diff: 0.3, Sum: 2.4]
         [Processed Buffers: Min: 2, Avg: 14.0, Max: 26, Diff: 24, Sum: 28]
      [Scan RS (ms): Min: 2.0, Avg: 2.1, Max: 2.3, Diff: 0.3, Sum: 4.3]
      [Code Root Scanning (ms): Min: 0.8, Avg: 0.8, Max: 0.9, Diff: 0.1, Sum: 1.6]
      [Object Copy (ms): Min: 1.9, Avg: 2.0, Max: 2.1, Diff: 0.2, Sum: 4.0]
      [Termination (ms): Min: 0.0, Avg: 0.0, Max: 0.0, Diff: 0.0, Sum: 0.0]
      [GC Worker Other (ms): Min: 0.0, Avg: 0.1, Max: 0.1, Diff: 0.0, Sum: 0.1]
      [GC Worker Total (ms): Min: 7.4, Avg: 7.5, Max: 7.5, Diff: 0.0, Sum: 14.9]
      [GC Worker End (ms): Min: 4926342.1, Avg: 4926342.1, Max: 4926342.1, Diff: 0.0]
   [Code Root Fixup: 0.2 ms]
   [Code Root Migration: 0.1 ms]
   [Clear CT: 0.8 ms]
   [Other: 1.8 ms]
      [Choose CSet: 0.0 ms]
      [Ref Proc: 0.2 ms]
      [Ref Enq: 0.0 ms]
      [Free CSet: 1.5 ms]
   [Eden: 3376.0M(3376.0M)->0.0B(3374.0M) Survivors: 2048.0K->4096.0K Heap: 4740.6M(5632.0M)->1365.4M(5632.0M)]
 [Times: user=0.02 sys=0.00, real=0.01 secs] 
2014-06-25T01:33:03.896+0000: 4926.345: Total time for which application threads were stopped: 0.0109397 seconds
2014-06-25T01:33:04.896+0000: 4927.346: Total time for which application threads were stopped: 0.0003682 seconds
2014-06-25T01:33:07.897+0000: 4930.346: Total time for which application threads were stopped: 0.0003254 seconds
2014-06-25T01:33:08.898+0000: 4931.347: Total time for which application threads were stopped: 0.0003695 seconds
2014-06-25T01:33:10.482+0000: 4932.932: [GC pause (G1 Evacuation Pause) (young)
Desired survivor size 222298112 bytes, new threshold 15 (max 15)
- age   1:      29944 bytes,      29944 total
- age   2:     847128 bytes,     877072 total
- age   3:     189560 bytes,    1066632 total
- age   4:      16928 bytes,    1083560 total
- age   5:      19320 bytes,    1102880 total
- age   6:     128816 bytes,    1231696 total
- age   7:       7456 bytes,    1239152 total
- age   8:      27176 bytes,    1266328 total
- age   9:      75416 bytes,    1341744 total
- age  10:      15296 bytes,    1357040 total
- age  11:       9224 bytes,    1366264 total
- age  12:      17224 bytes,    1383488 total
- age  13:       8936 bytes,    1392424 total
- age  14:      17384 bytes,    1409808 total
- age  15:      12864 bytes,    1422672 total
, 0.0103602 secs]
   [Parallel Time: 7.7 ms, GC Workers: 2]
      [GC Worker Start (ms): Min: 4932931.6, Avg: 4932931.6, Max: 4932931.7, Diff: 0.0]
      [Ext Root Scanning (ms): Min: 1.1, Avg: 1.2, Max: 1.4, Diff: 0.3, Sum: 2.5]
      [Update RS (ms): Min: 1.4, Avg: 1.6, Max: 1.7, Diff: 0.3, Sum: 3.2]
         [Processed Buffers: Min: 5, Avg: 16.5, Max: 28, Diff: 23, Sum: 33]
      [Scan RS (ms): Min: 2.0, Avg: 2.1, Max: 2.3, Diff: 0.3, Sum: 4.3]
      [Code Root Scanning (ms): Min: 0.8, Avg: 0.8, Max: 0.9, Diff: 0.1, Sum: 1.7]
      [Object Copy (ms): Min: 1.7, Avg: 1.8, Max: 1.9, Diff: 0.2, Sum: 3.6]
      [Termination (ms): Min: 0.0, Avg: 0.0, Max: 0.0, Diff: 0.0, Sum: 0.0]
      [GC Worker Other (ms): Min: 0.0, Avg: 0.0, Max: 0.1, Diff: 0.0, Sum: 0.1]
      [GC Worker Total (ms): Min: 7.6, Avg: 7.6, Max: 7.6, Diff: 0.0, Sum: 15.2]
      [GC Worker End (ms): Min: 4932939.3, Avg: 4932939.3, Max: 4932939.3, Diff: 0.0]
   [Code Root Fixup: 0.2 ms]
   [Code Root Migration: 0.1 ms]
   [Clear CT: 0.8 ms]
   [Other: 1.7 ms]
      [Choose CSet: 0.0 ms]
      [Ref Proc: 0.1 ms]
      [Ref Enq: 0.0 ms]
      [Free CSet: 1.4 ms]
   [Eden: 3374.0M(3374.0M)->0.0B(3376.0M) Survivors: 4096.0K->2048.0K Heap: 4739.4M(5632.0M)->1364.9M(5632.0M)]
 [Times: user=0.01 sys=0.00, real=0.01 secs] 
2014-06-25T01:33:10.493+0000: 4932.942: Total time for which application threads were stopped: 0.0109253 seconds
2014-06-25T01:33:17.128+0000: 4939.577: [GC pause (G1 Evacuation Pause) (young)
Desired survivor size 222298112 bytes, new threshold 15 (max 15)
- age   1:     144832 bytes,     144832 total
- age   2:      15656 bytes,     160488 total
- age   3:     826896 bytes,     987384 total
- age   4:     188640 bytes,    1176024 total
- age   5:      16928 bytes,    1192952 total
- age   6:      16160 bytes,    1209112 total
- age   7:     124448 bytes,    1333560 total
- age   8:       7456 bytes,    1341016 total
- age   9:      26456 bytes,    1367472 total
- age  10:      65192 bytes,    1432664 total
- age  11:      15296 bytes,    1447960 total
- age  12:       9224 bytes,    1457184 total
- age  13:      17224 bytes,    1474408 total
- age  14:       8936 bytes,    1483344 total
- age  15:      17384 bytes,    1500728 total
, 0.0101104 secs]
   [Parallel Time: 7.3 ms, GC Workers: 2]
      [GC Worker Start (ms): Min: 4939577.4, Avg: 4939577.4, Max: 4939577.4, Diff: 0.0]
      [Ext Root Scanning (ms): Min: 1.1, Avg: 1.2, Max: 1.3, Diff: 0.2, Sum: 2.4]
      [Update RS (ms): Min: 1.0, Avg: 1.3, Max: 1.5, Diff: 0.4, Sum: 2.5]
         [Processed Buffers: Min: 2, Avg: 13.0, Max: 24, Diff: 22, Sum: 26]
      [Scan RS (ms): Min: 2.0, Avg: 2.1, Max: 2.3, Diff: 0.3, Sum: 4.2]
      [Code Root Scanning (ms): Min: 0.7, Avg: 0.8, Max: 0.9, Diff: 0.2, Sum: 1.6]
      [Object Copy (ms): Min: 1.7, Avg: 1.8, Max: 1.9, Diff: 0.2, Sum: 3.5]
      [Termination (ms): Min: 0.0, Avg: 0.0, Max: 0.0, Diff: 0.0, Sum: 0.0]
      [GC Worker Other (ms): Min: 0.0, Avg: 0.0, Max: 0.1, Diff: 0.0, Sum: 0.1]
      [GC Worker Total (ms): Min: 7.2, Avg: 7.2, Max: 7.2, Diff: 0.0, Sum: 14.4]
      [GC Worker End (ms): Min: 4939584.6, Avg: 4939584.6, Max: 4939584.6, Diff: 0.0]
   [Code Root Fixup: 0.2 ms]
   [Code Root Migration: 0.1 ms]
   [Clear CT: 0.8 ms]
   [Other: 1.8 ms]
      [Choose CSet: 0.0 ms]
      [Ref Proc: 0.1 ms]
      [Ref Enq: 0.0 ms]
      [Free CSet: 1.6 ms]
   [Eden: 3376.0M(3376.0M)->0.0B(3376.0M) Survivors: 2048.0K->2048.0K Heap: 4740.9M(5632.0M)->1364.7M(5632.0M)]
 [Times: user=0.02 sys=0.00, real=0.01 secs] 
2014-06-25T01:33:17.138+0000: 4939.588: Total time for which application threads were stopped: 0.0106651 seconds
2014-06-25T01:33:23.852+0000: 4946.301: [GC pause (G1 Evacuation Pause) (young)
Desired survivor size 222298112 bytes, new threshold 15 (max 15)
- age   1:      25352 bytes,      25352 total
- age   2:     132808 bytes,     158160 total
- age   3:      15560 bytes,     173720 total
- age   4:     826872 bytes,    1000592 total
- age   5:     188640 bytes,    1189232 total
- age   6:      16928 bytes,    1206160 total
- age   7:      16160 bytes,    1222320 total
- age   8:     124448 bytes,    1346768 total
- age   9:       7456 bytes,    1354224 total
- age  10:      26456 bytes,    1380680 total
- age  11:      64960 bytes,    1445640 total
- age  12:      15296 bytes,    1460936 total
- age  13:       9088 bytes,    1470024 total
- age  14:      17224 bytes,    1487248 total
- age  15:       8936 bytes,    1496184 total
, 0.0100124 secs]
   [Parallel Time: 7.3 ms, GC Workers: 2]
      [GC Worker Start (ms): Min: 4946301.2, Avg: 4946301.2, Max: 4946301.2, Diff: 0.0]
      [Ext Root Scanning (ms): Min: 1.1, Avg: 1.2, Max: 1.4, Diff: 0.3, Sum: 2.5]
      [Update RS (ms): Min: 1.0, Avg: 1.3, Max: 1.6, Diff: 0.6, Sum: 2.5]
         [Processed Buffers: Min: 2, Avg: 13.0, Max: 24, Diff: 22, Sum: 26]
      [Scan RS (ms): Min: 2.0, Avg: 2.1, Max: 2.3, Diff: 0.3, Sum: 4.3]
      [Code Root Scanning (ms): Min: 0.7, Avg: 0.8, Max: 0.9, Diff: 0.1, Sum: 1.6]
      [Object Copy (ms): Min: 1.7, Avg: 1.8, Max: 1.9, Diff: 0.1, Sum: 3.6]
      [Termination (ms): Min: 0.0, Avg: 0.0, Max: 0.0, Diff: 0.0, Sum: 0.0]
      [GC Worker Other (ms): Min: 0.0, Avg: 0.0, Max: 0.1, Diff: 0.0, Sum: 0.1]
      [GC Worker Total (ms): Min: 7.3, Avg: 7.3, Max: 7.3, Diff: 0.0, Sum: 14.6]
      [GC Worker End (ms): Min: 4946308.5, Avg: 4946308.5, Max: 4946308.5, Diff: 0.0]
   [Code Root Fixup: 0.2 ms]
   [Code Root Migration: 0.1 ms]
   [Clear CT: 0.8 ms]
   [Other: 1.6 ms]
      [Choose CSet: 0.0 ms]
      [Ref Proc: 0.1 ms]
      [Ref Enq: 0.0 ms]
      [Free CSet: 1.4 ms]
   [Eden: 3376.0M(3376.0M)->0.0B(3376.0M) Survivors: 2048.0K->2048.0K Heap: 4740.7M(5632.0M)->1365.0M(5632.0M)]
 [Times: user=0.01 sys=0.00, real=0.01 secs] 
2014-06-25T01:33:23.862+0000: 4946.311: Total time for which application threads were stopped: 0.0105607 seconds
2014-06-25T01:33:30.390+0000: 4952.839: [GC pause (G1 Evacuation Pause) (young)
Desired survivor size 222298112 bytes, new threshold 15 (max 15)
- age   1:      28752 bytes,      28752 total
- age   2:      12704 bytes,      41456 total
- age   3:     132496 bytes,     173952 total
- age   4:      15536 bytes,     189488 total
- age   5:     826872 bytes,    1016360 total
- age   6:     188640 bytes,    1205000 total
- age   7:      16928 bytes,    1221928 total
- age   8:      16160 bytes,    1238088 total
- age   9:     124448 bytes,    1362536 total
- age  10:       7456 bytes,    1369992 total
- age  11:      26456 bytes,    1396448 total
- age  12:      64960 bytes,    1461408 total
- age  13:      15296 bytes,    1476704 total
- age  14:       9088 bytes,    1485792 total
- age  15:      17224 bytes,    1503016 total
, 0.0101202 secs]
   [Parallel Time: 7.4 ms, GC Workers: 2]
      [GC Worker Start (ms): Min: 4952838.9, Avg: 4952838.9, Max: 4952838.9, Diff: 0.0]
      [Ext Root Scanning (ms): Min: 1.1, Avg: 1.2, Max: 1.4, Diff: 0.3, Sum: 2.5]
      [Update RS (ms): Min: 1.0, Avg: 1.3, Max: 1.6, Diff: 0.6, Sum: 2.5]
         [Processed Buffers: Min: 2, Avg: 14.0, Max: 26, Diff: 24, Sum: 28]
      [Scan RS (ms): Min: 2.0, Avg: 2.1, Max: 2.3, Diff: 0.3, Sum: 4.3]
      [Code Root Scanning (ms): Min: 0.7, Avg: 0.8, Max: 0.9, Diff: 0.2, Sum: 1.6]
      [Object Copy (ms): Min: 1.7, Avg: 1.8, Max: 1.8, Diff: 0.1, Sum: 3.6]
      [Termination (ms): Min: 0.0, Avg: 0.0, Max: 0.0, Diff: 0.0, Sum: 0.0]
      [GC Worker Other (ms): Min: 0.0, Avg: 0.1, Max: 0.1, Diff: 0.0, Sum: 0.1]
      [GC Worker Total (ms): Min: 7.3, Avg: 7.3, Max: 7.3, Diff: 0.0, Sum: 14.6]
      [GC Worker End (ms): Min: 4952846.2, Avg: 4952846.2, Max: 4952846.2, Diff: 0.0]
   [Code Root Fixup: 0.2 ms]
   [Code Root Migration: 0.1 ms]
   [Clear CT: 0.8 ms]
   [Other: 1.7 ms]
      [Choose CSet: 0.0 ms]
      [Ref Proc: 0.1 ms]
      [Ref Enq: 0.0 ms]
      [Free CSet: 1.5 ms]
   [Eden: 3376.0M(3376.0M)->0.0B(3376.0M) Survivors: 2048.0K->2048.0K Heap: 4741.0M(5632.0M)->1365.1M(5632.0M)]
 [Times: user=0.01 sys=0.01, real=0.01 secs] 
2014-06-25T01:33:30.400+0000: 4952.849: Total time for which application threads were stopped: 0.0106545 seconds
2014-06-25T01:33:36.923+0000: 4959.373: [GC pause (G1 Evacuation Pause) (young)
Desired survivor size 222298112 bytes, new threshold 15 (max 15)
- age   1:      32816 bytes,      32816 total
- age   2:      14040 bytes,      46856 total
- age   3:      12616 bytes,      59472 total
- age   4:     132448 bytes,     191920 total
- age   5:      15416 bytes,     207336 total
- age   6:     826872 bytes,    1034208 total
- age   7:     188640 bytes,    1222848 total
- age   8:      16928 bytes,    1239776 total
- age   9:      16160 bytes,    1255936 total
- age  10:     124416 bytes,    1380352 total
- age  11:       7456 bytes,    1387808 total
- age  12:      26456 bytes,    1414264 total
- age  13:      64960 bytes,    1479224 total
- age  14:      15296 bytes,    1494520 total
- age  15:       9088 bytes,    1503608 total
, 0.0099651 secs]
   [Parallel Time: 7.3 ms, GC Workers: 2]
      [GC Worker Start (ms): Min: 4959372.7, Avg: 4959372.7, Max: 4959372.7, Diff: 0.0]
      [Ext Root Scanning (ms): Min: 1.1, Avg: 1.2, Max: 1.4, Diff: 0.3, Sum: 2.5]
      [Update RS (ms): Min: 0.8, Avg: 1.2, Max: 1.7, Diff: 0.8, Sum: 2.5]
         [Processed Buffers: Min: 3, Avg: 12.0, Max: 21, Diff: 18, Sum: 24]
      [Scan RS (ms): Min: 1.9, Avg: 2.1, Max: 2.4, Diff: 0.5, Sum: 4.3]
      [Code Root Scanning (ms): Min: 0.7, Avg: 0.8, Max: 0.9, Diff: 0.2, Sum: 1.6]
      [Object Copy (ms): Min: 1.7, Avg: 1.7, Max: 1.8, Diff: 0.1, Sum: 3.5]
      [Termination (ms): Min: 0.0, Avg: 0.0, Max: 0.0, Diff: 0.0, Sum: 0.0]
      [GC Worker Other (ms): Min: 0.0, Avg: 0.0, Max: 0.0, Diff: 0.0, Sum: 0.1]
      [GC Worker Total (ms): Min: 7.2, Avg: 7.2, Max: 7.2, Diff: 0.0, Sum: 14.4]
      [GC Worker End (ms): Min: 4959379.9, Avg: 4959379.9, Max: 4959379.9, Diff: 0.0]
   [Code Root Fixup: 0.2 ms]
   [Code Root Migration: 0.1 ms]
   [Clear CT: 0.8 ms]
   [Other: 1.6 ms]
      [Choose CSet: 0.0 ms]
      [Ref Proc: 0.1 ms]
      [Ref Enq: 0.0 ms]
      [Free CSet: 1.4 ms]
   [Eden: 3376.0M(3376.0M)->0.0B(3376.0M) Survivors: 2048.0K->2048.0K Heap: 4741.1M(5632.0M)->1365.0M(5632.0M)]
 [Times: user=0.02 sys=0.01, real=0.01 secs] 
2014-06-25T01:33:36.934+0000: 4959.383: Total time for which application threads were stopped: 0.0105146 seconds
2014-06-25T01:33:39.934+0000: 4962.384: Total time for which application threads were stopped: 0.0003630 seconds
2014-06-25T01:33:43.511+0000: 4965.960: [GC pause (G1 Evacuation Pause) (young)
Desired survivor size 222298112 bytes, new threshold 15 (max 15)
- age   1:      27576 bytes,      27576 total
- age   2:       7280 bytes,      34856 total
- age   3:      13944 bytes,      48800 total
- age   4:      12592 bytes,      61392 total
- age   5:     132448 bytes,     193840 total
- age   6:      15416 bytes,     209256 total
- age   7:     826872 bytes,    1036128 total
- age   8:     188640 bytes,    1224768 total
- age   9:      16928 bytes,    1241696 total
- age  10:      16160 bytes,    1257856 total
- age  11:     124416 bytes,    1382272 total
- age  12:       7456 bytes,    1389728 total
- age  13:      26456 bytes,    1416184 total
- age  14:      64960 bytes,    1481144 total
- age  15:      15296 bytes,    1496440 total
, 0.0100401 secs]
   [Parallel Time: 7.3 ms, GC Workers: 2]
      [GC Worker Start (ms): Min: 4965960.1, Avg: 4965960.2, Max: 4965960.2, Diff: 0.0]
      [Ext Root Scanning (ms): Min: 1.1, Avg: 1.2, Max: 1.4, Diff: 0.3, Sum: 2.5]
      [Update RS (ms): Min: 1.1, Avg: 1.3, Max: 1.5, Diff: 0.4, Sum: 2.6]
         [Processed Buffers: Min: 2, Avg: 15.5, Max: 29, Diff: 27, Sum: 31]
      [Scan RS (ms): Min: 1.9, Avg: 2.1, Max: 2.3, Diff: 0.3, Sum: 4.2]
      [Code Root Scanning (ms): Min: 0.8, Avg: 0.8, Max: 0.9, Diff: 0.1, Sum: 1.6]
      [Object Copy (ms): Min: 1.6, Avg: 1.7, Max: 1.8, Diff: 0.2, Sum: 3.4]
      [Termination (ms): Min: 0.0, Avg: 0.0, Max: 0.0, Diff: 0.0, Sum: 0.0]
      [GC Worker Other (ms): Min: 0.0, Avg: 0.1, Max: 0.1, Diff: 0.0, Sum: 0.1]
      [GC Worker Total (ms): Min: 7.2, Avg: 7.2, Max: 7.2, Diff: 0.0, Sum: 14.5]
      [GC Worker End (ms): Min: 4965967.4, Avg: 4965967.4, Max: 4965967.4, Diff: 0.0]
   [Code Root Fixup: 0.2 ms]
   [Code Root Migration: 0.1 ms]
   [Clear CT: 0.8 ms]
   [Other: 1.7 ms]
      [Choose CSet: 0.0 ms]
      [Ref Proc: 0.1 ms]
      [Ref Enq: 0.0 ms]
      [Free CSet: 1.4 ms]
   [Eden: 3376.0M(3376.0M)->0.0B(3374.0M) Survivors: 2048.0K->4096.0K Heap: 4741.0M(5632.0M)->1365.8M(5632.0M)]
 [Times: user=0.02 sys=0.00, real=0.01 secs] 
2014-06-25T01:33:43.521+0000: 4965.970: Total time for which application threads were stopped: 0.0105964 seconds
2014-06-25T01:33:50.051+0000: 4972.500: [GC pause (G1 Evacuation Pause) (young)
Desired survivor size 222298112 bytes, new threshold 15 (max 15)
- age   1:      37472 bytes,      37472 total
- age   2:       2408 bytes,      39880 total
- age   3:       6976 bytes,      46856 total
- age   4:      13920 bytes,      60776 total
- age   5:      12592 bytes,      73368 total
- age   6:     113224 bytes,     186592 total
- age   7:      15416 bytes,     202008 total
- age   8:     826760 bytes,    1028768 total
- age   9:     188528 bytes,    1217296 total
- age  10:      16928 bytes,    1234224 total
- age  11:      16160 bytes,    1250384 total
- age  12:     124416 bytes,    1374800 total
- age  13:       7456 bytes,    1382256 total
- age  14:      26456 bytes,    1408712 total
- age  15:      64960 bytes,    1473672 total
, 0.0100878 secs]
   [Parallel Time: 7.3 ms, GC Workers: 2]
      [GC Worker Start (ms): Min: 4972499.8, Avg: 4972499.8, Max: 4972499.8, Diff: 0.0]
      [Ext Root Scanning (ms): Min: 1.1, Avg: 1.2, Max: 1.4, Diff: 0.3, Sum: 2.5]
      [Update RS (ms): Min: 1.0, Avg: 1.2, Max: 1.5, Diff: 0.5, Sum: 2.5]
         [Processed Buffers: Min: 2, Avg: 15.5, Max: 29, Diff: 27, Sum: 31]
      [Scan RS (ms): Min: 1.9, Avg: 2.2, Max: 2.4, Diff: 0.5, Sum: 4.3]
      [Code Root Scanning (ms): Min: 0.7, Avg: 0.8, Max: 0.9, Diff: 0.1, Sum: 1.6]
      [Object Copy (ms): Min: 1.6, Avg: 1.7, Max: 1.8, Diff: 0.2, Sum: 3.5]
      [Termination (ms): Min: 0.0, Avg: 0.0, Max: 0.0, Diff: 0.0, Sum: 0.0]
      [GC Worker Other (ms): Min: 0.0, Avg: 0.0, Max: 0.1, Diff: 0.0, Sum: 0.1]
      [GC Worker Total (ms): Min: 7.2, Avg: 7.2, Max: 7.2, Diff: 0.0, Sum: 14.4]
      [GC Worker End (ms): Min: 4972507.0, Avg: 4972507.0, Max: 4972507.1, Diff: 0.0]
   [Code Root Fixup: 0.2 ms]
   [Code Root Migration: 0.1 ms]
   [Clear CT: 0.8 ms]
   [Other: 1.7 ms]
      [Choose CSet: 0.0 ms]
      [Ref Proc: 0.1 ms]
      [Ref Enq: 0.0 ms]
      [Free CSet: 1.5 ms]
   [Eden: 3374.0M(3374.0M)->0.0B(3376.0M) Survivors: 4096.0K->2048.0K Heap: 4739.8M(5632.0M)->1365.2M(5632.0M)]
 [Times: user=0.02 sys=0.00, real=0.01 secs] 
2014-06-25T01:33:50.061+0000: 4972.510: Total time for which application threads were stopped: 0.0106210 seconds
2014-06-25T01:33:54.062+0000: 4976.511: Total time for which application threads were stopped: 0.0003593 seconds
2014-06-25T01:33:56.591+0000: 4979.040: [GC pause (G1 Evacuation Pause) (young)
Desired survivor size 222298112 bytes, new threshold 15 (max 15)
- age   1:      45904 bytes,      45904 total
- age   2:       9744 bytes,      55648 total
- age   3:       2320 bytes,      57968 total
- age   4:       6944 bytes,      64912 total
- age   5:      13920 bytes,      78832 total
- age   6:      12592 bytes,      91424 total
- age   7:     110984 bytes,     202408 total
- age   8:      15416 bytes,     217824 total
- age   9:     826760 bytes,    1044584 total
- age  10:     188528 bytes,    1233112 total
- age  11:      16928 bytes,    1250040 total
- age  12:      16160 bytes,    1266200 total
- age  13:     124416 bytes,    1390616 total
- age  14:       7456 bytes,    1398072 total
- age  15:      26456 bytes,    1424528 total
, 0.0098253 secs]
   [Parallel Time: 7.2 ms, GC Workers: 2]
      [GC Worker Start (ms): Min: 4979040.1, Avg: 4979040.1, Max: 4979040.2, Diff: 0.0]
      [Ext Root Scanning (ms): Min: 1.1, Avg: 1.3, Max: 1.4, Diff: 0.3, Sum: 2.5]
      [Update RS (ms): Min: 0.9, Avg: 1.2, Max: 1.6, Diff: 0.8, Sum: 2.5]
         [Processed Buffers: Min: 2, Avg: 13.5, Max: 25, Diff: 23, Sum: 27]
      [Scan RS (ms): Min: 1.9, Avg: 2.1, Max: 2.4, Diff: 0.4, Sum: 4.3]
      [Code Root Scanning (ms): Min: 0.7, Avg: 0.8, Max: 0.9, Diff: 0.1, Sum: 1.6]
      [Object Copy (ms): Min: 1.5, Avg: 1.6, Max: 1.7, Diff: 0.2, Sum: 3.2]
      [Termination (ms): Min: 0.0, Avg: 0.0, Max: 0.0, Diff: 0.0, Sum: 0.0]
      [GC Worker Other (ms): Min: 0.0, Avg: 0.0, Max: 0.0, Diff: 0.0, Sum: 0.1]
      [GC Worker Total (ms): Min: 7.1, Avg: 7.1, Max: 7.1, Diff: 0.0, Sum: 14.2]
      [GC Worker End (ms): Min: 4979047.2, Avg: 4979047.2, Max: 4979047.2, Diff: 0.0]
   [Code Root Fixup: 0.2 ms]
   [Code Root Migration: 0.1 ms]
   [Clear CT: 0.8 ms]
   [Other: 1.6 ms]
      [Choose CSet: 0.0 ms]
      [Ref Proc: 0.1 ms]
      [Ref Enq: 0.0 ms]
      [Free CSet: 1.4 ms]
   [Eden: 3376.0M(3376.0M)->0.0B(3376.0M) Survivors: 2048.0K->2048.0K Heap: 4741.2M(5632.0M)->1364.8M(5632.0M)]
 [Times: user=0.01 sys=0.00, real=0.01 secs] 
2014-06-25T01:33:56.601+0000: 4979.050: Total time for which application threads were stopped: 0.0103625 seconds
2014-06-25T01:34:03.307+0000: 4985.757: [GC pause (G1 Evacuation Pause) (young)
Desired survivor size 222298112 bytes, new threshold 15 (max 15)
- age   1:      22872 bytes,      22872 total
- age   2:      31224 bytes,      54096 total
- age   3:       9600 bytes,      63696 total
- age   4:       2320 bytes,      66016 total
- age   5:       6920 bytes,      72936 total
- age   6:      13920 bytes,      86856 total
- age   7:      12592 bytes,      99448 total
- age   8:     110984 bytes,     210432 total
- age   9:      15416 bytes,     225848 total
- age  10:     826760 bytes,    1052608 total
- age  11:     188528 bytes,    1241136 total
- age  12:      16928 bytes,    1258064 total
- age  13:      16160 bytes,    1274224 total
- age  14:     124416 bytes,    1398640 total
- age  15:       7456 bytes,    1406096 total
, 0.0099643 secs]
   [Parallel Time: 7.0 ms, GC Workers: 2]
      [GC Worker Start (ms): Min: 4985756.7, Avg: 4985756.7, Max: 4985756.8, Diff: 0.0]
      [Ext Root Scanning (ms): Min: 1.1, Avg: 1.2, Max: 1.4, Diff: 0.3, Sum: 2.5]
      [Update RS (ms): Min: 0.9, Avg: 1.1, Max: 1.3, Diff: 0.4, Sum: 2.3]
         [Processed Buffers: Min: 2, Avg: 13.0, Max: 24, Diff: 22, Sum: 26]
      [Scan RS (ms): Min: 2.1, Avg: 2.2, Max: 2.3, Diff: 0.2, Sum: 4.4]
      [Code Root Scanning (ms): Min: 0.8, Avg: 0.8, Max: 0.9, Diff: 0.1, Sum: 1.6]
      [Object Copy (ms): Min: 1.5, Avg: 1.5, Max: 1.6, Diff: 0.1, Sum: 3.1]
      [Termination (ms): Min: 0.0, Avg: 0.0, Max: 0.0, Diff: 0.0, Sum: 0.0]
      [GC Worker Other (ms): Min: 0.0, Avg: 0.1, Max: 0.1, Diff: 0.0, Sum: 0.1]
      [GC Worker Total (ms): Min: 7.0, Avg: 7.0, Max: 7.0, Diff: 0.0, Sum: 14.0]
      [GC Worker End (ms): Min: 4985763.7, Avg: 4985763.7, Max: 4985763.7, Diff: 0.0]
   [Code Root Fixup: 0.2 ms]
   [Code Root Migration: 0.1 ms]
   [Clear CT: 0.8 ms]
   [Other: 1.8 ms]
      [Choose CSet: 0.0 ms]
      [Ref Proc: 0.1 ms]
      [Ref Enq: 0.0 ms]
      [Free CSet: 1.6 ms]
   [Eden: 3376.0M(3376.0M)->0.0B(3376.0M) Survivors: 2048.0K->2048.0K Heap: 4740.8M(5632.0M)->1364.8M(5632.0M)]
 [Times: user=0.02 sys=0.00, real=0.01 secs] 
2014-06-25T01:34:03.318+0000: 4985.767: Total time for which application threads were stopped: 0.0105334 seconds
2014-06-25T01:34:09.879+0000: 4992.328: [GC pause (G1 Evacuation Pause) (young)
Desired survivor size 222298112 bytes, new threshold 15 (max 15)
- age   1:      17424 bytes,      17424 total
- age   2:       9216 bytes,      26640 total
- age   3:      30936 bytes,      57576 total
- age   4:       9576 bytes,      67152 total
- age   5:       2320 bytes,      69472 total
- age   6:       6800 bytes,      76272 total
- age   7:      13920 bytes,      90192 total
- age   8:      12592 bytes,     102784 total
- age   9:     110984 bytes,     213768 total
- age  10:      15384 bytes,     229152 total
- age  11:     826760 bytes,    1055912 total
- age  12:     188528 bytes,    1244440 total
- age  13:      16928 bytes,    1261368 total
- age  14:      16160 bytes,    1277528 total
- age  15:     124416 bytes,    1401944 total
, 0.0097569 secs]
   [Parallel Time: 7.1 ms, GC Workers: 2]
      [GC Worker Start (ms): Min: 4992328.2, Avg: 4992328.2, Max: 4992328.2, Diff: 0.0]
      [Ext Root Scanning (ms): Min: 1.1, Avg: 1.2, Max: 1.4, Diff: 0.3, Sum: 2.5]
      [Update RS (ms): Min: 0.9, Avg: 1.1, Max: 1.2, Diff: 0.2, Sum: 2.1]
         [Processed Buffers: Min: 2, Avg: 12.0, Max: 22, Diff: 20, Sum: 24]
      [Scan RS (ms): Min: 2.0, Avg: 2.1, Max: 2.3, Diff: 0.2, Sum: 4.3]
      [Code Root Scanning (ms): Min: 0.8, Avg: 0.8, Max: 0.9, Diff: 0.1, Sum: 1.6]
      [Object Copy (ms): Min: 1.6, Avg: 1.7, Max: 1.8, Diff: 0.2, Sum: 3.3]
      [Termination (ms): Min: 0.0, Avg: 0.0, Max: 0.0, Diff: 0.0, Sum: 0.0]
      [GC Worker Other (ms): Min: 0.0, Avg: 0.0, Max: 0.1, Diff: 0.0, Sum: 0.1]
      [GC Worker Total (ms): Min: 7.0, Avg: 7.0, Max: 7.0, Diff: 0.0, Sum: 14.0]
      [GC Worker End (ms): Min: 4992335.2, Avg: 4992335.2, Max: 4992335.2, Diff: 0.0]
   [Code Root Fixup: 0.2 ms]
   [Code Root Migration: 0.1 ms]
   [Clear CT: 0.8 ms]
   [Other: 1.7 ms]
      [Choose CSet: 0.0 ms]
      [Ref Proc: 0.1 ms]
      [Ref Enq: 0.0 ms]
      [Free CSet: 1.4 ms]
   [Eden: 3376.0M(3376.0M)->0.0B(3376.0M) Survivors: 2048.0K->2048.0K Heap: 4740.8M(5632.0M)->1365.0M(5632.0M)]
 [Times: user=0.02 sys=0.00, real=0.01 secs] 
2014-06-25T01:34:09.889+0000: 4992.338: Total time for which application threads were stopped: 0.0103640 seconds
2014-06-25T01:34:16.459+0000: 4998.908: [GC pause (G1 Evacuation Pause) (young)
Desired survivor size 222298112 bytes, new threshold 15 (max 15)
- age   1:      18712 bytes,      18712 total
- age   2:       2864 bytes,      21576 total
- age   3:       9128 bytes,      30704 total
- age   4:      30912 bytes,      61616 total
- age   5:       9576 bytes,      71192 total
- age   6:       2320 bytes,      73512 total
- age   7:       6800 bytes,      80312 total
- age   8:      13920 bytes,      94232 total
- age   9:      12592 bytes,     106824 total
- age  10:     110984 bytes,     217808 total
- age  11:      15384 bytes,     233192 total
- age  12:     826760 bytes,    1059952 total
- age  13:     188528 bytes,    1248480 total
- age  14:      16928 bytes,    1265408 total
- age  15:      16160 bytes,    1281568 total
, 0.0097286 secs]
   [Parallel Time: 6.9 ms, GC Workers: 2]
      [GC Worker Start (ms): Min: 4998908.1, Avg: 4998908.1, Max: 4998908.1, Diff: 0.0]
      [Ext Root Scanning (ms): Min: 1.1, Avg: 1.2, Max: 1.4, Diff: 0.3, Sum: 2.5]
      [Update RS (ms): Min: 1.0, Avg: 1.2, Max: 1.5, Diff: 0.5, Sum: 2.5]
         [Processed Buffers: Min: 3, Avg: 13.5, Max: 24, Diff: 21, Sum: 27]
      [Scan RS (ms): Min: 2.0, Avg: 2.1, Max: 2.3, Diff: 0.3, Sum: 4.3]
      [Code Root Scanning (ms): Min: 0.8, Avg: 0.8, Max: 0.9, Diff: 0.1, Sum: 1.7]
      [Object Copy (ms): Min: 1.3, Avg: 1.4, Max: 1.5, Diff: 0.2, Sum: 2.8]
      [Termination (ms): Min: 0.0, Avg: 0.0, Max: 0.0, Diff: 0.0, Sum: 0.0]
      [GC Worker Other (ms): Min: 0.0, Avg: 0.0, Max: 0.1, Diff: 0.0, Sum: 0.1]
      [GC Worker Total (ms): Min: 6.9, Avg: 6.9, Max: 6.9, Diff: 0.0, Sum: 13.8]
      [GC Worker End (ms): Min: 4998915.0, Avg: 4998915.0, Max: 4998915.0, Diff: 0.0]
   [Code Root Fixup: 0.2 ms]
   [Code Root Migration: 0.1 ms]
   [Clear CT: 0.8 ms]
   [Other: 1.7 ms]
      [Choose CSet: 0.0 ms]
      [Ref Proc: 0.1 ms]
      [Ref Enq: 0.0 ms]
      [Free CSet: 1.5 ms]
   [Eden: 3376.0M(3376.0M)->0.0B(3376.0M) Survivors: 2048.0K->2048.0K Heap: 4741.0M(5632.0M)->1365.3M(5632.0M)]
 [Times: user=0.02 sys=0.00, real=0.01 secs] 
2014-06-25T01:34:16.469+0000: 4998.918: Total time for which application threads were stopped: 0.0102675 seconds
2014-06-25T01:34:23.137+0000: 5005.586: [GC pause (G1 Evacuation Pause) (young)
Desired survivor size 222298112 bytes, new threshold 15 (max 15)
- age   1:      22336 bytes,      22336 total
- age   2:       6848 bytes,      29184 total
- age   3:       2680 bytes,      31864 total
- age   4:       9080 bytes,      40944 total
- age   5:      30912 bytes,      71856 total
- age   6:       9576 bytes,      81432 total
- age   7:       2320 bytes,      83752 total
- age   8:       6800 bytes,      90552 total
- age   9:      13920 bytes,     104472 total
- age  10:      12592 bytes,     117064 total
- age  11:     110984 bytes,     228048 total
- age  12:      15384 bytes,     243432 total
- age  13:     826760 bytes,    1070192 total
- age  14:     188528 bytes,    1258720 total
- age  15:      16928 bytes,    1275648 total
, 0.0095443 secs]
   [Parallel Time: 6.8 ms, GC Workers: 2]
      [GC Worker Start (ms): Min: 5005586.3, Avg: 5005586.3, Max: 5005586.3, Diff: 0.0]
      [Ext Root Scanning (ms): Min: 1.1, Avg: 1.2, Max: 1.4, Diff: 0.3, Sum: 2.5]
      [Update RS (ms): Min: 0.9, Avg: 1.1, Max: 1.2, Diff: 0.3, Sum: 2.1]
         [Processed Buffers: Min: 2, Avg: 13.0, Max: 24, Diff: 22, Sum: 26]
      [Scan RS (ms): Min: 2.1, Avg: 2.1, Max: 2.2, Diff: 0.1, Sum: 4.3]
      [Code Root Scanning (ms): Min: 0.8, Avg: 0.8, Max: 0.8, Diff: 0.0, Sum: 1.6]
      [Object Copy (ms): Min: 1.3, Avg: 1.4, Max: 1.5, Diff: 0.2, Sum: 2.8]
      [Termination (ms): Min: 0.0, Avg: 0.0, Max: 0.0, Diff: 0.0, Sum: 0.0]
      [GC Worker Other (ms): Min: 0.0, Avg: 0.1, Max: 0.1, Diff: 0.0, Sum: 0.1]
      [GC Worker Total (ms): Min: 6.7, Avg: 6.7, Max: 6.7, Diff: 0.0, Sum: 13.4]
      [GC Worker End (ms): Min: 5005593.0, Avg: 5005593.0, Max: 5005593.0, Diff: 0.0]
   [Code Root Fixup: 0.2 ms]
   [Code Root Migration: 0.1 ms]
   [Clear CT: 0.7 ms]
   [Other: 1.7 ms]
      [Choose CSet: 0.0 ms]
      [Ref Proc: 0.1 ms]
      [Ref Enq: 0.0 ms]
      [Free CSet: 1.5 ms]
   [Eden: 3376.0M(3376.0M)->0.0B(3376.0M) Survivors: 2048.0K->2048.0K Heap: 4741.3M(5632.0M)->1365.1M(5632.0M)]
 [Times: user=0.02 sys=0.00, real=0.00 secs] 
2014-06-25T01:34:23.147+0000: 5005.596: Total time for which application threads were stopped: 0.0101187 seconds
2014-06-25T01:34:23.393+0000: 5005.842: Total time for which application threads were stopped: 0.0003935 seconds
2014-06-25T01:34:23.393+0000: 5005.842: Total time for which application threads were stopped: 0.0002255 seconds
2014-06-25T01:34:23.393+0000: 5005.842: Total time for which application threads were stopped: 0.0002170 seconds
2014-06-25T01:34:23.394+0000: 5005.843: Total time for which application threads were stopped: 0.0002131 seconds
2014-06-25T01:34:23.394+0000: 5005.843: Total time for which application threads were stopped: 0.0002048 seconds
2014-06-25T01:34:24.394+0000: 5006.844: Total time for which application threads were stopped: 0.0003700 seconds
2014-06-25T01:34:29.701+0000: 5012.150: [GC pause (G1 Evacuation Pause) (young)
Desired survivor size 222298112 bytes, new threshold 15 (max 15)
- age   1:      28144 bytes,      28144 total
- age   2:       6440 bytes,      34584 total
- age   3:       6624 bytes,      41208 total
- age   4:       2624 bytes,      43832 total
- age   5:       9080 bytes,      52912 total
- age   6:      30912 bytes,      83824 total
- age   7:       9576 bytes,      93400 total
- age   8:       2320 bytes,      95720 total
- age   9:       6800 bytes,     102520 total
- age  10:      13920 bytes,     116440 total
- age  11:      12592 bytes,     129032 total
- age  12:     110984 bytes,     240016 total
- age  13:      15248 bytes,     255264 total
- age  14:     826760 bytes,    1082024 total
- age  15:     188528 bytes,    1270552 total
, 0.0097147 secs]
   [Parallel Time: 7.0 ms, GC Workers: 2]
      [GC Worker Start (ms): Min: 5012150.2, Avg: 5012150.2, Max: 5012150.2, Diff: 0.0]
      [Ext Root Scanning (ms): Min: 1.1, Avg: 1.2, Max: 1.4, Diff: 0.3, Sum: 2.5]
      [Update RS (ms): Min: 1.1, Avg: 1.2, Max: 1.3, Diff: 0.2, Sum: 2.3]
         [Processed Buffers: Min: 3, Avg: 15.5, Max: 28, Diff: 25, Sum: 31]
      [Scan RS (ms): Min: 2.1, Avg: 2.2, Max: 2.2, Diff: 0.1, Sum: 4.3]
      [Code Root Scanning (ms): Min: 0.8, Avg: 0.8, Max: 0.8, Diff: 0.0, Sum: 1.6]
      [Object Copy (ms): Min: 1.4, Avg: 1.6, Max: 1.7, Diff: 0.2, Sum: 3.1]
      [Termination (ms): Min: 0.0, Avg: 0.0, Max: 0.0, Diff: 0.0, Sum: 0.0]
      [GC Worker Other (ms): Min: 0.0, Avg: 0.0, Max: 0.1, Diff: 0.0, Sum: 0.1]
      [GC Worker Total (ms): Min: 6.9, Avg: 7.0, Max: 7.0, Diff: 0.0, Sum: 13.9]
      [GC Worker End (ms): Min: 5012157.1, Avg: 5012157.1, Max: 5012157.1, Diff: 0.0]
   [Code Root Fixup: 0.2 ms]
   [Code Root Migration: 0.1 ms]
   [Clear CT: 0.7 ms]
   [Other: 1.7 ms]
      [Choose CSet: 0.0 ms]
      [Ref Proc: 0.1 ms]
      [Ref Enq: 0.0 ms]
      [Free CSet: 1.5 ms]
   [Eden: 3376.0M(3376.0M)->0.0B(3376.0M) Survivors: 2048.0K->2048.0K Heap: 4741.1M(5632.0M)->1365.6M(5632.0M)]
 [Times: user=0.02 sys=0.00, real=0.01 secs] 
2014-06-25T01:34:29.711+0000: 5012.160: Total time for which application threads were stopped: 0.0102665 seconds
2014-06-25T01:34:33.424+0000: 5015.873: Total time for which application threads were stopped: 0.0044531 seconds
2014-06-25T01:34:34.291+0000: 5016.740: Total time for which application threads were stopped: 0.0003842 seconds
2014-06-25T01:34:34.354+0000: 5016.803: Total time for which application threads were stopped: 0.0009820 seconds
2014-06-25T01:34:36.396+0000: 5018.846: [GC pause (G1 Evacuation Pause) (young)
Desired survivor size 222298112 bytes, new threshold 15 (max 15)
- age   1:      83096 bytes,      83096 total
- age   2:      12920 bytes,      96016 total
- age   3:       6360 bytes,     102376 total
- age   4:       6600 bytes,     108976 total
- age   5:       2504 bytes,     111480 total
- age   6:       9080 bytes,     120560 total
- age   7:      18256 bytes,     138816 total
- age   8:       9048 bytes,     147864 total
- age   9:       2320 bytes,     150184 total
- age  10:       6768 bytes,     156952 total
- age  11:      13920 bytes,     170872 total
- age  12:      12592 bytes,     183464 total
- age  13:      92840 bytes,     276304 total
- age  14:      15248 bytes,     291552 total
- age  15:     807344 bytes,    1098896 total
, 0.0102018 secs]
   [Parallel Time: 7.4 ms, GC Workers: 2]
      [GC Worker Start (ms): Min: 5018845.6, Avg: 5018845.6, Max: 5018845.6, Diff: 0.0]
      [Ext Root Scanning (ms): Min: 1.1, Avg: 1.2, Max: 1.4, Diff: 0.3, Sum: 2.5]
      [Update RS (ms): Min: 1.3, Avg: 1.4, Max: 1.4, Diff: 0.1, Sum: 2.7]
         [Processed Buffers: Min: 2, Avg: 16.0, Max: 30, Diff: 28, Sum: 32]
      [Scan RS (ms): Min: 2.1, Avg: 2.1, Max: 2.1, Diff: 0.0, Sum: 4.2]
      [Code Root Scanning (ms): Min: 0.8, Avg: 0.8, Max: 0.8, Diff: 0.1, Sum: 1.6]
      [Object Copy (ms): Min: 1.5, Avg: 1.7, Max: 1.9, Diff: 0.4, Sum: 3.4]
      [Termination (ms): Min: 0.0, Avg: 0.1, Max: 0.2, Diff: 0.2, Sum: 0.2]
      [GC Worker Other (ms): Min: 0.0, Avg: 0.1, Max: 0.1, Diff: 0.0, Sum: 0.1]
      [GC Worker Total (ms): Min: 7.3, Avg: 7.3, Max: 7.4, Diff: 0.0, Sum: 14.7]
      [GC Worker End (ms): Min: 5018853.0, Avg: 5018853.0, Max: 5018853.0, Diff: 0.0]
   [Code Root Fixup: 0.2 ms]
   [Code Root Migration: 0.1 ms]
   [Clear CT: 0.8 ms]
   [Other: 1.7 ms]
      [Choose CSet: 0.0 ms]
      [Ref Proc: 0.1 ms]
      [Ref Enq: 0.0 ms]
      [Free CSet: 1.5 ms]
   [Eden: 3376.0M(3376.0M)->0.0B(3376.0M) Survivors: 2048.0K->2048.0K Heap: 4741.6M(5632.0M)->1365.4M(5632.0M)]
 [Times: user=0.00 sys=0.00, real=0.01 secs] 
2014-06-25T01:34:36.407+0000: 5018.856: Total time for which application threads were stopped: 0.0107425 seconds
2014-06-25T01:34:42.950+0000: 5025.399: [GC pause (G1 Evacuation Pause) (young)
Desired survivor size 222298112 bytes, new threshold 15 (max 15)
- age   1:     121144 bytes,     121144 total
- age   2:      56736 bytes,     177880 total
- age   3:      12704 bytes,     190584 total
- age   4:       6336 bytes,     196920 total
- age   5:       6600 bytes,     203520 total
- age   6:       2504 bytes,     206024 total
- age   7:       9080 bytes,     215104 total
- age   8:      17616 bytes,     232720 total
- age   9:       8920 bytes,     241640 total
- age  10:       2320 bytes,     243960 total
- age  11:       6768 bytes,     250728 total
- age  12:      13920 bytes,     264648 total
- age  13:      12456 bytes,     277104 total
- age  14:      91256 bytes,     368360 total
- age  15:      15248 bytes,     383608 total
, 0.0089778 secs]
   [Parallel Time: 6.3 ms, GC Workers: 2]
      [GC Worker Start (ms): Min: 5025399.3, Avg: 5025399.4, Max: 5025399.4, Diff: 0.0]
      [Ext Root Scanning (ms): Min: 1.1, Avg: 1.3, Max: 1.4, Diff: 0.3, Sum: 2.5]
      [Update RS (ms): Min: 0.9, Avg: 1.0, Max: 1.0, Diff: 0.1, Sum: 1.9]
         [Processed Buffers: Min: 1, Avg: 13.0, Max: 25, Diff: 24, Sum: 26]
      [Scan RS (ms): Min: 2.2, Avg: 2.2, Max: 2.2, Diff: 0.0, Sum: 4.4]
      [Code Root Scanning (ms): Min: 0.8, Avg: 0.8, Max: 0.8, Diff: 0.0, Sum: 1.6]
      [Object Copy (ms): Min: 0.9, Avg: 1.0, Max: 1.0, Diff: 0.2, Sum: 1.9]
      [Termination (ms): Min: 0.0, Avg: 0.0, Max: 0.0, Diff: 0.0, Sum: 0.0]
      [GC Worker Other (ms): Min: 0.0, Avg: 0.1, Max: 0.1, Diff: 0.0, Sum: 0.1]
      [GC Worker Total (ms): Min: 6.2, Avg: 6.2, Max: 6.3, Diff: 0.0, Sum: 12.5]
      [GC Worker End (ms): Min: 5025405.6, Avg: 5025405.6, Max: 5025405.6, Diff: 0.0]
   [Code Root Fixup: 0.2 ms]
   [Code Root Migration: 0.1 ms]
   [Clear CT: 0.8 ms]
   [Other: 1.6 ms]
      [Choose CSet: 0.0 ms]
      [Ref Proc: 0.1 ms]
      [Ref Enq: 0.0 ms]
      [Free CSet: 1.4 ms]
   [Eden: 3376.0M(3376.0M)->0.0B(3376.0M) Survivors: 2048.0K->2048.0K Heap: 4741.4M(5632.0M)->1365.2M(5632.0M)]
 [Times: user=0.00 sys=0.01, real=0.01 secs] 
2014-06-25T01:34:42.959+0000: 5025.408: Total time for which application threads were stopped: 0.0095827 seconds
2014-06-25T01:34:49.502+0000: 5031.951: [GC pause (G1 Evacuation Pause) (young)
Desired survivor size 222298112 bytes, new threshold 15 (max 15)
- age   1:      20088 bytes,      20088 total
- age   2:     105888 bytes,     125976 total
- age   3:      56512 bytes,     182488 total
- age   4:      12680 bytes,     195168 total
- age   5:       6336 bytes,     201504 total
- age   6:       6600 bytes,     208104 total
- age   7:       2504 bytes,     210608 total
- age   8:       9080 bytes,     219688 total
- age   9:      17616 bytes,     237304 total
- age  10:       8920 bytes,     246224 total
- age  11:       2320 bytes,     248544 total
- age  12:       6768 bytes,     255312 total
- age  13:      13920 bytes,     269232 total
- age  14:      12456 bytes,     281688 total
- age  15:      91256 bytes,     372944 total
, 0.0086223 secs]
   [Parallel Time: 6.0 ms, GC Workers: 2]
      [GC Worker Start (ms): Min: 5031950.8, Avg: 5031950.9, Max: 5031950.9, Diff: 0.0]
      [Ext Root Scanning (ms): Min: 1.1, Avg: 1.2, Max: 1.4, Diff: 0.3, Sum: 2.5]
      [Update RS (ms): Min: 0.8, Avg: 0.8, Max: 0.8, Diff: 0.0, Sum: 1.6]
         [Processed Buffers: Min: 1, Avg: 12.0, Max: 23, Diff: 22, Sum: 24]
      [Scan RS (ms): Min: 2.1, Avg: 2.1, Max: 2.2, Diff: 0.1, Sum: 4.3]
      [Code Root Scanning (ms): Min: 0.8, Avg: 0.8, Max: 0.8, Diff: 0.1, Sum: 1.6]
      [Object Copy (ms): Min: 0.8, Avg: 0.9, Max: 1.0, Diff: 0.2, Sum: 1.9]
      [Termination (ms): Min: 0.0, Avg: 0.0, Max: 0.0, Diff: 0.0, Sum: 0.0]
      [GC Worker Other (ms): Min: 0.0, Avg: 0.0, Max: 0.1, Diff: 0.0, Sum: 0.1]
      [GC Worker Total (ms): Min: 6.0, Avg: 6.0, Max: 6.0, Diff: 0.0, Sum: 11.9]
      [GC Worker End (ms): Min: 5031956.8, Avg: 5031956.8, Max: 5031956.8, Diff: 0.0]
   [Code Root Fixup: 0.2 ms]
   [Code Root Migration: 0.1 ms]
   [Clear CT: 0.8 ms]
   [Other: 1.6 ms]
      [Choose CSet: 0.0 ms]
      [Ref Proc: 0.1 ms]
      [Ref Enq: 0.0 ms]
      [Free CSet: 1.4 ms]
   [Eden: 3376.0M(3376.0M)->0.0B(3376.0M) Survivors: 2048.0K->2048.0K Heap: 4741.2M(5632.0M)->1365.1M(5632.0M)]
 [Times: user=0.02 sys=0.00, real=0.01 secs] 
2014-06-25T01:34:49.510+0000: 5031.960: Total time for which application threads were stopped: 0.0091521 seconds
2014-06-25T01:34:56.036+0000: 5038.485: [GC pause (G1 Evacuation Pause) (young)
Desired survivor size 222298112 bytes, new threshold 15 (max 15)
- age   1:      26360 bytes,      26360 total
- age   2:       9544 bytes,      35904 total
- age   3:     105736 bytes,     141640 total
- age   4:      56488 bytes,     198128 total
- age   5:      12680 bytes,     210808 total
- age   6:       6336 bytes,     217144 total
- age   7:       6600 bytes,     223744 total
- age   8:       2504 bytes,     226248 total
- age   9:       9080 bytes,     235328 total
- age  10:      17616 bytes,     252944 total
- age  11:       8920 bytes,     261864 total
- age  12:       2320 bytes,     264184 total
- age  13:       6768 bytes,     270952 total
- age  14:      13920 bytes,     284872 total
- age  15:      12456 bytes,     297328 total
, 0.0086387 secs]
   [Parallel Time: 6.0 ms, GC Workers: 2]
      [GC Worker Start (ms): Min: 5038485.1, Avg: 5038485.1, Max: 5038485.1, Diff: 0.0]
      [Ext Root Scanning (ms): Min: 1.1, Avg: 1.2, Max: 1.4, Diff: 0.3, Sum: 2.5]
      [Update RS (ms): Min: 0.9, Avg: 0.9, Max: 1.0, Diff: 0.1, Sum: 1.9]
         [Processed Buffers: Min: 2, Avg: 13.0, Max: 24, Diff: 22, Sum: 26]
      [Scan RS (ms): Min: 2.1, Avg: 2.1, Max: 2.1, Diff: 0.0, Sum: 4.2]
      [Code Root Scanning (ms): Min: 0.8, Avg: 0.8, Max: 0.8, Diff: 0.0, Sum: 1.7]
      [Object Copy (ms): Min: 0.7, Avg: 0.8, Max: 0.8, Diff: 0.2, Sum: 1.5]
      [Termination (ms): Min: 0.0, Avg: 0.0, Max: 0.0, Diff: 0.0, Sum: 0.0]
      [GC Worker Other (ms): Min: 0.0, Avg: 0.1, Max: 0.1, Diff: 0.0, Sum: 0.1]
      [GC Worker Total (ms): Min: 5.9, Avg: 5.9, Max: 6.0, Diff: 0.0, Sum: 11.9]
      [GC Worker End (ms): Min: 5038491.0, Avg: 5038491.0, Max: 5038491.0, Diff: 0.0]
   [Code Root Fixup: 0.2 ms]
   [Code Root Migration: 0.1 ms]
   [Clear CT: 0.8 ms]
   [Other: 1.6 ms]
      [Choose CSet: 0.0 ms]
      [Ref Proc: 0.1 ms]
      [Ref Enq: 0.0 ms]
      [Free CSet: 1.4 ms]
   [Eden: 3376.0M(3376.0M)->0.0B(3376.0M) Survivors: 2048.0K->2048.0K Heap: 4741.1M(5632.0M)->1365.1M(5632.0M)]
 [Times: user=0.02 sys=0.00, real=0.01 secs] 
2014-06-25T01:34:56.045+0000: 5038.494: Total time for which application threads were stopped: 0.0091794 seconds
2014-06-25T01:35:02.770+0000: 5045.219: [GC pause (G1 Evacuation Pause) (young)
Desired survivor size 222298112 bytes, new threshold 15 (max 15)
- age   1:      18536 bytes,      18536 total
- age   2:       9496 bytes,      28032 total
- age   3:       9456 bytes,      37488 total
- age   4:     105688 bytes,     143176 total
- age   5:      56488 bytes,     199664 total
- age   6:      12680 bytes,     212344 total
- age   7:       6336 bytes,     218680 total
- age   8:       6600 bytes,     225280 total
- age   9:       2504 bytes,     227784 total
- age  10:       9080 bytes,     236864 total
- age  11:      17616 bytes,     254480 total
- age  12:       8920 bytes,     263400 total
- age  13:       2320 bytes,     265720 total
- age  14:       6768 bytes,     272488 total
- age  15:      13920 bytes,     286408 total
, 0.0085677 secs]
   [Parallel Time: 5.8 ms, GC Workers: 2]
      [GC Worker Start (ms): Min: 5045219.0, Avg: 5045219.0, Max: 5045219.0, Diff: 0.0]
      [Ext Root Scanning (ms): Min: 1.1, Avg: 1.2, Max: 1.4, Diff: 0.3, Sum: 2.5]
      [Update RS (ms): Min: 0.5, Avg: 0.6, Max: 0.7, Diff: 0.1, Sum: 1.2]
         [Processed Buffers: Min: 10, Avg: 15.0, Max: 20, Diff: 10, Sum: 30]
      [Scan RS (ms): Min: 2.1, Avg: 2.1, Max: 2.2, Diff: 0.0, Sum: 4.3]
      [Code Root Scanning (ms): Min: 0.8, Avg: 0.8, Max: 0.8, Diff: 0.0, Sum: 1.6]
      [Object Copy (ms): Min: 0.8, Avg: 0.8, Max: 0.9, Diff: 0.1, Sum: 1.7]
      [Termination (ms): Min: 0.0, Avg: 0.0, Max: 0.0, Diff: 0.0, Sum: 0.0]
      [GC Worker Other (ms): Min: 0.0, Avg: 0.1, Max: 0.1, Diff: 0.0, Sum: 0.1]
      [GC Worker Total (ms): Min: 5.7, Avg: 5.7, Max: 5.7, Diff: 0.0, Sum: 11.4]
      [GC Worker End (ms): Min: 5045224.7, Avg: 5045224.7, Max: 5045224.7, Diff: 0.0]
   [Code Root Fixup: 0.2 ms]
   [Code Root Migration: 0.1 ms]
   [Clear CT: 0.8 ms]
   [Other: 1.7 ms]
      [Choose CSet: 0.0 ms]
      [Ref Proc: 0.1 ms]
      [Ref Enq: 0.0 ms]
      [Free CSet: 1.5 ms]
   [Eden: 3376.0M(3376.0M)->0.0B(3376.0M) Survivors: 2048.0K->2048.0K Heap: 4741.1M(5632.0M)->1365.4M(5632.0M)]
 [Times: user=0.02 sys=0.00, real=0.01 secs] 
2014-06-25T01:35:02.778+0000: 5045.228: Total time for which application threads were stopped: 0.0091011 seconds
2014-06-25T01:35:09.347+0000: 5051.796: [GC pause (G1 Evacuation Pause) (young)
Desired survivor size 222298112 bytes, new threshold 15 (max 15)
- age   1:      74592 bytes,      74592 total
- age   2:       4544 bytes,      79136 total
- age   3:       9240 bytes,      88376 total
- age   4:       9432 bytes,      97808 total
- age   5:      90176 bytes,     187984 total
- age   6:      56288 bytes,     244272 total
- age   7:      12680 bytes,     256952 total
- age   8:       6336 bytes,     263288 total
- age   9:       6600 bytes,     269888 total
- age  10:       2472 bytes,     272360 total
- age  11:       9080 bytes,     281440 total
- age  12:      17616 bytes,     299056 total
- age  13:       8920 bytes,     307976 total
- age  14:       2320 bytes,     310296 total
- age  15:       6768 bytes,     317064 total
, 0.0085908 secs]
   [Parallel Time: 5.7 ms, GC Workers: 2]
      [GC Worker Start (ms): Min: 5051796.1, Avg: 5051796.1, Max: 5051796.1, Diff: 0.0]
      [Ext Root Scanning (ms): Min: 1.1, Avg: 1.3, Max: 1.4, Diff: 0.3, Sum: 2.5]
      [Update RS (ms): Min: 0.5, Avg: 0.6, Max: 0.6, Diff: 0.1, Sum: 1.1]
         [Processed Buffers: Min: 2, Avg: 12.0, Max: 22, Diff: 20, Sum: 24]
      [Scan RS (ms): Min: 2.1, Avg: 2.1, Max: 2.2, Diff: 0.0, Sum: 4.3]
      [Code Root Scanning (ms): Min: 0.8, Avg: 0.8, Max: 0.8, Diff: 0.0, Sum: 1.6]
      [Object Copy (ms): Min: 0.7, Avg: 0.8, Max: 0.9, Diff: 0.1, Sum: 1.6]
      [Termination (ms): Min: 0.0, Avg: 0.0, Max: 0.0, Diff: 0.0, Sum: 0.0]
      [GC Worker Other (ms): Min: 0.1, Avg: 0.1, Max: 0.1, Diff: 0.0, Sum: 0.1]
      [GC Worker Total (ms): Min: 5.6, Avg: 5.7, Max: 5.7, Diff: 0.0, Sum: 11.3]
      [GC Worker End (ms): Min: 5051801.7, Avg: 5051801.7, Max: 5051801.8, Diff: 0.0]
   [Code Root Fixup: 0.2 ms]
   [Code Root Migration: 0.1 ms]
   [Clear CT: 0.8 ms]
   [Other: 1.8 ms]
      [Choose CSet: 0.0 ms]
      [Ref Proc: 0.1 ms]
      [Ref Enq: 0.0 ms]
      [Free CSet: 1.5 ms]
   [Eden: 3376.0M(3376.0M)->0.0B(3376.0M) Survivors: 2048.0K->2048.0K Heap: 4741.4M(5632.0M)->1365.2M(5632.0M)]
 [Times: user=0.01 sys=0.01, real=0.01 secs] 
2014-06-25T01:35:09.356+0000: 5051.805: Total time for which application threads were stopped: 0.0092155 seconds
2014-06-25T01:35:15.892+0000: 5058.341: [GC pause (G1 Evacuation Pause) (young)
Desired survivor size 222298112 bytes, new threshold 15 (max 15)
- age   1:      24560 bytes,      24560 total
- age   2:      61032 bytes,      85592 total
- age   3:       4424 bytes,      90016 total
- age   4:       9216 bytes,      99232 total
- age   5:       9432 bytes,     108664 total
- age   6:      90176 bytes,     198840 total
- age   7:      56288 bytes,     255128 total
- age   8:      12680 bytes,     267808 total
- age   9:       6336 bytes,     274144 total
- age  10:       6600 bytes,     280744 total
- age  11:       2472 bytes,     283216 total
- age  12:       9080 bytes,     292296 total
- age  13:      17616 bytes,     309912 total
- age  14:       8920 bytes,     318832 total
- age  15:       2320 bytes,     321152 total
, 0.0083512 secs]
   [Parallel Time: 5.7 ms, GC Workers: 2]
      [GC Worker Start (ms): Min: 5058340.9, Avg: 5058340.9, Max: 5058340.9, Diff: 0.0]
      [Ext Root Scanning (ms): Min: 1.1, Avg: 1.2, Max: 1.4, Diff: 0.3, Sum: 2.5]
      [Update RS (ms): Min: 0.5, Avg: 0.6, Max: 0.6, Diff: 0.1, Sum: 1.2]
         [Processed Buffers: Min: 14, Avg: 15.5, Max: 17, Diff: 3, Sum: 31]
      [Scan RS (ms): Min: 2.1, Avg: 2.2, Max: 2.2, Diff: 0.1, Sum: 4.3]
      [Code Root Scanning (ms): Min: 0.8, Avg: 0.8, Max: 0.8, Diff: 0.0, Sum: 1.6]
      [Object Copy (ms): Min: 0.7, Avg: 0.8, Max: 0.9, Diff: 0.1, Sum: 1.6]
      [Termination (ms): Min: 0.0, Avg: 0.0, Max: 0.0, Diff: 0.0, Sum: 0.0]
      [GC Worker Other (ms): Min: 0.0, Avg: 0.1, Max: 0.1, Diff: 0.0, Sum: 0.1]
      [GC Worker Total (ms): Min: 5.6, Avg: 5.6, Max: 5.6, Diff: 0.0, Sum: 11.3]
      [GC Worker End (ms): Min: 5058346.5, Avg: 5058346.5, Max: 5058346.5, Diff: 0.0]
   [Code Root Fixup: 0.2 ms]
   [Code Root Migration: 0.1 ms]
   [Clear CT: 0.8 ms]
   [Other: 1.6 ms]
      [Choose CSet: 0.0 ms]
      [Ref Proc: 0.1 ms]
      [Ref Enq: 0.0 ms]
      [Free CSet: 1.3 ms]
   [Eden: 3376.0M(3376.0M)->0.0B(3376.0M) Survivors: 2048.0K->2048.0K Heap: 4741.2M(5632.0M)->1365.6M(5632.0M)]
 [Times: user=0.02 sys=0.00, real=0.00 secs] 
2014-06-25T01:35:15.900+0000: 5058.349: Total time for which application threads were stopped: 0.0088853 seconds
2014-06-25T01:35:22.562+0000: 5065.011: [GC pause (G1 Evacuation Pause) (young)
Desired survivor size 222298112 bytes, new threshold 15 (max 15)
- age   1:      39440 bytes,      39440 total
- age   2:       7792 bytes,      47232 total
- age   3:      47696 bytes,      94928 total
- age   4:       4344 bytes,      99272 total
- age   5:       9216 bytes,     108488 total
- age   6:       9432 bytes,     117920 total
- age   7:      90048 bytes,     207968 total
- age   8:      56120 bytes,     264088 total
- age   9:      12680 bytes,     276768 total
- age  10:       6336 bytes,     283104 total
- age  11:       6600 bytes,     289704 total
- age  12:       2472 bytes,     292176 total
- age  13:       9080 bytes,     301256 total
- age  14:      17616 bytes,     318872 total
- age  15:       8864 bytes,     327736 total
, 0.0084617 secs]
   [Parallel Time: 5.7 ms, GC Workers: 2]
      [GC Worker Start (ms): Min: 5065011.5, Avg: 5065011.5, Max: 5065011.5, Diff: 0.0]
      [Ext Root Scanning (ms): Min: 1.1, Avg: 1.3, Max: 1.4, Diff: 0.3, Sum: 2.5]
      [Update RS (ms): Min: 0.5, Avg: 0.5, Max: 0.6, Diff: 0.1, Sum: 1.0]
         [Processed Buffers: Min: 1, Avg: 12.0, Max: 23, Diff: 22, Sum: 24]
      [Scan RS (ms): Min: 2.2, Avg: 2.2, Max: 2.2, Diff: 0.0, Sum: 4.3]
      [Code Root Scanning (ms): Min: 0.8, Avg: 0.8, Max: 0.8, Diff: 0.0, Sum: 1.6]
      [Object Copy (ms): Min: 0.7, Avg: 0.8, Max: 0.9, Diff: 0.2, Sum: 1.7]
      [Termination (ms): Min: 0.0, Avg: 0.0, Max: 0.0, Diff: 0.0, Sum: 0.0]
      [GC Worker Other (ms): Min: 0.0, Avg: 0.0, Max: 0.1, Diff: 0.0, Sum: 0.1]
      [GC Worker Total (ms): Min: 5.6, Avg: 5.6, Max: 5.6, Diff: 0.0, Sum: 11.3]
      [GC Worker End (ms): Min: 5065017.1, Avg: 5065017.1, Max: 5065017.1, Diff: 0.0]
   [Code Root Fixup: 0.2 ms]
   [Code Root Migration: 0.1 ms]
   [Clear CT: 0.8 ms]
   [Other: 1.7 ms]
      [Choose CSet: 0.0 ms]
      [Ref Proc: 0.1 ms]
      [Ref Enq: 0.0 ms]
      [Free CSet: 1.5 ms]
   [Eden: 3376.0M(3376.0M)->0.0B(3376.0M) Survivors: 2048.0K->2048.0K Heap: 4741.6M(5632.0M)->1365.3M(5632.0M)]
 [Times: user=0.01 sys=0.00, real=0.01 secs] 
2014-06-25T01:35:22.571+0000: 5065.020: Total time for which application threads were stopped: 0.0090142 seconds
2014-06-25T01:35:26.572+0000: 5069.021: Total time for which application threads were stopped: 0.0003689 seconds
2014-06-25T01:35:29.165+0000: 5071.614: [GC pause (G1 Evacuation Pause) (young)
Desired survivor size 222298112 bytes, new threshold 15 (max 15)
- age   1:      21192 bytes,      21192 total
- age   2:      27336 bytes,      48528 total
- age   3:       7568 bytes,      56096 total
- age   4:      47640 bytes,     103736 total
- age   5:       4344 bytes,     108080 total
- age   6:       9216 bytes,     117296 total
- age   7:       9432 bytes,     126728 total
- age   8:      90048 bytes,     216776 total
- age   9:      56120 bytes,     272896 total
- age  10:      12680 bytes,     285576 total
- age  11:       6336 bytes,     291912 total
- age  12:       6600 bytes,     298512 total
- age  13:       2472 bytes,     300984 total
- age  14:       9080 bytes,     310064 total
- age  15:      17616 bytes,     327680 total
, 0.0083923 secs]
   [Parallel Time: 5.7 ms, GC Workers: 2]
      [GC Worker Start (ms): Min: 5071614.1, Avg: 5071614.2, Max: 5071614.2, Diff: 0.0]
      [Ext Root Scanning (ms): Min: 1.1, Avg: 1.2, Max: 1.4, Diff: 0.3, Sum: 2.5]
      [Update RS (ms): Min: 0.5, Avg: 0.6, Max: 0.6, Diff: 0.1, Sum: 1.2]
         [Processed Buffers: Min: 5, Avg: 14.5, Max: 24, Diff: 19, Sum: 29]
      [Scan RS (ms): Min: 2.1, Avg: 2.2, Max: 2.2, Diff: 0.1, Sum: 4.3]
      [Code Root Scanning (ms): Min: 0.8, Avg: 0.8, Max: 0.8, Diff: 0.0, Sum: 1.6]
      [Object Copy (ms): Min: 0.7, Avg: 0.8, Max: 0.9, Diff: 0.2, Sum: 1.6]
      [Termination (ms): Min: 0.0, Avg: 0.0, Max: 0.0, Diff: 0.0, Sum: 0.0]
      [GC Worker Other (ms): Min: 0.0, Avg: 0.1, Max: 0.1, Diff: 0.0, Sum: 0.1]
      [GC Worker Total (ms): Min: 5.6, Avg: 5.7, Max: 5.7, Diff: 0.0, Sum: 11.3]
      [GC Worker End (ms): Min: 5071619.8, Avg: 5071619.8, Max: 5071619.8, Diff: 0.0]
   [Code Root Fixup: 0.2 ms]
   [Code Root Migration: 0.1 ms]
   [Clear CT: 0.8 ms]
   [Other: 1.6 ms]
      [Choose CSet: 0.0 ms]
      [Ref Proc: 0.1 ms]
      [Ref Enq: 0.0 ms]
      [Free CSet: 1.4 ms]
   [Eden: 3376.0M(3376.0M)->0.0B(3376.0M) Survivors: 2048.0K->2048.0K Heap: 4741.3M(5632.0M)->1365.3M(5632.0M)]
 [Times: user=0.01 sys=0.00, real=0.01 secs] 
2014-06-25T01:35:29.173+0000: 5071.623: Total time for which application threads were stopped: 0.0089899 seconds
2014-06-25T01:35:29.800+0000: 5072.249: Total time for which application threads were stopped: 0.0006661 seconds
2014-06-25T01:35:30.345+0000: 5072.794: Total time for which application threads were stopped: 0.0004725 seconds
2014-06-25T01:35:30.350+0000: 5072.799: Total time for which application threads were stopped: 0.0042313 seconds
2014-06-25T01:35:35.487+0000: 5077.936: [GC pause (G1 Evacuation Pause) (young)
Desired survivor size 222298112 bytes, new threshold 15 (max 15)
- age   1:      33040 bytes,      33040 total
- age   2:       8880 bytes,      41920 total
- age   3:      14560 bytes,      56480 total
- age   4:       7568 bytes,      64048 total
- age   5:      47128 bytes,     111176 total
- age   6:       4344 bytes,     115520 total
- age   7:       9216 bytes,     124736 total
- age   8:       9432 bytes,     134168 total
- age   9:      88264 bytes,     222432 total
- age  10:      56088 bytes,     278520 total
- age  11:      12680 bytes,     291200 total
- age  12:       6336 bytes,     297536 total
- age  13:       6600 bytes,     304136 total
- age  14:       2472 bytes,     306608 total
- age  15:       9080 bytes,     315688 total
, 0.0093149 secs]
   [Parallel Time: 6.6 ms, GC Workers: 2]
      [GC Worker Start (ms): Min: 5077936.1, Avg: 5077936.1, Max: 5077936.1, Diff: 0.0]
      [Ext Root Scanning (ms): Min: 1.1, Avg: 1.3, Max: 1.4, Diff: 0.3, Sum: 2.5]
      [Update RS (ms): Min: 0.8, Avg: 1.0, Max: 1.2, Diff: 0.4, Sum: 1.9]
         [Processed Buffers: Min: 3, Avg: 15.5, Max: 28, Diff: 25, Sum: 31]
      [Scan RS (ms): Min: 2.0, Avg: 2.1, Max: 2.3, Diff: 0.3, Sum: 4.3]
      [Code Root Scanning (ms): Min: 0.7, Avg: 0.8, Max: 0.9, Diff: 0.2, Sum: 1.6]
      [Object Copy (ms): Min: 1.2, Avg: 1.3, Max: 1.4, Diff: 0.2, Sum: 2.6]
      [Termination (ms): Min: 0.0, Avg: 0.0, Max: 0.0, Diff: 0.0, Sum: 0.0]
      [GC Worker Other (ms): Min: 0.0, Avg: 0.0, Max: 0.1, Diff: 0.0, Sum: 0.1]
      [GC Worker Total (ms): Min: 6.5, Avg: 6.5, Max: 6.6, Diff: 0.0, Sum: 13.1]
      [GC Worker End (ms): Min: 5077942.6, Avg: 5077942.7, Max: 5077942.7, Diff: 0.0]
   [Code Root Fixup: 0.2 ms]
   [Code Root Migration: 0.1 ms]
   [Clear CT: 0.8 ms]
   [Other: 1.7 ms]
      [Choose CSet: 0.0 ms]
      [Ref Proc: 0.2 ms]
      [Ref Enq: 0.0 ms]
      [Free CSet: 1.4 ms]
   [Eden: 3376.0M(3376.0M)->0.0B(3376.0M) Survivors: 2048.0K->2048.0K Heap: 4741.3M(5632.0M)->1365.5M(5632.0M)]
 [Times: user=0.02 sys=0.00, real=0.01 secs] 
2014-06-25T01:35:35.496+0000: 5077.946: Total time for which application threads were stopped: 0.0098581 seconds
2014-06-25T01:35:42.029+0000: 5084.479: [GC pause (G1 Evacuation Pause) (young)
Desired survivor size 222298112 bytes, new threshold 15 (max 15)
- age   1:     200976 bytes,     200976 total
- age   2:       4040 bytes,     205016 total
- age   3:       8760 bytes,     213776 total
- age   4:      14272 bytes,     228048 total
- age   5:       7568 bytes,     235616 total
- age   6:      44920 bytes,     280536 total
- age   7:       4344 bytes,     284880 total
- age   8:       9216 bytes,     294096 total
- age   9:       9432 bytes,     303528 total
- age  10:      88264 bytes,     391792 total
- age  11:      56088 bytes,     447880 total
- age  12:      12680 bytes,     460560 total
- age  13:       6336 bytes,     466896 total
- age  14:       6600 bytes,     473496 total
- age  15:       2472 bytes,     475968 total
, 0.0088596 secs]
   [Parallel Time: 6.2 ms, GC Workers: 2]
      [GC Worker Start (ms): Min: 5084478.7, Avg: 5084478.7, Max: 5084478.7, Diff: 0.0]
      [Ext Root Scanning (ms): Min: 1.1, Avg: 1.2, Max: 1.4, Diff: 0.3, Sum: 2.5]
      [Update RS (ms): Min: 0.7, Avg: 0.8, Max: 0.8, Diff: 0.1, Sum: 1.5]
         [Processed Buffers: Min: 6, Avg: 12.5, Max: 19, Diff: 13, Sum: 25]
      [Scan RS (ms): Min: 2.1, Avg: 2.1, Max: 2.2, Diff: 0.1, Sum: 4.3]
      [Code Root Scanning (ms): Min: 0.8, Avg: 0.8, Max: 0.8, Diff: 0.0, Sum: 1.6]
      [Object Copy (ms): Min: 1.1, Avg: 1.2, Max: 1.2, Diff: 0.2, Sum: 2.3]
      [Termination (ms): Min: 0.0, Avg: 0.0, Max: 0.0, Diff: 0.0, Sum: 0.0]
      [GC Worker Other (ms): Min: 0.0, Avg: 0.1, Max: 0.1, Diff: 0.0, Sum: 0.1]
      [GC Worker Total (ms): Min: 6.1, Avg: 6.2, Max: 6.2, Diff: 0.0, Sum: 12.3]
      [GC Worker End (ms): Min: 5084484.8, Avg: 5084484.9, Max: 5084484.9, Diff: 0.0]
   [Code Root Fixup: 0.2 ms]
   [Code Root Migration: 0.1 ms]
   [Clear CT: 0.8 ms]
   [Other: 1.6 ms]
      [Choose CSet: 0.0 ms]
      [Ref Proc: 0.1 ms]
      [Ref Enq: 0.0 ms]
      [Free CSet: 1.4 ms]
   [Eden: 3376.0M(3376.0M)->0.0B(3376.0M) Survivors: 2048.0K->2048.0K Heap: 4741.5M(5632.0M)->1365.8M(5632.0M)]
 [Times: user=0.02 sys=0.00, real=0.01 secs] 
2014-06-25T01:35:42.039+0000: 5084.488: Total time for which application threads were stopped: 0.0094418 seconds
2014-06-25T01:35:48.572+0000: 5091.021: [GC pause (G1 Evacuation Pause) (young)
Desired survivor size 222298112 bytes, new threshold 15 (max 15)
- age   1:      17128 bytes,      17128 total
- age   2:     181928 bytes,     199056 total
- age   3:       3816 bytes,     202872 total
- age   4:       8704 bytes,     211576 total
- age   5:      14272 bytes,     225848 total
- age   6:       7568 bytes,     233416 total
- age   7:      44920 bytes,     278336 total
- age   8:       4344 bytes,     282680 total
- age   9:       9216 bytes,     291896 total
- age  10:       9432 bytes,     301328 total
- age  11:      88264 bytes,     389592 total
- age  12:      56088 bytes,     445680 total
- age  13:      12544 bytes,     458224 total
- age  14:       6336 bytes,     464560 total
- age  15:       6600 bytes,     471160 total
, 0.0085354 secs]
   [Parallel Time: 5.9 ms, GC Workers: 2]
      [GC Worker Start (ms): Min: 5091020.9, Avg: 5091020.9, Max: 5091020.9, Diff: 0.0]
      [Ext Root Scanning (ms): Min: 1.1, Avg: 1.2, Max: 1.3, Diff: 0.2, Sum: 2.4]
      [Update RS (ms): Min: 0.6, Avg: 0.7, Max: 0.7, Diff: 0.1, Sum: 1.3]
         [Processed Buffers: Min: 10, Avg: 14.0, Max: 18, Diff: 8, Sum: 28]
      [Scan RS (ms): Min: 2.1, Avg: 2.1, Max: 2.2, Diff: 0.1, Sum: 4.3]
      [Code Root Scanning (ms): Min: 0.8, Avg: 0.8, Max: 0.8, Diff: 0.0, Sum: 1.6]
      [Object Copy (ms): Min: 0.8, Avg: 0.9, Max: 1.0, Diff: 0.2, Sum: 1.8]
      [Termination (ms): Min: 0.0, Avg: 0.0, Max: 0.0, Diff: 0.0, Sum: 0.0]
      [GC Worker Other (ms): Min: 0.0, Avg: 0.1, Max: 0.1, Diff: 0.0, Sum: 0.1]
      [GC Worker Total (ms): Min: 5.8, Avg: 5.8, Max: 5.8, Diff: 0.1, Sum: 11.6]
      [GC Worker End (ms): Min: 5091026.7, Avg: 5091026.7, Max: 5091026.7, Diff: 0.0]
   [Code Root Fixup: 0.2 ms]
   [Code Root Migration: 0.1 ms]
   [Clear CT: 0.8 ms]
   [Other: 1.6 ms]
      [Choose CSet: 0.0 ms]
      [Ref Proc: 0.1 ms]
      [Ref Enq: 0.0 ms]
      [Free CSet: 1.4 ms]
   [Eden: 3376.0M(3376.0M)->0.0B(3376.0M) Survivors: 2048.0K->2048.0K Heap: 4741.8M(5632.0M)->1365.6M(5632.0M)]
 [Times: user=0.02 sys=0.00, real=0.01 secs] 
2014-06-25T01:35:48.580+0000: 5091.030: Total time for which application threads were stopped: 0.0090715 seconds
2014-06-25T01:35:55.117+0000: 5097.566: [GC pause (G1 Evacuation Pause) (young)
Desired survivor size 222298112 bytes, new threshold 15 (max 15)
- age   1:      36824 bytes,      36824 total
- age   2:       2848 bytes,      39672 total
- age   3:      80248 bytes,     119920 total
- age   4:       3760 bytes,     123680 total
- age   5:       8704 bytes,     132384 total
- age   6:      14104 bytes,     146488 total
- age   7:       7568 bytes,     154056 total
- age   8:      44920 bytes,     198976 total
- age   9:       4344 bytes,     203320 total
- age  10:       9216 bytes,     212536 total
- age  11:       9432 bytes,     221968 total
- age  12:      88264 bytes,     310232 total
- age  13:      56032 bytes,     366264 total
- age  14:      12544 bytes,     378808 total
- age  15:       6336 bytes,     385144 total
, 0.0086261 secs]
   [Parallel Time: 5.9 ms, GC Workers: 2]
      [GC Worker Start (ms): Min: 5097566.3, Avg: 5097566.3, Max: 5097566.4, Diff: 0.0]
      [Ext Root Scanning (ms): Min: 1.1, Avg: 1.3, Max: 1.4, Diff: 0.3, Sum: 2.5]
      [Update RS (ms): Min: 0.6, Avg: 0.6, Max: 0.7, Diff: 0.1, Sum: 1.3]
         [Processed Buffers: Min: 1, Avg: 13.0, Max: 25, Diff: 24, Sum: 26]
      [Scan RS (ms): Min: 2.2, Avg: 2.2, Max: 2.2, Diff: 0.0, Sum: 4.5]
      [Code Root Scanning (ms): Min: 0.7, Avg: 0.8, Max: 0.9, Diff: 0.2, Sum: 1.6]
      [Object Copy (ms): Min: 0.8, Avg: 0.9, Max: 1.0, Diff: 0.2, Sum: 1.8]
      [Termination (ms): Min: 0.0, Avg: 0.0, Max: 0.0, Diff: 0.0, Sum: 0.0]
      [GC Worker Other (ms): Min: 0.0, Avg: 0.1, Max: 0.1, Diff: 0.0, Sum: 0.1]
      [GC Worker Total (ms): Min: 5.9, Avg: 5.9, Max: 5.9, Diff: 0.0, Sum: 11.7]
      [GC Worker End (ms): Min: 5097572.2, Avg: 5097572.2, Max: 5097572.2, Diff: 0.0]
   [Code Root Fixup: 0.2 ms]
   [Code Root Migration: 0.1 ms]
   [Clear CT: 0.8 ms]
   [Other: 1.7 ms]
      [Choose CSet: 0.0 ms]
      [Ref Proc: 0.1 ms]
      [Ref Enq: 0.0 ms]
      [Free CSet: 1.4 ms]
   [Eden: 3376.0M(3376.0M)->0.0B(3376.0M) Survivors: 2048.0K->2048.0K Heap: 4741.6M(5632.0M)->1365.5M(5632.0M)]
 [Times: user=0.02 sys=0.00, real=0.01 secs] 
2014-06-25T01:35:55.126+0000: 5097.575: Total time for which application threads were stopped: 0.0091645 seconds
2014-06-25T01:36:01.300+0000: 5103.749: Total time for which application threads were stopped: 0.0081177 seconds
2014-06-25T01:36:01.853+0000: 5104.302: [GC pause (G1 Evacuation Pause) (young)
Desired survivor size 222298112 bytes, new threshold 15 (max 15)
- age   1:      20640 bytes,      20640 total
- age   2:      26184 bytes,      46824 total
- age   3:       2696 bytes,      49520 total
- age   4:      80192 bytes,     129712 total
- age   5:       3760 bytes,     133472 total
- age   6:       8704 bytes,     142176 total
- age   7:      14104 bytes,     156280 total
- age   8:       7568 bytes,     163848 total
- age   9:      44920 bytes,     208768 total
- age  10:       4344 bytes,     213112 total
- age  11:       9216 bytes,     222328 total
- age  12:       9432 bytes,     231760 total
- age  13:      88128 bytes,     319888 total
- age  14:      56032 bytes,     375920 total
- age  15:      12544 bytes,     388464 total
, 0.0087408 secs]
   [Parallel Time: 5.9 ms, GC Workers: 2]
      [GC Worker Start (ms): Min: 5104302.6, Avg: 5104302.6, Max: 5104302.6, Diff: 0.0]
      [Ext Root Scanning (ms): Min: 1.1, Avg: 1.3, Max: 1.4, Diff: 0.3, Sum: 2.5]
      [Update RS (ms): Min: 0.6, Avg: 0.7, Max: 0.7, Diff: 0.1, Sum: 1.3]
         [Processed Buffers: Min: 16, Avg: 17.0, Max: 18, Diff: 2, Sum: 34]
      [Scan RS (ms): Min: 2.1, Avg: 2.2, Max: 2.2, Diff: 0.1, Sum: 4.3]
      [Code Root Scanning (ms): Min: 0.8, Avg: 0.8, Max: 0.8, Diff: 0.0, Sum: 1.6]
      [Object Copy (ms): Min: 0.9, Avg: 0.9, Max: 1.0, Diff: 0.1, Sum: 1.8]
      [Termination (ms): Min: 0.0, Avg: 0.0, Max: 0.0, Diff: 0.0, Sum: 0.0]
      [GC Worker Other (ms): Min: 0.0, Avg: 0.0, Max: 0.1, Diff: 0.0, Sum: 0.1]
      [GC Worker Total (ms): Min: 5.9, Avg: 5.9, Max: 5.9, Diff: 0.0, Sum: 11.7]
      [GC Worker End (ms): Min: 5104308.5, Avg: 5104308.5, Max: 5104308.5, Diff: 0.0]
   [Code Root Fixup: 0.2 ms]
   [Code Root Migration: 0.1 ms]
   [Clear CT: 0.8 ms]
   [Other: 1.7 ms]
      [Choose CSet: 0.0 ms]
      [Ref Proc: 0.1 ms]
      [Ref Enq: 0.0 ms]
      [Free CSet: 1.5 ms]
   [Eden: 3376.0M(3376.0M)->0.0B(3376.0M) Survivors: 2048.0K->2048.0K Heap: 4741.5M(5632.0M)->1365.6M(5632.0M)]
 [Times: user=0.01 sys=0.00, real=0.01 secs] 
2014-06-25T01:36:01.862+0000: 5104.311: Total time for which application threads were stopped: 0.0092929 seconds
2014-06-25T01:36:08.425+0000: 5110.874: [GC pause (G1 Evacuation Pause) (young)
Desired survivor size 222298112 bytes, new threshold 15 (max 15)
- age   1:      69168 bytes,      69168 total
- age   2:       7352 bytes,      76520 total
- age   3:      13288 bytes,      89808 total
- age   4:       2672 bytes,      92480 total
- age   5:      76144 bytes,     168624 total
- age   6:       3640 bytes,     172264 total
- age   7:       8704 bytes,     180968 total
- age   8:      14104 bytes,     195072 total
- age   9:       7568 bytes,     202640 total
- age  10:      44888 bytes,     247528 total
- age  11:       4344 bytes,     251872 total
- age  12:       9216 bytes,     261088 total
- age  13:       9432 bytes,     270520 total
- age  14:      88128 bytes,     358648 total
- age  15:      56032 bytes,     414680 total
, 0.0087025 secs]
   [Parallel Time: 5.9 ms, GC Workers: 2]
      [GC Worker Start (ms): Min: 5110874.0, Avg: 5110874.0, Max: 5110874.0, Diff: 0.0]
      [Ext Root Scanning (ms): Min: 1.1, Avg: 1.2, Max: 1.4, Diff: 0.3, Sum: 2.5]
      [Update RS (ms): Min: 0.6, Avg: 0.6, Max: 0.7, Diff: 0.1, Sum: 1.3]
         [Processed Buffers: Min: 10, Avg: 12.0, Max: 14, Diff: 4, Sum: 24]
      [Scan RS (ms): Min: 2.1, Avg: 2.1, Max: 2.2, Diff: 0.0, Sum: 4.3]
      [Code Root Scanning (ms): Min: 0.8, Avg: 0.8, Max: 0.8, Diff: 0.0, Sum: 1.6]
      [Object Copy (ms): Min: 0.8, Avg: 0.9, Max: 0.9, Diff: 0.1, Sum: 1.8]
      [Termination (ms): Min: 0.0, Avg: 0.0, Max: 0.0, Diff: 0.0, Sum: 0.0]
      [GC Worker Other (ms): Min: 0.1, Avg: 0.1, Max: 0.1, Diff: 0.0, Sum: 0.1]
      [GC Worker Total (ms): Min: 5.8, Avg: 5.8, Max: 5.8, Diff: 0.0, Sum: 11.6]
      [GC Worker End (ms): Min: 5110879.8, Avg: 5110879.8, Max: 5110879.8, Diff: 0.0]
   [Code Root Fixup: 0.2 ms]
   [Code Root Migration: 0.1 ms]
   [Clear CT: 0.8 ms]
   [Other: 1.7 ms]
      [Choose CSet: 0.0 ms]
      [Ref Proc: 0.1 ms]
      [Ref Enq: 0.0 ms]
      [Free CSet: 1.5 ms]
   [Eden: 3376.0M(3376.0M)->0.0B(3376.0M) Survivors: 2048.0K->2048.0K Heap: 4741.6M(5632.0M)->1365.5M(5632.0M)]
 [Times: user=0.01 sys=0.00, real=0.01 secs] 
2014-06-25T01:36:08.434+0000: 5110.883: Total time for which application threads were stopped: 0.0092730 seconds
2014-06-25T01:36:15.021+0000: 5117.470: [GC pause (G1 Evacuation Pause) (young)
Desired survivor size 222298112 bytes, new threshold 15 (max 15)
- age   1:      18248 bytes,      18248 total
- age   2:      56200 bytes,      74448 total
- age   3:       7232 bytes,      81680 total
- age   4:      13264 bytes,      94944 total
- age   5:       2672 bytes,      97616 total
- age   6:      76144 bytes,     173760 total
- age   7:       3640 bytes,     177400 total
- age   8:       8704 bytes,     186104 total
- age   9:      14104 bytes,     200208 total
- age  10:       7568 bytes,     207776 total
- age  11:      44888 bytes,     252664 total
- age  12:       4344 bytes,     257008 total
- age  13:       9216 bytes,     266224 total
- age  14:       9432 bytes,     275656 total
- age  15:      88128 bytes,     363784 total
, 0.0085240 secs]
   [Parallel Time: 5.8 ms, GC Workers: 2]
      [GC Worker Start (ms): Min: 5117470.5, Avg: 5117470.5, Max: 5117470.5, Diff: 0.0]
      [Ext Root Scanning (ms): Min: 1.1, Avg: 1.2, Max: 1.4, Diff: 0.3, Sum: 2.5]
      [Update RS (ms): Min: 0.7, Avg: 0.7, Max: 0.8, Diff: 0.1, Sum: 1.4]
         [Processed Buffers: Min: 3, Avg: 13.0, Max: 23, Diff: 20, Sum: 26]
      [Scan RS (ms): Min: 2.1, Avg: 2.1, Max: 2.2, Diff: 0.0, Sum: 4.3]
      [Code Root Scanning (ms): Min: 0.8, Avg: 0.8, Max: 0.8, Diff: 0.0, Sum: 1.6]
      [Object Copy (ms): Min: 0.7, Avg: 0.8, Max: 0.9, Diff: 0.2, Sum: 1.5]
      [Termination (ms): Min: 0.0, Avg: 0.0, Max: 0.0, Diff: 0.0, Sum: 0.0]
      [GC Worker Other (ms): Min: 0.0, Avg: 0.0, Max: 0.1, Diff: 0.0, Sum: 0.1]
      [GC Worker Total (ms): Min: 5.7, Avg: 5.7, Max: 5.7, Diff: 0.0, Sum: 11.4]
      [GC Worker End (ms): Min: 5117476.2, Avg: 5117476.3, Max: 5117476.3, Diff: 0.0]
   [Code Root Fixup: 0.2 ms]
   [Code Root Migration: 0.1 ms]
   [Clear CT: 0.8 ms]
   [Other: 1.6 ms]
      [Choose CSet: 0.0 ms]
      [Ref Proc: 0.1 ms]
      [Ref Enq: 0.0 ms]
      [Free CSet: 1.4 ms]
   [Eden: 3376.0M(3376.0M)->0.0B(3376.0M) Survivors: 2048.0K->2048.0K Heap: 4741.5M(5632.0M)->1365.4M(5632.0M)]
 [Times: user=0.01 sys=0.00, real=0.01 secs] 
2014-06-25T01:36:15.030+0000: 5117.479: Total time for which application threads were stopped: 0.0091286 seconds
2014-06-25T01:36:16.304+0000: 5118.753: Total time for which application threads were stopped: 0.0003753 seconds
2014-06-25T01:36:21.635+0000: 5124.084: [GC pause (G1 Evacuation Pause) (young)
Desired survivor size 222298112 bytes, new threshold 15 (max 15)
- age   1:      15016 bytes,      15016 total
- age   2:       3616 bytes,      18632 total
- age   3:      56048 bytes,      74680 total
- age   4:       7184 bytes,      81864 total
- age   5:      13264 bytes,      95128 total
- age   6:       2672 bytes,      97800 total
- age   7:      76144 bytes,     173944 total
- age   8:       3640 bytes,     177584 total
- age   9:       8704 bytes,     186288 total
- age  10:      14104 bytes,     200392 total
- age  11:       7568 bytes,     207960 total
- age  12:      44888 bytes,     252848 total
- age  13:       4344 bytes,     257192 total
- age  14:       9216 bytes,     266408 total
- age  15:       9432 bytes,     275840 total
, 0.0170202 secs]
   [Parallel Time: 11.9 ms, GC Workers: 2]
      [GC Worker Start (ms): Min: 5124084.3, Avg: 5124086.4, Max: 5124088.5, Diff: 4.2]
      [Ext Root Scanning (ms): Min: 0.0, Avg: 1.2, Max: 2.5, Diff: 2.4, Sum: 2.5]
      [Update RS (ms): Min: 0.0, Avg: 4.5, Max: 8.9, Diff: 8.8, Sum: 8.9]
         [Processed Buffers: Min: 10, Avg: 16.0, Max: 22, Diff: 12, Sum: 32]
      [Scan RS (ms): Min: 0.1, Avg: 2.3, Max: 4.4, Diff: 4.3, Sum: 4.5]
      [Code Root Scanning (ms): Min: 0.0, Avg: 0.9, Max: 1.8, Diff: 1.8, Sum: 1.8]
      [Object Copy (ms): Min: 0.3, Avg: 0.7, Max: 1.1, Diff: 0.7, Sum: 1.4]
      [Termination (ms): Min: 0.0, Avg: 0.1, Max: 0.3, Diff: 0.3, Sum: 0.3]
      [GC Worker Other (ms): Min: 0.0, Avg: 0.0, Max: 0.0, Diff: 0.0, Sum: 0.1]
      [GC Worker Total (ms): Min: 7.6, Avg: 9.7, Max: 11.8, Diff: 4.2, Sum: 19.4]
      [GC Worker End (ms): Min: 5124096.0, Avg: 5124096.0, Max: 5124096.1, Diff: 0.1]
   [Code Root Fixup: 0.2 ms]
   [Code Root Migration: 0.2 ms]
   [Clear CT: 1.1 ms]
   [Other: 3.7 ms]
      [Choose CSet: 0.0 ms]
      [Ref Proc: 1.2 ms]
      [Ref Enq: 0.0 ms]
      [Free CSet: 2.3 ms]
   [Eden: 3376.0M(3376.0M)->0.0B(3376.0M) Survivors: 2048.0K->2048.0K Heap: 4741.4M(5632.0M)->1365.7M(5632.0M)]
 [Times: user=0.02 sys=0.00, real=0.02 secs] 
2014-06-25T01:36:21.652+0000: 5124.101: Total time for which application threads were stopped: 0.0177052 seconds
2014-06-25T01:36:22.653+0000: 5125.102: Total time for which application threads were stopped: 0.0003659 seconds
2014-06-25T01:36:28.296+0000: 5130.745: [GC pause (G1 Evacuation Pause) (young)
Desired survivor size 222298112 bytes, new threshold 15 (max 15)
- age   1:      57432 bytes,      57432 total
- age   2:       2640 bytes,      60072 total
- age   3:       3424 bytes,      63496 total
- age   4:       8368 bytes,      71864 total
- age   5:       7184 bytes,      79048 total
- age   6:      13120 bytes,      92168 total
- age   7:       2672 bytes,      94840 total
- age   8:      75624 bytes,     170464 total
- age   9:       3640 bytes,     174104 total
- age  10:       8704 bytes,     182808 total
- age  11:      14104 bytes,     196912 total
- age  12:       7568 bytes,     204480 total
- age  13:      44888 bytes,     249368 total
- age  14:       4344 bytes,     253712 total
- age  15:       9216 bytes,     262928 total
, 0.0085793 secs]
   [Parallel Time: 5.9 ms, GC Workers: 2]
      [GC Worker Start (ms): Min: 5130745.4, Avg: 5130745.4, Max: 5130745.4, Diff: 0.0]
      [Ext Root Scanning (ms): Min: 1.1, Avg: 1.3, Max: 1.4, Diff: 0.3, Sum: 2.5]
      [Update RS (ms): Min: 0.6, Avg: 0.7, Max: 0.8, Diff: 0.1, Sum: 1.4]
         [Processed Buffers: Min: 1, Avg: 16.0, Max: 31, Diff: 30, Sum: 32]
      [Scan RS (ms): Min: 2.1, Avg: 2.2, Max: 2.2, Diff: 0.0, Sum: 4.3]
      [Code Root Scanning (ms): Min: 0.8, Avg: 0.8, Max: 0.8, Diff: 0.0, Sum: 1.6]
      [Object Copy (ms): Min: 0.6, Avg: 0.8, Max: 0.9, Diff: 0.2, Sum: 1.5]
      [Termination (ms): Min: 0.0, Avg: 0.0, Max: 0.0, Diff: 0.0, Sum: 0.0]
      [GC Worker Other (ms): Min: 0.0, Avg: 0.1, Max: 0.1, Diff: 0.0, Sum: 0.1]
      [GC Worker Total (ms): Min: 5.8, Avg: 5.8, Max: 5.8, Diff: 0.0, Sum: 11.6]
      [GC Worker End (ms): Min: 5130751.1, Avg: 5130751.1, Max: 5130751.2, Diff: 0.0]
   [Code Root Fixup: 0.1 ms]
   [Code Root Migration: 0.1 ms]
   [Clear CT: 0.8 ms]
   [Other: 1.7 ms]
      [Choose CSet: 0.0 ms]
      [Ref Proc: 0.1 ms]
      [Ref Enq: 0.0 ms]
      [Free CSet: 1.5 ms]
   [Eden: 3376.0M(3376.0M)->0.0B(3376.0M) Survivors: 2048.0K->2048.0K Heap: 4741.7M(5632.0M)->1365.6M(5632.0M)]
 [Times: user=0.02 sys=0.01, real=0.01 secs] 
2014-06-25T01:36:28.305+0000: 5130.754: Total time for which application threads were stopped: 0.0091553 seconds
2014-06-25T01:36:30.306+0000: 5132.755: Total time for which application threads were stopped: 0.0003820 seconds
2014-06-25T01:36:34.938+0000: 5137.387: [GC pause (G1 Evacuation Pause) (young)
Desired survivor size 222298112 bytes, new threshold 15 (max 15)
- age   1:      71128 bytes,      71128 total
- age   2:      27744 bytes,      98872 total
- age   3:       2520 bytes,     101392 total
- age   4:       3400 bytes,     104792 total
- age   5:       8112 bytes,     112904 total
- age   6:       7184 bytes,     120088 total
- age   7:      13096 bytes,     133184 total
- age   8:       2672 bytes,     135856 total
- age   9:      73552 bytes,     209408 total
- age  10:       3640 bytes,     213048 total
- age  11:       8704 bytes,     221752 total
- age  12:      14000 bytes,     235752 total
- age  13:       7568 bytes,     243320 total
- age  14:      44752 bytes,     288072 total
- age  15:       4344 bytes,     292416 total
, 0.0087494 secs]
   [Parallel Time: 5.9 ms, GC Workers: 2]
      [GC Worker Start (ms): Min: 5137386.9, Avg: 5137386.9, Max: 5137386.9, Diff: 0.0]
      [Ext Root Scanning (ms): Min: 1.1, Avg: 1.2, Max: 1.3, Diff: 0.2, Sum: 2.4]
      [Update RS (ms): Min: 0.8, Avg: 0.8, Max: 0.8, Diff: 0.0, Sum: 1.6]
         [Processed Buffers: Min: 14, Avg: 18.0, Max: 22, Diff: 8, Sum: 36]
      [Scan RS (ms): Min: 2.1, Avg: 2.2, Max: 2.2, Diff: 0.0, Sum: 4.3]
      [Code Root Scanning (ms): Min: 0.8, Avg: 0.8, Max: 0.8, Diff: 0.0, Sum: 1.7]
      [Object Copy (ms): Min: 0.7, Avg: 0.8, Max: 0.9, Diff: 0.2, Sum: 1.5]
      [Termination (ms): Min: 0.0, Avg: 0.0, Max: 0.0, Diff: 0.0, Sum: 0.0]
      [GC Worker Other (ms): Min: 0.0, Avg: 0.1, Max: 0.1, Diff: 0.0, Sum: 0.1]
      [GC Worker Total (ms): Min: 5.8, Avg: 5.8, Max: 5.9, Diff: 0.0, Sum: 11.7]
      [GC Worker End (ms): Min: 5137392.7, Avg: 5137392.7, Max: 5137392.8, Diff: 0.0]
   [Code Root Fixup: 0.2 ms]
   [Code Root Migration: 0.1 ms]
   [Clear CT: 0.8 ms]
   [Other: 1.8 ms]
      [Choose CSet: 0.0 ms]
      [Ref Proc: 0.1 ms]
      [Ref Enq: 0.0 ms]
      [Free CSet: 1.5 ms]
   [Eden: 3376.0M(3376.0M)->0.0B(3376.0M) Survivors: 2048.0K->2048.0K Heap: 4741.6M(5632.0M)->1365.7M(5632.0M)]
 [Times: user=0.01 sys=0.00, real=0.01 secs] 
2014-06-25T01:36:34.947+0000: 5137.396: Total time for which application threads were stopped: 0.0093007 seconds
2014-06-25T01:36:41.483+0000: 5143.932: [GC pause (G1 Evacuation Pause) (young)
Desired survivor size 222298112 bytes, new threshold 15 (max 15)
- age   1:      59072 bytes,      59072 total
- age   2:      35496 bytes,      94568 total
- age   3:      27320 bytes,     121888 total
- age   4:       2472 bytes,     124360 total
- age   5:       3400 bytes,     127760 total
- age   6:       4728 bytes,     132488 total
- age   7:       7184 bytes,     139672 total
- age   8:      12768 bytes,     152440 total
- age   9:       2672 bytes,     155112 total
- age  10:      60200 bytes,     215312 total
- age  11:       3496 bytes,     218808 total
- age  12:       8704 bytes,     227512 total
- age  13:      13888 bytes,     241400 total
- age  14:       7568 bytes,     248968 total
- age  15:      44552 bytes,     293520 total
, 0.0084480 secs]
   [Parallel Time: 5.8 ms, GC Workers: 2]
      [GC Worker Start (ms): Min: 5143932.0, Avg: 5143932.0, Max: 5143932.0, Diff: 0.0]
      [Ext Root Scanning (ms): Min: 1.2, Avg: 1.3, Max: 1.4, Diff: 0.2, Sum: 2.5]
      [Update RS (ms): Min: 0.7, Avg: 0.7, Max: 0.7, Diff: 0.0, Sum: 1.4]
         [Processed Buffers: Min: 1, Avg: 14.5, Max: 28, Diff: 27, Sum: 29]
      [Scan RS (ms): Min: 2.1, Avg: 2.2, Max: 2.2, Diff: 0.0, Sum: 4.3]
      [Code Root Scanning (ms): Min: 0.8, Avg: 0.8, Max: 0.8, Diff: 0.0, Sum: 1.6]
      [Object Copy (ms): Min: 0.7, Avg: 0.8, Max: 0.8, Diff: 0.2, Sum: 1.5]
      [Termination (ms): Min: 0.0, Avg: 0.0, Max: 0.0, Diff: 0.0, Sum: 0.0]
      [GC Worker Other (ms): Min: 0.0, Avg: 0.1, Max: 0.1, Diff: 0.0, Sum: 0.1]
      [GC Worker Total (ms): Min: 5.7, Avg: 5.7, Max: 5.8, Diff: 0.0, Sum: 11.5]
      [GC Worker End (ms): Min: 5143937.7, Avg: 5143937.7, Max: 5143937.7, Diff: 0.0]
   [Code Root Fixup: 0.2 ms]
   [Code Root Migration: 0.1 ms]
   [Clear CT: 0.8 ms]
   [Other: 1.6 ms]
      [Choose CSet: 0.0 ms]
      [Ref Proc: 0.1 ms]
      [Ref Enq: 0.0 ms]
      [Free CSet: 1.4 ms]
   [Eden: 3376.0M(3376.0M)->0.0B(3376.0M) Survivors: 2048.0K->2048.0K Heap: 4741.7M(5632.0M)->1365.6M(5632.0M)]
 [Times: user=0.02 sys=0.00, real=0.01 secs] 
2014-06-25T01:36:41.491+0000: 5143.941: Total time for which application threads were stopped: 0.0090313 seconds
2014-06-25T01:36:48.037+0000: 5150.486: [GC pause (G1 Evacuation Pause) (young)
Desired survivor size 222298112 bytes, new threshold 15 (max 15)
- age   1:      37384 bytes,      37384 total
- age   2:      35016 bytes,      72400 total
- age   3:      35232 bytes,     107632 total
- age   4:      27264 bytes,     134896 total
- age   5:       2472 bytes,     137368 total
- age   6:       3400 bytes,     140768 total
- age   7:       4728 bytes,     145496 total
- age   8:       7184 bytes,     152680 total
- age   9:      12768 bytes,     165448 total
- age  10:       2672 bytes,     168120 total
- age  11:      60040 bytes,     228160 total
- age  12:       3496 bytes,     231656 total
- age  13:       8704 bytes,     240360 total
- age  14:      13888 bytes,     254248 total
- age  15:       7568 bytes,     261816 total
, 0.0084128 secs]
   [Parallel Time: 5.8 ms, GC Workers: 2]
      [GC Worker Start (ms): Min: 5150486.2, Avg: 5150486.2, Max: 5150486.2, Diff: 0.0]
      [Ext Root Scanning (ms): Min: 1.1, Avg: 1.2, Max: 1.4, Diff: 0.3, Sum: 2.5]
      [Update RS (ms): Min: 0.6, Avg: 0.7, Max: 0.7, Diff: 0.1, Sum: 1.4]
         [Processed Buffers: Min: 4, Avg: 12.5, Max: 21, Diff: 17, Sum: 25]
      [Scan RS (ms): Min: 2.1, Avg: 2.2, Max: 2.2, Diff: 0.0, Sum: 4.3]
      [Code Root Scanning (ms): Min: 0.8, Avg: 0.8, Max: 0.8, Diff: 0.0, Sum: 1.6]
      [Object Copy (ms): Min: 0.6, Avg: 0.7, Max: 0.8, Diff: 0.2, Sum: 1.4]
      [Termination (ms): Min: 0.0, Avg: 0.0, Max: 0.0, Diff: 0.0, Sum: 0.0]
      [GC Worker Other (ms): Min: 0.0, Avg: 0.0, Max: 0.1, Diff: 0.0, Sum: 0.1]
      [GC Worker Total (ms): Min: 5.6, Avg: 5.7, Max: 5.7, Diff: 0.0, Sum: 11.3]
      [GC Worker End (ms): Min: 5150491.8, Avg: 5150491.8, Max: 5150491.8, Diff: 0.0]
   [Code Root Fixup: 0.2 ms]
   [Code Root Migration: 0.1 ms]
   [Clear CT: 0.8 ms]
   [Other: 1.6 ms]
      [Choose CSet: 0.0 ms]
      [Ref Proc: 0.1 ms]
      [Ref Enq: 0.0 ms]
      [Free CSet: 1.4 ms]
   [Eden: 3376.0M(3376.0M)->0.0B(3376.0M) Survivors: 2048.0K->2048.0K Heap: 4741.6M(5632.0M)->1365.6M(5632.0M)]
 [Times: user=0.01 sys=0.01, real=0.00 secs] 
2014-06-25T01:36:48.046+0000: 5150.495: Total time for which application threads were stopped: 0.0089439 seconds
2014-06-25T01:36:54.556+0000: 5157.005: [GC pause (G1 Evacuation Pause) (young)
Desired survivor size 222298112 bytes, new threshold 15 (max 15)
- age   1:      20280 bytes,      20280 total
- age   2:      22456 bytes,      42736 total
- age   3:      34840 bytes,      77576 total
- age   4:      35232 bytes,     112808 total
- age   5:      27264 bytes,     140072 total
- age   6:       2472 bytes,     142544 total
- age   7:       3400 bytes,     145944 total
- age   8:       4728 bytes,     150672 total
- age   9:       7184 bytes,     157856 total
- age  10:      12768 bytes,     170624 total
- age  11:       2672 bytes,     173296 total
- age  12:      60040 bytes,     233336 total
- age  13:       3496 bytes,     236832 total
- age  14:       8704 bytes,     245536 total
- age  15:      13888 bytes,     259424 total
, 0.0083030 secs]
   [Parallel Time: 5.6 ms, GC Workers: 2]
      [GC Worker Start (ms): Min: 5157005.5, Avg: 5157005.5, Max: 5157005.5, Diff: 0.0]
      [Ext Root Scanning (ms): Min: 1.1, Avg: 1.2, Max: 1.4, Diff: 0.3, Sum: 2.5]
      [Update RS (ms): Min: 0.6, Avg: 0.7, Max: 0.7, Diff: 0.1, Sum: 1.3]
         [Processed Buffers: Min: 10, Avg: 14.5, Max: 19, Diff: 9, Sum: 29]
      [Scan RS (ms): Min: 2.1, Avg: 2.1, Max: 2.2, Diff: 0.1, Sum: 4.3]
      [Code Root Scanning (ms): Min: 0.8, Avg: 0.8, Max: 0.8, Diff: 0.0, Sum: 1.6]
      [Object Copy (ms): Min: 0.6, Avg: 0.7, Max: 0.8, Diff: 0.2, Sum: 1.4]
      [Termination (ms): Min: 0.0, Avg: 0.0, Max: 0.0, Diff: 0.0, Sum: 0.0]
      [GC Worker Other (ms): Min: 0.0, Avg: 0.0, Max: 0.1, Diff: 0.0, Sum: 0.1]
      [GC Worker Total (ms): Min: 5.6, Avg: 5.6, Max: 5.6, Diff: 0.0, Sum: 11.1]
      [GC Worker End (ms): Min: 5157011.1, Avg: 5157011.1, Max: 5157011.1, Diff: 0.0]
   [Code Root Fixup: 0.2 ms]
   [Code Root Migration: 0.1 ms]
   [Clear CT: 0.8 ms]
   [Other: 1.6 ms]
      [Choose CSet: 0.0 ms]
      [Ref Proc: 0.1 ms]
      [Ref Enq: 0.0 ms]
      [Free CSet: 1.4 ms]
   [Eden: 3376.0M(3376.0M)->0.0B(3376.0M) Survivors: 2048.0K->2048.0K Heap: 4741.6M(5632.0M)->1365.6M(5632.0M)]
 [Times: user=0.01 sys=0.00, real=0.00 secs] 
2014-06-25T01:36:54.565+0000: 5157.014: Total time for which application threads were stopped: 0.0088492 seconds
2014-06-25T01:37:01.090+0000: 5163.540: [GC pause (G1 Evacuation Pause) (young)
Desired survivor size 222298112 bytes, new threshold 15 (max 15)
- age   1:      32392 bytes,      32392 total
- age   2:       6824 bytes,      39216 total
- age   3:       9200 bytes,      48416 total
- age   4:      34400 bytes,      82816 total
- age   5:      32712 bytes,     115528 total
- age   6:      27264 bytes,     142792 total
- age   7:       2472 bytes,     145264 total
- age   8:       3400 bytes,     148664 total
- age   9:       4728 bytes,     153392 total
- age  10:       7184 bytes,     160576 total
- age  11:      12768 bytes,     173344 total
- age  12:       2672 bytes,     176016 total
- age  13:      60040 bytes,     236056 total
- age  14:       3496 bytes,     239552 total
- age  15:       8704 bytes,     248256 total
, 0.0081376 secs]
   [Parallel Time: 5.6 ms, GC Workers: 2]
      [GC Worker Start (ms): Min: 5163539.6, Avg: 5163539.6, Max: 5163539.6, Diff: 0.0]
      [Ext Root Scanning (ms): Min: 1.1, Avg: 1.2, Max: 1.4, Diff: 0.3, Sum: 2.5]
      [Update RS (ms): Min: 0.6, Avg: 0.6, Max: 0.7, Diff: 0.1, Sum: 1.2]
         [Processed Buffers: Min: 7, Avg: 12.5, Max: 18, Diff: 11, Sum: 25]
      [Scan RS (ms): Min: 2.1, Avg: 2.1, Max: 2.1, Diff: 0.1, Sum: 4.2]
      [Code Root Scanning (ms): Min: 0.8, Avg: 0.8, Max: 0.8, Diff: 0.0, Sum: 1.6]
      [Object Copy (ms): Min: 0.6, Avg: 0.7, Max: 0.7, Diff: 0.2, Sum: 1.3]
      [Termination (ms): Min: 0.0, Avg: 0.0, Max: 0.0, Diff: 0.0, Sum: 0.0]
      [GC Worker Other (ms): Min: 0.0, Avg: 0.1, Max: 0.1, Diff: 0.0, Sum: 0.1]
      [GC Worker Total (ms): Min: 5.5, Avg: 5.5, Max: 5.5, Diff: 0.0, Sum: 11.0]
      [GC Worker End (ms): Min: 5163545.1, Avg: 5163545.1, Max: 5163545.2, Diff: 0.0]
   [Code Root Fixup: 0.2 ms]
   [Code Root Migration: 0.1 ms]
   [Clear CT: 0.8 ms]
   [Other: 1.5 ms]
      [Choose CSet: 0.0 ms]
      [Ref Proc: 0.1 ms]
      [Ref Enq: 0.0 ms]
      [Free CSet: 1.3 ms]
   [Eden: 3376.0M(3376.0M)->0.0B(3376.0M) Survivors: 2048.0K->2048.0K Heap: 4741.6M(5632.0M)->1365.7M(5632.0M)]
 [Times: user=0.02 sys=0.00, real=0.01 secs] 
2014-06-25T01:37:01.099+0000: 5163.548: Total time for which application threads were stopped: 0.0086634 seconds
2014-06-25T01:37:04.099+0000: 5166.549: Total time for which application threads were stopped: 0.0003790 seconds
2014-06-25T01:37:07.901+0000: 5170.350: [GC pause (G1 Evacuation Pause) (young)
Desired survivor size 222298112 bytes, new threshold 15 (max 15)
- age   1:      18120 bytes,      18120 total
- age   2:      15000 bytes,      33120 total
- age   3:       6792 bytes,      39912 total
- age   4:       9176 bytes,      49088 total
- age   5:      34280 bytes,      83368 total
- age   6:      32712 bytes,     116080 total
- age   7:      27264 bytes,     143344 total
- age   8:       2472 bytes,     145816 total
- age   9:       3400 bytes,     149216 total
- age  10:       4696 bytes,     153912 total
- age  11:       7184 bytes,     161096 total
- age  12:      12768 bytes,     173864 total
- age  13:       2536 bytes,     176400 total
- age  14:      60040 bytes,     236440 total
- age  15:       3496 bytes,     239936 total
, 0.0083198 secs]
   [Parallel Time: 5.7 ms, GC Workers: 2]
      [GC Worker Start (ms): Min: 5170350.0, Avg: 5170350.1, Max: 5170350.1, Diff: 0.0]
      [Ext Root Scanning (ms): Min: 1.1, Avg: 1.2, Max: 1.4, Diff: 0.3, Sum: 2.5]
      [Update RS (ms): Min: 0.5, Avg: 0.6, Max: 0.7, Diff: 0.1, Sum: 1.2]
         [Processed Buffers: Min: 11, Avg: 11.5, Max: 12, Diff: 1, Sum: 23]
      [Scan RS (ms): Min: 2.1, Avg: 2.1, Max: 2.2, Diff: 0.0, Sum: 4.3]
      [Code Root Scanning (ms): Min: 0.8, Avg: 0.8, Max: 0.8, Diff: 0.0, Sum: 1.7]
      [Object Copy (ms): Min: 0.6, Avg: 0.7, Max: 0.8, Diff: 0.2, Sum: 1.3]
      [Termination (ms): Min: 0.0, Avg: 0.0, Max: 0.0, Diff: 0.0, Sum: 0.0]
      [GC Worker Other (ms): Min: 0.0, Avg: 0.1, Max: 0.1, Diff: 0.0, Sum: 0.1]
      [GC Worker Total (ms): Min: 5.6, Avg: 5.6, Max: 5.6, Diff: 0.0, Sum: 11.1]
      [GC Worker End (ms): Min: 5170355.6, Avg: 5170355.6, Max: 5170355.6, Diff: 0.0]
   [Code Root Fixup: 0.2 ms]
   [Code Root Migration: 0.1 ms]
   [Clear CT: 0.8 ms]
   [Other: 1.6 ms]
      [Choose CSet: 0.0 ms]
      [Ref Proc: 0.1 ms]
      [Ref Enq: 0.0 ms]
      [Free CSet: 1.4 ms]
   [Eden: 3376.0M(3376.0M)->0.0B(3376.0M) Survivors: 2048.0K->2048.0K Heap: 4741.7M(5632.0M)->1365.6M(5632.0M)]
 [Times: user=0.01 sys=0.00, real=0.01 secs] 
2014-06-25T01:37:07.909+0000: 5170.358: Total time for which application threads were stopped: 0.0088824 seconds
2014-06-25T01:37:14.516+0000: 5176.965: [GC pause (G1 Evacuation Pause) (young)
Desired survivor size 222298112 bytes, new threshold 15 (max 15)
- age   1:      21168 bytes,      21168 total
- age   2:       5696 bytes,      26864 total
- age   3:      14848 bytes,      41712 total
- age   4:       6768 bytes,      48480 total
- age   5:       9176 bytes,      57656 total
- age   6:      34280 bytes,      91936 total
- age   7:      32712 bytes,     124648 total
- age   8:      27264 bytes,     151912 total
- age   9:       2472 bytes,     154384 total
- age  10:       3400 bytes,     157784 total
- age  11:       4696 bytes,     162480 total
- age  12:       7184 bytes,     169664 total
- age  13:      12768 bytes,     182432 total
- age  14:       2536 bytes,     184968 total
- age  15:      60040 bytes,     245008 total
, 0.0082340 secs]
   [Parallel Time: 5.6 ms, GC Workers: 2]
      [GC Worker Start (ms): Min: 5176965.5, Avg: 5176965.6, Max: 5176965.6, Diff: 0.0]
      [Ext Root Scanning (ms): Min: 1.1, Avg: 1.2, Max: 1.4, Diff: 0.3, Sum: 2.5]
      [Update RS (ms): Min: 0.5, Avg: 0.6, Max: 0.6, Diff: 0.1, Sum: 1.2]
         [Processed Buffers: Min: 2, Avg: 12.0, Max: 22, Diff: 20, Sum: 24]
      [Scan RS (ms): Min: 2.1, Avg: 2.1, Max: 2.1, Diff: 0.0, Sum: 4.2]
      [Code Root Scanning (ms): Min: 0.8, Avg: 0.8, Max: 0.8, Diff: 0.0, Sum: 1.6]
      [Object Copy (ms): Min: 0.6, Avg: 0.7, Max: 0.7, Diff: 0.2, Sum: 1.3]
      [Termination (ms): Min: 0.0, Avg: 0.0, Max: 0.0, Diff: 0.0, Sum: 0.0]
      [GC Worker Other (ms): Min: 0.0, Avg: 0.1, Max: 0.1, Diff: 0.0, Sum: 0.1]
      [GC Worker Total (ms): Min: 5.5, Avg: 5.5, Max: 5.5, Diff: 0.0, Sum: 11.0]
      [GC Worker End (ms): Min: 5176971.0, Avg: 5176971.0, Max: 5176971.0, Diff: 0.0]
   [Code Root Fixup: 0.2 ms]
   [Code Root Migration: 0.1 ms]
   [Clear CT: 0.8 ms]
   [Other: 1.6 ms]
      [Choose CSet: 0.0 ms]
      [Ref Proc: 0.1 ms]
      [Ref Enq: 0.0 ms]
      [Free CSet: 1.4 ms]
   [Eden: 3376.0M(3376.0M)->0.0B(3376.0M) Survivors: 2048.0K->2048.0K Heap: 4741.6M(5632.0M)->1365.6M(5632.0M)]
 [Times: user=0.01 sys=0.00, real=0.01 secs] 
2014-06-25T01:37:14.525+0000: 5176.974: Total time for which application threads were stopped: 0.0088261 seconds
2014-06-25T01:37:15.525+0000: 5177.974: Total time for which application threads were stopped: 0.0003736 seconds
2014-06-25T01:37:21.046+0000: 5183.495: [GC pause (G1 Evacuation Pause) (young)
Desired survivor size 222298112 bytes, new threshold 15 (max 15)
- age   1:      15160 bytes,      15160 total
- age   2:       6456 bytes,      21616 total
- age   3:       5384 bytes,      27000 total
- age   4:      14800 bytes,      41800 total
- age   5:       6768 bytes,      48568 total
- age   6:       9176 bytes,      57744 total
- age   7:      34280 bytes,      92024 total
- age   8:      32712 bytes,     124736 total
- age   9:      27264 bytes,     152000 total
- age  10:       2472 bytes,     154472 total
- age  11:       3400 bytes,     157872 total
- age  12:       4696 bytes,     162568 total
- age  13:       7048 bytes,     169616 total
- age  14:      12768 bytes,     182384 total
- age  15:       2536 bytes,     184920 total
, 0.0082964 secs]
   [Parallel Time: 5.7 ms, GC Workers: 2]
      [GC Worker Start (ms): Min: 5183495.2, Avg: 5183495.2, Max: 5183495.2, Diff: 0.0]
      [Ext Root Scanning (ms): Min: 1.1, Avg: 1.3, Max: 1.4, Diff: 0.3, Sum: 2.5]
      [Update RS (ms): Min: 0.7, Avg: 0.8, Max: 0.8, Diff: 0.1, Sum: 1.5]
         [Processed Buffers: Min: 1, Avg: 14.5, Max: 28, Diff: 27, Sum: 29]
      [Scan RS (ms): Min: 2.1, Avg: 2.1, Max: 2.1, Diff: 0.0, Sum: 4.2]
      [Code Root Scanning (ms): Min: 0.8, Avg: 0.8, Max: 0.8, Diff: 0.0, Sum: 1.6]
      [Object Copy (ms): Min: 0.6, Avg: 0.7, Max: 0.8, Diff: 0.2, Sum: 1.3]
      [Termination (ms): Min: 0.0, Avg: 0.0, Max: 0.0, Diff: 0.0, Sum: 0.0]
      [GC Worker Other (ms): Min: 0.0, Avg: 0.0, Max: 0.1, Diff: 0.0, Sum: 0.1]
      [GC Worker Total (ms): Min: 5.6, Avg: 5.7, Max: 5.7, Diff: 0.0, Sum: 11.3]
      [GC Worker End (ms): Min: 5183500.8, Avg: 5183500.8, Max: 5183500.8, Diff: 0.0]
   [Code Root Fixup: 0.2 ms]
   [Code Root Migration: 0.1 ms]
   [Clear CT: 0.8 ms]
   [Other: 1.5 ms]
      [Choose CSet: 0.0 ms]
      [Ref Proc: 0.1 ms]
      [Ref Enq: 0.0 ms]
      [Free CSet: 1.3 ms]
   [Eden: 3376.0M(3376.0M)->0.0B(3376.0M) Survivors: 2048.0K->2048.0K Heap: 4741.6M(5632.0M)->1365.7M(5632.0M)]
 [Times: user=0.02 sys=0.00, real=0.00 secs] 
2014-06-25T01:37:21.054+0000: 5183.504: Total time for which application threads were stopped: 0.0088221 seconds
2014-06-25T01:37:25.038+0000: 5187.488: Total time for which application threads were stopped: 0.0004906 seconds
2014-06-25T01:37:25.060+0000: 5187.509: Total time for which application threads were stopped: 0.0029550 seconds
2014-06-25T01:37:25.080+0000: 5187.529: Total time for which application threads were stopped: 0.0047392 seconds
2014-06-25T01:37:25.080+0000: 5187.529: Total time for which application threads were stopped: 0.0002761 seconds
2014-06-25T01:37:27.747+0000: 5190.197: [GC pause (G1 Evacuation Pause) (young)
Desired survivor size 222298112 bytes, new threshold 15 (max 15)
- age   1:      58112 bytes,      58112 total
- age   2:        336 bytes,      58448 total
- age   3:       6424 bytes,      64872 total
- age   4:       5360 bytes,      70232 total
- age   5:       1744 bytes,      71976 total
- age   6:       6768 bytes,      78744 total
- age   7:       9000 bytes,      87744 total
- age   8:      33232 bytes,     120976 total
- age   9:      28624 bytes,     149600 total
- age  10:      26832 bytes,     176432 total
- age  11:       2472 bytes,     178904 total
- age  12:       3400 bytes,     182304 total
- age  13:       3776 bytes,     186080 total
- age  14:       7048 bytes,     193128 total
- age  15:      12768 bytes,     205896 total
, 0.0083993 secs]
   [Parallel Time: 5.7 ms, GC Workers: 2]
      [GC Worker Start (ms): Min: 5190196.6, Avg: 5190196.6, Max: 5190196.6, Diff: 0.0]
      [Ext Root Scanning (ms): Min: 1.1, Avg: 1.2, Max: 1.4, Diff: 0.3, Sum: 2.5]
      [Update RS (ms): Min: 0.6, Avg: 0.7, Max: 0.7, Diff: 0.1, Sum: 1.4]
         [Processed Buffers: Min: 10, Avg: 14.5, Max: 19, Diff: 9, Sum: 29]
      [Scan RS (ms): Min: 2.1, Avg: 2.2, Max: 2.2, Diff: 0.1, Sum: 4.3]
      [Code Root Scanning (ms): Min: 0.8, Avg: 0.8, Max: 0.9, Diff: 0.1, Sum: 1.6]
      [Object Copy (ms): Min: 0.6, Avg: 0.7, Max: 0.8, Diff: 0.2, Sum: 1.3]
      [Termination (ms): Min: 0.0, Avg: 0.0, Max: 0.0, Diff: 0.0, Sum: 0.0]
      [GC Worker Other (ms): Min: 0.0, Avg: 0.0, Max: 0.1, Diff: 0.0, Sum: 0.1]
      [GC Worker Total (ms): Min: 5.6, Avg: 5.6, Max: 5.6, Diff: 0.0, Sum: 11.2]
      [GC Worker End (ms): Min: 5190202.2, Avg: 5190202.2, Max: 5190202.3, Diff: 0.0]
   [Code Root Fixup: 0.2 ms]
   [Code Root Migration: 0.1 ms]
   [Clear CT: 0.8 ms]
   [Other: 1.7 ms]
      [Choose CSet: 0.0 ms]
      [Ref Proc: 0.1 ms]
      [Ref Enq: 0.0 ms]
      [Free CSet: 1.4 ms]
   [Eden: 3376.0M(3376.0M)->0.0B(3376.0M) Survivors: 2048.0K->2048.0K Heap: 4741.7M(5632.0M)->1365.7M(5632.0M)]
 [Times: user=0.01 sys=0.00, real=0.01 secs] 
2014-06-25T01:37:27.756+0000: 5190.205: Total time for which application threads were stopped: 0.0089449 seconds
2014-06-25T01:37:34.281+0000: 5196.731: [GC pause (G1 Evacuation Pause) (young)
Desired survivor size 222298112 bytes, new threshold 15 (max 15)
- age   1:      45752 bytes,      45752 total
- age   2:      23296 bytes,      69048 total
- age   3:        184 bytes,      69232 total
- age   4:       6400 bytes,      75632 total
- age   5:       5360 bytes,      80992 total
- age   6:       1672 bytes,      82664 total
- age   7:       6768 bytes,      89432 total
- age   8:       9000 bytes,      98432 total
- age   9:      32768 bytes,     131200 total
- age  10:      28520 bytes,     159720 total
- age  11:      26832 bytes,     186552 total
- age  12:       2472 bytes,     189024 total
- age  13:       3400 bytes,     192424 total
- age  14:       3776 bytes,     196200 total
- age  15:       7048 bytes,     203248 total
, 0.0083006 secs]
   [Parallel Time: 5.6 ms, GC Workers: 2]
      [GC Worker Start (ms): Min: 5196730.6, Avg: 5196730.6, Max: 5196730.6, Diff: 0.0]
      [Ext Root Scanning (ms): Min: 1.1, Avg: 1.2, Max: 1.4, Diff: 0.3, Sum: 2.5]
      [Update RS (ms): Min: 0.6, Avg: 0.7, Max: 0.7, Diff: 0.1, Sum: 1.3]
         [Processed Buffers: Min: 1, Avg: 13.5, Max: 26, Diff: 25, Sum: 27]
      [Scan RS (ms): Min: 2.2, Avg: 2.2, Max: 2.2, Diff: 0.0, Sum: 4.3]
      [Code Root Scanning (ms): Min: 0.8, Avg: 0.8, Max: 0.8, Diff: 0.0, Sum: 1.6]
      [Object Copy (ms): Min: 0.5, Avg: 0.6, Max: 0.7, Diff: 0.2, Sum: 1.2]
      [Termination (ms): Min: 0.0, Avg: 0.0, Max: 0.0, Diff: 0.0, Sum: 0.0]
      [GC Worker Other (ms): Min: 0.0, Avg: 0.0, Max: 0.1, Diff: 0.0, Sum: 0.1]
      [GC Worker Total (ms): Min: 5.5, Avg: 5.5, Max: 5.6, Diff: 0.0, Sum: 11.1]
      [GC Worker End (ms): Min: 5196736.2, Avg: 5196736.2, Max: 5196736.2, Diff: 0.0]
   [Code Root Fixup: 0.2 ms]
   [Code Root Migration: 0.1 ms]
   [Clear CT: 0.8 ms]
   [Other: 1.6 ms]
      [Choose CSet: 0.0 ms]
      [Ref Proc: 0.1 ms]
      [Ref Enq: 0.0 ms]
      [Free CSet: 1.4 ms]
   [Eden: 3376.0M(3376.0M)->0.0B(3376.0M) Survivors: 2048.0K->2048.0K Heap: 4741.7M(5632.0M)->1365.7M(5632.0M)]
 [Times: user=0.01 sys=0.00, real=0.01 secs] 
2014-06-25T01:37:34.290+0000: 5196.739: Total time for which application threads were stopped: 0.0088306 seconds
2014-06-25T01:37:40.515+0000: 5202.964: Total time for which application threads were stopped: 0.0004069 seconds
2014-06-25T01:37:40.527+0000: 5202.976: Total time for which application threads were stopped: 0.0003858 seconds
2014-06-25T01:37:41.001+0000: 5203.450: [GC pause (G1 Evacuation Pause) (young)
Desired survivor size 222298112 bytes, new threshold 15 (max 15)
- age   1:      20176 bytes,      20176 total
- age   2:      32192 bytes,      52368 total
- age   3:      22984 bytes,      75352 total
- age   4:        136 bytes,      75488 total
- age   5:       6400 bytes,      81888 total
- age   6:       5240 bytes,      87128 total
- age   7:       1672 bytes,      88800 total
- age   8:       6768 bytes,      95568 total
- age   9:       9000 bytes,     104568 total
- age  10:      32704 bytes,     137272 total
- age  11:      28520 bytes,     165792 total
- age  12:      26832 bytes,     192624 total
- age  13:       2472 bytes,     195096 total
- age  14:       3400 bytes,     198496 total
- age  15:       3776 bytes,     202272 total
, 0.0090844 secs]
   [Parallel Time: 6.3 ms, GC Workers: 2]
      [GC Worker Start (ms): Min: 5203450.1, Avg: 5203450.1, Max: 5203450.1, Diff: 0.0]
      [Ext Root Scanning (ms): Min: 1.1, Avg: 1.3, Max: 1.4, Diff: 0.3, Sum: 2.5]
      [Update RS (ms): Min: 0.7, Avg: 0.9, Max: 1.2, Diff: 0.5, Sum: 1.8]
         [Processed Buffers: Min: 4, Avg: 15.5, Max: 27, Diff: 23, Sum: 31]
      [Scan RS (ms): Min: 2.0, Avg: 2.1, Max: 2.2, Diff: 0.2, Sum: 4.3]
      [Code Root Scanning (ms): Min: 0.7, Avg: 0.8, Max: 0.9, Diff: 0.1, Sum: 1.6]
      [Object Copy (ms): Min: 1.0, Avg: 1.1, Max: 1.1, Diff: 0.1, Sum: 2.1]
      [Termination (ms): Min: 0.0, Avg: 0.0, Max: 0.0, Diff: 0.0, Sum: 0.0]
      [GC Worker Other (ms): Min: 0.0, Avg: 0.0, Max: 0.1, Diff: 0.0, Sum: 0.1]
      [GC Worker Total (ms): Min: 6.3, Avg: 6.3, Max: 6.3, Diff: 0.0, Sum: 12.5]
      [GC Worker End (ms): Min: 5203456.4, Avg: 5203456.4, Max: 5203456.4, Diff: 0.0]
   [Code Root Fixup: 0.2 ms]
   [Code Root Migration: 0.1 ms]
   [Clear CT: 0.8 ms]
   [Other: 1.7 ms]
      [Choose CSet: 0.0 ms]
      [Ref Proc: 0.1 ms]
      [Ref Enq: 0.0 ms]
      [Free CSet: 1.4 ms]
   [Eden: 3376.0M(3376.0M)->0.0B(3376.0M) Survivors: 2048.0K->2048.0K Heap: 4741.7M(5632.0M)->1366.0M(5632.0M)]
 [Times: user=0.01 sys=0.00, real=0.01 secs] 
2014-06-25T01:37:41.010+0000: 5203.459: Total time for which application threads were stopped: 0.0096572 seconds
2014-06-25T01:37:44.825+0000: 5207.274: Total time for which application threads were stopped: 0.0003809 seconds
2014-06-25T01:37:46.460+0000: 5208.909: Total time for which application threads were stopped: 0.0029079 seconds
2014-06-25T01:37:46.460+0000: 5208.909: Total time for which application threads were stopped: 0.0002828 seconds
2014-06-25T01:37:46.461+0000: 5208.910: Total time for which application threads were stopped: 0.0002182 seconds
2014-06-25T01:37:46.490+0000: 5208.939: Total time for which application threads were stopped: 0.0038265 seconds
2014-06-25T01:37:46.516+0000: 5208.966: Total time for which application threads were stopped: 0.0004851 seconds
2014-06-25T01:37:46.591+0000: 5209.040: Total time for which application threads were stopped: 0.0005902 seconds
2014-06-25T01:37:46.624+0000: 5209.073: Total time for which application threads were stopped: 0.0040655 seconds
2014-06-25T01:37:46.930+0000: 5209.380: Total time for which application threads were stopped: 0.0004062 seconds
2014-06-25T01:37:46.956+0000: 5209.405: Total time for which application threads were stopped: 0.0009122 seconds
2014-06-25T01:37:46.965+0000: 5209.414: Total time for which application threads were stopped: 0.0033149 seconds
2014-06-25T01:37:47.388+0000: 5209.837: Total time for which application threads were stopped: 0.0004551 seconds
2014-06-25T01:37:47.388+0000: 5209.838: Total time for which application threads were stopped: 0.0003341 seconds
2014-06-25T01:37:47.462+0000: 5209.911: Total time for which application threads were stopped: 0.0065847 seconds
2014-06-25T01:37:47.485+0000: 5209.934: Total time for which application threads were stopped: 0.0005039 seconds
2014-06-25T01:37:47.857+0000: 5210.306: [GC pause (G1 Evacuation Pause) (young)
Desired survivor size 222298112 bytes, new threshold 15 (max 15)
- age   1:     239048 bytes,     239048 total
- age   2:       8928 bytes,     247976 total
- age   3:      12320 bytes,     260296 total
- age   4:      22936 bytes,     283232 total
- age   5:        136 bytes,     283368 total
- age   6:       6400 bytes,     289768 total
- age   7:       5240 bytes,     295008 total
- age   8:       1488 bytes,     296496 total
- age   9:       6768 bytes,     303264 total
- age  10:       9000 bytes,     312264 total
- age  11:      32624 bytes,     344888 total
- age  12:      28520 bytes,     373408 total
- age  13:      26832 bytes,     400240 total
- age  14:       2472 bytes,     402712 total
- age  15:       3400 bytes,     406112 total
, 0.0097623 secs]
   [Parallel Time: 6.9 ms, GC Workers: 2]
      [GC Worker Start (ms): Min: 5210306.5, Avg: 5210306.5, Max: 5210306.5, Diff: 0.0]
      [Ext Root Scanning (ms): Min: 1.1, Avg: 1.2, Max: 1.4, Diff: 0.3, Sum: 2.5]
      [Update RS (ms): Min: 1.1, Avg: 1.1, Max: 1.1, Diff: 0.1, Sum: 2.2]
         [Processed Buffers: Min: 4, Avg: 18.5, Max: 33, Diff: 29, Sum: 37]
      [Scan RS (ms): Min: 2.1, Avg: 2.1, Max: 2.2, Diff: 0.1, Sum: 4.3]
      [Code Root Scanning (ms): Min: 0.8, Avg: 0.8, Max: 0.8, Diff: 0.0, Sum: 1.6]
      [Object Copy (ms): Min: 1.4, Avg: 1.5, Max: 1.6, Diff: 0.1, Sum: 3.0]
      [Termination (ms): Min: 0.0, Avg: 0.0, Max: 0.0, Diff: 0.0, Sum: 0.0]
      [GC Worker Other (ms): Min: 0.0, Avg: 0.0, Max: 0.0, Diff: 0.0, Sum: 0.1]
      [GC Worker Total (ms): Min: 6.8, Avg: 6.8, Max: 6.9, Diff: 0.0, Sum: 13.7]
      [GC Worker End (ms): Min: 5210313.3, Avg: 5210313.3, Max: 5210313.3, Diff: 0.0]
   [Code Root Fixup: 0.2 ms]
   [Code Root Migration: 0.1 ms]
   [Clear CT: 0.8 ms]
   [Other: 1.8 ms]
      [Choose CSet: 0.0 ms]
      [Ref Proc: 0.2 ms]
      [Ref Enq: 0.0 ms]
      [Free CSet: 1.4 ms]
   [Eden: 3376.0M(3376.0M)->0.0B(3376.0M) Survivors: 2048.0K->2048.0K Heap: 4742.0M(5632.0M)->1366.4M(5632.0M)]
 [Times: user=0.02 sys=0.00, real=0.01 secs] 
2014-06-25T01:37:47.867+0000: 5210.316: Total time for which application threads were stopped: 0.0103251 seconds
2014-06-25T01:37:49.239+0000: 5211.689: Total time for which application threads were stopped: 0.0044032 seconds
2014-06-25T01:37:49.267+0000: 5211.716: Total time for which application threads were stopped: 0.0015280 seconds
2014-06-25T01:37:49.299+0000: 5211.748: Total time for which application threads were stopped: 0.0038422 seconds
2014-06-25T01:37:49.323+0000: 5211.772: Total time for which application threads were stopped: 0.0003742 seconds
2014-06-25T01:37:49.632+0000: 5212.081: Total time for which application threads were stopped: 0.0028000 seconds
2014-06-25T01:37:49.657+0000: 5212.106: Total time for which application threads were stopped: 0.0003677 seconds
2014-06-25T01:37:49.690+0000: 5212.139: Total time for which application threads were stopped: 0.0042940 seconds
2014-06-25T01:37:49.700+0000: 5212.149: Total time for which application threads were stopped: 0.0041393 seconds
2014-06-25T01:37:49.700+0000: 5212.149: Total time for which application threads were stopped: 0.0002213 seconds
2014-06-25T01:37:49.701+0000: 5212.150: Total time for which application threads were stopped: 0.0002283 seconds
2014-06-25T01:37:49.701+0000: 5212.150: Total time for which application threads were stopped: 0.0002123 seconds
2014-06-25T01:37:49.702+0000: 5212.151: Total time for which application threads were stopped: 0.0002247 seconds
2014-06-25T01:37:49.703+0000: 5212.152: Total time for which application threads were stopped: 0.0008065 seconds
2014-06-25T01:37:49.730+0000: 5212.179: Total time for which application threads were stopped: 0.0043016 seconds
2014-06-25T01:37:49.731+0000: 5212.180: Total time for which application threads were stopped: 0.0002414 seconds
2014-06-25T01:37:49.762+0000: 5212.211: Total time for which application threads were stopped: 0.0003310 seconds
2014-06-25T01:37:49.789+0000: 5212.238: Total time for which application threads were stopped: 0.0069952 seconds
2014-06-25T01:37:54.648+0000: 5217.097: [GC pause (G1 Evacuation Pause) (young)
Desired survivor size 222298112 bytes, new threshold 15 (max 15)
- age   1:     468552 bytes,     468552 total
- age   2:     130000 bytes,     598552 total
- age   3:       8776 bytes,     607328 total
- age   4:      10600 bytes,     617928 total
- age   5:      21032 bytes,     638960 total
- age   6:        136 bytes,     639096 total
- age   7:       6400 bytes,     645496 total
- age   8:       5240 bytes,     650736 total
- age   9:       1376 bytes,     652112 total
- age  10:       6768 bytes,     658880 total
- age  11:       8888 bytes,     667768 total
- age  12:      31440 bytes,     699208 total
- age  13:      27600 bytes,     726808 total
- age  14:      26360 bytes,     753168 total
- age  15:       2472 bytes,     755640 total
, 0.0101845 secs]
   [Parallel Time: 7.3 ms, GC Workers: 2]
      [GC Worker Start (ms): Min: 5217097.0, Avg: 5217097.1, Max: 5217097.1, Diff: 0.0]
      [Ext Root Scanning (ms): Min: 1.1, Avg: 1.2, Max: 1.3, Diff: 0.2, Sum: 2.4]
      [Update RS (ms): Min: 1.1, Avg: 1.1, Max: 1.1, Diff: 0.0, Sum: 2.2]
         [Processed Buffers: Min: 16, Avg: 19.5, Max: 23, Diff: 7, Sum: 39]
      [Scan RS (ms): Min: 2.1, Avg: 2.1, Max: 2.1, Diff: 0.0, Sum: 4.2]
      [Code Root Scanning (ms): Min: 0.8, Avg: 0.8, Max: 0.8, Diff: 0.0, Sum: 1.7]
      [Object Copy (ms): Min: 1.8, Avg: 1.9, Max: 2.0, Diff: 0.2, Sum: 3.8]
      [Termination (ms): Min: 0.0, Avg: 0.0, Max: 0.0, Diff: 0.0, Sum: 0.0]
      [GC Worker Other (ms): Min: 0.0, Avg: 0.1, Max: 0.1, Diff: 0.0, Sum: 0.1]
      [GC Worker Total (ms): Min: 7.2, Avg: 7.2, Max: 7.2, Diff: 0.0, Sum: 14.4]
      [GC Worker End (ms): Min: 5217104.2, Avg: 5217104.2, Max: 5217104.2, Diff: 0.0]
   [Code Root Fixup: 0.2 ms]
   [Code Root Migration: 0.1 ms]
   [Clear CT: 0.7 ms]
   [Other: 1.9 ms]
      [Choose CSet: 0.0 ms]
      [Ref Proc: 0.3 ms]
      [Ref Enq: 0.0 ms]
      [Free CSet: 1.5 ms]
   [Eden: 3376.0M(3376.0M)->0.0B(3376.0M) Survivors: 2048.0K->2048.0K Heap: 4742.4M(5632.0M)->1366.9M(5632.0M)]
 [Times: user=0.00 sys=0.01, real=0.01 secs] 
2014-06-25T01:37:54.658+0000: 5217.107: Total time for which application threads were stopped: 0.0107610 seconds
2014-06-25T01:37:57.659+0000: 5220.108: Total time for which application threads were stopped: 0.0003754 seconds
2014-06-25T01:38:01.505+0000: 5223.954: [GC pause (G1 Evacuation Pause) (young)
Desired survivor size 222298112 bytes, new threshold 15 (max 15)
- age   1:     476040 bytes,     476040 total
- age   2:     322584 bytes,     798624 total
- age   3:     129608 bytes,     928232 total
- age   4:       8720 bytes,     936952 total
- age   5:      10600 bytes,     947552 total
- age   6:      20552 bytes,     968104 total
- age   7:        136 bytes,     968240 total
- age   8:       6400 bytes,     974640 total
- age   9:       5240 bytes,     979880 total
- age  10:       1216 bytes,     981096 total
- age  11:       6768 bytes,     987864 total
- age  12:       8888 bytes,     996752 total
- age  13:      31192 bytes,    1027944 total
- age  14:      27600 bytes,    1055544 total
- age  15:      25840 bytes,    1081384 total
, 0.0101503 secs]
   [Parallel Time: 7.3 ms, GC Workers: 2]
      [GC Worker Start (ms): Min: 5223954.2, Avg: 5223954.2, Max: 5223954.2, Diff: 0.0]
      [Ext Root Scanning (ms): Min: 1.1, Avg: 1.2, Max: 1.3, Diff: 0.2, Sum: 2.5]
      [Update RS (ms): Min: 1.0, Avg: 1.0, Max: 1.1, Diff: 0.1, Sum: 2.1]
         [Processed Buffers: Min: 5, Avg: 17.0, Max: 29, Diff: 24, Sum: 34]
      [Scan RS (ms): Min: 2.2, Avg: 2.2, Max: 2.2, Diff: 0.1, Sum: 4.4]
      [Code Root Scanning (ms): Min: 0.8, Avg: 0.8, Max: 0.8, Diff: 0.0, Sum: 1.7]
      [Object Copy (ms): Min: 1.8, Avg: 1.9, Max: 2.0, Diff: 0.2, Sum: 3.8]
      [Termination (ms): Min: 0.0, Avg: 0.0, Max: 0.0, Diff: 0.0, Sum: 0.0]
      [GC Worker Other (ms): Min: 0.0, Avg: 0.0, Max: 0.1, Diff: 0.0, Sum: 0.1]
      [GC Worker Total (ms): Min: 7.2, Avg: 7.2, Max: 7.3, Diff: 0.0, Sum: 14.5]
      [GC Worker End (ms): Min: 5223961.4, Avg: 5223961.4, Max: 5223961.4, Diff: 0.0]
   [Code Root Fixup: 0.2 ms]
   [Code Root Migration: 0.1 ms]
   [Clear CT: 0.8 ms]
   [Other: 1.8 ms]
      [Choose CSet: 0.0 ms]
      [Ref Proc: 0.1 ms]
      [Ref Enq: 0.0 ms]
      [Free CSet: 1.5 ms]
   [Eden: 3376.0M(3376.0M)->0.0B(3376.0M) Survivors: 2048.0K->2048.0K Heap: 4742.9M(5632.0M)->1366.9M(5632.0M)]
 [Times: user=0.02 sys=0.00, real=0.01 secs] 
2014-06-25T01:38:01.515+0000: 5223.964: Total time for which application threads were stopped: 0.0107480 seconds
2014-06-25T01:38:08.228+0000: 5230.677: [GC pause (G1 Evacuation Pause) (young)
Desired survivor size 222298112 bytes, new threshold 15 (max 15)
- age   1:     126880 bytes,     126880 total
- age   2:     419760 bytes,     546640 total
- age   3:     319816 bytes,     866456 total
- age   4:     129584 bytes,     996040 total
- age   5:       8600 bytes,    1004640 total
- age   6:      10600 bytes,    1015240 total
- age   7:      20552 bytes,    1035792 total
- age   8:        136 bytes,    1035928 total
- age   9:       6400 bytes,    1042328 total
- age  10:       5208 bytes,    1047536 total
- age  11:       1216 bytes,    1048752 total
- age  12:       6768 bytes,    1055520 total
- age  13:       8704 bytes,    1064224 total
- age  14:      31192 bytes,    1095416 total
- age  15:      27600 bytes,    1123016 total
, 0.0101258 secs]
   [Parallel Time: 7.1 ms, GC Workers: 2]
      [GC Worker Start (ms): Min: 5230677.6, Avg: 5230677.6, Max: 5230677.6, Diff: 0.0]
      [Ext Root Scanning (ms): Min: 1.1, Avg: 1.2, Max: 1.4, Diff: 0.3, Sum: 2.5]
      [Update RS (ms): Min: 0.7, Avg: 1.0, Max: 1.2, Diff: 0.5, Sum: 1.9]
         [Processed Buffers: Min: 2, Avg: 12.5, Max: 23, Diff: 21, Sum: 25]
      [Scan RS (ms): Min: 2.0, Avg: 2.1, Max: 2.3, Diff: 0.3, Sum: 4.3]
      [Code Root Scanning (ms): Min: 0.8, Avg: 0.8, Max: 0.9, Diff: 0.1, Sum: 1.6]
      [Object Copy (ms): Min: 1.8, Avg: 1.9, Max: 2.0, Diff: 0.2, Sum: 3.7]
      [Termination (ms): Min: 0.0, Avg: 0.0, Max: 0.0, Diff: 0.0, Sum: 0.0]
      [GC Worker Other (ms): Min: 0.0, Avg: 0.0, Max: 0.1, Diff: 0.0, Sum: 0.1]
      [GC Worker Total (ms): Min: 7.1, Avg: 7.1, Max: 7.1, Diff: 0.0, Sum: 14.2]
      [GC Worker End (ms): Min: 5230684.7, Avg: 5230684.7, Max: 5230684.7, Diff: 0.0]
   [Code Root Fixup: 0.2 ms]
   [Code Root Migration: 0.1 ms]
   [Clear CT: 0.8 ms]
   [Other: 1.9 ms]
      [Choose CSet: 0.0 ms]
      [Ref Proc: 0.1 ms]
      [Ref Enq: 0.0 ms]
      [Free CSet: 1.6 ms]
   [Eden: 3376.0M(3376.0M)->0.0B(3376.0M) Survivors: 2048.0K->2048.0K Heap: 4742.9M(5632.0M)->1367.1M(5632.0M)]
 [Times: user=0.02 sys=0.00, real=0.01 secs] 
2014-06-25T01:38:08.239+0000: 5230.688: Total time for which application threads were stopped: 0.0107095 seconds
2014-06-25T01:38:14.803+0000: 5237.252: [GC pause (G1 Evacuation Pause) (young)
Desired survivor size 222298112 bytes, new threshold 15 (max 15)
- age   1:      18496 bytes,      18496 total
- age   2:     115032 bytes,     133528 total
- age   3:     419584 bytes,     553112 total
- age   4:     319816 bytes,     872928 total
- age   5:     129584 bytes,    1002512 total
- age   6:       8600 bytes,    1011112 total
- age   7:      10600 bytes,    1021712 total
- age   8:      20552 bytes,    1042264 total
- age   9:        136 bytes,    1042400 total
- age  10:       6400 bytes,    1048800 total
- age  11:       5208 bytes,    1054008 total
- age  12:       1216 bytes,    1055224 total
- age  13:       6768 bytes,    1061992 total
- age  14:       8704 bytes,    1070696 total
- age  15:      31192 bytes,    1101888 total
, 0.0098340 secs]
   [Parallel Time: 7.1 ms, GC Workers: 2]
      [GC Worker Start (ms): Min: 5237252.5, Avg: 5237252.5, Max: 5237252.6, Diff: 0.0]
      [Ext Root Scanning (ms): Min: 1.1, Avg: 1.2, Max: 1.4, Diff: 0.3, Sum: 2.5]
      [Update RS (ms): Min: 0.9, Avg: 1.0, Max: 1.1, Diff: 0.2, Sum: 1.9]
         [Processed Buffers: Min: 2, Avg: 13.0, Max: 24, Diff: 22, Sum: 26]
      [Scan RS (ms): Min: 2.0, Avg: 2.1, Max: 2.2, Diff: 0.2, Sum: 4.2]
      [Code Root Scanning (ms): Min: 0.8, Avg: 0.8, Max: 0.9, Diff: 0.1, Sum: 1.6]
      [Object Copy (ms): Min: 1.7, Avg: 1.8, Max: 1.9, Diff: 0.2, Sum: 3.7]
      [Termination (ms): Min: 0.0, Avg: 0.0, Max: 0.0, Diff: 0.0, Sum: 0.0]
      [GC Worker Other (ms): Min: 0.0, Avg: 0.0, Max: 0.1, Diff: 0.0, Sum: 0.1]
      [GC Worker Total (ms): Min: 7.0, Avg: 7.0, Max: 7.1, Diff: 0.0, Sum: 14.1]
      [GC Worker End (ms): Min: 5237259.6, Avg: 5237259.6, Max: 5237259.6, Diff: 0.0]
   [Code Root Fixup: 0.2 ms]
   [Code Root Migration: 0.1 ms]
   [Clear CT: 0.8 ms]
   [Other: 1.7 ms]
      [Choose CSet: 0.0 ms]
      [Ref Proc: 0.1 ms]
      [Ref Enq: 0.0 ms]
      [Free CSet: 1.4 ms]
   [Eden: 3376.0M(3376.0M)->0.0B(3376.0M) Survivors: 2048.0K->2048.0K Heap: 4743.1M(5632.0M)->1367.1M(5632.0M)]
 [Times: user=0.02 sys=0.00, real=0.01 secs] 
2014-06-25T01:38:14.813+0000: 5237.262: Total time for which application threads were stopped: 0.0104149 seconds
2014-06-25T01:38:18.694+0000: 5241.143: Total time for which application threads were stopped: 0.0010766 seconds
2014-06-25T01:38:21.356+0000: 5243.805: [GC pause (G1 Evacuation Pause) (young)
Desired survivor size 222298112 bytes, new threshold 15 (max 15)
- age   1:      20000 bytes,      20000 total
- age   2:       2960 bytes,      22960 total
- age   3:     114752 bytes,     137712 total
- age   4:     419504 bytes,     557216 total
- age   5:     319816 bytes,     877032 total
- age   6:     129584 bytes,    1006616 total
- age   7:       8600 bytes,    1015216 total
- age   8:      10600 bytes,    1025816 total
- age   9:      20552 bytes,    1046368 total
- age  10:        136 bytes,    1046504 total
- age  11:       6400 bytes,    1052904 total
- age  12:       5208 bytes,    1058112 total
- age  13:       1216 bytes,    1059328 total
- age  14:       6768 bytes,    1066096 total
- age  15:       8704 bytes,    1074800 total
, 0.0100086 secs]
   [Parallel Time: 7.1 ms, GC Workers: 2]
      [GC Worker Start (ms): Min: 5243805.5, Avg: 5243805.5, Max: 5243805.5, Diff: 0.0]
      [Ext Root Scanning (ms): Min: 1.1, Avg: 1.3, Max: 1.4, Diff: 0.3, Sum: 2.5]
      [Update RS (ms): Min: 1.0, Avg: 1.0, Max: 1.0, Diff: 0.0, Sum: 2.0]
         [Processed Buffers: Min: 2, Avg: 16.5, Max: 31, Diff: 29, Sum: 33]
      [Scan RS (ms): Min: 2.1, Avg: 2.1, Max: 2.2, Diff: 0.1, Sum: 4.2]
      [Code Root Scanning (ms): Min: 0.8, Avg: 0.8, Max: 0.8, Diff: 0.0, Sum: 1.7]
      [Object Copy (ms): Min: 1.7, Avg: 1.8, Max: 1.9, Diff: 0.2, Sum: 3.6]
      [Termination (ms): Min: 0.0, Avg: 0.0, Max: 0.0, Diff: 0.0, Sum: 0.0]
      [GC Worker Other (ms): Min: 0.0, Avg: 0.0, Max: 0.0, Diff: 0.0, Sum: 0.1]
      [GC Worker Total (ms): Min: 7.0, Avg: 7.0, Max: 7.0, Diff: 0.0, Sum: 14.1]
      [GC Worker End (ms): Min: 5243812.6, Avg: 5243812.6, Max: 5243812.6, Diff: 0.0]
   [Code Root Fixup: 0.2 ms]
   [Code Root Migration: 0.1 ms]
   [Clear CT: 0.8 ms]
   [Other: 1.8 ms]
      [Choose CSet: 0.0 ms]
      [Ref Proc: 0.2 ms]
      [Ref Enq: 0.0 ms]
      [Free CSet: 1.5 ms]
   [Eden: 3376.0M(3376.0M)->0.0B(3374.0M) Survivors: 2048.0K->4096.0K Heap: 4743.1M(5632.0M)->1368.1M(5632.0M)]
 [Times: user=0.01 sys=0.01, real=0.01 secs] 
2014-06-25T01:38:21.366+0000: 5243.816: Total time for which application threads were stopped: 0.0105544 seconds
2014-06-25T01:38:28.060+0000: 5250.510: [GC pause (G1 Evacuation Pause) (young)
Desired survivor size 222298112 bytes, new threshold 15 (max 15)
- age   1:      32672 bytes,      32672 total
- age   2:       4600 bytes,      37272 total
- age   3:       2904 bytes,      40176 total
- age   4:      99408 bytes,     139584 total
- age   5:     418720 bytes,     558304 total
- age   6:     319744 bytes,     878048 total
- age   7:     129584 bytes,    1007632 total
- age   8:       8600 bytes,    1016232 total
- age   9:      10600 bytes,    1026832 total
- age  10:      20552 bytes,    1047384 total
- age  11:        136 bytes,    1047520 total
- age  12:       6400 bytes,    1053920 total
- age  13:       5072 bytes,    1058992 total
- age  14:       1216 bytes,    1060208 total
- age  15:       6768 bytes,    1066976 total
, 0.0097350 secs]
   [Parallel Time: 7.0 ms, GC Workers: 2]
      [GC Worker Start (ms): Min: 5250509.7, Avg: 5250509.8, Max: 5250509.8, Diff: 0.0]
      [Ext Root Scanning (ms): Min: 1.1, Avg: 1.2, Max: 1.4, Diff: 0.3, Sum: 2.5]
      [Update RS (ms): Min: 0.8, Avg: 0.9, Max: 1.0, Diff: 0.1, Sum: 1.8]
         [Processed Buffers: Min: 2, Avg: 12.5, Max: 23, Diff: 21, Sum: 25]
      [Scan RS (ms): Min: 2.1, Avg: 2.2, Max: 2.3, Diff: 0.2, Sum: 4.4]
      [Code Root Scanning (ms): Min: 0.8, Avg: 0.8, Max: 0.8, Diff: 0.0, Sum: 1.6]
      [Object Copy (ms): Min: 1.7, Avg: 1.7, Max: 1.8, Diff: 0.2, Sum: 3.5]
      [Termination (ms): Min: 0.0, Avg: 0.0, Max: 0.0, Diff: 0.0, Sum: 0.0]
      [GC Worker Other (ms): Min: 0.0, Avg: 0.1, Max: 0.1, Diff: 0.0, Sum: 0.1]
      [GC Worker Total (ms): Min: 6.9, Avg: 6.9, Max: 6.9, Diff: 0.0, Sum: 13.9]
      [GC Worker End (ms): Min: 5250516.7, Avg: 5250516.7, Max: 5250516.7, Diff: 0.0]
   [Code Root Fixup: 0.2 ms]
   [Code Root Migration: 0.1 ms]
   [Clear CT: 0.8 ms]
   [Other: 1.7 ms]
      [Choose CSet: 0.0 ms]
      [Ref Proc: 0.1 ms]
      [Ref Enq: 0.0 ms]
      [Free CSet: 1.4 ms]
   [Eden: 3374.0M(3374.0M)->0.0B(3376.0M) Survivors: 4096.0K->2048.0K Heap: 4742.1M(5632.0M)->1366.8M(5632.0M)]
 [Times: user=0.02 sys=0.00, real=0.00 secs] 
2014-06-25T01:38:28.070+0000: 5250.520: Total time for which application threads were stopped: 0.0102834 seconds
2014-06-25T01:38:34.610+0000: 5257.059: [GC pause (G1 Evacuation Pause) (young)
Desired survivor size 222298112 bytes, new threshold 15 (max 15)
- age   1:      13344 bytes,      13344 total
- age   2:      20056 bytes,      33400 total
- age   3:       4448 bytes,      37848 total
- age   4:       2904 bytes,      40752 total
- age   5:      99408 bytes,     140160 total
- age   6:     418720 bytes,     558880 total
- age   7:     319744 bytes,     878624 total
- age   8:     129584 bytes,    1008208 total
- age   9:       8600 bytes,    1016808 total
- age  10:      10600 bytes,    1027408 total
- age  11:      20552 bytes,    1047960 total
- age  12:        136 bytes,    1048096 total
- age  13:       6400 bytes,    1054496 total
- age  14:       5072 bytes,    1059568 total
- age  15:       1216 bytes,    1060784 total
, 0.0098032 secs]
   [Parallel Time: 7.1 ms, GC Workers: 2]
      [GC Worker Start (ms): Min: 5257059.1, Avg: 5257059.1, Max: 5257059.1, Diff: 0.0]
      [Ext Root Scanning (ms): Min: 1.1, Avg: 1.3, Max: 1.4, Diff: 0.3, Sum: 2.6]
      [Update RS (ms): Min: 0.8, Avg: 0.9, Max: 1.1, Diff: 0.3, Sum: 1.9]
         [Processed Buffers: Min: 2, Avg: 17.0, Max: 32, Diff: 30, Sum: 34]
      [Scan RS (ms): Min: 2.1, Avg: 2.1, Max: 2.2, Diff: 0.1, Sum: 4.3]
      [Code Root Scanning (ms): Min: 0.8, Avg: 0.8, Max: 0.8, Diff: 0.0, Sum: 1.6]
      [Object Copy (ms): Min: 1.7, Avg: 1.7, Max: 1.8, Diff: 0.1, Sum: 3.5]
      [Termination (ms): Min: 0.0, Avg: 0.0, Max: 0.0, Diff: 0.0, Sum: 0.0]
      [GC Worker Other (ms): Min: 0.0, Avg: 0.1, Max: 0.1, Diff: 0.0, Sum: 0.1]
      [GC Worker Total (ms): Min: 7.0, Avg: 7.0, Max: 7.0, Diff: 0.0, Sum: 13.9]
      [GC Worker End (ms): Min: 5257066.1, Avg: 5257066.1, Max: 5257066.1, Diff: 0.0]
   [Code Root Fixup: 0.2 ms]
   [Code Root Migration: 0.1 ms]
   [Clear CT: 0.8 ms]
   [Other: 1.7 ms]
      [Choose CSet: 0.0 ms]
      [Ref Proc: 0.1 ms]
      [Ref Enq: 0.0 ms]
      [Free CSet: 1.4 ms]
   [Eden: 3376.0M(3376.0M)->0.0B(3376.0M) Survivors: 2048.0K->2048.0K Heap: 4742.8M(5632.0M)->1367.4M(5632.0M)]
 [Times: user=0.01 sys=0.00, real=0.02 secs] 
2014-06-25T01:38:34.620+0000: 5257.069: Total time for which application threads were stopped: 0.0103527 seconds
2014-06-25T01:38:38.621+0000: 5261.070: Total time for which application threads were stopped: 0.0003994 seconds
2014-06-25T01:38:41.161+0000: 5263.610: [GC pause (G1 Evacuation Pause) (young)
Desired survivor size 222298112 bytes, new threshold 15 (max 15)
- age   1:      37824 bytes,      37824 total
- age   2:        272 bytes,      38096 total
- age   3:       6408 bytes,      44504 total
- age   4:       4424 bytes,      48928 total
- age   5:       2904 bytes,      51832 total
- age   6:      98728 bytes,     150560 total
- age   7:     418096 bytes,     568656 total
- age   8:     319704 bytes,     888360 total
- age   9:     129584 bytes,    1017944 total
- age  10:       8568 bytes,    1026512 total
- age  11:      10600 bytes,    1037112 total
- age  12:      20552 bytes,    1057664 total
- age  14:       6400 bytes,    1064064 total
- age  15:       5072 bytes,    1069136 total
, 0.0097706 secs]
   [Parallel Time: 7.0 ms, GC Workers: 2]
      [GC Worker Start (ms): Min: 5263610.2, Avg: 5263610.2, Max: 5263610.3, Diff: 0.0]
      [Ext Root Scanning (ms): Min: 1.1, Avg: 1.3, Max: 1.4, Diff: 0.3, Sum: 2.5]
      [Update RS (ms): Min: 0.9, Avg: 0.9, Max: 0.9, Diff: 0.0, Sum: 1.8]
         [Processed Buffers: Min: 2, Avg: 13.0, Max: 24, Diff: 22, Sum: 26]
      [Scan RS (ms): Min: 2.1, Avg: 2.1, Max: 2.2, Diff: 0.1, Sum: 4.3]
      [Code Root Scanning (ms): Min: 0.8, Avg: 0.8, Max: 0.9, Diff: 0.1, Sum: 1.6]
      [Object Copy (ms): Min: 1.7, Avg: 1.8, Max: 1.9, Diff: 0.2, Sum: 3.5]
      [Termination (ms): Min: 0.0, Avg: 0.0, Max: 0.0, Diff: 0.0, Sum: 0.0]
      [GC Worker Other (ms): Min: 0.0, Avg: 0.0, Max: 0.1, Diff: 0.0, Sum: 0.1]
      [GC Worker Total (ms): Min: 6.9, Avg: 6.9, Max: 6.9, Diff: 0.0, Sum: 13.8]
      [GC Worker End (ms): Min: 5263617.1, Avg: 5263617.2, Max: 5263617.2, Diff: 0.0]
   [Code Root Fixup: 0.2 ms]
   [Code Root Migration: 0.1 ms]
   [Clear CT: 0.8 ms]
   [Other: 1.7 ms]
      [Choose CSet: 0.0 ms]
      [Ref Proc: 0.1 ms]
      [Ref Enq: 0.0 ms]
      [Free CSet: 1.5 ms]
   [Eden: 3376.0M(3376.0M)->0.0B(3376.0M) Survivors: 2048.0K->2048.0K Heap: 4743.4M(5632.0M)->1366.8M(5632.0M)]
 [Times: user=0.01 sys=0.00, real=0.00 secs] 
2014-06-25T01:38:41.171+0000: 5263.620: Total time for which application threads were stopped: 0.0103399 seconds
2014-06-25T01:38:47.713+0000: 5270.162: [GC pause (G1 Evacuation Pause) (young)
Desired survivor size 222298112 bytes, new threshold 15 (max 15)
- age   1:      25176 bytes,      25176 total
- age   2:      24984 bytes,      50160 total
- age   3:        240 bytes,      50400 total
- age   4:       6352 bytes,      56752 total
- age   5:       4424 bytes,      61176 total
- age   6:       2904 bytes,      64080 total
- age   7:      98728 bytes,     162808 total
- age   8:     418096 bytes,     580904 total
- age   9:     319704 bytes,     900608 total
- age  10:     129584 bytes,    1030192 total
- age  11:       8568 bytes,    1038760 total
- age  12:      10600 bytes,    1049360 total
- age  13:      20552 bytes,    1069912 total
- age  15:       6400 bytes,    1076312 total
, 0.0097690 secs]
   [Parallel Time: 7.1 ms, GC Workers: 2]
      [GC Worker Start (ms): Min: 5270162.5, Avg: 5270162.5, Max: 5270162.5, Diff: 0.0]
      [Ext Root Scanning (ms): Min: 1.1, Avg: 1.2, Max: 1.4, Diff: 0.3, Sum: 2.5]
      [Update RS (ms): Min: 0.8, Avg: 0.9, Max: 1.0, Diff: 0.2, Sum: 1.8]
         [Processed Buffers: Min: 2, Avg: 12.5, Max: 23, Diff: 21, Sum: 25]
      [Scan RS (ms): Min: 2.1, Avg: 2.2, Max: 2.2, Diff: 0.1, Sum: 4.3]
      [Code Root Scanning (ms): Min: 0.8, Avg: 0.8, Max: 0.8, Diff: 0.0, Sum: 1.6]
      [Object Copy (ms): Min: 1.7, Avg: 1.8, Max: 1.9, Diff: 0.2, Sum: 3.6]
      [Termination (ms): Min: 0.0, Avg: 0.0, Max: 0.0, Diff: 0.0, Sum: 0.0]
      [GC Worker Other (ms): Min: 0.0, Avg: 0.1, Max: 0.1, Diff: 0.0, Sum: 0.1]
      [GC Worker Total (ms): Min: 7.0, Avg: 7.0, Max: 7.0, Diff: 0.0, Sum: 13.9]
      [GC Worker End (ms): Min: 5270169.4, Avg: 5270169.4, Max: 5270169.4, Diff: 0.0]
   [Code Root Fixup: 0.2 ms]
   [Code Root Migration: 0.1 ms]
   [Clear CT: 0.8 ms]
   [Other: 1.7 ms]
      [Choose CSet: 0.0 ms]
      [Ref Proc: 0.1 ms]
      [Ref Enq: 0.0 ms]
      [Free CSet: 1.4 ms]
   [Eden: 3376.0M(3376.0M)->0.0B(3376.0M) Survivors: 2048.0K->2048.0K Heap: 4742.8M(5632.0M)->1367.4M(5632.0M)]
 [Times: user=0.02 sys=0.00, real=0.01 secs] 
2014-06-25T01:38:47.723+0000: 5270.172: Total time for which application threads were stopped: 0.0103677 seconds
2014-06-25T01:38:54.247+0000: 5276.696: [GC pause (G1 Evacuation Pause) (young)
Desired survivor size 222298112 bytes, new threshold 15 (max 15)
- age   1:      26464 bytes,      26464 total
- age   2:       7176 bytes,      33640 total
- age   3:      24832 bytes,      58472 total
- age   4:        216 bytes,      58688 total
- age   5:       6352 bytes,      65040 total
- age   6:       4424 bytes,      69464 total
- age   7:       2904 bytes,      72368 total
- age   8:      98728 bytes,     171096 total
- age   9:     418096 bytes,     589192 total
- age  10:     319704 bytes,     908896 total
- age  11:     129584 bytes,    1038480 total
- age  12:       8568 bytes,    1047048 total
- age  13:      10600 bytes,    1057648 total
- age  14:      20552 bytes,    1078200 total
, 0.0097699 secs]
   [Parallel Time: 7.1 ms, GC Workers: 2]
      [GC Worker Start (ms): Min: 5276696.3, Avg: 5276696.3, Max: 5276696.3, Diff: 0.0]
      [Ext Root Scanning (ms): Min: 1.1, Avg: 1.3, Max: 1.4, Diff: 0.3, Sum: 2.5]
      [Update RS (ms): Min: 0.8, Avg: 0.9, Max: 1.0, Diff: 0.2, Sum: 1.8]
         [Processed Buffers: Min: 2, Avg: 13.5, Max: 25, Diff: 23, Sum: 27]
      [Scan RS (ms): Min: 2.1, Avg: 2.1, Max: 2.2, Diff: 0.1, Sum: 4.3]
      [Code Root Scanning (ms): Min: 0.8, Avg: 0.8, Max: 0.8, Diff: 0.0, Sum: 1.7]
      [Object Copy (ms): Min: 1.7, Avg: 1.8, Max: 1.9, Diff: 0.2, Sum: 3.6]
      [Termination (ms): Min: 0.0, Avg: 0.0, Max: 0.0, Diff: 0.0, Sum: 0.0]
      [GC Worker Other (ms): Min: 0.0, Avg: 0.1, Max: 0.1, Diff: 0.0, Sum: 0.1]
      [GC Worker Total (ms): Min: 7.0, Avg: 7.0, Max: 7.0, Diff: 0.0, Sum: 13.9]
      [GC Worker End (ms): Min: 5276703.3, Avg: 5276703.3, Max: 5276703.3, Diff: 0.0]
   [Code Root Fixup: 0.2 ms]
   [Code Root Migration: 0.1 ms]
   [Clear CT: 0.8 ms]
   [Other: 1.6 ms]
      [Choose CSet: 0.0 ms]
      [Ref Proc: 0.1 ms]
      [Ref Enq: 0.0 ms]
      [Free CSet: 1.4 ms]
   [Eden: 3376.0M(3376.0M)->0.0B(3376.0M) Survivors: 2048.0K->2048.0K Heap: 4743.4M(5632.0M)->1366.8M(5632.0M)]
 [Times: user=0.01 sys=0.01, real=0.01 secs] 
2014-06-25T01:38:54.257+0000: 5276.706: Total time for which application threads were stopped: 0.0103301 seconds
2014-06-25T01:39:00.797+0000: 5283.246: [GC pause (G1 Evacuation Pause) (young)
Desired survivor size 222298112 bytes, new threshold 15 (max 15)
- age   1:      33616 bytes,      33616 total
- age   2:      12856 bytes,      46472 total
- age   3:       6896 bytes,      53368 total
- age   4:      24752 bytes,      78120 total
- age   5:        216 bytes,      78336 total
- age   6:       6352 bytes,      84688 total
- age   7:       4424 bytes,      89112 total
- age   8:       2904 bytes,      92016 total
- age   9:      98728 bytes,     190744 total
- age  10:     418096 bytes,     608840 total
- age  11:     319704 bytes,     928544 total
- age  12:     129584 bytes,    1058128 total
- age  13:       8568 bytes,    1066696 total
- age  14:      10600 bytes,    1077296 total
- age  15:      20552 bytes,    1097848 total
, 0.0098274 secs]
   [Parallel Time: 7.1 ms, GC Workers: 2]
      [GC Worker Start (ms): Min: 5283246.0, Avg: 5283246.1, Max: 5283246.1, Diff: 0.0]
      [Ext Root Scanning (ms): Min: 1.1, Avg: 1.2, Max: 1.4, Diff: 0.3, Sum: 2.5]
      [Update RS (ms): Min: 0.9, Avg: 0.9, Max: 0.9, Diff: 0.0, Sum: 1.8]
         [Processed Buffers: Min: 2, Avg: 15.0, Max: 28, Diff: 26, Sum: 30]
      [Scan RS (ms): Min: 2.1, Avg: 2.1, Max: 2.2, Diff: 0.1, Sum: 4.3]
      [Code Root Scanning (ms): Min: 0.8, Avg: 0.8, Max: 0.8, Diff: 0.0, Sum: 1.7]
      [Object Copy (ms): Min: 1.7, Avg: 1.8, Max: 1.9, Diff: 0.2, Sum: 3.6]
      [Termination (ms): Min: 0.0, Avg: 0.0, Max: 0.0, Diff: 0.0, Sum: 0.0]
      [GC Worker Other (ms): Min: 0.0, Avg: 0.1, Max: 0.1, Diff: 0.0, Sum: 0.1]
      [GC Worker Total (ms): Min: 7.0, Avg: 7.0, Max: 7.0, Diff: 0.0, Sum: 14.0]
      [GC Worker End (ms): Min: 5283253.0, Avg: 5283253.1, Max: 5283253.1, Diff: 0.0]
   [Code Root Fixup: 0.2 ms]
   [Code Root Migration: 0.1 ms]
   [Clear CT: 0.8 ms]
   [Other: 1.7 ms]
      [Choose CSet: 0.0 ms]
      [Ref Proc: 0.1 ms]
      [Ref Enq: 0.0 ms]
      [Free CSet: 1.4 ms]
   [Eden: 3376.0M(3376.0M)->0.0B(3376.0M) Survivors: 2048.0K->2048.0K Heap: 4742.8M(5632.0M)->1367.1M(5632.0M)]
 [Times: user=0.00 sys=0.01, real=0.01 secs] 
2014-06-25T01:39:00.807+0000: 5283.256: Total time for which application threads were stopped: 0.0103830 seconds
2014-06-25T01:39:07.557+0000: 5290.006: [GC pause (G1 Evacuation Pause) (young)
Desired survivor size 222298112 bytes, new threshold 15 (max 15)
- age   1:      30000 bytes,      30000 total
- age   2:       8688 bytes,      38688 total
- age   3:      12824 bytes,      51512 total
- age   4:       6872 bytes,      58384 total
- age   5:      11888 bytes,      70272 total
- age   6:        216 bytes,      70488 total
- age   7:       6256 bytes,      76744 total
- age   8:       4424 bytes,      81168 total
- age   9:       2904 bytes,      84072 total
- age  10:      98696 bytes,     182768 total
- age  11:     418096 bytes,     600864 total
- age  12:     319704 bytes,     920568 total
- age  13:     129584 bytes,    1050152 total
- age  14:       8568 bytes,    1058720 total
- age  15:      10600 bytes,    1069320 total
, 0.0100320 secs]
   [Parallel Time: 7.1 ms, GC Workers: 2]
      [GC Worker Start (ms): Min: 5290006.3, Avg: 5290006.3, Max: 5290006.4, Diff: 0.0]
      [Ext Root Scanning (ms): Min: 1.1, Avg: 1.2, Max: 1.4, Diff: 0.3, Sum: 2.5]
      [Update RS (ms): Min: 0.9, Avg: 1.0, Max: 1.0, Diff: 0.2, Sum: 1.9]
         [Processed Buffers: Min: 3, Avg: 14.5, Max: 26, Diff: 23, Sum: 29]
      [Scan RS (ms): Min: 2.1, Avg: 2.2, Max: 2.2, Diff: 0.1, Sum: 4.3]
      [Code Root Scanning (ms): Min: 0.8, Avg: 0.8, Max: 0.8, Diff: 0.0, Sum: 1.7]
      [Object Copy (ms): Min: 1.7, Avg: 1.8, Max: 1.9, Diff: 0.2, Sum: 3.5]
      [Termination (ms): Min: 0.0, Avg: 0.0, Max: 0.0, Diff: 0.0, Sum: 0.0]
      [GC Worker Other (ms): Min: 0.1, Avg: 0.1, Max: 0.1, Diff: 0.0, Sum: 0.1]
      [GC Worker Total (ms): Min: 7.0, Avg: 7.0, Max: 7.1, Diff: 0.1, Sum: 14.1]
      [GC Worker End (ms): Min: 5290013.4, Avg: 5290013.4, Max: 5290013.4, Diff: 0.0]
   [Code Root Fixup: 0.2 ms]
   [Code Root Migration: 0.1 ms]
   [Clear CT: 0.8 ms]
   [Other: 1.8 ms]
      [Choose CSet: 0.0 ms]
      [Ref Proc: 0.1 ms]
      [Ref Enq: 0.0 ms]
      [Free CSet: 1.6 ms]
   [Eden: 3376.0M(3376.0M)->0.0B(3376.0M) Survivors: 2048.0K->2048.0K Heap: 4743.1M(5632.0M)->1367.1M(5632.0M)]
 [Times: user=0.01 sys=0.00, real=0.01 secs] 
2014-06-25T01:39:07.567+0000: 5290.016: Total time for which application threads were stopped: 0.0106015 seconds
2014-06-25T01:39:13.569+0000: 5296.018: Total time for which application threads were stopped: 0.0004173 seconds
2014-06-25T01:39:14.113+0000: 5296.562: [GC pause (G1 Evacuation Pause) (young)
Desired survivor size 222298112 bytes, new threshold 15 (max 15)
- age   1:      28800 bytes,      28800 total
- age   2:       5464 bytes,      34264 total
- age   3:       8536 bytes,      42800 total
- age   4:      12800 bytes,      55600 total
- age   5:       6872 bytes,      62472 total
- age   6:      11672 bytes,      74144 total
- age   7:        216 bytes,      74360 total
- age   8:       6232 bytes,      80592 total
- age   9:       4424 bytes,      85016 total
- age  10:       2904 bytes,      87920 total
- age  11:      98560 bytes,     186480 total
- age  12:     418024 bytes,     604504 total
- age  13:     319704 bytes,     924208 total
- age  14:     129584 bytes,    1053792 total
- age  15:       8568 bytes,    1062360 total
, 0.0096618 secs]
   [Parallel Time: 7.0 ms, GC Workers: 2]
      [GC Worker Start (ms): Min: 5296562.2, Avg: 5296562.2, Max: 5296562.2, Diff: 0.0]
      [Ext Root Scanning (ms): Min: 1.1, Avg: 1.2, Max: 1.4, Diff: 0.3, Sum: 2.5]
      [Update RS (ms): Min: 0.8, Avg: 0.9, Max: 1.0, Diff: 0.2, Sum: 1.8]
         [Processed Buffers: Min: 3, Avg: 14.0, Max: 25, Diff: 22, Sum: 28]
      [Scan RS (ms): Min: 2.1, Avg: 2.1, Max: 2.1, Diff: 0.0, Sum: 4.3]
      [Code Root Scanning (ms): Min: 0.8, Avg: 0.8, Max: 0.8, Diff: 0.0, Sum: 1.7]
      [Object Copy (ms): Min: 1.7, Avg: 1.8, Max: 1.9, Diff: 0.1, Sum: 3.6]
      [Termination (ms): Min: 0.0, Avg: 0.0, Max: 0.0, Diff: 0.0, Sum: 0.0]
      [GC Worker Other (ms): Min: 0.0, Avg: 0.0, Max: 0.0, Diff: 0.0, Sum: 0.1]
      [GC Worker Total (ms): Min: 6.9, Avg: 6.9, Max: 6.9, Diff: 0.0, Sum: 13.8]
      [GC Worker End (ms): Min: 5296569.1, Avg: 5296569.1, Max: 5296569.1, Diff: 0.0]
   [Code Root Fixup: 0.2 ms]
   [Code Root Migration: 0.1 ms]
   [Clear CT: 0.8 ms]
   [Other: 1.6 ms]
      [Choose CSet: 0.0 ms]
      [Ref Proc: 0.1 ms]
      [Ref Enq: 0.0 ms]
      [Free CSet: 1.4 ms]
   [Eden: 3376.0M(3376.0M)->0.0B(3376.0M) Survivors: 2048.0K->2048.0K Heap: 4743.1M(5632.0M)->1367.1M(5632.0M)]
 [Times: user=0.01 sys=0.00, real=0.01 secs] 
2014-06-25T01:39:14.123+0000: 5296.572: Total time for which application threads were stopped: 0.0102212 seconds
2014-06-25T01:39:18.697+0000: 5301.146: Total time for which application threads were stopped: 0.0003762 seconds
2014-06-25T01:39:20.649+0000: 5303.098: [GC pause (G1 Evacuation Pause) (young)
Desired survivor size 222298112 bytes, new threshold 15 (max 15)
- age   1:      38320 bytes,      38320 total
- age   2:      16176 bytes,      54496 total
- age   3:       5152 bytes,      59648 total
- age   4:       8488 bytes,      68136 total
- age   5:      12800 bytes,      80936 total
- age   6:       6872 bytes,      87808 total
- age   7:      11672 bytes,      99480 total
- age   8:        216 bytes,      99696 total
- age   9:       6232 bytes,     105928 total
- age  10:       4424 bytes,     110352 total
- age  11:       2904 bytes,     113256 total
- age  12:      98560 bytes,     211816 total
- age  13:     418024 bytes,     629840 total
- age  14:     319568 bytes,     949408 total
- age  15:     129584 bytes,    1078992 total
, 0.0096200 secs]
   [Parallel Time: 7.0 ms, GC Workers: 2]
      [GC Worker Start (ms): Min: 5303098.1, Avg: 5303098.1, Max: 5303098.1, Diff: 0.0]
      [Ext Root Scanning (ms): Min: 1.1, Avg: 1.2, Max: 1.4, Diff: 0.3, Sum: 2.5]
      [Update RS (ms): Min: 0.8, Avg: 0.8, Max: 0.8, Diff: 0.0, Sum: 1.7]
         [Processed Buffers: Min: 2, Avg: 12.5, Max: 23, Diff: 21, Sum: 25]
      [Scan RS (ms): Min: 2.1, Avg: 2.1, Max: 2.2, Diff: 0.1, Sum: 4.2]
      [Code Root Scanning (ms): Min: 0.8, Avg: 0.8, Max: 0.8, Diff: 0.0, Sum: 1.7]
      [Object Copy (ms): Min: 1.7, Avg: 1.8, Max: 1.9, Diff: 0.2, Sum: 3.6]
      [Termination (ms): Min: 0.0, Avg: 0.0, Max: 0.0, Diff: 0.0, Sum: 0.0]
      [GC Worker Other (ms): Min: 0.0, Avg: 0.0, Max: 0.1, Diff: 0.0, Sum: 0.1]
      [GC Worker Total (ms): Min: 6.9, Avg: 6.9, Max: 6.9, Diff: 0.0, Sum: 13.7]
      [GC Worker End (ms): Min: 5303104.9, Avg: 5303104.9, Max: 5303105.0, Diff: 0.0]
   [Code Root Fixup: 0.2 ms]
   [Code Root Migration: 0.1 ms]
   [Clear CT: 0.8 ms]
   [Other: 1.6 ms]
      [Choose CSet: 0.0 ms]
      [Ref Proc: 0.1 ms]
      [Ref Enq: 0.0 ms]
      [Free CSet: 1.4 ms]
   [Eden: 3376.0M(3376.0M)->0.0B(3376.0M) Survivors: 2048.0K->2048.0K Heap: 4743.1M(5632.0M)->1367.2M(5632.0M)]
 [Times: user=0.00 sys=0.00, real=0.01 secs] 
2014-06-25T01:39:20.659+0000: 5303.108: Total time for which application threads were stopped: 0.0101459 seconds
2014-06-25T01:39:27.331+0000: 5309.780: [GC pause (G1 Evacuation Pause) (young)
Desired survivor size 222298112 bytes, new threshold 15 (max 15)
- age   1:      24344 bytes,      24344 total
- age   2:      14832 bytes,      39176 total
- age   3:      16144 bytes,      55320 total
- age   4:       5128 bytes,      60448 total
- age   5:       8488 bytes,      68936 total
- age   6:      12800 bytes,      81736 total
- age   7:       6872 bytes,      88608 total
- age   8:      11672 bytes,     100280 total
- age   9:        216 bytes,     100496 total
- age  10:       6200 bytes,     106696 total
- age  11:       4424 bytes,     111120 total
- age  12:       2904 bytes,     114024 total
- age  13:      98560 bytes,     212584 total
- age  14:     418024 bytes,     630608 total
- age  15:     319568 bytes,     950176 total
, 0.0095171 secs]
   [Parallel Time: 6.8 ms, GC Workers: 2]
      [GC Worker Start (ms): Min: 5309780.2, Avg: 5309780.3, Max: 5309780.3, Diff: 0.0]
      [Ext Root Scanning (ms): Min: 1.1, Avg: 1.3, Max: 1.4, Diff: 0.3, Sum: 2.5]
      [Update RS (ms): Min: 0.7, Avg: 1.0, Max: 1.2, Diff: 0.5, Sum: 1.9]
         [Processed Buffers: Min: 3, Avg: 12.0, Max: 21, Diff: 18, Sum: 24]
      [Scan RS (ms): Min: 2.0, Avg: 2.1, Max: 2.3, Diff: 0.3, Sum: 4.3]
      [Code Root Scanning (ms): Min: 0.8, Avg: 0.8, Max: 0.9, Diff: 0.1, Sum: 1.6]
      [Object Copy (ms): Min: 1.4, Avg: 1.5, Max: 1.6, Diff: 0.2, Sum: 3.0]
      [Termination (ms): Min: 0.0, Avg: 0.0, Max: 0.0, Diff: 0.0, Sum: 0.0]
      [GC Worker Other (ms): Min: 0.1, Avg: 0.1, Max: 0.1, Diff: 0.0, Sum: 0.1]
      [GC Worker Total (ms): Min: 6.8, Avg: 6.8, Max: 6.8, Diff: 0.0, Sum: 13.5]
      [GC Worker End (ms): Min: 5309787.0, Avg: 5309787.0, Max: 5309787.0, Diff: 0.0]
   [Code Root Fixup: 0.2 ms]
   [Code Root Migration: 0.1 ms]
   [Clear CT: 0.8 ms]
   [Other: 1.7 ms]
      [Choose CSet: 0.0 ms]
      [Ref Proc: 0.1 ms]
      [Ref Enq: 0.0 ms]
      [Free CSet: 1.4 ms]
   [Eden: 3376.0M(3376.0M)->0.0B(3376.0M) Survivors: 2048.0K->2048.0K Heap: 4743.2M(5632.0M)->1367.0M(5632.0M)]
 [Times: user=0.01 sys=0.01, real=0.01 secs] 
2014-06-25T01:39:27.341+0000: 5309.790: Total time for which application threads were stopped: 0.0100892 seconds
2014-06-25T01:39:33.875+0000: 5316.324: [GC pause (G1 Evacuation Pause) (young)
Desired survivor size 222298112 bytes, new threshold 15 (max 15)
- age   1:      16240 bytes,      16240 total
- age   2:       6992 bytes,      23232 total
- age   3:      14680 bytes,      37912 total
- age   4:      16120 bytes,      54032 total
- age   5:       5128 bytes,      59160 total
- age   6:       8488 bytes,      67648 total
- age   7:      12800 bytes,      80448 total
- age   8:       6872 bytes,      87320 total
- age   9:      11672 bytes,      98992 total
- age  10:        216 bytes,      99208 total
- age  11:       6200 bytes,     105408 total
- age  12:       4424 bytes,     109832 total
- age  13:       2904 bytes,     112736 total
- age  14:      98560 bytes,     211296 total
- age  15:     418024 bytes,     629320 total
, 0.0095057 secs]
   [Parallel Time: 6.7 ms, GC Workers: 2]
      [GC Worker Start (ms): Min: 5316324.1, Avg: 5316324.2, Max: 5316324.2, Diff: 0.0]
      [Ext Root Scanning (ms): Min: 1.3, Avg: 1.4, Max: 1.6, Diff: 0.3, Sum: 2.8]
      [Update RS (ms): Min: 0.7, Avg: 0.9, Max: 1.0, Diff: 0.3, Sum: 1.7]
         [Processed Buffers: Min: 2, Avg: 13.5, Max: 25, Diff: 23, Sum: 27]
      [Scan RS (ms): Min: 2.1, Avg: 2.3, Max: 2.5, Diff: 0.4, Sum: 4.5]
      [Code Root Scanning (ms): Min: 0.8, Avg: 0.8, Max: 0.8, Diff: 0.0, Sum: 1.6]
      [Object Copy (ms): Min: 1.1, Avg: 1.2, Max: 1.3, Diff: 0.1, Sum: 2.4]
      [Termination (ms): Min: 0.0, Avg: 0.0, Max: 0.0, Diff: 0.0, Sum: 0.0]
      [GC Worker Other (ms): Min: 0.0, Avg: 0.0, Max: 0.1, Diff: 0.0, Sum: 0.1]
      [GC Worker Total (ms): Min: 6.6, Avg: 6.6, Max: 6.6, Diff: 0.0, Sum: 13.2]
      [GC Worker End (ms): Min: 5316330.7, Avg: 5316330.8, Max: 5316330.8, Diff: 0.0]
   [Code Root Fixup: 0.2 ms]
   [Code Root Migration: 0.1 ms]
   [Clear CT: 0.8 ms]
   [Other: 1.8 ms]
      [Choose CSet: 0.0 ms]
      [Ref Proc: 0.1 ms]
      [Ref Enq: 0.0 ms]
      [Free CSet: 1.5 ms]
   [Eden: 3376.0M(3376.0M)->0.0B(3376.0M) Survivors: 2048.0K->2048.0K Heap: 4743.0M(5632.0M)->1367.2M(5632.0M)]
 [Times: user=0.01 sys=0.00, real=0.01 secs] 
2014-06-25T01:39:33.885+0000: 5316.334: Total time for which application threads were stopped: 0.0100708 seconds
2014-06-25T01:39:40.418+0000: 5322.867: [GC pause (G1 Evacuation Pause) (young)
Desired survivor size 222298112 bytes, new threshold 15 (max 15)
- age   1:      20616 bytes,      20616 total
- age   2:       2152 bytes,      22768 total
- age   3:       6712 bytes,      29480 total
- age   4:      14656 bytes,      44136 total
- age   5:      16120 bytes,      60256 total
- age   6:       5008 bytes,      65264 total
- age   7:       8488 bytes,      73752 total
- age   8:      12800 bytes,      86552 total
- age   9:       6872 bytes,      93424 total
- age  10:      11608 bytes,     105032 total
- age  11:        216 bytes,     105248 total
- age  12:       6200 bytes,     111448 total
- age  13:       4424 bytes,     115872 total
- age  14:       2904 bytes,     118776 total
- age  15:      98560 bytes,     217336 total
, 0.0084458 secs]
   [Parallel Time: 5.9 ms, GC Workers: 2]
      [GC Worker Start (ms): Min: 5322867.0, Avg: 5322867.0, Max: 5322867.0, Diff: 0.0]
      [Ext Root Scanning (ms): Min: 1.1, Avg: 1.2, Max: 1.4, Diff: 0.3, Sum: 2.5]
      [Update RS (ms): Min: 0.8, Avg: 0.9, Max: 1.0, Diff: 0.2, Sum: 1.8]
         [Processed Buffers: Min: 2, Avg: 13.5, Max: 25, Diff: 23, Sum: 27]
      [Scan RS (ms): Min: 2.1, Avg: 2.2, Max: 2.2, Diff: 0.0, Sum: 4.3]
      [Code Root Scanning (ms): Min: 0.8, Avg: 0.8, Max: 0.8, Diff: 0.0, Sum: 1.6]
      [Object Copy (ms): Min: 0.5, Avg: 0.6, Max: 0.7, Diff: 0.1, Sum: 1.2]
      [Termination (ms): Min: 0.0, Avg: 0.0, Max: 0.0, Diff: 0.0, Sum: 0.0]
      [GC Worker Other (ms): Min: 0.0, Avg: 0.0, Max: 0.1, Diff: 0.0, Sum: 0.1]
      [GC Worker Total (ms): Min: 5.8, Avg: 5.8, Max: 5.8, Diff: 0.0, Sum: 11.5]
      [GC Worker End (ms): Min: 5322872.8, Avg: 5322872.8, Max: 5322872.8, Diff: 0.0]
   [Code Root Fixup: 0.2 ms]
   [Code Root Migration: 0.1 ms]
   [Clear CT: 0.8 ms]
   [Other: 1.6 ms]
      [Choose CSet: 0.0 ms]
      [Ref Proc: 0.1 ms]
      [Ref Enq: 0.0 ms]
      [Free CSet: 1.4 ms]
   [Eden: 3376.0M(3376.0M)->0.0B(3376.0M) Survivors: 2048.0K->2048.0K Heap: 4743.2M(5632.0M)->1367.1M(5632.0M)]
 [Times: user=0.01 sys=0.00, real=0.00 secs] 
2014-06-25T01:39:40.426+0000: 5322.876: Total time for which application threads were stopped: 0.0089605 seconds
2014-06-25T01:39:46.953+0000: 5329.402: [GC pause (G1 Evacuation Pause) (young)
Desired survivor size 222298112 bytes, new threshold 15 (max 15)
- age   1:      26816 bytes,      26816 total
- age   2:       6528 bytes,      33344 total
- age   3:       2064 bytes,      35408 total
- age   4:       6656 bytes,      42064 total
- age   5:      14632 bytes,      56696 total
- age   6:      16120 bytes,      72816 total
- age   7:       5008 bytes,      77824 total
- age   8:       8488 bytes,      86312 total
- age   9:      12800 bytes,      99112 total
- age  10:       6872 bytes,     105984 total
- age  11:      11608 bytes,     117592 total
- age  12:        216 bytes,     117808 total
- age  13:       6064 bytes,     123872 total
- age  14:       4424 bytes,     128296 total
- age  15:       2904 bytes,     131200 total
, 0.0080310 secs]
   [Parallel Time: 5.4 ms, GC Workers: 2]
      [GC Worker Start (ms): Min: 5329401.8, Avg: 5329401.8, Max: 5329401.8, Diff: 0.0]
      [Ext Root Scanning (ms): Min: 1.1, Avg: 1.2, Max: 1.4, Diff: 0.3, Sum: 2.5]
      [Update RS (ms): Min: 0.5, Avg: 0.6, Max: 0.6, Diff: 0.1, Sum: 1.2]
         [Processed Buffers: Min: 1, Avg: 12.0, Max: 23, Diff: 22, Sum: 24]
      [Scan RS (ms): Min: 2.1, Avg: 2.1, Max: 2.1, Diff: 0.0, Sum: 4.2]
      [Code Root Scanning (ms): Min: 0.8, Avg: 0.8, Max: 0.8, Diff: 0.0, Sum: 1.6]
      [Object Copy (ms): Min: 0.4, Avg: 0.5, Max: 0.5, Diff: 0.1, Sum: 0.9]
      [Termination (ms): Min: 0.0, Avg: 0.0, Max: 0.0, Diff: 0.0, Sum: 0.0]
      [GC Worker Other (ms): Min: 0.0, Avg: 0.1, Max: 0.1, Diff: 0.0, Sum: 0.1]
      [GC Worker Total (ms): Min: 5.3, Avg: 5.3, Max: 5.3, Diff: 0.0, Sum: 10.6]
      [GC Worker End (ms): Min: 5329407.0, Avg: 5329407.0, Max: 5329407.1, Diff: 0.0]
   [Code Root Fixup: 0.2 ms]
   [Code Root Migration: 0.1 ms]
   [Clear CT: 0.8 ms]
   [Other: 1.6 ms]
      [Choose CSet: 0.0 ms]
      [Ref Proc: 0.1 ms]
      [Ref Enq: 0.0 ms]
      [Free CSet: 1.4 ms]
   [Eden: 3376.0M(3376.0M)->0.0B(3376.0M) Survivors: 2048.0K->2048.0K Heap: 4743.1M(5632.0M)->1367.2M(5632.0M)]
 [Times: user=0.01 sys=0.00, real=0.01 secs] 
2014-06-25T01:39:46.961+0000: 5329.410: Total time for which application threads were stopped: 0.0085826 seconds
2014-06-25T01:39:53.485+0000: 5335.934: [GC pause (G1 Evacuation Pause) (young)
Desired survivor size 222298112 bytes, new threshold 15 (max 15)
- age   1:      25048 bytes,      25048 total
- age   2:       4824 bytes,      29872 total
- age   3:       6432 bytes,      36304 total
- age   4:       2040 bytes,      38344 total
- age   5:       6656 bytes,      45000 total
- age   6:      14632 bytes,      59632 total
- age   7:      16120 bytes,      75752 total
- age   8:       5008 bytes,      80760 total
- age   9:       8488 bytes,      89248 total
- age  10:      12800 bytes,     102048 total
- age  11:       6872 bytes,     108920 total
- age  12:      11608 bytes,     120528 total
- age  13:        216 bytes,     120744 total
- age  14:       6064 bytes,     126808 total
- age  15:       4424 bytes,     131232 total
, 0.0077426 secs]
   [Parallel Time: 5.2 ms, GC Workers: 2]
      [GC Worker Start (ms): Min: 5335934.4, Avg: 5335934.4, Max: 5335934.4, Diff: 0.0]
      [Ext Root Scanning (ms): Min: 1.1, Avg: 1.2, Max: 1.4, Diff: 0.3, Sum: 2.5]
      [Update RS (ms): Min: 0.3, Avg: 0.4, Max: 0.4, Diff: 0.1, Sum: 0.7]
         [Processed Buffers: Min: 1, Avg: 12.0, Max: 23, Diff: 22, Sum: 24]
      [Scan RS (ms): Min: 2.0, Avg: 2.1, Max: 2.3, Diff: 0.2, Sum: 4.3]
      [Code Root Scanning (ms): Min: 0.8, Avg: 0.8, Max: 0.8, Diff: 0.0, Sum: 1.6]
      [Object Copy (ms): Min: 0.4, Avg: 0.5, Max: 0.5, Diff: 0.2, Sum: 0.9]
      [Termination (ms): Min: 0.0, Avg: 0.0, Max: 0.0, Diff: 0.0, Sum: 0.0]
      [GC Worker Other (ms): Min: 0.0, Avg: 0.1, Max: 0.1, Diff: 0.0, Sum: 0.1]
      [GC Worker Total (ms): Min: 5.1, Avg: 5.1, Max: 5.1, Diff: 0.0, Sum: 10.2]
      [GC Worker End (ms): Min: 5335939.5, Avg: 5335939.5, Max: 5335939.5, Diff: 0.0]
   [Code Root Fixup: 0.2 ms]
   [Code Root Migration: 0.1 ms]
   [Clear CT: 0.8 ms]
   [Other: 1.5 ms]
      [Choose CSet: 0.0 ms]
      [Ref Proc: 0.1 ms]
      [Ref Enq: 0.0 ms]
      [Free CSet: 1.3 ms]
   [Eden: 3376.0M(3376.0M)->0.0B(3376.0M) Survivors: 2048.0K->2048.0K Heap: 4743.2M(5632.0M)->1367.2M(5632.0M)]
 [Times: user=0.01 sys=0.01, real=0.00 secs] 
2014-06-25T01:39:53.493+0000: 5335.942: Total time for which application threads were stopped: 0.0082754 seconds
2014-06-25T01:40:00.024+0000: 5342.474: [GC pause (G1 Evacuation Pause) (young)
Desired survivor size 222298112 bytes, new threshold 15 (max 15)
- age   1:      15624 bytes,      15624 total
- age   2:       6600 bytes,      22224 total
- age   3:       4544 bytes,      26768 total
- age   4:       6376 bytes,      33144 total
- age   5:       2040 bytes,      35184 total
- age   6:       6656 bytes,      41840 total
- age   7:      14632 bytes,      56472 total
- age   8:      16120 bytes,      72592 total
- age   9:       5008 bytes,      77600 total
- age  10:       8488 bytes,      86088 total
- age  11:      12800 bytes,      98888 total
- age  12:       6872 bytes,     105760 total
- age  13:      11608 bytes,     117368 total
- age  14:        216 bytes,     117584 total
- age  15:       6064 bytes,     123648 total
, 0.0077080 secs]
   [Parallel Time: 5.1 ms, GC Workers: 2]
      [GC Worker Start (ms): Min: 5342473.7, Avg: 5342473.7, Max: 5342473.7, Diff: 0.0]
      [Ext Root Scanning (ms): Min: 1.1, Avg: 1.2, Max: 1.4, Diff: 0.3, Sum: 2.5]
      [Update RS (ms): Min: 0.4, Avg: 0.4, Max: 0.4, Diff: 0.0, Sum: 0.9]
         [Processed Buffers: Min: 1, Avg: 15.5, Max: 30, Diff: 29, Sum: 31]
      [Scan RS (ms): Min: 2.0, Avg: 2.0, Max: 2.1, Diff: 0.1, Sum: 4.1]
      [Code Root Scanning (ms): Min: 0.8, Avg: 0.8, Max: 0.8, Diff: 0.0, Sum: 1.6]
      [Object Copy (ms): Min: 0.4, Avg: 0.5, Max: 0.5, Diff: 0.2, Sum: 0.9]
      [Termination (ms): Min: 0.0, Avg: 0.0, Max: 0.0, Diff: 0.0, Sum: 0.0]
      [GC Worker Other (ms): Min: 0.0, Avg: 0.0, Max: 0.1, Diff: 0.0, Sum: 0.1]
      [GC Worker Total (ms): Min: 5.0, Avg: 5.0, Max: 5.0, Diff: 0.0, Sum: 10.1]
      [GC Worker End (ms): Min: 5342478.7, Avg: 5342478.7, Max: 5342478.7, Diff: 0.0]
   [Code Root Fixup: 0.2 ms]
   [Code Root Migration: 0.1 ms]
   [Clear CT: 0.8 ms]
   [Other: 1.6 ms]
      [Choose CSet: 0.0 ms]
      [Ref Proc: 0.1 ms]
      [Ref Enq: 0.0 ms]
      [Free CSet: 1.3 ms]
   [Eden: 3376.0M(3376.0M)->0.0B(3376.0M) Survivors: 2048.0K->2048.0K Heap: 4743.2M(5632.0M)->1367.2M(5632.0M)]
 [Times: user=0.00 sys=0.01, real=0.00 secs] 
2014-06-25T01:40:00.032+0000: 5342.481: Total time for which application threads were stopped: 0.0082291 seconds
2014-06-25T01:40:06.711+0000: 5349.160: [GC pause (G1 Evacuation Pause) (young)
Desired survivor size 222298112 bytes, new threshold 15 (max 15)
- age   1:      33776 bytes,      33776 total
- age   2:        392 bytes,      34168 total
- age   3:       6512 bytes,      40680 total
- age   4:       4520 bytes,      45200 total
- age   5:       6256 bytes,      51456 total
- age   6:       2040 bytes,      53496 total
- age   7:       6656 bytes,      60152 total
- age   8:      14632 bytes,      74784 total
- age   9:       3552 bytes,      78336 total
- age  10:       4840 bytes,      83176 total
- age  11:       8488 bytes,      91664 total
- age  12:      12800 bytes,     104464 total
- age  13:       6872 bytes,     111336 total
- age  14:      10352 bytes,     121688 total
- age  15:        216 bytes,     121904 total
, 0.0078677 secs]
   [Parallel Time: 5.3 ms, GC Workers: 2]
      [GC Worker Start (ms): Min: 5349160.2, Avg: 5349160.2, Max: 5349160.2, Diff: 0.0]
      [Ext Root Scanning (ms): Min: 1.1, Avg: 1.3, Max: 1.4, Diff: 0.3, Sum: 2.5]
      [Update RS (ms): Min: 0.3, Avg: 0.4, Max: 0.5, Diff: 0.2, Sum: 0.8]
         [Processed Buffers: Min: 9, Avg: 12.5, Max: 16, Diff: 7, Sum: 25]
      [Scan RS (ms): Min: 2.1, Avg: 2.2, Max: 2.2, Diff: 0.0, Sum: 4.3]
      [Code Root Scanning (ms): Min: 0.8, Avg: 0.8, Max: 0.8, Diff: 0.0, Sum: 1.6]
      [Object Copy (ms): Min: 0.4, Avg: 0.5, Max: 0.6, Diff: 0.2, Sum: 0.9]
      [Termination (ms): Min: 0.0, Avg: 0.0, Max: 0.0, Diff: 0.0, Sum: 0.0]
      [GC Worker Other (ms): Min: 0.0, Avg: 0.0, Max: 0.1, Diff: 0.0, Sum: 0.1]
      [GC Worker Total (ms): Min: 5.1, Avg: 5.2, Max: 5.2, Diff: 0.0, Sum: 10.3]
      [GC Worker End (ms): Min: 5349165.3, Avg: 5349165.3, Max: 5349165.3, Diff: 0.0]
   [Code Root Fixup: 0.2 ms]
   [Code Root Migration: 0.1 ms]
   [Clear CT: 0.8 ms]
   [Other: 1.6 ms]
      [Choose CSet: 0.0 ms]
      [Ref Proc: 0.1 ms]
      [Ref Enq: 0.0 ms]
      [Free CSet: 1.4 ms]
   [Eden: 3376.0M(3376.0M)->0.0B(3376.0M) Survivors: 2048.0K->2048.0K Heap: 4743.2M(5632.0M)->1367.2M(5632.0M)]
 [Times: user=0.01 sys=0.01, real=0.01 secs] 
2014-06-25T01:40:06.719+0000: 5349.168: Total time for which application threads were stopped: 0.0084061 seconds
2014-06-25T01:40:13.296+0000: 5355.745: [GC pause (G1 Evacuation Pause) (young)
Desired survivor size 222298112 bytes, new threshold 15 (max 15)
- age   1:      18648 bytes,      18648 total
- age   2:      19992 bytes,      38640 total
- age   3:        272 bytes,      38912 total
- age   4:       6488 bytes,      45400 total
- age   5:       4496 bytes,      49896 total
- age   6:       6256 bytes,      56152 total
- age   7:       2040 bytes,      58192 total
- age   8:       6656 bytes,      64848 total
- age   9:      14632 bytes,      79480 total
- age  10:       3552 bytes,      83032 total
- age  11:       4840 bytes,      87872 total
- age  12:       8488 bytes,      96360 total
- age  13:      12800 bytes,     109160 total
- age  14:       6872 bytes,     116032 total
- age  15:      10352 bytes,     126384 total
, 0.0078031 secs]
   [Parallel Time: 5.1 ms, GC Workers: 2]
      [GC Worker Start (ms): Min: 5355745.0, Avg: 5355745.0, Max: 5355745.0, Diff: 0.0]
      [Ext Root Scanning (ms): Min: 1.1, Avg: 1.3, Max: 1.4, Diff: 0.3, Sum: 2.5]
      [Update RS (ms): Min: 0.3, Avg: 0.3, Max: 0.4, Diff: 0.1, Sum: 0.7]
         [Processed Buffers: Min: 9, Avg: 12.5, Max: 16, Diff: 7, Sum: 25]
      [Scan RS (ms): Min: 2.1, Avg: 2.1, Max: 2.2, Diff: 0.0, Sum: 4.3]
      [Code Root Scanning (ms): Min: 0.8, Avg: 0.8, Max: 0.8, Diff: 0.0, Sum: 1.6]
      [Object Copy (ms): Min: 0.4, Avg: 0.4, Max: 0.5, Diff: 0.2, Sum: 0.9]
      [Termination (ms): Min: 0.0, Avg: 0.0, Max: 0.0, Diff: 0.0, Sum: 0.0]
      [GC Worker Other (ms): Min: 0.0, Avg: 0.0, Max: 0.1, Diff: 0.0, Sum: 0.1]
      [GC Worker Total (ms): Min: 5.0, Avg: 5.0, Max: 5.1, Diff: 0.0, Sum: 10.1]
      [GC Worker End (ms): Min: 5355750.0, Avg: 5355750.0, Max: 5355750.0, Diff: 0.0]
   [Code Root Fixup: 0.2 ms]
   [Code Root Migration: 0.1 ms]
   [Clear CT: 0.8 ms]
   [Other: 1.6 ms]
      [Choose CSet: 0.0 ms]
      [Ref Proc: 0.1 ms]
      [Ref Enq: 0.0 ms]
      [Free CSet: 1.4 ms]
   [Eden: 3376.0M(3376.0M)->0.0B(3376.0M) Survivors: 2048.0K->2048.0K Heap: 4743.2M(5632.0M)->1367.2M(5632.0M)]
 [Times: user=0.01 sys=0.00, real=0.01 secs] 
2014-06-25T01:40:13.304+0000: 5355.753: Total time for which application threads were stopped: 0.0083578 seconds
2014-06-25T01:40:19.830+0000: 5362.279: [GC pause (G1 Evacuation Pause) (young)
Desired survivor size 222298112 bytes, new threshold 15 (max 15)
- age   1:      12800 bytes,      12800 total
- age   2:       4496 bytes,      17296 total
- age   3:      19736 bytes,      37032 total
- age   4:        216 bytes,      37248 total
- age   5:       6488 bytes,      43736 total
- age   6:       4496 bytes,      48232 total
- age   7:       6256 bytes,      54488 total
- age   8:       2040 bytes,      56528 total
- age   9:       6656 bytes,      63184 total
- age  10:      14632 bytes,      77816 total
- age  11:       3552 bytes,      81368 total
- age  12:       4840 bytes,      86208 total
- age  13:       8488 bytes,      94696 total
- age  14:      12800 bytes,     107496 total
- age  15:       6872 bytes,     114368 total
, 0.0079865 secs]
   [Parallel Time: 5.2 ms, GC Workers: 2]
      [GC Worker Start (ms): Min: 5362279.3, Avg: 5362279.3, Max: 5362279.3, Diff: 0.0]
      [Ext Root Scanning (ms): Min: 1.1, Avg: 1.3, Max: 1.4, Diff: 0.3, Sum: 2.5]
      [Update RS (ms): Min: 0.3, Avg: 0.4, Max: 0.4, Diff: 0.2, Sum: 0.7]
         [Processed Buffers: Min: 11, Avg: 13.0, Max: 15, Diff: 4, Sum: 26]
      [Scan RS (ms): Min: 2.1, Avg: 2.2, Max: 2.2, Diff: 0.0, Sum: 4.3]
      [Code Root Scanning (ms): Min: 0.8, Avg: 0.8, Max: 0.8, Diff: 0.0, Sum: 1.6]
      [Object Copy (ms): Min: 0.4, Avg: 0.5, Max: 0.6, Diff: 0.2, Sum: 0.9]
      [Termination (ms): Min: 0.0, Avg: 0.0, Max: 0.0, Diff: 0.0, Sum: 0.0]
      [GC Worker Other (ms): Min: 0.0, Avg: 0.0, Max: 0.1, Diff: 0.0, Sum: 0.1]
      [GC Worker Total (ms): Min: 5.1, Avg: 5.1, Max: 5.1, Diff: 0.0, Sum: 10.2]
      [GC Worker End (ms): Min: 5362284.4, Avg: 5362284.4, Max: 5362284.4, Diff: 0.0]
   [Code Root Fixup: 0.2 ms]
   [Code Root Migration: 0.1 ms]
   [Clear CT: 1.0 ms]
   [Other: 1.6 ms]
      [Choose CSet: 0.0 ms]
      [Ref Proc: 0.1 ms]
      [Ref Enq: 0.0 ms]
      [Free CSet: 1.4 ms]
   [Eden: 3376.0M(3376.0M)->0.0B(3376.0M) Survivors: 2048.0K->2048.0K Heap: 4743.2M(5632.0M)->1367.2M(5632.0M)]
 [Times: user=0.02 sys=0.00, real=0.01 secs] 
2014-06-25T01:40:19.838+0000: 5362.287: Total time for which application threads were stopped: 0.0085747 seconds
2014-06-25T01:40:26.516+0000: 5368.966: [GC pause (G1 Evacuation Pause) (young)
Desired survivor size 222298112 bytes, new threshold 15 (max 15)
- age   1:      19496 bytes,      19496 total
- age   2:        760 bytes,      20256 total
- age   3:       4344 bytes,      24600 total
- age   4:      19712 bytes,      44312 total
- age   5:        216 bytes,      44528 total
- age   6:       6488 bytes,      51016 total
- age   7:       4496 bytes,      55512 total
- age   8:       6256 bytes,      61768 total
- age   9:       2040 bytes,      63808 total
- age  10:       6656 bytes,      70464 total
- age  11:      14632 bytes,      85096 total
- age  12:       3552 bytes,      88648 total
- age  13:       4840 bytes,      93488 total
- age  14:       8488 bytes,     101976 total
- age  15:      12800 bytes,     114776 total
, 0.0078911 secs]
   [Parallel Time: 5.2 ms, GC Workers: 2]
      [GC Worker Start (ms): Min: 5368965.7, Avg: 5368965.7, Max: 5368965.7, Diff: 0.0]
      [Ext Root Scanning (ms): Min: 1.1, Avg: 1.2, Max: 1.4, Diff: 0.3, Sum: 2.5]
      [Update RS (ms): Min: 0.3, Avg: 0.4, Max: 0.5, Diff: 0.1, Sum: 0.8]
         [Processed Buffers: Min: 6, Avg: 15.0, Max: 24, Diff: 18, Sum: 30]
      [Scan RS (ms): Min: 2.1, Avg: 2.2, Max: 2.2, Diff: 0.1, Sum: 4.3]
      [Code Root Scanning (ms): Min: 0.8, Avg: 0.8, Max: 0.8, Diff: 0.0, Sum: 1.6]
      [Object Copy (ms): Min: 0.4, Avg: 0.4, Max: 0.5, Diff: 0.2, Sum: 0.9]
      [Termination (ms): Min: 0.0, Avg: 0.0, Max: 0.0, Diff: 0.0, Sum: 0.0]
      [GC Worker Other (ms): Min: 0.0, Avg: 0.1, Max: 0.1, Diff: 0.0, Sum: 0.1]
      [GC Worker Total (ms): Min: 5.1, Avg: 5.1, Max: 5.1, Diff: 0.0, Sum: 10.2]
      [GC Worker End (ms): Min: 5368970.7, Avg: 5368970.8, Max: 5368970.8, Diff: 0.0]
   [Code Root Fixup: 0.2 ms]
   [Code Root Migration: 0.1 ms]
   [Clear CT: 0.8 ms]
   [Other: 1.7 ms]
      [Choose CSet: 0.0 ms]
      [Ref Proc: 0.1 ms]
      [Ref Enq: 0.0 ms]
      [Free CSet: 1.5 ms]
   [Eden: 3376.0M(3376.0M)->0.0B(3376.0M) Survivors: 2048.0K->2048.0K Heap: 4743.2M(5632.0M)->1367.2M(5632.0M)]
 [Times: user=0.01 sys=0.00, real=0.01 secs] 
2014-06-25T01:40:26.524+0000: 5368.974: Total time for which application threads were stopped: 0.0084372 seconds
2014-06-25T01:40:33.049+0000: 5375.498: [GC pause (G1 Evacuation Pause) (young)
Desired survivor size 222298112 bytes, new threshold 15 (max 15)
- age   1:      33640 bytes,      33640 total
- age   2:       5072 bytes,      38712 total
- age   3:        672 bytes,      39384 total
- age   4:       4296 bytes,      43680 total
- age   5:       6304 bytes,      49984 total
- age   6:        216 bytes,      50200 total
- age   7:       6488 bytes,      56688 total
- age   8:       4496 bytes,      61184 total
- age   9:       6224 bytes,      67408 total
- age  10:       2040 bytes,      69448 total
- age  11:       6656 bytes,      76104 total
- age  12:      14632 bytes,      90736 total
- age  13:       3552 bytes,      94288 total
- age  14:       4816 bytes,      99104 total
- age  15:       8488 bytes,     107592 total
, 0.0077216 secs]
   [Parallel Time: 5.1 ms, GC Workers: 2]
      [GC Worker Start (ms): Min: 5375497.8, Avg: 5375497.8, Max: 5375497.8, Diff: 0.0]
      [Ext Root Scanning (ms): Min: 1.1, Avg: 1.2, Max: 1.4, Diff: 0.3, Sum: 2.5]
      [Update RS (ms): Min: 0.3, Avg: 0.3, Max: 0.4, Diff: 0.1, Sum: 0.7]
         [Processed Buffers: Min: 1, Avg: 13.5, Max: 26, Diff: 25, Sum: 27]
      [Scan RS (ms): Min: 2.1, Avg: 2.1, Max: 2.1, Diff: 0.0, Sum: 4.3]
      [Code Root Scanning (ms): Min: 0.8, Avg: 0.8, Max: 0.8, Diff: 0.0, Sum: 1.6]
      [Object Copy (ms): Min: 0.3, Avg: 0.4, Max: 0.5, Diff: 0.2, Sum: 0.8]
      [Termination (ms): Min: 0.0, Avg: 0.0, Max: 0.0, Diff: 0.0, Sum: 0.0]
      [GC Worker Other (ms): Min: 0.0, Avg: 0.0, Max: 0.1, Diff: 0.0, Sum: 0.1]
      [GC Worker Total (ms): Min: 5.0, Avg: 5.0, Max: 5.0, Diff: 0.0, Sum: 10.0]
      [GC Worker End (ms): Min: 5375502.8, Avg: 5375502.8, Max: 5375502.8, Diff: 0.0]
   [Code Root Fixup: 0.2 ms]
   [Code Root Migration: 0.1 ms]
   [Clear CT: 0.8 ms]
   [Other: 1.6 ms]
      [Choose CSet: 0.0 ms]
      [Ref Proc: 0.1 ms]
      [Ref Enq: 0.0 ms]
      [Free CSet: 1.4 ms]
   [Eden: 3376.0M(3376.0M)->0.0B(3376.0M) Survivors: 2048.0K->2048.0K Heap: 4743.2M(5632.0M)->1367.2M(5632.0M)]
 [Times: user=0.01 sys=0.00, real=0.01 secs] 
2014-06-25T01:40:33.056+0000: 5375.506: Total time for which application threads were stopped: 0.0082690 seconds
2014-06-25T01:40:39.592+0000: 5382.041: [GC pause (G1 Evacuation Pause) (young)
Desired survivor size 222298112 bytes, new threshold 15 (max 15)
- age   1:      16360 bytes,      16360 total
- age   2:      20120 bytes,      36480 total
- age   3:       4816 bytes,      41296 total
- age   4:        648 bytes,      41944 total
- age   5:       4296 bytes,      46240 total
- age   6:       6184 bytes,      52424 total
- age   7:        216 bytes,      52640 total
- age   8:       6488 bytes,      59128 total
- age   9:       4496 bytes,      63624 total
- age  10:       6192 bytes,      69816 total
- age  11:       2040 bytes,      71856 total
- age  12:       6656 bytes,      78512 total
- age  13:      14632 bytes,      93144 total
- age  14:       3552 bytes,      96696 total
- age  15:       4816 bytes,     101512 total
, 0.0076793 secs]
   [Parallel Time: 5.1 ms, GC Workers: 2]
      [GC Worker Start (ms): Min: 5382040.9, Avg: 5382040.9, Max: 5382040.9, Diff: 0.0]
      [Ext Root Scanning (ms): Min: 1.1, Avg: 1.2, Max: 1.4, Diff: 0.3, Sum: 2.5]
      [Update RS (ms): Min: 0.3, Avg: 0.3, Max: 0.4, Diff: 0.1, Sum: 0.7]
         [Processed Buffers: Min: 1, Avg: 11.5, Max: 22, Diff: 21, Sum: 23]
      [Scan RS (ms): Min: 2.1, Avg: 2.1, Max: 2.2, Diff: 0.1, Sum: 4.3]
      [Code Root Scanning (ms): Min: 0.8, Avg: 0.8, Max: 0.8, Diff: 0.0, Sum: 1.7]
      [Object Copy (ms): Min: 0.3, Avg: 0.4, Max: 0.5, Diff: 0.2, Sum: 0.8]
      [Termination (ms): Min: 0.0, Avg: 0.0, Max: 0.0, Diff: 0.0, Sum: 0.0]
      [GC Worker Other (ms): Min: 0.0, Avg: 0.1, Max: 0.1, Diff: 0.0, Sum: 0.1]
      [GC Worker Total (ms): Min: 5.0, Avg: 5.0, Max: 5.0, Diff: 0.0, Sum: 10.0]
      [GC Worker End (ms): Min: 5382045.9, Avg: 5382045.9, Max: 5382045.9, Diff: 0.0]
   [Code Root Fixup: 0.2 ms]
   [Code Root Migration: 0.1 ms]
   [Clear CT: 0.8 ms]
   [Other: 1.6 ms]
      [Choose CSet: 0.0 ms]
      [Ref Proc: 0.1 ms]
      [Ref Enq: 0.0 ms]
      [Free CSet: 1.3 ms]
   [Eden: 3376.0M(3376.0M)->0.0B(3376.0M) Survivors: 2048.0K->2048.0K Heap: 4743.2M(5632.0M)->1367.2M(5632.0M)]
 [Times: user=0.01 sys=0.01, real=0.00 secs] 
2014-06-25T01:40:39.600+0000: 5382.049: Total time for which application threads were stopped: 0.0082536 seconds
2014-06-25T01:40:46.123+0000: 5388.572: [GC pause (G1 Evacuation Pause) (young)
Desired survivor size 222298112 bytes, new threshold 15 (max 15)
- age   1:      12864 bytes,      12864 total
- age   2:       5456 bytes,      18320 total
- age   3:      20000 bytes,      38320 total
- age   4:       4792 bytes,      43112 total
- age   5:        648 bytes,      43760 total
- age   6:       4296 bytes,      48056 total
- age   7:       6184 bytes,      54240 total
- age   8:        216 bytes,      54456 total
- age   9:       6488 bytes,      60944 total
- age  10:       4496 bytes,      65440 total
- age  11:       6192 bytes,      71632 total
- age  12:       2040 bytes,      73672 total
- age  13:       6656 bytes,      80328 total
- age  14:      14632 bytes,      94960 total
- age  15:       3552 bytes,      98512 total
, 0.0078001 secs]
   [Parallel Time: 5.1 ms, GC Workers: 2]
      [GC Worker Start (ms): Min: 5388572.5, Avg: 5388572.5, Max: 5388572.5, Diff: 0.0]
      [Ext Root Scanning (ms): Min: 1.1, Avg: 1.3, Max: 1.4, Diff: 0.3, Sum: 2.5]
      [Update RS (ms): Min: 0.3, Avg: 0.3, Max: 0.4, Diff: 0.1, Sum: 0.6]
         [Processed Buffers: Min: 1, Avg: 13.0, Max: 25, Diff: 24, Sum: 26]
      [Scan RS (ms): Min: 2.1, Avg: 2.2, Max: 2.2, Diff: 0.1, Sum: 4.3]
      [Code Root Scanning (ms): Min: 0.8, Avg: 0.8, Max: 0.8, Diff: 0.0, Sum: 1.6]
      [Object Copy (ms): Min: 0.3, Avg: 0.4, Max: 0.5, Diff: 0.1, Sum: 0.8]
      [Termination (ms): Min: 0.0, Avg: 0.0, Max: 0.0, Diff: 0.0, Sum: 0.0]
      [GC Worker Other (ms): Min: 0.0, Avg: 0.1, Max: 0.1, Diff: 0.0, Sum: 0.1]
      [GC Worker Total (ms): Min: 5.0, Avg: 5.0, Max: 5.1, Diff: 0.0, Sum: 10.1]
      [GC Worker End (ms): Min: 5388577.5, Avg: 5388577.5, Max: 5388577.5, Diff: 0.0]
   [Code Root Fixup: 0.2 ms]
   [Code Root Migration: 0.1 ms]
   [Clear CT: 0.8 ms]
   [Other: 1.7 ms]
      [Choose CSet: 0.0 ms]
      [Ref Proc: 0.1 ms]
      [Ref Enq: 0.0 ms]
      [Free CSet: 1.4 ms]
   [Eden: 3376.0M(3376.0M)->0.0B(3376.0M) Survivors: 2048.0K->2048.0K Heap: 4743.2M(5632.0M)->1367.2M(5632.0M)]
 [Times: user=0.01 sys=0.00, real=0.01 secs] 
2014-06-25T01:40:46.131+0000: 5388.580: Total time for which application threads were stopped: 0.0083926 seconds
2014-06-25T01:40:50.132+0000: 5392.581: Total time for which application threads were stopped: 0.0003086 seconds
2014-06-25T01:40:51.133+0000: 5393.582: Total time for which application threads were stopped: 0.0003643 seconds
2014-06-25T01:40:52.667+0000: 5395.116: [GC pause (G1 Evacuation Pause) (young)
Desired survivor size 222298112 bytes, new threshold 15 (max 15)
- age   1:      19944 bytes,      19944 total
- age   2:        248 bytes,      20192 total
- age   3:       5368 bytes,      25560 total
- age   4:      19920 bytes,      45480 total
- age   5:       4792 bytes,      50272 total
- age   6:        648 bytes,      50920 total
- age   7:       4296 bytes,      55216 total
- age   8:       6184 bytes,      61400 total
- age   9:        216 bytes,      61616 total
- age  10:       6488 bytes,      68104 total
- age  11:       4496 bytes,      72600 total
- age  12:       6192 bytes,      78792 total
- age  13:       2040 bytes,      80832 total
- age  14:       6656 bytes,      87488 total
- age  15:      14632 bytes,     102120 total
, 0.0077628 secs]
   [Parallel Time: 5.1 ms, GC Workers: 2]
      [GC Worker Start (ms): Min: 5395116.3, Avg: 5395116.3, Max: 5395116.3, Diff: 0.0]
      [Ext Root Scanning (ms): Min: 1.1, Avg: 1.3, Max: 1.4, Diff: 0.3, Sum: 2.5]
      [Update RS (ms): Min: 0.2, Avg: 0.3, Max: 0.3, Diff: 0.1, Sum: 0.5]
         [Processed Buffers: Min: 11, Avg: 13.5, Max: 16, Diff: 5, Sum: 27]
      [Scan RS (ms): Min: 2.1, Avg: 2.2, Max: 2.2, Diff: 0.1, Sum: 4.3]
      [Code Root Scanning (ms): Min: 0.8, Avg: 0.8, Max: 0.8, Diff: 0.0, Sum: 1.6]
      [Object Copy (ms): Min: 0.3, Avg: 0.4, Max: 0.5, Diff: 0.2, Sum: 0.9]
      [Termination (ms): Min: 0.0, Avg: 0.0, Max: 0.0, Diff: 0.0, Sum: 0.0]
      [GC Worker Other (ms): Min: 0.0, Avg: 0.1, Max: 0.1, Diff: 0.0, Sum: 0.1]
      [GC Worker Total (ms): Min: 5.0, Avg: 5.0, Max: 5.0, Diff: 0.0, Sum: 10.0]
      [GC Worker End (ms): Min: 5395121.2, Avg: 5395121.3, Max: 5395121.3, Diff: 0.0]
   [Code Root Fixup: 0.2 ms]
   [Code Root Migration: 0.1 ms]
   [Clear CT: 0.8 ms]
   [Other: 1.7 ms]
      [Choose CSet: 0.0 ms]
      [Ref Proc: 0.1 ms]
      [Ref Enq: 0.0 ms]
      [Free CSet: 1.4 ms]
   [Eden: 3376.0M(3376.0M)->0.0B(3376.0M) Survivors: 2048.0K->2048.0K Heap: 4743.2M(5632.0M)->1367.2M(5632.0M)]
 [Times: user=0.01 sys=0.00, real=0.01 secs] 
2014-06-25T01:40:52.675+0000: 5395.124: Total time for which application threads were stopped: 0.0083164 seconds
2014-06-25T01:40:59.255+0000: 5401.704: [GC pause (G1 Evacuation Pause) (young)
Desired survivor size 222298112 bytes, new threshold 15 (max 15)
- age   1:      25616 bytes,      25616 total
- age   2:       4944 bytes,      30560 total
- age   3:         24 bytes,      30584 total
- age   4:       5312 bytes,      35896 total
- age   5:      19920 bytes,      55816 total
- age   6:       4792 bytes,      60608 total
- age   7:        648 bytes,      61256 total
- age   8:       4296 bytes,      65552 total
- age   9:       6184 bytes,      71736 total
- age  10:        216 bytes,      71952 total
- age  11:       6488 bytes,      78440 total
- age  12:       4496 bytes,      82936 total
- age  13:       6192 bytes,      89128 total
- age  14:       2040 bytes,      91168 total
- age  15:       6656 bytes,      97824 total
, 0.0075550 secs]
   [Parallel Time: 4.9 ms, GC Workers: 2]
      [GC Worker Start (ms): Min: 5401704.4, Avg: 5401704.4, Max: 5401704.4, Diff: 0.0]
      [Ext Root Scanning (ms): Min: 1.1, Avg: 1.2, Max: 1.4, Diff: 0.3, Sum: 2.5]
      [Update RS (ms): Min: 0.3, Avg: 0.3, Max: 0.3, Diff: 0.0, Sum: 0.6]
         [Processed Buffers: Min: 1, Avg: 14.0, Max: 27, Diff: 26, Sum: 28]
      [Scan RS (ms): Min: 2.0, Avg: 2.0, Max: 2.0, Diff: 0.0, Sum: 4.0]
      [Code Root Scanning (ms): Min: 0.8, Avg: 0.8, Max: 0.8, Diff: 0.0, Sum: 1.6]
      [Object Copy (ms): Min: 0.3, Avg: 0.4, Max: 0.5, Diff: 0.2, Sum: 0.9]
      [Termination (ms): Min: 0.0, Avg: 0.0, Max: 0.0, Diff: 0.0, Sum: 0.0]
      [GC Worker Other (ms): Min: 0.0, Avg: 0.0, Max: 0.1, Diff: 0.0, Sum: 0.1]
      [GC Worker Total (ms): Min: 4.8, Avg: 4.8, Max: 4.8, Diff: 0.0, Sum: 9.7]
      [GC Worker End (ms): Min: 5401709.2, Avg: 5401709.2, Max: 5401709.2, Diff: 0.0]
   [Code Root Fixup: 0.2 ms]
   [Code Root Migration: 0.1 ms]
   [Clear CT: 0.8 ms]
   [Other: 1.6 ms]
      [Choose CSet: 0.0 ms]
      [Ref Proc: 0.1 ms]
      [Ref Enq: 0.0 ms]
      [Free CSet: 1.4 ms]
   [Eden: 3376.0M(3376.0M)->0.0B(3376.0M) Survivors: 2048.0K->2048.0K Heap: 4743.2M(5632.0M)->1367.3M(5632.0M)]
 [Times: user=0.01 sys=0.01, real=0.01 secs] 
2014-06-25T01:40:59.263+0000: 5401.712: Total time for which application threads were stopped: 0.0080822 seconds
2014-06-25T01:41:01.294+0000: 5403.743: Total time for which application threads were stopped: 0.0003477 seconds
2014-06-25T01:41:05.295+0000: 5407.744: Total time for which application threads were stopped: 0.0003934 seconds
2014-06-25T01:41:05.372+0000: 5407.821: Total time for which application threads were stopped: 0.0003800 seconds
2014-06-25T01:41:05.373+0000: 5407.822: Total time for which application threads were stopped: 0.0002122 seconds
2014-06-25T01:41:06.373+0000: 5408.822: Total time for which application threads were stopped: 0.0004526 seconds
2014-06-25T01:41:06.592+0000: 5409.042: [GC pause (G1 Evacuation Pause) (young)
Desired survivor size 222298112 bytes, new threshold 15 (max 15)
- age   1:      35968 bytes,      35968 total
- age   2:       7304 bytes,      43272 total
- age   3:       4824 bytes,      48096 total
- age   5:       5192 bytes,      53288 total
- age   6:      19920 bytes,      73208 total
- age   7:       4792 bytes,      78000 total
- age   8:        648 bytes,      78648 total
- age   9:       4296 bytes,      82944 total
- age  10:       6088 bytes,      89032 total
- age  11:        216 bytes,      89248 total
- age  12:       6488 bytes,      95736 total
- age  13:       4360 bytes,     100096 total
- age  14:       6192 bytes,     106288 total
- age  15:       2040 bytes,     108328 total
, 0.0207748 secs]
   [Parallel Time: 16.5 ms, GC Workers: 2]
      [GC Worker Start (ms): Min: 5409041.7, Avg: 5409041.7, Max: 5409041.7, Diff: 0.0]
      [Ext Root Scanning (ms): Min: 1.2, Avg: 1.3, Max: 1.5, Diff: 0.3, Sum: 2.6]
      [Update RS (ms): Min: 1.2, Avg: 1.3, Max: 1.4, Diff: 0.1, Sum: 2.6]
         [Processed Buffers: Min: 6, Avg: 18.5, Max: 31, Diff: 25, Sum: 37]
      [Scan RS (ms): Min: 2.1, Avg: 2.2, Max: 2.2, Diff: 0.1, Sum: 4.3]
      [Code Root Scanning (ms): Min: 0.8, Avg: 0.9, Max: 0.9, Diff: 0.1, Sum: 1.7]
      [Object Copy (ms): Min: 10.6, Avg: 10.7, Max: 10.8, Diff: 0.2, Sum: 21.4]
      [Termination (ms): Min: 0.0, Avg: 0.0, Max: 0.0, Diff: 0.0, Sum: 0.0]
      [GC Worker Other (ms): Min: 0.0, Avg: 0.0, Max: 0.1, Diff: 0.0, Sum: 0.1]
      [GC Worker Total (ms): Min: 16.4, Avg: 16.4, Max: 16.4, Diff: 0.0, Sum: 32.8]
      [GC Worker End (ms): Min: 5409058.1, Avg: 5409058.1, Max: 5409058.1, Diff: 0.0]
   [Code Root Fixup: 0.3 ms]
   [Code Root Migration: 0.2 ms]
   [Clear CT: 1.1 ms]
   [Other: 2.7 ms]
      [Choose CSet: 0.0 ms]
      [Ref Proc: 0.9 ms]
      [Ref Enq: 0.0 ms]
      [Free CSet: 1.6 ms]
   [Eden: 3376.0M(3376.0M)->0.0B(3374.0M) Survivors: 2048.0K->4096.0K Heap: 4743.3M(5632.0M)->1369.9M(5632.0M)]
 [Times: user=0.04 sys=0.00, real=0.02 secs] 
2014-06-25T01:41:06.613+0000: 5409.063: Total time for which application threads were stopped: 0.0215082 seconds
2014-06-25T01:41:07.616+0000: 5410.065: Total time for which application threads were stopped: 0.0019566 seconds
2014-06-25T01:41:08.616+0000: 5411.065: Total time for which application threads were stopped: 0.0004503 seconds
2014-06-25T01:41:10.622+0000: 5413.071: Total time for which application threads were stopped: 0.0025866 seconds
2014-06-25T01:41:12.623+0000: 5415.072: Total time for which application threads were stopped: 0.0004132 seconds
2014-06-25T01:41:13.623+0000: 5416.072: Total time for which application threads were stopped: 0.0004325 seconds
2014-06-25T01:41:14.624+0000: 5417.073: Total time for which application threads were stopped: 0.0003809 seconds
2014-06-25T01:41:15.624+0000: 5418.073: Total time for which application threads were stopped: 0.0003785 seconds
2014-06-25T01:41:16.304+0000: 5418.753: Total time for which application threads were stopped: 0.0083832 seconds
2014-06-25T01:41:17.206+0000: 5419.655: [GC pause (G1 Evacuation Pause) (young)
Desired survivor size 222298112 bytes, new threshold 15 (max 15)
- age   1:    2721000 bytes,    2721000 total
- age   2:      13840 bytes,    2734840 total
- age   3:       7184 bytes,    2742024 total
- age   4:       4776 bytes,    2746800 total
- age   6:       5192 bytes,    2751992 total
- age   7:       7464 bytes,    2759456 total
- age   8:       4792 bytes,    2764248 total
- age   9:        648 bytes,    2764896 total
- age  10:       4296 bytes,    2769192 total
- age  11:       5928 bytes,    2775120 total
- age  12:        216 bytes,    2775336 total
- age  13:       6488 bytes,    2781824 total
- age  14:       4360 bytes,    2786184 total
- age  15:       6192 bytes,    2792376 total
, 0.0583837 secs]
   [Parallel Time: 35.3 ms, GC Workers: 2]
      [GC Worker Start (ms): Min: 5419654.9, Avg: 5419654.9, Max: 5419654.9, Diff: 0.0]
      [Ext Root Scanning (ms): Min: 1.1, Avg: 1.3, Max: 1.4, Diff: 0.3, Sum: 2.5]
      [Update RS (ms): Min: 5.4, Avg: 5.6, Max: 5.7, Diff: 0.3, Sum: 11.1]
         [Processed Buffers: Min: 4, Avg: 20.0, Max: 36, Diff: 32, Sum: 40]
      [Scan RS (ms): Min: 2.1, Avg: 2.1, Max: 2.2, Diff: 0.1, Sum: 4.3]
      [Code Root Scanning (ms): Min: 0.8, Avg: 0.9, Max: 0.9, Diff: 0.1, Sum: 1.7]
      [Object Copy (ms): Min: 25.3, Avg: 25.4, Max: 25.5, Diff: 0.2, Sum: 50.8]
      [Termination (ms): Min: 0.0, Avg: 0.0, Max: 0.0, Diff: 0.0, Sum: 0.0]
      [GC Worker Other (ms): Min: 0.0, Avg: 0.0, Max: 0.0, Diff: 0.0, Sum: 0.1]
      [GC Worker Total (ms): Min: 35.2, Avg: 35.2, Max: 35.2, Diff: 0.0, Sum: 70.5]
      [GC Worker End (ms): Min: 5419690.1, Avg: 5419690.1, Max: 5419690.1, Diff: 0.0]
   [Code Root Fixup: 0.2 ms]
   [Code Root Migration: 0.3 ms]
   [Clear CT: 0.8 ms]
   [Other: 21.7 ms]
      [Choose CSet: 0.0 ms]
      [Ref Proc: 19.9 ms]
      [Ref Enq: 0.0 ms]
      [Free CSet: 1.7 ms]
   [Eden: 3374.0M(3374.0M)->0.0B(3362.0M) Survivors: 4096.0K->16.0M Heap: 4743.9M(5632.0M)->1382.1M(5632.0M)]
 [Times: user=0.09 sys=0.02, real=0.06 secs] 
2014-06-25T01:41:17.264+0000: 5419.713: Total time for which application threads were stopped: 0.0589740 seconds
2014-06-25T01:41:18.275+0000: 5420.724: Total time for which application threads were stopped: 0.0035919 seconds
2014-06-25T01:41:18.892+0000: 5421.341: Total time for which application threads were stopped: 0.0043757 seconds
2014-06-25T01:41:19.897+0000: 5422.346: Total time for which application threads were stopped: 0.0043232 seconds
2014-06-25T01:41:20.902+0000: 5423.351: Total time for which application threads were stopped: 0.0044563 seconds
2014-06-25T01:41:20.962+0000: 5423.411: Total time for which application threads were stopped: 0.0063917 seconds
2014-06-25T01:41:20.963+0000: 5423.412: Total time for which application threads were stopped: 0.0002406 seconds
2014-06-25T01:41:20.963+0000: 5423.412: Total time for which application threads were stopped: 0.0002362 seconds
2014-06-25T01:41:20.963+0000: 5423.413: Total time for which application threads were stopped: 0.0002485 seconds
2014-06-25T01:41:21.968+0000: 5424.417: Total time for which application threads were stopped: 0.0043906 seconds
2014-06-25T01:41:22.976+0000: 5425.425: Total time for which application threads were stopped: 0.0076323 seconds
2014-06-25T01:41:23.976+0000: 5426.425: Total time for which application threads were stopped: 0.0004324 seconds
2014-06-25T01:41:24.977+0000: 5427.426: Total time for which application threads were stopped: 0.0003655 seconds
2014-06-25T01:41:25.980+0000: 5428.429: Total time for which application threads were stopped: 0.0026368 seconds
2014-06-25T01:41:26.323+0000: 5428.772: [GC pause (G1 Evacuation Pause) (young)
Desired survivor size 222298112 bytes, new threshold 15 (max 15)
- age   1:    7484384 bytes,    7484384 total
- age   2:     788920 bytes,    8273304 total
- age   3:      13528 bytes,    8286832 total
- age   4:       7128 bytes,    8293960 total
- age   5:       4776 bytes,    8298736 total
- age   7:       5192 bytes,    8303928 total
- age   8:       7344 bytes,    8311272 total
- age   9:       4792 bytes,    8316064 total
- age  10:        648 bytes,    8316712 total
- age  11:       4296 bytes,    8321008 total
- age  12:       5720 bytes,    8326728 total
- age  13:        216 bytes,    8326944 total
- age  14:       6488 bytes,    8333432 total
- age  15:       4360 bytes,    8337792 total
, 0.1323776 secs]
   [Parallel Time: 95.9 ms, GC Workers: 2]
      [GC Worker Start (ms): Min: 5428772.6, Avg: 5428772.6, Max: 5428772.6, Diff: 0.0]
      [Ext Root Scanning (ms): Min: 1.2, Avg: 1.3, Max: 1.5, Diff: 0.3, Sum: 2.7]
      [Update RS (ms): Min: 8.9, Avg: 9.1, Max: 9.3, Diff: 0.5, Sum: 18.2]
         [Processed Buffers: Min: 16, Avg: 39.5, Max: 63, Diff: 47, Sum: 79]
      [Scan RS (ms): Min: 1.1, Avg: 2.2, Max: 3.4, Diff: 2.3, Sum: 4.4]
      [Code Root Scanning (ms): Min: 1.3, Avg: 4.8, Max: 8.4, Diff: 7.1, Sum: 9.7]
      [Object Copy (ms): Min: 74.7, Avg: 75.3, Max: 76.0, Diff: 1.3, Sum: 150.7]
      [Termination (ms): Min: 0.0, Avg: 3.0, Max: 6.0, Diff: 6.0, Sum: 6.0]
      [GC Worker Other (ms): Min: 0.0, Avg: 0.0, Max: 0.0, Diff: 0.0, Sum: 0.1]
      [GC Worker Total (ms): Min: 95.8, Avg: 95.8, Max: 95.9, Diff: 0.0, Sum: 191.7]
      [GC Worker End (ms): Min: 5428868.5, Avg: 5428868.5, Max: 5428868.5, Diff: 0.0]
   [Code Root Fixup: 0.4 ms]
   [Code Root Migration: 0.4 ms]
   [Clear CT: 0.8 ms]
   [Other: 34.8 ms]
      [Choose CSet: 0.0 ms]
      [Ref Proc: 32.1 ms]
      [Ref Enq: 0.0 ms]
      [Free CSet: 2.5 ms]
   [Eden: 3362.0M(3362.0M)->0.0B(3352.0M) Survivors: 16.0M->26.0M Heap: 4748.5M(5632.0M)->1396.5M(5632.0M)]
 [Times: user=0.23 sys=0.03, real=0.13 secs] 
2014-06-25T01:41:26.456+0000: 5428.905: Total time for which application threads were stopped: 0.1330424 seconds
2014-06-25T01:41:26.814+0000: 5429.263: Total time for which application threads were stopped: 0.0026456 seconds
2014-06-25T01:41:27.814+0000: 5430.264: Total time for which application threads were stopped: 0.0003795 seconds
2014-06-25T01:41:29.815+0000: 5432.264: Total time for which application threads were stopped: 0.0004269 seconds
2014-06-25T01:41:30.263+0000: 5432.713: Total time for which application threads were stopped: 0.0045049 seconds
2014-06-25T01:41:30.285+0000: 5432.734: Total time for which application threads were stopped: 0.0057219 seconds
2014-06-25T01:41:30.296+0000: 5432.745: Total time for which application threads were stopped: 0.0044664 seconds
2014-06-25T01:41:30.304+0000: 5432.753: Total time for which application threads were stopped: 0.0029156 seconds
2014-06-25T01:41:30.314+0000: 5432.763: Total time for which application threads were stopped: 0.0033695 seconds
2014-06-25T01:41:30.317+0000: 5432.766: Total time for which application threads were stopped: 0.0024651 seconds
2014-06-25T01:41:31.318+0000: 5433.767: Total time for which application threads were stopped: 0.0003714 seconds
2014-06-25T01:41:32.318+0000: 5434.767: Total time for which application threads were stopped: 0.0004143 seconds
2014-06-25T01:41:33.319+0000: 5435.768: Total time for which application threads were stopped: 0.0003665 seconds
2014-06-25T01:41:35.468+0000: 5437.917: [GC pause (G1 Evacuation Pause) (young)
Desired survivor size 222298112 bytes, new threshold 15 (max 15)
- age   1:   10564560 bytes,   10564560 total
- age   2:    7372344 bytes,   17936904 total
- age   3:     783032 bytes,   18719936 total
- age   4:      13528 bytes,   18733464 total
- age   5:       7128 bytes,   18740592 total
- age   6:       4776 bytes,   18745368 total
- age   8:       5192 bytes,   18750560 total
- age   9:       7344 bytes,   18757904 total
- age  10:       4792 bytes,   18762696 total
- age  11:        648 bytes,   18763344 total
- age  12:       4296 bytes,   18767640 total
- age  13:       5720 bytes,   18773360 total
- age  14:        216 bytes,   18773576 total
- age  15:       6488 bytes,   18780064 total
, 0.1041863 secs]
   [Parallel Time: 85.2 ms, GC Workers: 2]
      [GC Worker Start (ms): Min: 5437917.6, Avg: 5437917.6, Max: 5437917.6, Diff: 0.0]
      [Ext Root Scanning (ms): Min: 1.1, Avg: 1.3, Max: 1.4, Diff: 0.3, Sum: 2.6]
      [Update RS (ms): Min: 11.6, Avg: 11.7, Max: 11.8, Diff: 0.1, Sum: 23.4]
         [Processed Buffers: Min: 27, Avg: 38.5, Max: 50, Diff: 23, Sum: 77]
      [Scan RS (ms): Min: 2.1, Avg: 2.1, Max: 2.1, Diff: 0.1, Sum: 4.2]
      [Code Root Scanning (ms): Min: 0.9, Avg: 0.9, Max: 0.9, Diff: 0.0, Sum: 1.7]
      [Object Copy (ms): Min: 69.0, Avg: 69.1, Max: 69.3, Diff: 0.3, Sum: 138.3]
      [Termination (ms): Min: 0.0, Avg: 0.0, Max: 0.0, Diff: 0.0, Sum: 0.0]
      [GC Worker Other (ms): Min: 0.0, Avg: 0.1, Max: 0.1, Diff: 0.0, Sum: 0.1]
      [GC Worker Total (ms): Min: 85.1, Avg: 85.1, Max: 85.2, Diff: 0.0, Sum: 170.3]
      [GC Worker End (ms): Min: 5438002.7, Avg: 5438002.7, Max: 5438002.7, Diff: 0.0]
   [Code Root Fixup: 0.3 ms]
   [Code Root Migration: 0.3 ms]
   [Clear CT: 0.8 ms]
   [Other: 17.6 ms]
      [Choose CSet: 0.0 ms]
      [Ref Proc: 15.7 ms]
      [Ref Enq: 0.0 ms]
      [Free CSet: 1.6 ms]
   [Eden: 3352.0M(3352.0M)->0.0B(3346.0M) Survivors: 26.0M->32.0M Heap: 4752.5M(5632.0M)->1407.5M(5632.0M)]
 [Times: user=0.17 sys=0.02, real=0.10 secs] 
2014-06-25T01:41:35.573+0000: 5438.022: Total time for which application threads were stopped: 0.1048030 seconds
2014-06-25T01:41:36.587+0000: 5439.036: Total time for which application threads were stopped: 0.0003642 seconds
2014-06-25T01:41:39.588+0000: 5442.037: Total time for which application threads were stopped: 0.0003656 seconds
2014-06-25T01:41:41.592+0000: 5444.041: Total time for which application threads were stopped: 0.0032806 seconds
2014-06-25T01:41:42.533+0000: 5444.982: [GC pause (G1 Evacuation Pause) (young)
Desired survivor size 222298112 bytes, new threshold 15 (max 15)
- age   1:   11017776 bytes,   11017776 total
- age   2:    7208440 bytes,   18226216 total
- age   3:    7300368 bytes,   25526584 total
- age   4:     782784 bytes,   26309368 total
- age   5:      13376 bytes,   26322744 total
- age   6:       7128 bytes,   26329872 total
- age   7:       4776 bytes,   26334648 total
- age   9:       5160 bytes,   26339808 total
- age  10:       7344 bytes,   26347152 total
- age  11:       4792 bytes,   26351944 total
- age  12:        648 bytes,   26352592 total
- age  13:       4296 bytes,   26356888 total
- age  14:       5720 bytes,   26362608 total
- age  15:        216 bytes,   26362824 total
, 0.1034190 secs]
   [Parallel Time: 88.2 ms, GC Workers: 2]
      [GC Worker Start (ms): Min: 5444981.9, Avg: 5444981.9, Max: 5444981.9, Diff: 0.0]
      [Ext Root Scanning (ms): Min: 1.2, Avg: 1.3, Max: 1.4, Diff: 0.3, Sum: 2.6]
      [Update RS (ms): Min: 11.1, Avg: 11.2, Max: 11.2, Diff: 0.1, Sum: 22.4]
         [Processed Buffers: Min: 31, Avg: 38.0, Max: 45, Diff: 14, Sum: 76]
      [Scan RS (ms): Min: 2.1, Avg: 2.1, Max: 2.1, Diff: 0.0, Sum: 4.2]
      [Code Root Scanning (ms): Min: 0.8, Avg: 0.9, Max: 0.9, Diff: 0.1, Sum: 1.7]
      [Object Copy (ms): Min: 72.5, Avg: 72.7, Max: 72.8, Diff: 0.3, Sum: 145.3]
      [Termination (ms): Min: 0.0, Avg: 0.0, Max: 0.0, Diff: 0.0, Sum: 0.0]
      [GC Worker Other (ms): Min: 0.0, Avg: 0.1, Max: 0.1, Diff: 0.0, Sum: 0.1]
      [GC Worker Total (ms): Min: 88.2, Avg: 88.2, Max: 88.2, Diff: 0.0, Sum: 176.3]
      [GC Worker End (ms): Min: 5445070.1, Avg: 5445070.1, Max: 5445070.1, Diff: 0.0]
   [Code Root Fixup: 0.3 ms]
   [Code Root Migration: 0.3 ms]
   [Clear CT: 0.8 ms]
   [Other: 13.8 ms]
      [Choose CSet: 0.0 ms]
      [Ref Proc: 12.0 ms]
      [Ref Enq: 0.0 ms]
      [Free CSet: 1.6 ms]
   [Eden: 3346.0M(3346.0M)->0.0B(3344.0M) Survivors: 32.0M->34.0M Heap: 4757.8M(5632.0M)->1412.9M(5632.0M)]
 [Times: user=0.17 sys=0.02, real=0.10 secs] 
2014-06-25T01:41:42.636+0000: 5445.085: Total time for which application threads were stopped: 0.1040032 seconds
2014-06-25T01:41:43.648+0000: 5446.097: Total time for which application threads were stopped: 0.0044488 seconds
2014-06-25T01:41:44.649+0000: 5447.098: Total time for which application threads were stopped: 0.0003785 seconds
2014-06-25T01:41:46.541+0000: 5448.991: Total time for which application threads were stopped: 0.0028466 seconds
2014-06-25T01:41:47.542+0000: 5449.991: Total time for which application threads were stopped: 0.0003680 seconds
2014-06-25T01:41:49.641+0000: 5452.090: Total time for which application threads were stopped: 0.0004689 seconds
2014-06-25T01:41:49.645+0000: 5452.094: Total time for which application threads were stopped: 0.0038759 seconds
2014-06-25T01:41:49.658+0000: 5452.107: Total time for which application threads were stopped: 0.0066024 seconds
2014-06-25T01:41:49.661+0000: 5452.111: Total time for which application threads were stopped: 0.0027913 seconds
2014-06-25T01:41:49.678+0000: 5452.127: Total time for which application threads were stopped: 0.0063965 seconds
2014-06-25T01:41:50.273+0000: 5452.722: [GC pause (G1 Evacuation Pause) (young)
Desired survivor size 222298112 bytes, new threshold 15 (max 15)
- age   1:    6729208 bytes,    6729208 total
- age   2:    6998400 bytes,   13727608 total
- age   3:    7207944 bytes,   20935552 total
- age   4:    7300368 bytes,   28235920 total
- age   5:     782784 bytes,   29018704 total
- age   6:      13376 bytes,   29032080 total
- age   7:       7128 bytes,   29039208 total
- age   8:       4776 bytes,   29043984 total
- age  10:       5160 bytes,   29049144 total
- age  11:       7344 bytes,   29056488 total
- age  12:       4792 bytes,   29061280 total
- age  13:        648 bytes,   29061928 total
- age  14:       4296 bytes,   29066224 total
- age  15:       5720 bytes,   29071944 total
, 0.1084445 secs]
   [Parallel Time: 92.8 ms, GC Workers: 2]
      [GC Worker Start (ms): Min: 5452722.3, Avg: 5452722.4, Max: 5452722.4, Diff: 0.0]
      [Ext Root Scanning (ms): Min: 1.1, Avg: 1.3, Max: 1.5, Diff: 0.3, Sum: 2.6]
      [Update RS (ms): Min: 12.4, Avg: 12.6, Max: 12.8, Diff: 0.3, Sum: 25.2]
         [Processed Buffers: Min: 11, Avg: 27.5, Max: 44, Diff: 33, Sum: 55]
      [Scan RS (ms): Min: 2.0, Avg: 2.1, Max: 2.2, Diff: 0.3, Sum: 4.2]
      [Code Root Scanning (ms): Min: 0.7, Avg: 0.9, Max: 1.0, Diff: 0.2, Sum: 1.7]
      [Object Copy (ms): Min: 75.6, Avg: 75.7, Max: 75.8, Diff: 0.2, Sum: 151.4]
      [Termination (ms): Min: 0.0, Avg: 0.0, Max: 0.0, Diff: 0.0, Sum: 0.0]
      [GC Worker Other (ms): Min: 0.0, Avg: 0.1, Max: 0.1, Diff: 0.0, Sum: 0.1]
      [GC Worker Total (ms): Min: 92.7, Avg: 92.7, Max: 92.7, Diff: 0.0, Sum: 185.3]
      [GC Worker End (ms): Min: 5452815.0, Avg: 5452815.0, Max: 5452815.0, Diff: 0.0]
   [Code Root Fixup: 0.3 ms]
   [Code Root Migration: 0.3 ms]
   [Clear CT: 0.8 ms]
   [Other: 14.3 ms]
      [Choose CSet: 0.0 ms]
      [Ref Proc: 12.4 ms]
      [Ref Enq: 0.0 ms]
      [Free CSet: 1.7 ms]
   [Eden: 3344.0M(3344.0M)->0.0B(3342.0M) Survivors: 34.0M->36.0M Heap: 4757.9M(5632.0M)->1416.9M(5632.0M)]
 [Times: user=0.19 sys=0.00, real=0.11 secs] 
2014-06-25T01:41:50.382+0000: 5452.831: Total time for which application threads were stopped: 0.1090940 seconds
2014-06-25T01:41:51.388+0000: 5453.838: Total time for which application threads were stopped: 0.0003941 seconds
2014-06-25T01:41:54.195+0000: 5456.644: Total time for which application threads were stopped: 0.0003763 seconds
2014-06-25T01:41:56.195+0000: 5458.644: Total time for which application threads were stopped: 0.0003877 seconds
2014-06-25T01:41:57.608+0000: 5460.058: Total time for which application threads were stopped: 0.0003915 seconds
2014-06-25T01:41:57.640+0000: 5460.089: Total time for which application threads were stopped: 0.0017725 seconds
2014-06-25T01:41:57.640+0000: 5460.089: Total time for which application threads were stopped: 0.0002236 seconds
2014-06-25T01:41:57.641+0000: 5460.090: Total time for which application threads were stopped: 0.0002071 seconds
2014-06-25T01:41:57.642+0000: 5460.091: Total time for which application threads were stopped: 0.0008238 seconds
2014-06-25T01:41:58.424+0000: 5460.873: [GC pause (G1 Evacuation Pause) (young)
Desired survivor size 222298112 bytes, new threshold 15 (max 15)
- age   1:    6073408 bytes,    6073408 total
- age   2:    3567744 bytes,    9641152 total
- age   3:    6949040 bytes,   16590192 total
- age   4:    7169984 bytes,   23760176 total
- age   5:    7297840 bytes,   31058016 total
- age   6:     782784 bytes,   31840800 total
- age   7:      13376 bytes,   31854176 total
- age   8:       7128 bytes,   31861304 total
- age   9:       4776 bytes,   31866080 total
- age  11:       5160 bytes,   31871240 total
- age  12:       7344 bytes,   31878584 total
- age  13:       4792 bytes,   31883376 total
- age  14:        648 bytes,   31884024 total
- age  15:       4296 bytes,   31888320 total
, 0.1041765 secs]
   [Parallel Time: 93.5 ms, GC Workers: 2]
      [GC Worker Start (ms): Min: 5460873.1, Avg: 5460873.1, Max: 5460873.2, Diff: 0.0]
      [Ext Root Scanning (ms): Min: 1.1, Avg: 1.3, Max: 1.4, Diff: 0.3, Sum: 2.5]
      [Update RS (ms): Min: 13.2, Avg: 13.3, Max: 13.3, Diff: 0.1, Sum: 26.6]
         [Processed Buffers: Min: 16, Avg: 34.5, Max: 53, Diff: 37, Sum: 69]
      [Scan RS (ms): Min: 2.1, Avg: 2.1, Max: 2.1, Diff: 0.0, Sum: 4.2]
      [Code Root Scanning (ms): Min: 0.8, Avg: 0.9, Max: 0.9, Diff: 0.1, Sum: 1.7]
      [Object Copy (ms): Min: 75.9, Avg: 75.9, Max: 76.0, Diff: 0.2, Sum: 151.9]
      [Termination (ms): Min: 0.0, Avg: 0.0, Max: 0.0, Diff: 0.0, Sum: 0.0]
      [GC Worker Other (ms): Min: 0.0, Avg: 0.0, Max: 0.1, Diff: 0.0, Sum: 0.1]
      [GC Worker Total (ms): Min: 93.5, Avg: 93.5, Max: 93.5, Diff: 0.0, Sum: 187.0]
      [GC Worker End (ms): Min: 5460966.6, Avg: 5460966.6, Max: 5460966.6, Diff: 0.0]
   [Code Root Fixup: 0.2 ms]
   [Code Root Migration: 0.3 ms]
   [Clear CT: 0.8 ms]
   [Other: 9.3 ms]
      [Choose CSet: 0.0 ms]
      [Ref Proc: 7.5 ms]
      [Ref Enq: 0.0 ms]
      [Free CSet: 1.6 ms]
   [Eden: 3342.0M(3342.0M)->0.0B(3342.0M) Survivors: 36.0M->36.0M Heap: 4761.9M(5632.0M)->1418.9M(5632.0M)]
 [Times: user=0.19 sys=0.00, real=0.11 secs] 
2014-06-25T01:41:58.528+0000: 5460.977: Total time for which application threads were stopped: 0.1047609 seconds
2014-06-25T01:42:01.532+0000: 5463.981: Total time for which application threads were stopped: 0.0022679 seconds
2014-06-25T01:42:02.390+0000: 5464.839: Total time for which application threads were stopped: 0.0010191 seconds
2014-06-25T01:42:03.895+0000: 5466.344: Total time for which application threads were stopped: 0.0004040 seconds
2014-06-25T01:42:05.363+0000: 5467.812: [GC pause (G1 Evacuation Pause) (young)
Desired survivor size 222298112 bytes, new threshold 15 (max 15)
- age   1:    2451728 bytes,    2451728 total
- age   2:    4743496 bytes,    7195224 total
- age   3:    3524944 bytes,   10720168 total
- age   4:    6154896 bytes,   16875064 total
- age   5:    7167960 bytes,   24043024 total
- age   6:    7295248 bytes,   31338272 total
- age   7:     782784 bytes,   32121056 total
- age   8:      13376 bytes,   32134432 total
- age   9:       7128 bytes,   32141560 total
- age  10:       4776 bytes,   32146336 total
- age  12:       5160 bytes,   32151496 total
- age  13:       7344 bytes,   32158840 total
- age  14:       4792 bytes,   32163632 total
- age  15:        648 bytes,   32164280 total
, 0.0950216 secs]
   [Parallel Time: 91.6 ms, GC Workers: 2]
      [GC Worker Start (ms): Min: 5467812.4, Avg: 5467812.5, Max: 5467812.5, Diff: 0.0]
      [Ext Root Scanning (ms): Min: 1.1, Avg: 1.3, Max: 1.4, Diff: 0.3, Sum: 2.5]
      [Update RS (ms): Min: 11.9, Avg: 12.0, Max: 12.0, Diff: 0.1, Sum: 24.0]
         [Processed Buffers: Min: 12, Avg: 24.0, Max: 36, Diff: 24, Sum: 48]
      [Scan RS (ms): Min: 2.1, Avg: 2.1, Max: 2.1, Diff: 0.1, Sum: 4.2]
      [Code Root Scanning (ms): Min: 0.8, Avg: 0.8, Max: 0.9, Diff: 0.1, Sum: 1.7]
      [Object Copy (ms): Min: 75.2, Avg: 75.3, Max: 75.4, Diff: 0.2, Sum: 150.6]
      [Termination (ms): Min: 0.0, Avg: 0.0, Max: 0.0, Diff: 0.0, Sum: 0.0]
      [GC Worker Other (ms): Min: 0.0, Avg: 0.1, Max: 0.1, Diff: 0.0, Sum: 0.1]
      [GC Worker Total (ms): Min: 91.5, Avg: 91.6, Max: 91.6, Diff: 0.0, Sum: 183.1]
      [GC Worker End (ms): Min: 5467904.0, Avg: 5467904.0, Max: 5467904.0, Diff: 0.0]
   [Code Root Fixup: 0.2 ms]
   [Code Root Migration: 0.3 ms]
   [Clear CT: 0.8 ms]
   [Other: 2.1 ms]
      [Choose CSet: 0.0 ms]
      [Ref Proc: 0.2 ms]
      [Ref Enq: 0.0 ms]
      [Free CSet: 1.7 ms]
   [Eden: 3342.0M(3342.0M)->0.0B(3344.0M) Survivors: 36.0M->34.0M Heap: 4760.9M(5632.0M)->1416.9M(5632.0M)]
 [Times: user=0.18 sys=0.00, real=0.10 secs] 
2014-06-25T01:42:05.458+0000: 5467.908: Total time for which application threads were stopped: 0.0955908 seconds
2014-06-25T01:42:08.080+0000: 5470.529: Total time for which application threads were stopped: 0.0004926 seconds
2014-06-25T01:42:11.444+0000: 5473.894: Total time for which application threads were stopped: 0.0003984 seconds
2014-06-25T01:42:12.142+0000: 5474.592: [GC pause (G1 Evacuation Pause) (young)
Desired survivor size 222298112 bytes, new threshold 15 (max 15)
- age   1:     124872 bytes,     124872 total
- age   2:    2414552 bytes,    2539424 total
- age   3:    4742992 bytes,    7282416 total
- age   4:    3524856 bytes,   10807272 total
- age   5:    6154464 bytes,   16961736 total
- age   6:    7167960 bytes,   24129696 total
- age   7:    7295248 bytes,   31424944 total
- age   8:     782784 bytes,   32207728 total
- age   9:      13376 bytes,   32221104 total
- age  10:       7128 bytes,   32228232 total
- age  11:       4776 bytes,   32233008 total
- age  13:       5160 bytes,   32238168 total
- age  14:       7344 bytes,   32245512 total
- age  15:       4792 bytes,   32250304 total
, 0.0950030 secs]
   [Parallel Time: 91.7 ms, GC Workers: 2]
      [GC Worker Start (ms): Min: 5474591.6, Avg: 5474591.6, Max: 5474591.7, Diff: 0.0]
      [Ext Root Scanning (ms): Min: 1.1, Avg: 1.3, Max: 1.4, Diff: 0.3, Sum: 2.5]
      [Update RS (ms): Min: 12.0, Avg: 12.0, Max: 12.0, Diff: 0.1, Sum: 24.0]
         [Processed Buffers: Min: 15, Avg: 23.0, Max: 31, Diff: 16, Sum: 46]
      [Scan RS (ms): Min: 2.1, Avg: 2.1, Max: 2.1, Diff: 0.1, Sum: 4.2]
      [Code Root Scanning (ms): Min: 0.8, Avg: 0.8, Max: 0.9, Diff: 0.0, Sum: 1.7]
      [Object Copy (ms): Min: 75.3, Avg: 75.4, Max: 75.4, Diff: 0.1, Sum: 150.7]
      [Termination (ms): Min: 0.0, Avg: 0.0, Max: 0.0, Diff: 0.0, Sum: 0.0]
      [GC Worker Other (ms): Min: 0.0, Avg: 0.1, Max: 0.1, Diff: 0.0, Sum: 0.1]
      [GC Worker Total (ms): Min: 91.6, Avg: 91.6, Max: 91.6, Diff: 0.0, Sum: 183.3]
      [GC Worker End (ms): Min: 5474683.3, Avg: 5474683.3, Max: 5474683.3, Diff: 0.0]
   [Code Root Fixup: 0.2 ms]
   [Code Root Migration: 0.3 ms]
   [Clear CT: 0.8 ms]
   [Other: 2.0 ms]
      [Choose CSet: 0.0 ms]
      [Ref Proc: 0.2 ms]
      [Ref Enq: 0.0 ms]
      [Free CSet: 1.6 ms]
   [Eden: 3344.0M(3344.0M)->0.0B(3344.0M) Survivors: 34.0M->34.0M Heap: 4760.9M(5632.0M)->1416.9M(5632.0M)]
 [Times: user=0.19 sys=0.00, real=0.10 secs] 
2014-06-25T01:42:12.238+0000: 5474.687: Total time for which application threads were stopped: 0.0955747 seconds
2014-06-25T01:42:14.530+0000: 5476.979: Total time for which application threads were stopped: 0.0003583 seconds
2014-06-25T01:42:17.427+0000: 5479.876: Total time for which application threads were stopped: 0.0003751 seconds
2014-06-25T01:42:18.850+0000: 5481.299: [GC pause (G1 Evacuation Pause) (young)
Desired survivor size 222298112 bytes, new threshold 15 (max 15)
- age   1:      85728 bytes,      85728 total
- age   2:      82456 bytes,     168184 total
- age   3:    2414400 bytes,    2582584 total
- age   4:    4742992 bytes,    7325576 total
- age   5:    3524792 bytes,   10850368 total
- age   6:    6154400 bytes,   17004768 total
- age   7:    7167896 bytes,   24172664 total
- age   8:    7295248 bytes,   31467912 total
- age   9:     782784 bytes,   32250696 total
- age  10:      13376 bytes,   32264072 total
- age  11:       7128 bytes,   32271200 total
- age  12:       4776 bytes,   32275976 total
- age  14:       5160 bytes,   32281136 total
- age  15:       7344 bytes,   32288480 total
, 0.0951149 secs]
   [Parallel Time: 91.8 ms, GC Workers: 2]
      [GC Worker Start (ms): Min: 5481299.3, Avg: 5481299.3, Max: 5481299.3, Diff: 0.0]
      [Ext Root Scanning (ms): Min: 1.2, Avg: 1.3, Max: 1.4, Diff: 0.2, Sum: 2.6]
      [Update RS (ms): Min: 12.0, Avg: 12.0, Max: 12.0, Diff: 0.0, Sum: 24.0]
         [Processed Buffers: Min: 10, Avg: 23.0, Max: 36, Diff: 26, Sum: 46]
      [Scan RS (ms): Min: 2.1, Avg: 2.1, Max: 2.1, Diff: 0.0, Sum: 4.2]
      [Code Root Scanning (ms): Min: 0.8, Avg: 0.8, Max: 0.9, Diff: 0.0, Sum: 1.7]
      [Object Copy (ms): Min: 75.2, Avg: 75.4, Max: 75.5, Diff: 0.3, Sum: 150.8]
      [Termination (ms): Min: 0.0, Avg: 0.0, Max: 0.0, Diff: 0.0, Sum: 0.0]
      [GC Worker Other (ms): Min: 0.0, Avg: 0.1, Max: 0.1, Diff: 0.0, Sum: 0.1]
      [GC Worker Total (ms): Min: 91.7, Avg: 91.7, Max: 91.7, Diff: 0.0, Sum: 183.4]
      [GC Worker End (ms): Min: 5481391.0, Avg: 5481391.0, Max: 5481391.0, Diff: 0.0]
   [Code Root Fixup: 0.2 ms]
   [Code Root Migration: 0.3 ms]
   [Clear CT: 0.8 ms]
   [Other: 2.0 ms]
      [Choose CSet: 0.0 ms]
      [Ref Proc: 0.2 ms]
      [Ref Enq: 0.0 ms]
      [Free CSet: 1.6 ms]
   [Eden: 3344.0M(3344.0M)->0.0B(3344.0M) Survivors: 34.0M->34.0M Heap: 4760.9M(5632.0M)->1417.9M(5632.0M)]
 [Times: user=0.19 sys=0.00, real=0.09 secs] 
2014-06-25T01:42:18.945+0000: 5481.395: Total time for which application threads were stopped: 0.0957190 seconds
2014-06-25T01:42:20.513+0000: 5482.962: Total time for which application threads were stopped: 0.0004089 seconds
2014-06-25T01:42:20.536+0000: 5482.985: Total time for which application threads were stopped: 0.0042751 seconds
2014-06-25T01:42:21.540+0000: 5483.989: Total time for which application threads were stopped: 0.0003802 seconds
2014-06-25T01:42:23.085+0000: 5485.534: Total time for which application threads were stopped: 0.0003960 seconds
2014-06-25T01:42:23.132+0000: 5485.581: Total time for which application threads were stopped: 0.0051142 seconds
2014-06-25T01:42:23.132+0000: 5485.581: Total time for which application threads were stopped: 0.0002839 seconds
2014-06-25T01:42:23.133+0000: 5485.582: Total time for which application threads were stopped: 0.0002893 seconds
2014-06-25T01:42:23.133+0000: 5485.582: Total time for which application threads were stopped: 0.0002793 seconds
2014-06-25T01:42:24.134+0000: 5486.583: Total time for which application threads were stopped: 0.0003696 seconds
2014-06-25T01:42:26.175+0000: 5488.625: [GC pause (G1 Evacuation Pause) (young)
Desired survivor size 222298112 bytes, new threshold 15 (max 15)
- age   1:     116640 bytes,     116640 total
- age   2:      41344 bytes,     157984 total
- age   3:      81968 bytes,     239952 total
- age   4:    2414400 bytes,    2654352 total
- age   5:    4742992 bytes,    7397344 total
- age   6:    3524792 bytes,   10922136 total
- age   7:    6154400 bytes,   17076536 total
- age   8:    7167896 bytes,   24244432 total
- age   9:    7295152 bytes,   31539584 total
- age  10:     781864 bytes,   32321448 total
- age  11:      13376 bytes,   32334824 total
- age  12:       7128 bytes,   32341952 total
- age  13:       4776 bytes,   32346728 total
- age  15:       5160 bytes,   32351888 total
, 0.1013592 secs]
   [Parallel Time: 96.6 ms, GC Workers: 2]
      [GC Worker Start (ms): Min: 5488624.7, Avg: 5488624.7, Max: 5488624.7, Diff: 0.0]
      [Ext Root Scanning (ms): Min: 1.1, Avg: 1.3, Max: 1.4, Diff: 0.3, Sum: 2.5]
      [Update RS (ms): Min: 13.4, Avg: 13.6, Max: 13.7, Diff: 0.3, Sum: 27.1]
         [Processed Buffers: Min: 10, Avg: 24.0, Max: 38, Diff: 28, Sum: 48]
      [Scan RS (ms): Min: 2.1, Avg: 2.1, Max: 2.2, Diff: 0.1, Sum: 4.3]
      [Code Root Scanning (ms): Min: 0.8, Avg: 0.9, Max: 0.9, Diff: 0.1, Sum: 1.7]
      [Object Copy (ms): Min: 78.5, Avg: 78.6, Max: 78.7, Diff: 0.2, Sum: 157.1]
      [Termination (ms): Min: 0.0, Avg: 0.0, Max: 0.0, Diff: 0.0, Sum: 0.0]
      [GC Worker Other (ms): Min: 0.0, Avg: 0.1, Max: 0.1, Diff: 0.0, Sum: 0.1]
      [GC Worker Total (ms): Min: 96.4, Avg: 96.5, Max: 96.5, Diff: 0.0, Sum: 192.9]
      [GC Worker End (ms): Min: 5488721.1, Avg: 5488721.1, Max: 5488721.2, Diff: 0.0]
   [Code Root Fixup: 0.2 ms]
   [Code Root Migration: 0.3 ms]
   [Clear CT: 0.8 ms]
   [Other: 3.5 ms]
      [Choose CSet: 0.0 ms]
      [Ref Proc: 1.6 ms]
      [Ref Enq: 0.0 ms]
      [Free CSet: 1.7 ms]
   [Eden: 3344.0M(3344.0M)->0.0B(3344.0M) Survivors: 34.0M->34.0M Heap: 4761.9M(5632.0M)->1417.9M(5632.0M)]
 [Times: user=0.19 sys=0.01, real=0.10 secs] 
2014-06-25T01:42:26.277+0000: 5488.726: Total time for which application threads were stopped: 0.1019513 seconds
2014-06-25T01:42:32.775+0000: 5495.224: [GC pause (G1 Evacuation Pause) (young)
Desired survivor size 222298112 bytes, new threshold 15 (max 15)
- age   1:    1966584 bytes,    1966584 total
- age   2:      17408 bytes,    1983992 total
- age   3:      12560 bytes,    1996552 total
- age   4:      38512 bytes,    2035064 total
- age   5:    1613616 bytes,    3648680 total
- age   6:    4741096 bytes,    8389776 total
- age   7:    3523528 bytes,   11913304 total
- age   8:    6152008 bytes,   18065312 total
- age   9:    7167896 bytes,   25233208 total
- age  10:    7295016 bytes,   32528224 total
- age  11:     781832 bytes,   33310056 total
- age  12:      13240 bytes,   33323296 total
- age  13:       7128 bytes,   33330424 total
- age  14:       4776 bytes,   33335200 total
, 0.1003206 secs]
   [Parallel Time: 95.5 ms, GC Workers: 2]
      [GC Worker Start (ms): Min: 5495224.4, Avg: 5495224.4, Max: 5495224.4, Diff: 0.0]
      [Ext Root Scanning (ms): Min: 1.1, Avg: 1.2, Max: 1.4, Diff: 0.3, Sum: 2.5]
      [Update RS (ms): Min: 13.2, Avg: 13.3, Max: 13.3, Diff: 0.1, Sum: 26.5]
         [Processed Buffers: Min: 18, Avg: 21.5, Max: 25, Diff: 7, Sum: 43]
      [Scan RS (ms): Min: 2.1, Avg: 2.1, Max: 2.2, Diff: 0.0, Sum: 4.3]
      [Code Root Scanning (ms): Min: 0.8, Avg: 0.9, Max: 0.9, Diff: 0.0, Sum: 1.7]
      [Object Copy (ms): Min: 77.8, Avg: 77.9, Max: 78.0, Diff: 0.3, Sum: 155.8]
      [Termination (ms): Min: 0.0, Avg: 0.0, Max: 0.0, Diff: 0.0, Sum: 0.0]
      [GC Worker Other (ms): Min: 0.0, Avg: 0.1, Max: 0.1, Diff: 0.0, Sum: 0.1]
      [GC Worker Total (ms): Min: 95.5, Avg: 95.5, Max: 95.5, Diff: 0.0, Sum: 190.9]
      [GC Worker End (ms): Min: 5495319.9, Avg: 5495319.9, Max: 5495319.9, Diff: 0.0]
   [Code Root Fixup: 0.2 ms]
   [Code Root Migration: 0.3 ms]
   [Clear CT: 0.8 ms]
   [Other: 3.5 ms]
      [Choose CSet: 0.0 ms]
      [Ref Proc: 1.6 ms]
      [Ref Enq: 0.0 ms]
      [Free CSet: 1.7 ms]
   [Eden: 3344.0M(3344.0M)->0.0B(3342.0M) Survivors: 34.0M->36.0M Heap: 4761.9M(5632.0M)->1418.9M(5632.0M)]
 [Times: user=0.20 sys=0.00, real=0.11 secs] 
2014-06-25T01:42:32.876+0000: 5495.325: Total time for which application threads were stopped: 0.1008903 seconds
2014-06-25T01:42:38.877+0000: 5501.326: Total time for which application threads were stopped: 0.0003540 seconds
2014-06-25T01:42:39.354+0000: 5501.803: [GC pause (G1 Evacuation Pause) (young)
Desired survivor size 222298112 bytes, new threshold 15 (max 15)
- age   1:      25728 bytes,      25728 total
- age   2:    1953760 bytes,    1979488 total
- age   3:      17216 bytes,    1996704 total
- age   4:      12536 bytes,    2009240 total
- age   5:      38360 bytes,    2047600 total
- age   6:    1613616 bytes,    3661216 total
- age   7:    4741096 bytes,    8402312 total
- age   8:    3523528 bytes,   11925840 total
- age   9:    6152008 bytes,   18077848 total
- age  10:    7167896 bytes,   25245744 total
- age  11:    7295016 bytes,   32540760 total
- age  12:     781832 bytes,   33322592 total
- age  13:      13240 bytes,   33335832 total
- age  14:       7128 bytes,   33342960 total
- age  15:       4776 bytes,   33347736 total
, 0.0986495 secs]
   [Parallel Time: 95.4 ms, GC Workers: 2]
      [GC Worker Start (ms): Min: 5501802.8, Avg: 5501802.8, Max: 5501802.8, Diff: 0.0]
      [Ext Root Scanning (ms): Min: 1.1, Avg: 1.3, Max: 1.4, Diff: 0.3, Sum: 2.5]
      [Update RS (ms): Min: 13.1, Avg: 13.1, Max: 13.2, Diff: 0.1, Sum: 26.2]
         [Processed Buffers: Min: 12, Avg: 19.5, Max: 27, Diff: 15, Sum: 39]
      [Scan RS (ms): Min: 2.1, Avg: 2.1, Max: 2.1, Diff: 0.1, Sum: 4.2]
      [Code Root Scanning (ms): Min: 0.8, Avg: 0.8, Max: 0.9, Diff: 0.0, Sum: 1.7]
      [Object Copy (ms): Min: 77.8, Avg: 77.9, Max: 78.1, Diff: 0.3, Sum: 155.8]
      [Termination (ms): Min: 0.0, Avg: 0.0, Max: 0.0, Diff: 0.0, Sum: 0.0]
      [GC Worker Other (ms): Min: 0.0, Avg: 0.1, Max: 0.1, Diff: 0.0, Sum: 0.1]
      [GC Worker Total (ms): Min: 95.3, Avg: 95.3, Max: 95.3, Diff: 0.0, Sum: 190.6]
      [GC Worker End (ms): Min: 5501898.1, Avg: 5501898.1, Max: 5501898.1, Diff: 0.0]
   [Code Root Fixup: 0.2 ms]
   [Code Root Migration: 0.3 ms]
   [Clear CT: 0.8 ms]
   [Other: 2.0 ms]
      [Choose CSet: 0.0 ms]
      [Ref Proc: 0.1 ms]
      [Ref Enq: 0.0 ms]
      [Free CSet: 1.6 ms]
   [Eden: 3342.0M(3342.0M)->0.0B(3344.0M) Survivors: 36.0M->34.0M Heap: 4760.9M(5632.0M)->1416.9M(5632.0M)]
 [Times: user=0.19 sys=0.00, real=0.10 secs] 
2014-06-25T01:42:39.452+0000: 5501.902: Total time for which application threads were stopped: 0.0992235 seconds
2014-06-25T01:42:45.922+0000: 5508.371: [GC pause (G1 Evacuation Pause) (young)
Desired survivor size 222298112 bytes, new threshold 15 (max 15)
- age   1:      18656 bytes,      18656 total
- age   2:       6416 bytes,      25072 total
- age   3:    1953640 bytes,    1978712 total
- age   4:      17192 bytes,    1995904 total
- age   5:      12536 bytes,    2008440 total
- age   6:      38360 bytes,    2046800 total
- age   7:    1613616 bytes,    3660416 total
- age   8:    4741096 bytes,    8401512 total
- age   9:    3523528 bytes,   11925040 total
- age  10:    6152008 bytes,   18077048 total
- age  11:    7167896 bytes,   25244944 total
- age  12:    7294880 bytes,   32539824 total
- age  13:     781832 bytes,   33321656 total
- age  14:      13240 bytes,   33334896 total
- age  15:       7128 bytes,   33342024 total
, 0.0987225 secs]
   [Parallel Time: 95.4 ms, GC Workers: 2]
      [GC Worker Start (ms): Min: 5508370.9, Avg: 5508370.9, Max: 5508370.9, Diff: 0.0]
      [Ext Root Scanning (ms): Min: 1.1, Avg: 1.3, Max: 1.4, Diff: 0.3, Sum: 2.5]
      [Update RS (ms): Min: 13.1, Avg: 13.1, Max: 13.2, Diff: 0.1, Sum: 26.2]
         [Processed Buffers: Min: 10, Avg: 20.5, Max: 31, Diff: 21, Sum: 41]
      [Scan RS (ms): Min: 2.1, Avg: 2.1, Max: 2.1, Diff: 0.1, Sum: 4.2]
      [Code Root Scanning (ms): Min: 0.8, Avg: 0.8, Max: 0.9, Diff: 0.0, Sum: 1.7]
      [Object Copy (ms): Min: 77.9, Avg: 78.0, Max: 78.0, Diff: 0.1, Sum: 155.9]
      [Termination (ms): Min: 0.0, Avg: 0.0, Max: 0.0, Diff: 0.0, Sum: 0.0]
      [GC Worker Other (ms): Min: 0.0, Avg: 0.1, Max: 0.1, Diff: 0.0, Sum: 0.1]
      [GC Worker Total (ms): Min: 95.3, Avg: 95.3, Max: 95.4, Diff: 0.0, Sum: 190.7]
      [GC Worker End (ms): Min: 5508466.2, Avg: 5508466.3, Max: 5508466.3, Diff: 0.0]
   [Code Root Fixup: 0.2 ms]
   [Code Root Migration: 0.3 ms]
   [Clear CT: 0.8 ms]
   [Other: 2.0 ms]
      [Choose CSet: 0.0 ms]
      [Ref Proc: 0.1 ms]
      [Ref Enq: 0.0 ms]
      [Free CSet: 1.7 ms]
   [Eden: 3344.0M(3344.0M)->0.0B(3344.0M) Survivors: 34.0M->34.0M Heap: 4760.9M(5632.0M)->1416.9M(5632.0M)]
 [Times: user=0.20 sys=0.00, real=0.10 secs] 
2014-06-25T01:42:46.021+0000: 5508.470: Total time for which application threads were stopped: 0.0992843 seconds
2014-06-25T01:42:52.521+0000: 5514.971: [GC pause (G1 Evacuation Pause) (young)
Desired survivor size 222298112 bytes, new threshold 15 (max 15)
- age   1:      15256 bytes,      15256 total
- age   2:       6808 bytes,      22064 total
- age   3:       6328 bytes,      28392 total
- age   4:    1953536 bytes,    1981928 total
- age   5:      17192 bytes,    1999120 total
- age   6:      12536 bytes,    2011656 total
- age   7:      38360 bytes,    2050016 total
- age   8:    1613616 bytes,    3663632 total
- age   9:    4741096 bytes,    8404728 total
- age  10:    3523528 bytes,   11928256 total
- age  11:    6152008 bytes,   18080264 total
- age  12:    7167896 bytes,   25248160 total
- age  13:    7294880 bytes,   32543040 total
- age  14:     781832 bytes,   33324872 total
- age  15:      13240 bytes,   33338112 total
, 0.0986364 secs]
   [Parallel Time: 95.4 ms, GC Workers: 2]
      [GC Worker Start (ms): Min: 5514970.7, Avg: 5514970.7, Max: 5514970.8, Diff: 0.0]
      [Ext Root Scanning (ms): Min: 1.1, Avg: 1.2, Max: 1.4, Diff: 0.3, Sum: 2.5]
      [Update RS (ms): Min: 13.2, Avg: 13.2, Max: 13.3, Diff: 0.1, Sum: 26.5]
         [Processed Buffers: Min: 10, Avg: 20.0, Max: 30, Diff: 20, Sum: 40]
      [Scan RS (ms): Min: 2.1, Avg: 2.1, Max: 2.2, Diff: 0.1, Sum: 4.2]
      [Code Root Scanning (ms): Min: 0.8, Avg: 0.8, Max: 0.9, Diff: 0.0, Sum: 1.7]
      [Object Copy (ms): Min: 77.6, Avg: 77.8, Max: 77.9, Diff: 0.3, Sum: 155.6]
      [Termination (ms): Min: 0.0, Avg: 0.0, Max: 0.0, Diff: 0.0, Sum: 0.0]
      [GC Worker Other (ms): Min: 0.0, Avg: 0.1, Max: 0.1, Diff: 0.0, Sum: 0.1]
      [GC Worker Total (ms): Min: 95.3, Avg: 95.3, Max: 95.3, Diff: 0.0, Sum: 190.6]
      [GC Worker End (ms): Min: 5515066.0, Avg: 5515066.0, Max: 5515066.0, Diff: 0.0]
   [Code Root Fixup: 0.2 ms]
   [Code Root Migration: 0.3 ms]
   [Clear CT: 0.8 ms]
   [Other: 1.9 ms]
      [Choose CSet: 0.0 ms]
      [Ref Proc: 0.1 ms]
      [Ref Enq: 0.0 ms]
      [Free CSet: 1.6 ms]
   [Eden: 3344.0M(3344.0M)->0.0B(3344.0M) Survivors: 34.0M->34.0M Heap: 4760.9M(5632.0M)->1417.0M(5632.0M)]
 [Times: user=0.19 sys=0.00, real=0.10 secs] 
2014-06-25T01:42:52.620+0000: 5515.070: Total time for which application threads were stopped: 0.0992546 seconds
2014-06-25T01:42:59.091+0000: 5521.540: [GC pause (G1 Evacuation Pause) (young)
Desired survivor size 222298112 bytes, new threshold 15 (max 15)
- age   1:      13256 bytes,      13256 total
- age   2:        384 bytes,      13640 total
- age   3:       6584 bytes,      20224 total
- age   4:       6272 bytes,      26496 total
- age   5:    1953536 bytes,    1980032 total
- age   6:      17192 bytes,    1997224 total
- age   7:      12536 bytes,    2009760 total
- age   8:      38360 bytes,    2048120 total
- age   9:    1613616 bytes,    3661736 total
- age  10:    4741096 bytes,    8402832 total
- age  11:    3523528 bytes,   11926360 total
- age  12:    6152008 bytes,   18078368 total
- age  13:    7167896 bytes,   25246264 total
- age  14:    7294880 bytes,   32541144 total
- age  15:     781832 bytes,   33322976 total
, 0.0986251 secs]
   [Parallel Time: 95.4 ms, GC Workers: 2]
      [GC Worker Start (ms): Min: 5521539.9, Avg: 5521539.9, Max: 5521539.9, Diff: 0.0]
      [Ext Root Scanning (ms): Min: 1.1, Avg: 1.3, Max: 1.4, Diff: 0.3, Sum: 2.5]
      [Update RS (ms): Min: 12.6, Avg: 13.1, Max: 13.5, Diff: 1.0, Sum: 26.1]
         [Processed Buffers: Min: 9, Avg: 19.5, Max: 30, Diff: 21, Sum: 39]
      [Scan RS (ms): Min: 1.8, Avg: 2.1, Max: 2.4, Diff: 0.6, Sum: 4.2]
      [Code Root Scanning (ms): Min: 0.7, Avg: 0.8, Max: 1.0, Diff: 0.3, Sum: 1.7]
      [Object Copy (ms): Min: 77.8, Avg: 77.9, Max: 78.1, Diff: 0.2, Sum: 155.9]
      [Termination (ms): Min: 0.0, Avg: 0.0, Max: 0.0, Diff: 0.0, Sum: 0.0]
      [GC Worker Other (ms): Min: 0.0, Avg: 0.1, Max: 0.1, Diff: 0.0, Sum: 0.1]
      [GC Worker Total (ms): Min: 95.3, Avg: 95.3, Max: 95.3, Diff: 0.0, Sum: 190.6]
      [GC Worker End (ms): Min: 5521635.2, Avg: 5521635.2, Max: 5521635.2, Diff: 0.0]
   [Code Root Fixup: 0.2 ms]
   [Code Root Migration: 0.3 ms]
   [Clear CT: 0.8 ms]
   [Other: 1.9 ms]
      [Choose CSet: 0.0 ms]
      [Ref Proc: 0.1 ms]
      [Ref Enq: 0.0 ms]
      [Free CSet: 1.6 ms]
   [Eden: 3344.0M(3344.0M)->0.0B(3346.0M) Survivors: 34.0M->32.0M Heap: 4761.0M(5632.0M)->1416.7M(5632.0M)]
 [Times: user=0.19 sys=0.00, real=0.10 secs] 
2014-06-25T01:42:59.189+0000: 5521.639: Total time for which application threads were stopped: 0.0991910 seconds
2014-06-25T01:43:05.865+0000: 5528.315: [GC pause (G1 Evacuation Pause) (young)
Desired survivor size 222298112 bytes, new threshold 15 (max 15)
- age   1:      21472 bytes,      21472 total
- age   2:        176 bytes,      21648 total
- age   3:        288 bytes,      21936 total
- age   4:       6560 bytes,      28496 total
- age   5:       6152 bytes,      34648 total
- age   6:    1953512 bytes,    1988160 total
- age   7:      17192 bytes,    2005352 total
- age   8:      12536 bytes,    2017888 total
- age   9:      38328 bytes,    2056216 total
- age  10:    1613616 bytes,    3669832 total
- age  11:    4741096 bytes,    8410928 total
- age  12:    3523528 bytes,   11934456 total
- age  13:    6152008 bytes,   18086464 total
- age  14:    7167896 bytes,   25254360 total
- age  15:    7294880 bytes,   32549240 total
, 0.0977894 secs]
   [Parallel Time: 94.5 ms, GC Workers: 2]
      [GC Worker Start (ms): Min: 5528314.7, Avg: 5528314.7, Max: 5528314.7, Diff: 0.0]
      [Ext Root Scanning (ms): Min: 1.1, Avg: 1.3, Max: 1.4, Diff: 0.3, Sum: 2.5]
      [Update RS (ms): Min: 14.1, Avg: 14.3, Max: 14.5, Diff: 0.4, Sum: 28.6]
         [Processed Buffers: Min: 13, Avg: 23.5, Max: 34, Diff: 21, Sum: 47]
      [Scan RS (ms): Min: 2.1, Avg: 2.1, Max: 2.2, Diff: 0.2, Sum: 4.3]
      [Code Root Scanning (ms): Min: 0.8, Avg: 0.8, Max: 0.9, Diff: 0.1, Sum: 1.7]
      [Object Copy (ms): Min: 75.8, Avg: 75.9, Max: 76.0, Diff: 0.2, Sum: 151.8]
      [Termination (ms): Min: 0.0, Avg: 0.0, Max: 0.0, Diff: 0.0, Sum: 0.0]
      [GC Worker Other (ms): Min: 0.0, Avg: 0.0, Max: 0.0, Diff: 0.0, Sum: 0.1]
      [GC Worker Total (ms): Min: 94.4, Avg: 94.4, Max: 94.4, Diff: 0.0, Sum: 188.9]
      [GC Worker End (ms): Min: 5528409.2, Avg: 5528409.2, Max: 5528409.2, Diff: 0.0]
   [Code Root Fixup: 0.2 ms]
   [Code Root Migration: 0.2 ms]
   [Clear CT: 0.8 ms]
   [Other: 2.0 ms]
      [Choose CSet: 0.0 ms]
      [Ref Proc: 0.1 ms]
      [Ref Enq: 0.0 ms]
      [Free CSet: 1.7 ms]
   [Eden: 3346.0M(3346.0M)->0.0B(3352.0M) Survivors: 32.0M->26.0M Heap: 4762.7M(5632.0M)->1417.2M(5632.0M)]
 [Times: user=0.19 sys=0.00, real=0.10 secs] 
2014-06-25T01:43:05.964+0000: 5528.413: Total time for which application threads were stopped: 0.0983784 seconds
2014-06-25T01:43:12.461+0000: 5534.910: [GC pause (G1 Evacuation Pause) (young)
Desired survivor size 222298112 bytes, new threshold 15 (max 15)
- age   1:      18896 bytes,      18896 total
- age   2:       7104 bytes,      26000 total
- age   3:         56 bytes,      26056 total
- age   4:        240 bytes,      26296 total
- age   5:       6560 bytes,      32856 total
- age   6:       6152 bytes,      39008 total
- age   7:    1953488 bytes,    1992496 total
- age   8:      17192 bytes,    2009688 total
- age   9:      12536 bytes,    2022224 total
- age  10:      38328 bytes,    2060552 total
- age  11:    1613616 bytes,    3674168 total
- age  12:    4741096 bytes,    8415264 total
- age  13:    3523528 bytes,   11938792 total
- age  14:    6152008 bytes,   18090800 total
- age  15:    7167896 bytes,   25258696 total
, 0.0885443 secs]
   [Parallel Time: 85.3 ms, GC Workers: 2]
      [GC Worker Start (ms): Min: 5534909.9, Avg: 5534909.9, Max: 5534909.9, Diff: 0.0]
      [Ext Root Scanning (ms): Min: 1.1, Avg: 1.2, Max: 1.4, Diff: 0.3, Sum: 2.5]
      [Update RS (ms): Min: 21.3, Avg: 21.4, Max: 21.6, Diff: 0.4, Sum: 42.9]
         [Processed Buffers: Min: 32, Avg: 44.0, Max: 56, Diff: 24, Sum: 88]
      [Scan RS (ms): Min: 2.0, Avg: 2.2, Max: 2.3, Diff: 0.3, Sum: 4.4]
      [Code Root Scanning (ms): Min: 0.8, Avg: 0.8, Max: 0.9, Diff: 0.2, Sum: 1.7]
      [Object Copy (ms): Min: 59.4, Avg: 59.5, Max: 59.6, Diff: 0.2, Sum: 119.0]
      [Termination (ms): Min: 0.0, Avg: 0.0, Max: 0.0, Diff: 0.0, Sum: 0.0]
      [GC Worker Other (ms): Min: 0.0, Avg: 0.0, Max: 0.0, Diff: 0.0, Sum: 0.1]
      [GC Worker Total (ms): Min: 85.2, Avg: 85.2, Max: 85.3, Diff: 0.0, Sum: 170.5]
      [GC Worker End (ms): Min: 5534995.2, Avg: 5534995.2, Max: 5534995.2, Diff: 0.0]
   [Code Root Fixup: 0.2 ms]
   [Code Root Migration: 0.2 ms]
   [Clear CT: 0.9 ms]
   [Other: 2.0 ms]
      [Choose CSet: 0.0 ms]
      [Ref Proc: 0.1 ms]
      [Ref Enq: 0.0 ms]
      [Free CSet: 1.6 ms]
   [Eden: 3352.0M(3352.0M)->0.0B(3360.0M) Survivors: 26.0M->18.0M Heap: 4769.2M(5632.0M)->1418.3M(5632.0M)]
 [Times: user=0.18 sys=0.00, real=0.09 secs] 
2014-06-25T01:43:12.549+0000: 5534.999: Total time for which application threads were stopped: 0.0891086 seconds
2014-06-25T01:43:19.047+0000: 5541.496: [GC pause (G1 Evacuation Pause) (young)
Desired survivor size 222298112 bytes, new threshold 15 (max 15)
- age   1:      17736 bytes,      17736 total
- age   2:       4592 bytes,      22328 total
- age   3:       6880 bytes,      29208 total
- age   5:        240 bytes,      29448 total
- age   6:       6560 bytes,      36008 total
- age   7:       6152 bytes,      42160 total
- age   8:    1953488 bytes,    1995648 total
- age   9:      17192 bytes,    2012840 total
- age  10:      12536 bytes,    2025376 total
- age  11:      38328 bytes,    2063704 total
- age  12:    1613616 bytes,    3677320 total
- age  13:    4741096 bytes,    8418416 total
- age  14:    3523528 bytes,   11941944 total
- age  15:    6152008 bytes,   18093952 total
, 0.0697710 secs]
   [Parallel Time: 66.6 ms, GC Workers: 2]
      [GC Worker Start (ms): Min: 5541496.5, Avg: 5541496.6, Max: 5541496.6, Diff: 0.0]
      [Ext Root Scanning (ms): Min: 1.1, Avg: 1.3, Max: 1.4, Diff: 0.3, Sum: 2.5]
      [Update RS (ms): Min: 20.0, Avg: 20.1, Max: 20.2, Diff: 0.2, Sum: 40.2]
         [Processed Buffers: Min: 31, Avg: 43.0, Max: 55, Diff: 24, Sum: 86]
      [Scan RS (ms): Min: 2.1, Avg: 2.1, Max: 2.1, Diff: 0.0, Sum: 4.2]
      [Code Root Scanning (ms): Min: 0.8, Avg: 0.8, Max: 0.9, Diff: 0.0, Sum: 1.7]
      [Object Copy (ms): Min: 42.1, Avg: 42.2, Max: 42.3, Diff: 0.2, Sum: 84.3]
      [Termination (ms): Min: 0.0, Avg: 0.0, Max: 0.0, Diff: 0.0, Sum: 0.0]
      [GC Worker Other (ms): Min: 0.0, Avg: 0.0, Max: 0.1, Diff: 0.0, Sum: 0.1]
      [GC Worker Total (ms): Min: 66.5, Avg: 66.5, Max: 66.5, Diff: 0.0, Sum: 133.1]
      [GC Worker End (ms): Min: 5541563.1, Avg: 5541563.1, Max: 5541563.1, Diff: 0.0]
   [Code Root Fixup: 0.2 ms]
   [Code Root Migration: 0.2 ms]
   [Clear CT: 0.8 ms]
   [Other: 2.0 ms]
      [Choose CSet: 0.0 ms]
      [Ref Proc: 0.1 ms]
      [Ref Enq: 0.0 ms]
      [Free CSet: 1.6 ms]
   [Eden: 3360.0M(3360.0M)->0.0B(3364.0M) Survivors: 18.0M->14.0M Heap: 4778.3M(5632.0M)->1420.3M(5632.0M)]
 [Times: user=0.14 sys=0.00, real=0.07 secs] 
2014-06-25T01:43:19.117+0000: 5541.566: Total time for which application threads were stopped: 0.0703975 seconds
2014-06-25T01:43:23.233+0000: 5545.683: Total time for which application threads were stopped: 0.0003652 seconds
2014-06-25T01:43:25.766+0000: 5548.215: [GC pause (G1 Evacuation Pause) (young)
Desired survivor size 222298112 bytes, new threshold 15 (max 15)
- age   1:      16680 bytes,      16680 total
- age   2:       2584 bytes,      19264 total
- age   3:       4496 bytes,      23760 total
- age   4:       6856 bytes,      30616 total
- age   6:        240 bytes,      30856 total
- age   7:       6536 bytes,      37392 total
- age   8:       6152 bytes,      43544 total
- age   9:    1953488 bytes,    1997032 total
- age  10:      17192 bytes,    2014224 total
- age  11:      12536 bytes,    2026760 total
- age  12:      38328 bytes,    2065088 total
- age  13:    1613616 bytes,    3678704 total
- age  14:    4741096 bytes,    8419800 total
- age  15:    3523528 bytes,   11943328 total
, 0.0501284 secs]
   [Parallel Time: 47.0 ms, GC Workers: 2]
      [GC Worker Start (ms): Min: 5548214.8, Avg: 5548214.8, Max: 5548214.8, Diff: 0.0]
      [Ext Root Scanning (ms): Min: 1.1, Avg: 1.2, Max: 1.4, Diff: 0.3, Sum: 2.5]
      [Update RS (ms): Min: 14.4, Avg: 14.5, Max: 14.6, Diff: 0.2, Sum: 28.9]
         [Processed Buffers: Min: 23, Avg: 37.5, Max: 52, Diff: 29, Sum: 75]
      [Scan RS (ms): Min: 3.1, Avg: 3.1, Max: 3.2, Diff: 0.1, Sum: 6.3]
      [Code Root Scanning (ms): Min: 0.8, Avg: 0.8, Max: 0.8, Diff: 0.0, Sum: 1.7]
      [Object Copy (ms): Min: 27.0, Avg: 27.2, Max: 27.3, Diff: 0.3, Sum: 54.3]
      [Termination (ms): Min: 0.0, Avg: 0.0, Max: 0.0, Diff: 0.0, Sum: 0.0]
      [GC Worker Other (ms): Min: 0.0, Avg: 0.1, Max: 0.1, Diff: 0.0, Sum: 0.1]
      [GC Worker Total (ms): Min: 46.9, Avg: 46.9, Max: 46.9, Diff: 0.0, Sum: 93.8]
      [GC Worker End (ms): Min: 5548261.7, Avg: 5548261.7, Max: 5548261.7, Diff: 0.0]
   [Code Root Fixup: 0.2 ms]
   [Code Root Migration: 0.2 ms]
   [Clear CT: 0.8 ms]
   [Other: 1.9 ms]
      [Choose CSet: 0.0 ms]
      [Ref Proc: 0.1 ms]
      [Ref Enq: 0.0 ms]
      [Free CSet: 1.6 ms]
   [Eden: 3364.0M(3364.0M)->0.0B(3368.0M) Survivors: 14.0M->10.0M Heap: 4784.3M(5632.0M)->1420.3M(5632.0M)]
 [Times: user=0.10 sys=0.00, real=0.05 secs] 
2014-06-25T01:43:25.816+0000: 5548.265: Total time for which application threads were stopped: 0.0506794 seconds
2014-06-25T01:43:32.332+0000: 5554.781: [GC pause (G1 Evacuation Pause) (young)
Desired survivor size 222298112 bytes, new threshold 15 (max 15)
- age   1:      18856 bytes,      18856 total
- age   2:       4480 bytes,      23336 total
- age   3:       2432 bytes,      25768 total
- age   4:       4448 bytes,      30216 total
- age   5:       6856 bytes,      37072 total
- age   7:        216 bytes,      37288 total
- age   8:       6536 bytes,      43824 total
- age   9:       6152 bytes,      49976 total
- age  10:    1953392 bytes,    2003368 total
- age  11:      17192 bytes,    2020560 total
- age  12:      12536 bytes,    2033096 total
- age  13:      38328 bytes,    2071424 total
- age  14:    1613616 bytes,    3685040 total
- age  15:    4741096 bytes,    8426136 total
, 0.0404833 secs]
   [Parallel Time: 37.4 ms, GC Workers: 2]
      [GC Worker Start (ms): Min: 5554781.4, Avg: 5554781.4, Max: 5554781.4, Diff: 0.0]
      [Ext Root Scanning (ms): Min: 1.1, Avg: 1.3, Max: 1.4, Diff: 0.3, Sum: 2.5]
      [Update RS (ms): Min: 14.1, Avg: 14.2, Max: 14.2, Diff: 0.1, Sum: 28.3]
         [Processed Buffers: Min: 20, Avg: 31.0, Max: 42, Diff: 22, Sum: 62]
      [Scan RS (ms): Min: 2.1, Avg: 2.1, Max: 2.2, Diff: 0.1, Sum: 4.3]
      [Code Root Scanning (ms): Min: 0.8, Avg: 0.8, Max: 0.9, Diff: 0.1, Sum: 1.6]
      [Object Copy (ms): Min: 18.8, Avg: 18.9, Max: 19.0, Diff: 0.2, Sum: 37.8]
      [Termination (ms): Min: 0.0, Avg: 0.0, Max: 0.0, Diff: 0.0, Sum: 0.0]
      [GC Worker Other (ms): Min: 0.0, Avg: 0.0, Max: 0.1, Diff: 0.0, Sum: 0.1]
      [GC Worker Total (ms): Min: 37.3, Avg: 37.3, Max: 37.3, Diff: 0.0, Sum: 74.6]
      [GC Worker End (ms): Min: 5554818.7, Avg: 5554818.7, Max: 5554818.7, Diff: 0.0]
   [Code Root Fixup: 0.2 ms]
   [Code Root Migration: 0.2 ms]
   [Clear CT: 0.8 ms]
   [Other: 1.9 ms]
      [Choose CSet: 0.0 ms]
      [Ref Proc: 0.1 ms]
      [Ref Enq: 0.0 ms]
      [Free CSet: 1.7 ms]
   [Eden: 3368.0M(3368.0M)->0.0B(3372.0M) Survivors: 10.0M->6144.0K Heap: 4788.3M(5632.0M)->1422.3M(5632.0M)]
 [Times: user=0.08 sys=0.00, real=0.04 secs] 
2014-06-25T01:43:32.373+0000: 5554.822: Total time for which application threads were stopped: 0.0410502 seconds
2014-06-25T01:43:38.907+0000: 5561.356: [GC pause (G1 Evacuation Pause) (young)
Desired survivor size 222298112 bytes, new threshold 15 (max 15)
- age   1:      19264 bytes,      19264 total
- age   2:       4944 bytes,      24208 total
- age   3:       4256 bytes,      28464 total
- age   4:       2408 bytes,      30872 total
- age   5:       4448 bytes,      35320 total
- age   6:       6736 bytes,      42056 total
- age   8:        216 bytes,      42272 total
- age   9:       6536 bytes,      48808 total
- age  10:       6120 bytes,      54928 total
- age  11:    1953392 bytes,    2008320 total
- age  12:      17192 bytes,    2025512 total
- age  13:      12536 bytes,    2038048 total
- age  14:      38328 bytes,    2076376 total
- age  15:    1613616 bytes,    3689992 total
, 0.0293752 secs]
   [Parallel Time: 26.6 ms, GC Workers: 2]
      [GC Worker Start (ms): Min: 5561355.9, Avg: 5561355.9, Max: 5561355.9, Diff: 0.0]
      [Ext Root Scanning (ms): Min: 1.1, Avg: 1.2, Max: 1.4, Diff: 0.3, Sum: 2.5]
      [Update RS (ms): Min: 15.0, Avg: 15.0, Max: 15.0, Diff: 0.0, Sum: 29.9]
         [Processed Buffers: Min: 22, Avg: 33.0, Max: 44, Diff: 22, Sum: 66]
      [Scan RS (ms): Min: 2.1, Avg: 2.1, Max: 2.2, Diff: 0.1, Sum: 4.2]
      [Code Root Scanning (ms): Min: 0.8, Avg: 0.8, Max: 0.8, Diff: 0.0, Sum: 1.6]
      [Object Copy (ms): Min: 7.2, Avg: 7.3, Max: 7.4, Diff: 0.2, Sum: 14.7]
      [Termination (ms): Min: 0.0, Avg: 0.0, Max: 0.0, Diff: 0.0, Sum: 0.0]
      [GC Worker Other (ms): Min: 0.0, Avg: 0.0, Max: 0.1, Diff: 0.0, Sum: 0.1]
      [GC Worker Total (ms): Min: 26.5, Avg: 26.5, Max: 26.6, Diff: 0.0, Sum: 53.1]
      [GC Worker End (ms): Min: 5561382.5, Avg: 5561382.5, Max: 5561382.5, Diff: 0.0]
   [Code Root Fixup: 0.2 ms]
   [Code Root Migration: 0.1 ms]
   [Clear CT: 0.7 ms]
   [Other: 1.7 ms]
      [Choose CSet: 0.0 ms]
      [Ref Proc: 0.1 ms]
      [Ref Enq: 0.0 ms]
      [Free CSet: 1.5 ms]
   [Eden: 3372.0M(3372.0M)->0.0B(3374.0M) Survivors: 6144.0K->4096.0K Heap: 4794.3M(5632.0M)->1421.8M(5632.0M)]
 [Times: user=0.05 sys=0.00, real=0.03 secs] 
2014-06-25T01:43:38.936+0000: 5561.385: Total time for which application threads were stopped: 0.0299448 seconds
2014-06-25T01:43:45.462+0000: 5567.911: [GC pause (G1 Evacuation Pause) (young)
Desired survivor size 222298112 bytes, new threshold 15 (max 15)
- age   1:      18496 bytes,      18496 total
- age   2:       6856 bytes,      25352 total
- age   3:       4848 bytes,      30200 total
- age   4:       4232 bytes,      34432 total
- age   5:       2408 bytes,      36840 total
- age   6:       4448 bytes,      41288 total
- age   7:       6712 bytes,      48000 total
- age   9:        216 bytes,      48216 total
- age  10:       6536 bytes,      54752 total
- age  11:       6120 bytes,      60872 total
- age  12:    1953392 bytes,    2014264 total
- age  13:      17192 bytes,    2031456 total
- age  14:      12536 bytes,    2043992 total
- age  15:      38328 bytes,    2082320 total
, 0.0159374 secs]
   [Parallel Time: 13.3 ms, GC Workers: 2]
      [GC Worker Start (ms): Min: 5567911.3, Avg: 5567911.3, Max: 5567911.3, Diff: 0.0]
      [Ext Root Scanning (ms): Min: 1.1, Avg: 1.3, Max: 1.4, Diff: 0.3, Sum: 2.5]
      [Update RS (ms): Min: 5.0, Avg: 5.2, Max: 5.4, Diff: 0.4, Sum: 10.4]
         [Processed Buffers: Min: 8, Avg: 19.5, Max: 31, Diff: 23, Sum: 39]
      [Scan RS (ms): Min: 2.1, Avg: 2.2, Max: 2.3, Diff: 0.2, Sum: 4.3]
      [Code Root Scanning (ms): Min: 0.8, Avg: 0.8, Max: 0.8, Diff: 0.1, Sum: 1.6]
      [Object Copy (ms): Min: 3.6, Avg: 3.7, Max: 3.8, Diff: 0.2, Sum: 7.4]
      [Termination (ms): Min: 0.0, Avg: 0.0, Max: 0.0, Diff: 0.0, Sum: 0.0]
      [GC Worker Other (ms): Min: 0.0, Avg: 0.0, Max: 0.1, Diff: 0.0, Sum: 0.1]
      [GC Worker Total (ms): Min: 13.2, Avg: 13.2, Max: 13.2, Diff: 0.0, Sum: 26.5]
      [GC Worker End (ms): Min: 5567924.5, Avg: 5567924.5, Max: 5567924.5, Diff: 0.0]
   [Code Root Fixup: 0.2 ms]
   [Code Root Migration: 0.1 ms]
   [Clear CT: 0.8 ms]
   [Other: 1.6 ms]
      [Choose CSet: 0.0 ms]
      [Ref Proc: 0.1 ms]
      [Ref Enq: 0.0 ms]
      [Free CSet: 1.4 ms]
   [Eden: 3374.0M(3374.0M)->0.0B(3374.0M) Survivors: 4096.0K->4096.0K Heap: 4795.8M(5632.0M)->1424.3M(5632.0M)]
 [Times: user=0.03 sys=0.00, real=0.01 secs] 
2014-06-25T01:43:45.478+0000: 5567.927: Total time for which application threads were stopped: 0.0164697 seconds
2014-06-25T01:43:47.892+0000: 5570.341: Total time for which application threads were stopped: 0.0009850 seconds
2014-06-25T01:43:48.510+0000: 5570.959: Total time for which application threads were stopped: 0.0005512 seconds
2014-06-25T01:43:49.519+0000: 5571.968: Total time for which application threads were stopped: 0.0003763 seconds
2014-06-25T01:43:52.041+0000: 5574.491: [GC pause (G1 Evacuation Pause) (young)
Desired survivor size 222298112 bytes, new threshold 15 (max 15)
- age   1:      17624 bytes,      17624 total
- age   2:       5096 bytes,      22720 total
- age   3:       6736 bytes,      29456 total
- age   4:       4768 bytes,      34224 total
- age   5:       4232 bytes,      38456 total
- age   6:       2408 bytes,      40864 total
- age   7:       4424 bytes,      45288 total
- age   8:       6712 bytes,      52000 total
- age  10:        216 bytes,      52216 total
- age  11:       6536 bytes,      58752 total
- age  12:       6120 bytes,      64872 total
- age  13:    1953256 bytes,    2018128 total
- age  14:      17192 bytes,    2035320 total
- age  15:      12536 bytes,    2047856 total
, 0.0133950 secs]
   [Parallel Time: 10.6 ms, GC Workers: 2]
      [GC Worker Start (ms): Min: 5574490.7, Avg: 5574490.7, Max: 5574490.7, Diff: 0.0]
      [Ext Root Scanning (ms): Min: 1.1, Avg: 1.3, Max: 1.4, Diff: 0.3, Sum: 2.5]
      [Update RS (ms): Min: 2.2, Avg: 2.3, Max: 2.4, Diff: 0.2, Sum: 4.6]
         [Processed Buffers: Min: 3, Avg: 15.0, Max: 27, Diff: 24, Sum: 30]
      [Scan RS (ms): Min: 2.1, Avg: 2.1, Max: 2.1, Diff: 0.0, Sum: 4.3]
      [Code Root Scanning (ms): Min: 0.8, Avg: 0.8, Max: 0.8, Diff: 0.0, Sum: 1.6]
      [Object Copy (ms): Min: 3.8, Avg: 3.9, Max: 4.0, Diff: 0.2, Sum: 7.8]
      [Termination (ms): Min: 0.0, Avg: 0.0, Max: 0.0, Diff: 0.0, Sum: 0.0]
      [GC Worker Other (ms): Min: 0.0, Avg: 0.1, Max: 0.1, Diff: 0.0, Sum: 0.1]
      [GC Worker Total (ms): Min: 10.5, Avg: 10.5, Max: 10.5, Diff: 0.0, Sum: 21.0]
      [GC Worker End (ms): Min: 5574501.2, Avg: 5574501.2, Max: 5574501.2, Diff: 0.0]
   [Code Root Fixup: 0.2 ms]
   [Code Root Migration: 0.1 ms]
   [Clear CT: 0.8 ms]
   [Other: 1.8 ms]
      [Choose CSet: 0.0 ms]
      [Ref Proc: 0.1 ms]
      [Ref Enq: 0.0 ms]
      [Free CSet: 1.5 ms]
   [Eden: 3374.0M(3374.0M)->0.0B(3374.0M) Survivors: 4096.0K->4096.0K Heap: 4798.3M(5632.0M)->1425.2M(5632.0M)]
 [Times: user=0.02 sys=0.00, real=0.01 secs] 
2014-06-25T01:43:52.055+0000: 5574.504: Total time for which application threads were stopped: 0.0139486 seconds
2014-06-25T01:43:58.577+0000: 5581.026: [GC pause (G1 Evacuation Pause) (young)
Desired survivor size 222298112 bytes, new threshold 15 (max 15)
- age   1:     178280 bytes,     178280 total
- age   2:       4880 bytes,     183160 total
- age   3:       4904 bytes,     188064 total
- age   4:       6680 bytes,     194744 total
- age   5:       4736 bytes,     199480 total
- age   6:       4232 bytes,     203712 total
- age   7:       2408 bytes,     206120 total
- age   8:       4424 bytes,     210544 total
- age   9:       6712 bytes,     217256 total
- age  11:        216 bytes,     217472 total
- age  12:       6536 bytes,     224008 total
- age  13:       6120 bytes,     230128 total
- age  14:    1951880 bytes,    2182008 total
- age  15:      17048 bytes,    2199056 total
, 0.0127833 secs]
   [Parallel Time: 10.1 ms, GC Workers: 2]
      [GC Worker Start (ms): Min: 5581026.6, Avg: 5581026.6, Max: 5581026.6, Diff: 0.0]
      [Ext Root Scanning (ms): Min: 1.1, Avg: 1.2, Max: 1.4, Diff: 0.3, Sum: 2.5]
      [Update RS (ms): Min: 2.1, Avg: 2.1, Max: 2.2, Diff: 0.1, Sum: 4.3]
         [Processed Buffers: Min: 3, Avg: 13.0, Max: 23, Diff: 20, Sum: 26]
      [Scan RS (ms): Min: 2.2, Avg: 2.2, Max: 2.2, Diff: 0.0, Sum: 4.3]
      [Code Root Scanning (ms): Min: 0.8, Avg: 0.8, Max: 0.8, Diff: 0.0, Sum: 1.7]
      [Object Copy (ms): Min: 3.5, Avg: 3.6, Max: 3.7, Diff: 0.2, Sum: 7.2]
      [Termination (ms): Min: 0.0, Avg: 0.0, Max: 0.0, Diff: 0.0, Sum: 0.0]
      [GC Worker Other (ms): Min: 0.0, Avg: 0.1, Max: 0.1, Diff: 0.0, Sum: 0.1]
      [GC Worker Total (ms): Min: 10.0, Avg: 10.1, Max: 10.1, Diff: 0.0, Sum: 20.1]
      [GC Worker End (ms): Min: 5581036.6, Avg: 5581036.6, Max: 5581036.6, Diff: 0.0]
   [Code Root Fixup: 0.2 ms]
   [Code Root Migration: 0.1 ms]
   [Clear CT: 0.8 ms]
   [Other: 1.6 ms]
      [Choose CSet: 0.0 ms]
      [Ref Proc: 0.1 ms]
      [Ref Enq: 0.0 ms]
      [Free CSet: 1.4 ms]
   [Eden: 3374.0M(3374.0M)->0.0B(3374.0M) Survivors: 4096.0K->4096.0K Heap: 4799.2M(5632.0M)->1425.0M(5632.0M)]
 [Times: user=0.02 sys=0.01, real=0.01 secs] 
2014-06-25T01:43:58.590+0000: 5581.039: Total time for which application threads were stopped: 0.0133106 seconds
2014-06-25T01:44:05.290+0000: 5587.739: [GC pause (G1 Evacuation Pause) (young)
Desired survivor size 222298112 bytes, new threshold 15 (max 15)
- age   1:      18384 bytes,      18384 total
- age   2:     164888 bytes,     183272 total
- age   3:       4784 bytes,     188056 total
- age   4:       4880 bytes,     192936 total
- age   5:       6680 bytes,     199616 total
- age   6:       4736 bytes,     204352 total
- age   7:       4208 bytes,     208560 total
- age   8:       2408 bytes,     210968 total
- age   9:       4424 bytes,     215392 total
- age  10:       6712 bytes,     222104 total
- age  12:        216 bytes,     222320 total
- age  13:       6400 bytes,     228720 total
- age  14:       6120 bytes,     234840 total
- age  15:    1951880 bytes,    2186720 total
, 0.0127439 secs]
   [Parallel Time: 10.0 ms, GC Workers: 2]
      [GC Worker Start (ms): Min: 5587739.3, Avg: 5587739.3, Max: 5587739.3, Diff: 0.0]
      [Ext Root Scanning (ms): Min: 1.1, Avg: 1.2, Max: 1.4, Diff: 0.2, Sum: 2.5]
      [Update RS (ms): Min: 1.8, Avg: 2.1, Max: 2.4, Diff: 0.6, Sum: 4.3]
         [Processed Buffers: Min: 2, Avg: 14.5, Max: 27, Diff: 25, Sum: 29]
      [Scan RS (ms): Min: 2.0, Avg: 2.1, Max: 2.3, Diff: 0.4, Sum: 4.3]
      [Code Root Scanning (ms): Min: 0.8, Avg: 0.8, Max: 0.9, Diff: 0.1, Sum: 1.6]
      [Object Copy (ms): Min: 3.5, Avg: 3.5, Max: 3.6, Diff: 0.1, Sum: 7.1]
      [Termination (ms): Min: 0.0, Avg: 0.0, Max: 0.0, Diff: 0.0, Sum: 0.0]
      [GC Worker Other (ms): Min: 0.0, Avg: 0.0, Max: 0.1, Diff: 0.0, Sum: 0.1]
      [GC Worker Total (ms): Min: 9.9, Avg: 9.9, Max: 9.9, Diff: 0.0, Sum: 19.8]
      [GC Worker End (ms): Min: 5587749.2, Avg: 5587749.2, Max: 5587749.2, Diff: 0.0]
   [Code Root Fixup: 0.2 ms]
   [Code Root Migration: 0.1 ms]
   [Clear CT: 0.8 ms]
   [Other: 1.7 ms]
      [Choose CSet: 0.0 ms]
      [Ref Proc: 0.1 ms]
      [Ref Enq: 0.0 ms]
      [Free CSet: 1.5 ms]
   [Eden: 3374.0M(3374.0M)->0.0B(3376.0M) Survivors: 4096.0K->2048.0K Heap: 4799.0M(5632.0M)->1426.1M(5632.0M)]
 [Times: user=0.02 sys=0.00, real=0.02 secs] 
2014-06-25T01:44:05.303+0000: 5587.752: Total time for which application threads were stopped: 0.0132829 seconds
2014-06-25T01:44:11.836+0000: 5594.285: [GC pause (G1 Evacuation Pause) (young)
Desired survivor size 222298112 bytes, new threshold 15 (max 15)
- age   1:      21240 bytes,      21240 total
- age   2:       4792 bytes,      26032 total
- age   3:     164544 bytes,     190576 total
- age   4:       4736 bytes,     195312 total
- age   5:       4880 bytes,     200192 total
- age   6:       6560 bytes,     206752 total
- age   7:       4712 bytes,     211464 total
- age   8:       4208 bytes,     215672 total
- age   9:       2408 bytes,     218080 total
- age  10:       4424 bytes,     222504 total
- age  11:       6680 bytes,     229184 total
- age  13:        216 bytes,     229400 total
- age  14:       6400 bytes,     235800 total
- age  15:       6120 bytes,     241920 total
, 0.0115137 secs]
   [Parallel Time: 8.7 ms, GC Workers: 2]
      [GC Worker Start (ms): Min: 5594285.5, Avg: 5594285.5, Max: 5594285.5, Diff: 0.0]
      [Ext Root Scanning (ms): Min: 1.1, Avg: 1.2, Max: 1.4, Diff: 0.3, Sum: 2.5]
      [Update RS (ms): Min: 3.5, Avg: 3.7, Max: 3.9, Diff: 0.4, Sum: 7.4]
         [Processed Buffers: Min: 6, Avg: 17.0, Max: 28, Diff: 22, Sum: 34]
      [Scan RS (ms): Min: 2.1, Avg: 2.2, Max: 2.3, Diff: 0.2, Sum: 4.4]
      [Code Root Scanning (ms): Min: 0.8, Avg: 0.8, Max: 0.9, Diff: 0.1, Sum: 1.6]
      [Object Copy (ms): Min: 0.6, Avg: 0.6, Max: 0.7, Diff: 0.1, Sum: 1.3]
      [Termination (ms): Min: 0.0, Avg: 0.0, Max: 0.0, Diff: 0.0, Sum: 0.0]
      [GC Worker Other (ms): Min: 0.0, Avg: 0.0, Max: 0.1, Diff: 0.0, Sum: 0.1]
      [GC Worker Total (ms): Min: 8.6, Avg: 8.6, Max: 8.6, Diff: 0.0, Sum: 17.2]
      [GC Worker End (ms): Min: 5594294.1, Avg: 5594294.1, Max: 5594294.1, Diff: 0.0]
   [Code Root Fixup: 0.2 ms]
   [Code Root Migration: 0.1 ms]
   [Clear CT: 0.8 ms]
   [Other: 1.8 ms]
      [Choose CSet: 0.0 ms]
      [Ref Proc: 0.1 ms]
      [Ref Enq: 0.0 ms]
      [Free CSet: 1.5 ms]
   [Eden: 3376.0M(3376.0M)->0.0B(3376.0M) Survivors: 2048.0K->2048.0K Heap: 4802.1M(5632.0M)->1425.5M(5632.0M)]
 [Times: user=0.02 sys=0.00, real=0.02 secs] 
2014-06-25T01:44:11.848+0000: 5594.297: Total time for which application threads were stopped: 0.0120800 seconds
2014-06-25T01:44:18.395+0000: 5600.844: [GC pause (G1 Evacuation Pause) (young)
Desired survivor size 222298112 bytes, new threshold 15 (max 15)
- age   1:      21032 bytes,      21032 total
- age   2:       7528 bytes,      28560 total
- age   3:       4760 bytes,      33320 total
- age   4:     164480 bytes,     197800 total
- age   5:       4736 bytes,     202536 total
- age   6:       4880 bytes,     207416 total
- age   7:       6560 bytes,     213976 total
- age   8:       4712 bytes,     218688 total
- age   9:       4208 bytes,     222896 total
- age  10:       2408 bytes,     225304 total
- age  11:       4424 bytes,     229728 total
- age  12:       6680 bytes,     236408 total
- age  14:        216 bytes,     236624 total
- age  15:       6400 bytes,     243024 total
, 0.0080740 secs]
   [Parallel Time: 5.5 ms, GC Workers: 2]
      [GC Worker Start (ms): Min: 5600844.2, Avg: 5600844.2, Max: 5600844.2, Diff: 0.0]
      [Ext Root Scanning (ms): Min: 1.1, Avg: 1.3, Max: 1.4, Diff: 0.3, Sum: 2.5]
      [Update RS (ms): Min: 0.3, Avg: 0.4, Max: 0.5, Diff: 0.2, Sum: 0.9]
         [Processed Buffers: Min: 1, Avg: 12.0, Max: 23, Diff: 22, Sum: 24]
      [Scan RS (ms): Min: 2.1, Avg: 2.2, Max: 2.2, Diff: 0.1, Sum: 4.4]
      [Code Root Scanning (ms): Min: 0.8, Avg: 0.8, Max: 0.8, Diff: 0.0, Sum: 1.6]
      [Object Copy (ms): Min: 0.5, Avg: 0.6, Max: 0.7, Diff: 0.2, Sum: 1.3]
      [Termination (ms): Min: 0.0, Avg: 0.0, Max: 0.0, Diff: 0.0, Sum: 0.0]
      [GC Worker Other (ms): Min: 0.0, Avg: 0.1, Max: 0.1, Diff: 0.0, Sum: 0.1]
      [GC Worker Total (ms): Min: 5.4, Avg: 5.4, Max: 5.4, Diff: 0.0, Sum: 10.8]
      [GC Worker End (ms): Min: 5600849.6, Avg: 5600849.6, Max: 5600849.6, Diff: 0.0]
   [Code Root Fixup: 0.2 ms]
   [Code Root Migration: 0.1 ms]
   [Clear CT: 0.8 ms]
   [Other: 1.6 ms]
      [Choose CSet: 0.0 ms]
      [Ref Proc: 0.1 ms]
      [Ref Enq: 0.0 ms]
      [Free CSet: 1.4 ms]
   [Eden: 3376.0M(3376.0M)->0.0B(3376.0M) Survivors: 2048.0K->2048.0K Heap: 4801.5M(5632.0M)->1425.6M(5632.0M)]
 [Times: user=0.01 sys=0.00, real=0.01 secs] 
2014-06-25T01:44:18.403+0000: 5600.852: Total time for which application threads were stopped: 0.0086204 seconds
2014-06-25T01:44:25.075+0000: 5607.524: [GC pause (G1 Evacuation Pause) (young)
Desired survivor size 222298112 bytes, new threshold 15 (max 15)
- age   1:      32392 bytes,      32392 total
- age   2:       4392 bytes,      36784 total
- age   3:       7432 bytes,      44216 total
- age   4:       4736 bytes,      48952 total
- age   5:     164480 bytes,     213432 total
- age   6:       4736 bytes,     218168 total
- age   7:       4856 bytes,     223024 total
- age   8:       6560 bytes,     229584 total
- age   9:       4712 bytes,     234296 total
- age  10:       4208 bytes,     238504 total
- age  11:       2408 bytes,     240912 total
- age  12:       4424 bytes,     245336 total
- age  13:       6680 bytes,     252016 total
- age  15:        216 bytes,     252232 total
, 0.0079474 secs]
   [Parallel Time: 5.3 ms, GC Workers: 2]
      [GC Worker Start (ms): Min: 5607524.6, Avg: 5607524.6, Max: 5607524.6, Diff: 0.0]
      [Ext Root Scanning (ms): Min: 1.1, Avg: 1.2, Max: 1.4, Diff: 0.3, Sum: 2.5]
      [Update RS (ms): Min: 0.4, Avg: 0.4, Max: 0.5, Diff: 0.1, Sum: 0.9]
         [Processed Buffers: Min: 1, Avg: 13.5, Max: 26, Diff: 25, Sum: 27]
      [Scan RS (ms): Min: 2.0, Avg: 2.1, Max: 2.2, Diff: 0.1, Sum: 4.2]
      [Code Root Scanning (ms): Min: 0.8, Avg: 0.8, Max: 0.8, Diff: 0.1, Sum: 1.6]
      [Object Copy (ms): Min: 0.5, Avg: 0.6, Max: 0.7, Diff: 0.2, Sum: 1.2]
      [Termination (ms): Min: 0.0, Avg: 0.0, Max: 0.0, Diff: 0.0, Sum: 0.0]
      [GC Worker Other (ms): Min: 0.0, Avg: 0.0, Max: 0.1, Diff: 0.0, Sum: 0.1]
      [GC Worker Total (ms): Min: 5.3, Avg: 5.3, Max: 5.3, Diff: 0.0, Sum: 10.5]
      [GC Worker End (ms): Min: 5607529.8, Avg: 5607529.8, Max: 5607529.8, Diff: 0.0]
   [Code Root Fixup: 0.2 ms]
   [Code Root Migration: 0.1 ms]
   [Clear CT: 0.8 ms]
   [Other: 1.6 ms]
      [Choose CSet: 0.0 ms]
      [Ref Proc: 0.1 ms]
      [Ref Enq: 0.0 ms]
      [Free CSet: 1.4 ms]
   [Eden: 3376.0M(3376.0M)->0.0B(3376.0M) Survivors: 2048.0K->2048.0K Heap: 4801.6M(5632.0M)->1425.5M(5632.0M)]
 [Times: user=0.02 sys=0.00, real=0.01 secs] 
2014-06-25T01:44:25.083+0000: 5607.533: Total time for which application threads were stopped: 0.0085261 seconds
2014-06-25T01:44:31.607+0000: 5614.056: [GC pause (G1 Evacuation Pause) (young)
Desired survivor size 222298112 bytes, new threshold 15 (max 15)
- age   1:      18752 bytes,      18752 total
- age   2:      11032 bytes,      29784 total
- age   3:       4080 bytes,      33864 total
- age   4:       7352 bytes,      41216 total
- age   5:       4736 bytes,      45952 total
- age   6:     164480 bytes,     210432 total
- age   7:       4712 bytes,     215144 total
- age   8:       4856 bytes,     220000 total
- age   9:       6560 bytes,     226560 total
- age  10:       4712 bytes,     231272 total
- age  11:       4208 bytes,     235480 total
- age  12:       2408 bytes,     237888 total
- age  13:       4424 bytes,     242312 total
- age  14:       6680 bytes,     248992 total
, 0.0080637 secs]
   [Parallel Time: 5.4 ms, GC Workers: 2]
      [GC Worker Start (ms): Min: 5614056.3, Avg: 5614056.3, Max: 5614056.4, Diff: 0.0]
      [Ext Root Scanning (ms): Min: 1.1, Avg: 1.3, Max: 1.4, Diff: 0.3, Sum: 2.5]
      [Update RS (ms): Min: 0.4, Avg: 0.4, Max: 0.5, Diff: 0.1, Sum: 0.8]
         [Processed Buffers: Min: 1, Avg: 13.0, Max: 25, Diff: 24, Sum: 26]
      [Scan RS (ms): Min: 2.1, Avg: 2.2, Max: 2.3, Diff: 0.2, Sum: 4.4]
      [Code Root Scanning (ms): Min: 0.8, Avg: 0.8, Max: 0.9, Diff: 0.0, Sum: 1.7]
      [Object Copy (ms): Min: 0.5, Avg: 0.6, Max: 0.7, Diff: 0.2, Sum: 1.3]
      [Termination (ms): Min: 0.0, Avg: 0.0, Max: 0.0, Diff: 0.0, Sum: 0.0]
      [GC Worker Other (ms): Min: 0.0, Avg: 0.1, Max: 0.1, Diff: 0.0, Sum: 0.1]
      [GC Worker Total (ms): Min: 5.4, Avg: 5.4, Max: 5.4, Diff: 0.0, Sum: 10.8]
      [GC Worker End (ms): Min: 5614061.7, Avg: 5614061.7, Max: 5614061.7, Diff: 0.0]
   [Code Root Fixup: 0.2 ms]
   [Code Root Migration: 0.1 ms]
   [Clear CT: 0.8 ms]
   [Other: 1.6 ms]
      [Choose CSet: 0.0 ms]
      [Ref Proc: 0.1 ms]
      [Ref Enq: 0.0 ms]
      [Free CSet: 1.4 ms]
   [Eden: 3376.0M(3376.0M)->0.0B(3376.0M) Survivors: 2048.0K->2048.0K Heap: 4801.5M(5632.0M)->1425.5M(5632.0M)]
 [Times: user=0.02 sys=0.00, real=0.01 secs] 
2014-06-25T01:44:31.615+0000: 5614.065: Total time for which application threads were stopped: 0.0086123 seconds
2014-06-25T01:44:38.137+0000: 5620.586: [GC pause (G1 Evacuation Pause) (young)
Desired survivor size 222298112 bytes, new threshold 15 (max 15)
- age   1:      16440 bytes,      16440 total
- age   2:       4560 bytes,      21000 total
- age   3:      11000 bytes,      32000 total
- age   4:       4056 bytes,      36056 total
- age   5:       7232 bytes,      43288 total
- age   6:       4736 bytes,      48024 total
- age   7:     164480 bytes,     212504 total
- age   8:       4712 bytes,     217216 total
- age   9:       4856 bytes,     222072 total
- age  10:       6528 bytes,     228600 total
- age  11:       4712 bytes,     233312 total
- age  12:       4208 bytes,     237520 total
- age  13:       2408 bytes,     239928 total
- age  14:       4424 bytes,     244352 total
- age  15:       6680 bytes,     251032 total
, 0.0081361 secs]
   [Parallel Time: 5.4 ms, GC Workers: 2]
      [GC Worker Start (ms): Min: 5620585.9, Avg: 5620585.9, Max: 5620585.9, Diff: 0.0]
      [Ext Root Scanning (ms): Min: 1.1, Avg: 1.3, Max: 1.4, Diff: 0.3, Sum: 2.5]
      [Update RS (ms): Min: 0.4, Avg: 0.4, Max: 0.4, Diff: 0.1, Sum: 0.8]
         [Processed Buffers: Min: 1, Avg: 11.5, Max: 22, Diff: 21, Sum: 23]
      [Scan RS (ms): Min: 2.1, Avg: 2.2, Max: 2.2, Diff: 0.1, Sum: 4.3]
      [Code Root Scanning (ms): Min: 0.8, Avg: 0.8, Max: 0.9, Diff: 0.1, Sum: 1.6]
      [Object Copy (ms): Min: 0.6, Avg: 0.6, Max: 0.7, Diff: 0.2, Sum: 1.3]
      [Termination (ms): Min: 0.0, Avg: 0.0, Max: 0.0, Diff: 0.0, Sum: 0.0]
      [GC Worker Other (ms): Min: 0.1, Avg: 0.1, Max: 0.1, Diff: 0.0, Sum: 0.1]
      [GC Worker Total (ms): Min: 5.3, Avg: 5.3, Max: 5.4, Diff: 0.0, Sum: 10.7]
      [GC Worker End (ms): Min: 5620591.3, Avg: 5620591.3, Max: 5620591.3, Diff: 0.0]
   [Code Root Fixup: 0.2 ms]
   [Code Root Migration: 0.1 ms]
   [Clear CT: 0.7 ms]
   [Other: 1.7 ms]
      [Choose CSet: 0.0 ms]
      [Ref Proc: 0.1 ms]
      [Ref Enq: 0.0 ms]
      [Free CSet: 1.4 ms]
   [Eden: 3376.0M(3376.0M)->0.0B(3376.0M) Survivors: 2048.0K->2048.0K Heap: 4801.5M(5632.0M)->1425.6M(5632.0M)]
 [Times: user=0.01 sys=0.01, real=0.00 secs] 
2014-06-25T01:44:38.145+0000: 5620.594: Total time for which application threads were stopped: 0.0086807 seconds
2014-06-25T01:44:43.444+0000: 5625.893: Total time for which application threads were stopped: 0.0003833 seconds
2014-06-25T01:44:44.670+0000: 5627.119: [GC pause (G1 Evacuation Pause) (young)
Desired survivor size 222298112 bytes, new threshold 15 (max 15)
- age   1:      19400 bytes,      19400 total
- age   2:       2728 bytes,      22128 total
- age   3:       4432 bytes,      26560 total
- age   4:      10976 bytes,      37536 total
- age   5:       4056 bytes,      41592 total
- age   6:       7232 bytes,      48824 total
- age   7:       4712 bytes,      53536 total
- age   8:     164480 bytes,     218016 total
- age   9:       4712 bytes,     222728 total
- age  10:       4856 bytes,     227584 total
- age  11:       6528 bytes,     234112 total
- age  12:       4712 bytes,     238824 total
- age  13:       4208 bytes,     243032 total
- age  14:       2408 bytes,     245440 total
- age  15:       4424 bytes,     249864 total
, 0.0081297 secs]
   [Parallel Time: 5.5 ms, GC Workers: 2]
      [GC Worker Start (ms): Min: 5627119.5, Avg: 5627119.5, Max: 5627119.5, Diff: 0.0]
      [Ext Root Scanning (ms): Min: 1.1, Avg: 1.3, Max: 1.4, Diff: 0.3, Sum: 2.5]
      [Update RS (ms): Min: 0.4, Avg: 0.5, Max: 0.6, Diff: 0.1, Sum: 1.0]
         [Processed Buffers: Min: 15, Avg: 16.0, Max: 17, Diff: 2, Sum: 32]
      [Scan RS (ms): Min: 2.1, Avg: 2.1, Max: 2.2, Diff: 0.0, Sum: 4.3]
      [Code Root Scanning (ms): Min: 0.8, Avg: 0.8, Max: 0.8, Diff: 0.0, Sum: 1.6]
      [Object Copy (ms): Min: 0.6, Avg: 0.7, Max: 0.8, Diff: 0.2, Sum: 1.3]
      [Termination (ms): Min: 0.0, Avg: 0.0, Max: 0.0, Diff: 0.0, Sum: 0.0]
      [GC Worker Other (ms): Min: 0.0, Avg: 0.1, Max: 0.1, Diff: 0.0, Sum: 0.1]
      [GC Worker Total (ms): Min: 5.4, Avg: 5.4, Max: 5.4, Diff: 0.0, Sum: 10.9]
      [GC Worker End (ms): Min: 5627124.9, Avg: 5627124.9, Max: 5627125.0, Diff: 0.0]
   [Code Root Fixup: 0.2 ms]
   [Code Root Migration: 0.1 ms]
   [Clear CT: 0.8 ms]
   [Other: 1.6 ms]
      [Choose CSet: 0.0 ms]
      [Ref Proc: 0.1 ms]
      [Ref Enq: 0.0 ms]
      [Free CSet: 1.4 ms]
   [Eden: 3376.0M(3376.0M)->0.0B(3376.0M) Survivors: 2048.0K->2048.0K Heap: 4801.6M(5632.0M)->1425.7M(5632.0M)]
 [Times: user=0.01 sys=0.00, real=0.01 secs] 
2014-06-25T01:44:44.679+0000: 5627.128: Total time for which application threads were stopped: 0.0086671 seconds
2014-06-25T01:44:48.680+0000: 5631.129: Total time for which application threads were stopped: 0.0004263 seconds
2014-06-25T01:44:51.170+0000: 5633.620: [GC pause (G1 Evacuation Pause) (young)
Desired survivor size 222298112 bytes, new threshold 15 (max 15)
- age   1:      88952 bytes,      88952 total
- age   2:         80 bytes,      89032 total
- age   3:       2448 bytes,      91480 total
- age   4:       4384 bytes,      95864 total
- age   5:      10976 bytes,     106840 total
- age   6:       4056 bytes,     110896 total
- age   7:       7208 bytes,     118104 total
- age   8:       4712 bytes,     122816 total
- age   9:     134712 bytes,     257528 total
- age  10:       4712 bytes,     262240 total
- age  11:       4856 bytes,     267096 total
- age  12:       6528 bytes,     273624 total
- age  13:       4712 bytes,     278336 total
- age  14:       4208 bytes,     282544 total
- age  15:       2408 bytes,     284952 total
, 0.0081021 secs]
   [Parallel Time: 5.5 ms, GC Workers: 2]
      [GC Worker Start (ms): Min: 5633619.6, Avg: 5633619.6, Max: 5633619.6, Diff: 0.0]
      [Ext Root Scanning (ms): Min: 1.1, Avg: 1.3, Max: 1.4, Diff: 0.3, Sum: 2.5]
      [Update RS (ms): Min: 0.4, Avg: 0.5, Max: 0.5, Diff: 0.1, Sum: 0.9]
         [Processed Buffers: Min: 10, Avg: 15.0, Max: 20, Diff: 10, Sum: 30]
      [Scan RS (ms): Min: 2.1, Avg: 2.1, Max: 2.2, Diff: 0.1, Sum: 4.3]
      [Code Root Scanning (ms): Min: 0.8, Avg: 0.8, Max: 0.8, Diff: 0.0, Sum: 1.6]
      [Object Copy (ms): Min: 0.6, Avg: 0.7, Max: 0.7, Diff: 0.1, Sum: 1.3]
      [Termination (ms): Min: 0.0, Avg: 0.0, Max: 0.0, Diff: 0.0, Sum: 0.0]
      [GC Worker Other (ms): Min: 0.0, Avg: 0.1, Max: 0.1, Diff: 0.0, Sum: 0.1]
      [GC Worker Total (ms): Min: 5.4, Avg: 5.4, Max: 5.4, Diff: 0.0, Sum: 10.8]
      [GC Worker End (ms): Min: 5633625.0, Avg: 5633625.0, Max: 5633625.1, Diff: 0.0]
   [Code Root Fixup: 0.2 ms]
   [Code Root Migration: 0.1 ms]
   [Clear CT: 0.8 ms]
   [Other: 1.6 ms]
      [Choose CSet: 0.0 ms]
      [Ref Proc: 0.1 ms]
      [Ref Enq: 0.0 ms]
      [Free CSet: 1.4 ms]
   [Eden: 3376.0M(3376.0M)->0.0B(3376.0M) Survivors: 2048.0K->2048.0K Heap: 4801.7M(5632.0M)->1425.5M(5632.0M)]
 [Times: user=0.02 sys=0.00, real=0.01 secs] 
2014-06-25T01:44:51.179+0000: 5633.628: Total time for which application threads were stopped: 0.0086612 seconds
2014-06-25T01:44:57.712+0000: 5640.161: [GC pause (G1 Evacuation Pause) (young)
Desired survivor size 222298112 bytes, new threshold 15 (max 15)
- age   1:      39920 bytes,      39920 total
- age   2:      61696 bytes,     101616 total
- age   3:         48 bytes,     101664 total
- age   4:       2392 bytes,     104056 total
- age   5:       4384 bytes,     108440 total
- age   6:      10976 bytes,     119416 total
- age   7:       4016 bytes,     123432 total
- age   8:       7208 bytes,     130640 total
- age   9:       4712 bytes,     135352 total
- age  10:     134712 bytes,     270064 total
- age  11:       4712 bytes,     274776 total
- age  12:       4856 bytes,     279632 total
- age  13:       6528 bytes,     286160 total
- age  14:       4712 bytes,     290872 total
- age  15:       4208 bytes,     295080 total
, 0.0082040 secs]
   [Parallel Time: 5.5 ms, GC Workers: 2]
      [GC Worker Start (ms): Min: 5640161.1, Avg: 5640161.1, Max: 5640161.1, Diff: 0.0]
      [Ext Root Scanning (ms): Min: 1.1, Avg: 1.2, Max: 1.4, Diff: 0.3, Sum: 2.5]
      [Update RS (ms): Min: 0.5, Avg: 0.5, Max: 0.5, Diff: 0.1, Sum: 1.0]
         [Processed Buffers: Min: 1, Avg: 14.0, Max: 27, Diff: 26, Sum: 28]
      [Scan RS (ms): Min: 2.1, Avg: 2.1, Max: 2.1, Diff: 0.0, Sum: 4.3]
      [Code Root Scanning (ms): Min: 0.8, Avg: 0.8, Max: 0.8, Diff: 0.0, Sum: 1.7]
      [Object Copy (ms): Min: 0.6, Avg: 0.7, Max: 0.8, Diff: 0.2, Sum: 1.4]
      [Termination (ms): Min: 0.0, Avg: 0.0, Max: 0.0, Diff: 0.0, Sum: 0.0]
      [GC Worker Other (ms): Min: 0.0, Avg: 0.1, Max: 0.1, Diff: 0.0, Sum: 0.1]
      [GC Worker Total (ms): Min: 5.4, Avg: 5.4, Max: 5.4, Diff: 0.0, Sum: 10.8]
      [GC Worker End (ms): Min: 5640166.5, Avg: 5640166.5, Max: 5640166.6, Diff: 0.0]
   [Code Root Fixup: 0.2 ms]
   [Code Root Migration: 0.1 ms]
   [Clear CT: 0.8 ms]
   [Other: 1.7 ms]
      [Choose CSet: 0.0 ms]
      [Ref Proc: 0.1 ms]
      [Ref Enq: 0.0 ms]
      [Free CSet: 1.4 ms]
   [Eden: 3376.0M(3376.0M)->0.0B(3376.0M) Survivors: 2048.0K->2048.0K Heap: 4801.5M(5632.0M)->1425.7M(5632.0M)]
 [Times: user=0.01 sys=0.00, real=0.01 secs] 
2014-06-25T01:44:57.720+0000: 5640.169: Total time for which application threads were stopped: 0.0087313 seconds
2014-06-25T01:45:04.398+0000: 5646.848: [GC pause (G1 Evacuation Pause) (young)
Desired survivor size 222298112 bytes, new threshold 15 (max 15)
- age   1:      40232 bytes,      40232 total
- age   2:      12896 bytes,      53128 total
- age   3:      60112 bytes,     113240 total
- age   4:         24 bytes,     113264 total
- age   5:       2392 bytes,     115656 total
- age   6:       4384 bytes,     120040 total
- age   7:      10952 bytes,     130992 total
- age   8:       4016 bytes,     135008 total
- age   9:       7208 bytes,     142216 total
- age  10:       4712 bytes,     146928 total
- age  11:     134712 bytes,     281640 total
- age  12:       4712 bytes,     286352 total
- age  13:       4856 bytes,     291208 total
- age  14:       6528 bytes,     297736 total
- age  15:       4712 bytes,     302448 total
, 0.0085558 secs]
   [Parallel Time: 5.7 ms, GC Workers: 2]
      [GC Worker Start (ms): Min: 5646847.7, Avg: 5646847.7, Max: 5646847.8, Diff: 0.0]
      [Ext Root Scanning (ms): Min: 1.1, Avg: 1.2, Max: 1.4, Diff: 0.3, Sum: 2.5]
      [Update RS (ms): Min: 0.5, Avg: 0.5, Max: 0.6, Diff: 0.1, Sum: 1.1]
         [Processed Buffers: Min: 13, Avg: 16.0, Max: 19, Diff: 6, Sum: 32]
      [Scan RS (ms): Min: 2.2, Avg: 2.2, Max: 2.2, Diff: 0.0, Sum: 4.3]
      [Code Root Scanning (ms): Min: 0.8, Avg: 0.8, Max: 0.8, Diff: 0.0, Sum: 1.7]
      [Object Copy (ms): Min: 0.7, Avg: 0.8, Max: 0.9, Diff: 0.2, Sum: 1.5]
      [Termination (ms): Min: 0.0, Avg: 0.0, Max: 0.0, Diff: 0.0, Sum: 0.0]
      [GC Worker Other (ms): Min: 0.0, Avg: 0.1, Max: 0.1, Diff: 0.0, Sum: 0.1]
      [GC Worker Total (ms): Min: 5.6, Avg: 5.6, Max: 5.6, Diff: 0.0, Sum: 11.2]
      [GC Worker End (ms): Min: 5646853.3, Avg: 5646853.4, Max: 5646853.4, Diff: 0.0]
   [Code Root Fixup: 0.2 ms]
   [Code Root Migration: 0.1 ms]
   [Clear CT: 0.8 ms]
   [Other: 1.8 ms]
      [Choose CSet: 0.0 ms]
      [Ref Proc: 0.1 ms]
      [Ref Enq: 0.0 ms]
      [Free CSet: 1.5 ms]
   [Eden: 3376.0M(3376.0M)->0.0B(3376.0M) Survivors: 2048.0K->2048.0K Heap: 4801.7M(5632.0M)->1425.6M(5632.0M)]
 [Times: user=0.01 sys=0.00, real=0.00 secs] 
2014-06-25T01:45:04.407+0000: 5646.856: Total time for which application threads were stopped: 0.0091244 seconds
2014-06-25T01:45:10.948+0000: 5653.397: [GC pause (G1 Evacuation Pause) (young)
Desired survivor size 222298112 bytes, new threshold 15 (max 15)
- age   1:      70576 bytes,      70576 total
- age   2:      15096 bytes,      85672 total
- age   3:      12480 bytes,      98152 total
- age   4:      57664 bytes,     155816 total
- age   5:         24 bytes,     155840 total
- age   6:       2272 bytes,     158112 total
- age   7:       4360 bytes,     162472 total
- age   8:      10952 bytes,     173424 total
- age   9:       4016 bytes,     177440 total
- age  10:       7176 bytes,     184616 total
- age  11:       4712 bytes,     189328 total
- age  12:     134648 bytes,     323976 total
- age  13:       4576 bytes,     328552 total
- age  14:       4856 bytes,     333408 total
- age  15:       6528 bytes,     339936 total
, 0.0082096 secs]
   [Parallel Time: 5.5 ms, GC Workers: 2]
      [GC Worker Start (ms): Min: 5653397.4, Avg: 5653397.4, Max: 5653397.4, Diff: 0.0]
      [Ext Root Scanning (ms): Min: 1.1, Avg: 1.2, Max: 1.3, Diff: 0.2, Sum: 2.5]
      [Update RS (ms): Min: 0.5, Avg: 0.5, Max: 0.5, Diff: 0.1, Sum: 1.0]
         [Processed Buffers: Min: 6, Avg: 13.0, Max: 20, Diff: 14, Sum: 26]
      [Scan RS (ms): Min: 2.1, Avg: 2.2, Max: 2.2, Diff: 0.1, Sum: 4.3]
      [Code Root Scanning (ms): Min: 0.8, Avg: 0.8, Max: 0.8, Diff: 0.0, Sum: 1.6]
      [Object Copy (ms): Min: 0.6, Avg: 0.7, Max: 0.8, Diff: 0.2, Sum: 1.5]
      [Termination (ms): Min: 0.0, Avg: 0.0, Max: 0.0, Diff: 0.0, Sum: 0.0]
      [GC Worker Other (ms): Min: 0.0, Avg: 0.1, Max: 0.1, Diff: 0.0, Sum: 0.1]
      [GC Worker Total (ms): Min: 5.5, Avg: 5.5, Max: 5.5, Diff: 0.0, Sum: 11.0]
      [GC Worker End (ms): Min: 5653402.9, Avg: 5653402.9, Max: 5653402.9, Diff: 0.0]
   [Code Root Fixup: 0.2 ms]
   [Code Root Migration: 0.1 ms]
   [Clear CT: 0.8 ms]
   [Other: 1.6 ms]
      [Choose CSet: 0.0 ms]
      [Ref Proc: 0.1 ms]
      [Ref Enq: 0.0 ms]
      [Free CSet: 1.4 ms]
   [Eden: 3376.0M(3376.0M)->0.0B(3376.0M) Survivors: 2048.0K->2048.0K Heap: 4801.6M(5632.0M)->1425.8M(5632.0M)]
 [Times: user=0.01 sys=0.00, real=0.01 secs] 
2014-06-25T01:45:10.957+0000: 5653.406: Total time for which application threads were stopped: 0.0087411 seconds
2014-06-25T01:45:17.489+0000: 5659.938: [GC pause (G1 Evacuation Pause) (young)
Desired survivor size 222298112 bytes, new threshold 15 (max 15)
- age   1:      15928 bytes,      15928 total
- age   2:      53336 bytes,      69264 total
- age   3:      15064 bytes,      84328 total
- age   4:      12416 bytes,      96744 total
- age   5:      57664 bytes,     154408 total
- age   6:         24 bytes,     154432 total
- age   7:       2272 bytes,     156704 total
- age   8:       4360 bytes,     161064 total
- age   9:      10952 bytes,     172016 total
- age  10:       4016 bytes,     176032 total
- age  11:       7176 bytes,     183208 total
- age  12:       4712 bytes,     187920 total
- age  13:     134648 bytes,     322568 total
- age  14:       4576 bytes,     327144 total
- age  15:       4856 bytes,     332000 total
, 0.0084094 secs]
   [Parallel Time: 5.7 ms, GC Workers: 2]
      [GC Worker Start (ms): Min: 5659938.4, Avg: 5659938.4, Max: 5659938.4, Diff: 0.0]
      [Ext Root Scanning (ms): Min: 1.1, Avg: 1.3, Max: 1.4, Diff: 0.3, Sum: 2.5]
      [Update RS (ms): Min: 0.5, Avg: 0.6, Max: 0.6, Diff: 0.1, Sum: 1.1]
         [Processed Buffers: Min: 13, Avg: 14.0, Max: 15, Diff: 2, Sum: 28]
      [Scan RS (ms): Min: 2.1, Avg: 2.2, Max: 2.2, Diff: 0.0, Sum: 4.3]
      [Code Root Scanning (ms): Min: 0.8, Avg: 0.8, Max: 0.8, Diff: 0.0, Sum: 1.6]
      [Object Copy (ms): Min: 0.7, Avg: 0.8, Max: 0.9, Diff: 0.2, Sum: 1.6]
      [Termination (ms): Min: 0.0, Avg: 0.0, Max: 0.0, Diff: 0.0, Sum: 0.0]
      [GC Worker Other (ms): Min: 0.0, Avg: 0.0, Max: 0.1, Diff: 0.0, Sum: 0.1]
      [GC Worker Total (ms): Min: 5.6, Avg: 5.6, Max: 5.7, Diff: 0.0, Sum: 11.3]
      [GC Worker End (ms): Min: 5659944.0, Avg: 5659944.0, Max: 5659944.0, Diff: 0.0]
   [Code Root Fixup: 0.2 ms]
   [Code Root Migration: 0.1 ms]
   [Clear CT: 0.8 ms]
   [Other: 1.7 ms]
      [Choose CSet: 0.0 ms]
      [Ref Proc: 0.1 ms]
      [Ref Enq: 0.0 ms]
      [Free CSet: 1.5 ms]
   [Eden: 3376.0M(3376.0M)->0.0B(3376.0M) Survivors: 2048.0K->2048.0K Heap: 4801.8M(5632.0M)->1425.6M(5632.0M)]
 [Times: user=0.01 sys=0.00, real=0.01 secs] 
2014-06-25T01:45:17.498+0000: 5659.947: Total time for which application threads were stopped: 0.0089603 seconds
2014-06-25T01:45:24.174+0000: 5666.623: [GC pause (G1 Evacuation Pause) (young)
Desired survivor size 222298112 bytes, new threshold 15 (max 15)
- age   1:      67480 bytes,      67480 total
- age   2:        344 bytes,      67824 total
- age   3:      40480 bytes,     108304 total
- age   4:      11592 bytes,     119896 total
- age   5:      12416 bytes,     132312 total
- age   6:      57664 bytes,     189976 total
- age   8:       2272 bytes,     192248 total
- age   9:       4360 bytes,     196608 total
- age  10:      10952 bytes,     207560 total
- age  11:       4016 bytes,     211576 total
- age  12:       7176 bytes,     218752 total
- age  13:       4576 bytes,     223328 total
- age  14:     132608 bytes,     355936 total
- age  15:       4576 bytes,     360512 total
, 0.0082892 secs]
   [Parallel Time: 5.7 ms, GC Workers: 2]
      [GC Worker Start (ms): Min: 5666623.6, Avg: 5666623.6, Max: 5666623.6, Diff: 0.0]
      [Ext Root Scanning (ms): Min: 1.1, Avg: 1.3, Max: 1.4, Diff: 0.3, Sum: 2.5]
      [Update RS (ms): Min: 0.5, Avg: 0.5, Max: 0.6, Diff: 0.1, Sum: 1.1]
         [Processed Buffers: Min: 1, Avg: 14.0, Max: 27, Diff: 26, Sum: 28]
      [Scan RS (ms): Min: 2.1, Avg: 2.1, Max: 2.2, Diff: 0.1, Sum: 4.3]
      [Code Root Scanning (ms): Min: 0.8, Avg: 0.8, Max: 0.8, Diff: 0.0, Sum: 1.7]
      [Object Copy (ms): Min: 0.7, Avg: 0.8, Max: 0.8, Diff: 0.1, Sum: 1.5]
      [Termination (ms): Min: 0.0, Avg: 0.0, Max: 0.0, Diff: 0.0, Sum: 0.0]
      [GC Worker Other (ms): Min: 0.0, Avg: 0.0, Max: 0.1, Diff: 0.0, Sum: 0.1]
      [GC Worker Total (ms): Min: 5.6, Avg: 5.6, Max: 5.6, Diff: 0.0, Sum: 11.2]
      [GC Worker End (ms): Min: 5666629.2, Avg: 5666629.2, Max: 5666629.2, Diff: 0.0]
   [Code Root Fixup: 0.2 ms]
   [Code Root Migration: 0.1 ms]
   [Clear CT: 0.8 ms]
   [Other: 1.6 ms]
      [Choose CSet: 0.0 ms]
      [Ref Proc: 0.1 ms]
      [Ref Enq: 0.0 ms]
      [Free CSet: 1.3 ms]
   [Eden: 3376.0M(3376.0M)->0.0B(3376.0M) Survivors: 2048.0K->2048.0K Heap: 4801.6M(5632.0M)->1425.9M(5632.0M)]
 [Times: user=0.00 sys=0.01, real=0.01 secs] 
2014-06-25T01:45:24.183+0000: 5666.632: Total time for which application threads were stopped: 0.0088510 seconds
2014-06-25T01:45:30.184+0000: 5672.633: Total time for which application threads were stopped: 0.0004215 seconds
2014-06-25T01:45:30.729+0000: 5673.178: [GC pause (G1 Evacuation Pause) (young)
Desired survivor size 222298112 bytes, new threshold 15 (max 15)
- age   1:      16880 bytes,      16880 total
- age   2:      54888 bytes,      71768 total
- age   3:         64 bytes,      71832 total
- age   4:      40400 bytes,     112232 total
- age   5:      11592 bytes,     123824 total
- age   6:      12416 bytes,     136240 total
- age   7:      57640 bytes,     193880 total
- age   9:       2272 bytes,     196152 total
- age  10:       4360 bytes,     200512 total
- age  11:      10952 bytes,     211464 total
- age  12:       4016 bytes,     215480 total
- age  13:       7176 bytes,     222656 total
- age  14:       4576 bytes,     227232 total
- age  15:     132608 bytes,     359840 total
, 0.0088840 secs]
   [Parallel Time: 6.1 ms, GC Workers: 2]
      [GC Worker Start (ms): Min: 5673177.8, Avg: 5673177.9, Max: 5673177.9, Diff: 0.0]
      [Ext Root Scanning (ms): Min: 1.2, Avg: 1.4, Max: 1.5, Diff: 0.3, Sum: 2.8]
      [Update RS (ms): Min: 0.6, Avg: 0.6, Max: 0.7, Diff: 0.1, Sum: 1.3]
         [Processed Buffers: Min: 14, Avg: 16.5, Max: 19, Diff: 5, Sum: 33]
      [Scan RS (ms): Min: 2.1, Avg: 2.1, Max: 2.1, Diff: 0.0, Sum: 4.3]
      [Code Root Scanning (ms): Min: 0.8, Avg: 0.8, Max: 0.8, Diff: 0.0, Sum: 1.6]
      [Object Copy (ms): Min: 0.9, Avg: 1.0, Max: 1.1, Diff: 0.2, Sum: 2.0]
      [Termination (ms): Min: 0.0, Avg: 0.0, Max: 0.0, Diff: 0.0, Sum: 0.0]
      [GC Worker Other (ms): Min: 0.0, Avg: 0.0, Max: 0.1, Diff: 0.0, Sum: 0.1]
      [GC Worker Total (ms): Min: 6.0, Avg: 6.0, Max: 6.1, Diff: 0.0, Sum: 12.1]
      [GC Worker End (ms): Min: 5673183.9, Avg: 5673183.9, Max: 5673183.9, Diff: 0.0]
   [Code Root Fixup: 0.2 ms]
   [Code Root Migration: 0.1 ms]
   [Clear CT: 0.8 ms]
   [Other: 1.7 ms]
      [Choose CSet: 0.0 ms]
      [Ref Proc: 0.1 ms]
      [Ref Enq: 0.0 ms]
      [Free CSet: 1.4 ms]
   [Eden: 3376.0M(3376.0M)->0.0B(3376.0M) Survivors: 2048.0K->2048.0K Heap: 4801.9M(5632.0M)->1425.9M(5632.0M)]
 [Times: user=0.01 sys=0.01, real=0.01 secs] 
2014-06-25T01:45:30.738+0000: 5673.187: Total time for which application threads were stopped: 0.0094901 seconds
2014-06-25T01:45:31.738+0000: 5674.187: Total time for which application threads were stopped: 0.0003522 seconds
2014-06-25T01:45:37.316+0000: 5679.766: [GC pause (G1 Evacuation Pause) (young)
Desired survivor size 222298112 bytes, new threshold 15 (max 15)
- age   1:      84152 bytes,      84152 total
- age   2:        448 bytes,      84600 total
- age   3:      42328 bytes,     126928 total
- age   4:         40 bytes,     126968 total
- age   5:      35592 bytes,     162560 total
- age   6:      11456 bytes,     174016 total
- age   7:      12360 bytes,     186376 total
- age   8:      56896 bytes,     243272 total
- age  10:       2240 bytes,     245512 total
- age  11:       4360 bytes,     249872 total
- age  12:      10952 bytes,     260824 total
- age  13:       4016 bytes,     264840 total
- age  14:       7176 bytes,     272016 total
- age  15:       4576 bytes,     276592 total
, 0.0084589 secs]
   [Parallel Time: 5.8 ms, GC Workers: 2]
      [GC Worker Start (ms): Min: 5679765.7, Avg: 5679765.7, Max: 5679765.7, Diff: 0.0]
      [Ext Root Scanning (ms): Min: 1.1, Avg: 1.3, Max: 1.4, Diff: 0.3, Sum: 2.5]
      [Update RS (ms): Min: 0.7, Avg: 0.8, Max: 0.9, Diff: 0.1, Sum: 1.6]
         [Processed Buffers: Min: 9, Avg: 16.5, Max: 24, Diff: 15, Sum: 33]
      [Scan RS (ms): Min: 2.1, Avg: 2.1, Max: 2.2, Diff: 0.0, Sum: 4.3]
      [Code Root Scanning (ms): Min: 0.8, Avg: 0.8, Max: 0.8, Diff: 0.0, Sum: 1.6]
      [Object Copy (ms): Min: 0.6, Avg: 0.7, Max: 0.7, Diff: 0.2, Sum: 1.3]
      [Termination (ms): Min: 0.0, Avg: 0.0, Max: 0.0, Diff: 0.0, Sum: 0.0]
      [GC Worker Other (ms): Min: 0.0, Avg: 0.0, Max: 0.1, Diff: 0.0, Sum: 0.1]
      [GC Worker Total (ms): Min: 5.7, Avg: 5.7, Max: 5.7, Diff: 0.0, Sum: 11.4]
      [GC Worker End (ms): Min: 5679771.4, Avg: 5679771.4, Max: 5679771.4, Diff: 0.0]
   [Code Root Fixup: 0.2 ms]
   [Code Root Migration: 0.1 ms]
   [Clear CT: 0.8 ms]
   [Other: 1.6 ms]
      [Choose CSet: 0.0 ms]
      [Ref Proc: 0.1 ms]
      [Ref Enq: 0.0 ms]
      [Free CSet: 1.4 ms]
   [Eden: 3376.0M(3376.0M)->0.0B(3376.0M) Survivors: 2048.0K->2048.0K Heap: 4801.9M(5632.0M)->1425.9M(5632.0M)]
 [Times: user=0.01 sys=0.00, real=0.01 secs] 
2014-06-25T01:45:37.325+0000: 5679.774: Total time for which application threads were stopped: 0.0090071 seconds
2014-06-25T01:45:42.326+0000: 5684.775: Total time for which application threads were stopped: 0.0003648 seconds
2014-06-25T01:45:43.887+0000: 5686.337: [GC pause (G1 Evacuation Pause) (young)
Desired survivor size 222298112 bytes, new threshold 15 (max 15)
- age   1:      33728 bytes,      33728 total
- age   2:      17264 bytes,      50992 total
- age   3:        272 bytes,      51264 total
- age   4:      39664 bytes,      90928 total
- age   5:         40 bytes,      90968 total
- age   6:      35472 bytes,     126440 total
- age   7:      11456 bytes,     137896 total
- age   8:      12360 bytes,     150256 total
- age   9:      56896 bytes,     207152 total
- age  11:       2240 bytes,     209392 total
- age  12:       4360 bytes,     213752 total
- age  13:      10952 bytes,     224704 total
- age  14:       4016 bytes,     228720 total
- age  15:       7176 bytes,     235896 total
, 0.0085039 secs]
   [Parallel Time: 5.8 ms, GC Workers: 2]
      [GC Worker Start (ms): Min: 5686336.7, Avg: 5686336.7, Max: 5686336.7, Diff: 0.0]
      [Ext Root Scanning (ms): Min: 1.1, Avg: 1.3, Max: 1.4, Diff: 0.2, Sum: 2.5]
      [Update RS (ms): Min: 0.6, Avg: 0.7, Max: 0.9, Diff: 0.3, Sum: 1.5]
         [Processed Buffers: Min: 3, Avg: 14.0, Max: 25, Diff: 22, Sum: 28]
      [Scan RS (ms): Min: 2.1, Avg: 2.1, Max: 2.2, Diff: 0.1, Sum: 4.3]
      [Code Root Scanning (ms): Min: 0.8, Avg: 0.8, Max: 0.9, Diff: 0.1, Sum: 1.6]
      [Object Copy (ms): Min: 0.6, Avg: 0.7, Max: 0.7, Diff: 0.1, Sum: 1.3]
      [Termination (ms): Min: 0.0, Avg: 0.0, Max: 0.0, Diff: 0.0, Sum: 0.0]
      [GC Worker Other (ms): Min: 0.0, Avg: 0.0, Max: 0.1, Diff: 0.0, Sum: 0.1]
      [GC Worker Total (ms): Min: 5.7, Avg: 5.7, Max: 5.7, Diff: 0.0, Sum: 11.4]
      [GC Worker End (ms): Min: 5686342.4, Avg: 5686342.4, Max: 5686342.4, Diff: 0.0]
   [Code Root Fixup: 0.2 ms]
   [Code Root Migration: 0.1 ms]
   [Clear CT: 0.8 ms]
   [Other: 1.7 ms]
      [Choose CSet: 0.0 ms]
      [Ref Proc: 0.1 ms]
      [Ref Enq: 0.0 ms]
      [Free CSet: 1.4 ms]
   [Eden: 3376.0M(3376.0M)->0.0B(3376.0M) Survivors: 2048.0K->2048.0K Heap: 4801.9M(5632.0M)->1426.0M(5632.0M)]
 [Times: user=0.00 sys=0.00, real=0.01 secs] 
2014-06-25T01:45:43.896+0000: 5686.345: Total time for which application threads were stopped: 0.0090598 seconds
2014-06-25T01:45:50.426+0000: 5692.875: [GC pause (G1 Evacuation Pause) (young)
Desired survivor size 222298112 bytes, new threshold 15 (max 15)
- age   1:      39904 bytes,      39904 total
- age   2:       4752 bytes,      44656 total
- age   3:      16856 bytes,      61512 total
- age   4:        216 bytes,      61728 total
- age   5:      39616 bytes,     101344 total
- age   6:         40 bytes,     101384 total
- age   7:      35472 bytes,     136856 total
- age   8:      11368 bytes,     148224 total
- age   9:      12360 bytes,     160584 total
- age  10:      56896 bytes,     217480 total
- age  12:       2240 bytes,     219720 total
- age  13:       4360 bytes,     224080 total
- age  14:      10952 bytes,     235032 total
- age  15:       4016 bytes,     239048 total
, 0.0081594 secs]
   [Parallel Time: 5.6 ms, GC Workers: 2]
      [GC Worker Start (ms): Min: 5692875.3, Avg: 5692875.3, Max: 5692875.3, Diff: 0.0]
      [Ext Root Scanning (ms): Min: 1.1, Avg: 1.3, Max: 1.4, Diff: 0.3, Sum: 2.5]
      [Update RS (ms): Min: 0.5, Avg: 0.6, Max: 0.7, Diff: 0.1, Sum: 1.2]
         [Processed Buffers: Min: 9, Avg: 15.0, Max: 21, Diff: 12, Sum: 30]
      [Scan RS (ms): Min: 2.1, Avg: 2.1, Max: 2.2, Diff: 0.0, Sum: 4.3]
      [Code Root Scanning (ms): Min: 0.8, Avg: 0.8, Max: 0.8, Diff: 0.0, Sum: 1.6]
      [Object Copy (ms): Min: 0.6, Avg: 0.7, Max: 0.7, Diff: 0.1, Sum: 1.4]
      [Termination (ms): Min: 0.0, Avg: 0.0, Max: 0.0, Diff: 0.0, Sum: 0.0]
      [GC Worker Other (ms): Min: 0.0, Avg: 0.0, Max: 0.1, Diff: 0.0, Sum: 0.1]
      [GC Worker Total (ms): Min: 5.5, Avg: 5.5, Max: 5.6, Diff: 0.0, Sum: 11.1]
      [GC Worker End (ms): Min: 5692880.8, Avg: 5692880.8, Max: 5692880.8, Diff: 0.0]
   [Code Root Fixup: 0.2 ms]
   [Code Root Migration: 0.1 ms]
   [Clear CT: 0.8 ms]
   [Other: 1.5 ms]
      [Choose CSet: 0.0 ms]
      [Ref Proc: 0.1 ms]
      [Ref Enq: 0.0 ms]
      [Free CSet: 1.3 ms]
   [Eden: 3376.0M(3376.0M)->0.0B(3376.0M) Survivors: 2048.0K->2048.0K Heap: 4802.0M(5632.0M)->1425.8M(5632.0M)]
 [Times: user=0.01 sys=0.00, real=0.01 secs] 
2014-06-25T01:45:50.434+0000: 5692.884: Total time for which application threads were stopped: 0.0086898 seconds
2014-06-25T01:45:51.360+0000: 5693.809: Total time for which application threads were stopped: 0.0004072 seconds
2014-06-25T01:45:52.360+0000: 5694.810: Total time for which application threads were stopped: 0.0003598 seconds
2014-06-25T01:45:56.941+0000: 5699.390: [GC pause (G1 Evacuation Pause) (young)
Desired survivor size 222298112 bytes, new threshold 15 (max 15)
- age   1:      34672 bytes,      34672 total
- age   2:      14184 bytes,      48856 total
- age   3:       4576 bytes,      53432 total
- age   4:      16808 bytes,      70240 total
- age   5:        216 bytes,      70456 total
- age   6:      39616 bytes,     110072 total
- age   7:         40 bytes,     110112 total
- age   8:      35472 bytes,     145584 total
- age   9:      11368 bytes,     156952 total
- age  10:      12360 bytes,     169312 total
- age  11:      56896 bytes,     226208 total
- age  13:       2240 bytes,     228448 total
- age  14:       4360 bytes,     232808 total
- age  15:      10952 bytes,     243760 total
, 0.0085839 secs]
   [Parallel Time: 5.8 ms, GC Workers: 2]
      [GC Worker Start (ms): Min: 5699390.3, Avg: 5699390.3, Max: 5699390.3, Diff: 0.0]
      [Ext Root Scanning (ms): Min: 1.1, Avg: 1.2, Max: 1.3, Diff: 0.2, Sum: 2.4]
      [Update RS (ms): Min: 0.6, Avg: 0.7, Max: 0.7, Diff: 0.0, Sum: 1.3]
         [Processed Buffers: Min: 5, Avg: 14.0, Max: 23, Diff: 18, Sum: 28]
      [Scan RS (ms): Min: 2.2, Avg: 2.2, Max: 2.2, Diff: 0.0, Sum: 4.3]
      [Code Root Scanning (ms): Min: 0.8, Avg: 0.8, Max: 0.8, Diff: 0.0, Sum: 1.7]
      [Object Copy (ms): Min: 0.7, Avg: 0.8, Max: 0.8, Diff: 0.1, Sum: 1.5]
      [Termination (ms): Min: 0.0, Avg: 0.0, Max: 0.0, Diff: 0.0, Sum: 0.0]
      [GC Worker Other (ms): Min: 0.0, Avg: 0.1, Max: 0.1, Diff: 0.0, Sum: 0.1]
      [GC Worker Total (ms): Min: 5.7, Avg: 5.7, Max: 5.7, Diff: 0.0, Sum: 11.4]
      [GC Worker End (ms): Min: 5699396.0, Avg: 5699396.0, Max: 5699396.0, Diff: 0.0]
   [Code Root Fixup: 0.2 ms]
   [Code Root Migration: 0.1 ms]
   [Clear CT: 0.8 ms]
   [Other: 1.8 ms]
      [Choose CSet: 0.0 ms]
      [Ref Proc: 0.1 ms]
      [Ref Enq: 0.0 ms]
      [Free CSet: 1.5 ms]
   [Eden: 3376.0M(3376.0M)->0.0B(3376.0M) Survivors: 2048.0K->2048.0K Heap: 4801.8M(5632.0M)->1425.9M(5632.0M)]
 [Times: user=0.01 sys=0.01, real=0.01 secs] 
2014-06-25T01:45:56.950+0000: 5699.399: Total time for which application threads were stopped: 0.0091234 seconds
2014-06-25T01:46:01.288+0000: 5703.737: Total time for which application threads were stopped: 0.0003673 seconds
2014-06-25T01:46:03.630+0000: 5706.080: [GC pause (G1 Evacuation Pause) (young)
Desired survivor size 222298112 bytes, new threshold 15 (max 15)
- age   1:      87816 bytes,      87816 total
- age   2:       5320 bytes,      93136 total
- age   3:      13528 bytes,     106664 total
- age   4:       4464 bytes,     111128 total
- age   5:      16704 bytes,     127832 total
- age   6:        216 bytes,     128048 total
- age   7:      38416 bytes,     166464 total
- age   9:      35368 bytes,     201832 total
- age  10:      11328 bytes,     213160 total
- age  11:      12008 bytes,     225168 total
- age  12:      56528 bytes,     281696 total
- age  14:       2240 bytes,     283936 total
- age  15:       4360 bytes,     288296 total
, 0.0085402 secs]
   [Parallel Time: 5.8 ms, GC Workers: 2]
      [GC Worker Start (ms): Min: 5706079.6, Avg: 5706079.6, Max: 5706079.7, Diff: 0.0]
      [Ext Root Scanning (ms): Min: 1.1, Avg: 1.3, Max: 1.4, Diff: 0.3, Sum: 2.5]
      [Update RS (ms): Min: 0.6, Avg: 0.7, Max: 0.8, Diff: 0.2, Sum: 1.4]
         [Processed Buffers: Min: 4, Avg: 16.5, Max: 29, Diff: 25, Sum: 33]
      [Scan RS (ms): Min: 2.1, Avg: 2.2, Max: 2.2, Diff: 0.1, Sum: 4.3]
      [Code Root Scanning (ms): Min: 0.8, Avg: 0.8, Max: 0.8, Diff: 0.0, Sum: 1.7]
      [Object Copy (ms): Min: 0.6, Avg: 0.7, Max: 0.8, Diff: 0.2, Sum: 1.5]
      [Termination (ms): Min: 0.0, Avg: 0.0, Max: 0.0, Diff: 0.0, Sum: 0.0]
      [GC Worker Other (ms): Min: 0.1, Avg: 0.1, Max: 0.1, Diff: 0.0, Sum: 0.1]
      [GC Worker Total (ms): Min: 5.7, Avg: 5.7, Max: 5.8, Diff: 0.0, Sum: 11.5]
      [GC Worker End (ms): Min: 5706085.4, Avg: 5706085.4, Max: 5706085.4, Diff: 0.0]
   [Code Root Fixup: 0.2 ms]
   [Code Root Migration: 0.1 ms]
   [Clear CT: 0.8 ms]
   [Other: 1.7 ms]
      [Choose CSet: 0.0 ms]
      [Ref Proc: 0.1 ms]
      [Ref Enq: 0.0 ms]
      [Free CSet: 1.5 ms]
   [Eden: 3376.0M(3376.0M)->0.0B(3376.0M) Survivors: 2048.0K->2048.0K Heap: 4801.9M(5632.0M)->1426.0M(5632.0M)]
 [Times: user=0.01 sys=0.00, real=0.01 secs] 
2014-06-25T01:46:03.639+0000: 5706.088: Total time for which application threads were stopped: 0.0090907 seconds
2014-06-25T01:46:10.268+0000: 5712.717: [GC pause (G1 Evacuation Pause) (young)
Desired survivor size 222298112 bytes, new threshold 15 (max 15)
- age   1:      60912 bytes,      60912 total
- age   2:      61728 bytes,     122640 total
- age   3:       4952 bytes,     127592 total
- age   4:      13504 bytes,     141096 total
- age   5:       4464 bytes,     145560 total
- age   6:      16584 bytes,     162144 total
- age   7:        216 bytes,     162360 total
- age   8:      37992 bytes,     200352 total
- age  10:      35336 bytes,     235688 total
- age  11:      11248 bytes,     246936 total
- age  12:      12008 bytes,     258944 total
- age  13:      56528 bytes,     315472 total
- age  15:       2240 bytes,     317712 total
, 0.0083704 secs]
   [Parallel Time: 5.7 ms, GC Workers: 2]
      [GC Worker Start (ms): Min: 5712717.2, Avg: 5712717.2, Max: 5712717.2, Diff: 0.0]
      [Ext Root Scanning (ms): Min: 1.1, Avg: 1.3, Max: 1.4, Diff: 0.3, Sum: 2.5]
      [Update RS (ms): Min: 0.6, Avg: 0.6, Max: 0.7, Diff: 0.1, Sum: 1.3]
         [Processed Buffers: Min: 11, Avg: 14.5, Max: 18, Diff: 7, Sum: 29]
      [Scan RS (ms): Min: 2.1, Avg: 2.2, Max: 2.2, Diff: 0.1, Sum: 4.3]
      [Code Root Scanning (ms): Min: 0.8, Avg: 0.8, Max: 0.8, Diff: 0.0, Sum: 1.6]
      [Object Copy (ms): Min: 0.7, Avg: 0.7, Max: 0.8, Diff: 0.1, Sum: 1.4]
      [Termination (ms): Min: 0.0, Avg: 0.0, Max: 0.0, Diff: 0.0, Sum: 0.0]
      [GC Worker Other (ms): Min: 0.0, Avg: 0.0, Max: 0.1, Diff: 0.0, Sum: 0.1]
      [GC Worker Total (ms): Min: 5.6, Avg: 5.6, Max: 5.6, Diff: 0.0, Sum: 11.3]
      [GC Worker End (ms): Min: 5712722.8, Avg: 5712722.8, Max: 5712722.8, Diff: 0.0]
   [Code Root Fixup: 0.2 ms]
   [Code Root Migration: 0.1 ms]
   [Clear CT: 0.8 ms]
   [Other: 1.6 ms]
      [Choose CSet: 0.0 ms]
      [Ref Proc: 0.1 ms]
      [Ref Enq: 0.0 ms]
      [Free CSet: 1.4 ms]
   [Eden: 3376.0M(3376.0M)->0.0B(3376.0M) Survivors: 2048.0K->2048.0K Heap: 4802.0M(5632.0M)->1426.0M(5632.0M)]
 [Times: user=0.01 sys=0.01, real=0.01 secs] 
2014-06-25T01:46:10.277+0000: 5712.726: Total time for which application threads were stopped: 0.0089050 seconds
2014-06-25T01:46:16.289+0000: 5718.738: Total time for which application threads were stopped: 0.0003790 seconds
2014-06-25T01:46:16.818+0000: 5719.267: [GC pause (G1 Evacuation Pause) (young)
Desired survivor size 222298112 bytes, new threshold 15 (max 15)
- age   1:      29968 bytes,      29968 total
- age   2:      37096 bytes,      67064 total
- age   3:      60984 bytes,     128048 total
- age   4:       4872 bytes,     132920 total
- age   5:      13256 bytes,     146176 total
- age   6:       4440 bytes,     150616 total
- age   7:      16584 bytes,     167200 total
- age   8:        216 bytes,     167416 total
- age   9:      35904 bytes,     203320 total
- age  11:      35336 bytes,     238656 total
- age  12:      11088 bytes,     249744 total
- age  13:      12008 bytes,     261752 total
- age  14:      56344 bytes,     318096 total
, 0.0083911 secs]
   [Parallel Time: 5.7 ms, GC Workers: 2]
      [GC Worker Start (ms): Min: 5719266.8, Avg: 5719266.8, Max: 5719266.8, Diff: 0.0]
      [Ext Root Scanning (ms): Min: 1.1, Avg: 1.3, Max: 1.4, Diff: 0.3, Sum: 2.5]
      [Update RS (ms): Min: 0.6, Avg: 0.7, Max: 0.7, Diff: 0.1, Sum: 1.3]
         [Processed Buffers: Min: 13, Avg: 14.0, Max: 15, Diff: 2, Sum: 28]
      [Scan RS (ms): Min: 2.1, Avg: 2.2, Max: 2.2, Diff: 0.0, Sum: 4.3]
      [Code Root Scanning (ms): Min: 0.8, Avg: 0.8, Max: 0.8, Diff: 0.0, Sum: 1.6]
      [Object Copy (ms): Min: 0.6, Avg: 0.7, Max: 0.8, Diff: 0.1, Sum: 1.4]
      [Termination (ms): Min: 0.0, Avg: 0.0, Max: 0.0, Diff: 0.0, Sum: 0.0]
      [GC Worker Other (ms): Min: 0.0, Avg: 0.0, Max: 0.1, Diff: 0.0, Sum: 0.1]
      [GC Worker Total (ms): Min: 5.6, Avg: 5.6, Max: 5.7, Diff: 0.0, Sum: 11.3]
      [GC Worker End (ms): Min: 5719272.4, Avg: 5719272.4, Max: 5719272.4, Diff: 0.0]
   [Code Root Fixup: 0.2 ms]
   [Code Root Migration: 0.1 ms]
   [Clear CT: 0.8 ms]
   [Other: 1.7 ms]
      [Choose CSet: 0.0 ms]
      [Ref Proc: 0.1 ms]
      [Ref Enq: 0.0 ms]
      [Free CSet: 1.4 ms]
   [Eden: 3376.0M(3376.0M)->0.0B(3376.0M) Survivors: 2048.0K->2048.0K Heap: 4802.0M(5632.0M)->1426.1M(5632.0M)]
 [Times: user=0.01 sys=0.00, real=0.01 secs] 
2014-06-25T01:46:16.826+0000: 5719.275: Total time for which application threads were stopped: 0.0089536 seconds
2014-06-25T01:46:23.512+0000: 5725.961: [GC pause (G1 Evacuation Pause) (young)
Desired survivor size 222298112 bytes, new threshold 15 (max 15)
- age   1:      29880 bytes,      29880 total
- age   2:       4416 bytes,      34296 total
- age   3:       2136 bytes,      36432 total
- age   4:      60864 bytes,      97296 total
- age   5:       4872 bytes,     102168 total
- age   6:      13256 bytes,     115424 total
- age   7:       4416 bytes,     119840 total
- age   8:      16584 bytes,     136424 total
- age   9:        216 bytes,     136640 total
- age  10:      35904 bytes,     172544 total
- age  12:      35336 bytes,     207880 total
- age  13:      11088 bytes,     218968 total
- age  14:      12008 bytes,     230976 total
- age  15:      56344 bytes,     287320 total
, 0.0086542 secs]
   [Parallel Time: 5.9 ms, GC Workers: 2]
      [GC Worker Start (ms): Min: 5725961.3, Avg: 5725961.3, Max: 5725961.3, Diff: 0.0]
      [Ext Root Scanning (ms): Min: 1.1, Avg: 1.3, Max: 1.4, Diff: 0.3, Sum: 2.6]
      [Update RS (ms): Min: 0.5, Avg: 0.6, Max: 0.7, Diff: 0.1, Sum: 1.2]
         [Processed Buffers: Min: 1, Avg: 13.0, Max: 25, Diff: 24, Sum: 26]
      [Scan RS (ms): Min: 2.1, Avg: 2.2, Max: 2.2, Diff: 0.0, Sum: 4.3]
      [Code Root Scanning (ms): Min: 0.8, Avg: 0.8, Max: 0.8, Diff: 0.0, Sum: 1.6]
      [Object Copy (ms): Min: 0.7, Avg: 0.8, Max: 0.9, Diff: 0.2, Sum: 1.6]
      [Termination (ms): Min: 0.0, Avg: 0.0, Max: 0.0, Diff: 0.0, Sum: 0.0]
      [GC Worker Other (ms): Min: 0.0, Avg: 0.1, Max: 0.1, Diff: 0.0, Sum: 0.1]
      [GC Worker Total (ms): Min: 5.7, Avg: 5.8, Max: 5.8, Diff: 0.0, Sum: 11.5]
      [GC Worker End (ms): Min: 5725967.0, Avg: 5725967.0, Max: 5725967.0, Diff: 0.0]
   [Code Root Fixup: 0.2 ms]
   [Code Root Migration: 0.1 ms]
   [Clear CT: 0.8 ms]
   [Other: 1.8 ms]
      [Choose CSet: 0.0 ms]
      [Ref Proc: 0.1 ms]
      [Ref Enq: 0.0 ms]
      [Free CSet: 1.5 ms]
   [Eden: 3376.0M(3376.0M)->0.0B(3376.0M) Survivors: 2048.0K->2048.0K Heap: 4802.1M(5632.0M)->1425.9M(5632.0M)]
 [Times: user=0.01 sys=0.01, real=0.01 secs] 
2014-06-25T01:46:23.521+0000: 5725.970: Total time for which application threads were stopped: 0.0092595 seconds
2014-06-25T01:46:30.058+0000: 5732.507: [GC pause (G1 Evacuation Pause) (young)
Desired survivor size 222298112 bytes, new threshold 15 (max 15)
- age   1:      28880 bytes,      28880 total
- age   2:      17736 bytes,      46616 total
- age   3:       4136 bytes,      50752 total
- age   4:       2040 bytes,      52792 total
- age   5:      60864 bytes,     113656 total
- age   6:       4872 bytes,     118528 total
- age   7:      13256 bytes,     131784 total
- age   8:       4416 bytes,     136200 total
- age   9:      16584 bytes,     152784 total
- age  10:        216 bytes,     153000 total
- age  11:      35904 bytes,     188904 total
- age  13:      35200 bytes,     224104 total
- age  14:      11088 bytes,     235192 total
- age  15:      12008 bytes,     247200 total
, 0.0085124 secs]
   [Parallel Time: 5.8 ms, GC Workers: 2]
      [GC Worker Start (ms): Min: 5732507.0, Avg: 5732507.0, Max: 5732507.0, Diff: 0.0]
      [Ext Root Scanning (ms): Min: 1.1, Avg: 1.2, Max: 1.4, Diff: 0.3, Sum: 2.5]
      [Update RS (ms): Min: 0.7, Avg: 0.8, Max: 0.8, Diff: 0.1, Sum: 1.5]
         [Processed Buffers: Min: 16, Avg: 16.0, Max: 16, Diff: 0, Sum: 32]
      [Scan RS (ms): Min: 2.1, Avg: 2.2, Max: 2.2, Diff: 0.0, Sum: 4.3]
      [Code Root Scanning (ms): Min: 0.8, Avg: 0.8, Max: 0.8, Diff: 0.0, Sum: 1.6]
      [Object Copy (ms): Min: 0.6, Avg: 0.7, Max: 0.8, Diff: 0.2, Sum: 1.4]
      [Termination (ms): Min: 0.0, Avg: 0.0, Max: 0.0, Diff: 0.0, Sum: 0.0]
      [GC Worker Other (ms): Min: 0.0, Avg: 0.1, Max: 0.1, Diff: 0.0, Sum: 0.1]
      [GC Worker Total (ms): Min: 5.7, Avg: 5.8, Max: 5.8, Diff: 0.0, Sum: 11.5]
      [GC Worker End (ms): Min: 5732512.7, Avg: 5732512.8, Max: 5732512.8, Diff: 0.0]
   [Code Root Fixup: 0.2 ms]
   [Code Root Migration: 0.1 ms]
   [Clear CT: 0.8 ms]
   [Other: 1.7 ms]
      [Choose CSet: 0.0 ms]
      [Ref Proc: 0.1 ms]
      [Ref Enq: 0.0 ms]
      [Free CSet: 1.4 ms]
   [Eden: 3376.0M(3376.0M)->0.0B(3376.0M) Survivors: 2048.0K->2048.0K Heap: 4801.9M(5632.0M)->1426.2M(5632.0M)]
 [Times: user=0.01 sys=0.00, real=0.01 secs] 
2014-06-25T01:46:30.066+0000: 5732.516: Total time for which application threads were stopped: 0.0090483 seconds
2014-06-25T01:46:36.600+0000: 5739.049: [GC pause (G1 Evacuation Pause) (young)
Desired survivor size 222298112 bytes, new threshold 15 (max 15)
- age   1:      54200 bytes,      54200 total
- age   2:       7176 bytes,      61376 total
- age   3:       5184 bytes,      66560 total
- age   4:       3968 bytes,      70528 total
- age   5:       1896 bytes,      72424 total
- age   6:      55816 bytes,     128240 total
- age   7:       4848 bytes,     133088 total
- age   8:      13080 bytes,     146168 total
- age   9:       4248 bytes,     150416 total
- age  10:      16552 bytes,     166968 total
- age  11:        216 bytes,     167184 total
- age  12:      35904 bytes,     203088 total
- age  14:      35200 bytes,     238288 total
- age  15:      11088 bytes,     249376 total
, 0.0084936 secs]
   [Parallel Time: 5.8 ms, GC Workers: 2]
      [GC Worker Start (ms): Min: 5739048.8, Avg: 5739048.8, Max: 5739048.8, Diff: 0.0]
      [Ext Root Scanning (ms): Min: 1.1, Avg: 1.3, Max: 1.4, Diff: 0.3, Sum: 2.5]
      [Update RS (ms): Min: 0.6, Avg: 0.7, Max: 0.8, Diff: 0.1, Sum: 1.4]
         [Processed Buffers: Min: 13, Avg: 15.5, Max: 18, Diff: 5, Sum: 31]
      [Scan RS (ms): Min: 2.1, Avg: 2.2, Max: 2.2, Diff: 0.0, Sum: 4.3]
      [Code Root Scanning (ms): Min: 0.8, Avg: 0.8, Max: 0.8, Diff: 0.0, Sum: 1.7]
      [Object Copy (ms): Min: 0.6, Avg: 0.7, Max: 0.8, Diff: 0.2, Sum: 1.4]
      [Termination (ms): Min: 0.0, Avg: 0.0, Max: 0.0, Diff: 0.0, Sum: 0.0]
      [GC Worker Other (ms): Min: 0.0, Avg: 0.1, Max: 0.1, Diff: 0.0, Sum: 0.1]
      [GC Worker Total (ms): Min: 5.7, Avg: 5.7, Max: 5.7, Diff: 0.0, Sum: 11.4]
      [GC Worker End (ms): Min: 5739054.5, Avg: 5739054.5, Max: 5739054.5, Diff: 0.0]
   [Code Root Fixup: 0.2 ms]
   [Code Root Migration: 0.1 ms]
   [Clear CT: 0.8 ms]
   [Other: 1.7 ms]
      [Choose CSet: 0.0 ms]
      [Ref Proc: 0.1 ms]
      [Ref Enq: 0.0 ms]
      [Free CSet: 1.4 ms]
   [Eden: 3376.0M(3376.0M)->0.0B(3376.0M) Survivors: 2048.0K->2048.0K Heap: 4802.2M(5632.0M)->1426.0M(5632.0M)]
 [Times: user=0.01 sys=0.00, real=0.00 secs] 
2014-06-25T01:46:36.608+0000: 5739.057: Total time for which application threads were stopped: 0.0090388 seconds
2014-06-25T01:46:39.609+0000: 5742.058: Total time for which application threads were stopped: 0.0003642 seconds
2014-06-25T01:46:40.609+0000: 5743.059: Total time for which application threads were stopped: 0.0003652 seconds
2014-06-25T01:46:43.137+0000: 5745.587: [GC pause (G1 Evacuation Pause) (young)
Desired survivor size 222298112 bytes, new threshold 15 (max 15)
- age   1:      35032 bytes,      35032 total
- age   2:      27312 bytes,      62344 total
- age   3:       7120 bytes,      69464 total
- age   4:       4992 bytes,      74456 total
- age   5:       3872 bytes,      78328 total
- age   6:       1848 bytes,      80176 total
- age   7:      55712 bytes,     135888 total
- age   8:       4848 bytes,     140736 total
- age   9:      11808 bytes,     152544 total
- age  10:       4048 bytes,     156592 total
- age  11:      16552 bytes,     173144 total
- age  12:        216 bytes,     173360 total
- age  13:      35768 bytes,     209128 total
- age  15:      35200 bytes,     244328 total
, 0.0084222 secs]
   [Parallel Time: 5.8 ms, GC Workers: 2]
      [GC Worker Start (ms): Min: 5745586.7, Avg: 5745586.7, Max: 5745586.7, Diff: 0.0]
      [Ext Root Scanning (ms): Min: 1.1, Avg: 1.3, Max: 1.4, Diff: 0.3, Sum: 2.5]
      [Update RS (ms): Min: 0.6, Avg: 0.7, Max: 0.8, Diff: 0.2, Sum: 1.4]
         [Processed Buffers: Min: 4, Avg: 14.5, Max: 25, Diff: 21, Sum: 29]
      [Scan RS (ms): Min: 2.2, Avg: 2.2, Max: 2.2, Diff: 0.0, Sum: 4.3]
      [Code Root Scanning (ms): Min: 0.8, Avg: 0.8, Max: 0.8, Diff: 0.0, Sum: 1.6]
      [Object Copy (ms): Min: 0.6, Avg: 0.7, Max: 0.8, Diff: 0.1, Sum: 1.4]
      [Termination (ms): Min: 0.0, Avg: 0.0, Max: 0.0, Diff: 0.0, Sum: 0.0]
      [GC Worker Other (ms): Min: 0.0, Avg: 0.0, Max: 0.1, Diff: 0.0, Sum: 0.1]
      [GC Worker Total (ms): Min: 5.7, Avg: 5.7, Max: 5.7, Diff: 0.0, Sum: 11.4]
      [GC Worker End (ms): Min: 5745592.4, Avg: 5745592.4, Max: 5745592.4, Diff: 0.0]
   [Code Root Fixup: 0.2 ms]
   [Code Root Migration: 0.1 ms]
   [Clear CT: 0.8 ms]
   [Other: 1.6 ms]
      [Choose CSet: 0.0 ms]
      [Ref Proc: 0.1 ms]
      [Ref Enq: 0.0 ms]
      [Free CSet: 1.4 ms]
   [Eden: 3376.0M(3376.0M)->0.0B(3376.0M) Survivors: 2048.0K->2048.0K Heap: 4802.0M(5632.0M)->1426.1M(5632.0M)]
 [Times: user=0.02 sys=0.00, real=0.01 secs] 
2014-06-25T01:46:43.146+0000: 5745.595: Total time for which application threads were stopped: 0.0089690 seconds
2014-06-25T01:46:49.711+0000: 5752.160: [GC pause (G1 Evacuation Pause) (young)
Desired survivor size 222298112 bytes, new threshold 15 (max 15)
- age   1:      38320 bytes,      38320 total
- age   2:       8168 bytes,      46488 total
- age   3:      26880 bytes,      73368 total
- age   4:       7096 bytes,      80464 total
- age   5:       4784 bytes,      85248 total
- age   6:       3776 bytes,      89024 total
- age   7:       1848 bytes,      90872 total
- age   8:      55712 bytes,     146584 total
- age   9:       4848 bytes,     151432 total
- age  10:      11808 bytes,     163240 total
- age  11:       4048 bytes,     167288 total
- age  12:      16552 bytes,     183840 total
- age  13:        216 bytes,     184056 total
- age  14:      35768 bytes,     219824 total
, 0.0085516 secs]
   [Parallel Time: 5.8 ms, GC Workers: 2]
      [GC Worker Start (ms): Min: 5752160.0, Avg: 5752160.0, Max: 5752160.0, Diff: 0.0]
      [Ext Root Scanning (ms): Min: 1.1, Avg: 1.3, Max: 1.4, Diff: 0.3, Sum: 2.6]
      [Update RS (ms): Min: 0.7, Avg: 0.8, Max: 0.8, Diff: 0.1, Sum: 1.5]
         [Processed Buffers: Min: 5, Avg: 14.5, Max: 24, Diff: 19, Sum: 29]
      [Scan RS (ms): Min: 2.1, Avg: 2.1, Max: 2.2, Diff: 0.0, Sum: 4.3]
      [Code Root Scanning (ms): Min: 0.8, Avg: 0.8, Max: 0.8, Diff: 0.0, Sum: 1.7]
      [Object Copy (ms): Min: 0.5, Avg: 0.6, Max: 0.7, Diff: 0.2, Sum: 1.2]
      [Termination (ms): Min: 0.0, Avg: 0.0, Max: 0.0, Diff: 0.0, Sum: 0.0]
      [GC Worker Other (ms): Min: 0.0, Avg: 0.1, Max: 0.1, Diff: 0.0, Sum: 0.1]
      [GC Worker Total (ms): Min: 5.7, Avg: 5.7, Max: 5.7, Diff: 0.0, Sum: 11.4]
      [GC Worker End (ms): Min: 5752165.6, Avg: 5752165.7, Max: 5752165.7, Diff: 0.0]
   [Code Root Fixup: 0.2 ms]
   [Code Root Migration: 0.1 ms]
   [Clear CT: 0.8 ms]
   [Other: 1.7 ms]
      [Choose CSet: 0.0 ms]
      [Ref Proc: 0.1 ms]
      [Ref Enq: 0.0 ms]
      [Free CSet: 1.5 ms]
   [Eden: 3376.0M(3376.0M)->0.0B(3376.0M) Survivors: 2048.0K->2048.0K Heap: 4802.1M(5632.0M)->1425.9M(5632.0M)]
 [Times: user=0.01 sys=0.01, real=0.01 secs] 
2014-06-25T01:46:49.719+0000: 5752.169: Total time for which application threads were stopped: 0.0091168 seconds
2014-06-25T01:46:56.276+0000: 5758.725: [GC pause (G1 Evacuation Pause) (young)
Desired survivor size 222298112 bytes, new threshold 15 (max 15)
- age   1:      31672 bytes,      31672 total
- age   2:      10904 bytes,      42576 total
- age   3:       7992 bytes,      50568 total
- age   4:      26744 bytes,      77312 total
- age   5:       7096 bytes,      84408 total
- age   6:       4728 bytes,      89136 total
- age   7:       3232 bytes,      92368 total
- age   8:       1792 bytes,      94160 total
- age   9:      55208 bytes,     149368 total
- age  10:       4792 bytes,     154160 total
- age  11:      11528 bytes,     165688 total
- age  12:       3936 bytes,     169624 total
- age  13:      16448 bytes,     186072 total
- age  14:        216 bytes,     186288 total
- age  15:      35768 bytes,     222056 total
, 0.0084799 secs]
   [Parallel Time: 5.7 ms, GC Workers: 2]
      [GC Worker Start (ms): Min: 5758724.9, Avg: 5758724.9, Max: 5758724.9, Diff: 0.0]
      [Ext Root Scanning (ms): Min: 1.1, Avg: 1.3, Max: 1.4, Diff: 0.3, Sum: 2.5]
      [Update RS (ms): Min: 0.6, Avg: 0.6, Max: 0.7, Diff: 0.1, Sum: 1.2]
         [Processed Buffers: Min: 6, Avg: 13.0, Max: 20, Diff: 14, Sum: 26]
      [Scan RS (ms): Min: 2.1, Avg: 2.1, Max: 2.2, Diff: 0.0, Sum: 4.3]
      [Code Root Scanning (ms): Min: 0.8, Avg: 0.8, Max: 0.8, Diff: 0.0, Sum: 1.7]
      [Object Copy (ms): Min: 0.6, Avg: 0.7, Max: 0.8, Diff: 0.2, Sum: 1.4]
      [Termination (ms): Min: 0.0, Avg: 0.0, Max: 0.0, Diff: 0.0, Sum: 0.0]
      [GC Worker Other (ms): Min: 0.0, Avg: 0.0, Max: 0.1, Diff: 0.0, Sum: 0.1]
      [GC Worker Total (ms): Min: 5.6, Avg: 5.6, Max: 5.6, Diff: 0.0, Sum: 11.2]
      [GC Worker End (ms): Min: 5758730.5, Avg: 5758730.5, Max: 5758730.5, Diff: 0.0]
   [Code Root Fixup: 0.2 ms]
   [Code Root Migration: 0.1 ms]
   [Clear CT: 0.8 ms]
   [Other: 1.8 ms]
      [Choose CSet: 0.0 ms]
      [Ref Proc: 0.1 ms]
      [Ref Enq: 0.0 ms]
      [Free CSet: 1.5 ms]
   [Eden: 3376.0M(3376.0M)->0.0B(3376.0M) Survivors: 2048.0K->2048.0K Heap: 4801.9M(5632.0M)->1425.9M(5632.0M)]
 [Times: user=0.01 sys=0.00, real=0.01 secs] 
2014-06-25T01:46:56.284+0000: 5758.734: Total time for which application threads were stopped: 0.0090395 seconds
2014-06-25T01:47:02.982+0000: 5765.431: [GC pause (G1 Evacuation Pause) (young)
Desired survivor size 222298112 bytes, new threshold 15 (max 15)
- age   1:      24816 bytes,      24816 total
- age   2:      18888 bytes,      43704 total
- age   3:      10816 bytes,      54520 total
- age   4:       7944 bytes,      62464 total
- age   5:      26720 bytes,      89184 total
- age   6:       7096 bytes,      96280 total
- age   7:       4728 bytes,     101008 total
- age   8:       3232 bytes,     104240 total
- age   9:       1792 bytes,     106032 total
- age  10:      55208 bytes,     161240 total
- age  11:       4792 bytes,     166032 total
- age  12:      11528 bytes,     177560 total
- age  13:       3936 bytes,     181496 total
- age  14:      16448 bytes,     197944 total
- age  15:        216 bytes,     198160 total
, 0.0087233 secs]
   [Parallel Time: 5.8 ms, GC Workers: 2]
      [GC Worker Start (ms): Min: 5765431.4, Avg: 5765431.4, Max: 5765431.4, Diff: 0.0]
      [Ext Root Scanning (ms): Min: 1.1, Avg: 1.3, Max: 1.4, Diff: 0.3, Sum: 2.6]
      [Update RS (ms): Min: 0.6, Avg: 0.7, Max: 0.7, Diff: 0.0, Sum: 1.3]
         [Processed Buffers: Min: 1, Avg: 14.0, Max: 27, Diff: 26, Sum: 28]
      [Scan RS (ms): Min: 2.2, Avg: 2.2, Max: 2.2, Diff: 0.0, Sum: 4.4]
      [Code Root Scanning (ms): Min: 0.8, Avg: 0.9, Max: 1.0, Diff: 0.1, Sum: 1.8]
      [Object Copy (ms): Min: 0.6, Avg: 0.6, Max: 0.7, Diff: 0.1, Sum: 1.2]
      [Termination (ms): Min: 0.0, Avg: 0.0, Max: 0.0, Diff: 0.0, Sum: 0.0]
      [GC Worker Other (ms): Min: 0.1, Avg: 0.1, Max: 0.1, Diff: 0.0, Sum: 0.1]
      [GC Worker Total (ms): Min: 5.7, Avg: 5.7, Max: 5.8, Diff: 0.0, Sum: 11.5]
      [GC Worker End (ms): Min: 5765437.2, Avg: 5765437.2, Max: 5765437.2, Diff: 0.0]
   [Code Root Fixup: 0.2 ms]
   [Code Root Migration: 0.1 ms]
   [Clear CT: 0.8 ms]
   [Other: 1.8 ms]
      [Choose CSet: 0.0 ms]
      [Ref Proc: 0.1 ms]
      [Ref Enq: 0.0 ms]
      [Free CSet: 1.6 ms]
   [Eden: 3376.0M(3376.0M)->0.0B(3376.0M) Survivors: 2048.0K->2048.0K Heap: 4801.9M(5632.0M)->1426.1M(5632.0M)]
 [Times: user=0.02 sys=0.01, real=0.01 secs] 
2014-06-25T01:47:02.991+0000: 5765.440: Total time for which application threads were stopped: 0.0093022 seconds
2014-06-25T01:47:09.612+0000: 5772.061: [GC pause (G1 Evacuation Pause) (young)
Desired survivor size 222298112 bytes, new threshold 15 (max 15)
- age   1:      36824 bytes,      36824 total
- age   2:       8768 bytes,      45592 total
- age   3:       5760 bytes,      51352 total
- age   4:      10352 bytes,      61704 total
- age   5:       7896 bytes,      69600 total
- age   6:      26552 bytes,      96152 total
- age   7:       7096 bytes,     103248 total
- age   8:       4704 bytes,     107952 total
- age   9:       3232 bytes,     111184 total
- age  10:       1760 bytes,     112944 total
- age  11:      55208 bytes,     168152 total
- age  12:       4792 bytes,     172944 total
- age  13:      11528 bytes,     184472 total
- age  14:       3936 bytes,     188408 total
- age  15:      16448 bytes,     204856 total
, 0.0085164 secs]
   [Parallel Time: 5.6 ms, GC Workers: 2]
      [GC Worker Start (ms): Min: 5772061.3, Avg: 5772061.3, Max: 5772061.3, Diff: 0.0]
      [Ext Root Scanning (ms): Min: 1.1, Avg: 1.3, Max: 1.4, Diff: 0.3, Sum: 2.5]
      [Update RS (ms): Min: 0.6, Avg: 0.6, Max: 0.6, Diff: 0.0, Sum: 1.2]
         [Processed Buffers: Min: 1, Avg: 15.0, Max: 29, Diff: 28, Sum: 30]
      [Scan RS (ms): Min: 2.1, Avg: 2.1, Max: 2.2, Diff: 0.1, Sum: 4.3]
      [Code Root Scanning (ms): Min: 0.8, Avg: 0.8, Max: 0.8, Diff: 0.0, Sum: 1.6]
      [Object Copy (ms): Min: 0.6, Avg: 0.6, Max: 0.7, Diff: 0.2, Sum: 1.3]
      [Termination (ms): Min: 0.0, Avg: 0.0, Max: 0.0, Diff: 0.0, Sum: 0.0]
      [GC Worker Other (ms): Min: 0.0, Avg: 0.1, Max: 0.1, Diff: 0.0, Sum: 0.1]
      [GC Worker Total (ms): Min: 5.5, Avg: 5.5, Max: 5.5, Diff: 0.0, Sum: 11.0]
      [GC Worker End (ms): Min: 5772066.8, Avg: 5772066.8, Max: 5772066.8, Diff: 0.0]
   [Code Root Fixup: 0.2 ms]
   [Code Root Migration: 0.1 ms]
   [Clear CT: 0.8 ms]
   [Other: 1.9 ms]
      [Choose CSet: 0.0 ms]
      [Ref Proc: 0.1 ms]
      [Ref Enq: 0.0 ms]
      [Free CSet: 1.6 ms]
   [Eden: 3376.0M(3376.0M)->0.0B(3376.0M) Survivors: 2048.0K->2048.0K Heap: 4802.1M(5632.0M)->1426.0M(5632.0M)]
 [Times: user=0.01 sys=0.00, real=0.01 secs] 
2014-06-25T01:47:09.621+0000: 5772.070: Total time for which application threads were stopped: 0.0090787 seconds
2014-06-25T01:47:16.199+0000: 5778.649: [GC pause (G1 Evacuation Pause) (young)
Desired survivor size 222298112 bytes, new threshold 15 (max 15)
- age   1:      37528 bytes,      37528 total
- age   2:       7624 bytes,      45152 total
- age   3:       8648 bytes,      53800 total
- age   4:       5504 bytes,      59304 total
- age   5:      10208 bytes,      69512 total
- age   6:       7600 bytes,      77112 total
- age   7:      26496 bytes,     103608 total
- age   8:       7096 bytes,     110704 total
- age   9:       4704 bytes,     115408 total
- age  10:       3232 bytes,     118640 total
- age  11:       1760 bytes,     120400 total
- age  12:      55000 bytes,     175400 total
- age  13:       4792 bytes,     180192 total
- age  14:      11528 bytes,     191720 total
- age  15:       3936 bytes,     195656 total
, 0.0082770 secs]
   [Parallel Time: 5.5 ms, GC Workers: 2]
      [GC Worker Start (ms): Min: 5778648.7, Avg: 5778648.7, Max: 5778648.7, Diff: 0.0]
      [Ext Root Scanning (ms): Min: 1.1, Avg: 1.3, Max: 1.4, Diff: 0.3, Sum: 2.5]
      [Update RS (ms): Min: 0.6, Avg: 0.6, Max: 0.7, Diff: 0.1, Sum: 1.3]
         [Processed Buffers: Min: 6, Avg: 14.5, Max: 23, Diff: 17, Sum: 29]
      [Scan RS (ms): Min: 2.1, Avg: 2.1, Max: 2.1, Diff: 0.0, Sum: 4.2]
      [Code Root Scanning (ms): Min: 0.8, Avg: 0.8, Max: 0.8, Diff: 0.0, Sum: 1.6]
      [Object Copy (ms): Min: 0.5, Avg: 0.6, Max: 0.7, Diff: 0.2, Sum: 1.2]
      [Termination (ms): Min: 0.0, Avg: 0.0, Max: 0.0, Diff: 0.0, Sum: 0.0]
      [GC Worker Other (ms): Min: 0.0, Avg: 0.0, Max: 0.1, Diff: 0.0, Sum: 0.1]
      [GC Worker Total (ms): Min: 5.4, Avg: 5.4, Max: 5.4, Diff: 0.0, Sum: 10.8]
      [GC Worker End (ms): Min: 5778654.1, Avg: 5778654.1, Max: 5778654.2, Diff: 0.0]
   [Code Root Fixup: 0.2 ms]
   [Code Root Migration: 0.1 ms]
   [Clear CT: 0.8 ms]
   [Other: 1.7 ms]
      [Choose CSet: 0.0 ms]
      [Ref Proc: 0.1 ms]
      [Ref Enq: 0.0 ms]
      [Free CSet: 1.5 ms]
   [Eden: 3376.0M(3376.0M)->0.0B(3376.0M) Survivors: 2048.0K->2048.0K Heap: 4802.0M(5632.0M)->1426.2M(5632.0M)]
 [Times: user=0.01 sys=0.01, real=0.01 secs] 
2014-06-25T01:47:16.208+0000: 5778.657: Total time for which application threads were stopped: 0.0088795 seconds
2014-06-25T01:47:22.960+0000: 5785.409: [GC pause (G1 Evacuation Pause) (young)
Desired survivor size 222298112 bytes, new threshold 15 (max 15)
- age   1:      33024 bytes,      33024 total
- age   2:       8704 bytes,      41728 total
- age   3:       6992 bytes,      48720 total
- age   4:       8592 bytes,      57312 total
- age   5:       5456 bytes,      62768 total
- age   6:      10088 bytes,      72856 total
- age   7:       7600 bytes,      80456 total
- age   8:      26496 bytes,     106952 total
- age   9:       7096 bytes,     114048 total
- age  10:       4704 bytes,     118752 total
- age  11:       3232 bytes,     121984 total
- age  12:       1760 bytes,     123744 total
- age  13:      55000 bytes,     178744 total
- age  14:       4792 bytes,     183536 total
- age  15:      11528 bytes,     195064 total
, 0.0083874 secs]
   [Parallel Time: 5.6 ms, GC Workers: 2]
      [GC Worker Start (ms): Min: 5785409.0, Avg: 5785409.0, Max: 5785409.0, Diff: 0.0]
      [Ext Root Scanning (ms): Min: 1.1, Avg: 1.2, Max: 1.4, Diff: 0.3, Sum: 2.5]
      [Update RS (ms): Min: 0.6, Avg: 0.6, Max: 0.7, Diff: 0.1, Sum: 1.2]
         [Processed Buffers: Min: 14, Avg: 14.5, Max: 15, Diff: 1, Sum: 29]
      [Scan RS (ms): Min: 2.1, Avg: 2.2, Max: 2.2, Diff: 0.0, Sum: 4.3]
      [Code Root Scanning (ms): Min: 0.8, Avg: 0.8, Max: 0.8, Diff: 0.0, Sum: 1.7]
      [Object Copy (ms): Min: 0.6, Avg: 0.6, Max: 0.7, Diff: 0.1, Sum: 1.3]
      [Termination (ms): Min: 0.0, Avg: 0.0, Max: 0.0, Diff: 0.0, Sum: 0.0]
      [GC Worker Other (ms): Min: 0.0, Avg: 0.0, Max: 0.1, Diff: 0.0, Sum: 0.1]
      [GC Worker Total (ms): Min: 5.5, Avg: 5.5, Max: 5.5, Diff: 0.0, Sum: 11.1]
      [GC Worker End (ms): Min: 5785414.6, Avg: 5785414.6, Max: 5785414.6, Diff: 0.0]
   [Code Root Fixup: 0.2 ms]
   [Code Root Migration: 0.1 ms]
   [Clear CT: 0.8 ms]
   [Other: 1.7 ms]
      [Choose CSet: 0.0 ms]
      [Ref Proc: 0.1 ms]
      [Ref Enq: 0.0 ms]
      [Free CSet: 1.5 ms]
   [Eden: 3376.0M(3376.0M)->0.0B(3376.0M) Survivors: 2048.0K->2048.0K Heap: 4802.2M(5632.0M)->1426.0M(5632.0M)]
 [Times: user=0.01 sys=0.00, real=0.01 secs] 
2014-06-25T01:47:22.968+0000: 5785.418: Total time for which application threads were stopped: 0.0089269 seconds
2014-06-25T01:47:29.555+0000: 5792.004: [GC pause (G1 Evacuation Pause) (young)
Desired survivor size 222298112 bytes, new threshold 15 (max 15)
- age   1:      45160 bytes,      45160 total
- age   2:       7696 bytes,      52856 total
- age   3:       8312 bytes,      61168 total
- age   4:       6888 bytes,      68056 total
- age   5:       8592 bytes,      76648 total
- age   6:       5200 bytes,      81848 total
- age   7:      10088 bytes,      91936 total
- age   8:       7600 bytes,      99536 total
- age   9:      26496 bytes,     126032 total
- age  10:       7096 bytes,     133128 total
- age  11:       4608 bytes,     137736 total
- age  12:       3232 bytes,     140968 total
- age  13:        840 bytes,     141808 total
- age  14:      54808 bytes,     196616 total
- age  15:       4792 bytes,     201408 total
, 0.0082473 secs]
   [Parallel Time: 5.5 ms, GC Workers: 2]
      [GC Worker Start (ms): Min: 5792003.9, Avg: 5792003.9, Max: 5792003.9, Diff: 0.0]
      [Ext Root Scanning (ms): Min: 1.1, Avg: 1.3, Max: 1.4, Diff: 0.3, Sum: 2.5]
      [Update RS (ms): Min: 0.5, Avg: 0.6, Max: 0.6, Diff: 0.1, Sum: 1.1]
         [Processed Buffers: Min: 2, Avg: 12.5, Max: 23, Diff: 21, Sum: 25]
      [Scan RS (ms): Min: 2.1, Avg: 2.2, Max: 2.2, Diff: 0.0, Sum: 4.3]
      [Code Root Scanning (ms): Min: 0.8, Avg: 0.8, Max: 0.8, Diff: 0.0, Sum: 1.6]
      [Object Copy (ms): Min: 0.5, Avg: 0.6, Max: 0.7, Diff: 0.2, Sum: 1.2]
      [Termination (ms): Min: 0.0, Avg: 0.0, Max: 0.0, Diff: 0.0, Sum: 0.0]
      [GC Worker Other (ms): Min: 0.0, Avg: 0.1, Max: 0.1, Diff: 0.0, Sum: 0.1]
      [GC Worker Total (ms): Min: 5.4, Avg: 5.4, Max: 5.5, Diff: 0.0, Sum: 10.9]
      [GC Worker End (ms): Min: 5792009.3, Avg: 5792009.3, Max: 5792009.3, Diff: 0.0]
   [Code Root Fixup: 0.2 ms]
   [Code Root Migration: 0.1 ms]
   [Clear CT: 0.8 ms]
   [Other: 1.7 ms]
      [Choose CSet: 0.0 ms]
      [Ref Proc: 0.1 ms]
      [Ref Enq: 0.0 ms]
      [Free CSet: 1.5 ms]
   [Eden: 3376.0M(3376.0M)->0.0B(3376.0M) Survivors: 2048.0K->2048.0K Heap: 4802.0M(5632.0M)->1426.1M(5632.0M)]
 [Times: user=0.02 sys=0.00, real=0.01 secs] 
2014-06-25T01:47:29.563+0000: 5792.012: Total time for which application threads were stopped: 0.0088312 seconds
2014-06-25T01:47:36.104+0000: 5798.553: [GC pause (G1 Evacuation Pause) (young)
Desired survivor size 222298112 bytes, new threshold 15 (max 15)
- age   1:      16368 bytes,      16368 total
- age   2:      33728 bytes,      50096 total
- age   3:       7600 bytes,      57696 total
- age   4:       8288 bytes,      65984 total
- age   5:       6768 bytes,      72752 total
- age   6:       8568 bytes,      81320 total
- age   7:       5200 bytes,      86520 total
- age   8:      10088 bytes,      96608 total
- age   9:       7600 bytes,     104208 total
- age  10:      26464 bytes,     130672 total
- age  11:       7096 bytes,     137768 total
- age  12:       4608 bytes,     142376 total
- age  13:       3232 bytes,     145608 total
- age  14:        840 bytes,     146448 total
- age  15:      54808 bytes,     201256 total
, 0.0083165 secs]
   [Parallel Time: 5.6 ms, GC Workers: 2]
      [GC Worker Start (ms): Min: 5798553.2, Avg: 5798553.2, Max: 5798553.2, Diff: 0.0]
      [Ext Root Scanning (ms): Min: 1.1, Avg: 1.2, Max: 1.3, Diff: 0.2, Sum: 2.4]
      [Update RS (ms): Min: 0.6, Avg: 0.6, Max: 0.6, Diff: 0.0, Sum: 1.2]
         [Processed Buffers: Min: 11, Avg: 15.5, Max: 20, Diff: 9, Sum: 31]
      [Scan RS (ms): Min: 2.1, Avg: 2.2, Max: 2.2, Diff: 0.0, Sum: 4.3]
      [Code Root Scanning (ms): Min: 0.8, Avg: 0.8, Max: 0.8, Diff: 0.0, Sum: 1.6]
      [Object Copy (ms): Min: 0.6, Avg: 0.7, Max: 0.7, Diff: 0.2, Sum: 1.3]
      [Termination (ms): Min: 0.0, Avg: 0.0, Max: 0.0, Diff: 0.0, Sum: 0.0]
      [GC Worker Other (ms): Min: 0.0, Avg: 0.1, Max: 0.1, Diff: 0.0, Sum: 0.1]
      [GC Worker Total (ms): Min: 5.5, Avg: 5.5, Max: 5.5, Diff: 0.0, Sum: 11.0]
      [GC Worker End (ms): Min: 5798558.7, Avg: 5798558.7, Max: 5798558.7, Diff: 0.0]
   [Code Root Fixup: 0.2 ms]
   [Code Root Migration: 0.1 ms]
   [Clear CT: 0.8 ms]
   [Other: 1.7 ms]
      [Choose CSet: 0.0 ms]
      [Ref Proc: 0.1 ms]
      [Ref Enq: 0.0 ms]
      [Free CSet: 1.5 ms]
   [Eden: 3376.0M(3376.0M)->0.0B(3376.0M) Survivors: 2048.0K->2048.0K Heap: 4802.1M(5632.0M)->1426.1M(5632.0M)]
 [Times: user=0.01 sys=0.00, real=0.01 secs] 
2014-06-25T01:47:36.112+0000: 5798.562: Total time for which application threads were stopped: 0.0088486 seconds
2014-06-25T01:47:42.655+0000: 5805.104: [GC pause (G1 Evacuation Pause) (young)
Desired survivor size 222298112 bytes, new threshold 15 (max 15)
- age   1:      37312 bytes,      37312 total
- age   2:       3088 bytes,      40400 total
- age   3:      17840 bytes,      58240 total
- age   4:       7272 bytes,      65512 total
- age   5:       7920 bytes,      73432 total
- age   6:       6744 bytes,      80176 total
- age   7:       8568 bytes,      88744 total
- age   8:       5200 bytes,      93944 total
- age   9:      10088 bytes,     104032 total
- age  10:       7544 bytes,     111576 total
- age  11:      26464 bytes,     138040 total
- age  12:       7096 bytes,     145136 total
- age  13:       4608 bytes,     149744 total
- age  14:       3232 bytes,     152976 total
- age  15:        840 bytes,     153816 total
, 0.0079582 secs]
   [Parallel Time: 5.3 ms, GC Workers: 2]
      [GC Worker Start (ms): Min: 5805104.2, Avg: 5805104.3, Max: 5805104.3, Diff: 0.0]
      [Ext Root Scanning (ms): Min: 1.1, Avg: 1.3, Max: 1.4, Diff: 0.3, Sum: 2.5]
      [Update RS (ms): Min: 0.6, Avg: 0.6, Max: 0.6, Diff: 0.1, Sum: 1.2]
         [Processed Buffers: Min: 10, Avg: 16.0, Max: 22, Diff: 12, Sum: 32]
      [Scan RS (ms): Min: 2.0, Avg: 2.0, Max: 2.0, Diff: 0.0, Sum: 4.0]
      [Code Root Scanning (ms): Min: 0.8, Avg: 0.8, Max: 0.8, Diff: 0.0, Sum: 1.6]
      [Object Copy (ms): Min: 0.4, Avg: 0.5, Max: 0.6, Diff: 0.2, Sum: 1.1]
      [Termination (ms): Min: 0.0, Avg: 0.0, Max: 0.0, Diff: 0.0, Sum: 0.0]
      [GC Worker Other (ms): Min: 0.0, Avg: 0.1, Max: 0.1, Diff: 0.0, Sum: 0.1]
      [GC Worker Total (ms): Min: 5.2, Avg: 5.3, Max: 5.3, Diff: 0.0, Sum: 10.5]
      [GC Worker End (ms): Min: 5805109.5, Avg: 5805109.5, Max: 5805109.5, Diff: 0.0]
   [Code Root Fixup: 0.2 ms]
   [Code Root Migration: 0.1 ms]
   [Clear CT: 0.8 ms]
   [Other: 1.6 ms]
      [Choose CSet: 0.0 ms]
      [Ref Proc: 0.1 ms]
      [Ref Enq: 0.0 ms]
      [Free CSet: 1.3 ms]
   [Eden: 3376.0M(3376.0M)->0.0B(3376.0M) Survivors: 2048.0K->2048.0K Heap: 4802.1M(5632.0M)->1426.1M(5632.0M)]
 [Times: user=0.01 sys=0.00, real=0.01 secs] 
2014-06-25T01:47:42.663+0000: 5805.112: Total time for which application threads were stopped: 0.0084874 seconds
2014-06-25T01:47:44.664+0000: 5807.113: Total time for which application threads were stopped: 0.0003666 seconds
2014-06-25T01:47:49.216+0000: 5811.665: [GC pause (G1 Evacuation Pause) (young)
Desired survivor size 222298112 bytes, new threshold 15 (max 15)
- age   1:      30136 bytes,      30136 total
- age   2:       9568 bytes,      39704 total
- age   3:       2864 bytes,      42568 total
- age   4:      17648 bytes,      60216 total
- age   5:       7200 bytes,      67416 total
- age   6:       7592 bytes,      75008 total
- age   7:       6744 bytes,      81752 total
- age   8:       8568 bytes,      90320 total
- age   9:       4944 bytes,      95264 total
- age  10:       9032 bytes,     104296 total
- age  11:       7544 bytes,     111840 total
- age  12:      26464 bytes,     138304 total
- age  13:       6960 bytes,     145264 total
- age  14:       4608 bytes,     149872 total
- age  15:       3232 bytes,     153104 total
, 0.0190686 secs]
   [Parallel Time: 16.1 ms, GC Workers: 2]
      [GC Worker Start (ms): Min: 5811664.9, Avg: 5811665.0, Max: 5811665.0, Diff: 0.0]
      [Ext Root Scanning (ms): Min: 1.1, Avg: 1.3, Max: 1.4, Diff: 0.3, Sum: 2.5]
      [Update RS (ms): Min: 0.5, Avg: 0.7, Max: 0.8, Diff: 0.3, Sum: 1.4]
         [Processed Buffers: Min: 4, Avg: 16.0, Max: 28, Diff: 24, Sum: 32]
      [Scan RS (ms): Min: 2.1, Avg: 2.1, Max: 2.2, Diff: 0.1, Sum: 4.3]
      [Code Root Scanning (ms): Min: 0.8, Avg: 0.8, Max: 0.9, Diff: 0.1, Sum: 1.7]
      [Object Copy (ms): Min: 10.8, Avg: 10.9, Max: 11.0, Diff: 0.2, Sum: 21.8]
      [Termination (ms): Min: 0.1, Avg: 0.1, Max: 0.1, Diff: 0.0, Sum: 0.3]
      [GC Worker Other (ms): Min: 0.0, Avg: 0.1, Max: 0.1, Diff: 0.0, Sum: 0.1]
      [GC Worker Total (ms): Min: 16.0, Avg: 16.0, Max: 16.0, Diff: 0.0, Sum: 32.1]
      [GC Worker End (ms): Min: 5811681.0, Avg: 5811681.0, Max: 5811681.0, Diff: 0.0]
   [Code Root Fixup: 0.2 ms]
   [Code Root Migration: 0.1 ms]
   [Clear CT: 0.8 ms]
   [Other: 1.8 ms]
      [Choose CSet: 0.0 ms]
      [Ref Proc: 0.2 ms]
      [Ref Enq: 0.0 ms]
      [Free CSet: 1.6 ms]
   [Eden: 3376.0M(3376.0M)->0.0B(3374.0M) Survivors: 2048.0K->4096.0K Heap: 4802.1M(5632.0M)->1429.8M(5632.0M)]
 [Times: user=0.03 sys=0.01, real=0.01 secs] 
2014-06-25T01:47:49.235+0000: 5811.684: Total time for which application threads were stopped: 0.0208475 seconds
2014-06-25T01:47:55.753+0000: 5818.203: [GC pause (G1 Evacuation Pause) (young)
Desired survivor size 222298112 bytes, new threshold 15 (max 15)
- age   1:    3836120 bytes,    3836120 total
- age   2:       1312 bytes,    3837432 total
- age   3:       9184 bytes,    3846616 total
- age   4:       2840 bytes,    3849456 total
- age   5:      17064 bytes,    3866520 total
- age   6:       6952 bytes,    3873472 total
- age   7:       7592 bytes,    3881064 total
- age   8:       6744 bytes,    3887808 total
- age   9:       8568 bytes,    3896376 total
- age  10:       4944 bytes,    3901320 total
- age  11:       9032 bytes,    3910352 total
- age  12:       7544 bytes,    3917896 total
- age  13:      26464 bytes,    3944360 total
- age  14:       6960 bytes,    3951320 total
- age  15:       4608 bytes,    3955928 total
, 0.0084341 secs]
   [Parallel Time: 5.7 ms, GC Workers: 2]
      [GC Worker Start (ms): Min: 5818202.7, Avg: 5818202.7, Max: 5818202.7, Diff: 0.0]
      [Ext Root Scanning (ms): Min: 1.1, Avg: 1.3, Max: 1.4, Diff: 0.3, Sum: 2.5]
      [Update RS (ms): Min: 0.6, Avg: 0.7, Max: 0.7, Diff: 0.2, Sum: 1.3]
         [Processed Buffers: Min: 4, Avg: 16.5, Max: 29, Diff: 25, Sum: 33]
      [Scan RS (ms): Min: 2.1, Avg: 2.1, Max: 2.1, Diff: 0.0, Sum: 4.3]
      [Code Root Scanning (ms): Min: 0.8, Avg: 0.8, Max: 0.8, Diff: 0.0, Sum: 1.6]
      [Object Copy (ms): Min: 0.6, Avg: 0.7, Max: 0.8, Diff: 0.2, Sum: 1.4]
      [Termination (ms): Min: 0.0, Avg: 0.0, Max: 0.0, Diff: 0.0, Sum: 0.0]
      [GC Worker Other (ms): Min: 0.0, Avg: 0.0, Max: 0.1, Diff: 0.0, Sum: 0.1]
      [GC Worker Total (ms): Min: 5.6, Avg: 5.6, Max: 5.6, Diff: 0.0, Sum: 11.2]
      [GC Worker End (ms): Min: 5818208.3, Avg: 5818208.3, Max: 5818208.3, Diff: 0.0]
   [Code Root Fixup: 0.2 ms]
   [Code Root Migration: 0.1 ms]
   [Clear CT: 0.8 ms]
   [Other: 1.7 ms]
      [Choose CSet: 0.0 ms]
      [Ref Proc: 0.1 ms]
      [Ref Enq: 0.0 ms]
      [Free CSet: 1.4 ms]
   [Eden: 3374.0M(3374.0M)->0.0B(3374.0M) Survivors: 4096.0K->4096.0K Heap: 4803.8M(5632.0M)->1428.9M(5632.0M)]
 [Times: user=0.01 sys=0.00, real=0.01 secs] 
2014-06-25T01:47:55.762+0000: 5818.211: Total time for which application threads were stopped: 0.0090295 seconds
2014-06-25T01:48:02.400+0000: 5824.849: [GC pause (G1 Evacuation Pause) (young)
Desired survivor size 222298112 bytes, new threshold 15 (max 15)
- age   1:      42496 bytes,      42496 total
- age   2:     175408 bytes,     217904 total
- age   3:       1112 bytes,     219016 total
- age   4:       9104 bytes,     228120 total
- age   5:       2840 bytes,     230960 total
- age   6:      17064 bytes,     248024 total
- age   7:       6952 bytes,     254976 total
- age   8:       7592 bytes,     262568 total
- age   9:       6744 bytes,     269312 total
- age  10:       8568 bytes,     277880 total
- age  11:       4944 bytes,     282824 total
- age  12:       9008 bytes,     291832 total
- age  13:       7408 bytes,     299240 total
- age  14:      26360 bytes,     325600 total
- age  15:       6960 bytes,     332560 total
, 0.0084704 secs]
   [Parallel Time: 5.7 ms, GC Workers: 2]
      [GC Worker Start (ms): Min: 5824849.3, Avg: 5824849.3, Max: 5824849.3, Diff: 0.0]
      [Ext Root Scanning (ms): Min: 1.1, Avg: 1.2, Max: 1.4, Diff: 0.3, Sum: 2.5]
      [Update RS (ms): Min: 0.5, Avg: 0.6, Max: 0.7, Diff: 0.1, Sum: 1.2]
         [Processed Buffers: Min: 14, Avg: 14.5, Max: 15, Diff: 1, Sum: 29]
      [Scan RS (ms): Min: 2.1, Avg: 2.2, Max: 2.2, Diff: 0.0, Sum: 4.3]
      [Code Root Scanning (ms): Min: 0.8, Avg: 0.8, Max: 0.8, Diff: 0.0, Sum: 1.7]
      [Object Copy (ms): Min: 0.6, Avg: 0.7, Max: 0.8, Diff: 0.2, Sum: 1.5]
      [Termination (ms): Min: 0.0, Avg: 0.0, Max: 0.0, Diff: 0.0, Sum: 0.0]
      [GC Worker Other (ms): Min: 0.1, Avg: 0.1, Max: 0.1, Diff: 0.0, Sum: 0.1]
      [GC Worker Total (ms): Min: 5.6, Avg: 5.6, Max: 5.6, Diff: 0.0, Sum: 11.3]
      [GC Worker End (ms): Min: 5824854.9, Avg: 5824855.0, Max: 5824855.0, Diff: 0.0]
   [Code Root Fixup: 0.2 ms]
   [Code Root Migration: 0.1 ms]
   [Clear CT: 0.8 ms]
   [Other: 1.7 ms]
      [Choose CSet: 0.0 ms]
      [Ref Proc: 0.1 ms]
      [Ref Enq: 0.0 ms]
      [Free CSet: 1.4 ms]
   [Eden: 3374.0M(3374.0M)->0.0B(3376.0M) Survivors: 4096.0K->2048.0K Heap: 4802.9M(5632.0M)->1427.0M(5632.0M)]
 [Times: user=0.02 sys=0.00, real=0.01 secs] 
2014-06-25T01:48:02.409+0000: 5824.858: Total time for which application threads were stopped: 0.0090133 seconds
2014-06-25T01:48:08.944+0000: 5831.393: [GC pause (G1 Evacuation Pause) (young)
Desired survivor size 222298112 bytes, new threshold 15 (max 15)
- age   1:      42432 bytes,      42432 total
- age   2:      16464 bytes,      58896 total
- age   3:     174808 bytes,     233704 total
- age   4:       1088 bytes,     234792 total
- age   5:       9104 bytes,     243896 total
- age   6:       2720 bytes,     246616 total
- age   7:      17024 bytes,     263640 total
- age   8:       6952 bytes,     270592 total
- age   9:       7592 bytes,     278184 total
- age  10:       6712 bytes,     284896 total
- age  11:       8568 bytes,     293464 total
- age  12:       4944 bytes,     298408 total
- age  13:       9008 bytes,     307416 total
- age  14:       7408 bytes,     314824 total
- age  15:      26360 bytes,     341184 total
, 0.0082992 secs]
   [Parallel Time: 5.7 ms, GC Workers: 2]
      [GC Worker Start (ms): Min: 5831393.3, Avg: 5831393.3, Max: 5831393.3, Diff: 0.0]
      [Ext Root Scanning (ms): Min: 1.1, Avg: 1.2, Max: 1.4, Diff: 0.3, Sum: 2.5]
      [Update RS (ms): Min: 0.6, Avg: 0.6, Max: 0.6, Diff: 0.0, Sum: 1.2]
         [Processed Buffers: Min: 1, Avg: 13.5, Max: 26, Diff: 25, Sum: 27]
      [Scan RS (ms): Min: 2.1, Avg: 2.1, Max: 2.2, Diff: 0.1, Sum: 4.3]
      [Code Root Scanning (ms): Min: 0.8, Avg: 0.8, Max: 0.8, Diff: 0.0, Sum: 1.7]
      [Object Copy (ms): Min: 0.7, Avg: 0.8, Max: 0.8, Diff: 0.2, Sum: 1.5]
      [Termination (ms): Min: 0.0, Avg: 0.0, Max: 0.0, Diff: 0.0, Sum: 0.0]
      [GC Worker Other (ms): Min: 0.0, Avg: 0.0, Max: 0.1, Diff: 0.0, Sum: 0.1]
      [GC Worker Total (ms): Min: 5.6, Avg: 5.6, Max: 5.6, Diff: 0.0, Sum: 11.3]
      [GC Worker End (ms): Min: 5831398.9, Avg: 5831398.9, Max: 5831398.9, Diff: 0.0]
   [Code Root Fixup: 0.2 ms]
   [Code Root Migration: 0.1 ms]
   [Clear CT: 0.8 ms]
   [Other: 1.6 ms]
      [Choose CSet: 0.0 ms]
      [Ref Proc: 0.1 ms]
      [Ref Enq: 0.0 ms]
      [Free CSet: 1.3 ms]
   [Eden: 3376.0M(3376.0M)->0.0B(3376.0M) Survivors: 2048.0K->2048.0K Heap: 4803.0M(5632.0M)->1426.3M(5632.0M)]
 [Times: user=0.01 sys=0.00, real=0.00 secs] 
2014-06-25T01:48:08.952+0000: 5831.402: Total time for which application threads were stopped: 0.0088120 seconds
2014-06-25T01:48:15.563+0000: 5838.012: [GC pause (G1 Evacuation Pause) (young)
Desired survivor size 222298112 bytes, new threshold 15 (max 15)
- age   1:      33320 bytes,      33320 total
- age   2:      16664 bytes,      49984 total
- age   3:      16120 bytes,      66104 total
- age   4:     173200 bytes,     239304 total
- age   5:        656 bytes,     239960 total
- age   6:       9104 bytes,     249064 total
- age   7:       2720 bytes,     251784 total
- age   8:      17024 bytes,     268808 total
- age   9:       6952 bytes,     275760 total
- age  10:       7592 bytes,     283352 total
- age  11:       6712 bytes,     290064 total
- age  12:       8568 bytes,     298632 total
- age  13:       4944 bytes,     303576 total
- age  14:       9008 bytes,     312584 total
- age  15:       7408 bytes,     319992 total
, 0.0084358 secs]
   [Parallel Time: 5.8 ms, GC Workers: 2]
      [GC Worker Start (ms): Min: 5838011.9, Avg: 5838012.0, Max: 5838012.0, Diff: 0.0]
      [Ext Root Scanning (ms): Min: 1.1, Avg: 1.3, Max: 1.4, Diff: 0.3, Sum: 2.5]
      [Update RS (ms): Min: 0.7, Avg: 0.7, Max: 0.7, Diff: 0.0, Sum: 1.4]
         [Processed Buffers: Min: 15, Avg: 16.0, Max: 17, Diff: 2, Sum: 32]
      [Scan RS (ms): Min: 2.1, Avg: 2.2, Max: 2.2, Diff: 0.0, Sum: 4.3]
      [Code Root Scanning (ms): Min: 0.8, Avg: 0.8, Max: 0.8, Diff: 0.0, Sum: 1.7]
      [Object Copy (ms): Min: 0.6, Avg: 0.7, Max: 0.8, Diff: 0.2, Sum: 1.4]
      [Termination (ms): Min: 0.0, Avg: 0.0, Max: 0.0, Diff: 0.0, Sum: 0.0]
      [GC Worker Other (ms): Min: 0.0, Avg: 0.0, Max: 0.1, Diff: 0.0, Sum: 0.1]
      [GC Worker Total (ms): Min: 5.7, Avg: 5.7, Max: 5.7, Diff: 0.0, Sum: 11.4]
      [GC Worker End (ms): Min: 5838017.6, Avg: 5838017.6, Max: 5838017.7, Diff: 0.0]
   [Code Root Fixup: 0.2 ms]
   [Code Root Migration: 0.1 ms]
   [Clear CT: 0.8 ms]
   [Other: 1.6 ms]
      [Choose CSet: 0.0 ms]
      [Ref Proc: 0.1 ms]
      [Ref Enq: 0.0 ms]
      [Free CSet: 1.4 ms]
   [Eden: 3376.0M(3376.0M)->0.0B(3376.0M) Survivors: 2048.0K->2048.0K Heap: 4802.3M(5632.0M)->1426.5M(5632.0M)]
 [Times: user=0.00 sys=0.00, real=0.01 secs] 
2014-06-25T01:48:15.571+0000: 5838.020: Total time for which application threads were stopped: 0.0089779 seconds
2014-06-25T01:48:21.327+0000: 5843.776: Total time for which application threads were stopped: 0.0003841 seconds
2014-06-25T01:48:21.361+0000: 5843.810: Total time for which application threads were stopped: 0.0043131 seconds
2014-06-25T01:48:21.740+0000: 5844.189: Total time for which application threads were stopped: 0.0027622 seconds
2014-06-25T01:48:21.923+0000: 5844.373: Total time for which application threads were stopped: 0.0043493 seconds
2014-06-25T01:48:22.321+0000: 5844.770: [GC pause (G1 Evacuation Pause) (young)
Desired survivor size 222298112 bytes, new threshold 15 (max 15)
- age   1:      28464 bytes,      28464 total
- age   2:       6440 bytes,      34904 total
- age   3:      16472 bytes,      51376 total
- age   4:      15680 bytes,      67056 total
- age   5:     173056 bytes,     240112 total
- age   6:        656 bytes,     240768 total
- age   7:       9104 bytes,     249872 total
- age   8:       2720 bytes,     252592 total
- age   9:      17024 bytes,     269616 total
- age  10:       6952 bytes,     276568 total
- age  11:       7592 bytes,     284160 total
- age  12:       6712 bytes,     290872 total
- age  13:       8568 bytes,     299440 total
- age  14:       4944 bytes,     304384 total
- age  15:       9008 bytes,     313392 total
, 0.0089430 secs]
   [Parallel Time: 6.0 ms, GC Workers: 2]
      [GC Worker Start (ms): Min: 5844769.8, Avg: 5844769.8, Max: 5844769.8, Diff: 0.0]
      [Ext Root Scanning (ms): Min: 1.1, Avg: 1.2, Max: 1.4, Diff: 0.2, Sum: 2.5]
      [Update RS (ms): Min: 0.8, Avg: 0.8, Max: 0.8, Diff: 0.1, Sum: 1.6]
         [Processed Buffers: Min: 3, Avg: 17.5, Max: 32, Diff: 29, Sum: 35]
      [Scan RS (ms): Min: 2.1, Avg: 2.1, Max: 2.2, Diff: 0.1, Sum: 4.2]
      [Code Root Scanning (ms): Min: 0.8, Avg: 0.8, Max: 0.8, Diff: 0.0, Sum: 1.6]
      [Object Copy (ms): Min: 0.8, Avg: 0.9, Max: 1.0, Diff: 0.2, Sum: 1.9]
      [Termination (ms): Min: 0.0, Avg: 0.0, Max: 0.0, Diff: 0.0, Sum: 0.0]
      [GC Worker Other (ms): Min: 0.0, Avg: 0.0, Max: 0.0, Diff: 0.0, Sum: 0.1]
      [GC Worker Total (ms): Min: 6.0, Avg: 6.0, Max: 6.0, Diff: 0.0, Sum: 11.9]
      [GC Worker End (ms): Min: 5844775.7, Avg: 5844775.7, Max: 5844775.7, Diff: 0.0]
   [Code Root Fixup: 0.2 ms]
   [Code Root Migration: 0.1 ms]
   [Clear CT: 0.8 ms]
   [Other: 1.8 ms]
      [Choose CSet: 0.0 ms]
      [Ref Proc: 0.1 ms]
      [Ref Enq: 0.0 ms]
      [Free CSet: 1.6 ms]
   [Eden: 3376.0M(3376.0M)->0.0B(3376.0M) Survivors: 2048.0K->2048.0K Heap: 4802.5M(5632.0M)->1426.5M(5632.0M)]
 [Times: user=0.01 sys=0.00, real=0.01 secs] 
2014-06-25T01:48:22.330+0000: 5844.779: Total time for which application threads were stopped: 0.0094815 seconds
2014-06-25T01:48:28.890+0000: 5851.340: [GC pause (G1 Evacuation Pause) (young)
Desired survivor size 222298112 bytes, new threshold 15 (max 15)
- age   1:     229848 bytes,     229848 total
- age   2:       2520 bytes,     232368 total
- age   3:       5064 bytes,     237432 total
- age   4:      13232 bytes,     250664 total
- age   5:      15520 bytes,     266184 total
- age   6:     139464 bytes,     405648 total
- age   7:        656 bytes,     406304 total
- age   8:       9104 bytes,     415408 total
- age   9:       2720 bytes,     418128 total
- age  10:      17024 bytes,     435152 total
- age  11:       6952 bytes,     442104 total
- age  12:       7592 bytes,     449696 total
- age  13:       6712 bytes,     456408 total
- age  14:       8568 bytes,     464976 total
- age  15:       4944 bytes,     469920 total
, 0.0087516 secs]
   [Parallel Time: 6.1 ms, GC Workers: 2]
      [GC Worker Start (ms): Min: 5851339.7, Avg: 5851339.8, Max: 5851339.8, Diff: 0.0]
      [Ext Root Scanning (ms): Min: 1.1, Avg: 1.3, Max: 1.4, Diff: 0.3, Sum: 2.5]
      [Update RS (ms): Min: 0.7, Avg: 0.7, Max: 0.8, Diff: 0.1, Sum: 1.5]
         [Processed Buffers: Min: 11, Avg: 15.0, Max: 19, Diff: 8, Sum: 30]
      [Scan RS (ms): Min: 2.1, Avg: 2.2, Max: 2.2, Diff: 0.1, Sum: 4.3]
      [Code Root Scanning (ms): Min: 0.8, Avg: 0.8, Max: 0.8, Diff: 0.0, Sum: 1.7]
      [Object Copy (ms): Min: 0.8, Avg: 0.9, Max: 1.0, Diff: 0.2, Sum: 1.9]
      [Termination (ms): Min: 0.0, Avg: 0.0, Max: 0.0, Diff: 0.0, Sum: 0.0]
      [GC Worker Other (ms): Min: 0.0, Avg: 0.1, Max: 0.1, Diff: 0.0, Sum: 0.1]
      [GC Worker Total (ms): Min: 6.0, Avg: 6.0, Max: 6.0, Diff: 0.0, Sum: 12.0]
      [GC Worker End (ms): Min: 5851345.7, Avg: 5851345.7, Max: 5851345.7, Diff: 0.0]
   [Code Root Fixup: 0.2 ms]
   [Code Root Migration: 0.1 ms]
   [Clear CT: 0.8 ms]
   [Other: 1.7 ms]
      [Choose CSet: 0.0 ms]
      [Ref Proc: 0.1 ms]
      [Ref Enq: 0.0 ms]
      [Free CSet: 1.4 ms]
   [Eden: 3376.0M(3376.0M)->0.0B(3376.0M) Survivors: 2048.0K->2048.0K Heap: 4802.5M(5632.0M)->1426.6M(5632.0M)]
 [Times: user=0.00 sys=0.02, real=0.01 secs] 
2014-06-25T01:48:28.899+0000: 5851.349: Total time for which application threads were stopped: 0.0093376 seconds
2014-06-25T01:48:33.341+0000: 5855.790: Total time for which application threads were stopped: 0.0004036 seconds
2014-06-25T01:48:35.143+0000: 5857.593: Total time for which application threads were stopped: 0.0034834 seconds
2014-06-25T01:48:35.412+0000: 5857.861: [GC pause (G1 Evacuation Pause) (young)
Desired survivor size 222298112 bytes, new threshold 15 (max 15)
- age   1:      64184 bytes,      64184 total
- age   2:     198104 bytes,     262288 total
- age   3:       2152 bytes,     264440 total
- age   4:       4872 bytes,     269312 total
- age   5:      12888 bytes,     282200 total
- age   6:      15464 bytes,     297664 total
- age   7:     139000 bytes,     436664 total
- age   8:        600 bytes,     437264 total
- age   9:       9048 bytes,     446312 total
- age  10:       2688 bytes,     449000 total
- age  11:      16968 bytes,     465968 total
- age  12:       6840 bytes,     472808 total
- age  13:       7536 bytes,     480344 total
- age  14:       6656 bytes,     487000 total
- age  15:       8568 bytes,     495568 total
, 0.0087200 secs]
   [Parallel Time: 6.1 ms, GC Workers: 2]
      [GC Worker Start (ms): Min: 5857861.5, Avg: 5857861.5, Max: 5857861.5, Diff: 0.0]
      [Ext Root Scanning (ms): Min: 1.1, Avg: 1.2, Max: 1.4, Diff: 0.3, Sum: 2.5]
      [Update RS (ms): Min: 0.7, Avg: 0.7, Max: 0.8, Diff: 0.1, Sum: 1.4]
         [Processed Buffers: Min: 14, Avg: 16.5, Max: 19, Diff: 5, Sum: 33]
      [Scan RS (ms): Min: 2.1, Avg: 2.2, Max: 2.2, Diff: 0.0, Sum: 4.3]
      [Code Root Scanning (ms): Min: 0.8, Avg: 0.8, Max: 0.8, Diff: 0.0, Sum: 1.6]
      [Object Copy (ms): Min: 1.0, Avg: 1.0, Max: 1.1, Diff: 0.1, Sum: 2.0]
      [Termination (ms): Min: 0.0, Avg: 0.0, Max: 0.0, Diff: 0.0, Sum: 0.0]
      [GC Worker Other (ms): Min: 0.0, Avg: 0.1, Max: 0.1, Diff: 0.0, Sum: 0.1]
      [GC Worker Total (ms): Min: 6.0, Avg: 6.0, Max: 6.0, Diff: 0.0, Sum: 12.0]
      [GC Worker End (ms): Min: 5857867.5, Avg: 5857867.5, Max: 5857867.5, Diff: 0.0]
   [Code Root Fixup: 0.1 ms]
   [Code Root Migration: 0.1 ms]
   [Clear CT: 0.8 ms]
   [Other: 1.6 ms]
      [Choose CSet: 0.0 ms]
      [Ref Proc: 0.1 ms]
      [Ref Enq: 0.0 ms]
      [Free CSet: 1.4 ms]
   [Eden: 3376.0M(3376.0M)->0.0B(3376.0M) Survivors: 2048.0K->2048.0K Heap: 4802.6M(5632.0M)->1426.9M(5632.0M)]
 [Times: user=0.01 sys=0.01, real=0.00 secs] 
2014-06-25T01:48:35.421+0000: 5857.870: Total time for which application threads were stopped: 0.0092403 seconds
2014-06-25T01:48:41.422+0000: 5863.871: Total time for which application threads were stopped: 0.0003695 seconds
2014-06-25T01:48:41.963+0000: 5864.412: [GC pause (G1 Evacuation Pause) (young)
Desired survivor size 222298112 bytes, new threshold 15 (max 15)
- age   1:     116152 bytes,     116152 total
- age   2:      38128 bytes,     154280 total
- age   3:     166872 bytes,     321152 total
- age   4:       2024 bytes,     323176 total
- age   5:       4872 bytes,     328048 total
- age   6:      12888 bytes,     340936 total
- age   7:      15464 bytes,     356400 total
- age   8:     138832 bytes,     495232 total
- age   9:        600 bytes,     495832 total
- age  10:       9048 bytes,     504880 total
- age  11:       2688 bytes,     507568 total
- age  12:      14896 bytes,     522464 total
- age  13:       6840 bytes,     529304 total
- age  14:       7536 bytes,     536840 total
- age  15:       6656 bytes,     543496 total
, 0.0089596 secs]
   [Parallel Time: 6.3 ms, GC Workers: 2]
      [GC Worker Start (ms): Min: 5864412.6, Avg: 5864412.6, Max: 5864412.6, Diff: 0.0]
      [Ext Root Scanning (ms): Min: 1.1, Avg: 1.3, Max: 1.4, Diff: 0.3, Sum: 2.5]
      [Update RS (ms): Min: 0.7, Avg: 0.8, Max: 0.8, Diff: 0.1, Sum: 1.6]
         [Processed Buffers: Min: 3, Avg: 17.5, Max: 32, Diff: 29, Sum: 35]
      [Scan RS (ms): Min: 2.1, Avg: 2.2, Max: 2.2, Diff: 0.1, Sum: 4.3]
      [Code Root Scanning (ms): Min: 0.8, Avg: 0.8, Max: 0.8, Diff: 0.0, Sum: 1.7]
      [Object Copy (ms): Min: 1.0, Avg: 1.1, Max: 1.2, Diff: 0.2, Sum: 2.2]
      [Termination (ms): Min: 0.0, Avg: 0.0, Max: 0.0, Diff: 0.0, Sum: 0.0]
      [GC Worker Other (ms): Min: 0.0, Avg: 0.0, Max: 0.1, Diff: 0.0, Sum: 0.1]
      [GC Worker Total (ms): Min: 6.2, Avg: 6.2, Max: 6.2, Diff: 0.0, Sum: 12.4]
      [GC Worker End (ms): Min: 5864418.8, Avg: 5864418.8, Max: 5864418.8, Diff: 0.0]
   [Code Root Fixup: 0.2 ms]
   [Code Root Migration: 0.1 ms]
   [Clear CT: 0.8 ms]
   [Other: 1.7 ms]
      [Choose CSet: 0.0 ms]
      [Ref Proc: 0.1 ms]
      [Ref Enq: 0.0 ms]
      [Free CSet: 1.4 ms]
   [Eden: 3376.0M(3376.0M)->0.0B(3376.0M) Survivors: 2048.0K->2048.0K Heap: 4802.9M(5632.0M)->1426.7M(5632.0M)]
 [Times: user=0.01 sys=0.01, real=0.02 secs] 
2014-06-25T01:48:41.972+0000: 5864.422: Total time for which application threads were stopped: 0.0095059 seconds
2014-06-25T01:48:48.512+0000: 5870.961: [GC pause (G1 Evacuation Pause) (young)
Desired survivor size 222298112 bytes, new threshold 15 (max 15)
- age   1:      85536 bytes,      85536 total
- age   2:      86840 bytes,     172376 total
- age   3:      37432 bytes,     209808 total
- age   4:     165824 bytes,     375632 total
- age   5:       1936 bytes,     377568 total
- age   6:       4784 bytes,     382352 total
- age   7:      12600 bytes,     394952 total
- age   8:      15464 bytes,     410416 total
- age   9:     135200 bytes,     545616 total
- age  10:        600 bytes,     546216 total
- age  11:       9048 bytes,     555264 total
- age  12:       2688 bytes,     557952 total
- age  13:      14832 bytes,     572784 total
- age  14:       6840 bytes,     579624 total
- age  15:       7536 bytes,     587160 total
, 0.0087056 secs]
   [Parallel Time: 6.0 ms, GC Workers: 2]
      [GC Worker Start (ms): Min: 5870961.4, Avg: 5870961.4, Max: 5870961.4, Diff: 0.0]
      [Ext Root Scanning (ms): Min: 1.1, Avg: 1.3, Max: 1.4, Diff: 0.3, Sum: 2.5]
      [Update RS (ms): Min: 0.7, Avg: 0.7, Max: 0.8, Diff: 0.1, Sum: 1.4]
         [Processed Buffers: Min: 12, Avg: 14.0, Max: 16, Diff: 4, Sum: 28]
      [Scan RS (ms): Min: 2.0, Avg: 2.0, Max: 2.0, Diff: 0.0, Sum: 4.0]
      [Code Root Scanning (ms): Min: 0.8, Avg: 0.8, Max: 0.8, Diff: 0.0, Sum: 1.6]
      [Object Copy (ms): Min: 1.0, Avg: 1.1, Max: 1.2, Diff: 0.2, Sum: 2.2]
      [Termination (ms): Min: 0.0, Avg: 0.0, Max: 0.0, Diff: 0.0, Sum: 0.0]
      [GC Worker Other (ms): Min: 0.0, Avg: 0.0, Max: 0.1, Diff: 0.0, Sum: 0.1]
      [GC Worker Total (ms): Min: 5.9, Avg: 5.9, Max: 5.9, Diff: 0.0, Sum: 11.9]
      [GC Worker End (ms): Min: 5870967.4, Avg: 5870967.4, Max: 5870967.4, Diff: 0.0]
   [Code Root Fixup: 0.2 ms]
   [Code Root Migration: 0.1 ms]
   [Clear CT: 0.8 ms]
   [Other: 1.7 ms]
      [Choose CSet: 0.0 ms]
      [Ref Proc: 0.1 ms]
      [Ref Enq: 0.0 ms]
      [Free CSet: 1.4 ms]
   [Eden: 3376.0M(3376.0M)->0.0B(3376.0M) Survivors: 2048.0K->2048.0K Heap: 4802.7M(5632.0M)->1426.5M(5632.0M)]
 [Times: user=0.01 sys=0.00, real=0.00 secs] 
2014-06-25T01:48:48.521+0000: 5870.970: Total time for which application threads were stopped: 0.0092522 seconds
2014-06-25T01:48:49.522+0000: 5871.971: Total time for which application threads were stopped: 0.0003857 seconds
2014-06-25T01:48:50.522+0000: 5872.971: Total time for which application threads were stopped: 0.0003566 seconds
2014-06-25T01:48:55.042+0000: 5877.491: [GC pause (G1 Evacuation Pause) (young)
Desired survivor size 222298112 bytes, new threshold 15 (max 15)
- age   1:      36712 bytes,      36712 total
- age   2:      52576 bytes,      89288 total
- age   3:      86624 bytes,     175912 total
- age   4:      37168 bytes,     213080 total
- age   5:     165656 bytes,     378736 total
- age   6:       1936 bytes,     380672 total
- age   7:       4784 bytes,     385456 total
- age   8:      12600 bytes,     398056 total
- age   9:      15200 bytes,     413256 total
- age  10:     135200 bytes,     548456 total
- age  11:        600 bytes,     549056 total
- age  12:       9048 bytes,     558104 total
- age  13:       2688 bytes,     560792 total
- age  14:      14832 bytes,     575624 total
- age  15:       6840 bytes,     582464 total
, 0.0090322 secs]
   [Parallel Time: 6.3 ms, GC Workers: 2]
      [GC Worker Start (ms): Min: 5877491.0, Avg: 5877491.0, Max: 5877491.0, Diff: 0.0]
      [Ext Root Scanning (ms): Min: 1.1, Avg: 1.2, Max: 1.4, Diff: 0.3, Sum: 2.5]
      [Update RS (ms): Min: 0.8, Avg: 0.8, Max: 0.9, Diff: 0.1, Sum: 1.7]
         [Processed Buffers: Min: 5, Avg: 17.0, Max: 29, Diff: 24, Sum: 34]
      [Scan RS (ms): Min: 2.1, Avg: 2.1, Max: 2.1, Diff: 0.1, Sum: 4.2]
      [Code Root Scanning (ms): Min: 0.8, Avg: 0.8, Max: 0.8, Diff: 0.0, Sum: 1.6]
      [Object Copy (ms): Min: 1.1, Avg: 1.2, Max: 1.3, Diff: 0.2, Sum: 2.3]
      [Termination (ms): Min: 0.0, Avg: 0.0, Max: 0.0, Diff: 0.0, Sum: 0.0]
      [GC Worker Other (ms): Min: 0.0, Avg: 0.0, Max: 0.1, Diff: 0.0, Sum: 0.1]
      [GC Worker Total (ms): Min: 6.2, Avg: 6.2, Max: 6.2, Diff: 0.0, Sum: 12.5]
      [GC Worker End (ms): Min: 5877497.2, Avg: 5877497.2, Max: 5877497.2, Diff: 0.0]
   [Code Root Fixup: 0.2 ms]
   [Code Root Migration: 0.1 ms]
   [Clear CT: 0.8 ms]
   [Other: 1.7 ms]
      [Choose CSet: 0.0 ms]
      [Ref Proc: 0.1 ms]
      [Ref Enq: 0.0 ms]
      [Free CSet: 1.4 ms]
   [Eden: 3376.0M(3376.0M)->0.0B(3376.0M) Survivors: 2048.0K->2048.0K Heap: 4802.5M(5632.0M)->1427.2M(5632.0M)]
 [Times: user=0.01 sys=0.00, real=0.00 secs] 
2014-06-25T01:48:55.051+0000: 5877.500: Total time for which application threads were stopped: 0.0095724 seconds
2014-06-25T01:49:01.738+0000: 5884.187: [GC pause (G1 Evacuation Pause) (young)
Desired survivor size 222298112 bytes, new threshold 15 (max 15)
- age   1:      82352 bytes,      82352 total
- age   2:       6080 bytes,      88432 total
- age   3:      46000 bytes,     134432 total
- age   4:      86448 bytes,     220880 total
- age   5:      30368 bytes,     251248 total
- age   6:     152232 bytes,     403480 total
- age   7:       1936 bytes,     405416 total
- age   8:       4784 bytes,     410200 total
- age   9:      12600 bytes,     422800 total
- age  10:      15200 bytes,     438000 total
- age  11:     135200 bytes,     573200 total
- age  12:        600 bytes,     573800 total
- age  13:       9048 bytes,     582848 total
- age  14:       2688 bytes,     585536 total
- age  15:      14832 bytes,     600368 total
, 0.0089674 secs]
   [Parallel Time: 6.3 ms, GC Workers: 2]
      [GC Worker Start (ms): Min: 5884187.2, Avg: 5884187.2, Max: 5884187.2, Diff: 0.0]
      [Ext Root Scanning (ms): Min: 1.1, Avg: 1.3, Max: 1.4, Diff: 0.3, Sum: 2.5]
      [Update RS (ms): Min: 0.7, Avg: 0.7, Max: 0.8, Diff: 0.1, Sum: 1.5]
         [Processed Buffers: Min: 2, Avg: 15.0, Max: 28, Diff: 26, Sum: 30]
      [Scan RS (ms): Min: 2.1, Avg: 2.1, Max: 2.1, Diff: 0.0, Sum: 4.3]
      [Code Root Scanning (ms): Min: 0.8, Avg: 0.8, Max: 0.8, Diff: 0.0, Sum: 1.6]
      [Object Copy (ms): Min: 1.1, Avg: 1.2, Max: 1.3, Diff: 0.2, Sum: 2.4]
      [Termination (ms): Min: 0.0, Avg: 0.0, Max: 0.0, Diff: 0.0, Sum: 0.0]
      [GC Worker Other (ms): Min: 0.0, Avg: 0.0, Max: 0.1, Diff: 0.0, Sum: 0.1]
      [GC Worker Total (ms): Min: 6.2, Avg: 6.2, Max: 6.2, Diff: 0.0, Sum: 12.4]
      [GC Worker End (ms): Min: 5884193.4, Avg: 5884193.4, Max: 5884193.4, Diff: 0.0]
   [Code Root Fixup: 0.2 ms]
   [Code Root Migration: 0.1 ms]
   [Clear CT: 0.8 ms]
   [Other: 1.6 ms]
      [Choose CSet: 0.0 ms]
      [Ref Proc: 0.1 ms]
      [Ref Enq: 0.0 ms]
      [Free CSet: 1.4 ms]
   [Eden: 3376.0M(3376.0M)->0.0B(3376.0M) Survivors: 2048.0K->2048.0K Heap: 4803.2M(5632.0M)->1426.9M(5632.0M)]
 [Times: user=0.01 sys=0.00, real=0.01 secs] 
2014-06-25T01:49:01.747+0000: 5884.196: Total time for which application threads were stopped: 0.0095015 seconds
2014-06-25T01:49:08.140+0000: 5890.589: Total time for which application threads were stopped: 0.0003583 seconds
2014-06-25T01:49:08.140+0000: 5890.589: Total time for which application threads were stopped: 0.0002067 seconds
2014-06-25T01:49:08.141+0000: 5890.590: Total time for which application threads were stopped: 0.0002354 seconds
2014-06-25T01:49:08.149+0000: 5890.598: Total time for which application threads were stopped: 0.0006942 seconds
2014-06-25T01:49:08.338+0000: 5890.787: [GC pause (G1 Evacuation Pause) (young)
Desired survivor size 222298112 bytes, new threshold 15 (max 15)
- age   1:      38544 bytes,      38544 total
- age   2:      57960 bytes,      96504 total
- age   3:       6048 bytes,     102552 total
- age   4:      45808 bytes,     148360 total
- age   5:      86296 bytes,     234656 total
- age   6:      26536 bytes,     261192 total
- age   7:     152072 bytes,     413264 total
- age   8:       1936 bytes,     415200 total
- age   9:       4784 bytes,     419984 total
- age  10:      12568 bytes,     432552 total
- age  11:      15200 bytes,     447752 total
- age  12:     135200 bytes,     582952 total
- age  13:        464 bytes,     583416 total
- age  14:       9048 bytes,     592464 total
- age  15:       2688 bytes,     595152 total
, 0.0094613 secs]
   [Parallel Time: 6.7 ms, GC Workers: 2]
      [GC Worker Start (ms): Min: 5890787.5, Avg: 5890787.5, Max: 5890787.5, Diff: 0.0]
      [Ext Root Scanning (ms): Min: 1.1, Avg: 1.3, Max: 1.4, Diff: 0.3, Sum: 2.5]
      [Update RS (ms): Min: 0.9, Avg: 1.0, Max: 1.1, Diff: 0.2, Sum: 2.0]
         [Processed Buffers: Min: 6, Avg: 16.5, Max: 27, Diff: 21, Sum: 33]
      [Scan RS (ms): Min: 2.0, Avg: 2.2, Max: 2.3, Diff: 0.2, Sum: 4.3]
      [Code Root Scanning (ms): Min: 0.8, Avg: 0.8, Max: 0.9, Diff: 0.1, Sum: 1.7]
      [Object Copy (ms): Min: 1.2, Avg: 1.3, Max: 1.4, Diff: 0.2, Sum: 2.6]
      [Termination (ms): Min: 0.0, Avg: 0.0, Max: 0.0, Diff: 0.0, Sum: 0.0]
      [GC Worker Other (ms): Min: 0.0, Avg: 0.0, Max: 0.1, Diff: 0.0, Sum: 0.1]
      [GC Worker Total (ms): Min: 6.6, Avg: 6.6, Max: 6.6, Diff: 0.0, Sum: 13.3]
      [GC Worker End (ms): Min: 5890794.1, Avg: 5890794.1, Max: 5890794.1, Diff: 0.0]
   [Code Root Fixup: 0.2 ms]
   [Code Root Migration: 0.1 ms]
   [Clear CT: 0.8 ms]
   [Other: 1.7 ms]
      [Choose CSet: 0.0 ms]
      [Ref Proc: 0.2 ms]
      [Ref Enq: 0.0 ms]
      [Free CSet: 1.4 ms]
   [Eden: 3376.0M(3376.0M)->0.0B(3376.0M) Survivors: 2048.0K->2048.0K Heap: 4802.9M(5632.0M)->1427.3M(5632.0M)]
 [Times: user=0.01 sys=0.01, real=0.01 secs] 
2014-06-25T01:49:08.348+0000: 5890.797: Total time for which application threads were stopped: 0.0100071 seconds
2014-06-25T01:49:13.876+0000: 5896.325: Total time for which application threads were stopped: 0.0003774 seconds
2014-06-25T01:49:14.921+0000: 5897.371: [GC pause (G1 Evacuation Pause) (young)
Desired survivor size 222298112 bytes, new threshold 15 (max 15)
- age   1:     206920 bytes,     206920 total
- age   2:       5488 bytes,     212408 total
- age   3:      45384 bytes,     257792 total
- age   4:       5520 bytes,     263312 total
- age   5:      38976 bytes,     302288 total
- age   6:      58928 bytes,     361216 total
- age   7:      26536 bytes,     387752 total
- age   8:     150776 bytes,     538528 total
- age   9:       1936 bytes,     540464 total
- age  10:       4784 bytes,     545248 total
- age  11:      12568 bytes,     557816 total
- age  12:      14664 bytes,     572480 total
- age  13:     135200 bytes,     707680 total
- age  14:        464 bytes,     708144 total
- age  15:       9048 bytes,     717192 total
, 0.0093503 secs]
   [Parallel Time: 6.6 ms, GC Workers: 2]
      [GC Worker Start (ms): Min: 5897370.7, Avg: 5897370.7, Max: 5897370.7, Diff: 0.0]
      [Ext Root Scanning (ms): Min: 1.1, Avg: 1.3, Max: 1.4, Diff: 0.3, Sum: 2.5]
      [Update RS (ms): Min: 0.8, Avg: 0.8, Max: 0.9, Diff: 0.1, Sum: 1.7]
         [Processed Buffers: Min: 10, Avg: 16.0, Max: 22, Diff: 12, Sum: 32]
      [Scan RS (ms): Min: 2.1, Avg: 2.2, Max: 2.2, Diff: 0.0, Sum: 4.3]
      [Code Root Scanning (ms): Min: 0.8, Avg: 0.8, Max: 0.8, Diff: 0.0, Sum: 1.6]
      [Object Copy (ms): Min: 1.3, Avg: 1.4, Max: 1.5, Diff: 0.2, Sum: 2.8]
      [Termination (ms): Min: 0.0, Avg: 0.0, Max: 0.0, Diff: 0.0, Sum: 0.0]
      [GC Worker Other (ms): Min: 0.0, Avg: 0.0, Max: 0.1, Diff: 0.0, Sum: 0.1]
      [GC Worker Total (ms): Min: 6.5, Avg: 6.5, Max: 6.5, Diff: 0.0, Sum: 13.0]
      [GC Worker End (ms): Min: 5897377.2, Avg: 5897377.2, Max: 5897377.3, Diff: 0.0]
   [Code Root Fixup: 0.2 ms]
   [Code Root Migration: 0.1 ms]
   [Clear CT: 0.8 ms]
   [Other: 1.7 ms]
      [Choose CSet: 0.0 ms]
      [Ref Proc: 0.2 ms]
      [Ref Enq: 0.0 ms]
      [Free CSet: 1.4 ms]
   [Eden: 3376.0M(3376.0M)->0.0B(3376.0M) Survivors: 2048.0K->2048.0K Heap: 4803.3M(5632.0M)->1427.2M(5632.0M)]
 [Times: user=0.02 sys=0.00, real=0.00 secs] 
2014-06-25T01:49:14.931+0000: 5897.380: Total time for which application threads were stopped: 0.0098976 seconds
2014-06-25T01:49:17.626+0000: 5900.075: Total time for which application threads were stopped: 0.0003943 seconds
2014-06-25T01:49:17.632+0000: 5900.082: Total time for which application threads were stopped: 0.0041902 seconds
2014-06-25T01:49:21.464+0000: 5903.913: [GC pause (G1 Evacuation Pause) (young)
Desired survivor size 222298112 bytes, new threshold 15 (max 15)
- age   1:      49016 bytes,      49016 total
- age   2:     179440 bytes,     228456 total
- age   3:       5120 bytes,     233576 total
- age   4:      45128 bytes,     278704 total
- age   5:       5520 bytes,     284224 total
- age   6:      38976 bytes,     323200 total
- age   7:      58928 bytes,     382128 total
- age   8:      24208 bytes,     406336 total
- age   9:     150504 bytes,     556840 total
- age  10:       1936 bytes,     558776 total
- age  11:       4784 bytes,     563560 total
- age  12:      12568 bytes,     576128 total
- age  13:      14528 bytes,     590656 total
- age  14:     135200 bytes,     725856 total
- age  15:        464 bytes,     726320 total
, 0.0093511 secs]
   [Parallel Time: 6.7 ms, GC Workers: 2]
      [GC Worker Start (ms): Min: 5903913.2, Avg: 5903913.2, Max: 5903913.2, Diff: 0.0]
      [Ext Root Scanning (ms): Min: 1.1, Avg: 1.3, Max: 1.4, Diff: 0.3, Sum: 2.5]
      [Update RS (ms): Min: 0.9, Avg: 0.9, Max: 1.0, Diff: 0.1, Sum: 1.9]
         [Processed Buffers: Min: 13, Avg: 17.5, Max: 22, Diff: 9, Sum: 35]
      [Scan RS (ms): Min: 2.1, Avg: 2.1, Max: 2.2, Diff: 0.0, Sum: 4.3]
      [Code Root Scanning (ms): Min: 0.8, Avg: 0.8, Max: 0.8, Diff: 0.0, Sum: 1.6]
      [Object Copy (ms): Min: 1.3, Avg: 1.4, Max: 1.5, Diff: 0.2, Sum: 2.8]
      [Termination (ms): Min: 0.0, Avg: 0.0, Max: 0.0, Diff: 0.0, Sum: 0.0]
      [GC Worker Other (ms): Min: 0.0, Avg: 0.0, Max: 0.1, Diff: 0.0, Sum: 0.1]
      [GC Worker Total (ms): Min: 6.6, Avg: 6.6, Max: 6.6, Diff: 0.0, Sum: 13.2]
      [GC Worker End (ms): Min: 5903919.8, Avg: 5903919.8, Max: 5903919.8, Diff: 0.0]
   [Code Root Fixup: 0.2 ms]
   [Code Root Migration: 0.1 ms]
   [Clear CT: 0.8 ms]
   [Other: 1.7 ms]
      [Choose CSet: 0.0 ms]
      [Ref Proc: 0.1 ms]
      [Ref Enq: 0.0 ms]
      [Free CSet: 1.4 ms]
   [Eden: 3376.0M(3376.0M)->0.0B(3376.0M) Survivors: 2048.0K->2048.0K Heap: 4803.2M(5632.0M)->1427.6M(5632.0M)]
 [Times: user=0.01 sys=0.00, real=0.01 secs] 
2014-06-25T01:49:21.473+0000: 5903.923: Total time for which application threads were stopped: 0.0099443 seconds
2014-06-25T01:49:21.929+0000: 5904.379: Total time for which application threads were stopped: 0.0044350 seconds
2014-06-25T01:49:22.424+0000: 5904.873: Total time for which application threads were stopped: 0.0039871 seconds
2014-06-25T01:49:24.428+0000: 5906.877: Total time for which application threads were stopped: 0.0037135 seconds
2014-06-25T01:49:27.224+0000: 5909.673: Total time for which application threads were stopped: 0.0042667 seconds
2014-06-25T01:49:28.191+0000: 5910.641: [GC pause (G1 Evacuation Pause) (young)
Desired survivor size 222298112 bytes, new threshold 15 (max 15)
- age   1:     126880 bytes,     126880 total
- age   2:      21080 bytes,     147960 total
- age   3:     140288 bytes,     288248 total
- age   4:       5064 bytes,     293312 total
- age   5:      44616 bytes,     337928 total
- age   6:       5520 bytes,     343448 total
- age   7:      38696 bytes,     382144 total
- age   8:      56744 bytes,     438888 total
- age   9:      22384 bytes,     461272 total
- age  10:     140424 bytes,     601696 total
- age  11:       1936 bytes,     603632 total
- age  12:       4784 bytes,     608416 total
- age  13:      12568 bytes,     620984 total
- age  14:      14528 bytes,     635512 total
- age  15:     135136 bytes,     770648 total
, 0.0099617 secs]
   [Parallel Time: 7.2 ms, GC Workers: 2]
      [GC Worker Start (ms): Min: 5910640.7, Avg: 5910640.7, Max: 5910640.7, Diff: 0.0]
      [Ext Root Scanning (ms): Min: 1.1, Avg: 1.2, Max: 1.4, Diff: 0.3, Sum: 2.5]
      [Update RS (ms): Min: 0.9, Avg: 0.9, Max: 1.0, Diff: 0.1, Sum: 1.8]
         [Processed Buffers: Min: 6, Avg: 17.0, Max: 28, Diff: 22, Sum: 34]
      [Scan RS (ms): Min: 2.1, Avg: 2.1, Max: 2.1, Diff: 0.0, Sum: 4.2]
      [Code Root Scanning (ms): Min: 0.8, Avg: 0.9, Max: 0.9, Diff: 0.0, Sum: 1.7]
      [Object Copy (ms): Min: 1.9, Avg: 2.0, Max: 2.1, Diff: 0.2, Sum: 4.0]
      [Termination (ms): Min: 0.0, Avg: 0.0, Max: 0.0, Diff: 0.0, Sum: 0.0]
      [GC Worker Other (ms): Min: 0.0, Avg: 0.0, Max: 0.1, Diff: 0.0, Sum: 0.1]
      [GC Worker Total (ms): Min: 7.2, Avg: 7.2, Max: 7.2, Diff: 0.0, Sum: 14.3]
      [GC Worker End (ms): Min: 5910647.9, Avg: 5910647.9, Max: 5910647.9, Diff: 0.0]
   [Code Root Fixup: 0.2 ms]
   [Code Root Migration: 0.1 ms]
   [Clear CT: 0.8 ms]
   [Other: 1.7 ms]
      [Choose CSet: 0.0 ms]
      [Ref Proc: 0.2 ms]
      [Ref Enq: 0.0 ms]
      [Free CSet: 1.4 ms]
   [Eden: 3376.0M(3376.0M)->0.0B(3376.0M) Survivors: 2048.0K->2048.0K Heap: 4803.6M(5632.0M)->1427.4M(5632.0M)]
 [Times: user=0.02 sys=0.00, real=0.01 secs] 
2014-06-25T01:49:28.202+0000: 5910.651: Total time for which application threads were stopped: 0.0104867 seconds
2014-06-25T01:49:31.202+0000: 5913.652: Total time for which application threads were stopped: 0.0003710 seconds
2014-06-25T01:49:34.731+0000: 5917.180: [GC pause (G1 Evacuation Pause) (young)
Desired survivor size 222298112 bytes, new threshold 15 (max 15)
- age   1:     232288 bytes,     232288 total
- age   2:      91312 bytes,     323600 total
- age   3:      20328 bytes,     343928 total
- age   4:     138720 bytes,     482648 total
- age   5:       4952 bytes,     487600 total
- age   6:      43656 bytes,     531256 total
- age   7:       5184 bytes,     536440 total
- age   8:      38312 bytes,     574752 total
- age   9:      56408 bytes,     631160 total
- age  10:      19208 bytes,     650368 total
- age  11:     133016 bytes,     783384 total
- age  12:       1936 bytes,     785320 total
- age  13:       4784 bytes,     790104 total
- age  14:      12568 bytes,     802672 total
- age  15:      14528 bytes,     817200 total
, 0.0096982 secs]
   [Parallel Time: 7.0 ms, GC Workers: 2]
      [GC Worker Start (ms): Min: 5917179.8, Avg: 5917179.8, Max: 5917179.8, Diff: 0.0]
      [Ext Root Scanning (ms): Min: 1.1, Avg: 1.3, Max: 1.4, Diff: 0.3, Sum: 2.6]
      [Update RS (ms): Min: 0.9, Avg: 0.9, Max: 1.0, Diff: 0.1, Sum: 1.8]
         [Processed Buffers: Min: 15, Avg: 17.0, Max: 19, Diff: 4, Sum: 34]
      [Scan RS (ms): Min: 2.1, Avg: 2.1, Max: 2.2, Diff: 0.0, Sum: 4.3]
      [Code Root Scanning (ms): Min: 0.8, Avg: 0.8, Max: 0.8, Diff: 0.0, Sum: 1.7]
      [Object Copy (ms): Min: 1.6, Avg: 1.7, Max: 1.7, Diff: 0.2, Sum: 3.3]
      [Termination (ms): Min: 0.0, Avg: 0.0, Max: 0.0, Diff: 0.0, Sum: 0.0]
      [GC Worker Other (ms): Min: 0.0, Avg: 0.0, Max: 0.1, Diff: 0.0, Sum: 0.1]
      [GC Worker Total (ms): Min: 6.8, Avg: 6.9, Max: 6.9, Diff: 0.0, Sum: 13.7]
      [GC Worker End (ms): Min: 5917186.7, Avg: 5917186.7, Max: 5917186.7, Diff: 0.0]
   [Code Root Fixup: 0.2 ms]
   [Code Root Migration: 0.1 ms]
   [Clear CT: 0.8 ms]
   [Other: 1.7 ms]
      [Choose CSet: 0.0 ms]
      [Ref Proc: 0.1 ms]
      [Ref Enq: 0.0 ms]
      [Free CSet: 1.4 ms]
   [Eden: 3376.0M(3376.0M)->0.0B(3376.0M) Survivors: 2048.0K->2048.0K Heap: 4803.4M(5632.0M)->1427.9M(5632.0M)]
 [Times: user=0.01 sys=0.00, real=0.01 secs] 
2014-06-25T01:49:34.740+0000: 5917.190: Total time for which application threads were stopped: 0.0102525 seconds
2014-06-25T01:49:41.220+0000: 5923.669: [GC pause (G1 Evacuation Pause) (young)
Desired survivor size 222298112 bytes, new threshold 15 (max 15)
- age   1:      34872 bytes,      34872 total
- age   2:     202856 bytes,     237728 total
- age   3:      90976 bytes,     328704 total
- age   4:      19952 bytes,     348656 total
- age   5:     138720 bytes,     487376 total
- age   6:       4832 bytes,     492208 total
- age   7:      43656 bytes,     535864 total
- age   8:       5184 bytes,     541048 total
- age   9:      38312 bytes,     579360 total
- age  10:      56408 bytes,     635768 total
- age  11:      19176 bytes,     654944 total
- age  12:     133016 bytes,     787960 total
- age  13:       1936 bytes,     789896 total
- age  14:       4784 bytes,     794680 total
- age  15:      12568 bytes,     807248 total
, 0.0097258 secs]
   [Parallel Time: 6.9 ms, GC Workers: 2]
      [GC Worker Start (ms): Min: 5923669.2, Avg: 5923669.2, Max: 5923669.2, Diff: 0.0]
      [Ext Root Scanning (ms): Min: 1.1, Avg: 1.2, Max: 1.4, Diff: 0.3, Sum: 2.5]
      [Update RS (ms): Min: 0.9, Avg: 0.9, Max: 1.0, Diff: 0.1, Sum: 1.9]
         [Processed Buffers: Min: 15, Avg: 18.0, Max: 21, Diff: 6, Sum: 36]
      [Scan RS (ms): Min: 2.1, Avg: 2.2, Max: 2.2, Diff: 0.0, Sum: 4.3]
      [Code Root Scanning (ms): Min: 0.8, Avg: 0.8, Max: 0.8, Diff: 0.0, Sum: 1.6]
      [Object Copy (ms): Min: 1.6, Avg: 1.7, Max: 1.8, Diff: 0.2, Sum: 3.4]
      [Termination (ms): Min: 0.0, Avg: 0.0, Max: 0.0, Diff: 0.0, Sum: 0.0]
      [GC Worker Other (ms): Min: 0.0, Avg: 0.0, Max: 0.0, Diff: 0.0, Sum: 0.1]
      [GC Worker Total (ms): Min: 6.9, Avg: 6.9, Max: 6.9, Diff: 0.0, Sum: 13.7]
      [GC Worker End (ms): Min: 5923676.1, Avg: 5923676.1, Max: 5923676.1, Diff: 0.0]
   [Code Root Fixup: 0.2 ms]
   [Code Root Migration: 0.1 ms]
   [Clear CT: 0.8 ms]
   [Other: 1.8 ms]
      [Choose CSet: 0.0 ms]
      [Ref Proc: 0.1 ms]
      [Ref Enq: 0.0 ms]
      [Free CSet: 1.5 ms]
   [Eden: 3376.0M(3376.0M)->0.0B(3376.0M) Survivors: 2048.0K->2048.0K Heap: 4803.9M(5632.0M)->1427.3M(5632.0M)]
 [Times: user=0.02 sys=0.00, real=0.01 secs] 
2014-06-25T01:49:41.230+0000: 5923.679: Total time for which application threads were stopped: 0.0102732 seconds
2014-06-25T01:49:43.235+0000: 5925.684: Total time for which application threads were stopped: 0.0044315 seconds
2014-06-25T01:49:44.144+0000: 5926.593: Total time for which application threads were stopped: 0.0004778 seconds
2014-06-25T01:49:46.620+0000: 5929.069: [GC pause (G1 Evacuation Pause) (young)
Desired survivor size 222298112 bytes, new threshold 15 (max 15)
- age   1:      81088 bytes,      81088 total
- age   2:       2440 bytes,      83528 total
- age   3:     195520 bytes,     279048 total
- age   4:      90424 bytes,     369472 total
- age   5:      19952 bytes,     389424 total
- age   6:     138504 bytes,     527928 total
- age   7:       4832 bytes,     532760 total
- age   8:      43544 bytes,     576304 total
- age   9:       4920 bytes,     581224 total
- age  10:      28696 bytes,     609920 total
- age  11:      56408 bytes,     666328 total
- age  12:      18488 bytes,     684816 total
- age  13:     132952 bytes,     817768 total
- age  14:       1936 bytes,     819704 total
- age  15:       4784 bytes,     824488 total
, 0.0104933 secs]
   [Parallel Time: 7.7 ms, GC Workers: 2]
      [GC Worker Start (ms): Min: 5929069.5, Avg: 5929069.5, Max: 5929069.5, Diff: 0.0]
      [Ext Root Scanning (ms): Min: 1.1, Avg: 1.3, Max: 1.4, Diff: 0.3, Sum: 2.5]
      [Update RS (ms): Min: 1.2, Avg: 1.3, Max: 1.4, Diff: 0.3, Sum: 2.6]
         [Processed Buffers: Min: 3, Avg: 17.5, Max: 32, Diff: 29, Sum: 35]
      [Scan RS (ms): Min: 2.0, Avg: 2.1, Max: 2.3, Diff: 0.3, Sum: 4.2]
      [Code Root Scanning (ms): Min: 0.8, Avg: 0.8, Max: 0.9, Diff: 0.1, Sum: 1.6]
      [Object Copy (ms): Min: 2.0, Avg: 2.1, Max: 2.2, Diff: 0.2, Sum: 4.2]
      [Termination (ms): Min: 0.0, Avg: 0.0, Max: 0.0, Diff: 0.0, Sum: 0.0]
      [GC Worker Other (ms): Min: 0.1, Avg: 0.1, Max: 0.1, Diff: 0.0, Sum: 0.1]
      [GC Worker Total (ms): Min: 7.6, Avg: 7.6, Max: 7.7, Diff: 0.0, Sum: 15.3]
      [GC Worker End (ms): Min: 5929077.2, Avg: 5929077.2, Max: 5929077.2, Diff: 0.0]
   [Code Root Fixup: 0.2 ms]
   [Code Root Migration: 0.1 ms]
   [Clear CT: 0.8 ms]
   [Other: 1.8 ms]
      [Choose CSet: 0.0 ms]
      [Ref Proc: 0.2 ms]
      [Ref Enq: 0.0 ms]
      [Free CSet: 1.4 ms]
   [Eden: 3376.0M(3376.0M)->0.0B(3376.0M) Survivors: 2048.0K->2048.0K Heap: 4803.3M(5632.0M)->1427.6M(5632.0M)]
 [Times: user=0.02 sys=0.00, real=0.01 secs] 
2014-06-25T01:49:46.631+0000: 5929.080: Total time for which application threads were stopped: 0.0110485 seconds
2014-06-25T01:49:53.165+0000: 5935.614: [GC pause (G1 Evacuation Pause) (young)
Desired survivor size 222298112 bytes, new threshold 15 (max 15)
- age   1:     260464 bytes,     260464 total
- age   2:      39776 bytes,     300240 total
- age   3:       1248 bytes,     301488 total
- age   4:     107256 bytes,     408744 total
- age   5:      68352 bytes,     477096 total
- age   6:      19952 bytes,     497048 total
- age   7:     138424 bytes,     635472 total
- age   8:       4800 bytes,     640272 total
- age   9:      43544 bytes,     683816 total
- age  10:       4920 bytes,     688736 total
- age  11:      23400 bytes,     712136 total
- age  12:      56408 bytes,     768544 total
- age  13:      18360 bytes,     786904 total
- age  14:     105440 bytes,     892344 total
- age  15:       1936 bytes,     894280 total
, 0.0095414 secs]
   [Parallel Time: 6.8 ms, GC Workers: 2]
      [GC Worker Start (ms): Min: 5935614.3, Avg: 5935614.3, Max: 5935614.3, Diff: 0.0]
      [Ext Root Scanning (ms): Min: 1.1, Avg: 1.2, Max: 1.4, Diff: 0.3, Sum: 2.5]
      [Update RS (ms): Min: 0.9, Avg: 0.9, Max: 1.0, Diff: 0.1, Sum: 1.9]
         [Processed Buffers: Min: 9, Avg: 17.0, Max: 25, Diff: 16, Sum: 34]
      [Scan RS (ms): Min: 2.1, Avg: 2.2, Max: 2.2, Diff: 0.0, Sum: 4.3]
      [Code Root Scanning (ms): Min: 0.8, Avg: 0.8, Max: 0.8, Diff: 0.0, Sum: 1.7]
      [Object Copy (ms): Min: 1.5, Avg: 1.6, Max: 1.6, Diff: 0.1, Sum: 3.1]
      [Termination (ms): Min: 0.0, Avg: 0.0, Max: 0.0, Diff: 0.0, Sum: 0.0]
      [GC Worker Other (ms): Min: 0.0, Avg: 0.1, Max: 0.1, Diff: 0.0, Sum: 0.1]
      [GC Worker Total (ms): Min: 6.8, Avg: 6.8, Max: 6.8, Diff: 0.0, Sum: 13.6]
      [GC Worker End (ms): Min: 5935621.1, Avg: 5935621.1, Max: 5935621.1, Diff: 0.0]
   [Code Root Fixup: 0.2 ms]
   [Code Root Migration: 0.1 ms]
   [Clear CT: 0.8 ms]
   [Other: 1.7 ms]
      [Choose CSet: 0.0 ms]
      [Ref Proc: 0.1 ms]
      [Ref Enq: 0.0 ms]
      [Free CSet: 1.4 ms]
   [Eden: 3376.0M(3376.0M)->0.0B(3376.0M) Survivors: 2048.0K->2048.0K Heap: 4803.6M(5632.0M)->1427.4M(5632.0M)]
 [Times: user=0.02 sys=0.00, real=0.01 secs] 
2014-06-25T01:49:53.175+0000: 5935.624: Total time for which application threads were stopped: 0.0101190 seconds
2014-06-25T01:49:59.588+0000: 5942.038: Total time for which application threads were stopped: 0.0017040 seconds
2014-06-25T01:49:59.822+0000: 5942.271: [GC pause (G1 Evacuation Pause) (young)
Desired survivor size 222298112 bytes, new threshold 15 (max 15)
- age   1:      52368 bytes,      52368 total
- age   2:     112328 bytes,     164696 total
- age   3:      39056 bytes,     203752 total
- age   4:       1200 bytes,     204952 total
- age   5:     106568 bytes,     311520 total
- age   6:      68224 bytes,     379744 total
- age   7:      19952 bytes,     399696 total
- age   8:     138424 bytes,     538120 total
- age   9:       4800 bytes,     542920 total
- age  10:      43544 bytes,     586464 total
- age  11:       4920 bytes,     591384 total
- age  12:      23272 bytes,     614656 total
- age  13:      56408 bytes,     671064 total
- age  14:      18360 bytes,     689424 total
- age  15:     105440 bytes,     794864 total
, 0.0321848 secs]
   [Parallel Time: 28.5 ms, GC Workers: 2]
      [GC Worker Start (ms): Min: 5942271.1, Avg: 5942271.1, Max: 5942271.1, Diff: 0.0]
      [Ext Root Scanning (ms): Min: 1.1, Avg: 1.3, Max: 1.4, Diff: 0.3, Sum: 2.6]
      [Update RS (ms): Min: 0.9, Avg: 1.0, Max: 1.0, Diff: 0.1, Sum: 1.9]
         [Processed Buffers: Min: 6, Avg: 17.0, Max: 28, Diff: 22, Sum: 34]
      [Scan RS (ms): Min: 2.1, Avg: 2.1, Max: 2.2, Diff: 0.1, Sum: 4.3]
      [Code Root Scanning (ms): Min: 0.8, Avg: 0.8, Max: 0.8, Diff: 0.0, Sum: 1.6]
      [Object Copy (ms): Min: 23.1, Avg: 23.2, Max: 23.3, Diff: 0.2, Sum: 46.4]
      [Termination (ms): Min: 0.0, Avg: 0.0, Max: 0.0, Diff: 0.0, Sum: 0.0]
      [GC Worker Other (ms): Min: 0.0, Avg: 0.1, Max: 0.1, Diff: 0.0, Sum: 0.1]
      [GC Worker Total (ms): Min: 28.4, Avg: 28.4, Max: 28.5, Diff: 0.0, Sum: 56.9]
      [GC Worker End (ms): Min: 5942299.5, Avg: 5942299.5, Max: 5942299.5, Diff: 0.0]
   [Code Root Fixup: 0.2 ms]
   [Code Root Migration: 0.2 ms]
   [Clear CT: 0.8 ms]
   [Other: 2.5 ms]
      [Choose CSet: 0.0 ms]
      [Ref Proc: 0.7 ms]
      [Ref Enq: 0.1 ms]
      [Free CSet: 1.6 ms]
   [Eden: 3376.0M(3376.0M)->0.0B(3370.0M) Survivors: 2048.0K->8192.0K Heap: 4803.4M(5632.0M)->1434.2M(5632.0M)]
 [Times: user=0.06 sys=0.00, real=0.03 secs] 
2014-06-25T01:49:59.854+0000: 5942.303: Total time for which application threads were stopped: 0.0328204 seconds
2014-06-25T01:50:06.276+0000: 5948.725: [GC pause (G1 Evacuation Pause) (young)
Desired survivor size 222298112 bytes, new threshold 15 (max 15)
- age   1:    6956392 bytes,    6956392 total
- age   2:      25136 bytes,    6981528 total
- age   3:      83072 bytes,    7064600 total
- age   4:      30752 bytes,    7095352 total
- age   5:       1080 bytes,    7096432 total
- age   6:      94808 bytes,    7191240 total
- age   7:      68192 bytes,    7259432 total
- age   8:      19952 bytes,    7279384 total
- age   9:     132816 bytes,    7412200 total
- age  10:       4800 bytes,    7417000 total
- age  11:      43232 bytes,    7460232 total
- age  12:       4920 bytes,    7465152 total
- age  13:      22824 bytes,    7487976 total
- age  14:      54336 bytes,    7542312 total
- age  15:      18360 bytes,    7560672 total
, 0.0340931 secs]
   [Parallel Time: 30.9 ms, GC Workers: 2]
      [GC Worker Start (ms): Min: 5948724.9, Avg: 5948724.9, Max: 5948724.9, Diff: 0.0]
      [Ext Root Scanning (ms): Min: 1.1, Avg: 1.3, Max: 1.4, Diff: 0.3, Sum: 2.6]
      [Update RS (ms): Min: 0.9, Avg: 1.0, Max: 1.0, Diff: 0.1, Sum: 1.9]
         [Processed Buffers: Min: 4, Avg: 16.0, Max: 28, Diff: 24, Sum: 32]
      [Scan RS (ms): Min: 2.1, Avg: 2.1, Max: 2.2, Diff: 0.0, Sum: 4.3]
      [Code Root Scanning (ms): Min: 0.8, Avg: 0.8, Max: 0.8, Diff: 0.0, Sum: 1.7]
      [Object Copy (ms): Min: 25.5, Avg: 25.6, Max: 25.7, Diff: 0.2, Sum: 51.2]
      [Termination (ms): Min: 0.0, Avg: 0.0, Max: 0.0, Diff: 0.0, Sum: 0.0]
      [GC Worker Other (ms): Min: 0.0, Avg: 0.1, Max: 0.1, Diff: 0.0, Sum: 0.1]
      [GC Worker Total (ms): Min: 30.9, Avg: 30.9, Max: 30.9, Diff: 0.0, Sum: 61.7]
      [GC Worker End (ms): Min: 5948755.7, Avg: 5948755.8, Max: 5948755.8, Diff: 0.0]
   [Code Root Fixup: 0.2 ms]
   [Code Root Migration: 0.2 ms]
   [Clear CT: 0.8 ms]
   [Other: 2.0 ms]
      [Choose CSet: 0.0 ms]
      [Ref Proc: 0.2 ms]
      [Ref Enq: 0.0 ms]
      [Free CSet: 1.6 ms]
   [Eden: 3370.0M(3370.0M)->0.0B(3366.0M) Survivors: 8192.0K->12.0M Heap: 4804.2M(5632.0M)->1437.3M(5632.0M)]
 [Times: user=0.06 sys=0.01, real=0.03 secs] 
2014-06-25T01:50:06.310+0000: 5948.759: Total time for which application threads were stopped: 0.0367416 seconds
2014-06-25T01:50:12.526+0000: 5954.975: [GC pause (G1 Evacuation Pause) (young)
Desired survivor size 222298112 bytes, new threshold 15 (max 15)
- age   1:    2304072 bytes,    2304072 total
- age   2:    6917000 bytes,    9221072 total
- age   3:      24928 bytes,    9246000 total
- age   4:      79824 bytes,    9325824 total
- age   5:      30728 bytes,    9356552 total
- age   6:       1080 bytes,    9357632 total
- age   7:      94808 bytes,    9452440 total
- age   8:      68192 bytes,    9520632 total
- age   9:      19952 bytes,    9540584 total
- age  10:     132688 bytes,    9673272 total
- age  11:       4800 bytes,    9678072 total
- age  12:      43232 bytes,    9721304 total
- age  13:       4920 bytes,    9726224 total
- age  14:      22824 bytes,    9749048 total
- age  15:      54336 bytes,    9803384 total
, 0.0340627 secs]
   [Parallel Time: 31.0 ms, GC Workers: 2]
      [GC Worker Start (ms): Min: 5954975.1, Avg: 5954975.1, Max: 5954975.1, Diff: 0.0]
      [Ext Root Scanning (ms): Min: 1.1, Avg: 1.3, Max: 1.4, Diff: 0.3, Sum: 2.5]
      [Update RS (ms): Min: 0.8, Avg: 0.8, Max: 0.8, Diff: 0.0, Sum: 1.7]
         [Processed Buffers: Min: 2, Avg: 15.0, Max: 28, Diff: 26, Sum: 30]
      [Scan RS (ms): Min: 2.1, Avg: 2.2, Max: 2.2, Diff: 0.1, Sum: 4.3]
      [Code Root Scanning (ms): Min: 0.8, Avg: 0.8, Max: 0.9, Diff: 0.1, Sum: 1.7]
      [Object Copy (ms): Min: 25.7, Avg: 25.8, Max: 25.9, Diff: 0.2, Sum: 51.7]
      [Termination (ms): Min: 0.0, Avg: 0.0, Max: 0.0, Diff: 0.0, Sum: 0.0]
      [GC Worker Other (ms): Min: 0.0, Avg: 0.1, Max: 0.1, Diff: 0.0, Sum: 0.1]
      [GC Worker Total (ms): Min: 31.0, Avg: 31.0, Max: 31.0, Diff: 0.0, Sum: 62.0]
      [GC Worker End (ms): Min: 5955006.1, Avg: 5955006.1, Max: 5955006.1, Diff: 0.0]
   [Code Root Fixup: 0.2 ms]
   [Code Root Migration: 0.2 ms]
   [Clear CT: 0.8 ms]
   [Other: 1.9 ms]
      [Choose CSet: 0.0 ms]
      [Ref Proc: 0.1 ms]
      [Ref Enq: 0.0 ms]
      [Free CSet: 1.6 ms]
   [Eden: 3366.0M(3366.0M)->0.0B(3366.0M) Survivors: 12.0M->12.0M Heap: 4803.3M(5632.0M)->1437.4M(5632.0M)]
 [Times: user=0.06 sys=0.00, real=0.04 secs] 
2014-06-25T01:50:12.560+0000: 5955.009: Total time for which application threads were stopped: 0.0346227 seconds
2014-06-25T01:50:15.565+0000: 5958.014: Total time for which application threads were stopped: 0.0041136 seconds
2014-06-25T01:50:18.784+0000: 5961.233: [GC pause (G1 Evacuation Pause) (young)
Desired survivor size 222298112 bytes, new threshold 15 (max 15)
- age   1:     633112 bytes,     633112 total
- age   2:    2259256 bytes,    2892368 total
- age   3:    6916648 bytes,    9809016 total
- age   4:      24872 bytes,    9833888 total
- age   5:      79824 bytes,    9913712 total
- age   6:      30728 bytes,    9944440 total
- age   7:       1080 bytes,    9945520 total
- age   8:      94808 bytes,   10040328 total
- age   9:      68192 bytes,   10108520 total
- age  10:      19952 bytes,   10128472 total
- age  11:     132688 bytes,   10261160 total
- age  12:       4800 bytes,   10265960 total
- age  13:      43232 bytes,   10309192 total
- age  14:       4920 bytes,   10314112 total
- age  15:      22824 bytes,   10336936 total
, 0.0339598 secs]
   [Parallel Time: 31.0 ms, GC Workers: 2]
      [GC Worker Start (ms): Min: 5961232.9, Avg: 5961232.9, Max: 5961232.9, Diff: 0.0]
      [Ext Root Scanning (ms): Min: 1.1, Avg: 1.3, Max: 1.4, Diff: 0.3, Sum: 2.5]
      [Update RS (ms): Min: 0.8, Avg: 0.9, Max: 0.9, Diff: 0.1, Sum: 1.8]
         [Processed Buffers: Min: 11, Avg: 14.5, Max: 18, Diff: 7, Sum: 29]
      [Scan RS (ms): Min: 2.1, Avg: 2.2, Max: 2.2, Diff: 0.1, Sum: 4.3]
      [Code Root Scanning (ms): Min: 0.8, Avg: 0.8, Max: 0.8, Diff: 0.0, Sum: 1.6]
      [Object Copy (ms): Min: 25.6, Avg: 25.7, Max: 25.7, Diff: 0.1, Sum: 51.3]
      [Termination (ms): Min: 0.0, Avg: 0.0, Max: 0.0, Diff: 0.0, Sum: 0.0]
      [GC Worker Other (ms): Min: 0.0, Avg: 0.1, Max: 0.1, Diff: 0.0, Sum: 0.1]
      [GC Worker Total (ms): Min: 30.9, Avg: 30.9, Max: 30.9, Diff: 0.0, Sum: 61.7]
      [GC Worker End (ms): Min: 5961263.8, Avg: 5961263.8, Max: 5961263.8, Diff: 0.0]
   [Code Root Fixup: 0.2 ms]
   [Code Root Migration: 0.2 ms]
   [Clear CT: 0.8 ms]
   [Other: 1.9 ms]
      [Choose CSet: 0.0 ms]
      [Ref Proc: 0.1 ms]
      [Ref Enq: 0.0 ms]
      [Free CSet: 1.6 ms]
   [Eden: 3366.0M(3366.0M)->0.0B(3366.0M) Survivors: 12.0M->12.0M Heap: 4803.4M(5632.0M)->1437.5M(5632.0M)]
 [Times: user=0.06 sys=0.01, real=0.04 secs] 
2014-06-25T01:50:18.818+0000: 5961.267: Total time for which application threads were stopped: 0.0356345 seconds
2014-06-25T01:50:25.395+0000: 5967.845: [GC pause (G1 Evacuation Pause) (young)
Desired survivor size 222298112 bytes, new threshold 15 (max 15)
- age   1:      71552 bytes,      71552 total
- age   2:     594384 bytes,     665936 total
- age   3:    2258872 bytes,    2924808 total
- age   4:    6916352 bytes,    9841160 total
- age   5:      24848 bytes,    9866008 total
- age   6:      79720 bytes,    9945728 total
- age   7:      30728 bytes,    9976456 total
- age   8:       1080 bytes,    9977536 total
- age   9:      94680 bytes,   10072216 total
- age  10:      68192 bytes,   10140408 total
- age  11:      19952 bytes,   10160360 total
- age  12:     132688 bytes,   10293048 total
- age  13:       4800 bytes,   10297848 total
- age  14:      43232 bytes,   10341080 total
- age  15:       4920 bytes,   10346000 total
, 0.0106423 secs]
   [Parallel Time: 8.0 ms, GC Workers: 2]
      [GC Worker Start (ms): Min: 5967844.7, Avg: 5967844.7, Max: 5967844.7, Diff: 0.0]
      [Ext Root Scanning (ms): Min: 1.1, Avg: 1.3, Max: 1.4, Diff: 0.3, Sum: 2.5]
      [Update RS (ms): Min: 0.8, Avg: 0.9, Max: 1.0, Diff: 0.1, Sum: 1.8]
         [Processed Buffers: Min: 10, Avg: 15.5, Max: 21, Diff: 11, Sum: 31]
      [Scan RS (ms): Min: 2.1, Avg: 2.2, Max: 2.2, Diff: 0.0, Sum: 4.3]
      [Code Root Scanning (ms): Min: 0.8, Avg: 0.8, Max: 0.8, Diff: 0.0, Sum: 1.6]
      [Object Copy (ms): Min: 2.7, Avg: 2.7, Max: 2.8, Diff: 0.1, Sum: 5.4]
      [Termination (ms): Min: 0.0, Avg: 0.0, Max: 0.0, Diff: 0.0, Sum: 0.0]
      [GC Worker Other (ms): Min: 0.0, Avg: 0.1, Max: 0.1, Diff: 0.0, Sum: 0.1]
      [GC Worker Total (ms): Min: 7.9, Avg: 7.9, Max: 7.9, Diff: 0.0, Sum: 15.8]
      [GC Worker End (ms): Min: 5967852.6, Avg: 5967852.6, Max: 5967852.7, Diff: 0.0]
   [Code Root Fixup: 0.2 ms]
   [Code Root Migration: 0.1 ms]
   [Clear CT: 0.8 ms]
   [Other: 1.6 ms]
      [Choose CSet: 0.0 ms]
      [Ref Proc: 0.1 ms]
      [Ref Enq: 0.0 ms]
      [Free CSet: 1.4 ms]
   [Eden: 3366.0M(3366.0M)->0.0B(3376.0M) Survivors: 12.0M->2048.0K Heap: 4803.5M(5632.0M)->1428.5M(5632.0M)]
 [Times: user=0.01 sys=0.00, real=0.00 secs] 
2014-06-25T01:50:25.406+0000: 5967.855: Total time for which application threads were stopped: 0.0112257 seconds
2014-06-25T01:50:31.931+0000: 5974.380: [GC pause (G1 Evacuation Pause) (young)
Desired survivor size 222298112 bytes, new threshold 15 (max 15)
- age   1:      35256 bytes,      35256 total
- age   2:       3104 bytes,      38360 total
- age   3:       8656 bytes,      47016 total
- age   4:      25936 bytes,      72952 total
- age   5:     636648 bytes,     709600 total
- age   6:      24808 bytes,     734408 total
- age   7:      79720 bytes,     814128 total
- age   8:      30344 bytes,     844472 total
- age   9:       1080 bytes,     845552 total
- age  10:      94680 bytes,     940232 total
- age  11:      68192 bytes,    1008424 total
- age  12:      19952 bytes,    1028376 total
- age  13:     132688 bytes,    1161064 total
- age  14:       4664 bytes,    1165728 total
- age  15:      43232 bytes,    1208960 total
, 0.0106326 secs]
   [Parallel Time: 8.0 ms, GC Workers: 2]
      [GC Worker Start (ms): Min: 5974379.8, Avg: 5974379.8, Max: 5974379.8, Diff: 0.0]
      [Ext Root Scanning (ms): Min: 1.1, Avg: 1.3, Max: 1.4, Diff: 0.3, Sum: 2.5]
      [Update RS (ms): Min: 0.9, Avg: 0.9, Max: 1.0, Diff: 0.1, Sum: 1.8]
         [Processed Buffers: Min: 15, Avg: 15.5, Max: 16, Diff: 1, Sum: 31]
      [Scan RS (ms): Min: 2.1, Avg: 2.1, Max: 2.2, Diff: 0.0, Sum: 4.3]
      [Code Root Scanning (ms): Min: 0.8, Avg: 0.8, Max: 0.8, Diff: 0.0, Sum: 1.7]
      [Object Copy (ms): Min: 2.7, Avg: 2.7, Max: 2.8, Diff: 0.1, Sum: 5.4]
      [Termination (ms): Min: 0.0, Avg: 0.0, Max: 0.0, Diff: 0.0, Sum: 0.0]
      [GC Worker Other (ms): Min: 0.0, Avg: 0.0, Max: 0.1, Diff: 0.0, Sum: 0.1]
      [GC Worker Total (ms): Min: 7.9, Avg: 7.9, Max: 7.9, Diff: 0.0, Sum: 15.8]
      [GC Worker End (ms): Min: 5974387.7, Avg: 5974387.7, Max: 5974387.7, Diff: 0.0]
   [Code Root Fixup: 0.2 ms]
   [Code Root Migration: 0.1 ms]
   [Clear CT: 0.8 ms]
   [Other: 1.6 ms]
      [Choose CSet: 0.0 ms]
      [Ref Proc: 0.1 ms]
      [Ref Enq: 0.0 ms]
      [Free CSet: 1.4 ms]
   [Eden: 3376.0M(3376.0M)->0.0B(3376.0M) Survivors: 2048.0K->2048.0K Heap: 4804.5M(5632.0M)->1428.5M(5632.0M)]
 [Times: user=0.02 sys=0.00, real=0.01 secs] 
2014-06-25T01:50:31.941+0000: 5974.390: Total time for which application threads were stopped: 0.0111719 seconds
2014-06-25T01:50:38.439+0000: 5980.888: Total time for which application threads were stopped: 0.0004001 seconds
2014-06-25T01:50:38.440+0000: 5980.889: Total time for which application threads were stopped: 0.0002421 seconds
2014-06-25T01:50:38.456+0000: 5980.905: Total time for which application threads were stopped: 0.0042083 seconds
2014-06-25T01:50:38.493+0000: 5980.942: [GC pause (G1 Evacuation Pause) (young)
Desired survivor size 222298112 bytes, new threshold 15 (max 15)
- age   1:      28984 bytes,      28984 total
- age   2:       9104 bytes,      38088 total
- age   3:       1992 bytes,      40080 total
- age   4:       8464 bytes,      48544 total
- age   5:      25656 bytes,      74200 total
- age   6:     636112 bytes,     710312 total
- age   7:      24808 bytes,     735120 total
- age   8:      79720 bytes,     814840 total
- age   9:      30344 bytes,     845184 total
- age  10:       1048 bytes,     846232 total
- age  11:      94680 bytes,     940912 total
- age  12:      68192 bytes,    1009104 total
- age  13:      19952 bytes,    1029056 total
- age  14:     132688 bytes,    1161744 total
- age  15:       4664 bytes,    1166408 total
, 0.0114295 secs]
   [Parallel Time: 8.7 ms, GC Workers: 2]
      [GC Worker Start (ms): Min: 5980942.2, Avg: 5980942.2, Max: 5980942.2, Diff: 0.0]
      [Ext Root Scanning (ms): Min: 1.6, Avg: 1.6, Max: 1.7, Diff: 0.1, Sum: 3.3]
      [Update RS (ms): Min: 1.0, Avg: 1.1, Max: 1.1, Diff: 0.1, Sum: 2.1]
         [Processed Buffers: Min: 4, Avg: 17.5, Max: 31, Diff: 27, Sum: 35]
      [Scan RS (ms): Min: 2.1, Avg: 2.2, Max: 2.2, Diff: 0.0, Sum: 4.3]
      [Code Root Scanning (ms): Min: 0.8, Avg: 0.8, Max: 0.8, Diff: 0.0, Sum: 1.6]
      [Object Copy (ms): Min: 2.8, Avg: 2.9, Max: 2.9, Diff: 0.1, Sum: 5.7]
      [Termination (ms): Min: 0.0, Avg: 0.0, Max: 0.0, Diff: 0.0, Sum: 0.0]
      [GC Worker Other (ms): Min: 0.0, Avg: 0.0, Max: 0.1, Diff: 0.0, Sum: 0.1]
      [GC Worker Total (ms): Min: 8.6, Avg: 8.6, Max: 8.6, Diff: 0.0, Sum: 17.2]
      [GC Worker End (ms): Min: 5980950.8, Avg: 5980950.8, Max: 5980950.8, Diff: 0.0]
   [Code Root Fixup: 0.2 ms]
   [Code Root Migration: 0.1 ms]
   [Clear CT: 0.8 ms]
   [Other: 1.7 ms]
      [Choose CSet: 0.0 ms]
      [Ref Proc: 0.1 ms]
      [Ref Enq: 0.0 ms]
      [Free CSet: 1.5 ms]
   [Eden: 3376.0M(3376.0M)->0.0B(3374.0M) Survivors: 2048.0K->4096.0K Heap: 4804.5M(5632.0M)->1429.1M(5632.0M)]
 [Times: user=0.03 sys=0.00, real=0.02 secs] 
2014-06-25T01:50:38.505+0000: 5980.954: Total time for which application threads were stopped: 0.0119460 seconds
2014-06-25T01:50:45.103+0000: 5987.552: [GC pause (G1 Evacuation Pause) (young)
Desired survivor size 222298112 bytes, new threshold 15 (max 15)
- age   1:     307848 bytes,     307848 total
- age   2:       3224 bytes,     311072 total
- age   3:       8832 bytes,     319904 total
- age   4:       1968 bytes,     321872 total
- age   5:       8360 bytes,     330232 total
- age   6:      22608 bytes,     352840 total
- age   7:     611032 bytes,     963872 total
- age   8:      19512 bytes,     983384 total
- age   9:      59208 bytes,    1042592 total
- age  10:      30344 bytes,    1072936 total
- age  11:       1048 bytes,    1073984 total
- age  12:      94680 bytes,    1168664 total
- age  13:      59232 bytes,    1227896 total
- age  14:      19816 bytes,    1247712 total
- age  15:     132688 bytes,    1380400 total
, 0.0108112 secs]
   [Parallel Time: 8.1 ms, GC Workers: 2]
      [GC Worker Start (ms): Min: 5987552.2, Avg: 5987552.2, Max: 5987552.2, Diff: 0.0]
      [Ext Root Scanning (ms): Min: 1.1, Avg: 1.3, Max: 1.4, Diff: 0.3, Sum: 2.5]
      [Update RS (ms): Min: 0.9, Avg: 0.9, Max: 1.0, Diff: 0.1, Sum: 1.8]
         [Processed Buffers: Min: 15, Avg: 17.0, Max: 19, Diff: 4, Sum: 34]
      [Scan RS (ms): Min: 2.1, Avg: 2.1, Max: 2.2, Diff: 0.0, Sum: 4.3]
      [Code Root Scanning (ms): Min: 0.8, Avg: 0.8, Max: 0.8, Diff: 0.0, Sum: 1.7]
      [Object Copy (ms): Min: 2.8, Avg: 2.9, Max: 3.0, Diff: 0.2, Sum: 5.8]
      [Termination (ms): Min: 0.0, Avg: 0.0, Max: 0.0, Diff: 0.0, Sum: 0.0]
      [GC Worker Other (ms): Min: 0.0, Avg: 0.0, Max: 0.1, Diff: 0.0, Sum: 0.1]
      [GC Worker Total (ms): Min: 8.1, Avg: 8.1, Max: 8.1, Diff: 0.0, Sum: 16.2]
      [GC Worker End (ms): Min: 5987560.3, Avg: 5987560.3, Max: 5987560.3, Diff: 0.0]
   [Code Root Fixup: 0.2 ms]
   [Code Root Migration: 0.1 ms]
   [Clear CT: 0.8 ms]
   [Other: 1.7 ms]
      [Choose CSet: 0.0 ms]
      [Ref Proc: 0.1 ms]
      [Ref Enq: 0.0 ms]
      [Free CSet: 1.4 ms]
   [Eden: 3374.0M(3374.0M)->0.0B(3376.0M) Survivors: 4096.0K->2048.0K Heap: 4803.1M(5632.0M)->1428.6M(5632.0M)]
 [Times: user=0.01 sys=0.01, real=0.01 secs] 
2014-06-25T01:50:45.114+0000: 5987.563: Total time for which application threads were stopped: 0.0113397 seconds
2014-06-25T01:50:50.115+0000: 5992.564: Total time for which application threads were stopped: 0.0003890 seconds
2014-06-25T01:50:50.455+0000: 5992.904: Total time for which application threads were stopped: 0.0003873 seconds
2014-06-25T01:50:51.740+0000: 5994.189: [GC pause (G1 Evacuation Pause) (young)
Desired survivor size 222298112 bytes, new threshold 15 (max 15)
- age   1:      51736 bytes,      51736 total
- age   2:     136640 bytes,     188376 total
- age   3:       2608 bytes,     190984 total
- age   4:       8712 bytes,     199696 total
- age   5:       1728 bytes,     201424 total
- age   6:       8360 bytes,     209784 total
- age   7:      22608 bytes,     232392 total
- age   8:     610200 bytes,     842592 total
- age   9:      19512 bytes,     862104 total
- age  10:      58024 bytes,     920128 total
- age  11:      30080 bytes,     950208 total
- age  12:       1048 bytes,     951256 total
- age  13:      94520 bytes,    1045776 total
- age  14:      59232 bytes,    1105008 total
- age  15:      19816 bytes,    1124824 total
, 0.0109421 secs]
   [Parallel Time: 8.2 ms, GC Workers: 2]
      [GC Worker Start (ms): Min: 5994189.1, Avg: 5994189.1, Max: 5994189.1, Diff: 0.0]
      [Ext Root Scanning (ms): Min: 1.1, Avg: 1.2, Max: 1.4, Diff: 0.2, Sum: 2.5]
      [Update RS (ms): Min: 1.1, Avg: 1.1, Max: 1.2, Diff: 0.1, Sum: 2.3]
         [Processed Buffers: Min: 6, Avg: 17.5, Max: 29, Diff: 23, Sum: 35]
      [Scan RS (ms): Min: 2.1, Avg: 2.2, Max: 2.2, Diff: 0.0, Sum: 4.3]
      [Code Root Scanning (ms): Min: 0.8, Avg: 0.8, Max: 0.8, Diff: 0.1, Sum: 1.6]
      [Object Copy (ms): Min: 2.6, Avg: 2.7, Max: 2.8, Diff: 0.1, Sum: 5.4]
      [Termination (ms): Min: 0.0, Avg: 0.0, Max: 0.0, Diff: 0.0, Sum: 0.0]
      [GC Worker Other (ms): Min: 0.0, Avg: 0.0, Max: 0.1, Diff: 0.0, Sum: 0.1]
      [GC Worker Total (ms): Min: 8.1, Avg: 8.1, Max: 8.1, Diff: 0.0, Sum: 16.2]
      [GC Worker End (ms): Min: 5994197.2, Avg: 5994197.2, Max: 5994197.2, Diff: 0.0]
   [Code Root Fixup: 0.2 ms]
   [Code Root Migration: 0.1 ms]
   [Clear CT: 0.8 ms]
   [Other: 1.7 ms]
      [Choose CSet: 0.0 ms]
      [Ref Proc: 0.2 ms]
      [Ref Enq: 0.0 ms]
      [Free CSet: 1.4 ms]
   [Eden: 3376.0M(3376.0M)->0.0B(3376.0M) Survivors: 2048.0K->2048.0K Heap: 4804.6M(5632.0M)->1428.5M(5632.0M)]
 [Times: user=0.02 sys=0.01, real=0.01 secs] 
2014-06-25T01:50:51.751+0000: 5994.200: Total time for which application threads were stopped: 0.0114841 seconds
2014-06-25T01:50:58.349+0000: 6000.798: [GC pause (G1 Evacuation Pause) (young)
Desired survivor size 222298112 bytes, new threshold 15 (max 15)
- age   1:     113832 bytes,     113832 total
- age   2:      22144 bytes,     135976 total
- age   3:     117248 bytes,     253224 total
- age   4:       2392 bytes,     255616 total
- age   5:       8608 bytes,     264224 total
- age   6:       1520 bytes,     265744 total
- age   7:       8360 bytes,     274104 total
- age   8:      22608 bytes,     296712 total
- age   9:     608840 bytes,     905552 total
- age  10:      19512 bytes,     925064 total
- age  11:      57592 bytes,     982656 total
- age  12:      29920 bytes,    1012576 total
- age  13:       1048 bytes,    1013624 total
- age  14:      94128 bytes,    1107752 total
- age  15:      51752 bytes,    1159504 total
, 0.0107040 secs]
   [Parallel Time: 7.9 ms, GC Workers: 2]
      [GC Worker Start (ms): Min: 6000798.4, Avg: 6000798.4, Max: 6000798.4, Diff: 0.0]
      [Ext Root Scanning (ms): Min: 1.1, Avg: 1.3, Max: 1.4, Diff: 0.3, Sum: 2.5]
      [Update RS (ms): Min: 0.7, Avg: 0.8, Max: 0.9, Diff: 0.1, Sum: 1.6]
         [Processed Buffers: Min: 6, Avg: 12.5, Max: 19, Diff: 13, Sum: 25]
      [Scan RS (ms): Min: 2.1, Avg: 2.1, Max: 2.2, Diff: 0.0, Sum: 4.3]
      [Code Root Scanning (ms): Min: 0.8, Avg: 0.8, Max: 0.8, Diff: 0.0, Sum: 1.6]
      [Object Copy (ms): Min: 2.7, Avg: 2.8, Max: 2.8, Diff: 0.1, Sum: 5.5]
      [Termination (ms): Min: 0.0, Avg: 0.0, Max: 0.0, Diff: 0.0, Sum: 0.0]
      [GC Worker Other (ms): Min: 0.0, Avg: 0.0, Max: 0.1, Diff: 0.0, Sum: 0.1]
      [GC Worker Total (ms): Min: 7.8, Avg: 7.8, Max: 7.9, Diff: 0.0, Sum: 15.7]
      [GC Worker End (ms): Min: 6000806.2, Avg: 6000806.3, Max: 6000806.3, Diff: 0.0]
   [Code Root Fixup: 0.2 ms]
   [Code Root Migration: 0.1 ms]
   [Clear CT: 0.8 ms]
   [Other: 1.8 ms]
      [Choose CSet: 0.0 ms]
      [Ref Proc: 0.1 ms]
      [Ref Enq: 0.0 ms]
      [Free CSet: 1.5 ms]
   [Eden: 3376.0M(3376.0M)->0.0B(3376.0M) Survivors: 2048.0K->2048.0K Heap: 4804.5M(5632.0M)->1428.3M(5632.0M)]
 [Times: user=0.02 sys=0.00, real=0.01 secs] 
2014-06-25T01:50:58.360+0000: 6000.809: Total time for which application threads were stopped: 0.0112829 seconds
2014-06-25T01:51:01.290+0000: 6003.739: Total time for which application threads were stopped: 0.0009790 seconds
2014-06-25T01:51:05.043+0000: 6007.492: [GC pause (G1 Evacuation Pause) (young)
Desired survivor size 222298112 bytes, new threshold 15 (max 15)
- age   1:      22056 bytes,      22056 total
- age   2:      99288 bytes,     121344 total
- age   3:      22048 bytes,     143392 total
- age   4:     117224 bytes,     260616 total
- age   5:       2392 bytes,     263008 total
- age   6:       8608 bytes,     271616 total
- age   7:       1520 bytes,     273136 total
- age   8:       8360 bytes,     281496 total
- age   9:      22608 bytes,     304104 total
- age  10:     608840 bytes,     912944 total
- age  11:      19512 bytes,     932456 total
- age  12:      57592 bytes,     990048 total
- age  13:      29920 bytes,    1019968 total
- age  14:       1048 bytes,    1021016 total
- age  15:      94128 bytes,    1115144 total
, 0.0112491 secs]
   [Parallel Time: 8.1 ms, GC Workers: 2]
      [GC Worker Start (ms): Min: 6007492.2, Avg: 6007492.2, Max: 6007492.3, Diff: 0.0]
      [Ext Root Scanning (ms): Min: 1.2, Avg: 1.3, Max: 1.4, Diff: 0.3, Sum: 2.6]
      [Update RS (ms): Min: 0.8, Avg: 0.9, Max: 1.0, Diff: 0.1, Sum: 1.8]
         [Processed Buffers: Min: 7, Avg: 17.5, Max: 28, Diff: 21, Sum: 35]
      [Scan RS (ms): Min: 2.2, Avg: 2.2, Max: 2.2, Diff: 0.1, Sum: 4.4]
      [Code Root Scanning (ms): Min: 0.8, Avg: 0.8, Max: 0.8, Diff: 0.0, Sum: 1.7]
      [Object Copy (ms): Min: 2.6, Avg: 2.7, Max: 2.8, Diff: 0.2, Sum: 5.4]
      [Termination (ms): Min: 0.0, Avg: 0.0, Max: 0.0, Diff: 0.0, Sum: 0.0]
      [GC Worker Other (ms): Min: 0.0, Avg: 0.1, Max: 0.1, Diff: 0.0, Sum: 0.1]
      [GC Worker Total (ms): Min: 8.0, Avg: 8.0, Max: 8.0, Diff: 0.0, Sum: 15.9]
      [GC Worker End (ms): Min: 6007500.2, Avg: 6007500.2, Max: 6007500.2, Diff: 0.0]
   [Code Root Fixup: 0.2 ms]
   [Code Root Migration: 0.1 ms]
   [Clear CT: 0.8 ms]
   [Other: 2.1 ms]
      [Choose CSet: 0.0 ms]
      [Ref Proc: 0.1 ms]
      [Ref Enq: 0.0 ms]
      [Free CSet: 1.8 ms]
   [Eden: 3376.0M(3376.0M)->0.0B(3376.0M) Survivors: 2048.0K->2048.0K Heap: 4804.3M(5632.0M)->1428.5M(5632.0M)]
 [Times: user=0.02 sys=0.00, real=0.02 secs] 
2014-06-25T01:51:05.054+0000: 6007.504: Total time for which application threads were stopped: 0.0118375 seconds
2014-06-25T01:51:08.055+0000: 6010.504: Total time for which application threads were stopped: 0.0004150 seconds
2014-06-25T01:51:11.649+0000: 6014.098: [GC pause (G1 Evacuation Pause) (young)
Desired survivor size 222298112 bytes, new threshold 15 (max 15)
- age   1:      77416 bytes,      77416 total
- age   2:       6912 bytes,      84328 total
- age   3:      82136 bytes,     166464 total
- age   4:      20464 bytes,     186928 total
- age   5:     117032 bytes,     303960 total
- age   6:       2136 bytes,     306096 total
- age   7:       8608 bytes,     314704 total
- age   8:       1520 bytes,     316224 total
- age   9:       8360 bytes,     324584 total
- age  10:      22520 bytes,     347104 total
- age  11:     608776 bytes,     955880 total
- age  12:      19472 bytes,     975352 total
- age  13:      57592 bytes,    1032944 total
- age  14:      29920 bytes,    1062864 total
- age  15:        808 bytes,    1063672 total
, 0.0109066 secs]
   [Parallel Time: 8.1 ms, GC Workers: 2]
      [GC Worker Start (ms): Min: 6014098.2, Avg: 6014098.2, Max: 6014098.2, Diff: 0.0]
      [Ext Root Scanning (ms): Min: 1.1, Avg: 1.3, Max: 1.4, Diff: 0.3, Sum: 2.5]
      [Update RS (ms): Min: 0.9, Avg: 0.9, Max: 1.0, Diff: 0.1, Sum: 1.8]
         [Processed Buffers: Min: 15, Avg: 16.5, Max: 18, Diff: 3, Sum: 33]
      [Scan RS (ms): Min: 2.1, Avg: 2.2, Max: 2.2, Diff: 0.0, Sum: 4.3]
      [Code Root Scanning (ms): Min: 0.8, Avg: 0.8, Max: 0.8, Diff: 0.0, Sum: 1.6]
      [Object Copy (ms): Min: 2.7, Avg: 2.8, Max: 2.9, Diff: 0.2, Sum: 5.6]
      [Termination (ms): Min: 0.0, Avg: 0.0, Max: 0.0, Diff: 0.0, Sum: 0.0]
      [GC Worker Other (ms): Min: 0.0, Avg: 0.1, Max: 0.1, Diff: 0.0, Sum: 0.1]
      [GC Worker Total (ms): Min: 8.0, Avg: 8.0, Max: 8.1, Diff: 0.0, Sum: 16.1]
      [GC Worker End (ms): Min: 6014106.2, Avg: 6014106.2, Max: 6014106.2, Diff: 0.0]
   [Code Root Fixup: 0.2 ms]
   [Code Root Migration: 0.1 ms]
   [Clear CT: 0.8 ms]
   [Other: 1.7 ms]
      [Choose CSet: 0.0 ms]
      [Ref Proc: 0.1 ms]
      [Ref Enq: 0.0 ms]
      [Free CSet: 1.5 ms]
   [Eden: 3376.0M(3376.0M)->0.0B(3374.0M) Survivors: 2048.0K->4096.0K Heap: 4804.5M(5632.0M)->1430.0M(5632.0M)]
 [Times: user=0.02 sys=0.00, real=0.01 secs] 
2014-06-25T01:51:11.660+0000: 6014.109: Total time for which application threads were stopped: 0.0114565 seconds
2014-06-25T01:51:16.295+0000: 6018.744: Total time for which application threads were stopped: 0.0003545 seconds
2014-06-25T01:51:18.192+0000: 6020.641: [GC pause (G1 Evacuation Pause) (young)
Desired survivor size 222298112 bytes, new threshold 15 (max 15)
- age   1:     133768 bytes,     133768 total
- age   2:      47144 bytes,     180912 total
- age   3:       6856 bytes,     187768 total
- age   4:      81680 bytes,     269448 total
- age   5:      20368 bytes,     289816 total
- age   6:     117032 bytes,     406848 total
- age   7:       2136 bytes,     408984 total
- age   8:       8608 bytes,     417592 total
- age   9:       1520 bytes,     419112 total
- age  10:       8360 bytes,     427472 total
- age  11:      22520 bytes,     449992 total
- age  12:     608720 bytes,    1058712 total
- age  13:      19472 bytes,    1078184 total
- age  14:      57592 bytes,    1135776 total
- age  15:      29920 bytes,    1165696 total
, 0.0106152 secs]
   [Parallel Time: 8.0 ms, GC Workers: 2]
      [GC Worker Start (ms): Min: 6020641.1, Avg: 6020641.1, Max: 6020641.1, Diff: 0.0]
      [Ext Root Scanning (ms): Min: 1.1, Avg: 1.3, Max: 1.4, Diff: 0.3, Sum: 2.5]
      [Update RS (ms): Min: 0.7, Avg: 0.8, Max: 0.8, Diff: 0.1, Sum: 1.5]
         [Processed Buffers: Min: 12, Avg: 15.0, Max: 18, Diff: 6, Sum: 30]
      [Scan RS (ms): Min: 2.1, Avg: 2.2, Max: 2.2, Diff: 0.0, Sum: 4.3]
      [Code Root Scanning (ms): Min: 0.8, Avg: 0.8, Max: 0.8, Diff: 0.0, Sum: 1.7]
      [Object Copy (ms): Min: 2.7, Avg: 2.8, Max: 2.9, Diff: 0.2, Sum: 5.6]
      [Termination (ms): Min: 0.0, Avg: 0.0, Max: 0.0, Diff: 0.0, Sum: 0.0]
      [GC Worker Other (ms): Min: 0.0, Avg: 0.1, Max: 0.1, Diff: 0.0, Sum: 0.1]
      [GC Worker Total (ms): Min: 7.9, Avg: 7.9, Max: 7.9, Diff: 0.0, Sum: 15.8]
      [GC Worker End (ms): Min: 6020649.0, Avg: 6020649.0, Max: 6020649.0, Diff: 0.0]
   [Code Root Fixup: 0.2 ms]
   [Code Root Migration: 0.1 ms]
   [Clear CT: 0.8 ms]
   [Other: 1.6 ms]
      [Choose CSet: 0.0 ms]
      [Ref Proc: 0.1 ms]
      [Ref Enq: 0.0 ms]
      [Free CSet: 1.4 ms]
   [Eden: 3374.0M(3374.0M)->0.0B(3376.0M) Survivors: 4096.0K->2048.0K Heap: 4804.0M(5632.0M)->1428.7M(5632.0M)]
 [Times: user=0.01 sys=0.01, real=0.00 secs] 
2014-06-25T01:51:18.203+0000: 6020.652: Total time for which application threads were stopped: 0.0111614 seconds
2014-06-25T01:51:24.869+0000: 6027.318: [GC pause (G1 Evacuation Pause) (young)
Desired survivor size 222298112 bytes, new threshold 15 (max 15)
- age   1:      31432 bytes,      31432 total
- age   2:     101360 bytes,     132792 total
- age   3:      12048 bytes,     144840 total
- age   4:       6856 bytes,     151696 total
- age   5:      81656 bytes,     233352 total
- age   6:      20272 bytes,     253624 total
- age   7:     117032 bytes,     370656 total
- age   8:       2136 bytes,     372792 total
- age   9:       8608 bytes,     381400 total
- age  10:       1520 bytes,     382920 total
- age  11:       8360 bytes,     391280 total
- age  12:      22520 bytes,     413800 total
- age  13:     608720 bytes,    1022520 total
- age  14:      19472 bytes,    1041992 total
- age  15:      57592 bytes,    1099584 total
, 0.0107100 secs]
   [Parallel Time: 8.0 ms, GC Workers: 2]
      [GC Worker Start (ms): Min: 6027318.3, Avg: 6027318.3, Max: 6027318.3, Diff: 0.0]
      [Ext Root Scanning (ms): Min: 1.1, Avg: 1.2, Max: 1.4, Diff: 0.3, Sum: 2.5]
      [Update RS (ms): Min: 0.8, Avg: 0.8, Max: 0.9, Diff: 0.1, Sum: 1.7]
         [Processed Buffers: Min: 2, Avg: 16.0, Max: 30, Diff: 28, Sum: 32]
      [Scan RS (ms): Min: 2.1, Avg: 2.1, Max: 2.2, Diff: 0.0, Sum: 4.3]
      [Code Root Scanning (ms): Min: 0.8, Avg: 0.8, Max: 0.8, Diff: 0.0, Sum: 1.6]
      [Object Copy (ms): Min: 2.7, Avg: 2.8, Max: 2.9, Diff: 0.2, Sum: 5.5]
      [Termination (ms): Min: 0.0, Avg: 0.0, Max: 0.0, Diff: 0.0, Sum: 0.0]
      [GC Worker Other (ms): Min: 0.0, Avg: 0.1, Max: 0.1, Diff: 0.0, Sum: 0.1]
      [GC Worker Total (ms): Min: 7.9, Avg: 7.9, Max: 7.9, Diff: 0.0, Sum: 15.7]
      [GC Worker End (ms): Min: 6027326.1, Avg: 6027326.2, Max: 6027326.2, Diff: 0.0]
   [Code Root Fixup: 0.2 ms]
   [Code Root Migration: 0.1 ms]
   [Clear CT: 0.8 ms]
   [Other: 1.7 ms]
      [Choose CSet: 0.0 ms]
      [Ref Proc: 0.1 ms]
      [Ref Enq: 0.0 ms]
      [Free CSet: 1.5 ms]
   [Eden: 3376.0M(3376.0M)->0.0B(3376.0M) Survivors: 2048.0K->2048.0K Heap: 4804.7M(5632.0M)->1429.0M(5632.0M)]
 [Times: user=0.02 sys=0.00, real=0.01 secs] 
2014-06-25T01:51:24.880+0000: 6027.329: Total time for which application threads were stopped: 0.0113035 seconds
2014-06-25T01:51:30.881+0000: 6033.330: Total time for which application threads were stopped: 0.0003786 seconds
2014-06-25T01:51:31.548+0000: 6033.997: [GC pause (G1 Evacuation Pause) (young)
Desired survivor size 222298112 bytes, new threshold 15 (max 15)
- age   1:      33312 bytes,      33312 total
- age   2:       1352 bytes,      34664 total
- age   3:     100808 bytes,     135472 total
- age   4:      11864 bytes,     147336 total
- age   5:       6832 bytes,     154168 total
- age   6:      81656 bytes,     235824 total
- age   7:      20272 bytes,     256096 total
- age   8:     117032 bytes,     373128 total
- age   9:       2136 bytes,     375264 total
- age  10:       8608 bytes,     383872 total
- age  11:       1520 bytes,     385392 total
- age  12:       8360 bytes,     393752 total
- age  13:      22520 bytes,     416272 total
- age  14:     608720 bytes,    1024992 total
- age  15:      19472 bytes,    1044464 total
, 0.0109961 secs]
   [Parallel Time: 8.2 ms, GC Workers: 2]
      [GC Worker Start (ms): Min: 6033997.4, Avg: 6033997.4, Max: 6033997.5, Diff: 0.0]
      [Ext Root Scanning (ms): Min: 1.1, Avg: 1.2, Max: 1.4, Diff: 0.3, Sum: 2.5]
      [Update RS (ms): Min: 0.8, Avg: 0.9, Max: 0.9, Diff: 0.1, Sum: 1.7]
         [Processed Buffers: Min: 17, Avg: 18.5, Max: 20, Diff: 3, Sum: 37]
      [Scan RS (ms): Min: 2.1, Avg: 2.2, Max: 2.2, Diff: 0.0, Sum: 4.3]
      [Code Root Scanning (ms): Min: 0.8, Avg: 0.8, Max: 0.8, Diff: 0.0, Sum: 1.6]
      [Object Copy (ms): Min: 2.9, Avg: 3.0, Max: 3.1, Diff: 0.2, Sum: 6.0]
      [Termination (ms): Min: 0.0, Avg: 0.0, Max: 0.0, Diff: 0.0, Sum: 0.0]
      [GC Worker Other (ms): Min: 0.0, Avg: 0.1, Max: 0.1, Diff: 0.0, Sum: 0.1]
      [GC Worker Total (ms): Min: 8.1, Avg: 8.1, Max: 8.1, Diff: 0.0, Sum: 16.2]
      [GC Worker End (ms): Min: 6034005.6, Avg: 6034005.6, Max: 6034005.6, Diff: 0.0]
   [Code Root Fixup: 0.2 ms]
   [Code Root Migration: 0.1 ms]
   [Clear CT: 0.8 ms]
   [Other: 1.7 ms]
      [Choose CSet: 0.0 ms]
      [Ref Proc: 0.1 ms]
      [Ref Enq: 0.0 ms]
      [Free CSet: 1.5 ms]
   [Eden: 3376.0M(3376.0M)->0.0B(3376.0M) Survivors: 2048.0K->2048.0K Heap: 4805.0M(5632.0M)->1428.7M(5632.0M)]
 [Times: user=0.01 sys=0.01, real=0.01 secs] 
2014-06-25T01:51:31.559+0000: 6034.009: Total time for which application threads were stopped: 0.0115511 seconds
2014-06-25T01:51:38.102+0000: 6040.551: [GC pause (G1 Evacuation Pause) (young)
Desired survivor size 222298112 bytes, new threshold 15 (max 15)
- age   1:     128016 bytes,     128016 total
- age   2:       3144 bytes,     131160 total
- age   3:        920 bytes,     132080 total
- age   4:      99312 bytes,     231392 total
- age   5:      11296 bytes,     242688 total
- age   6:       6832 bytes,     249520 total
- age   7:      80376 bytes,     329896 total
- age   8:      20144 bytes,     350040 total
- age   9:     116688 bytes,     466728 total
- age  10:       2104 bytes,     468832 total
- age  11:       8608 bytes,     477440 total
- age  12:       1520 bytes,     478960 total
- age  13:       8360 bytes,     487320 total
- age  14:      22520 bytes,     509840 total
- age  15:     608720 bytes,    1118560 total
, 0.0109126 secs]
   [Parallel Time: 8.2 ms, GC Workers: 2]
      [GC Worker Start (ms): Min: 6040551.1, Avg: 6040551.1, Max: 6040551.1, Diff: 0.0]
      [Ext Root Scanning (ms): Min: 1.1, Avg: 1.3, Max: 1.4, Diff: 0.3, Sum: 2.5]
      [Update RS (ms): Min: 0.7, Avg: 0.7, Max: 0.8, Diff: 0.1, Sum: 1.5]
         [Processed Buffers: Min: 7, Avg: 14.5, Max: 22, Diff: 15, Sum: 29]
      [Scan RS (ms): Min: 2.1, Avg: 2.1, Max: 2.2, Diff: 0.0, Sum: 4.3]
      [Code Root Scanning (ms): Min: 0.8, Avg: 0.8, Max: 0.8, Diff: 0.0, Sum: 1.6]
      [Object Copy (ms): Min: 3.1, Avg: 3.1, Max: 3.2, Diff: 0.2, Sum: 6.3]
      [Termination (ms): Min: 0.0, Avg: 0.0, Max: 0.0, Diff: 0.0, Sum: 0.0]
      [GC Worker Other (ms): Min: 0.0, Avg: 0.0, Max: 0.1, Diff: 0.0, Sum: 0.1]
      [GC Worker Total (ms): Min: 8.1, Avg: 8.1, Max: 8.2, Diff: 0.0, Sum: 16.3]
      [GC Worker End (ms): Min: 6040559.3, Avg: 6040559.3, Max: 6040559.3, Diff: 0.0]
   [Code Root Fixup: 0.2 ms]
   [Code Root Migration: 0.1 ms]
   [Clear CT: 0.8 ms]
   [Other: 1.7 ms]
      [Choose CSet: 0.0 ms]
      [Ref Proc: 0.1 ms]
      [Ref Enq: 0.0 ms]
      [Free CSet: 1.4 ms]
   [Eden: 3376.0M(3376.0M)->0.0B(3376.0M) Survivors: 2048.0K->2048.0K Heap: 4804.7M(5632.0M)->1428.7M(5632.0M)]
 [Times: user=0.02 sys=0.00, real=0.01 secs] 
2014-06-25T01:51:38.113+0000: 6040.562: Total time for which application threads were stopped: 0.0114660 seconds
2014-06-25T01:51:44.658+0000: 6047.107: [GC pause (G1 Evacuation Pause) (young)
Desired survivor size 222298112 bytes, new threshold 15 (max 15)
- age   1:      39640 bytes,      39640 total
- age   2:     100136 bytes,     139776 total
- age   3:       2728 bytes,     142504 total
- age   4:        920 bytes,     143424 total
- age   5:      99312 bytes,     242736 total
- age   6:      11296 bytes,     254032 total
- age   7:       6832 bytes,     260864 total
- age   8:      80376 bytes,     341240 total
- age   9:      20144 bytes,     361384 total
- age  10:     116688 bytes,     478072 total
- age  11:       2104 bytes,     480176 total
- age  12:       8608 bytes,     488784 total
- age  13:       1520 bytes,     490304 total
- age  14:       8360 bytes,     498664 total
- age  15:      22520 bytes,     521184 total
, 0.0106563 secs]
   [Parallel Time: 7.9 ms, GC Workers: 2]
      [GC Worker Start (ms): Min: 6047107.4, Avg: 6047107.4, Max: 6047107.4, Diff: 0.0]
      [Ext Root Scanning (ms): Min: 1.1, Avg: 1.3, Max: 1.4, Diff: 0.3, Sum: 2.5]
      [Update RS (ms): Min: 1.9, Avg: 2.1, Max: 2.2, Diff: 0.3, Sum: 4.1]
         [Processed Buffers: Min: 4, Avg: 18.0, Max: 32, Diff: 28, Sum: 36]
      [Scan RS (ms): Min: 2.1, Avg: 2.2, Max: 2.2, Diff: 0.1, Sum: 4.3]
      [Code Root Scanning (ms): Min: 0.8, Avg: 0.8, Max: 0.8, Diff: 0.0, Sum: 1.7]
      [Object Copy (ms): Min: 1.4, Avg: 1.5, Max: 1.5, Diff: 0.2, Sum: 2.9]
      [Termination (ms): Min: 0.0, Avg: 0.0, Max: 0.0, Diff: 0.0, Sum: 0.0]
      [GC Worker Other (ms): Min: 0.0, Avg: 0.1, Max: 0.1, Diff: 0.0, Sum: 0.1]
      [GC Worker Total (ms): Min: 7.8, Avg: 7.8, Max: 7.8, Diff: 0.0, Sum: 15.7]
      [GC Worker End (ms): Min: 6047115.2, Avg: 6047115.2, Max: 6047115.3, Diff: 0.0]
   [Code Root Fixup: 0.2 ms]
   [Code Root Migration: 0.1 ms]
   [Clear CT: 0.8 ms]
   [Other: 1.7 ms]
      [Choose CSet: 0.0 ms]
      [Ref Proc: 0.1 ms]
      [Ref Enq: 0.0 ms]
      [Free CSet: 1.4 ms]
   [Eden: 3376.0M(3376.0M)->0.0B(3376.0M) Survivors: 2048.0K->2048.0K Heap: 4804.7M(5632.0M)->1429.0M(5632.0M)]
 [Times: user=0.02 sys=0.01, real=0.01 secs] 
2014-06-25T01:51:44.669+0000: 6047.118: Total time for which application threads were stopped: 0.0111997 seconds
2014-06-25T01:51:50.670+0000: 6053.119: Total time for which application threads were stopped: 0.0003634 seconds
2014-06-25T01:51:51.208+0000: 6053.657: [GC pause (G1 Evacuation Pause) (young)
Desired survivor size 222298112 bytes, new threshold 15 (max 15)
- age   1:      35312 bytes,      35312 total
- age   2:      13896 bytes,      49208 total
- age   3:      98624 bytes,     147832 total
- age   4:       2672 bytes,     150504 total
- age   5:        824 bytes,     151328 total
- age   6:      99312 bytes,     250640 total
- age   7:      11296 bytes,     261936 total
- age   8:       6832 bytes,     268768 total
- age   9:      80376 bytes,     349144 total
- age  10:      20144 bytes,     369288 total
- age  11:     116688 bytes,     485976 total
- age  12:       2104 bytes,     488080 total
- age  13:       8472 bytes,     496552 total
- age  14:       1520 bytes,     498072 total
- age  15:       8360 bytes,     506432 total
, 0.0091860 secs]
   [Parallel Time: 6.4 ms, GC Workers: 2]
      [GC Worker Start (ms): Min: 6053657.3, Avg: 6053657.3, Max: 6053657.3, Diff: 0.0]
      [Ext Root Scanning (ms): Min: 1.1, Avg: 1.3, Max: 1.4, Diff: 0.3, Sum: 2.5]
      [Update RS (ms): Min: 0.6, Avg: 0.7, Max: 0.8, Diff: 0.1, Sum: 1.4]
         [Processed Buffers: Min: 2, Avg: 13.5, Max: 25, Diff: 23, Sum: 27]
      [Scan RS (ms): Min: 2.1, Avg: 2.2, Max: 2.2, Diff: 0.1, Sum: 4.3]
      [Code Root Scanning (ms): Min: 0.8, Avg: 0.8, Max: 0.8, Diff: 0.0, Sum: 1.7]
      [Object Copy (ms): Min: 1.3, Avg: 1.4, Max: 1.5, Diff: 0.1, Sum: 2.8]
      [Termination (ms): Min: 0.0, Avg: 0.0, Max: 0.0, Diff: 0.0, Sum: 0.0]
      [GC Worker Other (ms): Min: 0.0, Avg: 0.0, Max: 0.1, Diff: 0.0, Sum: 0.1]
      [GC Worker Total (ms): Min: 6.4, Avg: 6.4, Max: 6.4, Diff: 0.0, Sum: 12.8]
      [GC Worker End (ms): Min: 6053663.7, Avg: 6053663.7, Max: 6053663.7, Diff: 0.0]
   [Code Root Fixup: 0.2 ms]
   [Code Root Migration: 0.1 ms]
   [Clear CT: 0.8 ms]
   [Other: 1.7 ms]
      [Choose CSet: 0.0 ms]
      [Ref Proc: 0.1 ms]
      [Ref Enq: 0.0 ms]
      [Free CSet: 1.5 ms]
   [Eden: 3376.0M(3376.0M)->0.0B(3376.0M) Survivors: 2048.0K->2048.0K Heap: 4805.0M(5632.0M)->1428.8M(5632.0M)]
 [Times: user=0.01 sys=0.00, real=0.01 secs] 
2014-06-25T01:51:51.217+0000: 6053.667: Total time for which application threads were stopped: 0.0097669 seconds
2014-06-25T01:51:57.753+0000: 6060.202: [GC pause (G1 Evacuation Pause) (young)
Desired survivor size 222298112 bytes, new threshold 15 (max 15)
- age   1:      22696 bytes,      22696 total
- age   2:      20112 bytes,      42808 total
- age   3:      13864 bytes,      56672 total
- age   4:      98568 bytes,     155240 total
- age   5:       2672 bytes,     157912 total
- age   6:        824 bytes,     158736 total
- age   7:      99312 bytes,     258048 total
- age   8:      11296 bytes,     269344 total
- age   9:       6832 bytes,     276176 total
- age  10:      80376 bytes,     356552 total
- age  11:      20144 bytes,     376696 total
- age  12:     116688 bytes,     493384 total
- age  13:       2104 bytes,     495488 total
- age  14:       8472 bytes,     503960 total
- age  15:       1520 bytes,     505480 total
, 0.0092561 secs]
   [Parallel Time: 6.5 ms, GC Workers: 2]
      [GC Worker Start (ms): Min: 6060202.3, Avg: 6060202.3, Max: 6060202.3, Diff: 0.0]
      [Ext Root Scanning (ms): Min: 1.1, Avg: 1.3, Max: 1.4, Diff: 0.3, Sum: 2.5]
      [Update RS (ms): Min: 0.6, Avg: 0.7, Max: 0.7, Diff: 0.1, Sum: 1.4]
         [Processed Buffers: Min: 10, Avg: 14.0, Max: 18, Diff: 8, Sum: 28]
      [Scan RS (ms): Min: 2.1, Avg: 2.1, Max: 2.2, Diff: 0.0, Sum: 4.3]
      [Code Root Scanning (ms): Min: 0.8, Avg: 0.8, Max: 0.8, Diff: 0.0, Sum: 1.6]
      [Object Copy (ms): Min: 1.3, Avg: 1.4, Max: 1.5, Diff: 0.2, Sum: 2.8]
      [Termination (ms): Min: 0.0, Avg: 0.0, Max: 0.0, Diff: 0.0, Sum: 0.0]
      [GC Worker Other (ms): Min: 0.0, Avg: 0.1, Max: 0.1, Diff: 0.0, Sum: 0.1]
      [GC Worker Total (ms): Min: 6.4, Avg: 6.4, Max: 6.4, Diff: 0.0, Sum: 12.7]
      [GC Worker End (ms): Min: 6060208.6, Avg: 6060208.6, Max: 6060208.6, Diff: 0.0]
   [Code Root Fixup: 0.2 ms]
   [Code Root Migration: 0.1 ms]
   [Clear CT: 0.8 ms]
   [Other: 1.7 ms]
      [Choose CSet: 0.0 ms]
      [Ref Proc: 0.1 ms]
      [Ref Enq: 0.0 ms]
      [Free CSet: 1.5 ms]
   [Eden: 3376.0M(3376.0M)->0.0B(3376.0M) Survivors: 2048.0K->2048.0K Heap: 4804.8M(5632.0M)->1428.9M(5632.0M)]
 [Times: user=0.02 sys=0.00, real=0.01 secs] 
2014-06-25T01:51:57.762+0000: 6060.212: Total time for which application threads were stopped: 0.0098555 seconds
2014-06-25T01:52:04.536+0000: 6066.985: [GC pause (G1 Evacuation Pause) (young)
Desired survivor size 222298112 bytes, new threshold 15 (max 15)
- age   1:      28384 bytes,      28384 total
- age   2:       2872 bytes,      31256 total
- age   3:       7128 bytes,      38384 total
- age   4:      13816 bytes,      52200 total
- age   5:      98544 bytes,     150744 total
- age   6:       2672 bytes,     153416 total
- age   7:        824 bytes,     154240 total
- age   8:      99312 bytes,     253552 total
- age   9:      11296 bytes,     264848 total
- age  10:       6832 bytes,     271680 total
- age  11:      80376 bytes,     352056 total
- age  12:      20144 bytes,     372200 total
- age  13:     116552 bytes,     488752 total
- age  14:       2104 bytes,     490856 total
- age  15:       8472 bytes,     499328 total
, 0.0093516 secs]
   [Parallel Time: 6.4 ms, GC Workers: 2]
      [GC Worker Start (ms): Min: 6066985.5, Avg: 6066985.5, Max: 6066985.5, Diff: 0.0]
      [Ext Root Scanning (ms): Min: 1.1, Avg: 1.3, Max: 1.4, Diff: 0.3, Sum: 2.5]
      [Update RS (ms): Min: 0.6, Avg: 0.7, Max: 0.7, Diff: 0.1, Sum: 1.4]
         [Processed Buffers: Min: 13, Avg: 16.5, Max: 20, Diff: 7, Sum: 33]
      [Scan RS (ms): Min: 2.1, Avg: 2.1, Max: 2.1, Diff: 0.0, Sum: 4.3]
      [Code Root Scanning (ms): Min: 0.8, Avg: 0.9, Max: 0.9, Diff: 0.0, Sum: 1.7]
      [Object Copy (ms): Min: 1.3, Avg: 1.4, Max: 1.5, Diff: 0.1, Sum: 2.8]
      [Termination (ms): Min: 0.0, Avg: 0.0, Max: 0.0, Diff: 0.0, Sum: 0.0]
      [GC Worker Other (ms): Min: 0.1, Avg: 0.1, Max: 0.1, Diff: 0.0, Sum: 0.1]
      [GC Worker Total (ms): Min: 6.4, Avg: 6.4, Max: 6.4, Diff: 0.0, Sum: 12.8]
      [GC Worker End (ms): Min: 6066991.9, Avg: 6066991.9, Max: 6066991.9, Diff: 0.0]
   [Code Root Fixup: 0.2 ms]
   [Code Root Migration: 0.1 ms]
   [Clear CT: 0.8 ms]
   [Other: 1.8 ms]
      [Choose CSet: 0.0 ms]
      [Ref Proc: 0.1 ms]
      [Ref Enq: 0.0 ms]
      [Free CSet: 1.6 ms]
   [Eden: 3376.0M(3376.0M)->0.0B(3376.0M) Survivors: 2048.0K->2048.0K Heap: 4804.9M(5632.0M)->1429.0M(5632.0M)]
 [Times: user=0.02 sys=0.00, real=0.01 secs] 
2014-06-25T01:52:04.546+0000: 6066.995: Total time for which application threads were stopped: 0.0099353 seconds
2014-06-25T01:52:11.138+0000: 6073.587: [GC pause (G1 Evacuation Pause) (young)
Desired survivor size 222298112 bytes, new threshold 15 (max 15)
- age   1:      36352 bytes,      36352 total
- age   2:       3568 bytes,      39920 total
- age   3:       2592 bytes,      42512 total
- age   4:       6720 bytes,      49232 total
- age   5:      13816 bytes,      63048 total
- age   6:      98400 bytes,     161448 total
- age   7:       2672 bytes,     164120 total
- age   8:        824 bytes,     164944 total
- age   9:      99312 bytes,     264256 total
- age  10:      11264 bytes,     275520 total
- age  11:       6832 bytes,     282352 total
- age  12:      80376 bytes,     362728 total
- age  13:      20144 bytes,     382872 total
- age  14:     116552 bytes,     499424 total
- age  15:       2104 bytes,     501528 total
, 0.0093829 secs]
   [Parallel Time: 6.5 ms, GC Workers: 2]
      [GC Worker Start (ms): Min: 6073587.2, Avg: 6073587.2, Max: 6073587.2, Diff: 0.0]
      [Ext Root Scanning (ms): Min: 1.1, Avg: 1.3, Max: 1.4, Diff: 0.3, Sum: 2.5]
      [Update RS (ms): Min: 0.6, Avg: 0.7, Max: 0.8, Diff: 0.1, Sum: 1.4]
         [Processed Buffers: Min: 6, Avg: 14.5, Max: 23, Diff: 17, Sum: 29]
      [Scan RS (ms): Min: 2.1, Avg: 2.2, Max: 2.2, Diff: 0.0, Sum: 4.3]
      [Code Root Scanning (ms): Min: 0.8, Avg: 0.8, Max: 0.8, Diff: 0.0, Sum: 1.6]
      [Object Copy (ms): Min: 1.3, Avg: 1.4, Max: 1.5, Diff: 0.2, Sum: 2.8]
      [Termination (ms): Min: 0.0, Avg: 0.0, Max: 0.0, Diff: 0.0, Sum: 0.0]
      [GC Worker Other (ms): Min: 0.0, Avg: 0.1, Max: 0.1, Diff: 0.0, Sum: 0.1]
      [GC Worker Total (ms): Min: 6.4, Avg: 6.4, Max: 6.4, Diff: 0.0, Sum: 12.8]
      [GC Worker End (ms): Min: 6073593.6, Avg: 6073593.6, Max: 6073593.7, Diff: 0.0]
   [Code Root Fixup: 0.2 ms]
   [Code Root Migration: 0.1 ms]
   [Clear CT: 0.8 ms]
   [Other: 1.8 ms]
      [Choose CSet: 0.0 ms]
      [Ref Proc: 0.1 ms]
      [Ref Enq: 0.0 ms]
      [Free CSet: 1.6 ms]
   [Eden: 3376.0M(3376.0M)->0.0B(3376.0M) Survivors: 2048.0K->2048.0K Heap: 4805.0M(5632.0M)->1429.0M(5632.0M)]
 [Times: user=0.02 sys=0.00, real=0.02 secs] 
2014-06-25T01:52:11.148+0000: 6073.597: Total time for which application threads were stopped: 0.0099332 seconds
2014-06-25T01:52:17.708+0000: 6080.157: [GC pause (G1 Evacuation Pause) (young)
Desired survivor size 222298112 bytes, new threshold 15 (max 15)
- age   1:      27408 bytes,      27408 total
- age   2:       6496 bytes,      33904 total
- age   3:       3392 bytes,      37296 total
- age   4:       2536 bytes,      39832 total
- age   5:       6672 bytes,      46504 total
- age   6:      13816 bytes,      60320 total
- age   7:      98400 bytes,     158720 total
- age   8:       2672 bytes,     161392 total
- age   9:        824 bytes,     162216 total
- age  10:      99312 bytes,     261528 total
- age  11:      11264 bytes,     272792 total
- age  12:       6832 bytes,     279624 total
- age  13:      80376 bytes,     360000 total
- age  14:      20144 bytes,     380144 total
- age  15:     116552 bytes,     496696 total
, 0.0091180 secs]
   [Parallel Time: 6.4 ms, GC Workers: 2]
      [GC Worker Start (ms): Min: 6080157.0, Avg: 6080157.0, Max: 6080157.0, Diff: 0.0]
      [Ext Root Scanning (ms): Min: 1.1, Avg: 1.3, Max: 1.4, Diff: 0.3, Sum: 2.5]
      [Update RS (ms): Min: 0.6, Avg: 0.7, Max: 0.7, Diff: 0.1, Sum: 1.3]
         [Processed Buffers: Min: 13, Avg: 14.0, Max: 15, Diff: 2, Sum: 28]
      [Scan RS (ms): Min: 2.1, Avg: 2.1, Max: 2.1, Diff: 0.0, Sum: 4.3]
      [Code Root Scanning (ms): Min: 0.8, Avg: 0.9, Max: 0.9, Diff: 0.0, Sum: 1.7]
      [Object Copy (ms): Min: 1.3, Avg: 1.4, Max: 1.5, Diff: 0.1, Sum: 2.8]
      [Termination (ms): Min: 0.0, Avg: 0.0, Max: 0.0, Diff: 0.0, Sum: 0.0]
      [GC Worker Other (ms): Min: 0.0, Avg: 0.1, Max: 0.1, Diff: 0.0, Sum: 0.1]
      [GC Worker Total (ms): Min: 6.3, Avg: 6.3, Max: 6.3, Diff: 0.0, Sum: 12.7]
      [GC Worker End (ms): Min: 6080163.3, Avg: 6080163.3, Max: 6080163.3, Diff: 0.0]
   [Code Root Fixup: 0.2 ms]
   [Code Root Migration: 0.1 ms]
   [Clear CT: 0.8 ms]
   [Other: 1.7 ms]
      [Choose CSet: 0.0 ms]
      [Ref Proc: 0.1 ms]
      [Ref Enq: 0.0 ms]
      [Free CSet: 1.4 ms]
   [Eden: 3376.0M(3376.0M)->0.0B(3376.0M) Survivors: 2048.0K->2048.0K Heap: 4805.0M(5632.0M)->1428.9M(5632.0M)]
 [Times: user=0.01 sys=0.01, real=0.00 secs] 
2014-06-25T01:52:17.717+0000: 6080.166: Total time for which application threads were stopped: 0.0096692 seconds
2014-06-25T01:52:24.424+0000: 6086.874: [GC pause (G1 Evacuation Pause) (young)
Desired survivor size 222298112 bytes, new threshold 15 (max 15)
- age   1:      29616 bytes,      29616 total
- age   2:       1440 bytes,      31056 total
- age   3:       6232 bytes,      37288 total
- age   4:       3368 bytes,      40656 total
- age   5:       2536 bytes,      43192 total
- age   6:       6408 bytes,      49600 total
- age   7:      13792 bytes,      63392 total
- age   8:      97656 bytes,     161048 total
- age   9:       2672 bytes,     163720 total
- age  10:        728 bytes,     164448 total
- age  11:      99312 bytes,     263760 total
- age  12:      10344 bytes,     274104 total
- age  13:       6832 bytes,     280936 total
- age  14:      80376 bytes,     361312 total
- age  15:      20144 bytes,     381456 total
, 0.0089985 secs]
   [Parallel Time: 6.3 ms, GC Workers: 2]
      [GC Worker Start (ms): Min: 6086873.6, Avg: 6086873.6, Max: 6086873.6, Diff: 0.0]
      [Ext Root Scanning (ms): Min: 1.1, Avg: 1.2, Max: 1.3, Diff: 0.2, Sum: 2.5]
      [Update RS (ms): Min: 0.8, Avg: 0.8, Max: 0.9, Diff: 0.1, Sum: 1.6]
         [Processed Buffers: Min: 13, Avg: 16.0, Max: 19, Diff: 6, Sum: 32]
      [Scan RS (ms): Min: 2.1, Avg: 2.1, Max: 2.2, Diff: 0.0, Sum: 4.3]
      [Code Root Scanning (ms): Min: 0.8, Avg: 0.8, Max: 0.8, Diff: 0.0, Sum: 1.6]
      [Object Copy (ms): Min: 1.1, Avg: 1.2, Max: 1.3, Diff: 0.2, Sum: 2.3]
      [Termination (ms): Min: 0.0, Avg: 0.0, Max: 0.0, Diff: 0.0, Sum: 0.0]
      [GC Worker Other (ms): Min: 0.0, Avg: 0.1, Max: 0.1, Diff: 0.1, Sum: 0.1]
      [GC Worker Total (ms): Min: 6.2, Avg: 6.2, Max: 6.3, Diff: 0.0, Sum: 12.5]
      [GC Worker End (ms): Min: 6086879.8, Avg: 6086879.9, Max: 6086879.9, Diff: 0.0]
   [Code Root Fixup: 0.2 ms]
   [Code Root Migration: 0.1 ms]
   [Clear CT: 0.8 ms]
   [Other: 1.6 ms]
      [Choose CSet: 0.0 ms]
      [Ref Proc: 0.1 ms]
      [Ref Enq: 0.0 ms]
      [Free CSet: 1.4 ms]
   [Eden: 3376.0M(3376.0M)->0.0B(3376.0M) Survivors: 2048.0K->2048.0K Heap: 4804.9M(5632.0M)->1428.9M(5632.0M)]
 [Times: user=0.01 sys=0.00, real=0.01 secs] 
2014-06-25T01:52:24.434+0000: 6086.883: Total time for which application threads were stopped: 0.0095662 seconds
2014-06-25T01:52:30.986+0000: 6093.435: [GC pause (G1 Evacuation Pause) (young)
Desired survivor size 222298112 bytes, new threshold 15 (max 15)
- age   1:      26664 bytes,      26664 total
- age   2:       5464 bytes,      32128 total
- age   3:        800 bytes,      32928 total
- age   4:       6184 bytes,      39112 total
- age   5:       3344 bytes,      42456 total
- age   6:       2536 bytes,      44992 total
- age   7:       6360 bytes,      51352 total
- age   8:      13792 bytes,      65144 total
- age   9:      97656 bytes,     162800 total
- age  10:       2672 bytes,     165472 total
- age  11:        728 bytes,     166200 total
- age  12:      99312 bytes,     265512 total
- age  13:      10344 bytes,     275856 total
- age  14:       6832 bytes,     282688 total
- age  15:      80376 bytes,     363064 total
, 0.0086965 secs]
   [Parallel Time: 6.1 ms, GC Workers: 2]
      [GC Worker Start (ms): Min: 6093435.4, Avg: 6093435.4, Max: 6093435.4, Diff: 0.0]
      [Ext Root Scanning (ms): Min: 1.1, Avg: 1.3, Max: 1.4, Diff: 0.3, Sum: 2.5]
      [Update RS (ms): Min: 0.6, Avg: 0.6, Max: 0.6, Diff: 0.0, Sum: 1.2]
         [Processed Buffers: Min: 1, Avg: 13.5, Max: 26, Diff: 25, Sum: 27]
      [Scan RS (ms): Min: 2.1, Avg: 2.1, Max: 2.2, Diff: 0.1, Sum: 4.3]
      [Code Root Scanning (ms): Min: 0.8, Avg: 0.8, Max: 0.9, Diff: 0.1, Sum: 1.6]
      [Object Copy (ms): Min: 1.0, Avg: 1.1, Max: 1.2, Diff: 0.2, Sum: 2.3]
      [Termination (ms): Min: 0.0, Avg: 0.0, Max: 0.0, Diff: 0.0, Sum: 0.0]
      [GC Worker Other (ms): Min: 0.0, Avg: 0.0, Max: 0.1, Diff: 0.0, Sum: 0.1]
      [GC Worker Total (ms): Min: 6.0, Avg: 6.0, Max: 6.0, Diff: 0.0, Sum: 12.0]
      [GC Worker End (ms): Min: 6093441.4, Avg: 6093441.4, Max: 6093441.4, Diff: 0.0]
   [Code Root Fixup: 0.2 ms]
   [Code Root Migration: 0.1 ms]
   [Clear CT: 0.8 ms]
   [Other: 1.6 ms]
      [Choose CSet: 0.0 ms]
      [Ref Proc: 0.1 ms]
      [Ref Enq: 0.0 ms]
      [Free CSet: 1.3 ms]
   [Eden: 3376.0M(3376.0M)->0.0B(3376.0M) Survivors: 2048.0K->2048.0K Heap: 4804.9M(5632.0M)->1428.9M(5632.0M)]
 [Times: user=0.01 sys=0.00, real=0.01 secs] 
2014-06-25T01:52:30.995+0000: 6093.444: Total time for which application threads were stopped: 0.0092185 seconds
2014-06-25T01:52:37.546+0000: 6099.995: [GC pause (G1 Evacuation Pause) (young)
Desired survivor size 222298112 bytes, new threshold 15 (max 15)
- age   1:      13992 bytes,      13992 total
- age   2:      13512 bytes,      27504 total
- age   3:       5432 bytes,      32936 total
- age   4:        776 bytes,      33712 total
- age   5:       6064 bytes,      39776 total
- age   6:       3344 bytes,      43120 total
- age   7:       2536 bytes,      45656 total
- age   8:       6360 bytes,      52016 total
- age   9:      13792 bytes,      65808 total
- age  10:      97592 bytes,     163400 total
- age  11:       2672 bytes,     166072 total
- age  12:        728 bytes,     166800 total
- age  13:      99312 bytes,     266112 total
- age  14:      10344 bytes,     276456 total
- age  15:       6832 bytes,     283288 total
, 0.0085909 secs]
   [Parallel Time: 6.0 ms, GC Workers: 2]
      [GC Worker Start (ms): Min: 6099994.9, Avg: 6099994.9, Max: 6099994.9, Diff: 0.0]
      [Ext Root Scanning (ms): Min: 1.1, Avg: 1.3, Max: 1.4, Diff: 0.3, Sum: 2.5]
      [Update RS (ms): Min: 0.6, Avg: 0.6, Max: 0.6, Diff: 0.0, Sum: 1.3]
         [Processed Buffers: Min: 1, Avg: 11.0, Max: 21, Diff: 20, Sum: 22]
      [Scan RS (ms): Min: 2.1, Avg: 2.1, Max: 2.2, Diff: 0.1, Sum: 4.3]
      [Code Root Scanning (ms): Min: 0.8, Avg: 0.8, Max: 0.8, Diff: 0.0, Sum: 1.6]
      [Object Copy (ms): Min: 0.9, Avg: 1.0, Max: 1.1, Diff: 0.2, Sum: 2.0]
      [Termination (ms): Min: 0.0, Avg: 0.0, Max: 0.0, Diff: 0.0, Sum: 0.0]
      [GC Worker Other (ms): Min: 0.0, Avg: 0.1, Max: 0.1, Diff: 0.0, Sum: 0.1]
      [GC Worker Total (ms): Min: 5.9, Avg: 5.9, Max: 5.9, Diff: 0.0, Sum: 11.8]
      [GC Worker End (ms): Min: 6100000.8, Avg: 6100000.8, Max: 6100000.8, Diff: 0.0]
   [Code Root Fixup: 0.2 ms]
   [Code Root Migration: 0.1 ms]
   [Clear CT: 0.7 ms]
   [Other: 1.6 ms]
      [Choose CSet: 0.0 ms]
      [Ref Proc: 0.1 ms]
      [Ref Enq: 0.0 ms]
      [Free CSet: 1.4 ms]
   [Eden: 3376.0M(3376.0M)->0.0B(3376.0M) Survivors: 2048.0K->2048.0K Heap: 4804.9M(5632.0M)->1428.9M(5632.0M)]
 [Times: user=0.02 sys=0.00, real=0.01 secs] 
2014-06-25T01:52:37.554+0000: 6100.004: Total time for which application threads were stopped: 0.0091542 seconds
2014-06-25T01:52:44.078+0000: 6106.527: [GC pause (G1 Evacuation Pause) (young)
Desired survivor size 222298112 bytes, new threshold 15 (max 15)
- age   1:      19624 bytes,      19624 total
- age   2:       1104 bytes,      20728 total
- age   3:      13384 bytes,      34112 total
- age   4:       5408 bytes,      39520 total
- age   5:        776 bytes,      40296 total
- age   6:       6064 bytes,      46360 total
- age   7:       3320 bytes,      49680 total
- age   8:       2536 bytes,      52216 total
- age   9:       6360 bytes,      58576 total
- age  10:      13792 bytes,      72368 total
- age  11:      97592 bytes,     169960 total
- age  12:       2672 bytes,     172632 total
- age  13:        728 bytes,     173360 total
- age  14:      99312 bytes,     272672 total
- age  15:      10344 bytes,     283016 total
, 0.0085766 secs]
   [Parallel Time: 5.8 ms, GC Workers: 2]
      [GC Worker Start (ms): Min: 6106527.5, Avg: 6106527.5, Max: 6106527.5, Diff: 0.0]
      [Ext Root Scanning (ms): Min: 1.1, Avg: 1.2, Max: 1.4, Diff: 0.3, Sum: 2.5]
      [Update RS (ms): Min: 0.4, Avg: 0.5, Max: 0.5, Diff: 0.1, Sum: 0.9]
         [Processed Buffers: Min: 1, Avg: 12.0, Max: 23, Diff: 22, Sum: 24]
      [Scan RS (ms): Min: 2.1, Avg: 2.1, Max: 2.2, Diff: 0.1, Sum: 4.3]
      [Code Root Scanning (ms): Min: 0.8, Avg: 0.8, Max: 0.8, Diff: 0.0, Sum: 1.6]
      [Object Copy (ms): Min: 0.9, Avg: 1.0, Max: 1.0, Diff: 0.1, Sum: 1.9]
      [Termination (ms): Min: 0.0, Avg: 0.0, Max: 0.0, Diff: 0.0, Sum: 0.0]
      [GC Worker Other (ms): Min: 0.0, Avg: 0.1, Max: 0.1, Diff: 0.0, Sum: 0.1]
      [GC Worker Total (ms): Min: 5.7, Avg: 5.7, Max: 5.7, Diff: 0.0, Sum: 11.4]
      [GC Worker End (ms): Min: 6106533.2, Avg: 6106533.2, Max: 6106533.2, Diff: 0.0]
   [Code Root Fixup: 0.2 ms]
   [Code Root Migration: 0.1 ms]
   [Clear CT: 0.8 ms]
   [Other: 1.7 ms]
      [Choose CSet: 0.0 ms]
      [Ref Proc: 0.1 ms]
      [Ref Enq: 0.0 ms]
      [Free CSet: 1.5 ms]
   [Eden: 3376.0M(3376.0M)->0.0B(3376.0M) Survivors: 2048.0K->2048.0K Heap: 4804.9M(5632.0M)->1428.9M(5632.0M)]
 [Times: user=0.01 sys=0.00, real=0.00 secs] 
2014-06-25T01:52:44.087+0000: 6106.536: Total time for which application threads were stopped: 0.0091253 seconds
2014-06-25T01:52:50.629+0000: 6113.078: [GC pause (G1 Evacuation Pause) (young)
Desired survivor size 222298112 bytes, new threshold 15 (max 15)
- age   1:      16688 bytes,      16688 total
- age   2:        144 bytes,      16832 total
- age   3:        856 bytes,      17688 total
- age   4:      13328 bytes,      31016 total
- age   5:       5408 bytes,      36424 total
- age   6:        776 bytes,      37200 total
- age   7:       6064 bytes,      43264 total
- age   8:       3320 bytes,      46584 total
- age   9:       2536 bytes,      49120 total
- age  10:       6360 bytes,      55480 total
- age  11:      13792 bytes,      69272 total
- age  12:      97592 bytes,     166864 total
- age  13:       2672 bytes,     169536 total
- age  14:        728 bytes,     170264 total
- age  15:      99312 bytes,     269576 total
, 0.0083760 secs]
   [Parallel Time: 5.7 ms, GC Workers: 2]
      [GC Worker Start (ms): Min: 6113077.9, Avg: 6113077.9, Max: 6113077.9, Diff: 0.0]
      [Ext Root Scanning (ms): Min: 1.1, Avg: 1.2, Max: 1.3, Diff: 0.2, Sum: 2.5]
      [Update RS (ms): Min: 0.4, Avg: 0.5, Max: 0.5, Diff: 0.0, Sum: 0.9]
         [Processed Buffers: Min: 1, Avg: 13.0, Max: 25, Diff: 24, Sum: 26]
      [Scan RS (ms): Min: 2.1, Avg: 2.1, Max: 2.2, Diff: 0.1, Sum: 4.2]
      [Code Root Scanning (ms): Min: 0.8, Avg: 0.8, Max: 0.8, Diff: 0.0, Sum: 1.7]
      [Object Copy (ms): Min: 0.9, Avg: 0.9, Max: 1.0, Diff: 0.1, Sum: 1.8]
      [Termination (ms): Min: 0.0, Avg: 0.0, Max: 0.0, Diff: 0.0, Sum: 0.0]
      [GC Worker Other (ms): Min: 0.0, Avg: 0.1, Max: 0.1, Diff: 0.0, Sum: 0.1]
      [GC Worker Total (ms): Min: 5.6, Avg: 5.6, Max: 5.6, Diff: 0.0, Sum: 11.2]
      [GC Worker End (ms): Min: 6113083.5, Avg: 6113083.5, Max: 6113083.6, Diff: 0.0]
   [Code Root Fixup: 0.2 ms]
   [Code Root Migration: 0.1 ms]
   [Clear CT: 0.8 ms]
   [Other: 1.7 ms]
      [Choose CSet: 0.0 ms]
      [Ref Proc: 0.1 ms]
      [Ref Enq: 0.0 ms]
      [Free CSet: 1.4 ms]
   [Eden: 3376.0M(3376.0M)->0.0B(3376.0M) Survivors: 2048.0K->2048.0K Heap: 4804.9M(5632.0M)->1429.0M(5632.0M)]
 [Times: user=0.00 sys=0.01, real=0.01 secs] 
2014-06-25T01:52:50.637+0000: 6113.086: Total time for which application threads were stopped: 0.0089214 seconds
2014-06-25T01:52:57.185+0000: 6119.634: [GC pause (G1 Evacuation Pause) (young)
Desired survivor size 222298112 bytes, new threshold 15 (max 15)
- age   1:      15328 bytes,      15328 total
- age   2:        304 bytes,      15632 total
- age   3:         48 bytes,      15680 total
- age   4:        800 bytes,      16480 total
- age   5:      13304 bytes,      29784 total
- age   6:       5408 bytes,      35192 total
- age   7:        776 bytes,      35968 total
- age   8:       6040 bytes,      42008 total
- age   9:       3320 bytes,      45328 total
- age  10:       2536 bytes,      47864 total
- age  11:       6360 bytes,      54224 total
- age  12:      13792 bytes,      68016 total
- age  13:      97592 bytes,     165608 total
- age  14:       2672 bytes,     168280 total
- age  15:        728 bytes,     169008 total
, 0.0082815 secs]
   [Parallel Time: 5.6 ms, GC Workers: 2]
      [GC Worker Start (ms): Min: 6119634.0, Avg: 6119634.0, Max: 6119634.0, Diff: 0.0]
      [Ext Root Scanning (ms): Min: 1.1, Avg: 1.2, Max: 1.4, Diff: 0.3, Sum: 2.5]
      [Update RS (ms): Min: 0.5, Avg: 0.6, Max: 0.7, Diff: 0.1, Sum: 1.2]
         [Processed Buffers: Min: 1, Avg: 11.5, Max: 22, Diff: 21, Sum: 23]
      [Scan RS (ms): Min: 2.1, Avg: 2.1, Max: 2.2, Diff: 0.0, Sum: 4.3]
      [Code Root Scanning (ms): Min: 0.8, Avg: 0.8, Max: 0.8, Diff: 0.0, Sum: 1.6]
      [Object Copy (ms): Min: 0.6, Avg: 0.6, Max: 0.7, Diff: 0.1, Sum: 1.3]
      [Termination (ms): Min: 0.0, Avg: 0.0, Max: 0.0, Diff: 0.0, Sum: 0.0]
      [GC Worker Other (ms): Min: 0.0, Avg: 0.1, Max: 0.1, Diff: 0.0, Sum: 0.1]
      [GC Worker Total (ms): Min: 5.5, Avg: 5.5, Max: 5.5, Diff: 0.0, Sum: 11.0]
      [GC Worker End (ms): Min: 6119639.5, Avg: 6119639.5, Max: 6119639.5, Diff: 0.0]
   [Code Root Fixup: 0.1 ms]
   [Code Root Migration: 0.1 ms]
   [Clear CT: 0.8 ms]
   [Other: 1.7 ms]
      [Choose CSet: 0.0 ms]
      [Ref Proc: 0.1 ms]
      [Ref Enq: 0.0 ms]
      [Free CSet: 1.4 ms]
   [Eden: 3376.0M(3376.0M)->0.0B(3376.0M) Survivors: 2048.0K->2048.0K Heap: 4805.0M(5632.0M)->1429.0M(5632.0M)]
 [Times: user=0.02 sys=0.00, real=0.01 secs] 
2014-06-25T01:52:57.193+0000: 6119.642: Total time for which application threads were stopped: 0.0088527 seconds
2014-06-25T01:53:03.876+0000: 6126.326: [GC pause (G1 Evacuation Pause) (young)
Desired survivor size 222298112 bytes, new threshold 15 (max 15)
- age   1:      21440 bytes,      21440 total
- age   2:        816 bytes,      22256 total
- age   3:        240 bytes,      22496 total
- age   4:         24 bytes,      22520 total
- age   5:        800 bytes,      23320 total
- age   6:      13304 bytes,      36624 total
- age   7:       5384 bytes,      42008 total
- age   8:        776 bytes,      42784 total
- age   9:       6040 bytes,      48824 total
- age  10:       3320 bytes,      52144 total
- age  11:       2536 bytes,      54680 total
- age  12:       6360 bytes,      61040 total
- age  13:      13792 bytes,      74832 total
- age  14:      97592 bytes,     172424 total
- age  15:       2672 bytes,     175096 total
, 0.0080255 secs]
   [Parallel Time: 5.4 ms, GC Workers: 2]
      [GC Worker Start (ms): Min: 6126325.6, Avg: 6126325.6, Max: 6126325.6, Diff: 0.0]
      [Ext Root Scanning (ms): Min: 1.1, Avg: 1.3, Max: 1.4, Diff: 0.3, Sum: 2.5]
      [Update RS (ms): Min: 0.3, Avg: 0.4, Max: 0.5, Diff: 0.1, Sum: 0.8]
         [Processed Buffers: Min: 11, Avg: 12.5, Max: 14, Diff: 3, Sum: 25]
      [Scan RS (ms): Min: 2.1, Avg: 2.1, Max: 2.2, Diff: 0.0, Sum: 4.3]
      [Code Root Scanning (ms): Min: 0.8, Avg: 0.8, Max: 0.8, Diff: 0.0, Sum: 1.7]
      [Object Copy (ms): Min: 0.6, Avg: 0.6, Max: 0.7, Diff: 0.1, Sum: 1.2]
      [Termination (ms): Min: 0.0, Avg: 0.0, Max: 0.0, Diff: 0.0, Sum: 0.0]
      [GC Worker Other (ms): Min: 0.1, Avg: 0.1, Max: 0.1, Diff: 0.0, Sum: 0.1]
      [GC Worker Total (ms): Min: 5.3, Avg: 5.3, Max: 5.3, Diff: 0.0, Sum: 10.6]
      [GC Worker End (ms): Min: 6126330.9, Avg: 6126330.9, Max: 6126330.9, Diff: 0.0]
   [Code Root Fixup: 0.1 ms]
   [Code Root Migration: 0.1 ms]
   [Clear CT: 0.8 ms]
   [Other: 1.6 ms]
      [Choose CSet: 0.0 ms]
      [Ref Proc: 0.1 ms]
      [Ref Enq: 0.0 ms]
      [Free CSet: 1.4 ms]
   [Eden: 3376.0M(3376.0M)->0.0B(3376.0M) Survivors: 2048.0K->2048.0K Heap: 4805.0M(5632.0M)->1429.0M(5632.0M)]
 [Times: user=0.01 sys=0.00, real=0.00 secs] 
2014-06-25T01:53:03.885+0000: 6126.334: Total time for which application threads were stopped: 0.0085732 seconds
2014-06-25T01:53:10.451+0000: 6132.901: [GC pause (G1 Evacuation Pause) (young)
Desired survivor size 222298112 bytes, new threshold 15 (max 15)
- age   1:      12280 bytes,      12280 total
- age   2:       2712 bytes,      14992 total
- age   3:        504 bytes,      15496 total
- age   4:        216 bytes,      15712 total
- age   5:         24 bytes,      15736 total
- age   6:        680 bytes,      16416 total
- age   7:      13304 bytes,      29720 total
- age   8:       5384 bytes,      35104 total
- age   9:        776 bytes,      35880 total
- age  10:       6008 bytes,      41888 total
- age  11:       3320 bytes,      45208 total
- age  12:       2536 bytes,      47744 total
- age  13:       6224 bytes,      53968 total
- age  14:      13792 bytes,      67760 total
- age  15:      97592 bytes,     165352 total
, 0.0080349 secs]
   [Parallel Time: 5.4 ms, GC Workers: 2]
      [GC Worker Start (ms): Min: 6132900.6, Avg: 6132900.6, Max: 6132900.6, Diff: 0.0]
      [Ext Root Scanning (ms): Min: 1.1, Avg: 1.2, Max: 1.4, Diff: 0.3, Sum: 2.4]
      [Update RS (ms): Min: 0.4, Avg: 0.4, Max: 0.5, Diff: 0.1, Sum: 0.8]
         [Processed Buffers: Min: 6, Avg: 12.5, Max: 19, Diff: 13, Sum: 25]
      [Scan RS (ms): Min: 2.1, Avg: 2.1, Max: 2.2, Diff: 0.0, Sum: 4.3]
      [Code Root Scanning (ms): Min: 0.8, Avg: 0.8, Max: 0.8, Diff: 0.0, Sum: 1.7]
      [Object Copy (ms): Min: 0.5, Avg: 0.6, Max: 0.7, Diff: 0.2, Sum: 1.2]
      [Termination (ms): Min: 0.0, Avg: 0.0, Max: 0.0, Diff: 0.0, Sum: 0.0]
      [GC Worker Other (ms): Min: 0.0, Avg: 0.0, Max: 0.1, Diff: 0.0, Sum: 0.1]
      [GC Worker Total (ms): Min: 5.3, Avg: 5.3, Max: 5.3, Diff: 0.0, Sum: 10.5]
      [GC Worker End (ms): Min: 6132905.9, Avg: 6132905.9, Max: 6132905.9, Diff: 0.0]
   [Code Root Fixup: 0.1 ms]
   [Code Root Migration: 0.1 ms]
   [Clear CT: 0.8 ms]
   [Other: 1.6 ms]
      [Choose CSet: 0.0 ms]
      [Ref Proc: 0.1 ms]
      [Ref Enq: 0.0 ms]
      [Free CSet: 1.4 ms]
   [Eden: 3376.0M(3376.0M)->0.0B(3376.0M) Survivors: 2048.0K->2048.0K Heap: 4805.0M(5632.0M)->1429.1M(5632.0M)]
 [Times: user=0.00 sys=0.00, real=0.01 secs] 
2014-06-25T01:53:10.460+0000: 6132.909: Total time for which application threads were stopped: 0.0085599 seconds
2014-06-25T01:53:15.461+0000: 6137.910: Total time for which application threads were stopped: 0.0004057 seconds
2014-06-25T01:53:16.992+0000: 6139.442: [GC pause (G1 Evacuation Pause) (young)
Desired survivor size 222298112 bytes, new threshold 15 (max 15)
- age   1:      11400 bytes,      11400 total
- age   2:       3344 bytes,      14744 total
- age   3:       2584 bytes,      17328 total
- age   4:        456 bytes,      17784 total
- age   5:        216 bytes,      18000 total
- age   6:         24 bytes,      18024 total
- age   7:        680 bytes,      18704 total
- age   8:      13280 bytes,      31984 total
- age   9:       5384 bytes,      37368 total
- age  10:        776 bytes,      38144 total
- age  11:       6008 bytes,      44152 total
- age  12:       3320 bytes,      47472 total
- age  13:       2536 bytes,      50008 total
- age  14:       6224 bytes,      56232 total
- age  15:      13792 bytes,      70024 total
, 0.0081611 secs]
   [Parallel Time: 5.4 ms, GC Workers: 2]
      [GC Worker Start (ms): Min: 6139441.7, Avg: 6139441.7, Max: 6139441.7, Diff: 0.0]
      [Ext Root Scanning (ms): Min: 1.1, Avg: 1.3, Max: 1.4, Diff: 0.3, Sum: 2.5]
      [Update RS (ms): Min: 0.6, Avg: 0.6, Max: 0.7, Diff: 0.1, Sum: 1.2]
         [Processed Buffers: Min: 12, Avg: 14.5, Max: 17, Diff: 5, Sum: 29]
      [Scan RS (ms): Min: 2.1, Avg: 2.1, Max: 2.2, Diff: 0.0, Sum: 4.3]
      [Code Root Scanning (ms): Min: 0.8, Avg: 0.8, Max: 0.8, Diff: 0.0, Sum: 1.6]
      [Object Copy (ms): Min: 0.4, Avg: 0.5, Max: 0.6, Diff: 0.2, Sum: 0.9]
      [Termination (ms): Min: 0.0, Avg: 0.0, Max: 0.0, Diff: 0.0, Sum: 0.0]
      [GC Worker Other (ms): Min: 0.0, Avg: 0.0, Max: 0.1, Diff: 0.0, Sum: 0.1]
      [GC Worker Total (ms): Min: 5.3, Avg: 5.3, Max: 5.3, Diff: 0.0, Sum: 10.7]
      [GC Worker End (ms): Min: 6139447.0, Avg: 6139447.0, Max: 6139447.0, Diff: 0.0]
   [Code Root Fixup: 0.2 ms]
   [Code Root Migration: 0.1 ms]
   [Clear CT: 0.8 ms]
   [Other: 1.7 ms]
      [Choose CSet: 0.0 ms]
      [Ref Proc: 0.1 ms]
      [Ref Enq: 0.0 ms]
      [Free CSet: 1.4 ms]
   [Eden: 3376.0M(3376.0M)->0.0B(3376.0M) Survivors: 2048.0K->2048.0K Heap: 4805.1M(5632.0M)->1429.1M(5632.0M)]
 [Times: user=0.01 sys=0.00, real=0.01 secs] 
2014-06-25T01:53:17.001+0000: 6139.450: Total time for which application threads were stopped: 0.0087177 seconds
2014-06-25T01:53:18.561+0000: 6141.010: Total time for which application threads were stopped: 0.0003866 seconds
2014-06-25T01:53:19.561+0000: 6142.010: Total time for which application threads were stopped: 0.0003675 seconds
2014-06-25T01:53:23.694+0000: 6146.143: [GC pause (G1 Evacuation Pause) (young)
Desired survivor size 222298112 bytes, new threshold 15 (max 15)
- age   1:      63424 bytes,      63424 total
- age   2:       2352 bytes,      65776 total
- age   3:       3312 bytes,      69088 total
- age   4:       2560 bytes,      71648 total
- age   5:        432 bytes,      72080 total
- age   6:        216 bytes,      72296 total
- age   8:        680 bytes,      72976 total
- age   9:        824 bytes,      73800 total
- age  10:       5272 bytes,      79072 total
- age  11:        776 bytes,      79848 total
- age  12:       5960 bytes,      85808 total
- age  13:       3136 bytes,      88944 total
- age  14:       2536 bytes,      91480 total
- age  15:       6224 bytes,      97704 total
, 0.0075725 secs]
   [Parallel Time: 5.0 ms, GC Workers: 2]
      [GC Worker Start (ms): Min: 6146143.3, Avg: 6146143.3, Max: 6146143.3, Diff: 0.0]
      [Ext Root Scanning (ms): Min: 1.1, Avg: 1.3, Max: 1.4, Diff: 0.3, Sum: 2.5]
      [Update RS (ms): Min: 0.4, Avg: 0.4, Max: 0.5, Diff: 0.1, Sum: 0.8]
         [Processed Buffers: Min: 7, Avg: 16.0, Max: 25, Diff: 18, Sum: 32]
      [Scan RS (ms): Min: 2.0, Avg: 2.0, Max: 2.0, Diff: 0.0, Sum: 4.0]
      [Code Root Scanning (ms): Min: 0.8, Avg: 0.8, Max: 0.8, Diff: 0.0, Sum: 1.6]
      [Object Copy (ms): Min: 0.3, Avg: 0.4, Max: 0.5, Diff: 0.2, Sum: 0.7]
      [Termination (ms): Min: 0.0, Avg: 0.0, Max: 0.0, Diff: 0.0, Sum: 0.0]
      [GC Worker Other (ms): Min: 0.0, Avg: 0.1, Max: 0.1, Diff: 0.0, Sum: 0.1]
      [GC Worker Total (ms): Min: 4.9, Avg: 4.9, Max: 4.9, Diff: 0.0, Sum: 9.8]
      [GC Worker End (ms): Min: 6146148.2, Avg: 6146148.2, Max: 6146148.2, Diff: 0.0]
   [Code Root Fixup: 0.2 ms]
   [Code Root Migration: 0.1 ms]
   [Clear CT: 0.8 ms]
   [Other: 1.6 ms]
      [Choose CSet: 0.0 ms]
      [Ref Proc: 0.1 ms]
      [Ref Enq: 0.0 ms]
      [Free CSet: 1.3 ms]
   [Eden: 3376.0M(3376.0M)->0.0B(3376.0M) Survivors: 2048.0K->2048.0K Heap: 4805.1M(5632.0M)->1429.1M(5632.0M)]
 [Times: user=0.02 sys=0.00, real=0.01 secs] 
2014-06-25T01:53:23.702+0000: 6146.151: Total time for which application threads were stopped: 0.0081573 seconds
2014-06-25T01:53:30.427+0000: 6152.876: [GC pause (G1 Evacuation Pause) (young)
Desired survivor size 222298112 bytes, new threshold 15 (max 15)
- age   1:      55368 bytes,      55368 total
- age   2:       4048 bytes,      59416 total
- age   3:       2072 bytes,      61488 total
- age   4:       3256 bytes,      64744 total
- age   5:       2536 bytes,      67280 total
- age   6:        432 bytes,      67712 total
- age   7:        216 bytes,      67928 total
- age   9:        680 bytes,      68608 total
- age  10:        560 bytes,      69168 total
- age  11:       5248 bytes,      74416 total
- age  12:        752 bytes,      75168 total
- age  13:       5936 bytes,      81104 total
- age  14:       3136 bytes,      84240 total
- age  15:       2536 bytes,      86776 total
, 0.0088646 secs]
   [Parallel Time: 6.1 ms, GC Workers: 2]
      [GC Worker Start (ms): Min: 6152876.4, Avg: 6152876.4, Max: 6152876.4, Diff: 0.0]
      [Ext Root Scanning (ms): Min: 1.2, Avg: 1.3, Max: 1.5, Diff: 0.3, Sum: 2.6]
      [Update RS (ms): Min: 0.9, Avg: 1.1, Max: 1.3, Diff: 0.4, Sum: 2.2]
         [Processed Buffers: Min: 3, Avg: 18.5, Max: 34, Diff: 31, Sum: 37]
      [Scan RS (ms): Min: 2.1, Avg: 2.1, Max: 2.2, Diff: 0.2, Sum: 4.3]
      [Code Root Scanning (ms): Min: 0.8, Avg: 0.8, Max: 0.9, Diff: 0.0, Sum: 1.7]
      [Object Copy (ms): Min: 0.5, Avg: 0.5, Max: 0.6, Diff: 0.1, Sum: 1.1]
      [Termination (ms): Min: 0.0, Avg: 0.0, Max: 0.0, Diff: 0.0, Sum: 0.0]
      [GC Worker Other (ms): Min: 0.0, Avg: 0.1, Max: 0.1, Diff: 0.0, Sum: 0.1]
      [GC Worker Total (ms): Min: 6.0, Avg: 6.0, Max: 6.0, Diff: 0.0, Sum: 12.0]
      [GC Worker End (ms): Min: 6152882.4, Avg: 6152882.4, Max: 6152882.4, Diff: 0.0]
   [Code Root Fixup: 0.2 ms]
   [Code Root Migration: 0.1 ms]
   [Clear CT: 0.8 ms]
   [Other: 1.7 ms]
      [Choose CSet: 0.0 ms]
      [Ref Proc: 0.1 ms]
      [Ref Enq: 0.0 ms]
      [Free CSet: 1.4 ms]
   [Eden: 3376.0M(3376.0M)->0.0B(3376.0M) Survivors: 2048.0K->2048.0K Heap: 4805.1M(5632.0M)->1429.2M(5632.0M)]
 [Times: user=0.01 sys=0.00, real=0.01 secs] 
2014-06-25T01:53:30.436+0000: 6152.885: Total time for which application threads were stopped: 0.0094039 seconds
2014-06-25T01:53:31.556+0000: 6154.005: Total time for which application threads were stopped: 0.0023863 seconds
2014-06-25T01:53:36.996+0000: 6159.445: [GC pause (G1 Evacuation Pause) (young)
Desired survivor size 222298112 bytes, new threshold 15 (max 15)
- age   1:     127064 bytes,     127064 total
- age   2:      26856 bytes,     153920 total
- age   3:       3736 bytes,     157656 total
- age   4:       2024 bytes,     159680 total
- age   5:       3136 bytes,     162816 total
- age   6:       2536 bytes,     165352 total
- age   7:        432 bytes,     165784 total
- age   8:        216 bytes,     166000 total
- age  10:        648 bytes,     166648 total
- age  11:        488 bytes,     167136 total
- age  12:       5048 bytes,     172184 total
- age  13:        704 bytes,     172888 total
- age  14:       5936 bytes,     178824 total
- age  15:       3136 bytes,     181960 total
, 0.0081372 secs]
   [Parallel Time: 5.5 ms, GC Workers: 2]
      [GC Worker Start (ms): Min: 6159445.0, Avg: 6159445.0, Max: 6159445.0, Diff: 0.0]
      [Ext Root Scanning (ms): Min: 1.1, Avg: 1.2, Max: 1.4, Diff: 0.3, Sum: 2.5]
      [Update RS (ms): Min: 0.5, Avg: 0.5, Max: 0.6, Diff: 0.1, Sum: 1.1]
         [Processed Buffers: Min: 2, Avg: 14.5, Max: 27, Diff: 25, Sum: 29]
      [Scan RS (ms): Min: 2.1, Avg: 2.2, Max: 2.2, Diff: 0.0, Sum: 4.3]
      [Code Root Scanning (ms): Min: 0.8, Avg: 0.8, Max: 0.8, Diff: 0.0, Sum: 1.7]
      [Object Copy (ms): Min: 0.5, Avg: 0.6, Max: 0.7, Diff: 0.2, Sum: 1.2]
      [Termination (ms): Min: 0.0, Avg: 0.0, Max: 0.0, Diff: 0.0, Sum: 0.0]
      [GC Worker Other (ms): Min: 0.0, Avg: 0.0, Max: 0.1, Diff: 0.0, Sum: 0.1]
      [GC Worker Total (ms): Min: 5.4, Avg: 5.4, Max: 5.4, Diff: 0.0, Sum: 10.8]
      [GC Worker End (ms): Min: 6159450.4, Avg: 6159450.4, Max: 6159450.4, Diff: 0.0]
   [Code Root Fixup: 0.2 ms]
   [Code Root Migration: 0.1 ms]
   [Clear CT: 0.8 ms]
   [Other: 1.6 ms]
      [Choose CSet: 0.0 ms]
      [Ref Proc: 0.1 ms]
      [Ref Enq: 0.0 ms]
      [Free CSet: 1.4 ms]
   [Eden: 3376.0M(3376.0M)->0.0B(3376.0M) Survivors: 2048.0K->2048.0K Heap: 4805.2M(5632.0M)->1429.3M(5632.0M)]
 [Times: user=0.01 sys=0.00, real=0.01 secs] 
2014-06-25T01:53:37.004+0000: 6159.453: Total time for which application threads were stopped: 0.0086708 seconds
2014-06-25T01:53:43.545+0000: 6165.994: [GC pause (G1 Evacuation Pause) (young)
Desired survivor size 222298112 bytes, new threshold 15 (max 15)
- age   1:      88832 bytes,      88832 total
- age   2:      99456 bytes,     188288 total
- age   3:      26776 bytes,     215064 total
- age   4:       3712 bytes,     218776 total
- age   5:       2024 bytes,     220800 total
- age   6:       3136 bytes,     223936 total
- age   7:       2536 bytes,     226472 total
- age   8:        432 bytes,     226904 total
- age   9:        216 bytes,     227120 total
- age  11:        648 bytes,     227768 total
- age  12:        488 bytes,     228256 total
- age  13:       5048 bytes,     233304 total
- age  14:        704 bytes,     234008 total
- age  15:       5936 bytes,     239944 total
, 0.0080340 secs]
   [Parallel Time: 5.4 ms, GC Workers: 2]
      [GC Worker Start (ms): Min: 6165993.8, Avg: 6165993.8, Max: 6165993.8, Diff: 0.0]
      [Ext Root Scanning (ms): Min: 1.1, Avg: 1.3, Max: 1.4, Diff: 0.3, Sum: 2.5]
      [Update RS (ms): Min: 0.5, Avg: 0.6, Max: 0.6, Diff: 0.1, Sum: 1.2]
         [Processed Buffers: Min: 1, Avg: 15.0, Max: 29, Diff: 28, Sum: 30]
      [Scan RS (ms): Min: 2.0, Avg: 2.0, Max: 2.0, Diff: 0.0, Sum: 3.9]
      [Code Root Scanning (ms): Min: 0.8, Avg: 0.8, Max: 0.8, Diff: 0.0, Sum: 1.6]
      [Object Copy (ms): Min: 0.6, Avg: 0.7, Max: 0.8, Diff: 0.2, Sum: 1.3]
      [Termination (ms): Min: 0.0, Avg: 0.0, Max: 0.0, Diff: 0.0, Sum: 0.0]
      [GC Worker Other (ms): Min: 0.0, Avg: 0.1, Max: 0.1, Diff: 0.0, Sum: 0.1]
      [GC Worker Total (ms): Min: 5.3, Avg: 5.4, Max: 5.4, Diff: 0.0, Sum: 10.7]
      [GC Worker End (ms): Min: 6165999.2, Avg: 6165999.2, Max: 6165999.2, Diff: 0.0]
   [Code Root Fixup: 0.2 ms]
   [Code Root Migration: 0.1 ms]
   [Clear CT: 0.8 ms]
   [Other: 1.6 ms]
      [Choose CSet: 0.0 ms]
      [Ref Proc: 0.1 ms]
      [Ref Enq: 0.0 ms]
      [Free CSet: 1.3 ms]
   [Eden: 3376.0M(3376.0M)->0.0B(3376.0M) Survivors: 2048.0K->2048.0K Heap: 4805.3M(5632.0M)->1429.4M(5632.0M)]
 [Times: user=0.02 sys=0.00, real=0.01 secs] 
2014-06-25T01:53:43.553+0000: 6166.002: Total time for which application threads were stopped: 0.0085459 seconds
2014-06-25T01:53:50.092+0000: 6172.541: [GC pause (G1 Evacuation Pause) (young)
Desired survivor size 222298112 bytes, new threshold 15 (max 15)
- age   1:      71744 bytes,      71744 total
- age   2:      60064 bytes,     131808 total
- age   3:      96456 bytes,     228264 total
- age   4:      26176 bytes,     254440 total
- age   5:       3656 bytes,     258096 total
- age   6:       2024 bytes,     260120 total
- age   7:       3136 bytes,     263256 total
- age   8:       2536 bytes,     265792 total
- age   9:        432 bytes,     266224 total
- age  10:        216 bytes,     266440 total
- age  12:        648 bytes,     267088 total
- age  13:        432 bytes,     267520 total
- age  14:       4992 bytes,     272512 total
- age  15:        648 bytes,     273160 total
, 0.0081786 secs]
   [Parallel Time: 5.6 ms, GC Workers: 2]
      [GC Worker Start (ms): Min: 6172541.1, Avg: 6172541.1, Max: 6172541.1, Diff: 0.0]
      [Ext Root Scanning (ms): Min: 1.1, Avg: 1.3, Max: 1.4, Diff: 0.3, Sum: 2.5]
      [Update RS (ms): Min: 0.5, Avg: 0.6, Max: 0.6, Diff: 0.1, Sum: 1.1]
         [Processed Buffers: Min: 12, Avg: 14.5, Max: 17, Diff: 5, Sum: 29]
      [Scan RS (ms): Min: 2.1, Avg: 2.1, Max: 2.2, Diff: 0.1, Sum: 4.3]
      [Code Root Scanning (ms): Min: 0.8, Avg: 0.8, Max: 0.8, Diff: 0.0, Sum: 1.7]
      [Object Copy (ms): Min: 0.6, Avg: 0.6, Max: 0.7, Diff: 0.2, Sum: 1.3]
      [Termination (ms): Min: 0.0, Avg: 0.0, Max: 0.0, Diff: 0.0, Sum: 0.0]
      [GC Worker Other (ms): Min: 0.0, Avg: 0.0, Max: 0.1, Diff: 0.0, Sum: 0.1]
      [GC Worker Total (ms): Min: 5.5, Avg: 5.5, Max: 5.5, Diff: 0.0, Sum: 10.9]
      [GC Worker End (ms): Min: 6172546.6, Avg: 6172546.6, Max: 6172546.6, Diff: 0.0]
   [Code Root Fixup: 0.2 ms]
   [Code Root Migration: 0.1 ms]
   [Clear CT: 0.8 ms]
   [Other: 1.6 ms]
      [Choose CSet: 0.0 ms]
      [Ref Proc: 0.1 ms]
      [Ref Enq: 0.0 ms]
      [Free CSet: 1.3 ms]
   [Eden: 3376.0M(3376.0M)->0.0B(3376.0M) Survivors: 2048.0K->2048.0K Heap: 4805.4M(5632.0M)->1429.5M(5632.0M)]
 [Times: user=0.01 sys=0.00, real=0.00 secs] 
2014-06-25T01:53:50.100+0000: 6172.549: Total time for which application threads were stopped: 0.0087658 seconds
2014-06-25T01:53:56.614+0000: 6179.063: [GC pause (G1 Evacuation Pause) (young)
Desired survivor size 222298112 bytes, new threshold 15 (max 15)
- age   1:      33792 bytes,      33792 total
- age   2:      45320 bytes,      79112 total
- age   3:      59704 bytes,     138816 total
- age   4:      96112 bytes,     234928 total
- age   5:      26152 bytes,     261080 total
- age   6:       3656 bytes,     264736 total
- age   7:       2024 bytes,     266760 total
- age   8:       3136 bytes,     269896 total
- age   9:       2536 bytes,     272432 total
- age  10:        432 bytes,     272864 total
- age  11:        216 bytes,     273080 total
- age  13:        648 bytes,     273728 total
- age  14:        432 bytes,     274160 total
- age  15:       4992 bytes,     279152 total
, 0.0088835 secs]
   [Parallel Time: 6.3 ms, GC Workers: 2]
      [GC Worker Start (ms): Min: 6179062.8, Avg: 6179062.8, Max: 6179062.8, Diff: 0.0]
      [Ext Root Scanning (ms): Min: 1.1, Avg: 1.3, Max: 1.4, Diff: 0.3, Sum: 2.5]
      [Update RS (ms): Min: 1.1, Avg: 1.2, Max: 1.2, Diff: 0.1, Sum: 2.3]
         [Processed Buffers: Min: 2, Avg: 15.5, Max: 29, Diff: 27, Sum: 31]
      [Scan RS (ms): Min: 2.1, Avg: 2.1, Max: 2.2, Diff: 0.0, Sum: 4.3]
      [Code Root Scanning (ms): Min: 0.8, Avg: 0.8, Max: 0.8, Diff: 0.0, Sum: 1.7]
      [Object Copy (ms): Min: 0.7, Avg: 0.7, Max: 0.8, Diff: 0.2, Sum: 1.5]
      [Termination (ms): Min: 0.0, Avg: 0.0, Max: 0.0, Diff: 0.0, Sum: 0.0]
      [GC Worker Other (ms): Min: 0.0, Avg: 0.1, Max: 0.1, Diff: 0.0, Sum: 0.1]
      [GC Worker Total (ms): Min: 6.2, Avg: 6.2, Max: 6.2, Diff: 0.0, Sum: 12.4]
      [GC Worker End (ms): Min: 6179068.9, Avg: 6179069.0, Max: 6179069.0, Diff: 0.0]
   [Code Root Fixup: 0.2 ms]
   [Code Root Migration: 0.1 ms]
   [Clear CT: 0.8 ms]
   [Other: 1.6 ms]
      [Choose CSet: 0.0 ms]
      [Ref Proc: 0.1 ms]
      [Ref Enq: 0.0 ms]
      [Free CSet: 1.4 ms]
   [Eden: 3376.0M(3376.0M)->0.0B(3376.0M) Survivors: 2048.0K->2048.0K Heap: 4805.5M(5632.0M)->1429.3M(5632.0M)]
 [Times: user=0.02 sys=0.00, real=0.00 secs] 
2014-06-25T01:53:56.623+0000: 6179.072: Total time for which application threads were stopped: 0.0094610 seconds
2014-06-25T01:54:00.623+0000: 6183.073: Total time for which application threads were stopped: 0.0003882 seconds
2014-06-25T01:54:03.309+0000: 6185.759: [GC pause (G1 Evacuation Pause) (young)
Desired survivor size 222298112 bytes, new threshold 15 (max 15)
- age   1:      79696 bytes,      79696 total
- age   2:       8768 bytes,      88464 total
- age   3:      44984 bytes,     133448 total
- age   4:      59472 bytes,     192920 total
- age   5:      93760 bytes,     286680 total
- age   6:      26072 bytes,     312752 total
- age   7:       3656 bytes,     316408 total
- age   8:       2024 bytes,     318432 total
- age   9:       3136 bytes,     321568 total
- age  10:       2536 bytes,     324104 total
- age  11:        432 bytes,     324536 total
- age  12:        216 bytes,     324752 total
- age  14:        648 bytes,     325400 total
- age  15:        432 bytes,     325832 total
, 0.0084965 secs]
   [Parallel Time: 5.7 ms, GC Workers: 2]
      [GC Worker Start (ms): Min: 6185758.7, Avg: 6185758.7, Max: 6185758.7, Diff: 0.0]
      [Ext Root Scanning (ms): Min: 1.1, Avg: 1.3, Max: 1.4, Diff: 0.3, Sum: 2.5]
      [Update RS (ms): Min: 0.6, Avg: 0.6, Max: 0.6, Diff: 0.1, Sum: 1.2]
         [Processed Buffers: Min: 1, Avg: 16.5, Max: 32, Diff: 31, Sum: 33]
      [Scan RS (ms): Min: 2.1, Avg: 2.1, Max: 2.2, Diff: 0.0, Sum: 4.3]
      [Code Root Scanning (ms): Min: 0.8, Avg: 0.8, Max: 0.8, Diff: 0.0, Sum: 1.7]
      [Object Copy (ms): Min: 0.6, Avg: 0.7, Max: 0.8, Diff: 0.2, Sum: 1.5]
      [Termination (ms): Min: 0.0, Avg: 0.0, Max: 0.0, Diff: 0.0, Sum: 0.0]
      [GC Worker Other (ms): Min: 0.0, Avg: 0.1, Max: 0.1, Diff: 0.0, Sum: 0.1]
      [GC Worker Total (ms): Min: 5.6, Avg: 5.6, Max: 5.6, Diff: 0.0, Sum: 11.3]
      [GC Worker End (ms): Min: 6185764.3, Avg: 6185764.3, Max: 6185764.4, Diff: 0.0]
   [Code Root Fixup: 0.2 ms]
   [Code Root Migration: 0.1 ms]
   [Clear CT: 0.8 ms]
   [Other: 1.7 ms]
      [Choose CSet: 0.0 ms]
      [Ref Proc: 0.1 ms]
      [Ref Enq: 0.0 ms]
      [Free CSet: 1.5 ms]
   [Eden: 3376.0M(3376.0M)->0.0B(3376.0M) Survivors: 2048.0K->2048.0K Heap: 4805.3M(5632.0M)->1429.7M(5632.0M)]
 [Times: user=0.02 sys=0.00, real=0.01 secs] 
2014-06-25T01:54:03.318+0000: 6185.767: Total time for which application threads were stopped: 0.0090595 seconds
2014-06-25T01:54:09.886+0000: 6192.335: [GC pause (G1 Evacuation Pause) (young)
Desired survivor size 222298112 bytes, new threshold 15 (max 15)
- age   1:      33000 bytes,      33000 total
- age   2:      44128 bytes,      77128 total
- age   3:       7768 bytes,      84896 total
- age   4:      44960 bytes,     129856 total
- age   5:      59072 bytes,     188928 total
- age   6:      93448 bytes,     282376 total
- age   7:      26016 bytes,     308392 total
- age   8:       3656 bytes,     312048 total
- age   9:       2024 bytes,     314072 total
- age  10:       3104 bytes,     317176 total
- age  11:       2536 bytes,     319712 total
- age  12:        432 bytes,     320144 total
- age  13:        216 bytes,     320360 total
- age  15:        648 bytes,     321008 total
, 0.0082575 secs]
   [Parallel Time: 5.6 ms, GC Workers: 2]
      [GC Worker Start (ms): Min: 6192335.2, Avg: 6192335.2, Max: 6192335.3, Diff: 0.0]
      [Ext Root Scanning (ms): Min: 1.1, Avg: 1.2, Max: 1.4, Diff: 0.3, Sum: 2.5]
      [Update RS (ms): Min: 0.5, Avg: 0.5, Max: 0.5, Diff: 0.0, Sum: 1.0]
         [Processed Buffers: Min: 1, Avg: 13.5, Max: 26, Diff: 25, Sum: 27]
      [Scan RS (ms): Min: 2.1, Avg: 2.1, Max: 2.2, Diff: 0.1, Sum: 4.2]
      [Code Root Scanning (ms): Min: 0.8, Avg: 0.8, Max: 0.8, Diff: 0.0, Sum: 1.6]
      [Object Copy (ms): Min: 0.6, Avg: 0.7, Max: 0.8, Diff: 0.2, Sum: 1.5]
      [Termination (ms): Min: 0.0, Avg: 0.0, Max: 0.0, Diff: 0.0, Sum: 0.0]
      [GC Worker Other (ms): Min: 0.0, Avg: 0.1, Max: 0.1, Diff: 0.0, Sum: 0.1]
      [GC Worker Total (ms): Min: 5.5, Avg: 5.5, Max: 5.5, Diff: 0.0, Sum: 11.0]
      [GC Worker End (ms): Min: 6192340.7, Avg: 6192340.7, Max: 6192340.8, Diff: 0.0]
   [Code Root Fixup: 0.2 ms]
   [Code Root Migration: 0.1 ms]
   [Clear CT: 0.8 ms]
   [Other: 1.6 ms]
      [Choose CSet: 0.0 ms]
      [Ref Proc: 0.1 ms]
      [Ref Enq: 0.0 ms]
      [Free CSet: 1.4 ms]
   [Eden: 3376.0M(3376.0M)->0.0B(3376.0M) Survivors: 2048.0K->2048.0K Heap: 4805.7M(5632.0M)->1429.4M(5632.0M)]
 [Times: user=0.02 sys=0.00, real=0.01 secs] 
2014-06-25T01:54:09.894+0000: 6192.344: Total time for which application threads were stopped: 0.0088062 seconds
2014-06-25T01:54:14.895+0000: 6197.345: Total time for which application threads were stopped: 0.0004018 seconds
2014-06-25T01:54:16.445+0000: 6198.894: [GC pause (G1 Evacuation Pause) (young)
Desired survivor size 222298112 bytes, new threshold 15 (max 15)
- age   1:      29752 bytes,      29752 total
- age   2:       6640 bytes,      36392 total
- age   3:      43368 bytes,      79760 total
- age   4:       7768 bytes,      87528 total
- age   5:      44960 bytes,     132488 total
- age   6:      59048 bytes,     191536 total
- age   7:      93448 bytes,     284984 total
- age   8:      26016 bytes,     311000 total
- age   9:       3656 bytes,     314656 total
- age  10:       2024 bytes,     316680 total
- age  11:       3104 bytes,     319784 total
- age  12:       2536 bytes,     322320 total
- age  13:        432 bytes,     322752 total
- age  14:        216 bytes,     322968 total
, 0.0086891 secs]
   [Parallel Time: 6.0 ms, GC Workers: 2]
      [GC Worker Start (ms): Min: 6198894.5, Avg: 6198894.5, Max: 6198894.5, Diff: 0.0]
      [Ext Root Scanning (ms): Min: 1.1, Avg: 1.3, Max: 1.4, Diff: 0.3, Sum: 2.5]
      [Update RS (ms): Min: 0.6, Avg: 0.7, Max: 0.9, Diff: 0.3, Sum: 1.5]
         [Processed Buffers: Min: 2, Avg: 17.0, Max: 32, Diff: 30, Sum: 34]
      [Scan RS (ms): Min: 2.1, Avg: 2.2, Max: 2.2, Diff: 0.2, Sum: 4.3]
      [Code Root Scanning (ms): Min: 0.8, Avg: 0.8, Max: 0.8, Diff: 0.0, Sum: 1.6]
      [Object Copy (ms): Min: 0.8, Avg: 0.9, Max: 1.0, Diff: 0.1, Sum: 1.8]
      [Termination (ms): Min: 0.0, Avg: 0.0, Max: 0.0, Diff: 0.0, Sum: 0.0]
      [GC Worker Other (ms): Min: 0.0, Avg: 0.1, Max: 0.1, Diff: 0.0, Sum: 0.1]
      [GC Worker Total (ms): Min: 5.9, Avg: 5.9, Max: 5.9, Diff: 0.0, Sum: 11.8]
      [GC Worker End (ms): Min: 6198900.4, Avg: 6198900.4, Max: 6198900.4, Diff: 0.0]
   [Code Root Fixup: 0.2 ms]
   [Code Root Migration: 0.1 ms]
   [Clear CT: 0.8 ms]
   [Other: 1.6 ms]
      [Choose CSet: 0.0 ms]
      [Ref Proc: 0.2 ms]
      [Ref Enq: 0.0 ms]
      [Free CSet: 1.3 ms]
   [Eden: 3376.0M(3376.0M)->0.0B(3376.0M) Survivors: 2048.0K->2048.0K Heap: 4805.4M(5632.0M)->1429.7M(5632.0M)]
 [Times: user=0.02 sys=0.00, real=0.01 secs] 
2014-06-25T01:54:16.454+0000: 6198.903: Total time for which application threads were stopped: 0.0092235 seconds
2014-06-25T01:54:17.187+0000: 6199.636: Total time for which application threads were stopped: 0.0043088 seconds
2014-06-25T01:54:17.216+0000: 6199.665: Total time for which application threads were stopped: 0.0016639 seconds
2014-06-25T01:54:17.220+0000: 6199.670: Total time for which application threads were stopped: 0.0010087 seconds
2014-06-25T01:54:17.252+0000: 6199.701: Total time for which application threads were stopped: 0.0043696 seconds
2014-06-25T01:54:17.267+0000: 6199.716: Total time for which application threads were stopped: 0.0106329 seconds
2014-06-25T01:54:17.289+0000: 6199.738: Total time for which application threads were stopped: 0.0004218 seconds
2014-06-25T01:54:17.544+0000: 6199.993: Total time for which application threads were stopped: 0.0086394 seconds
2014-06-25T01:54:17.570+0000: 6200.019: Total time for which application threads were stopped: 0.0052449 seconds
2014-06-25T01:54:17.629+0000: 6200.078: Total time for which application threads were stopped: 0.0100063 seconds
2014-06-25T01:54:17.812+0000: 6200.261: Total time for which application threads were stopped: 0.0072052 seconds
2014-06-25T01:54:17.904+0000: 6200.353: Total time for which application threads were stopped: 0.0030735 seconds
2014-06-25T01:54:17.945+0000: 6200.394: Total time for which application threads were stopped: 0.0004484 seconds
2014-06-25T01:54:17.970+0000: 6200.419: Total time for which application threads were stopped: 0.0002960 seconds
2014-06-25T01:54:17.970+0000: 6200.419: Total time for which application threads were stopped: 0.0002202 seconds
2014-06-25T01:54:17.970+0000: 6200.419: Total time for which application threads were stopped: 0.0002191 seconds
2014-06-25T01:54:17.971+0000: 6200.420: Total time for which application threads were stopped: 0.0002151 seconds
2014-06-25T01:54:17.973+0000: 6200.423: Total time for which application threads were stopped: 0.0001873 seconds
2014-06-25T01:54:18.108+0000: 6200.557: Total time for which application threads were stopped: 0.0044611 seconds
2014-06-25T01:54:18.222+0000: 6200.671: Total time for which application threads were stopped: 0.0060779 seconds
2014-06-25T01:54:18.259+0000: 6200.708: Total time for which application threads were stopped: 0.0032328 seconds
2014-06-25T01:54:18.259+0000: 6200.708: Total time for which application threads were stopped: 0.0002963 seconds
2014-06-25T01:54:18.260+0000: 6200.709: Total time for which application threads were stopped: 0.0002915 seconds
2014-06-25T01:54:18.266+0000: 6200.715: Total time for which application threads were stopped: 0.0012164 seconds
2014-06-25T01:54:18.273+0000: 6200.722: Total time for which application threads were stopped: 0.0002443 seconds
2014-06-25T01:54:18.296+0000: 6200.745: Total time for which application threads were stopped: 0.0014634 seconds
2014-06-25T01:54:18.397+0000: 6200.846: Total time for which application threads were stopped: 0.0043345 seconds
2014-06-25T01:54:23.412+0000: 6205.861: [GC pause (G1 Evacuation Pause) (young)
Desired survivor size 222298112 bytes, new threshold 15 (max 15)
- age   1:     148768 bytes,     148768 total
- age   2:        472 bytes,     149240 total
- age   3:       5520 bytes,     154760 total
- age   4:      42832 bytes,     197592 total
- age   5:       4008 bytes,     201600 total
- age   6:      41520 bytes,     243120 total
- age   7:      51496 bytes,     294616 total
- age   8:      71792 bytes,     366408 total
- age   9:      25856 bytes,     392264 total
- age  10:       3656 bytes,     395920 total
- age  11:       2024 bytes,     397944 total
- age  12:       3104 bytes,     401048 total
- age  13:       2536 bytes,     403584 total
- age  14:        432 bytes,     404016 total
- age  15:        216 bytes,     404232 total
, 0.0103137 secs]
   [Parallel Time: 7.2 ms, GC Workers: 2]
      [GC Worker Start (ms): Min: 6205861.3, Avg: 6205861.3, Max: 6205861.3, Diff: 0.0]
      [Ext Root Scanning (ms): Min: 1.1, Avg: 1.3, Max: 1.4, Diff: 0.3, Sum: 2.5]
      [Update RS (ms): Min: 1.0, Avg: 1.0, Max: 1.0, Diff: 0.0, Sum: 2.1]
         [Processed Buffers: Min: 5, Avg: 19.5, Max: 34, Diff: 29, Sum: 39]
      [Scan RS (ms): Min: 2.1, Avg: 2.2, Max: 2.2, Diff: 0.1, Sum: 4.3]
      [Code Root Scanning (ms): Min: 0.8, Avg: 0.8, Max: 0.8, Diff: 0.0, Sum: 1.7]
      [Object Copy (ms): Min: 1.7, Avg: 1.8, Max: 1.9, Diff: 0.2, Sum: 3.6]
      [Termination (ms): Min: 0.0, Avg: 0.0, Max: 0.0, Diff: 0.0, Sum: 0.0]
      [GC Worker Other (ms): Min: 0.0, Avg: 0.1, Max: 0.1, Diff: 0.0, Sum: 0.1]
      [GC Worker Total (ms): Min: 7.1, Avg: 7.1, Max: 7.1, Diff: 0.0, Sum: 14.3]
      [GC Worker End (ms): Min: 6205868.4, Avg: 6205868.4, Max: 6205868.4, Diff: 0.0]
   [Code Root Fixup: 0.2 ms]
   [Code Root Migration: 0.1 ms]
   [Clear CT: 0.8 ms]
   [Other: 2.0 ms]
      [Choose CSet: 0.0 ms]
      [Ref Proc: 0.4 ms]
      [Ref Enq: 0.0 ms]
      [Free CSet: 1.5 ms]
   [Eden: 3376.0M(3376.0M)->0.0B(3376.0M) Survivors: 2048.0K->2048.0K Heap: 4805.7M(5632.0M)->1430.3M(5632.0M)]
 [Times: user=0.01 sys=0.01, real=0.01 secs] 
2014-06-25T01:54:23.423+0000: 6205.872: Total time for which application threads were stopped: 0.0108914 seconds
2014-06-25T01:54:28.485+0000: 6210.934: Total time for which application threads were stopped: 0.0004586 seconds
2014-06-25T01:54:30.082+0000: 6212.531: [GC pause (G1 Evacuation Pause) (young)
Desired survivor size 222298112 bytes, new threshold 15 (max 15)
- age   1:     774960 bytes,     774960 total
- age   2:      94712 bytes,     869672 total
- age   4:       5256 bytes,     874928 total
- age   5:      42056 bytes,     916984 total
- age   6:       3896 bytes,     920880 total
- age   7:      34736 bytes,     955616 total
- age   8:      39848 bytes,     995464 total
- age   9:      66672 bytes,    1062136 total
- age  10:      25856 bytes,    1087992 total
- age  11:       3656 bytes,    1091648 total
- age  12:       2024 bytes,    1093672 total
- age  13:       2968 bytes,    1096640 total
- age  14:       2536 bytes,    1099176 total
- age  15:        432 bytes,    1099608 total
, 0.0097377 secs]
   [Parallel Time: 7.0 ms, GC Workers: 2]
      [GC Worker Start (ms): Min: 6212531.5, Avg: 6212531.5, Max: 6212531.6, Diff: 0.0]
      [Ext Root Scanning (ms): Min: 1.1, Avg: 1.3, Max: 1.4, Diff: 0.3, Sum: 2.5]
      [Update RS (ms): Min: 0.8, Avg: 0.8, Max: 0.9, Diff: 0.1, Sum: 1.7]
         [Processed Buffers: Min: 15, Avg: 17.0, Max: 19, Diff: 4, Sum: 34]
      [Scan RS (ms): Min: 2.1, Avg: 2.1, Max: 2.2, Diff: 0.0, Sum: 4.3]
      [Code Root Scanning (ms): Min: 0.8, Avg: 0.8, Max: 0.8, Diff: 0.0, Sum: 1.6]
      [Object Copy (ms): Min: 1.7, Avg: 1.8, Max: 1.9, Diff: 0.2, Sum: 3.6]
      [Termination (ms): Min: 0.0, Avg: 0.0, Max: 0.0, Diff: 0.0, Sum: 0.0]
      [GC Worker Other (ms): Min: 0.0, Avg: 0.0, Max: 0.1, Diff: 0.0, Sum: 0.1]
      [GC Worker Total (ms): Min: 6.9, Avg: 6.9, Max: 6.9, Diff: 0.0, Sum: 13.8]
      [GC Worker End (ms): Min: 6212538.4, Avg: 6212538.5, Max: 6212538.5, Diff: 0.0]
   [Code Root Fixup: 0.2 ms]
   [Code Root Migration: 0.1 ms]
   [Clear CT: 0.8 ms]
   [Other: 1.7 ms]
      [Choose CSet: 0.0 ms]
      [Ref Proc: 0.1 ms]
      [Ref Enq: 0.0 ms]
      [Free CSet: 1.4 ms]
   [Eden: 3376.0M(3376.0M)->0.0B(3376.0M) Survivors: 2048.0K->2048.0K Heap: 4806.3M(5632.0M)->1430.8M(5632.0M)]
 [Times: user=0.01 sys=0.00, real=0.01 secs] 
2014-06-25T01:54:30.092+0000: 6212.541: Total time for which application threads were stopped: 0.0102771 seconds
2014-06-25T01:54:36.616+0000: 6219.065: [GC pause (G1 Evacuation Pause) (young)
Desired survivor size 222298112 bytes, new threshold 15 (max 15)
- age   1:     103208 bytes,     103208 total
- age   2:     739248 bytes,     842456 total
- age   3:      94152 bytes,     936608 total
- age   5:       5136 bytes,     941744 total
- age   6:      41816 bytes,     983560 total
- age   7:       3712 bytes,     987272 total
- age   8:      32440 bytes,    1019712 total
- age   9:      39760 bytes,    1059472 total
- age  10:      66568 bytes,    1126040 total
- age  11:      25856 bytes,    1151896 total
- age  12:       3656 bytes,    1155552 total
- age  13:       2024 bytes,    1157576 total
- age  14:       2968 bytes,    1160544 total
- age  15:       2536 bytes,    1163080 total
, 0.0096455 secs]
   [Parallel Time: 7.0 ms, GC Workers: 2]
      [GC Worker Start (ms): Min: 6219065.5, Avg: 6219065.5, Max: 6219065.5, Diff: 0.0]
      [Ext Root Scanning (ms): Min: 1.1, Avg: 1.3, Max: 1.4, Diff: 0.3, Sum: 2.5]
      [Update RS (ms): Min: 0.7, Avg: 0.8, Max: 0.8, Diff: 0.1, Sum: 1.5]
         [Processed Buffers: Min: 2, Avg: 13.0, Max: 24, Diff: 22, Sum: 26]
      [Scan RS (ms): Min: 2.2, Avg: 2.2, Max: 2.2, Diff: 0.0, Sum: 4.3]
      [Code Root Scanning (ms): Min: 0.8, Avg: 0.8, Max: 0.9, Diff: 0.1, Sum: 1.7]
      [Object Copy (ms): Min: 1.7, Avg: 1.8, Max: 1.9, Diff: 0.2, Sum: 3.6]
      [Termination (ms): Min: 0.0, Avg: 0.0, Max: 0.0, Diff: 0.0, Sum: 0.0]
      [GC Worker Other (ms): Min: 0.0, Avg: 0.1, Max: 0.1, Diff: 0.0, Sum: 0.1]
      [GC Worker Total (ms): Min: 6.9, Avg: 6.9, Max: 6.9, Diff: 0.0, Sum: 13.8]
      [GC Worker End (ms): Min: 6219072.4, Avg: 6219072.4, Max: 6219072.4, Diff: 0.0]
   [Code Root Fixup: 0.2 ms]
   [Code Root Migration: 0.1 ms]
   [Clear CT: 0.8 ms]
   [Other: 1.6 ms]
      [Choose CSet: 0.0 ms]
      [Ref Proc: 0.1 ms]
      [Ref Enq: 0.0 ms]
      [Free CSet: 1.4 ms]
   [Eden: 3376.0M(3376.0M)->0.0B(3376.0M) Survivors: 2048.0K->2048.0K Heap: 4806.8M(5632.0M)->1430.5M(5632.0M)]
 [Times: user=0.02 sys=0.00, real=0.01 secs] 
2014-06-25T01:54:36.626+0000: 6219.075: Total time for which application threads were stopped: 0.0101735 seconds
2014-06-25T01:54:43.157+0000: 6225.606: [GC pause (G1 Evacuation Pause) (young)
Desired survivor size 222298112 bytes, new threshold 15 (max 15)
- age   1:      26640 bytes,      26640 total
- age   2:      88792 bytes,     115432 total
- age   3:     739144 bytes,     854576 total
- age   4:      94128 bytes,     948704 total
- age   6:       5136 bytes,     953840 total
- age   7:      41816 bytes,     995656 total
- age   8:       3712 bytes,     999368 total
- age   9:      32440 bytes,    1031808 total
- age  10:      39760 bytes,    1071568 total
- age  11:      66568 bytes,    1138136 total
- age  12:      25856 bytes,    1163992 total
- age  13:       3520 bytes,    1167512 total
- age  14:       2024 bytes,    1169536 total
- age  15:       2968 bytes,    1172504 total
, 0.0096582 secs]
   [Parallel Time: 7.0 ms, GC Workers: 2]
      [GC Worker Start (ms): Min: 6225605.9, Avg: 6225605.9, Max: 6225605.9, Diff: 0.0]
      [Ext Root Scanning (ms): Min: 1.1, Avg: 1.3, Max: 1.4, Diff: 0.3, Sum: 2.5]
      [Update RS (ms): Min: 0.7, Avg: 0.8, Max: 0.9, Diff: 0.1, Sum: 1.6]
         [Processed Buffers: Min: 13, Avg: 13.5, Max: 14, Diff: 1, Sum: 27]
      [Scan RS (ms): Min: 2.1, Avg: 2.1, Max: 2.2, Diff: 0.1, Sum: 4.3]
      [Code Root Scanning (ms): Min: 0.8, Avg: 0.8, Max: 0.9, Diff: 0.0, Sum: 1.7]
      [Object Copy (ms): Min: 1.7, Avg: 1.8, Max: 1.9, Diff: 0.2, Sum: 3.6]
      [Termination (ms): Min: 0.0, Avg: 0.0, Max: 0.0, Diff: 0.0, Sum: 0.0]
      [GC Worker Other (ms): Min: 0.0, Avg: 0.1, Max: 0.1, Diff: 0.0, Sum: 0.1]
      [GC Worker Total (ms): Min: 6.9, Avg: 6.9, Max: 6.9, Diff: 0.0, Sum: 13.8]
      [GC Worker End (ms): Min: 6225612.8, Avg: 6225612.8, Max: 6225612.8, Diff: 0.0]
   [Code Root Fixup: 0.2 ms]
   [Code Root Migration: 0.1 ms]
   [Clear CT: 0.8 ms]
   [Other: 1.6 ms]
      [Choose CSet: 0.0 ms]
      [Ref Proc: 0.1 ms]
      [Ref Enq: 0.0 ms]
      [Free CSet: 1.4 ms]
   [Eden: 3376.0M(3376.0M)->0.0B(3376.0M) Survivors: 2048.0K->2048.0K Heap: 4806.5M(5632.0M)->1430.7M(5632.0M)]
 [Times: user=0.01 sys=0.01, real=0.01 secs] 
2014-06-25T01:54:43.167+0000: 6225.616: Total time for which application threads were stopped: 0.0102114 seconds
2014-06-25T01:54:47.792+0000: 6230.241: Total time for which application threads were stopped: 0.0015200 seconds
2014-06-25T01:54:49.635+0000: 6232.084: [GC pause (G1 Evacuation Pause) (young)
Desired survivor size 222298112 bytes, new threshold 15 (max 15)
- age   1:      29520 bytes,      29520 total
- age   2:       3560 bytes,      33080 total
- age   3:      73624 bytes,     106704 total
- age   4:     739088 bytes,     845792 total
- age   5:      93952 bytes,     939744 total
- age   7:       5136 bytes,     944880 total
- age   8:      40616 bytes,     985496 total
- age   9:       3712 bytes,     989208 total
- age  10:      29264 bytes,    1018472 total
- age  11:      39760 bytes,    1058232 total
- age  12:      66568 bytes,    1124800 total
- age  13:      25856 bytes,    1150656 total
- age  14:       3520 bytes,    1154176 total
- age  15:       2024 bytes,    1156200 total
, 0.0098378 secs]
   [Parallel Time: 7.1 ms, GC Workers: 2]
      [GC Worker Start (ms): Min: 6232084.6, Avg: 6232084.6, Max: 6232084.6, Diff: 0.0]
      [Ext Root Scanning (ms): Min: 1.1, Avg: 1.3, Max: 1.4, Diff: 0.3, Sum: 2.5]
      [Update RS (ms): Min: 0.8, Avg: 0.8, Max: 0.9, Diff: 0.1, Sum: 1.7]
         [Processed Buffers: Min: 2, Avg: 16.0, Max: 30, Diff: 28, Sum: 32]
      [Scan RS (ms): Min: 2.1, Avg: 2.1, Max: 2.2, Diff: 0.0, Sum: 4.3]
      [Code Root Scanning (ms): Min: 0.8, Avg: 0.8, Max: 0.8, Diff: 0.0, Sum: 1.6]
      [Object Copy (ms): Min: 1.8, Avg: 1.9, Max: 2.0, Diff: 0.2, Sum: 3.8]
      [Termination (ms): Min: 0.0, Avg: 0.0, Max: 0.0, Diff: 0.0, Sum: 0.0]
      [GC Worker Other (ms): Min: 0.0, Avg: 0.0, Max: 0.1, Diff: 0.0, Sum: 0.1]
      [GC Worker Total (ms): Min: 7.0, Avg: 7.0, Max: 7.0, Diff: 0.0, Sum: 14.0]
      [GC Worker End (ms): Min: 6232091.6, Avg: 6232091.6, Max: 6232091.6, Diff: 0.0]
   [Code Root Fixup: 0.2 ms]
   [Code Root Migration: 0.1 ms]
   [Clear CT: 0.8 ms]
   [Other: 1.7 ms]
      [Choose CSet: 0.0 ms]
      [Ref Proc: 0.1 ms]
      [Ref Enq: 0.0 ms]
      [Free CSet: 1.4 ms]
   [Eden: 3376.0M(3376.0M)->0.0B(3376.0M) Survivors: 2048.0K->2048.0K Heap: 4806.7M(5632.0M)->1430.7M(5632.0M)]
 [Times: user=0.01 sys=0.01, real=0.01 secs] 
2014-06-25T01:54:49.645+0000: 6232.094: Total time for which application threads were stopped: 0.0103791 seconds
2014-06-25T01:54:56.175+0000: 6238.624: [GC pause (G1 Evacuation Pause) (young)
Desired survivor size 222298112 bytes, new threshold 15 (max 15)
- age   1:      88928 bytes,      88928 total
- age   2:       3552 bytes,      92480 total
- age   3:       3464 bytes,      95944 total
- age   4:      72528 bytes,     168472 total
- age   5:     735296 bytes,     903768 total
- age   6:      93464 bytes,     997232 total
- age   8:       5136 bytes,    1002368 total
- age   9:      40504 bytes,    1042872 total
- age  10:       3584 bytes,    1046456 total
- age  11:      26080 bytes,    1072536 total
- age  12:      34576 bytes,    1107112 total
- age  13:      66568 bytes,    1173680 total
- age  14:      25856 bytes,    1199536 total
- age  15:       3520 bytes,    1203056 total
, 0.0098483 secs]
   [Parallel Time: 7.0 ms, GC Workers: 2]
      [GC Worker Start (ms): Min: 6238624.2, Avg: 6238624.2, Max: 6238624.2, Diff: 0.0]
      [Ext Root Scanning (ms): Min: 1.1, Avg: 1.3, Max: 1.4, Diff: 0.3, Sum: 2.5]
      [Update RS (ms): Min: 0.8, Avg: 0.8, Max: 0.9, Diff: 0.1, Sum: 1.6]
         [Processed Buffers: Min: 2, Avg: 15.5, Max: 29, Diff: 27, Sum: 31]
      [Scan RS (ms): Min: 2.0, Avg: 2.1, Max: 2.2, Diff: 0.2, Sum: 4.3]
      [Code Root Scanning (ms): Min: 0.8, Avg: 0.8, Max: 0.8, Diff: 0.1, Sum: 1.6]
      [Object Copy (ms): Min: 1.8, Avg: 1.9, Max: 2.0, Diff: 0.2, Sum: 3.8]
      [Termination (ms): Min: 0.0, Avg: 0.0, Max: 0.0, Diff: 0.0, Sum: 0.0]
      [GC Worker Other (ms): Min: 0.0, Avg: 0.0, Max: 0.1, Diff: 0.0, Sum: 0.1]
      [GC Worker Total (ms): Min: 7.0, Avg: 7.0, Max: 7.0, Diff: 0.0, Sum: 13.9]
      [GC Worker End (ms): Min: 6238631.1, Avg: 6238631.1, Max: 6238631.1, Diff: 0.0]
   [Code Root Fixup: 0.2 ms]
   [Code Root Migration: 0.1 ms]
   [Clear CT: 0.8 ms]
   [Other: 1.7 ms]
      [Choose CSet: 0.0 ms]
      [Ref Proc: 0.1 ms]
      [Ref Enq: 0.0 ms]
      [Free CSet: 1.5 ms]
   [Eden: 3376.0M(3376.0M)->0.0B(3376.0M) Survivors: 2048.0K->2048.0K Heap: 4806.7M(5632.0M)->1430.7M(5632.0M)]
 [Times: user=0.00 sys=0.01, real=0.01 secs] 
2014-06-25T01:54:56.185+0000: 6238.634: Total time for which application threads were stopped: 0.0104096 seconds
2014-06-25T01:55:02.858+0000: 6245.308: [GC pause (G1 Evacuation Pause) (young)
Desired survivor size 222298112 bytes, new threshold 15 (max 15)
- age   1:      29176 bytes,      29176 total
- age   2:      54568 bytes,      83744 total
- age   3:       2504 bytes,      86248 total
- age   4:       3416 bytes,      89664 total
- age   5:      72432 bytes,     162096 total
- age   6:     735272 bytes,     897368 total
- age   7:      93248 bytes,     990616 total
- age   9:       5136 bytes,     995752 total
- age  10:      40400 bytes,    1036152 total
- age  11:       3584 bytes,    1039736 total
- age  12:      23936 bytes,    1063672 total
- age  13:      34576 bytes,    1098248 total
- age  14:      66568 bytes,    1164816 total
- age  15:      25856 bytes,    1190672 total
, 0.0100670 secs]
   [Parallel Time: 7.2 ms, GC Workers: 2]
      [GC Worker Start (ms): Min: 6245307.7, Avg: 6245307.7, Max: 6245307.7, Diff: 0.0]
      [Ext Root Scanning (ms): Min: 1.1, Avg: 1.3, Max: 1.5, Diff: 0.3, Sum: 2.6]
      [Update RS (ms): Min: 0.7, Avg: 0.8, Max: 1.0, Diff: 0.3, Sum: 1.7]
         [Processed Buffers: Min: 2, Avg: 14.5, Max: 27, Diff: 25, Sum: 29]
      [Scan RS (ms): Min: 2.1, Avg: 2.2, Max: 2.2, Diff: 0.1, Sum: 4.3]
      [Code Root Scanning (ms): Min: 0.8, Avg: 0.8, Max: 0.8, Diff: 0.0, Sum: 1.7]
      [Object Copy (ms): Min: 1.8, Avg: 1.9, Max: 2.0, Diff: 0.2, Sum: 3.8]
      [Termination (ms): Min: 0.0, Avg: 0.0, Max: 0.0, Diff: 0.0, Sum: 0.0]
      [GC Worker Other (ms): Min: 0.0, Avg: 0.1, Max: 0.1, Diff: 0.0, Sum: 0.1]
      [GC Worker Total (ms): Min: 7.1, Avg: 7.1, Max: 7.1, Diff: 0.0, Sum: 14.2]
      [GC Worker End (ms): Min: 6245314.8, Avg: 6245314.8, Max: 6245314.8, Diff: 0.0]
   [Code Root Fixup: 0.2 ms]
   [Code Root Migration: 0.1 ms]
   [Clear CT: 0.8 ms]
   [Other: 1.8 ms]
      [Choose CSet: 0.0 ms]
      [Ref Proc: 0.1 ms]
      [Ref Enq: 0.0 ms]
      [Free CSet: 1.5 ms]
   [Eden: 3376.0M(3376.0M)->0.0B(3376.0M) Survivors: 2048.0K->2048.0K Heap: 4806.7M(5632.0M)->1430.8M(5632.0M)]
 [Times: user=0.02 sys=0.00, real=0.02 secs] 
2014-06-25T01:55:02.869+0000: 6245.318: Total time for which application threads were stopped: 0.0106267 seconds
2014-06-25T01:55:09.406+0000: 6251.855: [GC pause (G1 Evacuation Pause) (young)
Desired survivor size 222298112 bytes, new threshold 15 (max 15)
- age   1:      32104 bytes,      32104 total
- age   2:       1624 bytes,      33728 total
- age   3:      53576 bytes,      87304 total
- age   4:       2368 bytes,      89672 total
- age   5:       3416 bytes,      93088 total
- age   6:      71536 bytes,     164624 total
- age   7:     734792 bytes,     899416 total
- age   8:      93248 bytes,     992664 total
- age  10:       5104 bytes,     997768 total
- age  11:      40400 bytes,    1038168 total
- age  12:       3584 bytes,    1041752 total
- age  13:      23936 bytes,    1065688 total
- age  14:      34576 bytes,    1100264 total
- age  15:      66568 bytes,    1166832 total
, 0.0097777 secs]
   [Parallel Time: 7.1 ms, GC Workers: 2]
      [GC Worker Start (ms): Min: 6251855.6, Avg: 6251855.6, Max: 6251855.6, Diff: 0.0]
      [Ext Root Scanning (ms): Min: 1.1, Avg: 1.3, Max: 1.4, Diff: 0.3, Sum: 2.5]
      [Update RS (ms): Min: 0.8, Avg: 0.8, Max: 0.8, Diff: 0.0, Sum: 1.7]
         [Processed Buffers: Min: 2, Avg: 13.0, Max: 24, Diff: 22, Sum: 26]
      [Scan RS (ms): Min: 2.1, Avg: 2.1, Max: 2.2, Diff: 0.1, Sum: 4.3]
      [Code Root Scanning (ms): Min: 0.8, Avg: 0.9, Max: 0.9, Diff: 0.0, Sum: 1.7]
      [Object Copy (ms): Min: 1.8, Avg: 1.8, Max: 1.9, Diff: 0.2, Sum: 3.7]
      [Termination (ms): Min: 0.0, Avg: 0.0, Max: 0.0, Diff: 0.0, Sum: 0.0]
      [GC Worker Other (ms): Min: 0.0, Avg: 0.1, Max: 0.1, Diff: 0.0, Sum: 0.1]
      [GC Worker Total (ms): Min: 7.0, Avg: 7.0, Max: 7.0, Diff: 0.0, Sum: 14.0]
      [GC Worker End (ms): Min: 6251862.6, Avg: 6251862.6, Max: 6251862.6, Diff: 0.0]
   [Code Root Fixup: 0.2 ms]
   [Code Root Migration: 0.1 ms]
   [Clear CT: 0.8 ms]
   [Other: 1.7 ms]
      [Choose CSet: 0.0 ms]
      [Ref Proc: 0.1 ms]
      [Ref Enq: 0.0 ms]
      [Free CSet: 1.4 ms]
   [Eden: 3376.0M(3376.0M)->0.0B(3376.0M) Survivors: 2048.0K->2048.0K Heap: 4806.8M(5632.0M)->1430.8M(5632.0M)]
 [Times: user=0.01 sys=0.00, real=0.01 secs] 
2014-06-25T01:55:09.416+0000: 6251.866: Total time for which application threads were stopped: 0.0103698 seconds
2014-06-25T01:55:15.946+0000: 6258.396: [GC pause (G1 Evacuation Pause) (young)
Desired survivor size 222298112 bytes, new threshold 15 (max 15)
- age   1:      28232 bytes,      28232 total
- age   2:       7440 bytes,      35672 total
- age   3:        936 bytes,      36608 total
- age   4:      53368 bytes,      89976 total
- age   5:       2368 bytes,      92344 total
- age   6:       3416 bytes,      95760 total
- age   7:      71512 bytes,     167272 total
- age   8:     734792 bytes,     902064 total
- age   9:      93248 bytes,     995312 total
- age  11:       5104 bytes,    1000416 total
- age  12:      40400 bytes,    1040816 total
- age  13:       3584 bytes,    1044400 total
- age  14:      23936 bytes,    1068336 total
- age  15:      34576 bytes,    1102912 total
, 0.0097505 secs]
   [Parallel Time: 7.0 ms, GC Workers: 2]
      [GC Worker Start (ms): Min: 6258395.7, Avg: 6258395.7, Max: 6258395.7, Diff: 0.0]
      [Ext Root Scanning (ms): Min: 1.1, Avg: 1.3, Max: 1.4, Diff: 0.3, Sum: 2.5]
      [Update RS (ms): Min: 0.8, Avg: 0.9, Max: 0.9, Diff: 0.1, Sum: 1.7]
         [Processed Buffers: Min: 2, Avg: 13.5, Max: 25, Diff: 23, Sum: 27]
      [Scan RS (ms): Min: 2.1, Avg: 2.2, Max: 2.2, Diff: 0.1, Sum: 4.3]
      [Code Root Scanning (ms): Min: 0.8, Avg: 0.8, Max: 0.9, Diff: 0.1, Sum: 1.7]
      [Object Copy (ms): Min: 1.7, Avg: 1.8, Max: 1.8, Diff: 0.2, Sum: 3.5]
      [Termination (ms): Min: 0.0, Avg: 0.0, Max: 0.0, Diff: 0.0, Sum: 0.0]
      [GC Worker Other (ms): Min: 0.0, Avg: 0.0, Max: 0.1, Diff: 0.0, Sum: 0.1]
      [GC Worker Total (ms): Min: 6.9, Avg: 6.9, Max: 6.9, Diff: 0.0, Sum: 13.8]
      [GC Worker End (ms): Min: 6258402.6, Avg: 6258402.7, Max: 6258402.7, Diff: 0.0]
   [Code Root Fixup: 0.2 ms]
   [Code Root Migration: 0.1 ms]
   [Clear CT: 0.8 ms]
   [Other: 1.7 ms]
      [Choose CSet: 0.0 ms]
      [Ref Proc: 0.1 ms]
      [Ref Enq: 0.0 ms]
      [Free CSet: 1.5 ms]
   [Eden: 3376.0M(3376.0M)->0.0B(3376.0M) Survivors: 2048.0K->2048.0K Heap: 4806.8M(5632.0M)->1430.8M(5632.0M)]
 [Times: user=0.02 sys=0.01, real=0.01 secs] 
2014-06-25T01:55:15.956+0000: 6258.406: Total time for which application threads were stopped: 0.0102978 seconds
2014-06-25T01:55:18.407+0000: 6260.856: Total time for which application threads were stopped: 0.0003747 seconds
2014-06-25T01:55:22.598+0000: 6265.047: [GC pause (G1 Evacuation Pause) (young)
Desired survivor size 222298112 bytes, new threshold 15 (max 15)
- age   1:      17160 bytes,      17160 total
- age   2:      14440 bytes,      31600 total
- age   3:       7320 bytes,      38920 total
- age   4:        888 bytes,      39808 total
- age   5:      53368 bytes,      93176 total
- age   6:       2368 bytes,      95544 total
- age   7:       3392 bytes,      98936 total
- age   8:      71512 bytes,     170448 total
- age   9:     734792 bytes,     905240 total
- age  10:      93248 bytes,     998488 total
- age  12:       5104 bytes,    1003592 total
- age  13:      40400 bytes,    1043992 total
- age  14:       3584 bytes,    1047576 total
- age  15:      23936 bytes,    1071512 total
, 0.0096088 secs]
   [Parallel Time: 6.9 ms, GC Workers: 2]
      [GC Worker Start (ms): Min: 6265047.3, Avg: 6265047.3, Max: 6265047.3, Diff: 0.0]
      [Ext Root Scanning (ms): Min: 1.1, Avg: 1.3, Max: 1.4, Diff: 0.3, Sum: 2.5]
      [Update RS (ms): Min: 0.8, Avg: 0.8, Max: 0.8, Diff: 0.0, Sum: 1.7]
         [Processed Buffers: Min: 2, Avg: 14.0, Max: 26, Diff: 24, Sum: 28]
      [Scan RS (ms): Min: 2.1, Avg: 2.2, Max: 2.2, Diff: 0.0, Sum: 4.3]
      [Code Root Scanning (ms): Min: 0.8, Avg: 0.8, Max: 0.9, Diff: 0.1, Sum: 1.7]
      [Object Copy (ms): Min: 1.6, Avg: 1.7, Max: 1.8, Diff: 0.2, Sum: 3.4]
      [Termination (ms): Min: 0.0, Avg: 0.0, Max: 0.0, Diff: 0.0, Sum: 0.0]
      [GC Worker Other (ms): Min: 0.0, Avg: 0.0, Max: 0.1, Diff: 0.0, Sum: 0.1]
      [GC Worker Total (ms): Min: 6.8, Avg: 6.8, Max: 6.8, Diff: 0.0, Sum: 13.7]
      [GC Worker End (ms): Min: 6265054.2, Avg: 6265054.2, Max: 6265054.2, Diff: 0.0]
   [Code Root Fixup: 0.2 ms]
   [Code Root Migration: 0.1 ms]
   [Clear CT: 0.8 ms]
   [Other: 1.7 ms]
      [Choose CSet: 0.0 ms]
      [Ref Proc: 0.1 ms]
      [Ref Enq: 0.0 ms]
      [Free CSet: 1.4 ms]
   [Eden: 3376.0M(3376.0M)->0.0B(3376.0M) Survivors: 2048.0K->2048.0K Heap: 4806.8M(5632.0M)->1430.8M(5632.0M)]
 [Times: user=0.01 sys=0.00, real=0.01 secs] 
2014-06-25T01:55:22.608+0000: 6265.057: Total time for which application threads were stopped: 0.0101652 seconds
2014-06-25T01:55:29.152+0000: 6271.601: [GC pause (G1 Evacuation Pause) (young)
Desired survivor size 222298112 bytes, new threshold 15 (max 15)
- age   1:      34912 bytes,      34912 total
- age   2:        600 bytes,      35512 total
- age   3:       1264 bytes,      36776 total
- age   4:       7096 bytes,      43872 total
- age   5:        728 bytes,      44600 total
- age   6:      53296 bytes,      97896 total
- age   7:       2368 bytes,     100264 total
- age   8:       3392 bytes,     103656 total
- age   9:      71512 bytes,     175168 total
- age  10:     731704 bytes,     906872 total
- age  11:      93248 bytes,    1000120 total
- age  13:       5104 bytes,    1005224 total
- age  14:      40400 bytes,    1045624 total
- age  15:       3584 bytes,    1049208 total
, 0.0094840 secs]
   [Parallel Time: 6.8 ms, GC Workers: 2]
      [GC Worker Start (ms): Min: 6271601.5, Avg: 6271601.5, Max: 6271601.5, Diff: 0.0]
      [Ext Root Scanning (ms): Min: 1.1, Avg: 1.3, Max: 1.4, Diff: 0.3, Sum: 2.5]
      [Update RS (ms): Min: 0.8, Avg: 0.8, Max: 0.8, Diff: 0.0, Sum: 1.6]
         [Processed Buffers: Min: 2, Avg: 13.0, Max: 24, Diff: 22, Sum: 26]
      [Scan RS (ms): Min: 2.1, Avg: 2.1, Max: 2.2, Diff: 0.1, Sum: 4.3]
      [Code Root Scanning (ms): Min: 0.8, Avg: 0.8, Max: 0.8, Diff: 0.0, Sum: 1.6]
      [Object Copy (ms): Min: 1.5, Avg: 1.6, Max: 1.7, Diff: 0.2, Sum: 3.3]
      [Termination (ms): Min: 0.0, Avg: 0.0, Max: 0.0, Diff: 0.0, Sum: 0.0]
      [GC Worker Other (ms): Min: 0.0, Avg: 0.1, Max: 0.1, Diff: 0.0, Sum: 0.1]
      [GC Worker Total (ms): Min: 6.7, Avg: 6.7, Max: 6.7, Diff: 0.0, Sum: 13.4]
      [GC Worker End (ms): Min: 6271608.1, Avg: 6271608.1, Max: 6271608.2, Diff: 0.0]
   [Code Root Fixup: 0.2 ms]
   [Code Root Migration: 0.1 ms]
   [Clear CT: 0.8 ms]
   [Other: 1.7 ms]
      [Choose CSet: 0.0 ms]
      [Ref Proc: 0.1 ms]
      [Ref Enq: 0.0 ms]
      [Free CSet: 1.4 ms]
   [Eden: 3376.0M(3376.0M)->0.0B(3376.0M) Survivors: 2048.0K->2048.0K Heap: 4806.8M(5632.0M)->1430.3M(5632.0M)]
 [Times: user=0.02 sys=0.00, real=0.01 secs] 
2014-06-25T01:55:29.162+0000: 6271.611: Total time for which application threads were stopped: 0.0100342 seconds
2014-06-25T01:55:35.684+0000: 6278.133: [GC pause (G1 Evacuation Pause) (young)
Desired survivor size 222298112 bytes, new threshold 15 (max 15)
- age   1:      12408 bytes,      12408 total
- age   2:      19952 bytes,      32360 total
- age   3:        504 bytes,      32864 total
- age   4:       1240 bytes,      34104 total
- age   5:       6976 bytes,      41080 total
- age   6:        728 bytes,      41808 total
- age   7:      53272 bytes,      95080 total
- age   8:       2368 bytes,      97448 total
- age   9:       3392 bytes,     100840 total
- age  10:      71480 bytes,     172320 total
- age  11:     731704 bytes,     904024 total
- age  12:      93248 bytes,     997272 total
- age  14:       5104 bytes,    1002376 total
- age  15:      40400 bytes,    1042776 total
, 0.0098572 secs]
   [Parallel Time: 6.8 ms, GC Workers: 2]
      [GC Worker Start (ms): Min: 6278132.9, Avg: 6278132.9, Max: 6278132.9, Diff: 0.0]
      [Ext Root Scanning (ms): Min: 1.1, Avg: 1.3, Max: 1.4, Diff: 0.3, Sum: 2.5]
      [Update RS (ms): Min: 0.7, Avg: 0.7, Max: 0.8, Diff: 0.1, Sum: 1.5]
         [Processed Buffers: Min: 9, Avg: 13.5, Max: 18, Diff: 9, Sum: 27]
      [Scan RS (ms): Min: 2.1, Avg: 2.2, Max: 2.2, Diff: 0.0, Sum: 4.3]
      [Code Root Scanning (ms): Min: 0.8, Avg: 0.8, Max: 0.8, Diff: 0.0, Sum: 1.7]
      [Object Copy (ms): Min: 1.6, Avg: 1.7, Max: 1.8, Diff: 0.2, Sum: 3.3]
      [Termination (ms): Min: 0.0, Avg: 0.0, Max: 0.0, Diff: 0.0, Sum: 0.0]
      [GC Worker Other (ms): Min: 0.1, Avg: 0.1, Max: 0.1, Diff: 0.0, Sum: 0.1]
      [GC Worker Total (ms): Min: 6.7, Avg: 6.7, Max: 6.7, Diff: 0.0, Sum: 13.4]
      [GC Worker End (ms): Min: 6278139.6, Avg: 6278139.7, Max: 6278139.7, Diff: 0.0]
   [Code Root Fixup: 0.2 ms]
   [Code Root Migration: 0.1 ms]
   [Clear CT: 0.8 ms]
   [Other: 1.9 ms]
      [Choose CSet: 0.0 ms]
      [Ref Proc: 0.1 ms]
      [Ref Enq: 0.0 ms]
      [Free CSet: 1.7 ms]
   [Eden: 3376.0M(3376.0M)->0.0B(3376.0M) Survivors: 2048.0K->2048.0K Heap: 4806.3M(5632.0M)->1430.8M(5632.0M)]
 [Times: user=0.02 sys=0.00, real=0.01 secs] 
2014-06-25T01:55:35.694+0000: 6278.143: Total time for which application threads were stopped: 0.0105035 seconds
2014-06-25T01:55:42.215+0000: 6284.664: [GC pause (G1 Evacuation Pause) (young)
Desired survivor size 222298112 bytes, new threshold 15 (max 15)
- age   1:      14808 bytes,      14808 total
- age   2:        480 bytes,      15288 total
- age   3:      19672 bytes,      34960 total
- age   4:        456 bytes,      35416 total
- age   5:       1240 bytes,      36656 total
- age   6:       6976 bytes,      43632 total
- age   7:        704 bytes,      44336 total
- age   8:      53272 bytes,      97608 total
- age   9:       2368 bytes,      99976 total
- age  10:       3392 bytes,     103368 total
- age  11:      71480 bytes,     174848 total
- age  12:     731704 bytes,     906552 total
- age  13:      93248 bytes,     999800 total
- age  15:       5104 bytes,    1004904 total
, 0.0096456 secs]
   [Parallel Time: 7.0 ms, GC Workers: 2]
      [GC Worker Start (ms): Min: 6284664.3, Avg: 6284664.3, Max: 6284664.3, Diff: 0.0]
      [Ext Root Scanning (ms): Min: 1.1, Avg: 1.3, Max: 1.4, Diff: 0.3, Sum: 2.5]
      [Update RS (ms): Min: 0.9, Avg: 1.0, Max: 1.0, Diff: 0.1, Sum: 1.9]
         [Processed Buffers: Min: 7, Avg: 12.5, Max: 18, Diff: 11, Sum: 25]
      [Scan RS (ms): Min: 2.1, Avg: 2.2, Max: 2.2, Diff: 0.0, Sum: 4.3]
      [Code Root Scanning (ms): Min: 0.8, Avg: 0.8, Max: 0.8, Diff: 0.0, Sum: 1.6]
      [Object Copy (ms): Min: 1.5, Avg: 1.6, Max: 1.7, Diff: 0.1, Sum: 3.2]
      [Termination (ms): Min: 0.0, Avg: 0.0, Max: 0.0, Diff: 0.0, Sum: 0.0]
      [GC Worker Other (ms): Min: 0.0, Avg: 0.1, Max: 0.1, Diff: 0.0, Sum: 0.1]
      [GC Worker Total (ms): Min: 6.9, Avg: 6.9, Max: 6.9, Diff: 0.0, Sum: 13.8]
      [GC Worker End (ms): Min: 6284671.2, Avg: 6284671.2, Max: 6284671.2, Diff: 0.0]
   [Code Root Fixup: 0.2 ms]
   [Code Root Migration: 0.1 ms]
   [Clear CT: 0.8 ms]
   [Other: 1.6 ms]
      [Choose CSet: 0.0 ms]
      [Ref Proc: 0.1 ms]
      [Ref Enq: 0.0 ms]
      [Free CSet: 1.4 ms]
   [Eden: 3376.0M(3376.0M)->0.0B(3376.0M) Survivors: 2048.0K->2048.0K Heap: 4806.8M(5632.0M)->1430.8M(5632.0M)]
 [Times: user=0.02 sys=0.00, real=0.01 secs] 
2014-06-25T01:55:42.225+0000: 6284.674: Total time for which application threads were stopped: 0.0101882 seconds
2014-06-25T01:55:44.347+0000: 6286.796: Total time for which application threads were stopped: 0.0002762 seconds
2014-06-25T01:55:45.347+0000: 6287.797: Total time for which application threads were stopped: 0.0002758 seconds
2014-06-25T01:55:58.349+0000: 6300.798: Total time for which application threads were stopped: 0.0002739 seconds
2014-06-25T01:55:58.481+0000: 6300.930: Total time for which application threads were stopped: 0.0001565 seconds
2014-06-25T01:55:58.481+0000: 6300.930: Total time for which application threads were stopped: 0.0001410 seconds
2014-06-25T01:55:58.895+0000: 6301.344: Total time for which application threads were stopped: 0.0002621 seconds
2014-06-25T01:55:58.895+0000: 6301.344: Total time for which application threads were stopped: 0.0001911 seconds
2014-06-25T01:55:58.896+0000: 6301.345: Total time for which application threads were stopped: 0.0006119 seconds
2014-06-25T01:55:58.896+0000: 6301.346: Total time for which application threads were stopped: 0.0004560 seconds
2014-06-25T01:56:00.701+0000: 6303.150: Total time for which application threads were stopped: 0.0002687 seconds
2014-06-25T01:56:00.701+0000: 6303.151: Total time for which application threads were stopped: 0.0001443 seconds
2014-06-25T01:56:00.703+0000: 6303.152: Total time for which application threads were stopped: 0.0006979 seconds
2014-06-25T01:56:01.291+0000: 6303.740: Total time for which application threads were stopped: 0.0003820 seconds
2014-06-25T01:56:03.291+0000: 6305.740: Total time for which application threads were stopped: 0.0002958 seconds
2014-06-25T01:56:03.338+0000: 6305.787: Total time for which application threads were stopped: 0.0008707 seconds
2014-06-25T01:56:04.338+0000: 6306.788: Total time for which application threads were stopped: 0.0003027 seconds
2014-06-25T01:56:16.292+0000: 6318.741: Total time for which application threads were stopped: 0.0002912 seconds
2014-06-25T01:57:00.226+0000: 6362.675: Total time for which application threads were stopped: 0.0002796 seconds
2014-06-25T01:57:00.226+0000: 6362.675: Total time for which application threads were stopped: 0.0001431 seconds
2014-06-25T01:57:45.232+0000: 6407.681: Total time for which application threads were stopped: 0.0002598 seconds
2014-06-25T01:57:49.263+0000: 6411.712: Total time for which application threads were stopped: 0.0002845 seconds
2014-06-25T01:57:49.266+0000: 6411.716: Total time for which application threads were stopped: 0.0002657 seconds
2014-06-25T01:57:49.278+0000: 6411.727: Total time for which application threads were stopped: 0.0028840 seconds
2014-06-25T01:57:50.279+0000: 6412.728: Total time for which application threads were stopped: 0.0002230 seconds
2014-06-25T01:58:00.431+0000: 6422.880: Total time for which application threads were stopped: 0.0004409 seconds
2014-06-25T01:58:00.456+0000: 6422.906: Total time for which application threads were stopped: 0.0002851 seconds
2014-06-25T01:58:00.739+0000: 6423.188: Total time for which application threads were stopped: 0.0002846 seconds
2014-06-25T01:58:01.227+0000: 6423.676: Total time for which application threads were stopped: 0.0002784 seconds
2014-06-25T01:58:01.227+0000: 6423.676: Total time for which application threads were stopped: 0.0001416 seconds
2014-06-25T01:58:23.230+0000: 6445.679: Total time for which application threads were stopped: 0.0002686 seconds
2014-06-25T01:58:34.232+0000: 6456.681: Total time for which application threads were stopped: 0.0002965 seconds
2014-06-25T01:59:00.747+0000: 6483.196: Total time for which application threads were stopped: 0.0003022 seconds
2014-06-25T01:59:02.235+0000: 6484.684: Total time for which application threads were stopped: 0.0002626 seconds
2014-06-25T01:59:02.235+0000: 6484.684: Total time for which application threads were stopped: 0.0001349 seconds
2014-06-25T02:00:03.037+0000: 6545.486: Total time for which application threads were stopped: 0.0002580 seconds
2014-06-25T02:00:03.037+0000: 6545.487: Total time for which application threads were stopped: 0.0001818 seconds
2014-06-25T02:00:03.038+0000: 6545.487: Total time for which application threads were stopped: 0.0001377 seconds
2014-06-25T02:00:03.038+0000: 6545.487: Total time for which application threads were stopped: 0.0001367 seconds
2014-06-25T02:00:03.038+0000: 6545.487: Total time for which application threads were stopped: 0.0001377 seconds
2014-06-25T02:00:03.229+0000: 6545.678: Total time for which application threads were stopped: 0.0002600 seconds
2014-06-25T02:00:03.229+0000: 6545.678: Total time for which application threads were stopped: 0.0001338 seconds
2014-06-25T02:00:03.230+0000: 6545.679: Total time for which application threads were stopped: 0.0001419 seconds
2014-06-25T02:00:27.558+0000: 6570.008: Total time for which application threads were stopped: 0.0003321 seconds
2014-06-25T02:00:27.567+0000: 6570.016: Total time for which application threads were stopped: 0.0003046 seconds
2014-06-25T02:00:27.580+0000: 6570.029: Total time for which application threads were stopped: 0.0002432 seconds
2014-06-25T02:00:28.580+0000: 6571.030: Total time for which application threads were stopped: 0.0002689 seconds
2014-06-25T02:00:30.608+0000: 6573.057: Total time for which application threads were stopped: 0.0004139 seconds
2014-06-25T02:00:30.627+0000: 6573.076: Total time for which application threads were stopped: 0.0004876 seconds
2014-06-25T02:00:30.657+0000: 6573.106: Total time for which application threads were stopped: 0.0003796 seconds
2014-06-25T02:00:30.679+0000: 6573.128: Total time for which application threads were stopped: 0.0003100 seconds
2014-06-25T02:00:30.680+0000: 6573.129: Total time for which application threads were stopped: 0.0001638 seconds
2014-06-25T02:00:30.680+0000: 6573.129: Total time for which application threads were stopped: 0.0001557 seconds
2014-06-25T02:00:30.680+0000: 6573.129: Total time for which application threads were stopped: 0.0001573 seconds
2014-06-25T02:00:30.681+0000: 6573.130: Total time for which application threads were stopped: 0.0001935 seconds
2014-06-25T02:00:30.681+0000: 6573.130: Total time for which application threads were stopped: 0.0001905 seconds
2014-06-25T02:00:30.681+0000: 6573.130: Total time for which application threads were stopped: 0.0001907 seconds
2014-06-25T02:00:30.696+0000: 6573.145: Total time for which application threads were stopped: 0.0002472 seconds
2014-06-25T02:00:31.125+0000: 6573.574: Total time for which application threads were stopped: 0.0005604 seconds
2014-06-25T02:00:31.139+0000: 6573.588: Total time for which application threads were stopped: 0.0005208 seconds
2014-06-25T02:00:31.144+0000: 6573.593: Total time for which application threads were stopped: 0.0003118 seconds
2014-06-25T02:00:31.151+0000: 6573.600: Total time for which application threads were stopped: 0.0003090 seconds
2014-06-25T02:00:31.167+0000: 6573.616: Total time for which application threads were stopped: 0.0031736 seconds
2014-06-25T02:00:31.184+0000: 6573.633: Total time for which application threads were stopped: 0.0043487 seconds
2014-06-25T02:00:31.215+0000: 6573.664: Total time for which application threads were stopped: 0.0004409 seconds
2014-06-25T02:00:31.608+0000: 6574.057: Total time for which application threads were stopped: 0.0003503 seconds
2014-06-25T02:00:31.626+0000: 6574.075: Total time for which application threads were stopped: 0.0009150 seconds
2014-06-25T02:00:31.723+0000: 6574.172: Total time for which application threads were stopped: 0.0003913 seconds
2014-06-25T02:00:31.732+0000: 6574.181: Total time for which application threads were stopped: 0.0017321 seconds
2014-06-25T02:00:32.103+0000: 6574.552: Total time for which application threads were stopped: 0.0003981 seconds
2014-06-25T02:00:32.118+0000: 6574.567: Total time for which application threads were stopped: 0.0003074 seconds
2014-06-25T02:00:32.118+0000: 6574.567: Total time for which application threads were stopped: 0.0002666 seconds
2014-06-25T02:00:32.130+0000: 6574.579: Total time for which application threads were stopped: 0.0002632 seconds
2014-06-25T02:00:32.176+0000: 6574.625: Total time for which application threads were stopped: 0.0002839 seconds
2014-06-25T02:00:32.579+0000: 6575.028: Total time for which application threads were stopped: 0.0043071 seconds
2014-06-25T02:00:32.587+0000: 6575.036: Total time for which application threads were stopped: 0.0034801 seconds
2014-06-25T02:00:42.590+0000: 6585.039: Total time for which application threads were stopped: 0.0012857 seconds
2014-06-25T02:00:43.590+0000: 6586.039: Total time for which application threads were stopped: 0.0002624 seconds
2014-06-25T02:01:01.291+0000: 6603.740: Total time for which application threads were stopped: 0.0002650 seconds
2014-06-25T02:01:04.247+0000: 6606.696: Total time for which application threads were stopped: 0.0002750 seconds
2014-06-25T02:01:04.247+0000: 6606.696: Total time for which application threads were stopped: 0.0001395 seconds
2014-06-25T02:01:05.248+0000: 6607.697: Total time for which application threads were stopped: 0.0002725 seconds
2014-06-25T02:01:16.292+0000: 6618.741: Total time for which application threads were stopped: 0.0002795 seconds
2014-06-25T02:01:21.279+0000: 6623.728: Total time for which application threads were stopped: 0.0004314 seconds
2014-06-25T02:01:21.290+0000: 6623.739: Total time for which application threads were stopped: 0.0002294 seconds
2014-06-25T02:01:21.290+0000: 6623.739: Total time for which application threads were stopped: 0.0002326 seconds
2014-06-25T02:01:21.291+0000: 6623.740: Total time for which application threads were stopped: 0.0002548 seconds
2014-06-25T02:01:21.291+0000: 6623.740: Total time for which application threads were stopped: 0.0002625 seconds
2014-06-25T02:01:29.292+0000: 6631.741: Total time for which application threads were stopped: 0.0002651 seconds
2014-06-25T02:01:32.409+0000: 6634.858: Total time for which application threads were stopped: 0.0003372 seconds
2014-06-25T02:01:32.412+0000: 6634.861: Total time for which application threads were stopped: 0.0007878 seconds
2014-06-25T02:01:33.412+0000: 6635.861: Total time for which application threads were stopped: 0.0002738 seconds
2014-06-25T02:01:35.413+0000: 6637.862: Total time for which application threads were stopped: 0.0002706 seconds
2014-06-25T02:01:45.414+0000: 6647.863: Total time for which application threads were stopped: 0.0002751 seconds
2014-06-25T02:02:02.417+0000: 6664.866: Total time for which application threads were stopped: 0.0002550 seconds
2014-06-25T02:02:05.232+0000: 6667.681: Total time for which application threads were stopped: 0.0002716 seconds
2014-06-25T02:02:05.232+0000: 6667.682: Total time for which application threads were stopped: 0.0001391 seconds
2014-06-25T02:02:36.236+0000: 6698.685: Total time for which application threads were stopped: 0.0002763 seconds
2014-06-25T02:02:37.237+0000: 6699.686: Total time for which application threads were stopped: 0.0003562 seconds
2014-06-25T02:03:05.243+0000: 6727.692: Total time for which application threads were stopped: 0.0029392 seconds
2014-06-25T02:03:05.420+0000: 6727.869: [GC pause (G1 Evacuation Pause) (young)
Desired survivor size 222298112 bytes, new threshold 15 (max 15)
- age   1:      18032 bytes,      18032 total
- age   2:        416 bytes,      18448 total
- age   3:        416 bytes,      18864 total
- age   4:      19616 bytes,      38480 total
- age   5:        456 bytes,      38936 total
- age   6:       1240 bytes,      40176 total
- age   7:       6976 bytes,      47152 total
- age   8:        704 bytes,      47856 total
- age   9:      53272 bytes,     101128 total
- age  10:       2368 bytes,     103496 total
- age  11:       3392 bytes,     106888 total
- age  12:      71480 bytes,     178368 total
- age  13:     731568 bytes,     909936 total
- age  14:      93248 bytes,    1003184 total
, 0.0176025 secs]
   [Parallel Time: 13.9 ms, GC Workers: 2]
      [GC Worker Start (ms): Min: 6727868.9, Avg: 6727868.9, Max: 6727869.0, Diff: 0.0]
      [Ext Root Scanning (ms): Min: 1.1, Avg: 1.3, Max: 1.4, Diff: 0.3, Sum: 2.6]
      [Update RS (ms): Min: 1.9, Avg: 2.1, Max: 2.2, Diff: 0.3, Sum: 4.1]
         [Processed Buffers: Min: 8, Avg: 26.0, Max: 44, Diff: 36, Sum: 52]
      [Scan RS (ms): Min: 2.1, Avg: 2.1, Max: 2.2, Diff: 0.1, Sum: 4.2]
      [Code Root Scanning (ms): Min: 0.8, Avg: 0.8, Max: 0.9, Diff: 0.0, Sum: 1.7]
      [Object Copy (ms): Min: 7.4, Avg: 7.4, Max: 7.5, Diff: 0.2, Sum: 14.9]
      [Termination (ms): Min: 0.0, Avg: 0.0, Max: 0.0, Diff: 0.0, Sum: 0.0]
      [GC Worker Other (ms): Min: 0.0, Avg: 0.1, Max: 0.1, Diff: 0.0, Sum: 0.1]
      [GC Worker Total (ms): Min: 13.8, Avg: 13.8, Max: 13.8, Diff: 0.0, Sum: 27.6]
      [GC Worker End (ms): Min: 6727882.7, Avg: 6727882.7, Max: 6727882.8, Diff: 0.0]
   [Code Root Fixup: 0.2 ms]
   [Code Root Migration: 0.1 ms]
   [Clear CT: 0.8 ms]
   [Other: 2.6 ms]
      [Choose CSet: 0.0 ms]
      [Ref Proc: 0.8 ms]
      [Ref Enq: 0.0 ms]
      [Free CSet: 1.6 ms]
   [Eden: 3376.0M(3376.0M)->0.0B(3372.0M) Survivors: 2048.0K->6144.0K Heap: 4806.8M(5632.0M)->1434.3M(5632.0M)]
 [Times: user=0.03 sys=0.00, real=0.01 secs] 
2014-06-25T02:03:05.438+0000: 6727.887: Total time for which application threads were stopped: 0.0203930 seconds
2014-06-25T02:03:05.496+0000: 6727.945: Total time for which application threads were stopped: 0.0043568 seconds
2014-06-25T02:03:06.136+0000: 6728.585: Total time for which application threads were stopped: 0.0003867 seconds
2014-06-25T02:03:06.232+0000: 6728.681: Total time for which application threads were stopped: 0.0040318 seconds
2014-06-25T02:03:06.232+0000: 6728.681: Total time for which application threads were stopped: 0.0002513 seconds
2014-06-25T02:03:17.234+0000: 6739.683: Total time for which application threads were stopped: 0.0002601 seconds
2014-06-25T02:03:35.947+0000: 6758.397: Total time for which application threads were stopped: 0.0003259 seconds
2014-06-25T02:03:40.948+0000: 6763.397: Total time for which application threads were stopped: 0.0002954 seconds
2014-06-25T02:04:07.228+0000: 6789.677: Total time for which application threads were stopped: 0.0002921 seconds
2014-06-25T02:04:07.228+0000: 6789.677: Total time for which application threads were stopped: 0.0001367 seconds
2014-06-25T02:05:08.237+0000: 6850.686: Total time for which application threads were stopped: 0.0003018 seconds
2014-06-25T02:05:08.237+0000: 6850.686: Total time for which application threads were stopped: 0.0001412 seconds
2014-06-25T02:06:01.292+0000: 6903.741: Total time for which application threads were stopped: 0.0002453 seconds
2014-06-25T02:06:02.292+0000: 6904.741: Total time for which application threads were stopped: 0.0002517 seconds
2014-06-25T02:06:09.232+0000: 6911.681: Total time for which application threads were stopped: 0.0002427 seconds
2014-06-25T02:06:09.232+0000: 6911.681: Total time for which application threads were stopped: 0.0001371 seconds
2014-06-25T02:06:10.233+0000: 6912.682: Total time for which application threads were stopped: 0.0002420 seconds
2014-06-25T02:06:16.294+0000: 6918.743: Total time for which application threads were stopped: 0.0002572 seconds
2014-06-25T02:06:48.150+0000: 6950.600: Total time for which application threads were stopped: 0.0002818 seconds
2014-06-25T02:06:48.153+0000: 6950.602: Total time for which application threads were stopped: 0.0001527 seconds
2014-06-25T02:06:48.153+0000: 6950.602: Total time for which application threads were stopped: 0.0001439 seconds
2014-06-25T02:06:48.157+0000: 6950.606: Total time for which application threads were stopped: 0.0001644 seconds
2014-06-25T02:06:48.157+0000: 6950.606: Total time for which application threads were stopped: 0.0001445 seconds
2014-06-25T02:06:58.542+0000: 6960.991: Total time for which application threads were stopped: 0.0003464 seconds
2014-06-25T02:07:10.235+0000: 6972.684: Total time for which application threads were stopped: 0.0004173 seconds
2014-06-25T02:07:10.235+0000: 6972.684: Total time for which application threads were stopped: 0.0001830 seconds
2014-06-25T02:07:16.107+0000: 6978.556: Total time for which application threads were stopped: 0.0008349 seconds
2014-06-25T02:07:19.107+0000: 6981.556: Total time for which application threads were stopped: 0.0002318 seconds
2014-06-25T02:07:32.788+0000: 6995.237: Total time for which application threads were stopped: 0.0002911 seconds
2014-06-25T02:07:32.788+0000: 6995.237: Total time for which application threads were stopped: 0.0002030 seconds
2014-06-25T02:07:32.789+0000: 6995.238: Total time for which application threads were stopped: 0.0001582 seconds
2014-06-25T02:07:32.789+0000: 6995.238: Total time for which application threads were stopped: 0.0001519 seconds
2014-06-25T02:07:32.790+0000: 6995.239: Total time for which application threads were stopped: 0.0001719 seconds
2014-06-25T02:07:32.800+0000: 6995.249: Total time for which application threads were stopped: 0.0001725 seconds
2014-06-25T02:07:33.800+0000: 6996.249: Total time for which application threads were stopped: 0.0002667 seconds
2014-06-25T02:07:55.857+0000: 7018.306: Total time for which application threads were stopped: 0.0003148 seconds
2014-06-25T02:08:11.236+0000: 7033.685: Total time for which application threads were stopped: 0.0003158 seconds
2014-06-25T02:08:11.236+0000: 7033.685: Total time for which application threads were stopped: 0.0001378 seconds
2014-06-25T02:08:42.050+0000: 7064.499: Total time for which application threads were stopped: 0.0002935 seconds
2014-06-25T02:08:45.051+0000: 7067.500: Total time for which application threads were stopped: 0.0002716 seconds
2014-06-25T02:09:12.235+0000: 7094.684: Total time for which application threads were stopped: 0.0002593 seconds
2014-06-25T02:09:12.235+0000: 7094.684: Total time for which application threads were stopped: 0.0001367 seconds
2014-06-25T02:09:13.235+0000: 7095.685: Total time for which application threads were stopped: 0.0003462 seconds
2014-06-25T02:09:30.532+0000: 7112.982: Total time for which application threads were stopped: 0.0003213 seconds
2014-06-25T02:10:13.246+0000: 7155.695: Total time for which application threads were stopped: 0.0002457 seconds
2014-06-25T02:10:13.246+0000: 7155.695: Total time for which application threads were stopped: 0.0001352 seconds
2014-06-25T02:10:20.478+0000: 7162.927: Total time for which application threads were stopped: 0.0002920 seconds
2014-06-25T02:10:31.480+0000: 7173.929: Total time for which application threads were stopped: 0.0002595 seconds
2014-06-25T02:10:32.652+0000: 7175.101: Total time for which application threads were stopped: 0.0028213 seconds
2014-06-25T02:10:33.948+0000: 7176.398: [GC pause (G1 Evacuation Pause) (young)
Desired survivor size 222298112 bytes, new threshold 15 (max 15)
- age   1:    3700168 bytes,    3700168 total
- age   2:       5072 bytes,    3705240 total
- age   3:        216 bytes,    3705456 total
- age   4:        216 bytes,    3705672 total
- age   5:       1296 bytes,    3706968 total
- age   6:        432 bytes,    3707400 total
- age   7:        216 bytes,    3707616 total
- age   8:       3488 bytes,    3711104 total
- age   9:        432 bytes,    3711536 total
- age  10:       3760 bytes,    3715296 total
- age  11:       2272 bytes,    3717568 total
- age  12:       3120 bytes,    3720688 total
- age  13:      10736 bytes,    3731424 total
- age  14:     147080 bytes,    3878504 total
- age  15:      50200 bytes,    3928704 total
, 0.0306777 secs]
   [Parallel Time: 26.8 ms, GC Workers: 2]
      [GC Worker Start (ms): Min: 7176397.7, Avg: 7176397.7, Max: 7176397.7, Diff: 0.0]
      [Ext Root Scanning (ms): Min: 1.1, Avg: 1.3, Max: 1.4, Diff: 0.3, Sum: 2.5]
      [Update RS (ms): Min: 2.5, Avg: 2.5, Max: 2.6, Diff: 0.0, Sum: 5.1]
         [Processed Buffers: Min: 6, Avg: 25.5, Max: 45, Diff: 39, Sum: 51]
      [Scan RS (ms): Min: 2.1, Avg: 2.1, Max: 2.2, Diff: 0.1, Sum: 4.3]
      [Code Root Scanning (ms): Min: 0.8, Avg: 0.8, Max: 0.8, Diff: 0.0, Sum: 1.6]
      [Object Copy (ms): Min: 19.9, Avg: 20.0, Max: 20.1, Diff: 0.2, Sum: 39.9]
      [Termination (ms): Min: 0.0, Avg: 0.0, Max: 0.0, Diff: 0.0, Sum: 0.0]
      [GC Worker Other (ms): Min: 0.0, Avg: 0.0, Max: 0.1, Diff: 0.0, Sum: 0.1]
      [GC Worker Total (ms): Min: 26.8, Avg: 26.8, Max: 26.8, Diff: 0.0, Sum: 53.5]
      [GC Worker End (ms): Min: 7176424.4, Avg: 7176424.4, Max: 7176424.4, Diff: 0.0]
   [Code Root Fixup: 0.2 ms]
   [Code Root Migration: 0.2 ms]
   [Clear CT: 0.8 ms]
   [Other: 2.7 ms]
      [Choose CSet: 0.0 ms]
      [Ref Proc: 0.8 ms]
      [Ref Enq: 0.1 ms]
      [Free CSet: 1.6 ms]
   [Eden: 3372.0M(3372.0M)->0.0B(3368.0M) Survivors: 6144.0K->10.0M Heap: 4806.3M(5632.0M)->1439.3M(5632.0M)]
 [Times: user=0.04 sys=0.01, real=0.03 secs] 
2014-06-25T02:10:33.979+0000: 7176.428: Total time for which application threads were stopped: 0.0312696 seconds
2014-06-25T02:10:36.116+0000: 7178.565: Total time for which application threads were stopped: 0.0002857 seconds
2014-06-25T02:10:36.116+0000: 7178.565: Total time for which application threads were stopped: 0.0001567 seconds
2014-06-25T02:10:40.956+0000: 7183.405: Total time for which application threads were stopped: 0.0002942 seconds
2014-06-25T02:10:40.956+0000: 7183.405: Total time for which application threads were stopped: 0.0001487 seconds
2014-06-25T02:10:40.956+0000: 7183.406: Total time for which application threads were stopped: 0.0001478 seconds
2014-06-25T02:10:40.957+0000: 7183.406: Total time for which application threads were stopped: 0.0001473 seconds
2014-06-25T02:10:40.957+0000: 7183.406: Total time for which application threads were stopped: 0.0001464 seconds
2014-06-25T02:10:40.961+0000: 7183.410: Total time for which application threads were stopped: 0.0001766 seconds
2014-06-25T02:10:41.260+0000: 7183.709: Total time for which application threads were stopped: 0.0002888 seconds
2014-06-25T02:10:41.264+0000: 7183.713: Total time for which application threads were stopped: 0.0002488 seconds
2014-06-25T02:10:41.265+0000: 7183.714: Total time for which application threads were stopped: 0.0007227 seconds
2014-06-25T02:11:01.292+0000: 7203.742: Total time for which application threads were stopped: 0.0002555 seconds
2014-06-25T02:11:14.242+0000: 7216.691: Total time for which application threads were stopped: 0.0002948 seconds
2014-06-25T02:11:14.242+0000: 7216.691: Total time for which application threads were stopped: 0.0001419 seconds
2014-06-25T02:11:16.294+0000: 7218.743: Total time for which application threads were stopped: 0.0002918 seconds
2014-06-25T02:11:54.850+0000: 7257.299: Total time for which application threads were stopped: 0.0003183 seconds
2014-06-25T02:12:15.275+0000: 7277.724: Total time for which application threads were stopped: 0.0002688 seconds
2014-06-25T02:12:15.275+0000: 7277.724: Total time for which application threads were stopped: 0.0001417 seconds
2014-06-25T02:12:20.276+0000: 7282.725: Total time for which application threads were stopped: 0.0002556 seconds
2014-06-25T02:12:21.276+0000: 7283.725: Total time for which application threads were stopped: 0.0002621 seconds
2014-06-25T02:12:32.251+0000: 7294.700: Total time for which application threads were stopped: 0.0002836 seconds
2014-06-25T02:12:32.269+0000: 7294.719: Total time for which application threads were stopped: 0.0001962 seconds
2014-06-25T02:12:32.270+0000: 7294.719: Total time for which application threads were stopped: 0.0001455 seconds
2014-06-25T02:12:32.270+0000: 7294.719: Total time for which application threads were stopped: 0.0001430 seconds
2014-06-25T02:12:32.270+0000: 7294.719: Total time for which application threads were stopped: 0.0001448 seconds
2014-06-25T02:12:43.421+0000: 7305.870: Total time for which application threads were stopped: 0.0003013 seconds
2014-06-25T02:12:43.735+0000: 7306.184: Total time for which application threads were stopped: 0.0007129 seconds
2014-06-25T02:13:16.239+0000: 7338.688: Total time for which application threads were stopped: 0.0003020 seconds
2014-06-25T02:13:16.239+0000: 7338.688: Total time for which application threads were stopped: 0.0001359 seconds
2014-06-25T02:13:43.742+0000: 7366.191: Total time for which application threads were stopped: 0.0002878 seconds
2014-06-25T02:14:14.746+0000: 7397.195: Total time for which application threads were stopped: 0.0002977 seconds
2014-06-25T02:14:15.746+0000: 7398.195: Total time for which application threads were stopped: 0.0002726 seconds
2014-06-25T02:14:17.254+0000: 7399.704: Total time for which application threads were stopped: 0.0003838 seconds
2014-06-25T02:14:17.255+0000: 7399.704: Total time for which application threads were stopped: 0.0001792 seconds
2014-06-25T02:14:18.255+0000: 7400.704: Total time for which application threads were stopped: 0.0002576 seconds
2014-06-25T02:14:34.667+0000: 7417.116: Total time for which application threads were stopped: 0.0003363 seconds
2014-06-25T02:14:47.669+0000: 7430.118: Total time for which application threads were stopped: 0.0002729 seconds
2014-06-25T02:15:07.672+0000: 7450.121: Total time for which application threads were stopped: 0.0003066 seconds
2014-06-25T02:15:18.047+0000: 7460.496: Total time for which application threads were stopped: 0.0002689 seconds
2014-06-25T02:15:18.237+0000: 7460.686: Total time for which application threads were stopped: 0.0001685 seconds
2014-06-25T02:15:18.237+0000: 7460.687: Total time for which application threads were stopped: 0.0001372 seconds
2014-06-25T02:15:21.238+0000: 7463.687: Total time for which application threads were stopped: 0.0002633 seconds
2014-06-25T02:15:22.132+0000: 7464.581: Total time for which application threads were stopped: 0.0002965 seconds
2014-06-25T02:15:23.132+0000: 7465.582: Total time for which application threads were stopped: 0.0002631 seconds
2014-06-25T02:15:45.517+0000: 7487.966: Total time for which application threads were stopped: 0.0002652 seconds
2014-06-25T02:15:45.520+0000: 7487.969: Total time for which application threads were stopped: 0.0002895 seconds
2014-06-25T02:15:46.520+0000: 7488.969: Total time for which application threads were stopped: 0.0002393 seconds
2014-06-25T02:15:51.521+0000: 7493.970: Total time for which application threads were stopped: 0.0002737 seconds
2014-06-25T02:15:56.522+0000: 7498.971: Total time for which application threads were stopped: 0.0003343 seconds
2014-06-25T02:15:57.224+0000: 7499.673: [GC pause (G1 Evacuation Pause) (young)
Desired survivor size 222298112 bytes, new threshold 15 (max 15)
- age   1:    6937200 bytes,    6937200 total
- age   2:    1658480 bytes,    8595680 total
- age   3:       5072 bytes,    8600752 total
- age   4:        216 bytes,    8600968 total
- age   5:        216 bytes,    8601184 total
- age   6:       1296 bytes,    8602480 total
- age   7:        432 bytes,    8602912 total
- age   8:        216 bytes,    8603128 total
- age   9:       3232 bytes,    8606360 total
- age  10:        432 bytes,    8606792 total
- age  11:       2064 bytes,    8608856 total
- age  12:       2208 bytes,    8611064 total
- age  13:       3120 bytes,    8614184 total
- age  14:       9008 bytes,    8623192 total
- age  15:     109088 bytes,    8732280 total
, 0.0194591 secs]
   [Parallel Time: 16.0 ms, GC Workers: 2]
      [GC Worker Start (ms): Min: 7499672.9, Avg: 7499672.9, Max: 7499672.9, Diff: 0.0]
      [Ext Root Scanning (ms): Min: 1.1, Avg: 1.2, Max: 1.4, Diff: 0.3, Sum: 2.5]
      [Update RS (ms): Min: 3.0, Avg: 3.1, Max: 3.3, Diff: 0.3, Sum: 6.3]
         [Processed Buffers: Min: 6, Avg: 23.5, Max: 41, Diff: 35, Sum: 47]
      [Scan RS (ms): Min: 2.0, Avg: 2.1, Max: 2.2, Diff: 0.2, Sum: 4.3]
      [Code Root Scanning (ms): Min: 0.8, Avg: 0.8, Max: 0.9, Diff: 0.2, Sum: 1.7]
      [Object Copy (ms): Min: 8.4, Avg: 8.5, Max: 8.6, Diff: 0.2, Sum: 17.0]
      [Termination (ms): Min: 0.0, Avg: 0.0, Max: 0.0, Diff: 0.0, Sum: 0.0]
      [GC Worker Other (ms): Min: 0.0, Avg: 0.1, Max: 0.1, Diff: 0.0, Sum: 0.1]
      [GC Worker Total (ms): Min: 15.9, Avg: 15.9, Max: 15.9, Diff: 0.0, Sum: 31.8]
      [GC Worker End (ms): Min: 7499688.8, Avg: 7499688.8, Max: 7499688.9, Diff: 0.0]
   [Code Root Fixup: 0.2 ms]
   [Code Root Migration: 0.2 ms]
   [Clear CT: 0.8 ms]
   [Other: 2.3 ms]
      [Choose CSet: 0.0 ms]
      [Ref Proc: 0.5 ms]
      [Ref Enq: 0.0 ms]
      [Free CSet: 1.6 ms]
   [Eden: 3368.0M(3368.0M)->0.0B(3370.0M) Survivors: 10.0M->8192.0K Heap: 4807.3M(5632.0M)->1436.4M(5632.0M)]
 [Times: user=0.04 sys=0.00, real=0.02 secs] 
2014-06-25T02:15:57.243+0000: 7499.693: Total time for which application threads were stopped: 0.0200475 seconds
2014-06-25T02:16:01.244+0000: 7503.693: Total time for which application threads were stopped: 0.0003746 seconds
2014-06-25T02:16:01.295+0000: 7503.744: Total time for which application threads were stopped: 0.0003556 seconds
2014-06-25T02:16:02.296+0000: 7504.745: Total time for which application threads were stopped: 0.0003701 seconds
2014-06-25T02:16:04.906+0000: 7507.355: Total time for which application threads were stopped: 0.0081096 seconds
2014-06-25T02:16:04.914+0000: 7507.363: Total time for which application threads were stopped: 0.0002753 seconds
2014-06-25T02:16:05.807+0000: 7508.256: [GC pause (G1 Evacuation Pause) (young)
Desired survivor size 222298112 bytes, new threshold 15 (max 15)
- age   1:    3201544 bytes,    3201544 total
- age   2:     478584 bytes,    3680128 total
- age   3:     723344 bytes,    4403472 total
- age   4:       5072 bytes,    4408544 total
- age   5:        216 bytes,    4408760 total
- age   6:        216 bytes,    4408976 total
- age   7:       1296 bytes,    4410272 total
- age   8:        432 bytes,    4410704 total
- age   9:        216 bytes,    4410920 total
- age  10:       2192 bytes,    4413112 total
- age  11:        432 bytes,    4413544 total
- age  12:       2064 bytes,    4415608 total
- age  13:       2136 bytes,    4417744 total
- age  14:       3120 bytes,    4420864 total
- age  15:       9008 bytes,    4429872 total
, 0.0189459 secs]
   [Parallel Time: 15.7 ms, GC Workers: 2]
      [GC Worker Start (ms): Min: 7508256.2, Avg: 7508256.2, Max: 7508256.2, Diff: 0.0]
      [Ext Root Scanning (ms): Min: 1.1, Avg: 1.3, Max: 1.4, Diff: 0.3, Sum: 2.5]
      [Update RS (ms): Min: 3.1, Avg: 3.2, Max: 3.2, Diff: 0.1, Sum: 6.3]
         [Processed Buffers: Min: 12, Avg: 21.0, Max: 30, Diff: 18, Sum: 42]
      [Scan RS (ms): Min: 2.1, Avg: 2.2, Max: 2.2, Diff: 0.0, Sum: 4.3]
      [Code Root Scanning (ms): Min: 0.8, Avg: 0.8, Max: 0.9, Diff: 0.0, Sum: 1.7]
      [Object Copy (ms): Min: 8.0, Avg: 8.2, Max: 8.3, Diff: 0.2, Sum: 16.3]
      [Termination (ms): Min: 0.0, Avg: 0.0, Max: 0.0, Diff: 0.0, Sum: 0.0]
      [GC Worker Other (ms): Min: 0.0, Avg: 0.0, Max: 0.0, Diff: 0.0, Sum: 0.1]
      [GC Worker Total (ms): Min: 15.6, Avg: 15.6, Max: 15.6, Diff: 0.0, Sum: 31.2]
      [GC Worker End (ms): Min: 7508271.8, Avg: 7508271.8, Max: 7508271.8, Diff: 0.0]
   [Code Root Fixup: 0.2 ms]
   [Code Root Migration: 0.2 ms]
   [Clear CT: 0.9 ms]
   [Other: 2.0 ms]
      [Choose CSet: 0.0 ms]
      [Ref Proc: 0.2 ms]
      [Ref Enq: 0.0 ms]
      [Free CSet: 1.6 ms]
   [Eden: 3370.0M(3370.0M)->0.0B(3372.0M) Survivors: 8192.0K->6144.0K Heap: 4806.4M(5632.0M)->1435.5M(5632.0M)]
 [Times: user=0.02 sys=0.01, real=0.02 secs] 
2014-06-25T02:16:05.826+0000: 7508.275: Total time for which application threads were stopped: 0.0195050 seconds
2014-06-25T02:16:14.009+0000: 7516.458: [GC pause (G1 Evacuation Pause) (young)
Desired survivor size 222298112 bytes, new threshold 15 (max 15)
- age   1:    1732216 bytes,    1732216 total
- age   2:    1530912 bytes,    3263128 total
- age   3:     471344 bytes,    3734472 total
- age   4:     718288 bytes,    4452760 total
- age   5:       5072 bytes,    4457832 total
- age   6:        216 bytes,    4458048 total
- age   7:        216 bytes,    4458264 total
- age   8:       1296 bytes,    4459560 total
- age   9:        432 bytes,    4459992 total
- age  10:        216 bytes,    4460208 total
- age  11:       2192 bytes,    4462400 total
- age  12:        432 bytes,    4462832 total
- age  13:       2064 bytes,    4464896 total
- age  14:       2136 bytes,    4467032 total
- age  15:       3120 bytes,    4470152 total
, 0.0168085 secs]
   [Parallel Time: 13.9 ms, GC Workers: 2]
      [GC Worker Start (ms): Min: 7516458.4, Avg: 7516458.4, Max: 7516458.4, Diff: 0.0]
      [Ext Root Scanning (ms): Min: 1.1, Avg: 1.2, Max: 1.3, Diff: 0.2, Sum: 2.4]
      [Update RS (ms): Min: 2.9, Avg: 2.9, Max: 2.9, Diff: 0.0, Sum: 5.7]
         [Processed Buffers: Min: 14, Avg: 17.0, Max: 20, Diff: 6, Sum: 34]
      [Scan RS (ms): Min: 2.1, Avg: 2.2, Max: 2.2, Diff: 0.0, Sum: 4.3]
      [Code Root Scanning (ms): Min: 0.8, Avg: 0.8, Max: 0.9, Diff: 0.0, Sum: 1.7]
      [Object Copy (ms): Min: 6.6, Avg: 6.7, Max: 6.8, Diff: 0.2, Sum: 13.4]
      [Termination (ms): Min: 0.0, Avg: 0.0, Max: 0.0, Diff: 0.0, Sum: 0.0]
      [GC Worker Other (ms): Min: 0.0, Avg: 0.1, Max: 0.1, Diff: 0.0, Sum: 0.1]
      [GC Worker Total (ms): Min: 13.8, Avg: 13.8, Max: 13.9, Diff: 0.0, Sum: 27.7]
      [GC Worker End (ms): Min: 7516472.2, Avg: 7516472.3, Max: 7516472.3, Diff: 0.0]
   [Code Root Fixup: 0.2 ms]
   [Code Root Migration: 0.1 ms]
   [Clear CT: 0.8 ms]
   [Other: 1.8 ms]
      [Choose CSet: 0.0 ms]
      [Ref Proc: 0.2 ms]
      [Ref Enq: 0.0 ms]
      [Free CSet: 1.5 ms]
   [Eden: 3372.0M(3372.0M)->0.0B(3372.0M) Survivors: 6144.0K->6144.0K Heap: 4807.5M(5632.0M)->1435.5M(5632.0M)]
 [Times: user=0.03 sys=0.01, real=0.01 secs] 
2014-06-25T02:16:14.026+0000: 7516.475: Total time for which application threads were stopped: 0.0173608 seconds
2014-06-25T02:16:16.307+0000: 7518.756: Total time for which application threads were stopped: 0.0003805 seconds
2014-06-25T02:16:18.765+0000: 7521.214: Total time for which application threads were stopped: 0.0005923 seconds
2014-06-25T02:16:19.251+0000: 7521.700: Total time for which application threads were stopped: 0.0007767 seconds
2014-06-25T02:16:19.251+0000: 7521.701: Total time for which application threads were stopped: 0.0004596 seconds
2014-06-25T02:16:19.296+0000: 7521.745: Total time for which application threads were stopped: 0.0002924 seconds
2014-06-25T02:16:21.296+0000: 7523.746: Total time for which application threads were stopped: 0.0002558 seconds
2014-06-25T02:16:40.805+0000: 7543.254: Total time for which application threads were stopped: 0.0003395 seconds
2014-06-25T02:16:41.806+0000: 7544.255: Total time for which application threads were stopped: 0.0002785 seconds
2014-06-25T02:17:01.808+0000: 7564.257: Total time for which application threads were stopped: 0.0002954 seconds
2014-06-25T02:17:04.426+0000: 7566.875: Total time for which application threads were stopped: 0.0004008 seconds
2014-06-25T02:17:20.245+0000: 7582.694: Total time for which application threads were stopped: 0.0002472 seconds
2014-06-25T02:17:20.245+0000: 7582.694: Total time for which application threads were stopped: 0.0001407 seconds
2014-06-25T02:17:25.878+0000: 7588.328: [GC pause (G1 Evacuation Pause) (young)
Desired survivor size 222298112 bytes, new threshold 15 (max 15)
- age   1:    1131288 bytes,    1131288 total
- age   2:     175856 bytes,    1307144 total
- age   3:    1530504 bytes,    2837648 total
- age   4:     469152 bytes,    3306800 total
- age   5:     718288 bytes,    4025088 total
- age   6:       5072 bytes,    4030160 total
- age   7:        216 bytes,    4030376 total
- age   8:        216 bytes,    4030592 total
- age   9:       1296 bytes,    4031888 total
- age  10:        432 bytes,    4032320 total
- age  11:        216 bytes,    4032536 total
- age  12:       2192 bytes,    4034728 total
- age  13:        432 bytes,    4035160 total
- age  14:       2064 bytes,    4037224 total
- age  15:       2136 bytes,    4039360 total
, 0.0157506 secs]
   [Parallel Time: 12.7 ms, GC Workers: 2]
      [GC Worker Start (ms): Min: 7588327.7, Avg: 7588327.7, Max: 7588327.7, Diff: 0.0]
      [Ext Root Scanning (ms): Min: 1.1, Avg: 1.2, Max: 1.3, Diff: 0.2, Sum: 2.5]
      [Update RS (ms): Min: 3.1, Avg: 3.1, Max: 3.1, Diff: 0.0, Sum: 6.3]
         [Processed Buffers: Min: 14, Avg: 24.0, Max: 34, Diff: 20, Sum: 48]
      [Scan RS (ms): Min: 2.1, Avg: 2.1, Max: 2.2, Diff: 0.0, Sum: 4.3]
      [Code Root Scanning (ms): Min: 0.8, Avg: 0.8, Max: 0.8, Diff: 0.0, Sum: 1.7]
      [Object Copy (ms): Min: 5.2, Avg: 5.3, Max: 5.4, Diff: 0.2, Sum: 10.6]
      [Termination (ms): Min: 0.0, Avg: 0.0, Max: 0.0, Diff: 0.0, Sum: 0.0]
      [GC Worker Other (ms): Min: 0.0, Avg: 0.0, Max: 0.1, Diff: 0.0, Sum: 0.1]
      [GC Worker Total (ms): Min: 12.7, Avg: 12.7, Max: 12.7, Diff: 0.0, Sum: 25.4]
      [GC Worker End (ms): Min: 7588340.4, Avg: 7588340.4, Max: 7588340.4, Diff: 0.0]
   [Code Root Fixup: 0.2 ms]
   [Code Root Migration: 0.2 ms]
   [Clear CT: 0.8 ms]
   [Other: 1.9 ms]
      [Choose CSet: 0.0 ms]
      [Ref Proc: 0.2 ms]
      [Ref Enq: 0.0 ms]
      [Free CSet: 1.5 ms]
   [Eden: 3372.0M(3372.0M)->0.0B(3372.0M) Survivors: 6144.0K->6144.0K Heap: 4807.5M(5632.0M)->1435.5M(5632.0M)]
 [Times: user=0.02 sys=0.01, real=0.01 secs] 
2014-06-25T02:17:25.894+0000: 7588.344: Total time for which application threads were stopped: 0.0163574 seconds
2014-06-25T02:17:26.896+0000: 7589.345: Total time for which application threads were stopped: 0.0002947 seconds
2014-06-25T02:17:28.130+0000: 7590.579: Total time for which application threads were stopped: 0.0003142 seconds
2014-06-25T02:17:28.556+0000: 7591.005: Total time for which application threads were stopped: 0.0004197 seconds
2014-06-25T02:17:36.477+0000: 7598.926: Total time for which application threads were stopped: 0.0002913 seconds
2014-06-25T02:17:38.783+0000: 7601.232: Total time for which application threads were stopped: 0.0002830 seconds
2014-06-25T02:17:39.591+0000: 7602.041: Total time for which application threads were stopped: 0.0003803 seconds
2014-06-25T02:17:39.592+0000: 7602.041: Total time for which application threads were stopped: 0.0002158 seconds
2014-06-25T02:17:39.593+0000: 7602.042: Total time for which application threads were stopped: 0.0008797 seconds
2014-06-25T02:17:51.594+0000: 7614.044: Total time for which application threads were stopped: 0.0002655 seconds
2014-06-25T02:18:04.543+0000: 7626.992: Total time for which application threads were stopped: 0.0003031 seconds
2014-06-25T02:18:04.543+0000: 7626.992: Total time for which application threads were stopped: 0.0001464 seconds
2014-06-25T02:18:04.543+0000: 7626.993: Total time for which application threads were stopped: 0.0001677 seconds
2014-06-25T02:18:04.544+0000: 7626.993: Total time for which application threads were stopped: 0.0001574 seconds
2014-06-25T02:18:04.549+0000: 7626.998: Total time for which application threads were stopped: 0.0001646 seconds
2014-06-25T02:18:04.549+0000: 7626.999: Total time for which application threads were stopped: 0.0001517 seconds
2014-06-25T02:18:04.567+0000: 7627.016: Total time for which application threads were stopped: 0.0002854 seconds
2014-06-25T02:18:04.567+0000: 7627.016: Total time for which application threads were stopped: 0.0001521 seconds
2014-06-25T02:18:04.567+0000: 7627.016: Total time for which application threads were stopped: 0.0001498 seconds
2014-06-25T02:18:04.568+0000: 7627.017: Total time for which application threads were stopped: 0.0001488 seconds
2014-06-25T02:18:04.568+0000: 7627.017: Total time for which application threads were stopped: 0.0001865 seconds
2014-06-25T02:18:04.568+0000: 7627.017: Total time for which application threads were stopped: 0.0001530 seconds
2014-06-25T02:18:04.568+0000: 7627.017: Total time for which application threads were stopped: 0.0001444 seconds
2014-06-25T02:18:12.570+0000: 7635.019: Total time for which application threads were stopped: 0.0002560 seconds
2014-06-25T02:18:14.780+0000: 7637.229: Total time for which application threads were stopped: 0.0003127 seconds
2014-06-25T02:18:15.322+0000: 7637.771: Total time for which application threads were stopped: 0.0002652 seconds
2014-06-25T02:18:16.444+0000: 7638.894: Total time for which application threads were stopped: 0.0002792 seconds
2014-06-25T02:18:17.445+0000: 7639.894: Total time for which application threads were stopped: 0.0002460 seconds
2014-06-25T02:18:18.571+0000: 7641.020: Total time for which application threads were stopped: 0.0003619 seconds
2014-06-25T02:18:21.244+0000: 7643.693: Total time for which application threads were stopped: 0.0002702 seconds
2014-06-25T02:18:21.244+0000: 7643.694: Total time for which application threads were stopped: 0.0001390 seconds
2014-06-25T02:18:24.245+0000: 7646.694: Total time for which application threads were stopped: 0.0002748 seconds
2014-06-25T02:18:27.246+0000: 7649.695: Total time for which application threads were stopped: 0.0002816 seconds
2014-06-25T02:18:27.794+0000: 7650.243: Total time for which application threads were stopped: 0.0002773 seconds
2014-06-25T02:18:28.794+0000: 7651.244: Total time for which application threads were stopped: 0.0002667 seconds
2014-06-25T02:18:54.491+0000: 7676.941: Total time for which application threads were stopped: 0.0037265 seconds
2014-06-25T02:19:07.493+0000: 7689.942: Total time for which application threads were stopped: 0.0003042 seconds
2014-06-25T02:19:13.494+0000: 7695.943: Total time for which application threads were stopped: 0.0002721 seconds
2014-06-25T02:19:18.495+0000: 7700.944: Total time for which application threads were stopped: 0.0002839 seconds
2014-06-25T02:19:22.264+0000: 7704.713: Total time for which application threads were stopped: 0.0003061 seconds
2014-06-25T02:19:22.264+0000: 7704.713: Total time for which application threads were stopped: 0.0001844 seconds
2014-06-25T02:19:24.264+0000: 7706.713: Total time for which application threads were stopped: 0.0002374 seconds
2014-06-25T02:19:28.024+0000: 7710.473: Total time for which application threads were stopped: 0.0043158 seconds
2014-06-25T02:19:44.728+0000: 7727.177: Total time for which application threads were stopped: 0.0003238 seconds
2014-06-25T02:19:50.729+0000: 7733.178: Total time for which application threads were stopped: 0.0002733 seconds
2014-06-25T02:19:55.177+0000: 7737.626: Total time for which application threads were stopped: 0.0008490 seconds
2014-06-25T02:20:04.464+0000: 7746.913: Total time for which application threads were stopped: 0.0002952 seconds
2014-06-25T02:20:04.468+0000: 7746.917: Total time for which application threads were stopped: 0.0008501 seconds
2014-06-25T02:20:04.528+0000: 7746.977: Total time for which application threads were stopped: 0.0043706 seconds
2014-06-25T02:20:05.804+0000: 7748.253: Total time for which application threads were stopped: 0.0002848 seconds
2014-06-25T02:20:05.822+0000: 7748.271: Total time for which application threads were stopped: 0.0001963 seconds
2014-06-25T02:20:05.822+0000: 7748.271: Total time for which application threads were stopped: 0.0001537 seconds
2014-06-25T02:20:15.389+0000: 7757.839: Total time for which application threads were stopped: 0.0003161 seconds
2014-06-25T02:20:15.450+0000: 7757.899: Total time for which application threads were stopped: 0.0003295 seconds
2014-06-25T02:20:15.495+0000: 7757.944: Total time for which application threads were stopped: 0.0002832 seconds
2014-06-25T02:20:20.296+0000: 7762.745: Total time for which application threads were stopped: 0.0002785 seconds
2014-06-25T02:20:23.249+0000: 7765.698: Total time for which application threads were stopped: 0.0002549 seconds
2014-06-25T02:20:23.249+0000: 7765.699: Total time for which application threads were stopped: 0.0001373 seconds
2014-06-25T02:20:30.597+0000: 7773.046: Total time for which application threads were stopped: 0.0002741 seconds
2014-06-25T02:20:30.677+0000: 7773.126: Total time for which application threads were stopped: 0.0001725 seconds
2014-06-25T02:20:30.756+0000: 7773.205: Total time for which application threads were stopped: 0.0002603 seconds
2014-06-25T02:20:31.756+0000: 7774.205: Total time for which application threads were stopped: 0.0002540 seconds
2014-06-25T02:20:32.447+0000: 7774.897: Total time for which application threads were stopped: 0.0003148 seconds
2014-06-25T02:20:32.465+0000: 7774.914: Total time for which application threads were stopped: 0.0002669 seconds
2014-06-25T02:20:32.465+0000: 7774.914: Total time for which application threads were stopped: 0.0001488 seconds
2014-06-25T02:20:32.465+0000: 7774.914: Total time for which application threads were stopped: 0.0001582 seconds
2014-06-25T02:20:32.466+0000: 7774.915: Total time for which application threads were stopped: 0.0001494 seconds
2014-06-25T02:20:32.466+0000: 7774.915: Total time for which application threads were stopped: 0.0001486 seconds
2014-06-25T02:20:34.466+0000: 7776.916: Total time for which application threads were stopped: 0.0002697 seconds
2014-06-25T02:20:39.711+0000: 7782.161: [GC pause (G1 Evacuation Pause) (young)
Desired survivor size 222298112 bytes, new threshold 15 (max 15)
- age   1:     814896 bytes,     814896 total
- age   2:      48856 bytes,     863752 total
- age   3:     124144 bytes,     987896 total
- age   4:    1373000 bytes,    2360896 total
- age   5:     423728 bytes,    2784624 total
- age   6:     710536 bytes,    3495160 total
- age   7:       5072 bytes,    3500232 total
- age   8:        216 bytes,    3500448 total
- age   9:        216 bytes,    3500664 total
- age  10:       1296 bytes,    3501960 total
- age  11:        432 bytes,    3502392 total
- age  12:        216 bytes,    3502608 total
- age  13:       2192 bytes,    3504800 total
- age  14:        432 bytes,    3505232 total
- age  15:       2064 bytes,    3507296 total
, 0.0179811 secs]
   [Parallel Time: 14.2 ms, GC Workers: 2]
      [GC Worker Start (ms): Min: 7782160.7, Avg: 7782160.7, Max: 7782160.7, Diff: 0.0]
      [Ext Root Scanning (ms): Min: 1.1, Avg: 1.2, Max: 1.4, Diff: 0.3, Sum: 2.4]
      [Update RS (ms): Min: 3.2, Avg: 3.3, Max: 3.3, Diff: 0.1, Sum: 6.5]
         [Processed Buffers: Min: 9, Avg: 21.0, Max: 33, Diff: 24, Sum: 42]
      [Scan RS (ms): Min: 2.2, Avg: 2.2, Max: 2.2, Diff: 0.0, Sum: 4.3]
      [Code Root Scanning (ms): Min: 0.8, Avg: 0.8, Max: 0.9, Diff: 0.0, Sum: 1.7]
      [Object Copy (ms): Min: 6.5, Avg: 6.6, Max: 6.7, Diff: 0.2, Sum: 13.2]
      [Termination (ms): Min: 0.0, Avg: 0.0, Max: 0.0, Diff: 0.0, Sum: 0.0]
      [GC Worker Other (ms): Min: 0.0, Avg: 0.0, Max: 0.1, Diff: 0.0, Sum: 0.1]
      [GC Worker Total (ms): Min: 14.1, Avg: 14.2, Max: 14.2, Diff: 0.0, Sum: 28.3]
      [GC Worker End (ms): Min: 7782174.9, Avg: 7782174.9, Max: 7782174.9, Diff: 0.0]
   [Code Root Fixup: 0.2 ms]
   [Code Root Migration: 0.2 ms]
   [Clear CT: 0.8 ms]
   [Other: 2.5 ms]
      [Choose CSet: 0.0 ms]
      [Ref Proc: 0.6 ms]
      [Ref Enq: 0.0 ms]
      [Free CSet: 1.7 ms]
   [Eden: 3372.0M(3372.0M)->0.0B(3372.0M) Survivors: 6144.0K->6144.0K Heap: 4807.5M(5632.0M)->1435.3M(5632.0M)]
 [Times: user=0.03 sys=0.00, real=0.01 secs] 
2014-06-25T02:20:39.730+0000: 7782.179: Total time for which application threads were stopped: 0.0185653 seconds
2014-06-25T02:20:42.757+0000: 7785.206: Total time for which application threads were stopped: 0.0002405 seconds
2014-06-25T02:20:42.804+0000: 7785.253: Total time for which application threads were stopped: 0.0002172 seconds
2014-06-25T02:20:45.725+0000: 7788.174: Total time for which application threads were stopped: 0.0008184 seconds
2014-06-25T02:21:01.298+0000: 7803.747: Total time for which application threads were stopped: 0.0007004 seconds
2014-06-25T02:21:16.299+0000: 7818.748: Total time for which application threads were stopped: 0.0002556 seconds
2014-06-25T02:21:17.473+0000: 7819.922: Total time for which application threads were stopped: 0.0003066 seconds
2014-06-25T02:21:17.473+0000: 7819.922: Total time for which application threads were stopped: 0.0001573 seconds
2014-06-25T02:21:17.474+0000: 7819.923: Total time for which application threads were stopped: 0.0001552 seconds
2014-06-25T02:21:17.475+0000: 7819.924: Total time for which application threads were stopped: 0.0001782 seconds
2014-06-25T02:21:24.262+0000: 7826.712: Total time for which application threads were stopped: 0.0002981 seconds
2014-06-25T02:21:24.263+0000: 7826.712: Total time for which application threads were stopped: 0.0001387 seconds
2014-06-25T02:21:49.266+0000: 7851.715: Total time for which application threads were stopped: 0.0003635 seconds
2014-06-25T02:22:06.268+0000: 7868.717: Total time for which application threads were stopped: 0.0003065 seconds
2014-06-25T02:22:25.260+0000: 7887.709: Total time for which application threads were stopped: 0.0002794 seconds
2014-06-25T02:22:25.260+0000: 7887.709: Total time for which application threads were stopped: 0.0001440 seconds
2014-06-25T02:22:28.722+0000: 7891.171: Total time for which application threads were stopped: 0.0002935 seconds
2014-06-25T02:22:30.519+0000: 7892.969: Total time for which application threads were stopped: 0.0002984 seconds
2014-06-25T02:22:57.382+0000: 7919.831: Total time for which application threads were stopped: 0.0002770 seconds
2014-06-25T02:22:57.387+0000: 7919.836: Total time for which application threads were stopped: 0.0002146 seconds
2014-06-25T02:23:08.388+0000: 7930.838: Total time for which application threads were stopped: 0.0002777 seconds
2014-06-25T02:23:08.503+0000: 7930.952: Total time for which application threads were stopped: 0.0003071 seconds
2014-06-25T02:23:17.546+0000: 7939.995: Total time for which application threads were stopped: 0.0002869 seconds
2014-06-25T02:23:25.893+0000: 7948.342: Total time for which application threads were stopped: 0.0004973 seconds
2014-06-25T02:23:25.934+0000: 7948.383: Total time for which application threads were stopped: 0.0039736 seconds
2014-06-25T02:23:26.165+0000: 7948.614: Total time for which application threads were stopped: 0.0003830 seconds
2014-06-25T02:23:26.254+0000: 7948.703: Total time for which application threads were stopped: 0.0030927 seconds
2014-06-25T02:23:26.254+0000: 7948.703: Total time for which application threads were stopped: 0.0001903 seconds
2014-06-25T02:23:27.591+0000: 7950.040: [GC pause (G1 Evacuation Pause) (young)
Desired survivor size 222298112 bytes, new threshold 15 (max 15)
- age   1:    2419856 bytes,    2419856 total
- age   2:     163240 bytes,    2583096 total
- age   3:      48856 bytes,    2631952 total
- age   4:      49168 bytes,    2681120 total
- age   5:     344056 bytes,    3025176 total
- age   6:     331728 bytes,    3356904 total
- age   7:     499344 bytes,    3856248 total
- age   8:       5072 bytes,    3861320 total
- age   9:        216 bytes,    3861536 total
- age  10:        216 bytes,    3861752 total
- age  11:       1296 bytes,    3863048 total
- age  12:        432 bytes,    3863480 total
- age  13:        216 bytes,    3863696 total
- age  14:       2192 bytes,    3865888 total
- age  15:        432 bytes,    3866320 total
, 0.0419613 secs]
   [Parallel Time: 37.3 ms, GC Workers: 2]
      [GC Worker Start (ms): Min: 7950040.5, Avg: 7950040.6, Max: 7950040.6, Diff: 0.0]
      [Ext Root Scanning (ms): Min: 1.1, Avg: 1.3, Max: 1.4, Diff: 0.3, Sum: 2.5]
      [Update RS (ms): Min: 3.4, Avg: 3.5, Max: 3.6, Diff: 0.1, Sum: 7.0]
         [Processed Buffers: Min: 5, Avg: 23.5, Max: 42, Diff: 37, Sum: 47]
      [Scan RS (ms): Min: 2.1, Avg: 2.2, Max: 2.2, Diff: 0.1, Sum: 4.3]
      [Code Root Scanning (ms): Min: 0.8, Avg: 0.8, Max: 0.9, Diff: 0.1, Sum: 1.7]
      [Object Copy (ms): Min: 29.3, Avg: 29.4, Max: 29.5, Diff: 0.2, Sum: 58.8]
      [Termination (ms): Min: 0.0, Avg: 0.0, Max: 0.0, Diff: 0.0, Sum: 0.0]
      [GC Worker Other (ms): Min: 0.0, Avg: 0.1, Max: 0.1, Diff: 0.0, Sum: 0.1]
      [GC Worker Total (ms): Min: 37.2, Avg: 37.2, Max: 37.2, Diff: 0.0, Sum: 74.4]
      [GC Worker End (ms): Min: 7950077.8, Avg: 7950077.8, Max: 7950077.8, Diff: 0.0]
   [Code Root Fixup: 0.2 ms]
   [Code Root Migration: 0.2 ms]
   [Clear CT: 0.8 ms]
   [Other: 3.4 ms]
      [Choose CSet: 0.0 ms]
      [Ref Proc: 1.5 ms]
      [Ref Enq: 0.1 ms]
      [Free CSet: 1.6 ms]
   [Eden: 3372.0M(3372.0M)->0.0B(3364.0M) Survivors: 6144.0K->14.0M Heap: 4807.3M(5632.0M)->1442.5M(5632.0M)]
 [Times: user=0.07 sys=0.02, real=0.05 secs] 
2014-06-25T02:23:27.633+0000: 7950.083: Total time for which application threads were stopped: 0.0425466 seconds
2014-06-25T02:23:31.554+0000: 7954.003: [GC pause (G1 Evacuation Pause) (young)
Desired survivor size 222298112 bytes, new threshold 15 (max 15)
- age   1:    8545704 bytes,    8545704 total
- age   2:    1363056 bytes,    9908760 total
- age   3:     122928 bytes,   10031688 total
- age   4:      48856 bytes,   10080544 total
- age   5:      48864 bytes,   10129408 total
- age   6:     305128 bytes,   10434536 total
- age   7:     296616 bytes,   10731152 total
- age   8:     489752 bytes,   11220904 total
- age   9:       5072 bytes,   11225976 total
- age  10:        216 bytes,   11226192 total
- age  11:        216 bytes,   11226408 total
- age  12:       1296 bytes,   11227704 total
- age  13:        432 bytes,   11228136 total
- age  14:        216 bytes,   11228352 total
- age  15:       2192 bytes,   11230544 total
, 0.0454776 secs]
   [Parallel Time: 42.1 ms, GC Workers: 2]
      [GC Worker Start (ms): Min: 7954003.5, Avg: 7954003.6, Max: 7954003.6, Diff: 0.0]
      [Ext Root Scanning (ms): Min: 1.1, Avg: 1.3, Max: 1.4, Diff: 0.3, Sum: 2.5]
      [Update RS (ms): Min: 3.1, Avg: 3.2, Max: 3.4, Diff: 0.3, Sum: 6.5]
         [Processed Buffers: Min: 4, Avg: 16.5, Max: 29, Diff: 25, Sum: 33]
      [Scan RS (ms): Min: 2.1, Avg: 2.2, Max: 2.2, Diff: 0.1, Sum: 4.3]
      [Code Root Scanning (ms): Min: 0.8, Avg: 0.8, Max: 0.8, Diff: 0.0, Sum: 1.7]
      [Object Copy (ms): Min: 34.5, Avg: 34.5, Max: 34.6, Diff: 0.1, Sum: 69.0]
      [Termination (ms): Min: 0.0, Avg: 0.0, Max: 0.0, Diff: 0.0, Sum: 0.0]
      [GC Worker Other (ms): Min: 0.0, Avg: 0.1, Max: 0.1, Diff: 0.0, Sum: 0.1]
      [GC Worker Total (ms): Min: 42.0, Avg: 42.1, Max: 42.1, Diff: 0.0, Sum: 84.1]
      [GC Worker End (ms): Min: 7954045.6, Avg: 7954045.6, Max: 7954045.6, Diff: 0.0]
   [Code Root Fixup: 0.2 ms]
   [Code Root Migration: 0.2 ms]
   [Clear CT: 0.8 ms]
   [Other: 2.1 ms]
      [Choose CSet: 0.0 ms]
      [Ref Proc: 0.2 ms]
      [Ref Enq: 0.0 ms]
      [Free CSet: 1.7 ms]
   [Eden: 3364.0M(3364.0M)->0.0B(3362.0M) Survivors: 14.0M->16.0M Heap: 4806.5M(5632.0M)->1445.5M(5632.0M)]
 [Times: user=0.08 sys=0.00, real=0.04 secs] 
2014-06-25T02:23:31.600+0000: 7954.049: Total time for which application threads were stopped: 0.0460327 seconds
2014-06-25T02:23:44.602+0000: 7967.051: Total time for which application threads were stopped: 0.0002730 seconds
2014-06-25T02:23:46.602+0000: 7969.052: Total time for which application threads were stopped: 0.0002775 seconds
2014-06-25T02:24:02.342+0000: 7984.791: [GC pause (G1 Evacuation Pause) (young)
Desired survivor size 222298112 bytes, new threshold 15 (max 15)
- age   1:    3518232 bytes,    3518232 total
- age   2:    8527112 bytes,   12045344 total
- age   3:    1362824 bytes,   13408168 total
- age   4:     122928 bytes,   13531096 total
- age   5:      48856 bytes,   13579952 total
- age   6:      48824 bytes,   13628776 total
- age   7:     304896 bytes,   13933672 total
- age   8:     296616 bytes,   14230288 total
- age   9:     489752 bytes,   14720040 total
- age  10:       5072 bytes,   14725112 total
- age  11:        216 bytes,   14725328 total
- age  12:        216 bytes,   14725544 total
- age  13:       1296 bytes,   14726840 total
- age  14:        432 bytes,   14727272 total
- age  15:        216 bytes,   14727488 total
, 0.0570784 secs]
   [Parallel Time: 52.6 ms, GC Workers: 2]
      [GC Worker Start (ms): Min: 7984791.5, Avg: 7984791.5, Max: 7984791.5, Diff: 0.0]
      [Ext Root Scanning (ms): Min: 1.1, Avg: 1.3, Max: 1.4, Diff: 0.3, Sum: 2.5]
      [Update RS (ms): Min: 3.2, Avg: 3.3, Max: 3.3, Diff: 0.1, Sum: 6.6]
         [Processed Buffers: Min: 16, Avg: 20.5, Max: 25, Diff: 9, Sum: 41]
      [Scan RS (ms): Min: 2.1, Avg: 2.2, Max: 2.2, Diff: 0.0, Sum: 4.3]
      [Code Root Scanning (ms): Min: 0.8, Avg: 0.8, Max: 0.9, Diff: 0.1, Sum: 1.7]
      [Object Copy (ms): Min: 44.8, Avg: 44.9, Max: 45.0, Diff: 0.2, Sum: 89.8]
      [Termination (ms): Min: 0.0, Avg: 0.0, Max: 0.0, Diff: 0.0, Sum: 0.0]
      [GC Worker Other (ms): Min: 0.0, Avg: 0.1, Max: 0.1, Diff: 0.0, Sum: 0.1]
      [GC Worker Total (ms): Min: 52.5, Avg: 52.5, Max: 52.6, Diff: 0.0, Sum: 105.1]
      [GC Worker End (ms): Min: 7984844.1, Avg: 7984844.1, Max: 7984844.1, Diff: 0.0]
   [Code Root Fixup: 0.2 ms]
   [Code Root Migration: 0.2 ms]
   [Clear CT: 0.8 ms]
   [Other: 3.2 ms]
      [Choose CSet: 0.0 ms]
      [Ref Proc: 1.2 ms]
      [Ref Enq: 0.1 ms]
      [Free CSet: 1.6 ms]
   [Eden: 3362.0M(3362.0M)->0.0B(3360.0M) Survivors: 16.0M->18.0M Heap: 4807.5M(5632.0M)->1447.5M(5632.0M)]
 [Times: user=0.09 sys=0.01, real=0.06 secs] 
2014-06-25T02:24:02.405+0000: 7984.854: Total time for which application threads were stopped: 0.0627721 seconds
2014-06-25T02:24:03.954+0000: 7986.403: Total time for which application threads were stopped: 0.0004405 seconds
2014-06-25T02:24:06.381+0000: 7988.831: [GC pause (G1 Evacuation Pause) (young)
Desired survivor size 222298112 bytes, new threshold 15 (max 15)
- age   1:   14334224 bytes,   14334224 total
- age   2:        672 bytes,   14334896 total
- age   3:     558240 bytes,   14893136 total
- age   4:    1362120 bytes,   16255256 total
- age   5:     122928 bytes,   16378184 total
- age   6:      48856 bytes,   16427040 total
- age   7:      48824 bytes,   16475864 total
- age   8:     304896 bytes,   16780760 total
- age   9:     296616 bytes,   17077376 total
- age  10:     489752 bytes,   17567128 total
- age  11:       5072 bytes,   17572200 total
- age  12:        216 bytes,   17572416 total
- age  13:        216 bytes,   17572632 total
- age  14:       1296 bytes,   17573928 total
- age  15:        432 bytes,   17574360 total
, 0.0574667 secs]
   [Parallel Time: 54.1 ms, GC Workers: 2]
      [GC Worker Start (ms): Min: 7988830.6, Avg: 7988830.6, Max: 7988830.7, Diff: 0.0]
      [Ext Root Scanning (ms): Min: 1.1, Avg: 1.3, Max: 1.4, Diff: 0.2, Sum: 2.5]
      [Update RS (ms): Min: 3.1, Avg: 3.3, Max: 3.4, Diff: 0.3, Sum: 6.5]
         [Processed Buffers: Min: 5, Avg: 17.0, Max: 29, Diff: 24, Sum: 34]
      [Scan RS (ms): Min: 2.0, Avg: 2.2, Max: 2.3, Diff: 0.2, Sum: 4.3]
      [Code Root Scanning (ms): Min: 0.8, Avg: 0.8, Max: 0.9, Diff: 0.2, Sum: 1.7]
      [Object Copy (ms): Min: 46.4, Avg: 46.5, Max: 46.6, Diff: 0.2, Sum: 92.9]
      [Termination (ms): Min: 0.0, Avg: 0.0, Max: 0.0, Diff: 0.0, Sum: 0.0]
      [GC Worker Other (ms): Min: 0.0, Avg: 0.0, Max: 0.0, Diff: 0.0, Sum: 0.1]
      [GC Worker Total (ms): Min: 54.0, Avg: 54.0, Max: 54.0, Diff: 0.0, Sum: 108.1]
      [GC Worker End (ms): Min: 7988884.7, Avg: 7988884.7, Max: 7988884.7, Diff: 0.0]
   [Code Root Fixup: 0.2 ms]
   [Code Root Migration: 0.2 ms]
   [Clear CT: 0.8 ms]
   [Other: 2.1 ms]
      [Choose CSet: 0.0 ms]
      [Ref Proc: 0.2 ms]
      [Ref Enq: 0.0 ms]
      [Free CSet: 1.7 ms]
   [Eden: 3360.0M(3360.0M)->0.0B(3358.0M) Survivors: 18.0M->20.0M Heap: 4807.5M(5632.0M)->1449.5M(5632.0M)]
 [Times: user=0.11 sys=0.01, real=0.05 secs] 
2014-06-25T02:24:06.439+0000: 7988.888: Total time for which application threads were stopped: 0.0580958 seconds
2014-06-25T02:24:25.911+0000: 8008.360: Total time for which application threads were stopped: 0.0003057 seconds
2014-06-25T02:24:27.247+0000: 8009.696: Total time for which application threads were stopped: 0.0002737 seconds
2014-06-25T02:24:27.247+0000: 8009.696: Total time for which application threads were stopped: 0.0001375 seconds
2014-06-25T02:25:18.226+0000: 8060.675: Total time for which application threads were stopped: 0.0003110 seconds
2014-06-25T02:25:18.234+0000: 8060.683: Total time for which application threads were stopped: 0.0001580 seconds
2014-06-25T02:25:21.892+0000: 8064.341: Total time for which application threads were stopped: 0.0002930 seconds
2014-06-25T02:25:21.892+0000: 8064.341: Total time for which application threads were stopped: 0.0001548 seconds
2014-06-25T02:25:21.892+0000: 8064.341: Total time for which application threads were stopped: 0.0001525 seconds
2014-06-25T02:25:28.267+0000: 8070.716: Total time for which application threads were stopped: 0.0003048 seconds
2014-06-25T02:25:28.268+0000: 8070.717: Total time for which application threads were stopped: 0.0001420 seconds
2014-06-25T02:25:28.824+0000: 8071.273: Total time for which application threads were stopped: 0.0002805 seconds
2014-06-25T02:25:28.826+0000: 8071.276: Total time for which application threads were stopped: 0.0002313 seconds
2014-06-25T02:25:29.235+0000: 8071.685: Total time for which application threads were stopped: 0.0003149 seconds
2014-06-25T02:25:29.261+0000: 8071.710: Total time for which application threads were stopped: 0.0007816 seconds
2014-06-25T02:25:30.261+0000: 8072.710: Total time for which application threads were stopped: 0.0002447 seconds
2014-06-25T02:26:01.296+0000: 8103.745: Total time for which application threads were stopped: 0.0003157 seconds
2014-06-25T02:26:16.297+0000: 8118.746: Total time for which application threads were stopped: 0.0002646 seconds
2014-06-25T02:26:19.298+0000: 8121.747: Total time for which application threads were stopped: 0.0002579 seconds
2014-06-25T02:26:22.298+0000: 8124.747: Total time for which application threads were stopped: 0.0002369 seconds
2014-06-25T02:26:29.263+0000: 8131.713: Total time for which application threads were stopped: 0.0003200 seconds
2014-06-25T02:26:29.264+0000: 8131.713: Total time for which application threads were stopped: 0.0001432 seconds
2014-06-25T02:26:39.802+0000: 8142.251: [GC pause (G1 Evacuation Pause) (young)
Desired survivor size 222298112 bytes, new threshold 15 (max 15)
- age   1:    1991832 bytes,    1991832 total
- age   2:   14302536 bytes,   16294368 total
- age   3:        672 bytes,   16295040 total
- age   4:     522376 bytes,   16817416 total
- age   5:    1352840 bytes,   18170256 total
- age   6:     122096 bytes,   18292352 total
- age   7:      48856 bytes,   18341208 total
- age   8:      48824 bytes,   18390032 total
- age   9:     298176 bytes,   18688208 total
- age  10:     296616 bytes,   18984824 total
- age  11:     489752 bytes,   19474576 total
- age  12:       5072 bytes,   19479648 total
- age  13:        216 bytes,   19479864 total
- age  14:        216 bytes,   19480080 total
- age  15:       1296 bytes,   19481376 total
, 0.0302108 secs]
   [Parallel Time: 26.8 ms, GC Workers: 2]
      [GC Worker Start (ms): Min: 8142251.5, Avg: 8142251.5, Max: 8142251.5, Diff: 0.0]
      [Ext Root Scanning (ms): Min: 1.1, Avg: 1.2, Max: 1.4, Diff: 0.2, Sum: 2.5]
      [Update RS (ms): Min: 3.9, Avg: 4.1, Max: 4.3, Diff: 0.4, Sum: 8.2]
         [Processed Buffers: Min: 8, Avg: 24.5, Max: 41, Diff: 33, Sum: 49]
      [Scan RS (ms): Min: 2.0, Avg: 2.1, Max: 2.2, Diff: 0.2, Sum: 4.3]
      [Code Root Scanning (ms): Min: 0.8, Avg: 0.8, Max: 0.9, Diff: 0.2, Sum: 1.7]
      [Object Copy (ms): Min: 18.2, Avg: 18.3, Max: 18.4, Diff: 0.2, Sum: 36.6]
      [Termination (ms): Min: 0.0, Avg: 0.0, Max: 0.0, Diff: 0.0, Sum: 0.0]
      [GC Worker Other (ms): Min: 0.0, Avg: 0.1, Max: 0.1, Diff: 0.0, Sum: 0.1]
      [GC Worker Total (ms): Min: 26.7, Avg: 26.7, Max: 26.7, Diff: 0.0, Sum: 53.4]
      [GC Worker End (ms): Min: 8142278.1, Avg: 8142278.2, Max: 8142278.2, Diff: 0.0]
   [Code Root Fixup: 0.2 ms]
   [Code Root Migration: 0.2 ms]
   [Clear CT: 0.8 ms]
   [Other: 2.2 ms]
      [Choose CSet: 0.0 ms]
      [Ref Proc: 0.3 ms]
      [Ref Enq: 0.0 ms]
      [Free CSet: 1.6 ms]
   [Eden: 3358.0M(3358.0M)->0.0B(3368.0M) Survivors: 20.0M->10.0M Heap: 4807.5M(5632.0M)->1439.5M(5632.0M)]
 [Times: user=0.06 sys=0.00, real=0.03 secs] 
2014-06-25T02:26:39.833+0000: 8142.282: Total time for which application threads were stopped: 0.0307862 seconds
2014-06-25T02:26:48.827+0000: 8151.276: Total time for which application threads were stopped: 0.0033501 seconds
2014-06-25T02:26:49.827+0000: 8152.276: Total time for which application threads were stopped: 0.0002758 seconds
2014-06-25T02:27:30.256+0000: 8192.705: Total time for which application threads were stopped: 0.0002595 seconds
2014-06-25T02:27:30.256+0000: 8192.705: Total time for which application threads were stopped: 0.0001363 seconds
2014-06-25T02:28:03.314+0000: 8225.763: Total time for which application threads were stopped: 0.0003265 seconds
2014-06-25T02:28:31.254+0000: 8253.703: Total time for which application threads were stopped: 0.0002609 seconds
2014-06-25T02:28:31.254+0000: 8253.703: Total time for which application threads were stopped: 0.0001361 seconds
2014-06-25T02:29:07.893+0000: 8290.342: Total time for which application threads were stopped: 0.0003107 seconds
2014-06-25T02:29:12.567+0000: 8295.016: Total time for which application threads were stopped: 0.0002945 seconds
2014-06-25T02:29:13.001+0000: 8295.450: Total time for which application threads were stopped: 0.0005082 seconds
2014-06-25T02:29:18.259+0000: 8300.708: [GC pause (G1 Evacuation Pause) (young)
Desired survivor size 222298112 bytes, new threshold 15 (max 15)
- age   1:    6143096 bytes,    6143096 total
- age   2:      36896 bytes,    6179992 total
- age   3:     154696 bytes,    6334688 total
- age   4:        632 bytes,    6335320 total
- age   5:     267792 bytes,    6603112 total
- age   6:     520400 bytes,    7123512 total
- age   7:     121928 bytes,    7245440 total
- age   8:      48856 bytes,    7294296 total
- age   9:      48824 bytes,    7343120 total
- age  10:     273008 bytes,    7616128 total
- age  11:     284744 bytes,    7900872 total
- age  12:     388200 bytes,    8289072 total
- age  13:       5072 bytes,    8294144 total
- age  14:        216 bytes,    8294360 total
- age  15:        216 bytes,    8294576 total
, 0.0512644 secs]
   [Parallel Time: 46.7 ms, GC Workers: 2]
      [GC Worker Start (ms): Min: 8300708.0, Avg: 8300708.0, Max: 8300708.0, Diff: 0.0]
      [Ext Root Scanning (ms): Min: 1.1, Avg: 1.3, Max: 1.4, Diff: 0.3, Sum: 2.5]
      [Update RS (ms): Min: 4.3, Avg: 4.4, Max: 4.5, Diff: 0.2, Sum: 8.8]
         [Processed Buffers: Min: 10, Avg: 23.0, Max: 36, Diff: 26, Sum: 46]
      [Scan RS (ms): Min: 2.1, Avg: 2.1, Max: 2.2, Diff: 0.1, Sum: 4.2]
      [Code Root Scanning (ms): Min: 0.8, Avg: 0.8, Max: 0.9, Diff: 0.0, Sum: 1.7]
      [Object Copy (ms): Min: 37.9, Avg: 38.0, Max: 38.0, Diff: 0.2, Sum: 75.9]
      [Termination (ms): Min: 0.0, Avg: 0.0, Max: 0.0, Diff: 0.0, Sum: 0.0]
      [GC Worker Other (ms): Min: 0.0, Avg: 0.1, Max: 0.1, Diff: 0.0, Sum: 0.1]
      [GC Worker Total (ms): Min: 46.6, Avg: 46.6, Max: 46.6, Diff: 0.0, Sum: 93.3]
      [GC Worker End (ms): Min: 8300754.6, Avg: 8300754.6, Max: 8300754.6, Diff: 0.0]
   [Code Root Fixup: 0.2 ms]
   [Code Root Migration: 0.2 ms]
   [Clear CT: 0.8 ms]
   [Other: 3.3 ms]
      [Choose CSet: 0.0 ms]
      [Ref Proc: 1.3 ms]
      [Ref Enq: 0.1 ms]
      [Free CSet: 1.6 ms]
   [Eden: 3368.0M(3368.0M)->0.0B(3360.0M) Survivors: 10.0M->18.0M Heap: 4807.5M(5632.0M)->1446.5M(5632.0M)]
 [Times: user=0.10 sys=0.00, real=0.05 secs] 
2014-06-25T02:29:18.310+0000: 8300.759: Total time for which application threads were stopped: 0.0518453 seconds
2014-06-25T02:29:21.049+0000: 8303.498: Total time for which application threads were stopped: 0.0004271 seconds
2014-06-25T02:29:25.008+0000: 8307.457: [GC pause (G1 Evacuation Pause) (young)
Desired survivor size 222298112 bytes, new threshold 15 (max 15)
- age   1:   11866760 bytes,   11866760 total
- age   2:    1197232 bytes,   13063992 total
- age   3:       1416 bytes,   13065408 total
- age   4:     152424 bytes,   13217832 total
- age   5:        632 bytes,   13218464 total
- age   6:     188784 bytes,   13407248 total
- age   7:     490888 bytes,   13898136 total
- age   8:     121608 bytes,   14019744 total
- age   9:      48856 bytes,   14068600 total
- age  10:      48824 bytes,   14117424 total
- age  11:     263432 bytes,   14380856 total
- age  12:     272840 bytes,   14653696 total
- age  13:     388200 bytes,   15041896 total
- age  14:       5072 bytes,   15046968 total
- age  15:        216 bytes,   15047184 total
, 0.0489475 secs]
   [Parallel Time: 45.6 ms, GC Workers: 2]
      [GC Worker Start (ms): Min: 8307457.6, Avg: 8307457.6, Max: 8307457.6, Diff: 0.0]
      [Ext Root Scanning (ms): Min: 1.1, Avg: 1.2, Max: 1.4, Diff: 0.3, Sum: 2.5]
      [Update RS (ms): Min: 3.9, Avg: 4.2, Max: 4.5, Diff: 0.6, Sum: 8.3]
         [Processed Buffers: Min: 7, Avg: 19.0, Max: 31, Diff: 24, Sum: 38]
      [Scan RS (ms): Min: 2.0, Avg: 2.2, Max: 2.4, Diff: 0.3, Sum: 4.4]
      [Code Root Scanning (ms): Min: 0.8, Avg: 0.8, Max: 0.9, Diff: 0.1, Sum: 1.7]
      [Object Copy (ms): Min: 37.0, Avg: 37.1, Max: 37.1, Diff: 0.1, Sum: 74.1]
      [Termination (ms): Min: 0.0, Avg: 0.0, Max: 0.0, Diff: 0.0, Sum: 0.0]
      [GC Worker Other (ms): Min: 0.0, Avg: 0.1, Max: 0.1, Diff: 0.0, Sum: 0.1]
      [GC Worker Total (ms): Min: 45.5, Avg: 45.5, Max: 45.6, Diff: 0.0, Sum: 91.1]
      [GC Worker End (ms): Min: 8307503.1, Avg: 8307503.1, Max: 8307503.2, Diff: 0.0]
   [Code Root Fixup: 0.2 ms]
   [Code Root Migration: 0.2 ms]
   [Clear CT: 0.8 ms]
   [Other: 2.0 ms]
      [Choose CSet: 0.0 ms]
      [Ref Proc: 0.2 ms]
      [Ref Enq: 0.0 ms]
      [Free CSet: 1.7 ms]
   [Eden: 3360.0M(3360.0M)->0.0B(3362.0M) Survivors: 18.0M->16.0M Heap: 4806.5M(5632.0M)->1445.5M(5632.0M)]
 [Times: user=0.09 sys=0.00, real=0.05 secs] 
2014-06-25T02:29:25.058+0000: 8307.507: Total time for which application threads were stopped: 0.0495124 seconds
2014-06-25T02:29:26.796+0000: 8309.245: Total time for which application threads were stopped: 0.0003638 seconds
2014-06-25T02:29:26.800+0000: 8309.249: Total time for which application threads were stopped: 0.0036181 seconds
2014-06-25T02:29:31.637+0000: 8314.086: [GC pause (G1 Evacuation Pause) (young)
Desired survivor size 222298112 bytes, new threshold 15 (max 15)
- age   1:     954416 bytes,     954416 total
- age   2:   11824776 bytes,   12779192 total
- age   3:    1197232 bytes,   13976424 total
- age   4:        128 bytes,   13976552 total
- age   5:     152424 bytes,   14128976 total
- age   6:        632 bytes,   14129608 total
- age   7:     178840 bytes,   14308448 total
- age   8:     482080 bytes,   14790528 total
- age   9:     121608 bytes,   14912136 total
- age  10:      48856 bytes,   14960992 total
- age  11:      48824 bytes,   15009816 total
- age  12:     263432 bytes,   15273248 total
- age  13:     272328 bytes,   15545576 total
- age  14:     388200 bytes,   15933776 total
- age  15:       5072 bytes,   15938848 total
, 0.0478405 secs]
   [Parallel Time: 44.5 ms, GC Workers: 2]
      [GC Worker Start (ms): Min: 8314085.9, Avg: 8314085.9, Max: 8314085.9, Diff: 0.0]
      [Ext Root Scanning (ms): Min: 1.1, Avg: 1.2, Max: 1.4, Diff: 0.3, Sum: 2.5]
      [Update RS (ms): Min: 4.3, Avg: 4.3, Max: 4.3, Diff: 0.1, Sum: 8.6]
         [Processed Buffers: Min: 21, Avg: 21.0, Max: 21, Diff: 0, Sum: 42]
      [Scan RS (ms): Min: 2.2, Avg: 2.2, Max: 2.2, Diff: 0.0, Sum: 4.4]
      [Code Root Scanning (ms): Min: 0.8, Avg: 0.9, Max: 0.9, Diff: 0.1, Sum: 1.8]
      [Object Copy (ms): Min: 35.7, Avg: 35.7, Max: 35.8, Diff: 0.1, Sum: 71.4]
      [Termination (ms): Min: 0.0, Avg: 0.0, Max: 0.0, Diff: 0.0, Sum: 0.0]
      [GC Worker Other (ms): Min: 0.0, Avg: 0.1, Max: 0.1, Diff: 0.0, Sum: 0.1]
      [GC Worker Total (ms): Min: 44.4, Avg: 44.4, Max: 44.4, Diff: 0.0, Sum: 88.8]
      [GC Worker End (ms): Min: 8314130.3, Avg: 8314130.3, Max: 8314130.3, Diff: 0.0]
   [Code Root Fixup: 0.2 ms]
   [Code Root Migration: 0.2 ms]
   [Clear CT: 0.8 ms]
   [Other: 2.1 ms]
      [Choose CSet: 0.0 ms]
      [Ref Proc: 0.2 ms]
      [Ref Enq: 0.0 ms]
      [Free CSet: 1.7 ms]
   [Eden: 3362.0M(3362.0M)->0.0B(3360.0M) Survivors: 16.0M->18.0M Heap: 4807.5M(5632.0M)->1446.5M(5632.0M)]
 [Times: user=0.08 sys=0.01, real=0.05 secs] 
2014-06-25T02:29:31.685+0000: 8314.134: Total time for which application threads were stopped: 0.0484151 seconds
2014-06-25T02:29:32.259+0000: 8314.708: Total time for which application threads were stopped: 0.0003585 seconds
2014-06-25T02:29:32.259+0000: 8314.709: Total time for which application threads were stopped: 0.0002069 seconds
2014-06-25T02:29:32.886+0000: 8315.335: Total time for which application threads were stopped: 0.0048787 seconds
2014-06-25T02:29:35.876+0000: 8318.325: Total time for which application threads were stopped: 0.0021386 seconds
2014-06-25T02:29:38.413+0000: 8320.862: [GC pause (G1 Evacuation Pause) (young)
Desired survivor size 222298112 bytes, new threshold 15 (max 15)
- age   1:     425160 bytes,     425160 total
- age   2:     926640 bytes,    1351800 total
- age   3:   10957488 bytes,   12309288 total
- age   4:    1193632 bytes,   13502920 total
- age   6:     152424 bytes,   13655344 total
- age   7:        632 bytes,   13655976 total
- age   8:     174896 bytes,   13830872 total
- age   9:     481400 bytes,   14312272 total
- age  10:     121608 bytes,   14433880 total
- age  11:      48856 bytes,   14482736 total
- age  12:      48824 bytes,   14531560 total
- age  13:     263432 bytes,   14794992 total
- age  14:     272288 bytes,   15067280 total
- age  15:     388200 bytes,   15455480 total
, 0.0571075 secs]
   [Parallel Time: 53.3 ms, GC Workers: 2]
      [GC Worker Start (ms): Min: 8320861.9, Avg: 8320861.9, Max: 8320861.9, Diff: 0.0]
      [Ext Root Scanning (ms): Min: 1.1, Avg: 1.3, Max: 1.4, Diff: 0.3, Sum: 2.6]
      [Update RS (ms): Min: 4.3, Avg: 4.3, Max: 4.3, Diff: 0.1, Sum: 8.6]
         [Processed Buffers: Min: 6, Avg: 20.5, Max: 35, Diff: 29, Sum: 41]
      [Scan RS (ms): Min: 2.1, Avg: 2.1, Max: 2.2, Diff: 0.1, Sum: 4.3]
      [Code Root Scanning (ms): Min: 0.8, Avg: 0.9, Max: 0.9, Diff: 0.0, Sum: 1.7]
      [Object Copy (ms): Min: 44.5, Avg: 44.6, Max: 44.7, Diff: 0.2, Sum: 89.1]
      [Termination (ms): Min: 0.0, Avg: 0.0, Max: 0.0, Diff: 0.0, Sum: 0.0]
      [GC Worker Other (ms): Min: 0.0, Avg: 0.1, Max: 0.1, Diff: 0.0, Sum: 0.1]
      [GC Worker Total (ms): Min: 53.2, Avg: 53.2, Max: 53.2, Diff: 0.0, Sum: 106.4]
      [GC Worker End (ms): Min: 8320915.1, Avg: 8320915.1, Max: 8320915.1, Diff: 0.0]
   [Code Root Fixup: 0.2 ms]
   [Code Root Migration: 0.2 ms]
   [Clear CT: 0.9 ms]
   [Other: 2.5 ms]
      [Choose CSet: 0.0 ms]
      [Ref Proc: 0.5 ms]
      [Ref Enq: 0.0 ms]
      [Free CSet: 1.7 ms]
   [Eden: 3360.0M(3360.0M)->0.0B(3358.0M) Survivors: 18.0M->20.0M Heap: 4806.5M(5632.0M)->1448.9M(5632.0M)]
 [Times: user=0.11 sys=0.01, real=0.06 secs] 
2014-06-25T02:29:38.470+0000: 8320.919: Total time for which application threads were stopped: 0.0576980 seconds
2014-06-25T02:29:41.904+0000: 8324.353: Total time for which application threads were stopped: 0.0004400 seconds
2014-06-25T02:29:44.615+0000: 8327.064: [GC pause (G1 Evacuation Pause) (young)
Desired survivor size 222298112 bytes, new threshold 15 (max 15)
- age   1:    3264416 bytes,    3264416 total
- age   2:     374344 bytes,    3638760 total
- age   3:     926416 bytes,    4565176 total
- age   4:   10915744 bytes,   15480920 total
- age   5:    1182104 bytes,   16663024 total
- age   7:     151120 bytes,   16814144 total
- age   8:        632 bytes,   16814776 total
- age   9:     163368 bytes,   16978144 total
- age  10:     477880 bytes,   17456024 total
- age  11:     121608 bytes,   17577632 total
- age  12:      48856 bytes,   17626488 total
- age  13:      48824 bytes,   17675312 total
- age  14:     263432 bytes,   17938744 total
- age  15:     272248 bytes,   18210992 total
, 0.0579023 secs]
   [Parallel Time: 54.6 ms, GC Workers: 2]
      [GC Worker Start (ms): Min: 8327064.3, Avg: 8327064.4, Max: 8327064.4, Diff: 0.0]
      [Ext Root Scanning (ms): Min: 1.1, Avg: 1.3, Max: 1.4, Diff: 0.3, Sum: 2.5]
      [Update RS (ms): Min: 4.7, Avg: 4.8, Max: 4.9, Diff: 0.1, Sum: 9.6]
         [Processed Buffers: Min: 7, Avg: 22.0, Max: 37, Diff: 30, Sum: 44]
      [Scan RS (ms): Min: 2.1, Avg: 2.1, Max: 2.2, Diff: 0.1, Sum: 4.3]
      [Code Root Scanning (ms): Min: 0.8, Avg: 0.8, Max: 0.9, Diff: 0.1, Sum: 1.7]
      [Object Copy (ms): Min: 45.3, Avg: 45.4, Max: 45.5, Diff: 0.2, Sum: 90.8]
      [Termination (ms): Min: 0.0, Avg: 0.0, Max: 0.0, Diff: 0.0, Sum: 0.0]
      [GC Worker Other (ms): Min: 0.0, Avg: 0.0, Max: 0.1, Diff: 0.0, Sum: 0.1]
      [GC Worker Total (ms): Min: 54.5, Avg: 54.5, Max: 54.5, Diff: 0.0, Sum: 109.0]
      [GC Worker End (ms): Min: 8327118.9, Avg: 8327118.9, Max: 8327118.9, Diff: 0.0]
   [Code Root Fixup: 0.2 ms]
   [Code Root Migration: 0.3 ms]
   [Clear CT: 0.8 ms]
   [Other: 2.0 ms]
      [Choose CSet: 0.0 ms]
      [Ref Proc: 0.2 ms]
      [Ref Enq: 0.0 ms]
      [Free CSet: 1.7 ms]
   [Eden: 3358.0M(3358.0M)->0.0B(3358.0M) Survivors: 20.0M->20.0M Heap: 4806.9M(5632.0M)->1450.3M(5632.0M)]
 [Times: user=0.10 sys=0.01, real=0.06 secs] 
2014-06-25T02:29:44.673+0000: 8327.122: Total time for which application threads were stopped: 0.0585111 seconds
2014-06-25T02:29:45.872+0000: 8328.321: Total time for which application threads were stopped: 0.0005815 seconds
2014-06-25T02:29:45.872+0000: 8328.321: Total time for which application threads were stopped: 0.0002954 seconds
2014-06-25T02:29:45.884+0000: 8328.333: Total time for which application threads were stopped: 0.0004144 seconds
2014-06-25T02:29:45.884+0000: 8328.333: Total time for which application threads were stopped: 0.0002655 seconds
2014-06-25T02:29:46.224+0000: 8328.673: Total time for which application threads were stopped: 0.0046231 seconds
2014-06-25T02:29:51.111+0000: 8333.560: [GC pause (G1 Evacuation Pause) (young)
Desired survivor size 222298112 bytes, new threshold 15 (max 15)
- age   1:    1486000 bytes,    1486000 total
- age   2:    2958168 bytes,    4444168 total
- age   3:     373920 bytes,    4818088 total
- age   4:     926336 bytes,    5744424 total
- age   5:   10902048 bytes,   16646472 total
- age   6:    1181968 bytes,   17828440 total
- age   8:     151120 bytes,   17979560 total
- age   9:        632 bytes,   17980192 total
- age  10:     163112 bytes,   18143304 total
- age  11:     477624 bytes,   18620928 total
- age  12:     121608 bytes,   18742536 total
- age  13:      48856 bytes,   18791392 total
- age  14:      48824 bytes,   18840216 total
- age  15:     263432 bytes,   19103648 total
, 0.0758678 secs]
   [Parallel Time: 72.0 ms, GC Workers: 2]
      [GC Worker Start (ms): Min: 8333560.5, Avg: 8333560.5, Max: 8333560.5, Diff: 0.0]
      [Ext Root Scanning (ms): Min: 1.1, Avg: 1.3, Max: 1.4, Diff: 0.3, Sum: 2.6]
      [Update RS (ms): Min: 4.1, Avg: 4.1, Max: 4.1, Diff: 0.0, Sum: 8.1]
         [Processed Buffers: Min: 5, Avg: 19.0, Max: 33, Diff: 28, Sum: 38]
      [Scan RS (ms): Min: 2.1, Avg: 2.2, Max: 2.2, Diff: 0.0, Sum: 4.3]
      [Code Root Scanning (ms): Min: 0.8, Avg: 0.8, Max: 0.9, Diff: 0.1, Sum: 1.7]
      [Object Copy (ms): Min: 63.4, Avg: 63.5, Max: 63.6, Diff: 0.2, Sum: 127.0]
      [Termination (ms): Min: 0.0, Avg: 0.0, Max: 0.0, Diff: 0.0, Sum: 0.0]
      [GC Worker Other (ms): Min: 0.0, Avg: 0.0, Max: 0.0, Diff: 0.0, Sum: 0.1]
      [GC Worker Total (ms): Min: 71.9, Avg: 71.9, Max: 71.9, Diff: 0.0, Sum: 143.8]
      [GC Worker End (ms): Min: 8333632.3, Avg: 8333632.4, Max: 8333632.4, Diff: 0.0]
   [Code Root Fixup: 0.2 ms]
   [Code Root Migration: 0.2 ms]
   [Clear CT: 0.8 ms]
   [Other: 2.6 ms]
      [Choose CSet: 0.0 ms]
      [Ref Proc: 0.7 ms]
      [Ref Enq: 0.1 ms]
      [Free CSet: 1.7 ms]
   [Eden: 3358.0M(3358.0M)->0.0B(3352.0M) Survivors: 20.0M->26.0M Heap: 4808.3M(5632.0M)->1456.7M(5632.0M)]
 [Times: user=0.13 sys=0.02, real=0.07 secs] 
2014-06-25T02:29:51.187+0000: 8333.636: Total time for which application threads were stopped: 0.0764795 seconds
2014-06-25T02:29:51.204+0000: 8333.653: Total time for which application threads were stopped: 0.0043642 seconds
2014-06-25T02:29:51.215+0000: 8333.664: Total time for which application threads were stopped: 0.0030208 seconds
2014-06-25T02:29:51.218+0000: 8333.667: Total time for which application threads were stopped: 0.0002765 seconds
2014-06-25T02:29:57.028+0000: 8339.478: Total time for which application threads were stopped: 0.0043500 seconds
2014-06-25T02:29:57.365+0000: 8339.814: [GC pause (G1 Evacuation Pause) (young)
Desired survivor size 222298112 bytes, new threshold 15 (max 15)
- age   1:    5745168 bytes,    5745168 total
- age   2:    1441776 bytes,    7186944 total
- age   3:    2957288 bytes,   10144232 total
- age   4:     373576 bytes,   10517808 total
- age   5:     926336 bytes,   11444144 total
- age   6:   10883696 bytes,   22327840 total
- age   7:    1181712 bytes,   23509552 total
- age   9:     151120 bytes,   23660672 total
- age  10:        632 bytes,   23661304 total
- age  11:     162728 bytes,   23824032 total
- age  12:     477496 bytes,   24301528 total
- age  13:     121608 bytes,   24423136 total
- age  14:      48856 bytes,   24471992 total
- age  15:      48824 bytes,   24520816 total
, 0.0729847 secs]
   [Parallel Time: 69.6 ms, GC Workers: 2]
      [GC Worker Start (ms): Min: 8339814.6, Avg: 8339814.6, Max: 8339814.6, Diff: 0.0]
      [Ext Root Scanning (ms): Min: 1.2, Avg: 1.3, Max: 1.4, Diff: 0.3, Sum: 2.6]
      [Update RS (ms): Min: 3.4, Avg: 3.5, Max: 3.5, Diff: 0.1, Sum: 7.0]
         [Processed Buffers: Min: 9, Avg: 19.5, Max: 30, Diff: 21, Sum: 39]
      [Scan RS (ms): Min: 2.1, Avg: 2.1, Max: 2.2, Diff: 0.0, Sum: 4.3]
      [Code Root Scanning (ms): Min: 0.8, Avg: 0.8, Max: 0.9, Diff: 0.0, Sum: 1.7]
      [Object Copy (ms): Min: 61.7, Avg: 61.8, Max: 61.8, Diff: 0.2, Sum: 123.5]
      [Termination (ms): Min: 0.0, Avg: 0.0, Max: 0.0, Diff: 0.0, Sum: 0.0]
      [GC Worker Other (ms): Min: 0.0, Avg: 0.1, Max: 0.1, Diff: 0.0, Sum: 0.1]
      [GC Worker Total (ms): Min: 69.6, Avg: 69.6, Max: 69.6, Diff: 0.0, Sum: 139.2]
      [GC Worker End (ms): Min: 8339884.2, Avg: 8339884.2, Max: 8339884.2, Diff: 0.0]
   [Code Root Fixup: 0.2 ms]
   [Code Root Migration: 0.2 ms]
   [Clear CT: 0.9 ms]
   [Other: 2.0 ms]
      [Choose CSet: 0.0 ms]
      [Ref Proc: 0.2 ms]
      [Ref Enq: 0.0 ms]
      [Free CSet: 1.7 ms]
   [Eden: 3352.0M(3352.0M)->0.0B(3352.0M) Survivors: 26.0M->26.0M Heap: 4808.7M(5632.0M)->1456.9M(5632.0M)]
 [Times: user=0.13 sys=0.01, real=0.07 secs] 
2014-06-25T02:29:57.439+0000: 8339.888: Total time for which application threads were stopped: 0.0737028 seconds
2014-06-25T02:30:03.173+0000: 8345.622: Total time for which application threads were stopped: 0.0006644 seconds
2014-06-25T02:30:04.268+0000: 8346.717: [GC pause (G1 Evacuation Pause) (young)
Desired survivor size 222298112 bytes, new threshold 15 (max 15)
- age   1:    1697960 bytes,    1697960 total
- age   2:    5332832 bytes,    7030792 total
- age   3:    1424656 bytes,    8455448 total
- age   4:    2956840 bytes,   11412288 total
- age   5:     373544 bytes,   11785832 total
- age   6:     926336 bytes,   12712168 total
- age   7:   10878096 bytes,   23590264 total
- age   8:    1181672 bytes,   24771936 total
- age  10:     151120 bytes,   24923056 total
- age  11:        632 bytes,   24923688 total
- age  12:     162592 bytes,   25086280 total
- age  13:     477496 bytes,   25563776 total
- age  14:     121608 bytes,   25685384 total
- age  15:      48856 bytes,   25734240 total
, 0.1518618 secs]
   [Parallel Time: 147.2 ms, GC Workers: 2]
      [GC Worker Start (ms): Min: 8346717.2, Avg: 8346717.2, Max: 8346717.2, Diff: 0.0]
      [Ext Root Scanning (ms): Min: 1.2, Avg: 1.3, Max: 1.5, Diff: 0.3, Sum: 2.7]
      [Update RS (ms): Min: 2.4, Avg: 2.6, Max: 2.8, Diff: 0.4, Sum: 5.2]
         [Processed Buffers: Min: 4, Avg: 19.5, Max: 35, Diff: 31, Sum: 39]
      [Scan RS (ms): Min: 2.0, Avg: 2.2, Max: 2.3, Diff: 0.3, Sum: 4.3]
      [Code Root Scanning (ms): Min: 0.7, Avg: 0.8, Max: 0.9, Diff: 0.2, Sum: 1.7]
      [Object Copy (ms): Min: 140.1, Avg: 140.2, Max: 140.3, Diff: 0.2, Sum: 280.3]
      [Termination (ms): Min: 0.0, Avg: 0.0, Max: 0.0, Diff: 0.0, Sum: 0.0]
      [GC Worker Other (ms): Min: 0.0, Avg: 0.1, Max: 0.1, Diff: 0.0, Sum: 0.1]
      [GC Worker Total (ms): Min: 147.1, Avg: 147.1, Max: 147.1, Diff: 0.0, Sum: 294.3]
      [GC Worker End (ms): Min: 8346864.3, Avg: 8346864.3, Max: 8346864.3, Diff: 0.0]
   [Code Root Fixup: 0.2 ms]
   [Code Root Migration: 0.2 ms]
   [Clear CT: 0.9 ms]
   [Other: 3.4 ms]
      [Choose CSet: 0.0 ms]
      [Ref Proc: 1.3 ms]
      [Ref Enq: 0.1 ms]
      [Free CSet: 1.7 ms]
   [Eden: 3352.0M(3352.0M)->0.0B(3330.0M) Survivors: 26.0M->48.0M Heap: 4808.9M(5632.0M)->1478.0M(5632.0M)]
 [Times: user=0.27 sys=0.03, real=0.15 secs] 
2014-06-25T02:30:04.420+0000: 8346.869: Total time for which application threads were stopped: 0.1526242 seconds
2014-06-25T02:30:08.017+0000: 8350.466: Total time for which application threads were stopped: 0.0020058 seconds
2014-06-25T02:30:08.256+0000: 8350.705: Total time for which application threads were stopped: 0.0006340 seconds
2014-06-25T02:30:11.153+0000: 8353.602: [GC pause (G1 Evacuation Pause) (young)
Desired survivor size 222298112 bytes, new threshold 15 (max 15)
- age   1:   21605384 bytes,   21605384 total
- age   2:    1630608 bytes,   23235992 total
- age   3:    5319840 bytes,   28555832 total
- age   4:    1424264 bytes,   29980096 total
- age   5:    2955984 bytes,   32936080 total
- age   6:     373264 bytes,   33309344 total
- age   7:     926312 bytes,   34235656 total
- age   8:   10877392 bytes,   45113048 total
- age   9:    1181672 bytes,   46294720 total
- age  11:     151120 bytes,   46445840 total
- age  12:        632 bytes,   46446472 total
- age  13:     162592 bytes,   46609064 total
- age  14:     477496 bytes,   47086560 total
- age  15:     121608 bytes,   47208168 total
, 0.2437595 secs]
   [Parallel Time: 238.5 ms, GC Workers: 2]
      [GC Worker Start (ms): Min: 8353602.6, Avg: 8353602.6, Max: 8353602.6, Diff: 0.0]
      [Ext Root Scanning (ms): Min: 1.2, Avg: 1.3, Max: 1.5, Diff: 0.3, Sum: 2.7]
      [Update RS (ms): Min: 2.4, Avg: 2.5, Max: 2.6, Diff: 0.2, Sum: 5.0]
         [Processed Buffers: Min: 4, Avg: 18.5, Max: 33, Diff: 29, Sum: 37]
      [Scan RS (ms): Min: 2.2, Avg: 2.2, Max: 2.2, Diff: 0.0, Sum: 4.3]
      [Code Root Scanning (ms): Min: 0.8, Avg: 0.8, Max: 0.8, Diff: 0.0, Sum: 1.7]
      [Object Copy (ms): Min: 231.5, Avg: 231.6, Max: 231.6, Diff: 0.1, Sum: 463.1]
      [Termination (ms): Min: 0.0, Avg: 0.0, Max: 0.0, Diff: 0.0, Sum: 0.0]
      [GC Worker Other (ms): Min: 0.0, Avg: 0.1, Max: 0.1, Diff: 0.0, Sum: 0.1]
      [GC Worker Total (ms): Min: 238.4, Avg: 238.4, Max: 238.4, Diff: 0.0, Sum: 476.9]
      [GC Worker End (ms): Min: 8353841.0, Avg: 8353841.0, Max: 8353841.0, Diff: 0.0]
   [Code Root Fixup: 0.2 ms]
   [Code Root Migration: 0.2 ms]
   [Clear CT: 0.8 ms]
   [Other: 4.0 ms]
      [Choose CSet: 0.0 ms]
      [Ref Proc: 1.9 ms]
      [Ref Enq: 0.2 ms]
      [Free CSet: 1.6 ms]
   [Eden: 3330.0M(3330.0M)->0.0B(3300.0M) Survivors: 48.0M->78.0M Heap: 4808.0M(5632.0M)->1508.1M(5632.0M)]
 [Times: user=0.46 sys=0.03, real=0.25 secs] 
2014-06-25T02:30:11.397+0000: 8353.846: Total time for which application threads were stopped: 0.2445083 seconds
2014-06-25T02:30:12.409+0000: 8354.858: Total time for which application threads were stopped: 0.0075410 seconds
2014-06-25T02:30:12.638+0000: 8355.087: Total time for which application threads were stopped: 0.0007021 seconds
2014-06-25T02:30:12.656+0000: 8355.105: Total time for which application threads were stopped: 0.0044037 seconds
2014-06-25T02:30:12.672+0000: 8355.121: Total time for which application threads were stopped: 0.0042594 seconds
2014-06-25T02:30:12.693+0000: 8355.142: Total time for which application threads were stopped: 0.0052785 seconds
2014-06-25T02:30:12.710+0000: 8355.159: Total time for which application threads were stopped: 0.0005863 seconds
2014-06-25T02:30:15.409+0000: 8357.858: Total time for which application threads were stopped: 0.0052174 seconds
2014-06-25T02:30:15.428+0000: 8357.877: Total time for which application threads were stopped: 0.0039107 seconds
2014-06-25T02:30:15.471+0000: 8357.920: Total time for which application threads were stopped: 0.0050422 seconds
2014-06-25T02:30:15.504+0000: 8357.953: Total time for which application threads were stopped: 0.0061771 seconds
2014-06-25T02:30:15.512+0000: 8357.961: Total time for which application threads were stopped: 0.0034595 seconds
2014-06-25T02:30:15.944+0000: 8358.393: Total time for which application threads were stopped: 0.0039748 seconds
2014-06-25T02:30:16.011+0000: 8358.460: Total time for which application threads were stopped: 0.0008809 seconds
2014-06-25T02:30:16.044+0000: 8358.493: Total time for which application threads were stopped: 0.0062578 seconds
2014-06-25T02:30:16.094+0000: 8358.543: Total time for which application threads were stopped: 0.0067422 seconds
2014-06-25T02:30:16.540+0000: 8358.989: Total time for which application threads were stopped: 0.0034257 seconds
2014-06-25T02:30:16.564+0000: 8359.013: Total time for which application threads were stopped: 0.0031409 seconds
2014-06-25T02:30:16.622+0000: 8359.071: Total time for which application threads were stopped: 0.0045612 seconds
2014-06-25T02:30:16.675+0000: 8359.124: Total time for which application threads were stopped: 0.0064018 seconds
2014-06-25T02:30:16.696+0000: 8359.145: Total time for which application threads were stopped: 0.0083312 seconds
2014-06-25T02:30:16.700+0000: 8359.149: Total time for which application threads were stopped: 0.0002883 seconds
2014-06-25T02:30:16.701+0000: 8359.150: Total time for which application threads were stopped: 0.0002896 seconds
2014-06-25T02:30:16.708+0000: 8359.157: Total time for which application threads were stopped: 0.0002985 seconds
2014-06-25T02:30:16.711+0000: 8359.160: Total time for which application threads were stopped: 0.0003069 seconds
2014-06-25T02:30:16.711+0000: 8359.160: Total time for which application threads were stopped: 0.0002653 seconds
2014-06-25T02:30:16.717+0000: 8359.166: Total time for which application threads were stopped: 0.0012397 seconds
2014-06-25T02:30:17.399+0000: 8359.848: Total time for which application threads were stopped: 0.0006734 seconds
2014-06-25T02:30:17.448+0000: 8359.897: Total time for which application threads were stopped: 0.0029042 seconds
2014-06-25T02:30:17.480+0000: 8359.929: Total time for which application threads were stopped: 0.0041956 seconds
2014-06-25T02:30:17.508+0000: 8359.957: Total time for which application threads were stopped: 0.0006717 seconds
2014-06-25T02:30:18.450+0000: 8360.900: Total time for which application threads were stopped: 0.0024723 seconds
2014-06-25T02:30:18.484+0000: 8360.933: Total time for which application threads were stopped: 0.0044077 seconds
2014-06-25T02:30:18.490+0000: 8360.939: Total time for which application threads were stopped: 0.0003584 seconds
2014-06-25T02:30:18.852+0000: 8361.301: [GC pause (G1 Evacuation Pause) (young)
Desired survivor size 222298112 bytes, new threshold 15 (max 15)
- age   1:   31891776 bytes,   31891776 total
- age   2:   20356176 bytes,   52247952 total
- age   3:    1623264 bytes,   53871216 total
- age   4:    5319208 bytes,   59190424 total
- age   5:    1424160 bytes,   60614584 total
- age   6:    2955864 bytes,   63570448 total
- age   7:     373264 bytes,   63943712 total
- age   8:     926312 bytes,   64870024 total
- age   9:   10877392 bytes,   75747416 total
- age  10:    1181672 bytes,   76929088 total
- age  12:     151120 bytes,   77080208 total
- age  13:        632 bytes,   77080840 total
- age  14:     162592 bytes,   77243432 total
- age  15:     477496 bytes,   77720928 total
, 0.3411416 secs]
   [Parallel Time: 334.6 ms, GC Workers: 2]
      [GC Worker Start (ms): Min: 8361300.9, Avg: 8361301.0, Max: 8361301.0, Diff: 0.0]
      [Ext Root Scanning (ms): Min: 1.2, Avg: 1.3, Max: 1.5, Diff: 0.3, Sum: 2.7]
      [Update RS (ms): Min: 2.8, Avg: 2.8, Max: 2.9, Diff: 0.1, Sum: 5.7]
         [Processed Buffers: Min: 8, Avg: 22.5, Max: 37, Diff: 29, Sum: 45]
      [Scan RS (ms): Min: 2.1, Avg: 2.1, Max: 2.2, Diff: 0.0, Sum: 4.3]
      [Code Root Scanning (ms): Min: 0.8, Avg: 0.8, Max: 0.8, Diff: 0.0, Sum: 1.7]
      [Object Copy (ms): Min: 327.3, Avg: 327.4, Max: 327.5, Diff: 0.1, Sum: 654.8]
      [Termination (ms): Min: 0.0, Avg: 0.0, Max: 0.0, Diff: 0.0, Sum: 0.0]
      [GC Worker Other (ms): Min: 0.0, Avg: 0.0, Max: 0.1, Diff: 0.0, Sum: 0.1]
      [GC Worker Total (ms): Min: 334.6, Avg: 334.6, Max: 334.6, Diff: 0.0, Sum: 669.1]
      [GC Worker End (ms): Min: 8361635.5, Avg: 8361635.5, Max: 8361635.5, Diff: 0.0]
   [Code Root Fixup: 0.2 ms]
   [Code Root Migration: 0.2 ms]
   [Clear CT: 0.8 ms]
   [Other: 5.2 ms]
      [Choose CSet: 0.0 ms]
      [Ref Proc: 2.9 ms]
      [Ref Enq: 0.3 ms]
      [Free CSet: 1.8 ms]
   [Eden: 3300.0M(3300.0M)->0.0B(394.0M) Survivors: 78.0M->108.0M Heap: 4808.1M(5632.0M)->1539.7M(5632.0M)]
 [Times: user=0.63 sys=0.04, real=0.34 secs] 
2014-06-25T02:30:19.196+0000: 8361.645: Total time for which application threads were stopped: 0.3513460 seconds
2014-06-25T02:30:20.056+0000: 8362.505: [GC pause (G1 Evacuation Pause) (young)
Desired survivor size 33554432 bytes, new threshold 1 (max 15)
- age   1:   41132808 bytes,   41132808 total
- age   2:   29701680 bytes,   70834488 total
- age   3:   19709192 bytes,   90543680 total
- age   4:     864344 bytes,   91408024 total
- age   5:    4423096 bytes,   95831120 total
- age   6:     143168 bytes,   95974288 total
- age   7:     266216 bytes,   96240504 total
- age   8:     369544 bytes,   96610048 total
- age   9:     926312 bytes,   97536360 total
- age  10:   10833248 bytes,  108369608 total
- age  11:    1072400 bytes,  109442008 total
- age  13:      20032 bytes,  109462040 total
- age  14:        632 bytes,  109462672 total
- age  15:     140528 bytes,  109603200 total
, 0.3376142 secs]
   [Parallel Time: 335.4 ms, GC Workers: 2]
      [GC Worker Start (ms): Min: 8362505.0, Avg: 8362505.0, Max: 8362505.0, Diff: 0.0]
      [Ext Root Scanning (ms): Min: 1.2, Avg: 1.3, Max: 1.4, Diff: 0.3, Sum: 2.6]
      [Update RS (ms): Min: 2.8, Avg: 2.8, Max: 2.8, Diff: 0.0, Sum: 5.6]
         [Processed Buffers: Min: 4, Avg: 12.0, Max: 20, Diff: 16, Sum: 24]
      [Scan RS (ms): Min: 0.3, Avg: 0.3, Max: 0.3, Diff: 0.0, Sum: 0.6]
      [Code Root Scanning (ms): Min: 0.1, Avg: 0.1, Max: 0.1, Diff: 0.0, Sum: 0.2]
      [Object Copy (ms): Min: 330.7, Avg: 330.8, Max: 330.9, Diff: 0.2, Sum: 661.5]
      [Termination (ms): Min: 0.0, Avg: 0.0, Max: 0.0, Diff: 0.0, Sum: 0.0]
      [GC Worker Other (ms): Min: 0.0, Avg: 0.0, Max: 0.0, Diff: 0.0, Sum: 0.1]
      [GC Worker Total (ms): Min: 335.3, Avg: 335.3, Max: 335.3, Diff: 0.0, Sum: 670.6]
      [GC Worker End (ms): Min: 8362840.3, Avg: 8362840.3, Max: 8362840.3, Diff: 0.0]
   [Code Root Fixup: 0.2 ms]
   [Code Root Migration: 0.0 ms]
   [Clear CT: 0.2 ms]
   [Other: 1.9 ms]
      [Choose CSet: 0.0 ms]
      [Ref Proc: 0.6 ms]
      [Ref Enq: 0.1 ms]
      [Free CSet: 0.3 ms]
   [Eden: 394.0M(394.0M)->0.0B(3366.0M) Survivors: 108.0M->12.0M Heap: 1933.7M(5632.0M)->1549.8M(5632.0M)]
 [Times: user=0.67 sys=0.00, real=0.33 secs] 
2014-06-25T02:30:20.394+0000: 8362.843: Total time for which application threads were stopped: 0.3411224 seconds
2014-06-25T02:30:22.428+0000: 8364.877: Total time for which application threads were stopped: 0.0035743 seconds
2014-06-25T02:30:26.433+0000: 8368.882: Total time for which application threads were stopped: 0.0043705 seconds
2014-06-25T02:30:26.805+0000: 8369.255: Total time for which application threads were stopped: 0.0045997 seconds
2014-06-25T02:30:27.985+0000: 8370.434: [GC pause (G1 Evacuation Pause) (young)
Desired survivor size 222298112 bytes, new threshold 15 (max 15)
- age   1:   10669120 bytes,   10669120 total
, 0.2782039 secs]
   [Parallel Time: 271.4 ms, GC Workers: 2]
      [GC Worker Start (ms): Min: 8370434.0, Avg: 8370434.0, Max: 8370434.0, Diff: 0.0]
      [Ext Root Scanning (ms): Min: 1.2, Avg: 1.3, Max: 1.4, Diff: 0.2, Sum: 2.6]
      [Update RS (ms): Min: 28.6, Avg: 28.7, Max: 28.7, Diff: 0.0, Sum: 57.3]
         [Processed Buffers: Min: 55, Avg: 59.0, Max: 63, Diff: 8, Sum: 118]
      [Scan RS (ms): Min: 4.8, Avg: 4.8, Max: 4.8, Diff: 0.1, Sum: 9.6]
      [Code Root Scanning (ms): Min: 0.8, Avg: 0.9, Max: 0.9, Diff: 0.0, Sum: 1.7]
      [Object Copy (ms): Min: 235.6, Avg: 235.7, Max: 235.8, Diff: 0.1, Sum: 471.4]
      [Termination (ms): Min: 0.0, Avg: 0.0, Max: 0.0, Diff: 0.0, Sum: 0.0]
      [GC Worker Other (ms): Min: 0.0, Avg: 0.0, Max: 0.0, Diff: 0.0, Sum: 0.1]
      [GC Worker Total (ms): Min: 271.3, Avg: 271.3, Max: 271.3, Diff: 0.0, Sum: 542.7]
      [GC Worker End (ms): Min: 8370705.3, Avg: 8370705.3, Max: 8370705.3, Diff: 0.0]
   [Code Root Fixup: 0.2 ms]
   [Code Root Migration: 0.2 ms]
   [Clear CT: 0.8 ms]
   [Other: 5.6 ms]
      [Choose CSet: 0.0 ms]
      [Ref Proc: 3.3 ms]
      [Ref Enq: 0.4 ms]
      [Free CSet: 1.7 ms]
   [Eden: 3366.0M(3366.0M)->0.0B(214.0M) Survivors: 12.0M->66.0M Heap: 4915.8M(5632.0M)->1603.8M(5632.0M)]
 [Times: user=0.47 sys=0.08, real=0.28 secs] 
2014-06-25T02:30:28.263+0000: 8370.712: Total time for which application threads were stopped: 0.2789650 seconds
2014-06-25T02:30:28.748+0000: 8371.197: [GC pause (G1 Evacuation Pause) (young)
Desired survivor size 18874368 bytes, new threshold 1 (max 15)
- age   1:   58143272 bytes,   58143272 total
- age   2:    7684208 bytes,   65827480 total
, 0.2017504 secs]
   [Parallel Time: 200.2 ms, GC Workers: 2]
      [GC Worker Start (ms): Min: 8371197.3, Avg: 8371197.3, Max: 8371197.3, Diff: 0.0]
      [Ext Root Scanning (ms): Min: 1.2, Avg: 1.3, Max: 1.4, Diff: 0.3, Sum: 2.6]
      [Update RS (ms): Min: 7.9, Avg: 7.9, Max: 8.0, Diff: 0.1, Sum: 15.9]
         [Processed Buffers: Min: 10, Avg: 23.0, Max: 36, Diff: 26, Sum: 46]
      [Scan RS (ms): Min: 0.2, Avg: 0.2, Max: 0.2, Diff: 0.0, Sum: 0.3]
      [Code Root Scanning (ms): Min: 0.1, Avg: 0.1, Max: 0.1, Diff: 0.0, Sum: 0.1]
      [Object Copy (ms): Min: 190.5, Avg: 190.6, Max: 190.7, Diff: 0.2, Sum: 381.2]
      [Termination (ms): Min: 0.0, Avg: 0.0, Max: 0.0, Diff: 0.0, Sum: 0.0]
      [GC Worker Other (ms): Min: 0.0, Avg: 0.0, Max: 0.0, Diff: 0.0, Sum: 0.1]
      [GC Worker Total (ms): Min: 200.1, Avg: 200.1, Max: 200.1, Diff: 0.0, Sum: 400.2]
      [GC Worker End (ms): Min: 8371397.4, Avg: 8371397.4, Max: 8371397.4, Diff: 0.0]
   [Code Root Fixup: 0.2 ms]
   [Code Root Migration: 0.0 ms]
   [Clear CT: 0.1 ms]
   [Other: 1.2 ms]
      [Choose CSet: 0.0 ms]
      [Ref Proc: 0.3 ms]
      [Ref Enq: 0.0 ms]
      [Free CSet: 0.2 ms]
   [Eden: 214.0M(214.0M)->0.0B(3372.0M) Survivors: 66.0M->6144.0K Heap: 1817.8M(5632.0M)->1606.3M(5632.0M)]
 [Times: user=0.41 sys=0.00, real=0.20 secs] 
2014-06-25T02:30:28.950+0000: 8371.399: Total time for which application threads were stopped: 0.2023588 seconds
2014-06-25T02:30:31.235+0000: 8373.684: Total time for which application threads were stopped: 0.0052470 seconds
2014-06-25T02:30:31.241+0000: 8373.690: Total time for which application threads were stopped: 0.0042584 seconds
2014-06-25T02:30:33.260+0000: 8375.709: Total time for which application threads were stopped: 0.0027069 seconds
2014-06-25T02:30:33.260+0000: 8375.709: Total time for which application threads were stopped: 0.0002435 seconds
2014-06-25T02:30:35.603+0000: 8378.053: [GC pause (G1 Evacuation Pause) (young)
Desired survivor size 206569472 bytes, new threshold 15 (max 15)
- age   1:    5325968 bytes,    5325968 total
, 0.2108657 secs]
   [Parallel Time: 205.4 ms, GC Workers: 2]
      [GC Worker Start (ms): Min: 8378052.7, Avg: 8378052.8, Max: 8378052.8, Diff: 0.0]
      [Ext Root Scanning (ms): Min: 1.2, Avg: 1.3, Max: 1.5, Diff: 0.3, Sum: 2.6]
      [Update RS (ms): Min: 26.9, Avg: 27.0, Max: 27.2, Diff: 0.3, Sum: 54.0]
         [Processed Buffers: Min: 30, Avg: 50.5, Max: 71, Diff: 41, Sum: 101]
      [Scan RS (ms): Min: 5.1, Avg: 5.2, Max: 5.3, Diff: 0.2, Sum: 10.4]
      [Code Root Scanning (ms): Min: 0.7, Avg: 0.8, Max: 0.9, Diff: 0.2, Sum: 1.5]
      [Object Copy (ms): Min: 170.9, Avg: 170.9, Max: 171.0, Diff: 0.0, Sum: 341.9]
      [Termination (ms): Min: 0.0, Avg: 0.0, Max: 0.0, Diff: 0.0, Sum: 0.0]
      [GC Worker Other (ms): Min: 0.0, Avg: 0.0, Max: 0.0, Diff: 0.0, Sum: 0.1]
      [GC Worker Total (ms): Min: 205.3, Avg: 205.3, Max: 205.3, Diff: 0.0, Sum: 410.6]
      [GC Worker End (ms): Min: 8378258.0, Avg: 8378258.0, Max: 8378258.0, Diff: 0.0]
   [Code Root Fixup: 0.2 ms]
   [Code Root Migration: 0.2 ms]
   [Clear CT: 0.8 ms]
   [Other: 4.3 ms]
      [Choose CSet: 0.0 ms]
      [Ref Proc: 2.2 ms]
      [Ref Enq: 0.3 ms]
      [Free CSet: 1.6 ms]
   [Eden: 3134.0M(3134.0M)->0.0B(318.0M) Survivors: 6144.0K->58.0M Heap: 4740.3M(5632.0M)->1657.3M(5632.0M)]
 [Times: user=0.42 sys=0.00, real=0.20 secs] 
2014-06-25T02:30:35.815+0000: 8378.264: Total time for which application threads were stopped: 0.2116112 seconds
2014-06-25T02:30:35.831+0000: 8378.280: Total time for which application threads were stopped: 0.0005347 seconds
2014-06-25T02:30:36.484+0000: 8378.933: [GC pause (G1 Evacuation Pause) (young)
Desired survivor size 25165824 bytes, new threshold 1 (max 15)
- age   1:   53682208 bytes,   53682208 total
- age   2:    4882432 bytes,   58564640 total
, 0.1891403 secs]
   [Parallel Time: 187.5 ms, GC Workers: 2]
      [GC Worker Start (ms): Min: 8378933.0, Avg: 8378933.0, Max: 8378933.0, Diff: 0.0]
      [Ext Root Scanning (ms): Min: 1.2, Avg: 1.3, Max: 1.4, Diff: 0.3, Sum: 2.6]
      [Update RS (ms): Min: 12.0, Avg: 12.1, Max: 12.1, Diff: 0.1, Sum: 24.2]
         [Processed Buffers: Min: 24, Avg: 26.0, Max: 28, Diff: 4, Sum: 52]
      [Scan RS (ms): Min: 0.2, Avg: 0.2, Max: 0.2, Diff: 0.0, Sum: 0.5]
      [Code Root Scanning (ms): Min: 0.1, Avg: 0.1, Max: 0.1, Diff: 0.0, Sum: 0.2]
      [Object Copy (ms): Min: 173.6, Avg: 173.7, Max: 173.8, Diff: 0.2, Sum: 347.3]
      [Termination (ms): Min: 0.0, Avg: 0.0, Max: 0.0, Diff: 0.0, Sum: 0.0]
      [GC Worker Other (ms): Min: 0.0, Avg: 0.0, Max: 0.0, Diff: 0.0, Sum: 0.1]
      [GC Worker Total (ms): Min: 187.4, Avg: 187.4, Max: 187.4, Diff: 0.0, Sum: 374.8]
      [GC Worker End (ms): Min: 8379120.4, Avg: 8379120.4, Max: 8379120.4, Diff: 0.0]
   [Code Root Fixup: 0.2 ms]
   [Code Root Migration: 0.0 ms]
   [Clear CT: 0.1 ms]
   [Other: 1.3 ms]
      [Choose CSet: 0.0 ms]
      [Ref Proc: 0.4 ms]
      [Ref Enq: 0.0 ms]
      [Free CSet: 0.3 ms]
   [Eden: 318.0M(318.0M)->0.0B(2174.0M) Survivors: 58.0M->10.0M Heap: 1975.3M(5632.0M)->1662.3M(5632.0M)]
 [Times: user=0.38 sys=0.00, real=0.18 secs] 
2014-06-25T02:30:36.673+0000: 8379.122: Total time for which application threads were stopped: 0.1917981 seconds
2014-06-25T02:30:39.859+0000: 8382.309: Total time for which application threads were stopped: 0.0062841 seconds
2014-06-25T02:30:40.376+0000: 8382.825: [GC pause (G1 Evacuation Pause) (young)
Desired survivor size 33554432 bytes, new threshold 15 (max 15)
- age   1:    7743976 bytes,    7743976 total
, 0.1395498 secs]
   [Parallel Time: 135.9 ms, GC Workers: 2]
      [GC Worker Start (ms): Min: 8382824.8, Avg: 8382824.8, Max: 8382824.8, Diff: 0.0]
      [Ext Root Scanning (ms): Min: 1.2, Avg: 1.3, Max: 1.5, Diff: 0.3, Sum: 2.6]
      [Update RS (ms): Min: 24.3, Avg: 24.3, Max: 24.4, Diff: 0.1, Sum: 48.7]
         [Processed Buffers: Min: 37, Avg: 46.5, Max: 56, Diff: 19, Sum: 93]
      [Scan RS (ms): Min: 6.2, Avg: 6.2, Max: 6.2, Diff: 0.0, Sum: 12.3]
      [Code Root Scanning (ms): Min: 0.4, Avg: 0.4, Max: 0.5, Diff: 0.0, Sum: 0.9]
      [Object Copy (ms): Min: 103.5, Avg: 103.5, Max: 103.6, Diff: 0.1, Sum: 207.1]
      [Termination (ms): Min: 0.0, Avg: 0.0, Max: 0.0, Diff: 0.0, Sum: 0.0]
      [GC Worker Other (ms): Min: 0.0, Avg: 0.0, Max: 0.0, Diff: 0.0, Sum: 0.1]
      [GC Worker Total (ms): Min: 135.8, Avg: 135.8, Max: 135.8, Diff: 0.0, Sum: 271.7]
      [GC Worker End (ms): Min: 8382960.7, Avg: 8382960.7, Max: 8382960.7, Diff: 0.0]
   [Code Root Fixup: 0.2 ms]
   [Code Root Migration: 0.1 ms]
   [Clear CT: 0.5 ms]
   [Other: 2.9 ms]
      [Choose CSet: 0.0 ms]
      [Ref Proc: 1.4 ms]
      [Ref Enq: 0.2 ms]
      [Free CSet: 1.1 ms]
   [Eden: 1716.0M(500.0M)->0.0B(780.0M) Survivors: 10.0M->36.0M Heap: 3379.3M(5632.0M)->1689.3M(5632.0M)]
 [Times: user=0.27 sys=0.01, real=0.13 secs] 
2014-06-25T02:30:40.515+0000: 8382.964: Total time for which application threads were stopped: 0.1402313 seconds
2014-06-25T02:30:42.132+0000: 8384.581: [GC pause (G1 Evacuation Pause) (young)
Desired survivor size 53477376 bytes, new threshold 15 (max 15)
- age   1:   30226856 bytes,   30226856 total
- age   2:    4935160 bytes,   35162016 total
, 0.1566364 secs]
   [Parallel Time: 154.3 ms, GC Workers: 2]
      [GC Worker Start (ms): Min: 8384581.2, Avg: 8384581.2, Max: 8384581.2, Diff: 0.0]
      [Ext Root Scanning (ms): Min: 1.2, Avg: 1.3, Max: 1.4, Diff: 0.2, Sum: 2.5]
      [Update RS (ms): Min: 20.0, Avg: 20.5, Max: 20.9, Diff: 0.9, Sum: 40.9]
         [Processed Buffers: Min: 16, Avg: 28.5, Max: 41, Diff: 25, Sum: 57]
      [Scan RS (ms): Min: 0.2, Avg: 0.5, Max: 0.8, Diff: 0.7, Sum: 1.0]
      [Code Root Scanning (ms): Min: 0.1, Avg: 0.2, Max: 0.3, Diff: 0.3, Sum: 0.4]
      [Object Copy (ms): Min: 131.7, Avg: 131.8, Max: 131.8, Diff: 0.2, Sum: 263.5]
      [Termination (ms): Min: 0.0, Avg: 0.0, Max: 0.0, Diff: 0.0, Sum: 0.0]
      [GC Worker Other (ms): Min: 0.0, Avg: 0.0, Max: 0.0, Diff: 0.0, Sum: 0.1]
      [GC Worker Total (ms): Min: 154.2, Avg: 154.3, Max: 154.3, Diff: 0.0, Sum: 308.5]
      [GC Worker End (ms): Min: 8384735.4, Avg: 8384735.4, Max: 8384735.4, Diff: 0.0]
   [Code Root Fixup: 0.2 ms]
   [Code Root Migration: 0.0 ms]
   [Clear CT: 0.2 ms]
   [Other: 1.8 ms]
      [Choose CSet: 0.0 ms]
      [Ref Proc: 0.9 ms]
      [Ref Enq: 0.1 ms]
      [Free CSet: 0.5 ms]
   [Eden: 780.0M(780.0M)->0.0B(468.0M) Survivors: 36.0M->46.0M Heap: 2469.3M(5632.0M)->1700.3M(5632.0M)]
 [Times: user=0.31 sys=0.00, real=0.16 secs] 
2014-06-25T02:30:42.291+0000: 8384.740: Total time for which application threads were stopped: 0.1590016 seconds
2014-06-25T02:30:43.252+0000: 8385.702: [GC pause (G1 Evacuation Pause) (young)
Desired survivor size 34603008 bytes, new threshold 2 (max 15)
- age   1:   15116056 bytes,   15116056 total
- age   2:   27297488 bytes,   42413544 total
- age   3:    4934256 bytes,   47347800 total
, 0.1788966 secs]
   [Parallel Time: 177.3 ms, GC Workers: 2]
      [GC Worker Start (ms): Min: 8385701.6, Avg: 8385701.7, Max: 8385701.7, Diff: 0.0]
      [Ext Root Scanning (ms): Min: 1.2, Avg: 1.3, Max: 1.4, Diff: 0.3, Sum: 2.6]
      [Update RS (ms): Min: 17.8, Avg: 19.5, Max: 21.3, Diff: 3.4, Sum: 39.1]
         [Processed Buffers: Min: 16, Avg: 24.0, Max: 32, Diff: 16, Sum: 48]
      [Scan RS (ms): Min: 0.0, Avg: 0.3, Max: 0.6, Diff: 0.6, Sum: 0.6]
      [Code Root Scanning (ms): Min: 0.0, Avg: 0.1, Max: 0.2, Diff: 0.2, Sum: 0.2]
      [Object Copy (ms): Min: 154.5, Avg: 155.9, Max: 157.3, Diff: 2.8, Sum: 311.8]
      [Termination (ms): Min: 0.0, Avg: 0.0, Max: 0.0, Diff: 0.0, Sum: 0.0]
      [GC Worker Other (ms): Min: 0.0, Avg: 0.0, Max: 0.0, Diff: 0.0, Sum: 0.1]
      [GC Worker Total (ms): Min: 177.2, Avg: 177.2, Max: 177.2, Diff: 0.0, Sum: 354.4]
      [GC Worker End (ms): Min: 8385878.9, Avg: 8385878.9, Max: 8385878.9, Diff: 0.0]
   [Code Root Fixup: 0.2 ms]
   [Code Root Migration: 0.0 ms]
   [Clear CT: 0.2 ms]
   [Other: 1.2 ms]
      [Choose CSet: 0.0 ms]
      [Ref Proc: 0.3 ms]
      [Ref Enq: 0.0 ms]
      [Free CSet: 0.3 ms]
   [Eden: 468.0M(468.0M)->0.0B(1500.0M) Survivors: 46.0M->24.0M Heap: 2168.3M(5632.0M)->1709.3M(5632.0M)]
 [Times: user=0.36 sys=0.00, real=0.18 secs] 
2014-06-25T02:30:43.432+0000: 8385.881: Total time for which application threads were stopped: 0.1795731 seconds
2014-06-25T02:30:46.696+0000: 8389.145: [GC pause (G1 Evacuation Pause) (young)
Desired survivor size 100663296 bytes, new threshold 15 (max 15)
- age   1:    8973600 bytes,    8973600 total
- age   2:   13833664 bytes,   22807264 total
, 0.1582364 secs]
   [Parallel Time: 154.9 ms, GC Workers: 2]
      [GC Worker Start (ms): Min: 8389145.0, Avg: 8389145.0, Max: 8389145.0, Diff: 0.0]
      [Ext Root Scanning (ms): Min: 1.2, Avg: 1.3, Max: 1.5, Diff: 0.3, Sum: 2.7]
      [Update RS (ms): Min: 23.0, Avg: 23.2, Max: 23.4, Diff: 0.4, Sum: 46.4]
         [Processed Buffers: Min: 26, Avg: 40.0, Max: 54, Diff: 28, Sum: 80]
      [Scan RS (ms): Min: 2.2, Avg: 2.3, Max: 2.5, Diff: 0.3, Sum: 4.6]
      [Code Root Scanning (ms): Min: 0.4, Avg: 0.4, Max: 0.4, Diff: 0.0, Sum: 0.7]
      [Object Copy (ms): Min: 127.5, Avg: 127.6, Max: 127.7, Diff: 0.1, Sum: 255.2]
      [Termination (ms): Min: 0.0, Avg: 0.0, Max: 0.0, Diff: 0.0, Sum: 0.0]
      [GC Worker Other (ms): Min: 0.0, Avg: 0.0, Max: 0.0, Diff: 0.0, Sum: 0.1]
      [GC Worker Total (ms): Min: 154.9, Avg: 154.9, Max: 154.9, Diff: 0.0, Sum: 309.7]
      [GC Worker End (ms): Min: 8389299.9, Avg: 8389299.9, Max: 8389299.9, Diff: 0.0]
   [Code Root Fixup: 0.2 ms]
   [Code Root Migration: 0.1 ms]
   [Clear CT: 0.4 ms]
   [Other: 2.6 ms]
      [Choose CSet: 0.0 ms]
      [Ref Proc: 1.5 ms]
      [Ref Enq: 0.2 ms]
      [Free CSet: 0.8 ms]
   [Eden: 1500.0M(1500.0M)->0.0B(704.0M) Survivors: 24.0M->44.0M Heap: 3209.3M(5632.0M)->1730.3M(5632.0M)]
 [Times: user=0.31 sys=0.00, real=0.15 secs] 
2014-06-25T02:30:46.854+0000: 8389.303: Total time for which application threads were stopped: 0.1626701 seconds
2014-06-25T02:30:48.309+0000: 8390.759: [GC pause (G1 Evacuation Pause) (young)
Desired survivor size 49283072 bytes, new threshold 15 (max 15)
- age   1:   25185096 bytes,   25185096 total
- age   2:    6078576 bytes,   31263672 total
- age   3:   13820216 bytes,   45083888 total
, 0.1608894 secs]
   [Parallel Time: 159.0 ms, GC Workers: 2]
      [GC Worker Start (ms): Min: 8390758.7, Avg: 8390758.7, Max: 8390758.7, Diff: 0.0]
      [Ext Root Scanning (ms): Min: 1.2, Avg: 1.3, Max: 1.5, Diff: 0.3, Sum: 2.7]
      [Update RS (ms): Min: 10.9, Avg: 11.0, Max: 11.1, Diff: 0.1, Sum: 22.0]
         [Processed Buffers: Min: 8, Avg: 17.0, Max: 26, Diff: 18, Sum: 34]
      [Scan RS (ms): Min: 0.4, Avg: 0.5, Max: 0.6, Diff: 0.2, Sum: 0.9]
      [Code Root Scanning (ms): Min: 0.1, Avg: 0.2, Max: 0.2, Diff: 0.1, Sum: 0.4]
      [Object Copy (ms): Min: 145.8, Avg: 145.9, Max: 146.0, Diff: 0.2, Sum: 291.8]
      [Termination (ms): Min: 0.0, Avg: 0.0, Max: 0.0, Diff: 0.0, Sum: 0.0]
      [GC Worker Other (ms): Min: 0.0, Avg: 0.0, Max: 0.0, Diff: 0.0, Sum: 0.1]
      [GC Worker Total (ms): Min: 158.9, Avg: 158.9, Max: 158.9, Diff: 0.0, Sum: 317.8]
      [GC Worker End (ms): Min: 8390917.6, Avg: 8390917.6, Max: 8390917.6, Diff: 0.0]
   [Code Root Fixup: 0.2 ms]
   [Code Root Migration: 0.0 ms]
   [Clear CT: 0.2 ms]
   [Other: 1.4 ms]
      [Choose CSet: 0.0 ms]
      [Ref Proc: 0.7 ms]
      [Ref Enq: 0.1 ms]
      [Free CSet: 0.5 ms]
   [Eden: 704.0M(704.0M)->0.0B(500.0M) Survivors: 44.0M->52.0M Heap: 2434.3M(5632.0M)->1738.3M(5632.0M)]
 [Times: user=0.32 sys=0.00, real=0.16 secs] 
2014-06-25T02:30:48.471+0000: 8390.920: Total time for which application threads were stopped: 0.1615840 seconds
2014-06-25T02:30:49.506+0000: 8391.955: [GC pause (G1 Evacuation Pause) (young)
Desired survivor size 36700160 bytes, new threshold 3 (max 15)
- age   1:   11711456 bytes,   11711456 total
- age   2:   22108080 bytes,   33819536 total
- age   3:    6078576 bytes,   39898112 total
- age   4:   13820216 bytes,   53718328 total
, 0.1765927 secs]
   [Parallel Time: 174.9 ms, GC Workers: 2]
      [GC Worker Start (ms): Min: 8391955.3, Avg: 8391955.3, Max: 8391955.3, Diff: 0.0]
      [Ext Root Scanning (ms): Min: 1.2, Avg: 1.3, Max: 1.5, Diff: 0.3, Sum: 2.7]
      [Update RS (ms): Min: 11.3, Avg: 11.3, Max: 11.3, Diff: 0.1, Sum: 22.6]
         [Processed Buffers: Min: 8, Avg: 24.5, Max: 41, Diff: 33, Sum: 49]
      [Scan RS (ms): Min: 0.3, Avg: 0.4, Max: 0.4, Diff: 0.1, Sum: 0.7]
      [Code Root Scanning (ms): Min: 0.1, Avg: 0.1, Max: 0.2, Diff: 0.0, Sum: 0.3]
      [Object Copy (ms): Min: 161.5, Avg: 161.6, Max: 161.7, Diff: 0.2, Sum: 323.3]
      [Termination (ms): Min: 0.0, Avg: 0.0, Max: 0.0, Diff: 0.0, Sum: 0.0]
      [GC Worker Other (ms): Min: 0.0, Avg: 0.0, Max: 0.0, Diff: 0.0, Sum: 0.1]
      [GC Worker Total (ms): Min: 174.8, Avg: 174.8, Max: 174.8, Diff: 0.0, Sum: 349.6]
      [GC Worker End (ms): Min: 8392130.1, Avg: 8392130.1, Max: 8392130.1, Diff: 0.0]
   [Code Root Fixup: 0.2 ms]
   [Code Root Migration: 0.0 ms]
   [Clear CT: 0.2 ms]
   [Other: 1.3 ms]
      [Choose CSet: 0.0 ms]
      [Ref Proc: 0.5 ms]
      [Ref Enq: 0.1 ms]
      [Free CSet: 0.4 ms]
   [Eden: 500.0M(500.0M)->0.0B(1238.0M) Survivors: 52.0M->40.0M Heap: 2238.3M(5632.0M)->1752.1M(5632.0M)]
 [Times: user=0.35 sys=0.01, real=0.17 secs] 
2014-06-25T02:30:49.683+0000: 8392.132: Total time for which application threads were stopped: 0.1817988 seconds
2014-06-25T02:30:51.808+0000: 8394.257: [GC pause (G1 Evacuation Pause) (young)
Desired survivor size 83886080 bytes, new threshold 15 (max 15)
- age   1:    7962496 bytes,    7962496 total
- age   2:    8288952 bytes,   16251448 total
- age   3:   21989032 bytes,   38240480 total
, 0.1728410 secs]
   [Parallel Time: 170.4 ms, GC Workers: 2]
      [GC Worker Start (ms): Min: 8394257.0, Avg: 8394257.1, Max: 8394257.1, Diff: 0.0]
      [Ext Root Scanning (ms): Min: 1.2, Avg: 1.3, Max: 1.5, Diff: 0.3, Sum: 2.6]
      [Update RS (ms): Min: 22.2, Avg: 22.6, Max: 23.0, Diff: 0.8, Sum: 45.2]
         [Processed Buffers: Min: 28, Avg: 40.5, Max: 53, Diff: 25, Sum: 81]
      [Scan RS (ms): Min: 3.6, Avg: 4.0, Max: 4.4, Diff: 0.9, Sum: 8.0]
      [Code Root Scanning (ms): Min: 0.3, Avg: 0.3, Max: 0.3, Diff: 0.0, Sum: 0.6]
      [Object Copy (ms): Min: 142.0, Avg: 142.0, Max: 142.1, Diff: 0.2, Sum: 284.1]
      [Termination (ms): Min: 0.0, Avg: 0.0, Max: 0.0, Diff: 0.0, Sum: 0.0]
      [GC Worker Other (ms): Min: 0.0, Avg: 0.0, Max: 0.0, Diff: 0.0, Sum: 0.1]
      [GC Worker Total (ms): Min: 170.3, Avg: 170.3, Max: 170.3, Diff: 0.0, Sum: 340.6]
      [GC Worker End (ms): Min: 8394427.4, Avg: 8394427.4, Max: 8394427.4, Diff: 0.0]
   [Code Root Fixup: 0.2 ms]
   [Code Root Migration: 0.1 ms]
   [Clear CT: 0.4 ms]
   [Other: 1.8 ms]
      [Choose CSet: 0.0 ms]
      [Ref Proc: 0.8 ms]
      [Ref Enq: 0.1 ms]
      [Free CSet: 0.7 ms]
   [Eden: 1238.0M(1238.0M)->0.0B(598.0M) Survivors: 40.0M->52.0M Heap: 2990.1M(5632.0M)->1764.1M(5632.0M)]
 [Times: user=0.34 sys=0.00, real=0.17 secs] 
2014-06-25T02:30:51.981+0000: 8394.430: Total time for which application threads were stopped: 0.1750431 seconds
2014-06-25T02:30:53.111+0000: 8395.560: [GC pause (G1 Evacuation Pause) (young)
Desired survivor size 42991616 bytes, new threshold 4 (max 15)
- age   1:   14808896 bytes,   14808896 total
- age   2:    6548072 bytes,   21356968 total
- age   3:    8288880 bytes,   29645848 total
- age   4:   21988144 bytes,   51633992 total
, 0.1778880 secs]
   [Parallel Time: 176.0 ms, GC Workers: 2]
      [GC Worker Start (ms): Min: 8395560.3, Avg: 8395560.3, Max: 8395560.3, Diff: 0.0]
      [Ext Root Scanning (ms): Min: 1.2, Avg: 1.4, Max: 1.5, Diff: 0.3, Sum: 2.7]
      [Update RS (ms): Min: 11.9, Avg: 12.0, Max: 12.0, Diff: 0.1, Sum: 24.0]
         [Processed Buffers: Min: 16, Avg: 17.5, Max: 19, Diff: 3, Sum: 35]
      [Scan RS (ms): Min: 0.4, Avg: 0.4, Max: 0.4, Diff: 0.0, Sum: 0.8]
      [Code Root Scanning (ms): Min: 0.2, Avg: 0.2, Max: 0.2, Diff: 0.0, Sum: 0.3]
      [Object Copy (ms): Min: 161.9, Avg: 162.0, Max: 162.1, Diff: 0.2, Sum: 324.0]
      [Termination (ms): Min: 0.0, Avg: 0.0, Max: 0.0, Diff: 0.0, Sum: 0.0]
      [GC Worker Other (ms): Min: 0.0, Avg: 0.0, Max: 0.0, Diff: 0.0, Sum: 0.1]
      [GC Worker Total (ms): Min: 175.9, Avg: 176.0, Max: 176.0, Diff: 0.0, Sum: 351.9]
      [GC Worker End (ms): Min: 8395736.3, Avg: 8395736.3, Max: 8395736.3, Diff: 0.0]
   [Code Root Fixup: 0.2 ms]
   [Code Root Migration: 0.0 ms]
   [Clear CT: 0.2 ms]
   [Other: 1.4 ms]
      [Choose CSet: 0.0 ms]
      [Ref Proc: 0.6 ms]
      [Ref Enq: 0.1 ms]
      [Free CSet: 0.4 ms]
   [Eden: 598.0M(598.0M)->0.0B(1560.0M) Survivors: 52.0M->36.0M Heap: 2362.1M(5632.0M)->1769.3M(5632.0M)]
 [Times: user=0.36 sys=0.00, real=0.18 secs] 
2014-06-25T02:30:53.289+0000: 8395.738: Total time for which application threads were stopped: 0.1811590 seconds
2014-06-25T02:30:55.112+0000: 8397.561: [GC pause (G1 Evacuation Pause) (young)
Desired survivor size 57671680 bytes, new threshold 15 (max 15)
- age   1:    9895864 bytes,    9895864 total
- age   2:   11929296 bytes,   21825160 total
- age   3:    5999792 bytes,   27824952 total
- age   4:    8288880 bytes,   36113832 total
, 0.1735873 secs]
   [Parallel Time: 171.3 ms, GC Workers: 2]
      [GC Worker Start (ms): Min: 8397561.5, Avg: 8397561.5, Max: 8397561.5, Diff: 0.0]
      [Ext Root Scanning (ms): Min: 1.2, Avg: 1.3, Max: 1.4, Diff: 0.3, Sum: 2.6]
      [Update RS (ms): Min: 24.6, Avg: 24.8, Max: 25.0, Diff: 0.4, Sum: 49.6]
         [Processed Buffers: Min: 23, Avg: 35.0, Max: 47, Diff: 24, Sum: 70]
      [Scan RS (ms): Min: 6.6, Avg: 6.7, Max: 6.9, Diff: 0.4, Sum: 13.5]
      [Code Root Scanning (ms): Min: 0.1, Avg: 0.2, Max: 0.3, Diff: 0.2, Sum: 0.4]
      [Object Copy (ms): Min: 138.0, Avg: 138.1, Max: 138.2, Diff: 0.2, Sum: 276.2]
      [Termination (ms): Min: 0.0, Avg: 0.0, Max: 0.0, Diff: 0.0, Sum: 0.0]
      [GC Worker Other (ms): Min: 0.0, Avg: 0.0, Max: 0.0, Diff: 0.0, Sum: 0.1]
      [GC Worker Total (ms): Min: 171.2, Avg: 171.2, Max: 171.2, Diff: 0.0, Sum: 342.4]
      [GC Worker End (ms): Min: 8397732.7, Avg: 8397732.7, Max: 8397732.7, Diff: 0.0]
   [Code Root Fixup: 0.2 ms]
   [Code Root Migration: 0.1 ms]
   [Clear CT: 0.3 ms]
   [Other: 1.8 ms]
      [Choose CSet: 0.0 ms]
      [Ref Proc: 0.8 ms]
      [Ref Enq: 0.1 ms]
      [Free CSet: 0.5 ms]
   [Eden: 840.0M(840.0M)->0.0B(592.0M) Survivors: 36.0M->48.0M Heap: 2610.3M(5632.0M)->1783.3M(5632.0M)]
 [Times: user=0.35 sys=0.00, real=0.18 secs] 
2014-06-25T02:30:55.286+0000: 8397.735: Total time for which application threads were stopped: 0.1742702 seconds
2014-06-25T02:30:56.540+0000: 8398.989: [GC pause (G1 Evacuation Pause) (young)
Desired survivor size 41943040 bytes, new threshold 5 (max 15)
- age   1:   15242368 bytes,   15242368 total
- age   2:    7705024 bytes,   22947392 total
- age   3:   11929056 bytes,   34876448 total
- age   4:    5998832 bytes,   40875280 total
- age   5:    8288880 bytes,   49164160 total
, 0.1891688 secs]
   [Parallel Time: 187.1 ms, GC Workers: 2]
      [GC Worker Start (ms): Min: 8398989.0, Avg: 8398989.0, Max: 8398989.0, Diff: 0.0]
      [Ext Root Scanning (ms): Min: 1.2, Avg: 1.3, Max: 1.5, Diff: 0.3, Sum: 2.6]
      [Update RS (ms): Min: 20.6, Avg: 20.9, Max: 21.1, Diff: 0.5, Sum: 41.8]
         [Processed Buffers: Min: 20, Avg: 31.0, Max: 42, Diff: 22, Sum: 62]
      [Scan RS (ms): Min: 0.7, Avg: 0.9, Max: 1.2, Diff: 0.5, Sum: 1.8]
      [Code Root Scanning (ms): Min: 0.2, Avg: 0.2, Max: 0.2, Diff: 0.0, Sum: 0.3]
      [Object Copy (ms): Min: 163.6, Avg: 163.7, Max: 163.9, Diff: 0.3, Sum: 327.5]
      [Termination (ms): Min: 0.0, Avg: 0.0, Max: 0.0, Diff: 0.0, Sum: 0.0]
      [GC Worker Other (ms): Min: 0.0, Avg: 0.0, Max: 0.0, Diff: 0.0, Sum: 0.1]
      [GC Worker Total (ms): Min: 187.0, Avg: 187.0, Max: 187.0, Diff: 0.0, Sum: 374.1]
      [GC Worker End (ms): Min: 8399176.0, Avg: 8399176.0, Max: 8399176.0, Diff: 0.0]
   [Code Root Fixup: 0.2 ms]
   [Code Root Migration: 0.0 ms]
   [Clear CT: 0.2 ms]
   [Other: 1.6 ms]
      [Choose CSet: 0.0 ms]
      [Ref Proc: 0.7 ms]
      [Ref Enq: 0.1 ms]
      [Free CSet: 0.4 ms]
   [Eden: 592.0M(592.0M)->0.0B(528.0M) Survivors: 48.0M->50.0M Heap: 2375.3M(5632.0M)->1793.3M(5632.0M)]
 [Times: user=0.37 sys=0.00, real=0.19 secs] 
2014-06-25T02:30:56.729+0000: 8399.178: Total time for which application threads were stopped: 0.1920216 seconds
2014-06-25T02:30:57.288+0000: 8399.737: [GC pause (G1 Evacuation Pause) (young)
Desired survivor size 19922944 bytes, new threshold 2 (max 15)
- age   1:   11549928 bytes,   11549928 total
- age   2:   13282024 bytes,   24831952 total
- age   3:    7704800 bytes,   32536752 total
- age   4:   11928256 bytes,   44465008 total
- age   5:    5985976 bytes,   50450984 total
, 0.1822631 secs]
   [Parallel Time: 180.8 ms, GC Workers: 2]
      [GC Worker Start (ms): Min: 8399737.0, Avg: 8399737.0, Max: 8399737.0, Diff: 0.0]
      [Ext Root Scanning (ms): Min: 1.2, Avg: 1.3, Max: 1.5, Diff: 0.3, Sum: 2.6]
      [Update RS (ms): Min: 20.0, Avg: 20.2, Max: 20.5, Diff: 0.5, Sum: 40.5]
         [Processed Buffers: Min: 20, Avg: 29.0, Max: 38, Diff: 18, Sum: 58]
      [Scan RS (ms): Min: 5.1, Avg: 5.5, Max: 5.8, Diff: 0.7, Sum: 11.0]
      [Code Root Scanning (ms): Min: 0.1, Avg: 0.1, Max: 0.1, Diff: 0.0, Sum: 0.2]
      [Object Copy (ms): Min: 153.5, Avg: 153.6, Max: 153.7, Diff: 0.2, Sum: 307.2]
      [Termination (ms): Min: 0.0, Avg: 0.0, Max: 0.0, Diff: 0.0, Sum: 0.0]
      [GC Worker Other (ms): Min: 0.0, Avg: 0.0, Max: 0.0, Diff: 0.0, Sum: 0.1]
      [GC Worker Total (ms): Min: 180.7, Avg: 180.8, Max: 180.8, Diff: 0.0, Sum: 361.5]
      [GC Worker End (ms): Min: 8399917.7, Avg: 8399917.7, Max: 8399917.7, Diff: 0.0]
   [Code Root Fixup: 0.2 ms]
   [Code Root Migration: 0.0 ms]
   [Clear CT: 0.2 ms]
   [Other: 1.1 ms]
      [Choose CSet: 0.0 ms]
      [Ref Proc: 0.3 ms]
      [Ref Enq: 0.0 ms]
      [Free CSet: 0.3 ms]
   [Eden: 252.0M(252.0M)->0.0B(3200.0M) Survivors: 50.0M->16.0M Heap: 2045.3M(5632.0M)->1797.3M(5632.0M)]
 [Times: user=0.36 sys=0.00, real=0.18 secs] 
2014-06-25T02:30:57.470+0000: 8399.919: Total time for which application threads were stopped: 0.1853240 seconds
2014-06-25T02:31:01.312+0000: 8403.761: Total time for which application threads were stopped: 0.0015317 seconds
2014-06-25T02:31:03.731+0000: 8406.180: [GC pause (G1 Evacuation Pause) (young)
Desired survivor size 210763776 bytes, new threshold 15 (max 15)
- age   1:    5795312 bytes,    5795312 total
- age   2:    9443776 bytes,   15239088 total
, 0.2520725 secs]
   [Parallel Time: 246.2 ms, GC Workers: 2]
      [GC Worker Start (ms): Min: 8406180.3, Avg: 8406180.3, Max: 8406180.3, Diff: 0.0]
      [Ext Root Scanning (ms): Min: 1.2, Avg: 1.3, Max: 1.4, Diff: 0.2, Sum: 2.7]
      [Update RS (ms): Min: 28.2, Avg: 28.2, Max: 28.3, Diff: 0.1, Sum: 56.5]
         [Processed Buffers: Min: 41, Avg: 43.0, Max: 45, Diff: 4, Sum: 86]
      [Scan RS (ms): Min: 6.3, Avg: 6.3, Max: 6.3, Diff: 0.1, Sum: 12.6]
      [Code Root Scanning (ms): Min: 0.8, Avg: 0.8, Max: 0.8, Diff: 0.0, Sum: 1.6]
      [Object Copy (ms): Min: 209.3, Avg: 209.4, Max: 209.5, Diff: 0.2, Sum: 418.8]
      [Termination (ms): Min: 0.0, Avg: 0.0, Max: 0.0, Diff: 0.0, Sum: 0.0]
      [GC Worker Other (ms): Min: 0.0, Avg: 0.0, Max: 0.1, Diff: 0.0, Sum: 0.1]
      [GC Worker Total (ms): Min: 246.1, Avg: 246.1, Max: 246.1, Diff: 0.0, Sum: 492.2]
      [GC Worker End (ms): Min: 8406426.4, Avg: 8406426.4, Max: 8406426.4, Diff: 0.0]
   [Code Root Fixup: 0.2 ms]
   [Code Root Migration: 0.2 ms]
   [Clear CT: 0.8 ms]
   [Other: 4.7 ms]
      [Choose CSet: 0.0 ms]
      [Ref Proc: 2.6 ms]
      [Ref Enq: 0.3 ms]
      [Free CSet: 1.6 ms]
   [Eden: 3200.0M(3200.0M)->0.0B(308.0M) Survivors: 16.0M->58.0M Heap: 4997.3M(5632.0M)->1839.3M(5632.0M)]
 [Times: user=0.39 sys=0.10, real=0.25 secs] 
2014-06-25T02:31:03.983+0000: 8406.432: Total time for which application threads were stopped: 0.2550558 seconds
2014-06-25T02:31:04.510+0000: 8406.959: [GC pause (G1 Evacuation Pause) (young)
Desired survivor size 24117248 bytes, new threshold 1 (max 15)
- age   1:   44374512 bytes,   44374512 total
- age   2:    4570896 bytes,   48945408 total
- age   3:    9430064 bytes,   58375472 total
, 0.1821619 secs]
   [Parallel Time: 180.6 ms, GC Workers: 2]
      [GC Worker Start (ms): Min: 8406958.9, Avg: 8406958.9, Max: 8406958.9, Diff: 0.0]
      [Ext Root Scanning (ms): Min: 1.2, Avg: 1.4, Max: 1.5, Diff: 0.3, Sum: 2.7]
      [Update RS (ms): Min: 13.9, Avg: 14.0, Max: 14.0, Diff: 0.1, Sum: 27.9]
         [Processed Buffers: Min: 11, Avg: 20.5, Max: 30, Diff: 19, Sum: 41]
      [Scan RS (ms): Min: 0.1, Avg: 0.2, Max: 0.3, Diff: 0.2, Sum: 0.5]
      [Code Root Scanning (ms): Min: 0.1, Avg: 0.1, Max: 0.1, Diff: 0.1, Sum: 0.2]
      [Object Copy (ms): Min: 164.8, Avg: 164.9, Max: 165.0, Diff: 0.2, Sum: 329.8]
      [Termination (ms): Min: 0.0, Avg: 0.0, Max: 0.0, Diff: 0.0, Sum: 0.0]
      [GC Worker Other (ms): Min: 0.0, Avg: 0.0, Max: 0.0, Diff: 0.0, Sum: 0.1]
      [GC Worker Total (ms): Min: 180.6, Avg: 180.6, Max: 180.6, Diff: 0.0, Sum: 361.2]
      [GC Worker End (ms): Min: 8407139.4, Avg: 8407139.4, Max: 8407139.4, Diff: 0.0]
   [Code Root Fixup: 0.2 ms]
   [Code Root Migration: 0.0 ms]
   [Clear CT: 0.2 ms]
   [Other: 1.1 ms]
      [Choose CSet: 0.0 ms]
      [Ref Proc: 0.3 ms]
      [Ref Enq: 0.0 ms]
      [Free CSet: 0.3 ms]
   [Eden: 308.0M(308.0M)->0.0B(2168.0M) Survivors: 58.0M->6144.0K Heap: 2147.3M(5632.0M)->1840.3M(5632.0M)]
 [Times: user=0.37 sys=0.00, real=0.19 secs] 
2014-06-25T02:31:04.692+0000: 8407.141: Total time for which application threads were stopped: 0.1828018 seconds
2014-06-25T02:31:08.324+0000: 8410.773: [GC pause (G1 Evacuation Pause) (young)
Desired survivor size 142606336 bytes, new threshold 15 (max 15)
- age   1:    4985736 bytes,    4985736 total
, 0.1106325 secs]
   [Parallel Time: 107.0 ms, GC Workers: 2]
      [GC Worker Start (ms): Min: 8410773.1, Avg: 8410773.1, Max: 8410773.1, Diff: 0.0]
      [Ext Root Scanning (ms): Min: 1.2, Avg: 1.3, Max: 1.5, Diff: 0.3, Sum: 2.7]
      [Update RS (ms): Min: 21.9, Avg: 21.9, Max: 22.0, Diff: 0.1, Sum: 43.9]
         [Processed Buffers: Min: 21, Avg: 31.0, Max: 41, Diff: 20, Sum: 62]
      [Scan RS (ms): Min: 3.1, Avg: 3.1, Max: 3.2, Diff: 0.1, Sum: 6.3]
      [Code Root Scanning (ms): Min: 0.5, Avg: 0.5, Max: 0.6, Diff: 0.0, Sum: 1.1]
      [Object Copy (ms): Min: 79.9, Avg: 79.9, Max: 80.0, Diff: 0.1, Sum: 159.8]
      [Termination (ms): Min: 0.0, Avg: 0.0, Max: 0.0, Diff: 0.0, Sum: 0.0]
      [GC Worker Other (ms): Min: 0.0, Avg: 0.0, Max: 0.0, Diff: 0.0, Sum: 0.1]
      [GC Worker Total (ms): Min: 106.9, Avg: 106.9, Max: 106.9, Diff: 0.0, Sum: 213.8]
      [GC Worker End (ms): Min: 8410880.0, Avg: 8410880.0, Max: 8410880.0, Diff: 0.0]
   [Code Root Fixup: 0.2 ms]
   [Code Root Migration: 0.1 ms]
   [Clear CT: 0.6 ms]
   [Other: 2.8 ms]
      [Choose CSet: 0.0 ms]
      [Ref Proc: 1.3 ms]
      [Ref Enq: 0.1 ms]
      [Free CSet: 1.1 ms]
   [Eden: 2168.0M(2168.0M)->0.0B(1508.0M) Survivors: 6144.0K->28.0M Heap: 4008.3M(5632.0M)->1862.3M(5632.0M)]
 [Times: user=0.22 sys=0.00, real=0.11 secs] 
2014-06-25T02:31:08.435+0000: 8410.884: Total time for which application threads were stopped: 0.1164475 seconds
2014-06-25T02:31:11.204+0000: 8413.653: [GC pause (G1 Evacuation Pause) (young)
Desired survivor size 100663296 bytes, new threshold 15 (max 15)
- age   1:   24490776 bytes,   24490776 total
- age   2:    3093528 bytes,   27584304 total
, 0.1528822 secs]
   [Parallel Time: 149.8 ms, GC Workers: 2]
      [GC Worker Start (ms): Min: 8413653.0, Avg: 8413653.0, Max: 8413653.0, Diff: 0.0]
      [Ext Root Scanning (ms): Min: 1.2, Avg: 1.3, Max: 1.4, Diff: 0.3, Sum: 2.6]
      [Update RS (ms): Min: 17.0, Avg: 17.0, Max: 17.1, Diff: 0.1, Sum: 34.0]
         [Processed Buffers: Min: 17, Avg: 25.0, Max: 33, Diff: 16, Sum: 50]
      [Scan RS (ms): Min: 0.9, Avg: 0.9, Max: 0.9, Diff: 0.0, Sum: 1.9]
      [Code Root Scanning (ms): Min: 0.4, Avg: 0.4, Max: 0.4, Diff: 0.0, Sum: 0.7]
      [Object Copy (ms): Min: 130.0, Avg: 130.1, Max: 130.2, Diff: 0.2, Sum: 260.1]
      [Termination (ms): Min: 0.0, Avg: 0.0, Max: 0.0, Diff: 0.0, Sum: 0.0]
      [GC Worker Other (ms): Min: 0.0, Avg: 0.0, Max: 0.0, Diff: 0.0, Sum: 0.1]
      [GC Worker Total (ms): Min: 149.7, Avg: 149.7, Max: 149.8, Diff: 0.0, Sum: 299.5]
      [GC Worker End (ms): Min: 8413802.7, Avg: 8413802.7, Max: 8413802.7, Diff: 0.0]
   [Code Root Fixup: 0.2 ms]
   [Code Root Migration: 0.1 ms]
   [Clear CT: 0.4 ms]
   [Other: 2.4 ms]
      [Choose CSet: 0.0 ms]
      [Ref Proc: 1.2 ms]
      [Ref Enq: 0.1 ms]
      [Free CSet: 0.8 ms]
   [Eden: 1508.0M(1508.0M)->0.0B(938.0M) Survivors: 28.0M->46.0M Heap: 3370.3M(5632.0M)->1881.3M(5632.0M)]
 [Times: user=0.30 sys=0.01, real=0.15 secs] 
2014-06-25T02:31:11.357+0000: 8413.806: Total time for which application threads were stopped: 0.1559674 seconds
2014-06-25T02:31:13.372+0000: 8415.821: [GC pause (G1 Evacuation Pause) (young)
Desired survivor size 65011712 bytes, new threshold 15 (max 15)
- age   1:   21420528 bytes,   21420528 total
- age   2:   22005888 bytes,   43426416 total
- age   3:    3093496 bytes,   46519912 total
, 0.1937888 secs]
   [Parallel Time: 191.4 ms, GC Workers: 2]
      [GC Worker Start (ms): Min: 8415821.0, Avg: 8415821.0, Max: 8415821.0, Diff: 0.0]
      [Ext Root Scanning (ms): Min: 1.2, Avg: 1.3, Max: 1.5, Diff: 0.3, Sum: 2.6]
      [Update RS (ms): Min: 17.1, Avg: 17.3, Max: 17.5, Diff: 0.4, Sum: 34.6]
         [Processed Buffers: Min: 11, Avg: 22.5, Max: 34, Diff: 23, Sum: 45]
      [Scan RS (ms): Min: 0.5, Avg: 0.6, Max: 0.7, Diff: 0.2, Sum: 1.2]
      [Code Root Scanning (ms): Min: 0.2, Avg: 0.2, Max: 0.3, Diff: 0.1, Sum: 0.5]
      [Object Copy (ms): Min: 171.7, Avg: 171.8, Max: 171.9, Diff: 0.2, Sum: 343.6]
      [Termination (ms): Min: 0.0, Avg: 0.0, Max: 0.0, Diff: 0.0, Sum: 0.0]
      [GC Worker Other (ms): Min: 0.0, Avg: 0.0, Max: 0.0, Diff: 0.0, Sum: 0.1]
      [GC Worker Total (ms): Min: 191.3, Avg: 191.3, Max: 191.3, Diff: 0.0, Sum: 382.6]
      [GC Worker End (ms): Min: 8416012.3, Avg: 8416012.3, Max: 8416012.3, Diff: 0.0]
   [Code Root Fixup: 0.2 ms]
   [Code Root Migration: 0.1 ms]
   [Clear CT: 0.3 ms]
   [Other: 1.9 ms]
      [Choose CSet: 0.0 ms]
      [Ref Proc: 1.0 ms]
      [Ref Enq: 0.1 ms]
      [Free CSet: 0.6 ms]
   [Eden: 938.0M(938.0M)->0.0B(590.0M) Survivors: 46.0M->60.0M Heap: 2819.3M(5632.0M)->1895.3M(5632.0M)]
 [Times: user=0.38 sys=0.00, real=0.19 secs] 
2014-06-25T02:31:13.566+0000: 8416.015: Total time for which application threads were stopped: 0.1974646 seconds
2014-06-25T02:31:14.834+0000: 8417.283: [GC pause (G1 Evacuation Pause) (young)
Desired survivor size 42991616 bytes, new threshold 3 (max 15)
- age   1:   18245400 bytes,   18245400 total
- age   2:   19107064 bytes,   37352464 total
- age   3:   22004944 bytes,   59357408 total
- age   4:    3093496 bytes,   62450904 total
, 0.2217826 secs]
   [Parallel Time: 219.8 ms, GC Workers: 2]
      [GC Worker Start (ms): Min: 8417283.6, Avg: 8417283.6, Max: 8417283.6, Diff: 0.0]
      [Ext Root Scanning (ms): Min: 1.2, Avg: 1.3, Max: 1.5, Diff: 0.3, Sum: 2.7]
      [Update RS (ms): Min: 17.1, Avg: 17.2, Max: 17.2, Diff: 0.1, Sum: 34.4]
         [Processed Buffers: Min: 20, Avg: 22.5, Max: 25, Diff: 5, Sum: 45]
      [Scan RS (ms): Min: 0.4, Avg: 0.4, Max: 0.4, Diff: 0.0, Sum: 0.8]
      [Code Root Scanning (ms): Min: 0.2, Avg: 0.2, Max: 0.2, Diff: 0.0, Sum: 0.3]
      [Object Copy (ms): Min: 200.5, Avg: 200.6, Max: 200.7, Diff: 0.2, Sum: 401.2]
      [Termination (ms): Min: 0.0, Avg: 0.0, Max: 0.0, Diff: 0.0, Sum: 0.0]
      [GC Worker Other (ms): Min: 0.0, Avg: 0.0, Max: 0.0, Diff: 0.0, Sum: 0.1]
      [GC Worker Total (ms): Min: 219.7, Avg: 219.7, Max: 219.7, Diff: 0.0, Sum: 439.4]
      [GC Worker End (ms): Min: 8417503.3, Avg: 8417503.3, Max: 8417503.3, Diff: 0.0]
   [Code Root Fixup: 0.2 ms]
   [Code Root Migration: 0.0 ms]
   [Clear CT: 0.2 ms]
   [Other: 1.5 ms]
      [Choose CSet: 0.0 ms]
      [Ref Proc: 0.7 ms]
      [Ref Enq: 0.1 ms]
      [Free CSet: 0.4 ms]
   [Eden: 590.0M(590.0M)->0.0B(654.0M) Survivors: 60.0M->46.0M Heap: 2485.3M(5632.0M)->1906.9M(5632.0M)]
 [Times: user=0.44 sys=0.00, real=0.22 secs] 
2014-06-25T02:31:15.056+0000: 8417.505: Total time for which application threads were stopped: 0.2289072 seconds
2014-06-25T02:31:16.115+0000: 8418.564: [GC pause (G1 Evacuation Pause) (young)
Desired survivor size 34603008 bytes, new threshold 3 (max 15)
- age   1:   12474784 bytes,   12474784 total
- age   2:   15592704 bytes,   28067488 total
- age   3:   19106072 bytes,   47173560 total
, 0.1774963 secs]
   [Parallel Time: 175.8 ms, GC Workers: 2]
      [GC Worker Start (ms): Min: 8418563.9, Avg: 8418563.9, Max: 8418564.0, Diff: 0.0]
      [Ext Root Scanning (ms): Min: 1.2, Avg: 1.3, Max: 1.5, Diff: 0.3, Sum: 2.7]
      [Update RS (ms): Min: 20.0, Avg: 20.4, Max: 20.7, Diff: 0.7, Sum: 40.8]
         [Processed Buffers: Min: 22, Avg: 30.0, Max: 38, Diff: 16, Sum: 60]
      [Scan RS (ms): Min: 3.9, Avg: 4.0, Max: 4.2, Diff: 0.3, Sum: 8.1]
      [Code Root Scanning (ms): Min: 0.0, Avg: 0.1, Max: 0.2, Diff: 0.2, Sum: 0.3]
      [Object Copy (ms): Min: 149.7, Avg: 149.8, Max: 149.8, Diff: 0.1, Sum: 299.5]
      [Termination (ms): Min: 0.0, Avg: 0.0, Max: 0.0, Diff: 0.0, Sum: 0.0]
      [GC Worker Other (ms): Min: 0.0, Avg: 0.0, Max: 0.0, Diff: 0.0, Sum: 0.1]
      [GC Worker Total (ms): Min: 175.7, Avg: 175.7, Max: 175.7, Diff: 0.0, Sum: 351.4]
      [GC Worker End (ms): Min: 8418739.6, Avg: 8418739.6, Max: 8418739.6, Diff: 0.0]
   [Code Root Fixup: 0.2 ms]
   [Code Root Migration: 0.0 ms]
   [Clear CT: 0.2 ms]
   [Other: 1.3 ms]
      [Choose CSet: 0.0 ms]
      [Ref Proc: 0.5 ms]
      [Ref Enq: 0.1 ms]
      [Free CSet: 0.4 ms]
   [Eden: 482.0M(482.0M)->0.0B(1140.0M) Survivors: 46.0M->34.0M Heap: 2388.9M(5632.0M)->1914.3M(5632.0M)]
 [Times: user=0.35 sys=0.00, real=0.18 secs] 
2014-06-25T02:31:16.292+0000: 8418.742: Total time for which application threads were stopped: 0.1782173 seconds
2014-06-25T02:31:16.335+0000: 8418.784: Total time for which application threads were stopped: 0.0038378 seconds
2014-06-25T02:31:18.463+0000: 8420.912: [GC pause (G1 Evacuation Pause) (young)
Desired survivor size 67108864 bytes, new threshold 15 (max 15)
- age   1:    9034872 bytes,    9034872 total
- age   2:    9859016 bytes,   18893888 total
- age   3:   15592640 bytes,   34486528 total
, 0.1775488 secs]
   [Parallel Time: 174.9 ms, GC Workers: 2]
      [GC Worker Start (ms): Min: 8420912.1, Avg: 8420912.1, Max: 8420912.1, Diff: 0.0]
      [Ext Root Scanning (ms): Min: 1.2, Avg: 1.3, Max: 1.5, Diff: 0.3, Sum: 2.7]
      [Update RS (ms): Min: 23.2, Avg: 23.2, Max: 23.3, Diff: 0.1, Sum: 46.5]
         [Processed Buffers: Min: 19, Avg: 31.5, Max: 44, Diff: 25, Sum: 63]
      [Scan RS (ms): Min: 4.1, Avg: 4.2, Max: 4.3, Diff: 0.2, Sum: 8.3]
      [Code Root Scanning (ms): Min: 0.2, Avg: 0.3, Max: 0.3, Diff: 0.0, Sum: 0.5]
      [Object Copy (ms): Min: 145.8, Avg: 145.9, Max: 146.0, Diff: 0.2, Sum: 291.7]
      [Termination (ms): Min: 0.0, Avg: 0.0, Max: 0.0, Diff: 0.0, Sum: 0.0]
      [GC Worker Other (ms): Min: 0.0, Avg: 0.0, Max: 0.0, Diff: 0.0, Sum: 0.1]
      [GC Worker Total (ms): Min: 174.9, Avg: 174.9, Max: 174.9, Diff: 0.0, Sum: 349.8]
      [GC Worker End (ms): Min: 8421087.0, Avg: 8421087.0, Max: 8421087.0, Diff: 0.0]
   [Code Root Fixup: 0.2 ms]
   [Code Root Migration: 0.1 ms]
   [Clear CT: 0.3 ms]
   [Other: 2.0 ms]
      [Choose CSet: 0.0 ms]
      [Ref Proc: 1.1 ms]
      [Ref Enq: 0.1 ms]
      [Free CSet: 0.6 ms]
   [Eden: 990.0M(990.0M)->0.0B(566.0M) Survivors: 34.0M->52.0M Heap: 2904.3M(5632.0M)->1931.3M(5632.0M)]
 [Times: user=0.35 sys=0.00, real=0.18 secs] 
2014-06-25T02:31:18.641+0000: 8421.090: Total time for which application threads were stopped: 0.1782439 seconds
2014-06-25T02:31:19.856+0000: 8422.305: [GC pause (G1 Evacuation Pause) (young)
Desired survivor size 40894464 bytes, new threshold 4 (max 15)
- age   1:   19348608 bytes,   19348608 total
- age   2:    7275816 bytes,   26624424 total
- age   3:    9858936 bytes,   36483360 total
- age   4:   15591888 bytes,   52075248 total
, 0.1897405 secs]
   [Parallel Time: 187.9 ms, GC Workers: 2]
      [GC Worker Start (ms): Min: 8422305.0, Avg: 8422305.0, Max: 8422305.0, Diff: 0.0]
      [Ext Root Scanning (ms): Min: 1.2, Avg: 1.3, Max: 1.4, Diff: 0.3, Sum: 2.6]
      [Update RS (ms): Min: 16.4, Avg: 16.6, Max: 16.8, Diff: 0.4, Sum: 33.2]
         [Processed Buffers: Min: 11, Avg: 21.5, Max: 32, Diff: 21, Sum: 43]
      [Scan RS (ms): Min: 0.2, Avg: 0.4, Max: 0.6, Diff: 0.4, Sum: 0.8]
      [Code Root Scanning (ms): Min: 0.1, Avg: 0.2, Max: 0.2, Diff: 0.2, Sum: 0.3]
      [Object Copy (ms): Min: 169.3, Avg: 169.4, Max: 169.4, Diff: 0.2, Sum: 338.7]
      [Termination (ms): Min: 0.0, Avg: 0.0, Max: 0.0, Diff: 0.0, Sum: 0.0]
      [GC Worker Other (ms): Min: 0.0, Avg: 0.0, Max: 0.0, Diff: 0.0, Sum: 0.1]
      [GC Worker Total (ms): Min: 187.8, Avg: 187.8, Max: 187.8, Diff: 0.0, Sum: 375.7]
      [GC Worker End (ms): Min: 8422492.8, Avg: 8422492.8, Max: 8422492.8, Diff: 0.0]
   [Code Root Fixup: 0.2 ms]
   [Code Root Migration: 0.0 ms]
   [Clear CT: 0.2 ms]
   [Other: 1.4 ms]
      [Choose CSet: 0.0 ms]
      [Ref Proc: 0.6 ms]
      [Ref Enq: 0.1 ms]
      [Free CSet: 0.4 ms]
   [Eden: 566.0M(566.0M)->0.0B(646.0M) Survivors: 52.0M->44.0M Heap: 2497.3M(5632.0M)->1940.3M(5632.0M)]
 [Times: user=0.38 sys=0.00, real=0.19 secs] 
2014-06-25T02:31:20.046+0000: 8422.495: Total time for which application threads were stopped: 0.1940855 seconds
2014-06-25T02:31:21.267+0000: 8423.717: [GC pause (G1 Evacuation Pause) (young)
Desired survivor size 40894464 bytes, new threshold 4 (max 15)
- age   1:   11110768 bytes,   11110768 total
- age   2:   17185272 bytes,   28296040 total
- age   3:    7275816 bytes,   35571856 total
- age   4:    9857976 bytes,   45429832 total
, 0.1820804 secs]
   [Parallel Time: 180.3 ms, GC Workers: 2]
      [GC Worker Start (ms): Min: 8423716.6, Avg: 8423716.6, Max: 8423716.7, Diff: 0.0]
      [Ext Root Scanning (ms): Min: 1.2, Avg: 1.3, Max: 1.4, Diff: 0.3, Sum: 2.6]
      [Update RS (ms): Min: 20.4, Avg: 20.9, Max: 21.3, Diff: 0.9, Sum: 41.7]
         [Processed Buffers: Min: 18, Avg: 31.5, Max: 45, Diff: 27, Sum: 63]
      [Scan RS (ms): Min: 3.4, Avg: 3.7, Max: 4.1, Diff: 0.6, Sum: 7.5]
      [Code Root Scanning (ms): Min: 0.0, Avg: 0.2, Max: 0.3, Diff: 0.2, Sum: 0.3]
      [Object Copy (ms): Min: 154.0, Avg: 154.1, Max: 154.2, Diff: 0.2, Sum: 308.2]
      [Termination (ms): Min: 0.0, Avg: 0.0, Max: 0.0, Diff: 0.0, Sum: 0.0]
      [GC Worker Other (ms): Min: 0.0, Avg: 0.0, Max: 0.0, Diff: 0.0, Sum: 0.1]
      [GC Worker Total (ms): Min: 180.2, Avg: 180.2, Max: 180.2, Diff: 0.0, Sum: 360.4]
      [GC Worker End (ms): Min: 8423896.8, Avg: 8423896.8, Max: 8423896.8, Diff: 0.0]
   [Code Root Fixup: 0.2 ms]
   [Code Root Migration: 0.0 ms]
   [Clear CT: 0.2 ms]
   [Other: 1.4 ms]
      [Choose CSet: 0.0 ms]
      [Ref Proc: 0.6 ms]
      [Ref Enq: 0.1 ms]
      [Free CSet: 0.4 ms]
   [Eden: 568.0M(568.0M)->0.0B(602.0M) Survivors: 44.0M->46.0M Heap: 2508.3M(5632.0M)->1951.3M(5632.0M)]
 [Times: user=0.36 sys=0.01, real=0.18 secs] 
2014-06-25T02:31:21.450+0000: 8423.899: Total time for which application threads were stopped: 0.1827710 seconds
2014-06-25T02:31:22.789+0000: 8425.238: [GC pause (G1 Evacuation Pause) (young)
Desired survivor size 39845888 bytes, new threshold 4 (max 15)
- age   1:   11777328 bytes,   11777328 total
- age   2:    9303592 bytes,   21080920 total
- age   3:   17185240 bytes,   38266160 total
- age   4:    7275816 bytes,   45541976 total
, 0.1915193 secs]
   [Parallel Time: 188.6 ms, GC Workers: 2]
      [GC Worker Start (ms): Min: 8425238.0, Avg: 8425238.0, Max: 8425238.0, Diff: 0.0]
      [Ext Root Scanning (ms): Min: 1.2, Avg: 1.3, Max: 1.5, Diff: 0.3, Sum: 2.6]
      [Update RS (ms): Min: 20.7, Avg: 20.8, Max: 20.8, Diff: 0.2, Sum: 41.5]
         [Processed Buffers: Min: 16, Avg: 27.0, Max: 38, Diff: 22, Sum: 54]
      [Scan RS (ms): Min: 3.5, Avg: 3.5, Max: 3.5, Diff: 0.1, Sum: 7.0]
      [Code Root Scanning (ms): Min: 0.1, Avg: 0.2, Max: 0.2, Diff: 0.0, Sum: 0.3]
      [Object Copy (ms): Min: 161.4, Avg: 161.4, Max: 161.5, Diff: 0.1, Sum: 322.9]
      [Termination (ms): Min: 0.0, Avg: 0.0, Max: 0.0, Diff: 0.0, Sum: 0.0]
      [GC Worker Other (ms): Min: 0.0, Avg: 0.0, Max: 0.0, Diff: 0.0, Sum: 0.1]
      [GC Worker Total (ms): Min: 187.2, Avg: 187.2, Max: 187.2, Diff: 0.0, Sum: 374.5]
      [GC Worker End (ms): Min: 8425425.2, Avg: 8425425.2, Max: 8425425.2, Diff: 0.0]
   [Code Root Fixup: 0.3 ms]
   [Code Root Migration: 0.1 ms]
   [Clear CT: 0.3 ms]
   [Other: 2.3 ms]
      [Choose CSet: 0.0 ms]
      [Ref Proc: 1.2 ms]
      [Ref Enq: 0.2 ms]
      [Free CSet: 0.6 ms]
   [Eden: 558.0M(558.0M)->0.0B(550.0M) Survivors: 46.0M->46.0M Heap: 2509.3M(5632.0M)->1960.3M(5632.0M)]
 [Times: user=0.35 sys=0.00, real=0.19 secs] 
2014-06-25T02:31:22.980+0000: 8425.430: Total time for which application threads were stopped: 0.1922317 seconds
2014-06-25T02:31:24.253+0000: 8426.702: [GC pause (G1 Evacuation Pause) (young)
Desired survivor size 18874368 bytes, new threshold 2 (max 15)
- age   1:   11711552 bytes,   11711552 total
- age   2:    8743888 bytes,   20455440 total
- age   3:    9303512 bytes,   29758952 total
- age   4:   17184392 bytes,   46943344 total
, 0.2002456 secs]
   [Parallel Time: 197.9 ms, GC Workers: 2]
      [GC Worker Start (ms): Min: 8426702.2, Avg: 8426702.2, Max: 8426702.2, Diff: 0.0]
      [Ext Root Scanning (ms): Min: 1.2, Avg: 1.3, Max: 1.4, Diff: 0.3, Sum: 2.6]
      [Update RS (ms): Min: 16.1, Avg: 16.1, Max: 16.2, Diff: 0.1, Sum: 32.3]
         [Processed Buffers: Min: 20, Avg: 24.5, Max: 29, Diff: 9, Sum: 49]
      [Scan RS (ms): Min: 13.7, Avg: 13.8, Max: 13.8, Diff: 0.1, Sum: 27.6]
      [Code Root Scanning (ms): Min: 0.1, Avg: 0.2, Max: 0.2, Diff: 0.1, Sum: 0.3]
      [Object Copy (ms): Min: 166.3, Avg: 166.4, Max: 166.4, Diff: 0.1, Sum: 332.7]
      [Termination (ms): Min: 0.0, Avg: 0.0, Max: 0.0, Diff: 0.0, Sum: 0.0]
      [GC Worker Other (ms): Min: 0.0, Avg: 0.0, Max: 0.0, Diff: 0.0, Sum: 0.1]
      [GC Worker Total (ms): Min: 197.8, Avg: 197.8, Max: 197.8, Diff: 0.0, Sum: 395.6]
      [GC Worker End (ms): Min: 8426900.0, Avg: 8426900.0, Max: 8426900.0, Diff: 0.0]
   [Code Root Fixup: 0.2 ms]
   [Code Root Migration: 0.0 ms]
   [Clear CT: 0.3 ms]
   [Other: 1.8 ms]
      [Choose CSet: 0.0 ms]
      [Ref Proc: 0.7 ms]
      [Ref Enq: 0.1 ms]
      [Free CSet: 0.5 ms]
   [Eden: 546.0M(234.0M)->0.0B(1002.0M) Survivors: 46.0M->24.0M Heap: 2508.3M(5632.0M)->1973.3M(5632.0M)]
 [Times: user=0.39 sys=0.00, real=0.20 secs] 
2014-06-25T02:31:24.458+0000: 8426.907: Total time for which application threads were stopped: 0.2057030 seconds
2014-06-25T02:31:26.644+0000: 8429.093: [GC pause (G1 Evacuation Pause) (young)
Desired survivor size 68157440 bytes, new threshold 15 (max 15)
- age   1:   12628560 bytes,   12628560 total
- age   2:    9821816 bytes,   22450376 total
, 0.1407336 secs]
   [Parallel Time: 138.4 ms, GC Workers: 2]
      [GC Worker Start (ms): Min: 8429092.9, Avg: 8429092.9, Max: 8429092.9, Diff: 0.0]
      [Ext Root Scanning (ms): Min: 1.2, Avg: 1.3, Max: 1.4, Diff: 0.2, Sum: 2.6]
      [Update RS (ms): Min: 21.6, Avg: 21.6, Max: 21.6, Diff: 0.1, Sum: 43.2]
         [Processed Buffers: Min: 21, Avg: 26.5, Max: 32, Diff: 11, Sum: 53]
      [Scan RS (ms): Min: 8.7, Avg: 8.7, Max: 8.8, Diff: 0.1, Sum: 17.5]
      [Code Root Scanning (ms): Min: 0.2, Avg: 0.3, Max: 0.3, Diff: 0.0, Sum: 0.5]
      [Object Copy (ms): Min: 106.3, Avg: 106.4, Max: 106.5, Diff: 0.2, Sum: 212.7]
      [Termination (ms): Min: 0.0, Avg: 0.0, Max: 0.0, Diff: 0.0, Sum: 0.0]
      [GC Worker Other (ms): Min: 0.0, Avg: 0.0, Max: 0.0, Diff: 0.0, Sum: 0.1]
      [GC Worker Total (ms): Min: 138.3, Avg: 138.3, Max: 138.3, Diff: 0.0, Sum: 276.6]
      [GC Worker End (ms): Min: 8429231.2, Avg: 8429231.2, Max: 8429231.2, Diff: 0.0]
   [Code Root Fixup: 0.2 ms]
   [Code Root Migration: 0.1 ms]
   [Clear CT: 0.4 ms]
   [Other: 1.7 ms]
      [Choose CSet: 0.0 ms]
      [Ref Proc: 0.7 ms]
      [Ref Enq: 0.1 ms]
      [Free CSet: 0.6 ms]
   [Eden: 1002.0M(1002.0M)->0.0B(732.0M) Survivors: 24.0M->38.0M Heap: 2975.3M(5632.0M)->1987.3M(5632.0M)]
 [Times: user=0.28 sys=0.00, real=0.14 secs] 
2014-06-25T02:31:26.785+0000: 8429.234: Total time for which application threads were stopped: 0.1414765 seconds
2014-06-25T02:31:28.316+0000: 8430.765: [GC pause (G1 Evacuation Pause) (young)
Desired survivor size 51380224 bytes, new threshold 15 (max 15)
- age   1:   17725304 bytes,   17725304 total
- age   2:    9532848 bytes,   27258152 total
- age   3:    9821064 bytes,   37079216 total
, 0.1671725 secs]
   [Parallel Time: 165.1 ms, GC Workers: 2]
      [GC Worker Start (ms): Min: 8430765.2, Avg: 8430765.2, Max: 8430765.2, Diff: 0.0]
      [Ext Root Scanning (ms): Min: 1.2, Avg: 1.3, Max: 1.4, Diff: 0.3, Sum: 2.6]
      [Update RS (ms): Min: 23.3, Avg: 23.6, Max: 23.8, Diff: 0.5, Sum: 47.1]
         [Processed Buffers: Min: 15, Avg: 22.5, Max: 30, Diff: 15, Sum: 45]
      [Scan RS (ms): Min: 4.8, Avg: 5.0, Max: 5.2, Diff: 0.4, Sum: 9.9]
      [Code Root Scanning (ms): Min: 0.1, Avg: 0.2, Max: 0.3, Diff: 0.2, Sum: 0.4]
      [Object Copy (ms): Min: 134.9, Avg: 135.0, Max: 135.1, Diff: 0.2, Sum: 270.0]
      [Termination (ms): Min: 0.0, Avg: 0.0, Max: 0.0, Diff: 0.0, Sum: 0.0]
      [GC Worker Other (ms): Min: 0.0, Avg: 0.0, Max: 0.0, Diff: 0.0, Sum: 0.1]
      [GC Worker Total (ms): Min: 165.1, Avg: 165.1, Max: 165.1, Diff: 0.0, Sum: 330.1]
      [GC Worker End (ms): Min: 8430930.3, Avg: 8430930.3, Max: 8430930.3, Diff: 0.0]
   [Code Root Fixup: 0.2 ms]
   [Code Root Migration: 0.0 ms]
   [Clear CT: 0.3 ms]
   [Other: 1.5 ms]
      [Choose CSet: 0.0 ms]
      [Ref Proc: 0.7 ms]
      [Ref Enq: 0.1 ms]
      [Free CSet: 0.5 ms]
   [Eden: 732.0M(732.0M)->0.0B(570.0M) Survivors: 38.0M->48.0M Heap: 2719.3M(5632.0M)->1997.3M(5632.0M)]
 [Times: user=0.33 sys=0.00, real=0.16 secs] 
2014-06-25T02:31:28.483+0000: 8430.932: Total time for which application threads were stopped: 0.1717584 seconds
2014-06-25T02:31:29.733+0000: 8432.183: [GC pause (G1 Evacuation Pause) (young)
Desired survivor size 40894464 bytes, new threshold 4 (max 15)
- age   1:   12714048 bytes,   12714048 total
- age   2:   16501544 bytes,   29215592 total
- age   3:    9532848 bytes,   38748440 total
- age   4:    9821064 bytes,   48569504 total
, 0.1940785 secs]
   [Parallel Time: 191.9 ms, GC Workers: 2]
      [GC Worker Start (ms): Min: 8432182.6, Avg: 8432182.6, Max: 8432182.7, Diff: 0.0]
      [Ext Root Scanning (ms): Min: 1.2, Avg: 1.3, Max: 1.5, Diff: 0.3, Sum: 2.6]
      [Update RS (ms): Min: 18.4, Avg: 18.8, Max: 19.2, Diff: 0.8, Sum: 37.6]
         [Processed Buffers: Min: 11, Avg: 21.0, Max: 31, Diff: 20, Sum: 42]
      [Scan RS (ms): Min: 7.8, Avg: 8.3, Max: 8.8, Diff: 1.0, Sum: 16.6]
      [Code Root Scanning (ms): Min: 0.1, Avg: 0.2, Max: 0.2, Diff: 0.1, Sum: 0.3]
      [Object Copy (ms): Min: 163.2, Avg: 163.2, Max: 163.3, Diff: 0.1, Sum: 326.5]
      [Termination (ms): Min: 0.0, Avg: 0.0, Max: 0.0, Diff: 0.0, Sum: 0.0]
      [GC Worker Other (ms): Min: 0.0, Avg: 0.0, Max: 0.0, Diff: 0.0, Sum: 0.1]
      [GC Worker Total (ms): Min: 191.8, Avg: 191.8, Max: 191.9, Diff: 0.0, Sum: 383.7]
      [GC Worker End (ms): Min: 8432374.5, Avg: 8432374.5, Max: 8432374.5, Diff: 0.0]
   [Code Root Fixup: 0.2 ms]
   [Code Root Migration: 0.0 ms]
   [Clear CT: 0.3 ms]
   [Other: 1.6 ms]
      [Choose CSet: 0.0 ms]
      [Ref Proc: 0.7 ms]
      [Ref Enq: 0.1 ms]
      [Free CSet: 0.5 ms]
   [Eden: 570.0M(570.0M)->0.0B(418.0M) Survivors: 48.0M->48.0M Heap: 2567.3M(5632.0M)->2010.2M(5632.0M)]
 [Times: user=0.38 sys=0.00, real=0.19 secs] 
2014-06-25T02:31:29.930+0000: 8432.379: Total time for which application threads were stopped: 0.1967348 seconds
2014-06-25T02:31:30.834+0000: 8433.283: [GC pause (G1 Evacuation Pause) (young)
Desired survivor size 31457280 bytes, new threshold 3 (max 15)
- age   1:   12136440 bytes,   12136440 total
- age   2:   10135568 bytes,   22272008 total
- age   3:   16501464 bytes,   38773472 total
- age   4:    9531888 bytes,   48305360 total
, 0.1807032 secs]
   [Parallel Time: 179.0 ms, GC Workers: 2]
      [GC Worker Start (ms): Min: 8433283.0, Avg: 8433283.0, Max: 8433283.0, Diff: 0.0]
      [Ext Root Scanning (ms): Min: 1.2, Avg: 1.3, Max: 1.5, Diff: 0.3, Sum: 2.7]
      [Update RS (ms): Min: 16.0, Avg: 16.3, Max: 16.5, Diff: 0.5, Sum: 32.5]
         [Processed Buffers: Min: 11, Avg: 20.5, Max: 30, Diff: 19, Sum: 41]
      [Scan RS (ms): Min: 7.0, Avg: 7.3, Max: 7.6, Diff: 0.6, Sum: 14.7]
      [Code Root Scanning (ms): Min: 0.1, Avg: 0.1, Max: 0.1, Diff: 0.0, Sum: 0.2]
      [Object Copy (ms): Min: 153.7, Avg: 153.8, Max: 153.9, Diff: 0.2, Sum: 307.7]
      [Termination (ms): Min: 0.0, Avg: 0.0, Max: 0.0, Diff: 0.0, Sum: 0.0]
      [GC Worker Other (ms): Min: 0.0, Avg: 0.0, Max: 0.0, Diff: 0.0, Sum: 0.1]
      [GC Worker Total (ms): Min: 178.9, Avg: 178.9, Max: 178.9, Diff: 0.0, Sum: 357.9]
      [GC Worker End (ms): Min: 8433461.9, Avg: 8433461.9, Max: 8433461.9, Diff: 0.0]
   [Code Root Fixup: 0.2 ms]
   [Code Root Migration: 0.0 ms]
   [Clear CT: 0.2 ms]
   [Other: 1.2 ms]
      [Choose CSet: 0.0 ms]
      [Ref Proc: 0.4 ms]
      [Ref Enq: 0.0 ms]
      [Free CSet: 0.4 ms]
   [Eden: 418.0M(418.0M)->0.0B(1140.0M) Survivors: 48.0M->30.0M Heap: 2428.2M(5632.0M)->2017.3M(5632.0M)]
 [Times: user=0.36 sys=0.00, real=0.18 secs] 
2014-06-25T02:31:31.015+0000: 8433.464: Total time for which application threads were stopped: 0.1813076 seconds
2014-06-25T02:31:33.465+0000: 8435.914: [GC pause (G1 Evacuation Pause) (young)
Desired survivor size 77594624 bytes, new threshold 15 (max 15)
- age   1:    7775512 bytes,    7775512 total
- age   2:   10927832 bytes,   18703344 total
- age   3:   10135536 bytes,   28838880 total
, 0.1675432 secs]
   [Parallel Time: 164.8 ms, GC Workers: 2]
      [GC Worker Start (ms): Min: 8435914.4, Avg: 8435914.4, Max: 8435914.4, Diff: 0.0]
      [Ext Root Scanning (ms): Min: 1.2, Avg: 1.3, Max: 1.5, Diff: 0.3, Sum: 2.6]
      [Update RS (ms): Min: 23.5, Avg: 23.6, Max: 23.6, Diff: 0.2, Sum: 47.1]
         [Processed Buffers: Min: 14, Avg: 26.0, Max: 38, Diff: 24, Sum: 52]
      [Scan RS (ms): Min: 6.6, Avg: 6.8, Max: 6.9, Diff: 0.3, Sum: 13.5]
      [Code Root Scanning (ms): Min: 0.2, Avg: 0.3, Max: 0.4, Diff: 0.2, Sum: 0.6]
      [Object Copy (ms): Min: 132.6, Avg: 132.7, Max: 132.8, Diff: 0.2, Sum: 265.4]
      [Termination (ms): Min: 0.0, Avg: 0.0, Max: 0.0, Diff: 0.0, Sum: 0.0]
      [GC Worker Other (ms): Min: 0.0, Avg: 0.0, Max: 0.0, Diff: 0.0, Sum: 0.1]
      [GC Worker Total (ms): Min: 164.7, Avg: 164.7, Max: 164.7, Diff: 0.0, Sum: 329.4]
      [GC Worker End (ms): Min: 8436079.1, Avg: 8436079.1, Max: 8436079.1, Diff: 0.0]
   [Code Root Fixup: 0.2 ms]
   [Code Root Migration: 0.1 ms]
   [Clear CT: 0.4 ms]
   [Other: 2.2 ms]
      [Choose CSet: 0.0 ms]
      [Ref Proc: 1.1 ms]
      [Ref Enq: 0.1 ms]
      [Free CSet: 0.7 ms]
   [Eden: 1140.0M(1140.0M)->0.0B(610.0M) Survivors: 30.0M->46.0M Heap: 3157.3M(5632.0M)->2034.3M(5632.0M)]
 [Times: user=0.33 sys=0.01, real=0.17 secs] 
2014-06-25T02:31:33.633+0000: 8436.082: Total time for which application threads were stopped: 0.1682925 seconds
2014-06-25T02:31:34.292+0000: 8436.741: Total time for which application threads were stopped: 0.0032457 seconds
2014-06-25T02:31:34.298+0000: 8436.747: Total time for which application threads were stopped: 0.0032545 seconds
2014-06-25T02:31:34.945+0000: 8437.394: [GC pause (G1 Evacuation Pause) (young)
Desired survivor size 42991616 bytes, new threshold 4 (max 15)
- age   1:   20512848 bytes,   20512848 total
- age   2:    5583776 bytes,   26096624 total
- age   3:   10927720 bytes,   37024344 total
- age   4:   10135536 bytes,   47159880 total
, 0.1832754 secs]
   [Parallel Time: 181.3 ms, GC Workers: 2]
      [GC Worker Start (ms): Min: 8437394.4, Avg: 8437394.4, Max: 8437394.4, Diff: 0.0]
      [Ext Root Scanning (ms): Min: 1.2, Avg: 1.3, Max: 1.4, Diff: 0.2, Sum: 2.6]
      [Update RS (ms): Min: 19.8, Avg: 20.0, Max: 20.1, Diff: 0.3, Sum: 39.9]
         [Processed Buffers: Min: 14, Avg: 24.0, Max: 34, Diff: 20, Sum: 48]
      [Scan RS (ms): Min: 2.0, Avg: 2.1, Max: 2.2, Diff: 0.2, Sum: 4.2]
      [Code Root Scanning (ms): Min: 0.1, Avg: 0.2, Max: 0.2, Diff: 0.1, Sum: 0.3]
      [Object Copy (ms): Min: 157.6, Avg: 157.7, Max: 157.9, Diff: 0.2, Sum: 315.5]
      [Termination (ms): Min: 0.0, Avg: 0.0, Max: 0.0, Diff: 0.0, Sum: 0.0]
      [GC Worker Other (ms): Min: 0.0, Avg: 0.0, Max: 0.0, Diff: 0.0, Sum: 0.1]
      [GC Worker Total (ms): Min: 181.3, Avg: 181.3, Max: 181.3, Diff: 0.0, Sum: 362.6]
      [GC Worker End (ms): Min: 8437575.7, Avg: 8437575.7, Max: 8437575.7, Diff: 0.0]
   [Code Root Fixup: 0.2 ms]
   [Code Root Migration: 0.0 ms]
   [Clear CT: 0.2 ms]
   [Other: 1.5 ms]
      [Choose CSet: 0.0 ms]
      [Ref Proc: 0.7 ms]
      [Ref Enq: 0.1 ms]
      [Free CSet: 0.4 ms]
   [Eden: 610.0M(610.0M)->0.0B(572.0M) Survivors: 46.0M->46.0M Heap: 2644.3M(5632.0M)->2043.3M(5632.0M)]
 [Times: user=0.36 sys=0.00, real=0.18 secs] 
2014-06-25T02:31:35.130+0000: 8437.580: Total time for which application threads were stopped: 0.1857455 seconds
2014-06-25T02:31:36.338+0000: 8438.787: [GC pause (G1 Evacuation Pause) (young)
Desired survivor size 18874368 bytes, new threshold 2 (max 15)
- age   1:   11843624 bytes,   11843624 total
- age   2:   17956304 bytes,   29799928 total
- age   3:    5583744 bytes,   35383672 total
- age   4:   10926760 bytes,   46310432 total
, 0.2007948 secs]
   [Parallel Time: 198.6 ms, GC Workers: 2]
      [GC Worker Start (ms): Min: 8438787.3, Avg: 8438787.3, Max: 8438787.3, Diff: 0.0]
      [Ext Root Scanning (ms): Min: 1.2, Avg: 1.3, Max: 1.5, Diff: 0.3, Sum: 2.6]
      [Update RS (ms): Min: 14.8, Avg: 15.3, Max: 15.7, Diff: 0.9, Sum: 30.5]
         [Processed Buffers: Min: 12, Avg: 20.0, Max: 28, Diff: 16, Sum: 40]
      [Scan RS (ms): Min: 15.3, Avg: 15.7, Max: 16.1, Diff: 0.8, Sum: 31.4]
      [Code Root Scanning (ms): Min: 0.1, Avg: 0.1, Max: 0.2, Diff: 0.1, Sum: 0.3]
      [Object Copy (ms): Min: 165.9, Avg: 166.0, Max: 166.1, Diff: 0.2, Sum: 332.1]
      [Termination (ms): Min: 0.0, Avg: 0.0, Max: 0.0, Diff: 0.0, Sum: 0.0]
      [GC Worker Other (ms): Min: 0.0, Avg: 0.0, Max: 0.0, Diff: 0.0, Sum: 0.1]
      [GC Worker Total (ms): Min: 198.5, Avg: 198.5, Max: 198.5, Diff: 0.0, Sum: 397.0]
      [GC Worker End (ms): Min: 8438985.8, Avg: 8438985.8, Max: 8438985.8, Diff: 0.0]
   [Code Root Fixup: 0.2 ms]
   [Code Root Migration: 0.0 ms]
   [Clear CT: 0.3 ms]
   [Other: 1.7 ms]
      [Choose CSet: 0.0 ms]
      [Ref Proc: 0.5 ms]
      [Ref Enq: 0.1 ms]
      [Free CSet: 0.5 ms]
   [Eden: 520.0M(234.0M)->0.0B(1826.0M) Survivors: 46.0M->24.0M Heap: 2565.3M(5632.0M)->2058.3M(5632.0M)]
 [Times: user=0.40 sys=0.00, real=0.20 secs] 
2014-06-25T02:31:36.539+0000: 8438.988: Total time for which application threads were stopped: 0.2015594 seconds
2014-06-25T02:31:36.590+0000: 8439.040: Total time for which application threads were stopped: 0.0036892 seconds
2014-06-25T02:31:36.591+0000: 8439.040: Total time for which application threads were stopped: 0.0002403 seconds
2014-06-25T02:31:36.600+0000: 8439.049: Total time for which application threads were stopped: 0.0003203 seconds
2014-06-25T02:31:36.603+0000: 8439.053: Total time for which application threads were stopped: 0.0002313 seconds
2014-06-25T02:31:36.604+0000: 8439.053: Total time for which application threads were stopped: 0.0001890 seconds
2014-06-25T02:31:36.604+0000: 8439.053: Total time for which application threads were stopped: 0.0002795 seconds
2014-06-25T02:31:36.614+0000: 8439.063: Total time for which application threads were stopped: 0.0035771 seconds
2014-06-25T02:31:37.622+0000: 8440.071: Total time for which application threads were stopped: 0.0043390 seconds
2014-06-25T02:31:39.648+0000: 8442.097: [GC pause (G1 Evacuation Pause) (young)
Desired survivor size 83886080 bytes, new threshold 15 (max 15)
- age   1:   14026288 bytes,   14026288 total
- age   2:    9626112 bytes,   23652400 total
, 0.1910848 secs]
   [Parallel Time: 187.0 ms, GC Workers: 2]
      [GC Worker Start (ms): Min: 8442096.8, Avg: 8442096.8, Max: 8442096.8, Diff: 0.0]
      [Ext Root Scanning (ms): Min: 1.2, Avg: 1.3, Max: 1.5, Diff: 0.3, Sum: 2.6]
      [Update RS (ms): Min: 20.5, Avg: 20.7, Max: 20.8, Diff: 0.3, Sum: 41.3]
         [Processed Buffers: Min: 13, Avg: 24.5, Max: 36, Diff: 23, Sum: 49]
      [Scan RS (ms): Min: 13.4, Avg: 13.6, Max: 13.9, Diff: 0.6, Sum: 27.3]
      [Code Root Scanning (ms): Min: 0.3, Avg: 0.4, Max: 0.4, Diff: 0.2, Sum: 0.7]
      [Object Copy (ms): Min: 150.8, Avg: 150.9, Max: 151.0, Diff: 0.2, Sum: 301.8]
      [Termination (ms): Min: 0.0, Avg: 0.0, Max: 0.0, Diff: 0.0, Sum: 0.0]
      [GC Worker Other (ms): Min: 0.0, Avg: 0.0, Max: 0.0, Diff: 0.0, Sum: 0.1]
      [GC Worker Total (ms): Min: 186.9, Avg: 186.9, Max: 186.9, Diff: 0.0, Sum: 373.9]
      [GC Worker End (ms): Min: 8442283.8, Avg: 8442283.8, Max: 8442283.8, Diff: 0.0]
   [Code Root Fixup: 0.2 ms]
   [Code Root Migration: 0.1 ms]
   [Clear CT: 0.5 ms]
   [Other: 3.3 ms]
      [Choose CSet: 0.0 ms]
      [Ref Proc: 1.9 ms]
      [Ref Enq: 0.2 ms]
      [Free CSet: 0.9 ms]
   [Eden: 1370.0M(1254.0M)->0.0B(426.0M) Survivors: 24.0M->50.0M Heap: 3428.3M(5632.0M)->2084.3M(5632.0M)]
 [Times: user=0.38 sys=0.00, real=0.19 secs] 
2014-06-25T02:31:39.839+0000: 8442.288: Total time for which application threads were stopped: 0.1917120 seconds
2014-06-25T02:31:40.783+0000: 8443.232: [GC pause (G1 Evacuation Pause) (young)
Desired survivor size 31457280 bytes, new threshold 1 (max 15)
- age   1:   33132288 bytes,   33132288 total
- age   2:    9036488 bytes,   42168776 total
- age   3:    9624976 bytes,   51793752 total
, 0.2016909 secs]
   [Parallel Time: 199.7 ms, GC Workers: 2]
      [GC Worker Start (ms): Min: 8443232.1, Avg: 8443232.1, Max: 8443232.1, Diff: 0.0]
      [Ext Root Scanning (ms): Min: 1.1, Avg: 1.3, Max: 1.5, Diff: 0.3, Sum: 2.6]
      [Update RS (ms): Min: 22.0, Avg: 22.0, Max: 22.1, Diff: 0.1, Sum: 44.0]
         [Processed Buffers: Min: 15, Avg: 23.0, Max: 31, Diff: 16, Sum: 46]
      [Scan RS (ms): Min: 7.4, Avg: 7.4, Max: 7.5, Diff: 0.1, Sum: 14.8]
      [Code Root Scanning (ms): Min: 0.1, Avg: 0.1, Max: 0.1, Diff: 0.0, Sum: 0.2]
      [Object Copy (ms): Min: 168.6, Avg: 168.7, Max: 168.7, Diff: 0.1, Sum: 337.3]
      [Termination (ms): Min: 0.0, Avg: 0.0, Max: 0.0, Diff: 0.0, Sum: 0.0]
      [GC Worker Other (ms): Min: 0.0, Avg: 0.0, Max: 0.1, Diff: 0.0, Sum: 0.1]
      [GC Worker Total (ms): Min: 199.6, Avg: 199.6, Max: 199.6, Diff: 0.0, Sum: 399.2]
      [GC Worker End (ms): Min: 8443431.7, Avg: 8443431.7, Max: 8443431.7, Diff: 0.0]
   [Code Root Fixup: 0.2 ms]
   [Code Root Migration: 0.0 ms]
   [Clear CT: 0.3 ms]
   [Other: 1.5 ms]
      [Choose CSet: 0.0 ms]
      [Ref Proc: 0.5 ms]
      [Ref Enq: 0.1 ms]
      [Free CSet: 0.4 ms]
   [Eden: 426.0M(426.0M)->0.0B(1658.0M) Survivors: 50.0M->12.0M Heap: 2510.3M(5632.0M)->2093.3M(5632.0M)]
 [Times: user=0.41 sys=0.00, real=0.20 secs] 
2014-06-25T02:31:40.985+0000: 8443.434: Total time for which application threads were stopped: 0.2023995 seconds
2014-06-25T02:31:44.191+0000: 8446.640: [GC pause (G1 Evacuation Pause) (young)
Desired survivor size 93323264 bytes, new threshold 15 (max 15)
- age   1:   10320880 bytes,   10320880 total
, 0.1699844 secs]
   [Parallel Time: 166.0 ms, GC Workers: 2]
      [GC Worker Start (ms): Min: 8446640.3, Avg: 8446640.3, Max: 8446640.3, Diff: 0.0]
      [Ext Root Scanning (ms): Min: 1.2, Avg: 1.3, Max: 1.4, Diff: 0.3, Sum: 2.6]
      [Update RS (ms): Min: 23.1, Avg: 23.1, Max: 23.2, Diff: 0.1, Sum: 46.2]
         [Processed Buffers: Min: 22, Avg: 25.5, Max: 29, Diff: 7, Sum: 51]
      [Scan RS (ms): Min: 9.5, Avg: 9.7, Max: 9.8, Diff: 0.3, Sum: 19.3]
      [Code Root Scanning (ms): Min: 0.2, Avg: 0.4, Max: 0.5, Diff: 0.2, Sum: 0.7]
      [Object Copy (ms): Min: 131.3, Avg: 131.4, Max: 131.5, Diff: 0.1, Sum: 262.8]
      [Termination (ms): Min: 0.0, Avg: 0.0, Max: 0.0, Diff: 0.0, Sum: 0.0]
      [GC Worker Other (ms): Min: 0.0, Avg: 0.0, Max: 0.0, Diff: 0.0, Sum: 0.1]
      [GC Worker Total (ms): Min: 165.9, Avg: 165.9, Max: 165.9, Diff: 0.0, Sum: 331.8]
      [GC Worker End (ms): Min: 8446806.1, Avg: 8446806.1, Max: 8446806.1, Diff: 0.0]
   [Code Root Fixup: 0.2 ms]
   [Code Root Migration: 0.1 ms]
   [Clear CT: 0.4 ms]
   [Other: 3.3 ms]
      [Choose CSet: 0.0 ms]
      [Ref Proc: 1.9 ms]
      [Ref Enq: 0.2 ms]
      [Free CSet: 0.9 ms]
   [Eden: 1404.0M(1404.0M)->0.0B(516.0M) Survivors: 12.0M->44.0M Heap: 3497.3M(5632.0M)->2125.3M(5632.0M)]
 [Times: user=0.33 sys=0.01, real=0.18 secs] 
2014-06-25T02:31:44.361+0000: 8446.810: Total time for which application threads were stopped: 0.1706517 seconds
2014-06-25T02:31:45.510+0000: 8447.959: [GC pause (G1 Evacuation Pause) (young)
Desired survivor size 36700160 bytes, new threshold 2 (max 15)
- age   1:   36585088 bytes,   36585088 total
- age   2:    8227800 bytes,   44812888 total
, 0.1869134 secs]
   [Parallel Time: 184.9 ms, GC Workers: 2]
      [GC Worker Start (ms): Min: 8447959.1, Avg: 8447959.1, Max: 8447959.2, Diff: 0.0]
      [Ext Root Scanning (ms): Min: 1.2, Avg: 1.3, Max: 1.4, Diff: 0.3, Sum: 2.6]
      [Update RS (ms): Min: 18.5, Avg: 18.7, Max: 18.9, Diff: 0.4, Sum: 37.5]
         [Processed Buffers: Min: 10, Avg: 19.5, Max: 29, Diff: 19, Sum: 39]
      [Scan RS (ms): Min: 8.4, Avg: 8.6, Max: 8.8, Diff: 0.4, Sum: 17.3]
      [Code Root Scanning (ms): Min: 0.1, Avg: 0.1, Max: 0.2, Diff: 0.1, Sum: 0.3]
      [Object Copy (ms): Min: 155.9, Avg: 156.0, Max: 156.1, Diff: 0.2, Sum: 312.0]
      [Termination (ms): Min: 0.0, Avg: 0.0, Max: 0.0, Diff: 0.0, Sum: 0.0]
      [GC Worker Other (ms): Min: 0.0, Avg: 0.0, Max: 0.0, Diff: 0.0, Sum: 0.1]
      [GC Worker Total (ms): Min: 184.8, Avg: 184.9, Max: 184.9, Diff: 0.0, Sum: 369.7]
      [GC Worker End (ms): Min: 8448144.0, Avg: 8448144.0, Max: 8448144.0, Diff: 0.0]
   [Code Root Fixup: 0.2 ms]
   [Code Root Migration: 0.0 ms]
   [Clear CT: 0.2 ms]
   [Other: 1.5 ms]
      [Choose CSet: 0.0 ms]
      [Ref Proc: 0.7 ms]
      [Ref Enq: 0.1 ms]
      [Free CSet: 0.4 ms]
   [Eden: 516.0M(516.0M)->0.0B(444.0M) Survivors: 44.0M->46.0M Heap: 2641.3M(5632.0M)->2136.3M(5632.0M)]
 [Times: user=0.37 sys=0.00, real=0.19 secs] 
2014-06-25T02:31:45.697+0000: 8448.146: Total time for which application threads were stopped: 0.1875341 seconds
2014-06-25T02:31:46.716+0000: 8449.165: [GC pause (G1 Evacuation Pause) (young)
Desired survivor size 32505856 bytes, new threshold 2 (max 15)
- age   1:   14589176 bytes,   14589176 total
- age   2:   32675760 bytes,   47264936 total
, 0.1908996 secs]
   [Parallel Time: 189.0 ms, GC Workers: 2]
      [GC Worker Start (ms): Min: 8449164.9, Avg: 8449164.9, Max: 8449164.9, Diff: 0.0]
      [Ext Root Scanning (ms): Min: 1.1, Avg: 1.3, Max: 1.4, Diff: 0.3, Sum: 2.6]
      [Update RS (ms): Min: 18.5, Avg: 19.0, Max: 19.5, Diff: 1.0, Sum: 37.9]
         [Processed Buffers: Min: 11, Avg: 21.0, Max: 31, Diff: 20, Sum: 42]
      [Scan RS (ms): Min: 6.7, Avg: 7.1, Max: 7.4, Diff: 0.8, Sum: 14.1]
      [Code Root Scanning (ms): Min: 0.1, Avg: 0.1, Max: 0.2, Diff: 0.1, Sum: 0.3]
      [Object Copy (ms): Min: 161.4, Avg: 161.5, Max: 161.6, Diff: 0.2, Sum: 322.9]
      [Termination (ms): Min: 0.0, Avg: 0.0, Max: 0.0, Diff: 0.0, Sum: 0.0]
      [GC Worker Other (ms): Min: 0.0, Avg: 0.0, Max: 0.0, Diff: 0.0, Sum: 0.1]
      [GC Worker Total (ms): Min: 188.9, Avg: 188.9, Max: 189.0, Diff: 0.0, Sum: 377.9]
      [GC Worker End (ms): Min: 8449353.9, Avg: 8449353.9, Max: 8449353.9, Diff: 0.0]
   [Code Root Fixup: 0.2 ms]
   [Code Root Migration: 0.0 ms]
   [Clear CT: 0.2 ms]
   [Other: 1.5 ms]
      [Choose CSet: 0.0 ms]
      [Ref Proc: 0.6 ms]
      [Ref Enq: 0.1 ms]
      [Free CSet: 0.4 ms]
   [Eden: 444.0M(444.0M)->0.0B(928.0M) Survivors: 46.0M->24.0M Heap: 2580.3M(5632.0M)->2146.3M(5632.0M)]
 [Times: user=0.38 sys=0.00, real=0.19 secs] 
2014-06-25T02:31:46.907+0000: 8449.356: Total time for which application threads were stopped: 0.1915625 seconds
2014-06-25T02:31:49.012+0000: 8451.461: [GC pause (G1 Evacuation Pause) (young)
Desired survivor size 51380224 bytes, new threshold 15 (max 15)
- age   1:   12073376 bytes,   12073376 total
- age   2:   12048808 bytes,   24122184 total
, 0.1760236 secs]
   [Parallel Time: 173.0 ms, GC Workers: 2]
      [GC Worker Start (ms): Min: 8451461.0, Avg: 8451461.0, Max: 8451461.0, Diff: 0.0]
      [Ext Root Scanning (ms): Min: 1.2, Avg: 1.3, Max: 1.4, Diff: 0.3, Sum: 2.6]
      [Update RS (ms): Min: 22.3, Avg: 22.3, Max: 22.4, Diff: 0.1, Sum: 44.6]
         [Processed Buffers: Min: 12, Avg: 21.5, Max: 31, Diff: 19, Sum: 43]
      [Scan RS (ms): Min: 10.2, Avg: 10.3, Max: 10.3, Diff: 0.1, Sum: 20.5]
      [Code Root Scanning (ms): Min: 0.2, Avg: 0.2, Max: 0.3, Diff: 0.1, Sum: 0.5]
      [Object Copy (ms): Min: 138.7, Avg: 138.8, Max: 138.9, Diff: 0.1, Sum: 277.6]
      [Termination (ms): Min: 0.0, Avg: 0.0, Max: 0.0, Diff: 0.0, Sum: 0.0]
      [GC Worker Other (ms): Min: 0.0, Avg: 0.0, Max: 0.0, Diff: 0.0, Sum: 0.1]
      [GC Worker Total (ms): Min: 173.0, Avg: 173.0, Max: 173.0, Diff: 0.0, Sum: 345.9]
      [GC Worker End (ms): Min: 8451634.0, Avg: 8451634.0, Max: 8451634.0, Diff: 0.0]
   [Code Root Fixup: 0.2 ms]
   [Code Root Migration: 0.1 ms]
   [Clear CT: 0.3 ms]
   [Other: 2.5 ms]
      [Choose CSet: 0.0 ms]
      [Ref Proc: 1.4 ms]
      [Ref Enq: 0.2 ms]
      [Free CSet: 0.7 ms]
   [Eden: 908.0M(748.0M)->0.0B(446.0M) Survivors: 24.0M->48.0M Heap: 3054.3M(5632.0M)->2170.3M(5632.0M)]
 [Times: user=0.35 sys=0.00, real=0.17 secs] 
2014-06-25T02:31:49.188+0000: 8451.637: Total time for which application threads were stopped: 0.1776875 seconds
2014-06-25T02:31:50.176+0000: 8452.625: [GC pause (G1 Evacuation Pause) (young)
Desired survivor size 32505856 bytes, new threshold 2 (max 15)
- age   1:   25980512 bytes,   25980512 total
- age   2:   10425480 bytes,   36405992 total
- age   3:   12048776 bytes,   48454768 total
, 0.1920912 secs]
   [Parallel Time: 190.2 ms, GC Workers: 2]
      [GC Worker Start (ms): Min: 8452624.9, Avg: 8452625.0, Max: 8452625.0, Diff: 0.0]
      [Ext Root Scanning (ms): Min: 1.1, Avg: 1.3, Max: 1.5, Diff: 0.3, Sum: 2.6]
      [Update RS (ms): Min: 19.0, Avg: 19.0, Max: 19.1, Diff: 0.1, Sum: 38.1]
         [Processed Buffers: Min: 10, Avg: 19.5, Max: 29, Diff: 19, Sum: 39]
      [Scan RS (ms): Min: 6.8, Avg: 6.9, Max: 7.1, Diff: 0.3, Sum: 13.8]
      [Code Root Scanning (ms): Min: 0.1, Avg: 0.1, Max: 0.2, Diff: 0.1, Sum: 0.3]
      [Object Copy (ms): Min: 162.7, Avg: 162.8, Max: 162.9, Diff: 0.2, Sum: 325.5]
      [Termination (ms): Min: 0.0, Avg: 0.0, Max: 0.0, Diff: 0.0, Sum: 0.0]
      [GC Worker Other (ms): Min: 0.0, Avg: 0.0, Max: 0.0, Diff: 0.0, Sum: 0.1]
      [GC Worker Total (ms): Min: 190.2, Avg: 190.2, Max: 190.2, Diff: 0.0, Sum: 380.4]
      [GC Worker End (ms): Min: 8452815.1, Avg: 8452815.1, Max: 8452815.1, Diff: 0.0]
   [Code Root Fixup: 0.2 ms]
   [Code Root Migration: 0.0 ms]
   [Clear CT: 0.2 ms]
   [Other: 1.4 ms]
      [Choose CSet: 0.0 ms]
      [Ref Proc: 0.6 ms]
      [Ref Enq: 0.1 ms]
      [Free CSet: 0.4 ms]
   [Eden: 446.0M(446.0M)->0.0B(708.0M) Survivors: 48.0M->34.0M Heap: 2616.3M(5632.0M)->2179.3M(5632.0M)]
 [Times: user=0.39 sys=0.00, real=0.19 secs] 
2014-06-25T02:31:50.368+0000: 8452.817: Total time for which application threads were stopped: 0.1954465 seconds
2014-06-25T02:31:51.978+0000: 8454.427: [GC pause (G1 Evacuation Pause) (young)
Desired survivor size 49283072 bytes, new threshold 15 (max 15)
- age   1:   11019536 bytes,   11019536 total
- age   2:   24339448 bytes,   35358984 total
, 0.1784064 secs]
   [Parallel Time: 176.1 ms, GC Workers: 2]
      [GC Worker Start (ms): Min: 8454427.0, Avg: 8454427.0, Max: 8454427.1, Diff: 0.0]
      [Ext Root Scanning (ms): Min: 1.2, Avg: 1.3, Max: 1.5, Diff: 0.3, Sum: 2.6]
      [Update RS (ms): Min: 22.9, Avg: 22.9, Max: 22.9, Diff: 0.0, Sum: 45.8]
         [Processed Buffers: Min: 11, Avg: 23.5, Max: 36, Diff: 25, Sum: 47]
      [Scan RS (ms): Min: 8.4, Avg: 8.5, Max: 8.5, Diff: 0.1, Sum: 16.9]
      [Code Root Scanning (ms): Min: 0.2, Avg: 0.2, Max: 0.2, Diff: 0.1, Sum: 0.4]
      [Object Copy (ms): Min: 143.1, Avg: 143.2, Max: 143.3, Diff: 0.2, Sum: 286.4]
      [Termination (ms): Min: 0.0, Avg: 0.0, Max: 0.0, Diff: 0.0, Sum: 0.0]
      [GC Worker Other (ms): Min: 0.0, Avg: 0.0, Max: 0.0, Diff: 0.0, Sum: 0.1]
      [GC Worker Total (ms): Min: 176.1, Avg: 176.1, Max: 176.1, Diff: 0.0, Sum: 352.1]
      [GC Worker End (ms): Min: 8454603.1, Avg: 8454603.1, Max: 8454603.1, Diff: 0.0]
   [Code Root Fixup: 0.2 ms]
   [Code Root Migration: 0.1 ms]
   [Clear CT: 0.3 ms]
   [Other: 1.8 ms]
      [Choose CSet: 0.0 ms]
      [Ref Proc: 0.9 ms]
      [Ref Enq: 0.1 ms]
      [Free CSet: 0.5 ms]
   [Eden: 708.0M(708.0M)->0.0B(296.0M) Survivors: 34.0M->50.0M Heap: 2887.3M(5632.0M)->2195.3M(5632.0M)]
 [Times: user=0.36 sys=0.00, real=0.18 secs] 
2014-06-25T02:31:52.158+0000: 8454.607: Total time for which application threads were stopped: 0.1804739 seconds
2014-06-25T02:31:52.825+0000: 8455.274: [GC pause (G1 Evacuation Pause) (young)
Desired survivor size 23068672 bytes, new threshold 2 (max 15)
- age   1:   17309632 bytes,   17309632 total
- age   2:    9443096 bytes,   26752728 total
- age   3:   24339336 bytes,   51092064 total
, 0.1894342 secs]
   [Parallel Time: 187.8 ms, GC Workers: 2]
      [GC Worker Start (ms): Min: 8455274.0, Avg: 8455274.0, Max: 8455274.0, Diff: 0.0]
      [Ext Root Scanning (ms): Min: 1.2, Avg: 1.3, Max: 1.4, Diff: 0.2, Sum: 2.5]
      [Update RS (ms): Min: 17.2, Avg: 17.4, Max: 17.7, Diff: 0.6, Sum: 34.9]
         [Processed Buffers: Min: 9, Avg: 17.0, Max: 25, Diff: 16, Sum: 34]
      [Scan RS (ms): Min: 6.7, Avg: 7.0, Max: 7.3, Diff: 0.6, Sum: 14.1]
      [Code Root Scanning (ms): Min: 0.1, Avg: 0.1, Max: 0.1, Diff: 0.0, Sum: 0.2]
      [Object Copy (ms): Min: 161.8, Avg: 161.9, Max: 162.0, Diff: 0.2, Sum: 323.8]
      [Termination (ms): Min: 0.0, Avg: 0.0, Max: 0.0, Diff: 0.0, Sum: 0.0]
      [GC Worker Other (ms): Min: 0.0, Avg: 0.0, Max: 0.0, Diff: 0.0, Sum: 0.1]
      [GC Worker Total (ms): Min: 187.7, Avg: 187.7, Max: 187.7, Diff: 0.0, Sum: 375.5]
      [GC Worker End (ms): Min: 8455461.7, Avg: 8455461.7, Max: 8455461.7, Diff: 0.0]
   [Code Root Fixup: 0.2 ms]
   [Code Root Migration: 0.0 ms]
   [Clear CT: 0.2 ms]
   [Other: 1.3 ms]
      [Choose CSet: 0.0 ms]
      [Ref Proc: 0.5 ms]
      [Ref Enq: 0.1 ms]
      [Free CSet: 0.3 ms]
   [Eden: 296.0M(296.0M)->0.0B(808.0M) Survivors: 50.0M->24.0M Heap: 2491.3M(5632.0M)->2201.3M(5632.0M)]
 [Times: user=0.38 sys=0.00, real=0.19 secs] 
2014-06-25T02:31:53.014+0000: 8455.464: Total time for which application threads were stopped: 0.1901017 seconds
2014-06-25T02:31:54.843+0000: 8457.292: [GC pause (G1 Evacuation Pause) (young)
Desired survivor size 54525952 bytes, new threshold 15 (max 15)
- age   1:    8525368 bytes,    8525368 total
- age   2:   15099904 bytes,   23625272 total
, 0.1447088 secs]
   [Parallel Time: 142.3 ms, GC Workers: 2]
      [GC Worker Start (ms): Min: 8457292.1, Avg: 8457292.2, Max: 8457292.2, Diff: 0.0]
      [Ext Root Scanning (ms): Min: 1.2, Avg: 1.3, Max: 1.5, Diff: 0.3, Sum: 2.6]
      [Update RS (ms): Min: 20.4, Avg: 20.6, Max: 20.7, Diff: 0.3, Sum: 41.1]
         [Processed Buffers: Min: 9, Avg: 21.5, Max: 34, Diff: 25, Sum: 43]
      [Scan RS (ms): Min: 8.3, Avg: 8.6, Max: 8.9, Diff: 0.6, Sum: 17.2]
      [Code Root Scanning (ms): Min: 0.2, Avg: 0.2, Max: 0.3, Diff: 0.1, Sum: 0.4]
      [Object Copy (ms): Min: 111.5, Avg: 111.5, Max: 111.6, Diff: 0.2, Sum: 223.1]
      [Termination (ms): Min: 0.0, Avg: 0.0, Max: 0.0, Diff: 0.0, Sum: 0.0]
      [GC Worker Other (ms): Min: 0.0, Avg: 0.0, Max: 0.0, Diff: 0.0, Sum: 0.1]
      [GC Worker Total (ms): Min: 142.3, Avg: 142.3, Max: 142.3, Diff: 0.0, Sum: 284.5]
      [GC Worker End (ms): Min: 8457434.4, Avg: 8457434.4, Max: 8457434.4, Diff: 0.0]
   [Code Root Fixup: 0.2 ms]
   [Code Root Migration: 0.1 ms]
   [Clear CT: 0.3 ms]
   [Other: 1.9 ms]
      [Choose CSet: 0.0 ms]
      [Ref Proc: 0.9 ms]
      [Ref Enq: 0.1 ms]
      [Free CSet: 0.6 ms]
   [Eden: 808.0M(808.0M)->0.0B(578.0M) Survivors: 24.0M->38.0M Heap: 3009.3M(5632.0M)->2216.3M(5632.0M)]
 [Times: user=0.29 sys=0.00, real=0.14 secs] 
2014-06-25T02:31:54.988+0000: 8457.437: Total time for which application threads were stopped: 0.1453812 seconds
2014-06-25T02:31:56.197+0000: 8458.646: [GC pause (G1 Evacuation Pause) (young)
Desired survivor size 34603008 bytes, new threshold 3 (max 15)
- age   1:   17348800 bytes,   17348800 total
- age   2:    7030304 bytes,   24379104 total
- age   3:   15099760 bytes,   39478864 total
, 0.1770987 secs]
   [Parallel Time: 175.4 ms, GC Workers: 2]
      [GC Worker Start (ms): Min: 8458646.3, Avg: 8458646.3, Max: 8458646.3, Diff: 0.0]
      [Ext Root Scanning (ms): Min: 1.1, Avg: 1.3, Max: 1.4, Diff: 0.3, Sum: 2.6]
      [Update RS (ms): Min: 17.0, Avg: 17.2, Max: 17.4, Diff: 0.4, Sum: 34.4]
         [Processed Buffers: Min: 9, Avg: 16.0, Max: 23, Diff: 14, Sum: 32]
      [Scan RS (ms): Min: 9.5, Avg: 9.6, Max: 9.7, Diff: 0.2, Sum: 19.2]
      [Code Root Scanning (ms): Min: 0.1, Avg: 0.2, Max: 0.2, Diff: 0.1, Sum: 0.3]
      [Object Copy (ms): Min: 147.0, Avg: 147.0, Max: 147.1, Diff: 0.1, Sum: 294.0]
      [Termination (ms): Min: 0.0, Avg: 0.0, Max: 0.0, Diff: 0.0, Sum: 0.0]
      [GC Worker Other (ms): Min: 0.0, Avg: 0.0, Max: 0.0, Diff: 0.0, Sum: 0.1]
      [GC Worker Total (ms): Min: 175.3, Avg: 175.3, Max: 175.3, Diff: 0.0, Sum: 350.6]
      [GC Worker End (ms): Min: 8458821.6, Avg: 8458821.6, Max: 8458821.6, Diff: 0.0]
   [Code Root Fixup: 0.2 ms]
   [Code Root Migration: 0.0 ms]
   [Clear CT: 0.2 ms]
   [Other: 1.3 ms]
      [Choose CSet: 0.0 ms]
      [Ref Proc: 0.5 ms]
      [Ref Enq: 0.1 ms]
      [Free CSet: 0.5 ms]
   [Eden: 542.0M(482.0M)->0.0B(620.0M) Survivors: 38.0M->36.0M Heap: 2758.3M(5632.0M)->2229.3M(5632.0M)]
 [Times: user=0.36 sys=0.00, real=0.18 secs] 
2014-06-25T02:31:56.374+0000: 8458.823: Total time for which application threads were stopped: 0.1805485 seconds
2014-06-25T02:31:57.376+0000: 8459.825: Total time for which application threads were stopped: 0.0011972 seconds
2014-06-25T02:31:57.693+0000: 8460.142: [GC pause (G1 Evacuation Pause) (young)
Desired survivor size 34603008 bytes, new threshold 3 (max 15)
- age   1:   14523080 bytes,   14523080 total
- age   2:   15180624 bytes,   29703704 total
- age   3:    7030304 bytes,   36734008 total
, 0.1766603 secs]
   [Parallel Time: 174.8 ms, GC Workers: 2]
      [GC Worker Start (ms): Min: 8460142.4, Avg: 8460142.4, Max: 8460142.4, Diff: 0.0]
      [Ext Root Scanning (ms): Min: 1.2, Avg: 1.3, Max: 1.4, Diff: 0.3, Sum: 2.6]
      [Update RS (ms): Min: 18.5, Avg: 18.5, Max: 18.6, Diff: 0.1, Sum: 37.1]
         [Processed Buffers: Min: 13, Avg: 19.0, Max: 25, Diff: 12, Sum: 38]
      [Scan RS (ms): Min: 9.8, Avg: 9.9, Max: 10.0, Diff: 0.1, Sum: 19.8]
      [Code Root Scanning (ms): Min: 0.1, Avg: 0.2, Max: 0.2, Diff: 0.1, Sum: 0.3]
      [Object Copy (ms): Min: 144.7, Avg: 144.8, Max: 144.9, Diff: 0.2, Sum: 289.7]
      [Termination (ms): Min: 0.0, Avg: 0.0, Max: 0.0, Diff: 0.0, Sum: 0.0]
      [GC Worker Other (ms): Min: 0.0, Avg: 0.0, Max: 0.0, Diff: 0.0, Sum: 0.1]
      [GC Worker Total (ms): Min: 174.7, Avg: 174.8, Max: 174.8, Diff: 0.0, Sum: 349.5]
      [GC Worker End (ms): Min: 8460317.2, Avg: 8460317.2, Max: 8460317.2, Diff: 0.0]
   [Code Root Fixup: 0.2 ms]
   [Code Root Migration: 0.0 ms]
   [Clear CT: 0.2 ms]
   [Other: 1.4 ms]
      [Choose CSet: 0.0 ms]
      [Ref Proc: 0.5 ms]
      [Ref Enq: 0.1 ms]
      [Free CSet: 0.5 ms]
   [Eden: 576.0M(488.0M)->0.0B(492.0M) Survivors: 36.0M->44.0M Heap: 2805.3M(5632.0M)->2244.3M(5632.0M)]
 [Times: user=0.35 sys=0.00, real=0.17 secs] 
2014-06-25T02:31:57.870+0000: 8460.319: Total time for which application threads were stopped: 0.1774561 seconds
2014-06-25T02:31:58.975+0000: 8461.424: [GC pause (G1 Evacuation Pause) (young)
Desired survivor size 35651584 bytes, new threshold 3 (max 15)
- age   1:   17498000 bytes,   17498000 total
- age   2:   11367200 bytes,   28865200 total
- age   3:   15180416 bytes,   44045616 total
, 0.1793071 secs]
   [Parallel Time: 177.6 ms, GC Workers: 2]
      [GC Worker Start (ms): Min: 8461424.3, Avg: 8461424.3, Max: 8461424.3, Diff: 0.0]
      [Ext Root Scanning (ms): Min: 1.2, Avg: 1.3, Max: 1.5, Diff: 0.3, Sum: 2.6]
      [Update RS (ms): Min: 18.3, Avg: 18.4, Max: 18.4, Diff: 0.1, Sum: 36.7]
         [Processed Buffers: Min: 15, Avg: 18.0, Max: 21, Diff: 6, Sum: 36]
      [Scan RS (ms): Min: 8.5, Avg: 8.6, Max: 8.6, Diff: 0.1, Sum: 17.2]
      [Code Root Scanning (ms): Min: 0.1, Avg: 0.1, Max: 0.2, Diff: 0.1, Sum: 0.3]
      [Object Copy (ms): Min: 149.1, Avg: 149.1, Max: 149.2, Diff: 0.2, Sum: 298.3]
      [Termination (ms): Min: 0.0, Avg: 0.0, Max: 0.0, Diff: 0.0, Sum: 0.0]
      [GC Worker Other (ms): Min: 0.0, Avg: 0.0, Max: 0.0, Diff: 0.0, Sum: 0.1]
      [GC Worker Total (ms): Min: 177.6, Avg: 177.6, Max: 177.6, Diff: 0.0, Sum: 355.1]
      [GC Worker End (ms): Min: 8461601.9, Avg: 8461601.9, Max: 8461601.9, Diff: 0.0]
   [Code Root Fixup: 0.2 ms]
   [Code Root Migration: 0.0 ms]
   [Clear CT: 0.2 ms]
   [Other: 1.3 ms]
      [Choose CSet: 0.0 ms]
      [Ref Proc: 0.4 ms]
      [Ref Enq: 0.1 ms]
      [Free CSet: 0.4 ms]
   [Eden: 492.0M(492.0M)->0.0B(562.0M) Survivors: 44.0M->38.0M Heap: 2736.3M(5632.0M)->2253.3M(5632.0M)]
 [Times: user=0.36 sys=0.00, real=0.18 secs] 
2014-06-25T02:31:59.155+0000: 8461.604: Total time for which application threads were stopped: 0.1799509 seconds
2014-06-25T02:32:00.428+0000: 8462.877: [GC pause (G1 Evacuation Pause) (young)
Desired survivor size 39845888 bytes, new threshold 15 (max 15)
- age   1:   12278104 bytes,   12278104 total
- age   2:   14198712 bytes,   26476816 total
- age   3:   11367200 bytes,   37844016 total
, 0.1705641 secs]
   [Parallel Time: 168.9 ms, GC Workers: 2]
      [GC Worker Start (ms): Min: 8462877.2, Avg: 8462877.2, Max: 8462877.2, Diff: 0.0]
      [Ext Root Scanning (ms): Min: 1.1, Avg: 1.3, Max: 1.4, Diff: 0.3, Sum: 2.6]
      [Update RS (ms): Min: 19.8, Avg: 19.9, Max: 19.9, Diff: 0.1, Sum: 39.7]
         [Processed Buffers: Min: 17, Avg: 20.0, Max: 23, Diff: 6, Sum: 40]
      [Scan RS (ms): Min: 8.6, Avg: 8.6, Max: 8.7, Diff: 0.1, Sum: 17.3]
      [Code Root Scanning (ms): Min: 0.1, Avg: 0.2, Max: 0.2, Diff: 0.1, Sum: 0.3]
      [Object Copy (ms): Min: 138.7, Avg: 138.8, Max: 138.9, Diff: 0.2, Sum: 277.7]
      [Termination (ms): Min: 0.0, Avg: 0.0, Max: 0.0, Diff: 0.0, Sum: 0.0]
      [GC Worker Other (ms): Min: 0.0, Avg: 0.0, Max: 0.0, Diff: 0.0, Sum: 0.1]
      [GC Worker Total (ms): Min: 168.8, Avg: 168.8, Max: 168.8, Diff: 0.0, Sum: 337.6]
      [GC Worker End (ms): Min: 8463046.0, Avg: 8463046.0, Max: 8463046.0, Diff: 0.0]
   [Code Root Fixup: 0.2 ms]
   [Code Root Migration: 0.0 ms]
   [Clear CT: 0.2 ms]
   [Other: 1.2 ms]
      [Choose CSet: 0.0 ms]
      [Ref Proc: 0.5 ms]
      [Ref Enq: 0.1 ms]
      [Free CSet: 0.5 ms]
   [Eden: 562.0M(562.0M)->0.0B(480.0M) Survivors: 38.0M->48.0M Heap: 2815.3M(5632.0M)->2264.3M(5632.0M)]
 [Times: user=0.34 sys=0.00, real=0.17 secs] 
2014-06-25T02:32:00.599+0000: 8463.048: Total time for which application threads were stopped: 0.1712429 seconds
2014-06-25T02:32:01.651+0000: 8464.100: [GC pause (G1 Evacuation Pause) (young)
Desired survivor size 34603008 bytes, new threshold 3 (max 15)
- age   1:   13951152 bytes,   13951152 total
- age   2:   10621824 bytes,   24572976 total
- age   3:   14198616 bytes,   38771592 total
- age   4:   11367200 bytes,   50138792 total
, 0.1984555 secs]
   [Parallel Time: 196.5 ms, GC Workers: 2]
      [GC Worker Start (ms): Min: 8464100.4, Avg: 8464100.4, Max: 8464100.4, Diff: 0.0]
      [Ext Root Scanning (ms): Min: 1.1, Avg: 1.3, Max: 1.4, Diff: 0.3, Sum: 2.6]
      [Update RS (ms): Min: 19.6, Avg: 19.6, Max: 19.7, Diff: 0.1, Sum: 39.3]
         [Processed Buffers: Min: 9, Avg: 19.5, Max: 30, Diff: 21, Sum: 39]
      [Scan RS (ms): Min: 6.7, Avg: 6.7, Max: 6.8, Diff: 0.1, Sum: 13.4]
      [Code Root Scanning (ms): Min: 0.1, Avg: 0.1, Max: 0.1, Diff: 0.0, Sum: 0.3]
      [Object Copy (ms): Min: 168.5, Avg: 168.7, Max: 168.8, Diff: 0.3, Sum: 337.3]
      [Termination (ms): Min: 0.0, Avg: 0.0, Max: 0.0, Diff: 0.0, Sum: 0.0]
      [GC Worker Other (ms): Min: 0.0, Avg: 0.0, Max: 0.0, Diff: 0.0, Sum: 0.1]
      [GC Worker Total (ms): Min: 196.4, Avg: 196.5, Max: 196.5, Diff: 0.0, Sum: 392.9]
      [GC Worker End (ms): Min: 8464296.9, Avg: 8464296.9, Max: 8464296.9, Diff: 0.0]
   [Code Root Fixup: 0.2 ms]
   [Code Root Migration: 0.0 ms]
   [Clear CT: 0.2 ms]
   [Other: 1.5 ms]
      [Choose CSet: 0.0 ms]
      [Ref Proc: 0.7 ms]
      [Ref Enq: 0.1 ms]
      [Free CSet: 0.4 ms]
   [Eden: 480.0M(480.0M)->0.0B(626.0M) Survivors: 48.0M->34.0M Heap: 2744.3M(5632.0M)->2275.3M(5632.0M)]
 [Times: user=0.39 sys=0.00, real=0.20 secs] 
2014-06-25T02:32:01.850+0000: 8464.299: Total time for which application threads were stopped: 0.1990412 seconds
2014-06-25T02:32:03.476+0000: 8465.925: [GC pause (G1 Evacuation Pause) (young)
Desired survivor size 44040192 bytes, new threshold 15 (max 15)
- age   1:   12419296 bytes,   12419296 total
- age   2:   11271536 bytes,   23690832 total
- age   3:   10621744 bytes,   34312576 total
, 0.1764547 secs]
   [Parallel Time: 174.0 ms, GC Workers: 2]
      [GC Worker Start (ms): Min: 8465925.6, Avg: 8465925.6, Max: 8465925.6, Diff: 0.0]
      [Ext Root Scanning (ms): Min: 1.2, Avg: 1.3, Max: 1.4, Diff: 0.2, Sum: 2.5]
      [Update RS (ms): Min: 21.4, Avg: 21.9, Max: 22.4, Diff: 1.1, Sum: 43.8]
         [Processed Buffers: Min: 10, Avg: 18.5, Max: 27, Diff: 17, Sum: 37]
      [Scan RS (ms): Min: 9.6, Avg: 10.0, Max: 10.4, Diff: 0.9, Sum: 20.0]
      [Code Root Scanning (ms): Min: 0.1, Avg: 0.2, Max: 0.2, Diff: 0.1, Sum: 0.3]
      [Object Copy (ms): Min: 140.5, Avg: 140.6, Max: 140.7, Diff: 0.2, Sum: 281.2]
      [Termination (ms): Min: 0.0, Avg: 0.0, Max: 0.0, Diff: 0.0, Sum: 0.0]
      [GC Worker Other (ms): Min: 0.0, Avg: 0.0, Max: 0.0, Diff: 0.0, Sum: 0.1]
      [GC Worker Total (ms): Min: 174.0, Avg: 174.0, Max: 174.0, Diff: 0.0, Sum: 348.0]
      [GC Worker End (ms): Min: 8466099.5, Avg: 8466099.5, Max: 8466099.5, Diff: 0.0]
   [Code Root Fixup: 0.2 ms]
   [Code Root Migration: 0.0 ms]
   [Clear CT: 0.2 ms]
   [Other: 1.9 ms]
      [Choose CSet: 0.0 ms]
      [Ref Proc: 1.0 ms]
      [Ref Enq: 0.1 ms]
      [Free CSet: 0.5 ms]
   [Eden: 626.0M(626.0M)->0.0B(470.0M) Survivors: 34.0M->48.0M Heap: 2901.3M(5632.0M)->2289.3M(5632.0M)]
 [Times: user=0.34 sys=0.00, real=0.18 secs] 
2014-06-25T02:32:03.653+0000: 8466.102: Total time for which application threads were stopped: 0.1810699 seconds
2014-06-25T02:32:04.740+0000: 8467.189: [GC pause (G1 Evacuation Pause) (young)
Desired survivor size 34603008 bytes, new threshold 3 (max 15)
- age   1:   18259416 bytes,   18259416 total
- age   2:    9553896 bytes,   27813312 total
- age   3:   11271504 bytes,   39084816 total
- age   4:   10621744 bytes,   49706560 total
, 0.2077154 secs]
   [Parallel Time: 205.6 ms, GC Workers: 2]
      [GC Worker Start (ms): Min: 8467189.0, Avg: 8467189.0, Max: 8467189.0, Diff: 0.0]
      [Ext Root Scanning (ms): Min: 1.2, Avg: 1.3, Max: 1.5, Diff: 0.3, Sum: 2.6]
      [Update RS (ms): Min: 19.6, Avg: 19.7, Max: 19.7, Diff: 0.1, Sum: 39.3]
         [Processed Buffers: Min: 21, Avg: 21.5, Max: 22, Diff: 1, Sum: 43]
      [Scan RS (ms): Min: 9.5, Avg: 9.5, Max: 9.5, Diff: 0.0, Sum: 19.0]
      [Code Root Scanning (ms): Min: 0.1, Avg: 0.1, Max: 0.2, Diff: 0.0, Sum: 0.3]
      [Object Copy (ms): Min: 174.7, Avg: 174.8, Max: 174.9, Diff: 0.2, Sum: 349.6]
      [Termination (ms): Min: 0.0, Avg: 0.0, Max: 0.0, Diff: 0.0, Sum: 0.0]
      [GC Worker Other (ms): Min: 0.0, Avg: 0.0, Max: 0.0, Diff: 0.0, Sum: 0.1]
      [GC Worker Total (ms): Min: 205.5, Avg: 205.5, Max: 205.5, Diff: 0.0, Sum: 411.0]
      [GC Worker End (ms): Min: 8467394.5, Avg: 8467394.5, Max: 8467394.5, Diff: 0.0]
   [Code Root Fixup: 0.2 ms]
   [Code Root Migration: 0.0 ms]
   [Clear CT: 0.2 ms]
   [Other: 1.7 ms]
      [Choose CSet: 0.0 ms]
      [Ref Proc: 0.8 ms]
      [Ref Enq: 0.1 ms]
      [Free CSet: 0.5 ms]
   [Eden: 470.0M(470.0M)->0.0B(510.0M) Survivors: 48.0M->40.0M Heap: 2759.3M(5632.0M)->2302.3M(5632.0M)]
 [Times: user=0.41 sys=0.00, real=0.20 secs] 
2014-06-25T02:32:04.948+0000: 8467.397: Total time for which application threads were stopped: 0.2091517 seconds
2014-06-25T02:32:06.159+0000: 8468.608: [GC pause (G1 Evacuation Pause) (young)
Desired survivor size 28311552 bytes, new threshold 2 (max 15)
- age   1:   14092976 bytes,   14092976 total
- age   2:   15970120 bytes,   30063096 total
- age   3:    9553816 bytes,   39616912 total
, 0.1875253 secs]
   [Parallel Time: 185.5 ms, GC Workers: 2]
      [GC Worker Start (ms): Min: 8468608.2, Avg: 8468608.2, Max: 8468608.2, Diff: 0.0]
      [Ext Root Scanning (ms): Min: 1.2, Avg: 1.3, Max: 1.5, Diff: 0.3, Sum: 2.7]
      [Update RS (ms): Min: 20.3, Avg: 20.3, Max: 20.3, Diff: 0.0, Sum: 40.7]
         [Processed Buffers: Min: 8, Avg: 17.5, Max: 27, Diff: 19, Sum: 35]
      [Scan RS (ms): Min: 10.5, Avg: 10.6, Max: 10.6, Diff: 0.1, Sum: 21.1]
      [Code Root Scanning (ms): Min: 0.1, Avg: 0.1, Max: 0.2, Diff: 0.0, Sum: 0.3]
      [Object Copy (ms): Min: 152.9, Avg: 153.0, Max: 153.1, Diff: 0.2, Sum: 306.0]
      [Termination (ms): Min: 0.0, Avg: 0.0, Max: 0.0, Diff: 0.0, Sum: 0.0]
      [GC Worker Other (ms): Min: 0.0, Avg: 0.0, Max: 0.0, Diff: 0.0, Sum: 0.1]
      [GC Worker Total (ms): Min: 185.4, Avg: 185.4, Max: 185.4, Diff: 0.0, Sum: 370.8]
      [GC Worker End (ms): Min: 8468793.6, Avg: 8468793.6, Max: 8468793.6, Diff: 0.0]
   [Code Root Fixup: 0.2 ms]
   [Code Root Migration: 0.0 ms]
   [Clear CT: 0.2 ms]
   [Other: 1.6 ms]
      [Choose CSet: 0.0 ms]
      [Ref Proc: 0.6 ms]
      [Ref Enq: 0.1 ms]
      [Free CSet: 0.5 ms]
   [Eden: 506.0M(382.0M)->0.0B(852.0M) Survivors: 40.0M->28.0M Heap: 2808.3M(5632.0M)->2316.3M(5632.0M)]
 [Times: user=0.37 sys=0.00, real=0.19 secs] 
2014-06-25T02:32:06.347+0000: 8468.796: Total time for which application threads were stopped: 0.1900784 seconds
2014-06-25T02:32:07.354+0000: 8469.803: [GC pause (G1 Evacuation Pause) (young)
Desired survivor size 57671680 bytes, new threshold 15 (max 15)
- age   1:   15513744 bytes,   15513744 total
- age   2:   12245720 bytes,   27759464 total
, 0.5946540 secs]
   [Parallel Time: 592.1 ms, GC Workers: 2]
      [GC Worker Start (ms): Min: 8469802.8, Avg: 8469802.8, Max: 8469802.9, Diff: 0.0]
      [Ext Root Scanning (ms): Min: 1.2, Avg: 1.3, Max: 1.4, Diff: 0.3, Sum: 2.6]
      [Update RS (ms): Min: 20.6, Avg: 23.3, Max: 26.0, Diff: 5.4, Sum: 46.6]
         [Processed Buffers: Min: 4, Avg: 18.0, Max: 32, Diff: 28, Sum: 36]
      [Scan RS (ms): Min: 21.4, Avg: 24.1, Max: 26.8, Diff: 5.4, Sum: 48.2]
      [Code Root Scanning (ms): Min: 0.3, Avg: 0.3, Max: 0.3, Diff: 0.1, Sum: 0.6]
      [Object Copy (ms): Min: 543.0, Avg: 543.1, Max: 543.2, Diff: 0.2, Sum: 1086.1]
      [Termination (ms): Min: 0.0, Avg: 0.0, Max: 0.0, Diff: 0.0, Sum: 0.0]
      [GC Worker Other (ms): Min: 0.0, Avg: 0.0, Max: 0.0, Diff: 0.0, Sum: 0.1]
      [GC Worker Total (ms): Min: 592.1, Avg: 592.1, Max: 592.1, Diff: 0.0, Sum: 1184.1]
      [GC Worker End (ms): Min: 8470394.9, Avg: 8470394.9, Max: 8470394.9, Diff: 0.0]
   [Code Root Fixup: 0.2 ms]
   [Code Root Migration: 0.1 ms]
   [Clear CT: 0.3 ms]
   [Other: 2.0 ms]
      [Choose CSet: 0.0 ms]
      [Ref Proc: 0.4 ms]
      [Ref Enq: 0.1 ms]
      [Free CSet: 0.6 ms]
   [Eden: 852.0M(852.0M)->0.0B(170.0M) Survivors: 28.0M->110.0M Heap: 3171.3M(5632.0M)->2497.3M(5632.0M)]
 [Times: user=1.18 sys=0.01, real=0.60 secs] 
2014-06-25T02:32:07.948+0000: 8470.398: Total time for which application threads were stopped: 0.5953450 seconds
2014-06-25T02:32:08.486+0000: 8470.935: [GC pause (G1 Evacuation Pause) (young)
Desired survivor size 18874368 bytes, new threshold 1 (max 15)
- age   1:  187318720 bytes,  187318720 total
- age   2:   14307744 bytes,  201626464 total
- age   3:   12245608 bytes,  213872072 total
, 0.3776952 secs]
   [Parallel Time: 375.7 ms, GC Workers: 2]
      [GC Worker Start (ms): Min: 8470935.6, Avg: 8470935.6, Max: 8470935.6, Diff: 0.0]
      [Ext Root Scanning (ms): Min: 1.1, Avg: 1.3, Max: 1.4, Diff: 0.2, Sum: 2.5]
      [Update RS (ms): Min: 17.0, Avg: 18.1, Max: 19.3, Diff: 2.3, Sum: 36.3]
         [Processed Buffers: Min: 23, Avg: 25.0, Max: 27, Diff: 4, Sum: 50]
      [Scan RS (ms): Min: 16.2, Avg: 17.4, Max: 18.7, Diff: 2.5, Sum: 34.9]
      [Code Root Scanning (ms): Min: 0.1, Avg: 0.1, Max: 0.1, Diff: 0.1, Sum: 0.2]
      [Object Copy (ms): Min: 338.6, Avg: 338.7, Max: 338.7, Diff: 0.1, Sum: 677.4]
      [Termination (ms): Min: 0.0, Avg: 0.0, Max: 0.0, Diff: 0.0, Sum: 0.0]
      [GC Worker Other (ms): Min: 0.0, Avg: 0.0, Max: 0.0, Diff: 0.0, Sum: 0.1]
      [GC Worker Total (ms): Min: 375.6, Avg: 375.6, Max: 375.6, Diff: 0.0, Sum: 751.2]
      [GC Worker End (ms): Min: 8471311.2, Avg: 8471311.2, Max: 8471311.2, Diff: 0.0]
   [Code Root Fixup: 0.2 ms]
   [Code Root Migration: 0.0 ms]
   [Clear CT: 0.2 ms]
   [Other: 1.6 ms]
      [Choose CSet: 0.0 ms]
      [Ref Proc: 0.3 ms]
      [Ref Enq: 0.0 ms]
      [Free CSet: 0.3 ms]
   [Eden: 170.0M(170.0M)->0.0B(260.0M) Survivors: 110.0M->20.0M Heap: 2667.3M(5632.0M)->2517.3M(5632.0M)]
 [Times: user=0.75 sys=0.00, real=0.38 secs] 
2014-06-25T02:32:08.867+0000: 8471.316: Total time for which application threads were stopped: 0.3812808 seconds
2014-06-25T02:32:09.693+0000: 8472.142: [GC pause (G1 Evacuation Pause) (young) (initial-mark)
Desired survivor size 18874368 bytes, new threshold 15 (max 15)
- age   1:   18417080 bytes,   18417080 total
, 0.1023458 secs]
   [Parallel Time: 100.7 ms, GC Workers: 2]
      [GC Worker Start (ms): Min: 8472142.2, Avg: 8472142.2, Max: 8472142.2, Diff: 0.0]
      [Ext Root Scanning (ms): Min: 1.2, Avg: 2.1, Max: 3.0, Diff: 1.7, Sum: 4.2]
      [Code Root Marking (ms): Min: 8.4, Avg: 8.4, Max: 8.4, Diff: 0.0, Sum: 16.8]
      [Update RS (ms): Min: 9.5, Avg: 9.6, Max: 9.6, Diff: 0.1, Sum: 19.2]
         [Processed Buffers: Min: 8, Avg: 18.0, Max: 28, Diff: 20, Sum: 36]
      [Scan RS (ms): Min: 1.9, Avg: 1.9, Max: 1.9, Diff: 0.0, Sum: 3.8]
      [Code Root Scanning (ms): Min: 0.1, Avg: 0.1, Max: 0.1, Diff: 0.0, Sum: 0.1]
      [Object Copy (ms): Min: 77.7, Avg: 78.5, Max: 79.4, Diff: 1.7, Sum: 157.0]
      [Termination (ms): Min: 0.0, Avg: 0.0, Max: 0.0, Diff: 0.0, Sum: 0.0]
      [GC Worker Other (ms): Min: 0.0, Avg: 0.0, Max: 0.0, Diff: 0.0, Sum: 0.1]
      [GC Worker Total (ms): Min: 100.6, Avg: 100.6, Max: 100.6, Diff: 0.0, Sum: 201.2]
      [GC Worker End (ms): Min: 8472242.8, Avg: 8472242.8, Max: 8472242.8, Diff: 0.0]
   [Code Root Fixup: 0.2 ms]
   [Code Root Migration: 0.0 ms]
   [Clear CT: 0.1 ms]
   [Other: 1.3 ms]
      [Choose CSet: 0.0 ms]
      [Ref Proc: 0.3 ms]
      [Ref Enq: 0.0 ms]
      [Free CSet: 0.3 ms]
   [Eden: 260.0M(260.0M)->0.0B(250.0M) Survivors: 20.0M->30.0M Heap: 2777.3M(5632.0M)->2527.3M(5632.0M)]
 [Times: user=0.20 sys=0.00, real=0.10 secs] 
2014-06-25T02:32:09.795+0000: 8472.244: [GC concurrent-root-region-scan-start]
2014-06-25T02:32:09.795+0000: 8472.244: Total time for which application threads were stopped: 0.1030828 seconds
2014-06-25T02:32:09.955+0000: 8472.404: [GC concurrent-root-region-scan-end, 0.1601465 secs]
2014-06-25T02:32:09.955+0000: 8472.405: [GC concurrent-mark-start]
2014-06-25T02:32:10.583+0000: 8473.032: [GC pause (G1 Evacuation Pause) (young)
Desired survivor size 18874368 bytes, new threshold 2 (max 15)
- age   1:   11844968 bytes,   11844968 total
- age   2:   18027712 bytes,   29872680 total
, 0.1247070 secs]
   [Parallel Time: 123.3 ms, GC Workers: 2]
      [GC Worker Start (ms): Min: 8473032.5, Avg: 8473032.6, Max: 8473032.6, Diff: 0.0]
      [Ext Root Scanning (ms): Min: 1.2, Avg: 1.3, Max: 1.4, Diff: 0.2, Sum: 2.6]
      [SATB Filtering (ms): Min: 0.0, Avg: 0.0, Max: 0.1, Diff: 0.1, Sum: 0.1]
      [Update RS (ms): Min: 12.1, Avg: 12.4, Max: 12.6, Diff: 0.5, Sum: 24.7]
         [Processed Buffers: Min: 7, Avg: 16.0, Max: 25, Diff: 18, Sum: 32]
      [Scan RS (ms): Min: 0.5, Avg: 0.8, Max: 1.0, Diff: 0.5, Sum: 1.5]
      [Code Root Scanning (ms): Min: 0.1, Avg: 0.1, Max: 0.1, Diff: 0.0, Sum: 0.1]
      [Object Copy (ms): Min: 108.6, Avg: 108.7, Max: 108.8, Diff: 0.2, Sum: 217.4]
      [Termination (ms): Min: 0.0, Avg: 0.0, Max: 0.0, Diff: 0.0, Sum: 0.0]
      [GC Worker Other (ms): Min: 0.0, Avg: 0.0, Max: 0.0, Diff: 0.0, Sum: 0.1]
      [GC Worker Total (ms): Min: 123.2, Avg: 123.2, Max: 123.3, Diff: 0.0, Sum: 246.5]
      [GC Worker End (ms): Min: 8473155.8, Avg: 8473155.8, Max: 8473155.8, Diff: 0.0]
   [Code Root Fixup: 0.2 ms]
   [Code Root Migration: 0.0 ms]
   [Clear CT: 0.1 ms]
   [Other: 1.0 ms]
      [Choose CSet: 0.0 ms]
      [Ref Proc: 0.5 ms]
      [Ref Enq: 0.0 ms]
      [Free CSet: 0.2 ms]
   [Eden: 250.0M(250.0M)->0.0B(340.0M) Survivors: 30.0M->24.0M Heap: 2777.3M(5632.0M)->2539.3M(5632.0M)]
 [Times: user=0.25 sys=0.00, real=0.13 secs] 
2014-06-25T02:32:10.708+0000: 8473.157: Total time for which application threads were stopped: 0.1295199 seconds
2014-06-25T02:32:11.820+0000: 8474.269: [GC pause (G1 Evacuation Pause) (young)
Desired survivor size 24117248 bytes, new threshold 15 (max 15)
- age   1:   11740448 bytes,   11740448 total
- age   2:   11228392 bytes,   22968840 total
, 0.1206458 secs]
   [Parallel Time: 119.2 ms, GC Workers: 2]
      [GC Worker Start (ms): Min: 8474269.0, Avg: 8474269.0, Max: 8474269.0, Diff: 0.0]
      [Ext Root Scanning (ms): Min: 1.1, Avg: 1.2, Max: 1.4, Diff: 0.2, Sum: 2.5]
      [SATB Filtering (ms): Min: 0.0, Avg: 0.0, Max: 0.0, Diff: 0.0, Sum: 0.0]
      [Update RS (ms): Min: 14.1, Avg: 14.2, Max: 14.3, Diff: 0.2, Sum: 28.4]
         [Processed Buffers: Min: 10, Avg: 20.5, Max: 31, Diff: 21, Sum: 41]
      [Scan RS (ms): Min: 2.5, Avg: 2.6, Max: 2.6, Diff: 0.2, Sum: 5.1]
      [Code Root Scanning (ms): Min: 0.1, Avg: 0.1, Max: 0.1, Diff: 0.0, Sum: 0.2]
      [Object Copy (ms): Min: 100.9, Avg: 101.0, Max: 101.0, Diff: 0.2, Sum: 201.9]
      [Termination (ms): Min: 0.0, Avg: 0.0, Max: 0.0, Diff: 0.0, Sum: 0.0]
      [GC Worker Other (ms): Min: 0.0, Avg: 0.0, Max: 0.0, Diff: 0.0, Sum: 0.1]
      [GC Worker Total (ms): Min: 119.1, Avg: 119.1, Max: 119.1, Diff: 0.0, Sum: 238.3]
      [GC Worker End (ms): Min: 8474388.1, Avg: 8474388.1, Max: 8474388.1, Diff: 0.0]
   [Code Root Fixup: 0.2 ms]
   [Code Root Migration: 0.0 ms]
   [Clear CT: 0.2 ms]
   [Other: 1.1 ms]
      [Choose CSet: 0.0 ms]
      [Ref Proc: 0.6 ms]
      [Ref Enq: 0.0 ms]
      [Free CSet: 0.3 ms]
   [Eden: 340.0M(340.0M)->0.0B(314.0M) Survivors: 24.0M->38.0M Heap: 2879.3M(5632.0M)->2553.3M(5632.0M)]
 [Times: user=0.24 sys=0.00, real=0.12 secs] 
2014-06-25T02:32:11.941+0000: 8474.390: Total time for which application threads were stopped: 0.1250018 seconds
2014-06-25T02:32:12.892+0000: 8475.341: [GC pause (G1 Evacuation Pause) (young)
Desired survivor size 23068672 bytes, new threshold 2 (max 15)
- age   1:   15536248 bytes,   15536248 total
- age   2:   10978872 bytes,   26515120 total
- age   3:   11228216 bytes,   37743336 total
, 0.1552719 secs]
   [Parallel Time: 153.8 ms, GC Workers: 2]
      [GC Worker Start (ms): Min: 8475340.9, Avg: 8475340.9, Max: 8475340.9, Diff: 0.0]
      [Ext Root Scanning (ms): Min: 1.2, Avg: 1.3, Max: 1.4, Diff: 0.2, Sum: 2.6]
      [SATB Filtering (ms): Min: 0.0, Avg: 0.0, Max: 0.0, Diff: 0.0, Sum: 0.0]
      [Update RS (ms): Min: 15.2, Avg: 15.6, Max: 16.0, Diff: 0.8, Sum: 31.2]
         [Processed Buffers: Min: 9, Avg: 17.5, Max: 26, Diff: 17, Sum: 35]
      [Scan RS (ms): Min: 0.0, Avg: 0.2, Max: 0.4, Diff: 0.4, Sum: 0.4]
      [Code Root Scanning (ms): Min: 0.0, Avg: 0.1, Max: 0.2, Diff: 0.2, Sum: 0.2]
      [Object Copy (ms): Min: 136.3, Avg: 136.5, Max: 136.7, Diff: 0.4, Sum: 273.0]
      [Termination (ms): Min: 0.0, Avg: 0.0, Max: 0.0, Diff: 0.0, Sum: 0.0]
      [GC Worker Other (ms): Min: 0.0, Avg: 0.0, Max: 0.0, Diff: 0.0, Sum: 0.1]
      [GC Worker Total (ms): Min: 153.7, Avg: 153.8, Max: 153.8, Diff: 0.0, Sum: 307.5]
      [GC Worker End (ms): Min: 8475494.6, Avg: 8475494.6, Max: 8475494.7, Diff: 0.0]
   [Code Root Fixup: 0.2 ms]
   [Code Root Migration: 0.0 ms]
   [Clear CT: 0.1 ms]
   [Other: 1.1 ms]
      [Choose CSet: 0.0 ms]
      [Ref Proc: 0.5 ms]
      [Ref Enq: 0.0 ms]
      [Free CSet: 0.3 ms]
   [Eden: 314.0M(314.0M)->0.0B(428.0M) Survivors: 38.0M->28.0M Heap: 2867.3M(5632.0M)->2567.3M(5632.0M)]
 [Times: user=0.31 sys=0.00, real=0.15 secs] 
2014-06-25T02:32:13.047+0000: 8475.496: Total time for which application threads were stopped: 0.1586008 seconds
2014-06-25T02:32:14.428+0000: 8476.877: [GC pause (G1 Evacuation Pause) (young)
Desired survivor size 30408704 bytes, new threshold 15 (max 15)
- age   1:   13100064 bytes,   13100064 total
- age   2:   15167448 bytes,   28267512 total
, 0.1510293 secs]
   [Parallel Time: 149.3 ms, GC Workers: 2]
      [GC Worker Start (ms): Min: 8476877.1, Avg: 8476877.1, Max: 8476877.1, Diff: 0.0]
      [Ext Root Scanning (ms): Min: 1.1, Avg: 1.3, Max: 1.4, Diff: 0.2, Sum: 2.5]
      [SATB Filtering (ms): Min: 0.0, Avg: 0.0, Max: 0.1, Diff: 0.1, Sum: 0.1]
      [Update RS (ms): Min: 16.2, Avg: 16.6, Max: 17.0, Diff: 0.7, Sum: 33.2]
         [Processed Buffers: Min: 12, Avg: 23.5, Max: 35, Diff: 23, Sum: 47]
      [Scan RS (ms): Min: 3.3, Avg: 3.7, Max: 4.0, Diff: 0.7, Sum: 7.3]
      [Code Root Scanning (ms): Min: 0.1, Avg: 0.1, Max: 0.1, Diff: 0.0, Sum: 0.2]
      [Object Copy (ms): Min: 127.4, Avg: 127.6, Max: 127.7, Diff: 0.3, Sum: 255.1]
      [Termination (ms): Min: 0.0, Avg: 0.0, Max: 0.0, Diff: 0.0, Sum: 0.0]
      [GC Worker Other (ms): Min: 0.0, Avg: 0.0, Max: 0.0, Diff: 0.0, Sum: 0.1]
      [GC Worker Total (ms): Min: 149.3, Avg: 149.3, Max: 149.3, Diff: 0.0, Sum: 298.5]
      [GC Worker End (ms): Min: 8477026.4, Avg: 8477026.4, Max: 8477026.4, Diff: 0.0]
   [Code Root Fixup: 0.2 ms]
   [Code Root Migration: 0.0 ms]
   [Clear CT: 0.2 ms]
   [Other: 1.3 ms]
      [Choose CSet: 0.0 ms]
      [Ref Proc: 0.7 ms]
      [Ref Enq: 0.0 ms]
      [Free CSet: 0.3 ms]
   [Eden: 428.0M(428.0M)->0.0B(334.0M) Survivors: 28.0M->46.0M Heap: 2995.3M(5632.0M)->2585.3M(5632.0M)]
 [Times: user=0.30 sys=0.00, real=0.14 secs] 
2014-06-25T02:32:14.579+0000: 8477.028: Total time for which application threads were stopped: 0.1516537 seconds
2014-06-25T02:32:15.652+0000: 8478.101: [GC pause (G1 Evacuation Pause) (young)
Desired survivor size 25165824 bytes, new threshold 2 (max 15)
- age   1:   20444280 bytes,   20444280 total
- age   2:   11764344 bytes,   32208624 total
- age   3:   15167336 bytes,   47375960 total
, 0.1914805 secs]
   [Parallel Time: 189.8 ms, GC Workers: 2]
      [GC Worker Start (ms): Min: 8478101.0, Avg: 8478104.7, Max: 8478108.5, Diff: 7.5]
      [Ext Root Scanning (ms): Min: 0.0, Avg: 1.0, Max: 2.0, Diff: 2.0, Sum: 2.1]
      [SATB Filtering (ms): Min: 0.0, Avg: 0.0, Max: 0.0, Diff: 0.0, Sum: 0.0]
      [Update RS (ms): Min: 11.9, Avg: 14.0, Max: 16.1, Diff: 4.2, Sum: 28.0]
         [Processed Buffers: Min: 11, Avg: 20.0, Max: 29, Diff: 18, Sum: 40]
      [Scan RS (ms): Min: 2.7, Avg: 3.1, Max: 3.5, Diff: 0.8, Sum: 6.2]
      [Code Root Scanning (ms): Min: 0.0, Avg: 0.1, Max: 0.2, Diff: 0.1, Sum: 0.2]
      [Object Copy (ms): Min: 167.6, Avg: 167.7, Max: 167.8, Diff: 0.2, Sum: 335.3]
      [Termination (ms): Min: 0.0, Avg: 0.0, Max: 0.0, Diff: 0.0, Sum: 0.0]
      [GC Worker Other (ms): Min: 0.0, Avg: 0.0, Max: 0.0, Diff: 0.0, Sum: 0.1]
      [GC Worker Total (ms): Min: 182.2, Avg: 185.9, Max: 189.7, Diff: 7.5, Sum: 371.9]
      [GC Worker End (ms): Min: 8478290.7, Avg: 8478290.7, Max: 8478290.7, Diff: 0.0]
   [Code Root Fixup: 0.2 ms]
   [Code Root Migration: 0.0 ms]
   [Clear CT: 0.2 ms]
   [Other: 1.4 ms]
      [Choose CSet: 0.0 ms]
      [Ref Proc: 0.6 ms]
      [Ref Enq: 0.0 ms]
      [Free CSet: 0.3 ms]
   [Eden: 334.0M(334.0M)->0.0B(410.0M) Survivors: 46.0M->36.0M Heap: 2919.3M(5632.0M)->2601.3M(5632.0M)]
 [Times: user=0.37 sys=0.00, real=0.19 secs] 
2014-06-25T02:32:15.843+0000: 8478.293: Total time for which application threads were stopped: 0.1921048 seconds
2014-06-25T02:32:17.215+0000: 8479.665: [GC pause (G1 Evacuation Pause) (young)
Desired survivor size 29360128 bytes, new threshold 2 (max 15)
- age   1:   16298624 bytes,   16298624 total
- age   2:   18891888 bytes,   35190512 total
, 0.1667219 secs]
   [Parallel Time: 164.9 ms, GC Workers: 2]
      [GC Worker Start (ms): Min: 8479664.7, Avg: 8479664.7, Max: 8479664.7, Diff: 0.0]
      [Ext Root Scanning (ms): Min: 1.2, Avg: 1.3, Max: 1.4, Diff: 0.3, Sum: 2.6]
      [SATB Filtering (ms): Min: 0.0, Avg: 0.0, Max: 0.1, Diff: 0.1, Sum: 0.1]
      [Update RS (ms): Min: 14.6, Avg: 14.7, Max: 14.7, Diff: 0.1, Sum: 29.3]
         [Processed Buffers: Min: 10, Avg: 20.5, Max: 31, Diff: 21, Sum: 41]
      [Scan RS (ms): Min: 5.5, Avg: 5.6, Max: 5.6, Diff: 0.1, Sum: 11.1]
      [Code Root Scanning (ms): Min: 0.1, Avg: 0.1, Max: 0.1, Diff: 0.0, Sum: 0.2]
      [Object Copy (ms): Min: 143.1, Avg: 143.2, Max: 143.3, Diff: 0.2, Sum: 286.3]
      [Termination (ms): Min: 0.0, Avg: 0.0, Max: 0.0, Diff: 0.0, Sum: 0.0]
      [GC Worker Other (ms): Min: 0.0, Avg: 0.0, Max: 0.0, Diff: 0.0, Sum: 0.1]
      [GC Worker Total (ms): Min: 164.8, Avg: 164.8, Max: 164.9, Diff: 0.0, Sum: 329.7]
      [GC Worker End (ms): Min: 8479829.5, Avg: 8479829.5, Max: 8479829.5, Diff: 0.0]
   [Code Root Fixup: 0.2 ms]
   [Code Root Migration: 0.0 ms]
   [Clear CT: 0.2 ms]
   [Other: 1.4 ms]
      [Choose CSet: 0.0 ms]
      [Ref Proc: 0.7 ms]
      [Ref Enq: 0.0 ms]
      [Free CSet: 0.4 ms]
   [Eden: 410.0M(410.0M)->0.0B(464.0M) Survivors: 36.0M->34.0M Heap: 3011.3M(5632.0M)->2618.3M(5632.0M)]
 [Times: user=0.33 sys=0.00, real=0.17 secs] 
2014-06-25T02:32:17.382+0000: 8479.832: Total time for which application threads were stopped: 0.1713263 seconds
2014-06-25T02:32:18.532+0000: 8480.982: [GC concurrent-mark-end, 8.5770888 secs]
2014-06-25T02:32:18.536+0000: 8480.985: [GC remark 8480.985: [GC ref-proc, 0.0028421 secs], 0.0165313 secs]
 [Times: user=0.03 sys=0.00, real=0.02 secs] 
2014-06-25T02:32:18.552+0000: 8481.001: Total time for which application threads were stopped: 0.0197527 seconds
2014-06-25T02:32:18.562+0000: 8481.011: [GC cleanup 2972M->1802M(5632M), 0.0238583 secs]
 [Times: user=0.04 sys=0.01, real=0.02 secs] 
2014-06-25T02:32:18.586+0000: 8481.035: Total time for which application threads were stopped: 0.0243147 seconds
2014-06-25T02:32:18.586+0000: 8481.035: [GC concurrent-cleanup-start]
2014-06-25T02:32:18.587+0000: 8481.037: [GC concurrent-cleanup-end, 0.0015262 secs]
2014-06-25T02:32:18.897+0000: 8481.346: [GC pause (G1 Evacuation Pause) (young)
Desired survivor size 33554432 bytes, new threshold 2 (max 15)
- age   1:   17950968 bytes,   17950968 total
- age   2:   15661296 bytes,   33612264 total
, 0.1682874 secs]
   [Parallel Time: 166.8 ms, GC Workers: 2]
      [GC Worker Start (ms): Min: 8481346.3, Avg: 8481346.3, Max: 8481346.3, Diff: 0.0]
      [Ext Root Scanning (ms): Min: 1.1, Avg: 1.3, Max: 1.4, Diff: 0.3, Sum: 2.6]
      [Update RS (ms): Min: 14.7, Avg: 15.2, Max: 15.7, Diff: 1.1, Sum: 30.4]
         [Processed Buffers: Min: 8, Avg: 21.5, Max: 35, Diff: 27, Sum: 43]
      [Scan RS (ms): Min: 3.5, Avg: 3.9, Max: 4.3, Diff: 0.7, Sum: 7.8]
      [Code Root Scanning (ms): Min: 0.0, Avg: 0.1, Max: 0.2, Diff: 0.2, Sum: 0.2]
      [Object Copy (ms): Min: 146.1, Avg: 146.2, Max: 146.3, Diff: 0.2, Sum: 292.4]
      [Termination (ms): Min: 0.0, Avg: 0.0, Max: 0.0, Diff: 0.0, Sum: 0.0]
      [GC Worker Other (ms): Min: 0.0, Avg: 0.0, Max: 0.0, Diff: 0.0, Sum: 0.1]
      [GC Worker Total (ms): Min: 166.7, Avg: 166.7, Max: 166.7, Diff: 0.0, Sum: 333.4]
      [GC Worker End (ms): Min: 8481513.0, Avg: 8481513.0, Max: 8481513.0, Diff: 0.0]
   [Code Root Fixup: 0.2 ms]
   [Code Root Migration: 0.0 ms]
   [Clear CT: 0.2 ms]
   [Other: 1.1 ms]
      [Choose CSet: 0.0 ms]
      [Ref Proc: 0.4 ms]
      [Ref Enq: 0.0 ms]
      [Free CSet: 0.4 ms]
   [Eden: 464.0M(464.0M)->0.0B(450.0M) Survivors: 34.0M->38.0M Heap: 1912.6M(5632.0M)->1469.6M(5632.0M)]
 [Times: user=0.34 sys=0.00, real=0.17 secs] 
2014-06-25T02:32:19.065+0000: 8481.515: Total time for which application threads were stopped: 0.1688816 seconds
2014-06-25T02:32:20.092+0000: 8482.541: [GC pause (G1 Evacuation Pause) (young)
Desired survivor size 32505856 bytes, new threshold 2 (max 15)
- age   1:   20694824 bytes,   20694824 total
- age   2:   17433808 bytes,   38128632 total
, 0.2009154 secs]
   [Parallel Time: 199.5 ms, GC Workers: 2]
      [GC Worker Start (ms): Min: 8482541.5, Avg: 8482541.5, Max: 8482541.5, Diff: 0.0]
      [Ext Root Scanning (ms): Min: 1.1, Avg: 1.3, Max: 1.5, Diff: 0.3, Sum: 2.6]
      [Update RS (ms): Min: 19.0, Avg: 22.3, Max: 25.7, Diff: 6.7, Sum: 44.7]
         [Processed Buffers: Min: 14, Avg: 22.5, Max: 31, Diff: 17, Sum: 45]
      [Scan RS (ms): Min: 1.7, Avg: 4.8, Max: 7.9, Diff: 6.2, Sum: 9.5]
      [Code Root Scanning (ms): Min: 0.0, Avg: 0.1, Max: 0.3, Diff: 0.3, Sum: 0.3]
      [Object Copy (ms): Min: 170.8, Avg: 170.8, Max: 170.9, Diff: 0.1, Sum: 341.7]
      [Termination (ms): Min: 0.0, Avg: 0.0, Max: 0.0, Diff: 0.0, Sum: 0.0]
      [GC Worker Other (ms): Min: 0.0, Avg: 0.0, Max: 0.0, Diff: 0.0, Sum: 0.1]
      [GC Worker Total (ms): Min: 199.4, Avg: 199.4, Max: 199.4, Diff: 0.0, Sum: 398.9]
      [GC Worker End (ms): Min: 8482740.9, Avg: 8482740.9, Max: 8482740.9, Diff: 0.0]
   [Code Root Fixup: 0.2 ms]
   [Code Root Migration: 0.0 ms]
   [Clear CT: 0.2 ms]
   [Other: 1.0 ms]
      [Choose CSet: 0.0 ms]
      [Ref Proc: 0.3 ms]
      [Ref Enq: 0.0 ms]
      [Free CSet: 0.4 ms]
   [Eden: 450.0M(450.0M)->0.0B(372.0M) Survivors: 38.0M->44.0M Heap: 1919.6M(5632.0M)->1493.6M(5632.0M)]
 [Times: user=0.40 sys=0.01, real=0.20 secs] 
2014-06-25T02:32:20.295+0000: 8482.744: Total time for which application threads were stopped: 0.2033524 seconds
2014-06-25T02:32:20.913+0000: 8483.362: [GC pause (G1 Evacuation Pause) (young)
Desired survivor size 19922944 bytes, new threshold 1 (max 15)
- age   1:   25049384 bytes,   25049384 total
- age   2:   19983304 bytes,   45032688 total
, 0.1896435 secs]
   [Parallel Time: 188.2 ms, GC Workers: 2]
      [GC Worker Start (ms): Min: 8483362.3, Avg: 8483362.3, Max: 8483362.3, Diff: 0.0]
      [Ext Root Scanning (ms): Min: 1.2, Avg: 1.3, Max: 1.4, Diff: 0.3, Sum: 2.6]
      [Update RS (ms): Min: 17.3, Avg: 17.5, Max: 17.7, Diff: 0.4, Sum: 35.1]
         [Processed Buffers: Min: 14, Avg: 23.0, Max: 32, Diff: 18, Sum: 46]
      [Scan RS (ms): Min: 9.9, Avg: 10.1, Max: 10.3, Diff: 0.4, Sum: 20.3]
      [Code Root Scanning (ms): Min: 0.1, Avg: 0.1, Max: 0.1, Diff: 0.0, Sum: 0.2]
      [Object Copy (ms): Min: 158.9, Avg: 159.0, Max: 159.1, Diff: 0.2, Sum: 318.0]
      [Termination (ms): Min: 0.0, Avg: 0.0, Max: 0.0, Diff: 0.0, Sum: 0.0]
      [GC Worker Other (ms): Min: 0.0, Avg: 0.0, Max: 0.0, Diff: 0.0, Sum: 0.1]
      [GC Worker Total (ms): Min: 188.1, Avg: 188.1, Max: 188.1, Diff: 0.0, Sum: 376.2]
      [GC Worker End (ms): Min: 8483550.4, Avg: 8483550.4, Max: 8483550.4, Diff: 0.0]
   [Code Root Fixup: 0.2 ms]
   [Code Root Migration: 0.0 ms]
   [Clear CT: 0.1 ms]
   [Other: 1.1 ms]
      [Choose CSet: 0.0 ms]
      [Ref Proc: 0.2 ms]
      [Ref Enq: 0.0 ms]
      [Free CSet: 0.4 ms]
   [Eden: 250.0M(250.0M)->0.0B(900.0M) Survivors: 44.0M->14.0M Heap: 1744.6M(5632.0M)->1507.6M(5632.0M)]
 [Times: user=0.38 sys=0.00, real=0.19 secs] 
2014-06-25T02:32:21.103+0000: 8483.552: Total time for which application threads were stopped: 0.1903092 seconds
2014-06-25T02:32:23.329+0000: 8485.779: [GC pause (G1 Evacuation Pause) (young)
Desired survivor size 60817408 bytes, new threshold 15 (max 15)
- age   1:   13660216 bytes,   13660216 total
, 0.1873962 secs]
   [Parallel Time: 185.1 ms, GC Workers: 2]
      [GC Worker Start (ms): Min: 8485778.7, Avg: 8485778.7, Max: 8485778.7, Diff: 0.0]
      [Ext Root Scanning (ms): Min: 1.2, Avg: 1.3, Max: 1.4, Diff: 0.3, Sum: 2.6]
      [Update RS (ms): Min: 25.9, Avg: 26.4, Max: 26.8, Diff: 0.9, Sum: 52.7]
         [Processed Buffers: Min: 14, Avg: 25.0, Max: 36, Diff: 22, Sum: 50]
      [Scan RS (ms): Min: 6.2, Avg: 6.5, Max: 6.8, Diff: 0.6, Sum: 12.9]
      [Code Root Scanning (ms): Min: 0.1, Avg: 0.2, Max: 0.4, Diff: 0.3, Sum: 0.5]
      [Object Copy (ms): Min: 150.5, Avg: 150.7, Max: 150.8, Diff: 0.3, Sum: 301.3]
      [Termination (ms): Min: 0.0, Avg: 0.0, Max: 0.0, Diff: 0.0, Sum: 0.0]
      [GC Worker Other (ms): Min: 0.0, Avg: 0.0, Max: 0.0, Diff: 0.0, Sum: 0.1]
      [GC Worker Total (ms): Min: 185.0, Avg: 185.0, Max: 185.0, Diff: 0.0, Sum: 370.1]
      [GC Worker End (ms): Min: 8485963.8, Avg: 8485963.8, Max: 8485963.8, Diff: 0.0]
   [Code Root Fixup: 0.2 ms]
   [Code Root Migration: 0.1 ms]
   [Clear CT: 0.3 ms]
   [Other: 1.7 ms]
      [Choose CSet: 0.0 ms]
      [Ref Proc: 0.7 ms]
      [Ref Enq: 0.1 ms]
      [Free CSet: 0.6 ms]
   [Eden: 900.0M(900.0M)->0.0B(274.0M) Survivors: 14.0M->52.0M Heap: 2407.6M(5632.0M)->1545.6M(5632.0M)]
 [Times: user=0.37 sys=0.00, real=0.18 secs] 
2014-06-25T02:32:23.517+0000: 8485.966: Total time for which application threads were stopped: 0.1879884 seconds
2014-06-25T02:32:24.122+0000: 8486.571: [GC pause (G1 Evacuation Pause) (young)
Desired survivor size 22020096 bytes, new threshold 1 (max 15)
- age   1:   41536016 bytes,   41536016 total
- age   2:   12266752 bytes,   53802768 total
, 0.2178717 secs]
   [Parallel Time: 216.4 ms, GC Workers: 2]
      [GC Worker Start (ms): Min: 8486571.1, Avg: 8486571.1, Max: 8486571.1, Diff: 0.0]
      [Ext Root Scanning (ms): Min: 1.2, Avg: 1.3, Max: 1.4, Diff: 0.2, Sum: 2.6]
      [Update RS (ms): Min: 27.3, Avg: 27.7, Max: 28.1, Diff: 0.7, Sum: 55.4]
         [Processed Buffers: Min: 15, Avg: 23.0, Max: 31, Diff: 16, Sum: 46]
      [Scan RS (ms): Min: 3.0, Avg: 3.4, Max: 3.7, Diff: 0.7, Sum: 6.8]
      [Code Root Scanning (ms): Min: 0.1, Avg: 0.1, Max: 0.1, Diff: 0.0, Sum: 0.2]
      [Object Copy (ms): Min: 183.7, Avg: 183.8, Max: 183.9, Diff: 0.2, Sum: 367.7]
      [Termination (ms): Min: 0.0, Avg: 0.0, Max: 0.0, Diff: 0.0, Sum: 0.0]
      [GC Worker Other (ms): Min: 0.0, Avg: 0.0, Max: 0.0, Diff: 0.0, Sum: 0.1]
      [GC Worker Total (ms): Min: 216.3, Avg: 216.3, Max: 216.3, Diff: 0.0, Sum: 432.6]
      [GC Worker End (ms): Min: 8486787.4, Avg: 8486787.4, Max: 8486787.4, Diff: 0.0]
   [Code Root Fixup: 0.2 ms]
   [Code Root Migration: 0.0 ms]
   [Clear CT: 0.2 ms]
   [Other: 1.1 ms]
      [Choose CSet: 0.0 ms]
      [Ref Proc: 0.2 ms]
      [Ref Enq: 0.0 ms]
      [Free CSet: 0.3 ms]
   [Eden: 274.0M(274.0M)->0.0B(744.0M) Survivors: 52.0M->14.0M Heap: 1819.6M(5632.0M)->1559.6M(5632.0M)]
 [Times: user=0.43 sys=0.00, real=0.22 secs] 
2014-06-25T02:32:24.340+0000: 8486.789: Total time for which application threads were stopped: 0.2184511 seconds
2014-06-25T02:32:26.088+0000: 8488.537: [GC pause (G1 Evacuation Pause) (young)
Desired survivor size 50331648 bytes, new threshold 15 (max 15)
- age   1:   13720120 bytes,   13720120 total
, 0.1512799 secs]
   [Parallel Time: 149.4 ms, GC Workers: 2]
      [GC Worker Start (ms): Min: 8488536.9, Avg: 8488536.9, Max: 8488536.9, Diff: 0.0]
      [Ext Root Scanning (ms): Min: 1.1, Avg: 1.3, Max: 1.4, Diff: 0.3, Sum: 2.6]
      [Update RS (ms): Min: 24.4, Avg: 24.6, Max: 24.9, Diff: 0.5, Sum: 49.3]
         [Processed Buffers: Min: 10, Avg: 21.0, Max: 32, Diff: 22, Sum: 42]
      [Scan RS (ms): Min: 5.0, Avg: 5.1, Max: 5.2, Diff: 0.2, Sum: 10.2]
      [Code Root Scanning (ms): Min: 0.1, Avg: 0.2, Max: 0.3, Diff: 0.1, Sum: 0.4]
      [Object Copy (ms): Min: 118.0, Avg: 118.1, Max: 118.2, Diff: 0.1, Sum: 236.2]
      [Termination (ms): Min: 0.0, Avg: 0.0, Max: 0.0, Diff: 0.0, Sum: 0.0]
      [GC Worker Other (ms): Min: 0.0, Avg: 0.0, Max: 0.0, Diff: 0.0, Sum: 0.1]
      [GC Worker Total (ms): Min: 149.3, Avg: 149.3, Max: 149.4, Diff: 0.0, Sum: 298.7]
      [GC Worker End (ms): Min: 8488686.2, Avg: 8488686.2, Max: 8488686.2, Diff: 0.0]
   [Code Root Fixup: 0.2 ms]
   [Code Root Migration: 0.1 ms]
   [Clear CT: 0.2 ms]
   [Other: 1.4 ms]
      [Choose CSet: 0.0 ms]
      [Ref Proc: 0.5 ms]
      [Ref Enq: 0.1 ms]
      [Free CSet: 0.5 ms]
   [Eden: 744.0M(744.0M)->0.0B(380.0M) Survivors: 14.0M->42.0M Heap: 2303.6M(5632.0M)->1586.6M(5632.0M)]
 [Times: user=0.31 sys=0.00, real=0.14 secs] 
2014-06-25T02:32:26.239+0000: 8488.688: Total time for which application threads were stopped: 0.1519583 seconds
2014-06-25T02:32:27.087+0000: 8489.537: [GC pause (G1 Evacuation Pause) (young)
Desired survivor size 28311552 bytes, new threshold 1 (max 15)
- age   1:   28978832 bytes,   28978832 total
- age   2:   13307968 bytes,   42286800 total
, 0.1868350 secs]
   [Parallel Time: 185.2 ms, GC Workers: 2]
      [GC Worker Start (ms): Min: 8489536.7, Avg: 8489536.7, Max: 8489536.7, Diff: 0.0]
      [Ext Root Scanning (ms): Min: 1.2, Avg: 1.3, Max: 1.5, Diff: 0.3, Sum: 2.6]
      [Update RS (ms): Min: 22.2, Avg: 22.2, Max: 22.3, Diff: 0.1, Sum: 44.5]
         [Processed Buffers: Min: 12, Avg: 20.5, Max: 29, Diff: 17, Sum: 41]
      [Scan RS (ms): Min: 4.7, Avg: 4.7, Max: 4.8, Diff: 0.1, Sum: 9.5]
      [Code Root Scanning (ms): Min: 0.1, Avg: 0.1, Max: 0.2, Diff: 0.1, Sum: 0.2]
      [Object Copy (ms): Min: 156.6, Avg: 156.7, Max: 156.8, Diff: 0.2, Sum: 313.3]
      [Termination (ms): Min: 0.0, Avg: 0.0, Max: 0.0, Diff: 0.0, Sum: 0.0]
      [GC Worker Other (ms): Min: 0.0, Avg: 0.0, Max: 0.0, Diff: 0.0, Sum: 0.1]
      [GC Worker Total (ms): Min: 185.1, Avg: 185.1, Max: 185.1, Diff: 0.0, Sum: 370.2]
      [GC Worker End (ms): Min: 8489721.8, Avg: 8489721.8, Max: 8489721.8, Diff: 0.0]
   [Code Root Fixup: 0.2 ms]
   [Code Root Migration: 0.0 ms]
   [Clear CT: 0.2 ms]
   [Other: 1.2 ms]
      [Choose CSet: 0.0 ms]
      [Ref Proc: 0.4 ms]
      [Ref Enq: 0.0 ms]
      [Free CSet: 0.4 ms]
   [Eden: 380.0M(380.0M)->0.0B(902.0M) Survivors: 42.0M->16.0M Heap: 1966.6M(5632.0M)->1600.6M(5632.0M)]
 [Times: user=0.37 sys=0.01, real=0.18 secs] 
2014-06-25T02:32:27.274+0000: 8489.724: Total time for which application threads were stopped: 0.1914383 seconds
2014-06-25T02:32:29.084+0000: 8491.533: [GC pause (G1 Evacuation Pause) (young)
Desired survivor size 49283072 bytes, new threshold 15 (max 15)
- age   1:   14737208 bytes,   14737208 total
, 0.1702312 secs]
   [Parallel Time: 168.1 ms, GC Workers: 2]
      [GC Worker Start (ms): Min: 8491533.0, Avg: 8491533.0, Max: 8491533.0, Diff: 0.0]
      [Ext Root Scanning (ms): Min: 1.1, Avg: 1.3, Max: 1.4, Diff: 0.3, Sum: 2.6]
      [Update RS (ms): Min: 20.3, Avg: 20.7, Max: 21.0, Diff: 0.8, Sum: 41.3]
         [Processed Buffers: Min: 9, Avg: 19.5, Max: 30, Diff: 21, Sum: 39]
      [Scan RS (ms): Min: 7.2, Avg: 7.6, Max: 8.1, Diff: 1.0, Sum: 15.3]
      [Code Root Scanning (ms): Min: 0.2, Avg: 0.2, Max: 0.2, Diff: 0.1, Sum: 0.4]
      [Object Copy (ms): Min: 138.1, Avg: 138.2, Max: 138.3, Diff: 0.2, Sum: 276.5]
      [Termination (ms): Min: 0.0, Avg: 0.0, Max: 0.0, Diff: 0.0, Sum: 0.0]
      [GC Worker Other (ms): Min: 0.0, Avg: 0.0, Max: 0.0, Diff: 0.0, Sum: 0.1]
      [GC Worker Total (ms): Min: 168.0, Avg: 168.0, Max: 168.1, Diff: 0.0, Sum: 336.1]
      [GC Worker End (ms): Min: 8491701.1, Avg: 8491701.1, Max: 8491701.1, Diff: 0.0]
   [Code Root Fixup: 0.2 ms]
   [Code Root Migration: 0.1 ms]
   [Clear CT: 0.2 ms]
   [Other: 1.6 ms]
      [Choose CSet: 0.0 ms]
      [Ref Proc: 0.6 ms]
      [Ref Enq: 0.1 ms]
      [Free CSet: 0.7 ms]
   [Eden: 776.0M(728.0M)->0.0B(356.0M) Survivors: 16.0M->50.0M Heap: 2376.6M(5632.0M)->1634.6M(5632.0M)]
 [Times: user=0.34 sys=0.00, real=0.17 secs] 
2014-06-25T02:32:29.254+0000: 8491.703: Total time for which application threads were stopped: 0.1718258 seconds
2014-06-25T02:32:29.984+0000: 8492.434: [GC pause (G1 Evacuation Pause) (young)
Desired survivor size 18874368 bytes, new threshold 1 (max 15)
- age   1:   35429024 bytes,   35429024 total
- age   2:   14073128 bytes,   49502152 total
, 0.2317111 secs]
   [Parallel Time: 229.9 ms, GC Workers: 2]
      [GC Worker Start (ms): Min: 8492433.7, Avg: 8492433.7, Max: 8492433.7, Diff: 0.0]
      [Ext Root Scanning (ms): Min: 1.1, Avg: 1.2, Max: 1.4, Diff: 0.2, Sum: 2.5]
      [Update RS (ms): Min: 29.4, Avg: 29.5, Max: 29.6, Diff: 0.2, Sum: 59.0]
         [Processed Buffers: Min: 31, Avg: 40.5, Max: 50, Diff: 19, Sum: 81]
      [Scan RS (ms): Min: 13.8, Avg: 13.9, Max: 14.0, Diff: 0.3, Sum: 27.8]
      [Code Root Scanning (ms): Min: 0.1, Avg: 0.1, Max: 0.1, Diff: 0.0, Sum: 0.2]
      [Object Copy (ms): Min: 184.9, Avg: 185.0, Max: 185.1, Diff: 0.2, Sum: 370.0]
      [Termination (ms): Min: 0.0, Avg: 0.0, Max: 0.0, Diff: 0.0, Sum: 0.0]
      [GC Worker Other (ms): Min: 0.0, Avg: 0.0, Max: 0.0, Diff: 0.0, Sum: 0.1]
      [GC Worker Total (ms): Min: 229.8, Avg: 229.8, Max: 229.8, Diff: 0.0, Sum: 459.6]
      [GC Worker End (ms): Min: 8492663.5, Avg: 8492663.5, Max: 8492663.5, Diff: 0.0]
   [Code Root Fixup: 0.2 ms]
   [Code Root Migration: 0.0 ms]
   [Clear CT: 0.2 ms]
   [Other: 1.4 ms]
      [Choose CSet: 0.0 ms]
      [Ref Proc: 0.3 ms]
      [Ref Enq: 0.0 ms]
      [Free CSet: 0.5 ms]
   [Eden: 304.0M(230.0M)->0.0B(656.0M) Survivors: 50.0M->18.0M Heap: 1940.6M(5632.0M)->1652.6M(5632.0M)]
 [Times: user=0.46 sys=0.00, real=0.23 secs] 
2014-06-25T02:32:30.216+0000: 8492.665: Total time for which application threads were stopped: 0.2323424 seconds
2014-06-25T02:32:31.485+0000: 8493.935: [GC pause (G1 Evacuation Pause) (young)
Desired survivor size 32505856 bytes, new threshold 15 (max 15)
- age   1:   16848368 bytes,   16848368 total
, 0.1486009 secs]
   [Parallel Time: 146.9 ms, GC Workers: 2]
      [GC Worker Start (ms): Min: 8493934.7, Avg: 8493934.7, Max: 8493934.7, Diff: 0.0]
      [Ext Root Scanning (ms): Min: 1.1, Avg: 1.3, Max: 1.4, Diff: 0.3, Sum: 2.6]
      [Update RS (ms): Min: 13.2, Avg: 13.3, Max: 13.4, Diff: 0.1, Sum: 26.6]
         [Processed Buffers: Min: 9, Avg: 18.0, Max: 27, Diff: 18, Sum: 36]
      [Scan RS (ms): Min: 13.5, Avg: 13.5, Max: 13.6, Diff: 0.1, Sum: 27.0]
      [Code Root Scanning (ms): Min: 0.1, Avg: 0.1, Max: 0.2, Diff: 0.1, Sum: 0.3]
      [Object Copy (ms): Min: 118.5, Avg: 118.5, Max: 118.6, Diff: 0.2, Sum: 237.1]
      [Termination (ms): Min: 0.0, Avg: 0.0, Max: 0.0, Diff: 0.0, Sum: 0.0]
      [GC Worker Other (ms): Min: 0.0, Avg: 0.0, Max: 0.0, Diff: 0.0, Sum: 0.1]
      [GC Worker Total (ms): Min: 146.8, Avg: 146.8, Max: 146.8, Diff: 0.0, Sum: 293.7]
      [GC Worker End (ms): Min: 8494081.6, Avg: 8494081.6, Max: 8494081.6, Diff: 0.0]
   [Code Root Fixup: 0.2 ms]
   [Code Root Migration: 0.0 ms]
   [Clear CT: 0.3 ms]
   [Other: 1.2 ms]
      [Choose CSet: 0.0 ms]
      [Ref Proc: 0.3 ms]
      [Ref Enq: 0.0 ms]
      [Free CSet: 0.5 ms]
   [Eden: 502.0M(474.0M)->0.0B(262.0M) Survivors: 18.0M->42.0M Heap: 2154.6M(5632.0M)->1677.6M(5632.0M)]
 [Times: user=0.29 sys=0.00, real=0.15 secs] 
2014-06-25T02:32:31.634+0000: 8494.083: Total time for which application threads were stopped: 0.1492874 seconds
2014-06-25T02:32:32.240+0000: 8494.689: [GC pause (G1 Evacuation Pause) (young)
Desired survivor size 19922944 bytes, new threshold 1 (max 15)
- age   1:   26364688 bytes,   26364688 total
- age   2:   16442864 bytes,   42807552 total
, 0.1811535 secs]
   [Parallel Time: 179.7 ms, GC Workers: 2]
      [GC Worker Start (ms): Min: 8494688.9, Avg: 8494688.9, Max: 8494689.0, Diff: 0.0]
      [Ext Root Scanning (ms): Min: 1.1, Avg: 1.3, Max: 1.4, Diff: 0.3, Sum: 2.6]
      [Update RS (ms): Min: 15.8, Avg: 16.2, Max: 16.6, Diff: 0.8, Sum: 32.3]
         [Processed Buffers: Min: 7, Avg: 18.0, Max: 29, Diff: 22, Sum: 36]
      [Scan RS (ms): Min: 12.7, Avg: 13.1, Max: 13.4, Diff: 0.7, Sum: 26.1]
      [Code Root Scanning (ms): Min: 0.1, Avg: 0.1, Max: 0.1, Diff: 0.0, Sum: 0.2]
      [Object Copy (ms): Min: 148.9, Avg: 149.0, Max: 149.0, Diff: 0.1, Sum: 297.9]
      [Termination (ms): Min: 0.0, Avg: 0.0, Max: 0.0, Diff: 0.0, Sum: 0.0]
      [GC Worker Other (ms): Min: 0.0, Avg: 0.0, Max: 0.0, Diff: 0.0, Sum: 0.1]
      [GC Worker Total (ms): Min: 179.6, Avg: 179.6, Max: 179.6, Diff: 0.0, Sum: 359.2]
      [GC Worker End (ms): Min: 8494868.5, Avg: 8494868.5, Max: 8494868.5, Diff: 0.0]
   [Code Root Fixup: 0.2 ms]
   [Code Root Migration: 0.0 ms]
   [Clear CT: 0.2 ms]
   [Other: 1.1 ms]
      [Choose CSet: 0.0 ms]
      [Ref Proc: 0.2 ms]
      [Ref Enq: 0.0 ms]
      [Free CSet: 0.3 ms]
   [Eden: 262.0M(262.0M)->0.0B(1262.0M) Survivors: 42.0M->12.0M Heap: 1939.6M(5632.0M)->1689.6M(5632.0M)]
 [Times: user=0.36 sys=0.00, real=0.18 secs] 
2014-06-25T02:32:32.421+0000: 8494.870: Total time for which application threads were stopped: 0.1851976 seconds
2014-06-25T02:32:34.830+0000: 8497.279: [GC pause (G1 Evacuation Pause) (young)
Desired survivor size 63963136 bytes, new threshold 15 (max 15)
- age   1:   10917152 bytes,   10917152 total
, 0.1737491 secs]
   [Parallel Time: 171.2 ms, GC Workers: 2]
      [GC Worker Start (ms): Min: 8497279.1, Avg: 8497279.1, Max: 8497279.1, Diff: 0.0]
      [Ext Root Scanning (ms): Min: 1.2, Avg: 1.3, Max: 1.5, Diff: 0.3, Sum: 2.6]
      [Update RS (ms): Min: 17.0, Avg: 17.4, Max: 17.9, Diff: 0.8, Sum: 34.9]
         [Processed Buffers: Min: 6, Avg: 19.5, Max: 33, Diff: 27, Sum: 39]
      [Scan RS (ms): Min: 11.4, Avg: 11.6, Max: 11.9, Diff: 0.5, Sum: 23.3]
      [Code Root Scanning (ms): Min: 0.2, Avg: 0.3, Max: 0.4, Diff: 0.2, Sum: 0.6]
      [Object Copy (ms): Min: 140.4, Avg: 140.5, Max: 140.6, Diff: 0.2, Sum: 280.9]
      [Termination (ms): Min: 0.0, Avg: 0.0, Max: 0.0, Diff: 0.0, Sum: 0.0]
      [GC Worker Other (ms): Min: 0.0, Avg: 0.0, Max: 0.1, Diff: 0.0, Sum: 0.1]
      [GC Worker Total (ms): Min: 171.2, Avg: 171.2, Max: 171.2, Diff: 0.0, Sum: 342.4]
      [GC Worker End (ms): Min: 8497450.3, Avg: 8497450.3, Max: 8497450.3, Diff: 0.0]
   [Code Root Fixup: 0.2 ms]
   [Code Root Migration: 0.1 ms]
   [Clear CT: 0.3 ms]
   [Other: 1.9 ms]
      [Choose CSet: 0.0 ms]
      [Ref Proc: 0.7 ms]
      [Ref Enq: 0.1 ms]
      [Free CSet: 0.9 ms]
   [Eden: 1034.0M(958.0M)->0.0B(282.0M) Survivors: 12.0M->50.0M Heap: 2723.6M(5632.0M)->1726.6M(5632.0M)]
 [Times: user=0.34 sys=0.00, real=0.17 secs] 
2014-06-25T02:32:35.004+0000: 8497.453: Total time for which application threads were stopped: 0.1743958 seconds
2014-06-25T02:32:35.284+0000: 8497.733: Total time for which application threads were stopped: 0.0033438 seconds
2014-06-25T02:32:35.284+0000: 8497.733: Total time for which application threads were stopped: 0.0002328 seconds
2014-06-25T02:32:35.653+0000: 8498.102: [GC pause (G1 Evacuation Pause) (young)
Desired survivor size 22020096 bytes, new threshold 1 (max 15)
- age   1:   39740592 bytes,   39740592 total
- age   2:   10367112 bytes,   50107704 total
, 0.2093726 secs]
   [Parallel Time: 207.9 ms, GC Workers: 2]
      [GC Worker Start (ms): Min: 8498102.4, Avg: 8498102.4, Max: 8498102.4, Diff: 0.0]
      [Ext Root Scanning (ms): Min: 1.2, Avg: 1.3, Max: 1.4, Diff: 0.3, Sum: 2.6]
      [Update RS (ms): Min: 19.1, Avg: 19.1, Max: 19.1, Diff: 0.0, Sum: 38.3]
         [Processed Buffers: Min: 8, Avg: 18.5, Max: 29, Diff: 21, Sum: 37]
      [Scan RS (ms): Min: 9.2, Avg: 9.3, Max: 9.4, Diff: 0.2, Sum: 18.6]
      [Code Root Scanning (ms): Min: 0.1, Avg: 0.1, Max: 0.1, Diff: 0.1, Sum: 0.2]
      [Object Copy (ms): Min: 177.9, Avg: 178.0, Max: 178.0, Diff: 0.2, Sum: 355.9]
      [Termination (ms): Min: 0.0, Avg: 0.0, Max: 0.0, Diff: 0.0, Sum: 0.0]
      [GC Worker Other (ms): Min: 0.0, Avg: 0.0, Max: 0.0, Diff: 0.0, Sum: 0.1]
      [GC Worker Total (ms): Min: 207.8, Avg: 207.8, Max: 207.8, Diff: 0.0, Sum: 415.6]
      [GC Worker End (ms): Min: 8498310.2, Avg: 8498310.2, Max: 8498310.2, Diff: 0.0]
   [Code Root Fixup: 0.2 ms]
   [Code Root Migration: 0.0 ms]
   [Clear CT: 0.2 ms]
   [Other: 1.1 ms]
      [Choose CSet: 0.0 ms]
      [Ref Proc: 0.2 ms]
      [Ref Enq: 0.0 ms]
      [Free CSet: 0.3 ms]
   [Eden: 282.0M(282.0M)->0.0B(1106.0M) Survivors: 50.0M->16.0M Heap: 2008.6M(5632.0M)->1740.6M(5632.0M)]
 [Times: user=0.42 sys=0.00, real=0.21 secs] 
2014-06-25T02:32:35.863+0000: 8498.312: Total time for which application threads were stopped: 0.2099806 seconds
2014-06-25T02:32:38.010+0000: 8500.459: [GC pause (G1 Evacuation Pause) (young)
Desired survivor size 60817408 bytes, new threshold 15 (max 15)
- age   1:   15277856 bytes,   15277856 total
, 0.2097249 secs]
   [Parallel Time: 207.4 ms, GC Workers: 2]
      [GC Worker Start (ms): Min: 8500459.1, Avg: 8500459.1, Max: 8500459.1, Diff: 0.0]
      [Ext Root Scanning (ms): Min: 1.1, Avg: 1.3, Max: 1.4, Diff: 0.3, Sum: 2.6]
      [Update RS (ms): Min: 23.6, Avg: 24.1, Max: 24.7, Diff: 1.2, Sum: 48.3]
         [Processed Buffers: Min: 10, Avg: 20.5, Max: 31, Diff: 21, Sum: 41]
      [Scan RS (ms): Min: 10.5, Avg: 11.1, Max: 11.7, Diff: 1.2, Sum: 22.1]
      [Code Root Scanning (ms): Min: 0.2, Avg: 0.2, Max: 0.3, Diff: 0.2, Sum: 0.5]
      [Object Copy (ms): Min: 170.4, Avg: 170.5, Max: 170.6, Diff: 0.2, Sum: 341.1]
      [Termination (ms): Min: 0.0, Avg: 0.0, Max: 0.0, Diff: 0.0, Sum: 0.0]
      [GC Worker Other (ms): Min: 0.0, Avg: 0.0, Max: 0.0, Diff: 0.0, Sum: 0.1]
      [GC Worker Total (ms): Min: 207.3, Avg: 207.3, Max: 207.3, Diff: 0.0, Sum: 414.6]
      [GC Worker End (ms): Min: 8500666.4, Avg: 8500666.4, Max: 8500666.4, Diff: 0.0]
   [Code Root Fixup: 0.2 ms]
   [Code Root Migration: 0.1 ms]
   [Clear CT: 0.3 ms]
   [Other: 1.8 ms]
      [Choose CSet: 0.0 ms]
      [Ref Proc: 0.7 ms]
      [Ref Enq: 0.1 ms]
      [Free CSet: 0.8 ms]
   [Eden: 912.0M(912.0M)->0.0B(238.0M) Survivors: 16.0M->60.0M Heap: 2652.6M(5632.0M)->1784.6M(5632.0M)]
 [Times: user=0.41 sys=0.00, real=0.21 secs] 
2014-06-25T02:32:38.220+0000: 8500.669: Total time for which application threads were stopped: 0.2104056 seconds
2014-06-25T02:32:38.769+0000: 8501.218: [GC pause (G1 Evacuation Pause) (young)
Desired survivor size 19922944 bytes, new threshold 1 (max 15)
- age   1:   47002912 bytes,   47002912 total
- age   2:   14553008 bytes,   61555920 total
, 0.2238972 secs]
   [Parallel Time: 222.4 ms, GC Workers: 2]
      [GC Worker Start (ms): Min: 8501218.2, Avg: 8501218.2, Max: 8501218.2, Diff: 0.0]
      [Ext Root Scanning (ms): Min: 1.1, Avg: 1.3, Max: 1.4, Diff: 0.3, Sum: 2.6]
      [Update RS (ms): Min: 14.6, Avg: 15.2, Max: 15.7, Diff: 1.1, Sum: 30.3]
         [Processed Buffers: Min: 6, Avg: 16.0, Max: 26, Diff: 20, Sum: 32]
      [Scan RS (ms): Min: 9.2, Avg: 9.9, Max: 10.5, Diff: 1.3, Sum: 19.7]
      [Code Root Scanning (ms): Min: 0.1, Avg: 0.1, Max: 0.1, Diff: 0.0, Sum: 0.2]
      [Object Copy (ms): Min: 195.8, Avg: 195.9, Max: 195.9, Diff: 0.1, Sum: 391.7]
      [Termination (ms): Min: 0.0, Avg: 0.0, Max: 0.0, Diff: 0.0, Sum: 0.0]
      [GC Worker Other (ms): Min: 0.0, Avg: 0.0, Max: 0.0, Diff: 0.0, Sum: 0.1]
      [GC Worker Total (ms): Min: 222.3, Avg: 222.3, Max: 222.3, Diff: 0.0, Sum: 444.6]
      [GC Worker End (ms): Min: 8501440.5, Avg: 8501440.5, Max: 8501440.5, Diff: 0.0]
   [Code Root Fixup: 0.2 ms]
   [Code Root Migration: 0.0 ms]
   [Clear CT: 0.1 ms]
   [Other: 1.2 ms]
      [Choose CSet: 0.0 ms]
      [Ref Proc: 0.2 ms]
      [Ref Enq: 0.0 ms]
      [Free CSet: 0.3 ms]
   [Eden: 238.0M(238.0M)->0.0B(802.0M) Survivors: 60.0M->14.0M Heap: 2022.6M(5632.0M)->1794.6M(5632.0M)]
 [Times: user=0.44 sys=0.00, real=0.22 secs] 
2014-06-25T02:32:38.993+0000: 8501.442: Total time for which application threads were stopped: 0.2245340 seconds
2014-06-25T02:32:40.794+0000: 8503.243: [GC pause (G1 Evacuation Pause) (young)
Desired survivor size 47185920 bytes, new threshold 15 (max 15)
- age   1:   12535864 bytes,   12535864 total
, 0.2029314 secs]
   [Parallel Time: 200.8 ms, GC Workers: 2]
      [GC Worker Start (ms): Min: 8503243.5, Avg: 8503243.5, Max: 8503243.5, Diff: 0.0]
      [Ext Root Scanning (ms): Min: 1.2, Avg: 1.3, Max: 1.4, Diff: 0.3, Sum: 2.6]
      [Update RS (ms): Min: 20.5, Avg: 21.1, Max: 21.7, Diff: 1.3, Sum: 42.2]
         [Processed Buffers: Min: 9, Avg: 23.0, Max: 37, Diff: 28, Sum: 46]
      [Scan RS (ms): Min: 11.3, Avg: 12.0, Max: 12.6, Diff: 1.3, Sum: 23.9]
      [Code Root Scanning (ms): Min: 0.1, Avg: 0.2, Max: 0.3, Diff: 0.1, Sum: 0.4]
      [Object Copy (ms): Min: 166.1, Avg: 166.2, Max: 166.3, Diff: 0.2, Sum: 332.3]
      [Termination (ms): Min: 0.0, Avg: 0.0, Max: 0.0, Diff: 0.0, Sum: 0.0]
      [GC Worker Other (ms): Min: 0.0, Avg: 0.0, Max: 0.0, Diff: 0.0, Sum: 0.1]
      [GC Worker Total (ms): Min: 200.7, Avg: 200.7, Max: 200.7, Diff: 0.0, Sum: 401.5]
      [GC Worker End (ms): Min: 8503444.2, Avg: 8503444.2, Max: 8503444.2, Diff: 0.0]
   [Code Root Fixup: 0.2 ms]
   [Code Root Migration: 0.1 ms]
   [Clear CT: 0.3 ms]
   [Other: 1.6 ms]
      [Choose CSet: 0.0 ms]
      [Ref Proc: 0.6 ms]
      [Ref Enq: 0.1 ms]
      [Free CSet: 0.7 ms]
   [Eden: 696.0M(696.0M)->0.0B(220.0M) Survivors: 14.0M->60.0M Heap: 2490.6M(5632.0M)->1840.6M(5632.0M)]
 [Times: user=0.41 sys=0.00, real=0.21 secs] 
2014-06-25T02:32:40.997+0000: 8503.446: Total time for which application threads were stopped: 0.2035310 seconds
2014-06-25T02:32:41.396+0000: 8503.845: [GC pause (G1 Evacuation Pause) (young)
Desired survivor size 18874368 bytes, new threshold 1 (max 15)
- age   1:   47856120 bytes,   47856120 total
- age   2:   11779792 bytes,   59635912 total
, 0.2835126 secs]
   [Parallel Time: 282.0 ms, GC Workers: 2]
      [GC Worker Start (ms): Min: 8503844.9, Avg: 8503844.9, Max: 8503844.9, Diff: 0.0]
      [Ext Root Scanning (ms): Min: 1.1, Avg: 1.3, Max: 1.4, Diff: 0.3, Sum: 2.5]
      [Update RS (ms): Min: 18.7, Avg: 19.0, Max: 19.2, Diff: 0.5, Sum: 37.9]
         [Processed Buffers: Min: 7, Avg: 14.5, Max: 22, Diff: 15, Sum: 29]
      [Scan RS (ms): Min: 9.4, Avg: 9.6, Max: 9.8, Diff: 0.4, Sum: 19.2]
      [Code Root Scanning (ms): Min: 0.0, Avg: 0.1, Max: 0.1, Diff: 0.1, Sum: 0.2]
      [Object Copy (ms): Min: 251.9, Avg: 252.0, Max: 252.0, Diff: 0.2, Sum: 503.9]
      [Termination (ms): Min: 0.0, Avg: 0.0, Max: 0.0, Diff: 0.0, Sum: 0.0]
      [GC Worker Other (ms): Min: 0.0, Avg: 0.0, Max: 0.0, Diff: 0.0, Sum: 0.1]
      [GC Worker Total (ms): Min: 281.9, Avg: 281.9, Max: 281.9, Diff: 0.0, Sum: 563.8]
      [GC Worker End (ms): Min: 8504126.8, Avg: 8504126.8, Max: 8504126.8, Diff: 0.0]
   [Code Root Fixup: 0.2 ms]
   [Code Root Migration: 0.0 ms]
   [Clear CT: 0.2 ms]
   [Other: 1.2 ms]
      [Choose CSet: 0.0 ms]
      [Ref Proc: 0.3 ms]
      [Ref Enq: 0.0 ms]
      [Free CSet: 0.3 ms]
   [Eden: 220.0M(220.0M)->0.0B(244.0M) Survivors: 60.0M->36.0M Heap: 2060.6M(5632.0M)->1873.6M(5632.0M)]
 [Times: user=0.57 sys=0.00, real=0.28 secs] 
2014-06-25T02:32:41.679+0000: 8504.129: Total time for which application threads were stopped: 0.2874389 seconds
2014-06-25T02:32:42.054+0000: 8504.503: [GC pause (G1 Evacuation Pause) (young)
Desired survivor size 18874368 bytes, new threshold 1 (max 15)
- age   1:   35961728 bytes,   35961728 total
, 0.2779544 secs]
   [Parallel Time: 276.5 ms, GC Workers: 2]
      [GC Worker Start (ms): Min: 8504503.2, Avg: 8504503.2, Max: 8504503.2, Diff: 0.0]
      [Ext Root Scanning (ms): Min: 1.1, Avg: 1.3, Max: 1.4, Diff: 0.3, Sum: 2.6]
      [Update RS (ms): Min: 15.9, Avg: 16.2, Max: 16.6, Diff: 0.7, Sum: 32.4]
         [Processed Buffers: Min: 6, Avg: 18.0, Max: 30, Diff: 24, Sum: 36]
      [Scan RS (ms): Min: 4.6, Avg: 4.8, Max: 5.0, Diff: 0.4, Sum: 9.6]
      [Code Root Scanning (ms): Min: 0.0, Avg: 0.1, Max: 0.1, Diff: 0.1, Sum: 0.1]
      [Object Copy (ms): Min: 254.0, Avg: 254.0, Max: 254.0, Diff: 0.1, Sum: 508.0]
      [Termination (ms): Min: 0.0, Avg: 0.0, Max: 0.0, Diff: 0.0, Sum: 0.0]
      [GC Worker Other (ms): Min: 0.0, Avg: 0.0, Max: 0.0, Diff: 0.0, Sum: 0.1]
      [GC Worker Total (ms): Min: 276.4, Avg: 276.4, Max: 276.4, Diff: 0.0, Sum: 552.8]
      [GC Worker End (ms): Min: 8504779.6, Avg: 8504779.6, Max: 8504779.6, Diff: 0.0]
   [Code Root Fixup: 0.2 ms]
   [Code Root Migration: 0.0 ms]
   [Clear CT: 0.1 ms]
   [Other: 1.2 ms]
      [Choose CSet: 0.0 ms]
      [Ref Proc: 0.2 ms]
      [Ref Enq: 0.0 ms]
      [Free CSet: 0.3 ms]
   [Eden: 244.0M(244.0M)->0.0B(244.0M) Survivors: 36.0M->36.0M Heap: 2118.6M(5632.0M)->1933.6M(5632.0M)]
 [Times: user=0.55 sys=0.01, real=0.28 secs] 
2014-06-25T02:32:42.332+0000: 8504.781: Total time for which application threads were stopped: 0.2785752 seconds
2014-06-25T02:32:42.796+0000: 8505.246: [GC pause (G1 Evacuation Pause) (young)
Desired survivor size 18874368 bytes, new threshold 1 (max 15)
- age   1:   63270272 bytes,   63270272 total
, 0.3387541 secs]
   [Parallel Time: 336.9 ms, GC Workers: 2]
      [GC Worker Start (ms): Min: 8505245.9, Avg: 8505245.9, Max: 8505245.9, Diff: 0.0]
      [Ext Root Scanning (ms): Min: 1.1, Avg: 1.2, Max: 1.4, Diff: 0.2, Sum: 2.5]
      [Update RS (ms): Min: 47.8, Avg: 48.0, Max: 48.2, Diff: 0.5, Sum: 96.0]
         [Processed Buffers: Min: 40, Avg: 49.5, Max: 59, Diff: 19, Sum: 99]
      [Scan RS (ms): Min: 6.9, Avg: 7.2, Max: 7.4, Diff: 0.5, Sum: 14.3]
      [Code Root Scanning (ms): Min: 0.1, Avg: 0.1, Max: 0.1, Diff: 0.0, Sum: 0.2]
      [Object Copy (ms): Min: 280.2, Avg: 280.3, Max: 280.4, Diff: 0.2, Sum: 560.6]
      [Termination (ms): Min: 0.0, Avg: 0.0, Max: 0.0, Diff: 0.0, Sum: 0.0]
      [GC Worker Other (ms): Min: 0.0, Avg: 0.0, Max: 0.0, Diff: 0.0, Sum: 0.1]
      [GC Worker Total (ms): Min: 336.8, Avg: 336.8, Max: 336.8, Diff: 0.0, Sum: 673.6]
      [GC Worker End (ms): Min: 8505582.7, Avg: 8505582.7, Max: 8505582.7, Diff: 0.0]
   [Code Root Fixup: 0.2 ms]
   [Code Root Migration: 0.0 ms]
   [Clear CT: 0.3 ms]
   [Other: 1.5 ms]
      [Choose CSet: 0.0 ms]
      [Ref Proc: 0.2 ms]
      [Ref Enq: 0.0 ms]
      [Free CSet: 0.3 ms]
   [Eden: 244.0M(244.0M)->0.0B(244.0M) Survivors: 36.0M->36.0M Heap: 2181.6M(5632.0M)->2007.6M(5632.0M)]
 [Times: user=0.67 sys=0.00, real=0.34 secs] 
2014-06-25T02:32:43.135+0000: 8505.585: Total time for which application threads were stopped: 0.3428073 seconds
2014-06-25T02:32:43.565+0000: 8506.014: [GC pause (G1 Evacuation Pause) (young)
Desired survivor size 18874368 bytes, new threshold 1 (max 15)
- age   1:   71148456 bytes,   71148456 total
, 0.2624723 secs]
   [Parallel Time: 260.9 ms, GC Workers: 2]
      [GC Worker Start (ms): Min: 8506014.7, Avg: 8506014.7, Max: 8506014.7, Diff: 0.0]
      [Ext Root Scanning (ms): Min: 1.1, Avg: 1.3, Max: 1.4, Diff: 0.3, Sum: 2.5]
      [Update RS (ms): Min: 14.3, Avg: 14.4, Max: 14.4, Diff: 0.1, Sum: 28.7]
         [Processed Buffers: Min: 12, Avg: 15.0, Max: 18, Diff: 6, Sum: 30]
      [Scan RS (ms): Min: 5.1, Avg: 5.1, Max: 5.2, Diff: 0.1, Sum: 10.3]
      [Code Root Scanning (ms): Min: 0.1, Avg: 0.1, Max: 0.1, Diff: 0.0, Sum: 0.1]
      [Object Copy (ms): Min: 239.9, Avg: 240.0, Max: 240.1, Diff: 0.2, Sum: 480.0]
      [Termination (ms): Min: 0.0, Avg: 0.0, Max: 0.0, Diff: 0.0, Sum: 0.0]
      [GC Worker Other (ms): Min: 0.0, Avg: 0.0, Max: 0.0, Diff: 0.0, Sum: 0.1]
      [GC Worker Total (ms): Min: 260.8, Avg: 260.8, Max: 260.9, Diff: 0.0, Sum: 521.7]
      [GC Worker End (ms): Min: 8506275.5, Avg: 8506275.5, Max: 8506275.5, Diff: 0.0]
   [Code Root Fixup: 0.2 ms]
   [Code Root Migration: 0.0 ms]
   [Clear CT: 0.3 ms]
   [Other: 1.1 ms]
      [Choose CSet: 0.0 ms]
      [Ref Proc: 0.2 ms]
      [Ref Enq: 0.0 ms]
      [Free CSet: 0.3 ms]
   [Eden: 244.0M(244.0M)->0.0B(244.0M) Survivors: 36.0M->36.0M Heap: 2253.6M(5632.0M)->2064.6M(5632.0M)]
 [Times: user=0.52 sys=0.00, real=0.27 secs] 
2014-06-25T02:32:43.828+0000: 8506.277: Total time for which application threads were stopped: 0.2651003 seconds
2014-06-25T02:32:44.467+0000: 8506.916: [GC pause (G1 Evacuation Pause) (young)
Desired survivor size 18874368 bytes, new threshold 1 (max 15)
- age   1:   55421080 bytes,   55421080 total
, 0.1249520 secs]
   [Parallel Time: 123.6 ms, GC Workers: 2]
      [GC Worker Start (ms): Min: 8506916.3, Avg: 8506916.3, Max: 8506916.3, Diff: 0.0]
      [Ext Root Scanning (ms): Min: 1.1, Avg: 1.3, Max: 1.4, Diff: 0.3, Sum: 2.6]
      [Update RS (ms): Min: 11.3, Avg: 12.1, Max: 12.9, Diff: 1.6, Sum: 24.2]
         [Processed Buffers: Min: 6, Avg: 19.0, Max: 32, Diff: 26, Sum: 38]
      [Scan RS (ms): Min: 1.9, Avg: 2.5, Max: 3.1, Diff: 1.3, Sum: 5.0]
      [Code Root Scanning (ms): Min: 0.0, Avg: 0.1, Max: 0.1, Diff: 0.1, Sum: 0.1]
      [Object Copy (ms): Min: 107.5, Avg: 107.5, Max: 107.6, Diff: 0.1, Sum: 215.1]
      [Termination (ms): Min: 0.0, Avg: 0.0, Max: 0.0, Diff: 0.0, Sum: 0.0]
      [GC Worker Other (ms): Min: 0.0, Avg: 0.0, Max: 0.0, Diff: 0.0, Sum: 0.1]
      [GC Worker Total (ms): Min: 123.5, Avg: 123.5, Max: 123.5, Diff: 0.0, Sum: 247.1]
      [GC Worker End (ms): Min: 8507039.9, Avg: 8507039.9, Max: 8507039.9, Diff: 0.0]
   [Code Root Fixup: 0.2 ms]
   [Code Root Migration: 0.0 ms]
   [Clear CT: 0.1 ms]
   [Other: 1.0 ms]
      [Choose CSet: 0.0 ms]
      [Ref Proc: 0.3 ms]
      [Ref Enq: 0.0 ms]
      [Free CSet: 0.3 ms]
   [Eden: 244.0M(244.0M)->0.0B(274.0M) Survivors: 36.0M->6144.0K Heap: 2308.6M(5632.0M)->2070.6M(5632.0M)]
 [Times: user=0.25 sys=0.00, real=0.13 secs] 
2014-06-25T02:32:44.592+0000: 8507.041: Total time for which application threads were stopped: 0.1256278 seconds
2014-06-25T02:32:45.256+0000: 8507.705: [GC pause (G1 Evacuation Pause) (young)
Desired survivor size 18874368 bytes, new threshold 15 (max 15)
- age   1:    4976344 bytes,    4976344 total
, 0.0439112 secs]
   [Parallel Time: 42.9 ms, GC Workers: 2]
      [GC Worker Start (ms): Min: 8507705.0, Avg: 8507705.0, Max: 8507705.0, Diff: 0.0]
      [Ext Root Scanning (ms): Min: 1.1, Avg: 1.3, Max: 1.4, Diff: 0.3, Sum: 2.6]
      [Update RS (ms): Min: 11.5, Avg: 11.9, Max: 12.3, Diff: 0.8, Sum: 23.8]
         [Processed Buffers: Min: 9, Avg: 16.0, Max: 23, Diff: 14, Sum: 32]
      [Scan RS (ms): Min: 1.9, Avg: 2.4, Max: 2.9, Diff: 1.0, Sum: 4.8]
      [Code Root Scanning (ms): Min: 0.1, Avg: 0.1, Max: 0.1, Diff: 0.0, Sum: 0.1]
      [Object Copy (ms): Min: 27.1, Avg: 27.2, Max: 27.2, Diff: 0.2, Sum: 54.3]
      [Termination (ms): Min: 0.0, Avg: 0.0, Max: 0.0, Diff: 0.0, Sum: 0.0]
      [GC Worker Other (ms): Min: 0.0, Avg: 0.0, Max: 0.0, Diff: 0.0, Sum: 0.1]
      [GC Worker Total (ms): Min: 42.8, Avg: 42.8, Max: 42.8, Diff: 0.0, Sum: 85.6]
      [GC Worker End (ms): Min: 8507747.8, Avg: 8507747.8, Max: 8507747.8, Diff: 0.0]
   [Code Root Fixup: 0.2 ms]
   [Code Root Migration: 0.0 ms]
   [Clear CT: 0.1 ms]
   [Other: 0.7 ms]
      [Choose CSet: 0.0 ms]
      [Ref Proc: 0.2 ms]
      [Ref Enq: 0.0 ms]
      [Free CSet: 0.3 ms]
   [Eden: 274.0M(274.0M)->0.0B(304.0M) Survivors: 6144.0K->10.0M Heap: 2344.6M(5632.0M)->2074.6M(5632.0M)]
 [Times: user=0.09 sys=0.00, real=0.04 secs] 
2014-06-25T02:32:45.300+0000: 8507.749: Total time for which application threads were stopped: 0.0453515 seconds
2014-06-25T02:32:45.956+0000: 8508.405: [GC pause (G1 Evacuation Pause) (young)
Desired survivor size 20971520 bytes, new threshold 15 (max 15)
- age   1:    5420752 bytes,    5420752 total
- age   2:    4116712 bytes,    9537464 total
, 0.0584817 secs]
   [Parallel Time: 57.4 ms, GC Workers: 2]
      [GC Worker Start (ms): Min: 8508404.8, Avg: 8508404.8, Max: 8508404.8, Diff: 0.0]
      [Ext Root Scanning (ms): Min: 1.1, Avg: 1.3, Max: 1.4, Diff: 0.3, Sum: 2.5]
      [Update RS (ms): Min: 11.5, Avg: 11.7, Max: 11.9, Diff: 0.4, Sum: 23.4]
         [Processed Buffers: Min: 7, Avg: 14.5, Max: 22, Diff: 15, Sum: 29]
      [Scan RS (ms): Min: 3.2, Avg: 3.3, Max: 3.5, Diff: 0.4, Sum: 6.7]
      [Code Root Scanning (ms): Min: 0.1, Avg: 0.1, Max: 0.1, Diff: 0.0, Sum: 0.2]
      [Object Copy (ms): Min: 40.8, Avg: 40.9, Max: 41.1, Diff: 0.2, Sum: 81.9]
      [Termination (ms): Min: 0.0, Avg: 0.0, Max: 0.0, Diff: 0.0, Sum: 0.0]
      [GC Worker Other (ms): Min: 0.0, Avg: 0.0, Max: 0.0, Diff: 0.0, Sum: 0.1]
      [GC Worker Total (ms): Min: 57.4, Avg: 57.4, Max: 57.4, Diff: 0.0, Sum: 114.7]
      [GC Worker End (ms): Min: 8508462.2, Avg: 8508462.2, Max: 8508462.2, Diff: 0.0]
   [Code Root Fixup: 0.2 ms]
   [Code Root Migration: 0.0 ms]
   [Clear CT: 0.1 ms]
   [Other: 0.7 ms]
      [Choose CSet: 0.0 ms]
      [Ref Proc: 0.2 ms]
      [Ref Enq: 0.0 ms]
      [Free CSet: 0.3 ms]
   [Eden: 304.0M(304.0M)->0.0B(368.0M) Survivors: 10.0M->16.0M Heap: 2378.6M(5632.0M)->2079.6M(5632.0M)]
 [Times: user=0.11 sys=0.00, real=0.05 secs] 
2014-06-25T02:32:46.014+0000: 8508.463: Total time for which application threads were stopped: 0.0591384 seconds
2014-06-25T02:32:46.814+0000: 8509.263: [GC pause (G1 Evacuation Pause) (young)
Desired survivor size 25165824 bytes, new threshold 15 (max 15)
- age   1:    5795496 bytes,    5795496 total
- age   2:    4746784 bytes,   10542280 total
- age   3:    4116680 bytes,   14658960 total
, 0.0832875 secs]
   [Parallel Time: 82.1 ms, GC Workers: 2]
      [GC Worker Start (ms): Min: 8509263.5, Avg: 8509263.5, Max: 8509263.5, Diff: 0.0]
      [Ext Root Scanning (ms): Min: 1.1, Avg: 1.3, Max: 1.4, Diff: 0.3, Sum: 2.6]
      [Update RS (ms): Min: 16.7, Avg: 16.8, Max: 16.8, Diff: 0.1, Sum: 33.5]
         [Processed Buffers: Min: 10, Avg: 18.5, Max: 27, Diff: 17, Sum: 37]
      [Scan RS (ms): Min: 3.7, Avg: 3.9, Max: 4.0, Diff: 0.3, Sum: 7.7]
      [Code Root Scanning (ms): Min: 0.1, Avg: 0.1, Max: 0.1, Diff: 0.0, Sum: 0.2]
      [Object Copy (ms): Min: 59.9, Avg: 59.9, Max: 60.0, Diff: 0.1, Sum: 119.9]
      [Termination (ms): Min: 0.0, Avg: 0.0, Max: 0.0, Diff: 0.0, Sum: 0.0]
      [GC Worker Other (ms): Min: 0.0, Avg: 0.0, Max: 0.0, Diff: 0.0, Sum: 0.1]
      [GC Worker Total (ms): Min: 82.0, Avg: 82.0, Max: 82.0, Diff: 0.0, Sum: 164.0]
      [GC Worker End (ms): Min: 8509345.5, Avg: 8509345.5, Max: 8509345.5, Diff: 0.0]
   [Code Root Fixup: 0.2 ms]
   [Code Root Migration: 0.0 ms]
   [Clear CT: 0.2 ms]
   [Other: 0.8 ms]
      [Choose CSet: 0.0 ms]
      [Ref Proc: 0.3 ms]
      [Ref Enq: 0.1 ms]
      [Free CSet: 0.3 ms]
   [Eden: 368.0M(368.0M)->0.0B(412.0M) Survivors: 16.0M->22.0M Heap: 2447.6M(5632.0M)->2085.6M(5632.0M)]
 [Times: user=0.16 sys=0.00, real=0.09 secs] 
2014-06-25T02:32:46.898+0000: 8509.347: Total time for which application threads were stopped: 0.0838693 seconds
2014-06-25T02:32:47.783+0000: 8510.232: [GC pause (G1 Evacuation Pause) (young)
Desired survivor size 29360128 bytes, new threshold 15 (max 15)
- age   1:    7531712 bytes,    7531712 total
- age   2:    4836848 bytes,   12368560 total
- age   3:    4745424 bytes,   17113984 total
- age   4:    4116600 bytes,   21230584 total
, 0.1037652 secs]
   [Parallel Time: 102.4 ms, GC Workers: 2]
      [GC Worker Start (ms): Min: 8510232.5, Avg: 8510232.5, Max: 8510232.5, Diff: 0.0]
      [Ext Root Scanning (ms): Min: 1.1, Avg: 1.3, Max: 1.4, Diff: 0.3, Sum: 2.6]
      [Update RS (ms): Min: 16.1, Avg: 16.5, Max: 16.9, Diff: 0.8, Sum: 33.0]
         [Processed Buffers: Min: 8, Avg: 17.0, Max: 26, Diff: 18, Sum: 34]
      [Scan RS (ms): Min: 3.9, Avg: 4.4, Max: 4.8, Diff: 0.9, Sum: 8.7]
      [Code Root Scanning (ms): Min: 0.1, Avg: 0.1, Max: 0.1, Diff: 0.0, Sum: 0.2]
      [Object Copy (ms): Min: 79.9, Avg: 80.0, Max: 80.1, Diff: 0.2, Sum: 160.0]
      [Termination (ms): Min: 0.0, Avg: 0.0, Max: 0.0, Diff: 0.0, Sum: 0.0]
      [GC Worker Other (ms): Min: 0.0, Avg: 0.0, Max: 0.0, Diff: 0.0, Sum: 0.1]
      [GC Worker Total (ms): Min: 102.3, Avg: 102.3, Max: 102.3, Diff: 0.0, Sum: 204.6]
      [GC Worker End (ms): Min: 8510334.8, Avg: 8510334.8, Max: 8510334.8, Diff: 0.0]
   [Code Root Fixup: 0.2 ms]
   [Code Root Migration: 0.0 ms]
   [Clear CT: 0.2 ms]
   [Other: 1.0 ms]
      [Choose CSet: 0.0 ms]
      [Ref Proc: 0.5 ms]
      [Ref Enq: 0.0 ms]
      [Free CSet: 0.3 ms]
   [Eden: 412.0M(412.0M)->0.0B(444.0M) Survivors: 22.0M->28.0M Heap: 2497.6M(5632.0M)->2092.6M(5632.0M)]
 [Times: user=0.21 sys=0.00, real=0.10 secs] 
2014-06-25T02:32:47.887+0000: 8510.336: Total time for which application threads were stopped: 0.1043545 seconds
2014-06-25T02:32:48.856+0000: 8511.305: [GC pause (G1 Evacuation Pause) (young)
Desired survivor size 31457280 bytes, new threshold 15 (max 15)
- age   1:    8068840 bytes,    8068840 total
- age   2:    7103088 bytes,   15171928 total
- age   3:    4836848 bytes,   20008776 total
- age   4:    4745392 bytes,   24754168 total
- age   5:    4116600 bytes,   28870768 total
, 0.1251968 secs]
   [Parallel Time: 123.9 ms, GC Workers: 2]
      [GC Worker Start (ms): Min: 8511304.9, Avg: 8511304.9, Max: 8511304.9, Diff: 0.0]
      [Ext Root Scanning (ms): Min: 1.1, Avg: 1.3, Max: 1.4, Diff: 0.2, Sum: 2.5]
      [Update RS (ms): Min: 16.4, Avg: 16.6, Max: 16.8, Diff: 0.4, Sum: 33.2]
         [Processed Buffers: Min: 8, Avg: 19.5, Max: 31, Diff: 23, Sum: 39]
      [Scan RS (ms): Min: 5.3, Avg: 5.5, Max: 5.7, Diff: 0.4, Sum: 11.0]
      [Code Root Scanning (ms): Min: 0.1, Avg: 0.1, Max: 0.1, Diff: 0.0, Sum: 0.2]
      [Object Copy (ms): Min: 100.2, Avg: 100.3, Max: 100.4, Diff: 0.2, Sum: 200.6]
      [Termination (ms): Min: 0.0, Avg: 0.0, Max: 0.0, Diff: 0.0, Sum: 0.0]
      [GC Worker Other (ms): Min: 0.0, Avg: 0.0, Max: 0.0, Diff: 0.0, Sum: 0.1]
      [GC Worker Total (ms): Min: 123.8, Avg: 123.8, Max: 123.8, Diff: 0.0, Sum: 247.6]
      [GC Worker End (ms): Min: 8511428.8, Avg: 8511428.8, Max: 8511428.8, Diff: 0.0]
   [Code Root Fixup: 0.2 ms]
   [Code Root Migration: 0.0 ms]
   [Clear CT: 0.2 ms]
   [Other: 0.9 ms]
      [Choose CSet: 0.0 ms]
      [Ref Proc: 0.3 ms]
      [Ref Enq: 0.1 ms]
      [Free CSet: 0.4 ms]
   [Eden: 444.0M(444.0M)->0.0B(434.0M) Survivors: 28.0M->36.0M Heap: 2536.6M(5632.0M)->2100.6M(5632.0M)]
 [Times: user=0.25 sys=0.00, real=0.12 secs] 
2014-06-25T02:32:48.984+0000: 8511.433: Total time for which application threads were stopped: 0.1322753 seconds
2014-06-25T02:32:49.920+0000: 8512.369: [GC pause (G1 Evacuation Pause) (young)
Desired survivor size 31457280 bytes, new threshold 5 (max 15)
- age   1:    8947160 bytes,    8947160 total
- age   2:    6460392 bytes,   15407552 total
- age   3:    7103008 bytes,   22510560 total
- age   4:    4836816 bytes,   27347376 total
- age   5:    4745392 bytes,   32092768 total
- age   6:    4102880 bytes,   36195648 total
, 0.1507510 secs]
   [Parallel Time: 149.2 ms, GC Workers: 2]
      [GC Worker Start (ms): Min: 8512368.9, Avg: 8512368.9, Max: 8512368.9, Diff: 0.0]
      [Ext Root Scanning (ms): Min: 1.1, Avg: 1.3, Max: 1.4, Diff: 0.3, Sum: 2.5]
      [Update RS (ms): Min: 21.8, Avg: 22.2, Max: 22.7, Diff: 0.9, Sum: 44.5]
         [Processed Buffers: Min: 13, Avg: 20.5, Max: 28, Diff: 15, Sum: 41]
      [Scan RS (ms): Min: 3.5, Avg: 4.0, Max: 4.5, Diff: 1.0, Sum: 8.0]
      [Code Root Scanning (ms): Min: 0.1, Avg: 0.1, Max: 0.1, Diff: 0.0, Sum: 0.2]
      [Object Copy (ms): Min: 121.4, Avg: 121.5, Max: 121.6, Diff: 0.2, Sum: 243.0]
      [Termination (ms): Min: 0.0, Avg: 0.0, Max: 0.0, Diff: 0.0, Sum: 0.0]
      [GC Worker Other (ms): Min: 0.0, Avg: 0.0, Max: 0.0, Diff: 0.0, Sum: 0.1]
      [GC Worker Total (ms): Min: 149.1, Avg: 149.1, Max: 149.1, Diff: 0.0, Sum: 298.3]
      [GC Worker End (ms): Min: 8512518.1, Avg: 8512518.1, Max: 8512518.1, Diff: 0.0]
   [Code Root Fixup: 0.2 ms]
   [Code Root Migration: 0.0 ms]
   [Clear CT: 0.2 ms]
   [Other: 1.2 ms]
      [Choose CSet: 0.0 ms]
      [Ref Proc: 0.5 ms]
      [Ref Enq: 0.1 ms]
      [Free CSet: 0.4 ms]
   [Eden: 434.0M(434.0M)->0.0B(472.0M) Survivors: 36.0M->34.0M Heap: 2534.6M(5632.0M)->2107.1M(5632.0M)]
 [Times: user=0.30 sys=0.00, real=0.15 secs] 
2014-06-25T02:32:50.071+0000: 8512.520: Total time for which application threads were stopped: 0.1544138 seconds
2014-06-25T02:32:51.042+0000: 8513.492: [GC pause (G1 Evacuation Pause) (young)
Desired survivor size 31457280 bytes, new threshold 5 (max 15)
- age   1:    8980736 bytes,    8980736 total
- age   2:    7296792 bytes,   16277528 total
- age   3:    6460360 bytes,   22737888 total
- age   4:    7100944 bytes,   29838832 total
- age   5:    4836816 bytes,   34675648 total
, 0.1443458 secs]
   [Parallel Time: 142.9 ms, GC Workers: 2]
      [GC Worker Start (ms): Min: 8513491.6, Avg: 8513491.6, Max: 8513491.6, Diff: 0.0]
      [Ext Root Scanning (ms): Min: 1.2, Avg: 1.3, Max: 1.4, Diff: 0.3, Sum: 2.6]
      [Update RS (ms): Min: 18.1, Avg: 18.8, Max: 19.5, Diff: 1.4, Sum: 37.6]
         [Processed Buffers: Min: 14, Avg: 25.0, Max: 36, Diff: 22, Sum: 50]
      [Scan RS (ms): Min: 6.0, Avg: 6.6, Max: 7.2, Diff: 1.2, Sum: 13.2]
      [Code Root Scanning (ms): Min: 0.0, Avg: 0.1, Max: 0.2, Diff: 0.2, Sum: 0.2]
      [Object Copy (ms): Min: 115.8, Avg: 116.0, Max: 116.1, Diff: 0.3, Sum: 231.9]
      [Termination (ms): Min: 0.0, Avg: 0.0, Max: 0.0, Diff: 0.0, Sum: 0.0]
      [GC Worker Other (ms): Min: 0.0, Avg: 0.0, Max: 0.0, Diff: 0.0, Sum: 0.1]
      [GC Worker Total (ms): Min: 142.8, Avg: 142.8, Max: 142.8, Diff: 0.0, Sum: 285.6]
      [GC Worker End (ms): Min: 8513634.4, Avg: 8513634.4, Max: 8513634.4, Diff: 0.0]
   [Code Root Fixup: 0.2 ms]
   [Code Root Migration: 0.0 ms]
   [Clear CT: 0.2 ms]
   [Other: 1.1 ms]
      [Choose CSet: 0.0 ms]
      [Ref Proc: 0.4 ms]
      [Ref Enq: 0.1 ms]
      [Free CSet: 0.4 ms]
   [Eden: 436.0M(436.0M)->0.0B(512.0M) Survivors: 34.0M->38.0M Heap: 2543.1M(5632.0M)->2115.6M(5632.0M)]
 [Times: user=0.28 sys=0.00, real=0.14 secs] 
2014-06-25T02:32:51.187+0000: 8513.636: Total time for which application threads were stopped: 0.1450065 seconds
2014-06-25T02:32:52.183+0000: 8514.632: [GC pause (G1 Evacuation Pause) (young)
Desired survivor size 32505856 bytes, new threshold 5 (max 15)
- age   1:    8661480 bytes,    8661480 total
- age   2:    7330064 bytes,   15991544 total
- age   3:    7283712 bytes,   23275256 total
- age   4:    6460360 bytes,   29735616 total
- age   5:    7100944 bytes,   36836560 total
, 0.1517451 secs]
   [Parallel Time: 150.1 ms, GC Workers: 2]
      [GC Worker Start (ms): Min: 8514632.1, Avg: 8514632.1, Max: 8514632.1, Diff: 0.0]
      [Ext Root Scanning (ms): Min: 1.1, Avg: 1.3, Max: 1.4, Diff: 0.3, Sum: 2.5]
      [Update RS (ms): Min: 19.2, Avg: 19.9, Max: 20.5, Diff: 1.2, Sum: 39.7]
         [Processed Buffers: Min: 11, Avg: 21.5, Max: 32, Diff: 21, Sum: 43]
      [Scan RS (ms): Min: 6.5, Avg: 7.2, Max: 7.9, Diff: 1.4, Sum: 14.4]
      [Code Root Scanning (ms): Min: 0.1, Avg: 0.1, Max: 0.1, Diff: 0.0, Sum: 0.3]
      [Object Copy (ms): Min: 121.4, Avg: 121.5, Max: 121.6, Diff: 0.2, Sum: 243.0]
      [Termination (ms): Min: 0.0, Avg: 0.0, Max: 0.0, Diff: 0.0, Sum: 0.0]
      [GC Worker Other (ms): Min: 0.0, Avg: 0.0, Max: 0.0, Diff: 0.0, Sum: 0.1]
      [GC Worker Total (ms): Min: 150.0, Avg: 150.0, Max: 150.0, Diff: 0.0, Sum: 300.0]
      [GC Worker End (ms): Min: 8514782.1, Avg: 8514782.1, Max: 8514782.1, Diff: 0.0]
   [Code Root Fixup: 0.2 ms]
   [Code Root Migration: 0.0 ms]
   [Clear CT: 0.2 ms]
   [Other: 1.2 ms]
      [Choose CSet: 0.0 ms]
      [Ref Proc: 0.5 ms]
      [Ref Enq: 0.1 ms]
      [Free CSet: 0.4 ms]
   [Eden: 452.0M(452.0M)->0.0B(554.0M) Survivors: 38.0M->36.0M Heap: 2567.6M(5632.0M)->2122.6M(5632.0M)]
 [Times: user=0.30 sys=0.00, real=0.15 secs] 
2014-06-25T02:32:52.335+0000: 8514.784: Total time for which application threads were stopped: 0.1523998 seconds
2014-06-25T02:32:53.436+0000: 8515.885: [GC pause (G1 Evacuation Pause) (young)
Desired survivor size 35651584 bytes, new threshold 5 (max 15)
- age   1:    8312248 bytes,    8312248 total
- age   2:    7023960 bytes,   15336208 total
- age   3:    7330032 bytes,   22666240 total
- age   4:    7283632 bytes,   29949872 total
- age   5:    6460360 bytes,   36410232 total
, 0.1539800 secs]
   [Parallel Time: 152.4 ms, GC Workers: 2]
      [GC Worker Start (ms): Min: 8515885.0, Avg: 8515885.0, Max: 8515885.0, Diff: 0.0]
      [Ext Root Scanning (ms): Min: 1.1, Avg: 1.3, Max: 1.4, Diff: 0.3, Sum: 2.5]
      [Update RS (ms): Min: 19.5, Avg: 19.6, Max: 19.8, Diff: 0.3, Sum: 39.2]
         [Processed Buffers: Min: 11, Avg: 20.5, Max: 30, Diff: 19, Sum: 41]
      [Scan RS (ms): Min: 7.1, Avg: 7.2, Max: 7.3, Diff: 0.3, Sum: 14.4]
      [Code Root Scanning (ms): Min: 0.1, Avg: 0.1, Max: 0.2, Diff: 0.1, Sum: 0.3]
      [Object Copy (ms): Min: 124.0, Avg: 124.1, Max: 124.2, Diff: 0.2, Sum: 248.2]
      [Termination (ms): Min: 0.0, Avg: 0.0, Max: 0.0, Diff: 0.0, Sum: 0.0]
      [GC Worker Other (ms): Min: 0.0, Avg: 0.0, Max: 0.0, Diff: 0.0, Sum: 0.1]
      [GC Worker Total (ms): Min: 152.3, Avg: 152.3, Max: 152.4, Diff: 0.0, Sum: 304.7]
      [GC Worker End (ms): Min: 8516037.3, Avg: 8516037.3, Max: 8516037.3, Diff: 0.0]
   [Code Root Fixup: 0.2 ms]
   [Code Root Migration: 0.0 ms]
   [Clear CT: 0.2 ms]
   [Other: 1.1 ms]
      [Choose CSet: 0.0 ms]
      [Ref Proc: 0.4 ms]
      [Ref Enq: 0.1 ms]
      [Free CSet: 0.4 ms]
   [Eden: 500.0M(500.0M)->0.0B(602.0M) Survivors: 36.0M->38.0M Heap: 2622.6M(5632.0M)->2131.6M(5632.0M)]
 [Times: user=0.31 sys=0.00, real=0.15 secs] 
2014-06-25T02:32:53.590+0000: 8516.039: Total time for which application threads were stopped: 0.1564995 seconds
2014-06-25T02:32:54.763+0000: 8517.212: [GC pause (G1 Evacuation Pause) (young)
Desired survivor size 37748736 bytes, new threshold 5 (max 15)
- age   1:    8989504 bytes,    8989504 total
- age   2:    7679808 bytes,   16669312 total
- age   3:    7023896 bytes,   23693208 total
- age   4:    7330032 bytes,   31023240 total
- age   5:    7283632 bytes,   38306872 total
, 0.1640550 secs]
   [Parallel Time: 162.3 ms, GC Workers: 2]
      [GC Worker Start (ms): Min: 8517212.0, Avg: 8517212.0, Max: 8517212.0, Diff: 0.0]
      [Ext Root Scanning (ms): Min: 1.2, Avg: 1.3, Max: 1.4, Diff: 0.3, Sum: 2.6]
      [Update RS (ms): Min: 21.8, Avg: 22.4, Max: 23.0, Diff: 1.3, Sum: 44.8]
         [Processed Buffers: Min: 12, Avg: 24.0, Max: 36, Diff: 24, Sum: 48]
      [Scan RS (ms): Min: 7.0, Avg: 7.4, Max: 7.9, Diff: 0.9, Sum: 14.9]
      [Code Root Scanning (ms): Min: 0.1, Avg: 0.1, Max: 0.2, Diff: 0.2, Sum: 0.3]
      [Object Copy (ms): Min: 130.9, Avg: 130.9, Max: 131.0, Diff: 0.1, Sum: 261.8]
      [Termination (ms): Min: 0.0, Avg: 0.0, Max: 0.0, Diff: 0.0, Sum: 0.0]
      [GC Worker Other (ms): Min: 0.0, Avg: 0.0, Max: 0.0, Diff: 0.0, Sum: 0.1]
      [GC Worker Total (ms): Min: 162.2, Avg: 162.2, Max: 162.2, Diff: 0.0, Sum: 324.4]
      [GC Worker End (ms): Min: 8517374.2, Avg: 8517374.2, Max: 8517374.2, Diff: 0.0]
   [Code Root Fixup: 0.2 ms]
   [Code Root Migration: 0.0 ms]
   [Clear CT: 0.2 ms]
   [Other: 1.3 ms]
      [Choose CSet: 0.0 ms]
      [Ref Proc: 0.6 ms]
      [Ref Enq: 0.1 ms]
      [Free CSet: 0.4 ms]
   [Eden: 536.0M(536.0M)->0.0B(622.0M) Survivors: 38.0M->38.0M Heap: 2667.6M(5632.0M)->2139.6M(5632.0M)]
 [Times: user=0.33 sys=0.00, real=0.16 secs] 
2014-06-25T02:32:54.927+0000: 8517.376: Total time for which application threads were stopped: 0.1646389 seconds
2014-06-25T02:32:56.145+0000: 8518.594: [GC pause (G1 Evacuation Pause) (young)
Desired survivor size 38797312 bytes, new threshold 5 (max 15)
- age   1:   10235128 bytes,   10235128 total
- age   2:    7345008 bytes,   17580136 total
- age   3:    7679728 bytes,   25259864 total
- age   4:    7023864 bytes,   32283728 total
- age   5:    7330032 bytes,   39613760 total
, 0.1681475 secs]
   [Parallel Time: 166.4 ms, GC Workers: 2]
      [GC Worker Start (ms): Min: 8518594.5, Avg: 8518594.5, Max: 8518594.5, Diff: 0.0]
      [Ext Root Scanning (ms): Min: 1.1, Avg: 1.3, Max: 1.4, Diff: 0.3, Sum: 2.6]
      [Update RS (ms): Min: 19.6, Avg: 20.0, Max: 20.5, Diff: 1.0, Sum: 40.1]
         [Processed Buffers: Min: 10, Avg: 19.5, Max: 29, Diff: 19, Sum: 39]
      [Scan RS (ms): Min: 7.7, Avg: 8.1, Max: 8.4, Diff: 0.7, Sum: 16.1]
      [Code Root Scanning (ms): Min: 0.1, Avg: 0.2, Max: 0.2, Diff: 0.1, Sum: 0.3]
      [Object Copy (ms): Min: 136.6, Avg: 136.7, Max: 136.8, Diff: 0.2, Sum: 273.4]
      [Termination (ms): Min: 0.0, Avg: 0.0, Max: 0.0, Diff: 0.0, Sum: 0.0]
      [GC Worker Other (ms): Min: 0.0, Avg: 0.0, Max: 0.0, Diff: 0.0, Sum: 0.1]
      [GC Worker Total (ms): Min: 166.3, Avg: 166.3, Max: 166.3, Diff: 0.0, Sum: 332.6]
      [GC Worker End (ms): Min: 8518760.8, Avg: 8518760.8, Max: 8518760.8, Diff: 0.0]
   [Code Root Fixup: 0.2 ms]
   [Code Root Migration: 0.0 ms]
   [Clear CT: 0.2 ms]
   [Other: 1.3 ms]
      [Choose CSet: 0.0 ms]
      [Ref Proc: 0.6 ms]
      [Ref Enq: 0.1 ms]
      [Free CSet: 0.4 ms]
   [Eden: 554.0M(554.0M)->0.0B(622.0M) Survivors: 38.0M->42.0M Heap: 2693.6M(5632.0M)->2150.6M(5632.0M)]
 [Times: user=0.34 sys=0.00, real=0.17 secs] 
2014-06-25T02:32:56.314+0000: 8518.763: Total time for which application threads were stopped: 0.1687890 seconds
2014-06-25T02:32:57.499+0000: 8519.948: [GC pause (G1 Evacuation Pause) (young)
Desired survivor size 38797312 bytes, new threshold 5 (max 15)
- age   1:   10263304 bytes,   10263304 total
- age   2:    9352744 bytes,   19616048 total
- age   3:    7344976 bytes,   26961024 total
- age   4:    7679728 bytes,   34640752 total
- age   5:    7011264 bytes,   41652016 total
, 0.1757632 secs]
   [Parallel Time: 174.0 ms, GC Workers: 2]
      [GC Worker Start (ms): Min: 8519948.4, Avg: 8519948.4, Max: 8519948.4, Diff: 0.0]
      [Ext Root Scanning (ms): Min: 1.2, Avg: 1.3, Max: 1.4, Diff: 0.3, Sum: 2.6]
      [Update RS (ms): Min: 20.4, Avg: 20.4, Max: 20.5, Diff: 0.1, Sum: 40.9]
         [Processed Buffers: Min: 18, Avg: 19.5, Max: 21, Diff: 3, Sum: 39]
      [Scan RS (ms): Min: 8.3, Avg: 8.4, Max: 8.4, Diff: 0.1, Sum: 16.7]
      [Code Root Scanning (ms): Min: 0.1, Avg: 0.2, Max: 0.2, Diff: 0.1, Sum: 0.3]
      [Object Copy (ms): Min: 143.6, Avg: 143.7, Max: 143.7, Diff: 0.1, Sum: 287.3]
      [Termination (ms): Min: 0.0, Avg: 0.0, Max: 0.0, Diff: 0.0, Sum: 0.0]
      [GC Worker Other (ms): Min: 0.0, Avg: 0.0, Max: 0.0, Diff: 0.0, Sum: 0.1]
      [GC Worker Total (ms): Min: 173.9, Avg: 173.9, Max: 174.0, Diff: 0.0, Sum: 347.9]
      [GC Worker End (ms): Min: 8520122.4, Avg: 8520122.4, Max: 8520122.4, Diff: 0.0]
   [Code Root Fixup: 0.2 ms]
   [Code Root Migration: 0.0 ms]
   [Clear CT: 0.2 ms]
   [Other: 1.3 ms]
      [Choose CSet: 0.0 ms]
      [Ref Proc: 0.6 ms]
      [Ref Enq: 0.1 ms]
      [Free CSet: 0.4 ms]
   [Eden: 540.0M(540.0M)->0.0B(614.0M) Survivors: 42.0M->44.0M Heap: 2690.6M(5632.0M)->2161.6M(5632.0M)]
 [Times: user=0.36 sys=0.00, real=0.17 secs] 
2014-06-25T02:32:57.675+0000: 8520.124: Total time for which application threads were stopped: 0.1764299 seconds
2014-06-25T02:32:58.812+0000: 8521.261: [GC pause (G1 Evacuation Pause) (young)
Desired survivor size 37748736 bytes, new threshold 5 (max 15)
- age   1:   10685552 bytes,   10685552 total
- age   2:    9497712 bytes,   20183264 total
- age   3:    9352632 bytes,   29535896 total
- age   4:    7344976 bytes,   36880872 total
- age   5:    7678976 bytes,   44559848 total
, 0.1729861 secs]
   [Parallel Time: 171.4 ms, GC Workers: 2]
      [GC Worker Start (ms): Min: 8521260.9, Avg: 8521261.0, Max: 8521261.0, Diff: 0.0]
      [Ext Root Scanning (ms): Min: 1.1, Avg: 1.3, Max: 1.4, Diff: 0.3, Sum: 2.6]
      [Update RS (ms): Min: 18.1, Avg: 18.2, Max: 18.3, Diff: 0.1, Sum: 36.4]
         [Processed Buffers: Min: 15, Avg: 19.0, Max: 23, Diff: 8, Sum: 38]
      [Scan RS (ms): Min: 8.1, Avg: 8.2, Max: 8.2, Diff: 0.1, Sum: 16.3]
      [Code Root Scanning (ms): Min: 0.1, Avg: 0.1, Max: 0.2, Diff: 0.1, Sum: 0.3]
      [Object Copy (ms): Min: 143.4, Avg: 143.5, Max: 143.6, Diff: 0.1, Sum: 287.0]
      [Termination (ms): Min: 0.0, Avg: 0.0, Max: 0.0, Diff: 0.0, Sum: 0.0]
      [GC Worker Other (ms): Min: 0.0, Avg: 0.0, Max: 0.0, Diff: 0.0, Sum: 0.1]
      [GC Worker Total (ms): Min: 171.3, Avg: 171.3, Max: 171.3, Diff: 0.0, Sum: 342.6]
      [GC Worker End (ms): Min: 8521432.3, Avg: 8521432.3, Max: 8521432.3, Diff: 0.0]
   [Code Root Fixup: 0.2 ms]
   [Code Root Migration: 0.0 ms]
   [Clear CT: 0.2 ms]
   [Other: 1.2 ms]
      [Choose CSet: 0.0 ms]
      [Ref Proc: 0.4 ms]
      [Ref Enq: 0.1 ms]
      [Free CSet: 0.4 ms]
   [Eden: 518.0M(518.0M)->0.0B(610.0M) Survivors: 44.0M->44.0M Heap: 2679.6M(5632.0M)->2168.6M(5632.0M)]
 [Times: user=0.35 sys=0.00, real=0.17 secs] 
2014-06-25T02:32:58.985+0000: 8521.434: Total time for which application threads were stopped: 0.1755429 seconds
2014-06-25T02:33:00.160+0000: 8522.609: [GC pause (G1 Evacuation Pause) (young)
Desired survivor size 37748736 bytes, new threshold 5 (max 15)
- age   1:    8930712 bytes,    8930712 total
- age   2:    8951224 bytes,   17881936 total
- age   3:    9497616 bytes,   27379552 total
- age   4:    9351672 bytes,   36731224 total
- age   5:    7344976 bytes,   44076200 total
, 0.1803284 secs]
   [Parallel Time: 178.5 ms, GC Workers: 2]
      [GC Worker Start (ms): Min: 8522609.0, Avg: 8522609.0, Max: 8522609.0, Diff: 0.0]
      [Ext Root Scanning (ms): Min: 1.1, Avg: 1.3, Max: 1.4, Diff: 0.3, Sum: 2.5]
      [Update RS (ms): Min: 20.8, Avg: 20.9, Max: 20.9, Diff: 0.1, Sum: 41.7]
         [Processed Buffers: Min: 10, Avg: 18.0, Max: 26, Diff: 16, Sum: 36]
      [Scan RS (ms): Min: 8.3, Avg: 8.4, Max: 8.5, Diff: 0.2, Sum: 16.8]
      [Code Root Scanning (ms): Min: 0.1, Avg: 0.2, Max: 0.2, Diff: 0.1, Sum: 0.3]
      [Object Copy (ms): Min: 147.7, Avg: 147.8, Max: 147.8, Diff: 0.1, Sum: 295.5]
      [Termination (ms): Min: 0.0, Avg: 0.0, Max: 0.0, Diff: 0.0, Sum: 0.0]
      [GC Worker Other (ms): Min: 0.0, Avg: 0.0, Max: 0.0, Diff: 0.0, Sum: 0.1]
      [GC Worker Total (ms): Min: 178.5, Avg: 178.5, Max: 178.5, Diff: 0.0, Sum: 356.9]
      [GC Worker End (ms): Min: 8522787.4, Avg: 8522787.4, Max: 8522787.4, Diff: 0.0]
   [Code Root Fixup: 0.2 ms]
   [Code Root Migration: 0.0 ms]
   [Clear CT: 0.2 ms]
   [Other: 1.4 ms]
      [Choose CSet: 0.0 ms]
      [Ref Proc: 0.6 ms]
      [Ref Enq: 0.1 ms]
      [Free CSet: 0.4 ms]
   [Eden: 532.0M(532.0M)->0.0B(606.0M) Survivors: 44.0M->44.0M Heap: 2700.6M(5632.0M)->2177.6M(5632.0M)]
 [Times: user=0.35 sys=0.00, real=0.18 secs] 
2014-06-25T02:33:00.343+0000: 8522.792: Total time for which application threads were stopped: 0.1848917 seconds
2014-06-25T02:33:01.568+0000: 8524.017: [GC pause (G1 Evacuation Pause) (young)
Desired survivor size 35651584 bytes, new threshold 4 (max 15)
- age   1:   10233320 bytes,   10233320 total
- age   2:    7746912 bytes,   17980232 total
- age   3:    8951192 bytes,   26931424 total
- age   4:    9497616 bytes,   36429040 total
- age   5:    9351672 bytes,   45780712 total
, 0.2343387 secs]
   [Parallel Time: 232.4 ms, GC Workers: 2]
      [GC Worker Start (ms): Min: 8524017.1, Avg: 8524020.8, Max: 8524024.5, Diff: 7.4]
      [Ext Root Scanning (ms): Min: 0.0, Avg: 1.3, Max: 2.6, Diff: 2.6, Sum: 2.6]
      [Update RS (ms): Min: 29.2, Avg: 35.1, Max: 41.0, Diff: 11.8, Sum: 70.2]
         [Processed Buffers: Min: 5, Avg: 20.0, Max: 35, Diff: 30, Sum: 40]
      [Scan RS (ms): Min: 12.4, Avg: 17.5, Max: 22.7, Diff: 10.3, Sum: 35.1]
      [Code Root Scanning (ms): Min: 0.1, Avg: 0.2, Max: 0.2, Diff: 0.0, Sum: 0.3]
      [Object Copy (ms): Min: 172.8, Avg: 174.5, Max: 176.1, Diff: 3.3, Sum: 349.0]
      [Termination (ms): Min: 0.0, Avg: 0.0, Max: 0.0, Diff: 0.0, Sum: 0.0]
      [GC Worker Other (ms): Min: 0.0, Avg: 0.0, Max: 0.0, Diff: 0.0, Sum: 0.1]
      [GC Worker Total (ms): Min: 224.9, Avg: 228.6, Max: 232.3, Diff: 7.4, Sum: 457.2]
      [GC Worker End (ms): Min: 8524249.4, Avg: 8524249.4, Max: 8524249.4, Diff: 0.0]
   [Code Root Fixup: 0.2 ms]
   [Code Root Migration: 0.0 ms]
   [Clear CT: 0.2 ms]
   [Other: 1.5 ms]
      [Choose CSet: 0.0 ms]
      [Ref Proc: 0.6 ms]
      [Ref Enq: 0.1 ms]
      [Free CSet: 0.4 ms]
   [Eden: 498.0M(498.0M)->0.0B(436.0M) Survivors: 44.0M->38.0M Heap: 2675.6M(5632.0M)->2189.6M(5632.0M)]
 [Times: user=0.37 sys=0.00, real=0.23 secs] 
2014-06-25T02:33:01.802+0000: 8524.251: Total time for which application threads were stopped: 0.2487633 seconds
2014-06-25T02:33:02.794+0000: 8525.243: [GC pause (G1 Evacuation Pause) (young)
Desired survivor size 31457280 bytes, new threshold 4 (max 15)
- age   1:   10381176 bytes,   10381176 total
- age   2:    9405048 bytes,   19786224 total
- age   3:    7746880 bytes,   27533104 total
- age   4:    8951192 bytes,   36484296 total
, 0.1491666 secs]
   [Parallel Time: 147.6 ms, GC Workers: 2]
      [GC Worker Start (ms): Min: 8525242.8, Avg: 8525242.8, Max: 8525242.8, Diff: 0.0]
      [Ext Root Scanning (ms): Min: 1.1, Avg: 1.3, Max: 1.4, Diff: 0.3, Sum: 2.6]
      [Update RS (ms): Min: 15.1, Avg: 15.3, Max: 15.6, Diff: 0.6, Sum: 30.7]
         [Processed Buffers: Min: 6, Avg: 17.0, Max: 28, Diff: 22, Sum: 34]
      [Scan RS (ms): Min: 8.3, Avg: 8.7, Max: 9.0, Diff: 0.7, Sum: 17.3]
      [Code Root Scanning (ms): Min: 0.1, Avg: 0.1, Max: 0.1, Diff: 0.0, Sum: 0.2]
      [Object Copy (ms): Min: 122.0, Avg: 122.1, Max: 122.1, Diff: 0.1, Sum: 244.2]
      [Termination (ms): Min: 0.0, Avg: 0.0, Max: 0.0, Diff: 0.0, Sum: 0.0]
      [GC Worker Other (ms): Min: 0.0, Avg: 0.0, Max: 0.0, Diff: 0.0, Sum: 0.1]
      [GC Worker Total (ms): Min: 147.5, Avg: 147.5, Max: 147.5, Diff: 0.0, Sum: 295.1]
      [GC Worker End (ms): Min: 8525390.3, Avg: 8525390.3, Max: 8525390.3, Diff: 0.0]
   [Code Root Fixup: 0.2 ms]
   [Code Root Migration: 0.0 ms]
   [Clear CT: 0.2 ms]
   [Other: 1.1 ms]
      [Choose CSet: 0.0 ms]
      [Ref Proc: 0.4 ms]
      [Ref Enq: 0.1 ms]
      [Free CSet: 0.4 ms]
   [Eden: 436.0M(436.0M)->0.0B(550.0M) Survivors: 38.0M->34.0M Heap: 2625.6M(5632.0M)->2196.6M(5632.0M)]
 [Times: user=0.29 sys=0.00, real=0.15 secs] 
2014-06-25T02:33:02.943+0000: 8525.392: Total time for which application threads were stopped: 0.1498380 seconds
2014-06-25T02:33:04.017+0000: 8526.467: [GC pause (G1 Evacuation Pause) (young)
Desired survivor size 34603008 bytes, new threshold 4 (max 15)
- age   1:    8828736 bytes,    8828736 total
- age   2:    8661656 bytes,   17490392 total
- age   3:    9405048 bytes,   26895440 total
- age   4:    7746800 bytes,   34642240 total
, 0.1461896 secs]
   [Parallel Time: 144.6 ms, GC Workers: 2]
      [GC Worker Start (ms): Min: 8526466.7, Avg: 8526466.7, Max: 8526466.7, Diff: 0.0]
      [Ext Root Scanning (ms): Min: 1.1, Avg: 1.2, Max: 1.4, Diff: 0.2, Sum: 2.5]
      [Update RS (ms): Min: 18.2, Avg: 18.2, Max: 18.3, Diff: 0.1, Sum: 36.5]
         [Processed Buffers: Min: 7, Avg: 18.0, Max: 29, Diff: 22, Sum: 36]
      [Scan RS (ms): Min: 8.2, Avg: 8.3, Max: 8.4, Diff: 0.1, Sum: 16.6]
      [Code Root Scanning (ms): Min: 0.1, Avg: 0.1, Max: 0.2, Diff: 0.1, Sum: 0.3]
      [Object Copy (ms): Min: 116.5, Avg: 116.6, Max: 116.6, Diff: 0.1, Sum: 233.1]
      [Termination (ms): Min: 0.0, Avg: 0.0, Max: 0.0, Diff: 0.0, Sum: 0.0]
      [GC Worker Other (ms): Min: 0.0, Avg: 0.0, Max: 0.0, Diff: 0.0, Sum: 0.1]
      [GC Worker Total (ms): Min: 144.5, Avg: 144.5, Max: 144.5, Diff: 0.0, Sum: 289.0]
      [GC Worker End (ms): Min: 8526611.2, Avg: 8526611.2, Max: 8526611.2, Diff: 0.0]
   [Code Root Fixup: 0.2 ms]
   [Code Root Migration: 0.0 ms]
   [Clear CT: 0.2 ms]
   [Other: 1.2 ms]
      [Choose CSet: 0.0 ms]
      [Ref Proc: 0.4 ms]
      [Ref Enq: 0.1 ms]
      [Free CSet: 0.4 ms]
   [Eden: 484.0M(484.0M)->0.0B(612.0M) Survivors: 34.0M->34.0M Heap: 2680.6M(5632.0M)->2204.6M(5632.0M)]
 [Times: user=0.29 sys=0.00, real=0.14 secs] 
2014-06-25T02:33:04.164+0000: 8526.613: Total time for which application threads were stopped: 0.1467454 seconds
2014-06-25T02:33:05.460+0000: 8527.909: [GC pause (G1 Evacuation Pause) (young)
Desired survivor size 37748736 bytes, new threshold 15 (max 15)
- age   1:    8580568 bytes,    8580568 total
- age   2:    7182592 bytes,   15763160 total
- age   3:    8661624 bytes,   24424784 total
- age   4:    9405048 bytes,   33829832 total
, 0.1513966 secs]
   [Parallel Time: 149.8 ms, GC Workers: 2]
      [GC Worker Start (ms): Min: 8527909.1, Avg: 8527909.1, Max: 8527909.1, Diff: 0.0]
      [Ext Root Scanning (ms): Min: 1.1, Avg: 1.3, Max: 1.4, Diff: 0.3, Sum: 2.6]
      [Update RS (ms): Min: 17.7, Avg: 18.3, Max: 18.9, Diff: 1.2, Sum: 36.6]
         [Processed Buffers: Min: 7, Avg: 17.5, Max: 28, Diff: 21, Sum: 35]
      [Scan RS (ms): Min: 8.7, Avg: 9.3, Max: 10.0, Diff: 1.4, Sum: 18.7]
      [Code Root Scanning (ms): Min: 0.1, Avg: 0.2, Max: 0.2, Diff: 0.1, Sum: 0.3]
      [Object Copy (ms): Min: 120.5, Avg: 120.6, Max: 120.7, Diff: 0.2, Sum: 241.2]
      [Termination (ms): Min: 0.0, Avg: 0.0, Max: 0.0, Diff: 0.0, Sum: 0.0]
      [GC Worker Other (ms): Min: 0.0, Avg: 0.0, Max: 0.0, Diff: 0.0, Sum: 0.1]
      [GC Worker Total (ms): Min: 149.7, Avg: 149.7, Max: 149.7, Diff: 0.0, Sum: 299.5]
      [GC Worker End (ms): Min: 8528058.8, Avg: 8528058.8, Max: 8528058.8, Diff: 0.0]
   [Code Root Fixup: 0.2 ms]
   [Code Root Migration: 0.0 ms]
   [Clear CT: 0.3 ms]
   [Other: 1.1 ms]
      [Choose CSet: 0.0 ms]
      [Ref Proc: 0.4 ms]
      [Ref Enq: 0.1 ms]
      [Free CSet: 0.5 ms]
   [Eden: 586.0M(534.0M)->0.0B(580.0M) Survivors: 34.0M->42.0M Heap: 2790.6M(5632.0M)->2212.6M(5632.0M)]
 [Times: user=0.29 sys=0.00, real=0.15 secs] 
2014-06-25T02:33:05.611+0000: 8528.061: Total time for which application threads were stopped: 0.1520463 seconds
2014-06-25T02:33:06.873+0000: 8529.322: [GC pause (G1 Evacuation Pause) (young)
Desired survivor size 40894464 bytes, new threshold 5 (max 15)
- age   1:   10374152 bytes,   10374152 total
- age   2:    7844824 bytes,   18218976 total
- age   3:    7182560 bytes,   25401536 total
- age   4:    8661592 bytes,   34063128 total
- age   5:    9405048 bytes,   43468176 total
, 0.1787298 secs]
   [Parallel Time: 177.0 ms, GC Workers: 2]
      [GC Worker Start (ms): Min: 8529322.5, Avg: 8529322.5, Max: 8529322.5, Diff: 0.0]
      [Ext Root Scanning (ms): Min: 1.1, Avg: 1.3, Max: 1.4, Diff: 0.3, Sum: 2.6]
      [Update RS (ms): Min: 18.2, Avg: 18.4, Max: 18.6, Diff: 0.4, Sum: 36.8]
         [Processed Buffers: Min: 7, Avg: 19.5, Max: 32, Diff: 25, Sum: 39]
      [Scan RS (ms): Min: 8.5, Avg: 8.7, Max: 8.9, Diff: 0.4, Sum: 17.4]
      [Code Root Scanning (ms): Min: 0.1, Avg: 0.2, Max: 0.2, Diff: 0.1, Sum: 0.3]
      [Object Copy (ms): Min: 148.3, Avg: 148.4, Max: 148.5, Diff: 0.2, Sum: 296.7]
      [Termination (ms): Min: 0.0, Avg: 0.0, Max: 0.0, Diff: 0.0, Sum: 0.0]
      [GC Worker Other (ms): Min: 0.0, Avg: 0.0, Max: 0.0, Diff: 0.0, Sum: 0.1]
      [GC Worker Total (ms): Min: 176.9, Avg: 176.9, Max: 176.9, Diff: 0.0, Sum: 353.9]
      [GC Worker End (ms): Min: 8529499.4, Avg: 8529499.4, Max: 8529499.4, Diff: 0.0]
   [Code Root Fixup: 0.2 ms]
   [Code Root Migration: 0.0 ms]
   [Clear CT: 0.2 ms]
   [Other: 1.2 ms]
      [Choose CSet: 0.0 ms]
      [Ref Proc: 0.4 ms]
      [Ref Enq: 0.1 ms]
      [Free CSet: 0.5 ms]
   [Eden: 580.0M(580.0M)->0.0B(576.0M) Survivors: 42.0M->42.0M Heap: 2792.6M(5632.0M)->2222.6M(5632.0M)]
 [Times: user=0.36 sys=0.00, real=0.18 secs] 
2014-06-25T02:33:07.052+0000: 8529.501: Total time for which application threads were stopped: 0.1793060 seconds
2014-06-25T02:33:08.323+0000: 8530.773: [GC pause (G1 Evacuation Pause) (young)
Desired survivor size 40894464 bytes, new threshold 5 (max 15)
- age   1:   10758712 bytes,   10758712 total
- age   2:    9456936 bytes,   20215648 total
- age   3:    7844744 bytes,   28060392 total
- age   4:    7181808 bytes,   35242200 total
- age   5:    8648608 bytes,   43890808 total
, 0.1811176 secs]
   [Parallel Time: 179.5 ms, GC Workers: 2]
      [GC Worker Start (ms): Min: 8530772.7, Avg: 8530772.7, Max: 8530772.7, Diff: 0.0]
      [Ext Root Scanning (ms): Min: 1.1, Avg: 1.3, Max: 1.4, Diff: 0.3, Sum: 2.5]
      [Update RS (ms): Min: 19.7, Avg: 20.1, Max: 20.5, Diff: 0.7, Sum: 40.2]
         [Processed Buffers: Min: 9, Avg: 17.5, Max: 26, Diff: 17, Sum: 35]
      [Scan RS (ms): Min: 8.3, Avg: 8.7, Max: 9.1, Diff: 0.7, Sum: 17.4]
      [Code Root Scanning (ms): Min: 0.1, Avg: 0.2, Max: 0.2, Diff: 0.0, Sum: 0.3]
      [Object Copy (ms): Min: 149.0, Avg: 149.2, Max: 149.3, Diff: 0.3, Sum: 298.3]
      [Termination (ms): Min: 0.0, Avg: 0.0, Max: 0.0, Diff: 0.0, Sum: 0.0]
      [GC Worker Other (ms): Min: 0.0, Avg: 0.0, Max: 0.0, Diff: 0.0, Sum: 0.1]
      [GC Worker Total (ms): Min: 179.4, Avg: 179.4, Max: 179.4, Diff: 0.0, Sum: 358.8]
      [GC Worker End (ms): Min: 8530952.1, Avg: 8530952.1, Max: 8530952.1, Diff: 0.0]
   [Code Root Fixup: 0.2 ms]
   [Code Root Migration: 0.0 ms]
   [Clear CT: 0.2 ms]
   [Other: 1.2 ms]
      [Choose CSet: 0.0 ms]
      [Ref Proc: 0.4 ms]
      [Ref Enq: 0.1 ms]
      [Free CSet: 0.5 ms]
   [Eden: 576.0M(576.0M)->0.0B(568.0M) Survivors: 42.0M->44.0M Heap: 2798.6M(5632.0M)->2234.6M(5632.0M)]
 [Times: user=0.36 sys=0.00, real=0.18 secs] 
2014-06-25T02:33:08.505+0000: 8530.954: Total time for which application threads were stopped: 0.1817611 seconds
2014-06-25T02:33:09.765+0000: 8532.215: [GC pause (G1 Evacuation Pause) (young)
Desired survivor size 40894464 bytes, new threshold 5 (max 15)
- age   1:   10971024 bytes,   10971024 total
- age   2:    9529936 bytes,   20500960 total
- age   3:    9456904 bytes,   29957864 total
- age   4:    7844744 bytes,   37802608 total
- age   5:    7181808 bytes,   44984416 total
, 0.1851624 secs]
   [Parallel Time: 183.4 ms, GC Workers: 2]
      [GC Worker Start (ms): Min: 8532214.6, Avg: 8532214.7, Max: 8532214.7, Diff: 0.0]
      [Ext Root Scanning (ms): Min: 1.1, Avg: 1.3, Max: 1.4, Diff: 0.3, Sum: 2.6]
      [Update RS (ms): Min: 21.1, Avg: 21.3, Max: 21.4, Diff: 0.3, Sum: 42.6]
         [Processed Buffers: Min: 8, Avg: 19.5, Max: 31, Diff: 23, Sum: 39]
      [Scan RS (ms): Min: 8.6, Avg: 8.8, Max: 9.1, Diff: 0.5, Sum: 17.6]
      [Code Root Scanning (ms): Min: 0.1, Avg: 0.2, Max: 0.2, Diff: 0.0, Sum: 0.3]
      [Object Copy (ms): Min: 151.7, Avg: 151.7, Max: 151.8, Diff: 0.1, Sum: 303.4]
      [Termination (ms): Min: 0.0, Avg: 0.0, Max: 0.0, Diff: 0.0, Sum: 0.0]
      [GC Worker Other (ms): Min: 0.0, Avg: 0.0, Max: 0.0, Diff: 0.0, Sum: 0.1]
      [GC Worker Total (ms): Min: 183.3, Avg: 183.3, Max: 183.3, Diff: 0.0, Sum: 366.5]
      [GC Worker End (ms): Min: 8532397.9, Avg: 8532397.9, Max: 8532397.9, Diff: 0.0]
   [Code Root Fixup: 0.2 ms]
   [Code Root Migration: 0.0 ms]
   [Clear CT: 0.2 ms]
   [Other: 1.4 ms]
      [Choose CSet: 0.0 ms]
      [Ref Proc: 0.6 ms]
      [Ref Enq: 0.1 ms]
      [Free CSet: 0.5 ms]
   [Eden: 568.0M(568.0M)->0.0B(554.0M) Survivors: 44.0M->46.0M Heap: 2802.6M(5632.0M)->2244.6M(5632.0M)]
 [Times: user=0.37 sys=0.00, real=0.18 secs] 
2014-06-25T02:33:09.951+0000: 8532.400: Total time for which application threads were stopped: 0.1858078 seconds
2014-06-25T02:33:10.962+0000: 8533.411: [GC pause (G1 Evacuation Pause) (young)
Desired survivor size 33554432 bytes, new threshold 4 (max 15)
- age   1:   10929960 bytes,   10929960 total
- age   2:    9493848 bytes,   20423808 total
- age   3:    9529824 bytes,   29953632 total
- age   4:    9456872 bytes,   39410504 total
- age   5:    7843784 bytes,   47254288 total
, 0.1835102 secs]
   [Parallel Time: 182.0 ms, GC Workers: 2]
      [GC Worker Start (ms): Min: 8533411.3, Avg: 8533411.3, Max: 8533411.3, Diff: 0.0]
      [Ext Root Scanning (ms): Min: 1.1, Avg: 1.3, Max: 1.4, Diff: 0.3, Sum: 2.6]
      [Update RS (ms): Min: 17.4, Avg: 17.4, Max: 17.5, Diff: 0.1, Sum: 34.8]
         [Processed Buffers: Min: 10, Avg: 16.5, Max: 23, Diff: 13, Sum: 33]
      [Scan RS (ms): Min: 9.4, Avg: 9.5, Max: 9.5, Diff: 0.1, Sum: 18.9]
      [Code Root Scanning (ms): Min: 0.1, Avg: 0.1, Max: 0.2, Diff: 0.1, Sum: 0.3]
      [Object Copy (ms): Min: 153.5, Avg: 153.6, Max: 153.7, Diff: 0.2, Sum: 307.2]
      [Termination (ms): Min: 0.0, Avg: 0.0, Max: 0.0, Diff: 0.0, Sum: 0.0]
      [GC Worker Other (ms): Min: 0.0, Avg: 0.0, Max: 0.0, Diff: 0.0, Sum: 0.1]
      [GC Worker Total (ms): Min: 181.9, Avg: 181.9, Max: 181.9, Diff: 0.0, Sum: 363.8]
      [GC Worker End (ms): Min: 8533593.2, Avg: 8533593.2, Max: 8533593.2, Diff: 0.0]
   [Code Root Fixup: 0.2 ms]
   [Code Root Migration: 0.0 ms]
   [Clear CT: 0.2 ms]
   [Other: 1.1 ms]
      [Choose CSet: 0.0 ms]
      [Ref Proc: 0.3 ms]
      [Ref Enq: 0.1 ms]
      [Free CSet: 0.4 ms]
   [Eden: 452.0M(452.0M)->0.0B(914.0M) Survivors: 46.0M->38.0M Heap: 2696.6M(5632.0M)->2253.6M(5632.0M)]
 [Times: user=0.37 sys=0.00, real=0.19 secs] 
2014-06-25T02:33:11.148+0000: 8533.597: Total time for which application threads were stopped: 0.1864754 seconds
2014-06-25T02:33:12.600+0000: 8535.049: [GC pause (G1 Evacuation Pause) (young)
Desired survivor size 45088768 bytes, new threshold 15 (max 15)
- age   1:    9110856 bytes,    9110856 total
- age   2:    9441856 bytes,   18552712 total
- age   3:    9493848 bytes,   28046560 total
- age   4:    9529824 bytes,   37576384 total
, 0.1684512 secs]
   [Parallel Time: 166.6 ms, GC Workers: 2]
      [GC Worker Start (ms): Min: 8535049.0, Avg: 8535049.0, Max: 8535049.0, Diff: 0.0]
      [Ext Root Scanning (ms): Min: 1.1, Avg: 1.3, Max: 1.4, Diff: 0.3, Sum: 2.5]
      [Update RS (ms): Min: 20.5, Avg: 20.6, Max: 20.7, Diff: 0.1, Sum: 41.2]
         [Processed Buffers: Min: 7, Avg: 19.0, Max: 31, Diff: 24, Sum: 38]
      [Scan RS (ms): Min: 9.9, Avg: 10.0, Max: 10.0, Diff: 0.1, Sum: 20.0]
      [Code Root Scanning (ms): Min: 0.1, Avg: 0.2, Max: 0.2, Diff: 0.1, Sum: 0.4]
      [Object Copy (ms): Min: 134.4, Avg: 134.5, Max: 134.6, Diff: 0.2, Sum: 268.9]
      [Termination (ms): Min: 0.0, Avg: 0.0, Max: 0.0, Diff: 0.0, Sum: 0.0]
      [GC Worker Other (ms): Min: 0.0, Avg: 0.0, Max: 0.0, Diff: 0.0, Sum: 0.1]
      [GC Worker Total (ms): Min: 166.5, Avg: 166.5, Max: 166.5, Diff: 0.0, Sum: 333.1]
      [GC Worker End (ms): Min: 8535215.5, Avg: 8535215.5, Max: 8535215.5, Diff: 0.0]
   [Code Root Fixup: 0.2 ms]
   [Code Root Migration: 0.1 ms]
   [Clear CT: 0.3 ms]
   [Other: 1.4 ms]
      [Choose CSet: 0.0 ms]
      [Ref Proc: 0.6 ms]
      [Ref Enq: 0.1 ms]
      [Free CSet: 0.5 ms]
   [Eden: 642.0M(642.0M)->0.0B(600.0M) Survivors: 38.0M->48.0M Heap: 2895.6M(5632.0M)->2263.6M(5632.0M)]
 [Times: user=0.33 sys=0.00, real=0.17 secs] 
2014-06-25T02:33:12.768+0000: 8535.218: Total time for which application threads were stopped: 0.1714053 seconds
2014-06-25T02:33:13.981+0000: 8536.430: [GC pause (G1 Evacuation Pause) (young)
Desired survivor size 32505856 bytes, new threshold 4 (max 15)
- age   1:   12189680 bytes,   12189680 total
- age   2:    7448112 bytes,   19637792 total
- age   3:    9441744 bytes,   29079536 total
- age   4:    9493848 bytes,   38573384 total
- age   5:    9528976 bytes,   48102360 total
, 0.1899322 secs]
   [Parallel Time: 188.0 ms, GC Workers: 2]
      [GC Worker Start (ms): Min: 8536429.9, Avg: 8536429.9, Max: 8536430.0, Diff: 0.0]
      [Ext Root Scanning (ms): Min: 1.1, Avg: 1.3, Max: 1.4, Diff: 0.3, Sum: 2.5]
      [Update RS (ms): Min: 15.4, Avg: 15.4, Max: 15.4, Diff: 0.1, Sum: 30.8]
         [Processed Buffers: Min: 9, Avg: 17.0, Max: 25, Diff: 16, Sum: 34]
      [Scan RS (ms): Min: 10.2, Avg: 10.2, Max: 10.3, Diff: 0.1, Sum: 20.5]
      [Code Root Scanning (ms): Min: 0.1, Avg: 0.2, Max: 0.2, Diff: 0.1, Sum: 0.3]
      [Object Copy (ms): Min: 160.8, Avg: 160.9, Max: 160.9, Diff: 0.2, Sum: 321.7]
      [Termination (ms): Min: 0.0, Avg: 0.0, Max: 0.0, Diff: 0.0, Sum: 0.0]
      [GC Worker Other (ms): Min: 0.0, Avg: 0.0, Max: 0.0, Diff: 0.0, Sum: 0.1]
      [GC Worker Total (ms): Min: 187.9, Avg: 187.9, Max: 188.0, Diff: 0.0, Sum: 375.9]
      [GC Worker End (ms): Min: 8536617.9, Avg: 8536617.9, Max: 8536617.9, Diff: 0.0]
   [Code Root Fixup: 0.2 ms]
   [Code Root Migration: 0.0 ms]
   [Clear CT: 0.2 ms]
   [Other: 1.4 ms]
      [Choose CSet: 0.0 ms]
      [Ref Proc: 0.6 ms]
      [Ref Enq: 0.1 ms]
      [Free CSet: 0.5 ms]
   [Eden: 546.0M(444.0M)->0.0B(982.0M) Survivors: 48.0M->38.0M Heap: 2809.6M(5632.0M)->2274.6M(5632.0M)]
 [Times: user=0.38 sys=0.00, real=0.19 secs] 
2014-06-25T02:33:14.171+0000: 8536.620: Total time for which application threads were stopped: 0.1905775 seconds
2014-06-25T02:33:15.779+0000: 8538.228: [GC pause (G1 Evacuation Pause) (young)
Desired survivor size 48234496 bytes, new threshold 15 (max 15)
- age   1:   10115088 bytes,   10115088 total
- age   2:   11275696 bytes,   21390784 total
- age   3:    7448016 bytes,   28838800 total
- age   4:    9440784 bytes,   38279584 total
, 0.1713853 secs]
   [Parallel Time: 169.5 ms, GC Workers: 2]
      [GC Worker Start (ms): Min: 8538228.5, Avg: 8538228.5, Max: 8538228.5, Diff: 0.0]
      [Ext Root Scanning (ms): Min: 1.1, Avg: 1.3, Max: 1.4, Diff: 0.3, Sum: 2.6]
      [Update RS (ms): Min: 17.8, Avg: 17.8, Max: 17.9, Diff: 0.1, Sum: 35.6]
         [Processed Buffers: Min: 16, Avg: 16.5, Max: 17, Diff: 1, Sum: 33]
      [Scan RS (ms): Min: 10.3, Avg: 10.4, Max: 10.4, Diff: 0.1, Sum: 20.7]
      [Code Root Scanning (ms): Min: 0.2, Avg: 0.2, Max: 0.2, Diff: 0.1, Sum: 0.4]
      [Object Copy (ms): Min: 139.6, Avg: 139.7, Max: 139.8, Diff: 0.2, Sum: 279.5]
      [Termination (ms): Min: 0.0, Avg: 0.0, Max: 0.0, Diff: 0.0, Sum: 0.0]
      [GC Worker Other (ms): Min: 0.0, Avg: 0.0, Max: 0.0, Diff: 0.0, Sum: 0.1]
      [GC Worker Total (ms): Min: 169.4, Avg: 169.4, Max: 169.4, Diff: 0.0, Sum: 338.8]
      [GC Worker End (ms): Min: 8538398.0, Avg: 8538398.0, Max: 8538398.0, Diff: 0.0]
   [Code Root Fixup: 0.2 ms]
   [Code Root Migration: 0.1 ms]
   [Clear CT: 0.2 ms]
   [Other: 1.4 ms]
      [Choose CSet: 0.0 ms]
      [Ref Proc: 0.6 ms]
      [Ref Enq: 0.1 ms]
      [Free CSet: 0.6 ms]
   [Eden: 714.0M(692.0M)->0.0B(620.0M) Survivors: 38.0M->50.0M Heap: 2988.6M(5632.0M)->2285.6M(5632.0M)]
 [Times: user=0.34 sys=0.00, real=0.17 secs] 
2014-06-25T02:33:15.951+0000: 8538.400: Total time for which application threads were stopped: 0.1720446 seconds
2014-06-25T02:33:17.300+0000: 8539.749: [GC pause (G1 Evacuation Pause) (young)
Desired survivor size 44040192 bytes, new threshold 5 (max 15)
- age   1:   12737896 bytes,   12737896 total
- age   2:    9394888 bytes,   22132784 total
- age   3:   11275664 bytes,   33408448 total
- age   4:    7447984 bytes,   40856432 total
- age   5:    9440784 bytes,   50297216 total
, 0.2015863 secs]
   [Parallel Time: 199.7 ms, GC Workers: 2]
      [GC Worker Start (ms): Min: 8539748.9, Avg: 8539748.9, Max: 8539748.9, Diff: 0.0]
      [Ext Root Scanning (ms): Min: 1.1, Avg: 1.3, Max: 1.4, Diff: 0.3, Sum: 2.6]
      [Update RS (ms): Min: 20.6, Avg: 20.7, Max: 20.8, Diff: 0.1, Sum: 41.4]
         [Processed Buffers: Min: 8, Avg: 18.0, Max: 28, Diff: 20, Sum: 36]
      [Scan RS (ms): Min: 9.6, Avg: 9.6, Max: 9.7, Diff: 0.1, Sum: 19.2]
      [Code Root Scanning (ms): Min: 0.1, Avg: 0.2, Max: 0.2, Diff: 0.1, Sum: 0.3]
      [Object Copy (ms): Min: 167.8, Avg: 167.8, Max: 167.9, Diff: 0.1, Sum: 335.6]
      [Termination (ms): Min: 0.0, Avg: 0.0, Max: 0.0, Diff: 0.0, Sum: 0.0]
      [GC Worker Other (ms): Min: 0.0, Avg: 0.0, Max: 0.0, Diff: 0.0, Sum: 0.1]
      [GC Worker Total (ms): Min: 199.6, Avg: 199.6, Max: 199.6, Diff: 0.0, Sum: 399.3]
      [GC Worker End (ms): Min: 8539948.6, Avg: 8539948.6, Max: 8539948.6, Diff: 0.0]
   [Code Root Fixup: 0.2 ms]
   [Code Root Migration: 0.1 ms]
   [Clear CT: 0.2 ms]
   [Other: 1.4 ms]
      [Choose CSet: 0.0 ms]
      [Ref Proc: 0.6 ms]
      [Ref Enq: 0.1 ms]
      [Free CSet: 0.5 ms]
   [Eden: 620.0M(620.0M)->0.0B(512.0M) Survivors: 50.0M->50.0M Heap: 2905.6M(5632.0M)->2296.6M(5632.0M)]
 [Times: user=0.40 sys=0.00, real=0.20 secs] 
2014-06-25T02:33:17.501+0000: 8539.951: Total time for which application threads were stopped: 0.2027217 seconds
2014-06-25T02:33:18.651+0000: 8541.100: [GC pause (G1 Evacuation Pause) (young)
Desired survivor size 37748736 bytes, new threshold 4 (max 15)
- age   1:   10984536 bytes,   10984536 total
- age   2:   11798632 bytes,   22783168 total
- age   3:    9394808 bytes,   32177976 total
- age   4:   11274912 bytes,   43452888 total
- age   5:    7447984 bytes,   50900872 total
, 0.1970697 secs]
   [Parallel Time: 195.3 ms, GC Workers: 2]
      [GC Worker Start (ms): Min: 8541100.1, Avg: 8541100.1, Max: 8541100.1, Diff: 0.0]
      [Ext Root Scanning (ms): Min: 1.1, Avg: 1.3, Max: 1.4, Diff: 0.3, Sum: 2.6]
      [Update RS (ms): Min: 15.7, Avg: 15.7, Max: 15.8, Diff: 0.1, Sum: 31.4]
         [Processed Buffers: Min: 5, Avg: 14.5, Max: 24, Diff: 19, Sum: 29]
      [Scan RS (ms): Min: 10.2, Avg: 10.3, Max: 10.4, Diff: 0.1, Sum: 20.6]
      [Code Root Scanning (ms): Min: 0.1, Avg: 0.1, Max: 0.2, Diff: 0.1, Sum: 0.3]
      [Object Copy (ms): Min: 167.7, Avg: 167.8, Max: 167.8, Diff: 0.1, Sum: 335.6]
      [Termination (ms): Min: 0.0, Avg: 0.0, Max: 0.0, Diff: 0.0, Sum: 0.0]
      [GC Worker Other (ms): Min: 0.0, Avg: 0.0, Max: 0.0, Diff: 0.0, Sum: 0.1]
      [GC Worker Total (ms): Min: 195.2, Avg: 195.2, Max: 195.3, Diff: 0.0, Sum: 390.5]
      [GC Worker End (ms): Min: 8541295.3, Avg: 8541295.3, Max: 8541295.3, Diff: 0.0]
   [Code Root Fixup: 0.2 ms]
   [Code Root Migration: 0.0 ms]
   [Clear CT: 0.2 ms]
   [Other: 1.3 ms]
      [Choose CSet: 0.0 ms]
      [Ref Proc: 0.5 ms]
      [Ref Enq: 0.1 ms]
      [Free CSet: 0.4 ms]
   [Eden: 512.0M(512.0M)->0.0B(912.0M) Survivors: 50.0M->40.0M Heap: 2808.6M(5632.0M)->2304.6M(5632.0M)]
 [Times: user=0.38 sys=0.01, real=0.20 secs] 
2014-06-25T02:33:18.848+0000: 8541.297: Total time for which application threads were stopped: 0.1977066 seconds
2014-06-25T02:33:20.355+0000: 8542.804: [GC pause (G1 Evacuation Pause) (young)
Desired survivor size 42991616 bytes, new threshold 15 (max 15)
- age   1:   10337192 bytes,   10337192 total
- age   2:    9527072 bytes,   19864264 total
- age   3:   11798600 bytes,   31662864 total
- age   4:    9394808 bytes,   41057672 total
, 0.1775125 secs]
   [Parallel Time: 175.5 ms, GC Workers: 2]
      [GC Worker Start (ms): Min: 8542804.5, Avg: 8542804.5, Max: 8542804.6, Diff: 0.0]
      [Ext Root Scanning (ms): Min: 1.1, Avg: 1.3, Max: 1.4, Diff: 0.3, Sum: 2.6]
      [Update RS (ms): Min: 20.5, Avg: 20.6, Max: 20.6, Diff: 0.1, Sum: 41.1]
         [Processed Buffers: Min: 15, Avg: 20.0, Max: 25, Diff: 10, Sum: 40]
      [Scan RS (ms): Min: 10.3, Avg: 10.3, Max: 10.3, Diff: 0.1, Sum: 20.6]
      [Code Root Scanning (ms): Min: 0.1, Avg: 0.2, Max: 0.2, Diff: 0.1, Sum: 0.4]
      [Object Copy (ms): Min: 143.0, Avg: 143.1, Max: 143.2, Diff: 0.1, Sum: 286.2]
      [Termination (ms): Min: 0.0, Avg: 0.0, Max: 0.0, Diff: 0.0, Sum: 0.0]
      [GC Worker Other (ms): Min: 0.0, Avg: 0.0, Max: 0.0, Diff: 0.0, Sum: 0.1]
      [GC Worker Total (ms): Min: 175.5, Avg: 175.5, Max: 175.5, Diff: 0.0, Sum: 350.9]
      [GC Worker End (ms): Min: 8542980.0, Avg: 8542980.0, Max: 8542980.0, Diff: 0.0]
   [Code Root Fixup: 0.2 ms]
   [Code Root Migration: 0.1 ms]
   [Clear CT: 0.2 ms]
   [Other: 1.5 ms]
      [Choose CSet: 0.0 ms]
      [Ref Proc: 0.6 ms]
      [Ref Enq: 0.1 ms]
      [Free CSet: 0.5 ms]
   [Eden: 674.0M(606.0M)->0.0B(476.0M) Survivors: 40.0M->50.0M Heap: 2978.6M(5632.0M)->2314.6M(5632.0M)]
 [Times: user=0.35 sys=0.00, real=0.18 secs] 
2014-06-25T02:33:20.533+0000: 8542.982: Total time for which application threads were stopped: 0.1781697 seconds
2014-06-25T02:33:21.572+0000: 8544.021: [GC pause (G1 Evacuation Pause) (young)
Desired survivor size 34603008 bytes, new threshold 4 (max 15)
- age   1:   12235432 bytes,   12235432 total
- age   2:    8619416 bytes,   20854848 total
- age   3:    9527024 bytes,   30381872 total
- age   4:   11798568 bytes,   42180440 total
- age   5:    9393848 bytes,   51574288 total
, 0.2144535 secs]
   [Parallel Time: 211.9 ms, GC Workers: 2]
      [GC Worker Start (ms): Min: 8544020.9, Avg: 8544020.9, Max: 8544020.9, Diff: 0.0]
      [Ext Root Scanning (ms): Min: 1.2, Avg: 1.3, Max: 1.4, Diff: 0.3, Sum: 2.6]
      [Update RS (ms): Min: 18.3, Avg: 18.3, Max: 18.4, Diff: 0.1, Sum: 36.6]
         [Processed Buffers: Min: 6, Avg: 15.5, Max: 25, Diff: 19, Sum: 31]
      [Scan RS (ms): Min: 8.8, Avg: 8.9, Max: 8.9, Diff: 0.1, Sum: 17.8]
      [Code Root Scanning (ms): Min: 0.1, Avg: 0.1, Max: 0.2, Diff: 0.1, Sum: 0.3]
      [Object Copy (ms): Min: 180.5, Avg: 181.1, Max: 181.7, Diff: 1.2, Sum: 362.3]
      [Termination (ms): Min: 0.0, Avg: 0.5, Max: 1.0, Diff: 1.0, Sum: 1.0]
      [GC Worker Other (ms): Min: 0.0, Avg: 0.0, Max: 0.0, Diff: 0.0, Sum: 0.0]
      [GC Worker Total (ms): Min: 210.3, Avg: 210.3, Max: 210.3, Diff: 0.0, Sum: 420.6]
      [GC Worker End (ms): Min: 8544231.2, Avg: 8544231.2, Max: 8544231.2, Diff: 0.0]
   [Code Root Fixup: 0.3 ms]
   [Code Root Migration: 0.1 ms]
   [Clear CT: 0.3 ms]
   [Other: 1.9 ms]
      [Choose CSet: 0.0 ms]
      [Ref Proc: 0.8 ms]
      [Ref Enq: 0.1 ms]
      [Free CSet: 0.5 ms]
   [Eden: 476.0M(476.0M)->0.0B(764.0M) Survivors: 50.0M->38.0M Heap: 2790.6M(5632.0M)->2324.6M(5632.0M)]
 [Times: user=0.38 sys=0.00, real=0.22 secs] 
2014-06-25T02:33:21.786+0000: 8544.236: Total time for which application threads were stopped: 0.2172729 seconds
2014-06-25T02:33:23.365+0000: 8545.814: [GC pause (G1 Evacuation Pause) (young)
Desired survivor size 45088768 bytes, new threshold 15 (max 15)
- age   1:    8778520 bytes,    8778520 total
- age   2:   11235880 bytes,   20014400 total
- age   3:    8619384 bytes,   28633784 total
- age   4:    9527024 bytes,   38160808 total
, 0.1685348 secs]
   [Parallel Time: 166.7 ms, GC Workers: 2]
      [GC Worker Start (ms): Min: 8545814.2, Avg: 8545814.2, Max: 8545814.2, Diff: 0.0]
      [Ext Root Scanning (ms): Min: 1.1, Avg: 1.2, Max: 1.3, Diff: 0.2, Sum: 2.5]
      [Update RS (ms): Min: 18.4, Avg: 18.6, Max: 18.9, Diff: 0.4, Sum: 37.3]
         [Processed Buffers: Min: 6, Avg: 17.0, Max: 28, Diff: 22, Sum: 34]
      [Scan RS (ms): Min: 10.2, Avg: 10.4, Max: 10.5, Diff: 0.3, Sum: 20.8]
      [Code Root Scanning (ms): Min: 0.1, Avg: 0.2, Max: 0.2, Diff: 0.1, Sum: 0.4]
      [Object Copy (ms): Min: 136.0, Avg: 136.1, Max: 136.2, Diff: 0.2, Sum: 272.2]
      [Termination (ms): Min: 0.0, Avg: 0.0, Max: 0.0, Diff: 0.0, Sum: 0.0]
      [GC Worker Other (ms): Min: 0.0, Avg: 0.0, Max: 0.0, Diff: 0.0, Sum: 0.1]
      [GC Worker Total (ms): Min: 166.6, Avg: 166.6, Max: 166.6, Diff: 0.0, Sum: 333.2]
      [GC Worker End (ms): Min: 8545980.8, Avg: 8545980.8, Max: 8545980.8, Diff: 0.0]
   [Code Root Fixup: 0.2 ms]
   [Code Root Migration: 0.1 ms]
   [Clear CT: 0.2 ms]
   [Other: 1.4 ms]
      [Choose CSet: 0.0 ms]
      [Ref Proc: 0.6 ms]
      [Ref Enq: 0.1 ms]
      [Free CSet: 0.5 ms]
   [Eden: 648.0M(640.0M)->0.0B(488.0M) Survivors: 38.0M->48.0M Heap: 2972.6M(5632.0M)->2333.6M(5632.0M)]
 [Times: user=0.33 sys=0.00, real=0.16 secs] 
2014-06-25T02:33:23.534+0000: 8545.983: Total time for which application threads were stopped: 0.1691682 seconds
2014-06-25T02:33:24.600+0000: 8547.049: [GC pause (G1 Evacuation Pause) (young)
Desired survivor size 35651584 bytes, new threshold 4 (max 15)
- age   1:   12187368 bytes,   12187368 total
- age   2:    7201056 bytes,   19388424 total
- age   3:   11235832 bytes,   30624256 total
- age   4:    8619384 bytes,   39243640 total
- age   5:    9526144 bytes,   48769784 total
, 0.1857965 secs]
   [Parallel Time: 184.2 ms, GC Workers: 2]
      [GC Worker Start (ms): Min: 8547048.9, Avg: 8547049.0, Max: 8547049.0, Diff: 0.0]
      [Ext Root Scanning (ms): Min: 1.1, Avg: 1.3, Max: 1.4, Diff: 0.3, Sum: 2.6]
      [Update RS (ms): Min: 16.2, Avg: 16.9, Max: 17.6, Diff: 1.4, Sum: 33.8]
         [Processed Buffers: Min: 6, Avg: 18.0, Max: 30, Diff: 24, Sum: 36]
      [Scan RS (ms): Min: 8.7, Avg: 9.3, Max: 9.9, Diff: 1.2, Sum: 18.6]
      [Code Root Scanning (ms): Min: 0.1, Avg: 0.1, Max: 0.1, Diff: 0.0, Sum: 0.3]
      [Object Copy (ms): Min: 156.3, Avg: 156.4, Max: 156.5, Diff: 0.2, Sum: 312.8]
      [Termination (ms): Min: 0.0, Avg: 0.0, Max: 0.0, Diff: 0.0, Sum: 0.0]
      [GC Worker Other (ms): Min: 0.0, Avg: 0.0, Max: 0.0, Diff: 0.0, Sum: 0.1]
      [GC Worker Total (ms): Min: 184.1, Avg: 184.1, Max: 184.1, Diff: 0.0, Sum: 368.2]
      [GC Worker End (ms): Min: 8547233.1, Avg: 8547233.1, Max: 8547233.1, Diff: 0.0]
   [Code Root Fixup: 0.2 ms]
   [Code Root Migration: 0.0 ms]
   [Clear CT: 0.2 ms]
   [Other: 1.2 ms]
      [Choose CSet: 0.0 ms]
      [Ref Proc: 0.4 ms]
      [Ref Enq: 0.1 ms]
      [Free CSet: 0.4 ms]
   [Eden: 488.0M(488.0M)->0.0B(946.0M) Survivors: 48.0M->38.0M Heap: 2821.6M(5632.0M)->2341.6M(5632.0M)]
 [Times: user=0.37 sys=0.00, real=0.19 secs] 
2014-06-25T02:33:24.786+0000: 8547.235: Total time for which application threads were stopped: 0.1902623 seconds
2014-06-25T02:33:26.561+0000: 8549.010: [GC pause (G1 Evacuation Pause) (young)
Desired survivor size 55574528 bytes, new threshold 15 (max 15)
- age   1:    7907696 bytes,    7907696 total
- age   2:   11577984 bytes,   19485680 total
- age   3:    7201024 bytes,   26686704 total
- age   4:   11234840 bytes,   37921544 total
, 0.1890161 secs]
   [Parallel Time: 186.9 ms, GC Workers: 2]
      [GC Worker Start (ms): Min: 8549010.1, Avg: 8549010.1, Max: 8549010.1, Diff: 0.0]
      [Ext Root Scanning (ms): Min: 1.1, Avg: 1.3, Max: 1.4, Diff: 0.3, Sum: 2.6]
      [Update RS (ms): Min: 25.2, Avg: 25.5, Max: 25.8, Diff: 0.6, Sum: 51.0]
         [Processed Buffers: Min: 11, Avg: 21.5, Max: 32, Diff: 21, Sum: 43]
      [Scan RS (ms): Min: 10.3, Avg: 10.5, Max: 10.8, Diff: 0.4, Sum: 21.1]
      [Code Root Scanning (ms): Min: 0.1, Avg: 0.2, Max: 0.3, Diff: 0.1, Sum: 0.4]
      [Object Copy (ms): Min: 149.1, Avg: 149.2, Max: 149.3, Diff: 0.2, Sum: 298.4]
      [Termination (ms): Min: 0.0, Avg: 0.0, Max: 0.0, Diff: 0.0, Sum: 0.0]
      [GC Worker Other (ms): Min: 0.0, Avg: 0.0, Max: 0.0, Diff: 0.0, Sum: 0.1]
      [GC Worker Total (ms): Min: 186.8, Avg: 186.8, Max: 186.8, Diff: 0.0, Sum: 373.6]
      [GC Worker End (ms): Min: 8549196.9, Avg: 8549196.9, Max: 8549196.9, Diff: 0.0]
   [Code Root Fixup: 0.2 ms]
   [Code Root Migration: 0.1 ms]
   [Clear CT: 0.3 ms]
   [Other: 1.6 ms]
      [Choose CSet: 0.0 ms]
      [Ref Proc: 0.7 ms]
      [Ref Enq: 0.1 ms]
      [Free CSet: 0.6 ms]
   [Eden: 796.0M(796.0M)->0.0B(436.0M) Survivors: 38.0M->54.0M Heap: 3137.6M(5632.0M)->2357.6M(5632.0M)]
 [Times: user=0.38 sys=0.00, real=0.19 secs] 
2014-06-25T02:33:26.750+0000: 8549.199: Total time for which application threads were stopped: 0.1896571 seconds
2014-06-25T02:33:27.710+0000: 8550.159: [GC pause (G1 Evacuation Pause) (young)
Desired survivor size 32505856 bytes, new threshold 3 (max 15)
- age   1:   15989472 bytes,   15989472 total
- age   2:    7135472 bytes,   23124944 total
- age   3:   11577984 bytes,   34702928 total
- age   4:    7201024 bytes,   41903952 total
- age   5:   11234840 bytes,   53138792 total
, 0.1964407 secs]
   [Parallel Time: 194.8 ms, GC Workers: 2]
      [GC Worker Start (ms): Min: 8550158.9, Avg: 8550158.9, Max: 8550158.9, Diff: 0.0]
      [Ext Root Scanning (ms): Min: 1.1, Avg: 1.3, Max: 1.4, Diff: 0.3, Sum: 2.5]
      [Update RS (ms): Min: 18.1, Avg: 18.4, Max: 18.6, Diff: 0.4, Sum: 36.7]
         [Processed Buffers: Min: 6, Avg: 16.5, Max: 27, Diff: 21, Sum: 33]
      [Scan RS (ms): Min: 9.0, Avg: 9.2, Max: 9.5, Diff: 0.5, Sum: 18.5]
      [Code Root Scanning (ms): Min: 0.1, Avg: 0.1, Max: 0.1, Diff: 0.0, Sum: 0.3]
      [Object Copy (ms): Min: 165.6, Avg: 165.7, Max: 165.8, Diff: 0.2, Sum: 331.4]
      [Termination (ms): Min: 0.0, Avg: 0.0, Max: 0.0, Diff: 0.0, Sum: 0.0]
      [GC Worker Other (ms): Min: 0.0, Avg: 0.0, Max: 0.0, Diff: 0.0, Sum: 0.1]
      [GC Worker Total (ms): Min: 194.7, Avg: 194.7, Max: 194.7, Diff: 0.0, Sum: 389.4]
      [GC Worker End (ms): Min: 8550353.6, Avg: 8550353.6, Max: 8550353.6, Diff: 0.0]
   [Code Root Fixup: 0.2 ms]
   [Code Root Migration: 0.0 ms]
   [Clear CT: 0.2 ms]
   [Other: 1.3 ms]
      [Choose CSet: 0.0 ms]
      [Ref Proc: 0.4 ms]
      [Ref Enq: 0.1 ms]
      [Free CSet: 0.4 ms]
   [Eden: 436.0M(436.0M)->0.0B(1734.0M) Survivors: 54.0M->28.0M Heap: 2793.6M(5632.0M)->2361.6M(5632.0M)]
 [Times: user=0.39 sys=0.00, real=0.20 secs] 
2014-06-25T02:33:27.911+0000: 8550.360: Total time for which application threads were stopped: 0.2019592 seconds
2014-06-25T02:33:30.760+0000: 8553.209: [GC pause (G1 Evacuation Pause) (young)
Desired survivor size 87031808 bytes, new threshold 15 (max 15)
- age   1:    7589592 bytes,    7589592 total
- age   2:   14004352 bytes,   21593944 total
- age   3:    7135392 bytes,   28729336 total
, 0.1865602 secs]
   [Parallel Time: 183.5 ms, GC Workers: 2]
      [GC Worker Start (ms): Min: 8553209.0, Avg: 8553209.0, Max: 8553209.0, Diff: 0.0]
      [Ext Root Scanning (ms): Min: 1.1, Avg: 1.3, Max: 1.4, Diff: 0.3, Sum: 2.6]
      [Update RS (ms): Min: 24.5, Avg: 24.5, Max: 24.5, Diff: 0.0, Sum: 49.0]
         [Processed Buffers: Min: 8, Avg: 21.0, Max: 34, Diff: 26, Sum: 42]
      [Scan RS (ms): Min: 11.6, Avg: 11.7, Max: 11.7, Diff: 0.1, Sum: 23.4]
      [Code Root Scanning (ms): Min: 0.2, Avg: 0.3, Max: 0.5, Diff: 0.3, Sum: 0.7]
      [Object Copy (ms): Min: 145.5, Avg: 145.6, Max: 145.7, Diff: 0.2, Sum: 291.2]
      [Termination (ms): Min: 0.0, Avg: 0.0, Max: 0.0, Diff: 0.0, Sum: 0.0]
      [GC Worker Other (ms): Min: 0.0, Avg: 0.0, Max: 0.0, Diff: 0.0, Sum: 0.1]
      [GC Worker Total (ms): Min: 183.4, Avg: 183.5, Max: 183.5, Diff: 0.0, Sum: 366.9]
      [GC Worker End (ms): Min: 8553392.5, Avg: 8553392.5, Max: 8553392.5, Diff: 0.0]
   [Code Root Fixup: 0.2 ms]
   [Code Root Migration: 0.1 ms]
   [Clear CT: 0.4 ms]
   [Other: 2.3 ms]
      [Choose CSet: 0.0 ms]
      [Ref Proc: 1.1 ms]
      [Ref Enq: 0.1 ms]
      [Free CSet: 0.9 ms]
   [Eden: 1292.0M(1292.0M)->0.0B(340.0M) Survivors: 28.0M->52.0M Heap: 3653.6M(5632.0M)->2384.6M(5632.0M)]
 [Times: user=0.37 sys=0.00, real=0.19 secs] 
2014-06-25T02:33:30.947+0000: 8553.396: Total time for which application threads were stopped: 0.1903305 seconds
2014-06-25T02:33:31.701+0000: 8554.150: [GC pause (G1 Evacuation Pause) (young)
Desired survivor size 26214400 bytes, new threshold 2 (max 15)
- age   1:   22938864 bytes,   22938864 total
- age   2:    7105480 bytes,   30044344 total
- age   3:   14004256 bytes,   44048600 total
- age   4:    7134432 bytes,   51183032 total
, 0.1811171 secs]
   [Parallel Time: 179.6 ms, GC Workers: 2]
      [GC Worker Start (ms): Min: 8554150.3, Avg: 8554150.3, Max: 8554150.3, Diff: 0.0]
      [Ext Root Scanning (ms): Min: 1.1, Avg: 1.3, Max: 1.4, Diff: 0.3, Sum: 2.6]
      [Update RS (ms): Min: 15.8, Avg: 15.9, Max: 15.9, Diff: 0.1, Sum: 31.7]
         [Processed Buffers: Min: 5, Avg: 14.0, Max: 23, Diff: 18, Sum: 28]
      [Scan RS (ms): Min: 9.0, Avg: 9.0, Max: 9.0, Diff: 0.0, Sum: 18.0]
      [Code Root Scanning (ms): Min: 0.1, Avg: 0.1, Max: 0.1, Diff: 0.1, Sum: 0.2]
      [Object Copy (ms): Min: 153.2, Avg: 153.3, Max: 153.4, Diff: 0.1, Sum: 306.6]
      [Termination (ms): Min: 0.0, Avg: 0.0, Max: 0.0, Diff: 0.0, Sum: 0.0]
      [GC Worker Other (ms): Min: 0.0, Avg: 0.0, Max: 0.0, Diff: 0.0, Sum: 0.1]
      [GC Worker Total (ms): Min: 179.5, Avg: 179.6, Max: 179.6, Diff: 0.0, Sum: 359.1]
      [GC Worker End (ms): Min: 8554329.8, Avg: 8554329.8, Max: 8554329.8, Diff: 0.0]
   [Code Root Fixup: 0.2 ms]
   [Code Root Migration: 0.0 ms]
   [Clear CT: 0.2 ms]
   [Other: 1.1 ms]
      [Choose CSet: 0.0 ms]
      [Ref Proc: 0.3 ms]
      [Ref Enq: 0.0 ms]
      [Free CSet: 0.3 ms]
   [Eden: 340.0M(340.0M)->0.0B(1028.0M) Survivors: 52.0M->26.0M Heap: 2724.6M(5632.0M)->2387.6M(5632.0M)]
 [Times: user=0.36 sys=0.00, real=0.18 secs] 
2014-06-25T02:33:31.882+0000: 8554.331: Total time for which application threads were stopped: 0.1817245 seconds
2014-06-25T02:33:33.895+0000: 8556.345: [GC pause (G1 Evacuation Pause) (young)
Desired survivor size 60817408 bytes, new threshold 15 (max 15)
- age   1:    5932936 bytes,    5932936 total
- age   2:   20653120 bytes,   26586056 total
, 0.1511163 secs]
   [Parallel Time: 149.0 ms, GC Workers: 2]
      [GC Worker Start (ms): Min: 8556344.8, Avg: 8556344.8, Max: 8556344.8, Diff: 0.0]
      [Ext Root Scanning (ms): Min: 1.1, Avg: 1.3, Max: 1.4, Diff: 0.3, Sum: 2.6]
      [Update RS (ms): Min: 18.8, Avg: 18.9, Max: 18.9, Diff: 0.0, Sum: 37.7]
         [Processed Buffers: Min: 6, Avg: 17.5, Max: 29, Diff: 23, Sum: 35]
      [Scan RS (ms): Min: 10.7, Avg: 10.7, Max: 10.8, Diff: 0.1, Sum: 21.4]
      [Code Root Scanning (ms): Min: 0.2, Avg: 0.2, Max: 0.3, Diff: 0.1, Sum: 0.5]
      [Object Copy (ms): Min: 117.7, Avg: 117.8, Max: 117.9, Diff: 0.2, Sum: 235.6]
      [Termination (ms): Min: 0.0, Avg: 0.0, Max: 0.0, Diff: 0.0, Sum: 0.0]
      [GC Worker Other (ms): Min: 0.0, Avg: 0.0, Max: 0.0, Diff: 0.0, Sum: 0.1]
      [GC Worker Total (ms): Min: 148.9, Avg: 148.9, Max: 148.9, Diff: 0.0, Sum: 297.8]
      [GC Worker End (ms): Min: 8556493.7, Avg: 8556493.7, Max: 8556493.7, Diff: 0.0]
   [Code Root Fixup: 0.2 ms]
   [Code Root Migration: 0.1 ms]
   [Clear CT: 0.3 ms]
   [Other: 1.6 ms]
      [Choose CSet: 0.0 ms]
      [Ref Proc: 0.6 ms]
      [Ref Enq: 0.1 ms]
      [Free CSet: 0.7 ms]
   [Eden: 902.0M(902.0M)->0.0B(634.0M) Survivors: 26.0M->40.0M Heap: 3289.6M(5632.0M)->2401.6M(5632.0M)]
 [Times: user=0.30 sys=0.00, real=0.15 secs] 
2014-06-25T02:33:34.047+0000: 8556.496: Total time for which application threads were stopped: 0.1517469 seconds
2014-06-25T02:33:35.444+0000: 8557.893: [GC pause (G1 Evacuation Pause) (young)
Desired survivor size 45088768 bytes, new threshold 15 (max 15)
- age   1:   15892072 bytes,   15892072 total
- age   2:    5246600 bytes,   21138672 total
- age   3:   20652048 bytes,   41790720 total
, 0.1825732 secs]
   [Parallel Time: 180.9 ms, GC Workers: 2]
      [GC Worker Start (ms): Min: 8557892.9, Avg: 8557892.9, Max: 8557892.9, Diff: 0.0]
      [Ext Root Scanning (ms): Min: 1.1, Avg: 1.3, Max: 1.4, Diff: 0.3, Sum: 2.5]
      [Update RS (ms): Min: 22.4, Avg: 22.5, Max: 22.5, Diff: 0.1, Sum: 45.0]
         [Processed Buffers: Min: 9, Avg: 17.5, Max: 26, Diff: 17, Sum: 35]
      [Scan RS (ms): Min: 10.8, Avg: 10.8, Max: 10.8, Diff: 0.0, Sum: 21.5]
      [Code Root Scanning (ms): Min: 0.2, Avg: 0.2, Max: 0.2, Diff: 0.0, Sum: 0.4]
      [Object Copy (ms): Min: 146.0, Avg: 146.1, Max: 146.2, Diff: 0.2, Sum: 292.2]
      [Termination (ms): Min: 0.0, Avg: 0.0, Max: 0.0, Diff: 0.0, Sum: 0.0]
      [GC Worker Other (ms): Min: 0.0, Avg: 0.0, Max: 0.0, Diff: 0.0, Sum: 0.1]
      [GC Worker Total (ms): Min: 180.8, Avg: 180.8, Max: 180.8, Diff: 0.0, Sum: 361.6]
      [GC Worker End (ms): Min: 8558073.7, Avg: 8558073.7, Max: 8558073.7, Diff: 0.0]
   [Code Root Fixup: 0.2 ms]
   [Code Root Migration: 0.0 ms]
   [Clear CT: 0.2 ms]
   [Other: 1.2 ms]
      [Choose CSet: 0.0 ms]
      [Ref Proc: 0.4 ms]
      [Ref Enq: 0.1 ms]
      [Free CSet: 0.5 ms]
   [Eden: 634.0M(634.0M)->0.0B(360.0M) Survivors: 40.0M->52.0M Heap: 3035.6M(5632.0M)->2412.6M(5632.0M)]
 [Times: user=0.36 sys=0.00, real=0.18 secs] 
2014-06-25T02:33:35.626+0000: 8558.076: Total time for which application threads were stopped: 0.1832772 seconds
2014-06-25T02:33:36.272+0000: 8558.721: Total time for which application threads were stopped: 0.0030156 seconds
2014-06-25T02:33:36.272+0000: 8558.721: Total time for which application threads were stopped: 0.0002583 seconds
2014-06-25T02:33:36.430+0000: 8558.879: [GC pause (G1 Evacuation Pause) (young)
Desired survivor size 27262976 bytes, new threshold 3 (max 15)
- age   1:   12433856 bytes,   12433856 total
- age   2:   14182968 bytes,   26616824 total
- age   3:    5246600 bytes,   31863424 total
- age   4:   20652016 bytes,   52515440 total
, 0.1893190 secs]
   [Parallel Time: 187.8 ms, GC Workers: 2]
      [GC Worker Start (ms): Min: 8558879.2, Avg: 8558879.3, Max: 8558879.3, Diff: 0.0]
      [Ext Root Scanning (ms): Min: 1.1, Avg: 1.3, Max: 1.4, Diff: 0.3, Sum: 2.5]
      [Update RS (ms): Min: 14.6, Avg: 15.4, Max: 16.1, Diff: 1.5, Sum: 30.8]
         [Processed Buffers: Min: 7, Avg: 17.5, Max: 28, Diff: 21, Sum: 35]
      [Scan RS (ms): Min: 8.4, Avg: 9.2, Max: 10.1, Diff: 1.6, Sum: 18.5]
      [Code Root Scanning (ms): Min: 0.1, Avg: 0.1, Max: 0.1, Diff: 0.0, Sum: 0.2]
      [Object Copy (ms): Min: 161.7, Avg: 161.8, Max: 161.8, Diff: 0.1, Sum: 323.5]
      [Termination (ms): Min: 0.0, Avg: 0.0, Max: 0.0, Diff: 0.0, Sum: 0.0]
      [GC Worker Other (ms): Min: 0.0, Avg: 0.0, Max: 0.0, Diff: 0.0, Sum: 0.1]
      [GC Worker Total (ms): Min: 187.8, Avg: 187.8, Max: 187.8, Diff: 0.0, Sum: 375.6]
      [GC Worker End (ms): Min: 8559067.0, Avg: 8559067.0, Max: 8559067.0, Diff: 0.0]
   [Code Root Fixup: 0.2 ms]
   [Code Root Migration: 0.0 ms]
   [Clear CT: 0.2 ms]
   [Other: 1.1 ms]
      [Choose CSet: 0.0 ms]
      [Ref Proc: 0.3 ms]
      [Ref Enq: 0.0 ms]
      [Free CSet: 0.3 ms]
   [Eden: 360.0M(360.0M)->0.0B(1202.0M) Survivors: 52.0M->32.0M Heap: 2772.6M(5632.0M)->2430.3M(5632.0M)]
 [Times: user=0.38 sys=0.00, real=0.19 secs] 
2014-06-25T02:33:36.620+0000: 8559.069: Total time for which application threads were stopped: 0.1899517 seconds
2014-06-25T02:33:38.727+0000: 8561.176: [GC pause (G1 Evacuation Pause) (young)
Desired survivor size 60817408 bytes, new threshold 15 (max 15)
- age   1:    6384600 bytes,    6384600 total
- age   2:   11586912 bytes,   17971512 total
- age   3:   14182840 bytes,   32154352 total
, 0.1722136 secs]
   [Parallel Time: 169.8 ms, GC Workers: 2]
      [GC Worker Start (ms): Min: 8561176.6, Avg: 8561176.6, Max: 8561176.6, Diff: 0.0]
      [Ext Root Scanning (ms): Min: 1.1, Avg: 1.3, Max: 1.4, Diff: 0.2, Sum: 2.5]
      [Update RS (ms): Min: 21.9, Avg: 22.0, Max: 22.0, Diff: 0.0, Sum: 43.9]
         [Processed Buffers: Min: 11, Avg: 17.5, Max: 24, Diff: 13, Sum: 35]
      [Scan RS (ms): Min: 11.3, Avg: 11.4, Max: 11.5, Diff: 0.2, Sum: 22.7]
      [Code Root Scanning (ms): Min: 0.2, Avg: 0.3, Max: 0.3, Diff: 0.2, Sum: 0.5]
      [Object Copy (ms): Min: 134.8, Avg: 134.9, Max: 135.0, Diff: 0.1, Sum: 269.8]
      [Termination (ms): Min: 0.0, Avg: 0.0, Max: 0.0, Diff: 0.0, Sum: 0.0]
      [GC Worker Other (ms): Min: 0.0, Avg: 0.0, Max: 0.1, Diff: 0.0, Sum: 0.1]
      [GC Worker Total (ms): Min: 169.8, Avg: 169.8, Max: 169.8, Diff: 0.0, Sum: 339.6]
      [GC Worker End (ms): Min: 8561346.4, Avg: 8561346.4, Max: 8561346.4, Diff: 0.0]
   [Code Root Fixup: 0.2 ms]
   [Code Root Migration: 0.1 ms]
   [Clear CT: 0.3 ms]
   [Other: 1.8 ms]
      [Choose CSet: 0.0 ms]
      [Ref Proc: 0.7 ms]
      [Ref Enq: 0.1 ms]
      [Free CSet: 0.7 ms]
   [Eden: 938.0M(884.0M)->0.0B(490.0M) Survivors: 32.0M->48.0M Heap: 3368.3M(5632.0M)->2446.3M(5632.0M)]
 [Times: user=0.34 sys=0.01, real=0.17 secs] 
2014-06-25T02:33:38.902+0000: 8561.351: Total time for which application threads were stopped: 0.1751376 seconds
2014-06-25T02:33:39.981+0000: 8562.430: [GC pause (G1 Evacuation Pause) (young)
Desired survivor size 35651584 bytes, new threshold 4 (max 15)
- age   1:   17239928 bytes,   17239928 total
- age   2:    4885232 bytes,   22125160 total
- age   3:   11586880 bytes,   33712040 total
- age   4:   14182008 bytes,   47894048 total
, 0.1898275 secs]
   [Parallel Time: 188.3 ms, GC Workers: 2]
      [GC Worker Start (ms): Min: 8562429.8, Avg: 8562429.8, Max: 8562429.8, Diff: 0.0]
      [Ext Root Scanning (ms): Min: 1.2, Avg: 1.3, Max: 1.4, Diff: 0.3, Sum: 2.6]
      [Update RS (ms): Min: 20.6, Avg: 20.8, Max: 21.1, Diff: 0.4, Sum: 41.7]
         [Processed Buffers: Min: 7, Avg: 19.0, Max: 31, Diff: 24, Sum: 38]
      [Scan RS (ms): Min: 10.0, Avg: 10.2, Max: 10.4, Diff: 0.5, Sum: 20.4]
      [Code Root Scanning (ms): Min: 0.1, Avg: 0.1, Max: 0.2, Diff: 0.1, Sum: 0.3]
      [Object Copy (ms): Min: 155.6, Avg: 155.7, Max: 155.8, Diff: 0.2, Sum: 311.4]
      [Termination (ms): Min: 0.0, Avg: 0.0, Max: 0.0, Diff: 0.0, Sum: 0.0]
      [GC Worker Other (ms): Min: 0.0, Avg: 0.0, Max: 0.0, Diff: 0.0, Sum: 0.1]
      [GC Worker Total (ms): Min: 188.2, Avg: 188.2, Max: 188.2, Diff: 0.0, Sum: 376.4]
      [GC Worker End (ms): Min: 8562618.0, Avg: 8562618.0, Max: 8562618.0, Diff: 0.0]
   [Code Root Fixup: 0.2 ms]
   [Code Root Migration: 0.0 ms]
   [Clear CT: 0.2 ms]
   [Other: 1.1 ms]
      [Choose CSet: 0.0 ms]
      [Ref Proc: 0.3 ms]
      [Ref Enq: 0.1 ms]
      [Free CSet: 0.4 ms]
   [Eden: 490.0M(490.0M)->0.0B(764.0M) Survivors: 48.0M->40.0M Heap: 2936.3M(5632.0M)->2453.6M(5632.0M)]
 [Times: user=0.38 sys=0.00, real=0.19 secs] 
2014-06-25T02:33:40.171+0000: 8562.620: Total time for which application threads were stopped: 0.1904784 seconds
2014-06-25T02:33:41.924+0000: 8564.373: [GC pause (G1 Evacuation Pause) (young)
Desired survivor size 53477376 bytes, new threshold 15 (max 15)
- age   1:    8805064 bytes,    8805064 total
- age   2:   16193432 bytes,   24998496 total
- age   3:    4885232 bytes,   29883728 total
- age   4:   11586880 bytes,   41470608 total
, 0.1858103 secs]
   [Parallel Time: 183.8 ms, GC Workers: 2]
      [GC Worker Start (ms): Min: 8564373.0, Avg: 8564373.0, Max: 8564373.0, Diff: 0.0]
      [Ext Root Scanning (ms): Min: 1.1, Avg: 1.3, Max: 1.4, Diff: 0.3, Sum: 2.5]
      [Update RS (ms): Min: 20.7, Avg: 20.8, Max: 20.8, Diff: 0.1, Sum: 41.6]
         [Processed Buffers: Min: 10, Avg: 18.5, Max: 27, Diff: 17, Sum: 37]
      [Scan RS (ms): Min: 11.0, Avg: 11.1, Max: 11.2, Diff: 0.1, Sum: 22.2]
      [Code Root Scanning (ms): Min: 0.1, Avg: 0.2, Max: 0.3, Diff: 0.1, Sum: 0.4]
      [Object Copy (ms): Min: 150.3, Avg: 150.4, Max: 150.5, Diff: 0.2, Sum: 300.7]
      [Termination (ms): Min: 0.0, Avg: 0.0, Max: 0.0, Diff: 0.0, Sum: 0.0]
      [GC Worker Other (ms): Min: 0.0, Avg: 0.0, Max: 0.0, Diff: 0.0, Sum: 0.1]
      [GC Worker Total (ms): Min: 183.8, Avg: 183.8, Max: 183.8, Diff: 0.0, Sum: 367.5]
      [GC Worker End (ms): Min: 8564556.7, Avg: 8564556.7, Max: 8564556.7, Diff: 0.0]
   [Code Root Fixup: 0.2 ms]
   [Code Root Migration: 0.1 ms]
   [Clear CT: 0.3 ms]
   [Other: 1.4 ms]
      [Choose CSet: 0.0 ms]
      [Ref Proc: 0.6 ms]
      [Ref Enq: 0.1 ms]
      [Free CSet: 0.6 ms]
   [Eden: 764.0M(764.0M)->0.0B(342.0M) Survivors: 40.0M->54.0M Heap: 3217.6M(5632.0M)->2466.6M(5632.0M)]
 [Times: user=0.36 sys=0.00, real=0.18 secs] 
2014-06-25T02:33:42.110+0000: 8564.559: Total time for which application threads were stopped: 0.1895027 seconds
2014-06-25T02:33:42.873+0000: 8565.322: [GC pause (G1 Evacuation Pause) (young)
Desired survivor size 26214400 bytes, new threshold 3 (max 15)
- age   1:   13332320 bytes,   13332320 total
- age   2:    8159632 bytes,   21491952 total
- age   3:   16192520 bytes,   37684472 total
- age   4:    4885232 bytes,   42569704 total
- age   5:   11586848 bytes,   54156552 total
, 0.1939982 secs]
   [Parallel Time: 192.5 ms, GC Workers: 2]
      [GC Worker Start (ms): Min: 8565322.4, Avg: 8565322.5, Max: 8565322.5, Diff: 0.0]
      [Ext Root Scanning (ms): Min: 1.1, Avg: 1.3, Max: 1.4, Diff: 0.3, Sum: 2.5]
      [Update RS (ms): Min: 14.8, Avg: 15.0, Max: 15.2, Diff: 0.4, Sum: 30.0]
         [Processed Buffers: Min: 5, Avg: 15.5, Max: 26, Diff: 21, Sum: 31]
      [Scan RS (ms): Min: 9.7, Avg: 10.0, Max: 10.2, Diff: 0.5, Sum: 19.9]
      [Code Root Scanning (ms): Min: 0.1, Avg: 0.1, Max: 0.1, Diff: 0.1, Sum: 0.2]
      [Object Copy (ms): Min: 166.0, Avg: 166.0, Max: 166.1, Diff: 0.2, Sum: 332.1]
      [Termination (ms): Min: 0.0, Avg: 0.0, Max: 0.0, Diff: 0.0, Sum: 0.0]
      [GC Worker Other (ms): Min: 0.0, Avg: 0.0, Max: 0.0, Diff: 0.0, Sum: 0.1]
      [GC Worker Total (ms): Min: 192.4, Avg: 192.4, Max: 192.4, Diff: 0.0, Sum: 384.8]
      [GC Worker End (ms): Min: 8565514.8, Avg: 8565514.8, Max: 8565514.8, Diff: 0.0]
   [Code Root Fixup: 0.2 ms]
   [Code Root Migration: 0.0 ms]
   [Clear CT: 0.2 ms]
   [Other: 1.1 ms]
      [Choose CSet: 0.0 ms]
      [Ref Proc: 0.3 ms]
      [Ref Enq: 0.0 ms]
      [Free CSet: 0.3 ms]
   [Eden: 342.0M(342.0M)->0.0B(2550.0M) Survivors: 54.0M->26.0M Heap: 2808.6M(5632.0M)->2471.6M(5632.0M)]
 [Times: user=0.39 sys=0.00, real=0.19 secs] 
2014-06-25T02:33:43.067+0000: 8565.517: Total time for which application threads were stopped: 0.1946565 seconds
2014-06-25T02:33:46.076+0000: 8568.525: [GC pause (G1 Evacuation Pause) (young)
Desired survivor size 99614720 bytes, new threshold 15 (max 15)
- age   1:    6263288 bytes,    6263288 total
- age   2:   12334416 bytes,   18597704 total
- age   3:    8159632 bytes,   26757336 total
, 0.4907648 secs]
   [Parallel Time: 487.1 ms, GC Workers: 2]
      [GC Worker Start (ms): Min: 8568525.0, Avg: 8568525.0, Max: 8568525.0, Diff: 0.0]
      [Ext Root Scanning (ms): Min: 1.1, Avg: 1.3, Max: 1.4, Diff: 0.3, Sum: 2.5]
      [Update RS (ms): Min: 20.8, Avg: 22.6, Max: 24.4, Diff: 3.6, Sum: 45.2]
         [Processed Buffers: Min: 4, Avg: 18.5, Max: 33, Diff: 29, Sum: 37]
      [Scan RS (ms): Min: 11.9, Avg: 13.4, Max: 15.0, Diff: 3.1, Sum: 26.9]
      [Code Root Scanning (ms): Min: 0.3, Avg: 0.5, Max: 0.6, Diff: 0.4, Sum: 0.9]
      [Object Copy (ms): Min: 449.1, Avg: 449.2, Max: 449.3, Diff: 0.2, Sum: 898.5]
      [Termination (ms): Min: 0.0, Avg: 0.0, Max: 0.0, Diff: 0.0, Sum: 0.0]
      [GC Worker Other (ms): Min: 0.0, Avg: 0.0, Max: 0.0, Diff: 0.0, Sum: 0.1]
      [GC Worker Total (ms): Min: 487.0, Avg: 487.0, Max: 487.0, Diff: 0.0, Sum: 974.1]
      [GC Worker End (ms): Min: 8569012.0, Avg: 8569012.0, Max: 8569012.0, Diff: 0.0]
   [Code Root Fixup: 0.2 ms]
   [Code Root Migration: 0.1 ms]
   [Clear CT: 0.5 ms]
   [Other: 2.9 ms]
      [Choose CSet: 0.0 ms]
      [Ref Proc: 1.4 ms]
      [Ref Enq: 0.1 ms]
      [Free CSet: 1.1 ms]
   [Eden: 1666.0M(1480.0M)->0.0B(108.0M) Survivors: 26.0M->172.0M Heap: 4138.6M(5632.0M)->2617.6M(5632.0M)]
 [Times: user=0.97 sys=0.00, real=0.49 secs] 
2014-06-25T02:33:46.567+0000: 8569.016: Total time for which application threads were stopped: 0.4945428 seconds
2014-06-25T02:33:46.703+0000: 8569.152: [GC pause (G1 Evacuation Pause) (young)
Desired survivor size 18874368 bytes, new threshold 1 (max 15)
- age   1:  152447632 bytes,  152447632 total
- age   2:    4813160 bytes,  157260792 total
- age   3:   12334272 bytes,  169595064 total
- age   4:    8158672 bytes,  177753736 total
, 0.5514731 secs]
   [Parallel Time: 549.4 ms, GC Workers: 2]
      [GC Worker Start (ms): Min: 8569152.2, Avg: 8569152.2, Max: 8569152.2, Diff: 0.0]
      [Ext Root Scanning (ms): Min: 1.1, Avg: 1.3, Max: 1.4, Diff: 0.3, Sum: 2.5]
      [Update RS (ms): Min: 23.1, Avg: 24.6, Max: 26.1, Diff: 3.0, Sum: 49.2]
         [Processed Buffers: Min: 6, Avg: 18.0, Max: 30, Diff: 24, Sum: 36]
      [Scan RS (ms): Min: 15.3, Avg: 16.7, Max: 18.1, Diff: 2.8, Sum: 33.4]
      [Code Root Scanning (ms): Min: 0.0, Avg: 0.1, Max: 0.1, Diff: 0.1, Sum: 0.2]
      [Object Copy (ms): Min: 506.5, Avg: 506.6, Max: 506.7, Diff: 0.2, Sum: 1013.2]
      [Termination (ms): Min: 0.0, Avg: 0.0, Max: 0.0, Diff: 0.0, Sum: 0.0]
      [GC Worker Other (ms): Min: 0.0, Avg: 0.0, Max: 0.0, Diff: 0.0, Sum: 0.1]
      [GC Worker Total (ms): Min: 549.3, Avg: 549.3, Max: 549.3, Diff: 0.0, Sum: 1098.6]
      [GC Worker End (ms): Min: 8569701.5, Avg: 8569701.5, Max: 8569701.5, Diff: 0.0]
   [Code Root Fixup: 0.2 ms]
   [Code Root Migration: 0.0 ms]
   [Clear CT: 0.1 ms]
   [Other: 1.8 ms]
      [Choose CSet: 0.0 ms]
      [Ref Proc: 0.1 ms]
      [Ref Enq: 0.0 ms]
      [Free CSet: 0.3 ms]
   [Eden: 108.0M(108.0M)->0.0B(254.0M) Survivors: 172.0M->26.0M Heap: 2727.6M(5632.0M)->2644.6M(5632.0M)]
 [Times: user=1.09 sys=0.01, real=0.56 secs] 
2014-06-25T02:33:47.255+0000: 8569.704: Total time for which application threads were stopped: 0.5521190 seconds
2014-06-25T02:33:47.702+0000: 8570.152: [GC pause (G1 Evacuation Pause) (young) (initial-mark)
Desired survivor size 18874368 bytes, new threshold 1 (max 15)
- age   1:   25146328 bytes,   25146328 total
, 0.4719588 secs]
   [Parallel Time: 470.2 ms, GC Workers: 2]
      [GC Worker Start (ms): Min: 8570152.1, Avg: 8570152.1, Max: 8570152.1, Diff: 0.0]
      [Ext Root Scanning (ms): Min: 1.2, Avg: 2.1, Max: 2.9, Diff: 1.8, Sum: 4.1]
      [Code Root Marking (ms): Min: 8.4, Avg: 8.4, Max: 8.4, Diff: 0.0, Sum: 16.9]
      [Update RS (ms): Min: 237.4, Avg: 238.6, Max: 239.8, Diff: 2.3, Sum: 477.2]
         [Processed Buffers: Min: 348, Avg: 361.0, Max: 374, Diff: 26, Sum: 722]
      [Scan RS (ms): Min: 0.0, Avg: 0.2, Max: 0.4, Diff: 0.4, Sum: 0.4]
      [Code Root Scanning (ms): Min: 0.0, Avg: 0.1, Max: 0.1, Diff: 0.1, Sum: 0.1]
      [Object Copy (ms): Min: 219.0, Avg: 220.7, Max: 222.5, Diff: 3.5, Sum: 441.5]
      [Termination (ms): Min: 0.0, Avg: 0.0, Max: 0.0, Diff: 0.0, Sum: 0.0]
      [GC Worker Other (ms): Min: 0.0, Avg: 0.0, Max: 0.0, Diff: 0.0, Sum: 0.1]
      [GC Worker Total (ms): Min: 470.1, Avg: 470.1, Max: 470.1, Diff: 0.0, Sum: 940.3]
      [GC Worker End (ms): Min: 8570622.3, Avg: 8570622.3, Max: 8570622.3, Diff: 0.0]
   [Code Root Fixup: 0.2 ms]
   [Code Root Migration: 0.0 ms]
   [Clear CT: 0.1 ms]
   [Other: 1.4 ms]
      [Choose CSet: 0.0 ms]
      [Ref Proc: 0.1 ms]
      [Ref Enq: 0.0 ms]
      [Free CSet: 0.2 ms]
   [Eden: 254.0M(254.0M)->0.0B(244.0M) Survivors: 26.0M->36.0M Heap: 2898.6M(5632.0M)->2704.6M(5632.0M)]
 [Times: user=0.93 sys=0.02, real=0.48 secs] 
2014-06-25T02:33:48.175+0000: 8570.624: [GC concurrent-root-region-scan-start]
2014-06-25T02:33:48.175+0000: 8570.624: Total time for which application threads were stopped: 0.4725755 seconds
2014-06-25T02:33:48.373+0000: 8570.822: [GC concurrent-root-region-scan-end, 0.1982825 secs]
2014-06-25T02:33:48.373+0000: 8570.822: [GC concurrent-mark-start]
2014-06-25T02:33:48.713+0000: 8571.162: [GC pause (G1 Evacuation Pause) (young)
Desired survivor size 18874368 bytes, new threshold 1 (max 15)
- age   1:   61142536 bytes,   61142536 total
, 0.2552568 secs]
   [Parallel Time: 253.9 ms, GC Workers: 2]
      [GC Worker Start (ms): Min: 8571162.0, Avg: 8571162.0, Max: 8571162.0, Diff: 0.0]
      [Ext Root Scanning (ms): Min: 1.1, Avg: 1.2, Max: 1.3, Diff: 0.2, Sum: 2.4]
      [SATB Filtering (ms): Min: 0.0, Avg: 0.0, Max: 0.0, Diff: 0.0, Sum: 0.0]
      [Update RS (ms): Min: 6.5, Avg: 8.2, Max: 10.0, Diff: 3.4, Sum: 16.5]
         [Processed Buffers: Min: 4, Avg: 11.5, Max: 19, Diff: 15, Sum: 23]
      [Scan RS (ms): Min: 0.0, Avg: 1.3, Max: 2.5, Diff: 2.5, Sum: 2.5]
      [Code Root Scanning (ms): Min: 0.0, Avg: 0.1, Max: 0.1, Diff: 0.1, Sum: 0.1]
      [Object Copy (ms): Min: 242.5, Avg: 243.0, Max: 243.5, Diff: 1.0, Sum: 486.0]
      [Termination (ms): Min: 0.0, Avg: 0.0, Max: 0.0, Diff: 0.0, Sum: 0.0]
      [GC Worker Other (ms): Min: 0.0, Avg: 0.0, Max: 0.0, Diff: 0.0, Sum: 0.1]
      [GC Worker Total (ms): Min: 253.8, Avg: 253.8, Max: 253.8, Diff: 0.0, Sum: 507.7]
      [GC Worker End (ms): Min: 8571415.8, Avg: 8571415.8, Max: 8571415.8, Diff: 0.0]
   [Code Root Fixup: 0.2 ms]
   [Code Root Migration: 0.0 ms]
   [Clear CT: 0.1 ms]
   [Other: 1.0 ms]
      [Choose CSet: 0.0 ms]
      [Ref Proc: 0.1 ms]
      [Ref Enq: 0.0 ms]
      [Free CSet: 0.3 ms]
   [Eden: 244.0M(244.0M)->0.0B(244.0M) Survivors: 36.0M->36.0M Heap: 2948.6M(5632.0M)->2761.6M(5632.0M)]
 [Times: user=0.51 sys=0.00, real=0.25 secs] 
2014-06-25T02:33:48.968+0000: 8571.417: Total time for which application threads were stopped: 0.2558365 seconds
2014-06-25T02:33:49.472+0000: 8571.921: [GC pause (G1 Evacuation Pause) (young)
Desired survivor size 18874368 bytes, new threshold 1 (max 15)
- age   1:   57376248 bytes,   57376248 total
, 0.2538133 secs]
   [Parallel Time: 252.4 ms, GC Workers: 2]
      [GC Worker Start (ms): Min: 8571921.0, Avg: 8571921.0, Max: 8571921.0, Diff: 0.0]
      [Ext Root Scanning (ms): Min: 1.1, Avg: 1.3, Max: 1.4, Diff: 0.2, Sum: 2.5]
      [SATB Filtering (ms): Min: 0.0, Avg: 0.0, Max: 0.0, Diff: 0.0, Sum: 0.0]
      [Update RS (ms): Min: 1.8, Avg: 2.2, Max: 2.7, Diff: 0.9, Sum: 4.5]
         [Processed Buffers: Min: 5, Avg: 15.0, Max: 25, Diff: 20, Sum: 30]
      [Scan RS (ms): Min: 5.2, Avg: 5.7, Max: 6.2, Diff: 0.9, Sum: 11.4]
      [Code Root Scanning (ms): Min: 0.1, Avg: 0.1, Max: 0.1, Diff: 0.0, Sum: 0.2]
      [Object Copy (ms): Min: 243.0, Avg: 243.0, Max: 243.1, Diff: 0.2, Sum: 486.1]
      [Termination (ms): Min: 0.0, Avg: 0.0, Max: 0.0, Diff: 0.0, Sum: 0.0]
      [GC Worker Other (ms): Min: 0.0, Avg: 0.0, Max: 0.0, Diff: 0.0, Sum: 0.1]
      [GC Worker Total (ms): Min: 252.3, Avg: 252.4, Max: 252.4, Diff: 0.0, Sum: 504.7]
      [GC Worker End (ms): Min: 8572173.3, Avg: 8572173.3, Max: 8572173.3, Diff: 0.0]
   [Code Root Fixup: 0.2 ms]
   [Code Root Migration: 0.0 ms]
   [Clear CT: 0.1 ms]
   [Other: 1.1 ms]
      [Choose CSet: 0.0 ms]
      [Ref Proc: 0.2 ms]
      [Ref Enq: 0.0 ms]
      [Free CSet: 0.3 ms]
   [Eden: 244.0M(244.0M)->0.0B(244.0M) Survivors: 36.0M->36.0M Heap: 3009.6M(5632.0M)->2822.6M(5632.0M)]
 [Times: user=0.51 sys=0.00, real=0.25 secs] 
2014-06-25T02:33:49.726+0000: 8572.175: Total time for which application threads were stopped: 0.2544712 seconds
2014-06-25T02:33:50.202+0000: 8572.651: [GC pause (G1 Evacuation Pause) (young)
Desired survivor size 18874368 bytes, new threshold 1 (max 15)
- age   1:   58316280 bytes,   58316280 total
, 0.2507362 secs]
   [Parallel Time: 249.4 ms, GC Workers: 2]
      [GC Worker Start (ms): Min: 8572651.0, Avg: 8572651.0, Max: 8572651.0, Diff: 0.0]
      [Ext Root Scanning (ms): Min: 1.1, Avg: 1.3, Max: 1.4, Diff: 0.3, Sum: 2.5]
      [SATB Filtering (ms): Min: 0.0, Avg: 0.0, Max: 0.0, Diff: 0.0, Sum: 0.0]
      [Update RS (ms): Min: 5.9, Avg: 8.0, Max: 10.1, Diff: 4.2, Sum: 16.1]
         [Processed Buffers: Min: 5, Avg: 12.5, Max: 20, Diff: 15, Sum: 25]
      [Scan RS (ms): Min: 0.1, Avg: 2.1, Max: 4.1, Diff: 4.0, Sum: 4.2]
      [Code Root Scanning (ms): Min: 0.0, Avg: 0.1, Max: 0.1, Diff: 0.1, Sum: 0.1]
      [Object Copy (ms): Min: 237.7, Avg: 237.8, Max: 237.9, Diff: 0.2, Sum: 475.6]
      [Termination (ms): Min: 0.0, Avg: 0.0, Max: 0.0, Diff: 0.0, Sum: 0.0]
      [GC Worker Other (ms): Min: 0.0, Avg: 0.0, Max: 0.0, Diff: 0.0, Sum: 0.1]
      [GC Worker Total (ms): Min: 249.3, Avg: 249.3, Max: 249.3, Diff: 0.0, Sum: 498.6]
      [GC Worker End (ms): Min: 8572900.3, Avg: 8572900.3, Max: 8572900.3, Diff: 0.0]
   [Code Root Fixup: 0.2 ms]
   [Code Root Migration: 0.0 ms]
   [Clear CT: 0.1 ms]
   [Other: 1.0 ms]
      [Choose CSet: 0.0 ms]
      [Ref Proc: 0.2 ms]
      [Ref Enq: 0.0 ms]
      [Free CSet: 0.2 ms]
   [Eden: 244.0M(244.0M)->0.0B(244.0M) Survivors: 36.0M->36.0M Heap: 3066.6M(5632.0M)->2877.6M(5632.0M)]
 [Times: user=0.50 sys=0.00, real=0.26 secs] 
2014-06-25T02:33:50.453+0000: 8572.902: Total time for which application threads were stopped: 0.2513710 seconds
2014-06-25T02:33:51.188+0000: 8573.637: [GC pause (G1 Evacuation Pause) (young)
Desired survivor size 18874368 bytes, new threshold 1 (max 15)
- age   1:   55846936 bytes,   55846936 total
, 0.1645786 secs]
   [Parallel Time: 163.4 ms, GC Workers: 2]
      [GC Worker Start (ms): Min: 8573637.5, Avg: 8573637.5, Max: 8573637.5, Diff: 0.0]
      [Ext Root Scanning (ms): Min: 1.1, Avg: 1.2, Max: 1.3, Diff: 0.2, Sum: 2.5]
      [SATB Filtering (ms): Min: 0.0, Avg: 0.0, Max: 0.0, Diff: 0.0, Sum: 0.0]
      [Update RS (ms): Min: 2.6, Avg: 4.8, Max: 7.0, Diff: 4.4, Sum: 9.6]
         [Processed Buffers: Min: 5, Avg: 13.5, Max: 22, Diff: 17, Sum: 27]
      [Scan RS (ms): Min: 0.0, Avg: 1.3, Max: 2.6, Diff: 2.6, Sum: 2.7]
      [Code Root Scanning (ms): Min: 0.0, Avg: 0.1, Max: 0.1, Diff: 0.1, Sum: 0.1]
      [Object Copy (ms): Min: 155.2, Avg: 155.9, Max: 156.6, Diff: 1.4, Sum: 311.7]
      [Termination (ms): Min: 0.0, Avg: 0.0, Max: 0.0, Diff: 0.0, Sum: 0.0]
      [GC Worker Other (ms): Min: 0.0, Avg: 0.0, Max: 0.0, Diff: 0.0, Sum: 0.1]
      [GC Worker Total (ms): Min: 163.3, Avg: 163.3, Max: 163.3, Diff: 0.0, Sum: 326.6]
      [GC Worker End (ms): Min: 8573800.8, Avg: 8573800.8, Max: 8573800.8, Diff: 0.0]
   [Code Root Fixup: 0.2 ms]
   [Code Root Migration: 0.0 ms]
   [Clear CT: 0.1 ms]
   [Other: 0.9 ms]
      [Choose CSet: 0.0 ms]
      [Ref Proc: 0.2 ms]
      [Ref Enq: 0.0 ms]
      [Free CSet: 0.2 ms]
   [Eden: 244.0M(244.0M)->0.0B(256.0M) Survivors: 36.0M->24.0M Heap: 3121.6M(5632.0M)->2902.6M(5632.0M)]
 [Times: user=0.33 sys=0.00, real=0.17 secs] 
2014-06-25T02:33:51.353+0000: 8573.802: Total time for which application threads were stopped: 0.1651967 seconds
2014-06-25T02:33:52.388+0000: 8574.837: [GC pause (G1 Evacuation Pause) (young)
Desired survivor size 18874368 bytes, new threshold 1 (max 15)
- age   1:   23992312 bytes,   23992312 total
, 0.0957073 secs]
   [Parallel Time: 94.5 ms, GC Workers: 2]
      [GC Worker Start (ms): Min: 8574837.3, Avg: 8574837.3, Max: 8574837.3, Diff: 0.0]
      [Ext Root Scanning (ms): Min: 1.2, Avg: 1.2, Max: 1.3, Diff: 0.2, Sum: 2.5]
      [SATB Filtering (ms): Min: 0.0, Avg: 0.0, Max: 0.0, Diff: 0.0, Sum: 0.0]
      [Update RS (ms): Min: 3.0, Avg: 3.0, Max: 3.0, Diff: 0.0, Sum: 6.0]
         [Processed Buffers: Min: 7, Avg: 15.0, Max: 23, Diff: 16, Sum: 30]
      [Scan RS (ms): Min: 0.8, Avg: 0.8, Max: 0.8, Diff: 0.0, Sum: 1.6]
      [Code Root Scanning (ms): Min: 0.1, Avg: 0.1, Max: 0.1, Diff: 0.0, Sum: 0.1]
      [Object Copy (ms): Min: 89.2, Avg: 89.3, Max: 89.5, Diff: 0.2, Sum: 178.7]
      [Termination (ms): Min: 0.0, Avg: 0.0, Max: 0.0, Diff: 0.0, Sum: 0.0]
      [GC Worker Other (ms): Min: 0.0, Avg: 0.0, Max: 0.0, Diff: 0.0, Sum: 0.1]
      [GC Worker Total (ms): Min: 94.5, Avg: 94.5, Max: 94.5, Diff: 0.0, Sum: 188.9]
      [GC Worker End (ms): Min: 8574931.8, Avg: 8574931.8, Max: 8574931.8, Diff: 0.0]
   [Code Root Fixup: 0.2 ms]
   [Code Root Migration: 0.0 ms]
   [Clear CT: 0.1 ms]
   [Other: 0.8 ms]
      [Choose CSet: 0.0 ms]
      [Ref Proc: 0.2 ms]
      [Ref Enq: 0.0 ms]
      [Free CSet: 0.2 ms]
   [Eden: 256.0M(256.0M)->0.0B(268.0M) Survivors: 24.0M->12.0M Heap: 3158.6M(5632.0M)->2912.6M(5632.0M)]
 [Times: user=0.19 sys=0.00, real=0.10 secs] 
2014-06-25T02:33:52.484+0000: 8574.933: Total time for which application threads were stopped: 0.0962705 seconds
2014-06-25T02:33:53.495+0000: 8575.945: [GC pause (G1 Evacuation Pause) (young)
Desired survivor size 18874368 bytes, new threshold 15 (max 15)
- age   1:   10629456 bytes,   10629456 total
, 0.0619305 secs]
   [Parallel Time: 61.0 ms, GC Workers: 2]
      [GC Worker Start (ms): Min: 8575944.7, Avg: 8575944.7, Max: 8575944.7, Diff: 0.0]
      [Ext Root Scanning (ms): Min: 1.1, Avg: 1.2, Max: 1.3, Diff: 0.2, Sum: 2.4]
      [SATB Filtering (ms): Min: 0.0, Avg: 0.0, Max: 0.0, Diff: 0.0, Sum: 0.0]
      [Update RS (ms): Min: 3.0, Avg: 3.0, Max: 3.0, Diff: 0.0, Sum: 6.1]
         [Processed Buffers: Min: 7, Avg: 13.5, Max: 20, Diff: 13, Sum: 27]
      [Scan RS (ms): Min: 0.7, Avg: 0.8, Max: 0.8, Diff: 0.1, Sum: 1.5]
      [Code Root Scanning (ms): Min: 0.1, Avg: 0.1, Max: 0.1, Diff: 0.0, Sum: 0.1]
      [Object Copy (ms): Min: 55.7, Avg: 55.8, Max: 55.9, Diff: 0.1, Sum: 111.6]
      [Termination (ms): Min: 0.0, Avg: 0.0, Max: 0.0, Diff: 0.0, Sum: 0.0]
      [GC Worker Other (ms): Min: 0.0, Avg: 0.0, Max: 0.0, Diff: 0.0, Sum: 0.1]
      [GC Worker Total (ms): Min: 60.9, Avg: 60.9, Max: 60.9, Diff: 0.0, Sum: 121.9]
      [GC Worker End (ms): Min: 8576005.6, Avg: 8576005.6, Max: 8576005.6, Diff: 0.0]
   [Code Root Fixup: 0.2 ms]
   [Code Root Migration: 0.0 ms]
   [Clear CT: 0.1 ms]
   [Other: 0.6 ms]
      [Choose CSet: 0.0 ms]
      [Ref Proc: 0.2 ms]
      [Ref Enq: 0.0 ms]
      [Free CSet: 0.3 ms]
   [Eden: 268.0M(268.0M)->0.0B(258.0M) Survivors: 12.0M->22.0M Heap: 3180.6M(5632.0M)->2923.6M(5632.0M)]
 [Times: user=0.12 sys=0.00, real=0.06 secs] 
2014-06-25T02:33:53.558+0000: 8576.007: Total time for which application threads were stopped: 0.0625210 seconds
2014-06-25T02:33:54.460+0000: 8576.909: [GC pause (G1 Evacuation Pause) (young)
Desired survivor size 18874368 bytes, new threshold 2 (max 15)
- age   1:   10615952 bytes,   10615952 total
- age   2:   10612976 bytes,   21228928 total
, 0.0865690 secs]
   [Parallel Time: 85.6 ms, GC Workers: 2]
      [GC Worker Start (ms): Min: 8576908.9, Avg: 8576909.0, Max: 8576909.0, Diff: 0.0]
      [Ext Root Scanning (ms): Min: 1.1, Avg: 1.2, Max: 1.4, Diff: 0.2, Sum: 2.5]
      [SATB Filtering (ms): Min: 0.0, Avg: 0.0, Max: 0.0, Diff: 0.0, Sum: 0.0]
      [Update RS (ms): Min: 1.8, Avg: 1.8, Max: 1.9, Diff: 0.1, Sum: 3.6]
         [Processed Buffers: Min: 3, Avg: 13.0, Max: 23, Diff: 20, Sum: 26]
      [Scan RS (ms): Min: 0.1, Avg: 0.2, Max: 0.2, Diff: 0.1, Sum: 0.4]
      [Code Root Scanning (ms): Min: 0.1, Avg: 0.1, Max: 0.1, Diff: 0.0, Sum: 0.1]
      [Object Copy (ms): Min: 82.0, Avg: 82.1, Max: 82.2, Diff: 0.2, Sum: 164.2]
      [Termination (ms): Min: 0.0, Avg: 0.0, Max: 0.0, Diff: 0.0, Sum: 0.0]
      [GC Worker Other (ms): Min: 0.0, Avg: 0.0, Max: 0.0, Diff: 0.0, Sum: 0.1]
      [GC Worker Total (ms): Min: 85.5, Avg: 85.5, Max: 85.5, Diff: 0.0, Sum: 170.9]
      [GC Worker End (ms): Min: 8576994.4, Avg: 8576994.4, Max: 8576994.4, Diff: 0.0]
   [Code Root Fixup: 0.2 ms]
   [Code Root Migration: 0.0 ms]
   [Clear CT: 0.1 ms]
   [Other: 0.7 ms]
      [Choose CSet: 0.0 ms]
      [Ref Proc: 0.2 ms]
      [Ref Enq: 0.0 ms]
      [Free CSet: 0.2 ms]
   [Eden: 258.0M(258.0M)->0.0B(268.0M) Survivors: 22.0M->20.0M Heap: 3181.6M(5632.0M)->2932.6M(5632.0M)]
 [Times: user=0.17 sys=0.01, real=0.09 secs] 
2014-06-25T02:33:54.546+0000: 8576.996: Total time for which application threads were stopped: 0.0907015 seconds
2014-06-25T02:33:55.432+0000: 8577.881: [GC pause (G1 Evacuation Pause) (young)
Desired survivor size 18874368 bytes, new threshold 2 (max 15)
- age   1:    9646000 bytes,    9646000 total
- age   2:   10602760 bytes,   20248760 total
, 0.0881945 secs]
   [Parallel Time: 87.1 ms, GC Workers: 2]
      [GC Worker Start (ms): Min: 8577881.2, Avg: 8577881.2, Max: 8577881.2, Diff: 0.0]
      [Ext Root Scanning (ms): Min: 1.1, Avg: 1.2, Max: 1.3, Diff: 0.2, Sum: 2.4]
      [SATB Filtering (ms): Min: 0.0, Avg: 0.0, Max: 0.0, Diff: 0.0, Sum: 0.0]
      [Update RS (ms): Min: 3.7, Avg: 3.8, Max: 3.8, Diff: 0.1, Sum: 7.5]
         [Processed Buffers: Min: 6, Avg: 13.5, Max: 21, Diff: 15, Sum: 27]
      [Scan RS (ms): Min: 1.5, Avg: 1.5, Max: 1.5, Diff: 0.0, Sum: 3.0]
      [Code Root Scanning (ms): Min: 0.1, Avg: 0.1, Max: 0.1, Diff: 0.0, Sum: 0.1]
      [Object Copy (ms): Min: 80.4, Avg: 80.5, Max: 80.6, Diff: 0.2, Sum: 161.0]
      [Termination (ms): Min: 0.0, Avg: 0.0, Max: 0.0, Diff: 0.0, Sum: 0.0]
      [GC Worker Other (ms): Min: 0.0, Avg: 0.0, Max: 0.0, Diff: 0.0, Sum: 0.1]
      [GC Worker Total (ms): Min: 87.1, Avg: 87.1, Max: 87.1, Diff: 0.0, Sum: 174.2]
      [GC Worker End (ms): Min: 8577968.3, Avg: 8577968.3, Max: 8577968.3, Diff: 0.0]
   [Code Root Fixup: 0.2 ms]
   [Code Root Migration: 0.0 ms]
   [Clear CT: 0.1 ms]
   [Other: 0.7 ms]
      [Choose CSet: 0.0 ms]
      [Ref Proc: 0.2 ms]
      [Ref Enq: 0.0 ms]
      [Free CSet: 0.3 ms]
   [Eden: 268.0M(268.0M)->0.0B(386.0M) Survivors: 20.0M->20.0M Heap: 3200.6M(5632.0M)->2943.6M(5632.0M)]
 [Times: user=0.18 sys=0.00, real=0.08 secs] 
2014-06-25T02:33:55.520+0000: 8577.969: Total time for which application threads were stopped: 0.0887763 seconds
2014-06-25T02:33:56.820+0000: 8579.269: [GC pause (G1 Evacuation Pause) (young)
Desired survivor size 27262976 bytes, new threshold 15 (max 15)
- age   1:    9980640 bytes,    9980640 total
- age   2:    9634184 bytes,   19614824 total
, 0.1053586 secs]
   [Parallel Time: 104.3 ms, GC Workers: 2]
      [GC Worker Start (ms): Min: 8579268.9, Avg: 8579269.0, Max: 8579269.0, Diff: 0.0]
      [Ext Root Scanning (ms): Min: 1.1, Avg: 1.2, Max: 1.3, Diff: 0.2, Sum: 2.5]
      [SATB Filtering (ms): Min: 0.0, Avg: 0.0, Max: 0.0, Diff: 0.0, Sum: 0.0]
      [Update RS (ms): Min: 5.6, Avg: 5.6, Max: 5.6, Diff: 0.0, Sum: 11.2]
         [Processed Buffers: Min: 10, Avg: 15.5, Max: 21, Diff: 11, Sum: 31]
      [Scan RS (ms): Min: 0.9, Avg: 0.9, Max: 1.0, Diff: 0.1, Sum: 1.9]
      [Code Root Scanning (ms): Min: 0.1, Avg: 0.1, Max: 0.1, Diff: 0.0, Sum: 0.2]
      [Object Copy (ms): Min: 96.2, Avg: 96.3, Max: 96.4, Diff: 0.2, Sum: 192.6]
      [Termination (ms): Min: 0.0, Avg: 0.0, Max: 0.0, Diff: 0.0, Sum: 0.0]
      [GC Worker Other (ms): Min: 0.0, Avg: 0.0, Max: 0.0, Diff: 0.0, Sum: 0.1]
      [GC Worker Total (ms): Min: 104.2, Avg: 104.2, Max: 104.2, Diff: 0.0, Sum: 208.4]
      [GC Worker End (ms): Min: 8579373.2, Avg: 8579373.2, Max: 8579373.2, Diff: 0.0]
   [Code Root Fixup: 0.2 ms]
   [Code Root Migration: 0.0 ms]
   [Clear CT: 0.2 ms]
   [Other: 0.7 ms]
      [Choose CSet: 0.0 ms]
      [Ref Proc: 0.2 ms]
      [Ref Enq: 0.0 ms]
      [Free CSet: 0.3 ms]
   [Eden: 386.0M(386.0M)->0.0B(360.0M) Survivors: 20.0M->36.0M Heap: 3329.6M(5632.0M)->2959.6M(5632.0M)]
 [Times: user=0.21 sys=0.00, real=0.11 secs] 
2014-06-25T02:33:56.925+0000: 8579.374: Total time for which application threads were stopped: 0.1091052 seconds
2014-06-25T02:33:58.032+0000: 8580.482: [GC pause (G1 Evacuation Pause) (young)
Desired survivor size 26214400 bytes, new threshold 2 (max 15)
- age   1:   17410272 bytes,   17410272 total
- age   2:    9968304 bytes,   27378576 total
- age   3:    9371992 bytes,   36750568 total
, 0.1354854 secs]
   [Parallel Time: 134.3 ms, GC Workers: 2]
      [GC Worker Start (ms): Min: 8580481.7, Avg: 8580481.7, Max: 8580481.7, Diff: 0.0]
      [Ext Root Scanning (ms): Min: 1.1, Avg: 1.2, Max: 1.4, Diff: 0.2, Sum: 2.5]
      [SATB Filtering (ms): Min: 0.0, Avg: 0.0, Max: 0.0, Diff: 0.0, Sum: 0.0]
      [Update RS (ms): Min: 4.4, Avg: 4.4, Max: 4.4, Diff: 0.0, Sum: 8.8]
         [Processed Buffers: Min: 14, Avg: 16.5, Max: 19, Diff: 5, Sum: 33]
      [Scan RS (ms): Min: 0.3, Avg: 0.3, Max: 0.3, Diff: 0.0, Sum: 0.5]
      [Code Root Scanning (ms): Min: 0.1, Avg: 0.1, Max: 0.1, Diff: 0.0, Sum: 0.2]
      [Object Copy (ms): Min: 128.1, Avg: 128.2, Max: 128.2, Diff: 0.2, Sum: 256.3]
      [Termination (ms): Min: 0.0, Avg: 0.0, Max: 0.0, Diff: 0.0, Sum: 0.0]
      [GC Worker Other (ms): Min: 0.0, Avg: 0.0, Max: 0.0, Diff: 0.0, Sum: 0.1]
      [GC Worker Total (ms): Min: 134.2, Avg: 134.2, Max: 134.2, Diff: 0.0, Sum: 268.4]
      [GC Worker End (ms): Min: 8580615.9, Avg: 8580616.0, Max: 8580616.0, Diff: 0.0]
   [Code Root Fixup: 0.2 ms]
   [Code Root Migration: 0.0 ms]
   [Clear CT: 0.1 ms]
   [Other: 0.8 ms]
      [Choose CSet: 0.0 ms]
      [Ref Proc: 0.2 ms]
      [Ref Enq: 0.0 ms]
      [Free CSet: 0.3 ms]
   [Eden: 360.0M(360.0M)->0.0B(488.0M) Survivors: 36.0M->30.0M Heap: 3319.6M(5632.0M)->2971.6M(5632.0M)]
 [Times: user=0.27 sys=0.00, real=0.13 secs] 
2014-06-25T02:33:58.170+0000: 8580.619: Total time for which application threads were stopped: 0.1375238 seconds
2014-06-25T02:33:59.704+0000: 8582.153: [GC pause (G1 Evacuation Pause) (young)
Desired survivor size 32505856 bytes, new threshold 15 (max 15)
- age   1:   11440152 bytes,   11440152 total
- age   2:   17393192 bytes,   28833344 total
, 0.1403501 secs]
   [Parallel Time: 139.2 ms, GC Workers: 2]
      [GC Worker Start (ms): Min: 8582153.0, Avg: 8582153.0, Max: 8582153.0, Diff: 0.0]
      [Ext Root Scanning (ms): Min: 1.1, Avg: 1.2, Max: 1.3, Diff: 0.2, Sum: 2.5]
      [SATB Filtering (ms): Min: 0.0, Avg: 0.0, Max: 0.0, Diff: 0.0, Sum: 0.0]
      [Update RS (ms): Min: 4.7, Avg: 4.7, Max: 4.7, Diff: 0.0, Sum: 9.4]
         [Processed Buffers: Min: 12, Avg: 18.0, Max: 24, Diff: 12, Sum: 36]
      [Scan RS (ms): Min: 2.4, Avg: 2.4, Max: 2.4, Diff: 0.0, Sum: 4.8]
      [Code Root Scanning (ms): Min: 0.1, Avg: 0.1, Max: 0.1, Diff: 0.0, Sum: 0.2]
      [Object Copy (ms): Min: 130.5, Avg: 130.6, Max: 130.6, Diff: 0.1, Sum: 261.1]
      [Termination (ms): Min: 0.0, Avg: 0.0, Max: 0.0, Diff: 0.0, Sum: 0.0]
      [GC Worker Other (ms): Min: 0.0, Avg: 0.0, Max: 0.0, Diff: 0.0, Sum: 0.1]
      [GC Worker Total (ms): Min: 139.1, Avg: 139.1, Max: 139.1, Diff: 0.0, Sum: 278.2]
      [GC Worker End (ms): Min: 8582292.1, Avg: 8582292.1, Max: 8582292.1, Diff: 0.0]
   [Code Root Fixup: 0.2 ms]
   [Code Root Migration: 0.0 ms]
   [Clear CT: 0.2 ms]
   [Other: 0.8 ms]
      [Choose CSet: 0.0 ms]
      [Ref Proc: 0.2 ms]
      [Ref Enq: 0.0 ms]
      [Free CSet: 0.4 ms]
   [Eden: 454.0M(454.0M)->0.0B(384.0M) Survivors: 30.0M->50.0M Heap: 3425.6M(5632.0M)->2991.6M(5632.0M)]
 [Times: user=0.28 sys=0.00, real=0.14 secs] 
2014-06-25T02:33:59.844+0000: 8582.293: Total time for which application threads were stopped: 0.1409071 seconds
2014-06-25T02:34:00.940+0000: 8583.389: [GC concurrent-mark-end, 12.5673048 secs]
2014-06-25T02:34:00.944+0000: 8583.393: [GC remark 8583.393: [GC ref-proc, 0.0014342 secs], 0.0195755 secs]
 [Times: user=0.04 sys=0.00, real=0.01 secs] 
2014-06-25T02:34:00.963+0000: 8583.412: Total time for which application threads were stopped: 0.0229895 seconds
2014-06-25T02:34:00.977+0000: 8583.427: [GC cleanup 3318M->3083M(5632M), 0.0601192 secs]
 [Times: user=0.12 sys=0.00, real=0.06 secs] 
2014-06-25T02:34:01.038+0000: 8583.487: Total time for which application threads were stopped: 0.0662901 seconds
2014-06-25T02:34:01.038+0000: 8583.487: [GC concurrent-cleanup-start]
2014-06-25T02:34:01.038+0000: 8583.487: [GC concurrent-cleanup-end, 0.0002826 secs]
2014-06-25T02:34:01.174+0000: 8583.623: [GC pause (G1 Evacuation Pause) (young)
Desired survivor size 29360128 bytes, new threshold 2 (max 15)
- age   1:   21203224 bytes,   21203224 total
- age   2:   11427552 bytes,   32630776 total
- age   3:   17393160 bytes,   50023936 total
, 0.2044487 secs]
   [Parallel Time: 203.2 ms, GC Workers: 2]
      [GC Worker Start (ms): Min: 8583623.4, Avg: 8583623.4, Max: 8583623.4, Diff: 0.0]
      [Ext Root Scanning (ms): Min: 1.2, Avg: 1.3, Max: 1.4, Diff: 0.1, Sum: 2.6]
      [Update RS (ms): Min: 7.8, Avg: 7.8, Max: 7.9, Diff: 0.1, Sum: 15.7]
         [Processed Buffers: Min: 17, Avg: 21.5, Max: 26, Diff: 9, Sum: 43]
      [Scan RS (ms): Min: 1.4, Avg: 1.4, Max: 1.4, Diff: 0.0, Sum: 2.8]
      [Code Root Scanning (ms): Min: 0.1, Avg: 0.1, Max: 0.1, Diff: 0.0, Sum: 0.2]
      [Object Copy (ms): Min: 192.4, Avg: 192.5, Max: 192.5, Diff: 0.0, Sum: 384.9]
      [Termination (ms): Min: 0.0, Avg: 0.0, Max: 0.0, Diff: 0.0, Sum: 0.0]
      [GC Worker Other (ms): Min: 0.0, Avg: 0.0, Max: 0.0, Diff: 0.0, Sum: 0.1]
      [GC Worker Total (ms): Min: 203.1, Avg: 203.1, Max: 203.2, Diff: 0.0, Sum: 406.3]
      [GC Worker End (ms): Min: 8583826.5, Avg: 8583826.5, Max: 8583826.5, Diff: 0.0]
   [Code Root Fixup: 0.2 ms]
   [Code Root Migration: 0.0 ms]
   [Clear CT: 0.2 ms]
   [Other: 0.9 ms]
      [Choose CSet: 0.0 ms]
      [Ref Proc: 0.1 ms]
      [Ref Enq: 0.0 ms]
      [Free CSet: 0.3 ms]
   [Eden: 384.0M(384.0M)->0.0B(238.0M) Survivors: 50.0M->42.0M Heap: 3141.6M(5632.0M)->2779.6M(5632.0M)]
 [Times: user=0.41 sys=0.00, real=0.20 secs] 
2014-06-25T02:34:01.379+0000: 8583.828: Total time for which application threads were stopped: 0.2050905 seconds
2014-06-25T02:34:02.104+0000: 8584.553: [GC pause (G1 Evacuation Pause) (mixed)
Desired survivor size 18874368 bytes, new threshold 1 (max 15)
- age   1:   21545248 bytes,   21545248 total
- age   2:   21188680 bytes,   42733928 total
, 0.1904558 secs]
   [Parallel Time: 188.4 ms, GC Workers: 2]
      [GC Worker Start (ms): Min: 8584552.9, Avg: 8584552.9, Max: 8584552.9, Diff: 0.0]
      [Ext Root Scanning (ms): Min: 1.2, Avg: 1.4, Max: 1.5, Diff: 0.3, Sum: 2.8]
      [Update RS (ms): Min: 11.4, Avg: 11.6, Max: 11.8, Diff: 0.4, Sum: 23.1]
         [Processed Buffers: Min: 11, Avg: 18.5, Max: 26, Diff: 15, Sum: 37]
      [Scan RS (ms): Min: 20.0, Avg: 20.3, Max: 20.6, Diff: 0.6, Sum: 40.5]
      [Code Root Scanning (ms): Min: 0.1, Avg: 0.1, Max: 0.2, Diff: 0.1, Sum: 0.2]
      [Object Copy (ms): Min: 154.8, Avg: 154.9, Max: 155.1, Diff: 0.2, Sum: 309.9]
      [Termination (ms): Min: 0.0, Avg: 0.0, Max: 0.0, Diff: 0.0, Sum: 0.0]
      [GC Worker Other (ms): Min: 0.0, Avg: 0.0, Max: 0.0, Diff: 0.0, Sum: 0.1]
      [GC Worker Total (ms): Min: 188.3, Avg: 188.3, Max: 188.3, Diff: 0.0, Sum: 376.6]
      [GC Worker End (ms): Min: 8584741.2, Avg: 8584741.2, Max: 8584741.2, Diff: 0.0]
   [Code Root Fixup: 0.2 ms]
   [Code Root Migration: 0.1 ms]
   [Clear CT: 0.6 ms]
   [Other: 1.2 ms]
      [Choose CSet: 0.1 ms]
      [Ref Proc: 0.1 ms]
      [Ref Enq: 0.0 ms]
      [Free CSet: 0.5 ms]
   [Eden: 238.0M(238.0M)->0.0B(268.0M) Survivors: 42.0M->12.0M Heap: 3017.6M(5632.0M)->2637.6M(5632.0M)]
 [Times: user=0.38 sys=0.00, real=0.19 secs] 
2014-06-25T02:34:02.294+0000: 8584.743: Total time for which application threads were stopped: 0.1910883 seconds
2014-06-25T02:34:02.967+0000: 8585.416: [GC pause (G1 Evacuation Pause) (mixed)
Desired survivor size 18874368 bytes, new threshold 15 (max 15)
- age   1:   11357200 bytes,   11357200 total
, 0.1674579 secs]
   [Parallel Time: 164.7 ms, GC Workers: 2]
      [GC Worker Start (ms): Min: 8585416.2, Avg: 8585416.2, Max: 8585416.2, Diff: 0.0]
      [Ext Root Scanning (ms): Min: 1.2, Avg: 1.4, Max: 1.6, Diff: 0.4, Sum: 2.8]
      [Update RS (ms): Min: 13.6, Avg: 13.8, Max: 14.0, Diff: 0.4, Sum: 27.6]
         [Processed Buffers: Min: 8, Avg: 23.0, Max: 38, Diff: 30, Sum: 46]
      [Scan RS (ms): Min: 46.9, Avg: 46.9, Max: 47.0, Diff: 0.1, Sum: 93.9]
      [Code Root Scanning (ms): Min: 0.1, Avg: 0.2, Max: 0.2, Diff: 0.2, Sum: 0.3]
      [Object Copy (ms): Min: 102.1, Avg: 102.3, Max: 102.4, Diff: 0.3, Sum: 204.6]
      [Termination (ms): Min: 0.0, Avg: 0.0, Max: 0.0, Diff: 0.0, Sum: 0.0]
      [GC Worker Other (ms): Min: 0.0, Avg: 0.0, Max: 0.0, Diff: 0.0, Sum: 0.1]
      [GC Worker Total (ms): Min: 164.6, Avg: 164.6, Max: 164.6, Diff: 0.0, Sum: 329.3]
      [GC Worker End (ms): Min: 8585580.8, Avg: 8585580.8, Max: 8585580.8, Diff: 0.0]
   [Code Root Fixup: 0.2 ms]
   [Code Root Migration: 0.2 ms]
   [Clear CT: 0.8 ms]
   [Other: 1.6 ms]
      [Choose CSet: 0.2 ms]
      [Ref Proc: 0.1 ms]
      [Ref Enq: 0.0 ms]
      [Free CSet: 0.6 ms]
   [Eden: 268.0M(268.0M)->0.0B(256.0M) Survivors: 12.0M->24.0M Heap: 2905.6M(5632.0M)->2506.6M(5632.0M)]
 [Times: user=0.33 sys=0.00, real=0.17 secs] 
2014-06-25T02:34:03.134+0000: 8585.583: Total time for which application threads were stopped: 0.1681045 seconds
2014-06-25T02:34:03.737+0000: 8586.186: [GC pause (G1 Evacuation Pause) (mixed)
Desired survivor size 18874368 bytes, new threshold 2 (max 15)
- age   1:   12802128 bytes,   12802128 total
- age   2:   11345928 bytes,   24148056 total
, 0.1598122 secs]
   [Parallel Time: 157.8 ms, GC Workers: 2]
      [GC Worker Start (ms): Min: 8586186.3, Avg: 8586186.3, Max: 8586186.3, Diff: 0.0]
      [Ext Root Scanning (ms): Min: 1.2, Avg: 1.4, Max: 1.6, Diff: 0.3, Sum: 2.8]
      [Update RS (ms): Min: 15.7, Avg: 15.8, Max: 15.9, Diff: 0.1, Sum: 31.6]
         [Processed Buffers: Min: 11, Avg: 17.0, Max: 23, Diff: 12, Sum: 34]
      [Scan RS (ms): Min: 22.2, Avg: 22.2, Max: 22.3, Diff: 0.1, Sum: 44.5]
      [Code Root Scanning (ms): Min: 0.1, Avg: 0.1, Max: 0.1, Diff: 0.0, Sum: 0.2]
      [Object Copy (ms): Min: 118.1, Avg: 118.2, Max: 118.3, Diff: 0.2, Sum: 236.4]
      [Termination (ms): Min: 0.0, Avg: 0.0, Max: 0.0, Diff: 0.0, Sum: 0.0]
      [GC Worker Other (ms): Min: 0.0, Avg: 0.0, Max: 0.0, Diff: 0.0, Sum: 0.1]
      [GC Worker Total (ms): Min: 157.7, Avg: 157.7, Max: 157.7, Diff: 0.0, Sum: 315.5]
      [GC Worker End (ms): Min: 8586344.0, Avg: 8586344.0, Max: 8586344.0, Diff: 0.0]
   [Code Root Fixup: 0.2 ms]
   [Code Root Migration: 0.0 ms]
   [Clear CT: 0.7 ms]
   [Other: 1.1 ms]
      [Choose CSet: 0.1 ms]
      [Ref Proc: 0.1 ms]
      [Ref Enq: 0.0 ms]
      [Free CSet: 0.4 ms]
   [Eden: 256.0M(256.0M)->0.0B(256.0M) Survivors: 24.0M->26.0M Heap: 2762.6M(5632.0M)->2477.6M(5632.0M)]
 [Times: user=0.32 sys=0.00, real=0.16 secs] 
2014-06-25T02:34:03.897+0000: 8586.346: Total time for which application threads were stopped: 0.1604917 seconds
2014-06-25T02:34:04.500+0000: 8586.949: [GC pause (G1 Evacuation Pause) (young)
Desired survivor size 18874368 bytes, new threshold 2 (max 15)
- age   1:   12338840 bytes,   12338840 total
- age   2:   12787080 bytes,   25125920 total
, 0.1247863 secs]
   [Parallel Time: 123.8 ms, GC Workers: 2]
      [GC Worker Start (ms): Min: 8586949.3, Avg: 8586949.3, Max: 8586949.3, Diff: 0.0]
      [Ext Root Scanning (ms): Min: 1.1, Avg: 1.3, Max: 1.4, Diff: 0.2, Sum: 2.5]
      [Update RS (ms): Min: 17.8, Avg: 18.0, Max: 18.2, Diff: 0.4, Sum: 36.0]
         [Processed Buffers: Min: 14, Avg: 23.5, Max: 33, Diff: 19, Sum: 47]
      [Scan RS (ms): Min: 2.1, Avg: 2.3, Max: 2.4, Diff: 0.3, Sum: 4.5]
      [Code Root Scanning (ms): Min: 0.1, Avg: 0.1, Max: 0.1, Diff: 0.0, Sum: 0.1]
      [Object Copy (ms): Min: 102.0, Avg: 102.1, Max: 102.2, Diff: 0.2, Sum: 204.3]
      [Termination (ms): Min: 0.0, Avg: 0.0, Max: 0.0, Diff: 0.0, Sum: 0.0]
      [GC Worker Other (ms): Min: 0.0, Avg: 0.0, Max: 0.0, Diff: 0.0, Sum: 0.1]
      [GC Worker Total (ms): Min: 123.8, Avg: 123.8, Max: 123.8, Diff: 0.0, Sum: 247.5]
      [GC Worker End (ms): Min: 8587073.0, Avg: 8587073.0, Max: 8587073.0, Diff: 0.0]
   [Code Root Fixup: 0.2 ms]
   [Code Root Migration: 0.0 ms]
   [Clear CT: 0.1 ms]
   [Other: 0.6 ms]
      [Choose CSet: 0.0 ms]
      [Ref Proc: 0.1 ms]
      [Ref Enq: 0.0 ms]
      [Free CSet: 0.3 ms]
   [Eden: 256.0M(256.0M)->0.0B(410.0M) Survivors: 26.0M->24.0M Heap: 2733.6M(5632.0M)->2490.6M(5632.0M)]
 [Times: user=0.24 sys=0.00, real=0.13 secs] 
2014-06-25T02:34:04.625+0000: 8587.074: Total time for which application threads were stopped: 0.1254074 seconds
2014-06-25T02:34:05.520+0000: 8587.969: [GC pause (G1 Evacuation Pause) (young)
Desired survivor size 29360128 bytes, new threshold 15 (max 15)
- age   1:   12415552 bytes,   12415552 total
- age   2:   12325968 bytes,   24741520 total
, 0.1387536 secs]
   [Parallel Time: 137.7 ms, GC Workers: 2]
      [GC Worker Start (ms): Min: 8587969.6, Avg: 8587969.6, Max: 8587969.6, Diff: 0.0]
      [Ext Root Scanning (ms): Min: 1.1, Avg: 1.3, Max: 1.4, Diff: 0.3, Sum: 2.5]
      [Update RS (ms): Min: 14.7, Avg: 14.7, Max: 14.8, Diff: 0.1, Sum: 29.5]
         [Processed Buffers: Min: 14, Avg: 21.5, Max: 29, Diff: 15, Sum: 43]
      [Scan RS (ms): Min: 2.4, Avg: 2.5, Max: 2.5, Diff: 0.1, Sum: 4.9]
      [Code Root Scanning (ms): Min: 0.1, Avg: 0.1, Max: 0.1, Diff: 0.0, Sum: 0.2]
      [Object Copy (ms): Min: 119.0, Avg: 119.0, Max: 119.1, Diff: 0.1, Sum: 238.1]
      [Termination (ms): Min: 0.0, Avg: 0.0, Max: 0.0, Diff: 0.0, Sum: 0.0]
      [GC Worker Other (ms): Min: 0.0, Avg: 0.0, Max: 0.0, Diff: 0.0, Sum: 0.1]
      [GC Worker Total (ms): Min: 137.7, Avg: 137.7, Max: 137.7, Diff: 0.0, Sum: 275.3]
      [GC Worker End (ms): Min: 8588107.2, Avg: 8588107.2, Max: 8588107.2, Diff: 0.0]
   [Code Root Fixup: 0.2 ms]
   [Code Root Migration: 0.0 ms]
   [Clear CT: 0.2 ms]
   [Other: 0.6 ms]
      [Choose CSet: 0.0 ms]
      [Ref Proc: 0.1 ms]
      [Ref Enq: 0.0 ms]
      [Free CSet: 0.4 ms]
   [Eden: 410.0M(410.0M)->0.0B(236.0M) Survivors: 24.0M->44.0M Heap: 2900.6M(5632.0M)->2510.6M(5632.0M)]
 [Times: user=0.27 sys=0.00, real=0.14 secs] 
2014-06-25T02:34:05.659+0000: 8588.108: Total time for which application threads were stopped: 0.1393901 seconds
2014-06-25T02:34:06.160+0000: 8588.609: [GC pause (G1 Evacuation Pause) (young)
Desired survivor size 18874368 bytes, new threshold 1 (max 15)
- age   1:   19915168 bytes,   19915168 total
- age   2:   12405296 bytes,   32320464 total
- age   3:   12325968 bytes,   44646432 total
, 0.1642761 secs]
   [Parallel Time: 163.1 ms, GC Workers: 2]
      [GC Worker Start (ms): Min: 8588608.9, Avg: 8588609.0, Max: 8588609.0, Diff: 0.0]
      [Ext Root Scanning (ms): Min: 1.2, Avg: 1.3, Max: 1.5, Diff: 0.3, Sum: 2.6]
      [Update RS (ms): Min: 8.6, Avg: 8.7, Max: 8.8, Diff: 0.1, Sum: 17.4]
         [Processed Buffers: Min: 8, Avg: 13.0, Max: 18, Diff: 10, Sum: 26]
      [Scan RS (ms): Min: 0.2, Avg: 0.2, Max: 0.2, Diff: 0.0, Sum: 0.3]
      [Code Root Scanning (ms): Min: 0.1, Avg: 0.1, Max: 0.1, Diff: 0.0, Sum: 0.1]
      [Object Copy (ms): Min: 152.7, Avg: 152.8, Max: 152.9, Diff: 0.2, Sum: 305.5]
      [Termination (ms): Min: 0.0, Avg: 0.0, Max: 0.0, Diff: 0.0, Sum: 0.0]
      [GC Worker Other (ms): Min: 0.0, Avg: 0.0, Max: 0.0, Diff: 0.0, Sum: 0.1]
      [GC Worker Total (ms): Min: 163.0, Avg: 163.1, Max: 163.1, Diff: 0.0, Sum: 326.1]
      [GC Worker End (ms): Min: 8588772.0, Avg: 8588772.0, Max: 8588772.0, Diff: 0.0]
   [Code Root Fixup: 0.2 ms]
   [Code Root Migration: 0.0 ms]
   [Clear CT: 0.1 ms]
   [Other: 0.8 ms]
      [Choose CSet: 0.0 ms]
      [Ref Proc: 0.1 ms]
      [Ref Enq: 0.0 ms]
      [Free CSet: 0.3 ms]
   [Eden: 236.0M(236.0M)->0.0B(668.0M) Survivors: 44.0M->12.0M Heap: 2746.6M(5632.0M)->2522.6M(5632.0M)]
 [Times: user=0.33 sys=0.00, real=0.17 secs] 
2014-06-25T02:34:06.324+0000: 8588.773: Total time for which application threads were stopped: 0.1671050 seconds
2014-06-25T02:34:07.822+0000: 8590.271: [GC pause (G1 Evacuation Pause) (young)
Desired survivor size 45088768 bytes, new threshold 15 (max 15)
- age   1:   11372816 bytes,   11372816 total
, 0.1402721 secs]
   [Parallel Time: 139.0 ms, GC Workers: 2]
      [GC Worker Start (ms): Min: 8590271.0, Avg: 8590271.0, Max: 8590271.0, Diff: 0.0]
      [Ext Root Scanning (ms): Min: 1.1, Avg: 1.3, Max: 1.4, Diff: 0.3, Sum: 2.5]
      [Update RS (ms): Min: 17.2, Avg: 18.9, Max: 20.5, Diff: 3.3, Sum: 37.7]
         [Processed Buffers: Min: 23, Avg: 26.5, Max: 30, Diff: 7, Sum: 53]
      [Scan RS (ms): Min: 0.5, Avg: 2.0, Max: 3.4, Diff: 2.8, Sum: 3.9]
      [Code Root Scanning (ms): Min: 0.0, Avg: 0.2, Max: 0.3, Diff: 0.3, Sum: 0.3]
      [Object Copy (ms): Min: 116.6, Avg: 116.7, Max: 116.7, Diff: 0.1, Sum: 233.3]
      [Termination (ms): Min: 0.0, Avg: 0.0, Max: 0.0, Diff: 0.0, Sum: 0.0]
      [GC Worker Other (ms): Min: 0.0, Avg: 0.0, Max: 0.0, Diff: 0.0, Sum: 0.1]
      [GC Worker Total (ms): Min: 138.9, Avg: 139.0, Max: 139.0, Diff: 0.0, Sum: 277.9]
      [GC Worker End (ms): Min: 8590409.9, Avg: 8590409.9, Max: 8590409.9, Diff: 0.0]
   [Code Root Fixup: 0.2 ms]
   [Code Root Migration: 0.1 ms]
   [Clear CT: 0.2 ms]
   [Other: 0.8 ms]
      [Choose CSet: 0.0 ms]
      [Ref Proc: 0.1 ms]
      [Ref Enq: 0.0 ms]
      [Free CSet: 0.5 ms]
   [Eden: 668.0M(668.0M)->0.0B(348.0M) Survivors: 12.0M->42.0M Heap: 3190.6M(5632.0M)->2552.6M(5632.0M)]
 [Times: user=0.28 sys=0.00, real=0.14 secs] 
2014-06-25T02:34:07.962+0000: 8590.411: Total time for which application threads were stopped: 0.1408465 seconds
2014-06-25T02:34:08.520+0000: 8590.969: [GC pause (G1 Evacuation Pause) (young)
Desired survivor size 18874368 bytes, new threshold 1 (max 15)
- age   1:   31965896 bytes,   31965896 total
- age   2:   11357320 bytes,   43323216 total
, 0.1868047 secs]
   [Parallel Time: 185.2 ms, GC Workers: 2]
      [GC Worker Start (ms): Min: 8590969.3, Avg: 8590969.3, Max: 8590969.3, Diff: 0.0]
      [Ext Root Scanning (ms): Min: 1.1, Avg: 1.3, Max: 1.4, Diff: 0.3, Sum: 2.6]
      [Update RS (ms): Min: 19.4, Avg: 19.5, Max: 19.7, Diff: 0.3, Sum: 39.1]
         [Processed Buffers: Min: 17, Avg: 24.0, Max: 31, Diff: 14, Sum: 48]
      [Scan RS (ms): Min: 12.8, Avg: 13.0, Max: 13.2, Diff: 0.4, Sum: 26.0]
      [Code Root Scanning (ms): Min: 0.0, Avg: 0.1, Max: 0.1, Diff: 0.1, Sum: 0.2]
      [Object Copy (ms): Min: 151.2, Avg: 151.2, Max: 151.3, Diff: 0.2, Sum: 302.5]
      [Termination (ms): Min: 0.0, Avg: 0.0, Max: 0.0, Diff: 0.0, Sum: 0.0]
      [GC Worker Other (ms): Min: 0.0, Avg: 0.0, Max: 0.0, Diff: 0.0, Sum: 0.1]
      [GC Worker Total (ms): Min: 185.2, Avg: 185.2, Max: 185.2, Diff: 0.0, Sum: 370.3]
      [GC Worker End (ms): Min: 8591154.4, Avg: 8591154.4, Max: 8591154.4, Diff: 0.0]
   [Code Root Fixup: 0.2 ms]
   [Code Root Migration: 0.0 ms]
   [Clear CT: 0.2 ms]
   [Other: 1.2 ms]
      [Choose CSet: 0.0 ms]
      [Ref Proc: 0.1 ms]
      [Ref Enq: 0.0 ms]
      [Free CSet: 0.4 ms]
   [Eden: 242.0M(242.0M)->0.0B(724.0M) Survivors: 42.0M->12.0M Heap: 2796.6M(5632.0M)->2565.6M(5632.0M)]
 [Times: user=0.37 sys=0.00, real=0.19 secs] 
2014-06-25T02:34:08.707+0000: 8591.156: Total time for which application threads were stopped: 0.1874688 seconds
2014-06-25T02:34:10.352+0000: 8592.801: [GC pause (G1 Evacuation Pause) (young) (initial-mark)
Desired survivor size 48234496 bytes, new threshold 15 (max 15)
- age   1:   10511728 bytes,   10511728 total
, 0.1692745 secs]
   [Parallel Time: 167.4 ms, GC Workers: 2]
      [GC Worker Start (ms): Min: 8592801.2, Avg: 8592801.2, Max: 8592801.2, Diff: 0.0]
      [Ext Root Scanning (ms): Min: 1.2, Avg: 2.1, Max: 2.9, Diff: 1.7, Sum: 4.2]
      [Code Root Marking (ms): Min: 8.6, Avg: 8.7, Max: 8.7, Diff: 0.1, Sum: 17.3]
      [Update RS (ms): Min: 26.7, Avg: 26.9, Max: 27.2, Diff: 0.5, Sum: 53.8]
         [Processed Buffers: Min: 20, Avg: 33.0, Max: 46, Diff: 26, Sum: 66]
      [Scan RS (ms): Min: 4.5, Avg: 4.8, Max: 5.1, Diff: 0.6, Sum: 9.6]
      [Code Root Scanning (ms): Min: 0.2, Avg: 0.2, Max: 0.2, Diff: 0.0, Sum: 0.4]
      [Object Copy (ms): Min: 123.7, Avg: 124.6, Max: 125.5, Diff: 1.7, Sum: 249.2]
      [Termination (ms): Min: 0.0, Avg: 0.0, Max: 0.0, Diff: 0.0, Sum: 0.0]
      [GC Worker Other (ms): Min: 0.0, Avg: 0.0, Max: 0.0, Diff: 0.0, Sum: 0.1]
      [GC Worker Total (ms): Min: 167.3, Avg: 167.3, Max: 167.3, Diff: 0.0, Sum: 334.6]
      [GC Worker End (ms): Min: 8592968.5, Avg: 8592968.5, Max: 8592968.5, Diff: 0.0]
   [Code Root Fixup: 0.2 ms]
   [Code Root Migration: 0.1 ms]
   [Clear CT: 0.3 ms]
   [Other: 1.4 ms]
      [Choose CSet: 0.0 ms]
      [Ref Proc: 0.1 ms]
      [Ref Enq: 0.0 ms]
      [Free CSet: 0.5 ms]
   [Eden: 724.0M(724.0M)->0.0B(340.0M) Survivors: 12.0M->44.0M Heap: 3289.6M(5632.0M)->2598.6M(5632.0M)]
 [Times: user=0.34 sys=0.00, real=0.16 secs] 
2014-06-25T02:34:10.521+0000: 8592.970: [GC concurrent-root-region-scan-start]
2014-06-25T02:34:10.521+0000: 8592.970: Total time for which application threads were stopped: 0.1738589 seconds
2014-06-25T02:34:10.616+0000: 8593.065: [GC concurrent-root-region-scan-end, 0.0946899 secs]
2014-06-25T02:34:10.616+0000: 8593.065: [GC concurrent-mark-start]
2014-06-25T02:34:11.754+0000: 8594.203: [GC pause (G1 Evacuation Pause) (young)
Desired survivor size 25165824 bytes, new threshold 1 (max 15)
- age   1:   34734264 bytes,   34734264 total
- age   2:   10499512 bytes,   45233776 total
, 0.1987513 secs]
   [Parallel Time: 197.3 ms, GC Workers: 2]
      [GC Worker Start (ms): Min: 8594203.3, Avg: 8594203.3, Max: 8594203.3, Diff: 0.0]
      [Ext Root Scanning (ms): Min: 1.1, Avg: 1.3, Max: 1.4, Diff: 0.2, Sum: 2.5]
      [SATB Filtering (ms): Min: 0.0, Avg: 0.0, Max: 0.0, Diff: 0.0, Sum: 0.0]
      [Update RS (ms): Min: 21.1, Avg: 21.3, Max: 21.4, Diff: 0.2, Sum: 42.5]
         [Processed Buffers: Min: 15, Avg: 22.0, Max: 29, Diff: 14, Sum: 44]
      [Scan RS (ms): Min: 0.4, Avg: 0.5, Max: 0.6, Diff: 0.2, Sum: 1.0]
      [Code Root Scanning (ms): Min: 0.1, Avg: 0.1, Max: 0.1, Diff: 0.0, Sum: 0.2]
      [Object Copy (ms): Min: 174.0, Avg: 174.1, Max: 174.2, Diff: 0.2, Sum: 348.1]
      [Termination (ms): Min: 0.0, Avg: 0.0, Max: 0.0, Diff: 0.0, Sum: 0.0]
      [GC Worker Other (ms): Min: 0.0, Avg: 0.0, Max: 0.0, Diff: 0.0, Sum: 0.1]
      [GC Worker Total (ms): Min: 197.3, Avg: 197.3, Max: 197.3, Diff: 0.0, Sum: 394.5]
      [GC Worker End (ms): Min: 8594400.5, Avg: 8594400.5, Max: 8594400.5, Diff: 0.0]
   [Code Root Fixup: 0.2 ms]
   [Code Root Migration: 0.0 ms]
   [Clear CT: 0.1 ms]
   [Other: 1.1 ms]
      [Choose CSet: 0.0 ms]
      [Ref Proc: 0.2 ms]
      [Ref Enq: 0.0 ms]
      [Free CSet: 0.3 ms]
   [Eden: 340.0M(340.0M)->0.0B(628.0M) Survivors: 44.0M->18.0M Heap: 2938.6M(5632.0M)->2616.6M(5632.0M)]
 [Times: user=0.40 sys=0.00, real=0.20 secs] 
2014-06-25T02:34:11.953+0000: 8594.402: Total time for which application threads were stopped: 0.1993829 seconds
2014-06-25T02:34:11.976+0000: 8594.425: Total time for which application threads were stopped: 0.0034655 seconds
2014-06-25T02:34:11.996+0000: 8594.445: Total time for which application threads were stopped: 0.0042150 seconds
2014-06-25T02:34:13.876+0000: 8596.325: [GC pause (G1 Evacuation Pause) (young)
Desired survivor size 42991616 bytes, new threshold 15 (max 15)
- age   1:   18262448 bytes,   18262448 total
, 0.2597687 secs]
   [Parallel Time: 258.4 ms, GC Workers: 2]
      [GC Worker Start (ms): Min: 8596325.0, Avg: 8596325.0, Max: 8596325.0, Diff: 0.0]
      [Ext Root Scanning (ms): Min: 1.1, Avg: 1.2, Max: 1.3, Diff: 0.2, Sum: 2.5]
      [SATB Filtering (ms): Min: 0.0, Avg: 0.0, Max: 0.1, Diff: 0.1, Sum: 0.1]
      [Update RS (ms): Min: 127.0, Avg: 127.0, Max: 127.1, Diff: 0.1, Sum: 254.1]
         [Processed Buffers: Min: 181, Avg: 194.0, Max: 207, Diff: 26, Sum: 388]
      [Scan RS (ms): Min: 0.6, Avg: 0.6, Max: 0.7, Diff: 0.0, Sum: 1.3]
      [Code Root Scanning (ms): Min: 0.1, Avg: 0.2, Max: 0.2, Diff: 0.0, Sum: 0.3]
      [Object Copy (ms): Min: 129.2, Avg: 129.2, Max: 129.3, Diff: 0.0, Sum: 258.5]
      [Termination (ms): Min: 0.0, Avg: 0.0, Max: 0.0, Diff: 0.0, Sum: 0.0]
      [GC Worker Other (ms): Min: 0.0, Avg: 0.0, Max: 0.0, Diff: 0.0, Sum: 0.1]
      [GC Worker Total (ms): Min: 258.4, Avg: 258.4, Max: 258.4, Diff: 0.0, Sum: 516.8]
      [GC Worker End (ms): Min: 8596583.4, Avg: 8596583.4, Max: 8596583.4, Diff: 0.0]
   [Code Root Fixup: 0.2 ms]
   [Code Root Migration: 0.0 ms]
   [Clear CT: 0.2 ms]
   [Other: 0.9 ms]
      [Choose CSet: 0.0 ms]
      [Ref Proc: 0.2 ms]
      [Ref Enq: 0.0 ms]
      [Free CSet: 0.5 ms]
   [Eden: 628.0M(628.0M)->0.0B(232.0M) Survivors: 18.0M->48.0M Heap: 3244.6M(5632.0M)->2645.6M(5632.0M)]
 [Times: user=0.52 sys=0.00, real=0.26 secs] 
2014-06-25T02:34:14.138+0000: 8596.587: Total time for which application threads were stopped: 0.2624578 seconds
2014-06-25T02:34:14.995+0000: 8597.445: [GC pause (G1 Evacuation Pause) (young)
Desired survivor size 18874368 bytes, new threshold 1 (max 15)
- age   1:   29786920 bytes,   29786920 total
- age   2:   18237520 bytes,   48024440 total
, 0.1814680 secs]
   [Parallel Time: 180.1 ms, GC Workers: 2]
      [GC Worker Start (ms): Min: 8597444.7, Avg: 8597444.7, Max: 8597444.8, Diff: 0.0]
      [Ext Root Scanning (ms): Min: 1.1, Avg: 1.2, Max: 1.4, Diff: 0.2, Sum: 2.5]
      [SATB Filtering (ms): Min: 0.0, Avg: 0.0, Max: 0.1, Diff: 0.1, Sum: 0.1]
      [Update RS (ms): Min: 13.8, Avg: 13.8, Max: 13.8, Diff: 0.0, Sum: 27.7]
         [Processed Buffers: Min: 9, Avg: 19.0, Max: 29, Diff: 20, Sum: 38]
      [Scan RS (ms): Min: 0.2, Avg: 0.2, Max: 0.2, Diff: 0.0, Sum: 0.4]
      [Code Root Scanning (ms): Min: 0.1, Avg: 0.1, Max: 0.1, Diff: 0.0, Sum: 0.1]
      [Object Copy (ms): Min: 164.6, Avg: 164.7, Max: 164.8, Diff: 0.2, Sum: 329.4]
      [Termination (ms): Min: 0.0, Avg: 0.0, Max: 0.0, Diff: 0.0, Sum: 0.0]
      [GC Worker Other (ms): Min: 0.0, Avg: 0.0, Max: 0.0, Diff: 0.0, Sum: 0.1]
      [GC Worker Total (ms): Min: 180.0, Avg: 180.1, Max: 180.1, Diff: 0.0, Sum: 360.1]
      [GC Worker End (ms): Min: 8597624.8, Avg: 8597624.8, Max: 8597624.8, Diff: 0.0]
   [Code Root Fixup: 0.2 ms]
   [Code Root Migration: 0.0 ms]
   [Clear CT: 0.1 ms]
   [Other: 1.0 ms]
      [Choose CSet: 0.0 ms]
      [Ref Proc: 0.2 ms]
      [Ref Enq: 0.0 ms]
      [Free CSet: 0.3 ms]
   [Eden: 232.0M(232.0M)->0.0B(268.0M) Survivors: 48.0M->12.0M Heap: 2877.6M(5632.0M)->2657.6M(5632.0M)]
 [Times: user=0.36 sys=0.00, real=0.18 secs] 
2014-06-25T02:34:15.177+0000: 8597.626: Total time for which application threads were stopped: 0.1860586 seconds
2014-06-25T02:34:16.140+0000: 8598.589: [GC pause (G1 Evacuation Pause) (young)
Desired survivor size 18874368 bytes, new threshold 15 (max 15)
- age   1:   12302992 bytes,   12302992 total
, 0.0993142 secs]
   [Parallel Time: 98.3 ms, GC Workers: 2]
      [GC Worker Start (ms): Min: 8598589.0, Avg: 8598589.0, Max: 8598589.0, Diff: 0.0]
      [Ext Root Scanning (ms): Min: 1.1, Avg: 1.3, Max: 1.4, Diff: 0.2, Sum: 2.5]
      [SATB Filtering (ms): Min: 0.0, Avg: 0.0, Max: 0.0, Diff: 0.0, Sum: 0.0]
      [Update RS (ms): Min: 15.6, Avg: 15.6, Max: 15.7, Diff: 0.1, Sum: 31.3]
         [Processed Buffers: Min: 13, Avg: 19.5, Max: 26, Diff: 13, Sum: 39]
      [Scan RS (ms): Min: 4.0, Avg: 4.0, Max: 4.0, Diff: 0.0, Sum: 8.0]
      [Code Root Scanning (ms): Min: 0.0, Avg: 0.1, Max: 0.1, Diff: 0.0, Sum: 0.1]
      [Object Copy (ms): Min: 77.1, Avg: 77.2, Max: 77.4, Diff: 0.2, Sum: 154.5]
      [Termination (ms): Min: 0.0, Avg: 0.0, Max: 0.0, Diff: 0.0, Sum: 0.0]
      [GC Worker Other (ms): Min: 0.0, Avg: 0.0, Max: 0.0, Diff: 0.0, Sum: 0.1]
      [GC Worker Total (ms): Min: 98.2, Avg: 98.2, Max: 98.2, Diff: 0.0, Sum: 196.5]
      [GC Worker End (ms): Min: 8598687.2, Avg: 8598687.2, Max: 8598687.2, Diff: 0.0]
   [Code Root Fixup: 0.2 ms]
   [Code Root Migration: 0.0 ms]
   [Clear CT: 0.1 ms]
   [Other: 0.7 ms]
      [Choose CSet: 0.0 ms]
      [Ref Proc: 0.2 ms]
      [Ref Enq: 0.0 ms]
      [Free CSet: 0.3 ms]
   [Eden: 268.0M(268.0M)->0.0B(252.0M) Survivors: 12.0M->28.0M Heap: 2925.6M(5632.0M)->2673.6M(5632.0M)]
 [Times: user=0.20 sys=0.00, real=0.09 secs] 
2014-06-25T02:34:16.239+0000: 8598.688: Total time for which application threads were stopped: 0.1013577 seconds
2014-06-25T02:34:17.104+0000: 8599.553: [GC pause (G1 Evacuation Pause) (young)
Desired survivor size 18874368 bytes, new threshold 2 (max 15)
- age   1:   16333088 bytes,   16333088 total
- age   2:   12287888 bytes,   28620976 total
, 0.1340410 secs]
   [Parallel Time: 133.0 ms, GC Workers: 2]
      [GC Worker Start (ms): Min: 8599553.2, Avg: 8599553.2, Max: 8599553.3, Diff: 0.0]
      [Ext Root Scanning (ms): Min: 1.1, Avg: 1.3, Max: 1.4, Diff: 0.2, Sum: 2.5]
      [SATB Filtering (ms): Min: 0.0, Avg: 0.0, Max: 0.0, Diff: 0.0, Sum: 0.0]
      [Update RS (ms): Min: 13.8, Avg: 13.8, Max: 13.8, Diff: 0.0, Sum: 27.6]
         [Processed Buffers: Min: 12, Avg: 16.5, Max: 21, Diff: 9, Sum: 33]
      [Scan RS (ms): Min: 0.2, Avg: 0.2, Max: 0.2, Diff: 0.0, Sum: 0.4]
      [Code Root Scanning (ms): Min: 0.1, Avg: 0.1, Max: 0.1, Diff: 0.0, Sum: 0.1]
      [Object Copy (ms): Min: 117.5, Avg: 117.6, Max: 117.7, Diff: 0.2, Sum: 235.2]
      [Termination (ms): Min: 0.0, Avg: 0.0, Max: 0.0, Diff: 0.0, Sum: 0.0]
      [GC Worker Other (ms): Min: 0.0, Avg: 0.0, Max: 0.0, Diff: 0.0, Sum: 0.1]
      [GC Worker Total (ms): Min: 132.9, Avg: 132.9, Max: 132.9, Diff: 0.0, Sum: 265.9]
      [GC Worker End (ms): Min: 8599686.2, Avg: 8599686.2, Max: 8599686.2, Diff: 0.0]
   [Code Root Fixup: 0.2 ms]
   [Code Root Migration: 0.0 ms]
   [Clear CT: 0.1 ms]
   [Other: 0.7 ms]
      [Choose CSet: 0.0 ms]
      [Ref Proc: 0.2 ms]
      [Ref Enq: 0.0 ms]
      [Free CSet: 0.3 ms]
   [Eden: 252.0M(252.0M)->0.0B(250.0M) Survivors: 28.0M->30.0M Heap: 2925.6M(5632.0M)->2687.6M(5632.0M)]
 [Times: user=0.27 sys=0.00, real=0.13 secs] 
2014-06-25T02:34:17.238+0000: 8599.687: Total time for which application threads were stopped: 0.1346814 seconds
2014-06-25T02:34:18.198+0000: 8600.647: [GC pause (G1 Evacuation Pause) (young)
Desired survivor size 18874368 bytes, new threshold 2 (max 15)
- age   1:   14961296 bytes,   14961296 total
- age   2:   16294312 bytes,   31255608 total
, 0.1479104 secs]
   [Parallel Time: 146.8 ms, GC Workers: 2]
      [GC Worker Start (ms): Min: 8600647.5, Avg: 8600647.5, Max: 8600647.5, Diff: 0.0]
      [Ext Root Scanning (ms): Min: 1.1, Avg: 1.3, Max: 1.4, Diff: 0.2, Sum: 2.5]
      [SATB Filtering (ms): Min: 0.0, Avg: 0.0, Max: 0.0, Diff: 0.0, Sum: 0.0]
      [Update RS (ms): Min: 20.6, Avg: 21.2, Max: 21.9, Diff: 1.2, Sum: 42.5]
         [Processed Buffers: Min: 19, Avg: 29.0, Max: 39, Diff: 20, Sum: 58]
      [Scan RS (ms): Min: 3.1, Avg: 3.6, Max: 4.2, Diff: 1.1, Sum: 7.3]
      [Code Root Scanning (ms): Min: 0.0, Avg: 0.1, Max: 0.1, Diff: 0.1, Sum: 0.1]
      [Object Copy (ms): Min: 120.4, Avg: 120.5, Max: 120.6, Diff: 0.2, Sum: 241.1]
      [Termination (ms): Min: 0.0, Avg: 0.0, Max: 0.0, Diff: 0.0, Sum: 0.0]
      [GC Worker Other (ms): Min: 0.0, Avg: 0.0, Max: 0.0, Diff: 0.0, Sum: 0.1]
      [GC Worker Total (ms): Min: 146.8, Avg: 146.8, Max: 146.8, Diff: 0.0, Sum: 293.5]
      [GC Worker End (ms): Min: 8600794.3, Avg: 8600794.3, Max: 8600794.3, Diff: 0.0]
   [Code Root Fixup: 0.2 ms]
   [Code Root Migration: 0.0 ms]
   [Clear CT: 0.1 ms]
   [Other: 0.8 ms]
      [Choose CSet: 0.0 ms]
      [Ref Proc: 0.2 ms]
      [Ref Enq: 0.0 ms]
      [Free CSet: 0.3 ms]
   [Eden: 250.0M(250.0M)->0.0B(290.0M) Survivors: 30.0M->28.0M Heap: 2937.6M(5632.0M)->2701.6M(5632.0M)]
 [Times: user=0.30 sys=0.00, real=0.15 secs] 
2014-06-25T02:34:18.346+0000: 8600.796: Total time for which application threads were stopped: 0.1485529 seconds
2014-06-25T02:34:19.346+0000: 8601.796: [GC pause (G1 Evacuation Pause) (young)
Desired survivor size 20971520 bytes, new threshold 2 (max 15)
- age   1:   13246512 bytes,   13246512 total
- age   2:   14944720 bytes,   28191232 total
, 0.1439247 secs]
   [Parallel Time: 142.8 ms, GC Workers: 2]
      [GC Worker Start (ms): Min: 8601795.7, Avg: 8601795.7, Max: 8601795.7, Diff: 0.0]
      [Ext Root Scanning (ms): Min: 1.1, Avg: 1.2, Max: 1.4, Diff: 0.2, Sum: 2.5]
      [SATB Filtering (ms): Min: 0.0, Avg: 0.0, Max: 0.0, Diff: 0.0, Sum: 0.0]
      [Update RS (ms): Min: 19.8, Avg: 20.4, Max: 21.0, Diff: 1.3, Sum: 40.8]
         [Processed Buffers: Min: 17, Avg: 25.5, Max: 34, Diff: 17, Sum: 51]
      [Scan RS (ms): Min: 2.5, Avg: 3.2, Max: 3.8, Diff: 1.2, Sum: 6.3]
      [Code Root Scanning (ms): Min: 0.0, Avg: 0.1, Max: 0.1, Diff: 0.1, Sum: 0.2]
      [Object Copy (ms): Min: 117.6, Avg: 117.8, Max: 117.9, Diff: 0.3, Sum: 235.5]
      [Termination (ms): Min: 0.0, Avg: 0.0, Max: 0.0, Diff: 0.0, Sum: 0.0]
      [GC Worker Other (ms): Min: 0.0, Avg: 0.0, Max: 0.0, Diff: 0.0, Sum: 0.1]
      [GC Worker Total (ms): Min: 142.7, Avg: 142.7, Max: 142.7, Diff: 0.0, Sum: 285.4]
      [GC Worker End (ms): Min: 8601938.4, Avg: 8601938.4, Max: 8601938.4, Diff: 0.0]
   [Code Root Fixup: 0.2 ms]
   [Code Root Migration: 0.0 ms]
   [Clear CT: 0.1 ms]
   [Other: 0.8 ms]
      [Choose CSet: 0.0 ms]
      [Ref Proc: 0.2 ms]
      [Ref Enq: 0.0 ms]
      [Free CSet: 0.3 ms]
   [Eden: 290.0M(290.0M)->0.0B(352.0M) Survivors: 28.0M->28.0M Heap: 2991.6M(5632.0M)->2717.6M(5632.0M)]
 [Times: user=0.29 sys=0.01, real=0.14 secs] 
2014-06-25T02:34:19.491+0000: 8601.940: Total time for which application threads were stopped: 0.1444986 seconds
2014-06-25T02:34:19.971+0000: 8602.420: [GC concurrent-mark-end, 9.3548213 secs]
2014-06-25T02:34:19.972+0000: 8602.421: [GC remark 8602.423: [GC ref-proc, 0.0013399 secs], 0.0232089 secs]
 [Times: user=0.04 sys=0.00, real=0.02 secs] 
2014-06-25T02:34:19.995+0000: 8602.444: Total time for which application threads were stopped: 0.0242861 seconds
2014-06-25T02:34:19.996+0000: 8602.445: [GC cleanup 2867M->2860M(5632M), 0.0653295 secs]
 [Times: user=0.13 sys=0.00, real=0.07 secs] 
2014-06-25T02:34:20.061+0000: 8602.510: Total time for which application threads were stopped: 0.0657859 seconds
2014-06-25T02:34:20.061+0000: 8602.510: [GC concurrent-cleanup-start]
2014-06-25T02:34:20.061+0000: 8602.510: [GC concurrent-cleanup-end, 0.0000328 secs]
2014-06-25T02:34:20.498+0000: 8602.947: [GC pause (G1 Evacuation Pause) (young)
Desired survivor size 25165824 bytes, new threshold 2 (max 15)
- age   1:   15254336 bytes,   15254336 total
- age   2:   13232376 bytes,   28486712 total
, 0.1422002 secs]
   [Parallel Time: 141.1 ms, GC Workers: 2]
      [GC Worker Start (ms): Min: 8602947.1, Avg: 8602947.1, Max: 8602947.1, Diff: 0.0]
      [Ext Root Scanning (ms): Min: 1.2, Avg: 1.3, Max: 1.4, Diff: 0.3, Sum: 2.6]
      [Update RS (ms): Min: 19.8, Avg: 20.4, Max: 20.9, Diff: 1.1, Sum: 40.7]
         [Processed Buffers: Min: 16, Avg: 25.0, Max: 34, Diff: 18, Sum: 50]
      [Scan RS (ms): Min: 2.5, Avg: 3.2, Max: 3.8, Diff: 1.3, Sum: 6.3]
      [Code Root Scanning (ms): Min: 0.1, Avg: 0.1, Max: 0.1, Diff: 0.0, Sum: 0.2]
      [Object Copy (ms): Min: 116.0, Avg: 116.1, Max: 116.1, Diff: 0.1, Sum: 232.2]
      [Termination (ms): Min: 0.0, Avg: 0.0, Max: 0.0, Diff: 0.0, Sum: 0.0]
      [GC Worker Other (ms): Min: 0.0, Avg: 0.0, Max: 0.0, Diff: 0.0, Sum: 0.1]
      [GC Worker Total (ms): Min: 141.0, Avg: 141.0, Max: 141.0, Diff: 0.0, Sum: 282.1]
      [GC Worker End (ms): Min: 8603088.1, Avg: 8603088.1, Max: 8603088.1, Diff: 0.0]
   [Code Root Fixup: 0.2 ms]
   [Code Root Migration: 0.0 ms]
   [Clear CT: 0.2 ms]
   [Other: 0.7 ms]
      [Choose CSet: 0.0 ms]
      [Ref Proc: 0.1 ms]
      [Ref Enq: 0.0 ms]
      [Free CSet: 0.3 ms]
   [Eden: 352.0M(352.0M)->0.0B(248.0M) Survivors: 28.0M->32.0M Heap: 3062.6M(5632.0M)->2727.6M(5632.0M)]
 [Times: user=0.28 sys=0.00, real=0.15 secs] 
2014-06-25T02:34:20.640+0000: 8603.089: Total time for which application threads were stopped: 0.1428427 seconds
2014-06-25T02:34:21.195+0000: 8603.644: [GC pause (G1 Evacuation Pause) (mixed)
Desired survivor size 18874368 bytes, new threshold 2 (max 15)
- age   1:   14445296 bytes,   14445296 total
- age   2:   15241144 bytes,   29686440 total
, 0.3032249 secs]
   [Parallel Time: 299.1 ms, GC Workers: 2]
      [GC Worker Start (ms): Min: 8603645.2, Avg: 8603645.2, Max: 8603645.2, Diff: 0.0]
      [Ext Root Scanning (ms): Min: 1.2, Avg: 1.4, Max: 1.6, Diff: 0.3, Sum: 2.8]
      [Update RS (ms): Min: 19.1, Avg: 19.6, Max: 20.2, Diff: 1.1, Sum: 39.3]
         [Processed Buffers: Min: 14, Avg: 21.0, Max: 28, Diff: 14, Sum: 42]
      [Scan RS (ms): Min: 127.9, Avg: 128.4, Max: 128.9, Diff: 1.0, Sum: 256.8]
      [Code Root Scanning (ms): Min: 0.1, Avg: 0.1, Max: 0.2, Diff: 0.1, Sum: 0.3]
      [Object Copy (ms): Min: 149.4, Avg: 149.4, Max: 149.5, Diff: 0.2, Sum: 298.9]
      [Termination (ms): Min: 0.0, Avg: 0.0, Max: 0.0, Diff: 0.0, Sum: 0.0]
      [GC Worker Other (ms): Min: 0.0, Avg: 0.0, Max: 0.0, Diff: 0.0, Sum: 0.1]
      [GC Worker Total (ms): Min: 299.0, Avg: 299.0, Max: 299.0, Diff: 0.0, Sum: 598.0]
      [GC Worker End (ms): Min: 8603944.2, Avg: 8603944.2, Max: 8603944.2, Diff: 0.0]
   [Code Root Fixup: 0.2 ms]
   [Code Root Migration: 0.0 ms]
   [Clear CT: 0.8 ms]
   [Other: 3.1 ms]
      [Choose CSet: 0.6 ms]
      [Ref Proc: 0.1 ms]
      [Ref Enq: 0.0 ms]
      [Free CSet: 1.1 ms]
   [Eden: 248.0M(248.0M)->0.0B(254.0M) Survivors: 32.0M->26.0M Heap: 2975.6M(5632.0M)->2544.6M(5632.0M)]
 [Times: user=0.61 sys=0.00, real=0.30 secs] 
2014-06-25T02:34:21.499+0000: 8603.948: Total time for which application threads were stopped: 0.3038096 seconds
2014-06-25T02:34:22.311+0000: 8604.760: [GC pause (G1 Evacuation Pause) (mixed)
Desired survivor size 18874368 bytes, new threshold 2 (max 15)
- age   1:   11746488 bytes,   11746488 total
- age   2:   14431752 bytes,   26178240 total
, 0.4386478 secs]
   [Parallel Time: 431.9 ms, GC Workers: 2]
      [GC Worker Start (ms): Min: 8604762.0, Avg: 8604762.0, Max: 8604762.0, Diff: 0.0]
      [Ext Root Scanning (ms): Min: 1.2, Avg: 1.4, Max: 1.5, Diff: 0.3, Sum: 2.8]
      [Update RS (ms): Min: 26.3, Avg: 30.5, Max: 34.8, Diff: 8.6, Sum: 61.1]
         [Processed Buffers: Min: 7, Avg: 26.5, Max: 46, Diff: 39, Sum: 53]
      [Scan RS (ms): Min: 235.6, Avg: 239.7, Max: 243.8, Diff: 8.3, Sum: 479.4]
      [Code Root Scanning (ms): Min: 0.1, Avg: 0.1, Max: 0.2, Diff: 0.2, Sum: 0.3]
      [Object Copy (ms): Min: 160.0, Avg: 160.1, Max: 160.2, Diff: 0.2, Sum: 320.1]
      [Termination (ms): Min: 0.0, Avg: 0.0, Max: 0.0, Diff: 0.0, Sum: 0.0]
      [GC Worker Other (ms): Min: 0.0, Avg: 0.0, Max: 0.0, Diff: 0.0, Sum: 0.1]
      [GC Worker Total (ms): Min: 431.9, Avg: 431.9, Max: 431.9, Diff: 0.0, Sum: 863.8]
      [GC Worker End (ms): Min: 8605193.9, Avg: 8605193.9, Max: 8605193.9, Diff: 0.0]
   [Code Root Fixup: 0.2 ms]
   [Code Root Migration: 0.0 ms]
   [Clear CT: 0.8 ms]
   [Other: 5.7 ms]
      [Choose CSet: 1.6 ms]
      [Ref Proc: 0.1 ms]
      [Ref Enq: 0.0 ms]
      [Free CSet: 1.8 ms]
   [Eden: 254.0M(254.0M)->0.0B(256.0M) Survivors: 26.0M->24.0M Heap: 2798.6M(5632.0M)->2366.6M(5632.0M)]
 [Times: user=0.82 sys=0.00, real=0.44 secs] 
2014-06-25T02:34:22.750+0000: 8605.199: Total time for which application threads were stopped: 0.4431498 seconds
2014-06-25T02:34:23.582+0000: 8606.031: [GC pause (G1 Evacuation Pause) (mixed)
Desired survivor size 18874368 bytes, new threshold 2 (max 15)
- age   1:   11634000 bytes,   11634000 total
- age   2:   11733400 bytes,   23367400 total
, 0.4512533 secs]
   [Parallel Time: 444.3 ms, GC Workers: 2]
      [GC Worker Start (ms): Min: 8606032.9, Avg: 8606032.9, Max: 8606032.9, Diff: 0.0]
      [Ext Root Scanning (ms): Min: 1.2, Avg: 1.4, Max: 1.6, Diff: 0.4, Sum: 2.8]
      [Update RS (ms): Min: 17.7, Avg: 18.1, Max: 18.6, Diff: 0.9, Sum: 36.2]
         [Processed Buffers: Min: 12, Avg: 23.5, Max: 35, Diff: 23, Sum: 47]
      [Scan RS (ms): Min: 265.9, Avg: 266.6, Max: 267.2, Diff: 1.2, Sum: 533.1]
      [Code Root Scanning (ms): Min: 0.1, Avg: 0.1, Max: 0.2, Diff: 0.1, Sum: 0.3]
      [Object Copy (ms): Min: 157.8, Avg: 157.9, Max: 158.0, Diff: 0.2, Sum: 315.9]
      [Termination (ms): Min: 0.0, Avg: 0.0, Max: 0.0, Diff: 0.0, Sum: 0.0]
      [GC Worker Other (ms): Min: 0.0, Avg: 0.0, Max: 0.0, Diff: 0.0, Sum: 0.1]
      [GC Worker Total (ms): Min: 444.2, Avg: 444.2, Max: 444.2, Diff: 0.0, Sum: 888.4]
      [GC Worker End (ms): Min: 8606477.1, Avg: 8606477.1, Max: 8606477.1, Diff: 0.0]
   [Code Root Fixup: 0.2 ms]
   [Code Root Migration: 0.0 ms]
   [Clear CT: 0.8 ms]
   [Other: 6.0 ms]
      [Choose CSet: 1.5 ms]
      [Ref Proc: 0.1 ms]
      [Ref Enq: 0.0 ms]
      [Free CSet: 2.0 ms]
   [Eden: 256.0M(256.0M)->0.0B(256.0M) Survivors: 24.0M->24.0M Heap: 2622.6M(5632.0M)->2187.6M(5632.0M)]
 [Times: user=0.89 sys=0.00, real=0.45 secs] 
2014-06-25T02:34:24.034+0000: 8606.483: Total time for which application threads were stopped: 0.4518320 seconds
2014-06-25T02:34:24.873+0000: 8607.322: [GC pause (G1 Evacuation Pause) (mixed)
Desired survivor size 18874368 bytes, new threshold 2 (max 15)
- age   1:   11935696 bytes,   11935696 total
- age   2:   11621360 bytes,   23557056 total
, 0.4882256 secs]
   [Parallel Time: 480.4 ms, GC Workers: 2]
      [GC Worker Start (ms): Min: 8607323.8, Avg: 8607323.8, Max: 8607323.8, Diff: 0.0]
      [Ext Root Scanning (ms): Min: 1.2, Avg: 1.4, Max: 1.6, Diff: 0.4, Sum: 2.8]
      [Update RS (ms): Min: 17.2, Avg: 17.3, Max: 17.3, Diff: 0.1, Sum: 34.5]
         [Processed Buffers: Min: 11, Avg: 22.5, Max: 34, Diff: 23, Sum: 45]
      [Scan RS (ms): Min: 289.8, Avg: 289.9, Max: 290.0, Diff: 0.1, Sum: 579.8]
      [Code Root Scanning (ms): Min: 0.1, Avg: 0.1, Max: 0.2, Diff: 0.1, Sum: 0.3]
      [Object Copy (ms): Min: 171.4, Avg: 171.6, Max: 171.8, Diff: 0.4, Sum: 343.2]
      [Termination (ms): Min: 0.0, Avg: 0.0, Max: 0.0, Diff: 0.0, Sum: 0.0]
      [GC Worker Other (ms): Min: 0.0, Avg: 0.0, Max: 0.0, Diff: 0.0, Sum: 0.1]
      [GC Worker Total (ms): Min: 480.3, Avg: 480.3, Max: 480.4, Diff: 0.0, Sum: 960.7]
      [GC Worker End (ms): Min: 8607804.1, Avg: 8607804.1, Max: 8607804.1, Diff: 0.0]
   [Code Root Fixup: 0.2 ms]
   [Code Root Migration: 0.0 ms]
   [Clear CT: 0.8 ms]
   [Other: 6.8 ms]
      [Choose CSet: 1.8 ms]
      [Ref Proc: 0.1 ms]
      [Ref Enq: 0.0 ms]
      [Free CSet: 2.3 ms]
   [Eden: 256.0M(256.0M)->0.0B(256.0M) Survivors: 24.0M->24.0M Heap: 2443.6M(5632.0M)->2012.6M(5632.0M)]
 [Times: user=0.97 sys=0.01, real=0.49 secs] 
2014-06-25T02:34:25.366+0000: 8607.815: Total time for which application threads were stopped: 0.4940150 seconds
2014-06-25T02:34:26.266+0000: 8608.715: [GC pause (G1 Evacuation Pause) (mixed)
Desired survivor size 18874368 bytes, new threshold 2 (max 15)
- age   1:   11974336 bytes,   11974336 total
- age   2:   11922208 bytes,   23896544 total
, 0.4838448 secs]
   [Parallel Time: 475.7 ms, GC Workers: 2]
      [GC Worker Start (ms): Min: 8608716.7, Avg: 8608716.7, Max: 8608716.7, Diff: 0.0]
      [Ext Root Scanning (ms): Min: 1.2, Avg: 1.4, Max: 1.6, Diff: 0.4, Sum: 2.8]
      [Update RS (ms): Min: 21.6, Avg: 21.7, Max: 21.7, Diff: 0.1, Sum: 43.3]
         [Processed Buffers: Min: 33, Avg: 37.5, Max: 42, Diff: 9, Sum: 75]
      [Scan RS (ms): Min: 289.3, Avg: 289.4, Max: 289.4, Diff: 0.1, Sum: 578.8]
      [Code Root Scanning (ms): Min: 0.2, Avg: 0.2, Max: 0.2, Diff: 0.0, Sum: 0.4]
      [Object Copy (ms): Min: 162.9, Avg: 163.0, Max: 163.0, Diff: 0.1, Sum: 325.9]
      [Termination (ms): Min: 0.0, Avg: 0.0, Max: 0.0, Diff: 0.0, Sum: 0.0]
      [GC Worker Other (ms): Min: 0.0, Avg: 0.0, Max: 0.0, Diff: 0.0, Sum: 0.1]
      [GC Worker Total (ms): Min: 475.6, Avg: 475.6, Max: 475.6, Diff: 0.0, Sum: 951.3]
      [GC Worker End (ms): Min: 8609192.3, Avg: 8609192.3, Max: 8609192.3, Diff: 0.0]
   [Code Root Fixup: 0.3 ms]
   [Code Root Migration: 0.2 ms]
   [Clear CT: 0.8 ms]
   [Other: 6.9 ms]
      [Choose CSet: 1.7 ms]
      [Ref Proc: 0.1 ms]
      [Ref Enq: 0.0 ms]
      [Free CSet: 2.3 ms]
   [Eden: 256.0M(256.0M)->0.0B(256.0M) Survivors: 24.0M->24.0M Heap: 2272.6M(5632.0M)->1856.6M(5632.0M)]
 [Times: user=0.96 sys=0.00, real=0.48 secs] 
2014-06-25T02:34:26.750+0000: 8609.199: Total time for which application threads were stopped: 0.4869221 seconds
2014-06-25T02:34:27.733+0000: 8610.182: [GC pause (G1 Evacuation Pause) (young)
Desired survivor size 18874368 bytes, new threshold 2 (max 15)
- age   1:   11675368 bytes,   11675368 total
- age   2:   11959712 bytes,   23635080 total
, 0.1296157 secs]
   [Parallel Time: 128.3 ms, GC Workers: 2]
      [GC Worker Start (ms): Min: 8610181.9, Avg: 8610181.9, Max: 8610182.0, Diff: 0.0]
      [Ext Root Scanning (ms): Min: 1.1, Avg: 1.2, Max: 1.4, Diff: 0.2, Sum: 2.5]
      [Update RS (ms): Min: 14.5, Avg: 14.6, Max: 14.6, Diff: 0.1, Sum: 29.1]
         [Processed Buffers: Min: 11, Avg: 20.0, Max: 29, Diff: 18, Sum: 40]
      [Scan RS (ms): Min: 16.5, Avg: 16.7, Max: 16.8, Diff: 0.3, Sum: 33.3]
      [Code Root Scanning (ms): Min: 0.1, Avg: 0.1, Max: 0.1, Diff: 0.0, Sum: 0.1]
      [Object Copy (ms): Min: 95.6, Avg: 95.6, Max: 95.7, Diff: 0.1, Sum: 191.2]
      [Termination (ms): Min: 0.0, Avg: 0.0, Max: 0.0, Diff: 0.0, Sum: 0.0]
      [GC Worker Other (ms): Min: 0.0, Avg: 0.0, Max: 0.0, Diff: 0.0, Sum: 0.1]
      [GC Worker Total (ms): Min: 128.2, Avg: 128.2, Max: 128.2, Diff: 0.0, Sum: 256.4]
      [GC Worker End (ms): Min: 8610310.1, Avg: 8610310.1, Max: 8610310.1, Diff: 0.0]
   [Code Root Fixup: 0.2 ms]
   [Code Root Migration: 0.0 ms]
   [Clear CT: 0.2 ms]
   [Other: 0.9 ms]
      [Choose CSet: 0.0 ms]
      [Ref Proc: 0.1 ms]
      [Ref Enq: 0.0 ms]
      [Free CSet: 0.3 ms]
   [Eden: 256.0M(256.0M)->0.0B(258.0M) Survivors: 24.0M->22.0M Heap: 2112.6M(5632.0M)->1867.6M(5632.0M)]
 [Times: user=0.26 sys=0.00, real=0.13 secs] 
2014-06-25T02:34:27.862+0000: 8610.312: Total time for which application threads were stopped: 0.1301897 seconds
2014-06-25T02:34:28.471+0000: 8610.921: [GC pause (G1 Evacuation Pause) (young)
Desired survivor size 18874368 bytes, new threshold 2 (max 15)
- age   1:   10989616 bytes,   10989616 total
- age   2:   11663104 bytes,   22652720 total
, 0.1312796 secs]
   [Parallel Time: 130.1 ms, GC Workers: 2]
      [GC Worker Start (ms): Min: 8610920.7, Avg: 8610920.7, Max: 8610920.7, Diff: 0.0]
      [Ext Root Scanning (ms): Min: 1.1, Avg: 1.3, Max: 1.4, Diff: 0.3, Sum: 2.6]
      [Update RS (ms): Min: 20.7, Avg: 20.8, Max: 20.9, Diff: 0.2, Sum: 41.6]
         [Processed Buffers: Min: 13, Avg: 23.0, Max: 33, Diff: 20, Sum: 46]
      [Scan RS (ms): Min: 11.3, Avg: 11.3, Max: 11.3, Diff: 0.0, Sum: 22.6]
      [Code Root Scanning (ms): Min: 0.1, Avg: 0.1, Max: 0.1, Diff: 0.0, Sum: 0.1]
      [Object Copy (ms): Min: 96.4, Avg: 96.5, Max: 96.6, Diff: 0.2, Sum: 193.0]
      [Termination (ms): Min: 0.0, Avg: 0.0, Max: 0.0, Diff: 0.0, Sum: 0.0]
      [GC Worker Other (ms): Min: 0.0, Avg: 0.0, Max: 0.0, Diff: 0.0, Sum: 0.1]
      [GC Worker Total (ms): Min: 130.0, Avg: 130.0, Max: 130.0, Diff: 0.0, Sum: 260.1]
      [GC Worker End (ms): Min: 8611050.8, Avg: 8611050.8, Max: 8611050.8, Diff: 0.0]
   [Code Root Fixup: 0.2 ms]
   [Code Root Migration: 0.0 ms]
   [Clear CT: 0.2 ms]
   [Other: 0.8 ms]
      [Choose CSet: 0.0 ms]
      [Ref Proc: 0.1 ms]
      [Ref Enq: 0.0 ms]
      [Free CSet: 0.3 ms]
   [Eden: 258.0M(258.0M)->0.0B(256.0M) Survivors: 22.0M->24.0M Heap: 2125.6M(5632.0M)->1880.6M(5632.0M)]
 [Times: user=0.26 sys=0.00, real=0.13 secs] 
2014-06-25T02:34:28.603+0000: 8611.052: Total time for which application threads were stopped: 0.1358615 seconds
2014-06-25T02:34:29.204+0000: 8611.653: [GC pause (G1 Evacuation Pause) (young)
Desired survivor size 18874368 bytes, new threshold 2 (max 15)
- age   1:   12227920 bytes,   12227920 total
- age   2:   10977992 bytes,   23205912 total
, 0.1274601 secs]
   [Parallel Time: 126.4 ms, GC Workers: 2]
      [GC Worker Start (ms): Min: 8611652.9, Avg: 8611652.9, Max: 8611652.9, Diff: 0.0]
      [Ext Root Scanning (ms): Min: 1.1, Avg: 1.3, Max: 1.4, Diff: 0.3, Sum: 2.6]
      [Update RS (ms): Min: 18.4, Avg: 18.7, Max: 19.0, Diff: 0.6, Sum: 37.4]
         [Processed Buffers: Min: 10, Avg: 18.5, Max: 27, Diff: 17, Sum: 37]
      [Scan RS (ms): Min: 7.2, Avg: 7.6, Max: 7.9, Diff: 0.7, Sum: 15.1]
      [Code Root Scanning (ms): Min: 0.1, Avg: 0.1, Max: 0.1, Diff: 0.0, Sum: 0.1]
      [Object Copy (ms): Min: 98.6, Avg: 98.7, Max: 98.8, Diff: 0.2, Sum: 197.4]
      [Termination (ms): Min: 0.0, Avg: 0.0, Max: 0.0, Diff: 0.0, Sum: 0.0]
      [GC Worker Other (ms): Min: 0.0, Avg: 0.0, Max: 0.0, Diff: 0.0, Sum: 0.1]
      [GC Worker Total (ms): Min: 126.3, Avg: 126.4, Max: 126.4, Diff: 0.0, Sum: 252.7]
      [GC Worker End (ms): Min: 8611779.3, Avg: 8611779.3, Max: 8611779.3, Diff: 0.0]
   [Code Root Fixup: 0.2 ms]
   [Code Root Migration: 0.0 ms]
   [Clear CT: 0.1 ms]
   [Other: 0.7 ms]
      [Choose CSet: 0.0 ms]
      [Ref Proc: 0.1 ms]
      [Ref Enq: 0.0 ms]
      [Free CSet: 0.3 ms]
   [Eden: 256.0M(256.0M)->0.0B(254.0M) Survivors: 24.0M->26.0M Heap: 2136.6M(5632.0M)->1893.6M(5632.0M)]
 [Times: user=0.25 sys=0.00, real=0.12 secs] 
2014-06-25T02:34:29.331+0000: 8611.781: Total time for which application threads were stopped: 0.1281221 seconds
2014-06-25T02:34:29.908+0000: 8612.357: [GC pause (G1 Evacuation Pause) (young)
Desired survivor size 18874368 bytes, new threshold 2 (max 15)
- age   1:   12875336 bytes,   12875336 total
- age   2:   12208800 bytes,   25084136 total
, 0.1271803 secs]
   [Parallel Time: 126.2 ms, GC Workers: 2]
      [GC Worker Start (ms): Min: 8612357.4, Avg: 8612357.4, Max: 8612357.4, Diff: 0.0]
      [Ext Root Scanning (ms): Min: 1.1, Avg: 1.3, Max: 1.4, Diff: 0.3, Sum: 2.5]
      [Update RS (ms): Min: 16.2, Avg: 16.8, Max: 17.3, Diff: 1.0, Sum: 33.5]
         [Processed Buffers: Min: 9, Avg: 17.0, Max: 25, Diff: 16, Sum: 34]
      [Scan RS (ms): Min: 6.6, Avg: 7.0, Max: 7.4, Diff: 0.8, Sum: 14.0]
      [Code Root Scanning (ms): Min: 0.1, Avg: 0.1, Max: 0.1, Diff: 0.0, Sum: 0.1]
      [Object Copy (ms): Min: 100.9, Avg: 101.0, Max: 101.0, Diff: 0.1, Sum: 202.0]
      [Termination (ms): Min: 0.0, Avg: 0.0, Max: 0.0, Diff: 0.0, Sum: 0.0]
      [GC Worker Other (ms): Min: 0.0, Avg: 0.0, Max: 0.0, Diff: 0.0, Sum: 0.1]
      [GC Worker Total (ms): Min: 126.1, Avg: 126.1, Max: 126.1, Diff: 0.0, Sum: 252.3]
      [GC Worker End (ms): Min: 8612483.5, Avg: 8612483.5, Max: 8612483.5, Diff: 0.0]
   [Code Root Fixup: 0.2 ms]
   [Code Root Migration: 0.0 ms]
   [Clear CT: 0.1 ms]
   [Other: 0.7 ms]
      [Choose CSet: 0.0 ms]
      [Ref Proc: 0.1 ms]
      [Ref Enq: 0.0 ms]
      [Free CSet: 0.3 ms]
   [Eden: 254.0M(254.0M)->0.0B(254.0M) Survivors: 26.0M->26.0M Heap: 2147.6M(5632.0M)->1905.6M(5632.0M)]
 [Times: user=0.25 sys=0.00, real=0.13 secs] 
2014-06-25T02:34:30.036+0000: 8612.485: Total time for which application threads were stopped: 0.1278218 seconds
2014-06-25T02:34:30.610+0000: 8613.060: [GC pause (G1 Evacuation Pause) (young)
Desired survivor size 18874368 bytes, new threshold 2 (max 15)
- age   1:   12070320 bytes,   12070320 total
- age   2:   12863880 bytes,   24934200 total
, 0.1281717 secs]
   [Parallel Time: 127.1 ms, GC Workers: 2]
      [GC Worker Start (ms): Min: 8613059.7, Avg: 8613059.7, Max: 8613059.8, Diff: 0.0]
      [Ext Root Scanning (ms): Min: 1.2, Avg: 1.3, Max: 1.4, Diff: 0.3, Sum: 2.6]
      [Update RS (ms): Min: 19.4, Avg: 19.7, Max: 20.0, Diff: 0.5, Sum: 39.4]
         [Processed Buffers: Min: 12, Avg: 21.5, Max: 31, Diff: 19, Sum: 43]
      [Scan RS (ms): Min: 5.6, Avg: 5.8, Max: 6.0, Diff: 0.4, Sum: 11.5]
      [Code Root Scanning (ms): Min: 0.1, Avg: 0.1, Max: 0.1, Diff: 0.0, Sum: 0.1]
      [Object Copy (ms): Min: 100.1, Avg: 100.2, Max: 100.2, Diff: 0.1, Sum: 200.4]
      [Termination (ms): Min: 0.0, Avg: 0.0, Max: 0.0, Diff: 0.0, Sum: 0.0]
      [GC Worker Other (ms): Min: 0.0, Avg: 0.0, Max: 0.0, Diff: 0.0, Sum: 0.1]
      [GC Worker Total (ms): Min: 127.1, Avg: 127.1, Max: 127.1, Diff: 0.0, Sum: 254.1]
      [GC Worker End (ms): Min: 8613186.8, Avg: 8613186.8, Max: 8613186.8, Diff: 0.0]
   [Code Root Fixup: 0.2 ms]
   [Code Root Migration: 0.0 ms]
   [Clear CT: 0.1 ms]
   [Other: 0.7 ms]
      [Choose CSet: 0.0 ms]
      [Ref Proc: 0.1 ms]
      [Ref Enq: 0.0 ms]
      [Free CSet: 0.3 ms]
   [Eden: 254.0M(254.0M)->0.0B(254.0M) Survivors: 26.0M->26.0M Heap: 2159.6M(5632.0M)->1919.6M(5632.0M)]
 [Times: user=0.26 sys=0.00, real=0.13 secs] 
2014-06-25T02:34:30.739+0000: 8613.188: Total time for which application threads were stopped: 0.1288093 seconds
2014-06-25T02:34:31.288+0000: 8613.737: [GC pause (G1 Evacuation Pause) (young)
Desired survivor size 18874368 bytes, new threshold 2 (max 15)
- age   1:   11941504 bytes,   11941504 total
- age   2:   12055896 bytes,   23997400 total
, 0.1194124 secs]
   [Parallel Time: 118.4 ms, GC Workers: 2]
      [GC Worker Start (ms): Min: 8613737.3, Avg: 8613737.3, Max: 8613737.3, Diff: 0.0]
      [Ext Root Scanning (ms): Min: 1.1, Avg: 1.2, Max: 1.3, Diff: 0.2, Sum: 2.5]
      [Update RS (ms): Min: 17.7, Avg: 17.7, Max: 17.7, Diff: 0.1, Sum: 35.4]
         [Processed Buffers: Min: 14, Avg: 21.0, Max: 28, Diff: 14, Sum: 42]
      [Scan RS (ms): Min: 6.5, Avg: 6.5, Max: 6.5, Diff: 0.0, Sum: 12.9]
      [Code Root Scanning (ms): Min: 0.1, Avg: 0.1, Max: 0.1, Diff: 0.0, Sum: 0.1]
      [Object Copy (ms): Min: 92.8, Avg: 92.8, Max: 92.9, Diff: 0.1, Sum: 185.7]
      [Termination (ms): Min: 0.0, Avg: 0.0, Max: 0.0, Diff: 0.0, Sum: 0.0]
      [GC Worker Other (ms): Min: 0.0, Avg: 0.0, Max: 0.0, Diff: 0.0, Sum: 0.1]
      [GC Worker Total (ms): Min: 118.3, Avg: 118.4, Max: 118.4, Diff: 0.0, Sum: 236.7]
      [GC Worker End (ms): Min: 8613855.6, Avg: 8613855.6, Max: 8613855.6, Diff: 0.0]
   [Code Root Fixup: 0.2 ms]
   [Code Root Migration: 0.0 ms]
   [Clear CT: 0.1 ms]
   [Other: 0.7 ms]
      [Choose CSet: 0.0 ms]
      [Ref Proc: 0.1 ms]
      [Ref Enq: 0.0 ms]
      [Free CSet: 0.3 ms]
   [Eden: 254.0M(254.0M)->0.0B(258.0M) Survivors: 26.0M->22.0M Heap: 2173.6M(5632.0M)->1928.6M(5632.0M)]
 [Times: user=0.24 sys=0.00, real=0.12 secs] 
2014-06-25T02:34:31.408+0000: 8613.857: Total time for which application threads were stopped: 0.1200388 seconds
2014-06-25T02:34:31.988+0000: 8614.437: Total time for which application threads were stopped: 0.0015148 seconds
2014-06-25T02:34:31.988+0000: 8614.437: Total time for which application threads were stopped: 0.0002351 seconds
2014-06-25T02:34:32.004+0000: 8614.453: [GC pause (G1 Evacuation Pause) (young)
Desired survivor size 18874368 bytes, new threshold 2 (max 15)
- age   1:   10116864 bytes,   10116864 total
- age   2:   11929616 bytes,   22046480 total
, 0.1245485 secs]
   [Parallel Time: 123.5 ms, GC Workers: 2]
      [GC Worker Start (ms): Min: 8614452.8, Avg: 8614452.8, Max: 8614452.8, Diff: 0.0]
      [Ext Root Scanning (ms): Min: 1.1, Avg: 1.3, Max: 1.4, Diff: 0.3, Sum: 2.5]
      [Update RS (ms): Min: 21.5, Avg: 21.8, Max: 22.0, Diff: 0.5, Sum: 43.5]
         [Processed Buffers: Min: 14, Avg: 23.0, Max: 32, Diff: 18, Sum: 46]
      [Scan RS (ms): Min: 5.7, Avg: 6.0, Max: 6.3, Diff: 0.6, Sum: 12.0]
      [Code Root Scanning (ms): Min: 0.0, Avg: 0.1, Max: 0.1, Diff: 0.1, Sum: 0.2]
      [Object Copy (ms): Min: 94.3, Avg: 94.3, Max: 94.4, Diff: 0.2, Sum: 188.7]
      [Termination (ms): Min: 0.0, Avg: 0.0, Max: 0.0, Diff: 0.0, Sum: 0.0]
      [GC Worker Other (ms): Min: 0.0, Avg: 0.0, Max: 0.0, Diff: 0.0, Sum: 0.1]
      [GC Worker Total (ms): Min: 123.5, Avg: 123.5, Max: 123.5, Diff: 0.0, Sum: 246.9]
      [GC Worker End (ms): Min: 8614576.3, Avg: 8614576.3, Max: 8614576.3, Diff: 0.0]
   [Code Root Fixup: 0.2 ms]
   [Code Root Migration: 0.0 ms]
   [Clear CT: 0.1 ms]
   [Other: 0.7 ms]
      [Choose CSet: 0.0 ms]
      [Ref Proc: 0.1 ms]
      [Ref Enq: 0.0 ms]
      [Free CSet: 0.3 ms]
   [Eden: 258.0M(258.0M)->0.0B(282.0M) Survivors: 22.0M->22.0M Heap: 2186.6M(5632.0M)->1940.6M(5632.0M)]
 [Times: user=0.25 sys=0.00, real=0.12 secs] 
2014-06-25T02:34:32.128+0000: 8614.577: Total time for which application threads were stopped: 0.1284473 seconds
2014-06-25T02:34:32.776+0000: 8615.225: [GC pause (G1 Evacuation Pause) (young)
Desired survivor size 19922944 bytes, new threshold 2 (max 15)
- age   1:   12582128 bytes,   12582128 total
- age   2:   10092248 bytes,   22674376 total
, 0.1272585 secs]
   [Parallel Time: 126.2 ms, GC Workers: 2]
      [GC Worker Start (ms): Min: 8615224.9, Avg: 8615225.0, Max: 8615225.0, Diff: 0.0]
      [Ext Root Scanning (ms): Min: 1.1, Avg: 1.3, Max: 1.4, Diff: 0.2, Sum: 2.5]
      [Update RS (ms): Min: 21.7, Avg: 22.2, Max: 22.7, Diff: 1.0, Sum: 44.4]
         [Processed Buffers: Min: 14, Avg: 24.0, Max: 34, Diff: 20, Sum: 48]
      [Scan RS (ms): Min: 5.5, Avg: 6.0, Max: 6.4, Diff: 0.9, Sum: 11.9]
      [Code Root Scanning (ms): Min: 0.0, Avg: 0.1, Max: 0.1, Diff: 0.1, Sum: 0.2]
      [Object Copy (ms): Min: 96.5, Avg: 96.6, Max: 96.7, Diff: 0.2, Sum: 193.3]
      [Termination (ms): Min: 0.0, Avg: 0.0, Max: 0.0, Diff: 0.0, Sum: 0.0]
      [GC Worker Other (ms): Min: 0.0, Avg: 0.0, Max: 0.0, Diff: 0.0, Sum: 0.1]
      [GC Worker Total (ms): Min: 126.2, Avg: 126.2, Max: 126.2, Diff: 0.0, Sum: 252.3]
      [GC Worker End (ms): Min: 8615351.1, Avg: 8615351.1, Max: 8615351.1, Diff: 0.0]
   [Code Root Fixup: 0.2 ms]
   [Code Root Migration: 0.0 ms]
   [Clear CT: 0.1 ms]
   [Other: 0.7 ms]
      [Choose CSet: 0.0 ms]
      [Ref Proc: 0.1 ms]
      [Ref Enq: 0.0 ms]
      [Free CSet: 0.3 ms]
   [Eden: 282.0M(282.0M)->0.0B(366.0M) Survivors: 22.0M->26.0M Heap: 2222.6M(5632.0M)->1954.6M(5632.0M)]
 [Times: user=0.25 sys=0.00, real=0.13 secs] 
2014-06-25T02:34:32.903+0000: 8615.352: Total time for which application threads were stopped: 0.1292320 seconds
2014-06-25T02:34:33.738+0000: 8616.187: [GC pause (G1 Evacuation Pause) (young)
Desired survivor size 26214400 bytes, new threshold 15 (max 15)
- age   1:   12729760 bytes,   12729760 total
- age   2:   12546856 bytes,   25276616 total
, 0.1474534 secs]
   [Parallel Time: 146.4 ms, GC Workers: 2]
      [GC Worker Start (ms): Min: 8616187.6, Avg: 8616187.6, Max: 8616187.6, Diff: 0.0]
      [Ext Root Scanning (ms): Min: 1.1, Avg: 1.3, Max: 1.4, Diff: 0.3, Sum: 2.6]
      [Update RS (ms): Min: 22.3, Avg: 22.7, Max: 23.2, Diff: 0.8, Sum: 45.5]
         [Processed Buffers: Min: 11, Avg: 22.0, Max: 33, Diff: 22, Sum: 44]
      [Scan RS (ms): Min: 6.8, Avg: 7.1, Max: 7.4, Diff: 0.6, Sum: 14.1]
      [Code Root Scanning (ms): Min: 0.1, Avg: 0.1, Max: 0.2, Diff: 0.1, Sum: 0.2]
      [Object Copy (ms): Min: 115.0, Avg: 115.1, Max: 115.2, Diff: 0.2, Sum: 230.2]
      [Termination (ms): Min: 0.0, Avg: 0.0, Max: 0.0, Diff: 0.0, Sum: 0.0]
      [GC Worker Other (ms): Min: 0.0, Avg: 0.0, Max: 0.0, Diff: 0.0, Sum: 0.1]
      [GC Worker Total (ms): Min: 146.3, Avg: 146.3, Max: 146.3, Diff: 0.0, Sum: 292.7]
      [GC Worker End (ms): Min: 8616333.9, Avg: 8616333.9, Max: 8616333.9, Diff: 0.0]
   [Code Root Fixup: 0.2 ms]
   [Code Root Migration: 0.0 ms]
   [Clear CT: 0.2 ms]
   [Other: 0.7 ms]
      [Choose CSet: 0.0 ms]
      [Ref Proc: 0.1 ms]
      [Ref Enq: 0.0 ms]
      [Free CSet: 0.4 ms]
   [Eden: 366.0M(366.0M)->0.0B(268.0M) Survivors: 26.0M->42.0M Heap: 2320.6M(5632.0M)->1970.6M(5632.0M)]
 [Times: user=0.30 sys=0.00, real=0.15 secs] 
2014-06-25T02:34:33.886+0000: 8616.335: Total time for which application threads were stopped: 0.1481455 seconds
2014-06-25T02:34:34.472+0000: 8616.921: [GC pause (G1 Evacuation Pause) (young)
Desired survivor size 20971520 bytes, new threshold 2 (max 15)
- age   1:   17478232 bytes,   17478232 total
- age   2:   12714048 bytes,   30192280 total
- age   3:   12546856 bytes,   42739136 total
, 0.1801887 secs]
   [Parallel Time: 179.0 ms, GC Workers: 2]
      [GC Worker Start (ms): Min: 8616920.9, Avg: 8616920.9, Max: 8616920.9, Diff: 0.0]
      [Ext Root Scanning (ms): Min: 1.1, Avg: 1.3, Max: 1.4, Diff: 0.3, Sum: 2.5]
      [Update RS (ms): Min: 21.2, Avg: 21.3, Max: 21.5, Diff: 0.2, Sum: 42.7]
         [Processed Buffers: Min: 10, Avg: 19.5, Max: 29, Diff: 19, Sum: 39]
      [Scan RS (ms): Min: 5.9, Avg: 5.9, Max: 6.0, Diff: 0.1, Sum: 11.9]
      [Code Root Scanning (ms): Min: 0.1, Avg: 0.1, Max: 0.1, Diff: 0.1, Sum: 0.2]
      [Object Copy (ms): Min: 150.2, Avg: 150.3, Max: 150.4, Diff: 0.1, Sum: 300.6]
      [Termination (ms): Min: 0.0, Avg: 0.0, Max: 0.0, Diff: 0.0, Sum: 0.0]
      [GC Worker Other (ms): Min: 0.0, Avg: 0.0, Max: 0.0, Diff: 0.0, Sum: 0.1]
      [GC Worker Total (ms): Min: 178.9, Avg: 179.0, Max: 179.0, Diff: 0.0, Sum: 357.9]
      [GC Worker End (ms): Min: 8617099.9, Avg: 8617099.9, Max: 8617099.9, Diff: 0.0]
   [Code Root Fixup: 0.2 ms]
   [Code Root Migration: 0.0 ms]
   [Clear CT: 0.1 ms]
   [Other: 0.8 ms]
      [Choose CSet: 0.0 ms]
      [Ref Proc: 0.1 ms]
      [Ref Enq: 0.0 ms]
      [Free CSet: 0.3 ms]
   [Eden: 268.0M(268.0M)->0.0B(454.0M) Survivors: 42.0M->30.0M Heap: 2238.6M(5632.0M)->1982.6M(5632.0M)]
 [Times: user=0.36 sys=0.00, real=0.18 secs] 
2014-06-25T02:34:34.652+0000: 8617.101: Total time for which application threads were stopped: 0.1834175 seconds
2014-06-25T02:34:35.700+0000: 8618.149: [GC pause (G1 Evacuation Pause) (young)
Desired survivor size 32505856 bytes, new threshold 15 (max 15)
- age   1:   12587376 bytes,   12587376 total
- age   2:   17463688 bytes,   30051064 total
, 0.1708470 secs]
   [Parallel Time: 169.6 ms, GC Workers: 2]
      [GC Worker Start (ms): Min: 8618149.0, Avg: 8618149.0, Max: 8618149.0, Diff: 0.0]
      [Ext Root Scanning (ms): Min: 1.1, Avg: 1.3, Max: 1.4, Diff: 0.3, Sum: 2.5]
      [Update RS (ms): Min: 19.4, Avg: 20.0, Max: 20.7, Diff: 1.4, Sum: 40.1]
         [Processed Buffers: Min: 9, Avg: 17.5, Max: 26, Diff: 17, Sum: 35]
      [Scan RS (ms): Min: 8.6, Avg: 9.3, Max: 10.1, Diff: 1.5, Sum: 18.7]
      [Code Root Scanning (ms): Min: 0.1, Avg: 0.1, Max: 0.2, Diff: 0.1, Sum: 0.3]
      [Object Copy (ms): Min: 138.7, Avg: 138.8, Max: 138.9, Diff: 0.2, Sum: 277.6]
      [Termination (ms): Min: 0.0, Avg: 0.0, Max: 0.0, Diff: 0.0, Sum: 0.0]
      [GC Worker Other (ms): Min: 0.0, Avg: 0.0, Max: 0.0, Diff: 0.0, Sum: 0.1]
      [GC Worker Total (ms): Min: 169.6, Avg: 169.6, Max: 169.6, Diff: 0.0, Sum: 339.2]
      [GC Worker End (ms): Min: 8618318.5, Avg: 8618318.5, Max: 8618318.5, Diff: 0.0]
   [Code Root Fixup: 0.2 ms]
   [Code Root Migration: 0.0 ms]
   [Clear CT: 0.2 ms]
   [Other: 0.8 ms]
      [Choose CSet: 0.0 ms]
      [Ref Proc: 0.1 ms]
      [Ref Enq: 0.0 ms]
      [Free CSet: 0.5 ms]
   [Eden: 454.0M(454.0M)->0.0B(230.0M) Survivors: 30.0M->50.0M Heap: 2436.6M(5632.0M)->2002.6M(5632.0M)]
 [Times: user=0.33 sys=0.01, real=0.16 secs] 
2014-06-25T02:34:35.876+0000: 8618.325: Total time for which application threads were stopped: 0.1799449 seconds
2014-06-25T02:34:36.396+0000: 8618.845: [GC pause (G1 Evacuation Pause) (young)
Desired survivor size 18874368 bytes, new threshold 1 (max 15)
- age   1:   21163648 bytes,   21163648 total
- age   2:   12574448 bytes,   33738096 total
- age   3:   17463656 bytes,   51201752 total
, 0.1985571 secs]
   [Parallel Time: 197.2 ms, GC Workers: 2]
      [GC Worker Start (ms): Min: 8618844.9, Avg: 8618844.9, Max: 8618844.9, Diff: 0.0]
      [Ext Root Scanning (ms): Min: 1.1, Avg: 1.3, Max: 1.4, Diff: 0.2, Sum: 2.5]
      [Update RS (ms): Min: 15.6, Avg: 15.6, Max: 15.6, Diff: 0.1, Sum: 31.2]
         [Processed Buffers: Min: 11, Avg: 15.0, Max: 19, Diff: 8, Sum: 30]
      [Scan RS (ms): Min: 9.1, Avg: 9.1, Max: 9.2, Diff: 0.1, Sum: 18.2]
      [Code Root Scanning (ms): Min: 0.1, Avg: 0.1, Max: 0.1, Diff: 0.0, Sum: 0.2]
      [Object Copy (ms): Min: 170.9, Avg: 171.1, Max: 171.2, Diff: 0.3, Sum: 342.1]
      [Termination (ms): Min: 0.0, Avg: 0.0, Max: 0.0, Diff: 0.0, Sum: 0.0]
      [GC Worker Other (ms): Min: 0.0, Avg: 0.0, Max: 0.0, Diff: 0.0, Sum: 0.1]
      [GC Worker Total (ms): Min: 197.1, Avg: 197.2, Max: 197.2, Diff: 0.0, Sum: 394.3]
      [GC Worker End (ms): Min: 8619042.1, Avg: 8619042.1, Max: 8619042.1, Diff: 0.0]
   [Code Root Fixup: 0.2 ms]
   [Code Root Migration: 0.0 ms]
   [Clear CT: 0.1 ms]
   [Other: 1.0 ms]
      [Choose CSet: 0.0 ms]
      [Ref Proc: 0.1 ms]
      [Ref Enq: 0.0 ms]
      [Free CSet: 0.4 ms]
   [Eden: 230.0M(230.0M)->0.0B(762.0M) Survivors: 50.0M->12.0M Heap: 2232.6M(5632.0M)->2015.6M(5632.0M)]
 [Times: user=0.40 sys=0.00, real=0.20 secs] 
2014-06-25T02:34:36.594+0000: 8619.044: Total time for which application threads were stopped: 0.2028101 seconds
2014-06-25T02:34:37.272+0000: 8619.721: Total time for which application threads were stopped: 0.0033137 seconds
2014-06-25T02:34:37.272+0000: 8619.721: Total time for which application threads were stopped: 0.0002324 seconds
2014-06-25T02:34:38.411+0000: 8620.860: [GC pause (G1 Evacuation Pause) (young)
Desired survivor size 51380224 bytes, new threshold 15 (max 15)
- age   1:   10843344 bytes,   10843344 total
, 0.1425733 secs]
   [Parallel Time: 141.0 ms, GC Workers: 2]
      [GC Worker Start (ms): Min: 8620859.8, Avg: 8620859.8, Max: 8620859.8, Diff: 0.0]
      [Ext Root Scanning (ms): Min: 1.2, Avg: 1.3, Max: 1.5, Diff: 0.3, Sum: 2.6]
      [Update RS (ms): Min: 20.1, Avg: 20.2, Max: 20.2, Diff: 0.1, Sum: 40.3]
         [Processed Buffers: Min: 15, Avg: 21.5, Max: 28, Diff: 13, Sum: 43]
      [Scan RS (ms): Min: 9.5, Avg: 9.6, Max: 9.7, Diff: 0.2, Sum: 19.2]
      [Code Root Scanning (ms): Min: 0.1, Avg: 0.2, Max: 0.3, Diff: 0.2, Sum: 0.4]
      [Object Copy (ms): Min: 109.6, Avg: 109.6, Max: 109.7, Diff: 0.2, Sum: 219.3]
      [Termination (ms): Min: 0.0, Avg: 0.0, Max: 0.0, Diff: 0.0, Sum: 0.0]
      [GC Worker Other (ms): Min: 0.0, Avg: 0.0, Max: 0.0, Diff: 0.0, Sum: 0.1]
      [GC Worker Total (ms): Min: 140.9, Avg: 140.9, Max: 140.9, Diff: 0.0, Sum: 281.9]
      [GC Worker End (ms): Min: 8621000.8, Avg: 8621000.8, Max: 8621000.8, Diff: 0.0]
   [Code Root Fixup: 0.2 ms]
   [Code Root Migration: 0.1 ms]
   [Clear CT: 0.3 ms]
   [Other: 1.0 ms]
      [Choose CSet: 0.0 ms]
      [Ref Proc: 0.1 ms]
      [Ref Enq: 0.0 ms]
      [Free CSet: 0.7 ms]
   [Eden: 762.0M(762.0M)->0.0B(420.0M) Survivors: 12.0M->40.0M Heap: 2777.6M(5632.0M)->2043.6M(5632.0M)]
 [Times: user=0.28 sys=0.00, real=0.15 secs] 
2014-06-25T02:34:38.553+0000: 8621.002: Total time for which application threads were stopped: 0.1432400 seconds
2014-06-25T02:34:39.504+0000: 8621.953: [GC pause (G1 Evacuation Pause) (young)
Desired survivor size 30408704 bytes, new threshold 2 (max 15)
- age   1:   29243216 bytes,   29243216 total
- age   2:   10828448 bytes,   40071664 total
, 0.1862959 secs]
   [Parallel Time: 185.0 ms, GC Workers: 2]
      [GC Worker Start (ms): Min: 8621952.9, Avg: 8621953.0, Max: 8621953.0, Diff: 0.0]
      [Ext Root Scanning (ms): Min: 1.1, Avg: 1.3, Max: 1.4, Diff: 0.3, Sum: 2.5]
      [Update RS (ms): Min: 14.8, Avg: 15.7, Max: 16.6, Diff: 1.7, Sum: 31.4]
         [Processed Buffers: Min: 7, Avg: 17.5, Max: 28, Diff: 21, Sum: 35]
      [Scan RS (ms): Min: 9.2, Avg: 10.2, Max: 11.1, Diff: 1.8, Sum: 20.3]
      [Code Root Scanning (ms): Min: 0.1, Avg: 0.1, Max: 0.2, Diff: 0.1, Sum: 0.3]
      [Object Copy (ms): Min: 157.6, Avg: 157.7, Max: 157.8, Diff: 0.2, Sum: 315.4]
      [Termination (ms): Min: 0.0, Avg: 0.0, Max: 0.0, Diff: 0.0, Sum: 0.0]
      [GC Worker Other (ms): Min: 0.0, Avg: 0.0, Max: 0.0, Diff: 0.0, Sum: 0.1]
      [GC Worker Total (ms): Min: 185.0, Avg: 185.0, Max: 185.0, Diff: 0.0, Sum: 369.9]
      [GC Worker End (ms): Min: 8622137.9, Avg: 8622137.9, Max: 8622137.9, Diff: 0.0]
   [Code Root Fixup: 0.2 ms]
   [Code Root Migration: 0.0 ms]
   [Clear CT: 0.2 ms]
   [Other: 0.9 ms]
      [Choose CSet: 0.0 ms]
      [Ref Proc: 0.1 ms]
      [Ref Enq: 0.0 ms]
      [Free CSet: 0.5 ms]
   [Eden: 420.0M(420.0M)->0.0B(324.0M) Survivors: 40.0M->46.0M Heap: 2463.6M(5632.0M)->2061.6M(5632.0M)]
 [Times: user=0.37 sys=0.00, real=0.18 secs] 
2014-06-25T02:34:39.690+0000: 8622.139: Total time for which application threads were stopped: 0.1908438 seconds
2014-06-25T02:34:40.427+0000: 8622.876: [GC pause (G1 Evacuation Pause) (young)
Desired survivor size 25165824 bytes, new threshold 2 (max 15)
- age   1:   18479440 bytes,   18479440 total
- age   2:   28770344 bytes,   47249784 total
, 0.2013375 secs]
   [Parallel Time: 200.0 ms, GC Workers: 2]
      [GC Worker Start (ms): Min: 8622875.8, Avg: 8622875.8, Max: 8622875.8, Diff: 0.0]
      [Ext Root Scanning (ms): Min: 1.1, Avg: 1.3, Max: 1.4, Diff: 0.3, Sum: 2.6]
      [Update RS (ms): Min: 18.9, Avg: 19.1, Max: 19.2, Diff: 0.3, Sum: 38.2]
         [Processed Buffers: Min: 8, Avg: 19.0, Max: 30, Diff: 22, Sum: 38]
      [Scan RS (ms): Min: 9.6, Avg: 9.7, Max: 9.9, Diff: 0.2, Sum: 19.5]
      [Code Root Scanning (ms): Min: 0.1, Avg: 0.1, Max: 0.1, Diff: 0.1, Sum: 0.2]
      [Object Copy (ms): Min: 169.6, Avg: 169.7, Max: 169.8, Diff: 0.2, Sum: 339.4]
      [Termination (ms): Min: 0.0, Avg: 0.0, Max: 0.0, Diff: 0.0, Sum: 0.0]
      [GC Worker Other (ms): Min: 0.0, Avg: 0.0, Max: 0.0, Diff: 0.0, Sum: 0.1]
      [GC Worker Total (ms): Min: 200.0, Avg: 200.0, Max: 200.0, Diff: 0.0, Sum: 399.9]
      [GC Worker End (ms): Min: 8623075.8, Avg: 8623075.8, Max: 8623075.8, Diff: 0.0]
   [Code Root Fixup: 0.2 ms]
   [Code Root Migration: 0.0 ms]
   [Clear CT: 0.2 ms]
   [Other: 0.9 ms]
      [Choose CSet: 0.0 ms]
      [Ref Proc: 0.1 ms]
      [Ref Enq: 0.0 ms]
      [Free CSet: 0.4 ms]
   [Eden: 324.0M(324.0M)->0.0B(512.0M) Survivors: 46.0M->34.0M Heap: 2385.6M(5632.0M)->2076.6M(5632.0M)]
 [Times: user=0.40 sys=0.00, real=0.20 secs] 
2014-06-25T02:34:40.628+0000: 8623.077: Total time for which application threads were stopped: 0.2019833 seconds
2014-06-25T02:34:41.820+0000: 8624.269: [GC pause (G1 Evacuation Pause) (young)
Desired survivor size 36700160 bytes, new threshold 15 (max 15)
- age   1:   14889144 bytes,   14889144 total
- age   2:   18468048 bytes,   33357192 total
, 0.1918889 secs]
   [Parallel Time: 190.5 ms, GC Workers: 2]
      [GC Worker Start (ms): Min: 8624269.2, Avg: 8624269.2, Max: 8624269.2, Diff: 0.0]
      [Ext Root Scanning (ms): Min: 1.1, Avg: 1.3, Max: 1.4, Diff: 0.3, Sum: 2.5]
      [Update RS (ms): Min: 20.0, Avg: 20.7, Max: 21.5, Diff: 1.5, Sum: 41.5]
         [Processed Buffers: Min: 8, Avg: 16.5, Max: 25, Diff: 17, Sum: 33]
      [Scan RS (ms): Min: 9.7, Avg: 10.5, Max: 11.2, Diff: 1.4, Sum: 20.9]
      [Code Root Scanning (ms): Min: 0.1, Avg: 0.1, Max: 0.2, Diff: 0.1, Sum: 0.3]
      [Object Copy (ms): Min: 157.8, Avg: 157.8, Max: 157.9, Diff: 0.1, Sum: 315.7]
      [Termination (ms): Min: 0.0, Avg: 0.0, Max: 0.0, Diff: 0.0, Sum: 0.0]
      [GC Worker Other (ms): Min: 0.0, Avg: 0.0, Max: 0.0, Diff: 0.0, Sum: 0.1]
      [GC Worker Total (ms): Min: 190.5, Avg: 190.5, Max: 190.5, Diff: 0.0, Sum: 380.9]
      [GC Worker End (ms): Min: 8624459.7, Avg: 8624459.7, Max: 8624459.7, Diff: 0.0]
   [Code Root Fixup: 0.2 ms]
   [Code Root Migration: 0.0 ms]
   [Clear CT: 0.2 ms]
   [Other: 0.9 ms]
      [Choose CSet: 0.0 ms]
      [Ref Proc: 0.1 ms]
      [Ref Enq: 0.0 ms]
      [Free CSet: 0.6 ms]
   [Eden: 512.0M(512.0M)->0.0B(232.0M) Survivors: 34.0M->58.0M Heap: 2588.6M(5632.0M)->2100.6M(5632.0M)]
 [Times: user=0.39 sys=0.00, real=0.19 secs] 
2014-06-25T02:34:42.012+0000: 8624.461: Total time for which application threads were stopped: 0.1964596 seconds
2014-06-25T02:34:42.536+0000: 8624.985: [GC pause (G1 Evacuation Pause) (young)
Desired survivor size 19922944 bytes, new threshold 1 (max 15)
- age   1:   24999552 bytes,   24999552 total
- age   2:   14874312 bytes,   39873864 total
- age   3:   18468016 bytes,   58341880 total
, 0.2234472 secs]
   [Parallel Time: 222.0 ms, GC Workers: 2]
      [GC Worker Start (ms): Min: 8624985.5, Avg: 8624985.6, Max: 8624985.6, Diff: 0.0]
      [Ext Root Scanning (ms): Min: 1.1, Avg: 1.3, Max: 1.4, Diff: 0.3, Sum: 2.6]
      [Update RS (ms): Min: 17.5, Avg: 17.6, Max: 17.8, Diff: 0.3, Sum: 35.3]
         [Processed Buffers: Min: 7, Avg: 14.5, Max: 22, Diff: 15, Sum: 29]
      [Scan RS (ms): Min: 9.6, Avg: 9.8, Max: 10.1, Diff: 0.5, Sum: 19.7]
      [Code Root Scanning (ms): Min: 0.1, Avg: 0.1, Max: 0.1, Diff: 0.0, Sum: 0.2]
      [Object Copy (ms): Min: 193.1, Avg: 193.1, Max: 193.2, Diff: 0.1, Sum: 386.3]
      [Termination (ms): Min: 0.0, Avg: 0.0, Max: 0.0, Diff: 0.0, Sum: 0.0]
      [GC Worker Other (ms): Min: 0.0, Avg: 0.0, Max: 0.0, Diff: 0.0, Sum: 0.1]
      [GC Worker Total (ms): Min: 222.0, Avg: 222.0, Max: 222.0, Diff: 0.0, Sum: 444.0]
      [GC Worker End (ms): Min: 8625207.5, Avg: 8625207.5, Max: 8625207.5, Diff: 0.0]
   [Code Root Fixup: 0.2 ms]
   [Code Root Migration: 0.0 ms]
   [Clear CT: 0.1 ms]
   [Other: 1.0 ms]
      [Choose CSet: 0.0 ms]
      [Ref Proc: 0.1 ms]
      [Ref Enq: 0.0 ms]
      [Free CSet: 0.3 ms]
   [Eden: 232.0M(232.0M)->0.0B(764.0M) Survivors: 58.0M->12.0M Heap: 2332.6M(5632.0M)->2112.6M(5632.0M)]
 [Times: user=0.45 sys=0.00, real=0.23 secs] 
2014-06-25T02:34:42.760+0000: 8625.209: Total time for which application threads were stopped: 0.2241455 seconds
2014-06-25T02:34:44.466+0000: 8626.915: [GC pause (G1 Evacuation Pause) (young)
Desired survivor size 48234496 bytes, new threshold 15 (max 15)
- age   1:   11738696 bytes,   11738696 total
, 0.1536431 secs]
   [Parallel Time: 152.0 ms, GC Workers: 2]
      [GC Worker Start (ms): Min: 8626915.1, Avg: 8626915.2, Max: 8626915.2, Diff: 0.0]
      [Ext Root Scanning (ms): Min: 1.1, Avg: 1.3, Max: 1.4, Diff: 0.3, Sum: 2.6]
      [Update RS (ms): Min: 17.1, Avg: 17.5, Max: 17.8, Diff: 0.6, Sum: 34.9]
         [Processed Buffers: Min: 6, Avg: 22.5, Max: 39, Diff: 33, Sum: 45]
      [Scan RS (ms): Min: 10.6, Avg: 10.8, Max: 11.0, Diff: 0.4, Sum: 21.7]
      [Code Root Scanning (ms): Min: 0.1, Avg: 0.2, Max: 0.3, Diff: 0.1, Sum: 0.4]
      [Object Copy (ms): Min: 122.0, Avg: 122.1, Max: 122.2, Diff: 0.2, Sum: 244.2]
      [Termination (ms): Min: 0.0, Avg: 0.0, Max: 0.0, Diff: 0.0, Sum: 0.0]
      [GC Worker Other (ms): Min: 0.0, Avg: 0.0, Max: 0.0, Diff: 0.0, Sum: 0.1]
      [GC Worker Total (ms): Min: 151.9, Avg: 151.9, Max: 151.9, Diff: 0.0, Sum: 303.8]
      [GC Worker End (ms): Min: 8627067.1, Avg: 8627067.1, Max: 8627067.1, Diff: 0.0]
   [Code Root Fixup: 0.2 ms]
   [Code Root Migration: 0.1 ms]
   [Clear CT: 0.2 ms]
   [Other: 1.2 ms]
      [Choose CSet: 0.0 ms]
      [Ref Proc: 0.1 ms]
      [Ref Enq: 0.0 ms]
      [Free CSet: 0.8 ms]
   [Eden: 724.0M(724.0M)->0.0B(322.0M) Survivors: 12.0M->44.0M Heap: 2836.6M(5632.0M)->2144.6M(5632.0M)]
 [Times: user=0.31 sys=0.00, real=0.16 secs] 
2014-06-25T02:34:44.620+0000: 8627.069: Total time for which application threads were stopped: 0.1570426 seconds
2014-06-25T02:34:45.331+0000: 8627.780: [GC pause (G1 Evacuation Pause) (young)
Desired survivor size 24117248 bytes, new threshold 1 (max 15)
- age   1:   33129856 bytes,   33129856 total
- age   2:   11724336 bytes,   44854192 total
, 0.1957430 secs]
   [Parallel Time: 194.3 ms, GC Workers: 2]
      [GC Worker Start (ms): Min: 8627779.8, Avg: 8627779.8, Max: 8627779.8, Diff: 0.0]
      [Ext Root Scanning (ms): Min: 1.1, Avg: 1.3, Max: 1.4, Diff: 0.2, Sum: 2.5]
      [Update RS (ms): Min: 17.8, Avg: 17.9, Max: 18.1, Diff: 0.4, Sum: 35.9]
         [Processed Buffers: Min: 7, Avg: 16.0, Max: 25, Diff: 18, Sum: 32]
      [Scan RS (ms): Min: 9.8, Avg: 10.0, Max: 10.2, Diff: 0.3, Sum: 20.0]
      [Code Root Scanning (ms): Min: 0.1, Avg: 0.1, Max: 0.1, Diff: 0.1, Sum: 0.2]
      [Object Copy (ms): Min: 164.8, Avg: 164.9, Max: 165.0, Diff: 0.2, Sum: 329.9]
      [Termination (ms): Min: 0.0, Avg: 0.0, Max: 0.0, Diff: 0.0, Sum: 0.0]
      [GC Worker Other (ms): Min: 0.0, Avg: 0.0, Max: 0.0, Diff: 0.0, Sum: 0.1]
      [GC Worker Total (ms): Min: 194.3, Avg: 194.3, Max: 194.3, Diff: 0.0, Sum: 388.6]
      [GC Worker End (ms): Min: 8627974.1, Avg: 8627974.1, Max: 8627974.1, Diff: 0.0]
   [Code Root Fixup: 0.2 ms]
   [Code Root Migration: 0.0 ms]
   [Clear CT: 0.2 ms]
   [Other: 1.0 ms]
      [Choose CSet: 0.0 ms]
      [Ref Proc: 0.1 ms]
      [Ref Enq: 0.0 ms]
      [Free CSet: 0.4 ms]
   [Eden: 322.0M(322.0M)->0.0B(722.0M) Survivors: 44.0M->16.0M Heap: 2466.6M(5632.0M)->2159.6M(5632.0M)]
 [Times: user=0.39 sys=0.00, real=0.20 secs] 
2014-06-25T02:34:45.527+0000: 8627.976: Total time for which application threads were stopped: 0.1963810 seconds
2014-06-25T02:34:47.198+0000: 8629.647: [GC pause (G1 Evacuation Pause) (young)
Desired survivor size 49283072 bytes, new threshold 15 (max 15)
- age   1:   14941448 bytes,   14941448 total
, 0.1677933 secs]
   [Parallel Time: 166.2 ms, GC Workers: 2]
      [GC Worker Start (ms): Min: 8629647.5, Avg: 8629647.5, Max: 8629647.5, Diff: 0.0]
      [Ext Root Scanning (ms): Min: 1.1, Avg: 1.3, Max: 1.4, Diff: 0.3, Sum: 2.5]
      [Update RS (ms): Min: 20.9, Avg: 21.5, Max: 22.0, Diff: 1.1, Sum: 42.9]
         [Processed Buffers: Min: 8, Avg: 16.0, Max: 24, Diff: 16, Sum: 32]
      [Scan RS (ms): Min: 10.5, Avg: 11.0, Max: 11.4, Diff: 0.9, Sum: 21.9]
      [Code Root Scanning (ms): Min: 0.1, Avg: 0.2, Max: 0.3, Diff: 0.1, Sum: 0.4]
      [Object Copy (ms): Min: 132.1, Avg: 132.2, Max: 132.3, Diff: 0.2, Sum: 264.4]
      [Termination (ms): Min: 0.0, Avg: 0.0, Max: 0.0, Diff: 0.0, Sum: 0.0]
      [GC Worker Other (ms): Min: 0.0, Avg: 0.0, Max: 0.0, Diff: 0.0, Sum: 0.1]
      [GC Worker Total (ms): Min: 166.2, Avg: 166.2, Max: 166.2, Diff: 0.0, Sum: 332.3]
      [GC Worker End (ms): Min: 8629813.7, Avg: 8629813.7, Max: 8629813.7, Diff: 0.0]
   [Code Root Fixup: 0.2 ms]
   [Code Root Migration: 0.1 ms]
   [Clear CT: 0.2 ms]
   [Other: 1.1 ms]
      [Choose CSet: 0.0 ms]
      [Ref Proc: 0.1 ms]
      [Ref Enq: 0.0 ms]
      [Free CSet: 0.7 ms]
   [Eden: 722.0M(722.0M)->0.0B(354.0M) Survivors: 16.0M->48.0M Heap: 2881.6M(5632.0M)->2190.6M(5632.0M)]
 [Times: user=0.33 sys=0.00, real=0.17 secs] 
2014-06-25T02:34:47.368+0000: 8629.818: Total time for which application threads were stopped: 0.1706548 seconds
2014-06-25T02:34:48.048+0000: 8630.497: [GC pause (G1 Evacuation Pause) (young)
Desired survivor size 27262976 bytes, new threshold 1 (max 15)
- age   1:   33506360 bytes,   33506360 total
- age   2:   14924976 bytes,   48431336 total
, 0.2463887 secs]
   [Parallel Time: 245.0 ms, GC Workers: 2]
      [GC Worker Start (ms): Min: 8630497.5, Avg: 8630497.5, Max: 8630497.5, Diff: 0.0]
      [Ext Root Scanning (ms): Min: 1.1, Avg: 1.3, Max: 1.4, Diff: 0.3, Sum: 2.5]
      [Update RS (ms): Min: 20.9, Avg: 21.0, Max: 21.0, Diff: 0.1, Sum: 42.0]
         [Processed Buffers: Min: 8, Avg: 18.0, Max: 28, Diff: 20, Sum: 36]
      [Scan RS (ms): Min: 9.8, Avg: 9.8, Max: 9.9, Diff: 0.1, Sum: 19.7]
      [Code Root Scanning (ms): Min: 0.1, Avg: 0.1, Max: 0.1, Diff: 0.1, Sum: 0.2]
      [Object Copy (ms): Min: 212.6, Avg: 212.7, Max: 212.8, Diff: 0.2, Sum: 425.5]
      [Termination (ms): Min: 0.0, Avg: 0.0, Max: 0.0, Diff: 0.0, Sum: 0.0]
      [GC Worker Other (ms): Min: 0.0, Avg: 0.0, Max: 0.0, Diff: 0.0, Sum: 0.1]
      [GC Worker Total (ms): Min: 244.9, Avg: 244.9, Max: 245.0, Diff: 0.0, Sum: 489.9]
      [GC Worker End (ms): Min: 8630742.5, Avg: 8630742.5, Max: 8630742.5, Diff: 0.0]
   [Code Root Fixup: 0.2 ms]
   [Code Root Migration: 0.0 ms]
   [Clear CT: 0.2 ms]
   [Other: 1.0 ms]
      [Choose CSet: 0.0 ms]
      [Ref Proc: 0.1 ms]
      [Ref Enq: 0.0 ms]
      [Free CSet: 0.4 ms]
   [Eden: 354.0M(354.0M)->0.0B(416.0M) Survivors: 48.0M->32.0M Heap: 2544.6M(5632.0M)->2221.6M(5632.0M)]
 [Times: user=0.49 sys=0.00, real=0.24 secs] 
2014-06-25T02:34:48.295+0000: 8630.744: Total time for which application threads were stopped: 0.2470321 seconds
2014-06-25T02:34:48.786+0000: 8631.235: [GC pause (G1 Evacuation Pause) (young)
Desired survivor size 29360128 bytes, new threshold 1 (max 15)
- age   1:   30734848 bytes,   30734848 total
, 0.3614439 secs]
   [Parallel Time: 359.8 ms, GC Workers: 2]
      [GC Worker Start (ms): Min: 8631235.3, Avg: 8631235.3, Max: 8631235.3, Diff: 0.0]
      [Ext Root Scanning (ms): Min: 1.1, Avg: 1.3, Max: 1.4, Diff: 0.3, Sum: 2.6]
      [Update RS (ms): Min: 18.3, Avg: 18.4, Max: 18.4, Diff: 0.1, Sum: 36.8]
         [Processed Buffers: Min: 10, Avg: 12.5, Max: 15, Diff: 5, Sum: 25]
      [Scan RS (ms): Min: 5.2, Avg: 5.2, Max: 5.2, Diff: 0.0, Sum: 10.4]
      [Code Root Scanning (ms): Min: 0.1, Avg: 0.1, Max: 0.1, Diff: 0.0, Sum: 0.2]
      [Object Copy (ms): Min: 334.6, Avg: 334.7, Max: 334.8, Diff: 0.2, Sum: 669.4]
      [Termination (ms): Min: 0.0, Avg: 0.0, Max: 0.0, Diff: 0.0, Sum: 0.0]
      [GC Worker Other (ms): Min: 0.0, Avg: 0.0, Max: 0.0, Diff: 0.0, Sum: 0.1]
      [GC Worker Total (ms): Min: 359.7, Avg: 359.7, Max: 359.7, Diff: 0.0, Sum: 719.4]
      [GC Worker End (ms): Min: 8631595.0, Avg: 8631595.0, Max: 8631595.0, Diff: 0.0]
   [Code Root Fixup: 0.2 ms]
   [Code Root Migration: 0.0 ms]
   [Clear CT: 0.2 ms]
   [Other: 1.3 ms]
      [Choose CSet: 0.0 ms]
      [Ref Proc: 0.1 ms]
      [Ref Enq: 0.0 ms]
      [Free CSet: 0.4 ms]
   [Eden: 416.0M(416.0M)->0.0B(224.0M) Survivors: 32.0M->56.0M Heap: 2638.6M(5632.0M)->2317.6M(5632.0M)]
 [Times: user=0.72 sys=0.00, real=0.37 secs] 
2014-06-25T02:34:49.148+0000: 8631.597: Total time for which application threads were stopped: 0.3620854 seconds
2014-06-25T02:34:49.517+0000: 8631.966: [GC pause (G1 Evacuation Pause) (young)
Desired survivor size 18874368 bytes, new threshold 1 (max 15)
- age   1:   99464224 bytes,   99464224 total
, 0.3028245 secs]
   [Parallel Time: 301.4 ms, GC Workers: 2]
      [GC Worker Start (ms): Min: 8631966.4, Avg: 8631966.4, Max: 8631966.4, Diff: 0.0]
      [Ext Root Scanning (ms): Min: 1.1, Avg: 1.3, Max: 1.4, Diff: 0.3, Sum: 2.5]
      [Update RS (ms): Min: 13.8, Avg: 14.1, Max: 14.4, Diff: 0.6, Sum: 28.2]
         [Processed Buffers: Min: 3, Avg: 19.5, Max: 36, Diff: 33, Sum: 39]
      [Scan RS (ms): Min: 4.3, Avg: 4.7, Max: 5.1, Diff: 0.7, Sum: 9.4]
      [Code Root Scanning (ms): Min: 0.1, Avg: 0.1, Max: 0.1, Diff: 0.0, Sum: 0.2]
      [Object Copy (ms): Min: 281.1, Avg: 281.2, Max: 281.2, Diff: 0.1, Sum: 562.3]
      [Termination (ms): Min: 0.0, Avg: 0.0, Max: 0.0, Diff: 0.0, Sum: 0.0]
      [GC Worker Other (ms): Min: 0.0, Avg: 0.0, Max: 0.0, Diff: 0.0, Sum: 0.1]
      [GC Worker Total (ms): Min: 301.3, Avg: 301.3, Max: 301.3, Diff: 0.0, Sum: 602.6]
      [GC Worker End (ms): Min: 8632267.7, Avg: 8632267.7, Max: 8632267.7, Diff: 0.0]
   [Code Root Fixup: 0.2 ms]
   [Code Root Migration: 0.0 ms]
   [Clear CT: 0.1 ms]
   [Other: 1.1 ms]
      [Choose CSet: 0.0 ms]
      [Ref Proc: 0.1 ms]
      [Ref Enq: 0.0 ms]
      [Free CSet: 0.3 ms]
   [Eden: 224.0M(224.0M)->0.0B(244.0M) Survivors: 56.0M->36.0M Heap: 2543.6M(5632.0M)->2371.6M(5632.0M)]
 [Times: user=0.61 sys=0.00, real=0.31 secs] 
2014-06-25T02:34:49.820+0000: 8632.269: Total time for which application threads were stopped: 0.3033865 seconds
2014-06-25T02:34:50.176+0000: 8632.625: [GC pause (G1 Evacuation Pause) (young)
Desired survivor size 18874368 bytes, new threshold 1 (max 15)
- age   1:   52504296 bytes,   52504296 total
, 0.2665588 secs]
   [Parallel Time: 265.3 ms, GC Workers: 2]
      [GC Worker Start (ms): Min: 8632624.9, Avg: 8632624.9, Max: 8632624.9, Diff: 0.0]
      [Ext Root Scanning (ms): Min: 1.1, Avg: 1.3, Max: 1.4, Diff: 0.3, Sum: 2.5]
      [Update RS (ms): Min: 8.1, Avg: 10.1, Max: 12.0, Diff: 3.9, Sum: 20.2]
         [Processed Buffers: Min: 7, Avg: 16.5, Max: 26, Diff: 19, Sum: 33]
      [Scan RS (ms): Min: 0.6, Avg: 2.3, Max: 4.0, Diff: 3.5, Sum: 4.6]
      [Code Root Scanning (ms): Min: 0.0, Avg: 0.1, Max: 0.1, Diff: 0.1, Sum: 0.1]
      [Object Copy (ms): Min: 251.5, Avg: 251.5, Max: 251.5, Diff: 0.0, Sum: 503.0]
      [Termination (ms): Min: 0.0, Avg: 0.0, Max: 0.0, Diff: 0.0, Sum: 0.0]
      [GC Worker Other (ms): Min: 0.0, Avg: 0.0, Max: 0.0, Diff: 0.0, Sum: 0.1]
      [GC Worker Total (ms): Min: 265.2, Avg: 265.3, Max: 265.3, Diff: 0.0, Sum: 530.5]
      [GC Worker End (ms): Min: 8632890.2, Avg: 8632890.2, Max: 8632890.2, Diff: 0.0]
   [Code Root Fixup: 0.2 ms]
   [Code Root Migration: 0.0 ms]
   [Clear CT: 0.1 ms]
   [Other: 0.9 ms]
      [Choose CSet: 0.0 ms]
      [Ref Proc: 0.1 ms]
      [Ref Enq: 0.0 ms]
      [Free CSet: 0.3 ms]
   [Eden: 244.0M(244.0M)->0.0B(244.0M) Survivors: 36.0M->36.0M Heap: 2615.6M(5632.0M)->2430.6M(5632.0M)]
 [Times: user=0.53 sys=0.00, real=0.27 secs] 
2014-06-25T02:34:50.442+0000: 8632.892: Total time for which application threads were stopped: 0.2672228 seconds
2014-06-25T02:34:50.770+0000: 8633.219: [GC pause (G1 Evacuation Pause) (young)
Desired survivor size 18874368 bytes, new threshold 1 (max 15)
- age   1:   59472432 bytes,   59472432 total
, 0.2659814 secs]
   [Parallel Time: 264.7 ms, GC Workers: 2]
      [GC Worker Start (ms): Min: 8633219.4, Avg: 8633219.4, Max: 8633219.4, Diff: 0.0]
      [Ext Root Scanning (ms): Min: 1.1, Avg: 1.3, Max: 1.4, Diff: 0.3, Sum: 2.6]
      [Update RS (ms): Min: 8.2, Avg: 10.0, Max: 11.8, Diff: 3.6, Sum: 19.9]
         [Processed Buffers: Min: 8, Avg: 14.5, Max: 21, Diff: 13, Sum: 29]
      [Scan RS (ms): Min: 0.0, Avg: 1.2, Max: 2.3, Diff: 2.3, Sum: 2.3]
      [Code Root Scanning (ms): Min: 0.0, Avg: 0.1, Max: 0.1, Diff: 0.1, Sum: 0.1]
      [Object Copy (ms): Min: 251.4, Avg: 252.2, Max: 252.9, Diff: 1.5, Sum: 504.3]
      [Termination (ms): Min: 0.0, Avg: 0.0, Max: 0.0, Diff: 0.0, Sum: 0.0]
      [GC Worker Other (ms): Min: 0.0, Avg: 0.0, Max: 0.0, Diff: 0.0, Sum: 0.1]
      [GC Worker Total (ms): Min: 264.7, Avg: 264.7, Max: 264.7, Diff: 0.0, Sum: 529.3]
      [GC Worker End (ms): Min: 8633484.1, Avg: 8633484.1, Max: 8633484.1, Diff: 0.0]
   [Code Root Fixup: 0.2 ms]
   [Code Root Migration: 0.0 ms]
   [Clear CT: 0.1 ms]
   [Other: 0.9 ms]
      [Choose CSet: 0.0 ms]
      [Ref Proc: 0.1 ms]
      [Ref Enq: 0.0 ms]
      [Free CSet: 0.3 ms]
   [Eden: 244.0M(244.0M)->0.0B(244.0M) Survivors: 36.0M->36.0M Heap: 2674.6M(5632.0M)->2489.6M(5632.0M)]
 [Times: user=0.53 sys=0.00, real=0.26 secs] 
2014-06-25T02:34:51.036+0000: 8633.486: Total time for which application threads were stopped: 0.2665492 seconds
2014-06-25T02:34:51.384+0000: 8633.833: [GC pause (G1 Evacuation Pause) (young)
Desired survivor size 18874368 bytes, new threshold 1 (max 15)
- age   1:   59289288 bytes,   59289288 total
, 0.2622706 secs]
   [Parallel Time: 261.0 ms, GC Workers: 2]
      [GC Worker Start (ms): Min: 8633832.9, Avg: 8633836.7, Max: 8633840.5, Diff: 7.5]
      [Ext Root Scanning (ms): Min: 0.0, Avg: 1.0, Max: 2.1, Diff: 2.0, Sum: 2.1]
      [Update RS (ms): Min: 0.0, Avg: 1.0, Max: 2.0, Diff: 2.0, Sum: 2.0]
         [Processed Buffers: Min: 0, Avg: 14.5, Max: 29, Diff: 29, Sum: 29]
      [Scan RS (ms): Min: 3.4, Avg: 7.3, Max: 11.2, Diff: 7.8, Sum: 14.6]
      [Code Root Scanning (ms): Min: 0.0, Avg: 0.1, Max: 0.1, Diff: 0.0, Sum: 0.1]
      [Object Copy (ms): Min: 245.6, Avg: 247.8, Max: 249.9, Diff: 4.3, Sum: 495.5]
      [Termination (ms): Min: 0.0, Avg: 0.0, Max: 0.0, Diff: 0.0, Sum: 0.0]
      [GC Worker Other (ms): Min: 0.0, Avg: 0.0, Max: 0.0, Diff: 0.0, Sum: 0.0]
      [GC Worker Total (ms): Min: 253.4, Avg: 257.2, Max: 261.0, Diff: 7.5, Sum: 514.4]
      [GC Worker End (ms): Min: 8634093.9, Avg: 8634093.9, Max: 8634093.9, Diff: 0.0]
   [Code Root Fixup: 0.2 ms]
   [Code Root Migration: 0.0 ms]
   [Clear CT: 0.1 ms]
   [Other: 0.9 ms]
      [Choose CSet: 0.0 ms]
      [Ref Proc: 0.1 ms]
      [Ref Enq: 0.0 ms]
      [Free CSet: 0.3 ms]
   [Eden: 244.0M(244.0M)->0.0B(244.0M) Survivors: 36.0M->36.0M Heap: 2737.6M(5632.0M)->2550.6M(5632.0M)]
 [Times: user=0.49 sys=0.00, real=0.26 secs] 
2014-06-25T02:34:51.646+0000: 8634.095: Total time for which application threads were stopped: 0.2656249 seconds
2014-06-25T02:34:51.972+0000: 8634.421: [GC pause (G1 Evacuation Pause) (young)
Desired survivor size 18874368 bytes, new threshold 1 (max 15)
- age   1:   57751288 bytes,   57751288 total
, 0.2680990 secs]
   [Parallel Time: 266.9 ms, GC Workers: 2]
      [GC Worker Start (ms): Min: 8634421.0, Avg: 8634421.0, Max: 8634421.0, Diff: 0.0]
      [Ext Root Scanning (ms): Min: 1.1, Avg: 1.3, Max: 1.4, Diff: 0.3, Sum: 2.5]
      [Update RS (ms): Min: 9.2, Avg: 11.2, Max: 13.2, Diff: 4.0, Sum: 22.4]
         [Processed Buffers: Min: 9, Avg: 15.0, Max: 21, Diff: 12, Sum: 30]
      [Scan RS (ms): Min: 0.4, Avg: 2.4, Max: 4.4, Diff: 4.0, Sum: 4.8]
      [Code Root Scanning (ms): Min: 0.0, Avg: 0.1, Max: 0.1, Diff: 0.1, Sum: 0.1]
      [Object Copy (ms): Min: 251.7, Avg: 251.8, Max: 251.9, Diff: 0.1, Sum: 503.6]
      [Termination (ms): Min: 0.0, Avg: 0.0, Max: 0.0, Diff: 0.0, Sum: 0.0]
      [GC Worker Other (ms): Min: 0.0, Avg: 0.0, Max: 0.0, Diff: 0.0, Sum: 0.1]
      [GC Worker Total (ms): Min: 266.8, Avg: 266.8, Max: 266.8, Diff: 0.0, Sum: 533.5]
      [GC Worker End (ms): Min: 8634687.7, Avg: 8634687.7, Max: 8634687.7, Diff: 0.0]
   [Code Root Fixup: 0.2 ms]
   [Code Root Migration: 0.0 ms]
   [Clear CT: 0.1 ms]
   [Other: 0.9 ms]
      [Choose CSet: 0.0 ms]
      [Ref Proc: 0.1 ms]
      [Ref Enq: 0.0 ms]
      [Free CSet: 0.3 ms]
   [Eden: 244.0M(244.0M)->0.0B(244.0M) Survivors: 36.0M->36.0M Heap: 2794.6M(5632.0M)->2609.6M(5632.0M)]
 [Times: user=0.54 sys=0.00, real=0.27 secs] 
2014-06-25T02:34:52.240+0000: 8634.689: Total time for which application threads were stopped: 0.2702700 seconds
2014-06-25T02:34:52.663+0000: 8635.113: [GC pause (G1 Evacuation Pause) (young) (initial-mark)
Desired survivor size 18874368 bytes, new threshold 1 (max 15)
- age   1:   59772376 bytes,   59772376 total
, 0.2083667 secs]
   [Parallel Time: 206.7 ms, GC Workers: 2]
      [GC Worker Start (ms): Min: 8635113.0, Avg: 8635113.0, Max: 8635113.0, Diff: 0.0]
      [Ext Root Scanning (ms): Min: 1.2, Avg: 2.1, Max: 2.9, Diff: 1.7, Sum: 4.1]
      [Code Root Marking (ms): Min: 8.4, Avg: 8.4, Max: 8.5, Diff: 0.1, Sum: 16.8]
      [Update RS (ms): Min: 7.1, Avg: 8.0, Max: 8.8, Diff: 1.6, Sum: 15.9]
         [Processed Buffers: Min: 8, Avg: 16.0, Max: 24, Diff: 16, Sum: 32]
      [Scan RS (ms): Min: 0.5, Avg: 1.2, Max: 1.9, Diff: 1.4, Sum: 2.5]
      [Code Root Scanning (ms): Min: 0.0, Avg: 0.1, Max: 0.1, Diff: 0.1, Sum: 0.1]
      [Object Copy (ms): Min: 186.0, Avg: 186.9, Max: 187.7, Diff: 1.7, Sum: 373.8]
      [Termination (ms): Min: 0.0, Avg: 0.0, Max: 0.0, Diff: 0.0, Sum: 0.0]
      [GC Worker Other (ms): Min: 0.0, Avg: 0.0, Max: 0.0, Diff: 0.0, Sum: 0.1]
      [GC Worker Total (ms): Min: 206.6, Avg: 206.6, Max: 206.6, Diff: 0.0, Sum: 413.3]
      [GC Worker End (ms): Min: 8635319.6, Avg: 8635319.6, Max: 8635319.6, Diff: 0.0]
   [Code Root Fixup: 0.2 ms]
   [Code Root Migration: 0.0 ms]
   [Clear CT: 0.1 ms]
   [Other: 1.3 ms]
      [Choose CSet: 0.0 ms]
      [Ref Proc: 0.1 ms]
      [Ref Enq: 0.0 ms]
      [Free CSet: 0.3 ms]
   [Eden: 244.0M(244.0M)->0.0B(244.0M) Survivors: 36.0M->36.0M Heap: 2853.6M(5632.0M)->2645.6M(5632.0M)]
 [Times: user=0.42 sys=0.01, real=0.21 secs] 
2014-06-25T02:34:52.872+0000: 8635.321: [GC concurrent-root-region-scan-start]
2014-06-25T02:34:52.872+0000: 8635.321: Total time for which application threads were stopped: 0.2090243 seconds
2014-06-25T02:34:53.078+0000: 8635.527: [GC concurrent-root-region-scan-end, 0.2059613 secs]
2014-06-25T02:34:53.078+0000: 8635.527: [GC concurrent-mark-start]
2014-06-25T02:34:53.659+0000: 8636.108: [GC pause (G1 Evacuation Pause) (young)
Desired survivor size 18874368 bytes, new threshold 1 (max 15)
- age   1:   35342896 bytes,   35342896 total
, 0.0996880 secs]
   [Parallel Time: 98.5 ms, GC Workers: 2]
      [GC Worker Start (ms): Min: 8636108.0, Avg: 8636108.0, Max: 8636108.0, Diff: 0.0]
      [Ext Root Scanning (ms): Min: 1.1, Avg: 1.2, Max: 1.4, Diff: 0.2, Sum: 2.5]
      [SATB Filtering (ms): Min: 0.0, Avg: 0.0, Max: 0.0, Diff: 0.0, Sum: 0.0]
      [Update RS (ms): Min: 6.3, Avg: 6.6, Max: 6.8, Diff: 0.5, Sum: 13.1]
         [Processed Buffers: Min: 10, Avg: 20.0, Max: 30, Diff: 20, Sum: 40]
      [Scan RS (ms): Min: 0.6, Avg: 0.7, Max: 0.9, Diff: 0.3, Sum: 1.5]
      [Code Root Scanning (ms): Min: 0.0, Avg: 0.1, Max: 0.1, Diff: 0.1, Sum: 0.1]
      [Object Copy (ms): Min: 89.7, Avg: 89.7, Max: 89.8, Diff: 0.1, Sum: 179.5]
      [Termination (ms): Min: 0.0, Avg: 0.0, Max: 0.0, Diff: 0.0, Sum: 0.0]
      [GC Worker Other (ms): Min: 0.0, Avg: 0.0, Max: 0.0, Diff: 0.0, Sum: 0.1]
      [GC Worker Total (ms): Min: 98.4, Avg: 98.4, Max: 98.4, Diff: 0.0, Sum: 196.8]
      [GC Worker End (ms): Min: 8636206.4, Avg: 8636206.4, Max: 8636206.4, Diff: 0.0]
   [Code Root Fixup: 0.2 ms]
   [Code Root Migration: 0.0 ms]
   [Clear CT: 0.1 ms]
   [Other: 0.9 ms]
      [Choose CSet: 0.0 ms]
      [Ref Proc: 0.2 ms]
      [Ref Enq: 0.0 ms]
      [Free CSet: 0.3 ms]
   [Eden: 244.0M(244.0M)->0.0B(346.0M) Survivors: 36.0M->2048.0K Heap: 2889.6M(5632.0M)->2646.6M(5632.0M)]
 [Times: user=0.20 sys=0.00, real=0.10 secs] 
2014-06-25T02:34:53.759+0000: 8636.208: Total time for which application threads were stopped: 0.1002717 seconds
2014-06-25T02:34:54.746+0000: 8637.195: [GC pause (G1 Evacuation Pause) (young)
Desired survivor size 23068672 bytes, new threshold 15 (max 15)
- age   1:     120056 bytes,     120056 total
, 0.0112582 secs]
   [Parallel Time: 10.3 ms, GC Workers: 2]
      [GC Worker Start (ms): Min: 8637195.6, Avg: 8637195.6, Max: 8637195.6, Diff: 0.0]
      [Ext Root Scanning (ms): Min: 1.2, Avg: 1.3, Max: 1.4, Diff: 0.2, Sum: 2.6]
      [SATB Filtering (ms): Min: 0.0, Avg: 0.0, Max: 0.1, Diff: 0.1, Sum: 0.1]
      [Update RS (ms): Min: 5.3, Avg: 5.3, Max: 5.3, Diff: 0.0, Sum: 10.6]
         [Processed Buffers: Min: 20, Avg: 23.0, Max: 26, Diff: 6, Sum: 46]
      [Scan RS (ms): Min: 0.2, Avg: 0.2, Max: 0.2, Diff: 0.0, Sum: 0.5]
      [Code Root Scanning (ms): Min: 0.1, Avg: 0.1, Max: 0.1, Diff: 0.0, Sum: 0.2]
      [Object Copy (ms): Min: 3.2, Avg: 3.3, Max: 3.4, Diff: 0.2, Sum: 6.5]
      [Termination (ms): Min: 0.0, Avg: 0.0, Max: 0.0, Diff: 0.0, Sum: 0.0]
      [GC Worker Other (ms): Min: 0.0, Avg: 0.0, Max: 0.0, Diff: 0.0, Sum: 0.1]
      [GC Worker Total (ms): Min: 10.3, Avg: 10.3, Max: 10.3, Diff: 0.0, Sum: 20.5]
      [GC Worker End (ms): Min: 8637205.8, Avg: 8637205.8, Max: 8637205.8, Diff: 0.0]
   [Code Root Fixup: 0.2 ms]
   [Code Root Migration: 0.0 ms]
   [Clear CT: 0.1 ms]
   [Other: 0.6 ms]
      [Choose CSet: 0.0 ms]
      [Ref Proc: 0.2 ms]
      [Ref Enq: 0.0 ms]
      [Free CSet: 0.3 ms]
   [Eden: 346.0M(346.0M)->0.0B(494.0M) Survivors: 2048.0K->4096.0K Heap: 2992.6M(5632.0M)->2647.6M(5632.0M)]
 [Times: user=0.02 sys=0.00, real=0.01 secs] 
2014-06-25T02:34:54.758+0000: 8637.207: Total time for which application threads were stopped: 0.0117950 seconds
2014-06-25T02:34:56.148+0000: 8638.597: [GC pause (G1 Evacuation Pause) (young)
Desired survivor size 33554432 bytes, new threshold 15 (max 15)
- age   1:    1211840 bytes,    1211840 total
- age   2:     101544 bytes,    1313384 total
, 0.0043126 secs]
   [Parallel Time: 3.4 ms, GC Workers: 2]
      [GC Worker Start (ms): Min: 8638597.2, Avg: 8638597.2, Max: 8638597.2, Diff: 0.0]
      [Ext Root Scanning (ms): Min: 1.1, Avg: 1.2, Max: 1.4, Diff: 0.2, Sum: 2.5]
      [SATB Filtering (ms): Min: 0.0, Avg: 0.0, Max: 0.0, Diff: 0.0, Sum: 0.0]
      [Update RS (ms): Min: 0.3, Avg: 0.4, Max: 0.4, Diff: 0.0, Sum: 0.7]
         [Processed Buffers: Min: 6, Avg: 11.0, Max: 16, Diff: 10, Sum: 22]
      [Scan RS (ms): Min: 0.3, Avg: 0.3, Max: 0.3, Diff: 0.0, Sum: 0.7]
      [Code Root Scanning (ms): Min: 0.1, Avg: 0.1, Max: 0.1, Diff: 0.0, Sum: 0.3]
      [Object Copy (ms): Min: 1.1, Avg: 1.2, Max: 1.3, Diff: 0.2, Sum: 2.4]
      [Termination (ms): Min: 0.0, Avg: 0.0, Max: 0.0, Diff: 0.0, Sum: 0.0]
      [GC Worker Other (ms): Min: 0.0, Avg: 0.0, Max: 0.0, Diff: 0.0, Sum: 0.1]
      [GC Worker Total (ms): Min: 3.3, Avg: 3.3, Max: 3.3, Diff: 0.0, Sum: 6.6]
      [GC Worker End (ms): Min: 8638600.5, Avg: 8638600.5, Max: 8638600.5, Diff: 0.0]
   [Code Root Fixup: 0.2 ms]
   [Code Root Migration: 0.0 ms]
   [Clear CT: 0.2 ms]
   [Other: 0.6 ms]
      [Choose CSet: 0.0 ms]
      [Ref Proc: 0.2 ms]
      [Ref Enq: 0.0 ms]
      [Free CSet: 0.3 ms]
   [Eden: 494.0M(494.0M)->0.0B(804.0M) Survivors: 4096.0K->2048.0K Heap: 3141.6M(5632.0M)->2646.6M(5632.0M)]
 [Times: user=0.01 sys=0.00, real=0.00 secs] 
2014-06-25T02:34:56.152+0000: 8638.602: Total time for which application threads were stopped: 0.0048299 seconds
2014-06-25T02:34:58.435+0000: 8640.884: [GC pause (G1 Evacuation Pause) (young)
Desired survivor size 53477376 bytes, new threshold 15 (max 15)
- age   1:     180320 bytes,     180320 total
- age   2:     176128 bytes,     356448 total
- age   3:     101512 bytes,     457960 total
, 0.0054300 secs]
   [Parallel Time: 4.3 ms, GC Workers: 2]
      [GC Worker Start (ms): Min: 8640884.1, Avg: 8640884.1, Max: 8640884.1, Diff: 0.0]
      [Ext Root Scanning (ms): Min: 1.1, Avg: 1.2, Max: 1.3, Diff: 0.2, Sum: 2.5]
      [SATB Filtering (ms): Min: 0.0, Avg: 0.0, Max: 0.0, Diff: 0.0, Sum: 0.0]
      [Update RS (ms): Min: 0.3, Avg: 0.4, Max: 0.4, Diff: 0.1, Sum: 0.8]
         [Processed Buffers: Min: 1, Avg: 10.5, Max: 20, Diff: 19, Sum: 21]
      [Scan RS (ms): Min: 0.5, Avg: 0.5, Max: 0.6, Diff: 0.1, Sum: 1.0]
      [Code Root Scanning (ms): Min: 0.2, Avg: 0.2, Max: 0.2, Diff: 0.0, Sum: 0.4]
      [Object Copy (ms): Min: 1.7, Avg: 1.8, Max: 1.9, Diff: 0.2, Sum: 3.6]
      [Termination (ms): Min: 0.0, Avg: 0.0, Max: 0.0, Diff: 0.0, Sum: 0.0]
      [GC Worker Other (ms): Min: 0.0, Avg: 0.0, Max: 0.0, Diff: 0.0, Sum: 0.1]
      [GC Worker Total (ms): Min: 4.2, Avg: 4.2, Max: 4.2, Diff: 0.0, Sum: 8.4]
      [GC Worker End (ms): Min: 8640888.3, Avg: 8640888.3, Max: 8640888.3, Diff: 0.0]
   [Code Root Fixup: 0.2 ms]
   [Code Root Migration: 0.0 ms]
   [Clear CT: 0.2 ms]
   [Other: 0.8 ms]
      [Choose CSet: 0.0 ms]
      [Ref Proc: 0.2 ms]
      [Ref Enq: 0.0 ms]
      [Free CSet: 0.5 ms]
   [Eden: 804.0M(804.0M)->0.0B(1040.0M) Survivors: 2048.0K->2048.0K Heap: 3450.6M(5632.0M)->2645.4M(5632.0M)]
 [Times: user=0.01 sys=0.00, real=0.01 secs] 
2014-06-25T02:34:58.442+0000: 8640.891: Total time for which application threads were stopped: 0.0076971 seconds
2014-06-25T02:34:59.448+0000: 8641.897: [GC concurrent-mark-end, 6.3695504 secs]
2014-06-25T02:34:59.452+0000: 8641.901: [GC remark 8641.901: [GC ref-proc, 0.0014516 secs], 0.0161827 secs]
 [Times: user=0.02 sys=0.00, real=0.02 secs] 
2014-06-25T02:34:59.468+0000: 8641.917: Total time for which application threads were stopped: 0.0203459 seconds
2014-06-25T02:34:59.472+0000: 8641.921: [GC cleanup 3025M->2156M(5632M), 0.0443617 secs]
 [Times: user=0.08 sys=0.01, real=0.04 secs] 
2014-06-25T02:34:59.517+0000: 8641.966: Total time for which application threads were stopped: 0.0447948 seconds
2014-06-25T02:34:59.517+0000: 8641.966: [GC concurrent-cleanup-start]
2014-06-25T02:34:59.518+0000: 8641.967: [GC concurrent-cleanup-end, 0.0012303 secs]
2014-06-25T02:34:59.666+0000: 8642.115: Total time for which application threads were stopped: 0.0062675 seconds
2014-06-25T02:34:59.688+0000: 8642.137: Total time for which application threads were stopped: 0.0042367 seconds
2014-06-25T02:35:00.337+0000: 8642.787: Total time for which application threads were stopped: 0.0004389 seconds
2014-06-25T02:35:00.727+0000: 8643.177: [GC pause (G1 Evacuation Pause) (young)
Desired survivor size 69206016 bytes, new threshold 15 (max 15)
- age   1:     284544 bytes,     284544 total
- age   2:     160520 bytes,     445064 total
- age   3:     174976 bytes,     620040 total
- age   4:     100760 bytes,     720800 total
, 0.0068406 secs]
   [Parallel Time: 5.5 ms, GC Workers: 2]
      [GC Worker Start (ms): Min: 8643176.7, Avg: 8643176.7, Max: 8643176.7, Diff: 0.0]
      [Ext Root Scanning (ms): Min: 1.1, Avg: 1.3, Max: 1.4, Diff: 0.3, Sum: 2.5]
      [Update RS (ms): Min: 0.7, Avg: 0.8, Max: 0.8, Diff: 0.2, Sum: 1.5]
         [Processed Buffers: Min: 11, Avg: 16.5, Max: 22, Diff: 11, Sum: 33]
      [Scan RS (ms): Min: 0.6, Avg: 0.6, Max: 0.6, Diff: 0.0, Sum: 1.2]
      [Code Root Scanning (ms): Min: 0.2, Avg: 0.3, Max: 0.3, Diff: 0.0, Sum: 0.5]
      [Object Copy (ms): Min: 2.5, Avg: 2.6, Max: 2.6, Diff: 0.2, Sum: 5.1]
      [Termination (ms): Min: 0.0, Avg: 0.0, Max: 0.0, Diff: 0.0, Sum: 0.0]
      [GC Worker Other (ms): Min: 0.0, Avg: 0.0, Max: 0.0, Diff: 0.0, Sum: 0.1]
      [GC Worker Total (ms): Min: 5.5, Avg: 5.5, Max: 5.5, Diff: 0.0, Sum: 11.0]
      [GC Worker End (ms): Min: 8643182.2, Avg: 8643182.2, Max: 8643182.2, Diff: 0.0]
   [Code Root Fixup: 0.2 ms]
   [Code Root Migration: 0.0 ms]
   [Clear CT: 0.3 ms]
   [Other: 0.8 ms]
      [Choose CSet: 0.0 ms]
      [Ref Proc: 0.1 ms]
      [Ref Enq: 0.0 ms]
      [Free CSet: 0.5 ms]
   [Eden: 1040.0M(1040.0M)->0.0B(278.0M) Survivors: 2048.0K->2048.0K Heap: 2816.4M(5632.0M)->1777.4M(5632.0M)]
 [Times: user=0.02 sys=0.00, real=0.00 secs] 
2014-06-25T02:35:00.734+0000: 8643.184: Total time for which application threads were stopped: 0.0074165 seconds
2014-06-25T02:35:01.246+0000: 8643.695: [GC pause (G1 Evacuation Pause) (mixed)
Desired survivor size 18874368 bytes, new threshold 15 (max 15)
- age   1:     388720 bytes,     388720 total
- age   2:     259376 bytes,     648096 total
- age   3:     159928 bytes,     808024 total
- age   4:     161208 bytes,     969232 total
- age   5:     100760 bytes,    1069992 total
, 0.0556782 secs]
   [Parallel Time: 53.6 ms, GC Workers: 2]
      [GC Worker Start (ms): Min: 8643695.1, Avg: 8643695.1, Max: 8643695.1, Diff: 0.0]
      [Ext Root Scanning (ms): Min: 1.2, Avg: 1.4, Max: 1.6, Diff: 0.4, Sum: 2.8]
      [Update RS (ms): Min: 0.5, Avg: 0.5, Max: 0.6, Diff: 0.1, Sum: 1.1]
         [Processed Buffers: Min: 1, Avg: 10.0, Max: 19, Diff: 18, Sum: 20]
      [Scan RS (ms): Min: 12.7, Avg: 12.7, Max: 12.8, Diff: 0.1, Sum: 25.5]
      [Code Root Scanning (ms): Min: 0.1, Avg: 0.2, Max: 0.2, Diff: 0.2, Sum: 0.3]
      [Object Copy (ms): Min: 38.5, Avg: 38.6, Max: 38.7, Diff: 0.2, Sum: 77.2]
      [Termination (ms): Min: 0.0, Avg: 0.0, Max: 0.0, Diff: 0.0, Sum: 0.0]
      [GC Worker Other (ms): Min: 0.0, Avg: 0.0, Max: 0.0, Diff: 0.0, Sum: 0.1]
      [GC Worker Total (ms): Min: 53.5, Avg: 53.5, Max: 53.5, Diff: 0.0, Sum: 107.0]
      [GC Worker End (ms): Min: 8643748.6, Avg: 8643748.6, Max: 8643748.6, Diff: 0.0]
   [Code Root Fixup: 0.2 ms]
   [Code Root Migration: 0.1 ms]
   [Clear CT: 0.5 ms]
   [Other: 1.4 ms]
      [Choose CSet: 0.2 ms]
      [Ref Proc: 0.1 ms]
      [Ref Enq: 0.0 ms]
      [Free CSet: 0.8 ms]
   [Eden: 278.0M(278.0M)->0.0B(758.0M) Survivors: 2048.0K->2048.0K Heap: 2055.4M(5632.0M)->1432.6M(5632.0M)]
 [Times: user=0.11 sys=0.00, real=0.06 secs] 
2014-06-25T02:35:01.302+0000: 8643.751: Total time for which application threads were stopped: 0.0562768 seconds
2014-06-25T02:35:02.879+0000: 8645.328: [GC pause (G1 Evacuation Pause) (young)
Desired survivor size 50331648 bytes, new threshold 15 (max 15)
- age   1:     131296 bytes,     131296 total
- age   2:     356456 bytes,     487752 total
- age   3:     259376 bytes,     747128 total
- age   4:     159904 bytes,     907032 total
- age   5:     161120 bytes,    1068152 total
- age   6:     100760 bytes,    1168912 total
, 0.0140137 secs]
   [Parallel Time: 12.9 ms, GC Workers: 2]
      [GC Worker Start (ms): Min: 8645328.1, Avg: 8645328.1, Max: 8645328.1, Diff: 0.0]
      [Ext Root Scanning (ms): Min: 1.1, Avg: 1.3, Max: 1.4, Diff: 0.3, Sum: 2.6]
      [Update RS (ms): Min: 7.3, Avg: 7.4, Max: 7.6, Diff: 0.4, Sum: 14.9]
         [Processed Buffers: Min: 10, Avg: 18.5, Max: 27, Diff: 17, Sum: 37]
      [Scan RS (ms): Min: 0.4, Avg: 0.5, Max: 0.6, Diff: 0.2, Sum: 1.1]
      [Code Root Scanning (ms): Min: 0.2, Avg: 0.2, Max: 0.2, Diff: 0.1, Sum: 0.4]
      [Object Copy (ms): Min: 3.3, Avg: 3.4, Max: 3.5, Diff: 0.2, Sum: 6.8]
      [Termination (ms): Min: 0.0, Avg: 0.0, Max: 0.0, Diff: 0.0, Sum: 0.0]
      [GC Worker Other (ms): Min: 0.0, Avg: 0.0, Max: 0.0, Diff: 0.0, Sum: 0.1]
      [GC Worker Total (ms): Min: 12.9, Avg: 12.9, Max: 12.9, Diff: 0.0, Sum: 25.7]
      [GC Worker End (ms): Min: 8645341.0, Avg: 8645341.0, Max: 8645341.0, Diff: 0.0]
   [Code Root Fixup: 0.2 ms]
   [Code Root Migration: 0.0 ms]
   [Clear CT: 0.2 ms]
   [Other: 0.7 ms]
      [Choose CSet: 0.0 ms]
      [Ref Proc: 0.1 ms]
      [Ref Enq: 0.0 ms]
      [Free CSet: 0.5 ms]
   [Eden: 758.0M(758.0M)->0.0B(278.0M) Survivors: 2048.0K->2048.0K Heap: 2190.6M(5632.0M)->1433.2M(5632.0M)]
 [Times: user=0.03 sys=0.00, real=0.02 secs] 
2014-06-25T02:35:02.893+0000: 8645.342: Total time for which application threads were stopped: 0.0145596 seconds
2014-06-25T02:35:03.399+0000: 8645.848: [GC pause (G1 Evacuation Pause) (young)
Desired survivor size 18874368 bytes, new threshold 15 (max 15)
- age   1:     294640 bytes,     294640 total
- age   2:     109880 bytes,     404520 total
- age   3:     356392 bytes,     760912 total
- age   4:     259376 bytes,    1020288 total
- age   5:     159904 bytes,    1180192 total
- age   6:     161120 bytes,    1341312 total
- age   7:     100760 bytes,    1442072 total
, 0.0066037 secs]
   [Parallel Time: 5.9 ms, GC Workers: 2]
      [GC Worker Start (ms): Min: 8645848.0, Avg: 8645848.0, Max: 8645848.0, Diff: 0.0]
      [Ext Root Scanning (ms): Min: 1.2, Avg: 1.3, Max: 1.4, Diff: 0.3, Sum: 2.6]
      [Update RS (ms): Min: 0.1, Avg: 0.5, Max: 0.9, Diff: 0.8, Sum: 1.0]
         [Processed Buffers: Min: 1, Avg: 9.5, Max: 18, Diff: 17, Sum: 19]
      [Scan RS (ms): Min: 0.0, Avg: 0.2, Max: 0.4, Diff: 0.4, Sum: 0.4]
      [Code Root Scanning (ms): Min: 0.0, Avg: 0.1, Max: 0.1, Diff: 0.1, Sum: 0.1]
      [Object Copy (ms): Min: 3.7, Avg: 3.7, Max: 3.7, Diff: 0.0, Sum: 7.4]
      [Termination (ms): Min: 0.0, Avg: 0.0, Max: 0.0, Diff: 0.0, Sum: 0.0]
      [GC Worker Other (ms): Min: 0.0, Avg: 0.0, Max: 0.0, Diff: 0.0, Sum: 0.0]
      [GC Worker Total (ms): Min: 5.8, Avg: 5.8, Max: 5.8, Diff: 0.0, Sum: 11.6]
      [GC Worker End (ms): Min: 8645853.8, Avg: 8645853.8, Max: 8645853.8, Diff: 0.0]
   [Code Root Fixup: 0.2 ms]
   [Code Root Migration: 0.0 ms]
   [Clear CT: 0.1 ms]
   [Other: 0.5 ms]
      [Choose CSet: 0.0 ms]
      [Ref Proc: 0.1 ms]
      [Ref Enq: 0.0 ms]
      [Free CSet: 0.2 ms]
   [Eden: 278.0M(278.0M)->0.0B(276.0M) Survivors: 2048.0K->4096.0K Heap: 1711.2M(5632.0M)->1433.8M(5632.0M)]
 [Times: user=0.01 sys=0.00, real=0.01 secs] 
2014-06-25T02:35:03.405+0000: 8645.855: Total time for which application threads were stopped: 0.0071449 seconds
2014-06-25T02:35:03.912+0000: 8646.361: [GC pause (G1 Evacuation Pause) (young)
Desired survivor size 18874368 bytes, new threshold 15 (max 15)
- age   1:     120496 bytes,     120496 total
- age   2:     271368 bytes,     391864 total
- age   3:     109880 bytes,     501744 total
- age   4:     356312 bytes,     858056 total
- age   5:     258528 bytes,    1116584 total
- age   6:     159904 bytes,    1276488 total
- age   7:     161120 bytes,    1437608 total
- age   8:     100568 bytes,    1538176 total
, 0.0065521 secs]
   [Parallel Time: 5.9 ms, GC Workers: 2]
      [GC Worker Start (ms): Min: 8646360.9, Avg: 8646360.9, Max: 8646360.9, Diff: 0.0]
      [Ext Root Scanning (ms): Min: 1.1, Avg: 1.3, Max: 1.4, Diff: 0.3, Sum: 2.5]
      [Update RS (ms): Min: 0.1, Avg: 0.5, Max: 0.9, Diff: 0.8, Sum: 1.0]
         [Processed Buffers: Min: 1, Avg: 7.0, Max: 13, Diff: 12, Sum: 14]
      [Scan RS (ms): Min: 0.0, Avg: 0.2, Max: 0.4, Diff: 0.4, Sum: 0.4]
      [Code Root Scanning (ms): Min: 0.0, Avg: 0.1, Max: 0.1, Diff: 0.1, Sum: 0.1]
      [Object Copy (ms): Min: 3.7, Avg: 3.7, Max: 3.7, Diff: 0.0, Sum: 7.5]
      [Termination (ms): Min: 0.0, Avg: 0.0, Max: 0.0, Diff: 0.0, Sum: 0.0]
      [GC Worker Other (ms): Min: 0.0, Avg: 0.0, Max: 0.0, Diff: 0.0, Sum: 0.1]
      [GC Worker Total (ms): Min: 5.8, Avg: 5.8, Max: 5.8, Diff: 0.0, Sum: 11.6]
      [GC Worker End (ms): Min: 8646366.7, Avg: 8646366.7, Max: 8646366.7, Diff: 0.0]
   [Code Root Fixup: 0.2 ms]
   [Code Root Migration: 0.0 ms]
   [Clear CT: 0.1 ms]
   [Other: 0.4 ms]
      [Choose CSet: 0.0 ms]
      [Ref Proc: 0.1 ms]
      [Ref Enq: 0.0 ms]
      [Free CSet: 0.2 ms]
   [Eden: 276.0M(276.0M)->0.0B(278.0M) Survivors: 4096.0K->2048.0K Heap: 1709.8M(5632.0M)->1432.9M(5632.0M)]
 [Times: user=0.01 sys=0.00, real=0.00 secs] 
2014-06-25T02:35:03.918+0000: 8646.368: Total time for which application threads were stopped: 0.0109422 seconds
2014-06-25T02:35:04.423+0000: 8646.872: [GC pause (G1 Evacuation Pause) (young)
Desired survivor size 18874368 bytes, new threshold 15 (max 15)
- age   1:      96096 bytes,      96096 total
- age   2:      93800 bytes,     189896 total
- age   3:     271368 bytes,     461264 total
- age   4:     109880 bytes,     571144 total
- age   5:     356312 bytes,     927456 total
- age   6:     258528 bytes,    1185984 total
- age   7:     159904 bytes,    1345888 total
- age   8:     161120 bytes,    1507008 total
- age   9:     100568 bytes,    1607576 total
, 0.0067644 secs]
   [Parallel Time: 6.0 ms, GC Workers: 2]
      [GC Worker Start (ms): Min: 8646872.6, Avg: 8646872.6, Max: 8646872.6, Diff: 0.0]
      [Ext Root Scanning (ms): Min: 1.1, Avg: 1.3, Max: 1.4, Diff: 0.3, Sum: 2.5]
      [Update RS (ms): Min: 0.2, Avg: 0.5, Max: 0.9, Diff: 0.7, Sum: 1.1]
         [Processed Buffers: Min: 1, Avg: 10.0, Max: 19, Diff: 18, Sum: 20]
      [Scan RS (ms): Min: 0.0, Avg: 0.2, Max: 0.4, Diff: 0.4, Sum: 0.4]
      [Code Root Scanning (ms): Min: 0.0, Avg: 0.1, Max: 0.1, Diff: 0.1, Sum: 0.1]
      [Object Copy (ms): Min: 3.9, Avg: 3.9, Max: 3.9, Diff: 0.1, Sum: 7.8]
      [Termination (ms): Min: 0.0, Avg: 0.0, Max: 0.0, Diff: 0.0, Sum: 0.0]
      [GC Worker Other (ms): Min: 0.0, Avg: 0.0, Max: 0.0, Diff: 0.0, Sum: 0.0]
      [GC Worker Total (ms): Min: 6.0, Avg: 6.0, Max: 6.0, Diff: 0.0, Sum: 12.0]
      [GC Worker End (ms): Min: 8646878.6, Avg: 8646878.6, Max: 8646878.6, Diff: 0.0]
   [Code Root Fixup: 0.2 ms]
   [Code Root Migration: 0.0 ms]
   [Clear CT: 0.1 ms]
   [Other: 0.4 ms]
      [Choose CSet: 0.0 ms]
      [Ref Proc: 0.1 ms]
      [Ref Enq: 0.0 ms]
      [Free CSet: 0.2 ms]
   [Eden: 278.0M(278.0M)->0.0B(516.0M) Survivors: 2048.0K->4096.0K Heap: 1710.9M(5632.0M)->1434.6M(5632.0M)]
 [Times: user=0.00 sys=0.00, real=0.01 secs] 
2014-06-25T02:35:04.430+0000: 8646.879: Total time for which application threads were stopped: 0.0072998 seconds
2014-06-25T02:35:05.372+0000: 8647.821: [GC pause (G1 Evacuation Pause) (young)
Desired survivor size 34603008 bytes, new threshold 15 (max 15)
- age   1:      97392 bytes,      97392 total
- age   2:      72320 bytes,     169712 total
- age   3:      93400 bytes,     263112 total
- age   4:     271336 bytes,     534448 total
- age   5:     109880 bytes,     644328 total
- age   6:     355320 bytes,     999648 total
- age   7:     258528 bytes,    1258176 total
- age   8:     159904 bytes,    1418080 total
- age   9:     161096 bytes,    1579176 total
- age  10:     100568 bytes,    1679744 total
, 0.0075167 secs]
   [Parallel Time: 6.6 ms, GC Workers: 2]
      [GC Worker Start (ms): Min: 8647820.9, Avg: 8647820.9, Max: 8647820.9, Diff: 0.0]
      [Ext Root Scanning (ms): Min: 1.1, Avg: 1.3, Max: 1.4, Diff: 0.2, Sum: 2.5]
      [Update RS (ms): Min: 0.1, Avg: 0.5, Max: 0.9, Diff: 0.8, Sum: 1.0]
         [Processed Buffers: Min: 1, Avg: 7.5, Max: 14, Diff: 13, Sum: 15]
      [Scan RS (ms): Min: 0.1, Avg: 0.4, Max: 0.6, Diff: 0.5, Sum: 0.7]
      [Code Root Scanning (ms): Min: 0.0, Avg: 0.1, Max: 0.2, Diff: 0.2, Sum: 0.3]
      [Object Copy (ms): Min: 4.2, Avg: 4.3, Max: 4.3, Diff: 0.2, Sum: 8.5]
      [Termination (ms): Min: 0.0, Avg: 0.0, Max: 0.0, Diff: 0.0, Sum: 0.0]
      [GC Worker Other (ms): Min: 0.0, Avg: 0.0, Max: 0.0, Diff: 0.0, Sum: 0.0]
      [GC Worker Total (ms): Min: 6.5, Avg: 6.5, Max: 6.5, Diff: 0.0, Sum: 13.1]
      [GC Worker End (ms): Min: 8647827.5, Avg: 8647827.5, Max: 8647827.5, Diff: 0.0]
   [Code Root Fixup: 0.2 ms]
   [Code Root Migration: 0.0 ms]
   [Clear CT: 0.2 ms]
   [Other: 0.6 ms]
      [Choose CSet: 0.0 ms]
      [Ref Proc: 0.1 ms]
      [Ref Enq: 0.0 ms]
      [Free CSet: 0.4 ms]
   [Eden: 516.0M(516.0M)->0.0B(1524.0M) Survivors: 4096.0K->2048.0K Heap: 1950.6M(5632.0M)->1433.1M(5632.0M)]
 [Times: user=0.01 sys=0.00, real=0.01 secs] 
2014-06-25T02:35:05.379+0000: 8647.829: Total time for which application threads were stopped: 0.0108375 seconds
2014-06-25T02:35:08.154+0000: 8650.604: [GC pause (G1 Evacuation Pause) (young)
Desired survivor size 100663296 bytes, new threshold 15 (max 15)
- age   1:     167120 bytes,     167120 total
- age   2:      77712 bytes,     244832 total
- age   3:      72320 bytes,     317152 total
- age   4:      93368 bytes,     410520 total
- age   5:     271336 bytes,     681856 total
- age   6:     109880 bytes,     791736 total
- age   7:     355320 bytes,    1147056 total
- age   8:     258528 bytes,    1405584 total
- age   9:     159872 bytes,    1565456 total
- age  10:     161096 bytes,    1726552 total
- age  11:     100568 bytes,    1827120 total
, 0.0100320 secs]
   [Parallel Time: 8.4 ms, GC Workers: 2]
      [GC Worker Start (ms): Min: 8650603.7, Avg: 8650603.7, Max: 8650603.7, Diff: 0.0]
      [Ext Root Scanning (ms): Min: 1.1, Avg: 1.3, Max: 1.4, Diff: 0.3, Sum: 2.6]
      [Update RS (ms): Min: 0.2, Avg: 0.6, Max: 0.9, Diff: 0.7, Sum: 1.1]
         [Processed Buffers: Min: 1, Avg: 10.5, Max: 20, Diff: 19, Sum: 21]
      [Scan RS (ms): Min: 0.8, Avg: 1.0, Max: 1.2, Diff: 0.4, Sum: 2.0]
      [Code Root Scanning (ms): Min: 0.3, Avg: 0.4, Max: 0.4, Diff: 0.1, Sum: 0.8]
      [Object Copy (ms): Min: 5.1, Avg: 5.2, Max: 5.3, Diff: 0.2, Sum: 10.3]
      [Termination (ms): Min: 0.0, Avg: 0.0, Max: 0.0, Diff: 0.0, Sum: 0.0]
      [GC Worker Other (ms): Min: 0.0, Avg: 0.0, Max: 0.0, Diff: 0.0, Sum: 0.1]
      [GC Worker Total (ms): Min: 8.4, Avg: 8.4, Max: 8.4, Diff: 0.0, Sum: 16.8]
      [GC Worker End (ms): Min: 8650612.1, Avg: 8650612.1, Max: 8650612.1, Diff: 0.0]
   [Code Root Fixup: 0.2 ms]
   [Code Root Migration: 0.0 ms]
   [Clear CT: 0.4 ms]
   [Other: 1.0 ms]
      [Choose CSet: 0.0 ms]
      [Ref Proc: 0.1 ms]
      [Ref Enq: 0.0 ms]
      [Free CSet: 0.8 ms]
   [Eden: 1524.0M(1524.0M)->0.0B(2846.0M) Survivors: 2048.0K->4096.0K Heap: 2957.1M(5632.0M)->1434.7M(5632.0M)]
 [Times: user=0.02 sys=0.00, real=0.01 secs] 
2014-06-25T02:35:08.165+0000: 8650.614: Total time for which application threads were stopped: 0.0135713 seconds
2014-06-25T02:35:13.363+0000: 8655.813: [GC pause (G1 Evacuation Pause) (young)
Desired survivor size 187695104 bytes, new threshold 15 (max 15)
- age   1:     433520 bytes,     433520 total
- age   2:     133488 bytes,     567008 total
- age   3:      77600 bytes,     644608 total
- age   4:      72320 bytes,     716928 total
- age   5:      92616 bytes,     809544 total
- age   6:     271336 bytes,    1080880 total
- age   7:      97600 bytes,    1178480 total
- age   8:     351144 bytes,    1529624 total
- age   9:     258432 bytes,    1788056 total
- age  10:     159872 bytes,    1947928 total
- age  11:     161096 bytes,    2109024 total
- age  12:     100568 bytes,    2209592 total
, 0.0133847 secs]
   [Parallel Time: 10.8 ms, GC Workers: 2]
      [GC Worker Start (ms): Min: 8655812.6, Avg: 8655812.6, Max: 8655812.6, Diff: 0.0]
      [Ext Root Scanning (ms): Min: 1.1, Avg: 1.3, Max: 1.4, Diff: 0.3, Sum: 2.5]
      [Update RS (ms): Min: 0.3, Avg: 0.6, Max: 0.9, Diff: 0.6, Sum: 1.2]
         [Processed Buffers: Min: 1, Avg: 13.5, Max: 26, Diff: 25, Sum: 27]
      [Scan RS (ms): Min: 1.6, Avg: 1.8, Max: 1.9, Diff: 0.3, Sum: 3.6]
      [Code Root Scanning (ms): Min: 0.6, Avg: 0.7, Max: 0.8, Diff: 0.1, Sum: 1.4]
      [Object Copy (ms): Min: 6.3, Avg: 6.4, Max: 6.5, Diff: 0.2, Sum: 12.8]
      [Termination (ms): Min: 0.0, Avg: 0.0, Max: 0.0, Diff: 0.0, Sum: 0.0]
      [GC Worker Other (ms): Min: 0.0, Avg: 0.0, Max: 0.1, Diff: 0.0, Sum: 0.1]
      [GC Worker Total (ms): Min: 10.8, Avg: 10.8, Max: 10.8, Diff: 0.0, Sum: 21.5]
      [GC Worker End (ms): Min: 8655823.4, Avg: 8655823.4, Max: 8655823.4, Diff: 0.0]
   [Code Root Fixup: 0.2 ms]
   [Code Root Migration: 0.1 ms]
   [Clear CT: 0.7 ms]
   [Other: 1.6 ms]
      [Choose CSet: 0.0 ms]
      [Ref Proc: 0.1 ms]
      [Ref Enq: 0.0 ms]
      [Free CSet: 1.4 ms]
   [Eden: 2846.0M(2846.0M)->0.0B(3374.0M) Survivors: 4096.0K->4096.0K Heap: 4280.7M(5632.0M)->1435.2M(5632.0M)]
 [Times: user=0.02 sys=0.00, real=0.01 secs] 
2014-06-25T02:35:13.377+0000: 8655.826: Total time for which application threads were stopped: 0.0179366 seconds
2014-06-25T02:35:19.522+0000: 8661.971: [GC pause (G1 Evacuation Pause) (young)
Desired survivor size 222298112 bytes, new threshold 15 (max 15)
- age   1:     560192 bytes,     560192 total
- age   2:     397056 bytes,     957248 total
- age   3:     133488 bytes,    1090736 total
- age   4:      76608 bytes,    1167344 total
- age   5:      72320 bytes,    1239664 total
- age   6:      92424 bytes,    1332088 total
- age   7:     271336 bytes,    1603424 total
- age   8:      97600 bytes,    1701024 total
- age   9:     351056 bytes,    2052080 total
- age  10:     258432 bytes,    2310512 total
- age  11:     159872 bytes,    2470384 total
- age  12:     161096 bytes,    2631480 total
- age  13:     100568 bytes,    2732048 total
, 0.0154368 secs]
   [Parallel Time: 12.5 ms, GC Workers: 2]
      [GC Worker Start (ms): Min: 8661970.9, Avg: 8661970.9, Max: 8661970.9, Diff: 0.0]
      [Ext Root Scanning (ms): Min: 1.1, Avg: 1.3, Max: 1.4, Diff: 0.3, Sum: 2.6]
      [Update RS (ms): Min: 0.4, Avg: 0.6, Max: 0.9, Diff: 0.5, Sum: 1.3]
         [Processed Buffers: Min: 1, Avg: 13.0, Max: 25, Diff: 24, Sum: 26]
      [Scan RS (ms): Min: 2.0, Avg: 2.1, Max: 2.3, Diff: 0.3, Sum: 4.3]
      [Code Root Scanning (ms): Min: 0.8, Avg: 0.8, Max: 0.9, Diff: 0.1, Sum: 1.7]
      [Object Copy (ms): Min: 7.4, Avg: 7.5, Max: 7.6, Diff: 0.2, Sum: 15.1]
      [Termination (ms): Min: 0.0, Avg: 0.0, Max: 0.0, Diff: 0.0, Sum: 0.0]
      [GC Worker Other (ms): Min: 0.0, Avg: 0.0, Max: 0.1, Diff: 0.0, Sum: 0.1]
      [GC Worker Total (ms): Min: 12.4, Avg: 12.5, Max: 12.5, Diff: 0.0, Sum: 24.9]
      [GC Worker End (ms): Min: 8661983.4, Avg: 8661983.4, Max: 8661983.4, Diff: 0.0]
   [Code Root Fixup: 0.2 ms]
   [Code Root Migration: 0.1 ms]
   [Clear CT: 0.8 ms]
   [Other: 1.9 ms]
      [Choose CSet: 0.0 ms]
      [Ref Proc: 0.1 ms]
      [Ref Enq: 0.0 ms]
      [Free CSet: 1.6 ms]
   [Eden: 3374.0M(3374.0M)->0.0B(3374.0M) Survivors: 4096.0K->4096.0K Heap: 4809.2M(5632.0M)->1435.2M(5632.0M)]
 [Times: user=0.03 sys=0.00, real=0.02 secs] 
2014-06-25T02:35:19.537+0000: 8661.986: Total time for which application threads were stopped: 0.0161089 seconds
2014-06-25T02:35:25.818+0000: 8668.267: [GC pause (G1 Evacuation Pause) (young)
Desired survivor size 222298112 bytes, new threshold 15 (max 15)
- age   1:     513960 bytes,     513960 total
- age   2:     531160 bytes,    1045120 total
- age   3:     396960 bytes,    1442080 total
- age   4:     133456 bytes,    1575536 total
- age   5:      76608 bytes,    1652144 total
- age   6:      72320 bytes,    1724464 total
- age   7:      92424 bytes,    1816888 total
- age   8:     271336 bytes,    2088224 total
- age   9:      97600 bytes,    2185824 total
- age  10:     350984 bytes,    2536808 total
- age  11:     258432 bytes,    2795240 total
- age  12:     159872 bytes,    2955112 total
- age  13:     161072 bytes,    3116184 total
- age  14:     100568 bytes,    3216752 total
, 0.0163626 secs]
   [Parallel Time: 13.5 ms, GC Workers: 2]
      [GC Worker Start (ms): Min: 8668267.2, Avg: 8668267.2, Max: 8668267.2, Diff: 0.0]
      [Ext Root Scanning (ms): Min: 1.1, Avg: 1.3, Max: 1.4, Diff: 0.3, Sum: 2.6]
      [Update RS (ms): Min: 0.6, Avg: 0.7, Max: 0.9, Diff: 0.2, Sum: 1.5]
         [Processed Buffers: Min: 1, Avg: 16.0, Max: 31, Diff: 30, Sum: 32]
      [Scan RS (ms): Min: 2.0, Avg: 2.2, Max: 2.3, Diff: 0.3, Sum: 4.3]
      [Code Root Scanning (ms): Min: 0.8, Avg: 0.8, Max: 0.9, Diff: 0.1, Sum: 1.7]
      [Object Copy (ms): Min: 8.3, Avg: 8.4, Max: 8.5, Diff: 0.2, Sum: 16.7]
      [Termination (ms): Min: 0.0, Avg: 0.0, Max: 0.0, Diff: 0.0, Sum: 0.0]
      [GC Worker Other (ms): Min: 0.0, Avg: 0.0, Max: 0.1, Diff: 0.0, Sum: 0.1]
      [GC Worker Total (ms): Min: 13.4, Avg: 13.4, Max: 13.4, Diff: 0.0, Sum: 26.8]
      [GC Worker End (ms): Min: 8668280.6, Avg: 8668280.6, Max: 8668280.6, Diff: 0.0]
   [Code Root Fixup: 0.2 ms]
   [Code Root Migration: 0.1 ms]
   [Clear CT: 0.8 ms]
   [Other: 1.8 ms]
      [Choose CSet: 0.0 ms]
      [Ref Proc: 0.1 ms]
      [Ref Enq: 0.0 ms]
      [Free CSet: 1.6 ms]
   [Eden: 3374.0M(3374.0M)->0.0B(3374.0M) Survivors: 4096.0K->4096.0K Heap: 4809.2M(5632.0M)->1435.2M(5632.0M)]
 [Times: user=0.04 sys=0.00, real=0.01 secs] 
2014-06-25T02:35:25.835+0000: 8668.284: Total time for which application threads were stopped: 0.0169998 seconds
2014-06-25T02:35:31.980+0000: 8674.429: [GC pause (G1 Evacuation Pause) (young)
Desired survivor size 222298112 bytes, new threshold 15 (max 15)
- age   1:     433352 bytes,     433352 total
- age   2:     491224 bytes,     924576 total
- age   3:     530880 bytes,    1455456 total
- age   4:     396960 bytes,    1852416 total
- age   5:     133456 bytes,    1985872 total
- age   6:      76584 bytes,    2062456 total
- age   7:      72280 bytes,    2134736 total
- age   8:      92424 bytes,    2227160 total
- age   9:     271336 bytes,    2498496 total
- age  10:      94216 bytes,    2592712 total
- age  11:     345744 bytes,    2938456 total
- age  12:     258432 bytes,    3196888 total
- age  13:     159848 bytes,    3356736 total
- age  14:     160960 bytes,    3517696 total
- age  15:     100568 bytes,    3618264 total
, 0.0170294 secs]
   [Parallel Time: 14.1 ms, GC Workers: 2]
      [GC Worker Start (ms): Min: 8674428.9, Avg: 8674428.9, Max: 8674429.0, Diff: 0.0]
      [Ext Root Scanning (ms): Min: 1.1, Avg: 1.3, Max: 1.4, Diff: 0.3, Sum: 2.6]
      [Update RS (ms): Min: 0.5, Avg: 0.7, Max: 0.8, Diff: 0.3, Sum: 1.3]
         [Processed Buffers: Min: 1, Avg: 13.5, Max: 26, Diff: 25, Sum: 27]
      [Scan RS (ms): Min: 2.1, Avg: 2.2, Max: 2.3, Diff: 0.2, Sum: 4.4]
      [Code Root Scanning (ms): Min: 0.8, Avg: 0.8, Max: 0.9, Diff: 0.1, Sum: 1.7]
      [Object Copy (ms): Min: 9.0, Avg: 9.1, Max: 9.2, Diff: 0.2, Sum: 18.1]
      [Termination (ms): Min: 0.0, Avg: 0.0, Max: 0.0, Diff: 0.0, Sum: 0.0]
      [GC Worker Other (ms): Min: 0.0, Avg: 0.0, Max: 0.1, Diff: 0.0, Sum: 0.1]
      [GC Worker Total (ms): Min: 14.0, Avg: 14.1, Max: 14.1, Diff: 0.0, Sum: 28.1]
      [GC Worker End (ms): Min: 8674443.0, Avg: 8674443.0, Max: 8674443.0, Diff: 0.0]
   [Code Root Fixup: 0.2 ms]
   [Code Root Migration: 0.1 ms]
   [Clear CT: 0.8 ms]
   [Other: 1.9 ms]
      [Choose CSet: 0.0 ms]
      [Ref Proc: 0.1 ms]
      [Ref Enq: 0.0 ms]
      [Free CSet: 1.6 ms]
   [Eden: 3374.0M(3374.0M)->0.0B(3374.0M) Survivors: 4096.0K->4096.0K Heap: 4809.2M(5632.0M)->1435.3M(5632.0M)]
 [Times: user=0.03 sys=0.00, real=0.02 secs] 
2014-06-25T02:35:31.997+0000: 8674.446: Total time for which application threads were stopped: 0.0197900 seconds
2014-06-25T02:35:38.151+0000: 8680.600: [GC pause (G1 Evacuation Pause) (young)
Desired survivor size 222298112 bytes, new threshold 15 (max 15)
- age   1:     325392 bytes,     325392 total
- age   2:     406368 bytes,     731760 total
- age   3:     491096 bytes,    1222856 total
- age   4:     530856 bytes,    1753712 total
- age   5:     388720 bytes,    2142432 total
- age   6:     133456 bytes,    2275888 total
- age   7:      76584 bytes,    2352472 total
- age   8:      72280 bytes,    2424752 total
- age   9:      92424 bytes,    2517176 total
- age  10:     271336 bytes,    2788512 total
- age  11:      94216 bytes,    2882728 total
- age  12:     345624 bytes,    3228352 total
- age  13:     258432 bytes,    3486784 total
- age  14:     159848 bytes,    3646632 total
- age  15:     160960 bytes,    3807592 total
, 0.0177699 secs]
   [Parallel Time: 14.7 ms, GC Workers: 2]
      [GC Worker Start (ms): Min: 8680600.0, Avg: 8680600.0, Max: 8680600.1, Diff: 0.0]
      [Ext Root Scanning (ms): Min: 1.1, Avg: 1.3, Max: 1.4, Diff: 0.3, Sum: 2.6]
      [Update RS (ms): Min: 0.8, Avg: 0.9, Max: 1.0, Diff: 0.2, Sum: 1.8]
         [Processed Buffers: Min: 1, Avg: 14.0, Max: 27, Diff: 26, Sum: 28]
      [Scan RS (ms): Min: 2.1, Avg: 2.2, Max: 2.2, Diff: 0.1, Sum: 4.3]
      [Code Root Scanning (ms): Min: 0.8, Avg: 0.8, Max: 0.8, Diff: 0.0, Sum: 1.7]
      [Object Copy (ms): Min: 9.2, Avg: 9.3, Max: 9.4, Diff: 0.2, Sum: 18.7]
      [Termination (ms): Min: 0.0, Avg: 0.0, Max: 0.0, Diff: 0.0, Sum: 0.0]
      [GC Worker Other (ms): Min: 0.0, Avg: 0.0, Max: 0.1, Diff: 0.0, Sum: 0.1]
      [GC Worker Total (ms): Min: 14.6, Avg: 14.6, Max: 14.6, Diff: 0.0, Sum: 29.2]
      [GC Worker End (ms): Min: 8680614.6, Avg: 8680614.6, Max: 8680614.7, Diff: 0.0]
   [Code Root Fixup: 0.2 ms]
   [Code Root Migration: 0.2 ms]
   [Clear CT: 0.8 ms]
   [Other: 2.0 ms]
      [Choose CSet: 0.0 ms]
      [Ref Proc: 0.1 ms]
      [Ref Enq: 0.0 ms]
      [Free CSet: 1.7 ms]
   [Eden: 3374.0M(3374.0M)->0.0B(3374.0M) Survivors: 4096.0K->4096.0K Heap: 4809.3M(5632.0M)->1435.5M(5632.0M)]
 [Times: user=0.03 sys=0.01, real=0.02 secs] 
2014-06-25T02:35:38.169+0000: 8680.618: Total time for which application threads were stopped: 0.0184208 seconds
2014-06-25T02:35:38.276+0000: 8680.725: Total time for which application threads were stopped: 0.0043102 seconds
2014-06-25T02:35:38.276+0000: 8680.725: Total time for which application threads were stopped: 0.0002018 seconds
2014-06-25T02:35:44.323+0000: 8686.773: [GC pause (G1 Evacuation Pause) (young)
Desired survivor size 222298112 bytes, new threshold 15 (max 15)
- age   1:     262624 bytes,     262624 total
- age   2:     296824 bytes,     559448 total
- age   3:     393640 bytes,     953088 total
- age   4:     491072 bytes,    1444160 total
- age   5:     530824 bytes,    1974984 total
- age   6:     388600 bytes,    2363584 total
- age   7:     133456 bytes,    2497040 total
- age   8:      76584 bytes,    2573624 total
- age   9:      72280 bytes,    2645904 total
- age  10:      92424 bytes,    2738328 total
- age  11:     271336 bytes,    3009664 total
- age  12:      94184 bytes,    3103848 total
- age  13:     345624 bytes,    3449472 total
- age  14:     258432 bytes,    3707904 total
- age  15:     159848 bytes,    3867752 total
, 0.0179675 secs]
   [Parallel Time: 15.1 ms, GC Workers: 2]
      [GC Worker Start (ms): Min: 8686772.7, Avg: 8686772.7, Max: 8686772.8, Diff: 0.0]
      [Ext Root Scanning (ms): Min: 1.1, Avg: 1.3, Max: 1.4, Diff: 0.3, Sum: 2.5]
      [Update RS (ms): Min: 1.2, Avg: 1.2, Max: 1.3, Diff: 0.1, Sum: 2.5]
         [Processed Buffers: Min: 15, Avg: 15.5, Max: 16, Diff: 1, Sum: 31]
      [Scan RS (ms): Min: 2.1, Avg: 2.1, Max: 2.2, Diff: 0.0, Sum: 4.3]
      [Code Root Scanning (ms): Min: 0.8, Avg: 0.8, Max: 0.9, Diff: 0.0, Sum: 1.7]
      [Object Copy (ms): Min: 9.5, Avg: 9.5, Max: 9.6, Diff: 0.1, Sum: 19.1]
      [Termination (ms): Min: 0.0, Avg: 0.0, Max: 0.0, Diff: 0.0, Sum: 0.0]
      [GC Worker Other (ms): Min: 0.0, Avg: 0.0, Max: 0.1, Diff: 0.0, Sum: 0.1]
      [GC Worker Total (ms): Min: 15.0, Avg: 15.0, Max: 15.1, Diff: 0.0, Sum: 30.1]
      [GC Worker End (ms): Min: 8686787.8, Avg: 8686787.8, Max: 8686787.8, Diff: 0.0]
   [Code Root Fixup: 0.2 ms]
   [Code Root Migration: 0.1 ms]
   [Clear CT: 0.8 ms]
   [Other: 1.8 ms]
      [Choose CSet: 0.0 ms]
      [Ref Proc: 0.1 ms]
      [Ref Enq: 0.0 ms]
      [Free CSet: 1.6 ms]
   [Eden: 3374.0M(3374.0M)->0.0B(3374.0M) Survivors: 4096.0K->4096.0K Heap: 4809.5M(5632.0M)->1435.7M(5632.0M)]
 [Times: user=0.02 sys=0.00, real=0.02 secs] 
2014-06-25T02:35:44.342+0000: 8686.791: Total time for which application threads were stopped: 0.0185911 seconds
2014-06-25T02:35:50.496+0000: 8692.945: [GC pause (G1 Evacuation Pause) (young)
Desired survivor size 222298112 bytes, new threshold 15 (max 15)
- age   1:     260256 bytes,     260256 total
- age   2:     235072 bytes,     495328 total
- age   3:     296704 bytes,     792032 total
- age   4:     393080 bytes,    1185112 total
- age   5:     491072 bytes,    1676184 total
- age   6:     530704 bytes,    2206888 total
- age   7:     388600 bytes,    2595488 total
- age   8:     133456 bytes,    2728944 total
- age   9:      76560 bytes,    2805504 total
- age  10:      72280 bytes,    2877784 total
- age  11:      92424 bytes,    2970208 total
- age  12:     271336 bytes,    3241544 total
- age  13:      94128 bytes,    3335672 total
- age  14:     345552 bytes,    3681224 total
- age  15:     258432 bytes,    3939656 total
, 0.0181193 secs]
   [Parallel Time: 15.2 ms, GC Workers: 2]
      [GC Worker Start (ms): Min: 8692944.9, Avg: 8692944.9, Max: 8692944.9, Diff: 0.0]
      [Ext Root Scanning (ms): Min: 1.1, Avg: 1.3, Max: 1.4, Diff: 0.3, Sum: 2.5]
      [Update RS (ms): Min: 1.2, Avg: 1.3, Max: 1.4, Diff: 0.1, Sum: 2.6]
         [Processed Buffers: Min: 16, Avg: 18.5, Max: 21, Diff: 5, Sum: 37]
      [Scan RS (ms): Min: 2.1, Avg: 2.1, Max: 2.2, Diff: 0.1, Sum: 4.2]
      [Code Root Scanning (ms): Min: 0.8, Avg: 0.8, Max: 0.9, Diff: 0.0, Sum: 1.7]
      [Object Copy (ms): Min: 9.5, Avg: 9.6, Max: 9.6, Diff: 0.1, Sum: 19.2]
      [Termination (ms): Min: 0.0, Avg: 0.0, Max: 0.0, Diff: 0.0, Sum: 0.0]
      [GC Worker Other (ms): Min: 0.0, Avg: 0.0, Max: 0.1, Diff: 0.0, Sum: 0.1]
      [GC Worker Total (ms): Min: 15.1, Avg: 15.1, Max: 15.2, Diff: 0.0, Sum: 30.3]
      [GC Worker End (ms): Min: 8692960.1, Avg: 8692960.1, Max: 8692960.1, Diff: 0.0]
   [Code Root Fixup: 0.2 ms]
   [Code Root Migration: 0.1 ms]
   [Clear CT: 0.8 ms]
   [Other: 1.9 ms]
      [Choose CSet: 0.0 ms]
      [Ref Proc: 0.1 ms]
      [Ref Enq: 0.0 ms]
      [Free CSet: 1.6 ms]
   [Eden: 3374.0M(3374.0M)->0.0B(3372.0M) Survivors: 4096.0K->6144.0K Heap: 4809.7M(5632.0M)->1437.0M(5632.0M)]
 [Times: user=0.03 sys=0.00, real=0.01 secs] 
2014-06-25T02:35:50.514+0000: 8692.963: Total time for which application threads were stopped: 0.0199616 seconds
2014-06-25T02:35:56.639+0000: 8699.088: [GC pause (G1 Evacuation Pause) (young)
Desired survivor size 222298112 bytes, new threshold 15 (max 15)
- age   1:     196976 bytes,     196976 total
- age   2:     216624 bytes,     413600 total
- age   3:     234920 bytes,     648520 total
- age   4:     296648 bytes,     945168 total
- age   5:     391888 bytes,    1337056 total
- age   6:     491048 bytes,    1828104 total
- age   7:     530704 bytes,    2358808 total
- age   8:     388600 bytes,    2747408 total
- age   9:     133456 bytes,    2880864 total
- age  10:      76560 bytes,    2957424 total
- age  11:      72280 bytes,    3029704 total
- age  12:      92424 bytes,    3122128 total
- age  13:     271336 bytes,    3393464 total
- age  14:      94104 bytes,    3487568 total
- age  15:     345424 bytes,    3832992 total
, 0.0180302 secs]
   [Parallel Time: 15.0 ms, GC Workers: 2]
      [GC Worker Start (ms): Min: 8699088.2, Avg: 8699088.2, Max: 8699088.2, Diff: 0.0]
      [Ext Root Scanning (ms): Min: 1.1, Avg: 1.3, Max: 1.4, Diff: 0.3, Sum: 2.5]
      [Update RS (ms): Min: 1.4, Avg: 1.4, Max: 1.5, Diff: 0.1, Sum: 2.9]
         [Processed Buffers: Min: 2, Avg: 16.0, Max: 30, Diff: 28, Sum: 32]
      [Scan RS (ms): Min: 2.2, Avg: 2.2, Max: 2.2, Diff: 0.0, Sum: 4.3]
      [Code Root Scanning (ms): Min: 0.8, Avg: 0.8, Max: 0.8, Diff: 0.0, Sum: 1.7]
      [Object Copy (ms): Min: 9.1, Avg: 9.2, Max: 9.3, Diff: 0.2, Sum: 18.5]
      [Termination (ms): Min: 0.0, Avg: 0.0, Max: 0.0, Diff: 0.0, Sum: 0.0]
      [GC Worker Other (ms): Min: 0.0, Avg: 0.0, Max: 0.1, Diff: 0.0, Sum: 0.1]
      [GC Worker Total (ms): Min: 15.0, Avg: 15.0, Max: 15.0, Diff: 0.0, Sum: 30.0]
      [GC Worker End (ms): Min: 8699103.1, Avg: 8699103.1, Max: 8699103.2, Diff: 0.0]
   [Code Root Fixup: 0.2 ms]
   [Code Root Migration: 0.1 ms]
   [Clear CT: 0.8 ms]
   [Other: 1.9 ms]
      [Choose CSet: 0.0 ms]
      [Ref Proc: 0.1 ms]
      [Ref Enq: 0.0 ms]
      [Free CSet: 1.7 ms]
   [Eden: 3372.0M(3372.0M)->0.0B(3374.0M) Survivors: 6144.0K->4096.0K Heap: 4809.0M(5632.0M)->1436.4M(5632.0M)]
 [Times: user=0.04 sys=0.00, real=0.02 secs] 
2014-06-25T02:35:56.657+0000: 8699.106: Total time for which application threads were stopped: 0.0186486 seconds
2014-06-25T02:36:01.308+0000: 8703.757: Total time for which application threads were stopped: 0.0040750 seconds
2014-06-25T02:36:02.969+0000: 8705.418: [GC pause (G1 Evacuation Pause) (young)
Desired survivor size 222298112 bytes, new threshold 15 (max 15)
- age   1:     168080 bytes,     168080 total
- age   2:     157816 bytes,     325896 total
- age   3:     216384 bytes,     542280 total
- age   4:     234920 bytes,     777200 total
- age   5:     296608 bytes,    1073808 total
- age   6:     391752 bytes,    1465560 total
- age   7:     491008 bytes,    1956568 total
- age   8:     530704 bytes,    2487272 total
- age   9:     388600 bytes,    2875872 total
- age  10:     133456 bytes,    3009328 total
- age  11:      76560 bytes,    3085888 total
- age  12:      72280 bytes,    3158168 total
- age  13:      92424 bytes,    3250592 total
- age  14:     271336 bytes,    3521928 total
- age  15:      94040 bytes,    3615968 total
, 0.0178281 secs]
   [Parallel Time: 14.8 ms, GC Workers: 2]
      [GC Worker Start (ms): Min: 8705417.8, Avg: 8705417.8, Max: 8705417.8, Diff: 0.0]
      [Ext Root Scanning (ms): Min: 1.1, Avg: 1.3, Max: 1.4, Diff: 0.3, Sum: 2.5]
      [Update RS (ms): Min: 1.6, Avg: 1.7, Max: 1.7, Diff: 0.1, Sum: 3.4]
         [Processed Buffers: Min: 7, Avg: 17.5, Max: 28, Diff: 21, Sum: 35]
      [Scan RS (ms): Min: 2.1, Avg: 2.1, Max: 2.2, Diff: 0.0, Sum: 4.3]
      [Code Root Scanning (ms): Min: 0.8, Avg: 0.8, Max: 0.8, Diff: 0.0, Sum: 1.7]
      [Object Copy (ms): Min: 8.7, Avg: 8.8, Max: 8.9, Diff: 0.2, Sum: 17.5]
      [Termination (ms): Min: 0.0, Avg: 0.0, Max: 0.0, Diff: 0.0, Sum: 0.0]
      [GC Worker Other (ms): Min: 0.0, Avg: 0.0, Max: 0.1, Diff: 0.0, Sum: 0.1]
      [GC Worker Total (ms): Min: 14.7, Avg: 14.8, Max: 14.8, Diff: 0.0, Sum: 29.5]
      [GC Worker End (ms): Min: 8705432.6, Avg: 8705432.6, Max: 8705432.6, Diff: 0.0]
   [Code Root Fixup: 0.2 ms]
   [Code Root Migration: 0.1 ms]
   [Clear CT: 0.8 ms]
   [Other: 1.9 ms]
      [Choose CSet: 0.0 ms]
      [Ref Proc: 0.1 ms]
      [Ref Enq: 0.0 ms]
      [Free CSet: 1.7 ms]
   [Eden: 3374.0M(3374.0M)->0.0B(3374.0M) Survivors: 4096.0K->4096.0K Heap: 4810.4M(5632.0M)->1436.8M(5632.0M)]
 [Times: user=0.03 sys=0.00, real=0.02 secs] 
2014-06-25T02:36:02.987+0000: 8705.436: Total time for which application threads were stopped: 0.0184476 seconds
2014-06-25T02:36:09.262+0000: 8711.711: [GC pause (G1 Evacuation Pause) (young)
Desired survivor size 222298112 bytes, new threshold 15 (max 15)
- age   1:     187248 bytes,     187248 total
- age   2:     124936 bytes,     312184 total
- age   3:     157600 bytes,     469784 total
- age   4:     216360 bytes,     686144 total
- age   5:     234888 bytes,     921032 total
- age   6:     296488 bytes,    1217520 total
- age   7:     391752 bytes,    1609272 total
- age   8:     491008 bytes,    2100280 total
- age   9:     530704 bytes,    2630984 total
- age  10:     388600 bytes,    3019584 total
- age  11:     133456 bytes,    3153040 total
- age  12:      76560 bytes,    3229600 total
- age  13:      72280 bytes,    3301880 total
- age  14:      92424 bytes,    3394304 total
- age  15:     271336 bytes,    3665640 total
, 0.0171218 secs]
   [Parallel Time: 14.3 ms, GC Workers: 2]
      [GC Worker Start (ms): Min: 8711711.4, Avg: 8711711.4, Max: 8711711.4, Diff: 0.0]
      [Ext Root Scanning (ms): Min: 1.1, Avg: 1.2, Max: 1.3, Diff: 0.2, Sum: 2.5]
      [Update RS (ms): Min: 1.3, Avg: 1.3, Max: 1.3, Diff: 0.0, Sum: 2.5]
         [Processed Buffers: Min: 4, Avg: 15.5, Max: 27, Diff: 23, Sum: 31]
      [Scan RS (ms): Min: 2.1, Avg: 2.1, Max: 2.1, Diff: 0.0, Sum: 4.3]
      [Code Root Scanning (ms): Min: 0.8, Avg: 0.8, Max: 0.9, Diff: 0.0, Sum: 1.7]
      [Object Copy (ms): Min: 8.6, Avg: 8.7, Max: 8.7, Diff: 0.1, Sum: 17.4]
      [Termination (ms): Min: 0.0, Avg: 0.0, Max: 0.0, Diff: 0.0, Sum: 0.0]
      [GC Worker Other (ms): Min: 0.0, Avg: 0.0, Max: 0.1, Diff: 0.0, Sum: 0.1]
      [GC Worker Total (ms): Min: 14.2, Avg: 14.2, Max: 14.2, Diff: 0.0, Sum: 28.4]
      [GC Worker End (ms): Min: 8711725.6, Avg: 8711725.6, Max: 8711725.6, Diff: 0.0]
   [Code Root Fixup: 0.2 ms]
   [Code Root Migration: 0.1 ms]
   [Clear CT: 0.8 ms]
   [Other: 1.8 ms]
      [Choose CSet: 0.0 ms]
      [Ref Proc: 0.1 ms]
      [Ref Enq: 0.0 ms]
      [Free CSet: 1.6 ms]
   [Eden: 3374.0M(3374.0M)->0.0B(3374.0M) Survivors: 4096.0K->4096.0K Heap: 4810.8M(5632.0M)->1437.0M(5632.0M)]
 [Times: user=0.02 sys=0.00, real=0.02 secs] 
2014-06-25T02:36:09.280+0000: 8711.729: Total time for which application threads were stopped: 0.0178168 seconds
2014-06-25T02:36:15.452+0000: 8717.901: [GC pause (G1 Evacuation Pause) (young)
Desired survivor size 222298112 bytes, new threshold 15 (max 15)
- age   1:     115184 bytes,     115184 total
- age   2:     157184 bytes,     272368 total
- age   3:     112240 bytes,     384608 total
- age   4:     157408 bytes,     542016 total
- age   5:     216208 bytes,     758224 total
- age   6:     234744 bytes,     992968 total
- age   7:     296488 bytes,    1289456 total
- age   8:     391752 bytes,    1681208 total
- age   9:     491008 bytes,    2172216 total
- age  10:     530704 bytes,    2702920 total
- age  11:     388600 bytes,    3091520 total
- age  12:     133456 bytes,    3224976 total
- age  13:      76560 bytes,    3301536 total
- age  14:      72280 bytes,    3373816 total
- age  15:      92424 bytes,    3466240 total
, 0.0170604 secs]
   [Parallel Time: 14.2 ms, GC Workers: 2]
      [GC Worker Start (ms): Min: 8717900.9, Avg: 8717900.9, Max: 8717901.0, Diff: 0.0]
      [Ext Root Scanning (ms): Min: 1.1, Avg: 1.3, Max: 1.4, Diff: 0.3, Sum: 2.6]
      [Update RS (ms): Min: 1.6, Avg: 1.7, Max: 1.7, Diff: 0.1, Sum: 3.3]
         [Processed Buffers: Min: 3, Avg: 15.0, Max: 27, Diff: 24, Sum: 30]
      [Scan RS (ms): Min: 2.0, Avg: 2.1, Max: 2.2, Diff: 0.2, Sum: 4.3]
      [Code Root Scanning (ms): Min: 0.8, Avg: 0.8, Max: 0.8, Diff: 0.0, Sum: 1.7]
      [Object Copy (ms): Min: 8.1, Avg: 8.2, Max: 8.3, Diff: 0.2, Sum: 16.4]
      [Termination (ms): Min: 0.0, Avg: 0.0, Max: 0.0, Diff: 0.0, Sum: 0.0]
      [GC Worker Other (ms): Min: 0.0, Avg: 0.0, Max: 0.1, Diff: 0.0, Sum: 0.1]
      [GC Worker Total (ms): Min: 14.1, Avg: 14.2, Max: 14.2, Diff: 0.0, Sum: 28.3]
      [GC Worker End (ms): Min: 8717915.1, Avg: 8717915.1, Max: 8717915.1, Diff: 0.0]
   [Code Root Fixup: 0.2 ms]
   [Code Root Migration: 0.1 ms]
   [Clear CT: 0.8 ms]
   [Other: 1.8 ms]
      [Choose CSet: 0.0 ms]
      [Ref Proc: 0.1 ms]
      [Ref Enq: 0.0 ms]
      [Free CSet: 1.6 ms]
   [Eden: 3374.0M(3374.0M)->0.0B(3374.0M) Survivors: 4096.0K->4096.0K Heap: 4811.0M(5632.0M)->1437.3M(5632.0M)]
 [Times: user=0.03 sys=0.01, real=0.02 secs] 
2014-06-25T02:36:15.469+0000: 8717.918: Total time for which application threads were stopped: 0.0191709 seconds
2014-06-25T02:36:16.312+0000: 8718.761: Total time for which application threads were stopped: 0.0029533 seconds
2014-06-25T02:36:21.612+0000: 8724.061: [GC pause (G1 Evacuation Pause) (young)
Desired survivor size 222298112 bytes, new threshold 15 (max 15)
- age   1:      90008 bytes,      90008 total
- age   2:      93696 bytes,     183704 total
- age   3:     157064 bytes,     340768 total
- age   4:     112216 bytes,     452984 total
- age   5:     157352 bytes,     610336 total
- age   6:     216184 bytes,     826520 total
- age   7:     234744 bytes,    1061264 total
- age   8:     296488 bytes,    1357752 total
- age   9:     391752 bytes,    1749504 total
- age  10:     491008 bytes,    2240512 total
- age  11:     530704 bytes,    2771216 total
- age  12:     388600 bytes,    3159816 total
- age  13:     133456 bytes,    3293272 total
- age  14:      76560 bytes,    3369832 total
- age  15:      72280 bytes,    3442112 total
, 0.0167395 secs]
   [Parallel Time: 13.8 ms, GC Workers: 2]
      [GC Worker Start (ms): Min: 8724060.9, Avg: 8724060.9, Max: 8724060.9, Diff: 0.0]
      [Ext Root Scanning (ms): Min: 1.1, Avg: 1.3, Max: 1.4, Diff: 0.3, Sum: 2.5]
      [Update RS (ms): Min: 1.2, Avg: 1.3, Max: 1.3, Diff: 0.1, Sum: 2.6]
         [Processed Buffers: Min: 14, Avg: 14.5, Max: 15, Diff: 1, Sum: 29]
      [Scan RS (ms): Min: 2.1, Avg: 2.1, Max: 2.1, Diff: 0.0, Sum: 4.3]
      [Code Root Scanning (ms): Min: 0.8, Avg: 0.8, Max: 0.9, Diff: 0.0, Sum: 1.7]
      [Object Copy (ms): Min: 8.0, Avg: 8.1, Max: 8.2, Diff: 0.1, Sum: 16.2]
      [Termination (ms): Min: 0.0, Avg: 0.0, Max: 0.0, Diff: 0.0, Sum: 0.0]
      [GC Worker Other (ms): Min: 0.0, Avg: 0.1, Max: 0.1, Diff: 0.0, Sum: 0.1]
      [GC Worker Total (ms): Min: 13.7, Avg: 13.7, Max: 13.7, Diff: 0.0, Sum: 27.4]
      [GC Worker End (ms): Min: 8724074.6, Avg: 8724074.6, Max: 8724074.6, Diff: 0.0]
   [Code Root Fixup: 0.2 ms]
   [Code Root Migration: 0.1 ms]
   [Clear CT: 0.8 ms]
   [Other: 1.9 ms]
      [Choose CSet: 0.0 ms]
      [Ref Proc: 0.1 ms]
      [Ref Enq: 0.0 ms]
      [Free CSet: 1.7 ms]
   [Eden: 3374.0M(3374.0M)->0.0B(3372.0M) Survivors: 4096.0K->6144.0K Heap: 4811.3M(5632.0M)->1438.3M(5632.0M)]
 [Times: user=0.03 sys=0.00, real=0.01 secs] 
2014-06-25T02:36:21.629+0000: 8724.078: Total time for which application threads were stopped: 0.0208891 seconds
2014-06-25T02:36:27.902+0000: 8730.351: [GC pause (G1 Evacuation Pause) (young)
Desired survivor size 222298112 bytes, new threshold 15 (max 15)
- age   1:      91328 bytes,      91328 total
- age   2:      56208 bytes,     147536 total
- age   3:      81320 bytes,     228856 total
- age   4:     122176 bytes,     351032 total
- age   5:     112184 bytes,     463216 total
- age   6:     157352 bytes,     620568 total
- age   7:     216184 bytes,     836752 total
- age   8:     234744 bytes,    1071496 total
- age   9:     296488 bytes,    1367984 total
- age  10:     391752 bytes,    1759736 total
- age  11:     491008 bytes,    2250744 total
- age  12:     530704 bytes,    2781448 total
- age  13:     388600 bytes,    3170048 total
- age  14:     133456 bytes,    3303504 total
- age  15:      76560 bytes,    3380064 total
, 0.0165572 secs]
   [Parallel Time: 13.7 ms, GC Workers: 2]
      [GC Worker Start (ms): Min: 8730351.2, Avg: 8730351.2, Max: 8730351.2, Diff: 0.0]
      [Ext Root Scanning (ms): Min: 1.1, Avg: 1.3, Max: 1.4, Diff: 0.3, Sum: 2.6]
      [Update RS (ms): Min: 1.2, Avg: 1.3, Max: 1.3, Diff: 0.1, Sum: 2.5]
         [Processed Buffers: Min: 2, Avg: 14.0, Max: 26, Diff: 24, Sum: 28]
      [Scan RS (ms): Min: 2.1, Avg: 2.2, Max: 2.2, Diff: 0.0, Sum: 4.3]
      [Code Root Scanning (ms): Min: 0.8, Avg: 0.8, Max: 0.8, Diff: 0.0, Sum: 1.7]
      [Object Copy (ms): Min: 8.0, Avg: 8.0, Max: 8.1, Diff: 0.1, Sum: 16.1]
      [Termination (ms): Min: 0.0, Avg: 0.0, Max: 0.0, Diff: 0.0, Sum: 0.0]
      [GC Worker Other (ms): Min: 0.0, Avg: 0.0, Max: 0.1, Diff: 0.0, Sum: 0.1]
      [GC Worker Total (ms): Min: 13.6, Avg: 13.6, Max: 13.6, Diff: 0.0, Sum: 27.2]
      [GC Worker End (ms): Min: 8730364.8, Avg: 8730364.8, Max: 8730364.9, Diff: 0.0]
   [Code Root Fixup: 0.2 ms]
   [Code Root Migration: 0.1 ms]
   [Clear CT: 0.8 ms]
   [Other: 1.8 ms]
      [Choose CSet: 0.0 ms]
      [Ref Proc: 0.1 ms]
      [Ref Enq: 0.0 ms]
      [Free CSet: 1.6 ms]
   [Eden: 3372.0M(3372.0M)->0.0B(3374.0M) Survivors: 6144.0K->4096.0K Heap: 4810.3M(5632.0M)->1437.5M(5632.0M)]
 [Times: user=0.03 sys=0.00, real=0.02 secs] 
2014-06-25T02:36:27.919+0000: 8730.368: Total time for which application threads were stopped: 0.0171923 seconds
2014-06-25T02:36:34.074+0000: 8736.523: [GC pause (G1 Evacuation Pause) (young)
Desired survivor size 222298112 bytes, new threshold 15 (max 15)
- age   1:      64296 bytes,      64296 total
- age   2:      66272 bytes,     130568 total
- age   3:      55984 bytes,     186552 total
- age   4:      81296 bytes,     267848 total
- age   5:     122136 bytes,     389984 total
- age   6:     112184 bytes,     502168 total
- age   7:     157328 bytes,     659496 total
- age   8:     216184 bytes,     875680 total
- age   9:     234744 bytes,    1110424 total
- age  10:     296488 bytes,    1406912 total
- age  11:     391752 bytes,    1798664 total
- age  12:     491008 bytes,    2289672 total
- age  13:     530704 bytes,    2820376 total
- age  14:     388600 bytes,    3208976 total
- age  15:     133456 bytes,    3342432 total
, 0.0168507 secs]
   [Parallel Time: 13.9 ms, GC Workers: 2]
      [GC Worker Start (ms): Min: 8736522.8, Avg: 8736522.9, Max: 8736522.9, Diff: 0.1]
      [Ext Root Scanning (ms): Min: 1.1, Avg: 1.3, Max: 1.4, Diff: 0.3, Sum: 2.5]
      [Update RS (ms): Min: 1.4, Avg: 1.4, Max: 1.5, Diff: 0.1, Sum: 2.9]
         [Processed Buffers: Min: 10, Avg: 17.0, Max: 24, Diff: 14, Sum: 34]
      [Scan RS (ms): Min: 2.1, Avg: 2.2, Max: 2.2, Diff: 0.0, Sum: 4.3]
      [Code Root Scanning (ms): Min: 0.8, Avg: 0.8, Max: 0.8, Diff: 0.0, Sum: 1.7]
      [Object Copy (ms): Min: 8.0, Avg: 8.0, Max: 8.1, Diff: 0.1, Sum: 16.0]
      [Termination (ms): Min: 0.0, Avg: 0.0, Max: 0.0, Diff: 0.0, Sum: 0.0]
      [GC Worker Other (ms): Min: 0.0, Avg: 0.0, Max: 0.1, Diff: 0.0, Sum: 0.1]
      [GC Worker Total (ms): Min: 13.8, Avg: 13.8, Max: 13.8, Diff: 0.1, Sum: 27.6]
      [GC Worker End (ms): Min: 8736536.6, Avg: 8736536.7, Max: 8736536.7, Diff: 0.0]
   [Code Root Fixup: 0.2 ms]
   [Code Root Migration: 0.1 ms]
   [Clear CT: 0.8 ms]
   [Other: 1.9 ms]
      [Choose CSet: 0.0 ms]
      [Ref Proc: 0.1 ms]
      [Ref Enq: 0.0 ms]
      [Free CSet: 1.7 ms]
   [Eden: 3374.0M(3374.0M)->0.0B(3372.0M) Survivors: 4096.0K->6144.0K Heap: 4811.5M(5632.0M)->1438.6M(5632.0M)]
 [Times: user=0.04 sys=0.00, real=0.01 secs] 
2014-06-25T02:36:34.091+0000: 8736.540: Total time for which application threads were stopped: 0.0175080 seconds
2014-06-25T02:36:39.264+0000: 8741.713: Total time for which application threads were stopped: 0.0023839 seconds
2014-06-25T02:36:39.267+0000: 8741.716: Total time for which application threads were stopped: 0.0027942 seconds
2014-06-25T02:36:40.245+0000: 8742.694: [GC pause (G1 Evacuation Pause) (young)
Desired survivor size 222298112 bytes, new threshold 15 (max 15)
- age   1:     100568 bytes,     100568 total
- age   2:      39016 bytes,     139584 total
- age   3:      66056 bytes,     205640 total
- age   4:      55936 bytes,     261576 total
- age   5:      79552 bytes,     341128 total
- age   6:     122016 bytes,     463144 total
- age   7:     111976 bytes,     575120 total
- age   8:     156880 bytes,     732000 total
- age   9:     216072 bytes,     948072 total
- age  10:     234744 bytes,    1182816 total
- age  11:     296488 bytes,    1479304 total
- age  12:     391312 bytes,    1870616 total
- age  13:     491008 bytes,    2361624 total
- age  14:     530704 bytes,    2892328 total
- age  15:     388600 bytes,    3280928 total
, 0.0166678 secs]
   [Parallel Time: 13.8 ms, GC Workers: 2]
      [GC Worker Start (ms): Min: 8742694.4, Avg: 8742694.4, Max: 8742694.4, Diff: 0.0]
      [Ext Root Scanning (ms): Min: 1.1, Avg: 1.3, Max: 1.4, Diff: 0.3, Sum: 2.5]
      [Update RS (ms): Min: 1.5, Avg: 1.5, Max: 1.5, Diff: 0.0, Sum: 3.1]
         [Processed Buffers: Min: 2, Avg: 15.5, Max: 29, Diff: 27, Sum: 31]
      [Scan RS (ms): Min: 2.1, Avg: 2.2, Max: 2.2, Diff: 0.1, Sum: 4.3]
      [Code Root Scanning (ms): Min: 0.8, Avg: 0.8, Max: 0.8, Diff: 0.0, Sum: 1.7]
      [Object Copy (ms): Min: 7.8, Avg: 7.9, Max: 7.9, Diff: 0.1, Sum: 15.7]
      [Termination (ms): Min: 0.0, Avg: 0.0, Max: 0.0, Diff: 0.0, Sum: 0.0]
      [GC Worker Other (ms): Min: 0.0, Avg: 0.1, Max: 0.1, Diff: 0.0, Sum: 0.1]
      [GC Worker Total (ms): Min: 13.7, Avg: 13.7, Max: 13.7, Diff: 0.0, Sum: 27.4]
      [GC Worker End (ms): Min: 8742708.1, Avg: 8742708.1, Max: 8742708.1, Diff: 0.0]
   [Code Root Fixup: 0.2 ms]
   [Code Root Migration: 0.1 ms]
   [Clear CT: 0.8 ms]
   [Other: 1.8 ms]
      [Choose CSet: 0.0 ms]
      [Ref Proc: 0.1 ms]
      [Ref Enq: 0.0 ms]
      [Free CSet: 1.6 ms]
   [Eden: 3372.0M(3372.0M)->0.0B(3374.0M) Survivors: 6144.0K->4096.0K Heap: 4810.6M(5632.0M)->1438.1M(5632.0M)]
 [Times: user=0.04 sys=0.00, real=0.01 secs] 
2014-06-25T02:36:40.262+0000: 8742.711: Total time for which application threads were stopped: 0.0172839 seconds
2014-06-25T02:36:46.427+0000: 8748.876: [GC pause (G1 Evacuation Pause) (young)
Desired survivor size 222298112 bytes, new threshold 15 (max 15)
- age   1:      97032 bytes,      97032 total
- age   2:      61592 bytes,     158624 total
- age   3:      38960 bytes,     197584 total
- age   4:      66024 bytes,     263608 total
- age   5:      55936 bytes,     319544 total
- age   6:      79120 bytes,     398664 total
- age   7:     122016 bytes,     520680 total
- age   8:     111944 bytes,     632624 total
- age   9:     156880 bytes,     789504 total
- age  10:     215856 bytes,    1005360 total
- age  11:     221128 bytes,    1226488 total
- age  12:     296488 bytes,    1522976 total
- age  13:     391280 bytes,    1914256 total
- age  14:     491008 bytes,    2405264 total
- age  15:     530704 bytes,    2935968 total
, 0.0168108 secs]
   [Parallel Time: 13.6 ms, GC Workers: 2]
      [GC Worker Start (ms): Min: 8748876.2, Avg: 8748876.2, Max: 8748876.2, Diff: 0.0]
      [Ext Root Scanning (ms): Min: 1.1, Avg: 1.3, Max: 1.4, Diff: 0.3, Sum: 2.6]
      [Update RS (ms): Min: 2.0, Avg: 2.1, Max: 2.1, Diff: 0.1, Sum: 4.2]
         [Processed Buffers: Min: 12, Avg: 16.5, Max: 21, Diff: 9, Sum: 33]
      [Scan RS (ms): Min: 2.1, Avg: 2.2, Max: 2.2, Diff: 0.0, Sum: 4.3]
      [Code Root Scanning (ms): Min: 0.8, Avg: 0.8, Max: 0.8, Diff: 0.0, Sum: 1.7]
      [Object Copy (ms): Min: 7.0, Avg: 7.1, Max: 7.2, Diff: 0.2, Sum: 14.3]
      [Termination (ms): Min: 0.0, Avg: 0.0, Max: 0.0, Diff: 0.0, Sum: 0.0]
      [GC Worker Other (ms): Min: 0.0, Avg: 0.1, Max: 0.1, Diff: 0.0, Sum: 0.1]
      [GC Worker Total (ms): Min: 13.6, Avg: 13.6, Max: 13.6, Diff: 0.0, Sum: 27.1]
      [GC Worker End (ms): Min: 8748889.8, Avg: 8748889.8, Max: 8748889.8, Diff: 0.0]
   [Code Root Fixup: 0.2 ms]
   [Code Root Migration: 0.2 ms]
   [Clear CT: 0.8 ms]
   [Other: 2.0 ms]
      [Choose CSet: 0.0 ms]
      [Ref Proc: 0.1 ms]
      [Ref Enq: 0.0 ms]
      [Free CSet: 1.7 ms]
   [Eden: 3374.0M(3374.0M)->0.0B(3372.0M) Survivors: 4096.0K->6144.0K Heap: 4812.1M(5632.0M)->1439.8M(5632.0M)]
 [Times: user=0.04 sys=0.00, real=0.02 secs] 
2014-06-25T02:36:46.444+0000: 8748.893: Total time for which application threads were stopped: 0.0174333 seconds
2014-06-25T02:36:52.591+0000: 8755.040: [GC pause (G1 Evacuation Pause) (young)
Desired survivor size 222298112 bytes, new threshold 15 (max 15)
- age   1:      88224 bytes,      88224 total
- age   2:      69944 bytes,     158168 total
- age   3:      61200 bytes,     219368 total
- age   4:      38960 bytes,     258328 total
- age   5:      66000 bytes,     324328 total
- age   6:      55912 bytes,     380240 total
- age   7:      79064 bytes,     459304 total
- age   8:     122016 bytes,     581320 total
- age   9:     111920 bytes,     693240 total
- age  10:     156808 bytes,     850048 total
- age  11:     215856 bytes,    1065904 total
- age  12:     221128 bytes,    1287032 total
- age  13:     296488 bytes,    1583520 total
- age  14:     388920 bytes,    1972440 total
- age  15:     491008 bytes,    2463448 total
, 0.0157527 secs]
   [Parallel Time: 12.7 ms, GC Workers: 2]
      [GC Worker Start (ms): Min: 8755040.5, Avg: 8755040.5, Max: 8755040.5, Diff: 0.0]
      [Ext Root Scanning (ms): Min: 1.1, Avg: 1.3, Max: 1.4, Diff: 0.3, Sum: 2.6]
      [Update RS (ms): Min: 2.3, Avg: 2.4, Max: 2.4, Diff: 0.0, Sum: 4.7]
         [Processed Buffers: Min: 5, Avg: 16.5, Max: 28, Diff: 23, Sum: 33]
      [Scan RS (ms): Min: 2.1, Avg: 2.1, Max: 2.2, Diff: 0.0, Sum: 4.3]
      [Code Root Scanning (ms): Min: 0.8, Avg: 0.8, Max: 0.9, Diff: 0.0, Sum: 1.7]
      [Object Copy (ms): Min: 5.9, Avg: 6.0, Max: 6.1, Diff: 0.2, Sum: 12.0]
      [Termination (ms): Min: 0.0, Avg: 0.0, Max: 0.0, Diff: 0.0, Sum: 0.0]
      [GC Worker Other (ms): Min: 0.0, Avg: 0.1, Max: 0.1, Diff: 0.0, Sum: 0.1]
      [GC Worker Total (ms): Min: 12.7, Avg: 12.7, Max: 12.7, Diff: 0.0, Sum: 25.3]
      [GC Worker End (ms): Min: 8755053.1, Avg: 8755053.2, Max: 8755053.2, Diff: 0.0]
   [Code Root Fixup: 0.2 ms]
   [Code Root Migration: 0.1 ms]
   [Clear CT: 0.8 ms]
   [Other: 1.9 ms]
      [Choose CSet: 0.0 ms]
      [Ref Proc: 0.1 ms]
      [Ref Enq: 0.0 ms]
      [Free CSet: 1.7 ms]
   [Eden: 3372.0M(3372.0M)->0.0B(3374.0M) Survivors: 6144.0K->4096.0K Heap: 4811.8M(5632.0M)->1439.0M(5632.0M)]
 [Times: user=0.03 sys=0.00, real=0.02 secs] 
2014-06-25T02:36:52.607+0000: 8755.056: Total time for which application threads were stopped: 0.0163753 seconds
2014-06-25T02:36:58.752+0000: 8761.201: [GC pause (G1 Evacuation Pause) (young)
Desired survivor size 222298112 bytes, new threshold 15 (max 15)
- age   1:      66616 bytes,      66616 total
- age   2:      66480 bytes,     133096 total
- age   3:      69752 bytes,     202848 total
- age   4:      61144 bytes,     263992 total
- age   5:      38960 bytes,     302952 total
- age   6:      66000 bytes,     368952 total
- age   7:      55912 bytes,     424864 total
- age   8:      79064 bytes,     503928 total
- age   9:     122016 bytes,     625944 total
- age  10:     111920 bytes,     737864 total
- age  11:     156808 bytes,     894672 total
- age  12:     215856 bytes,    1110528 total
- age  13:     221128 bytes,    1331656 total
- age  14:     296488 bytes,    1628144 total
- age  15:     388920 bytes,    2017064 total
, 0.0144558 secs]
   [Parallel Time: 11.6 ms, GC Workers: 2]
      [GC Worker Start (ms): Min: 8761200.9, Avg: 8761200.9, Max: 8761200.9, Diff: 0.0]
      [Ext Root Scanning (ms): Min: 1.1, Avg: 1.3, Max: 1.4, Diff: 0.3, Sum: 2.6]
      [Update RS (ms): Min: 2.3, Avg: 2.4, Max: 2.4, Diff: 0.1, Sum: 4.8]
         [Processed Buffers: Min: 13, Avg: 15.0, Max: 17, Diff: 4, Sum: 30]
      [Scan RS (ms): Min: 2.1, Avg: 2.1, Max: 2.2, Diff: 0.0, Sum: 4.3]
      [Code Root Scanning (ms): Min: 0.8, Avg: 0.8, Max: 0.8, Diff: 0.0, Sum: 1.7]
      [Object Copy (ms): Min: 4.9, Avg: 4.9, Max: 5.0, Diff: 0.1, Sum: 9.8]
      [Termination (ms): Min: 0.0, Avg: 0.0, Max: 0.0, Diff: 0.0, Sum: 0.0]
      [GC Worker Other (ms): Min: 0.0, Avg: 0.0, Max: 0.1, Diff: 0.0, Sum: 0.1]
      [GC Worker Total (ms): Min: 11.6, Avg: 11.6, Max: 11.6, Diff: 0.0, Sum: 23.2]
      [GC Worker End (ms): Min: 8761212.5, Avg: 8761212.5, Max: 8761212.5, Diff: 0.0]
   [Code Root Fixup: 0.2 ms]
   [Code Root Migration: 0.1 ms]
   [Clear CT: 0.8 ms]
   [Other: 1.8 ms]
      [Choose CSet: 0.0 ms]
      [Ref Proc: 0.1 ms]
      [Ref Enq: 0.0 ms]
      [Free CSet: 1.5 ms]
   [Eden: 3374.0M(3374.0M)->0.0B(3374.0M) Survivors: 4096.0K->4096.0K Heap: 4813.0M(5632.0M)->1438.5M(5632.0M)]
 [Times: user=0.03 sys=0.00, real=0.01 secs] 
2014-06-25T02:36:58.766+0000: 8761.215: Total time for which application threads were stopped: 0.0178587 seconds
2014-06-25T02:37:05.138+0000: 8767.587: [GC pause (G1 Evacuation Pause) (young)
Desired survivor size 222298112 bytes, new threshold 15 (max 15)
- age   1:      63592 bytes,      63592 total
- age   2:      35560 bytes,      99152 total
- age   3:      66256 bytes,     165408 total
- age   4:      69696 bytes,     235104 total
- age   5:      61024 bytes,     296128 total
- age   6:      38936 bytes,     335064 total
- age   7:      66000 bytes,     401064 total
- age   8:      55912 bytes,     456976 total
- age   9:      79064 bytes,     536040 total
- age  10:     122016 bytes,     658056 total
- age  11:     111920 bytes,     769976 total
- age  12:     156808 bytes,     926784 total
- age  13:     215856 bytes,    1142640 total
- age  14:     221128 bytes,    1363768 total
- age  15:     296488 bytes,    1660256 total
, 0.0138665 secs]
   [Parallel Time: 10.6 ms, GC Workers: 2]
      [GC Worker Start (ms): Min: 8767587.4, Avg: 8767587.4, Max: 8767587.4, Diff: 0.0]
      [Ext Root Scanning (ms): Min: 1.1, Avg: 1.3, Max: 1.4, Diff: 0.3, Sum: 2.6]
      [Update RS (ms): Min: 2.0, Avg: 2.1, Max: 2.1, Diff: 0.1, Sum: 4.1]
         [Processed Buffers: Min: 16, Avg: 16.5, Max: 17, Diff: 1, Sum: 33]
      [Scan RS (ms): Min: 2.1, Avg: 2.1, Max: 2.1, Diff: 0.0, Sum: 4.3]
      [Code Root Scanning (ms): Min: 0.8, Avg: 0.8, Max: 0.8, Diff: 0.0, Sum: 1.7]
      [Object Copy (ms): Min: 4.1, Avg: 4.1, Max: 4.2, Diff: 0.1, Sum: 8.3]
      [Termination (ms): Min: 0.0, Avg: 0.0, Max: 0.0, Diff: 0.0, Sum: 0.0]
      [GC Worker Other (ms): Min: 0.0, Avg: 0.1, Max: 0.1, Diff: 0.0, Sum: 0.1]
      [GC Worker Total (ms): Min: 10.5, Avg: 10.5, Max: 10.5, Diff: 0.0, Sum: 21.0]
      [GC Worker End (ms): Min: 8767597.9, Avg: 8767597.9, Max: 8767597.9, Diff: 0.0]
   [Code Root Fixup: 0.2 ms]
   [Code Root Migration: 0.2 ms]
   [Clear CT: 0.8 ms]
   [Other: 2.1 ms]
      [Choose CSet: 0.0 ms]
      [Ref Proc: 0.1 ms]
      [Ref Enq: 0.0 ms]
      [Free CSet: 1.8 ms]
   [Eden: 3374.0M(3374.0M)->0.0B(3376.0M) Survivors: 4096.0K->2048.0K Heap: 4812.5M(5632.0M)->1437.8M(5632.0M)]
 [Times: user=0.03 sys=0.00, real=0.02 secs] 
2014-06-25T02:37:05.152+0000: 8767.601: Total time for which application threads were stopped: 0.0145633 seconds
2014-06-25T02:37:11.394+0000: 8773.843: [GC pause (G1 Evacuation Pause) (young)
Desired survivor size 222298112 bytes, new threshold 15 (max 15)
- age   1:      73696 bytes,      73696 total
- age   2:      33504 bytes,     107200 total
- age   3:      35440 bytes,     142640 total
- age   4:      53640 bytes,     196280 total
- age   5:      69696 bytes,     265976 total
- age   6:      61000 bytes,     326976 total
- age   7:      38936 bytes,     365912 total
- age   8:      66000 bytes,     431912 total
- age   9:      55912 bytes,     487824 total
- age  10:      78960 bytes,     566784 total
- age  11:     122016 bytes,     688800 total
- age  12:     111808 bytes,     800608 total
- age  13:     156808 bytes,     957416 total
- age  14:     215720 bytes,    1173136 total
- age  15:     221128 bytes,    1394264 total
, 0.0131271 secs]
   [Parallel Time: 9.9 ms, GC Workers: 2]
      [GC Worker Start (ms): Min: 8773843.5, Avg: 8773843.5, Max: 8773843.6, Diff: 0.0]
      [Ext Root Scanning (ms): Min: 1.2, Avg: 1.3, Max: 1.5, Diff: 0.3, Sum: 2.6]
      [Update RS (ms): Min: 1.8, Avg: 1.9, Max: 1.9, Diff: 0.1, Sum: 3.7]
         [Processed Buffers: Min: 5, Avg: 15.5, Max: 26, Diff: 21, Sum: 31]
      [Scan RS (ms): Min: 2.2, Avg: 2.2, Max: 2.2, Diff: 0.1, Sum: 4.4]
      [Code Root Scanning (ms): Min: 0.8, Avg: 0.8, Max: 0.8, Diff: 0.0, Sum: 1.7]
      [Object Copy (ms): Min: 3.5, Avg: 3.5, Max: 3.6, Diff: 0.1, Sum: 7.1]
      [Termination (ms): Min: 0.0, Avg: 0.0, Max: 0.0, Diff: 0.0, Sum: 0.0]
      [GC Worker Other (ms): Min: 0.0, Avg: 0.1, Max: 0.1, Diff: 0.0, Sum: 0.1]
      [GC Worker Total (ms): Min: 9.8, Avg: 9.8, Max: 9.8, Diff: 0.0, Sum: 19.6]
      [GC Worker End (ms): Min: 8773853.3, Avg: 8773853.3, Max: 8773853.4, Diff: 0.0]
   [Code Root Fixup: 0.2 ms]
   [Code Root Migration: 0.2 ms]
   [Clear CT: 0.8 ms]
   [Other: 2.0 ms]
      [Choose CSet: 0.0 ms]
      [Ref Proc: 0.1 ms]
      [Ref Enq: 0.0 ms]
      [Free CSet: 1.8 ms]
   [Eden: 3376.0M(3376.0M)->0.0B(3376.0M) Survivors: 2048.0K->2048.0K Heap: 4813.8M(5632.0M)->1438.1M(5632.0M)]
 [Times: user=0.02 sys=0.01, real=0.01 secs] 
2014-06-25T02:37:11.408+0000: 8773.857: Total time for which application threads were stopped: 0.0137056 seconds
2014-06-25T02:37:17.586+0000: 8780.035: [GC pause (G1 Evacuation Pause) (young)
Desired survivor size 222298112 bytes, new threshold 15 (max 15)
- age   1:      63752 bytes,      63752 total
- age   2:      39016 bytes,     102768 total
- age   3:      33376 bytes,     136144 total
- age   4:      35384 bytes,     171528 total
- age   5:      53608 bytes,     225136 total
- age   6:      69424 bytes,     294560 total
- age   7:      61000 bytes,     355560 total
- age   8:      38936 bytes,     394496 total
- age   9:      66000 bytes,     460496 total
- age  10:      55912 bytes,     516408 total
- age  11:      78960 bytes,     595368 total
- age  12:     122016 bytes,     717384 total
- age  13:     111808 bytes,     829192 total
- age  14:     156808 bytes,     986000 total
- age  15:     215720 bytes,    1201720 total
, 0.0120503 secs]
   [Parallel Time: 9.1 ms, GC Workers: 2]
      [GC Worker Start (ms): Min: 8780035.3, Avg: 8780035.3, Max: 8780035.3, Diff: 0.0]
      [Ext Root Scanning (ms): Min: 1.1, Avg: 1.3, Max: 1.4, Diff: 0.3, Sum: 2.5]
      [Update RS (ms): Min: 1.7, Avg: 1.8, Max: 1.8, Diff: 0.1, Sum: 3.5]
         [Processed Buffers: Min: 11, Avg: 16.0, Max: 21, Diff: 10, Sum: 32]
      [Scan RS (ms): Min: 2.1, Avg: 2.1, Max: 2.1, Diff: 0.0, Sum: 4.3]
      [Code Root Scanning (ms): Min: 0.8, Avg: 0.8, Max: 0.8, Diff: 0.0, Sum: 1.7]
      [Object Copy (ms): Min: 2.9, Avg: 3.0, Max: 3.1, Diff: 0.2, Sum: 6.1]
      [Termination (ms): Min: 0.0, Avg: 0.0, Max: 0.0, Diff: 0.0, Sum: 0.0]
      [GC Worker Other (ms): Min: 0.0, Avg: 0.1, Max: 0.1, Diff: 0.0, Sum: 0.1]
      [GC Worker Total (ms): Min: 9.0, Avg: 9.1, Max: 9.1, Diff: 0.0, Sum: 18.1]
      [GC Worker End (ms): Min: 8780044.3, Avg: 8780044.3, Max: 8780044.4, Diff: 0.0]
   [Code Root Fixup: 0.2 ms]
   [Code Root Migration: 0.1 ms]
   [Clear CT: 0.8 ms]
   [Other: 1.9 ms]
      [Choose CSet: 0.0 ms]
      [Ref Proc: 0.1 ms]
      [Ref Enq: 0.0 ms]
      [Free CSet: 1.6 ms]
   [Eden: 3376.0M(3376.0M)->0.0B(3376.0M) Survivors: 2048.0K->2048.0K Heap: 4814.1M(5632.0M)->1438.3M(5632.0M)]
 [Times: user=0.01 sys=0.01, real=0.01 secs] 
2014-06-25T02:37:17.598+0000: 8780.047: Total time for which application threads were stopped: 0.0149171 seconds
2014-06-25T02:37:23.899+0000: 8786.349: [GC pause (G1 Evacuation Pause) (young)
Desired survivor size 222298112 bytes, new threshold 15 (max 15)
- age   1:      76936 bytes,      76936 total
- age   2:      27432 bytes,     104368 total
- age   3:      38416 bytes,     142784 total
- age   4:      33352 bytes,     176136 total
- age   5:      35384 bytes,     211520 total
- age   6:      53400 bytes,     264920 total
- age   7:      69400 bytes,     334320 total
- age   8:      60976 bytes,     395296 total
- age   9:      38936 bytes,     434232 total
- age  10:      65904 bytes,     500136 total
- age  11:      55912 bytes,     556048 total
- age  12:      78912 bytes,     634960 total
- age  13:     121096 bytes,     756056 total
- age  14:     111784 bytes,     867840 total
- age  15:     156240 bytes,    1024080 total
, 0.0113053 secs]
   [Parallel Time: 8.6 ms, GC Workers: 2]
      [GC Worker Start (ms): Min: 8786348.7, Avg: 8786348.7, Max: 8786348.7, Diff: 0.0]
      [Ext Root Scanning (ms): Min: 1.1, Avg: 1.3, Max: 1.4, Diff: 0.3, Sum: 2.5]
      [Update RS (ms): Min: 1.6, Avg: 1.6, Max: 1.6, Diff: 0.0, Sum: 3.3]
         [Processed Buffers: Min: 2, Avg: 14.0, Max: 26, Diff: 24, Sum: 28]
      [Scan RS (ms): Min: 2.1, Avg: 2.1, Max: 2.2, Diff: 0.1, Sum: 4.2]
      [Code Root Scanning (ms): Min: 0.8, Avg: 0.8, Max: 0.8, Diff: 0.0, Sum: 1.7]
      [Object Copy (ms): Min: 2.5, Avg: 2.6, Max: 2.7, Diff: 0.1, Sum: 5.2]
      [Termination (ms): Min: 0.0, Avg: 0.0, Max: 0.0, Diff: 0.0, Sum: 0.0]
      [GC Worker Other (ms): Min: 0.0, Avg: 0.0, Max: 0.1, Diff: 0.0, Sum: 0.1]
      [GC Worker Total (ms): Min: 8.5, Avg: 8.5, Max: 8.5, Diff: 0.0, Sum: 16.9]
      [GC Worker End (ms): Min: 8786357.1, Avg: 8786357.2, Max: 8786357.2, Diff: 0.0]
   [Code Root Fixup: 0.2 ms]
   [Code Root Migration: 0.1 ms]
   [Clear CT: 0.8 ms]
   [Other: 1.7 ms]
      [Choose CSet: 0.0 ms]
      [Ref Proc: 0.1 ms]
      [Ref Enq: 0.0 ms]
      [Free CSet: 1.5 ms]
   [Eden: 3376.0M(3376.0M)->0.0B(3376.0M) Survivors: 2048.0K->2048.0K Heap: 4814.3M(5632.0M)->1438.3M(5632.0M)]
 [Times: user=0.02 sys=0.00, real=0.00 secs] 
2014-06-25T02:37:23.911+0000: 8786.360: Total time for which application threads were stopped: 0.0118946 seconds
2014-06-25T02:37:30.052+0000: 8792.501: [GC pause (G1 Evacuation Pause) (young)
Desired survivor size 222298112 bytes, new threshold 15 (max 15)
- age   1:      56096 bytes,      56096 total
- age   2:      46752 bytes,     102848 total
- age   3:      27216 bytes,     130064 total
- age   4:      38320 bytes,     168384 total
- age   5:      33352 bytes,     201736 total
- age   6:      35384 bytes,     237120 total
- age   7:      53400 bytes,     290520 total
- age   8:      69400 bytes,     359920 total
- age   9:      60976 bytes,     420896 total
- age  10:      38936 bytes,     459832 total
- age  11:      65904 bytes,     525736 total
- age  12:      55912 bytes,     581648 total
- age  13:      78912 bytes,     660560 total
- age  14:     120960 bytes,     781520 total
- age  15:     111784 bytes,     893304 total
, 0.0107528 secs]
   [Parallel Time: 8.0 ms, GC Workers: 2]
      [GC Worker Start (ms): Min: 8792501.1, Avg: 8792501.1, Max: 8792501.1, Diff: 0.0]
      [Ext Root Scanning (ms): Min: 1.1, Avg: 1.3, Max: 1.4, Diff: 0.3, Sum: 2.5]
      [Update RS (ms): Min: 1.1, Avg: 1.3, Max: 1.6, Diff: 0.5, Sum: 2.7]
         [Processed Buffers: Min: 3, Avg: 13.5, Max: 24, Diff: 21, Sum: 27]
      [Scan RS (ms): Min: 2.0, Avg: 2.2, Max: 2.3, Diff: 0.3, Sum: 4.3]
      [Code Root Scanning (ms): Min: 0.8, Avg: 0.8, Max: 0.9, Diff: 0.1, Sum: 1.7]
      [Object Copy (ms): Min: 2.2, Avg: 2.3, Max: 2.4, Diff: 0.2, Sum: 4.6]
      [Termination (ms): Min: 0.0, Avg: 0.0, Max: 0.0, Diff: 0.0, Sum: 0.0]
      [GC Worker Other (ms): Min: 0.0, Avg: 0.0, Max: 0.1, Diff: 0.0, Sum: 0.1]
      [GC Worker Total (ms): Min: 7.9, Avg: 7.9, Max: 7.9, Diff: 0.0, Sum: 15.8]
      [GC Worker End (ms): Min: 8792509.0, Avg: 8792509.0, Max: 8792509.0, Diff: 0.0]
   [Code Root Fixup: 0.2 ms]
   [Code Root Migration: 0.1 ms]
   [Clear CT: 0.8 ms]
   [Other: 1.7 ms]
      [Choose CSet: 0.0 ms]
      [Ref Proc: 0.1 ms]
      [Ref Enq: 0.0 ms]
      [Free CSet: 1.5 ms]
   [Eden: 3376.0M(3376.0M)->0.0B(3376.0M) Survivors: 2048.0K->2048.0K Heap: 4814.3M(5632.0M)->1438.4M(5632.0M)]
 [Times: user=0.01 sys=0.01, real=0.01 secs] 
2014-06-25T02:37:30.063+0000: 8792.512: Total time for which application threads were stopped: 0.0113030 seconds
2014-06-25T02:37:31.355+0000: 8793.804: Total time for which application threads were stopped: 0.0004187 seconds
2014-06-25T02:37:31.377+0000: 8793.826: Total time for which application threads were stopped: 0.0042602 seconds
2014-06-25T02:37:33.546+0000: 8795.995: Total time for which application threads were stopped: 0.0004758 seconds
2014-06-25T02:37:33.856+0000: 8796.305: Total time for which application threads were stopped: 0.0033671 seconds
2014-06-25T02:37:33.872+0000: 8796.321: Total time for which application threads were stopped: 0.0004928 seconds
2014-06-25T02:37:33.892+0000: 8796.341: Total time for which application threads were stopped: 0.0030099 seconds
2014-06-25T02:37:33.925+0000: 8796.374: Total time for which application threads were stopped: 0.0041619 seconds
2014-06-25T02:37:33.945+0000: 8796.394: Total time for which application threads were stopped: 0.0042691 seconds
2014-06-25T02:37:34.162+0000: 8796.611: Total time for which application threads were stopped: 0.0047192 seconds
2014-06-25T02:37:34.181+0000: 8796.630: Total time for which application threads were stopped: 0.0003796 seconds
2014-06-25T02:37:34.181+0000: 8796.630: Total time for which application threads were stopped: 0.0002444 seconds
2014-06-25T02:37:34.182+0000: 8796.631: Total time for which application threads were stopped: 0.0002436 seconds
2014-06-25T02:37:34.182+0000: 8796.631: Total time for which application threads were stopped: 0.0002537 seconds
2014-06-25T02:37:34.201+0000: 8796.650: Total time for which application threads were stopped: 0.0043011 seconds
2014-06-25T02:37:34.249+0000: 8796.698: Total time for which application threads were stopped: 0.0004543 seconds
2014-06-25T02:37:34.259+0000: 8796.709: Total time for which application threads were stopped: 0.0004142 seconds
2014-06-25T02:37:34.444+0000: 8796.893: Total time for which application threads were stopped: 0.0096743 seconds
2014-06-25T02:37:34.504+0000: 8796.954: Total time for which application threads were stopped: 0.0096059 seconds
2014-06-25T02:37:34.523+0000: 8796.972: Total time for which application threads were stopped: 0.0009217 seconds
2014-06-25T02:37:34.548+0000: 8796.997: Total time for which application threads were stopped: 0.0091436 seconds
2014-06-25T02:37:34.585+0000: 8797.034: Total time for which application threads were stopped: 0.0021024 seconds
2014-06-25T02:37:34.831+0000: 8797.280: Total time for which application threads were stopped: 0.0005876 seconds
2014-06-25T02:37:34.866+0000: 8797.316: Total time for which application threads were stopped: 0.0030735 seconds
2014-06-25T02:37:34.892+0000: 8797.341: Total time for which application threads were stopped: 0.0015929 seconds
2014-06-25T02:37:34.932+0000: 8797.381: Total time for which application threads were stopped: 0.0030854 seconds
2014-06-25T02:37:34.932+0000: 8797.381: Total time for which application threads were stopped: 0.0003002 seconds
2014-06-25T02:37:34.933+0000: 8797.382: Total time for which application threads were stopped: 0.0002579 seconds
2014-06-25T02:37:34.962+0000: 8797.411: Total time for which application threads were stopped: 0.0067839 seconds
2014-06-25T02:37:36.868+0000: 8799.317: [GC pause (G1 Evacuation Pause) (young)
Desired survivor size 222298112 bytes, new threshold 15 (max 15)
- age   1:      50360 bytes,      50360 total
- age   2:      31224 bytes,      81584 total
- age   3:      46720 bytes,     128304 total
- age   4:      27184 bytes,     155488 total
- age   5:      38296 bytes,     193784 total
- age   6:      33232 bytes,     227016 total
- age   7:      35384 bytes,     262400 total
- age   8:      53376 bytes,     315776 total
- age   9:      69400 bytes,     385176 total
- age  10:      60976 bytes,     446152 total
- age  11:      38936 bytes,     485088 total
- age  12:      65904 bytes,     550992 total
- age  13:      55912 bytes,     606904 total
- age  14:      78912 bytes,     685816 total
- age  15:     120960 bytes,     806776 total
, 0.0133317 secs]
   [Parallel Time: 9.8 ms, GC Workers: 2]
      [GC Worker Start (ms): Min: 8799317.0, Avg: 8799317.0, Max: 8799317.0, Diff: 0.0]
      [Ext Root Scanning (ms): Min: 1.1, Avg: 1.2, Max: 1.4, Diff: 0.2, Sum: 2.5]
      [Update RS (ms): Min: 2.0, Avg: 2.0, Max: 2.0, Diff: 0.1, Sum: 4.0]
         [Processed Buffers: Min: 7, Avg: 20.5, Max: 34, Diff: 27, Sum: 41]
      [Scan RS (ms): Min: 2.1, Avg: 2.1, Max: 2.1, Diff: 0.0, Sum: 4.2]
      [Code Root Scanning (ms): Min: 0.8, Avg: 0.8, Max: 0.8, Diff: 0.0, Sum: 1.7]
      [Object Copy (ms): Min: 3.4, Avg: 3.5, Max: 3.5, Diff: 0.1, Sum: 6.9]
      [Termination (ms): Min: 0.0, Avg: 0.0, Max: 0.0, Diff: 0.0, Sum: 0.0]
      [GC Worker Other (ms): Min: 0.0, Avg: 0.1, Max: 0.1, Diff: 0.0, Sum: 0.1]
      [GC Worker Total (ms): Min: 9.7, Avg: 9.7, Max: 9.7, Diff: 0.0, Sum: 19.4]
      [GC Worker End (ms): Min: 8799326.7, Avg: 8799326.7, Max: 8799326.8, Diff: 0.0]
   [Code Root Fixup: 0.2 ms]
   [Code Root Migration: 0.2 ms]
   [Clear CT: 0.8 ms]
   [Other: 2.3 ms]
      [Choose CSet: 0.0 ms]
      [Ref Proc: 0.4 ms]
      [Ref Enq: 0.0 ms]
      [Free CSet: 1.8 ms]
   [Eden: 3376.0M(3376.0M)->0.0B(3374.0M) Survivors: 2048.0K->4096.0K Heap: 4814.4M(5632.0M)->1440.0M(5632.0M)]
 [Times: user=0.02 sys=0.01, real=0.01 secs] 
2014-06-25T02:37:36.881+0000: 8799.330: Total time for which application threads were stopped: 0.0179249 seconds
2014-06-25T02:37:40.272+0000: 8802.721: Total time for which application threads were stopped: 0.0032579 seconds
2014-06-25T02:37:40.272+0000: 8802.721: Total time for which application threads were stopped: 0.0002199 seconds
2014-06-25T02:37:43.008+0000: 8805.457: [GC pause (G1 Evacuation Pause) (young)
Desired survivor size 222298112 bytes, new threshold 15 (max 15)
- age   1:     947248 bytes,     947248 total
- age   2:      28360 bytes,     975608 total
- age   3:      31008 bytes,    1006616 total
- age   4:      33120 bytes,    1039736 total
- age   5:      27128 bytes,    1066864 total
- age   6:      37880 bytes,    1104744 total
- age   7:      33208 bytes,    1137952 total
- age   8:      35384 bytes,    1173336 total
- age   9:      52672 bytes,    1226008 total
- age  10:      69400 bytes,    1295408 total
- age  11:      59448 bytes,    1354856 total
- age  12:      38936 bytes,    1393792 total
- age  13:      65904 bytes,    1459696 total
- age  14:      55912 bytes,    1515608 total
- age  15:      78848 bytes,    1594456 total
, 0.0122514 secs]
   [Parallel Time: 9.3 ms, GC Workers: 2]
      [GC Worker Start (ms): Min: 8805456.8, Avg: 8805456.9, Max: 8805456.9, Diff: 0.0]
      [Ext Root Scanning (ms): Min: 1.1, Avg: 1.3, Max: 1.4, Diff: 0.3, Sum: 2.5]
      [Update RS (ms): Min: 1.7, Avg: 1.8, Max: 1.8, Diff: 0.1, Sum: 3.6]
         [Processed Buffers: Min: 18, Avg: 18.0, Max: 18, Diff: 0, Sum: 36]
      [Scan RS (ms): Min: 2.1, Avg: 2.1, Max: 2.1, Diff: 0.0, Sum: 4.2]
      [Code Root Scanning (ms): Min: 0.8, Avg: 0.8, Max: 0.8, Diff: 0.0, Sum: 1.7]
      [Object Copy (ms): Min: 3.1, Avg: 3.1, Max: 3.2, Diff: 0.1, Sum: 6.3]
      [Termination (ms): Min: 0.0, Avg: 0.0, Max: 0.0, Diff: 0.0, Sum: 0.0]
      [GC Worker Other (ms): Min: 0.0, Avg: 0.1, Max: 0.1, Diff: 0.0, Sum: 0.1]
      [GC Worker Total (ms): Min: 9.2, Avg: 9.2, Max: 9.2, Diff: 0.0, Sum: 18.4]
      [GC Worker End (ms): Min: 8805466.0, Avg: 8805466.0, Max: 8805466.1, Diff: 0.0]
   [Code Root Fixup: 0.2 ms]
   [Code Root Migration: 0.1 ms]
   [Clear CT: 0.8 ms]
   [Other: 1.9 ms]
      [Choose CSet: 0.0 ms]
      [Ref Proc: 0.1 ms]
      [Ref Enq: 0.0 ms]
      [Free CSet: 1.7 ms]
   [Eden: 3374.0M(3374.0M)->0.0B(3374.0M) Survivors: 4096.0K->4096.0K Heap: 4814.0M(5632.0M)->1441.1M(5632.0M)]
 [Times: user=0.02 sys=0.00, real=0.01 secs] 
2014-06-25T02:37:43.020+0000: 8805.469: Total time for which application threads were stopped: 0.0168224 seconds
2014-06-25T02:37:49.299+0000: 8811.748: [GC pause (G1 Evacuation Pause) (young)
Desired survivor size 222298112 bytes, new threshold 15 (max 15)
- age   1:     112472 bytes,     112472 total
- age   2:     880088 bytes,     992560 total
- age   3:      28168 bytes,    1020728 total
- age   4:      30952 bytes,    1051680 total
- age   5:      33120 bytes,    1084800 total
- age   6:      26888 bytes,    1111688 total
- age   7:      37880 bytes,    1149568 total
- age   8:      33208 bytes,    1182776 total
- age   9:      35384 bytes,    1218160 total
- age  10:      52672 bytes,    1270832 total
- age  11:      55568 bytes,    1326400 total
- age  12:      59416 bytes,    1385816 total
- age  13:      38936 bytes,    1424752 total
- age  14:      65904 bytes,    1490656 total
- age  15:      55912 bytes,    1546568 total
, 0.0121868 secs]
   [Parallel Time: 9.1 ms, GC Workers: 2]
      [GC Worker Start (ms): Min: 8811748.6, Avg: 8811748.6, Max: 8811748.6, Diff: 0.0]
      [Ext Root Scanning (ms): Min: 1.1, Avg: 1.3, Max: 1.4, Diff: 0.3, Sum: 2.5]
      [Update RS (ms): Min: 1.5, Avg: 1.5, Max: 1.5, Diff: 0.0, Sum: 3.1]
         [Processed Buffers: Min: 2, Avg: 17.5, Max: 33, Diff: 31, Sum: 35]
      [Scan RS (ms): Min: 2.1, Avg: 2.2, Max: 2.2, Diff: 0.1, Sum: 4.3]
      [Code Root Scanning (ms): Min: 0.8, Avg: 0.8, Max: 0.8, Diff: 0.0, Sum: 1.7]
      [Object Copy (ms): Min: 3.1, Avg: 3.1, Max: 3.2, Diff: 0.1, Sum: 6.3]
      [Termination (ms): Min: 0.0, Avg: 0.0, Max: 0.0, Diff: 0.0, Sum: 0.0]
      [GC Worker Other (ms): Min: 0.0, Avg: 0.1, Max: 0.1, Diff: 0.0, Sum: 0.1]
      [GC Worker Total (ms): Min: 9.0, Avg: 9.0, Max: 9.0, Diff: 0.0, Sum: 18.0]
      [GC Worker End (ms): Min: 8811757.6, Avg: 8811757.6, Max: 8811757.6, Diff: 0.0]
   [Code Root Fixup: 0.2 ms]
   [Code Root Migration: 0.2 ms]
   [Clear CT: 0.8 ms]
   [Other: 2.0 ms]
      [Choose CSet: 0.0 ms]
      [Ref Proc: 0.1 ms]
      [Ref Enq: 0.0 ms]
      [Free CSet: 1.8 ms]
   [Eden: 3374.0M(3374.0M)->0.0B(3376.0M) Survivors: 4096.0K->2048.0K Heap: 4815.1M(5632.0M)->1439.7M(5632.0M)]
 [Times: user=0.01 sys=0.00, real=0.01 secs] 
2014-06-25T02:37:49.312+0000: 8811.761: Total time for which application threads were stopped: 0.0167514 seconds
2014-06-25T02:37:55.458+0000: 8817.907: [GC pause (G1 Evacuation Pause) (young)
Desired survivor size 222298112 bytes, new threshold 15 (max 15)
- age   1:     153168 bytes,     153168 total
- age   2:      75512 bytes,     228680 total
- age   3:     864784 bytes,    1093464 total
- age   4:      28136 bytes,    1121600 total
- age   5:      30952 bytes,    1152552 total
- age   6:      32960 bytes,    1185512 total
- age   7:      26888 bytes,    1212400 total
- age   8:      37880 bytes,    1250280 total
- age   9:      33208 bytes,    1283488 total
- age  10:      35384 bytes,    1318872 total
- age  11:      52672 bytes,    1371544 total
- age  12:      55568 bytes,    1427112 total
- age  13:      59416 bytes,    1486528 total
- age  14:      38936 bytes,    1525464 total
- age  15:      65904 bytes,    1591368 total
, 0.0116048 secs]
   [Parallel Time: 8.8 ms, GC Workers: 2]
      [GC Worker Start (ms): Min: 8817906.8, Avg: 8817906.8, Max: 8817906.8, Diff: 0.0]
      [Ext Root Scanning (ms): Min: 1.1, Avg: 1.3, Max: 1.4, Diff: 0.3, Sum: 2.5]
      [Update RS (ms): Min: 1.3, Avg: 1.4, Max: 1.4, Diff: 0.1, Sum: 2.8]
         [Processed Buffers: Min: 6, Avg: 13.5, Max: 21, Diff: 15, Sum: 27]
      [Scan RS (ms): Min: 2.1, Avg: 2.1, Max: 2.2, Diff: 0.0, Sum: 4.3]
      [Code Root Scanning (ms): Min: 0.8, Avg: 0.8, Max: 0.8, Diff: 0.0, Sum: 1.7]
      [Object Copy (ms): Min: 2.9, Avg: 3.0, Max: 3.1, Diff: 0.2, Sum: 6.1]
      [Termination (ms): Min: 0.0, Avg: 0.0, Max: 0.0, Diff: 0.0, Sum: 0.0]
      [GC Worker Other (ms): Min: 0.0, Avg: 0.0, Max: 0.1, Diff: 0.0, Sum: 0.1]
      [GC Worker Total (ms): Min: 8.7, Avg: 8.7, Max: 8.7, Diff: 0.0, Sum: 17.5]
      [GC Worker End (ms): Min: 8817915.5, Avg: 8817915.5, Max: 8817915.5, Diff: 0.0]
   [Code Root Fixup: 0.2 ms]
   [Code Root Migration: 0.1 ms]
   [Clear CT: 0.8 ms]
   [Other: 1.8 ms]
      [Choose CSet: 0.0 ms]
      [Ref Proc: 0.1 ms]
      [Ref Enq: 0.0 ms]
      [Free CSet: 1.5 ms]
   [Eden: 3376.0M(3376.0M)->0.0B(3374.0M) Survivors: 2048.0K->4096.0K Heap: 4815.7M(5632.0M)->1440.7M(5632.0M)]
 [Times: user=0.02 sys=0.01, real=0.02 secs] 
2014-06-25T02:37:55.469+0000: 8817.918: Total time for which application threads were stopped: 0.0122249 seconds
2014-06-25T02:38:01.765+0000: 8824.215: [GC pause (G1 Evacuation Pause) (young)
Desired survivor size 222298112 bytes, new threshold 15 (max 15)
- age   1:      62584 bytes,      62584 total
- age   2:     124128 bytes,     186712 total
- age   3:      75392 bytes,     262104 total
- age   4:     864712 bytes,    1126816 total
- age   5:      28136 bytes,    1154952 total
- age   6:      30952 bytes,    1185904 total
- age   7:      32960 bytes,    1218864 total
- age   8:      26888 bytes,    1245752 total
- age   9:      37880 bytes,    1283632 total
- age  10:      33208 bytes,    1316840 total
- age  11:      35384 bytes,    1352224 total
- age  12:      52672 bytes,    1404896 total
- age  13:      55568 bytes,    1460464 total
- age  14:      59416 bytes,    1519880 total
- age  15:      38936 bytes,    1558816 total
, 0.0116780 secs]
   [Parallel Time: 8.7 ms, GC Workers: 2]
      [GC Worker Start (ms): Min: 8824214.7, Avg: 8824214.7, Max: 8824214.7, Diff: 0.0]
      [Ext Root Scanning (ms): Min: 1.1, Avg: 1.3, Max: 1.4, Diff: 0.3, Sum: 2.5]
      [Update RS (ms): Min: 1.3, Avg: 1.4, Max: 1.5, Diff: 0.2, Sum: 2.8]
         [Processed Buffers: Min: 2, Avg: 13.5, Max: 25, Diff: 23, Sum: 27]
      [Scan RS (ms): Min: 2.1, Avg: 2.1, Max: 2.2, Diff: 0.1, Sum: 4.3]
      [Code Root Scanning (ms): Min: 0.8, Avg: 0.8, Max: 0.8, Diff: 0.0, Sum: 1.7]
      [Object Copy (ms): Min: 2.8, Avg: 2.9, Max: 3.0, Diff: 0.2, Sum: 5.9]
      [Termination (ms): Min: 0.0, Avg: 0.0, Max: 0.0, Diff: 0.0, Sum: 0.0]
      [GC Worker Other (ms): Min: 0.0, Avg: 0.0, Max: 0.1, Diff: 0.0, Sum: 0.1]
      [GC Worker Total (ms): Min: 8.6, Avg: 8.6, Max: 8.6, Diff: 0.0, Sum: 17.3]
      [GC Worker End (ms): Min: 8824223.3, Avg: 8824223.3, Max: 8824223.3, Diff: 0.0]
   [Code Root Fixup: 0.2 ms]
   [Code Root Migration: 0.1 ms]
   [Clear CT: 0.8 ms]
   [Other: 1.9 ms]
      [Choose CSet: 0.0 ms]
      [Ref Proc: 0.1 ms]
      [Ref Enq: 0.0 ms]
      [Free CSet: 1.7 ms]
   [Eden: 3374.0M(3374.0M)->0.0B(3376.0M) Survivors: 4096.0K->2048.0K Heap: 4814.7M(5632.0M)->1440.0M(5632.0M)]
 [Times: user=0.03 sys=0.00, real=0.02 secs] 
2014-06-25T02:38:01.777+0000: 8824.226: Total time for which application threads were stopped: 0.0122427 seconds
2014-06-25T02:38:07.931+0000: 8830.380: [GC pause (G1 Evacuation Pause) (young)
Desired survivor size 222298112 bytes, new threshold 15 (max 15)
- age   1:      54184 bytes,      54184 total
- age   2:      35920 bytes,      90104 total
- age   3:     123968 bytes,     214072 total
- age   4:      75368 bytes,     289440 total
- age   5:     864712 bytes,    1154152 total
- age   6:      28016 bytes,    1182168 total
- age   7:      30952 bytes,    1213120 total
- age   8:      32960 bytes,    1246080 total
- age   9:      26888 bytes,    1272968 total
- age  10:      37880 bytes,    1310848 total
- age  11:      33208 bytes,    1344056 total
- age  12:      35384 bytes,    1379440 total
- age  13:      52672 bytes,    1432112 total
- age  14:      55568 bytes,    1487680 total
- age  15:      59416 bytes,    1547096 total
, 0.0116703 secs]
   [Parallel Time: 8.7 ms, GC Workers: 2]
      [GC Worker Start (ms): Min: 8830380.4, Avg: 8830380.4, Max: 8830380.4, Diff: 0.0]
      [Ext Root Scanning (ms): Min: 1.1, Avg: 1.3, Max: 1.4, Diff: 0.3, Sum: 2.5]
      [Update RS (ms): Min: 1.1, Avg: 1.3, Max: 1.5, Diff: 0.4, Sum: 2.7]
         [Processed Buffers: Min: 2, Avg: 13.0, Max: 24, Diff: 22, Sum: 26]
      [Scan RS (ms): Min: 2.1, Avg: 2.2, Max: 2.2, Diff: 0.2, Sum: 4.3]
      [Code Root Scanning (ms): Min: 0.8, Avg: 0.8, Max: 0.9, Diff: 0.1, Sum: 1.7]
      [Object Copy (ms): Min: 2.9, Avg: 2.9, Max: 3.0, Diff: 0.1, Sum: 5.8]
      [Termination (ms): Min: 0.0, Avg: 0.0, Max: 0.0, Diff: 0.0, Sum: 0.0]
      [GC Worker Other (ms): Min: 0.0, Avg: 0.1, Max: 0.1, Diff: 0.0, Sum: 0.1]
      [GC Worker Total (ms): Min: 8.6, Avg: 8.6, Max: 8.6, Diff: 0.0, Sum: 17.1]
      [GC Worker End (ms): Min: 8830389.0, Avg: 8830389.0, Max: 8830389.0, Diff: 0.0]
   [Code Root Fixup: 0.2 ms]
   [Code Root Migration: 0.1 ms]
   [Clear CT: 0.8 ms]
   [Other: 1.9 ms]
      [Choose CSet: 0.0 ms]
      [Ref Proc: 0.1 ms]
      [Ref Enq: 0.0 ms]
      [Free CSet: 1.7 ms]
   [Eden: 3376.0M(3376.0M)->0.0B(3374.0M) Survivors: 2048.0K->4096.0K Heap: 4816.0M(5632.0M)->1440.8M(5632.0M)]
 [Times: user=0.02 sys=0.01, real=0.01 secs] 
2014-06-25T02:38:07.943+0000: 8830.392: Total time for which application threads were stopped: 0.0123583 seconds
2014-06-25T02:38:14.140+0000: 8836.589: [GC pause (G1 Evacuation Pause) (young)
Desired survivor size 222298112 bytes, new threshold 15 (max 15)
- age   1:      55856 bytes,      55856 total
- age   2:      30760 bytes,      86616 total
- age   3:      35696 bytes,     122312 total
- age   4:     123944 bytes,     246256 total
- age   5:      75368 bytes,     321624 total
- age   6:     864688 bytes,    1186312 total
- age   7:      28016 bytes,    1214328 total
- age   8:      30952 bytes,    1245280 total
- age   9:      32960 bytes,    1278240 total
- age  10:      26888 bytes,    1305128 total
- age  11:      37880 bytes,    1343008 total
- age  12:      33208 bytes,    1376216 total
- age  13:      35384 bytes,    1411600 total
- age  14:      52672 bytes,    1464272 total
- age  15:      55568 bytes,    1519840 total
, 0.0114230 secs]
   [Parallel Time: 8.5 ms, GC Workers: 2]
      [GC Worker Start (ms): Min: 8836588.9, Avg: 8836588.9, Max: 8836588.9, Diff: 0.0]
      [Ext Root Scanning (ms): Min: 1.1, Avg: 1.3, Max: 1.4, Diff: 0.3, Sum: 2.6]
      [Update RS (ms): Min: 1.2, Avg: 1.3, Max: 1.4, Diff: 0.2, Sum: 2.7]
         [Processed Buffers: Min: 2, Avg: 14.0, Max: 26, Diff: 24, Sum: 28]
      [Scan RS (ms): Min: 2.0, Avg: 2.1, Max: 2.3, Diff: 0.2, Sum: 4.3]
      [Code Root Scanning (ms): Min: 0.8, Avg: 0.8, Max: 0.8, Diff: 0.0, Sum: 1.6]
      [Object Copy (ms): Min: 2.8, Avg: 2.9, Max: 3.0, Diff: 0.2, Sum: 5.7]
      [Termination (ms): Min: 0.0, Avg: 0.0, Max: 0.0, Diff: 0.0, Sum: 0.0]
      [GC Worker Other (ms): Min: 0.0, Avg: 0.0, Max: 0.0, Diff: 0.0, Sum: 0.1]
      [GC Worker Total (ms): Min: 8.5, Avg: 8.5, Max: 8.5, Diff: 0.0, Sum: 17.0]
      [GC Worker End (ms): Min: 8836597.4, Avg: 8836597.4, Max: 8836597.4, Diff: 0.0]
   [Code Root Fixup: 0.2 ms]
   [Code Root Migration: 0.1 ms]
   [Clear CT: 0.8 ms]
   [Other: 1.8 ms]
      [Choose CSet: 0.0 ms]
      [Ref Proc: 0.1 ms]
      [Ref Enq: 0.0 ms]
      [Free CSet: 1.6 ms]
   [Eden: 3374.0M(3374.0M)->0.0B(3376.0M) Survivors: 4096.0K->2048.0K Heap: 4814.8M(5632.0M)->1439.7M(5632.0M)]
 [Times: user=0.02 sys=0.00, real=0.01 secs] 
2014-06-25T02:38:14.151+0000: 8836.600: Total time for which application threads were stopped: 0.0146387 seconds
2014-06-25T02:38:20.332+0000: 8842.781: [GC pause (G1 Evacuation Pause) (young)
Desired survivor size 222298112 bytes, new threshold 15 (max 15)
- age   1:      62096 bytes,      62096 total
- age   2:      31048 bytes,      93144 total
- age   3:      30576 bytes,     123720 total
- age   4:      35616 bytes,     159336 total
- age   5:     111632 bytes,     270968 total
- age   6:      75096 bytes,     346064 total
- age   7:     864664 bytes,    1210728 total
- age   8:      28016 bytes,    1238744 total
- age   9:      30952 bytes,    1269696 total
- age  10:      32960 bytes,    1302656 total
- age  11:      26888 bytes,    1329544 total
- age  12:      37880 bytes,    1367424 total
- age  13:      33208 bytes,    1400632 total
- age  14:      35384 bytes,    1436016 total
- age  15:      52672 bytes,    1488688 total
, 0.0114875 secs]
   [Parallel Time: 8.6 ms, GC Workers: 2]
      [GC Worker Start (ms): Min: 8842780.9, Avg: 8842780.9, Max: 8842780.9, Diff: 0.0]
      [Ext Root Scanning (ms): Min: 1.1, Avg: 1.3, Max: 1.4, Diff: 0.3, Sum: 2.5]
      [Update RS (ms): Min: 1.2, Avg: 1.3, Max: 1.5, Diff: 0.2, Sum: 2.7]
         [Processed Buffers: Min: 2, Avg: 14.0, Max: 26, Diff: 24, Sum: 28]
      [Scan RS (ms): Min: 2.1, Avg: 2.1, Max: 2.2, Diff: 0.1, Sum: 4.3]
      [Code Root Scanning (ms): Min: 0.8, Avg: 0.8, Max: 0.8, Diff: 0.0, Sum: 1.7]
      [Object Copy (ms): Min: 2.7, Avg: 2.8, Max: 2.9, Diff: 0.2, Sum: 5.6]
      [Termination (ms): Min: 0.0, Avg: 0.0, Max: 0.0, Diff: 0.0, Sum: 0.0]
      [GC Worker Other (ms): Min: 0.0, Avg: 0.1, Max: 0.1, Diff: 0.0, Sum: 0.1]
      [GC Worker Total (ms): Min: 8.5, Avg: 8.5, Max: 8.5, Diff: 0.0, Sum: 16.9]
      [GC Worker End (ms): Min: 8842789.4, Avg: 8842789.4, Max: 8842789.4, Diff: 0.0]
   [Code Root Fixup: 0.2 ms]
   [Code Root Migration: 0.1 ms]
   [Clear CT: 0.8 ms]
   [Other: 1.9 ms]
      [Choose CSet: 0.0 ms]
      [Ref Proc: 0.1 ms]
      [Ref Enq: 0.0 ms]
      [Free CSet: 1.6 ms]
   [Eden: 3376.0M(3376.0M)->0.0B(3374.0M) Survivors: 2048.0K->4096.0K Heap: 4815.7M(5632.0M)->1441.6M(5632.0M)]
 [Times: user=0.01 sys=0.01, real=0.01 secs] 
2014-06-25T02:38:20.343+0000: 8842.793: Total time for which application threads were stopped: 0.0139512 seconds
2014-06-25T02:38:26.648+0000: 8849.097: [GC pause (G1 Evacuation Pause) (young)
Desired survivor size 222298112 bytes, new threshold 15 (max 15)
- age   1:      64120 bytes,      64120 total
- age   2:      37856 bytes,     101976 total
- age   3:      30984 bytes,     132960 total
- age   4:      30520 bytes,     163480 total
- age   5:      35616 bytes,     199096 total
- age   6:     111632 bytes,     310728 total
- age   7:      75096 bytes,     385824 total
- age   8:     864664 bytes,    1250488 total
- age   9:      28016 bytes,    1278504 total
- age  10:      30952 bytes,    1309456 total
- age  11:      32960 bytes,    1342416 total
- age  12:      26888 bytes,    1369304 total
- age  13:      37880 bytes,    1407184 total
- age  14:      33208 bytes,    1440392 total
- age  15:      35384 bytes,    1475776 total
, 0.0115706 secs]
   [Parallel Time: 8.6 ms, GC Workers: 2]
      [GC Worker Start (ms): Min: 8849097.2, Avg: 8849097.2, Max: 8849097.2, Diff: 0.0]
      [Ext Root Scanning (ms): Min: 1.2, Avg: 1.3, Max: 1.4, Diff: 0.3, Sum: 2.6]
      [Update RS (ms): Min: 1.2, Avg: 1.4, Max: 1.5, Diff: 0.3, Sum: 2.7]
         [Processed Buffers: Min: 2, Avg: 13.0, Max: 24, Diff: 22, Sum: 26]
      [Scan RS (ms): Min: 2.0, Avg: 2.1, Max: 2.2, Diff: 0.1, Sum: 4.2]
      [Code Root Scanning (ms): Min: 0.8, Avg: 0.9, Max: 1.0, Diff: 0.1, Sum: 1.8]
      [Object Copy (ms): Min: 2.7, Avg: 2.8, Max: 2.9, Diff: 0.2, Sum: 5.6]
      [Termination (ms): Min: 0.0, Avg: 0.0, Max: 0.0, Diff: 0.0, Sum: 0.0]
      [GC Worker Other (ms): Min: 0.0, Avg: 0.0, Max: 0.1, Diff: 0.0, Sum: 0.1]
      [GC Worker Total (ms): Min: 8.5, Avg: 8.5, Max: 8.5, Diff: 0.0, Sum: 17.1]
      [GC Worker End (ms): Min: 8849105.7, Avg: 8849105.7, Max: 8849105.7, Diff: 0.0]
   [Code Root Fixup: 0.2 ms]
   [Code Root Migration: 0.1 ms]
   [Clear CT: 0.8 ms]
   [Other: 1.9 ms]
      [Choose CSet: 0.0 ms]
      [Ref Proc: 0.1 ms]
      [Ref Enq: 0.0 ms]
      [Free CSet: 1.7 ms]
   [Eden: 3374.0M(3374.0M)->0.0B(3376.0M) Survivors: 4096.0K->2048.0K Heap: 4815.6M(5632.0M)->1440.1M(5632.0M)]
 [Times: user=0.02 sys=0.00, real=0.01 secs] 
2014-06-25T02:38:26.660+0000: 8849.109: Total time for which application threads were stopped: 0.0122054 seconds
2014-06-25T02:38:32.826+0000: 8855.275: [GC pause (G1 Evacuation Pause) (young)
Desired survivor size 222298112 bytes, new threshold 15 (max 15)
- age   1:      57760 bytes,      57760 total
- age   2:      39112 bytes,      96872 total
- age   3:      37664 bytes,     134536 total
- age   4:      30960 bytes,     165496 total
- age   5:      30520 bytes,     196016 total
- age   6:      35616 bytes,     231632 total
- age   7:     111608 bytes,     343240 total
- age   8:      75096 bytes,     418336 total
- age   9:     864664 bytes,    1283000 total
- age  10:      28016 bytes,    1311016 total
- age  11:      30952 bytes,    1341968 total
- age  12:      32960 bytes,    1374928 total
- age  13:      26888 bytes,    1401816 total
- age  14:      37744 bytes,    1439560 total
- age  15:      33208 bytes,    1472768 total
, 0.0112253 secs]
   [Parallel Time: 8.4 ms, GC Workers: 2]
      [GC Worker Start (ms): Min: 8855274.8, Avg: 8855274.8, Max: 8855274.8, Diff: 0.0]
      [Ext Root Scanning (ms): Min: 1.1, Avg: 1.3, Max: 1.4, Diff: 0.3, Sum: 2.5]
      [Update RS (ms): Min: 1.1, Avg: 1.3, Max: 1.4, Diff: 0.3, Sum: 2.5]
         [Processed Buffers: Min: 2, Avg: 13.5, Max: 25, Diff: 23, Sum: 27]
      [Scan RS (ms): Min: 2.0, Avg: 2.1, Max: 2.3, Diff: 0.2, Sum: 4.3]
      [Code Root Scanning (ms): Min: 0.8, Avg: 0.8, Max: 0.9, Diff: 0.2, Sum: 1.7]
      [Object Copy (ms): Min: 2.7, Avg: 2.8, Max: 2.9, Diff: 0.2, Sum: 5.6]
      [Termination (ms): Min: 0.0, Avg: 0.0, Max: 0.0, Diff: 0.0, Sum: 0.0]
      [GC Worker Other (ms): Min: 0.0, Avg: 0.0, Max: 0.1, Diff: 0.0, Sum: 0.1]
      [GC Worker Total (ms): Min: 8.3, Avg: 8.4, Max: 8.4, Diff: 0.0, Sum: 16.7]
      [GC Worker End (ms): Min: 8855283.2, Avg: 8855283.2, Max: 8855283.2, Diff: 0.0]
   [Code Root Fixup: 0.2 ms]
   [Code Root Migration: 0.1 ms]
   [Clear CT: 0.8 ms]
   [Other: 1.8 ms]
      [Choose CSet: 0.0 ms]
      [Ref Proc: 0.1 ms]
      [Ref Enq: 0.0 ms]
      [Free CSet: 1.5 ms]
   [Eden: 3376.0M(3376.0M)->0.0B(3374.0M) Survivors: 2048.0K->4096.0K Heap: 4816.1M(5632.0M)->1440.9M(5632.0M)]
 [Times: user=0.02 sys=0.01, real=0.01 secs] 
2014-06-25T02:38:32.837+0000: 8855.286: Total time for which application threads were stopped: 0.0118377 seconds
2014-06-25T02:38:35.188+0000: 8857.637: Total time for which application threads were stopped: 0.0025828 seconds
2014-06-25T02:38:38.985+0000: 8861.435: [GC pause (G1 Evacuation Pause) (young)
Desired survivor size 222298112 bytes, new threshold 15 (max 15)
- age   1:      62936 bytes,      62936 total
- age   2:      32352 bytes,      95288 total
- age   3:      38896 bytes,     134184 total
- age   4:      37608 bytes,     171792 total
- age   5:      30960 bytes,     202752 total
- age   6:      30400 bytes,     233152 total
- age   7:      35616 bytes,     268768 total
- age   8:     111608 bytes,     380376 total
- age   9:      75096 bytes,     455472 total
- age  10:     864664 bytes,    1320136 total
- age  11:      28016 bytes,    1348152 total
- age  12:      30952 bytes,    1379104 total
- age  13:      32960 bytes,    1412064 total
- age  14:      26888 bytes,    1438952 total
- age  15:      37744 bytes,    1476696 total
, 0.0113013 secs]
   [Parallel Time: 8.5 ms, GC Workers: 2]
      [GC Worker Start (ms): Min: 8861434.7, Avg: 8861434.7, Max: 8861434.7, Diff: 0.0]
      [Ext Root Scanning (ms): Min: 1.1, Avg: 1.3, Max: 1.4, Diff: 0.3, Sum: 2.6]
      [Update RS (ms): Min: 1.1, Avg: 1.3, Max: 1.4, Diff: 0.3, Sum: 2.5]
         [Processed Buffers: Min: 3, Avg: 12.5, Max: 22, Diff: 19, Sum: 25]
      [Scan RS (ms): Min: 2.1, Avg: 2.1, Max: 2.2, Diff: 0.1, Sum: 4.3]
      [Code Root Scanning (ms): Min: 0.8, Avg: 0.8, Max: 0.9, Diff: 0.1, Sum: 1.7]
      [Object Copy (ms): Min: 2.8, Avg: 2.8, Max: 2.9, Diff: 0.1, Sum: 5.6]
      [Termination (ms): Min: 0.0, Avg: 0.0, Max: 0.0, Diff: 0.0, Sum: 0.0]
      [GC Worker Other (ms): Min: 0.0, Avg: 0.0, Max: 0.1, Diff: 0.0, Sum: 0.1]
      [GC Worker Total (ms): Min: 8.4, Avg: 8.4, Max: 8.4, Diff: 0.0, Sum: 16.8]
      [GC Worker End (ms): Min: 8861443.1, Avg: 8861443.1, Max: 8861443.1, Diff: 0.0]
   [Code Root Fixup: 0.2 ms]
   [Code Root Migration: 0.1 ms]
   [Clear CT: 0.8 ms]
   [Other: 1.8 ms]
      [Choose CSet: 0.0 ms]
      [Ref Proc: 0.1 ms]
      [Ref Enq: 0.0 ms]
      [Free CSet: 1.5 ms]
   [Eden: 3374.0M(3374.0M)->0.0B(3376.0M) Survivors: 4096.0K->2048.0K Heap: 4814.9M(5632.0M)->1440.1M(5632.0M)]
 [Times: user=0.02 sys=0.00, real=0.01 secs] 
2014-06-25T02:38:38.997+0000: 8861.446: Total time for which application threads were stopped: 0.0118588 seconds
2014-06-25T02:38:41.296+0000: 8863.745: Total time for which application threads were stopped: 0.0022253 seconds
2014-06-25T02:38:41.296+0000: 8863.745: Total time for which application threads were stopped: 0.0002197 seconds
2014-06-25T02:38:45.143+0000: 8867.593: [GC pause (G1 Evacuation Pause) (young)
Desired survivor size 222298112 bytes, new threshold 15 (max 15)
- age   1:      63040 bytes,      63040 total
- age   2:      36336 bytes,      99376 total
- age   3:      32128 bytes,     131504 total
- age   4:      38896 bytes,     170400 total
- age   5:      37584 bytes,     207984 total
- age   6:      30960 bytes,     238944 total
- age   7:      30400 bytes,     269344 total
- age   8:      35592 bytes,     304936 total
- age   9:     111608 bytes,     416544 total
- age  10:      75096 bytes,     491640 total
- age  11:     864632 bytes,    1356272 total
- age  12:      28016 bytes,    1384288 total
- age  13:      30952 bytes,    1415240 total
- age  14:      32960 bytes,    1448200 total
- age  15:      26888 bytes,    1475088 total
, 0.0110741 secs]
   [Parallel Time: 8.3 ms, GC Workers: 2]
      [GC Worker Start (ms): Min: 8867592.7, Avg: 8867592.7, Max: 8867592.7, Diff: 0.0]
      [Ext Root Scanning (ms): Min: 1.1, Avg: 1.3, Max: 1.4, Diff: 0.3, Sum: 2.5]
      [Update RS (ms): Min: 1.1, Avg: 1.3, Max: 1.4, Diff: 0.3, Sum: 2.5]
         [Processed Buffers: Min: 3, Avg: 16.5, Max: 30, Diff: 27, Sum: 33]
      [Scan RS (ms): Min: 2.0, Avg: 2.1, Max: 2.1, Diff: 0.1, Sum: 4.1]
      [Code Root Scanning (ms): Min: 0.8, Avg: 0.8, Max: 0.8, Diff: 0.0, Sum: 1.7]
      [Object Copy (ms): Min: 2.7, Avg: 2.8, Max: 2.8, Diff: 0.2, Sum: 5.5]
      [Termination (ms): Min: 0.0, Avg: 0.0, Max: 0.0, Diff: 0.0, Sum: 0.0]
      [GC Worker Other (ms): Min: 0.0, Avg: 0.0, Max: 0.1, Diff: 0.0, Sum: 0.1]
      [GC Worker Total (ms): Min: 8.2, Avg: 8.2, Max: 8.3, Diff: 0.0, Sum: 16.5]
      [GC Worker End (ms): Min: 8867601.0, Avg: 8867601.0, Max: 8867601.0, Diff: 0.0]
   [Code Root Fixup: 0.2 ms]
   [Code Root Migration: 0.1 ms]
   [Clear CT: 0.8 ms]
   [Other: 1.7 ms]
      [Choose CSet: 0.0 ms]
      [Ref Proc: 0.1 ms]
      [Ref Enq: 0.0 ms]
      [Free CSet: 1.5 ms]
   [Eden: 3376.0M(3376.0M)->0.0B(3374.0M) Survivors: 2048.0K->4096.0K Heap: 4816.1M(5632.0M)->1441.0M(5632.0M)]
 [Times: user=0.02 sys=0.00, real=0.00 secs] 
2014-06-25T02:38:45.155+0000: 8867.604: Total time for which application threads were stopped: 0.0116619 seconds
2014-06-25T02:38:51.328+0000: 8873.777: [GC pause (G1 Evacuation Pause) (young)
Desired survivor size 222298112 bytes, new threshold 15 (max 15)
- age   1:      64464 bytes,      64464 total
- age   2:      32304 bytes,      96768 total
- age   3:      36216 bytes,     132984 total
- age   4:      32104 bytes,     165088 total
- age   5:      38840 bytes,     203928 total
- age   6:      37312 bytes,     241240 total
- age   7:      30936 bytes,     272176 total
- age   8:      30400 bytes,     302576 total
- age   9:      35592 bytes,     338168 total
- age  10:     111184 bytes,     449352 total
- age  11:      61232 bytes,     510584 total
- age  12:     864632 bytes,    1375216 total
- age  13:      28016 bytes,    1403232 total
- age  14:      30816 bytes,    1434048 total
- age  15:      32960 bytes,    1467008 total
, 0.0114805 secs]
   [Parallel Time: 8.4 ms, GC Workers: 2]
      [GC Worker Start (ms): Min: 8873776.9, Avg: 8873776.9, Max: 8873776.9, Diff: 0.0]
      [Ext Root Scanning (ms): Min: 1.1, Avg: 1.3, Max: 1.4, Diff: 0.3, Sum: 2.5]
      [Update RS (ms): Min: 1.1, Avg: 1.2, Max: 1.4, Diff: 0.3, Sum: 2.5]
         [Processed Buffers: Min: 3, Avg: 14.0, Max: 25, Diff: 22, Sum: 28]
      [Scan RS (ms): Min: 2.0, Avg: 2.1, Max: 2.2, Diff: 0.2, Sum: 4.2]
      [Code Root Scanning (ms): Min: 0.8, Avg: 0.8, Max: 0.8, Diff: 0.0, Sum: 1.7]
      [Object Copy (ms): Min: 2.7, Avg: 2.8, Max: 2.9, Diff: 0.2, Sum: 5.6]
      [Termination (ms): Min: 0.0, Avg: 0.0, Max: 0.0, Diff: 0.0, Sum: 0.0]
      [GC Worker Other (ms): Min: 0.0, Avg: 0.0, Max: 0.1, Diff: 0.0, Sum: 0.1]
      [GC Worker Total (ms): Min: 8.3, Avg: 8.3, Max: 8.3, Diff: 0.0, Sum: 16.6]
      [GC Worker End (ms): Min: 8873785.2, Avg: 8873785.2, Max: 8873785.3, Diff: 0.0]
   [Code Root Fixup: 0.2 ms]
   [Code Root Migration: 0.2 ms]
   [Clear CT: 0.8 ms]
   [Other: 2.0 ms]
      [Choose CSet: 0.0 ms]
      [Ref Proc: 0.1 ms]
      [Ref Enq: 0.0 ms]
      [Free CSet: 1.7 ms]
   [Eden: 3374.0M(3374.0M)->0.0B(3376.0M) Survivors: 4096.0K->2048.0K Heap: 4815.0M(5632.0M)->1440.2M(5632.0M)]
 [Times: user=0.02 sys=0.01, real=0.01 secs] 
2014-06-25T02:38:51.339+0000: 8873.789: Total time for which application threads were stopped: 0.0152005 seconds
2014-06-25T02:38:57.510+0000: 8879.959: [GC pause (G1 Evacuation Pause) (young)
Desired survivor size 222298112 bytes, new threshold 15 (max 15)
- age   1:      65888 bytes,      65888 total
- age   2:      36520 bytes,     102408 total
- age   3:      32208 bytes,     134616 total
- age   4:      36160 bytes,     170776 total
- age   5:      32104 bytes,     202880 total
- age   6:      38840 bytes,     241720 total
- age   7:      37312 bytes,     279032 total
- age   8:      30936 bytes,     309968 total
- age   9:      30400 bytes,     340368 total
- age  10:      35592 bytes,     375960 total
- age  11:     111184 bytes,     487144 total
- age  12:      61232 bytes,     548376 total
- age  13:     864632 bytes,    1413008 total
- age  14:      28016 bytes,    1441024 total
- age  15:      30816 bytes,    1471840 total
, 0.0116120 secs]
   [Parallel Time: 8.5 ms, GC Workers: 2]
      [GC Worker Start (ms): Min: 8879958.8, Avg: 8879958.8, Max: 8879958.8, Diff: 0.0]
      [Ext Root Scanning (ms): Min: 1.1, Avg: 1.3, Max: 1.4, Diff: 0.3, Sum: 2.5]
      [Update RS (ms): Min: 1.1, Avg: 1.3, Max: 1.4, Diff: 0.3, Sum: 2.6]
         [Processed Buffers: Min: 3, Avg: 13.0, Max: 23, Diff: 20, Sum: 26]
      [Scan RS (ms): Min: 2.1, Avg: 2.2, Max: 2.3, Diff: 0.2, Sum: 4.4]
      [Code Root Scanning (ms): Min: 0.8, Avg: 0.8, Max: 0.9, Diff: 0.0, Sum: 1.7]
      [Object Copy (ms): Min: 2.7, Avg: 2.8, Max: 2.9, Diff: 0.2, Sum: 5.6]
      [Termination (ms): Min: 0.0, Avg: 0.0, Max: 0.0, Diff: 0.0, Sum: 0.0]
      [GC Worker Other (ms): Min: 0.0, Avg: 0.0, Max: 0.0, Diff: 0.0, Sum: 0.1]
      [GC Worker Total (ms): Min: 8.4, Avg: 8.4, Max: 8.4, Diff: 0.0, Sum: 16.8]
      [GC Worker End (ms): Min: 8879967.2, Avg: 8879967.2, Max: 8879967.2, Diff: 0.0]
   [Code Root Fixup: 0.2 ms]
   [Code Root Migration: 0.2 ms]
   [Clear CT: 0.8 ms]
   [Other: 2.0 ms]
      [Choose CSet: 0.0 ms]
      [Ref Proc: 0.1 ms]
      [Ref Enq: 0.0 ms]
      [Free CSet: 1.7 ms]
   [Eden: 3376.0M(3376.0M)->0.0B(3374.0M) Survivors: 2048.0K->4096.0K Heap: 4816.2M(5632.0M)->1441.1M(5632.0M)]
 [Times: user=0.02 sys=0.00, real=0.01 secs] 
2014-06-25T02:38:57.521+0000: 8879.971: Total time for which application threads were stopped: 0.0122581 seconds
2014-06-25T02:39:03.861+0000: 8886.310: [GC pause (G1 Evacuation Pause) (young)
Desired survivor size 222298112 bytes, new threshold 15 (max 15)
- age   1:      63632 bytes,      63632 total
- age   2:      39576 bytes,     103208 total
- age   3:      36296 bytes,     139504 total
- age   4:      32184 bytes,     171688 total
- age   5:      36160 bytes,     207848 total
- age   6:      32104 bytes,     239952 total
- age   7:      38840 bytes,     278792 total
- age   8:      37288 bytes,     316080 total
- age   9:      30936 bytes,     347016 total
- age  10:      30400 bytes,     377416 total
- age  11:      35592 bytes,     413008 total
- age  12:     111184 bytes,     524192 total
- age  13:      61232 bytes,     585424 total
- age  14:     864632 bytes,    1450056 total
- age  15:      28016 bytes,    1478072 total
, 0.0113643 secs]
   [Parallel Time: 8.4 ms, GC Workers: 2]
      [GC Worker Start (ms): Min: 8886310.5, Avg: 8886310.5, Max: 8886310.5, Diff: 0.0]
      [Ext Root Scanning (ms): Min: 1.1, Avg: 1.3, Max: 1.4, Diff: 0.3, Sum: 2.6]
      [Update RS (ms): Min: 0.8, Avg: 1.2, Max: 1.6, Diff: 0.8, Sum: 2.5]
         [Processed Buffers: Min: 2, Avg: 13.0, Max: 24, Diff: 22, Sum: 26]
      [Scan RS (ms): Min: 1.9, Avg: 2.2, Max: 2.4, Diff: 0.4, Sum: 4.3]
      [Code Root Scanning (ms): Min: 0.7, Avg: 0.8, Max: 0.9, Diff: 0.2, Sum: 1.7]
      [Object Copy (ms): Min: 2.8, Avg: 2.8, Max: 2.9, Diff: 0.1, Sum: 5.6]
      [Termination (ms): Min: 0.0, Avg: 0.0, Max: 0.0, Diff: 0.0, Sum: 0.0]
      [GC Worker Other (ms): Min: 0.0, Avg: 0.0, Max: 0.1, Diff: 0.0, Sum: 0.1]
      [GC Worker Total (ms): Min: 8.4, Avg: 8.4, Max: 8.4, Diff: 0.0, Sum: 16.7]
      [GC Worker End (ms): Min: 8886318.9, Avg: 8886318.9, Max: 8886318.9, Diff: 0.0]
   [Code Root Fixup: 0.2 ms]
   [Code Root Migration: 0.1 ms]
   [Clear CT: 0.8 ms]
   [Other: 1.9 ms]
      [Choose CSet: 0.0 ms]
      [Ref Proc: 0.1 ms]
      [Ref Enq: 0.0 ms]
      [Free CSet: 1.6 ms]
   [Eden: 3374.0M(3374.0M)->0.0B(3376.0M) Survivors: 4096.0K->2048.0K Heap: 4815.1M(5632.0M)->1440.3M(5632.0M)]
 [Times: user=0.02 sys=0.00, real=0.02 secs] 
2014-06-25T02:39:03.873+0000: 8886.322: Total time for which application threads were stopped: 0.0120622 seconds
2014-06-25T02:39:10.050+0000: 8892.499: [GC pause (G1 Evacuation Pause) (young)
Desired survivor size 222298112 bytes, new threshold 15 (max 15)
- age   1:      65928 bytes,      65928 total
- age   2:      33696 bytes,      99624 total
- age   3:      39360 bytes,     138984 total
- age   4:      36240 bytes,     175224 total
- age   5:      32184 bytes,     207408 total
- age   6:      36040 bytes,     243448 total
- age   7:      32104 bytes,     275552 total
- age   8:      38840 bytes,     314392 total
- age   9:      37288 bytes,     351680 total
- age  10:      30936 bytes,     382616 total
- age  11:      30400 bytes,     413016 total
- age  12:      35592 bytes,     448608 total
- age  13:     111184 bytes,     559792 total
- age  14:      61232 bytes,     621024 total
- age  15:     864632 bytes,    1485656 total
, 0.0116041 secs]
   [Parallel Time: 8.5 ms, GC Workers: 2]
      [GC Worker Start (ms): Min: 8892498.9, Avg: 8892498.9, Max: 8892498.9, Diff: 0.0]
      [Ext Root Scanning (ms): Min: 1.1, Avg: 1.3, Max: 1.4, Diff: 0.3, Sum: 2.5]
      [Update RS (ms): Min: 1.1, Avg: 1.2, Max: 1.4, Diff: 0.3, Sum: 2.5]
         [Processed Buffers: Min: 2, Avg: 14.0, Max: 26, Diff: 24, Sum: 28]
      [Scan RS (ms): Min: 2.1, Avg: 2.2, Max: 2.2, Diff: 0.0, Sum: 4.3]
      [Code Root Scanning (ms): Min: 0.8, Avg: 0.8, Max: 0.9, Diff: 0.1, Sum: 1.7]
      [Object Copy (ms): Min: 2.8, Avg: 2.9, Max: 2.9, Diff: 0.1, Sum: 5.7]
      [Termination (ms): Min: 0.0, Avg: 0.0, Max: 0.0, Diff: 0.0, Sum: 0.0]
      [GC Worker Other (ms): Min: 0.0, Avg: 0.1, Max: 0.1, Diff: 0.0, Sum: 0.1]
      [GC Worker Total (ms): Min: 8.4, Avg: 8.4, Max: 8.4, Diff: 0.0, Sum: 16.9]
      [GC Worker End (ms): Min: 8892507.3, Avg: 8892507.3, Max: 8892507.3, Diff: 0.0]
   [Code Root Fixup: 0.2 ms]
   [Code Root Migration: 0.2 ms]
   [Clear CT: 0.8 ms]
   [Other: 2.0 ms]
      [Choose CSet: 0.0 ms]
      [Ref Proc: 0.1 ms]
      [Ref Enq: 0.0 ms]
      [Free CSet: 1.7 ms]
   [Eden: 3376.0M(3376.0M)->0.0B(3376.0M) Survivors: 2048.0K->2048.0K Heap: 4816.3M(5632.0M)->1440.6M(5632.0M)]
 [Times: user=0.01 sys=0.01, real=0.01 secs] 
2014-06-25T02:39:10.061+0000: 8892.511: Total time for which application threads were stopped: 0.0122134 seconds
2014-06-25T02:39:16.238+0000: 8898.687: [GC pause (G1 Evacuation Pause) (young)
Desired survivor size 222298112 bytes, new threshold 15 (max 15)
- age   1:      65472 bytes,      65472 total
- age   2:      33328 bytes,      98800 total
- age   3:      33664 bytes,     132464 total
- age   4:      39328 bytes,     171792 total
- age   5:      36064 bytes,     207856 total
- age   6:      32184 bytes,     240040 total
- age   7:      36040 bytes,     276080 total
- age   8:      32080 bytes,     308160 total
- age   9:      38840 bytes,     347000 total
- age  10:      37288 bytes,     384288 total
- age  11:      30936 bytes,     415224 total
- age  12:      30400 bytes,     445624 total
- age  13:      35592 bytes,     481216 total
- age  14:     111184 bytes,     592400 total
- age  15:      61232 bytes,     653632 total
, 0.0108522 secs]
   [Parallel Time: 8.1 ms, GC Workers: 2]
      [GC Worker Start (ms): Min: 8898687.3, Avg: 8898687.3, Max: 8898687.3, Diff: 0.0]
      [Ext Root Scanning (ms): Min: 1.1, Avg: 1.3, Max: 1.4, Diff: 0.3, Sum: 2.6]
      [Update RS (ms): Min: 2.0, Avg: 2.1, Max: 2.1, Diff: 0.0, Sum: 4.1]
         [Processed Buffers: Min: 3, Avg: 15.0, Max: 27, Diff: 24, Sum: 30]
      [Scan RS (ms): Min: 2.1, Avg: 2.1, Max: 2.2, Diff: 0.0, Sum: 4.3]
      [Code Root Scanning (ms): Min: 0.8, Avg: 0.8, Max: 0.9, Diff: 0.1, Sum: 1.7]
      [Object Copy (ms): Min: 1.5, Avg: 1.6, Max: 1.7, Diff: 0.2, Sum: 3.3]
      [Termination (ms): Min: 0.0, Avg: 0.0, Max: 0.0, Diff: 0.0, Sum: 0.0]
      [GC Worker Other (ms): Min: 0.0, Avg: 0.0, Max: 0.1, Diff: 0.0, Sum: 0.1]
      [GC Worker Total (ms): Min: 8.0, Avg: 8.0, Max: 8.0, Diff: 0.0, Sum: 16.0]
      [GC Worker End (ms): Min: 8898695.3, Avg: 8898695.3, Max: 8898695.3, Diff: 0.0]
   [Code Root Fixup: 0.2 ms]
   [Code Root Migration: 0.1 ms]
   [Clear CT: 0.8 ms]
   [Other: 1.8 ms]
      [Choose CSet: 0.0 ms]
      [Ref Proc: 0.1 ms]
      [Ref Enq: 0.0 ms]
      [Free CSet: 1.5 ms]
   [Eden: 3376.0M(3376.0M)->0.0B(3376.0M) Survivors: 2048.0K->2048.0K Heap: 4816.6M(5632.0M)->1440.9M(5632.0M)]
 [Times: user=0.02 sys=0.00, real=0.01 secs] 
2014-06-25T02:39:16.249+0000: 8898.698: Total time for which application threads were stopped: 0.0114391 seconds
2014-06-25T02:39:22.456+0000: 8904.905: [GC pause (G1 Evacuation Pause) (young)
Desired survivor size 222298112 bytes, new threshold 15 (max 15)
- age   1:      47000 bytes,      47000 total
- age   2:      38312 bytes,      85312 total
- age   3:      33080 bytes,     118392 total
- age   4:      33640 bytes,     152032 total
- age   5:      39304 bytes,     191336 total
- age   6:      35944 bytes,     227280 total
- age   7:      32160 bytes,     259440 total
- age   8:      36040 bytes,     295480 total
- age   9:      32080 bytes,     327560 total
- age  10:      38840 bytes,     366400 total
- age  11:      37288 bytes,     403688 total
- age  12:      30936 bytes,     434624 total
- age  13:      30400 bytes,     465024 total
- age  14:      35592 bytes,     500616 total
- age  15:     111184 bytes,     611800 total
, 0.0138045 secs]
   [Parallel Time: 9.4 ms, GC Workers: 2]
      [GC Worker Start (ms): Min: 8904905.1, Avg: 8904905.3, Max: 8904905.6, Diff: 0.5]
      [Ext Root Scanning (ms): Min: 1.2, Avg: 1.3, Max: 1.3, Diff: 0.1, Sum: 2.5]
      [Update RS (ms): Min: 0.8, Avg: 0.8, Max: 0.9, Diff: 0.1, Sum: 1.7]
         [Processed Buffers: Min: 11, Avg: 14.0, Max: 17, Diff: 6, Sum: 28]
      [Scan RS (ms): Min: 2.1, Avg: 2.1, Max: 2.1, Diff: 0.0, Sum: 4.3]
      [Code Root Scanning (ms): Min: 0.8, Avg: 0.8, Max: 0.9, Diff: 0.0, Sum: 1.7]
      [Object Copy (ms): Min: 1.5, Avg: 1.6, Max: 1.7, Diff: 0.2, Sum: 3.2]
      [Termination (ms): Min: 0.0, Avg: 0.0, Max: 0.0, Diff: 0.0, Sum: 0.0]
      [GC Worker Other (ms): Min: 0.0, Avg: 1.2, Max: 2.4, Diff: 2.4, Sum: 2.4]
      [GC Worker Total (ms): Min: 7.0, Avg: 7.9, Max: 8.9, Diff: 1.9, Sum: 15.8]
      [GC Worker End (ms): Min: 8904912.1, Avg: 8904913.2, Max: 8904914.4, Diff: 2.4]
   [Code Root Fixup: 0.2 ms]
   [Code Root Migration: 0.2 ms]
   [Clear CT: 1.2 ms]
   [Other: 2.8 ms]
      [Choose CSet: 0.0 ms]
      [Ref Proc: 0.2 ms]
      [Ref Enq: 0.0 ms]
      [Free CSet: 2.5 ms]
   [Eden: 3376.0M(3376.0M)->0.0B(3376.0M) Survivors: 2048.0K->2048.0K Heap: 4816.9M(5632.0M)->1440.8M(5632.0M)]
 [Times: user=0.01 sys=0.00, real=0.01 secs] 
2014-06-25T02:39:22.470+0000: 8904.919: Total time for which application threads were stopped: 0.0222122 seconds
2014-06-25T02:39:23.483+0000: 8905.932: Total time for which application threads were stopped: 0.0038126 seconds
2014-06-25T02:39:28.772+0000: 8911.221: [GC pause (G1 Evacuation Pause) (young)
Desired survivor size 222298112 bytes, new threshold 15 (max 15)
- age   1:      50056 bytes,      50056 total
- age   2:      20736 bytes,      70792 total
- age   3:      38120 bytes,     108912 total
- age   4:      33024 bytes,     141936 total
- age   5:      33640 bytes,     175576 total
- age   6:      39304 bytes,     214880 total
- age   7:      35944 bytes,     250824 total
- age   8:      32160 bytes,     282984 total
- age   9:      36040 bytes,     319024 total
- age  10:      32080 bytes,     351104 total
- age  11:      38840 bytes,     389944 total
- age  12:      37288 bytes,     427232 total
- age  13:      30936 bytes,     458168 total
- age  14:      30400 bytes,     488568 total
- age  15:      35592 bytes,     524160 total
, 0.0095491 secs]
   [Parallel Time: 6.6 ms, GC Workers: 2]
      [GC Worker Start (ms): Min: 8911220.9, Avg: 8911220.9, Max: 8911220.9, Diff: 0.0]
      [Ext Root Scanning (ms): Min: 1.1, Avg: 1.3, Max: 1.4, Diff: 0.3, Sum: 2.5]
      [Update RS (ms): Min: 0.7, Avg: 0.8, Max: 0.8, Diff: 0.1, Sum: 1.5]
         [Processed Buffers: Min: 1, Avg: 12.5, Max: 24, Diff: 23, Sum: 25]
      [Scan RS (ms): Min: 2.2, Avg: 2.2, Max: 2.2, Diff: 0.0, Sum: 4.3]
      [Code Root Scanning (ms): Min: 0.8, Avg: 0.8, Max: 0.8, Diff: 0.0, Sum: 1.7]
      [Object Copy (ms): Min: 1.4, Avg: 1.5, Max: 1.6, Diff: 0.2, Sum: 2.9]
      [Termination (ms): Min: 0.0, Avg: 0.0, Max: 0.0, Diff: 0.0, Sum: 0.0]
      [GC Worker Other (ms): Min: 0.0, Avg: 0.1, Max: 0.1, Diff: 0.0, Sum: 0.1]
      [GC Worker Total (ms): Min: 6.5, Avg: 6.5, Max: 6.6, Diff: 0.0, Sum: 13.1]
      [GC Worker End (ms): Min: 8911227.5, Avg: 8911227.5, Max: 8911227.5, Diff: 0.0]
   [Code Root Fixup: 0.2 ms]
   [Code Root Migration: 0.1 ms]
   [Clear CT: 0.8 ms]
   [Other: 1.9 ms]
      [Choose CSet: 0.0 ms]
      [Ref Proc: 0.1 ms]
      [Ref Enq: 0.0 ms]
      [Free CSet: 1.6 ms]
   [Eden: 3376.0M(3376.0M)->0.0B(3376.0M) Survivors: 2048.0K->2048.0K Heap: 4816.8M(5632.0M)->1441.0M(5632.0M)]
 [Times: user=0.01 sys=0.01, real=0.00 secs] 
2014-06-25T02:39:28.781+0000: 8911.231: Total time for which application threads were stopped: 0.0118044 seconds
2014-06-25T02:39:34.950+0000: 8917.399: [GC pause (G1 Evacuation Pause) (young)
Desired survivor size 222298112 bytes, new threshold 15 (max 15)
- age   1:      54800 bytes,      54800 total
- age   2:      24736 bytes,      79536 total
- age   3:      20480 bytes,     100016 total
- age   4:      38096 bytes,     138112 total
- age   5:      32904 bytes,     171016 total
- age   6:      33640 bytes,     204656 total
- age   7:      39304 bytes,     243960 total
- age   8:      35920 bytes,     279880 total
- age   9:      32160 bytes,     312040 total
- age  10:      36040 bytes,     348080 total
- age  11:      32080 bytes,     380160 total
- age  12:      38840 bytes,     419000 total
- age  13:      37288 bytes,     456288 total
- age  14:      30936 bytes,     487224 total
- age  15:      30400 bytes,     517624 total
, 0.0093052 secs]
   [Parallel Time: 6.4 ms, GC Workers: 2]
      [GC Worker Start (ms): Min: 8917399.5, Avg: 8917399.5, Max: 8917399.5, Diff: 0.0]
      [Ext Root Scanning (ms): Min: 1.1, Avg: 1.3, Max: 1.4, Diff: 0.3, Sum: 2.5]
      [Update RS (ms): Min: 0.6, Avg: 0.6, Max: 0.7, Diff: 0.1, Sum: 1.3]
         [Processed Buffers: Min: 12, Avg: 13.5, Max: 15, Diff: 3, Sum: 27]
      [Scan RS (ms): Min: 2.1, Avg: 2.1, Max: 2.1, Diff: 0.0, Sum: 4.2]
      [Code Root Scanning (ms): Min: 0.8, Avg: 0.8, Max: 0.8, Diff: 0.0, Sum: 1.7]
      [Object Copy (ms): Min: 1.3, Avg: 1.4, Max: 1.5, Diff: 0.2, Sum: 2.8]
      [Termination (ms): Min: 0.0, Avg: 0.0, Max: 0.0, Diff: 0.0, Sum: 0.0]
      [GC Worker Other (ms): Min: 0.0, Avg: 0.0, Max: 0.1, Diff: 0.0, Sum: 0.1]
      [GC Worker Total (ms): Min: 6.3, Avg: 6.3, Max: 6.3, Diff: 0.0, Sum: 12.6]
      [GC Worker End (ms): Min: 8917405.8, Avg: 8917405.8, Max: 8917405.8, Diff: 0.0]
   [Code Root Fixup: 0.2 ms]
   [Code Root Migration: 0.1 ms]
   [Clear CT: 0.8 ms]
   [Other: 1.9 ms]
      [Choose CSet: 0.0 ms]
      [Ref Proc: 0.1 ms]
      [Ref Enq: 0.0 ms]
      [Free CSet: 1.6 ms]
   [Eden: 3376.0M(3376.0M)->0.0B(3376.0M) Survivors: 2048.0K->2048.0K Heap: 4817.0M(5632.0M)->1440.8M(5632.0M)]
 [Times: user=0.01 sys=0.00, real=0.02 secs] 
2014-06-25T02:39:34.960+0000: 8917.409: Total time for which application threads were stopped: 0.0099992 seconds
2014-06-25T02:39:41.122+0000: 8923.571: [GC pause (G1 Evacuation Pause) (young)
Desired survivor size 222298112 bytes, new threshold 15 (max 15)
- age   1:      47208 bytes,      47208 total
- age   2:      26952 bytes,      74160 total
- age   3:      24616 bytes,      98776 total
- age   4:      20432 bytes,     119208 total
- age   5:      38096 bytes,     157304 total
- age   6:      32904 bytes,     190208 total
- age   7:      33616 bytes,     223824 total
- age   8:      39304 bytes,     263128 total
- age   9:      35920 bytes,     299048 total
- age  10:      32160 bytes,     331208 total
- age  11:      36040 bytes,     367248 total
- age  12:      32080 bytes,     399328 total
- age  13:      38840 bytes,     438168 total
- age  14:      37288 bytes,     475456 total
- age  15:      30936 bytes,     506392 total
, 0.0092322 secs]
   [Parallel Time: 6.4 ms, GC Workers: 2]
      [GC Worker Start (ms): Min: 8923571.5, Avg: 8923571.5, Max: 8923571.6, Diff: 0.0]
      [Ext Root Scanning (ms): Min: 1.1, Avg: 1.3, Max: 1.4, Diff: 0.3, Sum: 2.5]
      [Update RS (ms): Min: 0.6, Avg: 0.6, Max: 0.7, Diff: 0.1, Sum: 1.3]
         [Processed Buffers: Min: 1, Avg: 13.5, Max: 26, Diff: 25, Sum: 27]
      [Scan RS (ms): Min: 2.1, Avg: 2.1, Max: 2.2, Diff: 0.0, Sum: 4.3]
      [Code Root Scanning (ms): Min: 0.8, Avg: 0.8, Max: 0.8, Diff: 0.0, Sum: 1.7]
      [Object Copy (ms): Min: 1.4, Avg: 1.5, Max: 1.6, Diff: 0.2, Sum: 2.9]
      [Termination (ms): Min: 0.0, Avg: 0.0, Max: 0.0, Diff: 0.0, Sum: 0.0]
      [GC Worker Other (ms): Min: 0.0, Avg: 0.0, Max: 0.1, Diff: 0.0, Sum: 0.1]
      [GC Worker Total (ms): Min: 6.4, Avg: 6.4, Max: 6.4, Diff: 0.0, Sum: 12.8]
      [GC Worker End (ms): Min: 8923577.9, Avg: 8923577.9, Max: 8923577.9, Diff: 0.0]
   [Code Root Fixup: 0.2 ms]
   [Code Root Migration: 0.1 ms]
   [Clear CT: 0.8 ms]
   [Other: 1.8 ms]
      [Choose CSet: 0.0 ms]
      [Ref Proc: 0.1 ms]
      [Ref Enq: 0.0 ms]
      [Free CSet: 1.5 ms]
   [Eden: 3376.0M(3376.0M)->0.0B(3376.0M) Survivors: 2048.0K->2048.0K Heap: 4816.8M(5632.0M)->1441.1M(5632.0M)]
 [Times: user=0.01 sys=0.00, real=0.01 secs] 
2014-06-25T02:39:41.132+0000: 8923.581: Total time for which application threads were stopped: 0.0098203 seconds
2014-06-25T02:39:42.284+0000: 8924.733: Total time for which application threads were stopped: 0.0012930 seconds
2014-06-25T02:39:42.284+0000: 8924.733: Total time for which application threads were stopped: 0.0002231 seconds
2014-06-25T02:39:47.284+0000: 8929.733: [GC pause (G1 Evacuation Pause) (young)
Desired survivor size 222298112 bytes, new threshold 15 (max 15)
- age   1:      66736 bytes,      66736 total
- age   2:      21144 bytes,      87880 total
- age   3:      26856 bytes,     114736 total
- age   4:      24560 bytes,     139296 total
- age   5:      20400 bytes,     159696 total
- age   6:      37976 bytes,     197672 total
- age   7:      32904 bytes,     230576 total
- age   8:      33616 bytes,     264192 total
- age   9:      39304 bytes,     303496 total
- age  10:      35920 bytes,     339416 total
- age  11:      32160 bytes,     371576 total
- age  12:      36040 bytes,     407616 total
- age  13:      32080 bytes,     439696 total
- age  14:      38840 bytes,     478536 total
- age  15:      37288 bytes,     515824 total
, 0.0091471 secs]
   [Parallel Time: 6.4 ms, GC Workers: 2]
      [GC Worker Start (ms): Min: 8929732.9, Avg: 8929732.9, Max: 8929732.9, Diff: 0.0]
      [Ext Root Scanning (ms): Min: 1.1, Avg: 1.3, Max: 1.4, Diff: 0.3, Sum: 2.5]
      [Update RS (ms): Min: 0.6, Avg: 0.7, Max: 0.7, Diff: 0.1, Sum: 1.3]
         [Processed Buffers: Min: 5, Avg: 16.0, Max: 27, Diff: 22, Sum: 32]
      [Scan RS (ms): Min: 2.1, Avg: 2.1, Max: 2.1, Diff: 0.1, Sum: 4.2]
      [Code Root Scanning (ms): Min: 0.8, Avg: 0.8, Max: 0.8, Diff: 0.0, Sum: 1.7]
      [Object Copy (ms): Min: 1.3, Avg: 1.4, Max: 1.5, Diff: 0.1, Sum: 2.8]
      [Termination (ms): Min: 0.0, Avg: 0.0, Max: 0.0, Diff: 0.0, Sum: 0.0]
      [GC Worker Other (ms): Min: 0.0, Avg: 0.0, Max: 0.1, Diff: 0.0, Sum: 0.1]
      [GC Worker Total (ms): Min: 6.3, Avg: 6.3, Max: 6.3, Diff: 0.0, Sum: 12.6]
      [GC Worker End (ms): Min: 8929739.3, Avg: 8929739.3, Max: 8929739.3, Diff: 0.0]
   [Code Root Fixup: 0.2 ms]
   [Code Root Migration: 0.1 ms]
   [Clear CT: 0.8 ms]
   [Other: 1.8 ms]
      [Choose CSet: 0.0 ms]
      [Ref Proc: 0.1 ms]
      [Ref Enq: 0.0 ms]
      [Free CSet: 1.5 ms]
   [Eden: 3376.0M(3376.0M)->0.0B(3376.0M) Survivors: 2048.0K->2048.0K Heap: 4817.1M(5632.0M)->1440.8M(5632.0M)]
 [Times: user=0.02 sys=0.01, real=0.01 secs] 
2014-06-25T02:39:47.293+0000: 8929.742: Total time for which application threads were stopped: 0.0101984 seconds
2014-06-25T02:39:53.458+0000: 8935.907: [GC pause (G1 Evacuation Pause) (young)
Desired survivor size 222298112 bytes, new threshold 15 (max 15)
- age   1:      58368 bytes,      58368 total
- age   2:      33664 bytes,      92032 total
- age   3:      20920 bytes,     112952 total
- age   4:      26800 bytes,     139752 total
- age   5:      24560 bytes,     164312 total
- age   6:      20280 bytes,     184592 total
- age   7:      37952 bytes,     222544 total
- age   8:      32904 bytes,     255448 total
- age   9:      33616 bytes,     289064 total
- age  10:      39304 bytes,     328368 total
- age  11:      21800 bytes,     350168 total
- age  12:      32160 bytes,     382328 total
- age  13:      36040 bytes,     418368 total
- age  14:      31944 bytes,     450312 total
- age  15:      38840 bytes,     489152 total
, 0.0093081 secs]
   [Parallel Time: 6.4 ms, GC Workers: 2]
      [GC Worker Start (ms): Min: 8935907.1, Avg: 8935907.1, Max: 8935907.1, Diff: 0.0]
      [Ext Root Scanning (ms): Min: 1.1, Avg: 1.3, Max: 1.4, Diff: 0.3, Sum: 2.5]
      [Update RS (ms): Min: 0.6, Avg: 0.6, Max: 0.7, Diff: 0.1, Sum: 1.3]
         [Processed Buffers: Min: 1, Avg: 13.5, Max: 26, Diff: 25, Sum: 27]
      [Scan RS (ms): Min: 2.1, Avg: 2.2, Max: 2.2, Diff: 0.0, Sum: 4.3]
      [Code Root Scanning (ms): Min: 0.8, Avg: 0.8, Max: 0.8, Diff: 0.0, Sum: 1.7]
      [Object Copy (ms): Min: 1.3, Avg: 1.4, Max: 1.5, Diff: 0.2, Sum: 2.7]
      [Termination (ms): Min: 0.0, Avg: 0.0, Max: 0.0, Diff: 0.0, Sum: 0.0]
      [GC Worker Other (ms): Min: 0.0, Avg: 0.0, Max: 0.0, Diff: 0.0, Sum: 0.1]
      [GC Worker Total (ms): Min: 6.3, Avg: 6.3, Max: 6.3, Diff: 0.0, Sum: 12.6]
      [GC Worker End (ms): Min: 8935913.4, Avg: 8935913.4, Max: 8935913.4, Diff: 0.0]
   [Code Root Fixup: 0.2 ms]
   [Code Root Migration: 0.1 ms]
   [Clear CT: 0.8 ms]
   [Other: 1.9 ms]
      [Choose CSet: 0.0 ms]
      [Ref Proc: 0.1 ms]
      [Ref Enq: 0.0 ms]
      [Free CSet: 1.6 ms]
   [Eden: 3376.0M(3376.0M)->0.0B(3376.0M) Survivors: 2048.0K->2048.0K Heap: 4816.8M(5632.0M)->1441.1M(5632.0M)]
 [Times: user=0.02 sys=0.00, real=0.01 secs] 
2014-06-25T02:39:53.467+0000: 8935.917: Total time for which application threads were stopped: 0.0099116 seconds
2014-06-25T02:39:59.624+0000: 8942.073: [GC pause (G1 Evacuation Pause) (young)
Desired survivor size 222298112 bytes, new threshold 15 (max 15)
- age   1:      43816 bytes,      43816 total
- age   2:      28880 bytes,      72696 total
- age   3:      33448 bytes,     106144 total
- age   4:      20864 bytes,     127008 total
- age   5:      26800 bytes,     153808 total
- age   6:      24560 bytes,     178368 total
- age   7:      20280 bytes,     198648 total
- age   8:      37952 bytes,     236600 total
- age   9:      32904 bytes,     269504 total
- age  10:      33616 bytes,     303120 total
- age  11:      39304 bytes,     342424 total
- age  12:      21800 bytes,     364224 total
- age  13:      32160 bytes,     396384 total
- age  14:      36040 bytes,     432424 total
- age  15:      31944 bytes,     464368 total
, 0.0090693 secs]
   [Parallel Time: 6.3 ms, GC Workers: 2]
      [GC Worker Start (ms): Min: 8942072.8, Avg: 8942072.8, Max: 8942072.8, Diff: 0.0]
      [Ext Root Scanning (ms): Min: 1.1, Avg: 1.3, Max: 1.4, Diff: 0.3, Sum: 2.5]
      [Update RS (ms): Min: 0.6, Avg: 0.6, Max: 0.7, Diff: 0.0, Sum: 1.3]
         [Processed Buffers: Min: 1, Avg: 13.0, Max: 25, Diff: 24, Sum: 26]
      [Scan RS (ms): Min: 2.1, Avg: 2.1, Max: 2.2, Diff: 0.1, Sum: 4.2]
      [Code Root Scanning (ms): Min: 0.8, Avg: 0.9, Max: 0.9, Diff: 0.0, Sum: 1.7]
      [Object Copy (ms): Min: 1.2, Avg: 1.3, Max: 1.4, Diff: 0.1, Sum: 2.6]
      [Termination (ms): Min: 0.0, Avg: 0.0, Max: 0.0, Diff: 0.0, Sum: 0.0]
      [GC Worker Other (ms): Min: 0.0, Avg: 0.1, Max: 0.1, Diff: 0.0, Sum: 0.1]
      [GC Worker Total (ms): Min: 6.2, Avg: 6.2, Max: 6.2, Diff: 0.0, Sum: 12.5]
      [GC Worker End (ms): Min: 8942079.0, Avg: 8942079.0, Max: 8942079.0, Diff: 0.0]
   [Code Root Fixup: 0.2 ms]
   [Code Root Migration: 0.1 ms]
   [Clear CT: 0.8 ms]
   [Other: 1.7 ms]
      [Choose CSet: 0.0 ms]
      [Ref Proc: 0.1 ms]
      [Ref Enq: 0.0 ms]
      [Free CSet: 1.5 ms]
   [Eden: 3376.0M(3376.0M)->0.0B(3376.0M) Survivors: 2048.0K->2048.0K Heap: 4817.1M(5632.0M)->1440.9M(5632.0M)]
 [Times: user=0.01 sys=0.01, real=0.01 secs] 
2014-06-25T02:39:59.633+0000: 8942.082: Total time for which application threads were stopped: 0.0096158 seconds
2014-06-25T02:40:05.951+0000: 8948.400: [GC pause (G1 Evacuation Pause) (young)
Desired survivor size 222298112 bytes, new threshold 15 (max 15)
- age   1:      46344 bytes,      46344 total
- age   2:      20688 bytes,      67032 total
- age   3:      28848 bytes,      95880 total
- age   4:      33416 bytes,     129296 total
- age   5:      20840 bytes,     150136 total
- age   6:      26680 bytes,     176816 total
- age   7:      24560 bytes,     201376 total
- age   8:      20256 bytes,     221632 total
- age   9:      37952 bytes,     259584 total
- age  10:      32904 bytes,     292488 total
- age  11:      33616 bytes,     326104 total
- age  12:      39304 bytes,     365408 total
- age  13:      21664 bytes,     387072 total
- age  14:      32160 bytes,     419232 total
- age  15:      36040 bytes,     455272 total
, 0.0091216 secs]
   [Parallel Time: 6.3 ms, GC Workers: 2]
      [GC Worker Start (ms): Min: 8948400.1, Avg: 8948400.1, Max: 8948400.1, Diff: 0.0]
      [Ext Root Scanning (ms): Min: 1.1, Avg: 1.3, Max: 1.4, Diff: 0.3, Sum: 2.5]
      [Update RS (ms): Min: 0.6, Avg: 0.6, Max: 0.7, Diff: 0.1, Sum: 1.2]
         [Processed Buffers: Min: 3, Avg: 13.0, Max: 23, Diff: 20, Sum: 26]
      [Scan RS (ms): Min: 2.2, Avg: 2.2, Max: 2.2, Diff: 0.1, Sum: 4.4]
      [Code Root Scanning (ms): Min: 0.8, Avg: 0.9, Max: 0.9, Diff: 0.0, Sum: 1.7]
      [Object Copy (ms): Min: 1.2, Avg: 1.3, Max: 1.3, Diff: 0.1, Sum: 2.5]
      [Termination (ms): Min: 0.0, Avg: 0.0, Max: 0.0, Diff: 0.0, Sum: 0.0]
      [GC Worker Other (ms): Min: 0.0, Avg: 0.1, Max: 0.1, Diff: 0.0, Sum: 0.1]
      [GC Worker Total (ms): Min: 6.2, Avg: 6.2, Max: 6.3, Diff: 0.0, Sum: 12.5]
      [GC Worker End (ms): Min: 8948406.3, Avg: 8948406.3, Max: 8948406.4, Diff: 0.0]
   [Code Root Fixup: 0.2 ms]
   [Code Root Migration: 0.1 ms]
   [Clear CT: 0.8 ms]
   [Other: 1.8 ms]
      [Choose CSet: 0.0 ms]
      [Ref Proc: 0.1 ms]
      [Ref Enq: 0.0 ms]
      [Free CSet: 1.5 ms]
   [Eden: 3376.0M(3376.0M)->0.0B(3376.0M) Survivors: 2048.0K->2048.0K Heap: 4816.9M(5632.0M)->1441.2M(5632.0M)]
 [Times: user=0.02 sys=0.00, real=0.01 secs] 
2014-06-25T02:40:05.960+0000: 8948.409: Total time for which application threads were stopped: 0.0097089 seconds
2014-06-25T02:40:12.113+0000: 8954.562: [GC pause (G1 Evacuation Pause) (young)
Desired survivor size 222298112 bytes, new threshold 15 (max 15)
- age   1:      45312 bytes,      45312 total
- age   2:      20472 bytes,      65784 total
- age   3:      20376 bytes,      86160 total
- age   4:      28824 bytes,     114984 total
- age   5:      33392 bytes,     148376 total
- age   6:      20840 bytes,     169216 total
- age   7:      26656 bytes,     195872 total
- age   8:      24560 bytes,     220432 total
- age   9:      20256 bytes,     240688 total
- age  10:      37952 bytes,     278640 total
- age  11:      32904 bytes,     311544 total
- age  12:      33616 bytes,     345160 total
- age  13:      39304 bytes,     384464 total
- age  14:      21664 bytes,     406128 total
- age  15:      32160 bytes,     438288 total
, 0.0090422 secs]
   [Parallel Time: 6.2 ms, GC Workers: 2]
      [GC Worker Start (ms): Min: 8954562.0, Avg: 8954562.1, Max: 8954562.1, Diff: 0.0]
      [Ext Root Scanning (ms): Min: 1.1, Avg: 1.2, Max: 1.4, Diff: 0.3, Sum: 2.5]
      [Update RS (ms): Min: 0.6, Avg: 0.6, Max: 0.6, Diff: 0.1, Sum: 1.2]
         [Processed Buffers: Min: 13, Avg: 13.5, Max: 14, Diff: 1, Sum: 27]
      [Scan RS (ms): Min: 2.1, Avg: 2.1, Max: 2.2, Diff: 0.1, Sum: 4.3]
      [Code Root Scanning (ms): Min: 0.8, Avg: 0.8, Max: 0.8, Diff: 0.0, Sum: 1.7]
      [Object Copy (ms): Min: 1.2, Avg: 1.3, Max: 1.4, Diff: 0.2, Sum: 2.6]
      [Termination (ms): Min: 0.0, Avg: 0.0, Max: 0.0, Diff: 0.0, Sum: 0.0]
      [GC Worker Other (ms): Min: 0.0, Avg: 0.1, Max: 0.1, Diff: 0.0, Sum: 0.1]
      [GC Worker Total (ms): Min: 6.1, Avg: 6.2, Max: 6.2, Diff: 0.0, Sum: 12.3]
      [GC Worker End (ms): Min: 8954568.2, Avg: 8954568.2, Max: 8954568.2, Diff: 0.0]
   [Code Root Fixup: 0.2 ms]
   [Code Root Migration: 0.1 ms]
   [Clear CT: 0.8 ms]
   [Other: 1.8 ms]
      [Choose CSet: 0.0 ms]
      [Ref Proc: 0.1 ms]
      [Ref Enq: 0.0 ms]
      [Free CSet: 1.5 ms]
   [Eden: 3376.0M(3376.0M)->0.0B(3376.0M) Survivors: 2048.0K->2048.0K Heap: 4817.2M(5632.0M)->1441.0M(5632.0M)]
 [Times: user=0.01 sys=0.00, real=0.01 secs] 
2014-06-25T02:40:12.122+0000: 8954.571: Total time for which application threads were stopped: 0.0096580 seconds
2014-06-25T02:40:18.316+0000: 8960.765: [GC pause (G1 Evacuation Pause) (young)
Desired survivor size 222298112 bytes, new threshold 15 (max 15)
- age   1:      59680 bytes,      59680 total
- age   2:      22536 bytes,      82216 total
- age   3:      20344 bytes,     102560 total
- age   4:      20320 bytes,     122880 total
- age   5:      28672 bytes,     151552 total
- age   6:      33272 bytes,     184824 total
- age   7:      20840 bytes,     205664 total
- age   8:      26656 bytes,     232320 total
- age   9:      24560 bytes,     256880 total
- age  10:      20256 bytes,     277136 total
- age  11:      37952 bytes,     315088 total
- age  12:      32904 bytes,     347992 total
- age  13:      33616 bytes,     381608 total
- age  14:      39304 bytes,     420912 total
- age  15:      21664 bytes,     442576 total
, 0.0089700 secs]
   [Parallel Time: 6.2 ms, GC Workers: 2]
      [GC Worker Start (ms): Min: 8960764.9, Avg: 8960764.9, Max: 8960764.9, Diff: 0.0]
      [Ext Root Scanning (ms): Min: 1.1, Avg: 1.3, Max: 1.4, Diff: 0.3, Sum: 2.5]
      [Update RS (ms): Min: 0.6, Avg: 0.6, Max: 0.6, Diff: 0.1, Sum: 1.2]
         [Processed Buffers: Min: 1, Avg: 13.5, Max: 26, Diff: 25, Sum: 27]
      [Scan RS (ms): Min: 2.1, Avg: 2.1, Max: 2.2, Diff: 0.1, Sum: 4.2]
      [Code Root Scanning (ms): Min: 0.8, Avg: 0.8, Max: 0.8, Diff: 0.0, Sum: 1.7]
      [Object Copy (ms): Min: 1.2, Avg: 1.3, Max: 1.3, Diff: 0.1, Sum: 2.5]
      [Termination (ms): Min: 0.0, Avg: 0.0, Max: 0.0, Diff: 0.0, Sum: 0.0]
      [GC Worker Other (ms): Min: 0.0, Avg: 0.0, Max: 0.0, Diff: 0.0, Sum: 0.1]
      [GC Worker Total (ms): Min: 6.1, Avg: 6.1, Max: 6.1, Diff: 0.0, Sum: 12.2]
      [GC Worker End (ms): Min: 8960771.0, Avg: 8960771.0, Max: 8960771.0, Diff: 0.0]
   [Code Root Fixup: 0.2 ms]
   [Code Root Migration: 0.1 ms]
   [Clear CT: 0.8 ms]
   [Other: 1.7 ms]
      [Choose CSet: 0.0 ms]
      [Ref Proc: 0.1 ms]
      [Ref Enq: 0.0 ms]
      [Free CSet: 1.5 ms]
   [Eden: 3376.0M(3376.0M)->0.0B(3376.0M) Survivors: 2048.0K->2048.0K Heap: 4817.0M(5632.0M)->1441.2M(5632.0M)]
 [Times: user=0.01 sys=0.00, real=0.01 secs] 
2014-06-25T02:40:18.325+0000: 8960.774: Total time for which application threads were stopped: 0.0095679 seconds
2014-06-25T02:40:24.621+0000: 8967.070: [GC pause (G1 Evacuation Pause) (young)
Desired survivor size 222298112 bytes, new threshold 15 (max 15)
- age   1:      49040 bytes,      49040 total
- age   2:      31896 bytes,      80936 total
- age   3:      22312 bytes,     103248 total
- age   4:      20320 bytes,     123568 total
- age   5:      20320 bytes,     143888 total
- age   6:      28672 bytes,     172560 total
- age   7:      33272 bytes,     205832 total
- age   8:      20816 bytes,     226648 total
- age   9:      26656 bytes,     253304 total
- age  10:      24560 bytes,     277864 total
- age  11:      20256 bytes,     298120 total
- age  12:      37952 bytes,     336072 total
- age  13:      32904 bytes,     368976 total
- age  14:      33616 bytes,     402592 total
- age  15:      39304 bytes,     441896 total
, 0.0090290 secs]
   [Parallel Time: 6.2 ms, GC Workers: 2]
      [GC Worker Start (ms): Min: 8967069.8, Avg: 8967069.8, Max: 8967069.8, Diff: 0.0]
      [Ext Root Scanning (ms): Min: 1.1, Avg: 1.3, Max: 1.4, Diff: 0.2, Sum: 2.5]
      [Update RS (ms): Min: 0.5, Avg: 0.6, Max: 0.6, Diff: 0.1, Sum: 1.1]
         [Processed Buffers: Min: 10, Avg: 13.5, Max: 17, Diff: 7, Sum: 27]
      [Scan RS (ms): Min: 2.1, Avg: 2.1, Max: 2.2, Diff: 0.1, Sum: 4.2]
      [Code Root Scanning (ms): Min: 0.8, Avg: 0.8, Max: 0.9, Diff: 0.0, Sum: 1.7]
      [Object Copy (ms): Min: 1.2, Avg: 1.3, Max: 1.4, Diff: 0.2, Sum: 2.6]
      [Termination (ms): Min: 0.0, Avg: 0.0, Max: 0.0, Diff: 0.0, Sum: 0.0]
      [GC Worker Other (ms): Min: 0.0, Avg: 0.1, Max: 0.1, Diff: 0.0, Sum: 0.1]
      [GC Worker Total (ms): Min: 6.1, Avg: 6.1, Max: 6.1, Diff: 0.0, Sum: 12.2]
      [GC Worker End (ms): Min: 8967075.9, Avg: 8967075.9, Max: 8967075.9, Diff: 0.0]
   [Code Root Fixup: 0.2 ms]
   [Code Root Migration: 0.1 ms]
   [Clear CT: 0.8 ms]
   [Other: 1.8 ms]
      [Choose CSet: 0.0 ms]
      [Ref Proc: 0.1 ms]
      [Ref Enq: 0.0 ms]
      [Free CSet: 1.5 ms]
   [Eden: 3376.0M(3376.0M)->0.0B(3376.0M) Survivors: 2048.0K->2048.0K Heap: 4817.2M(5632.0M)->1441.0M(5632.0M)]
 [Times: user=0.02 sys=0.01, real=0.01 secs] 
2014-06-25T02:40:24.630+0000: 8967.079: Total time for which application threads were stopped: 0.0096068 seconds
2014-06-25T02:40:30.822+0000: 8973.271: [GC pause (G1 Evacuation Pause) (young)
Desired survivor size 222298112 bytes, new threshold 15 (max 15)
- age   1:      64776 bytes,      64776 total
- age   2:      22776 bytes,      87552 total
- age   3:      31776 bytes,     119328 total
- age   4:      22232 bytes,     141560 total
- age   5:      20320 bytes,     161880 total
- age   6:      20320 bytes,     182200 total
- age   7:      28648 bytes,     210848 total
- age   8:      33272 bytes,     244120 total
- age   9:      20816 bytes,     264936 total
- age  10:      26656 bytes,     291592 total
- age  11:      24560 bytes,     316152 total
- age  12:      20256 bytes,     336408 total
- age  13:      37952 bytes,     374360 total
- age  14:      32904 bytes,     407264 total
- age  15:      33616 bytes,     440880 total
, 0.0090182 secs]
   [Parallel Time: 6.2 ms, GC Workers: 2]
      [GC Worker Start (ms): Min: 8973271.4, Avg: 8973271.4, Max: 8973271.4, Diff: 0.0]
      [Ext Root Scanning (ms): Min: 1.1, Avg: 1.3, Max: 1.4, Diff: 0.3, Sum: 2.5]
      [Update RS (ms): Min: 0.5, Avg: 0.6, Max: 0.7, Diff: 0.1, Sum: 1.2]
         [Processed Buffers: Min: 4, Avg: 13.5, Max: 23, Diff: 19, Sum: 27]
      [Scan RS (ms): Min: 2.1, Avg: 2.1, Max: 2.2, Diff: 0.0, Sum: 4.3]
      [Code Root Scanning (ms): Min: 0.8, Avg: 0.8, Max: 0.8, Diff: 0.0, Sum: 1.7]
      [Object Copy (ms): Min: 1.2, Avg: 1.3, Max: 1.4, Diff: 0.2, Sum: 2.5]
      [Termination (ms): Min: 0.0, Avg: 0.0, Max: 0.0, Diff: 0.0, Sum: 0.0]
      [GC Worker Other (ms): Min: 0.0, Avg: 0.0, Max: 0.1, Diff: 0.0, Sum: 0.1]
      [GC Worker Total (ms): Min: 6.1, Avg: 6.2, Max: 6.2, Diff: 0.0, Sum: 12.3]
      [GC Worker End (ms): Min: 8973277.5, Avg: 8973277.5, Max: 8973277.6, Diff: 0.0]
   [Code Root Fixup: 0.2 ms]
   [Code Root Migration: 0.1 ms]
   [Clear CT: 0.8 ms]
   [Other: 1.8 ms]
      [Choose CSet: 0.0 ms]
      [Ref Proc: 0.1 ms]
      [Ref Enq: 0.0 ms]
      [Free CSet: 1.5 ms]
   [Eden: 3376.0M(3376.0M)->0.0B(3376.0M) Survivors: 2048.0K->2048.0K Heap: 4817.0M(5632.0M)->1441.3M(5632.0M)]
 [Times: user=0.02 sys=0.00, real=0.01 secs] 
2014-06-25T02:40:30.831+0000: 8973.281: Total time for which application threads were stopped: 0.0096084 seconds
2014-06-25T02:40:37.016+0000: 8979.465: [GC pause (G1 Evacuation Pause) (young)
Desired survivor size 222298112 bytes, new threshold 15 (max 15)
- age   1:      68384 bytes,      68384 total
- age   2:      22744 bytes,      91128 total
- age   3:      22648 bytes,     113776 total
- age   4:      31720 bytes,     145496 total
- age   5:      22232 bytes,     167728 total
- age   6:      20200 bytes,     187928 total
- age   7:      20320 bytes,     208248 total
- age   8:      28648 bytes,     236896 total
- age   9:      33272 bytes,     270168 total
- age  10:      20816 bytes,     290984 total
- age  11:      26656 bytes,     317640 total
- age  12:      24560 bytes,     342200 total
- age  13:      20256 bytes,     362456 total
- age  14:      37952 bytes,     400408 total
- age  15:      32904 bytes,     433312 total
, 0.0090193 secs]
   [Parallel Time: 6.2 ms, GC Workers: 2]
      [GC Worker Start (ms): Min: 8979465.1, Avg: 8979465.1, Max: 8979465.1, Diff: 0.0]
      [Ext Root Scanning (ms): Min: 1.1, Avg: 1.3, Max: 1.4, Diff: 0.3, Sum: 2.6]
      [Update RS (ms): Min: 0.6, Avg: 0.7, Max: 0.8, Diff: 0.1, Sum: 1.4]
         [Processed Buffers: Min: 8, Avg: 14.5, Max: 21, Diff: 13, Sum: 29]
      [Scan RS (ms): Min: 2.0, Avg: 2.0, Max: 2.1, Diff: 0.0, Sum: 4.1]
      [Code Root Scanning (ms): Min: 0.8, Avg: 0.8, Max: 0.9, Diff: 0.0, Sum: 1.7]
      [Object Copy (ms): Min: 1.1, Avg: 1.2, Max: 1.3, Diff: 0.1, Sum: 2.4]
      [Termination (ms): Min: 0.0, Avg: 0.0, Max: 0.0, Diff: 0.0, Sum: 0.0]
      [GC Worker Other (ms): Min: 0.0, Avg: 0.1, Max: 0.1, Diff: 0.0, Sum: 0.1]
      [GC Worker Total (ms): Min: 6.1, Avg: 6.1, Max: 6.2, Diff: 0.0, Sum: 12.3]
      [GC Worker End (ms): Min: 8979471.2, Avg: 8979471.2, Max: 8979471.2, Diff: 0.0]
   [Code Root Fixup: 0.2 ms]
   [Code Root Migration: 0.1 ms]
   [Clear CT: 0.8 ms]
   [Other: 1.8 ms]
      [Choose CSet: 0.0 ms]
      [Ref Proc: 0.1 ms]
      [Ref Enq: 0.0 ms]
      [Free CSet: 1.5 ms]
   [Eden: 3376.0M(3376.0M)->0.0B(3376.0M) Survivors: 2048.0K->2048.0K Heap: 4817.3M(5632.0M)->1441.1M(5632.0M)]
 [Times: user=0.01 sys=0.01, real=0.01 secs] 
2014-06-25T02:40:37.025+0000: 8979.474: Total time for which application threads were stopped: 0.0096266 seconds
2014-06-25T02:40:43.180+0000: 8985.629: [GC pause (G1 Evacuation Pause) (young)
Desired survivor size 222298112 bytes, new threshold 15 (max 15)
- age   1:      62448 bytes,      62448 total
- age   2:      20712 bytes,      83160 total
- age   3:      22552 bytes,     105712 total
- age   4:      22624 bytes,     128336 total
- age   5:      31720 bytes,     160056 total
- age   6:      22232 bytes,     182288 total
- age   7:      20176 bytes,     202464 total
- age   8:      20320 bytes,     222784 total
- age   9:      28280 bytes,     251064 total
- age  10:      33272 bytes,     284336 total
- age  11:      20816 bytes,     305152 total
- age  12:      26656 bytes,     331808 total
- age  13:      24560 bytes,     356368 total
- age  14:      20256 bytes,     376624 total
- age  15:      37952 bytes,     414576 total
, 0.0089903 secs]
   [Parallel Time: 6.2 ms, GC Workers: 2]
      [GC Worker Start (ms): Min: 8985629.0, Avg: 8985629.0, Max: 8985629.0, Diff: 0.0]
      [Ext Root Scanning (ms): Min: 1.1, Avg: 1.2, Max: 1.3, Diff: 0.2, Sum: 2.5]
      [Update RS (ms): Min: 0.7, Avg: 0.7, Max: 0.7, Diff: 0.0, Sum: 1.5]
         [Processed Buffers: Min: 16, Avg: 16.5, Max: 17, Diff: 1, Sum: 33]
      [Scan RS (ms): Min: 2.1, Avg: 2.1, Max: 2.2, Diff: 0.0, Sum: 4.3]
      [Code Root Scanning (ms): Min: 0.8, Avg: 0.8, Max: 0.8, Diff: 0.0, Sum: 1.7]
      [Object Copy (ms): Min: 1.1, Avg: 1.2, Max: 1.3, Diff: 0.2, Sum: 2.3]
      [Termination (ms): Min: 0.0, Avg: 0.0, Max: 0.0, Diff: 0.0, Sum: 0.0]
      [GC Worker Other (ms): Min: 0.0, Avg: 0.0, Max: 0.1, Diff: 0.0, Sum: 0.1]
      [GC Worker Total (ms): Min: 6.1, Avg: 6.1, Max: 6.1, Diff: 0.0, Sum: 12.3]
      [GC Worker End (ms): Min: 8985635.1, Avg: 8985635.1, Max: 8985635.1, Diff: 0.0]
   [Code Root Fixup: 0.2 ms]
   [Code Root Migration: 0.1 ms]
   [Clear CT: 0.8 ms]
   [Other: 1.7 ms]
      [Choose CSet: 0.0 ms]
      [Ref Proc: 0.1 ms]
      [Ref Enq: 0.0 ms]
      [Free CSet: 1.5 ms]
   [Eden: 3376.0M(3376.0M)->0.0B(3376.0M) Survivors: 2048.0K->2048.0K Heap: 4817.1M(5632.0M)->1441.4M(5632.0M)]
 [Times: user=0.01 sys=0.00, real=0.01 secs] 
2014-06-25T02:40:43.189+0000: 8985.638: Total time for which application threads were stopped: 0.0096260 seconds
2014-06-25T02:40:43.270+0000: 8985.719: Total time for which application threads were stopped: 0.0003721 seconds
2014-06-25T02:40:43.270+0000: 8985.719: Total time for which application threads were stopped: 0.0002334 seconds
2014-06-25T02:40:49.344+0000: 8991.793: [GC pause (G1 Evacuation Pause) (young)
Desired survivor size 222298112 bytes, new threshold 15 (max 15)
- age   1:      64672 bytes,      64672 total
- age   2:      23352 bytes,      88024 total
- age   3:      20496 bytes,     108520 total
- age   4:      22496 bytes,     131016 total
- age   5:      22472 bytes,     153488 total
- age   6:      31600 bytes,     185088 total
- age   7:      22232 bytes,     207320 total
- age   8:      20176 bytes,     227496 total
- age   9:      20320 bytes,     247816 total
- age  10:      14448 bytes,     262264 total
- age  11:      33272 bytes,     295536 total
- age  12:      20816 bytes,     316352 total
- age  13:      26656 bytes,     343008 total
- age  14:      24560 bytes,     367568 total
- age  15:      20256 bytes,     387824 total
, 0.0087560 secs]
   [Parallel Time: 6.0 ms, GC Workers: 2]
      [GC Worker Start (ms): Min: 8991792.9, Avg: 8991792.9, Max: 8991792.9, Diff: 0.0]
      [Ext Root Scanning (ms): Min: 1.1, Avg: 1.3, Max: 1.4, Diff: 0.3, Sum: 2.5]
      [Update RS (ms): Min: 0.6, Avg: 0.7, Max: 0.8, Diff: 0.1, Sum: 1.4]
         [Processed Buffers: Min: 13, Avg: 15.0, Max: 17, Diff: 4, Sum: 30]
      [Scan RS (ms): Min: 2.0, Avg: 2.0, Max: 2.0, Diff: 0.0, Sum: 4.0]
      [Code Root Scanning (ms): Min: 0.8, Avg: 0.8, Max: 0.8, Diff: 0.0, Sum: 1.7]
      [Object Copy (ms): Min: 1.0, Avg: 1.1, Max: 1.2, Diff: 0.1, Sum: 2.2]
      [Termination (ms): Min: 0.0, Avg: 0.0, Max: 0.0, Diff: 0.0, Sum: 0.0]
      [GC Worker Other (ms): Min: 0.0, Avg: 0.0, Max: 0.1, Diff: 0.0, Sum: 0.1]
      [GC Worker Total (ms): Min: 5.9, Avg: 6.0, Max: 6.0, Diff: 0.0, Sum: 11.9]
      [GC Worker End (ms): Min: 8991798.9, Avg: 8991798.9, Max: 8991798.9, Diff: 0.0]
   [Code Root Fixup: 0.2 ms]
   [Code Root Migration: 0.1 ms]
   [Clear CT: 0.8 ms]
   [Other: 1.7 ms]
      [Choose CSet: 0.0 ms]
      [Ref Proc: 0.1 ms]
      [Ref Enq: 0.0 ms]
      [Free CSet: 1.5 ms]
   [Eden: 3376.0M(3376.0M)->0.0B(3376.0M) Survivors: 2048.0K->2048.0K Heap: 4817.4M(5632.0M)->1441.2M(5632.0M)]
 [Times: user=0.02 sys=0.00, real=0.01 secs] 
2014-06-25T02:40:49.353+0000: 8991.802: Total time for which application threads were stopped: 0.0104988 seconds
2014-06-25T02:40:55.503+0000: 8997.952: [GC pause (G1 Evacuation Pause) (young)
Desired survivor size 222298112 bytes, new threshold 15 (max 15)
- age   1:      46568 bytes,      46568 total
- age   2:      39392 bytes,      85960 total
- age   3:      23088 bytes,     109048 total
- age   4:      20464 bytes,     129512 total
- age   5:      22472 bytes,     151984 total
- age   6:      22472 bytes,     174456 total
- age   7:      31600 bytes,     206056 total
- age   8:      22208 bytes,     228264 total
- age   9:      20176 bytes,     248440 total
- age  10:      20320 bytes,     268760 total
- age  11:      14448 bytes,     283208 total
- age  12:      33272 bytes,     316480 total
- age  13:      20816 bytes,     337296 total
- age  14:      26656 bytes,     363952 total
- age  15:      24560 bytes,     388512 total
, 0.0089325 secs]
   [Parallel Time: 6.1 ms, GC Workers: 2]
      [GC Worker Start (ms): Min: 8997951.9, Avg: 8997951.9, Max: 8997951.9, Diff: 0.0]
      [Ext Root Scanning (ms): Min: 1.1, Avg: 1.3, Max: 1.4, Diff: 0.3, Sum: 2.5]
      [Update RS (ms): Min: 0.6, Avg: 0.6, Max: 0.7, Diff: 0.1, Sum: 1.3]
         [Processed Buffers: Min: 11, Avg: 13.0, Max: 15, Diff: 4, Sum: 26]
      [Scan RS (ms): Min: 2.1, Avg: 2.1, Max: 2.2, Diff: 0.1, Sum: 4.3]
      [Code Root Scanning (ms): Min: 0.8, Avg: 0.8, Max: 0.9, Diff: 0.0, Sum: 1.7]
      [Object Copy (ms): Min: 1.0, Avg: 1.1, Max: 1.2, Diff: 0.2, Sum: 2.2]
      [Termination (ms): Min: 0.0, Avg: 0.0, Max: 0.0, Diff: 0.0, Sum: 0.0]
      [GC Worker Other (ms): Min: 0.0, Avg: 0.0, Max: 0.0, Diff: 0.0, Sum: 0.1]
      [GC Worker Total (ms): Min: 6.0, Avg: 6.1, Max: 6.1, Diff: 0.0, Sum: 12.1]
      [GC Worker End (ms): Min: 8997957.9, Avg: 8997957.9, Max: 8997957.9, Diff: 0.0]
   [Code Root Fixup: 0.2 ms]
   [Code Root Migration: 0.1 ms]
   [Clear CT: 0.8 ms]
   [Other: 1.8 ms]
      [Choose CSet: 0.0 ms]
      [Ref Proc: 0.1 ms]
      [Ref Enq: 0.0 ms]
      [Free CSet: 1.5 ms]
   [Eden: 3376.0M(3376.0M)->0.0B(3376.0M) Survivors: 2048.0K->2048.0K Heap: 4817.2M(5632.0M)->1441.4M(5632.0M)]
 [Times: user=0.02 sys=0.00, real=0.01 secs] 
2014-06-25T02:40:55.512+0000: 8997.961: Total time for which application threads were stopped: 0.0095573 seconds
2014-06-25T02:41:01.308+0000: 9003.757: Total time for which application threads were stopped: 0.0040778 seconds
2014-06-25T02:41:01.724+0000: 9004.173: [GC pause (G1 Evacuation Pause) (young)
Desired survivor size 222298112 bytes, new threshold 15 (max 15)
- age   1:      53008 bytes,      53008 total
- age   2:      12384 bytes,      65392 total
- age   3:      39272 bytes,     104664 total
- age   4:      23064 bytes,     127728 total
- age   5:      20440 bytes,     148168 total
- age   6:      22472 bytes,     170640 total
- age   7:      22448 bytes,     193088 total
- age   8:      31600 bytes,     224688 total
- age   9:      22208 bytes,     246896 total
- age  10:      20176 bytes,     267072 total
- age  11:      20320 bytes,     287392 total
- age  12:      14448 bytes,     301840 total
- age  13:      33272 bytes,     335112 total
- age  14:      20816 bytes,     355928 total
- age  15:      26656 bytes,     382584 total
, 0.0112968 secs]
   [Parallel Time: 6.1 ms, GC Workers: 2]
      [GC Worker Start (ms): Min: 9004173.1, Avg: 9004173.1, Max: 9004173.1, Diff: 0.0]
      [Ext Root Scanning (ms): Min: 1.1, Avg: 1.2, Max: 1.3, Diff: 0.2, Sum: 2.5]
      [Update RS (ms): Min: 0.6, Avg: 0.7, Max: 0.7, Diff: 0.0, Sum: 1.3]
         [Processed Buffers: Min: 15, Avg: 15.5, Max: 16, Diff: 1, Sum: 31]
      [Scan RS (ms): Min: 2.1, Avg: 2.1, Max: 2.1, Diff: 0.0, Sum: 4.3]
      [Code Root Scanning (ms): Min: 0.8, Avg: 0.8, Max: 0.8, Diff: 0.0, Sum: 1.7]
      [Object Copy (ms): Min: 1.0, Avg: 1.1, Max: 1.2, Diff: 0.2, Sum: 2.2]
      [Termination (ms): Min: 0.0, Avg: 0.0, Max: 0.0, Diff: 0.0, Sum: 0.0]
      [GC Worker Other (ms): Min: 0.0, Avg: 0.0, Max: 0.1, Diff: 0.0, Sum: 0.1]
      [GC Worker Total (ms): Min: 6.0, Avg: 6.0, Max: 6.0, Diff: 0.0, Sum: 12.0]
      [GC Worker End (ms): Min: 9004179.1, Avg: 9004179.1, Max: 9004179.1, Diff: 0.0]
   [Code Root Fixup: 0.2 ms]
   [Code Root Migration: 0.2 ms]
   [Clear CT: 1.1 ms]
   [Other: 3.8 ms]
      [Choose CSet: 0.0 ms]
      [Ref Proc: 1.4 ms]
      [Ref Enq: 0.0 ms]
      [Free CSet: 2.3 ms]
   [Eden: 3376.0M(3376.0M)->0.0B(3376.0M) Survivors: 2048.0K->2048.0K Heap: 4817.4M(5632.0M)->1441.2M(5632.0M)]
 [Times: user=0.02 sys=0.00, real=0.01 secs] 
2014-06-25T02:41:01.735+0000: 9004.184: Total time for which application threads were stopped: 0.0190367 seconds
2014-06-25T02:41:07.992+0000: 9010.441: [GC pause (G1 Evacuation Pause) (young)
Desired survivor size 222298112 bytes, new threshold 15 (max 15)
- age   1:      78504 bytes,      78504 total
- age   2:      27240 bytes,     105744 total
- age   3:      12256 bytes,     118000 total
- age   4:      39216 bytes,     157216 total
- age   5:      23064 bytes,     180280 total
- age   6:      20320 bytes,     200600 total
- age   7:      22472 bytes,     223072 total
- age   8:      22448 bytes,     245520 total
- age   9:      31600 bytes,     277120 total
- age  10:      22208 bytes,     299328 total
- age  11:      20176 bytes,     319504 total
- age  12:      20320 bytes,     339824 total
- age  13:      14448 bytes,     354272 total
- age  14:      33272 bytes,     387544 total
- age  15:      20816 bytes,     408360 total
, 0.0088338 secs]
   [Parallel Time: 6.1 ms, GC Workers: 2]
      [GC Worker Start (ms): Min: 9010441.0, Avg: 9010441.0, Max: 9010441.0, Diff: 0.0]
      [Ext Root Scanning (ms): Min: 1.1, Avg: 1.3, Max: 1.4, Diff: 0.3, Sum: 2.6]
      [Update RS (ms): Min: 0.6, Avg: 0.7, Max: 0.7, Diff: 0.1, Sum: 1.3]
         [Processed Buffers: Min: 11, Avg: 12.5, Max: 14, Diff: 3, Sum: 25]
      [Scan RS (ms): Min: 2.0, Avg: 2.0, Max: 2.0, Diff: 0.0, Sum: 4.0]
      [Code Root Scanning (ms): Min: 0.8, Avg: 0.8, Max: 0.8, Diff: 0.0, Sum: 1.7]
      [Object Copy (ms): Min: 1.0, Avg: 1.1, Max: 1.3, Diff: 0.2, Sum: 2.3]
      [Termination (ms): Min: 0.0, Avg: 0.0, Max: 0.0, Diff: 0.0, Sum: 0.0]
      [GC Worker Other (ms): Min: 0.0, Avg: 0.0, Max: 0.1, Diff: 0.0, Sum: 0.1]
      [GC Worker Total (ms): Min: 6.0, Avg: 6.0, Max: 6.0, Diff: 0.0, Sum: 12.0]
      [GC Worker End (ms): Min: 9010447.0, Avg: 9010447.0, Max: 9010447.0, Diff: 0.0]
   [Code Root Fixup: 0.2 ms]
   [Code Root Migration: 0.1 ms]
   [Clear CT: 0.8 ms]
   [Other: 1.7 ms]
      [Choose CSet: 0.0 ms]
      [Ref Proc: 0.1 ms]
      [Ref Enq: 0.0 ms]
      [Free CSet: 1.5 ms]
   [Eden: 3376.0M(3376.0M)->0.0B(3376.0M) Survivors: 2048.0K->2048.0K Heap: 4817.2M(5632.0M)->1441.5M(5632.0M)]
 [Times: user=0.01 sys=0.00, real=0.01 secs] 
2014-06-25T02:41:08.001+0000: 9010.450: Total time for which application threads were stopped: 0.0099568 seconds
2014-06-25T02:41:14.213+0000: 9016.662: [GC pause (G1 Evacuation Pause) (young)
Desired survivor size 222298112 bytes, new threshold 15 (max 15)
- age   1:      63392 bytes,      63392 total
- age   2:      54840 bytes,     118232 total
- age   3:      27016 bytes,     145248 total
- age   4:      12232 bytes,     157480 total
- age   5:      39216 bytes,     196696 total
- age   6:      23064 bytes,     219760 total
- age   7:      20320 bytes,     240080 total
- age   8:      22448 bytes,     262528 total
- age   9:      22448 bytes,     284976 total
- age  10:      31600 bytes,     316576 total
- age  11:      22208 bytes,     338784 total
- age  12:      20176 bytes,     358960 total
- age  13:      20320 bytes,     379280 total
- age  14:      14312 bytes,     393592 total
- age  15:      33272 bytes,     426864 total
, 0.0091242 secs]
   [Parallel Time: 6.2 ms, GC Workers: 2]
      [GC Worker Start (ms): Min: 9016661.8, Avg: 9016661.8, Max: 9016661.8, Diff: 0.0]
      [Ext Root Scanning (ms): Min: 1.1, Avg: 1.3, Max: 1.4, Diff: 0.3, Sum: 2.5]
      [Update RS (ms): Min: 0.6, Avg: 0.7, Max: 0.7, Diff: 0.1, Sum: 1.3]
         [Processed Buffers: Min: 12, Avg: 14.0, Max: 16, Diff: 4, Sum: 28]
      [Scan RS (ms): Min: 2.1, Avg: 2.1, Max: 2.2, Diff: 0.0, Sum: 4.3]
      [Code Root Scanning (ms): Min: 0.8, Avg: 0.8, Max: 0.8, Diff: 0.0, Sum: 1.7]
      [Object Copy (ms): Min: 1.1, Avg: 1.2, Max: 1.2, Diff: 0.1, Sum: 2.3]
      [Termination (ms): Min: 0.0, Avg: 0.0, Max: 0.0, Diff: 0.0, Sum: 0.0]
      [GC Worker Other (ms): Min: 0.0, Avg: 0.1, Max: 0.1, Diff: 0.0, Sum: 0.1]
      [GC Worker Total (ms): Min: 6.1, Avg: 6.1, Max: 6.1, Diff: 0.0, Sum: 12.3]
      [GC Worker End (ms): Min: 9016667.9, Avg: 9016667.9, Max: 9016667.9, Diff: 0.0]
   [Code Root Fixup: 0.2 ms]
   [Code Root Migration: 0.1 ms]
   [Clear CT: 0.8 ms]
   [Other: 1.9 ms]
      [Choose CSet: 0.0 ms]
      [Ref Proc: 0.1 ms]
      [Ref Enq: 0.0 ms]
      [Free CSet: 1.6 ms]
   [Eden: 3376.0M(3376.0M)->0.0B(3376.0M) Survivors: 2048.0K->2048.0K Heap: 4817.5M(5632.0M)->1441.3M(5632.0M)]
 [Times: user=0.02 sys=0.00, real=0.01 secs] 
2014-06-25T02:41:14.222+0000: 9016.671: Total time for which application threads were stopped: 0.0097317 seconds
2014-06-25T02:41:16.312+0000: 9018.761: Total time for which application threads were stopped: 0.0029233 seconds
2014-06-25T02:41:20.398+0000: 9022.847: [GC pause (G1 Evacuation Pause) (young)
Desired survivor size 222298112 bytes, new threshold 15 (max 15)
- age   1:      61696 bytes,      61696 total
- age   2:      33496 bytes,      95192 total
- age   3:      54656 bytes,     149848 total
- age   4:      26936 bytes,     176784 total
- age   5:      12232 bytes,     189016 total
- age   6:      38944 bytes,     227960 total
- age   7:      23040 bytes,     251000 total
- age   8:      20320 bytes,     271320 total
- age   9:      22448 bytes,     293768 total
- age  10:      22448 bytes,     316216 total
- age  11:      31600 bytes,     347816 total
- age  12:      22208 bytes,     370024 total
- age  13:      20176 bytes,     390200 total
- age  14:      20320 bytes,     410520 total
- age  15:      14312 bytes,     424832 total
, 0.0089822 secs]
   [Parallel Time: 6.2 ms, GC Workers: 2]
      [GC Worker Start (ms): Min: 9022847.3, Avg: 9022847.3, Max: 9022847.4, Diff: 0.0]
      [Ext Root Scanning (ms): Min: 1.1, Avg: 1.3, Max: 1.4, Diff: 0.3, Sum: 2.5]
      [Update RS (ms): Min: 0.6, Avg: 0.7, Max: 0.7, Diff: 0.1, Sum: 1.4]
         [Processed Buffers: Min: 7, Avg: 14.0, Max: 21, Diff: 14, Sum: 28]
      [Scan RS (ms): Min: 2.1, Avg: 2.1, Max: 2.2, Diff: 0.1, Sum: 4.3]
      [Code Root Scanning (ms): Min: 0.8, Avg: 0.8, Max: 0.8, Diff: 0.0, Sum: 1.7]
      [Object Copy (ms): Min: 1.1, Avg: 1.2, Max: 1.2, Diff: 0.1, Sum: 2.3]
      [Termination (ms): Min: 0.0, Avg: 0.0, Max: 0.0, Diff: 0.0, Sum: 0.0]
      [GC Worker Other (ms): Min: 0.1, Avg: 0.1, Max: 0.1, Diff: 0.0, Sum: 0.1]
      [GC Worker Total (ms): Min: 6.1, Avg: 6.1, Max: 6.1, Diff: 0.0, Sum: 12.3]
      [GC Worker End (ms): Min: 9022853.5, Avg: 9022853.5, Max: 9022853.5, Diff: 0.0]
   [Code Root Fixup: 0.2 ms]
   [Code Root Migration: 0.1 ms]
   [Clear CT: 0.8 ms]
   [Other: 1.7 ms]
      [Choose CSet: 0.0 ms]
      [Ref Proc: 0.1 ms]
      [Ref Enq: 0.0 ms]
      [Free CSet: 1.5 ms]
   [Eden: 3376.0M(3376.0M)->0.0B(3376.0M) Survivors: 2048.0K->2048.0K Heap: 4817.3M(5632.0M)->1441.8M(5632.0M)]
 [Times: user=0.01 sys=0.01, real=0.01 secs] 
2014-06-25T02:41:20.407+0000: 9022.856: Total time for which application threads were stopped: 0.0095208 seconds
2014-06-25T02:41:26.708+0000: 9029.157: [GC pause (G1 Evacuation Pause) (young)
Desired survivor size 222298112 bytes, new threshold 15 (max 15)
- age   1:      53920 bytes,      53920 total
- age   2:      31760 bytes,      85680 total
- age   3:      33432 bytes,     119112 total
- age   4:      19768 bytes,     138880 total
- age   5:      26936 bytes,     165816 total
- age   6:      12232 bytes,     178048 total
- age   7:      38944 bytes,     216992 total
- age   8:      23040 bytes,     240032 total
- age   9:      20320 bytes,     260352 total
- age  10:      22448 bytes,     282800 total
- age  11:      22448 bytes,     305248 total
- age  12:      31600 bytes,     336848 total
- age  13:      22208 bytes,     359056 total
- age  14:      20040 bytes,     379096 total
- age  15:      20320 bytes,     399416 total
, 0.0089873 secs]
   [Parallel Time: 6.2 ms, GC Workers: 2]
      [GC Worker Start (ms): Min: 9029156.9, Avg: 9029156.9, Max: 9029156.9, Diff: 0.0]
      [Ext Root Scanning (ms): Min: 1.1, Avg: 1.3, Max: 1.4, Diff: 0.3, Sum: 2.5]
      [Update RS (ms): Min: 0.6, Avg: 0.6, Max: 0.7, Diff: 0.1, Sum: 1.3]
         [Processed Buffers: Min: 1, Avg: 14.0, Max: 27, Diff: 26, Sum: 28]
      [Scan RS (ms): Min: 2.2, Avg: 2.2, Max: 2.2, Diff: 0.0, Sum: 4.3]
      [Code Root Scanning (ms): Min: 0.8, Avg: 0.8, Max: 0.8, Diff: 0.0, Sum: 1.7]
      [Object Copy (ms): Min: 1.1, Avg: 1.2, Max: 1.3, Diff: 0.2, Sum: 2.3]
      [Termination (ms): Min: 0.0, Avg: 0.0, Max: 0.0, Diff: 0.0, Sum: 0.0]
      [GC Worker Other (ms): Min: 0.0, Avg: 0.0, Max: 0.1, Diff: 0.0, Sum: 0.1]
      [GC Worker Total (ms): Min: 6.1, Avg: 6.1, Max: 6.1, Diff: 0.0, Sum: 12.2]
      [GC Worker End (ms): Min: 9029163.0, Avg: 9029163.0, Max: 9029163.0, Diff: 0.0]
   [Code Root Fixup: 0.2 ms]
   [Code Root Migration: 0.1 ms]
   [Clear CT: 0.8 ms]
   [Other: 1.8 ms]
      [Choose CSet: 0.0 ms]
      [Ref Proc: 0.1 ms]
      [Ref Enq: 0.0 ms]
      [Free CSet: 1.6 ms]
   [Eden: 3376.0M(3376.0M)->0.0B(3376.0M) Survivors: 2048.0K->2048.0K Heap: 4817.8M(5632.0M)->1441.4M(5632.0M)]
 [Times: user=0.02 sys=0.01, real=0.01 secs] 
2014-06-25T02:41:26.717+0000: 9029.166: Total time for which application threads were stopped: 0.0096109 seconds
2014-06-25T02:41:32.867+0000: 9035.316: [GC pause (G1 Evacuation Pause) (young)
Desired survivor size 222298112 bytes, new threshold 15 (max 15)
- age   1:      47720 bytes,      47720 total
- age   2:      26672 bytes,      74392 total
- age   3:      31568 bytes,     105960 total
- age   4:      33408 bytes,     139368 total
- age   5:      19728 bytes,     159096 total
- age   6:      26936 bytes,     186032 total
- age   7:      12208 bytes,     198240 total
- age   8:      38944 bytes,     237184 total
- age   9:      23040 bytes,     260224 total
- age  10:      20320 bytes,     280544 total
- age  11:      22448 bytes,     302992 total
- age  12:      22448 bytes,     325440 total
- age  13:      31600 bytes,     357040 total
- age  14:      22208 bytes,     379248 total
- age  15:      20040 bytes,     399288 total
, 0.0090044 secs]
   [Parallel Time: 6.2 ms, GC Workers: 2]
      [GC Worker Start (ms): Min: 9035316.0, Avg: 9035316.0, Max: 9035316.0, Diff: 0.0]
      [Ext Root Scanning (ms): Min: 1.1, Avg: 1.3, Max: 1.4, Diff: 0.3, Sum: 2.6]
      [Update RS (ms): Min: 0.6, Avg: 0.7, Max: 0.7, Diff: 0.1, Sum: 1.3]
         [Processed Buffers: Min: 1, Avg: 13.5, Max: 26, Diff: 25, Sum: 27]
      [Scan RS (ms): Min: 2.2, Avg: 2.2, Max: 2.2, Diff: 0.0, Sum: 4.4]
      [Code Root Scanning (ms): Min: 0.8, Avg: 0.8, Max: 0.8, Diff: 0.0, Sum: 1.7]
      [Object Copy (ms): Min: 1.0, Avg: 1.1, Max: 1.2, Diff: 0.2, Sum: 2.3]
      [Termination (ms): Min: 0.0, Avg: 0.0, Max: 0.0, Diff: 0.0, Sum: 0.0]
      [GC Worker Other (ms): Min: 0.0, Avg: 0.0, Max: 0.1, Diff: 0.0, Sum: 0.1]
      [GC Worker Total (ms): Min: 6.1, Avg: 6.1, Max: 6.2, Diff: 0.0, Sum: 12.3]
      [GC Worker End (ms): Min: 9035322.1, Avg: 9035322.2, Max: 9035322.2, Diff: 0.0]
   [Code Root Fixup: 0.2 ms]
   [Code Root Migration: 0.1 ms]
   [Clear CT: 0.8 ms]
   [Other: 1.8 ms]
      [Choose CSet: 0.0 ms]
      [Ref Proc: 0.1 ms]
      [Ref Enq: 0.0 ms]
      [Free CSet: 1.6 ms]
   [Eden: 3376.0M(3376.0M)->0.0B(3376.0M) Survivors: 2048.0K->2048.0K Heap: 4817.4M(5632.0M)->1441.6M(5632.0M)]
 [Times: user=0.01 sys=0.01, real=0.01 secs] 
2014-06-25T02:41:32.876+0000: 9035.325: Total time for which application threads were stopped: 0.0095822 seconds
2014-06-25T02:41:39.031+0000: 9041.481: [GC pause (G1 Evacuation Pause) (young)
Desired survivor size 222298112 bytes, new threshold 15 (max 15)
- age   1:      42576 bytes,      42576 total
- age   2:      22912 bytes,      65488 total
- age   3:      26456 bytes,      91944 total
- age   4:      31512 bytes,     123456 total
- age   5:      33408 bytes,     156864 total
- age   6:      19608 bytes,     176472 total
- age   7:      26936 bytes,     203408 total
- age   8:      12208 bytes,     215616 total
- age   9:      38944 bytes,     254560 total
- age  10:      23040 bytes,     277600 total
- age  11:      20320 bytes,     297920 total
- age  12:      22448 bytes,     320368 total
- age  13:      22448 bytes,     342816 total
- age  14:      31600 bytes,     374416 total
- age  15:      22208 bytes,     396624 total
, 0.0089659 secs]
   [Parallel Time: 6.1 ms, GC Workers: 2]
      [GC Worker Start (ms): Min: 9041480.7, Avg: 9041480.7, Max: 9041480.7, Diff: 0.0]
      [Ext Root Scanning (ms): Min: 1.1, Avg: 1.3, Max: 1.4, Diff: 0.3, Sum: 2.5]
      [Update RS (ms): Min: 0.6, Avg: 0.6, Max: 0.7, Diff: 0.1, Sum: 1.3]
         [Processed Buffers: Min: 1, Avg: 12.0, Max: 23, Diff: 22, Sum: 24]
      [Scan RS (ms): Min: 2.1, Avg: 2.1, Max: 2.2, Diff: 0.0, Sum: 4.3]
      [Code Root Scanning (ms): Min: 0.8, Avg: 0.8, Max: 0.8, Diff: 0.0, Sum: 1.7]
      [Object Copy (ms): Min: 1.0, Avg: 1.1, Max: 1.3, Diff: 0.2, Sum: 2.3]
      [Termination (ms): Min: 0.0, Avg: 0.0, Max: 0.0, Diff: 0.0, Sum: 0.0]
      [GC Worker Other (ms): Min: 0.0, Avg: 0.0, Max: 0.1, Diff: 0.0, Sum: 0.1]
      [GC Worker Total (ms): Min: 6.1, Avg: 6.1, Max: 6.1, Diff: 0.0, Sum: 12.1]
      [GC Worker End (ms): Min: 9041486.7, Avg: 9041486.7, Max: 9041486.7, Diff: 0.0]
   [Code Root Fixup: 0.2 ms]
   [Code Root Migration: 0.1 ms]
   [Clear CT: 0.8 ms]
   [Other: 1.8 ms]
      [Choose CSet: 0.0 ms]
      [Ref Proc: 0.1 ms]
      [Ref Enq: 0.0 ms]
      [Free CSet: 1.6 ms]
   [Eden: 3376.0M(3376.0M)->0.0B(3376.0M) Survivors: 2048.0K->2048.0K Heap: 4817.6M(5632.0M)->1441.4M(5632.0M)]
 [Times: user=0.01 sys=0.00, real=0.01 secs] 
2014-06-25T02:41:39.041+0000: 9041.490: Total time for which application threads were stopped: 0.0096433 seconds
2014-06-25T02:41:44.840+0000: 9047.289: Total time for which application threads were stopped: 0.0010020 seconds
2014-06-25T02:41:45.219+0000: 9047.669: [GC pause (G1 Evacuation Pause) (young)
Desired survivor size 222298112 bytes, new threshold 15 (max 15)
- age   1:      50152 bytes,      50152 total
- age   2:      13064 bytes,      63216 total
- age   3:      22688 bytes,      85904 total
- age   4:      26456 bytes,     112360 total
- age   5:      31488 bytes,     143848 total
- age   6:      33408 bytes,     177256 total
- age   7:      19608 bytes,     196864 total
- age   8:      26912 bytes,     223776 total
- age   9:      12208 bytes,     235984 total
- age  10:      38944 bytes,     274928 total
- age  11:      23040 bytes,     297968 total
- age  12:      20320 bytes,     318288 total
- age  13:      22448 bytes,     340736 total
- age  14:      22448 bytes,     363184 total
- age  15:      31600 bytes,     394784 total
, 0.0090858 secs]
   [Parallel Time: 6.2 ms, GC Workers: 2]
      [GC Worker Start (ms): Min: 9047668.7, Avg: 9047668.7, Max: 9047668.7, Diff: 0.0]
      [Ext Root Scanning (ms): Min: 1.1, Avg: 1.3, Max: 1.4, Diff: 0.3, Sum: 2.5]
      [Update RS (ms): Min: 0.6, Avg: 0.7, Max: 0.7, Diff: 0.1, Sum: 1.4]
         [Processed Buffers: Min: 9, Avg: 16.0, Max: 23, Diff: 14, Sum: 32]
      [Scan RS (ms): Min: 2.1, Avg: 2.1, Max: 2.1, Diff: 0.1, Sum: 4.2]
      [Code Root Scanning (ms): Min: 0.8, Avg: 0.8, Max: 0.8, Diff: 0.0, Sum: 1.7]
      [Object Copy (ms): Min: 1.1, Avg: 1.2, Max: 1.2, Diff: 0.1, Sum: 2.4]
      [Termination (ms): Min: 0.0, Avg: 0.0, Max: 0.0, Diff: 0.0, Sum: 0.0]
      [GC Worker Other (ms): Min: 0.0, Avg: 0.0, Max: 0.1, Diff: 0.0, Sum: 0.1]
      [GC Worker Total (ms): Min: 6.1, Avg: 6.1, Max: 6.1, Diff: 0.0, Sum: 12.2]
      [GC Worker End (ms): Min: 9047674.8, Avg: 9047674.8, Max: 9047674.8, Diff: 0.0]
   [Code Root Fixup: 0.2 ms]
   [Code Root Migration: 0.1 ms]
   [Clear CT: 0.8 ms]
   [Other: 1.8 ms]
      [Choose CSet: 0.0 ms]
      [Ref Proc: 0.1 ms]
      [Ref Enq: 0.0 ms]
      [Free CSet: 1.6 ms]
   [Eden: 3376.0M(3376.0M)->0.0B(3376.0M) Survivors: 2048.0K->2048.0K Heap: 4817.4M(5632.0M)->1441.7M(5632.0M)]
 [Times: user=0.02 sys=0.00, real=0.01 secs] 
2014-06-25T02:41:45.229+0000: 9047.678: Total time for which application threads were stopped: 0.0096859 seconds
2014-06-25T02:41:46.580+0000: 9049.029: Total time for which application threads were stopped: 0.0033162 seconds
2014-06-25T02:41:51.420+0000: 9053.869: [GC pause (G1 Evacuation Pause) (young)
Desired survivor size 222298112 bytes, new threshold 15 (max 15)
- age   1:     105136 bytes,     105136 total
- age   2:      18296 bytes,     123432 total
- age   3:      12944 bytes,     136376 total
- age   4:      22664 bytes,     159040 total
- age   5:      26400 bytes,     185440 total
- age   6:      31216 bytes,     216656 total
- age   7:      33384 bytes,     250040 total
- age   8:      19608 bytes,     269648 total
- age   9:      26912 bytes,     296560 total
- age  10:      11792 bytes,     308352 total
- age  11:      25024 bytes,     333376 total
- age  12:      23040 bytes,     356416 total
- age  13:      20320 bytes,     376736 total
- age  14:      22448 bytes,     399184 total
- age  15:      22448 bytes,     421632 total
, 0.0093447 secs]
   [Parallel Time: 6.4 ms, GC Workers: 2]
      [GC Worker Start (ms): Min: 9053868.9, Avg: 9053868.9, Max: 9053868.9, Diff: 0.0]
      [Ext Root Scanning (ms): Min: 1.1, Avg: 1.2, Max: 1.4, Diff: 0.2, Sum: 2.5]
      [Update RS (ms): Min: 0.8, Avg: 0.8, Max: 0.8, Diff: 0.0, Sum: 1.6]
         [Processed Buffers: Min: 4, Avg: 16.0, Max: 28, Diff: 24, Sum: 32]
      [Scan RS (ms): Min: 2.1, Avg: 2.1, Max: 2.1, Diff: 0.0, Sum: 4.3]
      [Code Root Scanning (ms): Min: 0.8, Avg: 0.8, Max: 0.8, Diff: 0.0, Sum: 1.7]
      [Object Copy (ms): Min: 1.2, Avg: 1.3, Max: 1.4, Diff: 0.1, Sum: 2.6]
      [Termination (ms): Min: 0.0, Avg: 0.0, Max: 0.0, Diff: 0.0, Sum: 0.0]
      [GC Worker Other (ms): Min: 0.0, Avg: 0.0, Max: 0.1, Diff: 0.0, Sum: 0.1]
      [GC Worker Total (ms): Min: 6.3, Avg: 6.3, Max: 6.4, Diff: 0.0, Sum: 12.7]
      [GC Worker End (ms): Min: 9053875.3, Avg: 9053875.3, Max: 9053875.3, Diff: 0.0]
   [Code Root Fixup: 0.2 ms]
   [Code Root Migration: 0.1 ms]
   [Clear CT: 0.8 ms]
   [Other: 1.8 ms]
      [Choose CSet: 0.0 ms]
      [Ref Proc: 0.1 ms]
      [Ref Enq: 0.0 ms]
      [Free CSet: 1.6 ms]
   [Eden: 3376.0M(3376.0M)->0.0B(3376.0M) Survivors: 2048.0K->2048.0K Heap: 4817.7M(5632.0M)->1441.5M(5632.0M)]
 [Times: user=0.01 sys=0.00, real=0.01 secs] 
2014-06-25T02:41:51.429+0000: 9053.878: Total time for which application threads were stopped: 0.0123678 seconds
2014-06-25T02:41:57.604+0000: 9060.053: [GC pause (G1 Evacuation Pause) (young)
Desired survivor size 222298112 bytes, new threshold 15 (max 15)
- age   1:     136776 bytes,     136776 total
- age   2:      63256 bytes,     200032 total
- age   3:      18200 bytes,     218232 total
- age   4:      12888 bytes,     231120 total
- age   5:      22664 bytes,     253784 total
- age   6:      26400 bytes,     280184 total
- age   7:      31216 bytes,     311400 total
- age   8:      33384 bytes,     344784 total
- age   9:      19608 bytes,     364392 total
- age  10:      26912 bytes,     391304 total
- age  11:      11792 bytes,     403096 total
- age  12:      25000 bytes,     428096 total
- age  13:      22928 bytes,     451024 total
- age  14:      20320 bytes,     471344 total
- age  15:      22448 bytes,     493792 total
, 0.0092967 secs]
   [Parallel Time: 6.4 ms, GC Workers: 2]
      [GC Worker Start (ms): Min: 9060052.8, Avg: 9060052.8, Max: 9060052.9, Diff: 0.0]
      [Ext Root Scanning (ms): Min: 1.1, Avg: 1.3, Max: 1.4, Diff: 0.3, Sum: 2.5]
      [Update RS (ms): Min: 0.7, Avg: 0.8, Max: 0.8, Diff: 0.1, Sum: 1.6]
         [Processed Buffers: Min: 5, Avg: 15.5, Max: 26, Diff: 21, Sum: 31]
      [Scan RS (ms): Min: 2.1, Avg: 2.1, Max: 2.2, Diff: 0.0, Sum: 4.3]
      [Code Root Scanning (ms): Min: 0.8, Avg: 0.8, Max: 0.8, Diff: 0.0, Sum: 1.7]
      [Object Copy (ms): Min: 1.2, Avg: 1.3, Max: 1.4, Diff: 0.2, Sum: 2.6]
      [Termination (ms): Min: 0.0, Avg: 0.0, Max: 0.0, Diff: 0.0, Sum: 0.0]
      [GC Worker Other (ms): Min: 0.0, Avg: 0.0, Max: 0.1, Diff: 0.0, Sum: 0.1]
      [GC Worker Total (ms): Min: 6.4, Avg: 6.4, Max: 6.4, Diff: 0.0, Sum: 12.8]
      [GC Worker End (ms): Min: 9060059.2, Avg: 9060059.2, Max: 9060059.2, Diff: 0.0]
   [Code Root Fixup: 0.2 ms]
   [Code Root Migration: 0.1 ms]
   [Clear CT: 0.8 ms]
   [Other: 1.8 ms]
      [Choose CSet: 0.0 ms]
      [Ref Proc: 0.1 ms]
      [Ref Enq: 0.0 ms]
      [Free CSet: 1.6 ms]
   [Eden: 3376.0M(3376.0M)->0.0B(3376.0M) Survivors: 2048.0K->2048.0K Heap: 4817.5M(5632.0M)->1441.9M(5632.0M)]
 [Times: user=0.01 sys=0.00, real=0.01 secs] 
2014-06-25T02:41:57.613+0000: 9060.062: Total time for which application threads were stopped: 0.0138944 seconds
2014-06-25T02:42:02.974+0000: 9065.423: [GC pause (G1 Evacuation Pause) (young)
Desired survivor size 222298112 bytes, new threshold 15 (max 15)
- age   1:      83288 bytes,      83288 total
- age   2:      90208 bytes,     173496 total
- age   3:      62560 bytes,     236056 total
- age   4:      18176 bytes,     254232 total
- age   5:      12888 bytes,     267120 total
- age   6:      22664 bytes,     289784 total
- age   7:      26400 bytes,     316184 total
- age   8:      31192 bytes,     347376 total
- age   9:      33384 bytes,     380760 total
- age  10:      19608 bytes,     400368 total
- age  11:      26912 bytes,     427280 total
- age  12:      11792 bytes,     439072 total
- age  13:      24976 bytes,     464048 total
- age  14:      22928 bytes,     486976 total
- age  15:      20320 bytes,     507296 total
, 0.0238026 secs]
   [Parallel Time: 20.1 ms, GC Workers: 2]
      [GC Worker Start (ms): Min: 9065423.1, Avg: 9065423.1, Max: 9065423.1, Diff: 0.0]
      [Ext Root Scanning (ms): Min: 1.2, Avg: 1.3, Max: 1.4, Diff: 0.3, Sum: 2.6]
      [Update RS (ms): Min: 1.5, Avg: 1.5, Max: 1.6, Diff: 0.1, Sum: 3.0]
         [Processed Buffers: Min: 2, Avg: 17.0, Max: 32, Diff: 30, Sum: 34]
      [Scan RS (ms): Min: 2.1, Avg: 2.2, Max: 2.2, Diff: 0.1, Sum: 4.3]
      [Code Root Scanning (ms): Min: 0.8, Avg: 0.9, Max: 0.9, Diff: 0.0, Sum: 1.7]
      [Object Copy (ms): Min: 14.0, Avg: 14.1, Max: 14.2, Diff: 0.2, Sum: 28.2]
      [Termination (ms): Min: 0.0, Avg: 0.0, Max: 0.0, Diff: 0.0, Sum: 0.0]
      [GC Worker Other (ms): Min: 0.0, Avg: 0.0, Max: 0.0, Diff: 0.0, Sum: 0.1]
      [GC Worker Total (ms): Min: 20.0, Avg: 20.0, Max: 20.0, Diff: 0.0, Sum: 40.0]
      [GC Worker End (ms): Min: 9065443.1, Avg: 9065443.1, Max: 9065443.1, Diff: 0.0]
   [Code Root Fixup: 0.2 ms]
   [Code Root Migration: 0.2 ms]
   [Clear CT: 0.8 ms]
   [Other: 2.5 ms]
      [Choose CSet: 0.0 ms]
      [Ref Proc: 0.4 ms]
      [Ref Enq: 0.0 ms]
      [Free CSet: 1.8 ms]
   [Eden: 3376.0M(3376.0M)->0.0B(3372.0M) Survivors: 2048.0K->6144.0K Heap: 4817.9M(5632.0M)->1446.2M(5632.0M)]
 [Times: user=0.04 sys=0.01, real=0.02 secs] 
2014-06-25T02:42:02.998+0000: 9065.447: Total time for which application threads were stopped: 0.0244733 seconds
2014-06-25T02:42:06.340+0000: 9068.789: Total time for which application threads were stopped: 0.0044143 seconds
2014-06-25T02:42:07.566+0000: 9070.015: Total time for which application threads were stopped: 0.0005121 seconds
2014-06-25T02:42:08.031+0000: 9070.481: [GC pause (G1 Evacuation Pause) (young)
Desired survivor size 222298112 bytes, new threshold 15 (max 15)
- age   1:    4764552 bytes,    4764552 total
- age   2:      38760 bytes,    4803312 total
- age   3:      87704 bytes,    4891016 total
- age   4:      62504 bytes,    4953520 total
- age   5:      18176 bytes,    4971696 total
- age   6:      12768 bytes,    4984464 total
- age   7:      22664 bytes,    5007128 total
- age   8:      26400 bytes,    5033528 total
- age   9:      31192 bytes,    5064720 total
- age  10:      33384 bytes,    5098104 total
- age  11:      19608 bytes,    5117712 total
- age  12:      26912 bytes,    5144624 total
- age  13:      11792 bytes,    5156416 total
- age  14:      24976 bytes,    5181392 total
- age  15:      22104 bytes,    5203496 total
, 0.0225628 secs]
   [Parallel Time: 19.2 ms, GC Workers: 2]
      [GC Worker Start (ms): Min: 9070480.7, Avg: 9070480.7, Max: 9070480.7, Diff: 0.0]
      [Ext Root Scanning (ms): Min: 1.2, Avg: 1.3, Max: 1.5, Diff: 0.3, Sum: 2.6]
      [Update RS (ms): Min: 1.1, Avg: 1.1, Max: 1.2, Diff: 0.1, Sum: 2.2]
         [Processed Buffers: Min: 17, Avg: 17.0, Max: 17, Diff: 0, Sum: 34]
      [Scan RS (ms): Min: 2.1, Avg: 2.2, Max: 2.2, Diff: 0.0, Sum: 4.3]
      [Code Root Scanning (ms): Min: 0.8, Avg: 0.8, Max: 0.8, Diff: 0.0, Sum: 1.7]
      [Object Copy (ms): Min: 13.6, Avg: 13.6, Max: 13.7, Diff: 0.1, Sum: 27.3]
      [Termination (ms): Min: 0.0, Avg: 0.0, Max: 0.0, Diff: 0.0, Sum: 0.0]
      [GC Worker Other (ms): Min: 0.0, Avg: 0.1, Max: 0.1, Diff: 0.0, Sum: 0.1]
      [GC Worker Total (ms): Min: 19.1, Avg: 19.1, Max: 19.1, Diff: 0.0, Sum: 38.2]
      [GC Worker End (ms): Min: 9070499.8, Avg: 9070499.9, Max: 9070499.9, Diff: 0.0]
   [Code Root Fixup: 0.2 ms]
   [Code Root Migration: 0.2 ms]
   [Clear CT: 0.9 ms]
   [Other: 2.1 ms]
      [Choose CSet: 0.0 ms]
      [Ref Proc: 0.1 ms]
      [Ref Enq: 0.0 ms]
      [Free CSet: 1.8 ms]
   [Eden: 3372.0M(3372.0M)->0.0B(3372.0M) Survivors: 6144.0K->6144.0K Heap: 4818.2M(5632.0M)->1447.1M(5632.0M)]
 [Times: user=0.03 sys=0.00, real=0.02 secs] 
2014-06-25T02:42:08.056+0000: 9070.505: Total time for which application threads were stopped: 0.0286446 seconds
2014-06-25T02:42:10.060+0000: 9072.509: Total time for which application threads were stopped: 0.0031625 seconds
2014-06-25T02:42:14.280+0000: 9076.729: [GC pause (G1 Evacuation Pause) (young)
Desired survivor size 222298112 bytes, new threshold 15 (max 15)
- age   1:    4262392 bytes,    4262392 total
- age   2:     296928 bytes,    4559320 total
- age   3:      36024 bytes,    4595344 total
- age   4:      86672 bytes,    4682016 total
- age   5:      62424 bytes,    4744440 total
- age   6:      18176 bytes,    4762616 total
- age   7:      12768 bytes,    4775384 total
- age   8:      22640 bytes,    4798024 total
- age   9:      26400 bytes,    4824424 total
- age  10:      31192 bytes,    4855616 total
- age  11:      33384 bytes,    4889000 total
- age  12:      19608 bytes,    4908608 total
- age  13:      26912 bytes,    4935520 total
- age  14:      11752 bytes,    4947272 total
- age  15:      24920 bytes,    4972192 total
, 0.0096050 secs]
   [Parallel Time: 6.7 ms, GC Workers: 2]
      [GC Worker Start (ms): Min: 9076728.9, Avg: 9076728.9, Max: 9076729.0, Diff: 0.0]
      [Ext Root Scanning (ms): Min: 1.1, Avg: 1.3, Max: 1.4, Diff: 0.2, Sum: 2.5]
      [Update RS (ms): Min: 0.8, Avg: 0.9, Max: 0.9, Diff: 0.1, Sum: 1.7]
         [Processed Buffers: Min: 7, Avg: 15.0, Max: 23, Diff: 16, Sum: 30]
      [Scan RS (ms): Min: 2.1, Avg: 2.2, Max: 2.2, Diff: 0.0, Sum: 4.3]
      [Code Root Scanning (ms): Min: 0.8, Avg: 0.8, Max: 0.8, Diff: 0.0, Sum: 1.7]
      [Object Copy (ms): Min: 1.4, Avg: 1.4, Max: 1.5, Diff: 0.1, Sum: 2.9]
      [Termination (ms): Min: 0.0, Avg: 0.0, Max: 0.0, Diff: 0.0, Sum: 0.0]
      [GC Worker Other (ms): Min: 0.0, Avg: 0.0, Max: 0.1, Diff: 0.0, Sum: 0.1]
      [GC Worker Total (ms): Min: 6.6, Avg: 6.6, Max: 6.6, Diff: 0.0, Sum: 13.1]
      [GC Worker End (ms): Min: 9076735.5, Avg: 9076735.5, Max: 9076735.5, Diff: 0.0]
   [Code Root Fixup: 0.2 ms]
   [Code Root Migration: 0.1 ms]
   [Clear CT: 0.8 ms]
   [Other: 1.9 ms]
      [Choose CSet: 0.0 ms]
      [Ref Proc: 0.1 ms]
      [Ref Enq: 0.0 ms]
      [Free CSet: 1.6 ms]
   [Eden: 3372.0M(3372.0M)->0.0B(3376.0M) Survivors: 6144.0K->2048.0K Heap: 4819.1M(5632.0M)->1443.2M(5632.0M)]
 [Times: user=0.02 sys=0.00, real=0.00 secs] 
2014-06-25T02:42:14.289+0000: 9076.739: Total time for which application threads were stopped: 0.0127085 seconds
2014-06-25T02:42:20.449+0000: 9082.898: [GC pause (G1 Evacuation Pause) (young)
Desired survivor size 222298112 bytes, new threshold 15 (max 15)
- age   1:      57232 bytes,      57232 total
- age   2:     133712 bytes,     190944 total
- age   3:      43120 bytes,     234064 total
- age   4:      36000 bytes,     270064 total
- age   5:      86616 bytes,     356680 total
- age   6:      62152 bytes,     418832 total
- age   7:      18152 bytes,     436984 total
- age   8:      12768 bytes,     449752 total
- age   9:      22640 bytes,     472392 total
- age  10:      26400 bytes,     498792 total
- age  11:      31192 bytes,     529984 total
- age  12:      33384 bytes,     563368 total
- age  13:      19608 bytes,     582976 total
- age  14:      26912 bytes,     609888 total
- age  15:      11752 bytes,     621640 total
, 0.0094077 secs]
   [Parallel Time: 6.6 ms, GC Workers: 2]
      [GC Worker Start (ms): Min: 9082898.0, Avg: 9082898.0, Max: 9082898.0, Diff: 0.0]
      [Ext Root Scanning (ms): Min: 1.1, Avg: 1.3, Max: 1.4, Diff: 0.3, Sum: 2.5]
      [Update RS (ms): Min: 0.8, Avg: 0.8, Max: 0.9, Diff: 0.1, Sum: 1.7]
         [Processed Buffers: Min: 9, Avg: 13.5, Max: 18, Diff: 9, Sum: 27]
      [Scan RS (ms): Min: 2.1, Avg: 2.1, Max: 2.2, Diff: 0.1, Sum: 4.2]
      [Code Root Scanning (ms): Min: 0.8, Avg: 0.9, Max: 0.9, Diff: 0.1, Sum: 1.7]
      [Object Copy (ms): Min: 1.3, Avg: 1.4, Max: 1.4, Diff: 0.1, Sum: 2.7]
      [Termination (ms): Min: 0.0, Avg: 0.0, Max: 0.0, Diff: 0.0, Sum: 0.0]
      [GC Worker Other (ms): Min: 0.0, Avg: 0.0, Max: 0.1, Diff: 0.0, Sum: 0.1]
      [GC Worker Total (ms): Min: 6.5, Avg: 6.5, Max: 6.5, Diff: 0.0, Sum: 13.0]
      [GC Worker End (ms): Min: 9082904.5, Avg: 9082904.5, Max: 9082904.5, Diff: 0.0]
   [Code Root Fixup: 0.2 ms]
   [Code Root Migration: 0.1 ms]
   [Clear CT: 0.8 ms]
   [Other: 1.8 ms]
      [Choose CSet: 0.0 ms]
      [Ref Proc: 0.1 ms]
      [Ref Enq: 0.0 ms]
      [Free CSet: 1.5 ms]
   [Eden: 3376.0M(3376.0M)->0.0B(3376.0M) Survivors: 2048.0K->2048.0K Heap: 4819.2M(5632.0M)->1442.5M(5632.0M)]
 [Times: user=0.01 sys=0.01, real=0.01 secs] 
2014-06-25T02:42:20.458+0000: 9082.908: Total time for which application threads were stopped: 0.0100577 seconds
2014-06-25T02:42:26.772+0000: 9089.221: [GC pause (G1 Evacuation Pause) (young)
Desired survivor size 222298112 bytes, new threshold 15 (max 15)
- age   1:      33688 bytes,      33688 total
- age   2:      19720 bytes,      53408 total
- age   3:     133608 bytes,     187016 total
- age   4:      30848 bytes,     217864 total
- age   5:      36000 bytes,     253864 total
- age   6:      86616 bytes,     340480 total
- age   7:      62152 bytes,     402632 total
- age   8:      18152 bytes,     420784 total
- age   9:      12768 bytes,     433552 total
- age  10:      22640 bytes,     456192 total
- age  11:      26304 bytes,     482496 total
- age  12:      31192 bytes,     513688 total
- age  13:      33384 bytes,     547072 total
- age  14:      18688 bytes,     565760 total
- age  15:      26912 bytes,     592672 total
, 0.0095052 secs]
   [Parallel Time: 6.6 ms, GC Workers: 2]
      [GC Worker Start (ms): Min: 9089221.1, Avg: 9089221.1, Max: 9089221.1, Diff: 0.0]
      [Ext Root Scanning (ms): Min: 1.1, Avg: 1.3, Max: 1.4, Diff: 0.3, Sum: 2.6]
      [Update RS (ms): Min: 0.8, Avg: 0.9, Max: 0.9, Diff: 0.1, Sum: 1.7]
         [Processed Buffers: Min: 3, Avg: 14.5, Max: 26, Diff: 23, Sum: 29]
      [Scan RS (ms): Min: 2.1, Avg: 2.1, Max: 2.2, Diff: 0.0, Sum: 4.3]
      [Code Root Scanning (ms): Min: 0.8, Avg: 0.8, Max: 0.8, Diff: 0.0, Sum: 1.7]
      [Object Copy (ms): Min: 1.3, Avg: 1.4, Max: 1.5, Diff: 0.2, Sum: 2.8]
      [Termination (ms): Min: 0.0, Avg: 0.0, Max: 0.0, Diff: 0.0, Sum: 0.0]
      [GC Worker Other (ms): Min: 0.0, Avg: 0.0, Max: 0.1, Diff: 0.0, Sum: 0.1]
      [GC Worker Total (ms): Min: 6.5, Avg: 6.6, Max: 6.6, Diff: 0.0, Sum: 13.1]
      [GC Worker End (ms): Min: 9089227.6, Avg: 9089227.6, Max: 9089227.7, Diff: 0.0]
   [Code Root Fixup: 0.2 ms]
   [Code Root Migration: 0.1 ms]
   [Clear CT: 0.8 ms]
   [Other: 1.8 ms]
      [Choose CSet: 0.0 ms]
      [Ref Proc: 0.1 ms]
      [Ref Enq: 0.0 ms]
      [Free CSet: 1.6 ms]
   [Eden: 3376.0M(3376.0M)->0.0B(3376.0M) Survivors: 2048.0K->2048.0K Heap: 4818.5M(5632.0M)->1442.3M(5632.0M)]
 [Times: user=0.01 sys=0.00, real=0.01 secs] 
2014-06-25T02:42:26.782+0000: 9089.231: Total time for which application threads were stopped: 0.0101307 seconds
2014-06-25T02:42:32.948+0000: 9095.397: [GC pause (G1 Evacuation Pause) (young)
Desired survivor size 222298112 bytes, new threshold 15 (max 15)
- age   1:      78312 bytes,      78312 total
- age   2:       9376 bytes,      87688 total
- age   3:      19328 bytes,     107016 total
- age   4:     124288 bytes,     231304 total
- age   5:      30848 bytes,     262152 total
- age   6:      36000 bytes,     298152 total
- age   7:      86616 bytes,     384768 total
- age   8:      62128 bytes,     446896 total
- age   9:      18152 bytes,     465048 total
- age  10:      12768 bytes,     477816 total
- age  11:      22640 bytes,     500456 total
- age  12:      26304 bytes,     526760 total
- age  13:      31192 bytes,     557952 total
- age  14:      33248 bytes,     591200 total
- age  15:      18688 bytes,     609888 total
, 0.0095042 secs]
   [Parallel Time: 6.6 ms, GC Workers: 2]
      [GC Worker Start (ms): Min: 9095396.9, Avg: 9095396.9, Max: 9095396.9, Diff: 0.0]
      [Ext Root Scanning (ms): Min: 1.1, Avg: 1.3, Max: 1.4, Diff: 0.3, Sum: 2.6]
      [Update RS (ms): Min: 0.8, Avg: 0.8, Max: 0.9, Diff: 0.1, Sum: 1.7]
         [Processed Buffers: Min: 5, Avg: 14.0, Max: 23, Diff: 18, Sum: 28]
      [Scan RS (ms): Min: 2.1, Avg: 2.2, Max: 2.2, Diff: 0.0, Sum: 4.3]
      [Code Root Scanning (ms): Min: 0.8, Avg: 0.8, Max: 0.8, Diff: 0.0, Sum: 1.7]
      [Object Copy (ms): Min: 1.2, Avg: 1.4, Max: 1.5, Diff: 0.2, Sum: 2.7]
      [Termination (ms): Min: 0.0, Avg: 0.0, Max: 0.0, Diff: 0.0, Sum: 0.0]
      [GC Worker Other (ms): Min: 0.0, Avg: 0.1, Max: 0.1, Diff: 0.0, Sum: 0.1]
      [GC Worker Total (ms): Min: 6.5, Avg: 6.5, Max: 6.5, Diff: 0.0, Sum: 13.0]
      [GC Worker End (ms): Min: 9095403.4, Avg: 9095403.4, Max: 9095403.4, Diff: 0.0]
   [Code Root Fixup: 0.2 ms]
   [Code Root Migration: 0.1 ms]
   [Clear CT: 0.8 ms]
   [Other: 1.9 ms]
      [Choose CSet: 0.0 ms]
      [Ref Proc: 0.1 ms]
      [Ref Enq: 0.0 ms]
      [Free CSet: 1.7 ms]
   [Eden: 3376.0M(3376.0M)->0.0B(3376.0M) Survivors: 2048.0K->2048.0K Heap: 4818.3M(5632.0M)->1441.9M(5632.0M)]
 [Times: user=0.02 sys=0.00, real=0.01 secs] 
2014-06-25T02:42:32.957+0000: 9095.407: Total time for which application threads were stopped: 0.0139430 seconds
2014-06-25T02:42:39.136+0000: 9101.585: [GC pause (G1 Evacuation Pause) (young)
Desired survivor size 222298112 bytes, new threshold 15 (max 15)
- age   1:      40224 bytes,      40224 total
- age   2:      49328 bytes,      89552 total
- age   3:       9160 bytes,      98712 total
- age   4:      19272 bytes,     117984 total
- age   5:     124248 bytes,     242232 total
- age   6:      30728 bytes,     272960 total
- age   7:      36000 bytes,     308960 total
- age   8:      86616 bytes,     395576 total
- age   9:      62128 bytes,     457704 total
- age  10:      18152 bytes,     475856 total
- age  11:      12768 bytes,     488624 total
- age  12:      22640 bytes,     511264 total
- age  13:      26304 bytes,     537568 total
- age  14:      31192 bytes,     568760 total
- age  15:      33248 bytes,     602008 total
, 0.0092839 secs]
   [Parallel Time: 6.5 ms, GC Workers: 2]
      [GC Worker Start (ms): Min: 9101585.0, Avg: 9101585.0, Max: 9101585.0, Diff: 0.0]
      [Ext Root Scanning (ms): Min: 1.1, Avg: 1.3, Max: 1.4, Diff: 0.3, Sum: 2.5]
      [Update RS (ms): Min: 0.8, Avg: 0.8, Max: 0.9, Diff: 0.1, Sum: 1.6]
         [Processed Buffers: Min: 9, Avg: 12.5, Max: 16, Diff: 7, Sum: 25]
      [Scan RS (ms): Min: 2.1, Avg: 2.1, Max: 2.1, Diff: 0.0, Sum: 4.2]
      [Code Root Scanning (ms): Min: 0.8, Avg: 0.8, Max: 0.8, Diff: 0.0, Sum: 1.7]
      [Object Copy (ms): Min: 1.3, Avg: 1.4, Max: 1.5, Diff: 0.2, Sum: 2.7]
      [Termination (ms): Min: 0.0, Avg: 0.0, Max: 0.0, Diff: 0.0, Sum: 0.0]
      [GC Worker Other (ms): Min: 0.0, Avg: 0.0, Max: 0.1, Diff: 0.0, Sum: 0.1]
      [GC Worker Total (ms): Min: 6.4, Avg: 6.4, Max: 6.4, Diff: 0.0, Sum: 12.8]
      [GC Worker End (ms): Min: 9101591.4, Avg: 9101591.4, Max: 9101591.4, Diff: 0.0]
   [Code Root Fixup: 0.2 ms]
   [Code Root Migration: 0.1 ms]
   [Clear CT: 0.8 ms]
   [Other: 1.8 ms]
      [Choose CSet: 0.0 ms]
      [Ref Proc: 0.1 ms]
      [Ref Enq: 0.0 ms]
      [Free CSet: 1.5 ms]
   [Eden: 3376.0M(3376.0M)->0.0B(3376.0M) Survivors: 2048.0K->2048.0K Heap: 4817.9M(5632.0M)->1442.1M(5632.0M)]
 [Times: user=0.01 sys=0.00, real=0.01 secs] 
2014-06-25T02:42:39.145+0000: 9101.594: Total time for which application threads were stopped: 0.0107862 seconds
2014-06-25T02:42:45.295+0000: 9107.744: [GC pause (G1 Evacuation Pause) (young)
Desired survivor size 222298112 bytes, new threshold 15 (max 15)
- age   1:      42536 bytes,      42536 total
- age   2:      14872 bytes,      57408 total
- age   3:      49136 bytes,     106544 total
- age   4:       9160 bytes,     115704 total
- age   5:      19248 bytes,     134952 total
- age   6:     124248 bytes,     259200 total
- age   7:      30728 bytes,     289928 total
- age   8:      35976 bytes,     325904 total
- age   9:      86616 bytes,     412520 total
- age  10:      62128 bytes,     474648 total
- age  11:      18152 bytes,     492800 total
- age  12:      12768 bytes,     505568 total
- age  13:      22640 bytes,     528208 total
- age  14:      26304 bytes,     554512 total
- age  15:      31192 bytes,     585704 total
, 0.0093367 secs]
   [Parallel Time: 6.6 ms, GC Workers: 2]
      [GC Worker Start (ms): Min: 9107744.3, Avg: 9107744.3, Max: 9107744.3, Diff: 0.0]
      [Ext Root Scanning (ms): Min: 1.2, Avg: 1.3, Max: 1.4, Diff: 0.3, Sum: 2.6]
      [Update RS (ms): Min: 0.8, Avg: 0.9, Max: 0.9, Diff: 0.1, Sum: 1.7]
         [Processed Buffers: Min: 12, Avg: 15.5, Max: 19, Diff: 7, Sum: 31]
      [Scan RS (ms): Min: 2.1, Avg: 2.1, Max: 2.2, Diff: 0.1, Sum: 4.3]
      [Code Root Scanning (ms): Min: 0.8, Avg: 0.8, Max: 0.9, Diff: 0.0, Sum: 1.7]
      [Object Copy (ms): Min: 1.2, Avg: 1.3, Max: 1.4, Diff: 0.1, Sum: 2.6]
      [Termination (ms): Min: 0.0, Avg: 0.0, Max: 0.0, Diff: 0.0, Sum: 0.0]
      [GC Worker Other (ms): Min: 0.0, Avg: 0.1, Max: 0.1, Diff: 0.0, Sum: 0.1]
      [GC Worker Total (ms): Min: 6.5, Avg: 6.5, Max: 6.5, Diff: 0.0, Sum: 13.0]
      [GC Worker End (ms): Min: 9107750.7, Avg: 9107750.7, Max: 9107750.8, Diff: 0.0]
   [Code Root Fixup: 0.2 ms]
   [Code Root Migration: 0.1 ms]
   [Clear CT: 0.8 ms]
   [Other: 1.8 ms]
      [Choose CSet: 0.0 ms]
      [Ref Proc: 0.1 ms]
      [Ref Enq: 0.0 ms]
      [Free CSet: 1.5 ms]
   [Eden: 3376.0M(3376.0M)->0.0B(3376.0M) Survivors: 2048.0K->2048.0K Heap: 4818.1M(5632.0M)->1442.2M(5632.0M)]
 [Times: user=0.01 sys=0.01, real=0.01 secs] 
2014-06-25T02:42:45.305+0000: 9107.754: Total time for which application threads were stopped: 0.0099396 seconds
2014-06-25T02:42:45.307+0000: 9107.757: Total time for which application threads were stopped: 0.0026011 seconds
2014-06-25T02:42:45.320+0000: 9107.769: Total time for which application threads were stopped: 0.0051044 seconds
2014-06-25T02:42:51.494+0000: 9113.944: [GC pause (G1 Evacuation Pause) (young)
Desired survivor size 222298112 bytes, new threshold 15 (max 15)
- age   1:      70096 bytes,      70096 total
- age   2:      10072 bytes,      80168 total
- age   3:      14720 bytes,      94888 total
- age   4:      36664 bytes,     131552 total
- age   5:       9104 bytes,     140656 total
- age   6:      18944 bytes,     159600 total
- age   7:     118384 bytes,     277984 total
- age   8:      30152 bytes,     308136 total
- age   9:      35656 bytes,     343792 total
- age  10:      76072 bytes,     419864 total
- age  11:      48296 bytes,     468160 total
- age  12:      18152 bytes,     486312 total
- age  13:      12768 bytes,     499080 total
- age  14:      22640 bytes,     521720 total
- age  15:      26168 bytes,     547888 total
, 0.0095074 secs]
   [Parallel Time: 6.5 ms, GC Workers: 2]
      [GC Worker Start (ms): Min: 9113943.6, Avg: 9113943.6, Max: 9113943.6, Diff: 0.0]
      [Ext Root Scanning (ms): Min: 1.2, Avg: 1.3, Max: 1.4, Diff: 0.3, Sum: 2.6]
      [Update RS (ms): Min: 0.8, Avg: 0.9, Max: 0.9, Diff: 0.1, Sum: 1.8]
         [Processed Buffers: Min: 10, Avg: 15.0, Max: 20, Diff: 10, Sum: 30]
      [Scan RS (ms): Min: 2.1, Avg: 2.1, Max: 2.1, Diff: 0.0, Sum: 4.2]
      [Code Root Scanning (ms): Min: 0.8, Avg: 0.8, Max: 0.9, Diff: 0.0, Sum: 1.7]
      [Object Copy (ms): Min: 1.2, Avg: 1.3, Max: 1.4, Diff: 0.2, Sum: 2.5]
      [Termination (ms): Min: 0.0, Avg: 0.0, Max: 0.0, Diff: 0.0, Sum: 0.0]
      [GC Worker Other (ms): Min: 0.0, Avg: 0.0, Max: 0.1, Diff: 0.0, Sum: 0.1]
      [GC Worker Total (ms): Min: 6.4, Avg: 6.4, Max: 6.4, Diff: 0.0, Sum: 12.9]
      [GC Worker End (ms): Min: 9113950.1, Avg: 9113950.1, Max: 9113950.1, Diff: 0.0]
   [Code Root Fixup: 0.2 ms]
   [Code Root Migration: 0.1 ms]
   [Clear CT: 0.8 ms]
   [Other: 1.9 ms]
      [Choose CSet: 0.0 ms]
      [Ref Proc: 0.1 ms]
      [Ref Enq: 0.0 ms]
      [Free CSet: 1.7 ms]
   [Eden: 3376.0M(3376.0M)->0.0B(3376.0M) Survivors: 2048.0K->2048.0K Heap: 4818.2M(5632.0M)->1441.9M(5632.0M)]
 [Times: user=0.01 sys=0.01, real=0.01 secs] 
2014-06-25T02:42:51.504+0000: 9113.953: Total time for which application threads were stopped: 0.0101447 seconds
2014-06-25T02:42:57.689+0000: 9120.138: [GC pause (G1 Evacuation Pause) (young)
Desired survivor size 222298112 bytes, new threshold 15 (max 15)
- age   1:      42576 bytes,      42576 total
- age   2:      31368 bytes,      73944 total
- age   3:       9976 bytes,      83920 total
- age   4:      14664 bytes,      98584 total
- age   5:      36536 bytes,     135120 total
- age   6:       9104 bytes,     144224 total
- age   7:      18944 bytes,     163168 total
- age   8:     118384 bytes,     281552 total
- age   9:      30152 bytes,     311704 total
- age  10:      35656 bytes,     347360 total
- age  11:      75840 bytes,     423200 total
- age  12:      48296 bytes,     471496 total
- age  13:      18152 bytes,     489648 total
- age  14:      12768 bytes,     502416 total
- age  15:      22640 bytes,     525056 total
, 0.0091666 secs]
   [Parallel Time: 6.4 ms, GC Workers: 2]
      [GC Worker Start (ms): Min: 9120138.1, Avg: 9120138.1, Max: 9120138.1, Diff: 0.0]
      [Ext Root Scanning (ms): Min: 1.1, Avg: 1.3, Max: 1.4, Diff: 0.2, Sum: 2.5]
      [Update RS (ms): Min: 0.8, Avg: 0.8, Max: 0.8, Diff: 0.0, Sum: 1.7]
         [Processed Buffers: Min: 1, Avg: 12.5, Max: 24, Diff: 23, Sum: 25]
      [Scan RS (ms): Min: 2.1, Avg: 2.1, Max: 2.1, Diff: 0.0, Sum: 4.2]
      [Code Root Scanning (ms): Min: 0.8, Avg: 0.8, Max: 0.8, Diff: 0.0, Sum: 1.7]
      [Object Copy (ms): Min: 1.1, Avg: 1.3, Max: 1.4, Diff: 0.2, Sum: 2.5]
      [Termination (ms): Min: 0.0, Avg: 0.0, Max: 0.0, Diff: 0.0, Sum: 0.0]
      [GC Worker Other (ms): Min: 0.0, Avg: 0.0, Max: 0.1, Diff: 0.0, Sum: 0.1]
      [GC Worker Total (ms): Min: 6.3, Avg: 6.3, Max: 6.3, Diff: 0.0, Sum: 12.6]
      [GC Worker End (ms): Min: 9120144.4, Avg: 9120144.4, Max: 9120144.4, Diff: 0.0]
   [Code Root Fixup: 0.2 ms]
   [Code Root Migration: 0.1 ms]
   [Clear CT: 0.8 ms]
   [Other: 1.7 ms]
      [Choose CSet: 0.0 ms]
      [Ref Proc: 0.1 ms]
      [Ref Enq: 0.0 ms]
      [Free CSet: 1.5 ms]
   [Eden: 3376.0M(3376.0M)->0.0B(3376.0M) Survivors: 2048.0K->2048.0K Heap: 4817.9M(5632.0M)->1442.2M(5632.0M)]
 [Times: user=0.01 sys=0.00, real=0.00 secs] 
2014-06-25T02:42:57.698+0000: 9120.147: Total time for which application threads were stopped: 0.0097462 seconds
2014-06-25T02:43:04.016+0000: 9126.465: [GC pause (G1 Evacuation Pause) (young)
Desired survivor size 222298112 bytes, new threshold 15 (max 15)
- age   1:      48152 bytes,      48152 total
- age   2:      19400 bytes,      67552 total
- age   3:      31144 bytes,      98696 total
- age   4:       9952 bytes,     108648 total
- age   5:      14664 bytes,     123312 total
- age   6:      36536 bytes,     159848 total
- age   7:       9104 bytes,     168952 total
- age   8:      18920 bytes,     187872 total
- age   9:     118384 bytes,     306256 total
- age  10:      30152 bytes,     336408 total
- age  11:      35656 bytes,     372064 total
- age  12:      75840 bytes,     447904 total
- age  13:      48296 bytes,     496200 total
- age  14:      18152 bytes,     514352 total
- age  15:      12768 bytes,     527120 total
, 0.0092726 secs]
   [Parallel Time: 6.4 ms, GC Workers: 2]
      [GC Worker Start (ms): Min: 9126464.9, Avg: 9126464.9, Max: 9126464.9, Diff: 0.0]
      [Ext Root Scanning (ms): Min: 1.1, Avg: 1.2, Max: 1.4, Diff: 0.2, Sum: 2.5]
      [Update RS (ms): Min: 0.8, Avg: 0.8, Max: 0.9, Diff: 0.1, Sum: 1.7]
         [Processed Buffers: Min: 7, Avg: 13.5, Max: 20, Diff: 13, Sum: 27]
      [Scan RS (ms): Min: 2.1, Avg: 2.1, Max: 2.2, Diff: 0.0, Sum: 4.3]
      [Code Root Scanning (ms): Min: 0.8, Avg: 0.8, Max: 0.8, Diff: 0.0, Sum: 1.7]
      [Object Copy (ms): Min: 1.2, Avg: 1.2, Max: 1.3, Diff: 0.1, Sum: 2.5]
      [Termination (ms): Min: 0.0, Avg: 0.0, Max: 0.0, Diff: 0.0, Sum: 0.0]
      [GC Worker Other (ms): Min: 0.0, Avg: 0.0, Max: 0.0, Diff: 0.0, Sum: 0.1]
      [GC Worker Total (ms): Min: 6.3, Avg: 6.3, Max: 6.3, Diff: 0.0, Sum: 12.7]
      [GC Worker End (ms): Min: 9126471.3, Avg: 9126471.3, Max: 9126471.3, Diff: 0.0]
   [Code Root Fixup: 0.2 ms]
   [Code Root Migration: 0.1 ms]
   [Clear CT: 0.8 ms]
   [Other: 1.8 ms]
      [Choose CSet: 0.0 ms]
      [Ref Proc: 0.1 ms]
      [Ref Enq: 0.0 ms]
      [Free CSet: 1.6 ms]
   [Eden: 3376.0M(3376.0M)->0.0B(3376.0M) Survivors: 2048.0K->2048.0K Heap: 4818.2M(5632.0M)->1442.2M(5632.0M)]
 [Times: user=0.01 sys=0.00, real=0.01 secs] 
2014-06-25T02:43:04.025+0000: 9126.474: Total time for which application threads were stopped: 0.0131942 seconds
2014-06-25T02:43:10.185+0000: 9132.634: [GC pause (G1 Evacuation Pause) (young)
Desired survivor size 222298112 bytes, new threshold 15 (max 15)
- age   1:      47336 bytes,      47336 total
- age   2:      11832 bytes,      59168 total
- age   3:      19184 bytes,      78352 total
- age   4:      31088 bytes,     109440 total
- age   5:       9952 bytes,     119392 total
- age   6:      14544 bytes,     133936 total
- age   7:      36536 bytes,     170472 total
- age   8:       9104 bytes,     179576 total
- age   9:      18920 bytes,     198496 total
- age  10:     118384 bytes,     316880 total
- age  11:      30152 bytes,     347032 total
- age  12:      35656 bytes,     382688 total
- age  13:      75840 bytes,     458528 total
- age  14:      48296 bytes,     506824 total
- age  15:      18152 bytes,     524976 total
, 0.0095299 secs]
   [Parallel Time: 6.4 ms, GC Workers: 2]
      [GC Worker Start (ms): Min: 9132634.6, Avg: 9132634.6, Max: 9132634.6, Diff: 0.0]
      [Ext Root Scanning (ms): Min: 1.1, Avg: 1.3, Max: 1.4, Diff: 0.3, Sum: 2.5]
      [Update RS (ms): Min: 0.8, Avg: 0.8, Max: 0.8, Diff: 0.1, Sum: 1.6]
         [Processed Buffers: Min: 1, Avg: 13.0, Max: 25, Diff: 24, Sum: 26]
      [Scan RS (ms): Min: 2.1, Avg: 2.1, Max: 2.2, Diff: 0.1, Sum: 4.3]
      [Code Root Scanning (ms): Min: 0.8, Avg: 0.8, Max: 0.9, Diff: 0.1, Sum: 1.7]
      [Object Copy (ms): Min: 1.1, Avg: 1.2, Max: 1.3, Diff: 0.2, Sum: 2.5]
      [Termination (ms): Min: 0.0, Avg: 0.0, Max: 0.0, Diff: 0.0, Sum: 0.0]
      [GC Worker Other (ms): Min: 0.0, Avg: 0.1, Max: 0.1, Diff: 0.0, Sum: 0.1]
      [GC Worker Total (ms): Min: 6.3, Avg: 6.4, Max: 6.4, Diff: 0.0, Sum: 12.7]
      [GC Worker End (ms): Min: 9132640.9, Avg: 9132640.9, Max: 9132640.9, Diff: 0.0]
   [Code Root Fixup: 0.2 ms]
   [Code Root Migration: 0.1 ms]
   [Clear CT: 0.8 ms]
   [Other: 2.0 ms]
      [Choose CSet: 0.0 ms]
      [Ref Proc: 0.1 ms]
      [Ref Enq: 0.0 ms]
      [Free CSet: 1.8 ms]
   [Eden: 3376.0M(3376.0M)->0.0B(3376.0M) Survivors: 2048.0K->2048.0K Heap: 4818.2M(5632.0M)->1442.2M(5632.0M)]
 [Times: user=0.02 sys=0.00, real=0.01 secs] 
2014-06-25T02:43:10.195+0000: 9132.644: Total time for which application threads were stopped: 0.0101692 seconds
2014-06-25T02:43:12.584+0000: 9135.033: Total time for which application threads were stopped: 0.0043533 seconds
2014-06-25T02:43:12.720+0000: 9135.169: Total time for which application threads were stopped: 0.0036642 seconds
2014-06-25T02:43:16.444+0000: 9138.893: [GC pause (G1 Evacuation Pause) (young)
Desired survivor size 222298112 bytes, new threshold 15 (max 15)
- age   1:      47400 bytes,      47400 total
- age   2:      17952 bytes,      65352 total
- age   3:      11800 bytes,      77152 total
- age   4:      19152 bytes,      96304 total
- age   5:      30912 bytes,     127216 total
- age   6:       9952 bytes,     137168 total
- age   7:      14544 bytes,     151712 total
- age   8:      36512 bytes,     188224 total
- age   9:       9104 bytes,     197328 total
- age  10:      18920 bytes,     216248 total
- age  11:     118384 bytes,     334632 total
- age  12:      30152 bytes,     364784 total
- age  13:      35656 bytes,     400440 total
- age  14:      75840 bytes,     476280 total
- age  15:      48296 bytes,     524576 total
, 0.0094728 secs]
   [Parallel Time: 6.6 ms, GC Workers: 2]
      [GC Worker Start (ms): Min: 9138893.6, Avg: 9138893.6, Max: 9138893.6, Diff: 0.0]
      [Ext Root Scanning (ms): Min: 1.1, Avg: 1.3, Max: 1.4, Diff: 0.3, Sum: 2.5]
      [Update RS (ms): Min: 0.9, Avg: 0.9, Max: 1.0, Diff: 0.1, Sum: 1.8]
         [Processed Buffers: Min: 14, Avg: 17.0, Max: 20, Diff: 6, Sum: 34]
      [Scan RS (ms): Min: 2.1, Avg: 2.1, Max: 2.1, Diff: 0.0, Sum: 4.3]
      [Code Root Scanning (ms): Min: 0.8, Avg: 0.8, Max: 0.8, Diff: 0.0, Sum: 1.7]
      [Object Copy (ms): Min: 1.2, Avg: 1.3, Max: 1.4, Diff: 0.2, Sum: 2.7]
      [Termination (ms): Min: 0.0, Avg: 0.0, Max: 0.0, Diff: 0.0, Sum: 0.0]
      [GC Worker Other (ms): Min: 0.0, Avg: 0.0, Max: 0.1, Diff: 0.0, Sum: 0.1]
      [GC Worker Total (ms): Min: 6.5, Avg: 6.5, Max: 6.5, Diff: 0.0, Sum: 13.0]
      [GC Worker End (ms): Min: 9138900.1, Avg: 9138900.1, Max: 9138900.1, Diff: 0.0]
   [Code Root Fixup: 0.2 ms]
   [Code Root Migration: 0.1 ms]
   [Clear CT: 0.8 ms]
   [Other: 1.9 ms]
      [Choose CSet: 0.0 ms]
      [Ref Proc: 0.1 ms]
      [Ref Enq: 0.0 ms]
      [Free CSet: 1.6 ms]
   [Eden: 3376.0M(3376.0M)->0.0B(3376.0M) Survivors: 2048.0K->2048.0K Heap: 4818.2M(5632.0M)->1442.3M(5632.0M)]
 [Times: user=0.02 sys=0.00, real=0.01 secs] 
2014-06-25T02:43:16.454+0000: 9138.903: Total time for which application threads were stopped: 0.0100332 seconds
2014-06-25T02:43:22.742+0000: 9145.192: [GC pause (G1 Evacuation Pause) (young)
Desired survivor size 222298112 bytes, new threshold 15 (max 15)
- age   1:     149064 bytes,     149064 total
- age   2:      17568 bytes,     166632 total
- age   3:      17704 bytes,     184336 total
- age   4:      11776 bytes,     196112 total
- age   5:      18928 bytes,     215040 total
- age   6:      30664 bytes,     245704 total
- age   7:       9928 bytes,     255632 total
- age   8:      14544 bytes,     270176 total
- age   9:      32064 bytes,     302240 total
- age  10:       9104 bytes,     311344 total
- age  11:      18872 bytes,     330216 total
- age  12:     116952 bytes,     447168 total
- age  13:      13224 bytes,     460392 total
- age  14:      27216 bytes,     487608 total
- age  15:      59872 bytes,     547480 total
, 0.0092657 secs]
   [Parallel Time: 6.5 ms, GC Workers: 2]
      [GC Worker Start (ms): Min: 9145191.7, Avg: 9145191.8, Max: 9145191.8, Diff: 0.0]
      [Ext Root Scanning (ms): Min: 1.1, Avg: 1.3, Max: 1.4, Diff: 0.3, Sum: 2.6]
      [Update RS (ms): Min: 0.8, Avg: 0.9, Max: 0.9, Diff: 0.1, Sum: 1.7]
         [Processed Buffers: Min: 2, Avg: 14.0, Max: 26, Diff: 24, Sum: 28]
      [Scan RS (ms): Min: 2.1, Avg: 2.1, Max: 2.1, Diff: 0.0, Sum: 4.2]
      [Code Root Scanning (ms): Min: 0.8, Avg: 0.8, Max: 0.9, Diff: 0.0, Sum: 1.7]
      [Object Copy (ms): Min: 1.2, Avg: 1.3, Max: 1.4, Diff: 0.2, Sum: 2.5]
      [Termination (ms): Min: 0.0, Avg: 0.0, Max: 0.0, Diff: 0.0, Sum: 0.0]
      [GC Worker Other (ms): Min: 0.0, Avg: 0.0, Max: 0.1, Diff: 0.0, Sum: 0.1]
      [GC Worker Total (ms): Min: 6.4, Avg: 6.4, Max: 6.4, Diff: 0.0, Sum: 12.8]
      [GC Worker End (ms): Min: 9145198.2, Avg: 9145198.2, Max: 9145198.2, Diff: 0.0]
   [Code Root Fixup: 0.2 ms]
   [Code Root Migration: 0.1 ms]
   [Clear CT: 0.8 ms]
   [Other: 1.7 ms]
      [Choose CSet: 0.0 ms]
      [Ref Proc: 0.1 ms]
      [Ref Enq: 0.0 ms]
      [Free CSet: 1.5 ms]
   [Eden: 3376.0M(3376.0M)->0.0B(3376.0M) Survivors: 2048.0K->2048.0K Heap: 4818.3M(5632.0M)->1442.1M(5632.0M)]
 [Times: user=0.02 sys=0.00, real=0.01 secs] 
2014-06-25T02:43:22.752+0000: 9145.201: Total time for which application threads were stopped: 0.0098428 seconds
2014-06-25T02:43:28.944+0000: 9151.393: [GC pause (G1 Evacuation Pause) (young)
Desired survivor size 222298112 bytes, new threshold 15 (max 15)
- age   1:      39272 bytes,      39272 total
- age   2:     122952 bytes,     162224 total
- age   3:      17376 bytes,     179600 total
- age   4:      17648 bytes,     197248 total
- age   5:      11776 bytes,     209024 total
- age   6:      18928 bytes,     227952 total
- age   7:      30664 bytes,     258616 total
- age   8:       9928 bytes,     268544 total
- age   9:      14544 bytes,     283088 total
- age  10:      32064 bytes,     315152 total
- age  11:       9104 bytes,     324256 total
- age  12:      18872 bytes,     343128 total
- age  13:     116952 bytes,     460080 total
- age  14:      13224 bytes,     473304 total
- age  15:      27216 bytes,     500520 total
, 0.0094861 secs]
   [Parallel Time: 6.6 ms, GC Workers: 2]
      [GC Worker Start (ms): Min: 9151392.9, Avg: 9151392.9, Max: 9151392.9, Diff: 0.0]
      [Ext Root Scanning (ms): Min: 1.1, Avg: 1.2, Max: 1.4, Diff: 0.2, Sum: 2.5]
      [Update RS (ms): Min: 1.0, Avg: 1.0, Max: 1.0, Diff: 0.0, Sum: 2.0]
         [Processed Buffers: Min: 3, Avg: 15.0, Max: 27, Diff: 24, Sum: 30]
      [Scan RS (ms): Min: 2.2, Avg: 2.2, Max: 2.2, Diff: 0.0, Sum: 4.3]
      [Code Root Scanning (ms): Min: 0.8, Avg: 0.8, Max: 0.8, Diff: 0.0, Sum: 1.7]
      [Object Copy (ms): Min: 1.1, Avg: 1.2, Max: 1.3, Diff: 0.1, Sum: 2.4]
      [Termination (ms): Min: 0.0, Avg: 0.0, Max: 0.0, Diff: 0.0, Sum: 0.0]
      [GC Worker Other (ms): Min: 0.0, Avg: 0.0, Max: 0.1, Diff: 0.0, Sum: 0.1]
      [GC Worker Total (ms): Min: 6.5, Avg: 6.5, Max: 6.5, Diff: 0.0, Sum: 13.0]
      [GC Worker End (ms): Min: 9151399.4, Avg: 9151399.4, Max: 9151399.5, Diff: 0.0]
   [Code Root Fixup: 0.2 ms]
   [Code Root Migration: 0.1 ms]
   [Clear CT: 0.8 ms]
   [Other: 1.8 ms]
      [Choose CSet: 0.0 ms]
      [Ref Proc: 0.1 ms]
      [Ref Enq: 0.0 ms]
      [Free CSet: 1.6 ms]
   [Eden: 3376.0M(3376.0M)->0.0B(3376.0M) Survivors: 2048.0K->2048.0K Heap: 4818.1M(5632.0M)->1442.4M(5632.0M)]
 [Times: user=0.01 sys=0.01, real=0.01 secs] 
2014-06-25T02:43:28.953+0000: 9151.403: Total time for which application threads were stopped: 0.0116631 seconds
2014-06-25T02:43:35.118+0000: 9157.567: [GC pause (G1 Evacuation Pause) (young)
Desired survivor size 222298112 bytes, new threshold 15 (max 15)
- age   1:      61128 bytes,      61128 total
- age   2:      15328 bytes,      76456 total
- age   3:     120384 bytes,     196840 total
- age   4:      17352 bytes,     214192 total
- age   5:      17528 bytes,     231720 total
- age   6:      11776 bytes,     243496 total
- age   7:      18928 bytes,     262424 total
- age   8:      30640 bytes,     293064 total
- age   9:       9928 bytes,     302992 total
- age  10:      14544 bytes,     317536 total
- age  11:      31896 bytes,     349432 total
- age  12:       9104 bytes,     358536 total
- age  13:      18872 bytes,     377408 total
- age  14:     116592 bytes,     494000 total
- age  15:      13200 bytes,     507200 total
, 0.0095400 secs]
   [Parallel Time: 6.6 ms, GC Workers: 2]
      [GC Worker Start (ms): Min: 9157567.2, Avg: 9157567.2, Max: 9157567.2, Diff: 0.0]
      [Ext Root Scanning (ms): Min: 1.1, Avg: 1.3, Max: 1.4, Diff: 0.3, Sum: 2.6]
      [Update RS (ms): Min: 0.9, Avg: 1.0, Max: 1.0, Diff: 0.1, Sum: 2.0]
         [Processed Buffers: Min: 6, Avg: 17.0, Max: 28, Diff: 22, Sum: 34]
      [Scan RS (ms): Min: 2.1, Avg: 2.1, Max: 2.2, Diff: 0.1, Sum: 4.3]
      [Code Root Scanning (ms): Min: 0.8, Avg: 0.8, Max: 0.8, Diff: 0.0, Sum: 1.7]
      [Object Copy (ms): Min: 1.1, Avg: 1.2, Max: 1.3, Diff: 0.1, Sum: 2.4]
      [Termination (ms): Min: 0.0, Avg: 0.0, Max: 0.0, Diff: 0.0, Sum: 0.0]
      [GC Worker Other (ms): Min: 0.1, Avg: 0.1, Max: 0.1, Diff: 0.0, Sum: 0.1]
      [GC Worker Total (ms): Min: 6.5, Avg: 6.5, Max: 6.5, Diff: 0.0, Sum: 13.0]
      [GC Worker End (ms): Min: 9157573.6, Avg: 9157573.7, Max: 9157573.7, Diff: 0.0]
   [Code Root Fixup: 0.2 ms]
   [Code Root Migration: 0.1 ms]
   [Clear CT: 0.8 ms]
   [Other: 1.9 ms]
      [Choose CSet: 0.0 ms]
      [Ref Proc: 0.1 ms]
      [Ref Enq: 0.0 ms]
      [Free CSet: 1.7 ms]
   [Eden: 3376.0M(3376.0M)->0.0B(3376.0M) Survivors: 2048.0K->2048.0K Heap: 4818.4M(5632.0M)->1442.4M(5632.0M)]
 [Times: user=0.01 sys=0.01, real=0.01 secs] 
2014-06-25T02:43:35.128+0000: 9157.577: Total time for which application threads were stopped: 0.0102018 seconds
2014-06-25T02:43:41.287+0000: 9163.736: [GC pause (G1 Evacuation Pause) (young)
Desired survivor size 222298112 bytes, new threshold 15 (max 15)
- age   1:      57448 bytes,      57448 total
- age   2:      22896 bytes,      80344 total
- age   3:      15208 bytes,      95552 total
- age   4:     116992 bytes,     212544 total
- age   5:      17352 bytes,     229896 total
- age   6:      17528 bytes,     247424 total
- age   7:      11752 bytes,     259176 total
- age   8:      18928 bytes,     278104 total
- age   9:      30640 bytes,     308744 total
- age  10:       9928 bytes,     318672 total
- age  11:      14544 bytes,     333216 total
- age  12:      31480 bytes,     364696 total
- age  13:       9104 bytes,     373800 total
- age  14:      18872 bytes,     392672 total
- age  15:     116592 bytes,     509264 total
, 0.0092051 secs]
   [Parallel Time: 6.4 ms, GC Workers: 2]
      [GC Worker Start (ms): Min: 9163736.5, Avg: 9163736.6, Max: 9163736.6, Diff: 0.0]
      [Ext Root Scanning (ms): Min: 1.1, Avg: 1.3, Max: 1.4, Diff: 0.3, Sum: 2.5]
      [Update RS (ms): Min: 0.8, Avg: 0.8, Max: 0.9, Diff: 0.0, Sum: 1.7]
         [Processed Buffers: Min: 1, Avg: 14.0, Max: 27, Diff: 26, Sum: 28]
      [Scan RS (ms): Min: 2.1, Avg: 2.1, Max: 2.1, Diff: 0.0, Sum: 4.3]
      [Code Root Scanning (ms): Min: 0.8, Avg: 0.8, Max: 0.8, Diff: 0.0, Sum: 1.7]
      [Object Copy (ms): Min: 1.1, Avg: 1.2, Max: 1.3, Diff: 0.2, Sum: 2.4]
      [Termination (ms): Min: 0.0, Avg: 0.0, Max: 0.0, Diff: 0.0, Sum: 0.0]
      [GC Worker Other (ms): Min: 0.0, Avg: 0.0, Max: 0.1, Diff: 0.0, Sum: 0.1]
      [GC Worker Total (ms): Min: 6.3, Avg: 6.3, Max: 6.3, Diff: 0.0, Sum: 12.7]
      [GC Worker End (ms): Min: 9163742.9, Avg: 9163742.9, Max: 9163742.9, Diff: 0.0]
   [Code Root Fixup: 0.2 ms]
   [Code Root Migration: 0.1 ms]
   [Clear CT: 0.8 ms]
   [Other: 1.8 ms]
      [Choose CSet: 0.0 ms]
      [Ref Proc: 0.1 ms]
      [Ref Enq: 0.0 ms]
      [Free CSet: 1.5 ms]
   [Eden: 3376.0M(3376.0M)->0.0B(3376.0M) Survivors: 2048.0K->2048.0K Heap: 4818.4M(5632.0M)->1442.3M(5632.0M)]
 [Times: user=0.01 sys=0.00, real=0.02 secs] 
2014-06-25T02:43:41.297+0000: 9163.746: Total time for which application threads were stopped: 0.0097562 seconds
2014-06-25T02:43:44.300+0000: 9166.749: Total time for which application threads were stopped: 0.0026038 seconds
2014-06-25T02:43:46.279+0000: 9168.728: Total time for which application threads were stopped: 0.0039656 seconds
2014-06-25T02:43:46.279+0000: 9168.729: Total time for which application threads were stopped: 0.0002277 seconds
2014-06-25T02:43:47.457+0000: 9169.907: [GC pause (G1 Evacuation Pause) (young)
Desired survivor size 222298112 bytes, new threshold 15 (max 15)
- age   1:      47568 bytes,      47568 total
- age   2:      32280 bytes,      79848 total
- age   3:      22800 bytes,     102648 total
- age   4:      15152 bytes,     117800 total
- age   5:     116960 bytes,     234760 total
- age   6:      17232 bytes,     251992 total
- age   7:      17528 bytes,     269520 total
- age   8:      11752 bytes,     281272 total
- age   9:      18928 bytes,     300200 total
- age  10:      30640 bytes,     330840 total
- age  11:       9928 bytes,     340768 total
- age  12:      14544 bytes,     355312 total
- age  13:      31480 bytes,     386792 total
- age  14:       9104 bytes,     395896 total
- age  15:      18872 bytes,     414768 total
, 0.0092897 secs]
   [Parallel Time: 6.5 ms, GC Workers: 2]
      [GC Worker Start (ms): Min: 9169906.7, Avg: 9169906.7, Max: 9169906.7, Diff: 0.0]
      [Ext Root Scanning (ms): Min: 1.1, Avg: 1.3, Max: 1.4, Diff: 0.3, Sum: 2.5]
      [Update RS (ms): Min: 1.0, Avg: 1.0, Max: 1.1, Diff: 0.1, Sum: 2.0]
         [Processed Buffers: Min: 14, Avg: 16.0, Max: 18, Diff: 4, Sum: 32]
      [Scan RS (ms): Min: 2.1, Avg: 2.1, Max: 2.2, Diff: 0.1, Sum: 4.3]
      [Code Root Scanning (ms): Min: 0.8, Avg: 0.8, Max: 0.8, Diff: 0.0, Sum: 1.6]
      [Object Copy (ms): Min: 1.0, Avg: 1.1, Max: 1.2, Diff: 0.2, Sum: 2.2]
      [Termination (ms): Min: 0.0, Avg: 0.0, Max: 0.0, Diff: 0.0, Sum: 0.0]
      [GC Worker Other (ms): Min: 0.0, Avg: 0.0, Max: 0.1, Diff: 0.0, Sum: 0.1]
      [GC Worker Total (ms): Min: 6.4, Avg: 6.4, Max: 6.4, Diff: 0.0, Sum: 12.8]
      [GC Worker End (ms): Min: 9169913.1, Avg: 9169913.1, Max: 9169913.1, Diff: 0.0]
   [Code Root Fixup: 0.2 ms]
   [Code Root Migration: 0.1 ms]
   [Clear CT: 0.8 ms]
   [Other: 1.8 ms]
      [Choose CSet: 0.0 ms]
      [Ref Proc: 0.1 ms]
      [Ref Enq: 0.0 ms]
      [Free CSet: 1.5 ms]
   [Eden: 3376.0M(3376.0M)->0.0B(3376.0M) Survivors: 2048.0K->2048.0K Heap: 4818.3M(5632.0M)->1442.5M(5632.0M)]
 [Times: user=0.02 sys=0.00, real=0.00 secs] 
2014-06-25T02:43:47.467+0000: 9169.916: Total time for which application threads were stopped: 0.0099019 seconds
2014-06-25T02:43:53.618+0000: 9176.068: [GC pause (G1 Evacuation Pause) (young)
Desired survivor size 222298112 bytes, new threshold 15 (max 15)
- age   1:      85408 bytes,      85408 total
- age   2:      22776 bytes,     108184 total
- age   3:      18360 bytes,     126544 total
- age   4:      22584 bytes,     149128 total
- age   5:      15152 bytes,     164280 total
- age   6:     116656 bytes,     280936 total
- age   7:      17208 bytes,     298144 total
- age   8:      17528 bytes,     315672 total
- age   9:      11752 bytes,     327424 total
- age  10:      18712 bytes,     346136 total
- age  11:      17024 bytes,     363160 total
- age  12:       9928 bytes,     373088 total
- age  13:      14544 bytes,     387632 total
- age  14:      31312 bytes,     418944 total
- age  15:       9104 bytes,     428048 total
, 0.0090982 secs]
   [Parallel Time: 6.3 ms, GC Workers: 2]
      [GC Worker Start (ms): Min: 9176067.6, Avg: 9176067.6, Max: 9176067.6, Diff: 0.0]
      [Ext Root Scanning (ms): Min: 1.1, Avg: 1.3, Max: 1.4, Diff: 0.2, Sum: 2.5]
      [Update RS (ms): Min: 0.8, Avg: 0.8, Max: 0.8, Diff: 0.1, Sum: 1.6]
         [Processed Buffers: Min: 9, Avg: 14.0, Max: 19, Diff: 10, Sum: 28]
      [Scan RS (ms): Min: 2.1, Avg: 2.2, Max: 2.2, Diff: 0.1, Sum: 4.3]
      [Code Root Scanning (ms): Min: 0.8, Avg: 0.8, Max: 0.9, Diff: 0.0, Sum: 1.7]
      [Object Copy (ms): Min: 1.0, Avg: 1.1, Max: 1.2, Diff: 0.2, Sum: 2.2]
      [Termination (ms): Min: 0.0, Avg: 0.0, Max: 0.0, Diff: 0.0, Sum: 0.0]
      [GC Worker Other (ms): Min: 0.0, Avg: 0.1, Max: 0.1, Diff: 0.0, Sum: 0.1]
      [GC Worker Total (ms): Min: 6.2, Avg: 6.2, Max: 6.2, Diff: 0.0, Sum: 12.4]
      [GC Worker End (ms): Min: 9176073.8, Avg: 9176073.8, Max: 9176073.8, Diff: 0.0]
   [Code Root Fixup: 0.2 ms]
   [Code Root Migration: 0.1 ms]
   [Clear CT: 0.8 ms]
   [Other: 1.8 ms]
      [Choose CSet: 0.0 ms]
      [Ref Proc: 0.1 ms]
      [Ref Enq: 0.0 ms]
      [Free CSet: 1.6 ms]
   [Eden: 3376.0M(3376.0M)->0.0B(3376.0M) Survivors: 2048.0K->2048.0K Heap: 4818.5M(5632.0M)->1442.5M(5632.0M)]
 [Times: user=0.02 sys=0.00, real=0.01 secs] 
2014-06-25T02:43:53.628+0000: 9176.077: Total time for which application threads were stopped: 0.0096861 seconds
2014-06-25T02:43:59.822+0000: 9182.271: [GC pause (G1 Evacuation Pause) (young)
Desired survivor size 222298112 bytes, new threshold 15 (max 15)
- age   1:      36592 bytes,      36592 total
- age   2:      59840 bytes,      96432 total
- age   3:      22560 bytes,     118992 total
- age   4:      18304 bytes,     137296 total
- age   5:      22584 bytes,     159880 total
- age   6:      15152 bytes,     175032 total
- age   7:     116656 bytes,     291688 total
- age   8:      17208 bytes,     308896 total
- age   9:      17528 bytes,     326424 total
- age  10:      11752 bytes,     338176 total
- age  11:      18712 bytes,     356888 total
- age  12:      17024 bytes,     373912 total
- age  13:       9928 bytes,     383840 total
- age  14:      14544 bytes,     398384 total
- age  15:      31312 bytes,     429696 total
, 0.0092836 secs]
   [Parallel Time: 6.3 ms, GC Workers: 2]
      [GC Worker Start (ms): Min: 9182271.5, Avg: 9182271.5, Max: 9182271.5, Diff: 0.0]
      [Ext Root Scanning (ms): Min: 1.1, Avg: 1.2, Max: 1.4, Diff: 0.2, Sum: 2.5]
      [Update RS (ms): Min: 0.8, Avg: 0.8, Max: 0.8, Diff: 0.0, Sum: 1.6]
         [Processed Buffers: Min: 5, Avg: 16.0, Max: 27, Diff: 22, Sum: 32]
      [Scan RS (ms): Min: 2.1, Avg: 2.2, Max: 2.2, Diff: 0.1, Sum: 4.3]
      [Code Root Scanning (ms): Min: 0.8, Avg: 0.8, Max: 0.9, Diff: 0.0, Sum: 1.7]
      [Object Copy (ms): Min: 1.1, Avg: 1.1, Max: 1.2, Diff: 0.2, Sum: 2.3]
      [Termination (ms): Min: 0.0, Avg: 0.0, Max: 0.0, Diff: 0.0, Sum: 0.0]
      [GC Worker Other (ms): Min: 0.0, Avg: 0.0, Max: 0.1, Diff: 0.0, Sum: 0.1]
      [GC Worker Total (ms): Min: 6.2, Avg: 6.2, Max: 6.3, Diff: 0.0, Sum: 12.5]
      [GC Worker End (ms): Min: 9182277.7, Avg: 9182277.7, Max: 9182277.7, Diff: 0.0]
   [Code Root Fixup: 0.2 ms]
   [Code Root Migration: 0.1 ms]
   [Clear CT: 0.8 ms]
   [Other: 1.9 ms]
      [Choose CSet: 0.0 ms]
      [Ref Proc: 0.1 ms]
      [Ref Enq: 0.0 ms]
      [Free CSet: 1.7 ms]
   [Eden: 3376.0M(3376.0M)->0.0B(3376.0M) Survivors: 2048.0K->2048.0K Heap: 4818.5M(5632.0M)->1442.3M(5632.0M)]
 [Times: user=0.02 sys=0.00, real=0.01 secs] 
2014-06-25T02:43:59.832+0000: 9182.281: Total time for which application threads were stopped: 0.0099122 seconds
2014-06-25T02:44:06.197+0000: 9188.647: [GC pause (G1 Evacuation Pause) (young)
Desired survivor size 222298112 bytes, new threshold 15 (max 15)
- age   1:      56936 bytes,      56936 total
- age   2:       5312 bytes,      62248 total
- age   3:      59184 bytes,     121432 total
- age   4:      22528 bytes,     143960 total
- age   5:      16312 bytes,     160272 total
- age   6:      22312 bytes,     182584 total
- age   7:      15152 bytes,     197736 total
- age   8:     116424 bytes,     314160 total
- age   9:      17208 bytes,     331368 total
- age  10:      17528 bytes,     348896 total
- age  11:      11752 bytes,     360648 total
- age  12:      18712 bytes,     379360 total
- age  13:      16888 bytes,     396248 total
- age  14:       9928 bytes,     406176 total
- age  15:      14544 bytes,     420720 total
, 0.0090509 secs]
   [Parallel Time: 6.3 ms, GC Workers: 2]
      [GC Worker Start (ms): Min: 9188646.6, Avg: 9188646.7, Max: 9188646.7, Diff: 0.0]
      [Ext Root Scanning (ms): Min: 1.1, Avg: 1.3, Max: 1.4, Diff: 0.3, Sum: 2.5]
      [Update RS (ms): Min: 0.8, Avg: 0.8, Max: 0.9, Diff: 0.0, Sum: 1.7]
         [Processed Buffers: Min: 1, Avg: 13.5, Max: 26, Diff: 25, Sum: 27]
      [Scan RS (ms): Min: 2.1, Avg: 2.2, Max: 2.2, Diff: 0.2, Sum: 4.3]
      [Code Root Scanning (ms): Min: 0.8, Avg: 0.8, Max: 0.8, Diff: 0.0, Sum: 1.7]
      [Object Copy (ms): Min: 1.0, Avg: 1.1, Max: 1.1, Diff: 0.1, Sum: 2.2]
      [Termination (ms): Min: 0.0, Avg: 0.0, Max: 0.0, Diff: 0.0, Sum: 0.0]
      [GC Worker Other (ms): Min: 0.0, Avg: 0.0, Max: 0.1, Diff: 0.0, Sum: 0.1]
      [GC Worker Total (ms): Min: 6.2, Avg: 6.2, Max: 6.2, Diff: 0.0, Sum: 12.5]
      [GC Worker End (ms): Min: 9188652.9, Avg: 9188652.9, Max: 9188652.9, Diff: 0.0]
   [Code Root Fixup: 0.2 ms]
   [Code Root Migration: 0.1 ms]
   [Clear CT: 0.8 ms]
   [Other: 1.7 ms]
      [Choose CSet: 0.0 ms]
      [Ref Proc: 0.1 ms]
      [Ref Enq: 0.0 ms]
      [Free CSet: 1.5 ms]
   [Eden: 3376.0M(3376.0M)->0.0B(3376.0M) Survivors: 2048.0K->2048.0K Heap: 4818.3M(5632.0M)->1442.5M(5632.0M)]
 [Times: user=0.01 sys=0.00, real=0.01 secs] 
2014-06-25T02:44:06.207+0000: 9188.656: Total time for which application threads were stopped: 0.0096332 seconds
2014-06-25T02:44:12.396+0000: 9194.845: [GC pause (G1 Evacuation Pause) (young)
Desired survivor size 222298112 bytes, new threshold 15 (max 15)
- age   1:      41472 bytes,      41472 total
- age   2:      31880 bytes,      73352 total
- age   3:       5000 bytes,      78352 total
- age   4:      59160 bytes,     137512 total
- age   5:      22504 bytes,     160016 total
- age   6:      16312 bytes,     176328 total
- age   7:      22288 bytes,     198616 total
- age   8:      15152 bytes,     213768 total
- age   9:     116424 bytes,     330192 total
- age  10:      17208 bytes,     347400 total
- age  11:      17528 bytes,     364928 total
- age  12:      11752 bytes,     376680 total
- age  13:      18712 bytes,     395392 total
- age  14:      16888 bytes,     412280 total
- age  15:       9928 bytes,     422208 total
, 0.0093057 secs]
   [Parallel Time: 6.3 ms, GC Workers: 2]
      [GC Worker Start (ms): Min: 9194844.9, Avg: 9194844.9, Max: 9194845.0, Diff: 0.0]
      [Ext Root Scanning (ms): Min: 1.2, Avg: 1.3, Max: 1.4, Diff: 0.3, Sum: 2.6]
      [Update RS (ms): Min: 0.8, Avg: 0.8, Max: 0.9, Diff: 0.1, Sum: 1.6]
         [Processed Buffers: Min: 1, Avg: 13.5, Max: 26, Diff: 25, Sum: 27]
      [Scan RS (ms): Min: 2.1, Avg: 2.2, Max: 2.2, Diff: 0.1, Sum: 4.3]
      [Code Root Scanning (ms): Min: 0.8, Avg: 0.8, Max: 0.9, Diff: 0.1, Sum: 1.7]
      [Object Copy (ms): Min: 1.0, Avg: 1.1, Max: 1.2, Diff: 0.2, Sum: 2.2]
      [Termination (ms): Min: 0.0, Avg: 0.0, Max: 0.0, Diff: 0.0, Sum: 0.0]
      [GC Worker Other (ms): Min: 0.0, Avg: 0.0, Max: 0.1, Diff: 0.0, Sum: 0.1]
      [GC Worker Total (ms): Min: 6.2, Avg: 6.2, Max: 6.2, Diff: 0.0, Sum: 12.5]
      [GC Worker End (ms): Min: 9194851.2, Avg: 9194851.2, Max: 9194851.2, Diff: 0.0]
   [Code Root Fixup: 0.2 ms]
   [Code Root Migration: 0.1 ms]
   [Clear CT: 0.8 ms]
   [Other: 1.9 ms]
      [Choose CSet: 0.0 ms]
      [Ref Proc: 0.1 ms]
      [Ref Enq: 0.0 ms]
      [Free CSet: 1.6 ms]
   [Eden: 3376.0M(3376.0M)->0.0B(3376.0M) Survivors: 2048.0K->2048.0K Heap: 4818.5M(5632.0M)->1442.5M(5632.0M)]
 [Times: user=0.01 sys=0.01, real=0.01 secs] 
2014-06-25T02:44:12.405+0000: 9194.854: Total time for which application threads were stopped: 0.0121309 seconds
2014-06-25T02:44:18.558+0000: 9201.007: [GC pause (G1 Evacuation Pause) (young)
Desired survivor size 222298112 bytes, new threshold 15 (max 15)
- age   1:      43056 bytes,      43056 total
- age   2:      11928 bytes,      54984 total
- age   3:      31784 bytes,      86768 total
- age   4:       4944 bytes,      91712 total
- age   5:      59128 bytes,     150840 total
- age   6:      22384 bytes,     173224 total
- age   7:      16312 bytes,     189536 total
- age   8:      22288 bytes,     211824 total
- age   9:      15152 bytes,     226976 total
- age  10:     116424 bytes,     343400 total
- age  11:      17208 bytes,     360608 total
- age  12:      17528 bytes,     378136 total
- age  13:      11752 bytes,     389888 total
- age  14:      18712 bytes,     408600 total
- age  15:      16888 bytes,     425488 total
, 0.0091961 secs]
   [Parallel Time: 6.3 ms, GC Workers: 2]
      [GC Worker Start (ms): Min: 9201007.0, Avg: 9201007.0, Max: 9201007.0, Diff: 0.0]
      [Ext Root Scanning (ms): Min: 1.1, Avg: 1.3, Max: 1.4, Diff: 0.3, Sum: 2.5]
      [Update RS (ms): Min: 0.8, Avg: 0.8, Max: 0.8, Diff: 0.1, Sum: 1.6]
         [Processed Buffers: Min: 1, Avg: 13.0, Max: 25, Diff: 24, Sum: 26]
      [Scan RS (ms): Min: 2.1, Avg: 2.2, Max: 2.2, Diff: 0.1, Sum: 4.3]
      [Code Root Scanning (ms): Min: 0.8, Avg: 0.9, Max: 0.9, Diff: 0.0, Sum: 1.7]
      [Object Copy (ms): Min: 1.0, Avg: 1.1, Max: 1.2, Diff: 0.2, Sum: 2.2]
      [Termination (ms): Min: 0.0, Avg: 0.0, Max: 0.0, Diff: 0.0, Sum: 0.0]
      [GC Worker Other (ms): Min: 0.0, Avg: 0.0, Max: 0.0, Diff: 0.0, Sum: 0.1]
      [GC Worker Total (ms): Min: 6.2, Avg: 6.2, Max: 6.3, Diff: 0.0, Sum: 12.5]
      [GC Worker End (ms): Min: 9201013.2, Avg: 9201013.2, Max: 9201013.2, Diff: 0.0]
   [Code Root Fixup: 0.2 ms]
   [Code Root Migration: 0.1 ms]
   [Clear CT: 0.8 ms]
   [Other: 1.8 ms]
      [Choose CSet: 0.0 ms]
      [Ref Proc: 0.1 ms]
      [Ref Enq: 0.0 ms]
      [Free CSet: 1.6 ms]
   [Eden: 3376.0M(3376.0M)->0.0B(3376.0M) Survivors: 2048.0K->2048.0K Heap: 4818.5M(5632.0M)->1442.4M(5632.0M)]
 [Times: user=0.02 sys=0.00, real=0.01 secs] 
2014-06-25T02:44:18.567+0000: 9201.016: Total time for which application threads were stopped: 0.0097680 seconds
2014-06-25T02:44:24.873+0000: 9207.322: [GC pause (G1 Evacuation Pause) (young)
Desired survivor size 222298112 bytes, new threshold 15 (max 15)
- age   1:      49896 bytes,      49896 total
- age   2:      16440 bytes,      66336 total
- age   3:      11704 bytes,      78040 total
- age   4:      19448 bytes,      97488 total
- age   5:       4944 bytes,     102432 total
- age   6:      58976 bytes,     161408 total
- age   7:      22384 bytes,     183792 total
- age   8:      16288 bytes,     200080 total
- age   9:      22288 bytes,     222368 total
- age  10:      15152 bytes,     237520 total
- age  11:     116424 bytes,     353944 total
- age  12:      17208 bytes,     371152 total
- age  13:      17528 bytes,     388680 total
- age  14:      11752 bytes,     400432 total
- age  15:      18712 bytes,     419144 total
, 0.0091111 secs]
   [Parallel Time: 6.3 ms, GC Workers: 2]
      [GC Worker Start (ms): Min: 9207321.8, Avg: 9207321.9, Max: 9207321.9, Diff: 0.0]
      [Ext Root Scanning (ms): Min: 1.1, Avg: 1.3, Max: 1.4, Diff: 0.2, Sum: 2.5]
      [Update RS (ms): Min: 0.8, Avg: 0.8, Max: 0.9, Diff: 0.1, Sum: 1.7]
         [Processed Buffers: Min: 1, Avg: 14.0, Max: 27, Diff: 26, Sum: 28]
      [Scan RS (ms): Min: 2.1, Avg: 2.1, Max: 2.2, Diff: 0.1, Sum: 4.3]
      [Code Root Scanning (ms): Min: 0.8, Avg: 0.9, Max: 0.9, Diff: 0.0, Sum: 1.7]
      [Object Copy (ms): Min: 1.0, Avg: 1.1, Max: 1.2, Diff: 0.2, Sum: 2.2]
      [Termination (ms): Min: 0.0, Avg: 0.0, Max: 0.0, Diff: 0.0, Sum: 0.0]
      [GC Worker Other (ms): Min: 0.0, Avg: 0.0, Max: 0.1, Diff: 0.0, Sum: 0.1]
      [GC Worker Total (ms): Min: 6.2, Avg: 6.2, Max: 6.2, Diff: 0.0, Sum: 12.5]
      [GC Worker End (ms): Min: 9207328.1, Avg: 9207328.1, Max: 9207328.1, Diff: 0.0]
   [Code Root Fixup: 0.2 ms]
   [Code Root Migration: 0.1 ms]
   [Clear CT: 0.8 ms]
   [Other: 1.8 ms]
      [Choose CSet: 0.0 ms]
      [Ref Proc: 0.1 ms]
      [Ref Enq: 0.0 ms]
      [Free CSet: 1.5 ms]
   [Eden: 3376.0M(3376.0M)->0.0B(3376.0M) Survivors: 2048.0K->2048.0K Heap: 4818.4M(5632.0M)->1442.6M(5632.0M)]
 [Times: user=0.01 sys=0.00, real=0.00 secs] 
2014-06-25T02:44:24.882+0000: 9207.331: Total time for which application threads were stopped: 0.0096682 seconds
2014-06-25T02:44:31.055+0000: 9213.504: [GC pause (G1 Evacuation Pause) (young)
Desired survivor size 222298112 bytes, new threshold 15 (max 15)
- age   1:      57016 bytes,      57016 total
- age   2:      22968 bytes,      79984 total
- age   3:      16320 bytes,      96304 total
- age   4:      11624 bytes,     107928 total
- age   5:      19448 bytes,     127376 total
- age   6:       4944 bytes,     132320 total
- age   7:      58952 bytes,     191272 total
- age   8:      22384 bytes,     213656 total
- age   9:      16288 bytes,     229944 total
- age  10:      22288 bytes,     252232 total
- age  11:      15152 bytes,     267384 total
- age  12:     116424 bytes,     383808 total
- age  13:      17208 bytes,     401016 total
- age  14:      17528 bytes,     418544 total
- age  15:      11752 bytes,     430296 total
, 0.0091463 secs]
   [Parallel Time: 6.3 ms, GC Workers: 2]
      [GC Worker Start (ms): Min: 9213504.3, Avg: 9213504.3, Max: 9213504.4, Diff: 0.0]
      [Ext Root Scanning (ms): Min: 1.1, Avg: 1.3, Max: 1.4, Diff: 0.3, Sum: 2.6]
      [Update RS (ms): Min: 0.7, Avg: 0.8, Max: 0.9, Diff: 0.2, Sum: 1.6]
         [Processed Buffers: Min: 1, Avg: 13.5, Max: 26, Diff: 25, Sum: 27]
      [Scan RS (ms): Min: 2.1, Avg: 2.1, Max: 2.2, Diff: 0.0, Sum: 4.3]
      [Code Root Scanning (ms): Min: 0.8, Avg: 0.8, Max: 0.9, Diff: 0.0, Sum: 1.7]
      [Object Copy (ms): Min: 1.0, Avg: 1.1, Max: 1.2, Diff: 0.1, Sum: 2.2]
      [Termination (ms): Min: 0.0, Avg: 0.0, Max: 0.0, Diff: 0.0, Sum: 0.0]
      [GC Worker Other (ms): Min: 0.0, Avg: 0.0, Max: 0.1, Diff: 0.0, Sum: 0.1]
      [GC Worker Total (ms): Min: 6.2, Avg: 6.2, Max: 6.2, Diff: 0.0, Sum: 12.4]
      [GC Worker End (ms): Min: 9213510.5, Avg: 9213510.6, Max: 9213510.6, Diff: 0.0]
   [Code Root Fixup: 0.2 ms]
   [Code Root Migration: 0.1 ms]
   [Clear CT: 0.8 ms]
   [Other: 1.8 ms]
      [Choose CSet: 0.0 ms]
      [Ref Proc: 0.1 ms]
      [Ref Enq: 0.0 ms]
      [Free CSet: 1.6 ms]
   [Eden: 3376.0M(3376.0M)->0.0B(3376.0M) Survivors: 2048.0K->2048.0K Heap: 4818.6M(5632.0M)->1442.6M(5632.0M)]
 [Times: user=0.02 sys=0.00, real=0.01 secs] 
2014-06-25T02:44:31.064+0000: 9213.514: Total time for which application threads were stopped: 0.0097402 seconds
2014-06-25T02:44:37.247+0000: 9219.696: [GC pause (G1 Evacuation Pause) (young)
Desired survivor size 222298112 bytes, new threshold 15 (max 15)
- age   1:      39672 bytes,      39672 total
- age   2:      20648 bytes,      60320 total
- age   3:      22840 bytes,      83160 total
- age   4:      16296 bytes,      99456 total
- age   5:      11624 bytes,     111080 total
- age   6:      19328 bytes,     130408 total
- age   7:       4944 bytes,     135352 total
- age   8:      58952 bytes,     194304 total
- age   9:      22384 bytes,     216688 total
- age  10:      16288 bytes,     232976 total
- age  11:      22288 bytes,     255264 total
- age  12:      15152 bytes,     270416 total
- age  13:     116424 bytes,     386840 total
- age  14:      17208 bytes,     404048 total
- age  15:      17528 bytes,     421576 total
, 0.0093461 secs]
   [Parallel Time: 6.3 ms, GC Workers: 2]
      [GC Worker Start (ms): Min: 9219696.4, Avg: 9219696.4, Max: 9219696.4, Diff: 0.0]
      [Ext Root Scanning (ms): Min: 1.1, Avg: 1.3, Max: 1.4, Diff: 0.2, Sum: 2.5]
      [Update RS (ms): Min: 0.7, Avg: 0.8, Max: 0.8, Diff: 0.1, Sum: 1.6]
         [Processed Buffers: Min: 1, Avg: 12.0, Max: 23, Diff: 22, Sum: 24]
      [Scan RS (ms): Min: 2.1, Avg: 2.2, Max: 2.2, Diff: 0.1, Sum: 4.3]
      [Code Root Scanning (ms): Min: 0.8, Avg: 0.8, Max: 0.9, Diff: 0.1, Sum: 1.7]
      [Object Copy (ms): Min: 1.0, Avg: 1.1, Max: 1.2, Diff: 0.2, Sum: 2.2]
      [Termination (ms): Min: 0.0, Avg: 0.0, Max: 0.0, Diff: 0.0, Sum: 0.0]
      [GC Worker Other (ms): Min: 0.1, Avg: 0.1, Max: 0.1, Diff: 0.0, Sum: 0.1]
      [GC Worker Total (ms): Min: 6.2, Avg: 6.2, Max: 6.2, Diff: 0.0, Sum: 12.5]
      [GC Worker End (ms): Min: 9219702.6, Avg: 9219702.6, Max: 9219702.6, Diff: 0.0]
   [Code Root Fixup: 0.2 ms]
   [Code Root Migration: 0.2 ms]
   [Clear CT: 0.8 ms]
   [Other: 2.0 ms]
      [Choose CSet: 0.0 ms]
      [Ref Proc: 0.1 ms]
      [Ref Enq: 0.0 ms]
      [Free CSet: 1.7 ms]
   [Eden: 3376.0M(3376.0M)->0.0B(3376.0M) Survivors: 2048.0K->2048.0K Heap: 4818.6M(5632.0M)->1442.6M(5632.0M)]
 [Times: user=0.01 sys=0.00, real=0.01 secs] 
2014-06-25T02:44:37.257+0000: 9219.706: Total time for which application threads were stopped: 0.0100077 seconds
2014-06-25T02:44:43.445+0000: 9225.894: [GC pause (G1 Evacuation Pause) (young)
Desired survivor size 222298112 bytes, new threshold 15 (max 15)
- age   1:      42680 bytes,      42680 total
- age   2:      11928 bytes,      54608 total
- age   3:      20424 bytes,      75032 total
- age   4:      22816 bytes,      97848 total
- age   5:      16296 bytes,     114144 total
- age   6:      11624 bytes,     125768 total
- age   7:      19304 bytes,     145072 total
- age   8:       4944 bytes,     150016 total
- age   9:      58952 bytes,     208968 total
- age  10:      22384 bytes,     231352 total
- age  11:      16288 bytes,     247640 total
- age  12:      22288 bytes,     269928 total
- age  13:      15152 bytes,     285080 total
- age  14:     116424 bytes,     401504 total
- age  15:      17208 bytes,     418712 total
, 0.0091493 secs]
   [Parallel Time: 6.2 ms, GC Workers: 2]
      [GC Worker Start (ms): Min: 9225894.2, Avg: 9225894.2, Max: 9225894.2, Diff: 0.0]
      [Ext Root Scanning (ms): Min: 1.1, Avg: 1.3, Max: 1.4, Diff: 0.3, Sum: 2.5]
      [Update RS (ms): Min: 0.8, Avg: 0.8, Max: 0.9, Diff: 0.1, Sum: 1.6]
         [Processed Buffers: Min: 4, Avg: 13.5, Max: 23, Diff: 19, Sum: 27]
      [Scan RS (ms): Min: 2.1, Avg: 2.1, Max: 2.1, Diff: 0.0, Sum: 4.3]
      [Code Root Scanning (ms): Min: 0.8, Avg: 0.8, Max: 0.8, Diff: 0.0, Sum: 1.7]
      [Object Copy (ms): Min: 1.0, Avg: 1.1, Max: 1.1, Diff: 0.1, Sum: 2.1]
      [Termination (ms): Min: 0.0, Avg: 0.0, Max: 0.0, Diff: 0.0, Sum: 0.0]
      [GC Worker Other (ms): Min: 0.0, Avg: 0.1, Max: 0.1, Diff: 0.0, Sum: 0.1]
      [GC Worker Total (ms): Min: 6.1, Avg: 6.1, Max: 6.2, Diff: 0.0, Sum: 12.3]
      [GC Worker End (ms): Min: 9225900.3, Avg: 9225900.3, Max: 9225900.4, Diff: 0.0]
   [Code Root Fixup: 0.2 ms]
   [Code Root Migration: 0.1 ms]
   [Clear CT: 0.8 ms]
   [Other: 1.8 ms]
      [Choose CSet: 0.0 ms]
      [Ref Proc: 0.1 ms]
      [Ref Enq: 0.0 ms]
      [Free CSet: 1.6 ms]
   [Eden: 3376.0M(3376.0M)->0.0B(3376.0M) Survivors: 2048.0K->2048.0K Heap: 4818.6M(5632.0M)->1442.6M(5632.0M)]
 [Times: user=0.01 sys=0.00, real=0.01 secs] 
2014-06-25T02:44:43.454+0000: 9225.903: Total time for which application threads were stopped: 0.0097113 seconds
2014-06-25T02:44:47.298+0000: 9229.748: Total time for which application threads were stopped: 0.0043115 seconds
2014-06-25T02:44:47.299+0000: 9229.748: Total time for which application threads were stopped: 0.0002176 seconds
2014-06-25T02:44:49.639+0000: 9232.088: [GC pause (G1 Evacuation Pause) (young)
Desired survivor size 222298112 bytes, new threshold 15 (max 15)
- age   1:      24136 bytes,      24136 total
- age   2:      17064 bytes,      41200 total
- age   3:      11744 bytes,      52944 total
- age   4:      20368 bytes,      73312 total
- age   5:      22784 bytes,      96096 total
- age   6:      16176 bytes,     112272 total
- age   7:      11624 bytes,     123896 total
- age   8:      19304 bytes,     143200 total
- age   9:       4944 bytes,     148144 total
- age  10:      58952 bytes,     207096 total
- age  11:      22384 bytes,     229480 total
- age  12:      16288 bytes,     245768 total
- age  13:      22288 bytes,     268056 total
- age  14:      15152 bytes,     283208 total
- age  15:     116424 bytes,     399632 total
, 0.0090845 secs]
   [Parallel Time: 6.3 ms, GC Workers: 2]
      [GC Worker Start (ms): Min: 9232088.1, Avg: 9232088.1, Max: 9232088.1, Diff: 0.0]
      [Ext Root Scanning (ms): Min: 1.1, Avg: 1.3, Max: 1.4, Diff: 0.3, Sum: 2.5]
      [Update RS (ms): Min: 0.8, Avg: 0.8, Max: 0.9, Diff: 0.1, Sum: 1.7]
         [Processed Buffers: Min: 7, Avg: 16.0, Max: 25, Diff: 18, Sum: 32]
      [Scan RS (ms): Min: 2.1, Avg: 2.2, Max: 2.2, Diff: 0.1, Sum: 4.4]
      [Code Root Scanning (ms): Min: 0.8, Avg: 0.8, Max: 0.9, Diff: 0.0, Sum: 1.7]
      [Object Copy (ms): Min: 1.0, Avg: 1.1, Max: 1.1, Diff: 0.1, Sum: 2.1]
      [Termination (ms): Min: 0.0, Avg: 0.0, Max: 0.0, Diff: 0.0, Sum: 0.0]
      [GC Worker Other (ms): Min: 0.0, Avg: 0.1, Max: 0.1, Diff: 0.0, Sum: 0.1]
      [GC Worker Total (ms): Min: 6.2, Avg: 6.2, Max: 6.2, Diff: 0.0, Sum: 12.5]
      [GC Worker End (ms): Min: 9232094.3, Avg: 9232094.3, Max: 9232094.3, Diff: 0.0]
   [Code Root Fixup: 0.2 ms]
   [Code Root Migration: 0.1 ms]
   [Clear CT: 0.7 ms]
   [Other: 1.8 ms]
      [Choose CSet: 0.0 ms]
      [Ref Proc: 0.1 ms]
      [Ref Enq: 0.0 ms]
      [Free CSet: 1.6 ms]
   [Eden: 3376.0M(3376.0M)->0.0B(3376.0M) Survivors: 2048.0K->2048.0K Heap: 4818.6M(5632.0M)->1442.6M(5632.0M)]
 [Times: user=0.02 sys=0.00, real=0.01 secs] 
2014-06-25T02:44:49.648+0000: 9232.097: Total time for which application threads were stopped: 0.0132073 seconds
2014-06-25T02:44:55.824+0000: 9238.273: [GC pause (G1 Evacuation Pause) (young)
Desired survivor size 222298112 bytes, new threshold 15 (max 15)
- age   1:      58400 bytes,      58400 total
- age   2:       2968 bytes,      61368 total
- age   3:      16872 bytes,      78240 total
- age   4:      11680 bytes,      89920 total
- age   5:      20344 bytes,     110264 total
- age   6:      22664 bytes,     132928 total
- age   7:      16176 bytes,     149104 total
- age   8:      11600 bytes,     160704 total
- age   9:      18976 bytes,     179680 total
- age  10:       4944 bytes,     184624 total
- age  11:      45088 bytes,     229712 total
- age  12:      22384 bytes,     252096 total
- age  13:      16288 bytes,     268384 total
- age  14:      22288 bytes,     290672 total
- age  15:      15152 bytes,     305824 total
, 0.0092293 secs]
   [Parallel Time: 6.4 ms, GC Workers: 2]
      [GC Worker Start (ms): Min: 9238273.4, Avg: 9238273.4, Max: 9238273.4, Diff: 0.0]
      [Ext Root Scanning (ms): Min: 1.1, Avg: 1.3, Max: 1.4, Diff: 0.2, Sum: 2.5]
      [Update RS (ms): Min: 1.0, Avg: 1.1, Max: 1.1, Diff: 0.1, Sum: 2.1]
         [Processed Buffers: Min: 3, Avg: 16.5, Max: 30, Diff: 27, Sum: 33]
      [Scan RS (ms): Min: 2.1, Avg: 2.1, Max: 2.2, Diff: 0.0, Sum: 4.3]
      [Code Root Scanning (ms): Min: 0.8, Avg: 0.8, Max: 0.9, Diff: 0.0, Sum: 1.7]
      [Object Copy (ms): Min: 0.9, Avg: 1.0, Max: 1.1, Diff: 0.2, Sum: 2.0]
      [Termination (ms): Min: 0.0, Avg: 0.0, Max: 0.0, Diff: 0.0, Sum: 0.0]
      [GC Worker Other (ms): Min: 0.0, Avg: 0.1, Max: 0.1, Diff: 0.0, Sum: 0.1]
      [GC Worker Total (ms): Min: 6.3, Avg: 6.4, Max: 6.4, Diff: 0.0, Sum: 12.7]
      [GC Worker End (ms): Min: 9238279.7, Avg: 9238279.7, Max: 9238279.7, Diff: 0.0]
   [Code Root Fixup: 0.2 ms]
   [Code Root Migration: 0.1 ms]
   [Clear CT: 0.8 ms]
   [Other: 1.8 ms]
      [Choose CSet: 0.0 ms]
      [Ref Proc: 0.1 ms]
      [Ref Enq: 0.0 ms]
      [Free CSet: 1.5 ms]
   [Eden: 3376.0M(3376.0M)->0.0B(3376.0M) Survivors: 2048.0K->2048.0K Heap: 4818.6M(5632.0M)->1442.9M(5632.0M)]
 [Times: user=0.01 sys=0.00, real=0.01 secs] 
2014-06-25T02:44:55.834+0000: 9238.283: Total time for which application threads were stopped: 0.0125376 seconds
2014-06-25T02:45:02.151+0000: 9244.600: [GC pause (G1 Evacuation Pause) (young)
Desired survivor size 222298112 bytes, new threshold 15 (max 15)
- age   1:     115096 bytes,     115096 total
- age   2:      31880 bytes,     146976 total
- age   3:       2848 bytes,     149824 total
- age   4:      16848 bytes,     166672 total
- age   5:      11656 bytes,     178328 total
- age   6:      20344 bytes,     198672 total
- age   7:      22640 bytes,     221312 total
- age   8:      16176 bytes,     237488 total
- age   9:      11600 bytes,     249088 total
- age  10:      16816 bytes,     265904 total
- age  11:       4944 bytes,     270848 total
- age  12:      45040 bytes,     315888 total
- age  13:      22384 bytes,     338272 total
- age  14:      16240 bytes,     354512 total
- age  15:      22288 bytes,     376800 total
, 0.0090067 secs]
   [Parallel Time: 6.1 ms, GC Workers: 2]
      [GC Worker Start (ms): Min: 9244600.1, Avg: 9244600.1, Max: 9244600.1, Diff: 0.0]
      [Ext Root Scanning (ms): Min: 1.1, Avg: 1.3, Max: 1.4, Diff: 0.2, Sum: 2.5]
      [Update RS (ms): Min: 0.7, Avg: 0.8, Max: 0.8, Diff: 0.0, Sum: 1.5]
         [Processed Buffers: Min: 1, Avg: 13.0, Max: 25, Diff: 24, Sum: 26]
      [Scan RS (ms): Min: 2.1, Avg: 2.1, Max: 2.2, Diff: 0.1, Sum: 4.3]
      [Code Root Scanning (ms): Min: 0.8, Avg: 0.9, Max: 0.9, Diff: 0.0, Sum: 1.7]
      [Object Copy (ms): Min: 0.9, Avg: 1.0, Max: 1.1, Diff: 0.2, Sum: 2.0]
      [Termination (ms): Min: 0.0, Avg: 0.0, Max: 0.0, Diff: 0.0, Sum: 0.0]
      [GC Worker Other (ms): Min: 0.0, Avg: 0.0, Max: 0.1, Diff: 0.0, Sum: 0.1]
      [GC Worker Total (ms): Min: 6.0, Avg: 6.0, Max: 6.1, Diff: 0.0, Sum: 12.1]
      [GC Worker End (ms): Min: 9244606.1, Avg: 9244606.1, Max: 9244606.1, Diff: 0.0]
   [Code Root Fixup: 0.2 ms]
   [Code Root Migration: 0.1 ms]
   [Clear CT: 0.8 ms]
   [Other: 1.9 ms]
      [Choose CSet: 0.0 ms]
      [Ref Proc: 0.1 ms]
      [Ref Enq: 0.0 ms]
      [Free CSet: 1.6 ms]
   [Eden: 3376.0M(3376.0M)->0.0B(3376.0M) Survivors: 2048.0K->2048.0K Heap: 4818.9M(5632.0M)->1442.7M(5632.0M)]
 [Times: user=0.01 sys=0.00, real=0.02 secs] 
2014-06-25T02:45:02.160+0000: 9244.609: Total time for which application threads were stopped: 0.0095932 seconds
2014-06-25T02:45:08.330+0000: 9250.779: [GC pause (G1 Evacuation Pause) (young)
Desired survivor size 222298112 bytes, new threshold 15 (max 15)
- age   1:      32936 bytes,      32936 total
- age   2:      90344 bytes,     123280 total
- age   3:      31752 bytes,     155032 total
- age   4:       2792 bytes,     157824 total
- age   5:      16848 bytes,     174672 total
- age   6:      11536 bytes,     186208 total
- age   7:      20344 bytes,     206552 total
- age   8:      22640 bytes,     229192 total
- age   9:      16176 bytes,     245368 total
- age  10:      11600 bytes,     256968 total
- age  11:      16816 bytes,     273784 total
- age  12:       4944 bytes,     278728 total
- age  13:      45040 bytes,     323768 total
- age  14:      22384 bytes,     346152 total
- age  15:      16240 bytes,     362392 total
, 0.0089532 secs]
   [Parallel Time: 6.1 ms, GC Workers: 2]
      [GC Worker Start (ms): Min: 9250779.5, Avg: 9250779.5, Max: 9250779.5, Diff: 0.0]
      [Ext Root Scanning (ms): Min: 1.2, Avg: 1.3, Max: 1.4, Diff: 0.3, Sum: 2.6]
      [Update RS (ms): Min: 0.7, Avg: 0.8, Max: 0.8, Diff: 0.1, Sum: 1.5]
         [Processed Buffers: Min: 1, Avg: 12.5, Max: 24, Diff: 23, Sum: 25]
      [Scan RS (ms): Min: 2.1, Avg: 2.1, Max: 2.2, Diff: 0.1, Sum: 4.3]
      [Code Root Scanning (ms): Min: 0.8, Avg: 0.8, Max: 0.9, Diff: 0.0, Sum: 1.7]
      [Object Copy (ms): Min: 0.9, Avg: 1.0, Max: 1.1, Diff: 0.2, Sum: 1.9]
      [Termination (ms): Min: 0.0, Avg: 0.0, Max: 0.0, Diff: 0.0, Sum: 0.0]
      [GC Worker Other (ms): Min: 0.0, Avg: 0.1, Max: 0.1, Diff: 0.0, Sum: 0.1]
      [GC Worker Total (ms): Min: 6.0, Avg: 6.0, Max: 6.1, Diff: 0.0, Sum: 12.1]
      [GC Worker End (ms): Min: 9250785.6, Avg: 9250785.6, Max: 9250785.6, Diff: 0.0]
   [Code Root Fixup: 0.2 ms]
   [Code Root Migration: 0.1 ms]
   [Clear CT: 0.8 ms]
   [Other: 1.8 ms]
      [Choose CSet: 0.0 ms]
      [Ref Proc: 0.1 ms]
      [Ref Enq: 0.0 ms]
      [Free CSet: 1.5 ms]
   [Eden: 3376.0M(3376.0M)->0.0B(3376.0M) Survivors: 2048.0K->2048.0K Heap: 4818.7M(5632.0M)->1442.9M(5632.0M)]
 [Times: user=0.01 sys=0.01, real=0.02 secs] 
2014-06-25T02:45:08.339+0000: 9250.789: Total time for which application threads were stopped: 0.0096101 seconds
2014-06-25T02:45:14.510+0000: 9256.959: [GC pause (G1 Evacuation Pause) (young)
Desired survivor size 222298112 bytes, new threshold 15 (max 15)
- age   1:      42552 bytes,      42552 total
- age   2:       4912 bytes,      47464 total
- age   3:      90120 bytes,     137584 total
- age   4:      31728 bytes,     169312 total
- age   5:       2792 bytes,     172104 total
- age   6:      16848 bytes,     188952 total
- age   7:      11536 bytes,     200488 total
- age   8:      20320 bytes,     220808 total
- age   9:      22640 bytes,     243448 total
- age  10:      16176 bytes,     259624 total
- age  11:      11600 bytes,     271224 total
- age  12:      16816 bytes,     288040 total
- age  13:       4944 bytes,     292984 total
- age  14:      44904 bytes,     337888 total
- age  15:      22384 bytes,     360272 total
, 0.0090123 secs]
   [Parallel Time: 6.1 ms, GC Workers: 2]
      [GC Worker Start (ms): Min: 9256959.6, Avg: 9256959.6, Max: 9256959.6, Diff: 0.0]
      [Ext Root Scanning (ms): Min: 1.2, Avg: 1.3, Max: 1.5, Diff: 0.3, Sum: 2.6]
      [Update RS (ms): Min: 0.7, Avg: 0.8, Max: 0.8, Diff: 0.1, Sum: 1.5]
         [Processed Buffers: Min: 1, Avg: 15.5, Max: 30, Diff: 29, Sum: 31]
      [Scan RS (ms): Min: 2.1, Avg: 2.1, Max: 2.2, Diff: 0.2, Sum: 4.3]
      [Code Root Scanning (ms): Min: 0.8, Avg: 0.8, Max: 0.8, Diff: 0.0, Sum: 1.7]
      [Object Copy (ms): Min: 0.9, Avg: 1.0, Max: 1.0, Diff: 0.2, Sum: 1.9]
      [Termination (ms): Min: 0.0, Avg: 0.0, Max: 0.0, Diff: 0.0, Sum: 0.0]
      [GC Worker Other (ms): Min: 0.0, Avg: 0.0, Max: 0.1, Diff: 0.0, Sum: 0.1]
      [GC Worker Total (ms): Min: 6.1, Avg: 6.1, Max: 6.1, Diff: 0.0, Sum: 12.1]
      [GC Worker End (ms): Min: 9256965.7, Avg: 9256965.7, Max: 9256965.7, Diff: 0.0]
   [Code Root Fixup: 0.2 ms]
   [Code Root Migration: 0.1 ms]
   [Clear CT: 0.8 ms]
   [Other: 1.8 ms]
      [Choose CSet: 0.0 ms]
      [Ref Proc: 0.1 ms]
      [Ref Enq: 0.0 ms]
      [Free CSet: 1.6 ms]
   [Eden: 3376.0M(3376.0M)->0.0B(3376.0M) Survivors: 2048.0K->2048.0K Heap: 4818.9M(5632.0M)->1442.8M(5632.0M)]
 [Times: user=0.02 sys=0.00, real=0.02 secs] 
2014-06-25T02:45:14.520+0000: 9256.969: Total time for which application threads were stopped: 0.0096428 seconds
2014-06-25T02:45:20.695+0000: 9263.145: [GC pause (G1 Evacuation Pause) (young)
Desired survivor size 222298112 bytes, new threshold 15 (max 15)
- age   1:      44008 bytes,      44008 total
- age   2:      19944 bytes,      63952 total
- age   3:       4760 bytes,      68712 total
- age   4:      77368 bytes,     146080 total
- age   5:      31696 bytes,     177776 total
- age   6:       2672 bytes,     180448 total
- age   7:      16824 bytes,     197272 total
- age   8:      11536 bytes,     208808 total
- age   9:      20320 bytes,     229128 total
- age  10:      22640 bytes,     251768 total
- age  11:      16176 bytes,     267944 total
- age  12:      11600 bytes,     279544 total
- age  13:      16768 bytes,     296312 total
- age  14:       4944 bytes,     301256 total
- age  15:      44880 bytes,     346136 total
, 0.0091147 secs]
   [Parallel Time: 6.2 ms, GC Workers: 2]
      [GC Worker Start (ms): Min: 9263144.7, Avg: 9263144.7, Max: 9263144.7, Diff: 0.0]
      [Ext Root Scanning (ms): Min: 1.1, Avg: 1.2, Max: 1.4, Diff: 0.2, Sum: 2.5]
      [Update RS (ms): Min: 0.8, Avg: 0.8, Max: 0.9, Diff: 0.1, Sum: 1.7]
         [Processed Buffers: Min: 7, Avg: 17.0, Max: 27, Diff: 20, Sum: 34]
      [Scan RS (ms): Min: 2.1, Avg: 2.1, Max: 2.2, Diff: 0.0, Sum: 4.3]
      [Code Root Scanning (ms): Min: 0.8, Avg: 0.8, Max: 0.8, Diff: 0.0, Sum: 1.7]
      [Object Copy (ms): Min: 0.9, Avg: 1.0, Max: 1.1, Diff: 0.2, Sum: 2.0]
      [Termination (ms): Min: 0.0, Avg: 0.0, Max: 0.0, Diff: 0.0, Sum: 0.0]
      [GC Worker Other (ms): Min: 0.0, Avg: 0.1, Max: 0.1, Diff: 0.0, Sum: 0.1]
      [GC Worker Total (ms): Min: 6.1, Avg: 6.1, Max: 6.1, Diff: 0.0, Sum: 12.2]
      [GC Worker End (ms): Min: 9263150.8, Avg: 9263150.8, Max: 9263150.8, Diff: 0.0]
   [Code Root Fixup: 0.2 ms]
   [Code Root Migration: 0.1 ms]
   [Clear CT: 0.8 ms]
   [Other: 1.9 ms]
      [Choose CSet: 0.0 ms]
      [Ref Proc: 0.1 ms]
      [Ref Enq: 0.0 ms]
      [Free CSet: 1.6 ms]
   [Eden: 3376.0M(3376.0M)->0.0B(3376.0M) Survivors: 2048.0K->2048.0K Heap: 4818.8M(5632.0M)->1442.8M(5632.0M)]
 [Times: user=0.01 sys=0.01, real=0.01 secs] 
2014-06-25T02:45:20.705+0000: 9263.154: Total time for which application threads were stopped: 0.0097364 seconds
2014-06-25T02:45:27.000+0000: 9269.449: [GC pause (G1 Evacuation Pause) (young)
Desired survivor size 222298112 bytes, new threshold 15 (max 15)
- age   1:      84056 bytes,      84056 total
- age   2:       9368 bytes,      93424 total
- age   3:      19880 bytes,     113304 total
- age   4:       4672 bytes,     117976 total
- age   5:      74048 bytes,     192024 total
- age   6:      31576 bytes,     223600 total
- age   7:       2672 bytes,     226272 total
- age   8:      16824 bytes,     243096 total
- age   9:      11536 bytes,     254632 total
- age  10:      20320 bytes,     274952 total
- age  11:      22640 bytes,     297592 total
- age  12:      16176 bytes,     313768 total
- age  13:      11600 bytes,     325368 total
- age  14:      15576 bytes,     340944 total
- age  15:       4944 bytes,     345888 total
, 0.0088828 secs]
   [Parallel Time: 6.1 ms, GC Workers: 2]
      [GC Worker Start (ms): Min: 9269449.1, Avg: 9269449.1, Max: 9269449.1, Diff: 0.0]
      [Ext Root Scanning (ms): Min: 1.1, Avg: 1.3, Max: 1.4, Diff: 0.3, Sum: 2.5]
      [Update RS (ms): Min: 0.8, Avg: 0.8, Max: 0.8, Diff: 0.0, Sum: 1.6]
         [Processed Buffers: Min: 1, Avg: 15.0, Max: 29, Diff: 28, Sum: 30]
      [Scan RS (ms): Min: 2.2, Avg: 2.2, Max: 2.2, Diff: 0.0, Sum: 4.3]
      [Code Root Scanning (ms): Min: 0.8, Avg: 0.8, Max: 0.9, Diff: 0.1, Sum: 1.7]
      [Object Copy (ms): Min: 0.8, Avg: 0.9, Max: 1.0, Diff: 0.2, Sum: 1.8]
      [Termination (ms): Min: 0.0, Avg: 0.0, Max: 0.0, Diff: 0.0, Sum: 0.0]
      [GC Worker Other (ms): Min: 0.0, Avg: 0.0, Max: 0.1, Diff: 0.0, Sum: 0.1]
      [GC Worker Total (ms): Min: 6.0, Avg: 6.0, Max: 6.0, Diff: 0.0, Sum: 12.0]
      [GC Worker End (ms): Min: 9269455.1, Avg: 9269455.1, Max: 9269455.1, Diff: 0.0]
   [Code Root Fixup: 0.2 ms]
   [Code Root Migration: 0.1 ms]
   [Clear CT: 0.8 ms]
   [Other: 1.8 ms]
      [Choose CSet: 0.0 ms]
      [Ref Proc: 0.1 ms]
      [Ref Enq: 0.0 ms]
      [Free CSet: 1.5 ms]
   [Eden: 3376.0M(3376.0M)->0.0B(3376.0M) Survivors: 2048.0K->2048.0K Heap: 4818.8M(5632.0M)->1442.9M(5632.0M)]
 [Times: user=0.02 sys=0.00, real=0.01 secs] 
2014-06-25T02:45:27.009+0000: 9269.458: Total time for which application threads were stopped: 0.0094546 seconds
2014-06-25T02:45:33.161+0000: 9275.610: [GC pause (G1 Evacuation Pause) (young)
Desired survivor size 222298112 bytes, new threshold 15 (max 15)
- age   1:      53680 bytes,      53680 total
- age   2:      38072 bytes,      91752 total
- age   3:       9176 bytes,     100928 total
- age   4:      19856 bytes,     120784 total
- age   5:       4672 bytes,     125456 total
- age   6:      73944 bytes,     199400 total
- age   7:      31552 bytes,     230952 total
- age   8:       2672 bytes,     233624 total
- age   9:      16824 bytes,     250448 total
- age  10:      11536 bytes,     261984 total
- age  11:      20320 bytes,     282304 total
- age  12:      22640 bytes,     304944 total
- age  13:      16176 bytes,     321120 total
- age  14:      11600 bytes,     332720 total
- age  15:      15576 bytes,     348296 total
, 0.0088924 secs]
   [Parallel Time: 6.0 ms, GC Workers: 2]
      [GC Worker Start (ms): Min: 9275610.1, Avg: 9275610.1, Max: 9275610.1, Diff: 0.0]
      [Ext Root Scanning (ms): Min: 1.1, Avg: 1.3, Max: 1.4, Diff: 0.3, Sum: 2.6]
      [Update RS (ms): Min: 0.6, Avg: 0.7, Max: 0.7, Diff: 0.1, Sum: 1.3]
         [Processed Buffers: Min: 2, Avg: 14.0, Max: 26, Diff: 24, Sum: 28]
      [Scan RS (ms): Min: 2.1, Avg: 2.2, Max: 2.2, Diff: 0.1, Sum: 4.3]
      [Code Root Scanning (ms): Min: 0.8, Avg: 0.8, Max: 0.9, Diff: 0.1, Sum: 1.7]
      [Object Copy (ms): Min: 0.8, Avg: 0.9, Max: 1.0, Diff: 0.2, Sum: 1.9]
      [Termination (ms): Min: 0.0, Avg: 0.0, Max: 0.0, Diff: 0.0, Sum: 0.0]
      [GC Worker Other (ms): Min: 0.0, Avg: 0.0, Max: 0.1, Diff: 0.0, Sum: 0.1]
      [GC Worker Total (ms): Min: 5.9, Avg: 6.0, Max: 6.0, Diff: 0.0, Sum: 11.9]
      [GC Worker End (ms): Min: 9275616.0, Avg: 9275616.0, Max: 9275616.0, Diff: 0.0]
   [Code Root Fixup: 0.2 ms]
   [Code Root Migration: 0.1 ms]
   [Clear CT: 0.8 ms]
   [Other: 1.8 ms]
      [Choose CSet: 0.0 ms]
      [Ref Proc: 0.1 ms]
      [Ref Enq: 0.0 ms]
      [Free CSet: 1.6 ms]
   [Eden: 3376.0M(3376.0M)->0.0B(3376.0M) Survivors: 2048.0K->2048.0K Heap: 4818.9M(5632.0M)->1442.9M(5632.0M)]
 [Times: user=0.01 sys=0.00, real=0.01 secs] 
2014-06-25T02:45:33.170+0000: 9275.619: Total time for which application threads were stopped: 0.0103376 seconds
2014-06-25T02:45:39.336+0000: 9281.785: [GC pause (G1 Evacuation Pause) (young)
Desired survivor size 222298112 bytes, new threshold 15 (max 15)
- age   1:      47896 bytes,      47896 total
- age   2:      25376 bytes,      73272 total
- age   3:      37824 bytes,     111096 total
- age   4:       9152 bytes,     120248 total
- age   5:      19856 bytes,     140104 total
- age   6:       4552 bytes,     144656 total
- age   7:      73944 bytes,     218600 total
- age   8:      31552 bytes,     250152 total
- age   9:       2672 bytes,     252824 total
- age  10:      16824 bytes,     269648 total
- age  11:      11536 bytes,     281184 total
- age  12:      20320 bytes,     301504 total
- age  13:      22640 bytes,     324144 total
- age  14:      16176 bytes,     340320 total
- age  15:      11600 bytes,     351920 total
, 0.0087936 secs]
   [Parallel Time: 6.0 ms, GC Workers: 2]
      [GC Worker Start (ms): Min: 9281785.5, Avg: 9281785.5, Max: 9281785.5, Diff: 0.0]
      [Ext Root Scanning (ms): Min: 1.1, Avg: 1.3, Max: 1.4, Diff: 0.3, Sum: 2.5]
      [Update RS (ms): Min: 0.6, Avg: 0.7, Max: 0.7, Diff: 0.1, Sum: 1.4]
         [Processed Buffers: Min: 14, Avg: 15.5, Max: 17, Diff: 3, Sum: 31]
      [Scan RS (ms): Min: 2.1, Avg: 2.1, Max: 2.2, Diff: 0.1, Sum: 4.3]
      [Code Root Scanning (ms): Min: 0.8, Avg: 0.8, Max: 0.9, Diff: 0.0, Sum: 1.7]
      [Object Copy (ms): Min: 0.8, Avg: 0.9, Max: 1.0, Diff: 0.2, Sum: 1.8]
      [Termination (ms): Min: 0.0, Avg: 0.0, Max: 0.0, Diff: 0.0, Sum: 0.0]
      [GC Worker Other (ms): Min: 0.0, Avg: 0.0, Max: 0.1, Diff: 0.0, Sum: 0.1]
      [GC Worker Total (ms): Min: 5.9, Avg: 5.9, Max: 5.9, Diff: 0.0, Sum: 11.8]
      [GC Worker End (ms): Min: 9281791.4, Avg: 9281791.4, Max: 9281791.4, Diff: 0.0]
   [Code Root Fixup: 0.2 ms]
   [Code Root Migration: 0.1 ms]
   [Clear CT: 0.8 ms]
   [Other: 1.7 ms]
      [Choose CSet: 0.0 ms]
      [Ref Proc: 0.1 ms]
      [Ref Enq: 0.0 ms]
      [Free CSet: 1.5 ms]
   [Eden: 3376.0M(3376.0M)->0.0B(3376.0M) Survivors: 2048.0K->2048.0K Heap: 4818.9M(5632.0M)->1443.0M(5632.0M)]
 [Times: user=0.01 sys=0.01, real=0.01 secs] 
2014-06-25T02:45:39.345+0000: 9281.794: Total time for which application threads were stopped: 0.0093541 seconds
2014-06-25T02:45:45.494+0000: 9287.943: [GC pause (G1 Evacuation Pause) (young)
Desired survivor size 222298112 bytes, new threshold 15 (max 15)
- age   1:      49424 bytes,      49424 total
- age   2:      16376 bytes,      65800 total
- age   3:      12528 bytes,      78328 total
- age   4:      37496 bytes,     115824 total
- age   5:       8928 bytes,     124752 total
- age   6:      19856 bytes,     144608 total
- age   7:       4552 bytes,     149160 total
- age   8:      73872 bytes,     223032 total
- age   9:      31552 bytes,     254584 total
- age  10:       2672 bytes,     257256 total
- age  11:      16824 bytes,     274080 total
- age  12:      11536 bytes,     285616 total
- age  13:      20320 bytes,     305936 total
- age  14:      22640 bytes,     328576 total
- age  15:      16176 bytes,     344752 total
, 0.0087777 secs]
   [Parallel Time: 6.0 ms, GC Workers: 2]
      [GC Worker Start (ms): Min: 9287943.5, Avg: 9287943.5, Max: 9287943.5, Diff: 0.0]
      [Ext Root Scanning (ms): Min: 1.1, Avg: 1.3, Max: 1.4, Diff: 0.3, Sum: 2.6]
      [Update RS (ms): Min: 0.6, Avg: 0.7, Max: 0.7, Diff: 0.1, Sum: 1.3]
         [Processed Buffers: Min: 1, Avg: 14.0, Max: 27, Diff: 26, Sum: 28]
      [Scan RS (ms): Min: 2.1, Avg: 2.2, Max: 2.2, Diff: 0.0, Sum: 4.3]
      [Code Root Scanning (ms): Min: 0.8, Avg: 0.8, Max: 0.9, Diff: 0.0, Sum: 1.7]
      [Object Copy (ms): Min: 0.8, Avg: 0.9, Max: 1.0, Diff: 0.2, Sum: 1.8]
      [Termination (ms): Min: 0.0, Avg: 0.0, Max: 0.0, Diff: 0.0, Sum: 0.0]
      [GC Worker Other (ms): Min: 0.0, Avg: 0.0, Max: 0.1, Diff: 0.0, Sum: 0.1]
      [GC Worker Total (ms): Min: 5.9, Avg: 5.9, Max: 5.9, Diff: 0.0, Sum: 11.8]
      [GC Worker End (ms): Min: 9287949.4, Avg: 9287949.4, Max: 9287949.4, Diff: 0.0]
   [Code Root Fixup: 0.2 ms]
   [Code Root Migration: 0.1 ms]
   [Clear CT: 0.8 ms]
   [Other: 1.7 ms]
      [Choose CSet: 0.0 ms]
      [Ref Proc: 0.1 ms]
      [Ref Enq: 0.0 ms]
      [Free CSet: 1.5 ms]
   [Eden: 3376.0M(3376.0M)->0.0B(3376.0M) Survivors: 2048.0K->2048.0K Heap: 4819.0M(5632.0M)->1443.0M(5632.0M)]
 [Times: user=0.01 sys=0.00, real=0.01 secs] 
2014-06-25T02:45:45.503+0000: 9287.952: Total time for which application threads were stopped: 0.0093062 seconds
2014-06-25T02:45:48.276+0000: 9290.725: Total time for which application threads were stopped: 0.0022413 seconds
2014-06-25T02:45:48.276+0000: 9290.725: Total time for which application threads were stopped: 0.0002140 seconds
2014-06-25T02:45:51.655+0000: 9294.104: [GC pause (G1 Evacuation Pause) (young)
Desired survivor size 222298112 bytes, new threshold 15 (max 15)
- age   1:      39376 bytes,      39376 total
- age   2:      19256 bytes,      58632 total
- age   3:      16256 bytes,      74888 total
- age   4:      12504 bytes,      87392 total
- age   5:      37440 bytes,     124832 total
- age   6:       8928 bytes,     133760 total
- age   7:      19832 bytes,     153592 total
- age   8:       4552 bytes,     158144 total
- age   9:      73872 bytes,     232016 total
- age  10:      31552 bytes,     263568 total
- age  11:       2672 bytes,     266240 total
- age  12:      16824 bytes,     283064 total
- age  13:      11536 bytes,     294600 total
- age  14:      20320 bytes,     314920 total
- age  15:      22640 bytes,     337560 total
, 0.0088479 secs]
   [Parallel Time: 6.0 ms, GC Workers: 2]
      [GC Worker Start (ms): Min: 9294103.9, Avg: 9294103.9, Max: 9294103.9, Diff: 0.0]
      [Ext Root Scanning (ms): Min: 1.1, Avg: 1.3, Max: 1.4, Diff: 0.2, Sum: 2.5]
      [Update RS (ms): Min: 0.7, Avg: 0.7, Max: 0.7, Diff: 0.1, Sum: 1.4]
         [Processed Buffers: Min: 5, Avg: 15.5, Max: 26, Diff: 21, Sum: 31]
      [Scan RS (ms): Min: 2.1, Avg: 2.2, Max: 2.2, Diff: 0.1, Sum: 4.4]
      [Code Root Scanning (ms): Min: 0.8, Avg: 0.8, Max: 0.9, Diff: 0.0, Sum: 1.7]
      [Object Copy (ms): Min: 0.8, Avg: 0.9, Max: 1.0, Diff: 0.2, Sum: 1.8]
      [Termination (ms): Min: 0.0, Avg: 0.0, Max: 0.0, Diff: 0.0, Sum: 0.0]
      [GC Worker Other (ms): Min: 0.0, Avg: 0.0, Max: 0.1, Diff: 0.0, Sum: 0.1]
      [GC Worker Total (ms): Min: 5.9, Avg: 5.9, Max: 5.9, Diff: 0.0, Sum: 11.9]
      [GC Worker End (ms): Min: 9294109.8, Avg: 9294109.8, Max: 9294109.8, Diff: 0.0]
   [Code Root Fixup: 0.2 ms]
   [Code Root Migration: 0.1 ms]
   [Clear CT: 0.8 ms]
   [Other: 1.8 ms]
      [Choose CSet: 0.0 ms]
      [Ref Proc: 0.1 ms]
      [Ref Enq: 0.0 ms]
      [Free CSet: 1.5 ms]
   [Eden: 3376.0M(3376.0M)->0.0B(3376.0M) Survivors: 2048.0K->2048.0K Heap: 4819.0M(5632.0M)->1442.8M(5632.0M)]
 [Times: user=0.02 sys=0.00, real=0.01 secs] 
2014-06-25T02:45:51.664+0000: 9294.113: Total time for which application threads were stopped: 0.0093928 seconds
2014-06-25T02:45:57.809+0000: 9300.258: [GC pause (G1 Evacuation Pause) (young)
Desired survivor size 222298112 bytes, new threshold 15 (max 15)
- age   1:      61344 bytes,      61344 total
- age   2:      12112 bytes,      73456 total
- age   3:       6520 bytes,      79976 total
- age   4:      16168 bytes,      96144 total
- age   5:      12504 bytes,     108648 total
- age   6:      37320 bytes,     145968 total
- age   7:       8928 bytes,     154896 total
- age   8:      19832 bytes,     174728 total
- age   9:       4552 bytes,     179280 total
- age  10:      73872 bytes,     253152 total
- age  11:      17720 bytes,     270872 total
- age  12:       2672 bytes,     273544 total
- age  13:      16824 bytes,     290368 total
- age  14:      11536 bytes,     301904 total
- age  15:      20320 bytes,     322224 total
, 0.0086841 secs]
   [Parallel Time: 5.9 ms, GC Workers: 2]
      [GC Worker Start (ms): Min: 9300258.2, Avg: 9300258.2, Max: 9300258.2, Diff: 0.0]
      [Ext Root Scanning (ms): Min: 1.1, Avg: 1.3, Max: 1.4, Diff: 0.3, Sum: 2.5]
      [Update RS (ms): Min: 0.6, Avg: 0.6, Max: 0.7, Diff: 0.1, Sum: 1.3]
         [Processed Buffers: Min: 10, Avg: 12.5, Max: 15, Diff: 5, Sum: 25]
      [Scan RS (ms): Min: 2.1, Avg: 2.2, Max: 2.2, Diff: 0.0, Sum: 4.3]
      [Code Root Scanning (ms): Min: 0.8, Avg: 0.8, Max: 0.8, Diff: 0.0, Sum: 1.7]
      [Object Copy (ms): Min: 0.8, Avg: 0.9, Max: 1.0, Diff: 0.2, Sum: 1.8]
      [Termination (ms): Min: 0.0, Avg: 0.0, Max: 0.0, Diff: 0.0, Sum: 0.0]
      [GC Worker Other (ms): Min: 0.0, Avg: 0.1, Max: 0.1, Diff: 0.0, Sum: 0.1]
      [GC Worker Total (ms): Min: 5.8, Avg: 5.8, Max: 5.9, Diff: 0.0, Sum: 11.7]
      [GC Worker End (ms): Min: 9300264.0, Avg: 9300264.0, Max: 9300264.0, Diff: 0.0]
   [Code Root Fixup: 0.2 ms]
   [Code Root Migration: 0.1 ms]
   [Clear CT: 0.8 ms]
   [Other: 1.7 ms]
      [Choose CSet: 0.0 ms]
      [Ref Proc: 0.1 ms]
      [Ref Enq: 0.0 ms]
      [Free CSet: 1.5 ms]
   [Eden: 3376.0M(3376.0M)->0.0B(3376.0M) Survivors: 2048.0K->2048.0K Heap: 4818.8M(5632.0M)->1443.0M(5632.0M)]
 [Times: user=0.01 sys=0.00, real=0.01 secs] 
2014-06-25T02:45:57.818+0000: 9300.267: Total time for which application threads were stopped: 0.0092131 seconds
2014-06-25T02:46:01.311+0000: 9303.760: Total time for which application threads were stopped: 0.0031997 seconds
2014-06-25T02:46:04.141+0000: 9306.590: [GC pause (G1 Evacuation Pause) (young)
Desired survivor size 222298112 bytes, new threshold 15 (max 15)
- age   1:      41248 bytes,      41248 total
- age   2:      34904 bytes,      76152 total
- age   3:      11888 bytes,      88040 total
- age   4:       6496 bytes,      94536 total
- age   5:      16168 bytes,     110704 total
- age   6:      12504 bytes,     123208 total
- age   7:      37320 bytes,     160528 total
- age   8:       8904 bytes,     169432 total
- age   9:      19832 bytes,     189264 total
- age  10:       4552 bytes,     193816 total
- age  11:      73872 bytes,     267688 total
- age  12:      17720 bytes,     285408 total
- age  13:       2672 bytes,     288080 total
- age  14:      16824 bytes,     304904 total
- age  15:      11536 bytes,     316440 total
, 0.0088226 secs]
   [Parallel Time: 6.0 ms, GC Workers: 2]
      [GC Worker Start (ms): Min: 9306590.3, Avg: 9306590.3, Max: 9306590.3, Diff: 0.0]
      [Ext Root Scanning (ms): Min: 1.1, Avg: 1.3, Max: 1.4, Diff: 0.3, Sum: 2.6]
      [Update RS (ms): Min: 0.6, Avg: 0.7, Max: 0.7, Diff: 0.1, Sum: 1.4]
         [Processed Buffers: Min: 1, Avg: 16.0, Max: 31, Diff: 30, Sum: 32]
      [Scan RS (ms): Min: 2.1, Avg: 2.1, Max: 2.2, Diff: 0.1, Sum: 4.3]
      [Code Root Scanning (ms): Min: 0.8, Avg: 0.8, Max: 0.9, Diff: 0.1, Sum: 1.7]
      [Object Copy (ms): Min: 0.8, Avg: 0.9, Max: 1.0, Diff: 0.2, Sum: 1.8]
      [Termination (ms): Min: 0.0, Avg: 0.0, Max: 0.0, Diff: 0.0, Sum: 0.0]
      [GC Worker Other (ms): Min: 0.0, Avg: 0.1, Max: 0.1, Diff: 0.0, Sum: 0.1]
      [GC Worker Total (ms): Min: 5.9, Avg: 5.9, Max: 5.9, Diff: 0.0, Sum: 11.8]
      [GC Worker End (ms): Min: 9306596.2, Avg: 9306596.2, Max: 9306596.2, Diff: 0.0]
   [Code Root Fixup: 0.2 ms]
   [Code Root Migration: 0.1 ms]
   [Clear CT: 0.8 ms]
   [Other: 1.8 ms]
      [Choose CSet: 0.0 ms]
      [Ref Proc: 0.1 ms]
      [Ref Enq: 0.0 ms]
      [Free CSet: 1.6 ms]
   [Eden: 3376.0M(3376.0M)->0.0B(3376.0M) Survivors: 2048.0K->2048.0K Heap: 4819.0M(5632.0M)->1443.0M(5632.0M)]
 [Times: user=0.01 sys=0.00, real=0.01 secs] 
2014-06-25T02:46:04.150+0000: 9306.599: Total time for which application threads were stopped: 0.0094948 seconds
2014-06-25T02:46:10.302+0000: 9312.751: [GC pause (G1 Evacuation Pause) (young)
Desired survivor size 222298112 bytes, new threshold 15 (max 15)
- age   1:      71688 bytes,      71688 total
- age   2:      17648 bytes,      89336 total
- age   3:      34688 bytes,     124024 total
- age   4:      11840 bytes,     135864 total
- age   5:       6464 bytes,     142328 total
- age   6:      16048 bytes,     158376 total
- age   7:      12480 bytes,     170856 total
- age   8:      37320 bytes,     208176 total
- age   9:       8904 bytes,     217080 total
- age  10:      19832 bytes,     236912 total
- age  11:       4552 bytes,     241464 total
- age  12:      73872 bytes,     315336 total
- age  13:      17720 bytes,     333056 total
- age  14:       2672 bytes,     335728 total
- age  15:      16824 bytes,     352552 total
, 0.0087139 secs]
   [Parallel Time: 5.9 ms, GC Workers: 2]
      [GC Worker Start (ms): Min: 9312751.4, Avg: 9312751.4, Max: 9312751.4, Diff: 0.0]
      [Ext Root Scanning (ms): Min: 1.1, Avg: 1.3, Max: 1.4, Diff: 0.3, Sum: 2.6]
      [Update RS (ms): Min: 0.6, Avg: 0.7, Max: 0.8, Diff: 0.2, Sum: 1.3]
         [Processed Buffers: Min: 1, Avg: 13.5, Max: 26, Diff: 25, Sum: 27]
      [Scan RS (ms): Min: 2.1, Avg: 2.1, Max: 2.1, Diff: 0.0, Sum: 4.3]
      [Code Root Scanning (ms): Min: 0.8, Avg: 0.8, Max: 0.9, Diff: 0.1, Sum: 1.7]
      [Object Copy (ms): Min: 0.9, Avg: 0.9, Max: 1.0, Diff: 0.1, Sum: 1.8]
      [Termination (ms): Min: 0.0, Avg: 0.0, Max: 0.0, Diff: 0.0, Sum: 0.0]
      [GC Worker Other (ms): Min: 0.0, Avg: 0.0, Max: 0.1, Diff: 0.0, Sum: 0.1]
      [GC Worker Total (ms): Min: 5.9, Avg: 5.9, Max: 5.9, Diff: 0.0, Sum: 11.7]
      [GC Worker End (ms): Min: 9312757.3, Avg: 9312757.3, Max: 9312757.3, Diff: 0.0]
   [Code Root Fixup: 0.2 ms]
   [Code Root Migration: 0.1 ms]
   [Clear CT: 0.8 ms]
   [Other: 1.7 ms]
      [Choose CSet: 0.0 ms]
      [Ref Proc: 0.1 ms]
      [Ref Enq: 0.0 ms]
      [Free CSet: 1.5 ms]
   [Eden: 3376.0M(3376.0M)->0.0B(3376.0M) Survivors: 2048.0K->2048.0K Heap: 4819.0M(5632.0M)->1443.1M(5632.0M)]
 [Times: user=0.02 sys=0.00, real=0.01 secs] 
2014-06-25T02:46:10.311+0000: 9312.760: Total time for which application threads were stopped: 0.0092467 seconds
2014-06-25T02:46:16.316+0000: 9318.765: Total time for which application threads were stopped: 0.0017707 seconds
2014-06-25T02:46:16.455+0000: 9318.904: [GC pause (G1 Evacuation Pause) (young)
Desired survivor size 222298112 bytes, new threshold 15 (max 15)
- age   1:      43824 bytes,      43824 total
- age   2:      48920 bytes,      92744 total
- age   3:      17616 bytes,     110360 total
- age   4:      34600 bytes,     144960 total
- age   5:      11840 bytes,     156800 total
- age   6:       6344 bytes,     163144 total
- age   7:      16048 bytes,     179192 total
- age   8:      12480 bytes,     191672 total
- age   9:      37320 bytes,     228992 total
- age  10:       8904 bytes,     237896 total
- age  11:      19832 bytes,     257728 total
- age  12:       4552 bytes,     262280 total
- age  13:      73872 bytes,     336152 total
- age  14:      17720 bytes,     353872 total
- age  15:       2672 bytes,     356544 total
, 0.0087520 secs]
   [Parallel Time: 6.0 ms, GC Workers: 2]
      [GC Worker Start (ms): Min: 9318904.4, Avg: 9318904.4, Max: 9318904.4, Diff: 0.0]
      [Ext Root Scanning (ms): Min: 1.1, Avg: 1.3, Max: 1.4, Diff: 0.3, Sum: 2.5]
      [Update RS (ms): Min: 0.6, Avg: 0.7, Max: 0.7, Diff: 0.1, Sum: 1.4]
         [Processed Buffers: Min: 1, Avg: 13.0, Max: 25, Diff: 24, Sum: 26]
      [Scan RS (ms): Min: 2.1, Avg: 2.2, Max: 2.2, Diff: 0.1, Sum: 4.3]
      [Code Root Scanning (ms): Min: 0.8, Avg: 0.8, Max: 0.8, Diff: 0.0, Sum: 1.7]
      [Object Copy (ms): Min: 0.8, Avg: 0.9, Max: 1.0, Diff: 0.2, Sum: 1.8]
      [Termination (ms): Min: 0.0, Avg: 0.0, Max: 0.0, Diff: 0.0, Sum: 0.0]
      [GC Worker Other (ms): Min: 0.0, Avg: 0.1, Max: 0.1, Diff: 0.0, Sum: 0.1]
      [GC Worker Total (ms): Min: 5.9, Avg: 5.9, Max: 5.9, Diff: 0.0, Sum: 11.8]
      [GC Worker End (ms): Min: 9318910.3, Avg: 9318910.3, Max: 9318910.3, Diff: 0.0]
   [Code Root Fixup: 0.2 ms]
   [Code Root Migration: 0.1 ms]
   [Clear CT: 0.8 ms]
   [Other: 1.7 ms]
      [Choose CSet: 0.0 ms]
      [Ref Proc: 0.1 ms]
      [Ref Enq: 0.0 ms]
      [Free CSet: 1.5 ms]
   [Eden: 3376.0M(3376.0M)->0.0B(3376.0M) Survivors: 2048.0K->2048.0K Heap: 4819.1M(5632.0M)->1443.1M(5632.0M)]
 [Times: user=0.02 sys=0.00, real=0.01 secs] 
2014-06-25T02:46:16.464+0000: 9318.913: Total time for which application threads were stopped: 0.0093600 seconds
2014-06-25T02:46:22.740+0000: 9325.189: [GC pause (G1 Evacuation Pause) (young)
Desired survivor size 222298112 bytes, new threshold 15 (max 15)
- age   1:      50280 bytes,      50280 total
- age   2:      13408 bytes,      63688 total
- age   3:      13896 bytes,      77584 total
- age   4:      17592 bytes,      95176 total
- age   5:      34600 bytes,     129776 total
- age   6:      11840 bytes,     141616 total
- age   7:       6320 bytes,     147936 total
- age   8:      16048 bytes,     163984 total
- age   9:      12480 bytes,     176464 total
- age  10:      37320 bytes,     213784 total
- age  11:       8904 bytes,     222688 total
- age  12:      19832 bytes,     242520 total
- age  13:       4552 bytes,     247072 total
- age  14:      73872 bytes,     320944 total
- age  15:      17720 bytes,     338664 total
, 0.0086381 secs]
   [Parallel Time: 5.9 ms, GC Workers: 2]
      [GC Worker Start (ms): Min: 9325188.9, Avg: 9325188.9, Max: 9325188.9, Diff: 0.0]
      [Ext Root Scanning (ms): Min: 1.1, Avg: 1.3, Max: 1.4, Diff: 0.2, Sum: 2.5]
      [Update RS (ms): Min: 0.6, Avg: 0.6, Max: 0.7, Diff: 0.0, Sum: 1.3]
         [Processed Buffers: Min: 1, Avg: 14.5, Max: 28, Diff: 27, Sum: 29]
      [Scan RS (ms): Min: 2.1, Avg: 2.1, Max: 2.1, Diff: 0.0, Sum: 4.2]
      [Code Root Scanning (ms): Min: 0.8, Avg: 0.8, Max: 0.9, Diff: 0.0, Sum: 1.7]
      [Object Copy (ms): Min: 0.8, Avg: 0.9, Max: 1.0, Diff: 0.2, Sum: 1.8]
      [Termination (ms): Min: 0.0, Avg: 0.0, Max: 0.0, Diff: 0.0, Sum: 0.0]
      [GC Worker Other (ms): Min: 0.0, Avg: 0.1, Max: 0.1, Diff: 0.0, Sum: 0.1]
      [GC Worker Total (ms): Min: 5.8, Avg: 5.8, Max: 5.8, Diff: 0.0, Sum: 11.6]
      [GC Worker End (ms): Min: 9325194.7, Avg: 9325194.7, Max: 9325194.7, Diff: 0.0]
   [Code Root Fixup: 0.2 ms]
   [Code Root Migration: 0.1 ms]
   [Clear CT: 0.8 ms]
   [Other: 1.8 ms]
      [Choose CSet: 0.0 ms]
      [Ref Proc: 0.1 ms]
      [Ref Enq: 0.0 ms]
      [Free CSet: 1.6 ms]
   [Eden: 3376.0M(3376.0M)->0.0B(3376.0M) Survivors: 2048.0K->2048.0K Heap: 4819.1M(5632.0M)->1443.0M(5632.0M)]
 [Times: user=0.01 sys=0.01, real=0.01 secs] 
2014-06-25T02:46:22.748+0000: 9325.198: Total time for which application threads were stopped: 0.0124656 seconds
2014-06-25T02:46:28.921+0000: 9331.370: [GC pause (G1 Evacuation Pause) (young)
Desired survivor size 222298112 bytes, new threshold 15 (max 15)
- age   1:      39784 bytes,      39784 total
- age   2:      16360 bytes,      56144 total
- age   3:      13160 bytes,      69304 total
- age   4:      13768 bytes,      83072 total
- age   5:      17592 bytes,     100664 total
- age   6:      34480 bytes,     135144 total
- age   7:      11840 bytes,     146984 total
- age   8:       6320 bytes,     153304 total
- age   9:      16048 bytes,     169352 total
- age  10:      12480 bytes,     181832 total
- age  11:      37320 bytes,     219152 total
- age  12:       8904 bytes,     228056 total
- age  13:      19832 bytes,     247888 total
- age  14:       4552 bytes,     252440 total
- age  15:      73872 bytes,     326312 total
, 0.0089200 secs]
   [Parallel Time: 6.0 ms, GC Workers: 2]
      [GC Worker Start (ms): Min: 9331370.2, Avg: 9331370.2, Max: 9331370.2, Diff: 0.0]
      [Ext Root Scanning (ms): Min: 1.1, Avg: 1.3, Max: 1.4, Diff: 0.3, Sum: 2.5]
      [Update RS (ms): Min: 0.7, Avg: 0.7, Max: 0.8, Diff: 0.1, Sum: 1.4]
         [Processed Buffers: Min: 1, Avg: 14.0, Max: 27, Diff: 26, Sum: 28]
      [Scan RS (ms): Min: 2.1, Avg: 2.1, Max: 2.2, Diff: 0.1, Sum: 4.3]
      [Code Root Scanning (ms): Min: 0.8, Avg: 0.8, Max: 0.8, Diff: 0.0, Sum: 1.7]
      [Object Copy (ms): Min: 0.8, Avg: 0.9, Max: 1.0, Diff: 0.2, Sum: 1.9]
      [Termination (ms): Min: 0.0, Avg: 0.0, Max: 0.0, Diff: 0.0, Sum: 0.0]
      [GC Worker Other (ms): Min: 0.0, Avg: 0.0, Max: 0.1, Diff: 0.0, Sum: 0.1]
      [GC Worker Total (ms): Min: 5.9, Avg: 5.9, Max: 5.9, Diff: 0.0, Sum: 11.8]
      [GC Worker End (ms): Min: 9331376.1, Avg: 9331376.1, Max: 9331376.1, Diff: 0.0]
   [Code Root Fixup: 0.2 ms]
   [Code Root Migration: 0.1 ms]
   [Clear CT: 0.8 ms]
   [Other: 1.8 ms]
      [Choose CSet: 0.0 ms]
      [Ref Proc: 0.1 ms]
      [Ref Enq: 0.0 ms]
      [Free CSet: 1.6 ms]
   [Eden: 3376.0M(3376.0M)->0.0B(3376.0M) Survivors: 2048.0K->2048.0K Heap: 4819.0M(5632.0M)->1443.0M(5632.0M)]
 [Times: user=0.01 sys=0.00, real=0.01 secs] 
2014-06-25T02:46:28.930+0000: 9331.379: Total time for which application threads were stopped: 0.0095996 seconds
2014-06-25T02:46:35.080+0000: 9337.529: [GC pause (G1 Evacuation Pause) (young)
Desired survivor size 222298112 bytes, new threshold 15 (max 15)
- age   1:      54544 bytes,      54544 total
- age   2:      10040 bytes,      64584 total
- age   3:      16136 bytes,      80720 total
- age   4:      13160 bytes,      93880 total
- age   5:      13624 bytes,     107504 total
- age   6:      17592 bytes,     125096 total
- age   7:      34480 bytes,     159576 total
- age   8:      11816 bytes,     171392 total
- age   9:       6320 bytes,     177712 total
- age  10:      16048 bytes,     193760 total
- age  11:      12480 bytes,     206240 total
- age  12:      37320 bytes,     243560 total
- age  13:       8904 bytes,     252464 total
- age  14:      19696 bytes,     272160 total
- age  15:       4552 bytes,     276712 total
, 0.0087197 secs]
   [Parallel Time: 5.9 ms, GC Workers: 2]
      [GC Worker Start (ms): Min: 9337529.5, Avg: 9337529.5, Max: 9337529.5, Diff: 0.0]
      [Ext Root Scanning (ms): Min: 1.1, Avg: 1.3, Max: 1.4, Diff: 0.3, Sum: 2.5]
      [Update RS (ms): Min: 0.7, Avg: 0.8, Max: 0.8, Diff: 0.1, Sum: 1.5]
         [Processed Buffers: Min: 1, Avg: 13.5, Max: 26, Diff: 25, Sum: 27]
      [Scan RS (ms): Min: 2.1, Avg: 2.1, Max: 2.2, Diff: 0.1, Sum: 4.3]
      [Code Root Scanning (ms): Min: 0.8, Avg: 0.8, Max: 0.9, Diff: 0.1, Sum: 1.7]
      [Object Copy (ms): Min: 0.7, Avg: 0.8, Max: 0.9, Diff: 0.2, Sum: 1.7]
      [Termination (ms): Min: 0.0, Avg: 0.0, Max: 0.0, Diff: 0.0, Sum: 0.0]
      [GC Worker Other (ms): Min: 0.0, Avg: 0.0, Max: 0.1, Diff: 0.0, Sum: 0.1]
      [GC Worker Total (ms): Min: 5.9, Avg: 5.9, Max: 5.9, Diff: 0.0, Sum: 11.7]
      [GC Worker End (ms): Min: 9337535.3, Avg: 9337535.3, Max: 9337535.3, Diff: 0.0]
   [Code Root Fixup: 0.2 ms]
   [Code Root Migration: 0.1 ms]
   [Clear CT: 0.8 ms]
   [Other: 1.8 ms]
      [Choose CSet: 0.0 ms]
      [Ref Proc: 0.1 ms]
      [Ref Enq: 0.0 ms]
      [Free CSet: 1.6 ms]
   [Eden: 3376.0M(3376.0M)->0.0B(3376.0M) Survivors: 2048.0K->2048.0K Heap: 4819.0M(5632.0M)->1443.0M(5632.0M)]
 [Times: user=0.01 sys=0.00, real=0.01 secs] 
2014-06-25T02:46:35.089+0000: 9337.538: Total time for which application threads were stopped: 0.0093551 seconds
2014-06-25T02:46:41.240+0000: 9343.689: [GC pause (G1 Evacuation Pause) (young)
Desired survivor size 222298112 bytes, new threshold 15 (max 15)
- age   1:      34992 bytes,      34992 total
- age   2:      25824 bytes,      60816 total
- age   3:       9920 bytes,      70736 total
- age   4:      16112 bytes,      86848 total
- age   5:      13136 bytes,      99984 total
- age   6:      13624 bytes,     113608 total
- age   7:      17568 bytes,     131176 total
- age   8:      34480 bytes,     165656 total
- age   9:      11816 bytes,     177472 total
- age  10:       6320 bytes,     183792 total
- age  11:      16048 bytes,     199840 total
- age  12:      12480 bytes,     212320 total
- age  13:      37320 bytes,     249640 total
- age  14:       8904 bytes,     258544 total
- age  15:      19696 bytes,     278240 total
, 0.0085087 secs]
   [Parallel Time: 5.7 ms, GC Workers: 2]
      [GC Worker Start (ms): Min: 9343689.5, Avg: 9343689.5, Max: 9343689.5, Diff: 0.0]
      [Ext Root Scanning (ms): Min: 1.1, Avg: 1.3, Max: 1.4, Diff: 0.3, Sum: 2.5]
      [Update RS (ms): Min: 0.5, Avg: 0.6, Max: 0.7, Diff: 0.2, Sum: 1.2]
         [Processed Buffers: Min: 1, Avg: 14.0, Max: 27, Diff: 26, Sum: 28]
      [Scan RS (ms): Min: 2.1, Avg: 2.1, Max: 2.2, Diff: 0.1, Sum: 4.2]
      [Code Root Scanning (ms): Min: 0.8, Avg: 0.8, Max: 0.8, Diff: 0.0, Sum: 1.7]
      [Object Copy (ms): Min: 0.7, Avg: 0.8, Max: 0.9, Diff: 0.2, Sum: 1.7]
      [Termination (ms): Min: 0.0, Avg: 0.0, Max: 0.0, Diff: 0.0, Sum: 0.0]
      [GC Worker Other (ms): Min: 0.0, Avg: 0.0, Max: 0.0, Diff: 0.0, Sum: 0.1]
      [GC Worker Total (ms): Min: 5.7, Avg: 5.7, Max: 5.7, Diff: 0.0, Sum: 11.3]
      [GC Worker End (ms): Min: 9343695.1, Avg: 9343695.1, Max: 9343695.2, Diff: 0.0]
   [Code Root Fixup: 0.2 ms]
   [Code Root Migration: 0.1 ms]
   [Clear CT: 0.8 ms]
   [Other: 1.7 ms]
      [Choose CSet: 0.0 ms]
      [Ref Proc: 0.1 ms]
      [Ref Enq: 0.0 ms]
      [Free CSet: 1.5 ms]
   [Eden: 3376.0M(3376.0M)->0.0B(3376.0M) Survivors: 2048.0K->2048.0K Heap: 4819.0M(5632.0M)->1443.2M(5632.0M)]
 [Times: user=0.02 sys=0.00, real=0.01 secs] 
2014-06-25T02:46:41.249+0000: 9343.698: Total time for which application threads were stopped: 0.0129984 seconds
2014-06-25T02:46:47.400+0000: 9349.849: [GC pause (G1 Evacuation Pause) (young)
Desired survivor size 222298112 bytes, new threshold 15 (max 15)
- age   1:      36976 bytes,      36976 total
- age   2:       9248 bytes,      46224 total
- age   3:      25728 bytes,      71952 total
- age   4:       9832 bytes,      81784 total
- age   5:      16112 bytes,      97896 total
- age   6:      13016 bytes,     110912 total
- age   7:      13624 bytes,     124536 total
- age   8:      17568 bytes,     142104 total
- age   9:      34480 bytes,     176584 total
- age  10:      11816 bytes,     188400 total
- age  11:       6288 bytes,     194688 total
- age  12:      16048 bytes,     210736 total
- age  13:      12480 bytes,     223216 total
- age  14:      37184 bytes,     260400 total
- age  15:       8904 bytes,     269304 total
, 0.0085971 secs]
   [Parallel Time: 5.8 ms, GC Workers: 2]
      [GC Worker Start (ms): Min: 9349849.5, Avg: 9349849.5, Max: 9349849.5, Diff: 0.0]
      [Ext Root Scanning (ms): Min: 1.1, Avg: 1.3, Max: 1.4, Diff: 0.3, Sum: 2.5]
      [Update RS (ms): Min: 0.5, Avg: 0.6, Max: 0.7, Diff: 0.2, Sum: 1.3]
         [Processed Buffers: Min: 1, Avg: 12.0, Max: 23, Diff: 22, Sum: 24]
      [Scan RS (ms): Min: 2.0, Avg: 2.1, Max: 2.2, Diff: 0.2, Sum: 4.3]
      [Code Root Scanning (ms): Min: 0.8, Avg: 0.8, Max: 0.9, Diff: 0.0, Sum: 1.7]
      [Object Copy (ms): Min: 0.7, Avg: 0.8, Max: 0.9, Diff: 0.2, Sum: 1.6]
      [Termination (ms): Min: 0.0, Avg: 0.0, Max: 0.0, Diff: 0.0, Sum: 0.0]
      [GC Worker Other (ms): Min: 0.0, Avg: 0.0, Max: 0.1, Diff: 0.0, Sum: 0.1]
      [GC Worker Total (ms): Min: 5.7, Avg: 5.7, Max: 5.7, Diff: 0.0, Sum: 11.4]
      [GC Worker End (ms): Min: 9349855.2, Avg: 9349855.2, Max: 9349855.2, Diff: 0.0]
   [Code Root Fixup: 0.2 ms]
   [Code Root Migration: 0.1 ms]
   [Clear CT: 0.8 ms]
   [Other: 1.8 ms]
      [Choose CSet: 0.0 ms]
      [Ref Proc: 0.1 ms]
      [Ref Enq: 0.0 ms]
      [Free CSet: 1.6 ms]
   [Eden: 3376.0M(3376.0M)->0.0B(3376.0M) Survivors: 2048.0K->2048.0K Heap: 4819.2M(5632.0M)->1443.2M(5632.0M)]
 [Times: user=0.01 sys=0.00, real=0.01 secs] 
2014-06-25T02:46:47.409+0000: 9349.858: Total time for which application threads were stopped: 0.0092150 seconds
2014-06-25T02:46:49.302+0000: 9351.751: Total time for which application threads were stopped: 0.0043144 seconds
2014-06-25T02:46:49.302+0000: 9351.751: Total time for which application threads were stopped: 0.0002189 seconds
2014-06-25T02:46:53.564+0000: 9356.014: [GC pause (G1 Evacuation Pause) (young)
Desired survivor size 222298112 bytes, new threshold 15 (max 15)
- age   1:      36320 bytes,      36320 total
- age   2:       7888 bytes,      44208 total
- age   3:       9024 bytes,      53232 total
- age   4:      25704 bytes,      78936 total
- age   5:       9832 bytes,      88768 total
- age   6:      16112 bytes,     104880 total
- age   7:      13016 bytes,     117896 total
- age   8:      13600 bytes,     131496 total
- age   9:      17568 bytes,     149064 total
- age  10:      34480 bytes,     183544 total
- age  11:      11816 bytes,     195360 total
- age  12:       6288 bytes,     201648 total
- age  13:      16048 bytes,     217696 total
- age  14:      12480 bytes,     230176 total
- age  15:      37184 bytes,     267360 total
, 0.0083670 secs]
   [Parallel Time: 5.7 ms, GC Workers: 2]
      [GC Worker Start (ms): Min: 9356013.7, Avg: 9356013.7, Max: 9356013.7, Diff: 0.0]
      [Ext Root Scanning (ms): Min: 1.1, Avg: 1.3, Max: 1.4, Diff: 0.3, Sum: 2.5]
      [Update RS (ms): Min: 0.6, Avg: 0.6, Max: 0.7, Diff: 0.1, Sum: 1.2]
         [Processed Buffers: Min: 1, Avg: 16.5, Max: 32, Diff: 31, Sum: 33]
      [Scan RS (ms): Min: 1.9, Avg: 2.0, Max: 2.1, Diff: 0.2, Sum: 4.0]
      [Code Root Scanning (ms): Min: 0.8, Avg: 0.8, Max: 0.8, Diff: 0.0, Sum: 1.7]
      [Object Copy (ms): Min: 0.7, Avg: 0.8, Max: 0.9, Diff: 0.2, Sum: 1.7]
      [Termination (ms): Min: 0.0, Avg: 0.0, Max: 0.0, Diff: 0.0, Sum: 0.0]
      [GC Worker Other (ms): Min: 0.0, Avg: 0.0, Max: 0.1, Diff: 0.0, Sum: 0.1]
      [GC Worker Total (ms): Min: 5.6, Avg: 5.6, Max: 5.6, Diff: 0.0, Sum: 11.2]
      [GC Worker End (ms): Min: 9356019.2, Avg: 9356019.3, Max: 9356019.3, Diff: 0.0]
   [Code Root Fixup: 0.2 ms]
   [Code Root Migration: 0.1 ms]
   [Clear CT: 0.8 ms]
   [Other: 1.7 ms]
      [Choose CSet: 0.0 ms]
      [Ref Proc: 0.1 ms]
      [Ref Enq: 0.0 ms]
      [Free CSet: 1.4 ms]
   [Eden: 3376.0M(3376.0M)->0.0B(3376.0M) Survivors: 2048.0K->2048.0K Heap: 4819.2M(5632.0M)->1443.1M(5632.0M)]
 [Times: user=0.01 sys=0.01, real=0.00 secs] 
2014-06-25T02:46:53.573+0000: 9356.022: Total time for which application threads were stopped: 0.0089386 seconds
2014-06-25T02:46:59.720+0000: 9362.170: [GC pause (G1 Evacuation Pause) (young)
Desired survivor size 222298112 bytes, new threshold 15 (max 15)
- age   1:      64128 bytes,      64128 total
- age   2:       8808 bytes,      72936 total
- age   3:       7640 bytes,      80576 total
- age   4:       8968 bytes,      89544 total
- age   5:      25672 bytes,     115216 total
- age   6:       9712 bytes,     124928 total
- age   7:      16112 bytes,     141040 total
- age   8:      13016 bytes,     154056 total
- age   9:      13600 bytes,     167656 total
- age  10:      17568 bytes,     185224 total
- age  11:      20376 bytes,     205600 total
- age  12:      11816 bytes,     217416 total
- age  13:       6200 bytes,     223616 total
- age  14:      16048 bytes,     239664 total
- age  15:      12480 bytes,     252144 total
, 0.0087359 secs]
   [Parallel Time: 5.8 ms, GC Workers: 2]
      [GC Worker Start (ms): Min: 9362169.7, Avg: 9362169.7, Max: 9362169.7, Diff: 0.0]
      [Ext Root Scanning (ms): Min: 1.1, Avg: 1.3, Max: 1.4, Diff: 0.3, Sum: 2.5]
      [Update RS (ms): Min: 0.5, Avg: 0.6, Max: 0.8, Diff: 0.2, Sum: 1.3]
         [Processed Buffers: Min: 1, Avg: 12.0, Max: 23, Diff: 22, Sum: 24]
      [Scan RS (ms): Min: 2.1, Avg: 2.1, Max: 2.1, Diff: 0.0, Sum: 4.3]
      [Code Root Scanning (ms): Min: 0.8, Avg: 0.8, Max: 0.9, Diff: 0.1, Sum: 1.7]
      [Object Copy (ms): Min: 0.7, Avg: 0.8, Max: 0.9, Diff: 0.1, Sum: 1.6]
      [Termination (ms): Min: 0.0, Avg: 0.0, Max: 0.0, Diff: 0.0, Sum: 0.0]
      [GC Worker Other (ms): Min: 0.0, Avg: 0.0, Max: 0.1, Diff: 0.0, Sum: 0.1]
      [GC Worker Total (ms): Min: 5.7, Avg: 5.7, Max: 5.7, Diff: 0.0, Sum: 11.5]
      [GC Worker End (ms): Min: 9362175.4, Avg: 9362175.4, Max: 9362175.4, Diff: 0.0]
   [Code Root Fixup: 0.2 ms]
   [Code Root Migration: 0.1 ms]
   [Clear CT: 0.8 ms]
   [Other: 1.9 ms]
      [Choose CSet: 0.0 ms]
      [Ref Proc: 0.1 ms]
      [Ref Enq: 0.0 ms]
      [Free CSet: 1.6 ms]
   [Eden: 3376.0M(3376.0M)->0.0B(3376.0M) Survivors: 2048.0K->2048.0K Heap: 4819.1M(5632.0M)->1443.2M(5632.0M)]
 [Times: user=0.01 sys=0.00, real=0.01 secs] 
2014-06-25T02:46:59.729+0000: 9362.178: Total time for which application threads were stopped: 0.0093040 seconds
2014-06-25T02:47:06.147+0000: 9368.596: [GC pause (G1 Evacuation Pause) (young)
Desired survivor size 222298112 bytes, new threshold 15 (max 15)
- age   1:      45928 bytes,      45928 total
- age   2:      30768 bytes,      76696 total
- age   3:       8616 bytes,      85312 total
- age   4:       7608 bytes,      92920 total
- age   5:       8944 bytes,     101864 total
- age   6:      25552 bytes,     127416 total
- age   7:       9712 bytes,     137128 total
- age   8:      16088 bytes,     153216 total
- age   9:      13016 bytes,     166232 total
- age  10:      13600 bytes,     179832 total
- age  11:      17568 bytes,     197400 total
- age  12:      20376 bytes,     217776 total
- age  13:      11816 bytes,     229592 total
- age  14:       6200 bytes,     235792 total
- age  15:      16048 bytes,     251840 total
, 0.0089612 secs]
   [Parallel Time: 5.8 ms, GC Workers: 2]
      [GC Worker Start (ms): Min: 9368596.3, Avg: 9368596.3, Max: 9368596.3, Diff: 0.0]
      [Ext Root Scanning (ms): Min: 1.2, Avg: 1.3, Max: 1.4, Diff: 0.3, Sum: 2.6]
      [Update RS (ms): Min: 0.5, Avg: 0.6, Max: 0.6, Diff: 0.1, Sum: 1.1]
         [Processed Buffers: Min: 1, Avg: 13.5, Max: 26, Diff: 25, Sum: 27]
      [Scan RS (ms): Min: 2.2, Avg: 2.2, Max: 2.2, Diff: 0.0, Sum: 4.3]
      [Code Root Scanning (ms): Min: 0.8, Avg: 0.8, Max: 0.8, Diff: 0.0, Sum: 1.7]
      [Object Copy (ms): Min: 0.7, Avg: 0.8, Max: 0.9, Diff: 0.1, Sum: 1.6]
      [Termination (ms): Min: 0.0, Avg: 0.0, Max: 0.0, Diff: 0.0, Sum: 0.0]
      [GC Worker Other (ms): Min: 0.0, Avg: 0.1, Max: 0.1, Diff: 0.0, Sum: 0.1]
      [GC Worker Total (ms): Min: 5.7, Avg: 5.7, Max: 5.7, Diff: 0.0, Sum: 11.5]
      [GC Worker End (ms): Min: 9368602.0, Avg: 9368602.0, Max: 9368602.1, Diff: 0.0]
   [Code Root Fixup: 0.2 ms]
   [Code Root Migration: 0.1 ms]
   [Clear CT: 0.8 ms]
   [Other: 2.0 ms]
      [Choose CSet: 0.0 ms]
      [Ref Proc: 0.1 ms]
      [Ref Enq: 0.0 ms]
      [Free CSet: 1.8 ms]
   [Eden: 3376.0M(3376.0M)->0.0B(3376.0M) Survivors: 2048.0K->2048.0K Heap: 4819.2M(5632.0M)->1443.1M(5632.0M)]
 [Times: user=0.01 sys=0.00, real=0.01 secs] 
2014-06-25T02:47:06.156+0000: 9368.605: Total time for which application threads were stopped: 0.0096530 seconds
2014-06-25T02:47:12.368+0000: 9374.817: [GC pause (G1 Evacuation Pause) (young)
Desired survivor size 222298112 bytes, new threshold 15 (max 15)
- age   1:      40504 bytes,      40504 total
- age   2:      15264 bytes,      55768 total
- age   3:      30616 bytes,      86384 total
- age   4:       8592 bytes,      94976 total
- age   5:       7584 bytes,     102560 total
- age   6:       8944 bytes,     111504 total
- age   7:      25528 bytes,     137032 total
- age   8:       9712 bytes,     146744 total
- age   9:      16088 bytes,     162832 total
- age  10:      13016 bytes,     175848 total
- age  11:      13600 bytes,     189448 total
- age  12:      17568 bytes,     207016 total
- age  13:      20376 bytes,     227392 total
- age  14:      11816 bytes,     239208 total
- age  15:       6200 bytes,     245408 total
, 0.0088124 secs]
   [Parallel Time: 5.7 ms, GC Workers: 2]
      [GC Worker Start (ms): Min: 9374817.0, Avg: 9374817.0, Max: 9374817.0, Diff: 0.0]
      [Ext Root Scanning (ms): Min: 1.1, Avg: 1.3, Max: 1.4, Diff: 0.3, Sum: 2.5]
      [Update RS (ms): Min: 0.6, Avg: 0.6, Max: 0.6, Diff: 0.0, Sum: 1.1]
         [Processed Buffers: Min: 1, Avg: 13.0, Max: 25, Diff: 24, Sum: 26]
      [Scan RS (ms): Min: 2.1, Avg: 2.2, Max: 2.2, Diff: 0.1, Sum: 4.3]
      [Code Root Scanning (ms): Min: 0.8, Avg: 0.8, Max: 0.9, Diff: 0.0, Sum: 1.7]
      [Object Copy (ms): Min: 0.7, Avg: 0.8, Max: 0.8, Diff: 0.1, Sum: 1.5]
      [Termination (ms): Min: 0.0, Avg: 0.0, Max: 0.0, Diff: 0.0, Sum: 0.0]
      [GC Worker Other (ms): Min: 0.0, Avg: 0.1, Max: 0.1, Diff: 0.0, Sum: 0.1]
      [GC Worker Total (ms): Min: 5.7, Avg: 5.7, Max: 5.7, Diff: 0.0, Sum: 11.3]
      [GC Worker End (ms): Min: 9374822.6, Avg: 9374822.6, Max: 9374822.6, Diff: 0.0]
   [Code Root Fixup: 0.2 ms]
   [Code Root Migration: 0.1 ms]
   [Clear CT: 0.8 ms]
   [Other: 2.0 ms]
      [Choose CSet: 0.0 ms]
      [Ref Proc: 0.1 ms]
      [Ref Enq: 0.0 ms]
      [Free CSet: 1.7 ms]
   [Eden: 3376.0M(3376.0M)->0.0B(3376.0M) Survivors: 2048.0K->2048.0K Heap: 4819.1M(5632.0M)->1443.3M(5632.0M)]
 [Times: user=0.02 sys=0.00, real=0.01 secs] 
2014-06-25T02:47:12.377+0000: 9374.826: Total time for which application threads were stopped: 0.0105351 seconds
2014-06-25T02:47:18.543+0000: 9380.992: [GC pause (G1 Evacuation Pause) (young)
Desired survivor size 222298112 bytes, new threshold 15 (max 15)
- age   1:      32960 bytes,      32960 total
- age   2:      13256 bytes,      46216 total
- age   3:      15168 bytes,      61384 total
- age   4:      30528 bytes,      91912 total
- age   5:       8592 bytes,     100504 total
- age   6:       7464 bytes,     107968 total
- age   7:       8944 bytes,     116912 total
- age   8:      25528 bytes,     142440 total
- age   9:       9712 bytes,     152152 total
- age  10:      16088 bytes,     168240 total
- age  11:      13016 bytes,     181256 total
- age  12:      13600 bytes,     194856 total
- age  13:      17568 bytes,     212424 total
- age  14:      20376 bytes,     232800 total
- age  15:      11816 bytes,     244616 total
, 0.0087015 secs]
   [Parallel Time: 5.7 ms, GC Workers: 2]
      [GC Worker Start (ms): Min: 9380991.9, Avg: 9380991.9, Max: 9380991.9, Diff: 0.0]
      [Ext Root Scanning (ms): Min: 1.1, Avg: 1.3, Max: 1.4, Diff: 0.3, Sum: 2.6]
      [Update RS (ms): Min: 0.5, Avg: 0.5, Max: 0.6, Diff: 0.1, Sum: 1.1]
         [Processed Buffers: Min: 12, Avg: 12.0, Max: 12, Diff: 0, Sum: 24]
      [Scan RS (ms): Min: 2.1, Avg: 2.2, Max: 2.2, Diff: 0.0, Sum: 4.3]
      [Code Root Scanning (ms): Min: 0.8, Avg: 0.8, Max: 0.9, Diff: 0.0, Sum: 1.7]
      [Object Copy (ms): Min: 0.7, Avg: 0.8, Max: 0.9, Diff: 0.2, Sum: 1.5]
      [Termination (ms): Min: 0.0, Avg: 0.0, Max: 0.0, Diff: 0.0, Sum: 0.0]
      [GC Worker Other (ms): Min: 0.0, Avg: 0.1, Max: 0.1, Diff: 0.0, Sum: 0.1]
      [GC Worker Total (ms): Min: 5.6, Avg: 5.6, Max: 5.6, Diff: 0.0, Sum: 11.3]
      [GC Worker End (ms): Min: 9380997.5, Avg: 9380997.5, Max: 9380997.5, Diff: 0.0]
   [Code Root Fixup: 0.2 ms]
   [Code Root Migration: 0.1 ms]
   [Clear CT: 0.8 ms]
   [Other: 1.9 ms]
      [Choose CSet: 0.0 ms]
      [Ref Proc: 0.1 ms]
      [Ref Enq: 0.0 ms]
      [Free CSet: 1.7 ms]
   [Eden: 3376.0M(3376.0M)->0.0B(3376.0M) Survivors: 2048.0K->2048.0K Heap: 4819.3M(5632.0M)->1443.2M(5632.0M)]
 [Times: user=0.01 sys=0.01, real=0.02 secs] 
2014-06-25T02:47:18.552+0000: 9381.001: Total time for which application threads were stopped: 0.0093304 seconds
2014-06-25T02:47:24.856+0000: 9387.305: [GC pause (G1 Evacuation Pause) (young)
Desired survivor size 222298112 bytes, new threshold 15 (max 15)
- age   1:      35312 bytes,      35312 total
- age   2:       6760 bytes,      42072 total
- age   3:      13032 bytes,      55104 total
- age   4:      15144 bytes,      70248 total
- age   5:      30528 bytes,     100776 total
- age   6:       8592 bytes,     109368 total
- age   7:       7464 bytes,     116832 total
- age   8:       8920 bytes,     125752 total
- age   9:      25528 bytes,     151280 total
- age  10:       9712 bytes,     160992 total
- age  11:      15992 bytes,     176984 total
- age  12:      13016 bytes,     190000 total
- age  13:      12680 bytes,     202680 total
- age  14:      17568 bytes,     220248 total
- age  15:      20376 bytes,     240624 total
, 0.0086231 secs]
   [Parallel Time: 5.7 ms, GC Workers: 2]
      [GC Worker Start (ms): Min: 9387304.8, Avg: 9387304.8, Max: 9387304.8, Diff: 0.0]
      [Ext Root Scanning (ms): Min: 1.1, Avg: 1.3, Max: 1.4, Diff: 0.3, Sum: 2.5]
      [Update RS (ms): Min: 0.5, Avg: 0.5, Max: 0.6, Diff: 0.1, Sum: 1.1]
         [Processed Buffers: Min: 13, Avg: 14.0, Max: 15, Diff: 2, Sum: 28]
      [Scan RS (ms): Min: 2.1, Avg: 2.1, Max: 2.2, Diff: 0.1, Sum: 4.3]
      [Code Root Scanning (ms): Min: 0.8, Avg: 0.8, Max: 0.9, Diff: 0.0, Sum: 1.7]
      [Object Copy (ms): Min: 0.7, Avg: 0.8, Max: 0.9, Diff: 0.2, Sum: 1.5]
      [Termination (ms): Min: 0.0, Avg: 0.0, Max: 0.0, Diff: 0.0, Sum: 0.0]
      [GC Worker Other (ms): Min: 0.1, Avg: 0.1, Max: 0.1, Diff: 0.0, Sum: 0.1]
      [GC Worker Total (ms): Min: 5.6, Avg: 5.6, Max: 5.6, Diff: 0.0, Sum: 11.2]
      [GC Worker End (ms): Min: 9387310.4, Avg: 9387310.4, Max: 9387310.4, Diff: 0.0]
   [Code Root Fixup: 0.2 ms]
   [Code Root Migration: 0.1 ms]
   [Clear CT: 0.8 ms]
   [Other: 1.9 ms]
      [Choose CSet: 0.0 ms]
      [Ref Proc: 0.1 ms]
      [Ref Enq: 0.0 ms]
      [Free CSet: 1.6 ms]
   [Eden: 3376.0M(3376.0M)->0.0B(3376.0M) Survivors: 2048.0K->2048.0K Heap: 4819.2M(5632.0M)->1443.2M(5632.0M)]
 [Times: user=0.01 sys=0.00, real=0.01 secs] 
2014-06-25T02:47:24.864+0000: 9387.313: Total time for which application threads were stopped: 0.0092540 seconds
2014-06-25T02:47:31.014+0000: 9393.463: [GC pause (G1 Evacuation Pause) (young)
Desired survivor size 222298112 bytes, new threshold 15 (max 15)
- age   1:      41376 bytes,      41376 total
- age   2:       6608 bytes,      47984 total
- age   3:       6544 bytes,      54528 total
- age   4:      12952 bytes,      67480 total
- age   5:      15112 bytes,      82592 total
- age   6:      30408 bytes,     113000 total
- age   7:       8568 bytes,     121568 total
- age   8:       7464 bytes,     129032 total
- age   9:       8920 bytes,     137952 total
- age  10:      25528 bytes,     163480 total
- age  11:       9712 bytes,     173192 total
- age  12:      15992 bytes,     189184 total
- age  13:      13016 bytes,     202200 total
- age  14:      12680 bytes,     214880 total
- age  15:      17568 bytes,     232448 total
, 0.0083637 secs]
   [Parallel Time: 5.7 ms, GC Workers: 2]
      [GC Worker Start (ms): Min: 9393463.4, Avg: 9393463.4, Max: 9393463.4, Diff: 0.0]
      [Ext Root Scanning (ms): Min: 1.1, Avg: 1.3, Max: 1.4, Diff: 0.3, Sum: 2.5]
      [Update RS (ms): Min: 0.5, Avg: 0.5, Max: 0.6, Diff: 0.1, Sum: 1.1]
         [Processed Buffers: Min: 11, Avg: 13.5, Max: 16, Diff: 5, Sum: 27]
      [Scan RS (ms): Min: 2.1, Avg: 2.1, Max: 2.2, Diff: 0.0, Sum: 4.3]
      [Code Root Scanning (ms): Min: 0.8, Avg: 0.8, Max: 0.8, Diff: 0.0, Sum: 1.7]
      [Object Copy (ms): Min: 0.7, Avg: 0.8, Max: 0.8, Diff: 0.2, Sum: 1.5]
      [Termination (ms): Min: 0.0, Avg: 0.0, Max: 0.0, Diff: 0.0, Sum: 0.0]
      [GC Worker Other (ms): Min: 0.0, Avg: 0.1, Max: 0.1, Diff: 0.0, Sum: 0.1]
      [GC Worker Total (ms): Min: 5.6, Avg: 5.6, Max: 5.6, Diff: 0.0, Sum: 11.2]
      [GC Worker End (ms): Min: 9393469.0, Avg: 9393469.0, Max: 9393469.0, Diff: 0.0]
   [Code Root Fixup: 0.2 ms]
   [Code Root Migration: 0.1 ms]
   [Clear CT: 0.8 ms]
   [Other: 1.7 ms]
      [Choose CSet: 0.0 ms]
      [Ref Proc: 0.1 ms]
      [Ref Enq: 0.0 ms]
      [Free CSet: 1.5 ms]
   [Eden: 3376.0M(3376.0M)->0.0B(3376.0M) Survivors: 2048.0K->2048.0K Heap: 4819.2M(5632.0M)->1443.3M(5632.0M)]
 [Times: user=0.02 sys=0.00, real=0.00 secs] 
2014-06-25T02:47:31.023+0000: 9393.472: Total time for which application threads were stopped: 0.0128830 seconds
2014-06-25T02:47:37.199+0000: 9399.648: [GC pause (G1 Evacuation Pause) (young)
Desired survivor size 222298112 bytes, new threshold 15 (max 15)
- age   1:      42216 bytes,      42216 total
- age   2:      16856 bytes,      59072 total
- age   3:       6576 bytes,      65648 total
- age   4:       6520 bytes,      72168 total
- age   5:      12952 bytes,      85120 total
- age   6:      14992 bytes,     100112 total
- age   7:      30408 bytes,     130520 total
- age   8:       8568 bytes,     139088 total
- age   9:       7464 bytes,     146552 total
- age  10:       8920 bytes,     155472 total
- age  11:      25528 bytes,     181000 total
- age  12:       9712 bytes,     190712 total
- age  13:      15992 bytes,     206704 total
- age  14:      13016 bytes,     219720 total
- age  15:      12680 bytes,     232400 total
, 0.0083724 secs]
   [Parallel Time: 5.6 ms, GC Workers: 2]
      [GC Worker Start (ms): Min: 9399647.9, Avg: 9399647.9, Max: 9399647.9, Diff: 0.0]
      [Ext Root Scanning (ms): Min: 1.1, Avg: 1.3, Max: 1.4, Diff: 0.2, Sum: 2.5]
      [Update RS (ms): Min: 0.5, Avg: 0.5, Max: 0.6, Diff: 0.1, Sum: 1.1]
         [Processed Buffers: Min: 10, Avg: 12.5, Max: 15, Diff: 5, Sum: 25]
      [Scan RS (ms): Min: 2.1, Avg: 2.1, Max: 2.2, Diff: 0.1, Sum: 4.3]
      [Code Root Scanning (ms): Min: 0.8, Avg: 0.8, Max: 0.8, Diff: 0.0, Sum: 1.7]
      [Object Copy (ms): Min: 0.7, Avg: 0.7, Max: 0.8, Diff: 0.1, Sum: 1.5]
      [Termination (ms): Min: 0.0, Avg: 0.0, Max: 0.0, Diff: 0.0, Sum: 0.0]
      [GC Worker Other (ms): Min: 0.0, Avg: 0.0, Max: 0.0, Diff: 0.0, Sum: 0.1]
      [GC Worker Total (ms): Min: 5.6, Avg: 5.6, Max: 5.6, Diff: 0.0, Sum: 11.1]
      [GC Worker End (ms): Min: 9399653.5, Avg: 9399653.5, Max: 9399653.5, Diff: 0.0]
   [Code Root Fixup: 0.2 ms]
   [Code Root Migration: 0.1 ms]
   [Clear CT: 0.8 ms]
   [Other: 1.7 ms]
      [Choose CSet: 0.0 ms]
      [Ref Proc: 0.1 ms]
      [Ref Enq: 0.0 ms]
      [Free CSet: 1.5 ms]
   [Eden: 3376.0M(3376.0M)->0.0B(3376.0M) Survivors: 2048.0K->2048.0K Heap: 4819.3M(5632.0M)->1443.3M(5632.0M)]
 [Times: user=0.02 sys=0.00, real=0.01 secs] 
2014-06-25T02:47:37.207+0000: 9399.656: Total time for which application threads were stopped: 0.0127000 seconds
2014-06-25T02:47:43.406+0000: 9405.855: [GC pause (G1 Evacuation Pause) (young)
Desired survivor size 222298112 bytes, new threshold 15 (max 15)
- age   1:      42256 bytes,      42256 total
- age   2:      14248 bytes,      56504 total
- age   3:      16632 bytes,      73136 total
- age   4:       6552 bytes,      79688 total
- age   5:       6520 bytes,      86208 total
- age   6:      12952 bytes,      99160 total
- age   7:      14968 bytes,     114128 total
- age   8:      30408 bytes,     144536 total
- age   9:       8568 bytes,     153104 total
- age  10:       7464 bytes,     160568 total
- age  11:       8920 bytes,     169488 total
- age  12:      25528 bytes,     195016 total
- age  13:       9712 bytes,     204728 total
- age  14:      15992 bytes,     220720 total
- age  15:      13016 bytes,     233736 total
, 0.0085731 secs]
   [Parallel Time: 5.7 ms, GC Workers: 2]
      [GC Worker Start (ms): Min: 9405855.1, Avg: 9405855.1, Max: 9405855.1, Diff: 0.0]
      [Ext Root Scanning (ms): Min: 1.1, Avg: 1.3, Max: 1.4, Diff: 0.3, Sum: 2.5]
      [Update RS (ms): Min: 0.5, Avg: 0.5, Max: 0.6, Diff: 0.1, Sum: 1.1]
         [Processed Buffers: Min: 3, Avg: 13.5, Max: 24, Diff: 21, Sum: 27]
      [Scan RS (ms): Min: 2.1, Avg: 2.1, Max: 2.2, Diff: 0.0, Sum: 4.3]
      [Code Root Scanning (ms): Min: 0.9, Avg: 0.9, Max: 0.9, Diff: 0.0, Sum: 1.7]
      [Object Copy (ms): Min: 0.7, Avg: 0.8, Max: 0.8, Diff: 0.1, Sum: 1.5]
      [Termination (ms): Min: 0.0, Avg: 0.0, Max: 0.0, Diff: 0.0, Sum: 0.0]
      [GC Worker Other (ms): Min: 0.0, Avg: 0.0, Max: 0.1, Diff: 0.0, Sum: 0.1]
      [GC Worker Total (ms): Min: 5.6, Avg: 5.6, Max: 5.6, Diff: 0.0, Sum: 11.2]
      [GC Worker End (ms): Min: 9405860.7, Avg: 9405860.7, Max: 9405860.7, Diff: 0.0]
   [Code Root Fixup: 0.2 ms]
   [Code Root Migration: 0.1 ms]
   [Clear CT: 0.8 ms]
   [Other: 1.8 ms]
      [Choose CSet: 0.0 ms]
      [Ref Proc: 0.1 ms]
      [Ref Enq: 0.0 ms]
      [Free CSet: 1.6 ms]
   [Eden: 3376.0M(3376.0M)->0.0B(3376.0M) Survivors: 2048.0K->2048.0K Heap: 4819.3M(5632.0M)->1443.4M(5632.0M)]
 [Times: user=0.02 sys=0.00, real=0.01 secs] 
2014-06-25T02:47:43.415+0000: 9405.864: Total time for which application threads were stopped: 0.0091313 seconds
2014-06-25T02:47:49.561+0000: 9412.010: [GC pause (G1 Evacuation Pause) (young)
Desired survivor size 222298112 bytes, new threshold 15 (max 15)
- age   1:      46528 bytes,      46528 total
- age   2:      14528 bytes,      61056 total
- age   3:      14064 bytes,      75120 total
- age   4:      16544 bytes,      91664 total
- age   5:       6552 bytes,      98216 total
- age   6:       6400 bytes,     104616 total
- age   7:      12952 bytes,     117568 total
- age   8:      14968 bytes,     132536 total
- age   9:      30408 bytes,     162944 total
- age  10:       8568 bytes,     171512 total
- age  11:       7464 bytes,     178976 total
- age  12:       8920 bytes,     187896 total
- age  13:      25528 bytes,     213424 total
- age  14:       9712 bytes,     223136 total
- age  15:      15992 bytes,     239128 total
, 0.0085513 secs]
   [Parallel Time: 5.6 ms, GC Workers: 2]
      [GC Worker Start (ms): Min: 9412010.5, Avg: 9412010.5, Max: 9412010.5, Diff: 0.0]
      [Ext Root Scanning (ms): Min: 1.1, Avg: 1.3, Max: 1.4, Diff: 0.3, Sum: 2.5]
      [Update RS (ms): Min: 0.5, Avg: 0.5, Max: 0.6, Diff: 0.1, Sum: 1.1]
         [Processed Buffers: Min: 1, Avg: 14.5, Max: 28, Diff: 27, Sum: 29]
      [Scan RS (ms): Min: 2.1, Avg: 2.1, Max: 2.1, Diff: 0.0, Sum: 4.3]
      [Code Root Scanning (ms): Min: 0.8, Avg: 0.8, Max: 0.9, Diff: 0.0, Sum: 1.7]
      [Object Copy (ms): Min: 0.7, Avg: 0.8, Max: 0.9, Diff: 0.2, Sum: 1.5]
      [Termination (ms): Min: 0.0, Avg: 0.0, Max: 0.0, Diff: 0.0, Sum: 0.0]
      [GC Worker Other (ms): Min: 0.0, Avg: 0.1, Max: 0.1, Diff: 0.0, Sum: 0.1]
      [GC Worker Total (ms): Min: 5.5, Avg: 5.6, Max: 5.6, Diff: 0.0, Sum: 11.1]
      [GC Worker End (ms): Min: 9412016.0, Avg: 9412016.0, Max: 9412016.0, Diff: 0.0]
   [Code Root Fixup: 0.2 ms]
   [Code Root Migration: 0.1 ms]
   [Clear CT: 0.8 ms]
   [Other: 1.8 ms]
      [Choose CSet: 0.0 ms]
      [Ref Proc: 0.1 ms]
      [Ref Enq: 0.0 ms]
      [Free CSet: 1.6 ms]
   [Eden: 3376.0M(3376.0M)->0.0B(3376.0M) Survivors: 2048.0K->2048.0K Heap: 4819.4M(5632.0M)->1443.3M(5632.0M)]
 [Times: user=0.01 sys=0.00, real=0.00 secs] 
2014-06-25T02:47:49.570+0000: 9412.019: Total time for which application threads were stopped: 0.0091340 seconds
2014-06-25T02:47:55.727+0000: 9418.176: [GC pause (G1 Evacuation Pause) (young)
Desired survivor size 222298112 bytes, new threshold 15 (max 15)
- age   1:      46280 bytes,      46280 total
- age   2:      17888 bytes,      64168 total
- age   3:      14336 bytes,      78504 total
- age   4:      14000 bytes,      92504 total
- age   5:      16400 bytes,     108904 total
- age   6:       6552 bytes,     115456 total
- age   7:       6400 bytes,     121856 total
- age   8:      12928 bytes,     134784 total
- age   9:      14968 bytes,     149752 total
- age  10:      30312 bytes,     180064 total
- age  11:       8568 bytes,     188632 total
- age  12:       7464 bytes,     196096 total
- age  13:       8920 bytes,     205016 total
- age  14:      25392 bytes,     230408 total
- age  15:       9712 bytes,     240120 total
, 0.0083184 secs]
   [Parallel Time: 5.6 ms, GC Workers: 2]
      [GC Worker Start (ms): Min: 9418176.5, Avg: 9418176.5, Max: 9418176.6, Diff: 0.0]
      [Ext Root Scanning (ms): Min: 1.1, Avg: 1.2, Max: 1.3, Diff: 0.2, Sum: 2.5]
      [Update RS (ms): Min: 0.5, Avg: 0.5, Max: 0.6, Diff: 0.0, Sum: 1.1]
         [Processed Buffers: Min: 13, Avg: 15.0, Max: 17, Diff: 4, Sum: 30]
      [Scan RS (ms): Min: 2.1, Avg: 2.1, Max: 2.2, Diff: 0.1, Sum: 4.3]
      [Code Root Scanning (ms): Min: 0.8, Avg: 0.8, Max: 0.9, Diff: 0.0, Sum: 1.7]
      [Object Copy (ms): Min: 0.7, Avg: 0.8, Max: 0.9, Diff: 0.2, Sum: 1.5]
      [Termination (ms): Min: 0.0, Avg: 0.0, Max: 0.0, Diff: 0.0, Sum: 0.0]
      [GC Worker Other (ms): Min: 0.0, Avg: 0.0, Max: 0.1, Diff: 0.0, Sum: 0.1]
      [GC Worker Total (ms): Min: 5.5, Avg: 5.6, Max: 5.6, Diff: 0.0, Sum: 11.1]
      [GC Worker End (ms): Min: 9418182.1, Avg: 9418182.1, Max: 9418182.1, Diff: 0.0]
   [Code Root Fixup: 0.2 ms]
   [Code Root Migration: 0.1 ms]
   [Clear CT: 0.8 ms]
   [Other: 1.7 ms]
      [Choose CSet: 0.0 ms]
      [Ref Proc: 0.1 ms]
      [Ref Enq: 0.0 ms]
      [Free CSet: 1.5 ms]
   [Eden: 3376.0M(3376.0M)->0.0B(3376.0M) Survivors: 2048.0K->2048.0K Heap: 4819.3M(5632.0M)->1443.5M(5632.0M)]
 [Times: user=0.02 sys=0.00, real=0.01 secs] 
2014-06-25T02:47:55.736+0000: 9418.185: Total time for which application threads were stopped: 0.0120515 seconds
2014-06-25T02:48:02.049+0000: 9424.498: [GC pause (G1 Evacuation Pause) (young)
Desired survivor size 222298112 bytes, new threshold 15 (max 15)
- age   1:      62336 bytes,      62336 total
- age   2:      14720 bytes,      77056 total
- age   3:      17768 bytes,      94824 total
- age   4:      14312 bytes,     109136 total
- age   5:      13976 bytes,     123112 total
- age   6:      16400 bytes,     139512 total
- age   7:       6528 bytes,     146040 total
- age   8:       6400 bytes,     152440 total
- age   9:      12928 bytes,     165368 total
- age  10:      14968 bytes,     180336 total
- age  11:      16240 bytes,     196576 total
- age  12:       8568 bytes,     205144 total
- age  13:       7464 bytes,     212608 total
- age  14:       8920 bytes,     221528 total
- age  15:      25392 bytes,     246920 total
, 0.0086676 secs]
   [Parallel Time: 5.6 ms, GC Workers: 2]
      [GC Worker Start (ms): Min: 9424497.9, Avg: 9424497.9, Max: 9424497.9, Diff: 0.0]
      [Ext Root Scanning (ms): Min: 1.1, Avg: 1.3, Max: 1.4, Diff: 0.3, Sum: 2.6]
      [Update RS (ms): Min: 0.4, Avg: 0.5, Max: 0.6, Diff: 0.1, Sum: 1.0]
         [Processed Buffers: Min: 2, Avg: 13.5, Max: 25, Diff: 23, Sum: 27]
      [Scan RS (ms): Min: 2.1, Avg: 2.1, Max: 2.2, Diff: 0.1, Sum: 4.3]
      [Code Root Scanning (ms): Min: 0.8, Avg: 0.8, Max: 0.9, Diff: 0.1, Sum: 1.7]
      [Object Copy (ms): Min: 0.7, Avg: 0.7, Max: 0.8, Diff: 0.1, Sum: 1.5]
      [Termination (ms): Min: 0.0, Avg: 0.0, Max: 0.0, Diff: 0.0, Sum: 0.0]
      [GC Worker Other (ms): Min: 0.0, Avg: 0.0, Max: 0.1, Diff: 0.0, Sum: 0.1]
      [GC Worker Total (ms): Min: 5.5, Avg: 5.6, Max: 5.6, Diff: 0.0, Sum: 11.1]
      [GC Worker End (ms): Min: 9424503.4, Avg: 9424503.4, Max: 9424503.4, Diff: 0.0]
   [Code Root Fixup: 0.2 ms]
   [Code Root Migration: 0.1 ms]
   [Clear CT: 0.8 ms]
   [Other: 1.9 ms]
      [Choose CSet: 0.0 ms]
      [Ref Proc: 0.1 ms]
      [Ref Enq: 0.0 ms]
      [Free CSet: 1.7 ms]
   [Eden: 3376.0M(3376.0M)->0.0B(3376.0M) Survivors: 2048.0K->2048.0K Heap: 4819.5M(5632.0M)->1443.3M(5632.0M)]
 [Times: user=0.02 sys=0.00, real=0.01 secs] 
2014-06-25T02:48:02.057+0000: 9424.507: Total time for which application threads were stopped: 0.0092994 seconds
2014-06-25T02:48:05.154+0000: 9427.603: Total time for which application threads were stopped: 0.0043405 seconds
2014-06-25T02:48:08.221+0000: 9430.670: [GC pause (G1 Evacuation Pause) (young)
Desired survivor size 222298112 bytes, new threshold 15 (max 15)
- age   1:      29376 bytes,      29376 total
- age   2:      27952 bytes,      57328 total
- age   3:      14592 bytes,      71920 total
- age   4:      17712 bytes,      89632 total
- age   5:      14312 bytes,     103944 total
- age   6:      13856 bytes,     117800 total
- age   7:      16400 bytes,     134200 total
- age   8:       6528 bytes,     140728 total
- age   9:       6400 bytes,     147128 total
- age  10:      12928 bytes,     160056 total
- age  11:      14968 bytes,     175024 total
- age  12:      16240 bytes,     191264 total
- age  13:       8568 bytes,     199832 total
- age  14:       7328 bytes,     207160 total
- age  15:       8920 bytes,     216080 total
, 0.0085974 secs]
   [Parallel Time: 5.7 ms, GC Workers: 2]
      [GC Worker Start (ms): Min: 9430670.1, Avg: 9430670.1, Max: 9430670.1, Diff: 0.0]
      [Ext Root Scanning (ms): Min: 1.1, Avg: 1.3, Max: 1.4, Diff: 0.3, Sum: 2.5]
      [Update RS (ms): Min: 0.6, Avg: 0.6, Max: 0.7, Diff: 0.1, Sum: 1.2]
         [Processed Buffers: Min: 2, Avg: 14.0, Max: 26, Diff: 24, Sum: 28]
      [Scan RS (ms): Min: 2.1, Avg: 2.2, Max: 2.2, Diff: 0.1, Sum: 4.3]
      [Code Root Scanning (ms): Min: 0.8, Avg: 0.8, Max: 0.8, Diff: 0.0, Sum: 1.7]
      [Object Copy (ms): Min: 0.7, Avg: 0.8, Max: 0.9, Diff: 0.2, Sum: 1.6]
      [Termination (ms): Min: 0.0, Avg: 0.0, Max: 0.0, Diff: 0.0, Sum: 0.0]
      [GC Worker Other (ms): Min: 0.0, Avg: 0.0, Max: 0.1, Diff: 0.0, Sum: 0.1]
      [GC Worker Total (ms): Min: 5.7, Avg: 5.7, Max: 5.7, Diff: 0.0, Sum: 11.4]
      [GC Worker End (ms): Min: 9430675.8, Avg: 9430675.8, Max: 9430675.8, Diff: 0.0]
   [Code Root Fixup: 0.2 ms]
   [Code Root Migration: 0.1 ms]
   [Clear CT: 0.8 ms]
   [Other: 1.8 ms]
      [Choose CSet: 0.0 ms]
      [Ref Proc: 0.1 ms]
      [Ref Enq: 0.0 ms]
      [Free CSet: 1.6 ms]
   [Eden: 3376.0M(3376.0M)->0.0B(3376.0M) Survivors: 2048.0K->2048.0K Heap: 4819.3M(5632.0M)->1443.5M(5632.0M)]
 [Times: user=0.02 sys=0.00, real=0.01 secs] 
2014-06-25T02:48:08.230+0000: 9430.679: Total time for which application threads were stopped: 0.0092276 seconds
2014-06-25T02:48:14.424+0000: 9436.873: [GC pause (G1 Evacuation Pause) (young)
Desired survivor size 222298112 bytes, new threshold 15 (max 15)
- age   1:      90872 bytes,      90872 total
- age   2:       7112 bytes,      97984 total
- age   3:      27336 bytes,     125320 total
- age   4:      14568 bytes,     139888 total
- age   5:      17712 bytes,     157600 total
- age   6:      14312 bytes,     171912 total
- age   7:      13856 bytes,     185768 total
- age   8:      16376 bytes,     202144 total
- age   9:       6528 bytes,     208672 total
- age  10:       6400 bytes,     215072 total
- age  11:      12928 bytes,     228000 total
- age  12:      14968 bytes,     242968 total
- age  13:      16136 bytes,     259104 total
- age  14:       8568 bytes,     267672 total
- age  15:       7328 bytes,     275000 total
, 0.0085495 secs]
   [Parallel Time: 5.7 ms, GC Workers: 2]
      [GC Worker Start (ms): Min: 9436873.5, Avg: 9436873.6, Max: 9436873.6, Diff: 0.0]
      [Ext Root Scanning (ms): Min: 1.1, Avg: 1.3, Max: 1.4, Diff: 0.3, Sum: 2.6]
      [Update RS (ms): Min: 0.5, Avg: 0.6, Max: 0.6, Diff: 0.1, Sum: 1.1]
         [Processed Buffers: Min: 12, Avg: 16.0, Max: 20, Diff: 8, Sum: 32]
      [Scan RS (ms): Min: 2.1, Avg: 2.1, Max: 2.2, Diff: 0.1, Sum: 4.2]
      [Code Root Scanning (ms): Min: 0.8, Avg: 0.8, Max: 0.8, Diff: 0.0, Sum: 1.7]
      [Object Copy (ms): Min: 0.7, Avg: 0.8, Max: 0.9, Diff: 0.2, Sum: 1.5]
      [Termination (ms): Min: 0.0, Avg: 0.0, Max: 0.0, Diff: 0.0, Sum: 0.0]
      [GC Worker Other (ms): Min: 0.0, Avg: 0.1, Max: 0.1, Diff: 0.0, Sum: 0.1]
      [GC Worker Total (ms): Min: 5.6, Avg: 5.6, Max: 5.6, Diff: 0.0, Sum: 11.3]
      [GC Worker End (ms): Min: 9436879.2, Avg: 9436879.2, Max: 9436879.2, Diff: 0.0]
   [Code Root Fixup: 0.2 ms]
   [Code Root Migration: 0.1 ms]
   [Clear CT: 0.8 ms]
   [Other: 1.8 ms]
      [Choose CSet: 0.0 ms]
      [Ref Proc: 0.1 ms]
      [Ref Enq: 0.0 ms]
      [Free CSet: 1.6 ms]
   [Eden: 3376.0M(3376.0M)->0.0B(3376.0M) Survivors: 2048.0K->2048.0K Heap: 4819.5M(5632.0M)->1443.6M(5632.0M)]
 [Times: user=0.01 sys=0.01, real=0.01 secs] 
2014-06-25T02:48:14.433+0000: 9436.882: Total time for which application threads were stopped: 0.0091971 seconds
2014-06-25T02:48:20.596+0000: 9443.045: [GC pause (G1 Evacuation Pause) (young)
Desired survivor size 222298112 bytes, new threshold 15 (max 15)
- age   1:      56376 bytes,      56376 total
- age   2:      43440 bytes,      99816 total
- age   3:       6960 bytes,     106776 total
- age   4:      27256 bytes,     134032 total
- age   5:      14536 bytes,     148568 total
- age   6:      17592 bytes,     166160 total
- age   7:      14288 bytes,     180448 total
- age   8:      13856 bytes,     194304 total
- age   9:      16376 bytes,     210680 total
- age  10:       6528 bytes,     217208 total
- age  11:       6400 bytes,     223608 total
- age  12:      12928 bytes,     236536 total
- age  13:      14968 bytes,     251504 total
- age  14:      16136 bytes,     267640 total
- age  15:       8568 bytes,     276208 total
, 0.0084084 secs]
   [Parallel Time: 5.6 ms, GC Workers: 2]
      [GC Worker Start (ms): Min: 9443044.8, Avg: 9443044.8, Max: 9443044.8, Diff: 0.0]
      [Ext Root Scanning (ms): Min: 1.1, Avg: 1.3, Max: 1.4, Diff: 0.3, Sum: 2.5]
      [Update RS (ms): Min: 0.5, Avg: 0.5, Max: 0.6, Diff: 0.1, Sum: 1.1]
         [Processed Buffers: Min: 1, Avg: 14.0, Max: 27, Diff: 26, Sum: 28]
      [Scan RS (ms): Min: 2.1, Avg: 2.1, Max: 2.2, Diff: 0.1, Sum: 4.3]
      [Code Root Scanning (ms): Min: 0.8, Avg: 0.8, Max: 0.8, Diff: 0.0, Sum: 1.7]
      [Object Copy (ms): Min: 0.7, Avg: 0.7, Max: 0.8, Diff: 0.1, Sum: 1.5]
      [Termination (ms): Min: 0.0, Avg: 0.0, Max: 0.0, Diff: 0.0, Sum: 0.0]
      [GC Worker Other (ms): Min: 0.0, Avg: 0.0, Max: 0.0, Diff: 0.0, Sum: 0.1]
      [GC Worker Total (ms): Min: 5.6, Avg: 5.6, Max: 5.6, Diff: 0.0, Sum: 11.1]
      [GC Worker End (ms): Min: 9443050.4, Avg: 9443050.4, Max: 9443050.4, Diff: 0.0]
   [Code Root Fixup: 0.2 ms]
   [Code Root Migration: 0.1 ms]
   [Clear CT: 0.8 ms]
   [Other: 1.7 ms]
      [Choose CSet: 0.0 ms]
      [Ref Proc: 0.1 ms]
      [Ref Enq: 0.0 ms]
      [Free CSet: 1.5 ms]
   [Eden: 3376.0M(3376.0M)->0.0B(3376.0M) Survivors: 2048.0K->2048.0K Heap: 4819.6M(5632.0M)->1443.4M(5632.0M)]
 [Times: user=0.01 sys=0.00, real=0.01 secs] 
2014-06-25T02:48:20.604+0000: 9443.053: Total time for which application threads were stopped: 0.0090079 seconds
2014-06-25T02:48:26.916+0000: 9449.365: [GC pause (G1 Evacuation Pause) (young)
Desired survivor size 222298112 bytes, new threshold 15 (max 15)
- age   1:      32296 bytes,      32296 total
- age   2:      15672 bytes,      47968 total
- age   3:      43376 bytes,      91344 total
- age   4:       6872 bytes,      98216 total
- age   5:      27136 bytes,     125352 total
- age   6:      14536 bytes,     139888 total
- age   7:      17592 bytes,     157480 total
- age   8:      14288 bytes,     171768 total
- age   9:      13856 bytes,     185624 total
- age  10:      16376 bytes,     202000 total
- age  11:       6528 bytes,     208528 total
- age  12:       6400 bytes,     214928 total
- age  13:      12928 bytes,     227856 total
- age  14:      14968 bytes,     242824 total
- age  15:      16136 bytes,     258960 total
, 0.0085908 secs]
   [Parallel Time: 5.9 ms, GC Workers: 2]
      [GC Worker Start (ms): Min: 9449364.8, Avg: 9449364.8, Max: 9449364.8, Diff: 0.0]
      [Ext Root Scanning (ms): Min: 1.1, Avg: 1.3, Max: 1.4, Diff: 0.3, Sum: 2.5]
      [Update RS (ms): Min: 0.6, Avg: 0.7, Max: 0.8, Diff: 0.2, Sum: 1.5]
         [Processed Buffers: Min: 2, Avg: 14.0, Max: 26, Diff: 24, Sum: 28]
      [Scan RS (ms): Min: 2.0, Avg: 2.1, Max: 2.2, Diff: 0.2, Sum: 4.2]
      [Code Root Scanning (ms): Min: 0.8, Avg: 0.8, Max: 0.8, Diff: 0.0, Sum: 1.7]
      [Object Copy (ms): Min: 0.7, Avg: 0.8, Max: 0.9, Diff: 0.2, Sum: 1.6]
      [Termination (ms): Min: 0.0, Avg: 0.0, Max: 0.0, Diff: 0.0, Sum: 0.0]
      [GC Worker Other (ms): Min: 0.0, Avg: 0.0, Max: 0.1, Diff: 0.0, Sum: 0.1]
      [GC Worker Total (ms): Min: 5.8, Avg: 5.8, Max: 5.8, Diff: 0.0, Sum: 11.6]
      [GC Worker End (ms): Min: 9449370.6, Avg: 9449370.6, Max: 9449370.6, Diff: 0.0]
   [Code Root Fixup: 0.2 ms]
   [Code Root Migration: 0.1 ms]
   [Clear CT: 0.8 ms]
   [Other: 1.7 ms]
      [Choose CSet: 0.0 ms]
      [Ref Proc: 0.1 ms]
      [Ref Enq: 0.0 ms]
      [Free CSet: 1.5 ms]
   [Eden: 3376.0M(3376.0M)->0.0B(3376.0M) Survivors: 2048.0K->2048.0K Heap: 4819.4M(5632.0M)->1443.6M(5632.0M)]
 [Times: user=0.02 sys=0.00, real=0.01 secs] 
2014-06-25T02:48:26.924+0000: 9449.373: Total time for which application threads were stopped: 0.0092762 seconds
2014-06-25T02:48:33.096+0000: 9455.545: [GC pause (G1 Evacuation Pause) (young)
Desired survivor size 222298112 bytes, new threshold 15 (max 15)
- age   1:      65136 bytes,      65136 total
- age   2:       7200 bytes,      72336 total
- age   3:      14864 bytes,      87200 total
- age   4:      42888 bytes,     130088 total
- age   5:       6872 bytes,     136960 total
- age   6:      27136 bytes,     164096 total
- age   7:      14512 bytes,     178608 total
- age   8:      17592 bytes,     196200 total
- age   9:      14288 bytes,     210488 total
- age  10:      13856 bytes,     224344 total
- age  11:      16376 bytes,     240720 total
- age  12:       6528 bytes,     247248 total
- age  13:       6400 bytes,     253648 total
- age  14:      12928 bytes,     266576 total
- age  15:      14968 bytes,     281544 total
, 0.0087203 secs]
   [Parallel Time: 5.8 ms, GC Workers: 2]
      [GC Worker Start (ms): Min: 9455545.2, Avg: 9455545.2, Max: 9455545.2, Diff: 0.0]
      [Ext Root Scanning (ms): Min: 1.1, Avg: 1.3, Max: 1.4, Diff: 0.3, Sum: 2.5]
      [Update RS (ms): Min: 0.6, Avg: 0.7, Max: 0.7, Diff: 0.1, Sum: 1.4]
         [Processed Buffers: Min: 1, Avg: 13.5, Max: 26, Diff: 25, Sum: 27]
      [Scan RS (ms): Min: 2.1, Avg: 2.1, Max: 2.2, Diff: 0.0, Sum: 4.3]
      [Code Root Scanning (ms): Min: 0.8, Avg: 0.8, Max: 0.8, Diff: 0.0, Sum: 1.7]
      [Object Copy (ms): Min: 0.7, Avg: 0.8, Max: 0.9, Diff: 0.2, Sum: 1.6]
      [Termination (ms): Min: 0.0, Avg: 0.0, Max: 0.0, Diff: 0.0, Sum: 0.0]
      [GC Worker Other (ms): Min: 0.0, Avg: 0.0, Max: 0.1, Diff: 0.0, Sum: 0.1]
      [GC Worker Total (ms): Min: 5.7, Avg: 5.8, Max: 5.8, Diff: 0.0, Sum: 11.5]
      [GC Worker End (ms): Min: 9455551.0, Avg: 9455551.0, Max: 9455551.0, Diff: 0.0]
   [Code Root Fixup: 0.2 ms]
   [Code Root Migration: 0.1 ms]
   [Clear CT: 0.8 ms]
   [Other: 1.8 ms]
      [Choose CSet: 0.0 ms]
      [Ref Proc: 0.1 ms]
      [Ref Enq: 0.0 ms]
      [Free CSet: 1.6 ms]
   [Eden: 3376.0M(3376.0M)->0.0B(3376.0M) Survivors: 2048.0K->2048.0K Heap: 4819.6M(5632.0M)->1443.5M(5632.0M)]
 [Times: user=0.01 sys=0.00, real=0.01 secs] 
2014-06-25T02:48:33.105+0000: 9455.554: Total time for which application threads were stopped: 0.0093262 seconds
2014-06-25T02:48:39.265+0000: 9461.714: [GC pause (G1 Evacuation Pause) (young)
Desired survivor size 222298112 bytes, new threshold 15 (max 15)
- age   1:      32344 bytes,      32344 total
- age   2:      39048 bytes,      71392 total
- age   3:       6952 bytes,      78344 total
- age   4:      14840 bytes,      93184 total
- age   5:      42888 bytes,     136072 total
- age   6:       6752 bytes,     142824 total
- age   7:      27136 bytes,     169960 total
- age   8:      14512 bytes,     184472 total
- age   9:      17592 bytes,     202064 total
- age  10:      14288 bytes,     216352 total
- age  11:      13856 bytes,     230208 total
- age  12:      16376 bytes,     246584 total
- age  13:       6528 bytes,     253112 total
- age  14:       6400 bytes,     259512 total
- age  15:      12928 bytes,     272440 total
, 0.0086912 secs]
   [Parallel Time: 5.9 ms, GC Workers: 2]
      [GC Worker Start (ms): Min: 9461714.4, Avg: 9461714.4, Max: 9461714.4, Diff: 0.0]
      [Ext Root Scanning (ms): Min: 1.1, Avg: 1.3, Max: 1.4, Diff: 0.3, Sum: 2.6]
      [Update RS (ms): Min: 0.6, Avg: 0.7, Max: 0.7, Diff: 0.1, Sum: 1.4]
         [Processed Buffers: Min: 1, Avg: 12.0, Max: 23, Diff: 22, Sum: 24]
      [Scan RS (ms): Min: 2.1, Avg: 2.2, Max: 2.2, Diff: 0.2, Sum: 4.3]
      [Code Root Scanning (ms): Min: 0.8, Avg: 0.8, Max: 0.8, Diff: 0.0, Sum: 1.7]
      [Object Copy (ms): Min: 0.7, Avg: 0.8, Max: 0.9, Diff: 0.2, Sum: 1.6]
      [Termination (ms): Min: 0.0, Avg: 0.0, Max: 0.0, Diff: 0.0, Sum: 0.0]
      [GC Worker Other (ms): Min: 0.0, Avg: 0.0, Max: 0.0, Diff: 0.0, Sum: 0.1]
      [GC Worker Total (ms): Min: 5.8, Avg: 5.8, Max: 5.8, Diff: 0.0, Sum: 11.6]
      [GC Worker End (ms): Min: 9461720.2, Avg: 9461720.2, Max: 9461720.2, Diff: 0.0]
   [Code Root Fixup: 0.2 ms]
   [Code Root Migration: 0.1 ms]
   [Clear CT: 0.8 ms]
   [Other: 1.8 ms]
      [Choose CSet: 0.0 ms]
      [Ref Proc: 0.1 ms]
      [Ref Enq: 0.0 ms]
      [Free CSet: 1.5 ms]
   [Eden: 3376.0M(3376.0M)->0.0B(3376.0M) Survivors: 2048.0K->2048.0K Heap: 4819.5M(5632.0M)->1443.6M(5632.0M)]
 [Times: user=0.01 sys=0.00, real=0.01 secs] 
2014-06-25T02:48:39.274+0000: 9461.723: Total time for which application threads were stopped: 0.0092799 seconds
2014-06-25T02:48:40.277+0000: 9462.726: Total time for which application threads were stopped: 0.0026562 seconds
2014-06-25T02:48:45.424+0000: 9467.873: [GC pause (G1 Evacuation Pause) (young)
Desired survivor size 222298112 bytes, new threshold 15 (max 15)
- age   1:      35192 bytes,      35192 total
- age   2:       9608 bytes,      44800 total
- age   3:      38856 bytes,      83656 total
- age   4:       6952 bytes,      90608 total
- age   5:      14816 bytes,     105424 total
- age   6:      42888 bytes,     148312 total
- age   7:       6752 bytes,     155064 total
- age   8:      27112 bytes,     182176 total
- age   9:      14512 bytes,     196688 total
- age  10:      17592 bytes,     214280 total
- age  11:      14288 bytes,     228568 total
- age  12:      13856 bytes,     242424 total
- age  13:      16376 bytes,     258800 total
- age  14:       6528 bytes,     265328 total
- age  15:       6400 bytes,     271728 total
, 0.0086014 secs]
   [Parallel Time: 5.9 ms, GC Workers: 2]
      [GC Worker Start (ms): Min: 9467872.9, Avg: 9467872.9, Max: 9467872.9, Diff: 0.0]
      [Ext Root Scanning (ms): Min: 1.1, Avg: 1.3, Max: 1.4, Diff: 0.3, Sum: 2.5]
      [Update RS (ms): Min: 0.7, Avg: 0.7, Max: 0.8, Diff: 0.1, Sum: 1.5]
         [Processed Buffers: Min: 8, Avg: 16.0, Max: 24, Diff: 16, Sum: 32]
      [Scan RS (ms): Min: 2.1, Avg: 2.1, Max: 2.2, Diff: 0.0, Sum: 4.3]
      [Code Root Scanning (ms): Min: 0.8, Avg: 0.8, Max: 0.8, Diff: 0.0, Sum: 1.7]
      [Object Copy (ms): Min: 0.7, Avg: 0.8, Max: 0.9, Diff: 0.2, Sum: 1.6]
      [Termination (ms): Min: 0.0, Avg: 0.0, Max: 0.0, Diff: 0.0, Sum: 0.0]
      [GC Worker Other (ms): Min: 0.0, Avg: 0.0, Max: 0.1, Diff: 0.0, Sum: 0.1]
      [GC Worker Total (ms): Min: 5.8, Avg: 5.8, Max: 5.8, Diff: 0.0, Sum: 11.6]
      [GC Worker End (ms): Min: 9467878.7, Avg: 9467878.7, Max: 9467878.7, Diff: 0.0]
   [Code Root Fixup: 0.2 ms]
   [Code Root Migration: 0.1 ms]
   [Clear CT: 0.8 ms]
   [Other: 1.7 ms]
      [Choose CSet: 0.0 ms]
      [Ref Proc: 0.1 ms]
      [Ref Enq: 0.0 ms]
      [Free CSet: 1.5 ms]
   [Eden: 3376.0M(3376.0M)->0.0B(3376.0M) Survivors: 2048.0K->2048.0K Heap: 4819.6M(5632.0M)->1443.5M(5632.0M)]
 [Times: user=0.02 sys=0.00, real=0.01 secs] 
2014-06-25T02:48:45.432+0000: 9467.882: Total time for which application threads were stopped: 0.0108709 seconds
2014-06-25T02:48:49.974+0000: 9472.424: Total time for which application threads were stopped: 0.0043305 seconds
2014-06-25T02:48:50.979+0000: 9473.428: Total time for which application threads were stopped: 0.0040182 seconds
2014-06-25T02:48:51.292+0000: 9473.741: Total time for which application threads were stopped: 0.0036868 seconds
2014-06-25T02:48:51.292+0000: 9473.741: Total time for which application threads were stopped: 0.0002248 seconds
2014-06-25T02:48:51.584+0000: 9474.034: [GC pause (G1 Evacuation Pause) (young)
Desired survivor size 222298112 bytes, new threshold 15 (max 15)
- age   1:      60424 bytes,      60424 total
- age   2:       8496 bytes,      68920 total
- age   3:       9488 bytes,      78408 total
- age   4:      25856 bytes,     104264 total
- age   5:       6864 bytes,     111128 total
- age   6:      14648 bytes,     125776 total
- age   7:      42816 bytes,     168592 total
- age   8:       6752 bytes,     175344 total
- age   9:      27112 bytes,     202456 total
- age  10:      14512 bytes,     216968 total
- age  11:      17592 bytes,     234560 total
- age  12:      14288 bytes,     248848 total
- age  13:      13856 bytes,     262704 total
- age  14:      16376 bytes,     279080 total
- age  15:       6528 bytes,     285608 total
, 0.0087248 secs]
   [Parallel Time: 5.9 ms, GC Workers: 2]
      [GC Worker Start (ms): Min: 9474033.7, Avg: 9474033.7, Max: 9474033.7, Diff: 0.0]
      [Ext Root Scanning (ms): Min: 1.1, Avg: 1.3, Max: 1.4, Diff: 0.3, Sum: 2.5]
      [Update RS (ms): Min: 0.7, Avg: 0.8, Max: 0.8, Diff: 0.1, Sum: 1.5]
         [Processed Buffers: Min: 13, Avg: 17.0, Max: 21, Diff: 8, Sum: 34]
      [Scan RS (ms): Min: 2.1, Avg: 2.1, Max: 2.2, Diff: 0.1, Sum: 4.3]
      [Code Root Scanning (ms): Min: 0.8, Avg: 0.8, Max: 0.9, Diff: 0.0, Sum: 1.7]
      [Object Copy (ms): Min: 0.8, Avg: 0.8, Max: 0.9, Diff: 0.1, Sum: 1.7]
      [Termination (ms): Min: 0.0, Avg: 0.0, Max: 0.0, Diff: 0.0, Sum: 0.0]
      [GC Worker Other (ms): Min: 0.0, Avg: 0.0, Max: 0.1, Diff: 0.0, Sum: 0.1]
      [GC Worker Total (ms): Min: 5.9, Avg: 5.9, Max: 5.9, Diff: 0.0, Sum: 11.8]
      [GC Worker End (ms): Min: 9474039.6, Avg: 9474039.6, Max: 9474039.6, Diff: 0.0]
   [Code Root Fixup: 0.2 ms]
   [Code Root Migration: 0.1 ms]
   [Clear CT: 0.8 ms]
   [Other: 1.8 ms]
      [Choose CSet: 0.0 ms]
      [Ref Proc: 0.1 ms]
      [Ref Enq: 0.0 ms]
      [Free CSet: 1.5 ms]
   [Eden: 3376.0M(3376.0M)->0.0B(3376.0M) Survivors: 2048.0K->2048.0K Heap: 4819.5M(5632.0M)->1443.8M(5632.0M)]
 [Times: user=0.02 sys=0.01, real=0.01 secs] 
2014-06-25T02:48:51.593+0000: 9474.043: Total time for which application threads were stopped: 0.0132651 seconds
2014-06-25T02:48:57.300+0000: 9479.749: Total time for which application threads were stopped: 0.0043357 seconds
2014-06-25T02:48:57.301+0000: 9479.750: Total time for which application threads were stopped: 0.0002280 seconds
2014-06-25T02:48:57.301+0000: 9479.750: Total time for which application threads were stopped: 0.0002286 seconds
2014-06-25T02:48:57.769+0000: 9480.218: [GC pause (G1 Evacuation Pause) (young)
Desired survivor size 222298112 bytes, new threshold 15 (max 15)
- age   1:      91296 bytes,      91296 total
- age   2:      20792 bytes,     112088 total
- age   3:       8400 bytes,     120488 total
- age   4:       9400 bytes,     129888 total
- age   5:      25720 bytes,     155608 total
- age   6:       6744 bytes,     162352 total
- age   7:      11432 bytes,     173784 total
- age   8:      32160 bytes,     205944 total
- age   9:       6752 bytes,     212696 total
- age  10:      12696 bytes,     225392 total
- age  11:      14512 bytes,     239904 total
- age  12:      17592 bytes,     257496 total
- age  13:      14288 bytes,     271784 total
- age  14:      13856 bytes,     285640 total
- age  15:      16376 bytes,     302016 total
, 0.0087040 secs]
   [Parallel Time: 5.9 ms, GC Workers: 2]
      [GC Worker Start (ms): Min: 9480218.3, Avg: 9480218.3, Max: 9480218.3, Diff: 0.0]
      [Ext Root Scanning (ms): Min: 1.1, Avg: 1.3, Max: 1.4, Diff: 0.3, Sum: 2.5]
      [Update RS (ms): Min: 0.7, Avg: 0.8, Max: 0.8, Diff: 0.0, Sum: 1.5]
         [Processed Buffers: Min: 1, Avg: 15.0, Max: 29, Diff: 28, Sum: 30]
      [Scan RS (ms): Min: 2.0, Avg: 2.0, Max: 2.1, Diff: 0.1, Sum: 4.1]
      [Code Root Scanning (ms): Min: 0.8, Avg: 0.8, Max: 0.8, Diff: 0.0, Sum: 1.7]
      [Object Copy (ms): Min: 0.8, Avg: 0.9, Max: 1.0, Diff: 0.2, Sum: 1.8]
      [Termination (ms): Min: 0.0, Avg: 0.0, Max: 0.0, Diff: 0.0, Sum: 0.0]
      [GC Worker Other (ms): Min: 0.0, Avg: 0.0, Max: 0.1, Diff: 0.0, Sum: 0.1]
      [GC Worker Total (ms): Min: 5.8, Avg: 5.8, Max: 5.8, Diff: 0.0, Sum: 11.6]
      [GC Worker End (ms): Min: 9480224.1, Avg: 9480224.1, Max: 9480224.1, Diff: 0.0]
   [Code Root Fixup: 0.2 ms]
   [Code Root Migration: 0.1 ms]
   [Clear CT: 0.8 ms]
   [Other: 1.8 ms]
      [Choose CSet: 0.0 ms]
      [Ref Proc: 0.1 ms]
      [Ref Enq: 0.0 ms]
      [Free CSet: 1.5 ms]
   [Eden: 3376.0M(3376.0M)->0.0B(3376.0M) Survivors: 2048.0K->2048.0K Heap: 4819.8M(5632.0M)->1443.5M(5632.0M)]
 [Times: user=0.01 sys=0.00, real=0.01 secs] 
2014-06-25T02:48:57.778+0000: 9480.227: Total time for which application threads were stopped: 0.0092493 seconds
2014-06-25T02:49:04.108+0000: 9486.558: [GC pause (G1 Evacuation Pause) (young)
Desired survivor size 222298112 bytes, new threshold 15 (max 15)
- age   1:      88168 bytes,      88168 total
- age   2:      63664 bytes,     151832 total
- age   3:      20520 bytes,     172352 total
- age   4:       8376 bytes,     180728 total
- age   5:       9400 bytes,     190128 total
- age   6:      24936 bytes,     215064 total
- age   7:       6744 bytes,     221808 total
- age   8:      11408 bytes,     233216 total
- age   9:      10160 bytes,     243376 total
- age  10:       6752 bytes,     250128 total
- age  11:      12696 bytes,     262824 total
- age  12:      14512 bytes,     277336 total
- age  13:      17592 bytes,     294928 total
- age  14:      14288 bytes,     309216 total
- age  15:      13856 bytes,     323072 total
, 0.0089684 secs]
   [Parallel Time: 6.1 ms, GC Workers: 2]
      [GC Worker Start (ms): Min: 9486557.7, Avg: 9486557.7, Max: 9486557.8, Diff: 0.0]
      [Ext Root Scanning (ms): Min: 1.1, Avg: 1.2, Max: 1.4, Diff: 0.3, Sum: 2.5]
      [Update RS (ms): Min: 0.7, Avg: 0.8, Max: 0.8, Diff: 0.1, Sum: 1.6]
         [Processed Buffers: Min: 1, Avg: 14.0, Max: 27, Diff: 26, Sum: 28]
      [Scan RS (ms): Min: 2.2, Avg: 2.2, Max: 2.2, Diff: 0.1, Sum: 4.4]
      [Code Root Scanning (ms): Min: 0.8, Avg: 0.8, Max: 0.9, Diff: 0.0, Sum: 1.7]
      [Object Copy (ms): Min: 0.8, Avg: 0.9, Max: 1.0, Diff: 0.1, Sum: 1.8]
      [Termination (ms): Min: 0.0, Avg: 0.0, Max: 0.0, Diff: 0.0, Sum: 0.0]
      [GC Worker Other (ms): Min: 0.0, Avg: 0.0, Max: 0.1, Diff: 0.0, Sum: 0.1]
      [GC Worker Total (ms): Min: 6.0, Avg: 6.0, Max: 6.0, Diff: 0.0, Sum: 12.0]
      [GC Worker End (ms): Min: 9486563.7, Avg: 9486563.7, Max: 9486563.7, Diff: 0.0]
   [Code Root Fixup: 0.2 ms]
   [Code Root Migration: 0.1 ms]
   [Clear CT: 0.8 ms]
   [Other: 1.8 ms]
      [Choose CSet: 0.0 ms]
      [Ref Proc: 0.1 ms]
      [Ref Enq: 0.0 ms]
      [Free CSet: 1.6 ms]
   [Eden: 3376.0M(3376.0M)->0.0B(3376.0M) Survivors: 2048.0K->2048.0K Heap: 4819.5M(5632.0M)->1443.8M(5632.0M)]
 [Times: user=0.01 sys=0.00, real=0.01 secs] 
2014-06-25T02:49:04.118+0000: 9486.567: Total time for which application threads were stopped: 0.0095491 seconds
2014-06-25T02:49:08.044+0000: 9490.493: Total time for which application threads were stopped: 0.0043125 seconds
2014-06-25T02:49:10.312+0000: 9492.761: [GC pause (G1 Evacuation Pause) (young)
Desired survivor size 222298112 bytes, new threshold 15 (max 15)
- age   1:      39112 bytes,      39112 total
- age   2:      63344 bytes,     102456 total
- age   3:      63448 bytes,     165904 total
- age   4:      20440 bytes,     186344 total
- age   5:       8376 bytes,     194720 total
- age   6:       9280 bytes,     204000 total
- age   7:      24912 bytes,     228912 total
- age   8:       6744 bytes,     235656 total
- age   9:      11408 bytes,     247064 total
- age  10:      10160 bytes,     257224 total
- age  11:       6752 bytes,     263976 total
- age  12:      12696 bytes,     276672 total
- age  13:      14512 bytes,     291184 total
- age  14:      17592 bytes,     308776 total
- age  15:      14288 bytes,     323064 total
, 0.0096502 secs]
   [Parallel Time: 6.8 ms, GC Workers: 2]
      [GC Worker Start (ms): Min: 9492761.0, Avg: 9492761.0, Max: 9492761.1, Diff: 0.0]
      [Ext Root Scanning (ms): Min: 1.1, Avg: 1.3, Max: 1.4, Diff: 0.2, Sum: 2.5]
      [Update RS (ms): Min: 1.0, Avg: 1.1, Max: 1.3, Diff: 0.3, Sum: 2.3]
         [Processed Buffers: Min: 2, Avg: 17.0, Max: 32, Diff: 30, Sum: 34]
      [Scan RS (ms): Min: 2.1, Avg: 2.2, Max: 2.2, Diff: 0.2, Sum: 4.3]
      [Code Root Scanning (ms): Min: 0.8, Avg: 0.8, Max: 0.8, Diff: 0.0, Sum: 1.7]
      [Object Copy (ms): Min: 1.2, Avg: 1.2, Max: 1.3, Diff: 0.1, Sum: 2.5]
      [Termination (ms): Min: 0.0, Avg: 0.0, Max: 0.0, Diff: 0.0, Sum: 0.0]
      [GC Worker Other (ms): Min: 0.0, Avg: 0.0, Max: 0.1, Diff: 0.0, Sum: 0.1]
      [GC Worker Total (ms): Min: 6.7, Avg: 6.7, Max: 6.7, Diff: 0.0, Sum: 13.4]
      [GC Worker End (ms): Min: 9492767.7, Avg: 9492767.7, Max: 9492767.8, Diff: 0.0]
   [Code Root Fixup: 0.2 ms]
   [Code Root Migration: 0.1 ms]
   [Clear CT: 0.8 ms]
   [Other: 1.8 ms]
      [Choose CSet: 0.0 ms]
      [Ref Proc: 0.2 ms]
      [Ref Enq: 0.0 ms]
      [Free CSet: 1.5 ms]
   [Eden: 3376.0M(3376.0M)->0.0B(3376.0M) Survivors: 2048.0K->2048.0K Heap: 4819.8M(5632.0M)->1443.9M(5632.0M)]
 [Times: user=0.02 sys=0.00, real=0.01 secs] 
2014-06-25T02:49:10.322+0000: 9492.771: Total time for which application threads were stopped: 0.0104015 seconds
2014-06-25T02:49:14.561+0000: 9497.010: Total time for which application threads were stopped: 0.0093021 seconds
2014-06-25T02:49:16.486+0000: 9498.935: [GC pause (G1 Evacuation Pause) (young)
Desired survivor size 222298112 bytes, new threshold 15 (max 15)
- age   1:     252680 bytes,     252680 total
- age   2:      11768 bytes,     264448 total
- age   3:      46240 bytes,     310688 total
- age   4:      61568 bytes,     372256 total
- age   5:      20248 bytes,     392504 total
- age   6:       8352 bytes,     400856 total
- age   7:       9280 bytes,     410136 total
- age   8:      24912 bytes,     435048 total
- age   9:       6744 bytes,     441792 total
- age  10:      11408 bytes,     453200 total
- age  11:       9392 bytes,     462592 total
- age  12:       6752 bytes,     469344 total
- age  13:      12696 bytes,     482040 total
- age  14:      14376 bytes,     496416 total
- age  15:      17592 bytes,     514008 total
, 0.0093209 secs]
   [Parallel Time: 6.6 ms, GC Workers: 2]
      [GC Worker Start (ms): Min: 9498935.0, Avg: 9498935.0, Max: 9498935.0, Diff: 0.0]
      [Ext Root Scanning (ms): Min: 1.1, Avg: 1.3, Max: 1.4, Diff: 0.3, Sum: 2.6]
      [Update RS (ms): Min: 0.9, Avg: 1.0, Max: 1.0, Diff: 0.1, Sum: 2.0]
         [Processed Buffers: Min: 5, Avg: 15.0, Max: 25, Diff: 20, Sum: 30]
      [Scan RS (ms): Min: 2.1, Avg: 2.1, Max: 2.2, Diff: 0.0, Sum: 4.3]
      [Code Root Scanning (ms): Min: 0.8, Avg: 0.8, Max: 0.8, Diff: 0.0, Sum: 1.7]
      [Object Copy (ms): Min: 1.2, Avg: 1.2, Max: 1.3, Diff: 0.1, Sum: 2.4]
      [Termination (ms): Min: 0.0, Avg: 0.0, Max: 0.0, Diff: 0.0, Sum: 0.0]
      [GC Worker Other (ms): Min: 0.0, Avg: 0.0, Max: 0.1, Diff: 0.0, Sum: 0.1]
      [GC Worker Total (ms): Min: 6.5, Avg: 6.5, Max: 6.5, Diff: 0.0, Sum: 13.0]
      [GC Worker End (ms): Min: 9498941.5, Avg: 9498941.5, Max: 9498941.5, Diff: 0.0]
   [Code Root Fixup: 0.2 ms]
   [Code Root Migration: 0.1 ms]
   [Clear CT: 0.8 ms]
   [Other: 1.7 ms]
      [Choose CSet: 0.0 ms]
      [Ref Proc: 0.1 ms]
      [Ref Enq: 0.0 ms]
      [Free CSet: 1.5 ms]
   [Eden: 3376.0M(3376.0M)->0.0B(3376.0M) Survivors: 2048.0K->2048.0K Heap: 4819.9M(5632.0M)->1444.2M(5632.0M)]
 [Times: user=0.01 sys=0.00, real=0.00 secs] 
2014-06-25T02:49:16.495+0000: 9498.944: Total time for which application threads were stopped: 0.0099260 seconds
2014-06-25T02:49:18.500+0000: 9500.949: Total time for which application threads were stopped: 0.0040506 seconds
2014-06-25T02:49:22.782+0000: 9505.231: [GC pause (G1 Evacuation Pause) (young)
Desired survivor size 222298112 bytes, new threshold 15 (max 15)
- age   1:      78024 bytes,      78024 total
- age   2:     199312 bytes,     277336 total
- age   3:      11552 bytes,     288888 total
- age   4:      44776 bytes,     333664 total
- age   5:      61544 bytes,     395208 total
- age   6:      20224 bytes,     415432 total
- age   7:       8352 bytes,     423784 total
- age   8:       9280 bytes,     433064 total
- age   9:      24912 bytes,     457976 total
- age  10:       6744 bytes,     464720 total
- age  11:      11408 bytes,     476128 total
- age  12:       9392 bytes,     485520 total
- age  13:       6752 bytes,     492272 total
- age  14:      12696 bytes,     504968 total
- age  15:      14376 bytes,     519344 total
, 0.0094135 secs]
   [Parallel Time: 6.6 ms, GC Workers: 2]
      [GC Worker Start (ms): Min: 9505231.0, Avg: 9505231.0, Max: 9505231.1, Diff: 0.0]
      [Ext Root Scanning (ms): Min: 1.1, Avg: 1.3, Max: 1.4, Diff: 0.3, Sum: 2.5]
      [Update RS (ms): Min: 1.0, Avg: 1.1, Max: 1.1, Diff: 0.1, Sum: 2.1]
         [Processed Buffers: Min: 9, Avg: 17.5, Max: 26, Diff: 17, Sum: 35]
      [Scan RS (ms): Min: 2.1, Avg: 2.1, Max: 2.2, Diff: 0.1, Sum: 4.3]
      [Code Root Scanning (ms): Min: 0.8, Avg: 0.8, Max: 0.8, Diff: 0.0, Sum: 1.7]
      [Object Copy (ms): Min: 1.1, Avg: 1.2, Max: 1.3, Diff: 0.2, Sum: 2.4]
      [Termination (ms): Min: 0.0, Avg: 0.0, Max: 0.0, Diff: 0.0, Sum: 0.0]
      [GC Worker Other (ms): Min: 0.0, Avg: 0.1, Max: 0.1, Diff: 0.0, Sum: 0.1]
      [GC Worker Total (ms): Min: 6.6, Avg: 6.6, Max: 6.6, Diff: 0.0, Sum: 13.1]
      [GC Worker End (ms): Min: 9505237.6, Avg: 9505237.6, Max: 9505237.6, Diff: 0.0]
   [Code Root Fixup: 0.2 ms]
   [Code Root Migration: 0.1 ms]
   [Clear CT: 0.8 ms]
   [Other: 1.7 ms]
      [Choose CSet: 0.0 ms]
      [Ref Proc: 0.1 ms]
      [Ref Enq: 0.0 ms]
      [Free CSet: 1.5 ms]
   [Eden: 3376.0M(3376.0M)->0.0B(3376.0M) Survivors: 2048.0K->2048.0K Heap: 4820.2M(5632.0M)->1444.0M(5632.0M)]
 [Times: user=0.00 sys=0.00, real=0.01 secs] 
2014-06-25T02:49:22.791+0000: 9505.241: Total time for which application threads were stopped: 0.0100180 seconds
2014-06-25T02:49:28.966+0000: 9511.416: [GC pause (G1 Evacuation Pause) (young)
Desired survivor size 222298112 bytes, new threshold 15 (max 15)
- age   1:      97960 bytes,      97960 total
- age   2:      32128 bytes,     130088 total
- age   3:     164944 bytes,     295032 total
- age   4:      11464 bytes,     306496 total
- age   5:      44752 bytes,     351248 total
- age   6:      61424 bytes,     412672 total
- age   7:      20224 bytes,     432896 total
- age   8:       8352 bytes,     441248 total
- age   9:       9280 bytes,     450528 total
- age  10:      24912 bytes,     475440 total
- age  11:       6744 bytes,     482184 total
- age  12:      11408 bytes,     493592 total
- age  13:       9392 bytes,     502984 total
- age  14:       6616 bytes,     509600 total
- age  15:      12696 bytes,     522296 total
, 0.0094585 secs]
   [Parallel Time: 6.5 ms, GC Workers: 2]
      [GC Worker Start (ms): Min: 9511415.6, Avg: 9511415.6, Max: 9511415.6, Diff: 0.0]
      [Ext Root Scanning (ms): Min: 1.1, Avg: 1.3, Max: 1.4, Diff: 0.3, Sum: 2.6]
      [Update RS (ms): Min: 0.9, Avg: 0.9, Max: 1.0, Diff: 0.1, Sum: 1.8]
         [Processed Buffers: Min: 3, Avg: 15.0, Max: 27, Diff: 24, Sum: 30]
      [Scan RS (ms): Min: 2.1, Avg: 2.1, Max: 2.2, Diff: 0.1, Sum: 4.3]
      [Code Root Scanning (ms): Min: 0.8, Avg: 0.8, Max: 0.8, Diff: 0.0, Sum: 1.7]
      [Object Copy (ms): Min: 1.1, Avg: 1.2, Max: 1.3, Diff: 0.2, Sum: 2.5]
      [Termination (ms): Min: 0.0, Avg: 0.0, Max: 0.0, Diff: 0.0, Sum: 0.0]
      [GC Worker Other (ms): Min: 0.0, Avg: 0.0, Max: 0.1, Diff: 0.0, Sum: 0.1]
      [GC Worker Total (ms): Min: 6.4, Avg: 6.5, Max: 6.5, Diff: 0.0, Sum: 12.9]
      [GC Worker End (ms): Min: 9511422.1, Avg: 9511422.1, Max: 9511422.1, Diff: 0.0]
   [Code Root Fixup: 0.2 ms]
   [Code Root Migration: 0.1 ms]
   [Clear CT: 0.8 ms]
   [Other: 1.9 ms]
      [Choose CSet: 0.0 ms]
      [Ref Proc: 0.1 ms]
      [Ref Enq: 0.0 ms]
      [Free CSet: 1.6 ms]
   [Eden: 3376.0M(3376.0M)->0.0B(3376.0M) Survivors: 2048.0K->2048.0K Heap: 4820.0M(5632.0M)->1444.2M(5632.0M)]
 [Times: user=0.01 sys=0.00, real=0.01 secs] 
2014-06-25T02:49:28.976+0000: 9511.425: Total time for which application threads were stopped: 0.0100920 seconds
2014-06-25T02:49:35.146+0000: 9517.595: [GC pause (G1 Evacuation Pause) (young)
Desired survivor size 222298112 bytes, new threshold 15 (max 15)
- age   1:      57504 bytes,      57504 total
- age   2:      69872 bytes,     127376 total
- age   3:      31304 bytes,     158680 total
- age   4:     164944 bytes,     323624 total
- age   5:      11320 bytes,     334944 total
- age   6:      44752 bytes,     379696 total
- age   7:      61424 bytes,     441120 total
- age   8:      20224 bytes,     461344 total
- age   9:       8352 bytes,     469696 total
- age  10:       9280 bytes,     478976 total
- age  11:      24912 bytes,     503888 total
- age  12:       6744 bytes,     510632 total
- age  13:      11408 bytes,     522040 total
- age  14:       9392 bytes,     531432 total
- age  15:       6616 bytes,     538048 total
, 0.0094034 secs]
   [Parallel Time: 6.5 ms, GC Workers: 2]
      [GC Worker Start (ms): Min: 9517595.2, Avg: 9517595.2, Max: 9517595.2, Diff: 0.0]
      [Ext Root Scanning (ms): Min: 1.1, Avg: 1.3, Max: 1.4, Diff: 0.3, Sum: 2.6]
      [Update RS (ms): Min: 0.8, Avg: 0.9, Max: 0.9, Diff: 0.1, Sum: 1.7]
         [Processed Buffers: Min: 1, Avg: 14.5, Max: 28, Diff: 27, Sum: 29]
      [Scan RS (ms): Min: 2.1, Avg: 2.1, Max: 2.2, Diff: 0.1, Sum: 4.3]
      [Code Root Scanning (ms): Min: 0.8, Avg: 0.8, Max: 0.9, Diff: 0.0, Sum: 1.7]
      [Object Copy (ms): Min: 1.2, Avg: 1.2, Max: 1.3, Diff: 0.1, Sum: 2.4]
      [Termination (ms): Min: 0.0, Avg: 0.0, Max: 0.0, Diff: 0.0, Sum: 0.0]
      [GC Worker Other (ms): Min: 0.0, Avg: 0.1, Max: 0.1, Diff: 0.0, Sum: 0.1]
      [GC Worker Total (ms): Min: 6.4, Avg: 6.4, Max: 6.4, Diff: 0.0, Sum: 12.8]
      [GC Worker End (ms): Min: 9517601.6, Avg: 9517601.6, Max: 9517601.6, Diff: 0.0]
   [Code Root Fixup: 0.2 ms]
   [Code Root Migration: 0.1 ms]
   [Clear CT: 0.8 ms]
   [Other: 1.9 ms]
      [Choose CSet: 0.0 ms]
      [Ref Proc: 0.1 ms]
      [Ref Enq: 0.0 ms]
      [Free CSet: 1.6 ms]
   [Eden: 3376.0M(3376.0M)->0.0B(3376.0M) Survivors: 2048.0K->2048.0K Heap: 4820.2M(5632.0M)->1443.9M(5632.0M)]
 [Times: user=0.01 sys=0.00, real=0.01 secs] 
2014-06-25T02:49:35.156+0000: 9517.605: Total time for which application threads were stopped: 0.0100249 seconds
2014-06-25T02:49:41.314+0000: 9523.763: [GC pause (G1 Evacuation Pause) (young)
Desired survivor size 222298112 bytes, new threshold 15 (max 15)
- age   1:      53472 bytes,      53472 total
- age   2:      18376 bytes,      71848 total
- age   3:      69240 bytes,     141088 total
- age   4:      29912 bytes,     171000 total
- age   5:     164672 bytes,     335672 total
- age   6:      11320 bytes,     346992 total
- age   7:      44640 bytes,     391632 total
- age   8:      61400 bytes,     453032 total
- age   9:      20224 bytes,     473256 total
- age  10:       8352 bytes,     481608 total
- age  11:       9280 bytes,     490888 total
- age  12:      24912 bytes,     515800 total
- age  13:       6744 bytes,     522544 total
- age  14:      11408 bytes,     533952 total
- age  15:       9392 bytes,     543344 total
, 0.0092609 secs]
   [Parallel Time: 6.5 ms, GC Workers: 2]
      [GC Worker Start (ms): Min: 9523762.9, Avg: 9523762.9, Max: 9523762.9, Diff: 0.0]
      [Ext Root Scanning (ms): Min: 1.1, Avg: 1.2, Max: 1.4, Diff: 0.2, Sum: 2.5]
      [Update RS (ms): Min: 0.9, Avg: 1.0, Max: 1.0, Diff: 0.1, Sum: 1.9]
         [Processed Buffers: Min: 8, Avg: 15.5, Max: 23, Diff: 15, Sum: 31]
      [Scan RS (ms): Min: 2.1, Avg: 2.1, Max: 2.1, Diff: 0.0, Sum: 4.2]
      [Code Root Scanning (ms): Min: 0.8, Avg: 0.8, Max: 0.8, Diff: 0.0, Sum: 1.7]
      [Object Copy (ms): Min: 1.1, Avg: 1.2, Max: 1.3, Diff: 0.2, Sum: 2.5]
      [Termination (ms): Min: 0.0, Avg: 0.0, Max: 0.0, Diff: 0.0, Sum: 0.0]
      [GC Worker Other (ms): Min: 0.0, Avg: 0.1, Max: 0.1, Diff: 0.0, Sum: 0.1]
      [GC Worker Total (ms): Min: 6.4, Avg: 6.4, Max: 6.4, Diff: 0.0, Sum: 12.9]
      [GC Worker End (ms): Min: 9523769.3, Avg: 9523769.3, Max: 9523769.3, Diff: 0.0]
   [Code Root Fixup: 0.2 ms]
   [Code Root Migration: 0.1 ms]
   [Clear CT: 0.8 ms]
   [Other: 1.7 ms]
      [Choose CSet: 0.0 ms]
      [Ref Proc: 0.1 ms]
      [Ref Enq: 0.0 ms]
      [Free CSet: 1.5 ms]
   [Eden: 3376.0M(3376.0M)->0.0B(3376.0M) Survivors: 2048.0K->2048.0K Heap: 4819.9M(5632.0M)->1444.3M(5632.0M)]
 [Times: user=0.02 sys=0.00, real=0.01 secs] 
2014-06-25T02:49:41.323+0000: 9523.772: Total time for which application threads were stopped: 0.0127264 seconds
2014-06-25T02:49:47.491+0000: 9529.940: [GC pause (G1 Evacuation Pause) (young)
Desired survivor size 222298112 bytes, new threshold 15 (max 15)
- age   1:      53392 bytes,      53392 total
- age   2:       7496 bytes,      60888 total
- age   3:      18048 bytes,      78936 total
- age   4:      69080 bytes,     148016 total
- age   5:      29696 bytes,     177712 total
- age   6:     164552 bytes,     342264 total
- age   7:      11320 bytes,     353584 total
- age   8:      44640 bytes,     398224 total
- age   9:      61400 bytes,     459624 total
- age  10:      20224 bytes,     479848 total
- age  11:       8352 bytes,     488200 total
- age  12:       9280 bytes,     497480 total
- age  13:      24912 bytes,     522392 total
- age  14:       6744 bytes,     529136 total
- age  15:      11408 bytes,     540544 total
, 0.0092351 secs]
   [Parallel Time: 6.5 ms, GC Workers: 2]
      [GC Worker Start (ms): Min: 9529939.8, Avg: 9529939.8, Max: 9529939.8, Diff: 0.0]
      [Ext Root Scanning (ms): Min: 1.1, Avg: 1.3, Max: 1.4, Diff: 0.3, Sum: 2.5]
      [Update RS (ms): Min: 0.7, Avg: 0.9, Max: 1.1, Diff: 0.4, Sum: 1.8]
         [Processed Buffers: Min: 1, Avg: 12.5, Max: 24, Diff: 23, Sum: 25]
      [Scan RS (ms): Min: 2.1, Avg: 2.1, Max: 2.2, Diff: 0.2, Sum: 4.3]
      [Code Root Scanning (ms): Min: 0.8, Avg: 0.8, Max: 0.9, Diff: 0.1, Sum: 1.7]
      [Object Copy (ms): Min: 1.1, Avg: 1.2, Max: 1.3, Diff: 0.2, Sum: 2.4]
      [Termination (ms): Min: 0.0, Avg: 0.0, Max: 0.0, Diff: 0.0, Sum: 0.0]
      [GC Worker Other (ms): Min: 0.0, Avg: 0.0, Max: 0.0, Diff: 0.0, Sum: 0.1]
      [GC Worker Total (ms): Min: 6.4, Avg: 6.4, Max: 6.4, Diff: 0.0, Sum: 12.8]
      [GC Worker End (ms): Min: 9529946.2, Avg: 9529946.2, Max: 9529946.2, Diff: 0.0]
   [Code Root Fixup: 0.2 ms]
   [Code Root Migration: 0.1 ms]
   [Clear CT: 0.8 ms]
   [Other: 1.7 ms]
      [Choose CSet: 0.0 ms]
      [Ref Proc: 0.1 ms]
      [Ref Enq: 0.0 ms]
      [Free CSet: 1.5 ms]
   [Eden: 3376.0M(3376.0M)->0.0B(3376.0M) Survivors: 2048.0K->2048.0K Heap: 4820.3M(5632.0M)->1444.0M(5632.0M)]
 [Times: user=0.01 sys=0.00, real=0.01 secs] 
2014-06-25T02:49:47.500+0000: 9529.949: Total time for which application threads were stopped: 0.0098422 seconds
2014-06-25T02:49:52.292+0000: 9534.741: Total time for which application threads were stopped: 0.0011902 seconds
2014-06-25T02:49:52.292+0000: 9534.741: Total time for which application threads were stopped: 0.0002187 seconds
2014-06-25T02:49:53.657+0000: 9536.107: [GC pause (G1 Evacuation Pause) (young)
Desired survivor size 222298112 bytes, new threshold 15 (max 15)
- age   1:      37640 bytes,      37640 total
- age   2:      25920 bytes,      63560 total
- age   3:       7272 bytes,      70832 total
- age   4:      18024 bytes,      88856 total
- age   5:      69080 bytes,     157936 total
- age   6:      29672 bytes,     187608 total
- age   7:     164552 bytes,     352160 total
- age   8:      11320 bytes,     363480 total
- age   9:      44640 bytes,     408120 total
- age  10:      61400 bytes,     469520 total
- age  11:      20224 bytes,     489744 total
- age  12:       8352 bytes,     498096 total
- age  13:       9280 bytes,     507376 total
- age  14:      24912 bytes,     532288 total
- age  15:       6744 bytes,     539032 total
, 0.0092490 secs]
   [Parallel Time: 6.5 ms, GC Workers: 2]
      [GC Worker Start (ms): Min: 9536106.6, Avg: 9536106.6, Max: 9536106.7, Diff: 0.0]
      [Ext Root Scanning (ms): Min: 1.1, Avg: 1.3, Max: 1.4, Diff: 0.3, Sum: 2.5]
      [Update RS (ms): Min: 0.8, Avg: 1.0, Max: 1.1, Diff: 0.3, Sum: 2.0]
         [Processed Buffers: Min: 1, Avg: 16.0, Max: 31, Diff: 30, Sum: 32]
      [Scan RS (ms): Min: 2.0, Avg: 2.1, Max: 2.2, Diff: 0.2, Sum: 4.3]
      [Code Root Scanning (ms): Min: 0.8, Avg: 0.8, Max: 0.8, Diff: 0.0, Sum: 1.7]
      [Object Copy (ms): Min: 1.1, Avg: 1.2, Max: 1.3, Diff: 0.2, Sum: 2.4]
      [Termination (ms): Min: 0.0, Avg: 0.0, Max: 0.0, Diff: 0.0, Sum: 0.0]
      [GC Worker Other (ms): Min: 0.0, Avg: 0.1, Max: 0.1, Diff: 0.0, Sum: 0.1]
      [GC Worker Total (ms): Min: 6.4, Avg: 6.4, Max: 6.5, Diff: 0.0, Sum: 12.9]
      [GC Worker End (ms): Min: 9536113.1, Avg: 9536113.1, Max: 9536113.1, Diff: 0.0]
   [Code Root Fixup: 0.2 ms]
   [Code Root Migration: 0.1 ms]
   [Clear CT: 0.8 ms]
   [Other: 1.7 ms]
      [Choose CSet: 0.0 ms]
      [Ref Proc: 0.1 ms]
      [Ref Enq: 0.0 ms]
      [Free CSet: 1.5 ms]
   [Eden: 3376.0M(3376.0M)->0.0B(3376.0M) Survivors: 2048.0K->2048.0K Heap: 4820.0M(5632.0M)->1444.5M(5632.0M)]
 [Times: user=0.02 sys=0.00, real=0.01 secs] 
2014-06-25T02:49:53.667+0000: 9536.116: Total time for which application threads were stopped: 0.0135082 seconds
2014-06-25T02:49:54.176+0000: 9536.625: Total time for which application threads were stopped: 0.0004155 seconds
2014-06-25T02:49:54.180+0000: 9536.629: Total time for which application threads were stopped: 0.0037963 seconds
2014-06-25T02:49:54.181+0000: 9536.630: Total time for which application threads were stopped: 0.0002245 seconds
2014-06-25T02:49:54.188+0000: 9536.637: Total time for which application threads were stopped: 0.0011128 seconds
2014-06-25T02:49:56.320+0000: 9538.770: Total time for which application threads were stopped: 0.0004518 seconds
2014-06-25T02:49:56.704+0000: 9539.153: Total time for which application threads were stopped: 0.0042193 seconds
2014-06-25T02:49:56.723+0000: 9539.173: Total time for which application threads were stopped: 0.0003526 seconds
2014-06-25T02:49:56.734+0000: 9539.183: Total time for which application threads were stopped: 0.0010588 seconds
2014-06-25T02:49:57.087+0000: 9539.536: Total time for which application threads were stopped: 0.0043223 seconds
2014-06-25T02:49:57.098+0000: 9539.547: Total time for which application threads were stopped: 0.0029591 seconds
2014-06-25T02:49:57.136+0000: 9539.585: Total time for which application threads were stopped: 0.0004676 seconds
2014-06-25T02:49:57.200+0000: 9539.649: Total time for which application threads were stopped: 0.0019007 seconds
2014-06-25T02:49:57.468+0000: 9539.917: Total time for which application threads were stopped: 0.0019990 seconds
2014-06-25T02:49:57.468+0000: 9539.917: Total time for which application threads were stopped: 0.0001795 seconds
2014-06-25T02:49:57.468+0000: 9539.917: Total time for which application threads were stopped: 0.0002380 seconds
2014-06-25T02:49:57.560+0000: 9540.009: Total time for which application threads were stopped: 0.0004208 seconds
2014-06-25T02:49:57.585+0000: 9540.034: Total time for which application threads were stopped: 0.0003373 seconds
2014-06-25T02:49:57.843+0000: 9540.293: Total time for which application threads were stopped: 0.0122669 seconds
2014-06-25T02:49:57.945+0000: 9540.394: Total time for which application threads were stopped: 0.0004104 seconds
2014-06-25T02:49:57.968+0000: 9540.417: Total time for which application threads were stopped: 0.0042937 seconds
2014-06-25T02:49:57.976+0000: 9540.425: Total time for which application threads were stopped: 0.0024830 seconds
2014-06-25T02:49:57.989+0000: 9540.438: Total time for which application threads were stopped: 0.0057798 seconds
2014-06-25T02:49:57.990+0000: 9540.439: Total time for which application threads were stopped: 0.0002263 seconds
2014-06-25T02:49:57.990+0000: 9540.439: Total time for which application threads were stopped: 0.0002273 seconds
2014-06-25T02:49:57.991+0000: 9540.440: Total time for which application threads were stopped: 0.0009088 seconds
2014-06-25T02:49:58.347+0000: 9540.797: Total time for which application threads were stopped: 0.0043436 seconds
2014-06-25T02:49:58.367+0000: 9540.816: Total time for which application threads were stopped: 0.0042758 seconds
2014-06-25T02:49:58.371+0000: 9540.820: Total time for which application threads were stopped: 0.0003070 seconds
2014-06-25T02:49:58.529+0000: 9540.978: Total time for which application threads were stopped: 0.0043401 seconds
2014-06-25T02:50:00.245+0000: 9542.694: [GC pause (G1 Evacuation Pause) (young)
Desired survivor size 222298112 bytes, new threshold 15 (max 15)
- age   1:      54064 bytes,      54064 total
- age   2:      13840 bytes,      67904 total
- age   3:      13088 bytes,      80992 total
- age   4:       7192 bytes,      88184 total
- age   5:      17992 bytes,     106176 total
- age   6:      68960 bytes,     175136 total
- age   7:      29672 bytes,     204808 total
- age   8:     159496 bytes,     364304 total
- age   9:      11320 bytes,     375624 total
- age  10:      40024 bytes,     415648 total
- age  11:      42144 bytes,     457792 total
- age  12:      20224 bytes,     478016 total
- age  13:       8352 bytes,     486368 total
- age  14:       9280 bytes,     495648 total
- age  15:      24912 bytes,     520560 total
, 0.0113736 secs]
   [Parallel Time: 8.2 ms, GC Workers: 2]
      [GC Worker Start (ms): Min: 9542694.6, Avg: 9542694.6, Max: 9542694.6, Diff: 0.0]
      [Ext Root Scanning (ms): Min: 1.1, Avg: 1.3, Max: 1.4, Diff: 0.3, Sum: 2.5]
      [Update RS (ms): Min: 1.5, Avg: 1.5, Max: 1.6, Diff: 0.1, Sum: 3.1]
         [Processed Buffers: Min: 10, Avg: 20.0, Max: 30, Diff: 20, Sum: 40]
      [Scan RS (ms): Min: 2.1, Avg: 2.2, Max: 2.2, Diff: 0.1, Sum: 4.3]
      [Code Root Scanning (ms): Min: 0.8, Avg: 0.8, Max: 0.8, Diff: 0.0, Sum: 1.7]
      [Object Copy (ms): Min: 2.2, Avg: 2.3, Max: 2.4, Diff: 0.1, Sum: 4.6]
      [Termination (ms): Min: 0.0, Avg: 0.0, Max: 0.0, Diff: 0.0, Sum: 0.0]
      [GC Worker Other (ms): Min: 0.0, Avg: 0.1, Max: 0.1, Diff: 0.0, Sum: 0.1]
      [GC Worker Total (ms): Min: 8.1, Avg: 8.1, Max: 8.1, Diff: 0.0, Sum: 16.3]
      [GC Worker End (ms): Min: 9542702.7, Avg: 9542702.8, Max: 9542702.8, Diff: 0.0]
   [Code Root Fixup: 0.2 ms]
   [Code Root Migration: 0.1 ms]
   [Clear CT: 0.8 ms]
   [Other: 2.1 ms]
      [Choose CSet: 0.0 ms]
      [Ref Proc: 0.4 ms]
      [Ref Enq: 0.0 ms]
      [Free CSet: 1.5 ms]
   [Eden: 3376.0M(3376.0M)->0.0B(3376.0M) Survivors: 2048.0K->2048.0K Heap: 4820.5M(5632.0M)->1444.8M(5632.0M)]
 [Times: user=0.02 sys=0.00, real=0.01 secs] 
2014-06-25T02:50:00.257+0000: 9542.706: Total time for which application threads were stopped: 0.0119704 seconds
2014-06-25T02:50:06.575+0000: 9549.024: [GC pause (G1 Evacuation Pause) (young)
Desired survivor size 222298112 bytes, new threshold 15 (max 15)
- age   1:     904272 bytes,     904272 total
- age   2:      30424 bytes,     934696 total
- age   3:      13600 bytes,     948296 total
- age   4:      12488 bytes,     960784 total
- age   5:       6896 bytes,     967680 total
- age   6:      17824 bytes,     985504 total
- age   7:      47096 bytes,    1032600 total
- age   8:      28152 bytes,    1060752 total
- age   9:      89096 bytes,    1149848 total
- age  10:      11320 bytes,    1161168 total
- age  11:      39864 bytes,    1201032 total
- age  12:      41752 bytes,    1242784 total
- age  13:      20224 bytes,    1263008 total
- age  14:       8352 bytes,    1271360 total
- age  15:       9280 bytes,    1280640 total
, 0.0105790 secs]
   [Parallel Time: 7.8 ms, GC Workers: 2]
      [GC Worker Start (ms): Min: 9549024.5, Avg: 9549024.5, Max: 9549024.5, Diff: 0.0]
      [Ext Root Scanning (ms): Min: 1.1, Avg: 1.3, Max: 1.4, Diff: 0.3, Sum: 2.5]
      [Update RS (ms): Min: 1.2, Avg: 1.3, Max: 1.3, Diff: 0.1, Sum: 2.5]
         [Processed Buffers: Min: 3, Avg: 15.0, Max: 27, Diff: 24, Sum: 30]
      [Scan RS (ms): Min: 2.1, Avg: 2.1, Max: 2.2, Diff: 0.1, Sum: 4.3]
      [Code Root Scanning (ms): Min: 0.8, Avg: 0.8, Max: 0.9, Diff: 0.0, Sum: 1.7]
      [Object Copy (ms): Min: 2.1, Avg: 2.2, Max: 2.3, Diff: 0.2, Sum: 4.3]
      [Termination (ms): Min: 0.0, Avg: 0.0, Max: 0.0, Diff: 0.0, Sum: 0.0]
      [GC Worker Other (ms): Min: 0.0, Avg: 0.1, Max: 0.1, Diff: 0.0, Sum: 0.1]
      [GC Worker Total (ms): Min: 7.7, Avg: 7.7, Max: 7.7, Diff: 0.0, Sum: 15.5]
      [GC Worker End (ms): Min: 9549032.2, Avg: 9549032.2, Max: 9549032.2, Diff: 0.0]
   [Code Root Fixup: 0.2 ms]
   [Code Root Migration: 0.1 ms]
   [Clear CT: 0.8 ms]
   [Other: 1.8 ms]
      [Choose CSet: 0.0 ms]
      [Ref Proc: 0.1 ms]
      [Ref Enq: 0.0 ms]
      [Free CSet: 1.5 ms]
   [Eden: 3376.0M(3376.0M)->0.0B(3374.0M) Survivors: 2048.0K->4096.0K Heap: 4820.8M(5632.0M)->1446.4M(5632.0M)]
 [Times: user=0.02 sys=0.00, real=0.01 secs] 
2014-06-25T02:50:06.586+0000: 9549.035: Total time for which application threads were stopped: 0.0151299 seconds
2014-06-25T02:50:12.996+0000: 9555.445: [GC pause (G1 Evacuation Pause) (young)
Desired survivor size 222298112 bytes, new threshold 15 (max 15)
- age   1:      53608 bytes,      53608 total
- age   2:     867568 bytes,     921176 total
- age   3:      30368 bytes,     951544 total
- age   4:      13600 bytes,     965144 total
- age   5:      10424 bytes,     975568 total
- age   6:       6896 bytes,     982464 total
- age   7:      17824 bytes,    1000288 total
- age   8:      47096 bytes,    1047384 total
- age   9:      27920 bytes,    1075304 total
- age  10:      89096 bytes,    1164400 total
- age  11:      11320 bytes,    1175720 total
- age  12:      39864 bytes,    1215584 total
- age  13:      41752 bytes,    1257336 total
- age  14:      20224 bytes,    1277560 total
- age  15:       8352 bytes,    1285912 total
, 0.0106751 secs]
   [Parallel Time: 7.9 ms, GC Workers: 2]
      [GC Worker Start (ms): Min: 9555444.9, Avg: 9555444.9, Max: 9555444.9, Diff: 0.0]
      [Ext Root Scanning (ms): Min: 1.1, Avg: 1.3, Max: 1.4, Diff: 0.3, Sum: 2.5]
      [Update RS (ms): Min: 1.1, Avg: 1.2, Max: 1.3, Diff: 0.2, Sum: 2.4]
         [Processed Buffers: Min: 2, Avg: 16.0, Max: 30, Diff: 28, Sum: 32]
      [Scan RS (ms): Min: 2.1, Avg: 2.2, Max: 2.2, Diff: 0.0, Sum: 4.3]
      [Code Root Scanning (ms): Min: 0.8, Avg: 0.8, Max: 0.9, Diff: 0.0, Sum: 1.7]
      [Object Copy (ms): Min: 2.3, Avg: 2.3, Max: 2.4, Diff: 0.1, Sum: 4.7]
      [Termination (ms): Min: 0.0, Avg: 0.0, Max: 0.0, Diff: 0.0, Sum: 0.0]
      [GC Worker Other (ms): Min: 0.0, Avg: 0.0, Max: 0.1, Diff: 0.0, Sum: 0.1]
      [GC Worker Total (ms): Min: 7.8, Avg: 7.8, Max: 7.8, Diff: 0.0, Sum: 15.6]
      [GC Worker End (ms): Min: 9555452.7, Avg: 9555452.7, Max: 9555452.7, Diff: 0.0]
   [Code Root Fixup: 0.2 ms]
   [Code Root Migration: 0.1 ms]
   [Clear CT: 0.8 ms]
   [Other: 1.8 ms]
      [Choose CSet: 0.0 ms]
      [Ref Proc: 0.1 ms]
      [Ref Enq: 0.0 ms]
      [Free CSet: 1.5 ms]
   [Eden: 3374.0M(3374.0M)->0.0B(3376.0M) Survivors: 4096.0K->2048.0K Heap: 4820.4M(5632.0M)->1445.0M(5632.0M)]
 [Times: user=0.01 sys=0.01, real=0.01 secs] 
2014-06-25T02:50:13.007+0000: 9555.456: Total time for which application threads were stopped: 0.0123222 seconds
2014-06-25T02:50:15.987+0000: 9558.436: Total time for which application threads were stopped: 0.0004249 seconds
2014-06-25T02:50:16.014+0000: 9558.463: Total time for which application threads were stopped: 0.0004085 seconds
2014-06-25T02:50:19.180+0000: 9561.629: [GC pause (G1 Evacuation Pause) (young)
Desired survivor size 222298112 bytes, new threshold 15 (max 15)
- age   1:     170360 bytes,     170360 total
- age   2:      16040 bytes,     186400 total
- age   3:     850752 bytes,    1037152 total
- age   4:      30280 bytes,    1067432 total
- age   5:      13600 bytes,    1081032 total
- age   6:      10184 bytes,    1091216 total
- age   7:       6896 bytes,    1098112 total
- age   8:      17440 bytes,    1115552 total
- age   9:      46968 bytes,    1162520 total
- age  10:      27664 bytes,    1190184 total
- age  11:      85472 bytes,    1275656 total
- age  12:      11320 bytes,    1286976 total
- age  13:      39864 bytes,    1326840 total
- age  14:      41752 bytes,    1368592 total
- age  15:      20224 bytes,    1388816 total
, 0.0110807 secs]
   [Parallel Time: 8.1 ms, GC Workers: 2]
      [GC Worker Start (ms): Min: 9561629.4, Avg: 9561629.4, Max: 9561629.4, Diff: 0.0]
      [Ext Root Scanning (ms): Min: 1.1, Avg: 1.3, Max: 1.4, Diff: 0.3, Sum: 2.5]
      [Update RS (ms): Min: 1.2, Avg: 1.3, Max: 1.3, Diff: 0.1, Sum: 2.6]
         [Processed Buffers: Min: 7, Avg: 16.5, Max: 26, Diff: 19, Sum: 33]
      [Scan RS (ms): Min: 2.1, Avg: 2.2, Max: 2.2, Diff: 0.1, Sum: 4.3]
      [Code Root Scanning (ms): Min: 0.8, Avg: 0.8, Max: 0.9, Diff: 0.0, Sum: 1.7]
      [Object Copy (ms): Min: 2.3, Avg: 2.4, Max: 2.5, Diff: 0.2, Sum: 4.9]
      [Termination (ms): Min: 0.0, Avg: 0.0, Max: 0.0, Diff: 0.0, Sum: 0.0]
      [GC Worker Other (ms): Min: 0.0, Avg: 0.1, Max: 0.1, Diff: 0.0, Sum: 0.1]
      [GC Worker Total (ms): Min: 8.0, Avg: 8.0, Max: 8.1, Diff: 0.0, Sum: 16.1]
      [GC Worker End (ms): Min: 9561637.4, Avg: 9561637.5, Max: 9561637.5, Diff: 0.0]
   [Code Root Fixup: 0.2 ms]
   [Code Root Migration: 0.1 ms]
   [Clear CT: 0.8 ms]
   [Other: 1.9 ms]
      [Choose CSet: 0.0 ms]
      [Ref Proc: 0.2 ms]
      [Ref Enq: 0.0 ms]
      [Free CSet: 1.6 ms]
   [Eden: 3376.0M(3376.0M)->0.0B(3374.0M) Survivors: 2048.0K->4096.0K Heap: 4821.0M(5632.0M)->1446.5M(5632.0M)]
 [Times: user=0.02 sys=0.01, real=0.01 secs] 
2014-06-25T02:50:19.191+0000: 9561.641: Total time for which application threads were stopped: 0.0116740 seconds
2014-06-25T02:50:19.341+0000: 9561.790: Total time for which application threads were stopped: 0.0043133 seconds
2014-06-25T02:50:19.355+0000: 9561.804: Total time for which application threads were stopped: 0.0003492 seconds
2014-06-25T02:50:19.355+0000: 9561.804: Total time for which application threads were stopped: 0.0002310 seconds
2014-06-25T02:50:19.355+0000: 9561.805: Total time for which application threads were stopped: 0.0002404 seconds
2014-06-25T02:50:19.365+0000: 9561.814: Total time for which application threads were stopped: 0.0050722 seconds
2014-06-25T02:50:19.376+0000: 9561.826: Total time for which application threads were stopped: 0.0049301 seconds
2014-06-25T02:50:19.386+0000: 9561.835: Total time for which application threads were stopped: 0.0004977 seconds
2014-06-25T02:50:19.676+0000: 9562.125: Total time for which application threads were stopped: 0.0044390 seconds
2014-06-25T02:50:19.698+0000: 9562.147: Total time for which application threads were stopped: 0.0005343 seconds
2014-06-25T02:50:19.711+0000: 9562.160: Total time for which application threads were stopped: 0.0043729 seconds
2014-06-25T02:50:19.723+0000: 9562.172: Total time for which application threads were stopped: 0.0013995 seconds
2014-06-25T02:50:19.723+0000: 9562.173: Total time for which application threads were stopped: 0.0003277 seconds
2014-06-25T02:50:19.724+0000: 9562.173: Total time for which application threads were stopped: 0.0002690 seconds
2014-06-25T02:50:19.742+0000: 9562.191: Total time for which application threads were stopped: 0.0011322 seconds
2014-06-25T02:50:19.776+0000: 9562.225: Total time for which application threads were stopped: 0.0004337 seconds
2014-06-25T02:50:19.781+0000: 9562.231: Total time for which application threads were stopped: 0.0002832 seconds
2014-06-25T02:50:20.180+0000: 9562.629: Total time for which application threads were stopped: 0.0043274 seconds
2014-06-25T02:50:20.202+0000: 9562.651: Total time for which application threads were stopped: 0.0004034 seconds
2014-06-25T02:50:20.207+0000: 9562.656: Total time for which application threads were stopped: 0.0002820 seconds
2014-06-25T02:50:20.537+0000: 9562.987: Total time for which application threads were stopped: 0.0044261 seconds
2014-06-25T02:50:20.636+0000: 9563.085: Total time for which application threads were stopped: 0.0080051 seconds
2014-06-25T02:50:20.685+0000: 9563.134: Total time for which application threads were stopped: 0.0085819 seconds
2014-06-25T02:50:21.692+0000: 9564.141: Total time for which application threads were stopped: 0.0004030 seconds
2014-06-25T02:50:26.038+0000: 9568.487: [GC pause (G1 Evacuation Pause) (young)
Desired survivor size 222298112 bytes, new threshold 15 (max 15)
- age   1:     210168 bytes,     210168 total
- age   2:      88144 bytes,     298312 total
- age   3:      12960 bytes,     311272 total
- age   4:     774776 bytes,    1086048 total
- age   5:      30280 bytes,    1116328 total
- age   6:      13600 bytes,    1129928 total
- age   7:      10184 bytes,    1140112 total
- age   8:       6896 bytes,    1147008 total
- age   9:      17440 bytes,    1164448 total
- age  10:      46968 bytes,    1211416 total
- age  11:      27664 bytes,    1239080 total
- age  12:      83960 bytes,    1323040 total
- age  13:      11320 bytes,    1334360 total
- age  14:      39864 bytes,    1374224 total
- age  15:      41752 bytes,    1415976 total
, 0.0113230 secs]
   [Parallel Time: 8.2 ms, GC Workers: 2]
      [GC Worker Start (ms): Min: 9568487.2, Avg: 9568487.2, Max: 9568487.2, Diff: 0.0]
      [Ext Root Scanning (ms): Min: 1.1, Avg: 1.3, Max: 1.4, Diff: 0.3, Sum: 2.6]
      [Update RS (ms): Min: 1.3, Avg: 1.4, Max: 1.4, Diff: 0.1, Sum: 2.7]
         [Processed Buffers: Min: 19, Avg: 20.5, Max: 22, Diff: 3, Sum: 41]
      [Scan RS (ms): Min: 2.1, Avg: 2.1, Max: 2.2, Diff: 0.1, Sum: 4.3]
      [Code Root Scanning (ms): Min: 0.8, Avg: 0.8, Max: 0.8, Diff: 0.0, Sum: 1.7]
      [Object Copy (ms): Min: 2.4, Avg: 2.5, Max: 2.6, Diff: 0.2, Sum: 5.0]
      [Termination (ms): Min: 0.0, Avg: 0.0, Max: 0.0, Diff: 0.0, Sum: 0.0]
      [GC Worker Other (ms): Min: 0.0, Avg: 0.1, Max: 0.1, Diff: 0.0, Sum: 0.1]
      [GC Worker Total (ms): Min: 8.1, Avg: 8.1, Max: 8.1, Diff: 0.0, Sum: 16.3]
      [GC Worker End (ms): Min: 9568495.3, Avg: 9568495.3, Max: 9568495.3, Diff: 0.0]
   [Code Root Fixup: 0.2 ms]
   [Code Root Migration: 0.1 ms]
   [Clear CT: 0.8 ms]
   [Other: 2.1 ms]
      [Choose CSet: 0.0 ms]
      [Ref Proc: 0.4 ms]
      [Ref Enq: 0.0 ms]
      [Free CSet: 1.6 ms]
   [Eden: 3374.0M(3374.0M)->0.0B(3376.0M) Survivors: 4096.0K->2048.0K Heap: 4820.5M(5632.0M)->1445.4M(5632.0M)]
 [Times: user=0.01 sys=0.01, real=0.01 secs] 
2014-06-25T02:50:26.049+0000: 9568.499: Total time for which application threads were stopped: 0.0119418 seconds
2014-06-25T02:50:30.052+0000: 9572.501: Total time for which application threads were stopped: 0.0016411 seconds
2014-06-25T02:50:31.056+0000: 9573.505: Total time for which application threads were stopped: 0.0038507 seconds
2014-06-25T02:50:32.740+0000: 9575.189: [GC pause (G1 Evacuation Pause) (young)
Desired survivor size 222298112 bytes, new threshold 15 (max 15)
- age   1:     606016 bytes,     606016 total
- age   2:     150840 bytes,     756856 total
- age   3:      36232 bytes,     793088 total
- age   4:      12336 bytes,     805424 total
- age   5:     297456 bytes,    1102880 total
- age   6:      30160 bytes,    1133040 total
- age   7:      13600 bytes,    1146640 total
- age   8:      10184 bytes,    1156824 total
- age   9:       6896 bytes,    1163720 total
- age  10:      17440 bytes,    1181160 total
- age  11:      46968 bytes,    1228128 total
- age  12:      27624 bytes,    1255752 total
- age  13:      83312 bytes,    1339064 total
- age  14:      11320 bytes,    1350384 total
- age  15:      39864 bytes,    1390248 total
, 0.0112831 secs]
   [Parallel Time: 8.4 ms, GC Workers: 2]
      [GC Worker Start (ms): Min: 9575188.9, Avg: 9575188.9, Max: 9575188.9, Diff: 0.0]
      [Ext Root Scanning (ms): Min: 1.1, Avg: 1.3, Max: 1.4, Diff: 0.2, Sum: 2.5]
      [Update RS (ms): Min: 1.5, Avg: 1.5, Max: 1.6, Diff: 0.1, Sum: 3.1]
         [Processed Buffers: Min: 5, Avg: 19.0, Max: 33, Diff: 28, Sum: 38]
      [Scan RS (ms): Min: 2.1, Avg: 2.1, Max: 2.2, Diff: 0.1, Sum: 4.3]
      [Code Root Scanning (ms): Min: 0.8, Avg: 0.8, Max: 0.9, Diff: 0.1, Sum: 1.7]
      [Object Copy (ms): Min: 2.5, Avg: 2.6, Max: 2.7, Diff: 0.2, Sum: 5.1]
      [Termination (ms): Min: 0.0, Avg: 0.0, Max: 0.0, Diff: 0.0, Sum: 0.0]
      [GC Worker Other (ms): Min: 0.0, Avg: 0.0, Max: 0.1, Diff: 0.0, Sum: 0.1]
      [GC Worker Total (ms): Min: 8.3, Avg: 8.4, Max: 8.4, Diff: 0.0, Sum: 16.7]
      [GC Worker End (ms): Min: 9575197.3, Avg: 9575197.3, Max: 9575197.3, Diff: 0.0]
   [Code Root Fixup: 0.2 ms]
   [Code Root Migration: 0.1 ms]
   [Clear CT: 0.8 ms]
   [Other: 1.8 ms]
      [Choose CSet: 0.0 ms]
      [Ref Proc: 0.2 ms]
      [Ref Enq: 0.0 ms]
      [Free CSet: 1.5 ms]
   [Eden: 3376.0M(3376.0M)->0.0B(3374.0M) Survivors: 2048.0K->4096.0K Heap: 4821.4M(5632.0M)->1446.8M(5632.0M)]
 [Times: user=0.02 sys=0.01, real=0.00 secs] 
2014-06-25T02:50:32.751+0000: 9575.200: Total time for which application threads were stopped: 0.0148960 seconds
2014-06-25T02:50:33.753+0000: 9576.202: Total time for which application threads were stopped: 0.0012045 seconds
2014-06-25T02:50:33.773+0000: 9576.223: Total time for which application threads were stopped: 0.0043014 seconds
2014-06-25T02:50:34.474+0000: 9576.923: Total time for which application threads were stopped: 0.0044997 seconds
2014-06-25T02:50:34.724+0000: 9577.173: Total time for which application threads were stopped: 0.0036799 seconds
2014-06-25T02:50:35.527+0000: 9577.976: Total time for which application threads were stopped: 0.0050305 seconds
2014-06-25T02:50:39.264+0000: 9581.713: [GC pause (G1 Evacuation Pause) (young)
Desired survivor size 222298112 bytes, new threshold 15 (max 15)
- age   1:     292776 bytes,     292776 total
- age   2:     527952 bytes,     820728 total
- age   3:      88992 bytes,     909720 total
- age   4:      32568 bytes,     942288 total
- age   5:      12208 bytes,     954496 total
- age   6:     284080 bytes,    1238576 total
- age   7:      30160 bytes,    1268736 total
- age   8:      13600 bytes,    1282336 total
- age   9:      10184 bytes,    1292520 total
- age  10:       6896 bytes,    1299416 total
- age  11:      17440 bytes,    1316856 total
- age  12:      46808 bytes,    1363664 total
- age  13:      27584 bytes,    1391248 total
- age  14:      75024 bytes,    1466272 total
- age  15:      11320 bytes,    1477592 total
, 0.0117005 secs]
   [Parallel Time: 8.6 ms, GC Workers: 2]
      [GC Worker Start (ms): Min: 9581712.9, Avg: 9581712.9, Max: 9581713.0, Diff: 0.0]
      [Ext Root Scanning (ms): Min: 1.1, Avg: 1.3, Max: 1.4, Diff: 0.3, Sum: 2.6]
      [Update RS (ms): Min: 1.5, Avg: 1.5, Max: 1.6, Diff: 0.1, Sum: 3.1]
         [Processed Buffers: Min: 17, Avg: 18.0, Max: 19, Diff: 2, Sum: 36]
      [Scan RS (ms): Min: 2.1, Avg: 2.1, Max: 2.1, Diff: 0.0, Sum: 4.3]
      [Code Root Scanning (ms): Min: 0.8, Avg: 0.9, Max: 0.9, Diff: 0.0, Sum: 1.7]
      [Object Copy (ms): Min: 2.6, Avg: 2.7, Max: 2.8, Diff: 0.2, Sum: 5.3]
      [Termination (ms): Min: 0.0, Avg: 0.0, Max: 0.0, Diff: 0.0, Sum: 0.0]
      [GC Worker Other (ms): Min: 0.0, Avg: 0.0, Max: 0.1, Diff: 0.0, Sum: 0.1]
      [GC Worker Total (ms): Min: 8.5, Avg: 8.5, Max: 8.5, Diff: 0.0, Sum: 17.0]
      [GC Worker End (ms): Min: 9581721.4, Avg: 9581721.4, Max: 9581721.5, Diff: 0.0]
   [Code Root Fixup: 0.2 ms]
   [Code Root Migration: 0.1 ms]
   [Clear CT: 0.8 ms]
   [Other: 2.1 ms]
      [Choose CSet: 0.0 ms]
      [Ref Proc: 0.3 ms]
      [Ref Enq: 0.0 ms]
      [Free CSet: 1.6 ms]
   [Eden: 3374.0M(3374.0M)->0.0B(3374.0M) Survivors: 4096.0K->4096.0K Heap: 4820.8M(5632.0M)->1446.0M(5632.0M)]
 [Times: user=0.02 sys=0.01, real=0.01 secs] 
2014-06-25T02:50:39.276+0000: 9581.725: Total time for which application threads were stopped: 0.0143392 seconds
2014-06-25T02:50:40.280+0000: 9582.729: Total time for which application threads were stopped: 0.0039078 seconds
2014-06-25T02:50:44.282+0000: 9586.731: Total time for which application threads were stopped: 0.0017014 seconds
2014-06-25T02:50:45.588+0000: 9588.038: [GC pause (G1 Evacuation Pause) (young)
Desired survivor size 222298112 bytes, new threshold 15 (max 15)
- age   1:     608272 bytes,     608272 total
- age   2:     185576 bytes,     793848 total
- age   3:      96280 bytes,     890128 total
- age   4:      87968 bytes,     978096 total
- age   5:      32312 bytes,    1010408 total
- age   6:      12208 bytes,    1022616 total
- age   7:     281952 bytes,    1304568 total
- age   8:      30160 bytes,    1334728 total
- age   9:      13600 bytes,    1348328 total
- age  10:      10184 bytes,    1358512 total
- age  11:       6896 bytes,    1365408 total
- age  12:      17440 bytes,    1382848 total
- age  13:      46808 bytes,    1429656 total
- age  14:      27584 bytes,    1457240 total
- age  15:      75024 bytes,    1532264 total
, 0.0112227 secs]
   [Parallel Time: 8.4 ms, GC Workers: 2]
      [GC Worker Start (ms): Min: 9588037.7, Avg: 9588037.7, Max: 9588037.7, Diff: 0.0]
      [Ext Root Scanning (ms): Min: 1.1, Avg: 1.2, Max: 1.4, Diff: 0.3, Sum: 2.5]
      [Update RS (ms): Min: 1.3, Avg: 1.4, Max: 1.4, Diff: 0.1, Sum: 2.7]
         [Processed Buffers: Min: 3, Avg: 18.5, Max: 34, Diff: 31, Sum: 37]
      [Scan RS (ms): Min: 2.1, Avg: 2.1, Max: 2.2, Diff: 0.1, Sum: 4.3]
      [Code Root Scanning (ms): Min: 0.8, Avg: 0.8, Max: 0.9, Diff: 0.0, Sum: 1.7]
      [Object Copy (ms): Min: 2.6, Avg: 2.7, Max: 2.8, Diff: 0.2, Sum: 5.4]
      [Termination (ms): Min: 0.0, Avg: 0.0, Max: 0.0, Diff: 0.0, Sum: 0.0]
      [GC Worker Other (ms): Min: 0.0, Avg: 0.0, Max: 0.0, Diff: 0.0, Sum: 0.1]
      [GC Worker Total (ms): Min: 8.3, Avg: 8.3, Max: 8.3, Diff: 0.0, Sum: 16.6]
      [GC Worker End (ms): Min: 9588046.0, Avg: 9588046.0, Max: 9588046.0, Diff: 0.0]
   [Code Root Fixup: 0.2 ms]
   [Code Root Migration: 0.1 ms]
   [Clear CT: 0.8 ms]
   [Other: 1.8 ms]
      [Choose CSet: 0.0 ms]
      [Ref Proc: 0.1 ms]
      [Ref Enq: 0.0 ms]
      [Free CSet: 1.6 ms]
   [Eden: 3374.0M(3374.0M)->0.0B(3374.0M) Survivors: 4096.0K->4096.0K Heap: 4820.0M(5632.0M)->1446.9M(5632.0M)]
 [Times: user=0.02 sys=0.00, real=0.01 secs] 
2014-06-25T02:50:45.600+0000: 9588.049: Total time for which application threads were stopped: 0.0118194 seconds
2014-06-25T02:50:48.072+0000: 9590.521: Total time for which application threads were stopped: 0.0041185 seconds
2014-06-25T02:50:48.088+0000: 9590.537: Total time for which application threads were stopped: 0.0041336 seconds
2014-06-25T02:50:51.068+0000: 9593.517: Total time for which application threads were stopped: 0.0041375 seconds
2014-06-25T02:50:51.444+0000: 9593.893: Total time for which application threads were stopped: 0.0044069 seconds
2014-06-25T02:50:51.750+0000: 9594.200: Total time for which application threads were stopped: 0.0005375 seconds
2014-06-25T02:50:52.172+0000: 9594.621: Total time for which application threads were stopped: 0.0081065 seconds
2014-06-25T02:50:52.269+0000: 9594.718: [GC pause (G1 Evacuation Pause) (young)
Desired survivor size 222298112 bytes, new threshold 15 (max 15)
- age   1:     156696 bytes,     156696 total
- age   2:     552872 bytes,     709568 total
- age   3:     182208 bytes,     891776 total
- age   4:      94032 bytes,     985808 total
- age   5:      87800 bytes,    1073608 total
- age   6:      32120 bytes,    1105728 total
- age   7:      12168 bytes,    1117896 total
- age   8:     281760 bytes,    1399656 total
- age   9:      30160 bytes,    1429816 total
- age  10:      13600 bytes,    1443416 total
- age  11:      10184 bytes,    1453600 total
- age  12:       6896 bytes,    1460496 total
- age  13:      17440 bytes,    1477936 total
- age  14:      46632 bytes,    1524568 total
- age  15:      27584 bytes,    1552152 total
, 0.0129673 secs]
   [Parallel Time: 9.4 ms, GC Workers: 2]
      [GC Worker Start (ms): Min: 9594718.5, Avg: 9594718.5, Max: 9594718.5, Diff: 0.0]
      [Ext Root Scanning (ms): Min: 1.2, Avg: 1.3, Max: 1.4, Diff: 0.3, Sum: 2.6]
      [Update RS (ms): Min: 1.7, Avg: 1.7, Max: 1.8, Diff: 0.1, Sum: 3.5]
         [Processed Buffers: Min: 17, Avg: 21.0, Max: 25, Diff: 8, Sum: 42]
      [Scan RS (ms): Min: 2.1, Avg: 2.1, Max: 2.2, Diff: 0.1, Sum: 4.3]
      [Code Root Scanning (ms): Min: 0.8, Avg: 0.8, Max: 0.8, Diff: 0.0, Sum: 1.7]
      [Object Copy (ms): Min: 3.2, Avg: 3.3, Max: 3.3, Diff: 0.1, Sum: 6.5]
      [Termination (ms): Min: 0.0, Avg: 0.0, Max: 0.0, Diff: 0.0, Sum: 0.0]
      [GC Worker Other (ms): Min: 0.0, Avg: 0.0, Max: 0.1, Diff: 0.0, Sum: 0.1]
      [GC Worker Total (ms): Min: 9.3, Avg: 9.3, Max: 9.3, Diff: 0.0, Sum: 18.6]
      [GC Worker End (ms): Min: 9594727.8, Avg: 9594727.8, Max: 9594727.9, Diff: 0.0]
   [Code Root Fixup: 0.2 ms]
   [Code Root Migration: 0.2 ms]
   [Clear CT: 0.8 ms]
   [Other: 2.4 ms]
      [Choose CSet: 0.0 ms]
      [Ref Proc: 0.5 ms]
      [Ref Enq: 0.0 ms]
      [Free CSet: 1.7 ms]
   [Eden: 3374.0M(3374.0M)->0.0B(3374.0M) Survivors: 4096.0K->4096.0K Heap: 4820.9M(5632.0M)->1446.7M(5632.0M)]
 [Times: user=0.02 sys=0.00, real=0.01 secs] 
2014-06-25T02:50:52.282+0000: 9594.732: Total time for which application threads were stopped: 0.0212861 seconds
2014-06-25T02:50:52.483+0000: 9594.933: Total time for which application threads were stopped: 0.0044962 seconds
2014-06-25T02:50:53.392+0000: 9595.841: Total time for which application threads were stopped: 0.0007780 seconds
2014-06-25T02:50:53.392+0000: 9595.841: Total time for which application threads were stopped: 0.0002270 seconds
2014-06-25T02:50:58.705+0000: 9601.154: [GC pause (G1 Evacuation Pause) (young)
Desired survivor size 222298112 bytes, new threshold 15 (max 15)
- age   1:    1068280 bytes,    1068280 total
- age   2:      15384 bytes,    1083664 total
- age   3:      62040 bytes,    1145704 total
- age   4:     123224 bytes,    1268928 total
- age   5:      88536 bytes,    1357464 total
- age   6:      86256 bytes,    1443720 total
- age   7:      32120 bytes,    1475840 total
- age   8:       9112 bytes,    1484952 total
- age   9:     277976 bytes,    1762928 total
- age  10:      30160 bytes,    1793088 total
- age  11:      13600 bytes,    1806688 total
- age  12:      10184 bytes,    1816872 total
- age  13:       6896 bytes,    1823768 total
- age  14:      17440 bytes,    1841208 total
- age  15:      46440 bytes,    1887648 total
, 0.0119078 secs]
   [Parallel Time: 8.8 ms, GC Workers: 2]
      [GC Worker Start (ms): Min: 9601154.0, Avg: 9601154.0, Max: 9601154.0, Diff: 0.0]
      [Ext Root Scanning (ms): Min: 1.1, Avg: 1.3, Max: 1.4, Diff: 0.3, Sum: 2.5]
      [Update RS (ms): Min: 1.4, Avg: 1.5, Max: 1.5, Diff: 0.1, Sum: 3.0]
         [Processed Buffers: Min: 4, Avg: 19.0, Max: 34, Diff: 30, Sum: 38]
      [Scan RS (ms): Min: 2.1, Avg: 2.2, Max: 2.2, Diff: 0.0, Sum: 4.3]
      [Code Root Scanning (ms): Min: 0.8, Avg: 0.8, Max: 0.8, Diff: 0.0, Sum: 1.7]
      [Object Copy (ms): Min: 2.8, Avg: 2.9, Max: 3.0, Diff: 0.2, Sum: 5.8]
      [Termination (ms): Min: 0.0, Avg: 0.0, Max: 0.0, Diff: 0.0, Sum: 0.0]
      [GC Worker Other (ms): Min: 0.0, Avg: 0.0, Max: 0.1, Diff: 0.0, Sum: 0.1]
      [GC Worker Total (ms): Min: 8.7, Avg: 8.7, Max: 8.7, Diff: 0.0, Sum: 17.4]
      [GC Worker End (ms): Min: 9601162.7, Avg: 9601162.7, Max: 9601162.7, Diff: 0.0]
   [Code Root Fixup: 0.2 ms]
   [Code Root Migration: 0.1 ms]
   [Clear CT: 0.8 ms]
   [Other: 2.1 ms]
      [Choose CSet: 0.0 ms]
      [Ref Proc: 0.3 ms]
      [Ref Enq: 0.0 ms]
      [Free CSet: 1.6 ms]
   [Eden: 3374.0M(3374.0M)->0.0B(3374.0M) Survivors: 4096.0K->4096.0K Heap: 4820.7M(5632.0M)->1447.4M(5632.0M)]
 [Times: user=0.02 sys=0.00, real=0.01 secs] 
2014-06-25T02:50:58.717+0000: 9601.166: Total time for which application threads were stopped: 0.0124957 seconds
2014-06-25T02:51:01.311+0000: 9603.760: Total time for which application threads were stopped: 0.0030581 seconds
2014-06-25T02:51:03.315+0000: 9605.764: Total time for which application threads were stopped: 0.0043255 seconds
2014-06-25T02:51:04.320+0000: 9606.769: Total time for which application threads were stopped: 0.0043327 seconds
2014-06-25T02:51:05.325+0000: 9607.774: Total time for which application threads were stopped: 0.0054423 seconds
2014-06-25T02:51:05.362+0000: 9607.811: Total time for which application threads were stopped: 0.0034389 seconds
2014-06-25T02:51:05.392+0000: 9607.841: Total time for which application threads were stopped: 0.0011290 seconds
2014-06-25T02:51:05.408+0000: 9607.857: [GC pause (G1 Evacuation Pause) (young)
Desired survivor size 222298112 bytes, new threshold 15 (max 15)
- age   1:     550160 bytes,     550160 total
- age   2:     350096 bytes,     900256 total
- age   3:      13480 bytes,     913736 total
- age   4:      60576 bytes,     974312 total
- age   5:     122256 bytes,    1096568 total
- age   6:      88416 bytes,    1184984 total
- age   7:      86256 bytes,    1271240 total
- age   8:      32120 bytes,    1303360 total
- age   9:       9112 bytes,    1312472 total
- age  10:     275776 bytes,    1588248 total
- age  11:      16328 bytes,    1604576 total
- age  12:      13600 bytes,    1618176 total
- age  13:      10152 bytes,    1628328 total
- age  14:       6896 bytes,    1635224 total
- age  15:      17440 bytes,    1652664 total
, 0.0118136 secs]
   [Parallel Time: 8.7 ms, GC Workers: 2]
      [GC Worker Start (ms): Min: 9607857.4, Avg: 9607857.4, Max: 9607857.4, Diff: 0.0]
      [Ext Root Scanning (ms): Min: 1.1, Avg: 1.3, Max: 1.4, Diff: 0.3, Sum: 2.5]
      [Update RS (ms): Min: 1.3, Avg: 1.4, Max: 1.6, Diff: 0.3, Sum: 2.8]
         [Processed Buffers: Min: 2, Avg: 19.5, Max: 37, Diff: 35, Sum: 39]
      [Scan RS (ms): Min: 2.0, Avg: 2.1, Max: 2.2, Diff: 0.2, Sum: 4.2]
      [Code Root Scanning (ms): Min: 0.8, Avg: 0.8, Max: 0.8, Diff: 0.0, Sum: 1.7]
      [Object Copy (ms): Min: 2.9, Avg: 3.0, Max: 3.1, Diff: 0.2, Sum: 6.0]
      [Termination (ms): Min: 0.0, Avg: 0.0, Max: 0.0, Diff: 0.0, Sum: 0.0]
      [GC Worker Other (ms): Min: 0.0, Avg: 0.0, Max: 0.1, Diff: 0.0, Sum: 0.1]
      [GC Worker Total (ms): Min: 8.6, Avg: 8.7, Max: 8.7, Diff: 0.0, Sum: 17.3]
      [GC Worker End (ms): Min: 9607866.1, Avg: 9607866.1, Max: 9607866.1, Diff: 0.0]
   [Code Root Fixup: 0.2 ms]
   [Code Root Migration: 0.1 ms]
   [Clear CT: 0.9 ms]
   [Other: 2.0 ms]
      [Choose CSet: 0.0 ms]
      [Ref Proc: 0.2 ms]
      [Ref Enq: 0.0 ms]
      [Free CSet: 1.7 ms]
   [Eden: 3374.0M(3374.0M)->0.0B(3374.0M) Survivors: 4096.0K->4096.0K Heap: 4821.4M(5632.0M)->1446.8M(5632.0M)]
 [Times: user=0.02 sys=0.00, real=0.01 secs] 
2014-06-25T02:51:05.420+0000: 9607.869: Total time for which application threads were stopped: 0.0123399 seconds
2014-06-25T02:51:10.031+0000: 9612.480: Total time for which application threads were stopped: 0.0035216 seconds
2014-06-25T02:51:11.584+0000: 9614.033: [GC pause (G1 Evacuation Pause) (young)
Desired survivor size 222298112 bytes, new threshold 15 (max 15)
- age   1:     214896 bytes,     214896 total
- age   2:     505008 bytes,     719904 total
- age   3:     345840 bytes,    1065744 total
- age   4:       9968 bytes,    1075712 total
- age   5:      60104 bytes,    1135816 total
- age   6:     119728 bytes,    1255544 total
- age   7:      85784 bytes,    1341328 total
- age   8:      86032 bytes,    1427360 total
- age   9:      32120 bytes,    1459480 total
- age  10:       9112 bytes,    1468592 total
- age  11:     273744 bytes,    1742336 total
- age  12:      16328 bytes,    1758664 total
- age  13:      13600 bytes,    1772264 total
- age  14:      10152 bytes,    1782416 total
- age  15:       6896 bytes,    1789312 total
, 0.0114933 secs]
   [Parallel Time: 8.7 ms, GC Workers: 2]
      [GC Worker Start (ms): Min: 9614032.9, Avg: 9614033.0, Max: 9614033.0, Diff: 0.0]
      [Ext Root Scanning (ms): Min: 1.1, Avg: 1.3, Max: 1.4, Diff: 0.3, Sum: 2.6]
      [Update RS (ms): Min: 1.3, Avg: 1.4, Max: 1.4, Diff: 0.0, Sum: 2.7]
         [Processed Buffers: Min: 2, Avg: 17.0, Max: 32, Diff: 30, Sum: 34]
      [Scan RS (ms): Min: 2.0, Avg: 2.1, Max: 2.2, Diff: 0.1, Sum: 4.2]
      [Code Root Scanning (ms): Min: 0.8, Avg: 0.8, Max: 0.8, Diff: 0.0, Sum: 1.7]
      [Object Copy (ms): Min: 2.9, Avg: 3.0, Max: 3.1, Diff: 0.2, Sum: 5.9]
      [Termination (ms): Min: 0.0, Avg: 0.0, Max: 0.0, Diff: 0.0, Sum: 0.0]
      [GC Worker Other (ms): Min: 0.0, Avg: 0.0, Max: 0.1, Diff: 0.0, Sum: 0.1]
      [GC Worker Total (ms): Min: 8.6, Avg: 8.6, Max: 8.6, Diff: 0.0, Sum: 17.2]
      [GC Worker End (ms): Min: 9614041.5, Avg: 9614041.6, Max: 9614041.6, Diff: 0.0]
   [Code Root Fixup: 0.2 ms]
   [Code Root Migration: 0.1 ms]
   [Clear CT: 0.8 ms]
   [Other: 1.8 ms]
      [Choose CSet: 0.0 ms]
      [Ref Proc: 0.1 ms]
      [Ref Enq: 0.0 ms]
      [Free CSet: 1.5 ms]
   [Eden: 3374.0M(3374.0M)->0.0B(3374.0M) Survivors: 4096.0K->4096.0K Heap: 4820.8M(5632.0M)->1447.4M(5632.0M)]
 [Times: user=0.02 sys=0.00, real=0.01 secs] 
2014-06-25T02:51:11.595+0000: 9614.045: Total time for which application threads were stopped: 0.0149463 seconds
2014-06-25T02:51:13.600+0000: 9616.049: Total time for which application threads were stopped: 0.0043227 seconds
2014-06-25T02:51:14.604+0000: 9617.053: Total time for which application threads were stopped: 0.0035325 seconds
2014-06-25T02:51:16.316+0000: 9618.765: Total time for which application threads were stopped: 0.0043252 seconds
2014-06-25T02:51:18.016+0000: 9620.465: [GC pause (G1 Evacuation Pause) (young)
Desired survivor size 222298112 bytes, new threshold 15 (max 15)
- age   1:      82848 bytes,      82848 total
- age   2:     167856 bytes,     250704 total
- age   3:     504976 bytes,     755680 total
- age   4:     345784 bytes,    1101464 total
- age   5:       9848 bytes,    1111312 total
- age   6:      60104 bytes,    1171416 total
- age   7:     117008 bytes,    1288424 total
- age   8:      85624 bytes,    1374048 total
- age   9:      86032 bytes,    1460080 total
- age  10:      32088 bytes,    1492168 total
- age  11:       9112 bytes,    1501280 total
- age  12:     273712 bytes,    1774992 total
- age  13:      16328 bytes,    1791320 total
- age  14:      13600 bytes,    1804920 total
- age  15:      10152 bytes,    1815072 total
, 0.0114844 secs]
   [Parallel Time: 8.7 ms, GC Workers: 2]
      [GC Worker Start (ms): Min: 9620464.9, Avg: 9620464.9, Max: 9620464.9, Diff: 0.0]
      [Ext Root Scanning (ms): Min: 1.1, Avg: 1.3, Max: 1.4, Diff: 0.3, Sum: 2.6]
      [Update RS (ms): Min: 1.2, Avg: 1.4, Max: 1.5, Diff: 0.3, Sum: 2.7]
         [Processed Buffers: Min: 3, Avg: 16.5, Max: 30, Diff: 27, Sum: 33]
      [Scan RS (ms): Min: 2.0, Avg: 2.1, Max: 2.2, Diff: 0.2, Sum: 4.2]
      [Code Root Scanning (ms): Min: 0.8, Avg: 0.8, Max: 0.9, Diff: 0.0, Sum: 1.7]
      [Object Copy (ms): Min: 2.8, Avg: 2.9, Max: 3.0, Diff: 0.2, Sum: 5.9]
      [Termination (ms): Min: 0.0, Avg: 0.0, Max: 0.0, Diff: 0.0, Sum: 0.0]
      [GC Worker Other (ms): Min: 0.0, Avg: 0.0, Max: 0.1, Diff: 0.0, Sum: 0.1]
      [GC Worker Total (ms): Min: 8.6, Avg: 8.6, Max: 8.6, Diff: 0.0, Sum: 17.2]
      [GC Worker End (ms): Min: 9620473.5, Avg: 9620473.5, Max: 9620473.5, Diff: 0.0]
   [Code Root Fixup: 0.2 ms]
   [Code Root Migration: 0.1 ms]
   [Clear CT: 0.8 ms]
   [Other: 1.8 ms]
      [Choose CSet: 0.0 ms]
      [Ref Proc: 0.1 ms]
      [Ref Enq: 0.0 ms]
      [Free CSet: 1.5 ms]
   [Eden: 3374.0M(3374.0M)->0.0B(3374.0M) Survivors: 4096.0K->4096.0K Heap: 4821.4M(5632.0M)->1446.9M(5632.0M)]
 [Times: user=0.02 sys=0.01, real=0.01 secs] 
2014-06-25T02:51:18.027+0000: 9620.477: Total time for which application threads were stopped: 0.0139584 seconds
2014-06-25T02:51:24.312+0000: 9626.761: [GC pause (G1 Evacuation Pause) (young)
Desired survivor size 222298112 bytes, new threshold 15 (max 15)
- age   1:      63088 bytes,      63088 total
- age   2:      26704 bytes,      89792 total
- age   3:     132280 bytes,     222072 total
- age   4:     503504 bytes,     725576 total
- age   5:     345784 bytes,    1071360 total
- age   6:       9848 bytes,    1081208 total
- age   7:      60104 bytes,    1141312 total
- age   8:     117008 bytes,    1258320 total
- age   9:      85624 bytes,    1343944 total
- age  10:      86032 bytes,    1429976 total
- age  11:      32088 bytes,    1462064 total
- age  12:       9112 bytes,    1471176 total
- age  13:     273712 bytes,    1744888 total
- age  14:      16328 bytes,    1761216 total
- age  15:      13600 bytes,    1774816 total
, 0.0114521 secs]
   [Parallel Time: 8.6 ms, GC Workers: 2]
      [GC Worker Start (ms): Min: 9626760.8, Avg: 9626760.8, Max: 9626760.8, Diff: 0.0]
      [Ext Root Scanning (ms): Min: 1.1, Avg: 1.3, Max: 1.4, Diff: 0.3, Sum: 2.6]
      [Update RS (ms): Min: 1.2, Avg: 1.3, Max: 1.4, Diff: 0.3, Sum: 2.6]
         [Processed Buffers: Min: 2, Avg: 15.5, Max: 29, Diff: 27, Sum: 31]
      [Scan RS (ms): Min: 2.1, Avg: 2.1, Max: 2.2, Diff: 0.1, Sum: 4.2]
      [Code Root Scanning (ms): Min: 0.8, Avg: 0.8, Max: 0.9, Diff: 0.1, Sum: 1.7]
      [Object Copy (ms): Min: 2.9, Avg: 2.9, Max: 3.0, Diff: 0.2, Sum: 5.9]
      [Termination (ms): Min: 0.0, Avg: 0.0, Max: 0.0, Diff: 0.0, Sum: 0.0]
      [GC Worker Other (ms): Min: 0.0, Avg: 0.0, Max: 0.1, Diff: 0.0, Sum: 0.1]
      [GC Worker Total (ms): Min: 8.5, Avg: 8.5, Max: 8.5, Diff: 0.0, Sum: 17.0]
      [GC Worker End (ms): Min: 9626769.3, Avg: 9626769.4, Max: 9626769.4, Diff: 0.0]
   [Code Root Fixup: 0.2 ms]
   [Code Root Migration: 0.1 ms]
   [Clear CT: 0.8 ms]
   [Other: 1.8 ms]
      [Choose CSet: 0.0 ms]
      [Ref Proc: 0.1 ms]
      [Ref Enq: 0.0 ms]
      [Free CSet: 1.5 ms]
   [Eden: 3374.0M(3374.0M)->0.0B(3374.0M) Survivors: 4096.0K->4096.0K Heap: 4820.9M(5632.0M)->1446.6M(5632.0M)]
 [Times: user=0.02 sys=0.00, real=0.01 secs] 
2014-06-25T02:51:24.323+0000: 9626.772: Total time for which application threads were stopped: 0.0120675 seconds
2014-06-25T02:51:30.468+0000: 9632.917: [GC pause (G1 Evacuation Pause) (young)
Desired survivor size 222298112 bytes, new threshold 15 (max 15)
- age   1:      43224 bytes,      43224 total
- age   2:      21264 bytes,      64488 total
- age   3:      26488 bytes,      90976 total
- age   4:     132160 bytes,     223136 total
- age   5:     503328 bytes,     726464 total
- age   6:     345784 bytes,    1072248 total
- age   7:       9848 bytes,    1082096 total
- age   8:      60104 bytes,    1142200 total
- age   9:     117008 bytes,    1259208 total
- age  10:      85624 bytes,    1344832 total
- age  11:      86032 bytes,    1430864 total
- age  12:      32088 bytes,    1462952 total
- age  13:       9112 bytes,    1472064 total
- age  14:     273712 bytes,    1745776 total
- age  15:      16328 bytes,    1762104 total
, 0.0113603 secs]
   [Parallel Time: 8.6 ms, GC Workers: 2]
      [GC Worker Start (ms): Min: 9632916.9, Avg: 9632916.9, Max: 9632916.9, Diff: 0.0]
      [Ext Root Scanning (ms): Min: 1.1, Avg: 1.3, Max: 1.4, Diff: 0.3, Sum: 2.5]
      [Update RS (ms): Min: 1.2, Avg: 1.3, Max: 1.4, Diff: 0.2, Sum: 2.6]
         [Processed Buffers: Min: 3, Avg: 17.5, Max: 32, Diff: 29, Sum: 35]
      [Scan RS (ms): Min: 2.1, Avg: 2.1, Max: 2.2, Diff: 0.1, Sum: 4.3]
      [Code Root Scanning (ms): Min: 0.8, Avg: 0.8, Max: 0.8, Diff: 0.0, Sum: 1.7]
      [Object Copy (ms): Min: 2.9, Avg: 3.0, Max: 3.1, Diff: 0.2, Sum: 5.9]
      [Termination (ms): Min: 0.0, Avg: 0.0, Max: 0.0, Diff: 0.0, Sum: 0.0]
      [GC Worker Other (ms): Min: 0.0, Avg: 0.0, Max: 0.1, Diff: 0.0, Sum: 0.1]
      [GC Worker Total (ms): Min: 8.5, Avg: 8.5, Max: 8.5, Diff: 0.0, Sum: 17.0]
      [GC Worker End (ms): Min: 9632925.4, Avg: 9632925.4, Max: 9632925.4, Diff: 0.0]
   [Code Root Fixup: 0.2 ms]
   [Code Root Migration: 0.1 ms]
   [Clear CT: 0.8 ms]
   [Other: 1.8 ms]
      [Choose CSet: 0.0 ms]
      [Ref Proc: 0.1 ms]
      [Ref Enq: 0.0 ms]
      [Free CSet: 1.5 ms]
   [Eden: 3374.0M(3374.0M)->0.0B(3374.0M) Survivors: 4096.0K->4096.0K Heap: 4820.6M(5632.0M)->1446.7M(5632.0M)]
 [Times: user=0.02 sys=0.00, real=0.01 secs] 
2014-06-25T02:51:30.479+0000: 9632.928: Total time for which application threads were stopped: 0.0153412 seconds
2014-06-25T02:51:36.630+0000: 9639.080: [GC pause (G1 Evacuation Pause) (young)
Desired survivor size 222298112 bytes, new threshold 15 (max 15)
- age   1:      75120 bytes,      75120 total
- age   2:       9816 bytes,      84936 total
- age   3:      19816 bytes,     104752 total
- age   4:      26464 bytes,     131216 total
- age   5:     132064 bytes,     263280 total
- age   6:     503208 bytes,     766488 total
- age   7:     345784 bytes,    1112272 total
- age   8:       9848 bytes,    1122120 total
- age   9:      60104 bytes,    1182224 total
- age  10:     117008 bytes,    1299232 total
- age  11:      85624 bytes,    1384856 total
- age  12:      86032 bytes,    1470888 total
- age  13:      32088 bytes,    1502976 total
- age  14:       9112 bytes,    1512088 total
- age  15:     273712 bytes,    1785800 total
, 0.0114654 secs]
   [Parallel Time: 8.6 ms, GC Workers: 2]
      [GC Worker Start (ms): Min: 9639079.6, Avg: 9639079.6, Max: 9639079.7, Diff: 0.0]
      [Ext Root Scanning (ms): Min: 1.1, Avg: 1.3, Max: 1.4, Diff: 0.3, Sum: 2.6]
      [Update RS (ms): Min: 1.2, Avg: 1.3, Max: 1.4, Diff: 0.2, Sum: 2.6]
         [Processed Buffers: Min: 3, Avg: 16.0, Max: 29, Diff: 26, Sum: 32]
      [Scan RS (ms): Min: 2.1, Avg: 2.2, Max: 2.2, Diff: 0.1, Sum: 4.3]
      [Code Root Scanning (ms): Min: 0.8, Avg: 0.8, Max: 0.8, Diff: 0.0, Sum: 1.7]
      [Object Copy (ms): Min: 2.8, Avg: 3.0, Max: 3.1, Diff: 0.2, Sum: 5.9]
      [Termination (ms): Min: 0.0, Avg: 0.0, Max: 0.0, Diff: 0.0, Sum: 0.0]
      [GC Worker Other (ms): Min: 0.0, Avg: 0.0, Max: 0.1, Diff: 0.0, Sum: 0.1]
      [GC Worker Total (ms): Min: 8.6, Avg: 8.6, Max: 8.6, Diff: 0.0, Sum: 17.1]
      [GC Worker End (ms): Min: 9639088.2, Avg: 9639088.2, Max: 9639088.2, Diff: 0.0]
   [Code Root Fixup: 0.2 ms]
   [Code Root Migration: 0.1 ms]
   [Clear CT: 0.8 ms]
   [Other: 1.8 ms]
      [Choose CSet: 0.0 ms]
      [Ref Proc: 0.1 ms]
      [Ref Enq: 0.0 ms]
      [Free CSet: 1.5 ms]
   [Eden: 3374.0M(3374.0M)->0.0B(3376.0M) Survivors: 4096.0K->2048.0K Heap: 4820.7M(5632.0M)->1445.8M(5632.0M)]
 [Times: user=0.02 sys=0.00, real=0.01 secs] 
2014-06-25T02:51:36.642+0000: 9639.091: Total time for which application threads were stopped: 0.0121278 seconds
2014-06-25T02:51:42.781+0000: 9645.231: [GC pause (G1 Evacuation Pause) (young)
Desired survivor size 222298112 bytes, new threshold 15 (max 15)
- age   1:      62184 bytes,      62184 total
- age   2:      12704 bytes,      74888 total
- age   3:       9624 bytes,      84512 total
- age   4:      18552 bytes,     103064 total
- age   5:      26464 bytes,     129528 total
- age   6:     132064 bytes,     261592 total
- age   7:     502632 bytes,     764224 total
- age   8:     345784 bytes,    1110008 total
- age   9:       9848 bytes,    1119856 total
- age  10:      60104 bytes,    1179960 total
- age  11:     117008 bytes,    1296968 total
- age  12:      85624 bytes,    1382592 total
- age  13:      86032 bytes,    1468624 total
- age  14:      29032 bytes,    1497656 total
- age  15:       9112 bytes,    1506768 total
, 0.0115311 secs]
   [Parallel Time: 8.5 ms, GC Workers: 2]
      [GC Worker Start (ms): Min: 9645230.8, Avg: 9645230.8, Max: 9645230.8, Diff: 0.0]
      [Ext Root Scanning (ms): Min: 1.1, Avg: 1.3, Max: 1.4, Diff: 0.3, Sum: 2.6]
      [Update RS (ms): Min: 1.6, Avg: 1.6, Max: 1.6, Diff: 0.1, Sum: 3.2]
         [Processed Buffers: Min: 3, Avg: 19.0, Max: 35, Diff: 32, Sum: 38]
      [Scan RS (ms): Min: 2.1, Avg: 2.1, Max: 2.2, Diff: 0.1, Sum: 4.2]
      [Code Root Scanning (ms): Min: 0.8, Avg: 0.8, Max: 0.9, Diff: 0.1, Sum: 1.7]
      [Object Copy (ms): Min: 2.4, Avg: 2.6, Max: 2.7, Diff: 0.2, Sum: 5.1]
      [Termination (ms): Min: 0.0, Avg: 0.0, Max: 0.0, Diff: 0.0, Sum: 0.0]
      [GC Worker Other (ms): Min: 0.0, Avg: 0.0, Max: 0.1, Diff: 0.0, Sum: 0.1]
      [GC Worker Total (ms): Min: 8.4, Avg: 8.5, Max: 8.5, Diff: 0.0, Sum: 16.9]
      [GC Worker End (ms): Min: 9645239.2, Avg: 9645239.2, Max: 9645239.2, Diff: 0.0]
   [Code Root Fixup: 0.2 ms]
   [Code Root Migration: 0.1 ms]
   [Clear CT: 0.8 ms]
   [Other: 1.9 ms]
      [Choose CSet: 0.0 ms]
      [Ref Proc: 0.1 ms]
      [Ref Enq: 0.0 ms]
      [Free CSet: 1.7 ms]
   [Eden: 3376.0M(3376.0M)->0.0B(3374.0M) Survivors: 2048.0K->4096.0K Heap: 4821.8M(5632.0M)->1447.8M(5632.0M)]
 [Times: user=0.03 sys=0.00, real=0.01 secs] 
2014-06-25T02:51:42.793+0000: 9645.242: Total time for which application threads were stopped: 0.0122443 seconds
2014-06-25T02:51:46.798+0000: 9649.247: Total time for which application threads were stopped: 0.0043524 seconds
2014-06-25T02:51:47.374+0000: 9649.823: Total time for which application threads were stopped: 0.0031807 seconds
2014-06-25T02:51:47.765+0000: 9650.214: Total time for which application threads were stopped: 0.0005743 seconds
2014-06-25T02:51:49.015+0000: 9651.464: Total time for which application threads were stopped: 0.0071655 seconds
2014-06-25T02:51:49.952+0000: 9652.401: [GC pause (G1 Evacuation Pause) (young)
Desired survivor size 222298112 bytes, new threshold 15 (max 15)
- age   1:      58464 bytes,      58464 total
- age   2:      21160 bytes,      79624 total
- age   3:      12496 bytes,      92120 total
- age   4:       9512 bytes,     101632 total
- age   5:      18552 bytes,     120184 total
- age   6:      26344 bytes,     146528 total
- age   7:     130784 bytes,     277312 total
- age   8:     501688 bytes,     779000 total
- age   9:     345384 bytes,    1124384 total
- age  10:       9848 bytes,    1134232 total
- age  11:      59768 bytes,    1194000 total
- age  12:     116880 bytes,    1310880 total
- age  13:      85624 bytes,    1396504 total
- age  14:      86032 bytes,    1482536 total
- age  15:      29032 bytes,    1511568 total
, 0.0116909 secs]
   [Parallel Time: 8.2 ms, GC Workers: 2]
      [GC Worker Start (ms): Min: 9652401.1, Avg: 9652401.1, Max: 9652401.1, Diff: 0.0]
      [Ext Root Scanning (ms): Min: 1.1, Avg: 1.3, Max: 1.4, Diff: 0.3, Sum: 2.6]
      [Update RS (ms): Min: 1.4, Avg: 1.4, Max: 1.5, Diff: 0.1, Sum: 2.9]
         [Processed Buffers: Min: 16, Avg: 19.0, Max: 22, Diff: 6, Sum: 38]
      [Scan RS (ms): Min: 2.1, Avg: 2.1, Max: 2.2, Diff: 0.1, Sum: 4.2]
      [Code Root Scanning (ms): Min: 0.8, Avg: 0.8, Max: 0.8, Diff: 0.0, Sum: 1.7]
      [Object Copy (ms): Min: 2.3, Avg: 2.4, Max: 2.5, Diff: 0.2, Sum: 4.8]
      [Termination (ms): Min: 0.0, Avg: 0.0, Max: 0.0, Diff: 0.0, Sum: 0.0]
      [GC Worker Other (ms): Min: 0.0, Avg: 0.1, Max: 0.1, Diff: 0.0, Sum: 0.1]
      [GC Worker Total (ms): Min: 8.1, Avg: 8.1, Max: 8.1, Diff: 0.0, Sum: 16.2]
      [GC Worker End (ms): Min: 9652409.2, Avg: 9652409.2, Max: 9652409.2, Diff: 0.0]
   [Code Root Fixup: 0.2 ms]
   [Code Root Migration: 0.1 ms]
   [Clear CT: 1.0 ms]
   [Other: 2.2 ms]
      [Choose CSet: 0.0 ms]
      [Ref Proc: 0.5 ms]
      [Ref Enq: 0.0 ms]
      [Free CSet: 1.5 ms]
   [Eden: 3374.0M(3374.0M)->0.0B(3374.0M) Survivors: 4096.0K->4096.0K Heap: 4821.8M(5632.0M)->1446.8M(5632.0M)]
 [Times: user=0.02 sys=0.00, real=0.02 secs] 
2014-06-25T02:51:49.964+0000: 9652.413: Total time for which application threads were stopped: 0.0188658 seconds
2014-06-25T02:51:51.968+0000: 9654.417: Total time for which application threads were stopped: 0.0036678 seconds
2014-06-25T02:51:53.669+0000: 9656.118: Total time for which application threads were stopped: 0.0043747 seconds
2014-06-25T02:51:54.338+0000: 9656.787: Total time for which application threads were stopped: 0.0006078 seconds
2014-06-25T02:51:54.618+0000: 9657.068: Total time for which application threads were stopped: 0.0106868 seconds
2014-06-25T02:51:54.776+0000: 9657.225: Total time for which application threads were stopped: 0.0110222 seconds
2014-06-25T02:51:54.833+0000: 9657.282: Total time for which application threads were stopped: 0.0060692 seconds
2014-06-25T02:51:54.904+0000: 9657.353: Total time for which application threads were stopped: 0.0047049 seconds
2014-06-25T02:51:55.936+0000: 9658.385: Total time for which application threads were stopped: 0.0042003 seconds
2014-06-25T02:51:57.024+0000: 9659.473: [GC pause (G1 Evacuation Pause) (young)
Desired survivor size 222298112 bytes, new threshold 15 (max 15)
- age   1:     654416 bytes,     654416 total
- age   2:       8416 bytes,     662832 total
- age   3:      19128 bytes,     681960 total
- age   4:      12184 bytes,     694144 total
- age   5:       9488 bytes,     703632 total
- age   6:      15864 bytes,     719496 total
- age   7:      25472 bytes,     744968 total
- age   8:      28544 bytes,     773512 total
- age   9:      56088 bytes,     829600 total
- age  10:     172960 bytes,    1002560 total
- age  11:       9720 bytes,    1012280 total
- age  12:      56024 bytes,    1068304 total
- age  13:      96528 bytes,    1164832 total
- age  14:      81040 bytes,    1245872 total
- age  15:      67096 bytes,    1312968 total
, 0.0197300 secs]
   [Parallel Time: 16.0 ms, GC Workers: 2]
      [GC Worker Start (ms): Min: 9659473.0, Avg: 9659473.0, Max: 9659473.0, Diff: 0.0]
      [Ext Root Scanning (ms): Min: 1.1, Avg: 1.3, Max: 1.5, Diff: 0.3, Sum: 2.6]
      [Update RS (ms): Min: 1.5, Avg: 1.5, Max: 1.5, Diff: 0.1, Sum: 3.0]
         [Processed Buffers: Min: 19, Avg: 20.0, Max: 21, Diff: 2, Sum: 40]
      [Scan RS (ms): Min: 2.1, Avg: 2.1, Max: 2.2, Diff: 0.1, Sum: 4.3]
      [Code Root Scanning (ms): Min: 0.8, Avg: 0.8, Max: 0.8, Diff: 0.0, Sum: 1.7]
      [Object Copy (ms): Min: 10.0, Avg: 10.1, Max: 10.2, Diff: 0.2, Sum: 20.2]
      [Termination (ms): Min: 0.0, Avg: 0.0, Max: 0.0, Diff: 0.0, Sum: 0.1]
      [GC Worker Other (ms): Min: 0.0, Avg: 0.1, Max: 0.1, Diff: 0.0, Sum: 0.1]
      [GC Worker Total (ms): Min: 16.0, Avg: 16.0, Max: 16.0, Diff: 0.0, Sum: 31.9]
      [GC Worker End (ms): Min: 9659488.9, Avg: 9659489.0, Max: 9659489.0, Diff: 0.0]
   [Code Root Fixup: 0.2 ms]
   [Code Root Migration: 0.2 ms]
   [Clear CT: 0.8 ms]
   [Other: 2.5 ms]
      [Choose CSet: 0.0 ms]
      [Ref Proc: 0.5 ms]
      [Ref Enq: 0.0 ms]
      [Free CSet: 1.8 ms]
   [Eden: 3374.0M(3374.0M)->0.0B(3372.0M) Survivors: 4096.0K->6144.0K Heap: 4820.8M(5632.0M)->1450.2M(5632.0M)]
 [Times: user=0.04 sys=0.00, real=0.02 secs] 
2014-06-25T02:51:57.044+0000: 9659.493: Total time for which application threads were stopped: 0.0215459 seconds
2014-06-25T02:52:03.045+0000: 9665.494: Total time for which application threads were stopped: 0.0004016 seconds
2014-06-25T02:52:03.725+0000: 9666.175: [GC pause (G1 Evacuation Pause) (young)
Desired survivor size 222298112 bytes, new threshold 15 (max 15)
- age   1:    3853288 bytes,    3853288 total
- age   2:     165984 bytes,    4019272 total
- age   3:       8328 bytes,    4027600 total
- age   4:      18968 bytes,    4046568 total
- age   5:      12128 bytes,    4058696 total
- age   6:       9368 bytes,    4068064 total
- age   7:      15256 bytes,    4083320 total
- age   8:      24832 bytes,    4108152 total
- age   9:      25568 bytes,    4133720 total
- age  10:      36024 bytes,    4169744 total
- age  11:     170008 bytes,    4339752 total
- age  12:       9528 bytes,    4349280 total
- age  13:      55768 bytes,    4405048 total
- age  14:      95904 bytes,    4500952 total
- age  15:      80880 bytes,    4581832 total
, 0.0120208 secs]
   [Parallel Time: 8.8 ms, GC Workers: 2]
      [GC Worker Start (ms): Min: 9666174.6, Avg: 9666174.6, Max: 9666174.6, Diff: 0.0]
      [Ext Root Scanning (ms): Min: 1.1, Avg: 1.3, Max: 1.4, Diff: 0.3, Sum: 2.6]
      [Update RS (ms): Min: 1.4, Avg: 1.4, Max: 1.4, Diff: 0.0, Sum: 2.7]
         [Processed Buffers: Min: 2, Avg: 18.5, Max: 35, Diff: 33, Sum: 37]
      [Scan RS (ms): Min: 2.1, Avg: 2.2, Max: 2.2, Diff: 0.1, Sum: 4.3]
      [Code Root Scanning (ms): Min: 0.8, Avg: 0.8, Max: 0.8, Diff: 0.0, Sum: 1.7]
      [Object Copy (ms): Min: 2.9, Avg: 3.0, Max: 3.1, Diff: 0.2, Sum: 6.1]
      [Termination (ms): Min: 0.0, Avg: 0.0, Max: 0.0, Diff: 0.0, Sum: 0.0]
      [GC Worker Other (ms): Min: 0.0, Avg: 0.1, Max: 0.1, Diff: 0.0, Sum: 0.1]
      [GC Worker Total (ms): Min: 8.7, Avg: 8.7, Max: 8.8, Diff: 0.0, Sum: 17.5]
      [GC Worker End (ms): Min: 9666183.4, Avg: 9666183.4, Max: 9666183.4, Diff: 0.0]
   [Code Root Fixup: 0.2 ms]
   [Code Root Migration: 0.1 ms]
   [Clear CT: 0.8 ms]
   [Other: 2.1 ms]
      [Choose CSet: 0.0 ms]
      [Ref Proc: 0.2 ms]
      [Ref Enq: 0.0 ms]
      [Free CSet: 1.8 ms]
   [Eden: 3372.0M(3372.0M)->0.0B(3374.0M) Survivors: 6144.0K->4096.0K Heap: 4822.2M(5632.0M)->1447.6M(5632.0M)]
 [Times: user=0.02 sys=0.00, real=0.01 secs] 
2014-06-25T02:52:03.738+0000: 9666.187: Total time for which application threads were stopped: 0.0127090 seconds
2014-06-25T02:52:05.742+0000: 9668.191: Total time for which application threads were stopped: 0.0043105 seconds
2014-06-25T02:52:08.744+0000: 9671.193: Total time for which application threads were stopped: 0.0010523 seconds
2014-06-25T02:52:10.225+0000: 9672.674: [GC pause (G1 Evacuation Pause) (young)
Desired survivor size 222298112 bytes, new threshold 15 (max 15)
- age   1:     185752 bytes,     185752 total
- age   2:     886872 bytes,    1072624 total
- age   3:     163992 bytes,    1236616 total
- age   4:       7912 bytes,    1244528 total
- age   5:      18768 bytes,    1263296 total
- age   6:      11472 bytes,    1274768 total
- age   7:       9368 bytes,    1284136 total
- age   8:      14760 bytes,    1298896 total
- age   9:      24416 bytes,    1323312 total
- age  10:      22256 bytes,    1345568 total
- age  11:      35752 bytes,    1381320 total
- age  12:     169904 bytes,    1551224 total
- age  13:       9392 bytes,    1560616 total
- age  14:      55768 bytes,    1616384 total
- age  15:      93680 bytes,    1710064 total
, 0.0116151 secs]
   [Parallel Time: 8.7 ms, GC Workers: 2]
      [GC Worker Start (ms): Min: 9672674.2, Avg: 9672674.2, Max: 9672674.2, Diff: 0.0]
      [Ext Root Scanning (ms): Min: 1.1, Avg: 1.3, Max: 1.4, Diff: 0.3, Sum: 2.5]
      [Update RS (ms): Min: 1.4, Avg: 1.5, Max: 1.6, Diff: 0.2, Sum: 3.0]
         [Processed Buffers: Min: 3, Avg: 20.0, Max: 37, Diff: 34, Sum: 40]
      [Scan RS (ms): Min: 2.1, Avg: 2.2, Max: 2.2, Diff: 0.0, Sum: 4.3]
      [Code Root Scanning (ms): Min: 0.8, Avg: 0.8, Max: 0.9, Diff: 0.0, Sum: 1.7]
      [Object Copy (ms): Min: 2.7, Avg: 2.8, Max: 2.9, Diff: 0.1, Sum: 5.6]
      [Termination (ms): Min: 0.0, Avg: 0.0, Max: 0.0, Diff: 0.0, Sum: 0.0]
      [GC Worker Other (ms): Min: 0.0, Avg: 0.0, Max: 0.1, Diff: 0.0, Sum: 0.1]
      [GC Worker Total (ms): Min: 8.6, Avg: 8.6, Max: 8.6, Diff: 0.0, Sum: 17.2]
      [GC Worker End (ms): Min: 9672682.8, Avg: 9672682.8, Max: 9672682.9, Diff: 0.0]
   [Code Root Fixup: 0.2 ms]
   [Code Root Migration: 0.1 ms]
   [Clear CT: 0.8 ms]
   [Other: 1.9 ms]
      [Choose CSet: 0.0 ms]
      [Ref Proc: 0.2 ms]
      [Ref Enq: 0.0 ms]
      [Free CSet: 1.5 ms]
   [Eden: 3374.0M(3374.0M)->0.0B(3374.0M) Survivors: 4096.0K->4096.0K Heap: 4821.6M(5632.0M)->1448.2M(5632.0M)]
 [Times: user=0.02 sys=0.00, real=0.01 secs] 
2014-06-25T02:52:10.237+0000: 9672.686: Total time for which application threads were stopped: 0.0121991 seconds
2014-06-25T02:52:12.227+0000: 9674.676: Total time for which application threads were stopped: 0.0046554 seconds
2014-06-25T02:52:12.899+0000: 9675.348: Total time for which application threads were stopped: 0.0045240 seconds
2014-06-25T02:52:13.904+0000: 9676.353: Total time for which application threads were stopped: 0.0016438 seconds
2014-06-25T02:52:13.912+0000: 9676.361: Total time for which application threads were stopped: 0.0009060 seconds
2014-06-25T02:52:15.924+0000: 9678.373: Total time for which application threads were stopped: 0.0043787 seconds
2014-06-25T02:52:16.905+0000: 9679.354: [GC pause (G1 Evacuation Pause) (young)
Desired survivor size 222298112 bytes, new threshold 15 (max 15)
- age   1:     257216 bytes,     257216 total
- age   2:      78656 bytes,     335872 total
- age   3:     732048 bytes,    1067920 total
- age   4:     149112 bytes,    1217032 total
- age   5:       7712 bytes,    1224744 total
- age   6:      18672 bytes,    1243416 total
- age   7:      11472 bytes,    1254888 total
- age   8:       9368 bytes,    1264256 total
- age   9:      14680 bytes,    1278936 total
- age  10:      17376 bytes,    1296312 total
- age  11:      17832 bytes,    1314144 total
- age  12:      30936 bytes,    1345080 total
- age  13:     140520 bytes,    1485600 total
- age  14:       8336 bytes,    1493936 total
- age  15:      55768 bytes,    1549704 total
, 0.0114467 secs]
   [Parallel Time: 8.4 ms, GC Workers: 2]
      [GC Worker Start (ms): Min: 9679354.0, Avg: 9679354.0, Max: 9679354.0, Diff: 0.0]
      [Ext Root Scanning (ms): Min: 1.1, Avg: 1.3, Max: 1.4, Diff: 0.3, Sum: 2.5]
      [Update RS (ms): Min: 1.5, Avg: 1.6, Max: 1.6, Diff: 0.1, Sum: 3.1]
         [Processed Buffers: Min: 3, Avg: 19.0, Max: 35, Diff: 32, Sum: 38]
      [Scan RS (ms): Min: 2.1, Avg: 2.1, Max: 2.1, Diff: 0.0, Sum: 4.2]
      [Code Root Scanning (ms): Min: 0.8, Avg: 0.8, Max: 0.8, Diff: 0.0, Sum: 1.7]
      [Object Copy (ms): Min: 2.5, Avg: 2.6, Max: 2.6, Diff: 0.2, Sum: 5.1]
      [Termination (ms): Min: 0.0, Avg: 0.0, Max: 0.0, Diff: 0.0, Sum: 0.0]
      [GC Worker Other (ms): Min: 0.0, Avg: 0.0, Max: 0.1, Diff: 0.0, Sum: 0.1]
      [GC Worker Total (ms): Min: 8.3, Avg: 8.3, Max: 8.4, Diff: 0.0, Sum: 16.7]
      [GC Worker End (ms): Min: 9679362.3, Avg: 9679362.3, Max: 9679362.3, Diff: 0.0]
   [Code Root Fixup: 0.2 ms]
   [Code Root Migration: 0.1 ms]
   [Clear CT: 0.8 ms]
   [Other: 2.0 ms]
      [Choose CSet: 0.0 ms]
      [Ref Proc: 0.4 ms]
      [Ref Enq: 0.0 ms]
      [Free CSet: 1.5 ms]
   [Eden: 3374.0M(3374.0M)->0.0B(3374.0M) Survivors: 4096.0K->4096.0K Heap: 4822.2M(5632.0M)->1447.2M(5632.0M)]
 [Times: user=0.02 sys=0.00, real=0.01 secs] 
2014-06-25T02:52:16.916+0000: 9679.365: Total time for which application threads were stopped: 0.0120031 seconds
2014-06-25T02:52:21.920+0000: 9684.369: Total time for which application threads were stopped: 0.0026813 seconds
2014-06-25T02:52:23.709+0000: 9686.159: [GC pause (G1 Evacuation Pause) (young)
Desired survivor size 222298112 bytes, new threshold 15 (max 15)
- age   1:     569680 bytes,     569680 total
- age   2:     176584 bytes,     746264 total
- age   3:      23656 bytes,     769920 total
- age   4:     219592 bytes,     989512 total
- age   5:     145600 bytes,    1135112 total
- age   6:       7712 bytes,    1142824 total
- age   7:      18672 bytes,    1161496 total
- age   8:      11472 bytes,    1172968 total
- age   9:       9368 bytes,    1182336 total
- age  10:      14584 bytes,    1196920 total
- age  11:      17184 bytes,    1214104 total
- age  12:      16816 bytes,    1230920 total
- age  13:      30840 bytes,    1261760 total
- age  14:     137400 bytes,    1399160 total
- age  15:       8272 bytes,    1407432 total
, 0.0108837 secs]
   [Parallel Time: 8.1 ms, GC Workers: 2]
      [GC Worker Start (ms): Min: 9686158.7, Avg: 9686158.7, Max: 9686158.7, Diff: 0.0]
      [Ext Root Scanning (ms): Min: 1.1, Avg: 1.3, Max: 1.4, Diff: 0.3, Sum: 2.6]
      [Update RS (ms): Min: 1.2, Avg: 1.2, Max: 1.3, Diff: 0.1, Sum: 2.4]
         [Processed Buffers: Min: 14, Avg: 19.5, Max: 25, Diff: 11, Sum: 39]
      [Scan RS (ms): Min: 2.1, Avg: 2.1, Max: 2.1, Diff: 0.1, Sum: 4.2]
      [Code Root Scanning (ms): Min: 0.8, Avg: 0.8, Max: 0.8, Diff: 0.0, Sum: 1.7]
      [Object Copy (ms): Min: 2.4, Avg: 2.5, Max: 2.6, Diff: 0.2, Sum: 5.0]
      [Termination (ms): Min: 0.0, Avg: 0.0, Max: 0.0, Diff: 0.0, Sum: 0.0]
      [GC Worker Other (ms): Min: 0.0, Avg: 0.0, Max: 0.1, Diff: 0.0, Sum: 0.1]
      [GC Worker Total (ms): Min: 8.0, Avg: 8.0, Max: 8.0, Diff: 0.0, Sum: 16.0]
      [GC Worker End (ms): Min: 9686166.7, Avg: 9686166.7, Max: 9686166.7, Diff: 0.0]
   [Code Root Fixup: 0.2 ms]
   [Code Root Migration: 0.1 ms]
   [Clear CT: 0.8 ms]
   [Other: 1.8 ms]
      [Choose CSet: 0.0 ms]
      [Ref Proc: 0.2 ms]
      [Ref Enq: 0.0 ms]
      [Free CSet: 1.5 ms]
   [Eden: 3374.0M(3374.0M)->0.0B(3374.0M) Survivors: 4096.0K->4096.0K Heap: 4821.2M(5632.0M)->1447.2M(5632.0M)]
 [Times: user=0.02 sys=0.00, real=0.01 secs] 
2014-06-25T02:52:23.720+0000: 9686.170: Total time for which application threads were stopped: 0.0114909 seconds
2014-06-25T02:52:24.725+0000: 9687.174: Total time for which application threads were stopped: 0.0042982 seconds
2014-06-25T02:52:25.728+0000: 9688.177: Total time for which application threads were stopped: 0.0025319 seconds
2014-06-25T02:52:29.997+0000: 9692.447: [GC pause (G1 Evacuation Pause) (young)
Desired survivor size 222298112 bytes, new threshold 15 (max 15)
- age   1:     105832 bytes,     105832 total
- age   2:     522704 bytes,     628536 total
- age   3:     176232 bytes,     804768 total
- age   4:      23376 bytes,     828144 total
- age   5:     219336 bytes,    1047480 total
- age   6:     145536 bytes,    1193016 total
- age   7:       7712 bytes,    1200728 total
- age   8:      18672 bytes,    1219400 total
- age   9:      11472 bytes,    1230872 total
- age  10:       9368 bytes,    1240240 total
- age  11:      14584 bytes,    1254824 total
- age  12:      17184 bytes,    1272008 total
- age  13:      16816 bytes,    1288824 total
- age  14:      30840 bytes,    1319664 total
- age  15:     137304 bytes,    1456968 total
, 0.0205825 secs]
   [Parallel Time: 17.2 ms, GC Workers: 2]
      [GC Worker Start (ms): Min: 9692446.7, Avg: 9692446.7, Max: 9692446.7, Diff: 0.0]
      [Ext Root Scanning (ms): Min: 1.2, Avg: 1.3, Max: 1.4, Diff: 0.3, Sum: 2.6]
      [Update RS (ms): Min: 1.1, Avg: 1.1, Max: 1.2, Diff: 0.1, Sum: 2.3]
         [Processed Buffers: Min: 17, Avg: 18.5, Max: 20, Diff: 3, Sum: 37]
      [Scan RS (ms): Min: 2.1, Avg: 2.2, Max: 2.2, Diff: 0.1, Sum: 4.3]
      [Code Root Scanning (ms): Min: 0.8, Avg: 0.8, Max: 0.9, Diff: 0.0, Sum: 1.7]
      [Object Copy (ms): Min: 11.4, Avg: 11.5, Max: 11.7, Diff: 0.2, Sum: 23.1]
      [Termination (ms): Min: 0.1, Avg: 0.1, Max: 0.1, Diff: 0.0, Sum: 0.1]
      [GC Worker Other (ms): Min: 0.0, Avg: 0.1, Max: 0.1, Diff: 0.0, Sum: 0.1]
      [GC Worker Total (ms): Min: 17.1, Avg: 17.1, Max: 17.1, Diff: 0.0, Sum: 34.2]
      [GC Worker End (ms): Min: 9692463.7, Avg: 9692463.8, Max: 9692463.8, Diff: 0.0]
   [Code Root Fixup: 0.2 ms]
   [Code Root Migration: 0.2 ms]
   [Clear CT: 0.9 ms]
   [Other: 2.1 ms]
      [Choose CSet: 0.0 ms]
      [Ref Proc: 0.2 ms]
      [Ref Enq: 0.0 ms]
      [Free CSet: 1.8 ms]
   [Eden: 3374.0M(3374.0M)->0.0B(3372.0M) Survivors: 4096.0K->6144.0K Heap: 4821.2M(5632.0M)->1450.8M(5632.0M)]
 [Times: user=0.04 sys=0.00, real=0.02 secs] 
2014-06-25T02:52:30.020+0000: 9692.469: Total time for which application threads were stopped: 0.0228030 seconds
2014-06-25T02:52:31.024+0000: 9693.473: Total time for which application threads were stopped: 0.0036120 seconds
2014-06-25T02:52:36.187+0000: 9698.636: [GC pause (G1 Evacuation Pause) (young)
Desired survivor size 222298112 bytes, new threshold 15 (max 15)
- age   1:    3752592 bytes,    3752592 total
- age   2:      60272 bytes,    3812864 total
- age   3:     521872 bytes,    4334736 total
- age   4:     176200 bytes,    4510936 total
- age   5:      23224 bytes,    4534160 total
- age   6:     219152 bytes,    4753312 total
- age   7:     145536 bytes,    4898848 total
- age   8:       7712 bytes,    4906560 total
- age   9:      18672 bytes,    4925232 total
- age  10:      11472 bytes,    4936704 total
- age  11:       9368 bytes,    4946072 total
- age  12:      14584 bytes,    4960656 total
- age  13:      17184 bytes,    4977840 total
- age  14:      16816 bytes,    4994656 total
- age  15:      30840 bytes,    5025496 total
, 0.0109385 secs]
   [Parallel Time: 8.0 ms, GC Workers: 2]
      [GC Worker Start (ms): Min: 9698636.5, Avg: 9698636.5, Max: 9698636.5, Diff: 0.0]
      [Ext Root Scanning (ms): Min: 1.1, Avg: 1.3, Max: 1.4, Diff: 0.3, Sum: 2.6]
      [Update RS (ms): Min: 1.3, Avg: 1.3, Max: 1.4, Diff: 0.1, Sum: 2.6]
         [Processed Buffers: Min: 5, Avg: 17.0, Max: 29, Diff: 24, Sum: 34]
      [Scan RS (ms): Min: 2.1, Avg: 2.1, Max: 2.2, Diff: 0.0, Sum: 4.3]
      [Code Root Scanning (ms): Min: 0.8, Avg: 0.8, Max: 0.8, Diff: 0.0, Sum: 1.7]
      [Object Copy (ms): Min: 2.2, Avg: 2.3, Max: 2.4, Diff: 0.2, Sum: 4.6]
      [Termination (ms): Min: 0.0, Avg: 0.0, Max: 0.0, Diff: 0.0, Sum: 0.0]
      [GC Worker Other (ms): Min: 0.0, Avg: 0.0, Max: 0.1, Diff: 0.0, Sum: 0.1]
      [GC Worker Total (ms): Min: 7.9, Avg: 7.9, Max: 7.9, Diff: 0.0, Sum: 15.8]
      [GC Worker End (ms): Min: 9698644.4, Avg: 9698644.4, Max: 9698644.4, Diff: 0.0]
   [Code Root Fixup: 0.2 ms]
   [Code Root Migration: 0.1 ms]
   [Clear CT: 0.8 ms]
   [Other: 1.9 ms]
      [Choose CSet: 0.0 ms]
      [Ref Proc: 0.1 ms]
      [Ref Enq: 0.0 ms]
      [Free CSet: 1.6 ms]
   [Eden: 3372.0M(3372.0M)->0.0B(3376.0M) Survivors: 6144.0K->2048.0K Heap: 4822.8M(5632.0M)->1447.0M(5632.0M)]
 [Times: user=0.01 sys=0.01, real=0.01 secs] 
2014-06-25T02:52:36.198+0000: 9698.648: Total time for which application threads were stopped: 0.0116115 seconds
2014-06-25T02:52:42.204+0000: 9704.653: Total time for which application threads were stopped: 0.0043157 seconds
2014-06-25T02:52:42.467+0000: 9704.916: [GC pause (G1 Evacuation Pause) (young)
Desired survivor size 222298112 bytes, new threshold 15 (max 15)
- age   1:      70792 bytes,      70792 total
- age   2:      33024 bytes,     103816 total
- age   3:      59704 bytes,     163520 total
- age   4:     519632 bytes,     683152 total
- age   5:     175632 bytes,     858784 total
- age   6:      23032 bytes,     881816 total
- age   7:     218848 bytes,    1100664 total
- age   8:     145536 bytes,    1246200 total
- age   9:       7712 bytes,    1253912 total
- age  10:      18672 bytes,    1272584 total
- age  11:      11472 bytes,    1284056 total
- age  12:       9368 bytes,    1293424 total
- age  13:      14584 bytes,    1308008 total
- age  14:      17184 bytes,    1325192 total
- age  15:      16816 bytes,    1342008 total
, 0.0105695 secs]
   [Parallel Time: 7.7 ms, GC Workers: 2]
      [GC Worker Start (ms): Min: 9704915.8, Avg: 9704915.8, Max: 9704915.8, Diff: 0.0]
      [Ext Root Scanning (ms): Min: 1.1, Avg: 1.3, Max: 1.4, Diff: 0.3, Sum: 2.6]
      [Update RS (ms): Min: 1.1, Avg: 1.1, Max: 1.2, Diff: 0.1, Sum: 2.3]
         [Processed Buffers: Min: 10, Avg: 20.0, Max: 30, Diff: 20, Sum: 40]
      [Scan RS (ms): Min: 2.0, Avg: 2.0, Max: 2.0, Diff: 0.0, Sum: 4.0]
      [Code Root Scanning (ms): Min: 0.8, Avg: 0.8, Max: 0.8, Diff: 0.0, Sum: 1.7]
      [Object Copy (ms): Min: 2.2, Avg: 2.3, Max: 2.3, Diff: 0.2, Sum: 4.5]
      [Termination (ms): Min: 0.0, Avg: 0.0, Max: 0.0, Diff: 0.0, Sum: 0.0]
      [GC Worker Other (ms): Min: 0.0, Avg: 0.1, Max: 0.1, Diff: 0.0, Sum: 0.1]
      [GC Worker Total (ms): Min: 7.6, Avg: 7.6, Max: 7.6, Diff: 0.0, Sum: 15.2]
      [GC Worker End (ms): Min: 9704923.3, Avg: 9704923.4, Max: 9704923.4, Diff: 0.0]
   [Code Root Fixup: 0.2 ms]
   [Code Root Migration: 0.1 ms]
   [Clear CT: 0.8 ms]
   [Other: 1.9 ms]
      [Choose CSet: 0.0 ms]
      [Ref Proc: 0.2 ms]
      [Ref Enq: 0.0 ms]
      [Free CSet: 1.6 ms]
   [Eden: 3376.0M(3376.0M)->0.0B(3374.0M) Survivors: 2048.0K->4096.0K Heap: 4823.0M(5632.0M)->1448.0M(5632.0M)]
 [Times: user=0.02 sys=0.00, real=0.01 secs] 
2014-06-25T02:52:42.477+0000: 9704.926: Total time for which application threads were stopped: 0.0111912 seconds
2014-06-25T02:52:46.184+0000: 9708.633: Total time for which application threads were stopped: 0.0004488 seconds
2014-06-25T02:52:47.068+0000: 9709.517: Total time for which application threads were stopped: 0.0020290 seconds
2014-06-25T02:52:47.640+0000: 9710.089: Total time for which application threads were stopped: 0.0045317 seconds
2014-06-25T02:52:48.644+0000: 9711.093: Total time for which application threads were stopped: 0.0031837 seconds
2014-06-25T02:52:49.158+0000: 9711.607: [GC pause (G1 Evacuation Pause) (young)
Desired survivor size 222298112 bytes, new threshold 15 (max 15)
- age   1:      59368 bytes,      59368 total
- age   2:      28784 bytes,      88152 total
- age   3:      32544 bytes,     120696 total
- age   4:      59448 bytes,     180144 total
- age   5:     518328 bytes,     698472 total
- age   6:     175512 bytes,     873984 total
- age   7:      23032 bytes,     897016 total
- age   8:     218848 bytes,    1115864 total
- age   9:     145536 bytes,    1261400 total
- age  10:       7712 bytes,    1269112 total
- age  11:      18672 bytes,    1287784 total
- age  12:      11472 bytes,    1299256 total
- age  13:       9368 bytes,    1308624 total
- age  14:      14584 bytes,    1323208 total
- age  15:      17184 bytes,    1340392 total
, 0.0115985 secs]
   [Parallel Time: 8.4 ms, GC Workers: 2]
      [GC Worker Start (ms): Min: 9711607.4, Avg: 9711607.4, Max: 9711607.4, Diff: 0.0]
      [Ext Root Scanning (ms): Min: 1.2, Avg: 1.3, Max: 1.4, Diff: 0.3, Sum: 2.6]
      [Update RS (ms): Min: 1.3, Avg: 1.4, Max: 1.4, Diff: 0.1, Sum: 2.8]
         [Processed Buffers: Min: 19, Avg: 19.0, Max: 19, Diff: 0, Sum: 38]
      [Scan RS (ms): Min: 2.1, Avg: 2.2, Max: 2.2, Diff: 0.1, Sum: 4.3]
      [Code Root Scanning (ms): Min: 0.8, Avg: 0.8, Max: 0.9, Diff: 0.0, Sum: 1.7]
      [Object Copy (ms): Min: 2.5, Avg: 2.6, Max: 2.7, Diff: 0.2, Sum: 5.2]
      [Termination (ms): Min: 0.0, Avg: 0.0, Max: 0.0, Diff: 0.0, Sum: 0.0]
      [GC Worker Other (ms): Min: 0.0, Avg: 0.1, Max: 0.1, Diff: 0.0, Sum: 0.1]
      [GC Worker Total (ms): Min: 8.4, Avg: 8.4, Max: 8.4, Diff: 0.0, Sum: 16.7]
      [GC Worker End (ms): Min: 9711615.8, Avg: 9711615.8, Max: 9711615.8, Diff: 0.0]
   [Code Root Fixup: 0.2 ms]
   [Code Root Migration: 0.1 ms]
   [Clear CT: 0.8 ms]
   [Other: 2.1 ms]
      [Choose CSet: 0.0 ms]
      [Ref Proc: 0.4 ms]
      [Ref Enq: 0.0 ms]
      [Free CSet: 1.5 ms]
   [Eden: 3374.0M(3374.0M)->0.0B(3374.0M) Survivors: 4096.0K->4096.0K Heap: 4822.0M(5632.0M)->1447.6M(5632.0M)]
 [Times: user=0.02 sys=0.00, real=0.01 secs] 
2014-06-25T02:52:49.170+0000: 9711.619: Total time for which application threads were stopped: 0.0161360 seconds
2014-06-25T02:52:52.172+0000: 9714.621: Total time for which application threads were stopped: 0.0013461 seconds
2014-06-25T02:52:55.176+0000: 9717.625: Total time for which application threads were stopped: 0.0036429 seconds
2014-06-25T02:52:55.362+0000: 9717.812: [GC pause (G1 Evacuation Pause) (young)
Desired survivor size 222298112 bytes, new threshold 15 (max 15)
- age   1:     708520 bytes,     708520 total
- age   2:      14088 bytes,     722608 total
- age   3:      19624 bytes,     742232 total
- age   4:      14864 bytes,     757096 total
- age   5:      21632 bytes,     778728 total
- age   6:     122296 bytes,     901024 total
- age   7:     144992 bytes,    1046016 total
- age   8:      21544 bytes,    1067560 total
- age   9:     213272 bytes,    1280832 total
- age  10:     145440 bytes,    1426272 total
- age  11:       7712 bytes,    1433984 total
- age  12:      18672 bytes,    1452656 total
- age  13:      11472 bytes,    1464128 total
- age  14:       9368 bytes,    1473496 total
- age  15:      14584 bytes,    1488080 total
, 0.0110592 secs]
   [Parallel Time: 8.1 ms, GC Workers: 2]
      [GC Worker Start (ms): Min: 9717811.7, Avg: 9717811.7, Max: 9717811.7, Diff: 0.0]
      [Ext Root Scanning (ms): Min: 1.2, Avg: 1.3, Max: 1.4, Diff: 0.3, Sum: 2.6]
      [Update RS (ms): Min: 1.2, Avg: 1.2, Max: 1.3, Diff: 0.1, Sum: 2.5]
         [Processed Buffers: Min: 15, Avg: 20.5, Max: 26, Diff: 11, Sum: 41]
      [Scan RS (ms): Min: 2.1, Avg: 2.1, Max: 2.2, Diff: 0.1, Sum: 4.3]
      [Code Root Scanning (ms): Min: 0.8, Avg: 0.8, Max: 0.9, Diff: 0.0, Sum: 1.7]
      [Object Copy (ms): Min: 2.4, Avg: 2.5, Max: 2.6, Diff: 0.2, Sum: 5.1]
      [Termination (ms): Min: 0.0, Avg: 0.0, Max: 0.0, Diff: 0.0, Sum: 0.0]
      [GC Worker Other (ms): Min: 0.0, Avg: 0.0, Max: 0.1, Diff: 0.0, Sum: 0.1]
      [GC Worker Total (ms): Min: 8.1, Avg: 8.1, Max: 8.1, Diff: 0.0, Sum: 16.1]
      [GC Worker End (ms): Min: 9717819.8, Avg: 9717819.8, Max: 9717819.8, Diff: 0.0]
   [Code Root Fixup: 0.2 ms]
   [Code Root Migration: 0.1 ms]
   [Clear CT: 0.8 ms]
   [Other: 1.9 ms]
      [Choose CSet: 0.0 ms]
      [Ref Proc: 0.2 ms]
      [Ref Enq: 0.0 ms]
      [Free CSet: 1.5 ms]
   [Eden: 3374.0M(3374.0M)->0.0B(3374.0M) Survivors: 4096.0K->4096.0K Heap: 4821.6M(5632.0M)->1448.5M(5632.0M)]
 [Times: user=0.01 sys=0.01, real=0.01 secs] 
2014-06-25T02:52:55.374+0000: 9717.823: Total time for which application threads were stopped: 0.0116714 seconds
2014-06-25T02:52:56.295+0000: 9718.744: Total time for which application threads were stopped: 0.0032361 seconds
2014-06-25T02:52:56.295+0000: 9718.744: Total time for which application threads were stopped: 0.0002256 seconds
2014-06-25T02:52:57.299+0000: 9719.749: Total time for which application threads were stopped: 0.0044444 seconds
2014-06-25T02:53:00.304+0000: 9722.753: Total time for which application threads were stopped: 0.0037881 seconds
2014-06-25T02:53:02.129+0000: 9724.578: [GC pause (G1 Evacuation Pause) (young)
Desired survivor size 222298112 bytes, new threshold 15 (max 15)
- age   1:      79032 bytes,      79032 total
- age   2:     665912 bytes,     744944 total
- age   3:      13448 bytes,     758392 total
- age   4:      19344 bytes,     777736 total
- age   5:      14520 bytes,     792256 total
- age   6:      20744 bytes,     813000 total
- age   7:     120552 bytes,     933552 total
- age   8:     144992 bytes,    1078544 total
- age   9:      21544 bytes,    1100088 total
- age  10:     199408 bytes,    1299496 total
- age  11:     144368 bytes,    1443864 total
- age  12:       7712 bytes,    1451576 total
- age  13:      18672 bytes,    1470248 total
- age  14:      11472 bytes,    1481720 total
- age  15:       9368 bytes,    1491088 total
, 0.0185107 secs]
   [Parallel Time: 15.3 ms, GC Workers: 2]
      [GC Worker Start (ms): Min: 9724578.2, Avg: 9724578.2, Max: 9724578.2, Diff: 0.0]
      [Ext Root Scanning (ms): Min: 1.2, Avg: 1.3, Max: 1.5, Diff: 0.3, Sum: 2.6]
      [Update RS (ms): Min: 1.2, Avg: 1.2, Max: 1.3, Diff: 0.1, Sum: 2.5]
         [Processed Buffers: Min: 19, Avg: 19.0, Max: 19, Diff: 0, Sum: 38]
      [Scan RS (ms): Min: 2.1, Avg: 2.1, Max: 2.2, Diff: 0.1, Sum: 4.3]
      [Code Root Scanning (ms): Min: 0.8, Avg: 0.8, Max: 0.9, Diff: 0.0, Sum: 1.7]
      [Object Copy (ms): Min: 9.6, Avg: 9.7, Max: 9.7, Diff: 0.1, Sum: 19.3]
      [Termination (ms): Min: 0.0, Avg: 0.0, Max: 0.0, Diff: 0.0, Sum: 0.1]
      [GC Worker Other (ms): Min: 0.0, Avg: 0.0, Max: 0.1, Diff: 0.0, Sum: 0.1]
      [GC Worker Total (ms): Min: 15.3, Avg: 15.3, Max: 15.3, Diff: 0.0, Sum: 30.5]
      [GC Worker End (ms): Min: 9724593.5, Avg: 9724593.5, Max: 9724593.5, Diff: 0.0]
   [Code Root Fixup: 0.2 ms]
   [Code Root Migration: 0.2 ms]
   [Clear CT: 0.8 ms]
   [Other: 2.0 ms]
      [Choose CSet: 0.0 ms]
      [Ref Proc: 0.1 ms]
      [Ref Enq: 0.0 ms]
      [Free CSet: 1.7 ms]
   [Eden: 3374.0M(3374.0M)->0.0B(3372.0M) Survivors: 4096.0K->6144.0K Heap: 4822.5M(5632.0M)->1450.8M(5632.0M)]
 [Times: user=0.04 sys=0.00, real=0.02 secs] 
2014-06-25T02:53:02.148+0000: 9724.597: Total time for which application threads were stopped: 0.0191981 seconds
2014-06-25T02:53:03.164+0000: 9725.613: Total time for which application threads were stopped: 0.0041637 seconds
2014-06-25T02:53:08.556+0000: 9731.005: [GC pause (G1 Evacuation Pause) (young)
Desired survivor size 222298112 bytes, new threshold 15 (max 15)
- age   1:    3093448 bytes,    3093448 total
- age   2:      35208 bytes,    3128656 total
- age   3:     651512 bytes,    3780168 total
- age   4:      13088 bytes,    3793256 total
- age   5:      19184 bytes,    3812440 total
- age   6:      13952 bytes,    3826392 total
- age   7:      20160 bytes,    3846552 total
- age   8:     120000 bytes,    3966552 total
- age   9:     144992 bytes,    4111544 total
- age  10:      21544 bytes,    4133088 total
- age  11:     199280 bytes,    4332368 total
- age  12:     144368 bytes,    4476736 total
- age  13:       7712 bytes,    4484448 total
- age  14:      18672 bytes,    4503120 total
- age  15:      11472 bytes,    4514592 total
, 0.0110301 secs]
   [Parallel Time: 8.2 ms, GC Workers: 2]
      [GC Worker Start (ms): Min: 9731004.9, Avg: 9731005.0, Max: 9731005.0, Diff: 0.0]
      [Ext Root Scanning (ms): Min: 1.1, Avg: 1.3, Max: 1.4, Diff: 0.3, Sum: 2.6]
      [Update RS (ms): Min: 1.1, Avg: 1.2, Max: 1.2, Diff: 0.1, Sum: 2.3]
         [Processed Buffers: Min: 4, Avg: 18.5, Max: 33, Diff: 29, Sum: 37]
      [Scan RS (ms): Min: 2.1, Avg: 2.1, Max: 2.1, Diff: 0.0, Sum: 4.2]
      [Code Root Scanning (ms): Min: 0.9, Avg: 0.9, Max: 0.9, Diff: 0.0, Sum: 1.7]
      [Object Copy (ms): Min: 2.6, Avg: 2.6, Max: 2.7, Diff: 0.2, Sum: 5.3]
      [Termination (ms): Min: 0.0, Avg: 0.0, Max: 0.0, Diff: 0.0, Sum: 0.0]
      [GC Worker Other (ms): Min: 0.0, Avg: 0.0, Max: 0.0, Diff: 0.0, Sum: 0.1]
      [GC Worker Total (ms): Min: 8.1, Avg: 8.1, Max: 8.1, Diff: 0.0, Sum: 16.2]
      [GC Worker End (ms): Min: 9731013.1, Avg: 9731013.1, Max: 9731013.1, Diff: 0.0]
   [Code Root Fixup: 0.2 ms]
   [Code Root Migration: 0.1 ms]
   [Clear CT: 0.8 ms]
   [Other: 1.8 ms]
      [Choose CSet: 0.0 ms]
      [Ref Proc: 0.2 ms]
      [Ref Enq: 0.0 ms]
      [Free CSet: 1.5 ms]
   [Eden: 3372.0M(3372.0M)->0.0B(3374.0M) Survivors: 6144.0K->4096.0K Heap: 4822.8M(5632.0M)->1448.2M(5632.0M)]
 [Times: user=0.02 sys=0.00, real=0.01 secs] 
2014-06-25T02:53:08.567+0000: 9731.016: Total time for which application threads were stopped: 0.0120900 seconds
2014-06-25T02:53:10.160+0000: 9732.609: Total time for which application threads were stopped: 0.0030325 seconds
2014-06-25T02:53:12.164+0000: 9734.613: Total time for which application threads were stopped: 0.0036716 seconds
2014-06-25T02:53:14.760+0000: 9737.209: [GC pause (G1 Evacuation Pause) (young)
Desired survivor size 222298112 bytes, new threshold 15 (max 15)
- age   1:      63216 bytes,      63216 total
- age   2:     163008 bytes,     226224 total
- age   3:      34752 bytes,     260976 total
- age   4:     649792 bytes,     910768 total
- age   5:      12960 bytes,     923728 total
- age   6:      19056 bytes,     942784 total
- age   7:      13952 bytes,     956736 total
- age   8:      20160 bytes,     976896 total
- age   9:     120000 bytes,    1096896 total
- age  10:     144992 bytes,    1241888 total
- age  11:      21544 bytes,    1263432 total
- age  12:     199280 bytes,    1462712 total
- age  13:     144232 bytes,    1606944 total
- age  14:       7712 bytes,    1614656 total
- age  15:      18672 bytes,    1633328 total
, 0.0113696 secs]
   [Parallel Time: 8.5 ms, GC Workers: 2]
      [GC Worker Start (ms): Min: 9737208.9, Avg: 9737209.0, Max: 9737209.0, Diff: 0.0]
      [Ext Root Scanning (ms): Min: 1.1, Avg: 1.3, Max: 1.4, Diff: 0.3, Sum: 2.5]
      [Update RS (ms): Min: 1.2, Avg: 1.3, Max: 1.3, Diff: 0.1, Sum: 2.5]
         [Processed Buffers: Min: 15, Avg: 19.5, Max: 24, Diff: 9, Sum: 39]
      [Scan RS (ms): Min: 2.1, Avg: 2.2, Max: 2.2, Diff: 0.1, Sum: 4.3]
      [Code Root Scanning (ms): Min: 0.8, Avg: 0.8, Max: 0.9, Diff: 0.0, Sum: 1.7]
      [Object Copy (ms): Min: 2.7, Avg: 2.8, Max: 2.9, Diff: 0.2, Sum: 5.6]
      [Termination (ms): Min: 0.0, Avg: 0.0, Max: 0.0, Diff: 0.0, Sum: 0.0]
      [GC Worker Other (ms): Min: 0.0, Avg: 0.0, Max: 0.1, Diff: 0.0, Sum: 0.1]
      [GC Worker Total (ms): Min: 8.4, Avg: 8.4, Max: 8.4, Diff: 0.0, Sum: 16.8]
      [GC Worker End (ms): Min: 9737217.3, Avg: 9737217.3, Max: 9737217.3, Diff: 0.0]
   [Code Root Fixup: 0.2 ms]
   [Code Root Migration: 0.1 ms]
   [Clear CT: 0.8 ms]
   [Other: 1.9 ms]
      [Choose CSet: 0.0 ms]
      [Ref Proc: 0.2 ms]
      [Ref Enq: 0.0 ms]
      [Free CSet: 1.5 ms]
   [Eden: 3374.0M(3374.0M)->0.0B(3372.0M) Survivors: 4096.0K->6144.0K Heap: 4822.2M(5632.0M)->1449.9M(5632.0M)]
 [Times: user=0.02 sys=0.01, real=0.00 secs] 
2014-06-25T02:53:14.771+0000: 9737.220: Total time for which application threads were stopped: 0.0131789 seconds
2014-06-25T02:53:15.776+0000: 9738.225: Total time for which application threads were stopped: 0.0043259 seconds
2014-06-25T02:53:17.461+0000: 9739.910: Total time for which application threads were stopped: 0.0037460 seconds
2014-06-25T02:53:18.365+0000: 9740.815: Total time for which application threads were stopped: 0.0099299 seconds
2014-06-25T02:53:19.392+0000: 9741.841: Total time for which application threads were stopped: 0.0041729 seconds
2014-06-25T02:53:20.492+0000: 9742.941: Total time for which application threads were stopped: 0.0013206 seconds
2014-06-25T02:53:21.150+0000: 9743.599: Total time for which application threads were stopped: 0.0005324 seconds
2014-06-25T02:53:21.315+0000: 9743.764: Total time for which application threads were stopped: 0.0069188 seconds
2014-06-25T02:53:21.405+0000: 9743.854: Total time for which application threads were stopped: 0.0005269 seconds
2014-06-25T02:53:21.440+0000: 9743.889: [GC pause (G1 Evacuation Pause) (young)
Desired survivor size 222298112 bytes, new threshold 15 (max 15)
- age   1:     282080 bytes,     282080 total
- age   2:      17464 bytes,     299544 total
- age   3:     144568 bytes,     444112 total
- age   4:      26656 bytes,     470768 total
- age   5:     555168 bytes,    1025936 total
- age   6:      12840 bytes,    1038776 total
- age   7:      19056 bytes,    1057832 total
- age   8:      13824 bytes,    1071656 total
- age   9:      20160 bytes,    1091816 total
- age  10:     119936 bytes,    1211752 total
- age  11:     144040 bytes,    1355792 total
- age  12:      21544 bytes,    1377336 total
- age  13:     197808 bytes,    1575144 total
- age  14:     143560 bytes,    1718704 total
- age  15:       7712 bytes,    1726416 total
, 0.0128118 secs]
   [Parallel Time: 9.5 ms, GC Workers: 2]
      [GC Worker Start (ms): Min: 9743888.9, Avg: 9743888.9, Max: 9743888.9, Diff: 0.0]
      [Ext Root Scanning (ms): Min: 1.2, Avg: 1.3, Max: 1.4, Diff: 0.2, Sum: 2.6]
      [Update RS (ms): Min: 1.4, Avg: 1.4, Max: 1.4, Diff: 0.0, Sum: 2.9]
         [Processed Buffers: Min: 8, Avg: 20.5, Max: 33, Diff: 25, Sum: 41]
      [Scan RS (ms): Min: 2.1, Avg: 2.1, Max: 2.1, Diff: 0.1, Sum: 4.2]
      [Code Root Scanning (ms): Min: 0.8, Avg: 0.8, Max: 0.8, Diff: 0.0, Sum: 1.7]
      [Object Copy (ms): Min: 3.6, Avg: 3.7, Max: 3.8, Diff: 0.2, Sum: 7.4]
      [Termination (ms): Min: 0.0, Avg: 0.0, Max: 0.0, Diff: 0.0, Sum: 0.0]
      [GC Worker Other (ms): Min: 0.0, Avg: 0.0, Max: 0.1, Diff: 0.0, Sum: 0.1]
      [GC Worker Total (ms): Min: 9.4, Avg: 9.4, Max: 9.4, Diff: 0.0, Sum: 18.9]
      [GC Worker End (ms): Min: 9743898.3, Avg: 9743898.3, Max: 9743898.3, Diff: 0.0]
   [Code Root Fixup: 0.2 ms]
   [Code Root Migration: 0.1 ms]
   [Clear CT: 0.8 ms]
   [Other: 2.2 ms]
      [Choose CSet: 0.0 ms]
      [Ref Proc: 0.5 ms]
      [Ref Enq: 0.0 ms]
      [Free CSet: 1.6 ms]
   [Eden: 3372.0M(3372.0M)->0.0B(3374.0M) Survivors: 6144.0K->4096.0K Heap: 4821.9M(5632.0M)->1448.7M(5632.0M)]
 [Times: user=0.02 sys=0.01, real=0.01 secs] 
2014-06-25T02:53:21.453+0000: 9743.902: Total time for which application threads were stopped: 0.0133604 seconds
2014-06-25T02:53:21.559+0000: 9744.008: Total time for which application threads were stopped: 0.0037408 seconds
2014-06-25T02:53:21.571+0000: 9744.020: Total time for which application threads were stopped: 0.0029032 seconds
2014-06-25T02:53:21.983+0000: 9744.432: Total time for which application threads were stopped: 0.0051361 seconds
2014-06-25T02:53:23.428+0000: 9745.877: Total time for which application threads were stopped: 0.0042068 seconds
2014-06-25T02:53:28.051+0000: 9750.500: [GC pause (G1 Evacuation Pause) (young)
Desired survivor size 222298112 bytes, new threshold 15 (max 15)
- age   1:    1398880 bytes,    1398880 total
- age   2:     127104 bytes,    1525984 total
- age   3:      15704 bytes,    1541688 total
- age   4:     101880 bytes,    1643568 total
- age   5:      25328 bytes,    1668896 total
- age   6:     140784 bytes,    1809680 total
- age   7:      12776 bytes,    1822456 total
- age   8:      18992 bytes,    1841448 total
- age   9:      13568 bytes,    1855016 total
- age  10:      19552 bytes,    1874568 total
- age  11:     101424 bytes,    1975992 total
- age  12:     111888 bytes,    2087880 total
- age  13:      21344 bytes,    2109224 total
- age  14:     170520 bytes,    2279744 total
- age  15:     130320 bytes,    2410064 total
, 0.0126600 secs]
   [Parallel Time: 9.5 ms, GC Workers: 2]
      [GC Worker Start (ms): Min: 9750500.5, Avg: 9750500.6, Max: 9750500.6, Diff: 0.0]
      [Ext Root Scanning (ms): Min: 1.1, Avg: 1.3, Max: 1.4, Diff: 0.3, Sum: 2.5]
      [Update RS (ms): Min: 1.2, Avg: 1.3, Max: 1.3, Diff: 0.1, Sum: 2.6]
         [Processed Buffers: Min: 16, Avg: 19.5, Max: 23, Diff: 7, Sum: 39]
      [Scan RS (ms): Min: 2.1, Avg: 2.1, Max: 2.2, Diff: 0.1, Sum: 4.2]
      [Code Root Scanning (ms): Min: 0.8, Avg: 0.8, Max: 0.9, Diff: 0.0, Sum: 1.7]
      [Object Copy (ms): Min: 3.6, Avg: 3.8, Max: 4.0, Diff: 0.4, Sum: 7.6]
      [Termination (ms): Min: 0.0, Avg: 0.1, Max: 0.1, Diff: 0.1, Sum: 0.1]
      [GC Worker Other (ms): Min: 0.0, Avg: 0.0, Max: 0.1, Diff: 0.0, Sum: 0.1]
      [GC Worker Total (ms): Min: 9.4, Avg: 9.4, Max: 9.4, Diff: 0.0, Sum: 18.8]
      [GC Worker End (ms): Min: 9750510.0, Avg: 9750510.0, Max: 9750510.0, Diff: 0.0]
   [Code Root Fixup: 0.2 ms]
   [Code Root Migration: 0.1 ms]
   [Clear CT: 0.8 ms]
   [Other: 2.1 ms]
      [Choose CSet: 0.0 ms]
      [Ref Proc: 0.3 ms]
      [Ref Enq: 0.0 ms]
      [Free CSet: 1.6 ms]
   [Eden: 3374.0M(3374.0M)->0.0B(3374.0M) Survivors: 4096.0K->4096.0K Heap: 4822.7M(5632.0M)->1449.3M(5632.0M)]
 [Times: user=0.02 sys=0.00, real=0.01 secs] 
2014-06-25T02:53:28.064+0000: 9750.513: Total time for which application threads were stopped: 0.0173047 seconds
2014-06-25T02:53:29.068+0000: 9751.517: Total time for which application threads were stopped: 0.0034051 seconds
2014-06-25T02:53:31.072+0000: 9753.521: Total time for which application threads were stopped: 0.0037902 seconds
2014-06-25T02:53:32.076+0000: 9754.525: Total time for which application threads were stopped: 0.0038524 seconds
2014-06-25T02:53:33.080+0000: 9755.529: Total time for which application threads were stopped: 0.0038322 seconds
2014-06-25T02:53:34.523+0000: 9756.972: [GC pause (G1 Evacuation Pause) (young)
Desired survivor size 222298112 bytes, new threshold 15 (max 15)
- age   1:     580496 bytes,     580496 total
- age   2:     339920 bytes,     920416 total
- age   3:     125592 bytes,    1046008 total
- age   4:      15432 bytes,    1061440 total
- age   5:      97288 bytes,    1158728 total
- age   6:      24344 bytes,    1183072 total
- age   7:     136120 bytes,    1319192 total
- age   8:      12776 bytes,    1331968 total
- age   9:      18224 bytes,    1350192 total
- age  10:      12672 bytes,    1362864 total
- age  11:      18464 bytes,    1381328 total
- age  12:      97840 bytes,    1479168 total
- age  13:     111888 bytes,    1591056 total
- age  14:      21344 bytes,    1612400 total
- age  15:     170424 bytes,    1782824 total
, 0.0119494 secs]
   [Parallel Time: 8.8 ms, GC Workers: 2]
      [GC Worker Start (ms): Min: 9756972.0, Avg: 9756972.0, Max: 9756972.0, Diff: 0.0]
      [Ext Root Scanning (ms): Min: 1.1, Avg: 1.3, Max: 1.4, Diff: 0.3, Sum: 2.6]
      [Update RS (ms): Min: 1.4, Avg: 1.4, Max: 1.4, Diff: 0.1, Sum: 2.8]
         [Processed Buffers: Min: 2, Avg: 20.0, Max: 38, Diff: 36, Sum: 40]
      [Scan RS (ms): Min: 2.1, Avg: 2.1, Max: 2.1, Diff: 0.0, Sum: 4.3]
      [Code Root Scanning (ms): Min: 0.8, Avg: 0.8, Max: 0.8, Diff: 0.0, Sum: 1.7]
      [Object Copy (ms): Min: 2.9, Avg: 3.0, Max: 3.1, Diff: 0.2, Sum: 6.0]
      [Termination (ms): Min: 0.0, Avg: 0.0, Max: 0.0, Diff: 0.0, Sum: 0.0]
      [GC Worker Other (ms): Min: 0.0, Avg: 0.0, Max: 0.1, Diff: 0.0, Sum: 0.1]
      [GC Worker Total (ms): Min: 8.7, Avg: 8.7, Max: 8.7, Diff: 0.0, Sum: 17.4]
      [GC Worker End (ms): Min: 9756980.7, Avg: 9756980.7, Max: 9756980.8, Diff: 0.0]
   [Code Root Fixup: 0.2 ms]
   [Code Root Migration: 0.2 ms]
   [Clear CT: 0.8 ms]
   [Other: 2.0 ms]
      [Choose CSet: 0.0 ms]
      [Ref Proc: 0.2 ms]
      [Ref Enq: 0.0 ms]
      [Free CSet: 1.7 ms]
   [Eden: 3374.0M(3374.0M)->0.0B(3374.0M) Survivors: 4096.0K->4096.0K Heap: 4823.3M(5632.0M)->1448.7M(5632.0M)]
 [Times: user=0.02 sys=0.00, real=0.01 secs] 
2014-06-25T02:53:34.535+0000: 9756.984: Total time for which application threads were stopped: 0.0125399 seconds
2014-06-25T02:53:40.703+0000: 9763.152: [GC pause (G1 Evacuation Pause) (young)
Desired survivor size 222298112 bytes, new threshold 15 (max 15)
- age   1:     212192 bytes,     212192 total
- age   2:     487888 bytes,     700080 total
- age   3:     318880 bytes,    1018960 total
- age   4:     125032 bytes,    1143992 total
- age   5:      15256 bytes,    1159248 total
- age   6:      96744 bytes,    1255992 total
- age   7:      24296 bytes,    1280288 total
- age   8:     135664 bytes,    1415952 total
- age   9:      12776 bytes,    1428728 total
- age  10:      18224 bytes,    1446952 total
- age  11:      12672 bytes,    1459624 total
- age  12:      18416 bytes,    1478040 total
- age  13:      95712 bytes,    1573752 total
- age  14:     111424 bytes,    1685176 total
- age  15:      21344 bytes,    1706520 total
, 0.0138563 secs]
   [Parallel Time: 10.7 ms, GC Workers: 2]
      [GC Worker Start (ms): Min: 9763152.3, Avg: 9763152.3, Max: 9763152.3, Diff: 0.0]
      [Ext Root Scanning (ms): Min: 1.2, Avg: 1.3, Max: 1.5, Diff: 0.3, Sum: 2.7]
      [Update RS (ms): Min: 1.3, Avg: 1.4, Max: 1.4, Diff: 0.1, Sum: 2.7]
         [Processed Buffers: Min: 17, Avg: 20.0, Max: 23, Diff: 6, Sum: 40]
      [Scan RS (ms): Min: 2.1, Avg: 2.1, Max: 2.2, Diff: 0.0, Sum: 4.3]
      [Code Root Scanning (ms): Min: 0.8, Avg: 0.8, Max: 0.9, Diff: 0.1, Sum: 1.7]
      [Object Copy (ms): Min: 4.8, Avg: 4.8, Max: 4.9, Diff: 0.1, Sum: 9.7]
      [Termination (ms): Min: 0.0, Avg: 0.0, Max: 0.0, Diff: 0.0, Sum: 0.0]
      [GC Worker Other (ms): Min: 0.0, Avg: 0.1, Max: 0.1, Diff: 0.0, Sum: 0.1]
      [GC Worker Total (ms): Min: 10.6, Avg: 10.6, Max: 10.6, Diff: 0.0, Sum: 21.1]
      [GC Worker End (ms): Min: 9763162.8, Avg: 9763162.8, Max: 9763162.8, Diff: 0.0]
   [Code Root Fixup: 0.2 ms]
   [Code Root Migration: 0.2 ms]
   [Clear CT: 0.8 ms]
   [Other: 2.0 ms]
      [Choose CSet: 0.0 ms]
      [Ref Proc: 0.2 ms]
      [Ref Enq: 0.0 ms]
      [Free CSet: 1.7 ms]
   [Eden: 3374.0M(3374.0M)->0.0B(3374.0M) Survivors: 4096.0K->4096.0K Heap: 4822.7M(5632.0M)->1449.0M(5632.0M)]
 [Times: user=0.03 sys=0.00, real=0.01 secs] 
2014-06-25T02:53:40.717+0000: 9763.166: Total time for which application threads were stopped: 0.0144983 seconds
2014-06-25T02:53:46.864+0000: 9769.313: [GC pause (G1 Evacuation Pause) (young)
Desired survivor size 222298112 bytes, new threshold 15 (max 15)
- age   1:     943712 bytes,     943712 total
- age   2:     165456 bytes,    1109168 total
- age   3:     487264 bytes,    1596432 total
- age   4:     318160 bytes,    1914592 total
- age   5:     124912 bytes,    2039504 total
- age   6:      15256 bytes,    2054760 total
- age   7:      96744 bytes,    2151504 total
- age   8:      24296 bytes,    2175800 total
- age   9:     135664 bytes,    2311464 total
- age  10:      12776 bytes,    2324240 total
- age  11:      18224 bytes,    2342464 total
- age  12:      12672 bytes,    2355136 total
- age  13:      18416 bytes,    2373552 total
- age  14:      95712 bytes,    2469264 total
- age  15:     111424 bytes,    2580688 total
, 0.0110292 secs]
   [Parallel Time: 8.2 ms, GC Workers: 2]
      [GC Worker Start (ms): Min: 9769312.9, Avg: 9769312.9, Max: 9769312.9, Diff: 0.0]
      [Ext Root Scanning (ms): Min: 1.1, Avg: 1.3, Max: 1.4, Diff: 0.3, Sum: 2.6]
      [Update RS (ms): Min: 1.1, Avg: 1.2, Max: 1.2, Diff: 0.1, Sum: 2.3]
         [Processed Buffers: Min: 2, Avg: 17.5, Max: 33, Diff: 31, Sum: 35]
      [Scan RS (ms): Min: 2.1, Avg: 2.1, Max: 2.1, Diff: 0.0, Sum: 4.2]
      [Code Root Scanning (ms): Min: 0.8, Avg: 0.8, Max: 0.9, Diff: 0.0, Sum: 1.7]
      [Object Copy (ms): Min: 2.6, Avg: 2.7, Max: 2.8, Diff: 0.2, Sum: 5.4]
      [Termination (ms): Min: 0.0, Avg: 0.0, Max: 0.0, Diff: 0.0, Sum: 0.0]
      [GC Worker Other (ms): Min: 0.0, Avg: 0.0, Max: 0.1, Diff: 0.0, Sum: 0.1]
      [GC Worker Total (ms): Min: 8.2, Avg: 8.2, Max: 8.2, Diff: 0.0, Sum: 16.3]
      [GC Worker End (ms): Min: 9769321.1, Avg: 9769321.1, Max: 9769321.1, Diff: 0.0]
   [Code Root Fixup: 0.2 ms]
   [Code Root Migration: 0.1 ms]
   [Clear CT: 0.8 ms]
   [Other: 1.8 ms]
      [Choose CSet: 0.0 ms]
      [Ref Proc: 0.1 ms]
      [Ref Enq: 0.0 ms]
      [Free CSet: 1.5 ms]
   [Eden: 3374.0M(3374.0M)->0.0B(3376.0M) Survivors: 4096.0K->2048.0K Heap: 4823.0M(5632.0M)->1447.8M(5632.0M)]
 [Times: user=0.02 sys=0.00, real=0.01 secs] 
2014-06-25T02:53:46.875+0000: 9769.324: Total time for which application threads were stopped: 0.0146280 seconds
2014-06-25T02:53:53.029+0000: 9775.478: [GC pause (G1 Evacuation Pause) (young)
Desired survivor size 222298112 bytes, new threshold 15 (max 15)
- age   1:      72984 bytes,      72984 total
- age   2:      15568 bytes,      88552 total
- age   3:     163944 bytes,     252496 total
- age   4:     486456 bytes,     738952 total
- age   5:     317968 bytes,    1056920 total
- age   6:     124912 bytes,    1181832 total
- age   7:      15256 bytes,    1197088 total
- age   8:      96744 bytes,    1293832 total
- age   9:      24296 bytes,    1318128 total
- age  10:     135664 bytes,    1453792 total
- age  11:      12776 bytes,    1466568 total
- age  12:      18224 bytes,    1484792 total
- age  13:      12672 bytes,    1497464 total
- age  14:      18416 bytes,    1515880 total
- age  15:      95600 bytes,    1611480 total
, 0.0225555 secs]
   [Parallel Time: 19.2 ms, GC Workers: 2]
      [GC Worker Start (ms): Min: 9775477.9, Avg: 9775477.9, Max: 9775477.9, Diff: 0.0]
      [Ext Root Scanning (ms): Min: 1.2, Avg: 1.3, Max: 1.4, Diff: 0.3, Sum: 2.6]
      [Update RS (ms): Min: 1.2, Avg: 1.2, Max: 1.3, Diff: 0.1, Sum: 2.5]
         [Processed Buffers: Min: 17, Avg: 17.5, Max: 18, Diff: 1, Sum: 35]
      [Scan RS (ms): Min: 2.1, Avg: 2.1, Max: 2.2, Diff: 0.0, Sum: 4.3]
      [Code Root Scanning (ms): Min: 0.8, Avg: 0.8, Max: 0.9, Diff: 0.0, Sum: 1.7]
      [Object Copy (ms): Min: 13.5, Avg: 13.6, Max: 13.7, Diff: 0.2, Sum: 27.2]
      [Termination (ms): Min: 0.0, Avg: 0.0, Max: 0.0, Diff: 0.0, Sum: 0.1]
      [GC Worker Other (ms): Min: 0.0, Avg: 0.1, Max: 0.1, Diff: 0.0, Sum: 0.1]
      [GC Worker Total (ms): Min: 19.2, Avg: 19.2, Max: 19.2, Diff: 0.0, Sum: 38.3]
      [GC Worker End (ms): Min: 9775497.1, Avg: 9775497.1, Max: 9775497.1, Diff: 0.0]
   [Code Root Fixup: 0.2 ms]
   [Code Root Migration: 0.2 ms]
   [Clear CT: 0.8 ms]
   [Other: 2.1 ms]
      [Choose CSet: 0.0 ms]
      [Ref Proc: 0.2 ms]
      [Ref Enq: 0.0 ms]
      [Free CSet: 1.8 ms]
   [Eden: 3376.0M(3376.0M)->0.0B(3370.0M) Survivors: 2048.0K->8192.0K Heap: 4823.8M(5632.0M)->1453.6M(5632.0M)]
 [Times: user=0.04 sys=0.00, real=0.02 secs] 
2014-06-25T02:53:53.051+0000: 9775.501: Total time for which application threads were stopped: 0.0232490 seconds
2014-06-25T02:53:58.959+0000: 9781.409: Total time for which application threads were stopped: 0.0033423 seconds
2014-06-25T02:53:58.960+0000: 9781.409: Total time for which application threads were stopped: 0.0002301 seconds
2014-06-25T02:53:59.208+0000: 9781.657: [GC pause (G1 Evacuation Pause) (young)
Desired survivor size 222298112 bytes, new threshold 15 (max 15)
- age   1:    4680536 bytes,    4680536 total
- age   2:      27344 bytes,    4707880 total
- age   3:      15216 bytes,    4723096 total
- age   4:     163600 bytes,    4886696 total
- age   5:     486352 bytes,    5373048 total
- age   6:     317968 bytes,    5691016 total
- age   7:     124912 bytes,    5815928 total
- age   8:      15256 bytes,    5831184 total
- age   9:      96744 bytes,    5927928 total
- age  10:      24296 bytes,    5952224 total
- age  11:     135664 bytes,    6087888 total
- age  12:      12776 bytes,    6100664 total
- age  13:      18224 bytes,    6118888 total
- age  14:      12672 bytes,    6131560 total
- age  15:      18416 bytes,    6149976 total
, 0.0107283 secs]
   [Parallel Time: 7.9 ms, GC Workers: 2]
      [GC Worker Start (ms): Min: 9781656.9, Avg: 9781657.0, Max: 9781657.0, Diff: 0.0]
      [Ext Root Scanning (ms): Min: 1.2, Avg: 1.3, Max: 1.4, Diff: 0.3, Sum: 2.6]
      [Update RS (ms): Min: 1.1, Avg: 1.2, Max: 1.2, Diff: 0.1, Sum: 2.4]
         [Processed Buffers: Min: 6, Avg: 17.0, Max: 28, Diff: 22, Sum: 34]
      [Scan RS (ms): Min: 2.1, Avg: 2.1, Max: 2.2, Diff: 0.1, Sum: 4.3]
      [Code Root Scanning (ms): Min: 0.8, Avg: 0.8, Max: 0.8, Diff: 0.0, Sum: 1.7]
      [Object Copy (ms): Min: 2.3, Avg: 2.4, Max: 2.5, Diff: 0.2, Sum: 4.7]
      [Termination (ms): Min: 0.0, Avg: 0.0, Max: 0.0, Diff: 0.0, Sum: 0.0]
      [GC Worker Other (ms): Min: 0.0, Avg: 0.0, Max: 0.1, Diff: 0.0, Sum: 0.1]
      [GC Worker Total (ms): Min: 7.8, Avg: 7.8, Max: 7.9, Diff: 0.0, Sum: 15.7]
      [GC Worker End (ms): Min: 9781664.8, Avg: 9781664.8, Max: 9781664.8, Diff: 0.0]
   [Code Root Fixup: 0.2 ms]
   [Code Root Migration: 0.1 ms]
   [Clear CT: 0.8 ms]
   [Other: 1.8 ms]
      [Choose CSet: 0.0 ms]
      [Ref Proc: 0.1 ms]
      [Ref Enq: 0.0 ms]
      [Free CSet: 1.5 ms]
   [Eden: 3370.0M(3370.0M)->0.0B(3376.0M) Survivors: 8192.0K->2048.0K Heap: 4823.6M(5632.0M)->1448.0M(5632.0M)]
 [Times: user=0.02 sys=0.00, real=0.01 secs] 
2014-06-25T02:53:59.219+0000: 9781.668: Total time for which application threads were stopped: 0.0135831 seconds
2014-06-25T02:54:05.546+0000: 9787.995: [GC pause (G1 Evacuation Pause) (young)
Desired survivor size 222298112 bytes, new threshold 15 (max 15)
- age   1:      53272 bytes,      53272 total
- age   2:       6648 bytes,      59920 total
- age   3:      26816 bytes,      86736 total
- age   4:      14976 bytes,     101712 total
- age   5:     160264 bytes,     261976 total
- age   6:     486232 bytes,     748208 total
- age   7:     317968 bytes,    1066176 total
- age   8:     124912 bytes,    1191088 total
- age   9:      15256 bytes,    1206344 total
- age  10:      82880 bytes,    1289224 total
- age  11:      24296 bytes,    1313520 total
- age  12:     135664 bytes,    1449184 total
- age  13:      12776 bytes,    1461960 total
- age  14:      18224 bytes,    1480184 total
- age  15:      12672 bytes,    1492856 total
, 0.0107924 secs]
   [Parallel Time: 7.8 ms, GC Workers: 2]
      [GC Worker Start (ms): Min: 9787995.5, Avg: 9787995.5, Max: 9787995.5, Diff: 0.0]
      [Ext Root Scanning (ms): Min: 1.2, Avg: 1.3, Max: 1.4, Diff: 0.2, Sum: 2.6]
      [Update RS (ms): Min: 1.0, Avg: 1.1, Max: 1.1, Diff: 0.1, Sum: 2.1]
         [Processed Buffers: Min: 2, Avg: 12.5, Max: 23, Diff: 21, Sum: 25]
      [Scan RS (ms): Min: 2.1, Avg: 2.2, Max: 2.2, Diff: 0.1, Sum: 4.3]
      [Code Root Scanning (ms): Min: 0.8, Avg: 0.8, Max: 0.9, Diff: 0.1, Sum: 1.7]
      [Object Copy (ms): Min: 2.3, Avg: 2.4, Max: 2.5, Diff: 0.2, Sum: 4.7]
      [Termination (ms): Min: 0.0, Avg: 0.0, Max: 0.0, Diff: 0.0, Sum: 0.0]
      [GC Worker Other (ms): Min: 0.0, Avg: 0.1, Max: 0.1, Diff: 0.0, Sum: 0.1]
      [GC Worker Total (ms): Min: 7.7, Avg: 7.8, Max: 7.8, Diff: 0.0, Sum: 15.5]
      [GC Worker End (ms): Min: 9788003.2, Avg: 9788003.3, Max: 9788003.3, Diff: 0.0]
   [Code Root Fixup: 0.2 ms]
   [Code Root Migration: 0.1 ms]
   [Clear CT: 0.8 ms]
   [Other: 1.9 ms]
      [Choose CSet: 0.0 ms]
      [Ref Proc: 0.1 ms]
      [Ref Enq: 0.0 ms]
      [Free CSet: 1.6 ms]
   [Eden: 3376.0M(3376.0M)->0.0B(3376.0M) Survivors: 2048.0K->2048.0K Heap: 4824.0M(5632.0M)->1448.0M(5632.0M)]
 [Times: user=0.02 sys=0.00, real=0.02 secs] 
2014-06-25T02:54:05.557+0000: 9788.006: Total time for which application threads were stopped: 0.0114723 seconds
2014-06-25T02:54:11.696+0000: 9794.146: [GC pause (G1 Evacuation Pause) (young)
Desired survivor size 222298112 bytes, new threshold 15 (max 15)
- age   1:      31016 bytes,      31016 total
- age   2:      29344 bytes,      60360 total
- age   3:       6496 bytes,      66856 total
- age   4:      26792 bytes,      93648 total
- age   5:      14952 bytes,     108600 total
- age   6:     160240 bytes,     268840 total
- age   7:     486232 bytes,     755072 total
- age   8:     317968 bytes,    1073040 total
- age   9:     124912 bytes,    1197952 total
- age  10:      15256 bytes,    1213208 total
- age  11:      82880 bytes,    1296088 total
- age  12:      24296 bytes,    1320384 total
- age  13:     135664 bytes,    1456048 total
- age  14:      12776 bytes,    1468824 total
- age  15:      18224 bytes,    1487048 total
, 0.0106822 secs]
   [Parallel Time: 7.8 ms, GC Workers: 2]
      [GC Worker Start (ms): Min: 9794145.6, Avg: 9794145.6, Max: 9794145.6, Diff: 0.0]
      [Ext Root Scanning (ms): Min: 1.2, Avg: 1.3, Max: 1.5, Diff: 0.3, Sum: 2.6]
      [Update RS (ms): Min: 1.0, Avg: 1.0, Max: 1.1, Diff: 0.1, Sum: 2.1]
         [Processed Buffers: Min: 16, Avg: 16.5, Max: 17, Diff: 1, Sum: 33]
      [Scan RS (ms): Min: 2.1, Avg: 2.1, Max: 2.1, Diff: 0.1, Sum: 4.2]
      [Code Root Scanning (ms): Min: 0.8, Avg: 0.8, Max: 0.9, Diff: 0.0, Sum: 1.7]
      [Object Copy (ms): Min: 2.3, Avg: 2.4, Max: 2.5, Diff: 0.2, Sum: 4.8]
      [Termination (ms): Min: 0.0, Avg: 0.0, Max: 0.0, Diff: 0.0, Sum: 0.0]
      [GC Worker Other (ms): Min: 0.0, Avg: 0.0, Max: 0.0, Diff: 0.0, Sum: 0.1]
      [GC Worker Total (ms): Min: 7.7, Avg: 7.8, Max: 7.8, Diff: 0.0, Sum: 15.5]
      [GC Worker End (ms): Min: 9794153.4, Avg: 9794153.4, Max: 9794153.4, Diff: 0.0]
   [Code Root Fixup: 0.2 ms]
   [Code Root Migration: 0.1 ms]
   [Clear CT: 0.8 ms]
   [Other: 1.8 ms]
      [Choose CSet: 0.0 ms]
      [Ref Proc: 0.1 ms]
      [Ref Enq: 0.0 ms]
      [Free CSet: 1.5 ms]
   [Eden: 3376.0M(3376.0M)->0.0B(3376.0M) Survivors: 2048.0K->2048.0K Heap: 4824.0M(5632.0M)->1447.7M(5632.0M)]
 [Times: user=0.01 sys=0.01, real=0.00 secs] 
2014-06-25T02:54:11.707+0000: 9794.156: Total time for which application threads were stopped: 0.0112961 seconds
2014-06-25T02:54:14.628+0000: 9797.077: Total time for which application threads were stopped: 0.0005033 seconds
2014-06-25T02:54:17.946+0000: 9800.396: [GC pause (G1 Evacuation Pause) (young)
Desired survivor size 222298112 bytes, new threshold 15 (max 15)
- age   1:      78232 bytes,      78232 total
- age   2:       4472 bytes,      82704 total
- age   3:      24656 bytes,     107360 total
- age   4:       6104 bytes,     113464 total
- age   5:      26496 bytes,     139960 total
- age   6:      14760 bytes,     154720 total
- age   7:     160112 bytes,     314832 total
- age   8:     486232 bytes,     801064 total
- age   9:     317968 bytes,    1119032 total
- age  10:     124912 bytes,    1243944 total
- age  11:      15256 bytes,    1259200 total
- age  12:      82880 bytes,    1342080 total
- age  13:      24296 bytes,    1366376 total
- age  14:     135664 bytes,    1502040 total
- age  15:      12776 bytes,    1514816 total
, 0.0112200 secs]
   [Parallel Time: 8.2 ms, GC Workers: 2]
      [GC Worker Start (ms): Min: 9800395.7, Avg: 9800395.7, Max: 9800395.7, Diff: 0.0]
      [Ext Root Scanning (ms): Min: 1.1, Avg: 1.3, Max: 1.4, Diff: 0.3, Sum: 2.6]
      [Update RS (ms): Min: 1.3, Avg: 1.3, Max: 1.3, Diff: 0.0, Sum: 2.5]
         [Processed Buffers: Min: 8, Avg: 19.5, Max: 31, Diff: 23, Sum: 39]
      [Scan RS (ms): Min: 2.1, Avg: 2.2, Max: 2.2, Diff: 0.1, Sum: 4.3]
      [Code Root Scanning (ms): Min: 0.8, Avg: 0.8, Max: 0.8, Diff: 0.0, Sum: 1.7]
      [Object Copy (ms): Min: 2.4, Avg: 2.5, Max: 2.6, Diff: 0.2, Sum: 5.1]
      [Termination (ms): Min: 0.0, Avg: 0.0, Max: 0.0, Diff: 0.0, Sum: 0.0]
      [GC Worker Other (ms): Min: 0.0, Avg: 0.0, Max: 0.1, Diff: 0.0, Sum: 0.1]
      [GC Worker Total (ms): Min: 8.1, Avg: 8.1, Max: 8.1, Diff: 0.0, Sum: 16.3]
      [GC Worker End (ms): Min: 9800403.9, Avg: 9800403.9, Max: 9800403.9, Diff: 0.0]
   [Code Root Fixup: 0.2 ms]
   [Code Root Migration: 0.1 ms]
   [Clear CT: 0.8 ms]
   [Other: 2.0 ms]
      [Choose CSet: 0.0 ms]
      [Ref Proc: 0.2 ms]
      [Ref Enq: 0.0 ms]
      [Free CSet: 1.6 ms]
   [Eden: 3376.0M(3376.0M)->0.0B(3374.0M) Survivors: 2048.0K->4096.0K Heap: 4823.7M(5632.0M)->1449.5M(5632.0M)]
 [Times: user=0.02 sys=0.00, real=0.02 secs] 
2014-06-25T02:54:17.958+0000: 9800.407: Total time for which application threads were stopped: 0.0118497 seconds
2014-06-25T02:54:18.729+0000: 9801.178: Total time for which application threads were stopped: 0.0004930 seconds
2014-06-25T02:54:19.748+0000: 9802.197: Total time for which application threads were stopped: 0.0044033 seconds
2014-06-25T02:54:20.671+0000: 9803.120: Total time for which application threads were stopped: 0.0035271 seconds
2014-06-25T02:54:24.564+0000: 9807.013: [GC pause (G1 Evacuation Pause) (young)
Desired survivor size 222298112 bytes, new threshold 15 (max 15)
- age   1:     276576 bytes,     276576 total
- age   2:       5576 bytes,     282152 total
- age   3:       4200 bytes,     286352 total
- age   4:      21144 bytes,     307496 total
- age   5:       5680 bytes,     313176 total
- age   6:      19520 bytes,     332696 total
- age   7:       7640 bytes,     340336 total
- age   8:     103696 bytes,     444032 total
- age   9:     437904 bytes,     881936 total
- age  10:     245816 bytes,    1127752 total
- age  11:     123600 bytes,    1251352 total
- age  12:      15256 bytes,    1266608 total
- age  13:      82880 bytes,    1349488 total
- age  14:      24296 bytes,    1373784 total
- age  15:     134248 bytes,    1508032 total
, 0.0114576 secs]
   [Parallel Time: 8.4 ms, GC Workers: 2]
      [GC Worker Start (ms): Min: 9807012.9, Avg: 9807012.9, Max: 9807012.9, Diff: 0.0]
      [Ext Root Scanning (ms): Min: 1.1, Avg: 1.3, Max: 1.4, Diff: 0.3, Sum: 2.5]
      [Update RS (ms): Min: 1.2, Avg: 1.3, Max: 1.3, Diff: 0.1, Sum: 2.6]
         [Processed Buffers: Min: 18, Avg: 20.5, Max: 23, Diff: 5, Sum: 41]
      [Scan RS (ms): Min: 2.1, Avg: 2.2, Max: 2.2, Diff: 0.1, Sum: 4.3]
      [Code Root Scanning (ms): Min: 0.8, Avg: 0.8, Max: 0.8, Diff: 0.0, Sum: 1.7]
      [Object Copy (ms): Min: 2.6, Avg: 2.7, Max: 2.8, Diff: 0.2, Sum: 5.4]
      [Termination (ms): Min: 0.0, Avg: 0.0, Max: 0.0, Diff: 0.0, Sum: 0.0]
      [GC Worker Other (ms): Min: 0.0, Avg: 0.0, Max: 0.1, Diff: 0.0, Sum: 0.1]
      [GC Worker Total (ms): Min: 8.3, Avg: 8.3, Max: 8.3, Diff: 0.0, Sum: 16.6]
      [GC Worker End (ms): Min: 9807021.2, Avg: 9807021.3, Max: 9807021.3, Diff: 0.0]
   [Code Root Fixup: 0.2 ms]
   [Code Root Migration: 0.1 ms]
   [Clear CT: 0.8 ms]
   [Other: 2.0 ms]
      [Choose CSet: 0.0 ms]
      [Ref Proc: 0.3 ms]
      [Ref Enq: 0.0 ms]
      [Free CSet: 1.6 ms]
   [Eden: 3374.0M(3374.0M)->0.0B(3374.0M) Survivors: 4096.0K->4096.0K Heap: 4823.5M(5632.0M)->1448.6M(5632.0M)]
 [Times: user=0.02 sys=0.00, real=0.01 secs] 
2014-06-25T02:54:24.575+0000: 9807.024: Total time for which application threads were stopped: 0.0134157 seconds
2014-06-25T02:54:25.579+0000: 9808.028: Total time for which application threads were stopped: 0.0030987 seconds
2014-06-25T02:54:30.584+0000: 9813.033: Total time for which application threads were stopped: 0.0043350 seconds
2014-06-25T02:54:30.891+0000: 9813.340: [GC pause (G1 Evacuation Pause) (young)
Desired survivor size 222298112 bytes, new threshold 15 (max 15)
- age   1:     614760 bytes,     614760 total
- age   2:     149616 bytes,     764376 total
- age   3:       5128 bytes,     769504 total
- age   4:       4144 bytes,     773648 total
- age   5:      21144 bytes,     794792 total
- age   6:       4792 bytes,     799584 total
- age   7:      19136 bytes,     818720 total
- age   8:       6640 bytes,     825360 total
- age   9:      80968 bytes,     906328 total
- age  10:      88432 bytes,     994760 total
- age  11:     237176 bytes,    1231936 total
- age  12:     123384 bytes,    1355320 total
- age  13:      15256 bytes,    1370576 total
- age  14:      82848 bytes,    1453424 total
- age  15:      24296 bytes,    1477720 total
, 0.0109860 secs]
   [Parallel Time: 8.1 ms, GC Workers: 2]
      [GC Worker Start (ms): Min: 9813340.4, Avg: 9813340.4, Max: 9813340.4, Diff: 0.0]
      [Ext Root Scanning (ms): Min: 1.1, Avg: 1.3, Max: 1.4, Diff: 0.3, Sum: 2.5]
      [Update RS (ms): Min: 1.2, Avg: 1.3, Max: 1.3, Diff: 0.1, Sum: 2.6]
         [Processed Buffers: Min: 2, Avg: 18.5, Max: 35, Diff: 33, Sum: 37]
      [Scan RS (ms): Min: 2.1, Avg: 2.1, Max: 2.1, Diff: 0.0, Sum: 4.2]
      [Code Root Scanning (ms): Min: 0.8, Avg: 0.8, Max: 0.9, Diff: 0.1, Sum: 1.7]
      [Object Copy (ms): Min: 2.4, Avg: 2.5, Max: 2.6, Diff: 0.1, Sum: 5.0]
      [Termination (ms): Min: 0.0, Avg: 0.0, Max: 0.0, Diff: 0.0, Sum: 0.0]
      [GC Worker Other (ms): Min: 0.0, Avg: 0.0, Max: 0.1, Diff: 0.0, Sum: 0.1]
      [GC Worker Total (ms): Min: 8.1, Avg: 8.1, Max: 8.1, Diff: 0.0, Sum: 16.1]
      [GC Worker End (ms): Min: 9813348.5, Avg: 9813348.5, Max: 9813348.5, Diff: 0.0]
   [Code Root Fixup: 0.2 ms]
   [Code Root Migration: 0.1 ms]
   [Clear CT: 0.8 ms]
   [Other: 1.8 ms]
      [Choose CSet: 0.0 ms]
      [Ref Proc: 0.2 ms]
      [Ref Enq: 0.0 ms]
      [Free CSet: 1.5 ms]
   [Eden: 3374.0M(3374.0M)->0.0B(3372.0M) Survivors: 4096.0K->6144.0K Heap: 4822.6M(5632.0M)->1450.9M(5632.0M)]
 [Times: user=0.02 sys=0.00, real=0.01 secs] 
2014-06-25T02:54:30.902+0000: 9813.351: Total time for which application threads were stopped: 0.0116068 seconds
2014-06-25T02:54:37.160+0000: 9819.609: [GC pause (G1 Evacuation Pause) (young)
Desired survivor size 222298112 bytes, new threshold 15 (max 15)
- age   1:     153840 bytes,     153840 total
- age   2:     562480 bytes,     716320 total
- age   3:     148224 bytes,     864544 total
- age   4:       4976 bytes,     869520 total
- age   5:       4144 bytes,     873664 total
- age   6:      20872 bytes,     894536 total
- age   7:       4792 bytes,     899328 total
- age   8:      18528 bytes,     917856 total
- age   9:       5896 bytes,     923752 total
- age  10:      78824 bytes,    1002576 total
- age  11:      87272 bytes,    1089848 total
- age  12:     235880 bytes,    1325728 total
- age  13:     123248 bytes,    1448976 total
- age  14:      15120 bytes,    1464096 total
- age  15:      82848 bytes,    1546944 total
, 0.0124918 secs]
   [Parallel Time: 9.4 ms, GC Workers: 2]
      [GC Worker Start (ms): Min: 9819609.4, Avg: 9819609.4, Max: 9819609.4, Diff: 0.0]
      [Ext Root Scanning (ms): Min: 1.2, Avg: 1.3, Max: 1.5, Diff: 0.3, Sum: 2.7]
      [Update RS (ms): Min: 1.0, Avg: 1.0, Max: 1.1, Diff: 0.1, Sum: 2.1]
         [Processed Buffers: Min: 11, Avg: 16.5, Max: 22, Diff: 11, Sum: 33]
      [Scan RS (ms): Min: 2.1, Avg: 2.2, Max: 2.2, Diff: 0.1, Sum: 4.3]
      [Code Root Scanning (ms): Min: 0.8, Avg: 0.8, Max: 0.9, Diff: 0.0, Sum: 1.7]
      [Object Copy (ms): Min: 3.8, Avg: 3.9, Max: 4.0, Diff: 0.2, Sum: 7.8]
      [Termination (ms): Min: 0.0, Avg: 0.0, Max: 0.0, Diff: 0.0, Sum: 0.0]
      [GC Worker Other (ms): Min: 0.0, Avg: 0.1, Max: 0.1, Diff: 0.0, Sum: 0.1]
      [GC Worker Total (ms): Min: 9.3, Avg: 9.3, Max: 9.3, Diff: 0.0, Sum: 18.6]
      [GC Worker End (ms): Min: 9819618.7, Avg: 9819618.7, Max: 9819618.7, Diff: 0.0]
   [Code Root Fixup: 0.2 ms]
   [Code Root Migration: 0.1 ms]
   [Clear CT: 0.8 ms]
   [Other: 2.0 ms]
      [Choose CSet: 0.0 ms]
      [Ref Proc: 0.1 ms]
      [Ref Enq: 0.0 ms]
      [Free CSet: 1.7 ms]
   [Eden: 3372.0M(3372.0M)->0.0B(3374.0M) Survivors: 6144.0K->4096.0K Heap: 4822.9M(5632.0M)->1448.8M(5632.0M)]
 [Times: user=0.02 sys=0.00, real=0.01 secs] 
2014-06-25T02:54:37.173+0000: 9819.622: Total time for which application threads were stopped: 0.0132111 seconds
2014-06-25T02:54:40.868+0000: 9823.317: Total time for which application threads were stopped: 0.0041384 seconds
2014-06-25T02:54:41.512+0000: 9823.961: Total time for which application threads were stopped: 0.0011672 seconds
2014-06-25T02:54:41.992+0000: 9824.441: Total time for which application threads were stopped: 0.0039786 seconds
2014-06-25T02:54:43.720+0000: 9826.169: [GC pause (G1 Evacuation Pause) (young)
Desired survivor size 222298112 bytes, new threshold 15 (max 15)
- age   1:     574488 bytes,     574488 total
- age   2:     108872 bytes,     683360 total
- age   3:     558952 bytes,    1242312 total
- age   4:     148120 bytes,    1390432 total
- age   5:       4976 bytes,    1395408 total
- age   6:       4144 bytes,    1399552 total
- age   7:      20872 bytes,    1420424 total
- age   8:       4792 bytes,    1425216 total
- age   9:      18400 bytes,    1443616 total
- age  10:       5896 bytes,    1449512 total
- age  11:      78696 bytes,    1528208 total
- age  12:      86944 bytes,    1615152 total
- age  13:     235752 bytes,    1850904 total
- age  14:     123248 bytes,    1974152 total
- age  15:      15120 bytes,    1989272 total
, 0.0111846 secs]
   [Parallel Time: 8.0 ms, GC Workers: 2]
      [GC Worker Start (ms): Min: 9826168.9, Avg: 9826168.9, Max: 9826168.9, Diff: 0.0]
      [Ext Root Scanning (ms): Min: 1.1, Avg: 1.3, Max: 1.4, Diff: 0.3, Sum: 2.5]
      [Update RS (ms): Min: 1.1, Avg: 1.3, Max: 1.4, Diff: 0.2, Sum: 2.5]
         [Processed Buffers: Min: 6, Avg: 20.5, Max: 35, Diff: 29, Sum: 41]
      [Scan RS (ms): Min: 2.1, Avg: 2.1, Max: 2.2, Diff: 0.1, Sum: 4.3]
      [Code Root Scanning (ms): Min: 0.8, Avg: 0.8, Max: 0.8, Diff: 0.0, Sum: 1.7]
      [Object Copy (ms): Min: 2.3, Avg: 2.4, Max: 2.5, Diff: 0.2, Sum: 4.9]
      [Termination (ms): Min: 0.0, Avg: 0.0, Max: 0.0, Diff: 0.0, Sum: 0.0]
      [GC Worker Other (ms): Min: 0.0, Avg: 0.0, Max: 0.1, Diff: 0.0, Sum: 0.1]
      [GC Worker Total (ms): Min: 8.0, Avg: 8.0, Max: 8.0, Diff: 0.0, Sum: 16.0]
      [GC Worker End (ms): Min: 9826176.9, Avg: 9826176.9, Max: 9826176.9, Diff: 0.0]
   [Code Root Fixup: 0.2 ms]
   [Code Root Migration: 0.1 ms]
   [Clear CT: 0.8 ms]
   [Other: 2.1 ms]
      [Choose CSet: 0.0 ms]
      [Ref Proc: 0.4 ms]
      [Ref Enq: 0.0 ms]
      [Free CSet: 1.5 ms]
   [Eden: 3374.0M(3374.0M)->0.0B(3374.0M) Survivors: 4096.0K->4096.0K Heap: 4822.8M(5632.0M)->1449.2M(5632.0M)]
 [Times: user=0.02 sys=0.01, real=0.01 secs] 
2014-06-25T02:54:43.731+0000: 9826.180: Total time for which application threads were stopped: 0.0149515 seconds
2014-06-25T02:54:45.739+0000: 9828.188: Total time for which application threads were stopped: 0.0035811 seconds
2014-06-25T02:54:45.840+0000: 9828.289: Total time for which application threads were stopped: 0.0024800 seconds
2014-06-25T02:54:46.680+0000: 9829.129: Total time for which application threads were stopped: 0.0015490 seconds
2014-06-25T02:54:50.136+0000: 9832.585: [GC pause (G1 Evacuation Pause) (young)
Desired survivor size 222298112 bytes, new threshold 15 (max 15)
- age   1:     706016 bytes,     706016 total
- age   2:      11880 bytes,     717896 total
- age   3:      27088 bytes,     744984 total
- age   4:      53544 bytes,     798528 total
- age   5:      70696 bytes,     869224 total
- age   6:       4856 bytes,     874080 total
- age   7:       4144 bytes,     878224 total
- age   8:      20872 bytes,     899096 total
- age   9:       4792 bytes,     903888 total
- age  10:      18400 bytes,     922288 total
- age  11:       5768 bytes,     928056 total
- age  12:      77968 bytes,    1006024 total
- age  13:      71128 bytes,    1077152 total
- age  14:     167272 bytes,    1244424 total
- age  15:     104312 bytes,    1348736 total
, 0.0112072 secs]
   [Parallel Time: 8.2 ms, GC Workers: 2]
      [GC Worker Start (ms): Min: 9832585.2, Avg: 9832585.2, Max: 9832585.2, Diff: 0.0]
      [Ext Root Scanning (ms): Min: 1.1, Avg: 1.3, Max: 1.4, Diff: 0.3, Sum: 2.5]
      [Update RS (ms): Min: 1.1, Avg: 1.2, Max: 1.2, Diff: 0.1, Sum: 2.4]
         [Processed Buffers: Min: 8, Avg: 19.0, Max: 30, Diff: 22, Sum: 38]
      [Scan RS (ms): Min: 2.1, Avg: 2.1, Max: 2.1, Diff: 0.0, Sum: 4.3]
      [Code Root Scanning (ms): Min: 0.8, Avg: 0.8, Max: 0.8, Diff: 0.0, Sum: 1.7]
      [Object Copy (ms): Min: 2.5, Avg: 2.6, Max: 2.7, Diff: 0.1, Sum: 5.2]
      [Termination (ms): Min: 0.0, Avg: 0.0, Max: 0.0, Diff: 0.0, Sum: 0.0]
      [GC Worker Other (ms): Min: 0.0, Avg: 0.1, Max: 0.1, Diff: 0.0, Sum: 0.1]
      [GC Worker Total (ms): Min: 8.1, Avg: 8.1, Max: 8.1, Diff: 0.0, Sum: 16.2]
      [GC Worker End (ms): Min: 9832593.2, Avg: 9832593.3, Max: 9832593.3, Diff: 0.0]
   [Code Root Fixup: 0.2 ms]
   [Code Root Migration: 0.1 ms]
   [Clear CT: 0.8 ms]
   [Other: 2.0 ms]
      [Choose CSet: 0.0 ms]
      [Ref Proc: 0.4 ms]
      [Ref Enq: 0.0 ms]
      [Free CSet: 1.5 ms]
   [Eden: 3374.0M(3374.0M)->0.0B(3374.0M) Survivors: 4096.0K->4096.0K Heap: 4823.2M(5632.0M)->1449.0M(5632.0M)]
 [Times: user=0.02 sys=0.00, real=0.01 secs] 
2014-06-25T02:54:50.147+0000: 9832.596: Total time for which application threads were stopped: 0.0117720 seconds
2014-06-25T02:54:52.659+0000: 9835.108: Total time for which application threads were stopped: 0.0032456 seconds
2014-06-25T02:54:55.640+0000: 9838.089: Total time for which application threads were stopped: 0.0012259 seconds
2014-06-25T02:54:55.957+0000: 9838.406: Total time for which application threads were stopped: 0.0005250 seconds
2014-06-25T02:54:55.990+0000: 9838.439: Total time for which application threads were stopped: 0.0054659 seconds
2014-06-25T02:54:56.018+0000: 9838.467: Total time for which application threads were stopped: 0.0004933 seconds
2014-06-25T02:54:56.076+0000: 9838.525: Total time for which application threads were stopped: 0.0004761 seconds
2014-06-25T02:54:56.819+0000: 9839.268: Total time for which application threads were stopped: 0.0005253 seconds
2014-06-25T02:54:56.837+0000: 9839.287: [GC pause (G1 Evacuation Pause) (young)
Desired survivor size 222298112 bytes, new threshold 15 (max 15)
- age   1:     637144 bytes,     637144 total
- age   2:     235200 bytes,     872344 total
- age   3:      10600 bytes,     882944 total
- age   4:      25408 bytes,     908352 total
- age   5:      48896 bytes,     957248 total
- age   6:      69848 bytes,    1027096 total
- age   7:       4856 bytes,    1031952 total
- age   8:       4144 bytes,    1036096 total
- age   9:      20872 bytes,    1056968 total
- age  10:       4792 bytes,    1061760 total
- age  11:      18240 bytes,    1080000 total
- age  12:       5568 bytes,    1085568 total
- age  13:      77872 bytes,    1163440 total
- age  14:      70808 bytes,    1234248 total
- age  15:     162032 bytes,    1396280 total
, 0.0141001 secs]
   [Parallel Time: 10.7 ms, GC Workers: 2]
      [GC Worker Start (ms): Min: 9839286.7, Avg: 9839286.7, Max: 9839286.7, Diff: 0.0]
      [Ext Root Scanning (ms): Min: 1.3, Avg: 1.4, Max: 1.5, Diff: 0.2, Sum: 2.8]
      [Update RS (ms): Min: 1.3, Avg: 1.3, Max: 1.4, Diff: 0.1, Sum: 2.7]
         [Processed Buffers: Min: 7, Avg: 21.0, Max: 35, Diff: 28, Sum: 42]
      [Scan RS (ms): Min: 2.1, Avg: 2.1, Max: 2.2, Diff: 0.1, Sum: 4.3]
      [Code Root Scanning (ms): Min: 0.8, Avg: 0.9, Max: 0.9, Diff: 0.0, Sum: 1.7]
      [Object Copy (ms): Min: 4.8, Avg: 4.9, Max: 5.0, Diff: 0.2, Sum: 9.8]
      [Termination (ms): Min: 0.0, Avg: 0.0, Max: 0.0, Diff: 0.0, Sum: 0.0]
      [GC Worker Other (ms): Min: 0.0, Avg: 0.0, Max: 0.0, Diff: 0.0, Sum: 0.1]
      [GC Worker Total (ms): Min: 10.6, Avg: 10.7, Max: 10.7, Diff: 0.0, Sum: 21.3]
      [GC Worker End (ms): Min: 9839297.4, Avg: 9839297.4, Max: 9839297.4, Diff: 0.0]
   [Code Root Fixup: 0.4 ms]
   [Code Root Migration: 0.1 ms]
   [Clear CT: 0.8 ms]
   [Other: 2.1 ms]
      [Choose CSet: 0.0 ms]
      [Ref Proc: 0.4 ms]
      [Ref Enq: 0.0 ms]
      [Free CSet: 1.6 ms]
   [Eden: 3374.0M(3374.0M)->0.0B(3374.0M) Survivors: 4096.0K->4096.0K Heap: 4823.0M(5632.0M)->1450.6M(5632.0M)]
 [Times: user=0.02 sys=0.01, real=0.01 secs] 
2014-06-25T02:54:56.852+0000: 9839.301: Total time for which application threads were stopped: 0.0173788 seconds
2014-06-25T02:55:00.288+0000: 9842.737: Total time for which application threads were stopped: 0.0043282 seconds
2014-06-25T02:55:00.288+0000: 9842.737: Total time for which application threads were stopped: 0.0002275 seconds
2014-06-25T02:55:03.265+0000: 9845.714: [GC pause (G1 Evacuation Pause) (young)
Desired survivor size 222298112 bytes, new threshold 15 (max 15)
- age   1:    1783808 bytes,    1783808 total
- age   2:      72264 bytes,    1856072 total
- age   3:     189760 bytes,    2045832 total
- age   4:       9816 bytes,    2055648 total
- age   5:      23008 bytes,    2078656 total
- age   6:      48048 bytes,    2126704 total
- age   7:      68208 bytes,    2194912 total
- age   8:       4856 bytes,    2199768 total
- age   9:       4144 bytes,    2203912 total
- age  10:      20744 bytes,    2224656 total
- age  11:       4792 bytes,    2229448 total
- age  12:      18112 bytes,    2247560 total
- age  13:       5504 bytes,    2253064 total
- age  14:      76984 bytes,    2330048 total
- age  15:      63344 bytes,    2393392 total
, 0.0229015 secs]
   [Parallel Time: 19.4 ms, GC Workers: 2]
      [GC Worker Start (ms): Min: 9845714.5, Avg: 9845714.5, Max: 9845714.5, Diff: 0.0]
      [Ext Root Scanning (ms): Min: 1.2, Avg: 1.3, Max: 1.4, Diff: 0.2, Sum: 2.5]
      [Update RS (ms): Min: 1.3, Avg: 1.3, Max: 1.3, Diff: 0.0, Sum: 2.6]
         [Processed Buffers: Min: 18, Avg: 21.5, Max: 25, Diff: 7, Sum: 43]
      [Scan RS (ms): Min: 2.1, Avg: 2.1, Max: 2.2, Diff: 0.1, Sum: 4.3]
      [Code Root Scanning (ms): Min: 0.8, Avg: 0.8, Max: 0.9, Diff: 0.0, Sum: 1.7]
      [Object Copy (ms): Min: 13.6, Avg: 13.6, Max: 13.7, Diff: 0.1, Sum: 27.3]
      [Termination (ms): Min: 0.0, Avg: 0.0, Max: 0.1, Diff: 0.0, Sum: 0.1]
      [GC Worker Other (ms): Min: 0.0, Avg: 0.1, Max: 0.1, Diff: 0.0, Sum: 0.1]
      [GC Worker Total (ms): Min: 19.3, Avg: 19.3, Max: 19.3, Diff: 0.0, Sum: 38.6]
      [GC Worker End (ms): Min: 9845733.8, Avg: 9845733.8, Max: 9845733.8, Diff: 0.0]
   [Code Root Fixup: 0.2 ms]
   [Code Root Migration: 0.2 ms]
   [Clear CT: 0.8 ms]
   [Other: 2.2 ms]
      [Choose CSet: 0.0 ms]
      [Ref Proc: 0.3 ms]
      [Ref Enq: 0.0 ms]
      [Free CSet: 1.8 ms]
   [Eden: 3374.0M(3374.0M)->0.0B(3370.0M) Survivors: 4096.0K->8192.0K Heap: 4824.6M(5632.0M)->1453.8M(5632.0M)]
 [Times: user=0.05 sys=0.00, real=0.02 secs] 
2014-06-25T02:55:03.288+0000: 9845.737: Total time for which application threads were stopped: 0.0237687 seconds
2014-06-25T02:55:09.580+0000: 9852.029: [GC pause (G1 Evacuation Pause) (young)
Desired survivor size 222298112 bytes, new threshold 15 (max 15)
- age   1:    4971512 bytes,    4971512 total
- age   2:     521056 bytes,    5492568 total
- age   3:      69416 bytes,    5561984 total
- age   4:     185088 bytes,    5747072 total
- age   5:       9816 bytes,    5756888 total
- age   6:      22736 bytes,    5779624 total
- age   7:      48048 bytes,    5827672 total
- age   8:      68208 bytes,    5895880 total
- age   9:       4856 bytes,    5900736 total
- age  10:       4144 bytes,    5904880 total
- age  11:       6880 bytes,    5911760 total
- age  12:       4792 bytes,    5916552 total
- age  13:      18112 bytes,    5934664 total
- age  14:       5432 bytes,    5940096 total
- age  15:      76984 bytes,    6017080 total
, 0.0107906 secs]
   [Parallel Time: 8.0 ms, GC Workers: 2]
      [GC Worker Start (ms): Min: 9852029.4, Avg: 9852029.4, Max: 9852029.4, Diff: 0.0]
      [Ext Root Scanning (ms): Min: 1.1, Avg: 1.3, Max: 1.4, Diff: 0.3, Sum: 2.6]
      [Update RS (ms): Min: 1.0, Avg: 1.1, Max: 1.1, Diff: 0.1, Sum: 2.2]
         [Processed Buffers: Min: 17, Avg: 18.0, Max: 19, Diff: 2, Sum: 36]
      [Scan RS (ms): Min: 2.1, Avg: 2.1, Max: 2.2, Diff: 0.1, Sum: 4.3]
      [Code Root Scanning (ms): Min: 0.8, Avg: 0.8, Max: 0.9, Diff: 0.0, Sum: 1.7]
      [Object Copy (ms): Min: 2.4, Avg: 2.5, Max: 2.5, Diff: 0.1, Sum: 5.0]
      [Termination (ms): Min: 0.0, Avg: 0.0, Max: 0.0, Diff: 0.0, Sum: 0.0]
      [GC Worker Other (ms): Min: 0.0, Avg: 0.1, Max: 0.1, Diff: 0.0, Sum: 0.1]
      [GC Worker Total (ms): Min: 7.9, Avg: 7.9, Max: 7.9, Diff: 0.0, Sum: 15.7]
      [GC Worker End (ms): Min: 9852037.3, Avg: 9852037.3, Max: 9852037.3, Diff: 0.0]
   [Code Root Fixup: 0.2 ms]
   [Code Root Migration: 0.1 ms]
   [Clear CT: 0.8 ms]
   [Other: 1.8 ms]
      [Choose CSet: 0.0 ms]
      [Ref Proc: 0.1 ms]
      [Ref Enq: 0.0 ms]
      [Free CSet: 1.5 ms]
   [Eden: 3370.0M(3370.0M)->0.0B(3376.0M) Survivors: 8192.0K->2048.0K Heap: 4823.8M(5632.0M)->1448.9M(5632.0M)]
 [Times: user=0.01 sys=0.01, real=0.01 secs] 
2014-06-25T02:55:09.591+0000: 9852.040: Total time for which application threads were stopped: 0.0114446 seconds
2014-06-25T02:55:15.739+0000: 9858.188: [GC pause (G1 Evacuation Pause) (young)
Desired survivor size 222298112 bytes, new threshold 15 (max 15)
- age   1:     166992 bytes,     166992 total
- age   2:     280184 bytes,     447176 total
- age   3:     508736 bytes,     955912 total
- age   4:      68176 bytes,    1024088 total
- age   5:     184264 bytes,    1208352 total
- age   6:       9816 bytes,    1218168 total
- age   7:      22192 bytes,    1240360 total
- age   8:      47480 bytes,    1287840 total
- age   9:      65848 bytes,    1353688 total
- age  10:       4856 bytes,    1358544 total
- age  11:       4144 bytes,    1362688 total
- age  12:       6880 bytes,    1369568 total
- age  13:       4792 bytes,    1374360 total
- age  14:      18112 bytes,    1392472 total
- age  15:       5432 bytes,    1397904 total
, 0.0117462 secs]
   [Parallel Time: 8.8 ms, GC Workers: 2]
      [GC Worker Start (ms): Min: 9858187.8, Avg: 9858187.9, Max: 9858187.9, Diff: 0.0]
      [Ext Root Scanning (ms): Min: 1.2, Avg: 1.3, Max: 1.5, Diff: 0.3, Sum: 2.7]
      [Update RS (ms): Min: 1.1, Avg: 1.2, Max: 1.3, Diff: 0.1, Sum: 2.4]
         [Processed Buffers: Min: 9, Avg: 20.0, Max: 31, Diff: 22, Sum: 40]
      [Scan RS (ms): Min: 2.1, Avg: 2.2, Max: 2.2, Diff: 0.1, Sum: 4.3]
      [Code Root Scanning (ms): Min: 0.8, Avg: 0.8, Max: 0.9, Diff: 0.0, Sum: 1.7]
      [Object Copy (ms): Min: 3.0, Avg: 3.1, Max: 3.3, Diff: 0.2, Sum: 6.3]
      [Termination (ms): Min: 0.0, Avg: 0.0, Max: 0.0, Diff: 0.0, Sum: 0.0]
      [GC Worker Other (ms): Min: 0.0, Avg: 0.0, Max: 0.1, Diff: 0.0, Sum: 0.1]
      [GC Worker Total (ms): Min: 8.7, Avg: 8.7, Max: 8.7, Diff: 0.0, Sum: 17.4]
      [GC Worker End (ms): Min: 9858196.6, Avg: 9858196.6, Max: 9858196.6, Diff: 0.0]
   [Code Root Fixup: 0.2 ms]
   [Code Root Migration: 0.1 ms]
   [Clear CT: 0.8 ms]
   [Other: 1.8 ms]
      [Choose CSet: 0.0 ms]
      [Ref Proc: 0.2 ms]
      [Ref Enq: 0.0 ms]
      [Free CSet: 1.5 ms]
   [Eden: 3376.0M(3376.0M)->0.0B(3374.0M) Survivors: 2048.0K->4096.0K Heap: 4824.9M(5632.0M)->1449.9M(5632.0M)]
 [Times: user=0.02 sys=0.00, real=0.01 secs] 
2014-06-25T02:55:15.751+0000: 9858.200: Total time for which application threads were stopped: 0.0154335 seconds
2014-06-25T02:55:17.626+0000: 9860.075: Total time for which application threads were stopped: 0.0104684 seconds
2014-06-25T02:55:17.656+0000: 9860.105: Total time for which application threads were stopped: 0.0043495 seconds
2014-06-25T02:55:19.187+0000: 9861.636: Total time for which application threads were stopped: 0.0005354 seconds
2014-06-25T02:55:19.612+0000: 9862.061: Total time for which application threads were stopped: 0.0007897 seconds
2014-06-25T02:55:19.870+0000: 9862.319: Total time for which application threads were stopped: 0.0046232 seconds
2014-06-25T02:55:19.923+0000: 9862.372: Total time for which application threads were stopped: 0.0007319 seconds
2014-06-25T02:55:20.201+0000: 9862.650: Total time for which application threads were stopped: 0.0049554 seconds
2014-06-25T02:55:20.290+0000: 9862.739: Total time for which application threads were stopped: 0.0014757 seconds
2014-06-25T02:55:20.505+0000: 9862.954: Total time for which application threads were stopped: 0.0045016 seconds
2014-06-25T02:55:21.528+0000: 9863.977: Total time for which application threads were stopped: 0.0043248 seconds
2014-06-25T02:55:22.532+0000: 9864.981: Total time for which application threads were stopped: 0.0044208 seconds
2014-06-25T02:55:23.040+0000: 9865.489: [GC pause (G1 Evacuation Pause) (young)
Desired survivor size 222298112 bytes, new threshold 15 (max 15)
- age   1:     592744 bytes,     592744 total
- age   2:      85928 bytes,     678672 total
- age   3:     251808 bytes,     930480 total
- age   4:     362624 bytes,    1293104 total
- age   5:      56480 bytes,    1349584 total
- age   6:     157120 bytes,    1506704 total
- age   7:       9816 bytes,    1516520 total
- age   8:      21472 bytes,    1537992 total
- age   9:      38856 bytes,    1576848 total
- age  10:      55616 bytes,    1632464 total
- age  11:       4856 bytes,    1637320 total
- age  12:       4144 bytes,    1641464 total
- age  13:       6880 bytes,    1648344 total
- age  14:       4792 bytes,    1653136 total
- age  15:      18112 bytes,    1671248 total
, 0.0121432 secs]
   [Parallel Time: 8.7 ms, GC Workers: 2]
      [GC Worker Start (ms): Min: 9865489.0, Avg: 9865489.0, Max: 9865489.0, Diff: 0.0]
      [Ext Root Scanning (ms): Min: 1.2, Avg: 1.3, Max: 1.4, Diff: 0.3, Sum: 2.6]
      [Update RS (ms): Min: 1.3, Avg: 1.3, Max: 1.4, Diff: 0.1, Sum: 2.7]
         [Processed Buffers: Min: 18, Avg: 22.0, Max: 26, Diff: 8, Sum: 44]
      [Scan RS (ms): Min: 2.1, Avg: 2.1, Max: 2.1, Diff: 0.0, Sum: 4.2]
      [Code Root Scanning (ms): Min: 0.8, Avg: 0.8, Max: 0.8, Diff: 0.0, Sum: 1.7]
      [Object Copy (ms): Min: 2.9, Avg: 3.0, Max: 3.1, Diff: 0.2, Sum: 6.1]
      [Termination (ms): Min: 0.0, Avg: 0.0, Max: 0.0, Diff: 0.0, Sum: 0.0]
      [GC Worker Other (ms): Min: 0.0, Avg: 0.0, Max: 0.1, Diff: 0.0, Sum: 0.1]
      [GC Worker Total (ms): Min: 8.6, Avg: 8.6, Max: 8.7, Diff: 0.0, Sum: 17.3]
      [GC Worker End (ms): Min: 9865497.6, Avg: 9865497.6, Max: 9865497.6, Diff: 0.0]
   [Code Root Fixup: 0.2 ms]
   [Code Root Migration: 0.1 ms]
   [Clear CT: 0.8 ms]
   [Other: 2.4 ms]
      [Choose CSet: 0.0 ms]
      [Ref Proc: 0.7 ms]
      [Ref Enq: 0.0 ms]
      [Free CSet: 1.5 ms]
   [Eden: 3374.0M(3374.0M)->0.0B(3374.0M) Survivors: 4096.0K->4096.0K Heap: 4823.9M(5632.0M)->1450.1M(5632.0M)]
 [Times: user=0.02 sys=0.00, real=0.02 secs] 
2014-06-25T02:55:23.052+0000: 9865.501: Total time for which application threads were stopped: 0.0127917 seconds
2014-06-25T02:55:23.265+0000: 9865.715: Total time for which application threads were stopped: 0.0036017 seconds
2014-06-25T02:55:23.920+0000: 9866.369: Total time for which application threads were stopped: 0.0021371 seconds
2014-06-25T02:55:24.856+0000: 9867.305: Total time for which application threads were stopped: 0.0043490 seconds
2014-06-25T02:55:26.761+0000: 9869.210: Total time for which application threads were stopped: 0.0043889 seconds
2014-06-25T02:55:27.590+0000: 9870.039: Total time for which application threads were stopped: 0.0011573 seconds
2014-06-25T02:55:27.997+0000: 9870.446: Total time for which application threads were stopped: 0.0063895 seconds
2014-06-25T02:55:28.399+0000: 9870.848: Total time for which application threads were stopped: 0.0054682 seconds
2014-06-25T02:55:28.399+0000: 9870.848: Total time for which application threads were stopped: 0.0002638 seconds
2014-06-25T02:55:30.143+0000: 9872.592: [GC pause (G1 Evacuation Pause) (young)
Desired survivor size 222298112 bytes, new threshold 15 (max 15)
- age   1:    1089952 bytes,    1089952 total
- age   2:      81592 bytes,    1171544 total
- age   3:      25264 bytes,    1196808 total
- age   4:      39088 bytes,    1235896 total
- age   5:     179928 bytes,    1415824 total
- age   6:      48640 bytes,    1464464 total
- age   7:     127800 bytes,    1592264 total
- age   8:       9816 bytes,    1602080 total
- age   9:      18664 bytes,    1620744 total
- age  10:      36560 bytes,    1657304 total
- age  11:      46136 bytes,    1703440 total
- age  12:       4856 bytes,    1708296 total
- age  13:       4144 bytes,    1712440 total
- age  14:       6880 bytes,    1719320 total
- age  15:       4792 bytes,    1724112 total
, 0.0130040 secs]
   [Parallel Time: 9.6 ms, GC Workers: 2]
      [GC Worker Start (ms): Min: 9872592.4, Avg: 9872592.4, Max: 9872592.4, Diff: 0.0]
      [Ext Root Scanning (ms): Min: 1.1, Avg: 1.3, Max: 1.4, Diff: 0.3, Sum: 2.6]
      [Update RS (ms): Min: 1.4, Avg: 1.4, Max: 1.5, Diff: 0.1, Sum: 2.8]
         [Processed Buffers: Min: 19, Avg: 22.0, Max: 25, Diff: 6, Sum: 44]
      [Scan RS (ms): Min: 2.1, Avg: 2.1, Max: 2.2, Diff: 0.1, Sum: 4.3]
      [Code Root Scanning (ms): Min: 0.8, Avg: 0.8, Max: 0.9, Diff: 0.0, Sum: 1.7]
      [Object Copy (ms): Min: 3.7, Avg: 3.8, Max: 3.8, Diff: 0.1, Sum: 7.5]
      [Termination (ms): Min: 0.0, Avg: 0.0, Max: 0.0, Diff: 0.0, Sum: 0.0]
      [GC Worker Other (ms): Min: 0.0, Avg: 0.0, Max: 0.1, Diff: 0.0, Sum: 0.1]
      [GC Worker Total (ms): Min: 9.5, Avg: 9.5, Max: 9.5, Diff: 0.0, Sum: 19.0]
      [GC Worker End (ms): Min: 9872601.9, Avg: 9872601.9, Max: 9872601.9, Diff: 0.0]
   [Code Root Fixup: 0.2 ms]
   [Code Root Migration: 0.1 ms]
   [Clear CT: 0.8 ms]
   [Other: 2.4 ms]
      [Choose CSet: 0.0 ms]
      [Ref Proc: 0.6 ms]
      [Ref Enq: 0.0 ms]
      [Free CSet: 1.6 ms]
   [Eden: 3374.0M(3374.0M)->0.0B(3372.0M) Survivors: 4096.0K->6144.0K Heap: 4824.1M(5632.0M)->1451.8M(5632.0M)]
 [Times: user=0.02 sys=0.00, real=0.02 secs] 
2014-06-25T02:55:30.156+0000: 9872.606: Total time for which application threads were stopped: 0.0169930 seconds
2014-06-25T02:55:31.160+0000: 9873.609: Total time for which application threads were stopped: 0.0031417 seconds
2014-06-25T02:55:36.722+0000: 9879.171: [GC pause (G1 Evacuation Pause) (young)
Desired survivor size 222298112 bytes, new threshold 15 (max 15)
- age   1:    1087016 bytes,    1087016 total
- age   2:     532592 bytes,    1619608 total
- age   3:      80416 bytes,    1700024 total
- age   4:      23640 bytes,    1723664 total
- age   5:      38304 bytes,    1761968 total
- age   6:     178696 bytes,    1940664 total
- age   7:      48640 bytes,    1989304 total
- age   8:     127480 bytes,    2116784 total
- age   9:       9816 bytes,    2126600 total
- age  10:      18600 bytes,    2145200 total
- age  11:      36432 bytes,    2181632 total
- age  12:      46136 bytes,    2227768 total
- age  13:       4856 bytes,    2232624 total
- age  14:       4144 bytes,    2236768 total
- age  15:       6880 bytes,    2243648 total
, 0.0125294 secs]
   [Parallel Time: 9.4 ms, GC Workers: 2]
      [GC Worker Start (ms): Min: 9879170.9, Avg: 9879170.9, Max: 9879171.0, Diff: 0.0]
      [Ext Root Scanning (ms): Min: 1.1, Avg: 1.3, Max: 1.4, Diff: 0.3, Sum: 2.6]
      [Update RS (ms): Min: 1.1, Avg: 1.1, Max: 1.2, Diff: 0.1, Sum: 2.3]
         [Processed Buffers: Min: 14, Avg: 20.0, Max: 26, Diff: 12, Sum: 40]
      [Scan RS (ms): Min: 2.1, Avg: 2.2, Max: 2.2, Diff: 0.1, Sum: 4.3]
      [Code Root Scanning (ms): Min: 0.8, Avg: 0.8, Max: 0.9, Diff: 0.0, Sum: 1.7]
      [Object Copy (ms): Min: 3.8, Avg: 3.9, Max: 4.0, Diff: 0.2, Sum: 7.8]
      [Termination (ms): Min: 0.0, Avg: 0.0, Max: 0.0, Diff: 0.0, Sum: 0.0]
      [GC Worker Other (ms): Min: 0.0, Avg: 0.0, Max: 0.1, Diff: 0.0, Sum: 0.1]
      [GC Worker Total (ms): Min: 9.4, Avg: 9.4, Max: 9.4, Diff: 0.0, Sum: 18.7]
      [GC Worker End (ms): Min: 9879180.3, Avg: 9879180.3, Max: 9879180.3, Diff: 0.0]
   [Code Root Fixup: 0.2 ms]
   [Code Root Migration: 0.1 ms]
   [Clear CT: 0.8 ms]
   [Other: 2.0 ms]
      [Choose CSet: 0.0 ms]
      [Ref Proc: 0.2 ms]
      [Ref Enq: 0.0 ms]
      [Free CSet: 1.7 ms]
   [Eden: 3372.0M(3372.0M)->0.0B(3374.0M) Survivors: 6144.0K->4096.0K Heap: 4823.8M(5632.0M)->1450.9M(5632.0M)]
 [Times: user=0.02 sys=0.01, real=0.01 secs] 
2014-06-25T02:55:36.734+0000: 9879.184: Total time for which application threads were stopped: 0.0170903 seconds
2014-06-25T02:55:37.376+0000: 9879.825: Total time for which application threads were stopped: 0.0004997 seconds
2014-06-25T02:55:37.391+0000: 9879.840: Total time for which application threads were stopped: 0.0080673 seconds
2014-06-25T02:55:43.203+0000: 9885.653: [GC pause (G1 Evacuation Pause) (young)
Desired survivor size 222298112 bytes, new threshold 15 (max 15)
- age   1:     251136 bytes,     251136 total
- age   2:    1023528 bytes,    1274664 total
- age   3:     527360 bytes,    1802024 total
- age   4:      80192 bytes,    1882216 total
- age   5:      23640 bytes,    1905856 total
- age   6:      38304 bytes,    1944160 total
- age   7:     178696 bytes,    2122856 total
- age   8:      48640 bytes,    2171496 total
- age   9:     127480 bytes,    2298976 total
- age  10:       9816 bytes,    2308792 total
- age  11:      18600 bytes,    2327392 total
- age  12:      36432 bytes,    2363824 total
- age  13:      46136 bytes,    2409960 total
- age  14:       4856 bytes,    2414816 total
- age  15:       4144 bytes,    2418960 total
, 0.0127845 secs]
   [Parallel Time: 9.7 ms, GC Workers: 2]
      [GC Worker Start (ms): Min: 9885652.7, Avg: 9885652.8, Max: 9885652.8, Diff: 0.0]
      [Ext Root Scanning (ms): Min: 1.2, Avg: 1.3, Max: 1.4, Diff: 0.2, Sum: 2.6]
      [Update RS (ms): Min: 1.2, Avg: 1.2, Max: 1.2, Diff: 0.0, Sum: 2.4]
         [Processed Buffers: Min: 11, Avg: 22.5, Max: 34, Diff: 23, Sum: 45]
      [Scan RS (ms): Min: 2.1, Avg: 2.1, Max: 2.1, Diff: 0.1, Sum: 4.2]
      [Code Root Scanning (ms): Min: 0.8, Avg: 0.8, Max: 0.9, Diff: 0.0, Sum: 1.7]
      [Object Copy (ms): Min: 4.0, Avg: 4.1, Max: 4.2, Diff: 0.1, Sum: 8.2]
      [Termination (ms): Min: 0.0, Avg: 0.0, Max: 0.0, Diff: 0.0, Sum: 0.0]
      [GC Worker Other (ms): Min: 0.0, Avg: 0.0, Max: 0.1, Diff: 0.0, Sum: 0.1]
      [GC Worker Total (ms): Min: 9.6, Avg: 9.6, Max: 9.6, Diff: 0.0, Sum: 19.3]
      [GC Worker End (ms): Min: 9885662.4, Avg: 9885662.4, Max: 9885662.4, Diff: 0.0]
   [Code Root Fixup: 0.2 ms]
   [Code Root Migration: 0.1 ms]
   [Clear CT: 0.8 ms]
   [Other: 2.0 ms]
      [Choose CSet: 0.0 ms]
      [Ref Proc: 0.3 ms]
      [Ref Enq: 0.0 ms]
      [Free CSet: 1.6 ms]
   [Eden: 3374.0M(3374.0M)->0.0B(3372.0M) Survivors: 4096.0K->6144.0K Heap: 4824.9M(5632.0M)->1452.0M(5632.0M)]
 [Times: user=0.02 sys=0.00, real=0.01 secs] 
2014-06-25T02:55:43.216+0000: 9885.666: Total time for which application threads were stopped: 0.0134383 seconds
2014-06-25T02:55:49.240+0000: 9891.689: Total time for which application threads were stopped: 0.0043660 seconds
2014-06-25T02:55:49.432+0000: 9891.881: [GC pause (G1 Evacuation Pause) (young)
Desired survivor size 222298112 bytes, new threshold 15 (max 15)
- age   1:     347496 bytes,     347496 total
- age   2:     114008 bytes,     461504 total
- age   3:     868952 bytes,    1330456 total
- age   4:     518560 bytes,    1849016 total
- age   5:      78752 bytes,    1927768 total
- age   6:      23328 bytes,    1951096 total
- age   7:      38256 bytes,    1989352 total
- age   8:     177352 bytes,    2166704 total
- age   9:      48576 bytes,    2215280 total
- age  10:     124728 bytes,    2340008 total
- age  11:       9816 bytes,    2349824 total
- age  12:      18600 bytes,    2368424 total
- age  13:      36432 bytes,    2404856 total
- age  14:      41536 bytes,    2446392 total
- age  15:       4856 bytes,    2451248 total
, 0.0118874 secs]
   [Parallel Time: 8.8 ms, GC Workers: 2]
      [GC Worker Start (ms): Min: 9891880.9, Avg: 9891880.9, Max: 9891880.9, Diff: 0.0]
      [Ext Root Scanning (ms): Min: 1.1, Avg: 1.3, Max: 1.4, Diff: 0.3, Sum: 2.6]
      [Update RS (ms): Min: 1.2, Avg: 1.3, Max: 1.3, Diff: 0.1, Sum: 2.5]
         [Processed Buffers: Min: 19, Avg: 22.0, Max: 25, Diff: 6, Sum: 44]
      [Scan RS (ms): Min: 2.1, Avg: 2.2, Max: 2.2, Diff: 0.1, Sum: 4.3]
      [Code Root Scanning (ms): Min: 0.8, Avg: 0.8, Max: 0.9, Diff: 0.0, Sum: 1.7]
      [Object Copy (ms): Min: 3.0, Avg: 3.1, Max: 3.2, Diff: 0.2, Sum: 6.2]
      [Termination (ms): Min: 0.0, Avg: 0.0, Max: 0.0, Diff: 0.0, Sum: 0.0]
      [GC Worker Other (ms): Min: 0.0, Avg: 0.0, Max: 0.0, Diff: 0.0, Sum: 0.1]
      [GC Worker Total (ms): Min: 8.7, Avg: 8.7, Max: 8.7, Diff: 0.0, Sum: 17.4]
      [GC Worker End (ms): Min: 9891889.6, Avg: 9891889.6, Max: 9891889.6, Diff: 0.0]
   [Code Root Fixup: 0.2 ms]
   [Code Root Migration: 0.1 ms]
   [Clear CT: 0.8 ms]
   [Other: 2.0 ms]
      [Choose CSet: 0.0 ms]
      [Ref Proc: 0.2 ms]
      [Ref Enq: 0.0 ms]
      [Free CSet: 1.6 ms]
   [Eden: 3372.0M(3372.0M)->0.0B(3372.0M) Survivors: 6144.0K->6144.0K Heap: 4824.0M(5632.0M)->1451.7M(5632.0M)]
 [Times: user=0.02 sys=0.00, real=0.01 secs] 
2014-06-25T02:55:49.444+0000: 9891.893: Total time for which application threads were stopped: 0.0164679 seconds
2014-06-25T02:55:50.360+0000: 9892.809: Total time for which application threads were stopped: 0.0005027 seconds
2014-06-25T02:55:51.021+0000: 9893.470: Total time for which application threads were stopped: 0.0026488 seconds
2014-06-25T02:55:52.024+0000: 9894.473: Total time for which application threads were stopped: 0.0027166 seconds
2014-06-25T02:55:54.860+0000: 9897.309: Total time for which application threads were stopped: 0.0043770 seconds
2014-06-25T02:55:55.875+0000: 9898.324: [GC pause (G1 Evacuation Pause) (young)
Desired survivor size 222298112 bytes, new threshold 15 (max 15)
- age   1:     475368 bytes,     475368 total
- age   2:      74592 bytes,     549960 total
- age   3:      60880 bytes,     610840 total
- age   4:     403920 bytes,    1014760 total
- age   5:     361592 bytes,    1376352 total
- age   6:      56152 bytes,    1432504 total
- age   7:      21824 bytes,    1454328 total
- age   8:      37976 bytes,    1492304 total
- age   9:     128392 bytes,    1620696 total
- age  10:      36008 bytes,    1656704 total
- age  11:      47168 bytes,    1703872 total
- age  12:       9736 bytes,    1713608 total
- age  13:      18464 bytes,    1732072 total
- age  14:      36432 bytes,    1768504 total
- age  15:      37672 bytes,    1806176 total
, 0.0121771 secs]
   [Parallel Time: 9.1 ms, GC Workers: 2]
      [GC Worker Start (ms): Min: 9898324.6, Avg: 9898324.6, Max: 9898324.6, Diff: 0.0]
      [Ext Root Scanning (ms): Min: 1.1, Avg: 1.3, Max: 1.4, Diff: 0.3, Sum: 2.6]
      [Update RS (ms): Min: 1.3, Avg: 1.3, Max: 1.4, Diff: 0.1, Sum: 2.7]
         [Processed Buffers: Min: 13, Avg: 21.0, Max: 29, Diff: 16, Sum: 42]
      [Scan RS (ms): Min: 2.0, Avg: 2.0, Max: 2.1, Diff: 0.1, Sum: 4.1]
      [Code Root Scanning (ms): Min: 0.8, Avg: 0.8, Max: 0.9, Diff: 0.0, Sum: 1.7]
      [Object Copy (ms): Min: 3.3, Avg: 3.4, Max: 3.6, Diff: 0.2, Sum: 6.9]
      [Termination (ms): Min: 0.0, Avg: 0.0, Max: 0.0, Diff: 0.0, Sum: 0.0]
      [GC Worker Other (ms): Min: 0.0, Avg: 0.0, Max: 0.1, Diff: 0.0, Sum: 0.1]
      [GC Worker Total (ms): Min: 9.0, Avg: 9.0, Max: 9.0, Diff: 0.0, Sum: 18.0]
      [GC Worker End (ms): Min: 9898333.6, Avg: 9898333.6, Max: 9898333.6, Diff: 0.0]
   [Code Root Fixup: 0.2 ms]
   [Code Root Migration: 0.1 ms]
   [Clear CT: 0.8 ms]
   [Other: 2.1 ms]
      [Choose CSet: 0.0 ms]
      [Ref Proc: 0.4 ms]
      [Ref Enq: 0.0 ms]
      [Free CSet: 1.5 ms]
   [Eden: 3372.0M(3372.0M)->0.0B(3374.0M) Survivors: 6144.0K->4096.0K Heap: 4823.7M(5632.0M)->1450.0M(5632.0M)]
 [Times: user=0.02 sys=0.00, real=0.01 secs] 
2014-06-25T02:55:55.888+0000: 9898.337: Total time for which application threads were stopped: 0.0128036 seconds
2014-06-25T02:55:56.874+0000: 9899.323: Total time for which application threads were stopped: 0.0005245 seconds
2014-06-25T02:55:57.478+0000: 9899.928: Total time for which application threads were stopped: 0.0027398 seconds
2014-06-25T02:55:58.420+0000: 9900.869: Total time for which application threads were stopped: 0.0044412 seconds
2014-06-25T02:55:59.041+0000: 9901.490: Total time for which application threads were stopped: 0.0004391 seconds
2014-06-25T02:56:01.176+0000: 9903.625: Total time for which application threads were stopped: 0.0043913 seconds
2014-06-25T02:56:01.308+0000: 9903.757: Total time for which application threads were stopped: 0.0009702 seconds
2014-06-25T02:56:01.312+0000: 9903.761: Total time for which application threads were stopped: 0.0018049 seconds
2014-06-25T02:56:01.312+0000: 9903.761: Total time for which application threads were stopped: 0.0002341 seconds
2014-06-25T02:56:02.198+0000: 9904.647: Total time for which application threads were stopped: 0.0033909 seconds
2014-06-25T02:56:03.247+0000: 9905.696: [GC pause (G1 Evacuation Pause) (young)
Desired survivor size 222298112 bytes, new threshold 15 (max 15)
- age   1:     757808 bytes,     757808 total
- age   2:     141760 bytes,     899568 total
- age   3:      65752 bytes,     965320 total
- age   4:      34600 bytes,     999920 total
- age   5:     216208 bytes,    1216128 total
- age   6:     356376 bytes,    1572504 total
- age   7:      55432 bytes,    1627936 total
- age   8:      21824 bytes,    1649760 total
- age   9:      37784 bytes,    1687544 total
- age  10:     125160 bytes,    1812704 total
- age  11:      35624 bytes,    1848328 total
- age  12:      45584 bytes,    1893912 total
- age  13:       9736 bytes,    1903648 total
- age  14:      18464 bytes,    1922112 total
- age  15:      36432 bytes,    1958544 total
, 0.0129452 secs]
   [Parallel Time: 9.5 ms, GC Workers: 2]
      [GC Worker Start (ms): Min: 9905696.3, Avg: 9905696.3, Max: 9905696.3, Diff: 0.0]
      [Ext Root Scanning (ms): Min: 1.2, Avg: 1.3, Max: 1.5, Diff: 0.3, Sum: 2.6]
      [Update RS (ms): Min: 1.3, Avg: 1.4, Max: 1.4, Diff: 0.1, Sum: 2.7]
         [Processed Buffers: Min: 16, Avg: 23.0, Max: 30, Diff: 14, Sum: 46]
      [Scan RS (ms): Min: 2.1, Avg: 2.1, Max: 2.2, Diff: 0.1, Sum: 4.3]
      [Code Root Scanning (ms): Min: 0.8, Avg: 0.8, Max: 0.9, Diff: 0.0, Sum: 1.7]
      [Object Copy (ms): Min: 3.7, Avg: 3.7, Max: 3.8, Diff: 0.2, Sum: 7.5]
      [Termination (ms): Min: 0.0, Avg: 0.0, Max: 0.0, Diff: 0.0, Sum: 0.0]
      [GC Worker Other (ms): Min: 0.0, Avg: 0.1, Max: 0.1, Diff: 0.0, Sum: 0.1]
      [GC Worker Total (ms): Min: 9.4, Avg: 9.5, Max: 9.5, Diff: 0.0, Sum: 18.9]
      [GC Worker End (ms): Min: 9905705.7, Avg: 9905705.7, Max: 9905705.7, Diff: 0.0]
   [Code Root Fixup: 0.2 ms]
   [Code Root Migration: 0.1 ms]
   [Clear CT: 0.7 ms]
   [Other: 2.4 ms]
      [Choose CSet: 0.0 ms]
      [Ref Proc: 0.6 ms]
      [Ref Enq: 0.0 ms]
      [Free CSet: 1.6 ms]
   [Eden: 3374.0M(3374.0M)->0.0B(3372.0M) Survivors: 4096.0K->6144.0K Heap: 4824.0M(5632.0M)->1451.9M(5632.0M)]
 [Times: user=0.02 sys=0.00, real=0.02 secs] 
2014-06-25T02:56:03.260+0000: 9905.709: Total time for which application threads were stopped: 0.0175204 seconds
2014-06-25T02:56:08.264+0000: 9910.713: Total time for which application threads were stopped: 0.0028523 seconds
2014-06-25T02:56:09.900+0000: 9912.349: [GC pause (G1 Evacuation Pause) (young)
Desired survivor size 222298112 bytes, new threshold 15 (max 15)
- age   1:     836216 bytes,     836216 total
- age   2:     219640 bytes,    1055856 total
- age   3:     126456 bytes,    1182312 total
- age   4:      59960 bytes,    1242272 total
- age   5:      33176 bytes,    1275448 total
- age   6:     211712 bytes,    1487160 total
- age   7:     348904 bytes,    1836064 total
- age   8:      55432 bytes,    1891496 total
- age   9:      21760 bytes,    1913256 total
- age  10:      23920 bytes,    1937176 total
- age  11:     121512 bytes,    2058688 total
- age  12:      35592 bytes,    2094280 total
- age  13:      45416 bytes,    2139696 total
- age  14:       9736 bytes,    2149432 total
- age  15:      18464 bytes,    2167896 total
, 0.0298627 secs]
   [Parallel Time: 26.3 ms, GC Workers: 2]
      [GC Worker Start (ms): Min: 9912349.0, Avg: 9912349.0, Max: 9912349.0, Diff: 0.0]
      [Ext Root Scanning (ms): Min: 1.2, Avg: 1.3, Max: 1.5, Diff: 0.3, Sum: 2.7]
      [Update RS (ms): Min: 1.2, Avg: 1.3, Max: 1.3, Diff: 0.1, Sum: 2.6]
         [Processed Buffers: Min: 12, Avg: 20.0, Max: 28, Diff: 16, Sum: 40]
      [Scan RS (ms): Min: 2.2, Avg: 2.2, Max: 2.2, Diff: 0.0, Sum: 4.4]
      [Code Root Scanning (ms): Min: 0.8, Avg: 0.8, Max: 0.8, Diff: 0.0, Sum: 1.7]
      [Object Copy (ms): Min: 20.5, Avg: 20.5, Max: 20.6, Diff: 0.2, Sum: 41.1]
      [Termination (ms): Min: 0.0, Avg: 0.0, Max: 0.0, Diff: 0.0, Sum: 0.0]
      [GC Worker Other (ms): Min: 0.0, Avg: 0.1, Max: 0.1, Diff: 0.0, Sum: 0.1]
      [GC Worker Total (ms): Min: 26.3, Avg: 26.3, Max: 26.3, Diff: 0.0, Sum: 52.5]
      [GC Worker End (ms): Min: 9912375.2, Avg: 9912375.3, Max: 9912375.3, Diff: 0.0]
   [Code Root Fixup: 0.2 ms]
   [Code Root Migration: 0.2 ms]
   [Clear CT: 0.8 ms]
   [Other: 2.2 ms]
      [Choose CSet: 0.0 ms]
      [Ref Proc: 0.3 ms]
      [Ref Enq: 0.0 ms]
      [Free CSet: 1.8 ms]
   [Eden: 3372.0M(3372.0M)->0.0B(3366.0M) Survivors: 6144.0K->12.0M Heap: 4823.9M(5632.0M)->1457.7M(5632.0M)]
 [Times: user=0.06 sys=0.00, real=0.03 secs] 
2014-06-25T02:56:09.930+0000: 9912.379: Total time for which application threads were stopped: 0.0340264 seconds
2014-06-25T02:56:10.510+0000: 9912.959: Total time for which application threads were stopped: 0.0006040 seconds
2014-06-25T02:56:10.895+0000: 9913.345: Total time for which application threads were stopped: 0.0081609 seconds
2014-06-25T02:56:10.931+0000: 9913.380: Total time for which application threads were stopped: 0.0035391 seconds
2014-06-25T02:56:10.955+0000: 9913.405: Total time for which application threads were stopped: 0.0007387 seconds
2014-06-25T02:56:11.190+0000: 9913.639: Total time for which application threads were stopped: 0.0025496 seconds
2014-06-25T02:56:11.432+0000: 9913.881: Total time for which application threads were stopped: 0.0024284 seconds
2014-06-25T02:56:11.877+0000: 9914.326: Total time for which application threads were stopped: 0.0070101 seconds
2014-06-25T02:56:12.257+0000: 9914.706: Total time for which application threads were stopped: 0.0005632 seconds
2014-06-25T02:56:12.652+0000: 9915.101: Total time for which application threads were stopped: 0.0012781 seconds
2014-06-25T02:56:15.477+0000: 9917.926: Total time for which application threads were stopped: 0.0049696 seconds
2014-06-25T02:56:16.320+0000: 9918.769: Total time for which application threads were stopped: 0.0014831 seconds
2014-06-25T02:56:16.824+0000: 9919.273: [GC pause (G1 Evacuation Pause) (young)
Desired survivor size 222298112 bytes, new threshold 15 (max 15)
- age   1:    6986440 bytes,    6986440 total
- age   2:     698912 bytes,    7685352 total
- age   3:     192920 bytes,    7878272 total
- age   4:     126152 bytes,    8004424 total
- age   5:      59440 bytes,    8063864 total
- age   6:      33112 bytes,    8096976 total
- age   7:     209416 bytes,    8306392 total
- age   8:     348008 bytes,    8654400 total
- age   9:      55432 bytes,    8709832 total
- age  10:      21760 bytes,    8731592 total
- age  11:      23920 bytes,    8755512 total
- age  12:     121512 bytes,    8877024 total
- age  13:      35592 bytes,    8912616 total
- age  14:      45416 bytes,    8958032 total
- age  15:       9736 bytes,    8967768 total
, 0.0135193 secs]
   [Parallel Time: 10.0 ms, GC Workers: 2]
      [GC Worker Start (ms): Min: 9919273.5, Avg: 9919273.5, Max: 9919273.5, Diff: 0.0]
      [Ext Root Scanning (ms): Min: 1.2, Avg: 1.3, Max: 1.5, Diff: 0.3, Sum: 2.7]
      [Update RS (ms): Min: 1.4, Avg: 1.4, Max: 1.4, Diff: 0.1, Sum: 2.8]
         [Processed Buffers: Min: 10, Avg: 22.5, Max: 35, Diff: 25, Sum: 45]
      [Scan RS (ms): Min: 2.1, Avg: 2.1, Max: 2.1, Diff: 0.0, Sum: 4.2]
      [Code Root Scanning (ms): Min: 0.8, Avg: 0.8, Max: 0.8, Diff: 0.0, Sum: 1.7]
      [Object Copy (ms): Min: 4.1, Avg: 4.2, Max: 4.3, Diff: 0.2, Sum: 8.4]
      [Termination (ms): Min: 0.0, Avg: 0.0, Max: 0.0, Diff: 0.0, Sum: 0.0]
      [GC Worker Other (ms): Min: 0.0, Avg: 0.0, Max: 0.1, Diff: 0.0, Sum: 0.1]
      [GC Worker Total (ms): Min: 9.9, Avg: 9.9, Max: 10.0, Diff: 0.0, Sum: 19.9]
      [GC Worker End (ms): Min: 9919283.5, Avg: 9919283.5, Max: 9919283.5, Diff: 0.0]
   [Code Root Fixup: 0.2 ms]
   [Code Root Migration: 0.1 ms]
   [Clear CT: 0.8 ms]
   [Other: 2.4 ms]
      [Choose CSet: 0.0 ms]
      [Ref Proc: 0.7 ms]
      [Ref Enq: 0.0 ms]
      [Free CSet: 1.6 ms]
   [Eden: 3366.0M(3366.0M)->0.0B(3374.0M) Survivors: 12.0M->4096.0K Heap: 4823.7M(5632.0M)->1451.1M(5632.0M)]
 [Times: user=0.02 sys=0.00, real=0.01 secs] 
2014-06-25T02:56:16.838+0000: 9919.287: Total time for which application threads were stopped: 0.0141639 seconds
2014-06-25T02:56:21.152+0000: 9923.601: Total time for which application threads were stopped: 0.0044295 seconds
2014-06-25T02:56:22.154+0000: 9924.603: Total time for which application threads were stopped: 0.0014149 seconds
2014-06-25T02:56:23.236+0000: 9925.685: Total time for which application threads were stopped: 0.0044146 seconds
2014-06-25T02:56:23.596+0000: 9926.045: [GC pause (G1 Evacuation Pause) (young)
Desired survivor size 222298112 bytes, new threshold 15 (max 15)
- age   1:     888912 bytes,     888912 total
- age   2:     186248 bytes,    1075160 total
- age   3:     156384 bytes,    1231544 total
- age   4:     136272 bytes,    1367816 total
- age   5:      97792 bytes,    1465608 total
- age   6:      34336 bytes,    1499944 total
- age   7:      15272 bytes,    1515216 total
- age   8:     176256 bytes,    1691472 total
- age   9:     246048 bytes,    1937520 total
- age  10:      23648 bytes,    1961168 total
- age  11:      21760 bytes,    1982928 total
- age  12:      23880 bytes,    2006808 total
- age  13:     117032 bytes,    2123840 total
- age  14:      35592 bytes,    2159432 total
- age  15:      44144 bytes,    2203576 total
, 0.0131192 secs]
   [Parallel Time: 10.0 ms, GC Workers: 2]
      [GC Worker Start (ms): Min: 9926044.9, Avg: 9926045.0, Max: 9926045.0, Diff: 0.0]
      [Ext Root Scanning (ms): Min: 1.1, Avg: 1.3, Max: 1.4, Diff: 0.3, Sum: 2.6]
      [Update RS (ms): Min: 1.2, Avg: 1.3, Max: 1.3, Diff: 0.1, Sum: 2.5]
         [Processed Buffers: Min: 21, Avg: 21.5, Max: 22, Diff: 1, Sum: 43]
      [Scan RS (ms): Min: 2.1, Avg: 2.1, Max: 2.2, Diff: 0.1, Sum: 4.3]
      [Code Root Scanning (ms): Min: 0.8, Avg: 0.8, Max: 0.9, Diff: 0.0, Sum: 1.7]
      [Object Copy (ms): Min: 4.2, Avg: 4.3, Max: 4.4, Diff: 0.2, Sum: 8.6]
      [Termination (ms): Min: 0.0, Avg: 0.0, Max: 0.0, Diff: 0.0, Sum: 0.0]
      [GC Worker Other (ms): Min: 0.0, Avg: 0.1, Max: 0.1, Diff: 0.0, Sum: 0.1]
      [GC Worker Total (ms): Min: 9.9, Avg: 9.9, Max: 9.9, Diff: 0.0, Sum: 19.8]
      [GC Worker End (ms): Min: 9926054.8, Avg: 9926054.8, Max: 9926054.8, Diff: 0.0]
   [Code Root Fixup: 0.2 ms]
   [Code Root Migration: 0.1 ms]
   [Clear CT: 0.8 ms]
   [Other: 2.1 ms]
      [Choose CSet: 0.0 ms]
      [Ref Proc: 0.3 ms]
      [Ref Enq: 0.0 ms]
      [Free CSet: 1.6 ms]
   [Eden: 3374.0M(3374.0M)->0.0B(3372.0M) Survivors: 4096.0K->6144.0K Heap: 4825.1M(5632.0M)->1452.2M(5632.0M)]
 [Times: user=0.02 sys=0.01, real=0.02 secs] 
2014-06-25T02:56:23.609+0000: 9926.058: Total time for which application threads were stopped: 0.0161078 seconds
2014-06-25T02:56:29.760+0000: 9932.209: [GC pause (G1 Evacuation Pause) (young)
Desired survivor size 222298112 bytes, new threshold 15 (max 15)
- age   1:     656152 bytes,     656152 total
- age   2:     554216 bytes,    1210368 total
- age   3:     181376 bytes,    1391744 total
- age   4:     149440 bytes,    1541184 total
- age   5:     134760 bytes,    1675944 total
- age   6:      97408 bytes,    1773352 total
- age   7:      33784 bytes,    1807136 total
- age   8:      15080 bytes,    1822216 total
- age   9:     175744 bytes,    1997960 total
- age  10:     244704 bytes,    2242664 total
- age  11:      23520 bytes,    2266184 total
- age  12:      21760 bytes,    2287944 total
- age  13:      23880 bytes,    2311824 total
- age  14:     117032 bytes,    2428856 total
- age  15:      35592 bytes,    2464448 total
, 0.0127032 secs]
   [Parallel Time: 9.3 ms, GC Workers: 2]
      [GC Worker Start (ms): Min: 9932208.8, Avg: 9932208.8, Max: 9932208.8, Diff: 0.0]
      [Ext Root Scanning (ms): Min: 1.2, Avg: 1.3, Max: 1.4, Diff: 0.3, Sum: 2.6]
      [Update RS (ms): Min: 1.3, Avg: 1.4, Max: 1.4, Diff: 0.1, Sum: 2.7]
         [Processed Buffers: Min: 19, Avg: 21.5, Max: 24, Diff: 5, Sum: 43]
      [Scan RS (ms): Min: 2.1, Avg: 2.2, Max: 2.2, Diff: 0.1, Sum: 4.3]
      [Code Root Scanning (ms): Min: 0.8, Avg: 0.9, Max: 0.9, Diff: 0.0, Sum: 1.7]
      [Object Copy (ms): Min: 3.4, Avg: 3.5, Max: 3.6, Diff: 0.1, Sum: 7.0]
      [Termination (ms): Min: 0.0, Avg: 0.0, Max: 0.0, Diff: 0.0, Sum: 0.0]
      [GC Worker Other (ms): Min: 0.0, Avg: 0.1, Max: 0.1, Diff: 0.0, Sum: 0.1]
      [GC Worker Total (ms): Min: 9.2, Avg: 9.2, Max: 9.2, Diff: 0.0, Sum: 18.4]
      [GC Worker End (ms): Min: 9932218.0, Avg: 9932218.0, Max: 9932218.0, Diff: 0.0]
   [Code Root Fixup: 0.2 ms]
   [Code Root Migration: 0.2 ms]
   [Clear CT: 0.8 ms]
   [Other: 2.2 ms]
      [Choose CSet: 0.0 ms]
      [Ref Proc: 0.3 ms]
      [Ref Enq: 0.0 ms]
      [Free CSet: 1.8 ms]
   [Eden: 3372.0M(3372.0M)->0.0B(3372.0M) Survivors: 6144.0K->6144.0K Heap: 4824.2M(5632.0M)->1452.0M(5632.0M)]
 [Times: user=0.02 sys=0.01, real=0.01 secs] 
2014-06-25T02:56:29.772+0000: 9932.222: Total time for which application threads were stopped: 0.0134102 seconds
2014-06-25T02:56:30.648+0000: 9933.097: Total time for which application threads were stopped: 0.0043883 seconds
2014-06-25T02:56:34.475+0000: 9936.924: Total time for which application threads were stopped: 0.0013102 seconds
2014-06-25T02:56:34.805+0000: 9937.254: Total time for which application threads were stopped: 0.0005986 seconds
2014-06-25T02:56:35.353+0000: 9937.802: Total time for which application threads were stopped: 0.0084585 seconds
2014-06-25T02:56:36.453+0000: 9938.902: [GC pause (G1 Evacuation Pause) (young)
Desired survivor size 222298112 bytes, new threshold 15 (max 15)
- age   1:     453760 bytes,     453760 total
- age   2:     254880 bytes,     708640 total
- age   3:     211352 bytes,     919992 total
- age   4:     142432 bytes,    1062424 total
- age   5:     148352 bytes,    1210776 total
- age   6:      94968 bytes,    1305744 total
- age   7:      80896 bytes,    1386640 total
- age   8:      23080 bytes,    1409720 total
- age   9:      15080 bytes,    1424800 total
- age  10:     155104 bytes,    1579904 total
- age  11:     212968 bytes,    1792872 total
- age  12:      23520 bytes,    1816392 total
- age  13:      21760 bytes,    1838152 total
- age  14:      23880 bytes,    1862032 total
- age  15:     117032 bytes,    1979064 total
, 0.0134880 secs]
   [Parallel Time: 10.0 ms, GC Workers: 2]
      [GC Worker Start (ms): Min: 9938902.0, Avg: 9938902.0, Max: 9938902.1, Diff: 0.0]
      [Ext Root Scanning (ms): Min: 1.1, Avg: 1.3, Max: 1.4, Diff: 0.3, Sum: 2.6]
      [Update RS (ms): Min: 1.3, Avg: 1.4, Max: 1.4, Diff: 0.1, Sum: 2.8]
         [Processed Buffers: Min: 18, Avg: 22.0, Max: 26, Diff: 8, Sum: 44]
      [Scan RS (ms): Min: 2.1, Avg: 2.1, Max: 2.2, Diff: 0.1, Sum: 4.3]
      [Code Root Scanning (ms): Min: 0.8, Avg: 0.8, Max: 0.8, Diff: 0.0, Sum: 1.7]
      [Object Copy (ms): Min: 4.2, Avg: 4.2, Max: 4.3, Diff: 0.2, Sum: 8.5]
      [Termination (ms): Min: 0.0, Avg: 0.0, Max: 0.0, Diff: 0.0, Sum: 0.0]
      [GC Worker Other (ms): Min: 0.0, Avg: 0.0, Max: 0.1, Diff: 0.0, Sum: 0.1]
      [GC Worker Total (ms): Min: 9.9, Avg: 9.9, Max: 9.9, Diff: 0.0, Sum: 19.9]
      [GC Worker End (ms): Min: 9938912.0, Avg: 9938912.0, Max: 9938912.0, Diff: 0.0]
   [Code Root Fixup: 0.2 ms]
   [Code Root Migration: 0.1 ms]
   [Clear CT: 0.8 ms]
   [Other: 2.4 ms]
      [Choose CSet: 0.0 ms]
      [Ref Proc: 0.5 ms]
      [Ref Enq: 0.0 ms]
      [Free CSet: 1.7 ms]
   [Eden: 3372.0M(3372.0M)->0.0B(3374.0M) Survivors: 6144.0K->4096.0K Heap: 4824.0M(5632.0M)->1451.0M(5632.0M)]
 [Times: user=0.03 sys=0.00, real=0.01 secs] 
2014-06-25T02:56:36.466+0000: 9938.916: Total time for which application threads were stopped: 0.0141521 seconds
2014-06-25T02:56:39.470+0000: 9941.919: Total time for which application threads were stopped: 0.0029777 seconds
2014-06-25T02:56:42.472+0000: 9944.921: Total time for which application threads were stopped: 0.0013088 seconds
2014-06-25T02:56:42.684+0000: 9945.133: [GC pause (G1 Evacuation Pause) (young)
Desired survivor size 222298112 bytes, new threshold 15 (max 15)
- age   1:    1064312 bytes,    1064312 total
- age   2:     133368 bytes,    1197680 total
- age   3:      87736 bytes,    1285416 total
- age   4:     194744 bytes,    1480160 total
- age   5:     140536 bytes,    1620696 total
- age   6:     146480 bytes,    1767176 total
- age   7:      94128 bytes,    1861304 total
- age   8:      80768 bytes,    1942072 total
- age   9:      23016 bytes,    1965088 total
- age  10:      15080 bytes,    1980168 total
- age  11:     152904 bytes,    2133072 total
- age  12:     212584 bytes,    2345656 total
- age  13:      23520 bytes,    2369176 total
- age  14:      21760 bytes,    2390936 total
- age  15:      23880 bytes,    2414816 total
, 0.0132702 secs]
   [Parallel Time: 9.9 ms, GC Workers: 2]
      [GC Worker Start (ms): Min: 9945133.0, Avg: 9945133.0, Max: 9945133.0, Diff: 0.0]
      [Ext Root Scanning (ms): Min: 1.2, Avg: 1.3, Max: 1.4, Diff: 0.3, Sum: 2.6]
      [Update RS (ms): Min: 1.3, Avg: 1.4, Max: 1.4, Diff: 0.1, Sum: 2.7]
         [Processed Buffers: Min: 15, Avg: 21.5, Max: 28, Diff: 13, Sum: 43]
      [Scan RS (ms): Min: 2.1, Avg: 2.2, Max: 2.2, Diff: 0.1, Sum: 4.3]
      [Code Root Scanning (ms): Min: 0.8, Avg: 0.8, Max: 0.9, Diff: 0.0, Sum: 1.7]
      [Object Copy (ms): Min: 4.0, Avg: 4.1, Max: 4.3, Diff: 0.2, Sum: 8.3]
      [Termination (ms): Min: 0.0, Avg: 0.0, Max: 0.0, Diff: 0.0, Sum: 0.0]
      [GC Worker Other (ms): Min: 0.0, Avg: 0.0, Max: 0.1, Diff: 0.0, Sum: 0.1]
      [GC Worker Total (ms): Min: 9.9, Avg: 9.9, Max: 9.9, Diff: 0.0, Sum: 19.7]
      [GC Worker End (ms): Min: 9945142.8, Avg: 9945142.8, Max: 9945142.8, Diff: 0.0]
   [Code Root Fixup: 0.2 ms]
   [Code Root Migration: 0.2 ms]
   [Clear CT: 0.8 ms]
   [Other: 2.2 ms]
      [Choose CSet: 0.0 ms]
      [Ref Proc: 0.2 ms]
      [Ref Enq: 0.0 ms]
      [Free CSet: 1.8 ms]
   [Eden: 3374.0M(3374.0M)->0.0B(3372.0M) Survivors: 4096.0K->6144.0K Heap: 4825.0M(5632.0M)->1452.4M(5632.0M)]
 [Times: user=0.03 sys=0.00, real=0.02 secs] 
2014-06-25T02:56:42.697+0000: 9945.146: Total time for which application threads were stopped: 0.0167859 seconds
2014-06-25T02:56:45.092+0000: 9947.541: Total time for which application threads were stopped: 0.0041883 seconds
2014-06-25T02:56:45.100+0000: 9947.549: Total time for which application threads were stopped: 0.0022560 seconds
2014-06-25T02:56:45.952+0000: 9948.401: Total time for which application threads were stopped: 0.0004373 seconds
2014-06-25T02:56:48.131+0000: 9950.580: Total time for which application threads were stopped: 0.0040891 seconds
2014-06-25T02:56:48.942+0000: 9951.391: Total time for which application threads were stopped: 0.0005309 seconds
2014-06-25T02:56:49.284+0000: 9951.733: [GC pause (G1 Evacuation Pause) (young)
Desired survivor size 222298112 bytes, new threshold 15 (max 15)
- age   1:     236792 bytes,     236792 total
- age   2:     974376 bytes,    1211168 total
- age   3:     111728 bytes,    1322896 total
- age   4:      87008 bytes,    1409904 total
- age   5:     194680 bytes,    1604584 total
- age   6:     140200 bytes,    1744784 total
- age   7:     146480 bytes,    1891264 total
- age   8:      93936 bytes,    1985200 total
- age   9:      80704 bytes,    2065904 total
- age  10:      23016 bytes,    2088920 total
- age  11:      14888 bytes,    2103808 total
- age  12:     151896 bytes,    2255704 total
- age  13:     211904 bytes,    2467608 total
- age  14:      23520 bytes,    2491128 total
- age  15:      21760 bytes,    2512888 total
, 0.0200583 secs]
   [Parallel Time: 16.8 ms, GC Workers: 2]
      [GC Worker Start (ms): Min: 9951733.0, Avg: 9951736.7, Max: 9951740.5, Diff: 7.5]
      [Ext Root Scanning (ms): Min: 0.0, Avg: 1.2, Max: 2.5, Diff: 2.5, Sum: 2.5]
      [Update RS (ms): Min: 0.0, Avg: 1.0, Max: 2.0, Diff: 2.0, Sum: 2.0]
         [Processed Buffers: Min: 0, Avg: 22.0, Max: 44, Diff: 44, Sum: 44]
      [Scan RS (ms): Min: 1.3, Avg: 5.6, Max: 9.9, Diff: 8.6, Sum: 11.2]
      [Code Root Scanning (ms): Min: 0.5, Avg: 0.7, Max: 0.8, Diff: 0.3, Sum: 1.3]
      [Object Copy (ms): Min: 1.4, Avg: 4.4, Max: 7.4, Diff: 6.0, Sum: 8.7]
      [Termination (ms): Min: 0.0, Avg: 0.1, Max: 0.1, Diff: 0.1, Sum: 0.1]
      [GC Worker Other (ms): Min: 0.0, Avg: 0.0, Max: 0.0, Diff: 0.0, Sum: 0.0]
      [GC Worker Total (ms): Min: 9.2, Avg: 13.0, Max: 16.7, Diff: 7.5, Sum: 25.9]
      [GC Worker End (ms): Min: 9951749.7, Avg: 9951749.7, Max: 9951749.7, Diff: 0.0]
   [Code Root Fixup: 0.2 ms]
   [Code Root Migration: 0.1 ms]
   [Clear CT: 0.8 ms]
   [Other: 2.2 ms]
      [Choose CSet: 0.0 ms]
      [Ref Proc: 0.4 ms]
      [Ref Enq: 0.0 ms]
      [Free CSet: 1.6 ms]
   [Eden: 3372.0M(3372.0M)->0.0B(3372.0M) Survivors: 6144.0K->6144.0K Heap: 4824.4M(5632.0M)->1452.9M(5632.0M)]
 [Times: user=0.02 sys=0.00, real=0.02 secs] 
2014-06-25T02:56:49.304+0000: 9951.753: Total time for which application threads were stopped: 0.0206364 seconds
2014-06-25T02:56:49.348+0000: 9951.797: Total time for which application threads were stopped: 0.0037879 seconds
2014-06-25T02:56:49.577+0000: 9952.026: Total time for which application threads were stopped: 0.0005060 seconds
2014-06-25T02:56:53.236+0000: 9955.685: Total time for which application threads were stopped: 0.0063921 seconds
2014-06-25T02:56:54.264+0000: 9956.713: Total time for which application threads were stopped: 0.0041908 seconds
2014-06-25T02:56:54.960+0000: 9957.409: Total time for which application threads were stopped: 0.0061820 seconds
2014-06-25T02:56:55.885+0000: 9958.334: [GC pause (G1 Evacuation Pause) (young)
Desired survivor size 222298112 bytes, new threshold 15 (max 15)
- age   1:    1784096 bytes,    1784096 total
- age   2:     106568 bytes,    1890664 total
- age   3:     301336 bytes,    2192000 total
- age   4:     108744 bytes,    2300744 total
- age   5:      85760 bytes,    2386504 total
- age   6:     192192 bytes,    2578696 total
- age   7:     137576 bytes,    2716272 total
- age   8:     146224 bytes,    2862496 total
- age   9:      91120 bytes,    2953616 total
- age  10:      79392 bytes,    3033008 total
- age  11:      17592 bytes,    3050600 total
- age  12:      14888 bytes,    3065488 total
- age  13:     150664 bytes,    3216152 total
- age  14:     208208 bytes,    3424360 total
- age  15:      22288 bytes,    3446648 total
, 0.0126388 secs]
   [Parallel Time: 9.2 ms, GC Workers: 2]
      [GC Worker Start (ms): Min: 9958334.4, Avg: 9958334.5, Max: 9958334.5, Diff: 0.0]
      [Ext Root Scanning (ms): Min: 1.2, Avg: 1.3, Max: 1.4, Diff: 0.3, Sum: 2.6]
      [Update RS (ms): Min: 1.4, Avg: 1.5, Max: 1.5, Diff: 0.1, Sum: 2.9]
         [Processed Buffers: Min: 18, Avg: 21.5, Max: 25, Diff: 7, Sum: 43]
      [Scan RS (ms): Min: 2.1, Avg: 2.1, Max: 2.2, Diff: 0.1, Sum: 4.3]
      [Code Root Scanning (ms): Min: 0.8, Avg: 0.9, Max: 0.9, Diff: 0.0, Sum: 1.7]
      [Object Copy (ms): Min: 3.2, Avg: 3.3, Max: 3.4, Diff: 0.2, Sum: 6.6]
      [Termination (ms): Min: 0.0, Avg: 0.0, Max: 0.0, Diff: 0.0, Sum: 0.0]
      [GC Worker Other (ms): Min: 0.0, Avg: 0.1, Max: 0.1, Diff: 0.0, Sum: 0.1]
      [GC Worker Total (ms): Min: 9.1, Avg: 9.1, Max: 9.1, Diff: 0.0, Sum: 18.2]
      [GC Worker End (ms): Min: 9958343.5, Avg: 9958343.6, Max: 9958343.6, Diff: 0.0]
   [Code Root Fixup: 0.2 ms]
   [Code Root Migration: 0.1 ms]
   [Clear CT: 0.8 ms]
   [Other: 2.4 ms]
      [Choose CSet: 0.0 ms]
      [Ref Proc: 0.5 ms]
      [Ref Enq: 0.0 ms]
      [Free CSet: 1.7 ms]
   [Eden: 3372.0M(3372.0M)->0.0B(3374.0M) Survivors: 6144.0K->4096.0K Heap: 4824.9M(5632.0M)->1450.5M(5632.0M)]
 [Times: user=0.02 sys=0.00, real=0.02 secs] 
2014-06-25T02:56:55.898+0000: 9958.347: Total time for which application threads were stopped: 0.0132951 seconds
2014-06-25T02:56:57.485+0000: 9959.934: Total time for which application threads were stopped: 0.0005106 seconds
2014-06-25T02:56:58.247+0000: 9960.697: Total time for which application threads were stopped: 0.0013127 seconds
2014-06-25T02:56:58.672+0000: 9961.121: Total time for which application threads were stopped: 0.0013557 seconds
2014-06-25T02:56:58.872+0000: 9961.321: Total time for which application threads were stopped: 0.0033093 seconds
2014-06-25T02:57:00.876+0000: 9963.325: Total time for which application threads were stopped: 0.0043573 seconds
2014-06-25T02:57:01.306+0000: 9963.755: Total time for which application threads were stopped: 0.0083366 seconds
2014-06-25T02:57:01.855+0000: 9964.304: Total time for which application threads were stopped: 0.0005190 seconds
2014-06-25T02:57:02.260+0000: 9964.709: Total time for which application threads were stopped: 0.0044068 seconds
2014-06-25T02:57:02.304+0000: 9964.753: Total time for which application threads were stopped: 0.0037121 seconds
2014-06-25T02:57:02.304+0000: 9964.753: Total time for which application threads were stopped: 0.0002322 seconds
2014-06-25T02:57:03.039+0000: 9965.488: [GC pause (G1 Evacuation Pause) (young)
Desired survivor size 222298112 bytes, new threshold 15 (max 15)
- age   1:     701288 bytes,     701288 total
- age   2:     111136 bytes,     812424 total
- age   3:      75552 bytes,     887976 total
- age   4:     173904 bytes,    1061880 total
- age   5:      61344 bytes,    1123224 total
- age   6:      63696 bytes,    1186920 total
- age   7:     109688 bytes,    1296608 total
- age   8:      90280 bytes,    1386888 total
- age   9:      80904 bytes,    1467792 total
- age  10:      40824 bytes,    1508616 total
- age  11:      16632 bytes,    1525248 total
- age  12:       8912 bytes,    1534160 total
- age  13:      14888 bytes,    1549048 total
- age  14:     125752 bytes,    1674800 total
- age  15:     182312 bytes,    1857112 total
, 0.0137545 secs]
   [Parallel Time: 10.0 ms, GC Workers: 2]
      [GC Worker Start (ms): Min: 9965488.2, Avg: 9965488.2, Max: 9965488.2, Diff: 0.0]
      [Ext Root Scanning (ms): Min: 1.2, Avg: 1.3, Max: 1.4, Diff: 0.3, Sum: 2.6]
      [Update RS (ms): Min: 1.4, Avg: 1.5, Max: 1.5, Diff: 0.1, Sum: 2.9]
         [Processed Buffers: Min: 13, Avg: 21.5, Max: 30, Diff: 17, Sum: 43]
      [Scan RS (ms): Min: 2.1, Avg: 2.1, Max: 2.1, Diff: 0.1, Sum: 4.2]
      [Code Root Scanning (ms): Min: 0.8, Avg: 0.8, Max: 0.8, Diff: 0.0, Sum: 1.7]
      [Object Copy (ms): Min: 4.1, Avg: 4.2, Max: 4.3, Diff: 0.2, Sum: 8.4]
      [Termination (ms): Min: 0.0, Avg: 0.0, Max: 0.0, Diff: 0.0, Sum: 0.0]
      [GC Worker Other (ms): Min: 0.0, Avg: 0.0, Max: 0.1, Diff: 0.0, Sum: 0.1]
      [GC Worker Total (ms): Min: 9.9, Avg: 9.9, Max: 10.0, Diff: 0.0, Sum: 19.9]
      [GC Worker End (ms): Min: 9965498.1, Avg: 9965498.1, Max: 9965498.1, Diff: 0.0]
   [Code Root Fixup: 0.2 ms]
   [Code Root Migration: 0.2 ms]
   [Clear CT: 0.9 ms]
   [Other: 2.5 ms]
      [Choose CSet: 0.0 ms]
      [Ref Proc: 0.7 ms]
      [Ref Enq: 0.0 ms]
      [Free CSet: 1.7 ms]
   [Eden: 3374.0M(3374.0M)->0.0B(3372.0M) Survivors: 4096.0K->6144.0K Heap: 4824.5M(5632.0M)->1452.7M(5632.0M)]
 [Times: user=0.03 sys=0.00, real=0.01 secs] 
2014-06-25T02:57:03.053+0000: 9965.502: Total time for which application threads were stopped: 0.0183157 seconds
2014-06-25T02:57:09.498+0000: 9971.947: [GC pause (G1 Evacuation Pause) (young)
Desired survivor size 222298112 bytes, new threshold 15 (max 15)
- age   1:    1084672 bytes,    1084672 total
- age   2:     262952 bytes,    1347624 total
- age   3:      93160 bytes,    1440784 total
- age   4:      73040 bytes,    1513824 total
- age   5:     164456 bytes,    1678280 total
- age   6:      60168 bytes,    1738448 total
- age   7:      56112 bytes,    1794560 total
- age   8:     107008 bytes,    1901568 total
- age   9:      88504 bytes,    1990072 total
- age  10:      65888 bytes,    2055960 total
- age  11:      36856 bytes,    2092816 total
- age  12:      15440 bytes,    2108256 total
- age  13:       8232 bytes,    2116488 total
- age  14:      14888 bytes,    2131376 total
- age  15:     124752 bytes,    2256128 total
, 0.0126206 secs]
   [Parallel Time: 9.7 ms, GC Workers: 2]
      [GC Worker Start (ms): Min: 9971946.8, Avg: 9971946.9, Max: 9971946.9, Diff: 0.0]
      [Ext Root Scanning (ms): Min: 1.2, Avg: 1.3, Max: 1.4, Diff: 0.3, Sum: 2.6]
      [Update RS (ms): Min: 1.3, Avg: 1.4, Max: 1.4, Diff: 0.1, Sum: 2.8]
         [Processed Buffers: Min: 2, Avg: 20.5, Max: 39, Diff: 37, Sum: 41]
      [Scan RS (ms): Min: 2.1, Avg: 2.1, Max: 2.2, Diff: 0.1, Sum: 4.3]
      [Code Root Scanning (ms): Min: 0.8, Avg: 0.8, Max: 0.9, Diff: 0.0, Sum: 1.7]
      [Object Copy (ms): Min: 3.9, Avg: 3.9, Max: 4.0, Diff: 0.2, Sum: 7.9]
      [Termination (ms): Min: 0.0, Avg: 0.0, Max: 0.1, Diff: 0.0, Sum: 0.1]
      [GC Worker Other (ms): Min: 0.0, Avg: 0.0, Max: 0.0, Diff: 0.0, Sum: 0.1]
      [GC Worker Total (ms): Min: 9.7, Avg: 9.7, Max: 9.7, Diff: 0.0, Sum: 19.3]
      [GC Worker End (ms): Min: 9971956.5, Avg: 9971956.5, Max: 9971956.5, Diff: 0.0]
   [Code Root Fixup: 0.2 ms]
   [Code Root Migration: 0.1 ms]
   [Clear CT: 0.8 ms]
   [Other: 1.8 ms]
      [Choose CSet: 0.0 ms]
      [Ref Proc: 0.2 ms]
      [Ref Enq: 0.0 ms]
      [Free CSet: 1.5 ms]
   [Eden: 3372.0M(3372.0M)->0.0B(3372.0M) Survivors: 6144.0K->6144.0K Heap: 4824.7M(5632.0M)->1452.6M(5632.0M)]
 [Times: user=0.01 sys=0.01, real=0.01 secs] 
2014-06-25T02:57:09.510+0000: 9971.960: Total time for which application threads were stopped: 0.0131967 seconds
2014-06-25T02:57:11.392+0000: 9973.841: Total time for which application threads were stopped: 0.0052331 seconds
2014-06-25T02:57:15.919+0000: 9978.368: [GC pause (G1 Evacuation Pause) (young)
Desired survivor size 222298112 bytes, new threshold 15 (max 15)
- age   1:     190968 bytes,     190968 total
- age   2:    1013816 bytes,    1204784 total
- age   3:     260720 bytes,    1465504 total
- age   4:      89760 bytes,    1555264 total
- age   5:      72632 bytes,    1627896 total
- age   6:     164184 bytes,    1792080 total
- age   7:      60064 bytes,    1852144 total
- age   8:      55936 bytes,    1908080 total
- age   9:     100648 bytes,    2008728 total
- age  10:      88504 bytes,    2097232 total
- age  11:      65888 bytes,    2163120 total
- age  12:      36856 bytes,    2199976 total
- age  13:      15304 bytes,    2215280 total
- age  14:       8232 bytes,    2223512 total
- age  15:      14888 bytes,    2238400 total
, 0.0155162 secs]
   [Parallel Time: 12.4 ms, GC Workers: 2]
      [GC Worker Start (ms): Min: 9978368.4, Avg: 9978368.4, Max: 9978368.4, Diff: 0.0]
      [Ext Root Scanning (ms): Min: 1.2, Avg: 1.3, Max: 1.5, Diff: 0.3, Sum: 2.7]
      [Update RS (ms): Min: 1.2, Avg: 1.3, Max: 1.4, Diff: 0.2, Sum: 2.6]
         [Processed Buffers: Min: 2, Avg: 19.0, Max: 36, Diff: 34, Sum: 38]
      [Scan RS (ms): Min: 2.2, Avg: 2.2, Max: 2.2, Diff: 0.0, Sum: 4.4]
      [Code Root Scanning (ms): Min: 0.8, Avg: 0.8, Max: 0.9, Diff: 0.1, Sum: 1.7]
      [Object Copy (ms): Min: 6.6, Avg: 6.7, Max: 6.7, Diff: 0.2, Sum: 13.3]
      [Termination (ms): Min: 0.0, Avg: 0.0, Max: 0.0, Diff: 0.0, Sum: 0.0]
      [GC Worker Other (ms): Min: 0.0, Avg: 0.0, Max: 0.1, Diff: 0.0, Sum: 0.1]
      [GC Worker Total (ms): Min: 12.3, Avg: 12.4, Max: 12.4, Diff: 0.0, Sum: 24.7]
      [GC Worker End (ms): Min: 9978380.8, Avg: 9978380.8, Max: 9978380.8, Diff: 0.0]
   [Code Root Fixup: 0.2 ms]
   [Code Root Migration: 0.1 ms]
   [Clear CT: 0.8 ms]
   [Other: 2.0 ms]
      [Choose CSet: 0.0 ms]
      [Ref Proc: 0.2 ms]
      [Ref Enq: 0.0 ms]
      [Free CSet: 1.6 ms]
   [Eden: 3372.0M(3372.0M)->0.0B(3372.0M) Survivors: 6144.0K->6144.0K Heap: 4824.6M(5632.0M)->1453.1M(5632.0M)]
 [Times: user=0.03 sys=0.00, real=0.01 secs] 
2014-06-25T02:57:15.935+0000: 9978.384: Total time for which application threads were stopped: 0.0162202 seconds
2014-06-25T02:57:22.206+0000: 9984.655: [GC pause (G1 Evacuation Pause) (young)
Desired survivor size 222298112 bytes, new threshold 15 (max 15)
- age   1:    1179448 bytes,    1179448 total
- age   2:     132704 bytes,    1312152 total
- age   3:     994896 bytes,    2307048 total
- age   4:     257800 bytes,    2564848 total
- age   5:      89696 bytes,    2654544 total
- age   6:      72632 bytes,    2727176 total
- age   7:     162008 bytes,    2889184 total
- age   8:      60064 bytes,    2949248 total
- age   9:      55544 bytes,    3004792 total
- age  10:     100536 bytes,    3105328 total
- age  11:      88400 bytes,    3193728 total
- age  12:      65888 bytes,    3259616 total
- age  13:      36856 bytes,    3296472 total
- age  14:      15304 bytes,    3311776 total
- age  15:       8232 bytes,    3320008 total
, 0.0118628 secs]
   [Parallel Time: 8.9 ms, GC Workers: 2]
      [GC Worker Start (ms): Min: 9984655.1, Avg: 9984655.1, Max: 9984655.1, Diff: 0.0]
      [Ext Root Scanning (ms): Min: 1.1, Avg: 1.3, Max: 1.4, Diff: 0.3, Sum: 2.6]
      [Update RS (ms): Min: 1.2, Avg: 1.2, Max: 1.2, Diff: 0.0, Sum: 2.4]
         [Processed Buffers: Min: 5, Avg: 19.5, Max: 34, Diff: 29, Sum: 39]
      [Scan RS (ms): Min: 2.1, Avg: 2.1, Max: 2.1, Diff: 0.0, Sum: 4.2]
      [Code Root Scanning (ms): Min: 0.8, Avg: 0.8, Max: 0.9, Diff: 0.1, Sum: 1.7]
      [Object Copy (ms): Min: 3.3, Avg: 3.4, Max: 3.5, Diff: 0.2, Sum: 6.8]
      [Termination (ms): Min: 0.0, Avg: 0.0, Max: 0.0, Diff: 0.0, Sum: 0.0]
      [GC Worker Other (ms): Min: 0.0, Avg: 0.1, Max: 0.1, Diff: 0.0, Sum: 0.1]
      [GC Worker Total (ms): Min: 8.8, Avg: 8.8, Max: 8.9, Diff: 0.0, Sum: 17.7]
      [GC Worker End (ms): Min: 9984664.0, Avg: 9984664.0, Max: 9984664.0, Diff: 0.0]
   [Code Root Fixup: 0.2 ms]
   [Code Root Migration: 0.1 ms]
   [Clear CT: 0.8 ms]
   [Other: 1.9 ms]
      [Choose CSet: 0.0 ms]
      [Ref Proc: 0.2 ms]
      [Ref Enq: 0.0 ms]
      [Free CSet: 1.5 ms]
   [Eden: 3372.0M(3372.0M)->0.0B(3374.0M) Survivors: 6144.0K->4096.0K Heap: 4825.1M(5632.0M)->1452.0M(5632.0M)]
 [Times: user=0.02 sys=0.01, real=0.01 secs] 
2014-06-25T02:57:22.218+0000: 9984.667: Total time for which application threads were stopped: 0.0124830 seconds
2014-06-25T02:57:23.985+0000: 9986.435: Total time for which application threads were stopped: 0.0043695 seconds
2014-06-25T02:57:24.414+0000: 9986.863: Total time for which application threads were stopped: 0.0004650 seconds
2014-06-25T02:57:25.068+0000: 9987.517: Total time for which application threads were stopped: 0.0034805 seconds
2014-06-25T02:57:28.717+0000: 9991.166: [GC pause (G1 Evacuation Pause) (young)
Desired survivor size 222298112 bytes, new threshold 15 (max 15)
- age   1:     156200 bytes,     156200 total
- age   2:     158416 bytes,     314616 total
- age   3:      64416 bytes,     379032 total
- age   4:     819608 bytes,    1198640 total
- age   5:     223344 bytes,    1421984 total
- age   6:      61240 bytes,    1483224 total
- age   7:      71776 bytes,    1555000 total
- age   8:     110752 bytes,    1665752 total
- age   9:      51144 bytes,    1716896 total
- age  10:      30888 bytes,    1747784 total
- age  11:      85880 bytes,    1833664 total
- age  12:      13008 bytes,    1846672 total
- age  13:      64832 bytes,    1911504 total
- age  14:      33584 bytes,    1945088 total
- age  15:      15304 bytes,    1960392 total
, 0.0120732 secs]
   [Parallel Time: 9.0 ms, GC Workers: 2]
      [GC Worker Start (ms): Min: 9991166.1, Avg: 9991166.1, Max: 9991166.1, Diff: 0.0]
      [Ext Root Scanning (ms): Min: 1.1, Avg: 1.3, Max: 1.4, Diff: 0.2, Sum: 2.5]
      [Update RS (ms): Min: 1.3, Avg: 1.3, Max: 1.3, Diff: 0.0, Sum: 2.6]
         [Processed Buffers: Min: 16, Avg: 20.0, Max: 24, Diff: 8, Sum: 40]
      [Scan RS (ms): Min: 2.1, Avg: 2.2, Max: 2.2, Diff: 0.0, Sum: 4.3]
      [Code Root Scanning (ms): Min: 0.8, Avg: 0.8, Max: 0.8, Diff: 0.0, Sum: 1.7]
      [Object Copy (ms): Min: 3.3, Avg: 3.4, Max: 3.4, Diff: 0.1, Sum: 6.7]
      [Termination (ms): Min: 0.0, Avg: 0.0, Max: 0.0, Diff: 0.0, Sum: 0.0]
      [GC Worker Other (ms): Min: 0.0, Avg: 0.0, Max: 0.1, Diff: 0.0, Sum: 0.1]
      [GC Worker Total (ms): Min: 8.9, Avg: 9.0, Max: 9.0, Diff: 0.0, Sum: 17.9]
      [GC Worker End (ms): Min: 9991175.0, Avg: 9991175.0, Max: 9991175.0, Diff: 0.0]
   [Code Root Fixup: 0.2 ms]
   [Code Root Migration: 0.1 ms]
   [Clear CT: 0.8 ms]
   [Other: 2.0 ms]
      [Choose CSet: 0.0 ms]
      [Ref Proc: 0.3 ms]
      [Ref Enq: 0.0 ms]
      [Free CSet: 1.5 ms]
   [Eden: 3374.0M(3374.0M)->0.0B(3372.0M) Survivors: 4096.0K->6144.0K Heap: 4826.0M(5632.0M)->1452.7M(5632.0M)]
 [Times: user=0.02 sys=0.00, real=0.01 secs] 
2014-06-25T02:57:28.729+0000: 9991.178: Total time for which application threads were stopped: 0.0126389 seconds
2014-06-25T02:57:33.190+0000: 9995.640: Total time for which application threads were stopped: 0.0004852 seconds
2014-06-25T02:57:35.130+0000: 9997.579: [GC pause (G1 Evacuation Pause) (young)
Desired survivor size 222298112 bytes, new threshold 15 (max 15)
- age   1:     646328 bytes,     646328 total
- age   2:     107544 bytes,     753872 total
- age   3:     107608 bytes,     861480 total
- age   4:      24216 bytes,     885696 total
- age   5:     215952 bytes,    1101648 total
- age   6:     222576 bytes,    1324224 total
- age   7:      60688 bytes,    1384912 total
- age   8:      71776 bytes,    1456688 total
- age   9:     109728 bytes,    1566416 total
- age  10:      51144 bytes,    1617560 total
- age  11:      30568 bytes,    1648128 total
- age  12:      85752 bytes,    1733880 total
- age  13:      12304 bytes,    1746184 total
- age  14:      64832 bytes,    1811016 total
- age  15:      33584 bytes,    1844600 total
, 0.0241030 secs]
   [Parallel Time: 20.5 ms, GC Workers: 2]
      [GC Worker Start (ms): Min: 9997579.2, Avg: 9997579.2, Max: 9997579.2, Diff: 0.0]
      [Ext Root Scanning (ms): Min: 1.2, Avg: 1.3, Max: 1.4, Diff: 0.2, Sum: 2.6]
      [Update RS (ms): Min: 1.2, Avg: 1.3, Max: 1.3, Diff: 0.0, Sum: 2.5]
         [Processed Buffers: Min: 13, Avg: 21.0, Max: 29, Diff: 16, Sum: 42]
      [Scan RS (ms): Min: 2.1, Avg: 2.1, Max: 2.1, Diff: 0.0, Sum: 4.1]
      [Code Root Scanning (ms): Min: 0.8, Avg: 0.8, Max: 0.8, Diff: 0.0, Sum: 1.7]
      [Object Copy (ms): Min: 14.9, Avg: 14.9, Max: 15.0, Diff: 0.1, Sum: 29.9]
      [Termination (ms): Min: 0.0, Avg: 0.0, Max: 0.0, Diff: 0.0, Sum: 0.0]
      [GC Worker Other (ms): Min: 0.0, Avg: 0.1, Max: 0.1, Diff: 0.0, Sum: 0.1]
      [GC Worker Total (ms): Min: 20.5, Avg: 20.5, Max: 20.5, Diff: 0.0, Sum: 40.9]
      [GC Worker End (ms): Min: 9997599.7, Avg: 9997599.7, Max: 9997599.7, Diff: 0.0]
   [Code Root Fixup: 0.2 ms]
   [Code Root Migration: 0.2 ms]
   [Clear CT: 0.9 ms]
   [Other: 2.3 ms]
      [Choose CSet: 0.0 ms]
      [Ref Proc: 0.3 ms]
      [Ref Enq: 0.0 ms]
      [Free CSet: 1.8 ms]
   [Eden: 3372.0M(3372.0M)->0.0B(3368.0M) Survivors: 6144.0K->10.0M Heap: 4824.7M(5632.0M)->1457.6M(5632.0M)]
 [Times: user=0.04 sys=0.01, real=0.02 secs] 
2014-06-25T02:57:35.154+0000: 9997.603: Total time for which application threads were stopped: 0.0287649 seconds
2014-06-25T02:57:36.908+0000: 9999.357: Total time for which application threads were stopped: 0.0061657 seconds
2014-06-25T02:57:37.912+0000: 10000.361: Total time for which application threads were stopped: 0.0043473 seconds
2014-06-25T02:57:38.286+0000: 10000.735: Total time for which application threads were stopped: 0.0005976 seconds
2014-06-25T02:57:39.241+0000: 10001.691: Total time for which application threads were stopped: 0.0005403 seconds
2014-06-25T02:57:39.864+0000: 10002.313: Total time for which application threads were stopped: 0.0049588 seconds
2014-06-25T02:57:40.269+0000: 10002.718: Total time for which application threads were stopped: 0.0048755 seconds
2014-06-25T02:57:40.277+0000: 10002.726: Total time for which application threads were stopped: 0.0034929 seconds
2014-06-25T02:57:40.369+0000: 10002.818: Total time for which application threads were stopped: 0.0071643 seconds
2014-06-25T02:57:41.023+0000: 10003.472: Total time for which application threads were stopped: 0.0046072 seconds
2014-06-25T02:57:42.452+0000: 10004.901: [GC pause (G1 Evacuation Pause) (young)
Desired survivor size 222298112 bytes, new threshold 15 (max 15)
- age   1:    5140696 bytes,    5140696 total
- age   2:     545560 bytes,    5686256 total
- age   3:      76000 bytes,    5762256 total
- age   4:     106488 bytes,    5868744 total
- age   5:      23432 bytes,    5892176 total
- age   6:     211312 bytes,    6103488 total
- age   7:     220672 bytes,    6324160 total
- age   8:      59984 bytes,    6384144 total
- age   9:      61456 bytes,    6445600 total
- age  10:     108960 bytes,    6554560 total
- age  11:      50376 bytes,    6604936 total
- age  12:      30376 bytes,    6635312 total
- age  13:      83040 bytes,    6718352 total
- age  14:      11008 bytes,    6729360 total
- age  15:      64832 bytes,    6794192 total
, 0.0134320 secs]
   [Parallel Time: 9.6 ms, GC Workers: 2]
      [GC Worker Start (ms): Min: 10004901.0, Avg: 10004901.0, Max: 10004901.0, Diff: 0.0]
      [Ext Root Scanning (ms): Min: 1.2, Avg: 1.3, Max: 1.4, Diff: 0.3, Sum: 2.6]
      [Update RS (ms): Min: 1.4, Avg: 1.4, Max: 1.5, Diff: 0.1, Sum: 2.8]
         [Processed Buffers: Min: 12, Avg: 21.5, Max: 31, Diff: 19, Sum: 43]
      [Scan RS (ms): Min: 2.1, Avg: 2.1, Max: 2.2, Diff: 0.0, Sum: 4.3]
      [Code Root Scanning (ms): Min: 0.8, Avg: 0.8, Max: 0.9, Diff: 0.0, Sum: 1.7]
      [Object Copy (ms): Min: 3.7, Avg: 3.8, Max: 3.9, Diff: 0.2, Sum: 7.7]
      [Termination (ms): Min: 0.0, Avg: 0.0, Max: 0.0, Diff: 0.0, Sum: 0.0]
      [GC Worker Other (ms): Min: 0.0, Avg: 0.1, Max: 0.1, Diff: 0.0, Sum: 0.1]
      [GC Worker Total (ms): Min: 9.6, Avg: 9.6, Max: 9.6, Diff: 0.0, Sum: 19.2]
      [GC Worker End (ms): Min: 10004910.6, Avg: 10004910.6, Max: 10004910.6, Diff: 0.0]
   [Code Root Fixup: 0.2 ms]
   [Code Root Migration: 0.2 ms]
   [Clear CT: 0.8 ms]
   [Other: 2.6 ms]
      [Choose CSet: 0.0 ms]
      [Ref Proc: 0.6 ms]
      [Ref Enq: 0.0 ms]
      [Free CSet: 1.8 ms]
   [Eden: 3368.0M(3368.0M)->0.0B(3374.0M) Survivors: 10.0M->4096.0K Heap: 4825.6M(5632.0M)->1452.1M(5632.0M)]
 [Times: user=0.01 sys=0.01, real=0.01 secs] 
2014-06-25T02:57:42.465+0000: 10004.915: Total time for which application threads were stopped: 0.0147328 seconds
2014-06-25T02:57:48.664+0000: 10011.113: [GC pause (G1 Evacuation Pause) (young)
Desired survivor size 222298112 bytes, new threshold 15 (max 15)
- age   1:     900208 bytes,     900208 total
- age   2:     172296 bytes,    1072504 total
- age   3:      74880 bytes,    1147384 total
- age   4:      54432 bytes,    1201816 total
- age   5:     105928 bytes,    1307744 total
- age   6:      22672 bytes,    1330416 total
- age   7:     189008 bytes,    1519424 total
- age   8:     191944 bytes,    1711368 total
- age   9:      45888 bytes,    1757256 total
- age  10:      60440 bytes,    1817696 total
- age  11:      96904 bytes,    1914600 total
- age  12:      22456 bytes,    1937056 total
- age  13:      30312 bytes,    1967368 total
- age  14:      79688 bytes,    2047056 total
- age  15:      10496 bytes,    2057552 total
, 0.0240545 secs]
   [Parallel Time: 20.6 ms, GC Workers: 2]
      [GC Worker Start (ms): Min: 10011113.0, Avg: 10011113.0, Max: 10011113.1, Diff: 0.0]
      [Ext Root Scanning (ms): Min: 1.2, Avg: 1.4, Max: 1.5, Diff: 0.3, Sum: 2.8]
      [Update RS (ms): Min: 1.1, Avg: 1.2, Max: 1.3, Diff: 0.1, Sum: 2.4]
         [Processed Buffers: Min: 2, Avg: 18.0, Max: 34, Diff: 32, Sum: 36]
      [Scan RS (ms): Min: 2.1, Avg: 2.1, Max: 2.2, Diff: 0.1, Sum: 4.2]
      [Code Root Scanning (ms): Min: 0.8, Avg: 0.8, Max: 0.9, Diff: 0.0, Sum: 1.7]
      [Object Copy (ms): Min: 14.8, Avg: 14.9, Max: 15.0, Diff: 0.2, Sum: 29.8]
      [Termination (ms): Min: 0.0, Avg: 0.0, Max: 0.0, Diff: 0.0, Sum: 0.0]
      [GC Worker Other (ms): Min: 0.1, Avg: 0.1, Max: 0.1, Diff: 0.0, Sum: 0.1]
      [GC Worker Total (ms): Min: 20.5, Avg: 20.5, Max: 20.5, Diff: 0.0, Sum: 41.0]
      [GC Worker End (ms): Min: 10011133.6, Avg: 10011133.6, Max: 10011133.6, Diff: 0.0]
   [Code Root Fixup: 0.2 ms]
   [Code Root Migration: 0.2 ms]
   [Clear CT: 0.8 ms]
   [Other: 2.2 ms]
      [Choose CSet: 0.0 ms]
      [Ref Proc: 0.2 ms]
      [Ref Enq: 0.0 ms]
      [Free CSet: 1.8 ms]
   [Eden: 3374.0M(3374.0M)->0.0B(3370.0M) Survivors: 4096.0K->8192.0K Heap: 4826.1M(5632.0M)->1456.2M(5632.0M)]
 [Times: user=0.03 sys=0.01, real=0.02 secs] 
2014-06-25T02:57:48.688+0000: 10011.137: Total time for which application threads were stopped: 0.0247737 seconds
2014-06-25T02:57:55.096+0000: 10017.545: [GC pause (G1 Evacuation Pause) (young)
Desired survivor size 222298112 bytes, new threshold 15 (max 15)
- age   1:    4861552 bytes,    4861552 total
- age   2:     828656 bytes,    5690208 total
- age   3:     166992 bytes,    5857200 total
- age   4:      74368 bytes,    5931568 total
- age   5:      54304 bytes,    5985872 total
- age   6:     105928 bytes,    6091800 total
- age   7:      22672 bytes,    6114472 total
- age   8:     188944 bytes,    6303416 total
- age   9:     191944 bytes,    6495360 total
- age  10:      45888 bytes,    6541248 total
- age  11:      60440 bytes,    6601688 total
- age  12:      96840 bytes,    6698528 total
- age  13:      22456 bytes,    6720984 total
- age  14:      30312 bytes,    6751296 total
- age  15:      79688 bytes,    6830984 total
, 0.0123983 secs]
   [Parallel Time: 9.3 ms, GC Workers: 2]
      [GC Worker Start (ms): Min: 10017544.8, Avg: 10017544.8, Max: 10017544.8, Diff: 0.0]
      [Ext Root Scanning (ms): Min: 1.1, Avg: 1.3, Max: 1.4, Diff: 0.3, Sum: 2.6]
      [Update RS (ms): Min: 1.2, Avg: 1.2, Max: 1.3, Diff: 0.1, Sum: 2.4]
         [Processed Buffers: Min: 18, Avg: 20.0, Max: 22, Diff: 4, Sum: 40]
      [Scan RS (ms): Min: 2.1, Avg: 2.1, Max: 2.2, Diff: 0.1, Sum: 4.3]
      [Code Root Scanning (ms): Min: 0.8, Avg: 0.8, Max: 0.9, Diff: 0.0, Sum: 1.7]
      [Object Copy (ms): Min: 3.6, Avg: 3.7, Max: 3.8, Diff: 0.2, Sum: 7.5]
      [Termination (ms): Min: 0.0, Avg: 0.0, Max: 0.0, Diff: 0.0, Sum: 0.0]
      [GC Worker Other (ms): Min: 0.0, Avg: 0.0, Max: 0.1, Diff: 0.0, Sum: 0.1]
      [GC Worker Total (ms): Min: 9.2, Avg: 9.2, Max: 9.3, Diff: 0.0, Sum: 18.5]
      [GC Worker End (ms): Min: 10017554.0, Avg: 10017554.0, Max: 10017554.0, Diff: 0.0]
   [Code Root Fixup: 0.2 ms]
   [Code Root Migration: 0.1 ms]
   [Clear CT: 0.8 ms]
   [Other: 2.0 ms]
      [Choose CSet: 0.0 ms]
      [Ref Proc: 0.2 ms]
      [Ref Enq: 0.0 ms]
      [Free CSet: 1.7 ms]
   [Eden: 3370.0M(3370.0M)->0.0B(3374.0M) Survivors: 8192.0K->4096.0K Heap: 4826.2M(5632.0M)->1452.3M(5632.0M)]
 [Times: user=0.01 sys=0.00, real=0.01 secs] 
2014-06-25T02:57:55.108+0000: 10017.557: Total time for which application threads were stopped: 0.0130538 seconds
2014-06-25T02:57:56.880+0000: 10019.329: Total time for which application threads were stopped: 0.0031378 seconds
2014-06-25T02:57:57.328+0000: 10019.777: Total time for which application threads were stopped: 0.0039378 seconds
2014-06-25T02:58:01.641+0000: 10024.090: [GC pause (G1 Evacuation Pause) (young)
Desired survivor size 222298112 bytes, new threshold 15 (max 15)
- age   1:     204192 bytes,     204192 total
- age   2:      58256 bytes,     262448 total
- age   3:     712344 bytes,     974792 total
- age   4:     164904 bytes,    1139696 total
- age   5:      73920 bytes,    1213616 total
- age   6:      54304 bytes,    1267920 total
- age   7:     105928 bytes,    1373848 total
- age   8:      22672 bytes,    1396520 total
- age   9:     188880 bytes,    1585400 total
- age  10:     191944 bytes,    1777344 total
- age  11:      45824 bytes,    1823168 total
- age  12:      60440 bytes,    1883608 total
- age  13:      96840 bytes,    1980448 total
- age  14:      22456 bytes,    2002904 total
- age  15:      30312 bytes,    2033216 total
, 0.0259915 secs]
   [Parallel Time: 19.5 ms, GC Workers: 2]
      [GC Worker Start (ms): Min: 10024090.0, Avg: 10024093.2, Max: 10024096.5, Diff: 6.5]
      [Ext Root Scanning (ms): Min: 0.0, Avg: 1.4, Max: 2.7, Diff: 2.7, Sum: 2.7]
      [Update RS (ms): Min: 0.0, Avg: 1.6, Max: 3.1, Diff: 3.1, Sum: 3.1]
         [Processed Buffers: Min: 0, Avg: 21.0, Max: 42, Diff: 42, Sum: 42]
      [Scan RS (ms): Min: 0.3, Avg: 2.3, Max: 4.3, Diff: 4.0, Sum: 4.6]
      [Code Root Scanning (ms): Min: 1.6, Avg: 4.8, Max: 8.1, Diff: 6.5, Sum: 9.7]
      [Object Copy (ms): Min: 5.1, Avg: 6.0, Max: 7.0, Diff: 2.0, Sum: 12.1]
      [Termination (ms): Min: 0.0, Avg: 0.1, Max: 0.2, Diff: 0.2, Sum: 0.2]
      [GC Worker Other (ms): Min: 0.0, Avg: 0.0, Max: 0.0, Diff: 0.0, Sum: 0.1]
      [GC Worker Total (ms): Min: 12.9, Avg: 16.2, Max: 19.5, Diff: 6.6, Sum: 32.4]
      [GC Worker End (ms): Min: 10024109.4, Avg: 10024109.4, Max: 10024109.4, Diff: 0.0]
   [Code Root Fixup: 0.2 ms]
   [Code Root Migration: 0.3 ms]
   [Clear CT: 1.1 ms]
   [Other: 4.8 ms]
      [Choose CSet: 0.0 ms]
      [Ref Proc: 2.0 ms]
      [Ref Enq: 0.0 ms]
      [Free CSet: 2.6 ms]
   [Eden: 3374.0M(3374.0M)->0.0B(3374.0M) Survivors: 4096.0K->4096.0K Heap: 4826.3M(5632.0M)->1452.3M(5632.0M)]
 [Times: user=0.02 sys=0.00, real=0.03 secs] 
2014-06-25T02:58:01.667+0000: 10024.116: Total time for which application threads were stopped: 0.0267685 seconds
2014-06-25T02:58:03.292+0000: 10025.741: Total time for which application threads were stopped: 0.0026922 seconds
2014-06-25T02:58:03.296+0000: 10025.745: Total time for which application threads were stopped: 0.0034413 seconds
2014-06-25T02:58:04.465+0000: 10026.915: Total time for which application threads were stopped: 0.0005394 seconds
2014-06-25T02:58:05.468+0000: 10027.917: Total time for which application threads were stopped: 0.0020664 seconds
2014-06-25T02:58:06.882+0000: 10029.331: Total time for which application threads were stopped: 0.0005081 seconds
2014-06-25T02:58:07.259+0000: 10029.708: Total time for which application threads were stopped: 0.0031134 seconds
2014-06-25T02:58:07.850+0000: 10030.299: Total time for which application threads were stopped: 0.0081939 seconds
2014-06-25T02:58:08.356+0000: 10030.805: [GC pause (G1 Evacuation Pause) (young)
Desired survivor size 222298112 bytes, new threshold 15 (max 15)
- age   1:     658864 bytes,     658864 total
- age   2:     100896 bytes,     759760 total
- age   3:      20896 bytes,     780656 total
- age   4:     290480 bytes,    1071136 total
- age   5:     163200 bytes,    1234336 total
- age   6:      72696 bytes,    1307032 total
- age   7:      54032 bytes,    1361064 total
- age   8:     105928 bytes,    1466992 total
- age   9:      22672 bytes,    1489664 total
- age  10:     188112 bytes,    1677776 total
- age  11:     191032 bytes,    1868808 total
- age  12:      45760 bytes,    1914568 total
- age  13:      60440 bytes,    1975008 total
- age  14:      96776 bytes,    2071784 total
- age  15:      22416 bytes,    2094200 total
, 0.0249582 secs]
   [Parallel Time: 21.3 ms, GC Workers: 2]
      [GC Worker Start (ms): Min: 10030804.9, Avg: 10030805.0, Max: 10030805.0, Diff: 0.0]
      [Ext Root Scanning (ms): Min: 1.2, Avg: 1.3, Max: 1.4, Diff: 0.2, Sum: 2.6]
      [Update RS (ms): Min: 1.5, Avg: 1.5, Max: 1.5, Diff: 0.0, Sum: 3.0]
         [Processed Buffers: Min: 18, Avg: 19.5, Max: 21, Diff: 3, Sum: 39]
      [Scan RS (ms): Min: 2.1, Avg: 2.1, Max: 2.1, Diff: 0.1, Sum: 4.2]
      [Code Root Scanning (ms): Min: 0.8, Avg: 0.8, Max: 0.9, Diff: 0.0, Sum: 1.7]
      [Object Copy (ms): Min: 15.3, Avg: 15.4, Max: 15.4, Diff: 0.1, Sum: 30.7]
      [Termination (ms): Min: 0.1, Avg: 0.1, Max: 0.1, Diff: 0.0, Sum: 0.1]
      [GC Worker Other (ms): Min: 0.0, Avg: 0.1, Max: 0.1, Diff: 0.0, Sum: 0.1]
      [GC Worker Total (ms): Min: 21.2, Avg: 21.2, Max: 21.3, Diff: 0.0, Sum: 42.5]
      [GC Worker End (ms): Min: 10030826.2, Avg: 10030826.2, Max: 10030826.2, Diff: 0.0]
   [Code Root Fixup: 0.3 ms]
   [Code Root Migration: 0.2 ms]
   [Clear CT: 0.8 ms]
   [Other: 2.4 ms]
      [Choose CSet: 0.0 ms]
      [Ref Proc: 0.5 ms]
      [Ref Enq: 0.0 ms]
      [Free CSet: 1.7 ms]
   [Eden: 3374.0M(3374.0M)->0.0B(3370.0M) Survivors: 4096.0K->8192.0K Heap: 4826.3M(5632.0M)->1456.3M(5632.0M)]
 [Times: user=0.05 sys=0.00, real=0.02 secs] 
2014-06-25T02:58:08.381+0000: 10030.830: Total time for which application threads were stopped: 0.0267371 seconds
2014-06-25T02:58:11.185+0000: 10033.635: Total time for which application threads were stopped: 0.0050885 seconds
2014-06-25T02:58:11.497+0000: 10033.946: Total time for which application threads were stopped: 0.0086416 seconds
2014-06-25T02:58:11.784+0000: 10034.233: Total time for which application threads were stopped: 0.0043858 seconds
2014-06-25T02:58:12.379+0000: 10034.828: Total time for which application threads were stopped: 0.0034204 seconds
2014-06-25T02:58:14.872+0000: 10037.321: Total time for which application threads were stopped: 0.0014107 seconds
2014-06-25T02:58:15.070+0000: 10037.519: [GC pause (G1 Evacuation Pause) (young)
Desired survivor size 222298112 bytes, new threshold 15 (max 15)
- age   1:    6132944 bytes,    6132944 total
- age   2:      65160 bytes,    6198104 total
- age   3:      34656 bytes,    6232760 total
- age   4:      19504 bytes,    6252264 total
- age   5:     191728 bytes,    6443992 total
- age   6:     109360 bytes,    6553352 total
- age   7:      55672 bytes,    6609024 total
- age   8:      36168 bytes,    6645192 total
- age   9:      15928 bytes,    6661120 total
- age  10:      21368 bytes,    6682488 total
- age  11:     117792 bytes,    6800280 total
- age  12:      88656 bytes,    6888936 total
- age  13:      33728 bytes,    6922664 total
- age  14:      60440 bytes,    6983104 total
- age  15:      95544 bytes,    7078648 total
, 0.0130702 secs]
   [Parallel Time: 9.8 ms, GC Workers: 2]
      [GC Worker Start (ms): Min: 10037518.8, Avg: 10037518.8, Max: 10037518.8, Diff: 0.0]
      [Ext Root Scanning (ms): Min: 1.2, Avg: 1.3, Max: 1.5, Diff: 0.3, Sum: 2.7]
      [Update RS (ms): Min: 1.4, Avg: 1.4, Max: 1.4, Diff: 0.0, Sum: 2.9]
         [Processed Buffers: Min: 5, Avg: 20.5, Max: 36, Diff: 31, Sum: 41]
      [Scan RS (ms): Min: 2.1, Avg: 2.2, Max: 2.2, Diff: 0.1, Sum: 4.3]
      [Code Root Scanning (ms): Min: 0.8, Avg: 0.9, Max: 0.9, Diff: 0.0, Sum: 1.7]
      [Object Copy (ms): Min: 3.8, Avg: 3.9, Max: 3.9, Diff: 0.1, Sum: 7.7]
      [Termination (ms): Min: 0.0, Avg: 0.0, Max: 0.0, Diff: 0.0, Sum: 0.0]
      [GC Worker Other (ms): Min: 0.0, Avg: 0.0, Max: 0.1, Diff: 0.0, Sum: 0.1]
      [GC Worker Total (ms): Min: 9.7, Avg: 9.7, Max: 9.7, Diff: 0.0, Sum: 19.4]
      [GC Worker End (ms): Min: 10037528.5, Avg: 10037528.5, Max: 10037528.5, Diff: 0.0]
   [Code Root Fixup: 0.2 ms]
   [Code Root Migration: 0.1 ms]
   [Clear CT: 0.8 ms]
   [Other: 2.2 ms]
      [Choose CSet: 0.0 ms]
      [Ref Proc: 0.5 ms]
      [Ref Enq: 0.0 ms]
      [Free CSet: 1.6 ms]
   [Eden: 3370.0M(3370.0M)->0.0B(3372.0M) Survivors: 8192.0K->6144.0K Heap: 4826.3M(5632.0M)->1453.4M(5632.0M)]
 [Times: user=0.02 sys=0.00, real=0.02 secs] 
2014-06-25T02:58:15.083+0000: 10037.532: Total time for which application threads were stopped: 0.0176651 seconds
2014-06-25T02:58:15.742+0000: 10038.192: Total time for which application threads were stopped: 0.0032866 seconds
2014-06-25T02:58:16.926+0000: 10039.375: Total time for which application threads were stopped: 0.0046146 seconds
2014-06-25T02:58:21.919+0000: 10044.368: [GC pause (G1 Evacuation Pause) (young)
Desired survivor size 222298112 bytes, new threshold 15 (max 15)
- age   1:    1069832 bytes,    1069832 total
- age   2:     360576 bytes,    1430408 total
- age   3:      56360 bytes,    1486768 total
- age   4:      29960 bytes,    1516728 total
- age   5:      17040 bytes,    1533768 total
- age   6:     185248 bytes,    1719016 total
- age   7:     107752 bytes,    1826768 total
- age   8:      55224 bytes,    1881992 total
- age   9:      35576 bytes,    1917568 total
- age  10:      15928 bytes,    1933496 total
- age  11:      21368 bytes,    1954864 total
- age  12:     112560 bytes,    2067424 total
- age  13:      86528 bytes,    2153952 total
- age  14:      33112 bytes,    2187064 total
- age  15:      60440 bytes,    2247504 total
, 0.0568729 secs]
   [Parallel Time: 48.2 ms, GC Workers: 2]
      [GC Worker Start (ms): Min: 10044368.5, Avg: 10044371.0, Max: 10044373.4, Diff: 4.9]
      [Ext Root Scanning (ms): Min: 0.0, Avg: 1.3, Max: 2.6, Diff: 2.6, Sum: 2.7]
      [Update RS (ms): Min: 0.8, Avg: 6.1, Max: 11.4, Diff: 10.6, Sum: 12.2]
         [Processed Buffers: Min: 2, Avg: 20.5, Max: 39, Diff: 37, Sum: 41]
      [Scan RS (ms): Min: 0.1, Avg: 2.4, Max: 4.6, Diff: 4.5, Sum: 4.7]
      [Code Root Scanning (ms): Min: 0.0, Avg: 2.1, Max: 4.2, Diff: 4.2, Sum: 4.2]
      [Object Copy (ms): Min: 32.7, Avg: 32.9, Max: 33.1, Diff: 0.3, Sum: 65.8]
      [Termination (ms): Min: 0.0, Avg: 0.0, Max: 0.0, Diff: 0.0, Sum: 0.1]
      [GC Worker Other (ms): Min: 0.0, Avg: 0.5, Max: 0.9, Diff: 0.9, Sum: 1.0]
      [GC Worker Total (ms): Min: 43.2, Avg: 45.3, Max: 47.3, Diff: 4.0, Sum: 90.5]
      [GC Worker End (ms): Min: 10044415.8, Avg: 10044416.3, Max: 10044416.7, Diff: 0.9]
   [Code Root Fixup: 0.3 ms]
   [Code Root Migration: 0.3 ms]
   [Clear CT: 1.2 ms]
   [Other: 6.9 ms]
      [Choose CSet: 0.0 ms]
      [Ref Proc: 4.1 ms]
      [Ref Enq: 0.0 ms]
      [Free CSet: 2.6 ms]
   [Eden: 3372.0M(3372.0M)->0.0B(3366.0M) Survivors: 6144.0K->12.0M Heap: 4825.4M(5632.0M)->1459.5M(5632.0M)]
 [Times: user=0.07 sys=0.00, real=0.06 secs] 
2014-06-25T02:58:21.976+0000: 10044.425: Total time for which application threads were stopped: 0.0576261 seconds
2014-06-25T02:58:24.904+0000: 10047.354: Total time for which application threads were stopped: 0.0044758 seconds
2014-06-25T02:58:25.908+0000: 10048.357: Total time for which application threads were stopped: 0.0030729 seconds
2014-06-25T02:58:28.800+0000: 10051.249: [GC pause (G1 Evacuation Pause) (young)
Desired survivor size 222298112 bytes, new threshold 15 (max 15)
- age   1:    7889176 bytes,    7889176 total
- age   2:     271656 bytes,    8160832 total
- age   3:     329128 bytes,    8489960 total
- age   4:      55728 bytes,    8545688 total
- age   5:      29896 bytes,    8575584 total
- age   6:      16896 bytes,    8592480 total
- age   7:     182816 bytes,    8775296 total
- age   8:     105824 bytes,    8881120 total
- age   9:      55160 bytes,    8936280 total
- age  10:      35576 bytes,    8971856 total
- age  11:      15928 bytes,    8987784 total
- age  12:      21368 bytes,    9009152 total
- age  13:     112432 bytes,    9121584 total
- age  14:      86464 bytes,    9208048 total
- age  15:      33112 bytes,    9241160 total
, 0.0131312 secs]
   [Parallel Time: 9.8 ms, GC Workers: 2]
      [GC Worker Start (ms): Min: 10051248.9, Avg: 10051249.0, Max: 10051249.0, Diff: 0.0]
      [Ext Root Scanning (ms): Min: 1.1, Avg: 1.3, Max: 1.4, Diff: 0.3, Sum: 2.6]
      [Update RS (ms): Min: 1.3, Avg: 1.4, Max: 1.4, Diff: 0.1, Sum: 2.8]
         [Processed Buffers: Min: 10, Avg: 20.0, Max: 30, Diff: 20, Sum: 40]
      [Scan RS (ms): Min: 2.1, Avg: 2.2, Max: 2.2, Diff: 0.1, Sum: 4.3]
      [Code Root Scanning (ms): Min: 0.8, Avg: 0.8, Max: 0.9, Diff: 0.0, Sum: 1.7]
      [Object Copy (ms): Min: 3.9, Avg: 4.0, Max: 4.1, Diff: 0.2, Sum: 7.9]
      [Termination (ms): Min: 0.0, Avg: 0.0, Max: 0.0, Diff: 0.0, Sum: 0.0]
      [GC Worker Other (ms): Min: 0.0, Avg: 0.1, Max: 0.1, Diff: 0.0, Sum: 0.1]
      [GC Worker Total (ms): Min: 9.7, Avg: 9.7, Max: 9.7, Diff: 0.0, Sum: 19.4]
      [GC Worker End (ms): Min: 10051258.7, Avg: 10051258.7, Max: 10051258.7, Diff: 0.0]
   [Code Root Fixup: 0.2 ms]
   [Code Root Migration: 0.2 ms]
   [Clear CT: 0.8 ms]
   [Other: 2.2 ms]
      [Choose CSet: 0.0 ms]
      [Ref Proc: 0.3 ms]
      [Ref Enq: 0.0 ms]
      [Free CSet: 1.8 ms]
   [Eden: 3366.0M(3366.0M)->0.0B(3374.0M) Survivors: 12.0M->4096.0K Heap: 4825.5M(5632.0M)->1452.6M(5632.0M)]
 [Times: user=0.03 sys=0.00, real=0.01 secs] 
2014-06-25T02:58:28.813+0000: 10051.262: Total time for which application threads were stopped: 0.0173179 seconds
2014-06-25T02:58:32.665+0000: 10055.114: Total time for which application threads were stopped: 0.0028521 seconds
2014-06-25T02:58:34.651+0000: 10057.100: Total time for which application threads were stopped: 0.0036606 seconds
2014-06-25T02:58:35.222+0000: 10057.671: [GC pause (G1 Evacuation Pause) (young)
Desired survivor size 222298112 bytes, new threshold 15 (max 15)
- age   1:     389504 bytes,     389504 total
- age   2:     702960 bytes,    1092464 total
- age   3:     163928 bytes,    1256392 total
- age   4:     241496 bytes,    1497888 total
- age   5:      53144 bytes,    1551032 total
- age   6:      19512 bytes,    1570544 total
- age   7:       5240 bytes,    1575784 total
- age   8:     160456 bytes,    1736240 total
- age   9:      45424 bytes,    1781664 total
- age  10:      31224 bytes,    1812888 total
- age  11:      11096 bytes,    1823984 total
- age  12:      15768 bytes,    1839752 total
- age  13:      21232 bytes,    1860984 total
- age  14:     109160 bytes,    1970144 total
- age  15:      86336 bytes,    2056480 total
, 0.0123486 secs]
   [Parallel Time: 9.2 ms, GC Workers: 2]
      [GC Worker Start (ms): Min: 10057671.2, Avg: 10057671.2, Max: 10057671.3, Diff: 0.0]
      [Ext Root Scanning (ms): Min: 1.1, Avg: 1.3, Max: 1.4, Diff: 0.3, Sum: 2.6]
      [Update RS (ms): Min: 1.3, Avg: 1.4, Max: 1.4, Diff: 0.1, Sum: 2.7]
         [Processed Buffers: Min: 8, Avg: 19.5, Max: 31, Diff: 23, Sum: 39]
      [Scan RS (ms): Min: 2.1, Avg: 2.1, Max: 2.2, Diff: 0.0, Sum: 4.3]
      [Code Root Scanning (ms): Min: 0.9, Avg: 0.9, Max: 0.9, Diff: 0.0, Sum: 1.7]
      [Object Copy (ms): Min: 3.3, Avg: 3.4, Max: 3.6, Diff: 0.2, Sum: 6.9]
      [Termination (ms): Min: 0.0, Avg: 0.0, Max: 0.0, Diff: 0.0, Sum: 0.0]
      [GC Worker Other (ms): Min: 0.0, Avg: 0.1, Max: 0.1, Diff: 0.0, Sum: 0.1]
      [GC Worker Total (ms): Min: 9.1, Avg: 9.1, Max: 9.1, Diff: 0.0, Sum: 18.3]
      [GC Worker End (ms): Min: 10057680.4, Avg: 10057680.4, Max: 10057680.4, Diff: 0.0]
   [Code Root Fixup: 0.2 ms]
   [Code Root Migration: 0.1 ms]
   [Clear CT: 0.8 ms]
   [Other: 2.1 ms]
      [Choose CSet: 0.0 ms]
      [Ref Proc: 0.4 ms]
      [Ref Enq: 0.0 ms]
      [Free CSet: 1.6 ms]
   [Eden: 3374.0M(3374.0M)->0.0B(3374.0M) Survivors: 4096.0K->4096.0K Heap: 4826.6M(5632.0M)->1451.7M(5632.0M)]
 [Times: user=0.02 sys=0.00, real=0.01 secs] 
2014-06-25T02:58:35.235+0000: 10057.684: Total time for which application threads were stopped: 0.0129427 seconds
2014-06-25T02:58:36.428+0000: 10058.877: Total time for which application threads were stopped: 0.0044537 seconds
2014-06-25T02:58:41.520+0000: 10063.969: [GC pause (G1 Evacuation Pause) (young)
Desired survivor size 222298112 bytes, new threshold 15 (max 15)
- age   1:     710912 bytes,     710912 total
- age   2:     174368 bytes,     885280 total
- age   3:     139024 bytes,    1024304 total
- age   4:     140496 bytes,    1164800 total
- age   5:     239776 bytes,    1404576 total
- age   6:      53016 bytes,    1457592 total
- age   7:      19512 bytes,    1477104 total
- age   8:       4920 bytes,    1482024 total
- age   9:     160200 bytes,    1642224 total
- age  10:      44976 bytes,    1687200 total
- age  11:      31032 bytes,    1718232 total
- age  12:      11096 bytes,    1729328 total
- age  13:      15768 bytes,    1745096 total
- age  14:      21232 bytes,    1766328 total
- age  15:     109032 bytes,    1875360 total
, 0.0121212 secs]
   [Parallel Time: 8.9 ms, GC Workers: 2]
      [GC Worker Start (ms): Min: 10063969.0, Avg: 10063969.0, Max: 10063969.0, Diff: 0.0]
      [Ext Root Scanning (ms): Min: 1.1, Avg: 1.3, Max: 1.4, Diff: 0.3, Sum: 2.5]
      [Update RS (ms): Min: 1.4, Avg: 1.4, Max: 1.5, Diff: 0.1, Sum: 2.9]
         [Processed Buffers: Min: 2, Avg: 20.5, Max: 39, Diff: 37, Sum: 41]
      [Scan RS (ms): Min: 2.1, Avg: 2.2, Max: 2.3, Diff: 0.2, Sum: 4.3]
      [Code Root Scanning (ms): Min: 0.8, Avg: 0.8, Max: 0.8, Diff: 0.0, Sum: 1.7]
      [Object Copy (ms): Min: 3.0, Avg: 3.1, Max: 3.2, Diff: 0.2, Sum: 6.2]
      [Termination (ms): Min: 0.0, Avg: 0.0, Max: 0.0, Diff: 0.0, Sum: 0.0]
      [GC Worker Other (ms): Min: 0.0, Avg: 0.0, Max: 0.1, Diff: 0.0, Sum: 0.1]
      [GC Worker Total (ms): Min: 8.8, Avg: 8.9, Max: 8.9, Diff: 0.0, Sum: 17.7]
      [GC Worker End (ms): Min: 10063977.8, Avg: 10063977.8, Max: 10063977.8, Diff: 0.0]
   [Code Root Fixup: 0.2 ms]
   [Code Root Migration: 0.1 ms]
   [Clear CT: 0.8 ms]
   [Other: 2.1 ms]
      [Choose CSet: 0.0 ms]
      [Ref Proc: 0.3 ms]
      [Ref Enq: 0.0 ms]
      [Free CSet: 1.7 ms]
   [Eden: 3374.0M(3374.0M)->0.0B(3372.0M) Survivors: 4096.0K->6144.0K Heap: 4825.7M(5632.0M)->1453.8M(5632.0M)]
 [Times: user=0.02 sys=0.00, real=0.01 secs] 
2014-06-25T02:58:41.532+0000: 10063.981: Total time for which application threads were stopped: 0.0157334 seconds
2014-06-25T02:58:47.811+0000: 10070.260: [GC pause (G1 Evacuation Pause) (young)
Desired survivor size 222298112 bytes, new threshold 15 (max 15)
- age   1:    1307312 bytes,    1307312 total
- age   2:     147304 bytes,    1454616 total
- age   3:     143288 bytes,    1597904 total
- age   4:      54928 bytes,    1652832 total
- age   5:     139240 bytes,    1792072 total
- age   6:     235616 bytes,    2027688 total
- age   7:      53016 bytes,    2080704 total
- age   8:      19512 bytes,    2100216 total
- age   9:       4920 bytes,    2105136 total
- age  10:     144048 bytes,    2249184 total
- age  11:      43976 bytes,    2293160 total
- age  12:      30968 bytes,    2324128 total
- age  13:      10960 bytes,    2335088 total
- age  14:      15768 bytes,    2350856 total
- age  15:      21232 bytes,    2372088 total
, 0.0118732 secs]
   [Parallel Time: 8.8 ms, GC Workers: 2]
      [GC Worker Start (ms): Min: 10070260.5, Avg: 10070260.5, Max: 10070260.5, Diff: 0.0]
      [Ext Root Scanning (ms): Min: 1.1, Avg: 1.3, Max: 1.4, Diff: 0.3, Sum: 2.6]
      [Update RS (ms): Min: 1.3, Avg: 1.3, Max: 1.3, Diff: 0.0, Sum: 2.7]
         [Processed Buffers: Min: 2, Avg: 18.5, Max: 35, Diff: 33, Sum: 37]
      [Scan RS (ms): Min: 2.1, Avg: 2.1, Max: 2.1, Diff: 0.0, Sum: 4.2]
      [Code Root Scanning (ms): Min: 0.8, Avg: 0.8, Max: 0.9, Diff: 0.1, Sum: 1.7]
      [Object Copy (ms): Min: 3.0, Avg: 3.1, Max: 3.2, Diff: 0.2, Sum: 6.3]
      [Termination (ms): Min: 0.0, Avg: 0.0, Max: 0.0, Diff: 0.0, Sum: 0.0]
      [GC Worker Other (ms): Min: 0.0, Avg: 0.0, Max: 0.1, Diff: 0.0, Sum: 0.1]
      [GC Worker Total (ms): Min: 8.7, Avg: 8.7, Max: 8.7, Diff: 0.0, Sum: 17.5]
      [GC Worker End (ms): Min: 10070269.3, Avg: 10070269.3, Max: 10070269.3, Diff: 0.0]
   [Code Root Fixup: 0.2 ms]
   [Code Root Migration: 0.1 ms]
   [Clear CT: 0.8 ms]
   [Other: 2.0 ms]
      [Choose CSet: 0.0 ms]
      [Ref Proc: 0.2 ms]
      [Ref Enq: 0.0 ms]
      [Free CSet: 1.6 ms]
   [Eden: 3372.0M(3372.0M)->0.0B(3374.0M) Survivors: 6144.0K->4096.0K Heap: 4825.8M(5632.0M)->1452.6M(5632.0M)]
 [Times: user=0.02 sys=0.01, real=0.01 secs] 
2014-06-25T02:58:47.823+0000: 10070.272: Total time for which application threads were stopped: 0.0125248 seconds
2014-06-25T02:58:53.996+0000: 10076.445: [GC pause (G1 Evacuation Pause) (young)
Desired survivor size 222298112 bytes, new threshold 15 (max 15)
- age   1:     344864 bytes,     344864 total
- age   2:    1218464 bytes,    1563328 total
- age   3:     119440 bytes,    1682768 total
- age   4:     111400 bytes,    1794168 total
- age   5:      52944 bytes,    1847112 total
- age   6:     138624 bytes,    1985736 total
- age   7:     235552 bytes,    2221288 total
- age   8:      52952 bytes,    2274240 total
- age   9:      19512 bytes,    2293752 total
- age  10:       4920 bytes,    2298672 total
- age  11:     143984 bytes,    2442656 total
- age  12:      43848 bytes,    2486504 total
- age  13:      30776 bytes,    2517280 total
- age  14:      10960 bytes,    2528240 total
- age  15:      15768 bytes,    2544008 total
, 0.0115109 secs]
   [Parallel Time: 8.6 ms, GC Workers: 2]
      [GC Worker Start (ms): Min: 10076444.9, Avg: 10076444.9, Max: 10076444.9, Diff: 0.0]
      [Ext Root Scanning (ms): Min: 1.1, Avg: 1.3, Max: 1.4, Diff: 0.3, Sum: 2.5]
      [Update RS (ms): Min: 1.1, Avg: 1.2, Max: 1.2, Diff: 0.1, Sum: 2.4]
         [Processed Buffers: Min: 17, Avg: 20.5, Max: 24, Diff: 7, Sum: 41]
      [Scan RS (ms): Min: 2.1, Avg: 2.1, Max: 2.2, Diff: 0.0, Sum: 4.3]
      [Code Root Scanning (ms): Min: 0.8, Avg: 0.8, Max: 0.9, Diff: 0.0, Sum: 1.7]
      [Object Copy (ms): Min: 3.0, Avg: 3.1, Max: 3.2, Diff: 0.2, Sum: 6.2]
      [Termination (ms): Min: 0.0, Avg: 0.0, Max: 0.0, Diff: 0.0, Sum: 0.0]
      [GC Worker Other (ms): Min: 0.0, Avg: 0.0, Max: 0.1, Diff: 0.0, Sum: 0.1]
      [GC Worker Total (ms): Min: 8.5, Avg: 8.6, Max: 8.6, Diff: 0.0, Sum: 17.1]
      [GC Worker End (ms): Min: 10076453.5, Avg: 10076453.5, Max: 10076453.5, Diff: 0.0]
   [Code Root Fixup: 0.2 ms]
   [Code Root Migration: 0.1 ms]
   [Clear CT: 0.8 ms]
   [Other: 1.9 ms]
      [Choose CSet: 0.0 ms]
      [Ref Proc: 0.2 ms]
      [Ref Enq: 0.0 ms]
      [Free CSet: 1.5 ms]
   [Eden: 3374.0M(3374.0M)->0.0B(3372.0M) Survivors: 4096.0K->6144.0K Heap: 4826.6M(5632.0M)->1453.8M(5632.0M)]
 [Times: user=0.02 sys=0.00, real=0.02 secs] 
2014-06-25T02:58:54.007+0000: 10076.457: Total time for which application threads were stopped: 0.0152569 seconds
2014-06-25T02:59:00.164+0000: 10082.613: [GC pause (G1 Evacuation Pause) (young)
Desired survivor size 222298112 bytes, new threshold 15 (max 15)
- age   1:     179024 bytes,     179024 total
- age   2:     252608 bytes,     431632 total
- age   3:    1216272 bytes,    1647904 total
- age   4:     118176 bytes,    1766080 total
- age   5:     111304 bytes,    1877384 total
- age   6:      52752 bytes,    1930136 total
- age   7:     138520 bytes,    2068656 total
- age   8:     235552 bytes,    2304208 total
- age   9:      52888 bytes,    2357096 total
- age  10:      19512 bytes,    2376608 total
- age  11:       4920 bytes,    2381528 total
- age  12:     143984 bytes,    2525512 total
- age  13:      43848 bytes,    2569360 total
- age  14:      30776 bytes,    2600136 total
- age  15:      10960 bytes,    2611096 total
, 0.0115874 secs]
   [Parallel Time: 8.7 ms, GC Workers: 2]
      [GC Worker Start (ms): Min: 10082612.9, Avg: 10082612.9, Max: 10082612.9, Diff: 0.0]
      [Ext Root Scanning (ms): Min: 1.2, Avg: 1.3, Max: 1.4, Diff: 0.3, Sum: 2.6]
      [Update RS (ms): Min: 1.1, Avg: 1.2, Max: 1.2, Diff: 0.1, Sum: 2.3]
         [Processed Buffers: Min: 15, Avg: 18.5, Max: 22, Diff: 7, Sum: 37]
      [Scan RS (ms): Min: 2.1, Avg: 2.1, Max: 2.2, Diff: 0.1, Sum: 4.3]
      [Code Root Scanning (ms): Min: 0.8, Avg: 0.8, Max: 0.9, Diff: 0.0, Sum: 1.7]
      [Object Copy (ms): Min: 3.1, Avg: 3.2, Max: 3.3, Diff: 0.2, Sum: 6.3]
      [Termination (ms): Min: 0.0, Avg: 0.0, Max: 0.0, Diff: 0.0, Sum: 0.0]
      [GC Worker Other (ms): Min: 0.0, Avg: 0.0, Max: 0.1, Diff: 0.0, Sum: 0.1]
      [GC Worker Total (ms): Min: 8.6, Avg: 8.6, Max: 8.6, Diff: 0.0, Sum: 17.2]
      [GC Worker End (ms): Min: 10082621.5, Avg: 10082621.6, Max: 10082621.6, Diff: 0.0]
   [Code Root Fixup: 0.2 ms]
   [Code Root Migration: 0.1 ms]
   [Clear CT: 0.8 ms]
   [Other: 1.8 ms]
      [Choose CSet: 0.0 ms]
      [Ref Proc: 0.1 ms]
      [Ref Enq: 0.0 ms]
      [Free CSet: 1.6 ms]
   [Eden: 3372.0M(3372.0M)->0.0B(3374.0M) Survivors: 6144.0K->4096.0K Heap: 4825.8M(5632.0M)->1452.0M(5632.0M)]
 [Times: user=0.02 sys=0.01, real=0.01 secs] 
2014-06-25T02:59:00.175+0000: 10082.625: Total time for which application threads were stopped: 0.0159103 seconds
2014-06-25T02:59:04.312+0000: 10086.761: Total time for which application threads were stopped: 0.0027248 seconds
2014-06-25T02:59:04.312+0000: 10086.761: Total time for which application threads were stopped: 0.0002333 seconds
2014-06-25T02:59:06.503+0000: 10088.952: [GC pause (G1 Evacuation Pause) (young)
Desired survivor size 222298112 bytes, new threshold 15 (max 15)
- age   1:     104824 bytes,     104824 total
- age   2:     140392 bytes,     245216 total
- age   3:     243456 bytes,     488672 total
- age   4:    1215912 bytes,    1704584 total
- age   5:     115256 bytes,    1819840 total
- age   6:     111080 bytes,    1930920 total
- age   7:      52368 bytes,    1983288 total
- age   8:     138328 bytes,    2121616 total
- age   9:     235552 bytes,    2357168 total
- age  10:      52824 bytes,    2409992 total
- age  11:      19512 bytes,    2429504 total
- age  12:       4920 bytes,    2434424 total
- age  13:     143920 bytes,    2578344 total
- age  14:      43848 bytes,    2622192 total
- age  15:      30712 bytes,    2652904 total
, 0.0115571 secs]
   [Parallel Time: 8.6 ms, GC Workers: 2]
      [GC Worker Start (ms): Min: 10088952.6, Avg: 10088952.6, Max: 10088952.6, Diff: 0.0]
      [Ext Root Scanning (ms): Min: 1.1, Avg: 1.3, Max: 1.4, Diff: 0.3, Sum: 2.6]
      [Update RS (ms): Min: 1.1, Avg: 1.1, Max: 1.1, Diff: 0.0, Sum: 2.2]
         [Processed Buffers: Min: 2, Avg: 17.5, Max: 33, Diff: 31, Sum: 35]
      [Scan RS (ms): Min: 2.0, Avg: 2.1, Max: 2.2, Diff: 0.1, Sum: 4.2]
      [Code Root Scanning (ms): Min: 0.8, Avg: 0.8, Max: 0.8, Diff: 0.0, Sum: 1.7]
      [Object Copy (ms): Min: 3.1, Avg: 3.2, Max: 3.2, Diff: 0.2, Sum: 6.3]
      [Termination (ms): Min: 0.0, Avg: 0.0, Max: 0.0, Diff: 0.0, Sum: 0.0]
      [GC Worker Other (ms): Min: 0.0, Avg: 0.0, Max: 0.1, Diff: 0.0, Sum: 0.1]
      [GC Worker Total (ms): Min: 8.5, Avg: 8.5, Max: 8.5, Diff: 0.0, Sum: 17.0]
      [GC Worker End (ms): Min: 10088961.1, Avg: 10088961.1, Max: 10088961.1, Diff: 0.0]
   [Code Root Fixup: 0.2 ms]
   [Code Root Migration: 0.1 ms]
   [Clear CT: 0.8 ms]
   [Other: 1.9 ms]
      [Choose CSet: 0.0 ms]
      [Ref Proc: 0.2 ms]
      [Ref Enq: 0.0 ms]
      [Free CSet: 1.6 ms]
   [Eden: 3374.0M(3374.0M)->0.0B(3372.0M) Survivors: 4096.0K->6144.0K Heap: 4826.0M(5632.0M)->1453.9M(5632.0M)]
 [Times: user=0.01 sys=0.00, real=0.01 secs] 
2014-06-25T02:59:06.515+0000: 10088.964: Total time for which application threads were stopped: 0.0121259 seconds
2014-06-25T02:59:10.774+0000: 10093.223: Total time for which application threads were stopped: 0.0048834 seconds
2014-06-25T02:59:11.972+0000: 10094.421: [GC pause (G1 Evacuation Pause) (young)
Desired survivor size 222298112 bytes, new threshold 15 (max 15)
- age   1:      58320 bytes,      58320 total
- age   2:      63712 bytes,     122032 total
- age   3:     139768 bytes,     261800 total
- age   4:     240568 bytes,     502368 total
- age   5:    1215856 bytes,    1718224 total
- age   6:     114872 bytes,    1833096 total
- age   7:     111080 bytes,    1944176 total
- age   8:      52304 bytes,    1996480 total
- age   9:     138328 bytes,    2134808 total
- age  10:     221688 bytes,    2356496 total
- age  11:      52824 bytes,    2409320 total
- age  12:      19512 bytes,    2428832 total
- age  13:       4920 bytes,    2433752 total
- age  14:     143920 bytes,    2577672 total
- age  15:      43848 bytes,    2621520 total
, 0.0240162 secs]
   [Parallel Time: 20.2 ms, GC Workers: 2]
      [GC Worker Start (ms): Min: 10094421.0, Avg: 10094421.0, Max: 10094421.0, Diff: 0.0]
      [Ext Root Scanning (ms): Min: 1.2, Avg: 1.3, Max: 1.5, Diff: 0.3, Sum: 2.7]
      [Update RS (ms): Min: 1.2, Avg: 1.3, Max: 1.4, Diff: 0.2, Sum: 2.6]
         [Processed Buffers: Min: 3, Avg: 19.0, Max: 35, Diff: 32, Sum: 38]
      [Scan RS (ms): Min: 2.1, Avg: 2.1, Max: 2.2, Diff: 0.1, Sum: 4.3]
      [Code Root Scanning (ms): Min: 0.8, Avg: 0.8, Max: 0.8, Diff: 0.0, Sum: 1.7]
      [Object Copy (ms): Min: 14.4, Avg: 14.5, Max: 14.6, Diff: 0.2, Sum: 29.0]
      [Termination (ms): Min: 0.0, Avg: 0.0, Max: 0.0, Diff: 0.0, Sum: 0.0]
      [GC Worker Other (ms): Min: 0.0, Avg: 0.1, Max: 0.1, Diff: 0.0, Sum: 0.1]
      [GC Worker Total (ms): Min: 20.1, Avg: 20.1, Max: 20.1, Diff: 0.0, Sum: 40.2]
      [GC Worker End (ms): Min: 10094441.1, Avg: 10094441.1, Max: 10094441.1, Diff: 0.0]
   [Code Root Fixup: 0.3 ms]
   [Code Root Migration: 0.2 ms]
   [Clear CT: 0.8 ms]
   [Other: 2.5 ms]
      [Choose CSet: 0.0 ms]
      [Ref Proc: 0.5 ms]
      [Ref Enq: 0.0 ms]
      [Free CSet: 1.8 ms]
   [Eden: 3372.0M(3372.0M)->0.0B(3368.0M) Survivors: 6144.0K->10.0M Heap: 4825.9M(5632.0M)->1457.6M(5632.0M)]
 [Times: user=0.04 sys=0.01, real=0.02 secs] 
2014-06-25T02:59:11.999+0000: 10094.448: Total time for which application threads were stopped: 0.0352488 seconds
2014-06-25T02:59:16.436+0000: 10098.885: [GC pause (G1 Evacuation Pause) (young)
Desired survivor size 222298112 bytes, new threshold 15 (max 15)
- age   1:    4332336 bytes,    4332336 total
- age   2:      21880 bytes,    4354216 total
- age   3:      52080 bytes,    4406296 total
- age   4:     106064 bytes,    4512360 total
- age   5:     176856 bytes,    4689216 total
- age   6:    1213888 bytes,    5903104 total
- age   7:     111640 bytes,    6014744 total
- age   8:     109304 bytes,    6124048 total
- age   9:      50520 bytes,    6174568 total
- age  10:     132248 bytes,    6306816 total
- age  11:     216720 bytes,    6523536 total
- age  12:      52824 bytes,    6576360 total
- age  13:      18776 bytes,    6595136 total
- age  14:       4920 bytes,    6600056 total
- age  15:     143216 bytes,    6743272 total
, 0.0303197 secs]
   [Parallel Time: 26.8 ms, GC Workers: 2]
      [GC Worker Start (ms): Min: 10098885.0, Avg: 10098885.0, Max: 10098885.0, Diff: 0.0]
      [Ext Root Scanning (ms): Min: 1.2, Avg: 1.3, Max: 1.5, Diff: 0.3, Sum: 2.7]
      [Update RS (ms): Min: 1.4, Avg: 1.5, Max: 1.5, Diff: 0.1, Sum: 2.9]
         [Processed Buffers: Min: 6, Avg: 17.5, Max: 29, Diff: 23, Sum: 35]
      [Scan RS (ms): Min: 2.1, Avg: 2.1, Max: 2.2, Diff: 0.1, Sum: 4.3]
      [Code Root Scanning (ms): Min: 0.8, Avg: 0.8, Max: 0.9, Diff: 0.1, Sum: 1.7]
      [Object Copy (ms): Min: 20.8, Avg: 21.0, Max: 21.1, Diff: 0.2, Sum: 41.9]
      [Termination (ms): Min: 0.0, Avg: 0.0, Max: 0.0, Diff: 0.0, Sum: 0.0]
      [GC Worker Other (ms): Min: 0.0, Avg: 0.1, Max: 0.1, Diff: 0.0, Sum: 0.1]
      [GC Worker Total (ms): Min: 26.8, Avg: 26.8, Max: 26.8, Diff: 0.0, Sum: 53.5]
      [GC Worker End (ms): Min: 10098911.7, Avg: 10098911.7, Max: 10098911.7, Diff: 0.0]
   [Code Root Fixup: 0.3 ms]
   [Code Root Migration: 0.2 ms]
   [Clear CT: 0.8 ms]
   [Other: 2.2 ms]
      [Choose CSet: 0.0 ms]
      [Ref Proc: 0.2 ms]
      [Ref Enq: 0.0 ms]
      [Free CSet: 1.8 ms]
   [Eden: 3368.0M(3368.0M)->0.0B(3366.0M) Survivors: 10.0M->12.0M Heap: 4825.6M(5632.0M)->1461.2M(5632.0M)]
 [Times: user=0.05 sys=0.01, real=0.03 secs] 
2014-06-25T02:59:16.466+0000: 10098.915: Total time for which application threads were stopped: 0.0340921 seconds
2014-06-25T02:59:21.683+0000: 10104.132: Total time for which application threads were stopped: 0.0030429 seconds
2014-06-25T02:59:21.705+0000: 10104.155: Total time for which application threads were stopped: 0.0039699 seconds
2014-06-25T02:59:22.630+0000: 10105.079: [GC pause (G1 Evacuation Pause) (young)
Desired survivor size 222298112 bytes, new threshold 15 (max 15)
- age   1:    3331240 bytes,    3331240 total
- age   2:    4162656 bytes,    7493896 total
- age   3:      21328 bytes,    7515224 total
- age   4:      51496 bytes,    7566720 total
- age   5:     105856 bytes,    7672576 total
- age   6:     149648 bytes,    7822224 total
- age   7:    1213392 bytes,    9035616 total
- age   8:      92648 bytes,    9128264 total
- age   9:      92888 bytes,    9221152 total
- age  10:      50392 bytes,    9271544 total
- age  11:     110856 bytes,    9382400 total
- age  12:     176304 bytes,    9558704 total
- age  13:      52824 bytes,    9611528 total
- age  14:       7096 bytes,    9618624 total
- age  15:       4920 bytes,    9623544 total
, 0.0206951 secs]
   [Parallel Time: 15.8 ms, GC Workers: 2]
      [GC Worker Start (ms): Min: 10105079.1, Avg: 10105081.0, Max: 10105082.9, Diff: 3.8]
      [Ext Root Scanning (ms): Min: 0.0, Avg: 1.3, Max: 2.5, Diff: 2.5, Sum: 2.5]
      [Update RS (ms): Min: 1.2, Avg: 4.4, Max: 7.6, Diff: 6.4, Sum: 8.9]
         [Processed Buffers: Min: 2, Avg: 20.5, Max: 39, Diff: 37, Sum: 41]
      [Scan RS (ms): Min: 1.5, Avg: 2.3, Max: 3.0, Diff: 1.5, Sum: 4.6]
      [Code Root Scanning (ms): Min: 0.6, Avg: 2.6, Max: 4.6, Diff: 4.0, Sum: 5.2]
      [Object Copy (ms): Min: 3.0, Avg: 3.2, Max: 3.3, Diff: 0.3, Sum: 6.4]
      [Termination (ms): Min: 0.0, Avg: 0.0, Max: 0.0, Diff: 0.0, Sum: 0.0]
      [GC Worker Other (ms): Min: 0.1, Avg: 0.1, Max: 0.1, Diff: 0.0, Sum: 0.1]
      [GC Worker Total (ms): Min: 11.9, Avg: 13.8, Max: 15.7, Diff: 3.8, Sum: 27.7]
      [GC Worker End (ms): Min: 10105094.8, Avg: 10105094.8, Max: 10105094.8, Diff: 0.0]
   [Code Root Fixup: 0.2 ms]
   [Code Root Migration: 0.2 ms]
   [Clear CT: 1.1 ms]
   [Other: 3.4 ms]
      [Choose CSet: 0.0 ms]
      [Ref Proc: 0.8 ms]
      [Ref Enq: 0.0 ms]
      [Free CSet: 2.4 ms]
   [Eden: 3366.0M(3366.0M)->0.0B(3372.0M) Survivors: 12.0M->6144.0K Heap: 4827.2M(5632.0M)->1454.3M(5632.0M)]
 [Times: user=0.02 sys=0.00, real=0.02 secs] 
2014-06-25T02:59:22.651+0000: 10105.100: Total time for which application threads were stopped: 0.0214458 seconds
2014-06-25T02:59:25.278+0000: 10107.727: Total time for which application threads were stopped: 0.0060552 seconds
2014-06-25T02:59:26.012+0000: 10108.461: Total time for which application threads were stopped: 0.0040328 seconds
2014-06-25T02:59:26.668+0000: 10109.117: Total time for which application threads were stopped: 0.0043533 seconds
2014-06-25T02:59:29.232+0000: 10111.681: [GC pause (G1 Evacuation Pause) (young)
Desired survivor size 222298112 bytes, new threshold 15 (max 15)
- age   1:     306312 bytes,     306312 total
- age   2:     159512 bytes,     465824 total
- age   3:     117704 bytes,     583528 total
- age   4:      20784 bytes,     604312 total
- age   5:      49336 bytes,     653648 total
- age   6:     102656 bytes,     756304 total
- age   7:     135056 bytes,     891360 total
- age   8:    1212992 bytes,    2104352 total
- age   9:      91944 bytes,    2196296 total
- age  10:      91448 bytes,    2287744 total
- age  11:      49848 bytes,    2337592 total
- age  12:     108400 bytes,    2445992 total
- age  13:     165328 bytes,    2611320 total
- age  14:      52824 bytes,    2664144 total
- age  15:       5736 bytes,    2669880 total
, 0.0123842 secs]
   [Parallel Time: 9.0 ms, GC Workers: 2]
      [GC Worker Start (ms): Min: 10111681.0, Avg: 10111681.0, Max: 10111681.0, Diff: 0.0]
      [Ext Root Scanning (ms): Min: 1.2, Avg: 1.3, Max: 1.4, Diff: 0.3, Sum: 2.6]
      [Update RS (ms): Min: 1.5, Avg: 1.5, Max: 1.6, Diff: 0.1, Sum: 3.0]
         [Processed Buffers: Min: 13, Avg: 19.0, Max: 25, Diff: 12, Sum: 38]
      [Scan RS (ms): Min: 2.1, Avg: 2.1, Max: 2.1, Diff: 0.1, Sum: 4.2]
      [Code Root Scanning (ms): Min: 0.8, Avg: 0.8, Max: 0.8, Diff: 0.0, Sum: 1.7]
      [Object Copy (ms): Min: 3.1, Avg: 3.2, Max: 3.3, Diff: 0.1, Sum: 6.4]
      [Termination (ms): Min: 0.0, Avg: 0.0, Max: 0.0, Diff: 0.0, Sum: 0.0]
      [GC Worker Other (ms): Min: 0.0, Avg: 0.0, Max: 0.1, Diff: 0.0, Sum: 0.1]
      [GC Worker Total (ms): Min: 9.0, Avg: 9.0, Max: 9.0, Diff: 0.0, Sum: 18.0]
      [GC Worker End (ms): Min: 10111690.0, Avg: 10111690.0, Max: 10111690.0, Diff: 0.0]
   [Code Root Fixup: 0.2 ms]
   [Code Root Migration: 0.1 ms]
   [Clear CT: 0.8 ms]
   [Other: 2.2 ms]
      [Choose CSet: 0.0 ms]
      [Ref Proc: 0.4 ms]
      [Ref Enq: 0.0 ms]
      [Free CSet: 1.7 ms]
   [Eden: 3372.0M(3372.0M)->0.0B(3372.0M) Survivors: 6144.0K->6144.0K Heap: 4826.3M(5632.0M)->1454.3M(5632.0M)]
 [Times: user=0.02 sys=0.00, real=0.01 secs] 
2014-06-25T02:59:29.244+0000: 10111.693: Total time for which application threads were stopped: 0.0150476 seconds
2014-06-25T02:59:30.303+0000: 10112.752: Total time for which application threads were stopped: 0.0043929 seconds
2014-06-25T02:59:31.308+0000: 10113.757: Total time for which application threads were stopped: 0.0041739 seconds
2014-06-25T02:59:32.141+0000: 10114.591: Total time for which application threads were stopped: 0.0004777 seconds
2014-06-25T02:59:33.376+0000: 10115.825: Total time for which application threads were stopped: 0.0034084 seconds
2014-06-25T02:59:33.985+0000: 10116.434: Total time for which application threads were stopped: 0.0006497 seconds
2014-06-25T02:59:34.395+0000: 10116.844: Total time for which application threads were stopped: 0.0032567 seconds
2014-06-25T02:59:34.608+0000: 10117.057: Total time for which application threads were stopped: 0.0019505 seconds
2014-06-25T02:59:34.653+0000: 10117.102: Total time for which application threads were stopped: 0.0056332 seconds
2014-06-25T02:59:35.004+0000: 10117.454: Total time for which application threads were stopped: 0.0006031 seconds
2014-06-25T02:59:35.032+0000: 10117.481: Total time for which application threads were stopped: 0.0030768 seconds
2014-06-25T02:59:35.084+0000: 10117.533: Total time for which application threads were stopped: 0.0012846 seconds
2014-06-25T02:59:36.224+0000: 10118.673: [GC pause (G1 Evacuation Pause) (young)
Desired survivor size 222298112 bytes, new threshold 15 (max 15)
- age   1:     546928 bytes,     546928 total
- age   2:     220408 bytes,     767336 total
- age   3:     144264 bytes,     911600 total
- age   4:     102568 bytes,    1014168 total
- age   5:      20552 bytes,    1034720 total
- age   6:      35072 bytes,    1069792 total
- age   7:     101208 bytes,    1171000 total
- age   8:      88856 bytes,    1259856 total
- age   9:     871912 bytes,    2131768 total
- age  10:      46096 bytes,    2177864 total
- age  11:      91448 bytes,    2269312 total
- age  12:      46912 bytes,    2316224 total
- age  13:     108104 bytes,    2424328 total
- age  14:     164752 bytes,    2589080 total
- age  15:      52824 bytes,    2641904 total
, 0.0152506 secs]
   [Parallel Time: 11.6 ms, GC Workers: 2]
      [GC Worker Start (ms): Min: 10118673.0, Avg: 10118673.0, Max: 10118673.0, Diff: 0.0]
      [Ext Root Scanning (ms): Min: 1.2, Avg: 1.3, Max: 1.4, Diff: 0.2, Sum: 2.6]
      [Update RS (ms): Min: 1.6, Avg: 1.6, Max: 1.6, Diff: 0.0, Sum: 3.3]
         [Processed Buffers: Min: 9, Avg: 20.5, Max: 32, Diff: 23, Sum: 41]
      [Scan RS (ms): Min: 2.1, Avg: 2.1, Max: 2.1, Diff: 0.0, Sum: 4.2]
      [Code Root Scanning (ms): Min: 0.8, Avg: 0.8, Max: 0.9, Diff: 0.0, Sum: 1.7]
      [Object Copy (ms): Min: 5.5, Avg: 5.5, Max: 5.6, Diff: 0.2, Sum: 11.1]
      [Termination (ms): Min: 0.0, Avg: 0.0, Max: 0.0, Diff: 0.0, Sum: 0.0]
      [GC Worker Other (ms): Min: 0.0, Avg: 0.0, Max: 0.1, Diff: 0.0, Sum: 0.1]
      [GC Worker Total (ms): Min: 11.5, Avg: 11.5, Max: 11.5, Diff: 0.0, Sum: 23.0]
      [GC Worker End (ms): Min: 10118684.5, Avg: 10118684.5, Max: 10118684.5, Diff: 0.0]
   [Code Root Fixup: 0.2 ms]
   [Code Root Migration: 0.1 ms]
   [Clear CT: 0.8 ms]
   [Other: 2.6 ms]
      [Choose CSet: 0.0 ms]
      [Ref Proc: 0.8 ms]
      [Ref Enq: 0.0 ms]
      [Free CSet: 1.7 ms]
   [Eden: 3372.0M(3372.0M)->0.0B(3372.0M) Survivors: 6144.0K->6144.0K Heap: 4826.3M(5632.0M)->1454.8M(5632.0M)]
 [Times: user=0.03 sys=0.00, real=0.02 secs] 
2014-06-25T02:59:36.239+0000: 10118.688: Total time for which application threads were stopped: 0.0180403 seconds
2014-06-25T02:59:39.348+0000: 10121.797: Total time for which application threads were stopped: 0.0043857 seconds
2014-06-25T02:59:40.352+0000: 10122.801: Total time for which application threads were stopped: 0.0036397 seconds
2014-06-25T02:59:41.743+0000: 10124.192: Total time for which application threads were stopped: 0.0044063 seconds
2014-06-25T02:59:42.494+0000: 10124.943: Total time for which application threads were stopped: 0.0037898 seconds
2014-06-25T02:59:42.763+0000: 10125.212: [GC pause (G1 Evacuation Pause) (young)
Desired survivor size 222298112 bytes, new threshold 15 (max 15)
- age   1:    1884608 bytes,    1884608 total
- age   2:      81888 bytes,    1966496 total
- age   3:      94816 bytes,    2061312 total
- age   4:     111144 bytes,    2172456 total
- age   5:      50072 bytes,    2222528 total
- age   6:      20304 bytes,    2242832 total
- age   7:      33008 bytes,    2275840 total
- age   8:      98512 bytes,    2374352 total
- age   9:      61344 bytes,    2435696 total
- age  10:     865696 bytes,    3301392 total
- age  11:      37336 bytes,    3338728 total
- age  12:      55720 bytes,    3394448 total
- age  13:      38320 bytes,    3432768 total
- age  14:      69456 bytes,    3502224 total
- age  15:      62824 bytes,    3565048 total
, 0.0130737 secs]
   [Parallel Time: 9.9 ms, GC Workers: 2]
      [GC Worker Start (ms): Min: 10125212.2, Avg: 10125212.3, Max: 10125212.3, Diff: 0.0]
      [Ext Root Scanning (ms): Min: 1.2, Avg: 1.3, Max: 1.4, Diff: 0.3, Sum: 2.6]
      [Update RS (ms): Min: 1.6, Avg: 1.6, Max: 1.7, Diff: 0.1, Sum: 3.2]
         [Processed Buffers: Min: 9, Avg: 21.5, Max: 34, Diff: 25, Sum: 43]
      [Scan RS (ms): Min: 2.0, Avg: 2.1, Max: 2.1, Diff: 0.1, Sum: 4.2]
      [Code Root Scanning (ms): Min: 0.8, Avg: 0.8, Max: 0.9, Diff: 0.0, Sum: 1.7]
      [Object Copy (ms): Min: 3.8, Avg: 3.9, Max: 4.0, Diff: 0.2, Sum: 7.8]
      [Termination (ms): Min: 0.0, Avg: 0.0, Max: 0.0, Diff: 0.0, Sum: 0.0]
      [GC Worker Other (ms): Min: 0.0, Avg: 0.1, Max: 0.1, Diff: 0.0, Sum: 0.1]
      [GC Worker Total (ms): Min: 9.8, Avg: 9.8, Max: 9.9, Diff: 0.0, Sum: 19.7]
      [GC Worker End (ms): Min: 10125222.1, Avg: 10125222.1, Max: 10125222.1, Diff: 0.0]
   [Code Root Fixup: 0.2 ms]
   [Code Root Migration: 0.1 ms]
   [Clear CT: 0.7 ms]
   [Other: 2.1 ms]
      [Choose CSet: 0.0 ms]
      [Ref Proc: 0.3 ms]
      [Ref Enq: 0.0 ms]
      [Free CSet: 1.6 ms]
   [Eden: 3372.0M(3372.0M)->0.0B(3372.0M) Survivors: 6144.0K->6144.0K Heap: 4826.8M(5632.0M)->1454.4M(5632.0M)]
 [Times: user=0.01 sys=0.01, real=0.02 secs] 
2014-06-25T02:59:42.776+0000: 10125.225: Total time for which application threads were stopped: 0.0170579 seconds
2014-06-25T02:59:42.962+0000: 10125.411: Total time for which application threads were stopped: 0.0005696 seconds
