12.221: [GC (GCLocker Initiated GC)12.221: [ParNew: 174848K->25512K(349568K), 0.0157380 secs] 174848K->25512K(354944K), 0.0158160 secs] [Times: user=0.07 sys=0.03, real=0.02 secs] 
14.260: [GC (Allocation Failure)14.260: [ParNew: 200360K->19676K(349568K), 0.0066590 secs] 200360K->19676K(354944K), 0.0067080 secs] [Times: user=0.04 sys=0.01, real=0.01 secs] 
15.621: [GC (Allocation Failure)15.621: [ParNew: 194524K->8213K(349568K), 0.0016490 secs] 194524K->8213K(354944K), 0.0016830 secs] [Times: user=0.01 sys=0.00, real=0.00 secs] 
16.819: [GC (GCLocker Initiated GC)16.819: [ParNew: 183061K->7953K(349568K), 0.0062090 secs] 183061K->7953K(354944K), 0.0062540 secs] [Times: user=0.02 sys=0.01, real=0.01 secs] 
18.421: [GC (GCLocker Initiated GC)18.421: [ParNew: 182801K->28791K(349568K), 0.0092820 secs] 182801K->28791K(354944K), 0.0093150 secs] [Times: user=0.07 sys=0.00, real=0.01 secs] 
19.653: [GC (Allocation Failure)19.653: [ParNew: 203639K->20816K(349568K), 0.0069730 secs] 203639K->20816K(354944K), 0.0070160 secs] [Times: user=0.03 sys=0.00, real=0.01 secs] 
20.702: [GC (Allocation Failure)20.702: [ParNew: 195664K->9647K(349568K), 0.0021410 secs] 195664K->9647K(354944K), 0.0021820 secs] [Times: user=0.01 sys=0.00, real=0.00 secs] 
21.633: [GC (GCLocker Initiated GC)21.633: [ParNew: 184495K->11474K(349568K), 0.0043290 secs] 184495K->11474K(354944K), 0.0043640 secs] [Times: user=0.03 sys=0.00, real=0.01 secs] 
22.651: [GC (GCLocker Initiated GC)22.651: [ParNew: 186322K->15285K(349568K), 0.0056220 secs] 186322K->15285K(354944K), 0.0056570 secs] [Times: user=0.03 sys=0.00, real=0.01 secs] 
23.803: [GC (GCLocker Initiated GC)23.803: [ParNew: 190135K->20150K(349568K), 0.0083080 secs] 190135K->20150K(354944K), 0.0083510 secs] [Times: user=0.05 sys=0.00, real=0.01 secs] 
24.615: [GC (GCLocker Initiated GC)24.615: [ParNew: 194998K->9001K(349568K), 0.0035950 secs] 194998K->9001K(354944K), 0.0036490 secs] [Times: user=0.01 sys=0.00, real=0.00 secs] 
25.011: [GC (Allocation Failure)25.011: [ParNew: 183849K->16025K(349568K), 0.0085810 secs] 183849K->16025K(354944K), 0.0086270 secs] [Times: user=0.03 sys=0.00, real=0.01 secs] 
25.713: [GC (GCLocker Initiated GC)25.713: [ParNew: 190876K->26596K(349568K), 0.0099270 secs] 190876K->26596K(354944K), 0.0099650 secs] [Times: user=0.05 sys=0.00, real=0.01 secs] 
26.670: [GC (Allocation Failure)26.670: [ParNew: 201444K->33135K(349568K), 0.0136150 secs] 201444K->33135K(354944K), 0.0136620 secs] [Times: user=0.06 sys=0.00, real=0.01 secs] 
26.684: [GC (GCLocker Initiated GC)26.684: [ParNew: 33697K->34687K(349568K), 0.0126320 secs] 33697K->34687K(354944K), 0.0126650 secs] [Times: user=0.06 sys=0.00, real=0.02 secs] 
27.568: [GC (GCLocker Initiated GC)27.568: [ParNew: 209536K->33426K(349568K), 0.0161490 secs] 209536K->35401K(354944K), 0.0161850 secs] [Times: user=0.08 sys=0.00, real=0.01 secs] 
28.331: [GC (GCLocker Initiated GC)28.331: [ParNew: 208274K->19042K(349568K), 0.0021020 secs] 210249K->21082K(354944K), 0.0021370 secs] [Times: user=0.01 sys=0.00, real=0.00 secs] 
28.692: [GC (GCLocker Initiated GC)28.693: [ParNew: 193891K->29695K(349568K), 0.0111200 secs] 195930K->31740K(354944K), 0.0111610 secs] [Times: user=0.07 sys=0.00, real=0.01 secs] 
29.191: [GC (GCLocker Initiated GC)29.191: [ParNew: 204543K->18546K(349568K), 0.0052630 secs] 206588K->20714K(354944K), 0.0053140 secs] [Times: user=0.02 sys=0.00, real=0.01 secs] 
30.141: [GC (Allocation Failure)30.141: [ParNew: 193395K->26950K(349568K), 0.0097870 secs] 195563K->29123K(354944K), 0.0098310 secs] [Times: user=0.05 sys=0.00, real=0.01 secs] 
30.151: [GC (GCLocker Initiated GC)30.151: [ParNew: 27887K->32609K(349568K), 0.0098090 secs] 30059K->34786K(354944K), 0.0098390 secs] [Times: user=0.06 sys=0.00, real=0.01 secs] 
30.900: [GC (Allocation Failure)30.900: [ParNew: 207457K->23038K(349568K), 0.0040520 secs] 209634K->25218K(354944K), 0.0040890 secs] [Times: user=0.02 sys=0.00, real=0.00 secs] 
31.362: [GC (Allocation Failure)31.362: [ParNew: 197886K->13676K(349568K), 0.0059910 secs] 200066K->15863K(354944K), 0.0060280 secs] [Times: user=0.02 sys=0.00, real=0.01 secs] 
31.369: [GC (GCLocker Initiated GC)31.369: [ParNew: 14387K->15348K(349568K), 0.0055320 secs] 16574K->17539K(354944K), 0.0055590 secs] [Times: user=0.03 sys=0.00, real=0.00 secs] 
31.955: [GC (Allocation Failure)31.955: [ParNew: 190196K->11473K(349568K), 0.0026210 secs] 192387K->13667K(354944K), 0.0026560 secs] [Times: user=0.01 sys=0.00, real=0.00 secs] 
32.494: [GC (GCLocker Initiated GC)32.494: [ParNew: 186321K->23760K(349568K), 0.0081560 secs] 188515K->26015K(354944K), 0.0081940 secs] [Times: user=0.06 sys=0.00, real=0.00 secs] 
33.442: [GC (Allocation Failure)33.442: [ParNew: 198608K->26013K(349568K), 0.0063220 secs] 200863K->28388K(354944K), 0.0063610 secs] [Times: user=0.04 sys=0.00, real=0.01 secs] 
33.963: [GC (GCLocker Initiated GC)33.963: [ParNew: 200861K->18158K(349568K), 0.0037770 secs] 203237K->20537K(354944K), 0.0038110 secs] [Times: user=0.02 sys=0.00, real=0.01 secs] 
34.555: [GC (GCLocker Initiated GC)34.555: [ParNew: 193009K->7676K(349568K), 0.0032520 secs] 195389K->10116K(354944K), 0.0032860 secs] [Times: user=0.02 sys=0.00, real=0.00 secs] 
35.093: [GC (Allocation Failure)35.093: [ParNew: 182525K->13326K(349568K), 0.0061900 secs] 184965K->15766K(354944K), 0.0062300 secs] [Times: user=0.02 sys=0.00, real=0.01 secs] 
35.099: [GC (GCLocker Initiated GC)35.099: [ParNew: 14053K->14341K(349568K), 0.0046430 secs] 16492K->16785K(354944K), 0.0046690 secs] [Times: user=0.03 sys=0.00, real=0.00 secs] 
35.681: [GC (Allocation Failure)35.681: [ParNew: 189198K->36168K(349568K), 0.0144720 secs] 191642K->38615K(354944K), 0.0145160 secs] [Times: user=0.09 sys=0.00, real=0.02 secs] 
35.695: [GC (GCLocker Initiated GC)35.695: [ParNew: 36588K->44551K(349568K), 0.0143720 secs] 39034K->47042K(354944K), 0.0144070 secs] [Times: user=0.08 sys=0.01, real=0.01 secs] 
36.140: [GC (Allocation Failure)36.140: [ParNew: 219399K->33064K(349568K), 0.0090840 secs] 221890K->35557K(354944K), 0.0091250 secs] [Times: user=0.06 sys=0.00, real=0.01 secs] 
36.149: [GC (GCLocker Initiated GC)36.149: [ParNew: 33479K->39462K(349568K), 0.0095980 secs] 35973K->41984K(354944K), 0.0096330 secs] [Times: user=0.06 sys=0.00, real=0.01 secs] 
36.671: [GC (GCLocker Initiated GC)36.671: [ParNew: 214311K->14587K(349568K), 0.0016450 secs] 216834K->17110K(354944K), 0.0016800 secs] [Times: user=0.01 sys=0.00, real=0.00 secs] 
37.263: [GC (GCLocker Initiated GC)37.263: [ParNew: 189435K->7579K(349568K), 0.0024630 secs] 191958K->10107K(354944K), 0.0025150 secs] [Times: user=0.01 sys=0.00, real=0.01 secs] 
37.770: [GC (GCLocker Initiated GC)37.770: [ParNew: 182427K->13557K(349568K), 0.0044080 secs] 184955K->16089K(354944K), 0.0044520 secs] [Times: user=0.02 sys=0.00, real=0.01 secs] 
38.142: [GC (GCLocker Initiated GC)38.142: [ParNew: 188405K->25515K(349568K), 0.0078170 secs] 190937K->28047K(354944K), 0.0078670 secs] [Times: user=0.05 sys=0.00, real=0.01 secs] 
38.777: [GC (Allocation Failure)38.777: [ParNew: 200368K->20584K(349568K), 0.0047510 secs] 202900K->23126K(354944K), 0.0047900 secs] [Times: user=0.03 sys=0.00, real=0.00 secs] 
38.782: [GC (GCLocker Initiated GC)38.782: [ParNew: 21799K->21561K(349568K), 0.0045350 secs] 24342K->24105K(354944K), 0.0045640 secs] [Times: user=0.03 sys=0.00, real=0.01 secs] 
39.283: [GC (Allocation Failure)39.283: [ParNew: 196409K->9437K(349568K), 0.0028100 secs] 198953K->11984K(354944K), 0.0028590 secs] [Times: user=0.01 sys=0.00, real=0.01 secs] 
39.860: [GC (Allocation Failure)39.860: [ParNew: 184290K->32200K(349568K), 0.0128830 secs] 186838K->34751K(354944K), 0.0129280 secs] [Times: user=0.07 sys=0.00, real=0.01 secs] 
39.874: [GC (GCLocker Initiated GC)39.874: [ParNew: 32512K->42231K(349568K), 0.0111520 secs] 35063K->44786K(354944K), 0.0111860 secs] [Times: user=0.07 sys=0.00, real=0.02 secs] 
40.279: [GC (GCLocker Initiated GC)40.279: [ParNew: 217079K->26799K(349568K), 0.0086950 secs] 219634K->29358K(354944K), 0.0087350 secs] [Times: user=0.06 sys=0.00, real=0.01 secs] 
40.954: [GC (Allocation Failure)40.954: [ParNew: 201649K->32073K(349568K), 0.0083250 secs] 204208K->34632K(354944K), 0.0083750 secs] [Times: user=0.06 sys=0.00, real=0.01 secs] 
40.962: [GC (GCLocker Initiated GC)40.962: [ParNew: 32671K->35386K(349568K), 0.0082400 secs] 35230K->38078K(354944K), 0.0082790 secs] [Times: user=0.06 sys=0.00, real=0.01 secs] 
40.971: [GC (CMS Initial Mark) [1 CMS-initial-mark: 2692K(5376K)] 38078K(354944K), 0.0147940 secs] [Times: user=0.01 sys=0.00, real=0.02 secs] 
40.986: [CMS-concurrent-mark-start]
40.991: [CMS-concurrent-mark: 0.005/0.005 secs] [Times: user=0.03 sys=0.00, real=0.00 secs] 
40.991: [CMS-concurrent-preclean-start]
40.991: [CMS-concurrent-preclean: 0.000/0.000 secs] [Times: user=0.00 sys=0.00, real=0.00 secs] 
40.991: [CMS-concurrent-abortable-preclean-start]
41.340: [CMS-concurrent-abortable-preclean: 0.249/0.349 secs] [Times: user=2.29 sys=0.03, real=0.35 secs] 
41.340: [GC (CMS Final Remark)[YG occupancy: 206871 K (349568 K)]41.340: [Rescan (parallel) , 0.0696600 secs]41.410: [weak refs processing, 0.0000440 secs]41.410: [scrub string table, 0.0001880 secs] [1 CMS-remark: 2692K(5376K)] 209564K(354944K), 0.0699640 secs] [Times: user=0.50 sys=0.01, real=0.07 secs] 
41.410: [CMS-concurrent-sweep-start]
41.411: [CMS-concurrent-sweep: 0.001/0.001 secs] [Times: user=0.01 sys=0.00, real=0.00 secs] 
41.411: [CMS-concurrent-reset-start]
41.416: [CMS-concurrent-reset: 0.005/0.005 secs] [Times: user=0.02 sys=0.00, real=0.01 secs] 
41.419: [GC (Allocation Failure)41.419: [ParNew: 210240K->23572K(349568K), 0.0068960 secs] 212899K->26231K(354944K), 0.0069300 secs] [Times: user=0.04 sys=0.00, real=0.01 secs] 
41.426: [GC (GCLocker Initiated GC)41.426: [ParNew: 23916K->21436K(349568K), 0.0066320 secs] 26575K->24383K(354944K), 0.0066650 secs] [Times: user=0.05 sys=0.01, real=0.00 secs] 
41.961: [GC (Allocation Failure)41.961: [ParNew: 196284K->17725K(349568K), 0.0018950 secs] 199231K->20672K(354944K), 0.0019430 secs] [Times: user=0.01 sys=0.00, real=0.00 secs] 
42.372: [GC (GCLocker Initiated GC)42.372: [ParNew: 192573K->18455K(349568K), 0.0066230 secs] 195520K->21405K(354944K), 0.0066590 secs] [Times: user=0.04 sys=0.00, real=0.01 secs] 
43.062: [GC (Allocation Failure)43.062: [ParNew: 193448K->33594K(349568K), 0.0134490 secs] 196397K->36545K(354944K), 0.0135070 secs] [Times: user=0.07 sys=0.00, real=0.02 secs] 
43.077: [GC (GCLocker Initiated GC)43.077: [ParNew: 34574K->42986K(349568K), 0.0098380 secs] 37526K->45939K(354944K), 0.0098700 secs] [Times: user=0.07 sys=0.00, real=0.01 secs] 
43.687: [GC (CMS Initial Mark) [1 CMS-initial-mark: 2953K(5568K)] 220787K(355136K), 0.1054150 secs] [Times: user=0.11 sys=0.00, real=0.10 secs] 
43.793: [CMS-concurrent-mark-start]
43.793: [GC (GCLocker Initiated GC)43.793: [ParNew: 217836K->60119K(349568K), 0.0187350 secs] 220789K->63074K(355136K), 0.0187760 secs] [Times: user=0.12 sys=0.01, real=0.02 secs] 
43.825: [CMS-concurrent-mark: 0.012/0.032 secs] [Times: user=0.20 sys=0.01, real=0.04 secs] 
43.825: [CMS-concurrent-preclean-start]
43.826: [CMS-concurrent-preclean: 0.000/0.000 secs] [Times: user=0.01 sys=0.00, real=0.00 secs] 
43.826: [CMS-concurrent-abortable-preclean-start]
44.134: [GC (GCLocker Initiated GC)44.134: [ParNew: 234973K->86269K(349568K), 0.0289250 secs] 237928K->89226K(355136K), 0.0289780 secs] [Times: user=0.15 sys=0.02, real=0.02 secs] 
44.472: [GC (GCLocker Initiated GC)44.472: [ParNew: 261117K->101943K(349568K), 0.0257170 secs] 264074K->104900K(355136K), 0.0257780 secs] [Times: user=0.17 sys=0.01, real=0.03 secs] 
44.598: [CMS-concurrent-abortable-preclean: 0.617/0.773 secs] [Times: user=4.99 sys=0.07, real=0.77 secs] 
44.598: [GC (CMS Final Remark)[YG occupancy: 131388 K (349568 K)]44.598: [Rescan (parallel) , 0.0172980 secs]44.616: [weak refs processing, 0.0000160 secs]44.616: [scrub string table, 0.0001750 secs] [1 CMS-remark: 2956K(5568K)] 134344K(355136K), 0.0175400 secs] [Times: user=0.12 sys=0.00, real=0.02 secs] 
44.616: [CMS-concurrent-sweep-start]
44.617: [CMS-concurrent-sweep: 0.001/0.001 secs] [Times: user=0.00 sys=0.00, real=0.00 secs] 
44.617: [CMS-concurrent-reset-start]
44.618: [CMS-concurrent-reset: 0.000/0.000 secs] [Times: user=0.01 sys=0.00, real=0.00 secs] 
44.944: [GC (GCLocker Initiated GC)44.944: [ParNew: 276791K->60029K(349568K), 0.0086630 secs] 279739K->62979K(355136K), 0.0087150 secs] [Times: user=0.05 sys=0.00, real=0.00 secs] 
45.434: [GC (Allocation Failure)45.435: [ParNew: 234879K->42967K(349568K), 0.0148690 secs] 237829K->45920K(355136K), 0.0149130 secs] [Times: user=0.09 sys=0.00, real=0.01 secs] 
45.450: [GC (GCLocker Initiated GC)45.450: [ParNew: 44086K->54426K(349568K), 0.0133000 secs] 47039K->57379K(355136K), 0.0133410 secs] [Times: user=0.08 sys=0.00, real=0.01 secs] 
46.109: [GC (Allocation Failure)46.109: [ParNew: 229274K->33880K(349568K), 0.0071890 secs] 232227K->36833K(355136K), 0.0072410 secs] [Times: user=0.05 sys=0.00, real=0.01 secs] 
46.465: [GC (GCLocker Initiated GC)46.465: [ParNew: 208728K->26860K(349568K), 0.0067790 secs] 211681K->29818K(355136K), 0.0068200 secs] [Times: user=0.04 sys=0.00, real=0.00 secs] 
46.798: [GC (GCLocker Initiated GC)46.798: [ParNew: 201708K->34106K(349568K), 0.0125780 secs] 204667K->37064K(355136K), 0.0126210 secs] [Times: user=0.08 sys=0.00, real=0.01 secs] 
47.294: [GC (GCLocker Initiated GC)47.294: [ParNew: 208954K->54611K(349568K), 0.0164780 secs] 211912K->57571K(355136K), 0.0165200 secs] [Times: user=0.10 sys=0.00, real=0.01 secs] 
47.925: [GC (GCLocker Initiated GC)47.925: [ParNew: 229462K->38061K(349568K), 0.0102340 secs] 232421K->41021K(355136K), 0.0102930 secs] [Times: user=0.06 sys=0.00, real=0.01 secs] 
48.440: [GC (Allocation Failure)48.440: [ParNew: 212915K->20487K(349568K), 0.0080580 secs] 215875K->23448K(355136K), 0.0081110 secs] [Times: user=0.04 sys=0.00, real=0.01 secs] 
48.449: [GC (GCLocker Initiated GC)48.449: [ParNew: 21913K->22722K(349568K), 0.0072910 secs] 24873K->25684K(355136K), 0.0073290 secs] [Times: user=0.04 sys=0.00, real=0.01 secs] 
48.870: [GC (Allocation Failure)48.870: [ParNew: 197747K->38672K(349568K), 0.0136070 secs] 200709K->41637K(355136K), 0.0136620 secs] [Times: user=0.09 sys=0.00, real=0.01 secs] 
48.885: [GC (GCLocker Initiated GC)48.885: [ParNew: 39549K->53162K(349568K), 0.0126850 secs] 42515K->56127K(355136K), 0.0127200 secs] [Times: user=0.09 sys=0.00, real=0.01 secs] 
49.260: [GC (GCLocker Initiated GC)49.260: [ParNew: 228010K->37478K(349568K), 0.0258850 secs] 230975K->44661K(357056K), 0.0259380 secs] [Times: user=0.12 sys=0.01, real=0.03 secs] 
49.286: [GC (CMS Initial Mark) [1 CMS-initial-mark: 7183K(7488K)] 44887K(357056K), 0.0162290 secs] [Times: user=0.02 sys=0.00, real=0.01 secs] 
49.302: [CMS-concurrent-mark-start]
49.312: [CMS-concurrent-mark: 0.010/0.010 secs] [Times: user=0.04 sys=0.00, real=0.01 secs] 
49.312: [CMS-concurrent-preclean-start]
49.312: [CMS-concurrent-preclean: 0.000/0.000 secs] [Times: user=0.00 sys=0.00, real=0.00 secs] 
49.312: [CMS-concurrent-abortable-preclean-start]
49.839: [GC (Allocation Failure)49.839: [ParNew: 213195K->48163K(349568K), 0.0184190 secs] 220379K->57001K(358784K), 0.0184720 secs] [Times: user=0.11 sys=0.01, real=0.02 secs] 
49.857: [CMS-concurrent-abortable-preclean: 0.421/0.545 secs] [Times: user=2.19 sys=0.03, real=0.55 secs] 
49.857: [GC (CMS Final Remark)[YG occupancy: 48781 K (349568 K)]49.857: [Rescan (parallel) , 0.0061920 secs]49.864: [weak refs processing, 0.0000120 secs]49.864: [scrub string table, 0.0001550 secs] [1 CMS-remark: 8838K(9216K)] 57620K(358784K), 0.0063970 secs] [Times: user=0.03 sys=0.00, real=0.00 secs] 
49.864: [GC (GCLocker Initiated GC)49.864: [ParNew: 49159K->53331K(349568K), 0.0147290 secs] 57997K->62171K(358784K), 0.0147760 secs] [Times: user=0.09 sys=0.00, real=0.02 secs] 
49.879: [CMS-concurrent-sweep-start]
49.883: [CMS-concurrent-sweep: 0.004/0.004 secs] [Times: user=0.02 sys=0.00, real=0.00 secs] 
49.883: [CMS-concurrent-reset-start]
49.883: [CMS-concurrent-reset: 0.001/0.001 secs] [Times: user=0.00 sys=0.00, real=0.00 secs] 
50.306: [GC (Allocation Failure)50.306: [ParNew: 228180K->47625K(349568K), 0.0141360 secs] 237015K->56461K(364296K), 0.0141960 secs] [Times: user=0.09 sys=0.00, real=0.01 secs] 
50.320: [GC (GCLocker Initiated GC)50.320: [ParNew: 48345K->46146K(349568K), 0.0131580 secs] 57181K->54984K(364296K), 0.0132250 secs] [Times: user=0.09 sys=0.00, real=0.01 secs] 
50.730: [GC (Allocation Failure)50.730: [ParNew: 221004K->29212K(349568K), 0.0097890 secs] 229843K->38051K(364296K), 0.0098370 secs] [Times: user=0.06 sys=0.00, real=0.01 secs] 
50.740: [GC (GCLocker Initiated GC)50.740: [ParNew: 29694K->33821K(349568K), 0.0094710 secs] 38533K->42661K(364296K), 0.0095030 secs] [Times: user=0.06 sys=0.01, real=0.01 secs] 
51.231: [GC (Allocation Failure)51.231: [ParNew: 208685K->39258K(349568K), 0.0155010 secs] 217525K->48100K(364296K), 0.0155550 secs] [Times: user=0.08 sys=0.01, real=0.02 secs] 
51.247: [GC (GCLocker Initiated GC)51.247: [ParNew: 40051K->38166K(349568K), 0.0197640 secs] 48892K->47009K(364296K), 0.0198120 secs] [Times: user=0.08 sys=0.00, real=0.02 secs] 
51.841: [GC (GCLocker Initiated GC)51.841: [ParNew: 213014K->26320K(349568K), 0.0067210 secs] 221857K->35164K(364296K), 0.0067700 secs] [Times: user=0.04 sys=0.00, real=0.01 secs] 
52.328: [GC (Allocation Failure)52.328: [ParNew: 201193K->49960K(349568K), 0.0167890 secs] 210037K->58806K(364296K), 0.0168460 secs] [Times: user=0.12 sys=0.00, real=0.02 secs] 
52.346: [GC (GCLocker Initiated GC)52.346: [ParNew: 51591K->61732K(349568K), 0.0169600 secs] 60438K->70582K(364296K), 0.0169990 secs] [Times: user=0.11 sys=0.00, real=0.01 secs] 
52.755: [GC (GCLocker Initiated GC)52.755: [ParNew: 236586K->41435K(349568K), 0.0096730 secs] 245436K->50285K(364296K), 0.0097300 secs] [Times: user=0.07 sys=0.00, real=0.01 secs] 
53.276: [GC (Allocation Failure)53.276: [ParNew: 216283K->27744K(349568K), 0.0045000 secs] 225133K->36597K(364296K), 0.0045480 secs] [Times: user=0.01 sys=0.00, real=0.00 secs] 
53.764: [GC (GCLocker Initiated GC)53.764: [ParNew: 202592K->7940K(349568K), 0.0030480 secs] 211445K->16792K(364296K), 0.0030940 secs] [Times: user=0.02 sys=0.00, real=0.00 secs] 
54.266: [GC (Allocation Failure)54.266: [ParNew: 182788K->33408K(349568K), 0.0161710 secs] 191640K->42262K(364296K), 0.0162360 secs] [Times: user=0.09 sys=0.00, real=0.01 secs] 
54.932: [GC (GCLocker Initiated GC)54.932: [ParNew: 208256K->34813K(349568K), 0.0094690 secs] 217110K->43669K(364296K), 0.0095120 secs] [Times: user=0.06 sys=0.00, real=0.01 secs] 
55.246: [GC (GCLocker Initiated GC)55.246: [ParNew: 209663K->56811K(349568K), 0.0185980 secs] 218519K->65667K(364296K), 0.0186500 secs] [Times: user=0.14 sys=0.00, real=0.02 secs] 
55.640: [GC (GCLocker Initiated GC)55.640: [ParNew: 231659K->42757K(349568K), 0.0094520 secs] 240515K->51614K(364296K), 0.0095050 secs] [Times: user=0.05 sys=0.00, real=0.01 secs] 
56.160: [GC (Allocation Failure)56.160: [ParNew: 217605K->15458K(349568K), 0.0020780 secs] 226462K->24315K(364296K), 0.0021360 secs] [Times: user=0.00 sys=0.00, real=0.00 secs] 
56.783: [GC (Allocation Failure)56.783: [ParNew: 190320K->34088K(349568K), 0.0130010 secs] 199177K->42948K(364296K), 0.0130440 secs] [Times: user=0.09 sys=0.00, real=0.02 secs] 
56.796: [GC (GCLocker Initiated GC)56.796: [ParNew: 34568K->44846K(349568K), 0.0137650 secs] 43429K->53707K(364296K), 0.0138380 secs] [Times: user=0.08 sys=0.00, real=0.01 secs] 
57.165: [GC (Allocation Failure)57.165: [ParNew: 220000K->61649K(349568K), 0.0256270 secs] 228861K->70513K(364296K), 0.0256880 secs] [Times: user=0.15 sys=0.01, real=0.02 secs] 
57.192: [GC (GCLocker Initiated GC)57.192: [ParNew: 62171K->90772K(349568K), 0.0219290 secs] 71035K->99635K(364296K), 0.0219780 secs] [Times: user=0.16 sys=0.00, real=0.02 secs] 
57.671: [GC (Allocation Failure)57.671: [ParNew: 265624K->60958K(349568K), 0.0201670 secs] 274488K->69822K(364296K), 0.0202160 secs] [Times: user=0.12 sys=0.00, real=0.02 secs] 
57.691: [GC (GCLocker Initiated GC)57.691: [ParNew: 61381K->74615K(349568K), 0.0182400 secs] 70246K->83487K(364296K), 0.0182880 secs] [Times: user=0.13 sys=0.00, real=0.02 secs] 
57.973: [GC (Allocation Failure)57.973: [ParNew: 250361K->112951K(349568K), 0.0462040 secs] 259233K->121823K(364296K), 0.0462600 secs] [Times: user=0.24 sys=0.01, real=0.05 secs] 
58.020: [GC (GCLocker Initiated GC)58.020: [ParNew: 114426K->134291K(349568K), 0.0475540 secs] 123298K->143164K(364296K), 0.0476090 secs] [Times: user=0.23 sys=0.02, real=0.05 secs] 
58.521: [GC (GCLocker Initiated GC)58.521: [ParNew: 309139K->83827K(349568K), 0.0253320 secs] 318012K->92702K(364296K), 0.0253970 secs] [Times: user=0.16 sys=0.01, real=0.03 secs] 
58.943: [GC (Allocation Failure)58.943: [ParNew: 258924K->106248K(349568K), 0.0311210 secs] 267799K->115133K(364296K), 0.0311970 secs] [Times: user=0.18 sys=0.00, real=0.03 secs] 
58.975: [GC (GCLocker Initiated GC)58.975: [ParNew: 106774K->104231K(349568K), 0.0323870 secs] 115658K->113118K(364296K), 0.0324430 secs] [Times: user=0.18 sys=0.00, real=0.03 secs] 
59.544: [GC (Allocation Failure)59.544: [ParNew: 279084K->65112K(349568K), 0.0159380 secs] 287971K->74000K(364296K), 0.0159960 secs] [Times: user=0.11 sys=0.00, real=0.02 secs] 
59.561: [GC (GCLocker Initiated GC)59.561: [ParNew: 65700K->53230K(349568K), 0.0171940 secs] 74588K->62123K(364296K), 0.0172390 secs] [Times: user=0.11 sys=0.00, real=0.02 secs] 
59.986: [GC (GCLocker Initiated GC)59.986: [ParNew: 228078K->49549K(349568K), 0.0168450 secs] 236971K->58445K(364296K), 0.0169060 secs] [Times: user=0.10 sys=0.00, real=0.01 secs] 
60.463: [GC (Allocation Failure)60.463: [ParNew: 224414K->56570K(349568K), 0.0196880 secs] 233310K->65467K(364296K), 0.0197500 secs] [Times: user=0.12 sys=0.00, real=0.02 secs] 
60.483: [GC (GCLocker Initiated GC)60.483: [ParNew: 56875K->60365K(349568K), 0.0215420 secs] 65773K->69274K(364296K), 0.0215900 secs] [Times: user=0.12 sys=0.00, real=0.03 secs] 
60.883: [GC (GCLocker Initiated GC)60.883: [ParNew: 235213K->76801K(349568K), 0.0213510 secs] 244122K->85710K(364296K), 0.0214210 secs] [Times: user=0.14 sys=0.00, real=0.02 secs] 
61.400: [GC (Allocation Failure)61.400: [ParNew: 251883K->89147K(349568K), 0.0237450 secs] 260792K->98065K(364296K), 0.0238070 secs] [Times: user=0.17 sys=0.00, real=0.02 secs] 
61.424: [GC (GCLocker Initiated GC)61.424: [ParNew: 89607K->99892K(349568K), 0.0240240 secs] 98524K->108810K(364296K), 0.0240690 secs] [Times: user=0.17 sys=0.00, real=0.03 secs] 
61.866: [GC (Allocation Failure)61.866: [ParNew: 274785K->60305K(349568K), 0.0200390 secs] 283702K->69231K(364296K), 0.0200980 secs] [Times: user=0.13 sys=0.00, real=0.02 secs] 
61.886: [GC (GCLocker Initiated GC)61.886: [ParNew: 60527K->67978K(349568K), 0.0193310 secs] 69453K->76904K(364296K), 0.0193730 secs] [Times: user=0.13 sys=0.00, real=0.02 secs] 
62.342: [GC (GCLocker Initiated GC)62.342: [ParNew: 242826K->46745K(349568K), 0.0134480 secs] 251753K->55782K(364296K), 0.0135020 secs] [Times: user=0.09 sys=0.00, real=0.02 secs] 
62.994: [GC (Allocation Failure)62.994: [ParNew: 221599K->33633K(349568K), 0.0124470 secs] 230636K->42675K(364296K), 0.0125110 secs] [Times: user=0.07 sys=0.00, real=0.01 secs] 
63.007: [GC (GCLocker Initiated GC)63.007: [ParNew: 34194K->35420K(349568K), 0.0112240 secs] 43236K->44772K(364296K), 0.0112650 secs] [Times: user=0.06 sys=0.00, real=0.01 secs] 
63.386: [GC (Allocation Failure)63.386: [ParNew: 210272K->50107K(349568K), 0.0195040 secs] 219624K->59461K(364296K), 0.0195620 secs] [Times: user=0.12 sys=0.01, real=0.02 secs] 
63.406: [GC (GCLocker Initiated GC)63.406: [ParNew: 50842K->58129K(349568K), 0.0163800 secs] 60196K->67484K(364296K), 0.0164240 secs] [Times: user=0.12 sys=0.00, real=0.01 secs] 
63.709: [GC (Allocation Failure)63.709: [ParNew: 233018K->97127K(349568K), 0.0331220 secs] 242373K->106484K(364296K), 0.0331980 secs] [Times: user=0.23 sys=0.00, real=0.03 secs] 
63.744: [GC (GCLocker Initiated GC)63.744: [ParNew: 98830K->109139K(349568K), 0.0358010 secs] 108186K->118496K(364296K), 0.0358960 secs] [Times: user=0.23 sys=0.00, real=0.04 secs] 
64.324: [GC (Allocation Failure)64.324: [ParNew: 283999K->71953K(349568K), 0.0223660 secs] 293356K->81313K(364296K), 0.0224280 secs] [Times: user=0.17 sys=0.00, real=0.02 secs] 
64.347: [GC (GCLocker Initiated GC)64.347: [ParNew: 72509K->74248K(349568K), 0.0225190 secs] 81869K->83613K(364296K), 0.0225670 secs] [Times: user=0.16 sys=0.00, real=0.02 secs] 
64.920: [GC (Allocation Failure)64.921: [ParNew: 249328K->56330K(349568K), 0.0127860 secs] 258693K->65694K(364296K), 0.0128590 secs] [Times: user=0.09 sys=0.00, real=0.01 secs] 
64.934: [GC (GCLocker Initiated GC)64.934: [ParNew: 57188K->42772K(349568K), 0.0135510 secs] 66553K->52142K(364296K), 0.0135970 secs] [Times: user=0.08 sys=0.00, real=0.02 secs] 
65.432: [GC (Allocation Failure)65.432: [ParNew: 217623K->37093K(349568K), 0.0173500 secs] 226993K->46466K(364296K), 0.0174090 secs] [Times: user=0.08 sys=0.00, real=0.02 secs] 
65.452: [GC (GCLocker Initiated GC)65.452: [ParNew: 38287K->44351K(349568K), 0.0162380 secs] 47660K->53724K(364296K), 0.0162940 secs] [Times: user=0.08 sys=0.00, real=0.02 secs] 
65.763: [GC (Allocation Failure)65.763: [ParNew: 219211K->61754K(349568K), 0.0231050 secs] 228584K->71129K(364296K), 0.0231660 secs] [Times: user=0.17 sys=0.00, real=0.03 secs] 
65.787: [GC (GCLocker Initiated GC)65.787: [ParNew: 62044K->86741K(349568K), 0.0215760 secs] 71419K->96116K(364296K), 0.0216270 secs] [Times: user=0.16 sys=0.00, real=0.02 secs] 
66.264: [GC (Allocation Failure)66.264: [ParNew: 261589K->56534K(349568K), 0.0193810 secs] 270965K->65916K(364296K), 0.0194430 secs] [Times: user=0.10 sys=0.00, real=0.02 secs] 
66.284: [GC (GCLocker Initiated GC)66.284: [ParNew: 57367K->46583K(349568K), 0.0172320 secs] 66749K->55971K(364296K), 0.0172790 secs] [Times: user=0.10 sys=0.00, real=0.02 secs] 
66.727: [GC (GCLocker Initiated GC)66.727: [ParNew: 221431K->38503K(349568K), 0.0136300 secs] 230819K->47892K(364296K), 0.0136990 secs] [Times: user=0.08 sys=0.00, real=0.01 secs] 
67.151: [GC (Allocation Failure)67.151: [ParNew: 213527K->48697K(349568K), 0.0215670 secs] 222915K->58088K(364296K), 0.0216280 secs] [Times: user=0.12 sys=0.00, real=0.02 secs] 
67.173: [GC (GCLocker Initiated GC)67.173: [ParNew: 49682K->49012K(349568K), 0.0169800 secs] 59072K->58402K(364296K), 0.0170250 secs] [Times: user=0.11 sys=0.00, real=0.02 secs] 
67.625: [GC (Allocation Failure)67.625: [ParNew: 223863K->34352K(349568K), 0.0127710 secs] 233254K->43745K(364296K), 0.0128230 secs] [Times: user=0.08 sys=0.00, real=0.01 secs] 
67.638: [GC (GCLocker Initiated GC)67.638: [ParNew: 34762K->37145K(349568K), 0.0127510 secs] 44156K->46539K(364296K), 0.0127890 secs] [Times: user=0.07 sys=0.00, real=0.01 secs] 
68.130: [GC (Allocation Failure)68.130: [ParNew: 211995K->40960K(349568K), 0.0163200 secs] 221388K->50355K(364296K), 0.0163630 secs] [Times: user=0.07 sys=0.00, real=0.02 secs] 
68.146: [GC (GCLocker Initiated GC)68.146: [ParNew: 41240K->43295K(349568K), 0.0133920 secs] 50635K->52690K(364296K), 0.0134330 secs] [Times: user=0.08 sys=0.00, real=0.01 secs] 
68.710: [GC (Allocation Failure)68.710: [ParNew: 218143K->34692K(349568K), 0.0102330 secs] 227538K->44090K(364296K), 0.0102900 secs] [Times: user=0.07 sys=0.00, real=0.01 secs] 
69.058: [GC (GCLocker Initiated GC)69.058: [ParNew: 209554K->71908K(349568K), 0.0291040 secs] 218952K->81305K(364296K), 0.0291610 secs] [Times: user=0.17 sys=0.00, real=0.03 secs] 
69.466: [GC (Allocation Failure)69.466: [ParNew: 246761K->48129K(349568K), 0.0181690 secs] 256159K->57528K(364296K), 0.0182260 secs] [Times: user=0.10 sys=0.00, real=0.01 secs] 
69.484: [GC (GCLocker Initiated GC)69.484: [ParNew: 48493K->47645K(349568K), 0.0181060 secs] 57892K->57044K(364296K), 0.0181460 secs] [Times: user=0.10 sys=0.00, real=0.02 secs] 
69.832: [GC (GCLocker Initiated GC)69.832: [ParNew: 222498K->66794K(349568K), 0.0187160 secs] 231896K->76199K(364296K), 0.0187680 secs] [Times: user=0.13 sys=0.00, real=0.02 secs] 
70.382: [GC (Allocation Failure)70.382: [ParNew: 241664K->47361K(349568K), 0.0143310 secs] 251069K->56767K(364296K), 0.0143870 secs] [Times: user=0.09 sys=0.00, real=0.02 secs] 
70.397: [GC (GCLocker Initiated GC)70.397: [ParNew: 47714K->45370K(349568K), 0.0147250 secs] 57120K->54781K(364296K), 0.0147700 secs] [Times: user=0.08 sys=0.01, real=0.01 secs] 
70.889: [GC (Allocation Failure)70.889: [ParNew: 220265K->26914K(349568K), 0.0087760 secs] 229677K->36326K(364296K), 0.0088350 secs] [Times: user=0.05 sys=0.00, real=0.01 secs] 
70.898: [GC (GCLocker Initiated GC)70.898: [ParNew: 27734K->31959K(349568K), 0.0089230 secs] 37146K->41372K(364296K), 0.0089710 secs] [Times: user=0.06 sys=0.00, real=0.01 secs] 
71.341: [GC (GCLocker Initiated GC)71.341: [ParNew: 206807K->40192K(349568K), 0.0136890 secs] 216220K->49607K(364296K), 0.0137440 secs] [Times: user=0.10 sys=0.00, real=0.02 secs] 
71.869: [GC (Allocation Failure)71.869: [ParNew: 215040K->17372K(349568K), 0.0044330 secs] 224455K->26787K(364296K), 0.0044840 secs] [Times: user=0.02 sys=0.00, real=0.00 secs] 
72.492: [GC (GCLocker Initiated GC)72.492: [ParNew: 192223K->16886K(349568K), 0.0123190 secs] 201638K->26303K(364296K), 0.0123810 secs] [Times: user=0.04 sys=0.00, real=0.02 secs] 
72.800: [GC (GCLocker Initiated GC)72.800: [ParNew: 191734K->39648K(349568K), 0.0161900 secs] 201151K->49065K(364296K), 0.0162510 secs] [Times: user=0.10 sys=0.00, real=0.02 secs] 
73.387: [GC (GCLocker Initiated GC)73.387: [ParNew: 214505K->22672K(349568K), 0.0078020 secs] 223922K->32090K(364296K), 0.0078430 secs] [Times: user=0.04 sys=0.00, real=0.01 secs] 
73.750: [GC (Allocation Failure)73.750: [ParNew: 197567K->49579K(349568K), 0.0180510 secs] 206986K->58997K(364296K), 0.0181160 secs] [Times: user=0.12 sys=0.00, real=0.02 secs] 
73.769: [GC (GCLocker Initiated GC)73.769: [ParNew: 50251K->58225K(349568K), 0.0184060 secs] 59669K->67646K(364296K), 0.0184460 secs] [Times: user=0.11 sys=0.00, real=0.02 secs] 
74.177: [GC (Allocation Failure)74.177: [ParNew: 233076K->46662K(349568K), 0.0167360 secs] 242497K->56085K(364296K), 0.0168020 secs] [Times: user=0.10 sys=0.00, real=0.01 secs] 
74.195: [GC (GCLocker Initiated GC)74.195: [ParNew: 47112K->46920K(349568K), 0.0184330 secs] 56535K->56344K(364296K), 0.0184720 secs] [Times: user=0.10 sys=0.00, real=0.01 secs] 
74.657: [GC (GCLocker Initiated GC)74.657: [ParNew: 221768K->29211K(349568K), 0.0102020 secs] 231192K->38635K(364296K), 0.0102440 secs] [Times: user=0.07 sys=0.00, real=0.01 secs] 
75.316: [GC (Allocation Failure)75.316: [ParNew: 204059K->38861K(349568K), 0.0116340 secs] 213483K->48289K(364296K), 0.0116940 secs] [Times: user=0.07 sys=0.00, real=0.01 secs] 
75.811: [GC (GCLocker Initiated GC)75.811: [ParNew: 213709K->23196K(349568K), 0.0086670 secs] 223137K->32626K(364296K), 0.0087170 secs] [Times: user=0.04 sys=0.00, real=0.01 secs] 
76.576: [GC (Allocation Failure)76.576: [ParNew: 198044K->15701K(349568K), 0.0057180 secs] 207474K->25132K(364296K), 0.0057800 secs] [Times: user=0.02 sys=0.00, real=0.00 secs] 
77.032: [GC (Allocation Failure)77.032: [ParNew: 190577K->55335K(349568K), 0.0223940 secs] 200007K->64767K(364296K), 0.0224450 secs] [Times: user=0.14 sys=0.00, real=0.03 secs] 
77.055: [GC (GCLocker Initiated GC)77.055: [ParNew: 56271K->75209K(349568K), 0.0219240 secs] 65704K->84642K(364296K), 0.0219750 secs] [Times: user=0.14 sys=0.00, real=0.02 secs] 
77.701: [GC (Allocation Failure)77.701: [ParNew: 250926K->72783K(349568K), 0.0221000 secs] 260358K->82217K(364296K), 0.0221640 secs] [Times: user=0.14 sys=0.00, real=0.02 secs] 
77.724: [GC (GCLocker Initiated GC)77.724: [ParNew: 73318K->79934K(349568K), 0.0229870 secs] 82752K->89370K(364296K), 0.0230380 secs] [Times: user=0.14 sys=0.00, real=0.03 secs] 
78.047: [GC (GCLocker Initiated GC)78.047: [ParNew: 254782K->98881K(349568K), 0.0348440 secs] 264218K->108319K(364296K), 0.0349160 secs] [Times: user=0.21 sys=0.00, real=0.03 secs] 
78.603: [GC (Allocation Failure)78.603: [ParNew: 273792K->64027K(349568K), 0.0203430 secs] 283229K->73467K(364296K), 0.0204030 secs] [Times: user=0.14 sys=0.00, real=0.02 secs] 
78.624: [GC (GCLocker Initiated GC)78.624: [ParNew: 64723K->49423K(349568K), 0.0192480 secs] 74163K->58866K(364296K), 0.0192930 secs] [Times: user=0.13 sys=0.00, real=0.02 secs] 
78.987: [GC (GCLocker Initiated GC)78.987: [ParNew: 224271K->45806K(349568K), 0.0170800 secs] 233714K->55252K(364296K), 0.0171460 secs] [Times: user=0.11 sys=0.01, real=0.01 secs] 
79.369: [GC (Allocation Failure)79.369: [ParNew: 220659K->49932K(349568K), 0.0238180 secs] 230104K->59378K(364296K), 0.0238810 secs] [Times: user=0.11 sys=0.00, real=0.02 secs] 
79.393: [GC (GCLocker Initiated GC)79.393: [ParNew: 50450K->52054K(349568K), 0.0179230 secs] 59896K->61502K(364296K), 0.0179700 secs] [Times: user=0.10 sys=0.00, real=0.02 secs] 
79.790: [GC (GCLocker Initiated GC)79.790: [ParNew: 227012K->85893K(349568K), 0.0295530 secs] 236460K->95341K(364296K), 0.0296070 secs] [Times: user=0.19 sys=0.00, real=0.03 secs] 
80.322: [GC (Allocation Failure)80.322: [ParNew: 260753K->57118K(349568K), 0.0062770 secs] 270201K->66572K(364296K), 0.0063330 secs] [Times: user=0.04 sys=0.00, real=0.01 secs] 
80.329: [GC (GCLocker Initiated GC)80.329: [ParNew: 57592K->25000K(349568K), 0.0063320 secs] 67046K->34458K(364296K), 0.0063720 secs] [Times: user=0.05 sys=0.00, real=0.01 secs] 
80.821: [GC (GCLocker Initiated GC)80.821: [ParNew: 199857K->32587K(349568K), 0.0092600 secs] 209315K->42047K(364296K), 0.0093110 secs] [Times: user=0.07 sys=0.00, real=0.01 secs] 
81.259: [GC (GCLocker Initiated GC)81.259: [ParNew: 207435K->44660K(349568K), 0.0216300 secs] 216895K->54122K(364296K), 0.0216860 secs] [Times: user=0.10 sys=0.00, real=0.02 secs] 
81.840: [GC (GCLocker Initiated GC)81.840: [ParNew: 219515K->29301K(349568K), 0.0077970 secs] 228978K->38764K(364296K), 0.0078520 secs] [Times: user=0.05 sys=0.00, real=0.01 secs] 
82.244: [GC (Allocation Failure)82.244: [ParNew: 204153K->41923K(349568K), 0.0189820 secs] 213617K->51387K(364296K), 0.0190390 secs] [Times: user=0.10 sys=0.01, real=0.02 secs] 
82.263: [GC (GCLocker Initiated GC)82.263: [ParNew: 42701K->50551K(349568K), 0.0184320 secs] 52165K->60017K(364296K), 0.0184810 secs] [Times: user=0.10 sys=0.00, real=0.02 secs] 
82.763: [GC (GCLocker Initiated GC)82.763: [ParNew: 225399K->24617K(349568K), 0.0043530 secs] 234865K->34083K(364296K), 0.0044060 secs] [Times: user=0.02 sys=0.00, real=0.01 secs] 
83.318: [GC (GCLocker Initiated GC)83.318: [ParNew: 199466K->16330K(349568K), 0.0063310 secs] 208931K->25798K(364296K), 0.0063760 secs] [Times: user=0.04 sys=0.00, real=0.01 secs] 
84.017: [GC (GCLocker Initiated GC)84.017: [ParNew: 191178K->9763K(349568K), 0.0032890 secs] 200646K->19233K(364296K), 0.0033400 secs] [Times: user=0.02 sys=0.00, real=0.00 secs] 
84.434: [GC (GCLocker Initiated GC)84.434: [ParNew: 184611K->33731K(349568K), 0.0155430 secs] 194081K->43201K(364296K), 0.0155910 secs] [Times: user=0.09 sys=0.00, real=0.02 secs] 
84.998: [GC (Allocation Failure)84.998: [ParNew: 208579K->27628K(349568K), 0.0087410 secs] 218049K->37098K(364296K), 0.0087940 secs] [Times: user=0.05 sys=0.00, real=0.01 secs] 
85.383: [GC (GCLocker Initiated GC)85.383: [ParNew: 202489K->44649K(349568K), 0.0161480 secs] 211959K->54123K(364296K), 0.0162250 secs] [Times: user=0.10 sys=0.00, real=0.02 secs] 
85.788: [GC (Allocation Failure)85.788: [ParNew: 219499K->48427K(349568K), 0.0147180 secs] 228973K->57900K(364296K), 0.0147830 secs] [Times: user=0.09 sys=0.00, real=0.01 secs] 
85.803: [GC (GCLocker Initiated GC)85.803: [ParNew: 49149K->35992K(349568K), 0.0149190 secs] 58623K->45467K(364296K), 0.0149900 secs] [Times: user=0.08 sys=0.00, real=0.02 secs] 
86.205: [GC (GCLocker Initiated GC)86.205: [ParNew: 210840K->48133K(349568K), 0.0190000 secs] 220315K->57611K(364296K), 0.0190520 secs] [Times: user=0.11 sys=0.00, real=0.01 secs] 
86.700: [GC (Allocation Failure)86.700: [ParNew: 223285K->59724K(349568K), 0.0241280 secs] 232764K->69203K(364296K), 0.0241770 secs] [Times: user=0.13 sys=0.00, real=0.02 secs] 
86.758: [GC (GCLocker Initiated GC)86.758: [ParNew: 108990K->84820K(349568K), 0.0316160 secs] 118469K->94299K(364296K), 0.0316700 secs] [Times: user=0.19 sys=0.01, real=0.03 secs] 
87.151: [GC (Allocation Failure)87.151: [ParNew: 259981K->121325K(349568K), 0.0483860 secs] 269461K->130807K(364296K), 0.0484510 secs] [Times: user=0.22 sys=0.00, real=0.05 secs] 
87.200: [GC (GCLocker Initiated GC)87.200: [ParNew: 121592K->89755K(349568K), 0.0402400 secs] 131073K->99239K(364296K), 0.0402980 secs] [Times: user=0.21 sys=0.00, real=0.04 secs] 
87.702: [GC (GCLocker Initiated GC)87.702: [ParNew: 264662K->80997K(349568K), 0.0336870 secs] 274146K->90483K(364296K), 0.0337400 secs] [Times: user=0.18 sys=0.01, real=0.04 secs] 
88.188: [GC (Allocation Failure)88.188: [ParNew: 255847K->61313K(349568K), 0.0151200 secs] 265333K->70798K(364296K), 0.0151800 secs] [Times: user=0.10 sys=0.00, real=0.01 secs] 
88.203: [GC (GCLocker Initiated GC)88.203: [ParNew: 61503K->51641K(349568K), 0.0140450 secs] 70989K->61129K(364296K), 0.0140830 secs] [Times: user=0.10 sys=0.00, real=0.02 secs] 
88.606: [GC (Allocation Failure)88.606: [ParNew: 226508K->54819K(349568K), 0.0215250 secs] 235996K->64310K(364296K), 0.0215780 secs] [Times: user=0.14 sys=0.00, real=0.02 secs] 
88.628: [GC (GCLocker Initiated GC)88.628: [ParNew: 55090K->66321K(349568K), 0.0204150 secs] 64581K->75814K(364296K), 0.0204520 secs] [Times: user=0.13 sys=0.01, real=0.02 secs] 
89.131: [GC (Allocation Failure)89.131: [ParNew: 241173K->43198K(349568K), 0.0173610 secs] 250666K->52693K(364296K), 0.0174190 secs] [Times: user=0.10 sys=0.00, real=0.02 secs] 
89.149: [GC (GCLocker Initiated GC)89.149: [ParNew: 43425K->53284K(349568K), 0.0154900 secs] 52919K->62786K(364296K), 0.0155240 secs] [Times: user=0.10 sys=0.00, real=0.02 secs] 
89.761: [GC (Allocation Failure)89.761: [ParNew: 228236K->54614K(349568K), 0.0177210 secs] 237738K->64118K(364296K), 0.0177830 secs] [Times: user=0.10 sys=0.00, real=0.02 secs] 
89.779: [GC (GCLocker Initiated GC)89.779: [ParNew: 55552K->58679K(349568K), 0.0179590 secs] 65056K->68185K(364296K), 0.0179970 secs] [Times: user=0.10 sys=0.00, real=0.02 secs] 
90.399: [GC (Allocation Failure)90.399: [ParNew: 234210K->73517K(349568K), 0.0198810 secs] 243715K->83022K(364296K), 0.0199460 secs] [Times: user=0.14 sys=0.00, real=0.02 secs] 
90.420: [GC (GCLocker Initiated GC)90.420: [ParNew: 74442K->82729K(349568K), 0.0206190 secs] 83947K->92236K(364296K), 0.0206570 secs] [Times: user=0.13 sys=0.00, real=0.02 secs] 
90.786: [GC (GCLocker Initiated GC)90.786: [ParNew: 257585K->74987K(349568K), 0.0463930 secs] 267092K->89035K(364296K), 0.0464500 secs] [Times: user=0.23 sys=0.01, real=0.04 secs] 
90.833: [GC (CMS Initial Mark) [1 CMS-initial-mark: 14048K(14728K)] 89035K(364296K), 0.0428970 secs] [Times: user=0.05 sys=0.00, real=0.05 secs] 
90.876: [CMS-concurrent-mark-start]
90.897: [CMS-concurrent-mark: 0.021/0.021 secs] [Times: user=0.11 sys=0.00, real=0.02 secs] 
90.897: [CMS-concurrent-preclean-start]
90.897: [CMS-concurrent-preclean: 0.000/0.000 secs] [Times: user=0.00 sys=0.00, real=0.00 secs] 
90.897: [CMS-concurrent-abortable-preclean-start]
91.323: [CMS-concurrent-abortable-preclean: 0.326/0.426 secs] [Times: user=2.63 sys=0.03, real=0.42 secs] 
91.323: [GC (Allocation Failure)91.323: [ParNew: 249838K->52272K(349568K), 0.0219020 secs] 263887K->67161K(365256K), 0.0219640 secs] [Times: user=0.13 sys=0.00, real=0.03 secs] 
91.346: [GC (CMS Final Remark)[YG occupancy: 52724 K (349568 K)]91.346: [Rescan (parallel) , 0.0080900 secs]91.354: [weak refs processing, 0.0000370 secs]91.354: [scrub string table, 0.0002010 secs] [1 CMS-remark: 14888K(15688K)] 67612K(365256K), 0.0083770 secs] [Times: user=0.04 sys=0.01, real=0.00 secs] 
91.354: [CMS-concurrent-sweep-start]
91.355: [GC (GCLocker Initiated GC)91.355: [ParNew: 52724K->53466K(349568K), 0.0181930 secs] 67602K->68345K(365256K), 0.0182290 secs] [Times: user=0.12 sys=0.00, real=0.01 secs] 
91.387: [CMS-concurrent-sweep: 0.014/0.032 secs] [Times: user=0.20 sys=0.00, real=0.03 secs] 
91.387: [CMS-concurrent-reset-start]
91.387: [CMS-concurrent-reset: 0.001/0.001 secs] [Times: user=0.00 sys=0.00, real=0.00 secs] 
91.697: [GC (GCLocker Initiated GC)91.697: [ParNew: 228314K->81145K(349568K), 0.0276490 secs] 237831K->90663K(365448K), 0.0277180 secs] [Times: user=0.18 sys=0.00, real=0.03 secs] 
92.178: [GC (Allocation Failure)92.178: [ParNew: 255995K->79748K(349568K), 0.0211260 secs] 265513K->89267K(365448K), 0.0211960 secs] [Times: user=0.16 sys=0.00, real=0.02 secs] 
92.200: [GC (GCLocker Initiated GC)92.200: [ParNew: 80029K->94751K(349568K), 0.0226860 secs] 89548K->104271K(365448K), 0.0227380 secs] [Times: user=0.14 sys=0.00, real=0.02 secs] 
92.590: [GC (Allocation Failure)92.590: [ParNew: 269610K->67936K(349568K), 0.0203330 secs] 279131K->77456K(365448K), 0.0204230 secs] [Times: user=0.14 sys=0.01, real=0.02 secs] 
92.610: [GC (GCLocker Initiated GC)92.610: [ParNew: 68114K->77843K(349568K), 0.0208770 secs] 77634K->87371K(365448K), 0.0209220 secs] [Times: user=0.14 sys=0.00, real=0.02 secs] 
92.997: [GC (GCLocker Initiated GC)92.997: [ParNew: 252691K->58898K(349568K), 0.0185780 secs] 262219K->68426K(365448K), 0.0186260 secs] [Times: user=0.13 sys=0.00, real=0.02 secs] 
93.469: [GC (Allocation Failure)93.469: [ParNew: 233748K->52622K(349568K), 0.0179410 secs] 243277K->62151K(365448K), 0.0179960 secs] [Times: user=0.11 sys=0.00, real=0.02 secs] 
93.487: [GC (GCLocker Initiated GC)93.487: [ParNew: 53295K->55236K(349568K), 0.0161820 secs] 62824K->64765K(365448K), 0.0162170 secs] [Times: user=0.11 sys=0.00, real=0.01 secs] 
93.843: [GC (Allocation Failure)93.843: [ParNew: 230085K->79959K(349568K), 0.0268000 secs] 239614K->89491K(365448K), 0.0268600 secs] [Times: user=0.19 sys=0.00, real=0.03 secs] 
93.870: [GC (GCLocker Initiated GC)93.870: [ParNew: 80894K->108937K(349568K), 0.0256460 secs] 90426K->118469K(365448K), 0.0256930 secs] [Times: user=0.19 sys=0.00, real=0.03 secs] 
94.341: [GC (Allocation Failure)94.341: [ParNew: 283794K->79729K(349568K), 0.0323560 secs] 293326K->95095K(366408K), 0.0324230 secs] [Times: user=0.19 sys=0.00, real=0.03 secs] 
94.374: [GC (CMS Initial Mark) [1 CMS-initial-mark: 15365K(16840K)] 95475K(366408K), 0.0361310 secs] [Times: user=0.03 sys=0.00, real=0.04 secs] 
94.410: [CMS-concurrent-mark-start]
94.424: [CMS-concurrent-mark: 0.013/0.014 secs] [Times: user=0.10 sys=0.00, real=0.01 secs] 
94.424: [CMS-concurrent-preclean-start]
94.424: [CMS-concurrent-preclean: 0.000/0.000 secs] [Times: user=0.01 sys=0.00, real=0.01 secs] 
94.424: [CMS-concurrent-abortable-preclean-start]
94.691: [CMS-concurrent-abortable-preclean: 0.166/0.267 secs] [Times: user=1.74 sys=0.02, real=0.26 secs] 
94.691: [GC (CMS Final Remark)[YG occupancy: 214562 K (349568 K)]94.692: [Rescan (parallel) , 0.0411220 secs]94.733: [weak refs processing, 0.0000170 secs]94.733: [scrub string table, 0.0001780 secs] [1 CMS-remark: 15365K(16840K)] 229927K(366408K), 0.0413770 secs] [Times: user=0.23 sys=0.00, real=0.04 secs] 
94.733: [CMS-concurrent-sweep-start]
94.748: [CMS-concurrent-sweep: 0.015/0.015 secs] [Times: user=0.07 sys=0.01, real=0.02 secs] 
94.748: [CMS-concurrent-reset-start]
94.748: [CMS-concurrent-reset: 0.001/0.001 secs] [Times: user=0.00 sys=0.00, real=0.00 secs] 
94.847: [GC (CMS Initial Mark) [1 CMS-initial-mark: 10118K(17032K)] 264696K(366600K), 0.1463920 secs] [Times: user=0.14 sys=0.00, real=0.14 secs] 
94.993: [CMS-concurrent-mark-start]
94.994: [GC (Allocation Failure)94.994: [ParNew: 254580K->55993K(349568K), 0.0213290 secs] 264699K->66112K(366600K), 0.0213780 secs] [Times: user=0.13 sys=0.00, real=0.03 secs] 
95.017: [GC (GCLocker Initiated GC)95.017: [ParNew: 58011K->74043K(349568K), 0.0224330 secs] 68130K->86396K(366600K), 0.0224790 secs] [Times: user=0.14 sys=0.00, real=0.02 secs] 
95.066: [CMS-concurrent-mark: 0.028/0.072 secs] [Times: user=0.45 sys=0.00, real=0.08 secs] 
95.066: [CMS-concurrent-preclean-start]
95.074: [CMS-concurrent-preclean: 0.008/0.008 secs] [Times: user=0.05 sys=0.00, real=0.00 secs] 
95.074: [CMS-concurrent-abortable-preclean-start]
95.393: [GC (Allocation Failure)95.393: [ParNew: 248901K->76464K(349568K), 0.0242290 secs] 261254K->88818K(366600K), 0.0242900 secs] [Times: user=0.17 sys=0.00, real=0.03 secs] 
95.418: [GC (GCLocker Initiated GC)95.418: [ParNew: 77019K->94510K(349568K), 0.0268640 secs] 89373K->106864K(366600K), 0.0269090 secs] [Times: user=0.17 sys=0.00, real=0.03 secs] 
95.972: [CMS-concurrent-abortable-preclean: 0.846/0.898 secs] [Times: user=5.40 sys=0.06, real=0.90 secs] 
95.973: [GC (CMS Final Remark)[YG occupancy: 261068 K (349568 K)]95.973: [Rescan (parallel) , 0.1090110 secs]96.082: [weak refs processing, 0.0000170 secs]96.082: [scrub string table, 0.0002730 secs] [1 CMS-remark: 12354K(17032K)] 273422K(366600K), 0.1093670 secs] [Times: user=0.56 sys=0.01, real=0.11 secs] 
96.083: [CMS-concurrent-sweep-start]
96.089: [GC (GCLocker Initiated GC)96.089: [ParNew: 269360K->56426K(349568K), 0.0091060 secs] 281714K->68782K(366600K), 0.0091610 secs] [Times: user=0.07 sys=0.00, real=0.01 secs] 
96.189: [CMS-concurrent-sweep: 0.097/0.106 secs] [Times: user=0.68 sys=0.01, real=0.11 secs] 
96.190: [CMS-concurrent-reset-start]
96.191: [CMS-concurrent-reset: 0.001/0.001 secs] [Times: user=0.01 sys=0.00, real=0.00 secs] 
96.426: [GC (Allocation Failure)96.426: [ParNew: 231275K->36677K(349568K), 0.0122110 secs] 243629K->49033K(370160K), 0.0122710 secs] [Times: user=0.08 sys=0.01, real=0.01 secs] 
96.439: [GC (GCLocker Initiated GC)96.439: [ParNew: 36944K->41451K(349568K), 0.0127960 secs] 49300K->53807K(370160K), 0.0128420 secs] [Times: user=0.07 sys=0.00, real=0.01 secs] 
96.904: [GC (GCLocker Initiated GC)96.904: [ParNew: 216299K->27823K(349568K), 0.0097850 secs] 228655K->40185K(370160K), 0.0098360 secs] [Times: user=0.06 sys=0.00, real=0.00 secs] 
97.377: [GC (Allocation Failure)97.377: [ParNew: 202671K->19574K(349568K), 0.0069560 secs] 215033K->31937K(370160K), 0.0070150 secs] [Times: user=0.04 sys=0.00, real=0.00 secs] 
97.817: [GC (Allocation Failure)97.817: [ParNew: 194436K->26971K(349568K), 0.0100830 secs] 206799K->39335K(370160K), 0.0101370 secs] [Times: user=0.06 sys=0.00, real=0.01 secs] 
97.827: [GC (GCLocker Initiated GC)97.827: [ParNew: 28035K->29189K(349568K), 0.0094710 secs] 40399K->41554K(370160K), 0.0095160 secs] [Times: user=0.06 sys=0.00, real=0.01 secs] 
98.153: [GC (Allocation Failure)98.153: [ParNew: 204046K->58330K(349568K), 0.0206360 secs] 216412K->70696K(370160K), 0.0206950 secs] [Times: user=0.14 sys=0.00, real=0.02 secs] 
98.174: [GC (GCLocker Initiated GC)98.174: [ParNew: 59100K->68392K(349568K), 0.0220970 secs] 71466K->80759K(370160K), 0.0221490 secs] [Times: user=0.13 sys=0.00, real=0.02 secs] 
98.713: [GC (Allocation Failure)98.713: [ParNew: 243240K->44203K(349568K), 0.0154780 secs] 255607K->56571K(370160K), 0.0155420 secs] [Times: user=0.08 sys=0.00, real=0.02 secs] 
98.729: [GC (GCLocker Initiated GC)98.729: [ParNew: 44473K->36281K(349568K), 0.0144780 secs] 56840K->48651K(370160K), 0.0145230 secs] [Times: user=0.07 sys=0.00, real=0.01 secs] 
99.280: [GC (Allocation Failure)99.280: [ParNew: 211129K->24560K(349568K), 0.0075240 secs] 223499K->36932K(370160K), 0.0075740 secs] [Times: user=0.04 sys=0.00, real=0.01 secs] 
99.765: [GC (Allocation Failure)99.765: [ParNew: 199408K->21412K(349568K), 0.0064560 secs] 211780K->33786K(370160K), 0.0065070 secs] [Times: user=0.04 sys=0.00, real=0.00 secs] 
99.771: [GC (GCLocker Initiated GC)99.771: [ParNew: 21781K->22609K(349568K), 0.0068540 secs] 34155K->34983K(370160K), 0.0068860 secs] [Times: user=0.04 sys=0.00, real=0.01 secs] 
100.261: [GC (Allocation Failure)100.261: [ParNew: 197457K->11798K(349568K), 0.0035450 secs] 209831K->24171K(370160K), 0.0035980 secs] [Times: user=0.02 sys=0.00, real=0.01 secs] 
100.265: [GC (GCLocker Initiated GC)100.265: [ParNew: 12431K->10231K(349568K), 0.0036470 secs] 24804K->22607K(370160K), 0.0036940 secs] [Times: user=0.01 sys=0.01, real=0.00 secs] 
100.780: [GC (Allocation Failure)100.780: [ParNew: 185173K->31461K(349568K), 0.0127660 secs] 197549K->43855K(370160K), 0.0128110 secs] [Times: user=0.08 sys=0.00, real=0.01 secs] 
100.793: [GC (GCLocker Initiated GC)100.793: [ParNew: 31847K->44161K(349568K), 0.0122260 secs] 44241K->56555K(370160K), 0.0122670 secs] [Times: user=0.08 sys=0.00, real=0.02 secs] 
101.138: [GC (GCLocker Initiated GC)101.138: [ParNew: 219030K->55679K(349568K), 0.0160200 secs] 231424K->68076K(370160K), 0.0160720 secs] [Times: user=0.11 sys=0.00, real=0.01 secs] 
101.554: [GC (GCLocker Initiated GC)101.554: [ParNew: 230531K->54898K(349568K), 0.0171660 secs] 242928K->67297K(370160K), 0.0172220 secs] [Times: user=0.10 sys=0.00, real=0.02 secs] 
101.921: [GC (Allocation Failure)101.921: [ParNew: 229775K->61704K(349568K), 0.0185230 secs] 242174K->74110K(370160K), 0.0185770 secs] [Times: user=0.12 sys=0.00, real=0.02 secs] 
101.941: [GC (GCLocker Initiated GC)101.941: [ParNew: 63486K->69872K(349568K), 0.0255690 secs] 75892K->82278K(370160K), 0.0256390 secs] [Times: user=0.12 sys=0.00, real=0.03 secs] 
102.463: [GC (GCLocker Initiated GC)102.463: [ParNew: 244720K->41739K(349568K), 0.0102610 secs] 257126K->54146K(370160K), 0.0103240 secs] [Times: user=0.07 sys=0.00, real=0.01 secs] 
103.018: [GC (Allocation Failure)103.018: [ParNew: 216615K->53480K(349568K), 0.0178320 secs] 229022K->65887K(370160K), 0.0178970 secs] [Times: user=0.13 sys=0.01, real=0.02 secs] 
103.037: [GC (GCLocker Initiated GC)103.037: [ParNew: 54091K->64641K(349568K), 0.0178850 secs] 66498K->77050K(370160K), 0.0179280 secs] [Times: user=0.12 sys=0.00, real=0.02 secs] 
103.450: [GC (Allocation Failure)103.450: [ParNew: 239526K->73023K(349568K), 0.0244630 secs] 251935K->85432K(370160K), 0.0245350 secs] [Times: user=0.16 sys=0.00, real=0.03 secs] 
103.475: [GC (GCLocker Initiated GC)103.475: [ParNew: 73977K->89839K(349568K), 0.0236130 secs] 86386K->102248K(370160K), 0.0236650 secs] [Times: user=0.16 sys=0.00, real=0.02 secs] 
104.096: [GC (Allocation Failure)104.096: [ParNew: 264687K->33641K(349568K), 0.0014060 secs] 277096K->46052K(370160K), 0.0014510 secs] [Times: user=0.01 sys=0.00, real=0.00 secs] 
104.696: [GC (Allocation Failure)104.696: [ParNew: 208495K->11890K(349568K), 0.0033260 secs] 220907K->24302K(370160K), 0.0033750 secs] [Times: user=0.02 sys=0.00, real=0.00 secs] 
104.699: [GC (GCLocker Initiated GC)104.699: [ParNew: 12228K->7479K(349568K), 0.0040640 secs] 24640K->19893K(370160K), 0.0041070 secs] [Times: user=0.02 sys=0.00, real=0.00 secs] 
105.117: [GC (Allocation Failure)105.117: [ParNew: 182333K->36148K(349568K), 0.0157740 secs] 194746K->48562K(370160K), 0.0158240 secs] [Times: user=0.10 sys=0.00, real=0.01 secs] 
105.133: [GC (GCLocker Initiated GC)105.133: [ParNew: 36279K->52339K(349568K), 0.0141780 secs] 48692K->64755K(370160K), 0.0142210 secs] [Times: user=0.11 sys=0.00, real=0.02 secs] 
105.568: [GC (Allocation Failure)105.568: [ParNew: 227225K->58795K(349568K), 0.0186400 secs] 239641K->71211K(370160K), 0.0186890 secs] [Times: user=0.13 sys=0.00, real=0.02 secs] 
105.587: [GC (GCLocker Initiated GC)105.587: [ParNew: 59123K->75412K(349568K), 0.0185250 secs] 71539K->87830K(370160K), 0.0185690 secs] [Times: user=0.12 sys=0.00, real=0.02 secs] 
106.190: [GC (Allocation Failure)106.190: [ParNew: 250260K->26254K(349568K), 0.0074630 secs] 262678K->38674K(370160K), 0.0075090 secs] [Times: user=0.05 sys=0.00, real=0.01 secs] 
106.198: [GC (GCLocker Initiated GC)106.198: [ParNew: 27182K->23734K(349568K), 0.0073150 secs] 39602K->36160K(370160K), 0.0073600 secs] [Times: user=0.04 sys=0.00, real=0.01 secs] 
106.596: [GC (GCLocker Initiated GC)106.597: [ParNew: 198582K->40819K(349568K), 0.0169370 secs] 211008K->53245K(370160K), 0.0169990 secs] [Times: user=0.10 sys=0.00, real=0.01 secs] 
107.133: [GC (Allocation Failure)107.133: [ParNew: 215668K->27669K(349568K), 0.0090940 secs] 228094K->40097K(370160K), 0.0091380 secs] [Times: user=0.05 sys=0.00, real=0.01 secs] 
107.143: [GC (GCLocker Initiated GC)107.143: [ParNew: 28524K->27807K(349568K), 0.0088510 secs] 40952K->40237K(370160K), 0.0088930 secs] [Times: user=0.06 sys=0.00, real=0.01 secs] 
107.501: [GC (Allocation Failure)107.501: [ParNew: 202658K->43738K(349568K), 0.0196870 secs] 215088K->56169K(370160K), 0.0197370 secs] [Times: user=0.10 sys=0.00, real=0.02 secs] 
107.523: [GC (GCLocker Initiated GC)107.523: [ParNew: 45131K->55471K(349568K), 0.0189770 secs] 57561K->67908K(370160K), 0.0190230 secs] [Times: user=0.10 sys=0.00, real=0.02 secs] 
108.110: [GC (GCLocker Initiated GC)108.110: [ParNew: 230319K->45110K(349568K), 0.0138960 secs] 242756K->57547K(370160K), 0.0139490 secs] [Times: user=0.08 sys=0.00, real=0.01 secs] 
108.615: [GC (Allocation Failure)108.615: [ParNew: 219959K->30244K(349568K), 0.0112430 secs] 232396K->42684K(370160K), 0.0113000 secs] [Times: user=0.07 sys=0.00, real=0.01 secs] 
108.627: [GC (GCLocker Initiated GC)108.627: [ParNew: 30651K->34798K(349568K), 0.0102730 secs] 43091K->47238K(370160K), 0.0103180 secs] [Times: user=0.06 sys=0.00, real=0.01 secs] 
109.124: [GC (Allocation Failure)109.124: [ParNew: 209647K->20449K(349568K), 0.0068100 secs] 222088K->32889K(370160K), 0.0068700 secs] [Times: user=0.04 sys=0.00, real=0.00 secs] 
109.132: [GC (GCLocker Initiated GC)109.132: [ParNew: 21420K->14485K(349568K), 0.0063280 secs] 33861K->26927K(370160K), 0.0063710 secs] [Times: user=0.03 sys=0.00, real=0.01 secs] 
109.499: [GC (GCLocker Initiated GC)109.499: [ParNew: 189333K->39325K(349568K), 0.0169060 secs] 201775K->51768K(370160K), 0.0169880 secs] [Times: user=0.11 sys=0.00, real=0.02 secs] 
109.968: [GC (Allocation Failure)109.968: [ParNew: 214343K->33959K(349568K), 0.0107550 secs] 226786K->46405K(370160K), 0.0108200 secs] [Times: user=0.07 sys=0.00, real=0.01 secs] 
109.980: [GC (GCLocker Initiated GC)109.980: [ParNew: 35372K->43374K(349568K), 0.0100320 secs] 47818K->55820K(370160K), 0.0100850 secs] [Times: user=0.06 sys=0.00, real=0.01 secs] 
110.556: [GC (Allocation Failure)110.556: [ParNew: 218223K->26409K(349568K), 0.0103730 secs] 230669K->38858K(370160K), 0.0104190 secs] [Times: user=0.06 sys=0.00, real=0.01 secs] 
110.567: [GC (GCLocker Initiated GC)110.567: [ParNew: 26800K->31775K(349568K), 0.0097190 secs] 39249K->44224K(370160K), 0.0097660 secs] [Times: user=0.06 sys=0.00, real=0.01 secs] 
110.967: [GC (GCLocker Initiated GC)110.967: [ParNew: 206623K->38876K(349568K), 0.0166600 secs] 219072K->51327K(370160K), 0.0167400 secs] [Times: user=0.10 sys=0.00, real=0.01 secs] 
111.330: [GC (Allocation Failure)111.330: [ParNew: 213739K->59565K(349568K), 0.0192030 secs] 226190K->72016K(370160K), 0.0192840 secs] [Times: user=0.13 sys=0.00, real=0.02 secs] 
111.350: [GC (GCLocker Initiated GC)111.350: [ParNew: 60116K->66060K(349568K), 0.0191900 secs] 72568K->78511K(370160K), 0.0192480 secs] [Times: user=0.12 sys=0.00, real=0.02 secs] 
111.743: [GC (Allocation Failure)111.743: [ParNew: 240910K->39860K(349568K), 0.0152340 secs] 253361K->52315K(370160K), 0.0153010 secs] [Times: user=0.10 sys=0.00, real=0.02 secs] 
111.758: [GC (GCLocker Initiated GC)111.758: [ParNew: 40414K->48430K(349568K), 0.0143770 secs] 52868K->60885K(370160K), 0.0144230 secs] [Times: user=0.10 sys=0.00, real=0.01 secs] 
112.209: [GC (GCLocker Initiated GC)112.209: [ParNew: 223499K->46935K(349568K), 0.0131460 secs] 235954K->59392K(370160K), 0.0132030 secs] [Times: user=0.09 sys=0.00, real=0.01 secs] 
112.589: [GC (Allocation Failure)112.589: [ParNew: 221786K->57278K(349568K), 0.0220800 secs] 234243K->69736K(370160K), 0.0221340 secs] [Times: user=0.12 sys=0.01, real=0.02 secs] 
112.612: [GC (GCLocker Initiated GC)112.612: [ParNew: 58232K->61843K(349568K), 0.0196210 secs] 70690K->74301K(370160K), 0.0196560 secs] [Times: user=0.13 sys=0.00, real=0.02 secs] 
113.055: [GC (GCLocker Initiated GC)113.055: [ParNew: 236691K->43378K(349568K), 0.0425410 secs] 249149K->55838K(370160K), 0.0426040 secs] [Times: user=0.07 sys=0.01, real=0.04 secs] 
113.692: [GC (Allocation Failure)113.693: [ParNew: 218226K->16553K(349568K), 0.0039860 secs] 230686K->29013K(370160K), 0.0040380 secs] [Times: user=0.02 sys=0.00, real=0.01 secs] 
114.316: [GC (Allocation Failure)114.316: [ParNew: 191403K->31758K(349568K), 0.0153210 secs] 203863K->44219K(370160K), 0.0153700 secs] [Times: user=0.08 sys=0.00, real=0.01 secs] 
114.332: [GC (GCLocker Initiated GC)114.332: [ParNew: 31992K->45989K(349568K), 0.0155560 secs] 44453K->58456K(370160K), 0.0155990 secs] [Times: user=0.08 sys=0.00, real=0.02 secs] 
114.812: [GC (Allocation Failure)114.812: [ParNew: 220838K->33534K(349568K), 0.0102080 secs] 233304K->46001K(370160K), 0.0102560 secs] [Times: user=0.06 sys=0.00, real=0.01 secs] 
114.822: [GC (GCLocker Initiated GC)114.822: [ParNew: 34559K->40142K(349568K), 0.0094030 secs] 47026K->52611K(370160K), 0.0094430 secs] [Times: user=0.05 sys=0.00, real=0.01 secs] 
115.212: [GC (Allocation Failure)115.212: [ParNew: 214990K->29578K(349568K), 0.0108280 secs] 227459K->42047K(370160K), 0.0109030 secs] [Times: user=0.07 sys=0.00, real=0.01 secs] 
115.223: [GC (GCLocker Initiated GC)115.223: [ParNew: 29885K->39403K(349568K), 0.0111600 secs] 42355K->51875K(370160K), 0.0112140 secs] [Times: user=0.07 sys=0.00, real=0.01 secs] 
115.767: [GC (Allocation Failure)115.767: [ParNew: 214251K->24681K(349568K), 0.0045790 secs] 226723K->37154K(370160K), 0.0046250 secs] [Times: user=0.02 sys=0.00, real=0.00 secs] 
116.366: [GC (Allocation Failure)116.366: [ParNew: 199537K->21379K(349568K), 0.0079770 secs] 212010K->33852K(370160K), 0.0080200 secs] [Times: user=0.05 sys=0.00, real=0.00 secs] 
116.374: [GC (GCLocker Initiated GC)116.374: [ParNew: 22115K->26698K(349568K), 0.0084040 secs] 34588K->39174K(370160K), 0.0084460 secs] [Times: user=0.05 sys=0.00, real=0.00 secs] 
117.020: [GC (GCLocker Initiated GC)117.020: [ParNew: 201546K->31793K(349568K), 0.0107020 secs] 214022K->44268K(370160K), 0.0107600 secs] [Times: user=0.07 sys=0.00, real=0.01 secs] 
117.398: [GC (GCLocker Initiated GC)117.398: [ParNew: 206644K->55478K(349568K), 0.0181830 secs] 219120K->67956K(370160K), 0.0182540 secs] [Times: user=0.11 sys=0.00, real=0.02 secs] 
117.829: [GC (Allocation Failure)117.829: [ParNew: 230326K->37833K(349568K), 0.0064880 secs] 242804K->50314K(370160K), 0.0065610 secs] [Times: user=0.04 sys=0.00, real=0.01 secs] 
117.835: [GC (GCLocker Initiated GC)117.835: [ParNew: 38065K->22380K(349568K), 0.0069550 secs] 50546K->34861K(370160K), 0.0069990 secs] [Times: user=0.04 sys=0.00, real=0.00 secs] 
118.145: [GC (Allocation Failure)118.145: [ParNew: 197237K->51253K(349568K), 0.0200650 secs] 209718K->63736K(370160K), 0.0201370 secs] [Times: user=0.14 sys=0.00, real=0.02 secs] 
118.166: [GC (GCLocker Initiated GC)118.166: [ParNew: 51610K->75878K(349568K), 0.0191960 secs] 64092K->88362K(370160K), 0.0192380 secs] [Times: user=0.14 sys=0.00, real=0.02 secs] 
118.651: [GC (Allocation Failure)118.651: [ParNew: 250729K->45425K(349568K), 0.0127160 secs] 263213K->57911K(370160K), 0.0127630 secs] [Times: user=0.09 sys=0.00, real=0.01 secs] 
118.665: [GC (GCLocker Initiated GC)118.665: [ParNew: 46220K->47903K(349568K), 0.0134700 secs] 58706K->60389K(370160K), 0.0135140 secs] [Times: user=0.08 sys=0.00, real=0.01 secs] 
119.089: [GC (Allocation Failure)119.089: [ParNew: 222754K->40393K(349568K), 0.0133990 secs] 235240K->52881K(370160K), 0.0134420 secs] [Times: user=0.08 sys=0.00, real=0.01 secs] 
119.103: [GC (GCLocker Initiated GC)119.103: [ParNew: 40676K->43051K(349568K), 0.0124950 secs] 53164K->55539K(370160K), 0.0125270 secs] [Times: user=0.07 sys=0.00, real=0.02 secs] 
119.517: [GC (Allocation Failure)119.517: [ParNew: 217901K->23763K(349568K), 0.0077450 secs] 230389K->36253K(370160K), 0.0078020 secs] [Times: user=0.04 sys=0.00, real=0.01 secs] 
119.525: [GC (GCLocker Initiated GC)119.525: [ParNew: 24091K->23476K(349568K), 0.0077490 secs] 36581K->35966K(370160K), 0.0077890 secs] [Times: user=0.05 sys=0.00, real=0.00 secs] 
119.987: [GC (Allocation Failure)119.987: [ParNew: 198356K->54641K(349568K), 0.0239010 secs] 210847K->67134K(370160K), 0.0240450 secs] [Times: user=0.13 sys=0.00, real=0.02 secs] 
120.013: [GC (GCLocker Initiated GC)120.013: [ParNew: 55127K->60619K(349568K), 0.0230480 secs] 67619K->73112K(370160K), 0.0231320 secs] [Times: user=0.12 sys=0.00, real=0.03 secs] 
120.572: [GC (Allocation Failure)120.572: [ParNew: 235467K->35604K(349568K), 0.0056300 secs] 247960K->48097K(370160K), 0.0056840 secs] [Times: user=0.03 sys=0.00, real=0.01 secs] 
120.910: [GC (Allocation Failure)120.911: [ParNew: 210458K->48305K(349568K), 0.0170940 secs] 222951K->60799K(370160K), 0.0171660 secs] [Times: user=0.13 sys=0.00, real=0.02 secs] 
120.928: [GC (GCLocker Initiated GC)120.928: [ParNew: 48791K->59678K(349568K), 0.0182220 secs] 61285K->72182K(370160K), 0.0182650 secs] [Times: user=0.12 sys=0.00, real=0.02 secs] 
121.369: [GC (Allocation Failure)121.369: [ParNew: 234538K->49398K(349568K), 0.0168700 secs] 247041K->61902K(370160K), 0.0169220 secs] [Times: user=0.10 sys=0.00, real=0.02 secs] 
121.386: [GC (GCLocker Initiated GC)121.386: [ParNew: 50101K->50291K(349568K), 0.0152700 secs] 62604K->62795K(370160K), 0.0153120 secs] [Times: user=0.11 sys=0.00, real=0.01 secs] 
121.942: [GC (Allocation Failure)121.942: [ParNew: 225139K->31384K(349568K), 0.0042720 secs] 237643K->43893K(370160K), 0.0043400 secs] [Times: user=0.02 sys=0.00, real=0.01 secs] 
122.355: [GC (GCLocker Initiated GC)122.355: [ParNew: 206232K->25876K(349568K), 0.0094400 secs] 218741K->38385K(370160K), 0.0094930 secs] [Times: user=0.07 sys=0.00, real=0.01 secs] 
122.690: [GC (Allocation Failure)122.690: [ParNew: 200736K->47034K(349568K), 0.0161870 secs] 213245K->59546K(370160K), 0.0162370 secs] [Times: user=0.11 sys=0.00, real=0.02 secs] 
122.706: [GC (GCLocker Initiated GC)122.706: [ParNew: 47412K->55006K(349568K), 0.0175280 secs] 59925K->67518K(370160K), 0.0175750 secs] [Times: user=0.11 sys=0.00, real=0.01 secs] 
123.064: [GC (Allocation Failure)123.064: [ParNew: 229888K->69675K(349568K), 0.0194960 secs] 242400K->82189K(370160K), 0.0195410 secs] [Times: user=0.15 sys=0.00, real=0.02 secs] 
123.084: [GC (GCLocker Initiated GC)123.084: [ParNew: 70165K->78865K(349568K), 0.0203040 secs] 82679K->91379K(370160K), 0.0203380 secs] [Times: user=0.13 sys=0.00, real=0.02 secs] 
123.556: [GC (Allocation Failure)123.556: [ParNew: 253714K->53603K(349568K), 0.0158490 secs] 266228K->66120K(370160K), 0.0158970 secs] [Times: user=0.10 sys=0.00, real=0.01 secs] 
123.572: [GC (GCLocker Initiated GC)123.572: [ParNew: 54582K->53394K(349568K), 0.0155670 secs] 67099K->65911K(370160K), 0.0156090 secs] [Times: user=0.09 sys=0.00, real=0.02 secs] 
124.077: [GC (Allocation Failure)124.077: [ParNew: 228242K->32108K(349568K), 0.0029900 secs] 240759K->44627K(370160K), 0.0030410 secs] [Times: user=0.02 sys=0.00, real=0.00 secs] 
124.560: [GC (GCLocker Initiated GC)124.560: [ParNew: 207011K->26406K(349568K), 0.0120770 secs] 219530K->38925K(370160K), 0.0121360 secs] [Times: user=0.07 sys=0.00, real=0.01 secs] 
125.183: [GC (Allocation Failure)125.183: [ParNew: 201264K->48911K(349568K), 0.0158650 secs] 213783K->61433K(370160K), 0.0159120 secs] [Times: user=0.10 sys=0.00, real=0.02 secs] 
125.200: [GC (GCLocker Initiated GC)125.200: [ParNew: 50330K->56413K(349568K), 0.0156380 secs] 62852K->68936K(370160K), 0.0156830 secs] [Times: user=0.10 sys=0.00, real=0.02 secs] 
125.562: [GC (Allocation Failure)125.562: [ParNew: 231266K->44651K(349568K), 0.0134690 secs] 243788K->57174K(370160K), 0.0135280 secs] [Times: user=0.10 sys=0.00, real=0.02 secs] 
125.576: [GC (GCLocker Initiated GC)125.576: [ParNew: 45080K->57036K(349568K), 0.0142900 secs] 57603K->69560K(370160K), 0.0143280 secs] [Times: user=0.08 sys=0.00, real=0.01 secs] 
126.042: [GC (Allocation Failure)126.042: [ParNew: 231885K->34980K(349568K), 0.0099160 secs] 244410K->47504K(370160K), 0.0099580 secs] [Times: user=0.06 sys=0.00, real=0.01 secs] 
126.052: [GC (GCLocker Initiated GC)126.052: [ParNew: 35704K->41748K(349568K), 0.0105750 secs] 48228K->54273K(370160K), 0.0106160 secs] [Times: user=0.06 sys=0.00, real=0.01 secs] 
126.603: [GC (Allocation Failure)126.603: [ParNew: 216596K->13047K(349568K), 0.0028190 secs] 229121K->25575K(370160K), 0.0028710 secs] [Times: user=0.01 sys=0.00, real=0.01 secs] 
127.003: [GC (GCLocker Initiated GC)127.003: [ParNew: 187895K->30905K(349568K), 0.0152550 secs] 200423K->43435K(370160K), 0.0153100 secs] [Times: user=0.08 sys=0.00, real=0.02 secs] 
127.399: [GC (Allocation Failure)127.399: [ParNew: 205760K->41791K(349568K), 0.0162960 secs] 218289K->54321K(370160K), 0.0163560 secs] [Times: user=0.10 sys=0.00, real=0.02 secs] 
127.416: [GC (GCLocker Initiated GC)127.416: [ParNew: 42438K->57963K(349568K), 0.0162550 secs] 54967K->70495K(370160K), 0.0162990 secs] [Times: user=0.10 sys=0.00, real=0.01 secs] 
128.049: [GC (Allocation Failure)128.049: [ParNew: 232813K->38319K(349568K), 0.0127860 secs] 245344K->50851K(370160K), 0.0128460 secs] [Times: user=0.08 sys=0.00, real=0.01 secs] 
128.062: [GC (GCLocker Initiated GC)128.062: [ParNew: 38582K->47347K(349568K), 0.0129250 secs] 51113K->59881K(370160K), 0.0129600 secs] [Times: user=0.08 sys=0.00, real=0.02 secs] 
128.537: [GC (Allocation Failure)128.537: [ParNew: 222195K->28683K(349568K), 0.0093090 secs] 234729K->41217K(370160K), 0.0093560 secs] [Times: user=0.06 sys=0.00, real=0.01 secs] 
128.547: [GC (GCLocker Initiated GC)128.547: [ParNew: 29369K->32133K(349568K), 0.0088200 secs] 41903K->44669K(370160K), 0.0088640 secs] [Times: user=0.05 sys=0.00, real=0.01 secs] 
128.998: [GC (Allocation Failure)128.999: [ParNew: 206985K->46967K(349568K), 0.0160970 secs] 219521K->59505K(370160K), 0.0161610 secs] [Times: user=0.10 sys=0.00, real=0.02 secs] 
129.015: [GC (GCLocker Initiated GC)129.015: [ParNew: 47746K->55864K(349568K), 0.0154790 secs] 60283K->68406K(370160K), 0.0155230 secs] [Times: user=0.10 sys=0.00, real=0.01 secs] 
129.466: [GC (Allocation Failure)129.466: [ParNew: 230715K->34709K(349568K), 0.0100780 secs] 243257K->47251K(370160K), 0.0101440 secs] [Times: user=0.07 sys=0.00, real=0.01 secs] 
129.476: [GC (GCLocker Initiated GC)129.476: [ParNew: 34999K->37390K(349568K), 0.0104220 secs] 47541K->49933K(370160K), 0.0104610 secs] [Times: user=0.06 sys=0.01, real=0.01 secs] 
130.057: [GC (Allocation Failure)130.057: [ParNew: 212242K->25143K(349568K), 0.0071090 secs] 224785K->37686K(370160K), 0.0071520 secs] [Times: user=0.05 sys=0.00, real=0.01 secs] 
130.065: [GC (GCLocker Initiated GC)130.065: [ParNew: 25725K->26243K(349568K), 0.0065160 secs] 38268K->38788K(370160K), 0.0065500 secs] [Times: user=0.04 sys=0.00, real=0.00 secs] 
130.407: [GC (Allocation Failure)130.407: [ParNew: 201094K->33354K(349568K), 0.0115760 secs] 213638K->45898K(370160K), 0.0116210 secs] [Times: user=0.07 sys=0.00, real=0.01 secs] 
130.419: [GC (GCLocker Initiated GC)130.419: [ParNew: 34841K->42738K(349568K), 0.0113990 secs] 47385K->55284K(370160K), 0.0114330 secs] [Times: user=0.07 sys=0.00, real=0.01 secs] 
130.852: [GC (Allocation Failure)130.852: [ParNew: 217586K->26447K(349568K), 0.0033140 secs] 230132K->38995K(370160K), 0.0033560 secs] [Times: user=0.02 sys=0.00, real=0.01 secs] 
131.367: [GC (Allocation Failure)131.367: [ParNew: 201297K->12330K(349568K), 0.0053210 secs] 213844K->24880K(370160K), 0.0053630 secs] [Times: user=0.02 sys=0.00, real=0.00 secs] 
131.373: [GC (GCLocker Initiated GC)131.373: [ParNew: 13395K->12477K(349568K), 0.0048890 secs] 25944K->25026K(370160K), 0.0049290 secs] [Times: user=0.03 sys=0.00, real=0.01 secs] 
131.722: [GC (Allocation Failure)131.723: [ParNew: 187332K->32384K(349568K), 0.0111550 secs] 199882K->44934K(370160K), 0.0112070 secs] [Times: user=0.08 sys=0.00, real=0.01 secs] 
131.734: [GC (GCLocker Initiated GC)131.734: [ParNew: 32824K->41583K(349568K), 0.0109150 secs] 45374K->54133K(370160K), 0.0109530 secs] [Times: user=0.07 sys=0.00, real=0.02 secs] 
132.278: [GC (GCLocker Initiated GC)132.278: [ParNew: 216431K->48196K(349568K), 0.0177330 secs] 228981K->60749K(370160K), 0.0177800 secs] [Times: user=0.11 sys=0.00, real=0.02 secs] 
132.741: [GC (GCLocker Initiated GC)132.741: [ParNew: 223044K->35740K(349568K), 0.0085320 secs] 235597K->48294K(370160K), 0.0085740 secs] [Times: user=0.04 sys=0.00, real=0.01 secs] 
133.210: [GC (GCLocker Initiated GC)133.210: [ParNew: 210589K->12819K(349568K), 0.0026790 secs] 223142K->25374K(370160K), 0.0027190 secs] [Times: user=0.01 sys=0.00, real=0.00 secs] 
133.681: [GC (GCLocker Initiated GC)133.681: [ParNew: 187667K->18010K(349568K), 0.0074730 secs] 200222K->30565K(370160K), 0.0075310 secs] [Times: user=0.05 sys=0.00, real=0.01 secs] 
134.111: [GC (Allocation Failure)134.111: [ParNew: 192862K->36031K(349568K), 0.0124120 secs] 205417K->48587K(370160K), 0.0124760 secs] [Times: user=0.08 sys=0.00, real=0.01 secs] 
134.124: [GC (GCLocker Initiated GC)134.124: [ParNew: 37385K->45089K(349568K), 0.0125030 secs] 49942K->57645K(370160K), 0.0125460 secs] [Times: user=0.08 sys=0.00, real=0.02 secs] 
134.744: [GC (GCLocker Initiated GC)134.744: [ParNew: 219937K->26833K(349568K), 0.0096120 secs] 232493K->39392K(370160K), 0.0096660 secs] [Times: user=0.06 sys=0.00, real=0.01 secs] 
135.152: [GC (Allocation Failure)135.152: [ParNew: 201803K->45767K(349568K), 0.0126730 secs] 214362K->58326K(370160K), 0.0127210 secs] [Times: user=0.10 sys=0.00, real=0.02 secs] 
135.165: [GC (GCLocker Initiated GC)135.165: [ParNew: 46537K->53726K(349568K), 0.0125010 secs] 59096K->66286K(370160K), 0.0125450 secs] [Times: user=0.09 sys=0.01, real=0.01 secs] 
135.609: [GC (GCLocker Initiated GC)135.609: [ParNew: 228574K->35626K(349568K), 0.0016910 secs] 241134K->48187K(370160K), 0.0017370 secs] [Times: user=0.01 sys=0.00, real=0.00 secs] 
136.039: [GC (GCLocker Initiated GC)136.039: [ParNew: 210475K->26811K(349568K), 0.0084340 secs] 223036K->39373K(370160K), 0.0084800 secs] [Times: user=0.06 sys=0.00, real=0.01 secs] 
136.509: [GC (Allocation Failure)136.509: [ParNew: 201660K->34003K(349568K), 0.0098040 secs] 214222K->46567K(370160K), 0.0098500 secs] [Times: user=0.06 sys=0.00, real=0.01 secs] 
136.519: [GC (GCLocker Initiated GC)136.519: [ParNew: 34224K->34528K(349568K), 0.0088640 secs] 46788K->47093K(370160K), 0.0089020 secs] [Times: user=0.07 sys=0.00, real=0.01 secs] 
136.947: [GC (Allocation Failure)136.947: [ParNew: 209378K->24805K(349568K), 0.0063100 secs] 221943K->37372K(370160K), 0.0063650 secs] [Times: user=0.03 sys=0.00, real=0.00 secs] 
136.953: [GC (GCLocker Initiated GC)136.953: [ParNew: 25139K->21840K(349568K), 0.0058790 secs] 37706K->34407K(370160K), 0.0059150 secs] [Times: user=0.04 sys=0.00, real=0.01 secs] 
137.583: [GC (GCLocker Initiated GC)137.583: [ParNew: 196688K->24514K(349568K), 0.0068020 secs] 209256K->37082K(370160K), 0.0068580 secs] [Times: user=0.05 sys=0.00, real=0.01 secs] 
138.077: [GC (GCLocker Initiated GC)138.077: [ParNew: 199362K->16230K(349568K), 0.0045640 secs] 211930K->28800K(370160K), 0.0046100 secs] [Times: user=0.02 sys=0.00, real=0.00 secs] 
138.679: [GC (Allocation Failure)138.679: [ParNew: 191078K->7276K(349568K), 0.0022150 secs] 203648K->19848K(370160K), 0.0022600 secs] [Times: user=0.01 sys=0.00, real=0.00 secs] 
139.261: [GC (Allocation Failure)139.261: [ParNew: 182130K->20129K(349568K), 0.0079820 secs] 194702K->32703K(370160K), 0.0080280 secs] [Times: user=0.05 sys=0.01, real=0.01 secs] 
139.269: [GC (GCLocker Initiated GC)139.269: [ParNew: 20700K->29660K(349568K), 0.0067970 secs] 33273K->42234K(370160K), 0.0068330 secs] [Times: user=0.05 sys=0.00, real=0.01 secs] 
139.634: [GC (GCLocker Initiated GC)139.634: [ParNew: 204508K->17746K(349568K), 0.0052180 secs] 217082K->30321K(370160K), 0.0052750 secs] [Times: user=0.03 sys=0.00, real=0.01 secs] 
140.011: [GC (Allocation Failure)140.011: [ParNew: 192594K->13678K(349568K), 0.0032470 secs] 205169K->26254K(370160K), 0.0033010 secs] [Times: user=0.02 sys=0.00, real=0.01 secs] 
140.015: [GC (GCLocker Initiated GC)140.015: [ParNew: 14036K->9993K(349568K), 0.0037270 secs] 26612K->22572K(370160K), 0.0037650 secs] [Times: user=0.02 sys=0.00, real=0.00 secs] 
140.534: [GC (GCLocker Initiated GC)140.534: [ParNew: 184842K->13156K(349568K), 0.0033580 secs] 197421K->25735K(370160K), 0.0034260 secs] [Times: user=0.02 sys=0.00, real=0.00 secs] 
140.905: [GC (GCLocker Initiated GC)140.905: [ParNew: 188008K->26363K(349568K), 0.0106980 secs] 200587K->38944K(370160K), 0.0107460 secs] [Times: user=0.07 sys=0.00, real=0.01 secs] 
141.668: [GC (Allocation Failure)141.668: [ParNew: 201213K->38443K(349568K), 0.0117490 secs] 213794K->51026K(370160K), 0.0117930 secs] [Times: user=0.09 sys=0.00, real=0.01 secs] 
141.680: [GC (GCLocker Initiated GC)141.680: [ParNew: 38771K->56757K(349568K), 0.0112300 secs] 51355K->69343K(370160K), 0.0112670 secs] [Times: user=0.08 sys=0.00, real=0.01 secs] 
142.004: [GC (GCLocker Initiated GC)142.004: [ParNew: 231605K->59052K(349568K), 0.0179030 secs] 244191K->71638K(370160K), 0.0179720 secs] [Times: user=0.13 sys=0.00, real=0.02 secs] 
142.460: [GC (Allocation Failure)142.460: [ParNew: 233915K->41948K(349568K), 0.0091430 secs] 246502K->54535K(370160K), 0.0092040 secs] [Times: user=0.07 sys=0.00, real=0.01 secs] 
142.469: [GC (GCLocker Initiated GC)142.469: [ParNew: 42710K->35523K(349568K), 0.0082730 secs] 55298K->48111K(370160K), 0.0083080 secs] [Times: user=0.06 sys=0.00, real=0.01 secs] 
142.903: [GC (Allocation Failure)142.903: [ParNew: 210371K->24392K(349568K), 0.0073140 secs] 222959K->36982K(370160K), 0.0073640 secs] [Times: user=0.05 sys=0.01, real=0.01 secs] 
143.250: [GC (Allocation Failure)143.250: [ParNew: 199275K->53296K(349568K), 0.0154480 secs] 211864K->65887K(370160K), 0.0154930 secs] [Times: user=0.11 sys=0.00, real=0.02 secs] 
143.265: [GC (GCLocker Initiated GC)143.265: [ParNew: 53899K->60553K(349568K), 0.0149980 secs] 66490K->73146K(370160K), 0.0150340 secs] [Times: user=0.11 sys=0.00, real=0.01 secs] 
143.723: [GC (GCLocker Initiated GC)143.723: [ParNew: 235403K->38705K(349568K), 0.0112280 secs] 247996K->51300K(370160K), 0.0112780 secs] [Times: user=0.08 sys=0.00, real=0.02 secs] 
144.224: [GC (GCLocker Initiated GC)144.224: [ParNew: 213554K->47396K(349568K), 0.0108910 secs] 226149K->59991K(370160K), 0.0109410 secs] [Times: user=0.08 sys=0.00, real=0.02 secs] 
144.607: [GC (GCLocker Initiated GC)144.607: [ParNew: 222248K->29603K(349568K), 0.0076330 secs] 234843K->42200K(370160K), 0.0076820 secs] [Times: user=0.05 sys=0.00, real=0.01 secs] 
145.091: [GC (Allocation Failure)145.091: [ParNew: 204451K->28947K(349568K), 0.0072520 secs] 217048K->41546K(370160K), 0.0073020 secs] [Times: user=0.05 sys=0.00, real=0.01 secs] 
145.442: [GC (Allocation Failure)145.442: [ParNew: 203816K->57589K(349568K), 0.0170460 secs] 216414K->70188K(370160K), 0.0170910 secs] [Times: user=0.12 sys=0.00, real=0.02 secs] 
145.460: [GC (GCLocker Initiated GC)145.460: [ParNew: 58396K->68664K(349568K), 0.0165250 secs] 70994K->81265K(370160K), 0.0165580 secs] [Times: user=0.11 sys=0.00, real=0.02 secs] 
145.877: [GC (Allocation Failure)145.877: [ParNew: 243512K->60973K(349568K), 0.0212070 secs] 256113K->78460K(370160K), 0.0212570 secs] [Times: user=0.12 sys=0.00, real=0.02 secs] 
145.899: [GC (CMS Initial Mark) [1 CMS-initial-mark: 17486K(20592K)] 79210K(370160K), 0.0228770 secs] [Times: user=0.02 sys=0.00, real=0.02 secs] 
145.922: [CMS-concurrent-mark-start]
145.933: [CMS-concurrent-mark: 0.011/0.011 secs] [Times: user=0.07 sys=0.00, real=0.01 secs] 
145.933: [CMS-concurrent-preclean-start]
145.933: [CMS-concurrent-preclean: 0.000/0.000 secs] [Times: user=0.00 sys=0.00, real=0.00 secs] 
145.933: [CMS-concurrent-abortable-preclean-start]
146.234: [CMS-concurrent-abortable-preclean: 0.200/0.301 secs] [Times: user=2.01 sys=0.02, real=0.30 secs] 
146.234: [GC (CMS Final Remark)[YG occupancy: 202951 K (349568 K)]146.234: [Rescan (parallel) , 0.0355280 secs]146.270: [weak refs processing, 0.0000390 secs]146.270: [scrub string table, 0.0002360 secs] [1 CMS-remark: 17486K(20592K)] 220438K(370160K), 0.0358680 secs] [Times: user=0.23 sys=0.00, real=0.04 secs] 
146.270: [CMS-concurrent-sweep-start]
146.286: [CMS-concurrent-sweep: 0.016/0.016 secs] [Times: user=0.10 sys=0.00, real=0.02 secs] 
146.286: [CMS-concurrent-reset-start]
146.287: [CMS-concurrent-reset: 0.000/0.000 secs] [Times: user=0.00 sys=0.00, real=0.00 secs] 
146.368: [GC (CMS Initial Mark) [1 CMS-initial-mark: 9643K(20592K)] 245468K(370160K), 0.1135900 secs] [Times: user=0.11 sys=0.00, real=0.11 secs] 
146.481: [CMS-concurrent-mark-start]
146.481: [GC (Allocation Failure)146.481: [ParNew: 235825K->39359K(349568K), 0.0065420 secs] 245468K->49608K(370160K), 0.0065800 secs] [Times: user=0.04 sys=0.00, real=0.01 secs] 
146.489: [GC (GCLocker Initiated GC)146.489: [ParNew: 41317K->18235K(349568K), 0.0055520 secs] 51566K->28484K(370160K), 0.0055880 secs] [Times: user=0.04 sys=0.00, real=0.00 secs] 
146.518: [CMS-concurrent-mark: 0.024/0.037 secs] [Times: user=0.26 sys=0.00, real=0.04 secs] 
146.518: [CMS-concurrent-preclean-start]
146.521: [CMS-concurrent-preclean: 0.003/0.003 secs] [Times: user=0.02 sys=0.00, real=0.00 secs] 
146.521: [CMS-concurrent-abortable-preclean-start]
146.855: [GC (GCLocker Initiated GC)146.855: [ParNew: 193087K->46144K(349568K), 0.0156790 secs] 203336K->56394K(370160K), 0.0157300 secs] [Times: user=0.11 sys=0.00, real=0.01 secs] 
147.316: [CMS-concurrent-abortable-preclean: 0.575/0.795 secs] [Times: user=4.06 sys=0.04, real=0.80 secs] 
147.317: [GC (CMS Final Remark)[YG occupancy: 221000 K (349568 K)]147.317: [Rescan (parallel) , 0.0560580 secs]147.373: [weak refs processing, 0.0000110 secs]147.373: [scrub string table, 0.0001790 secs] [1 CMS-remark: 10250K(20592K)] 231250K(370160K), 0.0562950 secs] [Times: user=0.35 sys=0.00, real=0.05 secs] 
147.373: [CMS-concurrent-sweep-start]
147.373: [GC (Allocation Failure)147.373: [ParNew: 221003K->68871K(349568K), 0.0193560 secs] 231254K->79124K(370160K), 0.0194020 secs] [Times: user=0.13 sys=0.00, real=0.02 secs] 
147.394: [GC (GCLocker Initiated GC)147.394: [ParNew: 71458K->84126K(349568K), 0.0185430 secs] 81711K->94379K(370160K), 0.0185840 secs] [Times: user=0.14 sys=0.00, real=0.02 secs] 
147.479: [CMS-concurrent-sweep: 0.064/0.106 secs] [Times: user=0.68 sys=0.01, real=0.11 secs] 
147.479: [CMS-concurrent-reset-start]
147.479: [CMS-concurrent-reset: 0.001/0.001 secs] [Times: user=0.01 sys=0.00, real=0.00 secs] 
147.785: [GC (GCLocker Initiated GC)147.785: [ParNew: 258974K->52704K(349568K), 0.0137710 secs] 269222K->62952K(370160K), 0.0138180 secs] [Times: user=0.10 sys=0.00, real=0.01 secs] 
148.198: [GC (Allocation Failure)148.198: [ParNew: 227552K->48291K(349568K), 0.0124620 secs] 237800K->62170K(370160K), 0.0125070 secs] [Times: user=0.09 sys=0.00, real=0.01 secs] 
148.211: [GC (CMS Initial Mark) [1 CMS-initial-mark: 13878K(20592K)] 62947K(370160K), 0.0153260 secs] [Times: user=0.01 sys=0.00, real=0.02 secs] 
148.227: [CMS-concurrent-mark-start]
148.237: [CMS-concurrent-mark: 0.010/0.010 secs] [Times: user=0.07 sys=0.00, real=0.01 secs] 
148.237: [CMS-concurrent-preclean-start]
148.237: [CMS-concurrent-preclean: 0.000/0.000 secs] [Times: user=0.01 sys=0.00, real=0.00 secs] 
148.237: [CMS-concurrent-abortable-preclean-start]
148.575: [CMS-concurrent-abortable-preclean: 0.268/0.338 secs] [Times: user=2.43 sys=0.02, real=0.34 secs] 
148.575: [GC (CMS Final Remark)[YG occupancy: 223139 K (349568 K)]148.575: [Rescan (parallel) , 0.0571680 secs]148.633: [weak refs processing, 0.0000160 secs]148.633: [scrub string table, 0.0002430 secs] [1 CMS-remark: 13878K(20592K)] 237018K(370160K), 0.0574840 secs] [Times: user=0.37 sys=0.01, real=0.05 secs] 
148.633: [CMS-concurrent-sweep-start]
148.633: [GC (Allocation Failure)148.633: [ParNew: 223139K->38216K(349568K), 0.0119240 secs] 237018K->52171K(370160K), 0.0119720 secs] [Times: user=0.09 sys=0.00, real=0.02 secs] 
148.645: [GC (GCLocker Initiated GC)148.645: [ParNew: 38493K->45856K(349568K), 0.0130800 secs] 52447K->61495K(370160K), 0.0131180 secs] [Times: user=0.09 sys=0.00, real=0.01 secs] 
148.673: [CMS-concurrent-sweep: 0.026/0.040 secs] [Times: user=0.26 sys=0.00, real=0.04 secs] 
148.673: [CMS-concurrent-reset-start]
148.673: [CMS-concurrent-reset: 0.001/0.001 secs] [Times: user=0.00 sys=0.00, real=0.00 secs] 
148.991: [GC (Allocation Failure)148.991: [ParNew: 220704K->33277K(349568K), 0.0101730 secs] 231067K->43642K(370160K), 0.0102220 secs] [Times: user=0.07 sys=0.00, real=0.01 secs] 
149.002: [GC (GCLocker Initiated GC)149.002: [ParNew: 33495K->37774K(349568K), 0.0095570 secs] 43860K->48141K(370160K), 0.0095950 secs] [Times: user=0.07 sys=0.00, real=0.01 secs] 
149.438: [GC (GCLocker Initiated GC)149.438: [ParNew: 212622K->25697K(349568K), 0.0088150 secs] 222989K->36066K(370160K), 0.0088600 secs] [Times: user=0.06 sys=0.00, real=0.01 secs] 
150.106: [GC (GCLocker Initiated GC)150.106: [ParNew: 200545K->32200K(349568K), 0.0089180 secs] 210915K->42570K(370160K), 0.0089640 secs] [Times: user=0.06 sys=0.00, real=0.01 secs] 
150.815: [GC (Allocation Failure)150.815: [ParNew: 207048K->19875K(349568K), 0.0035350 secs] 217418K->30245K(370160K), 0.0035820 secs] [Times: user=0.03 sys=0.00, real=0.00 secs] 
151.224: [GC (Allocation Failure)151.224: [ParNew: 194723K->12013K(349568K), 0.0035160 secs] 205093K->22385K(370160K), 0.0035580 secs] [Times: user=0.02 sys=0.00, real=0.00 secs] 
151.591: [GC (GCLocker Initiated GC)151.591: [ParNew: 186861K->20599K(349568K), 0.0072630 secs] 197233K->30974K(370160K), 0.0073120 secs] [Times: user=0.03 sys=0.00, real=0.01 secs] 
152.017: [GC (Allocation Failure)152.017: [ParNew: 195453K->50719K(349568K), 0.0175380 secs] 205827K->61094K(370160K), 0.0175930 secs] [Times: user=0.11 sys=0.01, real=0.02 secs] 
152.035: [GC (GCLocker Initiated GC)152.035: [ParNew: 51337K->65834K(349568K), 0.0152810 secs] 61711K->76210K(370160K), 0.0153180 secs] [Times: user=0.11 sys=0.00, real=0.01 secs] 
152.495: [GC (Allocation Failure)152.495: [ParNew: 240695K->40749K(349568K), 0.0114130 secs] 251071K->51128K(370160K), 0.0114630 secs] [Times: user=0.07 sys=0.01, real=0.01 secs] 
152.507: [GC (GCLocker Initiated GC)152.507: [ParNew: 41416K->39021K(349568K), 0.0102430 secs] 51795K->49400K(370160K), 0.0102770 secs] [Times: user=0.06 sys=0.00, real=0.01 secs] 
152.941: [GC (GCLocker Initiated GC)152.941: [ParNew: 213873K->28869K(349568K), 0.0067520 secs] 224252K->39250K(370160K), 0.0067970 secs] [Times: user=0.05 sys=0.00, real=0.01 secs] 
153.270: [GC (Allocation Failure)153.270: [ParNew: 203721K->34610K(349568K), 0.0089010 secs] 214101K->44992K(370160K), 0.0089450 secs] [Times: user=0.06 sys=0.00, real=0.01 secs] 
153.279: [GC (GCLocker Initiated GC)153.279: [ParNew: 34894K->33971K(349568K), 0.0088920 secs] 45275K->44354K(370160K), 0.0089270 secs] [Times: user=0.07 sys=0.00, real=0.01 secs] 
153.917: [GC (Allocation Failure)153.917: [ParNew: 208819K->20820K(349568K), 0.0030010 secs] 219202K->31203K(370160K), 0.0030460 secs] [Times: user=0.02 sys=0.00, real=0.00 secs] 
154.460: [GC (GCLocker Initiated GC)154.460: [ParNew: 195668K->32386K(349568K), 0.0108140 secs] 206051K->42770K(370160K), 0.0108630 secs] [Times: user=0.08 sys=0.00, real=0.01 secs] 
154.975: [GC (Allocation Failure)154.975: [ParNew: 207234K->23620K(349568K), 0.0050130 secs] 217618K->34003K(370160K), 0.0050630 secs] [Times: user=0.04 sys=0.00, real=0.00 secs] 
154.980: [GC (GCLocker Initiated GC)154.980: [ParNew: 23947K->17182K(349568K), 0.0052110 secs] 34331K->27568K(370160K), 0.0052470 secs] [Times: user=0.03 sys=0.00, real=0.01 secs] 
155.527: [GC (Allocation Failure)155.527: [ParNew: 192030K->12003K(349568K), 0.0025420 secs] 202416K->22391K(370160K), 0.0025860 secs] [Times: user=0.01 sys=0.00, real=0.00 secs] 
155.868: [GC (Allocation Failure)155.868: [ParNew: 186852K->18281K(349568K), 0.0065780 secs] 197240K->28671K(370160K), 0.0066190 secs] [Times: user=0.04 sys=0.00, real=0.01 secs] 
155.875: [GC (GCLocker Initiated GC)155.875: [ParNew: 19054K->23076K(349568K), 0.0063950 secs] 29444K->33472K(370160K), 0.0064310 secs] [Times: user=0.04 sys=0.01, real=0.00 secs] 
156.405: [GC (Allocation Failure)156.405: [ParNew: 197924K->27049K(349568K), 0.0071350 secs] 208320K->37447K(370160K), 0.0071760 secs] [Times: user=0.06 sys=0.00, real=0.00 secs] 
156.919: [GC (GCLocker Initiated GC)156.919: [ParNew: 201897K->29849K(349568K), 0.0074090 secs] 212295K->40252K(370160K), 0.0074650 secs] [Times: user=0.05 sys=0.00, real=0.01 secs] 
157.520: [GC (Allocation Failure)157.520: [ParNew: 204697K->21764K(349568K), 0.0067700 secs] 215100K->32166K(370160K), 0.0068120 secs] [Times: user=0.05 sys=0.00, real=0.01 secs] 
157.946: [GC (GCLocker Initiated GC)157.946: [ParNew: 196612K->22124K(349568K), 0.0066260 secs] 207015K->32532K(370160K), 0.0066760 secs] [Times: user=0.04 sys=0.00, real=0.00 secs] 
158.364: [GC (Allocation Failure)158.364: [ParNew: 196976K->15643K(349568K), 0.0035140 secs] 207383K->26050K(370160K), 0.0035580 secs] [Times: user=0.02 sys=0.00, real=0.01 secs] 
158.367: [GC (GCLocker Initiated GC)158.367: [ParNew: 16016K->11112K(349568K), 0.0033600 secs] 26423K->21521K(370160K), 0.0034000 secs] [Times: user=0.02 sys=0.00, real=0.00 secs] 
158.925: [GC (GCLocker Initiated GC)158.925: [ParNew: 185960K->17995K(349568K), 0.0057130 secs] 196369K->28406K(370160K), 0.0057560 secs] [Times: user=0.04 sys=0.00, real=0.00 secs] 
159.518: [GC (GCLocker Initiated GC)159.518: [ParNew: 192843K->28315K(349568K), 0.0093030 secs] 203255K->38726K(370160K), 0.0093430 secs] [Times: user=0.06 sys=0.00, real=0.01 secs] 
159.943: [GC (GCLocker Initiated GC)159.943: [ParNew: 203165K->33083K(349568K), 0.0082490 secs] 213576K->43496K(370160K), 0.0082960 secs] [Times: user=0.06 sys=0.00, real=0.01 secs] 
160.380: [GC (Allocation Failure)160.380: [ParNew: 207931K->19070K(349568K), 0.0031030 secs] 218344K->29486K(370160K), 0.0031470 secs] [Times: user=0.02 sys=0.00, real=0.00 secs] 
160.383: [GC (GCLocker Initiated GC)160.383: [ParNew: 19071K->6799K(349568K), 0.0027470 secs] 29486K->17217K(370160K), 0.0027900 secs] [Times: user=0.01 sys=0.00, real=0.01 secs] 
160.869: [GC (Allocation Failure)160.869: [ParNew: 181647K->10079K(349568K), 0.0028500 secs] 192065K->20497K(370160K), 0.0029090 secs] [Times: user=0.02 sys=0.00, real=0.00 secs] 
161.270: [GC (Allocation Failure)161.270: [ParNew: 184929K->31715K(349568K), 0.0113090 secs] 195347K->42135K(370160K), 0.0113570 secs] [Times: user=0.08 sys=0.00, real=0.01 secs] 
161.281: [GC (GCLocker Initiated GC)161.281: [ParNew: 32166K->45960K(349568K), 0.0109600 secs] 42585K->56380K(370160K), 0.0109930 secs] [Times: user=0.08 sys=0.00, real=0.01 secs] 
162.013: [GC (GCLocker Initiated GC)162.013: [ParNew: 220808K->27125K(349568K), 0.0084780 secs] 231228K->37546K(370160K), 0.0085210 secs] [Times: user=0.06 sys=0.00, real=0.01 secs] 
162.536: [GC (Allocation Failure)162.536: [ParNew: 201973K->22807K(349568K), 0.0035840 secs] 212394K->33230K(370160K), 0.0036400 secs] [Times: user=0.02 sys=0.00, real=0.00 secs] 
162.875: [GC (Allocation Failure)162.875: [ParNew: 197655K->26000K(349568K), 0.0084210 secs] 208078K->36425K(370160K), 0.0084740 secs] [Times: user=0.06 sys=0.00, real=0.00 secs] 
163.365: [GC (GCLocker Initiated GC)163.365: [ParNew: 200848K->39141K(349568K), 0.0120770 secs] 211273K->49570K(370160K), 0.0121360 secs] [Times: user=0.08 sys=0.01, real=0.01 secs] 
163.794: [GC (Allocation Failure)163.794: [ParNew: 213989K->28010K(349568K), 0.0067460 secs] 224418K->38440K(370160K), 0.0067970 secs] [Times: user=0.04 sys=0.00, real=0.01 secs] 
163.801: [GC (GCLocker Initiated GC)163.801: [ParNew: 28372K->20415K(349568K), 0.0065620 secs] 38802K->30848K(370160K), 0.0065920 secs] [Times: user=0.04 sys=0.01, real=0.01 secs] 
164.332: [GC (Allocation Failure)164.332: [ParNew: 195265K->30336K(349568K), 0.0095500 secs] 205698K->40769K(370160K), 0.0096000 secs] [Times: user=0.07 sys=0.00, real=0.01 secs] 
164.341: [GC (GCLocker Initiated GC)164.341: [ParNew: 31182K->41925K(349568K), 0.0086780 secs] 41615K->52359K(370160K), 0.0087100 secs] [Times: user=0.06 sys=0.00, real=0.01 secs] 
164.829: [GC (Allocation Failure)164.829: [ParNew: 216773K->13144K(349568K), 0.0019740 secs] 227207K->23579K(370160K), 0.0020140 secs] [Times: user=0.01 sys=0.00, real=0.00 secs] 
165.224: [GC (GCLocker Initiated GC)165.224: [ParNew: 187992K->14076K(349568K), 0.0052330 secs] 198427K->24513K(370160K), 0.0052780 secs] [Times: user=0.04 sys=0.00, real=0.01 secs] 
165.756: [GC (Allocation Failure)165.756: [ParNew: 188930K->30914K(349568K), 0.0106600 secs] 199367K->41352K(370160K), 0.0107100 secs] [Times: user=0.08 sys=0.00, real=0.01 secs] 
165.767: [GC (GCLocker Initiated GC)165.767: [ParNew: 31533K->40759K(349568K), 0.0102460 secs] 41972K->51198K(370160K), 0.0102900 secs] [Times: user=0.07 sys=0.00, real=0.01 secs] 
166.150: [GC (Allocation Failure)166.150: [ParNew: 215611K->43106K(349568K), 0.0112100 secs] 226050K->53547K(370160K), 0.0112540 secs] [Times: user=0.08 sys=0.00, real=0.01 secs] 
166.162: [GC (GCLocker Initiated GC)166.162: [ParNew: 43729K->45909K(349568K), 0.0109090 secs] 54171K->56351K(370160K), 0.0109430 secs] [Times: user=0.07 sys=0.00, real=0.01 secs] 
166.857: [GC (Allocation Failure)166.857: [ParNew: 220758K->18697K(349568K), 0.0056270 secs] 231200K->29139K(370160K), 0.0056810 secs] [Times: user=0.03 sys=0.00, real=0.00 secs] 
166.863: [GC (GCLocker Initiated GC)166.863: [ParNew: 19529K->18412K(349568K), 0.0051660 secs] 29971K->28855K(370160K), 0.0052110 secs] [Times: user=0.03 sys=0.00, real=0.01 secs] 
167.375: [GC (Allocation Failure)167.375: [ParNew: 193260K->12594K(349568K), 0.0040400 secs] 203703K->23041K(370160K), 0.0041060 secs] [Times: user=0.02 sys=0.00, real=0.00 secs] 
167.379: [GC (GCLocker Initiated GC)167.379: [ParNew: 12966K->12900K(349568K), 0.0041290 secs] 23412K->23349K(370160K), 0.0041730 secs] [Times: user=0.02 sys=0.00, real=0.00 secs] 
167.731: [GC (Allocation Failure)167.731: [ParNew: 187748K->8587K(349568K), 0.0033430 secs] 198197K->19040K(370160K), 0.0033920 secs] [Times: user=0.02 sys=0.00, real=0.00 secs] 
168.247: [GC (GCLocker Initiated GC)168.247: [ParNew: 183443K->26516K(349568K), 0.0106740 secs] 193897K->36971K(370160K), 0.0107260 secs] [Times: user=0.06 sys=0.00, real=0.01 secs] 
168.699: [GC (Allocation Failure)168.699: [ParNew: 201365K->38000K(349568K), 0.0133570 secs] 211820K->48455K(370160K), 0.0134180 secs] [Times: user=0.08 sys=0.00, real=0.01 secs] 
168.712: [GC (GCLocker Initiated GC)168.712: [ParNew: 39091K->49902K(349568K), 0.0127270 secs] 49546K->60359K(370160K), 0.0127740 secs] [Times: user=0.08 sys=0.00, real=0.02 secs] 
169.346: [GC (Allocation Failure)169.346: [ParNew: 224750K->28704K(349568K), 0.0081870 secs] 235208K->39162K(370160K), 0.0082370 secs] [Times: user=0.05 sys=0.00, real=0.01 secs] 
169.355: [GC (GCLocker Initiated GC)169.355: [ParNew: 29194K->22725K(349568K), 0.0076590 secs] 39651K->33185K(370160K), 0.0076970 secs] [Times: user=0.04 sys=0.00, real=0.00 secs] 
169.866: [GC (GCLocker Initiated GC)169.866: [ParNew: 197573K->17146K(349568K), 0.0062150 secs] 208033K->27614K(370160K), 0.0062650 secs] [Times: user=0.04 sys=0.00, real=0.00 secs] 
170.466: [GC (Allocation Failure)170.466: [ParNew: 191994K->8197K(349568K), 0.0024930 secs] 202462K->18668K(370160K), 0.0025470 secs] [Times: user=0.01 sys=0.00, real=0.00 secs] 
170.811: [GC (Allocation Failure)170.811: [ParNew: 183053K->37499K(349568K), 0.0138960 secs] 193524K->47970K(370160K), 0.0139440 secs] [Times: user=0.10 sys=0.00, real=0.02 secs] 
170.825: [GC (GCLocker Initiated GC)170.825: [ParNew: 38123K->51839K(349568K), 0.0134420 secs] 48593K->62311K(370160K), 0.0134840 secs] [Times: user=0.10 sys=0.00, real=0.01 secs] 
171.261: [GC (Allocation Failure)171.261: [ParNew: 226702K->37832K(349568K), 0.0103450 secs] 237174K->48304K(370160K), 0.0104050 secs] [Times: user=0.07 sys=0.00, real=0.01 secs] 
171.271: [GC (GCLocker Initiated GC)171.271: [ParNew: 38265K->34958K(349568K), 0.0097320 secs] 48737K->45431K(370160K), 0.0097650 secs] [Times: user=0.07 sys=0.00, real=0.01 secs] 
171.737: [GC (GCLocker Initiated GC)171.737: [ParNew: 209806K->26571K(349568K), 0.0038260 secs] 220279K->37044K(370160K), 0.0038910 secs] [Times: user=0.02 sys=0.00, real=0.00 secs] 
172.173: [GC (GCLocker Initiated GC)172.173: [ParNew: 201419K->20729K(349568K), 0.0072420 secs] 211893K->31205K(370160K), 0.0072840 secs] [Times: user=0.05 sys=0.00, real=0.01 secs] 
172.748: [GC (GCLocker Initiated GC)172.748: [ParNew: 195577K->27084K(349568K), 0.0072340 secs] 206053K->37561K(370160K), 0.0072760 secs] [Times: user=0.05 sys=0.00, real=0.01 secs] 
173.169: [GC (GCLocker Initiated GC)173.169: [ParNew: 201932K->36936K(349568K), 0.0125290 secs] 212409K->47415K(370160K), 0.0125690 secs] [Times: user=0.09 sys=0.00, real=0.01 secs] 
173.662: [GC (GCLocker Initiated GC)173.662: [ParNew: 211784K->29454K(349568K), 0.0044880 secs] 222263K->39936K(370160K), 0.0045370 secs] [Times: user=0.03 sys=0.00, real=0.01 secs] 
174.184: [GC (GCLocker Initiated GC)174.184: [ParNew: 204302K->17289K(349568K), 0.0055890 secs] 214784K->27773K(370160K), 0.0056410 secs] [Times: user=0.03 sys=0.00, real=0.01 secs] 
174.583: [GC (Allocation Failure)174.583: [ParNew: 192137K->12971K(349568K), 0.0036060 secs] 202621K->23455K(370160K), 0.0036430 secs] [Times: user=0.02 sys=0.00, real=0.01 secs] 
174.587: [GC (GCLocker Initiated GC)174.587: [ParNew: 13386K->14722K(349568K), 0.0038800 secs] 23870K->25207K(370160K), 0.0039090 secs] [Times: user=0.02 sys=0.00, real=0.00 secs] 
175.036: [GC (GCLocker Initiated GC)175.036: [ParNew: 189570K->18952K(349568K), 0.0074730 secs] 200055K->29437K(370160K), 0.0075250 secs] [Times: user=0.05 sys=0.00, real=0.00 secs] 
175.527: [GC (GCLocker Initiated GC)175.527: [ParNew: 193800K->36009K(349568K), 0.0105840 secs] 204285K->46495K(370160K), 0.0106250 secs] [Times: user=0.07 sys=0.00, real=0.01 secs] 
176.252: [GC (GCLocker Initiated GC)176.252: [ParNew: 210858K->21646K(349568K), 0.0029750 secs] 221344K->32134K(370160K), 0.0030240 secs] [Times: user=0.02 sys=0.00, real=0.01 secs] 
176.693: [GC (GCLocker Initiated GC)176.693: [ParNew: 196494K->10748K(349568K), 0.0032030 secs] 206982K->21239K(370160K), 0.0032480 secs] [Times: user=0.02 sys=0.00, real=0.01 secs] 
177.019: [GC (Allocation Failure)177.019: [ParNew: 185596K->18780K(349568K), 0.0071690 secs] 196087K->29272K(370160K), 0.0072100 secs] [Times: user=0.05 sys=0.00, real=0.01 secs] 
177.640: [GC (Allocation Failure)177.640: [ParNew: 193630K->32195K(349568K), 0.0104720 secs] 204122K->42688K(370160K), 0.0105200 secs] [Times: user=0.07 sys=0.00, real=0.01 secs] 
177.651: [GC (GCLocker Initiated GC)177.651: [ParNew: 32854K->39508K(349568K), 0.0099080 secs] 43347K->50001K(370160K), 0.0099450 secs] [Times: user=0.07 sys=0.00, real=0.01 secs] 
178.169: [GC (Allocation Failure)178.169: [ParNew: 214356K->24859K(349568K), 0.0049080 secs] 224849K->35353K(370160K), 0.0049530 secs] [Times: user=0.03 sys=0.01, real=0.00 secs] 
178.734: [GC (Allocation Failure)178.734: [ParNew: 199707K->20007K(349568K), 0.0052300 secs] 210201K->30503K(370160K), 0.0052840 secs] [Times: user=0.03 sys=0.00, real=0.01 secs] 
179.191: [GC (Allocation Failure)179.191: [ParNew: 194856K->9853K(349568K), 0.0029020 secs] 205351K->20350K(370160K), 0.0029490 secs] [Times: user=0.01 sys=0.00, real=0.01 secs] 
179.195: [GC (GCLocker Initiated GC)179.195: [ParNew: 10215K->6906K(349568K), 0.0023130 secs] 20711K->17404K(370160K), 0.0023480 secs] [Times: user=0.01 sys=0.00, real=0.00 secs] 
179.724: [GC (Allocation Failure)179.724: [ParNew: 181754K->9462K(349568K), 0.0031430 secs] 192252K->19962K(370160K), 0.0031820 secs] [Times: user=0.02 sys=0.00, real=0.01 secs] 
179.728: [GC (GCLocker Initiated GC)179.728: [ParNew: 9868K->11749K(349568K), 0.0034420 secs] 20368K->22250K(370160K), 0.0034720 secs] [Times: user=0.02 sys=0.00, real=0.00 secs] 
180.110: [GC (Allocation Failure)180.110: [ParNew: 186608K->37979K(349568K), 0.0133500 secs] 197108K->48480K(370160K), 0.0134020 secs] [Times: user=0.10 sys=0.00, real=0.01 secs] 
180.123: [GC (GCLocker Initiated GC)180.123: [ParNew: 39143K->52425K(349568K), 0.0132540 secs] 49645K->62927K(370160K), 0.0132950 secs] [Times: user=0.08 sys=0.00, real=0.02 secs] 
180.452: [GC (Allocation Failure)180.452: [ParNew: 227273K->39428K(349568K), 0.0119250 secs] 237775K->49932K(370160K), 0.0119720 secs] [Times: user=0.09 sys=0.00, real=0.01 secs] 
180.935: [GC (Allocation Failure)180.935: [ParNew: 214276K->24178K(349568K), 0.0023130 secs] 224780K->34686K(370160K), 0.0023630 secs] [Times: user=0.01 sys=0.00, real=0.00 secs] 
180.938: [GC (GCLocker Initiated GC)180.938: [ParNew: 24550K->7744K(349568K), 0.0020670 secs] 35057K->18253K(370160K), 0.0021000 secs] [Times: user=0.02 sys=0.00, real=0.00 secs] 
181.358: [GC (Allocation Failure)181.358: [ParNew: 182592K->8153K(349568K), 0.0030400 secs] 193101K->18664K(370160K), 0.0030840 secs] [Times: user=0.01 sys=0.01, real=0.00 secs] 
182.013: [GC (Allocation Failure)182.013: [ParNew: 183001K->16134K(349568K), 0.0056730 secs] 193512K->26647K(370160K), 0.0057330 secs] [Times: user=0.04 sys=0.00, real=0.01 secs] 
182.317: [GC (GCLocker Initiated GC)182.317: [ParNew: 190982K->31314K(349568K), 0.0106160 secs] 201495K->41835K(370160K), 0.0106590 secs] [Times: user=0.08 sys=0.00, real=0.01 secs] 
182.832: [GC (Allocation Failure)182.832: [ParNew: 206163K->23944K(349568K), 0.0050810 secs] 216684K->34465K(370160K), 0.0051270 secs] [Times: user=0.04 sys=0.00, real=0.01 secs] 
182.838: [GC (GCLocker Initiated GC)182.838: [ParNew: 25188K->23342K(349568K), 0.0057260 secs] 35709K->33866K(370160K), 0.0057610 secs] [Times: user=0.03 sys=0.00, real=0.00 secs] 
183.253: [GC (Allocation Failure)183.253: [ParNew: 198195K->18013K(349568K), 0.0045320 secs] 208719K->28539K(370160K), 0.0045780 secs] [Times: user=0.03 sys=0.00, real=0.01 secs] 
183.257: [GC (GCLocker Initiated GC)183.258: [ParNew: 18858K->16087K(349568K), 0.0042260 secs] 29385K->26614K(370160K), 0.0042580 secs] [Times: user=0.02 sys=0.00, real=0.00 secs] 
183.599: [GC (GCLocker Initiated GC)183.599: [ParNew: 190935K->16434K(349568K), 0.0046050 secs] 201462K->26961K(370160K), 0.0046600 secs] [Times: user=0.03 sys=0.00, real=0.00 secs] 
184.247: [GC (GCLocker Initiated GC)184.247: [ParNew: 191282K->20971K(349568K), 0.0057830 secs] 201809K->31500K(370160K), 0.0058290 secs] [Times: user=0.04 sys=0.00, real=0.00 secs] 
184.804: [GC (GCLocker Initiated GC)184.804: [ParNew: 195819K->30372K(349568K), 0.0094660 secs] 206348K->40901K(370160K), 0.0095130 secs] [Times: user=0.07 sys=0.00, real=0.01 secs] 
185.491: [GC (Allocation Failure)185.491: [ParNew: 205220K->24859K(349568K), 0.0052360 secs] 215749K->35394K(370160K), 0.0052820 secs] [Times: user=0.04 sys=0.01, real=0.01 secs] 
186.187: [GC (GCLocker Initiated GC)186.187: [ParNew: 199707K->13133K(349568K), 0.0033790 secs] 210242K->23668K(370160K), 0.0034290 secs] [Times: user=0.01 sys=0.00, real=0.00 secs] 
186.648: [GC (Allocation Failure)186.648: [ParNew: 187981K->23473K(349568K), 0.0085380 secs] 198517K->34011K(370160K), 0.0085870 secs] [Times: user=0.05 sys=0.00, real=0.01 secs] 
186.657: [GC (GCLocker Initiated GC)186.657: [ParNew: 24948K->34564K(349568K), 0.0073990 secs] 35487K->45104K(370160K), 0.0074340 secs] [Times: user=0.06 sys=0.00, real=0.01 secs] 
186.946: [GC (Allocation Failure)186.946: [ParNew: 209414K->40565K(349568K), 0.0126640 secs] 219954K->51106K(370160K), 0.0127170 secs] [Times: user=0.09 sys=0.00, real=0.01 secs] 
186.959: [GC (GCLocker Initiated GC)186.959: [ParNew: 41437K->45963K(349568K), 0.0118160 secs] 51978K->56506K(370160K), 0.0118550 secs] [Times: user=0.08 sys=0.00, real=0.01 secs] 
187.346: [GC (Allocation Failure)187.346: [ParNew: 220816K->34104K(349568K), 0.0069220 secs] 231358K->44648K(370160K), 0.0069700 secs] [Times: user=0.04 sys=0.00, real=0.00 secs] 
187.353: [GC (GCLocker Initiated GC)187.353: [ParNew: 34457K->26623K(349568K), 0.0067370 secs] 45001K->37178K(370160K), 0.0067780 secs] [Times: user=0.04 sys=0.00, real=0.01 secs] 
187.863: [GC (Allocation Failure)187.863: [ParNew: 201471K->16812K(349568K), 0.0039690 secs] 212026K->27369K(370160K), 0.0040210 secs] [Times: user=0.03 sys=0.00, real=0.01 secs] 
188.306: [GC (Allocation Failure)188.306: [ParNew: 191660K->13822K(349568K), 0.0036980 secs] 202217K->24379K(370160K), 0.0037550 secs] [Times: user=0.02 sys=0.00, real=0.00 secs] 
188.669: [GC (Allocation Failure)188.669: [ParNew: 188671K->32832K(349568K), 0.0118140 secs] 199229K->43392K(370160K), 0.0118660 secs] [Times: user=0.09 sys=0.00, real=0.01 secs] 
188.681: [GC (GCLocker Initiated GC)188.681: [ParNew: 33210K->44344K(349568K), 0.0119160 secs] 43770K->54904K(370160K), 0.0119550 secs] [Times: user=0.08 sys=0.00, real=0.01 secs] 
189.048: [GC (GCLocker Initiated GC)189.048: [ParNew: 219192K->44122K(349568K), 0.0110830 secs] 229752K->54684K(370160K), 0.0111330 secs] [Times: user=0.07 sys=0.00, real=0.01 secs] 
189.604: [GC (Allocation Failure)189.604: [ParNew: 218970K->31084K(349568K), 0.0078380 secs] 229532K->41646K(370160K), 0.0078870 secs] [Times: user=0.06 sys=0.00, real=0.01 secs] 
190.236: [GC (Allocation Failure)190.236: [ParNew: 205932K->23642K(349568K), 0.0024030 secs] 216494K->34206K(370160K), 0.0024580 secs] [Times: user=0.02 sys=0.00, real=0.00 secs] 
190.569: [GC (GCLocker Initiated GC)190.569: [ParNew: 198490K->23142K(349568K), 0.0082100 secs] 209054K->33710K(370160K), 0.0082580 secs] [Times: user=0.05 sys=0.00, real=0.01 secs] 
190.940: [GC (Allocation Failure)190.940: [ParNew: 197995K->42733K(349568K), 0.0127360 secs] 208563K->53303K(370160K), 0.0127820 secs] [Times: user=0.09 sys=0.00, real=0.01 secs] 
190.953: [GC (GCLocker Initiated GC)190.953: [ParNew: 43058K->53022K(349568K), 0.0121600 secs] 53627K->63593K(370160K), 0.0121980 secs] [Times: user=0.08 sys=0.00, real=0.02 secs] 
191.410: [GC (Allocation Failure)191.410: [ParNew: 227877K->31295K(349568K), 0.0095770 secs] 238448K->41866K(370160K), 0.0096350 secs] [Times: user=0.06 sys=0.01, real=0.01 secs] 
191.419: [GC (GCLocker Initiated GC)191.419: [ParNew: 32061K->31279K(349568K), 0.0092210 secs] 42631K->41852K(370160K), 0.0092560 secs] [Times: user=0.06 sys=0.00, real=0.01 secs] 
192.050: [GC (Allocation Failure)192.050: [ParNew: 206127K->35197K(349568K), 0.0097300 secs] 216700K->45770K(370160K), 0.0098040 secs] [Times: user=0.06 sys=0.00, real=0.01 secs] 
192.060: [GC (GCLocker Initiated GC)192.060: [ParNew: 36756K->36941K(349568K), 0.0097340 secs] 47328K->47515K(370160K), 0.0097710 secs] [Times: user=0.06 sys=0.00, real=0.01 secs] 
192.587: [GC (Allocation Failure)192.587: [ParNew: 211789K->24965K(349568K), 0.0012420 secs] 222363K->35539K(370160K), 0.0012830 secs] [Times: user=0.00 sys=0.00, real=0.00 secs] 
192.589: [GC (GCLocker Initiated GC)192.589: [ParNew: 25374K->4883K(349568K), 0.0014120 secs] 35948K->15460K(370160K), 0.0014470 secs] [Times: user=0.01 sys=0.00, real=0.00 secs] 
193.211: [GC (GCLocker Initiated GC)193.211: [ParNew: 179731K->9228K(349568K), 0.0034450 secs] 190308K->19806K(370160K), 0.0034850 secs] [Times: user=0.02 sys=0.00, real=0.00 secs] 
193.584: [GC (Allocation Failure)193.584: [ParNew: 184090K->36207K(349568K), 0.0127120 secs] 194668K->46787K(370160K), 0.0127570 secs] [Times: user=0.09 sys=0.00, real=0.02 secs] 
193.597: [GC (GCLocker Initiated GC)193.597: [ParNew: 38492K->52916K(349568K), 0.0121680 secs] 49072K->63496K(370160K), 0.0122010 secs] [Times: user=0.09 sys=0.00, real=0.01 secs] 
193.938: [GC (Allocation Failure)193.938: [ParNew: 227766K->35692K(349568K), 0.0084770 secs] 238346K->46274K(370160K), 0.0085290 secs] [Times: user=0.06 sys=0.01, real=0.01 secs] 
193.947: [GC (GCLocker Initiated GC)193.947: [ParNew: 36206K->31199K(349568K), 0.0085060 secs] 46787K->41787K(370160K), 0.0085400 secs] [Times: user=0.06 sys=0.00, real=0.01 secs] 
194.431: [GC (Allocation Failure)194.431: [ParNew: 206049K->23285K(349568K), 0.0047110 secs] 216636K->33875K(370160K), 0.0047570 secs] [Times: user=0.04 sys=0.00, real=0.01 secs] 
194.437: [GC (GCLocker Initiated GC)194.437: [ParNew: 24554K->19743K(349568K), 0.0048730 secs] 35144K->30334K(370160K), 0.0049160 secs] [Times: user=0.03 sys=0.00, real=0.00 secs] 
194.903: [GC (GCLocker Initiated GC)194.903: [ParNew: 194591K->15307K(349568K), 0.0044220 secs] 205182K->25900K(370160K), 0.0044690 secs] [Times: user=0.03 sys=0.00, real=0.01 secs] 
195.391: [GC (Allocation Failure)195.391: [ParNew: 190155K->11817K(349568K), 0.0028120 secs] 200748K->22410K(370160K), 0.0028630 secs] [Times: user=0.02 sys=0.00, real=0.00 secs] 
195.928: [GC (Allocation Failure)195.928: [ParNew: 186665K->16555K(349568K), 0.0040230 secs] 197258K->27150K(370160K), 0.0040670 secs] [Times: user=0.03 sys=0.00, real=0.00 secs] 
195.932: [GC (GCLocker Initiated GC)195.932: [ParNew: 16555K->12024K(349568K), 0.0044770 secs] 27150K->22619K(370160K), 0.0045040 secs] [Times: user=0.02 sys=0.00, real=0.01 secs] 
196.523: [GC (Allocation Failure)196.523: [ParNew: 186874K->17201K(349568K), 0.0057740 secs] 197468K->27797K(370160K), 0.0058160 secs] [Times: user=0.04 sys=0.00, real=0.01 secs] 
196.529: [GC (GCLocker Initiated GC)196.529: [ParNew: 17751K->20919K(349568K), 0.0058270 secs] 28347K->31515K(370160K), 0.0058710 secs] [Times: user=0.04 sys=0.00, real=0.01 secs] 
196.979: [GC (Allocation Failure)196.979: [ParNew: 195767K->12213K(349568K), 0.0031860 secs] 206363K->22812K(370160K), 0.0032320 secs] [Times: user=0.01 sys=0.00, real=0.00 secs] 
197.480: [GC (Allocation Failure)197.480: [ParNew: 187062K->5521K(349568K), 0.0018560 secs] 197661K->16119K(370160K), 0.0019010 secs] [Times: user=0.01 sys=0.00, real=0.00 secs] 
197.482: [GC (GCLocker Initiated GC)197.482: [ParNew: 6078K->6150K(349568K), 0.0020890 secs] 16677K->16750K(370160K), 0.0021240 secs] [Times: user=0.01 sys=0.00, real=0.01 secs] 
197.937: [GC (GCLocker Initiated GC)197.937: [ParNew: 180999K->14345K(349568K), 0.0060030 secs] 191598K->24946K(370160K), 0.0060500 secs] [Times: user=0.04 sys=0.00, real=0.00 secs] 
198.327: [GC (Allocation Failure)198.327: [ParNew: 189200K->42103K(349568K), 0.0133670 secs] 199801K->52705K(370160K), 0.0134160 secs] [Times: user=0.10 sys=0.00, real=0.01 secs] 
198.341: [GC (GCLocker Initiated GC)198.341: [ParNew: 43460K->58625K(349568K), 0.0135890 secs] 54062K->69229K(370160K), 0.0136320 secs] [Times: user=0.09 sys=0.00, real=0.01 secs] 
198.779: [GC (Allocation Failure)198.779: [ParNew: 233474K->34048K(349568K), 0.0091370 secs] 244078K->44652K(370160K), 0.0091920 secs] [Times: user=0.06 sys=0.00, real=0.01 secs] 
198.789: [GC (GCLocker Initiated GC)198.789: [ParNew: 34426K->30385K(349568K), 0.0092770 secs] 45030K->40997K(370160K), 0.0093100 secs] [Times: user=0.05 sys=0.00, real=0.01 secs] 
199.286: [GC (Allocation Failure)199.286: [ParNew: 205233K->21951K(349568K), 0.0039010 secs] 215845K->32563K(370160K), 0.0039460 secs] [Times: user=0.03 sys=0.00, real=0.00 secs] 
199.802: [GC (GCLocker Initiated GC)199.802: [ParNew: 196799K->8504K(349568K), 0.0030030 secs] 207411K->19122K(370160K), 0.0030600 secs] [Times: user=0.02 sys=0.00, real=0.01 secs] 
200.193: [GC (Allocation Failure)200.193: [ParNew: 183354K->26932K(349568K), 0.0099590 secs] 193972K->37553K(370160K), 0.0100020 secs] [Times: user=0.07 sys=0.00, real=0.01 secs] 
200.203: [GC (GCLocker Initiated GC)200.203: [ParNew: 27449K->39382K(349568K), 0.0094570 secs] 38071K->50005K(370160K), 0.0094940 secs] [Times: user=0.07 sys=0.00, real=0.01 secs] 
200.718: [GC (Allocation Failure)200.718: [ParNew: 214230K->43024K(349568K), 0.0109340 secs] 224853K->53647K(370160K), 0.0109840 secs] [Times: user=0.07 sys=0.00, real=0.01 secs] 
201.209: [GC (Allocation Failure)201.209: [ParNew: 217872K->24721K(349568K), 0.0043010 secs] 228495K->35346K(370160K), 0.0043510 secs] [Times: user=0.03 sys=0.00, real=0.00 secs] 
201.652: [GC (GCLocker Initiated GC)201.652: [ParNew: 199570K->17618K(349568K), 0.0059440 secs] 210195K->28243K(370160K), 0.0059950 secs] [Times: user=0.04 sys=0.00, real=0.01 secs] 
202.102: [GC (GCLocker Initiated GC)202.103: [ParNew: 192466K->16977K(349568K), 0.0057280 secs] 203091K->27605K(370160K), 0.0057690 secs] [Times: user=0.04 sys=0.00, real=0.01 secs] 
202.674: [GC (Allocation Failure)202.674: [ParNew: 191828K->36972K(349568K), 0.0119010 secs] 202455K->47601K(370160K), 0.0119440 secs] [Times: user=0.08 sys=0.00, real=0.02 secs] 
202.686: [GC (GCLocker Initiated GC)202.686: [ParNew: 37410K->46987K(349568K), 0.0113730 secs] 48040K->57617K(370160K), 0.0114100 secs] [Times: user=0.08 sys=0.00, real=0.01 secs] 
203.194: [GC (Allocation Failure)203.195: [ParNew: 221835K->34323K(349568K), 0.0096130 secs] 232465K->44954K(370160K), 0.0096620 secs] [Times: user=0.06 sys=0.00, real=0.00 secs] 
203.732: [GC (Allocation Failure)203.732: [ParNew: 209172K->34171K(349568K), 0.0072850 secs] 219802K->44804K(370160K), 0.0073360 secs] [Times: user=0.04 sys=0.00, real=0.01 secs] 
203.740: [GC (GCLocker Initiated GC)203.740: [ParNew: 35336K->25135K(349568K), 0.0063590 secs] 45969K->35768K(370160K), 0.0063970 secs] [Times: user=0.05 sys=0.00, real=0.01 secs] 
204.193: [GC (Allocation Failure)204.193: [ParNew: 199983K->16514K(349568K), 0.0049370 secs] 210616K->27148K(370160K), 0.0049950 secs] [Times: user=0.04 sys=0.00, real=0.01 secs] 
204.626: [GC (Allocation Failure)204.626: [ParNew: 191392K->47506K(349568K), 0.0166260 secs] 202027K->58140K(370160K), 0.0166700 secs] [Times: user=0.12 sys=0.00, real=0.01 secs] 
204.642: [GC (GCLocker Initiated GC)204.642: [ParNew: 48008K->69843K(349568K), 0.0161200 secs] 58643K->80479K(370160K), 0.0161580 secs] [Times: user=0.12 sys=0.00, real=0.02 secs] 
205.021: [GC (GCLocker Initiated GC)205.021: [ParNew: 244691K->41728K(349568K), 0.0094170 secs] 255327K->52365K(370160K), 0.0094640 secs] [Times: user=0.06 sys=0.00, real=0.01 secs] 
205.456: [GC (Allocation Failure)205.456: [ParNew: 216576K->30323K(349568K), 0.0130050 secs] 227213K->44652K(370160K), 0.0130490 secs] [Times: user=0.08 sys=0.00, real=0.01 secs] 
205.470: [GC (CMS Initial Mark) [1 CMS-initial-mark: 14329K(20592K)] 45719K(370160K), 0.0124200 secs] [Times: user=0.01 sys=0.00, real=0.01 secs] 
205.482: [CMS-concurrent-mark-start]
205.492: [CMS-concurrent-mark: 0.010/0.010 secs] [Times: user=0.08 sys=0.00, real=0.01 secs] 
205.492: [CMS-concurrent-preclean-start]
205.492: [CMS-concurrent-preclean: 0.000/0.000 secs] [Times: user=0.00 sys=0.00, real=0.00 secs] 
205.492: [CMS-concurrent-abortable-preclean-start]
205.861: [CMS-concurrent-abortable-preclean: 0.268/0.368 secs] [Times: user=2.05 sys=0.02, real=0.37 secs] 
205.861: [GC (CMS Final Remark)[YG occupancy: 166479 K (349568 K)]205.861: [Rescan (parallel) , 0.0681360 secs]205.929: [weak refs processing, 0.0000390 secs]205.929: [scrub string table, 0.0002530 secs] [1 CMS-remark: 14329K(20592K)] 180808K(370160K), 0.0684930 secs] [Times: user=0.44 sys=0.01, real=0.07 secs] 
205.930: [CMS-concurrent-sweep-start]
205.939: [CMS-concurrent-sweep: 0.009/0.009 secs] [Times: user=0.01 sys=0.00, real=0.01 secs] 
205.939: [CMS-concurrent-reset-start]
205.939: [CMS-concurrent-reset: 0.001/0.001 secs] [Times: user=0.01 sys=0.00, real=0.00 secs] 
206.019: [GC (Allocation Failure)206.019: [ParNew: 205173K->22736K(349568K), 0.0078400 secs] 213947K->31526K(370160K), 0.0078970 secs] [Times: user=0.05 sys=0.00, real=0.01 secs] 
206.027: [GC (GCLocker Initiated GC)206.027: [ParNew: 23528K->22728K(349568K), 0.0071670 secs] 32318K->32091K(370160K), 0.0072110 secs] [Times: user=0.05 sys=0.00, real=0.00 secs] 
206.371: [GC (Allocation Failure)206.371: [ParNew: 197579K->45301K(349568K), 0.0145000 secs] 206942K->54668K(370160K), 0.0145480 secs] [Times: user=0.11 sys=0.00, real=0.02 secs] 
206.386: [GC (GCLocker Initiated GC)206.386: [ParNew: 45646K->54859K(349568K), 0.0136850 secs] 55013K->64227K(370160K), 0.0137230 secs] [Times: user=0.10 sys=0.00, real=0.01 secs] 
206.826: [GC (Allocation Failure)206.826: [ParNew: 229713K->39251K(349568K), 0.0125730 secs] 239080K->48620K(370160K), 0.0126230 secs] [Times: user=0.10 sys=0.00, real=0.01 secs] 
206.839: [GC (GCLocker Initiated GC)206.839: [ParNew: 40049K->40138K(349568K), 0.0122750 secs] 49419K->49510K(370160K), 0.0123060 secs] [Times: user=0.09 sys=0.00, real=0.01 secs] 
207.323: [GC (Allocation Failure)207.323: [ParNew: 214987K->43226K(349568K), 0.0111210 secs] 224359K->52597K(370160K), 0.0111720 secs] [Times: user=0.08 sys=0.00, real=0.01 secs] 
207.334: [GC (GCLocker Initiated GC)207.334: [ParNew: 43699K->47982K(349568K), 0.0128380 secs] 53071K->57357K(370160K), 0.0128720 secs] [Times: user=0.08 sys=0.00, real=0.02 secs] 
207.722: [GC (Allocation Failure)207.722: [ParNew: 222830K->58129K(349568K), 0.0137480 secs] 232205K->67506K(370160K), 0.0137950 secs] [Times: user=0.10 sys=0.00, real=0.02 secs] 
207.736: [GC (GCLocker Initiated GC)207.736: [ParNew: 58410K->47602K(349568K), 0.0135480 secs] 67787K->56979K(370160K), 0.0135850 secs] [Times: user=0.10 sys=0.00, real=0.01 secs] 
208.177: [GC (GCLocker Initiated GC)208.177: [ParNew: 222453K->36021K(349568K), 0.0065470 secs] 231829K->45400K(370160K), 0.0066030 secs] [Times: user=0.05 sys=0.00, real=0.00 secs] 
208.752: [GC (GCLocker Initiated GC)208.752: [ParNew: 210870K->16872K(349568K), 0.0060030 secs] 220248K->26253K(370160K), 0.0060470 secs] [Times: user=0.04 sys=0.00, real=0.01 secs] 
209.165: [GC (Allocation Failure)209.165: [ParNew: 191720K->44491K(349568K), 0.0165910 secs] 201101K->53872K(370160K), 0.0166390 secs] [Times: user=0.11 sys=0.00, real=0.01 secs] 
209.874: [GC (Allocation Failure)209.874: [ParNew: 219339K->41666K(349568K), 0.0117570 secs] 228720K->51049K(370160K), 0.0118060 secs] [Times: user=0.09 sys=0.00, real=0.02 secs] 
209.886: [GC (GCLocker Initiated GC)209.886: [ParNew: 42091K->37134K(349568K), 0.0102670 secs] 51474K->46517K(370160K), 0.0102980 secs] [Times: user=0.07 sys=0.00, real=0.01 secs] 
210.372: [GC (Allocation Failure)210.372: [ParNew: 211982K->32420K(349568K), 0.0171510 secs] 221365K->48554K(370160K), 0.0172030 secs] [Times: user=0.08 sys=0.01, real=0.02 secs] 
210.389: [GC (CMS Initial Mark) [1 CMS-initial-mark: 16133K(20592K)] 49680K(370160K), 0.0104310 secs] [Times: user=0.01 sys=0.00, real=0.01 secs] 
210.400: [CMS-concurrent-mark-start]
210.412: [CMS-concurrent-mark: 0.012/0.012 secs] [Times: user=0.06 sys=0.00, real=0.01 secs] 
210.412: [CMS-concurrent-preclean-start]
210.412: [CMS-concurrent-preclean: 0.000/0.000 secs] [Times: user=0.00 sys=0.00, real=0.00 secs] 
210.412: [CMS-concurrent-abortable-preclean-start]
210.858: [CMS-concurrent-abortable-preclean: 0.244/0.446 secs] [Times: user=1.71 sys=0.01, real=0.45 secs] 
210.858: [GC (CMS Final Remark)[YG occupancy: 159278 K (349568 K)]210.858: [Rescan (parallel) , 0.0541910 secs]210.912: [weak refs processing, 0.0000170 secs]210.912: [scrub string table, 0.0002480 secs] [1 CMS-remark: 16133K(20592K)] 175412K(370160K), 0.0545200 secs] [Times: user=0.33 sys=0.01, real=0.05 secs] 
210.912: [CMS-concurrent-sweep-start]
210.920: [CMS-concurrent-sweep: 0.007/0.007 secs] [Times: user=0.04 sys=0.00, real=0.01 secs] 
210.920: [CMS-concurrent-reset-start]
210.920: [CMS-concurrent-reset: 0.001/0.001 secs] [Times: user=0.00 sys=0.00, real=0.00 secs] 
210.985: [GC (CMS Initial Mark) [1 CMS-initial-mark: 11837K(20592K)] 219114K(370160K), 0.1065670 secs] [Times: user=0.10 sys=0.00, real=0.10 secs] 
211.092: [CMS-concurrent-mark-start]
211.092: [GC (Allocation Failure)211.092: [ParNew: 207277K->19753K(349568K), 0.0061040 secs] 219114K->31592K(370160K), 0.0061590 secs] [Times: user=0.04 sys=0.01, real=0.01 secs] 
211.098: [GC (GCLocker Initiated GC)211.098: [ParNew: 19753K->19485K(349568K), 0.0065870 secs] 31593K->32362K(370160K), 0.0066190 secs] [Times: user=0.05 sys=0.00, real=0.01 secs] 
211.131: [CMS-concurrent-mark: 0.026/0.039 secs] [Times: user=0.27 sys=0.01, real=0.04 secs] 
211.131: [CMS-concurrent-preclean-start]
211.137: [CMS-concurrent-preclean: 0.006/0.006 secs] [Times: user=0.04 sys=0.00, real=0.01 secs] 
211.137: [CMS-concurrent-abortable-preclean-start]
211.373: [CMS-concurrent-abortable-preclean: 0.136/0.236 secs] [Times: user=1.39 sys=0.01, real=0.23 secs] 
211.373: [GC (CMS Final Remark)[YG occupancy: 150627 K (349568 K)]211.373: [Rescan (parallel) , 0.0440620 secs]211.417: [weak refs processing, 0.0000110 secs]211.417: [scrub string table, 0.0001730 secs] [1 CMS-remark: 12877K(20592K)] 163505K(370160K), 0.0442960 secs] [Times: user=0.29 sys=0.01, real=0.05 secs] 
211.417: [CMS-concurrent-sweep-start]
211.427: [CMS-concurrent-sweep: 0.009/0.009 secs] [Times: user=0.05 sys=0.00, real=0.01 secs] 
211.427: [CMS-concurrent-reset-start]
211.427: [CMS-concurrent-reset: 0.001/0.001 secs] [Times: user=0.02 sys=0.00, real=0.00 secs] 
211.537: [GC (CMS Initial Mark) [1 CMS-initial-mark: 12877K(21464K)] 207210K(371032K), 0.1001890 secs] [Times: user=0.10 sys=0.00, real=0.10 secs] 
211.638: [CMS-concurrent-mark-start]
211.638: [GC (GCLocker Initiated GC)211.638: [ParNew: 194333K->22823K(349568K), 0.0058920 secs] 207210K->35701K(371032K), 0.0059350 secs] [Times: user=0.04 sys=0.00, real=0.00 secs] 
211.650: [CMS-concurrent-mark: 0.007/0.013 secs] [Times: user=0.08 sys=0.00, real=0.01 secs] 
211.650: [CMS-concurrent-preclean-start]
211.651: [CMS-concurrent-preclean: 0.000/0.000 secs] [Times: user=0.00 sys=0.00, real=0.00 secs] 
211.651: [CMS-concurrent-abortable-preclean-start]
212.288: [CMS-concurrent-abortable-preclean: 0.336/0.637 secs] [Times: user=1.75 sys=0.01, real=0.64 secs] 
212.288: [GC (CMS Final Remark)[YG occupancy: 178470 K (349568 K)]212.288: [Rescan (parallel) , 0.0309160 secs]212.319: [weak refs processing, 0.0000110 secs]212.319: [scrub string table, 0.0001690 secs] [1 CMS-remark: 12877K(21464K)] 191348K(371032K), 0.0311420 secs] [Times: user=0.19 sys=0.01, real=0.03 secs] 
212.320: [CMS-concurrent-sweep-start]
212.338: [CMS-concurrent-sweep: 0.019/0.019 secs] [Times: user=0.11 sys=0.00, real=0.02 secs] 
212.338: [CMS-concurrent-reset-start]
212.339: [CMS-concurrent-reset: 0.001/0.001 secs] [Times: user=0.00 sys=0.00, real=0.00 secs] 
212.362: [GC (GCLocker Initiated GC)212.363: [ParNew: 197671K->24583K(349568K), 0.0083230 secs] 202812K->29726K(371032K), 0.0083750 secs] [Times: user=0.05 sys=0.00, real=0.01 secs] 
213.334: [GC (Allocation Failure)213.334: [ParNew: 199431K->32152K(349568K), 0.0076710 secs] 204574K->37295K(371032K), 0.0077130 secs] [Times: user=0.05 sys=0.00, real=0.01 secs] 
213.342: [GC (GCLocker Initiated GC)213.342: [ParNew: 32449K->30156K(349568K), 0.0083300 secs] 37592K->35300K(371032K), 0.0083830 secs] [Times: user=0.05 sys=0.00, real=0.01 secs] 
213.954: [GC (Allocation Failure)213.954: [ParNew: 205004K->19201K(349568K), 0.0050580 secs] 210148K->24346K(371032K), 0.0051210 secs] [Times: user=0.03 sys=0.00, real=0.01 secs] 
214.340: [GC (Allocation Failure)214.340: [ParNew: 194055K->31518K(349568K), 0.0136650 secs] 199199K->36664K(371032K), 0.0137110 secs] [Times: user=0.07 sys=0.00, real=0.01 secs] 
214.354: [GC (GCLocker Initiated GC)214.354: [ParNew: 31878K->41826K(349568K), 0.0133980 secs] 37024K->46972K(371032K), 0.0134400 secs] [Times: user=0.07 sys=0.00, real=0.02 secs] 
214.937: [GC (Allocation Failure)214.937: [ParNew: 216684K->25751K(349568K), 0.0067730 secs] 221830K->30900K(371032K), 0.0068340 secs] [Times: user=0.04 sys=0.00, real=0.00 secs] 
214.944: [GC (GCLocker Initiated GC)214.944: [ParNew: 26829K->22318K(349568K), 0.0060960 secs] 31978K->27467K(371032K), 0.0061310 secs] [Times: user=0.04 sys=0.00, real=0.01 secs] 
215.540: [GC (Allocation Failure)215.540: [ParNew: 197166K->15686K(349568K), 0.0044800 secs] 202315K->20843K(371032K), 0.0045260 secs] [Times: user=0.03 sys=0.00, real=0.01 secs] 
216.002: [GC (Allocation Failure)216.002: [ParNew: 190534K->13880K(349568K), 0.0049000 secs] 195691K->19039K(371032K), 0.0049510 secs] [Times: user=0.03 sys=0.00, real=0.01 secs] 
216.867: [GC (Allocation Failure)216.867: [ParNew: 188728K->7734K(349568K), 0.0021190 secs] 193887K->12892K(371032K), 0.0021550 secs] [Times: user=0.01 sys=0.00, real=0.00 secs] 
217.541: [GC (GCLocker Initiated GC)217.541: [ParNew: 182582K->10459K(349568K), 0.0031570 secs] 187740K->15620K(371032K), 0.0031960 secs] [Times: user=0.02 sys=0.00, real=0.01 secs] 
218.220: [GC (Allocation Failure)218.220: [ParNew: 185307K->8019K(349568K), 0.0023580 secs] 190468K->13182K(371032K), 0.0024220 secs] [Times: user=0.02 sys=0.00, real=0.00 secs] 
218.223: [GC (GCLocker Initiated GC)218.223: [ParNew: 8692K->7762K(349568K), 0.0025140 secs] 13855K->12925K(371032K), 0.0025500 secs] [Times: user=0.01 sys=0.00, real=0.01 secs] 
218.961: [GC (Allocation Failure)218.961: [ParNew: 182611K->26397K(349568K), 0.0087440 secs] 187774K->31562K(371032K), 0.0087830 secs] [Times: user=0.07 sys=0.00, real=0.01 secs] 
218.970: [GC (GCLocker Initiated GC)218.970: [ParNew: 26731K->37763K(349568K), 0.0085200 secs] 31896K->42928K(371032K), 0.0085570 secs] [Times: user=0.06 sys=0.00, real=0.01 secs] 
220.077: [GC (Allocation Failure)220.077: [ParNew: 212611K->19518K(349568K), 0.0045150 secs] 217776K->24686K(371032K), 0.0045560 secs] [Times: user=0.02 sys=0.00, real=0.00 secs] 
220.788: [GC (GCLocker Initiated GC)220.788: [ParNew: 194367K->6907K(349568K), 0.0020670 secs] 199535K->12074K(371032K), 0.0021260 secs] [Times: user=0.01 sys=0.00, real=0.00 secs] 
222.122: [GC (GCLocker Initiated GC)222.122: [ParNew: 181755K->6475K(349568K), 0.0020510 secs] 186922K->11643K(371032K), 0.0020970 secs] [Times: user=0.01 sys=0.00, real=0.00 secs] 
223.595: [GC (GCLocker Initiated GC)223.595: [ParNew: 181323K->4602K(349568K), 0.0019370 secs] 186491K->9770K(371032K), 0.0019850 secs] [Times: user=0.01 sys=0.00, real=0.00 secs] 
224.744: [GC (Allocation Failure)224.744: [ParNew: 179450K->22947K(349568K), 0.0078130 secs] 184618K->28115K(371032K), 0.0078650 secs] [Times: user=0.05 sys=0.00, real=0.01 secs] 
225.536: [GC (Allocation Failure)225.536: [ParNew: 197795K->16684K(349568K), 0.0035480 secs] 202963K->21856K(371032K), 0.0035980 secs] [Times: user=0.03 sys=0.00, real=0.00 secs] 
226.672: [GC (Allocation Failure)226.672: [ParNew: 191532K->10699K(349568K), 0.0021210 secs] 196704K->15871K(371032K), 0.0021680 secs] [Times: user=0.01 sys=0.00, real=0.01 secs] 
227.646: [GC (Allocation Failure)227.646: [ParNew: 185547K->3458K(349568K), 0.0011930 secs] 190719K->8630K(371032K), 0.0012450 secs] [Times: user=0.01 sys=0.00, real=0.00 secs] 
228.783: [GC (Allocation Failure)228.783: [ParNew: 178307K->13070K(349568K), 0.0047390 secs] 183479K->18251K(371032K), 0.0047790 secs] [Times: user=0.03 sys=0.00, real=0.01 secs] 
228.788: [GC (GCLocker Initiated GC)228.788: [ParNew: 15481K->17736K(349568K), 0.0049630 secs] 20662K->22917K(371032K), 0.0050030 secs] [Times: user=0.03 sys=0.00, real=0.00 secs] 
231.461: [GC (Allocation Failure)231.461: [ParNew: 192584K->12948K(349568K), 0.0036070 secs] 197765K->18134K(371032K), 0.0036610 secs] [Times: user=0.02 sys=0.00, real=0.01 secs] 
233.490: [GC (Allocation Failure)233.490: [ParNew: 187796K->4907K(349568K), 0.0011240 secs] 192982K->10093K(371032K), 0.0011640 secs] [Times: user=0.01 sys=0.00, real=0.00 secs] 
236.272: [GC (Allocation Failure)236.272: [ParNew: 179755K->6785K(349568K), 0.0029720 secs] 184941K->11971K(371032K), 0.0030470 secs] [Times: user=0.01 sys=0.00, real=0.01 secs] 
239.385: [GC (GCLocker Initiated GC)239.385: [ParNew: 181634K->5354K(349568K), 0.0015420 secs] 186820K->10540K(371032K), 0.0015990 secs] [Times: user=0.01 sys=0.00, real=0.00 secs] 
Heap
 par new generation   total 349568K, used 70496K [0x00000007bae00000, 0x00000007dae00000, 0x00000007dae00000)
  eden space 174848K,  37% used [0x00000007bae00000, 0x00000007bed9d660, 0x00000007c58c0000)
  from space 174720K,   3% used [0x00000007d0360000, 0x00000007d089a9c8, 0x00000007dae00000)
  to   space 174720K,   0% used [0x00000007c58c0000, 0x00000007c58c0000, 0x00000007d0360000)
 concurrent mark-sweep generation total 21464K, used 5185K [0x00000007dae00000, 0x00000007dc2f6000, 0x00000007fae00000)
 concurrent-mark-sweep perm gen total 21248K, used 8934K [0x00000007fae00000, 0x00000007fc2c0000, 0x0000000800000000)
