0.000: [GC 8700K->954K(97216K), 0.0293009 secs]
5.591: [GC 9649K->1469K(97216K), 0.0266520 secs]
11.015: [GC 10172K->2385K(97216K), 0.0263682 secs]
13.555: [GC 11089K->2647K(97216K), 0.0284871 secs]
15.291: [GC 11351K->3474K(97216K), 0.0182381 secs]
15.589: [GC 12178K->3809K(97216K), 0.0384219 secs]
18.159: [GC 12513K->4600K(97216K), 0.0438922 secs]
20.801: [GC 13300K->4988K(97216K), 0.0204152 secs]
22.184: [GC 13691K->5306K(97216K), 0.0197793 secs]
23.582: [GC 14010K->5901K(97216K), 0.0195670 secs]
25.230: [GC 14605K->6700K(97216K), 0.0679349 secs]
27.110: [GC 15393K->6956K(97216K), 0.0280541 secs]
28.681: [GC 15660K->7563K(97216K), 0.0145979 secs]
29.952: [Full GC 15404K->7527K(97216K), 0.4356610 secs]
39.949: [GC 16287K->7901K(97280K), 0.0290104 secs]
52.206: [GC 16645K->7942K(97280K), 0.0072800 secs]
79.913: [GC 16710K->8292K(97280K), 0.0191273 secs]
82.985: [GC 17060K->8355K(97280K), 0.0187253 secs]
85.370: [Full GC 16958K->8858K(97280K), 0.9282685 secs]
87.402: [GC 17690K->9403K(97344K), 0.0150642 secs]
89.639: [GC 18235K->10475K(97344K), 0.0334515 secs]
92.125: [GC 19300K->12577K(97344K), 0.0536361 secs]
94.101: [GC 21409K->14306K(97344K), 0.1273176 secs]
94.752: [GC 23138K->14788K(97344K), 0.0471783 secs]
96.019: [GC 23620K->15044K(97344K), 0.0138847 secs]
97.489: [GC 23875K->14963K(97344K), 0.0094898 secs]
99.314: [GC 23795K->15006K(97344K), 0.0072420 secs]
100.152: [GC 23833K->15262K(97344K), 0.0120127 secs]
100.342: [Full GC 18128K->15076K(97344K), 0.5917079 secs]
101.572: [GC 23908K->15475K(97344K), 0.0099569 secs]
102.239: [GC 24307K->15566K(97344K), 0.0079323 secs]
103.853: [GC 24398K->16704K(97344K), 0.0489342 secs]
105.001: [GC 25536K->18420K(97344K), 0.0604348 secs]
107.547: [GC 27252K->18289K(97344K), 0.0187465 secs]
114.017: [GC 27121K->20154K(97344K), 0.0561588 secs]
114.711: [GC 28986K->20981K(97344K), 0.0239486 secs]
115.149: [GC 29813K->20528K(97344K), 0.0100136 secs]
115.948: [GC 29360K->20578K(97344K), 0.0041050 secs]
116.487: [GC 29410K->20621K(97344K), 0.0056387 secs]
117.006: [GC 29453K->20667K(97344K), 0.0052523 secs]
117.078: [GC 29499K->20625K(97344K), 0.0030892 secs]
117.450: [GC 29302K->20960K(97344K), 0.0063969 secs]
117.827: [GC 29792K->21074K(97344K), 0.0074116 secs]
118.205: [GC 29906K->21168K(97344K), 0.0225842 secs]
118.841: [GC 30000K->21159K(97344K), 0.0111486 secs]
119.362: [GC 29991K->21205K(97344K), 0.0035915 secs]
119.459: [GC 30002K->21310K(97344K), 0.0045782 secs]
119.979: [GC 30142K->21212K(97344K), 0.0059756 secs]
120.338: [GC 29892K->21539K(97344K), 0.0055110 secs]
120.859: [GC 30371K->21641K(97344K), 0.0106882 secs]
121.339: [GC 30473K->21732K(97344K), 0.0056543 secs]
121.620: [GC 30564K->21730K(97344K), 0.0058742 secs]
121.696: [GC 30558K->21730K(97344K), 0.0040405 secs]
121.751: [GC 30551K->21861K(97344K), 0.0046833 secs]
121.787: [GC 30678K->21899K(97344K), 0.0044464 secs]
121.830: [GC 30731K->22011K(97344K), 0.0044888 secs]
121.875: [GC 30833K->22002K(97344K), 0.0108106 secs]
121.945: [GC 30833K->22008K(97344K), 0.0023645 secs]
121.983: [GC 30836K->22025K(97344K), 0.0029289 secs]
122.034: [GC 30853K->22025K(97344K), 0.0030512 secs]
122.179: [GC 30855K->22011K(97344K), 0.0154587 secs]
122.361: [GC 30838K->22035K(97344K), 0.0026718 secs]
122.402: [GC 30866K->22031K(97344K), 0.0026721 secs]
122.437: [GC 30853K->22055K(97344K), 0.0031225 secs]
122.492: [GC 30874K->22041K(97344K), 0.0026752 secs]
122.555: [GC 30861K->22026K(97344K), 0.0042477 secs]
122.588: [GC 30853K->22051K(97344K), 0.0019801 secs]
122.634: [GC 30882K->22056K(97344K), 0.0026450 secs]
122.664: [GC 30884K->22049K(97344K), 0.0027693 secs]
122.713: [GC 30869K->22035K(97344K), 0.0025947 secs]
122.742: [GC 30863K->22059K(97344K), 0.0030982 secs]
122.771: [GC 30879K->22044K(97344K), 0.0029870 secs]
122.800: [GC 30871K->22068K(97344K), 0.0029171 secs]
122.832: [GC 30887K->22054K(97344K), 0.0027587 secs]
122.870: [GC 30881K->22078K(97344K), 0.0030135 secs]
122.944: [GC 30902K->22061K(97344K), 0.0026132 secs]
123.020: [GC 30887K->22069K(97344K), 0.0027794 secs]
123.058: [GC 30897K->22064K(97344K), 0.0022665 secs]
123.112: [GC 30891K->22089K(97344K), 0.0049956 secs]
123.229: [GC 30919K->22082K(97344K), 0.0038823 secs]
123.315: [GC 30912K->22097K(97344K), 0.0040156 secs]
123.359: [GC 30929K->22075K(97344K), 0.0048182 secs]
123.394: [GC 30902K->22099K(97344K), 0.0041944 secs]
123.438: [GC 30926K->22091K(97344K), 0.0066883 secs]
123.477: [GC 30919K->22111K(97344K), 0.0062983 secs]
123.525: [GC 30938K->22094K(97344K), 0.0044897 secs]
123.556: [GC 30921K->22118K(97344K), 0.0068442 secs]
123.623: [GC 30949K->22089K(97344K), 0.0066070 secs]
123.652: [GC 30916K->22111K(97344K), 0.0028328 secs]
123.677: [GC 30932K->22132K(97344K), 0.0029023 secs]
123.707: [GC 30952K->22117K(97344K), 0.0032979 secs]
123.749: [GC 30945K->22122K(97344K), 0.0033180 secs]
123.775: [GC 30949K->22116K(97344K), 0.0027059 secs]
123.813: [GC 30946K->22137K(97344K), 0.0051199 secs]
123.854: [GC 30961K->22116K(97344K), 0.0033001 secs]
123.927: [GC 30942K->22144K(97344K), 0.0038209 secs]
123.967: [GC 30972K->22138K(97344K), 0.0028657 secs]
124.061: [GC 30969K->22138K(97344K), 0.0023352 secs]
124.090: [GC 30958K->22123K(97344K), 0.0031747 secs]
124.110: [GC 30950K->22148K(97344K), 0.0022025 secs]
124.132: [GC 30968K->22133K(97344K), 0.0024090 secs]
124.219: [Full GC 28524K->14939K(97344K), 0.7297564 secs]
125.138: [GC 23769K->15032K(97344K), 0.0049875 secs]
125.169: [GC 23859K->15056K(97344K), 0.0018977 secs]
125.203: [GC 23883K->15050K(97344K), 0.0019055 secs]
125.253: [GC 23877K->15075K(97344K), 0.0022796 secs]
125.276: [GC 23895K->15063K(97344K), 0.0014829 secs]
125.300: [GC 23894K->15098K(97344K), 0.0022274 secs]
125.328: [GC 23923K->15091K(97344K), 0.0026579 secs]
125.363: [GC 23922K->15097K(97344K), 0.0020804 secs]
125.487: [GC 23926K->15126K(97344K), 0.0043380 secs]
125.526: [GC 23943K->15125K(97344K), 0.0047366 secs]
125.577: [GC 23957K->15110K(97344K), 0.0063628 secs]
125.612: [GC 23937K->15134K(97344K), 0.0058368 secs]
125.779: [GC 23962K->15127K(97344K), 0.0032311 secs]
125.807: [GC 23947K->15113K(97344K), 0.0035650 secs]
125.840: [GC 23940K->15137K(97344K), 0.0052825 secs]
125.939: [GC 23956K->15122K(97344K), 0.0023701 secs]
125.971: [GC 23950K->15147K(97344K), 0.0038315 secs]
126.137: [GC 23966K->15133K(97344K), 0.0041427 secs]
126.170: [GC 23961K->15126K(97344K), 0.0032851 secs]
126.196: [GC 23944K->15159K(97344K), 0.0093557 secs]
126.223: [GC 23978K->15143K(97344K), 0.0027101 secs]
126.248: [GC 23970K->15167K(97344K), 0.0045659 secs]
126.336: [GC 23992K->15154K(97344K), 0.0039019 secs]
126.367: [GC 23980K->15134K(97344K), 0.0038536 secs]
126.399: [GC 23951K->15180K(97344K), 0.0035667 secs]
126.423: [GC 24000K->15166K(97344K), 0.0032758 secs]
126.449: [GC 23986K->15154K(97344K), 0.0046685 secs]
126.501: [GC 23981K->15180K(97344K), 0.0050671 secs]
126.527: [GC 24000K->15168K(97344K), 0.0027280 secs]
126.551: [GC 23997K->15170K(97344K), 0.0027459 secs]
126.576: [GC 24001K->15195K(97344K), 0.0018994 secs]
126.598: [GC 24020K->15193K(97344K), 0.0043796 secs]
126.619: [GC 24023K->15207K(97344K), 0.0037181 secs]
126.652: [GC 24030K->15201K(97344K), 0.0028378 secs]
126.720: [GC 24031K->15192K(97344K), 0.0035172 secs]
126.753: [GC 24023K->15192K(97344K), 0.0039994 secs]
126.790: [GC 24010K->15238K(97344K), 0.0046000 secs]
126.814: [GC 24058K->15223K(97344K), 0.0021897 secs]
126.840: [GC 24042K->15209K(97344K), 0.0029305 secs]
126.873: [GC 24039K->15209K(97344K), 0.0035370 secs]
126.946: [GC 24025K->15245K(97344K), 0.0045416 secs]
126.979: [GC 24075K->15228K(97344K), 0.0035868 secs]
127.014: [GC 24057K->15221K(97344K), 0.0026459 secs]
127.039: [GC 24053K->15250K(97344K), 0.0018882 secs]
127.061: [GC 24069K->15249K(97344K), 0.0029255 secs]
127.109: [GC 24068K->15235K(97344K), 0.0022467 secs]
127.134: [GC 24062K->15259K(97344K), 0.0060849 secs]
127.166: [GC 24078K->15243K(97344K), 0.0027107 secs]
127.185: [GC 24071K->15267K(97344K), 0.0019025 secs]
127.211: [GC 24087K->15253K(97344K), 0.0025827 secs]
127.231: [GC 24081K->15277K(97344K), 0.0025766 secs]
127.267: [GC 24105K->15273K(97344K), 0.0034773 secs]
127.444: [GC 24097K->15281K(97344K), 0.0057854 secs]
127.482: [GC 24101K->15265K(97344K), 0.0036189 secs]
127.510: [GC 24092K->15289K(97344K), 0.0095942 secs]
127.548: [GC 24120K->15281K(97344K), 0.0036270 secs]
127.580: [GC 24109K->15290K(97344K), 0.0054621 secs]
127.621: [GC 24110K->15278K(97344K), 0.0069526 secs]
127.657: [GC 24109K->15280K(97344K), 0.0041553 secs]
127.758: [GC 24112K->15308K(97344K), 0.0029811 secs]
127.780: [GC 24128K->15307K(97344K), 0.0026107 secs]
127.800: [GC 24127K->15293K(97344K), 0.0025366 secs]
127.818: [GC 24121K->15317K(97344K), 0.0023989 secs]
127.839: [GC 24146K->15322K(97344K), 0.0037013 secs]
127.860: [GC 24150K->15317K(97344K), 0.0024763 secs]
127.878: [GC 24144K->15339K(97344K), 0.0021634 secs]
127.914: [GC 24159K->15322K(97344K), 0.0023799 secs]
127.933: [GC 24142K->15305K(97344K), 0.0017223 secs]
127.961: [GC 24127K->15320K(97344K), 0.0031850 secs]
127.986: [GC 24149K->15335K(97344K), 0.0027593 secs]
128.010: [GC 24162K->15328K(97344K), 0.0028998 secs]
128.032: [GC 24150K->15329K(97344K), 0.0025601 secs]
128.051: [GC 24156K->15353K(97344K), 0.0033988 secs]
128.074: [GC 24180K->15337K(97344K), 0.0017463 secs]
128.096: [GC 24167K->15352K(97344K), 0.0030132 secs]
128.135: [GC 24170K->15345K(97344K), 0.0016818 secs]
128.154: [GC 24164K->15355K(97344K), 0.0032563 secs]
128.184: [GC 24175K->15343K(97344K), 0.0040391 secs]
128.219: [GC 24170K->15367K(97344K), 0.0027333 secs]
128.240: [GC 24187K->15351K(97344K), 0.0027895 secs]
128.275: [GC 24176K->15372K(97344K), 0.0034024 secs]
128.380: [GC 24198K->15356K(97344K), 0.0060376 secs]
128.416: [GC 24183K->15380K(97344K), 0.0028825 secs]
128.464: [GC 24207K->15372K(97344K), 0.0026808 secs]
128.489: [GC 24204K->15345K(97344K), 0.0055018 secs]
128.511: [GC 24170K->15381K(97344K), 0.0050297 secs]
128.544: [GC 24213K->15376K(97344K), 0.0033784 secs]
128.572: [GC 24204K->15369K(97344K), 0.0029113 secs]
128.593: [GC 24197K->15393K(97344K), 0.0026109 secs]
128.614: [GC 24213K->15379K(97344K), 0.0023056 secs]
128.638: [GC 24207K->15403K(97344K), 0.0026056 secs]
128.657: [GC 24223K->15388K(97344K), 0.0024880 secs]
128.677: [GC 24215K->15414K(97344K), 0.0025693 secs]
128.698: [GC 24244K->15386K(97344K), 0.0025931 secs]
128.725: [GC 24214K->15410K(97344K), 0.0028889 secs]
128.751: [GC 24230K->15397K(97344K), 0.0027590 secs]
128.778: [GC 24224K->15422K(97344K), 0.0031772 secs]
128.802: [GC 24242K->15408K(97344K), 0.0018011 secs]
128.822: [GC 24236K->15434K(97344K), 0.0024126 secs]
129.385: [GC 24254K->15419K(97344K), 0.0047579 secs]
129.410: [GC 24238K->15402K(97344K), 0.0029532 secs]
129.430: [GC 24229K->15424K(97344K), 0.0033842 secs]
129.523: [GC 24243K->15407K(97344K), 0.0018785 secs]
129.547: [GC 24234K->15429K(97344K), 0.0024419 secs]
129.567: [GC 24249K->15412K(97344K), 0.0023453 secs]
129.588: [GC 24239K->15434K(97344K), 0.0027797 secs]
129.611: [GC 24262K->15436K(97344K), 0.0028976 secs]
129.659: [GC 24255K->15422K(97344K), 0.0026188 secs]
129.681: [GC 24249K->15446K(97344K), 0.0027057 secs]
129.711: [GC 24265K->15432K(97344K), 0.0023869 secs]
129.739: [GC 24248K->15421K(97344K), 0.0023696 secs]
129.766: [GC 24248K->15443K(97344K), 0.0033543 secs]
129.789: [GC 24263K->15426K(97344K), 0.0042036 secs]
129.809: [GC 24253K->15448K(97344K), 0.0019050 secs]
129.832: [GC 24267K->15431K(97344K), 0.0019497 secs]
129.858: [GC 24263K->15436K(97344K), 0.0033468 secs]
129.922: [GC 24261K->15434K(97344K), 0.0028523 secs]
129.944: [GC 24262K->15460K(97344K), 0.0036566 secs]
129.970: [GC 24280K->15448K(97344K), 0.0026590 secs]
129.991: [GC 24273K->15465K(97344K), 0.0068922 secs]
130.032: [GC 24292K->15471K(97344K), 0.0037499 secs]
130.057: [GC 24291K->15457K(97344K), 0.0030333 secs]
130.138: [GC 24284K->15481K(97344K), 0.0025755 secs]
130.170: [GC 24310K->15456K(97344K), 0.0057829 secs]
130.198: [GC 24286K->15481K(97344K), 0.0023986 secs]
130.217: [GC 24297K->15479K(97344K), 0.0015125 secs]
130.237: [GC 24299K->15464K(97344K), 0.0030283 secs]
130.345: [GC 24291K->15488K(97344K), 0.0029604 secs]
130.368: [GC 24308K->15474K(97344K), 0.0027939 secs]
130.389: [GC 24301K->15498K(97344K), 0.0019033 secs]
130.409: [GC 24327K->15487K(97344K), 0.0018798 secs]
130.433: [GC 24306K->15482K(97344K), 0.0050152 secs]
130.459: [GC 24310K->15506K(97344K), 0.0037941 secs]
130.482: [GC 24326K->15489K(97344K), 0.0028065 secs]
130.504: [GC 24316K->15512K(97344K), 0.0029691 secs]
130.530: [GC 24331K->15494K(97344K), 0.0016983 secs]
130.550: [GC 24323K->15489K(97344K), 0.0020846 secs]
130.580: [GC 24313K->15494K(97344K), 0.0032012 secs]
130.605: [GC 24317K->15516K(97344K), 0.0014069 secs]
130.625: [GC 24347K->15491K(97344K), 0.0022989 secs]
130.780: [GC 24309K->15507K(97344K), 0.0027811 secs]
130.802: [GC 24329K->15503K(97344K), 0.0021237 secs]
130.822: [GC 24333K->15505K(97344K), 0.0026121 secs]
130.848: [GC 24332K->15533K(97344K), 0.0029940 secs]
131.032: [GC 24353K->15530K(97344K), 0.0035315 secs]
131.058: [GC 24362K->15535K(97344K), 0.0045796 secs]
131.092: [GC 24363K->15528K(97344K), 0.0038158 secs]
131.112: [GC 24355K->15552K(97344K), 0.0028395 secs]
131.140: [GC 24371K->15538K(97344K), 0.0041413 secs]
131.168: [GC 24365K->15562K(97344K), 0.0027772 secs]
131.187: [GC 24382K->15546K(97344K), 0.0015857 secs]
131.209: [GC 24366K->15533K(97344K), 0.0015058 secs]
131.226: [GC 24360K->15557K(97344K), 0.0023997 secs]
131.246: [GC 24376K->15541K(97344K), 0.0018377 secs]
131.265: [GC 24368K->15565K(97344K), 0.0025928 secs]
131.283: [GC 24385K->15550K(97344K), 0.0022626 secs]
131.302: [GC 24377K->15572K(97344K), 0.0022464 secs]
131.325: [GC 24402K->15549K(97344K), 0.0019215 secs]
131.342: [GC 24376K->15573K(97344K), 0.0021025 secs]
131.367: [GC 24392K->15559K(97344K), 0.0025933 secs]
131.388: [GC 24387K->15585K(97344K), 0.0029819 secs]
131.409: [GC 24404K->15573K(97344K), 0.0025556 secs]
131.440: [GC 24398K->15588K(97344K), 0.0034552 secs]
131.469: [GC 24419K->15575K(97344K), 0.0041980 secs]
131.498: [GC 24396K->15573K(97344K), 0.0033060 secs]
131.526: [GC 24398K->15600K(97344K), 0.0063455 secs]
131.563: [GC 24428K->15593K(97344K), 0.0042888 secs]
131.589: [GC 24413K->15579K(97344K), 0.0041832 secs]
131.614: [GC 24409K->15586K(97344K), 0.0034273 secs]
131.639: [GC 24413K->15610K(97344K), 0.0046492 secs]
131.667: [GC 24438K->15603K(97344K), 0.0027970 secs]
131.692: [GC 24422K->15589K(97344K), 0.0017156 secs]
131.711: [GC 24416K->15613K(97344K), 0.0026604 secs]
131.737: [GC 24432K->15597K(97344K), 0.0027512 secs]
131.757: [GC 24429K->15598K(97344K), 0.0025850 secs]
131.778: [GC 24418K->15621K(97344K), 0.0037502 secs]
131.805: [GC 24440K->15604K(97344K), 0.0032828 secs]
131.828: [GC 24431K->15626K(97344K), 0.0037410 secs]
131.849: [GC 24446K->15609K(97344K), 0.0018743 secs]
131.873: [GC 24436K->15631K(97344K), 0.0027699 secs]
131.934: [GC 24451K->15614K(97344K), 0.0047450 secs]
131.956: [GC 24443K->15617K(97344K), 0.0083248 secs]
131.991: [GC 24437K->15635K(97344K), 0.0045372 secs]
132.016: [GC 24464K->15611K(97344K), 0.0027073 secs]
132.036: [GC 24433K->15629K(97344K), 0.0035641 secs]
132.057: [GC 24446K->15627K(97344K), 0.0025310 secs]
132.082: [GC 24447K->15624K(97344K), 0.0031878 secs]
132.110: [GC 24451K->15648K(97344K), 0.0032677 secs]
132.132: [GC 24468K->15633K(97344K), 0.0026095 secs]
132.151: [GC 24458K->15658K(97344K), 0.0033328 secs]
132.177: [GC 24476K->15645K(97344K), 0.0037147 secs]
132.204: [GC 24472K->15669K(97344K), 0.0037622 secs]
132.224: [GC 24488K->15653K(97344K), 0.0019022 secs]
132.244: [GC 24473K->15639K(97344K), 0.0020022 secs]
132.260: [GC 24467K->15663K(97344K), 0.0022978 secs]
132.281: [GC 24487K->15653K(97344K), 0.0024118 secs]
132.304: [GC 24476K->15647K(97344K), 0.0024271 secs]
132.324: [GC 24475K->15671K(97344K), 0.0019743 secs]
132.349: [GC 24491K->15658K(97344K), 0.0026554 secs]
132.376: [GC 24485K->15681K(97344K), 0.0028386 secs]
132.401: [GC 24501K->15666K(97344K), 0.0024738 secs]
132.425: [GC 24493K->15690K(97344K), 0.0026956 secs]
132.447: [GC 24510K->15676K(97344K), 0.0022891 secs]
132.469: [GC 24496K->15661K(97344K), 0.0022386 secs]
132.492: [GC 24488K->15685K(97344K), 0.0039564 secs]
132.516: [GC 24504K->15669K(97344K), 0.0020061 secs]
132.534: [GC 24497K->15693K(97344K), 0.0017480 secs]
132.553: [GC 24513K->15680K(97344K), 0.0027568 secs]
132.573: [GC 24507K->15703K(97344K), 0.0024104 secs]
134.397: [GC 24535K->15957K(97344K), 0.0104832 secs]
138.400: [GC 24789K->18169K(97344K), 0.0432217 secs]
146.108: [GC 27001K->20769K(97344K), 0.0589826 secs]
149.516: [GC 29601K->24588K(97344K), 0.0624660 secs]
157.236: [GC 33420K->24261K(97344K), 0.0341926 secs]
165.112: [GC 33092K->24357K(97344K), 0.0075526 secs]
174.358: [GC 33189K->25796K(97344K), 0.0355224 secs]
181.133: [GC 34628K->26087K(97344K), 0.0272174 secs]
185.969: [GC 34919K->26097K(97344K), 0.0111958 secs]
189.744: [GC 34929K->26164K(97344K), 0.0096993 secs]
197.452: [GC 34996K->27035K(97344K), 0.0150469 secs]
201.285: [GC 35867K->26791K(97344K), 0.0126561 secs]
205.372: [GC 35623K->28076K(97344K), 0.0331453 secs]
207.925: [GC 36908K->28132K(97344K), 0.0307349 secs]
210.461: [GC 36964K->28204K(97344K), 0.0086276 secs]
213.975: [GC 37036K->29178K(97344K), 0.0243006 secs]
217.001: [GC 38010K->30263K(97344K), 0.0424490 secs]
219.794: [GC 39095K->29914K(97344K), 0.0145538 secs]
222.690: [GC 38746K->30414K(97344K), 0.0093381 secs]
226.747: [GC 39246K->31362K(97344K), 0.0574313 secs]
236.240: [GC 40194K->31646K(97344K), 0.0305340 secs]
238.197: [GC 40478K->31704K(97344K), 0.0074646 secs]
241.550: [GC 40536K->31813K(97344K), 0.0122032 secs]
244.765: [GC 40645K->32364K(97344K), 0.0112816 secs]
247.826: [GC 41196K->32001K(97344K), 0.0140040 secs]
250.256: [GC 40833K->32100K(97344K), 0.0067425 secs]
254.049: [GC 40932K->33392K(97344K), 0.0301644 secs]
261.076: [GC 42224K->33908K(97344K), 0.0265391 secs]
263.044: [GC 42740K->33914K(97344K), 0.0246042 secs]
266.507: [GC 42746K->35288K(97344K), 0.0280354 secs]
269.233: [GC 44120K->36434K(97344K), 0.0451055 secs]
272.293: [GC 45260K->37179K(97344K), 0.0306145 secs]
274.986: [GC 46011K->36547K(97344K), 0.0111212 secs]
277.254: [GC 45379K->36632K(97344K), 0.0058007 secs]
280.375: [GC 45464K->37555K(97344K), 0.0193173 secs]
283.719: [GC 46387K->37820K(97344K), 0.0208222 secs]
286.119: [GC 46652K->38915K(97344K), 0.0335970 secs]
290.751: [GC 47747K->39391K(97344K), 0.0450596 secs]
293.718: [GC 48223K->40512K(97344K), 0.0279706 secs]
304.040: [GC 49344K->41647K(97344K), 0.0487260 secs]
307.531: [GC 50479K->42463K(97344K), 0.0438992 secs]
310.688: [GC 51295K->43164K(97344K), 0.0526165 secs]
313.714: [GC 51995K->42593K(97344K), 0.0098663 secs]
316.546: [GC 51425K->42676K(97344K), 0.0076211 secs]
321.867: [GC 51508K->42744K(97344K), 0.0079549 secs]
325.953: [GC 51576K->43528K(97344K), 0.0280100 secs]
329.295: [GC 52360K->44296K(97344K), 0.0322169 secs]
331.891: [GC 53128K->44416K(97344K), 0.0225850 secs]
334.079: [GC 53248K->45404K(97344K), 0.0404641 secs]
337.435: [GC 54236K->45983K(97344K), 0.0276130 secs]
340.223: [GC 54815K->47184K(97344K), 0.0304223 secs]
343.266: [GC 56016K->47167K(97344K), 0.0275474 secs]
345.087: [GC 55999K->47232K(97344K), 0.0094590 secs]
347.686: [GC 56064K->47455K(97344K), 0.0083438 secs]
351.615: [GC 56287K->48172K(97344K), 0.0360976 secs]
355.105: [GC 57004K->48886K(97344K), 0.0349623 secs]
357.910: [GC 57718K->48687K(97344K), 0.0351388 secs]
360.537: [GC 57519K->49852K(97344K), 0.0260223 secs]
370.118: [GC 58683K->50910K(97344K), 0.0363999 secs]
373.558: [GC 59742K->50762K(97344K), 0.0126376 secs]
377.058: [GC 59594K->50499K(97344K), 0.0070160 secs]
379.364: [GC 59331K->50560K(97344K), 0.0054856 secs]
382.157: [GC 59392K->51896K(97344K), 0.0297602 secs]
388.563: [GC 60728K->52755K(97344K), 0.0336520 secs]
390.806: [GC 61587K->52344K(97344K), 0.0112316 secs]
393.633: [GC 61176K->53384K(97344K), 0.0766064 secs]
397.061: [GC 62216K->54252K(97344K), 0.0337454 secs]
400.422: [GC 63084K->54095K(97344K), 0.0122144 secs]
403.822: [GC 62927K->55417K(97344K), 0.0245917 secs]
405.951: [GC 64249K->55488K(97344K), 0.0208764 secs]
407.987: [GC 64320K->55566K(97344K), 0.0065810 secs]
412.024: [GC 64398K->55797K(97344K), 0.0109377 secs]
415.594: [GC 64629K->56015K(97344K), 0.0169130 secs]
417.828: [GC 64847K->56047K(97344K), 0.0125795 secs]
420.595: [GC 64878K->56401K(97344K), 0.0078798 secs]
424.938: [GC 65233K->57133K(97344K), 0.0191091 secs]
427.949: [GC 65965K->57885K(97344K), 0.0426426 secs]
436.042: [GC 66717K->58612K(97344K), 0.0255398 secs]
439.652: [GC 67444K->58433K(97344K), 0.0154344 secs]
443.362: [GC 67265K->58251K(97344K), 0.0083312 secs]
450.120: [GC 67083K->59393K(97344K), 0.0319745 secs]
452.759: [GC 68225K->60552K(97344K), 0.0475158 secs]
454.939: [GC 69384K->60950K(97344K), 0.0513462 secs]
458.145: [GC 69782K->62210K(97344K), 0.0393908 secs]
461.245: [GC 71042K->62946K(97344K), 0.0372603 secs]
465.080: [GC 71778K->62779K(97344K), 0.0254256 secs]
468.267: [GC 71611K->62448K(97344K), 0.0102848 secs]
474.787: [GC 71280K->62514K(97344K), 0.0068813 secs]
478.670: [GC 71346K->62655K(97344K), 0.0092780 secs]
482.445: [GC 71487K->63030K(97344K), 0.0139817 secs]
485.872: [GC 71862K->64188K(97344K), 0.0289350 secs]
488.765: [GC 73020K->65311K(97344K), 0.0447585 secs]
491.206: [GC 74143K->66359K(97344K), 0.0367832 secs]
494.198: [GC 75191K->65830K(97344K), 0.0098208 secs]
503.627: [GC 74662K->66125K(97344K), 0.0080027 secs]
506.631: [GC 74954K->67223K(97344K), 0.0267970 secs]
512.779: [GC 76055K->68393K(97344K), 0.0626493 secs]
514.987: [GC 77225K->68941K(97344K), 0.0883523 secs]
517.759: [GC 77773K->70267K(97344K), 0.0302639 secs]
521.093: [GC 79099K->71347K(97344K), 0.0616279 secs]
524.652: [GC 80179K->71748K(97344K), 0.0284142 secs]
528.491: [GC 80580K->72418K(97344K), 0.0174972 secs]
532.932: [GC 81250K->73311K(97344K), 0.0431153 secs]
535.842: [GC 82143K->74476K(97344K), 0.0400163 secs]
538.399: [GC 83308K->74433K(97344K), 0.0407974 secs]
541.653: [GC 83265K->74525K(97344K), 0.0180559 secs]
546.167: [GC 83357K->75774K(97344K), 0.0379632 secs]
549.712: [GC 84606K->75984K(97344K), 0.0244713 secs]
551.652: [GC 84816K->76302K(97344K), 0.0115836 secs]
555.292: [GC 85134K->77468K(97344K), 0.0381051 secs]
567.696: [GC 86300K->78393K(97344K), 0.0327343 secs]
575.131: [GC 87225K->79099K(97344K), 0.0385183 secs]
578.856: [GC 87931K->78763K(97344K), 0.0142870 secs]
581.237: [GC 87595K->79671K(97344K), 0.0143401 secs]
583.720: [GC 88503K->80030K(97344K), 0.0270381 secs]
586.416: [GC 88862K->81055K(97344K), 0.0333425 secs]
592.705: [GC 89887K->80885K(97344K), 0.0149508 secs]
597.753: [GC 89717K->80711K(97344K), 0.0180920 secs]
599.879: [GC 89543K->80838K(97344K), 0.0206699 secs]
600.892: [GC 89661K->81178K(97344K), 0.0201503 secs]
601.944: [GC 90010K->81651K(97344K), 0.0198207 secs]
603.883: [GC 90483K->83372K(97344K), 0.0473479 secs]
604.558: [GC 92204K->83527K(97344K), 0.0262327 secs]
605.995: [GC 92359K->84518K(97344K), 0.0256088 secs]
609.254: [GC 93346K->85555K(97344K), 0.0370555 secs]
612.877: [GC 94387K->85154K(97344K), 0.0114492 secs]
614.938: [GC 93986K->85220K(97344K), 0.0062771 secs]
618.381: [GC 94052K->85931K(97344K), 0.0163951 secs]
622.062: [GC 94763K->85519K(97344K), 0.0110000 secs]
624.227: [GC 94350K->85590K(97344K), 0.0079887 secs]
627.207: [GC 94422K->86346K(97344K), 0.0165792 secs]
630.237: [GC 95178K->86162K(97344K), 0.0120032 secs]
642.829: [GC 94994K->85937K(97344K), 0.0086796 secs]
646.128: [GC 94769K->87099K(97344K), 0.0564482 secs]
648.847: [GC 95931K->87579K(97344K), 0.0251479 secs]
652.907: [GC 96411K->87792K(97472K), 0.0374771 secs]
652.945: [Full GC 87792K->29519K(97472K), 1.7384366 secs]
658.870: [GC 38351K->30974K(97344K), 0.0318149 secs]
661.917: [GC 39806K->31426K(97344K), 0.0196436 secs]
663.959: [GC 40258K->31507K(97344K), 0.0132724 secs]
668.531: [GC 40339K->31788K(97344K), 0.0084676 secs]
671.367: [GC 40620K->33113K(97344K), 0.0234851 secs]
674.257: [GC 41945K->33308K(97344K), 0.0184258 secs]
676.191: [GC 42140K->33341K(97344K), 0.0127025 secs]
679.754: [GC 42173K->34499K(97344K), 0.0232192 secs]
683.638: [GC 43331K->35551K(97344K), 0.0488638 secs]
686.861: [GC 44383K->35432K(97344K), 0.0148340 secs]
689.831: [GC 44264K->35258K(97344K), 0.0121624 secs]
692.878: [GC 44090K->35083K(97344K), 0.0089190 secs]
700.906: [GC 43915K->36246K(97344K), 0.0293171 secs]
707.317: [GC 45078K->37308K(97344K), 0.0419319 secs]
712.013: [GC 46140K->37218K(97344K), 0.0141917 secs]
714.907: [GC 46050K->36993K(97344K), 0.0104466 secs]
717.678: [GC 45825K->36787K(97344K), 0.0096719 secs]
719.751: [GC 45619K->36840K(97344K), 0.0073629 secs]
731.509: [GC 45668K->36793K(97344K), 0.0076702 secs]
752.184: [GC 45625K->37049K(97344K), 0.0061969 secs]
752.414: [GC 45881K->37054K(97344K), 0.0052445 secs]
752.479: [GC 45880K->37103K(97344K), 0.0041899 secs]
752.868: [GC 45935K->37050K(97344K), 0.0077404 secs]
753.214: [GC 45882K->37397K(97344K), 0.0058913 secs]
753.608: [GC 46229K->37492K(97344K), 0.0064572 secs]
753.681: [Full GC 43003K->25317K(97344K), 0.8477293 secs]
754.904: [GC 34149K->25953K(97344K), 0.0083673 secs]
755.222: [GC 34785K->25783K(97344K), 0.0043327 secs]
755.461: [GC 34443K->25831K(97344K), 0.0057789 secs]
755.524: [GC 34648K->25806K(97344K), 0.0039689 secs]
755.554: [GC 34632K->25888K(97344K), 0.0029853 secs]
755.592: [GC 34705K->25927K(97344K), 0.0056423 secs]
755.619: [GC 34757K->25985K(97344K), 0.0035113 secs]
755.663: [GC 34813K->26011K(97344K), 0.0055541 secs]
755.698: [GC 34831K->25999K(97344K), 0.0037927 secs]
755.734: [GC 34826K->26024K(97344K), 0.0033650 secs]
755.765: [GC 34850K->26011K(97344K), 0.0040159 secs]
755.799: [GC 34836K->26019K(97344K), 0.0036658 secs]
755.831: [GC 34847K->26013K(97344K), 0.0070291 secs]
755.884: [GC 34841K->26037K(97344K), 0.0046218 secs]
755.939: [GC 34869K->26028K(97344K), 0.0033524 secs]
755.967: [GC 34855K->26037K(97344K), 0.0039413 secs]
755.995: [GC 34856K->26021K(97344K), 0.0044964 secs]
756.019: [GC 34852K->26022K(97344K), 0.0025419 secs]
756.088: [GC 34849K->26052K(97344K), 0.0075255 secs]
756.134: [GC 34880K->26045K(97344K), 0.0086343 secs]
756.174: [GC 34864K->26031K(97344K), 0.0086662 secs]
756.216: [GC 34858K->26055K(97344K), 0.0045637 secs]
756.243: [GC 34887K->26034K(97344K), 0.0051582 secs]
756.275: [GC 34860K->26060K(97344K), 0.0081491 secs]
756.375: [GC 34877K->26134K(97344K), 0.0063609 secs]
756.474: [GC 34965K->26280K(97344K), 0.0043707 secs]
756.504: [GC 35099K->26330K(97344K), 0.0037566 secs]
756.776: [GC 35161K->27386K(97344K), 0.0235575 secs]
756.900: [GC 36218K->27627K(97344K), 0.0212854 secs]
756.982: [GC 36457K->27685K(97344K), 0.0086315 secs]
757.017: [GC 36517K->27670K(97344K), 0.0064992 secs]
757.073: [GC 36493K->27701K(97344K), 0.0053482 secs]
757.099: [GC 36522K->27688K(97344K), 0.0069512 secs]
757.127: [GC 36515K->27712K(97344K), 0.0048428 secs]
757.155: [GC 36532K->27697K(97344K), 0.0095523 secs]
757.256: [GC 36529K->27750K(97344K), 0.0106167 secs]
757.376: [GC 36573K->27813K(97344K), 0.0051317 secs]
757.404: [GC 36639K->27797K(97344K), 0.0047414 secs]
757.447: [GC 36629K->27798K(97344K), 0.0047093 secs]
757.508: [GC 36630K->27843K(97344K), 0.0073319 secs]
757.574: [GC 36675K->27882K(97344K), 0.0060837 secs]
757.646: [GC 36711K->27912K(97344K), 0.0050993 secs]
757.717: [GC 36741K->27942K(97344K), 0.0042667 secs]
757.775: [GC 36772K->28009K(97344K), 0.0052353 secs]
757.849: [GC 36839K->28129K(97344K), 0.0059915 secs]
757.896: [GC 36954K->28154K(97344K), 0.0073264 secs]
757.994: [GC 36983K->28200K(97344K), 0.0121613 secs]
758.102: [GC 37028K->28231K(97344K), 0.0075934 secs]
758.151: [GC 37063K->28277K(97344K), 0.0049487 secs]
758.187: [GC 37103K->28312K(97344K), 0.0076504 secs]
758.271: [GC 37131K->28388K(97344K), 0.0097646 secs]
758.334: [GC 37209K->28457K(97344K), 0.0057884 secs]
758.419: [GC 37285K->28574K(97344K), 0.0085662 secs]
758.447: [GC 37401K->28598K(97344K), 0.0060206 secs]
758.498: [GC 37416K->28607K(97344K), 0.0058831 secs]
758.547: [GC 37427K->28618K(97344K), 0.0054638 secs]
758.680: [GC 37443K->29131K(97344K), 0.0123764 secs]
758.721: [GC 37961K->29115K(97344K), 0.0075507 secs]
758.750: [GC 37947K->29164K(97344K), 0.0029613 secs]
758.771: [GC 37996K->29159K(97344K), 0.0026369 secs]
758.800: [GC 37991K->29214K(97344K), 0.0031825 secs]
758.834: [GC 38030K->29270K(97344K), 0.0040296 secs]
758.862: [GC 38099K->29280K(97344K), 0.0041357 secs]
759.354: [GC 38104K->29561K(97344K), 0.0092238 secs]
759.411: [GC 38386K->29617K(97344K), 0.0062902 secs]
759.499: [GC 38439K->29778K(97344K), 0.0076501 secs]
759.543: [GC 38601K->29804K(97344K), 0.0081502 secs]
759.581: [GC 38625K->29797K(97344K), 0.0064017 secs]
759.641: [GC 38622K->30107K(97344K), 0.0152033 secs]
759.849: [GC 38931K->30564K(97344K), 0.0122281 secs]
759.968: [GC 39392K->30953K(97344K), 0.0145667 secs]
760.128: [GC 39785K->31364K(97344K), 0.0127893 secs]
760.244: [GC 40192K->31694K(97344K), 0.0137612 secs]
760.287: [GC 40520K->31716K(97344K), 0.0143116 secs]
760.442: [GC 40541K->32010K(97344K), 0.0126158 secs]
760.498: [GC 40834K->32134K(97344K), 0.0095515 secs]
760.590: [GC 40964K->32313K(97344K), 0.0085751 secs]
760.620: [GC 41131K->32344K(97344K), 0.0059309 secs]
760.701: [GC 41167K->32501K(97344K), 0.0076110 secs]
760.808: [GC 41328K->32755K(97344K), 0.0118180 secs]
760.845: [GC 41584K->32788K(97344K), 0.0080756 secs]
760.886: [GC 41604K->32788K(97344K), 0.0100002 secs]
760.971: [GC 41608K->32979K(97344K), 0.0082843 secs]
760.999: [GC 41799K->32967K(97344K), 0.0081362 secs]
761.153: [GC 41787K->33228K(97344K), 0.0089293 secs]
761.187: [GC 42047K->33281K(97344K), 0.0061941 secs]
761.219: [GC 42105K->33269K(97344K), 0.0103237 secs]
761.325: [GC 42100K->33400K(97344K), 0.0089595 secs]
761.389: [GC 42216K->33418K(97344K), 0.0081820 secs]
761.466: [GC 42246K->33572K(97344K), 0.0087860 secs]
761.491: [GC 42392K->33560K(97344K), 0.0067517 secs]
761.713: [GC 42379K->33753K(97344K), 0.0102893 secs]
761.767: [GC 42579K->33798K(97344K), 0.0085427 secs]
761.808: [GC 42627K->33790K(97344K), 0.0062935 secs]
761.839: [GC 42618K->33783K(97344K), 0.0118373 secs]
761.988: [GC 42609K->33880K(97344K), 0.0082027 secs]
762.021: [GC 42705K->33866K(97344K), 0.0062586 secs]
762.197: [GC 42696K->34039K(97344K), 0.0179017 secs]
762.370: [GC 42871K->34547K(97344K), 0.0128354 secs]
762.406: [GC 43374K->34555K(97344K), 0.0090148 secs]
762.432: [GC 43374K->34600K(97344K), 0.0038583 secs]
762.460: [GC 43424K->34588K(97344K), 0.0037281 secs]
762.513: [GC 43413K->34760K(97344K), 0.0049246 secs]
762.570: [GC 43586K->34844K(97344K), 0.0054135 secs]
762.594: [GC 43666K->34856K(97344K), 0.0071397 secs]
762.668: [GC 43688K->35053K(97344K), 0.0097904 secs]
762.839: [GC 43884K->35343K(97344K), 0.0133081 secs]
763.028: [GC 44175K->35451K(97344K), 0.0073043 secs]
763.090: [GC 44282K->35453K(97344K), 0.0070777 secs]
763.158: [GC 44274K->35609K(97344K), 0.0070839 secs]
763.183: [GC 44434K->35607K(97344K), 0.0062740 secs]
763.226: [GC 44439K->35621K(97344K), 0.0075197 secs]
763.437: [GC 44440K->35911K(97344K), 0.0166259 secs]
763.493: [GC 44737K->35910K(97344K), 0.0168756 secs]
764.118: [GC 44742K->36670K(97344K), 0.0162406 secs]
764.160: [GC 45499K->36725K(97344K), 0.0146949 secs]
764.289: [GC 45555K->37335K(97344K), 0.0128159 secs]
764.334: [GC 46167K->37423K(97344K), 0.0097552 secs]
764.371: [GC 46245K->37410K(97344K), 0.0047869 secs]
764.445: [GC 46241K->37559K(97344K), 0.0153156 secs]
764.629: [GC 46391K->38016K(97344K), 0.0151290 secs]
764.735: [GC 46846K->38194K(97344K), 0.0189979 secs]
764.786: [GC 47016K->38240K(97344K), 0.0080421 secs]
764.822: [GC 47068K->38225K(97344K), 0.0070964 secs]
764.871: [GC 47046K->38408K(97344K), 0.0138400 secs]
764.913: [GC 47233K->38403K(97344K), 0.0062933 secs]
764.982: [GC 47229K->38409K(97344K), 0.0060273 secs]
765.016: [GC 47232K->38478K(97344K), 0.0080220 secs]
765.067: [GC 47303K->38501K(97344K), 0.0079935 secs]
765.104: [GC 47317K->38527K(97344K), 0.0123410 secs]
765.225: [GC 47348K->38598K(97344K), 0.0139493 secs]
765.278: [GC 47425K->38666K(97344K), 0.0082913 secs]
765.328: [GC 47496K->38651K(97344K), 0.0063553 secs]
765.359: [GC 47477K->38668K(97344K), 0.0074456 secs]
765.389: [GC 47492K->38700K(97344K), 0.0088693 secs]
765.428: [GC 47529K->38714K(97344K), 0.0081002 secs]
765.658: [GC 47545K->39013K(97344K), 0.0127553 secs]
765.708: [GC 47841K->39079K(97344K), 0.0094607 secs]
765.750: [GC 47897K->39076K(97344K), 0.0085181 secs]
765.785: [GC 47902K->39121K(97344K), 0.0065142 secs]
765.819: [GC 47941K->39124K(97344K), 0.0066156 secs]
765.968: [GC 47955K->39627K(97344K), 0.0163331 secs]
766.105: [GC 48445K->39324K(97344K), 0.0084617 secs]
767.687: [GC 48152K->40464K(97344K), 0.0211667 secs]
770.647: [GC 49296K->43959K(97344K), 0.1020758 secs]
772.572: [GC 52791K->46910K(97344K), 0.0913574 secs]
773.889: [GC 55470K->48269K(97344K), 0.0765430 secs]
776.024: [GC 57101K->49743K(97344K), 0.0526589 secs]
777.478: [GC 58575K->51131K(97344K), 0.0346737 secs]
778.796: [GC 59963K->52861K(97344K), 0.0455189 secs]
779.754: [GC 61685K->53733K(97344K), 0.0470825 secs]
780.676: [GC 62436K->54958K(97344K), 0.0359009 secs]
783.014: [GC 63790K->56362K(97344K), 0.0591564 secs]
784.521: [GC 65194K->57482K(97344K), 0.0514191 secs]
786.030: [GC 66314K->58231K(97344K), 0.0289202 secs]
787.143: [GC 67062K->59139K(97344K), 0.0248546 secs]
787.853: [GC 67970K->59570K(97344K), 0.0501215 secs]
788.381: [GC 68402K->59825K(97344K), 0.0140638 secs]
789.005: [GC 68649K->60239K(97344K), 0.0187823 secs]
789.838: [GC 69071K->60530K(97344K), 0.0286511 secs]
790.188: [GC 69321K->60913K(97344K), 0.0160062 secs]
790.409: [GC 69638K->61403K(97344K), 0.0161250 secs]
791.580: [GC 70233K->61454K(97344K), 0.0198187 secs]
792.357: [GC 70286K->61481K(97344K), 0.0138495 secs]
793.203: [GC 70313K->61961K(97344K), 0.0196117 secs]
794.070: [GC 70792K->63203K(97344K), 0.0208250 secs]
796.678: [GC 72035K->64595K(97344K), 0.0284810 secs]
798.494: [GC 73427K->65508K(97344K), 0.0222618 secs]
804.240: [GC 74340K->66405K(97344K), 0.0399012 secs]
808.445: [GC 75237K->67429K(97344K), 0.0396453 secs]
812.719: [GC 76261K->67261K(97344K), 0.0137065 secs]
817.031: [GC 76093K->67050K(97344K), 0.0110534 secs]
821.361: [GC 75882K->68216K(97344K), 0.0263531 secs]
826.287: [GC 77048K->69317K(97344K), 0.0506590 secs]
828.863: [GC 78131K->70518K(97344K), 0.0321597 secs]
835.783: [GC 79350K->73055K(97344K), 0.0659994 secs]
838.451: [GC 81887K->75179K(97344K), 0.0778146 secs]
841.619: [GC 84011K->78217K(97344K), 0.0959005 secs]
844.391: [GC 87049K->80763K(97344K), 0.0879436 secs]
850.276: [GC 89595K->83760K(97344K), 0.0746151 secs]
853.617: [GC 92592K->87164K(97344K), 0.0830379 secs]
855.906: [GC 95996K->90156K(99008K), 0.0838391 secs]
855.990: [Full GC 90156K->59993K(99008K), 2.0279957 secs]
861.014: [GC 70105K->63391K(111320K), 0.1192450 secs]
862.977: [GC 73503K->66548K(111320K), 0.1476118 secs]
866.123: [GC 76660K->69521K(111320K), 0.1081794 secs]
868.823: [GC 79633K->71760K(111320K), 0.0843389 secs]
871.779: [GC 81872K->73336K(111320K), 0.0504681 secs]
876.983: [GC 83448K->73581K(111320K), 0.0202911 secs]
882.259: [GC 83693K->73709K(111320K), 0.0097037 secs]
887.697: [GC 83821K->73861K(111320K), 0.0080005 secs]
893.279: [GC 83973K->74017K(111320K), 0.0135154 secs]
901.732: [GC 84129K->75397K(111320K), 0.0353190 secs]
906.832: [GC 85509K->76865K(111320K), 0.0451239 secs]
913.447: [GC 86977K->78243K(111320K), 0.0420551 secs]
924.952: [GC 88355K->79612K(111320K), 0.0388510 secs]
930.678: [GC 89724K->80975K(111320K), 0.0402733 secs]
934.693: [GC 91087K->82313K(111320K), 0.0353475 secs]
938.329: [GC 92425K->82303K(111320K), 0.0362443 secs]
941.821: [GC 92415K->82384K(111320K), 0.0079326 secs]
944.198: [GC 92496K->85832K(111320K), 0.0952071 secs]
944.803: [GC 95792K->87236K(111320K), 0.0354352 secs]
946.657: [GC 97347K->88010K(111320K), 0.0362711 secs]
951.292: [GC 98122K->89811K(111320K), 0.1934995 secs]
952.476: [GC 99923K->90012K(111320K), 0.0392111 secs]
953.452: [GC 99948K->91538K(111320K), 0.0190622 secs]
957.285: [GC 101650K->92326K(111320K), 0.0392030 secs]
961.532: [GC 102438K->94467K(111320K), 0.0757077 secs]
963.900: [GC 104579K->96999K(111320K), 0.0911733 secs]
965.799: [GC 107111K->98179K(111320K), 0.0998197 secs]
966.474: [GC 108291K->98671K(111320K), 0.0246663 secs]
968.343: [GC 108783K->101743K(111960K), 0.1024348 secs]
968.446: [Full GC 101743K->66434K(111960K), 2.2511501 secs]
972.533: [GC 77634K->69437K(123268K), 0.0972763 secs]
973.825: [GC 80637K->71517K(123268K), 0.0649527 secs]
976.198: [GC 82717K->75220K(123268K), 0.1014299 secs]
979.749: [GC 86420K->79764K(123268K), 0.0984455 secs]
980.777: [GC 90842K->81591K(123268K), 0.0378635 secs]
984.887: [GC 92786K->83826K(123268K), 0.1323299 secs]
986.527: [GC 95026K->85363K(123268K), 0.0753856 secs]
991.288: [GC 96563K->88512K(123268K), 0.0737356 secs]
992.998: [GC 99484K->90308K(123268K), 0.0503246 secs]
993.663: [GC 101508K->90476K(123268K), 0.0282840 secs]
994.356: [GC 101593K->92645K(123268K), 0.0400906 secs]
995.464: [GC 103845K->94022K(123268K), 0.0447898 secs]
996.872: [GC 105222K->95713K(123268K), 0.0762424 secs]
997.447: [GC 106913K->95835K(123268K), 0.0416285 secs]
998.093: [GC 107035K->97024K(123268K), 0.0182825 secs]
999.234: [GC 108224K->96953K(123268K), 0.0260888 secs]
1000.202: [GC 108153K->98939K(123268K), 0.0380844 secs]
1002.206: [GC 110139K->101152K(123268K), 0.0818853 secs]
1003.422: [GC 112352K->101731K(123268K), 0.0417461 secs]
1004.762: [GC 112931K->102229K(123268K), 0.0212887 secs]
1010.708: [GC 113429K->104710K(123268K), 0.0749145 secs]
1014.264: [GC 115910K->108574K(123268K), 0.1879669 secs]
1016.603: [GC 119774K->111594K(123268K), 0.1328892 secs]
1025.279: [GC 122794K->112992K(124292K), 0.0945997 secs]
1025.374: [Full GC 112992K->94517K(124292K), 2.1127886 secs]
1036.299: [GC 110453K->98012K(175388K), 0.0820847 secs]
1040.055: [GC 113948K->102950K(175388K), 0.1877216 secs]
1050.629: [GC 118886K->104079K(175388K), 0.0556252 secs]
1059.901: [GC 120015K->106078K(175388K), 0.0405471 secs]
1065.918: [GC 122014K->105106K(175388K), 0.0140523 secs]
1079.341: [GC 121042K->105514K(175388K), 0.0119367 secs]
1089.405: [GC 121450K->105492K(175388K), 0.0102628 secs]
1095.469: [GC 121428K->105953K(175388K), 0.0234857 secs]
1101.017: [GC 121889K->106391K(175388K), 0.0215667 secs]
1107.578: [GC 122327K->106759K(175388K), 0.0378814 secs]
1121.231: [GC 122695K->107066K(175388K), 0.0351743 secs]
1126.923: [GC 123002K->107422K(175388K), 0.0403456 secs]
1134.070: [GC 123358K->107558K(175388K), 0.0325706 secs]
1139.278: [GC 123494K->107317K(175388K), 0.0990520 secs]
1150.240: [GC 123247K->108143K(175388K), 0.1146380 secs]
1170.605: [GC 124079K->108824K(175388K), 0.0191306 secs]
1192.092: [GC 124760K->108629K(175388K), 0.0686232 secs]
1192.803: [GC 124565K->108901K(175388K), 0.1271793 secs]
1193.385: [GC 124837K->109123K(175388K), 0.1202164 secs]
1199.307: [GC 125059K->110196K(175388K), 0.0357473 secs]
1205.624: [GC 126116K->110311K(175388K), 0.0241587 secs]
1208.260: [GC 126247K->110465K(175388K), 0.0258768 secs]
1210.333: [GC 126401K->109601K(175388K), 0.0091746 secs]
1215.560: [GC 125537K->111345K(175388K), 0.0262248 secs]
1221.008: [GC 127281K->111415K(175388K), 0.0198386 secs]
1226.976: [GC 127351K->111905K(175388K), 0.0216061 secs]
1233.044: [GC 127841K->112384K(175388K), 0.0227241 secs]
1239.176: [GC 128320K->111424K(175388K), 0.0071057 secs]
1251.830: [GC 127360K->111976K(175388K), 0.0149203 secs]
1257.651: [GC 127912K->112444K(175388K), 0.0290450 secs]
1264.178: [GC 128380K->112844K(175388K), 0.0637087 secs]
1269.954: [GC 128779K->113006K(175388K), 0.0298298 secs]
1280.450: [GC 128942K->112184K(175388K), 0.0214497 secs]
1286.323: [GC 128120K->112684K(175388K), 0.0210915 secs]
1293.323: [GC 128620K->111693K(175388K), 0.0057977 secs]
1298.459: [GC 127629K->112279K(175388K), 0.0118099 secs]
1307.445: [GC 128215K->112775K(175388K), 0.0205241 secs]
1314.577: [GC 128711K->111935K(175388K), 0.0116811 secs]
1345.843: [GC 127870K->111874K(175388K), 0.0066645 secs]
1346.532: [GC 127810K->112237K(175388K), 0.0069210 secs]
1346.905: [GC 128172K->112171K(175388K), 0.0045154 secs]
1347.327: [GC 128107K->112526K(175388K), 0.0068056 secs]
1347.381: [GC 128448K->112483K(175388K), 0.0053023 secs]
1347.422: [GC 128411K->112597K(175388K), 0.0063491 secs]
1347.466: [GC 128521K->112586K(175388K), 0.0061430 secs]
1347.514: [GC 128517K->112614K(175388K), 0.0073526 secs]
1347.569: [GC 128538K->112603K(175388K), 0.0093847 secs]
1347.626: [GC 128527K->112593K(175388K), 0.0094557 secs]
1347.666: [GC 128525K->112621K(175388K), 0.0057736 secs]
1347.711: [GC 128546K->112610K(175388K), 0.0063947 secs]
1347.776: [GC 128540K->112620K(175388K), 0.0437693 secs]
1347.885: [GC 128552K->112626K(175388K), 0.0067777 secs]
1347.925: [GC 128553K->112631K(175388K), 0.0061427 secs]
1347.967: [GC 128562K->112658K(175388K), 0.0054571 secs]
1348.019: [GC 128586K->112632K(175388K), 0.0075378 secs]
1348.071: [GC 128562K->112648K(175388K), 0.0068252 secs]
1348.119: [GC 128580K->112646K(175388K), 0.0056541 secs]
1348.172: [GC 128574K->112650K(175388K), 0.0067050 secs]
1348.221: [GC 128582K->112675K(175388K), 0.0050512 secs]
1348.259: [GC 128599K->112669K(175388K), 0.0072009 secs]
1348.299: [GC 128597K->112691K(175388K), 0.0054800 secs]
1348.337: [GC 128625K->112684K(175388K), 0.0044413 secs]
1348.373: [GC 128616K->112682K(175388K), 0.0043785 secs]
1348.413: [GC 128614K->112710K(175388K), 0.0134098 secs]
1348.463: [GC 128634K->112699K(175388K), 0.0053853 secs]
1348.504: [GC 128623K->112688K(175388K), 0.0082061 secs]
1348.549: [GC 128612K->112708K(175388K), 0.0066598 secs]
1348.604: [GC 128644K->112731K(175388K), 0.0090092 secs]
1348.686: [GC 128667K->112714K(175388K), 0.0104334 secs]
1348.845: [GC 128644K->112740K(175388K), 0.0198386 secs]
1348.940: [GC 128661K->112756K(175388K), 0.0152603 secs]
1349.026: [GC 128680K->112745K(175388K), 0.0168069 secs]
1349.078: [GC 128669K->112734K(175388K), 0.0079004 secs]
1349.140: [GC 128665K->112761K(175388K), 0.0113355 secs]
1349.213: [GC 128689K->112742K(175388K), 0.0087053 secs]
1349.260: [GC 128672K->112750K(175388K), 0.0118440 secs]
1349.322: [GC 128680K->112777K(175388K), 0.0046727 secs]
1349.382: [GC 128707K->112777K(175388K), 0.0049294 secs]
1349.437: [GC 128711K->112787K(175388K), 0.0074920 secs]
1349.486: [GC 128720K->112781K(175388K), 0.0051663 secs]
1349.533: [GC 128712K->112787K(175388K), 0.0048157 secs]
1349.596: [GC 128715K->112799K(175388K), 0.0080052 secs]
1349.653: [GC 128731K->112798K(175388K), 0.0051286 secs]
1349.694: [GC 128729K->112826K(175388K), 0.0055281 secs]
1349.736: [GC 128750K->112824K(175388K), 0.0043782 secs]
1349.779: [GC 128755K->112845K(175388K), 0.0038946 secs]
1349.840: [GC 128775K->112822K(175388K), 0.0051121 secs]
1349.885: [GC 128752K->112841K(175388K), 0.0065712 secs]
1349.940: [GC 128769K->112858K(175388K), 0.0050126 secs]
1350.018: [GC 128785K->112867K(175388K), 0.0105645 secs]
1350.097: [GC 128802K->112875K(175388K), 0.0083374 secs]
1350.179: [GC 128811K->112857K(175388K), 0.0096870 secs]
1350.242: [GC 128788K->112886K(175388K), 0.0046685 secs]
1350.289: [GC 128822K->112860K(175388K), 0.0044028 secs]
1350.327: [GC 128792K->112887K(175388K), 0.0043413 secs]
1350.552: [GC 128819K->113021K(175388K), 0.0041726 secs]
1353.719: [GC 128957K->114090K(175388K), 0.0147348 secs]
1359.042: [GC 130026K->113777K(175388K), 0.0148728 secs]
1364.243: [GC 129713K->114226K(175388K), 0.0200274 secs]
1379.589: [GC 130162K->114541K(175388K), 0.0238963 secs]
1385.398: [GC 130477K->114957K(175388K), 0.0459620 secs]
1390.642: [GC 130893K->115412K(175388K), 0.0277681 secs]
1396.164: [GC 131347K->115777K(175388K), 0.0574590 secs]
1406.883: [GC 131713K->114808K(175388K), 0.0115096 secs]
1412.143: [GC 130744K->115346K(175388K), 0.0191505 secs]
1418.146: [GC 131282K->115848K(175388K), 0.0194379 secs]
1424.004: [GC 131784K->116119K(175388K), 0.0374447 secs]
1431.047: [GC 132055K->116438K(175388K), 0.0345874 secs]
1443.094: [GC 132374K->116859K(175388K), 0.0224216 secs]
1449.020: [GC 132795K->115887K(175388K), 0.0131237 secs]
1454.375: [GC 131823K->116480K(175388K), 0.0134755 secs]
1459.694: [GC 132416K->116991K(175388K), 0.0197698 secs]
1465.105: [GC 132927K->117474K(175388K), 0.0463601 secs]
1473.198: [GC 133410K->117998K(175388K), 0.0307911 secs]
1479.284: [GC 133934K->117064K(175388K), 0.0120471 secs]
1488.101: [GC 133000K->117689K(175388K), 0.0171396 secs]
1501.160: [GC 133625K->118096K(175388K), 0.0226934 secs]
1510.147: [GC 134032K->118545K(175388K), 0.0396422 secs]
1522.224: [GC 134481K->117652K(175388K), 0.0131589 secs]
1527.700: [GC 133588K->117923K(175388K), 0.0089193 secs]
1536.009: [GC 133859K->118362K(175388K), 0.0133428 secs]
1541.028: [GC 134298K->118854K(175388K), 0.0281726 secs]
1546.445: [GC 134790K->119287K(175388K), 0.0272507 secs]
1554.202: [GC 135223K->119758K(175388K), 0.0528637 secs]
1559.996: [GC 135694K->118829K(175388K), 0.0103633 secs]
1572.092: [GC 134765K->119338K(175388K), 0.0154497 secs]
1577.976: [GC 135274K->119827K(175388K), 0.0368072 secs]
1583.584: [GC 135763K->120289K(175388K), 0.0437014 secs]
1589.675: [GC 136225K->119474K(175388K), 0.0140621 secs]
1599.588: [GC 135410K->119945K(175388K), 0.0161719 secs]
1605.998: [GC 135881K->120407K(175388K), 0.0382155 secs]
1612.339: [GC 136343K->120293K(175388K), 0.0182160 secs]
1616.965: [GC 136229K->120555K(175388K), 0.0219782 secs]
1622.984: [GC 136491K->120913K(175388K), 0.0240606 secs]
1633.350: [GC 136849K->119898K(175388K), 0.0192396 secs]
1637.560: [GC 135834K->120379K(175388K), 0.0182643 secs]
1645.623: [GC 136315K->120402K(175388K), 0.0161269 secs]
1677.774: [GC 136338K->120413K(175388K), 0.0104681 secs]
1678.289: [GC 136349K->120670K(175388K), 0.0128438 secs]
1678.613: [GC 136603K->120649K(175388K), 0.0108226 secs]
1678.677: [GC 136569K->120778K(175388K), 0.0089260 secs]
1678.735: [GC 136709K->120867K(175388K), 0.0078658 secs]
1678.780: [GC 136789K->120866K(175388K), 0.0090813 secs]
1678.841: [GC 136797K->120894K(175388K), 0.0069894 secs]
1678.885: [GC 136818K->120884K(175388K), 0.0056348 secs]
1678.931: [GC 136820K->120876K(175388K), 0.0064464 secs]
1678.975: [GC 136811K->120885K(175388K), 0.0060077 secs]
1679.026: [GC 136816K->120895K(175388K), 0.0419313 secs]
1679.148: [GC 136825K->120897K(175388K), 0.0106916 secs]
1679.232: [GC 136829K->120926K(175388K), 0.0065070 secs]
1679.281: [GC 136861K->120931K(175388K), 0.0097571 secs]
1679.343: [GC 136864K->120944K(175388K), 0.0055007 secs]
1679.402: [GC 136876K->120942K(175388K), 0.0172536 secs]
1679.466: [GC 136866K->120931K(175388K), 0.0075146 secs]
1679.523: [GC 136863K->120963K(175388K), 0.0134344 secs]
1679.582: [GC 136893K->120938K(175388K), 0.0086751 secs]
1679.645: [GC 136870K->120969K(175388K), 0.0103773 secs]
1679.699: [GC 136901K->120971K(175388K), 0.0090472 secs]
1679.753: [GC 136895K->120965K(175388K), 0.0067682 secs]
1679.801: [GC 136897K->120997K(175388K), 0.0068604 secs]
1679.854: [GC 136931K->120995K(175388K), 0.0067861 secs]
1679.908: [GC 136927K->121015K(175388K), 0.0092369 secs]
1679.970: [GC 136947K->121010K(175388K), 0.0096482 secs]
1680.031: [GC 136934K->121004K(175388K), 0.0198159 secs]
1680.106: [GC 136937K->121016K(175388K), 0.0084768 secs]
1680.185: [GC 136949K->121013K(175388K), 0.0081323 secs]
1680.271: [GC 136945K->121042K(175388K), 0.0103360 secs]
1680.453: [GC 136966K->121036K(175388K), 0.0140135 secs]
1680.542: [GC 136961K->121027K(175388K), 0.0213787 secs]
1680.643: [GC 136952K->121050K(175388K), 0.0119705 secs]
1680.732: [GC 136980K->121071K(175388K), 0.0217723 secs]
1680.849: [GC 136995K->121081K(175388K), 0.0079354 secs]
1680.926: [GC 137005K->121070K(175388K), 0.0092570 secs]
1680.988: [GC 137004K->121056K(175388K), 0.0057292 secs]
1681.103: [GC 136985K->121062K(175388K), 0.0055661 secs]
1681.144: [GC 136983K->121087K(175388K), 0.0043701 secs]
1681.189: [GC 137010K->121079K(175388K), 0.0047081 secs]
1681.245: [GC 137005K->121101K(175388K), 0.0058706 secs]
1681.300: [GC 137034K->121115K(175388K), 0.0080278 secs]
1681.361: [GC 137039K->121104K(175388K), 0.0113975 secs]
1682.612: [GC 137040K->122896K(175388K), 0.0282871 secs]
1689.710: [GC 138832K->122206K(175388K), 0.0165976 secs]
1699.200: [GC 138142K->123126K(175388K), 0.0255275 secs]
1702.767: [GC 139062K->123930K(175388K), 0.0590254 secs]
1710.904: [GC 139866K->126040K(175388K), 0.0923925 secs]
1715.242: [GC 141976K->127439K(175388K), 0.0649890 secs]
1717.595: [GC 143298K->129037K(175388K), 0.0456019 secs]
1727.305: [GC 144973K->129333K(175388K), 0.0613190 secs]
1735.033: [GC 145269K->129404K(175388K), 0.0197911 secs]
1741.443: [GC 145340K->129907K(175388K), 0.0256787 secs]
1747.986: [GC 145843K->130329K(175388K), 0.0226051 secs]
1761.541: [GC 146265K->130279K(175388K), 0.0266964 secs]
1770.211: [GC 146215K->130019K(175388K), 0.0306726 secs]
1776.400: [GC 145948K->130493K(175388K), 0.0135028 secs]
1786.921: [GC 146418K->130197K(175388K), 0.0155084 secs]
1793.869: [GC 146133K->130328K(175388K), 0.0086254 secs]
1799.755: [GC 146264K->131440K(175388K), 0.0210141 secs]
1805.425: [GC 147376K->133001K(175388K), 0.0797230 secs]
1807.916: [GC 148936K->134528K(175388K), 0.0712314 secs]
1811.233: [GC 150464K->136494K(175388K), 0.0990816 secs]
1812.930: [GC 152430K->139506K(175388K), 0.1389643 secs]
1818.021: [GC 155442K->142256K(175388K), 0.0924014 secs]
1822.607: [GC 158192K->144808K(175388K), 0.0977937 secs]
1824.757: [GC 160744K->146375K(175388K), 0.0573673 secs]
1825.847: [GC 162311K->146923K(175388K), 0.1009620 secs]
1831.916: [GC 162858K->148086K(175388K), 0.0386876 secs]
1837.477: [GC 164022K->148637K(175388K), 0.0288623 secs]
1843.405: [GC 164573K->149188K(175388K), 0.0246512 secs]
1852.358: [GC 165124K->149277K(175388K), 0.0258687 secs]
1857.714: [GC 165213K->149724K(175388K), 0.0343868 secs]
1863.611: [GC 165660K->150043K(175388K), 0.0257259 secs]
1868.035: [GC 165979K->149921K(175388K), 0.0344172 secs]
1872.037: [GC 165857K->153426K(175388K), 0.4207437 secs]
1880.571: [GC 169362K->155565K(175388K), 0.1281627 secs]
1888.980: [GC 171501K->160212K(176156K), 0.1641373 secs]
1889.144: [Full GC 160212K->123085K(176156K), 3.4634290 secs]
1896.708: [GC 143693K->129487K(228312K), 0.1368098 secs]
1904.692: [GC 150095K->131857K(228312K), 0.0858939 secs]
1919.855: [GC 152465K->131138K(228312K), 0.0231155 secs]
1928.632: [GC 151746K->131501K(228312K), 0.0139331 secs]
1937.298: [GC 152109K->131978K(228312K), 0.0160635 secs]
1946.662: [GC 152585K->131323K(228312K), 0.0107229 secs]
1980.812: [GC 151928K->132208K(228312K), 0.0219128 secs]
1981.737: [GC 152801K->133004K(228312K), 0.0201545 secs]
1982.682: [GC 153612K->134121K(228312K), 0.0302977 secs]
1982.799: [GC 154715K->134113K(228312K), 0.0189717 secs]
1982.928: [GC 154713K->134199K(228312K), 0.0064883 secs]
1983.037: [GC 154794K->134255K(228312K), 0.0055708 secs]
1983.095: [GC 154863K->134263K(228312K), 0.0050068 secs]
1983.175: [GC 154863K->134278K(228312K), 0.0059281 secs]
1983.245: [GC 154878K->134288K(228312K), 0.0052392 secs]
1983.298: [GC 154892K->134293K(228312K), 0.0055965 secs]
1983.355: [GC 154897K->134296K(228312K), 0.0061661 secs]
1983.440: [GC 154900K->134301K(228312K), 0.0096613 secs]
1983.512: [GC 154905K->134305K(228312K), 0.0053437 secs]
1983.582: [GC 154913K->134310K(228312K), 0.0075496 secs]
1983.647: [GC 154907K->134317K(228312K), 0.0066182 secs]
1983.700: [GC 154924K->134328K(228312K), 0.0063201 secs]
1983.761: [GC 154930K->134349K(228312K), 0.0078747 secs]
1983.831: [GC 154952K->134353K(228312K), 0.0060519 secs]
1983.902: [GC 154957K->134358K(228312K), 0.0118230 secs]
1983.996: [GC 154961K->134365K(228312K), 0.0122870 secs]
1984.117: [GC 154958K->134377K(228312K), 0.0385658 secs]
1984.255: [GC 154978K->134368K(228312K), 0.0084963 secs]
1984.350: [GC 154972K->134386K(228312K), 0.0077066 secs]
1984.449: [GC 154989K->134390K(228312K), 0.0079681 secs]
1984.534: [GC 154989K->134433K(228312K), 0.0073861 secs]
1984.601: [GC 155038K->134415K(228312K), 0.0072903 secs]
1984.698: [GC 155019K->134420K(228312K), 0.0123432 secs]
1984.796: [GC 155027K->134451K(228312K), 0.0179285 secs]
1984.996: [GC 155047K->134483K(228312K), 0.0083527 secs]
1985.061: [GC 155086K->134487K(228312K), 0.0086033 secs]
1987.715: [GC 155093K->135842K(228312K), 0.0307718 secs]
1989.111: [GC 156450K->136213K(228312K), 0.0353330 secs]
1992.224: [GC 156814K->138830K(228312K), 0.0680022 secs]
1997.972: [GC 159438K->140384K(228312K), 0.0622297 secs]
2002.899: [GC 160992K->140804K(228312K), 0.0404431 secs]
2009.653: [GC 161412K->147985K(228312K), 0.1683546 secs]
2016.145: [GC 168536K->152537K(228312K), 0.1654833 secs]
2019.756: [GC 173145K->154818K(228312K), 0.0706436 secs]
2021.857: [GC 175426K->155660K(228312K), 0.0856514 secs]
2031.281: [GC 176267K->158062K(228312K), 0.0849024 secs]
2042.554: [GC 178670K->163983K(228312K), 0.2323354 secs]
2052.273: [GC 184591K->165825K(228312K), 0.2175025 secs]
2060.015: [GC 186433K->167602K(228312K), 0.0602068 secs]
2067.342: [GC 188210K->167778K(228312K), 0.0328631 secs]
2077.214: [GC 188386K->168225K(228312K), 0.0288802 secs]
2088.007: [GC 188833K->168564K(228312K), 0.0312850 secs]
2097.109: [GC 189172K->168807K(228312K), 0.0435572 secs]
2105.195: [GC 189415K->168532K(228312K), 0.0237432 secs]
2113.138: [GC 189140K->169053K(228312K), 0.1025840 secs]
2121.436: [GC 189661K->169545K(228312K), 0.0281039 secs]
2128.645: [GC 190153K->169743K(228312K), 0.0363147 secs]
2135.635: [GC 190351K->169090K(228312K), 0.0131693 secs]
2146.185: [GC 189698K->169082K(228312K), 0.0098295 secs]
2155.138: [GC 189690K->169903K(228312K), 0.0187398 secs]
2161.076: [GC 190502K->169947K(228312K), 0.0419942 secs]
2167.820: [GC 190555K->170811K(228312K), 0.0577551 secs]
2175.159: [GC 191419K->171253K(228312K), 0.0443928 secs]
2183.217: [GC 191861K->170830K(228312K), 0.0190114 secs]
2192.085: [GC 191438K->172532K(228312K), 0.0487551 secs]
2197.160: [GC 193136K->173747K(228312K), 0.0498717 secs]
2200.401: [GC 194355K->174771K(228312K), 0.0515582 secs]
2210.749: [GC 195379K->176002K(228312K), 0.0509355 secs]
2217.082: [GC 196610K->176020K(228312K), 0.0304416 secs]
2221.179: [GC 196628K->178436K(228312K), 0.0697717 secs]
2224.581: [GC 199044K->180245K(228312K), 0.1871467 secs]
2228.016: [GC 200853K->180787K(228312K), 0.1322850 secs]
2236.873: [GC 201395K->181510K(228312K), 0.0270638 secs]
2247.734: [GC 202118K->182566K(228312K), 0.0558638 secs]
2257.630: [GC 203174K->183142K(228312K), 0.0535261 secs]
2268.749: [GC 203750K->186126K(228312K), 0.0757448 secs]
2282.918: [GC 206734K->190387K(228312K), 0.1917987 secs]
2288.763: [GC 210995K->192890K(228312K), 0.0918578 secs]
2301.970: [GC 213498K->194272K(228312K), 0.0966176 secs]
2307.820: [GC 214880K->193478K(228312K), 0.0201129 secs]
2339.724: [GC 213935K->193530K(228312K), 0.0087246 secs]
2340.413: [GC 214138K->193680K(228312K), 0.0074923 secs]
2340.497: [GC 214282K->193749K(228312K), 0.0076286 secs]
2340.557: [GC 214347K->193839K(228312K), 0.0055915 secs]
2340.611: [GC 214433K->193841K(228312K), 0.0072970 secs]
2340.696: [GC 214445K->193846K(228312K), 0.0063086 secs]
2340.749: [GC 214449K->193850K(228312K), 0.0060924 secs]
2340.800: [GC 214454K->193858K(228312K), 0.0055652 secs]
2340.858: [GC 214461K->193863K(228312K), 0.0053649 secs]
2340.906: [GC 214467K->193863K(228312K), 0.0061860 secs]
2340.957: [GC 214464K->193868K(228312K), 0.0063919 secs]
2341.010: [GC 214462K->193868K(228312K), 0.0081203 secs]
2341.061: [GC 214473K->193879K(228312K), 0.0054378 secs]
2341.123: [GC 214478K->193900K(228312K), 0.0073171 secs]
2341.206: [GC 214504K->193915K(228312K), 0.0097278 secs]
2341.352: [GC 214520K->193934K(228312K), 0.0072068 secs]
2341.419: [GC 214542K->193939K(228312K), 0.0135165 secs]
2341.504: [GC 214535K->193962K(228312K), 0.0081918 secs]
2341.567: [GC 214565K->193966K(228312K), 0.0171997 secs]
2341.629: [GC 214570K->193971K(228312K), 0.0076376 secs]
2341.705: [GC 214579K->193965K(228312K), 0.0060541 secs]
2341.763: [GC 214559K->193990K(228312K), 0.0068204 secs]
2341.818: [GC 214591K->193993K(228312K), 0.0081047 secs]
2341.871: [GC 214601K->193966K(228312K), 0.0053216 secs]
2341.920: [GC 214567K->193982K(228312K), 0.0057577 secs]
2341.972: [GC 214582K->193991K(228312K), 0.0058222 secs]
2342.023: [GC 214598K->194006K(228312K), 0.0067483 secs]
2342.068: [GC 214610K->194016K(228312K), 0.0062407 secs]
2342.119: [GC 214618K->194041K(228312K), 0.0087796 secs]
2347.465: [GC 214649K->196373K(228312K), 0.0760228 secs]
2352.665: [GC 216981K->197774K(228312K), 0.0702332 secs]
2365.319: [GC 218382K->200016K(228312K), 0.1125277 secs]
2368.983: [GC 220624K->202607K(228312K), 0.1757100 secs]
2373.350: [GC 223025K->205007K(228312K), 0.0865152 secs]
2379.933: [GC 225615K->206678K(228312K), 0.0591318 secs]
2388.369: [GC 227286K->210165K(230872K), 0.1904912 secs]
2388.560: [Full GC 210165K->171234K(230872K), 5.7645871 secs]
2399.707: [GC 199906K->176620K(317584K), 0.1385721 secs]
2406.365: [GC 205292K->179095K(317584K), 0.1557039 secs]
2415.933: [GC 207764K->183246K(317584K), 0.1257037 secs]
2426.446: [GC 211918K->185591K(317584K), 0.1547672 secs]
2437.802: [GC 214263K->187934K(317584K), 0.0657933 secs]
2453.308: [GC 216606K->188704K(317584K), 0.0704215 secs]
2474.837: [GC 217376K->188206K(317584K), 0.0466584 secs]
2491.681: [GC 216878K->188064K(317584K), 0.0145960 secs]
2507.232: [GC 216736K->189125K(317584K), 0.0384742 secs]
2522.473: [GC 217797K->189808K(317584K), 0.0430007 secs]
2535.051: [GC 218479K->189737K(317584K), 0.0274496 secs]
2546.131: [GC 218406K->191367K(317584K), 0.0830628 secs]
2559.387: [GC 220039K->191410K(317584K), 0.0519938 secs]
2575.534: [GC 220082K->190794K(317584K), 0.0141389 secs]
2591.580: [GC 219466K->193753K(317584K), 0.0713443 secs]
2600.195: [GC 222425K->199106K(317584K), 0.1681071 secs]
2602.415: [GC 227778K->199515K(317584K), 0.0359370 secs]
2606.136: [GC 228187K->203546K(317584K), 0.0896474 secs]
2610.702: [GC 232218K->205879K(317584K), 0.0687875 secs]
2628.493: [GC 234551K->205066K(317584K), 0.0317138 secs]
2645.519: [GC 233738K->205018K(317584K), 0.0181003 secs]
2663.417: [GC 233690K->210467K(317584K), 0.1616323 secs]
2671.668: [GC 239139K->214781K(317584K), 0.1512642 secs]
2688.590: [GC 243453K->216476K(317584K), 0.0797696 secs]
2704.760: [GC 245148K->216535K(317584K), 0.0599107 secs]
2716.842: [GC 245097K->218773K(317584K), 0.0354333 secs]
2732.867: [GC 247445K->218569K(317584K), 0.0449015 secs]
2744.707: [GC 247241K->218157K(317584K), 0.0460103 secs]
2771.264: [GC 246829K->219768K(317584K), 0.0281594 secs]
2776.507: [GC 248439K->222618K(317584K), 0.0951283 secs]
2777.975: [GC 251284K->223572K(317584K), 0.0707065 secs]
2778.138: [GC 252242K->223743K(317584K), 0.0233901 secs]
2778.283: [GC 252411K->223743K(317584K), 0.0160188 secs]
2778.395: [GC 252403K->223781K(317584K), 0.0594011 secs]
2778.890: [GC 252448K->224425K(317584K), 0.0208633 secs]
2779.544: [GC 253091K->225396K(317584K), 0.0370547 secs]
2780.095: [GC 254068K->225957K(317584K), 0.0337537 secs]
2780.729: [GC 254625K->226493K(317584K), 0.0338727 secs]
2781.256: [GC 255156K->227464K(317584K), 0.0526198 secs]
2783.473: [GC 256136K->228160K(317584K), 0.1388162 secs]
2783.888: [GC 256825K->228497K(317584K), 0.0556174 secs]
2784.313: [GC 257167K->228636K(317584K), 0.0250381 secs]
2785.365: [GC 257305K->229675K(317584K), 0.0974766 secs]
2788.859: [GC 258347K->234231K(317584K), 0.1215344 secs]
2793.799: [GC 262903K->237259K(317584K), 0.1840667 secs]
2802.516: [GC 265931K->242160K(317584K), 0.2965022 secs]
2819.509: [GC 270832K->246883K(317584K), 0.1821832 secs]
2834.270: [GC 275555K->246623K(317584K), 0.0627689 secs]
2851.595: [GC 275295K->247379K(317584K), 0.0332682 secs]
2861.158: [GC 276051K->247416K(317584K), 0.0264833 secs]
2881.974: [GC 276088K->247283K(317584K), 0.0345030 secs]
2892.815: [GC 275955K->247150K(317584K), 0.0134280 secs]
2902.483: [GC 275821K->247774K(317584K), 0.0246713 secs]
2916.249: [GC 276444K->249142K(317584K), 0.1112600 secs]
2923.126: [GC 277803K->249678K(317584K), 0.0666677 secs]
2933.743: [GC 278350K->249499K(317584K), 0.0418120 secs]
2949.256: [GC 278171K->249543K(317584K), 0.0285363 secs]
2956.322: [GC 278124K->252895K(317584K), 0.0846552 secs]
2962.385: [GC 281567K->253235K(317584K), 0.0680500 secs]
2982.096: [GC 281907K->255368K(317584K), 0.0544740 secs]
2987.743: [GC 284040K->261444K(317584K), 0.1918666 secs]
2991.219: [GC 290060K->263906K(317584K), 0.2811952 secs]
3005.585: [GC 292578K->264007K(317584K), 0.0499306 secs]
3014.945: [GC 292679K->264510K(317584K), 0.0282910 secs]
3043.142: [GC 293182K->266431K(317584K), 0.0583692 secs]
3043.533: [GC 295102K->266512K(317584K), 0.0489043 secs]
3043.679: [GC 295180K->266634K(317584K), 0.0077585 secs]
3043.789: [GC 295303K->266637K(317584K), 0.0062891 secs]
3043.973: [GC 295308K->266655K(317584K), 0.0071800 secs]
3044.097: [GC 295326K->266680K(317584K), 0.0045377 secs]
3044.201: [GC 295345K->266673K(317584K), 0.0066819 secs]
3044.284: [GC 295343K->266692K(317584K), 0.0052962 secs]
3044.360: [GC 295354K->266720K(317584K), 0.0057415 secs]
3044.591: [GC 295388K->266701K(317584K), 0.0092833 secs]
3044.817: [GC 295359K->266767K(317584K), 0.0150751 secs]
3045.319: [GC 295437K->267171K(317584K), 0.0119831 secs]
3045.663: [GC 295834K->267381K(317584K), 0.0160353 secs]
3045.836: [GC 296050K->267429K(317584K), 0.0146128 secs]
3046.162: [GC 296100K->267712K(317584K), 0.0168792 secs]
3046.568: [GC 296384K->268381K(317584K), 0.0294395 secs]
3046.897: [GC 297049K->268710K(317584K), 0.0241059 secs]
3047.304: [GC 297382K->269151K(317584K), 0.0356093 secs]
3047.604: [GC 297812K->269310K(317584K), 0.0321538 secs]
3054.001: [GC 297982K->272572K(317584K), 0.2980315 secs]
3068.921: [GC 301244K->273998K(317584K), 0.0810874 secs]
3082.701: [GC 302670K->274290K(317584K), 0.1027072 secs]
3093.552: [GC 302962K->276604K(317584K), 0.0405091 secs]
3110.330: [GC 305276K->276676K(317584K), 0.0954057 secs]
3122.168: [GC 305347K->278781K(317584K), 0.0562376 secs]
3128.872: [GC 307453K->279458K(317584K), 0.0918050 secs]
3137.291: [GC 308130K->280464K(317584K), 0.0347466 secs]
3149.660: [GC 309136K->282820K(317584K), 0.0671200 secs]
3159.916: [GC 311492K->285537K(317584K), 0.1674702 secs]
3167.245: [GC 314141K->289001K(317712K), 0.1052748 secs]
3167.351: [Full GC 289001K->233709K(317712K), 7.8110715 secs]
3183.490: [GC 272749K->240077K(433424K), 0.2565639 secs]
3197.532: [GC 279117K->244851K(433424K), 0.3223932 secs]
3210.862: [GC 283891K->246498K(433424K), 0.0851172 secs]
3233.801: [GC 285538K->247073K(433424K), 0.0764737 secs]
3251.097: [GC 286113K->247595K(433424K), 0.0366359 secs]
3273.786: [GC 286635K->247744K(433424K), 0.0394478 secs]
3289.704: [GC 286782K->248000K(433424K), 0.0835366 secs]
3306.679: [GC 287040K->248723K(433424K), 0.0302223 secs]
3322.555: [GC 287763K->248242K(433424K), 0.0490920 secs]
3338.034: [GC 287282K->248272K(433424K), 0.0130771 secs]
3356.552: [GC 287212K->252571K(433424K), 0.1004728 secs]
3363.970: [GC 291611K->255196K(433424K), 0.1070035 secs]
3371.902: [GC 294206K->255843K(433424K), 0.0431583 secs]
3379.986: [GC 294883K->258691K(433424K), 0.0763572 secs]
3395.518: [GC 297731K->258743K(433424K), 0.0623319 secs]
3419.653: [GC 297783K->260324K(433424K), 0.0501628 secs]
3433.893: [GC 299364K->263302K(433424K), 0.0789553 secs]
3457.116: [GC 302341K->266637K(433424K), 0.0957474 secs]
3458.485: [GC 305677K->266805K(433424K), 0.0327631 secs]
3458.961: [GC 305845K->266950K(433424K), 0.0108670 secs]
3459.109: [GC 305982K->267031K(433424K), 0.0103910 secs]
3459.243: [GC 306070K->267034K(433424K), 0.0085888 secs]
3459.472: [GC 306074K->267058K(433424K), 0.0087631 secs]
3459.572: [GC 306095K->267056K(433424K), 0.0058482 secs]
3459.676: [GC 306091K->267082K(433424K), 0.0075063 secs]
3459.771: [GC 306119K->267106K(433424K), 0.0075822 secs]
3459.862: [GC 306141K->267119K(433424K), 0.0070850 secs]
3459.995: [GC 306151K->267097K(433424K), 0.0096730 secs]
3460.109: [GC 306135K->267114K(433424K), 0.0103820 secs]
3460.228: [GC 306150K->267117K(433424K), 0.0075462 secs]
3460.348: [GC 306156K->267126K(433424K), 0.0093976 secs]
3460.622: [GC 306165K->267148K(433424K), 0.0134704 secs]
3460.760: [GC 306184K->267171K(433424K), 0.0141113 secs]
3460.894: [GC 306207K->267164K(433424K), 0.0096842 secs]
3460.988: [GC 306197K->267157K(433424K), 0.0076825 secs]
3461.136: [GC 306197K->267181K(433424K), 0.0070501 secs]
3461.244: [GC 306215K->267221K(433424K), 0.0077384 secs]
3461.359: [GC 306260K->267223K(433424K), 0.0089618 secs]
3461.668: [GC 306256K->267241K(433424K), 0.0085123 secs]
3461.769: [GC 306269K->267222K(433424K), 0.0115219 secs]
3461.880: [GC 306258K->267246K(433424K), 0.0157456 secs]
3462.032: [GC 306274K->267224K(433424K), 0.0105279 secs]
3462.244: [GC 306257K->267247K(433424K), 0.0102776 secs]
3462.414: [GC 306284K->267241K(433424K), 0.0136813 secs]
3462.604: [GC 306267K->267276K(433424K), 0.0188069 secs]
3462.833: [GC 306309K->267303K(433424K), 0.0089970 secs]
3462.955: [GC 306341K->267309K(433424K), 0.0080706 secs]
3463.102: [GC 306348K->267315K(433424K), 0.0143954 secs]
3463.236: [GC 306341K->267338K(433424K), 0.0146499 secs]
3467.816: [GC 306378K->270098K(433424K), 0.0572676 secs]
3492.299: [GC 309138K->270750K(433424K), 0.1259775 secs]
3511.309: [GC 309790K->271053K(433424K), 0.0551006 secs]
3522.555: [GC 310093K->273133K(433424K), 0.0940656 secs]
3533.610: [GC 312173K->277293K(433424K), 0.1853646 secs]
3543.537: [GC 316333K->279642K(433424K), 0.1183581 secs]
3551.020: [GC 318682K->281299K(433424K), 0.0895136 secs]
3559.507: [GC 320339K->285327K(433424K), 0.0921000 secs]
3573.792: [GC 324367K->288631K(433424K), 0.1049603 secs]
3587.809: [GC 327671K->290505K(433424K), 0.0798339 secs]
3611.806: [GC 329545K->291688K(433424K), 0.0559973 secs]
3628.448: [GC 330728K->292319K(433424K), 0.0410734 secs]
3646.799: [GC 331359K->291882K(433424K), 0.0255731 secs]
3659.596: [GC 330922K->292373K(433424K), 0.0317697 secs]
3675.939: [GC 331413K->293707K(433424K), 0.0400682 secs]
3687.573: [GC 332741K->293833K(433424K), 0.1167922 secs]
3704.207: [GC 332873K->293413K(433424K), 0.0195723 secs]
3721.278: [GC 332453K->295054K(433424K), 0.0701151 secs]
3737.001: [GC 334094K->299694K(433424K), 0.2187745 secs]
3743.780: [GC 338608K->301483K(433424K), 0.2528034 secs]
3752.478: [GC 340523K->303950K(433424K), 0.1024083 secs]
3768.689: [GC 342990K->305305K(433424K), 0.0755747 secs]
3795.506: [GC 344345K->307141K(433424K), 0.0525324 secs]
3811.418: [GC 346181K->312345K(433424K), 0.1634160 secs]
3831.259: [GC 351385K->314660K(433424K), 0.1202563 secs]
3845.887: [GC 353700K->315142K(433424K), 0.0692946 secs]
3871.971: [GC 354182K->315510K(433424K), 0.0246101 secs]
3891.723: [GC 354550K->317755K(433424K), 0.2407172 secs]
3904.874: [GC 356795K->317590K(433424K), 0.0558618 secs]
3916.800: [GC 356630K->320744K(433424K), 0.1108700 secs]
3928.516: [GC 359784K->328383K(433424K), 0.2372623 secs]
3932.936: [GC 367423K->329657K(433424K), 0.1330479 secs]
3947.616: [GC 368697K->335141K(433424K), 0.1468782 secs]
3952.162: [GC 374181K->337275K(433424K), 0.2658695 secs]
3954.343: [GC 376303K->337439K(433424K), 0.0735395 secs]
3954.764: [GC 376476K->337669K(433424K), 0.0308277 secs]
3955.451: [GC 376707K->337753K(433424K), 0.0135741 secs]
3955.625: [GC 376793K->337856K(433424K), 0.0110740 secs]
3957.693: [GC 376888K->339198K(433424K), 0.0837850 secs]
3957.952: [GC 378224K->339121K(433424K), 0.0297295 secs]
3958.149: [GC 378161K->339120K(433424K), 0.0200450 secs]
3958.296: [GC 378151K->339138K(433424K), 0.0199665 secs]
3958.438: [GC 378162K->339144K(433424K), 0.0152346 secs]
3958.705: [GC 378182K->339154K(433424K), 0.0173930 secs]
3958.827: [GC 378182K->339195K(433424K), 0.0175645 secs]
3958.937: [GC 378229K->339187K(433424K), 0.0137828 secs]
3959.041: [GC 378218K->339218K(433424K), 0.0147611 secs]
3959.171: [GC 378245K->339214K(433424K), 0.0247883 secs]
3959.419: [GC 378244K->339253K(433424K), 0.0320912 secs]
3959.722: [GC 378291K->339290K(433424K), 0.0245218 secs]
3959.980: [GC 378330K->339301K(433424K), 0.0189879 secs]
3960.110: [GC 378335K->339300K(433424K), 0.0210415 secs]
3960.253: [GC 378330K->339321K(433424K), 0.0190044 secs]
3960.499: [GC 378346K->339322K(433424K), 0.0211496 secs]
3960.652: [GC 378356K->339314K(433424K), 0.0216419 secs]
3960.808: [GC 378354K->339339K(433424K), 0.0192611 secs]
3961.030: [GC 378367K->339360K(433424K), 0.0156626 secs]
3961.171: [GC 378399K->339381K(433424K), 0.0369541 secs]
3961.342: [GC 378413K->339384K(433424K), 0.0226573 secs]
3961.632: [GC 378419K->339390K(433424K), 0.0319231 secs]
3974.914: [GC 378430K->341391K(433424K), 0.0665590 secs]
3996.497: [GC 380431K->341367K(433424K), 0.0549793 secs]
4017.504: [GC 380406K->341918K(433424K), 0.0496457 secs]
4034.144: [GC 380958K->342608K(433424K), 0.1012545 secs]
4049.144: [GC 381648K->342402K(433424K), 0.0283083 secs]
4063.291: [GC 381442K->342688K(433424K), 0.0198609 secs]
4086.239: [GC 381728K->342733K(433424K), 0.0242263 secs]
4098.120: [GC 381773K->346157K(433424K), 0.0824842 secs]
4111.450: [GC 385197K->347733K(433424K), 0.1102503 secs]
4124.703: [GC 386773K->351997K(433424K), 0.1190202 secs]
4128.550: [GC 391030K->352870K(433424K), 0.1302263 secs]
4141.956: [GC 391910K->353463K(433424K), 0.1052572 secs]
4159.972: [GC 392503K->356212K(433424K), 0.1349071 secs]
4183.286: [GC 395252K->356706K(433424K), 0.0762259 secs]
4202.983: [GC 395746K->363468K(433424K), 0.1736575 secs]
4220.760: [GC 402508K->363514K(433424K), 0.0965271 secs]
4239.249: [GC 402554K->364138K(433424K), 0.0466090 secs]
4260.040: [GC 403167K->366869K(433424K), 0.0790458 secs]
4276.097: [GC 405909K->367019K(433424K), 0.0746313 secs]
4287.035: [GC 406059K->369588K(433424K), 0.1044742 secs]
4299.178: [GC 408628K->373108K(433424K), 0.2148538 secs]
4308.860: [GC 412148K->373852K(433424K), 0.0734093 secs]
4319.506: [GC 412892K->378181K(433424K), 0.1071673 secs]
4332.241: [GC 417221K->381140K(433424K), 0.1228933 secs]
4353.232: [GC 420180K->383415K(433424K), 0.0975744 secs]
4375.371: [GC 422455K->384065K(433424K), 0.0550103 secs]
4389.564: [GC 423105K->384827K(433424K), 0.0415072 secs]
4406.799: [GC 423867K->384089K(433424K), 0.0279435 secs]
4439.147: [GC 422880K->383952K(433424K), 0.0248948 secs]
4440.287: [GC 422991K->384061K(433424K), 0.0151326 secs]
4440.505: [GC 423098K->384243K(433424K), 0.0146317 secs]
4440.612: [GC 423276K->384244K(433424K), 0.0139671 secs]
4440.803: [GC 423284K->384269K(433424K), 0.0241994 secs]
4440.936: [GC 423306K->384284K(433424K), 0.0146052 secs]
4441.089: [GC 423324K->384298K(433424K), 0.0140766 secs]
4441.224: [GC 423324K->384308K(433424K), 0.0146924 secs]
4441.878: [GC 423335K->384339K(433424K), 0.0222877 secs]
4442.026: [GC 423374K->384347K(433424K), 0.0158137 secs]
4442.252: [GC 423379K->384367K(433424K), 0.0298097 secs]
4442.507: [GC 423396K->384358K(433424K), 0.0306517 secs]
4443.059: [GC 423383K->384373K(433424K), 0.0120582 secs]
4443.171: [GC 423400K->384387K(433424K), 0.0262293 secs]
4443.420: [GC 423414K->384417K(433424K), 0.0122882 secs]
4445.919: [GC 423457K->386695K(433424K), 0.0514331 secs]
4452.698: [GC 425735K->387948K(433424K), 0.0811765 secs]
4469.819: [GC 426988K->389021K(433424K), 0.0515026 secs]
4487.569: [GC 428061K->389499K(433424K), 0.0449348 secs]
4497.244: [GC 428539K->392806K(433424K), 0.1020649 secs]
4509.377: [GC 431846K->394095K(435472K), 0.1771287 secs]
4509.555: [Full GC 394095K->373411K(435472K), 8.1340447 secs]
4531.207: [GC 420003K->376854K(518464K), 0.0746883 secs]
4551.029: [GC 423446K->377976K(518464K), 0.0417433 secs]
4567.499: [GC 424534K->384894K(518464K), 0.2137504 secs]
4585.981: [GC 431486K->388121K(518464K), 0.1783998 secs]
4605.598: [GC 434713K->389201K(518464K), 0.0973082 secs]
4623.273: [GC 435793K->390450K(518464K), 0.0620822 secs]
4639.525: [GC 437042K->391975K(518464K), 0.0635441 secs]
4661.502: [GC 438567K->393501K(518464K), 0.0674566 secs]
4675.318: [GC 440093K->396669K(518464K), 0.1691704 secs]
4685.535: [GC 443261K->398706K(518464K), 0.1077014 secs]
4698.911: [GC 445289K->403658K(518464K), 0.1358469 secs]
4714.727: [GC 450250K->406448K(518464K), 0.2533911 secs]
4740.355: [GC 453040K->407743K(518464K), 0.0902492 secs]
4758.215: [GC 454335K->406921K(518464K), 0.0300206 secs]
4789.243: [GC 453513K->407740K(518464K), 0.0448040 secs]
4790.286: [GC 454331K->407816K(518464K), 0.0199916 secs]
4790.461: [GC 454392K->407845K(518464K), 0.0179383 secs]
4790.765: [GC 454434K->407859K(518464K), 0.0314185 secs]
4791.047: [GC 454441K->407860K(518464K), 0.0285872 secs]
4791.221: [GC 454439K->407865K(518464K), 0.0246302 secs]
4791.349: [GC 454449K->407868K(518464K), 0.0132374 secs]
4791.478: [GC 454447K->407909K(518464K), 0.0280287 secs]
4791.801: [GC 454500K->407869K(518464K), 0.0193075 secs]
4791.962: [GC 454449K->407886K(518464K), 0.0281614 secs]
4793.701: [GC 454478K->409357K(518464K), 0.0433720 secs]
4809.448: [GC 455949K->410830K(518464K), 0.0836746 secs]
4834.319: [GC 457422K->412058K(518464K), 0.0815718 secs]
4855.591: [GC 458650K->413536K(518464K), 0.0744491 secs]
4873.757: [GC 460128K->414912K(518464K), 0.0636005 secs]
4901.055: [GC 461504K->418127K(518464K), 0.3068320 secs]
4907.228: [GC 464616K->420613K(518464K), 0.1436973 secs]
4930.514: [Full GC 467205K->413345K(518464K), 9.4676254 secs]
4968.501: [GC 459937K->418214K(518464K), 0.0948534 secs]
4989.778: [GC 464806K->424267K(518464K), 0.1850366 secs]
5007.117: [Full GC 470859K->420838K(518464K), 8.0065947 secs]
5035.232: [Full GC 467430K->400671K(518464K), 10.4213147 secs]
5075.730: [GC 447263K->405750K(518464K), 0.1094273 secs]
5095.774: [GC 452342K->412141K(518464K), 0.2129597 secs]
5100.556: [GC 458733K->412501K(518464K), 0.1190176 secs]
5128.227: [GC 459093K->417078K(518464K), 0.1701484 secs]
5159.697: [GC 463666K->419326K(518464K), 0.1013511 secs]
5182.611: [GC 465918K->418697K(518464K), 0.0403716 secs]
5226.118: [GC 465289K->419848K(518464K), 0.0340929 secs]
5236.621: [Full GC 466440K->421606K(518464K), 9.0302240 secs]
5248.509: [Full GC 468198K->424257K(518464K), 9.1845972 secs]
5258.938: [Full GC 470844K->425167K(518464K), 8.7030494 secs]
5270.601: [Full GC 471759K->417460K(518464K), 9.0068115 secs]
5279.938: [GC 464052K->418106K(518464K), 0.0141233 secs]
5280.262: [GC 464698K->418538K(518464K), 0.0221134 secs]
5280.549: [GC 465127K->418526K(518464K), 0.0155347 secs]
5280.777: [GC 465118K->418567K(518464K), 0.0094518 secs]
5281.003: [GC 465159K->418673K(518464K), 0.0109676 secs]
5281.429: [GC 465263K->418670K(518464K), 0.0180853 secs]
5281.643: [GC 465256K->418738K(518464K), 0.0118775 secs]
5281.844: [GC 465318K->418733K(518464K), 0.0087464 secs]
5281.967: [GC 465324K->418791K(518464K), 0.0099261 secs]
5282.132: [GC 465383K->418761K(518464K), 0.0088447 secs]
5282.284: [GC 465346K->418795K(518464K), 0.0119906 secs]
5282.435: [GC 465379K->418768K(518464K), 0.0135906 secs]
5299.151: [GC 465360K->422020K(518464K), 0.1154591 secs]
5314.847: [Full GC 468612K->425216K(518464K), 7.8401247 secs]
5334.518: [Full GC 471808K->428392K(518464K), 7.9950298 secs]
5366.474: [Full GC 474984K->432689K(518464K), 7.6831290 secs]
5396.596: [Full GC 479281K->432583K(518464K), 10.0059251 secs]
5428.463: [Full GC 479175K->436508K(518464K), 7.6595484 secs]
5454.568: [Full GC 483088K->441360K(518464K), 7.8263721 secs]
5477.737: [Full GC 487952K->445412K(518464K), 9.8020936 secs]
5501.357: [Full GC 492004K->439109K(518464K), 11.6357336 secs]
5531.224: [Full GC 485701K->444064K(518464K), 9.5821704 secs]
5551.683: [Full GC 490656K->447864K(518464K), 9.5156843 secs]
5591.832: [Full GC 494456K->451649K(518464K), 8.6832600 secs]
5616.828: [Full GC 498234K->448030K(518464K), 11.0339507 secs]
5657.851: [Full GC 494622K->450195K(518464K), 10.6514691 secs]
5680.842: [Full GC 496787K->455679K(518464K), 10.1305169 secs]
5702.835: [Full GC 502271K->456866K(518464K), 9.3924437 secs]
5734.865: [Full GC 503458K->453245K(518464K), 13.0646118 secs]
5761.488: [Full GC 499597K->457422K(518464K), 9.5739235 secs]
5787.463: [Full GC 504014K->461460K(518464K), 9.1351996 secs]
5819.671: [Full GC 508052K->465357K(518464K), 9.1909905 secs]
5855.630: [Full GC 511949K->466133K(518464K), 14.1861633 secs]
5893.490: [Full GC 518464K->469034K(518464K), 9.1510946 secs]
5914.313: [Full GC 518463K->472019K(518464K), 10.0737516 secs]
5956.099: [Full GC 518463K->476437K(518464K), 9.5669802 secs]
5968.431: [Full GC 518463K->477095K(518464K), 11.0383420 secs]
5980.348: [Full GC 518459K->477954K(518464K), 10.4159906 secs]
5991.279: [Full GC 518455K->478481K(518464K), 9.7832236 secs]
6001.429: [Full GC 518456K->478687K(518464K), 8.8478354 secs]
6011.630: [Full GC 518462K->478702K(518464K), 12.2506098 secs]
6025.856: [Full GC 518463K->478922K(518464K), 10.1064395 secs]
6036.802: [Full GC 518459K->479075K(518464K), 9.9856996 secs]
6047.868: [Full GC 518452K->479920K(518464K), 10.5228877 secs]
6058.973: [Full GC 518455K->480211K(518464K), 12.3511220 secs]
6072.667: [Full GC 518451K->480213K(518464K), 9.6013284 secs]
6083.082: [Full GC 518457K->480471K(518464K), 9.5014093 secs]
6093.484: [Full GC 518457K->480318K(518464K), 8.6882500 secs]
6103.367: [Full GC 518451K->480351K(518464K), 14.4187971 secs]
6120.251: [Full GC 518463K->480345K(518464K), 9.5537170 secs]
6130.478: [Full GC 518463K->480939K(518464K), 10.7124833 secs]
6141.865: [Full GC 518463K->481443K(518464K), 12.1906404 secs]
6156.243: [Full GC 518462K->481318K(518464K), 14.5520023 secs]
6172.274: [Full GC 518460K->482506K(518464K), 13.2493563 secs]
6187.696: [Full GC 518463K->484193K(518464K), 10.3102112 secs]
6199.104: [Full GC 518461K->484957K(518464K), 9.7302082 secs]
6209.407: [Full GC 518464K->485431K(518464K), 12.8306000 secs]
6222.389: [Full GC 518463K->485455K(518464K), 11.0198042 secs]
6234.307: [Full GC 518463K->485395K(518464K), 9.2679863 secs]
6243.967: [Full GC 518463K->485020K(518464K), 9.6087595 secs]
6258.134: [Full GC 518463K->487094K(518464K), 13.5256984 secs]
6276.161: [Full GC 518463K->487438K(518464K), 10.6452982 secs]
6302.538: [Full GC 518460K->486034K(518464K), 8.9209609 secs]
6329.207: [Full GC 518463K->487897K(518464K), 10.6044670 secs]
6347.864: [Full GC 518463K->490495K(518464K), 14.0536543 secs]
6367.068: [Full GC 518458K->492862K(518464K), 9.4535705 secs]
6390.067: [Full GC 518463K->492281K(518464K), 9.8804896 secs]
6413.224: [Full GC 518463K->493970K(518464K), 10.2975817 secs]
6435.664: [Full GC 518463K->493511K(518464K), 13.7278182 secs]
6454.797: [Full GC 518463K->498236K(518464K), 10.0520876 secs]
6474.912: [Full GC 518464K->497521K(518464K), 11.8680603 secs]
6495.064: [Full GC 518463K->502499K(518464K), 10.5882290 secs]
6507.467: [Full GC 518463K->503620K(518464K), 12.3206332 secs]
6521.501: [Full GC 518463K->504945K(518464K), 12.0696971 secs]
6534.221: [Full GC 518463K->504628K(518464K), 10.9723253 secs]
6548.677: [Full GC 518463K->506073K(518464K), 11.0833693 secs]
6562.791: [Full GC 518463K->508377K(518464K), 11.3148037 secs]
6576.654: [Full GC 518156K->509042K(518464K), 9.6400962 secs]
6590.915: [Full GC 518464K->507419K(518464K), 10.9536243 secs]
6608.549: [Full GC 518463K->510486K(518464K), 11.5031603 secs]
6622.477: [Full GC 518464K->511109K(518464K), 10.4331704 secs]
6633.413: [Full GC 518150K->510775K(518464K), 9.5582941 secs]
6643.809: [Full GC 518459K->510179K(518464K), 12.3037503 secs]
6657.532: [Full GC 518463K->510489K(518464K), 10.0953434 secs]
6672.708: [Full GC 518463K->511764K(518464K), 11.6313009 secs]
6686.292: [Full GC 518463K->513553K(518464K), 11.3182399 secs]
6700.136: [Full GC 518463K->512345K(518464K), 10.2521804 secs]
6712.666: [Full GC 518464K->514254K(518464K), 10.0763080 secs]
6722.745: [Full GC 514254K->514248K(518464K), 13.4509271 secs]
6737.749: [Full GC 518463K->513335K(518464K), 12.7572448 secs]
6750.508: [Full GC 513335K->513182K(518464K), 13.3092119 secs]
6767.862: [Full GC 518463K->513258K(518464K), 11.2505886 secs]
6779.113: [Full GC 513258K->513116K(518464K), 11.2337219 secs]
6793.401: [Full GC 518463K->514568K(518464K), 11.0330947 secs]
6804.438: [Full GC 514568K->514551K(518464K), 10.2660643 secs]
6815.070: [Full GC 518463K->514952K(518464K), 9.6107469 secs]
6824.691: [Full GC 514952K->514783K(518464K), 11.9790144 secs]
6836.926: [Full GC 518463K->515154K(518464K), 10.4891828 secs]
6847.416: [Full GC 515154K->514980K(518464K), 10.4954068 secs]
6858.270: [Full GC 518454K->515263K(518464K), 10.6111886 secs]
6868.883: [Full GC 515263K->515090K(518464K), 9.6257214 secs]
6878.991: [Full GC 518463K->515681K(518464K), 10.5691243 secs]
6889.562: [Full GC 515681K->515507K(518464K), 12.3692402 secs]
6902.498: [Full GC 518462K->516014K(518464K), 9.9259786 secs]
6912.426: [Full GC 516014K->515833K(518464K), 12.9733357 secs]
6925.998: [Full GC 518463K->515355K(518464K), 10.3720830 secs]
6936.371: [Full GC 515355K->515341K(518464K), 13.1612199 secs]
6950.901: [Full GC 518463K->515153K(518464K), 11.1660887 secs]
6964.310: [Full GC 518463K->514014K(518464K), 13.1465765 secs]
6979.291: [Full GC 518463K->514741K(518464K), 10.5622966 secs]
6989.855: [Full GC 514741K->514715K(518464K), 12.4510478 secs]
7003.106: [Full GC 518463K->514549K(518464K), 11.2478061 secs]
7014.354: [Full GC 514549K->514528K(518464K), 12.1170459 secs]
7026.820: [Full GC 518462K->514131K(518464K), 10.7248877 secs]
7037.546: [Full GC 514131K->514128K(518464K), 14.2443294 secs]
7053.706: [Full GC 518463K->515251K(518464K), 11.4870971 secs]
7067.598: [Full GC 518463K->516178K(518464K), 14.7038090 secs]
7082.303: [Full GC 516178K->516176K(518464K), 10.6553182 secs]
7093.428: [Full GC 518463K->516266K(518464K), 12.5792270 secs]
7106.008: [Full GC 516266K->516254K(518464K), 12.8704595 secs]
7120.583: [Full GC 518463K->516293K(518464K), 14.6594536 secs]
7135.243: [Full GC 516293K->516282K(518464K), 10.5544939 secs]
7146.417: [Full GC 518463K->515953K(518464K), 10.6586809 secs]
7157.076: [Full GC 515953K->515815K(518464K), 10.8627761 secs]
7168.761: [Full GC 518463K->515763K(518464K), 10.2926000 secs]
7179.055: [Full GC 515763K->515626K(518464K), 11.1164855 secs]
7190.913: [Full GC 518461K->514158K(518464K), 10.4872197 secs]
7201.401: [Full GC 514158K->514021K(518464K), 9.4967754 secs]
7254.767: [Full GC 518463K->513128K(518464K), 13.1298782 secs]
7267.898: [Full GC 513128K->513117K(518464K), 10.0567502 secs]
7660.632: [Full GC 518463K->513172K(518464K), 13.8258918 secs]
7728.987: [Full GC 518463K->513172K(518464K), 11.6259622 secs]
7740.615: [Full GC 513172K->513168K(518464K), 12.9742093 secs]
7807.809: [Full GC 518463K->513196K(518464K), 10.2924835 secs]
7818.102: [Full GC 513196K->513185K(518464K), 10.3841804 secs]
7882.400: [Full GC 518463K->513164K(518464K), 10.2966061 secs]
7892.697: [Full GC 513164K->513153K(518464K), 9.7791954 secs]
7957.821: [Full GC 518463K->513182K(518464K), 10.1040283 secs]
7967.925: [Full GC 513182K->513171K(518464K), 11.7423013 secs]
8032.913: [Full GC 518464K->513201K(518464K), 9.9976986 secs]
8042.912: [Full GC 513201K->513190K(518464K), 9.5319847 secs]
8106.604: [Full GC 518463K->513217K(518464K), 11.3562196 secs]
8117.962: [Full GC 513217K->513206K(518464K), 11.1886541 secs]
8183.240: [Full GC 518463K->512777K(518464K), 10.6807153 secs]
8193.923: [Full GC 512777K->512764K(518464K), 12.0806010 secs]
8265.091: [Full GC 518463K->512797K(518464K), 12.9531108 secs]
8278.046: [Full GC 512797K->512785K(518464K), 13.3110677 secs]
8349.438: [Full GC 518463K->512819K(518464K), 10.7470832 secs]
8360.191: [Full GC 512819K->512806K(518464K), 12.2457502 secs]
8430.288: [Full GC 518463K->512839K(518464K), 10.9950393 secs]
8441.286: [Full GC 512839K->512827K(518464K), 12.1904932 secs]
8512.064: [Full GC 518463K->512802K(518464K), 10.2828418 secs]
8522.348: [Full GC 512802K->512790K(518464K), 12.5525029 secs]
8592.891: [Full GC 518463K->512823K(518464K), 10.6316063 secs]
8603.524: [Full GC 512823K->512810K(518464K), 11.1490723 secs]
8673.789: [Full GC 518463K->512840K(518464K), 9.7537673 secs]
8683.543: [Full GC 512840K->512829K(518464K), 11.5621782 secs]
8752.522: [Full GC 518463K->512861K(518464K), 10.4816417 secs]
8821.893: [Full GC 518463K->512797K(518464K), 9.5649495 secs]
8891.024: [Full GC 518463K->512815K(518464K), 10.5228044 secs]
8960.439: [Full GC 518463K->512837K(518464K), 11.6199104 secs]
8972.061: [Full GC 512837K->512834K(518464K), 9.4962653 secs]
9039.803: [Full GC 518463K->512864K(518464K), 9.6162694 secs]
9049.420: [Full GC 512864K->512852K(518464K), 12.8216785 secs]
9119.851: [Full GC 518464K->512807K(518464K), 10.9860642 secs]
9130.837: [Full GC 512807K->512796K(518464K), 9.9343777 secs]
9198.761: [Full GC 518463K->512825K(518464K), 10.4713423 secs]
9209.234: [Full GC 512825K->512812K(518464K), 12.1809456 secs]
9279.194: [Full GC 518463K->512844K(518464K), 13.3784889 secs]
9351.149: [Full GC 518463K->512853K(518464K), 13.0796783 secs]
9423.299: [Full GC 518463K->512798K(518464K), 10.4642760 secs]
9493.272: [Full GC 518463K->512817K(518464K), 10.6010426 secs]
9562.855: [Full GC 518463K->512837K(518464K), 10.4552794 secs]
9631.708: [Full GC 518463K->512857K(518464K), 10.8122052 secs]
9642.522: [Full GC 512857K->512855K(518464K), 11.1616669 secs]
9710.700: [Full GC 518464K->512786K(518464K), 10.5486186 secs]
9780.594: [Full GC 518463K->512798K(518464K), 12.0824013 secs]
9792.677: [Full GC 512798K->512795K(518464K), 10.2901461 secs]
9860.698: [Full GC 518464K->512827K(518464K), 11.2705129 secs]
9871.969: [Full GC 512827K->512814K(518464K), 11.7814418 secs]
9941.056: [Full GC 518463K->512845K(518464K), 13.7510952 secs]
9954.809: [Full GC 512845K->512834K(518464K), 11.8957002 secs]
10010.489: [Full GC 518463K->512965K(518464K), 12.0070883 secs]
10022.499: [Full GC 512965K->512824K(518464K), 12.6578881 secs]
11144.330: [Full GC 518463K->512874K(518464K), 15.7575242 secs]
11220.025: [Full GC 518464K->512839K(518464K), 10.4429929 secs]
11283.401: [Full GC 518237K->512921K(518464K), 11.0658684 secs]
11305.021: [Full GC 514019K->512855K(518464K), 9.6730925 secs]
11346.052: [Full GC 515968K->512868K(518464K), 12.8696644 secs]
11416.062: [Full GC 518463K->512903K(518464K), 9.8560297 secs]
11483.007: [Full GC 518463K->512847K(518464K), 9.4870058 secs]
11492.495: [Full GC 512847K->512844K(518464K), 8.9703163 secs]
11558.398: [Full GC 518463K->512875K(518464K), 12.4582820 secs]
11628.172: [Full GC 518463K->512887K(518464K), 10.1963258 secs]
11695.845: [Full GC 518463K->512904K(518464K), 9.5529963 secs]
11705.399: [Full GC 512904K->512902K(518464K), 9.6237441 secs]
11770.310: [Full GC 518463K->512857K(518464K), 11.5283767 secs]
11781.839: [Full GC 512857K->512845K(518464K), 9.9683518 secs]
11848.047: [Full GC 518463K->512879K(518464K), 9.3479381 secs]
11857.397: [Full GC 512879K->512866K(518464K), 13.2555573 secs]
11928.326: [Full GC 518463K->512897K(518464K), 10.7662887 secs]
11939.095: [Full GC 512897K->512886K(518464K), 9.0831838 secs]
12003.510: [Full GC 518463K->512917K(518464K), 9.3789551 secs]
12069.976: [Full GC 518463K->512851K(518464K), 10.1498076 secs]
12080.126: [Full GC 512851K->512847K(518464K), 11.8778423 secs]
12147.940: [Full GC 518463K->512879K(518464K), 9.9080299 secs]
12157.850: [Full GC 512879K->512866K(518464K), 11.8793780 secs]
12226.833: [Full GC 518463K->512897K(518464K), 11.3293866 secs]
12238.163: [Full GC 512897K->512884K(518464K), 12.8689487 secs]
12307.645: [Full GC 518463K->512914K(518464K), 9.9492167 secs]
12374.362: [Full GC 518463K->512848K(518464K), 9.0977557 secs]
21173.366: [Full GC 518463K->512830K(518464K), 12.5248346 secs]
34912.602: [Full GC 518463K->512818K(518464K), 11.9236023 secs]
48469.369: [Full GC 518463K->162914K(518464K), 6.0390860 secs]
