5.291: [GC 56843K->3194K(1292544K), 0.0582010 secs]
5.349: [Full GC 3194K->3155K(1292544K), 0.0841890 secs]
11.369: [GC 112403K->8552K(1292544K), 0.0524530 secs]
16.974: [GC 117800K->17440K(1292544K), 0.1423830 secs]
20.213: [GC 126688K->23172K(1401792K), 0.1842380 secs]
20.451: [GC 27399K->23174K(1401792K), 0.0685780 secs]
20.520: [Full GC 23174K->23024K(1401792K), 0.3027560 secs]
33.716: [GC 241520K->32379K(1401792K), 0.2127540 secs]
40.004: [GC 250875K->39748K(1401792K), 0.0919000 secs]
51.823: [GC 258244K->54159K(1412352K), 0.1452980 secs]
53.600: [GC 276175K->55458K(1413696K), 0.1220690 secs]
59.205: [GC 277474K->57610K(1416000K), 0.1181230 secs]
546.795: [GC 273738K->79821K(1407168K), 0.1507750 secs]
683.075: [GC 295949K->108109K(1411776K), 0.1265110 secs]
691.431: [GC 318349K->107827K(1390656K), 0.0780370 secs]
719.571: [GC 318067K->108837K(1413184K), 0.0464440 secs]
723.943: [GC 320613K->110019K(1412992K), 0.0406490 secs]
731.954: [GC 321788K->142251K(1405696K), 0.0427790 secs]
1114.038: [GC 345963K->120622K(1370560K), 0.0296310 secs]
1565.554: [GC 322862K->121830K(1404800K), 0.0233640 secs]
2186.153: [GC 322598K->123905K(1367744K), 0.0241030 secs]
3107.137: [GC 322655K->124516K(1400192K), 0.0292940 secs]
3620.851: [GC 314131K->126389K(1365376K), 0.0334680 secs]
3620.885: [Full GC 126389K->75798K(1365376K), 0.7883600 secs]
4044.013: [GC 273686K->79665K(1395520K), 0.0272210 secs]
4500.163: [GC 273985K->81859K(1364736K), 0.0164400 secs]
4554.106: [GC 275702K->180663K(1389888K), 0.1760850 secs]
4661.834: [GC 345779K->246312K(1394112K), 0.1721320 secs]
4715.254: [GC 434396K->371888K(1396224K), 0.2450460 secs]
4767.074: [GC 556476K->400130K(1398400K), 0.1226540 secs]
4781.680: [GC 583799K->486429K(1398528K), 0.1994950 secs]
4822.078: [GC 668769K->516567K(1376704K), 0.1403970 secs]
4850.780: [GC 691850K->581797K(1393088K), 0.1599790 secs]
4884.099: [GC 737169K->633198K(1370816K), 0.1594900 secs]
4930.099: [GC 807406K->719702K(1377344K), 0.3073380 secs]
4942.727: [GC 876299K->806226K(1376320K), 0.2127970 secs]
4974.179: [GC 954909K->842559K(1380544K), 0.1415420 secs]
5000.458: [GC 986239K->894764K(1340352K), 0.1538120 secs]
5024.893: [GC 1037676K->954225K(1366656K), 0.2063850 secs]
5038.461: [GC 1072466K->1013015K(1338240K), 0.1912910 secs]
5059.810: [GC 1154391K->1100164K(1360960K), 0.1404280 secs]
5083.469: [GC 1234884K->1100432K(1327552K), 0.1075110 secs]
5083.576: [Full GC 1100432K->723123K(2102144K), 1.5292170 secs]
5097.819: [GC 856692K->759169K(2133696K), 0.0651790 secs]
5111.457: [GC 892545K->821898K(2104064K), 0.1094070 secs]
5135.667: [GC 954570K->849852K(2127040K), 0.0703980 secs]
5146.081: [GC 981824K->909193K(2103168K), 0.1306310 secs]
5163.411: [GC 1040521K->968363K(2121728K), 0.1258850 secs]
5197.624: [GC 1099051K->1023509K(2097920K), 0.1031180 secs]
5215.548: [GC 1139668K->1054853K(2116672K), 0.0921970 secs]
5228.050: [GC 1184261K->1095060K(2118656K), 0.0989110 secs]
5245.472: [GC 1223816K->1125346K(2115520K), 0.0998710 secs]
5253.475: [GC 1253466K->1157297K(2117824K), 0.1543730 secs]
5276.197: [GC 1285420K->1216843K(2095744K), 0.1375570 secs]
5297.058: [GC 1344331K->1253162K(2075392K), 0.2087740 secs]
5305.873: [GC 1389222K->1354603K(2113088K), 0.1400030 secs]
5334.629: [GC 1454079K->1367321K(2115520K), 0.0983580 secs]
5354.011: [GC 1490585K->1422919K(2112128K), 0.1124050 secs]
5360.061: [GC 1545605K->1493779K(2115328K), 0.1830730 secs]
5365.556: [GC 1609951K->1552623K(2138752K), 0.1761780 secs]
5397.540: [GC 1699755K->1580700K(2140736K), 0.1041460 secs]
5413.763: [GC 1713899K->1620457K(2166720K), 0.1624700 secs]
5429.663: [GC 1795880K->1679678K(2167296K), 0.1895290 secs]
5468.617: [GC 1847208K->1738589K(2169280K), 0.1981140 secs]
5488.502: [GC 1920917K->1828485K(2171136K), 0.2908200 secs]
5525.531: [GC 1997466K->1884151K(2173056K), 0.1419280 secs]
5525.673: [Full GC 1884151K->1447481K(2519872K), 1.4031690 secs]
5547.768: [GC 1637166K->1506689K(2521408K), 0.1155290 secs]
5580.212: [GC 1680948K->1534435K(2506880K), 0.1316830 secs]
5607.407: [GC 1717075K->1600832K(2515712K), 0.1362440 secs]
5634.130: [GC 1785047K->1633428K(2514176K), 0.0793070 secs]
5664.496: [GC 1817748K->1711223K(2497664K), 0.1693410 secs]
5691.106: [GC 1894326K->1797884K(2509760K), 0.1373170 secs]
5721.905: [GC 1979830K->1829816K(2499520K), 0.0829910 secs]
5737.020: [GC 2010611K->1869600K(2508032K), 0.1669490 secs]
5755.808: [GC 2047904K->1898931K(2493248K), 0.1324590 secs]
5788.806: [GC 2076028K->1956820K(2503232K), 0.1757450 secs]
5814.429: [GC 2132196K->2043058K(2489600K), 0.2138050 secs]
5840.610: [GC 2192670K->2098805K(2499968K), 0.2100440 secs]
5844.438: [GC 2272693K->2185295K(2501888K), 0.3025070 secs]
5872.812: [GC 2359183K->2268819K(2528448K), 0.2635760 secs]
5873.076: [Full GC 2268819K->1822547K(2528448K), 2.3665310 secs]
5898.219: [GC 2024278K->1870337K(2529984K), 0.0754510 secs]
5930.840: [GC 2073857K->1930655K(2528704K), 0.1838920 secs]
5949.174: [GC 2129052K->1989747K(2518336K), 0.1549220 secs]
5968.435: [GC 2189875K->2044822K(2529792K), 0.1304090 secs]
6004.220: [GC 2246078K->2111638K(2527296K), 0.1588010 secs]
6057.308: [GC 2311601K->2191447K(2529536K), 0.1572350 secs]
6079.214: [GC 2391063K->2249370K(2517632K), 0.1711310 secs]
6079.386: [Full GC 2249370K->1342849K(2517632K), 1.9339330 secs]
6135.089: [GC 1542465K->1402053K(2528192K), 0.1392580 secs]
6165.634: [GC 1602951K->1520030K(2527744K), 0.2277380 secs]
6194.943: [GC 1720090K->1516462K(2530304K), 0.1022080 secs]
6225.362: [GC 1719854K->1575306K(2529920K), 0.1108930 secs]
6275.394: [GC 1769782K->1631339K(2523392K), 0.1109010 secs]
6287.475: [GC 1830547K->1725254K(2527424K), 0.1325400 secs]
6320.007: [GC 1925961K->1801308K(2532608K), 0.1762270 secs]
6337.270: [GC 2007132K->1859873K(2524032K), 0.1431550 secs]
6380.191: [GC 2065162K->1946258K(2531840K), 0.1739690 secs]
6410.267: [GC 2152402K->2005447K(2531520K), 0.1430410 secs]
6468.031: [GC 2211316K->2064763K(2525696K), 0.1372160 secs]
6490.368: [GC 2269435K->2150845K(2529216K), 0.1497030 secs]
6532.237: [GC 2355517K->2206033K(2519488K), 0.1383340 secs]
6532.376: [Full GC 2206033K->2031752K(2519488K), 2.6752930 secs]
6551.627: [GC 2233842K->2093292K(2527040K), 0.1151150 secs]
6580.859: [GC 2289741K->2153830K(2532736K), 0.1310240 secs]
6612.604: [GC 2363302K->2232572K(2534144K), 0.1634520 secs]
6612.768: [Full GC 2232572K->889117K(2459904K), 1.5166920 secs]
6653.472: [GC 1092075K->987001K(2458624K), 0.1476520 secs]
6698.541: [GC 1196976K->1070469K(2459520K), 0.1281280 secs]
6707.324: [GC 1280451K->1160393K(2460288K), 0.1414890 secs]
6761.433: [GC 1349523K->1188574K(2460672K), 0.0955110 secs]
6792.392: [GC 1381700K->1247194K(2460992K), 0.1408910 secs]
6821.651: [GC 1446496K->1306181K(2461056K), 0.1361970 secs]
6857.017: [GC 1518149K->1362069K(2460736K), 0.1482830 secs]
6881.732: [GC 1574291K->1448470K(2460992K), 0.1281030 secs]
6913.409: [GC 1660693K->1531162K(2461056K), 0.1360830 secs]
6944.699: [GC 1744213K->1617729K(2461312K), 0.2204640 secs]
6979.736: [GC 1819762K->1645442K(2461440K), 0.1004420 secs]
7034.391: [GC 1859522K->1704193K(2461760K), 0.1491140 secs]
7067.698: [GC 1912920K->1763334K(2461568K), 0.1391430 secs]
7097.395: [GC 1959779K->1822230K(2458752K), 0.1204180 secs]
7142.762: [GC 2014878K->1877598K(2461312K), 0.1727850 secs]
7175.389: [GC 2090270K->1936504K(2457984K), 0.1481840 secs]
7214.581: [GC 2149049K->1995480K(2461376K), 0.1660360 secs]
7244.052: [GC 2204654K->2059744K(2455424K), 0.1667520 secs]
7273.648: [GC 2272160K->2117026K(2461056K), 0.2064510 secs]
7307.380: [GC 2328812K->2177026K(2460992K), 0.1734280 secs]
7307.554: [Full GC 2177026K->1988921K(2535232K), 1.7484370 secs]
7354.551: [GC 2193032K->2047957K(2535488K), 0.1149280 secs]
7368.835: [GC 2260821K->2149138K(2535552K), 0.2292390 secs]
7411.385: [GC 2361991K->2239355K(2534656K), 0.1606070 secs]
7411.546: [Full GC 2239355K->995182K(2534656K), 1.5838220 secs]
7467.363: [GC 1207598K->1085628K(2535616K), 0.1269600 secs]
7503.717: [GC 1270688K->1113415K(2534272K), 0.0917500 secs]
7521.482: [GC 1326279K->1170971K(2535168K), 0.1125320 secs]
7564.318: [GC 1368250K->1227775K(2536320K), 0.1362390 secs]
7599.624: [GC 1441706K->1286967K(2536512K), 0.1479660 secs]
7630.406: [GC 1501170K->1355811K(2536384K), 0.1177850 secs]
7671.365: [GC 1570008K->1411374K(2536448K), 0.1572780 secs]
7706.210: [GC 1625576K->1497846K(2536320K), 0.1517430 secs]
7776.868: [GC 1712243K->1501686K(2536448K), 0.0606800 secs]
7846.814: [GC 1716086K->1551466K(2536128K), 0.1364540 secs]
7902.931: [GC 1765290K->1645123K(2533120K), 0.2048490 secs]
7969.474: [GC 1858418K->1679657K(2533632K), 0.1026690 secs]
8066.299: [GC 1890665K->1713846K(2534912K), 0.1438720 secs]
8130.866: [GC 1893766K->1745498K(2509696K), 0.1749500 secs]
8184.941: [GC 1924898K->1846434K(2516416K), 0.1469180 secs]
8291.741: [GC 2016772K->1870285K(2522112K), 0.1393180 secs]
8345.827: [GC 2054209K->1963977K(2507136K), 0.2445890 secs]
8402.998: [GC 2145880K->2002758K(2517760K), 0.0923490 secs]
8470.757: [GC 2185158K->2027150K(2519296K), 0.1577310 secs]
8561.217: [GC 2209550K->2058075K(2519488K), 0.1136250 secs]
8613.987: [GC 2238463K->2089423K(2520832K), 0.1135900 secs]
8668.601: [GC 2275719K->2151819K(2522176K), 0.1342840 secs]
8774.941: [GC 2342603K->2182963K(2523392K), 0.1082550 secs]
8829.634: [GC 2350101K->2214403K(2524224K), 0.1375890 secs]
8829.771: [Full GC 2214403K->1349372K(2524224K), 2.0289280 secs]
8884.457: [GC 1543641K->1451132K(2518912K), 0.1119490 secs]
8988.378: [GC 1644156K->1537193K(2521920K), 0.1291130 secs]
9094.864: [GC 1728431K->1603860K(2512896K), 0.1359710 secs]
9148.813: [GC 1794196K->1662217K(2518464K), 0.1353500 secs]
9257.720: [GC 1850839K->1693640K(2506432K), 0.1069190 secs]
9310.419: [GC 1881352K->1787253K(2515392K), 0.1592980 secs]
9404.059: [GC 1973685K->1818705K(2504064K), 0.1025800 secs]
9461.250: [GC 2003856K->1912446K(2511808K), 0.1576170 secs]
9564.095: [GC 2095958K->1945721K(2503744K), 0.1388150 secs]
9613.877: [GC 2128377K->2037349K(2508480K), 0.2309790 secs]
9718.700: [GC 2203114K->2068641K(2499392K), 0.1019240 secs]
9770.523: [GC 2244416K->2169761K(2506944K), 0.1639680 secs]
9871.961: [GC 2333612K->2193574K(2496896K), 0.1361880 secs]
9872.097: [Full GC 2193574K->726498K(2179776K), 1.4617660 secs]
9924.736: [GC 904153K->789543K(2186688K), 0.0620900 secs]
10024.610: [GC 965990K->821383K(2177152K), 0.0968480 secs]
10075.236: [GC 996615K->852379K(2183296K), 0.0923070 secs]
10130.489: [GC 1026459K->946135K(2174720K), 0.1704760 secs]
10184.535: [GC 1113422K->977507K(2180096K), 0.0874370 secs]
10239.425: [GC 1149283K->1008999K(2172864K), 0.0832580 secs]
10346.569: [GC 1177875K->1044187K(2178880K), 0.1065880 secs]
10398.892: [GC 1213715K->1102571K(2170624K), 0.1290220 secs]
10495.296: [GC 1271019K->1133896K(2174848K), 0.0859100 secs]
10558.111: [GC 1274012K->1165564K(2169024K), 0.1329090 secs]
10613.178: [GC 1331826K->1259216K(2171712K), 0.2055990 secs]
10679.657: [GC 1424400K->1259176K(2166912K), 0.0601150 secs]
10774.131: [GC 1414204K->1290796K(2168832K), 0.1326840 secs]
10830.108: [GC 1453927K->1353204K(2165248K), 0.1750220 secs]
10900.525: [GC 1515316K->1384216K(2166208K), 0.1170370 secs]
10990.411: [GC 1541352K->1418191K(2165568K), 0.1007440 secs]
11045.367: [GC 1548000K->1447354K(2164608K), 0.1061060 secs]
11099.414: [GC 1578630K->1478638K(2161152K), 0.1253750 secs]
11154.538: [GC 1636770K->1572554K(2161984K), 0.1740300 secs]
11203.831: [GC 1725541K->1642770K(2159744K), 0.2123830 secs]
11257.984: [GC 1798994K->1674354K(2160064K), 0.1050210 secs]
11315.302: [GC 1829618K->1706647K(2159168K), 0.1117250 secs]
11378.144: [GC 1860941K->1741900K(2159552K), 0.1135140 secs]
11425.353: [GC 1895298K->1800103K(2159168K), 0.1127720 secs]
11475.639: [GC 1952615K->1831335K(2159488K), 0.1541550 secs]
11481.873: [GC 1953621K->1859344K(2160064K), 0.1675350 secs]
11532.548: [GC 2010952K->1952986K(2176768K), 0.2479260 secs]
11532.796: [Full GC 1952986K->1175678K(2493888K), 1.7762720 secs]
11565.665: [GC 1337811K->1203894K(2494400K), 0.0546280 secs]
11592.662: [GC 1372790K->1247306K(2513472K), 0.1242720 secs]
11639.779: [GC 1433503K->1289415K(2501440K), 0.1431830 secs]
11684.407: [GC 1475779K->1357479K(2511040K), 0.1649390 secs]
11742.072: [GC 1527322K->1376439K(2495744K), 0.1046100 secs]
11750.600: [GC 1560048K->1474007K(2509696K), 0.1243260 secs]
11802.641: [GC 1665092K->1555024K(2511552K), 0.1832630 secs]
11843.751: [GC 1736902K->1582016K(2497024K), 0.0922520 secs]
11898.128: [GC 1762624K->1613072K(2495680K), 0.0914800 secs]
11928.853: [GC 1792453K->1672196K(2503616K), 0.1917270 secs]
11994.517: [GC 1850372K->1703274K(2496768K), 0.1742380 secs]
12017.540: [GC 1880227K->1793583K(2500992K), 0.1898960 secs]
12072.896: [GC 1968469K->1821208K(2494400K), 0.1064770 secs]
12100.019: [GC 1994313K->1915212K(2499776K), 0.1445170 secs]
12142.644: [GC 2079673K->1939104K(2488704K), 0.1476840 secs]
12182.217: [GC 2111381K->1998169K(2496320K), 0.1314830 secs]
12202.554: [GC 2169305K->2025420K(2486208K), 0.1717510 secs]
12239.008: [GC 2192806K->2106576K(2494400K), 0.2106540 secs]
12291.431: [GC 2273356K->2122274K(2486720K), 0.2319910 secs]
12329.816: [GC 2289115K->2180087K(2492288K), 0.2142250 secs]
12347.967: [GC 2345847K->2211351K(2493440K), 0.1710240 secs]
12348.138: [Full GC 2211351K->1374293K(2493440K), 1.9899660 secs]
12403.278: [GC 1511610K->1402761K(2479744K), 0.0631490 secs]
12433.045: [GC 1567491K->1489353K(2478848K), 0.1602460 secs]
12460.535: [GC 1653065K->1493165K(2487104K), 0.0632100 secs]
12511.068: [GC 1627974K->1520557K(2480320K), 0.1233070 secs]
12521.877: [GC 1681728K->1579407K(2484800K), 0.1156660 secs]
12565.122: [GC 1740047K->1607247K(2474624K), 0.1658170 secs]
12579.554: [GC 1766927K->1650651K(2482304K), 0.1357770 secs]
12620.685: [GC 1807886K->1721770K(2483776K), 0.1383610 secs]
12675.832: [GC 1878058K->1765559K(2484992K), 0.1656210 secs]
12698.840: [GC 1920183K->1789047K(2464384K), 0.0662640 secs]
12770.769: [GC 1942233K->1797022K(2483200K), 0.0833460 secs]
12892.200: [GC 1949086K->1825113K(2483968K), 0.0897670 secs]
13519.244: [GC 1976281K->1826594K(2483904K), 0.1126830 secs]
14163.363: [GC 1975778K->1827154K(2485056K), 0.1810780 secs]
14741.842: [GC 1975506K->1791419K(2484480K), 0.0891820 secs]
14762.413: [GC 1937528K->1886626K(2466496K), 0.2098010 secs]
14795.262: [GC 2031906K->1918287K(2484160K), 0.1697560 secs]
14817.628: [GC 2062730K->2013861K(2464640K), 0.2113080 secs]
14838.438: [GC 2151468K->2085084K(2481920K), 0.1441310 secs]
14878.219: [GC 2212184K->2109438K(2459520K), 0.1352890 secs]
14898.554: [GC 2250226K->2173369K(2483008K), 0.2071150 secs]
14938.859: [GC 2315769K->2205091K(2460416K), 0.1218920 secs]
14938.981: [Full GC 2205091K->389131K(1733952K), 1.4365700 secs]
14960.213: [GC 530753K->484841K(1747840K), 0.0987740 secs]
14981.908: [GC 625596K->516853K(1732288K), 0.1152010 secs]
15020.384: [GC 633115K->580459K(1744000K), 0.1189590 secs]
15035.146: [GC 719722K->644163K(1730624K), 0.0880360 secs]
15055.721: [GC 781210K->683523K(1742400K), 0.1116450 secs]
15097.115: [GC 813986K->707937K(1728256K), 0.1089850 secs]
15119.789: [GC 830947K->803450K(1737600K), 0.1050380 secs]
15143.385: [GC 938740K->867050K(1726656K), 0.1289300 secs]
15166.505: [GC 1001102K->898958K(1734144K), 0.1584870 secs]
15207.401: [GC 1031046K->962904K(1725568K), 0.1022580 secs]
15226.716: [GC 1096017K->1058406K(1731136K), 0.1355340 secs]
15246.180: [GC 1190218K->1097737K(1732032K), 0.1121840 secs]
15289.573: [GC 1222803K->1153938K(1731008K), 0.1684970 secs]
15311.595: [GC 1253550K->1249423K(1722432K), 0.1885100 secs]
15410.477: [GC 1379727K->1249648K(1728192K), 0.0769700 secs]
15788.022: [GC 1379248K->1251150K(1728896K), 0.0634430 secs]
16501.282: [GC 1380046K->1252027K(1730176K), 0.0751460 secs]
17102.947: [GC 1377659K->1252819K(1732800K), 0.0434190 secs]
17638.271: [GC 1377811K->1253748K(1733760K), 0.0507080 secs]
18155.669: [GC 1377716K->1253972K(1687040K), 0.0423510 secs]
18540.181: [GC 1349238K->1254156K(1733952K), 0.0787630 secs]
18540.260: [Full GC 1254156K->73701K(1733952K), 0.7538940 secs]
18643.494: [GC 179521K->93765K(1702848K), 0.0271680 secs]
18662.972: [GC 195620K->123832K(1724736K), 0.0515560 secs]
18681.622: [GC 227797K->155672K(1727232K), 0.0572450 secs]
18700.800: [GC 252483K->187486K(1727808K), 0.0689380 secs]
18721.472: [GC 287208K->219441K(1728896K), 0.0712440 secs]
18742.037: [GC 338673K->251476K(1729216K), 0.0756280 secs]
18762.772: [GC 368437K->283264K(1710400K), 0.0745210 secs]
18783.789: [GC 383068K->315063K(1729408K), 0.1029120 secs]
18803.843: [GC 414541K->346975K(1709312K), 0.0751690 secs]
18824.986: [GC 446927K->378794K(1727488K), 0.0768350 secs]
18845.012: [GC 477495K->442496K(1708032K), 0.1294100 secs]
18865.759: [GC 546966K->506178K(1725312K), 0.0935060 secs]
18885.668: [GC 620596K->539052K(1707840K), 0.0734080 secs]
18905.732: [GC 639797K->569861K(1722816K), 0.0822720 secs]
18920.782: [GC 667849K->601695K(1705664K), 0.0890690 secs]
18943.057: [GC 700470K->665397K(1720000K), 0.1254760 secs]
18962.946: [GC 763851K->697236K(1704640K), 0.1059430 secs]
18985.655: [GC 800072K->760899K(1717184K), 0.1182070 secs]
19008.720: [GC 863741K->792784K(1703552K), 0.1032050 secs]
19031.204: [GC 902470K->824680K(1714560K), 0.0960220 secs]
19054.242: [GC 927474K->888335K(1702528K), 0.0918600 secs]
19074.145: [GC 988675K->952013K(1712000K), 0.1087080 secs]
19096.734: [GC 1059590K->1015745K(1701568K), 0.0894050 secs]
19118.195: [GC 1116954K->1047595K(1709632K), 0.1197210 secs]
19137.642: [GC 1147045K->1111267K(1700544K), 0.1017430 secs]
19159.626: [GC 1213194K->1143124K(1707584K), 0.0957400 secs]
19181.788: [GC 1250482K->1208877K(1701760K), 0.1056030 secs]
19203.452: [GC 1316329K->1238678K(1706176K), 0.0917370 secs]
19224.449: [GC 1345568K->1302468K(1698880K), 0.1043750 secs]
19250.896: [GC 1409028K->1366070K(1704128K), 0.1293520 secs]
19274.518: [GC 1472182K->1429790K(1697920K), 0.1166370 secs]
19297.167: [GC 1535206K->1462613K(1702976K), 0.0965030 secs]
19317.805: [GC 1567829K->1525243K(1696960K), 0.1685620 secs]
19317.974: [Full GC 1525243K->1143031K(2389632K), 1.4062690 secs]
19342.428: [GC 1247799K->1175018K(2393216K), 0.0531110 secs]
19364.758: [GC 1279338K->1238690K(2388608K), 0.0923180 secs]
19383.496: [GC 1342562K->1302576K(2391744K), 0.1178100 secs]
19388.908: [GC 1406000K->1334607K(2392512K), 0.1051200 secs]
19409.864: [GC 1438015K->1366661K(2406144K), 0.0825410 secs]
19464.312: [GC 1485125K->1430140K(2402944K), 0.0986390 secs]
19486.280: [GC 1545037K->1462024K(2404352K), 0.1027940 secs]
19510.028: [GC 1565424K->1525698K(2401664K), 0.1057600 secs]
19530.926: [GC 1627693K->1589372K(2402752K), 0.0977590 secs]
19552.685: [GC 1692815K->1621243K(2400512K), 0.1591600 secs]
19574.579: [GC 1725320K->1653099K(2401216K), 0.1046390 secs]
19597.512: [GC 1757034K->1684956K(2399360K), 0.1019300 secs]
19618.913: [GC 1788348K->1716805K(2399808K), 0.1111100 secs]
19638.397: [GC 1825161K->1748686K(2398208K), 0.1465590 secs]
19658.938: [GC 1850640K->1780521K(2398400K), 0.1053010 secs]
19681.797: [GC 1885317K->1844207K(2397184K), 0.1665910 secs]
19705.242: [GC 1949290K->1876066K(2397312K), 0.1819560 secs]
19727.689: [GC 1980463K->1939754K(2397888K), 0.2364840 secs]
19750.020: [GC 2044319K->2003426K(2414080K), 0.1832490 secs]
19772.979: [GC 2108242K->2067104K(2414080K), 0.1645650 secs]
19794.606: [GC 2171619K->2098967K(2432704K), 0.1869050 secs]
19815.817: [GC 2245846K->2162643K(2432640K), 0.1880640 secs]
19839.356: [GC 2308804K->2202113K(2450368K), 0.1576030 secs]
19839.513: [Full GC 2202113K->1883244K(2484160K), 2.2109980 secs]
19886.346: [GC 2040219K->1916349K(2483200K), 0.1257500 secs]
19909.130: [GC 2079869K->1979940K(2485504K), 0.1735700 secs]
19952.689: [GC 2137735K->2043630K(2480128K), 0.1238340 secs]
19973.777: [GC 2204968K->2107324K(2483136K), 0.1070630 secs]
20011.761: [GC 2258540K->2171165K(2478080K), 0.1822900 secs]
20033.061: [GC 2330320K->2266695K(2480704K), 0.2022440 secs]
20033.264: [Full GC 2266695K->1058325K(2399104K), 1.8420120 secs]
20075.954: [GC 1215327K->1090798K(2394496K), 0.0585290 secs]
20096.483: [GC 1247842K->1154506K(2396800K), 0.1006240 secs]
20136.319: [GC 1310538K->1218383K(2392384K), 0.1243940 secs]
20157.370: [GC 1373390K->1313821K(2394432K), 0.1532970 secs]
20177.775: [GC 1462565K->1345769K(2390336K), 0.0794860 secs]
20218.630: [GC 1498772K->1377633K(2392192K), 0.1231570 secs]
20237.911: [GC 1529750K->1473080K(2388352K), 0.1424610 secs]
20286.368: [GC 1624248K->1504631K(2389568K), 0.1356020 secs]
20307.923: [GC 1627024K->1536814K(2386432K), 0.1005220 secs]
20327.966: [GC 1686062K->1632317K(2389888K), 0.1572300 secs]
20351.164: [GC 1781757K->1696251K(2385984K), 0.1028710 secs]
20390.624: [GC 1818079K->1759686K(2386560K), 0.1306650 secs]
20412.294: [GC 1907330K->1855179K(2383936K), 0.1494870 secs]
20437.094: [GC 2000657K->1887675K(2384896K), 0.0808240 secs]
20486.541: [GC 2033531K->1918914K(2382208K), 0.1382570 secs]
20511.950: [GC 2047564K->1950946K(2382592K), 0.1055020 secs]
20539.627: [GC 2095002K->2046414K(2380672K), 0.1456740 secs]
20564.804: [GC 2186654K->2078329K(2380736K), 0.1493300 secs]
20590.450: [GC 2220729K->2110472K(2379200K), 0.1432430 secs]
20590.593: [Full GC 2110472K->1855634K(2460800K), 1.4644560 secs]
20616.524: [GC 1997164K->1898077K(2458944K), 0.0730800 secs]
20645.161: [GC 2034510K->1961512K(2461568K), 0.1161770 secs]
20695.849: [GC 2098792K->1993067K(2462080K), 0.1096570 secs]
20724.638: [GC 2120927K->2025171K(2462784K), 0.1831610 secs]
20751.857: [GC 2140740K->2057032K(2460672K), 0.1148740 secs]
20778.990: [GC 2168185K->2088951K(2452544K), 0.1375900 secs]
20802.391: [GC 2198367K->2120810K(2457728K), 0.1003710 secs]
20823.900: [GC 2237153K->2152693K(2451008K), 0.1078830 secs]
20845.541: [GC 2263729K->2184496K(2455168K), 0.1559140 secs]
20864.609: [GC 2292643K->2216582K(2449600K), 0.1375060 secs]
20887.700: [GC 2326993K->2248534K(2452800K), 0.1229040 secs]
20887.823: [Full GC 2248534K->941810K(2203392K), 1.6374690 secs]
20913.475: [GC 1053168K->974379K(2198656K), 0.0631240 secs]
20924.883: [GC 1103339K->1011221K(2202112K), 0.1290500 secs]
20968.261: [GC 1138835K->1074821K(2196480K), 0.1070940 secs]
20996.196: [GC 1192998K->1138444K(2199936K), 0.1020410 secs]
21014.095: [GC 1247725K->1202134K(2194944K), 0.1132200 secs]
21035.605: [GC 1310974K->1265812K(2200320K), 0.1626450 secs]
21057.518: [GC 1374629K->1329512K(2194752K), 0.0901770 secs]
21068.440: [GC 1454760K->1398009K(2199296K), 0.1115460 secs]
21117.156: [GC 1523640K->1461595K(2194432K), 0.0992780 secs]
21152.481: [GC 1586481K->1493916K(2196096K), 0.0858610 secs]
21181.073: [GC 1611959K->1557356K(2193216K), 0.1261270 secs]
21203.581: [GC 1669537K->1621035K(2194368K), 0.1269670 secs]
21225.810: [GC 1741110K->1684786K(2192000K), 0.0994840 secs]
21251.566: [GC 1797445K->1748445K(2192704K), 0.1325380 secs]
21274.357: [GC 1861174K->1780305K(2190656K), 0.1113860 secs]
21296.359: [GC 1897319K->1780355K(2191040K), 0.0794200 secs]
21319.797: [GC 1892427K->1812182K(2189376K), 0.0806550 secs]
21341.115: [GC 1930671K->1875906K(2189568K), 0.1429680 secs]
21364.396: [GC 1989909K->1907729K(2188160K), 0.1020940 secs]
21388.330: [GC 2021299K->1971409K(2188224K), 0.1281140 secs]
21388.458: [Full GC 1971409K->1589216K(2437632K), 1.2799850 secs]
21411.205: [GC 1702256K->1621616K(2436416K), 0.0829610 secs]
21431.628: [GC 1732376K->1685294K(2436032K), 0.1304050 secs]
21454.238: [GC 1801037K->1685342K(2435200K), 0.0616810 secs]
21474.584: [GC 1801566K->1749416K(2435008K), 0.1244790 secs]
21499.210: [GC 1863975K->1782119K(2435008K), 0.0922730 secs]
21520.242: [GC 1896831K->1845799K(2430080K), 0.1157940 secs]
21536.719: [GC 1956004K->1876680K(2428672K), 0.0989910 secs]
21553.292: [GC 1986376K->1940356K(2434304K), 0.1360950 secs]
21575.828: [GC 2049540K->2003766K(2434752K), 0.1507100 secs]
21580.125: [GC 2112950K->2068014K(2447808K), 0.1582160 secs]
21619.392: [GC 2190382K->2131510K(2447872K), 0.1558790 secs]
21640.547: [GC 2253878K->2195449K(2465024K), 0.1731100 secs]
21640.720: [Full GC 2195449K->1354608K(2465024K), 1.9482950 secs]
21666.532: [GC 1474539K->1387112K(2465408K), 0.0846510 secs]
21689.226: [GC 1503393K->1450794K(2482624K), 0.1925690 secs]
21709.889: [GC 1608867K->1514487K(2482880K), 0.1506280 secs]
21733.644: [GC 1672567K->1546690K(2501440K), 0.1512590 secs]
21775.954: [GC 1724226K->1610019K(2502016K), 0.1544330 secs]
21818.993: [GC 1787555K->1641699K(2519488K), 0.1572330 secs]
21844.383: [GC 1838748K->1705576K(2520896K), 0.1044700 secs]
21887.949: [GC 1902631K->1801124K(2534208K), 0.2461070 secs]
21933.500: [GC 1997338K->1864810K(2528512K), 0.1190260 secs]
21963.500: [GC 2074346K->1959782K(2528000K), 0.1689080 secs]
22005.777: [GC 2167462K->2024052K(2524928K), 0.1225890 secs]
22051.116: [GC 2229934K->2119552K(2524352K), 0.1907870 secs]
22096.918: [GC 2322710K->2153454K(2523456K), 0.1823590 secs]
22122.443: [GC 2355822K->2215156K(2521216K), 0.1901330 secs]
22122.633: [Full GC 2215156K->1700118K(2521216K), 2.2797100 secs]
22165.998: [GC 1900749K->1764796K(2518336K), 0.1391660 secs]
22212.322: [GC 1946169K->1796788K(2517632K), 0.1027930 secs]
22235.712: [GC 1993967K->1868129K(2519488K), 0.2034170 secs]
22282.158: [GC 2065304K->1924288K(2515200K), 0.1628520 secs]
22327.942: [GC 2119744K->1956200K(2513216K), 0.1401460 secs]
22349.743: [GC 2149981K->2051630K(2520064K), 0.2000940 secs]
22389.578: [GC 2219262K->2051744K(2511552K), 0.0843450 secs]
22410.629: [GC 2239217K->2122902K(2515200K), 0.1401880 secs]
22452.310: [GC 2288440K->2147309K(2506880K), 0.1404970 secs]
22473.077: [GC 2328210K->2210931K(2516672K), 0.1527810 secs]
22473.230: [Full GC 2210931K->1281910K(2516672K), 1.8802190 secs]
22515.252: [GC 1451996K->1322099K(2515136K), 0.0875750 secs]
22536.151: [GC 1503333K->1385884K(2515584K), 0.1553380 secs]
22579.715: [GC 1555574K->1417748K(2516288K), 0.1064360 secs]
22601.603: [GC 1597579K->1481513K(2511936K), 0.1374390 secs]
22645.492: [GC 1653039K->1513503K(2498880K), 0.0940380 secs]
22667.983: [GC 1693020K->1577176K(2506816K), 0.1290420 secs]
22713.764: [GC 1752739K->1609036K(2496064K), 0.1045370 secs]
22738.885: [GC 1785738K->1672690K(2502272K), 0.1555430 secs]
22786.070: [GC 1848050K->1704856K(2493760K), 0.1022350 secs]
22811.183: [GC 1878862K->1768443K(2498368K), 0.1376070 secs]
22855.880: [GC 1941115K->1799969K(2490688K), 0.0971770 secs]
22884.974: [GC 1941728K->1832129K(2494400K), 0.1518460 secs]
22910.753: [GC 2002177K->1895783K(2488448K), 0.1479370 secs]
22959.149: [GC 2064551K->1927325K(2490688K), 0.1610980 secs]
22989.805: [GC 2073275K->1959645K(2486144K), 0.1006930 secs]
23017.761: [GC 2125907K->2023275K(2487936K), 0.1493080 secs]
23046.067: [GC 2188331K->2055498K(2484096K), 0.1043870 secs]
23103.243: [GC 2212090K->2087021K(2484992K), 0.1036900 secs]
23128.387: [GC 2249638K->2150666K(2481344K), 0.1649500 secs]
23153.618: [GC 2312004K->2221919K(2481344K), 0.1719680 secs]
23153.791: [Full GC 2221919K->1735830K(2481344K), 2.3166200 secs]
23212.244: [GC 1893590K->1775638K(2483904K), 0.0878350 secs]
23243.134: [GC 1926215K->1808125K(2484160K), 0.1540450 secs]
23270.281: [GC 1931528K->1839968K(2485184K), 0.1365980 secs]
23298.726: [GC 1964997K->1871812K(2485568K), 0.1368700 secs]
23327.760: [GC 1997660K->1903647K(2478016K), 0.1405540 secs]
23358.157: [GC 2027942K->1935490K(2485696K), 0.1342030 secs]
23390.623: [GC 2059159K->1967429K(2476032K), 0.1024510 secs]
23421.228: [GC 2091123K->1999392K(2484672K), 0.1536070 secs]
23452.249: [GC 2123964K->2031675K(2474624K), 0.1053950 secs]
23481.317: [GC 2155524K->2063526K(2483072K), 0.1245310 secs]
23508.726: [GC 2188807K->2095380K(2472704K), 0.1361440 secs]
23534.636: [GC 2227415K->2127308K(2481024K), 0.1368110 secs]
23565.431: [GC 2252578K->2159223K(2470912K), 0.1079330 secs]
23598.684: [GC 2285665K->2191178K(2478784K), 0.1172950 secs]
23624.267: [GC 2323363K->2223174K(2469312K), 0.1569290 secs]
23652.473: [GC 2354158K->2255151K(2476224K), 0.1234290 secs]
23652.597: [Full GC 2255151K->963234K(2084736K), 1.7303010 secs]
23682.538: [GC 1091633K->997407K(2068352K), 0.0943990 secs]
23708.943: [GC 1125882K->1029426K(2081472K), 0.1399830 secs]
23736.501: [GC 1157513K->1061650K(2067136K), 0.1734470 secs]
23763.935: [GC 1187629K->1093549K(2078080K), 0.0950030 secs]
23791.075: [GC 1218632K->1125392K(2065408K), 0.0988630 secs]
23819.759: [GC 1251292K->1157235K(2074944K), 0.1422400 secs]
23847.295: [GC 1282429K->1189190K(2063744K), 0.1194630 secs]
23876.239: [GC 1314362K->1221036K(2071680K), 0.1252710 secs]
23903.417: [GC 1347520K->1252888K(2062080K), 0.1178830 secs]
23930.543: [GC 1380499K->1284739K(2068864K), 0.1457800 secs]
23956.529: [GC 1411742K->1316590K(2060480K), 0.1134250 secs]
23981.703: [GC 1444156K->1348413K(2066048K), 0.1018360 secs]
24008.879: [GC 1477445K->1382436K(2060992K), 0.1709300 secs]
24035.135: [GC 1510490K->1413255K(2063616K), 0.0896130 secs]
24060.914: [GC 1540339K->1445062K(2057408K), 0.1007060 secs]
24085.475: [GC 1571214K->1476393K(2061568K), 0.1217250 secs]
24110.788: [GC 1602511K->1507858K(2054208K), 0.1107920 secs]
24135.616: [GC 1633362K->1539937K(2059776K), 0.1258620 secs]
24161.577: [GC 1664673K->1571805K(2052864K), 0.0963200 secs]
24187.586: [GC 1695773K->1603604K(2057600K), 0.0933310 secs]
24213.646: [GC 1726804K->1635617K(2051392K), 0.1550640 secs]
24237.290: [GC 1758049K->1667320K(2055616K), 0.1298210 secs]
24260.740: [GC 1789048K->1699103K(2049728K), 0.1276150 secs]
24277.473: [GC 1820127K->1730662K(2053824K), 0.1259880 secs]
24289.985: [GC 1850982K->1763580K(2054720K), 0.1091230 secs]
24316.931: [GC 1883864K->1827490K(2067136K), 0.1223200 secs]
24340.064: [GC 1961826K->1827468K(2062464K), 0.1221690 secs]
24366.859: [GC 1960908K->1859505K(2064320K), 0.1073500 secs]
24409.018: [GC 1992049K->1890514K(2059584K), 0.1453780 secs]
24409.164: [Full GC 1890514K->1890489K(2451072K), 0.7845990 secs]
24423.996: [GC 2022201K->1922980K(2454208K), 0.1326990 secs]
24438.198: [GC 2053796K->1955719K(2449856K), 0.1414070 secs]
24461.258: [GC 2085639K->1987650K(2451840K), 0.1400390 secs]
24483.513: [GC 2116738K->2019470K(2452928K), 0.1730120 secs]
24524.739: [GC 2148558K->2050147K(2446784K), 0.1792300 secs]
24536.147: [GC 2178403K->2081978K(2464768K), 0.1570110 secs]
24572.585: [GC 2223098K->2146524K(2470016K), 0.2011270 secs]
24597.283: [GC 2286272K->2210123K(2469824K), 0.2219220 secs]
24622.195: [GC 2338495K->2273839K(2490240K), 0.2886720 secs]
24622.484: [Full GC 2273839K->870634K(2034240K), 1.6907710 secs]
24649.225: [GC 1037674K->935166K(2033984K), 0.0990670 secs]
24673.489: [GC 1102131K->1006461K(2051072K), 0.1452100 secs]
24717.120: [GC 1179981K->1030729K(2046016K), 0.0564550 secs]
24740.458: [GC 1213436K->1126244K(2053440K), 0.1860690 secs]
24766.176: [GC 1309220K->1159014K(2053184K), 0.1507720 secs]
24807.001: [GC 1315666K->1222033K(2044736K), 0.1285660 secs]
24828.610: [GC 1403470K->1285717K(2043200K), 0.1226340 secs]
24856.975: [GC 1465621K->1348587K(2036032K), 0.1088850 secs]
24902.964: [GC 1507963K->1381281K(2040256K), 0.1089540 secs]
24930.031: [GC 1558233K->1444965K(2048192K), 0.1827630 secs]
24957.134: [GC 1620453K->1509176K(2037888K), 0.1613390 secs]
25003.478: [GC 1677595K->1572360K(2044992K), 0.1155300 secs]
25027.260: [GC 1745023K->1636087K(2034560K), 0.1248860 secs]
25053.365: [GC 1807315K->1707919K(2042240K), 0.1688390 secs]
25100.169: [GC 1876495K->1731767K(2030720K), 0.1043440 secs]
25127.101: [GC 1868651K->1763483K(2038464K), 0.1130620 secs]
25127.215: [Full GC 1763483K->1540447K(2494464K), 1.3422570 secs]
25153.683: [GC 1678927K->1573392K(2484096K), 0.0721270 secs]
25179.816: [GC 1711447K->1605369K(2490240K), 0.1068130 secs]
25208.417: [GC 1768629K->1701066K(2481536K), 0.1172330 secs]
25235.412: [GC 1863049K->1733222K(2486720K), 0.0792290 secs]
25258.037: [GC 1893926K->1797383K(2479232K), 0.1875620 secs]
25306.746: [GC 1956807K->1860341K(2482944K), 0.1686130 secs]
25328.640: [GC 2011579K->1892450K(2476288K), 0.1383750 secs]
25349.329: [GC 2021841K->1956126K(2483648K), 0.2331730 secs]
25368.203: [GC 2092159K->1988061K(2483072K), 0.1447790 secs]
25388.717: [GC 2116894K->2019860K(2502656K), 0.1856580 secs]
25411.831: [GC 2197908K->2083556K(2502592K), 0.2259950 secs]
25436.330: [GC 2261600K->2147921K(2526208K), 0.2570910 secs]
25483.797: [GC 2349964K->2242751K(2526080K), 0.2294010 secs]
25484.027: [Full GC 2242751K->1410370K(2526080K), 2.0317200 secs]
25533.134: [GC 1612418K->1442853K(2534400K), 0.1042220 secs]
25562.011: [GC 1653852K->1538698K(2534208K), 0.1755110 secs]
25613.740: [GC 1749488K->1602538K(2528512K), 0.1866960 secs]
25640.857: [GC 1805233K->1697943K(2526464K), 0.1436860 secs]
25691.730: [GC 1897946K->1761628K(2525056K), 0.1741540 secs]
25718.266: [GC 1966692K->1864647K(2525376K), 0.1708220 secs]
25771.637: [GC 2061072K->1889015K(2525632K), 0.1031940 secs]
25800.282: [GC 2087761K->1984545K(2519040K), 0.1766420 secs]
25851.673: [GC 2184225K->2048665K(2522112K), 0.1750830 secs]
25879.556: [GC 2226607K->2112068K(2515648K), 0.1431080 secs]
25906.019: [GC 2300658K->2175918K(2518336K), 0.1609030 secs]
25935.784: [GC 2347083K->2208305K(2512832K), 0.1294960 secs]
25935.913: [Full GC 2208305K->1475000K(2512832K), 2.0503130 secs]
25964.753: [GC 1667704K->1539659K(2514496K), 0.1071180 secs]
25998.350: [GC 1730635K->1604234K(2509504K), 0.1328140 secs]
26049.245: [GC 1793482K->1667611K(2511040K), 0.1651200 secs]
26075.886: [GC 1855191K->1730914K(2505344K), 0.1331930 secs]
26106.866: [GC 1916834K->1794641K(2506944K), 0.1939010 secs]
26169.572: [GC 1978961K->1858707K(2502592K), 0.1278200 secs]
26205.986: [GC 2041427K->1954011K(2503424K), 0.1642010 secs]
26234.476: [GC 2135102K->2025196K(2503744K), 0.1426020 secs]
26289.379: [GC 2204844K->2049147K(2503808K), 0.0748910 secs]
26317.664: [GC 2227259K->2081929K(2496576K), 0.1238030 secs]
26342.064: [GC 2258569K->2177207K(2501120K), 0.1638320 secs]
26342.228: [Full GC 2177207K->1347553K(2501120K), 1.9280630 secs]
26369.753: [GC 1522721K->1380450K(2493184K), 0.0763710 secs]
26415.659: [GC 1554146K->1411472K(2496832K), 0.0988610 secs]
26443.563: [GC 1583520K->1445920K(2492032K), 0.1347690 secs]
26469.334: [GC 1616672K->1508697K(2494912K), 0.1644950 secs]
26493.269: [GC 1678035K->1540796K(2488576K), 0.1194340 secs]
26518.845: [GC 1708732K->1573410K(2492672K), 0.1087300 secs]
26561.031: [GC 1739938K->1604733K(2486080K), 0.1045210 secs]
26584.158: [GC 1746527K->1636427K(2489408K), 0.0985150 secs]
26607.427: [GC 1771937K->1668270K(2483264K), 0.1340610 secs]
26632.178: [GC 1802382K->1700117K(2485824K), 0.1415910 secs]
26655.789: [GC 1834244K->1731988K(2480000K), 0.1107200 secs]
26680.458: [GC 1872856K->1763852K(2482112K), 0.1543290 secs]
26706.522: [GC 1907439K->1795691K(2477120K), 0.1656670 secs]
26731.115: [GC 1931423K->1827530K(2482752K), 0.1491140 secs]
26755.574: [GC 1969026K->1859401K(2482240K), 0.1801350 secs]
26778.317: [GC 1994551K->1891202K(2498496K), 0.1179510 secs]
26802.552: [GC 2067010K->1954916K(2499200K), 0.1420080 secs]
26828.239: [GC 2128015K->1994230K(2514880K), 0.1531980 secs]
26876.613: [GC 2186102K->2018723K(2509696K), 0.0971490 secs]
26901.761: [GC 2208794K->2114125K(2513152K), 0.1592700 secs]
26930.056: [GC 2302477K->2178406K(2506752K), 0.1607440 secs]
27731.764: [GC 2365030K->2209507K(2508992K), 0.1088130 secs]
27731.873: [Full GC 2209507K->584779K(1719744K), 1.5530540 secs]
28927.477: [GC 767115K->587524K(1722368K), 0.0400940 secs]
30744.896: [GC 768196K->588477K(1723392K), 0.0370100 secs]
31333.122: [GC 682145K->589181K(1724992K), 0.0318830 secs]
31333.154: [Full GC 589181K->74040K(1724992K), 0.8135220 secs]
32252.624: [GC 253048K->76185K(1723584K), 0.0175610 secs]
32652.975: [GC 253593K->78517K(1677568K), 0.0319380 secs]
32673.723: [GC 254325K->80445K(1717248K), 0.0443890 secs]
32763.401: [GC 241435K->85645K(1681664K), 0.0333440 secs]
32766.962: [GC 258363K->148983K(1709248K), 0.0981220 secs]
32804.093: [GC 314806K->172454K(1714752K), 0.0747750 secs]
32807.899: [GC 336848K->188358K(1719424K), 0.0738930 secs]
32823.231: [GC 348804K->211817K(1714752K), 0.0673800 secs]
32826.664: [GC 372254K->227654K(1689920K), 0.1067130 secs]
32845.697: [GC 331971K->171532K(1702336K), 0.0169940 secs]
32848.579: [GC 295884K->235158K(1681536K), 0.0710380 secs]
32881.282: [GC 339483K->178264K(1692544K), 0.0322030 secs]
33088.229: [GC 283032K->180385K(1689536K), 0.0137080 secs]
33226.446: [GC 285341K->181495K(1603904K), 0.0198800 secs]
33301.464: [GC 285876K->211603K(1680384K), 0.0641610 secs]
33326.417: [GC 315411K->219241K(1615744K), 0.0554030 secs]
33361.984: [GC 322469K->242052K(1668032K), 0.0590710 secs]
33393.131: [GC 344708K->265767K(1615744K), 0.0860060 secs]
33417.478: [GC 366826K->275495K(1661184K), 0.0533420 secs]
33440.088: [GC 376999K->285256K(1634112K), 0.0423280 secs]
33466.890: [GC 386184K->295657K(1661376K), 0.1120290 secs]
33484.011: [GC 392873K->298880K(1664576K), 0.0741420 secs]
33501.851: [GC 395584K->312488K(1665984K), 0.1194710 secs]
33521.832: [GC 408680K->321049K(1620416K), 0.0495900 secs]
33541.527: [GC 416729K->328421K(1655104K), 0.0525480 secs]
33566.668: [GC 423589K->334625K(1619392K), 0.0543830 secs]
33587.121: [GC 429345K->340609K(1650496K), 0.0528800 secs]
33608.139: [GC 434881K->346769K(1652416K), 0.0565690 secs]
33626.878: [GC 440593K->352962K(1650432K), 0.0542330 secs]
33647.109: [GC 444354K->358898K(1652416K), 0.0688680 secs]
33669.578: [GC 449795K->363474K(1651712K), 0.0734030 secs]
33688.335: [GC 449682K->368466K(1656064K), 0.0811620 secs]
33706.568: [GC 454290K->374504K(1657856K), 0.1094350 secs]
33720.948: [GC 456445K->381343K(1629952K), 0.1111400 secs]
33738.219: [GC 463007K->385316K(1652352K), 0.0626350 secs]
33752.003: [GC 465772K->390423K(1612736K), 0.0494360 secs]
33768.164: [GC 471447K->395099K(1651264K), 0.0426110 secs]
33781.635: [GC 475803K->398779K(1603456K), 0.0500070 secs]
33796.395: [GC 478571K->404847K(1647360K), 0.0572320 secs]
33814.403: [GC 484911K->407127K(1601536K), 0.0448850 secs]
33829.999: [GC 486871K->410947K(1643904K), 0.0541580 secs]
33845.451: [GC 490371K->415721K(1600960K), 0.0471000 secs]
33860.289: [GC 494825K->420238K(1639296K), 0.0385710 secs]
33874.724: [GC 499022K->423365K(1604352K), 0.0534150 secs]
33889.336: [GC 501829K->426933K(1632064K), 0.0583520 secs]
33904.326: [GC 505077K->430569K(1607296K), 0.0616020 secs]
33919.904: [GC 508393K->434289K(1627264K), 0.0893670 secs]
33934.949: [GC 511793K->437677K(1601728K), 0.0576160 secs]
33950.314: [GC 514846K->442562K(1624640K), 0.0429430 secs]
33966.875: [GC 519426K->443812K(1598656K), 0.0393800 secs]
33981.903: [GC 520356K->447152K(1622400K), 0.1008800 secs]
33993.620: [GC 523376K->451260K(1594624K), 0.0483960 secs]
34008.082: [GC 527163K->455782K(1622144K), 0.0499040 secs]
34022.781: [GC 531366K->458138K(1588672K), 0.0527900 secs]
34036.106: [GC 533400K->461886K(1620032K), 0.0591510 secs]
34050.846: [GC 536830K->464154K(1584448K), 0.0427850 secs]
34063.584: [GC 538778K->468074K(1619200K), 0.0300000 secs]
34074.896: [GC 542378K->470382K(1584000K), 0.0275250 secs]
34089.514: [GC 544430K->472633K(1616000K), 0.0397510 secs]
34102.104: [GC 546423K->475358K(1588480K), 0.0652390 secs]
34113.807: [GC 548894K->479134K(1610432K), 0.0509330 secs]
34128.948: [GC 552414K->481198K(1593792K), 0.0425440 secs]
34141.277: [GC 554222K->484894K(1611136K), 0.0698610 secs]
34212.021: [GC 557662K->486046K(1594496K), 0.0467700 secs]
34358.522: [GC 558558K->486023K(1607808K), 0.1025200 secs]
34784.475: [GC 558050K->485671K(1593600K), 0.0499870 secs]
34816.668: [GC 557663K->522167K(1603712K), 0.0765500 secs]
34842.845: [GC 578438K->509911K(1590528K), 0.0497150 secs]
34869.426: [GC 577684K->546767K(1602752K), 0.0800600 secs]
34893.385: [GC 608336K->546775K(1605888K), 0.0559460 secs]
34925.510: [GC 611027K->559187K(1607360K), 0.1042350 secs]
34934.016: [GC 587568K->559039K(1608512K), 0.0586560 secs]
34934.075: [Full GC 559039K->461848K(1608512K), 1.1183060 secs]
34981.265: [GC 524120K->474824K(1608640K), 0.0340340 secs]
35010.223: [GC 537736K->486848K(1585024K), 0.0462870 secs]
35035.839: [GC 548439K->499112K(1605312K), 0.0571150 secs]
35063.175: [GC 552790K->511408K(1606976K), 0.0685930 secs]
35090.090: [GC 567090K->523736K(1602816K), 0.0861760 secs]
35115.485: [GC 576955K->536120K(1608256K), 0.0770670 secs]
35134.187: [GC 590285K->548488K(1609152K), 0.0879790 secs]
35140.352: [GC 599870K->573845K(1612608K), 0.0853580 secs]
35160.415: [GC 625035K->561256K(1618752K), 0.0831430 secs]
35180.383: [GC 610045K->573272K(1620032K), 0.0867370 secs]
35195.456: [GC 616912K->593180K(1618304K), 0.1241240 secs]
35229.354: [GC 635860K->610236K(1625280K), 0.0947000 secs]
35265.915: [GC 649027K->610249K(1629888K), 0.0985750 secs]
35266.510: [GC 650207K->617929K(1632512K), 0.1363410 secs]
35299.599: [GC 657923K->622547K(1639808K), 0.0845240 secs]
35333.981: [GC 669971K->623503K(1639936K), 0.0880930 secs]
35334.816: [GC 670871K->642483K(1641920K), 0.1211230 secs]
35370.043: [GC 697835K->659775K(1643520K), 0.1033200 secs]
35389.516: [GC 716223K->661359K(1649856K), 0.0756810 secs]
35393.127: [GC 727535K->684323K(1650688K), 0.0777020 secs]
35422.189: [GC 750499K->709121K(1661632K), 0.0762970 secs]
35450.951: [GC 786881K->721473K(1662272K), 0.0721200 secs]
35476.692: [GC 792757K->734566K(1675648K), 0.0837900 secs]
35532.185: [GC 821231K->758564K(1676096K), 0.0803330 secs]
35561.993: [GC 848291K->795990K(1681280K), 0.0715900 secs]
35592.440: [GC 899478K->808106K(1685376K), 0.0572240 secs]
35646.281: [GC 911594K->833280K(1664512K), 0.0979510 secs]
35839.318: [GC 936191K->833927K(1601088K), 0.0395790 secs]
36249.579: [GC 936263K->835458K(1677504K), 0.0412310 secs]
36583.024: [GC 937218K->835234K(1599680K), 0.0457620 secs]
36726.329: [GC 935612K->835802K(1672640K), 0.0360840 secs]
37126.452: [GC 936467K->836266K(1599680K), 0.0377550 secs]
37390.508: [GC 936426K->837149K(1665728K), 0.0572170 secs]
37393.298: [GC 917942K->844121K(1606528K), 0.0316910 secs]
37396.045: [GC 930906K->923677K(1651520K), 0.1164740 secs]
37397.005: [GC 1009997K->931618K(1664320K), 0.0961380 secs]
37477.737: [GC 1017954K->867672K(1690304K), 0.0269730 secs]
37585.568: [GC 962985K->876057K(1607104K), 0.0352380 secs]
37587.850: [GC 976787K->900570K(1689344K), 0.0660160 secs]
37608.526: [GC 1005274K->905856K(1686656K), 0.0543400 secs]
37652.600: [GC 1010560K->874305K(1694080K), 0.0301290 secs]
37813.031: [GC 989569K->875179K(1692544K), 0.0404930 secs]
37896.091: [GC 990443K->876916K(1700288K), 0.0325440 secs]
38097.784: [GC 1003892K->880818K(1628352K), 0.0627400 secs]
38162.085: [GC 1006962K->878507K(1687680K), 0.0638070 secs]
38241.052: [GC 987712K->877731K(1622912K), 0.0541530 secs]
38275.680: [GC 1001115K->932923K(1677440K), 0.1508400 secs]
38311.697: [GC 1042446K->933166K(1639104K), 0.0633620 secs]
38347.066: [GC 1045886K->990682K(1676032K), 0.0899740 secs]
38368.594: [GC 1085200K->988486K(1684352K), 0.0930180 secs]
38382.423: [GC 1082570K->1016422K(1684416K), 0.1321190 secs]
38405.378: [GC 1108952K->1043832K(1650304K), 0.1193940 secs]
38414.704: [GC 1137273K->1099412K(1691776K), 0.1164210 secs]
38436.978: [GC 1198525K->1154694K(1687296K), 0.1028910 secs]
38447.034: [GC 1248095K->1154909K(1684736K), 0.0760130 secs]
38454.465: [GC 1255197K->1182975K(1686784K), 0.0605260 secs]
38478.793: [GC 1283263K->1237919K(1663232K), 0.1125170 secs]
38485.455: [GC 1337695K->1293071K(1677184K), 0.1108940 secs]
38502.501: [GC 1392804K->1329072K(1680704K), 0.0811100 secs]
38513.358: [GC 1442608K->1379215K(1684096K), 0.1028240 secs]
38531.186: [GC 1492751K->1405795K(1699904K), 0.1338410 secs]
38535.219: [GC 1454460K->1407626K(1702016K), 0.0913430 secs]
38535.310: [Full GC 1407626K->536331K(1702016K), 1.2555110 secs]
38563.133: [GC 656678K->564340K(1703552K), 0.0538890 secs]
38577.012: [GC 697647K->619978K(1703488K), 0.0888400 secs]
38595.686: [GC 747469K->647505K(1702976K), 0.0874510 secs]
38609.480: [GC 779902K->675568K(1657088K), 0.0836270 secs]
38637.645: [GC 807088K->731043K(1691648K), 0.1039950 secs]
38660.477: [GC 861667K->786609K(1655616K), 0.1119000 secs]
38675.696: [GC 900137K->841524K(1684544K), 0.0826720 secs]
38695.364: [GC 970355K->924266K(1688192K), 0.2014940 secs]
38709.706: [GC 1049608K->932098K(1670144K), 0.0680910 secs]
38739.242: [GC 1055751K->980180K(1652864K), 0.1227900 secs]
38743.619: [GC 1107275K->1062770K(1682304K), 0.1941540 secs]
38769.554: [GC 1184690K->1098892K(1687488K), 0.0990410 secs]
38781.050: [GC 1217107K->1145975K(1700288K), 0.1595130 secs]
38793.926: [GC 1286903K->1228906K(1701824K), 0.0972750 secs]
38813.013: [GC 1369834K->1284639K(1716288K), 0.1100300 secs]
38833.304: [GC 1429510K->1340045K(1676160K), 0.0953100 secs]
38837.004: [GC 1490634K->1422717K(1708288K), 0.1237780 secs]
38865.170: [GC 1552876K->1478464K(1712832K), 0.1392730 secs]
38865.309: [Full GC 1478464K->1174065K(2330624K), 1.2793240 secs]
38898.206: [GC 1320110K->1257893K(2324544K), 0.1389330 secs]
38919.622: [GC 1399525K->1335962K(2328768K), 0.1513970 secs]
38933.682: [GC 1477594K->1387250K(2324032K), 0.0851890 secs]
38964.470: [GC 1511159K->1438074K(2326848K), 0.0958600 secs]
38990.789: [GC 1580593K->1516352K(2327360K), 0.1148800 secs]
38998.774: [GC 1660672K->1545928K(2330112K), 0.1987340 secs]
39020.366: [GC 1689821K->1575400K(2328064K), 0.1102250 secs]
39034.457: [GC 1719966K->1625960K(2310976K), 0.1044290 secs]
39054.069: [GC 1761149K->1662054K(2326336K), 0.1709030 secs]
39057.389: [GC 1799590K->1725376K(2316416K), 0.1036950 secs]
39068.115: [GC 1861308K->1666238K(2318016K), 0.0485030 secs]
39074.827: [GC 1787518K->1687420K(2262080K), 0.1011100 secs]
39094.196: [GC 1806722K->1736113K(2319296K), 0.1429530 secs]
39101.749: [GC 1858865K->1770185K(2315200K), 0.1218590 secs]
39107.426: [GC 1894329K->1797721K(2322688K), 0.0985660 secs]
39117.067: [GC 1934082K->1847577K(2322432K), 0.1268900 secs]
39119.450: [GC 1966700K->1879124K(2328256K), 0.1004060 secs]
39123.067: [GC 2026964K->1918944K(2326400K), 0.1457790 secs]
39143.408: [GC 2066784K->1917338K(2334592K), 0.0917680 secs]
39171.963: [GC 2075877K->1954464K(2333248K), 0.1550450 secs]
39174.058: [GC 2114154K->2030615K(2340800K), 0.3120090 secs]
39174.406: [GC 2030671K->2038119K(2281856K), 0.1371940 secs]
39174.543: [Full GC 2038119K->1630189K(2453312K), 2.3152950 secs]
39180.331: [GC 1796909K->1694852K(2511936K), 0.1024450 secs]
39205.566: [GC 1858308K->1697413K(2485056K), 0.1303200 secs]
39226.943: [GC 1854232K->1748037K(2512704K), 0.1063690 secs]
39235.996: [GC 1914562K->1777067K(2509632K), 0.0904770 secs]
39252.319: [GC 1943592K->1809839K(2510720K), 0.0896350 secs]
39255.284: [GC 1980056K->1863317K(2510016K), 0.1113470 secs]
39265.480: [GC 2033557K->1868174K(2516864K), 0.0860870 secs]
39270.997: [GC 2041422K->1922068K(2486976K), 0.1401730 secs]
39305.708: [GC 2095308K->1951958K(2507840K), 0.0914360 secs]
39343.771: [GC 2099178K->2007266K(2513344K), 0.1380130 secs]
39367.696: [GC 2175138K->2059064K(2505536K), 0.1646860 secs]
39375.831: [GC 2201606K->2090341K(2510336K), 0.2689560 secs]
39378.523: [GC 2252181K->2153703K(2501952K), 0.1800690 secs]
39398.005: [GC 2309539K->2172949K(2507328K), 0.1382580 secs]
39423.834: [GC 2328788K->2225404K(2503616K), 0.1513100 secs]
39423.985: [Full GC 2225404K->1597216K(2503616K), 2.1861260 secs]
39434.530: [GC 1741920K->1631413K(2506240K), 0.0937740 secs]
39449.439: [GC 1788789K->1633037K(2506816K), 0.0723460 secs]
39457.783: [GC 1770605K->1654911K(2509760K), 0.1117820 secs]
39466.317: [GC 1815612K->1709673K(2504000K), 0.1671080 secs]
39467.940: [GC 1872297K->1737263K(2507392K), 0.0928180 secs]
39469.649: [GC 1899887K->1759019K(2511744K), 0.0998710 secs]
39470.448: [GC 1925739K->1774804K(2511616K), 0.0655150 secs]
39471.127: [GC 1941524K->1774810K(2511360K), 0.1059010 secs]
39471.780: [GC 1939866K->1774798K(2511936K), 0.0360620 secs]
39473.106: [GC 1939854K->1774822K(2510400K), 0.0350370 secs]
39507.507: [GC 1940006K->1803014K(2511232K), 0.0714370 secs]
39522.081: [GC 1951324K->1809443K(2508480K), 0.0723200 secs]
39549.858: [GC 1976483K->1873261K(2510784K), 0.1353810 secs]
39551.487: [GC 2054661K->1986542K(2490816K), 0.1425900 secs]
39554.979: [GC 2128499K->1988026K(2501376K), 0.1136350 secs]
39582.458: [GC 2131770K->1960668K(2497472K), 0.0483120 secs]
39614.193: [GC 2095072K->1988500K(2500032K), 0.0723170 secs]
39624.039: [GC 2133652K->2041269K(2492352K), 0.1513660 secs]
39643.436: [GC 2180981K->2050313K(2499264K), 0.1194830 secs]
39655.588: [GC 2190025K->2057714K(2493248K), 0.0882730 secs]
39655.678: [GC 2057778K->2057713K(2497920K), 0.0802610 secs]
39659.246: [GC 2193639K->2122543K(2481792K), 0.1099070 secs]
39660.650: [GC 2249583K->2130989K(2477952K), 0.1058680 secs]
39667.325: [GC 2253432K->2155711K(2476288K), 0.1205580 secs]
39670.984: [GC 2257405K->2154807K(2415040K), 0.1670410 secs]
39674.941: [GC 2252523K->2135829K(2479808K), 0.0597220 secs]
39683.510: [GC 2241877K->2163056K(2479424K), 0.1184710 secs]
39692.845: [GC 2269102K->2192733K(2480576K), 0.1026670 secs]
39705.897: [GC 2309277K->2219587K(2479424K), 0.1395980 secs]
39706.036: [Full GC 2219587K->1527177K(2479424K), 2.1307640 secs]
39712.190: [GC 1643721K->1556425K(2489024K), 0.0714260 secs]
39721.257: [GC 1682806K->1613255K(2491968K), 0.1481570 secs]
39727.435: [GC 1746183K->1615262K(2494848K), 0.1092920 secs]
39740.924: [GC 1747358K->1596259K(2492992K), 0.1014630 secs]
39746.503: [GC 1727285K->1624816K(2493312K), 0.1037410 secs]
39761.911: [GC 1761904K->1676764K(2494656K), 0.1100580 secs]
39772.918: [GC 1813852K->1708518K(2498880K), 0.1023330 secs]
39776.570: [GC 1855910K->1763499K(2498368K), 0.1423950 secs]
39789.951: [GC 1910891K->1800100K(2504000K), 0.1014120 secs]
39793.320: [GC 1956573K->1864394K(2503872K), 0.1457950 secs]
39799.030: [GC 2001663K->1833806K(2509312K), 0.0454800 secs]
39803.375: [GC 1996622K->1891002K(2506624K), 0.1072260 secs]
39808.367: [GC 2053818K->1941184K(2506112K), 0.1145200 secs]
39821.677: [GC 2095104K->1930702K(2448000K), 0.0742500 secs]
39822.507: [GC 2084622K->1930828K(2505792K), 0.0979890 secs]
39824.292: [GC 2084684K->1973891K(2483520K), 0.0796040 secs]
39825.005: [GC 2127747K->1974175K(2503616K), 0.0710630 secs]
39825.562: [GC 2122335K->1974235K(2434816K), 0.0700710 secs]
39826.044: [GC 2107839K->1974315K(2503936K), 0.1111680 secs]
39826.541: [GC 2123819K->2029633K(2491392K), 0.0843050 secs]
39827.095: [GC 2179137K->2009557K(2499776K), 0.0789050 secs]
39830.789: [GC 2147349K->2003501K(2425920K), 0.0469660 secs]
39841.549: [GC 2141293K->2030397K(2496384K), 0.0686270 secs]
39852.613: [GC 2169722K->2060650K(2494848K), 0.1134100 secs]
39865.903: [GC 2196238K->2064677K(2501120K), 0.0707300 secs]
39868.093: [GC 2213083K->2093481K(2500928K), 0.1424220 secs]
39877.308: [GC 2220110K->2095594K(2504640K), 0.1374480 secs]
39889.131: [GC 2250474K->2153316K(2500672K), 0.1547050 secs]
39889.894: [GC 2308196K->2125668K(2498496K), 0.0813100 secs]
39891.288: [GC 2266020K->2158966K(2499584K), 0.1227420 secs]
39892.017: [GC 2299318K->2159240K(2496256K), 0.0688300 secs]
39892.581: [GC 2299976K->2159652K(2498112K), 0.0456120 secs]
39893.094: [GC 2300388K->2159700K(2497152K), 0.0720590 secs]
39893.791: [GC 2305684K->2159980K(2499264K), 0.0543600 secs]
39901.554: [GC 2305964K->2190904K(2504064K), 0.0894030 secs]
39908.209: [GC 2344120K->2219526K(2505216K), 0.1423400 secs]
39923.261: [GC 2372746K->2247444K(2506240K), 0.0953860 secs]
39923.357: [Full GC 2247444K->1708297K(2506240K), 2.3415510 secs]
39932.645: [GC 1862921K->1738101K(2506432K), 0.0807640 secs]
39937.863: [GC 1892725K->1794891K(2505792K), 0.1281160 secs]
39948.592: [GC 1950603K->1799940K(2506240K), 0.0832740 secs]
39949.226: [GC 1955652K->1805588K(2507264K), 0.0904120 secs]
39951.709: [GC 1964820K->1834824K(2506688K), 0.1404740 secs]
39952.409: [GC 1994056K->1855842K(2509568K), 0.1362670 secs]
39953.162: [GC 2019682K->1855934K(2510208K), 0.0439110 secs]
39953.757: [GC 2019774K->1856242K(2509696K), 0.0484270 secs]
39954.389: [GC 2023794K->1856662K(2510656K), 0.0468370 secs]
39955.030: [GC 2024214K->1856736K(2512640K), 0.0457040 secs]
39959.801: [GC 2025463K->1858297K(2513600K), 0.0449200 secs]
39968.089: [GC 2033017K->1916755K(2514688K), 0.1078880 secs]
39985.201: [GC 2079398K->1916956K(2518400K), 0.1354150 secs]
39990.532: [GC 2095254K->2000924K(2500224K), 0.1282230 secs]
39998.910: [GC 2157576K->2013732K(2484992K), 0.1054680 secs]
40012.121: [GC 2176484K->2008866K(2507328K), 0.0670880 secs]
40031.167: [GC 2139419K->2008096K(2445248K), 0.0991250 secs]
40039.771: [GC 2164448K->2066652K(2486848K), 0.1343420 secs]
40042.549: [GC 2204055K->2100997K(2460416K), 0.1322740 secs]
40044.143: [GC 2241123K->2150973K(2497792K), 0.2340060 secs]
40046.595: [GC 2266528K->2207579K(2456256K), 0.1110780 secs]
40048.140: [GC 2344327K->2239850K(2480256K), 0.1258470 secs]
40063.085: [GC 2360874K->2212471K(2489920K), 0.1038030 secs]
40063.189: [Full GC 2212471K->1488410K(2489920K), 2.1990650 secs]
40066.038: [GC 1609434K->1549660K(2476352K), 0.1270600 secs]
40066.543: [GC 1658268K->1557212K(2483712K), 0.0824980 secs]
40066.626: [GC 1558065K->1564696K(2479360K), 0.0403210 secs]
40067.084: [GC 1675352K->1565654K(2482560K), 0.0338530 secs]
40068.658: [GC 1676310K->1614903K(2481024K), 0.0842490 secs]
40069.347: [GC 1725943K->1614929K(2484928K), 0.0986150 secs]
40069.836: [GC 1725969K->1615253K(2478016K), 0.0707840 secs]
40070.280: [GC 1728213K->1615281K(2482432K), 0.0654210 secs]
40070.713: [GC 1728241K->1615345K(2481664K), 0.0333630 secs]
40071.063: [GC 1717276K->1615389K(2486336K), 0.0334190 secs]
40071.424: [GC 1738013K->1643047K(2491392K), 0.0714840 secs]
40071.904: [GC 1777703K->1685703K(2493952K), 0.0809690 secs]
40072.458: [GC 1820359K->1671064K(2497024K), 0.0341800 secs]
40078.597: [GC 1816344K->1673199K(2496640K), 0.0467670 secs]
40097.023: [GC 1818479K->1701868K(2502400K), 0.0628010 secs]
40100.762: [GC 1855852K->1730552K(2504128K), 0.1302200 secs]
40123.367: [GC 1876414K->1760256K(2503936K), 0.0995900 secs]
40127.360: [GC 1918527K->1817048K(2501760K), 0.0855510 secs]
40144.352: [GC 1975320K->1845437K(2502464K), 0.1443040 secs]
40153.921: [GC 1990845K->1875223K(2462208K), 0.0805170 secs]
40166.143: [GC 2020631K->1930205K(2502656K), 0.1680870 secs]
40176.669: [GC 2075667K->1995242K(2498880K), 0.1166670 secs]
40186.163: [GC 2139044K->1994266K(2488768K), 0.0927530 secs]
40202.071: [GC 2110103K->1989396K(2493824K), 0.0729250 secs]
40209.274: [GC 2118228K->2046908K(2480704K), 0.1220470 secs]
40217.363: [GC 2164092K->2046464K(2488000K), 0.1386620 secs]
40227.366: [GC 2142031K->2048031K(2483264K), 0.0796180 secs]
40234.701: [GC 2169951K->2077882K(2486912K), 0.1445220 secs]
40248.355: [GC 2199790K->2105562K(2487168K), 0.1264190 secs]
40254.207: [GC 2237786K->2161676K(2490624K), 0.1584780 secs]
40274.447: [GC 2293900K->2163962K(2499776K), 0.0988100 secs]
40280.729: [GC 2309306K->2220651K(2488960K), 0.1209750 secs]
40297.593: [GC 2365995K->2221591K(2496640K), 0.1329810 secs]
40297.726: [Full GC 2221591K->1956050K(2496640K), 2.5400070 secs]
40309.569: [GC 2067457K->1959428K(2423808K), 0.0555360 secs]
40310.884: [GC 2093317K->2042571K(2483776K), 0.1212210 secs]
40329.213: [GC 2165771K->2072213K(2491008K), 0.1233380 secs]
40336.821: [GC 2195314K->2135768K(2473280K), 0.1139100 secs]
40342.089: [GC 2242840K->2130836K(2482944K), 0.1112590 secs]
40354.939: [GC 2237908K->2130726K(2475776K), 0.1260510 secs]
40361.573: [GC 2242981K->2159039K(2481600K), 0.0816590 secs]
40379.138: [GC 2271295K->2160083K(2485248K), 0.0698360 secs]
40386.358: [GC 2280744K->2203345K(2488128K), 0.0785760 secs]
40407.415: [GC 2327761K->2217045K(2493568K), 0.1139130 secs]
40407.529: [Full GC 2217045K->1241343K(2424576K), 1.8564330 secs]
40416.299: [GC 1369535K->1271559K(2376000K), 0.0773020 secs]
40420.777: [GC 1399751K->1301326K(2424384K), 0.0859230 secs]
40439.458: [GC 1430537K->1304114K(2421568K), 0.0768540 secs]
40449.548: [GC 1435826K->1356701K(2417152K), 0.0676990 secs]
40456.676: [GC 1485277K->1357885K(2403136K), 0.1047130 secs]
40465.491: [GC 1486454K->1387093K(2407680K), 0.0986100 secs]
40484.062: [GC 1492372K->1385437K(2352000K), 0.0900690 secs]
40486.656: [GC 1490717K->1414477K(2408448K), 0.1419300 secs]
40495.181: [GC 1520580K->1442462K(2381696K), 0.1007860 secs]
40511.971: [GC 1548574K->1441800K(2409728K), 0.0944710 secs]
40516.193: [GC 1541320K->1471530K(2346880K), 0.0580300 secs]
40522.668: [GC 1563989K->1500124K(2405440K), 0.0977380 secs]
40527.477: [GC 1600348K->1529331K(2405184K), 0.0737360 secs]
40545.934: [GC 1629555K->1530871K(2408256K), 0.0745690 secs]
40549.321: [GC 1641463K->1560100K(2409088K), 0.1044150 secs]
40553.679: [GC 1670692K->1588239K(2410496K), 0.1145250 secs]
40574.970: [GC 1712655K->1618516K(2414144K), 0.1163510 secs]
40578.896: [GC 1736395K->1646492K(2422144K), 0.0732190 secs]
40591.101: [GC 1785564K->1674092K(2425088K), 0.0823480 secs]
40602.487: [GC 1813160K->1704092K(2430656K), 0.0791520 secs]
40610.752: [GC 1856020K->1734885K(2432640K), 0.1125790 secs]
40628.205: [GC 1869191K->1734909K(2439616K), 0.0857100 secs]
40642.429: [GC 1890012K->1760071K(2406784K), 0.0797490 secs]
40652.214: [GC 1920967K->1790331K(2425664K), 0.1633220 secs]
40661.849: [GC 1939003K->1820043K(2426880K), 0.2020680 secs]
40674.813: [GC 1965682K->1852675K(2428864K), 0.1128030 secs]
40682.862: [GC 1987587K->1873366K(2382080K), 0.1726940 secs]
40703.131: [GC 2008278K->1874356K(2421952K), 0.0647520 secs]
40708.243: [GC 2008186K->1930724K(2423040K), 0.0836060 secs]
40716.887: [GC 2064548K->1932796K(2424832K), 0.0969760 secs]
40737.405: [GC 2048522K->1933580K(2350464K), 0.0685110 secs]
40741.349: [GC 2047315K->1962724K(2427584K), 0.0851490 secs]
40756.636: [GC 2095268K->1986718K(2378752K), 0.1503970 secs]
40767.166: [GC 2119259K->2016607K(2424768K), 0.0939660 secs]
40773.808: [GC 2125972K->2019187K(2421632K), 0.0944920 secs]
40786.082: [GC 2155827K->2046165K(2433152K), 0.1336710 secs]
40796.650: [GC 2196373K->2103048K(2432896K), 0.1611950 secs]
40806.744: [GC 2253256K->2157468K(2435328K), 0.1275820 secs]
40822.121: [GC 2315221K->2215150K(2435456K), 0.1486190 secs]
40822.270: [Full GC 2215150K->2017242K(2504448K), 2.7610030 secs]
40835.294: [GC 2168939K->2073202K(2498432K), 0.0920030 secs]
40851.445: [GC 2215665K->2048277K(2443328K), 0.0731980 secs]
40867.967: [GC 2201685K->2074461K(2508352K), 0.0758780 secs]
40875.652: [GC 2229277K->2103476K(2499904K), 0.1652020 secs]
40886.345: [GC 2258292K->2133455K(2486080K), 0.1816730 secs]
40900.677: [GC 2261129K->2186098K(2472384K), 0.2147520 secs]
40906.922: [GC 2313778K->2186785K(2492288K), 0.0881590 secs]
40925.236: [GC 2308897K->2216569K(2488640K), 0.1500600 secs]
40925.386: [Full GC 2216569K->1046984K(2227456K), 1.8342350 secs]
40930.639: [GC 1169096K->1104682K(2220672K), 0.0867560 secs]
40936.098: [GC 1217313K->1112102K(2225344K), 0.0988120 secs]
40955.448: [GC 1226340K->1134203K(2224640K), 0.1079940 secs]
40959.538: [GC 1247668K->1171779K(2225536K), 0.0617890 secs]
40962.728: [GC 1289296K->1219967K(2222336K), 0.1006450 secs]
40983.566: [GC 1344127K->1249007K(2224704K), 0.1173340 secs]
40989.901: [GC 1369923K->1285710K(2233152K), 0.0710740 secs]
40994.843: [GC 1420366K->1334902K(2189376K), 0.1081790 secs]
41016.195: [GC 1462412K->1364222K(2233088K), 0.0806740 secs]
41023.136: [GC 1500997K->1396861K(2233536K), 0.0683820 secs]
41036.063: [GC 1534844K->1422259K(2236736K), 0.0985780 secs]
41045.200: [GC 1569779K->1451795K(2232832K), 0.1718780 secs]
41057.622: [GC 1595102K->1511543K(2221760K), 0.1398620 secs]
41068.689: [GC 1628682K->1478623K(2229824K), 0.0828010 secs]
41075.929: [GC 1601823K->1508202K(2217664K), 0.1195270 secs]
41088.220: [GC 1634927K->1542640K(2225728K), 0.0882700 secs]
41095.919: [GC 1669933K->1563500K(2222848K), 0.1105140 secs]
41113.236: [GC 1680044K->1589688K(2226496K), 0.1255570 secs]
41119.411: [GC 1706229K->1619796K(2222208K), 0.0917560 secs]
41122.623: [GC 1734927K->1646480K(2199168K), 0.1014930 secs]
41141.376: [GC 1761616K->1673682K(2226048K), 0.1453060 secs]
41148.717: [GC 1786832K->1701985K(2167936K), 0.1238780 secs]
41162.450: [GC 1815136K->1702202K(2218944K), 0.0798510 secs]
41165.897: [GC 1813178K->1731519K(2221120K), 0.0736200 secs]
41174.197: [GC 1842495K->1775663K(2224896K), 0.1068690 secs]
41194.737: [GC 1895405K->1777051K(2224704K), 0.0605920 secs]
41197.933: [GC 1895793K->1814024K(2227456K), 0.1172980 secs]
41203.949: [GC 1940104K->1861920K(2229248K), 0.1266600 secs]
41224.997: [GC 1982358K->1890752K(2230208K), 0.1332210 secs]
41228.792: [GC 2022144K->1919922K(2230720K), 0.0690050 secs]
41240.053: [GC 2051314K->1973800K(2232768K), 0.1323090 secs]
41240.186: [Full GC 1973800K->1646706K(2493952K), 1.3003190 secs]
41253.208: [GC 1788721K->1705754K(2494272K), 0.1025660 secs]
41266.774: [GC 1847764K->1732366K(2502592K), 0.1259550 secs]
41278.887: [GC 1874848K->1735466K(2498944K), 0.0604550 secs]
41290.797: [GC 1878186K->1760246K(2496960K), 0.0684590 secs]
41299.963: [GC 1905782K->1817391K(2498368K), 0.1522620 secs]
41309.562: [GC 1962927K->1847371K(2502208K), 0.1076700 secs]
41329.075: [GC 1991370K->1877381K(2503232K), 0.1152240 secs]
41332.246: [GC 2033663K->1932029K(2495936K), 0.0835010 secs]
41352.022: [GC 2079933K->1961432K(2436288K), 0.1980710 secs]
41361.716: [GC 2109336K->1991866K(2505472K), 0.0814170 secs]
41368.812: [GC 2141178K->2046139K(2463744K), 0.1362500 secs]
41387.471: [GC 2195448K->2104693K(2501120K), 0.1587240 secs]
41403.385: [GC 2256109K->2158203K(2499008K), 0.1753240 secs]
41414.849: [GC 2302409K->2187706K(2505280K), 0.1410350 secs]
41414.990: [Full GC 2187706K->1755632K(2505280K), 2.3930900 secs]
41425.098: [GC 1916076K->1829944K(2506368K), 0.1418380 secs]
41436.532: [GC 1990387K->1889802K(2509120K), 0.1527470 secs]
41441.540: [GC 2048394K->1917770K(2474304K), 0.1331680 secs]
41446.344: [GC 2075613K->1997233K(2499456K), 0.1406210 secs]
41454.812: [GC 2150065K->2024973K(2505216K), 0.1339540 secs]
41465.288: [GC 2162603K->2040619K(2502336K), 0.1129290 secs]
41471.291: [GC 2196441K->2107358K(2493824K), 0.1391930 secs]
41474.562: [GC 2263204K->2154742K(2487680K), 0.1180960 secs]
41478.823: [GC 2288310K->2191447K(2496192K), 0.1719110 secs]
41487.084: [GC 2325015K->2222549K(2486976K), 0.1135990 secs]
41487.198: [Full GC 2222549K->1726161K(2486976K), 2.3148480 secs]
41497.418: [GC 1860881K->1744943K(2492160K), 0.0750700 secs]
41504.244: [GC 1863803K->1761856K(2497408K), 0.0893870 secs]
41507.114: [GC 1907072K->1806816K(2500032K), 0.1160320 secs]
41513.127: [GC 1932353K->1825280K(2502336K), 0.0990730 secs]
41518.385: [GC 1972928K->1895292K(2489664K), 0.1294510 secs]
41522.091: [GC 2042600K->1924368K(2489152K), 0.1089510 secs]
41529.112: [GC 2051259K->1985680K(2493888K), 0.2519510 secs]
41534.542: [GC 2114640K->2030336K(2492224K), 0.1377440 secs]
41539.706: [GC 2160704K->2076071K(2493760K), 0.1483250 secs]
41549.886: [GC 2203983K->2091595K(2492160K), 0.1091170 secs]
41551.334: [GC 2219609K->2143312K(2493888K), 0.0957330 secs]
41557.787: [GC 2276688K->2161064K(2495360K), 0.1226720 secs]
41563.076: [GC 2295276K->2205795K(2495040K), 0.1169830 secs]
41569.147: [GC 2335331K->2217445K(2496512K), 0.1126160 secs]
41569.260: [Full GC 2217445K->2015964K(2496512K), 2.6755170 secs]
41583.209: [GC 2148828K->2042743K(2446208K), 0.0859000 secs]
41587.297: [GC 2154233K->2058470K(2493568K), 0.1376640 secs]
41589.796: [GC 2192928K->2103699K(2492032K), 0.1228020 secs]
41594.190: [GC 2232808K->2167033K(2484608K), 0.1298920 secs]
41603.049: [GC 2292793K->2150823K(2492288K), 0.0869390 secs]
41610.677: [GC 2272578K->2181559K(2481984K), 0.1271630 secs]
41617.442: [GC 2308737K->2206186K(2487936K), 0.1680200 secs]
41623.278: [GC 2332862K->2257086K(2489856K), 0.1320430 secs]
41628.071: [GC 2367723K->2247006K(2495296K), 0.1290900 secs]
41628.200: [Full GC 2247006K->1621292K(2495296K), 2.2713840 secs]
41635.684: [GC 1744504K->1649669K(2487552K), 0.0763180 secs]
41642.483: [GC 1782789K->1683083K(2492096K), 0.0921560 secs]
41651.611: [GC 1816203K->1702251K(2480704K), 0.1821800 secs]
41653.230: [GC 1817384K->1752618K(2484352K), 0.1494550 secs]
41659.278: [GC 1867754K->1764069K(2469760K), 0.1572500 secs]
41665.841: [GC 1857956K->1776969K(2477056K), 0.0952970 secs]
41667.355: [GC 1871835K->1812037K(2471808K), 0.0958720 secs]
41674.754: [GC 1906627K->1806989K(2474432K), 0.0782160 secs]
41679.391: [GC 1901748K->1840573K(2472512K), 0.1397570 secs]
41681.786: [GC 1936909K->1852062K(2475072K), 0.0780850 secs]
41686.901: [GC 1949777K->1914764K(2474048K), 0.1405930 secs]
41696.748: [GC 2019049K->1915696K(2477760K), 0.0899520 secs]
41699.344: [GC 2003868K->1932981K(2484864K), 0.0686540 secs]
41702.580: [GC 2051971K->1961641K(2486208K), 0.0787650 secs]
41707.639: [GC 2056289K->1978468K(2491136K), 0.0956080 secs]
41709.025: [GC 2109811K->2080054K(2490240K), 0.1260570 secs]
41719.255: [GC 2209462K->2089291K(2492416K), 0.1211390 secs]
41725.591: [GC 2213763K->2123085K(2444992K), 0.1290760 secs]
41731.271: [GC 2222220K->2124394K(2485568K), 0.0803760 secs]
41732.112: [GC 2253696K->2197193K(2486592K), 0.0910030 secs]
41735.423: [GC 2296015K->2248868K(2486592K), 0.1676700 secs]
41735.591: [Full GC 2248868K->2097231K(2486592K), 1.3308000 secs]
41738.030: [GC 2211977K->2154168K(2458240K), 0.1337750 secs]
41741.109: [GC 2268913K->2170006K(2485440K), 0.1145670 secs]
41747.932: [GC 2277431K->2185376K(2412096K), 0.0690860 secs]
41756.259: [GC 2294432K->2202992K(2482688K), 0.0832210 secs]
41762.801: [GC 2315312K->2220592K(2479424K), 0.1515720 secs]
41762.953: [Full GC 2220592K->1839318K(2479424K), 2.3913800 secs]
41769.092: [GC 1931668K->1857023K(2478080K), 0.0683750 secs]
41772.035: [GC 1968324K->1885814K(2481536K), 0.1173860 secs]
41774.522: [GC 1996737K->1915030K(2470528K), 0.1763800 secs]
41780.690: [GC 2013389K->1956166K(2465856K), 0.2122880 secs]
41787.686: [GC 2052002K->1946406K(2480064K), 0.1297250 secs]
41793.668: [GC 2044710K->1963660K(2436544K), 0.0998210 secs]
41797.139: [GC 2061171K->1981204K(2473792K), 0.1052550 secs]
41800.135: [GC 2076372K->2025062K(2476928K), 0.2061580 secs]
41805.209: [GC 2120230K->2042854K(2477056K), 0.1920590 secs]
41809.247: [GC 2138074K->2103046K(2400768K), 0.1187130 secs]
41813.597: [GC 2198342K->2128810K(2479936K), 0.1095260 secs]
41818.403: [GC 2227242K->2146763K(2431360K), 0.1007490 secs]
41823.263: [GC 2245195K->2164059K(2470784K), 0.1347960 secs]
41827.023: [GC 2256869K->2226543K(2474432K), 0.1735390 secs]
41830.340: [GC 2321839K->2208715K(2477056K), 0.1464770 secs]
41835.754: [GC 2303379K->2233464K(2477056K), 0.1380390 secs]
41835.892: [Full GC 2233464K->2138017K(2477056K), 2.7448500 secs]
41844.380: [GC 2233313K->2193008K(2477056K), 0.1111480 secs]
41845.937: [GC 2288304K->2219755K(2477056K), 0.1136020 secs]
41850.018: [GC 2313639K->2236604K(2477056K), 0.1125130 secs]
41850.131: [Full GC 2236604K->1951801K(2477056K), 2.4835830 secs]
41858.670: [GC 2047089K->1978202K(2408256K), 0.0812490 secs]
41860.648: [GC 2073498K->1998230K(2478272K), 0.0843840 secs]
41865.660: [GC 2098134K->2016711K(2476864K), 0.1167740 secs]
41875.206: [GC 2116615K->2031304K(2474944K), 0.1894140 secs]
41879.102: [GC 2126600K->2049397K(2477056K), 0.2077040 secs]
41881.647: [GC 2144693K->2077471K(2470528K), 0.1693730 secs]
41883.549: [GC 2172767K->2094619K(2473792K), 0.1683090 secs]
41887.860: [GC 2191051K->2123011K(2474624K), 0.1351740 secs]
41891.041: [GC 2218307K->2139952K(2477056K), 0.1470650 secs]
41896.101: [GC 2235248K->2171547K(2477056K), 0.1336560 secs]
41904.567: [GC 2266843K->2172622K(2477056K), 0.1390970 secs]
41908.754: [GC 2261626K->2212721K(2477056K), 0.1466530 secs]
41914.889: [GC 2308016K->2208758K(2477056K), 0.0900130 secs]
41916.143: [GC 2304063K->2236524K(2477056K), 0.0976460 secs]
41917.861: [GC 2331820K->2264308K(2409856K), 0.0906640 secs]
41917.951: [Full GC 2264308K->2242650K(2409856K), 1.0875060 secs]
41922.290: [Full GC 2337946K->1482469K(2409856K), 2.0999590 secs]
41930.961: [GC 1577765K->1499861K(2476224K), 0.1123830 secs]
41937.070: [GC 1595669K->1517181K(2417088K), 0.1350380 secs]
41943.688: [GC 1601990K->1518799K(2467072K), 0.1269320 secs]
41947.890: [GC 1606925K->1535249K(2470656K), 0.1160070 secs]
41951.265: [GC 1634223K->1564541K(2464192K), 0.1242910 secs]
41954.176: [GC 1656957K->1581935K(2474176K), 0.2109610 secs]
41956.087: [GC 1674351K->1624947K(2477056K), 0.1616470 secs]
41964.194: [GC 1720243K->1624885K(2477056K), 0.1074460 secs]
41967.817: [GC 1720181K->1643138K(2477056K), 0.1087970 secs]
41974.272: [GC 1738430K->1676989K(2477056K), 0.1288750 secs]
41978.001: [GC 1772281K->1704327K(2477056K), 0.0754390 secs]
41983.366: [GC 1799623K->1708832K(2477056K), 0.0647930 secs]
41989.859: [GC 1803907K->1721683K(2477056K), 0.0505200 secs]
41991.564: [GC 1831530K->1793015K(2477056K), 0.0872910 secs]
41997.867: [GC 1888311K->1767734K(2477056K), 0.1186940 secs]
42001.588: [GC 1863030K->1784084K(2477056K), 0.0814450 secs]
42004.001: [GC 1930167K->1835966K(2477056K), 0.0531860 secs]
42005.761: [GC 1931274K->1864084K(2410176K), 0.0873610 secs]
42007.424: [GC 1958672K->1887248K(2473216K), 0.1028020 secs]
42015.861: [GC 1973766K->1880427K(2474496K), 0.0833250 secs]
42021.792: [GC 1974443K->1898922K(2472768K), 0.1653770 secs]
42023.755: [GC 1993498K->1918701K(2418176K), 0.1182050 secs]
42024.915: [GC 2012773K->1946525K(2471296K), 0.1163270 secs]
42030.542: [GC 2040406K->1960829K(2475648K), 0.1347070 secs]
42034.688: [GC 2032813K->1977257K(2477056K), 0.1481990 secs]
42037.702: [GC 2072514K->2006548K(2411200K), 0.0985400 secs]
42042.839: [GC 2101844K->2023724K(2476288K), 0.0922330 secs]
42051.070: [GC 2121707K->2066220K(2475136K), 0.1526210 secs]
42055.921: [GC 2164204K->2072364K(2477056K), 0.1314280 secs]
42058.563: [GC 2153214K->2089586K(2477056K), 0.0859220 secs]
42059.220: [GC 2190488K->2155421K(2472448K), 0.1212790 secs]
42064.104: [GC 2250711K->2197758K(2474752K), 0.1169370 secs]
42066.667: [GC 2286845K->2186892K(2477056K), 0.0939290 secs]
42074.092: [GC 2274297K->2189430K(2477056K), 0.0731310 secs]
42080.538: [GC 2284718K->2220843K(2477056K), 0.0778580 secs]
42086.991: [GC 2316139K->2222602K(2477056K), 0.0717500 secs]
42087.063: [Full GC 2222602K->2091048K(2477056K), 2.7629290 secs]
42093.622: [GC 2186344K->2109416K(2475904K), 0.1443930 secs]
42096.255: [GC 2200360K->2165897K(2476480K), 0.1217710 secs]
42097.842: [GC 2261193K->2168078K(2477056K), 0.1314440 secs]
42099.713: [GC 2263374K->2182822K(2477056K), 0.0928050 secs]
42105.949: [GC 2278114K->2201562K(2470784K), 0.0899160 secs]
42114.182: [GC 2296858K->2217684K(2417152K), 0.0762820 secs]
42120.641: [GC 2312980K->2219354K(2464320K), 0.1117040 secs]
42124.616: [GC 2318426K->2236858K(2468672K), 0.1141040 secs]
42128.008: [GC 2335117K->2265050K(2465984K), 0.1433640 secs]
42130.819: [GC 2358682K->2281809K(2475392K), 0.1992650 secs]
42131.019: [Full GC 2281809K->2029235K(2475392K), 2.6114600 secs]
42134.813: [GC 2122867K->2065391K(2477056K), 0.0779590 secs]
42139.285: [GC 2159692K->2076051K(2428672K), 0.1623360 secs]
42146.401: [GC 2168550K->2115018K(2472704K), 0.1349830 secs]
42153.559: [GC 2208138K->2111842K(2474880K), 0.2339320 secs]
42155.232: [GC 2204962K->2146466K(2477056K), 0.0861280 secs]
42158.739: [GC 2220897K->2167132K(2477056K), 0.1121970 secs]
42159.705: [GC 2268367K->2249901K(2477056K), 0.1058220 secs]
42161.714: [GC 2345194K->2231543K(2477056K), 0.0776010 secs]
42161.792: [Full GC 2231543K->2211456K(2477056K), 0.8571290 secs]
42165.362: [Full GC 2306458K->1569066K(2477056K), 2.1720890 secs]
42171.517: [GC 1648509K->1579968K(2477056K), 0.1122580 secs]
42172.225: [GC 1675276K->1630410K(2477056K), 0.0862990 secs]
42173.555: [GC 1721231K->1671409K(2477056K), 0.0974500 secs]
42179.978: [GC 1766701K->1711749K(2422592K), 0.1048460 secs]
42181.993: [GC 1807039K->1716071K(2475072K), 0.0873450 secs]
42185.793: [GC 1807589K->1755996K(2473024K), 0.1226720 secs]
42189.227: [GC 1853596K->1782749K(2477056K), 0.1535680 secs]
42192.133: [GC 1878045K->1783058K(2477056K), 0.1078190 secs]
42195.083: [GC 1878353K->1830667K(2477056K), 0.1257400 secs]
42197.579: [GC 1925963K->1851473K(2477056K), 0.0867790 secs]
42200.685: [GC 1945905K->1890772K(2477056K), 0.1027900 secs]
42204.995: [GC 1985756K->1925375K(2402944K), 0.1358380 secs]
42206.184: [GC 2023682K->1982808K(2473472K), 0.1645550 secs]
42207.286: [GC 2076355K->1989358K(2475264K), 0.0958600 secs]
42210.036: [GC 2082854K->2029070K(2475136K), 0.1122590 secs]
42214.814: [GC 2124302K->2027879K(2476992K), 0.1383300 secs]
42218.817: [GC 2123107K->2048368K(2474368K), 0.0860020 secs]
42222.074: [GC 2127906K->2049958K(2475712K), 0.1349580 secs]
42223.475: [GC 2145242K->2093006K(2471552K), 0.1797150 secs]
42224.481: [GC 2237214K->2178750K(2476288K), 0.1608200 secs]
42228.816: [GC 2273275K->2144212K(2477056K), 0.1069770 secs]
42232.391: [GC 2239508K->2161608K(2477056K), 0.0866020 secs]
42241.326: [GC 2256901K->2195109K(2477056K), 0.1219550 secs]
42244.425: [GC 2301999K->2268438K(2477056K), 0.1471770 secs]
42244.572: [Full GC 2268438K->2066730K(2477056K), 2.7144820 secs]
42249.950: [GC 2162026K->2067714K(2477056K), 0.0587550 secs]
42256.307: [GC 2148563K->2071069K(2477056K), 0.0672610 secs]
42257.745: [GC 2166365K->2141073K(2477056K), 0.1068030 secs]
42266.984: [GC 2236369K->2116372K(2477056K), 0.0828570 secs]
42275.044: [GC 2210128K->2131668K(2477056K), 0.0843090 secs]
42279.882: [GC 2226964K->2148334K(2477056K), 0.0800560 secs]
42283.561: [GC 2243630K->2166417K(2467968K), 0.1367990 secs]
42287.040: [GC 2286886K->2249549K(2472512K), 0.1471930 secs]
42288.844: [GC 2344845K->2222875K(2477056K), 0.0983240 secs]
42288.942: [Full GC 2222875K->2222835K(2477056K), 0.8008920 secs]
42292.747: [Full GC 2318131K->1710219K(2477056K), 2.4068570 secs]
42301.073: [GC 1805501K->1751477K(2477056K), 0.0989720 secs]
42309.990: [GC 1846468K->1746463K(2471680K), 0.0694520 secs]
42318.039: [GC 1841759K->1749164K(2403328K), 0.0648430 secs]
42319.450: [GC 1841028K->1803099K(2463552K), 0.1678220 secs]
42323.568: [GC 1892571K->1793206K(2471232K), 0.1205690 secs]
42326.270: [GC 1882678K->1849968K(2467776K), 0.1319140 secs]
42327.594: [GC 1942668K->1867842K(2471040K), 0.0845170 secs]
42335.228: [GC 1960578K->1899409K(2469504K), 0.1449580 secs]
42342.035: [GC 1991505K->1900147K(2473856K), 0.1029940 secs]
42348.461: [GC 1992243K->1919458K(2476032K), 0.1115860 secs]
42349.655: [GC 2022292K->1990797K(2476352K), 0.0974030 secs]
42356.090: [GC 2085389K->1964610K(2477056K), 0.0762980 secs]
42359.347: [GC 2059906K->1978478K(2398848K), 0.0860780 secs]
42362.567: [GC 2073774K->2006702K(2477760K), 0.0949090 secs]
42368.275: [GC 2103443K->2046653K(2476480K), 0.1586900 secs]
42375.106: [GC 2143418K->2041644K(2477056K), 0.1377070 secs]
42377.967: [GC 2136936K->2068827K(2477056K), 0.0998970 secs]
42383.027: [GC 2153485K->2070913K(2477056K), 0.0644900 secs]
42389.876: [GC 2166139K->2085583K(2398656K), 0.0640380 secs]
42393.560: [GC 2178710K->2118619K(2473984K), 0.1001710 secs]
42395.807: [GC 2213467K->2131287K(2474432K), 0.1567470 secs]
42399.396: [GC 2226135K->2175983K(2477056K), 0.1220110 secs]
42406.135: [GC 2271279K->2166673K(2477056K), 0.1002790 secs]
42407.319: [GC 2258246K->2193443K(2477056K), 0.0882760 secs]
42414.559: [GC 2288739K->2196645K(2477056K), 0.0864980 secs]
42422.763: [GC 2291941K->2228828K(2470144K), 0.0679950 secs]
42430.230: [GC 2321200K->2213353K(2401472K), 0.0779230 secs]
42431.082: [GC 2315026K->2280058K(2465664K), 0.1000210 secs]
42436.077: [GC 2369914K->2257797K(2406720K), 0.0849670 secs]
42436.163: [Full GC 2257797K->2201488K(2406720K), 1.1900160 secs]
42440.206: [GC 2292112K->2261443K(2468800K), 0.1261400 secs]
42443.996: [GC 2351255K->2251465K(2472128K), 0.0906260 secs]
42446.001: [Full GC 2391519K->1705589K(2472128K), 2.3565250 secs]
42450.933: [GC 1795952K->1723822K(2468928K), 0.0630420 secs]
42458.666: [GC 1816807K->1739477K(2413440K), 0.0730810 secs]
42465.493: [GC 1832469K->1741460K(2458752K), 0.0838950 secs]
42466.764: [GC 1836500K->1784908K(2463872K), 0.1356810 secs]
42469.470: [GC 1879948K->1787996K(2475328K), 0.1752780 secs]
42472.690: [GC 1883273K->1841913K(2477056K), 0.2035960 secs]
42476.572: [GC 1937209K->1831748K(2477056K), 0.1536710 secs]
42483.191: [GC 1924818K->1856548K(2477056K), 0.1377740 secs]
42491.269: [GC 1951840K->1861213K(2477056K), 0.1795830 secs]
42498.190: [GC 1956311K->1864851K(2477056K), 0.1879820 secs]
42500.785: [GC 1955222K->1878979K(2477056K), 0.1677880 secs]
42502.445: [GC 1970364K->1906840K(2477056K), 0.1122100 secs]
42504.458: [GC 2002136K->1952040K(2477056K), 0.1238350 secs]
42506.739: [GC 2041343K->2000219K(2477056K), 0.1035260 secs]
42514.321: [GC 2095511K->2020618K(2477056K), 0.0964400 secs]
42521.829: [GC 2115912K->2023092K(2477056K), 0.1236270 secs]
42524.199: [GC 2118300K->2051004K(2477056K), 0.0947230 secs]
42529.055: [GC 2146296K->2098818K(2477056K), 0.1269940 secs]
42532.256: [GC 2175653K->2100198K(2477056K), 0.1063150 secs]
42536.112: [GC 2195494K->2121355K(2477056K), 0.0785140 secs]
42539.239: [GC 2210633K->2176929K(2477056K), 0.1091340 secs]
42542.787: [GC 2272224K->2169944K(2477056K), 0.0949430 secs]
42550.972: [GC 2265240K->2171844K(2477056K), 0.0668170 secs]
42553.444: [GC 2267140K->2200513K(2477056K), 0.0741430 secs]
42558.632: [GC 2295809K->2211137K(2471552K), 0.0984710 secs]
42561.801: [GC 2302688K->2239888K(2474304K), 0.1077470 secs]
42570.483: [GC 2335184K->2250049K(2473600K), 0.1037350 secs]
42574.409: [GC 2333349K->2251923K(2476672K), 0.1465830 secs]
42576.563: [GC 2346835K->2279471K(2477056K), 0.1434060 secs]
42576.706: [Full GC 2279471K->2211064K(2477056K), 1.1061620 secs]
42580.903: [GC 2304917K->2232499K(2403264K), 0.0696060 secs]
42585.066: [GC 2327795K->2260916K(2476672K), 0.1443880 secs]
42589.233: [GC 2346518K->2262507K(2475584K), 0.1124410 secs]
42593.047: [GC 2358891K->2282998K(2473792K), 0.2028330 secs]
42599.922: [GC 2378294K->2320495K(2477056K), 0.1445730 secs]
42600.067: [Full GC 2320495K->1410123K(2477056K), 1.9937610 secs]
42609.716: [GC 1505419K->1415243K(2477056K), 0.0503590 secs]
42612.290: [GC 1510539K->1434390K(2477056K), 0.0783840 secs]
42614.606: [GC 1529686K->1462018K(2477056K), 0.0967590 secs]
42616.873: [GC 1551809K->1497407K(2477056K), 0.0887910 secs]
42620.223: [GC 1587350K->1537708K(2476160K), 0.1095440 secs]
42627.647: [GC 1627924K->1510076K(2402048K), 0.0510820 secs]
42635.890: [GC 1605371K->1530968K(2470656K), 0.1011510 secs]
42638.739: [GC 1629464K->1551979K(2473344K), 0.0890990 secs]
42645.770: [GC 1631241K->1553645K(2473856K), 0.1673820 secs]
42646.411: [GC 1645965K->1607950K(2477056K), 0.1406000 secs]
42649.341: [GC 1703246K->1602079K(2477056K), 0.1026870 secs]
42651.622: [GC 1697375K->1629530K(2477056K), 0.1166550 secs]
42655.281: [GC 1724826K->1649404K(2477056K), 0.0693740 secs]
42663.826: [GC 1744699K->1670125K(2403136K), 0.0860570 secs]
42668.113: [GC 1762076K->1679459K(2477376K), 0.0878200 secs]
42669.162: [GC 1778339K->1770816K(2476352K), 0.1953200 secs]
42672.475: [GC 1867748K->1725828K(2477056K), 0.0971450 secs]
42676.279: [GC 1821124K->1742403K(2477056K), 0.0914150 secs]
42679.594: [GC 1837699K->1771022K(2469760K), 0.1343890 secs]
42682.235: [GC 1861120K->1819368K(2473408K), 0.1228520 secs]
42685.131: [GC 1914655K->1820541K(2477056K), 0.0935900 secs]
42693.447: [GC 1915837K->1822634K(2477056K), 0.0945380 secs]
42697.421: [GC 1917930K->1841166K(2473984K), 0.0646340 secs]
42704.558: [GC 1920809K->1844304K(2406400K), 0.0784640 secs]
42705.601: [GC 1914375K->1863889K(2473920K), 0.0787720 secs]
42709.041: [GC 1963985K->1891217K(2474432K), 0.1483480 secs]
42713.516: [GC 1991313K->1913124K(2477056K), 0.1254120 secs]
42720.503: [GC 2008415K->1938780K(2477056K), 0.1316010 secs]
42722.189: [GC 2034067K->1987164K(2477056K), 0.2110620 secs]
42727.808: [GC 2082460K->2007733K(2477056K), 0.1144010 secs]
42730.563: [GC 2103029K->2029643K(2474240K), 0.0995320 secs]
42735.055: [GC 2124927K->2057592K(2475648K), 0.1246480 secs]
42737.520: [GC 2152888K->2077839K(2475392K), 0.1464680 secs]
42744.633: [GC 2171691K->2125717K(2477056K), 0.2572930 secs]
42751.061: [GC 2221013K->2165095K(2475392K), 0.1295590 secs]
42754.147: [GC 2260391K->2186546K(2424512K), 0.1232330 secs]
42757.048: [GC 2281835K->2213470K(2470976K), 0.1057210 secs]
42760.690: [GC 2291768K->2234491K(2475264K), 0.1582290 secs]
42760.848: [Full GC 2234491K->2075859K(2475264K), 1.4429300 secs]
42765.210: [GC 2168469K->2098438K(2470464K), 0.0797150 secs]
42768.347: [GC 2195398K->2125478K(2474432K), 0.0907790 secs]
42771.561: [GC 2222438K->2146665K(2471936K), 0.1449840 secs]
42777.422: [GC 2239107K->2171440K(2477056K), 0.1375380 secs]
42784.627: [GC 2266736K->2185357K(2477056K), 0.1610140 secs]
42790.734: [GC 2280653K->2187147K(2477056K), 0.0955110 secs]
42792.874: [GC 2274948K->2216976K(2473984K), 0.0913870 secs]
42793.792: [GC 2304996K->2243525K(2475520K), 0.0906530 secs]
42795.675: [GC 2338822K->2263898K(2475904K), 0.1318580 secs]
42799.827: [GC 2359198K->2331807K(2477056K), 0.2208920 secs]
42800.048: [Full GC 2331807K->2051666K(2477056K), 2.6356710 secs]
42809.095: [GC 2146962K->2053691K(2477056K), 0.0675980 secs]
42815.431: [GC 2148987K->2074059K(2477056K), 0.0722600 secs]
42818.467: [GC 2169355K->2095323K(2476544K), 0.0861080 secs]
42825.167: [GC 2177445K->2097501K(2405504K), 0.0811080 secs]
42827.383: [GC 2192795K->2119110K(2476736K), 0.1058260 secs]
42828.503: [GC 2237628K->2194966K(2474432K), 0.1291270 secs]
42833.093: [GC 2293398K->2173900K(2478400K), 0.1057160 secs]
42836.257: [GC 2270540K->2195103K(2434688K), 0.1205580 secs]
42842.678: [GC 2291743K->2212386K(2473280K), 0.1259870 secs]
42848.821: [GC 2306463K->2233983K(2475840K), 0.1257940 secs]
42855.203: [GC 2328063K->2235565K(2474752K), 0.1548890 secs]
42857.104: [Full GC 2347033K->2182380K(2474752K), 2.7378200 secs]
42864.917: [GC 2277676K->2185221K(2475904K), 0.0880060 secs]
42867.263: [GC 2278380K->2213796K(2474368K), 0.0721640 secs]
42868.387: [GC 2305248K->2241500K(2475712K), 0.1035380 secs]
42875.185: [GC 2337948K->2250797K(2476224K), 0.1106640 secs]
42881.952: [GC 2346093K->2252559K(2477056K), 0.1419520 secs]
42884.971: [GC 2347855K->2273770K(2477056K), 0.1288180 secs]
42885.099: [Full GC 2273770K->1589016K(2477056K), 2.2327860 secs]
42890.584: [GC 1683528K->1653004K(2477056K), 0.0978020 secs]
42893.064: [GC 1748300K->1653648K(2477056K), 0.0986120 secs]
42898.427: [GC 1748944K->1649408K(2477056K), 0.0726020 secs]
42902.446: [GC 1744704K->1669968K(2477056K), 0.0671050 secs]
42905.497: [GC 1765264K->1712683K(2425472K), 0.1353790 secs]
42906.555: [GC 1807969K->1747940K(2469248K), 0.0973740 secs]
42908.969: [GC 1823507K->1749216K(2473152K), 0.1071420 secs]
42912.257: [GC 1840608K->1789034K(2477056K), 0.0853060 secs]
42917.145: [GC 1884323K->1791550K(2404224K), 0.1046030 secs]
42920.328: [GC 1886846K->1818541K(2477184K), 0.0828630 secs]
42924.271: [GC 1915501K->1839759K(2475520K), 0.1027860 secs]
42931.448: [GC 1936719K->1864891K(2477056K), 0.1724210 secs]
42938.026: [GC 1960187K->1904601K(2402560K), 0.1369470 secs]
42941.368: [GC 1999893K->1926860K(2477248K), 0.0889730 secs]
42943.350: [GC 2026252K->1955236K(2476224K), 0.1213970 secs]
42949.013: [GC 2054628K->1955407K(2478656K), 0.1465170 secs]
42950.492: [GC 2034501K->1974867K(2433728K), 0.0918930 secs]
42953.790: [GC 2071763K->2002570K(2471616K), 0.1819790 secs]
42956.771: [GC 2092472K->2031561K(2475136K), 0.1241960 secs]
42965.109: [GC 2124935K->2041584K(2477056K), 0.1732570 secs]
42972.012: [GC 2136880K->2083628K(2477056K), 0.1512320 secs]
42974.798: [GC 2178924K->2103689K(2477056K), 0.0717630 secs]
42979.424: [GC 2198982K->2132393K(2477056K), 0.0793400 secs]
42980.717: [GC 2227693K->2188067K(2475136K), 0.1152060 secs]
42982.376: [GC 2283353K->2209283K(2476096K), 0.1027410 secs]
42988.466: [GC 2304579K->2211017K(2476416K), 0.1304970 secs]
42995.814: [GC 2309897K->2228628K(2476864K), 0.1164270 secs]
42998.939: [GC 2327508K->2249730K(2477312K), 0.1796910 secs]
42999.119: [Full GC 2249730K->2114526K(2477312K), 1.2410140 secs]
43006.674: [GC 2213334K->2137443K(2477056K), 0.0839370 secs]
43009.498: [GC 2209223K->2136762K(2478848K), 0.0994190 secs]
43013.200: [GC 2240314K->2166129K(2478976K), 0.1021500 secs]
43015.927: [GC 2269685K->2187609K(2470208K), 0.1494600 secs]
43017.474: [GC 2281089K->2251116K(2477056K), 0.2002030 secs]
43022.755: [GC 2346411K->2230413K(2477056K), 0.1231140 secs]
43030.216: [GC 2320157K->2232599K(2477056K), 0.2225120 secs]
43034.006: [GC 2327895K->2299411K(2477056K), 0.2215430 secs]
43034.228: [Full GC 2299411K->1918774K(2477056K), 2.4916060 secs]
43041.615: [GC 2013664K->1940769K(2477056K), 0.1169780 secs]
43042.766: [GC 2030073K->1988363K(2477056K), 0.1158060 secs]
43049.476: [GC 2079555K->1991113K(2477056K), 0.0863470 secs]
43052.438: [GC 2086409K->2029191K(2477056K), 0.1047780 secs]
43055.411: [GC 2124487K->2057095K(2477056K), 0.1164600 secs]
43059.093: [GC 2152391K->2077431K(2473088K), 0.1476640 secs]
43065.814: [GC 2155261K->2079001K(2475072K), 0.0969660 secs]
43069.299: [GC 2174297K->2099746K(2473600K), 0.1116850 secs]
43072.167: [GC 2194353K->2162358K(2475968K), 0.1516880 secs]
43075.110: [GC 2264310K->2148549K(2477056K), 0.1218000 secs]
43081.831: [GC 2243844K->2169722K(2477056K), 0.1231220 secs]
43089.366: [GC 2264855K->2169170K(2477056K), 0.1165670 secs]
43090.210: [GC 2257603K->2235785K(2477056K), 0.1119340 secs]
43092.843: [GC 2331081K->2245754K(2477056K), 0.1489690 secs]
43092.992: [Full GC 2245754K->2194638K(2477056K), 1.0403780 secs]
43100.278: [GC 2271431K->2197968K(2477056K), 0.0658910 secs]
43100.344: [Full GC 2197968K->1594879K(2477056K), 2.2325440 secs]
43104.459: [GC 1684387K->1615478K(2477056K), 0.0735020 secs]
43107.774: [GC 1710774K->1643694K(2477056K), 0.0649430 secs]
43110.799: [GC 1736553K->1672726K(2477056K), 0.1036850 secs]
43118.387: [GC 1768026K->1683040K(2402560K), 0.1254450 secs]
43118.513: [GC 1683105K->1683040K(2479808K), 0.0591370 secs]
43124.901: [GC 1781920K->1684943K(2476224K), 0.0560020 secs]
43126.508: [GC 1833503K->1734868K(2478336K), 0.0446500 secs]
43127.514: [GC 1841711K->1783227K(2477248K), 0.0782190 secs]
43129.902: [GC 1883689K->1791363K(2473920K), 0.1109930 secs]
43134.157: [GC 1875341K->1820835K(2477504K), 0.1055000 secs]
43136.143: [GC 1922356K->1848371K(2477568K), 0.1118420 secs]
43142.058: [GC 1966707K->1870302K(2482240K), 0.1383590 secs]
43150.291: [GC 1988638K->1887681K(2471232K), 0.1217890 secs]
43153.963: [GC 1990657K->1909301K(2480512K), 0.1347180 secs]
43159.797: [GC 2012277K->1929837K(2473600K), 0.1617740 secs]
43163.472: [GC 2012316K->1930047K(2477056K), 0.1764580 secs]
43165.153: [GC 2021346K->1957862K(2477056K), 0.1094100 secs]
43166.910: [GC 2053158K->2014542K(2477056K), 0.1218270 secs]
43169.279: [GC 2109838K->2069775K(2477056K), 0.1035760 secs]
43177.121: [GC 2165067K->2056023K(2477056K), 0.0758180 secs]
43184.095: [GC 2151319K->2057936K(2477056K), 0.1374530 secs]
43186.776: [GC 2153232K->2078014K(2402816K), 0.0948660 secs]
43192.929: [GC 2173314K->2100247K(2478272K), 0.1008560 secs]
43194.188: [GC 2198568K->2148290K(2476672K), 0.1426000 secs]
43200.853: [GC 2246466K->2130826K(2477056K), 0.1300360 secs]
43203.160: [GC 2226122K->2170988K(2477056K), 0.1331980 secs]
43205.465: [GC 2266284K->2197322K(2471936K), 0.1333910 secs]
43210.636: [GC 2287840K->2232973K(2474496K), 0.1080830 secs]
43217.791: [GC 2328269K->2220261K(2477056K), 0.1338600 secs]
43217.925: [Full GC 2220261K->2117910K(2477056K), 1.1582670 secs]
43221.652: [GC 2213206K->2139337K(2403264K), 0.1014060 secs]
43224.633: [GC 2234501K->2202909K(2475008K), 0.1375140 secs]
43228.960: [GC 2297171K->2188926K(2476032K), 0.1026400 secs]
43238.765: [GC 2283198K->2188112K(2477056K), 0.1162580 secs]
43240.254: [GC 2281736K->2210309K(2477056K), 0.0883580 secs]
43241.971: [GC 2305605K->2264568K(2477056K), 0.1025040 secs]
43249.708: [GC 2359736K->2240172K(2477056K), 0.0768240 secs]
43249.785: [Full GC 2240172K->1920491K(2477056K), 2.5181820 secs]
43254.927: [GC 2015787K->1947797K(2473984K), 0.1039160 secs]
43258.013: [GC 2043093K->1975445K(2475520K), 0.1015490 secs]
43263.136: [GC 2070741K->1997838K(2473344K), 0.1062350 secs]
43270.694: [GC 2080866K->1997719K(2475200K), 0.1414370 secs]
43273.893: [GC 2094551K->2018455K(2474688K), 0.1715140 secs]
43276.572: [GC 2116819K->2054771K(2475392K), 0.1393040 secs]
43279.929: [GC 2157297K->2067348K(2477056K), 0.1678180 secs]
43285.080: [GC 2146767K->2067393K(2477056K), 0.0989980 secs]
43287.531: [GC 2162689K->2096378K(2477056K), 0.0966670 secs]
43290.165: [GC 2191674K->2117192K(2403072K), 0.1375850 secs]
43297.078: [GC 2212478K->2138237K(2477696K), 0.1127980 secs]
43305.607: [GC 2237117K->2140651K(2475520K), 0.1298710 secs]
43308.421: [GC 2239531K->2160574K(2472640K), 0.1252540 secs]
43312.091: [GC 2259059K->2189958K(2459328K), 0.1606780 secs]
43314.467: [GC 2283068K->2198182K(2477056K), 0.1443390 secs]
43315.525: [GC 2293478K->2240962K(2477056K), 0.1474140 secs]
43321.229: [GC 2335357K->2240685K(2477056K), 0.1287930 secs]
43329.012: [GC 2335981K->2241510K(2477056K), 0.1080420 secs]
43329.120: [Full GC 2241510K->2241476K(2477056K), 0.8064420 secs]
43335.583: [Full GC 2336434K->1382497K(2477056K), 2.0470650 secs]
43343.417: [GC 1477793K->1394151K(2477056K), 0.0602560 secs]
43346.186: [GC 1489447K->1448654K(2477056K), 0.0966540 secs]
43348.140: [GC 1543950K->1431094K(2477056K), 0.1037200 secs]
43349.360: [GC 1526390K->1523064K(2477056K), 0.1125980 secs]
43350.467: [GC 1641695K->1627515K(2477056K), 0.1556090 secs]
43353.443: [GC 1722811K->1610001K(2477056K), 0.0606190 secs]
43359.085: [GC 1703158K->1657395K(2477056K), 0.0773580 secs]
43367.630: [GC 1742293K->1632436K(2477056K), 0.0592810 secs]
43370.936: [GC 1727732K->1651941K(2470272K), 0.0526840 secs]
43376.247: [GC 1747237K->1681069K(2473664K), 0.0721820 secs]
43376.914: [GC 1781104K->1750259K(2474368K), 0.1685210 secs]
43384.702: [GC 1845555K->1731033K(2477056K), 0.1045130 secs]
43385.886: [GC 1845369K->1813697K(2477056K), 0.1302380 secs]
43393.767: [GC 1908993K->1807333K(2477056K), 0.1249960 secs]
43396.678: [GC 1902629K->1828240K(2477056K), 0.0722370 secs]
43403.012: [GC 1905017K->1830738K(2477056K), 0.0897990 secs]
43406.749: [GC 1926034K->1851151K(2477056K), 0.0637600 secs]
43409.228: [GC 1946447K->1879485K(2410368K), 0.1148660 secs]
43412.383: [GC 1974713K->1909862K(2467520K), 0.1421750 secs]
43419.867: [GC 1999807K->1900944K(2472000K), 0.1051290 secs]
43421.620: [GC 1980164K->1919939K(2475456K), 0.1529650 secs]
43423.820: [GC 2014275K->1947407K(2476096K), 0.1362980 secs]
43429.017: [GC 2041742K->1968729K(2477056K), 0.2050290 secs]
43435.112: [GC 2064024K->1969873K(2477056K), 0.0960440 secs]
43437.197: [GC 2075359K->2016862K(2472832K), 0.0762590 secs]
43440.945: [GC 2112158K->2017682K(2474944K), 0.1023470 secs]
43446.384: [GC 2112974K->2039709K(2474432K), 0.0934540 secs]
43454.364: [GC 2125569K->2037935K(2475008K), 0.1324340 secs]
43456.771: [GC 2137263K->2059832K(2470400K), 0.1517910 secs]
43458.702: [GC 2151670K->2094388K(2477056K), 0.1386820 secs]
43463.011: [GC 2179204K->2087477K(2477056K), 0.1377920 secs]
43465.285: [GC 2182773K->2136418K(2477056K), 0.1463360 secs]
43467.230: [GC 2225374K->2169532K(2475136K), 0.1023190 secs]
43472.154: [GC 2264820K->2184133K(2476096K), 0.1044290 secs]
43480.135: [GC 2279429K->2182667K(2473600K), 0.1220300 secs]
43484.205: [GC 2282315K->2202654K(2475072K), 0.1413130 secs]
43489.587: [GC 2302294K->2224417K(2475328K), 0.1398690 secs]
43495.089: [GC 2319713K->2245140K(2477056K), 0.1942780 secs]
43495.284: [Full GC 2245140K->2019628K(2477056K), 1.3749740 secs]
43498.706: [GC 2101099K->2048620K(2477056K), 0.0960740 secs]
43499.376: [GC 2146166K->2098784K(2477056K), 0.0960550 secs]
43502.128: [GC 2194077K->2105360K(2477056K), 0.1074260 secs]
43509.675: [GC 2200656K->2103822K(2477056K), 0.0974540 secs]
43514.591: [GC 2199118K->2124539K(2477056K), 0.0808810 secs]
43525.008: [GC 2219835K->2126827K(2477056K), 0.0987340 secs]
43528.272: [GC 2215153K->2189521K(2477056K), 0.1003990 secs]
43534.148: [GC 2263418K->2157290K(2477056K), 0.0706390 secs]
43536.108: [GC 2252586K->2185564K(2477056K), 0.1254000 secs]
43553.881: [GC 2280860K->2188296K(2477056K), 0.0750440 secs]
43557.383: [GC 2283592K->2215460K(2471808K), 0.0795720 secs]
43565.129: [GC 2304913K->2231876K(2474432K), 0.1189740 secs]
43566.737: [GC 2327163K->2314880K(2473088K), 0.1516870 secs]
43566.889: [Full GC 2314880K->2121618K(2473088K), 2.7233840 secs]
43572.579: [GC 2216914K->2177680K(2477056K), 0.1428780 secs]
43578.806: [GC 2272976K->2179611K(2477056K), 0.1157770 secs]
43585.307: [GC 2274901K->2207991K(2477056K), 0.0683510 secs]
43593.843: [GC 2303287K->2210991K(2477056K), 0.0772710 secs]
43593.921: [Full GC 2210991K->1683855K(2477056K), 2.2932250 secs]
43606.964: [GC 1756278K->1687223K(2385216K), 0.0544470 secs]
43609.321: [GC 1782519K->1714975K(2473344K), 0.0854820 secs]
43615.276: [GC 1814548K->1742612K(2474816K), 0.1586720 secs]
43629.867: [GC 1842196K->1739583K(2475520K), 0.1071640 secs]
43640.640: [GC 1834879K->1744086K(2414336K), 0.1017790 secs]
43642.560: [GC 1818390K->1771122K(2470080K), 0.0883820 secs]
43643.233: [GC 1871176K->1821370K(2473792K), 0.1343430 secs]
43654.328: [GC 1914490K->1802606K(2477056K), 0.1637970 secs]
43669.737: [GC 1897902K->1806652K(2477056K), 0.1056640 secs]
43673.010: [GC 1901948K->1833932K(2473728K), 0.1583300 secs]
43677.760: [GC 1929221K->1864296K(2475392K), 0.1110820 secs]
43689.114: [GC 1959592K->1887148K(2476160K), 0.1172530 secs]
43698.487: [GC 1967180K->1888748K(2414592K), 0.1100250 secs]
43703.466: [GC 1985708K->1917796K(2473600K), 0.1153100 secs]
43714.807: [GC 1995704K->1914780K(2476096K), 0.0998700 secs]
43717.411: [GC 2012252K->1943708K(2474432K), 0.1431550 secs]
43726.676: [GC 2030358K->1944348K(2477056K), 0.1222720 secs]
43730.828: [GC 2039644K->1973172K(2477056K), 0.1911020 secs]
43747.819: [GC 2068468K->1971284K(2477056K), 0.1533780 secs]
43754.804: [GC 2057195K->2001907K(2477056K), 0.1225460 secs]
43755.459: [GC 2104703K->2063203K(2477056K), 0.0885110 secs]
43755.553: [GC 2070790K->2070707K(2477056K), 0.0831660 secs]
43757.156: [GC 2215689K->2114029K(2477056K), 0.0434800 secs]
43762.838: [GC 2209325K->2116160K(2477056K), 0.0553420 secs]
43778.422: [GC 2211456K->2118812K(2477056K), 0.0782890 secs]
43785.284: [GC 2214101K->2147206K(2472320K), 0.0839870 secs]
43791.199: [GC 2242502K->2177836K(2474688K), 0.1673950 secs]
43793.349: [GC 2273133K->2205880K(2466432K), 0.0736600 secs]
43810.462: [GC 2307448K->2209616K(2473344K), 0.1034500 secs]
43814.724: [GC 2311121K->2265460K(2470848K), 0.1475970 secs]
43825.017: [GC 2349015K->2234612K(2477440K), 0.0978580 secs]
43830.101: [GC 2337780K->2262664K(2474304K), 0.1770700 secs]
43842.022: [GC 2354816K->2265024K(2478976K), 0.1223870 secs]
43847.571: [GC 2370368K->2294488K(2473216K), 0.1834840 secs]
43859.743: [GC 2368662K->2291321K(2477056K), 0.1369980 secs]
43861.917: [GC-- 2386617K->2442049K(2477056K), 0.2224380 secs]
43862.140: [Full GC 2442049K->2208260K(2477056K), 1.2724410 secs]
43872.100: [GC 2283057K->2210504K(2477056K), 0.0553760 secs]
43876.280: [GC 2305800K->2239380K(2477056K), 0.0840290 secs]
43894.089: [GC 2334676K->2238500K(2477056K), 0.1032980 secs]
43897.936: [GC 2333787K->2268357K(2477056K), 0.0974040 secs]
43898.033: [Full GC 2268357K->806932K(1946368K), 1.6917960 secs]
43902.317: [GC 874718K->808366K(1946368K), 0.0311010 secs]
43906.390: [GC 903662K->864379K(1946368K), 0.0866380 secs]
43925.265: [GC 959671K->837695K(1946368K), 0.0510800 secs]
43931.214: [GC 932986K->866495K(1880256K), 0.0612880 secs]
43946.155: [GC 961791K->866831K(1942208K), 0.0561210 secs]
43948.014: [GC 965583K->967167K(1944256K), 0.1978480 secs]
43953.114: [GC 1065919K->968096K(1946368K), 0.1099140 secs]
43959.392: [GC 1063390K->996904K(1946368K), 0.1037350 secs]
43973.859: [GC 1092197K->1024832K(1946368K), 0.0876590 secs]
43984.893: [GC 1120128K->1028594K(1946368K), 0.0638350 secs]
43987.996: [GC 1123777K->1063225K(1937280K), 0.0689470 secs]
44003.425: [GC 1158521K->1056445K(1880064K), 0.0802500 secs]
44015.017: [GC 1150805K->1060997K(1930752K), 0.1127650 secs]
44019.623: [GC 1160197K->1087861K(1935680K), 0.0986450 secs]
44037.901: [GC 1187061K->1085549K(1942336K), 0.0903370 secs]
44044.229: [GC 1185703K->1114289K(1945856K), 0.1058940 secs]
44059.448: [GC 1213538K->1139193K(1946368K), 0.1404040 secs]
44071.241: [GC 1234489K->1142985K(1946368K), 0.1002400 secs]
44074.539: [GC 1238281K->1170609K(1944448K), 0.1464430 secs]
44092.567: [GC 1265905K->1168961K(1881600K), 0.0833600 secs]
44099.713: [GC 1264248K->1197357K(1942848K), 0.0836980 secs]
44107.690: [GC 1293613K->1199721K(1944768K), 0.1357930 secs]
44126.258: [GC 1295977K->1197945K(1945856K), 0.0993760 secs]
44128.645: [GC 1293229K->1232192K(1946368K), 0.2324540 secs]
44129.512: [GC 1327491K->1276255K(1946368K), 0.1503610 secs]
44136.376: [GC 1371551K->1277438K(1946368K), 0.1718730 secs]
44153.162: [GC 1372733K->1274410K(1946368K), 0.1849990 secs]
44157.784: [GC 1365949K->1302526K(1946368K), 0.1024450 secs]
44173.375: [GC 1397819K->1327472K(1946368K), 0.1020930 secs]
44184.778: [GC 1422722K->1330720K(1946368K), 0.0457020 secs]
44188.215: [GC 1426016K->1358925K(1946368K), 0.0730880 secs]
44205.658: [GC 1454221K->1360581K(1946368K), 0.0588030 secs]
44213.119: [GC 1455869K->1388969K(1946368K), 0.0585940 secs]
44222.184: [GC 1484265K->1391807K(1946368K), 0.0663330 secs]
44240.475: [GC 1487103K->1393119K(1946368K), 0.0531150 secs]
44243.730: [GC 1488415K->1420366K(1946368K), 0.1139920 secs]
44262.446: [GC 1515662K->1422316K(1944448K), 0.0638940 secs]
44271.019: [GC 1492675K->1423444K(1945408K), 0.0469340 secs]
44274.903: [GC 1518740K->1452324K(1939520K), 0.0788280 secs]
44293.553: [GC 1551460K->1450388K(1885376K), 0.0713940 secs]
44299.673: [GC 1539675K->1451303K(1934080K), 0.0874390 secs]
44304.043: [GC 1554023K->1480367K(1937792K), 0.1056490 secs]
44323.988: [GC 1583087K->1478471K(1944512K), 0.1088800 secs]
44326.965: [GC 1531885K->1479901K(1918080K), 0.1323820 secs]
44328.217: [GC 1582236K->1530086K(1946368K), 0.1977830 secs]
44329.547: [GC 1622914K->1557927K(1946368K), 0.1177440 secs]
44337.095: [GC 1653223K->1558760K(1946368K), 0.1329730 secs]
44352.888: [GC 1654052K->1556091K(1946368K), 0.1813150 secs]
44358.192: [GC 1651099K->1584304K(1946368K), 0.1431360 secs]
44373.848: [GC 1679600K->1631701K(1946368K), 0.1349470 secs]
44385.841: [GC 1726997K->1634996K(1946368K), 0.0923330 secs]
44389.135: [GC 1730292K->1689928K(1946368K), 0.1376540 secs]
44406.674: [GC 1785224K->1717986K(1946368K), 0.1336750 secs]
44406.808: [Full GC 1717986K->1431611K(2477056K), 2.0670440 secs]
44416.457: [GC 1500516K->1433484K(2477056K), 0.0450880 secs]
44420.427: [GC 1528780K->1462409K(2477056K), 0.0722040 secs]
44438.393: [GC 1557705K->1490861K(2477056K), 0.1445900 secs]
44445.022: [GC 1586155K->1519881K(2477056K), 0.0587550 secs]
44454.757: [GC 1615177K->1547600K(2477056K), 0.1212600 secs]
44471.970: [GC 1642896K->1552142K(2477056K), 0.0539640 secs]
44475.109: [GC 1647438K->1579233K(2410112K), 0.0716570 secs]
44492.778: [GC 1674529K->1580865K(2472000K), 0.0963660 secs]
44502.210: [GC 1656601K->1582317K(2417408K), 0.1058610 secs]
44506.926: [GC 1681837K->1611393K(2467008K), 0.1540610 secs]
44525.204: [GC 1708993K->1609377K(2473280K), 0.1264290 secs]
44530.781: [GC 1706972K->1637649K(2475072K), 0.1595020 secs]
44546.988: [GC 1732945K->1662983K(2477056K), 0.1817980 secs]
44553.187: [GC 1807964K->1714002K(2477056K), 0.1046050 secs]
44557.712: [GC 1809298K->1715609K(2477056K), 0.1053070 secs]
44561.161: [GC 1810905K->1742841K(2477056K), 0.0752660 secs]
44579.005: [GC 1838137K->1744954K(2477056K), 0.1129440 secs]
44587.644: [GC 1819736K->1746132K(2476416K), 0.0517490 secs]
44591.644: [GC 1841428K->1775036K(2412992K), 0.0964220 secs]
44608.914: [GC 1870332K->1774812K(2468032K), 0.0893420 secs]
44616.390: [GC 1874711K->1803180K(2469888K), 0.0930870 secs]
44624.767: [GC 1903084K->1806092K(2472768K), 0.1412370 secs]
44643.228: [GC 1903308K->1804180K(2444032K), 0.1610110 secs]
44647.021: [GC 1901396K->1859082K(2477056K), 0.2080590 secs]
44665.703: [GC 1954378K->1885416K(2477056K), 0.2010070 secs]
44672.676: [GC 1980703K->1913812K(2477056K), 0.1379800 secs]
44681.558: [GC 2009108K->1916696K(2477056K), 0.1458540 secs]
44699.107: [GC 2011992K->1942120K(2477056K), 0.2160970 secs]
44702.059: [GC 2064591K->2011557K(2477056K), 0.1474700 secs]
44709.043: [GC 2106853K->2026773K(2477056K), 0.2003960 secs]
44711.855: [GC 2122053K->2076917K(2477056K), 0.1296470 secs]
44715.699: [GC 2148648K->2123635K(2477056K), 0.1785580 secs]
44719.420: [GC 2218931K->2152026K(2410368K), 0.0779450 secs]
44730.819: [GC 2243867K->2154379K(2479616K), 0.0735360 secs]
44732.608: [GC 2238830K->2182438K(2476480K), 0.1282950 secs]
44736.169: [GC 2281830K->2211219K(2474752K), 0.1762410 secs]
44752.038: [GC 2296527K->2208749K(2477056K), 0.1548950 secs]
44754.428: [GC 2304045K->2263619K(2477056K), 0.2069580 secs]
44754.635: [Full GC 2263619K->1729636K(2477056K), 2.3717430 secs]
44762.667: [GC 1824932K->1759005K(2477056K), 0.0900900 secs]
44774.922: [GC 1854300K->1759130K(2477056K), 0.0863530 secs]
44786.091: [GC 1854426K->1762478K(2477056K), 0.0494880 secs]
44789.993: [GC 1850567K->1817987K(2477056K), 0.0944140 secs]
44806.258: [GC 1913283K->1819473K(2477056K), 0.0797550 secs]
44817.112: [GC 1910339K->1822178K(2477056K), 0.0497030 secs]
44820.151: [GC 1917474K->1851046K(2410752K), 0.0769240 secs]
44838.558: [GC 1946342K->1852791K(2473856K), 0.0981960 secs]
44844.207: [GC 1953909K->1885464K(2474240K), 0.0973340 secs]
44846.004: [GC 1986580K->1912492K(2474880K), 0.1231220 secs]
44853.813: [GC 2007788K->1914870K(2477056K), 0.1364350 secs]
44868.269: [GC 2010166K->1971827K(2477056K), 0.1688750 secs]
44874.360: [GC 2067112K->2000851K(2477056K), 0.0791290 secs]
44888.916: [GC 2096147K->2028810K(2477056K), 0.0822180 secs]
44898.549: [GC 2124106K->2032174K(2477056K), 0.0566560 secs]
44902.869: [GC 2127465K->2060130K(2476288K), 0.0674160 secs]
44909.167: [GC 2155426K->2062674K(2413376K), 0.1403690 secs]
44925.241: [GC 2157970K->2062954K(2469888K), 0.0970400 secs]
44931.521: [GC 2163313K->2118802K(2470848K), 0.1325140 secs]
44948.277: [GC 2219602K->2088906K(2471680K), 0.1103250 secs]
44958.969: [GC 2195466K->2092162K(2477248K), 0.1942120 secs]
44963.130: [GC 2198722K->2119954K(2472896K), 0.1293350 secs]
44982.476: [GC 2227218K->2117986K(2478656K), 0.1084920 secs]
44989.435: [GC 2225041K->2174274K(2470400K), 0.2075310 secs]
45005.519: [GC 2269570K->2144198K(2477056K), 0.1185030 secs]
45016.787: [GC 2239242K->2146662K(2477056K), 0.1011100 secs]
45020.877: [GC 2241958K->2175658K(2477056K), 0.1181730 secs]
45037.892: [GC 2270954K->2173362K(2477056K), 0.1286320 secs]
45044.639: [GC 2268653K->2229863K(2477056K), 0.1858340 secs]
45053.371: [GC 2325159K->2205379K(2477056K), 0.1310350 secs]
45073.126: [GC 2300675K->2202913K(2477056K), 0.0873690 secs]
45076.386: [GC 2291284K->2264961K(2477056K), 0.1313550 secs]
45082.618: [GC 2360257K->2269199K(2477056K), 0.1597050 secs]
45082.778: [Full GC 2269199K->1210925K(2374784K), 1.8866140 secs]
45085.709: [GC 1306218K->1310769K(2374784K), 0.1191590 secs]
45099.734: [GC 1406065K->1363218K(2374784K), 0.1641380 secs]
45107.547: [GC 1458506K->1391639K(2374784K), 0.0582830 secs]
45115.227: [GC 1486935K->1421231K(2374784K), 0.1009910 secs]
45133.006: [GC 1516527K->1422999K(2374784K), 0.0933240 secs]
45136.128: [GC 1518295K->1458463K(2315840K), 0.0788350 secs]
45152.559: [GC 1553759K->1452182K(2373952K), 0.1008830 secs]
45163.394: [GC 1542091K->1454066K(2372992K), 0.0889850 secs]
45168.104: [GC 1555122K->1483078K(2368320K), 0.1139770 secs]
45186.295: [GC 1585030K->1480814K(2374016K), 0.1291850 secs]
45192.591: [GC 1582766K->1509350K(2370880K), 0.1934520 secs]
45206.561: [GC 1604646K->1533684K(2374784K), 0.1700060 secs]
45218.856: [GC 1628980K->1537780K(2374784K), 0.0996090 secs]
45222.167: [GC 1633076K->1592616K(2374784K), 0.1366770 secs]
45234.231: [GC 1737586K->1639708K(2368384K), 0.1046570 secs]
45239.330: [GC 1735004K->1641467K(2371584K), 0.1391830 secs]
45249.774: [GC 1729657K->1644200K(2366848K), 0.0843310 secs]
45254.840: [GC 1747048K->1673444K(2371584K), 0.1493140 secs]
45270.067: [GC 1776292K->1671708K(2376000K), 0.1070470 secs]
45278.357: [GC 1774681K->1700217K(2376704K), 0.1932270 secs]
45293.421: [GC 1803193K->1697185K(2372864K), 0.1591430 secs]
45304.941: [GC 1792481K->1728641K(2374784K), 0.1635310 secs]
45308.222: [GC 1823703K->1728644K(2374784K), 0.1220290 secs]
45325.694: [GC 1823940K->1726728K(2374784K), 0.1483920 secs]
45335.745: [GC 1813411K->1728116K(2374784K), 0.0791730 secs]
45339.957: [GC 1823412K->1756973K(2374784K), 0.1006250 secs]
45357.790: [GC 1852269K->1757821K(2374784K), 0.0771280 secs]
45364.180: [GC 1853107K->1786933K(2374784K), 0.0657470 secs]
45371.407: [GC 1882229K->1789661K(2374784K), 0.1003840 secs]
45388.353: [GC 1884957K->1790612K(2374784K), 0.0581690 secs]
45391.599: [GC 1880779K->1853260K(2374784K), 0.0986000 secs]
45401.256: [GC 1941611K->1850026K(2374784K), 0.1015680 secs]
45402.434: [GC 1945311K->1895603K(2374784K), 0.0834750 secs]
45412.926: [GC 1990899K->1948128K(2374784K), 0.1321100 secs]
45420.084: [GC 2043422K->1976473K(2374272K), 0.1442680 secs]
45428.498: [GC 2071769K->1979393K(2312000K), 0.0982200 secs]
45446.345: [GC 2074689K->1978905K(2370688K), 0.1029220 secs]
45450.898: [GC 2080473K->2006233K(2369472K), 0.1755320 secs]
45470.048: [GC 2107801K->2005193K(2374272K), 0.1417540 secs]
45478.108: [GC 2106376K->2033617K(2372096K), 0.1516490 secs]
45493.686: [GC 2134800K->2030553K(2374784K), 0.1921980 secs]
45506.098: [GC 2125849K->2034685K(2374784K), 0.1204630 secs]
45509.295: [GC 2129981K->2089637K(2374784K), 0.1678250 secs]
45527.743: [GC 2184933K->2088253K(2310016K), 0.0967810 secs]
45535.311: [GC 2168625K->2089077K(2375424K), 0.1138080 secs]
45540.151: [GC 2188149K->2118045K(2371648K), 0.1763000 secs]
45557.662: [GC 2217117K->2115765K(2376320K), 0.1588000 secs]
45564.307: [GC 2216559K->2144382K(2371648K), 0.1713770 secs]
45574.583: [GC 2245182K->2168565K(2374784K), 0.1768080 secs]
45574.760: [Full GC 2168565K->1789102K(2477056K), 2.3841850 secs]
45592.164: [GC 1884398K->1789646K(2477056K), 0.0831720 secs]
45626.811: [GC 1859071K->1789444K(2477056K), 0.0462760 secs]
45628.048: [GC 1879801K->1879300K(2477056K), 0.1090090 secs]
45788.106: [GC 1974596K->1873032K(2477056K), 0.1179940 secs]
45896.022: [GC 1954659K->1880821K(2477056K), 0.0608750 secs]
45897.248: [GC 1976112K->1922256K(2477056K), 0.1172210 secs]
46060.872: [GC 2017552K->1972587K(2477056K), 0.1087480 secs]
46104.536: [GC 2117558K->2022050K(2477056K), 0.0745900 secs]
46247.020: [GC 2117346K->2022931K(2477056K), 0.0562050 secs]
46257.014: [GC 2118223K->2061637K(2477056K), 0.0783190 secs]
46356.990: [GC 2153834K->2104203K(2477056K), 0.1059750 secs]
46358.170: [GC 2182094K->2110948K(2477056K), 0.0984540 secs]
46358.675: [GC 2185271K->2110264K(2381952K), 0.0561020 secs]
46524.877: [GC 2199138K->2115143K(2478272K), 0.0570270 secs]
46526.163: [GC 2214469K->2210079K(2474240K), 0.1382470 secs]
46696.242: [GC 2303855K->2264492K(2480192K), 0.2114840 secs]
46696.453: [Full GC 2264492K->227234K(1443008K), 1.3857290 secs]
46699.253: [GC 331873K->341552K(1418624K), 0.0991270 secs]
46812.649: [GC 446192K->392366K(1440192K), 0.0931650 secs]
46823.970: [GC 450686K->391590K(1345344K), 0.0230960 secs]
46825.875: [GC 487206K->467837K(1433152K), 0.0967000 secs]
46939.067: [GC 559933K->468997K(1436672K), 0.1404310 secs]
47044.544: [GC 560718K->475899K(1439872K), 0.0211940 secs]
47045.694: [GC 571183K->570826K(1439872K), 0.1206540 secs]
47057.633: [GC 666122K->521887K(1439872K), 0.0398320 secs]
47225.086: [GC 617183K->522527K(1346048K), 0.0217210 secs]
47231.799: [GC 617815K->621152K(1434112K), 0.0830070 secs]
47339.759: [GC 713568K->621717K(1436992K), 0.0793720 secs]
47359.128: [GC 708558K->630514K(1429312K), 0.0254330 secs]
47360.234: [GC 723169K->651893K(1434752K), 0.0866970 secs]
47502.121: [GC 848656K->738802K(1435712K), 0.0387090 secs]
47553.927: [GC 847663K->837453K(1440000K), 0.1084260 secs]
47621.080: [GC 946317K->889016K(1450304K), 0.1058920 secs]
47639.869: [GC 1003960K->887816K(1365120K), 0.0372050 secs]
47669.526: [GC 996930K->896105K(1448000K), 0.0650600 secs]
47703.767: [GC 1016681K->894853K(1446016K), 0.0294700 secs]
47755.443: [GC 1015416K->995306K(1438400K), 0.1050140 secs]
47788.858: [GC 1112482K->1002866K(1432768K), 0.1051420 secs]
47791.340: [GC 1120031K->1032844K(1437312K), 0.1323660 secs]
47807.600: [GC 1127855K->1010415K(1439872K), 0.1256310 secs]
47809.563: [GC 1105697K->1040340K(1439872K), 0.1451120 secs]
47865.416: [GC 1135635K->1060004K(1439872K), 0.1107690 secs]
47868.122: [GC 1155297K->1089957K(1439872K), 0.0510500 secs]
47875.219: [GC 1183359K->1070597K(1439872K), 0.0582650 secs]
47876.615: [GC 1165878K->1116166K(1439872K), 0.0986550 secs]
47889.114: [GC 1211450K->1174076K(1439872K), 0.1436840 secs]
47889.258: [Full GC 1174076K->623252K(1842560K), 1.1347310 secs]
47893.917: [GC 718539K->661716K(1842560K), 0.0570010 secs]
47910.626: [GC 757009K->646770K(1842560K), 0.0419540 secs]
47912.924: [GC 742056K->669891K(1839488K), 0.0902590 secs]
47952.636: [GC 765187K->647616K(1841024K), 0.0451860 secs]
48003.387: [GC 742682K->649401K(1839616K), 0.0204110 secs]
48004.464: [GC 748531K->746587K(1842240K), 0.0835740 secs]
48080.986: [GC 845723K->796961K(1845056K), 0.1628460 secs]
48159.237: [GC 874000K->804768K(1761536K), 0.0486180 secs]
48160.463: [GC 905580K->895925K(1839040K), 0.1549350 secs]
48312.987: [GC 986815K->901174K(1842112K), 0.0743510 secs]
48314.232: [GC 1000178K->995794K(1843712K), 0.1047570 secs]
48460.758: [GC 1091388K->1046217K(1846592K), 0.1012040 secs]
48462.041: [GC 1145940K->1145258K(1842816K), 0.0957820 secs]
48475.375: [GC 1246698K->1146017K(1845632K), 0.1519390 secs]
48487.646: [GC 1242081K->1148807K(1838976K), 0.0413610 secs]
48497.239: [GC 1252295K->1176645K(1842688K), 0.0786400 secs]
48511.496: [GC 1280133K->1166051K(1845056K), 0.0573620 secs]
48521.544: [GC 1281251K->1183126K(1847808K), 0.0704040 secs]
48538.274: [GC 1291920K->1183642K(1848512K), 0.0531980 secs]
48554.031: [GC 1310426K->1196308K(1851520K), 0.0421870 secs]
48565.068: [GC 1323092K->1214008K(1857408K), 0.0894720 secs]
48586.824: [GC 1351541K->1213066K(1858048K), 0.0652950 secs]
48599.433: [GC 1350602K->1231168K(1857024K), 0.1244520 secs]
48616.448: [GC 1367804K->1242976K(1851584K), 0.1184720 secs]
48626.226: [GC 1347620K->1239623K(1842112K), 0.1025350 secs]
48627.546: [GC 1339304K->1338962K(1838016K), 0.1758120 secs]
48639.398: [GC 1445266K->1342642K(1842560K), 0.2098870 secs]
48646.969: [GC 1437938K->1358699K(1842560K), 0.1545120 secs]
48661.844: [GC 1453995K->1356582K(1842560K), 0.1277760 secs]
48669.344: [GC 1451873K->1371951K(1842560K), 0.1575630 secs]
48683.502: [GC 1467247K->1369210K(1842560K), 0.0862550 secs]
48687.406: [GC 1464506K->1398553K(1842560K), 0.1132450 secs]
48696.347: [GC 1493846K->1415267K(1842560K), 0.0777300 secs]
48708.081: [GC 1510560K->1428568K(1842560K), 0.0863690 secs]
48714.876: [GC 1523864K->1443277K(1842560K), 0.0538390 secs]
48723.643: [GC 1538565K->1459581K(1842560K), 0.1242140 secs]
48728.744: [GC 1554877K->1474914K(1837440K), 0.0924800 secs]
48740.870: [GC 1570210K->1474472K(1840000K), 0.0559140 secs]
48751.356: [GC 1562722K->1476210K(1839424K), 0.0717590 secs]
48758.761: [GC 1578482K->1493704K(1842624K), 0.0711870 secs]
48767.204: [GC 1555345K->1490715K(1835648K), 0.0595760 secs]
48768.393: [GC 1602073K->1590639K(1841024K), 0.1980060 secs]
48777.762: [GC 1688042K->1606808K(1842112K), 0.1917390 secs]
48785.990: [GC 1708248K->1624514K(1773568K), 0.1708180 secs]
48786.161: [Full GC 1624514K->911548K(2012800K), 1.6025240 secs]
48805.842: [GC 1012988K->916157K(2085504K), 0.1204130 secs]
48814.855: [GC 1022845K->932347K(2083776K), 0.0589620 secs]
48831.661: [GC 1039035K->933551K(2086912K), 0.0466710 secs]
48842.549: [GC 1047791K->950756K(2085056K), 0.0752140 secs]
48864.141: [GC 1064996K->952832K(2091200K), 0.1366200 secs]
48879.855: [GC 1079744K->963838K(2090880K), 0.0955100 secs]
48894.061: [GC 1085868K->966826K(2094400K), 0.0457840 secs]
48910.553: [GC 1106090K->981746K(2097088K), 0.0749420 secs]
48922.980: [GC 1121010K->999232K(2103680K), 0.0655130 secs]
48947.189: [GC 1148021K->997978K(2105216K), 0.0596450 secs]
48962.229: [GC 1148314K->1010398K(2103616K), 0.0642240 secs]
48975.148: [GC 1158686K->1027948K(2102656K), 0.1494460 secs]
48984.375: [GC 1138334K->1024180K(2080640K), 0.1376200 secs]
48986.213: [GC 1139111K->1130679K(2078208K), 0.1545790 secs]
48999.143: [GC 1245687K->1127928K(2081600K), 0.1514130 secs]
49006.377: [GC 1223224K->1144032K(2081792K), 0.1250110 secs]
49018.025: [GC 1239328K->1140556K(2081792K), 0.0866380 secs]
49027.359: [GC 1235851K->1156414K(2081792K), 0.0686860 secs]
49041.404: [GC 1251710K->1153722K(2081792K), 0.0434790 secs]
49053.279: [GC 1248884K->1157028K(2081792K), 0.0684300 secs]
49060.403: [GC 1252324K->1174067K(2073600K), 0.0640060 secs]
49076.148: [GC 1269363K->1174545K(2077696K), 0.0494720 secs]
49083.369: [GC 1269841K->1190783K(2074752K), 0.0735910 secs]
49097.249: [GC 1295359K->1188459K(2079744K), 0.0665060 secs]
49106.362: [GC 1281351K->1189819K(2075264K), 0.0593850 secs]
49117.507: [GC 1303611K->1201033K(2080000K), 0.0974340 secs]
49130.237: [GC 1314825K->1204601K(2084608K), 0.1086370 secs]
49140.314: [GC 1328761K->1221935K(2085952K), 0.1751290 secs]
49159.032: [GC 1346095K->1220239K(2100224K), 0.1490480 secs]
49175.078: [GC 1356943K->1231817K(2100928K), 0.1374410 secs]
49187.378: [GC 1363981K->1269497K(2082560K), 0.1358200 secs]
49196.562: [GC 1383980K->1252283K(2092352K), 0.0940250 secs]
49198.413: [GC 1368271K->1352785K(2077376K), 0.1313380 secs]
49211.815: [GC 1458321K->1349265K(2065728K), 0.1395340 secs]
49220.185: [GC 1454801K->1365827K(2081792K), 0.1730190 secs]
49235.899: [GC 1461120K->1412553K(2081792K), 0.2121330 secs]
49243.528: [GC 1507849K->1428589K(2081792K), 0.0875660 secs]
49259.224: [GC 1523885K->1426776K(2081792K), 0.1196300 secs]
49268.640: [GC 1522062K->1442707K(2081792K), 0.0524610 secs]
49279.444: [GC 1538003K->1455809K(1986752K), 0.0627910 secs]
49291.926: [GC 1551105K->1460738K(2083840K), 0.0474340 secs]
49299.046: [GC 1558210K->1477083K(2005760K), 0.0801050 secs]
49315.632: [GC 1574555K->1478805K(2079296K), 0.0841980 secs]
49322.893: [GC 1577340K->1509113K(2077248K), 0.1048670 secs]
49338.665: [GC 1608889K->1492151K(2074240K), 0.0554630 secs]
49348.893: [GC 1601203K->1509077K(2079360K), 0.0680810 secs]
49364.360: [GC 1618133K->1506741K(2080448K), 0.1036600 secs]
49372.364: [GC 1598295K->1509125K(2083712K), 0.1306100 secs]
49373.784: [GC 1625645K->1615909K(2085568K), 0.2034030 secs]
49380.722: [GC 1738533K->1575247K(2093696K), 0.0795860 secs]
49398.278: [GC 1697871K->1573279K(2088064K), 0.0912370 secs]
49410.770: [GC 1702687K->1590811K(2094272K), 0.1508560 secs]
49434.025: [GC 1720219K->1589451K(2099520K), 0.0658690 secs]
49452.140: [GC 1731339K->1601045K(2102912K), 0.1064890 secs]
49463.014: [GC 1742884K->1638432K(2106752K), 0.0831600 secs]
49486.192: [GC 1787168K->1620195K(2107648K), 0.1029780 secs]
49499.726: [GC 1768931K->1631383K(2103168K), 0.0492740 secs]
49517.736: [GC 1779583K->1669800K(2106432K), 0.1018440 secs]
49532.287: [GC 1773308K->1646121K(2109376K), 0.0534070 secs]
49537.473: [GC 1801769K->1697635K(2110208K), 0.1786380 secs]
49552.484: [GC 1853283K->1716008K(2108864K), 0.1125500 secs]
49572.930: [GC 1866355K->1728812K(2110272K), 0.1074430 secs]
49592.058: [GC 1890857K->1741982K(2113792K), 0.0525400 secs]
49612.243: [GC 1914078K->1755404K(2117056K), 0.0605010 secs]
49629.223: [GC 1927500K->1774442K(2108736K), 0.1427200 secs]
49653.684: [GC 1937485K->1773850K(2103360K), 0.0896580 secs]
49672.791: [GC 1937242K->1787312K(2091968K), 0.1330200 secs]
49682.879: [GC 1920423K->1808499K(2093952K), 0.1420090 secs]
49703.150: [GC 1942575K->1807595K(2074240K), 0.1239540 secs]
49710.321: [GC 1907499K->1824225K(2075520K), 0.1403860 secs]
49726.264: [GC 1924129K->1821447K(2081792K), 0.1594370 secs]
49733.442: [GC 1916699K->1843419K(2081792K), 0.1653250 secs]
49749.903: [GC 1938715K->1850229K(2081792K), 0.2545790 secs]
49750.158: [Full GC 1850229K->1219372K(2372480K), 1.8519880 secs]
49762.108: [GC 1305486K->1222372K(2372480K), 0.0485430 secs]
49769.998: [GC 1317668K->1239994K(2372480K), 0.0965000 secs]
49785.371: [GC 1335286K->1239129K(2372480K), 0.0594070 secs]
49792.530: [GC 1334425K->1255141K(2372480K), 0.0956960 secs]
49807.853: [GC 1350433K->1256591K(2372480K), 0.0503580 secs]
49815.172: [GC 1347995K->1272119K(2364928K), 0.0486580 secs]
49822.437: [GC 1367415K->1276861K(2368704K), 0.0691790 secs]
49827.692: [GC 1372157K->1302685K(2363968K), 0.0573870 secs]
49832.694: [GC 1407453K->1333462K(2370432K), 0.0729560 secs]
49838.077: [GC 1438230K->1339483K(2375744K), 0.0696780 secs]
49843.062: [GC 1452639K->1378230K(2376960K), 0.0774590 secs]
49850.161: [GC 1495414K->1366152K(2385984K), 0.0585010 secs]
49860.692: [GC 1496328K->1373814K(2387968K), 0.0679700 secs]
49868.678: [GC 1503990K->1380819K(2387904K), 0.0523060 secs]
49874.552: [GC 1517395K->1400872K(2389632K), 0.0612140 secs]
49887.319: [GC 1537448K->1405533K(2395008K), 0.0584920 secs]
49897.507: [GC 1552413K->1413879K(2393600K), 0.0806520 secs]
49907.402: [GC 1560759K->1433203K(2398720K), 0.0665630 secs]
49920.946: [GC 1591293K->1441099K(2398912K), 0.0719800 secs]
49931.468: [GC 1599755K->1448700K(2406720K), 0.0702900 secs]
49937.076: [GC 1613135K->1526869K(2404736K), 0.1100840 secs]
49949.799: [GC 1698133K->1526564K(2406848K), 0.1404240 secs]
49959.357: [GC 1664708K->1531993K(2350016K), 0.0508890 secs]
49965.168: [GC 1682417K->1591223K(2386816K), 0.1292280 secs]
49972.149: [GC 1736822K->1613763K(2397760K), 0.0960660 secs]
49983.720: [GC 1759619K->1616161K(2390080K), 0.0981040 secs]
49993.101: [GC 1766497K->1622899K(2396160K), 0.0598850 secs]
50000.042: [GC 1773235K->1642369K(2394240K), 0.1332870 secs]
50011.977: [GC 1801876K->1646540K(2400128K), 0.0560440 secs]
50020.672: [GC 1806732K->1653628K(2403840K), 0.0583230 secs]
50028.526: [GC 1825084K->1677164K(2407616K), 0.0923290 secs]
50040.610: [GC 1848620K->1696366K(2409216K), 0.1149940 secs]
50051.879: [GC 1874542K->1705880K(2411776K), 0.0760910 secs]
50060.195: [GC 1884056K->1724804K(2413056K), 0.0793270 secs]
50073.222: [GC 1909636K->1729041K(2414656K), 0.0772900 secs]
50082.149: [GC 1914097K->1755656K(2418752K), 0.0670800 secs]
50095.438: [GC 1946056K->1768041K(2419968K), 0.0792920 secs]
50106.657: [GC 1958441K->1776388K(2416256K), 0.1038450 secs]
50115.607: [GC 1967953K->1796426K(2418240K), 0.0772630 secs]
50124.524: [GC 1987204K->1835615K(2420992K), 0.1032510 secs]
50137.765: [GC 2030495K->1844891K(2386624K), 0.2112810 secs]
50147.730: [GC 2039353K->1866108K(2422272K), 0.1282810 secs]
50160.139: [GC 2062651K->1893455K(2409728K), 0.1682070 secs]
50171.431: [GC 2089998K->1913505K(2423296K), 0.1050260 secs]
50184.585: [GC 2108769K->1916052K(2382144K), 0.1219490 secs]
50197.205: [GC 2111279K->1924413K(2422528K), 0.0880780 secs]
50204.529: [GC 2120826K->1965023K(2420736K), 0.1195960 secs]
50215.252: [GC 2161439K->1971705K(2417152K), 0.1477300 secs]
50228.268: [GC 2159929K->1979565K(2418944K), 0.0885880 secs]
50237.929: [GC 2167789K->1998913K(2415552K), 0.1497600 secs]
50251.712: [GC 2188609K->2004247K(2417408K), 0.1155560 secs]
50262.608: [GC 2193683K->2024357K(2419328K), 0.1126240 secs]
50278.412: [GC 2219877K->2029392K(2420928K), 0.1341090 secs]
50290.130: [GC 2224912K->2047655K(2421312K), 0.0721380 secs]
50304.493: [GC 2247463K->2064920K(2423104K), 0.1239960 secs]
50316.727: [GC 2264728K->2073332K(2422528K), 0.1002040 secs]
50327.837: [GC 2277044K->2091620K(2424768K), 0.1502870 secs]
50343.655: [GC 2295332K->2111359K(2425856K), 0.1217700 secs]
50354.735: [GC 2319231K->2131457K(2427392K), 0.0951150 secs]
50370.977: [GC 2339329K->2137454K(2428096K), 0.1350380 secs]
50371.112: [Full GC 2137454K->1329146K(2526592K), 2.1363240 secs]
50384.596: [GC 1539514K->1349899K(2527488K), 0.0629480 secs]
50401.214: [GC 1560267K->1353469K(2527936K), 0.0564900 secs]
50412.194: [GC 1565693K->1373708K(2528640K), 0.0696770 secs]
50428.468: [GC 1585932K->1378154K(2528896K), 0.0551840 secs]
50439.963: [GC 1590375K->1402538K(2526016K), 0.0649790 secs]
50454.809: [GC 1615786K->1398327K(2521984K), 0.0666060 secs]
50467.917: [GC 1599260K->1404335K(2515968K), 0.1016170 secs]
50478.779: [GC 1605743K->1425289K(2513792K), 0.1113450 secs]
50493.443: [GC 1612745K->1424904K(2500352K), 0.1625870 secs]
50504.006: [GC 1612360K->1443517K(2504640K), 0.1559910 secs]
50517.399: [GC 1617021K->1443693K(2510080K), 0.0907620 secs]
50529.330: [GC 1617197K->1448887K(2507456K), 0.1278190 secs]
50539.678: [GC 1625335K->1467591K(2510016K), 0.0744380 secs]
50552.956: [GC 1644039K->1470179K(2512960K), 0.0846860 secs]
50562.245: [GC 1652387K->1489177K(2512832K), 0.0693590 secs]
50574.928: [GC 1671385K->1493876K(2513280K), 0.0709750 secs]
50587.497: [GC 1679412K->1499271K(2513024K), 0.0592650 secs]
50597.651: [GC 1684807K->1518423K(2516736K), 0.0783110 secs]
50612.407: [GC 1710871K->1522064K(2517440K), 0.0590200 secs]
50623.113: [GC 1714512K->1541143K(2518720K), 0.0705410 secs]
50641.995: [GC 1738647K->1545551K(2520128K), 0.0621800 secs]
50669.257: [GC 1742860K->1560309K(2521856K), 0.0993340 secs]
50685.186: [GC 1762357K->1578012K(2521152K), 0.1495750 secs]
50709.859: [GC 1780060K->1592810K(2511168K), 0.1433340 secs]
50733.528: [GC 1778230K->1611126K(2505216K), 0.0810880 secs]
50761.861: [GC 1796729K->1606722K(2509440K), 0.1181210 secs]
50781.644: [GC 1781762K->1618776K(2502272K), 0.1219480 secs]
50802.079: [GC 1793815K->1632062K(2487168K), 0.1275940 secs]
50815.477: [GC 1774827K->1655520K(2495168K), 0.1327300 secs]
50837.792: [GC 1801504K->1664086K(2475200K), 0.1320330 secs]
50849.074: [GC 1787798K->1681900K(2469632K), 0.1532510 secs]
50867.622: [GC 1805612K->1694798K(2479360K), 0.1709750 secs]
50876.860: [GC 1805966K->1711854K(2442624K), 0.1424020 secs]
50893.529: [GC 1823022K->1723988K(2481664K), 0.1313790 secs]
50904.033: [GC 1838676K->1741346K(2431296K), 0.1589360 secs]
50921.747: [GC 1856034K->1739290K(2476544K), 0.0793910 secs]
50931.146: [GC 1856154K->1756174K(2475904K), 0.1160050 secs]
50950.261: [GC 1872410K->1757978K(2485184K), 0.0604580 secs]
50965.476: [GC 1885018K->1769354K(2486080K), 0.0544700 secs]
50978.353: [GC 1896394K->1786561K(2483584K), 0.0693440 secs]
50997.817: [GC 1916993K->1787593K(2485120K), 0.0958230 secs]
51009.141: [GC 1918025K->1804425K(2485440K), 0.0716130 secs]
51031.649: [GC 1941705K->1820103K(2488704K), 0.0947720 secs]
51041.931: [GC 1957383K->1842658K(2487360K), 0.0851830 secs]
51062.718: [GC 1978285K->1839951K(2491712K), 0.1127670 secs]
51081.023: [GC 1984591K->1853029K(2494144K), 0.0835990 secs]
51096.149: [GC 2009829K->1870755K(2496896K), 0.1011380 secs]
51119.264: [GC 2027555K->1870243K(2505792K), 0.1161050 secs]
51128.051: [GC 2035294K->1915556K(2495616K), 0.1220200 secs]
51142.802: [GC 2080612K->1923873K(2485312K), 0.1148170 secs]
51148.180: [GC 2062257K->1948790K(2482624K), 0.1959290 secs]
51153.006: [GC 2080841K->1980397K(2476928K), 0.1977070 secs]
51165.822: [GC 2095661K->2004716K(2402944K), 0.1365470 secs]
51171.008: [GC 2119980K->2030831K(2484800K), 0.0784350 secs]
51177.789: [GC 2147441K->2064456K(2433472K), 0.0984630 secs]
51184.385: [GC 2183496K->2077610K(2478976K), 0.1249450 secs]
51195.324: [GC 2198132K->2120352K(2476480K), 0.1201540 secs]
51202.664: [GC 2241888K->2146463K(2487232K), 0.1005550 secs]
51210.322: [GC 2283999K->2172290K(2486208K), 0.1092740 secs]
51218.347: [GC 2297365K->2193845K(2495744K), 0.1239820 secs]
51230.521: [GC 2326548K->2216870K(2493824K), 0.1514470 secs]
51240.578: [GC 2366572K->2242676K(2500672K), 0.1416290 secs]
51240.719: [Full GC 2242676K->1230943K(2425600K), 1.8905060 secs]
51249.579: [GC 1391775K->1279580K(2423680K), 0.0761920 secs]
51264.237: [GC 1440412K->1304631K(2431360K), 0.0820410 secs]
51277.360: [GC 1463217K->1322972K(2389248K), 0.0765990 secs]
51291.699: [GC 1464656K->1384332K(2423552K), 0.1129380 secs]
51302.683: [GC 1544012K->1387419K(2428096K), 0.0748510 secs]
51321.300: [GC 1547099K->1402936K(2424448K), 0.1027630 secs]
51335.586: [GC 1565176K->1422866K(2427264K), 0.1073050 secs]
51353.287: [GC 1585106K->1439000K(2427392K), 0.1098830 secs]
51355.762: [GC 1607000K->1423027K(2430080K), 0.0458990 secs]
51378.241: [GC 1591027K->1453326K(2433024K), 0.0605050 secs]
51380.993: [GC 1623613K->1473189K(2395648K), 0.1192250 secs]
51386.171: [GC 1642729K->1534358K(2423040K), 0.1147120 secs]
51388.003: [GC 1697110K->1582921K(2416832K), 0.1451840 secs]
51392.160: [GC 1745673K->1655846K(2418240K), 0.1300760 secs]
51392.863: [GC 1802854K->1632111K(2352512K), 0.0786270 secs]
51393.600: [GC 1779152K->1651950K(2422784K), 0.0520860 secs]
51410.615: [GC 1798318K->1677259K(2357440K), 0.1081780 secs]
51604.083: [GC 1823617K->1674232K(2419840K), 0.0803930 secs]
51858.427: [GC 1820664K->1675056K(2419776K), 0.0414040 secs]
52168.721: [GC 1821120K->1676263K(2421184K), 0.0501030 secs]
52333.564: [GC 1826855K->1677375K(2421760K), 0.0559490 secs]
52716.210: [GC 1827967K->1679452K(2422016K), 0.0661870 secs]
52925.930: [GC 1835356K->1684937K(2423104K), 0.0961000 secs]
53291.040: [GC 1840841K->1698677K(2422912K), 0.0531290 secs]
53440.953: [GC 1863757K->1685478K(2425088K), 0.0777970 secs]
53476.196: [GC 1846110K->1703661K(2403200K), 0.0906600 secs]
53490.616: [GC 1867693K->1718869K(2420288K), 0.1024660 secs]
53502.117: [GC 1882863K->1750468K(2416896K), 0.1418180 secs]
53519.625: [GC 1907460K->1751885K(2407296K), 0.1627370 secs]
53528.834: [GC 1908877K->1776949K(2418816K), 0.1368210 secs]
53543.198: [GC 1921141K->1787825K(2362880K), 0.1038850 secs]
53550.571: [GC 1928774K->1818550K(2420544K), 0.1393660 secs]
53565.325: [GC 1965814K->1836825K(2419008K), 0.0942610 secs]
53579.291: [GC 1970384K->1843851K(2422976K), 0.0724500 secs]
53598.244: [GC 1997131K->1859071K(2421440K), 0.1178870 secs]
53612.384: [GC 2012351K->1877146K(2424704K), 0.1209650 secs]
53635.381: [GC 2039450K->1891678K(2423168K), 0.0851030 secs]
53657.206: [GC 2053982K->1890748K(2431232K), 0.0855970 secs]
53678.215: [GC 2064316K->1904370K(2430912K), 0.0789630 secs]
53694.569: [GC 2077938K->1937852K(2436608K), 0.1654870 secs]
53719.265: [GC 2121911K->1953048K(2435840K), 0.1206970 secs]
53748.558: [GC 2137112K->1953890K(2441600K), 0.0864040 secs]
53771.041: [GC 2146338K->1971862K(2441344K), 0.0916650 secs]
53794.322: [GC 2164310K->1984326K(2444224K), 0.0918580 secs]
53814.625: [GC 2183622K->2005052K(2445504K), 0.0981660 secs]
53838.300: [GC 2204348K->2017586K(2440320K), 0.0998500 secs]
53866.050: [GC 2197793K->2017492K(2428544K), 0.1151240 secs]
53889.371: [GC 2207121K->2031736K(2427456K), 0.1573530 secs]
53909.540: [GC 2203704K->2044288K(2422912K), 0.1076340 secs]
53926.544: [GC 2216256K->2063206K(2419584K), 0.2036090 secs]
53949.485: [GC 2215974K->2062754K(2424640K), 0.0936890 secs]
53968.733: [GC 2215522K->2074624K(2417280K), 0.1567810 secs]
53982.870: [GC 2229120K->2092498K(2421824K), 0.1433670 secs]
54005.642: [GC 2246994K->2091382K(2427712K), 0.0827880 secs]
54025.266: [GC 2253238K->2103894K(2383424K), 0.1237270 secs]
54042.155: [GC 2265750K->2122060K(2431232K), 0.0973760 secs]
54067.915: [GC 2287500K->2124278K(2429120K), 0.1172670 secs]
54083.394: [GC 2289718K->2134690K(2430528K), 0.0605250 secs]
54098.282: [GC 2303650K->2152789K(2430720K), 0.0861140 secs]
54124.206: [GC 2321749K->2155367K(2432384K), 0.1102600 secs]
54143.324: [GC 2328679K->2167345K(2432256K), 0.0660190 secs]
54159.193: [GC 2340657K->2186255K(2432192K), 0.0987270 secs]
54182.470: [GC 2356023K->2184175K(2434816K), 0.0981960 secs]
54182.568: [Full GC 2184175K->544069K(1691520K), 1.5868180 secs]
54205.886: [GC 719941K->561107K(1676160K), 0.0333630 secs]
54222.997: [GC 735507K->580885K(1683776K), 0.0685580 secs]
54243.047: [GC 745143K->578153K(1685440K), 0.0838750 secs]
54262.631: [GC 749737K->591325K(1664768K), 0.0980710 secs]
54276.438: [GC 761501K->609347K(1684352K), 0.0781850 secs]
54300.338: [GC 778179K->608367K(1664320K), 0.1052550 secs]
54320.796: [GC 775855K->620905K(1680704K), 0.0630500 secs]
54336.376: [GC 787049K->639431K(1663232K), 0.0808520 secs]
54358.189: [GC 804295K->651643K(1677120K), 0.0900670 secs]
54379.814: [GC 811643K->649937K(1652736K), 0.0839540 secs]
54394.801: [GC 808721K->669367K(1675200K), 0.0816910 secs]
54415.520: [GC 826926K->681177K(1652096K), 0.0954870 secs]
54436.107: [GC 837593K->680377K(1667968K), 0.0912790 secs]
54450.059: [GC 835641K->698419K(1652288K), 0.0996380 secs]
54472.673: [GC 852405K->697043K(1666816K), 0.0588470 secs]
54491.956: [GC 850003K->708837K(1630848K), 0.0768350 secs]
54504.572: [GC 860709K->726307K(1663936K), 0.0747530 secs]
54529.323: [GC 877091K->725527K(1664448K), 0.0905040 secs]
54540.534: [GC 875223K->748183K(1660096K), 0.0866910 secs]
54563.789: [GC 895257K->751283K(1615808K), 0.0775980 secs]
54580.616: [GC 898867K->765798K(1656832K), 0.0404730 secs]
54594.496: [GC 912349K->788691K(1631040K), 0.0623340 secs]
54614.416: [GC 934227K->788799K(1655168K), 0.0625920 secs]
54624.889: [GC 930403K->818049K(1635456K), 0.0611510 secs]
54649.175: [GC 961277K->830502K(1654656K), 0.0750570 secs]
54657.670: [GC 972711K->852190K(1625280K), 0.0454530 secs]
54683.603: [GC 993502K->854821K(1650432K), 0.0472560 secs]
54693.280: [GC 995173K->876760K(1626496K), 0.0900720 secs]
54717.225: [GC 1016152K->875172K(1647232K), 0.0754630 secs]
54730.112: [GC 1013604K->897518K(1622720K), 0.0632120 secs]
54754.411: [GC 1035054K->900220K(1643520K), 0.0728780 secs]
54767.402: [GC 1036860K->915019K(1617600K), 0.0488070 secs]
54787.187: [GC 1049982K->919403K(1639360K), 0.0908160 secs]
54796.111: [GC 1054251K->941702K(1639808K), 0.0788260 secs]
54818.954: [GC 1074047K->938612K(1638144K), 0.0722760 secs]
54832.444: [GC 1071668K->974272K(1638720K), 0.0731800 secs]
54844.826: [GC 1106496K->958795K(1641408K), 0.0487710 secs]
54856.622: [GC 1090187K->976500K(1611392K), 0.0661460 secs]
54877.563: [GC 1107060K->978334K(1635968K), 0.0561400 secs]
54886.631: [GC 1108062K->995130K(1609152K), 0.0651880 secs]
54907.374: [GC 1124026K->997110K(1631424K), 0.0684400 secs]
54922.934: [GC 1125174K->1007972K(1605248K), 0.0414190 secs]
54936.579: [GC 1135268K->1025646K(1625472K), 0.1329340 secs]
54955.737: [GC 1152174K->1025994K(1590208K), 0.0490880 secs]
54966.570: [GC 1151528K->1047999K(1625984K), 0.0461190 secs]
54983.646: [GC 1172991K->1042872K(1588800K), 0.0906950 secs]
54994.168: [GC 1167096K->1064178K(1624896K), 0.0471960 secs]
55012.372: [GC 1187634K->1064086K(1586752K), 0.0636920 secs]
55023.393: [GC 1186773K->1080964K(1620928K), 0.0461000 secs]
55041.799: [GC 1202948K->1095924K(1585664K), 0.0709450 secs]
55052.954: [GC 1215395K->1112791K(1618624K), 0.0483520 secs]
55075.604: [GC 1233367K->1113621K(1584832K), 0.0725110 secs]
55086.138: [GC 1229610K->1135516K(1617088K), 0.0627990 secs]
55101.812: [GC 1253788K->1144160K(1581184K), 0.0828720 secs]
55113.912: [GC 1249979K->1146716K(1614016K), 0.0649470 secs]
55127.084: [GC 1263644K->1159694K(1593408K), 0.0632410 secs]
55142.933: [GC 1275982K->1164834K(1609984K), 0.0596490 secs]
55152.698: [GC 1280482K->1180553K(1594048K), 0.0600560 secs]
55171.717: [GC 1295561K->1183093K(1607808K), 0.0879750 secs]
55181.602: [GC 1297461K->1200045K(1609536K), 0.1031280 secs]
55199.440: [GC 1314413K->1215777K(1593280K), 0.0768940 secs]
55207.202: [GC 1329505K->1237205K(1608448K), 0.0786670 secs]
55225.223: [GC 1350933K->1257724K(1622144K), 0.0725480 secs]
55234.779: [GC 1384956K->1279941K(1623360K), 0.0929050 secs]
55252.994: [GC 1407173K->1282874K(1639040K), 0.1173410 secs]
55264.560: [GC 1425914K->1304529K(1640128K), 0.0682620 secs]
55286.944: [GC 1447569K->1305501K(1620608K), 0.0586700 secs]
55296.637: [GC 1447581K->1327196K(1640128K), 0.0705210 secs]
55317.992: [GC 1469274K->1329963K(1620864K), 0.0698960 secs]
55331.447: [GC 1468176K->1353804K(1638720K), 0.0733140 secs]
55344.531: [GC 1474399K->1396623K(1638208K), 0.1452280 secs]
55352.357: [GC 1533903K->1454117K(1641088K), 0.0979440 secs]
55352.456: [Full GC 1454117K->1264988K(2441152K), 1.3154340 secs]
55358.813: [GC 1402268K->1297291K(2459200K), 0.1015960 secs]
55369.719: [GC 1449675K->1319892K(2462272K), 0.1147870 secs]
55393.487: [GC 1459424K->1320774K(2480960K), 0.0553050 secs]
55416.080: [GC 1494726K->1358878K(2482624K), 0.0849370 secs]
55426.138: [GC 1516949K->1364464K(2495808K), 0.1358470 secs]
55432.100: [GC 1545264K->1429741K(2484672K), 0.1100480 secs]
55447.005: [GC 1610538K->1477387K(2477504K), 0.1338900 secs]
55456.288: [GC 1635904K->1527579K(2484288K), 0.2126420 secs]
55465.365: [GC 1686107K->1573204K(2475008K), 0.1597570 secs]
55475.612: [GC 1734740K->1638361K(2481152K), 0.1355580 secs]
55475.748: [GC 1638443K->1638373K(2482688K), 0.1204900 secs]
55485.557: [GC 1793625K->1666188K(2447616K), 0.1300330 secs]
55495.308: [GC 1823820K->1711855K(2485376K), 0.1859240 secs]
55505.072: [GC 1873832K->1781289K(2482176K), 0.1756930 secs]
55517.084: [GC 1943268K->1790248K(2486208K), 0.1361010 secs]
55526.177: [GC 1944195K->1818237K(2452480K), 0.1282470 secs]
55536.129: [GC 1979123K->1838269K(2485056K), 0.0959620 secs]
55553.847: [GC 2002237K->1869913K(2481984K), 0.1748350 secs]
55572.599: [GC 2033881K->1886296K(2489984K), 0.0946610 secs]
55587.010: [GC 2059288K->1909518K(2488896K), 0.1632920 secs]
55612.575: [GC 2082510K->1912142K(2489728K), 0.1024420 secs]
55633.079: [GC 2088462K->1924558K(2490560K), 0.0665970 secs]
55649.945: [GC 2100878K->1943379K(2492352K), 0.1117020 secs]
55672.147: [GC 2111384K->1944765K(2493568K), 0.0745770 secs]
55681.426: [GC 2128189K->1975442K(2497856K), 0.1374690 secs]
55701.457: [GC 2162430K->1998809K(2476032K), 0.1303090 secs]
55727.572: [GC 2186265K->2009102K(2498176K), 0.1631970 secs]
55749.478: [GC 2197070K->2021126K(2467328K), 0.0612690 secs]
55772.601: [GC 2209094K->2049166K(2499456K), 0.0977990 secs]
55793.598: [GC 2240206K->2068985K(2471808K), 0.0971170 secs]
55817.277: [GC 2258422K->2084045K(2486400K), 0.0916650 secs]
55846.206: [GC 2271885K->2083689K(2452224K), 0.1061080 secs]
55872.659: [GC 2269993K->2096517K(2482240K), 0.0936570 secs]
55891.216: [GC 2281285K->2115927K(2465728K), 0.1036990 secs]
55916.133: [GC 2299152K->2135452K(2480320K), 0.1197460 secs]
55940.720: [GC 2317212K->2134504K(2445632K), 0.0912160 secs]
55960.934: [GC 2314792K->2151543K(2475968K), 0.0934820 secs]
55976.796: [GC 2330359K->2194709K(2463360K), 0.1484690 secs]
56004.528: [GC 2372117K->2197681K(2475008K), 0.1480920 secs]
56024.596: [GC 2373681K->2214532K(2458816K), 0.1209770 secs]
56040.656: [GC 2389124K->2257191K(2474176K), 0.1909200 secs]
56040.847: [Full GC 2257191K->1204271K(2465024K), 1.9451270 secs]
56068.152: [GC 1369920K->1210096K(2431808K), 0.0552980 secs]
56088.393: [GC 1383023K->1228624K(2461632K), 0.0958640 secs]
56103.714: [GC 1400272K->1247102K(2443008K), 0.0802250 secs]
56126.879: [GC 1417469K->1266446K(2458688K), 0.0811790 secs]
56149.453: [GC 1435598K->1265830K(2424448K), 0.1030760 secs]
56164.686: [GC 1433766K->1283920K(2454144K), 0.0728370 secs]
56187.728: [GC 1443575K->1284338K(2423424K), 0.0542430 secs]
56208.461: [GC 1449842K->1297822K(2450176K), 0.0530110 secs]
56224.489: [GC 1462174K->1316481K(2436096K), 0.0784730 secs]
56247.837: [GC 1479678K->1330779K(2447040K), 0.0769380 secs]
56269.246: [GC 1492827K->1330079K(2417280K), 0.0529940 secs]
56283.614: [GC 1490975K->1347977K(2445376K), 0.0716730 secs]
56307.115: [GC 1506687K->1348801K(2416960K), 0.0771660 secs]
56327.478: [GC 1507521K->1361153K(2441792K), 0.0685800 secs]
56342.785: [GC 1518785K->1378249K(2427840K), 0.0896460 secs]
56366.506: [GC 1534793K->1379647K(2440320K), 0.0911450 secs]
56385.716: [GC 1535167K->1390993K(2423232K), 0.0775940 secs]
56399.756: [GC 1540512K->1409033K(2436480K), 0.0683320 secs]
56420.026: [GC 1562505K->1409479K(2408064K), 0.0864170 secs]
56432.651: [GC 1561927K->1427046K(2435264K), 0.0808470 secs]
56455.575: [GC 1578470K->1428002K(2407744K), 0.0605560 secs]
56474.350: [GC 1578466K->1439188K(2431040K), 0.0933370 secs]
56489.122: [GC 1588691K->1457684K(2420288K), 0.0862390 secs]
56510.609: [GC 1606228K->1458858K(2430656K), 0.0937600 secs]
56523.921: [GC 1606442K->1476775K(2418880K), 0.1021520 secs]
56546.003: [GC 1623396K->1477643K(2428480K), 0.1257190 secs]
56563.987: [GC 1623371K->1488361K(2413824K), 0.0819450 secs]
56577.032: [GC 1629746K->1506173K(2427072K), 0.0788940 secs]
56598.235: [GC 1650109K->1506971K(2399040K), 0.1063940 secs]
56608.688: [GC 1650011K->1523398K(2425216K), 0.0577060 secs]
56631.036: [GC 1665542K->1524178K(2397568K), 0.0552310 secs]
56643.902: [GC 1665426K->1542228K(2424192K), 0.0734120 secs]
56665.567: [GC 1682644K->1545191K(2397632K), 0.1021650 secs]
56677.815: [GC 1684775K->1562501K(2422528K), 0.1368300 secs]
56698.804: [GC 1697415K->1563363K(2395136K), 0.0910520 secs]
56715.661: [GC 1701283K->1575199K(2419392K), 0.0978680 secs]
56728.825: [GC 1709155K->1607691K(2407552K), 0.0827980 secs]
56749.731: [GC 1743947K->1608913K(2418176K), 0.0641010 secs]
56761.445: [GC 1744337K->1625464K(2405568K), 0.0705800 secs]
56782.849: [GC 1760118K->1625764K(2416576K), 0.1073570 secs]
56794.718: [GC 1759652K->1644192K(2417664K), 0.1366630 secs]
56815.995: [GC 1778080K->1646018K(2397568K), 0.0713780 secs]
56829.434: [GC 1779138K->1663887K(2416320K), 0.1057470 secs]
56849.984: [GC 1795464K->1664631K(2414336K), 0.0858150 secs]
56866.397: [GC 1796215K->1691071K(2414976K), 0.0849220 secs]
56879.990: [GC 1821881K->1694075K(2417728K), 0.0816120 secs]
56896.676: [GC 1824121K->1693845K(2384256K), 0.0713860 secs]
56908.321: [GC 1821397K->1711097K(2416000K), 0.1067190 secs]
56927.172: [GC 1839737K->1712146K(2384128K), 0.0765080 secs]
56937.939: [GC 1840082K->1728310K(2413888K), 0.0669820 secs]
56958.656: [GC 1855542K->1729500K(2382976K), 0.1226250 secs]
56970.597: [GC 1856028K->1745988K(2413504K), 0.1149280 secs]
56990.916: [GC 1872516K->1746109K(2382016K), 0.0884160 secs]
57001.921: [GC 1871933K->1763863K(2411456K), 0.0757260 secs]
57019.431: [GC 1888983K->1764721K(2380224K), 0.0937860 secs]
57029.417: [GC 1889137K->1782207K(2409792K), 0.0745120 secs]
57048.719: [GC 1905983K->1784038K(2379264K), 0.0801860 secs]
57058.907: [GC 1907174K->1801670K(2408256K), 0.0758330 secs]
57079.140: [GC 1924166K->1803122K(2377984K), 0.0856430 secs]
57089.550: [GC 1924978K->1820607K(2406720K), 0.0759470 secs]
57109.699: [GC 1941823K->1822167K(2376768K), 0.0831110 secs]
57120.100: [GC 1942743K->1839633K(2405184K), 0.0775080 secs]
57134.983: [GC 1959567K->1840097K(2374464K), 0.0696710 secs]
57145.933: [GC 1959390K->1857024K(2403904K), 0.0641130 secs]
57162.489: [GC 1975680K->1871312K(2372736K), 0.1332310 secs]
57175.010: [GC 1983441K->1874096K(2400000K), 0.0732130 secs]
57190.473: [GC 1991536K->1886998K(2385088K), 0.0682550 secs]
57205.484: [GC 2003862K->1891998K(2397312K), 0.0760840 secs]
57215.255: [GC 2008286K->1908837K(2399168K), 0.1148990 secs]
57234.876: [GC 2025125K->1910317K(2381120K), 0.0872810 secs]
57244.279: [GC 2026029K->1927311K(2398656K), 0.1061310 secs]
57262.272: [GC 2043023K->1928703K(2413440K), 0.0997870 secs]
57281.259: [GC 2060287K->1947455K(2413888K), 0.0868190 secs]
57298.853: [GC 2078271K->1947764K(2412032K), 0.0901260 secs]
57310.492: [GC 2077812K->1965822K(2413760K), 0.1526940 secs]
57332.105: [GC 2095870K->1967884K(2429888K), 0.0943480 secs]
57349.833: [GC 2115660K->1978671K(2415936K), 0.0615510 secs]
57363.524: [GC 2122607K->2011339K(2429696K), 0.1067780 secs]
57384.465: [GC 2157195K->2012625K(2401408K), 0.0727170 secs]
57397.647: [GC 2157585K->2030235K(2428096K), 0.0842900 secs]
57417.295: [GC 2174299K->2030387K(2400512K), 0.0703640 secs]
57428.430: [GC 2173555K->2050750K(2425664K), 0.0894240 secs]
57449.803: [GC 2192186K->2052926K(2398720K), 0.0808500 secs]
57467.279: [GC 2193534K->2063224K(2422784K), 0.0865410 secs]
57482.511: [GC 2202994K->2081684K(2410688K), 0.1272320 secs]
57501.195: [GC 2220628K->2082073K(2421824K), 0.0709980 secs]
57512.941: [GC 2220104K->2098844K(2408192K), 0.0698060 secs]
57534.365: [GC 2236124K->2114665K(2419712K), 0.1267350 secs]
57545.701: [GC 2251113K->2131119K(2406528K), 0.0796030 secs]
57566.762: [GC 2266735K->2131371K(2417984K), 0.0684460 secs]
57579.589: [GC 2266219K->2149931K(2418560K), 0.0879940 secs]
57599.929: [GC 2284011K->2151711K(2416384K), 0.1223260 secs]
57613.955: [GC 2285023K->2169662K(2417152K), 0.0907280 secs]
57632.527: [GC 2298792K->2170298K(2414912K), 0.0881010 secs]
57649.050: [GC 2302074K->2181898K(2399808K), 0.1100570 secs]
57662.995: [GC 2312903K->2199876K(2414592K), 0.0805840 secs]
57683.191: [GC 2330116K->2199696K(2384512K), 0.1299990 secs]
57695.853: [GC 2324117K->2216792K(2413568K), 0.0703000 secs]
57713.906: [GC 2345624K->2216690K(2383168K), 0.0787820 secs]
57713.985: [Full GC 2216690K->751830K(1864768K), 1.7071540 secs]
57727.949: [GC 879958K->770429K(1893760K), 0.0459090 secs]
57745.954: [GC 897789K->770011K(1863040K), 0.0604610 secs]
57758.768: [GC 896665K->787301K(1892736K), 0.0444120 secs]
57779.285: [GC 913253K->787629K(1862336K), 0.0445490 secs]
57791.289: [GC 907801K->804213K(1891264K), 0.0454050 secs]
57810.962: [GC 928755K->804525K(1860928K), 0.0800110 secs]
57822.082: [GC 923787K->821088K(1889664K), 0.0454250 secs]
57842.077: [GC 944224K->821474K(1859584K), 0.0437700 secs]
57853.282: [GC 943905K->838034K(1888128K), 0.0456910 secs]
57870.689: [GC 959759K->837814K(1857664K), 0.0826030 secs]
57883.224: [GC 947003K->840182K(1884288K), 0.0698950 secs]
57897.991: [GC 960630K->853264K(1869696K), 0.0482560 secs]
57913.295: [GC 973068K->857161K(1881792K), 0.0627330 secs]
57925.301: [GC 976329K->869847K(1867968K), 0.0424080 secs]
57942.592: [GC 988372K->875483K(1879040K), 0.1006320 secs]
57952.492: [GC 993371K->891251K(1880320K), 0.0604360 secs]
57973.543: [GC 1008499K->893187K(1878272K), 0.0686340 secs]
57982.749: [GC 1009795K->909870K(1879168K), 0.0615230 secs]
58002.967: [GC 1025838K->911288K(1877504K), 0.0618870 secs]
58012.376: [GC 1026616K->928444K(1878272K), 0.0598570 secs]
58031.851: [GC 1043196K->930619K(1876608K), 0.0547570 secs]
58040.684: [GC 1041640K->951828K(1877376K), 0.0506900 secs]
58058.681: [GC 1065428K->946712K(1877696K), 0.0416000 secs]
58071.531: [GC 1059729K->963846K(1878336K), 0.0656970 secs]
58089.790: [GC 1076294K->977499K(1877184K), 0.0614960 secs]
58102.838: [GC 1089371K->982115K(1851008K), 0.0656400 secs]
58110.033: [GC 1093411K->998653K(1875328K), 0.0682500 secs]
58130.147: [GC 1108989K->1014390K(1848256K), 0.0747630 secs]
58137.730: [GC 1124150K->1031092K(1873984K), 0.1210940 secs]
58155.842: [GC 1140084K->1032884K(1846144K), 0.0901960 secs]
58165.584: [GC 1141360K->1063942K(1872640K), 0.0866010 secs]
58181.672: [GC 1171587K->1077589K(1842816K), 0.0734650 secs]
58194.631: [GC 1184725K->1081777K(1868928K), 0.0529670 secs]
58202.745: [GC 1188401K->1098169K(1870208K), 0.0810370 secs]
58219.439: [GC 1204278K->1098857K(1868544K), 0.0503450 secs]
58227.408: [GC 1204457K->1115280K(1869440K), 0.0593790 secs]
58245.275: [GC 1220366K->1116896K(1867776K), 0.0517540 secs]
58256.250: [GC 1215780K->1119084K(1868992K), 0.1415400 secs]
58265.341: [GC 1223660K->1137128K(1856832K), 0.0644110 secs]
58282.790: [GC 1241190K->1137905K(1842368K), 0.0724690 secs]
58289.827: [GC 1241457K->1154053K(1866432K), 0.0621720 secs]
58306.663: [GC 1256709K->1155612K(1839424K), 0.0531340 secs]
58317.389: [GC 1243540K->1157416K(1863360K), 0.0758900 secs]
58325.508: [GC 1259176K->1175496K(1864704K), 0.1036310 secs]
58344.139: [GC 1277256K->1176048K(1847936K), 0.0668860 secs]
58352.715: [GC 1277360K->1191850K(1864704K), 0.0907360 secs]
58371.969: [GC 1293162K->1193714K(1848064K), 0.0530400 secs]
58384.698: [GC 1283104K->1195535K(1837888K), 0.0765960 secs]
58393.059: [GC 1295951K->1213567K(1861312K), 0.0635910 secs]
58409.248: [GC 1312319K->1213683K(1836352K), 0.0523090 secs]
58416.799: [GC 1311987K->1229995K(1860480K), 0.0614420 secs]
58433.496: [GC 1327275K->1231663K(1833792K), 0.0560580 secs]
58445.115: [GC 1327666K->1235075K(1856832K), 0.0502410 secs]
58452.938: [GC 1331459K->1251580K(1858112K), 0.0701820 secs]
58469.417: [GC 1347514K->1251700K(1857088K), 0.0514860 secs]
58476.495: [GC 1345029K->1273347K(1857984K), 0.0567610 secs]
58485.558: [GC 1368515K->1271273K(1858240K), 0.0624200 secs]
58501.621: [GC 1366057K->1271611K(1832960K), 0.0811510 secs]
58508.547: [GC 1366011K->1287291K(1857280K), 0.0615830 secs]
58526.124: [GC 1380859K->1288791K(1829888K), 0.0524460 secs]
58538.726: [GC 1381975K->1292301K(1853696K), 0.0717450 secs]
58545.162: [GC 1385101K->1307969K(1854976K), 0.0670110 secs]
58561.494: [GC 1400385K->1309193K(1853440K), 0.0855090 secs]
58570.502: [GC 1401219K->1325138K(1854400K), 0.0570210 secs]
58579.047: [GC 1416786K->1328438K(1852928K), 0.0677050 secs]
58594.335: [GC 1419702K->1328110K(1828736K), 0.0674950 secs]
58600.681: [GC 1415814K->1349729K(1849728K), 0.1107090 secs]
58609.466: [GC 1437409K->1347471K(1852928K), 0.0628740 secs]
58624.529: [GC 1435151K->1347585K(1862208K), 0.0650570 secs]
58633.329: [GC 1448192K->1363091K(1863744K), 0.0865950 secs]
58648.514: [GC 1463699K->1361643K(1878208K), 0.0873870 secs]
58663.595: [GC 1477099K->1366527K(1854784K), 0.0758790 secs]
58672.941: [GC 1481407K->1382751K(1875520K), 0.1215210 secs]
58690.327: [GC 1496095K->1383951K(1851328K), 0.0602160 secs]
58698.611: [GC 1496719K->1400420K(1874048K), 0.0694560 secs]
58715.579: [GC 1511908K->1402390K(1848832K), 0.0919780 secs]
58725.255: [GC 1513301K->1423181K(1870848K), 0.1056940 secs]
58740.264: [GC 1531083K->1421635K(1873856K), 0.1191370 secs]
58754.032: [GC 1529539K->1426151K(1853312K), 0.0586780 secs]
58761.088: [GC 1533543K->1447027K(1871424K), 0.0751330 secs]
58777.968: [GC 1554417K->1467322K(1855296K), 0.0843020 secs]
58785.870: [GC 1574185K->1496293K(1872832K), 0.1014440 secs]
58802.433: [GC 1603173K->1490479K(1892736K), 0.1575420 secs]
58813.144: [GC 1613547K->1497249K(1893504K), 0.0571310 secs]
58818.641: [GC 1620513K->1519338K(1907520K), 0.1180370 secs]
58832.296: [GC 1658666K->1525604K(1909952K), 0.1505580 secs]
58843.191: [GC 1664399K->1531256K(1926592K), 0.0778370 secs]
58850.786: [GC 1692664K->1555591K(1928704K), 0.0939460 secs]
58865.202: [GC 1716996K->1581029K(1953664K), 0.0915170 secs]
58879.805: [GC 1767717K->1589795K(1955712K), 0.0836230 secs]
58889.619: [GC 1776483K->1614896K(1978880K), 0.1200900 secs]
58907.945: [GC 1826672K->1620700K(1982336K), 0.1006750 secs]
58932.121: [GC 1832476K->1638971K(1973952K), 0.0656570 secs]
58951.086: [GC 1848827K->1658543K(1963072K), 0.0940230 secs]
58978.250: [GC 1854317K->1658987K(1973632K), 0.0714360 secs]
59002.236: [GC 1865067K->1686453K(1974208K), 0.1051770 secs]
59027.069: [GC 1890677K->1685001K(1971072K), 0.0661210 secs]
59047.580: [GC 1887433K->1705472K(1956224K), 0.1063090 secs]
59047.686: [Full GC 1705472K->1000059K(2169600K), 1.7808660 secs]
59074.717: [GC 1189280K->1005843K(2181888K), 0.0756470 secs]
59099.721: [GC 1204691K->1019546K(2163200K), 0.0879980 secs]
59124.692: [GC 1216602K->1032824K(2174912K), 0.0804810 secs]
59145.586: [GC 1228152K->1052673K(2162176K), 0.0794900 secs]
59269.860: [GC 1246273K->1063663K(2174400K), 0.0573630 secs]
59609.901: [GC 1255529K->1064813K(2140096K), 0.0590640 secs]
59978.547: [GC 1253793K->1069553K(2168384K), 0.0754870 secs]
60048.772: [GC 1258161K->1094838K(2169472K), 0.0745220 secs]
60398.093: [GC 1281846K->1103806K(2168192K), 0.1122010 secs]
60551.198: [GC 1258173K->1105530K(2172736K), 0.0934510 secs]
60567.136: [GC 1285050K->1146705K(2167552K), 0.1568560 secs]
60596.520: [GC 1315596K->1242764K(2168128K), 0.1871530 secs]
60619.958: [GC 1410377K->1320497K(2150080K), 0.1839310 secs]
60651.519: [GC 1458286K->1320550K(2130944K), 0.1130600 secs]
60673.976: [GC 1455825K->1384644K(2155072K), 0.1429350 secs]
60685.113: [GC 1520640K->1448558K(2147264K), 0.1057430 secs]
60706.674: [GC 1579150K->1512554K(2157504K), 0.1172600 secs]
60736.073: [GC 1640614K->1583323K(2146944K), 0.1167710 secs]
60777.614: [GC 1709777K->1609608K(2152064K), 0.1259540 secs]
60809.701: [GC 1723780K->1676674K(2101824K), 0.1316450 secs]
60827.428: [GC 1794242K->1704740K(2134848K), 0.1753950 secs]
60855.537: [GC 1821084K->1769787K(2097664K), 0.1256710 secs]
60874.633: [GC 1879589K->1800770K(2128000K), 0.1789290 secs]
60893.823: [GC 1916416K->1864761K(2095232K), 0.1591410 secs]
60893.983: [Full GC 1864761K->654440K(1778112K), 1.4225270 secs]
60917.137: [GC 768461K->688718K(1804096K), 0.0647450 secs]
60937.921: [GC 802551K->750738K(1776896K), 0.1303990 secs]
60957.631: [GC 858883K->814784K(1799296K), 0.1502580 secs]
60962.756: [GC 915462K->888934K(1801984K), 0.1234580 secs]
60981.626: [GC 989307K->914459K(1818048K), 0.0627890 secs]
61007.113: [GC 1020923K->978451K(1790912K), 0.0966090 secs]
61028.323: [GC 1088802K->1010597K(1811328K), 0.1359350 secs]
61055.083: [GC 1137637K->1047306K(1794048K), 0.0760710 secs]
61077.329: [GC 1162538K->1079251K(1806976K), 0.1096850 secs]
61103.225: [GC 1191333K->1143225K(1787840K), 0.1052010 secs]
61127.994: [GC 1251596K->1175364K(1801920K), 0.1278490 secs]
61151.566: [GC 1282771K->1175436K(1786368K), 0.0857780 secs]
61159.630: [GC 1298630K->1234358K(1798784K), 0.1193780 secs]
61184.406: [GC 1351013K->1305071K(1788992K), 0.1131330 secs]
61210.826: [GC 1421603K->1369217K(1800320K), 0.1332450 secs]
61225.938: [GC 1487679K->1426709K(1781120K), 0.1115950 secs]
61271.601: [GC 1544037K->1490521K(1795136K), 0.1566320 secs]
61300.785: [GC 1607577K->1522791K(1779648K), 0.1458470 secs]
61342.081: [GC 1639143K->1586763K(1791744K), 0.1195340 secs]
61342.200: [Full GC 1586763K->1246779K(2346752K), 1.9309210 secs]
61396.517: [GC 1362491K->1279025K(2333120K), 0.1393720 secs]
61417.384: [GC 1394033K->1343173K(2343424K), 0.1658860 secs]
61423.126: [GC 1457477K->1407269K(2345088K), 0.1439010 secs]
61447.032: [GC 1521451K->1478036K(2361536K), 0.1478460 secs]
61495.641: [GC 1606587K->1473523K(2351040K), 0.1078960 secs]
61521.009: [GC 1601045K->1503557K(2357504K), 0.1099120 secs]
61544.030: [GC 1615679K->1567537K(2347200K), 0.1294700 secs]
61568.166: [GC 1696525K->1604244K(2356480K), 0.1467430 secs]
61589.635: [GC 1723916K->1636232K(2345600K), 0.1036970 secs]
61609.017: [GC 1760471K->1700398K(2352832K), 0.1637410 secs]
61632.755: [GC 1813629K->1732432K(2343936K), 0.1251050 secs]
61658.307: [GC 1843916K->1764440K(2350016K), 0.1137960 secs]
61684.212: [GC 1872839K->1828440K(2342272K), 0.1884720 secs]
61708.853: [GC 1940384K->1860470K(2347584K), 0.1866150 secs]
61735.568: [GC 1972058K->1924486K(2340736K), 0.2324790 secs]
61761.249: [GC 2033924K->1988458K(2345216K), 0.1708430 secs]
61784.762: [GC 2108421K->2024837K(2345664K), 0.1380630 secs]
61809.659: [GC 2145218K->2088785K(2345664K), 0.1601200 secs]
61834.413: [GC 2206828K->2152823K(2341824K), 0.1662640 secs]
61834.579: [Full GC 2152823K->1794347K(2442496K), 2.4282230 secs]
61852.419: [GC 1900963K->1829768K(2444608K), 0.0900630 secs]
61874.533: [GC 1942597K->1861796K(2436800K), 0.1073120 secs]
61899.846: [GC 1969222K->1925782K(2442304K), 0.1977440 secs]
61921.183: [GC 2033525K->1989758K(2435328K), 0.1172440 secs]
61946.319: [GC 2104936K->2021787K(2440192K), 0.0847540 secs]
61958.845: [GC 2126230K->2085757K(2433920K), 0.1244950 secs]
61984.750: [GC 2200829K->2149827K(2438080K), 0.1794340 secs]
61998.821: [GC 2264163K->2150273K(2433024K), 0.0885960 secs]
62017.703: [GC 2263937K->2213531K(2438336K), 0.1758080 secs]
62017.879: [Full GC 2213531K->1040180K(2158976K), 1.7853940 secs]
62039.565: [GC 1153939K->1072234K(2158720K), 0.0887640 secs]
62067.992: [GC 1185777K->1136196K(2169984K), 0.1165130 secs]
62102.286: [GC 1262087K->1201452K(2170816K), 0.1547150 secs]
62116.976: [GC 1315205K->1264431K(2184512K), 0.1855900 secs]
62148.524: [GC 1383895K->1328664K(2184256K), 0.1154490 secs]
62188.113: [GC 1455801K->1392665K(2197376K), 0.1006170 secs]
62199.641: [GC 1548313K->1471017K(2198784K), 0.1467890 secs]
62238.900: [GC 1602068K->1471083K(2214656K), 0.1247570 secs]
62269.778: [GC 1619104K->1535035K(2216064K), 0.1063420 secs]
62287.309: [GC 1708470K->1598935K(2234560K), 0.1046500 secs]
62315.396: [GC 1764364K->1663015K(2230272K), 0.1077000 secs]
62335.185: [GC 1853650K->1734081K(2228672K), 0.1193050 secs]
62367.141: [GC 1920694K->1790989K(2224512K), 0.1024460 secs]
62406.580: [GC 1970427K->1855063K(2227456K), 0.1234550 secs]
62436.133: [GC 2033904K->1951026K(2221248K), 0.2025290 secs]
62436.336: [Full GC 1951026K->1663011K(2500608K), 1.3210670 secs]
62476.619: [GC 1842306K->1702591K(2503744K), 0.0844350 secs]
62490.503: [GC 1881141K->1766569K(2495872K), 0.1098910 secs]
62527.083: [GC 1940880K->1799247K(2502848K), 0.0982750 secs]
62549.129: [GC 1974664K->1862779K(2492864K), 0.1256670 secs]
62580.846: [GC 2021685K->1926779K(2499008K), 0.2190450 secs]
62590.922: [GC 2093072K->2023134K(2500736K), 0.1226860 secs]
62620.125: [GC 2183199K->2074386K(2520320K), 0.1537030 secs]
62648.679: [GC 2267474K->2165111K(2521088K), 0.2945770 secs]
62672.067: [GC 2358198K->2228953K(2530048K), 0.1775200 secs]
62672.244: [Full GC 2228953K->1453908K(2530048K), 2.0551560 secs]
62726.377: [GC 1657225K->1518327K(2530560K), 0.1071160 secs]
62780.915: [GC 1718132K->1584415K(2530880K), 0.1386460 secs]
62810.566: [GC 1781787K->1653021K(2529472K), 0.1276520 secs]
62861.212: [GC 1828561K->1678691K(2530048K), 0.1640060 secs]
62898.468: [GC 1879393K->1742289K(2517760K), 0.1544800 secs]
62919.353: [GC 1936494K->1806717K(2527360K), 0.1849820 secs]
62956.229: [GC 1987459K->1838831K(2526784K), 0.1139400 secs]
62978.883: [GC 2038255K->1902926K(2530752K), 0.1404030 secs]
63028.176: [GC 2106952K->1998812K(2530240K), 0.1569830 secs]
63062.284: [GC 2202844K->2030930K(2523072K), 0.1037200 secs]
63091.709: [GC 2232467K->2091347K(2516096K), 0.1552850 secs]
63129.629: [GC 2291598K->2148846K(2521088K), 0.1457680 secs]
63159.160: [GC 2347244K->2194838K(2523200K), 0.1637230 secs]
63159.324: [Full GC 2194838K->1746378K(2523200K), 2.3346320 secs]
63202.117: [GC 1942081K->1779055K(2515776K), 0.1103370 secs]
63222.718: [GC 1975599K->1843363K(2524096K), 0.1892710 secs]
63264.864: [GC 2039831K->1880743K(2528256K), 0.1450220 secs]
63287.174: [GC 2082149K->1940699K(2530112K), 0.2104260 secs]
63322.726: [GC 2142104K->2004516K(2529856K), 0.2002630 secs]
63359.691: [GC 2205924K->2036165K(2529984K), 0.1472620 secs]
63389.373: [GC 2237565K->2100433K(2529856K), 0.2071470 secs]
63430.317: [GC 2282490K->2132549K(2529984K), 0.1885450 secs]
63453.758: [GC 2334469K->2196753K(2529344K), 0.1874710 secs]
63498.251: [GC 2399685K->2260771K(2529984K), 0.2170960 secs]
63498.468: [Full GC 2260771K->1202348K(2485120K), 1.8116360 secs]
63538.442: [GC 1392840K->1234880K(2485696K), 0.1017720 secs]
63562.967: [GC 1440320K->1299101K(2486272K), 0.1264570 secs]
63600.251: [GC 1504529K->1363174K(2478464K), 0.1248710 secs]
63638.674: [GC 1566758K->1395079K(2476352K), 0.1104880 secs]
63663.420: [GC 1596859K->1491126K(2481408K), 0.1733470 secs]
63688.042: [GC 1687134K->1529965K(2475264K), 0.1034430 secs]
63726.764: [GC 1729271K->1564036K(2476480K), 0.1025650 secs]
63745.483: [GC 1756754K->1625944K(2477696K), 0.1299150 secs]
63785.356: [GC 1796504K->1657937K(2471808K), 0.1172360 secs]
63805.926: [GC 1854539K->1722538K(2486912K), 0.1270460 secs]
63841.426: [GC 1931107K->1782124K(2479680K), 0.1172470 secs]
63873.142: [GC 1960476K->1814061K(2479744K), 0.1277630 secs]
63896.101: [GC 2018499K->1871104K(2482432K), 0.1477760 secs]
63937.104: [GC 2074138K->1918849K(2481344K), 0.1170140 secs]
63952.765: [GC 2121143K->2020955K(2482944K), 0.1260420 secs]
63988.750: [GC 2223065K->2077757K(2483136K), 0.1622910 secs]
64035.166: [GC 2279333K->2114021K(2479232K), 0.1454050 secs]
64054.058: [GC 2308538K->2174290K(2484224K), 0.1356470 secs]
64054.194: [Full GC 2174290K->2103611K(2529088K), 1.3835390 secs]
64086.410: [GC 2280970K->2143190K(2527040K), 0.1041940 secs]
64108.354: [GC 2342755K->2245886K(2498816K), 0.1640430 secs]
64108.518: [Full GC 2245886K->822712K(2140864K), 1.6194260 secs]
64148.518: [GC 1020600K->887436K(2169984K), 0.0955590 secs]
64178.049: [GC 1083915K->919980K(2158400K), 0.0819580 secs]
64214.311: [GC 1116458K->978163K(2169536K), 0.1424710 secs]
64248.324: [GC 1162253K->1001288K(2169024K), 0.0872540 secs]
64267.500: [GC 1196072K->1065207K(2170368K), 0.1686200 secs]
64294.708: [GC 1263991K->1112185K(2169920K), 0.1737590 secs]
64325.115: [GC 1310210K->1143897K(2171520K), 0.1262500 secs]
64365.529: [GC 1334810K->1183841K(2171200K), 0.1380300 secs]
64391.460: [GC 1381549K->1286540K(2163648K), 0.1572230 secs]
64402.498: [GC 1463701K->1255951K(2131392K), 0.0666340 secs]
64447.173: [GC 1447797K->1288063K(2159936K), 0.0745600 secs]
64472.124: [GC 1469879K->1351923K(2153344K), 0.1617850 secs]
64517.267: [GC 1533746K->1383761K(2157952K), 0.1260300 secs]
64533.998: [GC 1559303K->1447914K(2147136K), 0.1648600 secs]
64555.853: [GC 1623466K->1480363K(2156416K), 0.1195660 secs]
64592.283: [GC 1639517K->1512057K(2143296K), 0.1612610 secs]
64604.333: [GC 1683769K->1558103K(2146816K), 0.1255350 secs]
64650.075: [GC 1718935K->1593248K(2148544K), 0.1285640 secs]
64671.186: [GC 1753845K->1570776K(2148672K), 0.0710760 secs]
64673.276: [GC 1725080K->1608200K(2141824K), 0.1305880 secs]
64703.827: [GC 1762504K->1600884K(2144000K), 0.1409940 secs]
64710.235: [GC 1746356K->1578432K(2144192K), 0.0738690 secs]
64712.470: [GC 1723904K->1608424K(2138112K), 0.1037680 secs]
64950.654: [GC 1742241K->1573341K(2090432K), 0.0532480 secs]
65180.535: [GC 1712797K->1594683K(2142976K), 0.0905400 secs]
65461.198: [GC 1735419K->1595207K(2099712K), 0.1225800 secs]
65774.052: [GC 1735943K->1595391K(2140864K), 0.0646470 secs]
65871.557: [GC 1737471K->1597967K(2139520K), 0.1224490 secs]
65954.748: [GC 1704028K->1600506K(2143104K), 0.0904950 secs]
65967.141: [GC 1749562K->1638380K(2142272K), 0.1044950 secs]
66030.249: [GC 1787383K->1725352K(2136448K), 0.1596030 secs]
66066.936: [GC 1865391K->1738888K(2136768K), 0.1623880 secs]
66135.977: [GC 1879496K->1743700K(2120128K), 0.1496390 secs]
66148.624: [GC 1857684K->1757196K(2128448K), 0.1438930 secs]
66229.047: [GC 1861033K->1759046K(2109760K), 0.1962550 secs]
66230.652: [GC 1854240K->1805648K(2119104K), 0.2138040 secs]
66318.409: [GC 1900944K->1799154K(2119104K), 0.1455360 secs]
66321.197: [GC 1894447K->1838202K(2119104K), 0.2162600 secs]
66338.575: [GC 1933498K->1839110K(2119104K), 0.1558640 secs]
66382.198: [GC 1934406K->1852974K(2119104K), 0.1541840 secs]
66393.857: [GC 1948270K->1853622K(2119104K), 0.1224900 secs]
66531.065: [GC 1948918K->1855436K(2119104K), 0.1246790 secs]
66544.863: [GC 1950732K->1857214K(2119104K), 0.0950320 secs]
66559.461: [GC 1952510K->1899472K(2119104K), 0.1828750 secs]
66559.644: [Full GC 1899472K->303955K(1624512K), 1.2207290 secs]
66574.359: [GC 399237K->308150K(1624512K), 0.0168960 secs]
66589.723: [GC 403446K->311004K(1624512K), 0.0200020 secs]
66607.400: [GC 406300K->314086K(1624512K), 0.0206820 secs]
66669.744: [GC 409382K->319604K(1624512K), 0.0365000 secs]
66700.195: [GC 414900K->327831K(1624512K), 0.0240420 secs]
66745.865: [GC 423124K->347669K(1624512K), 0.0373900 secs]
66765.874: [GC 442965K->356010K(1624512K), 0.0382020 secs]
66799.436: [GC 451306K->370928K(1624512K), 0.0356700 secs]
66860.278: [GC 466224K->383465K(1623744K), 0.0270370 secs]
66907.634: [GC 478366K->408054K(1541056K), 0.0420020 secs]
66949.858: [GC 502582K->419657K(1615808K), 0.0330350 secs]
66993.560: [GC 513801K->424981K(1544768K), 0.0445760 secs]
67050.707: [GC 518741K->433772K(1601920K), 0.0556550 secs]
67088.122: [GC 527146K->442351K(1561408K), 0.0543190 secs]
67105.816: [GC 535343K->450450K(1604800K), 0.0531600 secs]
67125.998: [GC 537913K->473695K(1605632K), 0.1162480 secs]
67267.810: [GC 564891K->459476K(1612608K), 0.0783030 secs]
67386.136: [GC 551314K->478910K(1615616K), 0.0971950 secs]
67414.104: [GC 570426K->497582K(1620736K), 0.1244450 secs]
67438.367: [GC 582978K->517007K(1620736K), 0.1448890 secs]
67464.974: [GC 608515K->536495K(1624512K), 0.1285050 secs]
67509.440: [GC 628415K->574999K(1624512K), 0.1303730 secs]
67538.896: [GC 667793K->613645K(1624512K), 0.1355580 secs]
67563.703: [GC 708941K->671178K(1624512K), 0.1222850 secs]
67586.596: [GC 764616K->690397K(1624512K), 0.0635210 secs]
67607.465: [GC 785693K->715548K(1624512K), 0.0581710 secs]
67630.240: [GC 794909K->736113K(1624512K), 0.0395140 secs]
67659.607: [GC 831401K->774455K(1624512K), 0.0801840 secs]
67685.357: [GC 869751K->794121K(1624512K), 0.0820210 secs]
67726.622: [GC 886587K->813138K(1624512K), 0.0527920 secs]
67780.933: [GC 897629K->851635K(1624512K), 0.0593380 secs]
67818.443: [GC 939334K->871193K(1548672K), 0.0553070 secs]
67845.615: [GC 966097K->909520K(1621824K), 0.1099380 secs]
67884.310: [GC 1002410K->928878K(1622976K), 0.0876040 secs]
67913.538: [GC 1022628K->948527K(1616832K), 0.0576680 secs]
67949.150: [GC 1044342K->967626K(1620544K), 0.0813360 secs]
67973.788: [GC 1058284K->1006650K(1622464K), 0.1806830 secs]
68004.609: [GC 1101713K->1014832K(1624512K), 0.1531740 secs]
68038.489: [GC 1110128K->1007729K(1624512K), 0.1269320 secs]
68049.982: [GC 1103025K->1008394K(1624512K), 0.0399280 secs]
68059.081: [GC 1102679K->1054524K(1624512K), 0.0849340 secs]
68085.037: [GC 1142448K->1047390K(1549056K), 0.0483040 secs]
68104.666: [GC 1142686K->1066614K(1624128K), 0.0768850 secs]
68136.028: [GC 1147621K->1085791K(1621696K), 0.1131270 secs]
68154.521: [GC 1185373K->1124193K(1620544K), 0.1306070 secs]
68171.747: [GC 1212907K->1162636K(1624512K), 0.1562720 secs]
68205.312: [GC 1257931K->1181776K(1624512K), 0.1195830 secs]
68221.052: [GC 1259272K->1239468K(1548672K), 0.0946070 secs]
68235.302: [GC 1334763K->1277940K(1622976K), 0.0906770 secs]
68252.324: [GC 1372458K->1316552K(1623744K), 0.0938010 secs]
68270.447: [GC 1408717K->1350934K(1624256K), 0.1583860 secs]
68300.413: [GC 1445843K->1356078K(1624064K), 0.0873480 secs]
68316.059: [GC 1445342K->1374288K(1624448K), 0.1485630 secs]
68332.958: [GC 1469583K->1431894K(1624512K), 0.1830790 secs]
68333.141: [Full GC 1431894K->1084813K(2463360K), 1.7356850 secs]
68351.443: [GC 1176879K->1104230K(2463360K), 0.0440320 secs]
68367.019: [GC 1192368K->1131020K(2463360K), 0.0587370 secs]
68394.940: [GC 1226316K->1142732K(2463360K), 0.0684070 secs]
68410.782: [GC 1229112K->1181164K(2463360K), 0.1029720 secs]
68424.352: [GC 1261556K->1238840K(2462720K), 0.1057580 secs]
68439.476: [GC 1321627K->1238894K(2387648K), 0.0536450 secs]
68454.635: [GC 1323555K->1258150K(2464512K), 0.0613750 secs]
68469.136: [GC 1359453K->1296558K(2461888K), 0.0863210 secs]
68483.970: [GC 1395234K->1323311K(2463360K), 0.1453090 secs]
68509.646: [GC 1418607K->1335001K(2463360K), 0.1594520 secs]
68528.405: [GC 1428673K->1354309K(2463360K), 0.0898360 secs]
68542.065: [GC 1440512K->1392773K(2387648K), 0.0666530 secs]
68557.694: [GC 1470429K->1431227K(2466816K), 0.0937980 secs]
68572.481: [GC 1531826K->1469652K(2462848K), 0.0962410 secs]
68588.389: [GC 1566620K->1488928K(2467392K), 0.1283090 secs]
68614.708: [GC 1592654K->1527182K(2396160K), 0.1273750 secs]
68636.781: [GC 1619567K->1546624K(2468288K), 0.0935780 secs]
68652.354: [GC 1654271K->1604434K(2465856K), 0.1136430 secs]
68668.311: [GC 1709978K->1611944K(2469568K), 0.1015920 secs]
68681.314: [GC 1723032K->1699743K(2469440K), 0.1934160 secs]
68694.038: [GC 1810847K->1766776K(2469824K), 0.2474430 secs]
68695.780: [GC 1881850K->1862271K(2471168K), 0.1973000 secs]
68713.966: [GC 1977467K->1948484K(2467776K), 0.2889340 secs]
68730.825: [GC 2067972K->1986950K(2471616K), 0.1504130 secs]
68759.780: [GC 2092487K->2006548K(2474368K), 0.1574470 secs]
68776.528: [GC 2130241K->2059660K(2477504K), 0.1234840 secs]
68804.728: [GC 2188172K->2065129K(2480576K), 0.1487510 secs]
68820.606: [GC 2188747K->2103451K(2440384K), 0.0998550 secs]
68850.797: [GC 2226617K->2141960K(2478528K), 0.1506960 secs]
68867.350: [GC 2267137K->2207192K(2476992K), 0.1876460 secs]
68867.537: [Full GC 2207192K->1568115K(2490688K), 2.1462310 secs]
68897.476: [GC 1697410K->1595880K(2493952K), 0.0598230 secs]
68916.941: [GC 1733378K->1634957K(2495936K), 0.1365190 secs]
68956.411: [GC 1772939K->1672746K(2496768K), 0.1396410 secs]
68987.934: [GC 1814123K->1711290K(2499008K), 0.0993530 secs]
69015.765: [GC 1855802K->1768897K(2493568K), 0.1222330 secs]
69039.784: [GC 1903884K->1788523K(2499328K), 0.1173500 secs]
69078.979: [GC 1914023K->1807807K(2495488K), 0.1518930 secs]
69097.515: [GC 1949801K->1845949K(2486656K), 0.1279790 secs]
69127.681: [GC 1987208K->1911347K(2483712K), 0.1382660 secs]
69159.224: [GC 2023475K->1923093K(2490560K), 0.0974180 secs]
69178.078: [GC 2042424K->1961499K(2474304K), 0.1783150 secs]
69207.762: [GC 2071643K->1980603K(2473792K), 0.1524930 secs]
69226.939: [GC 2078351K->1999955K(2480000K), 0.1286030 secs]
69241.845: [GC 2098186K->2038365K(2442816K), 0.1141120 secs]
69256.462: [GC 2136596K->2076809K(2476672K), 0.1214720 secs]
69272.178: [GC 2169012K->2096037K(2476864K), 0.0954150 secs]
69291.586: [GC 2194085K->2115404K(2477952K), 0.0827060 secs]
69323.948: [GC 2217022K->2134640K(2478784K), 0.0934360 secs]
69335.124: [GC 2236400K->2155104K(2478208K), 0.1084690 secs]
69345.822: [GC 2261036K->2174694K(2479552K), 0.0737410 secs]
69370.038: [GC 2274196K->2219114K(2479552K), 0.1380830 secs]
69370.176: [Full GC 2219114K->1352336K(2479552K), 2.0579330 secs]
69412.382: [GC 1466313K->1380925K(2482048K), 0.0691560 secs]
69429.227: [GC 1496188K->1437715K(2486016K), 0.1039520 secs]
69464.868: [GC 1564755K->1476267K(2432704K), 0.0890650 secs]
69482.476: [GC 1602662K->1514643K(2480064K), 0.0820700 secs]
69515.294: [GC 1635539K->1533923K(2484288K), 0.1312970 secs]
69534.099: [GC 1654234K->1591630K(2469248K), 0.1693560 secs]
69552.794: [GC 1683761K->1591490K(2477056K), 0.0977760 secs]
69571.786: [GC 1676753K->1630034K(2476672K), 0.0961770 secs]
69589.008: [GC 1717004K->1668372K(2476864K), 0.0954990 secs]
69606.089: [GC 1746879K->1668394K(2476032K), 0.1049780 secs]
69629.316: [GC 1752332K->1687738K(2401792K), 0.1077500 secs]
69653.832: [GC 1773452K->1726330K(2478912K), 0.0930520 secs]
69673.376: [GC 1809014K->1745524K(2475840K), 0.0999130 secs]
69691.656: [GC 1837439K->1764778K(2477696K), 0.1008680 secs]
69717.439: [GC 1876393K->1784046K(2436608K), 0.0842280 secs]
69739.610: [GC 1892559K->1822502K(2469376K), 0.1088020 secs]
69756.116: [GC 1929677K->1842459K(2473280K), 0.1325610 secs]
69785.487: [GC 1949659K->1841814K(2480704K), 0.1410310 secs]
69804.699: [GC 1935661K->1861092K(2449216K), 0.1198500 secs]
69820.991: [GC 1965476K->1899540K(2472896K), 0.1406590 secs]
69840.685: [GC 1994833K->1937962K(2477056K), 0.1378370 secs]
69859.281: [GC 2028778K->1938080K(2477056K), 0.1040690 secs]
69876.741: [GC 2022127K->1976431K(2477056K), 0.1136230 secs]
69895.071: [GC 2067859K->1976689K(2477056K), 0.1136520 secs]
69913.365: [GC 2071923K->2015189K(2477056K), 0.0999250 secs]
69932.482: [GC 2109145K->2034501K(2476672K), 0.1005780 secs]
69952.576: [GC 2129797K->2072679K(2401408K), 0.0988910 secs]
69971.487: [GC 2166897K->2094085K(2478144K), 0.0949980 secs]
69978.561: [GC 2192517K->2113148K(2475584K), 0.0932360 secs]
70002.947: [GC 2211580K->2132441K(2478976K), 0.1357820 secs]
70019.545: [GC 2226076K->2151599K(2476352K), 0.1074560 secs]
70038.118: [GC 2239935K->2190051K(2482752K), 0.1074640 secs]
70057.613: [GC 2296917K->2209379K(2481664K), 0.1127000 secs]
70074.094: [GC 2323791K->2229707K(2489664K), 0.0917900 secs]
70091.919: [GC 2348980K->2247933K(2488768K), 0.1243230 secs]
70092.044: [Full GC 2247933K->1328327K(2488768K), 1.9323000 secs]
70112.473: [GC 1455168K->1386656K(2487808K), 0.0920310 secs]
70130.285: [GC 1514208K->1406182K(2493184K), 0.1284590 secs]
70161.637: [GC 1522042K->1444426K(2487552K), 0.1168880 secs]
70178.965: [GC 1573770K->1482798K(2454208K), 0.0804360 secs]
70210.903: [GC 1611502K->1502102K(2483968K), 0.1005080 secs]
70230.290: [GC 1630161K->1559964K(2453248K), 0.1352270 secs]
70252.639: [GC 1687388K->1598494K(2486080K), 0.1643540 secs]
70288.993: [GC 1715527K->1617534K(2434816K), 0.0740490 secs]
70310.578: [GC 1745767K->1655942K(2479936K), 0.1483480 secs]
70347.450: [GC 1783750K->1675284K(2433600K), 0.0794670 secs]
70367.197: [GC 1793252K->1713856K(2473664K), 0.0894960 secs]
70388.626: [GC 1840376K->1752421K(2451776K), 0.1001300 secs]
70408.712: [GC 1875054K->1798535K(2468800K), 0.1272260 secs]
70441.158: [GC 1923374K->1830291K(2432000K), 0.0976690 secs]
70458.057: [GC 1954889K->1886949K(2469376K), 0.1058850 secs]
70476.807: [GC 2010789K->1925533K(2429696K), 0.1076220 secs]
70515.249: [GC 2044004K->1944737K(2464192K), 0.0760460 secs]
70533.403: [GC 2067353K->1983134K(2465600K), 0.1321970 secs]
70556.356: [GC 2105182K->2021238K(2468032K), 0.1577290 secs]
70594.863: [GC 2144208K->2042218K(2430464K), 0.1126420 secs]
70612.254: [GC 2164964K->2079614K(2462976K), 0.0832870 secs]
70630.644: [GC 2201803K->2134113K(2441984K), 0.1318760 secs]
70659.613: [GC 2254752K->2138711K(2459840K), 0.1026330 secs]
70670.325: [GC 2258775K->2178005K(2461632K), 0.1196880 secs]
70684.989: [GC 2298069K->2219436K(2471040K), 0.1046630 secs]
70685.094: [Full GC 2219436K->1352960K(2471040K), 1.9643360 secs]
70719.920: [GC 1483306K->1373072K(2440320K), 0.0730880 secs]
70739.140: [GC 1505790K->1411473K(2468416K), 0.0907920 secs]
70768.242: [GC 1542801K->1430831K(2437120K), 0.0748480 secs]
70793.619: [GC 1561455K->1449815K(2464832K), 0.1142430 secs]
70815.418: [GC 1579735K->1469327K(2435712K), 0.1041020 secs]
70835.620: [GC 1580164K->1508163K(2460608K), 0.1056890 secs]
70858.628: [GC 1636802K->1546515K(2462080K), 0.0776000 secs]
70879.795: [GC 1674515K->1585347K(2460992K), 0.1086200 secs]
70923.285: [GC 1712626K->1623681K(2433408K), 0.0895800 secs]
70944.282: [GC 1750398K->1661873K(2458240K), 0.1748620 secs]
70965.068: [GC 1785777K->1700695K(2430016K), 0.1049190 secs]
70989.637: [GC 1809384K->1738315K(2455552K), 0.0879470 secs]
71003.021: [GC 1861003K->1777536K(2456768K), 0.0869850 secs]
71021.367: [GC 1899648K->1797084K(2455808K), 0.0985670 secs]
71031.177: [GC 1912429K->1834770K(2457728K), 0.0806780 secs]
71051.885: [GC 1956306K->1854596K(2442368K), 0.0998940 secs]
71061.242: [GC 1975554K->1910442K(2458304K), 0.1330660 secs]
71070.448: [GC 2017721K->1949430K(2474752K), 0.1170160 secs]
71087.415: [GC 2082064K->2007198K(2475136K), 0.1623500 secs]
71100.210: [GC 2144042K->2043969K(2495168K), 0.1571020 secs]
71121.841: [GC 2199295K->2082927K(2496064K), 0.1545670 secs]
71139.851: [GC 2223343K->2121505K(2517248K), 0.1283960 secs]
71165.772: [GC 2292322K->2178882K(2501120K), 0.1632510 secs]
71176.548: [GC 2354625K->2255736K(2515456K), 0.1673150 secs]
71176.715: [Full GC 2255736K->1519054K(2515456K), 2.1156180 secs]
71199.543: [GC 1692294K->1577232K(2498816K), 0.0828520 secs]
71211.317: [GC 1750767K->1604600K(2514944K), 0.1104800 secs]
71245.848: [GC 1776308K->1662466K(2497664K), 0.1578930 secs]
71279.962: [GC 1833726K->1702362K(2515520K), 0.1142900 secs]
71301.218: [GC 1873803K->1758314K(2496960K), 0.0966010 secs]
71324.389: [GC 1927926K->1841187K(2506112K), 0.1832940 secs]
71357.635: [GC 1990601K->1860211K(2510848K), 0.1221620 secs]
71396.117: [GC 2016991K->1925018K(2506688K), 0.1102470 secs]
71430.092: [GC 2071030K->1936826K(2464576K), 0.1033250 secs]
71447.049: [GC 2094842K->1994510K(2496576K), 0.1840320 secs]
71468.490: [GC 2141653K->2026957K(2486016K), 0.1283760 secs]
71508.521: [GC 2174092K->2076707K(2500736K), 0.1169670 secs]
71541.103: [GC 2218723K->2095627K(2447424K), 0.1019820 secs]
71561.062: [GC 2236872K->2153672K(2493312K), 0.1341850 secs]
71584.386: [GC 2294152K->2192812K(2446848K), 0.1305420 secs]
71616.335: [GC 2315706K->2230809K(2489984K), 0.1717360 secs]
71616.507: [Full GC 2230809K->1386982K(2489984K), 2.0322940 secs]
71635.932: [GC 1519025K->1426086K(2463872K), 0.0806630 secs]
71670.243: [GC 1564262K->1464638K(2486528K), 0.1244280 secs]
71676.558: [GC 1602041K->1515471K(2488512K), 0.0975580 secs]
71783.377: [GC 1652764K->1573027K(2502144K), 0.1474880 secs]
71794.473: [GC 1708720K->1628545K(2489216K), 0.0931090 secs]
71797.641: [GC 1775553K->1645724K(2482944K), 0.0878480 secs]
71820.558: [GC 1766708K->1590329K(2415680K), 0.0762010 secs]
71841.178: [GC 1711993K->1602390K(2491200K), 0.0594720 secs]
71859.494: [GC 1724549K->1613499K(2420096K), 0.0632930 secs]
71867.784: [GC 1731864K->1624419K(2490240K), 0.0548630 secs]
71870.547: [GC 1718250K->1703849K(2488320K), 0.1012100 secs]
71872.051: [GC 1828046K->1727166K(2489792K), 0.1066660 secs]
71889.705: [GC 1851582K->1735918K(2489152K), 0.1010880 secs]
71909.110: [GC 1859939K->1745720K(2492224K), 0.0848190 secs]
71930.336: [GC 1876152K->1754046K(2492288K), 0.0707940 secs]
71955.049: [GC 1884478K->1762354K(2494528K), 0.0682070 secs]
71977.367: [GC 1884391K->1794539K(2494848K), 0.0809950 secs]
71980.407: [GC 1931486K->1833907K(2483008K), 0.0927290 secs]
71992.146: [GC 1960947K->1772206K(2492928K), 0.0406540 secs]
72185.931: [GC 1899246K->1772701K(2489600K), 0.0431850 secs]
72338.284: [GC 1900381K->1773952K(2491584K), 0.0571550 secs]
72406.051: [GC 1901632K->1788500K(2473664K), 0.0967860 secs]
72470.724: [GC 1915476K->1788965K(2413888K), 0.0814030 secs]
72583.717: [GC 1910546K->1790095K(2476032K), 0.0436520 secs]
72627.812: [GC 1915791K->1802471K(2425664K), 0.0567120 secs]
72753.927: [GC 1927527K->1802959K(2464000K), 0.0889210 secs]
72927.454: [GC 1927375K->1803039K(2424960K), 0.0579430 secs]
73074.806: [GC 1926815K->1806727K(2457216K), 0.0898500 secs]
73095.601: [GC 1929863K->1807832K(2428480K), 0.0793670 secs]
73105.631: [GC 1930328K->1825166K(2453568K), 0.1175610 secs]
73120.290: [GC 1937515K->1828442K(2457216K), 0.1140880 secs]
73130.302: [GC 1937066K->1837264K(2459584K), 0.1007670 secs]
73136.139: [GC 1953296K->1861479K(2461248K), 0.1133700 secs]
73156.193: [GC 1977511K->1873156K(2485888K), 0.1710690 secs]
73167.678: [GC 2004036K->1890843K(2487104K), 0.1494120 secs]
73183.099: [GC 2021723K->1892518K(2497856K), 0.1518750 secs]
73194.059: [GC 2037215K->1914026K(2499392K), 0.0820750 secs]
73205.557: [GC 2058730K->1912036K(2501696K), 0.0956470 secs]
73224.729: [GC 2062116K->1917344K(2502592K), 0.0794930 secs]
73236.939: [GC 2067424K->1935107K(2499072K), 0.1020330 secs]
73258.274: [GC 2078707K->1936121K(2502720K), 0.1284760 secs]
73275.284: [GC 2090745K->1947633K(2503552K), 0.0677300 secs]
73290.021: [GC 2105783K->1971310K(2507584K), 0.1186110 secs]
73311.672: [GC 2134830K->1966578K(2512128K), 0.0848940 secs]
73325.598: [GC 2139570K->1984914K(2514304K), 0.0838390 secs]
73347.956: [GC 2157906K->1985180K(2501696K), 0.0884280 secs]
73361.044: [GC 2156956K->2003545K(2509056K), 0.0882900 secs]
73380.941: [GC 2175321K->2005735K(2484352K), 0.0830230 secs]
73397.788: [GC 2176295K->2008466K(2464320K), 0.0831960 secs]
73414.594: [GC 2166216K->2012158K(2496960K), 0.0655340 secs]
73426.168: [GC 2180350K->2031141K(2499136K), 0.0991620 secs]
73445.847: [GC 2199333K->2032038K(2515712K), 0.1368220 secs]
73467.119: [GC 2219942K->2044480K(2516416K), 0.1289890 secs]
73484.580: [GC 2232384K->2063196K(2529856K), 0.1655470 secs]
73509.390: [GC 2266140K->2064858K(2529472K), 0.1053840 secs]
73529.409: [GC 2267802K->2081577K(2530240K), 0.0800420 secs]
73547.724: [GC 2286313K->2106077K(2530880K), 0.1623010 secs]
73572.477: [GC 2310810K->2120321K(2531456K), 0.0870130 secs]
73593.468: [GC 2324865K->2119507K(2493312K), 0.0707840 secs]
73614.180: [GC 2322387K->2130893K(2520960K), 0.0873790 secs]
73634.991: [GC 2332108K->2149779K(2505472K), 0.0921600 secs]
73658.038: [GC 2349395K->2148133K(2519616K), 0.0632020 secs]
73674.796: [GC 2346149K->2172502K(2519616K), 0.0950770 secs]
73697.978: [GC 2356528K->2173979K(2517376K), 0.1349120 secs]
73719.163: [GC 2368859K->2192178K(2502592K), 0.0788400 secs]
73734.790: [GC 2385522K->2215409K(2517056K), 0.0996430 secs]
73760.818: [GC 2398311K->2215559K(2481408K), 0.0888860 secs]
73781.952: [GC 2405959K->2232776K(2513408K), 0.0817180 secs]
73797.767: [GC 2421704K->2256071K(2498240K), 0.0980130 secs]
73827.329: [GC 2443591K->2258475K(2510336K), 0.0990180 secs]
73827.428: [Full GC 2258475K->485710K(1745216K), 1.5726050 secs]
73849.698: [GC 671822K->507177K(1727552K), 0.0427740 secs]
73865.108: [GC 691817K->525574K(1740224K), 0.0591250 secs]
73890.710: [GC 708806K->527014K(1707328K), 0.0778800 secs]
73911.101: [GC 708838K->538340K(1734208K), 0.0409370 secs]
73927.364: [GC 718548K->557058K(1719616K), 0.0820160 secs]
73952.414: [GC 736130K->558796K(1733056K), 0.0551320 secs]
73974.509: [GC 736524K->570918K(1713792K), 0.0340500 secs]
73991.952: [GC 747302K->589580K(1729216K), 0.0660620 secs]
74018.182: [GC 764684K->589044K(1714624K), 0.0811580 secs]
74039.610: [GC 762868K->600498K(1724928K), 0.0650560 secs]
74055.294: [GC 770418K->618952K(1727616K), 0.1056010 secs]
74078.593: [GC 787656K->617552K(1725120K), 0.0604500 secs]
74091.876: [GC 785040K->636241K(1727360K), 0.0745110 secs]
74115.901: [GC 802513K->635165K(1725376K), 0.0975390 secs]
74135.275: [GC 800285K->646335K(1702656K), 0.0468790 secs]
74150.192: [GC 810303K->664265K(1722624K), 0.0888570 secs]
74172.556: [GC 824905K->662473K(1684416K), 0.0534100 secs]
74178.885: [GC 817154K->691528K(1724672K), 0.0628670 secs]
74186.581: [GC 849992K->719095K(1725760K), 0.0873200 secs]
74207.113: [GC 877559K->720933K(1703296K), 0.0844240 secs]
74221.455: [GC 878309K->744029K(1725184K), 0.1297060 secs]
74241.893: [GC 901389K->744847K(1701312K), 0.0572230 secs]
74248.014: [GC 882762K->766648K(1723264K), 0.0856090 secs]
74263.070: [GC 923000K->794287K(1742080K), 0.0844930 secs]
74277.699: [GC 970927K->817372K(1743616K), 0.0731810 secs]
74300.048: [GC 994012K->822163K(1719744K), 0.0548070 secs]
74305.763: [GC 997455K->870400K(1740864K), 0.0731530 secs]
74318.748: [GC 1045687K->948470K(1754816K), 0.1747110 secs]
74337.512: [GC 1132246K->913926K(1716992K), 0.0408380 secs]
74348.885: [GC 1104958K->965215K(1738368K), 0.1181380 secs]
74355.563: [GC 1134495K->1045212K(1731776K), 0.1224980 secs]
74371.111: [GC 1214048K->1094546K(1734144K), 0.0945160 secs]
74386.521: [GC 1246034K->1104702K(1712512K), 0.0840200 secs]
74397.743: [GC 1256190K->1108400K(1738816K), 0.0932750 secs]
74403.242: [GC 1250225K->1136370K(1700224K), 0.0690960 secs]
74406.449: [GC 1286194K->1184941K(1731968K), 0.1064010 secs]
74421.528: [GC 1314630K->1185655K(1736320K), 0.0974420 secs]
74426.531: [GC 1331511K->1225426K(1735616K), 0.0697050 secs]
74438.066: [GC 1370002K->1287121K(1688960K), 0.1475420 secs]
74452.016: [GC 1431686K->1326104K(1733312K), 0.0893980 secs]
74458.259: [GC 1449794K->1328676K(1734080K), 0.1260040 secs]
74465.011: [GC 1473444K->1358548K(1734528K), 0.1239690 secs]
74478.109: [GC 1508116K->1375972K(1736704K), 0.0806940 secs]
74492.498: [GC 1525540K->1414341K(1738816K), 0.1370360 secs]
74501.460: [GC 1568645K->1470111K(1740992K), 0.1253100 secs]
74501.585: [Full GC 1470111K->1324124K(2506112K), 1.3242130 secs]
74517.573: [GC 1478424K->1379708K(2494656K), 0.0724590 secs]
74529.367: [GC 1524668K->1382948K(2435008K), 0.1016430 secs]
74541.485: [GC 1527860K->1401537K(2504832K), 0.0723180 secs]
74544.835: [GC 1549249K->1480713K(2501696K), 0.1405670 secs]
74563.437: [GC 1628425K->1483686K(2503488K), 0.1185220 secs]
74575.894: [GC 1622533K->1501219K(2452992K), 0.1043990 secs]
74577.744: [GC 1649059K->1564855K(2494912K), 0.1411590 secs]
74595.805: [GC 1707703K->1568525K(2499904K), 0.1033320 secs]
74600.067: [GC 1711373K->1609104K(2499584K), 0.1225780 secs]
74611.970: [GC 1752272K->1668123K(2450048K), 0.3804390 secs]
74630.936: [GC 1811291K->1673680K(2500352K), 0.1323310 secs]
74636.528: [GC 1819664K->1712922K(2498944K), 0.0883900 secs]
74640.417: [GC 1858901K->1782166K(2499776K), 0.1695930 secs]
74659.844: [GC 1925846K->1821990K(2501248K), 0.3022340 secs]
74672.744: [GC 1965670K->1840754K(2494144K), 0.1454000 secs]
74680.522: [GC 1984086K->1885600K(2497728K), 0.1036020 secs]
74689.142: [GC 2026031K->1947424K(2501760K), 0.2136750 secs]
74701.472: [GC 2093407K->1963911K(2450304K), 0.1160830 secs]
74718.335: [GC 2089807K->1977715K(2500224K), 0.2068360 secs]
74724.732: [GC 2125619K->2057587K(2500480K), 0.1739050 secs]
74737.323: [GC 2205491K->2114825K(2502144K), 0.2960280 secs]
74745.067: [GC 2261694K->2152984K(2503104K), 0.1121490 secs]
74759.085: [GC 2304472K->2165768K(2501696K), 0.1691110 secs]
74773.345: [GC 2320200K->2185078K(2503872K), 0.1674650 secs]
74789.079: [GC 2339510K->2224811K(2506048K), 0.1155820 secs]
74789.195: [Full GC 2224811K->1573395K(2506048K), 2.2248280 secs]
74793.224: [GC 1734321K->1638632K(2503552K), 0.1419300 secs]
74805.637: [GC 1797864K->1628030K(2503552K), 0.1120240 secs]
74813.020: [GC 1770337K->1677081K(2484608K), 0.0972770 secs]
74834.191: [GC 1825369K->1674051K(2499648K), 0.1546360 secs]
74844.450: [GC 1795439K->1691051K(2445504K), 0.0836070 secs]
74846.323: [GC 1819890K->1784331K(2496384K), 0.1532690 secs]
74857.810: [GC 1924299K->1852395K(2497088K), 0.1481370 secs]
74866.741: [GC 1992363K->1901946K(2498752K), 0.1548970 secs]
74882.588: [GC 2049914K->1933725K(2498880K), 0.1427310 secs]
74898.391: [GC 2081693K->1940430K(2506752K), 0.0938680 secs]
74904.404: [GC 2097731K->1983772K(2488640K), 0.1371160 secs]
74920.576: [GC 2141084K->2012968K(2505920K), 0.1516270 secs]
74934.267: [GC 2166120K->2030368K(2458112K), 0.0791390 secs]
74953.280: [GC 2181972K->2031652K(2503488K), 0.0706700 secs]
74961.975: [GC 2185380K->2060353K(2502976K), 0.1014070 secs]
74974.823: [GC 2214081K->2078417K(2504256K), 0.1208630 secs]
74985.601: [GC 2239427K->2101633K(2506304K), 0.0884930 secs]
74999.084: [GC 2260511K->2097527K(2507200K), 0.1224260 secs]
75003.417: [GC 2267767K->2100058K(2510400K), 0.1055070 secs]
75017.634: [GC 2270298K->2127314K(2517824K), 0.1480430 secs]
75030.470: [GC 2306002K->2159911K(2498432K), 0.1266150 secs]
75032.168: [GC 2338599K->2181126K(2521152K), 0.1114650 secs]
75045.221: [GC 2361606K->2225146K(2518144K), 0.1129120 secs]
75047.642: [GC 2405626K->2284051K(2513536K), 0.2640370 secs]
75047.907: [Full GC 2284051K->1755272K(2513536K), 2.4079460 secs]
75055.214: [GC 1928776K->1818690K(2504000K), 0.1448490 secs]
75058.455: [GC 1992194K->1925850K(2509440K), 0.1876000 secs]
75059.259: [GC 2088986K->1925780K(2450112K), 0.1524020 secs]
75060.095: [GC 2088916K->1926096K(2507904K), 0.1514320 secs]
75060.921: [GC 2084496K->1926297K(2508608K), 0.0551530 secs]
75062.059: [GC 2084697K->1929863K(2506112K), 0.0506420 secs]
75068.423: [GC 2088327K->1963759K(2507392K), 0.0833470 secs]
75077.089: [GC 2122222K->1977998K(2508544K), 0.1312770 secs]
75078.396: [GC 2137870K->1983930K(2508672K), 0.0802680 secs]
75079.087: [GC 2143802K->1985474K(2509120K), 0.0788940 secs]
75080.931: [GC 2147714K->2020820K(2508736K), 0.0926540 secs]
75081.601: [GC 2183060K->2028282K(2510464K), 0.0797050 secs]
75082.228: [GC 2189562K->2028266K(2447872K), 0.0698720 secs]
75082.875: [GC 2189546K->2028302K(2510080K), 0.0512310 secs]
75083.507: [GC 2191246K->2028262K(2508416K), 0.0595610 secs]
75084.117: [GC 2191206K->2028262K(2511232K), 0.0594220 secs]
75084.741: [GC 2196582K->2028342K(2509760K), 0.0455450 secs]
75085.324: [GC 2196662K->2035317K(2513856K), 0.0622480 secs]
75086.987: [GC 2212335K->2033094K(2513600K), 0.0447210 secs]
75099.469: [GC 2211079K->2049854K(2521152K), 0.1123580 secs]
75100.221: [GC 2237758K->2049138K(2520576K), 0.1016020 secs]
75102.315: [GC 2237042K->2116103K(2513920K), 0.1189030 secs]
75103.048: [GC 2299207K->2123895K(2520960K), 0.0985600 secs]
75103.766: [GC 2306999K->2123935K(2515072K), 0.0603770 secs]
75104.358: [GC 2308959K->2153511K(2518976K), 0.0689230 secs]
75105.067: [GC 2338535K->2154619K(2522752K), 0.0692020 secs]
75105.763: [GC 2340475K->2153721K(2472640K), 0.0759360 secs]
75106.495: [GC 2339577K->2154308K(2522112K), 0.0814370 secs]
75107.645: [GC 2342980K->2157397K(2519936K), 0.0844890 secs]
75109.487: [GC 2330184K->2158293K(2524928K), 0.0506190 secs]
75122.840: [GC 2352144K->2223966K(2522752K), 0.1211740 secs]
75137.914: [GC 2417634K->2231675K(2527488K), 0.1378180 secs]
75138.052: [Full GC 2231675K->1536630K(2527488K), 2.1634700 secs]
75154.943: [GC 1729447K->1562384K(2524160K), 0.0702560 secs]
75171.102: [GC 1755216K->1574764K(2523328K), 0.1232740 secs]
75176.636: [GC 1768684K->1617441K(2524288K), 0.1249690 secs]
75195.878: [GC 1811361K->1630142K(2524352K), 0.0669730 secs]
75198.639: [GC 1829822K->1638296K(2526080K), 0.0608190 secs]
75200.434: [GC 1837976K->1670252K(2526464K), 0.0992140 secs]
75201.609: [GC 1872556K->1699979K(2530560K), 0.0871830 secs]
75202.381: [GC 1902283K->1700206K(2528576K), 0.0458570 secs]
75203.126: [GC 1902958K->1700410K(2529792K), 0.0400770 secs]
75203.852: [GC 1903162K->1700774K(2529088K), 0.0442630 secs]
75204.594: [GC 1906470K->1701294K(2530560K), 0.0619450 secs]
75205.359: [GC 1906990K->1701642K(2530944K), 0.0477270 secs]
75206.607: [GC 1912143K->1716524K(2532480K), 0.0797020 secs]
75224.885: [GC 1927020K->1719413K(2533184K), 0.0512890 secs]
75240.171: [GC 1934325K->1737732K(2535040K), 0.0714060 secs]
75268.916: [GC 1952644K->1741152K(2536128K), 0.0844630 secs]
75290.754: [GC 1958048K->1752266K(2536576K), 0.0620010 secs]
75314.038: [GC 1969162K->1772482K(2534592K), 0.1086240 secs]
75337.416: [GC 1983802K->1801079K(2534912K), 0.0911080 secs]
75362.676: [GC 2010947K->1785259K(2528384K), 0.0676640 secs]
75376.651: [GC 1989739K->1815706K(2523008K), 0.1462070 secs]
75401.576: [GC 2020186K->1819062K(2529024K), 0.1234310 secs]
75422.242: [GC 2016374K->1830128K(2499584K), 0.0578310 secs]
75438.641: [GC 2024862K->1850007K(2519552K), 0.1411790 secs]
75460.328: [GC 2041942K->1849414K(2513472K), 0.1117410 secs]
75475.714: [GC 2041350K->1867407K(2502208K), 0.1235750 secs]
75496.334: [GC 2032591K->1865231K(2512000K), 0.1025500 secs]
75508.776: [GC 2030415K->1883597K(2510656K), 0.1267610 secs]
75529.694: [GC 2050957K->1881861K(2489344K), 0.1197590 secs]
75542.027: [GC 2049221K->1900763K(2496768K), 0.1244590 secs]
75561.607: [GC 2050715K->1900590K(2490688K), 0.1802780 secs]
75571.415: [GC 2050479K->1924217K(2475392K), 0.1799590 secs]
75584.922: [GC 2039225K->1913691K(2463616K), 0.1822710 secs]
75598.158: [GC 2028699K->1917843K(2481536K), 0.1746400 secs]
75604.592: [GC 2022227K->1938534K(2445760K), 0.1967460 secs]
75622.532: [GC 2042918K->1935526K(2485376K), 0.0981730 secs]
75634.203: [GC 2042790K->1939128K(2419584K), 0.1133270 secs]
75641.130: [GC 2046392K->1958026K(2480704K), 0.1724230 secs]
75655.170: [GC 2067658K->1953938K(2478336K), 0.1052870 secs]
75666.670: [GC 2060135K->1955692K(2484992K), 0.1011490 secs]
75675.225: [GC 2073772K->1978660K(2485952K), 0.1394420 secs]
75691.387: [GC 2096740K->1978598K(2488384K), 0.0655940 secs]
75699.648: [GC 2095347K->1999809K(2488512K), 0.1092150 secs]
75714.822: [GC 2123713K->2000079K(2490432K), 0.1050180 secs]
75729.256: [GC 2129807K->2005183K(2490432K), 0.0686290 secs]
75738.113: [GC 2134911K->2026675K(2492480K), 0.1524740 secs]
75753.685: [GC 2165616K->2025937K(2494528K), 0.0951380 secs]
75763.042: [GC 2164355K->2073971K(2494336K), 0.1446400 secs]
75782.134: [GC 2217139K->2044824K(2500864K), 0.0673540 secs]
75796.201: [GC 2187988K->2066812K(2491584K), 0.0725140 secs]
75812.722: [GC 2210684K->2065844K(2496576K), 0.1345620 secs]
75827.975: [GC 2209711K->2083900K(2503232K), 0.1189580 secs]
75849.065: [GC 2238396K->2081427K(2505536K), 0.1203460 secs]
75860.878: [GC 2235923K->2086003K(2503168K), 0.1754830 secs]
75872.683: [GC 2237491K->2103284K(2476992K), 0.1372900 secs]
75895.876: [GC 2254772K->2101380K(2505984K), 0.1785110 secs]
75911.740: [GC 2253572K->2110478K(2470016K), 0.1778340 secs]
75928.549: [GC 2262245K->2114812K(2503232K), 0.1556260 secs]
75943.711: [GC 2268348K->2125976K(2501888K), 0.1583030 secs]
75960.742: [GC 2279512K->2131122K(2508544K), 0.1231990 secs]
75978.751: [GC 2290418K->2141968K(2492416K), 0.1162960 secs]
75992.127: [GC 2301261K->2159321K(2491648K), 0.2452660 secs]
76011.758: [GC 2299929K->2157490K(2489216K), 0.1748500 secs]
76024.043: [GC 2292831K->2174036K(2483648K), 0.1553090 secs]
76039.417: [GC 2292884K->2184866K(2480000K), 0.1803800 secs]
76049.087: [GC 2303714K->2173060K(2484480K), 0.1317250 secs]
76056.972: [GC 2275842K->2203779K(2442240K), 0.1829270 secs]
76068.023: [GC 2310339K->2193018K(2478144K), 0.1383990 secs]
76082.656: [GC 2299706K->2188250K(2478016K), 0.1347230 secs]
76089.789: [GC 2294938K->2204006K(2486144K), 0.0927940 secs]
76105.398: [GC 2320102K->2215264K(2403968K), 0.1383670 secs]
76117.291: [GC 2331360K->2219046K(2485888K), 0.0712200 secs]
76126.076: [GC 2332390K->2235516K(2417536K), 0.1176590 secs]
76146.530: [GC 2348860K->2236788K(2483968K), 0.0972610 secs]
76157.716: [GC 2350823K->2240203K(2483328K), 0.0662550 secs]
76166.578: [GC 2354379K->2256561K(2482176K), 0.0925990 secs]
76174.458: [GC 2378677K->2328598K(2480832K), 0.1610980 secs]
76174.619: [Full GC 2328598K->706583K(1970560K), 1.6242750 secs]
76186.793: [GC 828695K->711982K(1975232K), 0.0550750 secs]
76193.117: [GC 822510K->728831K(1904960K), 0.0596600 secs]
76201.658: [GC 839359K->746571K(1973376K), 0.1154050 secs]
76219.183: [GC 861259K->747091K(1969216K), 0.0418020 secs]
76227.353: [GC 861779K->763599K(1972096K), 0.0543330 secs]
76233.111: [GC 889928K->798112K(1975040K), 0.0679240 secs]
76247.279: [GC 924448K->801726K(1984448K), 0.1013100 secs]
76257.446: [GC 938689K->832324K(1986176K), 0.0940720 secs]
76263.001: [GC 971778K->851758K(1990080K), 0.0638070 secs]
76277.352: [GC 984086K->851964K(1991104K), 0.0601420 secs]
76289.338: [GC 997503K->869400K(1984832K), 0.0785980 secs]
76307.520: [GC 1018200K->897498K(1989120K), 0.0634100 secs]
76313.627: [GC 1046298K->930744K(1988288K), 0.1038820 secs]
76325.902: [GC 1081976K->948811K(1994752K), 0.0910510 secs]
76345.317: [GC 1100043K->951219K(1990208K), 0.0597820 secs]
76351.164: [GC 1105779K->984111K(1994048K), 0.0699350 secs]
76362.288: [GC 1138671K->1033728K(1992576K), 0.1358070 secs]
76381.330: [GC 1176617K->1034182K(1995392K), 0.0897410 secs]
76388.823: [GC 1192705K->1101616K(1998592K), 0.0875880 secs]
76407.031: [GC 1264112K->1115658K(1954944K), 0.0653920 secs]
76415.763: [GC 1278154K->1159226K(1999936K), 0.1126860 secs]
76430.795: [GC 1324218K->1178624K(1999232K), 0.1096510 secs]
76446.003: [GC 1343616K->1205077K(2000512K), 0.1060810 secs]
76458.033: [GC 1374549K->1221849K(2000128K), 0.1514590 secs]
76465.523: [GC 1391321K->1256881K(2003072K), 0.1171430 secs]
76479.698: [GC 1431665K->1304333K(2004864K), 0.1636190 secs]
76494.746: [GC 1479117K->1322020K(2003520K), 0.0768090 secs]
76505.795: [GC 1501857K->1347094K(2005888K), 0.0984600 secs]
76522.285: [GC 1526934K->1381108K(2011776K), 0.1565200 secs]
76531.787: [GC 1567022K->1429983K(1997952K), 0.0921970 secs]
76553.224: [GC 1615903K->1431326K(2009536K), 0.1264470 secs]
76557.203: [GC 1612261K->1498738K(1996288K), 0.0839280 secs]
76582.051: [GC 1679666K->1496229K(2006080K), 0.1087250 secs]
76588.887: [GC 1670117K->1543949K(1998528K), 0.0830110 secs]
76604.528: [GC 1717837K->1591335K(2000000K), 0.2674700 secs]
76617.260: [GC 1752487K->1594921K(1941568K), 0.1432450 secs]
76629.228: [GC 1756073K->1616376K(2003072K), 0.0893720 secs]
76635.195: [GC 1781432K->1654974K(1999168K), 0.0998550 secs]
76650.224: [GC 1797081K->1659066K(2001408K), 0.1341280 secs]
76658.952: [GC 1816476K->1724529K(2000448K), 0.1275530 secs]
76675.122: [GC 1887762K->1773259K(1997184K), 0.1186860 secs]
76675.240: [Full GC 1773259K->1420248K(2507456K), 2.1135080 secs]
76686.197: [GC 1584472K->1462197K(2509248K), 0.0792370 secs]
76699.080: [GC 1625996K->1484475K(2510528K), 0.1146730 secs]
76713.531: [GC 1645125K->1499214K(2510400K), 0.1100860 secs]
76726.473: [GC 1662781K->1516971K(2511552K), 0.1233240 secs]
76743.184: [GC 1671685K->1530199K(2510528K), 0.0540210 secs]
76752.518: [GC 1700695K->1564439K(2514944K), 0.0852520 secs]
76768.461: [GC 1740823K->1584061K(2516288K), 0.1223560 secs]
76782.813: [GC 1760445K->1615571K(2516864K), 0.1026930 secs]
76797.471: [GC 1793327K->1635548K(2518144K), 0.1328720 secs]
76812.779: [GC 1814620K->1663211K(2518272K), 0.0889490 secs]
76826.179: [GC 1814568K->1699972K(2518912K), 0.1407990 secs]
76832.314: [GC 1881284K->1747296K(2507264K), 0.1640070 secs]
76854.606: [GC 1914927K->1764426K(2459840K), 0.1041150 secs]
76860.166: [GC 1928077K->1826121K(2502464K), 0.1344020 secs]
76880.936: [GC 1983113K->1861149K(2446720K), 0.1850420 secs]
76888.166: [GC 2018141K->1894609K(2507776K), 0.0901850 secs]
76903.126: [GC 2051345K->1945503K(2463232K), 0.2193210 secs]
76912.438: [GC 2102239K->1976325K(2504576K), 0.1514220 secs]
76927.305: [GC 2132933K->1986317K(2504704K), 0.1407710 secs]
76936.097: [GC 2142925K->2048153K(2509760K), 0.1431430 secs]
76955.256: [GC 2209593K->2083267K(2509696K), 0.1539580 secs]
76962.916: [GC 2214610K->2101231K(2506304K), 0.0841830 secs]
76977.213: [GC 2266351K->2165279K(2509056K), 0.1566990 secs]
76990.842: [GC 2330399K->2185319K(2510016K), 0.1715370 secs]
77004.116: [GC 2354983K->2212034K(2511808K), 0.1239040 secs]
77020.125: [GC 2357462K->2217440K(2516352K), 0.1216870 secs]
77020.247: [Full GC 2217440K->1516133K(2516352K), 2.3129710 secs]
77027.074: [GC 1690149K->1564305K(2508736K), 0.1097960 secs]
77051.258: [GC 1737519K->1567566K(2510464K), 0.1120560 secs]
77057.023: [GC 1718420K->1599848K(2510336K), 0.1516480 secs]
77075.619: [GC 1761832K->1616524K(2505600K), 0.0813030 secs]
77086.570: [GC 1778627K->1683490K(2507968K), 0.1202260 secs]
77097.779: [GC 1845602K->1701171K(2508928K), 0.0976540 secs]
77114.891: [GC 1847715K->1701495K(2510400K), 0.0569210 secs]
77122.834: [GC 1867506K->1749747K(2501632K), 0.0961720 secs]
77143.552: [GC 1906867K->1752203K(2507968K), 0.0790590 secs]
77151.095: [GC 1909323K->1785715K(2507520K), 0.1041510 secs]
77164.450: [GC 1942579K->1804486K(2462848K), 0.1235690 secs]
77176.619: [GC 1961350K->1835234K(2504640K), 0.1428530 secs]
77188.114: [GC 1990350K->1863043K(2504832K), 0.1179770 secs]
77197.697: [GC 2020035K->1879823K(2508288K), 0.0890910 secs]
77210.815: [GC 2042697K->1917937K(2508672K), 0.1078620 secs]
77224.621: [GC 2081217K->1965862K(2512320K), 0.1315840 secs]
77234.695: [GC 2134758K->1988023K(2512320K), 0.0925790 secs]
77256.972: [GC 2149766K->1990213K(2512384K), 0.0768110 secs]
77261.217: [GC 2161477K->2038614K(2506368K), 0.0883110 secs]
77284.821: [GC 2209878K->2041166K(2510464K), 0.1116100 secs]
77291.819: [GC 2179281K->2057314K(2466368K), 0.0841140 secs]
77305.439: [GC 2219938K->2088631K(2508672K), 0.1034040 secs]
77313.495: [GC 2251831K->2123701K(2508352K), 0.1134510 secs]
77324.925: [GC 2277535K->2172544K(2509824K), 0.1613640 secs]
77338.546: [GC 2312403K->2200633K(2511424K), 0.0860850 secs]
77348.930: [GC 2368505K->2236178K(2513984K), 0.0984040 secs]
77364.455: [GC 2408210K->2253914K(2477824K), 0.2256370 secs]
77364.681: [Full GC 2253914K->1746491K(2477824K), 2.4170290 secs]
77379.666: [GC 1918523K->1781769K(2513664K), 0.0816270 secs]
77390.707: [GC 1949699K->1812366K(2514688K), 0.1258980 secs]
77403.924: [GC 1984974K->1830634K(2513152K), 0.1086330 secs]
77417.177: [GC 2006186K->1861741K(2515008K), 0.0946690 secs]
77431.861: [GC 2037293K->1880115K(2516800K), 0.0894190 secs]
77446.675: [GC 2059379K->1923621K(2517760K), 0.1097330 secs]
77463.472: [GC 2073650K->1929503K(2518720K), 0.1303920 secs]
77470.584: [GC 2109791K->2008989K(2515904K), 0.1517840 secs]
77493.505: [GC 2168298K->2025996K(2509376K), 0.1067720 secs]
77499.026: [GC 2192456K->2087726K(2501056K), 0.1567100 secs]
77515.864: [GC 2233121K->2106085K(2506304K), 0.0881140 secs]
77524.290: [GC 2261029K->2138319K(2474368K), 0.0672550 secs]
77539.062: [GC 2293263K->2188048K(2509504K), 0.1329790 secs]
77550.060: [GC 2346576K->2208597K(2506496K), 0.1528310 secs]
77550.213: [Full GC 2208597K->1370636K(2506496K), 2.0494940 secs]
77556.799: [GC 1509730K->1372961K(2507008K), 0.0772480 secs]
77565.776: [GC 1533025K->1405265K(2506816K), 0.1023370 secs]
77575.578: [GC 1565329K->1434476K(2511104K), 0.1481010 secs]
77576.718: [GC 1599340K->1427878K(2511360K), 0.0744900 secs]
77593.993: [GC 1592734K->1460087K(2510912K), 0.1161040 secs]
77603.029: [GC 1621408K->1482044K(2473728K), 0.0911070 secs]
77620.231: [GC 1646460K->1496741K(2509568K), 0.1124660 secs]
77628.268: [GC 1662693K->1530593K(2508736K), 0.0853810 secs]
77641.833: [GC 1692667K->1549281K(2511488K), 0.1130460 secs]
77646.716: [GC 1717824K->1575759K(2512896K), 0.0822980 secs]
77652.273: [GC 1747279K->1604543K(2516736K), 0.1130430 secs]
77667.776: [GC 1780315K->1628838K(2517248K), 0.0629900 secs]
77677.603: [GC 1805990K->1658896K(2515072K), 0.1470620 secs]
77682.604: [GC 1835664K->1694393K(2517440K), 0.0896060 secs]
77696.772: [GC 1871161K->1698235K(2514496K), 0.0534460 secs]
77700.781: [GC 1876283K->1712043K(2516608K), 0.0718800 secs]
77701.640: [GC 1890091K->1776362K(2513536K), 0.1853190 secs]
77706.978: [GC 1954090K->1816069K(2518272K), 0.0987410 secs]
77732.518: [GC 1993797K->1819561K(2515968K), 0.0779390 secs]
77737.889: [GC 1996273K->1866603K(2514432K), 0.0906470 secs]
77744.145: [GC 2046507K->1869101K(2512640K), 0.1085980 secs]
77752.215: [GC 2037357K->1913241K(2501440K), 0.1227530 secs]
77753.117: [GC 2081497K->1932050K(2511104K), 0.0961080 secs]
77758.918: [GC 2092050K->1960963K(2475712K), 0.0810660 secs]
77769.038: [GC 2120963K->1984632K(2509440K), 0.1153440 secs]
77776.122: [GC 2147832K->1980032K(2506240K), 0.0860350 secs]
77789.300: [GC 2143232K->2005008K(2512000K), 0.1031980 secs]
77797.381: [GC 2176208K->2059335K(2510336K), 0.1371660 secs]
77812.949: [GC 2230535K->2078521K(2517632K), 0.1112110 secs]
77830.631: [GC 2259449K->2103693K(2517056K), 0.1091070 secs]
77842.680: [GC 2269008K->2120610K(2521216K), 0.0970440 secs]
77860.767: [GC 2308066K->2183288K(2521152K), 0.1061840 secs]
77878.735: [GC 2370744K->2202502K(2523200K), 0.0963900 secs]
77895.488: [GC 2392518K->2232400K(2523456K), 0.0898650 secs]
77907.407: [GC 2422416K->2263420K(2523712K), 0.1153830 secs]
77907.523: [Full GC 2263420K->1970373K(2523712K), 1.3856680 secs]
77930.876: [GC 2159365K->1987699K(2492864K), 0.1114210 secs]
77940.659: [GC 2176691K->2022841K(2520960K), 0.1033770 secs]
77951.067: [GC 2209785K->2057786K(2510144K), 0.1566760 secs]
77968.262: [GC 2244730K->2089726K(2520832K), 0.1608840 secs]
77985.888: [GC 2272958K->2108491K(2489408K), 0.0966650 secs]
78001.736: [GC 2291723K->2152947K(2520192K), 0.1272560 secs]
78016.032: [GC 2336295K->2189934K(2520256K), 0.1103100 secs]
78032.964: [GC 2373294K->2234157K(2520704K), 0.1133100 secs]
78033.077: [Full GC 2234157K->1012340K(2347200K), 1.8578610 secs]
78051.199: [GC 1194740K->1050912K(2334016K), 0.1440120 secs]
78062.121: [GC 1233312K->1067833K(2347136K), 0.1158900 secs]
78085.656: [GC 1220775K->1067697K(2314624K), 0.1175260 secs]
78092.056: [GC 1248497K->1114791K(2342464K), 0.1170940 secs]
78118.451: [GC 1293735K->1113877K(2344320K), 0.1223460 secs]
78123.466: [GC 1292798K->1168153K(2338624K), 0.1125050 secs]
78147.406: [GC 1340505K->1158943K(2288640K), 0.0977190 secs]
78156.897: [GC 1331288K->1208180K(2330240K), 0.1038200 secs]
78174.906: [GC 1366580K->1241310K(2273600K), 0.1173270 secs]
78186.514: [GC 1371188K->1245214K(2333504K), 0.0544870 secs]
78189.714: [GC 1400542K->1323400K(2316160K), 0.1097240 secs]
78211.190: [GC 1478728K->1326907K(2329472K), 0.1331290 secs]
78216.279: [GC 1473787K->1358517K(2293632K), 0.0724420 secs]
78230.574: [GC 1505397K->1377531K(2331008K), 0.0864280 secs]
78240.601: [GC 1496658K->1398221K(2327936K), 0.1390480 secs]
78248.579: [GC 1548173K->1463876K(2329472K), 0.1450120 secs]
78257.483: [GC 1616639K->1471506K(2329472K), 0.1006270 secs]
78269.929: [GC 1624274K->1479813K(2332672K), 0.1044050 secs]
78270.035: [GC 1479898K->1479820K(2332992K), 0.0483840 secs]
78274.424: [GC 1636428K->1504672K(2329344K), 0.0591840 secs]
78282.936: [GC 1663264K->1538799K(2332160K), 0.1294080 secs]
78292.255: [GC 1685903K->1587417K(2333696K), 0.1128560 secs]
78305.170: [GC 1751385K->1609919K(2335616K), 0.1135840 secs]
78315.963: [GC 1773887K->1617250K(2339072K), 0.0737840 secs]
78328.718: [GC 1788091K->1635824K(2338624K), 0.1102910 secs]
78335.255: [GC 1806704K->1669995K(2338816K), 0.0974200 secs]
78351.281: [GC 1843883K->1695020K(2340800K), 0.1218220 secs]
78358.204: [GC 1868908K->1726929K(2344896K), 0.1052380 secs]
78368.434: [GC 1906577K->1739225K(2311296K), 0.1333740 secs]
78379.777: [GC 1918873K->1785057K(2343168K), 0.1161620 secs]
78390.100: [GC 1964577K->1816987K(2344640K), 0.1191600 secs]
78395.039: [GC 1996507K->1825911K(2344896K), 0.1110580 secs]
78411.175: [GC 2007095K->1865001K(2345600K), 0.0994830 secs]
78417.422: [GC 2040155K->1904642K(2342208K), 0.1214830 secs]
78432.862: [GC 2084850K->1948784K(2345664K), 0.1748530 secs]
78442.503: [GC 2099594K->1985659K(2340224K), 0.0923130 secs]
78445.550: [GC 2167983K->2051704K(2344000K), 0.1592330 secs]
78457.948: [GC 2234032K->2077377K(2347136K), 0.1037310 secs]
78458.052: [Full GC 2077377K->1847748K(2520640K), 1.4602170 secs]
78467.719: [GC 2035268K->1866634K(2521664K), 0.0997940 secs]
78480.283: [GC 2051866K->1911157K(2524608K), 0.0906010 secs]
78488.305: [GC 2079693K->1938569K(2505408K), 0.1120340 secs]
78492.769: [GC 2129859K->2003023K(2522816K), 0.1300540 secs]
78503.033: [GC 2193871K->2050983K(2523904K), 0.1940090 secs]
78516.890: [GC 2241831K->2089215K(2522112K), 0.0958220 secs]
78524.444: [GC 2282239K->2146936K(2524096K), 0.1386230 secs]
78531.325: [GC 2325606K->2204245K(2525824K), 0.2000610 secs]
78539.906: [GC 2399253K->2275281K(2525952K), 0.1896780 secs]
78540.096: [Full GC 2275281K->1459879K(2525952K), 2.1289970 secs]
78547.463: [GC 1640679K->1510253K(2525504K), 0.1604880 secs]
78561.534: [GC 1704787K->1603408K(2522176K), 0.1601270 secs]
78572.916: [GC 1799376K->1635564K(2522688K), 0.1261460 secs]
78578.201: [GC 1825196K->1714543K(2524224K), 0.1766010 secs]
78593.926: [GC 1904175K->1769458K(2522240K), 0.1396940 secs]
78600.421: [GC 1957381K->1804706K(2523328K), 0.1630340 secs]
78609.999: [GC 1994530K->1902367K(2524352K), 0.1950430 secs]
78618.320: [GC 2092639K->1941997K(2517824K), 0.1484970 secs]
78625.481: [GC 2121973K->1976926K(2522624K), 0.1422220 secs]
78637.357: [GC 2163166K->2009710K(2508416K), 0.1569240 secs]
78646.007: [GC 2195950K->2042829K(2522752K), 0.1370100 secs]
78649.952: [GC 2229901K->2090315K(2521920K), 0.1348190 secs]
78657.352: [GC 2277387K->2126030K(2522176K), 0.1225110 secs]
78672.051: [GC 2314382K->2160768K(2522112K), 0.1146330 secs]
78677.180: [GC 2318214K->2129414K(2517504K), 0.0949590 secs]
78681.604: [GC 2313284K->2195050K(2521344K), 0.1011450 secs]
78692.015: [GC 2378922K->2212487K(2521152K), 0.0968360 secs]
78692.112: [Full GC 2212487K->1979254K(2521152K), 1.3724800 secs]
78708.543: [GC 2163695K->2016007K(2507776K), 0.0826560 secs]
78713.375: [GC 2200455K->2049782K(2521664K), 0.1286860 secs]
78727.387: [GC 2233846K->2067436K(2521216K), 0.1056080 secs]
78739.143: [GC 2251500K->2097221K(2520960K), 0.0873780 secs]
78749.349: [GC 2281733K->2163010K(2521088K), 0.1545460 secs]
78762.596: [GC 2347475K->2180998K(2522176K), 0.1610170 secs]
78770.141: [GC 2366470K->2215302K(2507904K), 0.1001050 secs]
78785.856: [GC 2400774K->2281529K(2521216K), 0.1446740 secs]
78786.000: [Full GC 2281529K->1676139K(2521216K), 2.3581910 secs]
78795.323: [GC 1860395K->1712110K(2521536K), 0.0892440 secs]
78800.060: [GC 1891158K->1772680K(2518656K), 0.1415610 secs]
78817.560: [GC 1956988K->1788402K(2518976K), 0.1073620 secs]
78823.920: [GC 1972719K->1821703K(2520000K), 0.1018990 secs]
78837.456: [GC 2001863K->1838666K(2518336K), 0.0992350 secs]
78845.415: [GC 2018826K->1882393K(2506304K), 0.2128110 secs]
78856.699: [GC 2045032K->1908435K(2512320K), 0.1037890 secs]
78868.469: [GC 2055942K->1906377K(2508480K), 0.1551650 secs]
78872.251: [GC 2069883K->1958848K(2510656K), 0.1358830 secs]
78891.772: [GC 2125184K->1949496K(2512832K), 0.0706360 secs]
78896.927: [GC 2117050K->1988271K(2497216K), 0.1049940 secs]
78904.943: [GC 2157167K->2047534K(2515840K), 0.1602240 secs]
78917.619: [GC 2218094K->2069309K(2480064K), 0.1710490 secs]
78923.493: [GC 2234236K->2139113K(2512640K), 0.1023050 secs]
78930.399: [GC 2308905K->2133218K(2513408K), 0.1040300 secs]
78946.253: [GC 2303010K->2183664K(2513216K), 0.1549070 secs]
78950.876: [GC 2348661K->2215471K(2513792K), 0.1173690 secs]
78950.993: [Full GC 2215471K->2148326K(2513792K), 1.0183100 secs]
78965.255: [GC 2320102K->2183365K(2515520K), 0.0831560 secs]
78972.652: [GC 2360005K->2216825K(2515264K), 0.1031160 secs]
78980.054: [Full GC 2419410K->1345024K(2515264K), 2.0778410 secs]
78989.385: [GC 1521664K->1362518K(2517440K), 0.0623760 secs]
79002.745: [GC 1542870K->1394412K(2516288K), 0.0840510 secs]
79009.266: [GC 1574764K->1428600K(2507072K), 0.1229430 secs]
79018.578: [GC 1593144K->1457872K(2504448K), 0.1357850 secs]
79026.067: [GC 1622420K->1506328K(2499712K), 0.1444600 secs]
79034.195: [GC 1622938K->1499714K(2483456K), 0.0782310 secs]
79035.078: [GC 1653774K->1596671K(2487552K), 0.1493250 secs]
79048.141: [GC 1728447K->1591845K(2481792K), 0.1968590 secs]
79055.349: [GC 1723610K->1626741K(2479168K), 0.1302740 secs]
79058.157: [GC 1738165K->1641505K(2483392K), 0.1179670 secs]
79061.130: [GC 1774194K->1702215K(2470720K), 0.2136930 secs]
79064.001: [GC 1797511K->1703744K(2477056K), 0.1405280 secs]
79077.815: [GC 1796905K->1742033K(2477056K), 0.1123790 secs]
79079.657: [GC 1837329K->1770660K(2477056K), 0.0793980 secs]
79087.058: [GC 1865956K->1807502K(2477056K), 0.1053830 secs]
79088.594: [GC 1902798K->1872350K(2477056K), 0.0992510 secs]
79090.268: [GC 1967650K->1899495K(2477056K), 0.1153850 secs]
79096.018: [GC 1994791K->1942985K(2477056K), 0.0989330 secs]
79108.343: [GC 2035714K->1961781K(2477056K), 0.0704520 secs]
79110.662: [GC 2057077K->1990799K(2477056K), 0.1015670 secs]
79114.926: [GC 2056365K->2024827K(2477056K), 0.1571290 secs]
79116.032: [GC 2121024K->2065582K(2421632K), 0.0946830 secs]
79117.566: [GC 2160878K->2118844K(2478400K), 0.1268890 secs]
79128.457: [GC 2219132K->2122732K(2473408K), 0.1400040 secs]
79135.233: [GC 2223020K->2138624K(2481600K), 0.1348990 secs]
79139.346: [GC 2249467K->2173677K(2480192K), 0.1341760 secs]
79140.788: [GC 2284519K->2201355K(2484608K), 0.0937240 secs]
79145.332: [GC 2324550K->2234260K(2484800K), 0.0915580 secs]
79145.424: [Full GC 2234260K->1970774K(2484800K), 1.3174430 secs]
79159.955: [GC 2093974K->1974566K(2493888K), 0.1290140 secs]
79164.549: [GC 2109894K->2007231K(2494144K), 0.0745380 secs]
79173.150: [GC 2142324K->2029257K(2494976K), 0.1234110 secs]
79177.914: [GC 2172813K->2091542K(2496768K), 0.1084070 secs]
79191.658: [GC 2204073K->2091415K(2478720K), 0.0949110 secs]
79195.795: [GC 2208087K->2124581K(2487744K), 0.1024230 secs]
79202.391: [GC 2241249K->2158736K(2473600K), 0.1110940 secs]
79207.594: [GC 2264912K->2159771K(2462016K), 0.1192420 secs]
79215.078: [GC 2265947K->2176155K(2477888K), 0.1694200 secs]
79217.075: [GC 2269308K->2240775K(2477056K), 0.1559210 secs]
79227.941: [GC 2336903K->2222845K(2477056K), 0.1665840 secs]
79228.108: [Full GC 2222845K->1853550K(2477056K), 2.4876200 secs]
79232.257: [GC 1946688K->1893525K(2477056K), 0.0907340 secs]
79238.352: [GC 1988552K->1926813K(2477056K), 0.1153510 secs]
79240.421: [GC 2022109K->1921055K(2477056K), 0.0490120 secs]
79246.372: [GC 2004506K->1930655K(2476032K), 0.1021330 secs]
79247.273: [GC 2025951K->1990469K(2476544K), 0.1443030 secs]
79247.914: [GC 2085765K->2011002K(2477056K), 0.1035630 secs]
79248.289: [GC 2091062K->1972709K(2477056K), 0.0480000 secs]
79248.858: [GC 2068005K->2014704K(2473216K), 0.0674510 secs]
79250.871: [GC 2109182K->1995488K(2475136K), 0.0708930 secs]
79252.065: [GC 2090094K->2041291K(2478848K), 0.1023000 secs]
79257.624: [GC 2122923K->2030496K(2389760K), 0.0836480 secs]
79259.590: [GC 2130784K->2064534K(2482432K), 0.0876370 secs]
79274.333: [GC 2169558K->2065266K(2478656K), 0.0703920 secs]
79282.762: [GC 2169801K->2070986K(2482432K), 0.0677940 secs]
79283.772: [GC 2181456K->2115918K(2479744K), 0.1185530 secs]
79284.827: [GC 2228870K->2188771K(2486080K), 0.2121820 secs]
79300.187: [GC 2306211K->2219474K(2486400K), 0.1502080 secs]
79300.338: [Full GC 2219474K->2051606K(2486400K), 1.0036480 secs]
79310.071: [GC 2157589K->2056211K(2485952K), 0.0956420 secs]
79312.812: [GC 2178259K->2121658K(2474560K), 0.1256120 secs]
79315.353: [GC 2243706K->2154161K(2486528K), 0.1241710 secs]
79323.960: [GC 2264752K->2203183K(2414912K), 0.1206210 secs]
79324.081: [Full GC 2203183K->1658176K(2414912K), 2.2840530 secs]
79332.122: [GC 1768768K->1675416K(2482688K), 0.0764400 secs]
79335.219: [GC 1787329K->1724558K(2478656K), 0.1216030 secs]
79349.913: [GC 1839182K->1710091K(2479808K), 0.1158050 secs]
79357.783: [GC 1815883K->1726519K(2460672K), 0.1623380 secs]
79358.710: [GC 1832311K->1742987K(2480512K), 0.1333270 secs]
79359.197: [GC 1841739K->1760439K(2426944K), 0.0901460 secs]
79359.733: [GC 1875836K->1794964K(2474688K), 0.0646620 secs]
79360.130: [GC 1894744K->1787950K(2473664K), 0.0366750 secs]
79360.583: [GC 1887726K->1808035K(2478528K), 0.1268800 secs]
79361.531: [GC 1915453K->1792252K(2481024K), 0.0630110 secs]
79362.064: [GC 1903676K->1802461K(2482560K), 0.0443890 secs]
79362.613: [GC 1923229K->1818131K(2486464K), 0.0658850 secs]
79365.727: [GC 1938899K->1804625K(2490432K), 0.0609290 secs]
79370.318: [GC 1935697K->1838635K(2491904K), 0.0898870 secs]
79372.479: [GC 1969706K->1916552K(2491776K), 0.1356480 secs]
79373.323: [GC 2048328K->1953779K(2439232K), 0.1349910 secs]
79374.147: [GC 2085555K->1974511K(2494912K), 0.0704470 secs]
79374.825: [GC 2110191K->1974535K(2494528K), 0.0375700 secs]
79375.326: [GC 2110215K->1974555K(2498240K), 0.0710110 secs]
79376.066: [GC 2116763K->2029022K(2483264K), 0.0816030 secs]
79376.855: [GC 2171230K->2028087K(2496256K), 0.1023920 secs]
79377.544: [GC 2159991K->2028819K(2419200K), 0.0528870 secs]
79378.041: [GC 2160723K->2029222K(2494656K), 0.0411410 secs]
79378.486: [GC 2156624K->2042282K(2492096K), 0.0472400 secs]
79379.317: [GC 2176746K->2083320K(2488960K), 0.0916600 secs]
79380.048: [GC 2219640K->2084276K(2493632K), 0.0688080 secs]
79380.658: [GC 2220596K->2084692K(2494400K), 0.0737040 secs]
79381.179: [GC 2231124K->2105789K(2499072K), 0.0670610 secs]
79382.096: [GC 2252221K->2138755K(2499072K), 0.0911390 secs]
79382.699: [GC 2288067K->2182131K(2500032K), 0.1086800 secs]
79383.372: [GC 2331443K->2197150K(2492992K), 0.0949210 secs]
79383.468: [GC 2197211K->2204631K(2496512K), 0.0594640 secs]
79384.059: [GC 2338839K->2205753K(2490432K), 0.0421620 secs]
79384.561: [GC 2341561K->2218305K(2494272K), 0.0570640 secs]
79385.358: [GC 2354113K->2259663K(2495488K), 0.0803120 secs]
79385.439: [Full GC 2259663K->1883010K(2495488K), 1.0152140 secs]
79387.086: [GC 2024578K->1883490K(2499648K), 0.0518220 secs]
79387.628: [GC 2025058K->1883564K(2494720K), 0.0769360 secs]
79390.850: [GC 2028012K->1884972K(2498624K), 0.0429010 secs]
79399.338: [GC 2029420K->1952385K(2501888K), 0.0995140 secs]
79404.930: [GC 2099045K->1981460K(2504576K), 0.1314110 secs]
79407.444: [GC 2131796K->2053755K(2484992K), 0.1343450 secs]
79409.573: [GC 2164264K->2086604K(2494784K), 0.1532020 secs]
79411.215: [GC 2217356K->2115333K(2486976K), 0.1457360 secs]
79428.211: [GC 2247493K->2146811K(2491584K), 0.1264740 secs]
79432.231: [GC 2263737K->2180728K(2497088K), 0.1024140 secs]
79434.753: [GC 2322360K->2239755K(2487296K), 0.1341480 secs]
79446.338: [GC 2381387K->2229350K(2496832K), 0.0942610 secs]
79446.433: [Full GC 2229350K->1970059K(2496832K), 2.7406640 secs]
79458.886: [GC 2100928K->2004830K(2452224K), 0.0820000 secs]
79466.081: [GC 2135710K->2006609K(2492288K), 0.1497950 secs]
79471.934: [GC 2135662K->2035670K(2484224K), 0.1118780 secs]
79472.646: [GC 2167702K->2043322K(2469504K), 0.1675530 secs]
79476.280: [GC 2144239K->2041467K(2479872K), 0.1100410 secs]
79478.057: [GC 2142395K->2054864K(2473984K), 0.1092730 secs]
79485.762: [GC 2160965K->2061026K(2479360K), 0.1097330 secs]
79487.997: [GC 2167458K->2091981K(2475776K), 0.1207410 secs]
79499.129: [GC 2203377K->2100889K(2480704K), 0.0957030 secs]
79500.187: [GC 2213593K->2163576K(2478272K), 0.1106390 secs]
79501.685: [GC 2273214K->2164376K(2398336K), 0.1022740 secs]
79507.132: [GC 2255486K->2207684K(2485504K), 0.1556680 secs]
79507.650: [GC 2318724K->2235318K(2425344K), 0.0891200 secs]
79507.739: [Full GC 2235318K->1943157K(2425344K), 2.5542830 secs]
79510.691: [GC 2054197K->1944269K(2479552K), 0.0396350 secs]
79511.152: [GC 2055053K->1944332K(2479808K), 0.0894810 secs]
79511.907: [GC 2055116K->1944500K(2487552K), 0.0659950 secs]
79514.729: [GC 2065716K->1947928K(2488576K), 0.0477540 secs]
79516.764: [GC 2069145K->2012074K(2473280K), 0.0861240 secs]
79517.855: [GC 2120312K->2065876K(2483520K), 0.1522790 secs]
79518.009: [GC 2066308K->2080753K(2475968K), 0.0683370 secs]
79520.660: [GC 2194609K->2099394K(2482048K), 0.0564300 secs]
79522.461: [GC 2213250K->2125419K(2482176K), 0.0782230 secs]
79528.896: [GC 2253035K->2119863K(2486848K), 0.0850840 secs]
79530.753: [GC 2240201K->2184099K(2476160K), 0.1517430 secs]
79531.766: [GC 2303567K->2227496K(2489216K), 0.1411490 secs]
79531.908: [Full GC 2227496K->1980647K(2489216K), 0.9656950 secs]
79536.247: [GC 2100263K->2023492K(2486208K), 0.0775200 secs]
79539.576: [GC 2148164K->2079620K(2490240K), 0.1128770 secs]
79540.158: [GC 2204292K->2107528K(2492480K), 0.0890420 secs]
79540.718: [GC 2239176K->2108632K(2492544K), 0.0448850 secs]
79541.692: [GC 2240280K->2108795K(2496320K), 0.0430480 secs]
79545.750: [GC 2246708K->2175861K(2491584K), 0.0970830 secs]
79555.156: [GC 2313781K->2147075K(2488896K), 0.1210560 secs]
79563.628: [GC 2266728K->2165749K(2428352K), 0.0829550 secs]
79566.242: [GC 2287413K->2196895K(2487616K), 0.1045410 secs]
79572.149: [GC 2321375K->2233716K(2486144K), 0.1587420 secs]
79572.308: [Full GC 2233716K->1785928K(2486144K), 2.4126330 secs]
79575.245: [GC 1910409K->1786625K(2496064K), 0.0535870 secs]
79578.160: [GC 1921473K->1828056K(2495552K), 0.1081360 secs]
79592.637: [GC 1962904K->1824268K(2496128K), 0.1610420 secs]
79603.205: [GC 1957644K->1842114K(2476096K), 0.1220730 secs]
79606.953: [GC 1975490K->1875112K(2479616K), 0.1969990 secs]
79617.033: [GC 1962113K->1867210K(2446784K), 0.0987710 secs]
79619.950: [GC 1977994K->1900603K(2470208K), 0.1368570 secs]
79629.308: [GC 1995899K->1934960K(2477056K), 0.1826840 secs]
79632.309: [GC 2030255K->1968148K(2477056K), 0.1329820 secs]
79636.438: [GC 2063391K->2001208K(2477056K), 0.1401550 secs]
79653.613: [GC 2096504K->2010875K(2477056K), 0.1184830 secs]
79658.679: [GC 2079732K->2013660K(2477056K), 0.0618400 secs]
79660.274: [GC 2108956K->2046379K(2477056K), 0.0713850 secs]
79666.976: [GC 2135564K->2053231K(2477056K), 0.0747820 secs]
79668.483: [GC 2146236K->2120070K(2477056K), 0.1238680 secs]
79673.017: [GC 2220247K->2146427K(2477056K), 0.1206310 secs]
79675.072: [GC 2241723K->2171595K(2477056K), 0.0948920 secs]
79675.608: [GC 2266891K->2171663K(2477056K), 0.0693490 secs]
79681.913: [GC 2260413K->2180484K(2477056K), 0.1040570 secs]
79683.208: [GC 2263207K->2217421K(2424448K), 0.0992820 secs]
79684.043: [GC 2312717K->2268116K(2481280K), 0.1545570 secs]
79684.198: [Full GC 2268116K->2063575K(2481280K), 2.3990030 secs]
79687.306: [GC 2157647K->2091367K(2415488K), 0.0878750 secs]
79691.264: [GC 2192487K->2138226K(2473152K), 0.1025500 secs]
79692.509: [GC 2257503K->2197629K(2473728K), 0.1345200 secs]
79693.016: [GC 2301373K->2191466K(2481664K), 0.0611180 secs]
79693.544: [GC 2308010K->2208769K(2482432K), 0.0530810 secs]
79694.103: [GC 2325313K->2191053K(2490688K), 0.0416900 secs]
79694.954: [GC 2318925K->2191548K(2490624K), 0.0737590 secs]
79695.028: [GC 2191669K->2191542K(2494464K), 0.0716510 secs]
79697.589: [GC 2325622K->2210437K(2439552K), 0.0789330 secs]
79699.542: [GC 2344517K->2235563K(2498048K), 0.0950350 secs]
79699.638: [Full GC 2235563K->1366539K(2498048K), 2.0078180 secs]
79706.709: [GC 1497207K->1377007K(2493440K), 0.0473520 secs]
79708.156: [GC 1519279K->1460553K(2496256K), 0.1049450 secs]
79714.016: [GC 1608329K->1504427K(2500352K), 0.1246420 secs]
79714.876: [GC 1652203K->1531946K(2503040K), 0.0821650 secs]
79715.379: [GC 1679853K->1579940K(2456384K), 0.0879500 secs]
79716.063: [GC 1729380K->1574340K(2501568K), 0.0646510 secs]
79718.854: [GC 1726276K->1580789K(2501760K), 0.0536530 secs]
79722.336: [GC 1732725K->1629450K(2495744K), 0.1411870 secs]
79723.950: [GC 1774932K->1673031K(2478016K), 0.1375400 secs]
79725.247: [GC 1820538K->1712846K(2501888K), 0.1301920 secs]
79742.362: [GC 1856014K->1708210K(2432832K), 0.0520390 secs]
79752.196: [GC 1882911K->1757675K(2503040K), 0.1021680 secs]
79753.903: [GC 1904939K->1786507K(2498944K), 0.1245470 secs]
79754.028: [GC 1787078K->1786507K(2494592K), 0.1312360 secs]
79755.672: [GC 1924427K->1800148K(2498368K), 0.1021710 secs]
79759.630: [GC 1938064K->1826454K(2494080K), 0.0871590 secs]
79763.643: [GC 1966225K->1857059K(2497152K), 0.1314150 secs]
79765.007: [GC 1996835K->1899412K(2499328K), 0.1201310 secs]
79770.617: [GC 2043860K->1967000K(2500160K), 0.1404160 secs]
79771.344: [GC 2111448K->2022672K(2480320K), 0.1337190 secs]
79771.941: [GC 2144336K->2022740K(2490240K), 0.0565340 secs]
79772.657: [GC 2144404K->2023205K(2487168K), 0.0602550 secs]
79774.915: [GC 2145381K->2043019K(2428672K), 0.0725350 secs]
79776.983: [GC 2165195K->2069941K(2492416K), 0.0817240 secs]
79780.461: [GC 2184997K->2056761K(2488704K), 0.0595690 secs]
79786.464: [GC 2187513K->2122439K(2478464K), 0.1135270 secs]
79789.741: [GC 2241519K->2133893K(2485888K), 0.1233920 secs]
79790.837: [GC 2255557K->2161879K(2479360K), 0.1180180 secs]
79791.966: [GC 2266287K->2231970K(2449344K), 0.1210220 secs]
79796.436: [GC 2338402K->2262438K(2484544K), 0.2167090 secs]
79796.653: [Full GC 2262438K->1713241K(2484544K), 1.2069780 secs]
79798.281: [GC 1818009K->1713601K(2479040K), 0.0460140 secs]
79798.746: [GC 1818369K->1714025K(2479872K), 0.0612060 secs]
79799.158: [GC 1819625K->1716825K(2479040K), 0.0696130 secs]
79799.566: [GC 1822425K->1736242K(2476736K), 0.0534090 secs]
79800.205: [GC 1852154K->1775043K(2479680K), 0.1128470 secs]
79801.325: [GC 1890088K->1781728K(2488640K), 0.0681040 secs]
79807.878: [GC 1883505K->1781072K(2490944K), 0.0697970 secs]
79816.226: [GC 1910480K->1847039K(2475712K), 0.1215520 secs]
79826.942: [GC 1962815K->1818788K(2487296K), 0.0785130 secs]
79829.436: [GC 1934573K->1865323K(2483456K), 0.0778990 secs]
79834.970: [GC 1979691K->1867763K(2486592K), 0.1472970 secs]
79837.259: [GC 1982131K->1932873K(2468032K), 0.1088140 secs]
79851.574: [GC 2030729K->1901034K(2478336K), 0.0788380 secs]
79854.048: [GC 1998890K->1924920K(2472128K), 0.1509240 secs]
79858.607: [GC 1992525K->1925668K(2410240K), 0.1143680 secs]
79860.379: [GC 2020964K->1958191K(2471424K), 0.1164020 secs]
79867.810: [GC 2053293K->1972694K(2476544K), 0.1265500 secs]
79873.823: [GC 2060200K->1975178K(2477056K), 0.1443670 secs]
79877.228: [GC 2070474K->2001568K(2477056K), 0.1931910 secs]
79893.123: [GC 2096864K->2002226K(2475392K), 0.0925160 secs]
79894.845: [GC 2094508K->2035564K(2476224K), 0.1044010 secs]
79896.885: [GC 2130851K->2060159K(2477056K), 0.1324130 secs]
79903.602: [GC 2155455K->2061845K(2477056K), 0.1080530 secs]
79907.549: [GC 2151827K->2097495K(2475648K), 0.0986950 secs]
79916.160: [GC 2182827K->2080805K(2401344K), 0.0788170 secs]
79920.476: [GC 2176101K->2106511K(2478464K), 0.1165770 secs]
79932.395: [GC 2206479K->2106863K(2476288K), 0.1164550 secs]
79933.719: [GC 2206697K->2179746K(2469248K), 0.1695860 secs]
79936.121: [GC 2275037K->2164739K(2477056K), 0.1560110 secs]
79944.218: [GC 2260035K->2165727K(2477056K), 0.1237120 secs]
79950.369: [GC 2261023K->2181243K(2477056K), 0.1345210 secs]
79956.103: [GC 2276539K->2207287K(2477056K), 0.1833850 secs]
79961.748: [GC 2283700K->2207392K(2477056K), 0.0792910 secs]
79964.854: [GC 2302688K->2272166K(2477056K), 0.1132880 secs]
79969.094: [GC 2367042K->2263396K(2477056K), 0.0982420 secs]
79969.193: [Full GC 2263396K->2085740K(2477056K), 1.3259580 secs]
79975.153: [GC 2181036K->2141155K(2477056K), 0.0939410 secs]
79982.155: [GC 2236451K->2119914K(2477056K), 0.1223010 secs]
79989.154: [GC 2215210K->2135520K(2477056K), 0.0827880 secs]
80000.040: [GC 2230816K->2154931K(2477056K), 0.1278030 secs]
80000.969: [GC 2250227K->2166322K(2471168K), 0.0872790 secs]
80002.492: [GC 2260887K->2154040K(2474112K), 0.0430800 secs]
80004.212: [GC 2251905K->2191441K(2469888K), 0.1069240 secs]
80006.036: [GC 2293904K->2231728K(2475584K), 0.0950570 secs]
80006.714: [GC 2334192K->2268426K(2477312K), 0.1133670 secs]
80006.828: [Full GC 2268426K->1316357K(2477312K), 2.0068340 secs]
80009.413: [GC 1430085K->1316709K(2481344K), 0.0279340 secs]
80009.850: [GC 1430437K->1330321K(2483456K), 0.0373380 secs]
80010.615: [GC 1454481K->1364541K(2487616K), 0.0638340 secs]
80011.219: [GC 1488701K->1364857K(2494464K), 0.0580920 secs]
80017.429: [GC 1493065K->1370397K(2422592K), 0.0613530 secs]
80019.796: [GC 1500765K->1401540K(2493120K), 0.0816580 secs]
80028.026: [GC 1520682K->1439985K(2492288K), 0.1063900 secs]
80040.689: [GC 1571761K->1469893K(2496512K), 0.0784460 secs]
80047.742: [GC 1608645K->1479521K(2494976K), 0.0699770 secs]
80052.050: [GC 1618273K->1513708K(2497024K), 0.1476230 secs]
80063.806: [GC 1652778K->1528578K(2482432K), 0.1055070 secs]
80076.655: [GC 1667650K->1525226K(2484096K), 0.1098460 secs]
80079.489: [GC 1642666K->1561042K(2471040K), 0.1318400 secs]
80081.378: [GC 1678482K->1591339K(2473920K), 0.1414870 secs]
80092.563: [GC 1686635K->1591163K(2477056K), 0.0996210 secs]
80100.183: [GC 1686216K->1612768K(2477056K), 0.1572400 secs]
80106.385: [GC 1695402K->1610492K(2477056K), 0.1110760 secs]
80108.098: [GC 1705788K->1642907K(2476800K), 0.1339820 secs]
80111.873: [GC 1707924K->1643291K(2417984K), 0.1341390 secs]
80113.977: [GC 1738587K->1675790K(2469376K), 0.1488480 secs]
80128.555: [GC 1767438K->1706898K(2473408K), 0.1725010 secs]
80133.704: [GC 1781430K->1708639K(2468416K), 0.0893920 secs]
80135.667: [GC 1806751K->1741261K(2473344K), 0.1384410 secs]
80140.154: [GC 1839373K->1769834K(2475968K), 0.1334170 secs]
80142.662: [GC 1865123K->1787892K(2432704K), 0.1452990 secs]
80149.946: [GC 1882191K->1790306K(2479232K), 0.1179590 secs]
80161.673: [GC 1889890K->1791034K(2476032K), 0.1754130 secs]
80163.999: [GC 1890618K->1822269K(2468352K), 0.1448600 secs]
80169.588: [GC 1915865K->1826239K(2476416K), 0.1385130 secs]
80171.364: [GC 1920895K->1855359K(2477056K), 0.1427700 secs]
80178.088: [GC 1950648K->1901923K(2477056K), 0.1689500 secs]
80187.378: [GC 1997219K->1906430K(2477056K), 0.1127800 secs]
80191.275: [GC 2001727K->1934960K(2477056K), 0.1527340 secs]
80199.188: [GC 2030254K->1936343K(2477056K), 0.0992150 secs]
80201.097: [GC 2027205K->1968983K(2477056K), 0.1000050 secs]
80209.868: [GC 2064279K->2004602K(2477056K), 0.1098800 secs]
80217.595: [GC 2099898K->2020521K(2477056K), 0.0847300 secs]
80223.754: [GC 2104685K->2024193K(2477056K), 0.1141680 secs]
80225.532: [GC 2119489K->2056704K(2414464K), 0.0883070 secs]
80228.183: [GC 2151995K->2091897K(2467968K), 0.1855680 secs]
80236.774: [GC 2182649K->2122839K(2472512K), 0.1435510 secs]
80246.493: [GC 2213591K->2125219K(2477056K), 0.0844520 secs]
80252.548: [GC 2218874K->2156223K(2413632K), 0.0897490 secs]
80254.685: [GC 2251519K->2175225K(2470592K), 0.0892910 secs]
80256.359: [GC 2249331K->2175660K(2472000K), 0.1705790 secs]
80257.593: [GC 2269548K->2240681K(2474304K), 0.1642360 secs]
80269.197: [GC 2335977K->2237980K(2477056K), 0.1116890 secs]
80271.363: [GC 2334858K->2240686K(2477056K), 0.0924790 secs]
80271.455: [Full GC 2240686K->1945658K(2477056K), 1.4602130 secs]
80280.057: [GC 2040954K->1955643K(2477056K), 0.0676500 secs]
80282.686: [GC 2050943K->2021311K(2477056K), 0.1110980 secs]
80286.472: [GC 2116607K->1990962K(2477056K), 0.0995470 secs]
80292.275: [GC 2080726K->1996636K(2477056K), 0.0670770 secs]
80298.400: [GC 2091932K->2014530K(2477056K), 0.1277840 secs]
80303.696: [GC 2109826K->2021764K(2474368K), 0.0889720 secs]
80315.092: [GC 2117060K->2022474K(2475712K), 0.1203560 secs]
80325.905: [GC 2117770K->2025541K(2472512K), 0.1093260 secs]
80327.906: [GC 2126661K->2058070K(2474560K), 0.1202030 secs]
80330.487: [GC 2159190K->2072273K(2473088K), 0.1201940 secs]
80336.280: [GC 2160613K->2075120K(2441024K), 0.1583800 secs]
80338.675: [GC 2173744K->2107900K(2477056K), 0.2542980 secs]
80351.402: [GC 2203196K->2137018K(2477056K), 0.1750540 secs]
80360.754: [GC 2232314K->2171401K(2477056K), 0.1543000 secs]
80363.594: [GC 2266685K->2204885K(2477056K), 0.0936430 secs]
80367.866: [GC 2295190K->2238279K(2476160K), 0.1115040 secs]
80367.978: [Full GC 2238279K->1566004K(2476160K), 2.2451740 secs]
80372.853: [GC 1650604K->1582396K(2398272K), 0.0575680 secs]
80374.523: [GC 1677692K->1615034K(2473088K), 0.1135810 secs]
80387.227: [GC 1710649K->1646248K(2474112K), 0.1202010 secs]
80392.716: [GC 1741864K->1667850K(2469760K), 0.0560850 secs]
80395.002: [GC 1770506K->1700744K(2475136K), 0.1334160 secs]
80400.622: [GC 1803400K->1701894K(2481792K), 0.1555220 secs]
80406.751: [GC 1805130K->1705629K(2481920K), 0.0847110 secs]
80407.591: [GC 1815207K->1797534K(2466496K), 0.1269460 secs]
80414.798: [GC 1892830K->1767091K(2477056K), 0.0864620 secs]
80423.512: [GC 1851173K->1797384K(2477056K), 0.1155760 secs]
80424.968: [GC 1892684K->1830121K(2414784K), 0.0709370 secs]
80436.232: [GC 1925417K->1866134K(2474560K), 0.1052060 secs]
80442.008: [GC 1946973K->1869530K(2473344K), 0.0834450 secs]
80442.658: [GC 1967417K->1955243K(2470400K), 0.0960990 secs]
80448.152: [GC 2050539K->1972299K(2477056K), 0.1257100 secs]
80452.397: [GC 2067595K->2006615K(2475776K), 0.1201380 secs]
80460.231: [GC 2101911K->2039043K(2476416K), 0.1161370 secs]
80468.096: [GC 2134339K->2043525K(2473024K), 0.0801190 secs]
80469.040: [GC 2135079K->2114521K(2474816K), 0.1177770 secs]
80476.060: [GC 2212825K->2109584K(2477056K), 0.1282740 secs]
80481.877: [GC 2204880K->2126424K(2399168K), 0.0747270 secs]
80484.390: [GC 2221714K->2159366K(2478464K), 0.1169380 secs]
80492.245: [GC 2258211K->2193461K(2474560K), 0.1530020 secs]
80492.398: [Full GC 2193461K->1902292K(2474560K), 1.1195700 secs]
80496.461: [GC 2001105K->1975730K(2468480K), 0.0970020 secs]
80505.771: [GC 2071026K->1939887K(2477056K), 0.0740900 secs]
80515.631: [GC 2031572K->1942295K(2472832K), 0.0738880 secs]
80517.582: [GC 2020669K->1958172K(2474944K), 0.0783770 secs]
80518.679: [GC 2053446K->1998436K(2469504K), 0.1135790 secs]
80522.617: [GC 2072039K->1992288K(2475264K), 0.1114420 secs]
80524.362: [GC 2088160K->2056730K(2472256K), 0.1049290 secs]
80529.294: [GC 2131269K->2027837K(2477056K), 0.0831490 secs]
80536.606: [GC 2122815K->2071095K(2477056K), 0.0811910 secs]
80546.211: [GC 2166391K->2052358K(2385536K), 0.0662580 secs]
80550.417: [GC 2124827K->2054384K(2477952K), 0.0906500 secs]
80551.965: [GC 2152560K->2118937K(2475072K), 0.1026760 secs]
80554.049: [GC 2217111K->2121167K(2477824K), 0.0991670 secs]
80556.102: [GC 2216298K->2167108K(2397888K), 0.1158840 secs]
80566.128: [GC 2263172K->2169706K(2474880K), 0.0739810 secs]
80578.281: [GC 2266686K->2169902K(2472576K), 0.0666760 secs]
80579.989: [GC 2268270K->2202684K(2479680K), 0.1482490 secs]
80582.256: [GC 2313084K->2268530K(2479552K), 0.1414040 secs]
80582.398: [Full GC 2268530K->1754435K(2479552K), 2.4188060 secs]
80592.574: [GC 1864835K->1757562K(2487680K), 0.0835320 secs]
80602.630: [GC 1879930K->1774476K(2487616K), 0.1016050 secs]
80608.106: [GC 1896844K->1809766K(2488448K), 0.0857980 secs]
80610.425: [GC 1937890K->1841100K(2488576K), 0.0877960 secs]
80623.260: [GC 1969228K->1875837K(2496960K), 0.1275560 secs]
80634.540: [GC 2015165K->1880602K(2497024K), 0.0627140 secs]
80637.881: [GC 2019919K->1925704K(2490240K), 0.1398880 secs]
80642.762: [GC 2060424K->1958577K(2488192K), 0.1636930 secs]
80657.444: [GC 2093297K->1957897K(2489472K), 0.0943360 secs]
80664.181: [GC 2052471K->1960118K(2441984K), 0.1359510 secs]
80667.186: [GC 2078966K->1994068K(2471680K), 0.1714670 secs]
80672.113: [GC 2098829K->2026069K(2460672K), 0.1581200 secs]
80674.035: [GC 2130837K->2039881K(2477056K), 0.1757060 secs]
80683.780: [GC 2135177K->2042692K(2477056K), 0.1073380 secs]
80693.598: [GC 2135862K->2044498K(2477056K), 0.1046330 secs]
80695.036: [GC 2139794K->2109006K(2477056K), 0.1129590 secs]
80703.916: [GC 2204302K->2111899K(2477056K), 0.1313160 secs]
80708.656: [GC 2176202K->2114240K(2477056K), 0.1215300 secs]
80710.057: [GC 2209536K->2147826K(2473088K), 0.1001170 secs]
80713.744: [GC 2243122K->2163202K(2475072K), 0.0971110 secs]
80718.032: [GC 2258491K->2196939K(2473792K), 0.1035940 secs]
80722.310: [GC 2300491K->2200598K(2475264K), 0.1174490 secs]
80736.865: [GC 2304150K->2201931K(2479360K), 0.0988170 secs]
80747.664: [GC 2316043K->2206150K(2482432K), 0.0945690 secs]
80749.409: [GC 2290035K->2220157K(2480000K), 0.1061150 secs]
80750.296: [GC 2345034K->2297159K(2485184K), 0.1211910 secs]
80750.418: [Full GC 2297159K->2098554K(2485184K), 2.7515050 secs]
80758.340: [GC 2223418K->2102185K(2487680K), 0.1080560 secs]
80772.366: [GC 2216681K->2104264K(2404672K), 0.0919510 secs]
80781.731: [GC 2218760K->2107224K(2486016K), 0.0691470 secs]
80784.801: [GC 2224536K->2141390K(2483200K), 0.0816160 secs]
80786.547: [GC 2258702K->2174284K(2490816K), 0.1002550 secs]
80791.332: [GC 2299980K->2221921K(2489344K), 0.1194990 secs]
80798.554: [GC 2343537K->2247063K(2491136K), 0.0997180 secs]
80798.653: [Full GC 2247063K->1254060K(2491136K), 1.9894100 secs]
80812.887: [GC 1388140K->1265348K(2489472K), 0.0571540 secs]
80815.968: [GC 1406270K->1330845K(2494464K), 0.0864470 secs]
80819.715: [GC 1472605K->1331071K(2498624K), 0.0837220 secs]
80828.244: [GC 1469205K->1365429K(2492224K), 0.1238160 secs]
80841.327: [GC 1497589K->1341270K(2442112K), 0.0534940 secs]
80846.717: [GC 1474941K->1407817K(2487552K), 0.1039490 secs]
80848.972: [GC 1536137K->1441026K(2472192K), 0.1386760 secs]
80861.543: [GC 1569346K->1441772K(2485632K), 0.0954810 secs]
80869.257: [GC 1557036K->1458036K(2468736K), 0.1083870 secs]
80874.361: [GC 1562283K->1461471K(2473856K), 0.1294630 secs]
80875.023: [GC 1550834K->1503639K(2477056K), 0.1616130 secs]
80882.088: [GC 1598935K->1496950K(2477056K), 0.1727160 secs]
80888.132: [GC 1592244K->1518466K(2477056K), 0.1387670 secs]
80893.047: [GC 1613762K->1540125K(2477056K), 0.1546640 secs]
80896.319: [GC 1635421K->1554199K(2477056K), 0.1187530 secs]
80900.378: [GC 1621595K->1586575K(2477056K), 0.1960390 secs]
80901.475: [GC 1681871K->1626519K(2477056K), 0.1121780 secs]
80907.648: [GC 1719857K->1652016K(2477056K), 0.0992840 secs]
80908.912: [GC 1747312K->1686070K(2477056K), 0.0690340 secs]
80916.905: [GC 1781366K->1696904K(2477056K), 0.1023770 secs]
80918.568: [GC 1790881K->1729087K(2477056K), 0.0998460 secs]
80923.930: [GC 1818768K->1781907K(2475776K), 0.1275960 secs]
80927.700: [GC 1849182K->1776359K(2476416K), 0.0555560 secs]
80929.353: [GC 1871655K->1808600K(2465920K), 0.0744880 secs]
80938.384: [GC 1905048K->1811827K(2471744K), 0.1039570 secs]
80942.751: [GC 1901566K->1828804K(2473152K), 0.0701800 secs]
80944.781: [GC 1932698K->1894055K(2477248K), 0.1162670 secs]
80948.963: [GC 2000039K->1903971K(2482176K), 0.1483270 secs]
80953.344: [GC 2006177K->1937748K(2422976K), 0.0962170 secs]
80957.137: [GC 2034214K->1941380K(2474688K), 0.0827220 secs]
80967.999: [GC 2044228K->1965884K(2474048K), 0.0992570 secs]
80970.676: [GC 2068723K->1986554K(2476288K), 0.0786310 secs]
80977.410: [GC 2096954K->1988082K(2478272K), 0.1266890 secs]
80981.517: [GC 2117682K->2040948K(2465024K), 0.1825660 secs]
80983.161: [GC 2136308K->2041537K(2477056K), 0.1226490 secs]
80986.519: [GC 2136833K->2088557K(2468928K), 0.1561200 secs]
80997.727: [GC 2188141K->2091532K(2475136K), 0.1123650 secs]
81000.239: [GC 2188594K->2154117K(2470912K), 0.1482550 secs]
81006.425: [GC 2239913K->2124257K(2477120K), 0.1228470 secs]
81008.858: [GC 2219681K->2144688K(2468096K), 0.0769510 secs]
81011.268: [GC 2240425K->2177171K(2472768K), 0.0898440 secs]
81016.517: [GC 2272915K->2211154K(2476224K), 0.1118490 secs]
81016.629: [Full GC 2211154K->1914700K(2476224K), 1.4284770 secs]
81021.545: [GC 2020620K->1935994K(2477184K), 0.0902630 secs]
81028.083: [GC 2041914K->1951952K(2477440K), 0.1401530 secs]
81036.775: [GC 2059201K->1956705K(2480768K), 0.0818550 secs]
81039.087: [GC 2074077K->2005920K(2486272K), 0.0778980 secs]
81044.318: [GC 2106426K->2038684K(2491072K), 0.1192910 secs]
81048.212: [GC 2162908K->2071932K(2486976K), 0.0859680 secs]
81057.754: [GC 2197948K->2087849K(2489920K), 0.1324900 secs]
81063.448: [GC 2201095K->2089073K(2493440K), 0.0657010 secs]
81066.823: [GC 2223726K->2136879K(2493824K), 0.0827490 secs]
81073.660: [GC 2268382K->2138506K(2485312K), 0.1136590 secs]
81075.664: [GC 2245655K->2161251K(2481920K), 0.1971220 secs]
81076.613: [GC 2285049K->2233888K(2472192K), 0.2446300 secs]
81089.241: [GC 2328747K->2214553K(2477056K), 0.1001860 secs]
81093.614: [GC 2309843K->2246722K(2475520K), 0.1329570 secs]
81093.747: [Full GC 2246722K->1891301K(2475520K), 2.5443760 secs]
81100.212: [GC 1986597K->1893917K(2476288K), 0.0756610 secs]
81105.422: [GC 1989213K->1909329K(2471552K), 0.0754880 secs]
81107.767: [GC 2006029K->1974119K(2474624K), 0.1105150 secs]
81109.437: [GC 2063382K->1977358K(2477184K), 0.0816460 secs]
81118.144: [GC 2076366K->1985351K(2477056K), 0.0939270 secs]
81123.457: [GC 2084347K->2017007K(2470528K), 0.0834960 secs]
81128.755: [GC 2120111K->2049503K(2475392K), 0.1165520 secs]
81136.335: [GC 2149880K->2056832K(2480576K), 0.0819150 secs]
81139.046: [GC 2170048K->2086082K(2483392K), 0.0983270 secs]
81142.621: [GC 2198202K->2140970K(2480192K), 0.1341730 secs]
81147.108: [GC 2248926K->2155606K(2484160K), 0.1071030 secs]
81150.641: [GC 2277398K->2189928K(2491456K), 0.1285040 secs]
81160.293: [GC 2323882K->2203940K(2492672K), 0.0833130 secs]
81165.121: [GC 2339044K->2236251K(2499712K), 0.1560080 secs]
81173.737: [GC 2376999K->2260726K(2499904K), 0.1232430 secs]
81173.860: [Full GC 2260726K->2027087K(2499904K), 2.6498940 secs]
81179.146: [GC 2173135K->2068143K(2499776K), 0.1104330 secs]
81186.563: [GC 2212074K->2085270K(2494400K), 0.1283840 secs]
81193.028: [GC 2232738K->2119091K(2486400K), 0.2048140 secs]
81203.263: [GC 2246256K->2130627K(2485312K), 0.1805310 secs]
81207.274: [GC 2257795K->2163790K(2468800K), 0.2219250 secs]
81211.498: [GC 2259086K->2208204K(2477056K), 0.2094520 secs]
81214.466: [GC 2303498K->2239989K(2476992K), 0.1279680 secs]
81220.458: [GC 2335285K->2286234K(2477056K), 0.1810590 secs]
81220.639: [Full GC 2286234K->1691236K(2477056K), 2.3676290 secs]
81225.484: [GC 1786639K->1732400K(2476544K), 0.0932640 secs]
81232.032: [GC 1827696K->1723426K(2476800K), 0.1050790 secs]
81234.606: [GC 1818716K->1756315K(2471936K), 0.0913100 secs]
81239.844: [GC 1851862K->1769097K(2474496K), 0.0903270 secs]
81243.649: [GC 1864646K->1801880K(2471360K), 0.1794580 secs]
81249.428: [GC 1897176K->1835274K(2477056K), 0.1694080 secs]
81255.899: [GC 1930255K->1856572K(2473280K), 0.1064250 secs]
81261.445: [GC 1952060K->1853376K(2475264K), 0.1337240 secs]
81262.586: [GC 1948877K->1903144K(2473408K), 0.1125040 secs]
81264.339: [GC 1993488K->1902630K(2477056K), 0.1368810 secs]
81268.927: [GC 1997926K->1948507K(2477056K), 0.1251450 secs]
81274.858: [GC 2043803K->1977861K(2396608K), 0.1511060 secs]
81287.326: [GC 2073157K->1982068K(2476672K), 0.0841830 secs]
81289.488: [GC 2077298K->2015293K(2415616K), 0.1103930 secs]
81290.814: [GC 2110513K->2047242K(2476608K), 0.0874800 secs]
81294.817: [GC 2148170K->2081636K(2471552K), 0.1708490 secs]
81299.678: [GC 2182564K->2095059K(2477312K), 0.1031370 secs]
81308.452: [GC 2206867K->2112387K(2480448K), 0.1035330 secs]
81315.521: [GC 2202279K->2125954K(2485440K), 0.0870220 secs]
81318.418: [GC 2243518K->2158407K(2486848K), 0.0898940 secs]
81321.296: [GC 2280263K->2192074K(2475648K), 0.1780020 secs]
81325.548: [GC 2305023K->2236860K(2480000K), 0.1786960 secs]
81338.253: [GC 2348835K->2206424K(2474112K), 0.1116320 secs]
81341.217: [GC 2301712K->2246610K(2410304K), 0.1243930 secs]
81341.342: [Full GC 2246610K->2091134K(2410304K), 1.1918220 secs]
81344.085: [GC 2163176K->2092960K(2475968K), 0.0515690 secs]
81345.571: [GC 2191648K->2157686K(2475520K), 0.1062120 secs]
81348.954: [GC 2256364K->2159181K(2477632K), 0.1037880 secs]
81353.662: [GC 2258829K->2195206K(2477056K), 0.1252280 secs]
81357.175: [GC 2294854K->2214378K(2473664K), 0.0828700 secs]
81360.060: [GC 2319146K->2250257K(2476864K), 0.0994650 secs]
81360.159: [Full GC 2250257K->1687288K(2476864K), 2.3883660 secs]
81366.834: [GC 1788276K->1714665K(2466880K), 0.1150300 secs]
81376.078: [GC 1826853K->1712538K(2476160K), 0.0848490 secs]
81379.510: [GC 1824255K->1746365K(2471680K), 0.1153720 secs]
81382.523: [GC 1852975K->1761283K(2478720K), 0.1804560 secs]
81387.657: [GC 1873475K->1780611K(2472832K), 0.1566590 secs]
81393.212: [GC 1848313K->1782401K(2477056K), 0.1515410 secs]
81397.521: [GC 1877697K->1824606K(2477056K), 0.1763050 secs]
81401.729: [GC 1919902K->1871137K(2477056K), 0.1199900 secs]
81405.453: [GC 1966428K->1872891K(2477056K), 0.0999190 secs]
81409.478: [GC 1968187K->1907136K(2477056K), 0.1397370 secs]
81415.984: [GC 1982523K->1909346K(2477056K), 0.0642120 secs]
81418.103: [GC 2003546K->1963423K(2477056K), 0.1650330 secs]
81422.950: [GC 2058462K->1953741K(2477056K), 0.0827790 secs]
81426.886: [GC 2049037K->1968534K(2477056K), 0.1227540 secs]
81430.956: [GC 2035507K->1972279K(2477056K), 0.0834000 secs]
81433.116: [GC 2067575K->2035167K(2477056K), 0.1115010 secs]
81437.169: [GC 2130450K->2035468K(2477056K), 0.0812270 secs]
81440.139: [GC 2130763K->2080762K(2395712K), 0.1283090 secs]
81448.488: [GC 2176058K->2083354K(2480320K), 0.1001840 secs]
81456.129: [GC 2179308K->2086301K(2404736K), 0.1533080 secs]
81457.203: [GC 2191028K->2145243K(2472832K), 0.1362970 secs]
81459.161: [GC 2243995K->2145930K(2473216K), 0.1308400 secs]
81462.855: [GC 2221465K->2146313K(2468992K), 0.1959470 secs]
81466.197: [GC 2255369K->2179910K(2473920K), 0.1070810 secs]
81477.126: [GC 2288966K->2205332K(2475136K), 0.1721680 secs]
81482.043: [GC 2318548K->2216042K(2472256K), 0.1194800 secs]
81483.558: [GC 2325131K->2247649K(2473024K), 0.1533390 secs]
81489.599: [GC 2342945K->2247769K(2477056K), 0.1578960 secs]
81491.147: [GC 2339513K->2303875K(2477056K), 0.1820490 secs]
81491.329: [Full GC 2303875K->2200458K(2477056K), 1.1594350 secs]
81496.232: [GC 2294896K->2229011K(2477056K), 0.0858060 secs]
81499.784: [GC 2324307K->2248925K(2477056K), 0.1477340 secs]
81499.931: [Full GC 2248925K->1381710K(2477056K), 2.0670130 secs]
81507.302: [GC 1464891K->1385091K(2477056K), 0.0490280 secs]
81508.910: [GC 1480387K->1449497K(2477056K), 0.1173110 secs]
81519.726: [GC 1542585K->1422041K(2477056K), 0.1009850 secs]
81521.129: [GC 1517337K->1459666K(2477056K), 0.1152970 secs]
81529.303: [GC 1554962K->1488322K(2477056K), 0.1040500 secs]
81533.781: [GC 1559276K->1490374K(2477056K), 0.0550840 secs]
81535.391: [GC 1585670K->1554735K(2477056K), 0.0972360 secs]
81538.785: [GC 1650031K->1545982K(2477056K), 0.0823270 secs]
81542.027: [GC 1641221K->1560012K(2402752K), 0.0683010 secs]
81556.698: [GC 1655308K->1560376K(2476480K), 0.0670880 secs]
81561.508: [GC 1660083K->1594280K(2476480K), 0.0804440 secs]
81565.703: [GC 1693992K->1595315K(2475072K), 0.1002150 secs]
81569.203: [GC 1690603K->1626907K(2477056K), 0.1162330 secs]
81574.088: [GC 1722203K->1660218K(2477056K), 0.1984900 secs]
81581.179: [GC 1755514K->1708489K(2398656K), 0.1327190 secs]
81590.918: [GC 1803785K->1708993K(2477120K), 0.0651130 secs]
81592.635: [GC 1776463K->1735103K(2475712K), 0.1080700 secs]
81593.377: [GC 1838878K->1781733K(2470784K), 0.1049350 secs]
81599.740: [GC 1877029K->1775025K(2477056K), 0.1236070 secs]
81611.806: [GC 1870321K->1805145K(2477056K), 0.1813850 secs]
81614.302: [GC 1900449K->1871751K(2477056K), 0.1154730 secs]
81617.553: [GC 1967047K->1861707K(2477056K), 0.1365980 secs]
81622.848: [GC 1950912K->1864317K(2477056K), 0.0939560 secs]
81624.607: [GC 1959613K->1896831K(2477056K), 0.1207620 secs]
81637.162: [GC 1992127K->1900038K(2477056K), 0.0919460 secs]
81639.367: [GC 1995334K->1926372K(2470528K), 0.0781300 secs]
81647.565: [GC 2021668K->1931910K(2413952K), 0.1050750 secs]
81652.471: [GC 2017133K->1935589K(2465216K), 0.1028510 secs]
81653.478: [GC 2041812K->2020170K(2469248K), 0.1869960 secs]
81658.645: [GC 2120138K->1981691K(2482368K), 0.1260590 secs]
81661.398: [GC 2082299K->2008711K(2477056K), 0.1199620 secs]
81673.929: [GC 2100713K->2006735K(2476672K), 0.1522140 secs]
81675.021: [GC 2102021K->2037909K(2477056K), 0.1807500 secs]
81680.238: [GC 2133205K->2041628K(2474880K), 0.1115000 secs]
81682.055: [GC 2136924K->2077204K(2475968K), 0.2312840 secs]
81683.373: [GC 2172508K->2101073K(2477056K), 0.1294170 secs]
81686.881: [GC 2196369K->2102270K(2477056K), 0.2023290 secs]
81694.607: [GC 2197566K->2106951K(2477056K), 0.0831030 secs]
81700.777: [GC 2202247K->2123591K(2477056K), 0.1348260 secs]
81710.636: [GC 2218887K->2123419K(2477056K), 0.0644360 secs]
81712.335: [GC 2218710K->2155537K(2414720K), 0.0721010 secs]
81713.729: [GC 2250829K->2219425K(2472448K), 0.1476350 secs]
81716.431: [GC 2298667K->2189953K(2474752K), 0.0806810 secs]
81718.842: [GC 2282945K->2237200K(2477056K), 0.1258950 secs]
81730.487: [GC 2332496K->2218155K(2477056K), 0.0965340 secs]
81735.614: [GC 2313451K->2233873K(2471296K), 0.0929310 secs]
81740.226: [GC 2329157K->2267801K(2474176K), 0.0963010 secs]
81744.205: [GC 2363097K->2270412K(2475648K), 0.1649790 secs]
81747.489: [GC 2365837K->2299291K(2464512K), 0.1589600 secs]
81753.598: [GC-- 2394843K->2459199K(2464512K), 0.2373890 secs]
81753.836: [Full GC 2459199K->2128762K(2464512K), 1.4987560 secs]
81762.042: [GC 2224314K->2131481K(2477056K), 0.0553840 secs]
81766.671: [GC 2226777K->2134961K(2477056K), 0.0812500 secs]
81769.173: [GC 2230245K->2167677K(2477056K), 0.0839350 secs]
81773.067: [GC 2262973K->2201996K(2477056K), 0.1277520 secs]
81777.744: [GC 2297292K->2216584K(2470016K), 0.0678340 secs]
81781.039: [GC 2315779K->2245828K(2473536K), 0.0954560 secs]
81781.139: [GC 2248814K->2248247K(2478464K), 0.0799440 secs]
81782.145: [GC 2356436K->2287754K(2477568K), 0.1392230 secs]
81782.284: [Full GC 2287754K->1481806K(2477568K), 2.2051380 secs]
81796.445: [GC 1583563K->1485508K(2478272K), 0.0601350 secs]
81799.328: [GC 1587790K->1550477K(2477760K), 0.0963440 secs]
81808.231: [GC 1657293K->1521988K(2481024K), 0.1232120 secs]
81812.221: [GC 1624260K->1546671K(2413568K), 0.0727280 secs]
81817.235: [GC 1648942K->1587139K(2478400K), 0.1133860 secs]
81819.166: [GC 1687063K->1626078K(2474752K), 0.0984940 secs]
81827.036: [GC 1731998K->1623968K(2479424K), 0.0950910 secs]
81830.645: [GC 1739040K->1657894K(2481600K), 0.1488010 secs]
81840.943: [GC 1752670K->1657182K(2485312K), 0.1534100 secs]
81846.168: [GC 1780830K->1681770K(2472640K), 0.1415140 secs]
81849.045: [GC 1805418K->1715184K(2474304K), 0.1796500 secs]
81854.932: [GC 1817771K->1730976K(2468800K), 0.1461490 secs]
81856.935: [GC 1833557K->1763450K(2477056K), 0.1681800 secs]
81860.887: [GC 1858746K->1766047K(2477056K), 0.1691650 secs]
81868.125: [GC 1858907K->1768293K(2477056K), 0.1444100 secs]
81873.134: [GC 1863589K->1818081K(2477056K), 0.1224500 secs]
81875.777: [GC 1913371K->1850707K(2476800K), 0.1176520 secs]
81882.298: [GC 1946003K->1854219K(2418496K), 0.0994930 secs]
81886.283: [GC 1949512K->1887115K(2467968K), 0.1300020 secs]
81890.057: [GC 1978059K->1889460K(2472704K), 0.1471600 secs]
81895.414: [GC 1980404K->1903082K(2470656K), 0.1370820 secs]
81900.480: [GC 1999903K->1928769K(2473216K), 0.1386830 secs]
81902.573: [GC 2025588K->1961650K(2477056K), 0.1382880 secs]
81906.236: [GC 2056946K->1962022K(2477056K), 0.1291400 secs]
81914.586: [GC 2057312K->1994864K(2477056K), 0.0986700 secs]
81918.714: [GC 2090160K->1997220K(2477056K), 0.1076720 secs]
81927.579: [GC 2084093K->1999564K(2477056K), 0.0621000 secs]
81932.010: [GC 2094860K->2020441K(2477056K), 0.1095740 secs]
81933.535: [GC 2111728K->2043452K(2473216K), 0.1290880 secs]
81938.564: [GC 2138748K->2060529K(2475136K), 0.1295200 secs]
81940.192: [GC 2155816K->2092845K(2471040K), 0.1464370 secs]
81943.627: [GC 2169781K->2115859K(2476928K), 0.1485260 secs]
81945.268: [GC 2211027K->2148359K(2474496K), 0.1360620 secs]
81958.173: [GC 2243655K->2150542K(2477056K), 0.1318290 secs]
81966.008: [GC 2245838K->2151790K(2467648K), 0.0947060 secs]
81972.161: [GC 2249198K->2155438K(2472576K), 0.1119370 secs]
81974.661: [GC 2249817K->2190338K(2465664K), 0.1446550 secs]
81976.707: [GC 2285568K->2202651K(2474176K), 0.1260670 secs]
81977.469: [GC 2298372K->2279993K(2477056K), 0.2669730 secs]
81980.344: [GC 2375289K->2275042K(2477056K), 0.1604240 secs]
81984.507: [GC 2370335K->2279437K(2477056K), 0.1367950 secs]
81984.644: [Full GC 2279437K->2125614K(2477056K), 1.4628910 secs]
81987.455: [GC 2220910K->2195803K(2477056K), 0.1036980 secs]
81996.003: [GC 2291099K->2185233K(2477056K), 0.1315330 secs]
82004.488: [GC 2280219K->2188999K(2477056K), 0.0669920 secs]
82009.612: [GC 2282597K->2193560K(2477056K), 0.0845620 secs]
82010.515: [GC 2288861K->2232943K(2477056K), 0.0759740 secs]
82013.132: [GC 2328239K->2269253K(2477056K), 0.1025260 secs]
82013.235: [Full GC 2269253K->1432658K(2477056K), 2.0905210 secs]
82016.504: [GC 1527759K->1497824K(2477056K), 0.0997690 secs]
82020.496: [GC 1593071K->1480960K(2477056K), 0.0793700 secs]
82032.371: [GC 1576254K->1485684K(2477056K), 0.0971920 secs]
82042.224: [GC 1580980K->1485356K(2477056K), 0.0547240 secs]
82044.855: [GC 1580648K->1510360K(2477056K), 0.1092580 secs]
82046.654: [GC 1605644K->1542419K(2474752K), 0.1397000 secs]
82049.483: [GC 1637715K->1548115K(2420224K), 0.0783380 secs]
82051.030: [GC 1643411K->1584660K(2470784K), 0.1244720 secs]
82057.243: [GC 1677929K->1622932K(2475648K), 0.1412970 secs]
82066.266: [GC 1712682K->1673304K(2477056K), 0.1767490 secs]
82071.995: [GC 1768600K->1709032K(2421248K), 0.0696240 secs]
82076.258: [GC 1804328K->1723275K(2474368K), 0.0852710 secs]
82080.457: [GC 1817483K->1726051K(2475456K), 0.0988690 secs]
82083.473: [GC 1820248K->1757217K(2469632K), 0.1117540 secs]
82090.013: [GC 1853025K->1758811K(2473344K), 0.1048350 secs]
82093.100: [GC 1854619K->1779235K(2471872K), 0.1295760 secs]
82099.654: [GC 1878627K->1795025K(2474240K), 0.1604320 secs]
82104.449: [GC 1874645K->1798038K(2479552K), 0.1506330 secs]
82105.667: [GC 1897338K->1839793K(2477056K), 0.1302100 secs]
82116.325: [GC 1937071K->1827841K(2477056K), 0.1255650 secs]
82117.552: [GC 1916728K->1864665K(2477056K), 0.1311880 secs]
82126.351: [GC 1959961K->1859703K(2477056K), 0.1209730 secs]
82131.505: [GC 1950388K->1875565K(2477056K), 0.0818100 secs]
82134.556: [GC 1970857K->1908819K(2477056K), 0.1186010 secs]
82137.710: [GC 2003909K->1911163K(2477056K), 0.0844970 secs]
82140.398: [GC 2006459K->1957978K(2477056K), 0.1166930 secs]
82149.820: [GC 2025373K->1936578K(2477056K), 0.0677220 secs]
82151.448: [GC 2031874K->1969003K(2469888K), 0.1258560 secs]
82159.325: [GC 2064299K->1974994K(2473472K), 0.0957740 secs]
82163.987: [GC 2044839K->1976831K(2467328K), 0.0880730 secs]
82166.247: [GC 2078719K->2009701K(2471552K), 0.1690010 secs]
82171.348: [GC 2111589K->2023107K(2473664K), 0.1480180 secs]
82177.045: [GC 2118403K->2044005K(2477056K), 0.1520300 secs]
82188.694: [GC 2139301K->2068876K(2477056K), 0.1348060 secs]
82190.127: [GC 2164172K->2143463K(2477056K), 0.1374900 secs]
82194.295: [GC 2215881K->2131414K(2477056K), 0.1197220 secs]
82196.013: [GC 2226710K->2196095K(2477056K), 0.1210700 secs]
82205.254: [GC 2291391K->2167712K(2477056K), 0.0835950 secs]
82211.538: [GC 2263008K->2183320K(2477056K), 0.0909410 secs]
82214.935: [GC 2278551K->2235866K(2477056K), 0.1089680 secs]
82222.430: [GC 2327886K->2230788K(2477056K), 0.1141150 secs]
82222.544: [Full GC 2230788K->2022349K(2477056K), 1.4322780 secs]
82226.037: [GC 2117645K->2047415K(2477056K), 0.1072560 secs]
82227.094: [GC 2138898K->2111973K(2477056K), 0.1100240 secs]
82228.516: [GC 2207267K->2144877K(2477056K), 0.1595420 secs]
82232.416: [GC 2240173K->2113684K(2477056K), 0.1380310 secs]
82241.895: [GC 2208980K->2116994K(2477056K), 0.0652170 secs]
82248.354: [GC 2211773K->2132875K(2477056K), 0.0962280 secs]
82255.536: [GC 2228171K->2137283K(2477056K), 0.1056920 secs]
82257.065: [GC 2232583K->2176833K(2477056K), 0.0889600 secs]
82262.786: [GC 2261084K->2202226K(2477056K), 0.1284140 secs]
82266.068: [GC 2297522K->2265741K(2477056K), 0.1160980 secs]
82277.820: [GC 2361037K->2237281K(2477056K), 0.1100810 secs]
82277.931: [Full GC 2237281K->1686536K(2477056K), 2.3465530 secs]
82286.312: [GC 1781832K->1690640K(2477056K), 0.0661750 secs]
82287.580: [GC 1785480K->1755169K(2477056K), 0.1246450 secs]
82291.034: [GC 1850465K->1777227K(2477056K), 0.1308400 secs]
82293.883: [GC 1872523K->1803225K(2473344K), 0.0915840 secs]
82299.835: [GC 1898521K->1805475K(2475200K), 0.0851490 secs]
82313.670: [GC 1900771K->1805355K(2471872K), 0.0947730 secs]
82317.224: [GC 1907755K->1839355K(2474240K), 0.1681600 secs]
82319.874: [GC 1932172K->1839980K(2476032K), 0.1890760 secs]
82321.433: [GC 1935276K->1904544K(2477056K), 0.1607920 secs]
82328.804: [GC 1990291K->1870755K(2477056K), 0.1253850 secs]
82336.144: [GC 1966051K->1887996K(2477056K), 0.0889580 secs]
82344.881: [GC 1983292K->1904581K(2477056K), 0.0840070 secs]
82346.532: [GC 1999831K->1967592K(2477056K), 0.1224770 secs]
82347.957: [GC 2059278K->1999834K(2477056K), 0.1182950 secs]
82352.929: [GC 2095130K->1969009K(2477056K), 0.0951130 secs]
82363.532: [GC 2064305K->1973463K(2477056K), 0.1035620 secs]
82369.747: [GC 2068759K->1988757K(2477056K), 0.0742340 secs]
82371.771: [GC 2084051K->2022034K(2476672K), 0.1531110 secs]
82376.084: [GC 2117330K->2056437K(2384768K), 0.1108940 secs]
82378.392: [GC 2151722K->2122171K(2474688K), 0.1218500 secs]
82388.933: [GC 2216571K->2122071K(2476160K), 0.1311070 secs]
82399.322: [GC 2216471K->2124900K(2477056K), 0.0641580 secs]
82401.603: [GC 2220183K->2157764K(2414976K), 0.0782590 secs]
82406.072: [GC 2253060K->2160212K(2478144K), 0.0925520 secs]
82408.666: [GC 2243910K->2175695K(2474560K), 0.1474730 secs]
82410.785: [GC 2274639K->2208413K(2473088K), 0.2183780 secs]
82420.298: [GC 2303709K->2242035K(2477056K), 0.1903000 secs]
82430.971: [GC 2319927K->2272576K(2477056K), 0.1133240 secs]
82431.085: [Full GC 2272576K->2072681K(2477056K), 1.1660150 secs]
82433.993: [GC 2167977K->2105565K(2477056K), 0.1514950 secs]
82439.538: [GC 2200605K->2109332K(2476800K), 0.0759910 secs]
82440.823: [GC 2204628K->2180539K(2476928K), 0.1116340 secs]
82447.651: [GC 2275826K->2158018K(2477056K), 0.1329420 secs]
82456.737: [GC 2253314K->2162084K(2477056K), 0.0880180 secs]
82459.635: [GC 2257372K->2195008K(2472704K), 0.0822810 secs]
82467.749: [GC 2290304K->2195736K(2474880K), 0.0861390 secs]
82470.309: [GC 2291032K->2228816K(2470016K), 0.1432950 secs]
82476.381: [GC 2323856K->2260425K(2476800K), 0.1537980 secs]
82476.535: [Full GC 2260425K->1403029K(2476800K), 2.1481460 secs]
82486.905: [GC 1491645K->1406688K(2474560K), 0.0487800 secs]
82488.567: [GC 1478893K->1421905K(2476800K), 0.0808360 secs]
82490.658: [GC 1522001K->1454898K(2478464K), 0.1099460 secs]
82500.293: [GC 1559653K->1458909K(2447808K), 0.1204690 secs]
82503.470: [GC 1564253K->1486709K(2473664K), 0.1419890 secs]
82509.792: [GC 1579232K->1487907K(2477056K), 0.1442350 secs]
82511.403: [GC 1575489K->1542435K(2477056K), 0.1611180 secs]
82512.241: [GC 1637717K->1589814K(2477056K), 0.1575900 secs]
82520.319: [GC 1685110K->1638320K(2477056K), 0.2461630 secs]
82526.803: [GC 1733616K->1607474K(2477056K), 0.0674360 secs]
82532.016: [GC 1687787K->1610011K(2477056K), 0.0714040 secs]
82533.699: [GC 1705307K->1674572K(2477056K), 0.0955240 secs]
82545.953: [GC 1769868K->1676929K(2477056K), 0.1130450 secs]
82555.183: [GC 1771761K->1681951K(2477056K), 0.0745120 secs]
82556.290: [GC 1776005K->1751547K(2477056K), 0.1049110 secs]
82561.282: [GC 1845460K->1715600K(2477056K), 0.1225020 secs]
82562.378: [GC 1821633K->1808786K(2477056K), 0.1246180 secs]
82568.289: [GC 1904082K->1764317K(2477056K), 0.0759100 secs]
82579.281: [GC 1844483K->1762647K(2477056K), 0.0377010 secs]
82581.221: [GC 1857943K->1827776K(2477056K), 0.0930660 secs]
82587.750: [GC 1923072K->1799910K(2477056K), 0.1438270 secs]
82589.775: [GC 1894210K->1863925K(2477056K), 0.1095080 secs]
82596.693: [GC 1959221K->1866174K(2477056K), 0.1414120 secs]
82602.594: [GC 1961470K->1882650K(2477056K), 0.0691570 secs]
82605.688: [GC 1977940K->1916198K(2477056K), 0.0792600 secs]
82613.928: [GC 2011494K->1949495K(2477056K), 0.1400650 secs]
82619.772: [GC 2017953K->1952072K(2477056K), 0.0922680 secs]
82621.471: [GC 2047368K->2016412K(2477056K), 0.1332190 secs]
82630.226: [GC 2111708K->1987897K(2477056K), 0.0740260 secs]
82633.275: [GC 2083186K->2021343K(2477056K), 0.1591090 secs]
82638.365: [GC 2116639K->2054922K(2477056K), 0.1090190 secs]
82644.238: [GC 2150218K->2072292K(2399744K), 0.0919660 secs]
82649.773: [GC 2150366K->2074697K(2473792K), 0.1123560 secs]
82652.211: [GC 2175817K->2107546K(2471872K), 0.1265640 secs]
82659.802: [GC 2185230K->2103341K(2479488K), 0.1263700 secs]
82662.589: [GC 2207341K->2136413K(2472576K), 0.1677910 secs]
82674.609: [GC 2240413K->2139569K(2477056K), 0.1651430 secs]
82677.576: [GC 2234869K->2173744K(2477056K), 0.1482860 secs]
82680.778: [GC 2269033K->2192008K(2477056K), 0.1305640 secs]
82684.616: [GC 2287304K->2226922K(2477056K), 0.1479780 secs]
82684.764: [Full GC 2226922K->1993509K(2477056K), 1.3996840 secs]
82687.485: [GC 2087592K->2058897K(2477056K), 0.0995610 secs]
82699.532: [GC 2154083K->2061171K(2477056K), 0.1134510 secs]
82708.172: [GC 2156467K->2064832K(2477056K), 0.0841840 secs]
82709.849: [GC 2160121K->2097496K(2477056K), 0.0753970 secs]
82713.760: [GC 2178958K->2131586K(2477056K), 0.1238530 secs]
82715.251: [GC 2226882K->2195881K(2477056K), 0.1336290 secs]
82718.864: [GC 2291177K->2180852K(2477056K), 0.1241620 secs]
82720.826: [GC 2276140K->2274327K(2477056K), 0.1579320 secs]
82727.627: [GC 2369623K->2277587K(2477056K), 0.1380780 secs]
82727.765: [Full GC 2277587K->1634499K(2477056K), 2.3567370 secs]
82736.588: [GC 1729788K->1668796K(2477056K), 0.0866660 secs]
82739.947: [GC 1764092K->1670370K(2477056K), 0.0769540 secs]
82742.895: [GC 1765666K->1735670K(2477056K), 0.0995500 secs]
82748.205: [GC 1830966K->1737599K(2477056K), 0.1393310 secs]
82756.394: [GC 1832892K->1754212K(2477056K), 0.1108230 secs]
82762.696: [GC 1849508K->1757713K(2477056K), 0.0987190 secs]
82764.115: [GC 1853009K->1796081K(2477056K), 0.1696430 secs]
82770.979: [GC 1891374K->1824027K(2477056K), 0.1061060 secs]
82773.558: [GC 1918734K->1888124K(2477056K), 0.0960390 secs]
82783.265: [GC 1983420K->1891292K(2477056K), 0.1833640 secs]
82786.625: [GC 1986588K->1923688K(2477056K), 0.1289810 secs]
82793.122: [GC 2018984K->1958076K(2473088K), 0.1447350 secs]
82796.770: [GC 2053372K->1974586K(2475072K), 0.0800730 secs]
82799.591: [GC 2069873K->2007578K(2471424K), 0.1331830 secs]
82805.553: [GC 2104922K->2006877K(2475328K), 0.1190350 secs]
82812.734: [GC 2104221K->2037809K(2474944K), 0.1279960 secs]
82818.994: [GC 2133105K->2039674K(2477056K), 0.1627350 secs]
82826.211: [GC 2134970K->2042838K(2477056K), 0.1033220 secs]
82827.678: [GC 2133209K->2082621K(2422080K), 0.1016680 secs]
82830.875: [GC 2172929K->2097333K(2479744K), 0.1317510 secs]
82840.300: [GC 2196917K->2095051K(2475456K), 0.0962570 secs]
82841.628: [GC 2194144K->2133896K(2478336K), 0.1290780 secs]
82853.082: [GC 2237384K->2158169K(2477632K), 0.1251980 secs]
82856.115: [GC 2261661K->2184564K(2475072K), 0.0809680 secs]
82857.981: [GC 2296180K->2210174K(2478976K), 0.0960840 secs]
82867.495: [GC 2317672K->2243674K(2484096K), 0.1116570 secs]
82867.607: [Full GC 2243674K->2024925K(2484096K), 1.1589060 secs]
82873.902: [GC 2110660K->2041455K(2485696K), 0.1029090 secs]
82875.543: [GC 2163631K->2090451K(2478400K), 0.0937080 secs]
82883.473: [GC 2196285K->2135215K(2488640K), 0.1242300 secs]
82886.140: [GC 2247878K->2200050K(2472000K), 0.0937260 secs]
82888.238: [GC 2302770K->2232722K(2480768K), 0.1290720 secs]
82888.367: [Full GC 2232722K->1646929K(2480768K), 2.2651100 secs]
82901.088: [GC 1749649K->1652090K(2474304K), 0.0690410 secs]
82909.040: [GC 1754752K->1688731K(2479424K), 0.0865460 secs]
82913.605: [GC 1781655K->1671686K(2476288K), 0.0878210 secs]
82915.766: [GC 1786630K->1705678K(2481344K), 0.1641550 secs]
82918.306: [GC 1820622K->1737449K(2477376K), 0.1638410 secs]
82933.451: [GC 1842473K->1732363K(2481920K), 0.1828010 secs]
82941.590: [GC 1837387K->1736515K(2479680K), 0.1155220 secs]
82943.405: [GC 1837946K->1801167K(2475712K), 0.1761520 secs]
82944.535: [GC 1897458K->1801566K(2477056K), 0.1420540 secs]
82948.011: [GC 1896854K->1820691K(2477056K), 0.1609520 secs]
82955.971: [GC 1915987K->1821242K(2477056K), 0.1696290 secs]
82970.173: [GC 1916538K->1821586K(2477056K), 0.1420970 secs]
82973.566: [GC 1916874K->1855430K(2477056K), 0.1057220 secs]
82974.386: [GC 1950740K->1910254K(2477056K), 0.1312550 secs]
82977.381: [GC 2005550K->1890152K(2477056K), 0.1256290 secs]
82986.833: [GC 1982832K->1890671K(2477056K), 0.0803580 secs]
82992.482: [GC 1985967K->1912612K(2477056K), 0.0663320 secs]
83001.269: [GC 2007908K->1912516K(2477056K), 0.0872370 secs]
83003.841: [GC 2011800K->1948953K(2477056K), 0.0648460 secs]
83004.723: [GC 2044237K->1988870K(2477056K), 0.0876910 secs]
83010.367: [GC 2084166K->1983526K(2477056K), 0.1100040 secs]
83023.295: [GC 2078822K->1988014K(2477056K), 0.0795530 secs]
83028.005: [GC 2083310K->2008187K(2468224K), 0.0789520 secs]
83033.316: [GC 2103483K->2012312K(2472640K), 0.1608080 secs]
83034.168: [GC 2103115K->2054533K(2465088K), 0.1059900 secs]
83035.465: [GC 2147973K->2083917K(2474048K), 0.1519930 secs]
83045.917: [GC 2177357K->2078195K(2477056K), 0.1490590 secs]
83057.807: [GC 2173491K->2081897K(2477056K), 0.0689110 secs]
83061.187: [GC 2165101K->2084775K(2477056K), 0.1300200 secs]
83062.048: [GC 2173483K->2157110K(2477056K), 0.1775380 secs]
83064.204: [GC 2251563K->2138147K(2477056K), 0.0817990 secs]
83065.813: [GC 2233443K->2201794K(2477056K), 0.1332170 secs]
83074.223: [GC 2297090K->2206307K(2477056K), 0.1563010 secs]
83088.976: [GC 2301603K->2209182K(2477056K), 0.0923370 secs]
83092.494: [GC 2274257K->2209969K(2477056K), 0.0629880 secs]
83093.761: [GC 2305265K->2243102K(2415232K), 0.0978960 secs]
83095.242: [GC 2338394K->2275660K(2480256K), 0.1141890 secs]
83095.357: [Full GC 2275660K->2195004K(2480256K), 1.4111050 secs]
83102.841: [GC 2290527K->2197459K(2476032K), 0.0853120 secs]
83108.540: [GC 2296979K->2239204K(2476160K), 0.1162780 secs]
83121.531: [GC 2340836K->2220259K(2476096K), 0.0760110 secs]
83124.147: [GC 2322781K->2255046K(2481216K), 0.1136860 secs]
83125.144: [Full GC 2369798K->1141599K(2419456K), 2.0028860 secs]
83135.129: [GC 1252831K->1151829K(2419904K), 0.0441580 secs]
83141.854: [GC 1262617K->1199615K(2415936K), 0.0825190 secs]
83151.347: [GC 1310143K->1178976K(2422912K), 0.1035190 secs]
83154.580: [GC 1289501K->1212352K(2405376K), 0.2834850 secs]
83156.389: [GC 1307658K->1237115K(2415296K), 0.1236740 secs]
83160.891: [GC 1332411K->1258529K(2415296K), 0.1547030 secs]
83172.261: [GC 1353825K->1258801K(2415296K), 0.0964050 secs]
83179.522: [GC 1354094K->1280306K(2415296K), 0.0786250 secs]
83182.135: [GC 1375602K->1281899K(2415296K), 0.0629920 secs]
83184.815: [GC 1377184K->1315616K(2415296K), 0.0568090 secs]
83185.464: [GC 1416609K->1360937K(2358912K), 0.0927710 secs]
83189.894: [GC 1456233K->1389025K(2413248K), 0.0841210 secs]
83206.211: [GC 1484448K->1391793K(2413120K), 0.0561490 secs]
83212.948: [GC 1487215K->1394772K(2414336K), 0.0840140 secs]
83215.141: [GC 1490093K->1427591K(2415296K), 0.0919970 secs]
83217.397: [GC 1498320K->1429213K(2419456K), 0.1179050 secs]
83218.299: [GC 1545005K->1493375K(2419392K), 0.1404510 secs]
83225.033: [GC 1601919K->1479299K(2411200K), 0.1188370 secs]
83240.004: [GC 1574595K->1511791K(2415296K), 0.1524370 secs]
83245.257: [GC 1602362K->1515112K(2415296K), 0.0734090 secs]
83246.170: [GC 1611695K->1564271K(2415296K), 0.0938730 secs]
83247.368: [GC 1659567K->1620912K(2415296K), 0.1202280 secs]
83253.848: [GC 1716208K->1618815K(2415296K), 0.1191030 secs]
83257.809: [GC 1714106K->1656327K(2415296K), 0.0780390 secs]
83261.808: [GC 1751615K->1663435K(2415296K), 0.0897230 secs]
83273.234: [GC 1758731K->1659293K(2415296K), 0.0412740 secs]
83275.406: [GC 1754593K->1691787K(2353024K), 0.0609300 secs]
83277.212: [GC 1787070K->1724841K(2407104K), 0.0941450 secs]
83280.271: [GC 1816041K->1759613K(2411200K), 0.1659270 secs]
83291.497: [GC 1850813K->1762329K(2415040K), 0.0773620 secs]
83296.235: [GC 1850265K->1789672K(2351680K), 0.0913040 secs]
83302.668: [GC 1884968K->1786260K(2410560K), 0.1058250 secs]
83305.176: [GC 1887892K->1819852K(2409984K), 0.1236740 secs]
83306.777: [GC 1921479K->1852451K(2410368K), 0.1530390 secs]
83314.603: [GC 1947747K->1844099K(2415296K), 0.1521560 secs]
83326.447: [GC 1939395K->1847335K(2415296K), 0.1299960 secs]
83333.770: [GC 1942631K->1851910K(2415296K), 0.1087230 secs]
83334.644: [GC 1947211K->1901692K(2415296K), 0.0893570 secs]
83338.019: [GC 1996988K->1923391K(2415296K), 0.1079380 secs]
83344.072: [GC 2014074K->1925646K(2415296K), 0.0738000 secs]
83345.950: [GC 2020942K->1990052K(2415296K), 0.1364040 secs]
83359.384: [GC 2085348K->1961923K(2415296K), 0.0960980 secs]
83363.489: [GC 2027135K->1962731K(2415296K), 0.0725860 secs]
83364.798: [GC 2058028K->2027273K(2415296K), 0.1389080 secs]
83372.425: [GC 2122569K->1998721K(2415296K), 0.1613070 secs]
83373.988: [GC 2098569K->2069735K(2415296K), 0.1301050 secs]
83377.055: [GC 2165031K->2051572K(2415296K), 0.0587940 secs]
83390.608: [GC 2146868K->2051136K(2413632K), 0.0482680 secs]
83394.636: [GC 2146424K->2085272K(2355392K), 0.1004840 secs]
83398.804: [GC 2180568K->2087916K(2415936K), 0.1175490 secs]
83406.999: [GC 2185360K->2092276K(2413888K), 0.1535100 secs]
83409.121: [GC 2192116K->2121002K(2408768K), 0.1516240 secs]
83413.680: [GC 2216298K->2171423K(2415296K), 0.1752220 secs]
83423.031: [GC 2266719K->2175887K(2415296K), 0.1612830 secs]
83425.914: [GC 2270128K->2211289K(2415296K), 0.1225440 secs]
83426.037: [Full GC 2211289K->1926038K(2477056K), 1.5957900 secs]
83435.160: [GC 2021334K->1936986K(2477056K), 0.0656290 secs]
83442.311: [GC 2024605K->1938751K(2477056K), 0.0916800 secs]
83444.061: [GC 2034047K->1971900K(2467712K), 0.1210620 secs]
83448.850: [GC 2067194K->2022574K(2472384K), 0.1669400 secs]
83454.634: [GC 2117870K->1994212K(2477056K), 0.0993930 secs]
83457.693: [GC 2089508K->2011204K(2477056K), 0.0943800 secs]
83458.751: [GC 2100895K->2082783K(2477056K), 0.1559500 secs]
83471.551: [GC 2178079K->2077788K(2477056K), 0.1157610 secs]
83483.133: [GC 2173084K->2081550K(2477056K), 0.0848430 secs]
83486.134: [GC 2148827K->2083754K(2477056K), 0.0829700 secs]
83487.202: [GC 2180444K->2157135K(2477056K), 0.1247560 secs]
83489.584: [GC 2243034K->2166441K(2477056K), 0.1464600 secs]
83491.225: [GC 2261737K->2230131K(2477056K), 0.1320770 secs]
83497.307: [GC 2325427K->2204340K(2477056K), 0.1023300 secs]
83513.037: [GC 2299636K->2208389K(2477056K), 0.0867040 secs]
83518.323: [GC 2303685K->2211337K(2477056K), 0.1138660 secs]
83519.303: [Full GC 2315373K->1719612K(2477056K), 2.3947660 secs]
83522.668: [GC 1814909K->1741422K(2473728K), 0.0791270 secs]
83528.041: [GC 1836661K->1722752K(2475392K), 0.0558460 secs]
83535.223: [GC 1818048K->1739166K(2467776K), 0.0778590 secs]
83547.573: [GC 1840670K->1739926K(2472640K), 0.1098190 secs]
83549.585: [GC 1841430K->1811968K(2459904K), 0.1658360 secs]
83554.791: [GC 1904539K->1776099K(2474496K), 0.0899380 secs]
83556.670: [GC 1870499K->1836444K(2473152K), 0.1367870 secs]
83564.973: [GC 1931733K->1820060K(2477056K), 0.1235040 secs]
83572.675: [GC 1915356K->1824214K(2477056K), 0.1428250 secs]
83578.190: [GC 1892912K->1825984K(2387776K), 0.1091010 secs]
83580.922: [GC 1921280K->1854387K(2480000K), 0.1145710 secs]
83586.801: [GC 1942472K->1854998K(2421760K), 0.1548020 secs]
83588.734: [GC 1955222K->1888192K(2466496K), 0.1019840 secs]
83600.209: [GC 1983680K->1890474K(2474752K), 0.1217460 secs]
83603.831: [GC 1985962K->1905484K(2473536K), 0.0951040 secs]
83606.929: [GC 2009993K->1938980K(2476224K), 0.1124870 secs]
83613.302: [GC 2043491K->1940174K(2483840K), 0.1680580 secs]
83618.370: [GC 2049958K->1959747K(2452736K), 0.1121970 secs]
83621.457: [GC 2069891K->1989113K(2471552K), 0.1476280 secs]
83629.401: [GC 2084409K->1990707K(2477056K), 0.1184700 secs]
83633.596: [GC 2054863K->2024819K(2477056K), 0.1409090 secs]
83635.302: [GC 2120115K->2057569K(2477056K), 0.1066740 secs]
83640.427: [GC 2152865K->2110172K(2475136K), 0.1394240 secs]
83649.715: [GC 2205468K->2114302K(2476096K), 0.1060190 secs]
83652.034: [GC 2209592K->2147116K(2467840K), 0.0907460 secs]
83659.697: [GC 2244140K->2144948K(2472832K), 0.0870580 secs]
83662.007: [GC 2235343K->2177399K(2469184K), 0.1389400 secs]
83668.783: [GC 2276151K->2177511K(2476224K), 0.1241560 secs]
83672.247: [GC 2276263K->2211156K(2473280K), 0.1237630 secs]
83676.959: [GC 2311700K->2214722K(2479680K), 0.1466050 secs]
83681.957: [GC 2315266K->2234511K(2479616K), 0.1253230 secs]
83684.608: [GC 2339919K->2256290K(2481152K), 0.1891780 secs]
83689.696: [GC 2361685K->2289765K(2481088K), 0.1827900 secs]
83689.879: [Full GC 2289765K->2218479K(2481088K), 1.1025420 secs]
83699.220: [Full GC 2326959K->997858K(2285376K), 1.8740620 secs]
83707.728: [GC 1090518K->1001448K(2285760K), 0.0568180 secs]
83710.022: [GC 1109928K->1034392K(2284224K), 0.1018660 secs]
83719.339: [GC 1144536K->1037808K(2285824K), 0.1147350 secs]
83721.938: [GC 1119905K->1052027K(2286912K), 0.0988660 secs]
83724.845: [GC 1167675K->1085929K(2288128K), 0.1552400 secs]
83739.287: [GC 1201577K->1081761K(2294016K), 0.1326820 secs]
83742.009: [GC 1201761K->1114703K(2263872K), 0.1302480 secs]
83749.718: [GC 1234161K->1118836K(2292096K), 0.1142420 secs]
83750.810: [GC 1237941K->1171730K(2288064K), 0.1625170 secs]
83757.359: [GC 1304016K->1190133K(2274624K), 0.1209660 secs]
83761.360: [GC 1285429K->1191227K(2281344K), 0.1607660 secs]
83772.483: [GC 1284631K->1201413K(2281344K), 0.1037100 secs]
83773.630: [GC 1291970K->1272004K(2281344K), 0.1376110 secs]
83779.099: [GC 1367300K->1236449K(2281344K), 0.1037860 secs]
83780.913: [GC 1331745K->1267726K(2281344K), 0.1156150 secs]
83789.757: [GC 1363022K->1268403K(2281344K), 0.1309120 secs]
83797.221: [GC 1363699K->1316266K(2281344K), 0.1498760 secs]
83805.090: [GC 1411562K->1321002K(2281344K), 0.1209250 secs]
83807.584: [GC 1416288K->1354149K(2281344K), 0.0885220 secs]
83809.075: [GC 1449450K->1385773K(2281344K), 0.0784820 secs]
83814.716: [GC 1481069K->1418613K(2281344K), 0.0907270 secs]
83825.210: [GC 1512950K->1421393K(2281344K), 0.0480470 secs]
83828.222: [GC 1516689K->1442202K(2281344K), 0.0678490 secs]
83832.760: [GC 1532515K->1483713K(2281344K), 0.1167340 secs]
83837.661: [GC 1559014K->1480259K(2281344K), 0.0715670 secs]
83839.285: [GC 1575555K->1544673K(2281344K), 0.1019700 secs]
83843.914: [GC 1634874K->1515189K(2281344K), 0.0629830 secs]
83846.186: [GC 1610485K->1581130K(2281344K), 0.1007430 secs]
83858.464: [GC 1676426K->1583413K(2281344K), 0.1323530 secs]
83867.625: [GC 1678697K->1612495K(2281344K), 0.0663360 secs]
83876.413: [GC 1707791K->1643733K(2281344K), 0.1131940 secs]
83878.261: [GC 1738839K->1708176K(2281344K), 0.0852840 secs]
83894.558: [GC 1803464K->1696914K(2281344K), 0.1016580 secs]
83896.414: [GC 1792210K->1728780K(2276736K), 0.0735530 secs]
83907.970: [GC 1824076K->1729428K(2219136K), 0.0712790 secs]
83909.848: [GC 1824724K->1761706K(2271232K), 0.1299850 secs]
83927.679: [GC 1837592K->1762110K(2277824K), 0.1208020 secs]
83930.364: [GC 1855550K->1795055K(2281344K), 0.1521770 secs]
83951.200: [GC 1878467K->1826155K(2281344K), 0.1271490 secs]
83952.961: [GC 1921451K->1827344K(2281344K), 0.1171940 secs]
83954.764: [GC 1917113K->1898357K(2281344K), 0.1330210 secs]
83962.959: [GC 1987553K->1942152K(2280448K), 0.1378100 secs]
83982.693: [GC 2037448K->1944640K(2208128K), 0.0853550 secs]
83984.292: [GC 2037430K->1978973K(2278720K), 0.1028300 secs]
83985.309: [GC 2074645K->2053450K(2279936K), 0.1758030 secs]
84011.301: [GC 2148874K->2065272K(2281344K), 0.1448760 secs]
84013.810: [GC 2154096K->2136301K(2313344K), 0.1770850 secs]
84013.987: [Full GC 2136301K->1807920K(2477056K), 1.3691580 secs]
84018.372: [GC 1873087K->1817458K(2477056K), 0.0569670 secs]
84020.327: [GC 1912754K->1880867K(2477056K), 0.1594090 secs]
84032.083: [GC 1976065K->1876229K(2477056K), 0.1134820 secs]
84038.838: [GC 1971525K->1901958K(2477056K), 0.0921310 secs]
84043.530: [GC 1997254K->1934905K(2477056K), 0.1369960 secs]
84046.905: [GC 2030199K->1948150K(2477056K), 0.0859630 secs]
84069.223: [GC 2038767K->1959643K(2477056K), 0.0637300 secs]
84071.002: [GC 2054939K->2025007K(2477056K), 0.1347930 secs]
84076.027: [GC 2120300K->2056782K(2477056K), 0.1493420 secs]
84098.261: [GC 2152078K->2056982K(2477056K), 0.1055130 secs]
84100.552: [GC 2152278K->2077513K(2477056K), 0.0678910 secs]
84102.632: [GC 2172802K->2128663K(2414528K), 0.1047330 secs]
84106.024: [GC 2194238K->2129083K(2478336K), 0.1063500 secs]
84109.384: [GC 2230203K->2161945K(2476480K), 0.1334990 secs]
84117.662: [GC 2263019K->2194397K(2476928K), 0.1903690 secs]
84135.245: [GC 2278519K->2210346K(2477056K), 0.1669270 secs]
84137.986: [GC 2305642K->2242960K(2471680K), 0.1311550 secs]
84138.117: [Full GC 2242960K->1970504K(2471680K), 2.5873730 secs]
84150.370: [GC 2039351K->1972170K(2474368K), 0.0865980 secs]
84157.812: [GC 2067466K->2003358K(2468992K), 0.0845130 secs]
84167.969: [GC 2103390K->2036758K(2474048K), 0.1101250 secs]
84176.701: [GC 2136784K->2073881K(2475904K), 0.1547050 secs]
84196.540: [GC 2169177K->2056513K(2477056K), 0.1256270 secs]
84198.839: [GC 2151668K->2128526K(2477056K), 0.1597350 secs]
84214.060: [GC 2351705K->2234347K(2477056K), 0.1562320 secs]
84214.216: [Full GC 2234347K->1629725K(2477056K), 2.2654350 secs]
84218.097: [GC 1725009K->1629933K(2477056K), 0.0500390 secs]
84228.132: [GC 1724650K->1631198K(2477056K), 0.0751310 secs]
84232.009: [GC 1726494K->1663379K(2477056K), 0.0579140 secs]
84246.847: [GC 1758672K->1682065K(2477056K), 0.0832440 secs]
84252.552: [GC 1762485K->1682592K(2477056K), 0.0650630 secs]
84256.489: [GC 1777888K->1745835K(2477056K), 0.0772950 secs]
84262.870: [GC 1841130K->1747217K(2477056K), 0.0965740 secs]
84278.019: [GC 1842513K->1746428K(2477056K), 0.0978700 secs]
84280.460: [GC 1841005K->1817086K(2477056K), 0.0962890 secs]
84290.801: [GC 1898884K->1812028K(2477056K), 0.1058750 secs]
84293.486: [GC 1907324K->1876867K(2477056K), 0.1011500 secs]
84304.443: [GC 1943053K->1876480K(2477056K), 0.1437230 secs]
84308.416: [GC 1971776K->1939723K(2477056K), 0.1108270 secs]
84317.513: [GC 2031479K->1928317K(2477056K), 0.0808060 secs]
84320.961: [GC 2023602K->1979546K(2477056K), 0.1055490 secs]
84329.535: [GC 2074389K->2013146K(2477056K), 0.1219370 secs]
84331.951: [GC 2108442K->2044619K(2471168K), 0.0873850 secs]
84351.190: [GC 2117685K->2045719K(2474112K), 0.1282570 secs]
84353.795: [GC 2141015K->2078510K(2468032K), 0.1087200 secs]
84361.139: [GC 2172711K->2108729K(2475520K), 0.1965890 secs]
84376.782: [GC 2202659K->2141449K(2477056K), 0.1350140 secs]
84379.988: [GC 2236745K->2126029K(2477056K), 0.1045680 secs]
84383.593: [GC 2219777K->2172284K(2477056K), 0.1045710 secs]
84391.086: [GC 2267580K->2223615K(2401408K), 0.1105510 secs]
84391.197: [Full GC 2223615K->2051877K(2401408K), 2.6874280 secs]
84409.135: [GC 2143512K->2052799K(2474944K), 0.0428000 secs]
84411.132: [GC 2147967K->2085810K(2415680K), 0.1051820 secs]
84415.973: [GC 2180969K->2117483K(2466752K), 0.0975090 secs]
84438.742: [GC 2209835K->2116438K(2473536K), 0.1233690 secs]
84441.971: [GC 2208791K->2149428K(2477056K), 0.1202170 secs]
84442.097: [GC 2150333K->2149592K(2477056K), 0.1005070 secs]
84447.728: [GC 2238206K->2181418K(2477056K), 0.1089640 secs]
84450.529: [GC 2276714K->2246091K(2477056K), 0.1076870 secs]
84462.798: [GC 2335696K->2240244K(2477056K), 0.0987660 secs]
84462.897: [Full GC 2240244K->1319244K(2477056K), 1.9761960 secs]
84475.889: [GC 1414540K->1329769K(2477056K), 0.0777500 secs]
84477.029: [GC 1425065K->1415935K(2477056K), 0.0979740 secs]
84479.421: [GC 1511231K->1426128K(2477056K), 0.1355370 secs]
84501.990: [GC 1521424K->1458322K(2477056K), 0.0765540 secs]
84505.554: [GC 1553609K->1490522K(2477056K), 0.0631080 secs]
84523.476: [GC 1585818K->1522446K(2477056K), 0.1012550 secs]
84548.498: [GC 1617742K->1541782K(2401344K), 0.0782310 secs]
84600.475: [GC 1637072K->1580704K(2479296K), 0.1126820 secs]
84670.076: [GC 1680480K->1581006K(2406592K), 0.0618340 secs]
84698.073: [GC 1680782K->1599918K(2475648K), 0.0796780 secs]
84736.039: [GC 1705070K->1600879K(2474944K), 0.0935640 secs]
84741.717: [GC 1706031K->1640087K(2464832K), 0.1461600 secs]
84805.232: [GC 1736663K->1620343K(2442688K), 0.1192760 secs]
84825.608: [GC 1716919K->1658354K(2477056K), 0.1933570 secs]
84876.627: [GC 1753644K->1678028K(2477056K), 0.0944540 secs]
84891.766: [GC 1773320K->1724542K(2477056K), 0.1318370 secs]
84904.685: [GC 1819838K->1744560K(2477056K), 0.1130670 secs]
84915.125: [GC 1839856K->1799208K(2477056K), 0.1374750 secs]
84939.703: [GC 1894499K->1854461K(2409664K), 0.0897370 secs]
84945.390: [GC 1948882K->1893084K(2474112K), 0.1077300 secs]
84966.175: [GC 1986905K->1948187K(2475584K), 0.1574200 secs]
84988.774: [GC 2042011K->1975958K(2476800K), 0.1254170 secs]
85012.683: [GC 2055598K->1976498K(2476992K), 0.1511510 secs]
85014.323: [GC 2054606K->1995926K(2476608K), 0.1513460 secs]
85026.656: [GC 2091219K->2050790K(2477056K), 0.1417110 secs]
85038.283: [GC 2140203K->2114279K(2477056K), 0.1710540 secs]
85071.644: [GC 2187427K->2108129K(2477056K), 0.1195430 secs]
85082.573: [GC 2199847K->2163529K(2477056K), 0.0786310 secs]
85100.910: [GC 2258825K->2174429K(2477056K), 0.0926650 secs]
85124.487: [GC 2269725K->2182705K(2477056K), 0.1006670 secs]
85133.410: [GC 2277876K->2238726K(2477056K), 0.1722530 secs]
85133.582: [Full GC 2238726K->1879246K(2477056K), 1.3069010 secs]
85150.666: [GC 1974208K->1907115K(2476160K), 0.0962410 secs]
85160.202: [GC 1999535K->1962212K(2476608K), 0.0960010 secs]
85189.989: [GC 2057505K->1985135K(2477056K), 0.1258590 secs]
85217.293: [GC 2080431K->2015061K(2477056K), 0.1497350 secs]
85247.039: [GC 2110357K->2032219K(2477056K), 0.1188480 secs]
85283.572: [GC 2127050K->2060261K(2477056K), 0.1006420 secs]
85284.025: [GC 2155557K->2067709K(2475904K), 0.0774210 secs]
85287.360: [GC 2163000K->2094969K(2401664K), 0.0832190 secs]
85296.957: [GC 2172945K->2102315K(2476160K), 0.0920660 secs]
85298.041: [GC 2200939K->2164509K(2474560K), 0.0909020 secs]
85299.404: [GC 2260051K->2164501K(2477440K), 0.1581510 secs]
85304.595: [GC 2260181K->2233774K(2477056K), 0.1372220 secs]
85305.126: [GC-- 2329454K->2426230K(2477056K), 0.2407790 secs]
85305.367: [Full GC 2426230K->767518K(2086528K), 1.6373060 secs]
85307.400: [GC 863198K->767566K(2086528K), 0.0217630 secs]
85307.807: [GC 862862K->767578K(2086528K), 0.0346120 secs]
85308.374: [GC 862874K->767610K(2086528K), 0.0484860 secs]
85323.148: [GC 862906K->774455K(1998208K), 0.0335820 secs]
85323.546: [GC 869751K->774359K(2087424K), 0.0204510 secs]
85323.895: [GC 872727K->774367K(2084352K), 0.0281950 secs]
85324.875: [GC 865141K->781918K(2086912K), 0.0355700 secs]
85325.745: [GC 889502K->823414K(2085248K), 0.0569030 secs]
85326.164: [GC 930998K->823358K(2096512K), 0.0583750 secs]
85326.624: [GC 943358K->823358K(2097088K), 0.0283280 secs]
85327.109: [GC 943358K->823390K(2096448K), 0.0325470 secs]
85327.598: [GC 950238K->823702K(2097216K), 0.0195180 secs]
85328.044: [GC 950550K->823438K(2102976K), 0.0278020 secs]
85328.560: [GC 963982K->823436K(2103808K), 0.0319940 secs]
85329.061: [GC 963980K->823396K(2110144K), 0.0307790 secs]
85421.691: [GC 977262K->843340K(2110976K), 0.0734100 secs]
85497.810: [GC 998092K->882000K(2119232K), 0.0918090 secs]
85565.024: [GC 1048526K->939658K(2101568K), 0.1172250 secs]
85637.676: [GC 1106186K->958832K(2121472K), 0.0740970 secs]
85703.381: [GC 1121136K->978818K(2078656K), 0.0897920 secs]
85806.142: [GC 1141122K->997762K(2111488K), 0.0912850 secs]
85879.020: [GC 1155458K->1017506K(2112704K), 0.1062750 secs]
85948.173: [GC 1175202K->1036115K(2087744K), 0.1346910 secs]
85974.177: [GC 1158797K->1075133K(2096960K), 0.1517250 secs]
86020.729: [GC 1197821K->1074719K(2084928K), 0.1149860 secs]
86047.786: [GC 1178847K->1094295K(2090944K), 0.0861660 secs]
86109.153: [GC 1191063K->1115721K(2082496K), 0.1128180 secs]
86166.907: [GC 1213833K->1117922K(2057344K), 0.1273130 secs]
86172.757: [GC 1216034K->1123337K(2086528K), 0.1623950 secs]
86175.991: [GC 1218633K->1146558K(2086528K), 0.2118360 secs]
86181.028: [GC 1241854K->1152170K(2086528K), 0.2740760 secs]
86188.140: [GC 1247466K->1160828K(2086528K), 0.2480770 secs]
86194.073: [GC 1256124K->1169447K(2086528K), 0.4019710 secs]
86198.531: [GC 1264743K->1176108K(2086528K), 0.2018170 secs]
86199.782: [GC 1271404K->1184660K(2086528K), 0.0787060 secs]
86200.492: [GC 1279594K->1192814K(2005184K), 0.1320590 secs]
86201.354: [GC 1288110K->1197570K(2085888K), 0.1804980 secs]
86246.773: [GC 1291544K->1218346K(2084032K), 0.1237630 secs]
86301.810: [GC 1314992K->1239576K(2085568K), 0.0856310 secs]
86303.644: [GC 1343062K->1295346K(2084224K), 0.0762970 secs]
86306.597: [GC 1398813K->1311270K(2081280K), 0.0974830 secs]
86313.504: [GC 1406566K->1248168K(2086528K), 0.0701150 secs]
86343.321: [GC 1343464K->1267212K(2077440K), 0.0786780 secs]
86382.417: [GC 1362506K->1306230K(2081984K), 0.0978610 secs]
86449.644: [GC 1400897K->1307180K(2081984K), 0.0437060 secs]
86468.070: [GC 1408156K->1326132K(2084736K), 0.0839240 secs]
86470.130: [GC 1430452K->1361557K(2082112K), 0.0945040 secs]
86481.958: [GC 1468501K->1325292K(2088320K), 0.0673560 secs]
86496.133: [GC 1432231K->1381940K(2085760K), 0.1186300 secs]
86497.053: [GC 1487476K->1405178K(2081664K), 0.0987400 secs]
86498.148: [GC 1501039K->1444956K(2086528K), 0.1300100 secs]
86504.115: [GC 1540252K->1508708K(2086528K), 0.1904860 secs]
86504.714: [GC 1604004K->1572282K(2086528K), 0.1499910 secs]
86505.274: [GC 1667578K->1572334K(2086528K), 0.0702870 secs]
86505.722: [GC 1667630K->1572322K(2086528K), 0.1065190 secs]
86506.203: [GC 1667618K->1572286K(2086528K), 0.0818770 secs]
86507.136: [GC 1667582K->1572342K(2086528K), 0.0780080 secs]
86516.889: [GC 1667633K->1592920K(2086528K), 0.0855800 secs]
86577.129: [GC 1688216K->1595825K(2086528K), 0.0962810 secs]
86583.369: [GC 1691121K->1604038K(1999808K), 0.1655630 secs]
86589.495: [GC 1699334K->1612379K(2090304K), 0.1508380 secs]
86591.688: [GC 1712666K->1642516K(2027136K), 0.1293460 secs]
86597.327: [GC 1742932K->1642845K(2089408K), 0.1288850 secs]
86604.810: [GC 1750365K->1652619K(2084992K), 0.1569870 secs]
86606.498: [GC 1760139K->1663157K(2091904K), 0.1689660 secs]
86607.485: [GC 1785973K->1673113K(2091456K), 0.1689600 secs]
86656.965: [GC 1789612K->1675756K(2101504K), 0.1599110 secs]
86717.923: [GC 1817196K->1698423K(2102464K), 0.1321060 secs]
86726.657: [GC 1834091K->1725568K(2116032K), 0.1769960 secs]
86740.212: [GC 1882944K->1756752K(2115328K), 0.2653550 secs]
86754.681: [GC 1914128K->1769771K(2116352K), 0.2289730 secs]
86767.521: [GC 1934379K->1784174K(2115648K), 0.1877630 secs]
86768.828: [GC 1948782K->1795343K(2123584K), 0.2267360 secs]
86835.803: [GC 1973455K->1827472K(2122688K), 0.2388400 secs]
86848.426: [GC 2005236K->1844224K(2130112K), 0.2725160 secs]
86848.699: [Full GC 1844224K->753738K(2079040K), 2.0269520 secs]
86862.964: [GC 933770K->771777K(2043008K), 0.2556470 secs]
86866.678: [GC 951809K->801006K(2072768K), 0.2000610 secs]
86868.079: [GC 980526K->815072K(2073600K), 0.2256060 secs]
86933.239: [GC 994387K->845224K(2078592K), 0.1587230 secs]
87001.336: [GC 1015110K->836708K(2079744K), 0.0777520 secs]
87051.763: [GC 1023844K->856162K(2078784K), 0.0512810 secs]
87087.425: [GC 1045794K->875122K(2080512K), 0.0601230 secs]
87162.378: [GC 1064754K->896047K(2082368K), 0.0937340 secs]
87253.395: [GC 1092335K->915477K(2083200K), 0.0957170 secs]
87314.998: [GC 1111765K->934157K(2079232K), 0.1261550 secs]
87347.477: [GC 1128013K->935126K(2079808K), 0.0930700 secs]
87357.648: [GC 1128982K->953989K(2072704K), 0.1154040 secs]
87374.392: [GC 1131077K->954477K(2063168K), 0.0842060 secs]
87392.381: [GC 1131565K->955830K(2067904K), 0.1278840 secs]
87417.270: [GC 1121526K->994476K(2053376K), 0.1060510 secs]
87457.157: [GC 1160172K->995926K(2064384K), 0.0893150 secs]
87551.776: [GC 1153174K->1015630K(2066112K), 0.1193020 secs]
87592.951: [GC 1172878K->1035622K(2035136K), 0.1215450 secs]
87637.843: [GC 1161254K->1054775K(2034304K), 0.1379490 secs]
87672.313: [GC 1180407K->1055279K(2036352K), 0.1078420 secs]
87689.469: [GC 1161199K->1058176K(2018048K), 0.1441100 secs]
87694.525: [GC 1164096K->1076361K(2034496K), 0.1472940 secs]
87752.795: [GC 1171657K->1078746K(2035456K), 0.1527560 secs]
87759.022: [GC 1171814K->1096682K(2035456K), 0.1787850 secs]
87825.033: [GC 1191978K->1097330K(2035456K), 0.2105160 secs]
87850.456: [GC 1192626K->1134911K(2035456K), 0.1635340 secs]
87896.551: [GC 1230192K->1181763K(2035456K), 0.1736520 secs]
87963.514: [GC 1276573K->1174414K(2035456K), 0.0905730 secs]
87994.819: [GC 1269710K->1192954K(2035456K), 0.1442900 secs]
88034.725: [GC 1281751K->1219837K(2035456K), 0.1779980 secs]
88103.254: [GC 1304220K->1231658K(2035456K), 0.1297920 secs]
88150.334: [GC 1326954K->1269956K(2035456K), 0.1193120 secs]
88171.058: [GC 1362681K->1316264K(2035456K), 0.1193970 secs]
88238.959: [GC 1401548K->1328382K(2035456K), 0.1120670 secs]
88304.456: [GC 1423675K->1385770K(2035456K), 0.1143080 secs]
88318.131: [GC 1481060K->1385662K(2035456K), 0.0999990 secs]
88373.817: [GC 1480952K->1405525K(2035456K), 0.0831590 secs]
88441.444: [GC 1488297K->1406149K(2035456K), 0.0656710 secs]
88464.341: [GC 1501445K->1444231K(2035456K), 0.0579430 secs]
88508.884: [GC 1539523K->1444738K(2035456K), 0.0865220 secs]
88536.149: [GC 1540034K->1463872K(2035456K), 0.1307670 secs]
88577.695: [GC 1559163K->1483372K(2035456K), 0.0549340 secs]
88645.334: [GC 1562001K->1502810K(2035456K), 0.0958200 secs]
88676.664: [GC 1598106K->1521826K(2035456K), 0.0662370 secs]
88714.157: [GC 1617122K->1542086K(1960704K), 0.0825370 secs]
88726.973: [GC 1637380K->1611586K(2030976K), 0.1247060 secs]
88781.283: [GC 1701755K->1576908K(2033216K), 0.1676030 secs]
88827.735: [GC 1669964K->1615076K(2035456K), 0.1057710 secs]
88852.511: [GC 1710372K->1615904K(2035456K), 0.0770730 secs]
88922.814: [GC 1711195K->1634839K(2031232K), 0.0620310 secs]
88991.208: [GC 1729961K->1635901K(1961152K), 0.0862570 secs]
89025.604: [GC 1730218K->1653677K(2026048K), 0.0758030 secs]
89061.655: [GC 1751469K->1673517K(2028672K), 0.1297560 secs]
89129.302: [GC 1753353K->1673535K(2032768K), 0.1600620 secs]
89160.003: [GC 1770623K->1692437K(2019456K), 0.1399170 secs]
89199.714: [GC 1786284K->1719711K(2035456K), 0.1497750 secs]
89255.846: [GC 1815007K->1738749K(2035456K), 0.1397150 secs]
89289.848: [GC 1834045K->1757908K(2035456K), 0.1165810 secs]
89338.299: [GC 1846039K->1785072K(1986816K), 0.1220530 secs]
89406.759: [GC 1870652K->1777812K(2030848K), 0.1092930 secs]
89444.172: [GC 1874814K->1798660K(2032192K), 0.1047820 secs]
89466.249: [GC 1896772K->1824444K(2031040K), 0.1322360 secs]
89481.191: [GC 1919740K->1862688K(2035456K), 0.1528440 secs]
89481.344: [Full GC 1862688K->657563K(1951296K), 1.4997750 secs]
89518.692: [GC 748547K->720567K(1951296K), 0.0807140 secs]
89543.353: [GC 812805K->719979K(1951296K), 0.0861020 secs]
89592.148: [GC 815275K->760060K(1951296K), 0.1448070 secs]
89597.842: [GC 816171K->787745K(1951296K), 0.0736910 secs]
89598.883: [GC 880506K->880125K(1951296K), 0.0808450 secs]
89615.677: [GC 975416K->907509K(1951296K), 0.2163920 secs]
89666.169: [GC 990258K->899663K(1951296K), 0.0652140 secs]
89687.851: [GC 993940K->956273K(1951296K), 0.0616280 secs]
89720.957: [GC 1051569K->946453K(1951296K), 0.0732720 secs]
89758.071: [GC 1063778K->1013030K(1951296K), 0.0984820 secs]
89791.208: [GC 1107340K->993913K(1951296K), 0.0436050 secs]
89792.203: [GC 1089203K->1085844K(1951296K), 0.1100130 secs]
89806.669: [GC 1138184K->1039701K(1951296K), 0.0732140 secs]
89807.675: [GC 1132375K->1132117K(1951296K), 0.0879600 secs]
89823.933: [GC 1227399K->1178414K(1951296K), 0.1468990 secs]
89830.920: [GC 1273280K->1227297K(1951296K), 0.1026890 secs]
89831.423: [GC 1326042K->1286965K(1951296K), 0.0604400 secs]
89841.471: [GC 1362525K->1307228K(1951296K), 0.1418150 secs]
89842.559: [GC 1400013K->1399640K(1951296K), 0.1233410 secs]
89859.886: [GC 1494929K->1445945K(1951296K), 0.1467500 secs]
89878.502: [GC 1540039K->1446119K(1951296K), 0.1666870 secs]
89879.615: [GC 1538876K->1538527K(1951296K), 0.1077200 secs]
89897.830: [GC 1633820K->1538641K(1951296K), 0.2123260 secs]
89900.982: [GC 1621250K->1585249K(1951296K), 0.1003000 secs]
89904.045: [GC 1667738K->1623298K(1951296K), 0.0850210 secs]
89915.805: [GC 1718079K->1635855K(1951296K), 0.0677610 secs]
89917.114: [GC 1731135K->1724449K(1951296K), 0.1785950 secs]
89917.293: [Full GC 1724449K->1238520K(2477056K), 1.9134530 secs]
89938.062: [GC 1304129K->1238738K(2477056K), 0.0816480 secs]
89939.126: [GC 1331523K->1331132K(2477056K), 0.1068170 secs]
89958.005: [GC 1380674K->1331394K(2477056K), 0.1177310 secs]
89959.085: [GC 1424275K->1423821K(2477056K), 0.0979080 secs]
89969.678: [GC 1519077K->1451441K(2477056K), 0.1347210 secs]
89977.057: [GC 1506104K->1464901K(2477056K), 0.0656890 secs]
89977.483: [GC 1560206K->1582801K(2477056K), 0.1392660 secs]
89987.967: [GC 1678090K->1629039K(2477056K), 0.1358190 secs]
89997.992: [GC 1724325K->1721664K(2477056K), 0.1525920 secs]
90017.505: [GC 1802161K->1721680K(2477056K), 0.1279370 secs]
90018.599: [GC 1814456K->1814094K(2477056K), 0.1038200 secs]
90037.713: [GC 1868507K->1814448K(2477056K), 0.2496190 secs]
90038.886: [GC 1909744K->1907320K(2477056K), 0.1467770 secs]
90042.081: [GC 2002616K->1926967K(2477056K), 0.2991050 secs]
90053.476: [GC 2015273K->1981095K(2477056K), 0.1260620 secs]
90057.616: [GC 2076382K->2019852K(2477056K), 0.1463810 secs]
90077.615: [GC 2109765K->2066123K(2477056K), 0.1605210 secs]
90078.734: [GC 2158756K->2158525K(2477056K), 0.1487770 secs]
90094.288: [GC 2218646K->2158724K(2477056K), 0.2153670 secs]
90094.503: [Full GC 2158724K->1494148K(2477056K), 2.0900410 secs]
90097.523: [GC 1589437K->1540419K(2477056K), 0.0892720 secs]
90111.049: [GC 1628652K->1606586K(2477056K), 0.1383890 secs]
90113.350: [GC 1661879K->1626465K(2477056K), 0.0729040 secs]
90114.319: [GC 1721746K->1672114K(2477056K), 0.0938410 secs]
90126.333: [GC 1767407K->1727542K(2477056K), 0.1391830 secs]
90128.993: [GC 1780015K->1727610K(2477056K), 0.1100250 secs]
90130.059: [GC 1820438K->1773797K(2477056K), 0.0933910 secs]
90144.489: [GC 1869093K->1820150K(2477056K), 0.1441140 secs]
90160.155: [GC 1914442K->1866434K(2477056K), 0.1782770 secs]
90161.250: [GC 1959140K->1958802K(2477056K), 0.1129850 secs]
90175.143: [GC 2054080K->1958940K(2477056K), 0.1192920 secs]
90179.330: [GC 2039898K->1959334K(2477056K), 0.1228090 secs]
90191.592: [GC 2052120K->1982322K(2477056K), 0.0713780 secs]
90192.637: [GC 2077603K->2024445K(2477056K), 0.1057890 secs]
90199.360: [GC 2119741K->2052172K(2477056K), 0.1022460 secs]
90208.920: [GC 2109995K->2079909K(2477056K), 0.1127490 secs]
90210.004: [GC 2172657K->2172320K(2477056K), 0.1184370 secs]
90226.796: [GC 2226377K->2126346K(2477056K), 0.1171990 secs]
90227.843: [GC 2219383K->2218719K(2477056K), 0.1599100 secs]
90242.700: [GC 2314011K->2265104K(2477056K), 0.2527750 secs]
90242.953: [Full GC 2265104K->1903248K(2477056K), 2.5906460 secs]
90248.646: [GC 1988517K->1903971K(2477056K), 0.0565920 secs]
90263.696: [GC 1992787K->1926759K(2477056K), 0.0866790 secs]
90264.958: [GC 2022053K->2015109K(2477056K), 0.1142470 secs]
90272.135: [GC 2110397K->1996632K(2477056K), 0.0978690 secs]
90280.854: [GC 2048680K->2024376K(2477056K), 0.1086080 secs]
90281.891: [GC 2117018K->2116780K(2477056K), 0.1116680 secs]
90296.700: [GC 2167025K->2116950K(2477056K), 0.1521360 secs]
90297.780: [GC 2209731K->2209364K(2477056K), 0.1226450 secs]
90312.037: [GC 2258641K->2209546K(2477056K), 0.1157430 secs]
90312.153: [Full GC 2209546K->1835894K(2477056K), 2.4629650 secs]
90315.525: [GC 1931173K->1882341K(2477056K), 0.1179230 secs]
90317.818: [GC 1973539K->1955594K(2477056K), 0.1643650 secs]
90330.950: [GC 2010432K->1947890K(2477056K), 0.0627930 secs]
90332.154: [GC 2043185K->2040324K(2477056K), 0.1603320 secs]
90345.649: [GC 2091081K->2040576K(2477056K), 0.1230120 secs]
90346.726: [GC 2134391K->2086766K(2477056K), 0.0863710 secs]
90359.040: [GC 2175689K->2160853K(2477056K), 0.1423170 secs]
90359.183: [Full GC 2160853K->2021830K(2477056K), 0.9629760 secs]
90365.024: [GC 2071159K->2029820K(2477056K), 0.0885290 secs]
90366.066: [GC 2122829K->2122226K(2477056K), 0.1268310 secs]
90377.977: [GC 2217513K->2122416K(2477056K), 0.2057630 secs]
90385.782: [GC 2200584K->2169006K(2477056K), 0.1505550 secs]
90385.933: [Full GC 2169006K->1770309K(2477056K), 2.4011410 secs]
90397.117: [GC 1862655K->1817094K(2477056K), 0.1254430 secs]
90398.423: [GC 1912389K->1882156K(2477056K), 0.1199480 secs]
90411.787: [GC 1977443K->1882308K(2477056K), 0.1054960 secs]
90427.137: [GC 1968166K->1928535K(2477056K), 0.1155650 secs]
90428.175: [GC 2021270K->2020951K(2477056K), 0.1578800 secs]
90439.900: [GC 2116244K->2021137K(2477056K), 0.1328490 secs]
90457.360: [GC 2110042K->2067726K(2477056K), 0.1329270 secs]
90458.466: [GC 2154056K->2131434K(2477056K), 0.0961300 secs]
90505.475: [GC 2226730K->2114865K(2477056K), 0.1039030 secs]
90528.269: [GC 2210161K->2154058K(2477056K), 0.1520630 secs]
90531.039: [GC 2242878K->2188542K(2477056K), 0.0934290 secs]
90595.171: [GC 2283830K->2200776K(2477056K), 0.1419360 secs]
90595.313: [Full GC 2200776K->2067860K(2477056K), 2.6678960 secs]
90604.561: [GC 2163147K->2095677K(2477056K), 0.1114190 secs]
90668.633: [GC 2183703K->2123802K(2477056K), 0.0863240 secs]
90678.039: [GC 2212895K->2161821K(2475392K), 0.0837970 secs]
90737.394: [GC 2257117K->2170516K(2476224K), 0.0843420 secs]
90751.724: [GC 2265496K->2189876K(2475520K), 0.1226130 secs]
90785.217: [GC 2285172K->2217316K(2477056K), 0.1587130 secs]
90785.376: [Full GC 2217316K->798884K(2126912K), 1.6458040 secs]
90810.902: [GC 894180K->818964K(2125248K), 0.0843740 secs]
90826.354: [GC 908829K->873844K(2126080K), 0.1017650 secs]
90880.418: [GC 969137K->865967K(2126912K), 0.0843800 secs]
90899.420: [GC 961259K->920897K(2126912K), 0.1425330 secs]
90948.277: [GC 1012980K->921433K(2126912K), 0.0860910 secs]
90976.159: [GC 1016285K->941171K(2126912K), 0.0916300 secs]
90993.270: [GC 1036467K->987111K(2120384K), 0.1104740 secs]
91019.352: [GC 1082407K->1007750K(2123648K), 0.1025480 secs]
91049.531: [GC 1103044K->1061823K(2122816K), 0.1113760 secs]
91088.137: [GC 1156670K->1053737K(2126464K), 0.1078320 secs]
91122.548: [GC 1122041K->1100213K(2126912K), 0.1503890 secs]
91154.904: [GC 1195509K->1155761K(2126912K), 0.0843560 secs]
91179.979: [GC 1251057K->1147117K(2126912K), 0.1072380 secs]
91210.778: [GC 1235154K->1210042K(2126912K), 0.1496020 secs]
91226.610: [GC 1305245K->1203333K(2126912K), 0.1081070 secs]
91279.341: [GC 1298629K->1228936K(2047488K), 0.0723150 secs]
91286.783: [GC 1324232K->1256633K(2126784K), 0.1056770 secs]
91298.472: [GC 1368348K->1292845K(2125696K), 0.0880430 secs]
91333.994: [GC 1391085K->1326692K(2128128K), 0.1094200 secs]
91358.139: [GC 1424932K->1354844K(2126912K), 0.1482430 secs]
91366.955: [GC 1452617K->1402016K(2124864K), 0.1129940 secs]
91431.219: [GC 1494638K->1376764K(2126912K), 0.1039300 secs]
91434.348: [GC 1472060K->1402573K(2126912K), 0.1162130 secs]
91462.589: [GC 1497869K->1448973K(2126912K), 0.1174350 secs]
91504.486: [GC 1550997K->1496591K(2124224K), 0.1130810 secs]
91506.986: [GC 1591723K->1496857K(2125568K), 0.0896310 secs]
91574.593: [GC 1590870K->1515953K(2120512K), 0.0880480 secs]
91591.459: [GC 1616363K->1570661K(2123840K), 0.1169770 secs]
91643.178: [GC 1671049K->1543863K(2128896K), 0.1084390 secs]
91664.341: [GC 1639569K->1564423K(2126912K), 0.1200580 secs]
91710.730: [GC 1661703K->1609611K(2127680K), 0.1922390 secs]
91726.900: [GC 1706123K->1628379K(2126912K), 0.1711430 secs]
91743.672: [GC 1724891K->1655989K(2126912K), 0.1863320 secs]
91783.564: [GC 1751285K->1676177K(2126912K), 0.1932280 secs]
91794.466: [GC 1766694K->1706557K(2126912K), 0.0894010 secs]
91803.083: [GC 1799998K->1737767K(2063104K), 0.0856190 secs]
91810.934: [GC 1830886K->1765551K(2125184K), 0.0950620 secs]
91812.403: [GC 1860716K->1827753K(2125312K), 0.1704380 secs]
91822.099: [GC 1922909K->1828121K(2126912K), 0.1590450 secs]
91837.935: [GC 1923411K->1890613K(2126912K), 0.1572630 secs]
91838.093: [Full GC 1890613K->1671542K(2477056K), 1.5965750 secs]
91854.663: [GC 1754505K->1672503K(2477056K), 0.0465620 secs]
91855.693: [GC 1774391K->1742189K(2477056K), 0.0956830 secs]
91872.711: [GC 1832941K->1723059K(2477056K), 0.0781580 secs]
91883.963: [GC 1817391K->1755366K(2477056K), 0.1055330 secs]
91890.339: [GC 1850121K->1784026K(2477056K), 0.0959230 secs]
91902.641: [GC 1879322K->1840758K(2477056K), 0.1068170 secs]
91908.819: [GC 1935976K->1911347K(2468992K), 0.1495950 secs]
91925.495: [GC 2006642K->1966361K(2473024K), 0.1145260 secs]
91928.509: [GC 2057920K->2006478K(2470016K), 0.1104150 secs]
91942.767: [GC 2102670K->2070293K(2477504K), 0.2118460 secs]
91958.021: [GC 2141573K->2102535K(2477440K), 0.1477530 secs]
91963.507: [GC 2195428K->2158243K(2442496K), 0.1109040 secs]
91981.538: [GC 2257930K->2197445K(2475968K), 0.1747210 secs]
91995.932: [GC 2292741K->2193823K(2477056K), 0.1552530 secs]
92000.645: [GC 2285583K->2214776K(2474752K), 0.1609660 secs]
92006.363: [GC 2310328K->2275564K(2476032K), 0.1929390 secs]
92006.556: [Full GC 2275564K->1118743K(2450880K), 1.7838940 secs]
92020.260: [GC 1209693K->1150483K(2447616K), 0.0627930 secs]
92037.925: [GC 1247056K->1209790K(2450112K), 0.1367150 secs]
92039.288: [GC 1307257K->1268592K(2452608K), 0.1041870 secs]
92057.452: [GC 1378661K->1300223K(2455040K), 0.0974570 secs]
92066.749: [GC 1410296K->1351028K(2462272K), 0.1120440 secs]
92077.111: [GC 1472206K->1413066K(2445760K), 0.1004410 secs]
92095.417: [GC 1922638K->1802326K(2465728K), 0.1539860 secs]
92112.485: [GC 2049085K->1966829K(2416448K), 0.1067710 secs]
92121.322: [GC 2079267K->1994161K(2453504K), 0.1881640 secs]
92129.017: [GC 2107416K->2054903K(2458624K), 0.1999270 secs]
92138.738: [GC 2169042K->2116789K(2456576K), 0.2462360 secs]
92144.573: [GC 2201988K->2134608K(2458816K), 0.1356760 secs]
92161.467: [GC 2238081K->2197079K(2452992K), 0.1244430 secs]
92161.591: [Full GC 2197079K->1487518K(2478144K), 2.1790530 secs]
92173.418: [GC 1590878K->1551015K(2453440K), 0.1035080 secs]
92177.129: [GC 1652254K->1559135K(2482304K), 0.1116790 secs]
92190.026: [GC 1661279K->1554623K(2478656K), 0.0848160 secs]
92193.394: [GC 1652094K->1601047K(2479104K), 0.1175490 secs]
92196.003: [GC 1702085K->1614519K(2479360K), 0.1298700 secs]
92209.674: [GC 1717617K->1662733K(2481216K), 0.1272220 secs]
92211.140: [GC 1763523K->1694289K(2480256K), 0.1107630 secs]
92226.646: [GC 1802186K->1756599K(2483136K), 0.1349100 secs]
92242.148: [GC 1873076K->1819094K(2481984K), 0.1238380 secs]
92260.088: [GC 1935564K->1819096K(2490240K), 0.0898240 secs]
92271.307: [GC 1939479K->1847089K(2435136K), 0.1200270 secs]
92277.465: [GC 1967470K->1878781K(2489664K), 0.0823460 secs]
92282.055: [GC 2003133K->1929708K(2486592K), 0.1037020 secs]
92295.923: [GC 2054060K->1979888K(2493312K), 0.1275630 secs]
92313.593: [GC 2114416K->2043592K(2492608K), 0.1762030 secs]
92326.991: [GC 2174831K->2073596K(2489728K), 0.1103210 secs]
92344.622: [GC 2203656K->2101317K(2484416K), 0.1853400 secs]
92347.372: [GC 2221158K->2132346K(2482816K), 0.1799000 secs]
92349.657: [GC 2247747K->2214268K(2484032K), 0.1564640 secs]
92351.019: [GC 2329656K->2222367K(2470080K), 0.1677870 secs]
92382.790: [GC 2317658K->2186903K(2477056K), 0.1124600 secs]
92382.903: [Full GC 2186903K->1854721K(2477056K), 2.4559270 secs]
92387.119: [GC 1936199K->1909156K(2477056K), 0.0789730 secs]
92389.685: [GC 2004426K->1924820K(2477056K), 0.1263590 secs]
92391.591: [GC 2020113K->1900981K(2477056K), 0.0703430 secs]
92393.131: [GC 1996270K->1925638K(2477056K), 0.0668880 secs]
92396.169: [GC 1991424K->1957040K(2477056K), 0.1018460 secs]
92397.229: [GC 2052328K->1988744K(2477056K), 0.1221650 secs]
92399.745: [GC 2084034K->1965936K(2477056K), 0.1579040 secs]
92401.622: [GC 2060698K->1990001K(2413504K), 0.0861570 secs]
92403.932: [GC 2085276K->2030608K(2476928K), 0.1089920 secs]
92405.399: [GC 2124737K->2000468K(2476992K), 0.0819000 secs]
92407.492: [GC 2095700K->2053854K(2477056K), 0.0861630 secs]
92410.565: [GC 2149126K->2038755K(2413632K), 0.0771960 secs]
92411.904: [GC 2134035K->2070478K(2476928K), 0.0869160 secs]
92415.995: [GC 2165701K->2127420K(2476992K), 0.1163440 secs]
92417.796: [GC 2222651K->2107983K(2477056K), 0.1037880 secs]
92419.270: [GC 2197112K->2155903K(2477056K), 0.1480850 secs]
92421.359: [GC 2257360K->2229342K(2477056K), 0.1425250 secs]
92422.303: [GC 2324667K->2254136K(2477056K), 0.1171700 secs]
92422.420: [Full GC 2254136K->1710869K(2477056K), 2.3173320 secs]
92424.740: [GC 1710957K->1710917K(2477056K), 0.0409600 secs]
92427.123: [GC 1806213K->1712967K(2477056K), 0.0432950 secs]
92431.444: [GC 1807320K->1720515K(2477056K), 0.0541770 secs]
92434.229: [GC 1805663K->1798696K(2477056K), 0.1127560 secs]
92435.297: [GC 1893992K->1806417K(2477056K), 0.1046130 secs]
92440.374: [GC 1895093K->1782817K(2477056K), 0.1472450 secs]
92441.713: [GC 1847559K->1806226K(2477056K), 0.0781870 secs]
92444.270: [GC 1901503K->1845261K(2477056K), 0.1410910 secs]
92446.105: [GC 1933345K->1796050K(2477056K), 0.0656470 secs]
92447.793: [GC 1891340K->1837333K(2477056K), 0.0857280 secs]
92450.388: [GC 1932627K->1852977K(2477056K), 0.0839600 secs]
92451.556: [GC 1948273K->1811685K(2477056K), 0.0498130 secs]
92454.068: [GC 1906979K->1846221K(2477056K), 0.0804090 secs]
92456.899: [GC 1941517K->1861779K(2477056K), 0.0924640 secs]
92458.120: [GC 1953087K->1831438K(2477056K), 0.1031650 secs]
92459.814: [GC 1926729K->1861609K(2477056K), 0.0742350 secs]
92462.766: [GC 1956892K->1900776K(2477056K), 0.1056630 secs]
92464.175: [GC 1996068K->1844075K(2477056K), 0.0758950 secs]
92465.996: [GC 1939371K->1892805K(2477056K), 0.0919090 secs]
92468.873: [GC 1988102K->1877402K(2477056K), 0.0788230 secs]
92469.814: [GC 1972712K->1884876K(2477056K), 0.0669280 secs]
92471.062: [GC 1980171K->1931770K(2477056K), 0.0857520 secs]
92473.817: [GC 2027041K->1947476K(2477056K), 0.0844100 secs]
92477.258: [GC 2042772K->1885608K(2477056K), 0.0399360 secs]
92483.001: [GC 1980774K->1907684K(2477056K), 0.0600220 secs]
92486.000: [GC 1988718K->1947315K(2477056K), 0.1517640 secs]
92487.126: [GC 2042608K->1955114K(2477056K), 0.1052810 secs]
92490.993: [GC 2050410K->1951840K(2477056K), 0.0886920 secs]
92494.260: [GC 2047136K->1998992K(2476160K), 0.1307930 secs]
92519.575: [GC 2094288K->2021882K(2476608K), 0.0863550 secs]
92563.193: [GC 2117178K->2025371K(2474240K), 0.0621680 secs]
92564.969: [GC 2111314K->2040396K(2475840K), 0.0808060 secs]
92571.868: [GC 2137100K->2067978K(2471040K), 0.1282700 secs]
92574.039: [GC 2173002K->2110971K(2473920K), 0.0993970 secs]
92583.788: [GC 2215995K->2067890K(2482816K), 0.0416010 secs]
92634.050: [GC 2170386K->2068590K(2484160K), 0.0747670 secs]
92638.724: [GC 2158763K->2087462K(2480064K), 0.0956040 secs]
92657.505: [GC 2209702K->2115318K(2485248K), 0.1181100 secs]
92705.491: [GC 2237558K->2136094K(2472192K), 0.1909530 secs]
92711.963: [GC 2241884K->2164206K(2469504K), 0.2216990 secs]
92763.291: [GC 2269998K->2181874K(2477056K), 0.1465300 secs]
92774.047: [GC 2277170K->2201506K(2477056K), 0.1679350 secs]
92804.035: [GC 2296803K->2216592K(2475136K), 0.1844880 secs]
92807.908: [GC 2311885K->2271967K(2476096K), 0.1460460 secs]
92840.796: [GC 2353933K->2244674K(2477056K), 0.1316300 secs]
92840.927: [Full GC 2244674K->1396835K(2477056K), 2.0351340 secs]
92871.385: [GC 1492131K->1435811K(2477056K), 0.0660900 secs]
92899.072: [GC 1531105K->1418281K(2477056K), 0.0771960 secs]
92913.508: [GC 1513578K->1437357K(2477056K), 0.0601980 secs]
92922.072: [GC 1519688K->1454880K(2477056K), 0.0689340 secs]
92943.506: [GC 1550176K->1510959K(2477056K), 0.1255240 secs]
92983.074: [GC 1606246K->1521601K(2474240K), 0.1079880 secs]
92996.152: [GC 1616893K->1529658K(2475648K), 0.0784500 secs]
93014.333: [GC 1624954K->1530529K(2475904K), 0.1026610 secs]
93032.531: [GC 1630049K->1531578K(2477184K), 0.0874790 secs]
93050.656: [GC 1631098K->1532474K(2478720K), 0.1125050 secs]
93059.424: [GC 1636474K->1550066K(2458176K), 0.1670520 secs]
93069.730: [GC 1644289K->1549266K(2476224K), 0.1778040 secs]
93082.009: [GC 1644562K->1596240K(2429504K), 0.1689710 secs]
93098.379: [GC 1691536K->1596064K(2478016K), 0.0908100 secs]
93120.677: [GC 1696217K->1616042K(2476480K), 0.1019500 secs]
93137.835: [GC 1716202K->1616912K(2475328K), 0.1068840 secs]
93144.165: [GC 1712203K->1642986K(2477056K), 0.1615400 secs]
93157.850: [GC 1738282K->1663890K(2477056K), 0.1463760 secs]
93187.731: [GC 1759186K->1691158K(2477056K), 0.1488470 secs]
93190.073: [GC 1781263K->1737316K(2477056K), 0.1386360 secs]
93198.799: [GC 1832612K->1738476K(2477056K), 0.1747360 secs]
93216.927: [GC 1833772K->1737063K(2477056K), 0.0852940 secs]
93219.155: [GC 1832201K->1800564K(2477056K), 0.1189920 secs]
93226.880: [GC 1876475K->1794318K(2477056K), 0.1046760 secs]
93228.425: [GC 1889614K->1826165K(2477056K), 0.1077070 secs]
93240.216: [GC 1921461K->1859120K(2477056K), 0.0882080 secs]
93248.786: [GC 1954416K->1865720K(2477056K), 0.0579290 secs]
93258.960: [GC 1961014K->1884779K(2477056K), 0.0838420 secs]
93267.771: [GC 1980075K->1883281K(2477056K), 0.0840380 secs]
93274.696: [GC 1948411K->1884490K(2477056K), 0.0442560 secs]
93277.493: [GC 1979786K->1948980K(2477056K), 0.1385310 secs]
93291.223: [GC 2044276K->1920185K(2477056K), 0.0727770 secs]
93293.197: [GC 2015477K->1952505K(2477056K), 0.0812780 secs]
93297.997: [GC 2047801K->1979719K(2477056K), 0.1076460 secs]
93307.441: [GC 2075015K->1981551K(2383936K), 0.0461850 secs]
93313.747: [GC 2076847K->1988463K(2480000K), 0.0722980 secs]
93324.056: [GC 2087727K->1988324K(2393024K), 0.0645870 secs]
93328.729: [GC 2086603K->2027136K(2471424K), 0.1117410 secs]
93337.347: [GC 2125824K->2009361K(2474048K), 0.0810570 secs]
93342.466: [GC 2077254K->2009790K(2468608K), 0.0774280 secs]
93344.956: [GC 2116734K->2042297K(2473024K), 0.1322900 secs]
93355.982: [GC 2149241K->2040916K(2478208K), 0.1594440 secs]
93370.176: [GC 2145044K->2042421K(2426048K), 0.1414800 secs]
93376.866: [GC 2146539K->2075217K(2470016K), 0.1075810 secs]
93389.989: [GC 2172177K->2073731K(2449600K), 0.1286710 secs]
93399.049: [GC 2170691K->2125722K(2477056K), 0.1538000 secs]
93411.918: [GC 2221014K->2189829K(2477056K), 0.1744130 secs]
93435.725: [GC 2285125K->2156957K(2477056K), 0.1168370 secs]
93441.817: [GC 2252248K->2189761K(2477056K), 0.1471490 secs]
93450.157: [GC 2285057K->2220839K(2477056K), 0.1371030 secs]
93450.294: [Full GC 2220839K->1111958K(2440256K), 1.8128900 secs]
93467.255: [GC 1207154K->1115870K(2440256K), 0.0490340 secs]
93470.144: [GC 1211166K->1135447K(2440256K), 0.0678120 secs]
93472.404: [GC 1230739K->1166825K(2377664K), 0.0886350 secs]
93485.140: [GC 1262121K->1198221K(2438208K), 0.0741300 secs]
93501.943: [GC 1266219K->1199926K(2438080K), 0.0515520 secs]
93503.459: [GC 1295350K->1232204K(2435712K), 0.0929140 secs]
93529.035: [GC 1333324K->1263049K(2438464K), 0.0802260 secs]
93534.901: [GC 1360269K->1265434K(2442304K), 0.0397770 secs]
93537.277: [GC 1376794K->1296929K(2445312K), 0.0644860 secs]
93541.664: [GC 1408289K->1316131K(2440960K), 0.0689290 secs]
93568.976: [GC 1435997K->1349539K(2446336K), 0.1397860 secs]
93574.096: [GC 1469411K->1382806K(2455040K), 0.0992240 secs]
93595.981: [GC 1514646K->1383766K(2455680K), 0.0365950 secs]
93601.941: [GC 1515606K->1415598K(2460352K), 0.0822950 secs]
93608.225: [GC 1553834K->1433923K(2440832K), 0.0793590 secs]
93619.043: [GC 1572163K->1433761K(2447104K), 0.0786520 secs]
93626.455: [GC 1552472K->1498620K(2435008K), 0.2465540 secs]
93643.470: [GC 1617340K->1466789K(2448576K), 0.0754170 secs]
93650.827: [GC 1545239K->1466922K(2390272K), 0.0977440 secs]
93654.724: [GC 1573546K->1499832K(2430656K), 0.1464600 secs]
93676.283: [GC 1585332K->1500008K(2438464K), 0.1216460 secs]
93679.860: [GC 1595908K->1551276K(2440256K), 0.1517220 secs]
93682.173: [GC 1646572K->1614965K(2440256K), 0.1585900 secs]
93686.710: [GC 1710257K->1589454K(2440256K), 0.0798970 secs]
93688.980: [GC 1684732K->1624571K(2440256K), 0.1313300 secs]
93710.023: [GC 1719867K->1610795K(2440256K), 0.0775560 secs]
93712.732: [GC 1702938K->1682159K(2440256K), 0.0920660 secs]
93738.903: [GC 1777455K->1676749K(2440256K), 0.0908660 secs]
93742.487: [GC 1772045K->1708297K(2440256K), 0.1061880 secs]
93745.650: [GC 1798635K->1748413K(2440256K), 0.1036590 secs]
93762.158: [GC 1843709K->1729689K(2440256K), 0.0767220 secs]
93767.709: [GC 1793393K->1730697K(2440256K), 0.0754430 secs]
93770.568: [GC 1825993K->1795286K(2440256K), 0.0837420 secs]
93794.142: [GC 1890582K->1764663K(2440256K), 0.1428800 secs]
93796.728: [GC 1859959K->1796486K(2377472K), 0.0725550 secs]
93814.951: [GC 1891778K->1847697K(2443840K), 0.1231560 secs]
93822.709: [GC 1946004K->1848852K(2439296K), 0.0961830 secs]
93824.540: [GC 1948692K->1913079K(2433024K), 0.0940840 secs]
93847.866: [GC 2003848K->1882484K(2439872K), 0.0641200 secs]
93850.608: [GC 1977396K->1914702K(2429760K), 0.0758560 secs]
93874.210: [GC 2010766K->1916294K(2435392K), 0.1446410 secs]
93876.447: [GC 2012358K->1947922K(2438336K), 0.0765890 secs]
93884.800: [GC 2055090K->1999292K(2441024K), 0.2043960 secs]
93898.174: [GC 2086091K->2019490K(2444096K), 0.0806350 secs]
93904.124: [GC 2138146K->2081483K(2446464K), 0.1098160 secs]
93924.931: [GC 2200130K->2083248K(2451584K), 0.1133310 secs]
93944.268: [GC 2197552K->2114182K(2364928K), 0.1468420 secs]
93950.711: [GC 2228486K->2146942K(2449664K), 0.0931380 secs]
93953.927: [GC 2258205K->2187201K(2440640K), 0.1170040 secs]
93977.712: [GC 2304193K->2198578K(2447552K), 0.1220420 secs]
93977.834: [Full GC 2198578K->1571323K(2484352K), 2.2141190 secs]
93984.346: [GC 1676603K->1603886K(2424384K), 0.0873950 secs]
94007.143: [GC 1709165K->1668897K(2478912K), 0.1307280 secs]
94020.203: [GC 1778145K->1699506K(2474944K), 0.1017820 secs]
94024.304: [GC 1808754K->1719394K(2479808K), 0.0919750 secs]
94032.120: [GC 1840024K->1783671K(2482624K), 0.1120350 secs]
94045.624: [GC 1904311K->1750467K(2491968K), 0.0954710 secs]
94055.404: [GC 1871363K->1784103K(2441472K), 0.0868370 secs]
94081.728: [GC 1904999K->1783186K(2487872K), 0.0796280 secs]
94087.634: [GC 1907369K->1856061K(2484032K), 0.1234360 secs]
94093.920: [GC 1981110K->1868240K(2491584K), 0.1102340 secs]
94105.598: [GC 2000909K->1875855K(2481024K), 0.1103430 secs]
94133.378: [GC 2008525K->1939671K(2471488K), 0.1975010 secs]
94156.150: [GC 2042263K->1906519K(2480704K), 0.0920720 secs]
94162.940: [GC 2009111K->1940147K(2469824K), 0.1177630 secs]
94165.118: [GC 2036842K->1960088K(2473216K), 0.1317160 secs]
94189.100: [GC 2056792K->1958793K(2477056K), 0.2034140 secs]
94193.417: [GC 2054078K->1990965K(2477056K), 0.1443840 secs]
94200.448: [GC 2086261K->1991115K(2477056K), 0.1265040 secs]
94225.886: [GC 2086406K->2022901K(2477056K), 0.1142160 secs]
94234.889: [GC 2118197K->2053295K(2477056K), 0.1378380 secs]
94238.801: [GC 2148591K->2073221K(2477056K), 0.1740500 secs]
94253.051: [GC 2168516K->2106351K(2477056K), 0.0831640 secs]
94258.776: [GC 2201647K->2137011K(2477056K), 0.1004710 secs]
94280.379: [GC 2232303K->2170091K(2477056K), 0.0825770 secs]
94307.435: [GC 2265387K->2169280K(2477056K), 0.1410930 secs]
94311.964: [GC 2264575K->2188256K(2477056K), 0.0655810 secs]
94317.885: [GC 2283543K->2221266K(2477056K), 0.1052970 secs]
94317.991: [Full GC 2221266K->1441697K(2477056K), 2.0565460 secs]
94342.428: [GC 1536993K->1443146K(2477056K), 0.0400630 secs]
94346.512: [GC 1538431K->1507172K(2477056K), 0.0944230 secs]
94372.845: [GC 1602465K->1507745K(2477056K), 0.1231910 secs]
94376.715: [GC 1603037K->1572282K(2477056K), 0.1316370 secs]
94378.246: [GC 1660423K->1575734K(2477056K), 0.1203400 secs]
94405.384: [GC 1671026K->1561102K(2477056K), 0.0634370 secs]
94408.081: [GC 1654217K->1632590K(2477056K), 0.0951780 secs]
94435.240: [GC 1727885K->1595333K(2477056K), 0.0903100 secs]
94437.686: [GC 1683444K->1666208K(2477056K), 0.1305690 secs]
94450.046: [GC 1742865K->1627459K(2477056K), 0.1023530 secs]
94462.526: [GC 1722755K->1666583K(2477056K), 0.1304220 secs]
94466.509: [GC 1760942K->1711392K(2477056K), 0.0968890 secs]
94492.658: [GC 1806688K->1712616K(2477056K), 0.1284570 secs]
94495.511: [GC 1807912K->1744816K(2477056K), 0.0850930 secs]
94521.543: [GC 1840112K->1777511K(2477056K), 0.1040770 secs]
94524.407: [GC 1872807K->1798224K(2402816K), 0.0673710 secs]
94525.680: [GC 1889856K->1869628K(2475648K), 0.1163450 secs]
94552.279: [GC 1964220K->1831543K(2476352K), 0.0738350 secs]
94556.238: [GC 1926135K->1863650K(2477056K), 0.0743820 secs]
94582.927: [GC 1958946K->1864267K(2383360K), 0.0728540 secs]
94588.303: [GC 1959558K->1896551K(2480832K), 0.0763750 secs]
94594.129: [GC 1995402K->1900571K(2390720K), 0.0783340 secs]
94604.664: [GC 2000603K->1915923K(2480128K), 0.0593950 secs]
94619.701: [GC 1996157K->1917591K(2475968K), 0.0694670 secs]
94624.216: [GC 2024599K->1982597K(2471808K), 0.1400330 secs]
94651.350: [GC 2061883K->1951245K(2481728K), 0.0868870 secs]
94655.717: [GC 2055885K->2016173K(2470272K), 0.1296660 secs]
94667.954: [GC 2111469K->2003314K(2477056K), 0.0932930 secs]
94682.824: [GC 2072132K->2023215K(2469888K), 0.0921580 secs]
94686.374: [GC 2122095K->2088080K(2475072K), 0.1326610 secs]
94716.086: [GC 2186076K->2090856K(2477056K), 0.1445790 secs]
94718.544: [GC 2186152K->2121009K(2414272K), 0.1102730 secs]
94738.159: [GC 2216296K->2140433K(2477440K), 0.0850360 secs]
94748.263: [GC 2240377K->2161211K(2472384K), 0.0835790 secs]
94753.593: [GC 2261563K->2193327K(2480000K), 0.1234200 secs]
94778.889: [GC 2276114K->2194544K(2479936K), 0.0819840 secs]
94778.971: [Full GC 2194544K->1588793K(2479936K), 2.2055980 secs]
94786.185: [GC 1701305K->1653952K(2472960K), 0.0815120 secs]
94808.473: [GC 1761147K->1642685K(2483008K), 0.0753130 secs]
94810.496: [GC 1749883K->1674498K(2471296K), 0.1137700 secs]
94838.496: [GC 1787074K->1707728K(2479488K), 0.1404150 secs]
94842.636: [GC 1820304K->1739922K(2485888K), 0.1327700 secs]
94874.765: [GC 1866002K->1775007K(2489408K), 0.1117240 secs]
94878.417: [GC 1900253K->1808268K(2492288K), 0.0814170 secs]
94902.484: [GC 1941836K->1826362K(2494592K), 0.1548010 secs]
94909.338: [GC 1959930K->1859617K(2496576K), 0.1279670 secs]
94936.951: [GC 1999649K->1923856K(2492096K), 0.1460820 secs]
94949.592: [GC 2063849K->1949511K(2497472K), 0.1148040 secs]
94968.465: [GC 2080830K->2006796K(2483392K), 0.1414040 secs]
94998.599: [GC 2138124K->2007329K(2488512K), 0.1078880 secs]
95005.463: [GC 2124779K->2036988K(2436672K), 0.0777230 secs]
95026.706: [GC 2155196K->2057500K(2487424K), 0.1367460 secs]
95032.334: [GC 2172401K->2097276K(2484032K), 0.1024690 secs]
95062.007: [GC 2208238K->2122664K(2492416K), 0.1494740 secs]
95086.409: [GC 2253032K->2185439K(2481472K), 0.0976840 secs]
95091.532: [GC 2315807K->2174916K(2481216K), 0.1025520 secs]
95094.088: [GC 2278062K->2232541K(2484416K), 0.1384420 secs]
95094.227: [Full GC 2232541K->1347162K(2484416K), 2.0276400 secs]
95124.815: [GC 1448350K->1356763K(2482240K), 0.0818500 secs]
95129.450: [GC 1469723K->1389842K(2483456K), 0.1067340 secs]
95155.508: [GC 1481668K->1390462K(2484544K), 0.0986230 secs]
95158.707: [GC 1509182K->1425440K(2484864K), 0.0575070 secs]
95179.177: [GC 1544160K->1473973K(2488640K), 0.1170080 secs]
95186.249: [GC 1597490K->1538811K(2489472K), 0.1076200 secs]
95216.841: [GC 1663495K->1539956K(2489472K), 0.1255870 secs]
95222.481: [GC 1660084K->1572963K(2439808K), 0.0727270 secs]
95239.142: [GC 1693091K->1623174K(2488896K), 0.0928180 secs]
95247.561: [GC 1746565K->1656562K(2485632K), 0.0708670 secs]
95278.230: [GC 1777747K->1656754K(2490304K), 0.0961140 secs]
95292.781: [GC 1787634K->1687193K(2490496K), 0.1053810 secs]
95305.807: [GC 1818073K->1707225K(2491392K), 0.1075430 secs]
95311.438: [GC 1841433K->1740188K(2474368K), 0.1496570 secs]
95342.547: [GC 1844514K->1739889K(2486080K), 0.1268650 secs]
95363.533: [GC 1859377K->1801874K(2438144K), 0.1243840 secs]
95370.972: [GC 1921362K->1855787K(2484672K), 0.1351810 secs]
95373.702: [GC 1971144K->1919551K(2470720K), 0.1239050 secs]
95399.891: [GC 2039103K->1889382K(2482048K), 0.0804430 secs]
95402.934: [GC 1997222K->1921285K(2426880K), 0.0762040 secs]
95429.318: [GC 2009104K->1922522K(2478976K), 0.0768020 secs]
95434.498: [GC 2030938K->1955737K(2479680K), 0.0983430 secs]
95453.573: [GC 2064153K->1974105K(2484800K), 0.1210640 secs]
95460.614: [GC 2087042K->2007168K(2483520K), 0.1119730 secs]
95486.747: [GC 2126912K->2008138K(2489472K), 0.0859930 secs]
95492.158: [GC 2137482K->2041493K(2490112K), 0.1379310 secs]
95512.058: [GC 2170837K->2061211K(2493696K), 0.1301280 secs]
95519.579: [GC 2200923K->2093277K(2494976K), 0.1668170 secs]
95547.598: [GC 2232978K->2125545K(2500736K), 0.0906820 secs]
95579.572: [GC 2275881K->2126976K(2501760K), 0.0809500 secs]
95582.451: [GC 2277312K->2177921K(2495296K), 0.0943510 secs]
95609.570: [GC 2297169K->2211154K(2432192K), 0.1161750 secs]
95609.687: [Full GC 2211154K->1621486K(2432192K), 2.0152180 secs]
95634.733: [GC 1764654K->1687865K(2480128K), 0.1377370 secs]
95641.812: [GC 1809913K->1687399K(2490432K), 0.1283810 secs]
95654.075: [GC 1809447K->1706596K(2480320K), 0.1545160 secs]
95669.968: [GC 1832731K->1739216K(2487424K), 0.0824940 secs]
95698.396: [GC 1864965K->1740309K(2496576K), 0.0580840 secs]
95722.068: [GC 1879508K->1769980K(2497920K), 0.0660850 secs]
95727.943: [GC 1909180K->1822588K(2494976K), 0.1153020 secs]
95734.536: [GC 1966460K->1855707K(2496960K), 0.0953650 secs]
95760.915: [GC 1995406K->1887903K(2502144K), 0.0950980 secs]
95793.128: [GC 2022234K->1888914K(2504192K), 0.0652110 secs]
95795.229: [GC 2043030K->1989350K(2491136K), 0.1307430 secs]
95824.997: [GC 2111707K->2015526K(2428864K), 0.1234890 secs]
95848.059: [GC 2155750K->2046323K(2501632K), 0.0698410 secs]
95856.527: [GC 2188403K->2079646K(2462400K), 0.1264540 secs]
95875.238: [GC 2221726K->2131152K(2500352K), 0.1198400 secs]
95885.655: [GC 2276176K->2164707K(2497408K), 0.1069760 secs]
95915.494: [GC 2302472K->2196144K(2503872K), 0.1059680 secs]
95935.681: [GC 2348780K->2214710K(2502336K), 0.1064900 secs]
95935.788: [Full GC 2214710K->1290219K(2502336K), 2.0170280 secs]
95945.842: [GC 1436920K->1363501K(2503680K), 0.1286560 secs]
95977.117: [GC 1495474K->1388031K(2505472K), 0.0829570 secs]
96002.255: [GC 1544127K->1419787K(2508352K), 0.0849350 secs]
96006.456: [GC 1578502K->1471903K(2498112K), 0.1120870 secs]
96038.240: [GC 1630623K->1472634K(2502016K), 0.0903970 secs]
96062.611: [GC 1619130K->1502841K(2465664K), 0.0627890 secs]
96072.494: [GC 1649337K->1537794K(2502208K), 0.1014710 secs]
96095.902: [GC 1686018K->1556003K(2501120K), 0.0820710 secs]
96118.082: [GC 1704227K->1605511K(2503936K), 0.1284820 secs]
96133.793: [GC 1759431K->1671450K(2502272K), 0.1777300 secs]
96152.831: [GC 1825370K->1720951K(2508672K), 0.1288710 secs]
96162.774: [GC 1883191K->1755390K(2507776K), 0.0962840 secs]
96189.916: [GC 1917630K->1819125K(2512448K), 0.1554710 secs]
96218.488: [GC 1986805K->1837602K(2511872K), 0.1420800 secs]
96247.707: [GC 2005282K->1868925K(2513408K), 0.0840210 secs]
96278.666: [GC 2039997K->1900408K(2512640K), 0.1331880 secs]
96290.137: [GC 2063577K->1921277K(2505600K), 0.1712460 secs]
96317.785: [GC 2086589K->1953057K(2504896K), 0.1226340 secs]
96347.634: [GC 2118369K->1984528K(2489792K), 0.2200210 secs]
96353.456: [GC 2115664K->2005425K(2478720K), 0.1267020 secs]
96357.076: [GC 2143345K->2038150K(2491520K), 0.1210600 secs]
96380.861: [GC 2166470K->2069120K(2416896K), 0.1315050 secs]
96388.081: [GC 2197440K->2102435K(2495040K), 0.0850750 secs]
96414.309: [GC 2203155K->2134771K(2490944K), 0.1033430 secs]
96438.799: [GC 2261939K->2197316K(2479040K), 0.1626590 secs]
96444.619: [GC 2306593K->2198416K(2486208K), 0.1431650 secs]
96475.100: [GC 2311178K->2233205K(2485184K), 0.1216310 secs]
96475.222: [Full GC 2233205K->1670081K(2485184K), 2.3376530 secs]
96482.121: [GC 1788289K->1704511K(2486976K), 0.0906190 secs]
96509.977: [GC 1822719K->1736970K(2484416K), 0.1440180 secs]
96536.563: [GC 1862474K->1736797K(2486016K), 0.0625540 secs]
96542.447: [GC 1862301K->1769213K(2492928K), 0.1083780 secs]
96570.221: [GC 1905849K->1802043K(2495040K), 0.1024230 secs]
96596.785: [GC 1937946K->1802150K(2498880K), 0.0765890 secs]
96618.682: [GC 1945318K->1864303K(2493824K), 0.1102500 secs]
96627.222: [GC 2007471K->1865807K(2496832K), 0.1171220 secs]
96654.713: [GC 1969708K->1898798K(2493824K), 0.0984840 secs]
96680.816: [GC 2030638K->1961646K(2478976K), 0.2055020 secs]
96687.061: [GC 2078062K->1994444K(2487616K), 0.1202960 secs]
96715.694: [GC 2110860K->1995876K(2484224K), 0.1176000 secs]
96721.986: [GC 2117028K->2028655K(2487872K), 0.0828780 secs]
96745.869: [GC 2149803K->2060939K(2485568K), 0.0896620 secs]
96774.641: [GC 2187386K->2060949K(2488896K), 0.0807300 secs]
96797.812: [GC 2189845K->2123208K(2480448K), 0.0898140 secs]
96805.408: [GC 2243197K->2124707K(2489408K), 0.1203690 secs]
96831.218: [GC 2244707K->2156782K(2486016K), 0.0936900 secs]
96835.975: [GC 2276537K->2228866K(2482944K), 0.1366810 secs]
96868.249: [GC 2338338K->2223407K(2482176K), 0.1125540 secs]
96868.361: [Full GC 2223407K->1090684K(2424832K), 1.7964190 secs]
96874.540: [GC 1196988K->1124007K(2368832K), 0.0871370 secs]
96902.120: [GC 1204138K->1156359K(2421632K), 0.0916540 secs]
96906.080: [GC 1263751K->1221400K(2420928K), 0.0908220 secs]
96934.082: [GC 1307799K->1190452K(2423616K), 0.0598110 secs]
96937.608: [GC 1292212K->1254719K(2395648K), 0.0933390 secs]
96970.077: [GC 1345066K->1255708K(2419712K), 0.1140130 secs]
96972.953: [GC 1351004K->1288177K(2357056K), 0.0680410 secs]
97002.005: [GC 1383473K->1291748K(2417984K), 0.0683770 secs]
97004.740: [GC 1384166K->1363074K(2416000K), 0.0908650 secs]
97033.380: [GC 1460354K->1358260K(2419712K), 0.1422870 secs]
97037.614: [GC 1453547K->1422217K(2419712K), 0.0975650 secs]
97066.447: [GC 1517513K->1390945K(2419712K), 0.0916920 secs]
97071.752: [GC 1486236K->1455024K(2419712K), 0.1289660 secs]
97101.433: [GC 1550320K->1423763K(2419712K), 0.0789600 secs]
97105.147: [GC 1519055K->1487882K(2419712K), 0.0951670 secs]
97119.717: [GC 1583178K->1489423K(2419712K), 0.1144660 secs]
97146.758: [GC 1584719K->1493547K(2419712K), 0.0417070 secs]
97152.756: [GC 1588839K->1558250K(2419712K), 0.1256800 secs]
97177.267: [GC 1653546K->1558026K(2419712K), 0.0949420 secs]
97184.183: [GC 1653322K->1622909K(2419712K), 0.1280140 secs]
97208.060: [GC 1718205K->1590871K(2419712K), 0.0817750 secs]
97215.113: [GC 1686167K->1655830K(2419712K), 0.0977400 secs]
97242.233: [GC 1751126K->1655705K(2419712K), 0.1390900 secs]
97248.373: [GC 1750989K->1720484K(2419712K), 0.1279910 secs]
97276.224: [GC 1815780K->1721037K(2419712K), 0.1373150 secs]
97281.169: [GC 1816324K->1753317K(2419712K), 0.0755570 secs]
97310.406: [GC 1848613K->1785835K(2419712K), 0.1158690 secs]
97315.398: [GC 1881127K->1818080K(2419712K), 0.0763150 secs]
97343.994: [GC 1913376K->1817922K(2419712K), 0.0771590 secs]
97350.799: [GC 1913206K->1882923K(2419712K), 0.1483420 secs]
97377.431: [GC 1978219K->1851208K(2419712K), 0.1099030 secs]
97384.064: [GC 1918995K->1852269K(2419712K), 0.0491340 secs]
97387.252: [GC 1947565K->1884750K(2357120K), 0.0791810 secs]
97418.555: [GC 1968516K->1885979K(2421568K), 0.1067560 secs]
97422.008: [GC 1984347K->1950715K(2418496K), 0.1327780 secs]
97453.408: [GC 2033044K->1919757K(2419712K), 0.0733300 secs]
97456.510: [GC 2015053K->1984139K(2419712K), 0.1109930 secs]
97484.427: [GC 2078099K->1953560K(2419712K), 0.0739470 secs]
97487.494: [GC 2048856K->1986088K(2419712K), 0.1068430 secs]
97518.435: [GC 2081384K->2019955K(2415616K), 0.1061960 secs]
97520.239: [GC 2115251K->2051501K(2417664K), 0.1017900 secs]
97552.322: [GC 2146793K->2053381K(2418304K), 0.0874170 secs]
97554.605: [GC 2156613K->2085277K(2419136K), 0.0822230 secs]
97585.483: [GC 2177865K->2086898K(2425344K), 0.0932870 secs]
97591.869: [GC 2202034K->2120371K(2425792K), 0.1423970 secs]
97617.874: [GC 2235507K->2152539K(2431296K), 0.0948640 secs]
97646.774: [GC 2276827K->2151988K(2431872K), 0.0803870 secs]
97646.855: [Full GC 2151988K->1531426K(2489216K), 2.1909440 secs]
97655.224: [GC 1655714K->1564861K(2492800K), 0.0964700 secs]
97689.202: [GC 1695474K->1598338K(2492800K), 0.1526240 secs]
97720.439: [GC 1728962K->1598218K(2495104K), 0.0736670 secs]
97727.769: [GC 1733834K->1630637K(2495296K), 0.0956650 secs]
97762.043: [GC 1766246K->1663177K(2498112K), 0.0985800 secs]
97796.492: [GC 1803465K->1663822K(2498304K), 0.0652650 secs]
97822.469: [GC 1804110K->1694005K(2500032K), 0.1331100 secs]
97830.033: [GC 1837749K->1727019K(2499840K), 0.1019800 secs]
97861.937: [GC 1870761K->1759758K(2501888K), 0.1858050 secs]
97892.882: [GC 1904170K->1791585K(2501760K), 0.1737530 secs]
97923.504: [GC 1938849K->1823023K(2503808K), 0.1020380 secs]
97932.238: [GC 1973231K->1856156K(2503808K), 0.1473450 secs]
97963.749: [GC 2006354K->1888216K(2504256K), 0.0872870 secs]
97999.544: [GC 2032419K->1920263K(2504448K), 0.1021010 secs]
98027.867: [GC 2072455K->1983640K(2483840K), 0.1291540 secs]
98035.242: [GC 2115288K->1984110K(2495232K), 0.1436600 secs]
98070.572: [GC 2115751K->2016904K(2487488K), 0.1782470 secs]
98104.655: [GC 2151432K->2016351K(2492800K), 0.0816040 secs]
98112.749: [GC 2150879K->2050210K(2497664K), 0.0880610 secs]
98144.868: [GC 2192154K->2082806K(2498944K), 0.1235830 secs]
98176.823: [GC 2224758K->2083525K(2501376K), 0.1147230 secs]
98204.365: [GC 2229573K->2113276K(2501440K), 0.1210880 secs]
98215.703: [GC 2259324K->2147118K(2502400K), 0.1518440 secs]
98246.760: [GC 2296232K->2179684K(2501760K), 0.1031000 secs]
98280.129: [GC 2321614K->2179724K(2503808K), 0.1075530 secs]
98311.192: [GC 2332108K->2242711K(2504000K), 0.1245720 secs]
98340.014: [GC 2395095K->2241731K(2495040K), 0.1212120 secs]
98340.135: [Full GC 2241731K->1007284K(2282688K), 1.8329780 secs]
98349.896: [GC 1147371K->1080871K(2256192K), 0.1103530 secs]
98380.939: [GC 1197410K->1074460K(2285824K), 0.0574180 secs]
98406.276: [GC 1213020K->1104918K(2244608K), 0.0569000 secs]
98412.937: [GC 1236893K->1177342K(2282240K), 0.0994740 secs]
98445.491: [GC 1290758K->1202692K(2282752K), 0.0869120 secs]
98473.880: [GC 1339908K->1233450K(2272128K), 0.0682050 secs]
98479.996: [GC 1365551K->1273967K(2280128K), 0.0760510 secs]
98509.084: [GC 1382836K->1267458K(2288896K), 0.0931460 secs]
98536.065: [GC 1411778K->1298514K(2250752K), 0.0823960 secs]
98545.108: [GC 1441938K->1332058K(2287872K), 0.1466510 secs]
98576.579: [GC 1476877K->1364452K(2286464K), 0.0892930 secs]
98605.006: [GC 1509284K->1395698K(2288768K), 0.0812810 secs]
98615.815: [GC 1544370K->1429729K(2289536K), 0.0750890 secs]
98642.471: [GC 1578401K->1462079K(2280000K), 0.0804030 secs]
98674.600: [GC 1609156K->1464170K(2225216K), 0.0908650 secs]
98703.056: [GC 1610922K->1493463K(2282432K), 0.0701280 secs]
98710.619: [GC 1639319K->1526658K(2284096K), 0.1290260 secs]
98737.963: [GC 1672503K->1557760K(2293504K), 0.0857920 secs]
98772.903: [GC 1715840K->1590348K(2294912K), 0.1250470 secs]
98800.189: [GC 1748428K->1620659K(2290560K), 0.0678880 secs]
98810.689: [GC 1777651K->1654586K(2293632K), 0.0983270 secs]
98846.889: [GC 1811570K->1718431K(2284800K), 0.1382710 secs]
98881.595: [GC 1866887K->1721686K(2234432K), 0.1024250 secs]
98900.292: [GC 1876566K->1752903K(2288064K), 0.1173980 secs]
98919.379: [GC 1904420K->1788684K(2263104K), 0.1101800 secs]
98946.317: [GC 1941516K->1793299K(2286464K), 0.0749430 secs]
98967.942: [GC 1941931K->1829907K(2286528K), 0.1156250 secs]
98978.999: [GC 1983421K->1863999K(2289088K), 0.0901540 secs]
99006.096: [GC 2015743K->1898841K(2230208K), 0.0951520 secs]
99022.763: [GC 2049625K->1929628K(2288640K), 0.1093160 secs]
99041.661: [GC 2081562K->1967234K(2287488K), 0.1002800 secs]
99071.001: [GC 2104946K->1967365K(2278336K), 0.1180720 secs]
99098.918: [GC 2118277K->1998498K(2257472K), 0.1128740 secs]
99125.776: [GC 2148450K->2029382K(2282240K), 0.1117170 secs]
99125.888: [Full GC 2029382K->1510974K(2494592K), 2.1293470 secs]
99138.233: [GC 1659966K->1545929K(2469504K), 0.0717810 secs]
99169.229: [GC 1693885K->1578702K(2492160K), 0.0863470 secs]
99200.020: [GC 1725710K->1579525K(2435648K), 0.0881780 secs]
99224.374: [GC 1725573K->1609488K(2490304K), 0.0647360 secs]
99233.832: [GC 1754576K->1642987K(2492032K), 0.1262790 secs]
99263.113: [GC 1788075K->1706270K(2471040K), 0.1255400 secs]
99294.332: [GC 1850398K->1738950K(2489088K), 0.1014530 secs]
99319.628: [GC 1882115K->1768955K(2487040K), 0.0688790 secs]
99327.827: [GC 1911227K->1802690K(2488576K), 0.0929250 secs]
99358.190: [GC 1944954K->1834836K(2468288K), 0.1147890 secs]
99390.219: [GC 1971822K->1834928K(2485952K), 0.0711950 secs]
99416.043: [GC 1975408K->1897386K(2484096K), 0.1746520 secs]
99424.601: [GC 2036970K->1962670K(2485568K), 0.1258250 secs]
99451.992: [GC 2102241K->1995176K(2500736K), 0.1098370 secs]
99483.700: [GC 2152104K->1995795K(2445184K), 0.0680730 secs]
99512.946: [GC 2151635K->2026348K(2499200K), 0.1047240 secs]
99522.358: [GC 2181100K->2059877K(2500608K), 0.1608420 secs]
99551.804: [GC 2214629K->2092017K(2511872K), 0.1004430 secs]
99584.050: [GC 2238492K->2123850K(2456064K), 0.1478680 secs]
99615.489: [GC 2291146K->2187351K(2512640K), 0.1680400 secs]
99644.271: [GC 2353623K->2218202K(2484416K), 0.1473560 secs]
99656.204: [GC 2383258K->2284669K(2510528K), 0.2330710 secs]
99656.437: [Full GC 2284669K->1097811K(2356544K), 1.8454400 secs]
99686.532: [GC 1262867K->1132150K(2356544K), 0.1150420 secs]
99716.038: [GC 1297206K->1163839K(2358400K), 0.0711530 secs]
99746.543: [GC 1307143K->1195732K(2357312K), 0.0864610 secs]
99773.568: [GC 1362900K->1226917K(2355328K), 0.0915240 secs]
99801.165: [GC 1392869K->1258116K(2330048K), 0.1111430 secs]
99812.695: [GC 1422852K->1293017K(2355008K), 0.1592480 secs]
99841.830: [GC 1457450K->1363644K(2354944K), 0.1593630 secs]
99873.596: [GC 1528444K->1356167K(2350144K), 0.1134350 secs]
99905.299: [GC 1494017K->1388322K(2353216K), 0.0899610 secs]
99932.383: [GC 1550690K->1419663K(2350912K), 0.0982210 secs]
99962.788: [GC 1580879K->1450814K(2325376K), 0.1015230 secs]
99975.421: [GC 1610878K->1485495K(2347392K), 0.0896350 secs]
100003.526: [GC 1640379K->1524378K(2347776K), 0.1130320 secs]
100034.551: [GC 1682138K->1580591K(2344448K), 0.1783950 secs]
100066.628: [GC 1736940K->1612725K(2345920K), 0.1018270 secs]
100099.700: [GC 1768309K->1643250K(2343232K), 0.0991880 secs]
100110.266: [GC 1797746K->1709164K(2345600K), 0.1431360 secs]
100140.750: [GC 1863491K->1780609K(2356800K), 0.1494430 secs]
100175.689: [GC 1947189K->1836600K(2332032K), 0.1207410 secs]
100210.275: [GC 1984520K->1836746K(2353984K), 0.0844590 secs]
100241.732: [GC 2000074K->1868528K(2328704K), 0.0871080 secs]
100272.153: [GC 2030640K->1931178K(2348608K), 0.1769850 secs]
100282.233: [GC 2092138K->1997071K(2351232K), 0.1766290 secs]
100311.947: [GC 2158031K->2029243K(2357760K), 0.1148130 secs]
100344.012: [GC 2200302K->2061082K(2359552K), 0.2192480 secs]
100344.231: [Full GC 2061082K->1504462K(2513536K), 2.1467010 secs]
100380.228: [GC 1665096K->1506764K(2509952K), 0.0700780 secs]
100411.127: [GC 1676556K->1570363K(2489088K), 0.0929950 secs]
100434.855: [GC 1738875K->1632029K(2506304K), 0.1952050 secs]
100449.418: [GC 1799261K->1666878K(2508992K), 0.1172010 secs]
100483.913: [GC 1831011K->1729736K(2496192K), 0.1272820 secs]
100521.020: [GC 1868964K->1761620K(2505536K), 0.1299210 secs]
100554.313: [GC 1926418K->1793222K(2504448K), 0.0771000 secs]
100582.692: [GC 1956806K->1824005K(2481664K), 0.1071980 secs]
100594.459: [GC 1986373K->1858771K(2501568K), 0.0995810 secs]
100623.130: [GC 2016627K->1890138K(2480768K), 0.1103440 secs]
100656.177: [GC 2019375K->1921968K(2498816K), 0.1423490 secs]
100684.154: [GC 2079920K->1953406K(2477056K), 0.0796450 secs]
100694.342: [GC 2110270K->1987250K(2499584K), 0.1576450 secs]
100727.407: [GC 2141051K->2018621K(2476544K), 0.1245000 secs]
100763.190: [GC 2153365K->2018668K(2496000K), 0.0811620 secs]
100790.720: [GC 2172780K->2049318K(2472512K), 0.0820750 secs]
100800.384: [GC 2202342K->2082883K(2493568K), 0.0999960 secs]
100834.972: [GC 2216062K->2115720K(2493824K), 0.1088590 secs]
100863.003: [GC 2266696K->2178989K(2493120K), 0.1466430 secs]
100873.232: [GC 2328941K->2212322K(2494144K), 0.1573480 secs]
100906.034: [GC 2348011K->2244762K(2512768K), 0.1664760 secs]
100906.201: [Full GC 2244762K->1016442K(2282304K), 1.8038540 secs]
100938.572: [GC 1185210K->1081961K(2257280K), 0.0977840 secs]
100949.652: [GC 1249449K->1084176K(2281856K), 0.1003170 secs]
100978.497: [GC 1251399K->1147387K(2282112K), 0.1636960 secs]
101012.089: [GC 1306701K->1179280K(2280384K), 0.1514540 secs]
101040.646: [GC 1345296K->1209887K(2253824K), 0.0638310 secs]
101051.068: [GC 1374687K->1275729K(2280000K), 0.1311920 secs]
101084.402: [GC 1439699K->1276857K(2222528K), 0.0643100 secs]
101101.673: [GC 1440441K->1306464K(2276032K), 0.0913710 secs]
101118.455: [GC 1464138K->1340343K(2251456K), 0.1254840 secs]
101149.384: [GC 1501559K->1341087K(2275328K), 0.0764850 secs]
101157.599: [GC 1501151K->1374299K(2249024K), 0.0745450 secs]
101184.561: [GC 1533206K->1406378K(2272896K), 0.0789500 secs]
101217.802: [GC 1564138K->1406828K(2215616K), 0.0693590 secs]
101234.188: [GC 1563500K->1436067K(2270208K), 0.0820060 secs]
101254.793: [GC 1564855K->1438387K(2213120K), 0.0873010 secs]
101259.805: [GC 1592883K->1471802K(2270208K), 0.0782550 secs]
101287.407: [GC 1625786K->1504185K(2211392K), 0.0964260 secs]
101297.617: [GC 1657081K->1537942K(2268288K), 0.1068140 secs]
101326.532: [GC 1667726K->1570198K(2209344K), 0.1006000 secs]
101348.994: [GC 1720982K->1631705K(2266368K), 0.1382770 secs]
101361.421: [GC 1781460K->1665636K(2267072K), 0.0912250 secs]
101394.654: [GC 1815396K->1696447K(2253120K), 0.0983800 secs]
101403.022: [GC 1840135K->1761179K(2266496K), 0.1298770 secs]
101423.228: [GC 1907426K->1735268K(2277760K), 0.1338370 secs]
101443.933: [GC 1895202K->1740182K(2278592K), 0.1203480 secs]
101463.752: [GC 1901846K->1745550K(2267200K), 0.0719740 secs]
101482.813: [GC 1905925K->1750015K(2222848K), 0.0501020 secs]
101501.081: [GC 1905460K->1749910K(2265408K), 0.0480380 secs]
101521.247: [GC 1904095K->1759458K(2225216K), 0.0525280 secs]
101541.458: [GC 1916572K->1765035K(2256832K), 0.1009460 secs]
101563.165: [GC 1921067K->1769790K(2218880K), 0.0620950 secs]
101593.961: [GC 1924734K->1769150K(2252160K), 0.0499070 secs]
101601.643: [GC 1923006K->1802730K(2253440K), 0.0936990 secs]
101629.124: [GC 1935081K->1803427K(2253440K), 0.0734710 secs]
101648.123: [GC 1955171K->1833249K(2254848K), 0.0812080 secs]
101663.300: [GC 1983969K->1867133K(2255040K), 0.1027010 secs]
101694.961: [GC 2014525K->1897705K(2203712K), 0.1316040 secs]
101702.962: [GC 2043560K->1970095K(2250752K), 0.0999470 secs]
101731.610: [GC 2110895K->1994508K(2197312K), 0.1174540 secs]
101731.728: [Full GC 1994508K->1341507K(2427776K), 2.0225860 secs]
101741.682: [GC 1481407K->1383397K(2479424K), 0.0791950 secs]
101771.268: [GC 1518053K->1377198K(2423424K), 0.1042580 secs]
101777.112: [GC 1511022K->1409626K(2480704K), 0.0717380 secs]
101795.501: [GC 1542042K->1411510K(2421248K), 0.0853120 secs]
101812.971: [GC 1543094K->1415046K(2472832K), 0.0757800 secs]
101839.507: [GC 1545798K->1418874K(2422080K), 0.0494140 secs]
101848.541: [GC 1548793K->1484652K(2470016K), 0.1014880 secs]
101876.292: [GC 1611628K->1483044K(2413568K), 0.0904770 secs]
101884.773: [GC 1609248K->1548296K(2468160K), 0.1486740 secs]
101910.877: [GC 1671944K->1579886K(2470720K), 0.1275730 secs]
101920.334: [GC 1697298K->1581786K(2481344K), 0.0435430 secs]
101940.547: [GC 1722330K->1642944K(2483072K), 0.0961510 secs]
101956.096: [GC 1782585K->1708927K(2482880K), 0.1261190 secs]
101977.724: [GC 1846143K->1707006K(2423360K), 0.1185950 secs]
101991.789: [GC 1837314K->1709095K(2477120K), 0.0595370 secs]
101998.396: [GC 1844519K->1742964K(2480064K), 0.0699020 secs]
102021.878: [GC 1849386K->1743305K(2458752K), 0.0737750 secs]
102038.240: [GC 1877897K->1773108K(2479232K), 0.0815690 secs]
102052.200: [GC 1877934K->1775415K(2475584K), 0.0761410 secs]
102073.715: [GC 1908343K->1805427K(2477504K), 0.1362180 secs]
102082.425: [GC 1937523K->1839166K(2477568K), 0.1066540 secs]
102082.533: [GC 1839231K->1870984K(2479424K), 0.1182320 secs]
102105.861: [GC 2001224K->1872865K(2500160K), 0.1212810 secs]
102120.566: [GC 2028769K->1903016K(2502080K), 0.1053650 secs]
102145.254: [GC 2058920K->1968995K(2507136K), 0.1782430 secs]
102175.733: [GC 2128291K->1967852K(2509056K), 0.0751820 secs]
102184.018: [GC 2127148K->2000958K(2507136K), 0.1038920 secs]
102217.183: [GC 2159742K->2065763K(2479680K), 0.1392900 secs]
102244.303: [GC 2224547K->2064321K(2508672K), 0.1197750 secs]
102253.047: [GC 2214967K->2137081K(2485312K), 0.1352460 secs]
102286.324: [GC 2286279K->2162637K(2506240K), 0.1483260 secs]
102309.598: [GC 2314701K->2192609K(2504640K), 0.0965170 secs]
102319.075: [GC 2341112K->2241284K(2493824K), 0.1486840 secs]
102319.224: [Full GC 2241284K->1063908K(2298560K), 1.8090390 secs]
102351.564: [GC 1204898K->1073817K(2304640K), 0.1098580 secs]
102358.845: [GC 1214809K->1106681K(2300928K), 0.0675570 secs]
102392.688: [GC 1236660K->1108588K(2304128K), 0.0861290 secs]
102408.359: [GC 1252268K->1170247K(2286464K), 0.1154260 secs]
102428.428: [GC 1297411K->1204099K(2284544K), 0.1062860 secs]
102457.352: [GC 1331266K->1203516K(2289280K), 0.0807430 secs]
102464.178: [GC 1312508K->1267900K(2265408K), 0.0856680 secs]
102489.793: [GC 1376892K->1267409K(2282624K), 0.0717950 secs]
102498.653: [GC 1334764K->1269096K(2189056K), 0.0362810 secs]
102501.912: [GC 1364776K->1301833K(2282816K), 0.1020800 secs]
102530.120: [GC 1401353K->1302681K(2278976K), 0.0755420 secs]
102535.347: [GC 1402201K->1367000K(2272832K), 0.0874180 secs]
102563.013: [GC 1462549K->1367650K(2281920K), 0.1517500 secs]
102570.988: [GC 1440866K->1369370K(2273856K), 0.0378680 secs]
102573.365: [GC 1467098K->1433604K(2278976K), 0.1192130 secs]
102591.863: [GC 1531332K->1404178K(2281792K), 0.0595700 secs]
102607.292: [GC 1499474K->1407121K(2192576K), 0.0697680 secs]
102616.547: [GC 1502417K->1414353K(2282496K), 0.0913390 secs]
102633.041: [GC 1514065K->1419865K(2278080K), 0.0753720 secs]
102647.043: [GC 1519577K->1422225K(2284864K), 0.0467110 secs]
102658.386: [GC 1533457K->1429497K(2281984K), 0.0496160 secs]
102675.208: [GC 1540729K->1430075K(2256960K), 0.0557260 secs]
102702.839: [GC 1540731K->1433531K(2207296K), 0.0446570 secs]
102710.558: [GC 1543609K->1498533K(2255424K), 0.0965240 secs]
102737.051: [GC 1595045K->1497963K(2188032K), 0.1430800 secs]
102745.400: [GC 1573395K->1499755K(2257920K), 0.0414810 secs]
102748.210: [GC 1595371K->1564023K(2261760K), 0.0941790 secs]
102778.011: [GC 1659639K->1565675K(2280960K), 0.1198870 secs]
102781.738: [GC 1675601K->1636968K(2273408K), 0.1263550 secs]
102811.213: [GC 1747304K->1631428K(2283968K), 0.1116630 secs]
102815.984: [GC 1728893K->1663673K(2221568K), 0.0726640 secs]
102843.033: [GC 1761145K->1664634K(2281536K), 0.0911850 secs]
102850.924: [GC 1764978K->1729695K(2278656K), 0.0999930 secs]
102871.988: [GC 1830047K->1728705K(2282944K), 0.0863470 secs]
102887.210: [GC 1806601K->1730946K(2190144K), 0.0836750 secs]
102890.220: [GC 1827394K->1795526K(2273344K), 0.1443100 secs]
102918.595: [GC 1887174K->1765507K(2278144K), 0.0956070 secs]
102920.928: [GC 1852673K->1836329K(2281792K), 0.1362610 secs]
102947.135: [GC 1931625K->1830685K(2281792K), 0.1492800 secs]
102953.212: [GC 1925981K->1863331K(2281792K), 0.1217840 secs]
102975.739: [GC 1958627K->1864426K(2281792K), 0.0726320 secs]
102998.459: [GC 1959719K->1865626K(2275136K), 0.0815490 secs]
103002.199: [GC 1958181K->1929360K(2278464K), 0.0954570 secs]
103033.678: [GC 2024656K->1899373K(2281792K), 0.0789460 secs]
103040.112: [GC 1965477K->1900194K(2188416K), 0.0521830 secs]
103042.543: [GC 1995490K->1932417K(2283200K), 0.1307960 secs]
103069.818: [GC 2030785K->1933893K(2191808K), 0.1064100 secs]
103074.949: [GC 2032261K->1966291K(2282048K), 0.0816660 secs]
103104.212: [GC 2069971K->1968334K(2280064K), 0.0822450 secs]
103110.183: [GC 2072001K->2032348K(2273920K), 0.1008220 secs]
103137.936: [GC 2132892K->2000404K(2284416K), 0.0825800 secs]
103138.019: [Full GC 2000404K->1296243K(2479680K), 2.0223800 secs]
103147.950: [GC 1372222K->1298360K(2469888K), 0.0693640 secs]
103151.536: [GC 1401784K->1331462K(2476224K), 0.0683980 secs]
103183.526: [GC 1434886K->1333414K(2477760K), 0.1198300 secs]
103187.697: [GC 1448358K->1365636K(2482752K), 0.0996580 secs]
103228.098: [GC 1480580K->1367028K(2484224K), 0.0585540 secs]
103242.088: [GC 1491380K->1399541K(2488192K), 0.0712880 secs]
103278.463: [GC 1523893K->1401423K(2489216K), 0.0871210 secs]
103289.893: [GC 1533199K->1434467K(2492416K), 0.0750470 secs]
103322.248: [GC 1547806K->1467489K(2480448K), 0.0861290 secs]
103328.874: [GC 1598497K->1501192K(2489280K), 0.0805830 secs]
103358.475: [GC 1610092K->1501789K(2473024K), 0.1394000 secs]
103380.696: [GC 1632029K->1563182K(2485824K), 0.1079870 secs]
103394.013: [GC 1692654K->1565559K(2492288K), 0.1024690 secs]
103422.390: [GC 1689719K->1565050K(2411968K), 0.0943050 secs]
103428.534: [GC 1688506K->1636804K(2467904K), 0.1197490 secs]
103458.286: [GC 1740036K->1598629K(2481024K), 0.1185780 secs]
103461.336: [GC 1701545K->1670855K(2470784K), 0.1084620 secs]
103488.777: [GC 1766151K->1664199K(2477056K), 0.0976760 secs]
103495.143: [GC 1759483K->1728430K(2477056K), 0.0909350 secs]
103507.472: [GC 1823726K->1727424K(2477056K), 0.1517740 secs]
103531.120: [GC 1808493K->1729893K(2477056K), 0.0487090 secs]
103534.333: [GC 1825189K->1762589K(2414592K), 0.0790700 secs]
103560.364: [GC 1857885K->1795817K(2479616K), 0.1003070 secs]
103566.829: [GC 1894057K->1828121K(2418048K), 0.0788600 secs]
103580.779: [GC 1926361K->1859079K(2476608K), 0.1056800 secs]
103604.286: [GC 1959971K->1862267K(2474240K), 0.0529680 secs]
103608.681: [GC 1963643K->1894081K(2481792K), 0.0975700 secs]
103640.466: [GC 2005232K->1928432K(2480256K), 0.0984430 secs]
103645.263: [GC 2040688K->1960932K(2486976K), 0.0869670 secs]
103675.406: [GC 2056289K->1961797K(2486272K), 0.0888320 secs]
103683.999: [GC 2083781K->1994932K(2491648K), 0.0748760 secs]
103712.114: [GC 2124848K->2027983K(2491264K), 0.0952970 secs]
103738.234: [GC 2157903K->2058114K(2494848K), 0.1205090 secs]
103747.431: [GC 2189905K->2123483K(2488768K), 0.1168560 secs]
103779.496: [GC 2259931K->2124269K(2489920K), 0.2123340 secs]
103785.117: [GC 2244141K->2157149K(2439680K), 0.0912540 secs]
103817.484: [GC 2277021K->2191514K(2489152K), 0.1839030 secs]
103817.668: [Full GC 2191514K->1066731K(2377024K), 1.7720860 secs]
103824.898: [GC 1188907K->1099910K(2374720K), 0.0758320 secs]
103855.342: [GC 1221199K->1135091K(2379584K), 0.0867190 secs]
103878.403: [GC 1264691K->1162762K(2335552K), 0.0745980 secs]
103888.124: [GC 1291657K->1228537K(2377152K), 0.1537080 secs]
103916.148: [GC 1357945K->1260410K(2376640K), 0.1000260 secs]
103922.918: [GC 1389818K->1294017K(2385856K), 0.1020480 secs]
103953.333: [GC 1421770K->1296246K(2385536K), 0.0734430 secs]
103971.387: [GC 1436150K->1325704K(2377920K), 0.0905880 secs]
103987.591: [GC 1464766K->1359972K(2347008K), 0.0813700 secs]
104014.709: [GC 1498212K->1359465K(2377728K), 0.1010440 secs]
104021.952: [GC 1496873K->1392583K(2379712K), 0.1054390 secs]
104050.851: [GC 1510799K->1394622K(2363008K), 0.1092060 secs]
104063.604: [GC 1531198K->1424176K(2342272K), 0.0851150 secs]
104080.813: [GC 1559920K->1458344K(2375744K), 0.0953910 secs]
104108.131: [GC 1593320K->1457906K(2310720K), 0.0987590 secs]
104115.900: [GC 1592114K->1490872K(2373632K), 0.0766210 secs]
104143.707: [GC 1594717K->1491437K(2309632K), 0.0929990 secs]
104154.901: [GC 1624109K->1552838K(2360320K), 0.1272240 secs]
104172.188: [GC 1650636K->1523362K(2297216K), 0.0707560 secs]
104177.735: [GC 1643618K->1557061K(2370944K), 0.0693410 secs]
104206.677: [GC 1657403K->1557674K(2297664K), 0.0772050 secs]
104212.765: [GC 1678314K->1590915K(2368448K), 0.1285980 secs]
104239.412: [GC 1712248K->1623771K(2367744K), 0.0908670 secs]
104263.799: [GC 1745115K->1622452K(2382464K), 0.1295690 secs]
104272.571: [GC 1761449K->1687868K(2379200K), 0.1071590 secs]
104303.683: [GC 1826876K->1657867K(2379904K), 0.0852470 secs]
104308.430: [GC 1782411K->1689838K(2331776K), 0.0798280 secs]
104338.900: [GC 1807542K->1723558K(2378624K), 0.0978640 secs]
104356.647: [GC 1849766K->1752952K(2376960K), 0.1409570 secs]
104371.833: [GC 1879153K->1787260K(2381376K), 0.0923810 secs]
104398.134: [GC 1919676K->1786655K(2307968K), 0.0780610 secs]
104406.655: [GC 1918303K->1820305K(2379136K), 0.0855600 secs]
104433.500: [GC 1929947K->1853443K(2308480K), 0.1176820 secs]
104443.741: [GC 1984963K->1914676K(2365568K), 0.1183410 secs]
104471.646: [GC 2035379K->1917196K(2328896K), 0.0935200 secs]
104501.451: [GC 2037260K->1916122K(2370240K), 0.0966240 secs]
104508.910: [GC 2035537K->1949120K(2326912K), 0.0782920 secs]
104539.319: [GC 2067904K->1981612K(2365568K), 0.0991590 secs]
104544.726: [GC 2093606K->2021536K(2367488K), 0.0755740 secs]
104580.304: [GC 2139680K->2048419K(2383680K), 0.1639180 secs]
104587.819: [GC 2182883K->2082320K(2383744K), 0.0938120 secs]
104617.588: [GC 2192694K->2114828K(2382912K), 0.1402390 secs]
104617.728: [Full GC 2114828K->1412595K(2495040K), 2.0682600 secs]
104626.114: [GC 1549363K->1446510K(2495872K), 0.0885510 secs]
104653.997: [GC 1583276K->1479318K(2488320K), 0.0823460 secs]
104683.740: [GC 1615254K->1478846K(2423808K), 0.1080670 secs]
104691.916: [GC 1614014K->1512064K(2492672K), 0.1112560 secs]
104724.285: [GC 1633805K->1545748K(2424000K), 0.1336530 secs]
104748.840: [GC 1680531K->1575700K(2487808K), 0.0777080 secs]
104758.598: [GC 1709716K->1609410K(2453888K), 0.0800450 secs]
104788.040: [GC 1742658K->1610690K(2484480K), 0.0679450 secs]
104794.151: [GC 1743170K->1643469K(2451776K), 0.0743050 secs]
104826.047: [GC 1775181K->1645985K(2481408K), 0.0691770 secs]
104833.004: [GC 1776929K->1678953K(2483456K), 0.0794220 secs]
104867.273: [GC 1789447K->1679806K(2461056K), 0.0762300 secs]
104883.962: [GC 1809982K->1741368K(2481216K), 0.1261260 secs]
104912.110: [GC 1849622K->1711902K(2488448K), 0.0614580 secs]
104926.190: [GC 1840670K->1741328K(2446656K), 0.0876440 secs]
104945.772: [GC 1869392K->1807551K(2476736K), 0.1458960 secs]
104972.253: [GC 1923967K->1775143K(2404352K), 0.0773740 secs]
104979.578: [GC 1888519K->1839422K(2470912K), 0.0899550 secs]
105006.542: [GC 1940478K->1839742K(2388800K), 0.1165500 secs]
105013.456: [GC 1940349K->1904490K(2472448K), 0.1014480 secs]
105038.200: [GC 1999783K->1872116K(2382208K), 0.0797360 secs]
105047.494: [GC 1941941K->1873979K(2473728K), 0.0478490 secs]
105050.373: [GC 1968507K->1938365K(2475200K), 0.1052820 secs]
105077.658: [GC 2032893K->1908054K(2477056K), 0.1004570 secs]
105083.664: [GC 2003338K->1940369K(2415040K), 0.0771980 secs]
105103.791: [GC 2035665K->1971646K(2478528K), 0.1172280 secs]
105119.556: [GC 2056616K->1973947K(2386816K), 0.0525480 secs]
105121.864: [GC 2071547K->2006380K(2477568K), 0.0841470 secs]
105149.972: [GC 2108460K->2039599K(2474752K), 0.1063170 secs]
105160.750: [GC 2137722K->2103806K(2469056K), 0.1217800 secs]
105190.983: [GC 2202942K->2105894K(2478976K), 0.1045930 secs]
105200.377: [GC 2205018K->2138299K(2470208K), 0.1012660 secs]
105229.329: [GC 2240315K->2170251K(2476032K), 0.1090210 secs]
105229.438: [Full GC 2170251K->1102302K(2405504K), 1.7949320 secs]
105238.075: [GC 1204309K->1168001K(2396928K), 0.1257790 secs]
105268.784: [GC 1263937K->1135677K(2406848K), 0.0615610 secs]
105277.740: [GC 1217135K->1137535K(2392000K), 0.0366800 secs]
105280.550: [GC 1233087K->1170095K(2400704K), 0.0662850 secs]
105309.851: [GC 1265647K->1202738K(2406144K), 0.0807880 secs]
105316.763: [GC 1312816K->1267550K(2391616K), 0.1190860 secs]
105347.931: [GC 1377630K->1267195K(2410560K), 0.1091660 secs]
105356.664: [GC 1337824K->1268991K(2318784K), 0.0701810 secs]
105360.079: [GC 1369535K->1333731K(2396928K), 0.1122130 secs]
105391.019: [GC 1426851K->1303044K(2404352K), 0.0655260 secs]
105395.197: [GC 1396164K->1367186K(2405376K), 0.0950510 secs]
105421.544: [GC 1462479K->1336598K(2406528K), 0.0780980 secs]
105428.540: [GC 1431887K->1401596K(2406528K), 0.0916490 secs]
105434.266: [GC 1496892K->1371766K(2406528K), 0.0752100 secs]
105466.954: [GC 1467058K->1379318K(2406528K), 0.0481210 secs]
105471.388: [GC 1474612K->1411687K(2344064K), 0.0734240 secs]
105498.237: [GC 1505559K->1449308K(2409280K), 0.0850280 secs]
105509.662: [GC 1548252K->1449797K(2321216K), 0.0655790 secs]
105512.454: [GC 1548727K->1520578K(2395072K), 0.0877710 secs]
105514.047: [GC 1612866K->1515921K(2403520K), 0.0846970 secs]
105514.933: [GC 1608209K->1519004K(2399232K), 0.0641550 secs]
105516.867: [GC 1614300K->1517878K(2402880K), 0.0722750 secs]
105548.235: [GC 1613174K->1521178K(2401920K), 0.0868840 secs]
105552.244: [GC 1627098K->1553095K(2406208K), 0.1068750 secs]
105578.910: [GC 1659015K->1586736K(2409472K), 0.1427690 secs]
105584.475: [GC 1705264K->1619762K(2414144K), 0.0783160 secs]
105615.545: [GC 1738288K->1622386K(2415360K), 0.1270230 secs]
105622.240: [GC 1749426K->1655500K(2419008K), 0.1311150 secs]
105650.083: [GC 1775344K->1688475K(2420224K), 0.1291400 secs]
105674.210: [GC 1822235K->1718333K(2422976K), 0.0681440 secs]
105684.583: [GC 1852089K->1752122K(2428544K), 0.0904810 secs]
105716.326: [GC 1891578K->1784794K(2357696K), 0.0961720 secs]
105723.908: [GC 1924250K->1818751K(2426176K), 0.1003010 secs]
105754.889: [GC 1928018K->1819680K(2426624K), 0.1131620 secs]
105763.653: [GC 1958752K->1882015K(2408192K), 0.1023830 secs]
105792.432: [GC 2004702K->1884592K(2420224K), 0.1210800 secs]
105805.893: [GC 2007280K->1882975K(2415424K), 0.0995460 secs]
105821.343: [GC 2007391K->1884915K(2342720K), 0.0707090 secs]
105829.354: [GC 2006142K->1949472K(2403520K), 0.1688390 secs]
105836.464: [GC 2060388K->1922763K(2414656K), 0.1089580 secs]
105864.771: [GC 2034315K->1921647K(2406272K), 0.0566150 secs]
105869.752: [GC 2036079K->1954167K(2411904K), 0.0855340 secs]
105905.035: [GC 2068279K->1956519K(2413696K), 0.1179460 secs]
105911.617: [GC 2080807K->1989888K(2417728K), 0.1057140 secs]
105943.909: [GC 2094711K->2022352K(2418944K), 0.1037400 secs]
105963.789: [GC 2153872K->2083531K(2411392K), 0.1137750 secs]
105975.165: [GC 2215051K->2123647K(2416576K), 0.1438370 secs]
105982.808: [GC 2238908K->2156843K(2365056K), 0.1141310 secs]
105982.923: [Full GC 2156843K->1384092K(2435584K), 2.0445560 secs]
106016.577: [GC 1499356K->1386220K(2485440K), 0.0463130 secs]
106023.301: [GC 1499980K->1450430K(2468288K), 0.0916620 secs]
106056.851: [GC 1567102K->1419939K(2483840K), 0.0696740 secs]
106060.505: [GC 1520312K->1491779K(2465792K), 0.1178390 secs]
106063.832: [GC 1598787K->1491148K(2477056K), 0.1205130 secs]
106064.276: [GC 1586444K->1491141K(2381888K), 0.0361780 secs]
106064.637: [GC 1586437K->1491177K(2478784K), 0.0356160 secs]
106066.335: [GC 1589091K->1558086K(2476160K), 0.0842520 secs]
106066.851: [GC 1656006K->1558196K(2477056K), 0.0811900 secs]
106067.241: [GC 1653492K->1559096K(2382784K), 0.0354640 secs]
106067.604: [GC 1654392K->1559129K(2480256K), 0.0347680 secs]
106067.977: [GC 1657945K->1559149K(2385408K), 0.0605560 secs]
106068.408: [GC 1657965K->1559169K(2477568K), 0.0443930 secs]
106068.833: [GC 1662593K->1559181K(2473600K), 0.0402520 secs]
106069.243: [GC 1662605K->1559165K(2484608K), 0.0396690 secs]
106069.704: [GC 1677693K->1559229K(2480640K), 0.0386830 secs]
106070.166: [GC 1677757K->1559237K(2492672K), 0.0603830 secs]
106070.700: [GC 1693893K->1559197K(2488704K), 0.0620630 secs]
106071.243: [GC 1693853K->1559245K(2500672K), 0.0603540 secs]
106072.035: [GC 1709773K->1559277K(2496896K), 0.0375900 secs]
106075.091: [GC 1709805K->1602442K(2496640K), 0.0713920 secs]
106093.341: [GC 1756426K->1567120K(2504960K), 0.0447640 secs]
106095.034: [GC 1721104K->1657853K(2457408K), 0.1258070 secs]
106096.290: [GC 1769021K->1657913K(2484992K), 0.0925610 secs]
106096.979: [GC 1757619K->1698024K(2484864K), 0.0732890 secs]
106099.848: [GC 1812648K->1749072K(2453312K), 0.1537930 secs]
106104.805: [GC 1863696K->1826300K(2472704K), 0.1274200 secs]
106105.300: [GC 1921596K->1826303K(2477056K), 0.0922990 secs]
106105.761: [GC 1921599K->1826323K(2477056K), 0.0812850 secs]
106106.211: [GC 1921619K->1826283K(2381888K), 0.0817840 secs]
106106.662: [GC 1921579K->1826283K(2480576K), 0.0800770 secs]
106107.125: [GC 1925419K->1826283K(2385728K), 0.0831220 secs]
106108.189: [GC 1925419K->1826339K(2477440K), 0.0735070 secs]
106131.678: [GC 1930211K->1830459K(2473344K), 0.0495250 secs]
106137.647: [GC 1934327K->1894683K(2467840K), 0.1061270 secs]
106170.609: [GC 1997979K->1894904K(2480320K), 0.1137020 secs]
106177.449: [GC 1998189K->1927865K(2475904K), 0.0863570 secs]
106211.589: [GC 2036729K->1960053K(2480896K), 0.1437200 secs]
106218.452: [GC 2068909K->2024795K(2467712K), 0.1404620 secs]
106255.092: [GC 2123008K->1999287K(2479104K), 0.0727840 secs]
106266.130: [GC 2098268K->2001871K(2467072K), 0.0869730 secs]
106270.374: [GC 2105871K->2034917K(2475392K), 0.1374450 secs]
106307.354: [GC 2138917K->2037053K(2479168K), 0.0874890 secs]
106311.324: [GC 2154429K->2074680K(2483968K), 0.1461510 secs]
106342.673: [GC 2192056K->2075424K(2485888K), 0.0918740 secs]
106349.573: [GC 2194874K->2139651K(2476096K), 0.1009250 secs]
106380.361: [GC 2264067K->2109041K(2486528K), 0.0857600 secs]
106385.067: [GC 2220401K->2141667K(2431104K), 0.0880460 secs]
106417.098: [GC 2253025K->2176156K(2484224K), 0.1661160 secs]
106421.993: [GC 2290268K->2208504K(2481472K), 0.1484790 secs]
106447.628: [GC 2322616K->2245084K(2488512K), 0.1560270 secs]
106447.784: [Full GC 2245084K->1129341K(2440576K), 1.9131350 secs]
106450.144: [GC 1253629K->1129421K(2439296K), 0.0302880 secs]
106451.231: [GC 1253709K->1138987K(2443136K), 0.0482620 secs]
106454.170: [GC 1273714K->1136344K(2443840K), 0.0620630 secs]
106460.417: [GC 1271384K->1169416K(2451008K), 0.0652940 secs]
106488.640: [GC 1314112K->1202157K(2452352K), 0.0759460 secs]
106521.475: [GC 1346861K->1203029K(2451648K), 0.0998490 secs]
106547.770: [GC 1349589K->1232280K(2452928K), 0.0592240 secs]
106555.308: [GC 1378840K->1264681K(2455936K), 0.0786590 secs]
106558.383: [GC 1413681K->1298573K(2452288K), 0.0747080 secs]
106591.434: [GC 1438678K->1300497K(2440000K), 0.1597960 secs]
106598.061: [GC 1429841K->1366023K(2433600K), 0.1813270 secs]
106628.704: [GC 1495367K->1398579K(2422400K), 0.1202660 secs]
106652.057: [GC 1493875K->1364758K(2429120K), 0.0576970 secs]
106662.752: [GC 1450479K->1366859K(2424768K), 0.0407180 secs]
106663.334: [GC 1474860K->1469559K(2426944K), 0.0899090 secs]
106665.643: [GC 1564855K->1438533K(2429120K), 0.0654120 secs]
106680.610: [GC 1533829K->1454664K(2350912K), 0.0837040 secs]
106682.328: [GC 1549960K->1473410K(2432064K), 0.1163920 secs]
106692.931: [GC 1574274K->1467966K(2426496K), 0.0458660 secs]
106698.211: [GC 1568820K->1532223K(2419968K), 0.0925070 secs]
106727.198: [GC 1628927K->1533762K(2429376K), 0.0859330 secs]
106734.883: [GC 1630466K->1598787K(2425472K), 0.0913410 secs]
106758.826: [GC 1694083K->1598151K(2429120K), 0.1081630 secs]
106769.023: [GC 1678120K->1600140K(2427456K), 0.0458690 secs]
106772.141: [GC 1695436K->1632792K(2366592K), 0.0767090 secs]
106801.764: [GC 1728088K->1634737K(2430208K), 0.0704330 secs]
106805.289: [GC 1735537K->1706105K(2427200K), 0.1052640 secs]
106836.108: [GC 1806901K->1700883K(2429120K), 0.1163100 secs]
106840.714: [GC 1793392K->1765043K(2429120K), 0.0894810 secs]
106867.680: [GC 1860339K->1734642K(2429120K), 0.1036080 secs]
106875.243: [GC 1829933K->1799551K(2429120K), 0.2144070 secs]
106895.533: [GC 1894607K->1766730K(2429120K), 0.0832460 secs]
106915.889: [GC 1856491K->1769363K(2429120K), 0.0501530 secs]
106919.003: [GC 1864659K->1802033K(2429120K), 0.0823680 secs]
106954.228: [GC 1897329K->1835212K(2336128K), 0.1065580 secs]
106960.360: [GC 1930506K->1899376K(2426304K), 0.1339010 secs]
106990.914: [GC 1993264K->1899081K(2427712K), 0.1094710 secs]
106999.489: [GC 1973163K->1900895K(2429120K), 0.0516900 secs]
107002.592: [GC 1996191K->1933545K(2366656K), 0.0780580 secs]
107030.999: [GC 2028841K->1966724K(2429248K), 0.1056600 secs]
107036.047: [GC 2063847K->2030880K(2425984K), 0.1072290 secs]
107072.192: [GC 2129440K->2001179K(2429504K), 0.0730170 secs]
107078.187: [GC 2096850K->2033624K(2367552K), 0.0822620 secs]
107105.326: [GC 2129304K->2064890K(2428416K), 0.1184270 secs]
107114.820: [GC 2138063K->2066768K(2425664K), 0.0841510 secs]
107118.607: [GC 2165200K->2131344K(2419200K), 0.1065080 secs]
107146.750: [GC 2226640K->2101229K(2429120K), 0.0720010 secs]
107150.346: [GC 2196013K->2164975K(2425856K), 0.1284500 secs]
107178.935: [GC 2260271K->2166533K(2429120K), 0.1187480 secs]
107179.054: [Full GC 2166533K->1344987K(2477056K), 2.1791420 secs]
107188.067: [GC 1413091K->1347144K(2474112K), 0.0483530 secs]
107190.964: [GC 1442440K->1379809K(2475584K), 0.1112600 secs]
107227.569: [GC 1475103K->1413460K(2473600K), 0.1048010 secs]
107230.711: [GC 1512102K->1484686K(2475200K), 0.1235340 secs]
107267.556: [GC 1586124K->1479232K(2477056K), 0.1177780 secs]
107274.312: [GC 1574516K->1543540K(2477056K), 0.0918890 secs]
107303.843: [GC 1638836K->1542985K(2477056K), 0.1311150 secs]
107313.291: [GC 1620418K->1544930K(2477056K), 0.0724920 secs]
107316.128: [GC 1640226K->1577612K(2473984K), 0.0758510 secs]
107346.831: [GC 1672908K->1579037K(2475520K), 0.1331000 secs]
107350.577: [GC 1672570K->1643120K(2471808K), 0.1572460 secs]
107381.877: [GC 1738096K->1644731K(2476736K), 0.1469230 secs]
107390.229: [GC 1712116K->1646165K(2471552K), 0.0496180 secs]
107391.967: [GC 1741461K->1678920K(2474304K), 0.0868050 secs]
107427.508: [GC 1774216K->1680306K(2473216K), 0.0787150 secs]
107432.187: [GC 1777311K->1744482K(2476480K), 0.1071800 secs]
107463.601: [GC 1848098K->1714839K(2479488K), 0.1231600 secs]
107469.218: [GC 1812565K->1779039K(2477056K), 0.1062130 secs]
107499.512: [GC 1876767K->1746887K(2477056K), 0.1016540 secs]
107508.638: [GC 1822280K->1748959K(2384320K), 0.0526410 secs]
107511.772: [GC 1844255K->1813476K(2476032K), 0.2000220 secs]
107539.917: [GC 1908260K->1783433K(2476544K), 0.1275000 secs]
107543.373: [GC 1873333K->1815382K(2476800K), 0.1007580 secs]
107576.328: [GC 1910678K->1848609K(2383296K), 0.1263850 secs]
107584.265: [GC 1912127K->1849955K(2477824K), 0.0639320 secs]
107586.964: [GC 1949155K->1882634K(2474304K), 0.0818090 secs]
107620.860: [GC 1981831K->1884174K(2480512K), 0.0839900 secs]
107625.943: [GC 1992393K->1955800K(2466944K), 0.1114180 secs]
107657.894: [GC 2064088K->1918679K(2479360K), 0.0800960 secs]
107662.553: [GC 2016279K->1982889K(2477056K), 0.1109200 secs]
107689.072: [GC 2080489K->1985101K(2477056K), 0.1119580 secs]
107696.192: [GC 2080389K->2049291K(2477056K), 0.1121110 secs]
107714.128: [GC 2144587K->2048300K(2477056K), 0.0961990 secs]
107734.546: [GC 2140807K->2050864K(2477056K), 0.0899570 secs]
107737.354: [GC 2146160K->2083530K(2476544K), 0.0895520 secs]
107769.733: [GC 2178823K->2116969K(2384384K), 0.1051060 secs]
107774.270: [GC 2211967K->2181203K(2470656K), 0.1238120 secs]
107803.808: [GC 2273683K->2182685K(2474240K), 0.1457200 secs]
107803.954: [Full GC 2182685K->1077721K(2401792K), 1.7842060 secs]
107813.185: [GC 1140307K->1079902K(2401408K), 0.0487590 secs]
107816.484: [GC 1175198K->1144418K(2403008K), 0.0901720 secs]
107846.912: [GC 1239714K->1114023K(2404608K), 0.0825450 secs]
107852.782: [GC 1209317K->1178235K(2404608K), 0.0820430 secs]
107869.558: [GC 1273531K->1179508K(2404608K), 0.1655570 secs]
107878.914: [GC 1274804K->1186665K(2404608K), 0.0483550 secs]
107896.643: [GC 1281961K->1187281K(2402688K), 0.0464190 secs]
107913.053: [GC 1282577K->1189701K(2314304K), 0.0353440 secs]
107933.475: [GC 1284067K->1192156K(2389696K), 0.0726720 secs]
107936.359: [GC 1286684K->1224824K(2394176K), 0.0716520 secs]
107965.441: [GC 1319352K->1258243K(2399040K), 0.0930920 secs]
107971.322: [GC 1361808K->1322483K(2403328K), 0.1118720 secs]
108001.296: [GC 1431090K->1292922K(2411584K), 0.0755350 secs]
108007.956: [GC 1398711K->1325407K(2353280K), 0.0892430 secs]
108040.751: [GC 1431199K->1326326K(2409280K), 0.0690340 secs]
108048.090: [GC 1435244K->1358703K(2406144K), 0.1338310 secs]
108076.670: [GC 1467631K->1391674K(2413824K), 0.0973700 secs]
108084.320: [GC 1510899K->1424093K(2412288K), 0.0700640 secs]
108114.581: [GC 1543324K->1425250K(2417664K), 0.1402870 secs]
108121.090: [GC 1553601K->1497118K(2415744K), 0.1496580 secs]
108154.628: [GC 1625566K->1459124K(2409856K), 0.0658730 secs]
108159.374: [GC 1570804K->1491325K(2412800K), 0.0772420 secs]
108194.504: [GC 1603005K->1493379K(2406848K), 0.1334360 secs]
108198.489: [GC 1607427K->1525842K(2410112K), 0.0766430 secs]
108231.334: [GC 1639890K->1528111K(2411264K), 0.0760900 secs]
108235.967: [GC 1651567K->1560622K(2415360K), 0.1382260 secs]
108270.260: [GC 1683700K->1563694K(2416064K), 0.0769100 secs]
108279.459: [GC 1694686K->1591725K(2419520K), 0.0796180 secs]
108312.812: [GC 1722795K->1626353K(2424064K), 0.0960200 secs]
108343.720: [GC 1764401K->1625754K(2425280K), 0.0838510 secs]
108350.733: [GC 1763802K->1658966K(2426432K), 0.1260440 secs]
108386.055: [GC 1792496K->1659671K(2426304K), 0.0804070 secs]
108414.018: [GC 1800471K->1721614K(2406976K), 0.1018400 secs]
108423.914: [GC 1844809K->1723512K(2418560K), 0.1047650 secs]
108453.017: [GC 1846712K->1723257K(2408576K), 0.1087720 secs]
108462.523: [GC 1845814K->1756934K(2414592K), 0.0853400 secs]
108492.576: [GC 1879494K->1789632K(2399104K), 0.1244330 secs]
108500.003: [GC 1911551K->1822109K(2411136K), 0.0688470 secs]
108529.680: [GC 1944029K->1822934K(2390016K), 0.0892740 secs]
108536.863: [GC 1940937K->1887101K(2407872K), 0.1163470 secs]
108567.873: [GC 2008379K->1856292K(2418048K), 0.1164140 secs]
108573.737: [GC 1970751K->1903585K(2382208K), 0.1221780 secs]
108605.944: [GC 2023840K->1890943K(2416768K), 0.1165310 secs]
108611.537: [GC 2008575K->1923208K(2364480K), 0.0822710 secs]
108643.730: [GC 2040840K->1926010K(2414272K), 0.0801800 secs]
108649.142: [GC 2045626K->1958769K(2412288K), 0.0869320 secs]
108679.668: [GC 2078385K->1960849K(2419328K), 0.0943870 secs]
108686.442: [GC 2089361K->1994632K(2417792K), 0.1275520 secs]
108719.133: [GC 2102876K->1995377K(2422784K), 0.1382220 secs]
108730.516: [GC 2130919K->2056640K(2413824K), 0.0947360 secs]
108747.880: [GC 2192320K->2064533K(2416448K), 0.1079480 secs]
108755.170: [GC 2175905K->2113572K(2343424K), 0.2028010 secs]
108758.651: [GC 2224920K->2152853K(2410240K), 0.1293100 secs]
108762.225: [Full GC 2292388K->1460025K(2482688K), 2.1556570 secs]
108765.561: [GC 1575825K->1468628K(2485632K), 0.0498670 secs]
108769.576: [GC 1582961K->1469921K(2483008K), 0.0824620 secs]
108773.658: [GC 1591526K->1612257K(2472704K), 0.1627970 secs]
108774.655: [GC 1733854K->1623744K(2482496K), 0.0952810 secs]
108776.020: [GC 1724507K->1584806K(2402368K), 0.0761780 secs]
108779.337: [GC 1683079K->1682298K(2468416K), 0.1141260 secs]
108780.384: [GC 1777594K->1750527K(2477056K), 0.1669160 secs]
108782.989: [GC 1845823K->1728470K(2477056K), 0.1119180 secs]
108784.942: [GC 1823766K->1754716K(2477056K), 0.0887960 secs]
108791.992: [GC 1850009K->1740636K(2477056K), 0.0684430 secs]
108801.943: [GC 1814912K->1742598K(2384256K), 0.0507730 secs]
108804.805: [GC 1837894K->1807173K(2475648K), 0.1153460 secs]
108836.520: [GC 1901765K->1777138K(2476352K), 0.1411060 secs]
108840.495: [GC 1868347K->1840925K(2477056K), 0.1054890 secs]
108867.011: [GC 1936221K->1842424K(2477056K), 0.1291910 secs]
108874.217: [GC 1937715K->1875560K(2477056K), 0.0816590 secs]
108898.242: [GC 1970856K->1874290K(2477056K), 0.1185260 secs]
108910.865: [GC 1959283K->1877046K(2472576K), 0.0546220 secs]
108916.142: [GC 1972342K->1909741K(2474816K), 0.0720760 secs]
108945.873: [GC 2005037K->1943124K(2475648K), 0.1073370 secs]
108951.199: [GC 2046611K->2007318K(2476736K), 0.1121660 secs]
108984.663: [GC 2110806K->2008509K(2478976K), 0.1084290 secs]
108993.389: [GC 2084305K->2010335K(2386176K), 0.0869410 secs]
108996.443: [GC 2107551K->2043052K(2476672K), 0.1195520 secs]
109025.533: [GC 2143084K->2076383K(2473856K), 0.1080140 secs]
109030.657: [GC 2174150K->2140447K(2468416K), 0.1135510 secs]
109062.507: [GC 2237919K->2110431K(2478144K), 0.1143920 secs]
109070.588: [GC 2207896K->2175351K(2473152K), 0.1124980 secs]
109083.743: [GC 2270647K->2142959K(2477056K), 0.1076070 secs]
109094.534: [GC 2238137K->2154824K(2471040K), 0.0649600 secs]
109126.408: [GC 2250120K->2150570K(2474048K), 0.1102020 secs]
109132.802: [GC 2215676K->2151232K(2473536K), 0.1387260 secs]
109136.821: [GC 2255808K->2216200K(2476672K), 0.1097250 secs]
109169.504: [GC 2320776K->2186629K(2480128K), 0.0970560 secs]
109171.961: [GC 2284997K->2218396K(2417536K), 0.1043070 secs]
109208.398: [GC 2316764K->2251819K(2477120K), 0.2026110 secs]
109208.601: [Full GC 2251819K->1012650K(2329216K), 1.7537800 secs]
109215.573: [GC 1114143K->1077605K(2326080K), 0.1176410 secs]
109245.070: [GC 1179106K->1080013K(2331776K), 0.1210380 secs]
109251.514: [GC 1177928K->1144317K(2329152K), 0.0864360 secs]
109278.100: [GC 1242237K->1143868K(2329152K), 0.1012170 secs]
109288.539: [GC 1234057K->1145928K(2236480K), 0.0373500 secs]
109292.006: [GC 1241224K->1178687K(2332032K), 0.0943240 secs]
109329.614: [GC 1277374K->1180543K(2240192K), 0.0548630 secs]
109333.514: [GC 1276280K->1212774K(2328896K), 0.0649220 secs]
109366.866: [GC 1314982K->1215036K(2326400K), 0.1248380 secs]
109374.650: [GC 1317244K->1247561K(2334784K), 0.1004540 secs]
109411.439: [GC 1361033K->1247606K(2333440K), 0.0814610 secs]
109420.085: [GC 1361070K->1280987K(2339840K), 0.0547110 secs]
109437.793: [GC 1403355K->1279688K(2339200K), 0.0677840 secs]
109464.395: [GC 1401315K->1283678K(2323200K), 0.0419160 secs]
109470.326: [GC 1405406K->1316549K(2333312K), 0.1058150 secs]
109505.663: [GC 1421495K->1317298K(2310272K), 0.0587700 secs]
109512.377: [GC 1438386K->1351254K(2330560K), 0.0954580 secs]
109549.538: [GC 1471646K->1383954K(2342336K), 0.0947060 secs]
109561.143: [GC 1522002K->1444839K(2340544K), 0.1176780 secs]
109590.415: [GC 1582879K->1447636K(2344576K), 0.1358900 secs]
109623.304: [GC 1572500K->1446983K(2265152K), 0.1559460 secs]
109631.448: [GC 1570896K->1511312K(2325184K), 0.1224690 secs]
109665.678: [GC 1620048K->1479589K(2335872K), 0.0608130 secs]
109672.209: [GC 1588324K->1544571K(2320256K), 0.1217460 secs]
109697.051: [GC 1639867K->1514256K(2329152K), 0.0793780 secs]
109704.193: [GC 1609551K->1579238K(2327040K), 0.0981560 secs]
109711.756: [GC 1674534K->1549825K(2329152K), 0.0787140 secs]
109739.359: [GC 1644361K->1550334K(2329152K), 0.0555130 secs]
109742.318: [GC 1645630K->1583124K(2266816K), 0.0829100 secs]
109773.538: [GC 1678420K->1616391K(2328256K), 0.0930300 secs]
109778.589: [GC 1714492K->1680619K(2325440K), 0.1320100 secs]
109808.412: [GC 1778731K->1650204K(2329472K), 0.0809230 secs]
109817.307: [GC 1720917K->1651656K(2236480K), 0.0839900 secs]
109820.251: [GC 1747272K->1716277K(2322176K), 0.1684620 secs]
109852.842: [GC 1808245K->1717661K(2325824K), 0.1387440 secs]
109857.958: [GC 1809623K->1781862K(2329152K), 0.1028150 secs]
109887.624: [GC 1877158K->1751406K(2329152K), 0.1043600 secs]
109896.301: [GC 1823706K->1752895K(2329152K), 0.0778270 secs]
109898.918: [GC 1848191K->1785645K(2266752K), 0.1253480 secs]
109930.041: [GC 1880941K->1818928K(2331328K), 0.1301310 secs]
109936.026: [GC 1917552K->1883070K(2328000K), 0.0942620 secs]
109964.168: [GC 1981694K->1884090K(2329152K), 0.1224060 secs]
109973.498: [GC 1961288K->1885923K(2236288K), 0.0503860 secs]
109976.454: [GC 1981219K->1950546K(2324800K), 0.1364770 secs]
110004.376: [GC 2043666K->1919959K(2326976K), 0.0752170 secs]
110010.411: [GC 2013068K->1952484K(2327232K), 0.0818490 secs]
110038.993: [GC 2047780K->1985367K(2235072K), 0.1477980 secs]
110047.825: [GC 2059730K->1987189K(2331584K), 0.0847940 secs]
110051.924: [GC 2088885K->2052191K(2328064K), 0.1367010 secs]
110084.986: [GC 2153887K->2022476K(2330496K), 0.0852560 secs]
110087.530: [GC 2111890K->2093068K(2329152K), 0.1007500 secs]
110117.365: [GC 2189708K->2055951K(2329152K), 0.1003910 secs]
110117.466: [Full GC 2055951K->1364224K(2477056K), 2.0446890 secs]
110126.528: [GC 1459519K->1397648K(2477056K), 0.1002250 secs]
110152.117: [GC 1492944K->1396777K(2474880K), 0.0988010 secs]
110162.970: [GC 1481497K->1399122K(2384768K), 0.0658290 secs]
110165.763: [GC 1494418K->1463735K(2470848K), 0.0918630 secs]
110198.793: [GC 1557558K->1465263K(2475584K), 0.1021080 secs]
110202.886: [GC 1559087K->1529299K(2477056K), 0.0893270 secs]
110234.039: [GC 1624595K->1530803K(2477056K), 0.1075410 secs]
110242.254: [GC 1596810K->1532191K(2477056K), 0.0435350 secs]
110245.075: [GC 1627487K->1596803K(2477056K), 0.0902420 secs]
110276.417: [GC 1692099K->1566600K(2477056K), 0.0602890 secs]
110282.049: [GC 1661896K->1599150K(2477056K), 0.0753470 secs]
110310.182: [GC 1694446K->1631842K(2474496K), 0.1034840 secs]
110321.142: [GC 1717102K->1633951K(2475776K), 0.0471790 secs]
110323.912: [GC 1729247K->1666717K(2475776K), 0.0952880 secs]
110357.219: [GC 1768285K->1668245K(2475840K), 0.1063860 secs]
110362.453: [GC 1768453K->1732368K(2467584K), 0.1023890 secs]
110391.629: [GC 1828944K->1733556K(2477696K), 0.1762840 secs]
110401.148: [GC 1806198K->1735392K(2467456K), 0.0492730 secs]
110405.040: [GC 1835040K->1768253K(2474112K), 0.0748740 secs]
110437.074: [GC 1867901K->1802096K(2475648K), 0.1114880 secs]
110442.711: [GC 1914032K->1834789K(2481024K), 0.1039250 secs]
110475.225: [GC 1946725K->1836389K(2482752K), 0.0853230 secs]
110481.400: [GC 1958245K->1869432K(2486848K), 0.1443050 secs]
110515.434: [GC 1991288K->1904209K(2487552K), 0.1414540 secs]
110524.004: [GC 2033681K->1937482K(2491008K), 0.0907930 secs]
110558.335: [GC 2047166K->1970162K(2492288K), 0.1208350 secs]
110584.171: [GC 2105906K->2031591K(2486592K), 0.1047500 secs]
110595.401: [GC 2167323K->2033880K(2490112K), 0.1240310 secs]
110623.995: [GC 2153432K->2034711K(2408384K), 0.1008180 secs]
110631.556: [GC 2153953K->2099102K(2471808K), 0.1189530 secs]
110662.442: [GC 2204254K->2068207K(2481984K), 0.0834350 secs]
110669.013: [GC 2173355K->2100810K(2473920K), 0.0820060 secs]
110697.659: [GC 2208266K->2132930K(2479104K), 0.1065490 secs]
110706.726: [GC 2240376K->2166315K(2481536K), 0.0876520 secs]
110735.072: [GC 2283881K->2197849K(2485376K), 0.1930390 secs]
110735.266: [Full GC 2197849K->1038186K(2391104K), 1.7334030 secs]
110747.668: [GC 1155742K->1072890K(2393024K), 0.1012080 secs]
110778.833: [GC 1198010K->1104931K(2318464K), 0.1523570 secs]
110788.423: [GC 1229405K->1170001K(2379392K), 0.0835920 secs]
110815.384: [GC 1280657K->1170806K(2304704K), 0.1314070 secs]
110823.029: [GC 1280939K->1235501K(2373696K), 0.0862710 secs]
110851.588: [GC 1331693K->1203346K(2289216K), 0.0968690 secs]
110860.901: [GC 1276470K->1205196K(2373760K), 0.0497320 secs]
110863.680: [GC 1300620K->1269828K(2377152K), 0.1053920 secs]
110895.432: [GC 1365252K->1240068K(2382784K), 0.0932410 secs]
110900.778: [GC 1335352K->1304148K(2382784K), 0.0972310 secs]
110929.384: [GC 1399443K->1305319K(2382784K), 0.0814570 secs]
110939.100: [GC 1382667K->1307198K(2382784K), 0.0415330 secs]
110948.504: [GC 1402494K->1371857K(2382784K), 0.1013790 secs]
110981.548: [GC 1467153K->1373345K(2382784K), 0.0976920 secs]
110986.504: [GC 1468636K->1405654K(2382784K), 0.0708830 secs]
111015.513: [GC 1500950K->1406702K(2288704K), 0.0725130 secs]
111025.745: [GC 1496653K->1408793K(2373312K), 0.0450120 secs]
111028.410: [GC 1503705K->1473442K(2377216K), 0.1053130 secs]
111057.618: [GC 1568354K->1475042K(2382784K), 0.1269360 secs]
111064.133: [GC 1570335K->1507317K(2320960K), 0.0740280 secs]
111085.534: [GC 1602613K->1537681K(2382528K), 0.0809720 secs]
111096.988: [GC 1635665K->1555533K(2308160K), 0.1204730 secs]
111103.561: [GC 1648373K->1579413K(2383744K), 0.1018100 secs]
111106.217: [GC 1687359K->1646859K(2379648K), 0.1187080 secs]
111120.500: [GC 1751530K->1659402K(2391808K), 0.0933130 secs]
111136.687: [GC 1768010K->1676156K(2317760K), 0.1050470 secs]
111143.187: [GC 1780775K->1685711K(2385728K), 0.0740160 secs]
111147.112: [GC 1798031K->1718400K(2382016K), 0.1336950 secs]
111160.583: [GC 1830719K->1764187K(2395648K), 0.1006150 secs]
111179.006: [GC 1893393K->1777590K(2395456K), 0.0727980 secs]
111183.076: [GC 1902031K->1849041K(2400064K), 0.1121250 secs]
111198.292: [GC 1987431K->1860056K(2402304K), 0.1265400 secs]
111214.339: [GC 1999255K->1882664K(2399104K), 0.0886600 secs]
111221.702: [GC 2029347K->1953342K(2402944K), 0.1759330 secs]
111235.746: [GC 2099052K->1935201K(2412352K), 0.0752230 secs]
111254.291: [GC 2089889K->1951003K(2362816K), 0.0721880 secs]
111260.785: [GC 2105390K->2021399K(2407040K), 0.1286860 secs]
111278.820: [GC 2174615K->2039195K(2409472K), 0.1913890 secs]
111293.704: [GC 2191948K->2087664K(2405696K), 0.1548350 secs]
111300.884: [GC 2240304K->2097801K(2411456K), 0.1042630 secs]
111319.285: [GC 2250267K->2158413K(2405120K), 0.1403470 secs]
111319.425: [Full GC 2158413K->1525522K(2499392K), 2.1824090 secs]
111335.568: [GC 1679248K->1566890K(2503104K), 0.1197810 secs]
111350.576: [GC 1720327K->1611792K(2507904K), 0.1275150 secs]
111366.923: [GC 1768987K->1638892K(2472128K), 0.1402490 secs]
111375.026: [GC 1796908K->1682053K(2502336K), 0.1131070 secs]
111395.956: [GC 1838213K->1696521K(2505472K), 0.0972450 secs]
111410.845: [GC 1852681K->1745732K(2506112K), 0.1089880 secs]
111417.397: [GC 1907140K->1778848K(2508416K), 0.1414420 secs]
111439.825: [GC 1936681K->1815334K(2511040K), 0.1477870 secs]
111455.406: [GC 1981286K->1842864K(2512000K), 0.0932890 secs]
111465.945: [GC 2006673K->1895877K(2509120K), 0.1389290 secs]
111483.231: [GC 2063621K->1922505K(2510912K), 0.1000670 secs]
111492.818: [GC 2084493K->1965131K(2515072K), 0.1251410 secs]
111505.490: [GC 2139560K->2011229K(2508928K), 0.1082590 secs]
111533.914: [GC 2179686K->2019308K(2512064K), 0.2134870 secs]
111562.135: [GC 2186284K->2049987K(2487360K), 0.1369560 secs]
111574.467: [GC 2216963K->2116047K(2513280K), 0.2520050 secs]
111610.859: [GC 2258989K->2148541K(2512768K), 0.1898140 secs]
111640.816: [GC 2316861K->2179001K(2513536K), 0.1333050 secs]
111652.802: [GC 2346553K->2213297K(2489152K), 0.1087040 secs]
111687.541: [GC 2380847K->2245659K(2513088K), 0.1099320 secs]
111687.651: [Full GC 2245659K->1353665K(2513088K), 2.0060000 secs]
111726.318: [GC 1521729K->1357217K(2511424K), 0.0568290 secs]
111755.900: [GC 1523731K->1386612K(2508800K), 0.0693770 secs]
111769.010: [GC 1552174K->1428642K(2509696K), 0.0976180 secs]
111808.808: [GC 1577783K->1421921K(2509056K), 0.0596140 secs]
111840.795: [GC 1583265K->1452498K(2480448K), 0.0689310 secs]
111851.171: [GC 1612818K->1486674K(2505344K), 0.0901230 secs]
111893.821: [GC 1635182K->1519321K(2448064K), 0.1181590 secs]
111920.646: [GC 1677593K->1549756K(2503360K), 0.0598860 secs]
111931.298: [GC 1707004K->1583932K(2477568K), 0.1205210 secs]
111965.923: [GC 1728170K->1584783K(2502720K), 0.1251780 secs]
111993.274: [GC 1740047K->1614785K(2473856K), 0.0847420 secs]
112003.867: [GC 1765466K->1687938K(2499328K), 0.1215970 secs]
112039.172: [GC 1839682K->1682926K(2441344K), 0.0853940 secs]
112065.644: [GC 1833710K->1711278K(2497152K), 0.0625610 secs]
112078.558: [GC 1861164K->1777707K(2499136K), 0.1706670 secs]
112113.359: [GC 1927595K->1778881K(2487104K), 0.0810610 secs]
112122.970: [GC 1927873K->1813338K(2498432K), 0.0988590 secs]
112155.003: [GC 1932363K->1845980K(2486144K), 0.1353010 secs]
112181.690: [GC 1994076K->1907541K(2466560K), 0.1092170 secs]
112193.847: [GC 2054732K->1941549K(2494912K), 0.0902380 secs]
112226.707: [GC 2087853K->1974518K(2434688K), 0.1425350 secs]
112235.528: [GC 2119926K->2008963K(2494272K), 0.1198270 secs]
112269.935: [GC 2143646K->2009892K(2433856K), 0.0717710 secs]
112297.142: [GC 2153956K->2039590K(2491648K), 0.0669440 secs]
112309.424: [GC 2182821K->2073586K(2463680K), 0.0998420 secs]
112343.054: [GC 2215986K->2106441K(2489984K), 0.1356670 secs]
112350.971: [GC 2248009K->2139922K(2491072K), 0.0879840 secs]
112387.684: [GC 2279192K->2141968K(2471232K), 0.0776120 secs]
112415.905: [GC 2282704K->2202735K(2458432K), 0.1642360 secs]
112428.293: [GC 2342639K->2237543K(2488256K), 0.0953430 secs]
112428.389: [Full GC 2237543K->1358724K(2488256K), 2.0321750 secs]
112465.272: [GC 1497860K->1361189K(2427328K), 0.0668450 secs]
112472.709: [GC 1499493K->1425789K(2487232K), 0.0999320 secs]
112510.357: [GC 1563645K->1427192K(2426816K), 0.0728840 secs]
112517.882: [GC 1564216K->1460629K(2485312K), 0.0934400 secs]
112551.639: [GC 1584925K->1462226K(2425280K), 0.1117810 secs]
112561.132: [GC 1597296K->1522951K(2484224K), 0.1465770 secs]
112602.993: [GC 1658311K->1542218K(2484352K), 0.1149350 secs]
112610.252: [GC 1677578K->1575461K(2497984K), 0.0886710 secs]
112647.300: [GC 1726906K->1580612K(2498944K), 0.1032650 secs]
112649.462: [GC 1733372K->1641138K(2512128K), 0.1040290 secs]
112685.173: [GC 1808050K->1645343K(2512640K), 0.0710950 secs]
112691.452: [GC 1812255K->1687552K(2504512K), 0.1045350 secs]
112725.287: [GC 1817147K->1699213K(2509184K), 0.0962700 secs]
112744.810: [GC 1855605K->1739766K(2501376K), 0.1027810 secs]
112746.959: [GC 1892406K->1759764K(2505728K), 0.0842010 secs]
112757.338: [GC 1912404K->1799788K(2499712K), 0.0850490 secs]
112762.541: [GC 1951134K->1812364K(2504640K), 0.1321940 secs]
112764.634: [GC 1962828K->1839796K(2497344K), 0.0708720 secs]
112765.839: [GC 1992052K->1858268K(2501888K), 0.0740020 secs]
112771.051: [GC 2010525K->1860436K(2508352K), 0.0790990 secs]
112776.551: [GC 2020951K->1873752K(2461440K), 0.0556950 secs]
112780.738: [GC 2034264K->1895338K(2510976K), 0.1046960 secs]
112785.945: [GC 2060138K->1895571K(2508416K), 0.0691330 secs]
112791.358: [GC 2060371K->1895587K(2513088K), 0.0546040 secs]
112796.529: [GC 2065187K->1895723K(2512512K), 0.0541030 secs]
112801.143: [GC 2065323K->1897631K(2514112K), 0.0503610 secs]
112805.583: [GC 2071715K->1898422K(2514176K), 0.0523600 secs]
112809.643: [GC 2088533K->1930637K(2516800K), 0.0902270 secs]
112813.925: [GC 2111117K->1931728K(2516864K), 0.0528560 secs]
112818.887: [GC 2112208K->1933033K(2520064K), 0.0529750 secs]
112824.422: [GC 2121129K->1933017K(2520256K), 0.0466910 secs]
112830.017: [GC 2121113K->1933026K(2524352K), 0.0457270 secs]
112830.064: [GC 1933634K->1933050K(2524608K), 0.0420000 secs]
112835.885: [GC 2129530K->1933162K(2528384K), 0.0575270 secs]
112841.585: [GC 2137774K->1958189K(2528640K), 0.0617020 secs]
112843.669: [GC 2162797K->1949126K(2532800K), 0.0852830 secs]
112851.876: [GC 2154310K->1952239K(2494912K), 0.0972730 secs]
112856.257: [GC 2157423K->2042705K(2521024K), 0.1472320 secs]
112857.168: [GC 2240401K->2026119K(2528256K), 0.1708590 secs]
112889.777: [GC 2223815K->2032703K(2520576K), 0.0754280 secs]
112924.333: [GC 2232189K->2063505K(2525312K), 0.1599760 secs]
112958.226: [GC 2262992K->2093933K(2517184K), 0.1361740 secs]
112973.415: [GC 2278701K->2128817K(2506752K), 0.1226650 secs]
113008.653: [GC 2313583K->2161201K(2510912K), 0.1279640 secs]
113020.291: [GC 2330609K->2193885K(2491712K), 0.1723000 secs]
113030.715: [GC 2356655K->2165824K(2513600K), 0.0849330 secs]
113032.547: [GC 2332032K->2259462K(2499648K), 0.1958220 secs]
113032.743: [Full GC 2259462K->1154596K(2453568K), 1.8395360 secs]
113040.925: [GC 1293706K->1203830K(2448896K), 0.0776950 secs]
113041.494: [GC 1346998K->1297507K(2446144K), 0.1387520 secs]
113042.210: [GC 1440675K->1298063K(2446016K), 0.1128570 secs]
113042.796: [GC 1423567K->1298583K(2366976K), 0.0317030 secs]
113043.775: [GC 1424087K->1298732K(2446528K), 0.0781460 secs]
113048.371: [GC 1426092K->1364619K(2433792K), 0.0819840 secs]
113055.492: [GC 1491979K->1357735K(2444352K), 0.1337170 secs]
113057.709: [GC 1473511K->1375968K(2382528K), 0.0677420 secs]
113064.001: [GC 1471042K->1368568K(2435072K), 0.0790040 secs]
113065.075: [GC 1486520K->1438799K(2432896K), 0.1481450 secs]
113066.390: [GC 1556573K->1454397K(2443264K), 0.1030580 secs]
113072.242: [GC 1570493K->1579253K(2419072K), 0.1308420 secs]
113072.821: [GC 1695349K->1579213K(2436480K), 0.1119760 secs]
113073.340: [GC 1684685K->1579213K(2345984K), 0.0309540 secs]
113073.776: [GC 1684685K->1579213K(2436224K), 0.0308790 secs]
113074.674: [GC 1686861K->1579285K(2434048K), 0.0311280 secs]
113079.016: [GC 1679451K->1596075K(2433408K), 0.0477830 secs]
113080.617: [GC 1705670K->1614601K(2434432K), 0.0794110 secs]
113083.243: [GC 1731081K->1623497K(2446592K), 0.0695580 secs]
113088.633: [GC 1732576K->1592761K(2447488K), 0.0384970 secs]
113096.195: [GC 1724857K->1627047K(2450432K), 0.1100170 secs]
113128.967: [GC 1743389K->1627772K(2450432K), 0.1359670 secs]
113143.580: [GC 1764536K->1688471K(2432640K), 0.1126300 secs]
113169.519: [GC 1790995K->1659725K(2443840K), 0.0944350 secs]
113175.447: [GC 1780749K->1693879K(2438976K), 0.1041480 secs]
113209.721: [GC 1817207K->1727422K(2442560K), 0.1319280 secs]
113216.061: [GC 1850750K->1760121K(2444224K), 0.0988350 secs]
113251.665: [GC 1877916K->1793305K(2446464K), 0.1493420 secs]
113258.876: [GC 1923801K->1827251K(2449792K), 0.1050930 secs]
113291.943: [GC 1933671K->1828244K(2450368K), 0.0800810 secs]
113304.973: [GC 1964947K->1888941K(2432832K), 0.0776890 secs]
113329.671: [GC 1993617K->1892022K(2443904K), 0.1015880 secs]
113335.590: [GC 2013174K->1926168K(2439040K), 0.0883260 secs]
113368.009: [GC 2047341K->1958848K(2442560K), 0.1039300 secs]
113375.592: [GC 2082176K->1993034K(2444480K), 0.1207850 secs]
113408.646: [GC 2112145K->1993887K(2446656K), 0.0871900 secs]
113415.657: [GC 2124191K->2028141K(2449472K), 0.1095620 secs]
113448.270: [GC 2151793K->2028870K(2449984K), 0.1327980 secs]
113464.427: [GC 2163812K->2089473K(2432640K), 0.0959770 secs]
113489.036: [GC 2208722K->2093622K(2443584K), 0.1181360 secs]
113495.512: [GC 2214134K->2127222K(2437952K), 0.1109470 secs]
113528.104: [GC 2250038K->2128808K(2441920K), 0.0794060 secs]
113534.300: [GC 2251624K->2161545K(2443456K), 0.1280250 secs]
113570.006: [GC 2290505K->2164499K(2446464K), 0.1471390 secs]
113570.153: [Full GC 2164499K->1232372K(2492544K), 1.9180180 secs]
113579.512: [GC 1362868K->1269898K(2496768K), 0.1302790 secs]
113610.376: [GC 1381150K->1270811K(2426816K), 0.0667800 secs]
113617.249: [GC 1407643K->1304937K(2497088K), 0.0720290 secs]
113648.245: [GC 1418436K->1337427K(2496960K), 0.0878390 secs]
113672.006: [GC 1474808K->1366247K(2489280K), 0.0880870 secs]
113687.888: [GC 1503647K->1401203K(2493696K), 0.1352020 secs]
113718.331: [GC 1538611K->1399868K(2481792K), 0.0615610 secs]
113727.957: [GC 1530341K->1464898K(2488960K), 0.0987440 secs]
113762.257: [GC 1601538K->1434227K(2493312K), 0.0581730 secs]
113769.132: [GC 1560307K->1466532K(2445504K), 0.0693220 secs]
113801.903: [GC 1592608K->1469358K(2484928K), 0.0929120 secs]
113808.531: [GC 1594798K->1502620K(2487296K), 0.0750410 secs]
113842.048: [GC 1628060K->1505395K(2469824K), 0.0804850 secs]
113848.846: [GC 1630195K->1538244K(2483840K), 0.1348750 secs]
113885.970: [GC 1661486K->1540724K(2495552K), 0.0759220 secs]
113905.407: [GC 1681844K->1568529K(2458752K), 0.0587010 secs]
113924.885: [GC 1708813K->1603425K(2494912K), 0.1137730 secs]
113960.849: [GC 1742881K->1602018K(2426880K), 0.0680820 secs]
113968.955: [GC 1740642K->1636604K(2492800K), 0.0778280 secs]
114001.795: [GC 1774396K->1639311K(2427584K), 0.1037720 secs]
114009.914: [GC 1776335K->1672738K(2490368K), 0.0848050 secs]
114039.824: [GC 1785681K->1705237K(2425472K), 0.1119610 secs]
114047.932: [GC 1840981K->1738806K(2488320K), 0.0821220 secs]
114079.400: [GC 1851193K->1772098K(2424320K), 0.1275960 secs]
114091.930: [GC 1906690K->1832711K(2474688K), 0.0882650 secs]
114118.534: [GC 1930063K->1803985K(2411904K), 0.0952760 secs]
114125.736: [GC 1926161K->1838241K(2484736K), 0.0927420 secs]
114157.265: [GC 1946417K->1838953K(2411968K), 0.0654860 secs]
114163.864: [GC 1961193K->1873224K(2481856K), 0.0760920 secs]
114194.708: [GC 1986234K->1873933K(2411584K), 0.0667590 secs]
114201.195: [GC 1995789K->1908165K(2479168K), 0.1503530 secs]
114232.017: [GC 2029956K->1941720K(2479232K), 0.1289290 secs]
114238.011: [GC 2063512K->1974397K(2494784K), 0.0870900 secs]
114267.861: [GC 2093083K->1975754K(2494912K), 0.1284530 secs]
114280.792: [GC 2114390K->2036365K(2481664K), 0.1332490 secs]
114308.258: [GC 2162090K->2039769K(2493248K), 0.1374710 secs]
114316.084: [GC 2167449K->2074054K(2489408K), 0.1091290 secs]
114349.900: [GC 2193151K->2074869K(2492352K), 0.0959460 secs]
114357.631: [GC 2204597K->2109032K(2494272K), 0.1642370 secs]
114390.359: [GC 2220787K->2109857K(2495744K), 0.0730460 secs]
114399.996: [GC 2245345K->2170558K(2478656K), 0.1095450 secs]
114429.339: [GC 2268480K->2141890K(2489536K), 0.1461730 secs]
114435.949: [GC 2262146K->2176122K(2484352K), 0.1123980 secs]
114464.536: [GC 2286351K->2208693K(2488000K), 0.1095750 secs]
114464.646: [Full GC 2208693K->1107243K(2429760K), 1.8086740 secs]
114471.955: [GC 1229611K->1140871K(2430976K), 0.0905670 secs]
114508.232: [GC 1268883K->1142298K(2433792K), 0.0553960 secs]
114515.874: [GC 1271834K->1176670K(2436544K), 0.1120130 secs]
114547.210: [GC 1311621K->1177531K(2437760K), 0.1163640 secs]
114556.507: [GC 1313275K->1212040K(2439552K), 0.0820330 secs]
114587.168: [GC 1320875K->1212549K(2370240K), 0.0672520 secs]
114606.627: [GC 1350954K->1273130K(2421696K), 0.1490080 secs]
114619.668: [GC 1374739K->1244472K(2354240K), 0.0566580 secs]
114626.000: [GC 1367160K->1278721K(2431424K), 0.0839330 secs]
114656.501: [GC 1393639K->1311269K(2354816K), 0.1079910 secs]
114663.799: [GC 1434597K->1345520K(2428224K), 0.0689740 secs]
114694.909: [GC 1469552K->1379183K(2355968K), 0.1201570 secs]
114701.323: [GC 1502575K->1412379K(2425024K), 0.0836280 secs]
114735.228: [GC 1535302K->1413228K(2354560K), 0.0930580 secs]
114741.190: [GC 1536236K->1447429K(2422144K), 0.0703330 secs]
114772.506: [GC 1570108K->1480452K(2354176K), 0.1048240 secs]
114778.517: [GC 1602692K->1514732K(2419328K), 0.1023040 secs]
114808.476: [GC 1632996K->1515429K(2419776K), 0.0816770 secs]
114814.867: [GC 1637221K->1549710K(2434944K), 0.1209020 secs]
114846.322: [GC 1665302K->1550747K(2435584K), 0.0953090 secs]
114859.697: [GC 1689370K->1611450K(2423808K), 0.1913480 secs]
114887.685: [GC 1715290K->1582771K(2435520K), 0.0648650 secs]
114895.368: [GC 1711475K->1617105K(2432000K), 0.1056570 secs]
114927.174: [GC 1727818K->1649641K(2434752K), 0.1543080 secs]
114934.605: [GC 1780329K->1683976K(2436800K), 0.1400640 secs]
115098.482: [GC 1820101K->1715748K(2437952K), 0.0967980 secs]
115112.611: [GC 1851875K->1739845K(2433856K), 0.0640800 secs]
115127.811: [GC 1880319K->1772430K(2400640K), 0.0793070 secs]
115141.080: [GC 1911993K->1786847K(2426752K), 0.0906250 secs]
115156.225: [GC 1925663K->1816190K(2431232K), 0.1370150 secs]
115170.898: [GC 1954513K->1844446K(2449344K), 0.1382330 secs]
115188.143: [GC 2002846K->1858970K(2411008K), 0.0773840 secs]
115203.920: [GC 2017370K->1887846K(2438400K), 0.0808570 secs]
115220.829: [GC 2045168K->1912275K(2409280K), 0.1201800 secs]
115238.829: [GC 2068627K->1940887K(2430912K), 0.1062720 secs]
115254.106: [GC 2096215K->1969875K(2434816K), 0.1548220 secs]
115270.730: [GC 2123969K->1998725K(2407104K), 0.0999930 secs]
115287.738: [GC 2151813K->2018415K(2432448K), 0.1248970 secs]
115302.462: [GC 2176270K->2043393K(2450560K), 0.1379630 secs]
115322.318: [GC 2220929K->2067597K(2448960K), 0.1454200 secs]
115343.332: [GC 2245133K->2091611K(2469184K), 0.1363510 secs]
115364.781: [GC 2291099K->2120539K(2467584K), 0.1528960 secs]
115385.901: [GC 2318351K->2149710K(2472640K), 0.1437910 secs]
115405.417: [GC 2353565K->2180953K(2462784K), 0.1061230 secs]
115425.991: [GC 2383577K->2203073K(2466816K), 0.1479010 secs]
115438.261: [GC 2403591K->2295036K(2507840K), 0.1876030 secs]
115438.449: [Full GC 2295036K->1377090K(2527744K), 2.0572310 secs]
115461.631: [GC 1578016K->1404652K(2529984K), 0.0842010 secs]
115485.415: [GC 1602997K->1433282K(2513792K), 0.0738090 secs]
115506.663: [GC 1627188K->1457458K(2522816K), 0.1327800 secs]
115528.998: [GC 1650962K->1486328K(2505920K), 0.0715380 secs]
115541.885: [GC 1681208K->1529160K(2518784K), 0.1346920 secs]
115555.668: [GC 1720273K->1585778K(2521792K), 0.2012540 secs]
115578.240: [GC 1775079K->1605090K(2528384K), 0.1155950 secs]
115591.490: [GC 1802914K->1643148K(2522880K), 0.0990960 secs]
115609.157: [GC 1840967K->1676212K(2527616K), 0.1136660 secs]
115674.702: [GC 1870205K->1714678K(2518784K), 0.1118470 secs]
115705.990: [GC 1907894K->1761892K(2523456K), 0.1323330 secs]
115748.742: [GC 1938513K->1792581K(2507648K), 0.1269350 secs]
115841.406: [GC 1982853K->1816200K(2518592K), 0.1050710 secs]
116267.310: [GC 2002806K->1818007K(2520512K), 0.0448320 secs]
116574.214: [GC 2003534K->1858079K(2514880K), 0.0777130 secs]
116585.519: [GC 2031639K->1902320K(2515072K), 0.1729660 secs]
116594.902: [GC 2065939K->1928655K(2512640K), 0.1219700 secs]
116604.883: [GC 2098831K->1983870K(2513792K), 0.1135260 secs]
116614.422: [GC 2135244K->2014628K(2500352K), 0.1156280 secs]
116623.429: [GC 2169955K->2092396K(2500416K), 0.1398750 secs]
116631.716: [GC 2243025K->2150915K(2502464K), 0.1466680 secs]
116640.572: [GC 2294274K->2209390K(2469888K), 0.1373020 secs]
116649.090: [GC 2348422K->2268159K(2500352K), 0.1207340 secs]
116649.211: [Full GC 2268159K->739304K(2116480K), 1.6209530 secs]
116660.787: [GC 880012K->776336K(2114752K), 0.0708100 secs]
116670.667: [GC 922250K->845880K(2115456K), 0.1022040 secs]
116683.544: [GC 994978K->891790K(2117952K), 0.0853930 secs]
116693.279: [GC 1040754K->949832K(2117824K), 0.1186350 secs]
116719.309: [GC 1104392K->1027494K(2120576K), 0.1574570 secs]
116834.755: [GC 1182054K->1049419K(2116480K), 0.1275290 secs]
117019.306: [GC 1203019K->1049278K(2120320K), 0.0488120 secs]
117054.691: [GC 1200027K->1064613K(2119104K), 0.0698670 secs]
117069.683: [GC 1216292K->1082615K(2068416K), 0.0768760 secs]
117087.202: [GC 1233399K->1101727K(2113088K), 0.1075590 secs]
117103.558: [GC 1251615K->1121175K(2071424K), 0.0891320 secs]
117120.118: [GC 1270151K->1135792K(2106816K), 0.0849640 secs]
117138.145: [GC 1283888K->1154655K(2064448K), 0.0622770 secs]
117155.257: [GC 1301855K->1169645K(2101184K), 0.0902070 secs]
117171.553: [GC 1313154K->1188781K(2067904K), 0.0855590 secs]
117188.833: [GC 1334253K->1208058K(2095232K), 0.0893410 secs]
117204.736: [GC 1347909K->1222558K(2061504K), 0.0654160 secs]
117221.014: [GC 1366323K->1247212K(2091200K), 0.0669560 secs]
117238.897: [GC 1387212K->1251896K(2060096K), 0.0648590 secs]
117257.725: [GC 1394040K->1261794K(2087616K), 0.0717370 secs]
117275.986: [GC 1402614K->1276274K(2058496K), 0.0807990 secs]
117291.558: [GC 1416818K->1300204K(2081792K), 0.0679940 secs]
117308.460: [GC 1439980K->1319852K(2057216K), 0.0664050 secs]
117329.518: [GC 1458276K->1334643K(2076864K), 0.0520710 secs]
117347.372: [GC 1470968K->1348335K(2055232K), 0.0519090 secs]
117366.356: [GC 1485162K->1358011K(2074368K), 0.0849960 secs]
117382.643: [GC 1494715K->1377135K(2053568K), 0.0685130 secs]
117397.469: [GC 1513071K->1392135K(2068800K), 0.0552520 secs]
117413.670: [GC 1527256K->1406211K(2052224K), 0.0889360 secs]
117431.086: [GC 1540675K->1415699K(2066752K), 0.0823280 secs]
117438.488: [GC 1549457K->1443735K(2067200K), 0.0905420 secs]
117443.961: [GC 1576791K->1474404K(2066624K), 0.0977520 secs]
117451.350: [GC 1603876K->1491770K(2070208K), 0.0799900 secs]
117457.097: [GC 1611009K->1516309K(2090560K), 0.1267930 secs]
117466.613: [GC 1649232K->1541490K(2091072K), 0.1174880 secs]
117471.912: [GC 1692722K->1576670K(2113024K), 0.1799270 secs]
117491.704: [GC 1749214K->1602266K(2117120K), 0.1100020 secs]
117512.714: [GC 1774810K->1621906K(2141952K), 0.0716570 secs]
117537.244: [GC 1823186K->1640951K(2143936K), 0.0918760 secs]
117562.985: [GC 1842231K->1664887K(2144960K), 0.0928320 secs]
117589.323: [GC 1872503K->1684927K(2129088K), 0.1050890 secs]
117613.980: [GC 1890879K->1708827K(2137280K), 0.0784290 secs]
117639.190: [GC 1913063K->1732697K(2130176K), 0.0667560 secs]
117663.348: [GC 1935385K->1743139K(2135040K), 0.0677640 secs]
117674.920: [GC 1944219K->1787693K(2135488K), 0.0946510 secs]
117684.637: [GC 1987172K->1820112K(2134720K), 0.0988460 secs]
117693.371: [GC 2014759K->1874321K(2137536K), 0.1078270 secs]
117706.625: [GC 2070991K->1901534K(2147648K), 0.0994240 secs]
117706.724: [Full GC 1901534K->1367071K(2531520K), 2.0551740 secs]
117717.858: [GC 1570463K->1406679K(2529536K), 0.0879790 secs]
117729.712: [GC 1610071K->1446331K(2517760K), 0.1580390 secs]
117738.833: [GC 1634426K->1486786K(2523648K), 0.1166150 secs]
117751.079: [GC 1675266K->1513870K(2519232K), 0.0710730 secs]
117758.789: [GC 1702464K->1558096K(2521152K), 0.1035270 secs]
117767.928: [GC 1747792K->1599020K(2522816K), 0.1028540 secs]
117778.604: [GC 1784492K->1628143K(2502656K), 0.1004620 secs]
117789.282: [GC 1813615K->1657845K(2521600K), 0.1270620 secs]
117799.036: [GC 1838498K->1689233K(2520448K), 0.0870970 secs]
117810.709: [GC 1873408K->1732846K(2523840K), 0.1191890 secs]
117819.433: [GC 1922222K->1805066K(2523520K), 0.1259100 secs]
117831.448: [GC 1994442K->1818949K(2524352K), 0.0762690 secs]
117839.781: [GC 2008773K->1855059K(2513216K), 0.0837990 secs]
117850.638: [GC 2034027K->1885507K(2523776K), 0.1075350 secs]
117858.382: [GC 2069332K->1938216K(2521792K), 0.0848500 secs]
117873.305: [GC 2125518K->1944963K(2515392K), 0.1146940 secs]
117893.669: [GC 2123066K->1963355K(2518592K), 0.1415690 secs]
117910.594: [GC 2137094K->1978099K(2518400K), 0.1410610 secs]
117925.868: [GC 2156467K->1994087K(2481728K), 0.0987060 secs]
117947.906: [GC 2172455K->2008872K(2512000K), 0.0948430 secs]
117968.711: [GC 2185960K->2028196K(2478336K), 0.1211780 secs]
117981.786: [GC 2204068K->2043330K(2508288K), 0.0880850 secs]
118002.707: [GC 2217439K->2062488K(2475264K), 0.0804230 secs]
118077.090: [GC 2234891K->2076622K(2503552K), 0.0867190 secs]
118315.933: [GC 2248846K->2085603K(2461952K), 0.0966380 secs]
118352.885: [GC 2256675K->2124974K(2499328K), 0.0862970 secs]
118592.264: [GC 2278731K->2145688K(2452672K), 0.1827590 secs]
118728.012: [GC 2310680K->2169490K(2498560K), 0.0848910 secs]
118942.073: [GC 2333394K->2194002K(2450944K), 0.1480010 secs]
119079.044: [GC 2356389K->2195698K(2495936K), 0.0705650 secs]
119155.425: [GC 2357490K->2197786K(2452672K), 0.0882110 secs]
119374.302: [GC 2358176K->2198482K(2489792K), 0.1199930 secs]
119648.343: [GC 2358226K->2199130K(2451968K), 0.0850670 secs]
119781.542: [GC 2357850K->2199235K(2483520K), 0.0610830 secs]
119925.251: [GC 2356929K->2223963K(2485568K), 0.1046490 secs]
119974.412: [GC 2380699K->2247452K(2486592K), 0.1346930 secs]
120000.491: [GC-- 2401172K->2448653K(2486592K), 0.2063210 secs]
120000.697: [Full GC 2448653K->193335K(1476928K), 1.4364140 secs]
120044.452: [GC 346363K->217756K(1454080K), 0.0396190 secs]
120071.848: [GC 370524K->242545K(1476608K), 0.0674460 secs]
120100.504: [GC 394343K->313514K(1476672K), 0.1066640 secs]
120136.530: [GC 464362K->313995K(1478144K), 0.0851560 secs]
120170.160: [GC 480380K->377500K(1484224K), 0.1059800 secs]
120192.158: [GC 520600K->425034K(1474944K), 0.1299040 secs]
120216.868: [GC 550048K->417042K(1463296K), 0.0963670 secs]
120234.107: [GC 546236K->472545K(1478912K), 0.1091350 secs]
120249.791: [GC 592417K->528175K(1451968K), 0.1251120 secs]
120276.511: [GC 632976K->512437K(1476736K), 0.0653690 secs]
120280.374: [GC 626100K->575573K(1445504K), 0.0725610 secs]
120297.948: [GC 682327K->607380K(1469440K), 0.0882060 secs]
120320.636: [GC 694475K->615351K(1388288K), 0.0705160 secs]
120322.613: [GC 717524K->654524K(1474624K), 0.0659690 secs]
120343.198: [GC 757781K->678402K(1415616K), 0.0829110 secs]
120377.817: [GC 785317K->718358K(1470272K), 0.0962720 secs]
120414.180: [GC 829224K->766059K(1411648K), 0.0873970 secs]
120453.225: [GC 876779K->790040K(1457024K), 0.0906540 secs]
120476.433: [GC 889618K->837677K(1410688K), 0.0819910 secs]
120503.514: [GC 947373K->885340K(1454784K), 0.1126780 secs]
120528.960: [GC 992732K->909302K(1407872K), 0.1049770 secs]
120555.061: [GC 1016180K->933123K(1448128K), 0.1247170 secs]
120574.624: [GC 1038904K->980601K(1406848K), 0.1044330 secs]
120601.691: [GC 1086585K->1028406K(1442368K), 0.1031140 secs]
120631.064: [GC 1131181K->1076016K(1406144K), 0.1108110 secs]
120632.173: [GC 1154911K->1148017K(1438464K), 0.1563190 secs]
120633.236: [GC 1246817K->1194917K(1442432K), 0.1131970 secs]
120659.477: [GC 1292532K->1250629K(1459776K), 0.1627940 secs]
120659.640: [Full GC 1250629K->957085K(2249280K), 1.3774190 secs]
120690.055: [GC 1072733K->988938K(2254336K), 0.0562400 secs]
120728.490: [GC 1104399K->1013622K(2268800K), 0.0676550 secs]
120757.143: [GC 1150828K->1060614K(2270976K), 0.0887070 secs]
120765.338: [GC 1197830K->1108262K(2280256K), 0.1127410 secs]
120810.797: [GC 1251677K->1180339K(2235584K), 0.1155070 secs]
120832.332: [GC 1325040K->1227945K(2280256K), 0.1176700 secs]
120877.666: [GC 1372713K->1252541K(2281536K), 0.0929110 secs]
120891.047: [GC 1354355K->1300134K(2279040K), 0.1099240 secs]
120905.935: [GC 1440171K->1395612K(2280320K), 0.2114150 secs]
120934.997: [GC 1541040K->1443216K(2280512K), 0.1480760 secs]
120972.516: [GC 1588047K->1467055K(2234432K), 0.1219510 secs]
121014.672: [GC 1588290K->1491288K(2274880K), 0.1552590 secs]
121038.451: [GC 1628211K->1542082K(2235968K), 0.1245220 secs]
121040.071: [GC 1684348K->1610620K(2275840K), 0.1661940 secs]
121080.053: [GC 1754428K->1658381K(2274304K), 0.1242530 secs]
121107.047: [GC 1802189K->1730106K(2281792K), 0.1532600 secs]
121132.220: [GC 1883057K->1793478K(2284800K), 0.1853840 secs]
121148.308: [GC 1945410K->1856491K(2283136K), 0.2491530 secs]
121189.152: [GC 1994563K->1904408K(2285312K), 0.1299240 secs]
121199.159: [GC 2060054K->2023461K(2284544K), 0.2756340 secs]
121199.435: [Full GC 2023461K->1660358K(2504704K), 2.4621660 secs]
121239.126: [GC 1816507K->1684345K(2507584K), 0.0928430 secs]
121264.125: [GC 1798151K->1731935K(2503104K), 0.0929740 secs]
121272.820: [GC 1867602K->1803652K(2506048K), 0.1250650 secs]
121298.046: [GC 1961466K->1852321K(2502400K), 0.0989830 secs]
121324.564: [GC 2003418K->1900289K(2485888K), 0.1419680 secs]
121344.270: [GC 2050699K->1971853K(2504512K), 0.1678880 secs]
121381.920: [GC 2120902K->2019966K(2482944K), 0.1264640 secs]
121418.586: [GC 2168122K->2107245K(2499456K), 0.2214510 secs]
121444.407: [GC 2254509K->2154956K(2500288K), 0.1592000 secs]
121494.027: [GC 2301312K->2250544K(2500608K), 0.2485180 secs]
121494.276: [Full GC 2250544K->1283270K(2500608K), 1.9404790 secs]
121509.049: [GC 1428792K->1322954K(2470912K), 0.0738240 secs]
121555.686: [GC 1467577K->1371182K(2496768K), 0.0832670 secs]
121586.510: [GC 1514924K->1411098K(2469504K), 0.1059430 secs]
121624.448: [GC 1531635K->1451064K(2489664K), 0.1283910 secs]
121655.542: [GC 1588940K->1547537K(2493056K), 0.0943200 secs]
121661.150: [GC 1685318K->1608005K(2488960K), 0.1256240 secs]
121702.295: [GC 1740100K->1637358K(2494656K), 0.1310840 secs]
121752.615: [GC 1727947K->1637511K(2491904K), 0.0701570 secs]
121772.152: [GC 1768903K->1732834K(2465152K), 0.1132430 secs]
121826.879: [GC 1838951K->1703980K(2491392K), 0.0628120 secs]
121835.277: [GC 1833964K->1751718K(2492992K), 0.1076480 secs]
121877.964: [GC 1881695K->1799861K(2492096K), 0.1118140 secs]
121929.865: [GC 1926800K->1808265K(2492864K), 0.0988840 secs]
121942.173: [GC 1936841K->1853897K(2492480K), 0.1132450 secs]
121981.472: [GC 1978417K->1931806K(2443648K), 0.1774690 secs]
121984.920: [GC 2058526K->1995040K(2487552K), 0.1548690 secs]
122029.256: [GC 2120338K->2043582K(2488960K), 0.1416390 secs]
122085.051: [GC 2155413K->2091537K(2490112K), 0.1375150 secs]
122127.782: [GC 2206002K->2133038K(2492416K), 0.0852610 secs]
122168.999: [GC 2259053K->2154010K(2488384K), 0.1084750 secs]
122194.194: [GC 2281748K->2204110K(2489984K), 0.1241250 secs]
122213.506: [GC 2331150K->2224608K(2487232K), 0.1220260 secs]
122213.628: [Full GC 2224608K->1565636K(2487232K), 2.2188610 secs]
122258.318: [GC 1687053K->1586824K(2433408K), 0.0710960 secs]
122307.792: [GC 1711859K->1607772K(2481728K), 0.0764000 secs]
122376.894: [GC 1732417K->1630720K(2434112K), 0.0793110 secs]
122406.341: [GC 1754934K->1690740K(2473664K), 0.1458860 secs]
122444.722: [GC 1807473K->1691065K(2423936K), 0.1073150 secs]
122481.576: [GC 1803319K->1698801K(2477696K), 0.0892270 secs]
122487.240: [GC 1814383K->1734963K(2478144K), 0.1247170 secs]
122491.292: [GC 1867152K->1820441K(2492096K), 0.0954460 secs]
122499.249: [GC 1953749K->1835005K(2491840K), 0.0834160 secs]
122513.693: [GC 1968311K->1857581K(2497408K), 0.0856010 secs]
122524.077: [GC 1998332K->1900869K(2497024K), 0.1072340 secs]
122550.685: [GC 2037987K->1942639K(2503232K), 0.1008850 secs]
122563.633: [GC 2112227K->1978444K(2504000K), 0.0914390 secs]
122586.917: [GC 2133001K->1980236K(2508160K), 0.0817870 secs]
122627.145: [GC 2142156K->1993881K(2468672K), 0.1016050 secs]
122682.089: [GC 2149629K->2014729K(2497472K), 0.0880980 secs]
122691.618: [GC 2156210K->2114039K(2500928K), 0.1901350 secs]
122729.100: [GC 2273652K->2176599K(2507584K), 0.1678500 secs]
122782.233: [GC 2335927K->2197924K(2467200K), 0.1041250 secs]
122837.899: [GC 2356788K->2240310K(2500096K), 0.1384030 secs]
122838.037: [Full GC 2240310K->942952K(2176640K), 1.7477020 secs]
122868.323: [GC 1100959K->1084251K(2178624K), 0.1251750 secs]
122885.201: [GC 1241115K->1105322K(2174976K), 0.0708380 secs]
122946.746: [GC 1246323K->1126427K(2139264K), 0.0919670 secs]
122990.826: [GC 1281110K->1168373K(2172480K), 0.0915740 secs]
123032.933: [GC 1320249K->1189189K(2135360K), 0.1098860 secs]
123070.330: [GC 1332293K->1237678K(2164544K), 0.0925490 secs]
123074.259: [GC 1387756K->1284658K(2168384K), 0.0997690 secs]
123089.905: [GC 1434866K->1308956K(2189824K), 0.0959260 secs]
123096.355: [GC 1474643K->1353569K(2173952K), 0.0963210 secs]
123133.577: [GC 1518722K->1404931K(2190016K), 0.1077130 secs]
123171.038: [GC 1570178K->1444543K(2169088K), 0.0870790 secs]
123239.528: [GC 1607505K->1506891K(2183040K), 0.1096340 secs]
123273.019: [GC 1669707K->1551586K(2148864K), 0.0816150 secs]
123286.330: [GC 1713179K->1654833K(2176448K), 0.1362010 secs]
123292.729: [GC 1810609K->1726277K(2182272K), 0.1797800 secs]
123327.840: [GC 1882053K->1753727K(2184128K), 0.1036730 secs]
123350.898: [GC 1912511K->1774424K(2143296K), 0.0799250 secs]
123407.239: [GC 1930493K->1797466K(2175040K), 0.0992020 secs]
123414.999: [GC 1955095K->1915271K(2179776K), 0.1586250 secs]
123415.157: [Full GC 1915271K->1534969K(2503232K), 2.2800970 secs]
123456.079: [GC 1689710K->1556200K(2510080K), 0.0829780 secs]
123533.755: [GC 1714612K->1602236K(2470592K), 0.1071330 secs]
123556.277: [GC 1719175K->1639662K(2498880K), 0.1545700 secs]
123574.789: [GC 1792500K->1689367K(2500608K), 0.1027070 secs]
123659.047: [GC 1845591K->1760844K(2499968K), 0.1360240 secs]
123694.803: [GC 1916028K->1779437K(2460352K), 0.0689590 secs]
123695.903: [GC 1933613K->1772620K(2498624K), 0.0417480 secs]
123862.970: [GC 1925068K->1774173K(2500352K), 0.0737740 secs]
123895.075: [GC 1926618K->1874185K(2497664K), 0.1276750 secs]
123975.885: [GC 2023369K->1925760K(2504000K), 0.1598440 secs]
123995.197: [GC 2074944K->1926578K(2499840K), 0.0522710 secs]
124014.193: [GC 2074802K->1927856K(2435904K), 0.0554320 secs]
124036.522: [GC 2075120K->1930263K(2494400K), 0.1187240 secs]
124094.157: [GC 2055995K->1930345K(2433408K), 0.0692450 secs]
124098.992: [GC 2060662K->1989901K(2482816K), 0.0913870 secs]
124099.722: [GC 2120676K->2042974K(2477696K), 0.1504500 secs]
124103.914: [GC 2176856K->2112892K(2494656K), 0.1988410 secs]
124112.126: [GC 2237315K->2169386K(2441536K), 0.2628130 secs]
124118.509: [GC 2276009K->2223818K(2490304K), 0.2094450 secs]
124118.719: [Full GC 2223818K->754759K(2077952K), 1.5964460 secs]
124125.126: [GC 884607K->810291K(2074112K), 0.1096530 secs]
124130.771: [GC 936593K->873071K(2067264K), 0.1217770 secs]
124138.868: [GC 989359K->865631K(2075200K), 0.1104590 secs]
124144.065: [GC 970222K->920983K(2063424K), 0.1129260 secs]
124149.638: [GC 1029835K->1004071K(2070976K), 0.0954630 secs]
124154.303: [GC 1097921K->1031690K(2072576K), 0.0894190 secs]
124159.955: [GC 1133623K->1031752K(2020032K), 0.0675390 secs]
124164.822: [GC 1123716K->1087044K(2072896K), 0.0907760 secs]
124169.620: [GC 1183474K->1114760K(2048000K), 0.1332090 secs]
124175.612: [GC 1214297K->1114806K(2077120K), 0.0708040 secs]
124181.051: [GC 1217413K->1170168K(2074304K), 0.1514420 secs]
124186.871: [GC 1267893K->1197842K(2072320K), 0.1114010 secs]
124202.158: [GC 1301278K->1198016K(2015360K), 0.0605850 secs]
124206.632: [GC 1296331K->1253360K(2071424K), 0.1007670 secs]
124210.904: [GC 1349397K->1253738K(2072768K), 0.0790280 secs]
124215.508: [GC 1346683K->1309091K(2070848K), 0.0946630 secs]
124220.408: [GC 1408038K->1336919K(2072320K), 0.0752070 secs]
124225.369: [GC 1454039K->1369043K(2073408K), 0.0704270 secs]
124230.044: [GC 1484475K->1420424K(2075712K), 0.1463930 secs]
124234.664: [GC 1525649K->1475904K(2080000K), 0.1088190 secs]
124239.498: [GC 1613052K->1531202K(2082240K), 0.1051370 secs]
124247.716: [GC 1668354K->1586712K(2086912K), 0.1425340 secs]
124253.356: [GC 1703926K->1614406K(2040448K), 0.1221310 secs]
124258.937: [GC 1729941K->1698233K(2079296K), 0.1261330 secs]
124264.139: [GC 1816184K->1697891K(2083456K), 0.1143790 secs]
124269.041: [GC 1832481K->1780443K(2080704K), 0.1218800 secs]
124274.608: [GC 1911920K->1815645K(2084032K), 0.1244800 secs]
124274.733: [Full GC 1815645K->1594039K(2496384K), 1.5292790 secs]
124279.125: [GC 1727377K->1688919K(2495168K), 0.1374580 secs]
124285.827: [GC 1824791K->1673137K(2496576K), 0.1464090 secs]
124290.929: [GC 1809003K->1728497K(2493760K), 0.1191280 secs]
124295.240: [GC 1848467K->1771869K(2436928K), 0.1277470 secs]
124300.107: [GC 1906323K->1827233K(2490560K), 0.1062290 secs]
124305.705: [GC 1949858K->1882919K(2493312K), 0.1059180 secs]
124311.649: [GC 2010727K->1910675K(2488512K), 0.1094930 secs]
124320.309: [GC 2029890K->1966115K(2491264K), 0.2457460 secs]
124325.349: [GC 2095971K->2049339K(2492544K), 0.1736890 secs]
124327.367: [GC 2182656K->2096020K(2496064K), 0.2030150 secs]
124353.557: [GC 2229332K->2088493K(2493504K), 0.0662580 secs]
124416.079: [GC 2219664K->2089224K(2419456K), 0.0648250 secs]
124478.269: [GC 2206145K->2090060K(2493888K), 0.0657120 secs]
124483.982: [GC 2219148K->2189051K(2465472K), 0.1810230 secs]
124571.030: [GC 2318139K->2242310K(2491520K), 0.2216860 secs]
124571.252: [Full GC 2242310K->1573568K(2491520K), 2.3483340 secs]
124621.455: [GC 1696960K->1575192K(2411584K), 0.0557900 secs]
124673.282: [GC 1697211K->1576723K(2491520K), 0.0518940 secs]
124675.168: [GC 1702034K->1674372K(2489600K), 0.1243190 secs]
124723.657: [GC 1799684K->1683576K(2491456K), 0.0970010 secs]
124738.459: [GC 1807414K->1704681K(2433216K), 0.0571180 secs]
124752.308: [GC 1825183K->1727319K(2490688K), 0.0891870 secs]
124764.550: [GC 1850096K->1758977K(2485696K), 0.0895090 secs]
124772.767: [GC 1888670K->1781658K(2494848K), 0.0844510 secs]
124785.295: [GC 1924074K->1804422K(2494208K), 0.0815400 secs]
124810.789: [GC 1951366K->1835000K(2502144K), 0.0795130 secs]
124845.252: [GC 1995932K->1857685K(2504704K), 0.1121840 secs]
124861.761: [GC 2015295K->1878611K(2512256K), 0.0710330 secs]
124875.115: [GC 2058704K->1965764K(2515840K), 0.1284350 secs]
124880.878: [GC 2145860K->2000810K(2516608K), 0.0846110 secs]
124901.159: [GC 2179415K->1989876K(2519360K), 0.0649160 secs]
124919.557: [GC 2169236K->1965477K(2519296K), 0.0466310 secs]
125049.316: [GC 2146816K->1989444K(2492544K), 0.0870100 secs]
125058.422: [GC 2146192K->2028481K(2521984K), 0.1798110 secs]
125088.021: [GC 2213626K->2086114K(2519744K), 0.1031920 secs]
125098.113: [GC 2271152K->2141184K(2522432K), 0.1397810 secs]
125169.781: [GC 2329920K->2183390K(2521344K), 0.1159250 secs]
125238.935: [GC 2366677K->2224769K(2511168K), 0.1092010 secs]
125239.044: [Full GC 2224769K->1043436K(2429952K), 1.7832720 secs]
125244.147: [GC 1212068K->1157571K(2430400K), 0.1389390 secs]
125319.152: [GC 1325207K->1181285K(2432128K), 0.1322500 secs]
125364.609: [GC 1345599K->1218723K(2402496K), 0.1181690 secs]
125384.405: [GC 1384864K->1332858K(2415616K), 0.1796030 secs]
125423.437: [GC 1484945K->1298689K(2424384K), 0.0580990 secs]
125493.543: [GC 1451073K->1322354K(2413312K), 0.1348200 secs]
125506.106: [GC 1473508K->1404021K(2419712K), 0.1172010 secs]
125572.785: [GC 1555445K->1458203K(2416064K), 0.1369180 secs]
125636.797: [GC 1601782K->1479021K(2376640K), 0.1078910 secs]
125638.606: [GC 1627755K->1486840K(2418944K), 0.0885870 secs]
125694.507: [GC 1638685K->1488814K(2416576K), 0.0816230 secs]
125751.628: [GC 1640814K->1505398K(2428480K), 0.0651150 secs]
125780.874: [GC 1669322K->1516788K(2429376K), 0.1004490 secs]
125788.800: [GC 1682094K->1577177K(2429760K), 0.1010670 secs]
125849.460: [GC 1749081K->1585941K(2431296K), 0.0738110 secs]
125900.192: [GC 1757832K->1685221K(2423936K), 0.1886550 secs]
125987.386: [GC 1852069K->1643634K(2379648K), 0.0578440 secs]
126081.092: [GC 1788528K->1644469K(2427520K), 0.0730120 secs]
126154.381: [GC 1808512K->1694051K(2419904K), 0.1303200 secs]
126245.893: [GC 1857624K->1789189K(2414592K), 0.1792430 secs]
126338.528: [GC 1931678K->1790245K(2397824K), 0.1055880 secs]
126419.935: [GC 1930312K->1809814K(2394304K), 0.1259650 secs]
126427.786: [GC 1923156K->1904568K(2388416K), 0.2141240 secs]
126465.437: [GC 2017908K->1912293K(2395136K), 0.1306990 secs]
126491.427: [GC 2007589K->1919839K(2395840K), 0.1335990 secs]
126503.447: [GC 2015135K->1986565K(2395840K), 0.2340650 secs]
126584.154: [GC 2073046K->1986955K(2395840K), 0.0876810 secs]
126593.278: [GC 2074118K->2010341K(2395840K), 0.0911790 secs]
126594.681: [GC 2105624K->2056060K(2395840K), 0.1180820 secs]
126643.960: [GC 2151356K->2106105K(2395840K), 0.1595070 secs]
126644.120: [Full GC 2106105K->826177K(2252160K), 1.5970310 secs]
126686.217: [GC 921447K->853181K(2252160K), 0.0535730 secs]
126750.516: [GC 947660K->847059K(2252160K), 0.0634080 secs]
126751.635: [GC 942359K->896219K(2252160K), 0.0843640 secs]
126819.133: [GC 991515K->946134K(2252032K), 0.0960370 secs]
126873.438: [GC 1022056K->946355K(2157312K), 0.0319440 secs]
126882.606: [GC 1041145K->993757K(2250240K), 0.0635150 secs]
126929.458: [GC 1138162K->1020445K(2251008K), 0.0617050 secs]
126946.226: [GC 1114365K->1020379K(2249408K), 0.0337130 secs]
126977.437: [GC 1118491K->1036923K(2250624K), 0.0393880 secs]
127017.264: [GC 1135035K->1048247K(2230784K), 0.0630410 secs]
127090.667: [GC 1145975K->1048864K(2160064K), 0.0748670 secs]
127101.585: [GC 1146193K->1148315K(2233344K), 0.1354680 secs]
127138.937: [GC 1240411K->1198108K(2153856K), 0.1237490 secs]
127162.732: [GC 1289877K->1222035K(2225600K), 0.0742900 secs]
127170.314: [GC 1313481K->1269503K(2230720K), 0.1067520 secs]
127182.061: [GC 1360956K->1269653K(2235904K), 0.0967440 secs]
127189.865: [GC 1368563K->1324651K(2241408K), 0.1052750 secs]
127199.045: [GC 1428139K->1317538K(2252032K), 0.0857980 secs]
127215.691: [GC 1435554K->1365124K(2257152K), 0.1521380 secs]
127224.155: [GC 1462014K->1412493K(2262208K), 0.1710490 secs]
127234.442: [GC 1547012K->1459979K(2265600K), 0.1180900 secs]
127248.639: [GC 1595467K->1508016K(2275136K), 0.1439900 secs]
127255.162: [GC 1633454K->1531950K(2275136K), 0.1208950 secs]
127260.034: [GC 1664859K->1654909K(2270912K), 0.1865040 secs]
127268.476: [GC 1795221K->1759598K(2261056K), 0.1549820 secs]
127286.529: [GC 1890953K->1775957K(2275264K), 0.0993880 secs]
127295.694: [GC 1914579K->1847157K(2271680K), 0.1166760 secs]
127310.586: [GC 1985634K->1872057K(2263360K), 0.1162500 secs]
127319.580: [GC 1998062K->1942447K(2235520K), 0.1225730 secs]
127328.074: [GC 2069544K->1967802K(2269632K), 0.0992490 secs]
127328.174: [Full GC 1967802K->1268963K(2494528K), 1.9643540 secs]
127344.504: [GC 1396639K->1317182K(2491968K), 0.0989550 secs]
127352.897: [GC 1442801K->1348463K(2489280K), 0.0838500 secs]
127368.105: [GC 1477163K->1365316K(2491008K), 0.0879920 secs]
127375.980: [GC 1494780K->1436109K(2479616K), 0.1871210 secs]
127385.778: [GC 1555600K->1436154K(2489472K), 0.1229090 secs]
127395.369: [GC 1555102K->1476818K(2481728K), 0.1356560 secs]
127398.321: [GC 1595223K->1538216K(2480448K), 0.1766870 secs]
127402.189: [GC 1660456K->1633852K(2487552K), 0.1715160 secs]
127404.474: [GC 1748284K->1705188K(2424768K), 0.1299490 secs]
127410.131: [GC 1819620K->1705592K(2482048K), 0.0594580 secs]
127410.221: [GC 1705660K->1705605K(2484352K), 0.0347160 secs]
127412.053: [GC 1817733K->1729523K(2479424K), 0.0939790 secs]
127414.740: [GC 1842867K->1781927K(2482496K), 0.1708120 secs]
127416.384: [GC 1883254K->1793725K(2486272K), 0.0839390 secs]
127417.947: [GC 1918909K->1837909K(2487168K), 0.0834890 secs]
127419.021: [GC 1977097K->1889519K(2494592K), 0.1094040 secs]
127420.822: [GC 2024533K->1936929K(2495296K), 0.0886140 secs]
127423.321: [GC 2093213K->1987056K(2493248K), 0.0898150 secs]
127426.257: [GC 2118960K->1987103K(2494336K), 0.0429560 secs]
127426.301: [GC 1987256K->1987079K(2492864K), 0.0792950 secs]
127428.570: [GC 2115889K->2034848K(2469696K), 0.0909250 secs]
127432.552: [GC 2170208K->2034706K(2496320K), 0.0785240 secs]
127435.129: [GC 2166482K->2059685K(2443328K), 0.0683990 secs]
127435.198: [GC 2060480K->2064625K(2492672K), 0.1036810 secs]
127436.775: [GC 2198321K->2078208K(2490752K), 0.0764550 secs]
127438.044: [GC 2212855K->2104014K(2494912K), 0.0793500 secs]
127442.557: [GC 2246350K->2119777K(2495360K), 0.1051040 secs]
127445.912: [GC 2262120K->2167372K(2494208K), 0.1081300 secs]
127448.254: [GC 2310156K->2188284K(2500800K), 0.1239500 secs]
127448.378: [GC 2188286K->2188261K(2496576K), 0.0821500 secs]
127448.461: [Full GC 2188261K->1602154K(2496576K), 2.2340490 secs]
127452.405: [GC 1749738K->1644782K(2499584K), 0.0825790 secs]
127454.897: [GC 1804075K->1716319K(2492224K), 0.1030690 secs]
127458.101: [GC 1852191K->1740178K(2497344K), 0.0993090 secs]
127458.201: [GC 1740717K->1763913K(2495744K), 0.1293060 secs]
127462.069: [GC 1904714K->1763966K(2496640K), 0.0513500 secs]
127462.121: [GC 1764396K->1763958K(2499840K), 0.0493620 secs]
127466.593: [GC 1912310K->1764450K(2501248K), 0.0471550 secs]
127468.611: [GC 1912813K->1812888K(2493056K), 0.1492820 secs]
127470.389: [GC 1955160K->1843298K(2500544K), 0.1012060 secs]
127473.845: [GC 1985570K->1836601K(2493056K), 0.0554340 secs]
127473.901: [GC 1836632K->1836597K(2498432K), 0.0372760 secs]
127477.744: [GC 1995352K->1860591K(2498304K), 0.0832980 secs]
127481.556: [GC 2015983K->1860692K(2503296K), 0.0397000 secs]
127481.596: [GC 1861362K->1860670K(2503296K), 0.0393840 secs]
127485.402: [GC 2026434K->1884647K(2508224K), 0.0586410 secs]
127489.640: [GC 2050407K->1908464K(2511808K), 0.0710980 secs]
127494.409: [GC 2095683K->1932391K(2513856K), 0.0425030 secs]
127498.446: [GC 2105835K->1932453K(2513664K), 0.0429850 secs]
127503.751: [GC 2112997K->1933414K(2515776K), 0.0592580 secs]
127503.812: [GC 1933431K->1933427K(2519168K), 0.0584600 secs]
127507.825: [GC 2124467K->2003363K(2516352K), 0.0843670 secs]
127513.500: [GC 2194403K->2012205K(2523072K), 0.0811520 secs]
127517.556: [GC 2200679K->2047715K(2500480K), 0.0946240 secs]
127520.384: [GC 2233317K->2126019K(2504832K), 0.1338500 secs]
127523.051: [GC 2247340K->2181512K(2512320K), 0.1379590 secs]
127526.347: [Full GC 2364540K->1861483K(2512320K), 2.5918300 secs]
127531.287: [GC 2027307K->1875943K(2501504K), 0.1143310 secs]
127533.511: [GC 2044263K->1886766K(2508160K), 0.0968220 secs]
127533.613: [GC 1887283K->1886786K(2516800K), 0.0944390 secs]
127536.587: [GC 2065922K->1900351K(2479296K), 0.0540390 secs]
127541.022: [GC 2079487K->1888011K(2518720K), 0.0489500 secs]
127541.072: [GC 1888013K->1887978K(2517504K), 0.0487880 secs]
127545.165: [GC 2071594K->1950597K(2512832K), 0.1052220 secs]
127551.205: [GC 2130757K->1911802K(2519488K), 0.0719030 secs]
127555.930: [GC 2091966K->1959564K(2502848K), 0.1000640 secs]
127560.337: [GC 2124492K->1935813K(2511872K), 0.0637310 secs]
127565.552: [GC 2101686K->1936841K(2506432K), 0.0593310 secs]
127569.590: [GC 2103369K->1960772K(2509952K), 0.0943970 secs]
127573.821: [GC 2127300K->1965911K(2509632K), 0.1259040 secs]
127578.510: [GC 2138263K->1977346K(2512704K), 0.0602900 secs]
127582.107: [GC 2149698K->1997178K(2516800K), 0.0832680 secs]
127586.231: [GC 2202286K->2043575K(2517312K), 0.0896370 secs]
127590.640: [GC 2225399K->2044185K(2519744K), 0.0892430 secs]
127590.731: [GC 2044786K->2044149K(2466112K), 0.0488740 secs]
127593.793: [GC 2223674K->2122658K(2506688K), 0.1077050 secs]
127596.554: [GC 2291560K->2130060K(2505280K), 0.0969560 secs]
127599.769: [GC 2298956K->2154055K(2508672K), 0.1011800 secs]
127603.654: [GC 2309575K->2154052K(2442240K), 0.0662110 secs]
127608.467: [GC 2309574K->2154094K(2506176K), 0.0538330 secs]
127611.829: [GC 2311086K->2201686K(2491264K), 0.0816290 secs]
127611.913: [GC 2201733K->2178004K(2505536K), 0.0774680 secs]
127615.949: [GC 2328660K->2178304K(2437568K), 0.0617520 secs]
127620.154: [GC 2328960K->2178865K(2504192K), 0.0569830 secs]
127622.869: [GC 2335819K->2242237K(2495872K), 0.0917850 secs]
127626.914: [GC 2395195K->2241278K(2502656K), 0.1170250 secs]
127627.031: [Full GC 2241278K->1876004K(2502656K), 2.5554130 secs]
127633.151: [GC 2018980K->1876921K(2430464K), 0.0731830 secs]
127636.039: [GC 2019897K->1930787K(2486784K), 0.0734140 secs]
127636.113: [GC 1930797K->1930817K(2495936K), 0.0770000 secs]
127638.515: [GC 2063873K->1966782K(2495936K), 0.0903060 secs]
127638.606: [GC 1967150K->1966785K(2422080K), 0.1009940 secs]
127642.163: [GC 2135780K->2014565K(2498624K), 0.0688830 secs]
127645.620: [GC 2153829K->2062374K(2473664K), 0.0871100 secs]
127648.462: [GC 2201748K->2081153K(2500224K), 0.1204460 secs]
127650.421: [GC 2218125K->2147644K(2495232K), 0.1057530 secs]
127654.006: [GC 2329879K->2195397K(2481024K), 0.1250420 secs]
127656.358: [Full GC 2316664K->2146063K(2481024K), 1.1191190 secs]
127660.440: [GC 2263503K->2146127K(2488128K), 0.0507800 secs]
127662.707: [GC 2263568K->2165215K(2473024K), 0.0689110 secs]
127665.975: [GC 2285343K->2157516K(2481920K), 0.0574300 secs]
127668.908: [GC 2277657K->2171714K(2485568K), 0.0627270 secs]
127671.126: [GC 2308866K->2178612K(2491520K), 0.0522030 secs]
127671.192: [GC 2182740K->2178652K(2497856K), 0.0580500 secs]
127672.292: [GC 2343368K->2216373K(2502272K), 0.0586970 secs]
127675.228: [GC 2369845K->2262896K(2496320K), 0.0826500 secs]
127678.860: [GC 2413104K->2262672K(2504512K), 0.1017790 secs]
127678.962: [Full GC 2262672K->1780228K(2504512K), 2.4517460 secs]
127681.425: [GC 1781406K->1780292K(2497216K), 0.0350660 secs]
127684.637: [GC 1932804K->1876033K(2487168K), 0.1040470 secs]
127689.447: [GC 2028546K->1924919K(2504192K), 0.1038110 secs]
127689.551: [GC 1925799K->1924903K(2433472K), 0.0490850 secs]
127692.905: [GC 2071783K->1972419K(2491456K), 0.0753540 secs]
127696.419: [GC 2111939K->1986284K(2498816K), 0.0914490 secs]
127696.517: [GC 1988318K->1986538K(2492544K), 0.0774310 secs]
127699.056: [GC 2131759K->2023114K(2497216K), 0.0709660 secs]
127703.197: [GC 2168330K->2001239K(2504640K), 0.0771870 secs]
127707.045: [GC 2152475K->2025305K(2461952K), 0.0753550 secs]
127710.761: [GC 2176537K->2056726K(2506752K), 0.0996380 secs]
127715.513: [GC 2212694K->2049077K(2503488K), 0.0570830 secs]
127719.302: [GC 2223709K->2091469K(2508544K), 0.0533610 secs]
127722.317: [GC 2254733K->2088853K(2506112K), 0.0638440 secs]
127725.799: [GC 2257697K->2116869K(2507712K), 0.1226470 secs]
127726.864: [GC 2285457K->2133958K(2509824K), 0.0766960 secs]
127731.385: [GC 2324803K->2181574K(2515008K), 0.0754980 secs]
127733.930: [GC 2351825K->2229015K(2504320K), 0.0754700 secs]
127737.815: [GC 2399255K->2275940K(2508800K), 0.1554130 secs]
127737.971: [Full GC 2275940K->2025376K(2508800K), 2.7153440 secs]
127744.334: [GC 2183948K->2037102K(2449600K), 0.0664650 secs]
127747.183: [GC 2194810K->2066718K(2502592K), 0.0593790 secs]
127749.054: [GC 2221854K->2129234K(2491776K), 0.1687330 secs]
127752.372: [GC 2303472K->2197482K(2476992K), 0.1183590 secs]
127754.818: [GC 2317368K->2196373K(2473152K), 0.1431450 secs]
127756.756: [GC 2316253K->2218714K(2475392K), 0.1613940 secs]
127760.248: [GC 2315290K->2218218K(2411904K), 0.1390330 secs]
127762.328: [GC 2314794K->2248474K(2477440K), 0.1203160 secs]
127762.448: [Full GC 2248474K->2248449K(2477440K), 0.9381550 secs]
127764.008: [Full GC 2352705K->1695315K(2477440K), 2.4261540 secs]
127767.437: [GC 1799571K->1719599K(2415104K), 0.1189020 secs]
127768.256: [GC 1823855K->1719495K(2467392K), 0.0579630 secs]
127769.226: [GC 1827591K->1750781K(2470720K), 0.1017120 secs]
127772.260: [GC 1858877K->1720208K(2472064K), 0.0709630 secs]
127775.944: [GC 1832400K->1720069K(2476096K), 0.0685810 secs]
127779.214: [GC 1832261K->1720109K(2469376K), 0.0711660 secs]
127781.963: [GC 1841996K->1746455K(2429952K), 0.0719040 secs]
127784.471: [GC 1861911K->1752656K(2467584K), 0.0747190 secs]
127784.547: [GC 1752813K->1752664K(2470080K), 0.0663330 secs]
127787.102: [GC 1871138K->1767979K(2473152K), 0.0986400 secs]
127790.141: [GC 1897643K->1766923K(2476864K), 0.0622550 secs]
127794.431: [GC 1896587K->1767163K(2478464K), 0.0617210 secs]
127797.306: [GC 1905915K->1784467K(2482048K), 0.1338070 secs]
127799.910: [GC 1923230K->1850541K(2485632K), 0.1753010 secs]
127803.478: [GC 1990957K->1844837K(2492608K), 0.1041780 secs]
127807.823: [GC 1985253K->1858788K(2487488K), 0.1078820 secs]
127810.446: [GC 1990564K->1857251K(2482240K), 0.0944990 secs]
127812.118: [GC 1998411K->1946650K(2468288K), 0.1388060 secs]
127815.722: [GC 2045786K->1955479K(2474944K), 0.1115500 secs]
127818.630: [GC 2054615K->1955023K(2477056K), 0.1227020 secs]
127820.302: [GC 2050320K->2018699K(2477056K), 0.1704200 secs]
127823.280: [GC 2113995K->2037088K(2477056K), 0.1204050 secs]
127824.999: [GC 2132384K->2060815K(2477056K), 0.1119550 secs]
127827.226: [GC 2156111K->2075761K(2477056K), 0.1247570 secs]
127829.348: [GC 2171065K->2131937K(2477056K), 0.1542100 secs]
127831.636: [GC 2227352K->2155570K(2477056K), 0.1447200 secs]
127834.800: [GC 2250866K->2180060K(2477056K), 0.1623980 secs]
127836.830: [GC 2275356K->2251654K(2477056K), 0.1919750 secs]
127837.022: [Full GC 2251654K->1934077K(2477056K), 1.1987160 secs]
127840.808: [GC 2029373K->1934173K(2477056K), 0.0527640 secs]
127843.366: [GC 2029469K->1942047K(2477056K), 0.0538400 secs]
127846.135: [GC 2037343K->1934230K(2477056K), 0.0362640 secs]
127849.278: [GC 2029526K->1934412K(2477056K), 0.0361700 secs]
127850.702: [GC 2029716K->2013292K(2477056K), 0.0986020 secs]
127852.537: [GC 2108588K->2026947K(2477056K), 0.1037790 secs]
127854.845: [GC 2122254K->2060887K(2477056K), 0.0753990 secs]
127857.261: [GC 2156183K->2075840K(2477056K), 0.1195090 secs]
127860.367: [GC 2171136K->2060898K(2477056K), 0.0375780 secs]
127863.453: [GC 2156194K->2061014K(2477056K), 0.0394640 secs]
127865.533: [GC 2156310K->2108678K(2477056K), 0.0878440 secs]
127867.686: [GC 2203974K->2131179K(2477056K), 0.0944170 secs]
127870.751: [GC 2226477K->2108825K(2477056K), 0.0412560 secs]
127873.738: [GC 2204121K->2108780K(2477056K), 0.0394960 secs]
127876.333: [GC 2220041K->2132757K(2477056K), 0.0411890 secs]
127878.485: [GC 2228053K->2132862K(2477056K), 0.0455330 secs]
127880.362: [GC 2228158K->2179494K(2477056K), 0.0780950 secs]
127883.014: [GC 2274790K->2156014K(2477056K), 0.0760420 secs]
127886.032: [GC 2251310K->2157292K(2383168K), 0.0509950 secs]
127887.332: [GC 2253364K->2218694K(2472320K), 0.1484530 secs]
127889.514: [GC 2311622K->2216593K(2474688K), 0.0867930 secs]
127890.893: [GC 2309529K->2310825K(2475968K), 0.1376510 secs]
127891.031: [Full GC 2310825K->2116998K(2475968K), 2.7968800 secs]
127896.016: [GC 2212294K->2117158K(2477056K), 0.0842040 secs]
127898.189: [GC 2212454K->2130787K(2465408K), 0.0656330 secs]
127900.146: [GC 2227043K->2164821K(2471296K), 0.0744760 secs]
127902.555: [GC 2261077K->2141011K(2464576K), 0.0674410 secs]
127906.138: [GC 2241235K->2141043K(2410816K), 0.1010800 secs]
127906.242: [GC 2141347K->2141067K(2473088K), 0.1378090 secs]
127909.562: [GC 2270789K->2165036K(2469440K), 0.1011940 secs]
127912.290: [GC 2274604K->2189023K(2473856K), 0.0761840 secs]
127916.758: [GC 2310111K->2188663K(2475648K), 0.0526970 secs]
127919.782: [GC 2309751K->2212693K(2477056K), 0.0682660 secs]
127923.199: [GC 2343805K->2238233K(2481408K), 0.1014760 secs]
127926.473: [Full GC 2384583K->2156686K(2481408K), 2.5745090 secs]
127931.762: [GC 2287566K->2170283K(2489152K), 0.0464050 secs]
127935.184: [GC 2309750K->2180841K(2493184K), 0.0763470 secs]
127938.991: [GC 2320301K->2181018K(2488896K), 0.0644070 secs]
127942.978: [GC 2338123K->2203963K(2493248K), 0.0846780 secs]
127946.110: [GC 2350523K->2213659K(2496064K), 0.0700530 secs]
127949.203: [GC 2366235K->2235426K(2496768K), 0.1007250 secs]
127954.401: [GC 2388002K->2227618K(2498688K), 0.1486020 secs]
127958.978: [GC 2373730K->2228875K(2481600K), 0.1296760 secs]
127961.913: [GC 2374987K->2290344K(2483904K), 0.1512770 secs]
127965.753: [GC 2414568K->2251455K(2491520K), 0.1137340 secs]
127965.870: [GC 2251810K->2251447K(2483200K), 0.1127520 secs]
127969.801: [GC 2378616K->2251696K(2488576K), 0.0822140 secs]
127972.584: [GC 2378868K->2299176K(2478528K), 0.1311940 secs]
127975.382: [GC 2419176K->2275931K(2454976K), 0.1089980 secs]
127978.975: [GC 2395931K->2275283K(2489920K), 0.1003710 secs]
127982.630: [GC 2395731K->2275571K(2455104K), 0.1069600 secs]
127985.323: [GC 2396020K->2299486K(2474688K), 0.1292270 secs]
127987.468: [Full GC 2431331K->2129364K(2474688K), 2.5440630 secs]
127992.092: [GC 2236452K->2130885K(2393408K), 0.0419880 secs]
127995.693: [GC 2237317K->2130792K(2478208K), 0.0572980 secs]
127997.515: [GC 2230444K->2154764K(2410496K), 0.0783050 secs]
127999.946: [GC 2254412K->2179159K(2475968K), 0.0748260 secs]
128002.142: [GC 2279714K->2177703K(2476096K), 0.0803120 secs]
128004.796: [GC 2278247K->2208576K(2470016K), 0.1665100 secs]
128008.113: [GC 2303876K->2177960K(2477056K), 0.0908290 secs]
128010.281: [GC 2273256K->2225352K(2477056K), 0.1330610 secs]
128012.997: [GC 2320648K->2216761K(2477056K), 0.1630130 secs]
128016.113: [GC 2312057K->2201407K(2477056K), 0.1338950 secs]
128019.303: [GC 2296703K->2201419K(2477056K), 0.1242050 secs]
128021.485: [GC 2296715K->2225389K(2477056K), 0.1295150 secs]
128023.774: [GC 2320685K->2233049K(2477056K), 0.1088370 secs]
128026.938: [GC 2328345K->2225172K(2477056K), 0.1067180 secs]
128029.904: [GC 2320468K->2248930K(2477056K), 0.1086310 secs]
128032.521: [Full GC 2363461K->2150017K(2477056K), 2.5613180 secs]
128036.625: [GC 2245313K->2155725K(2477056K), 0.1029610 secs]
128037.536: [GC 2251578K->2258628K(2477056K), 0.1241660 secs]
128039.353: [GC 2353924K->2320932K(2477056K), 0.1226330 secs]
128039.476: [Full GC 2320932K->2158885K(2477056K), 2.8237800 secs]
128045.448: [GC 2254181K->2159332K(2477056K), 0.0522760 secs]
128048.422: [GC 2254628K->2159330K(2477056K), 0.0489390 secs]
128049.700: [GC 2254626K->2238520K(2477056K), 0.1008750 secs]
128051.120: [GC 2349817K->2268977K(2477056K), 0.1306580 secs]
128051.250: [Full GC 2268977K->2191196K(2477056K), 2.4185470 secs]
128055.009: [GC 2286503K->2238097K(2477056K), 0.0815620 secs]
128055.092: [GC 2238155K->2214897K(2477056K), 0.0651540 secs]
128055.157: [Full GC 2214897K->2147198K(2477056K), 2.3502280 secs]
128059.443: [GC 2242494K->2148124K(2477056K), 0.0471230 secs]
128062.050: [GC 2243420K->2147443K(2477056K), 0.0508380 secs]
128065.055: [GC 2242739K->2147597K(2477056K), 0.0558310 secs]
128067.921: [GC 2242893K->2148831K(2477056K), 0.0412180 secs]
128069.982: [GC 2244127K->2171652K(2477056K), 0.0579850 secs]
128072.131: [GC 2266948K->2171836K(2472832K), 0.0720840 secs]
128075.083: [GC 2267132K->2171700K(2381952K), 0.0428560 secs]
128078.060: [GC 2266996K->2171932K(2466624K), 0.0550430 secs]
128080.214: [GC 2269916K->2196155K(2409088K), 0.0608080 secs]
128082.562: [GC 2294139K->2227659K(2461312K), 0.0788130 secs]
128085.620: [GC 2320651K->2196291K(2404224K), 0.0837130 secs]
128088.804: [GC 2289284K->2196420K(2454080K), 0.0707410 secs]
128091.620: [GC 2291332K->2196620K(2406464K), 0.1007050 secs]
128093.525: [GC 2291532K->2220325K(2452352K), 0.1181660 secs]
128095.571: [GC 2312741K->2220681K(2456832K), 0.1015930 secs]
128098.583: [GC 2313099K->2220180K(2460480K), 0.1531490 secs]
128101.699: [GC 2312788K->2220172K(2462720K), 0.0874940 secs]
128104.769: [GC 2312780K->2220189K(2465728K), 0.0863340 secs]
128106.834: [GC 2314269K->2244318K(2466560K), 0.1405230 secs]
128109.051: [GC 2338398K->2245776K(2477056K), 0.1512020 secs]
128112.390: [GC 2341072K->2244149K(2477056K), 0.1481360 secs]
128115.722: [GC 2339445K->2244151K(2477056K), 0.1495900 secs]
128117.916: [GC 2339959K->2268262K(2477056K), 0.1127470 secs]
128119.676: [GC 2369490K->2330235K(2477056K), 0.1683880 secs]
128119.845: [Full GC 2330235K->2220298K(2477056K), 2.4992400 secs]
128124.878: [GC 2322810K->2228123K(2477056K), 0.0526240 secs]
128126.939: [Full GC 2349842K->2032336K(2477056K), 2.7012430 secs]
128131.872: [GC 2127632K->2032400K(2477056K), 0.0355610 secs]
128134.510: [GC 2128698K->2053568K(2477056K), 0.0898490 secs]
128137.025: [GC 2155893K->2057701K(2477056K), 0.0687330 secs]
128139.208: [GC 2152997K->2057731K(2477056K), 0.0521440 secs]
128141.823: [GC 2154090K->2073030K(2477056K), 0.0576030 secs]
128141.911: [GC 2078571K->2076147K(2477056K), 0.1290040 secs]
128144.472: [GC 2171443K->2080840K(2474496K), 0.0584390 secs]
128144.531: [GC 2080842K->2080848K(2402304K), 0.0911210 secs]
128146.276: [GC 2176144K->2087253K(2476288K), 0.1105730 secs]
128147.975: [GC 2192042K->2089423K(2474176K), 0.0464050 secs]
128150.400: [GC 2192847K->2130779K(2478272K), 0.0706260 secs]
128153.130: [GC 2240859K->2107004K(2481408K), 0.0609760 secs]
128156.568: [GC 2217084K->2106732K(2471360K), 0.0618970 secs]
128156.630: [GC 2106868K->2106732K(2477504K), 0.0587880 secs]
128160.168: [GC 2223405K->2107041K(2474304K), 0.0650760 secs]
128162.783: [GC 2235052K->2135622K(2480128K), 0.0746840 secs]
128164.861: [GC 2263630K->2195196K(2479360K), 0.1154020 secs]
128166.846: [GC 2325116K->2195548K(2488256K), 0.0946770 secs]
128170.635: [GC 2325468K->2219050K(2481984K), 0.1227240 secs]
128174.438: [GC 2335466K->2219218K(2463168K), 0.1413910 secs]
128177.185: [GC 2335634K->2255030K(2470784K), 0.1653820 secs]
128177.354: [GC 2255416K->2266971K(2477056K), 0.1165570 secs]
128178.048: [GC 2362268K->2295067K(2477056K), 0.1226140 secs]
128178.658: [GC 2397845K->2318601K(2477056K), 0.1124870 secs]
128179.349: [GC 2413897K->2336413K(2477056K), 0.1226900 secs]
128179.472: [Full GC 2336413K->2246176K(2477056K), 1.0175910 secs]
128181.689: [Full GC 2341480K->2025522K(2477056K), 2.0388180 secs]
128185.377: [GC 2125667K->2034119K(2477056K), 0.0530210 secs]
128187.612: [GC 2129415K->2034327K(2477056K), 0.0583430 secs]
128190.648: [GC 2129623K->2034455K(2477056K), 0.0760330 secs]
128193.504: [GC 2147152K->2058430K(2477056K), 0.0765870 secs]
128195.695: [GC 2153726K->2058644K(2477056K), 0.0460540 secs]
128198.651: [GC 2153940K->2058782K(2477056K), 0.0470260 secs]
128200.340: [GC 2203764K->2109365K(2477056K), 0.1103950 secs]
128201.713: [GC 2208699K->2125428K(2477056K), 0.0874400 secs]
128202.841: [GC 2220788K->2162979K(2477056K), 0.0894570 secs]
128204.875: [GC 2281993K->2226567K(2477056K), 0.1060860 secs]
128206.892: [GC 2321864K->2226567K(2477056K), 0.0496030 secs]
128209.996: [GC 2321863K->2226375K(2473088K), 0.0545000 secs]
128212.760: [GC 2321671K->2226391K(2381888K), 0.0626820 secs]
128214.710: [GC 2321687K->2250774K(2464256K), 0.0951670 secs]
128217.282: [GC 2348310K->2251142K(2408896K), 0.0780920 secs]
128220.057: [GC 2348678K->2250454K(2458048K), 0.0900160 secs]
128223.521: [GC 2350039K->2250527K(2410368K), 0.1104670 secs]
128225.627: [GC 2350113K->2298154K(2446464K), 0.1068810 secs]
128227.790: [GC 2385770K->2328060K(2460480K), 0.1438340 secs]
128227.933: [Full GC 2328060K->2160969K(2460480K), 1.0709080 secs]
128231.580: [GC 2248585K->2161850K(2471680K), 0.0509580 secs]
128234.475: [GC 2251770K->2161642K(2471680K), 0.0455670 secs]
128237.595: [GC 2251562K->2161682K(2467456K), 0.0397100 secs]
128240.464: [GC 2253458K->2162018K(2379392K), 0.0560230 secs]
128242.046: [GC 2259182K->2193154K(2459840K), 0.1046670 secs]
128244.851: [GC 2287298K->2193530K(2405760K), 0.0824770 secs]
128246.384: [GC 2293963K->2223838K(2458048K), 0.0876630 secs]
128249.110: [GC 2316254K->2223702K(2462144K), 0.0970130 secs]
128252.088: [GC 2316118K->2224150K(2465536K), 0.1309480 secs]
128253.975: [GC 2317014K->2271419K(2467712K), 0.1204880 secs]
128256.347: [GC 2364283K->2271706K(2477056K), 0.1371140 secs]
128259.600: [GC 2367002K->2247442K(2477056K), 0.0847440 secs]
128262.636: [GC 2342738K->2247442K(2477056K), 0.1071080 secs]
128264.745: [GC 2342738K->2271441K(2477056K), 0.1141340 secs]
128267.159: [GC 2366737K->2294721K(2477056K), 0.1354150 secs]
128267.295: [Full GC 2294721K->2196635K(2477056K), 2.6791510 secs]
128272.144: [GC 2329762K->2236521K(2477056K), 0.0734490 secs]
128273.883: [GC 2331817K->2256517K(2477056K), 0.0550860 secs]
128277.075: [GC 2351813K->2236561K(2477056K), 0.0551470 secs]
128277.132: [GC 2236795K->2236585K(2477056K), 0.0584940 secs]
128279.427: [Full GC 2341205K->2115866K(2477056K), 1.9812370 secs]
128283.334: [GC 2211163K->2123648K(2389632K), 0.0559630 secs]
128286.060: [GC 2218944K->2116031K(2479104K), 0.0503490 secs]
128289.392: [GC 2213439K->2116071K(2384192K), 0.0488190 secs]
128291.493: [GC 2213479K->2139567K(2474816K), 0.0776710 secs]
128293.044: [GC 2243387K->2170936K(2474432K), 0.0769140 secs]
128295.390: [GC 2274744K->2163505K(2478912K), 0.1447940 secs]
128299.001: [GC 2265841K->2163057K(2436096K), 0.1182430 secs]
128302.420: [GC 2265393K->2163233K(2479424K), 0.1261790 secs]
128304.551: [GC 2263649K->2187099K(2458176K), 0.1109530 secs]
128306.920: [GC 2287515K->2194727K(2477056K), 0.1334260 secs]
128309.991: [GC 2290023K->2210038K(2477056K), 0.1344850 secs]
128313.233: [GC 2305334K->2233760K(2477056K), 0.1217840 secs]
128316.208: [GC 2329060K->2234128K(2477056K), 0.0745500 secs]
128318.181: [GC 2329424K->2257795K(2476672K), 0.0700440 secs]
128320.511: [GC 2353091K->2265364K(2413504K), 0.1137190 secs]
128320.626: [GC 2265854K->2265340K(2476928K), 0.0649920 secs]
128323.874: [GC 2365884K->2257511K(2472256K), 0.0777550 secs]
128327.174: [GC 2358055K->2281262K(2478336K), 0.1265710 secs]
128327.301: [Full GC 2281262K->2210546K(2478336K), 0.9313200 secs]
128330.678: [GC 2320246K->2258357K(2479360K), 0.0736370 secs]
128333.169: [GC 2368053K->2242889K(2479872K), 0.0711800 secs]
128337.133: [GC 2361289K->2234371K(2483968K), 0.0697370 secs]
128339.853: [GC 2352771K->2280923K(2476608K), 0.1273900 secs]
128342.666: [GC 2395180K->2258140K(2486528K), 0.1058180 secs]
128345.003: [GC 2372380K->2305644K(2471040K), 0.1308740 secs]
128345.941: [GC 2404918K->2360014K(2473344K), 0.1508200 secs]
128346.092: [Full GC 2360014K->2091258K(2473344K), 1.8914820 secs]
128350.340: [GC 2190532K->2091828K(2477056K), 0.0420040 secs]
128352.877: [GC 2187124K->2105001K(2477056K), 0.0449390 secs]
128355.992: [GC 2200297K->2091667K(2477056K), 0.0479720 secs]
128356.042: [GC 2092788K->2091635K(2477056K), 0.0679580 secs]
128358.662: [GC 2203900K->2115701K(2477056K), 0.0584430 secs]
128360.805: [GC 2210997K->2116055K(2477056K), 0.0399500 secs]
128363.085: [GC 2261038K->2165491K(2476800K), 0.0415680 secs]
128365.074: [GC 2260787K->2165395K(2382272K), 0.0974840 secs]
128367.807: [GC 2260691K->2172168K(2476032K), 0.0532480 secs]
128370.811: [GC 2272712K->2165522K(2473792K), 0.0694880 secs]
128372.751: [GC 2272948K->2220400K(2472320K), 0.0722910 secs]
128372.830: [GC 2227938K->2235355K(2452160K), 0.0905400 secs]
128376.089: [GC 2338075K->2196398K(2482560K), 0.0741120 secs]
128379.394: [GC 2297198K->2196390K(2411200K), 0.0821750 secs]
128382.640: [GC 2297190K->2196642K(2474880K), 0.0932100 secs]
128384.906: [GC 2303277K->2220451K(2470656K), 0.0872890 secs]
128387.583: [GC 2327075K->2220139K(2463552K), 0.0846600 secs]
128387.669: [GC 2220461K->2220139K(2469248K), 0.1005070 secs]
128391.585: [GC 2335339K->2220187K(2470592K), 0.1041200 secs]
128395.461: [GC 2366345K->2244217K(2475776K), 0.0840380 secs]
128398.562: [GC 2374073K->2268173K(2485760K), 0.0983580 secs]
128398.661: [Full GC 2268173K->2196756K(2485760K), 2.7238510 secs]
128404.896: [GC 2340063K->2220215K(2486592K), 0.0748560 secs]
128408.638: [GC 2363511K->2227883K(2495360K), 0.1123400 secs]
128412.410: [GC 2383915K->2244209K(2496640K), 0.1023340 secs]
128412.513: [GC 2244407K->2267919K(2502528K), 0.1390270 secs]
128415.014: [GC 2423887K->2284156K(2506688K), 0.0865810 secs]
128418.892: [GC 2440124K->2342901K(2476096K), 0.1531280 secs]
128419.046: [Full GC 2342901K->2065714K(2476096K), 1.8760460 secs]
128424.251: [GC 2189682K->2073101K(2491392K), 0.0600460 secs]
128425.782: [GC 2197069K->2128880K(2477952K), 0.1083390 secs]
128427.473: [GC 2239536K->2073285K(2397632K), 0.0734230 secs]
128429.857: [GC 2183941K->2097488K(2488704K), 0.0638250 secs]
128432.512: [GC 2211536K->2097600K(2425088K), 0.0976780 secs]
128432.611: [GC 2098360K->2097600K(2483904K), 0.0669470 secs]
128436.682: [GC 2215680K->2097178K(2479872K), 0.0883710 secs]
128440.864: [GC 2215258K->2097491K(2493824K), 0.0959840 secs]
128444.223: [GC 2229139K->2121371K(2442240K), 0.0975320 secs]
128447.479: [GC 2253019K->2144958K(2492160K), 0.0741260 secs]
128452.245: [GC 2280446K->2144972K(2491584K), 0.0708830 secs]
128455.866: [GC 2280460K->2184548K(2498304K), 0.0843210 secs]
128459.008: [GC 2346936K->2196246K(2500928K), 0.0827140 secs]
128461.095: [GC 2340402K->2237280K(2478784K), 0.1081540 secs]
128464.426: [GC 2360992K->2213002K(2454400K), 0.0870140 secs]
128468.233: [GC 2336714K->2212626K(2489600K), 0.1191380 secs]
128471.604: [GC 2333650K->2215754K(2454464K), 0.0895140 secs]
128475.683: [GC 2336778K->2215866K(2487872K), 0.1112260 secs]
128479.397: [GC 2333818K->2217374K(2452992K), 0.1514930 secs]
128481.187: [GC 2335326K->2283576K(2470656K), 0.1779880 secs]
128483.057: [GC 2383224K->2267512K(2441408K), 0.0871600 secs]
128485.588: [GC 2367160K->2259822K(2481088K), 0.0891890 secs]
128487.056: [GC 2360558K->2298988K(2473984K), 0.1797810 secs]
128489.630: [GC 2399724K->2305795K(2477056K), 0.1447310 secs]
128492.911: [GC 2401091K->2298882K(2477056K), 0.1917460 secs]
128495.634: [GC 2411063K->2323077K(2477056K), 0.1745800 secs]
128498.007: [GC 2418373K->2330856K(2477056K), 0.1659210 secs]
128500.193: [GC 2426152K->2362235K(2477056K), 0.1841550 secs]
128500.377: [Full GC 2362235K->2303812K(2477056K), 1.0889190 secs]
128502.436: [Full GC 2359725K->1828661K(2477056K), 1.6862510 secs]
128506.258: [GC 1926217K->1839890K(2477056K), 0.0364160 secs]
128507.483: [GC 1935186K->1846748K(2477056K), 0.0776520 secs]
128508.101: [GC 1945827K->1881240K(2477056K), 0.0496420 secs]
128509.744: [GC 1976536K->1880850K(2477056K), 0.0466290 secs]
128511.967: [GC 1976146K->1904891K(2477056K), 0.0535960 secs]
128513.841: [GC 2000187K->1905172K(2477056K), 0.0592190 secs]
128516.537: [GC 2000468K->1928609K(2477056K), 0.0732850 secs]
128519.375: [GC 2026362K->1940774K(2477056K), 0.0550620 secs]
128520.795: [GC 2037325K->1989263K(2477056K), 0.0799340 secs]
128523.210: [GC 2084559K->1971870K(2477056K), 0.0707740 secs]
128526.062: [GC 2067166K->1964655K(2477056K), 0.0389280 secs]
128527.734: [GC 2059951K->1988333K(2477056K), 0.0741180 secs]
128528.956: [GC 2086582K->2023595K(2409664K), 0.0893520 secs]
128532.104: [GC 2118891K->2015560K(2465920K), 0.0601200 secs]
128535.239: [GC 2113544K->2015608K(2404352K), 0.0934720 secs]
128538.420: [GC 2113592K->2015864K(2456640K), 0.1001660 secs]
128540.665: [GC 2116419K->2039676K(2461504K), 0.1170570 secs]
128543.207: [GC 2140221K->2040667K(2464832K), 0.1217700 secs]
128546.517: [GC 2142235K->2039489K(2466752K), 0.1144460 secs]
128549.700: [GC 2141058K->2039458K(2470336K), 0.1091230 secs]
128552.109: [GC 2143842K->2079362K(2470592K), 0.1236090 secs]
128553.381: [GC 2183757K->2118133K(2468800K), 0.2386100 secs]
128555.846: [GC 2213429K->2083503K(2477056K), 0.0873810 secs]
128557.251: [GC 2178799K->2123076K(2476160K), 0.1165440 secs]
128559.357: [GC 2218373K->2168551K(2477056K), 0.1976970 secs]
128562.814: [GC 2263847K->2122343K(2477056K), 0.1265560 secs]
128565.844: [GC 2217639K->2122729K(2477056K), 0.1386510 secs]
128567.584: [GC 2218036K->2146546K(2477056K), 0.0968470 secs]
128570.040: [GC 2241842K->2146394K(2477056K), 0.1165800 secs]
128573.087: [GC 2241690K->2146067K(2477056K), 0.0801910 secs]
128575.804: [GC 2256872K->2193137K(2477056K), 0.0809500 secs]
128578.175: [GC 2288433K->2201196K(2477056K), 0.0464760 secs]
128580.236: [GC 2306826K->2217384K(2477056K), 0.0583230 secs]
128582.098: [GC 2312680K->2217500K(2477056K), 0.0448000 secs]
128583.686: [GC 2312796K->2244921K(2409664K), 0.0686400 secs]
128585.781: [GC 2344846K->2282969K(2472832K), 0.0839510 secs]
128588.853: [GC 2376153K->2257527K(2474944K), 0.0739940 secs]
128588.927: [Full GC 2257527K->2097362K(2474944K), 2.7303370 secs]
128593.036: [GC 2190546K->2134093K(2471808K), 0.0976650 secs]
128593.135: [GC 2134616K->2115788K(2474432K), 0.0722670 secs]
128595.036: [GC 2227889K->2121538K(2478528K), 0.0486910 secs]
128597.553: [GC 2225858K->2129096K(2477888K), 0.0520660 secs]
128601.088: [GC 2233416K->2121576K(2481728K), 0.0965770 secs]
128604.974: [GC 2234536K->2121616K(2481536K), 0.0506350 secs]
128608.583: [GC 2234576K->2122032K(2479360K), 0.0716760 secs]
128611.344: [GC 2242032K->2145678K(2483328K), 0.0890810 secs]
128614.415: [GC 2265678K->2177014K(2478272K), 0.0897870 secs]
128616.354: [GC 2295414K->2174146K(2457600K), 0.1047830 secs]
128617.605: [GC 2292556K->2227641K(2468864K), 0.1223320 secs]
128619.439: [GC 2322937K->2258715K(2477056K), 0.1529010 secs]
128622.542: [GC 2354011K->2212495K(2477056K), 0.0896890 secs]
128625.572: [GC 2307791K->2212691K(2477056K), 0.0912930 secs]
128627.384: [GC 2307987K->2275910K(2477056K), 0.1209880 secs]
128627.505: [Full GC 2275910K->2222089K(2477056K), 2.1012580 secs]
128631.750: [GC 2317385K->2222529K(2477056K), 0.0708940 secs]
128634.880: [GC 2317825K->2222192K(2477056K), 0.0746920 secs]
128638.121: [GC 2317488K->2222200K(2381888K), 0.0535850 secs]
128642.285: [GC 2317496K->2222200K(2477568K), 0.0692650 secs]
128643.645: [GC 2319992K->2270352K(2476736K), 0.0901700 secs]
128644.690: [GC 2368147K->2341885K(2476544K), 0.1250240 secs]
128644.815: [Full GC 2341885K->1963408K(2476544K), 2.6051170 secs]
128648.287: [GC 2067273K->1991252K(2477056K), 0.0577300 secs]
128649.355: [GC 2086582K->2006224K(2477056K), 0.0760320 secs]
128650.842: [GC 2101520K->1993100K(2383744K), 0.0424980 secs]
128653.442: [GC 2088396K->1991349K(2477056K), 0.0364890 secs]
128656.561: [GC 2096363K->1999757K(2476096K), 0.0697040 secs]
128658.088: [GC 2098125K->2099162K(2472000K), 0.1069230 secs]
128660.514: [GC 2196826K->2148872K(2476544K), 0.1105170 secs]
128663.840: [GC 2246536K->2148959K(2477056K), 0.1005630 secs]
128665.818: [GC 2244258K->2222402K(2406016K), 0.1371450 secs]
128665.955: [Full GC 2222402K->2016739K(2406016K), 0.9459390 secs]
128669.135: [GC 2112046K->2016990K(2475008K), 0.0597940 secs]
128671.603: [GC 2114078K->2018307K(2473216K), 0.0832760 secs]
128674.145: [GC 2123895K->2040226K(2469440K), 0.0727840 secs]
128675.945: [GC 2163001K->2075767K(2472384K), 0.0725350 secs]
128678.222: [GC 2177335K->2075427K(2463424K), 0.0475670 secs]
128681.483: [GC 2181283K->2068015K(2468096K), 0.0523930 secs]
128683.241: [GC 2173871K->2146901K(2466176K), 0.0940390 secs]
128683.336: [GC 2147048K->2186275K(2469312K), 0.0906580 secs]
128684.869: [GC 2293027K->2240178K(2479552K), 0.1257090 secs]
128686.967: [GC 2355005K->2257070K(2472704K), 0.2012590 secs]
128689.803: [GC 2371891K->2293312K(2477056K), 0.2003530 secs]
128690.004: [Full GC 2293312K->2150340K(2477056K), 2.5497690 secs]
128694.748: [GC 2245636K->2151333K(2477056K), 0.0572320 secs]
128697.852: [GC 2246629K->2150957K(2477056K), 0.0525890 secs]
128700.785: [GC 2246253K->2150933K(2477056K), 0.0597270 secs]
128703.388: [GC 2266938K->2175046K(2474112K), 0.0409020 secs]
128705.627: [GC 2270343K->2183042K(2390848K), 0.0579980 secs]
128708.621: [GC 2278338K->2174707K(2469824K), 0.0533590 secs]
128711.788: [GC 2275315K->2174747K(2472384K), 0.0568500 secs]
128715.236: [GC 2275355K->2174723K(2465152K), 0.0584140 secs]
128715.298: [GC 2174938K->2174723K(2469440K), 0.0773320 secs]
128717.615: [GC 2279823K->2198810K(2473664K), 0.0598670 secs]
128720.661: [GC 2317402K->2198475K(2476992K), 0.0752010 secs]
128722.866: [GC 2317070K->2226367K(2480576K), 0.1278980 secs]
128726.109: [GC 2350847K->2226715K(2463104K), 0.1077230 secs]
128729.783: [GC 2371549K->2250449K(2478848K), 0.1719140 secs]
128732.536: [GC 2358929K->2258091K(2454720K), 0.1071420 secs]
128736.044: [GC 2366571K->2250833K(2476800K), 0.0917700 secs]
128738.996: [GC 2346130K->2273941K(2409984K), 0.1449880 secs]
128739.141: [Full GC 2273941K->2241811K(2409984K), 0.9885190 secs]
128741.618: [Full GC 2338833K->1940067K(2409984K), 1.9402300 secs]
128745.229: [GC 2035363K->1954208K(2473344K), 0.0674970 secs]
128747.717: [GC 2075832K->1964731K(2473152K), 0.0578750 secs]
128749.702: [GC 2063483K->1964664K(2471552K), 0.0530540 secs]
128753.004: [GC 2066552K->1964056K(2473536K), 0.0542300 secs]
128754.927: [GC 2065944K->1991800K(2466688K), 0.0579560 secs]
128756.985: [GC 2096440K->1991880K(2419264K), 0.0641510 secs]
128759.159: [GC 2096520K->2015858K(2464192K), 0.0813780 secs]
128761.709: [GC 2117746K->2047367K(2469760K), 0.1118510 secs]
128764.943: [GC 2149255K->2015487K(2467648K), 0.0613640 secs]
128768.210: [GC 2120063K->2015511K(2415232K), 0.0995430 secs]
128771.304: [GC 2120356K->2016887K(2462272K), 0.0864550 secs]
128773.736: [GC 2124151K->2064332K(2466688K), 0.1409390 secs]
128776.495: [GC 2171596K->2040902K(2480960K), 0.0847970 secs]
128780.353: [GC 2150534K->2040326K(2481792K), 0.0957490 secs]
128784.089: [GC 2149958K->2040286K(2484096K), 0.1197880 secs]
128786.492: [GC 2157368K->2068502K(2484480K), 0.1385660 secs]
128788.227: [GC 2181078K->2130874K(2477760K), 0.1632420 secs]
128790.772: [GC 2237178K->2138467K(2463552K), 0.0926530 secs]
128793.963: [GC 2244771K->2091973K(2478272K), 0.1159940 secs]
128797.214: [GC 2188485K->2091717K(2406976K), 0.0731360 secs]
128801.680: [GC 2188229K->2091965K(2474944K), 0.1030710 secs]
128802.568: [GC 2191037K->2140309K(2474688K), 0.1684380 secs]
128803.825: [GC 2239415K->2140438K(2477056K), 0.1160510 secs]
128805.179: [GC 2243926K->2196205K(2477056K), 0.1777450 secs]
128806.140: [GC 2341188K->2268142K(2477056K), 0.1368320 secs]
128807.454: [GC 2363448K->2292661K(2477056K), 0.1665610 secs]
128809.008: [GC 2387974K->2338134K(2477056K), 0.1685000 secs]
128809.177: [Full GC 2338134K->2109879K(2477056K), 2.7454010 secs]
128814.408: [GC 2205190K->2130469K(2477056K), 0.0937590 secs]
128817.235: [GC 2250457K->2138153K(2477056K), 0.0602060 secs]
128819.447: [GC 2233449K->2153197K(2477056K), 0.0519270 secs]
128822.308: [GC 2248493K->2138829K(2477056K), 0.0435510 secs]
128824.304: [GC 2234125K->2186189K(2477056K), 0.0910540 secs]
128826.567: [GC 2281485K->2170087K(2477056K), 0.0781390 secs]
128829.670: [GC 2265383K->2162110K(2477056K), 0.1064270 secs]
128832.557: [GC 2257406K->2162226K(2477056K), 0.0781880 secs]
128832.637: [GC 2162424K->2162224K(2477056K), 0.0779810 secs]
128835.736: [GC 2258068K->2163392K(2477056K), 0.0691200 secs]
128838.147: [GC 2270920K->2187512K(2477056K), 0.0576610 secs]
128840.240: [GC 2282808K->2187803K(2477056K), 0.0549640 secs]
128843.383: [GC 2283099K->2187615K(2477056K), 0.0718360 secs]
128846.411: [GC 2282911K->2187627K(2469888K), 0.0462100 secs]
128847.807: [GC 2282923K->2215631K(2473472K), 0.0787820 secs]
128849.502: [GC 2324751K->2274729K(2468096K), 0.1469300 secs]
128851.686: [GC 2368489K->2282013K(2475520K), 0.1084410 secs]
128851.795: [Full GC 2282013K->2236890K(2475520K), 2.8066930 secs]
128857.421: [GC 2330650K->2238035K(2470464K), 0.0545840 secs]
128860.416: [GC 2337043K->2238235K(2473856K), 0.0804500 secs]
128863.559: [GC 2337243K->2238755K(2467008K), 0.0602720 secs]
128865.914: [GC 2342179K->2262677K(2471232K), 0.0828070 secs]
128868.415: [GC 2366101K->2293898K(2464064K), 0.1095390 secs]
128871.353: [GC 2393418K->2262274K(2411456K), 0.0988990 secs]
128874.609: [GC 2361794K->2262202K(2461376K), 0.0824450 secs]
128877.766: [GC 2365690K->2262786K(2415936K), 0.0858760 secs]
128879.191: [GC 2366274K->2341638K(2455296K), 0.1359520 secs]
128879.327: [Full GC 2341638K->1875203K(2455296K), 1.9031480 secs]
128882.266: [GC 1973624K->1902037K(2466112K), 0.0406680 secs]
128883.123: [GC 1998613K->1940230K(2468864K), 0.0723070 secs]
128885.174: [GC 2041030K->1977428K(2469248K), 0.1012990 secs]
128888.400: [GC 2078228K->1954433K(2477056K), 0.0847520 secs]
128891.932: [GC 2049729K->1926961K(2409920K), 0.0835700 secs]
128893.173: [GC 2022257K->1955763K(2471936K), 0.0819830 secs]
128894.796: [GC 2048499K->1927249K(2474496K), 0.0590640 secs]
128896.928: [GC 2019985K->1950947K(2474112K), 0.0712450 secs]
128899.057: [GC 2047779K->1959161K(2474816K), 0.0880260 secs]
128901.509: [GC 2055996K->1950683K(2478464K), 0.0993660 secs]
128904.620: [GC 2047963K->1950570K(2435456K), 0.0950140 secs]
128907.848: [GC 2047850K->1950851K(2477632K), 0.1300550 secs]
128910.852: [GC 2049347K->1951091K(2476416K), 0.0955750 secs]
128912.831: [GC 2049587K->1974713K(2471872K), 0.1264720 secs]
128915.024: [GC 2070009K->2006021K(2477056K), 0.1327790 secs]
128916.523: [GC 2101317K->2030452K(2477056K), 0.1331920 secs]
128918.836: [GC 2125748K->2017036K(2477056K), 0.1011550 secs]
128921.747: [GC 2112332K->2002008K(2477056K), 0.1258650 secs]
128921.874: [GC 2002024K->2002000K(2477056K), 0.1183400 secs]
128924.679: [GC 2097296K->2002472K(2477056K), 0.0928340 secs]
128926.681: [GC 2097768K->2026121K(2477056K), 0.1160930 secs]
128929.163: [GC 2121417K->2057450K(2477056K), 0.1724450 secs]
128932.065: [GC 2152746K->2053422K(2477056K), 0.1416990 secs]
128935.271: [GC 2148718K->2053406K(2477056K), 0.0762470 secs]
128938.181: [GC 2148702K->2053562K(2477056K), 0.0939310 secs]
128938.277: [GC 2054473K->2053574K(2477056K), 0.0717770 secs]
128940.519: [GC 2150316K->2077531K(2477056K), 0.0459750 secs]
128942.493: [GC 2172827K->2125817K(2477056K), 0.1013120 secs]
128944.536: [GC 2221113K->2149401K(2477056K), 0.2148060 secs]
128947.350: [GC 2244697K->2164382K(2477056K), 0.1534900 secs]
128950.496: [GC 2259678K->2157129K(2477056K), 0.0959510 secs]
128952.033: [GC 2252425K->2185373K(2475648K), 0.1196290 secs]
128952.153: [GC 2185953K->2185381K(2410240K), 0.1161430 secs]
128953.127: [GC 2289035K->2239547K(2475648K), 0.1304430 secs]
128955.403: [GC 2339963K->2245510K(2472640K), 0.1113930 secs]
128959.227: [GC 2345926K->2233256K(2480192K), 0.0903570 secs]
128962.390: [Full GC 2357243K->2175317K(2480192K), 2.4904430 secs]
128967.570: [GC 2287381K->2182910K(2480448K), 0.0900620 secs]
128971.075: [GC 2294974K->2175405K(2487040K), 0.0455500 secs]
128974.932: [GC 2298797K->2175572K(2487552K), 0.0823320 secs]
128978.559: [GC 2298964K->2176460K(2491136K), 0.0908260 secs]
128978.655: [GC 2177615K->2176356K(2492096K), 0.0601720 secs]
128979.410: [GC 2308964K->2272519K(2488448K), 0.1253060 secs]
128980.120: [GC-- 2404295K->2452019K(2488448K), 0.2112310 secs]
128980.331: [Full GC 2452019K->2082822K(2488448K), 2.1971140 secs]
128984.397: [GC 2214598K->2138531K(2474048K), 0.0876400 secs]
128985.323: [GC 2270307K->2125915K(2492416K), 0.0762100 secs]
128986.595: [GC 2247003K->2125985K(2422784K), 0.0608120 secs]
128987.321: [GC 2247073K->2112830K(2484928K), 0.0747880 secs]
128987.397: [GC 2112852K->2112828K(2482816K), 0.0579420 secs]
128988.130: [GC 2236028K->2112945K(2496064K), 0.0544560 secs]
128988.872: [GC 2252849K->2113111K(2494976K), 0.0527560 secs]
128992.029: [GC 2253015K->2113068K(2500928K), 0.0558300 secs]
128995.468: [GC 2263468K->2113404K(2500032K), 0.0765230 secs]
128997.590: [GC 2263804K->2139521K(2504704K), 0.0651430 secs]
129001.701: [GC 2297537K->2177993K(2505344K), 0.1039010 secs]
129006.383: [GC 2336009K->2163519K(2509312K), 0.0519130 secs]
129011.418: [GC 2330499K->2163579K(2508096K), 0.0756020 secs]
129014.844: [GC 2332603K->2204524K(2507008K), 0.1111240 secs]
129016.228: [GC 2376895K->2309563K(2490304K), 0.1591920 secs]
129016.387: [Full GC 2309563K->1989268K(2490304K), 2.7175610 secs]
129023.552: [GC 2157524K->1989571K(2512000K), 0.0527560 secs]
129028.226: [GC 2152771K->1989821K(2450304K), 0.0376000 secs]
129033.244: [GC 2153021K->1990132K(2510272K), 0.0395620 secs]
129037.059: [GC 2155828K->2014058K(2507776K), 0.0660090 secs]
129041.518: [GC 2179754K->2015041K(2514240K), 0.0772690 secs]
129046.882: [GC 2186753K->2013674K(2514688K), 0.0953370 secs]
129052.299: [GC 2185386K->2013994K(2514688K), 0.0624730 secs]
129052.364: [GC 2014558K->2013978K(2515264K), 0.0616260 secs]
129055.165: [GC 2187290K->2089276K(2498880K), 0.1224100 secs]
129058.744: [GC 2247036K->2096865K(2504448K), 0.1274950 secs]
129063.533: [GC 2254625K->2088978K(2481152K), 0.1559710 secs]
129067.672: [GC 2215762K->2088896K(2465024K), 0.1320770 secs]
129069.509: [GC 2227560K->2139235K(2483008K), 0.0933260 secs]
129071.373: [GC 2254812K->2162977K(2452032K), 0.1392530 secs]
129073.881: [GC 2276193K->2169875K(2476160K), 0.1673860 secs]
129076.658: [GC 2271197K->2203031K(2452544K), 0.1647980 secs]
129077.597: [GC 2304353K->2249885K(2477056K), 0.1199210 secs]
129078.858: [GC 2345215K->2308986K(2477056K), 0.1565960 secs]
129080.569: [GC 2404315K->2302649K(2477056K), 0.1426670 secs]
129082.653: [GC 2397945K->2254789K(2477056K), 0.1219690 secs]
129084.354: [GC 2350085K->2282721K(2477056K), 0.1564680 secs]
129085.881: [Full GC 2383469K->2138774K(2477056K), 2.8582370 secs]
129090.531: [GC 2239459K->2154377K(2477056K), 0.0637810 secs]
129092.633: [Full GC 2349049K->1978956K(2477056K), 2.2726430 secs]
129096.223: [GC 2123938K->2029120K(2477056K), 0.0387780 secs]
129099.343: [GC 2124416K->2029088K(2477056K), 0.0396170 secs]
129102.603: [GC 2124384K->2029448K(2477056K), 0.0405290 secs]
129105.384: [GC 2124744K->2029770K(2477056K), 0.0507680 secs]
129107.175: [GC 2125077K->2053403K(2477056K), 0.0597660 secs]
129109.552: [GC 2148701K->2068375K(2477056K), 0.0926760 secs]
129112.631: [GC 2163671K->2053577K(2477056K), 0.0397720 secs]
129112.672: [GC 2053870K->2053557K(2477056K), 0.0387280 secs]
129115.835: [GC 2148853K->2054065K(2477056K), 0.0407360 secs]
129117.457: [GC 2149373K->2081587K(2409600K), 0.1118580 secs]
129119.684: [GC 2176883K->2089853K(2477696K), 0.0619610 secs]
129121.742: [GC 2189629K->2105952K(2473344K), 0.0665300 secs]
129124.190: [GC 2205728K->2144641K(2466048K), 0.1046480 secs]
129127.222: [GC 2242497K->2105816K(2475520K), 0.0630130 secs]
129127.287: [GC 2106078K->2105800K(2475264K), 0.0915710 secs]
129130.847: [GC 2215624K->2129509K(2475392K), 0.0782460 secs]
129130.926: [GC 2129859K->2129531K(2488704K), 0.0715040 secs]
129134.560: [GC 2254203K->2130619K(2487424K), 0.0546290 secs]
129135.881: [GC 2255291K->2193615K(2476224K), 0.0816770 secs]
129137.559: [GC 2309391K->2253903K(2487296K), 0.1854960 secs]
129137.745: [Full GC 2253903K->2089069K(2487296K), 1.3128880 secs]
129142.679: [GC 2204846K->2089901K(2478400K), 0.1074260 secs]
129146.873: [GC 2211565K->2089929K(2485440K), 0.0722950 secs]
129150.308: [GC 2211623K->2090753K(2487488K), 0.0569840 secs]
129152.242: [GC 2223425K->2142231K(2491648K), 0.0744820 secs]
129154.767: [GC 2274903K->2173456K(2477824K), 0.1336610 secs]
129158.182: [GC 2284752K->2141768K(2485056K), 0.0631420 secs]
129161.756: [GC 2253064K->2141792K(2472960K), 0.0621490 secs]
129165.036: [GC 2279777K->2165953K(2479488K), 0.1053160 secs]
129167.739: [GC 2283522K->2166350K(2471424K), 0.0734390 secs]
129171.536: [GC 2289806K->2165878K(2476224K), 0.0823440 secs]
129175.045: [GC 2289335K->2166158K(2470528K), 0.1258990 secs]
129178.101: [GC 2295185K->2189784K(2474176K), 0.0972530 secs]
129180.493: [GC 2330788K->2225174K(2478272K), 0.1263840 secs]
129183.569: [GC 2352726K->2217016K(2485440K), 0.1021910 secs]
129187.535: [GC 2344568K->2218883K(2491392K), 0.0917840 secs]
129190.250: [GC 2349763K->2245433K(2493888K), 0.1088620 secs]
129191.905: [GC 2376317K->2291837K(2460224K), 0.2063520 secs]
129194.900: [GC 2387133K->2268648K(2477056K), 0.1138470 secs]
129195.018: [GC 2269415K->2268628K(2473856K), 0.1186540 secs]
129197.854: [GC 2363924K->2268616K(2475456K), 0.1220140 secs]
129200.616: [GC 2363912K->2269340K(2475648K), 0.1392650 secs]
129202.849: [GC 2369756K->2316781K(2476992K), 0.1515550 secs]
129203.001: [Full GC 2316781K->2019130K(2476992K), 2.6950560 secs]
129207.634: [GC 2119546K->2034324K(2477056K), 0.1012140 secs]
129210.495: [GC 2129620K->2019578K(2477056K), 0.0502840 secs]
129213.521: [GC 2114874K->2019634K(2477056K), 0.0542790 secs]
129215.110: [GC 2114942K->2075019K(2477056K), 0.0946210 secs]
129217.151: [GC 2170315K->2062703K(2477056K), 0.0836540 secs]
129219.639: [GC 2157999K->2049067K(2411648K), 0.0827120 secs]
129222.109: [GC 2144363K->2103884K(2472448K), 0.1130930 secs]
129223.132: [GC 2196876K->2167172K(2474752K), 0.1555530 secs]
129224.339: [GC 2260180K->2167341K(2477056K), 0.1085650 secs]
129225.942: [GC 2262638K->2143000K(2477056K), 0.0823360 secs]
129228.844: [GC 2238296K->2143040K(2477056K), 0.0607360 secs]
129231.694: [GC 2238336K->2143386K(2477056K), 0.0816700 secs]
129233.431: [GC 2238688K->2190974K(2477056K), 0.0753810 secs]
129235.735: [GC 2286270K->2191381K(2477056K), 0.0793230 secs]
129238.805: [GC 2286677K->2191093K(2477056K), 0.0833950 secs]
129242.108: [Full GC 2334093K->1974213K(2477056K), 2.6528000 secs]
129246.229: [GC 2069513K->1974987K(2477056K), 0.0556010 secs]
129247.404: [GC 2070304K->1975824K(2477056K), 0.0376280 secs]
129248.470: [GC 2071120K->1998823K(2405824K), 0.0746240 secs]
129250.197: [GC 2116198K->2026840K(2473856K), 0.1011670 secs]
129252.780: [GC 2170268K->2074580K(2474496K), 0.0808770 secs]
129254.184: [GC 2176084K->2074460K(2464064K), 0.0782020 secs]
129255.816: [GC 2182492K->2074452K(2469312K), 0.0724240 secs]
129255.890: [GC 2074751K->2074444K(2475712K), 0.0773030 secs]
129259.448: [GC 2193932K->2075204K(2471168K), 0.0667060 secs]
129261.587: [GC 2194692K->2099133K(2478464K), 0.0662000 secs]
129265.824: [GC 2271895K->2146625K(2483008K), 0.0678330 secs]
129267.606: [GC 2281345K->2146623K(2493312K), 0.0786640 secs]
129271.518: [GC 2296567K->2148254K(2494400K), 0.0456950 secs]
129275.614: [GC 2297310K->2171572K(2501120K), 0.0955840 secs]
129282.522: [GC 2347821K->2195931K(2504512K), 0.1832560 secs]
129284.442: [GC 2357543K->2223843K(2500160K), 0.1403190 secs]
129287.017: [GC 2382755K->2318575K(2493568K), 0.1671950 secs]
129287.184: [Full GC 2318575K->1873888K(2493568K), 2.5192100 secs]
129295.477: [GC 2032789K->1898278K(2507776K), 0.0691880 secs]
129311.876: [GC 2050790K->1922101K(2487296K), 0.1147990 secs]
129322.018: [GC 2074613K->1953245K(2490624K), 0.2100850 secs]
129323.991: [GC 2088221K->2076495K(2496320K), 0.1939330 secs]
129332.404: [GC 2211471K->2026730K(2480704K), 0.1228370 secs]
129339.535: [GC 2144938K->2050016K(2453056K), 0.0889580 secs]
129347.821: [GC 2167689K->2075575K(2469312K), 0.1164750 secs]
129350.652: [GC 2174199K->2101703K(2461440K), 0.1454950 secs]
129357.639: [GC 2194478K->2133367K(2477056K), 0.1651380 secs]
129368.670: [GC 2218970K->2128994K(2477056K), 0.1439000 secs]
129369.420: [GC 2224297K->2189350K(2477056K), 0.1870540 secs]
129376.292: [GC 2284646K->2188698K(2477056K), 0.1364550 secs]
129380.062: [GC 2282059K->2215340K(2477056K), 0.1604550 secs]
129382.118: [GC 2310593K->2241086K(2477056K), 0.1627450 secs]
129389.487: [GC 2336376K->2264708K(2477056K), 0.1606380 secs]
129397.021: [GC 2356545K->2272480K(2477056K), 0.1443440 secs]
129397.166: [Full GC 2272480K->2224645K(2477056K), 1.2206340 secs]
129399.813: [Full GC 2319941K->1262674K(2477056K), 1.9767780 secs]
129404.846: [GC 1357960K->1310703K(2477056K), 0.1449450 secs]
129410.437: [GC 1405995K->1342163K(2477056K), 0.1092230 secs]
129415.658: [GC 1437458K->1338643K(2477056K), 0.1324710 secs]
129426.771: [GC 1433933K->1413817K(2477056K), 0.1338630 secs]
129437.310: [GC 1501800K->1437821K(2477056K), 0.1149650 secs]
129438.134: [GC 1542843K->1539227K(2477056K), 0.1338230 secs]
129442.972: [GC 1622428K->1517019K(2477056K), 0.1325130 secs]
129444.242: [GC 1612086K->1602417K(2477056K), 0.1024070 secs]
129450.192: [GC 1697405K->1588443K(2477056K), 0.1227620 secs]
129460.883: [GC 1683736K->1604765K(2477056K), 0.0716230 secs]
129465.267: [GC 1700054K->1632207K(2477056K), 0.0773300 secs]
129471.776: [GC 1727499K->1656359K(2477056K), 0.0678270 secs]
129481.174: [GC 1751653K->1680138K(2477056K), 0.0669490 secs]
129491.554: [GC 1776215K->1705011K(2477056K), 0.0908100 secs]
129500.304: [GC 1797591K->1708839K(2477056K), 0.0612090 secs]
129502.377: [GC 1804135K->1733093K(2477056K), 0.0642960 secs]
129509.782: [GC 1828389K->1756194K(2477056K), 0.0842310 secs]
129511.645: [GC 1851489K->1835116K(2477056K), 0.1297300 secs]
129514.640: [GC 1930406K->1819920K(2477056K), 0.0952830 secs]
129526.101: [GC 1899456K->1843726K(2477056K), 0.1035630 secs]
129532.725: [GC 1939020K->1891042K(2477056K), 0.1012550 secs]
129533.793: [GC 1986338K->1966659K(2477056K), 0.1320280 secs]
129535.593: [GC 2061960K->2045449K(2477056K), 0.1416480 secs]
129538.466: [GC 2119709K->2044652K(2477056K), 0.0721720 secs]
129543.275: [GC 2139948K->2068279K(2471296K), 0.0927960 secs]
129554.844: [GC 2140470K->2095281K(2474176K), 0.0775250 secs]
129563.524: [GC 2190480K->2094750K(2477632K), 0.1057200 secs]
129567.752: [GC 2192286K->2126797K(2466944K), 0.1482640 secs]
129572.487: [GC 2222193K->2146276K(2477056K), 0.1303930 secs]
129579.375: [GC 2241563K->2196867K(2477056K), 0.1759940 secs]
129581.092: [GC 2292675K->2237300K(2477056K), 0.1361060 secs]
129581.228: [Full GC 2237300K->1984796K(2477056K), 1.4663710 secs]
129583.734: [GC 2080092K->2070599K(2477056K), 0.1211500 secs]
129594.427: [GC 2147101K->2031568K(2477056K), 0.1483220 secs]
129601.260: [GC 2126864K->2078571K(2477056K), 0.0848970 secs]
129603.101: [GC 2173867K->2082560K(2477056K), 0.1028480 secs]
129607.077: [GC 2177856K->2134835K(2477056K), 0.1100460 secs]
129618.862: [GC 2230127K->2158261K(2477056K), 0.0816420 secs]
129631.258: [GC 2253550K->2182017K(2477056K), 0.1254650 secs]
129632.754: [GC 2277305K->2233555K(2477056K), 0.1104320 secs]
129632.865: [Full GC 2233555K->2174488K(2477056K), 1.0411890 secs]
129643.887: [GC 2263126K->2175704K(2477056K), 0.0530650 secs]
129649.840: [GC 2271000K->2228258K(2477056K), 0.0844630 secs]
129651.773: [GC 2323554K->2241718K(2419136K), 0.1023570 secs]
129651.875: [Full GC 2241718K->1536612K(2419136K), 2.2196850 secs]
129654.490: [GC 1631908K->1539226K(2474112K), 0.0544140 secs]
129655.077: [GC 1634642K->1577547K(2473984K), 0.0673580 secs]
129656.873: [GC 1672965K->1624530K(2471168K), 0.1381840 secs]
129665.326: [GC 1695850K->1601325K(2477056K), 0.1075420 secs]
129667.100: [GC 1693292K->1629363K(2477056K), 0.1347010 secs]
129670.170: [GC 1723561K->1705664K(2477056K), 0.1447650 secs]
129671.238: [GC 1800960K->1779803K(2477056K), 0.1568710 secs]
129681.578: [GC 1875099K->1832455K(2477056K), 0.1310210 secs]
129685.464: [GC 1923313K->1856792K(2476160K), 0.0629650 secs]
129685.987: [GC 1952088K->1862309K(2411904K), 0.0916370 secs]
129686.410: [GC 1957605K->1862325K(2476992K), 0.0973740 secs]
129687.398: [GC 1963377K->1892880K(2473216K), 0.0970470 secs]
129688.582: [GC 1993936K->1914587K(2472576K), 0.0976350 secs]
129689.095: [GC 2025243K->1903685K(2477120K), 0.0968250 secs]
129689.560: [GC 2014341K->1914579K(2478144K), 0.0622940 secs]
129690.058: [GC 2036947K->1914590K(2482240K), 0.0663810 secs]
129694.668: [GC 2036958K->1915318K(2493120K), 0.0465850 secs]
129696.840: [GC 2049205K->1989197K(2487488K), 0.0807290 secs]
129707.917: [GC 2122946K->2021707K(2466624K), 0.1459850 secs]
129718.541: [GC 2116993K->2045432K(2477056K), 0.1482430 secs]
129726.781: [GC 2125135K->2021398K(2477056K), 0.1062320 secs]
129727.484: [GC 2116694K->2068892K(2477056K), 0.1022110 secs]
129729.276: [GC 2164188K->2086783K(2477056K), 0.1083760 secs]
129730.409: [GC 2180557K->2169896K(2477056K), 0.1057870 secs]
129732.296: [GC 2264950K->2195907K(2477056K), 0.1485930 secs]
129744.374: [GC 2287905K->2242384K(2477056K), 0.1205670 secs]
129757.988: [GC 2337676K->2235086K(2477056K), 0.0963910 secs]
129758.085: [Full GC 2235086K->1943214K(2477056K), 2.6207600 secs]
129761.530: [GC 2038507K->2006833K(2477056K), 0.0849550 secs]
129772.093: [GC 2102129K->1999551K(2477056K), 0.1015690 secs]
129775.128: [GC 2094847K->2023950K(2477056K), 0.0665720 secs]
129776.133: [GC 2119233K->2122745K(2477056K), 0.1620770 secs]
129784.528: [GC 2215073K->2073713K(2477056K), 0.0449700 secs]
129791.712: [GC 2166274K->2099076K(2474112K), 0.0830250 secs]
129794.454: [GC 2194372K->2148715K(2475584K), 0.1072260 secs]
129798.294: [GC 2244011K->2176989K(2477056K), 0.1829590 secs]
129800.653: [GC 2272279K->2215949K(2421568K), 0.1461240 secs]
129809.447: [GC 2288341K->2216334K(2476928K), 0.0823420 secs]
129817.243: [GC 2316046K->2239642K(2475904K), 0.1303520 secs]
129822.243: [GC 2337644K->2295136K(2476096K), 0.1611070 secs]
129822.404: [Full GC 2295136K->2243687K(2476096K), 0.9849240 secs]
129824.757: [Full GC 2332883K->1338471K(2476096K), 2.0131160 secs]
129836.845: [GC 1433765K->1371069K(2477056K), 0.0583260 secs]
129847.585: [GC 1456049K->1371109K(2477056K), 0.0924920 secs]
129859.436: [GC 1466405K->1394816K(2406208K), 0.0787180 secs]
129861.845: [GC 1498660K->1446470K(2473792K), 0.0616640 secs]
129863.685: [GC 1543430K->1470813K(2474240K), 0.0915920 secs]
129873.829: [GC 1567769K->1470025K(2477056K), 0.0844690 secs]
129885.182: [GC 1543725K->1493813K(2477056K), 0.1031600 secs]
129889.423: [GC 1588455K->1544963K(2477056K), 0.1272200 secs]
129890.537: [GC 1634131K->1563201K(2427904K), 0.0975940 secs]
129896.990: [GC 1656825K->1604624K(2473216K), 0.0996350 secs]
129907.589: [GC 1697998K->1604641K(2475136K), 0.1128880 secs]
129918.739: [GC 1686316K->1628497K(2477056K), 0.0962160 secs]
129926.892: [GC 1723793K->1675475K(2477056K), 0.0724040 secs]
129931.513: [GC 1770771K->1700126K(2477056K), 0.1335690 secs]
129942.534: [GC 1795419K->1723505K(2406336K), 0.1008570 secs]
129944.940: [GC 1868472K->1773896K(2471552K), 0.0770790 secs]
129954.837: [GC 1870030K->1774177K(2409216K), 0.1107180 secs]
129961.146: [GC 1870652K->1798629K(2470848K), 0.0958330 secs]
129962.166: [GC 1891254K->1881976K(2471424K), 0.1727210 secs]
129968.298: [GC 1980275K->1883823K(2477056K), 0.1533050 secs]
129979.524: [GC 2028802K->1909951K(2477056K), 0.1191200 secs]
129981.583: [GC 2005238K->1973303K(2477056K), 0.1520980 secs]
129992.742: [GC 2057588K->1973235K(2477056K), 0.0751790 secs]
130003.832: [GC 2068531K->2020709K(2477056K), 0.0927890 secs]
130014.774: [GC 2116005K->2020453K(2477056K), 0.1528930 secs]
130020.331: [GC 2115749K->2068613K(2477056K), 0.1467100 secs]
130028.932: [GC 2163909K->2147647K(2477056K), 0.1328760 secs]
130030.024: [GC 2242932K->2139044K(2477056K), 0.0869140 secs]
130042.431: [GC 2220750K->2132586K(2477056K), 0.0728260 secs]
130052.210: [GC 2227882K->2180194K(2477056K), 0.1443330 secs]
130057.484: [GC 2275490K->2179478K(2477056K), 0.1030970 secs]
130065.988: [GC 2271792K->2235122K(2477056K), 0.1463950 secs]
130079.232: [GC 2330417K->2251539K(2477056K), 0.1128810 secs]
130091.061: [GC 2346835K->2228303K(2477056K), 0.0703770 secs]
130091.131: [Full GC 2228303K->2092137K(2477056K), 1.4340650 secs]
130094.050: [GC 2201285K->2155659K(2421632K), 0.0921240 secs]
130095.610: [GC 2250950K->2195636K(2471424K), 0.0993000 secs]
130097.947: [GC 2282161K->2222746K(2474240K), 0.1324990 secs]
130098.079: [Full GC 2222746K->1705096K(2474240K), 2.3782520 secs]
130110.011: [GC 1797576K->1737711K(2473984K), 0.0969620 secs]
130121.134: [GC 1832687K->1737884K(2414336K), 0.0678420 secs]
130126.005: [GC 1832860K->1761906K(2471296K), 0.0994710 secs]
130131.953: [GC 1857200K->1816334K(2473088K), 0.1404930 secs]
130138.634: [GC 1911620K->1836619K(2477056K), 0.1310210 secs]
130150.902: [GC 1931915K->1813177K(2477056K), 0.0886510 secs]
130154.449: [GC 1908473K->1860078K(2477056K), 0.1523340 secs]
130160.909: [GC 1954534K->1895538K(2477056K), 0.0783280 secs]
130163.977: [GC 1990823K->1942147K(2477056K), 0.1320300 secs]
130164.638: [GC 2037453K->1994084K(2477056K), 0.0867920 secs]
130174.840: [GC 2089380K->2020288K(2477056K), 0.1097070 secs]
130183.446: [GC 2115584K->2042520K(2405824K), 0.0757500 secs]
130187.119: [Full GC 2335158K->1964190K(2405824K), 1.0241260 secs]
130189.440: [GC 2051815K->1989028K(2475072K), 0.0669570 secs]
130196.085: [GC 2087524K->2039484K(2475520K), 0.1099440 secs]
130201.768: [GC 2133520K->2040642K(2477056K), 0.0977850 secs]
130214.360: [GC 2119491K->2067891K(2477056K), 0.1499570 secs]
130218.307: [GC 2160876K->2093150K(2476928K), 0.0785860 secs]
130220.273: [GC 2188446K->2118910K(2476992K), 0.1012830 secs]
130227.390: [GC 2214190K->2167079K(2476928K), 0.1456300 secs]
130235.125: [GC 2262365K->2221383K(2477056K), 0.1562300 secs]
130241.033: [GC 2311566K->2182517K(2477056K), 0.0766660 secs]
130247.103: [GC 2277298K->2230482K(2477056K), 0.1159600 secs]
130250.030: [GC 2325776K->2257044K(2477056K), 0.1245830 secs]
130250.155: [Full GC 2257044K->2081541K(2477056K), 2.6814310 secs]
130256.855: [GC 2173819K->2137635K(2477056K), 0.1344010 secs]
130270.336: [GC 2221173K->2130629K(2477056K), 0.1725930 secs]
130273.282: [GC 2225925K->2155085K(2477056K), 0.0675340 secs]
130280.253: [GC 2250373K->2209917K(2477056K), 0.1411410 secs]
130284.999: [GC 2305202K->2206776K(2477056K), 0.0886310 secs]
130296.714: [GC 2292687K->2230449K(2477056K), 0.1650460 secs]
130296.879: [Full GC 2230449K->1567371K(2477056K), 2.2007230 secs]
130309.060: [GC 1662666K->1615385K(2477056K), 0.0678790 secs]
130313.521: [GC 1710681K->1616093K(2468608K), 0.1297270 secs]
130315.430: [GC 1711389K->1672021K(2472832K), 0.1183340 secs]
130316.503: [GC 1767317K->1682819K(2477056K), 0.1261070 secs]
130324.755: [GC 1761309K->1722892K(2477056K), 0.1043750 secs]
130333.835: [GC 1818188K->1746553K(2472064K), 0.0745750 secs]
130337.737: [GC 1841850K->1802304K(2474560K), 0.1122470 secs]
130345.934: [GC 1897599K->1798398K(2477056K), 0.0998760 secs]
130348.754: [GC 1893684K->1822220K(2406080K), 0.0950430 secs]
130360.000: [GC 1894613K->1822604K(2476480K), 0.1144750 secs]
130366.328: [GC 1921610K->1855280K(2476736K), 0.1248940 secs]
130371.186: [GC 1954282K->1874881K(2475712K), 0.1288290 secs]
130373.698: [GC 2019860K->1972807K(2477056K), 0.1483880 secs]
130376.218: [GC 2068095K->1999659K(2477056K), 0.1510710 secs]
130383.188: [GC 2094953K->2023555K(2477056K), 0.0910840 secs]
130392.911: [GC 2118851K->2047861K(2477056K), 0.1185250 secs]
130395.538: [GC 2143157K->2071612K(2477056K), 0.0705280 secs]
130397.820: [GC 2166908K->2150066K(2477056K), 0.1587630 secs]
130404.672: [GC 2222889K->2150792K(2477056K), 0.1883620 secs]
130405.933: [GC 2238737K->2179527K(2477056K), 0.1058400 secs]
130407.201: [Full GC 2328184K->2070169K(2477056K), 2.7497420 secs]
130411.236: [GC 2165583K->2078957K(2477056K), 0.1034300 secs]
130422.330: [GC 2170710K->2071707K(2477056K), 0.0447480 secs]
130432.312: [GC 2167003K->2095099K(2406080K), 0.0770420 secs]
130436.822: [GC 2190395K->2142840K(2473344K), 0.0963740 secs]
130441.920: [GC 2236271K->2170120K(2475200K), 0.1294270 secs]
130448.621: [GC 2263551K->2194977K(2470016K), 0.0980190 secs]
130460.574: [GC 2289865K->2195411K(2407424K), 0.1022360 secs]
130461.445: [GC 2287008K->2241550K(2463872K), 0.1266630 secs]
130462.961: [GC 2331987K->2290266K(2472256K), 0.1382240 secs]
130463.129: [Full GC 2290266K->1749630K(2472256K), 2.4188170 secs]
130473.578: [GC 1820680K->1750931K(2477056K), 0.0913390 secs]
130475.371: [GC 1846227K->1806593K(2477056K), 0.1085320 secs]
130478.098: [GC 1901889K->1803160K(2477056K), 0.1381510 secs]
130489.286: [GC 1894815K->1827018K(2477056K), 0.0670200 secs]
130500.595: [GC 1922314K->1850957K(2468736K), 0.0681130 secs]
130504.987: [GC 1944343K->1850497K(2472896K), 0.0592500 secs]
130507.000: [GC 1945793K->1878517K(2472128K), 0.1292470 secs]
130513.748: [GC 1977134K->1926501K(2473920K), 0.1299490 secs]
130514.802: [GC 2025118K->1973973K(2477056K), 0.1373730 secs]
130525.315: [GC 2069269K->1989123K(2477056K), 0.1213110 secs]
130527.881: [GC 2083978K->2022024K(2474496K), 0.1086910 secs]
130534.396: [GC 2117317K->2068854K(2475776K), 0.1663700 secs]
130539.613: [GC 2162307K->2069361K(2477056K), 0.1467460 secs]
130549.971: [GC 2164656K->2092841K(2477056K), 0.0884420 secs]
130553.346: [GC 2184954K->2131832K(2476544K), 0.0973500 secs]
130564.077: [GC 2223803K->2117709K(2406976K), 0.0699130 secs]
130565.667: [GC 2209532K->2145209K(2474112K), 0.1201960 secs]
130568.932: [GC 2241081K->2169324K(2474304K), 0.1367280 secs]
130578.417: [GC 2265196K->2220150K(2477056K), 0.1539390 secs]
130580.051: [GC 2278534K->2220901K(2477056K), 0.1198070 secs]
130580.171: [Full GC 2220901K->2107469K(2477056K), 1.2186370 secs]
130582.137: [GC 2196924K->2186393K(2477056K), 0.0918040 secs]
130591.555: [GC 2275912K->2187248K(2477056K), 0.1300060 secs]
130591.685: [Full GC 2187248K->1702414K(2477056K), 2.2421490 secs]
130595.098: [GC 1797612K->1753411K(2477056K), 0.0924990 secs]
130596.164: [GC 1847386K->1816296K(2477056K), 0.1261340 secs]
130601.954: [GC 2110308K->1989191K(2477056K), 0.0882250 secs]
130607.266: [GC 2084476K->2014145K(2477056K), 0.0947000 secs]
130614.825: [GC 2109436K->2043846K(2477056K), 0.1222280 secs]
130620.465: [GC 2121408K->2047179K(2477056K), 0.0830760 secs]
130622.551: [GC 2142475K->2071415K(2477056K), 0.0722180 secs]
130625.814: [GC 2166707K->2124211K(2411584K), 0.1072700 secs]
130632.985: [GC 2219395K->2127391K(2471872K), 0.0752880 secs]
130635.008: [GC 2251447K->2202601K(2473600K), 0.1321850 secs]
130641.851: [GC 2302039K->2207348K(2477056K), 0.1632970 secs]
130642.014: [Full GC 2207348K->1878672K(2477056K), 2.5787000 secs]
130645.519: [GC 1969147K->1968192K(2477056K), 0.1019880 secs]
130650.298: [GC 2063482K->1986020K(2477056K), 0.2106740 secs]
130655.093: [GC 2081306K->2036891K(2477056K), 0.1371760 secs]
130663.297: [GC 2112440K->2065210K(2477056K), 0.1136040 secs]
130664.045: [GC 2164811K->2125840K(2477056K), 0.0853930 secs]
130674.766: [GC 2221136K->2105277K(2477056K), 0.0859890 secs]
130679.377: [GC 2200573K->2161525K(2477056K), 0.1140730 secs]
130683.461: [GC 2256241K->2184550K(2477056K), 0.1100570 secs]
130691.175: [GC 2279841K->2181168K(2477056K), 0.0800290 secs]
130702.376: [GC 2276464K->2205477K(2477056K), 0.0850310 secs]
130702.461: [Full GC 2205477K->2078364K(2477056K), 1.0433740 secs]
130706.809: [GC 2173660K->2102875K(2406336K), 0.0843430 secs]
130711.706: [GC 2198171K->2166049K(2473856K), 0.1223270 secs]
130716.694: [GC 2259736K->2154723K(2475456K), 0.1369880 secs]
130721.896: [GC 2236234K->2177962K(2477056K), 0.1005400 secs]
130721.997: [Full GC 2177962K->1811037K(2477056K), 2.4137270 secs]
130725.562: [GC 1906252K->1857777K(2477056K), 0.1082870 secs]
130729.379: [GC 1953073K->1937502K(2477056K), 0.1315160 secs]
130731.685: [GC 2018422K->1984742K(2477056K), 0.1159950 secs]
130736.226: [GC 2078947K->2007885K(2473472K), 0.0551380 secs]
130740.353: [GC 2096898K->2043313K(2475264K), 0.0982550 secs]
130745.866: [GC 2138441K->2087730K(2475904K), 0.1337030 secs]
130758.915: [GC 2184818K->2135218K(2476480K), 0.1281300 secs]
130767.275: [GC 2215980K->2111017K(2477056K), 0.0959730 secs]
130770.165: [GC 2206313K->2167055K(2477056K), 0.1552500 secs]
130773.563: [GC 2262351K->2163723K(2477056K), 0.1310230 secs]
130783.554: [GC 2259013K->2187818K(2406784K), 0.0777370 secs]
130788.893: [GC 2274378K->2187674K(2475072K), 0.1003350 secs]
130789.883: [GC 2287448K->2281736K(2475072K), 0.1702850 secs]
130790.054: [Full GC 2281736K->2119585K(2475072K), 1.1180590 secs]
130794.379: [GC 2205078K->2124077K(2477056K), 0.0762560 secs]
130797.492: [GC 2219373K->2179042K(2477056K), 0.0995590 secs]
130802.344: [GC 2274331K->2230416K(2477056K), 0.1368700 secs]
130806.905: [GC 2317884K->2191629K(2477056K), 0.0853990 secs]
130806.991: [Full GC 2191629K->1797005K(2477056K), 2.4699450 secs]
130809.950: [GC 1892301K->1852817K(2477056K), 0.1308720 secs]
130813.988: [GC 1948113K->1852982K(2477056K), 0.0751330 secs]
130823.885: [GC 1948276K->1909512K(2477056K), 0.0954590 secs]
130825.194: [GC 2004808K->1913034K(2477056K), 0.0869550 secs]
130838.304: [GC 2008326K->1953671K(2477056K), 0.0967810 secs]
130851.160: [GC 2048539K->1978149K(2477056K), 0.1207450 secs]
130852.494: [GC 2068412K->2040897K(2477056K), 0.1469890 secs]
130856.416: [GC 2136193K->2056922K(2477056K), 0.1148690 secs]
130860.637: [GC 2152206K->2156475K(2477056K), 0.1435760 secs]
130862.949: [GC 2243636K->2207070K(2477056K), 0.1715210 secs]
130863.121: [Full GC 2207070K->2055230K(2477056K), 1.0017090 secs]
130866.116: [GC 2147024K->2079508K(2469760K), 0.0862460 secs]
130875.882: [GC 2174804K->2127010K(2473408K), 0.1313250 secs]
130879.796: [GC 2222306K->2152058K(2477056K), 0.1665180 secs]
130881.862: [GC 2247191K->2187340K(2417920K), 0.1192990 secs]
130881.981: [Full GC 2187340K->2010801K(2417920K), 2.6423800 secs]
130886.407: [GC 2106095K->2090341K(2467200K), 0.1510840 secs]
130892.116: [GC 2163900K->2091339K(2472128K), 0.1052540 secs]
130896.291: [GC 2181707K->2114652K(2477056K), 0.0798260 secs]
130898.648: [GC 2259626K->2164333K(2477056K), 0.0681020 secs]
130898.716: [Full GC 2164333K->2124909K(2477056K), 0.9229800 secs]
130905.310: [GC 2220196K->2173420K(2477056K), 0.0803730 secs]
130912.976: [GC 2263957K->2173165K(2477056K), 0.0847430 secs]
130913.061: [Full GC 2173165K->1761264K(2477056K), 2.4252720 secs]
130918.900: [GC 1856560K->1817905K(2477056K), 0.0905720 secs]
130922.324: [GC 1913201K->1842439K(2406784K), 0.1291330 secs]
130930.245: [GC 1937734K->1889615K(2473344K), 0.0982560 secs]
130933.874: [GC 1983051K->1890447K(2475200K), 0.1069340 secs]
130946.138: [GC 1983887K->1892046K(2477056K), 0.0729000 secs]
130947.015: [GC 1987350K->1943176K(2477056K), 0.0750940 secs]
130951.683: [GC 2038472K->1967403K(2477056K), 0.1377880 secs]
130953.140: [GC 2062698K->2046181K(2477056K), 0.1406880 secs]
130960.274: [GC 2141472K->2055148K(2477056K), 0.1365080 secs]
130969.670: [GC 2150416K->2055984K(2477056K), 0.0826020 secs]
130973.111: [GC 2151280K->2080347K(2477056K), 0.0710820 secs]
130974.484: [GC 2175643K->2111552K(2413376K), 0.0865000 secs]
130977.141: [GC 2206841K->2133956K(2471872K), 0.0925060 secs]
130987.327: [GC 2226890K->2134075K(2474048K), 0.1730420 secs]
130991.450: [GC 2227195K->2184494K(2471936K), 0.1326060 secs]
131000.509: [GC 2280622K->2208922K(2474496K), 0.1072450 secs]
131004.747: [GC 2305050K->2233136K(2473024K), 0.1178480 secs]
131008.921: [GC 2321923K->2294794K(2477056K), 0.1835010 secs]
131009.105: [Full GC 2294794K->2160931K(2477056K), 1.2837880 secs]
131014.047: [GC 2254381K->2195672K(2477056K), 0.1239620 secs]
131016.602: [GC 2290968K->2244827K(2477056K), 0.1084580 secs]
131016.711: [Full GC 2244827K->1732574K(2477056K), 2.4021730 secs]
131023.014: [GC 1801247K->1750003K(2477056K), 0.0768270 secs]
131023.724: [GC 1845299K->1743695K(2477056K), 0.0705340 secs]
131028.222: [GC 1838991K->1743709K(2477056K), 0.0486580 secs]
131032.146: [GC 1839005K->1768511K(2477056K), 0.0637020 secs]
131042.898: [GC 1860126K->1795467K(2471936K), 0.1030570 secs]
131045.878: [GC 1890758K->1822029K(2474496K), 0.0985970 secs]
131047.420: [GC 1917319K->1900852K(2476608K), 0.1411750 secs]
131053.609: [GC 1996148K->1862618K(2477056K), 0.1192740 secs]
131057.451: [GC 1957907K->1887231K(2477056K), 0.1002240 secs]
131065.500: [GC 1982364K->1889742K(2477056K), 0.0810350 secs]
131069.836: [GC 1985038K->1945850K(2477056K), 0.0851790 secs]
131075.040: [GC 2041141K->1940799K(2412032K), 0.0829250 secs]
131080.185: [GC 2036095K->1941609K(2470848K), 0.0693470 secs]
131086.039: [GC 2018282K->1945588K(2419584K), 0.0809890 secs]
131089.396: [GC 2043636K->1975595K(2464320K), 0.1273720 secs]
131093.406: [GC 2070187K->1982480K(2470400K), 0.1720740 secs]
131098.961: [GC 2077072K->1995519K(2477056K), 0.1385170 secs]
131101.002: [GC 2090807K->2026002K(2433856K), 0.1067270 secs]
131104.341: [GC 2119860K->2044587K(2473984K), 0.1534600 secs]
131107.686: [GC 2116698K->2049317K(2475520K), 0.1111080 secs]
131109.435: [GC 2143075K->2110756K(2476288K), 0.1757960 secs]
131115.136: [GC 2206052K->2113550K(2477056K), 0.1837390 secs]
131116.350: [GC 2215319K->2166651K(2477056K), 0.1171270 secs]
131118.215: [GC 2261947K->2191177K(2477056K), 0.0968640 secs]
131118.312: [Full GC 2191177K->2143657K(2477056K), 1.0064100 secs]
131120.080: [GC 2238964K->2195322K(2477056K), 0.0913540 secs]
131122.621: [GC 2285103K->2197069K(2477056K), 0.1025200 secs]
131122.723: [Full GC 2197069K->1869101K(2477056K), 2.5385470 secs]
131130.517: [GC 1964397K->1882155K(2477056K), 0.0903410 secs]
131134.193: [GC 1959559K->1888388K(2477056K), 0.0810900 secs]
131135.321: [GC 1983622K->1925808K(2473600K), 0.0772930 secs]
131137.001: [GC 2018259K->1948394K(2475328K), 0.0874140 secs]
131140.116: [GC 2041668K->1982340K(2477056K), 0.1016980 secs]
131146.260: [GC 2077636K->2000829K(2400832K), 0.0602510 secs]
131149.091: [GC 2072434K->2007936K(2471040K), 0.0759540 secs]
131151.692: [GC 2104030K->2032063K(2472768K), 0.1222490 secs]
131157.084: [GC 2130303K->2042708K(2472704K), 0.1315950 secs]
131161.792: [GC 2139921K->2056033K(2477056K), 0.1234230 secs]
131164.041: [GC 2153314K->2091816K(2477056K), 0.1259540 secs]
131165.149: [GC 2187123K->2116098K(2477056K), 0.1511050 secs]
131169.414: [GC 2211392K->2149593K(2477056K), 0.1455510 secs]
131174.670: [GC 2243832K->2169530K(2477056K), 0.0953310 secs]
131177.032: [GC 2232889K->2176671K(2477056K), 0.0639870 secs]
131178.489: [GC 2271833K->2209488K(2477056K), 0.1123010 secs]
131179.536: [GC 2304779K->2273218K(2477056K), 0.1552470 secs]
131179.692: [Full GC 2273218K->2187069K(2477056K), 1.1164240 secs]
131185.582: [GC 2282365K->2194846K(2477056K), 0.0535720 secs]
131190.698: [GC 2289997K->2213728K(2477056K), 0.0617870 secs]
131192.182: [GC 2307212K->2242870K(2477056K), 0.0861970 secs]
131192.269: [Full GC 2242870K->1738418K(2477056K), 2.3579480 secs]
131196.750: [GC 1833709K->1800062K(2477056K), 0.0871610 secs]
131200.945: [GC 1895358K->1805810K(2477056K), 0.0926980 secs]
131204.758: [GC 1865640K->1812129K(2477056K), 0.0797180 secs]
131205.504: [GC 1907423K->1857675K(2477056K), 0.0874290 secs]
131210.430: [GC 1952971K->1903748K(2474624K), 0.1178430 secs]
131211.613: [GC 1999031K->1947796K(2475840K), 0.0943410 secs]
131220.259: [GC 2043092K->1944355K(2477440K), 0.0971840 secs]
131221.939: [GC 2040734K->1985276K(2471488K), 0.1213970 secs]
131224.087: [GC 2081650K->2025515K(2477056K), 0.2110180 secs]
131225.782: [GC 2120808K->2038951K(2477056K), 0.1315460 secs]
131230.136: [GC 2134247K->2061612K(2477056K), 0.1062750 secs]
131237.320: [GC 2156850K->2084566K(2477056K), 0.1206980 secs]
131241.845: [GC 2179851K->2103013K(2477056K), 0.1025540 secs]
131247.035: [GC 2198309K->2137880K(2477056K), 0.1221660 secs]
131249.629: [GC 2233165K->2199401K(2477056K), 0.0989900 secs]
131253.320: [GC 2294694K->2178432K(2477056K), 0.0877470 secs]
131254.621: [GC 2273734K->2232642K(2477056K), 0.1011650 secs]
131256.580: [GC 2327938K->2255438K(2477056K), 0.1030210 secs]
131256.683: [Full GC 2255438K->2098527K(2477056K), 1.1910860 secs]
131265.704: [GC 2193644K->2110893K(2477056K), 0.0786000 secs]
131269.595: [GC 2218323K->2153402K(2477056K), 0.1268450 secs]
131273.162: [GC 2248698K->2158527K(2477056K), 0.0696760 secs]
131277.896: [GC 2253819K->2192000K(2421824K), 0.0788440 secs]
131279.106: [GC 2259363K->2192764K(2476864K), 0.0956810 secs]
131279.943: [GC 2290507K->2237876K(2474432K), 0.1259280 secs]
131282.381: [GC 2323567K->2238518K(2477056K), 0.1527000 secs]
131283.188: [GC 2333814K->2292146K(2477056K), 0.1340910 secs]
131283.322: [Full GC 2292146K->2246542K(2477056K), 2.8838760 secs]
131287.000: [Full GC 2341849K->1697749K(2477056K), 2.3592320 secs]
131290.065: [GC 1795762K->1757464K(2477056K), 0.0708070 secs]
131292.003: [GC 1902446K->1784256K(2477056K), 0.1022440 secs]
131294.778: [GC 1879552K->1789500K(2477056K), 0.0697070 secs]
131301.288: [GC 1884796K->1800177K(2477056K), 0.0636370 secs]
131305.134: [GC 1895471K->1836617K(2468736K), 0.1345380 secs]
131307.851: [GC 1928938K->1845177K(2421184K), 0.1062060 secs]
131309.096: [GC 1938058K->1877939K(2465152K), 0.1547620 secs]
131313.503: [GC 1968467K->1916602K(2472384K), 0.1451670 secs]
131318.743: [GC 1996563K->1922482K(2474560K), 0.0950080 secs]
131320.783: [GC 2015730K->1947709K(2405120K), 0.0688260 secs]
131325.258: [GC 2035839K->1962990K(2466752K), 0.1047320 secs]
131332.384: [GC 2058535K->1987360K(2470208K), 0.1333440 secs]
131336.151: [GC 2082906K->2014465K(2475904K), 0.1893680 secs]
131343.790: [GC 2109761K->2021196K(2477056K), 0.1198900 secs]
131347.989: [GC 2116491K->2069469K(2477056K), 0.1555150 secs]
131354.529: [GC 2164765K->2114948K(2477056K), 0.1244750 secs]
131356.239: [GC 2210230K->2155246K(2474112K), 0.0929740 secs]
131359.323: [GC 2250538K->2179031K(2475584K), 0.1121820 secs]
131366.147: [GC 2265697K->2217866K(2477056K), 0.1250860 secs]
131366.272: [Full GC 2217866K->2081822K(2477056K), 1.2074340 secs]
131370.175: [GC 2177118K->2138046K(2477056K), 0.1267970 secs]
131375.310: [GC 2233342K->2163626K(2477056K), 0.1344510 secs]
131379.185: [GC 2258923K->2186533K(2407040K), 0.0907590 secs]
131388.111: [GC 2277718K->2209441K(2474880K), 0.1026580 secs]
131398.302: [GC 2286526K->2209701K(2474432K), 0.0957320 secs]
131400.417: [GC 2306597K->2237929K(2468800K), 0.1740320 secs]
131403.485: [GC 2330793K->2285374K(2474624K), 0.1549560 secs]
131403.640: [Full GC 2285374K->2233489K(2474624K), 0.9909990 secs]
131408.729: [Full GC 2325819K->1814015K(2474624K), 2.5556670 secs]
131419.313: [GC 1906879K->1839908K(2474752K), 0.0795230 secs]
131429.542: [GC 1935054K->1840028K(2407744K), 0.0728370 secs]
131431.131: [GC 1935196K->1868197K(2475648K), 0.1030180 secs]
131436.166: [GC 1965477K->1891907K(2475520K), 0.1843910 secs]
131441.468: [GC 1989187K->1937481K(2477056K), 0.1436040 secs]
131448.605: [GC 2032525K->1962194K(2477056K), 0.1797590 secs]
131459.925: [GC 2046378K->1962326K(2477056K), 0.1198190 secs]
131462.437: [GC 2057622K->2014318K(2477056K), 0.1049280 secs]
131464.584: [GC 2109614K->2065754K(2477056K), 0.1696590 secs]
131468.005: [GC 2160961K->2119711K(2477056K), 0.1067770 secs]
131478.311: [GC 2215001K->2113352K(2477056K), 0.0809740 secs]
131490.089: [GC 2208325K->2113410K(2477056K), 0.0926090 secs]
131491.414: [GC 2258392K->2176887K(2477056K), 0.0980180 secs]
131492.852: [Full GC 2307795K->2050491K(2477056K), 1.0642220 secs]
131494.788: [GC 2154085K->2109560K(2417216K), 0.0839830 secs]
131496.628: [GC 2204867K->2126127K(2473792K), 0.0840990 secs]
131505.001: [GC 2221231K->2127013K(2473984K), 0.0951330 secs]
131518.897: [GC 2222116K->2153615K(2474240K), 0.0983240 secs]
131524.840: [GC 2244903K->2176512K(2477056K), 0.1677330 secs]
131525.835: [GC 2256258K->2231884K(2477056K), 0.1271030 secs]
131528.108: [GC 2326197K->2255478K(2477056K), 0.1133360 secs]
131528.222: [Full GC 2255478K->2204434K(2477056K), 0.9253030 secs]
131534.533: [Full GC 2299219K->1747439K(2477056K), 2.5085260 secs]
131544.056: [GC 1842735K->1764862K(2477056K), 0.0836420 secs]
131545.034: [GC 1860148K->1864099K(2431616K), 0.1280730 secs]
131552.253: [GC 1958481K->1866050K(2477824K), 0.1054720 secs]
131554.105: [GC 1963138K->1889417K(2476032K), 0.1856300 secs]
131555.581: [GC 1985782K->1913763K(2477568K), 0.1088130 secs]
131558.800: [GC 2007147K->1967698K(2477056K), 0.1464090 secs]
131568.642: [GC 2063506K->1966258K(2477056K), 0.1187540 secs]
131577.591: [GC 2055693K->2014607K(2430272K), 0.1036080 secs]
131583.869: [GC 2109893K->2013771K(2473600K), 0.0847430 secs]
131588.810: [GC 2112069K->2069636K(2475136K), 0.1462350 secs]
131592.761: [GC 2167939K->2089801K(2477056K), 0.1366610 secs]
131603.018: [GC 2184566K->2065663K(2477056K), 0.1082260 secs]
131606.311: [GC 2157771K->2122901K(2477056K), 0.1402690 secs]
131612.808: [GC 2218197K->2114765K(2477056K), 0.0838070 secs]
131619.116: [GC 2198395K->2115917K(2477056K), 0.0900130 secs]
131620.721: [GC 2205417K->2171137K(2477056K), 0.0982380 secs]
131628.484: [GC 2266433K->2195006K(2477056K), 0.2092780 secs]
131635.590: [GC 2287691K->2234595K(2477056K), 0.1036690 secs]
131641.323: [GC 2329024K->2265725K(2471040K), 0.1000160 secs]
131641.424: [Full GC 2265725K->2119470K(2471040K), 2.7645550 secs]
131651.241: [GC 2201140K->2131253K(2474048K), 0.0919370 secs]
131651.803: [GC 2230933K->2187677K(2473984K), 0.0791040 secs]
131664.774: [GC 2282781K->2187519K(2476672K), 0.1639340 secs]
131668.881: [GC 2282623K->2211902K(2477056K), 0.1600770 secs]
131672.547: [GC 2301211K->2241511K(2477056K), 0.1586250 secs]
131681.622: [GC 2336798K->2279180K(2477056K), 0.1412730 secs]
131681.764: [Full GC 2279180K->1863059K(2477056K), 2.5130000 secs]
131685.426: [GC 1934517K->1863895K(2477056K), 0.0572700 secs]
131686.110: [GC 1965457K->1922528K(2477056K), 0.0828010 secs]
131691.075: [GC 2007814K->1946680K(2477056K), 0.0985170 secs]
131700.635: [GC 2041976K->1968471K(2477056K), 0.0568610 secs]
131702.350: [GC 2079974K->2046821K(2477056K), 0.0870510 secs]
131704.578: [GC 2142106K->2037121K(2477056K), 0.0715030 secs]
131716.558: [GC 2131657K->2039862K(2406272K), 0.0663700 secs]
131717.544: [GC 2120972K->2100301K(2469248K), 0.1383470 secs]
131719.326: [GC 2191693K->2089698K(2473152K), 0.1081870 secs]
131723.487: [GC 2181090K->2161271K(2477056K), 0.1358080 secs]
131733.512: [GC 2237085K->2164428K(2477056K), 0.0715570 secs]
131734.044: [GC 2264885K->2224841K(2477056K), 0.0988730 secs]
131737.358: [GC 2320130K->2262658K(2477056K), 0.1053900 secs]
131737.464: [Full GC 2262658K->2153504K(2477056K), 1.0892760 secs]
131748.298: [GC 2231649K->2156468K(2477056K), 0.0805930 secs]
131750.300: [GC 2248552K->2212051K(2477056K), 0.1032940 secs]
131755.466: [GC 2307347K->2209427K(2474240K), 0.1090790 secs]
131755.575: [Full GC 2209427K->1601539K(2474240K), 2.2694500 secs]
131761.559: [GC 1696835K->1623916K(2475648K), 0.0734690 secs]
131764.283: [GC 1715799K->1674500K(2470400K), 0.1022300 secs]
131773.054: [GC 1768580K->1675252K(2475840K), 0.1074440 secs]
131776.920: [GC 1769332K->1695597K(2475712K), 0.1102360 secs]
131780.521: [GC 1792493K->1727305K(2467200K), 0.1203140 secs]
131782.642: [GC 1805276K->1749736K(2477056K), 0.1410060 secs]
131783.957: [GC 1845757K->1810786K(2477056K), 0.1168140 secs]
131792.031: [GC 1906644K->1855540K(2477056K), 0.1418350 secs]
131793.218: [GC 1950866K->1887025K(2477056K), 0.1049460 secs]
131796.441: [GC 1982299K->1929754K(2475264K), 0.1219840 secs]
131805.769: [GC 2025042K->1971815K(2476160K), 0.1036860 secs]
131810.979: [GC 2067109K->1975334K(2477056K), 0.1138090 secs]
131820.032: [GC 2070626K->2004244K(2477056K), 0.1017000 secs]
131821.350: [GC 2105581K->2058594K(2473088K), 0.0728720 secs]
131833.410: [GC 2153890K->2052471K(2475072K), 0.1049980 secs]
131840.517: [GC 2147767K->2075166K(2472704K), 0.0878120 secs]
131843.363: [GC 2174202K->2131450K(2474304K), 0.1841040 secs]
131849.126: [GC 2247695K->2151261K(2477056K), 0.1225030 secs]
131851.184: [GC 2246557K->2151529K(2406976K), 0.1115440 secs]
131863.719: [GC 2243686K->2198398K(2476928K), 0.1151650 secs]
131872.597: [GC 2293628K->2229389K(2476992K), 0.1477720 secs]
131876.508: [GC 2324621K->2226586K(2477056K), 0.1483200 secs]
131876.657: [Full GC 2226586K->2044811K(2477056K), 2.6859090 secs]
131881.326: [GC 2140107K->2069139K(2477056K), 0.1279930 secs]
131886.453: [GC 2163907K->2116149K(2477056K), 0.1022210 secs]
131895.753: [GC 2207522K->2172067K(2477056K), 0.1308600 secs]
131899.731: [GC 2317037K->2191765K(2477056K), 0.0768310 secs]
131907.751: [GC 2287061K->2194467K(2477056K), 0.0495330 secs]
131909.412: [GC 2289767K->2243512K(2477056K), 0.0913700 secs]
131910.781: [GC 2317532K->2271274K(2477056K), 0.1115590 secs]
131910.893: [Full GC 2271274K->2027852K(2477056K), 2.6442390 secs]
131916.970: [GC 2123148K->2076402K(2477056K), 0.0713570 secs]
131928.160: [GC 2167156K->2124079K(2477056K), 0.1230170 secs]
131941.568: [GC 2215712K->2125886K(2477056K), 0.1050780 secs]
131942.112: [GC 2223888K->2193997K(2477056K), 0.0824370 secs]
131945.583: [GC 2275206K->2180196K(2477056K), 0.1165220 secs]
131949.882: [GC 2275492K->2234450K(2477056K), 0.1509780 secs]
131957.082: [GC 2322798K->2262676K(2477056K), 0.1208860 secs]
131957.203: [Full GC 2262676K->2109516K(2477056K), 2.7607470 secs]
131971.899: [GC 2192018K->2118969K(2477056K), 0.0621780 secs]
131973.644: [GC 2199814K->2142431K(2477056K), 0.0753140 secs]
131975.038: [GC 2232684K->2166175K(2405952K), 0.0700620 secs]
131977.484: [GC 2261471K->2194771K(2472384K), 0.1129730 secs]
131988.605: [GC 2288330K->2242144K(2474112K), 0.1740430 secs]
131990.760: [GC 2335712K->2247106K(2477056K), 0.1553230 secs]
131992.525: [Full GC 2390463K->1883764K(2477056K), 2.5048940 secs]
132000.773: [GC 1979060K->1907671K(2477056K), 0.1004570 secs]
132005.135: [GC 1980772K->1908630K(2477056K), 0.0876790 secs]
132006.402: [GC 2011243K->1979688K(2477056K), 0.0709430 secs]
132011.242: [GC 2074984K->1984658K(2477056K), 0.1266940 secs]
132019.912: [GC 2079954K->2009158K(2406464K), 0.1150220 secs]
132022.841: [GC 2123538K->2084838K(2468352K), 0.1144850 secs]
132025.063: [GC 2175782K->2062075K(2472704K), 0.0996330 secs]
132030.427: [GC 2153008K->2108920K(2477056K), 0.0711000 secs]
132032.596: [GC 2204213K->2180717K(2477056K), 0.1373420 secs]
132038.956: [GC 2268993K->2133630K(2477056K), 0.0459040 secs]
132044.352: [GC 2228926K->2180818K(2477056K), 0.0810380 secs]
132047.070: [GC 2276100K->2204557K(2477056K), 0.1027940 secs]
132053.240: [GC 2282413K->2252938K(2477056K), 0.1126350 secs]
132053.353: [Full GC 2252938K->2152128K(2477056K), 2.7896640 secs]
132059.167: [GC 2247305K->2208193K(2477056K), 0.1367020 secs]
132064.799: [GC 2301297K->2233255K(2407424K), 0.1462190 secs]
132064.945: [Full GC 2233255K->1780434K(2407424K), 2.4617810 secs]
132068.464: [GC 1875723K->1835041K(2473152K), 0.0919270 secs]
132083.241: [GC 1976487K->1883279K(2475072K), 0.0868730 secs]
132085.997: [GC 1952791K->1931573K(2477056K), 0.1365490 secs]
132089.209: [GC 2025702K->1960265K(2410944K), 0.0740690 secs]
132095.692: [GC 2055561K->2010402K(2468992K), 0.1121600 secs]
132097.147: [GC 2101666K->2082209K(2473024K), 0.1763230 secs]
132099.788: [GC 2221530K->2180226K(2477056K), 0.1051330 secs]
132099.893: [Full GC 2180226K->2026233K(2477056K), 0.9847020 secs]
132114.485: [GC 2118977K->2028858K(2477056K), 0.0780970 secs]
132116.911: [GC 2124154K->2054942K(2473856K), 0.1038300 secs]
132119.771: [GC 2150219K->2078582K(2475456K), 0.1195000 secs]
132120.819: [GC 2173878K->2174018K(2476800K), 0.1812810 secs]
132141.088: [GC 2268353K->2174822K(2477056K), 0.1204470 secs]
132142.153: [GC 2270104K->2222350K(2477056K), 0.1112140 secs]
132142.264: [Full GC 2222350K->2174222K(2477056K), 0.9718570 secs]
132146.640: [GC 2269522K->2198290K(2477056K), 0.0612960 secs]
132146.702: [Full GC 2198290K->1774844K(2477056K), 2.4123240 secs]
132150.370: [GC 1870134K->1802865K(2470272K), 0.0748860 secs]
132161.305: [GC 1947831K->1852780K(2410112K), 0.0655780 secs]
132163.507: [GC 1996145K->1900969K(2465472K), 0.0696760 secs]
132177.584: [GC 1990988K->1903340K(2416064K), 0.0802200 secs]
132178.153: [GC 2007642K->1959712K(2456320K), 0.0961420 secs]
132184.950: [GC 2097503K->2007162K(2468288K), 0.1464280 secs]
132191.285: [GC 2089681K->2046755K(2474944K), 0.1375680 secs]
132204.537: [GC 2140451K->2055917K(2475456K), 0.1434800 secs]
132206.672: [GC 2149611K->2084233K(2477056K), 0.1216310 secs]
132207.590: [GC 2180303K->2146104K(2477056K), 0.1139720 secs]
132215.305: [GC 2241389K->2186451K(2477056K), 0.1400600 secs]
132234.211: [GC 2281747K->2235725K(2477056K), 0.1250220 secs]
132234.336: [Full GC 2235725K->2127918K(2477056K), 1.0084930 secs]
132236.150: [GC 2267455K->2231748K(2477056K), 0.1140400 secs]
132236.265: [Full GC 2231748K->2013392K(2477056K), 2.9252680 secs]
132240.345: [GC 2130994K->2059875K(2477056K), 0.1396320 secs]
132257.244: [GC 2203231K->2092958K(2477056K), 0.0601280 secs]
132266.310: [GC 2188049K->2094369K(2477056K), 0.0456430 secs]
132269.474: [GC 2189665K->2121059K(2477056K), 0.1292740 secs]
132277.728: [GC 2214817K->2146203K(2407424K), 0.1083580 secs]
132278.958: [GC 2241496K->2240311K(2476416K), 0.1780200 secs]
132294.410: [GC-- 2313400K->2384860K(2476416K), 0.1476940 secs]
132294.558: [Full GC 2384860K->2184055K(2476416K), 1.0884000 secs]
132298.515: [GC 2279031K->2212279K(2476736K), 0.0896760 secs]
132298.605: [Full GC 2212279K->1737831K(2476736K), 2.4041790 secs]
132301.960: [GC 1882235K->1847747K(2477056K), 0.0742280 secs]
132303.140: [GC 1948951K->1875949K(2410944K), 0.1146050 secs]
132314.080: [GC 1971239K->1885295K(2469632K), 0.1398030 secs]
132328.963: [GC 1983023K->1886548K(2423936K), 0.1218670 secs]
132331.179: [GC 1984275K->1943917K(2461952K), 0.1519140 secs]
132332.428: [GC 2035309K->1938815K(2470336K), 0.1063280 secs]
132334.985: [GC 2030195K->2033558K(2476160K), 0.1790290 secs]
132354.412: [GC 2127958K->2033688K(2476160K), 0.1155630 secs]
132356.460: [GC 2128073K->2105058K(2477056K), 0.1445210 secs]
132359.716: [GC 2200350K->2176732K(2477056K), 0.1484020 secs]
132359.864: [Full GC 2176732K->2033689K(2477056K), 1.0533920 secs]
132364.863: [GC 2128977K->2089469K(2477056K), 0.0920530 secs]
132375.899: [GC 2232824K->2137349K(2477056K), 0.0954220 secs]
132388.362: [GC 2228142K->2137624K(2477056K), 0.0752940 secs]
132395.303: [GC 2230496K->2163025K(2477056K), 0.0818220 secs]
132396.489: [Full GC 2306402K->2216759K(2477056K), 0.9498990 secs]
132399.480: [Full GC 2312055K->1599731K(2477056K), 2.3158710 secs]
132417.718: [GC 1743093K->1653145K(2477056K), 0.0814590 secs]
132429.116: [GC 1746279K->1656373K(2477056K), 0.0579760 secs]
132429.943: [GC 1801361K->1738803K(2469632K), 0.0657380 secs]
132430.537: [GC 1857396K->1832554K(2473344K), 0.1275190 secs]
132431.649: [GC 1933303K->1855014K(2477056K), 0.1054760 secs]
132434.254: [GC 1950310K->1840700K(2477056K), 0.0802560 secs]
132438.316: [GC 1935996K->1936416K(2477056K), 0.1079520 secs]
132452.305: [GC 2031712K->1941370K(2477056K), 0.1441460 secs]
132459.396: [GC 2084727K->1999020K(2474624K), 0.0625290 secs]
132463.364: [GC 2094305K->2054596K(2475840K), 0.1646450 secs]
132470.017: [GC 2149892K->2061988K(2477056K), 0.1142670 secs]
132479.341: [GC 2158809K->2115326K(2477056K), 0.1133380 secs]
132489.103: [GC 2210622K->2163269K(2477056K), 0.1115960 secs]
132489.215: [Full GC 2163269K->1996121K(2477056K), 2.6199200 secs]
132497.283: [GC 2074015K->2001585K(2387328K), 0.0865590 secs]
132500.007: [GC 2093256K->2031001K(2472512K), 0.1086530 secs]
132501.053: [GC 2128464K->2125101K(2473472K), 0.2436330 secs]
132521.805: [GC 2222610K->2180646K(2477056K), 0.1636800 secs]
132522.403: [GC 2275958K->2291812K(2477056K), 0.1811050 secs]
132522.585: [Full GC 2291812K->2163673K(2477056K), 0.9964570 secs]
132527.477: [GC 2258953K->2164682K(2477056K), 0.0777900 secs]
132527.555: [Full GC 2164682K->1781208K(2477056K), 2.4220160 secs]
132530.950: [GC 1880670K->1856923K(2477056K), 0.0945940 secs]
132538.749: [GC 1952219K->1865080K(2477056K), 0.1741790 secs]
132545.312: [GC 1960371K->1950551K(2477056K), 0.1190550 secs]
132554.656: [GC 2093911K->1998894K(2477056K), 0.1285130 secs]
132561.451: [GC 2091695K->1999138K(2477056K), 0.0631790 secs]
132564.126: [GC 2094434K->2054571K(2477056K), 0.1181630 secs]
132572.260: [GC 2149777K->2049831K(2477056K), 0.0957740 secs]
132575.328: [GC 2145125K->2146130K(2477056K), 0.1469130 secs]
132590.778: [GC 2241426K->2199175K(2477056K), 0.1609640 secs]
132590.939: [Full GC 2199175K->2032169K(2477056K), 1.1008100 secs]
132593.719: [GC 2139949K->2083952K(2477056K), 0.0989270 secs]
132598.876: [GC 2179248K->2111091K(2477056K), 0.0983020 secs]
132600.263: [GC 2206382K->2207321K(2477056K), 0.1312320 secs]
132600.395: [Full GC 2207321K->2120207K(2477056K), 2.5101770 secs]
132606.447: [GC 2265187K->2178822K(2477056K), 0.0569580 secs]
132606.505: [Full GC 2178822K->1958567K(2477056K), 2.5939860 secs]
132623.077: [GC 2037966K->1959217K(2476288K), 0.0403590 secs]
132624.101: [GC 2102596K->2055439K(2476672K), 0.1034400 secs]
132627.236: [GC 2142371K->2053870K(2476032K), 0.0781920 secs]
132641.422: [GC 2149324K->2083314K(2412160K), 0.1085160 secs]
132642.588: [GC 2178978K->2177446K(2467200K), 0.1625640 secs]
132652.859: [GC 2268966K->2228685K(2473280K), 0.1605890 secs]
132653.019: [Full GC 2228685K->2129605K(2473280K), 0.9674580 secs]
132657.072: [GC 2221116K->2157705K(2476288K), 0.0827520 secs]
132662.503: [Full GC 2300291K->2000906K(2476288K), 2.6098370 secs]
132669.568: [GC 2092258K->2018684K(2476288K), 0.0867000 secs]
132682.065: [GC 2113206K->2059077K(2477056K), 0.0993140 secs]
132686.771: [GC 2202443K->2107552K(2477056K), 0.0836650 secs]
132688.689: [GC 2202836K->2163012K(2477056K), 0.0858980 secs]
132707.495: [GC 2306367K->2183628K(2477056K), 0.0771000 secs]
132707.572: [Full GC 2183628K->2159113K(2477056K), 2.5537720 secs]
132712.388: [GC 2247738K->2160405K(2477056K), 0.1125670 secs]
132715.828: [GC 2247401K->2183584K(2405696K), 0.0788560 secs]
132720.398: [GC 2257348K->2221787K(2467072K), 0.1010370 secs]
132725.695: [GC 2312091K->2253589K(2472064K), 0.1294440 secs]
132725.825: [Full GC 2253589K->1841305K(2472064K), 2.5065820 secs]
132730.138: [GC 1931597K->1891240K(2474368K), 0.1459450 secs]
132732.985: [GC 2031918K->1989569K(2474368K), 0.1095590 secs]
132741.272: [GC 2071034K->1989618K(2476416K), 0.0392090 secs]
132752.626: [GC 2084594K->2013039K(2405440K), 0.0722500 secs]
132753.396: [GC 2109536K->2067755K(2468672K), 0.1786860 secs]
132754.218: [GC 2159031K->2106304K(2473024K), 0.1260050 secs]
132768.964: [GC 2194171K->2119556K(2477056K), 0.0803630 secs]
132772.484: [GC 2214852K->2145079K(2407936K), 0.0735390 secs]
132775.651: [GC 2240373K->2190686K(2471040K), 0.1035190 secs]
132784.661: [GC 2282965K->2266674K(2474048K), 0.1732070 secs]
132784.835: [Full GC 2266674K->2138123K(2474048K), 1.0542730 secs]
132792.785: [GC 2229568K->2146940K(2473984K), 0.0975620 secs]
132795.970: [GC 2242221K->2243680K(2475520K), 0.1134810 secs]
132796.084: [Full GC 2243680K->1976013K(2475520K), 2.5730760 secs]
132799.703: [GC 2071298K->2031038K(2477056K), 0.1507690 secs]
132816.062: [GC 2174393K->2071427K(2477056K), 0.1027140 secs]
132819.185: [GC 2161409K->2071560K(2477056K), 0.0701520 secs]
132826.217: [GC 2166856K->2126908K(2477056K), 0.0782990 secs]
132835.954: [GC 2222204K->2149880K(2476288K), 0.1524360 secs]
132850.885: [GC 2244033K->2169278K(2424704K), 0.0913230 secs]
132853.543: [GC 2264574K->2196238K(2473472K), 0.1832500 secs]
132861.507: [GC 2290318K->2242000K(2475840K), 0.1644190 secs]
132861.672: [Full GC 2242000K->2137514K(2475840K), 2.7536120 secs]
132867.406: [GC 2231588K->2177274K(2475648K), 0.0888010 secs]
132882.831: [GC 2251313K->2177756K(2422080K), 0.1204970 secs]
132884.413: [GC 2291020K->2256572K(2472064K), 0.1378730 secs]
132884.551: [Full GC 2256572K->1793149K(2472064K), 2.4312140 secs]
132900.497: [GC 1877176K->1794574K(2473728K), 0.0688770 secs]
132905.169: [GC 1890067K->1813359K(2472000K), 0.0542730 secs]
132916.260: [GC 1937461K->1865322K(2475456K), 0.0852670 secs]
132920.782: [GC 1963539K->1864447K(2472704K), 0.1218330 secs]
132938.592: [GC 1963840K->1869871K(2474688K), 0.0976430 secs]
132941.452: [GC 1972207K->1891064K(2469952K), 0.1444920 secs]
132948.036: [GC 1982999K->1918216K(2465920K), 0.1709900 secs]
132956.184: [GC 2016008K->1928722K(2477056K), 0.2243910 secs]
132978.025: [GC 2024014K->1938336K(2477056K), 0.1504850 secs]
132979.810: [GC 2030830K->1989140K(2477056K), 0.1703120 secs]
132991.886: [GC 2082754K->2006522K(2477056K), 0.1759530 secs]
132998.328: [GC 2094559K->2044116K(2477056K), 0.2422390 secs]
133000.267: [GC 2139405K->2085629K(2477056K), 0.1512740 secs]
133008.977: [GC 2174026K->2090342K(2477056K), 0.1678870 secs]
133012.575: [GC 2163463K->2152343K(2477056K), 0.1755660 secs]
133014.621: [GC 2247027K->2208215K(2477056K), 0.1530350 secs]
133033.849: [GC 2299501K->2189985K(2477056K), 0.1516560 secs]
133034.000: [Full GC 2189985K->2112156K(2477056K), 1.0227010 secs]
133041.553: [GC 2257138K->2168338K(2477056K), 0.0448360 secs]
133046.975: [GC 2263633K->2196313K(2477056K), 0.0792600 secs]
133055.110: [GC 2272153K->2224054K(2477056K), 0.1445050 secs]
133055.255: [Full GC 2224054K->1582293K(2477056K), 2.2381370 secs]
133067.419: [GC 1674461K->1605829K(2477056K), 0.0843090 secs]
133080.437: [GC 1689120K->1621857K(2477056K), 0.0780580 secs]
133085.982: [GC 1717153K->1669386K(2477056K), 0.1320290 secs]
133100.170: [GC 1764682K->1664960K(2477056K), 0.0761140 secs]
133114.525: [GC 1758034K->1701185K(2477056K), 0.0758120 secs]
133116.608: [GC 1795608K->1769690K(2477056K), 0.1168950 secs]
133135.331: [GC 1864986K->1792156K(2477056K), 0.1244930 secs]
133146.783: [GC 1887452K->1831139K(2477056K), 0.0919160 secs]
133148.630: [GC 1924578K->1878686K(2477056K), 0.1042800 secs]
133173.605: [GC 1973982K->1884179K(2477056K), 0.1039730 secs]
133177.022: [GC 1979471K->1924028K(2408704K), 0.1053620 secs]
133179.497: [GC 2018989K->1979212K(2473088K), 0.1049240 secs]
133205.075: [GC 2051866K->1975039K(2475072K), 0.1420620 secs]
133211.078: [GC 2068224K->2023686K(2477056K), 0.0790940 secs]
133219.471: [GC 2118982K->2049092K(2477056K), 0.1618180 secs]
133234.590: [GC 2137777K->2089975K(2477056K), 0.1184750 secs]
133242.264: [GC 2185271K->2113257K(2405696K), 0.0865090 secs]
133244.669: [GC 2208553K->2141193K(2472128K), 0.1237890 secs]
133263.427: [GC 2235393K->2164393K(2473216K), 0.1370640 secs]
133274.949: [GC 2239510K->2164365K(2477056K), 0.1699760 secs]
133277.179: [GC 2259656K->2210255K(2427776K), 0.0879120 secs]
133292.642: [GC 2305549K->2225311K(2476416K), 0.0922660 secs]
133307.841: [GC 2309358K->2248740K(2476736K), 0.1756020 secs]
133308.017: [Full GC 2248740K->2028873K(2476736K), 2.6743810 secs]
133313.733: [GC 2123849K->2057177K(2474496K), 0.1142930 secs]
133322.832: [GC 2152473K->2081017K(2475776K), 0.0864610 secs]
133343.737: [GC 2176313K->2096325K(2475968K), 0.1559480 secs]
133346.180: [GC 2191496K->2147333K(2477056K), 0.1568970 secs]
133351.259: [GC 2242487K->2202316K(2476736K), 0.1476290 secs]
133374.724: [Full GC 2347293K->1274476K(2476736K), 1.9917360 secs]
133379.137: [GC 1349512K->1275272K(2477056K), 0.0641550 secs]
133381.569: [GC 1370568K->1330732K(2477056K), 0.0675000 secs]
133384.654: [GC 1426028K->1354394K(2477056K), 0.0941510 secs]
133390.059: [GC 1449686K->1393787K(2477056K), 0.1476760 secs]
133406.082: [GC 1486772K->1448250K(2397312K), 0.1652930 secs]
133414.412: [GC 1520286K->1449114K(2479040K), 0.0489440 secs]
133415.126: [GC 1551166K->1550097K(2476928K), 0.1052330 secs]
133440.633: [GC 1647505K->1526954K(2477056K), 0.1143720 secs]
133443.354: [GC 1622244K->1549219K(2477056K), 0.0830020 secs]
133446.413: [GC 1643756K->1551950K(2477056K), 0.0836060 secs]
133448.985: [GC 1647246K->1574042K(2477056K), 0.0888840 secs]
133449.817: [GC 1669338K->1612703K(2470144K), 0.0894100 secs]
133473.118: [GC 1707136K->1614396K(2473600K), 0.0705510 secs]
133474.242: [GC 1709645K->1697782K(2469504K), 0.1301250 secs]
133477.578: [GC 1793079K->1675596K(2477056K), 0.1152140 secs]
133480.415: [GC 1771109K->1704205K(2477056K), 0.1117400 secs]
133506.155: [GC 1796747K->1732107K(2477056K), 0.0924870 secs]
133513.890: [GC 1826974K->1779716K(2477056K), 0.0873540 secs]
133522.253: [GC 1875007K->1782648K(2409600K), 0.0993370 secs]
133536.928: [GC 1878584K->1853286K(2475520K), 0.1245240 secs]
133542.173: [GC 1947806K->1835228K(2476288K), 0.0785610 secs]
133566.139: [GC 1913239K->1835379K(2477056K), 0.1079270 secs]
133577.023: [GC 1930030K->1882096K(2477056K), 0.0743970 secs]
133578.859: [GC 1977392K->1909964K(2469760K), 0.1837060 secs]
133595.754: [GC 2000744K->1956917K(2473408K), 0.1595220 secs]
133608.800: [GC 2031684K->1961325K(2477056K), 0.1573090 secs]
133615.199: [GC 2054714K->2017171K(2477056K), 0.1095400 secs]
133617.646: [GC 2112467K->2019231K(2477056K), 0.1302660 secs]
133625.524: [GC 2108670K->2050498K(2413248K), 0.0927790 secs]
133641.035: [GC 2145787K->2098299K(2470784K), 0.1047170 secs]
133644.720: [GC 2190288K->2089265K(2473920K), 0.0977650 secs]
133655.549: [GC 2176309K->2105901K(2477056K), 0.1381830 secs]
133671.089: [GC 2201195K->2140980K(2394112K), 0.1086960 secs]
133673.977: [GC 2236276K->2168972K(2477888K), 0.1263450 secs]
133680.179: [GC 2317919K->2221590K(2476544K), 0.1277470 secs]
133684.888: [GC 2320846K->2245073K(2471424K), 0.1080130 secs]
133702.508: [GC 2341590K->2250413K(2455424K), 0.1360920 secs]
133705.765: [GC 2340101K->2313577K(2477056K), 0.1509810 secs]
133705.917: [Full GC 2313577K->2112284K(2477056K), 1.5880660 secs]
133714.631: [GC 2207576K->2144273K(2477056K), 0.0758790 secs]
133739.041: [GC 2234480K->2144813K(2477056K), 0.0878060 secs]
133743.421: [GC 2240108K->2195786K(2477056K), 0.1658910 secs]
133753.331: [GC 2291082K->2246566K(2472576K), 0.1278900 secs]
133753.459: [Full GC 2246566K->1153338K(2472576K), 1.8508510 secs]
133769.663: [GC 1248634K->1181099K(2474816K), 0.0787540 secs]
133774.077: [GC 1276395K->1209813K(2475136K), 0.0951090 secs]
133778.030: [GC 1308659K->1233133K(2476608K), 0.1579880 secs]
133796.943: [GC 1328561K->1271605K(2477056K), 0.1413340 secs]
133798.430: [GC 1366898K->1319235K(2477056K), 0.1157680 secs]
133806.527: [GC 1392828K->1369112K(2477056K), 0.1194460 secs]
133808.628: [GC 1461816K->1418630K(2477056K), 0.0958500 secs]
133812.557: [GC 1513926K->1443512K(2477056K), 0.0909010 secs]
133837.824: [GC 1538808K->1482073K(2477056K), 0.1224910 secs]
133840.325: [GC 1577369K->1506090K(2474752K), 0.0939740 secs]
133842.288: [GC 1596071K->1568558K(2475904K), 0.1330690 secs]
133869.895: [GC 1663804K->1540541K(2477056K), 0.0979260 secs]
133874.003: [GC 1635837K->1563791K(2477056K), 0.0713860 secs]
133876.213: [GC 1659072K->1599111K(2477056K), 0.0931110 secs]
133901.628: [GC 1694295K->1610249K(2400704K), 0.0656370 secs]
133903.831: [GC 1705545K->1624485K(2476416K), 0.0688930 secs]
133908.534: [GC 1725152K->1679525K(2474880K), 0.1296150 secs]
133932.791: [GC 1780197K->1656775K(2480512K), 0.1480080 secs]
133937.495: [GC 1759679K->1679559K(2454336K), 0.1312360 secs]
133944.525: [GC 1782535K->1746539K(2475840K), 0.1721800 secs]
133952.472: [GC 1840878K->1727005K(2477056K), 0.1135100 secs]
133956.634: [GC 1822292K->1818149K(2477056K), 0.1781030 secs]
133963.898: [GC 1913440K->1864986K(2477056K), 0.1649400 secs]
133981.865: [GC 1948828K->1841810K(2477056K), 0.0839910 secs]
133993.277: [GC 1937106K->1920280K(2477056K), 0.1798600 secs]
133995.987: [GC 2020465K->1931496K(2477056K), 0.0734530 secs]
134016.649: [GC 2026792K->1930303K(2477056K), 0.0613590 secs]
134019.101: [GC 2025566K->1958330K(2477056K), 0.0719620 secs]
134027.355: [GC 2052438K->2012842K(2477056K), 0.1022670 secs]
134048.317: [GC 2108138K->2001716K(2477056K), 0.0912110 secs]
134052.275: [GC 2097012K->2057120K(2477056K), 0.1423920 secs]
134058.354: [GC 2130911K->2057219K(2477056K), 0.1233540 secs]
134062.743: [GC 2152238K->2106915K(2477056K), 0.1344210 secs]
134084.018: [GC 2196312K->2085761K(2477056K), 0.1211520 secs]
134086.715: [GC 2181057K->2141338K(2477056K), 0.1223480 secs]
134090.944: [GC 2231307K->2169610K(2477056K), 0.1025960 secs]
134103.821: [GC 2264906K->2145252K(2477056K), 0.0920240 secs]
134112.725: [GC 2220943K->2150618K(2477056K), 0.0570260 secs]
134115.114: [GC 2245911K->2207530K(2477056K), 0.0940760 secs]
134122.209: [GC 2282125K->2212629K(2477056K), 0.1028850 secs]
134122.312: [Full GC 2212629K->1923648K(2477056K), 2.6244160 secs]
134127.396: [GC 2018944K->1948839K(2407040K), 0.0737060 secs]
134140.246: [GC 2044135K->1956201K(2475904K), 0.1422280 secs]
134142.141: [GC 2058207K->2008656K(2475584K), 0.1445190 secs]
134143.536: [GC 2111068K->2092510K(2477056K), 0.1620610 secs]
134149.046: [GC 2187806K->2144474K(2477056K), 0.1633760 secs]
134156.564: [GC 2229133K->2149841K(2477056K), 0.0524560 secs]
134161.367: [GC 2245137K->2198460K(2477056K), 0.1507020 secs]
134175.745: [GC 2293756K->2181522K(2477056K), 0.1343910 secs]
134175.879: [Full GC 2181522K->1472203K(2477056K), 2.1544950 secs]
134180.117: [GC 1565509K->1529179K(2477056K), 0.1013790 secs]
134186.889: [GC 1624449K->1536256K(2477056K), 0.0914860 secs]
134189.282: [GC 1631882K->1592886K(2477056K), 0.0751400 secs]
134199.840: [GC 1688182K->1565360K(2477056K), 0.1214200 secs]
134212.585: [GC 1660654K->1595832K(2477056K), 0.1206360 secs]
134217.425: [GC 1691128K->1597352K(2476800K), 0.0629380 secs]
134219.776: [GC 1692648K->1646341K(2476928K), 0.0671380 secs]
134225.209: [GC 1741635K->1635064K(2472960K), 0.0796160 secs]
134241.045: [GC 1730480K->1641095K(2475008K), 0.0630160 secs]
134247.089: [GC 1715794K->1644095K(2465728K), 0.1053060 secs]
134248.557: [GC 1745215K->1675112K(2470784K), 0.1005950 secs]
134255.312: [GC 1772220K->1704635K(2469184K), 0.1416410 secs]
134268.552: [GC 1799829K->1713728K(2477056K), 0.1202340 secs]
134281.116: [GC 1807455K->1720817K(2477056K), 0.1413720 secs]
134283.849: [GC 1816062K->1770301K(2477056K), 0.1663850 secs]
134295.591: [GC 1865597K->1803560K(2477056K), 0.1003660 secs]
134297.405: [GC 1893762K->1825908K(2405440K), 0.0919730 secs]
134300.936: [GC 1921204K->1840787K(2480832K), 0.1069190 secs]
134309.696: [GC 1940883K->1844790K(2429120K), 0.1023330 secs]
134315.030: [GC 1944885K->1900930K(2467328K), 0.1369000 secs]
134323.655: [GC 1994241K->1877017K(2475200K), 0.1154140 secs]
134328.483: [GC 1967946K->1931386K(2477056K), 0.1553390 secs]
134344.608: [GC 2026682K->1931361K(2477056K), 0.1386160 secs]
134348.538: [GC 2026649K->1960469K(2477056K), 0.0841580 secs]
134357.258: [GC 2055432K->1962833K(2477056K), 0.0820160 secs]
134359.164: [GC 2058044K->2011784K(2477056K), 0.1327750 secs]
134362.421: [GC 2103689K->2043041K(2414080K), 0.1174180 secs]
134365.174: [GC 2133683K->2054444K(2480320K), 0.1262280 secs]
134366.762: [GC 2153636K->2136453K(2476416K), 0.1769490 secs]
134375.178: [GC 2235653K->2191036K(2475712K), 0.1223600 secs]
134375.300: [Full GC 2191036K->1957774K(2475712K), 1.2697210 secs]
134378.120: [GC 2053635K->2021322K(2476864K), 0.1268720 secs]
134380.207: [GC 2115489K->2041720K(2477056K), 0.1102350 secs]
134384.581: [GC 2137009K->2070582K(2477056K), 0.1466950 secs]
134391.415: [GC 2165878K->2079470K(2477056K), 0.0930890 secs]
134395.992: [GC 2170789K->2107973K(2410496K), 0.0743590 secs]
134399.066: [GC 2203258K->2132624K(2477504K), 0.0753420 secs]
134405.779: [GC 2230421K->2162995K(2474432K), 0.1001300 secs]
134408.867: [GC 2260657K->2188827K(2475200K), 0.0809020 secs]
134415.040: [GC 2295638K->2215805K(2477376K), 0.1358210 secs]
134417.515: [GC 2322617K->2244559K(2470528K), 0.1567760 secs]
134426.516: [GC 2338519K->2276098K(2477056K), 0.1534520 secs]
134426.670: [Full GC 2276098K->1574487K(2477056K), 2.2293370 secs]
134430.344: [GC 1669707K->1618550K(2477056K), 0.1124800 secs]
134432.589: [GC 1707281K->1641798K(2413312K), 0.0995780 secs]
134436.023: [GC 1737087K->1690802K(2475584K), 0.1046950 secs]
134442.646: [GC 1785842K->1665671K(2475840K), 0.0832880 secs]
134448.746: [GC 1753868K->1680901K(2477440K), 0.0640320 secs]
134450.333: [GC 1776768K->1735697K(2477056K), 0.1470680 secs]
134458.901: [GC 1831206K->1712380K(2477056K), 0.0785120 secs]
134463.792: [GC 1807672K->1759788K(2477056K), 0.0855650 secs]
134472.061: [GC 1855084K->1738657K(2477056K), 0.1082990 secs]
134480.326: [GC 1833953K->1743075K(2477056K), 0.0732080 secs]
134481.931: [GC 1838262K->1798624K(2477056K), 0.1155650 secs]
134492.844: [GC 1893920K->1774920K(2477056K), 0.0805380 secs]
134494.595: [GC 1870223K->1815950K(2477056K), 0.0822640 secs]
134501.398: [GC 1911246K->1843893K(2384704K), 0.1106080 secs]
134511.957: [GC 1938213K->1851029K(2479360K), 0.0543840 secs]
134514.330: [GC 1949525K->1875637K(2419648K), 0.0753780 secs]
134521.425: [GC 2023813K->1926694K(2477184K), 0.0844470 secs]
134526.394: [GC 2015983K->1927558K(2474240K), 0.0963370 secs]
134529.276: [GC 2030854K->1953427K(2472640K), 0.1681210 secs]
134543.110: [GC 2056099K->1954985K(2452672K), 0.1261060 secs]
134546.303: [GC 2059305K->1983077K(2475712K), 0.1845370 secs]
134554.870: [GC 2077034K->1998700K(2477056K), 0.1343790 secs]
134558.775: [GC 2093989K->2023636K(2477056K), 0.1488320 secs]
134564.025: [GC 2118930K->2025456K(2477056K), 0.1614680 secs]
134574.889: [GC 2118304K->2057856K(2477056K), 0.1742600 secs]
134576.982: [GC 2153152K->2107456K(2477056K), 0.1324260 secs]
134589.565: [GC 2202752K->2110872K(2477056K), 0.0852020 secs]
134592.225: [GC 2203549K->2165916K(2477056K), 0.0822220 secs]
134602.077: [GC 2261212K->2161069K(2477056K), 0.1325720 secs]
134604.709: [GC 2253603K->2224409K(2477056K), 0.1180680 secs]
134609.961: [GC 2319705K->2200340K(2477056K), 0.1061620 secs]
134622.351: [GC 2295375K->2216496K(2477056K), 0.0801100 secs]
134622.431: [Full GC 2216496K->2059237K(2477056K), 2.7021830 secs]
134630.633: [GC 2154524K->2092784K(2477056K), 0.0841970 secs]
134633.234: [GC 2188080K->2105981K(2477056K), 0.0944110 secs]
134635.536: [GC 2201274K->2125475K(2477056K), 0.1167630 secs]
134636.219: [GC 2221391K->2128113K(2477056K), 0.0880890 secs]
134637.842: [GC 2223403K->2156355K(2465792K), 0.1065760 secs]
134643.796: [GC 2251651K->2189002K(2471424K), 0.1650660 secs]
134656.938: [GC 2284296K->2198111K(2473280K), 0.0524560 secs]
134658.778: [GC 2288781K->2242121K(2477568K), 0.1569090 secs]
134662.309: [GC 2348553K->2221728K(2480960K), 0.0784520 secs]
134663.969: [GC 2335117K->2251755K(2482752K), 0.0860340 secs]
134664.055: [Full GC 2251755K->1437667K(2482752K), 2.1395890 secs]
134666.694: [GC 1551075K->1451607K(2484544K), 0.0528470 secs]
134669.823: [GC 1575389K->1465513K(2486656K), 0.0601940 secs]
134670.566: [GC 1571612K->1521539K(2492224K), 0.0908580 secs]
134671.420: [GC 1653541K->1571721K(2491776K), 0.1294430 secs]
134676.064: [GC 1681033K->1621909K(2494400K), 0.1182540 secs]
134676.618: [GC 1753941K->1696385K(2468288K), 0.1185300 secs]
134677.240: [GC 1828417K->1671849K(2491200K), 0.0767840 secs]
134677.890: [GC 1797481K->1671927K(2412288K), 0.0464250 secs]
134683.736: [GC 1797559K->1679872K(2494208K), 0.0725690 secs]
134684.240: [GC 1807424K->1680150K(2414400K), 0.0381080 secs]
134684.758: [GC 1807706K->1680222K(2492672K), 0.0789370 secs]
134686.801: [GC 1809374K->1731012K(2491072K), 0.0746680 secs]
134687.302: [GC 1860164K->1710412K(2492928K), 0.0523080 secs]
134687.763: [GC 1835660K->1710568K(2411968K), 0.0677610 secs]
134688.246: [GC 1835816K->1710714K(2491392K), 0.0808400 secs]
134688.815: [GC 1838522K->1710732K(2488832K), 0.0616750 secs]
134689.305: [GC 1838540K->1711016K(2494784K), 0.0343930 secs]
134689.829: [GC 1848232K->1711050K(2492352K), 0.0345470 secs]
134690.318: [GC 1848266K->1711138K(2500480K), 0.0335110 secs]
134696.677: [GC 1860444K->1738081K(2498112K), 0.0630840 secs]
134704.584: [GC 1887393K->1747907K(2502144K), 0.1623390 secs]
134707.383: [GC 1908355K->1790301K(2505280K), 0.0855700 secs]
134708.217: [GC 1920485K->1790303K(2509696K), 0.1399880 secs]
134709.339: [GC 1948570K->1814283K(2469056K), 0.0711960 secs]
134717.885: [GC 1966010K->1811422K(2510912K), 0.0637740 secs]
134734.195: [GC 1974302K->1823327K(2506304K), 0.0674140 secs]
134739.578: [GC 1977724K->1820791K(2508992K), 0.0590400 secs]
134741.955: [GC 1990135K->1871452K(2507008K), 0.0787640 secs]
134752.309: [GC 2040796K->1879127K(2517952K), 0.1100560 secs]
134753.219: [GC 2053463K->1885240K(2475904K), 0.0882230 secs]
134755.896: [GC 2059576K->1909701K(2507712K), 0.0849360 secs]
134756.569: [GC 2080325K->1909619K(2511424K), 0.0706210 secs]
134757.190: [GC 2080243K->1909989K(2514944K), 0.0413010 secs]
134757.847: [GC 2087973K->1910311K(2516864K), 0.0406250 secs]
134758.485: [GC 2088295K->1910279K(2516096K), 0.0615720 secs]
134759.152: [GC 2092743K->1910307K(2518272K), 0.0757700 secs]
134770.154: [GC 2084030K->1916975K(2516608K), 0.0875900 secs]
134780.188: [GC 2105967K->1980489K(2520000K), 0.0831070 secs]
134780.877: [GC 2169481K->1996807K(2522752K), 0.1151190 secs]
134782.140: [GC 2181776K->2059192K(2518976K), 0.1140400 secs]
134783.579: [GC 2244152K->2067637K(2511296K), 0.1082310 secs]
134784.377: [GC 2239093K->2067277K(2515136K), 0.0744060 secs]
134785.023: [GC 2238733K->2067285K(2508992K), 0.0439510 secs]
134785.645: [GC 2240789K->2067310K(2512960K), 0.0426960 secs]
134786.257: [GC 2240814K->2067498K(2512960K), 0.0498950 secs]
134794.307: [GC 2249549K->2068054K(2516992K), 0.0738240 secs]
134818.756: [GC 2250262K->2104990K(2512320K), 0.0932780 secs]
134842.305: [GC 2285022K->2151846K(2490880K), 0.1435980 secs]
134852.317: [GC 2303020K->2203901K(2514368K), 0.1259990 secs]
134855.080: [GC 2367735K->2252699K(2511424K), 0.1539890 secs]
134855.234: [Full GC 2252699K->1870004K(2511424K), 1.2502590 secs]
134880.802: [GC 2018419K->1894933K(2507200K), 0.1357980 secs]
134886.368: [GC 2054299K->1930150K(2506496K), 0.1316730 secs]
134891.018: [GC 2050123K->1980424K(2470528K), 0.1783010 secs]
134892.876: [GC 2098568K->2009405K(2461504K), 0.1310030 secs]
134905.966: [GC 2127613K->2007722K(2484864K), 0.0951040 secs]
134917.853: [GC 2114823K->2054374K(2483072K), 0.1340560 secs]
134919.433: [GC 2156338K->2066507K(2479296K), 0.1352630 secs]
134947.369: [GC 2172092K->2065017K(2481280K), 0.1039620 secs]
134949.972: [GC 2154465K->2111807K(2485184K), 0.1148730 secs]
134969.482: [GC 2226559K->2144127K(2457344K), 0.1359540 secs]
134983.330: [GC 2258833K->2148006K(2488320K), 0.0872090 secs]
134986.085: [GC 2236925K->2149385K(2432064K), 0.0967480 secs]
134999.440: [GC 2261513K->2200957K(2480448K), 0.1407740 secs]
135005.095: [GC 2315645K->2233596K(2477888K), 0.1464310 secs]
135014.437: [GC 2340963K->2255275K(2472256K), 0.1364210 secs]
135019.328: [GC 2353015K->2261719K(2461056K), 0.1539020 secs]
135027.629: [GC 2361111K->2312481K(2477056K), 0.1851450 secs]
135027.814: [Full GC 2312481K->1883427K(2477056K), 2.5344130 secs]
135045.243: [GC 1977424K->1938342K(2477056K), 0.0940630 secs]
135050.487: [GC 2033273K->1938594K(2477056K), 0.1215630 secs]
135053.948: [GC 2033883K->1959702K(2477056K), 0.1086030 secs]
135061.481: [GC 2054998K->1995984K(2477056K), 0.0945650 secs]
135072.515: [GC 2090944K->2016735K(2402944K), 0.0999210 secs]
135075.719: [GC 2108887K->2041792K(2479680K), 0.0997250 secs]
135080.798: [GC 2140017K->2075401K(2476544K), 0.1132860 secs]
135084.358: [GC 2223522K->2132498K(2477056K), 0.1125610 secs]
135087.954: [GC 2227794K->2119556K(2477056K), 0.1227110 secs]
135089.678: [GC 2197384K->2131015K(2477056K), 0.0587910 secs]
135091.506: [GC 2226311K->2199659K(2477056K), 0.1205810 secs]
135094.372: [GC 2291686K->2184427K(2477056K), 0.0967490 secs]
135098.852: [GC 2277206K->2206498K(2392576K), 0.0854580 secs]
135102.816: [GC 2301763K->2239059K(2481088K), 0.0813280 secs]
135105.702: [GC 2340170K->2275547K(2424512K), 0.1949250 secs]
135105.897: [Full GC 2275547K->1768644K(2424512K), 2.4969310 secs]
135114.875: [GC 1869224K->1772287K(2474240K), 0.0530530 secs]
135119.382: [GC 1871931K->1814935K(2474432K), 0.1005800 secs]
135124.318: [GC 1915819K->1815279K(2481856K), 0.0863640 secs]
135125.020: [GC 1931388K->1904990K(2482432K), 0.1673180 secs]
135137.575: [GC 2011844K->1907992K(2471680K), 0.1061530 secs]
135139.859: [GC 1995591K->1922390K(2477056K), 0.0557060 secs]
135140.593: [GC 2067389K->2010458K(2468288K), 0.0746390 secs]
135143.199: [GC 2108122K->2020413K(2473856K), 0.1483200 secs]
135145.476: [GC 2118077K->2047552K(2470016K), 0.0708480 secs]
135150.512: [GC 2154843K->2066207K(2476736K), 0.0852020 secs]
135157.115: [GC 2173471K->2085999K(2476288K), 0.1317750 secs]
135161.535: [GC 2206061K->2141573K(2480768K), 0.0998520 secs]
135166.843: [GC 2255090K->2180328K(2493568K), 0.1342870 secs]
135170.950: [GC 2310498K->2205289K(2449408K), 0.0948950 secs]
135176.726: [GC 2335294K->2226484K(2494656K), 0.1097340 secs]
135176.836: [Full GC 2226484K->2137198K(2494656K), 1.1496240 secs]
135183.974: [GC 2273321K->2180305K(2491904K), 0.0855180 secs]
135193.116: [GC 2316433K->2223305K(2499200K), 0.1723910 secs]
135193.289: [Full GC 2223305K->1397823K(2499200K), 2.0921390 secs]
135197.504: [GC 1543995K->1473702K(2488960K), 0.1316770 secs]
135200.868: [GC 1619386K->1496265K(2493248K), 0.1157250 secs]
135203.521: [GC 1627135K->1536696K(2491584K), 0.1861370 secs]
135212.573: [GC 1669880K->1532875K(2468672K), 0.1508940 secs]
135218.961: [GC 1627298K->1552881K(2476032K), 0.1428610 secs]
135224.775: [GC 1645370K->1572718K(2477056K), 0.1530950 secs]
135228.373: [GC 1666541K->1592833K(2477056K), 0.1541600 secs]
135230.215: [GC 1683756K->1640586K(2477056K), 0.1729380 secs]
135233.094: [GC 1732115K->1659907K(2477056K), 0.1281840 secs]
135236.868: [GC 1749184K->1706133K(2477056K), 0.0842130 secs]
135242.161: [GC 1782218K->1722202K(2421440K), 0.0818870 secs]
135249.592: [GC 1803451K->1722378K(2480384K), 0.1090510 secs]
135256.316: [GC 1821315K->1781433K(2476736K), 0.2234180 secs]
135262.501: [GC 1880372K->1782679K(2477056K), 0.1284430 secs]
135263.396: [GC 1877975K->1817739K(2417216K), 0.0915390 secs]
135263.489: [GC 1817852K->1817833K(2472576K), 0.0738180 secs]
135265.675: [GC 1910883K->1842146K(2474816K), 0.0545670 secs]
135268.296: [GC 1935200K->1862287K(2472192K), 0.1261580 secs]
135273.371: [GC 1940627K->1861805K(2475136K), 0.1015680 secs]
135279.906: [GC 1949701K->1901170K(2473280K), 0.1282440 secs]
135285.153: [GC 2001582K->1940542K(2476160K), 0.0996960 secs]
135293.728: [GC 2040952K->1941048K(2480512K), 0.0778640 secs]
135297.772: [GC 2043893K->1970973K(2419648K), 0.1303530 secs]
135299.301: [GC 2079718K->2059066K(2474624K), 0.1218970 secs]
135302.859: [GC 2161466K->2071353K(2476672K), 0.1715280 secs]
135312.737: [GC 2166693K->2091042K(2479872K), 0.1141660 secs]
135325.296: [GC 2203421K->2130468K(2482176K), 0.0871470 secs]
135329.974: [GC 2242850K->2155007K(2479168K), 0.1572550 secs]
135331.629: [GC 2271020K->2192061K(2472832K), 0.1112180 secs]
135334.803: [GC 2304253K->2210380K(2479488K), 0.1297850 secs]
135339.149: [GC 2308108K->2230239K(2477056K), 0.1368000 secs]
135344.896: [GC 2327967K->2297483K(2477184K), 0.1752640 secs]
135345.071: [Full GC 2297483K->2173696K(2477184K), 1.2636540 secs]
135352.112: [GC 2271288K->2214129K(2424576K), 0.0712300 secs]
135359.100: [GC 2311729K->2214937K(2476992K), 0.1114690 secs]
135359.213: [GC 2215084K->2214929K(2475008K), 0.1134730 secs]
135361.780: [GC 2314044K->2245482K(2475264K), 0.1112630 secs]
135365.800: [GC 2353179K->2277700K(2481984K), 0.1540960 secs]
135365.955: [Full GC 2277700K->1784802K(2481984K), 2.4459090 secs]
135371.298: [GC 1892514K->1813666K(2479808K), 0.0649310 secs]
135373.640: [GC 1927699K->1915262K(2483648K), 0.1428440 secs]
135375.410: [GC 2029310K->1982765K(2488960K), 0.1501450 secs]
135384.931: [GC 2103021K->2023038K(2489536K), 0.1594000 secs]
135390.824: [GC 2143294K->2062762K(2487552K), 0.0966840 secs]
135393.495: [GC 2197891K->2112681K(2488640K), 0.0771150 secs]
135399.124: [GC 2232625K->2124448K(2489664K), 0.0789970 secs]
135403.513: [GC 2249312K->2187877K(2475328K), 0.1184120 secs]
135412.520: [GC 2305457K->2171846K(2489536K), 0.0972250 secs]
135416.250: [GC 2270422K->2191690K(2473216K), 0.1358730 secs]
135418.200: [GC 2310794K->2242873K(2471168K), 0.1669000 secs]
135421.071: [GC 2338681K->2261376K(2472256K), 0.1350630 secs]
135424.923: [GC 2353002K->2292427K(2477056K), 0.2265380 secs]
135425.149: [Full GC 2292427K->2152925K(2477056K), 1.1682620 secs]
135430.539: [GC 2248221K->2181180K(2477056K), 0.0722330 secs]
135434.495: [GC 2276476K->2229645K(2477056K), 0.1064730 secs]
135437.256: [GC 2319995K->2228665K(2477056K), 0.1049860 secs]
135440.621: [GC 2316899K->2267677K(2477056K), 0.1214410 secs]
135440.743: [Full GC 2267677K->2108735K(2477056K), 2.7009650 secs]
135450.053: [GC 2199129K->2163934K(2477056K), 0.1195000 secs]
135456.924: [GC 2259228K->2158256K(2477056K), 0.1391750 secs]
135459.828: [GC 2238069K->2157730K(2477056K), 0.0986110 secs]
135462.581: [GC 2253026K->2205504K(2477056K), 0.1012260 secs]
135465.423: [GC 2300800K->2224856K(2477056K), 0.0976300 secs]
135465.521: [Full GC 2224856K->2192785K(2477056K), 0.9320890 secs]
135471.791: [Full GC 2288081K->1911934K(2477056K), 2.6049060 secs]
135476.584: [GC 2000323K->1967817K(2477056K), 0.1187850 secs]
135480.056: [GC 2063113K->1981009K(2422720K), 0.1016260 secs]
135486.472: [GC 2074350K->1962396K(2475840K), 0.0628810 secs]
135490.439: [GC 2059481K->1980127K(2423616K), 0.0927250 secs]
135492.967: [GC 2078195K->2046839K(2467136K), 0.1226210 secs]
135498.252: [GC 2141366K->2022898K(2424512K), 0.0927600 secs]
135505.361: [GC 2117426K->2042709K(2468160K), 0.1753650 secs]
135510.437: [GC 2137301K->2062600K(2471296K), 0.1925130 secs]
135512.500: [GC 2157194K->2110351K(2477056K), 0.1971510 secs]
135516.962: [GC 2205647K->2134273K(2477056K), 0.2079010 secs]
135524.226: [GC 2224516K->2161130K(2477056K), 0.1303220 secs]
135525.824: [GC 2256300K->2178437K(2477056K), 0.1223420 secs]
135534.046: [GC 2273690K->2223760K(2477056K), 0.1580690 secs]
135540.665: [GC 2318378K->2223290K(2477056K), 0.0979090 secs]
135546.766: [GC 2319576K->2271199K(2477056K), 0.1266600 secs]
135546.893: [Full GC 2271199K->2251476K(2477056K), 0.8756670 secs]
135551.994: [Full GC 2346772K->1535102K(2477056K), 2.1798280 secs]
135555.940: [GC 1630193K->1575437K(2477056K), 0.1027140 secs]
135558.459: [GC 1670722K->1579971K(2477056K), 0.1213140 secs]
135562.031: [GC 1675267K->1616304K(2477056K), 0.0911150 secs]
135563.781: [GC 1705058K->1656854K(2477056K), 0.0717950 secs]
135570.852: [GC 1751809K->1650272K(2477056K), 0.0815800 secs]
135573.284: [GC 1745568K->1669833K(2477056K), 0.0571820 secs]
135577.526: [GC 1759369K->1689872K(2402880K), 0.0753630 secs]
135584.926: [GC 1766319K->1689290K(2475328K), 0.0538850 secs]
135587.693: [GC 1786698K->1710027K(2425152K), 0.0889800 secs]
135588.857: [GC 1809208K->1760863K(2468416K), 0.1170090 secs]
135590.865: [GC 1853913K->1761889K(2475008K), 0.1335010 secs]
135596.790: [GC 1853397K->1780604K(2475520K), 0.1738840 secs]
135600.513: [GC 1875900K->1827903K(2422592K), 0.1219920 secs]
135604.076: [GC 1923199K->1889545K(2475392K), 0.1285060 secs]
135610.074: [GC 1969927K->1846796K(2476992K), 0.1101830 secs]
135617.750: [GC 1942028K->1888754K(2477056K), 0.1410800 secs]
135620.422: [GC 1984050K->1907827K(2477056K), 0.1089800 secs]
135621.249: [GC 2003131K->1958264K(2474752K), 0.1408160 secs]
135623.879: [GC 2053560K->1959390K(2475904K), 0.0902540 secs]
135631.530: [GC 2054686K->1978409K(2474304K), 0.1294770 secs]
135640.907: [GC 2073248K->2022046K(2477056K), 0.1327630 secs]
135645.894: [GC 2114665K->2043345K(2476288K), 0.1309620 secs]
135647.039: [GC 2139402K->2141030K(2472640K), 0.1782710 secs]
135648.139: [GC 2243541K->2181583K(2477056K), 0.1719210 secs]
135652.849: [GC 2257489K->2169100K(2477056K), 0.1121630 secs]
135653.399: [GC 2258452K->2220071K(2477056K), 0.0888640 secs]
135655.200: [GC 2309458K->2248209K(2477056K), 0.1024930 secs]
135655.303: [Full GC 2248209K->2046760K(2477056K), 1.2857350 secs]
135662.216: [GC 2142056K->2066844K(2477056K), 0.0867220 secs]
135665.002: [GC 2162140K->2086951K(2477056K), 0.1485300 secs]
135673.938: [GC 2182247K->2106190K(2477056K), 0.1194420 secs]
135680.666: [GC 2201486K->2145604K(2477056K), 0.1352090 secs]
135685.709: [GC 2262092K->2189660K(2477056K), 0.1336900 secs]
135688.281: [GC 2284956K->2190663K(2477056K), 0.0607290 secs]
135690.807: [GC 2285958K->2217973K(2466816K), 0.0730500 secs]
135694.360: [GC 2313269K->2237977K(2471936K), 0.1575160 secs]
135699.731: [GC 2329317K->2285619K(2471552K), 0.1651050 secs]
135699.896: [Full GC 2285619K->2216498K(2471552K), 2.8673740 secs]
135707.434: [Full GC 2311211K->1751044K(2471552K), 2.3818340 secs]
135711.849: [GC 1845760K->1771129K(2476480K), 0.0831580 secs]
135718.425: [GC 1865849K->1791910K(2468416K), 0.0962670 secs]
135721.293: [GC 1876752K->1793154K(2424896K), 0.1196670 secs]
135722.499: [GC 1886097K->1855579K(2465152K), 0.2015720 secs]
135726.346: [GC 1946839K->1846023K(2473024K), 0.0981230 secs]
135733.101: [GC 1933811K->1893398K(2476672K), 0.1283000 secs]
135734.670: [GC 1988500K->1946360K(2476864K), 0.1509350 secs]
135738.409: [GC 2041464K->1951548K(2477056K), 0.0998260 secs]
135746.037: [GC 2045916K->1970271K(2477056K), 0.0737050 secs]
135748.884: [GC 2065567K->2010691K(2477056K), 0.1168940 secs]
135752.759: [GC 2086365K->2015266K(2477056K), 0.0982660 secs]
135754.134: [GC 2110324K->2043530K(2477056K), 0.0982080 secs]
135759.316: [GC 2138826K->2090873K(2477056K), 0.1349300 secs]
135760.393: [GC 2180692K->2209463K(2477056K), 0.1394960 secs]
135761.053: [GC 2308045K->2223086K(2477056K), 0.1091960 secs]
135761.941: [Full GC 2368068K->2043431K(2477056K), 0.9908910 secs]
135768.864: [GC 2138727K->2048887K(2477056K), 0.0927500 secs]
135785.753: [GC 2141920K->2056731K(2477056K), 0.1302880 secs]
135788.105: [GC 2152027K->2082375K(2477056K), 0.0705150 secs]
135805.721: [GC 2177668K->2120007K(2392256K), 0.1066080 secs]
135820.349: [GC 2215303K->2125943K(2474176K), 0.0637700 secs]
135823.136: [GC 2224823K->2152823K(2474432K), 0.1159900 secs]
135843.797: [GC 2251699K->2157656K(2476992K), 0.1097040 secs]
135855.108: [GC 2250931K->2162510K(2477696K), 0.1084180 secs]
135858.385: [GC 2264718K->2191329K(2472768K), 0.1812100 secs]
135873.078: [GC 2286625K->2204945K(2477056K), 0.1741320 secs]
135889.182: [GC 2298248K->2240406K(2477056K), 0.1557770 secs]
135891.648: [GC 2335702K->2292822K(2477056K), 0.1438880 secs]
135891.792: [Full GC 2292822K->2034116K(2477056K), 2.6707470 secs]
135915.449: [GC 2129412K->2040004K(2477056K), 0.1000620 secs]
135925.657: [GC 2110049K->2044664K(2477056K), 0.0800420 secs]
135928.448: [GC 2139957K->2073351K(2477056K), 0.1046090 secs]
135945.861: [GC 2168005K->2111071K(2393024K), 0.1358820 secs]
135960.411: [GC 2206367K->2116603K(2474432K), 0.0642400 secs]
135962.153: [GC 2214486K->2172522K(2475008K), 0.0969220 secs]
135986.236: [GC 2269208K->2147629K(2478464K), 0.1543080 secs]
135995.103: [GC 2244328K->2207665K(2477056K), 0.1458510 secs]
136000.459: [GC 2304369K->2212949K(2477056K), 0.1241600 secs]
136004.819: [GC 2308245K->2262925K(2477056K), 0.1252640 secs]
136004.944: [Full GC 2262925K->1679340K(2477056K), 2.3655000 secs]
136023.776: [GC 1774636K->1684620K(2477056K), 0.0813440 secs]
136027.141: [GC 1779914K->1734546K(2477056K), 0.0912920 secs]
136030.338: [GC 1827340K->1787196K(2477056K), 0.1050200 secs]
136033.418: [GC 1882492K->1813303K(2410304K), 0.1040570 secs]
136055.423: [GC 1906239K->1819884K(2471744K), 0.1013430 secs]
136056.954: [GC 1919078K->1859476K(2473088K), 0.1294860 secs]
136067.795: [GC 1950176K->1890562K(2478080K), 0.1362640 secs]
136068.398: [GC 1986891K->1962439K(2477056K), 0.1529640 secs]
136093.367: [GC 2058511K->1961208K(2477056K), 0.0923620 secs]
136100.922: [GC 2078158K->1990279K(2477056K), 0.1103940 secs]
136102.371: [GC 2085575K->2018887K(2477056K), 0.0830840 secs]
136123.503: [GC 2114182K->2041334K(2477056K), 0.0598650 secs]
136133.303: [GC 2136628K->2088566K(2477056K), 0.0968580 secs]
136136.426: [GC 2158187K->2089239K(2477056K), 0.0963870 secs]
136138.939: [GC 2184535K->2117258K(2471040K), 0.0786360 secs]
136167.596: [GC 2199842K->2117762K(2410496K), 0.0737250 secs]
136170.321: [GC 2213058K->2142402K(2470848K), 0.0850640 secs]
136172.902: [GC 2239810K->2168930K(2473216K), 0.1982490 secs]
136199.895: [GC 2266334K->2192132K(2477056K), 0.1238210 secs]
136206.119: [GC 2264053K->2192032K(2477056K), 0.1760780 secs]
136217.962: [GC 2286320K->2246762K(2477056K), 0.1801050 secs]
136232.158: [GC 2342047K->2243262K(2477056K), 0.0950380 secs]
136232.253: [Full GC 2243262K->2111437K(2477056K), 1.1923930 secs]
136238.862: [GC 2206733K->2135425K(2477056K), 0.0903080 secs]
136241.810: [GC 2230719K->2163102K(2410240K), 0.1156630 secs]
136267.663: [GC 2258398K->2164727K(2475200K), 0.1056890 secs]
136273.563: [GC 2264247K->2186338K(2474944K), 0.1039640 secs]
136276.793: [GC 2285800K->2222660K(2470976K), 0.1870430 secs]
136294.329: [GC 2367634K->2263817K(2477056K), 0.1407500 secs]
136294.470: [Full GC 2263817K->856379K(2212608K), 1.6797700 secs]
136299.945: [GC 941564K->857189K(2212608K), 0.0372940 secs]
136308.936: [GC 952485K->880604K(2212608K), 0.0568380 secs]
136312.200: [GC 975900K->908156K(2209536K), 0.0834900 secs]
136332.719: [GC 1003441K->932287K(2211072K), 0.0793500 secs]
136344.537: [GC 1007656K->932172K(2212864K), 0.0787290 secs]
136354.670: [GC 1030664K->959372K(2199744K), 0.1362430 secs]
136359.676: [GC 1060894K->1029054K(2212608K), 0.1420140 secs]
136364.659: [GC 1105096K->1057220K(2212608K), 0.1155900 secs]
136371.130: [GC 1152516K->1080379K(2212608K), 0.1127230 secs]
136382.331: [GC 1164793K->1104196K(2212608K), 0.0729130 secs]
136390.666: [GC 1199492K->1131256K(2211456K), 0.0664580 secs]
136396.527: [GC 1226346K->1162427K(2212032K), 0.0752580 secs]
136419.071: [GC 1257723K->1182706K(2209664K), 0.1026840 secs]
136421.830: [GC 1278578K->1194634K(2158464K), 0.0696320 secs]
136427.221: [GC 1284422K->1248181K(2205312K), 0.1175280 secs]
136438.342: [GC 1342966K->1244099K(2210560K), 0.0931460 secs]
136452.547: [GC 1337545K->1244751K(2212800K), 0.1190250 secs]
136455.660: [GC 1341391K->1273355K(2212608K), 0.1130000 secs]
136459.683: [GC 1369995K->1296169K(2212608K), 0.1472410 secs]
136467.458: [GC 1391462K->1319377K(2165248K), 0.1335840 secs]
136474.536: [GC 1414673K->1343685K(2209152K), 0.1888880 secs]
136482.238: [GC 1429942K->1391385K(2210880K), 0.1485190 secs]
136485.982: [GC 1484952K->1428985K(2207872K), 0.1413240 secs]
136487.801: [GC 1536542K->1458269K(2210240K), 0.1130480 secs]
136489.401: [GC 1551920K->1458848K(2210816K), 0.0811400 secs]
136491.267: [GC 1561304K->1493542K(2212864K), 0.1240820 secs]
136499.133: [GC 1587850K->1504309K(2207872K), 0.1501810 secs]
136506.545: [GC 1599605K->1556315K(2212608K), 0.1554000 secs]
136518.982: [GC 1647855K->1571457K(2210816K), 0.1012820 secs]
136519.701: [GC 1669441K->1620833K(2209152K), 0.1381130 secs]
136521.012: [GC 1700809K->1649171K(2212608K), 0.2330010 secs]
136534.699: [GC 1743995K->1642581K(2212608K), 0.1350380 secs]
136546.573: [GC 1737864K->1693852K(2212608K), 0.2112380 secs]
136553.110: [GC 1782943K->1733093K(2212608K), 0.1046910 secs]
136554.720: [GC 1827954K->1741440K(2212608K), 0.1511090 secs]
136556.480: [GC 1836602K->1797095K(2212608K), 0.1424580 secs]
136586.058: [GC 1892385K->1785598K(2212608K), 0.0714600 secs]
136590.302: [GC 1868443K->1808941K(2212608K), 0.1209280 secs]
136591.411: [GC 1922368K->1871775K(2212608K), 0.1342250 secs]
136602.121: [GC 1966091K->1893082K(2212608K), 0.0822620 secs]
136604.163: [Full GC 2038056K->1724085K(2477056K), 1.5872320 secs]
136616.612: [GC 1819381K->1736178K(2477056K), 0.0539250 secs]
136618.526: [GC 1831483K->1782654K(2477056K), 0.0870510 secs]
136623.338: [GC 1877950K->1806243K(2477056K), 0.1145650 secs]
136626.740: [GC 1898276K->1869451K(2477056K), 0.1124030 secs]
136647.392: [GC 1964747K->1869376K(2477056K), 0.1578680 secs]
136651.050: [GC 1964665K->1892965K(2477056K), 0.0798830 secs]
136663.028: [GC 1988254K->1948611K(2477056K), 0.1044830 secs]
136674.276: [GC 2019633K->1948031K(2477056K), 0.1164850 secs]
136678.930: [GC 2043327K->2004135K(2477056K), 0.0820800 secs]
136681.006: [GC 2087391K->1990353K(2477056K), 0.0788290 secs]
136684.525: [GC 2083357K->2018262K(2475648K), 0.1372130 secs]
136687.056: [GC 2113553K->2051874K(2476352K), 0.1379020 secs]
136697.957: [GC 2120035K->2075806K(2477056K), 0.1652020 secs]
136703.608: [GC 2169534K->2131568K(2477056K), 0.1041650 secs]
136712.040: [GC 2209447K->2114515K(2477056K), 0.1723060 secs]
136714.813: [GC 2209810K->2157901K(2414400K), 0.1117910 secs]
136732.614: [GC 2229202K->2157873K(2474688K), 0.0998950 secs]
136739.587: [GC 2258993K->2185229K(2473664K), 0.0995310 secs]
136741.251: [GC 2286339K->2227396K(2472576K), 0.1820660 secs]
136744.040: [GC 2310303K->2227775K(2477056K), 0.2018950 secs]
136749.869: [GC 2321653K->2292610K(2470912K), 0.2865510 secs]
136750.156: [Full GC 2292610K->2043418K(2470912K), 2.7117440 secs]
136760.884: [GC 2138970K->2074463K(2474112K), 0.0899060 secs]
136764.019: [GC 2170005K->2109402K(2470720K), 0.0926230 secs]
136772.162: [GC 2214675K->2155254K(2475008K), 0.1302700 secs]
136777.255: [GC 2260529K->2156129K(2480576K), 0.0900130 secs]
136795.353: [GC 2270689K->2211537K(2480768K), 0.1533420 secs]
136807.268: [GC 2326088K->2207321K(2473344K), 0.1726790 secs]
136813.213: [GC 2302614K->2221927K(2477056K), 0.1387430 secs]
136824.378: [GC 2317214K->2245013K(2477056K), 0.1387000 secs]
136824.517: [Full GC 2245013K->1538322K(2477056K), 2.2304110 secs]
136829.870: [GC 1608029K->1539151K(2477056K), 0.0915150 secs]
136835.805: [GC 1634447K->1594261K(2477056K), 0.0978360 secs]
136839.684: [GC 1689557K->1618307K(2477056K), 0.1104020 secs]
136846.014: [GC 1713601K->1717240K(2476288K), 0.1243270 secs]
136847.556: [GC 1793430K->1724324K(2476672K), 0.0967830 secs]
136849.831: [GC 1819620K->1749164K(2471552K), 0.1117020 secs]
136862.492: [GC 1835574K->1791599K(2474432K), 0.0915400 secs]
136863.986: [GC 1887535K->1792811K(2477056K), 0.0967420 secs]
136866.011: [GC 1888107K->1834805K(2424896K), 0.0918980 secs]
136869.246: [GC 1930097K->1851990K(2475456K), 0.0839850 secs]
136870.300: [GC 1953908K->1883339K(2472896K), 0.0796660 secs]
136877.907: [GC 1981194K->1937202K(2478464K), 0.1057730 secs]
136885.717: [GC 2045217K->1983455K(2479232K), 0.0952430 secs]
136894.640: [GC 2087879K->2038421K(2476864K), 0.1228420 secs]
136897.403: [GC 2146517K->2023357K(2483456K), 0.1719430 secs]
136899.423: [GC 2135221K->2083271K(2479872K), 0.1298060 secs]
136900.418: [GC 2198975K->2122126K(2481856K), 0.1248040 secs]
136903.253: [GC 2203169K->2108627K(2481088K), 0.0711850 secs]
136903.893: [GC 2222844K->2168583K(2450560K), 0.0892990 secs]
136912.415: [GC 2277951K->2231184K(2477440K), 0.1373390 secs]
136922.145: [GC 2333386K->2231227K(2480512K), 0.0977380 secs]
136922.243: [Full GC 2231227K->2104012K(2480512K), 1.3489810 secs]
136933.804: [GC 2204718K->2108116K(2479040K), 0.0787720 secs]
136935.135: [GC 2215636K->2190214K(2470272K), 0.1075880 secs]
136936.003: [GC 2294472K->2228020K(2477056K), 0.1398470 secs]
136944.242: [GC 2321829K->2231856K(2477056K), 0.1105730 secs]
136944.353: [Full GC 2231856K->1736267K(2477056K), 2.3450960 secs]
136949.133: [GC 1831563K->1770163K(2477056K), 0.0887740 secs]
136959.093: [GC 1863598K->1820979K(2477056K), 0.1542490 secs]
136959.772: [GC 1916283K->1871215K(2477056K), 0.1201140 secs]
136966.600: [GC 1966508K->1926927K(2477056K), 0.2382570 secs]
136970.286: [GC 2022223K->1951200K(2477056K), 0.0685430 secs]
136972.649: [GC 2046495K->2004986K(2413056K), 0.1130480 secs]
136974.816: [GC 2100273K->2064810K(2470528K), 0.1890560 secs]
136980.013: [GC 2147444K->2071950K(2473792K), 0.1391360 secs]
136985.975: [GC 2161296K->2081507K(2476544K), 0.0711130 secs]
136989.611: [GC 2180080K->2123886K(2476096K), 0.1205450 secs]
136998.373: [GC 2222958K->2177398K(2473088K), 0.1495400 secs]
137000.652: [GC 2268329K->2192638K(2477056K), 0.1192700 secs]
137006.873: [GC 2287924K->2215721K(2477056K), 0.1118130 secs]
137006.985: [Full GC 2215721K->2039680K(2477056K), 2.6827960 secs]
137011.719: [GC 2111573K->2043018K(2477056K), 0.0738120 secs]
137012.182: [GC 2138316K->2126847K(2477056K), 0.1106920 secs]
137021.710: [GC 2222143K->2130491K(2477056K), 0.1129310 secs]
137024.400: [GC 2218613K->2200565K(2477056K), 0.1128470 secs]
137033.260: [GC 2295853K->2217565K(2477056K), 0.1328460 secs]
137033.393: [Full GC 2217565K->2093033K(2477056K), 2.6792620 secs]
137037.604: [GC 2158828K->2102562K(2477056K), 0.1259330 secs]
137038.426: [GC 2195334K->2165857K(2477056K), 0.0961470 secs]
137049.622: [GC 2260965K->2167149K(2477056K), 0.1114960 secs]
137049.733: [Full GC 2167149K->1942570K(2477056K), 2.5647640 secs]
137052.896: [GC 2044118K->2008302K(2477056K), 0.0812910 secs]
137055.428: [GC 2103598K->2008734K(2477056K), 0.1344970 secs]
137062.514: [GC 2104030K->2032038K(2477056K), 0.1001300 secs]
137065.323: [GC 2121472K->2101780K(2477056K), 0.1792060 secs]
137070.991: [GC 2197066K->2087131K(2477056K), 0.0756750 secs]
137074.282: [GC 2182422K->2141011K(2477056K), 0.1105000 secs]
137083.669: [GC 2235225K->2143890K(2384896K), 0.0834490 secs]
137085.035: [GC 2243235K->2223306K(2476160K), 0.1178470 secs]
137088.134: [GC 2318154K->2205173K(2476608K), 0.1445140 secs]
137094.669: [GC 2295229K->2263857K(2475008K), 0.1237730 secs]
137094.793: [Full GC 2263857K->2201326K(2475008K), 1.0628960 secs]
137102.301: [Full GC 2296350K->1728369K(2475008K), 2.6283240 secs]
137106.876: [GC 1823665K->1756033K(2409536K), 0.0662420 secs]
137108.571: [GC 1851327K->1820706K(2468480K), 0.1257190 secs]
137112.070: [GC 1913254K->1805656K(2474304K), 0.1030930 secs]
137118.301: [GC 1898200K->1807147K(2477056K), 0.0931890 secs]
137119.508: [GC 1898334K->1877313K(2477056K), 0.1142550 secs]
137124.704: [GC 1960355K->1843165K(2477056K), 0.0721030 secs]
137126.183: [GC 1926966K->1861972K(2477056K), 0.0597200 secs]
137127.689: [GC 1957325K->1895084K(2470528K), 0.1073270 secs]
137129.204: [GC 1990380K->1945897K(2473792K), 0.1203310 secs]
137130.786: [GC 2041181K->1974300K(2477056K), 0.1313940 secs]
137135.621: [GC 2069596K->1978519K(2477056K), 0.0936830 secs]
137138.752: [GC 2073805K->2029844K(2477056K), 0.0948540 secs]
137141.243: [GC 2112326K->2032440K(2477056K), 0.0809600 secs]
137141.965: [GC 2120936K->2099962K(2477056K), 0.1375170 secs]
137147.655: [GC 2193224K->2085056K(2477056K), 0.0764690 secs]
137151.030: [GC 2180354K->2117176K(2477056K), 0.0841620 secs]
137160.701: [GC 2211399K->2154129K(2391808K), 0.1515050 secs]
137162.227: [GC 2249425K->2220729K(2475008K), 0.1704120 secs]
137165.028: [GC 2311631K->2243827K(2476032K), 0.1148120 secs]
137170.724: [GC 2338099K->2261341K(2477056K), 0.1111390 secs]
137170.836: [Full GC 2261341K->2177301K(2477056K), 1.0098960 secs]
137172.328: [GC 2272601K->2229837K(2477056K), 0.0842450 secs]
137177.989: [GC 2320896K->2214231K(2477056K), 0.0938950 secs]
137178.083: [Full GC 2214231K->1985903K(2477056K), 2.6238980 secs]
137182.823: [GC 2081154K->2010744K(2477056K), 0.0999850 secs]
137184.007: [GC 2106037K->2059446K(2477056K), 0.1081540 secs]
137186.583: [GC 2176444K->2141034K(2477056K), 0.1044390 secs]
137194.929: [GC 2236330K->2141001K(2477056K), 0.0838640 secs]
137196.908: [GC 2230928K->2203775K(2477056K), 0.0948640 secs]
137202.295: [GC 2280887K->2173795K(2477056K), 0.0979270 secs]
137205.136: [GC 2269019K->2202618K(2410752K), 0.1200300 secs]
137206.934: [GC 2277986K->2213876K(2476544K), 0.0800530 secs]
137208.586: [GC 2311604K->2245315K(2474944K), 0.1425260 secs]
137210.049: [GC 2342948K->2273904K(2477056K), 0.1435000 secs]
137210.193: [Full GC 2273904K->2222030K(2477056K), 0.9740050 secs]
137213.147: [Full GC 2317326K->1948331K(2477056K), 2.6346940 secs]
137220.730: [GC 2043626K->1980366K(2477056K), 0.1125180 secs]
137230.043: [GC 2051519K->1980661K(2477056K), 0.0891400 secs]
137236.871: [GC 2075957K->2043264K(2477056K), 0.0914720 secs]
137240.271: [GC 2136913K->2024600K(2477056K), 0.0714190 secs]
137240.854: [GC 2119896K->2090005K(2477056K), 0.0982310 secs]
137246.593: [GC 2185301K->2122218K(2477056K), 0.1098080 secs]
137249.995: [GC 2217514K->2146315K(2477056K), 0.1280880 secs]
137250.986: [GC 2236015K->2185206K(2471040K), 0.0962260 secs]
137251.946: [GC 2291038K->2229102K(2474048K), 0.1668160 secs]
137258.708: [GC 2324398K->2260096K(2477056K), 0.1101880 secs]
137258.818: [Full GC 2260096K->2195978K(2477056K), 0.9727010 secs]
137260.950: [Full GC 2291274K->2128052K(2477056K), 2.7435610 secs]
137265.245: [GC 2223333K->2212028K(2477056K), 0.1235110 secs]
137274.624: [GC 2287947K->2170837K(2477056K), 0.1540820 secs]
137277.029: [GC 2266133K->2211205K(2477056K), 0.1093170 secs]
137278.991: [GC 2306502K->2262693K(2477056K), 0.1372240 secs]
137279.128: [Full GC 2262693K->2222985K(2477056K), 0.9822510 secs]
137280.123: [GC 2223211K->2223041K(2477056K), 0.1127800 secs]
137280.236: [Full GC 2223041K->1901579K(2477056K), 2.5701050 secs]
137285.906: [GC 1996875K->1913599K(2472576K), 0.0495510 secs]
137290.831: [GC 2008895K->1935791K(2416064K), 0.0808370 secs]
137292.672: [GC 2030945K->1998955K(2465600K), 0.1395520 secs]
137295.742: [GC 2081893K->2012570K(2472192K), 0.1255760 secs]
137302.613: [GC 2102998K->2064159K(2473664K), 0.1653460 secs]
137306.911: [GC 2156248K->2118510K(2473856K), 0.1174380 secs]
137313.296: [GC 2210599K->2149855K(2474880K), 0.0843990 secs]
137318.538: [GC 2242666K->2182315K(2475136K), 0.1201580 secs]
137318.658: [Full GC 2182315K->2092152K(2475136K), 0.9634180 secs]
137321.090: [GC 2183505K->2116776K(2469760K), 0.0781710 secs]
137322.282: [GC 2211741K->2154916K(2473088K), 0.0833300 secs]
137324.108: [GC 2224010K->2154609K(2477056K), 0.0802100 secs]
137327.097: [GC 2249905K->2216765K(2477056K), 0.1312400 secs]
137333.115: [GC 2312051K->2240865K(2477056K), 0.1341150 secs]
137333.249: [Full GC 2240865K->2213186K(2477056K), 0.8784140 secs]
137338.197: [Full GC 2308471K->1987665K(2477056K), 2.6781400 secs]
137349.157: [GC 2082961K->1989185K(2477056K), 0.0516580 secs]
137352.056: [GC 2082996K->2053827K(2477056K), 0.1122700 secs]
137354.241: [GC 2149123K->2076946K(2477056K), 0.1390830 secs]
137357.023: [GC 2171564K->2139566K(2477056K), 0.1076980 secs]
137361.438: [GC 2234856K->2164194K(2477056K), 0.1403830 secs]
137365.837: [GC 2234513K->2164027K(2477056K), 0.0915430 secs]
137366.668: [GC 2259311K->2215554K(2477056K), 0.1150810 secs]
137370.020: [GC 2310850K->2235506K(2477056K), 0.0978480 secs]
137370.118: [Full GC 2235506K->2172497K(2477056K), 2.3641220 secs]
137377.390: [GC 2240185K->2172934K(2477056K), 0.0787100 secs]
137382.060: [GC 2268230K->2235694K(2477056K), 0.0877810 secs]
137386.121: [GC 2328416K->2259257K(2477056K), 0.1472430 secs]
137386.269: [Full GC 2259257K->2204369K(2477056K), 2.8247200 secs]
137393.090: [Full GC 2299656K->2090744K(2477056K), 2.7287500 secs]
137399.440: [GC 2164429K->2091564K(2477056K), 0.0479530 secs]
137403.653: [GC 2186860K->2118640K(2477056K), 0.0705280 secs]
137406.416: [GC 2213936K->2150026K(2470016K), 0.0963970 secs]
137413.221: [GC 2245291K->2206062K(2473536K), 0.1164970 secs]
137417.958: [GC 2299853K->2247640K(2477056K), 0.2213260 secs]
137418.180: [Full GC 2247640K->2216396K(2477056K), 0.9134570 secs]
137422.975: [Full GC 2311692K->1999772K(2477056K), 2.6697350 secs]
137426.793: [GC 2093634K->2023876K(2477056K), 0.0850600 secs]
137429.486: [GC 2119172K->2039009K(2473600K), 0.1318310 secs]
137431.713: [GC 2134092K->2078042K(2475328K), 0.0997240 secs]
137435.446: [GC 2173338K->2098594K(2476864K), 0.1035970 secs]
137440.328: [GC 2165052K->2129280K(2477056K), 0.1657860 secs]
137450.400: [GC 2224576K->2188134K(2476288K), 0.1279510 secs]
137452.152: [GC 2278971K->2258114K(2476672K), 0.1506830 secs]
137452.303: [Full GC 2258114K->2168005K(2476672K), 0.9700150 secs]
137454.482: [GC 2263080K->2239110K(2477056K), 0.1360380 secs]
137458.439: [GC 2333954K->2227916K(2477056K), 0.0786850 secs]
137458.518: [Full GC 2227916K->2227875K(2477056K), 0.8916740 secs]
137463.300: [Full GC 2323160K->2022659K(2477056K), 2.6490970 secs]
137470.932: [GC 2097646K->2023608K(2477056K), 0.0453900 secs]
137473.674: [GC 2118394K->2080668K(2477056K), 0.1046960 secs]
137475.879: [GC 2175964K->2082940K(2477056K), 0.0984630 secs]
137483.573: [GC 2178236K->2131447K(2477056K), 0.1111560 secs]
137485.221: [GC 2220569K->2201205K(2477056K), 0.1167380 secs]
137492.961: [GC 2282003K->2169469K(2477056K), 0.0873560 secs]
137493.974: [Full GC 2314468K->2214074K(2477056K), 2.6799690 secs]
137497.551: [Full GC 2309387K->2098033K(2477056K), 2.7143550 secs]
137502.527: [GC 2193175K->2099297K(2477056K), 0.0876350 secs]
137504.600: [GC 2194593K->2123286K(2477056K), 0.1097310 secs]
137505.909: [GC 2223526K->2200555K(2477056K), 0.1089420 secs]
137510.248: [GC 2295849K->2204671K(2477056K), 0.0997480 secs]
137511.384: [GC 2299959K->2252681K(2477056K), 0.1242080 secs]
137520.187: [GC 2324375K->2244150K(2477056K), 0.1012100 secs]
137520.289: [Full GC 2244150K->2211489K(2477056K), 0.9200180 secs]
137523.162: [Full GC 2306785K->2118573K(2477056K), 2.8335160 secs]
137534.774: [GC 2196847K->2124329K(2477056K), 0.0510800 secs]
137535.911: [GC 2219625K->2165512K(2477056K), 0.0968820 secs]
137537.411: [GC 2287839K->2211988K(2477056K), 0.0872600 secs]
137538.298: [GC 2307293K->2278764K(2421056K), 0.1502710 secs]
137538.448: [Full GC 2278764K->2221831K(2421056K), 2.8825980 secs]
137547.271: [Full GC 2315210K->2033288K(2421056K), 2.7193530 secs]
137551.255: [GC 2134779K->2073304K(2468928K), 0.0960390 secs]
137560.632: [GC 2171668K->2165705K(2471360K), 0.1368150 secs]
137571.234: [GC 2264067K->2228625K(2473728K), 0.1349160 secs]
137574.040: [GC 2323921K->2230096K(2477056K), 0.0861030 secs]
137574.126: [Full GC 2230096K->2136401K(2477056K), 0.9251820 secs]
137576.525: [GC 2233605K->2195972K(2477056K), 0.1031970 secs]
137577.218: [GC 2291280K->2220278K(2477056K), 0.0874750 secs]
137577.307: [GC 2220357K->2247938K(2477056K), 0.0907640 secs]
137577.398: [Full GC 2247938K->2220242K(2477056K), 0.8523380 secs]
137579.982: [Full GC 2315538K->2030912K(2477056K), 2.6765710 secs]
137589.147: [GC 2126216K->2105704K(2477056K), 0.1011870 secs]
137594.292: [GC 2199945K->2106340K(2477056K), 0.0957150 secs]
137599.135: [GC 2201636K->2128690K(2477056K), 0.0938020 secs]
137600.481: [GC 2221589K->2199220K(2477056K), 0.1070750 secs]
137610.850: [GC 2264297K->2192437K(2477056K), 0.1180980 secs]
137610.968: [Full GC 2192437K->2129681K(2477056K), 0.9172270 secs]
137612.549: [GC 2217504K->2202238K(2477056K), 0.0993970 secs]
137613.134: [GC 2297546K->2248905K(2477056K), 0.1336480 secs]
137613.269: [GC 2248931K->2244579K(2477056K), 0.0893000 secs]
137613.358: [Full GC 2244579K->2244548K(2477056K), 0.8541010 secs]
137616.278: [Full GC 2339844K->1820829K(2477056K), 2.4713010 secs]
137620.724: [GC 1898024K->1838270K(2477056K), 0.0644020 secs]
137621.960: [GC 1930235K->1866354K(2477056K), 0.0882440 secs]
137625.338: [GC 1961650K->1912325K(2477056K), 0.0907660 secs]
137627.219: [GC 2007616K->1960031K(2477056K), 0.0989550 secs]
137637.747: [GC 2055324K->1983013K(2477056K), 0.1115480 secs]
137648.229: [GC 2074356K->1984271K(2477056K), 0.1005330 secs]
137649.638: [GC 2079567K->2023228K(2477056K), 0.0651240 secs]
137650.707: [GC 2121580K->2075654K(2477056K), 0.0906750 secs]
137651.646: [GC 2171157K->2131115K(2477056K), 0.1022480 secs]
137653.077: [GC 2276095K->2172686K(2477056K), 0.0606470 secs]
137656.014: [GC 2267982K->2173607K(2477056K), 0.0894950 secs]
137660.757: [GC 2268840K->2228628K(2477056K), 0.0780340 secs]
137662.702: [GC 2322859K->2264276K(2477056K), 0.1263900 secs]
137662.828: [Full GC 2264276K->2131333K(2477056K), 2.7493120 secs]
137674.979: [GC 2226623K->2203760K(2477056K), 0.1102820 secs]
137682.612: [GC 2299052K->2173472K(2477056K), 0.0868790 secs]
137684.428: [GC 2268243K->2207039K(2477056K), 0.0785820 secs]
137685.135: [GC 2302348K->2274589K(2477056K), 0.1602090 secs]
137685.296: [Full GC 2274589K->2251235K(2477056K), 0.9002850 secs]
137688.579: [Full GC 2346527K->1800258K(2477056K), 2.4888150 secs]
137697.751: [GC 1889449K->1801938K(2477056K), 0.0881310 secs]
137698.644: [GC 1923603K->1914335K(2477056K), 0.1043910 secs]
137707.475: [GC 2008824K->1892248K(2477056K), 0.0840230 secs]
137717.224: [GC 1986717K->1954661K(2477056K), 0.1245980 secs]
137718.821: [GC 2049832K->1962725K(2477056K), 0.0815640 secs]
137721.760: [GC 2054005K->1995135K(2477056K), 0.0955850 secs]
137728.707: [GC 2090427K->2018178K(2477056K), 0.1014930 secs]
137729.855: [GC 2112819K->2056053K(2420032K), 0.0795660 secs]
137730.807: [GC 2151350K->2123805K(2476800K), 0.1373580 secs]
137734.011: [GC 2217747K->2105325K(2476928K), 0.1275170 secs]
137741.711: [GC 2173037K->2105291K(2477056K), 0.0973650 secs]
137750.592: [GC 2200586K->2167781K(2477056K), 0.1060970 secs]
137752.380: [GC 2262900K->2175943K(2477056K), 0.1190470 secs]
137755.544: [GC 2271239K->2230583K(2413184K), 0.1242660 secs]
137755.668: [Full GC 2230583K->2135451K(2413184K), 1.0969190 secs]
137764.239: [GC 2230741K->2161028K(2472960K), 0.1009210 secs]
137766.424: [GC 2259012K->2180974K(2474176K), 0.0733640 secs]
137767.658: [GC 2278958K->2208182K(2468032K), 0.1636430 secs]
137768.997: [GC 2301685K->2240143K(2475264K), 0.2031340 secs]
137770.590: [GC 2308088K->2240554K(2477056K), 0.1465680 secs]
137770.737: [Full GC 2240554K->2219254K(2477056K), 2.9121570 secs]
137774.732: [Full GC 2311422K->2047979K(2477056K), 2.7514190 secs]
137783.518: [GC 2143275K->2061278K(2477056K), 0.0754030 secs]
137785.622: [GC 2149693K->2124217K(2477056K), 0.1165270 secs]
137789.981: [GC 2197281K->2095839K(2477056K), 0.1179170 secs]
137792.971: [GC 2191135K->2118814K(2477056K), 0.0876600 secs]
137796.255: [GC 2212381K->2181052K(2477056K), 0.1234920 secs]
137802.363: [GC 2276344K->2209582K(2477056K), 0.1690890 secs]
137805.265: [GC 2292471K->2237402K(2477056K), 0.0935980 secs]
137805.358: [Full GC 2237402K->2170383K(2477056K), 0.9529320 secs]
137807.828: [GC 2265680K->2233320K(2477056K), 0.1102520 secs]
137810.081: [GC 2323318K->2237624K(2477056K), 0.1671790 secs]
137810.248: [Full GC 2237624K->2237584K(2477056K), 0.8910400 secs]
137821.571: [Full GC 2332871K->1918627K(2477056K), 2.6737510 secs]
137833.723: [GC 2009034K->1919588K(2477056K), 0.0679280 secs]
137836.648: [GC 2014884K->1981936K(2477056K), 0.0774170 secs]
137840.384: [GC 2077232K->1993656K(2477056K), 0.0816230 secs]
137843.686: [GC 2088616K->1991804K(2477056K), 0.0933910 secs]
137845.691: [GC 2087100K->2030408K(2469120K), 0.1130140 secs]
137855.707: [GC 2125704K->2054387K(2473088K), 0.0970160 secs]
137857.370: [GC 2149676K->2086240K(2473088K), 0.1686600 secs]
137871.240: [GC 2178245K->2112865K(2476160K), 0.1371410 secs]
137873.421: [GC 2207265K->2175914K(2476416K), 0.1470080 secs]
137875.897: [GC 2268240K->2231658K(2476736K), 0.1307850 secs]
137877.028: [GC 2326966K->2259177K(2477056K), 0.1200010 secs]
137877.148: [Full GC 2259177K->2172309K(2477056K), 0.9740770 secs]
137884.126: [GC 2246990K->2173339K(2477056K), 0.0622930 secs]
137884.188: [Full GC 2173339K->2081193K(2477056K), 2.7945880 secs]
137888.033: [GC 2176490K->2121218K(2477056K), 0.0758300 secs]
137890.421: [GC 2216508K->2143419K(2412480K), 0.0803730 secs]
137898.626: [GC 2238715K->2144195K(2471808K), 0.1009600 secs]
137901.178: [GC 2241846K->2182803K(2473792K), 0.1805910 secs]
137911.629: [GC 2280649K->2203417K(2477056K), 0.1586330 secs]
137912.841: [GC 2298725K->2267340K(2414784K), 0.1473270 secs]
137912.988: [Full GC 2267340K->2236104K(2414784K), 0.8868650 secs]
137915.102: [Full GC 2309392K->1730598K(2414784K), 2.4447350 secs]
137918.640: [GC 1825780K->1795578K(2474752K), 0.0885380 secs]
137922.868: [GC 1887510K->1841212K(2475904K), 0.1202150 secs]
137928.853: [GC 1935344K->1864780K(2473472K), 0.1054980 secs]
137942.684: [GC 1946214K->1864897K(2413568K), 0.0663010 secs]
137944.895: [GC 1960193K->1896880K(2470912K), 0.1120260 secs]
137947.490: [GC 1985844K->1959309K(2473984K), 0.1955320 secs]
137953.062: [GC 2038463K->1924787K(2475776K), 0.1012190 secs]
137954.215: [GC 2016235K->1995592K(2476416K), 0.1186920 secs]
137956.388: [GC 2091417K->1983575K(2477056K), 0.1318050 secs]
137964.191: [GC 2078871K->2036887K(2432960K), 0.1527180 secs]
137969.198: [GC 2132183K->2068913K(2475648K), 0.1652520 secs]
137976.706: [GC 2157939K->2069043K(2476352K), 0.1695280 secs]
137978.259: [GC 2163635K->2132182K(2477056K), 0.1593910 secs]
137982.591: [GC 2227478K->2129215K(2477056K), 0.0817550 secs]
137984.426: [GC 2224510K->2192347K(2477056K), 0.1422490 secs]
137987.198: [GC 2269227K->2192252K(2477056K), 0.1198630 secs]
137987.318: [Full GC 2192252K->2077017K(2477056K), 1.1774030 secs]
137992.007: [GC 2172313K->2101761K(2477056K), 0.0618100 secs]
137999.264: [GC 2197045K->2163508K(2477056K), 0.1246670 secs]
138014.275: [GC 2258795K->2191706K(2477056K), 0.1230580 secs]
138016.231: [GC 2277946K->2220242K(2477056K), 0.0975410 secs]
138016.328: [Full GC 2220242K->2161332K(2477056K), 0.9179050 secs]
138018.294: [GC 2256626K->2198122K(2477056K), 0.1041000 secs]
138019.462: [GC 2293411K->2230960K(2418880K), 0.0876910 secs]
138019.550: [Full GC 2230960K->2068784K(2418880K), 2.6770860 secs]
138025.302: [GC 2145213K->2070927K(2471168K), 0.1197590 secs]
138027.597: [GC 2164982K->2094703K(2406592K), 0.1135920 secs]
138028.763: [GC 2188845K->2144030K(2463424K), 0.1134630 secs]
138036.220: [GC 2233246K->2166765K(2470976K), 0.1284160 secs]
138037.751: [GC 2252191K->2182277K(2473024K), 0.0803070 secs]
138049.888: [GC 2273856K->2202369K(2473344K), 0.1202690 secs]
138054.069: [GC 2270802K->2234184K(2475712K), 0.1651660 secs]
138054.234: [Full GC 2234184K->2166986K(2475712K), 2.8145920 secs]
138057.991: [GC 2260938K->2214334K(2427840K), 0.1110920 secs]
138060.354: [GC 2308277K->2227731K(2472960K), 0.1041950 secs]
138061.504: [GC 2320321K->2258479K(2474624K), 0.1140950 secs]
138073.705: [GC 2345981K->2250328K(2477056K), 0.1265200 secs]
138073.831: [Full GC 2250328K->1956618K(2477056K), 2.6123840 secs]
138079.613: [GC 2051414K->1988287K(2477056K), 0.0707120 secs]
138090.548: [GC 2083583K->2052126K(2477056K), 0.1207410 secs]
138093.856: [GC 2147247K->2052963K(2477056K), 0.0727720 secs]
138094.969: [GC 2149997K->2125397K(2477056K), 0.1086380 secs]
138096.134: [GC 2220693K->2117041K(2477056K), 0.1145630 secs]
138098.057: [GC 2212337K->2134697K(2477056K), 0.1131520 secs]
138107.097: [GC 2229993K->2165665K(2413632K), 0.0829050 secs]
138125.836: [GC 2260961K->2166450K(2472576K), 0.1214770 secs]
138127.866: [GC 2264690K->2230849K(2473728K), 0.1308040 secs]
138129.445: [GC 2329089K->2221854K(2477760K), 0.1549750 secs]
138132.259: [GC 2321176K->2250466K(2467264K), 0.1551320 secs]
138133.381: [GC 2348741K->2314751K(2477056K), 0.1682390 secs]
138133.549: [Full GC 2314751K->2249758K(2477056K), 1.1280940 secs]
138141.445: [Full GC 2331994K->1484388K(2477056K), 2.1715520 secs]
138144.421: [GC 1573760K->1554568K(2477056K), 0.1158470 secs]
138160.259: [GC 1625969K->1517253K(2477056K), 0.0794250 secs]
138161.544: [GC 1612549K->1557194K(2477056K), 0.0946680 secs]
138164.194: [GC 1652490K->1572679K(2477056K), 0.0841460 secs]
138167.810: [GC 1667974K->1600128K(2477056K), 0.0980790 secs]
138173.695: [GC 1690383K->1631954K(2477056K), 0.0828420 secs]
138174.278: [GC 1727250K->1718380K(2477056K), 0.1101130 secs]
138189.763: [GC 1813520K->1719715K(2477056K), 0.1363440 secs]
138191.330: [GC 1814899K->1759136K(2477056K), 0.1383160 secs]
138195.653: [GC 1852605K->1805509K(2477056K), 0.1154300 secs]
138204.778: [GC 1881978K->1799055K(2477056K), 0.1207060 secs]
138205.443: [GC 1894355K->1857791K(2477056K), 0.0753710 secs]
138209.491: [GC 1953087K->1858591K(2477056K), 0.0756550 secs]
138219.171: [GC 1953885K->1892972K(2477056K), 0.1076000 secs]
138220.736: [GC 1986640K->1926235K(2418304K), 0.1600280 secs]
138226.526: [GC 2021531K->1918948K(2475840K), 0.0800290 secs]
138229.635: [GC 2018213K->1942445K(2476416K), 0.1093500 secs]
138233.210: [GC 2018710K->1941913K(2480704K), 0.0921170 secs]
138238.931: [GC 2044825K->1972841K(2472576K), 0.1210240 secs]
138242.057: [GC 2075031K->2029166K(2477056K), 0.1738540 secs]
138244.552: [GC 2124456K->2091786K(2477056K), 0.2217660 secs]
138256.994: [GC 2183329K->2092553K(2477056K), 0.1835580 secs]
138258.402: [GC 2187764K->2160921K(2477056K), 0.1564090 secs]
138261.496: [GC 2256221K->2150517K(2477056K), 0.0919970 secs]
138263.014: [GC 2245824K->2201372K(2477056K), 0.1030710 secs]
138270.357: [GC 2295960K->2229263K(2477056K), 0.1222220 secs]
138270.479: [Full GC 2229263K->2003608K(2477056K), 2.6542940 secs]
138274.902: [GC 2098904K->2046213K(2477056K), 0.1217930 secs]
138277.600: [GC 2134739K->2097063K(2477056K), 0.1187810 secs]
138283.660: [GC 2192357K->2156430K(2477056K), 0.1933200 secs]
138292.953: [GC 2242819K->2158169K(2477056K), 0.0884710 secs]
138294.944: [GC 2253465K->2189667K(2413824K), 0.1266610 secs]
138299.403: [GC 2284963K->2213931K(2474368K), 0.0984460 secs]
138300.783: [GC 2301286K->2276944K(2475712K), 0.1187070 secs]
138300.902: [Full GC 2276944K->2189710K(2475712K), 0.9953680 secs]
138305.689: [GC 2283653K->2260762K(2477056K), 0.2097080 secs]
138305.898: [Full GC 2260762K->1699697K(2477056K), 2.3501200 secs]
138312.665: [GC 1776913K->1700662K(2477056K), 0.0406510 secs]
138314.943: [GC 1793218K->1758412K(2477056K), 0.0875410 secs]
138317.080: [GC 1903393K->1779500K(2477056K), 0.0707310 secs]
138318.269: [GC 1874787K->1849215K(2477056K), 0.1019290 secs]
138328.156: [GC 1941058K->1813285K(2477056K), 0.0749180 secs]
138329.251: [GC 1906539K->1881219K(2477056K), 0.0896060 secs]
138332.382: [GC 1976508K->1897870K(2477056K), 0.1086870 secs]
138341.415: [GC 1993166K->1921485K(2477056K), 0.0760090 secs]
138342.522: [GC 2011872K->1991521K(2477056K), 0.0899910 secs]
138344.225: [GC 2084066K->2019351K(2477056K), 0.1259790 secs]
138346.163: [GC 2114647K->2067539K(2477056K), 0.1174750 secs]
138360.981: [GC 2162835K->2096558K(2477056K), 0.0908600 secs]
138364.783: [GC 2191854K->2119916K(2477056K), 0.0693860 secs]
138374.204: [GC 2215202K->2147864K(2469632K), 0.0972620 secs]
138384.487: [GC 2242290K->2148420K(2411008K), 0.0736100 secs]
138385.822: [GC 2243392K->2183498K(2463808K), 0.1147080 secs]
138393.781: [GC 2267218K->2184076K(2470336K), 0.1101060 secs]
138394.883: [GC 2275205K->2225851K(2475776K), 0.1734640 secs]
138397.004: [GC 2319875K->2249112K(2475776K), 0.1257800 secs]
138402.004: [GC-- 2343125K->2439541K(2475776K), 0.1655990 secs]
138402.170: [Full GC 2439541K->2105407K(2475776K), 1.1294460 secs]
138405.468: [GC 2198520K->2160991K(2477056K), 0.0932670 secs]
138408.043: [GC 2256287K->2180783K(2477056K), 0.1053820 secs]
138425.580: [GC 2276071K->2208667K(2477056K), 0.1017420 secs]
138429.569: [GC 2286268K->2208811K(2477056K), 0.1019960 secs]
138429.671: [Full GC 2208811K->2003061K(2477056K), 2.6309590 secs]
138435.958: [GC 2098357K->2028029K(2477056K), 0.0879400 secs]
138437.570: [GC 2123325K->2056427K(2410560K), 0.1008720 secs]
138462.489: [GC 2151723K->2056750K(2474688K), 0.0999000 secs]
138466.290: [GC 2155629K->2085618K(2475840K), 0.0969200 secs]
138467.389: [GC 2185153K->2116419K(2475136K), 0.1586380 secs]
138469.393: [GC 2211715K->2145002K(2477056K), 0.1506220 secs]
138481.252: [GC 2240296K->2159064K(2477056K), 0.1450780 secs]
138496.398: [GC 2253195K->2190155K(2477056K), 0.1236270 secs]
138498.413: [GC 2285450K->2217687K(2477056K), 0.0933900 secs]
138501.050: [GC 2310885K->2275629K(2477056K), 0.1210190 secs]
138501.171: [Full GC 2275629K->2219486K(2477056K), 0.9642650 secs]
138510.416: [Full GC 2314777K->1497523K(2477056K), 2.1422180 secs]
138517.167: [GC 1592819K->1503532K(2477056K), 0.0427660 secs]
138527.794: [GC 1580976K->1503526K(2477056K), 0.0363380 secs]
138529.413: [GC 1598822K->1532274K(2469888K), 0.0977070 secs]
138545.608: [GC 1627570K->1564859K(2473472K), 0.0775060 secs]
138556.527: [GC 1660155K->1569579K(2477056K), 0.0988600 secs]
138559.263: [GC 1664875K->1625282K(2477056K), 0.0777400 secs]
138565.749: [GC 1717707K->1604193K(2477056K), 0.0659920 secs]
138575.577: [GC 1699489K->1631203K(2410304K), 0.0738680 secs]
138585.290: [GC 1726499K->1636427K(2466304K), 0.0986860 secs]
138588.223: [GC 1733832K->1664175K(2469248K), 0.0931700 secs]
138603.222: [GC 1760187K->1692484K(2472768K), 0.1368900 secs]
138605.149: [GC 1787780K->1691646K(2477056K), 0.1184540 secs]
138612.024: [GC 1781001K->1738700K(2477056K), 0.1522480 secs]
138616.718: [GC 1818972K->1743122K(2477056K), 0.1226700 secs]
138618.007: [GC 1858389K->1831124K(2477056K), 0.1025290 secs]
138624.908: [GC 1926420K->1830207K(2477056K), 0.1029300 secs]
138626.357: [GC 1925489K->1880149K(2477056K), 0.0841490 secs]
138635.944: [GC 1975445K->1929916K(2477056K), 0.1176540 secs]
138637.586: [GC 2020345K->1992840K(2477056K), 0.1376990 secs]
138644.935: [GC 2088136K->1982444K(2477056K), 0.1370240 secs]
138647.963: [GC 2064348K->2006652K(2477056K), 0.0880210 secs]
138653.024: [GC 2101948K->2060980K(2477056K), 0.0769220 secs]
138674.099: [GC 2156276K->2034796K(2477056K), 0.1331240 secs]
138675.604: [GC 2130092K->2105171K(2477056K), 0.0966460 secs]
138678.413: [GC 2200460K->2091659K(2477056K), 0.0857180 secs]
138679.348: [GC 2186529K->2122307K(2477056K), 0.1132670 secs]
138687.916: [GC 2217603K->2114705K(2477056K), 0.0849620 secs]
138708.749: [GC 2193628K->2116077K(2477056K), 0.0505000 secs]
138710.821: [GC 2211373K->2144174K(2467712K), 0.1123290 secs]
138713.638: [GC 2234476K->2167750K(2472384K), 0.1129450 secs]
138720.302: [GC 2263044K->2194754K(2474880K), 0.1000410 secs]
138729.598: [GC 2290050K->2233696K(2477056K), 0.1494000 secs]
138731.467: [GC 2328992K->2251196K(2477056K), 0.0850120 secs]
138731.552: [Full GC 2251196K->2061168K(2477056K), 1.3730120 secs]
138734.751: [GC 2156464K->2061888K(2477056K), 0.0705290 secs]
138736.263: [GC 2157184K->2112085K(2477056K), 0.0880740 secs]
138739.676: [GC 2203951K->2162582K(2477056K), 0.1149190 secs]
138742.637: [GC 2257878K->2218800K(2477056K), 0.1041460 secs]
138746.895: [GC 2310214K->2237582K(2477056K), 0.0960110 secs]
138746.991: [Full GC 2237582K->1704276K(2477056K), 2.3930200 secs]
138761.443: [GC 1798841K->1713168K(2477056K), 0.0787000 secs]
138763.041: [GC 1808368K->1748292K(2417664K), 0.1082060 secs]
138770.609: [GC 1843588K->1796524K(2469376K), 0.1233130 secs]
138780.728: [GC 1887980K->1796977K(2473216K), 0.1125950 secs]
138783.280: [GC 1888433K->1821087K(2476800K), 0.1122190 secs]
138799.604: [GC 1915262K->1845807K(2476800K), 0.1176270 secs]
138800.871: [GC 1943092K->1917719K(2477056K), 0.0895520 secs]
138803.114: [GC 2013015K->1903411K(2477056K), 0.1157900 secs]
138814.352: [GC 1998705K->1954750K(2474880K), 0.1496300 secs]
138827.538: [GC 2050045K->1954499K(2406016K), 0.1368660 secs]
138831.005: [GC 2043278K->2017511K(2468544K), 0.1187860 secs]
138841.783: [GC 2110163K->2006688K(2474432K), 0.1342300 secs]
138843.259: [GC 2099158K->2062129K(2477056K), 0.1113330 secs]
138850.373: [GC 2157423K->2057387K(2477056K), 0.0980540 secs]
138861.759: [GC 2152683K->2080949K(2477056K), 0.1118920 secs]
138865.045: [GC 2176233K->2108985K(2410240K), 0.0856680 secs]
138875.785: [GC 2203064K->2112629K(2468160K), 0.1081750 secs]
138880.453: [GC 2211250K->2137373K(2470528K), 0.1068300 secs]
138884.655: [GC 2235997K->2161341K(2470848K), 0.1362890 secs]
138894.013: [GC 2256637K->2188774K(2477056K), 0.1850070 secs]
138901.172: [GC 2284070K->2215794K(2477056K), 0.1455720 secs]
138901.318: [Full GC 2215794K->2056713K(2477056K), 1.1114330 secs]
138911.949: [GC 2152004K->2085090K(2477056K), 0.1427860 secs]
138915.842: [GC 2180377K->2132395K(2477056K), 0.1283430 secs]
138923.207: [GC 2226574K->2111352K(2477056K), 0.0845010 secs]
138927.096: [GC 2206648K->2137503K(2475008K), 0.1011060 secs]
138946.993: [GC 2228024K->2138435K(2411072K), 0.0761990 secs]
138948.873: [GC 2232457K->2165999K(2472320K), 0.1007790 secs]
138952.074: [GC 2262061K->2190503K(2474624K), 0.1257150 secs]
138953.456: [GC 2286561K->2266790K(2477056K), 0.1860170 secs]
138954.954: [Full GC 2364105K->1456136K(2477056K), 2.1630300 secs]
138966.738: [GC 1551432K->1457224K(2477056K), 0.0386170 secs]
138973.310: [GC 1602206K->1507073K(2477056K), 0.0713760 secs]
138981.683: [GC 1602369K->1507932K(2477056K), 0.0780000 secs]
138983.378: [GC 1603628K->1571749K(2477056K), 0.0832550 secs]
138985.493: [GC 1667045K->1561059K(2477056K), 0.0998960 secs]
138988.030: [GC 1654129K->1623463K(2477056K), 0.1107570 secs]
139013.572: [GC 1718759K->1617003K(2477056K), 0.0792810 secs]
139015.381: [GC 1711203K->1672851K(2477056K), 0.1192900 secs]
139017.611: [GC 1768147K->1670715K(2477056K), 0.0702630 secs]
139018.382: [GC 1766005K->1725500K(2477056K), 0.0982440 secs]
139042.900: [GC 1817035K->1696757K(2477056K), 0.0596180 secs]
139048.047: [GC 1792053K->1708430K(2477056K), 0.0644100 secs]
139049.195: [GC 1801749K->1753658K(2477056K), 0.1064110 secs]
139051.255: [GC 1848958K->1823142K(2477056K), 0.2061550 secs]
139053.202: [GC 1918438K->1825612K(2477056K), 0.0998710 secs]
139062.694: [GC 1920908K->1797622K(2477056K), 0.0774950 secs]
139078.411: [GC 1892202K->1800336K(2477056K), 0.1011360 secs]
139080.423: [GC 1895632K->1826314K(2477056K), 0.0982790 secs]
139084.549: [GC 1921599K->1873449K(2477056K), 0.1021750 secs]
139091.635: [GC 1968743K->1877579K(2470144K), 0.0866440 secs]
139107.593: [GC 1972875K->1878423K(2410688K), 0.0822600 secs]
139109.737: [GC 1967668K->1941011K(2466752K), 0.1706030 secs]
139117.406: [GC 2015461K->1906055K(2473088K), 0.1309990 secs]
139119.431: [GC 1999815K->1930015K(2472896K), 0.1372820 secs]
139124.343: [GC 2052152K->1983594K(2474240K), 0.1149980 secs]
139128.218: [GC 2067468K->1975938K(2477056K), 0.1182170 secs]
139132.319: [GC 2070679K->2024065K(2477056K), 0.1493920 secs]
139135.867: [GC 2119361K->2043272K(2477056K), 0.1713270 secs]
139141.039: [GC 2138566K->2088485K(2477056K), 0.1323640 secs]
139143.791: [GC 2162436K->2088621K(2477056K), 0.1103220 secs]
139144.916: [GC 2183911K->2136593K(2477056K), 0.0730530 secs]
139148.382: [GC 2231883K->2154315K(2471680K), 0.1302830 secs]
139150.410: [GC 2242384K->2195950K(2474368K), 0.1025200 secs]
139153.125: [GC 2291246K->2178445K(2477056K), 0.1576390 secs]
139155.778: [GC 2256036K->2210561K(2414976K), 0.1226780 secs]
139158.327: [GC 2305614K->2217875K(2476928K), 0.1039060 secs]
139160.743: [GC 2317971K->2246727K(2474240K), 0.1653630 secs]
139162.670: [GC 2342677K->2265533K(2475712K), 0.1389080 secs]
139163.214: [GC 2360829K->2312705K(2477056K), 0.1565360 secs]
139163.371: [Full GC 2312705K->2200281K(2477056K), 1.4398470 secs]
139170.190: [GC 2295577K->2213745K(2477056K), 0.0620450 secs]
139173.990: [GC 2309037K->2239004K(2477056K), 0.0821540 secs]
139174.073: [Full GC 2239004K->1205320K(2477056K), 1.9450490 secs]
139178.655: [GC 1293891K->1211985K(2477056K), 0.0877250 secs]
139179.565: [GC 1307292K->1256866K(2477056K), 0.0720960 secs]
139180.211: [GC 1352162K->1301460K(2477056K), 0.1094060 secs]
139181.275: [GC 1393849K->1297072K(2477056K), 0.0657980 secs]
139183.804: [GC 1392365K->1339928K(2477056K), 0.0604980 secs]
139185.064: [GC 1417950K->1381042K(2399744K), 0.0866190 secs]
139185.487: [GC 1476338K->1411624K(2478720K), 0.1004290 secs]
139186.157: [GC 1508648K->1411280K(2476992K), 0.1002330 secs]
139186.683: [GC 1508304K->1411820K(2478016K), 0.0634540 secs]
139187.013: [GC 1508844K->1419419K(2391232K), 0.1054230 secs]
139187.547: [GC 1516457K->1419569K(2476992K), 0.0435760 secs]
139189.326: [GC 1518001K->1421325K(2475584K), 0.0330470 secs]
139196.792: [GC 1511717K->1431955K(2476864K), 0.0498810 secs]
139197.935: [GC 1538835K->1490804K(2477376K), 0.0732920 secs]
139202.037: [GC 1597684K->1540479K(2476416K), 0.1143720 secs]
139202.516: [GC 1638975K->1550009K(2444288K), 0.1139850 secs]
139203.009: [GC 1648505K->1579516K(2477056K), 0.1016410 secs]
139203.566: [GC 1674812K->1579768K(2382144K), 0.0650000 secs]
139205.988: [GC 1675064K->1597347K(2481984K), 0.0928890 secs]
139208.127: [GC 1698275K->1615981K(2406400K), 0.0864090 secs]
139210.889: [GC 1716909K->1608953K(2474304K), 0.0716110 secs]
139214.879: [GC 1736801K->1665353K(2472320K), 0.0529260 secs]
139216.413: [GC 1769161K->1671571K(2476928K), 0.1352260 secs]
139217.995: [GC 1784467K->1718236K(2477312K), 0.1339780 secs]
139219.099: [GC 1825130K->1747739K(2473152K), 0.1845970 secs]
139222.522: [GC 1828239K->1770227K(2477056K), 0.1619640 secs]
139223.019: [GC 1865523K->1789975K(2477056K), 0.1214040 secs]
139223.512: [GC 1885271K->1808858K(2477056K), 0.1086360 secs]
139223.990: [GC 1904154K->1789199K(2477056K), 0.1217420 secs]
139231.597: [GC 1884495K->1790835K(2477056K), 0.0543120 secs]
139247.274: [GC 1868997K->1791487K(2477056K), 0.0425870 secs]
139249.564: [GC 1886780K->1847824K(2477056K), 0.0969360 secs]
139251.988: [GC 1943114K->1848119K(2477056K), 0.0858860 secs]
139253.205: [GC 1937375K->1898907K(2405376K), 0.1054200 secs]
139266.575: [GC 1994203K->1899435K(2475456K), 0.0797770 secs]
139278.339: [GC 1975283K->1899843K(2472576K), 0.0849790 secs]
139282.138: [GC 2000067K->1927275K(2471808K), 0.1321430 secs]
139285.571: [GC 2028883K->1981894K(2475008K), 0.1369470 secs]
139289.433: [GC 2086022K->1977965K(2477056K), 0.1955020 secs]
139294.586: [GC 2122942K->2055412K(2477056K), 0.1682250 secs]
139304.709: [GC 2150708K->2083539K(2477056K), 0.1222660 secs]
139307.402: [GC 2178155K->2118756K(2477056K), 0.0886940 secs]
139318.023: [GC 2211527K->2139727K(2477056K), 0.1283410 secs]
139321.425: [GC 2235023K->2163764K(2406016K), 0.0792390 secs]
139332.409: [GC 2259057K->2214248K(2475392K), 0.1117240 secs]
139337.837: [GC 2291868K->2215142K(2476224K), 0.1088680 secs]
139337.946: [Full GC 2215142K->1671417K(2476224K), 1.2358330 secs]
139340.295: [GC 1765744K->1727653K(2477056K), 0.0766850 secs]
139351.226: [GC 1822949K->1700731K(2477056K), 0.0753170 secs]
139353.661: [GC 1796027K->1724577K(2477056K), 0.0609600 secs]
139364.811: [GC 1819625K->1763059K(2397952K), 0.1514430 secs]
139370.256: [GC 1858355K->1783218K(2475968K), 0.1129380 secs]
139384.464: [GC 1882610K->1784454K(2475648K), 0.1111800 secs]
139389.678: [GC 1883846K->1806398K(2471488K), 0.1100690 secs]
139394.868: [GC 1954705K->1856399K(2476352K), 0.1286160 secs]
139401.143: [GC 1955023K->1856612K(2476800K), 0.1032880 secs]
139403.819: [GC 1951908K->1870330K(2419776K), 0.1171790 secs]
139408.706: [GC 1962055K->1897538K(2471040K), 0.1207940 secs]
139417.750: [GC 1987425K->1898465K(2474176K), 0.1093930 secs]
139424.904: [GC 1990881K->1921414K(2471104K), 0.1309890 secs]
139432.357: [GC 2014598K->1946599K(2474944K), 0.1216470 secs]
139449.398: [GC 2039783K->1958923K(2477056K), 0.1745640 secs]
139451.943: [GC 2054219K->1997102K(2477056K), 0.1075240 secs]
139457.897: [GC 2092398K->1982988K(2477056K), 0.1093380 secs]
139459.791: [GC 2077416K->2033397K(2410048K), 0.1499630 secs]
139469.573: [GC 2128096K->2040145K(2479168K), 0.0740920 secs]
139478.529: [GC 2139089K->2071761K(2476928K), 0.1433520 secs]
139484.406: [GC 2167560K->2104863K(2477248K), 0.1974660 secs]
139487.751: [GC 2203743K->2128956K(2477056K), 0.0973620 secs]
139498.701: [GC 2227831K->2155408K(2475200K), 0.1205540 secs]
139511.113: [GC 2250704K->2178980K(2477056K), 0.1647040 secs]
139517.250: [GC 2274276K->2157566K(2477056K), 0.1026500 secs]
139519.594: [GC 2252862K->2180417K(2477056K), 0.0691980 secs]
139532.298: [GC 2275713K->2204022K(2477056K), 0.1240740 secs]
139532.422: [Full GC 2204022K->2049948K(2477056K), 1.6290430 secs]
139538.143: [GC 2144776K->2078156K(2477056K), 0.0884370 secs]
139547.214: [GC 2173452K->2078612K(2477056K), 0.0737350 secs]
139552.123: [GC 2173904K->2102632K(2477056K), 0.0682410 secs]
139553.778: [GC 2197928K->2104222K(2477056K), 0.0830450 secs]
139568.361: [GC 2198787K->2103916K(2477056K), 0.0613050 secs]
139574.993: [GC 2194899K->2131406K(2468096K), 0.0900650 secs]
139580.330: [GC 2226702K->2132014K(2410624K), 0.1356960 secs]
139586.000: [GC 2227310K->2134678K(2462336K), 0.0979080 secs]
139588.221: [GC 2234838K->2158590K(2466944K), 0.1773590 secs]
139609.163: [GC 2250666K->2155162K(2477248K), 0.1325440 secs]
139610.599: [GC 2260890K->2183301K(2472384K), 0.1296480 secs]
139617.241: [GC 2289029K->2211310K(2477056K), 0.1488890 secs]
139621.185: [GC 2306606K->2235327K(2477056K), 0.1271950 secs]
139625.388: [GC 2330623K->2237839K(2474880K), 0.1244800 secs]
139625.513: [Full GC 2237839K->1387060K(2474880K), 2.0836050 secs]
139636.850: [GC 1482356K->1390348K(2475968K), 0.0715740 secs]
139643.600: [GC 1481741K->1418196K(2468736K), 0.0712950 secs]
139648.416: [GC 1488883K->1418362K(2473088K), 0.1008840 secs]
139650.868: [GC 1515130K->1450602K(2469504K), 0.1314580 secs]
139657.349: [GC 1548454K->1474629K(2475008K), 0.1561010 secs]
139677.156: [GC 1572485K->1474010K(2477056K), 0.1709440 secs]
139681.515: [GC 1544095K->1474897K(2477056K), 0.1426530 secs]
139682.734: [GC 1569551K->1503526K(2477056K), 0.1489940 secs]
139690.169: [GC 1598822K->1530217K(2477056K), 0.1472040 secs]
139695.383: [GC 1625513K->1578172K(2477056K), 0.1477540 secs]
139702.404: [GC 1673468K->1549310K(2477056K), 0.0890900 secs]
139704.663: [GC 1643973K->1619821K(2477056K), 0.1373630 secs]
139723.182: [GC 1715110K->1641005K(2477056K), 0.1092230 secs]
139727.517: [GC 1736301K->1669695K(2477056K), 0.1039500 secs]
139731.332: [GC 1764991K->1693323K(2477056K), 0.0641930 secs]
139742.411: [GC 1788619K->1694551K(2477056K), 0.0803200 secs]
139750.525: [GC 1789847K->1697075K(2477056K), 0.0637790 secs]
139761.024: [GC 1777360K->1698768K(2477056K), 0.0748600 secs]
139762.988: [GC 1794064K->1754209K(2477056K), 0.0836290 secs]
139765.594: [GC 1849505K->1750350K(2477056K), 0.0980810 secs]
139779.435: [GC 1843999K->1778169K(2477056K), 0.0860740 secs]
139785.280: [GC 1873465K->1802476K(2477056K), 0.1291250 secs]
139796.419: [GC 1897772K->1832165K(2477056K), 0.0828050 secs]
139799.005: [GC 1927461K->1855290K(2469120K), 0.0697120 secs]
139802.923: [GC 1948123K->1862147K(2473088K), 0.0921950 secs]
139804.154: [GC 1957433K->1907642K(2465408K), 0.1028100 secs]
139805.470: [GC 2000177K->1932662K(2474304K), 0.1297930 secs]
139808.209: [GC 2025206K->1983127K(2477056K), 0.1433200 secs]
139818.335: [GC 2078423K->1985132K(2477056K), 0.0844300 secs]
139820.222: [GC 2100296K->2044102K(2477056K), 0.1086840 secs]
139821.644: [GC 2139398K->2083598K(2477056K), 0.0962640 secs]
139829.596: [GC 2178894K->2077531K(2474624K), 0.0504130 secs]
139831.452: [GC 2172827K->2101140K(2407040K), 0.0894180 secs]
139840.726: [GC 2191305K->2100487K(2470400K), 0.1010360 secs]
139844.032: [GC 2204103K->2129110K(2471616K), 0.1462990 secs]
139847.560: [GC 2232717K->2158354K(2467776K), 0.1796390 secs]
139850.465: [GC 2253650K->2190019K(2477056K), 0.1385510 secs]
139856.400: [GC 2284487K->2221086K(2477056K), 0.1287100 secs]
139856.529: [Full GC 2221086K->1925192K(2477056K), 2.6170470 secs]
139860.708: [GC 2020488K->1968472K(2477056K), 0.0733670 secs]
139862.152: [GC 2063767K->1993179K(2473344K), 0.0986420 secs]
139865.724: [GC 2080481K->2025319K(2475200K), 0.0870810 secs]
139869.373: [GC 2120615K->2050267K(2468992K), 0.1306070 secs]
139873.389: [GC 2149211K->2076835K(2473920K), 0.0984680 secs]
139882.969: [GC 2169424K->2119300K(2474816K), 0.1037450 secs]
139885.523: [GC 2226524K->2141123K(2476544K), 0.1236450 secs]
139895.087: [GC 2248707K->2134512K(2485248K), 0.1610100 secs]
139897.445: [GC 2245936K->2197204K(2463424K), 0.1323630 secs]
139898.699: [GC 2308628K->2225604K(2473024K), 0.1182490 secs]
139901.555: [GC 2320721K->2243382K(2477056K), 0.1114700 secs]
139911.776: [GC 2338678K->2237492K(2477056K), 0.1357790 secs]
139911.912: [Full GC 2237492K->1637074K(2477056K), 2.2947770 secs]
139922.126: [GC 1732370K->1642370K(2477056K), 0.0681840 secs]
139923.262: [GC 1734368K->1704161K(2477056K), 0.1488370 secs]
139930.189: [GC 1799452K->1697469K(2477056K), 0.1234630 secs]
139932.762: [GC 1792765K->1698616K(2477056K), 0.0792850 secs]
139935.355: [GC 1793912K->1753657K(2477056K), 0.0952970 secs]
139936.911: [GC 1848957K->1785725K(2477056K), 0.1055960 secs]
139954.427: [GC 1861051K->1778029K(2477056K), 0.0838810 secs]
139956.155: [GC 1872229K->1805984K(2477056K), 0.0670050 secs]
139959.547: [GC 1901278K->1861312K(2477056K), 0.1243330 secs]
139965.719: [GC 1956608K->1889970K(2477056K), 0.1225720 secs]
139968.755: [GC 1985270K->1914300K(2406784K), 0.0861940 secs]
139970.840: [GC 2009592K->1931106K(2474240K), 0.0805540 secs]
139972.102: [GC 2028251K->1958446K(2472384K), 0.1108680 secs]
139978.519: [GC 2055598K->1980355K(2480320K), 0.1387240 secs]
139995.266: [GC 2070478K->2008184K(2477056K), 0.1157090 secs]
139997.824: [GC 2105095K->2037903K(2471744K), 0.0716520 secs]
140000.332: [GC 2139663K->2064047K(2474432K), 0.1398520 secs]
140003.742: [GC 2165803K->2088691K(2471808K), 0.1608830 secs]
140005.546: [GC 2159944K->2089399K(2477056K), 0.1330220 secs]
140006.642: [GC 2184607K->2125577K(2477056K), 0.1095640 secs]
140010.178: [GC 2196965K->2144609K(2477056K), 0.1033950 secs]
140012.163: [GC 2239905K->2176787K(2468736K), 0.1280800 secs]
140018.307: [GC 2265878K->2204347K(2472896K), 0.1043340 secs]
140031.021: [GC 2299643K->2232850K(2478208K), 0.1404860 secs]
140031.162: [Full GC 2232850K->2032389K(2478208K), 1.2860670 secs]
140037.161: [GC 2159687K->2084969K(2478720K), 0.0647000 secs]
140039.062: [GC 2189865K->2086320K(2480320K), 0.0770670 secs]
140043.305: [GC 2206910K->2141381K(2480256K), 0.0710760 secs]
140053.230: [GC 2253125K->2141001K(2484352K), 0.0814950 secs]
140072.259: [GC 2262526K->2165740K(2484672K), 0.0634700 secs]
140074.402: [GC 2287250K->2230127K(2478400K), 0.1207890 secs]
140079.594: [GC 2350444K->2248622K(2463744K), 0.1324030 secs]
140096.805: [GC 2364674K->2225883K(2490112K), 0.1026730 secs]
140098.961: [GC 2324172K->2248390K(2485376K), 0.1134800 secs]
140102.184: [GC 2365043K->2283562K(2474624K), 0.1391690 secs]
140102.324: [Full GC 2283562K->1592621K(2474624K), 2.2200920 secs]
140108.336: [GC 1694572K->1640349K(2480384K), 0.0844210 secs]
140109.481: [GC 1742293K->1668425K(2472000K), 0.0893570 secs]
140114.715: [GC 1763645K->1644989K(2477056K), 0.0846510 secs]
140117.496: [GC 1740285K->1673005K(2477056K), 0.1377910 secs]
140120.515: [GC 1768294K->1704043K(2477056K), 0.1312120 secs]
140139.637: [GC 1799339K->1732443K(2477056K), 0.2146220 secs]
140143.762: [GC 1822897K->1788415K(2477056K), 0.1189430 secs]
140145.050: [GC 1883711K->1816855K(2477056K), 0.0909850 secs]
140149.970: [GC 1912151K->1845490K(2477056K), 0.1014460 secs]
140152.935: [GC 1940785K->1874413K(2474880K), 0.0782800 secs]
140158.628: [GC 1969709K->1878243K(2475968K), 0.0817650 secs]
140170.170: [GC 1972588K->1888485K(2473984K), 0.0854460 secs]
140171.722: [GC 1985765K->1930238K(2475968K), 0.0992240 secs]
140175.011: [GC 2027518K->1932386K(2476608K), 0.1108690 secs]
140177.719: [GC 2028322K->2006123K(2409216K), 0.1527700 secs]
140179.325: [GC 2102051K->2062701K(2471488K), 0.1359910 secs]
140182.901: [GC 2156973K->2063644K(2473920K), 0.0902090 secs]
140185.667: [GC 2157916K->2120130K(2475392K), 0.0948860 secs]
140188.295: [GC 2215423K->2108509K(2398016K), 0.0958640 secs]
140195.156: [GC 2203805K->2110511K(2477568K), 0.1047830 secs]
140213.097: [GC 2208047K->2110211K(2476992K), 0.0857350 secs]
140216.827: [GC 2207741K->2139427K(2470976K), 0.0738000 secs]
140219.233: [GC 2233157K->2186419K(2474240K), 0.1346650 secs]
140223.088: [GC 2269193K->2164319K(2478272K), 0.1090210 secs]
140225.298: [GC 2260831K->2216091K(2413504K), 0.1289730 secs]
140231.816: [GC 2305751K->2244769K(2471680K), 0.1245510 secs]
140231.941: [Full GC 2244769K->1950773K(2471680K), 2.6770050 secs]
140236.427: [GC 2047669K->2015768K(2471296K), 0.0932870 secs]
140243.028: [GC 2112407K->2047385K(2478400K), 0.1232340 secs]
140251.567: [GC 2148825K->2036655K(2477120K), 0.0911700 secs]
140254.830: [GC 2134819K->2061274K(2473920K), 0.0767440 secs]
140257.088: [GC 2169494K->2090503K(2477504K), 0.1456100 secs]
140260.985: [GC 2174912K->2108149K(2484736K), 0.1515100 secs]
140265.006: [GC 2222815K->2137954K(2431360K), 0.1248890 secs]
140273.553: [GC 2252768K->2167043K(2483840K), 0.0908340 secs]
140282.332: [GC 2272264K->2168666K(2484224K), 0.1008890 secs]
140286.924: [GC 2287578K->2186528K(2485440K), 0.0790610 secs]
140291.008: [GC 2312396K->2213522K(2489472K), 0.1025200 secs]
140294.537: [GC 2342098K->2239928K(2471168K), 0.1487120 secs]
140297.806: [GC 2347256K->2271802K(2473856K), 0.1495860 secs]
140300.549: [GC 2379130K->2295014K(2477056K), 0.1482580 secs]
140300.697: [Full GC 2295014K->2013764K(2477056K), 2.6668160 secs]
140306.624: [GC 2109060K->2016149K(2477056K), 0.1264130 secs]
140314.854: [GC 2111445K->2017570K(2477056K), 0.0528630 secs]
140323.468: [GC 2112866K->2021758K(2477056K), 0.0832030 secs]
140325.611: [GC 2117058K->2059779K(2477056K), 0.0869450 secs]
140328.072: [GC 2155075K->2061332K(2477056K), 0.0944130 secs]
140330.004: [GC 2156622K->2089847K(2476672K), 0.0622890 secs]
140335.646: [GC 2185143K->2120269K(2385216K), 0.1105470 secs]
140338.498: [GC 2215554K->2149988K(2479488K), 0.0884490 secs]
140348.008: [GC 2250084K->2149942K(2417536K), 0.1091870 secs]
140356.063: [GC 2250038K->2151865K(2474816K), 0.0946700 secs]
140360.666: [GC 2259828K->2176764K(2474560K), 0.1673620 secs]
140366.477: [GC 2284732K->2176848K(2477696K), 0.1128720 secs]
140370.748: [GC 2281519K->2192667K(2465536K), 0.1534630 secs]
140373.206: [GC 2297504K->2223840K(2477056K), 0.1637660 secs]
140375.931: [GC 2314897K->2257794K(2477056K), 0.1520890 secs]
140385.388: [GC 2353090K->2274512K(2477056K), 0.1870330 secs]
140393.069: [GC 2369808K->2251104K(2477056K), 0.1043390 secs]
140393.173: [Full GC 2251104K->1796452K(2477056K), 2.5093940 secs]
140398.057: [GC 1891748K->1851856K(2477056K), 0.1593470 secs]
140405.020: [GC 1947152K->1823811K(2477056K), 0.0850230 secs]
140411.117: [GC 1919107K->1826717K(2477056K), 0.0673660 secs]
140412.001: [GC 1923571K->1889547K(2477056K), 0.0955280 secs]
140412.755: [GC 1984852K->1916002K(2477056K), 0.1009920 secs]
140417.591: [GC 2011298K->1930025K(2477056K), 0.0953310 secs]
140428.448: [GC 2025321K->1928794K(2477056K), 0.0486380 secs]
140431.277: [GC 2020122K->1961033K(2477056K), 0.0646590 secs]
140438.172: [GC 2056329K->1956243K(2477056K), 0.0749480 secs]
140444.905: [GC 2051539K->1959693K(2477056K), 0.0692540 secs]
140447.352: [GC 2054979K->1988139K(2468864K), 0.0879930 secs]
140451.009: [GC 2074286K->2017485K(2472960K), 0.1078600 secs]
140452.328: [GC 2095170K->2056597K(2480320K), 0.1482600 secs]
140455.064: [GC 2162005K->2065227K(2420736K), 0.1125770 secs]
140463.183: [GC 2170634K->2069103K(2480320K), 0.0799930 secs]
140467.296: [GC 2172714K->2099996K(2478592K), 0.0809100 secs]
140475.185: [GC 2210843K->2094630K(2483008K), 0.0689150 secs]
140483.930: [GC 2213091K->2097362K(2484672K), 0.1167230 secs]
140487.709: [GC 2218770K->2127094K(2493120K), 0.1595880 secs]
140490.254: [GC 2257782K->2161683K(2487040K), 0.1183610 secs]
140493.007: [GC 2293971K->2213979K(2474496K), 0.1844190 secs]
140497.138: [GC 2316699K->2207532K(2480768K), 0.1563430 secs]
140501.128: [GC 2310252K->2232784K(2468992K), 0.1133070 secs]
140504.904: [GC 2334618K->2265654K(2475648K), 0.1221500 secs]
140505.027: [Full GC 2265654K->2160508K(2475648K), 1.2677540 secs]
140507.790: [GC 2267953K->2269857K(2478592K), 0.1666700 secs]
140507.957: [Full GC 2269857K->1317580K(2478592K), 2.0862590 secs]
140519.250: [GC 1430028K->1320523K(2485376K), 0.0552640 secs]
140521.893: [GC 1425472K->1357231K(2482240K), 0.0731930 secs]
140527.714: [GC 1458491K->1349679K(2432576K), 0.0891570 secs]
140530.418: [GC 1463599K->1378820K(2476800K), 0.1172520 secs]
140534.510: [GC 1489275K->1404196K(2456000K), 0.1885380 secs]
140537.343: [GC 1508666K->1451006K(2472832K), 0.1418130 secs]
140546.521: [GC 1546302K->1425378K(2477056K), 0.1783000 secs]
140557.361: [GC 1520674K->1421662K(2477056K), 0.1243290 secs]
140559.109: [GC 1512263K->1484854K(2477056K), 0.1270010 secs]
140565.065: [GC 1580150K->1451911K(2477056K), 0.1398410 secs]
140569.040: [GC 1547207K->1476401K(2407360K), 0.1363470 secs]
140573.615: [GC 1571697K->1477558K(2473024K), 0.0687820 secs]
140577.238: [GC 1575916K->1506906K(2473600K), 0.0958540 secs]
140580.835: [GC 1605274K->1520964K(2472576K), 0.1112850 secs]
140591.970: [GC 1616260K->1525218K(2477056K), 0.1373410 secs]
140594.817: [GC 1615165K->1556366K(2476096K), 0.1010830 secs]
140601.798: [GC 1651662K->1551040K(2477056K), 0.1442500 secs]
140604.190: [GC 1646336K->1575086K(2477056K), 0.1582920 secs]
140614.011: [GC 1670382K->1599602K(2477056K), 0.1059060 secs]
140618.585: [GC 1675056K->1601551K(2477056K), 0.0705060 secs]
140619.608: [GC 1700804K->1679125K(2477056K), 0.0887670 secs]
140626.419: [GC 1774421K->1646468K(2477056K), 0.0773830 secs]
140630.403: [GC 1741759K->1676439K(2477056K), 0.0719590 secs]
140635.433: [GC 1771735K->1704819K(2477056K), 0.1438780 secs]
140638.231: [GC 1800108K->1728952K(2406336K), 0.0675900 secs]
140644.286: [GC 1823169K->1730893K(2466688K), 0.1067050 secs]
140654.306: [GC 1828220K->1734285K(2414336K), 0.1096410 secs]
140655.523: [GC 1832269K->1777373K(2455232K), 0.1775590 secs]
140657.323: [GC 1866706K->1796946K(2466240K), 0.1451880 secs]
140658.920: [GC 1886282K->1844802K(2475968K), 0.1818310 secs]
140664.159: [GC 1938689K->1812998K(2475968K), 0.1723770 secs]
140665.606: [GC 1906884K->1848296K(2477056K), 0.1331480 secs]
140671.293: [GC 1943523K->1843931K(2477056K), 0.0770490 secs]
140673.580: [GC 1939227K->1867187K(2477056K), 0.0858320 secs]
140685.789: [GC 1962481K->1870032K(2477056K), 0.0745400 secs]
140694.616: [GC 1965328K->1875118K(2477056K), 0.0661810 secs]
140698.789: [GC 1944885K->1876353K(2386240K), 0.0815910 secs]
140699.320: [GC 1971646K->1929652K(2475904K), 0.0833620 secs]
140700.757: [GC 2024362K->1953166K(2405056K), 0.1193860 secs]
140704.976: [GC 2047886K->1946692K(2475328K), 0.0803440 secs]
140707.287: [GC 2040524K->1985650K(2475584K), 0.1893780 secs]
140715.417: [GC 2085234K->1972295K(2480640K), 0.1070950 secs]
140730.019: [GC 2073479K->1971932K(2430272K), 0.1662410 secs]
140735.513: [GC 2069982K->1973584K(2478464K), 0.1281030 secs]
140737.988: [GC 2077008K->2002572K(2476992K), 0.1581390 secs]
140740.017: [GC 2105987K->2032552K(2477056K), 0.1988350 secs]
140742.530: [GC 2127839K->2054302K(2477056K), 0.1564800 secs]
140744.530: [GC 2149598K->2068872K(2477056K), 0.1858580 secs]
140753.838: [GC 2164168K->2070464K(2477056K), 0.1501210 secs]
140769.950: [GC 2165760K->2070396K(2477056K), 0.0876570 secs]
140774.518: [GC 2157982K->2072078K(2477056K), 0.0647160 secs]
140775.598: [GC 2167162K->2108612K(2477056K), 0.0883210 secs]
140777.773: [GC 2203908K->2128247K(2477056K), 0.1136260 secs]
140778.619: [GC 2223555K->2160894K(2477056K), 0.1431830 secs]
140787.109: [GC 2256190K->2154900K(2477056K), 0.0776480 secs]
140796.479: [GC 2250196K->2170996K(2477056K), 0.0724800 secs]
140802.598: [GC 2315972K->2223363K(2477056K), 0.0792670 secs]
140806.207: [GC 2318659K->2225586K(2476160K), 0.0673700 secs]
140810.403: [GC 2303316K->2227032K(2385664K), 0.0731610 secs]
140811.969: [GC 2322328K->2256553K(2472384K), 0.0900160 secs]
140815.527: [GC 2355423K->2301618K(2473792K), 0.1267430 secs]
140818.054: [GC 2381403K->2280220K(2477056K), 0.1243410 secs]
140819.220: [GC-- 2375516K->2427980K(2477056K), 0.1560300 secs]
140819.376: [Full GC 2427980K->2216990K(2477056K), 1.5442600 secs]
140829.938: [GC 2312286K->2220375K(2477056K), 0.0988600 secs]
140838.739: [GC 2302715K->2222307K(2477056K), 0.0649240 secs]
140843.980: [GC 2317603K->2239767K(2399360K), 0.0966610 secs]
140846.544: [GC 2335058K->2268171K(2474880K), 0.0824060 secs]
140850.266: [GC 2362955K->2271183K(2475392K), 0.1565720 secs]
140853.306: [GC 2360342K->2293466K(2476864K), 0.1263400 secs]
140858.832: [GC-- 2388756K->2431172K(2476864K), 0.1471670 secs]
140858.980: [Full GC 2431172K->1084291K(2403584K), 1.8125430 secs]
140865.538: [GC 1179587K->1086091K(2403776K), 0.0375700 secs]
140876.391: [GC 1181387K->1088923K(2403776K), 0.0469330 secs]
140883.541: [GC 1184219K->1092599K(2403776K), 0.1361320 secs]
140885.794: [GC 1186035K->1109392K(2395840K), 0.0621950 secs]
140887.206: [GC 1204598K->1164588K(2399808K), 0.1042030 secs]
140889.093: [GC 1259475K->1195631K(2403776K), 0.1430060 secs]
140895.745: [GC 1289899K->1218098K(2315904K), 0.1012810 secs]
140897.091: [GC 1313394K->1278254K(2399680K), 0.1158540 secs]
140908.614: [GC 1371502K->1243954K(2401728K), 0.0932130 secs]
140915.696: [GC 1335406K->1245972K(2403776K), 0.0704810 secs]
140917.113: [GC 1341268K->1275025K(2337664K), 0.0754890 secs]
140922.325: [GC 1370321K->1305275K(2394688K), 0.1120540 secs]
140924.427: [GC 1396027K->1302240K(2399232K), 0.0864090 secs]
140928.733: [GC 1392992K->1317318K(2394176K), 0.0792490 secs]
140933.164: [GC 1412357K->1346770K(2396736K), 0.1655460 secs]
140939.736: [GC 1441810K->1348710K(2403840K), 0.1142720 secs]
140946.223: [GC 1447902K->1404597K(2403776K), 0.1200970 secs]
140951.854: [GC 1503212K->1378586K(2403776K), 0.1098940 secs]
140956.597: [GC 1473878K->1404103K(2403776K), 0.0965930 secs]
140961.416: [GC 1499399K->1428445K(2403776K), 0.1002150 secs]
140969.339: [GC 1508315K->1431624K(2403776K), 0.0575450 secs]
140970.815: [GC 1521986K->1495640K(2403776K), 0.1111610 secs]
140972.719: [GC 1640611K->1524502K(2403776K), 0.0976390 secs]
140975.256: [GC 1619798K->1525990K(2403776K), 0.0806930 secs]
140978.126: [GC 1621284K->1582702K(2403776K), 0.1102960 secs]
140983.396: [GC 1677998K->1584469K(2403776K), 0.1309580 secs]
140990.517: [GC 1679765K->1632219K(2403776K), 0.0994970 secs]
140996.147: [GC 1727515K->1610212K(2403776K), 0.0702110 secs]
141005.740: [GC 1705508K->1613259K(2312704K), 0.0657180 secs]
141008.959: [GC 1693273K->1614663K(2401856K), 0.0637040 secs]
141009.471: [GC 1713162K->1670255K(2402048K), 0.0890130 secs]
141011.647: [GC 1768751K->1671335K(2403776K), 0.1248140 secs]
141017.431: [GC 1766631K->1714823K(2403776K), 0.1494910 secs]
141023.798: [GC 1810119K->1717888K(2401856K), 0.0836490 secs]
141026.367: [GC 1813184K->1742707K(2337216K), 0.1219440 secs]
141040.128: [GC 1838003K->1743411K(2393408K), 0.1663840 secs]
141045.393: [GC 1829651K->1744643K(2396544K), 0.1140740 secs]
141048.037: [GC 1844803K->1773755K(2390144K), 0.1876070 secs]
141050.310: [GC 1871803K->1800987K(2396992K), 0.1642460 secs]
141053.339: [GC 1899087K->1815766K(2400960K), 0.1643750 secs]
141058.508: [GC 1908451K->1818518K(2403776K), 0.1516670 secs]
141060.718: [GC 1913814K->1842993K(2403776K), 0.1651840 secs]
141072.072: [GC 1938289K->1867107K(2403776K), 0.1394280 secs]
141076.734: [GC 1962394K->1897311K(2403776K), 0.1153170 secs]
141080.735: [GC 1992607K->1899863K(2403776K), 0.0928150 secs]
141090.823: [GC 1995159K->1901114K(2403776K), 0.0865950 secs]
141094.738: [GC 1980744K->1902970K(2403776K), 0.0683910 secs]
141096.816: [GC 1993793K->1927125K(2403776K), 0.0906170 secs]
141098.203: [GC 2008084K->1957691K(2339648K), 0.0935030 secs]
141100.102: [GC 2052987K->1971497K(2401088K), 0.1498940 secs]
141104.957: [GC 2060821K->1978218K(2399872K), 0.1383930 secs]
141106.058: [GC 2074730K->2024241K(2399616K), 0.1442890 secs]
141107.163: [GC 2119541K->2065508K(2403776K), 0.1630470 secs]
141111.716: [GC 2160804K->2102768K(2403776K), 0.2062130 secs]
141125.818: [GC 2198064K->2104038K(2403776K), 0.1285700 secs]
141132.007: [GC 2198120K->2106212K(2403776K), 0.0811880 secs]
141134.467: [GC 2201508K->2131257K(2403776K), 0.1023800 secs]
141139.317: [GC 2209178K->2133360K(2403776K), 0.1209630 secs]
141139.438: [Full GC 2133360K->1827155K(2477056K), 2.6096750 secs]
141143.715: [GC 1922451K->1855300K(2409984K), 0.0919110 secs]
141147.383: [GC 1950529K->1872858K(2477248K), 0.1268110 secs]
141149.008: [GC 1969050K->1899187K(2476352K), 0.1968020 secs]
141164.100: [GC 1995379K->1926324K(2477056K), 0.1518810 secs]
141167.688: [GC 2021614K->1952236K(2408128K), 0.0981200 secs]
141170.786: [GC 2047532K->1954348K(2476160K), 0.1425240 secs]
141174.076: [GC 2054305K->1982408K(2474176K), 0.1238550 secs]
141179.688: [GC 2082376K->1981404K(2478336K), 0.1473760 secs]
141184.501: [GC 2082584K->2011280K(2473088K), 0.1478910 secs]
141187.109: [GC 2107034K->2030188K(2477056K), 0.1599490 secs]
141189.903: [GC 2118112K->2048920K(2477056K), 0.1361900 secs]
141198.835: [GC 2144216K->2052730K(2477056K), 0.1302480 secs]
141203.326: [GC 2132493K->2073484K(2477056K), 0.0907360 secs]
141204.163: [GC 2173570K->2155177K(2477056K), 0.1034270 secs]
141207.862: [GC 2250473K->2126634K(2477056K), 0.0662830 secs]
141217.702: [GC 2221930K->2128379K(2477056K), 0.1150370 secs]
141226.735: [GC 2223675K->2131675K(2477056K), 0.0784290 secs]
141234.276: [GC 2226971K->2147041K(2477056K), 0.0760040 secs]
141238.027: [GC 2239054K->2150401K(2477056K), 0.1096630 secs]
141239.155: [GC 2245697K->2186645K(2477056K), 0.1014250 secs]
141240.577: [GC 2281931K->2208249K(2411840K), 0.1143420 secs]
141241.879: [GC 2303537K->2303847K(2464896K), 0.1694500 secs]
141242.049: [Full GC 2303847K->2180605K(2464896K), 2.9653980 secs]
141246.921: [GC 2269821K->2182810K(2470976K), 0.1252880 secs]
141253.326: [GC 2272024K->2214716K(2473216K), 0.0711360 secs]
141263.245: [GC 2310012K->2217166K(2475136K), 0.1054200 secs]
141269.748: [GC 2312462K->2218345K(2470144K), 0.1059050 secs]
141275.985: [GC 2319977K->2222009K(2473280K), 0.1815700 secs]
141278.343: [GC 2323640K->2251194K(2469056K), 0.1332050 secs]
141279.378: [GC 2347225K->2282500K(2454720K), 0.1472930 secs]
141281.288: [GC 2381799K->2294660K(2477056K), 0.1459150 secs]
141290.443: [GC 2389956K->2294493K(2477056K), 0.1437560 secs]
141302.885: [GC-- 2389789K->2441812K(2477056K), 0.2516900 secs]
141303.137: [Full GC 2441812K->1187607K(2477056K), 1.9561900 secs]
141310.663: [GC 1282903K->1192826K(2477056K), 0.0571090 secs]
141313.105: [GC 1288110K->1222310K(2477056K), 0.0731200 secs]
141314.625: [GC 1317600K->1245988K(2477056K), 0.0839880 secs]
141319.285: [GC 1341284K->1247388K(2477056K), 0.0853820 secs]
141324.548: [GC 1337304K->1248734K(2477056K), 0.0587230 secs]
141328.700: [GC 1344030K->1265430K(2477056K), 0.0489190 secs]
141330.154: [GC 1360267K->1292020K(2471808K), 0.1182050 secs]
141330.794: [GC 1376085K->1275790K(2474432K), 0.0728470 secs]
141338.386: [GC 1371086K->1279078K(2476096K), 0.0845590 secs]
141347.012: [GC 1380889K->1280898K(2477824K), 0.0662900 secs]
141348.950: [GC 1384194K->1310150K(2479424K), 0.0849320 secs]
141351.617: [GC 1421766K->1335299K(2481344K), 0.1135700 secs]
141364.331: [GC 1446915K->1335190K(2472064K), 0.1174200 secs]
141365.834: [GC 1434950K->1394266K(2477056K), 0.1600100 secs]
141374.578: [GC 1489562K->1374650K(2477056K), 0.1334380 secs]
141383.774: [GC 1469946K->1394842K(2477056K), 0.1039520 secs]
141385.596: [GC 1489268K->1451743K(2477056K), 0.1106500 secs]
141386.715: [GC 1546584K->1454605K(2477056K), 0.1511970 secs]
141393.708: [GC 1549901K->1449061K(2477056K), 0.0881050 secs]
141402.790: [GC 1544357K->1452185K(2477056K), 0.0591390 secs]
141404.392: [GC 1547481K->1492221K(2471680K), 0.0707760 secs]
141409.948: [GC 1587517K->1500832K(2474368K), 0.1241240 secs]
141417.244: [GC 1596128K->1505360K(2477376K), 0.1091920 secs]
141420.204: [GC 1603724K->1529752K(2462656K), 0.1332360 secs]
141422.153: [GC 1628119K->1553652K(2477056K), 0.1449800 secs]
141427.716: [GC 1648948K->1575216K(2477056K), 0.1365450 secs]
141438.407: [GC 1670512K->1605665K(2477056K), 0.1297330 secs]
141446.313: [GC 1700961K->1622003K(2477056K), 0.0616120 secs]
141454.053: [GC 1717299K->1625705K(2476672K), 0.0991740 secs]
141456.060: [GC 1714193K->1673577K(2476864K), 0.1063290 secs]
141457.544: [GC 1768873K->1678457K(2468736K), 0.0955080 secs]
141461.785: [GC 1772374K->1666457K(2472896K), 0.1430800 secs]
141466.225: [GC 1761945K->1693093K(2474688K), 0.1683610 secs]
141471.324: [GC 1788349K->1694795K(2476160K), 0.1826920 secs]
141472.568: [GC 1797895K->1745121K(2467392K), 0.1474980 secs]
141478.436: [GC 1840417K->1744968K(2477056K), 0.1779020 secs]
141486.255: [GC 1839853K->1804433K(2477056K), 0.1865790 secs]
141490.255: [GC 1897834K->1839078K(2477056K), 0.1380440 secs]
141492.297: [GC 1934028K->1849986K(2477056K), 0.1267650 secs]
141498.360: [GC 1945282K->1846480K(2477056K), 0.1559080 secs]
141501.446: [GC 1941770K->1875132K(2477056K), 0.0757440 secs]
141510.348: [GC 1970428K->1904462K(2477056K), 0.1081570 secs]
141518.540: [GC 1999751K->1918490K(2473216K), 0.0725370 secs]
141524.009: [GC 2013786K->1921122K(2475136K), 0.1411980 secs]
141526.808: [GC 2016418K->1976077K(2471744K), 0.1677210 secs]
141532.346: [GC 2063536K->1944739K(2477056K), 0.1427980 secs]
141535.686: [GC 2037230K->1960859K(2469760K), 0.1654720 secs]
141537.852: [GC 2057051K->1989775K(2473856K), 0.1425250 secs]
141539.197: [GC 2082050K->2022475K(2477056K), 0.1647660 secs]
141544.389: [GC 2117771K->2056429K(2477056K), 0.1531570 secs]
141557.371: [GC 2151724K->2059662K(2477056K), 0.1281870 secs]
141561.623: [GC 2154957K->2085015K(2477056K), 0.0835580 secs]
141565.993: [GC 2180311K->2087250K(2477056K), 0.0784010 secs]
141569.951: [GC 2182546K->2098240K(2394176K), 0.0708650 secs]
141572.981: [GC 2193536K->2127116K(2479296K), 0.0932170 secs]
141576.311: [GC 2223890K->2157876K(2476608K), 0.1508220 secs]
141580.335: [GC 2246173K->2144036K(2477056K), 0.1071660 secs]
141581.847: [GC 2239304K->2176154K(2414656K), 0.0894440 secs]
141590.584: [GC 2271450K->2216955K(2469376K), 0.1421850 secs]
141591.619: [GC 2308395K->2229046K(2473216K), 0.1276800 secs]
141595.368: [GC 2320502K->2230278K(2477056K), 0.1083240 secs]
141595.477: [Full GC 2230278K->1992273K(2477056K), 1.5119460 secs]
141599.657: [GC 2087573K->2040357K(2477056K), 0.1296110 secs]
141604.912: [GC 2133073K->2058066K(2475648K), 0.1745250 secs]
141610.128: [GC 2152987K->2055467K(2476352K), 0.0689470 secs]
141612.120: [GC 2150763K->2081852K(2465792K), 0.1145780 secs]
141618.469: [GC 2179443K->2095850K(2471680K), 0.1072960 secs]
141625.650: [GC 2183166K->2098562K(2478912K), 0.1313050 secs]
141627.464: [GC 2204034K->2131060K(2473088K), 0.1401270 secs]
141633.544: [GC 2236532K->2173053K(2477056K), 0.1729170 secs]
141637.454: [GC 2268345K->2156193K(2477056K), 0.1474220 secs]
141644.127: [GC 2251489K->2156509K(2477056K), 0.1397310 secs]
141646.532: [GC 2251805K->2185007K(2477056K), 0.0801720 secs]
141652.411: [GC 2280303K->2214654K(2477056K), 0.1251870 secs]
141652.537: [Full GC 2214654K->1663884K(2477056K), 2.3444460 secs]
141662.325: [GC 1759177K->1680932K(2477056K), 0.0612640 secs]
141664.166: [GC 1770839K->1728808K(2477056K), 0.1105790 secs]
141669.453: [GC 1822500K->1707871K(2477056K), 0.0635080 secs]
141672.483: [GC 1803167K->1732857K(2477056K), 0.1232740 secs]
141678.482: [GC 1817375K->1734013K(2477056K), 0.0591950 secs]
141679.412: [GC 1827533K->1818201K(2477056K), 0.1137930 secs]
141682.122: [GC 1913497K->1800844K(2477056K), 0.1040770 secs]
141687.262: [GC 1896140K->1830492K(2477056K), 0.1341960 secs]
141697.388: [GC 1925788K->1833112K(2477056K), 0.1080990 secs]
141704.088: [GC 1928408K->1835414K(2477056K), 0.0636880 secs]
141705.428: [GC 1930699K->1873630K(2420480K), 0.0986290 secs]
141707.517: [GC 1966398K->1894801K(2475392K), 0.0928470 secs]
141713.998: [GC 1989265K->1912580K(2476224K), 0.1181870 secs]
141716.783: [GC 2007037K->1941646K(2468736K), 0.0908110 secs]
141726.699: [GC 2036942K->1943129K(2472896K), 0.0820490 secs]
141735.126: [GC 2038425K->1950426K(2469568K), 0.1123330 secs]
141740.371: [GC 2052498K->1975410K(2472320K), 0.1322430 secs]
141744.379: [GC 2077490K->1977658K(2472640K), 0.1582050 secs]
141750.699: [GC 2072954K->1990816K(2477056K), 0.1335720 secs]
141755.205: [GC 2060850K->1993310K(2471936K), 0.1192260 secs]
141757.485: [GC 2088606K->2022362K(2474496K), 0.1206270 secs]
141764.246: [GC 2117654K->2023491K(2477760K), 0.1208270 secs]
141773.863: [GC 2124611K->2028019K(2479040K), 0.1220770 secs]
141776.939: [GC 2129139K->2052755K(2473984K), 0.1589000 secs]
141784.717: [GC 2148051K->2052549K(2477056K), 0.1584480 secs]
141790.467: [GC 2147845K->2068059K(2477056K), 0.1547520 secs]
141793.542: [GC 2163355K->2097225K(2477056K), 0.1530700 secs]
141796.013: [GC 2192521K->2107158K(2477056K), 0.1421040 secs]
141799.669: [GC 2252130K->2171088K(2477056K), 0.1250950 secs]
141807.548: [GC 2266384K->2172247K(2477056K), 0.0645680 secs]
141811.189: [GC 2267543K->2196577K(2477056K), 0.0774530 secs]
141818.689: [GC 2291873K->2199171K(2477056K), 0.0852540 secs]
141829.635: [GC 2294467K->2202997K(2477056K), 0.0781470 secs]
141832.870: [GC 2293167K->2238011K(2475008K), 0.1664630 secs]
141835.229: [GC 2333304K->2245909K(2476032K), 0.0909680 secs]
141842.209: [GC 2341205K->2248545K(2476864K), 0.1160620 secs]
141845.414: [GC 2347745K->2273532K(2477056K), 0.1331420 secs]
141845.548: [GC 2274151K->2273518K(2477120K), 0.1478150 secs]
141845.696: [Full GC 2273518K->2162318K(2477120K), 2.8873120 secs]
141849.987: [GC 2257678K->2189696K(2409280K), 0.1291490 secs]
141860.615: [GC 2285056K->2177067K(2472768K), 0.0882650 secs]
141870.058: [GC 2271979K->2179848K(2473216K), 0.0708220 secs]
141874.638: [GC 2259791K->2181874K(2478272K), 0.0683460 secs]
141877.291: [GC 2284850K->2211386K(2419200K), 0.0949630 secs]
141881.038: [GC 2314362K->2227216K(2481728K), 0.0921800 secs]
141885.673: [GC 2338192K->2252304K(2478016K), 0.1442680 secs]
141899.686: [GC 2363226K->2254628K(2483712K), 0.1003030 secs]
141899.787: [Full GC 2254628K->1116694K(2460352K), 1.7893550 secs]
141903.034: [GC 1238472K->1224741K(2459584K), 0.1026050 secs]
141913.121: [GC 1346533K->1277590K(2468096K), 0.1270700 secs]
141915.974: [GC 1397950K->1334760K(2443456K), 0.1427480 secs]
141919.588: [GC 1457516K->1333097K(2467264K), 0.0985850 secs]
141924.278: [GC 1450025K->1357681K(2383232K), 0.0899450 secs]
141926.407: [GC 1474609K->1386771K(2463872K), 0.0635460 secs]
141947.265: [GC 1506835K->1386501K(2460736K), 0.0797670 secs]
141953.177: [GC 1500723K->1391973K(2466112K), 0.1131150 secs]
141954.340: [GC 1528244K->1450656K(2464448K), 0.1281740 secs]
141958.328: [GC 1579168K->1453123K(2464512K), 0.1337440 secs]
141970.941: [GC 1568255K->1451925K(2420928K), 0.0815160 secs]
141979.561: [GC 1568789K->1468751K(2464640K), 0.1187630 secs]
141989.589: [GC 1577788K->1465662K(2462016K), 0.0818810 secs]
141992.757: [GC 1585150K->1491319K(2464640K), 0.1250140 secs]
141995.941: [GC 1615607K->1518359K(2458880K), 0.1237440 secs]
142009.307: [GC 1642647K->1520487K(2445568K), 0.1305070 secs]
142014.284: [GC 1615783K->1534957K(2453696K), 0.1645860 secs]
142024.286: [GC 1630253K->1539127K(2453696K), 0.1615830 secs]
142027.052: [GC 1634416K->1565180K(2453696K), 0.1692600 secs]
142028.094: [GC 1659795K->1595590K(2453696K), 0.1365380 secs]
142030.753: [GC 1740576K->1631654K(2453696K), 0.1378750 secs]
142032.270: [GC 1733841K->1666132K(2453696K), 0.0907960 secs]
142034.872: [GC 1761428K->1660756K(2453696K), 0.0677870 secs]
142043.324: [GC 1756052K->1663067K(2453696K), 0.0490900 secs]
142052.815: [GC 1758363K->1665965K(2453696K), 0.0733000 secs]
142060.875: [GC 1759005K->1682196K(2453696K), 0.1216840 secs]
142068.369: [GC 1777492K->1685003K(2453696K), 0.0729910 secs]
142070.805: [GC 1772956K->1716034K(2446016K), 0.1310810 secs]
142075.798: [GC 1792113K->1710251K(2449856K), 0.1004210 secs]
142078.366: [GC 1805547K->1746281K(2445440K), 0.1292360 secs]
142092.976: [GC 1843113K->1740990K(2452288K), 0.1262710 secs]
142103.770: [GC 1837822K->1744248K(2446400K), 0.1646870 secs]
142107.805: [GC 1848948K->1792915K(2450752K), 0.1668900 secs]
142109.859: [GC 1898018K->1800231K(2450880K), 0.1119810 secs]
142114.882: [GC 1900903K->1799971K(2426368K), 0.1293800 secs]
142119.189: [GC 1900643K->1829683K(2453696K), 0.2187000 secs]
142123.261: [GC 1924979K->1831631K(2453696K), 0.1968560 secs]
142137.657: [GC 1926927K->1828780K(2453696K), 0.1361380 secs]
142142.942: [GC 1915426K->1831255K(2453696K), 0.1267530 secs]
142145.723: [GC 1926551K->1879901K(2453696K), 0.1236420 secs]
142152.141: [GC 1975197K->1872285K(2453696K), 0.0891590 secs]
142158.822: [GC 1966736K->1877416K(2453696K), 0.0739220 secs]
142160.039: [GC 1965031K->1940060K(2453696K), 0.1176600 secs]
142162.573: [GC 2035356K->1930171K(2453696K), 0.1030170 secs]
142169.378: [GC 2025467K->1938288K(2453696K), 0.0773250 secs]
142175.921: [GC 2029862K->1944883K(2453696K), 0.1156700 secs]
142176.808: [GC 2040165K->2042454K(2453696K), 0.1681800 secs]
142178.621: [GC 2147434K->2117605K(2453696K), 0.1356580 secs]
142182.000: [GC 2212901K->2118420K(2360704K), 0.0602860 secs]
142189.545: [GC 2213716K->2134144K(2457728K), 0.0710510 secs]
142196.111: [GC 2233306K->2138146K(2367360K), 0.0794900 secs]
142198.274: [GC 2238242K->2202899K(2444032K), 0.1326960 secs]
142202.529: [GC 2290399K->2188187K(2452032K), 0.1276950 secs]
142212.614: [GC 2281819K->2179822K(2446208K), 0.0930630 secs]
142215.165: [GC 2275920K->2203750K(2451584K), 0.0886610 secs]
142223.514: [GC 2303782K->2204186K(2443584K), 0.1504980 secs]
142230.574: [GC 2310326K->2220936K(2449600K), 0.1548670 secs]
142233.623: [GC 2329926K->2249600K(2447360K), 0.1407540 secs]
142242.021: [GC 2355008K->2251632K(2442688K), 0.1459900 secs]
142248.288: [GC 2357040K->2279680K(2453696K), 0.1574350 secs]
142248.445: [Full GC 2279680K->1952532K(2477056K), 1.6636520 secs]
142252.612: [GC 2047828K->1977756K(2477056K), 0.1288830 secs]
142262.250: [GC 2073052K->1979916K(2470016K), 0.1295890 secs]
142266.127: [GC 2075205K->2009264K(2473536K), 0.1307910 secs]
142271.754: [GC 2104560K->2008738K(2473408K), 0.0986190 secs]
142279.089: [GC 2108891K->2026392K(2475904K), 0.1260950 secs]
142282.768: [GC 2126552K->2039740K(2475264K), 0.1372160 secs]
142286.183: [GC 2135632K->2071238K(2478912K), 0.1827990 secs]
142298.227: [GC 2171270K->2061816K(2475200K), 0.1502810 secs]
142300.352: [GC 2156100K->2089800K(2477056K), 0.1663120 secs]
142308.521: [GC 2185096K->2113575K(2477056K), 0.1710600 secs]
142316.054: [GC 2206697K->2157564K(2477056K), 0.1622510 secs]
142321.383: [GC 2235365K->2159795K(2477056K), 0.0775630 secs]
142323.630: [GC 2255091K->2184981K(2477056K), 0.0958270 secs]
142327.751: [GC 2280277K->2196981K(2474496K), 0.0776570 secs]
142336.507: [GC 2270347K->2198468K(2475776K), 0.0791430 secs]
142339.077: [GC 2293764K->2227496K(2466240K), 0.1450990 secs]
142348.322: [GC 2325544K->2256878K(2472384K), 0.1452250 secs]
142348.467: [Full GC 2256878K->1493516K(2472384K), 2.1833170 secs]
142356.364: [GC 1591564K->1497812K(2476672K), 0.0586890 secs]
142357.197: [GC 1612107K->1560331K(2478976K), 0.0771200 secs]
142363.006: [GC 1667403K->1552260K(2483072K), 0.0801420 secs]
142372.135: [GC 1658564K->1570990K(2396928K), 0.0965400 secs]
142374.905: [GC 1677294K->1600617K(2484416K), 0.0722010 secs]
142386.161: [GC 1712489K->1601550K(2480256K), 0.1075210 secs]
142391.694: [GC 1713411K->1626961K(2484480K), 0.0823120 secs]
142401.501: [GC 1748753K->1628286K(2484608K), 0.0975930 secs]
142408.551: [GC 1750078K->1644532K(2488320K), 0.1064390 secs]
142412.477: [GC 1773300K->1681568K(2483584K), 0.1284350 secs]
142423.049: [GC 1810333K->1667503K(2480000K), 0.0990830 secs]
142425.094: [GC 1774703K->1697972K(2478400K), 0.1400360 secs]
142428.455: [GC 1805167K->1721918K(2475712K), 0.1486310 secs]
142435.558: [GC 1817214K->1721999K(2477056K), 0.1519180 secs]
142444.811: [GC 1815720K->1724280K(2477056K), 0.1760410 secs]
142447.764: [GC 1812651K->1763327K(2477056K), 0.1455270 secs]
142449.927: [GC 1858623K->1792747K(2477056K), 0.0952290 secs]
142456.981: [GC 1883219K->1804449K(2477056K), 0.1281800 secs]
142462.969: [GC 1884969K->1805206K(2477056K), 0.0557130 secs]
142466.512: [GC 1900502K->1853716K(2477056K), 0.0941250 secs]
142477.315: [GC 1949012K->1855758K(2477056K), 0.1115110 secs]
142483.830: [GC 1949045K->1860959K(2477056K), 0.0766710 secs]
142485.327: [GC 1956171K->1915103K(2477056K), 0.1088530 secs]
142488.430: [GC 2010399K->1931346K(2477056K), 0.1609050 secs]
142496.221: [GC 2026642K->1934506K(2477056K), 0.0831120 secs]
142498.653: [GC 2029802K->1982196K(2477056K), 0.1028750 secs]
142508.190: [GC 2077489K->1994510K(2477056K), 0.1068970 secs]
142515.343: [GC 2089806K->1997374K(2385280K), 0.1333350 secs]
142520.167: [GC 2072361K->1998843K(2477760K), 0.0794990 secs]
142522.120: [GC 2096379K->2027167K(2414528K), 0.0797700 secs]
142529.514: [GC 2124703K->2030371K(2476480K), 0.0832680 secs]
142532.412: [GC 2114281K->2045385K(2473920K), 0.0886020 secs]
142535.777: [GC 2149577K->2098317K(2486016K), 0.1675160 secs]
142544.843: [GC 2212490K->2109567K(2438848K), 0.1096860 secs]
142553.108: [GC 2223743K->2110126K(2486912K), 0.1083910 secs]
142556.147: [GC 2223284K->2173730K(2482304K), 0.2043760 secs]
142564.537: [GC 2291106K->2139811K(2484224K), 0.1147030 secs]
142568.196: [GC 2246990K->2172199K(2430016K), 0.1300580 secs]
142573.846: [GC 2279901K->2178439K(2479424K), 0.0906930 secs]
142585.339: [GC 2288007K->2182473K(2477568K), 0.0873050 secs]
142592.880: [GC 2290954K->2193557K(2480640K), 0.0862840 secs]
142594.907: [GC 2305807K->2257001K(2484032K), 0.1307860 secs]
142602.214: [GC 2374547K->2223686K(2488128K), 0.1479460 secs]
142605.383: [GC 2339654K->2276291K(2431296K), 0.2051210 secs]
142605.588: [Full GC 2276291K->2022461K(2431296K), 2.7385170 secs]
142617.497: [GC 2134336K->2060750K(2484288K), 0.1094600 secs]
142628.399: [GC 2180878K->2045814K(2482176K), 0.0897760 secs]
142634.813: [GC 2165942K->2070629K(2484736K), 0.0993860 secs]
142638.648: [GC 2202725K->2095474K(2489792K), 0.1202360 secs]
142640.759: [GC 2227563K->2142675K(2496960K), 0.1121820 secs]
142650.257: [GC 2285523K->2152700K(2500032K), 0.0992020 secs]
142660.488: [GC 2295548K->2169505K(2497344K), 0.1128230 secs]
142670.847: [GC 2310825K->2176304K(2499136K), 0.1008730 secs]
142676.566: [GC 2320048K->2201416K(2499456K), 0.0937630 secs]
142685.457: [GC 2350216K->2226056K(2492352K), 0.1226260 secs]
142699.588: [GC 2374856K->2248075K(2487616K), 0.1393490 secs]
142707.611: [GC 2375243K->2273497K(2467200K), 0.1539540 secs]
142707.765: [Full GC 2273497K->1281014K(2467200K), 1.9880360 secs]
142715.077: [GC 1408182K->1285143K(2489280K), 0.0655640 secs]
142721.574: [GC 1405271K->1306970K(2432640K), 0.0614010 secs]
142737.489: [GC 1427098K->1311623K(2488768K), 0.1077660 secs]
142745.637: [GC 1436679K->1328837K(2485312K), 0.1530900 secs]
142748.993: [GC 1452676K->1358848K(2488640K), 0.1276130 secs]
142752.636: [GC 1485120K->1391780K(2485504K), 0.1766790 secs]
142767.224: [GC 1518052K->1374989K(2477440K), 0.1052500 secs]
142777.116: [GC 1479117K->1377197K(2448832K), 0.1401870 secs]
142784.033: [GC 1481325K->1393126K(2474304K), 0.1372240 secs]
142788.688: [GC 1485019K->1396670K(2477056K), 0.1693170 secs]
142789.561: [GC 1491955K->1447229K(2477056K), 0.1700130 secs]
142791.840: [GC 1542525K->1449530K(2477056K), 0.1389880 secs]
142804.657: [GC 1544826K->1439694K(2477056K), 0.1258530 secs]
142814.006: [GC 1534990K->1441926K(2477056K), 0.1702600 secs]
142823.021: [GC 1537222K->1446826K(2477056K), 0.1254880 secs]
142824.341: [GC 1542112K->1489238K(2477056K), 0.0793660 secs]
142827.424: [GC 1584534K->1485973K(2477056K), 0.1280110 secs]
142828.851: [GC 1575604K->1514112K(2410816K), 0.1086490 secs]
142835.621: [GC 1609408K->1543976K(2475008K), 0.1453790 secs]
142850.526: [GC 1638248K->1547381K(2476032K), 0.0771880 secs]
142858.841: [GC 1641653K->1550258K(2477056K), 0.0640480 secs]
142861.624: [GC 1645554K->1574753K(2406720K), 0.0913180 secs]
142866.383: [GC 1669562K->1605947K(2479808K), 0.1033370 secs]
142869.702: [GC 1706864K->1647536K(2474880K), 0.0939610 secs]
142877.626: [GC 1748464K->1622898K(2481472K), 0.0839950 secs]
142890.191: [GC 1727282K->1626757K(2395200K), 0.0990730 secs]
142895.555: [GC 1731137K->1650656K(2484352K), 0.0671890 secs]
142899.556: [GC 1760864K->1653349K(2427584K), 0.0959470 secs]
142905.287: [GC 1763561K->1692710K(2469632K), 0.1073520 secs]
142906.676: [GC 1789822K->1710679K(2478784K), 0.1605950 secs]
142908.409: [GC 1814325K->1731052K(2475328K), 0.1376890 secs]
142916.755: [GC 1826348K->1725092K(2477056K), 0.1583720 secs]
142930.465: [GC 1820388K->1753340K(2477056K), 0.1519610 secs]
142932.877: [GC 1848636K->1777531K(2477056K), 0.0980690 secs]
142942.625: [GC 1872827K->1780391K(2477056K), 0.0725220 secs]
142947.710: [GC 1875687K->1811138K(2477056K), 0.0758860 secs]
142951.218: [GC 1906424K->1825011K(2476672K), 0.0762120 secs]
142956.689: [GC 1920307K->1854220K(2476864K), 0.1072940 secs]
142958.594: [GC 1949516K->1883905K(2465472K), 0.1533920 secs]
142967.349: [GC 1980027K->1907673K(2471232K), 0.0916000 secs]
142972.005: [GC 2003801K->1933009K(2476416K), 0.1116930 secs]
142986.682: [GC 2040145K->1936029K(2477120K), 0.0652940 secs]
142992.687: [GC 2038461K->1967043K(2479744K), 0.1195540 secs]
142995.177: [GC 2084995K->1980577K(2483136K), 0.0854020 secs]
143003.084: [GC 2096856K->1984798K(2488768K), 0.1521620 secs]
143013.249: [GC 2115102K->2008139K(2490112K), 0.1474170 secs]
143026.356: [GC 2138443K->2014916K(2495872K), 0.1219270 secs]
143030.391: [GC 2151671K->2041776K(2495744K), 0.0979330 secs]
143033.490: [GC 2183920K->2084969K(2497408K), 0.1973670 secs]
143039.640: [GC 2228900K->2109376K(2456576K), 0.1197020 secs]
143052.392: [GC 2253312K->2107979K(2500608K), 0.0883900 secs]
143061.612: [GC 2255627K->2134382K(2500864K), 0.1357720 secs]
143067.949: [GC 2282030K->2164976K(2503936K), 0.1252840 secs]
143077.097: [GC 2310379K->2166626K(2502656K), 0.1107890 secs]
143078.626: [GC 2320546K->2232078K(2500928K), 0.1272440 secs]
143090.807: [GC 2384462K->2234725K(2505600K), 0.1117890 secs]
143090.919: [Full GC 2234725K->2068967K(2505600K), 1.5424100 secs]
143105.861: [GC 2221347K->2100667K(2502848K), 0.0984140 secs]
143115.285: [GC 2253755K->2104299K(2504576K), 0.1260650 secs]
143119.080: [GC 2257385K->2156403K(2493312K), 0.1097590 secs]
143124.370: [GC 2299315K->2194731K(2500864K), 0.1500950 secs]
143141.009: [GC 2334408K->2198080K(2495680K), 0.0680610 secs]
143147.011: [GC 2337560K->2237138K(2499840K), 0.0906970 secs]
143151.190: [GC 2376401K->2285890K(2487296K), 0.1263150 secs]
143151.316: [Full GC 2285890K->1126466K(2487296K), 1.8325280 secs]
143163.027: [GC 1257473K->1166899K(2494912K), 0.0895000 secs]
143171.579: [GC 1297896K->1183175K(2483968K), 0.0883100 secs]
143184.214: [GC 1303431K->1182579K(2462912K), 0.1712780 secs]
143187.672: [GC 1302835K->1212607K(2468544K), 0.1480830 secs]
143189.802: [GC 1307900K->1237359K(2477056K), 0.2067180 secs]
143195.215: [GC 1332655K->1234516K(2477056K), 0.0822430 secs]
143204.553: [GC 1329811K->1251056K(2477056K), 0.0738190 secs]
143215.212: [GC 1346352K->1255204K(2477056K), 0.1346570 secs]
143223.990: [GC 1350065K->1254808K(2385600K), 0.0764020 secs]
143225.326: [GC 1350104K->1318904K(2475904K), 0.0903450 secs]
143226.868: [GC 1413624K->1330709K(2476480K), 0.0985980 secs]
143229.450: [GC 1425429K->1359929K(2465984K), 0.0823300 secs]
143238.173: [GC 1455417K->1389281K(2471616K), 0.1337390 secs]
143253.208: [GC 1480091K->1405216K(2473344K), 0.0587340 secs]
143261.455: [GC 1509875K->1410242K(2478080K), 0.0697380 secs]
143263.377: [GC 1516226K->1434876K(2475136K), 0.0812940 secs]
143266.494: [GC 1551094K->1464723K(2481152K), 0.1223000 secs]
143278.786: [GC 1580947K->1466151K(2487168K), 0.0807850 secs]
143292.247: [GC 1594849K->1483326K(2489216K), 0.0959000 secs]
143297.625: [GC 1612030K->1509018K(2491200K), 0.0918360 secs]
143297.718: [GC 1509927K->1509024K(2493824K), 0.0543860 secs]
143299.282: [GC 1650080K->1552681K(2498816K), 0.1045640 secs]
143306.167: [GC 1698783K->1597397K(2492800K), 0.1287800 secs]
143321.673: [GC 1743509K->1570854K(2494784K), 0.1233480 secs]
143333.593: [GC 1700518K->1575379K(2422272K), 0.1130540 secs]
143334.929: [GC 1705853K->1658731K(2481472K), 0.1073120 secs]
143343.046: [GC 1778032K->1689614K(2489088K), 0.1513570 secs]
143346.413: [GC 1808974K->1719129K(2480128K), 0.0911120 secs]
143358.628: [GC 1840015K->1748400K(2485376K), 0.0934970 secs]
143367.524: [GC 1869295K->1751221K(2490048K), 0.0863010 secs]
143372.710: [GC 1884341K->1777248K(2493184K), 0.0843340 secs]
143378.968: [GC 1910363K->1799075K(2490368K), 0.1152090 secs]
143380.604: [GC 1938544K->1861852K(2494208K), 0.1126170 secs]
143398.594: [GC 2004380K->1854796K(2496832K), 0.0863260 secs]
143407.629: [GC 1977896K->1858005K(2424832K), 0.0578730 secs]
143412.595: [GC 1992533K->1885067K(2498688K), 0.0841520 secs]
143417.307: [GC 2023179K->1913910K(2495104K), 0.1000120 secs]
143419.249: [GC 2052583K->1962863K(2491456K), 0.1355960 secs]
143433.298: [GC 2099439K->2010243K(2496128K), 0.1369110 secs]
143443.393: [GC 2146809K->2037386K(2491840K), 0.1020030 secs]
143451.612: [GC 2177224K->2040807K(2495680K), 0.0948540 secs]
143458.186: [GC 2207159K->2097099K(2498880K), 0.0883060 secs]
143461.847: [GC 2245899K->2116990K(2486016K), 0.1014670 secs]
143479.847: [GC 2253132K->2118409K(2504064K), 0.1662100 secs]
143487.589: [GC 2263753K->2143486K(2500096K), 0.1259520 secs]
143493.466: [GC 2288601K->2176495K(2484992K), 0.1302440 secs]
143498.917: [GC 2303023K->2198475K(2472000K), 0.1754820 secs]
143510.733: [GC 2325003K->2217855K(2466944K), 0.1436710 secs]
143512.663: [GC 2313151K->2281064K(2477056K), 0.2011540 secs]
143517.201: [GC 2376359K->2270513K(2477056K), 0.1310810 secs]
143517.332: [Full GC 2270513K->1960910K(2477056K), 2.7319220 secs]
143526.147: [GC 2056206K->1963726K(2477056K), 0.0588960 secs]
143534.889: [GC 2059022K->1992350K(2477056K), 0.0851290 secs]
143538.650: [GC 2087646K->1995225K(2477056K), 0.0792960 secs]
143548.960: [GC 2090521K->1997865K(2477056K), 0.0689660 secs]
143554.638: [GC 2075194K->1999555K(2477056K), 0.0658880 secs]
143555.350: [GC 2094854K->2049913K(2477056K), 0.1247750 secs]
143560.655: [GC 2145209K->2067715K(2477056K), 0.1299880 secs]
143569.481: [GC 2159956K->2069137K(2477056K), 0.0514650 secs]
143571.693: [GC 2146305K->2122253K(2477056K), 0.1017900 secs]
143572.400: [GC 2212662K->2138268K(2477056K), 0.1009620 secs]
143580.062: [GC 2233564K->2125509K(2477056K), 0.0810800 secs]
143588.412: [GC 2220805K->2128467K(2474368K), 0.0866270 secs]
143590.662: [GC 2223709K->2159937K(2413888K), 0.1033290 secs]
143595.576: [GC 2255229K->2196543K(2479104K), 0.1497200 secs]
143606.638: [GC 2301311K->2201443K(2475328K), 0.1020010 secs]
143612.993: [GC 2306201K->2253250K(2475904K), 0.0912200 secs]
143619.109: [GC 2360898K->2255064K(2482176K), 0.1255790 secs]
143619.235: [Full GC 2255064K->1495951K(2482176K), 2.2159550 secs]
143627.551: [GC 1603599K->1501379K(2476544K), 0.0840580 secs]
143631.683: [GC 1607038K->1530493K(2481408K), 0.0812850 secs]
143634.109: [GC 1642237K->1555825K(2478848K), 0.1093990 secs]
143640.738: [GC 1678897K->1599848K(2484352K), 0.1554430 secs]
143650.837: [GC 1722920K->1604134K(2488448K), 0.0767350 secs]
143654.914: [GC 1740454K->1631197K(2491200K), 0.0783340 secs]
143667.055: [GC 1766388K->1636984K(2497984K), 0.1057770 secs]
143673.390: [GC 1786744K->1661325K(2500800K), 0.0994930 secs]
143684.267: [GC 1811085K->1713885K(2505344K), 0.1479620 secs]
143695.562: [GC 1872285K->1735916K(2497728K), 0.1767830 secs]
143700.797: [GC 1894316K->1764412K(2484864K), 0.1725150 secs]
143707.031: [GC 1892565K->1785577K(2468480K), 0.1392800 secs]
143724.462: [GC 1914409K->1787834K(2490304K), 0.1122230 secs]
143730.253: [GC 1909167K->1819061K(2439168K), 0.1041360 secs]
143732.753: [GC 1937145K->1866898K(2483136K), 0.1511710 secs]
143740.932: [GC 1984071K->1843213K(2485440K), 0.0951160 secs]
143744.653: [GC 1962253K->1869190K(2482048K), 0.1092650 secs]
143760.309: [GC 1995590K->1871290K(2487424K), 0.1182830 secs]
143764.800: [GC 1997095K->1906776K(2496192K), 0.0872960 secs]
143769.894: [GC 2044248K->1928913K(2454080K), 0.0978280 secs]
143774.577: [GC 2066385K->1952131K(2500288K), 0.0975790 secs]
143774.675: [GC 1952590K->1952160K(2496640K), 0.0792420 secs]
143781.768: [GC 2096032K->1977468K(2501376K), 0.1190460 secs]
143797.941: [GC 2130108K->1976304K(2502208K), 0.0848450 secs]
143804.564: [GC 2128944K->2015960K(2503936K), 0.0800980 secs]
143810.118: [GC 2163512K->2045315K(2479552K), 0.1208970 secs]
143816.229: [GC 2199483K->2062835K(2508800K), 0.1324910 secs]
143824.756: [GC 2217905K->2105795K(2462848K), 0.1290460 secs]
143843.578: [GC 2260867K->2126694K(2501568K), 0.1372820 secs]
143850.519: [GC 2281318K->2157588K(2502016K), 0.1078500 secs]
143858.497: [GC 2312212K->2206448K(2499072K), 0.1474590 secs]
143864.526: [GC 2358704K->2211942K(2505536K), 0.1640420 secs]
143876.089: [GC 2364198K->2234070K(2496640K), 0.1345450 secs]
143887.950: [GC 2388946K->2261719K(2502400K), 0.1150460 secs]
143888.065: [Full GC 2261719K->2120652K(2502400K), 1.4305280 secs]
143897.081: [GC 2268968K->2125328K(2510144K), 0.0854450 secs]
143905.331: [GC 2290900K->2148858K(2511808K), 0.1510390 secs]
143913.792: [GC 2314810K->2224632K(2504064K), 0.1728240 secs]
143928.818: [GC 2385592K->2218653K(2449536K), 0.0878170 secs]
143928.906: [Full GC 2218653K->1095943K(2422144K), 1.8193400 secs]
143934.334: [GC 1248384K->1130019K(2482112K), 0.0608420 secs]
143936.044: [GC 1290879K->1182357K(2481024K), 0.1010980 secs]
143951.454: [GC 1342229K->1200302K(2464128K), 0.1102100 secs]
143958.262: [GC 1341414K->1276076K(2457472K), 0.0898540 secs]
143971.713: [GC 1417196K->1271231K(2458944K), 0.0955220 secs]
143979.529: [GC 1374236K->1270371K(2431424K), 0.1066390 secs]
143982.058: [GC 1391139K->1300941K(2439104K), 0.1349330 secs]
143983.869: [GC 1396237K->1323704K(2449664K), 0.1615000 secs]
143991.131: [GC 1419000K->1350612K(2448384K), 0.1551490 secs]
144001.952: [GC 1445908K->1356263K(2449024K), 0.0875520 secs]
144002.709: [GC 1451568K->1400571K(2447168K), 0.0696220 secs]
144011.139: [GC 1497083K->1430069K(2448704K), 0.1024490 secs]
144016.487: [GC 1526295K->1434911K(2449920K), 0.0629380 secs]
144017.948: [GC 1533964K->1491210K(2415040K), 0.1017560 secs]
144020.003: [GC 1583246K->1519768K(2449664K), 0.1111970 secs]
144034.371: [GC 1615064K->1489346K(2449664K), 0.0741580 secs]
144045.099: [GC 1584642K->1492865K(2449664K), 0.0954120 secs]
144049.417: [GC 1572291K->1494181K(2357376K), 0.0575530 secs]
144051.079: [GC 1582200K->1534403K(2449728K), 0.0853360 secs]
144051.669: [GC 1626474K->1585683K(2448128K), 0.1057120 secs]
144054.059: [GC 1682579K->1615453K(2451264K), 0.1158470 secs]
144068.894: [GC 1714077K->1616752K(2360832K), 0.0621140 secs]
144075.855: [GC 1715377K->1646921K(2453760K), 0.0769570 secs]
144075.933: [GC 1647380K->1646893K(2449088K), 0.0617210 secs]
144080.606: [GC 1751021K->1650736K(2455552K), 0.0840800 secs]
144084.186: [GC 1762928K->1675758K(2452800K), 0.0830200 secs]
144089.582: [GC 1777180K->1678568K(2458752K), 0.0856960 secs]
144093.041: [GC 1793837K->1735294K(2456256K), 0.1039110 secs]
144102.054: [GC 1857854K->1729981K(2464512K), 0.1307830 secs]
144113.050: [GC 1855928K->1751531K(2410048K), 0.0716060 secs]
144120.565: [GC 1869208K->1753868K(2462016K), 0.1299980 secs]
144124.779: [GC 1884620K->1784028K(2460608K), 0.1079500 secs]
144129.197: [GC 1914780K->1812669K(2472064K), 0.0969850 secs]
144137.841: [GC 1957693K->1835464K(2471232K), 0.1621880 secs]
144144.084: [GC 1979253K->1889023K(2472448K), 0.1504860 secs]
144157.826: [GC 2039679K->1885095K(2472576K), 0.0851150 secs]
144165.530: [GC 2011514K->1887851K(2480384K), 0.0899860 secs]
144171.962: [GC 2048491K->1916438K(2481088K), 0.1023120 secs]
144180.711: [GC 2077076K->1947890K(2462016K), 0.1143220 secs]
144184.546: [GC 2089906K->1997118K(2473024K), 0.1669920 secs]
144201.490: [GC 2139134K->2002736K(2466816K), 0.1157450 secs]
144209.463: [GC 2148271K->2057211K(2466304K), 0.1120750 secs]
144220.931: [GC 2203259K->2030955K(2470656K), 0.1057780 secs]
144228.460: [GC 2155325K->2035276K(2433536K), 0.1263050 secs]
144233.363: [GC 2170444K->2063373K(2451776K), 0.1778440 secs]
144237.823: [GC 2182221K->2103435K(2454464K), 0.1753650 secs]
144245.781: [GC 2222283K->2086582K(2454848K), 0.1831480 secs]
144248.749: [GC 2191857K->2116486K(2419712K), 0.1731940 secs]
144252.071: [GC 2221431K->2118457K(2457792K), 0.1243770 secs]
144262.542: [GC 2225529K->2118732K(2453312K), 0.1177040 secs]
144270.532: [GC 2225804K->2119524K(2454208K), 0.0681730 secs]
144275.368: [GC 2226724K->2149909K(2397184K), 0.1392390 secs]
144280.026: [GC 2257061K->2179318K(2451776K), 0.1187260 secs]
144282.457: [GC 2289718K->2200896K(2451520K), 0.0887880 secs]
144286.262: [GC 2311288K->2229889K(2451520K), 0.0942520 secs]
144286.357: [Full GC 2229889K->1892777K(2478912K), 2.6548620 secs]
144295.425: [GC 2015273K->1896152K(2482368K), 0.1082970 secs]
144310.038: [GC 2018648K->1898959K(2490816K), 0.0683730 secs]
144319.187: [GC 2033679K->1900920K(2493248K), 0.0874160 secs]
144325.805: [GC 2035640K->1923496K(2493376K), 0.0926720 secs]
144329.576: [GC 2066792K->1950900K(2497280K), 0.1270910 secs]
144331.774: [GC 2094196K->2002362K(2484864K), 0.1841160 secs]
144339.609: [GC 2125946K->1984349K(2491200K), 0.1632660 secs]
144352.012: [GC 2107933K->1985388K(2487104K), 0.1154030 secs]
144361.607: [GC 2111532K->1988090K(2490432K), 0.0844380 secs]
144368.521: [GC 2114234K->1993530K(2488896K), 0.1215190 secs]
144370.915: [GC 2125315K->2070277K(2489344K), 0.1391740 secs]
144378.982: [GC 2202053K->2051043K(2485120K), 0.1114980 secs]
144385.212: [GC 2161466K->2054233K(2407360K), 0.0754660 secs]
144387.597: [GC 2153265K->2069152K(2491264K), 0.0981490 secs]
144388.814: [GC 2191467K->2148997K(2486720K), 0.1300650 secs]
144395.502: [GC 2271301K->2178507K(2490560K), 0.1232700 secs]
144401.036: [GC 2298573K->2196163K(2425664K), 0.0771040 secs]
144407.578: [GC 2316291K->2192297K(2485632K), 0.0953440 secs]
144414.649: [GC 2314793K->2195318K(2483264K), 0.0856740 secs]
144417.468: [GC 2321795K->2260888K(2481536K), 0.1166900 secs]
144425.304: [GC 2384344K->2233204K(2491136K), 0.0797340 secs]
144425.384: [Full GC 2233204K->1525207K(2491136K), 2.1117990 secs]
144435.475: [GC 1648663K->1530327K(2482816K), 0.0692120 secs]
144442.406: [GC 1656336K->1560124K(2488256K), 0.0888020 secs]
144448.254: [GC 1686140K->1563306K(2490496K), 0.1035250 secs]
144456.005: [GC 1698858K->1567739K(2494144K), 0.0843580 secs]
144459.285: [GC 1703291K->1597297K(2499584K), 0.1229970 secs]
144465.517: [GC 1741233K->1637913K(2448768K), 0.1344900 secs]
144477.958: [GC 1781849K->1642220K(2500736K), 0.0819140 secs]
144490.346: [GC 1790764K->1645780K(2498368K), 0.0820340 secs]
144495.144: [GC 1794322K->1676232K(2500800K), 0.1158650 secs]
144499.212: [GC 1829832K->1705108K(2501632K), 0.1516130 secs]
144506.869: [GC 1858701K->1748096K(2501376K), 0.1381050 secs]
144516.189: [GC 1892288K->1752122K(2436416K), 0.0923200 secs]
144527.440: [GC 1896314K->1751521K(2501888K), 0.0533200 secs]
144534.751: [GC 1882314K->1752744K(2499840K), 0.0721280 secs]
144538.775: [GC 1899112K->1783588K(2498560K), 0.1426940 secs]
144547.003: [GC 1931108K->1796928K(2482304K), 0.1632870 secs]
144557.811: [GC 1944448K->1800932K(2489344K), 0.1264200 secs]
144569.671: [GC 1931172K->1800010K(2494528K), 0.0992190 secs]
144573.322: [GC 1930250K->1830211K(2489408K), 0.1361740 secs]
144580.306: [GC 1959683K->1832054K(2494144K), 0.1421530 secs]
144587.855: [GC 1961523K->1846943K(2485376K), 0.1197370 secs]
144597.206: [GC 1978527K->1849997K(2490816K), 0.1206430 secs]
144605.382: [GC 1981581K->1851877K(2497152K), 0.1303780 secs]
144610.036: [GC 1993401K->1879836K(2498880K), 0.1045320 secs]
144618.132: [GC 2023580K->1883871K(2501440K), 0.0991260 secs]
144627.605: [GC 2033311K->1886354K(2502976K), 0.1399270 secs]
144636.018: [GC 2035672K->1902235K(2497408K), 0.1240190 secs]
144645.004: [GC 2054939K->1906379K(2501632K), 0.1489370 secs]
144649.190: [GC 2059083K->1928804K(2502080K), 0.1291380 secs]
144660.035: [GC 2085028K->1930296K(2507520K), 0.1585690 secs]
144671.171: [GC 2086520K->1932361K(2504640K), 0.1169770 secs]
144678.341: [GC 2090057K->1947579K(2506816K), 0.1047030 secs]
144684.543: [GC 2105271K->1980061K(2498496K), 0.1376950 secs]
144692.082: [GC 2131805K->1979618K(2491264K), 0.1593220 secs]
144706.644: [GC 2131362K->1975848K(2497152K), 0.1233450 secs]
144716.837: [GC 2114920K->1978071K(2476160K), 0.1182430 secs]
144722.777: [GC 2096468K->1982896K(2490688K), 0.1458210 secs]
144726.279: [GC 2108158K->2008153K(2480512K), 0.1335470 secs]
144731.412: [GC 2136985K->2036086K(2478656K), 0.1985060 secs]
144739.801: [GC 2143798K->2039050K(2457600K), 0.1610570 secs]
144752.801: [GC 2146762K->2066873K(2478272K), 0.1578330 secs]
144760.863: [GC 2166777K->2041841K(2393536K), 0.1353150 secs]
144762.670: [GC 2140450K->2070649K(2480128K), 0.0966180 secs]
144766.778: [GC 2169145K->2074780K(2477184K), 0.1102280 secs]
144774.726: [GC 2173276K->2077465K(2478208K), 0.0740190 secs]
144777.039: [GC 2175837K->2104980K(2412864K), 0.1387730 secs]
144784.336: [GC 2203348K->2136947K(2474624K), 0.1310290 secs]
144792.627: [GC 2236403K->2133315K(2474176K), 0.0606010 secs]
144797.989: [GC 2227641K->2136067K(2481472K), 0.0884630 secs]
144800.738: [GC 2245955K->2193785K(2454720K), 0.1291050 secs]
144809.075: [GC 2303545K->2168561K(2482496K), 0.0934650 secs]
144811.375: [GC 2272497K->2192568K(2415296K), 0.1046900 secs]
144819.435: [GC 2296504K->2219302K(2476288K), 0.1201210 secs]
144826.082: [GC 2323373K->2222342K(2474176K), 0.0661410 secs]
144827.984: [GC 2328390K->2248783K(2480896K), 0.1188630 secs]
144835.139: [GC 2368399K->2252479K(2482112K), 0.1454470 secs]
144835.285: [Full GC 2252479K->1927150K(2482112K), 2.7070680 secs]
144840.908: [GC 2046758K->1985499K(2481472K), 0.1188330 secs]
144847.081: [GC 2106779K->1958639K(2490048K), 0.0858490 secs]
144860.151: [GC 2079917K->1960688K(2483264K), 0.0556090 secs]
144868.760: [GC 2083888K->1962145K(2487616K), 0.0857470 secs]
144875.906: [GC 2085345K->1967454K(2486016K), 0.0911160 secs]
144879.843: [GC 2100311K->1997603K(2490944K), 0.0841410 secs]
144882.408: [GC 2130467K->2023966K(2498368K), 0.1568100 secs]
144890.971: [GC 2166430K->2029580K(2499456K), 0.0951210 secs]
144901.685: [GC 2172044K->2033492K(2497920K), 0.1023140 secs]
144913.629: [GC 2181140K->2032318K(2499008K), 0.0917710 secs]
144919.263: [GC 2179966K->2067440K(2502528K), 0.0839480 secs]
144935.732: [GC 2221040K->2060727K(2506112K), 0.1265010 secs]
144954.670: [GC 2214327K->2061601K(2500096K), 0.0786250 secs]
144977.413: [GC 2217633K->2062952K(2503872K), 0.0780170 secs]
145000.607: [GC 2218984K->2064793K(2503808K), 0.0754090 secs]
145017.463: [GC 2230681K->2067529K(2507904K), 0.0939210 secs]
145039.481: [GC 2233417K->2069148K(2507008K), 0.0986810 secs]
145063.238: [GC 2245276K->2069903K(2511232K), 0.0619320 secs]
145089.334: [GC 2246031K->2071380K(2509248K), 0.0658830 secs]
145110.719: [GC 2256148K->2071369K(2513408K), 0.0885020 secs]
145132.218: [GC 2256137K->2071970K(2513728K), 0.0666010 secs]
145158.899: [GC 2264994K->2073977K(2516608K), 0.0800520 secs]
145186.493: [GC 2267001K->2074872K(2520640K), 0.0819180 secs]
145215.343: [GC 2275576K->2074957K(2521984K), 0.0885730 secs]
145243.568: [GC 2275661K->2077685K(2528640K), 0.1192770 secs]
145274.699: [GC 2286005K->2077823K(2528768K), 0.0841740 secs]
145291.921: [GC 2286143K->2102508K(2536320K), 0.0999870 secs]
145410.308: [GC 2318380K->2102144K(2536640K), 0.1272360 secs]
145429.378: [GC 2318016K->2129245K(2537792K), 0.1388690 secs]
145459.108: [GC 2346845K->2129379K(2522240K), 0.1163160 secs]
145488.050: [GC 2346979K->2131758K(2537856K), 0.0736670 secs]
145513.613: [GC 2350446K->2133160K(2537472K), 0.1125450 secs]
145540.195: [GC 2351848K->2134392K(2539264K), 0.1122130 secs]
145568.262: [GC 2356024K->2133305K(2538752K), 0.0912260 secs]
145594.196: [GC 2354937K->2134146K(2540544K), 0.0646280 secs]
145621.449: [GC 2359362K->2137306K(2540032K), 0.1298560 secs]
145650.023: [GC 2361738K->2138177K(2543488K), 0.1082200 secs]
145677.966: [GC 2367218K->2136133K(2543104K), 0.0688450 secs]
145703.409: [GC 2365317K->2138391K(2544064K), 0.0849140 secs]
145730.036: [GC 2369815K->2139091K(2543808K), 0.1265700 secs]
145756.564: [GC 2370515K->2139751K(2545920K), 0.1289330 secs]
145786.795: [GC 2374055K->2162654K(2545664K), 0.0901690 secs]
145857.335: [GC 2396954K->2203868K(2546816K), 0.1690580 secs]
145881.984: [GC 2440348K->2204290K(2546752K), 0.0831740 secs]
145911.648: [GC 2440770K->2207034K(2547776K), 0.0790420 secs]
145934.634: [GC 2445754K->2207757K(2547904K), 0.1081740 secs]
145963.371: [GC 2446477K->2209560K(2549376K), 0.1353560 secs]
145989.245: [GC 2450392K->2213415K(2549184K), 0.0981820 secs]
146015.745: [GC 2454247K->2229468K(2548928K), 0.1119410 secs]
146045.152: [GC 2469404K->2232073K(2547968K), 0.1497970 secs]
146074.507: [GC 2472009K->2233321K(2546816K), 0.0862740 secs]
146102.335: [GC 2469673K->2234773K(2545152K), 0.0844250 secs]
146132.484: [GC 2471125K->2233703K(2546688K), 0.0748410 secs]
146159.543: [GC 2468263K->2235252K(2546688K), 0.0960300 secs]
146187.945: [GC 2469812K->2240042K(2543616K), 0.0881370 secs]
146222.348: [GC 2471530K->2242676K(2544704K), 0.1749080 secs]
146246.776: [GC 2474164K->2264613K(2540096K), 0.1263720 secs]
146273.652: [GC 2490597K->2266244K(2538432K), 0.1568920 secs]
146299.542: [GC 2492228K->2269291K(2537728K), 0.1134680 secs]
146317.250: [GC 2489389K->2276849K(2539584K), 0.1304950 secs]
146333.140: [GC 2497201K->2294674K(2513856K), 0.1768740 secs]
146333.317: [Full GC 2294674K->266105K(1610496K), 1.4341650 secs]
146352.625: [GC 456543K->293404K(1623360K), 0.0444740 secs]
146365.231: [GC 487720K->303945K(1619840K), 0.0449620 secs]
146388.281: [GC 496521K->295609K(1622336K), 0.0608840 secs]
146408.751: [GC 472565K->298174K(1620992K), 0.0669150 secs]
146419.225: [GC 491838K->328664K(1621952K), 0.0941400 secs]
146436.239: [GC 517157K->348968K(1616704K), 0.0797030 secs]
146456.465: [GC 533568K->348616K(1619328K), 0.0508770 secs]
146467.267: [GC 535176K->366649K(1616576K), 0.0657900 secs]
146507.157: [GC 551274K->387041K(1618240K), 0.1054520 secs]
146520.295: [GC 574177K->416481K(1615104K), 0.0740010 secs]
146568.975: [GC 600571K->452639K(1617792K), 0.1098120 secs]
146610.926: [GC 637147K->444823K(1607680K), 0.0766890 secs]
146676.361: [GC 618199K->444879K(1598912K), 0.0853120 secs]
146761.413: [GC 618255K->445167K(1611200K), 0.0957770 secs]
146807.703: [GC 615737K->444935K(1596736K), 0.0702330 secs]
146839.865: [GC 616135K->468435K(1608704K), 0.0897190 secs]
146924.947: [GC 636563K->468976K(1598080K), 0.0784320 secs]
146987.435: [GC 637104K->468939K(1607680K), 0.0718150 secs]
147080.110: [GC 633483K->469531K(1594112K), 0.0668190 secs]
147142.437: [GC 633257K->488169K(1600000K), 0.0789390 secs]
147144.597: [GC 644009K->510301K(1594112K), 0.1273320 secs]
147156.916: [GC 656793K->510343K(1597760K), 0.0581070 secs]
147161.140: [GC 648798K->548647K(1595584K), 0.1314960 secs]
147161.764: [GC 695655K->568059K(1581504K), 0.1400930 secs]
147162.381: [GC 693051K->567826K(1577024K), 0.0632730 secs]
147170.202: [GC 692818K->500766K(1574272K), 0.0226320 secs]
147191.952: [GC 607198K->512121K(1501888K), 0.0420610 secs]
147202.639: [GC 618550K->530629K(1580736K), 0.0378020 secs]
147217.258: [GC 633632K->557335K(1577984K), 0.0897110 secs]
147235.045: [GC 653337K->560112K(1576448K), 0.0945330 secs]
147244.417: [GC 664106K->582382K(1569024K), 0.1236950 secs]
147254.963: [GC 686382K->594666K(1573696K), 0.1120400 secs]
147266.700: [GC 689955K->629277K(1573696K), 0.1477010 secs]
147276.734: [GC 724525K->637069K(1573696K), 0.1421750 secs]
147289.131: [GC 717181K->638542K(1573696K), 0.0436060 secs]
147292.970: [GC 733835K->674050K(1573696K), 0.0834560 secs]
147304.234: [GC 762591K->699090K(1573696K), 0.0802940 secs]
147318.526: [GC 794384K->702907K(1573440K), 0.0550670 secs]
147320.206: [GC 798203K->724596K(1511808K), 0.0752860 secs]
147330.288: [GC 819892K->712638K(1570304K), 0.0531960 secs]
147342.868: [GC 808702K->734826K(1569920K), 0.0459100 secs]
147353.306: [GC 830828K->764551K(1573312K), 0.0599500 secs]
147358.168: [GC 865051K->768044K(1575232K), 0.0406310 secs]
147367.787: [GC 873132K->790346K(1571648K), 0.0621070 secs]
147390.443: [GC 902602K->810406K(1577024K), 0.0766300 secs]
147392.269: [GC 922662K->821817K(1576960K), 0.0789990 secs]
147398.724: [GC 932985K->812543K(1581632K), 0.0788260 secs]
147400.450: [GC 923711K->829809K(1574848K), 0.0715360 secs]
147415.000: [GC 944241K->816593K(1578944K), 0.1041530 secs]
147428.852: [GC 931025K->797127K(1587520K), 0.0193740 secs]
147457.018: [GC 922567K->804123K(1588416K), 0.0438250 secs]
147517.552: [GC 929563K->799951K(1588288K), 0.0286110 secs]
147559.683: [GC 927439K->799927K(1588480K), 0.0208610 secs]
147590.357: [GC 927415K->800207K(1588480K), 0.0212790 secs]
147657.347: [GC 931296K->800175K(1589248K), 0.0214650 secs]
147711.388: [GC 931567K->802562K(1586624K), 0.0501580 secs]
147767.345: [GC 938839K->802266K(1589696K), 0.0246430 secs]
147795.425: [GC 939290K->825794K(1590208K), 0.0919100 secs]
147853.061: [GC 967938K->826178K(1590848K), 0.0478500 secs]
147923.784: [GC 968322K->826434K(1590784K), 0.0485740 secs]
147952.006: [GC 971176K->861180K(1592640K), 0.0794290 secs]
147994.982: [GC 1007228K->849448K(1584000K), 0.0686500 secs]
148053.325: [GC 975208K->849968K(1559616K), 0.0801680 secs]
148099.665: [GC 975728K->853106K(1577152K), 0.1489270 secs]
148100.220: [GC 963250K->852642K(1546688K), 0.1043480 secs]
148101.396: [GC 962786K->856485K(1571968K), 0.1272590 secs]
148134.678: [GC 954725K->853688K(1535488K), 0.1043110 secs]
148203.667: [GC 951928K->854315K(1574144K), 0.0973120 secs]
148230.114: [GC 945260K->877165K(1531008K), 0.0888550 secs]
148264.094: [GC 973293K->887994K(1577728K), 0.0782060 secs]
148279.472: [GC 988599K->951436K(1573248K), 0.1583810 secs]
148325.627: [GC 1052044K->920116K(1573696K), 0.0795210 secs]
148331.930: [GC 1015403K->958971K(1573696K), 0.1605830 secs]
148362.679: [GC 1054267K->982473K(1573696K), 0.1558850 secs]
148381.762: [GC 1077636K->1009572K(1573696K), 0.1101190 secs]
148383.399: [GC 1104868K->1014489K(1573696K), 0.0764440 secs]
148439.338: [GC 1109785K->983147K(1573696K), 0.0632480 secs]
148496.413: [GC 1078443K->983420K(1573696K), 0.0248580 secs]
148526.544: [GC 1078716K->983630K(1573696K), 0.0258340 secs]
148546.082: [GC 1074113K->983844K(1573696K), 0.0243940 secs]
148547.874: [GC 1079140K->1015456K(1573696K), 0.0704820 secs]
148571.127: [GC 1110692K->988729K(1573696K), 0.0483250 secs]
148635.376: [GC 1084025K->989329K(1573696K), 0.0242180 secs]
148671.689: [GC 1084625K->989451K(1573696K), 0.0238410 secs]
148712.096: [GC 1084746K->1012978K(1502336K), 0.0595280 secs]
148747.895: [GC 1107392K->1012871K(1568512K), 0.0458080 secs]
148820.006: [GC 1113543K->1013223K(1507904K), 0.0726990 secs]
148871.395: [GC 1113895K->1013543K(1556416K), 0.0774600 secs]
148945.344: [GC 1118503K->1013711K(1512704K), 0.0757560 secs]
148999.953: [GC 1118671K->1014488K(1552192K), 0.0808220 secs]
149046.435: [GC 1122904K->1014768K(1517248K), 0.0677470 secs]
149080.025: [GC 1123183K->1092198K(1554112K), 0.1025320 secs]
149088.150: [GC 1201631K->1112790K(1556416K), 0.0933020 secs]
149100.883: [GC 1222230K->1119667K(1562048K), 0.1481380 secs]
149163.235: [GC 1209205K->1119806K(1571904K), 0.1026250 secs]
149176.050: [GC 1225662K->1143035K(1569280K), 0.1575650 secs]
149198.832: [GC 1238323K->1181954K(1573696K), 0.1417620 secs]
149229.865: [GC 1277250K->1182120K(1573696K), 0.1121970 secs]
149282.996: [GC 1277416K->1182552K(1573696K), 0.1103560 secs]
149316.798: [GC 1277848K->1260412K(1573696K), 0.1877710 secs]
149341.645: [GC 1355708K->1221440K(1573696K), 0.1018450 secs]
149389.856: [GC 1316736K->1221862K(1573696K), 0.0959880 secs]
149455.428: [GC 1296451K->1221897K(1573696K), 0.0937830 secs]
149456.876: [GC 1316576K->1307263K(1573696K), 0.1626010 secs]
149522.922: [GC 1402559K->1261489K(1573696K), 0.0837770 secs]
149576.400: [GC 1356785K->1301003K(1573696K), 0.0904390 secs]
149587.121: [GC 1396294K->1339531K(1573696K), 0.0786840 secs]
149610.411: [GC 1434292K->1339703K(1573696K), 0.0983580 secs]
149610.510: [Full GC 1339703K->509700K(1868608K), 1.2863390 secs]
149644.553: [GC 585596K->511145K(1868608K), 0.0227260 secs]
149656.316: [GC 606441K->558143K(1868608K), 0.0773020 secs]
149696.133: [GC 653435K->573682K(1868608K), 0.0670810 secs]
149737.564: [GC 668978K->612743K(1868608K), 0.0656300 secs]
149801.310: [GC 707326K->625280K(1868608K), 0.0305230 secs]
149809.050: [GC 755038K->711302K(1867584K), 0.0594010 secs]
149817.224: [GC 806593K->688748K(1798144K), 0.0374030 secs]
149829.677: [GC 784035K->720085K(1862208K), 0.0755680 secs]
149840.925: [GC 814037K->751289K(1865088K), 0.1558060 secs]
149852.697: [GC 825614K->763609K(1868608K), 0.1123770 secs]
149862.545: [GC 858905K->826018K(1868608K), 0.1247490 secs]
149872.037: [GC 921314K->888462K(1868608K), 0.1417560 secs]
149877.186: [GC 979430K->958382K(1868608K), 0.1030480 secs]
149890.722: [GC 1053677K->950963K(1868608K), 0.0778260 secs]
149910.832: [GC 1016975K->982256K(1868608K), 0.1376550 secs]
149916.536: [GC 1077479K->1046692K(1868608K), 0.0832300 secs]
149917.800: [GC 1141649K->1052452K(1868608K), 0.1091130 secs]
149934.321: [GC 1147736K->1115009K(1868608K), 0.1085070 secs]
149951.020: [GC 1210305K->1096300K(1868608K), 0.0810310 secs]
149952.482: [GC 1191417K->1166056K(1868608K), 0.0876130 secs]
149970.027: [GC 1261277K->1171131K(1868608K), 0.0941410 secs]
149981.224: [GC 1266427K->1233579K(1868608K), 0.1156200 secs]
149992.343: [GC 1328875K->1264795K(1868608K), 0.1252530 secs]
149996.852: [GC 1360091K->1327259K(1868608K), 0.0974170 secs]
150010.037: [GC 1422547K->1389760K(1868608K), 0.1530240 secs]
150026.145: [GC 1485048K->1420934K(1868608K), 0.1045830 secs]
150036.975: [GC 1489294K->1421006K(1868608K), 0.1549730 secs]
150042.228: [GC 1516302K->1483367K(1868608K), 0.1414840 secs]
150045.812: [GC 1575696K->1475504K(1868608K), 0.1387350 secs]
150055.625: [GC 1570800K->1538131K(1868608K), 0.1739810 secs]
150060.063: [GC 1633427K->1538055K(1868608K), 0.1448320 secs]
150069.381: [GC 1631889K->1608009K(1867584K), 0.1985840 secs]
150081.375: [GC 1703298K->1663076K(1804928K), 0.1545370 secs]
150081.530: [Full GC 1663076K->1271095K(2413376K), 1.9575180 secs]
150087.897: [GC 1349589K->1271382K(2472640K), 0.0728260 secs]
150089.266: [GC 1366045K->1356852K(2474368K), 0.0936440 secs]
150096.883: [GC 1451947K->1341781K(2477056K), 0.0864450 secs]
150108.348: [GC 1437072K->1404191K(2477056K), 0.0913440 secs]
150129.604: [GC 1473154K->1404436K(2477056K), 0.0854470 secs]
150141.990: [GC 1499732K->1466965K(2477056K), 0.0796320 secs]
150144.038: [GC 1561513K->1498101K(2477056K), 0.1012990 secs]
150149.960: [GC 1593397K->1492344K(2477056K), 0.0893320 secs]
150158.875: [GC 1587636K->1544919K(2477056K), 0.0944180 secs]
150164.506: [GC 1640215K->1556839K(2477056K), 0.1537930 secs]
150183.010: [GC 1652135K->1572363K(2477056K), 0.0648920 secs]
150231.061: [GC 1665572K->1585814K(2477056K), 0.0880450 secs]
150232.412: [GC 1676983K->1659469K(2477056K), 0.1171700 secs]
150262.222: [GC 1754765K->1636778K(2477056K), 0.0763850 secs]
150272.471: [GC 1780730K->1700934K(2477056K), 0.0880250 secs]
150307.175: [GC 1795850K->1716930K(2477056K), 0.0745350 secs]
150343.167: [GC 1791385K->1709968K(2477056K), 0.0476250 secs]
150344.188: [GC 1803325K->1760089K(2477056K), 0.0915320 secs]
150356.952: [GC 1817262K->1795679K(2477056K), 0.2474150 secs]
150358.324: [GC 1890975K->1888739K(2477056K), 0.1058390 secs]
150376.619: [GC 1982154K->1848299K(2477056K), 0.1228210 secs]
150398.529: [GC 1929326K->1846227K(2477056K), 0.0902440 secs]
150399.967: [GC 1941488K->1887104K(2477056K), 0.0798640 secs]
150432.163: [GC 1982400K->1937443K(2477056K), 0.2061050 secs]
150440.250: [GC 2032721K->1968422K(2476800K), 0.0995030 secs]
150454.241: [GC 2063718K->1976197K(2397696K), 0.1043500 secs]
150462.775: [GC 2071493K->1993774K(2477568K), 0.1079700 secs]
150464.229: [GC 2094037K->2080107K(2472832K), 0.1801370 secs]
150470.786: [GC 2180517K->2204837K(2469312K), 0.2780360 secs]
150483.805: [GC 2300129K->2211778K(2477056K), 0.1743420 secs]
150483.980: [Full GC 2211778K->1693064K(2477056K), 2.3133690 secs]
150516.883: [GC 1781431K->1693761K(2477056K), 0.0691890 secs]
150526.407: [GC 1789052K->1727653K(2416064K), 0.1190500 secs]
150565.952: [GC 1822949K->1738628K(2475200K), 0.1586100 secs]
150622.780: [GC 1835524K->1744381K(2473600K), 0.0781550 secs]
150651.850: [GC 1841267K->1783131K(2477888K), 0.0818880 secs]
150690.253: [GC 1887515K->1827814K(2477312K), 0.1188150 secs]
150692.282: [GC 1932198K->1857690K(2482240K), 0.1064520 secs]
150713.980: [GC 1973465K->1833535K(2482368K), 0.0858200 secs]
150723.483: [GC 1949311K->1870448K(2487744K), 0.0755980 secs]
150726.967: [GC 1994160K->1924906K(2464896K), 0.1342900 secs]
150727.624: [GC 2048618K->1940386K(2488192K), 0.0974020 secs]
150733.424: [GC 2056738K->1941419K(2403968K), 0.0479050 secs]
150791.049: [GC 2028375K->1942331K(2487360K), 0.0798630 secs]
150826.974: [GC 2061051K->1981471K(2484992K), 0.1079690 secs]
150836.702: [GC 2100191K->2016916K(2491776K), 0.0999250 secs]
150861.056: [GC 2141524K->1981515K(2411520K), 0.0758110 secs]
150923.677: [GC 2070192K->1982009K(2492160K), 0.0577490 secs]
150930.056: [GC 2099192K->2020508K(2489856K), 0.0852320 secs]
150968.093: [GC 2147740K->2083035K(2488512K), 0.1492040 secs]
151028.936: [GC 2214811K->2107095K(2491456K), 0.1174360 secs]
151047.601: [GC 2238871K->2139620K(2497792K), 0.0905540 secs]
151052.256: [GC 2251515K->2106606K(2499072K), 0.0557590 secs]
151059.092: [GC 2247778K->2197231K(2488192K), 0.1194960 secs]
151061.766: [GC 2329135K->2233685K(2460544K), 0.1155500 secs]
151061.882: [Full GC 2233685K->788051K(2157056K), 1.5681730 secs]
151077.892: [GC 919955K->788723K(2191424K), 0.0929090 secs]
151120.910: [GC 904340K->789353K(2113280K), 0.0319960 secs]
151129.295: [GC 918825K->888644K(2182080K), 0.1465950 secs]
151184.619: [GC 976026K->888836K(2187776K), 0.0626490 secs]
151193.205: [GC 1012548K->966788K(2158720K), 0.0883110 secs]
151247.019: [GC 1055414K->932396K(2174272K), 0.0932250 secs]
151248.702: [GC 1029100K->1027542K(2171840K), 0.1090940 secs]
151300.975: [GC 1125014K->978384K(2174656K), 0.0274670 secs]
151312.073: [GC 1075848K->1017053K(2171904K), 0.0981130 secs]
151320.999: [GC 1069507K->1017148K(2173504K), 0.0628030 secs]
151321.996: [GC 1116861K->1116527K(2173632K), 0.1551990 secs]
151385.224: [GC 1218735K->1117447K(2177024K), 0.0661300 secs]
151397.903: [GC 1218200K->1171502K(2169472K), 0.0684430 secs]
151415.704: [GC 1318276K->1213630K(2174464K), 0.0878110 secs]
151434.535: [GC 1275844K->1213757K(2166464K), 0.0285110 secs]
151437.504: [GC 1313213K->1291645K(2171648K), 0.0780960 secs]
151510.839: [GC 1391101K->1292377K(2173568K), 0.1334250 secs]
151533.711: [GC 1437359K->1341826K(2173568K), 0.0600770 secs]
151553.579: [GC 1434735K->1343881K(2168192K), 0.0305150 secs]
151555.000: [GC 1439175K->1419813K(2170880K), 0.0917620 secs]
151565.180: [GC 1514994K->1382175K(2173568K), 0.0719870 secs]
151634.305: [GC 1477471K->1382359K(2173568K), 0.0351140 secs]
151677.865: [GC 1477655K->1387825K(2170368K), 0.0467560 secs]
151678.898: [GC 1476305K->1468561K(2171968K), 0.0852190 secs]
151717.169: [GC 1563857K->1461737K(2173568K), 0.0830930 secs]
151801.393: [GC 1556544K->1461968K(2173568K), 0.0497860 secs]
151803.807: [GC 1557251K->1539838K(2173568K), 0.0841330 secs]
151827.798: [GC 1635134K->1501824K(2173568K), 0.1132720 secs]
151883.437: [GC 1597119K->1525225K(2173568K), 0.0847790 secs]
151897.267: [GC 1616625K->1549469K(2173568K), 0.0880720 secs]
151899.372: [GC 1644765K->1572823K(2165632K), 0.1023500 secs]
151902.956: [GC 1655184K->1596379K(2169600K), 0.0794610 secs]
151906.389: [GC 1691675K->1572968K(2166400K), 0.0871260 secs]
151911.776: [GC 1673896K->1549827K(2170816K), 0.0482790 secs]
151934.216: [GC 1650743K->1588693K(2179968K), 0.0687020 secs]
151955.732: [GC 1702869K->1627799K(2182016K), 0.1526930 secs]
152062.974: [GC 1741975K->1628215K(2178944K), 0.0520820 secs]
152128.107: [GC 1746485K->1667123K(2181440K), 0.0874210 secs]
152204.979: [GC 1785395K->1708643K(2184320K), 0.1580030 secs]
152269.712: [GC 1832865K->1714356K(2185856K), 0.0837680 secs]
152292.889: [GC 1838580K->1748354K(2185600K), 0.0914340 secs]
152384.184: [GC 1875963K->1795486K(2158528K), 0.1177580 secs]
152401.450: [GC 1922458K->1811077K(2168256K), 0.1054900 secs]
152470.454: [GC 1914181K->1811519K(2150336K), 0.1478080 secs]
152541.534: [GC 1914015K->1815633K(2173568K), 0.1387510 secs]
152544.142: [GC 1906857K->1850290K(2173568K), 0.1318110 secs]
152610.411: [GC 1945586K->1850658K(2173568K), 0.0899640 secs]
152672.621: [GC 1945003K->1889846K(2173568K), 0.1141390 secs]
152672.735: [Full GC 1889846K->880622K(2275584K), 1.6346360 secs]
152675.481: [GC 974837K->973678K(2275584K), 0.0940440 secs]
152737.781: [GC 1068974K->920141K(2275584K), 0.0639530 secs]
152805.079: [GC 1015437K->920331K(2275584K), 0.0776280 secs]
152808.842: [GC 1015624K->998149K(2275584K), 0.1208640 secs]
152841.349: [GC 1093445K->998325K(2275584K), 0.0961200 secs]
152905.997: [GC 1093620K->1021764K(2275584K), 0.0880710 secs]
152938.405: [GC 1104506K->1045049K(2275584K), 0.0852740 secs]
152939.591: [GC 1140303K->1130591K(2275584K), 0.1332730 secs]
152995.176: [GC 1225887K->1084792K(2275584K), 0.1392380 secs]
153149.860: [GC 1180028K->1085186K(2275584K), 0.0287370 secs]
153151.055: [GC 1180479K->1162873K(2275584K), 0.0796610 secs]
153220.904: [GC 1258169K->1163098K(2275584K), 0.0813880 secs]
153270.796: [GC 1240990K->1163359K(2275584K), 0.0291290 secs]
153272.059: [GC 1258631K->1241957K(2275584K), 0.1452280 secs]
153359.405: [GC 1336790K->1241713K(2275584K), 0.0792300 secs]
153395.863: [GC 1337009K->1264996K(2275584K), 0.0614930 secs]
153479.974: [GC 1360292K->1288265K(2275584K), 0.0706730 secs]
153638.088: [GC 1383561K->1288630K(2275584K), 0.0620000 secs]
153696.629: [GC 1383926K->1288997K(2275584K), 0.0504700 secs]
153800.680: [GC 1384293K->1289044K(2275584K), 0.0325450 secs]
153852.606: [GC 1384340K->1289180K(2268800K), 0.0651200 secs]
153903.300: [GC 1384468K->1312359K(2203648K), 0.0745560 secs]
153974.668: [GC 1407271K->1335730K(2258112K), 0.1052770 secs]
154063.197: [GC 1430322K->1336058K(2180224K), 0.0675750 secs]
154114.894: [GC 1430330K->1351674K(2246080K), 0.0931790 secs]
154163.253: [GC 1445626K->1367082K(2251712K), 0.0615420 secs]
154188.648: [GC 1460714K->1384462K(2245824K), 0.0783450 secs]
154240.371: [GC 1463397K->1383347K(2251968K), 0.0969290 secs]
154274.045: [GC 1469675K->1398706K(2247552K), 0.1028580 secs]
154300.623: [GC 1476594K->1414370K(2256256K), 0.1302200 secs]
154341.277: [GC 1486925K->1445516K(2257408K), 0.2210470 secs]
154388.279: [GC 1510419K->1445560K(2225472K), 0.1680570 secs]
154396.350: [GC 1518463K->1492231K(2257408K), 0.1815740 secs]
154415.606: [GC 1569351K->1515580K(2257408K), 0.1635430 secs]
154437.680: [GC 1591130K->1538632K(2266432K), 0.1017870 secs]
154451.287: [GC 1625219K->1598853K(2266880K), 0.1361180 secs]
154487.193: [GC 1684063K->1601766K(2275584K), 0.1055310 secs]
154515.698: [GC 1697062K->1616340K(2275584K), 0.0867920 secs]
154536.905: [GC 1707184K->1632209K(2275584K), 0.1034350 secs]
154585.727: [GC 1727505K->1647855K(2180352K), 0.0719540 secs]
154607.902: [GC 1742767K->1663439K(2274560K), 0.0533010 secs]
154640.688: [GC 1758031K->1672860K(2188992K), 0.1292810 secs]
154657.716: [GC 1767132K->1688406K(2273920K), 0.0672130 secs]
154683.774: [GC 1782358K->1719050K(2193984K), 0.1410530 secs]
154711.794: [GC 1812682K->1749837K(2273280K), 0.1182660 secs]
154746.094: [GC 1842052K->1775040K(2203392K), 0.0882480 secs]
154779.367: [GC 1868032K->1780964K(2257664K), 0.1048520 secs]
154788.635: [GC 1873636K->1801302K(2262720K), 0.1628560 secs]
154812.385: [GC 1893974K->1826782K(2265472K), 0.1146320 secs]
154846.304: [GC 1930270K->1842909K(2271232K), 0.0912630 secs]
154880.541: [GC 1946397K->1883024K(2254848K), 0.1099830 secs]
154897.044: [GC 1980143K->1884636K(2267200K), 0.1479420 secs]
154908.582: [GC 1987676K->1893049K(2274112K), 0.0602620 secs]
154914.815: [GC 2007481K->1924910K(2276352K), 0.1042850 secs]
154922.804: [GC 2039342K->1964208K(2281152K), 0.1001680 secs]
154933.499: [GC 2094000K->1987379K(2283712K), 0.1495900 secs]
154954.009: [GC 2117171K->1995354K(2297088K), 0.1133200 secs]
154980.066: [GC 2142423K->2026796K(2298560K), 0.0858030 secs]
155035.124: [GC 2173868K->2072457K(2297024K), 0.1622010 secs]
155035.287: [Full GC 2072457K->601565K(1990016K), 1.4637550 secs]
155087.142: [GC 752248K->649295K(1993024K), 0.1041170 secs]
155147.352: [GC 801743K->663805K(1993792K), 0.0742150 secs]
155174.181: [GC 814750K->694130K(1959488K), 0.0599800 secs]
155220.265: [GC 844795K->741569K(1988736K), 0.1177550 secs]
155272.694: [GC 891074K->765392K(1951872K), 0.0590240 secs]
155318.977: [GC 914253K->803238K(1980928K), 0.1154370 secs]
155372.501: [GC 946982K->803238K(1985216K), 0.0655760 secs]
155408.817: [GC 946143K->865044K(1978112K), 0.1368510 secs]
155449.416: [GC 996319K->857340K(1964800K), 0.1237210 secs]
155495.958: [GC 988540K->888732K(1964928K), 0.1056960 secs]
155524.780: [GC 981365K->888308K(1954368K), 0.0939000 secs]
155573.065: [GC 987234K->919482K(1968576K), 0.1409300 secs]
155589.653: [GC 1006301K->958505K(1935616K), 0.1263050 secs]
155618.389: [GC 1053417K->988819K(1967552K), 0.1271770 secs]
155620.945: [GC 1079779K->1019794K(1967872K), 0.0999530 secs]
155667.228: [GC 1104223K->1026510K(1968576K), 0.0948530 secs]
155678.594: [GC 1119672K->1057860K(1905280K), 0.1056680 secs]
155711.895: [GC 1151985K->1063998K(1969344K), 0.0568540 secs]
155738.036: [GC 1160634K->1084214K(1907264K), 0.0956840 secs]
155767.712: [GC 1170924K->1091572K(1963648K), 0.0498250 secs]
155810.905: [GC 1187380K->1107316K(1889728K), 0.1206910 secs]
155812.848: [GC 1202744K->1176230K(1957824K), 0.1429900 secs]
155854.304: [GC 1266214K->1154010K(1963264K), 0.0579610 secs]
155888.080: [GC 1243994K->1169540K(1967040K), 0.0559920 secs]
155897.589: [GC 1264836K->1198603K(1887104K), 0.0645150 secs]
155927.810: [GC 1293899K->1214039K(1970688K), 0.0917300 secs]
155944.870: [GC 1300270K->1230040K(1967168K), 0.0621400 secs]
155955.258: [GC 1319971K->1276492K(1969856K), 0.0631200 secs]
155997.300: [GC 1380398K->1269358K(1898816K), 0.0730260 secs]
156012.492: [GC 1373671K->1300098K(1957568K), 0.0845580 secs]
156066.803: [GC 1403378K->1300551K(1882624K), 0.0508330 secs]
156080.473: [GC 1394628K->1315669K(1952256K), 0.0576600 secs]
156115.507: [GC 1415232K->1346187K(1896192K), 0.0785730 secs]
156143.507: [GC 1444833K->1377551K(1948352K), 0.0663330 secs]
156162.752: [GC 1479753K->1407616K(1950080K), 0.1170730 secs]
156206.729: [GC 1501527K->1392914K(1952128K), 0.0505960 secs]
156244.334: [GC 1494354K->1423759K(1910528K), 0.0758110 secs]
156260.740: [GC 1515145K->1439688K(1946560K), 0.0680120 secs]
156275.030: [GC 1536965K->1467335K(1949952K), 0.1305660 secs]
156305.871: [GC 1557700K->1490194K(1955712K), 0.1442080 secs]
156323.985: [GC 1579285K->1487800K(1887936K), 0.1468500 secs]
156352.879: [GC 1574765K->1510424K(1950336K), 0.0729070 secs]
156371.618: [GC 1599443K->1522749K(1886976K), 0.0940620 secs]
156373.819: [GC 1608858K->1554889K(1955904K), 0.0922040 secs]
156397.819: [GC 1648449K->1570070K(1951040K), 0.0833310 secs]
156400.437: [GC 1663638K->1577693K(1956224K), 0.0643550 secs]
156421.292: [GC 1686311K->1608891K(1958336K), 0.0995570 secs]
156446.852: [GC 1715530K->1623905K(1969984K), 0.1103580 secs]
156469.785: [GC 1747997K->1658044K(1971264K), 0.0827660 secs]
156487.756: [GC 1782140K->1708832K(1984064K), 0.1604180 secs]
156509.822: [GC 1850385K->1735257K(1985728K), 0.0944990 secs]
156509.917: [Full GC 1735257K->1246294K(2494208K), 1.9325440 secs]
156541.797: [GC 1387861K->1276412K(2470336K), 0.0873140 secs]
156583.582: [GC 1417212K->1291655K(2434624K), 0.0971680 secs]
156587.432: [GC 1431687K->1348792K(2478208K), 0.1616540 secs]
156619.722: [GC 1478360K->1346085K(2486528K), 0.1113560 secs]
156666.693: [GC 1477722K->1375163K(2496320K), 0.0900160 secs]
156698.879: [GC 1522941K->1395125K(2500736K), 0.0775220 secs]
156756.697: [GC 1545457K->1436765K(2490816K), 0.0858830 secs]
156795.519: [GC 1584867K->1439798K(2451584K), 0.1047930 secs]
156832.702: [GC 1580935K->1472050K(2493952K), 0.1023720 secs]
156840.614: [GC 1619753K->1498162K(2467648K), 0.1084940 secs]
156882.645: [GC 1637343K->1507140K(2492288K), 0.0753660 secs]
156914.345: [GC 1653188K->1538289K(2465344K), 0.0948630 secs]
156923.670: [GC 1682623K->1587037K(2486912K), 0.1111930 secs]
156966.351: [GC 1712485K->1601434K(2438080K), 0.1021350 secs]
156973.126: [GC 1740144K->1647238K(2486912K), 0.1014430 secs]
156998.029: [GC 1783424K->1703270K(2490304K), 0.1918370 secs]
157023.974: [GC 1839462K->1728220K(2467136K), 0.1059290 secs]
157034.863: [GC 1863708K->1763576K(2486080K), 0.1084930 secs]
157084.331: [GC 1899064K->1769872K(2465792K), 0.0874580 secs]
157092.900: [GC 1904656K->1799035K(2485952K), 0.0869290 secs]
157141.844: [GC 1933819K->1810534K(2461568K), 0.1812510 secs]
157170.035: [GC 1944610K->1845563K(2445696K), 0.1105870 secs]
157235.309: [GC 1978939K->1870019K(2477248K), 0.1439060 secs]
157242.434: [GC 2002560K->1895363K(2444096K), 0.0855920 secs]
157283.892: [GC 2027201K->1921543K(2470656K), 0.1630020 secs]
157309.269: [GC 2045622K->1937515K(2433280K), 0.0778490 secs]
157326.228: [GC 2067817K->1961595K(2465792K), 0.1657460 secs]
157355.520: [GC 2091384K->2017238K(2467072K), 0.1422950 secs]
157391.706: [GC 2146389K->2027332K(2464704K), 0.1076440 secs]
157412.375: [GC 2155844K->2042849K(2430336K), 0.1169470 secs]
157436.456: [GC 2170721K->2052443K(2459648K), 0.1371740 secs]
157482.308: [GC 2179675K->2063524K(2424704K), 0.0991340 secs]
157503.054: [GC 2190116K->2078603K(2453312K), 0.0898860 secs]
157551.640: [GC 2204555K->2102785K(2421184K), 0.1881250 secs]
157556.199: [GC 2228087K->2154116K(2447616K), 0.1231690 secs]
157581.709: [GC 2268428K->2171534K(2454528K), 0.1536660 secs]
157606.111: [GC 2283177K->2200652K(2470272K), 0.0911270 secs]
157644.647: [GC 2335628K->2208050K(2429824K), 0.0958080 secs]
157679.875: [GC 2339606K->2224752K(2465152K), 0.0957690 secs]
157679.971: [Full GC 2224752K->954131K(2243200K), 1.7295810 secs]
157695.971: [GC 1087699K->978437K(2221760K), 0.0736290 secs]
157751.813: [GC 1111299K->1011240K(2237056K), 0.0667260 secs]
157766.516: [GC 1142672K->1035627K(2211328K), 0.1004700 secs]
157795.970: [GC 1167083K->1061463K(2237120K), 0.0713460 secs]
157806.097: [GC 1192215K->1108216K(2220800K), 0.1380660 secs]
157858.587: [GC 1238264K->1127675K(2234304K), 0.0761570 secs]
157876.762: [GC 1257016K->1153979K(2235200K), 0.0797170 secs]
157905.123: [GC 1282619K->1171667K(2233792K), 0.1165750 secs]
157930.245: [GC 1299603K->1188692K(2202560K), 0.0787870 secs]
157956.752: [GC 1315988K->1204909K(2227456K), 0.0859860 secs]
157999.695: [GC 1331565K->1223927K(2210688K), 0.0876450 secs]
158020.137: [GC 1349943K->1239062K(2223872K), 0.0896220 secs]
158057.276: [GC 1364438K->1259213K(2209792K), 0.0969500 secs]
158085.712: [GC 1383915K->1287355K(2222464K), 0.0764270 secs]
158105.000: [GC 1409787K->1315259K(2206400K), 0.0839320 secs]
158147.007: [GC 1433576K->1338687K(2221568K), 0.0695840 secs]
158170.216: [GC 1459903K->1365243K(2205248K), 0.1088380 secs]
158210.463: [GC 1485883K->1405273K(2216768K), 0.0818670 secs]
158237.741: [GC 1525337K->1437895K(2197952K), 0.1167240 secs]
158257.192: [GC 1557194K->1474629K(2216832K), 0.0986140 secs]
158284.842: [GC 1593541K->1494461K(2203328K), 0.0925250 secs]
158297.926: [GC 1601991K->1529216K(2213248K), 0.0838540 secs]
158329.388: [GC 1646976K->1565010K(2202816K), 0.1045180 secs]
158358.190: [GC 1682113K->1603360K(2212608K), 0.1144640 secs]
158384.694: [GC 1719968K->1607387K(2192960K), 0.0614430 secs]
158415.843: [GC 1723419K->1620203K(2210816K), 0.0835630 secs]
158431.724: [GC 1734806K->1631350K(2191488K), 0.0633680 secs]
158445.281: [GC 1742150K->1654481K(2210048K), 0.0725430 secs]
158471.548: [GC 1768593K->1653745K(2210304K), 0.0784050 secs]
158484.456: [GC 1767345K->1669148K(2207168K), 0.0939340 secs]
158515.873: [GC 1778496K->1671316K(2208512K), 0.0837780 secs]
158532.812: [GC 1783892K->1689276K(2208896K), 0.0934130 secs]
158542.324: [GC 1797601K->1704539K(2191680K), 0.0868760 secs]
158573.008: [GC 1813483K->1712945K(2205632K), 0.0598360 secs]
158583.458: [GC 1823985K->1733848K(2205888K), 0.1100250 secs]
158630.131: [GC 1844376K->1749945K(2203008K), 0.0829800 secs]
158649.282: [GC 1856980K->1780120K(2190272K), 0.0894250 secs]
158689.566: [GC 1889624K->1787831K(2202112K), 0.0713910 secs]
158708.136: [GC 1896662K->1802102K(2188224K), 0.0608900 secs]
158726.720: [GC 1910582K->1818096K(2198656K), 0.0706770 secs]
158750.151: [GC 1926064K->1839726K(2199232K), 0.1055900 secs]
158758.150: [GC 1947246K->1875397K(2198784K), 0.0823210 secs]
158763.661: [GC 1982469K->1888729K(2199936K), 0.0950410 secs]
158791.347: [GC 1995801K->1898568K(2181504K), 0.1081810 secs]
158808.618: [GC 2005014K->1921275K(2198016K), 0.0760980 secs]
158850.171: [GC 2027451K->1928851K(2198464K), 0.0645320 secs]
158859.409: [GC 2033166K->1943567K(2184000K), 0.0892410 secs]
158883.499: [GC 2042390K->1981629K(2196096K), 0.0905050 secs]
158904.988: [GC 2073885K->1988977K(2197504K), 0.0948620 secs]
158930.780: [GC 2091057K->2030641K(2197248K), 0.1967190 secs]
158930.977: [Full GC 2030641K->986227K(2169600K), 1.7138450 secs]
158945.050: [GC 1083446K->1010115K(2170432K), 0.0736360 secs]
158958.720: [GC 1110467K->1027433K(2169088K), 0.0736630 secs]
158996.983: [GC 1127337K->1027769K(2170112K), 0.0424570 secs]
159005.725: [GC 1127225K->1044065K(2168000K), 0.0405470 secs]
159012.080: [GC 1143073K->1075641K(2151040K), 0.0664480 secs]
159023.342: [GC 1174201K->1098151K(2165376K), 0.0843230 secs]
159068.253: [GC 1196327K->1098679K(2166080K), 0.0579980 secs]
159077.144: [GC 1196471K->1113414K(2164160K), 0.0419810 secs]
159104.676: [GC 1210822K->1127894K(2148736K), 0.0933680 secs]
159126.689: [GC 1224918K->1148587K(2161728K), 0.0622990 secs]
159137.500: [GC 1245220K->1179652K(2149312K), 0.0651640 secs]
159144.549: [GC 1275904K->1196103K(2161728K), 0.0852950 secs]
159152.058: [GC 1291975K->1187860K(2161600K), 0.0336150 secs]
159179.558: [GC 1283348K->1188225K(2161472K), 0.0308270 secs]
159191.767: [GC 1283329K->1198792K(2142720K), 0.0413820 secs]
159202.166: [GC 1292750K->1213244K(2158528K), 0.0613290 secs]
159205.376: [GC 1307580K->1236304K(2159104K), 0.1192380 secs]
159214.861: [GC 1324306K->1236536K(2177472K), 0.0482960 secs]
159244.743: [GC 1346424K->1246284K(2177728K), 0.0521810 secs]
159256.797: [GC 1356172K->1261311K(2192192K), 0.0695610 secs]
159274.369: [GC 1388159K->1273941K(2176064K), 0.0869110 secs]
159301.002: [GC 1400077K->1307461K(2188736K), 0.1122690 secs]
159309.881: [GC 1431557K->1317601K(2171328K), 0.0634980 secs]
159346.281: [GC 1440568K->1318388K(2188096K), 0.0652950 secs]
159374.332: [GC 1441204K->1329227K(2171008K), 0.0839300 secs]
159384.547: [GC 1443787K->1343610K(2184832K), 0.0640470 secs]
159409.612: [GC 1465146K->1382638K(2184896K), 0.0731480 secs]
159430.059: [GC 1503534K->1381722K(2183872K), 0.1093250 secs]
159461.006: [GC 1501978K->1382238K(2157440K), 0.0795100 secs]
159467.882: [GC 1501720K->1406570K(2182464K), 0.0599480 secs]
159487.827: [GC 1522922K->1406952K(2153408K), 0.0515920 secs]
159513.759: [GC 1522497K->1424807K(2184704K), 0.0494520 secs]
159525.923: [GC 1537507K->1452503K(2184448K), 0.0792010 secs]
159547.406: [GC 1567127K->1431951K(2186304K), 0.0366340 secs]
159559.490: [GC 1544982K->1446181K(2165120K), 0.0597100 secs]
159576.724: [GC 1559653K->1459522K(2181888K), 0.1222050 secs]
159588.835: [GC 1572292K->1491445K(2182720K), 0.0734950 secs]
159597.760: [GC 1599453K->1516817K(2186624K), 0.0818850 secs]
159632.918: [GC 1626513K->1497910K(2149632K), 0.0394270 secs]
159638.000: [GC 1608434K->1524347K(2185024K), 0.1099180 secs]
159663.218: [GC 1630408K->1533386K(2154496K), 0.0707690 secs]
159665.098: [GC 1641098K->1565143K(2183616K), 0.0700700 secs]
159675.401: [GC 1670762K->1560102K(2185216K), 0.0758190 secs]
159677.489: [GC 1664724K->1592471K(2198400K), 0.0945920 secs]
159701.464: [GC 1705057K->1608700K(2203008K), 0.0787470 secs]
159707.980: [GC 1728256K->1618599K(2218240K), 0.0580450 secs]
159715.059: [GC 1758823K->1633774K(2220672K), 0.0838750 secs]
159730.684: [GC 1773998K->1676899K(2237056K), 0.1245490 secs]
159736.987: [GC 1836128K->1646931K(2242112K), 0.0607810 secs]
159739.090: [GC 1806163K->1711056K(2261312K), 0.1668500 secs]
159745.053: [GC 1908328K->1791865K(2255808K), 0.1548610 secs]
159745.873: [GC 1971193K->1791850K(2266688K), 0.0710560 secs]
159746.638: [GC 1965610K->1791842K(2210752K), 0.0404070 secs]
159757.466: [GC 1965602K->1793506K(2267456K), 0.0518020 secs]
159759.892: [GC 1968546K->1834418K(2253376K), 0.0630000 secs]
159786.540: [GC 2005603K->1809873K(2266752K), 0.0931070 secs]
159799.765: [GC 1963536K->1829886K(2213120K), 0.1086840 secs]
159804.993: [GC 1999806K->1887198K(2249664K), 0.1000670 secs]
159835.851: [GC 2037321K->1870391K(2259136K), 0.0813430 secs]
159845.679: [GC 2029047K->1904936K(2258752K), 0.1421450 secs]
159855.998: [GC 2061926K->1907267K(2222592K), 0.0799540 secs]
159876.623: [GC 2063850K->1911977K(2263104K), 0.0661780 secs]
159914.100: [GC 2076530K->1934172K(2259840K), 0.0993520 secs]
159915.726: [GC 2088990K->1905952K(2263552K), 0.0441660 secs]
159921.216: [GC 2077919K->1948107K(2251520K), 0.1314690 secs]
159923.560: [GC 2120075K->2024329K(2250816K), 0.1183740 secs]
159923.678: [Full GC 2024329K->1089907K(2383488K), 1.7700550 secs]
159930.600: [GC 1243827K->1214403K(2378944K), 0.1377310 secs]
159931.641: [GC 1368323K->1200737K(2381888K), 0.0603210 secs]
159932.087: [GC 1339937K->1217581K(2325760K), 0.0407930 secs]
159932.588: [GC 1356781K->1228791K(2381248K), 0.4101600 secs]
159933.836: [GC 1370551K->1243847K(2378880K), 0.0613890 secs]
159940.257: [GC 1385593K->1238727K(2384576K), 0.0659700 secs]
159941.929: [GC 1389255K->1321635K(2382400K), 0.1390410 secs]
159947.336: [GC 1472163K->1370273K(2382528K), 0.0983760 secs]
159947.995: [GC 1514849K->1397899K(2384768K), 0.1125720 secs]
159948.691: [GC 1542475K->1397907K(2382912K), 0.0589240 secs]
159949.654: [GC 1542675K->1404052K(2383936K), 0.0336590 secs]
159950.626: [GC 1543220K->1452660K(2375936K), 0.1797500 secs]
159952.093: [GC 1591853K->1444428K(2382080K), 0.0744550 secs]
159958.459: [GC 1574628K->1465564K(2375680K), 0.0562120 secs]
159959.417: [GC 1607452K->1517860K(2364032K), 0.1009970 secs]
159964.717: [GC 1633668K->1559346K(2377600K), 0.1105590 secs]
159965.252: [GC 1691890K->1628460K(2357504K), 0.1261240 secs]
159965.928: [GC 1761004K->1628620K(2373376K), 0.0663780 secs]
159966.411: [GC 1747696K->1639860K(2302464K), 0.0570300 secs]
159966.930: [GC 1761332K->1662369K(2375104K), 0.0783080 secs]
159968.998: [GC 1788897K->1682303K(2370048K), 0.0713160 secs]
159974.388: [GC 1808831K->1680566K(2375808K), 0.0495390 secs]
159976.093: [GC 1816310K->1737145K(2372928K), 0.0943770 secs]
159977.898: [GC 1872888K->1787466K(2370368K), 0.1496300 secs]
159982.160: [GC 1910538K->1842456K(2320384K), 0.1479790 secs]
159982.788: [GC 1965528K->1870072K(2372480K), 0.1099540 secs]
159983.421: [GC 1996600K->1870136K(2372672K), 0.0462440 secs]
159984.423: [GC 1996664K->1887308K(2370944K), 0.0645600 secs]
159986.176: [GC 2020620K->1912568K(2374656K), 0.0706260 secs]
159990.877: [GC 2045880K->1905670K(2382784K), 0.0603020 secs]
159993.186: [GC 2052358K->1996051K(2379008K), 0.1388570 secs]
159997.580: [GC 2142739K->2016831K(2374144K), 0.1577370 secs]
159999.538: [GC 2145023K->2054795K(2376576K), 0.1095620 secs]
160000.080: [GC 2182987K->2063149K(2372160K), 0.1102470 secs]
160000.876: [GC 2189940K->2060891K(2374784K), 0.0522740 secs]
160001.344: [GC 2189915K->2072341K(2372288K), 0.1033730 secs]
160002.624: [GC 2214623K->2103029K(2376192K), 0.1037380 secs]
160002.728: [Full GC 2103029K->1150912K(2464448K), 1.8363940 secs]
160005.118: [GC 1286080K->1166918K(2463872K), 0.0595550 secs]
160013.256: [GC 1299825K->1180471K(2468416K), 0.0595340 secs]
160014.559: [GC 1326519K->1222111K(2473984K), 0.0989610 secs]
160019.805: [GC 1375263K->1291057K(2466432K), 0.1967180 secs]
160020.651: [GC 1444209K->1332529K(2469952K), 0.1166770 secs]
160021.347: [GC 1470833K->1332537K(2396224K), 0.0568720 secs]
160027.673: [GC 1469928K->1333721K(2470528K), 0.0282310 secs]
160029.748: [GC 1473625K->1369339K(2468928K), 0.0698950 secs]
160033.053: [GC 1509243K->1355599K(2464832K), 0.0646610 secs]
160036.703: [GC 1494255K->1350685K(2468224K), 0.0681030 secs]
160038.716: [GC 1486923K->1400740K(2463744K), 0.1006860 secs]
160040.147: [GC 1540708K->1428786K(2470720K), 0.0905910 secs]
160045.191: [GC 1568754K->1553533K(2448128K), 0.1585000 secs]
160045.875: [GC 1673789K->1553481K(2460864K), 0.1124770 secs]
160046.486: [GC 1673737K->1553505K(2457024K), 0.1241460 secs]
160047.083: [GC 1674657K->1553471K(2459392K), 0.0443840 secs]
160048.141: [GC 1674623K->1576242K(2453312K), 0.0605600 secs]
160050.127: [GC 1703282K->1595993K(2458432K), 0.1009870 secs]
160059.100: [GC 1723033K->1594423K(2465472K), 0.0980340 secs]
160062.132: [GC 1738359K->1658510K(2464192K), 0.1232030 secs]
160063.953: [GC 1797784K->1700226K(2463360K), 0.1550890 secs]
160068.230: [GC 1828418K->1776783K(2449152K), 0.1782490 secs]
160068.906: [GC 1904975K->1776801K(2457088K), 0.0822370 secs]
160069.426: [GC 1888545K->1776813K(2369664K), 0.0718360 secs]
160070.085: [GC 1888557K->1776829K(2456640K), 0.0353700 secs]
160073.663: [GC 1890749K->1800521K(2395520K), 0.0658500 secs]
160075.562: [GC 1914441K->1821244K(2457408K), 0.0754380 secs]
160085.574: [GC 1943228K->1819637K(2453632K), 0.0522000 secs]
160087.164: [GC 1941621K->1876149K(2451904K), 0.0939410 secs]
160088.303: [GC 1986667K->1924497K(2462272K), 0.1347170 secs]
160094.032: [GC 2048529K->1966201K(2460608K), 0.1163870 secs]
160094.648: [GC 2095737K->1993711K(2464192K), 0.1306650 secs]
160095.248: [GC 2123247K->1999482K(2462336K), 0.0496310 secs]
160095.691: [GC 2132026K->2016417K(2464768K), 0.0570870 secs]
160097.222: [GC 2148961K->2036307K(2460800K), 0.0757910 secs]
160102.259: [GC 2176424K->2028911K(2464576K), 0.0596820 secs]
160104.215: [GC 2169263K->2098525K(2455552K), 0.1101710 secs]
160105.544: [GC 2218200K->2146921K(2466880K), 0.1636370 secs]
160110.655: [GC 2279209K->2188529K(2466432K), 0.1440450 secs]
160111.354: [GC 2324593K->2229923K(2468544K), 0.1540760 secs]
160111.508: [Full GC 2229923K->1119605K(2484992K), 1.7889530 secs]
160113.830: [GC 1255669K->1119765K(2482496K), 0.0381640 secs]
160115.012: [GC 1256789K->1119991K(2484224K), 0.0231470 secs]
160121.270: [GC 1257015K->1162312K(2481728K), 0.0557650 secs]
160123.400: [GC 1298568K->1121424K(2485312K), 0.0493930 secs]
160126.412: [GC 1250630K->1169484K(2476160K), 0.0656950 secs]
160130.519: [GC 1298443K->1183567K(2481664K), 0.0759120 secs]
160131.877: [GC 1312527K->1225016K(2481408K), 0.0805440 secs]
160137.091: [GC 1356920K->1294132K(2475392K), 0.1462720 secs]
160137.793: [GC 1426036K->1349400K(2470272K), 0.1545010 secs]
160138.383: [GC 1460696K->1349400K(2472832K), 0.0591150 secs]
160138.878: [GC 1460696K->1349400K(2467456K), 0.0415950 secs]
160144.791: [GC 1457415K->1351656K(2470592K), 0.0367650 secs]
160146.764: [GC 1464616K->1394755K(2474112K), 0.0637960 secs]
160153.012: [GC 1514243K->1357667K(2476864K), 0.0661010 secs]
160155.817: [GC 1469149K->1413487K(2464704K), 0.1082900 secs]
160157.177: [GC 1523375K->1427311K(2472128K), 0.1248500 secs]
160161.038: [GC 1537198K->1506019K(2457536K), 0.1467610 secs]
160162.723: [GC 1606179K->1561165K(2467264K), 0.1444890 secs]
160163.260: [GC 1661325K->1589269K(2460672K), 0.0795270 secs]
160163.780: [GC 1695637K->1588857K(2465728K), 0.0959590 secs]
160164.319: [GC 1695225K->1588853K(2468096K), 0.0968750 secs]
160165.419: [GC 1706549K->1589134K(2472576K), 0.0647010 secs]
160166.624: [GC 1706830K->1617116K(2473792K), 0.0739690 secs]
160168.648: [GC 1744604K->1644386K(2477440K), 0.0797240 secs]
160174.386: [GC 1767763K->1631376K(2478400K), 0.0907030 secs]
160176.226: [GC 1768336K->1701972K(2481984K), 0.1183730 secs]
160177.768: [GC 1833255K->1736932K(2477504K), 0.1596880 secs]
160182.815: [GC 1862052K->1793460K(2456064K), 0.1224970 secs]
160183.475: [GC 1918580K->1834863K(2474624K), 0.1029840 secs]
160184.014: [GC 1947951K->1835151K(2387712K), 0.0433600 secs]
160184.489: [GC 1948239K->1835691K(2473280K), 0.0489320 secs]
160186.472: [GC 1951595K->1837326K(2470464K), 0.0418070 secs]
160188.870: [GC 1953230K->1874523K(2472320K), 0.0975910 secs]
160189.674: [GC 1995483K->1845032K(2473792K), 0.0535280 secs]
160196.025: [GC 1964878K->1856899K(2472768K), 0.0638510 secs]
160196.841: [GC 1992082K->1949032K(2476480K), 0.1055080 secs]
160198.043: [GC 2080552K->1956521K(2482624K), 0.0809430 secs]
160202.818: [GC 2083689K->1993509K(2478912K), 0.1197530 secs]
160203.663: [GC 2120677K->2030043K(2479872K), 0.0965000 secs]
160204.271: [GC 2154971K->2038041K(2407296K), 0.1066620 secs]
160204.869: [GC 2162969K->2030745K(2478272K), 0.0586660 secs]
160205.498: [GC 2157529K->2031111K(2476416K), 0.0701960 secs]
160206.585: [GC 2158616K->2049997K(2477952K), 0.0538480 secs]
160210.982: [GC 2187341K->2088587K(2479296K), 0.1163920 secs]
160218.646: [GC 2225931K->2082097K(2489088K), 0.0826050 secs]
160231.740: [GC 2234545K->2118783K(2490432K), 0.1672430 secs]
160233.474: [GC 2271229K->2121875K(2493184K), 0.0856600 secs]
160240.963: [GC 2277583K->2138855K(2493440K), 0.0770300 secs]
160243.255: [GC 2294567K->2196533K(2489536K), 0.1309460 secs]
160246.747: [GC 2339947K->2238815K(2470592K), 0.1323420 secs]
160246.880: [Full GC 2238815K->1182953K(2482816K), 1.9955750 secs]
160249.519: [GC 1336745K->1258796K(2493696K), 0.1201260 secs]
160250.228: [GC 1396588K->1280750K(2498304K), 0.1105730 secs]
160250.926: [GC 1418542K->1280990K(2495680K), 0.0277740 secs]
160252.278: [GC 1419230K->1281625K(2497216K), 0.0590220 secs]
160255.794: [GC 1419300K->1316610K(2498880K), 0.1068000 secs]
160272.791: [GC 1458242K->1333447K(2445952K), 0.1390140 secs]
160285.318: [GC 1475079K->1336184K(2498944K), 0.1514090 secs]
160289.799: [GC 1479806K->1381745K(2496960K), 0.1105760 secs]
160295.807: [GC 1527268K->1432321K(2477952K), 0.1574080 secs]
160299.797: [GC 1553089K->1429972K(2489792K), 0.1456580 secs]
160301.063: [GC 1550740K->1443475K(2481408K), 0.0767250 secs]
160305.173: [GC 1568531K->1464561K(2487744K), 0.0839280 secs]
160306.740: [GC 1589617K->1506186K(2496128K), 0.0798730 secs]
160308.428: [GC 1638105K->1563252K(2480768K), 0.1116020 secs]
160313.252: [GC 1700276K->1585990K(2496768K), 0.0945730 secs]
160313.869: [GC 1715654K->1614046K(2491712K), 0.0801170 secs]
160314.478: [GC 1743710K->1614138K(2492480K), 0.0329490 secs]
160315.426: [GC 1744190K->1614533K(2492096K), 0.0639220 secs]
160321.637: [GC 1744581K->1635151K(2488000K), 0.1045140 secs]
160323.746: [GC 1770959K->1654628K(2491648K), 0.0730960 secs]
160329.366: [GC 1787486K->1684041K(2500736K), 0.0837030 secs]
160333.658: [GC 1830709K->1707550K(2502208K), 0.0956930 secs]
160335.078: [GC 1856862K->1735488K(2502592K), 0.1121210 secs]
160340.387: [GC 1885056K->1837858K(2483328K), 0.1526710 secs]
160341.056: [GC 1987426K->1880394K(2504384K), 0.1883500 secs]
160341.739: [GC 2027850K->1880450K(2501888K), 0.0615110 secs]
160342.315: [GC 2027906K->1895674K(2500864K), 0.0862380 secs]
160350.488: [GC 2044858K->1883182K(2501760K), 0.0458140 secs]
160359.964: [GC 2032366K->1896856K(2499712K), 0.0864090 secs]
160363.078: [GC 2051032K->1933525K(2503168K), 0.1114610 secs]
160370.082: [GC 2077034K->1899794K(2508736K), 0.0672030 secs]
160374.591: [GC 2057810K->1944391K(2489216K), 0.0875540 secs]
160376.033: [GC 2102407K->2007228K(2499072K), 0.1164030 secs]
160381.242: [GC 2151676K->2078106K(2474496K), 0.1374100 secs]
160381.973: [GC 2222554K->2078496K(2499456K), 0.1468350 secs]
160382.681: [GC 2218528K->2078544K(2426752K), 0.0417550 secs]
160383.510: [GC 2218576K->2083747K(2500800K), 0.0534190 secs]
160384.591: [GC 2226211K->2171458K(2492864K), 0.1455850 secs]
160396.811: [GC 2313666K->2161140K(2496320K), 0.1490110 secs]
160399.496: [GC 2291508K->2180291K(2436224K), 0.0834530 secs]
160406.242: [GC 2310659K->2176281K(2489920K), 0.0671230 secs]
160414.330: [GC 2307013K->2196372K(2488576K), 0.0766810 secs]
160416.115: [GC 2328084K->2243794K(2490752K), 0.1544390 secs]
160419.903: [GC 2382418K->2234680K(2495872K), 0.0983630 secs]
160420.001: [Full GC 2234680K->1272773K(2495872K), 2.0280150 secs]
160428.257: [GC 1411397K->1342250K(2476800K), 0.1253190 secs]
160432.858: [GC 1460899K->1355515K(2489600K), 0.1117340 secs]
160433.375: [GC 1475899K->1375712K(2477440K), 0.0901400 secs]
160433.977: [GC 1500448K->1395985K(2485696K), 0.0629970 secs]
160434.904: [GC 1520721K->1396575K(2495424K), 0.0304580 secs]
160437.820: [GC 1528511K->1462655K(2489984K), 0.1196670 secs]
160445.116: [GC 1599935K->1480836K(2492480K), 0.1241010 secs]
160454.755: [GC 1604482K->1490302K(2427712K), 0.0750920 secs]
160462.243: [GC 1613950K->1492999K(2487360K), 0.0608070 secs]
160474.486: [GC 1618119K->1496407K(2485888K), 0.0397160 secs]
160484.448: [GC 1606406K->1498703K(2496000K), 0.0463730 secs]
160491.140: [GC 1636559K->1565270K(2491200K), 0.0998230 secs]
160502.547: [GC 1703126K->1551428K(2494976K), 0.1275000 secs]
160509.849: [GC 1678788K->1567621K(2431296K), 0.1108310 secs]
160515.073: [GC 1694981K->1598309K(2488000K), 0.0886010 secs]
160527.596: [GC 1726885K->1601613K(2486784K), 0.1047300 secs]
160536.418: [GC 1730189K->1618410K(2491840K), 0.0673250 secs]
160550.578: [GC 1760686K->1628255K(2494912K), 0.0549420 secs]
160561.664: [GC 1763002K->1632175K(2500928K), 0.0625060 secs]
160568.804: [GC 1787375K->1665127K(2503488K), 0.0877890 secs]
160582.176: [GC 1820327K->1688466K(2486720K), 0.1342470 secs]
160592.881: [GC 1824210K->1715275K(2478016K), 0.1684810 secs]
160599.171: [GC 1851019K->1728422K(2471104K), 0.1248130 secs]
160611.248: [GC 1831526K->1731471K(2441856K), 0.1338710 secs]
160619.386: [GC 1834575K->1747552K(2483008K), 0.1479030 secs]
160630.641: [GC 1841895K->1742296K(2390336K), 0.0600650 secs]
160633.142: [GC 1845848K->1775370K(2483712K), 0.0878540 secs]
160639.022: [GC 1883466K->1788472K(2479168K), 0.0796300 secs]
160649.813: [GC 1896568K->1792740K(2481856K), 0.0880810 secs]
160652.919: [GC 1898278K->1815222K(2480512K), 0.0868560 secs]
160661.625: [GC 1928694K->1833174K(2485248K), 0.1266550 secs]
160672.375: [GC 1960276K->1863048K(2485184K), 0.0855380 secs]
160676.877: [GC 1990149K->1874464K(2495168K), 0.0870900 secs]
160692.224: [GC 2011753K->1877766K(2496640K), 0.0692570 secs]
160707.388: [GC 2019846K->1904998K(2500416K), 0.0940160 secs]
160716.900: [GC 2049104K->1903409K(2502592K), 0.1097650 secs]
160723.444: [GC 2054065K->1946473K(2505856K), 0.1392190 secs]
160734.166: [GC 2100093K->1972573K(2506432K), 0.0958940 secs]
160752.203: [GC 2129117K->1973996K(2507072K), 0.0712240 secs]
160759.957: [GC 2131588K->2013726K(2506880K), 0.1330110 secs]
160768.299: [GC 2173830K->2067832K(2494016K), 0.1210360 secs]
160779.399: [GC 2202352K->2052302K(2501184K), 0.0863250 secs]
160787.552: [GC 2195854K->2113101K(2480768K), 0.1087060 secs]
160800.062: [GC 2236941K->2085156K(2491328K), 0.0987960 secs]
160805.989: [GC 2192994K->2094651K(2484608K), 0.0667060 secs]
160815.004: [GC 2219707K->2118000K(2488576K), 0.1064420 secs]
160832.093: [GC 2243052K->2118684K(2493632K), 0.1179050 secs]
160843.295: [GC 2234594K->2120693K(2493952K), 0.0963250 secs]
160844.787: [GC 2257461K->2167523K(2489280K), 0.1422460 secs]
160852.150: [GC 2301731K->2189330K(2490240K), 0.1241500 secs]
160870.932: [GC 2323538K->2190739K(2483072K), 0.1250000 secs]
160882.023: [GC 2296833K->2191920K(2486656K), 0.0907130 secs]
160884.103: [GC 2306415K->2239930K(2482688K), 0.1771840 secs]
160890.353: [GC 2352378K->2276150K(2485632K), 0.1770390 secs]
160890.530: [Full GC 2276150K->1704637K(2485632K), 2.4162770 secs]
160897.385: [GC 1817085K->1726368K(2474048K), 0.1344590 secs]
160912.611: [GC 1841312K->1730806K(2480064K), 0.0931780 secs]
160922.639: [GC 1845748K->1746680K(2483136K), 0.0976230 secs]
160929.437: [GC 1876919K->1781424K(2488512K), 0.0899130 secs]
160936.636: [GC 1911664K->1791901K(2494016K), 0.1035120 secs]
160952.638: [GC 1934301K->1795753K(2497344K), 0.0650760 secs]
160961.701: [GC 1938153K->1817204K(2494272K), 0.1570910 secs]
160967.988: [GC 1967509K->1858452K(2499904K), 0.1439130 secs]
160982.318: [GC 2002575K->1873708K(2504256K), 0.1080940 secs]
160999.547: [GC 2029432K->1870671K(2505088K), 0.0872750 secs]
161005.848: [GC 2027278K->1923930K(2494912K), 0.1081680 secs]
161020.669: [GC 2071322K->1944343K(2503104K), 0.2032570 secs]
161028.806: [GC 2091735K->1992993K(2493376K), 0.1008440 secs]
161036.268: [GC 2131553K->2028837K(2498688K), 0.1754030 secs]
161047.847: [GC 2167397K->2045598K(2489664K), 0.0909110 secs]
161054.580: [GC 2187870K->2079794K(2494976K), 0.1080200 secs]
161071.437: [GC 2216258K->2082518K(2504640K), 0.0948070 secs]
161078.009: [GC 2235696K->2115639K(2505280K), 0.0995780 secs]
161083.400: [GC 2268855K->2144833K(2502912K), 0.1465670 secs]
161094.226: [GC 2299521K->2208074K(2504832K), 0.1241880 secs]
161111.569: [GC 2362762K->2212290K(2507136K), 0.1188910 secs]
161111.688: [Full GC 2212290K->1455833K(2507136K), 2.1565230 secs]
161118.864: [GC 1614995K->1504165K(2494080K), 0.1157460 secs]
161127.572: [GC 1663333K->1570651K(2507584K), 0.1923850 secs]
161139.402: [GC 1723318K->1639481K(2504384K), 0.0984560 secs]
161156.666: [GC 1792633K->1637762K(2506304K), 0.0852800 secs]
161159.861: [GC 1786656K->1689956K(2493696K), 0.1530460 secs]
161168.219: [GC 1843172K->1709970K(2504000K), 0.1155270 secs]
161180.765: [GC 1854738K->1724113K(2445952K), 0.1099920 secs]
161187.658: [GC 1868881K->1758509K(2498688K), 0.1022170 secs]
161203.320: [GC 1904237K->1807737K(2497728K), 0.1434340 secs]
161209.030: [GC 1953465K->1842249K(2504192K), 0.1500170 secs]
161221.316: [GC 1996681K->1856571K(2503616K), 0.0987350 secs]
161228.659: [GC 2010785K->1929596K(2505152K), 0.1505670 secs]
161241.550: [GC 2086528K->1926735K(2507584K), 0.1227520 secs]
161248.196: [GC 2077989K->1973742K(2499072K), 0.0978090 secs]
161266.231: [GC 2122414K->2021236K(2437440K), 0.1406460 secs]
161271.498: [GC 2141700K->2033739K(2505920K), 0.1044770 secs]
161279.511: [GC 2184395K->2076465K(2480320K), 0.1376000 secs]
161290.363: [GC 2227121K->2085970K(2506176K), 0.1624410 secs]
161304.557: [GC 2236370K->2148988K(2502656K), 0.1243720 secs]
161312.505: [GC 2299388K->2129513K(2492032K), 0.1262690 secs]
161323.993: [GC 2265385K->2146762K(2497344K), 0.0981130 secs]
161329.024: [GC 2282634K->2180800K(2491968K), 0.1063830 secs]
161349.126: [GC 2319808K->2186398K(2495744K), 0.1498240 secs]
161353.275: [GC 2325406K->2218462K(2498944K), 0.1269560 secs]
161362.189: [GC 2364510K->2276671K(2500864K), 0.1421530 secs]
161362.332: [Full GC 2276671K->1988371K(2500864K), 2.6902550 secs]
161375.008: [GC 2127291K->1992592K(2502144K), 0.0617770 secs]
161387.230: [GC 2143760K->2055089K(2502080K), 0.1111480 secs]
161401.204: [GC 2190227K->2059600K(2506944K), 0.1059720 secs]
161403.976: [GC 2216720K->2137701K(2491584K), 0.1230260 secs]
161419.874: [GC 2294821K->2147232K(2505280K), 0.0883290 secs]
161425.105: [GC 2297184K->2181626K(2471424K), 0.1062070 secs]
161440.841: [GC 2330690K->2184986K(2503808K), 0.1028600 secs]
161445.193: [GC 2334252K->2232788K(2485568K), 0.1217170 secs]
161455.306: [GC 2383377K->2251384K(2504640K), 0.1000430 secs]
161455.407: [Full GC 2251384K->1239095K(2504640K), 2.0615150 secs]
161467.899: [GC 1355675K->1242444K(2436928K), 0.0482040 secs]
161474.951: [GC 1389452K->1275262K(2500800K), 0.0612230 secs]
161488.288: [GC 1422462K->1293932K(2486720K), 0.0856050 secs]
161497.140: [GC 1441132K->1352736K(2480064K), 0.1448690 secs]
161510.966: [GC 1472990K->1324614K(2489536K), 0.1262730 secs]
161516.032: [GC 1443312K->1345404K(2479168K), 0.0668710 secs]
161518.954: [GC 1466167K->1385212K(2484672K), 0.0938180 secs]
161529.323: [GC 1506108K->1393736K(2467776K), 0.1276450 secs]
161543.872: [GC 1489032K->1387552K(2477056K), 0.1084190 secs]
161545.435: [GC 1481395K->1426813K(2476736K), 0.0988710 secs]
161553.889: [GC 1522109K->1422166K(2417536K), 0.1094940 secs]
161557.833: [GC 1517462K->1433847K(2474048K), 0.0876810 secs]
161564.376: [GC 1530231K->1449935K(2473280K), 0.0675700 secs]
161569.800: [GC 1546307K->1484250K(2474240K), 0.1104610 secs]
161580.974: [GC 1591450K->1485891K(2476608K), 0.1076030 secs]
161592.170: [GC 1584647K->1489030K(2486656K), 0.0565440 secs]
161595.493: [GC 1607430K->1522660K(2438784K), 0.1181230 secs]
161601.081: [GC 1640915K->1565054K(2489344K), 0.1195890 secs]
161610.605: [GC 1688382K->1583504K(2487232K), 0.1102310 secs]
161620.437: [GC 1706824K->1612776K(2491264K), 0.0950450 secs]
161633.149: [GC 1743784K->1616279K(2489152K), 0.0758100 secs]
161639.468: [GC 1745359K->1641503K(2495360K), 0.0737390 secs]
161644.793: [GC 1755653K->1682046K(2496640K), 0.1623110 secs]
161646.798: [GC 1825214K->1725898K(2499008K), 0.1034230 secs]
161668.326: [GC 1874634K->1731104K(2503424K), 0.0947440 secs]
161675.035: [GC 1879840K->1764387K(2502336K), 0.1108400 secs]
161687.702: [GC 1914595K->1781807K(2503616K), 0.1434980 secs]
161698.440: [GC 1935883K->1812854K(2502720K), 0.1120900 secs]
161706.883: [GC 1967798K->1846970K(2503232K), 0.0908730 secs]
161721.097: [GC 1987327K->1849463K(2510272K), 0.1348280 secs]
161728.313: [GC 2010993K->1899008K(2497728K), 0.0924400 secs]
161739.925: [GC 2060544K->1908070K(2506176K), 0.1463320 secs]
161748.263: [GC 2059622K->1939544K(2470272K), 0.1255350 secs]
161750.879: [GC 2067429K->1997536K(2505088K), 0.1298910 secs]
161756.996: [GC 2135059K->2063901K(2502976K), 0.1654150 secs]
161761.263: [GC 2217428K->2143399K(2498688K), 0.1489880 secs]
161771.801: [GC 2293095K->2170430K(2504256K), 0.1379090 secs]
161779.002: [GC 2314259K->2199135K(2497600K), 0.0999470 secs]
161784.797: [GC 2351135K->2212921K(2502080K), 0.1164120 secs]
161791.111: [GC 2364921K->2243661K(2503616K), 0.1526810 secs]
161791.264: [Full GC 2243661K->1988681K(2503616K), 2.7029410 secs]
161803.185: [GC 2148105K->2020614K(2506560K), 0.1127790 secs]
161806.840: [GC 2180038K->2118664K(2506432K), 0.1596200 secs]
161817.184: [GC 2279787K->2145256K(2488448K), 0.1135360 secs]
161832.300: [GC 2306461K->2172442K(2510720K), 0.1135390 secs]
161837.310: [GC 2333786K->2201732K(2479040K), 0.1580390 secs]
161844.811: [GC 2344356K->2222184K(2507520K), 0.1191300 secs]
161849.573: [GC 2381942K->2291968K(2506624K), 0.1489540 secs]
161849.722: [Full GC 2291968K->1466733K(2506624K), 2.1916970 secs]
161861.960: [GC 1628965K->1509365K(2508608K), 0.0815480 secs]
161870.939: [GC 1669173K->1540271K(2477504K), 0.1199630 secs]
161880.109: [GC 1696693K->1579106K(2507968K), 0.0868500 secs]
161887.158: [GC 1714961K->1593475K(2501632K), 0.0874880 secs]
161893.282: [GC 1754198K->1623158K(2501568K), 0.1906720 secs]
161895.087: [GC 1773238K->1670985K(2490240K), 0.1661180 secs]
161909.678: [GC 1821064K->1727309K(2499520K), 0.1398420 secs]
161912.665: [GC 1865455K->1798963K(2468672K), 0.2110920 secs]
161924.997: [GC 1941235K->1797082K(2495360K), 0.1351620 secs]
161928.041: [GC 1937174K->1839760K(2498560K), 0.1072210 secs]
161938.849: [GC 1966519K->1844459K(2496704K), 0.0977320 secs]
161940.636: [GC 1983520K->1894317K(2477184K), 0.1103880 secs]
161947.818: [GC 2033389K->1952123K(2499392K), 0.1306450 secs]
161957.116: [GC 2084763K->1984435K(2455936K), 0.0963280 secs]
161966.948: [GC 2104275K->1988201K(2491456K), 0.1121370 secs]
161969.276: [GC 2121960K->2048233K(2493248K), 0.0954340 secs]
161973.569: [GC 2183465K->2064592K(2497152K), 0.0942420 secs]
161986.309: [GC 2196944K->2073721K(2493760K), 0.0824710 secs]
161991.048: [GC 2206073K->2107392K(2493632K), 0.1027760 secs]
161997.143: [GC 2243520K->2167384K(2493760K), 0.1281590 secs]
162005.592: [GC 2298493K->2200086K(2497344K), 0.1188040 secs]
162011.376: [GC 2343966K->2227457K(2497728K), 0.1590610 secs]
162020.704: [GC 2374200K->2259311K(2504320K), 0.1251550 secs]
162020.830: [Full GC 2259311K->2074188K(2504320K), 2.7967880 secs]
162033.142: [GC 2228074K->2105384K(2505088K), 0.0951800 secs]
162047.805: [GC 2264616K->2109837K(2509056K), 0.0995090 secs]
162050.389: [GC 2275584K->2180018K(2499136K), 0.1366490 secs]
162052.982: [GC 2345778K->2242000K(2509568K), 0.1395490 secs]
162075.570: [GC 2402704K->2229228K(2449984K), 0.1020740 secs]
162075.672: [Full GC 2229228K->1588609K(2449984K), 2.3401030 secs]
162093.955: [GC 1744701K->1607776K(2509632K), 0.0654570 secs]
162103.131: [GC 1766432K->1637795K(2494400K), 0.1450320 secs]
162115.358: [GC 1796451K->1641649K(2495744K), 0.1399400 secs]
162119.528: [GC 1777294K->1675615K(2492608K), 0.1195530 secs]
162132.264: [GC 1817887K->1678679K(2478592K), 0.1265480 secs]
162137.964: [GC 1791383K->1693997K(2481408K), 0.1509500 secs]
162150.195: [GC 1806701K->1702457K(2472704K), 0.1505060 secs]
162154.010: [GC 1797753K->1763366K(2477056K), 0.1804060 secs]
162157.808: [GC 1858654K->1796128K(2476864K), 0.1185150 secs]
162165.574: [GC 1891424K->1797422K(2433472K), 0.1238740 secs]
162174.428: [GC 1892718K->1813953K(2479744K), 0.1246250 secs]
162182.656: [GC 1912257K->1817345K(2440064K), 0.1579260 secs]
162184.305: [GC 1915649K->1856901K(2471296K), 0.1519030 secs]
162195.769: [GC 1951045K->1858086K(2475904K), 0.1317390 secs]
162204.052: [GC 1952230K->1862490K(2467776K), 0.1516060 secs]
162206.064: [GC 1958746K->1925850K(2472896K), 0.1469290 secs]
162217.348: [GC 2022106K->1929608K(2476416K), 0.0968810 secs]
162226.657: [GC 2030920K->1944269K(2404352K), 0.0720460 secs]
162228.859: [GC 2043437K->1984121K(2484736K), 0.1427320 secs]
162242.549: [GC 2090041K->1980725K(2480000K), 0.1023270 secs]
162247.644: [GC 2086645K->1994603K(2483136K), 0.0765760 secs]
162253.294: [GC 2101736K->2041010K(2428288K), 0.1074500 secs]
162261.049: [GC 2148146K->2075816K(2477056K), 0.1425960 secs]
162268.481: [GC 2183144K->2092904K(2477760K), 0.0820440 secs]
162276.560: [GC 2197209K->2107477K(2474304K), 0.0888650 secs]
162279.259: [GC 2223765K->2131809K(2479488K), 0.0958880 secs]
162293.825: [GC 2248097K->2136466K(2479872K), 0.1459460 secs]
162302.301: [GC 2248274K->2153208K(2476160K), 0.1548990 secs]
162304.212: [GC 2262717K->2192632K(2477056K), 0.2305670 secs]
162312.330: [GC 2287928K->2188429K(2477056K), 0.1714070 secs]
162321.241: [GC 2283594K->2196179K(2477056K), 0.1233050 secs]
162329.080: [GC 2275914K->2198470K(2477056K), 0.0991310 secs]
162331.022: [GC 2293766K->2263179K(2477056K), 0.1099750 secs]
162341.790: [GC 2357986K->2267921K(2477056K), 0.1214060 secs]
162341.912: [Full GC 2267921K->2086952K(2477056K), 1.2754380 secs]
162350.186: [GC 2182248K->2105628K(2477056K), 0.1093840 secs]
162354.472: [GC 2172043K->2107227K(2477056K), 0.0825600 secs]
162356.388: [GC 2202523K->2172054K(2477056K), 0.1132550 secs]
162364.079: [GC 2265238K->2153171K(2477056K), 0.0939230 secs]
162367.848: [GC 2248462K->2173458K(2477056K), 0.0853820 secs]
162375.017: [GC 2268754K->2176080K(2477056K), 0.0934040 secs]
162381.487: [GC 2271365K->2210981K(2474240K), 0.1445840 secs]
162382.756: [GC 2302899K->2258512K(2475648K), 0.1679160 secs]
162382.924: [Full GC 2258512K->1208976K(2475648K), 1.8969640 secs]
162395.232: [GC 1304272K->1219143K(2475008K), 0.1181970 secs]
162404.494: [GC 1321223K->1225272K(2475456K), 0.0558500 secs]
162406.901: [GC 1325127K->1265020K(2483008K), 0.1409030 secs]
162419.090: [GC 1377916K->1262862K(2482624K), 0.0903340 secs]
162423.566: [GC 1375748K->1291733K(2484416K), 0.0649270 secs]
162435.204: [GC 1413077K->1295371K(2485568K), 0.1250420 secs]
162444.891: [GC 1432963K->1337999K(2486144K), 0.0675890 secs]
162451.925: [GC 1469455K->1339625K(2490112K), 0.0754320 secs]
162463.202: [GC 1469501K->1361276K(2495040K), 0.0908880 secs]
162482.987: [GC 1501628K->1352703K(2496384K), 0.0968420 secs]
162486.776: [GC 1493055K->1417385K(2490240K), 0.1711240 secs]
162496.625: [GC 1554025K->1399638K(2497728K), 0.0886510 secs]
162507.604: [GC 1536278K->1416676K(2487808K), 0.1631880 secs]
162525.760: [GC 1544100K->1412124K(2464256K), 0.1357330 secs]
162532.002: [GC 1539548K->1424460K(2478272K), 0.1030890 secs]
162535.284: [GC 1534604K->1457496K(2481408K), 0.1606280 secs]
162540.998: [GC 1566848K->1477735K(2472704K), 0.1353600 secs]
162552.601: [GC 1573031K->1475744K(2477056K), 0.1316220 secs]
162568.233: [GC 1571040K->1502962K(2477056K), 0.1826320 secs]
162574.812: [GC 1574273K->1504255K(2477056K), 0.0819750 secs]
162576.485: [GC 1599551K->1536878K(2477056K), 0.1056870 secs]
162580.011: [GC 1632174K->1550774K(2477056K), 0.1130800 secs]
162586.889: [GC 1646070K->1565433K(2477056K), 0.1277940 secs]
162601.409: [GC 1660729K->1594383K(2477056K), 0.1131820 secs]
162607.850: [GC 1685593K->1606908K(2477056K), 0.0800200 secs]
162615.852: [GC 1702204K->1608180K(2477056K), 0.0783270 secs]
162617.828: [GC 1703476K->1641124K(2474496K), 0.0787410 secs]
162621.835: [GC 1736420K->1656930K(2475776K), 0.0873400 secs]
162628.590: [GC 1752226K->1664497K(2476992K), 0.1065780 secs]
162640.458: [GC 1742126K->1662463K(2478208K), 0.1823880 secs]
162642.871: [GC 1760383K->1695447K(2475456K), 0.1889850 secs]
162653.376: [GC 1790743K->1729821K(2477056K), 0.1703410 secs]
162658.623: [GC 1825117K->1741812K(2477056K), 0.1475790 secs]
162663.302: [GC 1823816K->1755208K(2408512K), 0.1226770 secs]
162665.179: [GC 1850504K->1819950K(2474624K), 0.1824960 secs]
162681.333: [GC 1914030K->1791729K(2475840K), 0.0896700 secs]
162688.008: [GC 1855810K->1794984K(2477056K), 0.0708810 secs]
162689.721: [GC 1890280K->1859517K(2477056K), 0.1100550 secs]
162694.963: [GC 1954813K->1845554K(2477056K), 0.0806510 secs]
162701.227: [GC 1939946K->1867931K(2477056K), 0.0850200 secs]
162711.033: [GC 1963227K->1857193K(2477056K), 0.1023300 secs]
162715.532: [GC 1952489K->1885503K(2414208K), 0.0817680 secs]
162722.674: [GC 1980799K->1887241K(2474752K), 0.1107580 secs]
162734.439: [GC 1988105K->1890577K(2471936K), 0.1089980 secs]
162740.874: [GC 1991441K->1905887K(2474176K), 0.1100290 secs]
162744.871: [GC 2012831K->1922758K(2476288K), 0.1702910 secs]
162747.014: [GC 2029660K->1963286K(2472320K), 0.1905000 secs]
162753.806: [GC 2058576K->1976596K(2477056K), 0.1680500 secs]
162765.621: [GC 2071892K->1972077K(2477056K), 0.1445000 secs]
162775.995: [GC 2067373K->1990244K(2477056K), 0.1739230 secs]
162778.196: [GC 2085531K->2023037K(2477056K), 0.1127160 secs]
162781.844: [GC 2118334K->2057512K(2477056K), 0.0986130 secs]
162787.967: [GC 2152803K->2053863K(2477056K), 0.0763950 secs]
162797.596: [GC 2149159K->2065566K(2477056K), 0.0752490 secs]
162808.264: [GC 2160862K->2064882K(2477056K), 0.0975360 secs]
162810.389: [GC 2155331K->2128918K(2477056K), 0.1229600 secs]
162816.834: [GC 2224194K->2148036K(2477056K), 0.1654120 secs]
162820.233: [GC 2237989K->2173912K(2477056K), 0.1272890 secs]
162827.291: [GC 2267410K->2195425K(2475520K), 0.0802030 secs]
162829.131: [GC 2285462K->2224249K(2410752K), 0.0902340 secs]
162832.368: [GC 2319535K->2288453K(2467200K), 0.1838890 secs]
162832.552: [Full GC 2288453K->2008508K(2467200K), 2.6449560 secs]
162838.168: [GC 2100092K->2036906K(2473216K), 0.1273680 secs]
162843.298: [GC 2124371K->2066861K(2470016K), 0.0923720 secs]
162845.156: [GC 2163178K->2119814K(2474304K), 0.1254030 secs]
162853.376: [GC 2219974K->2132469K(2475648K), 0.1245030 secs]
162859.633: [GC 2244909K->2171113K(2478848K), 0.1087480 secs]
162864.531: [GC 2283555K->2223236K(2480448K), 0.1318150 secs]
162865.991: [GC 2348609K->2248756K(2485056K), 0.0909980 secs]
162866.082: [Full GC 2248756K->1255161K(2485056K), 1.9285980 secs]
162879.369: [GC 1380597K->1294277K(2488448K), 0.0904930 secs]
162891.127: [GC 1431654K->1327173K(2493440K), 0.1356430 secs]
162926.385: [GC 1464842K->1358841K(2489792K), 0.1592960 secs]
162939.501: [GC 1496621K->1441811K(2488832K), 0.1589600 secs]
162953.711: [GC 1579602K->1422973K(2493312K), 0.0757750 secs]
162985.882: [GC 1546162K->1493232K(2484096K), 0.1410940 secs]
163007.744: [GC 1614142K->1467449K(2488832K), 0.0791260 secs]
163039.132: [GC 1579286K->1478216K(2485440K), 0.1025100 secs]
163059.071: [GC 1593672K->1510528K(2485760K), 0.1745270 secs]
163083.391: [GC 1615267K->1520546K(2468224K), 0.1588370 secs]
163096.729: [GC 1635426K->1552792K(2470656K), 0.1602180 secs]
163117.774: [GC 1648088K->1563852K(2477056K), 0.1708810 secs]
163130.336: [GC 1640503K->1564105K(2477056K), 0.1389760 secs]
163137.104: [GC 1659073K->1595795K(2477056K), 0.1372720 secs]
163151.739: [GC 1691074K->1610436K(2477056K), 0.1076460 secs]
163154.101: [GC 1705732K->1672852K(2438656K), 0.1855570 secs]
163176.825: [GC 1763997K->1704450K(2476928K), 0.1529370 secs]
163182.628: [GC 1794280K->1721258K(2476992K), 0.1975130 secs]
163202.518: [GC 1816483K->1785060K(2477056K), 0.2114010 secs]
163203.835: [GC 1880366K->1824334K(2477056K), 0.1753760 secs]
163216.352: [GC 1912572K->1792104K(2477056K), 0.1579060 secs]
163217.987: [GC 1887301K->1831415K(2477056K), 0.1180100 secs]
163225.300: [GC 1926710K->1935381K(2477056K), 0.2362750 secs]
163228.134: [GC 2030677K->1951185K(2477056K), 0.1074600 secs]
163230.024: [GC 2044438K->2029277K(2477056K), 0.1408900 secs]
163241.862: [GC 2124570K->2029305K(2477056K), 0.1331710 secs]
163251.002: [GC 2124589K->2061579K(2477056K), 0.1002080 secs]
163274.381: [GC 2156875K->2061737K(2477056K), 0.0650340 secs]
163279.060: [GC 2156511K->2080538K(2477056K), 0.0610350 secs]
163283.396: [GC 2175834K->2127190K(2477056K), 0.1304130 secs]
163306.595: [GC 2208467K->2135220K(2477056K), 0.0972190 secs]
163316.250: [GC 2230516K->2167151K(2477056K), 0.1130440 secs]
163330.871: [GC 2262446K->2200514K(2477056K), 0.1274680 secs]
163332.995: [GC 2295806K->2181535K(2477056K), 0.0843620 secs]
163334.484: [GC 2276820K->2245917K(2477056K), 0.1109030 secs]
163359.138: [GC 2327903K->2213861K(2477056K), 0.0875670 secs]
163372.893: [GC 2308309K->2245567K(2477056K), 0.0825140 secs]
163372.975: [Full GC 2245567K->2124041K(2477056K), 1.4015690 secs]
163378.545: [GC 2216183K->2139191K(2396992K), 0.0925270 secs]
163389.922: [GC 2225357K->2138684K(2479104K), 0.0759680 secs]
163397.436: [GC 2236860K->2172831K(2476224K), 0.0887190 secs]
163406.407: [GC 2271007K->2170845K(2479104K), 0.1097230 secs]
163415.060: [GC 2271517K->2210674K(2473856K), 0.1232200 secs]
163416.034: [GC 2289378K->2235216K(2477056K), 0.1746710 secs]
163418.626: [GC 2323640K->2267406K(2477056K), 0.1685640 secs]
163419.115: [GC 2362702K->2283229K(2477056K), 0.1403870 secs]
163419.255: [Full GC 2283229K->913570K(2273088K), 1.6855390 secs]
163421.346: [GC 1008866K->913618K(2273088K), 0.0183180 secs]
163422.059: [GC 1008914K->913610K(2273088K), 0.0182720 secs]
163433.275: [GC 1008906K->932212K(2273088K), 0.0296230 secs]
163438.428: [GC 1022341K->936706K(2273088K), 0.0477110 secs]
163462.995: [GC 1031998K->993733K(2273088K), 0.0901220 secs]
163484.319: [GC 1089029K->995878K(2273088K), 0.1063800 secs]
163485.045: [GC 1091158K->999159K(2273088K), 0.0239100 secs]
163485.797: [GC 1094455K->1023584K(2273088K), 0.0687040 secs]
163486.186: [GC 1118880K->1023570K(2273088K), 0.0889910 secs]
163486.594: [GC 1118866K->1023562K(2273088K), 0.0315030 secs]
163486.943: [GC 1118858K->1023586K(2273088K), 0.0321830 secs]
163487.324: [GC 1118882K->1023594K(2270528K), 0.0317900 secs]
163487.675: [GC 1118890K->1023602K(2271808K), 0.0380680 secs]
163497.923: [GC 1117883K->1057338K(2272832K), 0.0729400 secs]
163509.685: [GC 1158010K->1043946K(2271872K), 0.0519520 secs]
163512.233: [GC 1144619K->1077739K(2275136K), 0.0604640 secs]
163524.883: [GC 1185707K->1080135K(2274688K), 0.0728480 secs]
163538.226: [GC 1188103K->1084362K(2276544K), 0.0596500 secs]
163541.279: [GC 1203527K->1130552K(2278208K), 0.0639170 secs]
163547.779: [GC 1249720K->1147262K(2288704K), 0.1164340 secs]
163557.712: [GC 1272446K->1161016K(2224384K), 0.0754940 secs]
163573.680: [GC 1286200K->1165232K(2285824K), 0.0772240 secs]
163580.020: [GC 1295916K->1199418K(2281728K), 0.0808950 secs]
163581.870: [GC 1297405K->1228789K(2268224K), 0.1403460 secs]
163583.278: [GC 1337529K->1259356K(2254336K), 0.1511200 secs]
163597.686: [GC 1368092K->1292074K(2273088K), 0.1598250 secs]
163602.609: [GC 1387370K->1264017K(2273088K), 0.1164690 secs]
163614.033: [GC 1359313K->1266723K(2273088K), 0.0822690 secs]
163622.094: [GC 1362011K->1282929K(2273088K), 0.0554570 secs]
163625.308: [GC 1346565K->1284297K(2272576K), 0.0638280 secs]
163627.175: [GC 1379593K->1317065K(2212032K), 0.0973810 secs]
163644.928: [GC 1412361K->1348667K(2271872K), 0.0875570 secs]
163647.966: [GC 1446907K->1362581K(2269696K), 0.0903750 secs]
163649.140: [GC 1454245K->1433551K(2260928K), 0.1361970 secs]
163656.954: [GC 1528015K->1396741K(2272256K), 0.0810020 secs]
163664.367: [GC 1491203K->1412609K(2261312K), 0.0686450 secs]
163669.900: [GC 1509310K->1445851K(2267904K), 0.0773510 secs]
163672.240: [GC 1542555K->1489168K(2268608K), 0.0969950 secs]
163685.167: [GC 1596240K->1492117K(2271488K), 0.1190560 secs]
163691.880: [GC 1595474K->1505698K(2269376K), 0.0714890 secs]
163693.343: [GC 1616827K->1550135K(2274560K), 0.0911800 secs]
163696.340: [GC 1664370K->1576942K(2287424K), 0.1023660 secs]
163707.885: [GC 1697402K->1581340K(2208768K), 0.0702350 secs]
163715.615: [GC 1702556K->1596845K(2287232K), 0.0868550 secs]
163719.796: [GC 1722481K->1637582K(2282816K), 0.1039350 secs]
163733.770: [GC 1763213K->1644580K(2268480K), 0.1047000 secs]
163740.754: [GC 1748068K->1645099K(2251904K), 0.1087940 secs]
163744.241: [GC 1748587K->1679021K(2273088K), 0.1433990 secs]
163747.651: [GC 1774317K->1685100K(2217984K), 0.1882750 secs]
163754.134: [GC 1780396K->1701160K(2274176K), 0.1588290 secs]
163762.656: [GC 1798888K->1708578K(2271744K), 0.0892240 secs]
163774.158: [GC 1806305K->1715042K(2275008K), 0.0648510 secs]
163775.674: [GC 1817186K->1748672K(2273280K), 0.1153730 secs]
163782.001: [GC 1850816K->1753486K(2278016K), 0.0821830 secs]
163783.728: [GC 1840078K->1770160K(2276480K), 0.0969240 secs]
163784.887: [GC 1878644K->1817053K(2275712K), 0.1789160 secs]
163788.684: [GC 1928669K->1836531K(2277696K), 0.1040650 secs]
163792.753: [GC 1946256K->1855496K(2282880K), 0.0822230 secs]
163798.502: [GC 1978120K->1851691K(2281792K), 0.0770100 secs]
163802.430: [GC 1974287K->1892536K(2287936K), 0.0954140 secs]
163821.375: [GC 2023928K->1888955K(2288000K), 0.1405330 secs]
163828.652: [GC 2020347K->1924583K(2291200K), 0.0876400 secs]
163828.745: [GC 1925461K->1924495K(2292736K), 0.0900560 secs]
163836.752: [GC 2062159K->1972768K(2291392K), 0.1473140 secs]
163843.310: [GC 2115104K->1993694K(2293568K), 0.1318050 secs]
163856.430: [GC 2136030K->2008884K(2296512K), 0.1098280 secs]
163862.096: [GC 2160308K->2040748K(2297664K), 0.0998340 secs]
163875.471: [GC 2192172K->2058876K(2299776K), 0.1992150 secs]
163875.670: [Full GC 2058876K->1735101K(2503744K), 2.4724400 secs]
163879.664: [GC 1900187K->1835731K(2498944K), 0.1042710 secs]
163885.078: [GC 1978512K->1866388K(2503808K), 0.1184460 secs]
163893.543: [GC 2016340K->1931925K(2502784K), 0.1125500 secs]
163904.316: [GC 2081877K->1912669K(2488576K), 0.0958740 secs]
163911.596: [GC 2044571K->1945819K(2495680K), 0.0881890 secs]
163918.510: [GC 2077271K->1986078K(2493504K), 0.1557390 secs]
163924.047: [GC 2121054K->1978143K(2495808K), 0.0951550 secs]
163933.662: [GC 2106026K->1984347K(2495168K), 0.1275320 secs]
163941.212: [GC 2122907K->2015939K(2497024K), 0.1056330 secs]
163950.584: [GC 2154499K->2033033K(2494400K), 0.0949870 secs]
163953.598: [GC 2176585K->2057489K(2497472K), 0.1224780 secs]
163961.656: [GC 2191014K->2042011K(2503744K), 0.1453500 secs]
163966.170: [GC 2189723K->2085849K(2486528K), 0.1398450 secs]
163972.916: [GC 2230200K->2065639K(2498432K), 0.1295040 secs]
163982.474: [GC 2203559K->2106096K(2465344K), 0.1215980 secs]
163986.286: [GC 2244016K->2153719K(2492224K), 0.1275040 secs]
163992.592: [GC 2281430K->2152736K(2494976K), 0.1408230 secs]
163997.842: [GC 2282430K->2178023K(2485952K), 0.1194380 secs]
164006.909: [GC 2311207K->2186203K(2490816K), 0.1300020 secs]
164011.837: [GC 2319387K->2210913K(2493056K), 0.0993660 secs]
164018.623: [GC 2356892K->2223620K(2497408K), 0.1802450 secs]
164022.414: [GC 2369604K->2249180K(2499648K), 0.1459670 secs]
164027.013: [GC 2399108K->2251969K(2503744K), 0.0926450 secs]
164041.245: [GC 2408385K->2242950K(2511488K), 0.0948140 secs]
164041.340: [Full GC 2242950K->1760885K(2511488K), 2.4626330 secs]
164053.107: [GC 1927989K->1787032K(2479808K), 0.1160930 secs]
164061.716: [GC 1953893K->1829781K(2501568K), 0.1276610 secs]
164066.915: [GC 1989333K->1841250K(2509184K), 0.1162820 secs]
164074.863: [GC 2000789K->1890427K(2500096K), 0.1431220 secs]
164083.148: [GC 2042415K->1924219K(2484864K), 0.1576630 secs]
164088.917: [GC 2076219K->1942559K(2493632K), 0.1831820 secs]
164103.155: [GC 2080735K->1959080K(2498496K), 0.1596100 secs]
164106.446: [GC 2090773K->1984561K(2497216K), 0.1270980 secs]
164109.697: [GC 2126193K->2004584K(2498560K), 0.1215240 secs]
164120.652: [GC 2146216K->2022535K(2500544K), 0.1003500 secs]
164128.528: [GC 2169095K->2041307K(2500288K), 0.1100710 secs]
164134.522: [GC 2187867K->2073969K(2500800K), 0.1531330 secs]
164140.483: [GC 2226289K->2115636K(2502336K), 0.1164880 secs]
164155.888: [GC 2258545K->2128000K(2503616K), 0.1070620 secs]
164157.826: [GC 2281279K->2172359K(2486080K), 0.1031930 secs]
164167.711: [GC 2325639K->2194519K(2504256K), 0.1150040 secs]
164179.179: [GC 2343767K->2229108K(2459200K), 0.1160620 secs]
164182.180: [GC 2374493K->2310513K(2497280K), 0.1566930 secs]
164182.337: [Full GC 2310513K->1886022K(2497280K), 2.5449250 secs]
164192.199: [GC 1996205K->1896035K(2501184K), 0.0837440 secs]
164194.927: [GC 2041376K->1945857K(2495744K), 0.0992140 secs]
164203.038: [GC 2085803K->2004616K(2499392K), 0.1279860 secs]
164209.121: [GC 2140916K->2037477K(2497792K), 0.0949310 secs]
164223.689: [GC 2179621K->2035405K(2499328K), 0.0896940 secs]
164227.028: [GC 2175521K->2072371K(2500672K), 0.1143110 secs]
164237.329: [GC 2216371K->2084403K(2500928K), 0.0982200 secs]
164245.485: [GC 2228403K->2111381K(2497600K), 0.1205100 secs]
164253.618: [GC 2257429K->2127367K(2499328K), 0.1290640 secs]
164262.512: [GC 2273415K->2145679K(2503360K), 0.1075360 secs]
164268.603: [GC 2299663K->2179789K(2492288K), 0.1453270 secs]
164273.378: [GC 2333773K->2209910K(2483456K), 0.1515500 secs]
164286.331: [GC 2337712K->2220443K(2493312K), 0.1512370 secs]
164288.142: [GC 2348179K->2303049K(2484672K), 0.1735250 secs]
164288.316: [Full GC 2303049K->1880581K(2484672K), 2.4921340 secs]
164293.269: [GC 1994181K->1921434K(2489216K), 0.0970840 secs]
164302.409: [GC 2041050K->1949407K(2488768K), 0.1270920 secs]
164307.906: [GC 2071903K->1966537K(2490432K), 0.0833460 secs]
164318.800: [GC 2088313K->1983513K(2486464K), 0.1094270 secs]
164322.838: [GC 2108183K->2018140K(2488640K), 0.1088600 secs]
164326.397: [GC 2137038K->2030567K(2493760K), 0.1072540 secs]
164330.264: [GC 2158460K->2068310K(2493632K), 0.1210110 secs]
164340.746: [GC 2202454K->2086275K(2495680K), 0.1057630 secs]
164347.510: [GC 2226563K->2114494K(2497216K), 0.1160450 secs]
164358.857: [GC 2254414K->2132729K(2496512K), 0.1425130 secs]
164364.682: [GC 2279225K->2172665K(2499200K), 0.1500880 secs]
164372.964: [GC 2318377K->2186992K(2504576K), 0.1117550 secs]
164380.480: [GC 2338736K->2219180K(2504512K), 0.0993180 secs]
164390.204: [GC 2370741K->2230028K(2501696K), 0.1366610 secs]
164399.140: [GC 2374388K->2243825K(2496000K), 0.1637320 secs]
164402.237: [GC 2393905K->2289780K(2475712K), 0.2375670 secs]
164416.160: [GC 2396774K->2292536K(2459712K), 0.1497810 secs]
164416.310: [Full GC 2292536K->1868738K(2459712K), 2.5360920 secs]
164422.709: [GC 1982978K->1881353K(2483776K), 0.0908020 secs]
164428.866: [GC 1989569K->1915552K(2429504K), 0.0986700 secs]
164433.269: [GC 2023776K->1948627K(2477184K), 0.1163940 secs]
164440.001: [GC 2055587K->1961622K(2478336K), 0.0688360 secs]
164443.717: [GC 2069225K->1991399K(2482624K), 0.0982380 secs]
164445.553: [GC 2109465K->2037123K(2484736K), 0.1043700 secs]
164452.290: [GC 2155203K->2033525K(2491328K), 0.1255770 secs]
164456.938: [GC 2155011K->2068107K(2444864K), 0.0834370 secs]
164464.706: [GC 2190956K->2111518K(2490432K), 0.1105860 secs]
164478.269: [GC 2237342K->2115911K(2488256K), 0.0795600 secs]
164482.961: [GC 2236038K->2129395K(2491904K), 0.0834020 secs]
164486.746: [GC 2264365K->2175282K(2485632K), 0.1132810 secs]
164497.857: [GC 2310258K->2180307K(2474048K), 0.1692030 secs]
164502.614: [GC 2283310K->2223053K(2473216K), 0.1993340 secs]
164504.818: [GC 2310129K->2224807K(2477056K), 0.1638140 secs]
164504.982: [Full GC 2224807K->1964638K(2477056K), 2.6188210 secs]
164508.366: [GC 2059935K->2043168K(2477056K), 0.1096150 secs]
164517.897: [GC 2138464K->2000787K(2477056K), 0.1314660 secs]
164527.250: [GC 2090073K->2005252K(2477056K), 0.0789000 secs]
164529.124: [GC 2100548K->2031398K(2477056K), 0.1416860 secs]
164538.705: [GC 2126694K->2034584K(2477056K), 0.0752080 secs]
164544.044: [GC 2129880K->2041616K(2473472K), 0.0818620 secs]
164549.038: [GC 2136912K->2082809K(2475264K), 0.0876250 secs]
164550.247: [GC 2183801K->2116679K(2466624K), 0.1399150 secs]
164553.919: [GC 2185938K->2104260K(2472896K), 0.1064120 secs]
164556.590: [GC 2204612K->2169278K(2470208K), 0.1251090 secs]
164561.942: [GC 2266163K->2153312K(2478848K), 0.0932480 secs]
164570.491: [GC 2252192K->2155797K(2471232K), 0.0760360 secs]
164577.522: [GC 2258709K->2172541K(2477056K), 0.1175940 secs]
164582.544: [GC 2250982K->2175708K(2478656K), 0.0922860 secs]
164583.555: [GC 2289378K->2227457K(2481088K), 0.1004800 secs]
164596.956: [GC 2341121K->2255416K(2488448K), 0.1950190 secs]
164597.152: [Full GC 2255416K->1725316K(2488448K), 2.3815690 secs]
164604.977: [GC 1841284K->1770679K(2486336K), 0.1834390 secs]
164609.110: [GC 1886647K->1755247K(2481280K), 0.0739280 secs]
164617.541: [GC 1869248K->1786615K(2483840K), 0.0890410 secs]
164627.099: [GC 1899175K->1790761K(2488128K), 0.1108540 secs]
164634.486: [GC 1896729K->1797851K(2489408K), 0.0642820 secs]
164639.289: [GC 1923930K->1831065K(2490368K), 0.0991070 secs]
164652.233: [GC 1948934K->1835209K(2465728K), 0.1123410 secs]
164656.562: [GC 1965512K->1866451K(2463168K), 0.2088770 secs]
164658.951: [GC 1961299K->1880851K(2477120K), 0.1352840 secs]
164661.507: [GC 1977032K->1912135K(2476992K), 0.1738130 secs]
164671.067: [GC 2007431K->1915629K(2477056K), 0.2057050 secs]
164681.317: [GC 2010919K->1958442K(2477056K), 0.1231960 secs]
164686.025: [GC 2042861K->1959886K(2477056K), 0.0608600 secs]
164687.475: [GC 2055182K->2024741K(2477056K), 0.1245110 secs]
164697.283: [GC 2120037K->1996889K(2477056K), 0.1171480 secs]
164700.790: [GC 2092185K->2013727K(2477056K), 0.1433380 secs]
164704.436: [GC 2109023K->2034188K(2477056K), 0.0916980 secs]
164708.399: [GC 2129484K->2048947K(2477056K), 0.0924250 secs]
164713.770: [GC 2144234K->2082551K(2416320K), 0.0988410 secs]
164719.773: [GC 2177847K->2121463K(2478464K), 0.1471160 secs]
164728.368: [GC 2218999K->2124736K(2388032K), 0.0716760 secs]
164739.778: [GC 2222272K->2129000K(2478528K), 0.1163950 secs]
164741.560: [GC 2230822K->2179551K(2475904K), 0.0899470 secs]
164745.867: [GC 2281375K->2180602K(2481728K), 0.1023540 secs]
164752.827: [GC 2283130K->2199423K(2408000K), 0.0804650 secs]
164764.130: [GC 2301951K->2201698K(2476608K), 0.0945770 secs]
164767.491: [GC 2306433K->2231433K(2474112K), 0.0817110 secs]
164777.810: [GC 2336457K->2224733K(2472128K), 0.1591560 secs]
164786.770: [GC 2339229K->2245768K(2476992K), 0.1765180 secs]
164790.708: [GC 2360255K->2280971K(2476096K), 0.1896610 secs]
164792.762: [GC 2390987K->2293744K(2469696K), 0.1975050 secs]
164802.238: [GC 2401711K->2329296K(2477056K), 0.1934590 secs]
164802.431: [Full GC 2329296K->2188117K(2477056K), 1.3179210 secs]
164812.051: [GC 2283413K->2199794K(2477056K), 0.0782940 secs]
164816.931: [GC 2295090K->2214805K(2477056K), 0.0829460 secs]
164824.297: [GC 2310095K->2235245K(2403456K), 0.0755390 secs]
164833.345: [GC 2330541K->2239251K(2477440K), 0.0845910 secs]
164833.430: [Full GC 2239251K->900437K(2238656K), 1.7794390 secs]
164842.617: [GC 997205K->913091K(2157184K), 0.0396310 secs]
164849.479: [GC 1009838K->918160K(2235520K), 0.0601530 secs]
164850.135: [GC 1025077K->986049K(2235648K), 0.0951590 secs]
164854.848: [GC 1089343K->971414K(2238272K), 0.1338240 secs]
164862.028: [GC 1066704K->988411K(2160320K), 0.1616270 secs]
164867.045: [GC 1068196K->987825K(2238144K), 0.0386810 secs]
164872.891: [GC 1084145K->1009815K(2166144K), 0.0475910 secs]
164882.362: [GC 1106134K->1018236K(2234688K), 0.0582050 secs]
164886.250: [GC 1118164K->1034447K(2234112K), 0.0604090 secs]
164896.641: [GC 1138127K->1035935K(2242496K), 0.0924710 secs]
164902.688: [GC 1117988K->1039397K(2243776K), 0.1153300 secs]
164904.441: [GC 1150121K->1072078K(2230336K), 0.1702230 secs]
164908.115: [GC 1167238K->1085415K(2238272K), 0.1428330 secs]
164912.600: [GC 1180711K->1105602K(2238272K), 0.1706800 secs]
164925.424: [GC 1200551K->1137104K(2238272K), 0.1174820 secs]
164929.784: [GC 1232397K->1150771K(2238272K), 0.0882860 secs]
164931.182: [GC 1243992K->1183683K(2238272K), 0.1072880 secs]
164933.364: [GC 1278916K->1208054K(2238016K), 0.1453990 secs]
164941.712: [GC 1303350K->1203408K(2238144K), 0.0697010 secs]
164946.534: [GC 1298704K->1219297K(2232896K), 0.0625650 secs]
164953.261: [GC 1314721K->1236003K(2235584K), 0.0952010 secs]
164959.528: [GC 1331427K->1251940K(2235264K), 0.1338470 secs]
164974.324: [GC 1356004K->1254023K(2237952K), 0.0639730 secs]
164981.061: [GC 1358086K->1267698K(2233408K), 0.0794140 secs]
164982.264: [GC 1379945K->1300589K(2238272K), 0.1284120 secs]
164988.613: [GC 1407734K->1302030K(2245696K), 0.1281770 secs]
164992.124: [GC 1413454K->1317775K(2177920K), 0.1414000 secs]
164999.292: [GC 1429199K->1334963K(2246976K), 0.1207490 secs]
165005.161: [GC 1449651K->1348492K(2244352K), 0.0673460 secs]
165022.457: [GC 1463178K->1351554K(2247424K), 0.0721760 secs]
165029.580: [GC 1471554K->1365826K(2246720K), 0.0802470 secs]
165037.857: [GC 1485826K->1382112K(2250880K), 0.1610790 secs]
165040.694: [GC 1510875K->1422149K(2250112K), 0.1111420 secs]
165048.018: [GC 1550543K->1430056K(2232320K), 0.1812000 secs]
165060.015: [GC 1532648K->1422296K(2212992K), 0.1276840 secs]
165063.670: [GC 1524888K->1454418K(2238272K), 0.1425190 secs]
165068.115: [GC 1548764K->1439638K(2238272K), 0.1207020 secs]
165072.411: [GC 1534934K->1453465K(2238272K), 0.1099350 secs]
165079.311: [GC 1548761K->1469006K(2238272K), 0.1213760 secs]
165087.964: [GC 1563922K->1473312K(2238272K), 0.0772920 secs]
165091.007: [GC 1567362K->1490779K(2161280K), 0.1065310 secs]
165093.076: [GC 1586075K->1519336K(2239232K), 0.1069590 secs]
165107.074: [GC 1616168K->1523345K(2237696K), 0.0995220 secs]
165111.432: [GC 1616160K->1545128K(2232576K), 0.0669260 secs]
165118.357: [GC 1643707K->1539060K(2235520K), 0.0696520 secs]
165121.449: [GC 1638964K->1570222K(2237888K), 0.0961260 secs]
165129.767: [GC 1676078K->1572821K(2240128K), 0.1273890 secs]
165135.478: [GC 1697875K->1612379K(2235712K), 0.0908800 secs]
165138.123: [GC 1711387K->1614180K(2210112K), 0.1484050 secs]
165148.895: [GC 1713188K->1615036K(2238272K), 0.1069310 secs]
165152.710: [GC 1710332K->1630885K(2238272K), 0.1328090 secs]
165159.500: [GC 1726181K->1680449K(2238272K), 0.1577810 secs]
165162.580: [GC 1775744K->1713878K(2238272K), 0.1346530 secs]
165168.711: [GC 1809174K->1715944K(2238272K), 0.1403570 secs]
165176.200: [GC 1804765K->1728514K(2238272K), 0.1593720 secs]
165187.150: [GC 1823810K->1763392K(2238272K), 0.1346610 secs]
165191.847: [GC 1855460K->1795498K(2238272K), 0.0926000 secs]
165196.884: [GC 1890787K->1792096K(2238272K), 0.0775070 secs]
165201.618: [GC 1873617K->1792668K(2238272K), 0.0715360 secs]
165205.251: [GC 1887964K->1814429K(2238272K), 0.0684440 secs]
165207.304: [GC 1936491K->1866807K(2164096K), 0.1060050 secs]
165211.022: [GC 1962103K->1859817K(2235776K), 0.0675280 secs]
165222.841: [GC 1955108K->1877765K(2235776K), 0.1087440 secs]
165230.984: [GC 1973061K->1880100K(2233472K), 0.0859770 secs]
165239.896: [GC 1983012K->1883476K(2235136K), 0.1311450 secs]
165243.011: [GC 1986388K->1898418K(2238784K), 0.1289320 secs]
165245.193: [GC 2010354K->1944667K(2238400K), 0.1401990 secs]
165255.179: [GC 2056603K->1927723K(2243072K), 0.1395940 secs]
165256.984: [GC 2050251K->1996932K(2240640K), 0.1933570 secs]
165265.922: [GC 2103364K->1968019K(2235904K), 0.1149320 secs]
165272.216: [GC 2063314K->1984632K(2238272K), 0.1506860 secs]
165279.790: [GC 2079676K->1986134K(2233920K), 0.0880430 secs]
165283.678: [GC 2082774K->2009397K(2236608K), 0.1013620 secs]
165285.624: [GC 2111721K->2056302K(2238144K), 0.1198120 secs]
165288.245: [GC 2157934K->2074286K(2259776K), 0.1351370 secs]
165288.380: [Full GC 2074286K->1894232K(2479296K), 1.8368360 secs]
165294.567: [GC 1995864K->1913200K(2475776K), 0.1031930 secs]
165299.713: [GC 2017258K->1936016K(2478784K), 0.0932530 secs]
165301.602: [GC 2036031K->1969303K(2474752K), 0.1074120 secs]
165305.710: [GC 2069842K->2011890K(2479296K), 0.1065260 secs]
165308.720: [GC 2124711K->2048764K(2487616K), 0.1400270 secs]
165313.528: [GC 2175676K->2080536K(2489856K), 0.1199140 secs]
165321.104: [GC 2207448K->2103245K(2488320K), 0.0978210 secs]
165326.310: [GC 2236813K->2134188K(2492416K), 0.1653370 secs]
165331.158: [GC 2267082K->2151484K(2495552K), 0.1463080 secs]
165337.030: [GC 2296252K->2202180K(2497984K), 0.1417090 secs]
165348.212: [GC 2346948K->2235019K(2502016K), 0.1616710 secs]
165348.373: [Full GC 2235019K->1612981K(2502016K), 2.2573180 secs]
165356.099: [GC 1766389K->1647907K(2504320K), 0.0969620 secs]
165372.030: [GC 1801289K->1652965K(2507392K), 0.1275640 secs]
165377.757: [GC 1810469K->1683974K(2483072K), 0.2116810 secs]
165389.009: [GC 1841478K->1692477K(2502336K), 0.1229580 secs]
165396.903: [GC 1843895K->1733202K(2494976K), 0.1711020 secs]
165404.830: [GC 1883902K->1752469K(2499904K), 0.1333130 secs]
165409.268: [GC 1893141K->1761758K(2480640K), 0.1199080 secs]
165419.816: [GC 1901163K->1779725K(2479488K), 0.2362730 secs]
165422.805: [GC 1897421K->1811627K(2475968K), 0.2667430 secs]
165432.589: [GC 1929323K->1815944K(2472960K), 0.1917950 secs]
165443.340: [GC 1911240K->1819406K(2477056K), 0.1261800 secs]
165447.687: [GC 1914702K->1833593K(2477056K), 0.1391470 secs]
165455.199: [GC 1928385K->1848331K(2477056K), 0.1749100 secs]
165464.832: [GC 1943627K->1852363K(2477056K), 0.1495270 secs]
165467.294: [GC 1947659K->1885958K(2477056K), 0.1503350 secs]
165469.962: [GC 1971445K->1887189K(2477056K), 0.1270470 secs]
165472.107: [GC 1982485K->1908378K(2477056K), 0.1123530 secs]
165480.461: [GC 2003674K->1910280K(2477056K), 0.1219730 secs]
165488.644: [GC 2004608K->1913324K(2477056K), 0.1354040 secs]
165493.953: [GC 2008620K->1927776K(2477056K), 0.0734500 secs]
165499.793: [GC 2023072K->1961990K(2477056K), 0.1250160 secs]
165509.204: [GC 2057286K->1966645K(2477056K), 0.0877840 secs]
165518.397: [GC 2061941K->1980537K(2398528K), 0.0672770 secs]
165520.343: [GC 2074959K->2013023K(2474624K), 0.1009950 secs]
165527.997: [GC 2107871K->2016229K(2417792K), 0.1860250 secs]
165531.121: [GC 2111077K->2033564K(2476800K), 0.1166770 secs]
165534.465: [GC 2135836K->2057892K(2474176K), 0.1036330 secs]
165541.085: [GC 2160164K->2070562K(2474048K), 0.1281670 secs]
165545.122: [GC 2183266K->2083031K(2477056K), 0.0774320 secs]
165556.141: [GC 2195735K->2085998K(2483456K), 0.1288530 secs]
165563.747: [GC 2209006K->2101633K(2484992K), 0.0708240 secs]
165572.998: [GC 2211531K->2105335K(2481664K), 0.1112660 secs]
165573.992: [GC 2238391K->2181047K(2486528K), 0.1535820 secs]
165587.293: [GC 2312660K->2175492K(2486080K), 0.1355520 secs]
165595.135: [GC 2298308K->2197596K(2490816K), 0.1386520 secs]
165597.537: [GC 2313767K->2231398K(2483200K), 0.1127890 secs]
165608.310: [GC 2358246K->2245991K(2487360K), 0.1234760 secs]
165608.433: [Full GC 2245991K->2169452K(2487360K), 1.4024340 secs]
165615.827: [GC 2296300K->2184663K(2493376K), 0.0716190 secs]
165623.184: [GC 2322386K->2202439K(2496576K), 0.0969600 secs]
165632.734: [GC 2341698K->2223182K(2494656K), 0.0845080 secs]
165642.665: [GC 2354851K->2227846K(2498368K), 0.0858300 secs]
165648.958: [GC 2374179K->2264600K(2502912K), 0.1378740 secs]
165655.461: [GC 2415956K->2282312K(2497152K), 0.1028860 secs]
165663.882: [GC 2433672K->2292991K(2476288K), 0.1574700 secs]
165673.516: [GC 2407615K->2307626K(2485760K), 0.1566270 secs]
165677.094: [GC 2415004K->2334585K(2468352K), 0.2776640 secs]
165677.372: [Full GC 2334585K->1048893K(2382592K), 1.8733870 secs]
165690.394: [GC 1144189K->1061609K(2391296K), 0.0551830 secs]
165695.433: [GC 1156904K->1071292K(2391296K), 0.0444270 secs]
165699.323: [GC 1166342K->1088495K(2391296K), 0.0650960 secs]
165700.466: [GC 1183791K->1121218K(2388224K), 0.0637190 secs]
165706.631: [GC 1216514K->1155100K(2389760K), 0.1212650 secs]
165714.800: [GC 1250013K->1159556K(2389888K), 0.0678610 secs]
165718.393: [GC 1258052K->1177459K(2391424K), 0.0819060 secs]
165725.730: [GC 1275955K->1193939K(2389120K), 0.0687230 secs]
165731.066: [GC 1299731K->1211162K(2390336K), 0.0959050 secs]
165743.252: [GC 1316952K->1208948K(2387904K), 0.0930730 secs]
165745.311: [GC 1323560K->1249852K(2392448K), 0.1345000 secs]
165749.654: [GC 1364476K->1251174K(2398592K), 0.1022290 secs]
165754.560: [GC 1360294K->1265780K(2328832K), 0.1330880 secs]
165761.110: [GC 1374900K->1272357K(2396096K), 0.0857580 secs]
165769.947: [GC 1382501K->1291197K(2395072K), 0.0659470 secs]
165774.922: [GC 1401341K->1307033K(2399040K), 0.1072910 secs]
165788.120: [GC 1420967K->1306040K(2397888K), 0.0746490 secs]
165790.670: [GC 1425528K->1339288K(2393792K), 0.1082950 secs]
165799.381: [GC 1458008K->1349227K(2381696K), 0.1615200 secs]
165807.722: [GC 1467947K->1365547K(2387200K), 0.1391860 secs]
165812.404: [GC 1462891K->1377198K(2371904K), 0.1317050 secs]
165816.129: [GC 1471670K->1409047K(2391296K), 0.1570430 secs]
165824.732: [GC 1504339K->1405495K(2391296K), 0.0947080 secs]
165832.044: [GC 1500791K->1408040K(2391296K), 0.1385050 secs]
165838.581: [GC 1503334K->1424591K(2391296K), 0.0687570 secs]
165844.008: [GC 1516422K->1423928K(2391296K), 0.0689280 secs]
165848.615: [GC 1519224K->1445637K(2317824K), 0.0669490 secs]
165851.550: [GC 1536561K->1453410K(2392640K), 0.0719510 secs]
165853.353: [GC 1554338K->1486437K(2389504K), 0.1486250 secs]
165864.392: [GC 1587365K->1483962K(2393088K), 0.1406080 secs]
165870.912: [GC 1588346K->1496003K(2393024K), 0.1304170 secs]
165881.118: [GC 1600387K->1500411K(2397632K), 0.0788000 secs]
165883.794: [GC 1610701K->1524276K(2335488K), 0.0833040 secs]
165889.109: [GC 1634804K->1527171K(2397632K), 0.0657570 secs]
165895.001: [GC 1642819K->1529300K(2395648K), 0.0626000 secs]
165898.471: [GC 1644948K->1548626K(2397824K), 0.0961050 secs]
165902.063: [GC 1657855K->1555648K(2401088K), 0.1127630 secs]
165910.775: [GC 1682560K->1587510K(2408000K), 0.1091720 secs]
165918.896: [GC 1725238K->1603537K(2410240K), 0.1280310 secs]
165930.366: [GC 1741261K->1623788K(2389824K), 0.1292070 secs]
165934.317: [GC 1737132K->1640028K(2388416K), 0.1496450 secs]
165942.149: [GC 1753369K->1657317K(2391296K), 0.1438880 secs]
165946.058: [GC 1752613K->1658451K(2316352K), 0.1099720 secs]
165953.886: [GC 1751406K->1684841K(2392768K), 0.1347130 secs]
165955.483: [GC 1781993K->1721361K(2390912K), 0.0894030 secs]
165959.214: [GC 1818455K->1733796K(2389760K), 0.0907870 secs]
165969.149: [GC 1833700K->1730230K(2390656K), 0.0943190 secs]
165974.678: [GC 1830674K->1740803K(2391936K), 0.1139600 secs]
165980.371: [GC 1846851K->1762048K(2394368K), 0.0741310 secs]
165992.527: [GC 1860409K->1780743K(2397696K), 0.0817610 secs]
166000.528: [GC 1894471K->1796268K(2397056K), 0.0690860 secs]
166005.919: [GC 1909993K->1829498K(2395648K), 0.1127920 secs]
166009.722: [GC 1945785K->1842052K(2379392K), 0.1109000 secs]
166015.498: [GC 1951242K->1844389K(2385728K), 0.1433430 secs]
166016.380: [GC 1939677K->1878291K(2391296K), 0.1472910 secs]
166022.120: [GC 1973587K->1879851K(2391296K), 0.2158350 secs]
166027.714: [GC 1975147K->1891054K(2391296K), 0.1685130 secs]
166037.872: [GC 1986342K->1902893K(2391296K), 0.1212060 secs]
166045.425: [GC 1998189K->1904654K(2391296K), 0.0670980 secs]
166052.527: [GC 1991748K->1908300K(2389248K), 0.0846190 secs]
166057.495: [GC 2003489K->1919988K(2309760K), 0.0587920 secs]
166061.424: [GC 2015282K->1939387K(2390592K), 0.0808390 secs]
166062.581: [GC 2038561K->1978293K(2389376K), 0.1410380 secs]
166070.434: [GC 2081909K->1976237K(2399552K), 0.1052360 secs]
166073.051: [GC 2092389K->2009065K(2399040K), 0.0938720 secs]
166084.603: [GC 2125225K->2010232K(2402624K), 0.1494870 secs]
166091.863: [GC 2132664K->2022656K(2401216K), 0.0708850 secs]
166099.458: [GC 2145086K->2042823K(2403584K), 0.0766120 secs]
166108.501: [GC 2172774K->2049922K(2403456K), 0.0861880 secs]
166109.737: [GC 2185879K->2147070K(2395840K), 0.1348540 secs]
166117.574: [GC 2268600K->2139416K(2407424K), 0.1200770 secs]
166130.544: [GC 2266968K->2142810K(2401088K), 0.0989050 secs]
166130.643: [Full GC 2142810K->1955402K(2486848K), 1.7185220 secs]
166136.971: [GC 2067276K->1970948K(2491392K), 0.0689880 secs]
166142.468: [GC 2101252K->2035356K(2479360K), 0.1248440 secs]
166153.656: [GC 2157660K->2007665K(2490560K), 0.0775060 secs]
166156.223: [GC 2129969K->2039299K(2484224K), 0.1136710 secs]
166169.360: [GC 2163587K->2043983K(2488384K), 0.1131510 secs]
166173.449: [GC 2161467K->2067445K(2484288K), 0.0992960 secs]
166184.403: [GC 2200053K->2084962K(2490496K), 0.0997810 secs]
166187.010: [GC 2211901K->2131936K(2492736K), 0.1171510 secs]
166195.326: [GC 2263392K->2129128K(2497600K), 0.1138630 secs]
166205.438: [GC 2265512K->2152445K(2486848K), 0.1080320 secs]
166218.884: [GC 2291773K->2158257K(2493184K), 0.1061090 secs]
166226.778: [GC 2297585K->2173434K(2496512K), 0.0837780 secs]
166236.492: [GC 2325626K->2183601K(2500480K), 0.1036650 secs]
166240.615: [GC 2335793K->2214167K(2494784K), 0.1470550 secs]
166246.113: [GC 2363094K->2248427K(2491328K), 0.1486680 secs]
166257.619: [GC 2397355K->2260971K(2496960K), 0.1600590 secs]
166267.204: [GC 2395883K->2272872K(2434048K), 0.1461460 secs]
166267.351: [Full GC 2272872K->1294850K(2434048K), 1.9934660 secs]
166276.160: [GC 1429762K->1309117K(2497344K), 0.0611770 secs]
166284.164: [GC 1446397K->1349357K(2494976K), 0.1179510 secs]
166294.058: [GC 1486637K->1340668K(2498176K), 0.1489480 secs]
166298.289: [GC 1482556K->1361373K(2482944K), 0.1904260 secs]
166302.724: [GC 1503261K->1424991K(2475264K), 0.1353980 secs]
166311.448: [GC 1537823K->1421977K(2403584K), 0.1342000 secs]
166316.903: [GC 1534809K->1432103K(2487872K), 0.0648270 secs]
166326.580: [GC 1542529K->1447985K(2418432K), 0.0609130 secs]
166337.961: [GC 1562801K->1452049K(2483648K), 0.1216540 secs]
166352.641: [GC 1542083K->1451775K(2482560K), 0.0661020 secs]
166354.743: [GC 1567679K->1485519K(2489856K), 0.1017800 secs]
166361.679: [GC 1610319K->1496672K(2489472K), 0.0802480 secs]
166370.690: [GC 1621472K->1513205K(2489472K), 0.0903870 secs]
166390.027: [GC 1640053K->1513711K(2490496K), 0.0668860 secs]
166405.907: [GC 1640559K->1518959K(2490368K), 0.0678070 secs]
166408.511: [GC 1669395K->1570734K(2492864K), 0.0909440 secs]
166410.349: [GC 1703044K->1587221K(2484864K), 0.1003530 secs]
166427.456: [GC 1710545K->1582023K(2491072K), 0.1111980 secs]
166441.333: [GC 1705351K->1586663K(2485120K), 0.0793990 secs]
166449.214: [GC 1711670K->1595599K(2489472K), 0.0763590 secs]
166459.610: [GC 1722383K->1618952K(2485184K), 0.1144110 secs]
166462.245: [GC 1752519K->1658933K(2491392K), 0.1376430 secs]
166480.961: [GC 1795253K->1684235K(2494784K), 0.1518130 secs]
166488.523: [GC 1807182K->1703481K(2436736K), 0.0805850 secs]
166495.470: [GC 1832633K->1715799K(2492864K), 0.1035850 secs]
166516.309: [GC 1849367K->1717319K(2488448K), 0.0607700 secs]
166519.438: [GC 1850684K->1751279K(2498112K), 0.0748580 secs]
166528.536: [GC 1895215K->1761722K(2498816K), 0.1028600 secs]
166539.435: [GC 1905658K->1782277K(2479296K), 0.1816510 secs]
166558.352: [GC 1902917K->1780541K(2471616K), 0.1408200 secs]
166566.459: [GC 1901171K->1814417K(2472000K), 0.1501470 secs]
166571.489: [GC 1909713K->1815946K(2477056K), 0.1660830 secs]
166578.121: [GC 1906989K->1831366K(2477056K), 0.1164480 secs]
166587.456: [GC 1926662K->1835383K(2402240K), 0.1138980 secs]
166594.817: [GC 1930676K->1910625K(2476160K), 0.1254110 secs]
166598.249: [GC 2005473K->1912201K(2476608K), 0.1134150 secs]
166603.342: [GC 2007049K->1929376K(2477056K), 0.0724800 secs]
166615.039: [GC 2024672K->1933282K(2477056K), 0.1058530 secs]
166620.163: [GC 2028551K->1972737K(2471552K), 0.0994780 secs]
166632.380: [GC 2068033K->1957816K(2474304K), 0.1103930 secs]
166642.964: [GC 2053112K->1960812K(2473600K), 0.0581630 secs]
166645.687: [GC 2062956K->1993831K(2477376K), 0.0909770 secs]
166653.230: [GC 2095975K->1994749K(2475328K), 0.0935880 secs]
166661.498: [GC 2104183K->2047820K(2480000K), 0.1344940 secs]
166670.522: [GC 2157260K->2051650K(2476800K), 0.1146310 secs]
166681.644: [GC 2171586K->2076967K(2481600K), 0.1159020 secs]
166692.251: [GC 2196903K->2083073K(2484288K), 0.0836400 secs]
166697.634: [GC 2213313K->2113670K(2487744K), 0.1059860 secs]
166706.900: [GC 2243910K->2134769K(2478272K), 0.1604690 secs]
166720.746: [GC 2252463K->2139160K(2475968K), 0.1712890 secs]
166731.960: [GC 2256856K->2142930K(2475456K), 0.1545010 secs]
166742.605: [GC 2238226K->2146122K(2477056K), 0.1788550 secs]
166744.191: [GC 2263150K->2218673K(2477056K), 0.1488040 secs]
166749.446: [GC 2313969K->2197759K(2477056K), 0.1547390 secs]
166763.700: [GC 2293055K->2191175K(2477056K), 0.0689150 secs]
166768.409: [GC 2286471K->2225347K(2477056K), 0.1835490 secs]
166774.435: [GC 2320643K->2257619K(2477056K), 0.1372970 secs]
166774.572: [Full GC 2257619K->1990937K(2477056K), 2.6684120 secs]
166781.164: [GC 2080874K->2023791K(2477056K), 0.1084050 secs]
166787.883: [GC 2116718K->2009798K(2477056K), 0.1032380 secs]
166793.741: [GC 2105094K->2031633K(2403776K), 0.1110590 secs]
166810.266: [GC 2126929K->2031629K(2475712K), 0.0758100 secs]
166820.033: [GC 2127484K->2034872K(2474816K), 0.0991740 secs]
166821.366: [GC 2131064K->2111995K(2471872K), 0.1158200 secs]
166829.256: [GC 2193708K->2101108K(2477056K), 0.1766830 secs]
166834.949: [GC 2196404K->2142594K(2477056K), 0.1300140 secs]
166841.367: [GC 2237890K->2141222K(2400256K), 0.0894580 secs]
166852.784: [GC 2236518K->2157574K(2476992K), 0.1181820 secs]
166864.743: [GC 2254790K->2160713K(2475072K), 0.0704620 secs]
166868.562: [GC 2257927K->2194588K(2478144K), 0.1140220 secs]
166871.235: [GC 2298588K->2247294K(2476352K), 0.1518460 secs]
166871.387: [Full GC 2247294K->870856K(2236608K), 1.7257310 secs]
166879.959: [GC 967318K->874553K(2241664K), 0.0494050 secs]
166892.375: [GC 988921K->883389K(2239616K), 0.0478070 secs]
166895.677: [GC 992677K->949283K(2235648K), 0.1251450 secs]
166906.327: [GC 1063523K->952766K(2246784K), 0.0957260 secs]
166914.477: [GC 1064983K->1000931K(2242432K), 0.0853300 secs]
166925.740: [GC 1113123K->976756K(2245760K), 0.0588890 secs]
166944.014: [GC 1088948K->977861K(2239104K), 0.0681010 secs]
166950.396: [GC 1062666K->981002K(2243072K), 0.0864710 secs]
166953.483: [GC 1095242K->1013605K(2248576K), 0.1605960 secs]
166957.046: [GC 1129019K->1033244K(2224320K), 0.0981890 secs]
166966.484: [GC 1156508K->1047844K(2250944K), 0.0862300 secs]
166983.964: [GC 1166116K->1051780K(2169472K), 0.0762830 secs]
166993.809: [GC 1170047K->1073273K(2250048K), 0.0928840 secs]
167007.293: [GC 1197177K->1097782K(2244416K), 0.1404690 secs]
167015.529: [GC 1221686K->1110733K(2247488K), 0.0900200 secs]
167030.550: [GC 1246157K->1114669K(2249280K), 0.0857390 secs]
167040.608: [GC 1250093K->1136680K(2252352K), 0.0956840 secs]
167062.895: [GC 1279336K->1131840K(2256704K), 0.0772710 secs]
167071.964: [GC 1274496K->1144133K(2252928K), 0.1664280 secs]
167083.140: [GC 1281541K->1166479K(2257856K), 0.1409090 secs]
167099.554: [GC 1303883K->1170653K(2217536K), 0.1772480 secs]
167108.060: [GC 1266717K->1171517K(2212544K), 0.1119810 secs]
167114.428: [GC 1267182K->1218377K(2237312K), 0.1893200 secs]
167126.351: [GC 1313673K->1195983K(2237312K), 0.1408810 secs]
167135.327: [GC 1291030K->1198944K(2237312K), 0.1272120 secs]
167145.966: [GC 1294240K->1209112K(2237312K), 0.1739750 secs]
167154.139: [GC 1304399K->1230436K(2237312K), 0.0838240 secs]
167162.348: [GC 1325732K->1233777K(2237312K), 0.1032260 secs]
167179.604: [GC 1329073K->1230967K(2237312K), 0.1320520 secs]
167190.410: [GC 1326263K->1233838K(2237312K), 0.1148840 secs]
167194.753: [GC 1329134K->1261255K(2235264K), 0.0561930 secs]
167198.721: [GC 1356551K->1270398K(2179968K), 0.1529390 secs]
167215.783: [GC 1365694K->1288309K(2234112K), 0.0831790 secs]
167228.858: [GC 1386229K->1291921K(2234560K), 0.0985360 secs]
167238.942: [GC 1377447K->1293697K(2238272K), 0.0814890 secs]
167245.460: [GC 1400385K->1316092K(2240128K), 0.0950040 secs]
167250.274: [GC 1422780K->1330664K(2241856K), 0.1062450 secs]
167268.205: [GC 1444520K->1326811K(2242304K), 0.1264170 secs]
167279.061: [GC 1423025K->1327979K(2247360K), 0.0966390 secs]
167285.345: [GC 1452075K->1350694K(2248128K), 0.1133960 secs]
167292.274: [GC 1474790K->1360556K(2231744K), 0.1795440 secs]
167309.273: [GC 1461868K->1353440K(2240320K), 0.1288830 secs]
167318.971: [GC 1454752K->1358384K(2226176K), 0.1059040 secs]
167321.229: [GC 1458587K->1393445K(2235200K), 0.1150280 secs]
167331.501: [GC 1499429K->1382901K(2245696K), 0.1114880 secs]
167348.713: [GC 1490997K->1375757K(2180416K), 0.1040620 secs]
167360.422: [GC 1471586K->1378547K(2238400K), 0.1607000 secs]
167367.904: [GC 1485875K->1396722K(2239168K), 0.0961860 secs]
167372.732: [GC 1504050K->1407638K(2240960K), 0.0854610 secs]
167389.830: [GC 1526100K->1404846K(2243200K), 0.0606500 secs]
167397.874: [GC 1523310K->1424742K(2244160K), 0.0843850 secs]
167408.151: [GC 1553958K->1432703K(2248704K), 0.1252760 secs]
167426.467: [GC 1561919K->1428047K(2251584K), 0.0778500 secs]
167434.859: [GC 1567823K->1437193K(2255552K), 0.0874550 secs]
167445.877: [GC 1576969K->1458772K(2246144K), 0.1336230 secs]
167461.626: [GC 1588369K->1461526K(2244672K), 0.1227760 secs]
167474.662: [GC 1591126K->1463718K(2233216K), 0.1585650 secs]
167483.856: [GC 1561563K->1468486K(2222720K), 0.1494470 secs]
167486.117: [GC 1569157K->1494534K(2237312K), 0.1438720 secs]
167493.944: [GC 1589830K->1496422K(2237312K), 0.1403240 secs]
167501.450: [GC 1591718K->1489982K(2237312K), 0.1103840 secs]
167516.223: [GC 1585278K->1493366K(2237312K), 0.1502900 secs]
167526.112: [GC 1588662K->1495678K(2237312K), 0.0801790 secs]
167533.299: [GC 1590974K->1517115K(2237312K), 0.1185030 secs]
167543.175: [GC 1608097K->1521122K(2237312K), 0.1153280 secs]
167552.221: [GC 1616418K->1548025K(2237312K), 0.0974980 secs]
167564.759: [GC 1643321K->1551526K(2237312K), 0.0630670 secs]
167570.400: [GC 1646710K->1586610K(2178240K), 0.0866580 secs]
167581.855: [GC 1681906K->1576378K(2240448K), 0.1131760 secs]
167587.317: [GC 1675194K->1586152K(2181312K), 0.0813320 secs]
167602.785: [GC 1684968K->1588072K(2235392K), 0.0856970 secs]
167612.980: [GC 1682168K->1590554K(2232512K), 0.1707170 secs]
167619.311: [GC 1694633K->1612395K(2233600K), 0.1585580 secs]
167636.036: [GC 1721067K->1625632K(2238656K), 0.1108020 secs]
167645.392: [GC 1734304K->1629193K(2238080K), 0.1367070 secs]
167653.128: [GC 1747693K->1645713K(2241792K), 0.1273610 secs]
167660.911: [GC 1764817K->1666448K(2246208K), 0.1260360 secs]
167679.318: [GC 1787984K->1661740K(2225600K), 0.1334590 secs]
167691.753: [GC 1783276K->1665076K(2244800K), 0.1360320 secs]
167700.494: [GC 1779572K->1675059K(2231872K), 0.1995080 secs]
167705.656: [GC 1789555K->1700738K(2232896K), 0.1595920 secs]
167717.657: [GC 1796034K->1684805K(2237312K), 0.1035060 secs]
167729.173: [GC 1780101K->1688029K(2234880K), 0.1007180 secs]
167735.243: [GC 1783325K->1697441K(2236096K), 0.1182770 secs]
167741.407: [GC 1792737K->1704871K(2233024K), 0.1603520 secs]
167748.308: [GC 1803303K->1708455K(2236032K), 0.1775930 secs]
167760.099: [GC 1806887K->1702339K(2241024K), 0.1364760 secs]
167772.000: [GC 1808899K->1705347K(2241600K), 0.0795060 secs]
167781.748: [GC 1811906K->1715233K(2243136K), 0.0970310 secs]
167788.433: [GC 1819202K->1733520K(2192256K), 0.1232620 secs]
167801.320: [GC 1842384K->1717880K(2241728K), 0.0834050 secs]
167813.669: [GC 1829304K->1720664K(2240704K), 0.0930880 secs]
167820.528: [GC 1832088K->1740811K(2247296K), 0.1325790 secs]
167834.273: [GC 1862731K->1735119K(2247104K), 0.1175710 secs]
167842.370: [GC 1857038K->1747791K(2248896K), 0.1282080 secs]
167858.154: [GC 1875727K->1752416K(2249728K), 0.1777380 secs]
167866.717: [GC 1880352K->1773683K(2236672K), 0.1847580 secs]
167873.191: [GC 1886387K->1780281K(2232512K), 0.1497540 secs]
167888.889: [GC 1892985K->1774301K(2238336K), 0.1271380 secs]
167897.432: [GC 1872413K->1778034K(2208128K), 0.1407410 secs]
167905.301: [GC 1876141K->1798744K(2237248K), 0.1334750 secs]
167914.884: [GC 1894040K->1802437K(2198400K), 0.1382750 secs]
167921.537: [GC 1897198K->1802162K(2238464K), 0.1150450 secs]
167933.898: [GC 1899890K->1804787K(2236096K), 0.1084170 secs]
167943.752: [GC 1902515K->1807299K(2238400K), 0.1023370 secs]
167949.702: [GC 1909251K->1827238K(2236672K), 0.1284210 secs]
167958.818: [GC 1926567K->1831567K(2241472K), 0.1534140 secs]
167968.027: [GC 1939215K->1830940K(2241984K), 0.1195110 secs]
167979.820: [GC 1938588K->1834320K(2241984K), 0.1045080 secs]
167987.041: [GC 1946064K->1862286K(2243200K), 0.1143300 secs]
167992.952: [GC 1974030K->1863596K(2243520K), 0.1278830 secs]
168009.245: [GC 1972076K->1857179K(2211904K), 0.1375590 secs]
168012.735: [GC 1965659K->1952189K(2229696K), 0.2755290 secs]
168018.682: [GC 2048765K->1952762K(2237952K), 0.1347670 secs]
168028.967: [GC 2049338K->1956994K(2232896K), 0.1425920 secs]
168033.459: [GC 2054018K->1976581K(2235648K), 0.1436200 secs]
168037.554: [GC 2073605K->1997336K(2239360K), 0.1631420 secs]
168048.716: [GC 2095512K->1982760K(2175232K), 0.0894120 secs]
168050.510: [GC 2080933K->2029802K(2240512K), 0.1077160 secs]
168056.022: [GC 2129066K->2079132K(2195520K), 0.1738510 secs]
168056.196: [Full GC 2079132K->1730780K(2388352K), 2.4434920 secs]
168067.882: [GC 1830043K->1734452K(2477056K), 0.0601470 secs]
168076.896: [GC 1829748K->1738323K(2477056K), 0.0720980 secs]
168078.928: [GC 1829087K->1768215K(2477056K), 0.0733840 secs]
168085.255: [GC 1863511K->1764203K(2477056K), 0.0898640 secs]
168094.588: [GC 1859499K->1766937K(2477056K), 0.0905700 secs]
168107.543: [GC 1862233K->1769363K(2477056K), 0.0660550 secs]
168116.408: [GC 1864659K->1771641K(2473472K), 0.0803450 secs]
168122.370: [GC 1866937K->1786677K(2475264K), 0.0999050 secs]
168138.106: [GC 1881973K->1785895K(2477056K), 0.0720810 secs]
168149.255: [GC 1888359K->1788861K(2475840K), 0.0518430 secs]
168160.127: [GC 1891219K->1793917K(2475008K), 0.0677920 secs]
168167.261: [GC 1905533K->1808467K(2478208K), 0.0859570 secs]
168181.626: [GC 1920083K->1801731K(2472320K), 0.0611510 secs]
168193.203: [GC 1922755K->1804915K(2477888K), 0.1032850 secs]
168202.717: [GC 1925931K->1821179K(2482176K), 0.0966670 secs]
168221.955: [GC 1951355K->1815617K(2483328K), 0.0804010 secs]
168237.328: [GC 1945793K->1820769K(2491968K), 0.1213360 secs]
168247.197: [GC 1960993K->1837439K(2492416K), 0.1275580 secs]
168267.243: [GC 1977154K->1832535K(2494400K), 0.0921090 secs]
168281.703: [GC 1968535K->1836871K(2473728K), 0.1308330 secs]
168293.020: [GC 1972871K->1853885K(2475520K), 0.2209330 secs]
168310.115: [GC 1964285K->1847889K(2459136K), 0.1101750 secs]
168323.892: [GC 1958289K->1851641K(2474432K), 0.2012830 secs]
168327.337: [GC 1946771K->1878360K(2477056K), 0.1488310 secs]
168336.798: [GC 1973656K->1874583K(2477056K), 0.1958980 secs]
168352.457: [GC 1969863K->1867963K(2477056K), 0.1386190 secs]
168363.013: [GC 1963259K->1870931K(2477056K), 0.2038180 secs]
168369.621: [GC 1966227K->1885577K(2477056K), 0.1710250 secs]
168380.509: [GC 1980873K->1888329K(2476672K), 0.1442190 secs]
168398.235: [GC 1983625K->1884262K(2476864K), 0.0889100 secs]
168409.572: [GC 1973237K->1885363K(2475136K), 0.1081510 secs]
168417.442: [GC 1981107K->1903045K(2476224K), 0.0974630 secs]
168431.760: [GC 1998789K->1895793K(2477056K), 0.0602700 secs]
168441.873: [GC 1995633K->1897977K(2477248K), 0.1197900 secs]
168451.616: [GC 1996816K->1900511K(2479872K), 0.0732100 secs]
168459.998: [GC 2004959K->1917889K(2414528K), 0.1194060 secs]
168467.483: [GC 2022337K->1927398K(2481536K), 0.1275720 secs]
168481.016: [GC 2040742K->1921519K(2479424K), 0.1102050 secs]
168492.343: [GC 2034859K->1938865K(2485760K), 0.1062510 secs]
168504.112: [GC 2063345K->1943293K(2486464K), 0.1123130 secs]
168513.476: [GC 2067773K->1945971K(2488128K), 0.0762870 secs]
168529.478: [GC 2082035K->1950731K(2490752K), 0.1008070 secs]
168538.233: [GC 2086795K->1967273K(2496320K), 0.1166820 secs]
168550.338: [GC 2111718K->1981576K(2494848K), 0.1673960 secs]
168564.415: [GC 2126600K->1973966K(2490432K), 0.2141190 secs]
168571.882: [GC 2102414K->1983300K(2465216K), 0.1570780 secs]
168579.854: [GC 2111748K->1998502K(2490368K), 0.1371640 secs]
168590.181: [GC 2123366K->1991693K(2443968K), 0.1064960 secs]
168599.208: [GC 2116557K->1995924K(2492224K), 0.1334790 secs]
168608.615: [GC 2123668K->1998057K(2490816K), 0.1549880 secs]
168615.677: [GC 2123531K->2018648K(2492352K), 0.0960460 secs]
168625.926: [GC 2149848K->2018217K(2493312K), 0.0897220 secs]
168638.156: [GC 2149417K->2016463K(2494912K), 0.0840570 secs]
168648.199: [GC 2148367K->2020492K(2423680K), 0.0848170 secs]
168659.280: [GC 2152396K->2025350K(2496448K), 0.1080830 secs]
168668.291: [GC 2159174K->2045199K(2446528K), 0.0894290 secs]
168687.626: [GC 2179023K->2042503K(2496128K), 0.0772360 secs]
168693.900: [GC 2181893K->2090378K(2491776K), 0.1174410 secs]
168701.320: [GC 2229770K->2094274K(2488896K), 0.1232210 secs]
168705.250: [GC 2224898K->2123640K(2494720K), 0.1845810 secs]
168717.647: [GC 2254264K->2127125K(2488448K), 0.1507860 secs]
168732.649: [GC 2259798K->2136846K(2492672K), 0.1400220 secs]
168734.502: [GC 2269646K->2192140K(2487424K), 0.1455080 secs]
168744.005: [GC 2319433K->2246901K(2493056K), 0.2322590 secs]
168744.238: [Full GC 2246901K->699504K(2079808K), 1.6427090 secs]
168750.580: [GC 826800K->715750K(2072832K), 0.0813720 secs]
168756.157: [GC 845284K->764905K(2077440K), 0.0807090 secs]
168763.633: [GC 894441K->772155K(2082112K), 0.0925970 secs]
168783.012: [GC 903291K->772524K(2008320K), 0.0450230 secs]
168794.174: [GC 901979K->794300K(2085056K), 0.0614910 secs]
168798.917: [GC 929843K->889753K(2080640K), 0.1314910 secs]
168811.266: [GC 1025305K->888426K(2083392K), 0.0723320 secs]
168824.080: [GC 1022625K->894386K(2014016K), 0.0778410 secs]
168830.654: [GC 1028722K->910939K(2085952K), 0.1196150 secs]
168832.747: [GC 1049819K->1020473K(2075136K), 0.1911690 secs]
168841.666: [GC 1159353K->1074847K(2084160K), 0.1403380 secs]
168856.621: [GC 1172485K->1093483K(2005632K), 0.1173400 secs]
168858.471: [GC 1224940K->1188476K(2075200K), 0.1271370 secs]
168858.599: [GC 1188633K->1141579K(2079168K), 0.0390610 secs]
168870.924: [GC 1269067K->1148598K(2074880K), 0.1263630 secs]
168878.942: [GC 1277176K->1190312K(2078144K), 0.0974330 secs]
168888.775: [GC 1320040K->1177827K(2081280K), 0.0748610 secs]
168895.362: [GC 1311075K->1195304K(2027968K), 0.0536320 secs]
168910.540: [GC 1328552K->1202544K(2081536K), 0.0801230 secs]
168923.624: [GC 1340912K->1209106K(2079232K), 0.0782170 secs]
168935.822: [GC 1347474K->1230407K(2088320K), 0.0705810 secs]
168958.755: [GC 1381831K->1234015K(2086656K), 0.1343440 secs]
168971.205: [GC 1385435K->1255752K(2094784K), 0.0642300 secs]
168974.526: [GC 1445203K->1365728K(2091712K), 0.2113710 secs]
168984.365: [GC 1528224K->1337955K(2092672K), 0.0641750 secs]
169005.019: [GC 1490019K->1342137K(2030016K), 0.0636190 secs]
169010.680: [GC 1495301K->1404409K(2072064K), 0.1480490 secs]
169016.161: [GC 1523744K->1464442K(2083264K), 0.1267040 secs]
169023.832: [GC 1598650K->1488028K(2072960K), 0.0964870 secs]
169029.308: [GC 1623708K->1505450K(2078848K), 0.1151410 secs]
169042.680: [GC 1641130K->1521366K(2080448K), 0.1214430 secs]
169048.130: [GC 1671695K->1569370K(2085568K), 0.1385600 secs]
169054.464: [GC 1719706K->1599003K(2092416K), 0.1341750 secs]
169063.227: [GC 1732695K->1604498K(2038720K), 0.0885760 secs]
169067.770: [GC 1755154K->1645729K(2085312K), 0.0968140 secs]
169073.843: [GC 1793690K->1676436K(2088000K), 0.1722010 secs]
169079.913: [GC 1822012K->1705101K(2087040K), 0.1185200 secs]
169086.276: [GC 1867848K->1808698K(2090048K), 0.1212660 secs]
169097.746: [GC 1962873K->1832344K(2093376K), 0.1391410 secs]
169097.885: [Full GC 1832344K->1471841K(2506624K), 2.2051820 secs]
169107.118: [GC 1626986K->1494402K(2464576K), 0.0758050 secs]
169113.709: [GC 1641699K->1515384K(2507456K), 0.0860210 secs]
169116.991: [GC 1656878K->1542852K(2504960K), 0.0825240 secs]
169121.745: [GC 1702852K->1591013K(2503552K), 0.1156270 secs]
169132.964: [GC 1752226K->1650292K(2507456K), 0.1519280 secs]
169143.945: [GC 1811508K->1654740K(2503488K), 0.1225490 secs]
169151.331: [GC 1832764K->1723370K(2505472K), 0.0976700 secs]
169157.440: [GC 1865935K->1723186K(2503936K), 0.0591480 secs]
169161.559: [GC 1875763K->1793601K(2502080K), 0.1501320 secs]
169170.777: [GC 1946177K->1781214K(2495040K), 0.1528260 secs]
169184.478: [GC 1919518K->1803052K(2498560K), 0.1123500 secs]
169187.125: [GC 1941293K->1905722K(2490176K), 0.1828970 secs]
169193.632: [GC 2038906K->1919585K(2496000K), 0.1836550 secs]
169200.126: [GC 2046544K->1958662K(2487936K), 0.2100980 secs]
169204.608: [GC 2094659K->1995123K(2493376K), 0.1553080 secs]
169215.133: [GC 2131123K->2017759K(2494208K), 0.1374840 secs]
169221.933: [GC 2142655K->2051958K(2498624K), 0.1399290 secs]
169223.076: [GC 2199310K->2133462K(2489728K), 0.2076340 secs]
169233.743: [GC 2271894K->2170502K(2430336K), 0.1949280 secs]
169241.272: [GC 2308934K->2191857K(2501568K), 0.1303370 secs]
169244.100: [GC 2325844K->2257371K(2498240K), 0.1655690 secs]
169244.266: [Full GC 2257371K->1824130K(2498240K), 2.5343700 secs]
169254.918: [GC 1965122K->1854662K(2495680K), 0.0986070 secs]
169257.130: [GC 1996324K->1911114K(2497344K), 0.1279220 secs]
169261.144: [GC 2050505K->1980935K(2499328K), 0.1448090 secs]
169268.393: [GC 2120818K->2006045K(2454016K), 0.0961670 secs]
169276.530: [GC 2145949K->2021049K(2498496K), 0.0901600 secs]
169288.186: [GC 2132283K->2025185K(2496512K), 0.1714070 secs]
169291.205: [GC 2168144K->2117967K(2499008K), 0.1424440 secs]
169300.913: [GC 2263311K->2188915K(2502080K), 0.1857740 secs]
169311.874: [GC 2334259K->2194878K(2501056K), 0.1032380 secs]
169311.977: [Full GC 2194878K->1863152K(2501056K), 2.4707860 secs]
169328.790: [GC 2010531K->1869488K(2501696K), 0.0744880 secs]
169332.181: [GC 2017648K->1917081K(2496960K), 0.1238770 secs]
169342.239: [GC 2060761K->1987064K(2501248K), 0.1673170 secs]
169364.817: [GC 2130744K->1989206K(2500480K), 0.1227640 secs]
169374.976: [GC 2136406K->2038626K(2484864K), 0.1224670 secs]
169379.000: [GC 2185696K->2066351K(2503424K), 0.1788710 secs]
169401.823: [GC 2210415K->2058615K(2499456K), 0.0587800 secs]
169418.952: [GC 2202679K->2064008K(2500992K), 0.0865330 secs]
169429.321: [GC 2209160K->2085603K(2499904K), 0.1349030 secs]
169450.685: [GC 2230755K->2084363K(2500864K), 0.1320760 secs]
169463.490: [GC 2235787K->2105542K(2500032K), 0.1024400 secs]
169479.662: [GC 2256966K->2100094K(2501888K), 0.1032600 secs]
169498.664: [GC 2248510K->2105014K(2481984K), 0.1133370 secs]
169508.984: [GC 2253430K->2126529K(2480384K), 0.1986910 secs]
169528.225: [GC 2248705K->2121577K(2472320K), 0.1211350 secs]
169541.406: [GC 2243753K->2125145K(2472000K), 0.1512680 secs]
169547.905: [GC 2215655K->2164815K(2471168K), 0.2172700 secs]
169556.293: [GC 2262287K->2148818K(2477056K), 0.1617390 secs]
169571.952: [GC 2244114K->2142388K(2477056K), 0.1172910 secs]
169583.985: [GC 2237684K->2145721K(2470016K), 0.1523920 secs]
169591.139: [GC 2241017K->2160583K(2473536K), 0.1787630 secs]
169601.669: [GC 2255879K->2162975K(2473600K), 0.1367590 secs]
169619.318: [GC 2264095K->2158907K(2476480K), 0.1283530 secs]
169631.153: [GC 2255060K->2160021K(2475584K), 0.1360610 secs]
169639.743: [GC 2269909K->2178057K(2478976K), 0.1612130 secs]
169657.902: [GC 2287945K->2172841K(2488512K), 0.1471770 secs]
169671.361: [GC 2292126K->2175017K(2488512K), 0.1533870 secs]
169676.543: [GC 2294377K->2197148K(2475008K), 0.1645660 secs]
169693.678: [GC 2303452K->2190540K(2463744K), 0.1663280 secs]
169705.913: [GC 2296844K->2193708K(2475072K), 0.1811900 secs]
169714.472: [GC 2288998K->2209750K(2477056K), 0.1524870 secs]
169723.503: [GC 2305046K->2213718K(2477056K), 0.2612670 secs]
169739.390: [GC 2309014K->2207350K(2477056K), 0.1455530 secs]
169751.274: [GC 2302646K->2210562K(2474240K), 0.1150380 secs]
169758.108: [GC 2305858K->2226136K(2475648K), 0.1352610 secs]
169775.869: [GC 2321432K->2220460K(2475776K), 0.1929750 secs]
169788.604: [GC 2317164K->2223780K(2476416K), 0.1756210 secs]
169796.528: [GC 2320484K->2239883K(2475200K), 0.1231680 secs]
169803.928: [GC 2338315K->2242987K(2476800K), 0.1646530 secs]
169820.953: [GC 2341419K->2237105K(2478848K), 0.1548170 secs]
169834.019: [GC 2335345K->2240745K(2478208K), 0.1525030 secs]
169841.161: [GC 2338985K->2256295K(2475840K), 0.1630360 secs]
169856.582: [GC 2351591K->2269764K(2477056K), 0.2419550 secs]
169869.375: [GC 2365060K->2272808K(2477056K), 0.1975770 secs]
169878.769: [GC 2368100K->2289126K(2447168K), 0.1870410 secs]
169889.202: [GC 2384422K->2293348K(2476672K), 0.1800520 secs]
169906.308: [GC 2389476K->2302314K(2475840K), 0.1969200 secs]
169906.505: [Full GC 2302314K->789700K(2122304K), 1.6595270 secs]
169919.919: [GC 885828K->794996K(2121088K), 0.0646470 secs]
169926.390: [GC 890292K->810426K(2123520K), 0.0582210 secs]
169941.527: [GC 905722K->806906K(2123520K), 0.0417030 secs]
169951.245: [GC 902202K->810093K(2123520K), 0.0924900 secs]
169961.380: [GC 905389K->812541K(2123520K), 0.0832110 secs]
169967.585: [GC 907837K->827219K(2123520K), 0.1392360 secs]
169983.010: [GC 922515K->821001K(2119296K), 0.0767640 secs]
169994.070: [GC 916297K->823574K(2121408K), 0.0867580 secs]
170004.817: [GC 904584K->825961K(2119232K), 0.0736260 secs]
170013.409: [GC 928937K->843968K(2121728K), 0.1160670 secs]
170029.875: [GC 946944K->838199K(2124992K), 0.0784220 secs]
170043.913: [GC 949367K->842536K(2127936K), 0.1149200 secs]
170052.537: [GC 953704K->858542K(2125248K), 0.1137290 secs]
170069.913: [GC 967662K->853070K(2104832K), 0.0927170 secs]
170082.495: [GC 962190K->856654K(2123264K), 0.2115550 secs]
170088.713: [GC 956686K->871716K(2114368K), 0.1224460 secs]
170104.505: [GC 971748K->879754K(2123520K), 0.1217100 secs]
170116.191: [GC 975050K->882686K(2123520K), 0.1274750 secs]
170126.992: [GC 971738K->885210K(2120064K), 0.1197370 secs]
170134.761: [GC 980506K->902904K(2121792K), 0.1678480 secs]
170151.578: [GC 998200K->897112K(2123712K), 0.0901480 secs]
170160.796: [GC 994584K->899568K(2123840K), 0.1715250 secs]
170168.047: [GC 997040K->900784K(2125120K), 0.1279590 secs]
170172.080: [GC 1000176K->917274K(2124992K), 0.1511080 secs]
170178.568: [GC 1016413K->935614K(2121088K), 0.1312230 secs]
170189.155: [GC 1030910K->940430K(2123520K), 0.1033120 secs]
170195.788: [GC 1035726K->950806K(2119168K), 0.1239000 secs]
170199.859: [GC 1046102K->958816K(2121344K), 0.1093360 secs]
170206.150: [GC 1054112K->968806K(2119808K), 0.1111490 secs]
170211.694: [GC 1061585K->977140K(2122944K), 0.1081000 secs]
170216.926: [GC 1078580K->997683K(2126912K), 0.1245610 secs]
170224.738: [GC 1103219K->1008677K(2128640K), 0.1380760 secs]
170234.501: [GC 1110561K->1014975K(2125184K), 0.0966700 secs]
170242.638: [GC 1117850K->1022482K(2127232K), 0.1242770 secs]
170250.082: [GC 1128658K->1031812K(2125568K), 0.1404800 secs]
170255.592: [GC 1129496K->1044013K(2057024K), 0.1036080 secs]
170261.204: [GC 1148525K->1064787K(2122304K), 0.0641680 secs]
170267.122: [GC 1160083K->1076216K(2123520K), 0.0652140 secs]
170276.222: [GC 1171512K->1085379K(2123520K), 0.0696460 secs]
170284.196: [GC 1180675K->1092035K(2123520K), 0.0862860 secs]
170289.725: [GC 1187331K->1101967K(2123520K), 0.0563170 secs]
170298.421: [GC 1197258K->1118485K(2123520K), 0.1123070 secs]
170307.300: [GC 1213781K->1122437K(2123520K), 0.0590370 secs]
170323.776: [GC 1217733K->1121917K(2031808K), 0.0440480 secs]
170334.014: [GC 1217213K->1124517K(2124608K), 0.0846080 secs]
170341.356: [GC 1222373K->1140227K(2052672K), 0.0840070 secs]
170359.962: [GC 1238080K->1134515K(2119232K), 0.0480450 secs]
170373.745: [GC 1239411K->1138187K(2119296K), 0.0633770 secs]
170380.996: [GC 1243080K->1153953K(2120320K), 0.0711560 secs]
170396.811: [GC 1266401K->1148257K(2120960K), 0.0838260 secs]
170409.444: [GC 1260705K->1152785K(2122752K), 0.1183440 secs]
170421.018: [GC 1273287K->1168719K(2123968K), 0.0926870 secs]
170433.236: [GC 1289231K->1172047K(2132608K), 0.1265390 secs]
170444.854: [GC 1296911K->1178573K(2118016K), 0.0944880 secs]
170458.756: [GC 1303437K->1181197K(2122944K), 0.1107580 secs]
170467.495: [GC 1286221K->1197435K(2117056K), 0.1391010 secs]
170473.920: [GC 1297601K->1206124K(2123520K), 0.1662200 secs]
170486.580: [GC 1301420K->1197411K(2123520K), 0.1006650 secs]
170497.522: [GC 1292707K->1200156K(2123520K), 0.1297580 secs]
170506.950: [GC 1295449K->1216648K(2123520K), 0.1178140 secs]
170509.795: [GC 1305185K->1226380K(2123520K), 0.1172570 secs]
170517.604: [GC 1321676K->1228428K(2123520K), 0.1839460 secs]
170533.189: [GC 1323724K->1222204K(2123520K), 0.0881700 secs]
170546.063: [GC 1317500K->1225544K(2123520K), 0.1242520 secs]
170550.584: [GC 1320840K->1240194K(2123520K), 0.1271310 secs]
170557.843: [GC 1335489K->1255926K(2123520K), 0.1093170 secs]
170567.007: [GC 1351222K->1246386K(2121600K), 0.0567330 secs]
170577.574: [GC 1341682K->1248954K(2122560K), 0.0614840 secs]
170589.098: [GC 1338275K->1251610K(2123392K), 0.0610130 secs]
170590.624: [GC 1319466K->1266903K(2051008K), 0.0678400 secs]
170591.559: [GC 1363209K->1314758K(2118400K), 0.0982520 secs]
170599.824: [GC 1408326K->1365719K(2121792K), 0.2196590 secs]
170614.093: [GC 1459287K->1368892K(2123520K), 0.0863100 secs]
170615.229: [GC 1464188K->1464704K(2076736K), 0.1150060 secs]
170618.192: [GC 1560000K->1466305K(2123136K), 0.1318480 secs]
170621.635: [GC 1561409K->1482888K(2045184K), 0.0645580 secs]
170631.301: [GC 1575996K->1484588K(2121600K), 0.0554720 secs]
170638.805: [GC 1580908K->1502354K(2120768K), 0.0668030 secs]
170644.578: [GC 1574827K->1504536K(2123840K), 0.0656890 secs]
170645.729: [GC 1601867K->1552121K(2122240K), 0.1243750 secs]
170659.810: [GC 1655737K->1556812K(2131136K), 0.0992210 secs]
170672.461: [GC 1658067K->1558097K(2048512K), 0.0858890 secs]
170677.882: [GC 1663931K->1575549K(2135872K), 0.0636070 secs]
170680.627: [GC 1677440K->1592216K(2068992K), 0.1384940 secs]
170681.801: [GC 1710208K->1662327K(2123712K), 0.1753480 secs]
170701.431: [GC 1778935K->1660043K(2130688K), 0.1010630 secs]
170715.223: [GC 1775461K->1668054K(2129408K), 0.1404300 secs]
170716.951: [GC 1793610K->1712032K(2134528K), 0.1026980 secs]
170724.427: [GC 1837600K->1776404K(2138560K), 0.1509570 secs]
170736.054: [GC 1905997K->1805178K(2138560K), 0.0749190 secs]
170748.603: [GC 1934778K->1794084K(2141312K), 0.0718730 secs]
170750.844: [GC 1929380K->1840810K(2140032K), 0.0909480 secs]
170763.424: [GC 1976106K->1857719K(2143232K), 0.1011170 secs]
170763.525: [Full GC 1857719K->1580663K(2496768K), 2.3142350 secs]
170778.453: [GC 1717367K->1584831K(2495872K), 0.1502680 secs]
170783.574: [GC 1697434K->1597104K(2494208K), 0.0504800 secs]
170786.183: [GC 1738928K->1646123K(2495808K), 0.1009470 secs]
170802.944: [GC 1787947K->1650853K(2500928K), 0.0995300 secs]
170813.098: [GC 1792229K->1667730K(2446080K), 0.1555140 secs]
170828.755: [GC 1776367K->1666697K(2496064K), 0.0582750 secs]
170832.383: [GC 1808969K->1762902K(2495168K), 0.1504100 secs]
170839.534: [GC 1905174K->1786226K(2501248K), 0.1025350 secs]
170852.726: [GC 1931889K->1803041K(2450432K), 0.0918280 secs]
170868.439: [GC 1948705K->1807121K(2500544K), 0.0982790 secs]
170892.532: [GC 1957137K->1809431K(2499520K), 0.1226840 secs]
170908.534: [GC 1959447K->1827084K(2503808K), 0.1192810 secs]
170925.272: [GC 1988680K->1846627K(2505152K), 0.0837910 secs]
170942.377: [GC 2008227K->1850563K(2514368K), 0.0910070 secs]
170965.648: [GC 2024515K->1858632K(2514112K), 0.1013720 secs]
170975.901: [GC 2032584K->1880754K(2511808K), 0.1172880 secs]
170990.284: [GC 2050418K->1897983K(2510976K), 0.1530400 secs]
171014.058: [GC 2067647K->1895199K(2490112K), 0.1118540 secs]
171023.680: [GC 2037471K->1907461K(2493056K), 0.1185020 secs]
171032.752: [GC 2049733K->1923875K(2472704K), 0.1511620 secs]
171040.135: [GC 2030819K->1926566K(2465792K), 0.1505500 secs]
171047.967: [GC 2033509K->1925557K(2477056K), 0.1176990 secs]
171060.944: [GC 2020853K->1946849K(2408896K), 0.1418050 secs]
171071.586: [GC 2042145K->1949525K(2480256K), 0.0973480 secs]
171079.084: [GC 2048533K->1964807K(2415680K), 0.1413240 secs]
171086.054: [GC 2063815K->1978771K(2478016K), 0.1355270 secs]
171098.646: [GC 2082963K->1987305K(2473856K), 0.1179510 secs]
171111.885: [GC 2091497K->1991013K(2484352K), 0.1582080 secs]
171121.006: [GC 2105957K->2007602K(2484736K), 0.0822140 secs]
171139.319: [GC 2122546K->2022880K(2486912K), 0.1453040 secs]
171143.793: [GC 2142688K->2044518K(2486720K), 0.1081090 secs]
171157.360: [GC 2164326K->2049248K(2488704K), 0.1638580 secs]
171167.464: [GC 2175264K->2066100K(2487488K), 0.1506970 secs]
171184.783: [GC 2192116K->2065812K(2493312K), 0.0762340 secs]
171192.194: [GC 2201476K->2083649K(2492224K), 0.0724880 secs]
171221.617: [GC 2219393K->2113469K(2498048K), 0.1354040 secs]
171264.950: [GC 2260861K->2131645K(2496896K), 0.0772830 secs]
171315.307: [GC 2279037K->2149597K(2498688K), 0.1318490 secs]
171376.831: [GC 2299549K->2169299K(2504384K), 0.1151530 secs]
171447.085: [GC 2319251K->2211828K(2471104K), 0.2215490 secs]
171462.401: [GC 2328500K->2231436K(2478848K), 0.1847130 secs]
171521.990: [GC 2343206K->2249360K(2481984K), 0.2270040 secs]
171522.217: [Full GC 2249360K->955253K(2322944K), 1.7145260 secs]
171532.116: [GC 1057269K->974997K(2249280K), 0.0385170 secs]
171565.768: [GC 1077013K->976101K(2320128K), 0.0776320 secs]
171587.967: [GC 1081061K->994213K(2317184K), 0.0644100 secs]
171629.584: [GC 1096050K->1021810K(2313728K), 0.0882350 secs]
171647.814: [GC 1126322K->1014204K(2321024K), 0.1357380 secs]
171695.461: [GC 1115029K->1015777K(2316096K), 0.1067970 secs]
171717.518: [GC 1112481K->1040815K(2309760K), 0.1326440 secs]
171731.941: [GC 1137519K->1033323K(2318016K), 0.1479730 secs]
171737.375: [GC 1128619K->1044857K(2318016K), 0.1363980 secs]
171771.344: [GC 1140153K->1062685K(2318016K), 0.1401300 secs]
171779.799: [GC 1157981K->1091118K(2318016K), 0.1477860 secs]
171819.988: [GC 1184340K->1102682K(2318016K), 0.0965200 secs]
171845.319: [GC 1197974K->1107290K(2318016K), 0.0783370 secs]
171868.533: [GC 1202377K->1116542K(2318016K), 0.0914560 secs]
171906.094: [GC 1211838K->1118448K(2318016K), 0.0915330 secs]
171958.157: [GC 1213725K->1117840K(2318016K), 0.0468800 secs]
171969.530: [GC 1213136K->1125876K(2318016K), 0.0389880 secs]
171985.086: [GC 1221172K->1126379K(2318016K), 0.0352010 secs]
172054.344: [GC 1221675K->1125759K(2223040K), 0.0280090 secs]
172165.911: [GC 1221055K->1126175K(2319808K), 0.0297210 secs]
172280.240: [GC 1223519K->1126855K(2226240K), 0.0617650 secs]
172434.116: [GC 1224199K->1126943K(2314624K), 0.0942590 secs]
172525.309: [GC 1227231K->1127663K(2229568K), 0.0694150 secs]
172732.451: [GC 1227567K->1127255K(2303296K), 0.0367050 secs]
172817.456: [GC 1226775K->1127863K(2228992K), 0.0673200 secs]
172901.094: [GC 1226999K->1128048K(2294656K), 0.0378690 secs]
172941.884: [GC 1226800K->1128928K(2229312K), 0.0489780 secs]
172954.745: [GC 1226890K->1142394K(2292352K), 0.0525220 secs]
172981.956: [GC 1243897K->1163020K(2293440K), 0.1206590 secs]
173005.004: [GC 1248682K->1163742K(2298560K), 0.0822000 secs]
173026.623: [GC 1266590K->1179738K(2301568K), 0.1254770 secs]
173048.619: [GC 1282586K->1192557K(2304448K), 0.1658510 secs]
173069.937: [GC 1290285K->1204315K(2315456K), 0.1405430 secs]
173091.202: [GC 1301986K->1215532K(2318016K), 0.1524890 secs]
173109.207: [GC 1310598K->1228909K(2318016K), 0.1270990 secs]
173138.303: [GC 1324196K->1269267K(2318016K), 0.1687980 secs]
173165.071: [GC 1346915K->1250839K(2318016K), 0.1378250 secs]
173190.095: [GC 1346133K->1273209K(2318016K), 0.1585450 secs]
173217.617: [GC 1368505K->1283584K(2318016K), 0.1554670 secs]
173222.165: [GC 1378808K->1326297K(2318016K), 0.1859350 secs]
173247.695: [GC 1417195K->1328864K(2318016K), 0.1689890 secs]
173271.356: [GC 1409832K->1315034K(2318016K), 0.1036390 secs]
173293.822: [GC 1410330K->1332575K(2318016K), 0.1547760 secs]
173315.850: [GC 1427871K->1362594K(2318016K), 0.1407080 secs]
173347.134: [GC 1457890K->1392167K(2318016K), 0.1084150 secs]
173359.920: [GC 1487463K->1390495K(2318016K), 0.0953550 secs]
173379.225: [GC 1485791K->1407837K(2318016K), 0.1283240 secs]
173401.792: [GC 1503133K->1422488K(2318016K), 0.0903550 secs]
173425.108: [GC 1517784K->1450906K(2318016K), 0.1307290 secs]
173448.820: [GC 1542767K->1463523K(2318016K), 0.0644440 secs]
173472.395: [GC 1558811K->1476515K(2318016K), 0.0557260 secs]
173497.068: [GC 1566885K->1476518K(2318016K), 0.0707980 secs]
173520.184: [GC 1571814K->1492345K(2318016K), 0.0553730 secs]
173541.964: [GC 1587637K->1505072K(2318016K), 0.0580530 secs]
173559.373: [GC 1600368K->1517015K(2318016K), 0.0927050 secs]
173578.208: [GC 1612311K->1525968K(2318016K), 0.0588510 secs]
173600.957: [GC 1621264K->1533760K(2231296K), 0.0682620 secs]
173622.820: [GC 1629053K->1546998K(2315712K), 0.0907530 secs]
173645.075: [GC 1647990K->1556614K(2316096K), 0.1017890 secs]
173668.881: [GC 1654655K->1567676K(2318016K), 0.0962150 secs]
173688.543: [GC 1670027K->1577151K(2318336K), 0.1351830 secs]
173714.060: [GC 1681408K->1589500K(2312192K), 0.1560680 secs]
173749.706: [GC 1685872K->1590612K(2290304K), 0.1314260 secs]
173774.096: [GC 1679889K->1604328K(2318016K), 0.1792130 secs]
173799.822: [GC 1699624K->1627778K(2265536K), 0.1651850 secs]
173809.227: [GC 1723074K->1639911K(2316800K), 0.1024990 secs]
173827.583: [GC 1732293K->1649599K(2317248K), 0.1228570 secs]
173849.749: [GC 1743844K->1667551K(2318144K), 0.1943460 secs]
173874.591: [GC 1763037K->1679769K(2318016K), 0.1183040 secs]
173895.081: [GC 1775252K->1689918K(2318016K), 0.1097500 secs]
173921.138: [GC 1785214K->1690246K(2261376K), 0.0937210 secs]
173930.499: [GC 1785542K->1703968K(2319552K), 0.1040540 secs]
173945.873: [GC 1801339K->1726740K(2317056K), 0.1501760 secs]
173968.867: [GC 1820588K->1737989K(2318016K), 0.1137330 secs]
173984.910: [GC 1833285K->1749668K(2318016K), 0.1178660 secs]
174010.986: [GC 1840995K->1782941K(2318016K), 0.1579690 secs]
174031.923: [GC 1878035K->1778309K(2318016K), 0.1128150 secs]
174057.183: [GC 1873605K->1787722K(2318016K), 0.0968340 secs]
174081.671: [GC 1883018K->1800039K(2318016K), 0.0902740 secs]
174087.620: [GC 1895335K->1814262K(2318016K), 0.0968280 secs]
174106.717: [GC 1903259K->1846387K(2318016K), 0.0976270 secs]
174123.570: [GC 1941683K->1844989K(2318016K), 0.0693340 secs]
174150.375: [GC 1940285K->1851550K(2231040K), 0.0523330 secs]
174176.914: [GC 1946846K->1860300K(2320640K), 0.0862730 secs]
174201.669: [GC 1959180K->1873381K(2256448K), 0.0848770 secs]
174208.037: [GC 1972261K->1891718K(2312000K), 0.1322210 secs]
174242.492: [GC 1991110K->1894359K(2313088K), 0.1131180 secs]
174263.118: [GC 1993751K->1901304K(2319744K), 0.1553580 secs]
174283.370: [GC 2004584K->1913655K(2320768K), 0.1241720 secs]
174305.049: [GC 2021110K->1936833K(2313600K), 0.1461340 secs]
174323.736: [GC 2027158K->1950502K(2318016K), 0.1361140 secs]
174347.527: [GC 2045519K->1975476K(2318016K), 0.1529620 secs]
174371.608: [GC 2070772K->1997096K(2318016K), 0.1170610 secs]
174391.365: [GC 2092392K->2011877K(2318016K), 0.1116180 secs]
174406.994: [GC 2107173K->2021758K(2245312K), 0.0790150 secs]
174428.469: [GC 2114061K->2029088K(2320448K), 0.1522180 secs]
174453.067: [GC 2115984K->2035936K(2262528K), 0.1431170 secs]
174480.817: [GC 2134240K->2047667K(2316224K), 0.1318630 secs]
174505.418: [GC 2148979K->2062982K(2314368K), 0.1449340 secs]
174527.629: [GC 2164294K->2075305K(2312128K), 0.1353560 secs]
174533.960: [GC 2170601K->2087552K(2318016K), 0.1547200 secs]
174550.246: [GC 2182848K->2095143K(2318016K), 0.1301110 secs]
174574.286: [GC 2190324K->2118627K(2318016K), 0.1216150 secs]
174596.921: [GC 2213389K->2125673K(2313664K), 0.1212740 secs]
174597.042: [Full GC 2125673K->903386K(2240832K), 1.6164200 secs]
174621.010: [GC 998679K->922521K(2243008K), 0.0367800 secs]
174644.930: [GC 1017814K->933948K(2244288K), 0.0434170 secs]
174667.085: [GC 1024101K->933980K(2245376K), 0.0781610 secs]
174692.522: [GC 1032080K->944815K(2241152K), 0.0634820 secs]
174713.769: [GC 1048879K->955760K(2244224K), 0.1029200 secs]
174733.388: [GC 1059824K->969585K(2247552K), 0.1464050 secs]
174760.275: [GC 1070774K->977274K(2236864K), 0.1261620 secs]
174781.831: [GC 1074938K->989234K(2244544K), 0.1291540 secs]
174807.182: [GC 1084530K->1000218K(2245184K), 0.1321110 secs]
174827.163: [GC 1095510K->1022167K(2245184K), 0.1229120 secs]
174849.931: [GC 1117463K->1043769K(2245184K), 0.1178550 secs]
174878.423: [GC 1139065K->1065825K(2245184K), 0.1451120 secs]
174885.930: [GC 1161121K->1087635K(2245184K), 0.1012510 secs]
174912.317: [GC 1182931K->1099502K(2245184K), 0.1174980 secs]
174933.118: [GC 1188011K->1110634K(2245184K), 0.0921300 secs]
174956.831: [GC 1205930K->1122158K(2245184K), 0.0772620 secs]
174965.491: [GC 1217451K->1140829K(2245184K), 0.0766240 secs]
174983.872: [GC 1235567K->1169804K(2245184K), 0.0645520 secs]
174997.434: [GC 1261226K->1200977K(2196992K), 0.0830390 secs]
175009.954: [GC 1294407K->1206491K(2244672K), 0.0954610 secs]
175030.346: [GC 1304068K->1213406K(2242176K), 0.0826550 secs]
175038.541: [GC 1311198K->1220724K(2245824K), 0.1100600 secs]
175062.840: [GC 1324594K->1240075K(2245312K), 0.1041640 secs]
175087.822: [GC 1347787K->1250540K(2250816K), 0.0831150 secs]
175095.630: [GC 1353683K->1263691K(2252736K), 0.0988380 secs]
175111.547: [GC 1371859K->1295395K(2258368K), 0.1062260 secs]
175128.659: [GC 1418513K->1325855K(2258560K), 0.1130160 secs]
175173.666: [GC 1448141K->1354284K(2264384K), 0.0927870 secs]
175204.381: [GC 1484932K->1365437K(2230976K), 0.0952060 secs]
175228.832: [GC 1496794K->1386216K(2259776K), 0.1189550 secs]
175236.641: [GC 1521381K->1444177K(2249280K), 0.1807450 secs]
175279.429: [GC 1579345K->1445351K(2257728K), 0.0954990 secs]
175307.555: [GC 1570977K->1483571K(2239552K), 0.1390360 secs]
175332.012: [GC 1609202K->1504306K(2256000K), 0.1020910 secs]
175343.598: [GC 1624050K->1542730K(2214016K), 0.2162560 secs]
175370.256: [GC 1655694K->1573571K(2253696K), 0.1016500 secs]
175400.349: [GC 1691520K->1612981K(2212160K), 0.0786850 secs]
175407.327: [GC 1730525K->1648720K(2258432K), 0.0840500 secs]
175431.371: [GC 1771864K->1665990K(2256064K), 0.0688990 secs]
175450.003: [GC 1789123K->1665978K(2254336K), 0.1185840 secs]
175462.060: [GC 1783373K->1721502K(2257792K), 0.0869850 secs]
175476.508: [GC 1844894K->1737741K(2257728K), 0.1199260 secs]
175497.450: [GC 1858926K->1804784K(2236672K), 0.1271210 secs]
175519.226: [GC 1925296K->1786541K(2252800K), 0.0707390 secs]
175532.609: [GC 1897581K->1805240K(2194624K), 0.0985490 secs]
175554.343: [GC 1916280K->1828066K(2253952K), 0.1360450 secs]
175564.610: [GC 1950431K->1892345K(2249536K), 0.1202310 secs]
175585.890: [GC 2008057K->1915995K(2258432K), 0.0997170 secs]
175594.761: [GC 2022116K->1940208K(2258304K), 0.1576860 secs]
175616.702: [GC 2062383K->1980699K(2257280K), 0.0955150 secs]
175623.902: [GC 2102792K->2013588K(2258176K), 0.1349000 secs]
175652.880: [GC 2139028K->2002469K(2259456K), 0.0911370 secs]
175652.971: [Full GC 2002469K->1273277K(2491328K), 1.9667160 secs]
175658.816: [GC 1393314K->1315788K(2452736K), 0.0791120 secs]
175686.747: [GC 1439429K->1318719K(2491264K), 0.0701950 secs]
175705.279: [GC 1443711K->1337337K(2489920K), 0.0662810 secs]
175733.702: [GC 1462329K->1377378K(2491136K), 0.0841040 secs]
175749.201: [GC 1502302K->1416204K(2489920K), 0.0846420 secs]
175760.817: [GC 1546256K->1456530K(2495168K), 0.1495920 secs]
175783.891: [GC 1587340K->1488971K(2495360K), 0.0973080 secs]
175807.931: [GC 1627271K->1486424K(2498112K), 0.0852100 secs]
175819.392: [GC 1631064K->1535938K(2499904K), 0.1268780 secs]
175848.912: [GC 1680578K->1572289K(2501440K), 0.1289000 secs]
175855.328: [GC 1722945K->1618062K(2502208K), 0.1473750 secs]
175898.785: [GC 1768537K->1637901K(2505344K), 0.0903090 secs]
175920.698: [GC 1796293K->1676126K(2504896K), 0.0900880 secs]
175951.850: [GC 1834526K->1717502K(2509504K), 0.1364390 secs]
175973.819: [GC 1882302K->1767418K(2510400K), 0.1488970 secs]
176015.998: [GC 1932216K->1805611K(2511296K), 0.1115760 secs]
176024.964: [GC 1972907K->1826642K(2512512K), 0.0969170 secs]
176070.173: [GC 1993928K->1885173K(2512000K), 0.1495070 secs]
176110.543: [GC 2053358K->1943198K(2494400K), 0.1262320 secs]
176143.012: [GC 2111104K->1963711K(2513984K), 0.0962610 secs]
176166.222: [GC 2125412K->2011081K(2503104K), 0.1108500 secs]
176204.499: [GC 2173776K->2042027K(2495616K), 0.1377590 secs]
176217.866: [GC 2188907K->2063526K(2494912K), 0.1704840 secs]
176250.513: [GC 2210406K->2081745K(2487616K), 0.1930210 secs]
176268.748: [GC 2206991K->2141618K(2492032K), 0.2305740 secs]
176278.420: [GC 2266866K->2180162K(2490432K), 0.1990670 secs]
176292.328: [GC 2308994K->2210360K(2491648K), 0.1599840 secs]
176337.356: [GC 2339192K->2258578K(2495232K), 0.1738960 secs]
176337.530: [Full GC 2258578K->1433040K(2495232K), 2.0775160 secs]
176351.631: [GC 1568208K->1453749K(2494592K), 0.0874010 secs]
176385.645: [GC 1569528K->1494027K(2497984K), 0.0863190 secs]
176390.692: [GC 1634761K->1514180K(2497536K), 0.1276710 secs]
176418.727: [GC 1654911K->1532935K(2500992K), 0.0932500 secs]
176475.006: [GC 1678471K->1553584K(2500224K), 0.0954710 secs]
176514.221: [GC 1699119K->1612168K(2502912K), 0.1283570 secs]
176579.463: [GC 1746294K->1651536K(2502144K), 0.1153210 secs]
176612.809: [GC 1793721K->1730334K(2493440K), 0.1211050 secs]
176676.743: [GC 1858769K->1750157K(2447616K), 0.0955160 secs]
176710.244: [GC 1884309K->1789577K(2489664K), 0.1769080 secs]
176775.317: [GC 1915340K->1809292K(2477824K), 0.1467100 secs]
176808.602: [GC 1935549K->1848634K(2469120K), 0.1670440 secs]
176839.765: [GC 1949813K->1888090K(2466624K), 0.1884980 secs]
176870.790: [GC 1981950K->1888152K(2477056K), 0.1464690 secs]
176905.314: [GC 1980262K->1915355K(2448512K), 0.1131470 secs]
176939.681: [GC 2003298K->1947275K(2476096K), 0.1077870 secs]
176975.011: [GC 2041867K->1994721K(2408960K), 0.1290110 secs]
177008.366: [GC 2081852K->2021706K(2472896K), 0.0852660 secs]
177041.868: [GC 2115722K->2026453K(2420352K), 0.1225440 secs]
177092.972: [GC 2120149K->2045848K(2469312K), 0.1125450 secs]
177139.986: [GC 2138112K->2066756K(2469888K), 0.1382160 secs]
177163.119: [GC 2159235K->2107012K(2473600K), 0.1552200 secs]
177172.970: [GC 2199172K->2155701K(2473920K), 0.1365260 secs]
177179.294: [GC 2247858K->2226287K(2474944K), 0.1342340 secs]
177179.428: [Full GC 2226287K->933332K(2338624K), 1.6823290 secs]
177207.697: [GC 1024001K->953511K(2339584K), 0.0629860 secs]
177240.067: [GC 1048167K->973619K(2340224K), 0.0941870 secs]
177276.659: [GC 1068915K->993357K(2265472K), 0.0447660 secs]
177308.038: [GC 1086758K->1033747K(2334144K), 0.0807260 secs]
177339.655: [GC 1122019K->1072389K(2264896K), 0.1036520 secs]
177375.651: [GC 1158706K->1111690K(2327680K), 0.0925540 secs]
177413.189: [GC 1199673K->1131447K(2264064K), 0.0836640 secs]
177446.617: [GC 1225143K->1170867K(2322560K), 0.1120980 secs]
177468.331: [GC 1259571K->1190406K(2327232K), 0.0886080 secs]
177521.216: [GC 1278790K->1210345K(2330112K), 0.1810050 secs]
177542.856: [GC 1298409K->1229908K(2331648K), 0.0985790 secs]
177555.089: [GC 1317652K->1269590K(2323200K), 0.1377220 secs]
177590.934: [GC 1353261K->1336087K(2265024K), 0.1163240 secs]
177627.352: [GC 1419116K->1375469K(2320512K), 0.1391730 secs]
177665.385: [GC 1455920K->1367983K(2256896K), 0.0961580 secs]
177698.921: [GC 1449950K->1387670K(2318144K), 0.0814660 secs]
177731.780: [GC 1473933K->1427124K(2319616K), 0.0918850 secs]
177765.949: [GC 1513132K->1427100K(2320640K), 0.0989850 secs]
177798.096: [GC 1500490K->1427276K(2323136K), 0.1191910 secs]
177827.981: [GC 1507072K->1446898K(2321792K), 0.1606870 secs]
177860.256: [GC 1525754K->1487303K(2290240K), 0.1798910 secs]
177869.692: [GC 1566727K->1525403K(2324864K), 0.1145500 secs]
177893.178: [GC 1604827K->1545490K(2324864K), 0.1582810 secs]
177929.243: [GC 1624914K->1604736K(2333952K), 0.1602790 secs]
177983.908: [GC 1693152K->1643756K(2258624K), 0.0854250 secs]
178018.445: [GC 1732268K->1663475K(2333312K), 0.1097390 secs]
178035.526: [GC 1751667K->1683608K(2258368K), 0.0982100 secs]
178065.568: [GC 1767795K->1730370K(2330496K), 0.1078930 secs]
178096.671: [GC 1817922K->1742705K(2257728K), 0.0909160 secs]
178124.891: [GC 1829937K->1762432K(2323072K), 0.1111330 secs]
178156.575: [GC 1848741K->1782177K(2256960K), 0.1142670 secs]
178192.459: [GC 1867539K->1801900K(2316480K), 0.0875730 secs]
178228.770: [GC 1887042K->1822063K(2276544K), 0.1364480 secs]
178261.663: [GC 1908142K->1841989K(2312064K), 0.1094560 secs]
178294.564: [GC 1922816K->1861616K(2317056K), 0.1151130 secs]
178326.090: [GC 1932353K->1881363K(2318720K), 0.1420130 secs]
178358.778: [GC 1961683K->1920750K(2270208K), 0.1650660 secs]
178393.137: [GC 2000814K->1940341K(2307264K), 0.1409600 secs]
178409.570: [GC 2020149K->1979523K(2311872K), 0.1116950 secs]
178431.107: [GC 2053455K->2007050K(2319104K), 0.1275310 secs]
178463.171: [GC 2083652K->2019296K(2246784K), 0.1463840 secs]
178495.092: [GC 2076847K->2038973K(2321472K), 0.0951500 secs]
178526.089: [GC 2115197K->2058712K(2246400K), 0.1081510 secs]
178534.426: [GC 2134744K->2097854K(2315392K), 0.0873190 secs]
178534.513: [Full GC 2097854K->1062955K(2362048K), 1.7359960 secs]
178560.583: [GC 1137215K->1110373K(2319872K), 0.1136080 secs]
178592.769: [GC 1176964K->1083308K(2362624K), 0.0782380 secs]
178622.268: [GC 1157174K->1122340K(2310976K), 0.0581690 secs]
178626.755: [GC 1196310K->1149840K(2360128K), 0.0713830 secs]
178658.094: [GC 1224910K->1162083K(2291904K), 0.0828350 secs]
178688.362: [GC 1236958K->1181804K(2350784K), 0.0993120 secs]
178719.871: [GC 1245098K->1181834K(2353600K), 0.0717410 secs]
178750.637: [GC 1256330K->1221310K(2350912K), 0.1008300 secs]
178756.688: [GC 1295614K->1220914K(2290752K), 0.0863830 secs]
178784.051: [GC 1295026K->1241027K(2341760K), 0.0996500 secs]
178814.488: [GC 1314947K->1260818K(2271168K), 0.1295420 secs]
178816.074: [GC 1334546K->1280589K(2349312K), 0.0603130 secs]
178847.307: [GC 1357434K->1320175K(2345280K), 0.0982270 secs]
178877.713: [GC 1397926K->1340222K(2345216K), 0.1021680 secs]
178909.499: [GC 1414537K->1340255K(2349376K), 0.0481690 secs]
178941.651: [GC 1429407K->1379697K(2341696K), 0.0858490 secs]
178976.465: [GC 1468529K->1379549K(2305408K), 0.0952260 secs]
178997.257: [GC 1468061K->1399064K(2340416K), 0.0809160 secs]
179031.056: [GC 1487256K->1418983K(2304768K), 0.0915690 secs]
179041.473: [GC 1502353K->1466169K(2334784K), 0.1241850 secs]
179073.270: [GC 1543538K->1458657K(2298816K), 0.0863190 secs]
179106.829: [GC 1522697K->1478540K(2336896K), 0.0981320 secs]
179137.687: [GC 1559692K->1498343K(2298112K), 0.0669620 secs]
179166.601: [GC 1579239K->1517633K(2327296K), 0.0884530 secs]
179170.028: [GC 1598270K->1557595K(2330560K), 0.0862130 secs]
179201.105: [GC 1638229K->1577348K(2332672K), 0.0593310 secs]
179236.099: [GC 1668987K->1597038K(2308416K), 0.0694080 secs]
179268.510: [GC 1688360K->1616779K(2328320K), 0.0694770 secs]
179301.274: [GC 1707785K->1636524K(2307776K), 0.1350330 secs]
179331.538: [GC 1727209K->1658308K(2327296K), 0.0887490 secs]
179356.016: [GC 1747779K->1682038K(2312064K), 0.0792780 secs]
179367.310: [GC 1771194K->1734255K(2325952K), 0.1065270 secs]
179382.239: [GC 1820467K->1733766K(2289600K), 0.0934030 secs]
179402.659: [GC 1806715K->1740349K(2326976K), 0.0832020 secs]
179416.996: [GC 1826429K->1779635K(2327296K), 0.0812690 secs]
179441.003: [GC 1865391K->1780111K(2326080K), 0.0738910 secs]
179446.344: [GC 1863155K->1796565K(2329344K), 0.0725960 secs]
179447.849: [GC 1882005K->1808851K(2339968K), 0.0676250 secs]
179471.767: [GC 1906963K->1807411K(2338816K), 0.0740640 secs]
179472.171: [GC 1905523K->1807385K(2354048K), 0.0588930 secs]
179473.468: [GC 1920665K->1818468K(2354496K), 0.0486110 secs]
179473.978: [GC 1931748K->1818662K(2373696K), 0.0458930 secs]
179474.664: [GC 1953123K->1838275K(2373632K), 0.0858880 secs]
179507.177: [GC 1972739K->1878261K(2392000K), 0.1238630 secs]
179555.707: [GC 2029476K->1897682K(2398656K), 0.0849770 secs]
179556.397: [GC 2051218K->1902186K(2424640K), 0.0630490 secs]
179557.677: [GC 2084650K->1913032K(2424832K), 0.0664400 secs]
179570.099: [GC 2095490K->1948313K(2426624K), 0.1610700 secs]
179605.484: [GC 2134617K->1968545K(2432896K), 0.1148580 secs]
179668.683: [GC 2154845K->2008093K(2424768K), 0.0958570 secs]
179728.048: [GC 2188509K->2027727K(2429952K), 0.0879980 secs]
179763.207: [GC 2190248K->2049712K(2423424K), 0.1024710 secs]
179803.874: [GC 2233264K->2106929K(2427712K), 0.1151730 secs]
179854.443: [GC 2275781K->2127028K(2432832K), 0.1361990 secs]
179887.995: [GC 2298139K->2147188K(2402624K), 0.0975720 secs]
179924.335: [GC 2332148K->2206553K(2424896K), 0.2243280 secs]
179924.559: [Full GC 2206553K->1032040K(2369088K), 1.7021120 secs]
179994.525: [GC 1213352K->1052859K(2341888K), 0.0777100 secs]
180030.799: [GC 1227784K->1092071K(2366208K), 0.0809300 secs]
180084.653: [GC 1268391K->1111624K(2336448K), 0.0883840 secs]
180131.301: [GC 1286727K->1151466K(2363648K), 0.1095490 secs]
180167.147: [GC 1323434K->1170790K(2331776K), 0.0746000 secs]
180226.338: [GC 1341542K->1190841K(2358272K), 0.0750050 secs]
180261.836: [GC 1360437K->1230477K(2359936K), 0.0825190 secs]
180296.546: [GC 1398925K->1250480K(2357312K), 0.1048650 secs]
180352.157: [GC 1417776K->1269875K(2327488K), 0.0748930 secs]
180386.464: [GC 1436019K->1290118K(2354368K), 0.0849680 secs]
180420.010: [GC 1444431K->1309633K(2356352K), 0.0964870 secs]
180451.963: [GC 1471615K->1368690K(2356928K), 0.1328890 secs]
180490.489: [GC 1528946K->1368426K(2357632K), 0.0793560 secs]
180545.480: [GC 1527658K->1388913K(2357632K), 0.1085460 secs]
180580.078: [GC 1547121K->1428096K(2338688K), 0.1294400 secs]
180612.648: [GC 1583471K->1462963K(2352256K), 0.1086650 secs]
180717.170: [GC 1614323K->1447751K(2331840K), 0.0893650 secs]
180816.818: [GC 1598151K->1448343K(2352512K), 0.0819970 secs]
180967.244: [GC 1597847K->1448367K(2330624K), 0.0951700 secs]
181104.074: [GC 1596975K->1448831K(2349184K), 0.0860920 secs]
181205.370: [GC 1596543K->1449119K(2329600K), 0.0931980 secs]
181260.840: [GC 1595927K->1524086K(2343104K), 0.1404530 secs]
181363.442: [GC 1664822K->1524340K(2348352K), 0.1149790 secs]
181509.071: [GC 1664244K->1524660K(2346496K), 0.1462430 secs]
181548.520: [GC 1657716K->1525140K(2334784K), 0.1344390 secs]
181589.740: [GC 1657492K->1525580K(2341952K), 0.1196630 secs]
181632.545: [GC 1646860K->1525485K(2323456K), 0.1083500 secs]
181663.097: [GC 1646189K->1526284K(2339584K), 0.1369390 secs]
181720.069: [GC 1640652K->1526140K(2316992K), 0.1015230 secs]
181736.100: [GC 1639996K->1526144K(2339200K), 0.1401530 secs]
181766.220: [GC 1637696K->1545952K(2294400K), 0.1552040 secs]
181803.009: [GC 1656992K->1545783K(2332672K), 0.1051300 secs]
181835.125: [GC 1656311K->1545930K(2292736K), 0.1164390 secs]
181875.174: [GC 1655946K->1582965K(2328000K), 0.1246620 secs]
181917.010: [GC 1688309K->1582714K(2332224K), 0.0698740 secs]
181947.189: [GC 1687610K->1582916K(2333696K), 0.0499730 secs]
181966.129: [GC 1686212K->1582812K(2334848K), 0.0490350 secs]
181983.801: [GC 1685660K->1584435K(2332928K), 0.0445040 secs]
182029.354: [GC 1686835K->1583623K(2245056K), 0.0951960 secs]
182077.244: [GC 1685575K->1583527K(2327872K), 0.0845200 secs]
182094.816: [GC 1685031K->1583599K(2244160K), 0.0767300 secs]
182153.567: [GC 1684655K->1583693K(2321088K), 0.0740980 secs]
182202.380: [GC 1684365K->1583829K(2243456K), 0.0750730 secs]
182229.813: [GC 1684117K->1583893K(2313472K), 0.0590810 secs]
182260.957: [GC 1683797K->1584109K(2242944K), 0.0754790 secs]
182286.636: [GC 1683629K->1584109K(2305536K), 0.0564340 secs]
182321.044: [GC 1683245K->1584190K(2242240K), 0.0582450 secs]
182344.230: [GC 1682942K->1584077K(2297920K), 0.0529090 secs]
182359.709: [GC 1682445K->1584358K(2241472K), 0.0635270 secs]
182386.086: [GC 1682342K->1584302K(2290688K), 0.0655850 secs]
182421.503: [GC 1681902K->1584662K(2240704K), 0.1058740 secs]
182463.635: [GC 1681878K->1584870K(2283648K), 0.0662220 secs]
182486.976: [GC 1681702K->1584824K(2239808K), 0.0557080 secs]
182514.499: [GC 1681272K->1584720K(2277440K), 0.0624840 secs]
182530.735: [GC 1680784K->1584644K(2238656K), 0.0567020 secs]
182574.447: [GC 1680324K->1584966K(2271680K), 0.0539610 secs]
182615.159: [GC 1680262K->1585078K(2238080K), 0.0631490 secs]
182651.969: [GC 1679990K->1585298K(2266304K), 0.0923720 secs]
182687.443: [GC 1679826K->1585471K(2237440K), 0.0777970 secs]
182720.469: [GC 1679615K->1585433K(2261632K), 0.0519020 secs]
182782.253: [GC 1679193K->1585593K(2236480K), 0.0474900 secs]
182823.054: [GC 1678969K->1585609K(2257344K), 0.0886270 secs]
182853.646: [GC 1678601K->1585757K(2235840K), 0.0760270 secs]
182877.904: [GC 1678429K->1585815K(2253632K), 0.0586670 secs]
182922.795: [GC 1678167K->1586087K(2235392K), 0.0470910 secs]
182971.360: [GC 1678119K->1586359K(2250112K), 0.0717640 secs]
182990.430: [GC 1678071K->1586459K(2234944K), 0.0519990 secs]
183020.918: [GC 1677851K->1586375K(2247168K), 0.1008960 secs]
183060.098: [GC 1677447K->1586511K(2234176K), 0.0537020 secs]
183083.942: [GC 1677263K->1586537K(2244544K), 0.0898230 secs]
183112.407: [GC 1676969K->1586587K(2233344K), 0.0544470 secs]
183153.310: [GC 1676277K->1586527K(2242304K), 0.0765460 secs]
183176.013: [GC 1676319K->1586943K(2232960K), 0.0785930 secs]
183199.628: [GC 1676415K->1586751K(2240192K), 0.0534700 secs]
183244.782: [GC 1675903K->1586979K(2232128K), 0.0762210 secs]
183266.944: [GC 1675811K->1587215K(2238272K), 0.0776750 secs]
183300.416: [GC 1675727K->1587068K(2231104K), 0.0649050 secs]
183326.964: [GC 1675260K->1587116K(2236672K), 0.0470980 secs]
183353.322: [GC 1674988K->1587386K(2230528K), 0.0592600 secs]
183370.899: [GC 1674938K->1587322K(2235200K), 0.0822700 secs]
183400.236: [GC 1674554K->1587586K(2229824K), 0.0757540 secs]
183463.506: [GC 1674498K->1587266K(2233920K), 0.0854070 secs]
183526.270: [GC 1628454K->1587114K(2228992K), 0.0804010 secs]
183526.350: [Full GC 1587114K->90108K(2228992K), 0.8849990 secs]
183561.794: [GC 176700K->90788K(2233216K), 0.0186740 secs]
183637.157: [GC 177060K->90724K(2227648K), 0.0263400 secs]
183688.301: [GC 176676K->90532K(2232192K), 0.0222100 secs]
183733.548: [GC 176164K->90644K(2226944K), 0.0247710 secs]
183791.196: [GC 175956K->90980K(2230976K), 0.0169110 secs]
183867.934: [GC 175972K->91140K(2226816K), 0.0191430 secs]
183920.061: [GC 175812K->91324K(2229760K), 0.0226840 secs]
184011.494: [GC 175740K->91724K(2226880K), 0.0197680 secs]
184049.102: [GC 175884K->91812K(2228800K), 0.0215940 secs]
184101.410: [GC 175716K->92276K(2226880K), 0.0228550 secs]
184158.454: [GC 175924K->92212K(2228416K), 0.0294780 secs]
184223.673: [GC 175604K->91972K(2226112K), 0.0207550 secs]
184254.022: [GC 175108K->92460K(2227776K), 0.0312740 secs]
184322.744: [GC 175340K->92364K(2225984K), 0.0296940 secs]
184373.994: [GC 174988K->92285K(2227136K), 0.0194810 secs]
184444.888: [GC 174653K->92429K(2225472K), 0.0257330 secs]
184499.641: [GC 174541K->92633K(2226624K), 0.0218150 secs]
184538.922: [GC 174489K->92545K(2225024K), 0.0215350 secs]
184597.646: [GC 174145K->92757K(2226176K), 0.0273740 secs]
184652.511: [GC 174101K->93113K(2225024K), 0.0318850 secs]
184683.396: [GC 174201K->92919K(2225536K), 0.0269150 secs]
184725.173: [GC 173751K->92871K(2224000K), 0.0206260 secs]
184788.371: [GC 173447K->93141K(2224640K), 0.0227250 secs]
184835.980: [GC 173461K->93509K(2223680K), 0.0226880 secs]
184921.449: [GC 173573K->93269K(2224064K), 0.0113710 secs]
184986.720: [GC 173077K->93782K(2223104K), 0.0198610 secs]
185078.848: [GC 173334K->93886K(2223680K), 0.0208420 secs]
185133.476: [GC 173182K->93925K(2222592K), 0.0193970 secs]
185206.568: [GC 172965K->93753K(2222848K), 0.0349780 secs]
185292.028: [GC 172537K->93733K(2221696K), 0.0249590 secs]
185361.831: [GC 172261K->93851K(2222272K), 0.0223010 secs]
185423.951: [GC 172123K->93911K(2221184K), 0.0219960 secs]
185457.430: [GC 171927K->94047K(2221504K), 0.0233090 secs]
185515.570: [GC 171807K->94338K(2220608K), 0.0228200 secs]
185566.194: [GC 171842K->94478K(2221056K), 0.0194550 secs]
185642.234: [GC 171726K->94934K(2220544K), 0.0232150 secs]
185663.048: [GC 171926K->95010K(2220544K), 0.0190330 secs]
185746.444: [GC 171746K->95070K(2219904K), 0.0235470 secs]
185822.118: [GC 171550K->95250K(2220032K), 0.0289470 secs]
185930.959: [GC 171474K->95374K(2219520K), 0.0189670 secs]
186011.102: [GC 171342K->95538K(2219648K), 0.0254640 secs]
186120.529: [GC 171250K->95695K(2219200K), 0.0190040 secs]
186225.665: [GC 171151K->95741K(2219264K), 0.0226070 secs]
186347.171: [GC 171005K->95733K(2218688K), 0.0171460 secs]
186420.673: [GC 170805K->96085K(2219008K), 0.0244280 secs]
186476.039: [GC 170965K->96185K(2218624K), 0.0286460 secs]
186511.100: [GC 170873K->96493K(2218816K), 0.0281990 secs]
186573.633: [GC 170989K->96339K(2218176K), 0.0244750 secs]
186646.534: [GC 170643K->96481K(2218432K), 0.0254620 secs]
186707.623: [GC 170593K->96473K(2217536K), 0.0272460 secs]
186811.363: [GC 170393K->96641K(2217792K), 0.0272070 secs]
186827.444: [GC 170369K->96856K(2217280K), 0.0255350 secs]
186878.009: [GC 170392K->97036K(2217344K), 0.0306720 secs]
186989.261: [GC 170380K->96764K(2216576K), 0.0286760 secs]
187055.519: [GC 169916K->96980K(2216896K), 0.0209140 secs]
187127.249: [GC 132761K->97030K(2217152K), 0.0300630 secs]
187127.279: [Full GC 97030K->85652K(2217152K), 0.8502390 secs]
187202.012: [GC 158612K->86508K(2216960K), 0.0187610 secs]
187294.590: [GC 159276K->86789K(2214784K), 0.0205650 secs]
187438.190: [GC 159365K->86941K(2216832K), 0.0205990 secs]
187608.687: [GC 159325K->86917K(2214528K), 0.0241000 secs]
187686.465: [GC 159109K->87181K(2216256K), 0.0456930 secs]
187792.175: [GC 159181K->87021K(2214272K), 0.0258320 secs]
187917.642: [GC 158829K->87261K(2215680K), 0.0194200 secs]
188008.639: [GC 158877K->87341K(2214208K), 0.0244210 secs]
188130.712: [GC 158765K->88349K(2215552K), 0.0208380 secs]
188295.804: [GC 159581K->88622K(2215488K), 0.0180690 secs]
188387.973: [GC 159662K->88902K(2215488K), 0.0210930 secs]
188436.771: [GC 159686K->88862K(2215552K), 0.0223200 secs]
188559.063: [GC 159454K->88766K(2215552K), 0.0197010 secs]
188615.911: [GC 159166K->88750K(2214400K), 0.0718850 secs]
188651.612: [GC 158958K->88718K(2215232K), 0.0210450 secs]
188759.989: [GC 158734K->88938K(2213952K), 0.0791830 secs]
188884.353: [GC 158762K->88868K(2214656K), 0.0302700 secs]
189108.493: [GC 158500K->90157K(2214784K), 0.0192790 secs]
189297.892: [GC 159597K->90657K(2214784K), 0.0311440 secs]
189422.887: [GC 159713K->90609K(2214976K), 0.0257120 secs]
189527.377: [GC 159473K->91105K(2214912K), 0.0299800 secs]
189646.524: [GC 159585K->91205K(2215104K), 0.0144740 secs]
189850.671: [GC 159493K->91333K(2215104K), 0.0260520 secs]
190048.886: [GC 159301K->91583K(2213568K), 0.0330980 secs]
190294.307: [GC 159359K->91471K(2214976K), 0.0314700 secs]
190370.101: [GC 159055K->91651K(2212928K), 0.0271800 secs]
190473.029: [GC 159043K->91971K(2214720K), 0.0291790 secs]
190639.616: [GC 159171K->92028K(2212928K), 0.0235120 secs]
190728.149: [GC 119785K->91788K(2214656K), 0.0298950 secs]
190728.179: [Full GC 91788K->91512K(2214656K), 0.8375670 secs]
190854.848: [GC 158520K->92512K(2214528K), 0.0135060 secs]
190995.715: [GC 159328K->93057K(2214528K), 0.0153960 secs]
191051.721: [GC 159681K->93025K(2209024K), 0.0141880 secs]
191162.893: [GC 159457K->93433K(2213824K), 0.0134960 secs]
191303.154: [GC 159666K->93625K(2209280K), 0.0265040 secs]
191314.190: [GC 159673K->93865K(2212864K), 0.0205600 secs]
191423.421: [GC 159721K->94282K(2209536K), 0.0228840 secs]
191564.589: [GC 159946K->94130K(2212032K), 0.0228300 secs]
191648.950: [GC 159602K->94490K(2209344K), 0.0225120 secs]
191853.543: [GC 158960K->94650K(2211136K), 0.0295640 secs]
191980.083: [GC 159738K->95458K(2211392K), 0.0286730 secs]
192150.105: [GC 160418K->95234K(2211264K), 0.0301240 secs]
192252.133: [GC 160066K->95450K(2209728K), 0.0209760 secs]
192440.495: [GC 160154K->95778K(2211136K), 0.0215470 secs]
192691.978: [GC 160290K->96098K(2211200K), 0.0271940 secs]
192908.736: [GC 160482K->96141K(2211264K), 0.0289260 secs]
193170.183: [GC 160397K->96557K(2211264K), 0.0323360 secs]
193350.004: [GC 160685K->96261K(2211008K), 0.0207590 secs]
193494.870: [GC 160261K->96269K(2209152K), 0.0241610 secs]
193559.406: [GC 159690K->96333K(2210624K), 0.0288070 secs]
193683.393: [GC 160077K->96527K(2209024K), 0.0139050 secs]
193809.770: [GC 160143K->96578K(2210240K), 0.0249790 secs]
193817.198: [GC 160064K->151702K(2208256K), 0.0861520 secs]
193874.698: [GC 215060K->152200K(2209536K), 0.0262670 secs]
193902.517: [GC 215422K->207250K(2207424K), 0.0864070 secs]
193967.095: [GC 270354K->207432K(2209280K), 0.0286130 secs]
193970.146: [GC 270408K->262704K(2206912K), 0.0489500 secs]
194046.426: [GC 325149K->262784K(2209088K), 0.0275580 secs]
194047.039: [GC 318240K->290432K(2209216K), 0.0641880 secs]
194122.908: [GC 353152K->290666K(2220032K), 0.0218090 secs]
194193.848: [GC 364458K->291143K(2220352K), 0.0226490 secs]
194269.389: [GC 364935K->291241K(2231744K), 0.0311140 secs]
194329.029: [GC 360032K->290957K(2232320K), 0.0306760 secs]
194329.060: [Full GC 290957K->207413K(2232320K), 0.9056030 secs]
194380.152: [GC 293173K->207752K(2232256K), 0.0188420 secs]
194413.346: [GC 293384K->208317K(2227328K), 0.0240930 secs]
194470.364: [GC 293629K->207957K(2231424K), 0.0264310 secs]
194507.381: [GC 292949K->207949K(2226304K), 0.0190670 secs]
194597.576: [GC 292621K->208509K(2230464K), 0.0239150 secs]
194670.912: [GC 292925K->208202K(2225792K), 0.0284460 secs]
194729.067: [GC 292362K->208514K(2229760K), 0.0227440 secs]
194783.452: [GC 292418K->208538K(2225600K), 0.0178620 secs]
194832.780: [GC 292186K->208925K(2228608K), 0.0304880 secs]
194882.997: [GC 292317K->208885K(2225472K), 0.0240110 secs]
194952.261: [GC 292021K->209037K(2227584K), 0.0297190 secs]
195004.335: [GC 291917K->209301K(2225344K), 0.0253010 secs]
195128.321: [GC 291925K->209661K(2227008K), 0.0220060 secs]
195229.853: [GC 292029K->210382K(2225920K), 0.0194740 secs]
195323.140: [GC 292494K->210406K(2227008K), 0.0225110 secs]
195421.542: [GC 289407K->210645K(2225664K), 0.0300210 secs]
195422.521: [GC 289671K->249868K(2226944K), 0.0570000 secs]
195436.011: [GC 331340K->285718K(2227072K), 0.0509510 secs]
195450.914: [GC 367190K->285970K(2238976K), 0.0383280 secs]
195452.566: [GC 378285K->325118K(2239616K), 0.0661640 secs]
195509.032: [GC 419134K->325626K(2253888K), 0.0410910 secs]
195634.486: [GC 435066K->326048K(2254720K), 0.0273860 secs]
195737.249: [GC 435488K->326203K(2269056K), 0.0251200 secs]
195795.095: [GC 451445K->405123K(2267264K), 0.0780490 secs]
195909.276: [GC 529731K->405503K(2267904K), 0.0474710 secs]
196056.242: [GC 525162K->410363K(2266176K), 0.0782950 secs]
196253.302: [GC 533691K->410873K(2266560K), 0.0353350 secs]
196438.710: [GC 533561K->410787K(2264384K), 0.0274250 secs]
196665.365: [GC 532835K->411756K(2265280K), 0.0626650 secs]
196892.167: [GC 533164K->412020K(2264384K), 0.0325500 secs]
197087.018: [GC 532431K->412092K(2264256K), 0.0315720 secs]
197362.281: [GC 532348K->413114K(2264256K), 0.0361600 secs]
197442.939: [GC 532070K->415482K(2263808K), 0.0205750 secs]
197540.207: [GC 534586K->419402K(2263104K), 0.0322250 secs]
197680.094: [GC 537930K->419715K(2263424K), 0.0323760 secs]
197916.598: [GC 537667K->419803K(2262336K), 0.0375510 secs]
197929.985: [GC 430746K->419467K(2263296K), 0.0170920 secs]
197930.002: [Full GC 419467K->149327K(2263296K), 0.8837970 secs]
198172.169: [GC 266575K->150159K(2258624K), 0.0159100 secs]
198491.497: [GC 266831K->150791K(2261632K), 0.0244580 secs]
198748.719: [GC 266887K->151111K(2258368K), 0.0227690 secs]
199016.973: [GC 266631K->151536K(2259904K), 0.0198110 secs]
199255.255: [GC 266480K->152064K(2258240K), 0.0194760 secs]
199432.677: [GC 266496K->152624K(2259264K), 0.0279270 secs]
199998.905: [GC 266544K->152776K(2257920K), 0.0131850 secs]
200263.560: [GC 266184K->155039K(2258368K), 0.0238490 secs]
200354.258: [GC 267487K->157793K(2258816K), 0.0351400 secs]
200735.874: [GC 268828K->159502K(2259072K), 0.0560610 secs]
201049.948: [GC 270286K->159398K(2259712K), 0.0380000 secs]
201530.899: [GC 264417K->159982K(2259648K), 0.0419230 secs]
201530.941: [Full GC 159982K->85258K(2259648K), 0.9128220 secs]
201836.622: [GC 194698K->86074K(2250816K), 0.0277780 secs]
202236.256: [GC 195002K->87291K(2258560K), 0.0238190 secs]
202588.686: [GC 195707K->88164K(2251968K), 0.0272220 secs]
